Diff for ./qemu-vexpress64/__internal/defconfig_log.txt
--- /tmp/fooa	2017-09-03 14:13:59.088104870 -0700
+++ /tmp/foob	2017-09-03 14:13:59.092104887 -0700
@@ -1,5 +1,5 @@
 Booting Linux on physical CPU 0x0
-Linux version 4.13.0-rc7-186788-gcc4a41f (jonathanh@kaivo) (gcc version 4.9.2 20140904 (prerelease) (crosstool-NG linaro-1.13.1-4.9-2014.09 - Linaro GCC 4.9-2014.09)) #1 SMP PREEMPT Sun Aug 27 17:40:18 PDT 2017
+Linux version 4.13.0-187049-g569dbb8 (jonathanh@kaivo) (gcc version 4.9.2 20140904 (prerelease) (crosstool-NG linaro-1.13.1-4.9-2014.09 - Linaro GCC 4.9-2014.09)) #1 SMP PREEMPT Sun Sep 3 14:10:21 PDT 2017
 Boot CPU: AArch64 Processor [411fd070]
 Machine model: linux,dummy-virt
 Memory limited to 1024MB
@@ -113,7 +113,7 @@
 hw perfevents: enabled with armv8_pmuv3 PMU driver, 1 counters available
 kvm [1]: HYP mode not available
 audit: initializing netlink subsys (disabled)
-audit: type=2000 audit(0.726:1): state=initialized audit_enabled=0 res=1
+audit: type=2000 audit(0.767:1): state=initialized audit_enabled=0 res=1
 workingset: timestamp_bits=44 max_order=18 bucket_order=0
 squashfs: version 4.0 (2009/01/31) Phillip Lougher
 NFS: Registering the id_resolver key type
@@ -179,7 +179,7 @@
 Key type dns_resolver registered
 registered taskstats version 1
 input: gpio-keys as /devices/platform/gpio-keys/input/input0
-rtc-pl031 9010000.pl031: setting system clock to 2017-08-28 07:47:34 UTC (1503906454)
+rtc-pl031 9010000.pl031: setting system clock to 2017-09-03 21:10:57 UTC (1504473057)
 ALSA device list:
   No soundcards found.
 uart-pl011 9000000.pl011: no DMA platform data
Diff for ./tegra114-dalmore-a04/tegra114-dalmore/multi_v7_defconfig_log.txt
--- /tmp/fooa	2017-09-03 14:13:59.112104975 -0700
+++ /tmp/foob	2017-09-03 14:13:59.112104975 -0700
@@ -42,18 +42,18 @@
 	 ###########################
 	 2.9 MiB/s
 done
-Bytes transferred = 8018352 (7a59b0 hex)
+Bytes transferred = 8018496 (7a5a40 hex)
 Tegra114 (Dalmore) # tftpboot 0x82000000 tegra114-dalmore.dtb
 Using asx0 device
 TFTP from server 192.168.100.1; our IP address is 192.168.100.100
 Filename 'tegra114-dalmore.dtb'.
 Load address: 0x82000000
 Loading: *###
-	 3 MiB/s
+	 2.8 MiB/s
 done
 Bytes transferred = 35044 (88e4 hex)
 Tegra114 (Dalmore) # bootz 0x81000000 - 0x82000000
-Kernel image @ 0x81000000 [ 0x000000 - 0x7a59b0 ]
+Kernel image @ 0x81000000 [ 0x000000 - 0x7a5a40 ]
 ## Flattened Device Tree blob at 82000000
    Booting using the fdt blob at 0x82000000
    Loading Device Tree to 8fff4000, end 8ffff8e3 ... OK
@@ -61,7 +61,7 @@
 Starting kernel ...
 
 Booting Linux on physical CPU 0x0
-Linux version 4.13.0-rc7-186788-gcc4a41f (jonathanh@sellafield) (gcc version 4.7.3 20130328 (prerelease) (crosstool-NG linaro-1.13.1-4.7-2013.04-20130415 - Linaro GCC 2013.04)) #1 SMP Sun Aug 27 17:36:32 PDT 2017
+Linux version 4.13.0-187049-g569dbb8 (jonathanh@sellafield) (gcc version 4.7.3 20130328 (prerelease) (crosstool-NG linaro-1.13.1-4.7-2013.04-20130415 - Linaro GCC 2013.04)) #1 SMP Sun Sep 3 14:06:13 PDT 2017
 CPU: ARMv7 Processor [412fc0f2] revision 2 (ARMv7), cr=10c5387d
 CPU: div instructions available: patching division code
 CPU: PIPT / VIPT nonaliasing data cache, PIPT instruction cache
@@ -336,7 +336,7 @@
 hub 1-0:1.0: USB hub found
 hub 1-0:1.0: 1 port detected
 input: gpio-keys as /devices/soc0/gpio-keys/input/input0
-palmas-rtc 7000d000.i2c:tps65913@58:rtc: setting system clock to 2000-01-19 07:31:05 UTC (948267065)
+palmas-rtc 7000d000.i2c:tps65913@58:rtc: setting system clock to 2000-01-26 04:01:29 UTC (948859289)
 dvdd_ts: disabling
 usb1_vbus: disabling
 vdd_cam_1v8_reg: disabling
@@ -348,4 +348,4 @@
 Freeing unused kernel memory: 2048K
 bash: cannot set terminal process group (-1): Inappropriate ioctl for device
 bash: no job control in this shell
-root@(none):/# [    2.609142] usb 1-1: new high-speed USB device number 2 using tegra-ehci
+root@(none):/# [    2.589189] usb 1-1: new high-speed USB device number 2 using tegra-ehci
Diff for ./tegra114-dalmore-a04/tegra114-dalmore/tegra_defconfig_log.txt
--- /tmp/fooa	2017-09-03 14:13:59.124105028 -0700
+++ /tmp/foob	2017-09-03 14:13:59.128105045 -0700
@@ -38,20 +38,20 @@
 	 #################################################################
 	 #################################################################
 	 #############################
-	 2.9 MiB/s
+	 2.8 MiB/s
 done
-Bytes transferred = 6147368 (5dcd28 hex)
+Bytes transferred = 6147840 (5dcf00 hex)
 Tegra114 (Dalmore) # tftpboot 0x82000000 tegra114-dalmore.dtb
 Using asx0 device
 TFTP from server 192.168.100.1; our IP address is 192.168.100.100
 Filename 'tegra114-dalmore.dtb'.
 Load address: 0x82000000
 Loading: *###
-	 2.6 MiB/s
+	 2.8 MiB/s
 done
 Bytes transferred = 35044 (88e4 hex)
 Tegra114 (Dalmore) # bootz 0x81000000 - 0x82000000
-Kernel image @ 0x81000000 [ 0x000000 - 0x5dcd28 ]
+Kernel image @ 0x81000000 [ 0x000000 - 0x5dcf00 ]
 ## Flattened Device Tree blob at 82000000
    Booting using the fdt blob at 0x82000000
    Loading Device Tree to 8fff4000, end 8ffff8e3 ... OK
@@ -60,7 +60,7 @@
 
 Uncompressing Linux... done, booting the kernel.
 Booting Linux on physical CPU 0x0
-Linux version 4.13.0-rc7-186788-gcc4a41f (jonathanh@kaivo) (gcc version 4.7.3 20130328 (prerelease) (crosstool-NG linaro-1.13.1-4.7-2013.04-20130415 - Linaro GCC 2013.04)) #1 SMP PREEMPT Sun Aug 27 17:35:45 PDT 2017
+Linux version 4.13.0-187049-g569dbb8 (jonathanh@kaivo) (gcc version 4.7.3 20130328 (prerelease) (crosstool-NG linaro-1.13.1-4.7-2013.04-20130415 - Linaro GCC 2013.04)) #1 SMP PREEMPT Sun Sep 3 14:05:53 PDT 2017
 CPU: ARMv7 Processor [412fc0f2] revision 2 (ARMv7), cr=10c5387d
 CPU: div instructions available: patching division code
 CPU: PIPT / VIPT nonaliasing data cache, PIPT instruction cache
@@ -327,7 +327,7 @@
 hub 1-0:1.0: USB hub found
 hub 1-0:1.0: 1 port detected
 input: gpio-keys as /devices/soc0/gpio-keys/input/input1
-palmas-rtc 7000d000.i2c:tps65913@58:rtc: setting system clock to 2000-01-19 07:28:24 UTC (948266904)
+palmas-rtc 7000d000.i2c:tps65913@58:rtc: setting system clock to 2000-01-26 03:58:48 UTC (948859128)
 dvdd_ts: disabling
 usb1_vbus: disabling
 vdd_cam_1v8_reg: disabling
@@ -341,5 +341,4 @@
 Freeing unused kernel memory: 1024K
 bash: cannot set terminal process group (-1): Inappropriate ioctl for device
 bash: no job control in this shell
-root@(none):/# [    2.827687] usb 1-1: new high-speed USB device number 2 using tegra-ehci
-asix 1-1:1.0 eth0: register 'asix' at usb-7d008000.usb-1, ASIX AX88772 USB 2.0 Ethernet, 00:50:b6:0d:b5:16
+root@(none):/# 
\ No newline at end of file
Diff for ./tegra124-jetson-tk1/tegra124-jetson-tk1/multi_v7_defconfig_log.txt
--- /tmp/fooa	2017-09-03 14:13:59.140105096 -0700
+++ /tmp/foob	2017-09-03 14:13:59.144105114 -0700
@@ -35,20 +35,20 @@
 	 #################################################################
 	 #################################################################
 	 ###########################
-	 3.2 MiB/s
+	 3.4 MiB/s
 done
-Bytes transferred = 8018352 (7a59b0 hex)
+Bytes transferred = 8018496 (7a5a40 hex)
 Tegra124 (Jetson TK1) # tftpboot 0x83000000 tegra124-jetson-tk1.dtb
 Using eth_rtl8169 device
 TFTP from server 192.168.100.1; our IP address is 192.168.100.102
 Filename 'tegra124-jetson-tk1.dtb'.
 Load address: 0x83000000
 Loading: *#####
-	 3 MiB/s
+	 3.4 MiB/s
 done
 Bytes transferred = 67161 (10659 hex)
 Tegra124 (Jetson TK1) # bootz 0x82000000 - 0x83000000
-Kernel image @ 0x82000000 [ 0x000000 - 0x7a59b0 ]
+Kernel image @ 0x82000000 [ 0x000000 - 0x7a5a40 ]
 ## Flattened Device Tree blob at 83000000
    Booting using the fdt blob at 0x83000000
    Using Device Tree in place at 83000000, end 83013658
@@ -56,7 +56,7 @@
 Starting kernel ...
 
 Booting Linux on physical CPU 0x0
-Linux version 4.13.0-rc7-186788-gcc4a41f (jonathanh@sellafield) (gcc version 4.7.3 20130328 (prerelease) (crosstool-NG linaro-1.13.1-4.7-2013.04-20130415 - Linaro GCC 2013.04)) #1 SMP Sun Aug 27 17:36:32 PDT 2017
+Linux version 4.13.0-187049-g569dbb8 (jonathanh@sellafield) (gcc version 4.7.3 20130328 (prerelease) (crosstool-NG linaro-1.13.1-4.7-2013.04-20130415 - Linaro GCC 2013.04)) #1 SMP Sun Sep 3 14:06:13 PDT 2017
 CPU: ARMv7 Processor [413fc0f3] revision 3 (ARMv7), cr=10c5387d
 CPU: div instructions available: patching division code
 CPU: PIPT / VIPT nonaliasing data cache, PIPT instruction cache
@@ -338,20 +338,20 @@
 as3722-ldo7: supplied by +1.8V_VDDIO
 +1.05V_RUN_CAM_REAR: Bringing 0uV into 1050000-1050000uV
 as3722-ldo9: supplied by +5V_SYS
-+3.3V_RUN_TOUCH: Bringing 0uV into 2800000-2800000uV
-as3722-ldo10: supplied by +5V_SYS
-+2.8V_RUN_CAM_AF: Bringing 0uV into 2800000-2800000uV
-as3722-ldo11: supplied by +3.3V_RUN
-+1.8V_RUN_VPP_FUSE: Bringing 0uV into 1800000-1800000uV
 mmc0: new high speed MMC card at address 0001
 mmcblk0: mmc0:0001 SEM16G 14.7 GiB 
++3.3V_RUN_TOUCH: Bringing 0uV into 2800000-2800000uV
 mmcblk0boot0: mmc0:0001 SEM16G partition 1 4.00 MiB
+as3722-ldo10: supplied by +5V_SYS
 mmcblk0boot1: mmc0:0001 SEM16G partition 2 4.00 MiB
++2.8V_RUN_CAM_AF: Bringing 0uV into 2800000-2800000uV
 mmcblk0rpmb: mmc0:0001 SEM16G partition 3 4.00 MiB
+as3722-ldo11: supplied by +3.3V_RUN
++1.8V_RUN_VPP_FUSE: Bringing 0uV into 1800000-1800000uV
+ mmcblk0: p1
 tegra-ahci 70027000.sata: AHCI 0001.0301 32 slots 2 ports 3 Gbps 0x1 impl platform mode
 tegra-ahci 70027000.sata: flags: 64bit ncq sntf pm led pio slum part sadm sds apst 
 scsi host0: tegra-ahci
- mmcblk0: p1
 scsi host1: tegra-ahci
 ata1: SATA max UDMA/133 mmio [mem 0x70027000-0x70028fff] port 0x100 irq 345
 ata2: DUMMY
@@ -445,7 +445,7 @@
 cpufreq: cpufreq_online: CPU0: Running at unlisted freq: 696000 KHz
 cpufreq: cpufreq_online: CPU0: Unlisted initial frequency changed to: 714000 KHz
 input: gpio-keys as /devices/soc0/gpio-keys/input/input0
-as3722-rtc as3722-rtc: setting system clock to 2000-01-01 00:02:22 UTC (946684942)
+as3722-rtc as3722-rtc: setting system clock to 2000-01-01 00:02:30 UTC (946684950)
 +USB0_VBUS_SW: disabling
 +1.8V_RUN_CAM: disabling
 +2.8V_RUN_CAM: disabling
Diff for ./tegra124-jetson-tk1/tegra124-jetson-tk1/tegra_defconfig_log.txt
--- /tmp/fooa	2017-09-03 14:13:59.156105167 -0700
+++ /tmp/foob	2017-09-03 14:13:59.156105167 -0700
@@ -33,9 +33,9 @@
 	 #################################################################
 	 #################################################################
 	 #############################
-	 3.5 MiB/s
+	 3.6 MiB/s
 done
-Bytes transferred = 6147368 (5dcd28 hex)
+Bytes transferred = 6147840 (5dcf00 hex)
 Tegra124 (Jetson TK1) # tftpboot 0x83000000 tegra124-jetson-tk1.dtb
 Using eth_rtl8169 device
 TFTP from server 192.168.100.1; our IP address is 192.168.100.102
@@ -46,7 +46,7 @@
 done
 Bytes transferred = 67161 (10659 hex)
 Tegra124 (Jetson TK1) # bootz 0x82000000 - 0x83000000
-Kernel image @ 0x82000000 [ 0x000000 - 0x5dcd28 ]
+Kernel image @ 0x82000000 [ 0x000000 - 0x5dcf00 ]
 ## Flattened Device Tree blob at 83000000
    Booting using the fdt blob at 0x83000000
    Using Device Tree in place at 83000000, end 83013658
@@ -55,7 +55,7 @@
 
 Uncompressing Linux... done, booting the kernel.
 Booting Linux on physical CPU 0x0
-Linux version 4.13.0-rc7-186788-gcc4a41f (jonathanh@kaivo) (gcc version 4.7.3 20130328 (prerelease) (crosstool-NG linaro-1.13.1-4.7-2013.04-20130415 - Linaro GCC 2013.04)) #1 SMP PREEMPT Sun Aug 27 17:35:45 PDT 2017
+Linux version 4.13.0-187049-g569dbb8 (jonathanh@kaivo) (gcc version 4.7.3 20130328 (prerelease) (crosstool-NG linaro-1.13.1-4.7-2013.04-20130415 - Linaro GCC 2013.04)) #1 SMP PREEMPT Sun Sep 3 14:05:53 PDT 2017
 CPU: ARMv7 Processor [413fc0f3] revision 3 (ARMv7), cr=10c5387d
 CPU: div instructions available: patching division code
 CPU: PIPT / VIPT nonaliasing data cache, PIPT instruction cache
@@ -401,11 +401,11 @@
 pci 0000:01:00.0: [8086:4232] type 00 class 0x028000
 pci 0000:01:00.0: reg 0x10: [mem 0x00000000-0x00001fff 64bit]
 pci 0000:01:00.0: PME# supported from D0 D3hot D3cold
-mmc1: new high speed SDHC card at address aaaa
-mmcblk1: mmc1:aaaa SD04G 3.69 GiB 
 PCI: bus1: Fast back to back transfers disabled
 pci_bus 0000:01: busn_res: [bus 01-ff] end is updated to 01
 pci 0000:02:00.0: [10ec:8168] type 00 class 0x020000
+mmc1: new high speed SDHC card at address aaaa
+mmcblk1: mmc1:aaaa SD04G 3.69 GiB 
 pci 0000:02:00.0: reg 0x10: [io  0x0000-0x00ff]
 pci 0000:02:00.0: reg 0x18: [mem 0x00000000-0x00000fff 64bit]
 pci 0000:02:00.0: reg 0x20: [mem 0x00000000-0x00003fff 64bit pref]
@@ -449,7 +449,7 @@
 cpufreq: cpufreq_online: CPU0: Running at unlisted freq: 696000 KHz
 cpufreq: cpufreq_online: CPU0: Unlisted initial frequency changed to: 714000 KHz
 input: gpio-keys as /devices/soc0/gpio-keys/input/input2
-as3722-rtc as3722-rtc: setting system clock to 2000-01-01 00:00:13 UTC (946684813)
+as3722-rtc as3722-rtc: setting system clock to 2000-01-01 00:00:14 UTC (946684814)
 +USB0_VBUS_SW: disabling
 +1.8V_RUN_CAM: disabling
 +2.8V_RUN_CAM: disabling
Diff for ./tegra124-nyan-big/tegra124-nyan-big/multi_v7_defconfig_log.txt
--- /tmp/fooa	2017-09-03 14:13:59.180105272 -0700
+++ /tmp/foob	2017-09-03 14:13:59.180105272 -0700
@@ -5,7 +5,7 @@
 TEGRA124
 Model: Acer Chromebook 13 CB5-311
 DRAM:  4 GiB
-:   Tegra SD/MMC: 0, Tegra SD/MMC: 1, Tegra SD/MMC: 2
+C:   Tegra SD/MMC: 0, Tegra SD/MMC: 1, Tegra SD/MMC: 2
 MMC init failed
 Using default environment
 
@@ -43,20 +43,20 @@
 	 #################################################################
 	 #################################################################
 	 ###########################
-	 2.8 MiB/s
+	 3.1 MiB/s
 done
-Bytes transferred = 8018352 (7a59b0 hex)
+Bytes transferred = 8018496 (7a5a40 hex)
 Tegra124 (Nyan-big) # tftpboot 0x83000000 tegra124-nyan-big.dtb
 Using asx0 device
 TFTP from server 192.168.100.1; our IP address is 192.168.100.102
 Filename 'tegra124-nyan-big.dtb'.
 Load address: 0x83000000
 Loading: *#####
-	 2.7 MiB/s
+	 98.6 KiB/s
 done
 Bytes transferred = 68183 (10a57 hex)
 Tegra124 (Nyan-big) # bootz 0x82000000 - 0x83000000
-Kernel image @ 0x82000000 [ 0x000000 - 0x7a59b0 ]
+Kernel image @ 0x82000000 [ 0x000000 - 0x7a5a40 ]
 ## Flattened Device Tree blob at 83000000
    Booting using the fdt blob at 0x83000000
    Using Device Tree in place at 83000000, end 83013a56
@@ -64,7 +64,7 @@
 Starting kernel ...
 
 Booting Linux on physical CPU 0x0
-Linux version 4.13.0-rc7-186788-gcc4a41f (jonathanh@sellafield) (gcc version 4.7.3 20130328 (prerelease) (crosstool-NG linaro-1.13.1-4.7-2013.04-20130415 - Linaro GCC 2013.04)) #1 SMP Sun Aug 27 17:36:32 PDT 2017
+Linux version 4.13.0-187049-g569dbb8 (jonathanh@sellafield) (gcc version 4.7.3 20130328 (prerelease) (crosstool-NG linaro-1.13.1-4.7-2013.04-20130415 - Linaro GCC 2013.04)) #1 SMP Sun Sep 3 14:06:13 PDT 2017
 CPU: ARMv7 Processor [413fc0f3] revision 3 (ARMv7), cr=10c5387d
 CPU: div instructions available: patching division code
 CPU: PIPT / VIPT nonaliasing data cache, PIPT instruction cache
@@ -301,8 +301,8 @@
 mmc0: Invalid maximum block size, assuming 512 bytes
 elan_i2c 1-0015: Elan Touchpad: Module ID: 0x002a, Firmware: 0x0005, Sample: 0x0007, IAP: 0x0009
 mmc0: SDHCI controller on 700b0600.sdhci [700b0600.sdhci] using ADMA
-input: Elan Touchpad as /devices/soc0/7000c400.i2c/i2c-1/1-0015/input/input0
 ledtrig-cpu: registered to indicate activity on CPUs
+input: Elan Touchpad as /devices/soc0/7000c400.i2c/i2c-1/1-0015/input/input0
 usbcore: registered new interface driver usbhid
 usbhid: USB HID core driver
 NET: Registered protocol family 10
@@ -327,33 +327,32 @@
 +5V_USB_HS: supplied by +5V_SYS
 +5V_USB_SS: supplied by +5V_SYS
 +3.3V_PANEL: supplied by +3.3V_RUN
-mmc0: new high speed MMC card at address 0001
 +3.3V_LP0: supplied by +3.3V_SYS
-mmcblk0: mmc0:0001 MMC16G 14.4 GiB 
 +1.05V_RUN_AVDD_HDMI_PLL: supplied by +1.05V_RUN
+elan_i2c 1-0015: failed to read report data: -121
 +5V_HDMI_CON: supplied by +5V_SYS
  usb3-0: usb3-0 supply vbus not found, using dummy regulator
  usb3-1: usb3-1 supply vbus not found, using dummy regulator
-elan_i2c 1-0015: failed to read report data: -121
 tegra-sor 54540000.sor: failed to probe output: -517
 panel-simple panel: panel supply power not found, using dummy regulator
 sdhci-tegra 700b0000.sdhci: allocated mmc-pwrseq
-elan_i2c 1-0015: failed to read report data: -121
 mmc1: Unknown controller version (3). You may experience problems.
 mmc1: Invalid maximum block size, assuming 512 bytes
 mmc1: Switching to 3.3V signalling voltage failed
+mmc0: new high speed MMC card at address 0001
+mmcblk0: mmc0:0001 MMC16G 14.4 GiB 
 mmcblk0boot0: mmc0:0001 MMC16G partition 1 2.00 MiB
+mmcblk0boot1: mmc0:0001 MMC16G partition 2 2.00 MiB
+mmcblk0rpmb: mmc0:0001 MMC16G partition 3 128 KiB
+ mmcblk0: p1 p2 p3 p4 p5 p6 p7 p8 p9 p10 p11 p12
 mmc1: SDHCI controller on 700b0000.sdhci [700b0000.sdhci] using ADMA
+elan_i2c 1-0015: invalid report id data (ff)
 sdhci-tegra 700b0400.sdhci: Got CD GPIO
 sdhci-tegra 700b0400.sdhci: Got WP GPIO
 mmc2: Unknown controller version (3). You may experience problems.
 mmc2: Invalid maximum block size, assuming 512 bytes
-mmcblk0boot1: mmc0:0001 MMC16G partition 2 2.00 MiB
-mmcblk0rpmb: mmc0:0001 MMC16G partition 3 128 KiB
- mmcblk0: p1 p2 p3 p4 p5 p6 p7 p8 p9 p10 p11 p12
-elan_i2c 1-0015: invalid report id data (ff)
-mmc2: SDHCI controller on 700b0400.sdhci [700b0400.sdhci] using ADMA
 mmc1: new high speed SDIO card at address 0001
+mmc2: SDHCI controller on 700b0400.sdhci [700b0400.sdhci] using ADMA
 [drm] Supports vblank timestamp caching Rev 2 (21.10.2013).
 [drm] No driver support for vblank timestamp query.
 mmc2: new high speed SDHC card at address 0007
Diff for ./tegra124-nyan-big/tegra124-nyan-big/tegra_defconfig_log.txt
--- /tmp/fooa	2017-09-03 14:13:59.200105360 -0700
+++ /tmp/foob	2017-09-03 14:13:59.204105376 -0700
@@ -14,7 +14,7 @@
 Err:   serial
 Net:   Net Initialization Skipped
 No ethernet found.
-Hit any key to stop autoboot:  2  0 
+Hit any key to stop autoboot:  2  1  0 
 Tegra124 (Nyan-big) # 
 Tegra124 (Nyan-big) # usb start
 starting USB...
@@ -43,18 +43,18 @@
 	 #############################
 	 2.9 MiB/s
 done
-Bytes transferred = 6147368 (5dcd28 hex)
+Bytes transferred = 6147840 (5dcf00 hex)
 Tegra124 (Nyan-big) # tftpboot 0x83000000 tegra124-nyan-big.dtb
 Using asx0 device
 TFTP from server 192.168.100.1; our IP address is 192.168.100.102
 Filename 'tegra124-nyan-big.dtb'.
 Load address: 0x83000000
 Loading: *#####
-	 3.1 MiB/s
+	 2.7 MiB/s
 done
 Bytes transferred = 68183 (10a57 hex)
 Tegra124 (Nyan-big) # bootz 0x82000000 - 0x83000000
-Kernel image @ 0x82000000 [ 0x000000 - 0x5dcd28 ]
+Kernel image @ 0x82000000 [ 0x000000 - 0x5dcf00 ]
 ## Flattened Device Tree blob at 83000000
    Booting using the fdt blob at 0x83000000
    Using Device Tree in place at 83000000, end 83013a56
@@ -63,7 +63,7 @@
 
 Uncompressing Linux... done, booting the kernel.
 Booting Linux on physical CPU 0x0
-Linux version 4.13.0-rc7-186788-gcc4a41f (jonathanh@kaivo) (gcc version 4.7.3 20130328 (prerelease) (crosstool-NG linaro-1.13.1-4.7-2013.04-20130415 - Linaro GCC 2013.04)) #1 SMP PREEMPT Sun Aug 27 17:35:45 PDT 2017
+Linux version 4.13.0-187049-g569dbb8 (jonathanh@kaivo) (gcc version 4.7.3 20130328 (prerelease) (crosstool-NG linaro-1.13.1-4.7-2013.04-20130415 - Linaro GCC 2013.04)) #1 SMP PREEMPT Sun Sep 3 14:05:53 PDT 2017
 CPU: ARMv7 Processor [413fc0f3] revision 3 (ARMv7), cr=10c5387d
 CPU: div instructions available: patching division code
 CPU: PIPT / VIPT nonaliasing data cache, PIPT instruction cache
@@ -382,12 +382,10 @@
 +5V_VDD_TS_SW: disabling
 ALSA device list:
   #1: GoogleNyanBig
+EXT4-fs (mmcblk0p3): couldn't mount as ext3 due to feature incompatibilities
+input: tegra-hda HDMI/DP,pcm=3 as /devices/soc0/70030000.hda/sound/card0/input4
 uvcvideo: Found UVC 1.00 device HD WebCam (1bcf:2c67)
 input: HD WebCam: HD WebCam as /devices/soc0/70090000.usb/usb1/1-2/1-2:1.0/input/input5
-usb 1-3: new high-speed USB device number 3 using tegra-xusb
-input: tegra-hda HDMI/DP,pcm=3 as /devices/soc0/70030000.hda/sound/card0/input4
-asix 1-3:1.0 eth0: register 'asix' at usb-70090000.usb-3, ASIX AX88772 USB 2.0 Ethernet, c8:d7:19:90:fa:65
-EXT4-fs (mmcblk0p3): couldn't mount as ext3 due to feature incompatibilities
 EXT4-fs (mmcblk0p3): recovery complete
 EXT4-fs (mmcblk0p3): mounted filesystem with ordered data mode. Opts: (null)
 VFS: Mounted root (ext4 filesystem) on device 179:3.
@@ -395,6 +393,4 @@
 Freeing unused kernel memory: 1024K
 bash: cannot set terminal process group (-1): Inappropriate ioctl for device
 bash: no job control in this shell
-root@(none):/# [    3.777769] usb 1-1: new high-speed USB device number 4 using tegra-xusb
-usb-storage 1-1:1.0: USB Mass Storage device detected
-scsi host0: usb-storage 1-1:1.0
+root@(none):/# [    2.757878] usb 1-3: new high-speed USB device number 3 using tegra-xusb
Diff for ./tegra132-norrin/tegra132-norrin/defconfig_log.txt
--- /tmp/fooa	2017-09-03 14:13:59.236105517 -0700
+++ /tmp/foob	2017-09-03 14:13:59.240105535 -0700
@@ -31,7 +31,7 @@
 MSENC clock is set to  79200 KHz
 Vde clock is set to 204000 KHz
 
-Bootloader-Cpu Init at (time stamp): 1800585 us
+Bootloader-Cpu Init at (time stamp): 1800962 us
 
 Pinmux changes applied in kernel way
 
@@ -59,25 +59,25 @@
 The proc BoardInfo: 0x0176:0x0001:0x01:0x43:0x00
 FastbootAddAtag: setting ATAG (0)
 
-Board Id Read Time: 3 us
+Board Id Read Time: 4 us
 Power Rail enable Time: 1 us
 
-Miscellaneous avp time: 1800559  us
-Bootloader (AosInit) time: 733517 us
-Bootloader Main Init time: 180180 us
-BlockDevMgrInit time: 157539 us
+Miscellaneous avp time: 1800935  us
+Bootloader (AosInit) time: 734259 us
+Bootloader Main Init time: 180089 us
+BlockDevMgrInit time: 157519 us
 PartMgrInit time: 8 us
 StorMgrInit time: 31 us
 FsMgrInit time: 2 us
-Partition Table load: 77019 us 
-Display init time: 574613 us
+Partition Table load: 76692 us 
+Display init time: 574796 us
 Kernel read time: 1319 msec
 Load Kernel Size:   17483776 Bytes
 Bl Kernel ReadSpeed: 13255000 Bytes/sec
-Pre-Kernel Jump time: 3773589 us
-Clearing 32 Bit State and Warm resetting to 64bit mode: 8710603 us
+Pre-Kernel Jump time: 3775957 us
+Clearing 32 Bit State and Warm resetting to 64bit mode: 8716097 us
 Booting Linux on physical CPU 0x0
-Linux version 4.13.0-rc7-186788-gcc4a41f (jonathanh@kaivo) (gcc version 4.9.2 20140904 (prerelease) (crosstool-NG linaro-1.13.1-4.9-2014.09 - Linaro GCC 4.9-2014.09)) #1 SMP PREEMPT Sun Aug 27 17:40:18 PDT 2017
+Linux version 4.13.0-187049-g569dbb8 (jonathanh@kaivo) (gcc version 4.9.2 20140904 (prerelease) (crosstool-NG linaro-1.13.1-4.9-2014.09 - Linaro GCC 4.9-2014.09)) #1 SMP PREEMPT Sun Sep 3 14:10:21 PDT 2017
 Boot CPU: AArch64 Processor [4e0f0000]
 Machine model: NVIDIA Tegra132 Norrin
 Memory limited to 1734MB
@@ -199,7 +199,7 @@
 Freeing initrd memory: 1284K
 kvm [1]: HYP mode not available
 audit: initializing netlink subsys (disabled)
-audit: type=2000 audit(0.935:1): state=initialized audit_enabled=0 res=1
+audit: type=2000 audit(0.929:1): state=initialized audit_enabled=0 res=1
 workingset: timestamp_bits=44 max_order=19 bucket_order=0
 squashfs: version 4.0 (2009/01/31) Phillip Lougher
 NFS: Registering the id_resolver key type
@@ -263,11 +263,11 @@
 usbcore: registered new interface driver usbhid
 usbhid: USB HID core driver
 mmc0: new high speed MMC card at address 0001
+mmcblk0: mmc0:0001 SEM16G 14.7 GiB 
 NET: Registered protocol family 17
 9pnet: Installing 9P2000 support
 Key type dns_resolver registered
 registered taskstats version 1
-mmcblk0: mmc0:0001 SEM16G 14.7 GiB 
 mmcblk0boot0: mmc0:0001 SEM16G partition 1 4.00 MiB
 mmcblk0boot1: mmc0:0001 SEM16G partition 2 4.00 MiB
 mmcblk0rpmb: mmc0:0001 SEM16G partition 3 4.00 MiB
Diff for ./tegra20-trimslice/tegra20-trimslice/multi_v7_defconfig_log.txt
--- /tmp/fooa	2017-09-03 14:13:59.268105657 -0700
+++ /tmp/foob	2017-09-03 14:13:59.272105674 -0700
@@ -48,20 +48,20 @@
 	 #################################################################
 	 #################################################################
 	 ###########################
-	 3.7 MiB/s
+	 3.5 MiB/s
 done
-Bytes transferred = 8018352 (7a59b0 hex)
+Bytes transferred = 8018496 (7a5a40 hex)
 Tegra20 (TrimSlice) # tftpboot 0x02408000 tegra20-trimslice.dtb
 Using RTL8169#0 device
 TFTP from server 192.168.100.1; our IP address is 192.168.100.103
 Filename 'tegra20-trimslice.dtb'.
 Load address: 0x2408000
 Loading: *##
-	 3.4 MiB/s
+	 2.9 MiB/s
 done
 Bytes transferred = 21454 (53ce hex)
 Tegra20 (TrimSlice) # bootz 0x00408000 - 0x02408000
-Kernel image @ 0x408000 [ 0x000000 - 0x7a59b0 ]
+Kernel image @ 0x408000 [ 0x000000 - 0x7a5a40 ]
 ## Flattened Device Tree blob at 02408000
    Booting using the fdt blob at 0x2408000
    Using Device Tree in place at 02408000, end 024103cd
@@ -69,7 +69,7 @@
 Starting kernel ...
 
 Booting Linux on physical CPU 0x0
-Linux version 4.13.0-rc7-186788-gcc4a41f (jonathanh@sellafield) (gcc version 4.7.3 20130328 (prerelease) (crosstool-NG linaro-1.13.1-4.7-2013.04-20130415 - Linaro GCC 2013.04)) #1 SMP Sun Aug 27 17:36:32 PDT 2017
+Linux version 4.13.0-187049-g569dbb8 (jonathanh@sellafield) (gcc version 4.7.3 20130328 (prerelease) (crosstool-NG linaro-1.13.1-4.7-2013.04-20130415 - Linaro GCC 2013.04)) #1 SMP Sun Sep 3 14:06:13 PDT 2017
 CPU: ARMv7 Processor [411fc090] revision 0 (ARMv7), cr=10c5387d
 CPU: PIPT / VIPT nonaliasing data cache, VIPT aliasing instruction cache
 OF: fdt: Machine model: Compulab TrimSlice board
@@ -349,8 +349,8 @@
 hub 2-0:1.0: USB hub found
 hub 2-0:1.0: 1 port detected
 input: gpio-keys as /devices/soc0/gpio-keys/input/input0
-rtc-em3027 2-0056: hctosys: unable to read the hardware clock
 hub 1-1:1.0: USB hub found
+rtc-em3027 2-0056: hctosys: unable to read the hardware clock
 hub 1-1:1.0: 4 ports detected
 Waiting for root device PARTUUID=11eb23c1-01...
 usb 1-1.2: new high-speed USB device number 3 using tegra-ehci
Diff for ./tegra20-trimslice/tegra20-trimslice/tegra_defconfig_log.txt
--- /tmp/fooa	2017-09-03 14:13:59.292105761 -0700
+++ /tmp/foob	2017-09-03 14:13:59.296105779 -0700
@@ -46,20 +46,20 @@
 	 #################################################################
 	 #################################################################
 	 #############################
-	 3.6 MiB/s
+	 3.7 MiB/s
 done
-Bytes transferred = 6147368 (5dcd28 hex)
+Bytes transferred = 6147840 (5dcf00 hex)
 Tegra20 (TrimSlice) # tftpboot 0x02408000 tegra20-trimslice.dtb
 Using RTL8169#0 device
 TFTP from server 192.168.100.1; our IP address is 192.168.100.103
 Filename 'tegra20-trimslice.dtb'.
 Load address: 0x2408000
 Loading: *##
-	 2.9 MiB/s
+	 3.4 MiB/s
 done
 Bytes transferred = 21454 (53ce hex)
 Tegra20 (TrimSlice) # bootz 0x00408000 - 0x02408000
-Kernel image @ 0x408000 [ 0x000000 - 0x5dcd28 ]
+Kernel image @ 0x408000 [ 0x000000 - 0x5dcf00 ]
 ## Flattened Device Tree blob at 02408000
    Booting using the fdt blob at 0x2408000
    Using Device Tree in place at 02408000, end 024103cd
@@ -68,7 +68,7 @@
 
 Uncompressing Linux... done, booting the kernel.
 Booting Linux on physical CPU 0x0
-Linux version 4.13.0-rc7-186788-gcc4a41f (jonathanh@kaivo) (gcc version 4.7.3 20130328 (prerelease) (crosstool-NG linaro-1.13.1-4.7-2013.04-20130415 - Linaro GCC 2013.04)) #1 SMP PREEMPT Sun Aug 27 17:35:45 PDT 2017
+Linux version 4.13.0-187049-g569dbb8 (jonathanh@kaivo) (gcc version 4.7.3 20130328 (prerelease) (crosstool-NG linaro-1.13.1-4.7-2013.04-20130415 - Linaro GCC 2013.04)) #1 SMP PREEMPT Sun Sep 3 14:05:53 PDT 2017
 CPU: ARMv7 Processor [411fc090] revision 0 (ARMv7), cr=10c5387d
 CPU: PIPT / VIPT nonaliasing data cache, VIPT aliasing instruction cache
 OF: fdt: Machine model: Compulab TrimSlice board
Diff for ./tegra210-p2371-0000/tegra210-p2371-0000/defconfig_log.txt
--- /tmp/fooa	2017-09-03 14:13:59.316105866 -0700
+++ /tmp/foob	2017-09-03 14:13:59.320105884 -0700
@@ -64,17 +64,17 @@
 Loading and Validation of Secure OS Successful
 NvTbootPackSdramParams: start. 
 NvTbootPackSdramParams: done. 
-Tegraboot started after 730104 us
-Basic modules init took 348749 us
-Sec Bootdevice Read Time = 204 ms, Read Size = 8459 KB
-Next stage binary read took 14385 us
-Carveout took 253883 us
-CPU initialization took 93002 us
-Total time taken by TegraBoot 710019 us
+Tegraboot started after 769174 us
+Basic modules init took 350470 us
+Sec Bootdevice Read Time = 202 ms, Read Size = 8459 KB
+Next stage binary read took 14365 us
+Carveout took 252737 us
+CPU initialization took 92432 us
+Total time taken by TegraBoot 710004 us
 
 Starting CPU & Halting co-processor 
 
-64b[0001.571] LPDDR4 Training: Number of tables = 10
+64b[0001.609] LPDDR4 Training: Number of tables = 10
 EMC Training (SRC-freq: 204000; DST-freq: 408000)
 EMC Training Successful
 EMC Training (SRC-freq: 204000; DST-freq: 665600)
@@ -108,7 +108,7 @@
 Tegra210 (P2371-0000) # 
 Tegra210 (P2371-0000) # ums 0 mmc 0
 UMS: disk start sector: 0x0, count: 0x1d5a000
-|/-\|/-\/-\|/-\/-\|/-\/-\|/-\/-\|/-\/-\|/-\/-\|/-\/-\|/-\/-CTRL+C - Operation aborted
+|/-\|/-\/-\|/-\/-\|/-\/-\|/-\/-\|/-\/-\|/-\/-\|/-\/-\|/-\/-\|CTRL+C - Operation aborted
 Tegra210 (P2371-0000) # 
 Tegra210 (P2371-0000) # env set fdt_copy_node_names /cpus:/psci
 Tegra210 (P2371-0000) # setenv rootpart 1
@@ -117,9 +117,9 @@
 Tegra210 (P2371-0000) # part uuid ${devtype} ${devnum}:${rootpart} uuid
 Tegra210 (P2371-0000) # setenv bootargs ignore_loglevel console=ttyS0,115200n8 earlycon=uart8250,mmio32,0x70006000 rw root=PARTUUID=00000000-0001-0000-788f-a75600000000 rootwait debug earlyprintk init=/bin/bash
 Tegra210 (P2371-0000) # load ${devtype} ${devnum}:${rootpart} ${kernel_addr_r} /boot/Image.defconfig
-16163328 bytes read in 824 ms (18.7 MiB/s)
+16163328 bytes read in 822 ms (18.8 MiB/s)
 Tegra210 (P2371-0000) # load ${devtype} ${devnum}:${rootpart} ${fdt_addr_r} /boot/tegra210-p2371-0000.dtb
-45170 bytes read in 453 ms (96.7 KiB/s)
+45170 bytes read in 460 ms (95.7 KiB/s)
 Tegra210 (P2371-0000) # load ${devtype} ${devnum}:${rootpart} ${ramdisk_addr_r} /boot/tegra-ramdisk.img
 1627787 bytes read in 495 ms (3.1 MiB/s)
 Tegra210 (P2371-0000) # ramdisk_size=${filesize}
@@ -131,7 +131,7 @@
 Starting kernel ...
 
 Booting Linux on physical CPU 0x0
-Linux version 4.13.0-rc7-186788-gcc4a41f (jonathanh@kaivo) (gcc version 4.9.2 20140904 (prerelease) (crosstool-NG linaro-1.13.1-4.9-2014.09 - Linaro GCC 4.9-2014.09)) #1 SMP PREEMPT Sun Aug 27 17:40:18 PDT 2017
+Linux version 4.13.0-187049-g569dbb8 (jonathanh@kaivo) (gcc version 4.9.2 20140904 (prerelease) (crosstool-NG linaro-1.13.1-4.9-2014.09 - Linaro GCC 4.9-2014.09)) #1 SMP PREEMPT Sun Sep 3 14:10:21 PDT 2017
 Boot CPU: AArch64 Processor [411fd071]
 Machine model: NVIDIA Tegra210 P2371 (P2530/P2595) reference design
 debug: ignoring loglevel setting.
@@ -274,7 +274,7 @@
 kvm [1]: vgic interrupt IRQ1
 kvm [1]: virtual timer IRQ4
 audit: initializing netlink subsys (disabled)
-audit: type=2000 audit(0.511:1): state=initialized audit_enabled=0 res=1
+audit: type=2000 audit(0.523:1): state=initialized audit_enabled=0 res=1
 workingset: timestamp_bits=44 max_order=20 bucket_order=0
 squashfs: version 4.0 (2009/01/31) Phillip Lougher
 NFS: Registering the id_resolver key type
Diff for ./tegra210-smaug/tegra210-smaug/defconfig_log.txt
--- /tmp/fooa	2017-09-03 14:13:59.340105971 -0700
+++ /tmp/foob	2017-09-03 14:13:59.340105971 -0700
@@ -1,10 +1,4 @@
-11fd071]
-Machine model: Google Pixel C
-efi: Getting EFI parameters from FDT:
-efi: UEFI not found.
-cma: Reserved 16 MiB at 0x00000000f5400000
-earlycon: uart0 at MMIO 0x0000000070006000 (options '115200n8')
-bootconsole [uart0] enabled
+t0] enabled
 NUMA: No NUMA configuration found
 NUMA: Faking a node at [mem 0x0000000000000000-0x000000013fffffff]
 NUMA: NODE_DATA [mem 0x13ff9f100-0x13ffa0bff]
@@ -74,7 +68,7 @@
 console [tty0] enabled
 bootconsole [uart0] disabled
 Booting Linux on physical CPU 0x0
-Linux version 4.13.0-rc7-186788-gcc4a41f (jonathanh@kaivo) (gcc version 4.9.2 20140904 (prerelease) (crosstool-NG linaro-1.13.1-4.9-2014.09 - Linaro GCC 4.9-2014.09)) #1 SMP PREEMPT Sun Aug 27 17:40:18 PDT 2017
+Linux version 4.13.0-187049-g569dbb8 (jonathanh@kaivo) (gcc version 4.9.2 20140904 (prerelease) (crosstool-NG linaro-1.13.1-4.9-2014.09 - Linaro GCC 4.9-2014.09)) #1 SMP PREEMPT Sun Sep 3 14:10:21 PDT 2017
 Boot CPU: AArch64 Processor [411fd071]
 Machine model: Google Pixel C
 efi: Getting EFI parameters from FDT:
@@ -231,7 +225,7 @@
 kvm [1]: vgic interrupt IRQ1
 kvm [1]: virtual timer IRQ4
 audit: initializing netlink subsys (disabled)
-audit: type=2000 audit(0.266:1): state=initialized audit_enabled=0 res=1
+audit: type=2000 audit(0.270:1): state=initialized audit_enabled=0 res=1
 workingset: timestamp_bits=44 max_order=20 bucket_order=0
 squashfs: version 4.0 (2009/01/31) Phillip Lougher
 NFS: Registering the id_resolver key type
@@ -336,7 +330,7 @@
 mmcblk0boot1: mmc0:0001 BGND3R partition 2 4.00 MiB
 mmcblk0rpmb: mmc0:0001 BGND3R partition 3 4.00 MiB
  mmcblk0: p1 p2 p3 p4 p5 p6 p7 p8 p9 p10 p11
-max77686-rtc max77620-rtc: setting system clock to 2001-06-08 06:04:38 UTC (991980278)
+max77686-rtc max77620-rtc: setting system clock to 2001-06-15 02:34:36 UTC (992572476)
 PP1200_AVDD: disabling
 PP1200_RCAM: disabling
 PP2800L_RCAM: disabling
Diff for ./tegra30-beaver/tegra30-beaver/multi_v7_defconfig_log.txt
--- /tmp/fooa	2017-09-03 14:13:59.348106007 -0700
+++ /tmp/foob	2017-09-03 14:13:59.352106024 -0700
@@ -40,20 +40,20 @@
 	 #################################################################
 	 #################################################################
 	 ###########################
-	 3 MiB/s
+	 2.9 MiB/s
 done
-Bytes transferred = 8018352 (7a59b0 hex)
+Bytes transferred = 8018496 (7a5a40 hex)
 Tegra30 (Beaver) # tftpboot 0x82000000 tegra30-beaver.dtb
 Using asx0 device
 TFTP from server 192.168.100.1; our IP address is 192.168.100.101
 Filename 'tegra30-beaver.dtb'.
 Load address: 0x82000000
 Loading: *####
-	 3.1 MiB/s
+	 2.7 MiB/s
 done
 Bytes transferred = 51848 (ca88 hex)
 Tegra30 (Beaver) # bootz 0x81000000 - 0x82000000
-Kernel image @ 0x81000000 [ 0x000000 - 0x7a59b0 ]
+Kernel image @ 0x81000000 [ 0x000000 - 0x7a5a40 ]
 ## Flattened Device Tree blob at 82000000
    Booting using the fdt blob at 0x82000000
    Loading Device Tree to 8fff0000, end 8ffffa87 ... OK
@@ -61,7 +61,7 @@
 Starting kernel ...
 
 Booting Linux on physical CPU 0x0
-Linux version 4.13.0-rc7-186788-gcc4a41f (jonathanh@sellafield) (gcc version 4.7.3 20130328 (prerelease) (crosstool-NG linaro-1.13.1-4.7-2013.04-20130415 - Linaro GCC 2013.04)) #1 SMP Sun Aug 27 17:36:32 PDT 2017
+Linux version 4.13.0-187049-g569dbb8 (jonathanh@sellafield) (gcc version 4.7.3 20130328 (prerelease) (crosstool-NG linaro-1.13.1-4.7-2013.04-20130415 - Linaro GCC 2013.04)) #1 SMP Sun Sep 3 14:06:13 PDT 2017
 CPU: ARMv7 Processor [412fc099] revision 9 (ARMv7), cr=10c5387d
 CPU: PIPT / VIPT nonaliasing data cache, VIPT aliasing instruction cache
 OF: fdt: Machine model: NVIDIA Tegra30 Beaver evaluation board
@@ -321,8 +321,8 @@
 Primary GPT is invalid, using alternate GPT.
  mmcblk1: p1 p2 p3 p4 p5
 mmc0: new ultra high speed DDR50 SDHC card at address aaaa
-mmcblk0: mmc0:aaaa SS04G 3.69 GiB 
 tegra-pcie 3000.pcie: probing port 2, using 2 lanes
+mmcblk0: mmc0:aaaa SS04G 3.69 GiB 
  mmcblk0: p1 p2 p3
 tegra-pcie 3000.pcie: link 2 down, retrying
 tegra-pcie 3000.pcie: link 2 down, retrying
@@ -401,5 +401,5 @@
 Freeing unused kernel memory: 2048K
 bash: cannot set terminal process group (-1): Inappropriate ioctl for device
 bash: no job control in this shell
-root@(none):/# [    4.123723] usb 2-1: new high-speed USB device number 2 using tegra-ehci
+root@(none):/# [    4.123667] usb 2-1: new high-speed USB device number 2 using tegra-ehci
 asix 2-1:1.0 eth1: register 'asix' at usb-7d008000.usb-1, ASIX AX88772 USB 2.0 Ethernet, 00:50:b6:0f:67:60
Diff for ./tegra30-beaver/tegra30-beaver/tegra_defconfig_log.txt
--- /tmp/fooa	2017-09-03 14:13:59.356106042 -0700
+++ /tmp/foob	2017-09-03 14:13:59.360106058 -0700
@@ -14,7 +14,7 @@
 Err:   serial
 Net:   Net Initialization Skipped
 No ethernet found.
-Hit any key to stop autoboot:  2  0 
+Hit any key to stop autoboot:  2  1  0 
 Tegra30 (Beaver) # 
 Tegra30 (Beaver) # usb reset
 (Re)start USB...
@@ -40,18 +40,18 @@
 	 #############################
 	 2.8 MiB/s
 done
-Bytes transferred = 6147368 (5dcd28 hex)
+Bytes transferred = 6147840 (5dcf00 hex)
 Tegra30 (Beaver) # tftpboot 0x82000000 tegra30-beaver.dtb
 Using asx0 device
 TFTP from server 192.168.100.1; our IP address is 192.168.100.101
 Filename 'tegra30-beaver.dtb'.
 Load address: 0x82000000
 Loading: *####
-	 2.6 MiB/s
+	 2.9 MiB/s
 done
 Bytes transferred = 51848 (ca88 hex)
 Tegra30 (Beaver) # bootz 0x81000000 - 0x82000000
-Kernel image @ 0x81000000 [ 0x000000 - 0x5dcd28 ]
+Kernel image @ 0x81000000 [ 0x000000 - 0x5dcf00 ]
 ## Flattened Device Tree blob at 82000000
    Booting using the fdt blob at 0x82000000
    Loading Device Tree to 8fff0000, end 8ffffa87 ... OK
@@ -60,7 +60,7 @@
 
 Uncompressing Linux... done, booting the kernel.
 Booting Linux on physical CPU 0x0
-Linux version 4.13.0-rc7-186788-gcc4a41f (jonathanh@kaivo) (gcc version 4.7.3 20130328 (prerelease) (crosstool-NG linaro-1.13.1-4.7-2013.04-20130415 - Linaro GCC 2013.04)) #1 SMP PREEMPT Sun Aug 27 17:35:45 PDT 2017
+Linux version 4.13.0-187049-g569dbb8 (jonathanh@kaivo) (gcc version 4.7.3 20130328 (prerelease) (crosstool-NG linaro-1.13.1-4.7-2013.04-20130415 - Linaro GCC 2013.04)) #1 SMP PREEMPT Sun Sep 3 14:05:53 PDT 2017
 CPU: ARMv7 Processor [412fc099] revision 9 (ARMv7), cr=10c5387d
 CPU: PIPT / VIPT nonaliasing data cache, VIPT aliasing instruction cache
 OF: fdt: Machine model: NVIDIA Tegra30 Beaver evaluation board
@@ -394,4 +394,4 @@
 Freeing unused kernel memory: 1024K
 bash: cannot set terminal process group (-1): Inappropriate ioctl for device
 bash: no job control in this shell
-root@(none):/# [    4.400097] usb 2-1: new high-speed USB device number 2 using tegra-ehci
+root@(none):/# [    4.410465] usb 2-1: new high-speed USB device number 2 using tegra-ehci
