
U-Boot SPL 2014.01-00219-gc4d376f (Feb 18 2014 - 19:57:18)


U-Boot 2014.01-00219-gc4d376f (Feb 18 2014 - 19:57:18)

TEGRA30
Board: NVIDIA Beaver
I2C:   ready
DRAM:  2 GiB
MMC:   Tegra SD/MMC: 0, Tegra SD/MMC: 1
In:    serial
Out:   serial
Err:   serial
Net:   Net Initialization Skipped
No ethernet found.
Hit any key to stop autoboot:  2  0 
Tegra30 (Beaver) # 
Tegra30 (Beaver) # usb reset
(Re)start USB...
USB0:   USB EHCI 1.00
scanning bus 0 for devices... 2 USB Device(s) found
       scanning usb for storage devices... 0 Storage Device(s) found
       scanning usb for ethernet devices... 
Warning: asx0 using MAC address from net device
1 Ethernet Device(s) found
Tegra30 (Beaver) # setenv bootargs 'ignore_loglevel console=ttyS0,115200n8 rw root=PARTUUID=edbe1840-3633-c751-7993-b0ac834f81e0 rootwait gpt debug noinitrd earlyprintk init=/bin/bash'
Tegra30 (Beaver) # setenv ipaddr 192.168.100.101; setenv serverip 192.168.100.1; setenv tftpserverip 192.168.100.1
Tegra30 (Beaver) # tftpboot 0x81000000 zImage.multi_v7_defconfig
Using asx0 device
TFTP from server 192.168.100.1; our IP address is 192.168.100.101
Filename 'zImage.multi_v7_defconfig'.
Load address: 0x81000000
Loading: *#################################################################
	 #################################################################
	 #################################################################
	 #################################################################
	 #################################################################
	 #################################################################
	 #################################################################
	 #################
	 2.8 MiB/s
done
Bytes transferred = 6918384 (6990f0 hex)
Tegra30 (Beaver) # tftpboot 0x82000000 tegra30-beaver.dtb
Using asx0 device
TFTP from server 192.168.100.1; our IP address is 192.168.100.101
Filename 'tegra30-beaver.dtb'.
Load address: 0x82000000
Loading: *####
	 2.7 MiB/s
done
Bytes transferred = 51467 (c90b hex)
Tegra30 (Beaver) # bootz 0x81000000 - 0x82000000
Kernel image @ 0x81000000 [ 0x000000 - 0x6990f0 ]
## Flattened Device Tree blob at 82000000
   Booting using the fdt blob at 0x82000000
   Loading Device Tree to 8fff0000, end 8ffff90a ... OK

Starting kernel ...

[    0.000000] Booting Linux on physical CPU 0x0
[    0.000000] Linux version 4.6.0-rc7-83433-g44549e8 (pwalmsley@sellafield) (gcc version 4.7.3 20130328 (prerelease) (crosstool-NG linaro-1.13.1-4.7-2013.04-20130415 - Linaro GCC 2013.04) ) #1 SMP Sun May 8 15:04:55 PDT 2016
[    0.000000] CPU: ARMv7 Processor [412fc099] revision 9 (ARMv7), cr=10c5387d
[    0.000000] CPU: PIPT / VIPT nonaliasing data cache, VIPT aliasing instruction cache
[    0.000000] Machine model: NVIDIA Tegra30 Beaver evaluation board
[    0.000000] debug: ignoring loglevel setting.
[    0.000000] cma: Reserved 64 MiB at 0xfb800000
[    0.000000] Memory policy: Data cache writealloc
[    0.000000] On node 0 totalpages: 524032
[    0.000000] free_area_init_node: node 0, pgdat c141b3c0, node_mem_map eeff8000
[    0.000000]   DMA zone: 1536 pages used for memmap
[    0.000000]   DMA zone: 0 pages reserved
[    0.000000]   DMA zone: 196608 pages, LIFO batch:31
[    0.000000]   HighMem zone: 327424 pages, LIFO batch:31
[    0.000000] percpu: Embedded 12 pages/cpu @eef93000 s19776 r8192 d21184 u49152
[    0.000000] pcpu-alloc: s19776 r8192 d21184 u49152 alloc=12*4096
[    0.000000] pcpu-alloc: [0] 0 [0] 1 [0] 2 [0] 3 
[    0.000000] Built 1 zonelists in Zone order, mobility grouping on.  Total pages: 522496
[    0.000000] Kernel command line: ignore_loglevel console=ttyS0,115200n8 rw root=PARTUUID=edbe1840-3633-c751-7993-b0ac834f81e0 rootwait gpt debug noinitrd earlyprintk init=/bin/bash
[    0.000000] PID hash table entries: 4096 (order: 2, 16384 bytes)
[    0.000000] Dentry cache hash table entries: 131072 (order: 7, 524288 bytes)
[    0.000000] Inode-cache hash table entries: 65536 (order: 6, 262144 bytes)
[    0.000000] Memory: 1995052K/2096128K available (9522K kernel code, 1141K rwdata, 4108K rodata, 2048K init, 341K bss, 35540K reserved, 65536K cma-reserved, 1244160K highmem)
[    0.000000] Virtual kernel memory layout:
[    0.000000]     vector  : 0xffff0000 - 0xffff1000   (   4 kB)
[    0.000000]     fixmap  : 0xffc00000 - 0xfff00000   (3072 kB)
[    0.000000]     vmalloc : 0xf0800000 - 0xff800000   ( 240 MB)
[    0.000000]     lowmem  : 0xc0000000 - 0xf0000000   ( 768 MB)
[    0.000000]     pkmap   : 0xbfe00000 - 0xc0000000   (   2 MB)
[    0.000000]     modules : 0xbf000000 - 0xbfe00000   (  14 MB)
[    0.000000]       .text : 0xc0208000 - 0xc104fa10   (14623 kB)
[    0.000000]       .init : 0xc1100000 - 0xc1300000   (2048 kB)
[    0.000000]       .data : 0xc1300000 - 0xc141d400   (1141 kB)
[    0.000000]        .bss : 0xc141f000 - 0xc1474518   ( 342 kB)
[    0.000000] SLUB: HWalign=64, Order=0-3, MinObjects=0, CPUs=4, Nodes=1
[    0.000000] Hierarchical RCU implementation.
[    0.000000] 	Build-time adjustment of leaf fanout to 32.
[    0.000000] 	RCU restricting CPUs from NR_CPUS=16 to nr_cpu_ids=4.
[    0.000000] RCU: Adjusting geometry for rcu_fanout_leaf=32, nr_cpu_ids=4
[    0.000000] NR_IRQS:16 nr_irqs:16 16
[    0.000000] /interrupt-controller@60004000: 160 interrupts forwarded to /interrupt-controller@50041000
[    0.000000] L2C: platform modifies aux control register: 0x02080000 -> 0x3e480001
[    0.000000] L2C: DT/platform modifies aux control register: 0x02080000 -> 0x3e480001
[    0.000000] L2C-310 erratum 769419 enabled
[    0.000000] L2C-310 enabling early BRESP for Cortex-A9
[    0.000000] L2C-310: enabling full line of zeros but not enabled in Cortex-A9
[    0.000000] L2C-310 dynamic clock gating enabled, standby mode enabled
[    0.000000] L2C-310 cache controller enabled, 8 ways, 1024 kB
[    0.000000] L2C-310: CACHE_ID 0x410000c7, AUX_CTRL 0x4e480001
[    0.000014] sched_clock: 32 bits at 1000kHz, resolution 1000ns, wraps every 2147483647500ns
[    0.000032] clocksource: timer_us: mask: 0xffffffff max_cycles: 0xffffffff, max_idle_ns: 1911260446275 ns
[    0.000041] Switching to timer-based delay loop, resolution 1000ns
[    0.002743] Console: colour dummy device 80x30
[    0.002769] Calibrating delay loop (skipped), value calculated using timer frequency.. 2.00 BogoMIPS (lpj=5000)
[    0.002778] pid_max: default: 32768 minimum: 301
[    0.002865] Mount-cache hash table entries: 2048 (order: 1, 8192 bytes)
[    0.002872] Mountpoint-cache hash table entries: 2048 (order: 1, 8192 bytes)
[    0.003301] CPU: Testing write buffer coherency: ok
[    0.003574] CPU0: thread -1, cpu 0, socket 0, mpidr 80000000
[    0.003644] Setting up static identity map for 0x80300000 - 0x80300098
[    0.005947] Tegra Revision: A03 SKU: 128 CPU Process: 4 SoC Process: 0
[    0.007250] CPU1: thread -1, cpu 1, socket 0, mpidr 80000001
[    0.007949] CPU2: thread -1, cpu 2, socket 0, mpidr 80000002
[    0.008620] CPU3: thread -1, cpu 3, socket 0, mpidr 80000003
[    0.008664] Brought up 4 CPUs
[    0.008678] SMP: Total of 4 processors activated (8.00 BogoMIPS).
[    0.008683] CPU: All CPU(s) started in SVC mode.
[    0.009370] devtmpfs: initialized
[    0.017561] VFP support v0.3: implementor 41 architecture 3 part 30 variant 9 rev 4
[    0.018250] clocksource: jiffies: mask: 0xffffffff max_cycles: 0xffffffff, max_idle_ns: 9556302231375000 ns
[    0.021700] pinctrl core: initialized pinctrl subsystem
[    0.023319] NET: Registered protocol family 16
[    0.025536] DMA: preallocated 256 KiB pool for atomic coherent allocations
[    0.039931] cpuidle: using governor menu
[    0.048569] No ATAGs?
[    0.048601] hw-breakpoint: found 5 (+1 reserved) breakpoint and 1 watchpoint registers.
[    0.048607] hw-breakpoint: maximum watchpoint size is 4 bytes.
[    0.051818] Serial: AMBA PL011 UART driver
[    0.053080] tegra-mc 7000f000.memory-controller: no memory timings for RAM code 3 registered
[    0.073021] vdd_5v_sata: Failed to request enable GPIO30: -517
[    0.073034] reg-fixed-voltage regulators:regulator@3: Failed to register regulator: -517
[    0.073078] usb1_vbus: Failed to request enable GPIO238: -517
[    0.073085] reg-fixed-voltage regulators:regulator@4: Failed to register regulator: -517
[    0.073127] usb3_vbus: Failed to request enable GPIO236: -517
[    0.073134] reg-fixed-voltage regulators:regulator@5: Failed to register regulator: -517
[    0.073219] sys_3v3_pexs: Failed to request enable GPIO95: -517
[    0.073226] reg-fixed-voltage regulators:regulator@7: Failed to register regulator: -517
[    0.075348] vgaarb: loaded
[    0.075964] SCSI subsystem initialized
[    0.076080] libata version 3.00 loaded.
[    0.076269] usbcore: registered new interface driver usbfs
[    0.076305] usbcore: registered new interface driver hub
[    0.076340] usbcore: registered new device driver usb
[    0.131729] pps_core: LinuxPPS API ver. 1 registered
[    0.131738] pps_core: Software ver. 5.3.6 - Copyright 2005-2007 Rodolfo Giometti <giometti@linux.it>
[    0.131754] PTP clock support registered
[    0.131901] EDAC MC: Ver: 3.0.0
[    0.133524] clocksource: Switched to clocksource timer_us
[    0.139449] NET: Registered protocol family 2
[    0.139856] TCP established hash table entries: 8192 (order: 3, 32768 bytes)
[    0.139910] TCP bind hash table entries: 8192 (order: 4, 65536 bytes)
[    0.139993] TCP: Hash tables configured (established 8192 bind 8192)
[    0.140087] UDP hash table entries: 512 (order: 2, 16384 bytes)
[    0.140160] UDP-Lite hash table entries: 512 (order: 2, 16384 bytes)
[    0.140348] NET: Registered protocol family 1
[    0.140620] RPC: Registered named UNIX socket transport module.
[    0.140627] RPC: Registered udp transport module.
[    0.140631] RPC: Registered tcp transport module.
[    0.140635] RPC: Registered tcp NFSv4.1 backchannel transport module.
[    0.140654] PCI: CLS 0 bytes, default 64
[    0.141419] hw perfevents: enabled with armv7_cortex_a9 PMU driver, 7 counters available
[    0.142413] futex hash table entries: 1024 (order: 4, 65536 bytes)
[    0.143002] workingset: timestamp_bits=28 max_order=19 bucket_order=0
[    0.148694] squashfs: version 4.0 (2009/01/31) Phillip Lougher
[    0.149187] NFS: Registering the id_resolver key type
[    0.149223] Key type id_resolver registered
[    0.149227] Key type id_legacy registered
[    0.149273] ntfs: driver 2.1.32 [Flags: R/O].
[    0.150147] bounce: pool size: 64 pages
[    0.150275] Block layer SCSI generic (bsg) driver version 0.4 loaded (major 248)
[    0.150288] io scheduler noop registered
[    0.150295] io scheduler deadline registered
[    0.150317] io scheduler cfq registered (default)
[    0.155691] tegra30-pinctrl 70000868.pinmux: invalid group "sdmmc3_dat6_pd3" for function "rsvd1"
[    0.155705] tegra30-pinctrl 70000868.pinmux: invalid group "sdmmc3_dat7_pd4" for function "rsvd1"
[    0.155719] tegra30-pinctrl 70000868.pinmux: invalid group "vi_vsync_pd6" for function "rsvd1"
[    0.155729] tegra30-pinctrl 70000868.pinmux: invalid group "vi_hsync_pd7" for function "rsvd1"
[    0.156205] tegra30-pinctrl 70000868.pinmux: invalid group "hdmi_int_pn7" for function "rsvd1"
[    0.156250] tegra30-pinctrl 70000868.pinmux: invalid group "ulpi_data3_po4" for function "rsvd1"
[    0.156588] tegra30-pinctrl 70000868.pinmux: invalid group "vi_d10_pt2" for function "rsvd1"
[    0.156601] tegra30-pinctrl 70000868.pinmux: invalid group "vi_d11_pt3" for function "rsvd1"
[    0.156613] tegra30-pinctrl 70000868.pinmux: invalid group "vi_d0_pt4" for function "rsvd1"
[    0.156655] tegra30-pinctrl 70000868.pinmux: invalid group "pu0" for function "rsvd1"
[    0.156687] tegra30-pinctrl 70000868.pinmux: invalid group "pu3" for function "rsvd1"
[    0.156718] tegra30-pinctrl 70000868.pinmux: invalid group "pu6" for function "rsvd1"
[    0.156758] tegra30-pinctrl 70000868.pinmux: invalid group "pv3" for function "rsvd1"
[    0.157269] tegra30-pinctrl 70000868.pinmux: invalid group "pbb0" for function "rsvd1"
[    0.157386] tegra30-pinctrl 70000868.pinmux: invalid group "pcc1" for function "rsvd1"
[    0.162701] tegra-pcie 3000.pcie-controller: 2x3 configuration
[    0.162818] vdd_1v5_gen: supplied by vdd_5v_in
[    0.162866] vdd_pexa,vdd_pexb: supplied by vdd_1v5_gen
[    0.162961] tegra-pcie 3000.pcie-controller: Failed to get supply 'hvdd-pex': -517
[    0.166842] tegra-apbdma 6000a000.dma: Tegra20 APB DMA driver register 32 channels
[    0.168004] tegra-pmc 7000e400.pmc: i2c-thermtrip node not found, emergency thermal reset disabled.
[    0.200277] Serial: 8250/16550 driver, 4 ports, IRQ sharing disabled
[    0.202429] console [ttyS0] disabled
[    0.202470] 70006000.serial: ttyS0 at MMIO 0x70006000 (irq = 331, base_baud = 25500000) is a Tegra
[    1.126028] console [ttyS0] enabled
[    1.130027] SuperH (H)SCI(F) driver initialized
[    1.135139] msm_serial: driver initialized
[    1.139350] STMicroelectronics ASC driver initialized
[    1.146007] [drm] Initialized drm 1.1.0 20060810
[    1.152491] tegra-hdmi 54280000.hdmi: failed to get HDMI regulator
[    1.166426] brd: module loaded
[    1.173411] loop: module loaded
[    1.181678] m25p80 spi32766.1: w25q32 (4096 Kbytes)
[    1.188580] libphy: Fixed MDIO Bus: probed
[    1.193079] CAN device driver interface
[    1.198055] igb: Intel(R) Gigabit Ethernet Network Driver - version 5.3.0-k
[    1.205010] igb: Copyright (c) 2007-2014 Intel Corporation.
[    1.212429] pegasus: v0.9.3 (2013/04/25), Pegasus/Pegasus II USB Ethernet driver
[    1.219878] usbcore: registered new interface driver pegasus
[    1.225572] usbcore: registered new interface driver asix
[    1.230995] usbcore: registered new interface driver ax88179_178a
[    1.237108] usbcore: registered new interface driver cdc_ether
[    1.242980] usbcore: registered new interface driver smsc75xx
[    1.248765] usbcore: registered new interface driver smsc95xx
[    1.254532] usbcore: registered new interface driver net1080
[    1.260216] usbcore: registered new interface driver cdc_subset
[    1.266154] usbcore: registered new interface driver zaurus
[    1.271780] usbcore: registered new interface driver cdc_ncm
[    1.278829] ehci_hcd: USB 2.0 'Enhanced' Host Controller (EHCI) Driver
[    1.285356] ehci-pci: EHCI PCI platform driver
[    1.289824] ehci-platform: EHCI generic platform driver
[    1.295165] ehci-omap: OMAP-EHCI Host Controller driver
[    1.300463] ehci-orion: EHCI orion driver
[    1.304546] SPEAr-ehci: EHCI SPEAr driver
[    1.308631] ehci-st: EHCI STMicroelectronics driver
[    1.313590] ehci-exynos: EHCI EXYNOS driver
[    1.317851] ehci-atmel: EHCI Atmel driver
[    1.321937] tegra-ehci: Tegra EHCI driver
[    1.326272] ohci_hcd: USB 1.1 'Open' Host Controller (OHCI) Driver
[    1.332462] ohci-pci: OHCI PCI platform driver
[    1.336936] ohci-platform: OHCI generic platform driver
[    1.342258] ohci-omap3: OHCI OMAP3 driver
[    1.346344] SPEAr-ohci: OHCI SPEAr driver
[    1.350429] ohci-st: OHCI STMicroelectronics driver
[    1.355380] ohci-atmel: OHCI Atmel driver
[    1.359828] usbcore: registered new interface driver usb-storage
[    1.366849] mousedev: PS/2 mouse device common for all mice
[    1.374475] tegra_rtc 7000e000.rtc: rtc core: registered 7000e000.rtc as rtc1
[    1.381640] tegra_rtc 7000e000.rtc: Tegra internal Real Time Clock
[    1.400341] tps65910-rtc tps65910-rtc: rtc core: registered tps65910-rtc as rtc0
[    1.407939] i2c /dev entries driver
[    1.418298] sdhci: Secure Digital Host Controller Interface driver
[    1.424484] sdhci: Copyright(c) Pierre Ossman
[    1.429777] Synopsys Designware Multimedia Card Interface Driver
[    1.436424] sdhci-pltfm: SDHCI platform and OF driver helper
[    1.442625] sdhci-tegra 78000000.sdhci: Got CD GPIO
[    1.447512] sdhci-tegra 78000000.sdhci: Got WP GPIO
[    1.453549] mmc0: Invalid maximum block size, assuming 512 bytes
[    1.493609] mmc0: SDHCI controller on 78000000.sdhci [78000000.sdhci] using ADMA
[    1.502237] mmc1: Invalid maximum block size, assuming 512 bytes
[    1.548530] mmc1: SDHCI controller on 78000600.sdhci [78000600.sdhci] using ADMA
[    1.557207] ledtrig-cpu: registered to indicate activity on CPUs
[    1.563445] usbcore: registered new interface driver usbhid
[    1.569014] usbhid: USB HID core driver
[    1.576164] NET: Registered protocol family 10
[    1.581167] sit: IPv6 over IPv4 tunneling driver
[    1.586220] NET: Registered protocol family 17
[    1.590679] can: controller area network core (rev 20120528 abi 9)
[    1.596897] NET: Registered protocol family 29
[    1.601342] can: raw protocol (rev 20120528)
[    1.605610] can: broadcast manager protocol (rev 20120528 t)
[    1.611267] can: netlink gateway (rev 20130117) max_hops=1
[    1.617044] Key type dns_resolver registered
[    1.621722] ThumbEE CPU extension supported.
[    1.626004] Registering SWP/SWPB emulation handler
[    1.648637] tegra-pcie 3000.pcie-controller: 2x3 configuration
[    1.656632] sys_3v3,vdd_3v3_alw: supplied by vdd_5v_in
[    1.663817] sys_3v3_pexs: supplied by sys_3v3,vdd_3v3_alw
[    1.673423] tegra-pcie 3000.pcie-controller: probing port 0, using 2 lanes
[    1.727907] mmc0: error -110 whilst initialising SD card
[    1.740645] tegra-pcie 3000.pcie-controller: probing port 2, using 2 lanes
[    1.755873] mmc1: new high speed MMC card at address 0001
[    1.765414] mmcblk1: mmc1:0001 SEM16G 14.8 GiB 
[    1.771243] mmcblk1boot0: mmc1:0001 SEM16G partition 1 1.00 MiB
[    1.777602] mmcblk1boot1: mmc1:0001 SEM16G partition 2 1.00 MiB
[    1.803615] mmcblk1rpmb: mmc1:0001 SEM16G partition 3 128 KiB
[    1.863801] Primary GPT is invalid, using alternate GPT.
[    1.869122]  mmcblk1: p1 p2 p3 p4 p5
[    2.151432] tegra-pcie 3000.pcie-controller: link 2 down, retrying
[    2.561367] tegra-pcie 3000.pcie-controller: link 2 down, retrying
[    2.980052] tegra-pcie 3000.pcie-controller: link 2 down, retrying
[    2.988236] tegra-pcie 3000.pcie-controller: link 2 down, ignoring
[    2.994540] tegra-pcie 3000.pcie-controller: PCI host bridge to bus 0000:00
[    3.001499] pci_bus 0000:00: root bus resource [io  0x0000-0xffff]
[    3.007669] pci_bus 0000:00: root bus resource [mem 0x20000000-0x27ffffff]
[    3.014533] pci_bus 0000:00: root bus resource [mem 0x28000000-0x3fffffff pref]
[    3.021829] pci_bus 0000:00: root bus resource [bus 00-ff]
[    3.027329] pci 0000:00:01.0: [10de:0e1c] type 01 class 0x060400
[    3.033391] pci 0000:00:01.0: PME# supported from D0 D1 D2 D3hot D3cold
[    3.040152] PCI: bus0: Fast back to back transfers disabled
[    3.045722] pci 0000:00:01.0: bridge configuration invalid ([bus 00-00]), reconfiguring
[    3.053815] pci 0000:01:00.0: [10ec:8168] type 00 class 0x020000
[    3.059828] pci 0000:01:00.0: reg 0x10: [io  0x0000-0x00ff]
[    3.065406] pci 0000:01:00.0: reg 0x18: [mem 0x00000000-0x00000fff 64bit pref]
[    3.072625] pci 0000:01:00.0: reg 0x20: [mem 0x00000000-0x00003fff 64bit pref]
[    3.079908] pci 0000:01:00.0: supports D1 D2
[    3.084172] pci 0000:01:00.0: PME# supported from D0 D1 D2 D3hot D3cold
[    3.098547] PCI: bus1: Fast back to back transfers disabled
[    3.104116] pci_bus 0000:01: busn_res: [bus 01-ff] end is updated to 01
[    3.110783] pci 0000:00:01.0: BAR 9: assigned [mem 0x28000000-0x280fffff 64bit pref]
[    3.118517] pci 0000:00:01.0: BAR 7: assigned [io  0x1000-0x1fff]
[    3.124606] pci 0000:01:00.0: BAR 4: assigned [mem 0x28000000-0x28003fff 64bit pref]
[    3.132346] pci 0000:01:00.0: BAR 2: assigned [mem 0x28004000-0x28004fff 64bit pref]
[    3.140084] pci 0000:01:00.0: BAR 0: assigned [io  0x1000-0x10ff]
[    3.146170] pci 0000:00:01.0: PCI bridge to [bus 01]
[    3.151127] pci 0000:00:01.0:   bridge window [io  0x1000-0x1fff]
[    3.157211] pci 0000:00:01.0:   bridge window [mem 0x28000000-0x280fffff 64bit pref]
[    3.164955] pci 0000:00:01.0: nv_msi_ht_cap_quirk didn't locate host bridge
[    3.172009] pcieport 0000:00:01.0: enabling device (0140 -> 0143)
[    3.178237] pcieport 0000:00:01.0: Signaling PME through PCIe PME interrupt
[    3.185192] pci 0000:01:00.0: Signaling PME through PCIe PME interrupt
[    3.191710] pcie_pme 0000:00:01.0:pcie01: service driver pcie_pme loaded
[    3.198584] r8169 Gigabit Ethernet driver 2.3LK-NAPI loaded
[    3.204167] r8169 0000:01:00.0: enabling device (0140 -> 0143)
[    3.211306] r8169 0000:01:00.0 eth0: RTL8168evl/8111evl at 0xf09f2000, 02:04:4b:01:60:a6, XID 0c900800 IRQ 375
[    3.221296] r8169 0000:01:00.0 eth0: jumbo features [frames: 9200 bytes, tx checksumming: ko]
[    3.230756] +VDD_5V_HDMI: supplied by sys_3v3,vdd_3v3_alw
[    3.236259] vdd_1v8_gen: supplied by vdd_5v_in
[    3.242525] [drm] Supports vblank timestamp caching Rev 2 (21.10.2013).
[    3.249141] [drm] No driver support for vblank timestamp query.
[    3.255078] drm drm: No connectors reported connected with modes
[    3.261083] [drm] Cannot find any crtc or sizes - going 1024x768
[    3.297376] Console: switching to colour frame buffer device 128x48
[    3.309960] drm drm: fb0:  frame buffer device
[    3.413530] [drm] Initialized tegra 0.0.0 20120330 on minor 0
[    3.422251] usb3_vbus: supplied by vdd_5v_in
[    3.428743] utmi_phy_clk_enable: timeout waiting for phy to stabilize
[    3.435203] tegra-ehci 7d004000.usb: EHCI Host Controller
[    3.440614] tegra-ehci 7d004000.usb: new USB bus registered, assigned bus number 1
[    3.448466] tegra-ehci 7d004000.usb: irq 343, io mem 0x7d004000
[    3.463536] tegra-ehci 7d004000.usb: USB 2.0 started, EHCI 1.00
[    3.470401] hub 1-0:1.0: USB hub found
[    3.474179] hub 1-0:1.0: 1 port detected
[    3.479135] tegra-ehci 7d008000.usb: EHCI Host Controller
[    3.484545] tegra-ehci 7d008000.usb: new USB bus registered, assigned bus number 2
[    3.492325] tegra-ehci 7d008000.usb: irq 344, io mem 0x7d008000
[    3.503533] tegra-ehci 7d008000.usb: USB 2.0 started, EHCI 1.00
[    3.510297] hub 2-0:1.0: USB hub found
[    3.514062] hub 2-0:1.0: 1 port detected
[    3.522839] tps65910-rtc tps65910-rtc: setting system clock to 2000-01-01 00:00:02 UTC (946684802)
[    3.536439] vdd_sata,avdd_plle: disabling
[    3.540836] usb1_vbus: disabling
[    3.546057] EXT4-fs (mmcblk1p1): mounting ext3 file system using the ext4 subsystem
[    3.561185] EXT4-fs (mmcblk1p1): warning: mounting fs with errors, running e2fsck is recommended
[    3.571415] EXT4-fs (mmcblk1p1): recovery complete
[    3.576217] EXT4-fs (mmcblk1p1): mounted filesystem with ordered data mode. Opts: (null)
[    3.584326] VFS: Mounted root (ext3 filesystem) on device 179:1.
[    3.601454] devtmpfs: mounted
[    3.607546] Freeing unused kernel memory: 2048K (c1100000 - c1300000)
bash: cannot set terminal process group (-1): Inappropriate ioctl for device
bash: no job control in this shell
root@(none):/# [    3.823556] usb 2-1: new high-speed USB device number 2 using tegra-ehci
mount -t sysfs none /sys
root@(none):/# 
root@(none):/# [    4.762130] asix 2-1:1.0 eth1: register 'asix' at usb-7d008000.usb-1, ASIX AX88772 USB 2.0 Ethernet, 00:50:b6:0f:67:60
mount -t debugfs none /sys/kernel/debug
root@(none):/# 
root@(none):/# rtcwake -d rtc1 -m mem -s 3
rtcwake: wakeup from "mem" using /dev/rtc1 at Thu Jan  1 00:00:21 1970
[    6.455754] PM: Syncing filesystems ... done.
[    6.470044] Freezing user space processes ... (elapsed 0.001 seconds) done.
[    6.478169] Freezing remaining freezable tasks ... (elapsed 0.001 seconds) done.
[    6.486804] Suspending console(s) (use no_console_suspend to debug)
[    6.528268] PM: suspend of devices complete after 34.175 msecs
[    6.529803] PM: late suspend of devices complete after 1.527 msecs
[    6.543986] PM: noirq suspend of devices complete after 14.175 msecs
[    6.543989] Disabling non-boot CPUs ...
[    6.544641] CPU1: shutdown
[    6.569948] CPU2: shutdown
[    6.584447] IRQ17 no longer affine to CPU3
[    6.584653] CPU3: shutdown
[    6.599037] Entering suspend state LP1
[    6.599048] Enabling non-boot CPUs ...
[    6.624543] CPU1 is up
[    6.649658] CPU2 is up
[    6.674815] CPU3 is up
[    6.675442] pcieport 0000:00:01.0: nv_msi_ht_cap_quirk didn't locate host bridge
[    6.688590] PM: noirq resume of devices complete after 13.767 msecs
[    6.690225] PM: early resume of devices complete after 1.426 msecs
[    6.755765] PM: resume of devices complete after 65.531 msecs
[    6.830969] Restarting tasks ... done.
root@(none):/# 
root@(none):/# rtcwake -d rtc1 -m mem -s 3
rtcwake: wakeup from "mem" using /dev/rtc1 at Thu Jan  1 00:00:25 1970
[    7.230006] PM: Syncing filesystems ... done.
[   11.105898] Freezing user space processes ... (elapsed 0.001 seconds) done.
[   11.114015] Freezing remaining freezable tasks ... (elapsed 0.001 seconds) done.
[   11.122622] Suspending console(s) (use no_console_suspend to debug)
