
U-Boot SPL 2014.07-00097-g772e173 (Jul 25 2014 - 20:02:52)


U-Boot 2014.07-00097-g772e173 (Jul 25 2014 - 20:02:52)

TEGRA124
Board: NVIDIA Jetson TK1
I2C:   ready
DRAM:  2 GiB
MMC:   Tegra SD/MMC: 0, Tegra SD/MMC: 1
In:    serial
Out:   serial
Err:   serial
Net:   Net Initialization Skipped
No ethernet found.
Hit any key to stop autoboot:  2  0 
Tegra124 (Jetson TK1) # 
Tegra124 (Jetson TK1) # usb reset
(Re)start USB...
USB0:   USB EHCI 1.10
scanning bus 0 for devices... 1 USB Device(s) found
USB1:   USB EHCI 1.10
scanning bus 1 for devices... 2 USB Device(s) found
       scanning usb for storage devices... 0 Storage Device(s) found
       scanning usb for ethernet devices... 
Warning: asx0 using MAC address from net device
1 Ethernet Device(s) found
Tegra124 (Jetson TK1) # setenv bootargs 'ignore_loglevel console=ttyS0,115200n8 rw root=/dev/mmcblk0p1 rootwait gpt debug init=/bin/bash noinitrd'
Tegra124 (Jetson TK1) # setenv ipaddr 192.168.100.102; setenv serverip 192.168.100.1; setenv tftpserverip 192.168.100.1
Tegra124 (Jetson TK1) # tftpboot 0x81000000 zImage.multi_v7_defconfig
Using asx0 device
TFTP from server 192.168.100.1; our IP address is 192.168.100.102
Filename 'zImage.multi_v7_defconfig'.
Load address: 0x81000000
Loading: *#################################################################
	 #################################################################
	 #################################################################
	 #################################################################
	 #################################################################
	 #################################################################
	 ################################################
	 3.2 MiB/s
done
Bytes transferred = 6422544 (620010 hex)
Tegra124 (Jetson TK1) # tftpboot 0x82000000 tegra124-jetson-tk1.dtb
Using asx0 device
TFTP from server 192.168.100.1; our IP address is 192.168.100.102
Filename 'tegra124-jetson-tk1.dtb'.
Load address: 0x82000000
Loading: *#####
	 2.9 MiB/s
done
Bytes transferred = 64210 (fad2 hex)
Tegra124 (Jetson TK1) # bootz 0x81000000 - 0x82000000
Kernel image @ 0x81000000 [ 0x000000 - 0x620010 ]
## Flattened Device Tree blob at 82000000
   Booting using the fdt blob at 0x82000000
   Using Device Tree in place at 82000000, end 82012ad1

Starting kernel ...

[    0.000000] Booting Linux on physical CPU 0x0
[    0.000000] Linux version 4.3.0-rc1-39922-g6ff33f3 (pwalmsley@sellafield) (gcc version 4.7.3 20130328 (prerelease) (crosstool-NG linaro-1.13.1-4.7-2013.04-20130415 - Linaro GCC 2013.04) ) #1 SMP Sat Sep 12 17:03:24 PDT 2015
[    0.000000] CPU: ARMv7 Processor [413fc0f3] revision 3 (ARMv7), cr=10c5387d
[    0.000000] CPU: PIPT / VIPT nonaliasing data cache, PIPT instruction cache
[    0.000000] Machine model: NVIDIA Tegra124 Jetson TK1
[    0.000000] debug: ignoring loglevel setting.
[    0.000000] cma: Reserved 64 MiB at 0xfb800000
[    0.000000] Memory policy: Data cache writealloc
[    0.000000] On node 0 totalpages: 524032
[    0.000000] free_area_init_node: node 0, pgdat c0f773c0, node_mem_map ee7f8000
[    0.000000]   DMA zone: 1520 pages used for memmap
[    0.000000]   DMA zone: 0 pages reserved
[    0.000000]   DMA zone: 194560 pages, LIFO batch:31
[    0.000000]   HighMem zone: 329472 pages, LIFO batch:31
[    0.000000] PERCPU: Embedded 12 pages/cpu @ee78f000 s19136 r8192 d21824 u49152
[    0.000000] pcpu-alloc: s19136 r8192 d21824 u49152 alloc=12*4096
[    0.000000] pcpu-alloc: [0] 0 [0] 1 [0] 2 [0] 3 
[    0.000000] Built 1 zonelists in Zone order, mobility grouping on.  Total pages: 522512
[    0.000000] Kernel command line: ignore_loglevel console=ttyS0,115200n8 rw root=/dev/mmcblk0p1 rootwait gpt debug init=/bin/bash noinitrd
[    0.000000] PID hash table entries: 4096 (order: 2, 16384 bytes)
[    0.000000] Dentry cache hash table entries: 131072 (order: 7, 524288 bytes)
[    0.000000] Inode-cache hash table entries: 65536 (order: 6, 262144 bytes)
[    0.000000] Memory: 1998784K/2096128K available (8095K kernel code, 1012K rwdata, 3624K rodata, 1028K init, 340K bss, 31808K reserved, 65536K cma-reserved, 1252352K highmem)
[    0.000000] Virtual kernel memory layout:
[    0.000000]     vector  : 0xffff0000 - 0xffff1000   (   4 kB)
[    0.000000]     fixmap  : 0xffc00000 - 0xfff00000   (3072 kB)
[    0.000000]     vmalloc : 0xf0000000 - 0xff000000   ( 240 MB)
[    0.000000]     lowmem  : 0xc0000000 - 0xef800000   ( 760 MB)
[    0.000000]     pkmap   : 0xbfe00000 - 0xc0000000   (   2 MB)
[    0.000000]     modules : 0xbf000000 - 0xbfe00000   (  14 MB)
[    0.000000]       .text : 0xc0208000 - 0xc0d7ae78   (11724 kB)
[    0.000000]       .init : 0xc0d7b000 - 0xc0e7c000   (1028 kB)
[    0.000000]       .data : 0xc0e7c000 - 0xc0f793a0   (1013 kB)
[    0.000000]        .bss : 0xc0f7c000 - 0xc0fd12e8   ( 341 kB)
[    0.000000] SLUB: HWalign=64, Order=0-3, MinObjects=0, CPUs=4, Nodes=1
[    0.000000] Hierarchical RCU implementation.
[    0.000000] 	Build-time adjustment of leaf fanout to 32.
[    0.000000] 	RCU restricting CPUs from NR_CPUS=16 to nr_cpu_ids=4.
[    0.000000] RCU: Adjusting geometry for rcu_fanout_leaf=32, nr_cpu_ids=4
[    0.000000] NR_IRQS:16 nr_irqs:16 16
[    0.000000] /interrupt-controller@60004000: 160 interrupts forwarded to /interrupt-controller@0,50041000
[    0.000000] L2C: failed to init: -19
[    0.000009] sched_clock: 32 bits at 1000kHz, resolution 1000ns, wraps every 2147483647500ns
[    0.000027] clocksource: timer_us: mask: 0xffffffff max_cycles: 0xffffffff, max_idle_ns: 1911260446275 ns
[    0.000041] Switching to timer-based delay loop, resolution 1000ns
[    0.004800] Architected cp15 timer(s) running at 12.00MHz (virt).
[    0.004817] clocksource: arch_sys_counter: mask: 0xffffffffffffff max_cycles: 0x2c47f4ee7, max_idle_ns: 440795202497 ns
[    0.004835] sched_clock: 56 bits at 12MHz, resolution 83ns, wraps every 4398046511096ns
[    0.004847] Switching to timer-based delay loop, resolution 83ns
[    0.005269] Console: colour dummy device 80x30
[    0.005292] Calibrating delay loop (skipped), value calculated using timer frequency.. 24.00 BogoMIPS (lpj=60000)
[    0.005306] pid_max: default: 32768 minimum: 301
[    0.005420] Mount-cache hash table entries: 2048 (order: 1, 8192 bytes)
[    0.005432] Mountpoint-cache hash table entries: 2048 (order: 1, 8192 bytes)
[    0.006026] CPU: Testing write buffer coherency: ok
[    0.006239] /cpus/cpu@0 missing clock-frequency property
[    0.006276] /cpus/cpu@1 missing clock-frequency property
[    0.006313] /cpus/cpu@2 missing clock-frequency property
[    0.006352] /cpus/cpu@3 missing clock-frequency property
[    0.006363] CPU0: thread -1, cpu 0, socket 0, mpidr 80000000
[    0.006414] Setting up static identity map for 0x80209000 - 0x80209098
[    0.009557] Tegra Revision: A01 SKU: 129 CPU Process: 1 SoC Process: 1
[    0.010837] CPU1: thread -1, cpu 1, socket 0, mpidr 80000001
[    0.011357] CPU2: thread -1, cpu 2, socket 0, mpidr 80000002
[    0.011868] CPU3: thread -1, cpu 3, socket 0, mpidr 80000003
[    0.011932] Brought up 4 CPUs
[    0.011952] SMP: Total of 4 processors activated (96.00 BogoMIPS).
[    0.011960] CPU: All CPU(s) started in SVC mode.
[    0.013345] devtmpfs: initialized
[    0.032508] VFP support v0.3: implementor 41 architecture 4 part 30 variant f rev 0
[    0.033293] clocksource: jiffies: mask: 0xffffffff max_cycles: 0xffffffff, max_idle_ns: 9556302231375000 ns
[    0.035011] pinctrl core: initialized pinctrl subsystem
[    0.036598] NET: Registered protocol family 16
[    0.038560] DMA: preallocated 256 KiB pool for atomic coherent allocations
[    0.054610] cpuidle: using governor ladder
[    0.069628] cpuidle: using governor menu
[    0.073555] gpiochip_add: GPIOs 0..255 (tegra-gpio) failed to register
[    0.085033] No ATAGs?
[    0.085068] hw-breakpoint: found 5 (+1 reserved) breakpoint and 4 watchpoint registers.
[    0.085078] hw-breakpoint: maximum watchpoint size is 8 bytes.
[    0.089811] Serial: AMBA PL011 UART driver
[    0.123563] vgaarb: loaded
[    0.124333] SCSI subsystem initialized
[    0.124520] libata version 3.00 loaded.
[    0.124861] usbcore: registered new interface driver usbfs
[    0.124928] usbcore: registered new interface driver hub
[    0.124993] usbcore: registered new device driver usb
[    0.128627] pps_core: LinuxPPS API ver. 1 registered
[    0.128637] pps_core: Software ver. 5.3.6 - Copyright 2005-2007 Rodolfo Giometti <giometti@linux.it>
[    0.128666] PTP clock support registered
[    0.128899] EDAC MC: Ver: 3.0.0
[    0.132278] clocksource: Switched to clocksource arch_sys_counter
[    0.144046] NET: Registered protocol family 2
[    0.144580] TCP established hash table entries: 8192 (order: 3, 32768 bytes)
[    0.144680] TCP bind hash table entries: 8192 (order: 4, 65536 bytes)
[    0.144867] TCP: Hash tables configured (established 8192 bind 8192)
[    0.144918] UDP hash table entries: 512 (order: 2, 16384 bytes)
[    0.144959] UDP-Lite hash table entries: 512 (order: 2, 16384 bytes)
[    0.145124] NET: Registered protocol family 1
[    0.145382] RPC: Registered named UNIX socket transport module.
[    0.145392] RPC: Registered udp transport module.
[    0.145399] RPC: Registered tcp transport module.
[    0.145406] RPC: Registered tcp NFSv4.1 backchannel transport module.
[    0.145426] PCI: CLS 0 bytes, default 64
[    0.146398] hw perfevents: enabled with armv7_cortex_a15 PMU driver, 7 counters available
[    0.147985] futex hash table entries: 1024 (order: 4, 65536 bytes)
[    0.160324] squashfs: version 4.0 (2009/01/31) Phillip Lougher
[    0.161265] NFS: Registering the id_resolver key type
[    0.161304] Key type id_resolver registered
[    0.161312] Key type id_legacy registered
[    0.161384] ntfs: driver 2.1.32 [Flags: R/O].
[    0.162818] bounce: pool size: 64 pages
[    0.163041] Block layer SCSI generic (bsg) driver version 0.4 loaded (major 249)
[    0.163060] io scheduler noop registered
[    0.163075] io scheduler deadline registered
[    0.163115] io scheduler cfq registered (default)
[    0.180328] tegra-pcie 1003000.pcie-controller: 2x1, 1x1 configuration
[    0.180376] tegra-pcie 1003000.pcie-controller: Failed to get supply 'avddio-pex': -517
[    0.187771] tegra-apbdma 60020000.dma: Tegra20 APB DMA driver register 32 channels
[    0.189149] tegra-pmc 7000e400.pmc: emergency thermal reset enabled
[    0.252524] Serial: 8250/16550 driver, 4 ports, IRQ sharing disabled
[    0.254987] SuperH (H)SCI(F) driver initialized
[    0.255968] msm_serial: driver initialized
[    0.256807] console [ttyS0] disabled
[    0.256842] 70006300.serial: ttyS0 at MMIO 0x70006300 (irq = 75, base_baud = 25500000) is a Tegra
[    0.996187] console [ttyS0] enabled
[    1.000505] STMicroelectronics ASC driver initialized
[    1.008006] [drm] Initialized drm 1.1.0 20060810
[    1.015018] tegra-hdmi 54280000.hdmi: failed to get HDMI regulator
[    1.029331] loop: module loaded
[    1.032796] at24 0-0056: 256 byte 24c02 EEPROM, writable, 8 bytes/write
[    1.040703] as3722 4-0040: AS3722 with revision 0x1 found
[    1.064171] +5V_SYS: supplied by +VDD_MUX
[    1.068237] +1.05V_RUN: supplied by +5V_SYS
[    1.072535] tegra-ahci 70027000.sata: Failed to get supply 'hvdd': -517
[    1.079209] tegra-ahci 70027000.sata: Failed to get regulators
[    1.090155] m25p80 spi32765.0: w25q32dw (4096 Kbytes)
[    1.098767] CAN device driver interface
[    1.103998] igb: Intel(R) Gigabit Ethernet Network Driver - version 5.3.0-k
[    1.110966] igb: Copyright (c) 2007-2014 Intel Corporation.
[    1.119731] pegasus: v0.9.3 (2013/04/25), Pegasus/Pegasus II USB Ethernet driver
[    1.127188] usbcore: registered new interface driver pegasus
[    1.132935] usbcore: registered new interface driver asix
[    1.138399] usbcore: registered new interface driver ax88179_178a
[    1.144554] usbcore: registered new interface driver cdc_ether
[    1.150471] usbcore: registered new interface driver smsc75xx
[    1.156302] usbcore: registered new interface driver smsc95xx
[    1.162109] usbcore: registered new interface driver net1080
[    1.167833] usbcore: registered new interface driver cdc_subset
[    1.173814] usbcore: registered new interface driver zaurus
[    1.179494] usbcore: registered new interface driver cdc_ncm
[    1.185428] tegra-phy 7d004000.usb-phy: no vbus regulator
[    1.193190] ehci_hcd: USB 2.0 'Enhanced' Host Controller (EHCI) Driver
[    1.199733] ehci-pci: EHCI PCI platform driver
[    1.204244] ehci-platform: EHCI generic platform driver
[    1.209703] ehci-omap: OMAP-EHCI Host Controller driver
[    1.215092] ehci-orion: EHCI orion driver
[    1.219266] SPEAr-ehci: EHCI SPEAr driver
[    1.223444] ehci-st: EHCI STMicroelectronics driver
[    1.228494] ehci-exynos: EHCI EXYNOS driver
[    1.232868] ehci-atmel: EHCI Atmel driver
[    1.237027] tegra-ehci: Tegra EHCI driver
[    1.241382] tegra-ehci 7d004000.usb: EHCI Host Controller
[    1.246815] tegra-ehci 7d004000.usb: new USB bus registered, assigned bus number 1
[    1.254573] tegra-ehci 7d004000.usb: irq 92, io mem 0x7d004000
[    1.267301] tegra-ehci 7d004000.usb: USB 2.0 started, EHCI 1.10
[    1.274064] hub 1-0:1.0: USB hub found
[    1.277860] hub 1-0:1.0: 1 port detected
[    1.282424] ohci_hcd: USB 1.1 'Open' Host Controller (OHCI) Driver
[    1.288629] ohci-pci: OHCI PCI platform driver
[    1.293144] ohci-platform: OHCI generic platform driver
[    1.298562] ohci-omap3: OHCI OMAP3 driver
[    1.302738] SPEAr-ohci: OHCI SPEAr driver
[    1.306899] ohci-st: OHCI STMicroelectronics driver
[    1.311948] ohci-atmel: OHCI Atmel driver
[    1.316215] usbcore: registered new interface driver usb-storage
[    1.323835] mousedev: PS/2 mouse device common for all mice
[    1.333300] as3722-rtc as3722-rtc: rtc core: registered as3722-rtc as rtc0
[    1.340187] as3722-rtc as3722-rtc: RTC interrupt 115
[    1.348548] tegra_rtc 7000e000.rtc: rtc core: registered 7000e000.rtc as rtc1
[    1.355731] tegra_rtc 7000e000.rtc: Tegra internal Real Time Clock
[    1.362544] i2c /dev entries driver
[    1.376086] sdhci: Secure Digital Host Controller Interface driver
[    1.382292] sdhci: Copyright(c) Pierre Ossman
[    1.388349] Synopsys Designware Multimedia Card Interface Driver
[    1.395539] sdhci-pltfm: SDHCI platform and OF driver helper
[    1.402081] mmc0: Unknown controller version (3). You may experience problems.
[    1.409408] sdhci-tegra 700b0600.sdhci: No vmmc regulator found
[    1.415340] sdhci-tegra 700b0600.sdhci: No vqmmc regulator found
[    1.421352] mmc0: Invalid maximum block size, assuming 512 bytes
[    1.462298] mmc0: SDHCI controller on 700b0600.sdhci [700b0600.sdhci] using ADMA 64-bit
[    1.471926] ledtrig-cpu: registered to indicate activity on CPUs
[    1.478191] usbcore: registered new interface driver usbhid
[    1.483771] usbhid: USB HID core driver
[    1.496442] NET: Registered protocol family 10
[    1.501594] sit: IPv6 over IPv4 tunneling driver
[    1.506281] mmc0: MAN_BKOPS_EN bit is not set
[    1.507016] NET: Registered protocol family 17
[    1.507036] can: controller area network core (rev 20120528 abi 9)
[    1.507114] NET: Registered protocol family 29
[    1.507129] can: raw protocol (rev 20120528)
[    1.507141] can: broadcast manager protocol (rev 20120528 t)
[    1.507159] can: netlink gateway (rev 20130117) max_hops=1
[    1.507664] Key type dns_resolver registered
[    1.511154] ThumbEE CPU extension supported.
[    1.511175] Registering SWP/SWPB emulation handler
[    1.558697] tegra-pcie 1003000.pcie-controller: 2x1, 1x1 configuration
[    1.559929] mmc0: new high speed MMC card at address 0001
[    1.561104] mmcblk0: mmc0:0001 SEM16G 14.6 GiB 
[    1.561841] mmcblk0boot0: mmc0:0001 SEM16G partition 1 4.00 MiB
[    1.562545] mmcblk0boot1: mmc0:0001 SEM16G partition 2 4.00 MiB
[    1.563315] mmcblk0rpmb: mmc0:0001 SEM16G partition 3 4.00 MiB
[    1.567395] Primary GPT is invalid, using alternate GPT.
[    1.567426]  mmcblk0: p1 p2 p3 p4 p5 p6 p7 p8 p9
[    1.603295] +3.3V_SYS: supplied by +VDD_MUX
[    1.607562] +3.3V_LP0: supplied by +3.3V_SYS
[    1.612142] +1.35V_LP0(sd2): supplied by +5V_SYS
[    1.616868] +1.05V_RUN_AVDD: supplied by +1.35V_LP0(sd2)
[    1.623977] tegra-pcie 1003000.pcie-controller: probing port 0, using 2 lanes
[    1.633499] tegra-pcie 1003000.pcie-controller: Slot present pin change, signature: 00000008
[    2.067253] tegra-pcie 1003000.pcie-controller: link 0 down, retrying
[    2.503288] tegra-pcie 1003000.pcie-controller: link 0 down, retrying
[    2.939224] tegra-pcie 1003000.pcie-controller: link 0 down, retrying
[    2.947860] tegra-pcie 1003000.pcie-controller: link 0 down, ignoring
[    2.954369] tegra-pcie 1003000.pcie-controller: probing port 1, using 1 lanes
[    2.963876] tegra-pcie 1003000.pcie-controller: Slot present pin change, signature: 00000000
[    3.397651] tegra-pcie 1003000.pcie-controller: link 1 down, retrying
[    3.832452] tegra-pcie 1003000.pcie-controller: link 1 down, retrying
[    4.268292] tegra-pcie 1003000.pcie-controller: link 1 down, retrying
[    4.276920] tegra-pcie 1003000.pcie-controller: link 1 down, ignoring
[    4.283650] tegra-pcie 1003000.pcie-controller: PCI host bridge to bus 0000:00
[    4.290887] pci_bus 0000:00: root bus resource [mem 0x13000000-0x1fffffff]
[    4.297770] pci_bus 0000:00: root bus resource [mem 0x20000000-0x3fffffff pref]
[    4.305084] pci_bus 0000:00: root bus resource [bus 00-ff]
[    4.310577] pci_bus 0000:00: root bus resource [io  0x1000-0xffff]
[    4.316790] PCI: bus0: Fast back to back transfers enabled
[    4.323081] +5V_HDMI_CON: supplied by +5V_SYS
[    4.327574] +1.05V_RUN_AVDD_HDMI_PLL: supplied by +1.05V_RUN
[    4.333372] +3.3V_RUN: supplied by +3.3V_SYS
[    4.337686] +3.3V_AVDD_HDMI_AP_GATED: supplied by +3.3V_RUN
[    4.345842] [drm] Supports vblank timestamp caching Rev 2 (21.10.2013).
[    4.352490] [drm] No driver support for vblank timestamp query.
[    4.456714] tegra-hdmi 54280000.hdmi: cannot set audio to 44100 at 297000000 pclk
[    4.566688] Console: switching to colour frame buffer device 512x135
[    4.660594] drm drm: fb0:  frame buffer device
[    4.677431] [drm] Initialized tegra 0.0.0 20120330 on minor 0
[    4.684429] +5V_SATA: supplied by +5V_SYS
[    4.688659] +12V_SATA: supplied by +VDD_MUX
[    4.693618] tegra-ahci 70027000.sata: AHCI 0001.0301 32 slots 2 ports 3 Gbps 0x1 impl platform mode
[    4.702697] tegra-ahci 70027000.sata: flags: 64bit ncq sntf pm led pio slum part sadm sds apst 
[    4.714007] scsi host0: tegra-ahci
[    4.718669] scsi host1: tegra-ahci
[    4.722462] ata1: SATA max UDMA/133 mmio [mem 0x70027000-0x70028fff] port 0x100 irq 85
[    4.730387] ata2: DUMMY
[    4.734280] +5V_USB_HS: supplied by +5V_SYS
[    4.739920] tegra-ehci 7d008000.usb: EHCI Host Controller
[    4.745381] tegra-ehci 7d008000.usb: new USB bus registered, assigned bus number 2
[    4.753193] tegra-ehci 7d008000.usb: irq 93, io mem 0x7d008000
[    4.767437] tegra-ehci 7d008000.usb: USB 2.0 started, EHCI 1.10
[    4.774265] hub 2-0:1.0: USB hub found
[    4.778087] hub 2-0:1.0: 1 port detected
[    4.782771] 0-004c supply vcc not found, using dummy regulator
[    4.792132] of_cpumask_init_opp_table: couldn't find opp table for cpu:0, -19
[    4.799344] cpufreq: cpufreq_online: CPU0: Running at unlisted freq: 696000 KHz
[    4.806725] cpufreq: cpufreq_online: CPU0: Unlisted initial frequency changed to: 714000 KHz
[    4.816044] sdhci-tegra 700b0400.sdhci: Got CD GPIO
[    4.820960] sdhci-tegra 700b0400.sdhci: Got WP GPIO
[    4.825904] mmc1: Unknown controller version (3). You may experience problems.
[    4.833236] +VDDIO_SDMMC3: supplied by +3.3V_RUN
[    4.837951] sdhci-tegra 700b0400.sdhci: No vmmc regulator found
[    4.843894] mmc1: Invalid maximum block size, assuming 512 bytes
[    4.882593] mmc1: SDHCI controller on 700b0400.sdhci [700b0400.sdhci] using ADMA 64-bit
[    4.891343] input: gpio-keys as /devices/soc0/gpio-keys/input/input0
[    4.898676] as3722-rtc as3722-rtc: setting system clock to 2000-01-01 00:00:18 UTC (946684818)
[    4.911390] +1.8V_RUN_CAM: disabling
[    4.915178] +2.8V_RUN_CAM: disabling
[    4.918965] +1.2V_RUN_CAM_FRONT: disabling
[    4.923276] +1.05V_RUN_CAM_REAR: disabling
[    4.927544] +3.3V_RUN_TOUCH: disabling
[    4.931438] +2.8V_RUN_CAM_AF: disabling
[    4.935442] +1.8V_RUN_VPP_FUSE: disabling
[    4.939618] +USB0_VBUS_SW: disabling
[    5.057414] ata1: SATA link down (SStatus 0 SControl 300)
[    5.063830] EXT4-fs (mmcblk0p1): couldn't mount as ext3 due to feature incompatibilities
[    5.072651] EXT4-fs (mmcblk0p1): couldn't mount as ext2 due to feature incompatibilities
[    5.087418] usb 2-1: new high-speed USB device number 2 using tegra-ehci
[    5.098709] EXT4-fs (mmcblk0p1): recovery complete
[    5.103558] EXT4-fs (mmcblk0p1): mounted filesystem with ordered data mode. Opts: (null)
[    5.111709] VFS: Mounted root (ext4 filesystem) on device 179:1.
[    5.122234] devtmpfs: mounted
[    5.125960] Freeing unused kernel memory: 1028K (c0d7b000 - c0e7c000)
bash: cannot set terminal process group (-1): Inappropriate ioctl for device
bash: no job control in this shell
root@(none):/# 