
U-Boot SPL 2014.07-00097-g772e173 (Jul 25 2014 - 20:02:52)


U-Boot 2014.07-00097-g772e173 (Jul 25 2014 - 20:02:52)

TEGRA124
Board: NVIDIA Jetson TK1
I2C:   ready
DRAM:  2 GiB
MMC:   Tegra SD/MMC: 0, Tegra SD/MMC: 1
In:    serial
Out:   serial
Err:   serial
Net:   Net Initialization Skipped
No ethernet found.
Hit any key to stop autoboot:  2  0 
Tegra124 (Jetson TK1) # 
Tegra124 (Jetson TK1) # usb reset
(Re)start USB...
USB0:   USB EHCI 1.10
scanning bus 0 for devices... 1 USB Device(s) found
USB1:   USB EHCI 1.10
scanning bus 1 for devices... 2 USB Device(s) found
       scanning usb for storage devices... 0 Storage Device(s) found
       scanning usb for ethernet devices... 
Warning: asx0 using MAC address from net device
1 Ethernet Device(s) found
Tegra124 (Jetson TK1) # setenv bootargs 'ignore_loglevel console=ttyS0,115200n8 rw root=/dev/mmcblk0p1 rootwait gpt debug init=/bin/bash noinitrd'
Tegra124 (Jetson TK1) # setenv ipaddr 192.168.100.102; setenv serverip 192.168.100.1; setenv tftpserverip 192.168.100.1
Tegra124 (Jetson TK1) # tftpboot 0x81000000 zImage.tegra_defconfig
Using asx0 device
TFTP from server 192.168.100.1; our IP address is 192.168.100.102
Filename 'zImage.tegra_defconfig'.
Load address: 0x81000000
Loading: *#################################################################
	 #################################################################
	 #################################################################
	 #################################################################
	 #################################################################
	 ###################
	 3.1 MiB/s
done
Bytes transferred = 5049784 (4d0db8 hex)
Tegra124 (Jetson TK1) # tftpboot 0x82000000 tegra124-jetson-tk1.dtb
Using asx0 device
TFTP from server 192.168.100.1; our IP address is 192.168.100.102
Filename 'tegra124-jetson-tk1.dtb'.
Load address: 0x82000000
Loading: *#####
	 2.9 MiB/s
done
Bytes transferred = 64210 (fad2 hex)
Tegra124 (Jetson TK1) # bootz 0x81000000 - 0x82000000
Kernel image @ 0x81000000 [ 0x000000 - 0x4d0db8 ]
## Flattened Device Tree blob at 82000000
   Booting using the fdt blob at 0x82000000
   Using Device Tree in place at 82000000, end 82012ad1

Starting kernel ...

Uncompressing Linux... done, booting the kernel.
[    0.000000] Booting Linux on physical CPU 0x0
[    0.000000] Initializing cgroup subsys cpu
[    0.000000] Initializing cgroup subsys cpuacct
[    0.000000] Linux version 4.3.0-rc1-39922-g6ff33f3 (pwalmsley@kaivo) (gcc version 4.7.3 20130328 (prerelease) (crosstool-NG linaro-1.13.1-4.7-2013.04-20130415 - Linaro GCC 2013.04) ) #1 SMP PREEMPT Sat Sep 12 17:03:38 PDT 2015
[    0.000000] CPU: ARMv7 Processor [413fc0f3] revision 3 (ARMv7), cr=10c5387d
[    0.000000] CPU: PIPT / VIPT nonaliasing data cache, PIPT instruction cache
[    0.000000] Machine model: NVIDIA Tegra124 Jetson TK1
[    0.000000] debug: ignoring loglevel setting.
[    0.000000] cma: Reserved 64 MiB at 0xfbc00000
[    0.000000] Memory policy: Data cache writealloc
[    0.000000] On node 0 totalpages: 524032
[    0.000000] free_area_init_node: node 0, pgdat c09c1880, node_mem_map ee7f7000
[    0.000000]   Normal zone: 1520 pages used for memmap
[    0.000000]   Normal zone: 0 pages reserved
[    0.000000]   Normal zone: 194560 pages, LIFO batch:31
[    0.000000]   HighMem zone: 329472 pages, LIFO batch:31
[    0.000000] PERCPU: Embedded 12 pages/cpu @ee78e000 s19392 r8192 d21568 u49152
[    0.000000] pcpu-alloc: s19392 r8192 d21568 u49152 alloc=12*4096
[    0.000000] pcpu-alloc: [0] 0 [0] 1 [0] 2 [0] 3 
[    0.000000] Built 1 zonelists in Zone order, mobility grouping on.  Total pages: 522512
[    0.000000] Kernel command line: ignore_loglevel console=ttyS0,115200n8 rw root=/dev/mmcblk0p1 rootwait gpt debug init=/bin/bash noinitrd
[    0.000000] PID hash table entries: 4096 (order: 2, 16384 bytes)
[    0.000000] Dentry cache hash table entries: 131072 (order: 7, 524288 bytes)
[    0.000000] Inode-cache hash table entries: 65536 (order: 6, 262144 bytes)
[    0.000000] Memory: 2002556K/2096128K available (6908K kernel code, 341K rwdata, 2388K rodata, 324K init, 363K bss, 28036K reserved, 65536K cma-reserved, 1252352K highmem)
[    0.000000] Virtual kernel memory layout:
[    0.000000]     vector  : 0xffff0000 - 0xffff1000   (   4 kB)
[    0.000000]     fixmap  : 0xffc00000 - 0xfff00000   (3072 kB)
[    0.000000]     vmalloc : 0xf0000000 - 0xff000000   ( 240 MB)
[    0.000000]     lowmem  : 0xc0000000 - 0xef800000   ( 760 MB)
[    0.000000]     pkmap   : 0xbfe00000 - 0xc0000000   (   2 MB)
[    0.000000]     modules : 0xbf000000 - 0xbfe00000   (  14 MB)
[    0.000000]       .text : 0xc0008000 - 0xc091c654   (9298 kB)
[    0.000000]       .init : 0xc091d000 - 0xc096e000   ( 324 kB)
[    0.000000]       .data : 0xc096e000 - 0xc09c3400   ( 341 kB)
[    0.000000]        .bss : 0xc09c6000 - 0xc0a20d20   ( 364 kB)
[    0.000000] Preemptible hierarchical RCU implementation.
[    0.000000] 	Build-time adjustment of leaf fanout to 32.
[    0.000000] NR_IRQS:16 nr_irqs:16 16
[    0.000000] /interrupt-controller@60004000: 160 interrupts forwarded to /interrupt-controller@0,50041000
[    0.000000] L2C: failed to init: -19
[    0.000008] sched_clock: 32 bits at 1000kHz, resolution 1000ns, wraps every 2147483647500ns
[    0.000029] clocksource: timer_us: mask: 0xffffffff max_cycles: 0xffffffff, max_idle_ns: 1911260446275 ns
[    0.000044] Switching to timer-based delay loop, resolution 1000ns
[    0.001220] Architected cp15 timer(s) running at 12.00MHz (virt).
[    0.001238] clocksource: arch_sys_counter: mask: 0xffffffffffffff max_cycles: 0x2c47f4ee7, max_idle_ns: 440795202497 ns
[    0.001257] sched_clock: 56 bits at 12MHz, resolution 83ns, wraps every 4398046511096ns
[    0.001269] Switching to timer-based delay loop, resolution 83ns
[    0.001688] Console: colour dummy device 80x30
[    0.001713] Calibrating delay loop (skipped), value calculated using timer frequency.. 24.00 BogoMIPS (lpj=120000)
[    0.001727] pid_max: default: 32768 minimum: 301
[    0.002253] Mount-cache hash table entries: 2048 (order: 1, 8192 bytes)
[    0.002265] Mountpoint-cache hash table entries: 2048 (order: 1, 8192 bytes)
[    0.003677] Initializing cgroup subsys freezer
[    0.003703] Initializing cgroup subsys debug
[    0.003751] CPU: Testing write buffer coherency: ok
[    0.004065] /cpus/cpu@0 missing clock-frequency property
[    0.004103] /cpus/cpu@1 missing clock-frequency property
[    0.004140] /cpus/cpu@2 missing clock-frequency property
[    0.004179] /cpus/cpu@3 missing clock-frequency property
[    0.004191] CPU0: thread -1, cpu 0, socket 0, mpidr 80000000
[    0.004240] Setting up static identity map for 0x80008440 - 0x800084d8
[    0.051626] Tegra Revision: A01 SKU: 129 CPU Process: 1 SoC Process: 1
[    0.081405] CPU1: thread -1, cpu 1, socket 0, mpidr 80000001
[    0.111446] CPU2: thread -1, cpu 2, socket 0, mpidr 80000002
[    0.141491] CPU3: thread -1, cpu 3, socket 0, mpidr 80000003
[    0.141569] Brought up 4 CPUs
[    0.141590] SMP: Total of 4 processors activated (96.00 BogoMIPS).
[    0.141598] CPU: All CPU(s) started in SVC mode.
[    0.143294] devtmpfs: initialized
[    0.192442] VFP support v0.3: implementor 41 architecture 4 part 30 variant f rev 0
[    0.193136] clocksource: jiffies: mask: 0xffffffff max_cycles: 0xffffffff, max_idle_ns: 19112604462750000 ns
[    0.194915] pinctrl core: initialized pinctrl subsystem
[    0.196775] NET: Registered protocol family 16
[    0.198036] DMA: preallocated 256 KiB pool for atomic coherent allocations
[    0.221230] cpuidle: using governor ladder
[    0.251255] cpuidle: using governor menu
[    0.256324] gpiochip_add: GPIOs 0..255 (tegra-gpio) failed to register
[    0.271499] No ATAGs?
[    0.271536] hw-breakpoint: found 5 (+1 reserved) breakpoint and 4 watchpoint registers.
[    0.271546] hw-breakpoint: maximum watchpoint size is 8 bytes.
[    0.328712] vgaarb: loaded
[    0.330213] SCSI subsystem initialized
[    0.331522] libata version 3.00 loaded.
[    0.332220] usbcore: registered new interface driver usbfs
[    0.332398] usbcore: registered new interface driver hub
[    0.332550] usbcore: registered new device driver usb
[    0.336865] Linux video capture interface: v2.00
[    0.336988] pps_core: LinuxPPS API ver. 1 registered
[    0.336996] pps_core: Software ver. 5.3.6 - Copyright 2005-2007 Rodolfo Giometti <giometti@linux.it>
[    0.337063] PTP clock support registered
[    0.339058] Advanced Linux Sound Architecture Driver Initialized.
[    0.340661] Bluetooth: Core ver 2.20
[    0.340738] NET: Registered protocol family 31
[    0.340746] Bluetooth: HCI device and connection manager initialized
[    0.340769] Bluetooth: HCI socket layer initialized
[    0.340790] Bluetooth: L2CAP socket layer initialized
[    0.340845] Bluetooth: SCO socket layer initialized
[    0.352112] clocksource: Switched to clocksource arch_sys_counter
[    0.376505] NET: Registered protocol family 2
[    0.377791] TCP established hash table entries: 8192 (order: 3, 32768 bytes)
[    0.377894] TCP bind hash table entries: 8192 (order: 4, 65536 bytes)
[    0.378080] TCP: Hash tables configured (established 8192 bind 8192)
[    0.378518] UDP hash table entries: 512 (order: 2, 16384 bytes)
[    0.378560] UDP-Lite hash table entries: 512 (order: 2, 16384 bytes)
[    0.379003] NET: Registered protocol family 1
[    0.379735] RPC: Registered named UNIX socket transport module.
[    0.379745] RPC: Registered udp transport module.
[    0.379752] RPC: Registered tcp transport module.
[    0.379760] RPC: Registered tcp NFSv4.1 backchannel transport module.
[    0.379783] PCI: CLS 0 bytes, default 64
[    0.381674] hw perfevents: enabled with armv7_cortex_a15 PMU driver, 7 counters available
[    0.384360] futex hash table entries: 1024 (order: 4, 65536 bytes)
[    0.387200] squashfs: version 4.0 (2009/01/31) Phillip Lougher
[    0.402578] bounce: pool size: 64 pages
[    0.402601] io scheduler noop registered (default)
[    0.413148] tegra-pcie 1003000.pcie-controller: 2x1, 1x1 configuration
[    0.413200] tegra-pcie 1003000.pcie-controller: Failed to get supply 'avddio-pex': -517
[    0.424618] tegra-apbdma 60020000.dma: Tegra20 APB DMA driver register 32 channels
[    0.425578] tegra-pmc 7000e400.pmc: emergency thermal reset enabled
[    0.426390] Serial: 8250/16550 driver, 4 ports, IRQ sharing disabled
[    0.430127] console [ttyS0] disabled
[    0.430179] 70006300.serial: ttyS0 at MMIO 0x70006300 (irq = 75, base_baud = 25500000) is a Tegra
[    1.160472] console [ttyS0] enabled
[    1.166950] [drm] Initialized drm 1.1.0 20060810
[    1.173342] tegra-hdmi 54280000.hdmi: failed to get HDMI regulator
[    1.196921] loop: module loaded
[    1.200660] at24 0-0056: 256 byte 24c02 EEPROM, writable, 8 bytes/write
[    1.208114] as3722 4-0040: AS3722 with revision 0x1 found
[    1.236656] +5V_SYS: supplied by +VDD_MUX
[    1.240727] +1.05V_RUN: supplied by +5V_SYS
[    1.245096] tegra-ahci 70027000.sata: Failed to get supply 'hvdd': -517
[    1.251760] tegra-ahci 70027000.sata: Failed to get regulators
[    1.261020] m25p80 spi32765.0: w25q32dw (4096 Kbytes)
[    1.279385] CAN device driver interface
[    1.283370] igb: Intel(R) Gigabit Ethernet Network Driver - version 5.3.0-k
[    1.290320] igb: Copyright (c) 2007-2014 Intel Corporation.
[    1.296260] pegasus: v0.9.3 (2013/04/25), Pegasus/Pegasus II USB Ethernet driver
[    1.303806] usbcore: registered new interface driver pegasus
[    1.309628] usbcore: registered new interface driver asix
[    1.315176] usbcore: registered new interface driver ax88179_178a
[    1.321387] usbcore: registered new interface driver cdc_ether
[    1.327418] usbcore: registered new interface driver smsc75xx
[    1.333364] usbcore: registered new interface driver smsc95xx
[    1.339227] usbcore: registered new interface driver net1080
[    1.345039] usbcore: registered new interface driver cdc_subset
[    1.351075] usbcore: registered new interface driver zaurus
[    1.356857] usbcore: registered new interface driver cdc_ncm
[    1.362850] tegra-phy 7d004000.usb-phy: no vbus regulator
[    1.368843] ehci_hcd: USB 2.0 'Enhanced' Host Controller (EHCI) Driver
[    1.375396] ehci-pci: EHCI PCI platform driver
[    1.379963] tegra-ehci: Tegra EHCI driver
[    1.384351] tegra-ehci 7d004000.usb: EHCI Host Controller
[    1.389782] tegra-ehci 7d004000.usb: new USB bus registered, assigned bus number 1
[    1.397669] tegra-ehci 7d004000.usb: irq 92, io mem 0x7d004000
[    1.422142] tegra-ehci 7d004000.usb: USB 2.0 started, EHCI 1.10
[    1.429760] hub 1-0:1.0: USB hub found
[    1.433566] hub 1-0:1.0: 1 port detected
[    1.438809] usbcore: registered new interface driver cdc_acm
[    1.444482] cdc_acm: USB Abstract Control Model driver for USB modems and ISDN adapters
[    1.452622] usbcore: registered new interface driver cdc_wdm
[    1.458473] usbcore: registered new interface driver usb-storage
[    1.465305] mousedev: PS/2 mouse device common for all mice
[    1.474501] as3722-rtc as3722-rtc: rtc core: registered as3722-rtc as rtc0
[    1.481369] as3722-rtc as3722-rtc: RTC interrupt 115
[    1.489509] tegra_rtc 7000e000.rtc: rtc core: registered 7000e000.rtc as rtc1
[    1.496753] tegra_rtc 7000e000.rtc: Tegra internal Real Time Clock
[    1.503375] i2c /dev entries driver
[    1.509185] usbcore: registered new interface driver uvcvideo
[    1.514948] USB Video Class driver (1.1.1)
[    1.519047] gspca_main: v2.14.0 registered
[    1.525421] sdhci: Secure Digital Host Controller Interface driver
[    1.531590] sdhci: Copyright(c) Pierre Ossman
[    1.536109] sdhci-pltfm: SDHCI platform and OF driver helper
[    1.542295] mmc0: Unknown controller version (3). You may experience problems.
[    1.549591] sdhci-tegra 700b0600.sdhci: No vmmc regulator found
[    1.555531] sdhci-tegra 700b0600.sdhci: No vqmmc regulator found
[    1.561529] mmc0: Invalid maximum block size, assuming 512 bytes
[    1.612171] mmc0: SDHCI controller on 700b0600.sdhci [700b0600.sdhci] using ADMA 64-bit
[    1.626721] usbcore: registered new interface driver usbhid
[    1.632379] usbhid: USB HID core driver
[    1.686106] mmc0: MAN_BKOPS_EN bit is not set
[    1.693684] mmc0: new high speed MMC card at address 0001
[    1.710031] mmcblk0: mmc0:0001 SEM16G 14.6 GiB 
[    1.715044] mmcblk0boot0: mmc0:0001 SEM16G partition 1 4.00 MiB
[    1.731394] mmcblk0boot1: mmc0:0001 SEM16G partition 2 4.00 MiB
[    1.737779] mmcblk0rpmb: mmc0:0001 SEM16G partition 3 4.00 MiB
[    1.746183] Primary GPT is invalid, using alternate GPT.
[    1.751514]  mmcblk0: p1 p2 p3 p4 p5 p6 p7 p8 p9
[    2.163981] input: tegra-hda HDMI/DP,pcm=3 as /devices/soc0/70030000.hda/sound/card0/input0
[    2.376478] tegra30-i2s 70301100.i2s: DMA channels sourced from device 70300000.ahub
[    2.386599] NET: Registered protocol family 10
[    2.392755] mip6: Mobile IPv6
[    2.395731] sit: IPv6 over IPv4 tunneling driver
[    2.403365] NET: Registered protocol family 17
[    2.407843] NET: Registered protocol family 15
[    2.412310] can: controller area network core (rev 20120528 abi 9)
[    2.418660] NET: Registered protocol family 29
[    2.423126] can: raw protocol (rev 20120528)
[    2.427398] can: broadcast manager protocol (rev 20120528 t)
[    2.433088] can: netlink gateway (rev 20130117) max_hops=1
[    2.438771] Bluetooth: RFCOMM socket layer initialized
[    2.443942] Bluetooth: RFCOMM ver 1.11
[    2.447713] Bluetooth: BNEP (Ethernet Emulation) ver 1.3
[    2.453059] Bluetooth: BNEP socket layer initialized
[    2.458022] Bluetooth: HIDP (Human Interface Emulation) ver 1.2
[    2.463965] Bluetooth: HIDP socket layer initialized
[    2.470376] Registering SWP/SWPB emulation handler
[    2.485403] tegra-pcie 1003000.pcie-controller: 2x1, 1x1 configuration
[    2.492307] +3.3V_SYS: supplied by +VDD_MUX
[    2.496554] +3.3V_LP0: supplied by +3.3V_SYS
[    2.501172] +1.35V_LP0(sd2): supplied by +5V_SYS
[    2.505878] +1.05V_RUN_AVDD: supplied by +1.35V_LP0(sd2)
[    2.512909] tegra-pcie 1003000.pcie-controller: probing port 0, using 2 lanes
[    2.522166] tegra-pcie 1003000.pcie-controller: Slot present pin change, signature: 00000008
[    2.950713] tegra-pcie 1003000.pcie-controller: link 0 down, retrying
[    3.379261] tegra-pcie 1003000.pcie-controller: link 0 down, retrying
[    3.807339] tegra-pcie 1003000.pcie-controller: link 0 down, retrying
[    3.815934] tegra-pcie 1003000.pcie-controller: link 0 down, ignoring
[    3.822433] tegra-pcie 1003000.pcie-controller: probing port 1, using 1 lanes
[    3.831676] tegra-pcie 1003000.pcie-controller: Slot present pin change, signature: 00000000
[    4.260093] tegra-pcie 1003000.pcie-controller: link 1 down, retrying
[    4.688654] tegra-pcie 1003000.pcie-controller: link 1 down, retrying
[    5.117347] tegra-pcie 1003000.pcie-controller: link 1 down, retrying
[    5.125929] tegra-pcie 1003000.pcie-controller: link 1 down, ignoring
[    5.132903] tegra-pcie 1003000.pcie-controller: PCI host bridge to bus 0000:00
[    5.140120] pci_bus 0000:00: root bus resource [mem 0x13000000-0x1fffffff]
[    5.147011] pci_bus 0000:00: root bus resource [mem 0x20000000-0x3fffffff pref]
[    5.154330] pci_bus 0000:00: root bus resource [bus 00-ff]
[    5.159809] pci_bus 0000:00: root bus resource [io  0x1000-0xffff]
[    5.166025] PCI: bus0: Fast back to back transfers enabled
[    5.171887] +5V_HDMI_CON: supplied by +5V_SYS
[    5.176432] +1.05V_RUN_AVDD_HDMI_PLL: supplied by +1.05V_RUN
[    5.182303] +3.3V_RUN: supplied by +3.3V_SYS
[    5.186627] +3.3V_AVDD_HDMI_AP_GATED: supplied by +3.3V_RUN
[    5.196275] [drm] Supports vblank timestamp caching Rev 2 (21.10.2013).
[    5.202966] [drm] No driver support for vblank timestamp query.
[    5.311475] tegra-hdmi 54280000.hdmi: cannot set audio to 44100 at 297000000 pclk
[    5.423379] Console: switching to colour frame buffer device 512x135
[    5.518571] drm drm: fb0:  frame buffer device
[    5.552245] [drm] Initialized tegra 0.0.0 20120330 on minor 0
[    5.558786] +5V_SATA: supplied by +5V_SYS
[    5.563068] +12V_SATA: supplied by +VDD_MUX
[    5.568042] tegra-ahci 70027000.sata: AHCI 0001.0301 32 slots 2 ports 3 Gbps 0x1 impl platform mode
[    5.577149] tegra-ahci 70027000.sata: flags: 64bit ncq sntf pm led pio slum part sadm sds apst 
[    5.589179] scsi host0: tegra-ahci
[    5.594338] scsi host1: tegra-ahci
[    5.598553] ata1: SATA max UDMA/133 mmio [mem 0x70027000-0x70028fff] port 0x100 irq 85
[    5.606536] ata2: DUMMY
[    5.609795] +5V_USB_HS: supplied by +5V_SYS
[    5.614826] tegra-ehci 7d008000.usb: EHCI Host Controller
[    5.620264] tegra-ehci 7d008000.usb: new USB bus registered, assigned bus number 2
[    5.628283] tegra-ehci 7d008000.usb: irq 93, io mem 0x7d008000
[    5.652241] tegra-ehci 7d008000.usb: USB 2.0 started, EHCI 1.10
[    5.660141] hub 2-0:1.0: USB hub found
[    5.663995] hub 2-0:1.0: 1 port detected
[    5.669004] 0-004c supply vcc not found, using dummy regulator
[    5.678655] of_cpumask_init_opp_table: couldn't find opp table for cpu:0, -19
[    5.685897] cpufreq: cpufreq_online: CPU0: Running at unlisted freq: 696000 KHz
[    5.693353] cpufreq: cpufreq_online: CPU0: Unlisted initial frequency changed to: 714000 KHz
[    5.702522] sdhci-tegra 700b0400.sdhci: Got CD GPIO
[    5.707397] sdhci-tegra 700b0400.sdhci: Got WP GPIO
[    5.712339] mmc1: Unknown controller version (3). You may experience problems.
[    5.719640] +VDDIO_SDMMC3: supplied by +3.3V_RUN
[    5.724344] sdhci-tegra 700b0400.sdhci: No vmmc regulator found
[    5.730277] mmc1: Invalid maximum block size, assuming 512 bytes
[    5.782448] mmc1: SDHCI controller on 700b0400.sdhci [700b0400.sdhci] using ADMA 64-bit
[    5.952281] ata1: SATA link down (SStatus 0 SControl 300)
[    5.982172] usb 2-1: new high-speed USB device number 2 using tegra-ehci
[    6.217352] tegra-snd-rt5640 sound: rt5640-aif1 <-> 70301100.i2s mapping ok
[    6.235984] input: NVIDIA Tegra Jetson TK1 Headphones as /devices/soc0/sound/sound/card1/input1
[    6.248433] input: gpio-keys as /devices/soc0/gpio-keys/input/input2
[    6.257809] as3722-rtc as3722-rtc: setting system clock to 2000-01-01 00:00:57 UTC (946684857)
[    6.305529] +1.8V_RUN_CAM: disabling
[    6.309909] +2.8V_RUN_CAM: disabling
[    6.314218] +1.2V_RUN_CAM_FRONT: disabling
[    6.319008] +1.05V_RUN_CAM_REAR: disabling
[    6.323814] +3.3V_RUN_TOUCH: disabling
[    6.327736] +2.8V_RUN_CAM_AF: disabling
[    6.331724] +1.8V_RUN_VPP_FUSE: disabling
[    6.336116] +USB0_VBUS_SW: disabling
[    6.340360] ALSA device list:
[    6.343454]   #0: tegra-hda at 0x70038000 irq 86
[    6.348123]   #1: NVIDIA Tegra Jetson TK1
[    6.989738] asix 2-1:1.0 eth0: register 'asix' at usb-7d008000.usb-1, ASIX AX88772 USB 2.0 Ethernet, 00:50:b6:11:31:3b
[    7.003422] EXT2-fs (mmcblk0p1): error: couldn't mount because of unsupported optional features (244)
[    7.015307] EXT4-fs (mmcblk0p1): couldn't mount as ext3 due to feature incompatibilities
[    7.044737] EXT4-fs (mmcblk0p1): recovery complete
[    7.049546] EXT4-fs (mmcblk0p1): mounted filesystem with ordered data mode. Opts: (null)
[    7.057782] VFS: Mounted root (ext4 filesystem) on device 179:1.
[    7.069737] devtmpfs: mounted
[    7.073240] Freeing unused kernel memory: 324K (c091d000 - c096e000)
bash: cannot set terminal process group (-1): Inappropriate ioctl for device
bash: no job control in this shell
root@(none):/# 