
U-Boot SPL 2016.05-rc2 (Apr 21 2016 - 16:23:00)
Trying to boot from RAM


U-Boot 2016.05-rc2 (Apr 21 2016 - 16:23:00 -0700)

TEGRA124
Model: NVIDIA Jetson TK1
Board: NVIDIA Jetson TK1
DRAM:  2 GiB
MC:   Tegra SD/MMC: 0, Tegra SD/MMC: 1
In:    serial
Out:   serial
Err:   serial
Net:   No ethernet found.
Hit any key to stop autoboot:  2  0 
Tegra124 (Jetson TK1) # 
Tegra124 (Jetson TK1) # pci enum
Tegra124 (Jetson TK1) # setenv bootargs 'ignore_loglevel console=ttyS0,115200n8 rw root=PARTUUID=b1791faa-84e8-4e27-83a1-9fb0a77e8803 rootwait gpt debug noinitrd earlyprintk init=/bin/bash'
Tegra124 (Jetson TK1) # setenv ipaddr 192.168.100.102; setenv serverip 192.168.100.1; setenv tftpserverip 192.168.100.1
Tegra124 (Jetson TK1) # tftpboot 0x82000000 zImage.multi_v7_defconfig

Warning: eth_rtl8169 using MAC address from ROM
Using eth_rtl8169 device
TFTP from server 192.168.100.1; our IP address is 192.168.100.102
Filename 'zImage.multi_v7_defconfig'.
Load address: 0x82000000
Loading: *#################################################################
	 #################################################################
	 #################################################################
	 #################################################################
	 #################################################################
	 #################################################################
	 #################################################################
	 #################################################################
	 ##############################
	 3.9 MiB/s
done
Bytes transferred = 8065536 (7b1200 hex)
Tegra124 (Jetson TK1) # tftpboot 0x83000000 tegra124-jetson-tk1.dtb
Using eth_rtl8169 device
TFTP from server 192.168.100.1; our IP address is 192.168.100.102
Filename 'tegra124-jetson-tk1.dtb'.
Load address: 0x83000000
Loading: *#####
	 3.7 MiB/s
done
Bytes transferred = 66544 (103f0 hex)
Tegra124 (Jetson TK1) # bootz 0x82000000 - 0x83000000
Kernel image @ 0x82000000 [ 0x000000 - 0x7b1200 ]
## Flattened Device Tree blob at 83000000
   Booting using the fdt blob at 0x83000000
   Using Device Tree in place at 83000000, end 830133ef

Starting kernel ...

[    0.000000] Booting Linux on physical CPU 0x0
[    0.000000] Linux version 4.15.0-rc9-336067-g0c5b9b5d9adb (jonathanh@tamien) (gcc version 4.7.3 20130328 (prerelease) (crosstool-NG linaro-1.13.1-4.7-2013.04-20130415 - Linaro GCC 2013.04)) #1 SMP Sun Jan 21 18:04:31 PST 2018
[    0.000000] CPU: ARMv7 Processor [413fc0f3] revision 3 (ARMv7), cr=10c5387d
[    0.000000] CPU: div instructions available: patching division code
[    0.000000] CPU: PIPT / VIPT nonaliasing data cache, PIPT instruction cache
[    0.000000] OF: fdt: Machine model: NVIDIA Tegra124 Jetson TK1
[    0.000000] debug: ignoring loglevel setting.
[    0.000000] Memory policy: Data cache writealloc
[    0.000000] efi: Getting EFI parameters from FDT:
[    0.000000] efi: UEFI not found.
[    0.000000] cma: Reserved 64 MiB at 0xfb800000
[    0.000000] On node 0 totalpages: 524032
[    0.000000]   DMA zone: 1536 pages used for memmap
[    0.000000]   DMA zone: 0 pages reserved
[    0.000000]   DMA zone: 196608 pages, LIFO batch:31
[    0.000000]   HighMem zone: 327424 pages, LIFO batch:31
[    0.000000] random: fast init done
[    0.000000] percpu: Embedded 17 pages/cpu @(ptrval) s39104 r8192 d22336 u69632
[    0.000000] pcpu-alloc: s39104 r8192 d22336 u69632 alloc=17*4096
[    0.000000] pcpu-alloc: [0] 0 [0] 1 [0] 2 [0] 3 
[    0.000000] Built 1 zonelists, mobility grouping on.  Total pages: 522496
[    0.000000] Kernel command line: ignore_loglevel console=ttyS0,115200n8 rw root=PARTUUID=b1791faa-84e8-4e27-83a1-9fb0a77e8803 rootwait gpt debug noinitrd earlyprintk init=/bin/bash
[    0.000000] Dentry cache hash table entries: 131072 (order: 7, 524288 bytes)
[    0.000000] Inode-cache hash table entries: 65536 (order: 6, 262144 bytes)
[    0.000000] Memory: 1992440K/2096128K available (11264K kernel code, 1602K rwdata, 4296K rodata, 2048K init, 404K bss, 38152K reserved, 65536K cma-reserved, 1244160K highmem)
[    0.000000] Virtual kernel memory layout:
[    0.000000]     vector  : 0xffff0000 - 0xffff1000   (   4 kB)
[    0.000000]     fixmap  : 0xffc00000 - 0xfff00000   (3072 kB)
[    0.000000]     vmalloc : 0xf0800000 - 0xff800000   ( 240 MB)
[    0.000000]     lowmem  : 0xc0000000 - 0xf0000000   ( 768 MB)
[    0.000000]     pkmap   : 0xbfe00000 - 0xc0000000   (   2 MB)
[    0.000000]     modules : 0xbf000000 - 0xbfe00000   (  14 MB)
[    0.000000]       .text : 0x(ptrval) - 0x(ptrval)   (12256 kB)
[    0.000000]       .init : 0x(ptrval) - 0x(ptrval)   (2048 kB)
[    0.000000]       .data : 0x(ptrval) - 0x(ptrval)   (1603 kB)
[    0.000000]        .bss : 0x(ptrval) - 0x(ptrval)   ( 405 kB)
[    0.000000] SLUB: HWalign=64, Order=0-3, MinObjects=0, CPUs=4, Nodes=1
[    0.000000] Hierarchical RCU implementation.
[    0.000000] 	RCU event tracing is enabled.
[    0.000000] 	RCU restricting CPUs from NR_CPUS=16 to nr_cpu_ids=4.
[    0.000000] RCU: Adjusting geometry for rcu_fanout_leaf=16, nr_cpu_ids=4
[    0.000000] NR_IRQS: 16, nr_irqs: 16, preallocated irqs: 16
[    0.000000] /interrupt-controller@60004000: 160 interrupts forwarded to /interrupt-controller@50041000
[    0.000000] Tegra clk 127: register failed with -17
[    0.000009] sched_clock: 32 bits at 1000kHz, resolution 1000ns, wraps every 2147483647500ns
[    0.000028] clocksource: timer_us: mask: 0xffffffff max_cycles: 0xffffffff, max_idle_ns: 1911260446275 ns
[    0.000044] Switching to timer-based delay loop, resolution 1000ns
[    0.005545] arch_timer: cp15 timer(s) running at 12.00MHz (virt).
[    0.005564] clocksource: arch_sys_counter: mask: 0xffffffffffffff max_cycles: 0x2c47f4ee7, max_idle_ns: 440795202497 ns
[    0.005583] sched_clock: 56 bits at 12MHz, resolution 83ns, wraps every 4398046511096ns
[    0.005597] Switching to timer-based delay loop, resolution 83ns
[    0.006082] Console: colour dummy device 80x30
[    0.006117] Calibrating delay loop (skipped), value calculated using timer frequency.. 24.00 BogoMIPS (lpj=120000)
[    0.006136] pid_max: default: 32768 minimum: 301
[    0.006235] Mount-cache hash table entries: 2048 (order: 1, 8192 bytes)
[    0.006251] Mountpoint-cache hash table entries: 2048 (order: 1, 8192 bytes)
[    0.006753] CPU: Testing write buffer coherency: ok
[    0.007012] /cpus/cpu@0 missing clock-frequency property
[    0.007056] /cpus/cpu@1 missing clock-frequency property
[    0.007100] /cpus/cpu@2 missing clock-frequency property
[    0.007145] /cpus/cpu@3 missing clock-frequency property
[    0.007159] CPU0: thread -1, cpu 0, socket 0, mpidr 80000000
[    0.007469] Setting up static identity map for 0x80300000 - 0x803000a0
[    0.009479] Hierarchical SRCU implementation.
[    0.011425] Tegra Revision: A01 SKU: 129 CPU Process: 1 SoC Process: 1
[    0.012222] EFI services will not be available.
[    0.012379] smp: Bringing up secondary CPUs ...
[    0.012936] CPU1: thread -1, cpu 1, socket 0, mpidr 80000001
[    0.016065] CPU2: thread -1, cpu 2, socket 0, mpidr 80000002
[    0.026101] CPU3: thread -1, cpu 3, socket 0, mpidr 80000003
[    0.035541] smp: Brought up 1 node, 4 CPUs
[    0.035562] SMP: Total of 4 processors activated (96.00 BogoMIPS).
[    0.035572] CPU: All CPU(s) started in SVC mode.
[    0.037098] devtmpfs: initialized
[    0.050869] VFP support v0.3: implementor 41 architecture 4 part 30 variant f rev 0
[    0.051254] clocksource: jiffies: mask: 0xffffffff max_cycles: 0xffffffff, max_idle_ns: 19112604462750000 ns
[    0.051273] futex hash table entries: 1024 (order: 4, 65536 bytes)
[    0.052733] pinctrl core: initialized pinctrl subsystem
[    0.054294] DMI not present or invalid.
[    0.054541] NET: Registered protocol family 16
[    0.056712] DMA: preallocated 256 KiB pool for atomic coherent allocations
[    0.059137] cpuidle: using governor menu
[    0.084388] No ATAGs?
[    0.084517] hw-breakpoint: found 5 (+1 reserved) breakpoint and 4 watchpoint registers.
[    0.084534] hw-breakpoint: maximum watchpoint size is 8 bytes.
[    0.092079] Serial: AMBA PL011 UART driver
[    0.093489] iommu: Adding device reg-dummy to group 0
[    0.093530] iommu: Adding device 1003000.pcie to group 1
[    0.093606] iommu: Adding device 50000000.host1x to group 2
[    0.093682] iommu: Adding device 54200000.dc to group 3
[    0.093753] iommu: Adding device 54240000.dc to group 4
[    0.093785] iommu: Adding device 54280000.hdmi to group 5
[    0.093855] iommu: Adding device 57000000.gpu to group 6
[    0.093891] iommu: Adding device 60005000.timer to group 7
[    0.093923] iommu: Adding device 60007000.flow-controller to group 8
[    0.093954] iommu: Adding device 6000c800.actmon to group 9
[    0.093988] iommu: Adding device 6000d000.gpio to group 10
[    0.094020] iommu: Adding device 60020000.dma to group 11
[    0.094051] iommu: Adding device 70000800.apbmisc to group 12
[    0.094087] iommu: Adding device 70000868.pinmux to group 13
[    0.094119] iommu: Adding device 70006000.serial to group 14
[    0.094150] iommu: Adding device 70006040.serial to group 15
[    0.094185] iommu: Adding device 70006300.serial to group 16
[    0.094217] iommu: Adding device 7000c000.i2c to group 17
[    0.094248] iommu: Adding device 7000c400.i2c to group 18
[    0.094279] iommu: Adding device 7000c500.i2c to group 19
[    0.094309] iommu: Adding device 7000c700.i2c to group 20
[    0.094340] iommu: Adding device 7000d000.i2c to group 21
[    0.094373] iommu: Adding device 7000d400.spi to group 22
[    0.094404] iommu: Adding device 7000da00.spi to group 23
[    0.094443] iommu: Adding device 7000e000.rtc to group 24
[    0.094475] iommu: Adding device 7000e400.pmc to group 25
[    0.094505] iommu: Adding device 7000f800.fuse to group 26
[    0.094537] iommu: Adding device 70019000.memory-controller to group 27
[    0.094568] iommu: Adding device 7001b000.emc to group 28
[    0.094599] iommu: Adding device 70027000.sata to group 29
[    0.094631] iommu: Adding device 70030000.hda to group 30
[    0.094667] iommu: Adding device 70090000.usb to group 31
[    0.094698] iommu: Adding device 7009f000.padctl to group 32
[    0.094734] iommu: Adding device 700b0400.sdhci to group 33
[    0.094770] iommu: Adding device 700b0600.sdhci to group 34
[    0.094803] iommu: Adding device 70015000.cec to group 35
[    0.094834] iommu: Adding device 700e2000.thermal-sensor to group 36
[    0.094866] iommu: Adding device 70110000.clock to group 37
[    0.094897] iommu: Adding device 70300000.ahub to group 38
[    0.094928] iommu: Adding device 7d000000.usb to group 39
[    0.094959] iommu: Adding device 7d000000.usb-phy to group 40
[    0.094995] iommu: Adding device 7d004000.usb to group 41
[    0.095027] iommu: Adding device 7d004000.usb-phy to group 42
[    0.095058] iommu: Adding device 7d008000.usb to group 43
[    0.095089] iommu: Adding device 7d008000.usb-phy to group 44
[    0.095125] iommu: Adding device pmu to group 45
[    0.095156] iommu: Adding device timer to group 46
[    0.095186] iommu: Adding device clocks to group 47
[    0.095218] iommu: Adding device gpio-keys to group 48
[    0.095254] iommu: Adding device regulators to group 49
[    0.095286] iommu: Adding device regulators:regulator@0 to group 50
[    0.095318] iommu: Adding device regulators:regulator@1 to group 51
[    0.095349] iommu: Adding device regulators:regulator@2 to group 52
[    0.095380] iommu: Adding device regulators:regulator@3 to group 53
[    0.095411] iommu: Adding device regulators:regulator@4 to group 54
[    0.095442] iommu: Adding device regulators:regulator@7 to group 55
[    0.095479] iommu: Adding device regulators:regulator@8 to group 56
[    0.095511] iommu: Adding device regulators:regulator@10 to group 57
[    0.095576] iommu: Adding device regulators:regulator@11 to group 58
[    0.095610] iommu: Adding device regulators:regulator@12 to group 59
[    0.095642] iommu: Adding device regulators:regulator@13 to group 60
[    0.095675] iommu: Adding device regulators:regulator@14 to group 61
[    0.095711] iommu: Adding device sound to group 62
[    0.110906] AT91: Could not find identification node
[    0.111475] +5V_SYS: supplied by +VDD_MUX
[    0.111760] +3.3V_SYS: supplied by +VDD_MUX
[    0.112382] +USB0_VBUS_SW: Failed to request enable GPIO108: -517
[    0.112398] reg-fixed-voltage regulators:regulator@7: Failed to register regulator: -517
[    0.112499] +5V_USB_HS: Failed to request enable GPIO109: -517
[    0.112515] reg-fixed-voltage regulators:regulator@8: Failed to register regulator: -517
[    0.112700] +1.05V_RUN_AVDD_HDMI_PLL: Failed to request enable GPIO63: -517
[    0.112714] reg-fixed-voltage regulators:regulator@11: Failed to register regulator: -517
[    0.112812] +5V_HDMI_CON: Failed to request enable GPIO86: -517
[    0.112826] reg-fixed-voltage regulators:regulator@12: Failed to register regulator: -517
[    0.112923] +5V_SATA: Failed to request enable GPIO242: -517
[    0.112936] reg-fixed-voltage regulators:regulator@13: Failed to register regulator: -517
[    0.113033] +12V_SATA: Failed to request enable GPIO242: -517
[    0.113046] reg-fixed-voltage regulators:regulator@14: Failed to register regulator: -517
[    0.116089] vgaarb: loaded
[    0.116832] SCSI subsystem initialized
[    0.117006] libata version 3.00 loaded.
[    0.117204] usbcore: registered new interface driver usbfs
[    0.117252] usbcore: registered new interface driver hub
[    0.117314] usbcore: registered new device driver usb
[    0.120797] pps_core: LinuxPPS API ver. 1 registered
[    0.120808] pps_core: Software ver. 5.3.6 - Copyright 2005-2007 Rodolfo Giometti <giometti@linux.it>
[    0.120830] PTP clock support registered
[    0.121022] EDAC MC: Ver: 3.0.0
[    0.121295] dmi: Firmware registration failed.
[    0.123897] clocksource: Switched to clocksource arch_sys_counter
[    0.173495] NET: Registered protocol family 2
[    0.174016] TCP established hash table entries: 8192 (order: 3, 32768 bytes)
[    0.174117] TCP bind hash table entries: 8192 (order: 4, 65536 bytes)
[    0.174305] TCP: Hash tables configured (established 8192 bind 8192)
[    0.174390] UDP hash table entries: 512 (order: 2, 16384 bytes)
[    0.174435] UDP-Lite hash table entries: 512 (order: 2, 16384 bytes)
[    0.174582] NET: Registered protocol family 1
[    0.174948] RPC: Registered named UNIX socket transport module.
[    0.174958] RPC: Registered udp transport module.
[    0.174967] RPC: Registered tcp transport module.
[    0.174976] RPC: Registered tcp NFSv4.1 backchannel transport module.
[    0.174988] PCI: CLS 0 bytes, default 64
[    0.176472] hw perfevents: enabled with armv7_cortex_a15 PMU driver, 7 counters available
[    0.177222] iommu: Adding device alarmtimer to group 63
[    0.178029] Initialise system trusted keyrings
[    0.178160] workingset: timestamp_bits=30 max_order=19 bucket_order=0
[    0.184093] squashfs: version 4.0 (2009/01/31) Phillip Lougher
[    0.184660] NFS: Registering the id_resolver key type
[    0.184690] Key type id_resolver registered
[    0.184700] Key type id_legacy registered
[    0.184741] ntfs: driver 2.1.32 [Flags: R/O].
[    0.186138] Key type asymmetric registered
[    0.186150] Asymmetric key parser 'x509' registered
[    0.186201] bounce: pool size: 64 pages
[    0.186245] Block layer SCSI generic (bsg) driver version 0.4 loaded (major 247)
[    0.186256] io scheduler noop registered
[    0.186266] io scheduler deadline registered
[    0.186489] io scheduler cfq registered (default)
[    0.186500] io scheduler mq-deadline registered
[    0.186510] io scheduler kyber registered
[    0.190673]  usb2-0: usb2-0 supply vbus not found, using dummy regulator
[    0.190777]  usb2-1: usb2-1 supply vbus not found, using dummy regulator
[    0.191149] tegra-xusb-padctl 7009f000.padctl: failed to setup XUSB ports: -517
[    0.210392] tegra-pcie 1003000.pcie: 2x1, 1x1 configuration
[    0.210452] tegra-pcie 1003000.pcie: Failed to get supply 'avddio-pex': -517
[    0.216927] tegra124-dfll 70110000.clock: couldn't get vdd_cpu regulator
[    0.223412] tegra-apbdma 60020000.dma: Tegra20 APB DMA driver register 32 channels
[    0.226829] tegra-pmc 7000e400.pmc: emergency thermal reset enabled
[    0.277278] Serial: 8250/16550 driver, 4 ports, IRQ sharing disabled
[    0.277377] iommu: Adding device serial8250 to group 64
[    0.279877] console [ttyS0] disabled
[    0.279918] 70006300.serial: ttyS0 at MMIO 0x70006300 (irq = 335, base_baud = 25500000) is a Tegra
[    1.548760] console [ttyS0] enabled
[    1.553180] SuperH (H)SCI(F) driver initialized
[    1.558858] msm_serial: driver initialized
[    1.563143] STMicroelectronics ASC driver initialized
[    1.568899] 70006000.serial: ttyTHS1 at MMIO 0x70006000 (irq = 333, base_baud = 0) is a TEGRA_UART
[    1.578165] 70006040.serial: ttyTHS2 at MMIO 0x70006040 (irq = 334, base_baud = 0) is a TEGRA_UART
[    1.609362] tegra-hdmi 54280000.hdmi: failed to get HDMI regulator
[    1.626342] brd: module loaded
[    1.635829] loop: module loaded
[    1.640196] at24 0-0056: 256 byte 24c02 EEPROM, writable, 8 bytes/write
[    1.648539] as3722 4-0040: AS3722 with revision 0x1 found
[    1.655928] iommu: Adding device as3722-pinctrl to group 65
[    1.662984] iommu: Adding device as3722-regulator to group 66
[    1.671612] as3722-sd2: supplied by +5V_SYS
[    1.676266] as3722-sd3: supplied by +5V_SYS
[    1.680658] +1.35V_LP0(sd3): Bringing 0uV into 1350000-1350000uV
[    1.687008] as3722-sd4: supplied by +5V_SYS
[    1.691592] as3722-sd5: supplied by +5V_SYS
[    1.697569] as3722-ldo0: supplied by +1.35V_LP0(sd2)
[    1.703595] +1.8V_RUN_CAM: Bringing 0uV into 1800000-1800000uV
[    1.709789] as3722-ldo2: supplied by +1.8V_VDDIO
[    1.715673] as3722-ldo3: supplied by +3.3V_SYS
[    1.720158] +1.05V_LP0_VDD_RTC: Bringing 1100000uV into 1000000-1000000uV
[    1.727925] as3722-ldo4: supplied by +3.3V_SYS
[    1.732581] +2.8V_RUN_CAM: Bringing 0uV into 2800000-2800000uV
[    1.738780] as3722-ldo5: supplied by +1.8V_VDDIO
[    1.743607] +1.2V_RUN_CAM_FRONT: Bringing 0uV into 1200000-1200000uV
[    1.750531] +VDDIO_SDMMC3: bypassed regulator has no supply!
[    1.756203] +VDDIO_SDMMC3: failed to get the current voltage(-517)
[    1.762380] as3722-regulator as3722-regulator: regulator 13 register failed -517
[    1.772323] iommu: Adding device as3722-rtc to group 67
[    1.777904] iommu: Adding device as3722-adc to group 68
[    1.783428] iommu: Adding device as3722-power-off to group 69
[    1.789493] iommu: Adding device as3722-wdt to group 70
[    1.796587] tegra-ahci 70027000.sata: couldn't get PHY in node sata: -517
[    1.819005] m25p80 spi1.0: w25q32dw (4096 Kbytes)
[    1.826153] iommu: Adding device Fixed MDIO bus.0 to group 71
[    1.832248] libphy: Fixed MDIO Bus: probed
[    1.837332] CAN device driver interface
[    1.842115] bgmac_bcma: Broadcom 47xx GBit MAC driver loaded
[    1.849204] e1000e: Intel(R) PRO/1000 Network Driver - 3.2.6-k
[    1.855046] e1000e: Copyright(c) 1999 - 2015 Intel Corporation.
[    1.861008] igb: Intel(R) Gigabit Ethernet Network Driver - version 5.4.0-k
[    1.867975] igb: Copyright (c) 2007-2014 Intel Corporation.
[    1.877619] pegasus: v0.9.3 (2013/04/25), Pegasus/Pegasus II USB Ethernet driver
[    1.885064] usbcore: registered new interface driver pegasus
[    1.890753] usbcore: registered new interface driver asix
[    1.896195] usbcore: registered new interface driver ax88179_178a
[    1.902307] usbcore: registered new interface driver cdc_ether
[    1.908189] usbcore: registered new interface driver smsc75xx
[    1.913986] usbcore: registered new interface driver smsc95xx
[    1.919751] usbcore: registered new interface driver net1080
[    1.925448] usbcore: registered new interface driver cdc_subset
[    1.931389] usbcore: registered new interface driver zaurus
[    1.937021] usbcore: registered new interface driver cdc_ncm
[    1.942908] tegra-phy 7d000000.usb-phy: no vbus regulator
[    1.948522] tegra-phy 7d004000.usb-phy: no vbus regulator
[    1.956004] ehci_hcd: USB 2.0 'Enhanced' Host Controller (EHCI) Driver
[    1.962524] ehci-pci: EHCI PCI platform driver
[    1.967013] ehci-platform: EHCI generic platform driver
[    1.972445] ehci-orion: EHCI orion driver
[    1.976637] SPEAr-ehci: EHCI SPEAr driver
[    1.980783] ehci-st: EHCI STMicroelectronics driver
[    1.985815] ehci-exynos: EHCI EXYNOS driver
[    1.990157] ehci-atmel: EHCI Atmel driver
[    1.994319] tegra-ehci: Tegra EHCI driver
[    2.001173] tegra-ehci 7d004000.usb: EHCI Host Controller
[    2.006605] tegra-ehci 7d004000.usb: new USB bus registered, assigned bus number 1
[    2.014347] tegra-ehci 7d004000.usb: irq 356, io mem 0x7d004000
[    2.043922] tegra-ehci 7d004000.usb: USB 2.0 started, EHCI 1.10
[    2.050502] hub 1-0:1.0: USB hub found
[    2.054316] hub 1-0:1.0: 1 port detected
[    2.058789] ohci_hcd: USB 1.1 'Open' Host Controller (OHCI) Driver
[    2.064995] ohci-pci: OHCI PCI platform driver
[    2.069470] ohci-platform: OHCI generic platform driver
[    2.074905] SPEAr-ohci: OHCI SPEAr driver
[    2.079054] ohci-st: OHCI STMicroelectronics driver
[    2.084087] ohci-atmel: OHCI Atmel driver
[    2.088895] usbcore: registered new interface driver usb-storage
[    2.096708] iommu: Adding device ci_hdrc.0 to group 72
[    2.108913] as3722-rtc as3722-rtc: rtc core: registered as3722-rtc as rtc0
[    2.115813] as3722-rtc as3722-rtc: RTC interrupt 379
[    2.124192] tegra_rtc 7000e000.rtc: rtc core: registered 7000e000.rtc as rtc1
[    2.131364] tegra_rtc 7000e000.rtc: Tegra internal Real Time Clock
[    2.138124] i2c /dev entries driver
[    2.148725] lm90 0-004c: 0-004c supply vcc not found, using dummy regulator
[    2.164023] iommu: Adding device cpufreq-tegra124 to group 73
[    2.172213] sdhci: Secure Digital Host Controller Interface driver
[    2.178402] sdhci: Copyright(c) Pierre Ossman
[    2.184568] Synopsys Designware Multimedia Card Interface Driver
[    2.192126] sdhci-pltfm: SDHCI platform and OF driver helper
[    2.198612] sdhci-tegra 700b0400.sdhci: Got CD GPIO
[    2.203500] sdhci-tegra 700b0400.sdhci: Got WP GPIO
[    2.223939] mmc0: Unknown controller version (3). You may experience problems.
[    2.231197] mmc0: Invalid maximum block size, assuming 512 bytes
[    2.293921] mmc0: SDHCI controller on 700b0600.sdhci [700b0600.sdhci] using ADMA
[    2.303525] ledtrig-cpu: registered to indicate activity on CPUs
[    2.309869] usbcore: registered new interface driver usbhid
[    2.315454] usbhid: USB HID core driver
[    2.323460] NET: Registered protocol family 10
[    2.328792] Segment Routing with IPv6
[    2.332611] sit: IPv6, IPv4 and MPLS over IPv4 tunneling driver
[    2.339086] NET: Registered protocol family 17
[    2.343531] can: controller area network core (rev 20170425 abi 9)
[    2.349775] NET: Registered protocol family 29
[    2.354230] can: raw protocol (rev 20170425)
[    2.358495] can: broadcast manager protocol (rev 20170425 t)
[    2.364168] can: netlink gateway (rev 20170425) max_hops=1
[    2.369929] Key type dns_resolver registered
[    2.374722] ThumbEE CPU extension supported.
[    2.378991] Registering SWP/SWPB emulation handler
[    2.384439] Loading compiled-in X.509 certificates
[    2.402257] +3.3V_RUN: supplied by +3.3V_SYS
[    2.407288] +USB0_VBUS_SW: supplied by +5V_SYS
[    2.411909] +3.3V_AVDD_HDMI_AP_GATED: supplied by +3.3V_RUN
[    2.418129] +5V_USB_HS: supplied by +5V_SYS
[    2.423212] +3.3V_LP0: supplied by +3.3V_SYS
[    2.429379] +5V_HDMI_CON: supplied by +5V_SYS
[    2.434681] +5V_SATA: supplied by +5V_SYS
[    2.439381] +12V_SATA: supplied by +VDD_MUX
[    2.444960]  usb2-0: usb2-0 supply vbus not found, using dummy regulator
[    2.451811]  usb2-1: usb2-1 supply vbus not found, using dummy regulator
[    2.458953]  usb3-0: usb3-0 supply vbus not found, using dummy regulator
[    2.467304] tegra-pcie 1003000.pcie: 2x1, 1x1 configuration
[    2.473014] tegra-pcie 1003000.pcie: Failed to get supply 'avddio-pex': -517
[    2.483236] mmc0: new high speed MMC card at address 0001
[    2.483772] tegra124-dfll 70110000.clock: couldn't get vdd_cpu regulator
[    2.488372] tegra-hdmi 54280000.hdmi: failed to get PLL regulator
[    2.492807] as3722-sd2: supplied by +5V_SYS
[    2.493084] as3722-sd3: supplied by +5V_SYS
[    2.493371] as3722-sd4: supplied by +5V_SYS
[    2.493643] as3722-sd5: supplied by +5V_SYS
[    2.495109] as3722-ldo0: supplied by +1.35V_LP0(sd2)
[    2.495578] as3722-ldo1: supplied by +3.3V_RUN
[    2.495886] as3722-ldo2: supplied by +1.8V_VDDIO
[    2.496802] as3722-ldo3: supplied by +3.3V_SYS
[    2.497715] as3722-ldo4: supplied by +3.3V_SYS
[    2.498013] as3722-ldo5: supplied by +1.8V_VDDIO
[    2.498310] as3722-ldo6: supplied by +3.3V_RUN
[    2.498612] as3722-ldo7: supplied by +1.8V_VDDIO
[    2.498862] +1.05V_RUN_CAM_REAR: Bringing 0uV into 1050000-1050000uV
[    2.499233] as3722-ldo9: supplied by +5V_SYS
[    2.499645] +3.3V_RUN_TOUCH: Bringing 0uV into 2800000-2800000uV
[    2.500024] as3722-ldo10: supplied by +5V_SYS
[    2.500250] +2.8V_RUN_CAM_AF: Bringing 0uV into 2800000-2800000uV
[    2.500631] as3722-ldo11: supplied by +3.3V_RUN
[    2.500858] +1.8V_RUN_VPP_FUSE: Bringing 0uV into 1800000-1800000uV
[    2.504347] tegra-ahci 70027000.sata: AHCI 0001.0301 32 slots 2 ports 3 Gbps 0x1 impl platform mode
[    2.504360] tegra-ahci 70027000.sata: flags: 64bit ncq sntf pm led pio slum part sadm sds apst 
[    2.505741] scsi host0: tegra-ahci
[    2.506351] scsi host1: tegra-ahci
[    2.506698] ata1: SATA max UDMA/133 mmio [mem 0x70027000-0x70028fff] port 0x100 irq 345
[    2.506706] ata2: DUMMY
[    2.510901] tegra-ehci 7d008000.usb: EHCI Host Controller
[    2.510928] tegra-ehci 7d008000.usb: new USB bus registered, assigned bus number 2
[    2.511143] tegra-ehci 7d008000.usb: irq 357, io mem 0x7d008000
[    2.534018] tegra-ehci 7d008000.usb: USB 2.0 started, EHCI 1.10
[    2.544770] hub 2-0:1.0: USB hub found
[    2.544818] hub 2-0:1.0: 1 port detected
[    2.547921] sdhci-tegra 700b0400.sdhci: Got CD GPIO
[    2.547944] sdhci-tegra 700b0400.sdhci: Got WP GPIO
[    2.556448] mmc1: Unknown controller version (3). You may experience problems.
[    2.556558] mmc1: Invalid maximum block size, assuming 512 bytes
[    2.614576] mmc1: SDHCI controller on 700b0400.sdhci [700b0400.sdhci] using ADMA
[    2.615495] tegra-pcie 1003000.pcie: 2x1, 1x1 configuration
[    2.621255] tegra-pcie 1003000.pcie: probing port 0, using 2 lanes
[    2.623320] tegra-pcie 1003000.pcie: Slot present pin change, signature: 00000008
[    2.654080] tegra-pcie 1003000.pcie: probing port 1, using 1 lanes
[    2.656157] tegra-pcie 1003000.pcie: Slot present pin change, signature: 00000000
[    2.670444] tegra-pcie 1003000.pcie: PCI host bridge to bus 0000:00
[    2.670454] pci_bus 0000:00: root bus resource [io  0x0000-0xffff]
[    2.670467] pci_bus 0000:00: root bus resource [mem 0x13000000-0x1fffffff]
[    2.670475] pci_bus 0000:00: root bus resource [mem 0x20000000-0x3fffffff pref]
[    2.670483] pci_bus 0000:00: root bus resource [bus 00-ff]
[    2.670529] pci 0000:00:01.0: [10de:0e12] type 01 class 0x060400
[    2.670551] pci_bus 0000:00: 2-byte config write to 0000:00:01.0 offset 0x4 may corrupt adjacent RW1C bits
[    2.670564] pci_bus 0000:00: 2-byte config write to 0000:00:01.0 offset 0x4 may corrupt adjacent RW1C bits
[    2.670606] pci 0000:00:01.0: enabling Extended Tags
[    2.670618] pci_bus 0000:00: 2-byte config write to 0000:00:01.0 offset 0x88 may corrupt adjacent RW1C bits
[    2.670655] pci_bus 0000:00: 2-byte config write to 0000:00:01.0 offset 0x52 may corrupt adjacent RW1C bits
[    2.670710] pci 0000:00:01.0: PME# supported from D0 D1 D2 D3hot D3cold
[    2.670721] pci_bus 0000:00: 2-byte config write to 0000:00:01.0 offset 0x4c may corrupt adjacent RW1C bits
[    2.670995] pci 0000:00:02.0: [10de:0e13] type 01 class 0x060400
[    2.671014] pci_bus 0000:00: 2-byte config write to 0000:00:02.0 offset 0x4 may corrupt adjacent RW1C bits
[    2.671026] pci_bus 0000:00: 2-byte config write to 0000:00:02.0 offset 0x4 may corrupt adjacent RW1C bits
[    2.671069] pci 0000:00:02.0: enabling Extended Tags
[    2.671080] pci_bus 0000:00: 2-byte config write to 0000:00:02.0 offset 0x88 may corrupt adjacent RW1C bits
[    2.671114] pci_bus 0000:00: 2-byte config write to 0000:00:02.0 offset 0x52 may corrupt adjacent RW1C bits
[    2.671167] pci 0000:00:02.0: PME# supported from D0 D1 D2 D3hot D3cold
[    2.671178] pci_bus 0000:00: 2-byte config write to 0000:00:02.0 offset 0x4c may corrupt adjacent RW1C bits
[    2.671454] PCI: bus0: Fast back to back transfers disabled
[    2.671465] pci 0000:00:01.0: bridge configuration invalid ([bus 00-00]), reconfiguring
[    2.671484] pci 0000:00:02.0: bridge configuration invalid ([bus 00-00]), reconfiguring
[    2.671669] pci 0000:01:00.0: [8086:4232] type 00 class 0x028000
[    2.671729] pci 0000:01:00.0: reg 0x10: [mem 0x00000000-0x00001fff 64bit]
[    2.672023] PCI: bus1: Fast back to back transfers disabled
[    2.672034] pci_bus 0000:01: busn_res: [bus 01-ff] end is updated to 01
[    2.672222] pci 0000:02:00.0: [10ec:8168] type 00 class 0x020000
[    2.672262] pci 0000:02:00.0: reg 0x10: [io  0x0000-0x00ff]
[    2.672305] pci 0000:02:00.0: reg 0x18: [mem 0x00000000-0x00000fff 64bit]
[    2.672335] pci 0000:02:00.0: reg 0x20: [mem 0x00000000-0x00003fff 64bit pref]
[    2.672548] PCI: bus2: Fast back to back transfers disabled
[    2.672558] pci_bus 0000:02: busn_res: [bus 02-ff] end is updated to 02
[    2.672603] pci 0000:00:01.0: BAR 8: assigned [mem 0x13000000-0x130fffff]
[    2.672612] pci 0000:00:02.0: BAR 8: assigned [mem 0x13100000-0x131fffff]
[    2.672624] pci 0000:00:02.0: BAR 9: assigned [mem 0x20000000-0x200fffff 64bit pref]
[    2.672632] pci 0000:00:02.0: BAR 7: assigned [io  0x1000-0x1fff]
[    2.672645] pci 0000:01:00.0: BAR 0: assigned [mem 0x13000000-0x13001fff 64bit]
[    2.672677] pci 0000:00:01.0: PCI bridge to [bus 01]
[    2.672691] pci 0000:00:01.0:   bridge window [mem 0x13000000-0x130fffff]
[    2.672712] pci 0000:02:00.0: BAR 4: assigned [mem 0x20000000-0x20003fff 64bit pref]
[    2.672740] pci 0000:02:00.0: BAR 2: assigned [mem 0x13100000-0x13100fff 64bit]
[    2.672766] pci 0000:02:00.0: BAR 0: assigned [io  0x1000-0x10ff]
[    2.672780] pci 0000:00:02.0: PCI bridge to [bus 02]
[    2.672788] pci 0000:00:02.0:   bridge window [io  0x1000-0x1fff]
[    2.672800] pci 0000:00:02.0:   bridge window [mem 0x13100000-0x131fffff]
[    2.672811] pci 0000:00:02.0:   bridge window [mem 0x20000000-0x200fffff 64bit pref]
[    2.672851] pci 0000:00:01.0: nv_msi_ht_cap_quirk didn't locate host bridge
[    2.672997] pcieport 0000:00:01.0: enabling device (0140 -> 0142)
[    2.673280] pcieport 0000:00:01.0: Signaling PME with IRQ 395
[    2.673475] pci 0000:00:02.0: nv_msi_ht_cap_quirk didn't locate host bridge
[    2.673595] pcieport 0000:00:02.0: enabling device (0140 -> 0143)
[    2.673846] pcieport 0000:00:02.0: Signaling PME with IRQ 396
[    2.674382] r8169 Gigabit Ethernet driver 2.3LK-NAPI loaded
[    2.674414] r8169 0000:02:00.0: enabling device (0140 -> 0143)
[    2.674466] r8169 0000:02:00.0 (unnamed net_device) (uninitialized): not PCI Express
[    2.705558] r8169 0000:02:00.0 eth0: RTL8168g/8111g at 0xa5a59e81, 00:04:4b:3a:d9:81, XID 0c000800 IRQ 22
[    2.705567] r8169 0000:02:00.0 eth0: jumbo features [frames: 9200 bytes, tx checksumming: ko]
[    2.710790] +1.05V_RUN_AVDD_HDMI_PLL: supplied by +1.05V_RUN
[    2.713588] [drm] Supports vblank timestamp caching Rev 2 (21.10.2013).
[    2.713593] [drm] No driver support for vblank timestamp query.
[    2.713638] [drm] Cannot find any crtc or sizes
[    2.713726] [drm] Initialized tegra 0.0.0 20120330 for drm on minor 0
[    2.715336] iommu: Adding device cpufreq-dt.0 to group 74
[    2.715870] cpufreq: cpufreq_online: CPU0: Running at unlisted freq: 696000 KHz
[    2.715896] cpufreq: cpufreq_online: CPU0: Unlisted initial frequency changed to: 714000 KHz
[    2.716901] input: gpio-keys as /devices/soc0/gpio-keys/input/input0
[    2.723561] as3722-rtc as3722-rtc: setting system clock to 2000-01-01 00:05:12 UTC (946685112)
[    2.723973] +USB0_VBUS_SW: disabling
[    2.723996] +1.8V_RUN_CAM: disabling
[    2.724215] +2.8V_RUN_CAM: disabling
[    2.724325] +1.2V_RUN_CAM_FRONT: disabling
[    2.724434] +1.05V_RUN_CAM_REAR: disabling
[    2.724540] +3.3V_RUN_TOUCH: disabling
[    2.724646] +2.8V_RUN_CAM_AF: disabling
[    2.724752] +1.8V_RUN_VPP_FUSE: disabling
[    2.836600] ata1: SATA link down (SStatus 0 SControl 300)
[    2.847077] mmc1: new high speed SDHC card at address aaaa
[    2.847338] mmcblk1: mmc1:aaaa SD04G 3.69 GiB 
[    2.853962] tegra-hdmi 54280000.hdmi: cannot set audio to 48000 Hz at 297000000 Hz pixel clock
[    2.856530]  mmcblk1: p1 p2 p3
[    3.263045] mmcblk0: mmc0:0001 SEM16G 14.7 GiB 
[    3.263362] mmcblk0boot0: mmc0:0001 SEM16G partition 1 4.00 MiB
[    3.263644] mmcblk0boot1: mmc0:0001 SEM16G partition 2 4.00 MiB
[    3.263866] mmcblk0rpmb: mmc0:0001 SEM16G partition 3 4.00 MiB, chardev (237:0)
[    3.265638]  mmcblk0: p1
[    3.266908] EXT4-fs (mmcblk0p1): mounting ext3 file system using the ext4 subsystem
[    3.279838] EXT4-fs (mmcblk0p1): recovery complete
[    3.279846] EXT4-fs (mmcblk0p1): mounted filesystem with ordered data mode. Opts: (null)
[    3.279866] VFS: Mounted root (ext3 filesystem) on device 179:17.
[    3.283789] devtmpfs: mounted
[    3.285967] Freeing unused kernel memory: 2048K
[    3.364519] Console: switching to colour frame buffer device 512x135
[    3.512410] drm drm: fb0:  frame buffer device
bash: cannot set terminal process group (-1): Inappropriate ioctl for device
bash: no job control in this shell
root@(none):/# mount -t sysfs none /sys
root@(none):/# 
root@(none):/# mount -t debugfs none /sys/kernel/debug
root@(none):/# 
root@(none):/# rtcwake -d rtc1 -m mem -s 3
rtcwake: assuming RTC uses UTC ...
rtcwake: wakeup from "mem" using /dev/rtc1 at Thu Jan  1 00:00:20 1970
[    6.432991] PM: suspend entry (deep)
[    6.436601] PM: Syncing filesystems ... done.
[    6.522194] Freezing user space processes ... (elapsed 0.001 seconds) done.
[    6.530429] OOM killer disabled.
[    6.533658] Freezing remaining freezable tasks ... (elapsed 0.001 seconds) done.
[    6.542275] Suspending console(s) (use no_console_suspend to debug)
[    6.636806] Disabling non-boot CPUs ...
[    6.794541] Entering suspend state LP1
[    6.794553] Enabling non-boot CPUs ...
[    6.794875] CPU1 is up
[    6.795145] CPU2 is up
[    6.795452] CPU3 is up
[    6.796173] pcieport 0000:00:01.0: nv_msi_ht_cap_quirk didn't locate host bridge
[    6.796175] pcieport 0000:00:02.0: nv_msi_ht_cap_quirk didn't locate host bridge
[    6.834320] tegra-hdmi 54280000.hdmi: cannot set audio to 48000 Hz at 297000000 Hz pixel clock
[    6.989835] OOM killer enabled.
[    6.992964] Restarting tasks ... done.
[    7.030954] PM: suspend exit
root@(none):/# 
root@(none):/# [    7.138723] ata1: SATA link down (SStatus 0 SControl 300)
rtcwake -d rtc1 -m mem -s 3
rtcwake: assuming RTC uses UTC ...
rtcwake: wakeup from "mem" using /dev/rtc1 at Thu Jan  1 00:00:25 1970
[    8.351283] PM: suspend entry (deep)
[    8.354962] PM: Syncing filesystems ... done.
[    8.467919] Freezing user space processes ... (elapsed 0.001 seconds) done.
[    8.476225] OOM killer disabled.
[    8.479455] Freezing remaining freezable tasks ... (elapsed 0.001 seconds) done.
[    8.488132] Suspending console(s) (use no_console_suspend to debug)
[    8.507540] pci_generic_config_write32: 78 callbacks suppressed
[    8.507545] pci_bus 0000:00: 2-byte config write to 0000:00:02.0 offset 0x9c may corrupt adjacent RW1C bits
[    8.507559] pci_bus 0000:00: 2-byte config write to 0000:00:01.0 offset 0x9c may corrupt adjacent RW1C bits
[    8.588174] Disabling non-boot CPUs ...
[    8.744455] Entering suspend state LP1
[    8.744466] Enabling non-boot CPUs ...
[    8.744806] CPU1 is up
[    8.745086] CPU2 is up
[    8.745400] CPU3 is up
[    8.746017] pci_bus 0000:00: 2-byte config write to 0000:00:01.0 offset 0x4c may corrupt adjacent RW1C bits
[    8.746025] pci_bus 0000:00: 2-byte config write to 0000:00:02.0 offset 0x4c may corrupt adjacent RW1C bits
[    8.746033] pci_bus 0000:00: 2-byte config write to 0000:00:01.0 offset 0x88 may corrupt adjacent RW1C bits
[    8.746038] pci_bus 0000:00: 2-byte config write to 0000:00:01.0 offset 0x90 may corrupt adjacent RW1C bits
[    8.746043] pci_bus 0000:00: 2-byte config write to 0000:00:02.0 offset 0x88 may corrupt adjacent RW1C bits
[    8.746048] pci_bus 0000:00: 2-byte config write to 0000:00:01.0 offset 0x98 may corrupt adjacent RW1C bits
[    8.746052] pci_bus 0000:00: 2-byte config write to 0000:00:02.0 offset 0x90 may corrupt adjacent RW1C bits
[    8.746056] pci_bus 0000:00: 2-byte config write to 0000:00:01.0 offset 0x9c may corrupt adjacent RW1C bits
[    8.746152] pcieport 0000:00:02.0: nv_msi_ht_cap_quirk didn't locate host bridge
[    8.746153] pcieport 0000:00:01.0: nv_msi_ht_cap_quirk didn't locate host bridge
[    8.784311] tegra-hdmi 54280000.hdmi: cannot set audio to 48000 Hz at 297000000 Hz pixel clock
[    9.043284] OOM killer enabled.
[    9.046442] Restarting tasks ... done.
[    9.087157] ata1: SATA link down (SStatus 0 SControl 300)
[    9.338578] PM: suspend exit
root@(none):/# 
root@(none):/# rtcwake -d rtc1 -m mem -s 3
rtcwake: assuming RTC uses UTC ...
rtcwake: wakeup from "mem" using /dev/rtc1 at Thu Jan  1 00:00:30 1970
[   10.308434] PM: suspend entry (deep)
[   10.312017] PM: Syncing filesystems ... done.
[   10.417954] Freezing user space processes ... (elapsed 0.001 seconds) done.
[   10.426260] OOM killer disabled.
[   10.429491] Freezing remaining freezable tasks ... (elapsed 0.001 seconds) done.
[   10.438171] Suspending console(s) (use no_console_suspend to debug)
[   10.528129] Disabling non-boot CPUs ...
[   10.643983] IRQ17 no longer affine to CPU2
[   10.714441] Entering suspend state LP1
[   10.714452] Enabling non-boot CPUs ...
[   10.714795] CPU1 is up
[   10.715075] CPU2 is up
[   10.715386] CPU3 is up
[   10.716067] pcieport 0000:00:01.0: nv_msi_ht_cap_quirk didn't locate host bridge
[   10.716177] pcieport 0000:00:02.0: nv_msi_ht_cap_quirk didn't locate host bridge
[   10.754265] tegra-hdmi 54280000.hdmi: cannot set audio to 48000 Hz at 297000000 Hz pixel clock
[   10.913967] OOM killer enabled.
[   10.917095] Restarting tasks ... done.
[   10.950877] PM: suspend exit
root@(none):/# 
root@(none):/# [   11.058557] ata1: SATA link down (SStatus 0 SControl 300)
rtcwake -d rtc1 -m mem -s 3
rtcwake: assuming RTC uses UTC ...
rtcwake: wakeup from "mem" using /dev/rtc1 at Thu Jan  1 00:00:35 1970
[   12.278393] PM: suspend entry (deep)
[   12.281973] PM: Syncing filesystems ... done.
[   12.387887] Freezing user space processes ... (elapsed 0.001 seconds) done.
[   12.396195] OOM killer disabled.
[   12.399425] Freezing remaining freezable tasks ... (elapsed 0.001 seconds) done.
[   12.408108] Suspending console(s) (use no_console_suspend to debug)
[   12.498049] Disabling non-boot CPUs ...
[   12.613966] IRQ17 no longer affine to CPU2
[   12.674416] Entering suspend state LP1
[   12.674427] Enabling non-boot CPUs ...
[   12.674770] CPU1 is up
[   12.675051] CPU2 is up
[   12.675364] CPU3 is up
[   12.676047] pcieport 0000:00:02.0: nv_msi_ht_cap_quirk didn't locate host bridge
[   12.676138] pcieport 0000:00:01.0: nv_msi_ht_cap_quirk didn't locate host bridge
[   12.714253] tegra-hdmi 54280000.hdmi: cannot set audio to 48000 Hz at 297000000 Hz pixel clock
[   12.873980] OOM killer enabled.
[   12.877109] Restarting tasks ... done.
[   12.910881] PM: suspend exit
root@(none):/# 
root@(none):/# [   13.018473] ata1: SATA link down (SStatus 0 SControl 300)
rtcwake -d rtc1 -m mem -s 3
rtcwake: assuming RTC uses UTC ...
rtcwake: wakeup from "mem" using /dev/rtc1 at Thu Jan  1 00:00:40 1970
[   14.248990] PM: suspend entry (deep)
[   14.252578] PM: Syncing filesystems ... done.
[   14.391076] Freezing user space processes ... (elapsed 0.001 seconds) done.
[   14.399319] OOM killer disabled.
[   14.402546] Freezing remaining freezable tasks ... (elapsed 0.001 seconds) done.
[   14.411155] Suspending console(s) (use no_console_suspend to debug)
[   14.428468] pci_generic_config_write32: 74 callbacks suppressed
[   14.428473] pci_bus 0000:00: 2-byte config write to 0000:00:02.0 offset 0x9c may corrupt adjacent RW1C bits
[   14.428488] pci_bus 0000:00: 2-byte config write to 0000:00:01.0 offset 0x9c may corrupt adjacent RW1C bits
[   14.507397] Disabling non-boot CPUs ...
[   14.613946] IRQ17 no longer affine to CPU2
[   14.654395] Entering suspend state LP1
[   14.654407] Enabling non-boot CPUs ...
[   14.654749] CPU1 is up
[   14.655026] CPU2 is up
[   14.655338] CPU3 is up
[   14.655977] pci_bus 0000:00: 2-byte config write to 0000:00:01.0 offset 0x4c may corrupt adjacent RW1C bits
[   14.655984] pci_bus 0000:00: 2-byte config write to 0000:00:02.0 offset 0x4c may corrupt adjacent RW1C bits
[   14.655994] pci_bus 0000:00: 2-byte config write to 0000:00:01.0 offset 0x88 may corrupt adjacent RW1C bits
[   14.655998] pci_bus 0000:00: 2-byte config write to 0000:00:02.0 offset 0x88 may corrupt adjacent RW1C bits
[   14.656003] pci_bus 0000:00: 2-byte config write to 0000:00:01.0 offset 0x90 may corrupt adjacent RW1C bits
[   14.656007] pci_bus 0000:00: 2-byte config write to 0000:00:02.0 offset 0x90 may corrupt adjacent RW1C bits
[   14.656012] pci_bus 0000:00: 2-byte config write to 0000:00:01.0 offset 0x98 may corrupt adjacent RW1C bits
[   14.656016] pci_bus 0000:00: 2-byte config write to 0000:00:02.0 offset 0x98 may corrupt adjacent RW1C bits
[   14.656111] pcieport 0000:00:02.0: nv_msi_ht_cap_quirk didn't locate host bridge
[   14.656112] pcieport 0000:00:01.0: nv_msi_ht_cap_quirk didn't locate host bridge
[   14.704240] tegra-hdmi 54280000.hdmi: cannot set audio to 48000 Hz at 297000000 Hz pixel clock
[   14.967193] OOM killer enabled.
[   14.970325] Restarting tasks ... done.
[   14.996604] ata1: SATA link down (SStatus 0 SControl 300)
[   15.038508] PM: suspend exit
root@(none):/# 
root@(none):/# rtcwake -d rtc1 -m mem -s 3
rtcwake: assuming RTC uses UTC ...
rtcwake: wakeup from "mem" using /dev/rtc1 at Thu Jan  1 00:00:45 1970
[   16.228520] PM: suspend entry (deep)
[   16.232100] PM: Syncing filesystems ... done.
[   16.337835] Freezing user space processes ... (elapsed 0.001 seconds) done.
[   16.346146] OOM killer disabled.
[   16.349376] Freezing remaining freezable tasks ... (elapsed 0.001 seconds) done.
[   16.358060] Suspending console(s) (use no_console_suspend to debug)
[   16.448054] Disabling non-boot CPUs ...
[   16.563929] IRQ17 no longer affine to CPU2
[   16.634377] Entering suspend state LP1
[   16.634388] Enabling non-boot CPUs ...
[   16.634734] CPU1 is up
[   16.635015] CPU2 is up
[   16.635329] CPU3 is up
[   16.636053] pcieport 0000:00:02.0: nv_msi_ht_cap_quirk didn't locate host bridge
[   16.636055] pcieport 0000:00:01.0: nv_msi_ht_cap_quirk didn't locate host bridge
[   16.674231] tegra-hdmi 54280000.hdmi: cannot set audio to 48000 Hz at 297000000 Hz pixel clock
[   16.833951] OOM killer enabled.
[   16.837080] Restarting tasks ... done.
[   16.870868] PM: suspend exit
root@(none):/# 
root@(none):/# [   16.978450] ata1: SATA link down (SStatus 0 SControl 300)
rtcwake -d rtc1 -m mem -s 3
rtcwake: assuming RTC uses UTC ...
rtcwake: wakeup from "mem" using /dev/rtc1 at Thu Jan  1 00:00:50 1970
[   18.198527] PM: suspend entry (deep)
[   18.202110] PM: Syncing filesystems ... done.
[   18.307836] Freezing user space processes ... (elapsed 0.001 seconds) done.
[   18.316145] OOM killer disabled.
[   18.319375] Freezing remaining freezable tasks ... (elapsed 0.001 seconds) done.
[   18.328056] Suspending console(s) (use no_console_suspend to debug)
[   18.418017] Disabling non-boot CPUs ...
[   18.523911] IRQ17 no longer affine to CPU2
[   18.584351] Entering suspend state LP1
[   18.584362] Enabling non-boot CPUs ...
[   18.584707] CPU1 is up
[   18.584989] CPU2 is up
[   18.585302] CPU3 is up
[   18.586027] pcieport 0000:00:02.0: nv_msi_ht_cap_quirk didn't locate host bridge
[   18.586029] pcieport 0000:00:01.0: nv_msi_ht_cap_quirk didn't locate host bridge
[   18.624197] tegra-hdmi 54280000.hdmi: cannot set audio to 48000 Hz at 297000000 Hz pixel clock
[   18.783917] OOM killer enabled.
[   18.787046] Restarting tasks ... done.
[   18.820817] PM: suspend exit
root@(none):/# 
root@(none):/# [   18.928281] ata1: SATA link down (SStatus 0 SControl 300)
rtcwake -d rtc1 -m mem -s 3
rtcwake: assuming RTC uses UTC ...
rtcwake: wakeup from "mem" using /dev/rtc1 at Thu Jan  1 00:00:55 1970
[   20.148085] PM: suspend entry (deep)
[   20.151667] PM: Syncing filesystems ... done.
[   20.257817] Freezing user space processes ... (elapsed 0.001 seconds) done.
[   20.266131] OOM killer disabled.
[   20.269362] Freezing remaining freezable tasks ... (elapsed 0.001 seconds) done.
[   20.278050] Suspending console(s) (use no_console_suspend to debug)
[   20.297368] pci_generic_config_write32: 74 callbacks suppressed
[   20.297374] pci_bus 0000:00: 2-byte config write to 0000:00:02.0 offset 0x9c may corrupt adjacent RW1C bits
[   20.297388] pci_bus 0000:00: 2-byte config write to 0000:00:01.0 offset 0x9c may corrupt adjacent RW1C bits
[   20.377347] Disabling non-boot CPUs ...
[   20.483891] IRQ17 no longer affine to CPU2
[   20.524336] Entering suspend state LP1
[   20.524348] Enabling non-boot CPUs ...
[   20.524694] CPU1 is up
[   20.524974] CPU2 is up
[   20.525286] CPU3 is up
[   20.525906] pci_bus 0000:00: 2-byte config write to 0000:00:02.0 offset 0x4c may corrupt adjacent RW1C bits
[   20.525912] pci_bus 0000:00: 2-byte config write to 0000:00:01.0 offset 0x4c may corrupt adjacent RW1C bits
[   20.525922] pci_bus 0000:00: 2-byte config write to 0000:00:02.0 offset 0x88 may corrupt adjacent RW1C bits
[   20.525927] pci_bus 0000:00: 2-byte config write to 0000:00:01.0 offset 0x88 may corrupt adjacent RW1C bits
[   20.525931] pci_bus 0000:00: 2-byte config write to 0000:00:02.0 offset 0x90 may corrupt adjacent RW1C bits
[   20.525936] pci_bus 0000:00: 2-byte config write to 0000:00:01.0 offset 0x90 may corrupt adjacent RW1C bits
[   20.525940] pci_bus 0000:00: 2-byte config write to 0000:00:02.0 offset 0x98 may corrupt adjacent RW1C bits
[   20.525944] pci_bus 0000:00: 2-byte config write to 0000:00:01.0 offset 0x98 may corrupt adjacent RW1C bits
[   20.526041] pcieport 0000:00:01.0: nv_msi_ht_cap_quirk didn't locate host bridge
[   20.526042] pcieport 0000:00:02.0: nv_msi_ht_cap_quirk didn't locate host bridge
[   20.564166] tegra-hdmi 54280000.hdmi: cannot set audio to 48000 Hz at 297000000 Hz pixel clock
[   20.827248] OOM killer enabled.
[   20.830380] Restarting tasks ... done.
[   20.866581] ata1: SATA link down (SStatus 0 SControl 300)
[   20.959827] PM: suspend exit
root@(none):/# 
root@(none):/# rtcwake -d rtc1 -m mem -s 3
rtcwake: assuming RTC uses UTC ...
rtcwake: wakeup from "mem" using /dev/rtc1 at Thu Jan  1 00:01:00 1970
[   22.088311] PM: suspend entry (deep)
[   22.091891] PM: Syncing filesystems ... done.
[   22.197814] Freezing user space processes ... (elapsed 0.001 seconds) done.
[   22.206124] OOM killer disabled.
[   22.209354] Freezing remaining freezable tasks ... (elapsed 0.001 seconds) done.
[   22.218039] Suspending console(s) (use no_console_suspend to debug)
[   22.308031] Disabling non-boot CPUs ...
[   22.433870] IRQ17 no longer affine to CPU2
[   22.494318] Entering suspend state LP1
[   22.494330] Enabling non-boot CPUs ...
[   22.494674] CPU1 is up
[   22.494954] CPU2 is up
[   22.495268] CPU3 is up
[   22.495991] pcieport 0000:00:01.0: nv_msi_ht_cap_quirk didn't locate host bridge
[   22.495993] pcieport 0000:00:02.0: nv_msi_ht_cap_quirk didn't locate host bridge
[   22.544128] tegra-hdmi 54280000.hdmi: cannot set audio to 48000 Hz at 297000000 Hz pixel clock
[   22.703847] OOM killer enabled.
[   22.706975] Restarting tasks ... done.
[   22.740778] PM: suspend exit
root@(none):/# 
root@(none):/# [   22.837948] ata1: SATA link down (SStatus 0 SControl 300)
rtcwake -d rtc1 -m mem -s 3
rtcwake: assuming RTC uses UTC ...
rtcwake: wakeup from "mem" using /dev/rtc1 at Thu Jan  1 00:01:05 1970
[   24.058242] PM: suspend entry (deep)
[   24.061824] PM: Syncing filesystems ... done.
[   24.177652] Freezing user space processes ... (elapsed 0.001 seconds) done.
[   24.185849] OOM killer disabled.
[   24.189067] Freezing remaining freezable tasks ... (elapsed 0.001 seconds) done.
[   24.197700] Suspending console(s) (use no_console_suspend to debug)
[   24.287964] Disabling non-boot CPUs ...
[   24.413855] IRQ17 no longer affine to CPU2
[   24.454226] Entering suspend state LP1
[   24.454238] Enabling non-boot CPUs ...
[   24.454580] CPU1 is up
[   24.454858] CPU2 is up
[   24.455169] CPU3 is up
[   24.455891] pcieport 0000:00:01.0: nv_msi_ht_cap_quirk didn't locate host bridge
[   24.455894] pcieport 0000:00:02.0: nv_msi_ht_cap_quirk didn't locate host bridge
[   24.494123] tegra-hdmi 54280000.hdmi: cannot set audio to 48000 Hz at 297000000 Hz pixel clock
[   24.653713] OOM killer enabled.
[   24.656841] Restarting tasks ... done.
[   24.690767] PM: suspend exit
root@(none):/# 
root@(none):/# [   24.798121] ata1: SATA link down (SStatus 0 SControl 300)
NVTB SYSTEM SUSPEND TEST COMPLETE
