
U-Boot SPL 2014.01-00219-gc4d376f (Feb 18 2014 - 19:57:18)


U-Boot 2014.01-00219-gc4d376f (Feb 18 2014 - 19:57:18)

TEGRA30
Board: NVIDIA Beaver
I2C:   ready
DRAM:  2 GiB
MMC:   Tegra SD/MMC: 0, Tegra SD/MMC: 1
In:    serial
Out:   serial
Err:   serial
Net:   Net Initialization Skipped
No ethernet found.
Hit any key to stop autoboot:  2  0 
Tegra30 (Beaver) # 
Tegra30 (Beaver) # usb reset
(Re)start USB...
USB0:   USB EHCI 1.00
scanning bus 0 for devices... 2 USB Device(s) found
       scanning usb for storage devices... 0 Storage Device(s) found
       scanning usb for ethernet devices... 
Warning: asx0 using MAC address from net device
1 Ethernet Device(s) found
Tegra30 (Beaver) # setenv bootargs 'ignore_loglevel console=ttyS0,115200n8 rw root=/dev/mmcblk0p1 rootwait gpt debug init=/bin/bash noinitrd'
Tegra30 (Beaver) # setenv ipaddr 192.168.100.101; setenv serverip 192.168.100.1; setenv tftpserverip 192.168.100.1
Tegra30 (Beaver) # tftpboot 0x81000000 zImage.multi_v7_defconfig
Using asx0 device
TFTP from server 192.168.100.1; our IP address is 192.168.100.101
Filename 'zImage.multi_v7_defconfig'.
Load address: 0x81000000
Loading: *#################################################################
	 #################################################################
	 #################################################################
	 #################################################################
	 ###############################################
	 3.3 MiB/s
done
Bytes transferred = 4506752 (44c480 hex)
Tegra30 (Beaver) # tftpboot 0x82000000 tegra30-beaver.dtb
Using asx0 device
TFTP from server 192.168.100.1; our IP address is 192.168.100.101
Filename 'tegra30-beaver.dtb'.
Load address: 0x82000000
Loading: *##
	 3.2 MiB/s
done
Bytes transferred = 23852 (5d2c hex)
Tegra30 (Beaver) # bootz 0x81000000 - 0x82000000
Kernel image @ 0x81000000 [ 0x000000 - 0x44c480 ]
## Flattened Device Tree blob at 82000000
   Booting using the fdt blob at 0x82000000
   Loading Device Tree to 8fff7000, end 8ffffd2b ... OK

Starting kernel ...

[    0.000000] Booting Linux on physical CPU 0x0
[    0.000000] Linux version 3.14.0-rc5-50364-g0414855 (pwalmsley@kaivo) (gcc version 4.7.3 20130328 (prerelease) (crosstool-NG linaro-1.13.1-4.7-2013.04-20130415 - Linaro GCC 2013.04) ) #1 SMP Sun Mar 2 19:33:17 PST 2014
[    0.000000] CPU: ARMv7 Processor [412fc099] revision 9 (ARMv7), cr=10c5387d
[    0.000000] CPU: PIPT / VIPT nonaliasing data cache, VIPT aliasing instruction cache
[    0.000000] Machine model: NVIDIA Tegra30 Beaver evaluation board
[    0.000000] debug: ignoring loglevel setting.
[    0.000000] cma: CMA: reserved 16 MiB at ae800000
[    0.000000] Memory policy: Data cache writealloc
[    0.000000] On node 0 totalpages: 524032
[    0.000000] free_area_init_node: node 0, pgdat c0934dc0, node_mem_map ed7f1000
[    0.000000]   DMA zone: 1520 pages used for memmap
[    0.000000]   DMA zone: 0 pages reserved
[    0.000000]   DMA zone: 194560 pages, LIFO batch:31
[    0.000000]   HighMem zone: 2574 pages used for memmap
[    0.000000]   HighMem zone: 329472 pages, LIFO batch:31
[    0.000000] fuse_speedo_calib: ATE prog ver 3.3
[    0.000000] Tegra30: CPU Speedo ID 5, Soc Speedo ID 2
[    0.000000] Tegra Revision: A03 SKU: 128 CPU Process: 4 Core Process: 0
[    0.000000] L310 cache controller enabled
[    0.000000] l2x0: 8 ways, CACHE_ID 0x410000c7, AUX_CTRL 0x7e480001, Cache size: 1024 kB
[    0.000000] PERCPU: Embedded 7 pages/cpu @ed7bd000 s8192 r8192 d12288 u32768
[    0.000000] pcpu-alloc: s8192 r8192 d12288 u32768 alloc=8*4096
[    0.000000] pcpu-alloc: [0] 0 [0] 1 [0] 2 [0] 3 
[    0.000000] Built 1 zonelists in Zone order, mobility grouping on.  Total pages: 522512
[    0.000000] Kernel command line: ignore_loglevel console=ttyS0,115200n8 rw root=/dev/mmcblk0p1 rootwait gpt debug init=/bin/bash noinitrd
[    0.000000] PID hash table entries: 4096 (order: 2, 16384 bytes)
[    0.000000] Dentry cache hash table entries: 131072 (order: 7, 524288 bytes)
[    0.000000] Inode-cache hash table entries: 65536 (order: 6, 262144 bytes)
[    0.000000] Memory: 2052604K/2096128K available (5843K kernel code, 706K rwdata, 2340K rodata, 512K init, 284K bss, 43524K reserved, 1317888K highmem)
[    0.000000] Virtual kernel memory layout:
[    0.000000]     vector  : 0xffff0000 - 0xffff1000   (   4 kB)
[    0.000000]     fixmap  : 0xfff00000 - 0xfffe0000   ( 896 kB)
[    0.000000]     vmalloc : 0xf0000000 - 0xff000000   ( 240 MB)
[    0.000000]     lowmem  : 0xc0000000 - 0xef800000   ( 760 MB)
[    0.000000]     pkmap   : 0xbfe00000 - 0xc0000000   (   2 MB)
[    0.000000]     modules : 0xbf000000 - 0xbfe00000   (  14 MB)
[    0.000000]       .text : 0xc0008000 - 0xc0805f9c   (8184 kB)
[    0.000000]       .init : 0xc0806000 - 0xc0886000   ( 512 kB)
[    0.000000]       .data : 0xc0886000 - 0xc0936940   ( 707 kB)
[    0.000000]        .bss : 0xc0936948 - 0xc097da80   ( 285 kB)
[    0.000000] SLUB: HWalign=64, Order=0-3, MinObjects=0, CPUs=4, Nodes=1
[    0.000000] Hierarchical RCU implementation.
[    0.000000] NR_IRQS:16 nr_irqs:16 16
[    0.000011] sched_clock: 32 bits at 1000kHz, resolution 1000ns, wraps every 2147483648000ns
[    0.000699] Console: colour dummy device 80x30
[    0.000730] Calibrating delay loop... 2793.47 BogoMIPS (lpj=13967360)
[    0.059940] pid_max: default: 32768 minimum: 301
[    0.060067] Mount-cache hash table entries: 512
[    0.062741] CPU: Testing write buffer coherency: ok
[    0.063026] CPU0: thread -1, cpu 0, socket 0, mpidr 80000000
[    0.063089] Setting up static identity map for 0x805857a8 - 0x80585840
[    0.063219] unable to find compatible sirf rstc node in dtb
[    0.064663] CPU1: Booted secondary processor
[    0.119981] CPU1: thread -1, cpu 1, socket 0, mpidr 80000001
[    0.120844] CPU2: Booted secondary processor
[    0.179982] CPU2: thread -1, cpu 2, socket 0, mpidr 80000002
[    0.180829] CPU3: Booted secondary processor
[    0.239981] CPU3: thread -1, cpu 3, socket 0, mpidr 80000003
[    0.240044] Brought up 4 CPUs
[    0.240060] SMP: Total of 4 processors activated.
[    0.240066] CPU: All CPU(s) started in SVC mode.
[    0.240628] devtmpfs: initialized
[    0.243120] VFP support v0.3: implementor 41 architecture 3 part 30 variant 9 rev 4
[    0.243407] pinctrl core: initialized pinctrl subsystem
[    0.243683] regulator-dummy: no parameters
[    0.244786] NET: Registered protocol family 16
[    0.247761] DMA: preallocated 256 KiB pool for atomic coherent allocations
[    0.248221] cpuidle: using governor ladder
[    0.248227] cpuidle: using governor menu
[    0.254859] No ATAGs?
[    0.256580] Serial: AMBA PL011 UART driver
[    0.260642] bio: create slab <bio-0> at 0
[    0.261776] edma-dma-engine edma-dma-engine.0: Can't allocate PaRAM dummy slot
[    0.261791] edma-dma-engine: probe of edma-dma-engine.0 failed with error -5
[    0.262086] vdd_5v_in: 5000 mV 
[    0.262155] platform 1.regulator: Driver reg-fixed-voltage requests probe deferral
[    0.262185] platform 2.regulator: Driver reg-fixed-voltage requests probe deferral
[    0.262275] vdd_5v_sata: 5000 mV 
[    0.262299] vdd_5v_sata: supplied by vdd_5v_in
[    0.262421] usb1_vbus: 5000 mV 
[    0.262446] usb1_vbus: supplied by vdd_5v_in
[    0.262578] usb3_vbus: 5000 mV 
[    0.262598] usb3_vbus: supplied by vdd_5v_in
[    0.262667] platform 6.regulator: Driver reg-fixed-voltage requests probe deferral
[    0.262751] sys_3v3_pexs: 3300 mV 
[    0.262775] reg-fixed-voltage 7.regulator: Failed to find supply vin
[    0.262831] reg-fixed-voltage 7.regulator: Failed to register regulator: -517
[    0.262842] platform 7.regulator: Driver reg-fixed-voltage requests probe deferral
[    0.264013] vgaarb: loaded
[    0.264331] SCSI subsystem initialized
[    0.264491] libata version 3.00 loaded.
[    0.264665] usbcore: registered new interface driver usbfs
[    0.264703] usbcore: registered new interface driver hub
[    0.264771] usbcore: registered new device driver usb
[    0.271573] vdd_1v8_gen: 1800 mV 
[    0.271618] vdd_1v8_gen: supplied by vdd_5v_in
[    0.274678] vddio_ddr_1v2: 1200 mV 
[    0.275173] vddio_ddr_1v2: supplied by vdd_5v_in
[    0.278422] vdd_1v5_gen: 1500 mV 
[    0.278452] vdd_1v5_gen: supplied by vdd_5v_in
[    0.281714] vdd_cpu,vdd_sys: 1000 mV 
[    0.284068] vdd_pexa,vdd_pexb: 1050 mV 
[    0.284097] vdd_pexa,vdd_pexb: supplied by vdd_1v5_gen
[    0.286770] vdd_sata,avdd_plle: 1050 mV 
[    0.286797] vdd_sata,avdd_plle: supplied by vdd_1v5_gen
[    0.289142] vdd_rtc: 1200 mV 
[    0.289171] vdd_rtc: supplied by vdd_5v_in
[    0.291528] vddio_sdmmc,avdd_vdac: 3300 mV 
[    0.291557] vddio_sdmmc,avdd_vdac: supplied by vdd_5v_in
[    0.294239] avdd_dsi_csi,pwrdet_mipi: 1200 mV 
[    0.294266] avdd_dsi_csi,pwrdet_mipi: supplied by vdd_1v8_gen
[    0.296610] vdd_pllm,x,u,a_p_c_s: 1200 mV 
[    0.296636] vdd_pllm,x,u,a_p_c_s: supplied by vdd_1v8_gen
[    0.299330] vdd_ddr_hs: 1000 mV 
[    0.299358] vdd_ddr_hs: supplied by vdd_1v8_gen
[    0.301104] tps62361-vout: 500 <--> 1500 mV at 1160 mV 
[    0.301225] Linux video capture interface: v2.00
[    0.301254] pps_core: LinuxPPS API ver. 1 registered
[    0.301258] pps_core: Software ver. 5.3.6 - Copyright 2005-2007 Rodolfo Giometti <giometti@linux.it>
[    0.301283] PTP clock support registered
[    0.301315] EDAC MC: Ver: 3.0.0
[    0.301705] platform 7000f010.iommu: Driver tegra-smmu requests probe deferral
[    0.301797] Advanced Linux Sound Architecture Driver Initialized.
[    0.302428] Switched to clocksource timer_us
[    0.307805] NET: Registered protocol family 2
[    0.308174] TCP established hash table entries: 8192 (order: 3, 32768 bytes)
[    0.308223] TCP bind hash table entries: 8192 (order: 4, 65536 bytes)
[    0.308304] TCP: Hash tables configured (established 8192 bind 8192)
[    0.308374] TCP: reno registered
[    0.308385] UDP hash table entries: 512 (order: 2, 16384 bytes)
[    0.308448] UDP-Lite hash table entries: 512 (order: 2, 16384 bytes)
[    0.308672] NET: Registered protocol family 1
[    0.308895] RPC: Registered named UNIX socket transport module.
[    0.308901] RPC: Registered udp transport module.
[    0.308905] RPC: Registered tcp transport module.
[    0.308908] RPC: Registered tcp NFSv4.1 backchannel transport module.
[    0.308917] PCI: CLS 0 bytes, default 64
[    0.310104] futex hash table entries: 1024 (order: 4, 65536 bytes)
[    0.311132] bounce pool size: 64 pages
[    0.316225] squashfs: version 4.0 (2009/01/31) Phillip Lougher
[    0.316750] NFS: Registering the id_resolver key type
[    0.316790] Key type id_resolver registered
[    0.316795] Key type id_legacy registered
[    0.316827] msgmni has been set to 1466
[    0.317219] Block layer SCSI generic (bsg) driver version 0.4 loaded (major 250)
[    0.317227] io scheduler noop registered
[    0.317232] io scheduler deadline registered
[    0.317340] io scheduler cfq registered (default)
[    0.318619] platform 3000.pcie-controller: Driver tegra-pcie requests probe deferral
[    0.321213] tegra-apbdma 6000a000.dma: Tegra20 APB DMA driver register 32 channels
[    0.352547] Serial: 8250/16550 driver, 4 ports, IRQ sharing disabled
[    0.353466] Serial: IMX driver
[    0.354062] 70006000.serial: ttyS0 at MMIO 0x70006000 (irq = 68, base_baud = 25500000) is a Tegra
[    1.170966] console [ttyS0] enabled
[    1.174857] STMicroelectronics ASC driver initialized
[    1.180277] serial: Freescale lpuart driver
[    1.184592] [drm] Initialized drm 1.1.0 20060810
[    1.189856] tegra-hdmi 54280000.hdmi: failed to get VDD regulator
[    1.195954] platform 54280000.hdmi: Driver tegra-hdmi requests probe deferral
[    1.206660] loop: module loaded
[    1.212350] m25p80 spi32766.1: w25q32 (4096 Kbytes)
[    1.218708] pegasus: v0.9.3 (2013/04/25), Pegasus/Pegasus II USB Ethernet driver
[    1.226146] usbcore: registered new interface driver pegasus
[    1.231818] usbcore: registered new interface driver asix
[    1.237244] usbcore: registered new interface driver ax88179_178a
[    1.243350] usbcore: registered new interface driver cdc_ether
[    1.249186] usbcore: registered new interface driver r815x
[    1.254708] usbcore: registered new interface driver smsc75xx
[    1.260469] usbcore: registered new interface driver smsc95xx
[    1.266227] usbcore: registered new interface driver net1080
[    1.271892] usbcore: registered new interface driver cdc_subset
[    1.277822] usbcore: registered new interface driver zaurus
[    1.283451] usbcore: registered new interface driver cdc_ncm
[    1.289114] ehci_hcd: USB 2.0 'Enhanced' Host Controller (EHCI) Driver
[    1.295632] ehci-pci: EHCI PCI platform driver
[    1.300086] ehci-platform: EHCI generic platform driver
[    1.305387] ehci-omap: OMAP-EHCI Host Controller driver
[    1.310654] ehci-orion: EHCI orion driver
[    1.314714] SPEAr-ehci: EHCI SPEAr driver
[    1.318765] tegra-ehci: Tegra EHCI driver
[    1.322900] platform 7d004000.usb: Driver tegra-ehci requests probe deferral
[    1.329969] platform 7d008000.usb: Driver tegra-ehci requests probe deferral
[    1.337269] usbcore: registered new interface driver usb-storage
[    1.343629] platform 7d004000.usb-phy: Driver tegra-phy requests probe deferral
[    1.352599] mousedev: PS/2 mouse device common for all mice
[    1.359113] tegra_rtc 7000e000.rtc: rtc core: registered 7000e000.rtc as rtc1
[    1.366261] tegra_rtc 7000e000.rtc: Tegra internal Real Time Clock
[    1.385100] tps65910-rtc tps65910-rtc: rtc core: registered tps65910-rtc as rtc0
[    1.392586] i2c /dev entries driver
[    1.398159] sdhci: Secure Digital Host Controller Interface driver
[    1.404334] sdhci: Copyright(c) Pierre Ossman
[    1.408986] sdhci-pltfm: SDHCI platform and OF driver helper
[    1.415021] sdhci-tegra 78000000.sdhci: Got CD GPIO #69.
[    1.420330] sdhci-tegra 78000000.sdhci: Got WP GPIO #155.
[    1.426762] mmc0: no vqmmc regulator found
[    1.430848] mmc0: no vmmc regulator found
[    1.434853] mmc0: Invalid maximum block size, assuming 512 bytes
[    1.482438] mmc0: SDHCI controller on 78000000.sdhci [78000000.sdhci] using ADMA
[    1.490888] mmc1: no vqmmc regulator found
[    1.494986] mmc1: no vmmc regulator found
[    1.498983] mmc1: Invalid maximum block size, assuming 512 bytes
[    1.542432] mmc1: SDHCI controller on 78000600.sdhci [78000600.sdhci] using ADMA
[    1.552147] usbcore: registered new interface driver usbhid
[    1.559721] usbhid: USB HID core driver
[    1.710890] mmc1: new high speed MMC card at address 0001
[    1.716580] mmcblk0: mmc1:0001 SEM16G 14.8 GiB 
[    1.721227] mmcblk0boot0: mmc1:0001 SEM16G partition 1 1.00 MiB
[    1.727288] mmcblk0boot1: mmc1:0001 SEM16G partition 2 1.00 MiB
[    1.733333] mmcblk0rpmb: mmc1:0001 SEM16G partition 3 128 KiB
[    1.742928] Primary GPT is invalid, using alternate GPT.
[    1.748240]  mmcblk0: p1 p2 p3 p4 p5
[    1.755683]  mmcblk0boot1: unknown partition table
[    1.763276]  mmcblk0boot0: unknown partition table
[    1.983227] tegra30-i2s 70080400.i2s: DMA channels sourced from device 70080000.ahub
[    1.998299] tegra-snd-rt5640 sound.4: rt5640-aif1 <-> 70080400.i2s mapping ok
[    2.007463] input: NVIDIA Tegra Beaver Headphones as /devices/soc0/sound.4/sound/card0/input0
[    2.016816] TCP: cubic registered
[    2.020125] NET: Registered protocol family 17
[    2.024708] Key type dns_resolver registered
[    2.029273] Registering SWP/SWPB emulation handler
[    2.034391] vdd_sata,avdd_plle: disabling
[    2.040005] chargepump_5v: 5000 mV 
[    2.044944] vdd_ddr: 1500 mV 
[    2.047932] vdd_ddr: supplied by vdd_5v_in
[    2.053110] sys_3v3,vdd_3v3_alw: 3300 mV 
[    2.057127] sys_3v3,vdd_3v3_alw: supplied by vdd_5v_in
[    2.062441] sys_3v3_pexs: 3300 mV 
[    2.065849] sys_3v3_pexs: supplied by sys_3v3,vdd_3v3_alw
[    2.071678] tegra-pcie 3000.pcie-controller: 2x3 configuration
[    2.082004] tegra-pcie 3000.pcie-controller: probing port 0, using 2 lanes
[    2.143111] tegra-pcie 3000.pcie-controller: probing port 2, using 2 lanes
[    2.553652] tegra-pcie 3000.pcie-controller: link 2 down, retrying
[    2.963499] tegra-pcie 3000.pcie-controller: link 2 down, retrying
[    3.373354] tegra-pcie 3000.pcie-controller: link 2 down, retrying
[    3.381529] tegra-pcie 3000.pcie-controller: link 2 down, ignoring
[    3.387815] tegra-pcie 3000.pcie-controller: PCI host bridge to bus 0000:00
[    3.394776] pci_bus 0000:00: root bus resource [mem 0x20000000-0x27ffffff]
[    3.401635] pci_bus 0000:00: root bus resource [mem 0x28000000-0x3fffffff pref]
[    3.408936] pci_bus 0000:00: root bus resource [bus 00-ff]
[    3.414425] pci_bus 0000:00: root bus resource [io  0x1000-0xffff]
[    3.420612] pci 0000:00:01.0: [10de:0e1c] type 01 class 0x060400
[    3.426674] pci 0000:00:01.0: PME# supported from D0 D1 D2 D3hot D3cold
[    3.433418] PCI: bus0: Fast back to back transfers disabled
[    3.438980] pci 0000:00:01.0: bridge configuration invalid ([bus 00-00]), reconfiguring
[    3.447070] pci 0000:01:00.0: [10ec:8168] type 00 class 0x020000
[    3.453095] pci 0000:01:00.0: reg 0x10: [io  0x0000-0x00ff]
[    3.458667] pci 0000:01:00.0: reg 0x18: [mem 0x00000000-0x00000fff 64bit pref]
[    3.465890] pci 0000:01:00.0: reg 0x20: [mem 0x00000000-0x00003fff 64bit pref]
[    3.473150] pci 0000:01:00.0: supports D1 D2
[    3.477410] pci 0000:01:00.0: PME# supported from D0 D1 D2 D3hot D3cold
[    3.484134] PCI: bus1: Fast back to back transfers disabled
[    3.489697] pci_bus 0000:01: busn_res: [bus 01-ff] end is updated to 01
[    3.496338] pci 0000:00:01.0: BAR 9: assigned [mem 0x28000000-0x280fffff 64bit pref]
[    3.504078] pci 0000:00:01.0: BAR 7: assigned [io  0x1000-0x1fff]
[    3.510163] pci 0000:01:00.0: BAR 4: assigned [mem 0x28000000-0x28003fff 64bit pref]
[    3.517908] pci 0000:01:00.0: BAR 2: assigned [mem 0x28004000-0x28004fff 64bit pref]
[    3.525653] pci 0000:01:00.0: BAR 0: assigned [io  0x1000-0x10ff]
[    3.531736] pci 0000:00:01.0: PCI bridge to [bus 01]
[    3.536699] pci 0000:00:01.0:   bridge window [io  0x1000-0x1fff]
[    3.542791] pci 0000:00:01.0:   bridge window [mem 0x28000000-0x280fffff 64bit pref]
[    3.550531] pci 0000:00:01.0: nv_msi_ht_cap_quirk didn't locate host bridge
[    3.557633] r8169 Gigabit Ethernet driver 2.3LK-NAPI loaded
[    3.563240] PCI: enabling device 0000:01:00.0 (0140 -> 0143)
[    3.569416] r8169 0000:01:00.0 eth0: RTL8168evl/8111evl at 0xf002e000, 02:04:4b:01:60:a6, XID 0c900800 IRQ 472
[    3.579413] r8169 0000:01:00.0 eth0: jumbo features [frames: 9200 bytes, tx checksumming: ko]
[    3.589336] [drm] Supports vblank timestamp caching Rev 2 (21.10.2013).
[    3.595962] [drm] No driver support for vblank timestamp query.
[    3.601897] host1x drm: No connectors reported connected with modes
[    3.608173] [drm] Cannot find any crtc or sizes - going 1024x768
[    3.627370] Console: switching to colour frame buffer device 128x48
[    3.639653] host1x drm: fb0:  frame buffer device
[    3.644352] host1x drm: registered panic notifier
[    3.649049] [drm] Initialized tegra 0.0.0 20120330 on minor 0
[    3.655209] platform 7d004000.usb: Driver tegra-ehci requests probe deferral
[    3.665112] tegra-ehci 7d008000.usb: EHCI Host Controller
[    3.670510] tegra-ehci 7d008000.usb: new USB bus registered, assigned bus number 1
[    3.678320] tegra-ehci 7d008000.usb: irq 129, io mem 0x7d008000
[    3.702439] tegra-ehci 7d008000.usb: USB 2.0 started, EHCI 1.00
[    3.708771] hub 1-0:1.0: USB hub found
[    3.712546] hub 1-0:1.0: 1 port detected
[    3.717094] tegra-ehci 7d004000.usb: EHCI Host Controller
[    3.722510] tegra-ehci 7d004000.usb: new USB bus registered, assigned bus number 2
[    3.730232] tegra-ehci 7d004000.usb: irq 53, io mem 0x7d004000
[    3.752432] tegra-ehci 7d004000.usb: USB 2.0 started, EHCI 1.00
[    3.758711] hub 2-0:1.0: USB hub found
[    3.762483] hub 2-0:1.0: 1 port detected
[    3.770302] tps65910-rtc tps65910-rtc: setting system clock to 2000-01-01 00:00:02 UTC (946684802)
[    3.779255] spear_cpufreq: Invalid cpufreq_tbl
[    3.787350] ALSA device list:
[    3.790494]   #0: NVIDIA Tegra Beaver
[    3.796685] EXT4-fs (mmcblk0p1): mounting ext3 file system using the ext4 subsystem
[    3.820682] EXT4-fs (mmcblk0p1): warning: mounting fs with errors, running e2fsck is recommended
[    3.831084] EXT4-fs (mmcblk0p1): recovery complete
[    3.835888] EXT4-fs (mmcblk0p1): mounted filesystem with ordered data mode. Opts: (null)
[    3.844006] VFS: Mounted root (ext3 filesystem) on device 179:1.
[    3.868609] devtmpfs: mounted
[    3.871959] Freeing unused kernel memory: 512K (c0806000 - c0886000)
[    4.032875] usb 1-1: new high-speed USB device number 2 using tegra-ehci
bash: cannot set terminal process group (-1): Inappropriate ioctl for device
bash: no job control in this shell
root@(none):/# [    4.513818] asix 1-1:1.0 eth1: register 'asix' at usb-7d008000.usb-1, ASIX AX88772 USB 2.0 Ethernet, 00:50:b6:0f:68:6d
