

U-Boot 2015.04-00466-gedec83e90172 (Mar 14 2016 - 10:42:01)

TEGRA124
Model: Acer Chromebook 13 CB5-311
DRAM:  4 GiB
:   Tegra SD/MMC: 0, Tegra SD/MMC: 1, Tegra SD/MMC: 2
MMC init failed
Using default environment

In:    serial
Out:   serial
Err:   serial
Net:   Net Initialization Skipped
No ethernet found.
Hit any key to stop autoboot:  2  0 
Tegra124 (Nyan-big) # 
Tegra124 (Nyan-big) # usb start
starting USB...
USB0:   USB EHCI 1.10
scanning bus 0 for devices... 2 USB Device(s) found
USB1:   USB EHCI 1.10
scanning bus 1 for devices... 2 USB Device(s) found
       scanning usb for storage devices... 1 Storage Device(s) found
       scanning usb for ethernet devices... 
Warning: asx0 using MAC address from net device
1 Ethernet Device(s) found
Tegra124 (Nyan-big) # setenv bootargs 'ignore_loglevel console=ttyS0,115200n8 rw root=PARTUUID=4d36e82a-b3c0-4b4b-bfcd-afe5217ac023 rootwait gpt debug noinitrd earlyprintk init=/bin/bash'
Tegra124 (Nyan-big) # setenv ipaddr 192.168.100.102; setenv serverip 192.168.100.1; setenv tftpserverip 192.168.100.1
Tegra124 (Nyan-big) # tftpboot 0x82000000 zImage.tegra_defconfig
Using asx0 device
TFTP from server 192.168.100.1; our IP address is 192.168.100.102
Filename 'zImage.tegra_defconfig'.
Load address: 0x82000000
Loading: *#################################################################
	 #################################################################
	 #################################################################
	 #################################################################
	 #################################################################
	 #####################################################
	 3.4 MiB/s
done
Bytes transferred = 5545488 (549e10 hex)
Tegra124 (Nyan-big) # tftpboot 0x83000000 tegra124-nyan-big.dtb
Using asx0 device
TFTP from server 192.168.100.1; our IP address is 192.168.100.102
Filename 'tegra124-nyan-big.dtb'.
Load address: 0x83000000
Loading: *#####
	 3.4 MiB/s
done
Bytes transferred = 66901 (10555 hex)
Tegra124 (Nyan-big) # bootz 0x82000000 - 0x83000000
Kernel image @ 0x82000000 [ 0x000000 - 0x549e10 ]
## Flattened Device Tree blob at 83000000
   Booting using the fdt blob at 0x83000000
   Using Device Tree in place at 83000000, end 83013554

Starting kernel ...

[    2.515606] console [ttyS0] enabled
[    2.519083] bootconsole [earlycon0] disabled
[    2.524419] [drm] Initialized drm 1.1.0 20060810
[    2.529752] tegra-hdmi 54280000.hdmi: failed to get HDMI regulator
[    2.536354] tegra-dpaux 545c0000.dpaux: failed to get VDD supply: -517
[    2.543653] panel supply power not found, using dummy regulator
[    2.585050] loop: module loaded
[    2.588800] as3722 4-0040: AS3722 with revision 0x1 found
[    2.599004] as3722-sd2: supplied by +5V_SYS
[    2.603513] as3722-sd3: supplied by +5V_SYS
[    2.607864] +1.35V_LP0(sd3): Bringing 0uV into 1350000-1350000uV
[    2.614124] as3722-sd4: supplied by +5V_SYS
[    2.618468] +1.05V_RUN: Bringing 0uV into 1050000-1050000uV
[    2.624294] as3722-sd5: supplied by +5V_SYS
[    2.630081] as3722-ldo0: supplied by +1.35V_LP0(sd2)
[    2.635920] +1.8V_RUN_CAM: Bringing 0uV into 1800000-1800000uV
[    2.642029] as3722-ldo2: supplied by +1.8V_VDDIO
[    2.647760] as3722-ldo3: supplied by +3.3V_SYS
[    2.652211] +1.00V_LP0_VDD_RTC: Bringing 1100000uV into 1000000-1000000uV
[    2.659881] as3722-ldo4: supplied by +3.3V_SYS
[    2.664479] +3.3V_RUN_CAM: Bringing 0uV into 2800000-2800000uV
[    2.670592] as3722-ldo5: supplied by +1.8V_VDDIO
[    2.675375] +1.2V_RUN_CAM_FRONT: Bringing 0uV into 1200000-1200000uV
[    2.682158] +VDDIO_SDMMC3: Bringing 0uV into 1800000-1800000uV
[    2.688294] as3722-ldo7: supplied by +1.8V_VDDIO
[    2.693069] +1.05V_RUN_CAM_REAR: Bringing 0uV into 1050000-1050000uV
[    2.699717] as3722-ldo9: supplied by +5V_SYS
[    2.704288] +2.8V_RUN_TOUCH: Bringing 0uV into 2800000-2800000uV
[    2.710591] as3722-ldo10: supplied by +5V_SYS
[    2.715107] +2.8V_RUN_CAM_AF: Bringing 0uV into 2800000-2800000uV
[    2.721645] +1.8V_RUN_VPP_FUSE: Bringing 0uV into 1800000-1800000uV
[    2.761855] cros-ec-spi spi32766.0: Chrome EC device registered
[    2.777316] m25p80 spi32765.0: w25q32dw (4096 Kbytes)
[    2.783519] CAN device driver interface
[    2.787397] igb: Intel(R) Gigabit Ethernet Network Driver - version 5.3.0-k
[    2.794341] igb: Copyright (c) 2007-2014 Intel Corporation.
[    2.800025] pegasus: v0.9.3 (2013/04/25), Pegasus/Pegasus II USB Ethernet driver
[    2.807473] usbcore: registered new interface driver pegasus
[    2.813170] usbcore: registered new interface driver asix
[    2.818612] usbcore: registered new interface driver ax88179_178a
[    2.824743] usbcore: registered new interface driver cdc_ether
[    2.830615] usbcore: registered new interface driver smsc75xx
[    2.836409] usbcore: registered new interface driver smsc95xx
[    2.842177] usbcore: registered new interface driver net1080
[    2.847868] usbcore: registered new interface driver cdc_subset
[    2.853810] usbcore: registered new interface driver zaurus
[    2.859431] usbcore: registered new interface driver cdc_ncm
[    2.865183] ehci_hcd: USB 2.0 'Enhanced' Host Controller (EHCI) Driver
[    2.871693] ehci-pci: EHCI PCI platform driver
[    2.876174] tegra-ehci: Tegra EHCI driver
[    2.880517] usbcore: registered new interface driver cdc_acm
[    2.886167] cdc_acm: USB Abstract Control Model driver for USB modems and ISDN adapters
[    2.894190] usbcore: registered new interface driver cdc_wdm
[    2.899895] usbcore: registered new interface driver usb-storage
[    2.906159] mousedev: PS/2 mouse device common for all mice
[    2.912032] input: cros_ec as /devices/soc0/7000d400.spi/spi_master/spi32766/spi32766.0/7000d400.spi:cros-ec@0:keyboard-controller/input/input0
[    2.927076] as3722-rtc as3722-rtc: rtc core: registered as3722-rtc as rtc0
[    2.933936] as3722-rtc as3722-rtc: RTC interrupt 370
[    2.940764] tegra_rtc 7000e000.rtc: rtc core: registered 7000e000.rtc as rtc1
[    2.947922] tegra_rtc 7000e000.rtc: Tegra internal Real Time Clock
[    2.954227] i2c /dev entries driver
[    2.958477] usbcore: registered new interface driver uvcvideo
[    2.964207] USB Video Class driver (1.1.1)
[    2.968299] gspca_main: v2.14.0 registered
[    2.972684] 0-004c supply vcc not found, using dummy regulator
[    2.980480] tegra-wdt 60005000.timer: initialized (heartbeat = 120 sec, nowayout = 0)
[    2.988907] sdhci: Secure Digital Host Controller Interface driver
[    2.995082] sdhci: Copyright(c) Pierre Ossman
[    2.999426] sdhci-pltfm: SDHCI platform and OF driver helper
[    3.005229] sdhci-tegra 700b0000.sdhci: allocated mmc-pwrseq
[    3.010888] mmc0: Unknown controller version (3). You may experience problems.
[    3.018282] sdhci-tegra 700b0400.sdhci: Got CD GPIO
[    3.023153] sdhci-tegra 700b0400.sdhci: Got WP GPIO
[    3.028051] mmc0: Unknown controller version (3). You may experience problems.
[    3.035404] mmc0: Unknown controller version (3). You may experience problems.
[    3.042642] mmc0: Invalid maximum block size, assuming 512 bytes
[    3.084644] mmc0: SDHCI controller on 700b0600.sdhci [700b0600.sdhci] using ADMA 64-bit
[    3.095188] usbcore: registered new interface driver usbhid
[    3.103810] usbhid: USB HID core driver
[    3.114711] tegra30-i2s 70301100.i2s: DMA channels sourced from device 70300000.ahub
[    3.145094] max98090 0-0010: MAX98090 REVID=0x43
[    3.152452] max98090 0-0010: use default 2.8v micbias
[    3.155108] mmc0: new high speed MMC card at address 0001
[    3.157661] mmcblk0: mmc0:0001 MMC16G 14.4 GiB 
[    3.157886] mmcblk0boot0: mmc0:0001 MMC16G partition 1 2.00 MiB
[    3.158074] mmcblk0boot1: mmc0:0001 MMC16G partition 2 2.00 MiB
[    3.158239] mmcblk0rpmb: mmc0:0001 MMC16G partition 3 128 KiB
[    3.165898]  mmcblk0: p1 p2 p3 p4 p5 p6 p7 p8 p9 p10 p11 p12
[    3.193530] tegra-snd-max98090 sound: HiFi <-> 70301100.i2s mapping ok
[    3.201339] input: GoogleNyanBig Headphones as /devices/soc0/sound/sound/card1/input1
[    3.209438] input: GoogleNyanBig Mic Jack as /devices/soc0/sound/sound/card1/input2
[    3.424616] NET: Registered protocol family 10
[    3.554630] mip6: Mobile IPv6
[    3.557587] sit: IPv6 over IPv4 tunneling driver
[    3.563247] NET: Registered protocol family 17
[    3.567704] NET: Registered protocol family 15
[    3.572135] can: controller area network core (rev 20120528 abi 9)
[    3.604660] NET: Registered protocol family 29
[    3.609091] can: raw protocol (rev 20120528)
[    3.613348] can: broadcast manager protocol (rev 20120528 t)
[    3.619007] can: netlink gateway (rev 20130117) max_hops=1
[    3.625240] input: tegra-hda HDMI/DP,pcm=3 as /devices/soc0/70030000.hda/sound/card0/input3
[    3.644666] Bluetooth: RFCOMM socket layer initialized
[    3.649797] Bluetooth: RFCOMM ver 1.11
[    3.653537] Bluetooth: BNEP (Ethernet Emulation) ver 1.3
[    3.658847] Bluetooth: BNEP socket layer initialized
[    3.663796] Bluetooth: HIDP (Human Interface Emulation) ver 1.2
[    3.669710] Bluetooth: HIDP socket layer initialized
[    3.674809] Key type dns_resolver registered
[    3.679530] Registering SWP/SWPB emulation handler
[    3.685221] +3.3V_RUN: supplied by +3.3V_SYS
[    3.690140] +3.3V_AVDD_HDMI_AP_GATED: supplied by +3.3V_RUN
[    3.695754] +1.8V_RUN_CAM: supplied by +3.3V_RUN
[    3.700399] +VDDIO_SDMMC3: supplied by +3.3V_RUN
[    3.705050] +1.8V_RUN_VPP_FUSE: supplied by +3.3V_RUN
[    3.710213] +VDD_LED: supplied by +VDD_MUX
[    3.714515] +5V_VDD_TS_SW: supplied by +5V_SYS
[    3.719316] +5V_USB_HS: supplied by +5V_SYS
[    3.723710] +5V_USB_SS: supplied by +5V_SYS
[    3.728750] +3.3V_PANEL: supplied by +3.3V_RUN
[    3.733835] +3.3V_LP0: supplied by +3.3V_SYS
[    3.738753] +1.05V_RUN_AVDD_HDMI_PLL: supplied by +1.05V_RUN
[    3.744674] +5V_HDMI_CON: supplied by +5V_SYS
[    3.750274] usb3-0 supply vbus not found, using dummy regulator
[    3.756335] usb3-1 supply vbus not found, using dummy regulator
[    3.764802] tegra-sor 54540000.sor: failed to probe output: -517
[    3.770957] panel supply power not found, using dummy regulator
[    3.835356] tegra-xusb 70090000.usb: Firmware timestamp: 2014-09-16 02:10:07 UTC
[    3.842766] tegra-xusb 70090000.usb: xHCI Host Controller
[    3.848184] tegra-xusb 70090000.usb: new USB bus registered, assigned bus number 1
[    3.857774] tegra-xusb 70090000.usb: hcc params 0x0184f525 hci version 0x100 quirks 0x00010010
[    3.866412] tegra-xusb 70090000.usb: irq 342, io mem 0x70090000
[    3.873148] hub 1-0:1.0: USB hub found
[    3.876968] hub 1-0:1.0: 6 ports detected
[    3.881663] tegra-xusb 70090000.usb: xHCI Host Controller
[    3.887109] tegra-xusb 70090000.usb: new USB bus registered, assigned bus number 2
[    3.894796] usb usb2: We don't know the algorithms for LPM for this host, disabling LPM.
[    3.903706] hub 2-0:1.0: USB hub found
[    3.907519] hub 2-0:1.0: 2 ports detected
[    3.912711] sdhci-tegra 700b0000.sdhci: allocated mmc-pwrseq
[    3.918426] mmc1: Unknown controller version (3). You may experience problems.
[    3.925890] mmc1: Invalid maximum block size, assuming 512 bytes
[    3.932462] +1.8V_VDDIO: voltage operation not allowed
[    3.937627] mmc1: Switching to 3.3V signalling voltage failed
[    3.974918] mmc1: SDHCI controller on 700b0000.sdhci [700b0000.sdhci] using ADMA 64-bit
[    3.983175] sdhci-tegra 700b0400.sdhci: Got CD GPIO
[    3.990248] sdhci-tegra 700b0400.sdhci: Got WP GPIO
[    3.998358] mmc2: Unknown controller version (3). You may experience problems.
[    4.005837] mmc2: Invalid maximum block size, assuming 512 bytes
[    4.044973] mmc1: new high speed SDIO card at address 0001
[    4.054722] mmc2: SDHCI controller on 700b0400.sdhci [700b0400.sdhci] using ADMA 64-bit
[    4.160157] [drm] Supports vblank timestamp caching Rev 2 (21.10.2013).
[    4.166781] [drm] No driver support for vblank timestamp query.
[    4.194648] usb 1-2: new high-speed USB device number 2 using tegra-xusb
[    4.206965] mmc2: new high speed SDHC card at address 0007
[    4.207787] mmcblk2: mmc2:0007 SD08G 7.42 GiB 
[    4.218103] GPT:Primary header alternate_lba != Alt. header my_lba
[    4.218106] GPT:3014591 != 15564799
[    4.218107] GPT:Primary header thinks Alt. header is not at the end of the disk.
[    4.218108] GPT:3014591 != 15564799
[    4.218109] GPT: Use GNU Parted to correct GPT errors.
[    4.218140]  mmcblk2: p1 p2 p3 p4 p5 p6 p7 p8 p9 p10 p11 p12
[    4.228076] Console: switching to colour frame buffer device 170x48
[    4.286317] drm drm: fb0:  frame buffer device
[    4.314723] [drm] Initialized tegra 0.0.0 20120330 on minor 0
[    4.321322] input: gpio-keys as /devices/soc0/gpio-keys/input/input4
[    4.328614] as3722-rtc as3722-rtc: setting system clock to 2000-01-01 00:00:23 UTC (946684823)
[    4.343034] +1.8V_RUN_CAM: disabling
[    4.346838] +1.2V_RUN_CAM_FRONT: disabling
[    4.351137] +1.05V_RUN_CAM_REAR: disabling
[    4.355477] +2.8V_RUN_TOUCH: disabling
[    4.359428] +2.8V_RUN_CAM_AF: disabling
[    4.363466] +1.8V_RUN_VPP_FUSE: disabling
[    4.367662] +5V_VDD_TS_SW: disabling
[    4.371423] ALSA device list:
[    4.374383]   #0: tegra-hda at 0x70038000 irq 341
[    4.379103]   #1: GoogleNyanBig
[    4.383106] EXT4-fs (mmcblk0p3): couldn't mount as ext3 due to feature incompatibilities
[    4.475259] uvcvideo: Found UVC 1.00 device HD WebCam (1bcf:2c67)
[    4.490221] input: HD WebCam as /devices/soc0/70090000.usb/usb1/1-2/1-2:1.0/input/input5
[    4.634987] EXT4-fs (mmcblk0p3): recovery complete
[    4.641814] EXT4-fs (mmcblk0p3): mounted filesystem with ordered data mode. Opts: (null)
[    4.649954] VFS: Mounted root (ext4 filesystem) on device 179:3.
[    4.656637] devtmpfs: mounted
[    4.660048] Freeing unused kernel memory: 1024K (c0c00000 - c0d00000)
bash: cannot set terminal process group (-1): Inappropriate ioctl for device
bash: no job control in this shell
root@(none):/# [    4.774718] usb 1-3: new high-speed USB device number 3 using tegra-xusb
[    5.757529] asix 1-3:1.0 eth0: register 'asix' at usb-70090000.usb-3, ASIX AX88772 USB 2.0 Ethernet, c8:d7:19:90:fa:65
[    6.044714] usb 1-1: new high-speed USB device number 4 using tegra-xusb
[    6.193316] usb-storage 1-1:1.0: USB Mass Storage device detected
[    6.200212] scsi host0: usb-storage 1-1:1.0
[    7.256529] scsi 0:0:0:0: Direct-Access     SanDisk  SDDR-113         9412 PQ: 0 ANSI: 0
[    7.428610] sd 0:0:0:0: [sda] 15523840 512-byte logical blocks: (7.95 GB/7.40 GiB)
[    7.437025] sd 0:0:0:0: [sda] Write Protect is off
[    7.441805] sd 0:0:0:0: [sda] Mode Sense: 03 00 00 00
[    7.448123] sd 0:0:0:0: [sda] No Caching mode page found
[    7.453450] sd 0:0:0:0: [sda] Assuming drive cache: write through
[    7.479652]  sda: sda1 sda2 sda3 sda4 sda5 sda6 sda7 sda8 sda9 sda10 sda11 sda12 sda13
[    7.493333] sd 0:0:0:0: [sda] Attached SCSI removable disk
