
U-Boot SPL 2015.04-rc3-00209-ga74ef40 (Mar 16 2015 - 14:43:39)


U-Boot 2015.04-rc3-00209-ga74ef40 (Mar 16 2015 - 14:43:39)

TEGRA20
Model: Compulab TrimSlice board
DRAM:  1 GiB
MMC:   Tegra SD/MMC: 0, Tegra SD/MMC: 1
SF: Detected W25Q80BL with page size 256 Bytes, erase size 4 KiB, total 1 MiB
tegra-pcie: PCI regions:
tegra-pcie:   I/O: 0x82000000-0x82010000
tegra-pcie:   non-prefetchable memory: 0xa0000000-0xa8000000
tegra-pcie:   prefetchable memory: 0xa8000000-0xc0000000
tegra-pcie: dual-mode configuration
tegra-pcie: probing port 0, using 2 lanes
In:    serial
Out:   serial
Err:   serial
Net:   RTL8169#0
Hit any key to stop autoboot:  2  0 
Tegra20 (TrimSlice) # 
Tegra20 (TrimSlice) # usb reset
resetting USB...
USB0:   USB EHCI 1.00
scanning bus 0 for devices... 3 USB Device(s) found
USB1:   USB EHCI 1.00
scanning bus 1 for devices... 1 USB Device(s) found
USB2:   lowlevel init failed
       scanning usb for storage devices... 0 Storage Device(s) found
       scanning usb for ethernet devices... 
Warning: asx0 using MAC address from net device
1 Ethernet Device(s) found
Tegra20 (TrimSlice) # setenv bootargs 'ignore_loglevel console=ttyS0,115200n8 rw root=PARTUUID=11eb23c1-01 rootwait gpt debug noinitrd earlyprintk init=/bin/bash'
Tegra20 (TrimSlice) # setenv ipaddr 192.168.100.103; setenv serverip 192.168.100.1; setenv tftpserverip 192.168.100.1
Tegra20 (TrimSlice) # tftpboot 0x00408000 zImage.multi_v7_defconfig
Using RTL8169#0 device
TFTP from server 192.168.100.1; our IP address is 192.168.100.103
Filename 'zImage.multi_v7_defconfig'.
Load address: 0x408000
Loading: *#################################################################
	 #################################################################
	 #################################################################
	 #################################################################
	 #################################################################
	 #################################################################
	 #################################################################
	 #######################################
	 4.1 MiB/s
done
Bytes transferred = 7238912 (6e7500 hex)
Tegra20 (TrimSlice) # tftpboot 0x02408000 tegra20-trimslice.dtb
Using RTL8169#0 device
TFTP from server 192.168.100.1; our IP address is 192.168.100.103
Filename 'tegra20-trimslice.dtb'.
Load address: 0x2408000
Loading: *##
	 3.4 MiB/s
done
Bytes transferred = 21172 (52b4 hex)
Tegra20 (TrimSlice) # bootz 0x00408000 - 0x02408000
Kernel image @ 0x408000 [ 0x000000 - 0x6e7500 ]
## Flattened Device Tree blob at 02408000
   Booting using the fdt blob at 0x2408000
   Using Device Tree in place at 02408000, end 024102b3

Starting kernel ...

[    0.000000] Booting Linux on physical CPU 0x0
[    0.000000] Linux version 4.7.0-rc1-95164-g1a695a9 (pwalmsley@kaivo) (gcc version 4.7.3 20130328 (prerelease) (crosstool-NG linaro-1.13.1-4.7-2013.04-20130415 - Linaro GCC 2013.04) ) #1 SMP Tue May 31 07:38:23 PDT 2016
[    0.000000] CPU: ARMv7 Processor [411fc090] revision 0 (ARMv7), cr=10c5387d
[    0.000000] CPU: PIPT / VIPT nonaliasing data cache, VIPT aliasing instruction cache
[    0.000000] Machine model: Compulab TrimSlice board
[    0.000000] debug: ignoring loglevel setting.
[    0.000000] cma: Reserved 64 MiB at 0x3c000000
[    0.000000] Memory policy: Data cache writealloc
[    0.000000] On node 0 totalpages: 262144
[    0.000000] free_area_init_node: node 0, pgdat c141bb40, node_mem_map ef7f8000
[    0.000000]   DMA zone: 1536 pages used for memmap
[    0.000000]   DMA zone: 0 pages reserved
[    0.000000]   DMA zone: 196608 pages, LIFO batch:31
[    0.000000]   HighMem zone: 65536 pages, LIFO batch:15
[    0.000000] percpu: Embedded 13 pages/cpu @ef7c9000 s23808 r8192 d21248 u53248
[    0.000000] pcpu-alloc: s23808 r8192 d21248 u53248 alloc=13*4096
[    0.000000] pcpu-alloc: [0] 0 [0] 1 
[    0.000000] Built 1 zonelists in Zone order, mobility grouping on.  Total pages: 260608
[    0.000000] Kernel command line: ignore_loglevel console=ttyS0,115200n8 rw root=PARTUUID=11eb23c1-01 rootwait gpt debug noinitrd earlyprintk init=/bin/bash
[    0.000000] PID hash table entries: 4096 (order: 2, 16384 bytes)
[    0.000000] Dentry cache hash table entries: 131072 (order: 7, 524288 bytes)
[    0.000000] Inode-cache hash table entries: 65536 (order: 6, 262144 bytes)
[    0.000000] Memory: 955932K/1048576K available (9529K kernel code, 1142K rwdata, 4476K rodata, 2048K init, 343K bss, 27108K reserved, 65536K cma-reserved, 196608K highmem)
[    0.000000] Virtual kernel memory layout:
[    0.000000]     vector  : 0xffff0000 - 0xffff1000   (   4 kB)
[    0.000000]     fixmap  : 0xffc00000 - 0xfff00000   (3072 kB)
[    0.000000]     vmalloc : 0xf0800000 - 0xff800000   ( 240 MB)
[    0.000000]     lowmem  : 0xc0000000 - 0xf0000000   ( 768 MB)
[    0.000000]     pkmap   : 0xbfe00000 - 0xc0000000   (   2 MB)
[    0.000000]     modules : 0xbf000000 - 0xbfe00000   (  14 MB)
[    0.000000]       .text : 0xc0208000 - 0xc10ad590   (14998 kB)
[    0.000000]       .init : 0xc1100000 - 0xc1300000   (2048 kB)
[    0.000000]       .data : 0xc1300000 - 0xc141dba0   (1143 kB)
[    0.000000]        .bss : 0xc141f000 - 0xc1474ca0   ( 344 kB)
[    0.000000] SLUB: HWalign=64, Order=0-3, MinObjects=0, CPUs=2, Nodes=1
[    0.000000] Hierarchical RCU implementation.
[    0.000000] 	Build-time adjustment of leaf fanout to 32.
[    0.000000] 	RCU restricting CPUs from NR_CPUS=16 to nr_cpu_ids=2.
[    0.000000] RCU: Adjusting geometry for rcu_fanout_leaf=32, nr_cpu_ids=2
[    0.000000] NR_IRQS:16 nr_irqs:16 16
[    0.000000] /interrupt-controller@60004000: 128 interrupts forwarded to /interrupt-controller@50041000
[    0.000000] L2C: platform modifies aux control register: 0x02080000 -> 0x3e480001
[    0.000000] L2C: DT/platform modifies aux control register: 0x02080000 -> 0x3e480001
[    0.000000] L2C-310 errata 727915 769419 enabled
[    0.000000] L2C-310 enabling early BRESP for Cortex-A9
[    0.000000] L2C-310: enabling full line of zeros but not enabled in Cortex-A9
[    0.000000] L2C-310 ID prefetch enabled, offset 1 lines
[    0.000000] L2C-310 cache controller enabled, 8 ways, 1024 kB
[    0.000000] L2C-310: CACHE_ID 0x410000c4, AUX_CTRL 0x7e480001
[    0.000010] sched_clock: 32 bits at 1000kHz, resolution 1000ns, wraps every 2147483647500ns
[    0.000026] clocksource: timer_us: mask: 0xffffffff max_cycles: 0xffffffff, max_idle_ns: 1911260446275 ns
[    0.000036] Switching to timer-based delay loop, resolution 1000ns
[    0.001590] Console: colour dummy device 80x30
[    0.001611] Calibrating delay loop (skipped), value calculated using timer frequency.. 2.00 BogoMIPS (lpj=5000)
[    0.001622] pid_max: default: 32768 minimum: 301
[    0.001695] Mount-cache hash table entries: 2048 (order: 1, 8192 bytes)
[    0.001704] Mountpoint-cache hash table entries: 2048 (order: 1, 8192 bytes)
[    0.002190] CPU: Testing write buffer coherency: ok
[    0.002371] CPU0: thread -1, cpu 0, socket 0, mpidr 80000000
[    0.002394] Setting up static identity map for 0x300000 - 0x300098
[    0.003842] Tegra Revision: A03 prime SKU: 8 CPU Process: 1 SoC Process: 2
[    0.004854] CPU1: thread -1, cpu 1, socket 0, mpidr 80000001
[    0.004928] Brought up 2 CPUs
[    0.004940] SMP: Total of 2 processors activated (4.00 BogoMIPS).
[    0.004945] CPU: All CPU(s) started in SVC mode.
[    0.005594] devtmpfs: initialized
[    0.009408] VFP support v0.3: implementor 41 architecture 3 part 30 variant 9 rev 1
[    0.009716] clocksource: jiffies: mask: 0xffffffff max_cycles: 0xffffffff, max_idle_ns: 9556302231375000 ns
[    0.012627] pinctrl core: initialized pinctrl subsystem
[    0.013792] NET: Registered protocol family 16
[    0.016002] DMA: preallocated 256 KiB pool for atomic coherent allocations
[    0.029922] cpuidle: using governor menu
[    0.041575] No ATAGs?
[    0.041596] hw-breakpoint: found 5 (+1 reserved) breakpoint and 1 watchpoint registers.
[    0.041603] hw-breakpoint: maximum watchpoint size is 4 bytes.
[    0.045211] Serial: AMBA PL011 UART driver
[    0.068307] usb1_vbus: Failed to request enable GPIO170: -517
[    0.068321] reg-fixed-voltage regulators:regulator@2: Failed to register regulator: -517
[    0.071993] vgaarb: loaded
[    0.072572] SCSI subsystem initialized
[    0.072687] libata version 3.00 loaded.
[    0.072884] usbcore: registered new interface driver usbfs
[    0.072929] usbcore: registered new interface driver hub
[    0.072967] usbcore: registered new device driver usb
[    0.075113] pps_core: LinuxPPS API ver. 1 registered
[    0.075121] pps_core: Software ver. 5.3.6 - Copyright 2005-2007 Rodolfo Giometti <giometti@linux.it>
[    0.075137] PTP clock support registered
[    0.075288] EDAC MC: Ver: 3.0.0
[    0.077068] clocksource: Switched to clocksource timer_us
[    0.084715] NET: Registered protocol family 2
[    0.085153] TCP established hash table entries: 8192 (order: 3, 32768 bytes)
[    0.085223] TCP bind hash table entries: 8192 (order: 4, 65536 bytes)
[    0.085337] TCP: Hash tables configured (established 8192 bind 8192)
[    0.085422] UDP hash table entries: 512 (order: 2, 16384 bytes)
[    0.085468] UDP-Lite hash table entries: 512 (order: 2, 16384 bytes)
[    0.085605] NET: Registered protocol family 1
[    0.085822] RPC: Registered named UNIX socket transport module.
[    0.085829] RPC: Registered udp transport module.
[    0.085834] RPC: Registered tcp transport module.
[    0.085839] RPC: Registered tcp NFSv4.1 backchannel transport module.
[    0.085847] PCI: CLS 0 bytes, default 64
[    0.086645] hw perfevents: enabled with armv7_cortex_a9 PMU driver, 7 counters available
[    0.087625] futex hash table entries: 512 (order: 3, 32768 bytes)
[    0.088192] workingset: timestamp_bits=28 max_order=18 bucket_order=0
[    0.095573] squashfs: version 4.0 (2009/01/31) Phillip Lougher
[    0.096159] NFS: Registering the id_resolver key type
[    0.096192] Key type id_resolver registered
[    0.096198] Key type id_legacy registered
[    0.096230] ntfs: driver 2.1.32 [Flags: R/O].
[    0.097178] bounce: pool size: 64 pages
[    0.097329] Block layer SCSI generic (bsg) driver version 0.4 loaded (major 248)
[    0.097338] io scheduler noop registered
[    0.097344] io scheduler deadline registered
[    0.097369] io scheduler cfq registered (default)
[    0.109112] tegra-pcie 80003000.pcie-controller: dual-mode configuration
[    0.109821] tegra-pcie 80003000.pcie-controller: probing port 0, using 2 lanes
[    0.193280] tegra-pcie 80003000.pcie-controller: PCI host bridge to bus 0000:00
[    0.193292] pci_bus 0000:00: root bus resource [io  0x0000-0xffff]
[    0.193301] pci_bus 0000:00: root bus resource [mem 0xa0000000-0xa7ffffff]
[    0.193309] pci_bus 0000:00: root bus resource [mem 0xa8000000-0xbfffffff pref]
[    0.193316] pci_bus 0000:00: root bus resource [bus 00-ff]
[    0.193349] pci 0000:00:01.0: [10de:0bf0] type 01 class 0x060000
[    0.193408] pci 0000:00:01.0: PME# supported from D0 D1 D2 D3hot D3cold
[    0.193599] PCI: bus0: Fast back to back transfers disabled
[    0.193610] pci 0000:00:01.0: bridge configuration invalid ([bus 00-00]), reconfiguring
[    0.193736] pci 0000:01:00.0: [10ec:8168] type 00 class 0x020000
[    0.193758] pci 0000:01:00.0: reg 0x10: [io  0x0000-0x00ff]
[    0.193780] pci 0000:01:00.0: reg 0x18: [mem 0x00000000-0x00000fff 64bit pref]
[    0.193795] pci 0000:01:00.0: reg 0x20: [mem 0x00000000-0x00003fff 64bit pref]
[    0.193807] pci 0000:01:00.0: reg 0x30: [mem 0x00000000-0x0001ffff pref]
[    0.193883] pci 0000:01:00.0: supports D1 D2
[    0.193891] pci 0000:01:00.0: PME# supported from D0 D1 D2 D3hot D3cold
[    0.202105] PCI: bus1: Fast back to back transfers disabled
[    0.202118] pci_bus 0000:01: busn_res: [bus 01-ff] end is updated to 01
[    0.202129] Disabling cpuidle LP2 state, since PCIe IRQs are in use
[    0.202185] pci 0000:00:01.0: BAR 8: assigned [mem 0xa0000000-0xa00fffff]
[    0.202196] pci 0000:00:01.0: BAR 9: assigned [mem 0xa8000000-0xa80fffff 64bit pref]
[    0.202205] pci 0000:00:01.0: BAR 7: assigned [io  0x1000-0x1fff]
[    0.202216] pci 0000:01:00.0: BAR 6: assigned [mem 0xa0000000-0xa001ffff pref]
[    0.202226] pci 0000:01:00.0: BAR 4: assigned [mem 0xa8000000-0xa8003fff 64bit pref]
[    0.202243] pci 0000:01:00.0: BAR 2: assigned [mem 0xa8004000-0xa8004fff 64bit pref]
[    0.202259] pci 0000:01:00.0: BAR 0: assigned [io  0x1000-0x10ff]
[    0.202269] pci 0000:00:01.0: PCI bridge to [bus 01]
[    0.202277] pci 0000:00:01.0:   bridge window [io  0x1000-0x1fff]
[    0.202285] pci 0000:00:01.0:   bridge window [mem 0xa0000000-0xa00fffff]
[    0.202293] pci 0000:00:01.0:   bridge window [mem 0xa8000000-0xa80fffff 64bit pref]
[    0.202313] pci 0000:00:01.0: nv_msi_ht_cap_quirk didn't locate host bridge
[    0.202379] pcieport 0000:00:01.0: enabling device (0140 -> 0143)
[    0.202525] pcieport 0000:00:01.0: Signaling PME through PCIe PME interrupt
[    0.202534] pci 0000:01:00.0: Signaling PME through PCIe PME interrupt
[    0.202543] pcie_pme 0000:00:01.0:pcie001: service driver pcie_pme loaded
[    0.206321] tegra-apbdma 6000a000.dma: Tegra20 APB DMA driver register 16 channels
[    0.251624] Serial: 8250/16550 driver, 4 ports, IRQ sharing disabled
[    0.253969] console [ttyS0] disabled
[    0.254003] 70006000.serial: ttyS0 at MMIO 0x70006000 (irq = 279, base_baud = 13500000) is a Tegra
[    1.197240] console [ttyS0] enabled
[    1.201325] SuperH (H)SCI(F) driver initialized
[    1.206630] msm_serial: driver initialized
[    1.210890] STMicroelectronics ASC driver initialized
[    1.218700] [drm] Initialized drm 1.1.0 20060810
[    1.225631] 54280000.hdmi supply hdmi not found, using dummy regulator
[    1.235361] [drm] Supports vblank timestamp caching Rev 2 (21.10.2013).
[    1.241992] [drm] No driver support for vblank timestamp query.
[    1.247946] drm drm: No connectors reported connected with modes
[    1.253956] [drm] Cannot find any crtc or sizes - going 1024x768
[    1.276006] Console: switching to colour frame buffer device 128x48
[    1.290703] drm drm: fb0:  frame buffer device
[    1.307080] [drm] Initialized tegra 0.0.0 20120330 on minor 0
[    1.321412] brd: module loaded
[    1.328620] loop: module loaded
[    1.337363] m25p80 spi32766.0: found s25fl008k, expected w25q80bl
[    1.343463] m25p80 spi32766.0: s25fl008k (1024 Kbytes)
[    1.350913] libphy: Fixed MDIO Bus: probed
[    1.355529] CAN device driver interface
[    1.360860] igb: Intel(R) Gigabit Ethernet Network Driver - version 5.3.0-k
[    1.367821] igb: Copyright (c) 2007-2014 Intel Corporation.
[    1.373936] r8169 Gigabit Ethernet driver 2.3LK-NAPI loaded
[    1.379532] r8169 0000:01:00.0: enabling device (0140 -> 0143)
[    1.386120] r8169 0000:01:00.0 eth0: RTL8168d/8111d at 0xf0878000, 00:01:c0:13:7d:63, XID 081000c0 IRQ 296
[    1.395776] r8169 0000:01:00.0 eth0: jumbo features [frames: 9200 bytes, tx checksumming: ko]
[    1.406291] pegasus: v0.9.3 (2013/04/25), Pegasus/Pegasus II USB Ethernet driver
[    1.413754] usbcore: registered new interface driver pegasus
[    1.419456] usbcore: registered new interface driver asix
[    1.424886] usbcore: registered new interface driver ax88179_178a
[    1.431011] usbcore: registered new interface driver cdc_ether
[    1.436886] usbcore: registered new interface driver smsc75xx
[    1.442680] usbcore: registered new interface driver smsc95xx
[    1.448456] usbcore: registered new interface driver net1080
[    1.454150] usbcore: registered new interface driver cdc_subset
[    1.460099] usbcore: registered new interface driver zaurus
[    1.465727] usbcore: registered new interface driver cdc_ncm
[    1.471683] tegra-phy c5004000.usb-phy: no vbus regulator
[    1.478181] tegra-phy c5008000.usb-phy: no vbus regulator
[    1.485026] ehci_hcd: USB 2.0 'Enhanced' Host Controller (EHCI) Driver
[    1.491556] ehci-pci: EHCI PCI platform driver
[    1.496035] ehci-platform: EHCI generic platform driver
[    1.501423] ehci-omap: OMAP-EHCI Host Controller driver
[    1.506757] ehci-orion: EHCI orion driver
[    1.510877] SPEAr-ehci: EHCI SPEAr driver
[    1.515010] ehci-st: EHCI STMicroelectronics driver
[    1.520000] ehci-exynos: EHCI EXYNOS driver
[    1.524313] ehci-atmel: EHCI Atmel driver
[    1.528435] tegra-ehci: Tegra EHCI driver
[    1.532630] ------------[ cut here ]------------
[    1.537263] WARNING: CPU: 1 PID: 1 at drivers/reset/core.c:187 __of_reset_control_get+0x1bc/0x228
[    1.546124] Modules linked in:
[    1.549187] CPU: 1 PID: 1 Comm: swapper/0 Not tainted 4.7.0-rc1-95164-g1a695a9 #1
[    1.556649] Hardware name: NVIDIA Tegra SoC (Flattened Device Tree)
[    1.562925] [<c030f9d0>] (unwind_backtrace) from [<c030b0c0>] (show_stack+0x10/0x14)
[    1.570656] [<c030b0c0>] (show_stack) from [<c05856e8>] (dump_stack+0x84/0xa4)
[    1.577869] [<c05856e8>] (dump_stack) from [<c0341b5c>] (__warn+0xd4/0x100)
[    1.584817] [<c0341b5c>] (__warn) from [<c0341ba8>] (warn_slowpath_null+0x20/0x28)
[    1.592372] [<c0341ba8>] (warn_slowpath_null) from [<c069fbd4>] (__of_reset_control_get+0x1bc/0x228)
[    1.601493] [<c069fbd4>] (__of_reset_control_get) from [<c0911ce8>] (tegra_ehci_probe+0x2d0/0x51c)
[    1.610437] [<c0911ce8>] (tegra_ehci_probe) from [<c0778efc>] (platform_drv_probe+0x50/0xb0)
[    1.618864] [<c0778efc>] (platform_drv_probe) from [<c0777860>] (driver_probe_device+0x1f4/0x2b0)
[    1.627720] [<c0777860>] (driver_probe_device) from [<c07779c8>] (__driver_attach+0xac/0xb0)
[    1.636140] [<c07779c8>] (__driver_attach) from [<c0775e74>] (bus_for_each_dev+0x54/0x88)
[    1.644301] [<c0775e74>] (bus_for_each_dev) from [<c0776e54>] (bus_add_driver+0xe8/0x1f4)
[    1.652462] [<c0776e54>] (bus_add_driver) from [<c07781e4>] (driver_register+0x78/0xf4)
[    1.660450] [<c07781e4>] (driver_register) from [<c0301e7c>] (do_one_initcall+0x3c/0x16c)
[    1.668617] [<c0301e7c>] (do_one_initcall) from [<c1100d80>] (kernel_init_freeable+0x120/0x1ec)
[    1.677307] [<c1100d80>] (kernel_init_freeable) from [<c0b5b4ec>] (kernel_init+0x8/0x118)
[    1.685471] [<c0b5b4ec>] (kernel_init) from [<c0307fb8>] (ret_from_fork+0x14/0x3c)
[    1.693052] ---[ end trace e2e36aa2b6a8f59b ]---
[    1.697671] tegra-ehci c5000000.usb: can't get utmi-pads reset from the PHY
[    1.704626] tegra-ehci c5000000.usb: continuing, but please update your DT
[    1.728277] ulpi_phy_power_on: ulpi write failed
[    1.732899] tegra-ehci c5004000.usb: Failed to power on the phy
[    1.738829] tegra-ehci: probe of c5004000.usb failed with error -110
[    1.747822] tegra-ehci c5008000.usb: EHCI Host Controller
[    1.753237] tegra-ehci c5008000.usb: new USB bus registered, assigned bus number 1
[    1.761045] tegra-ehci c5008000.usb: irq 290, io mem 0xc5008000
[    1.772088] tegra-ehci c5008000.usb: USB 2.0 started, EHCI 1.00
[    1.778610] hub 1-0:1.0: USB hub found
[    1.782404] hub 1-0:1.0: 1 port detected
[    1.786618] ohci_hcd: USB 1.1 'Open' Host Controller (OHCI) Driver
[    1.792814] ohci-pci: OHCI PCI platform driver
[    1.797303] ohci-platform: OHCI generic platform driver
[    1.802691] ohci-omap3: OHCI OMAP3 driver
[    1.806802] SPEAr-ohci: OHCI SPEAr driver
[    1.810930] ohci-st: OHCI STMicroelectronics driver
[    1.815920] ohci-atmel: OHCI Atmel driver
[    1.820530] usbcore: registered new interface driver usb-storage
[    1.827819] mousedev: PS/2 mouse device common for all mice
[    1.835272] rtc-em3027 2-0056: rtc core: registered rtc-em3027 as rtc0
[    1.842997] tegra_rtc 7000e000.rtc: rtc core: registered 7000e000.rtc as rtc1
[    1.850160] tegra_rtc 7000e000.rtc: Tegra internal Real Time Clock
[    1.856756] i2c /dev entries driver
[    1.869576] sdhci: Secure Digital Host Controller Interface driver
[    1.875769] sdhci: Copyright(c) Pierre Ossman
[    1.881349] Synopsys Designware Multimedia Card Interface Driver
[    1.888226] sdhci-pltfm: SDHCI platform and OF driver helper
[    1.894828] mmc0: Invalid maximum block size, assuming 512 bytes
[    1.927089] mmc0: SDHCI controller on c8000000.sdhci [c8000000.sdhci] using ADMA
[    1.934596] sdhci-tegra c8000600.sdhci: Got CD GPIO
[    1.939490] sdhci-tegra c8000600.sdhci: Got WP GPIO
[    1.944528] mmc1: Invalid maximum block size, assuming 512 bytes
[    1.977168] mmc1: SDHCI controller on c8000600.sdhci [c8000600.sdhci] using ADMA
[    1.985797] ledtrig-cpu: registered to indicate activity on CPUs
[    1.992103] usbcore: registered new interface driver usbhid
[    1.997673] usbhid: USB HID core driver
[    2.005994] NET: Registered protocol family 10
[    2.011155] sit: IPv6 over IPv4 tunneling driver
[    2.016244] NET: Registered protocol family 17
[    2.020702] can: controller area network core (rev 20120528 abi 9)
[    2.026932] NET: Registered protocol family 29
[    2.031378] can: raw protocol (rev 20120528)
[    2.035648] can: broadcast manager protocol (rev 20120528 t)
[    2.041306] can: netlink gateway (rev 20130117) max_hops=1
[    2.047122] Key type dns_resolver registered
[    2.051733] ThumbEE CPU extension supported.
[    2.056013] Registering SWP/SWPB emulation handler
[    2.065832] utmi_phy_clk_enable: timeout waiting for phy to stabilize
[    2.072319] tegra-ehci c5000000.usb: EHCI Host Controller
[    2.077763] tegra-ehci c5000000.usb: new USB bus registered, assigned bus number 2
[    2.085670] tegra-ehci c5000000.usb: irq 288, io mem 0xc5000000
[    2.104111] mmc0: host does not support reading read-only switch, assuming write-enable
[    2.113933] mmc0: new high speed SDHC card at address b368
[    2.119757] mmcblk0: mmc0:b368 NCard 3.70 GiB 
[    2.126069]  mmcblk0: p1
[    2.167092] usb 1-1: new high-speed USB device number 2 using tegra-ehci
[    2.177127] tegra-ehci c5000000.usb: USB 2.0 started, EHCI 1.00
[    2.184054] hub 2-0:1.0: USB hub found
[    2.187895] hub 2-0:1.0: 1 port detected
[    2.193239] input: gpio-keys as /devices/soc0/gpio-keys/input/input0
[    2.199915] mmc1: new high speed SD card at address b368
[    2.200348] rtc-em3027 2-0056: hctosys: unable to read the hardware clock
[    2.212666] mmcblk1: mmc1:b368 NCard 1.83 GiB (ro)
[    2.220102]  mmcblk1: p1 p2
[    2.224547] EXT4-fs (mmcblk0p1): mounting ext3 file system using the ext4 subsystem
[    2.311319] EXT4-fs (mmcblk0p1): recovery complete
[    2.316161] EXT4-fs (mmcblk0p1): mounted filesystem with ordered data mode. Opts: (null)
[    2.324309] VFS: Mounted root (ext3 filesystem) on device 179:1.
[    2.331145] hub 1-1:1.0: USB hub found
[    2.335077] hub 1-1:1.0: 4 ports detected
[    2.339402] devtmpfs: mounted
[    2.345178] Freeing unused kernel memory: 2048K (c1100000 - c1300000)
bash: cannot set terminal process group (-1): Inappropriate ioctl for device
bash: no job control in this shell
[    2.627161] usb 1-1.2: new high-speed USB device number 3 using tegra-ehci
root@(none):/# 