Diff for ./qemu-vexpress64/__internal/defconfig_log.txt
--- /tmp/fooa	2018-02-11 15:51:31.216459579 -0800
+++ /tmp/foob	2018-02-11 15:51:31.216459579 -0800
@@ -1,5 +1,5 @@
 Booting Linux on physical CPU 0x0000000000 [0x411fd070]
-Linux version 4.15.0-217931-gd8a5b80 (jonathanh@sellafield) (gcc version 4.9.2 20140904 (prerelease) (crosstool-NG linaro-1.13.1-4.9-2014.09 - Linaro GCC 4.9-2014.09)) #1 SMP PREEMPT Sun Jan 28 13:41:20 PST 2018
+Linux version 4.16.0-rc1-348826-g7928b2cbe55b (jonathanh@tamien) (gcc version 4.9.2 20140904 (prerelease) (crosstool-NG linaro-1.13.1-4.9-2014.09 - Linaro GCC 4.9-2014.09)) #1 SMP PREEMPT Sun Feb 11 15:41:38 PST 2018
 Machine model: linux,dummy-virt
 Memory limited to 1024MB
 efi: Getting EFI parameters from FDT:
@@ -9,7 +9,7 @@
 NUMA: Faking a node at [mem 0x0000000000000000-0x000000007fffffff]
 NUMA: NODE_DATA [mem 0x7efeb000-0x7efecaff]
 Zone ranges:
-  DMA      [mem 0x0000000040000000-0x000000007fffffff]
+  DMA32    [mem 0x0000000040000000-0x000000007fffffff]
   Normal   empty
 Movable zone start for each node
 Early memory node ranges
@@ -20,27 +20,14 @@
 psci: Using standard PSCI v0.2 function IDs
 psci: Trusted OS migration not required
 random: fast init done
-percpu: Embedded 23 pages/cpu @        (ptrval) s55168 r8192 d30848 u94208
+percpu: Embedded 24 pages/cpu @        (ptrval) s57984 r8192 d32128 u98304
 Detected PIPT I-cache on CPU0
 CPU features: enabling workaround for ARM erratum 832075
 CPU features: enabling workaround for ARM erratum 834220
 Built 1 zonelists, mobility grouping on.  Total pages: 258048
-Policy zone: DMA
+Policy zone: DMA32
 Kernel command line: root=/dev/vda2 rw rootwait mem=1024M console=ttyAMA0,38400n8 init=/bin/bash
-Memory: 999004K/1048576K available (9404K kernel code, 1150K rwdata, 4460K rodata, 1088K init, 395K bss, 33188K reserved, 16384K cma-reserved)
-Virtual kernel memory layout:
-    modules : 0xffff000000000000 - 0xffff000008000000   (   128 MB)
-    vmalloc : 0xffff000008000000 - 0xffff7dffbfff0000   (129022 GB)
-      .text : 0x        (ptrval) - 0x        (ptrval)   (  9408 KB)
-    .rodata : 0x        (ptrval) - 0x        (ptrval)   (  4480 KB)
-      .init : 0x        (ptrval) - 0x        (ptrval)   (  1088 KB)
-      .data : 0x        (ptrval) - 0x        (ptrval)   (  1151 KB)
-       .bss : 0x        (ptrval) - 0x        (ptrval)   (   396 KB)
-    fixed   : 0xffff7dfffe7fb000 - 0xffff7dfffec00000   (  4116 KB)
-    PCI I/O : 0xffff7dfffee00000 - 0xffff7dffffe00000   (    16 MB)
-    vmemmap : 0xffff7e0000000000 - 0xffff800000000000   (  2048 GB maximum)
-              0xffff7e0000000000 - 0xffff7e0001000000   (    16 MB actual)
-    memory  : 0xffff800000000000 - 0xffff800040000000   (  1024 MB)
+Memory: 998056K/1048576K available (9980K kernel code, 1250K rwdata, 4628K rodata, 1152K init, 402K bss, 34136K reserved, 16384K cma-reserved)
 SLUB: HWalign=64, Order=0-3, MinObjects=0, CPUs=1, Nodes=1
 Preemptible hierarchical RCU implementation.
 	RCU restricting CPUs from NR_CPUS=64 to nr_cpu_ids=1.
@@ -59,13 +46,14 @@
 Inode-cache hash table entries: 65536 (order: 7, 524288 bytes)
 Mount-cache hash table entries: 2048 (order: 2, 16384 bytes)
 Mountpoint-cache hash table entries: 2048 (order: 2, 16384 bytes)
-ASID allocator initialised with 65536 entries
+ASID allocator initialised with 32768 entries
 Hierarchical SRCU implementation.
 EFI services will not be available.
 smp: Bringing up secondary CPUs ...
 smp: Brought up 1 node, 1 CPU
 SMP: Total of 1 processors activated.
 CPU features: detected feature: 32-bit EL0 Support
+CPU features: detected feature: Kernel page table isolation (KPTI)
 CPU: All CPU(s) started at EL1
 alternatives: patching kernel code
 devtmpfs: initialized
@@ -75,15 +63,16 @@
 DMI not present or invalid.
 NET: Registered protocol family 16
 audit: initializing netlink subsys (disabled)
-audit: type=2000 audit(0.296:1): state=initialized audit_enabled=0 res=1
+audit: type=2000 audit(0.196:1): state=initialized audit_enabled=0 res=1
 cpuidle: using governor menu
-vdso: 2 pages (1 code @ 00000000a0baae7f, 1 data @ 00000000dd9fcdda)
+vdso: 2 pages (1 code @ 0000000079e4d5d4, 1 data @ 00000000d8562e34)
 hw-breakpoint: found 6 breakpoint and 4 watchpoint registers.
 DMA: preallocated 256 KiB pool for atomic allocations
 Serial: AMBA PL011 UART driver
 9000000.pl011: ttyAMA0 at MMIO 0x9000000 (irq = 39, base_baud = 0) is a PL011 rev1
 console [ttyAMA0] enabled
 HugeTLB registered 2.00 MiB page size, pre-allocated 0 pages
+cryptd: max_cpu_qlen set to 1000
 ACPI: Interpreter disabled.
 vgaarb: loaded
 SCSI subsystem initialized
@@ -94,13 +83,13 @@
 pps_core: Software ver. 5.3.6 - Copyright 2005-2007 Rodolfo Giometti <giometti@linux.it>
 PTP clock support registered
 EDAC MC: Ver: 3.0.0
-dmi: Firmware registration failed.
 Advanced Linux Sound Architecture Driver Initialized.
 clocksource: Switched to clocksource arch_sys_counter
 VFS: Disk quotas dquot_6.6.0
 VFS: Dquot-cache hash table entries: 512 (order 0, 4096 bytes)
 pnp: PnP ACPI: disabled
 NET: Registered protocol family 2
+tcp_listen_portaddr_hash hash table entries: 512 (order: 1, 8192 bytes)
 TCP established hash table entries: 8192 (order: 4, 65536 bytes)
 TCP bind hash table entries: 8192 (order: 5, 131072 bytes)
 TCP: Hash tables configured (established 8192 bind 8192)
@@ -129,27 +118,29 @@
 io scheduler mq-deadline registered
 io scheduler kyber registered
 pl061_gpio 9030000.pl061: PL061 GPIO chip @0x0000000009030000 registered
-OF: PCI: host bridge /pcie@10000000 ranges:
-OF: PCI:    IO 0x3eff0000..0x3effffff -> 0x00000000
-OF: PCI:   MEM 0x10000000..0x3efeffff -> 0x10000000
-OF: PCI:   MEM 0x8000000000..0xffffffffff -> 0x8000000000
+PCI: OF: host bridge /pcie@10000000 ranges:
+PCI: OF:    IO 0x3eff0000..0x3effffff -> 0x00000000
+PCI: OF:   MEM 0x10000000..0x3efeffff -> 0x10000000
+PCI: OF:   MEM 0x8000000000..0xffffffffff -> 0x8000000000
 pci-host-generic 3f000000.pcie: ECAM at [mem 0x3f000000-0x3fffffff] for [bus 00-0f]
 pci-host-generic 3f000000.pcie: PCI host bridge to bus 0000:00
 pci_bus 0000:00: root bus resource [bus 00-0f]
 pci_bus 0000:00: root bus resource [io  0x0000-0xffff]
 pci_bus 0000:00: root bus resource [mem 0x10000000-0x3efeffff]
 pci_bus 0000:00: root bus resource [mem 0x8000000000-0xffffffffff]
+EINJ: ACPI disabled.
 Serial: 8250/16550 driver, 4 ports, IRQ sharing enabled
 SuperH (H)SCI(F) driver initialized
 msm_serial: driver initialized
 cacheinfo: Unable to detect cache hierarchy for CPU 0
 loop: module loaded
+virtio_blk virtio0: [vda] 6291456 512-byte logical blocks (3.22 GB/3.00 GiB)
  vda: vda1 vda2
 libphy: Fixed MDIO Bus: probed
 tun: Universal TUN/TAP device driver, 1.6
-thunder-xcv, ver 1.0
-thunder-BGX, ver 1.0
-thunder-nic, ver 1.0
+thunder_xcv, ver 1.0
+thunder_bgx, ver 1.0
+nicpf, ver 1.0
 e1000e: Intel(R) PRO/1000 Network Driver - 3.2.6-k
 e1000e: Copyright(c) 1999 - 2015 Intel Corporation.
 igb: Intel(R) Gigabit Ethernet Network Driver - version 5.4.0-k
@@ -183,7 +174,7 @@
 registered taskstats version 1
 Loading compiled-in X.509 certificates
 input: gpio-keys as /devices/platform/gpio-keys/input/input0
-rtc-pl031 9010000.pl031: setting system clock to 2018-01-28 21:45:10 UTC (1517175910)
+rtc-pl031 9010000.pl031: setting system clock to 2018-02-11 23:49:00 UTC (1518392940)
 ALSA device list:
   No soundcards found.
 uart-pl011 9000000.pl011: no DMA platform data
@@ -192,7 +183,7 @@
 EXT4-fs (vda2): mounted filesystem with ordered data mode. Opts: (null)
 VFS: Mounted root (ext4 filesystem) on device 254:2.
 devtmpfs: mounted
-Freeing unused kernel memory: 1088K
+Freeing unused kernel memory: 1152K
 bash: cannot set terminal process group (-1): Inappropriate ioctl for device
 bash: no job control in this shell
 bash-4.3# 
\ No newline at end of file
Diff for ./tegra114-dalmore-a04/tegra114-dalmore/multi_v7_defconfig_log.txt
--- /tmp/fooa	2018-02-11 15:51:31.256459764 -0800
+++ /tmp/foob	2018-02-11 15:51:31.256459764 -0800
@@ -39,21 +39,21 @@
 	 #################################################################
 	 #################################################################
 	 #################################################################
-	 ##############################
+	 ####################################
 	 2.8 MiB/s
 done
-Bytes transferred = 8065536 (7b1200 hex)
+Bytes transferred = 8159744 (7c8200 hex)
 Tegra114 (Dalmore) # tftpboot 0x82000000 tegra114-dalmore.dtb
 Using asx0 device
 TFTP from server 192.168.100.1; our IP address is 192.168.100.100
 Filename 'tegra114-dalmore.dtb'.
 Load address: 0x82000000
 Loading: *###
-	 2.5 MiB/s
+	 2.7 MiB/s
 done
 Bytes transferred = 34502 (86c6 hex)
 Tegra114 (Dalmore) # bootz 0x81000000 - 0x82000000
-Kernel image @ 0x81000000 [ 0x000000 - 0x7b1200 ]
+Kernel image @ 0x81000000 [ 0x000000 - 0x7c8200 ]
 ## Flattened Device Tree blob at 82000000
    Booting using the fdt blob at 0x82000000
    Loading Device Tree to 8fff4000, end 8ffff6c5 ... OK
@@ -61,7 +61,7 @@
 Starting kernel ...
 
 Booting Linux on physical CPU 0x0
-Linux version 4.15.0-336172-gd8a5b80568a9 (jonathanh@tamien) (gcc version 4.7.3 20130328 (prerelease) (crosstool-NG linaro-1.13.1-4.7-2013.04-20130415 - Linaro GCC 2013.04)) #1 SMP Sun Jan 28 13:34:20 PST 2018
+Linux version 4.16.0-rc1-348826-g7928b2cbe55b (jonathanh@tamien) (gcc version 4.7.3 20130328 (prerelease) (crosstool-NG linaro-1.13.1-4.7-2013.04-20130415 - Linaro GCC 2013.04)) #1 SMP Sun Feb 11 15:35:47 PST 2018
 CPU: ARMv7 Processor [412fc0f2] revision 2 (ARMv7), cr=10c5387d
 CPU: div instructions available: patching division code
 CPU: PIPT / VIPT nonaliasing data cache, PIPT instruction cache
@@ -77,14 +77,14 @@
   DMA zone: 196608 pages, LIFO batch:31
   HighMem zone: 327424 pages, LIFO batch:31
 random: fast init done
-percpu: Embedded 17 pages/cpu @(ptrval) s39104 r8192 d22336 u69632
-pcpu-alloc: s39104 r8192 d22336 u69632 alloc=17*4096
+percpu: Embedded 17 pages/cpu @(ptrval) s39232 r8192 d22208 u69632
+pcpu-alloc: s39232 r8192 d22208 u69632 alloc=17*4096
 pcpu-alloc: [0] 0 [0] 1 [0] 2 [0] 3 
 Built 1 zonelists, mobility grouping on.  Total pages: 522496
 Kernel command line: ignore_loglevel console=ttyS0,115200n8 rw root=PARTUUID=7369c667-ff51-ec4a-29cd-baabf2fbe346 rootwait gpt debug earlyprintk init=/bin/bash
 Dentry cache hash table entries: 131072 (order: 7, 524288 bytes)
 Inode-cache hash table entries: 65536 (order: 6, 262144 bytes)
-Memory: 1992548K/2096128K available (11264K kernel code, 1602K rwdata, 4296K rodata, 2048K init, 404K bss, 38044K reserved, 65536K cma-reserved, 1244160K highmem)
+Memory: 1992580K/2096128K available (11264K kernel code, 1570K rwdata, 4348K rodata, 2048K init, 405K bss, 38012K reserved, 65536K cma-reserved, 1244160K highmem)
 Virtual kernel memory layout:
     vector  : 0xffff0000 - 0xffff1000   (   4 kB)
     fixmap  : 0xffc00000 - 0xfff00000   (3072 kB)
@@ -94,8 +94,8 @@
     modules : 0xbf000000 - 0xbfe00000   (  14 MB)
       .text : 0x(ptrval) - 0x(ptrval)   (12256 kB)
       .init : 0x(ptrval) - 0x(ptrval)   (2048 kB)
-      .data : 0x(ptrval) - 0x(ptrval)   (1603 kB)
-       .bss : 0x(ptrval) - 0x(ptrval)   ( 405 kB)
+      .data : 0x(ptrval) - 0x(ptrval)   (1571 kB)
+       .bss : 0x(ptrval) - 0x(ptrval)   ( 406 kB)
 SLUB: HWalign=64, Order=0-3, MinObjects=0, CPUs=4, Nodes=1
 Hierarchical RCU implementation.
 	RCU event tracing is enabled.
@@ -147,52 +147,8 @@
 hw-breakpoint: maximum watchpoint size is 8 bytes.
 Serial: AMBA PL011 UART driver
 tegra-mc 70019000.memory-controller: no memory timings for RAM code 3 registered
-iommu: Adding device reg-dummy to group 0
-iommu: Adding device 50000000.host1x to group 1
-iommu: Adding device 54140000.gr2d to group 2
-iommu: Adding device 54180000.gr3d to group 3
-iommu: Adding device 54200000.dc to group 4
-iommu: Adding device 54240000.dc to group 5
-iommu: Adding device 54280000.hdmi to group 6
-iommu: Adding device 54300000.dsi to group 7
-iommu: Adding device 60005000.timer to group 8
-iommu: Adding device 60007000.flow-controller to group 9
-iommu: Adding device 6000a000.dma to group 10
-iommu: Adding device 6000c000.ahb to group 11
-iommu: Adding device 6000d000.gpio to group 12
-iommu: Adding device 70000800.apbmisc to group 13
-iommu: Adding device 70000868.pinmux to group 14
-iommu: Adding device 70006300.serial to group 15
-iommu: Adding device 7000a000.pwm to group 16
-iommu: Adding device 7000c000.i2c to group 17
-iommu: Adding device 7000c700.i2c to group 18
-iommu: Adding device 7000d000.i2c to group 19
-iommu: Adding device 7000da00.spi to group 20
-iommu: Adding device 7000e000.rtc to group 21
-iommu: Adding device 7000e400.pmc to group 22
-iommu: Adding device 7000f800.fuse to group 23
-iommu: Adding device 70019000.memory-controller to group 24
-iommu: Adding device 70080000.ahub to group 25
-iommu: Adding device 700e3000.mipi to group 26
-iommu: Adding device 78000400.sdhci to group 27
-iommu: Adding device 78000600.sdhci to group 28
-iommu: Adding device 7d000000.usb to group 29
-iommu: Adding device 7d000000.usb-phy to group 30
-iommu: Adding device 7d008000.usb to group 31
-iommu: Adding device 7d008000.usb-phy to group 32
-iommu: Adding device timer to group 33
-iommu: Adding device backlight to group 34
-iommu: Adding device clocks to group 35
-iommu: Adding device gpio-keys to group 36
-iommu: Adding device regulators to group 37
-iommu: Adding device regulators:regulator@0 to group 38
-iommu: Adding device regulators:regulator@1 to group 39
-iommu: Adding device regulators:regulator@3 to group 40
-iommu: Adding device regulators:regulator@4 to group 41
-iommu: Adding device regulators:regulator@5 to group 42
-iommu: Adding device regulators:regulator@6 to group 43
-iommu: Adding device regulators:regulator@7 to group 44
-iommu: Adding device sound to group 45
+iommu: Adding device 54200000.dc to group 0
+iommu: Adding device 54240000.dc to group 0
 AT91: Could not find identification node
 dvdd_ts: Failed to request enable GPIO61: -517
 reg-fixed-voltage regulators:regulator@1: Failed to register regulator: -517
@@ -209,7 +165,6 @@
 usbcore: registered new interface driver hub
 usbcore: registered new device driver usb
 tps65090 2-0048: No cache defaults, reading back from HW
-iommu: Adding device tps65090-pmic to group 46
 TPS65090_RAILSDCDC1: supplied by vdd_ac_bat
 TPS65090_RAILSDCDC2: supplied by vdd_ac_bat
 TPS65090_RAILSDCDC3: supplied by vdd_ac_bat
@@ -222,11 +177,8 @@
 TPS65090_RAILSFET7: supplied by vdd-sys-3v3
 TPS65090_RAILSLDO1: supplied by vdd_ac_bat
 TPS65090_RAILSLDO2: supplied by vdd_ac_bat
-iommu: Adding device tps65090-charger to group 47
 palmas 2-0058: Irq flag is 0x00000004
 palmas 2-0058: Muxing GPIO ff, PWM 0, LED 0
-iommu: Adding device 7000d000.i2c:tps65913@58:gpio to group 48
-iommu: Adding device 7000d000.i2c:tps65913@58:pmic to group 49
 SMPS12: supplied by vdd-ao
 vdd_hdmi_5v0: supplied by vdd-sys-5v0
 SMPS3: supplied by vdd-ao
@@ -250,15 +202,13 @@
 LDO9: supplied by sdhci-vdd-sd-slot
 LDOLN: supplied by vdd-sys-5v0
 LDOUSB: supplied by vdd-sys-5v0
-iommu: Adding device 7000d000.i2c:tps65913@58:rtc to group 50
-iommu: Adding device 7000d000.i2c:tps65913@58:pinmux to group 51
 pps_core: LinuxPPS API ver. 1 registered
 pps_core: Software ver. 5.3.6 - Copyright 2005-2007 Rodolfo Giometti <giometti@linux.it>
 PTP clock support registered
 EDAC MC: Ver: 3.0.0
-dmi: Firmware registration failed.
 clocksource: Switched to clocksource arch_sys_counter
 NET: Registered protocol family 2
+tcp_listen_portaddr_hash hash table entries: 512 (order: 0, 6144 bytes)
 TCP established hash table entries: 8192 (order: 3, 32768 bytes)
 TCP bind hash table entries: 8192 (order: 4, 65536 bytes)
 TCP: Hash tables configured (established 8192 bind 8192)
@@ -270,7 +220,6 @@
 RPC: Registered tcp transport module.
 RPC: Registered tcp NFSv4.1 backchannel transport module.
 PCI: CLS 0 bytes, default 64
-iommu: Adding device alarmtimer to group 52
 Initialise system trusted keyrings
 workingset: timestamp_bits=30 max_order=19 bucket_order=0
 squashfs: version 4.0 (2009/01/31) Phillip Lougher
@@ -281,7 +230,7 @@
 Key type asymmetric registered
 Asymmetric key parser 'x509' registered
 bounce: pool size: 64 pages
-Block layer SCSI generic (bsg) driver version 0.4 loaded (major 247)
+Block layer SCSI generic (bsg) driver version 0.4 loaded (major 246)
 io scheduler noop registered
 io scheduler deadline registered
 io scheduler cfq registered (default)
@@ -290,18 +239,18 @@
 tegra-apbdma 6000a000.dma: Tegra20 APB DMA driver register 32 channels
 tegra-pmc 7000e400.pmc: i2c-thermtrip node not found, emergency thermal reset disabled.
 Serial: 8250/16550 driver, 4 ports, IRQ sharing disabled
-iommu: Adding device serial8250 to group 53
 console [ttyS0] disabled
 70006300.serial: ttyS0 at MMIO 0x70006300 (irq = 329, base_baud = 25500000) is a Tegra
 console [ttyS0] enabled
 SuperH (H)SCI(F) driver initialized
 msm_serial: driver initialized
 STMicroelectronics ASC driver initialized
+Failed to attached device 54200000.dc to IOMMU_mapping
+Failed to attached device 54240000.dc to IOMMU_mapping
 tegra-hdmi 54280000.hdmi: failed to get HDMI regulator
 brd: module loaded
 loop: module loaded
 m25p80 spi0.0: w25q32dw (4096 Kbytes)
-iommu: Adding device Fixed MDIO bus.0 to group 54
 libphy: Fixed MDIO Bus: probed
 CAN device driver interface
 bgmac_bcma: Broadcom 47xx GBit MAC driver loaded
@@ -337,7 +286,6 @@
 ohci-st: OHCI STMicroelectronics driver
 ohci-atmel: OHCI Atmel driver
 usbcore: registered new interface driver usb-storage
-iommu: Adding device ci_hdrc.0 to group 55
 palmas-rtc 7000d000.i2c:tps65913@58:rtc: rtc core: registered 7000d000.i2c:tps65913@58:rtc as rtc0
 tegra_rtc 7000e000.rtc: rtc core: registered 7000e000.rtc as rtc1
 tegra_rtc 7000e000.rtc: Tegra internal Real Time Clock
@@ -371,18 +319,18 @@
 Registering SWP/SWPB emulation handler
 Loading compiled-in X.509 certificates
 mmc0: new high speed SDHC card at address aaaa
+mmcblk0: mmc0:aaaa SL16G 14.8 GiB 
 usb1_vbus: supplied by vdd-sys-5v0
 usb2_vbus: supplied by vdd-sys-5v0
-mmcblk0: mmc0:aaaa SL16G 14.8 GiB 
 VDD_5V0_HDMI_CON: supplied by vdd-sys-5v0
  mmcblk0: p1 p2 p3
 [drm] Supports vblank timestamp caching Rev 2 (21.10.2013).
-[drm] No driver support for vblank timestamp query.
 mmc1: new high speed MMC card at address 0001
+[drm] No driver support for vblank timestamp query.
 mmcblk1: mmc1:0001 SEM32G 29.1 GiB 
 mmcblk1boot0: mmc1:0001 SEM32G partition 1 4.00 MiB
 mmcblk1boot1: mmc1:0001 SEM32G partition 2 4.00 MiB
-mmcblk1rpmb: mmc1:0001 SEM32G partition 3 4.00 MiB, chardev (237:0)
+mmcblk1rpmb: mmc1:0001 SEM32G partition 3 4.00 MiB, chardev (236:0)
  mmcblk1: p1 p2 p3 p4 p5 p6 p7 p8
 Console: switching to colour frame buffer device 240x75
 drm drm: fb0:  frame buffer device
@@ -394,7 +342,7 @@
 hub 1-0:1.0: USB hub found
 hub 1-0:1.0: 1 port detected
 input: gpio-keys as /devices/soc0/gpio-keys/input/input0
-palmas-rtc 7000d000.i2c:tps65913@58:rtc: setting system clock to 2000-06-21 04:39:25 UTC (961562365)
+palmas-rtc 7000d000.i2c:tps65913@58:rtc: setting system clock to 2000-07-05 06:42:21 UTC (962779341)
 dvdd_ts: disabling
 usb1_vbus: disabling
 vdd_cam_1v8_reg: disabling
@@ -406,5 +354,4 @@
 Freeing unused kernel memory: 2048K
 bash: cannot set terminal process group (-1): Inappropriate ioctl for device
 bash: no job control in this shell
-root@(none):/# [    2.929252] usb 1-1: new high-speed USB device number 2 using tegra-ehci
-asix 1-1:1.0 eth0: register 'asix' at usb-7d008000.usb-1, ASIX AX88772 USB 2.0 Ethernet, 00:50:b6:0d:b5:16
+root@(none):/# [    2.579257] usb 1-1: new high-speed USB device number 2 using tegra-ehci
Diff for ./tegra114-dalmore-a04/tegra114-dalmore/tegra_defconfig_log.txt
--- /tmp/fooa	2018-02-11 15:51:31.280459877 -0800
+++ /tmp/foob	2018-02-11 15:51:31.284459894 -0800
@@ -37,21 +37,21 @@
 	 #################################################################
 	 #################################################################
 	 #################################################################
-	 ###############################
-	 2.8 MiB/s
+	 ##################################
+	 3 MiB/s
 done
-Bytes transferred = 6171744 (5e2c60 hex)
+Bytes transferred = 6216816 (5edc70 hex)
 Tegra114 (Dalmore) # tftpboot 0x82000000 tegra114-dalmore.dtb
 Using asx0 device
 TFTP from server 192.168.100.1; our IP address is 192.168.100.100
 Filename 'tegra114-dalmore.dtb'.
 Load address: 0x82000000
 Loading: *###
-	 2.5 MiB/s
+	 2.7 MiB/s
 done
 Bytes transferred = 34502 (86c6 hex)
 Tegra114 (Dalmore) # bootz 0x81000000 - 0x82000000
-Kernel image @ 0x81000000 [ 0x000000 - 0x5e2c60 ]
+Kernel image @ 0x81000000 [ 0x000000 - 0x5edc70 ]
 ## Flattened Device Tree blob at 82000000
    Booting using the fdt blob at 0x82000000
    Loading Device Tree to 8fff4000, end 8ffff6c5 ... OK
@@ -59,7 +59,7 @@
 Starting kernel ...
 
 Booting Linux on physical CPU 0x0
-Linux version 4.15.0-16223-gd8a5b80 (jonathanh@kaivo) (gcc version 4.7.3 20130328 (prerelease) (crosstool-NG linaro-1.13.1-4.7-2013.04-20130415 - Linaro GCC 2013.04)) #1 SMP PREEMPT Sun Jan 28 13:33:14 PST 2018
+Linux version 4.16.0-rc1-28877-g7928b2c (jonathanh@kaivo) (gcc version 4.7.3 20130328 (prerelease) (crosstool-NG linaro-1.13.1-4.7-2013.04-20130415 - Linaro GCC 2013.04)) #1 SMP PREEMPT Sun Feb 11 15:34:51 PST 2018
 CPU: ARMv7 Processor [412fc0f2] revision 2 (ARMv7), cr=10c5387d
 CPU: div instructions available: patching division code
 CPU: PIPT / VIPT nonaliasing data cache, PIPT instruction cache
@@ -74,14 +74,14 @@
   Normal zone: 196608 pages, LIFO batch:31
   HighMem zone: 327424 pages, LIFO batch:31
 random: fast init done
-percpu: Embedded 17 pages/cpu @(ptrval) s39168 r8192 d22272 u69632
-pcpu-alloc: s39168 r8192 d22272 u69632 alloc=17*4096
+percpu: Embedded 17 pages/cpu @(ptrval) s39296 r8192 d22144 u69632
+pcpu-alloc: s39296 r8192 d22144 u69632 alloc=17*4096
 pcpu-alloc: [0] 0 [0] 1 [0] 2 [0] 3 
 Built 1 zonelists, mobility grouping on.  Total pages: 522496
 Kernel command line: ignore_loglevel console=ttyS0,115200n8 rw root=PARTUUID=7369c667-ff51-ec4a-29cd-baabf2fbe346 rootwait gpt debug earlyprintk init=/bin/bash
 Dentry cache hash table entries: 131072 (order: 7, 524288 bytes)
 Inode-cache hash table entries: 65536 (order: 6, 262144 bytes)
-Memory: 1998600K/2096128K available (9216K kernel code, 778K rwdata, 2560K rodata, 1024K init, 299K bss, 31992K reserved, 65536K cma-reserved, 1244160K highmem)
+Memory: 1998596K/2096128K available (9216K kernel code, 783K rwdata, 2584K rodata, 1024K init, 298K bss, 31996K reserved, 65536K cma-reserved, 1244160K highmem)
 Virtual kernel memory layout:
     vector  : 0xffff0000 - 0xffff1000   (   4 kB)
     fixmap  : 0xffc00000 - 0xfff00000   (3072 kB)
@@ -91,8 +91,8 @@
     modules : 0xbf000000 - 0xbfe00000   (  14 MB)
       .text : 0x(ptrval) - 0x(ptrval)   (10208 kB)
       .init : 0x(ptrval) - 0x(ptrval)   (1024 kB)
-      .data : 0x(ptrval) - 0x(ptrval)   ( 779 kB)
-       .bss : 0x(ptrval) - 0x(ptrval)   ( 300 kB)
+      .data : 0x(ptrval) - 0x(ptrval)   ( 784 kB)
+       .bss : 0x(ptrval) - 0x(ptrval)   ( 299 kB)
 Preemptible hierarchical RCU implementation.
 	Tasks RCU enabled.
 NR_IRQS: 16, nr_irqs: 16, preallocated irqs: 16
@@ -138,52 +138,8 @@
 hw-breakpoint: found 5 (+1 reserved) breakpoint and 4 watchpoint registers.
 hw-breakpoint: maximum watchpoint size is 8 bytes.
 tegra-mc 70019000.memory-controller: no memory timings for RAM code 3 registered
-iommu: Adding device reg-dummy to group 0
-iommu: Adding device 50000000.host1x to group 1
-iommu: Adding device 54140000.gr2d to group 2
-iommu: Adding device 54180000.gr3d to group 3
-iommu: Adding device 54200000.dc to group 4
-iommu: Adding device 54240000.dc to group 5
-iommu: Adding device 54280000.hdmi to group 6
-iommu: Adding device 54300000.dsi to group 7
-iommu: Adding device 60005000.timer to group 8
-iommu: Adding device 60007000.flow-controller to group 9
-iommu: Adding device 6000a000.dma to group 10
-iommu: Adding device 6000c000.ahb to group 11
-iommu: Adding device 6000d000.gpio to group 12
-iommu: Adding device 70000800.apbmisc to group 13
-iommu: Adding device 70000868.pinmux to group 14
-iommu: Adding device 70006300.serial to group 15
-iommu: Adding device 7000a000.pwm to group 16
-iommu: Adding device 7000c000.i2c to group 17
-iommu: Adding device 7000c700.i2c to group 18
-iommu: Adding device 7000d000.i2c to group 19
-iommu: Adding device 7000da00.spi to group 20
-iommu: Adding device 7000e000.rtc to group 21
-iommu: Adding device 7000e400.pmc to group 22
-iommu: Adding device 7000f800.fuse to group 23
-iommu: Adding device 70019000.memory-controller to group 24
-iommu: Adding device 70080000.ahub to group 25
-iommu: Adding device 700e3000.mipi to group 26
-iommu: Adding device 78000400.sdhci to group 27
-iommu: Adding device 78000600.sdhci to group 28
-iommu: Adding device 7d000000.usb to group 29
-iommu: Adding device 7d000000.usb-phy to group 30
-iommu: Adding device 7d008000.usb to group 31
-iommu: Adding device 7d008000.usb-phy to group 32
-iommu: Adding device timer to group 33
-iommu: Adding device backlight to group 34
-iommu: Adding device clocks to group 35
-iommu: Adding device gpio-keys to group 36
-iommu: Adding device regulators to group 37
-iommu: Adding device regulators:regulator@0 to group 38
-iommu: Adding device regulators:regulator@1 to group 39
-iommu: Adding device regulators:regulator@3 to group 40
-iommu: Adding device regulators:regulator@4 to group 41
-iommu: Adding device regulators:regulator@5 to group 42
-iommu: Adding device regulators:regulator@6 to group 43
-iommu: Adding device regulators:regulator@7 to group 44
-iommu: Adding device sound to group 45
+iommu: Adding device 54200000.dc to group 0
+iommu: Adding device 54240000.dc to group 0
 dvdd_ts: Failed to request enable GPIO61: -517
 reg-fixed-voltage regulators:regulator@1: Failed to register regulator: -517
 usb1_vbus: Failed to request enable GPIO108: -517
@@ -199,7 +155,6 @@
 usbcore: registered new interface driver hub
 usbcore: registered new device driver usb
 tps65090 2-0048: No cache defaults, reading back from HW
-iommu: Adding device tps65090-pmic to group 46
 TPS65090_RAILSDCDC1: supplied by vdd_ac_bat
 TPS65090_RAILSDCDC2: supplied by vdd_ac_bat
 TPS65090_RAILSDCDC3: supplied by vdd_ac_bat
@@ -212,11 +167,8 @@
 TPS65090_RAILSFET7: supplied by vdd-sys-3v3
 TPS65090_RAILSLDO1: supplied by vdd_ac_bat
 TPS65090_RAILSLDO2: supplied by vdd_ac_bat
-iommu: Adding device tps65090-charger to group 47
 palmas 2-0058: Irq flag is 0x00000004
 palmas 2-0058: Muxing GPIO ff, PWM 0, LED 0
-iommu: Adding device 7000d000.i2c:tps65913@58:gpio to group 48
-iommu: Adding device 7000d000.i2c:tps65913@58:pmic to group 49
 SMPS12: supplied by vdd-ao
 vdd_hdmi_5v0: supplied by vdd-sys-5v0
 SMPS3: supplied by vdd-ao
@@ -240,8 +192,6 @@
 LDO9: supplied by sdhci-vdd-sd-slot
 LDOLN: supplied by vdd-sys-5v0
 LDOUSB: supplied by vdd-sys-5v0
-iommu: Adding device 7000d000.i2c:tps65913@58:rtc to group 50
-iommu: Adding device 7000d000.i2c:tps65913@58:pinmux to group 51
 Linux video capture interface: v2.00
 pps_core: LinuxPPS API ver. 1 registered
 pps_core: Software ver. 5.3.6 - Copyright 2005-2007 Rodolfo Giometti <giometti@linux.it>
@@ -255,6 +205,7 @@
 Bluetooth: SCO socket layer initialized
 clocksource: Switched to clocksource arch_sys_counter
 NET: Registered protocol family 2
+tcp_listen_portaddr_hash hash table entries: 512 (order: 0, 6144 bytes)
 TCP established hash table entries: 8192 (order: 3, 32768 bytes)
 TCP bind hash table entries: 8192 (order: 4, 65536 bytes)
 TCP: Hash tables configured (established 8192 bind 8192)
@@ -265,9 +216,7 @@
 RPC: Registered udp transport module.
 RPC: Registered tcp transport module.
 RPC: Registered tcp NFSv4.1 backchannel transport module.
-iommu: Adding device regulatory.0 to group 52
 PCI: CLS 0 bytes, default 64
-iommu: Adding device alarmtimer to group 53
 Initialise system trusted keyrings
 workingset: timestamp_bits=30 max_order=19 bucket_order=0
 squashfs: version 4.0 (2009/01/31) Phillip Lougher
@@ -283,7 +232,6 @@
 tegra-apbdma 6000a000.dma: Tegra20 APB DMA driver register 32 channels
 tegra-pmc 7000e400.pmc: i2c-thermtrip node not found, emergency thermal reset disabled.
 Serial: 8250/16550 driver, 4 ports, IRQ sharing disabled
-iommu: Adding device serial8250 to group 54
 console [ttyS0] disabled
 70006300.serial: ttyS0 at MMIO 0x70006300 (irq = 329, base_baud = 25500000) is a Tegra
 console [ttyS0] enabled
@@ -293,7 +241,6 @@
 tegra-hdmi 54280000.hdmi: failed to get HDMI regulator
 loop: module loaded
 m25p80 spi0.0: w25q32dw (4096 Kbytes)
-iommu: Adding device Fixed MDIO bus.0 to group 55
 libphy: Fixed MDIO Bus: probed
 CAN device driver interface
 igb: Intel(R) Gigabit Ethernet Network Driver - version 5.4.0-k
@@ -317,7 +264,6 @@
 cdc_acm: USB Abstract Control Model driver for USB modems and ISDN adapters
 usbcore: registered new interface driver cdc_wdm
 usbcore: registered new interface driver usb-storage
-iommu: Adding device ci_hdrc.0 to group 56
 palmas-rtc 7000d000.i2c:tps65913@58:rtc: rtc core: registered 7000d000.i2c:tps65913@58:rtc as rtc0
 tegra_rtc 7000e000.rtc: rtc core: registered 7000e000.rtc as rtc1
 tegra_rtc 7000e000.rtc: Tegra internal Real Time Clock
@@ -339,17 +285,15 @@
 mmc1: SDHCI controller on 78000600.sdhci [78000600.sdhci] using ADMA
 usbcore: registered new interface driver usbhid
 usbhid: USB HID core driver
-iommu: Adding device snd-soc-dummy to group 57
-mmc0: new high speed SDHC card at address aaaa
-mmcblk0: mmc0:aaaa SL16G 14.8 GiB 
- mmcblk0: p1 p2 p3
 mmc1: new high speed MMC card at address 0001
 mmcblk1: mmc1:0001 SEM32G 29.1 GiB 
+mmc0: new high speed SDHC card at address aaaa
 mmcblk1boot0: mmc1:0001 SEM32G partition 1 4.00 MiB
+mmcblk0: mmc0:aaaa SL16G 14.8 GiB 
 mmcblk1boot1: mmc1:0001 SEM32G partition 2 4.00 MiB
 mmcblk1rpmb: mmc1:0001 SEM32G partition 3 4.00 MiB, chardev (247:0)
  mmcblk1: p1 p2 p3 p4 p5 p6 p7 p8
-iommu: Adding device 70080400.i2s to group 58
+ mmcblk0: p1 p2 p3
 tegra30-i2s 70080400.i2s: DMA channels sourced from device 70080000.ahub
 tegra-snd-rt5640 sound: rt5640-aif1 <-> 70080400.i2s mapping ok
 input: NVIDIA Tegra Dalmore Headphones as /devices/soc0/sound/sound/card0/input0
@@ -388,7 +332,7 @@
 hub 1-0:1.0: USB hub found
 hub 1-0:1.0: 1 port detected
 input: gpio-keys as /devices/soc0/gpio-keys/input/input1
-palmas-rtc 7000d000.i2c:tps65913@58:rtc: setting system clock to 2000-06-21 04:36:45 UTC (961562205)
+palmas-rtc 7000d000.i2c:tps65913@58:rtc: setting system clock to 2000-07-05 06:39:38 UTC (962779178)
 cfg80211: Loading compiled-in X.509 certificates for regulatory database
 cfg80211: Loaded X.509 cert 'sforshee: 00b28ddf47aef9cea7'
 platform regulatory.0: Direct firmware load for regulatory.db failed with error -2
@@ -401,9 +345,10 @@
 EXT4-fs (mmcblk1p1): mounting ext3 file system using the ext4 subsystem
 EXT4-fs (mmcblk1p1): recovery complete
 EXT4-fs (mmcblk1p1): mounted filesystem with ordered data mode. Opts: (null)
-VFS: Mounted root (ext3 filesystem) on device 179:17.
+VFS: Mounted root (ext3 filesystem) on device 179:1.
 devtmpfs: mounted
 Freeing unused kernel memory: 1024K
 bash: cannot set terminal process group (-1): Inappropriate ioctl for device
 bash: no job control in this shell
-root@(none):/# [    3.171077] usb 1-1: new high-speed USB device number 2 using tegra-ehci
+root@(none):/# [    2.809463] usb 1-1: new high-speed USB device number 2 using tegra-ehci
+asix 1-1:1.0 eth0: register 'asix' at usb-7d008000.usb-1, ASIX AX88772 USB 2.0 Ethernet, 00:50:b6:0d:b5:16
Diff for ./tegra124-jetson-tk1/tegra124-jetson-tk1/multi_v7_defconfig_log.txt
--- /tmp/fooa	2018-02-11 15:51:31.308460005 -0800
+++ /tmp/foob	2018-02-11 15:51:31.308460005 -0800
@@ -34,21 +34,21 @@
 	 #################################################################
 	 #################################################################
 	 #################################################################
-	 ##############################
+	 ####################################
 	 3.9 MiB/s
 done
-Bytes transferred = 8065536 (7b1200 hex)
+Bytes transferred = 8159744 (7c8200 hex)
 Tegra124 (Jetson TK1) # tftpboot 0x83000000 tegra124-jetson-tk1.dtb
 Using eth_rtl8169 device
 TFTP from server 192.168.100.1; our IP address is 192.168.100.102
 Filename 'tegra124-jetson-tk1.dtb'.
 Load address: 0x83000000
 Loading: *#####
-	 3.7 MiB/s
+	 3.5 MiB/s
 done
 Bytes transferred = 66544 (103f0 hex)
 Tegra124 (Jetson TK1) # bootz 0x82000000 - 0x83000000
-Kernel image @ 0x82000000 [ 0x000000 - 0x7b1200 ]
+Kernel image @ 0x82000000 [ 0x000000 - 0x7c8200 ]
 ## Flattened Device Tree blob at 83000000
    Booting using the fdt blob at 0x83000000
    Using Device Tree in place at 83000000, end 830133ef
@@ -56,7 +56,7 @@
 Starting kernel ...
 
 Booting Linux on physical CPU 0x0
-Linux version 4.15.0-336172-gd8a5b80568a9 (jonathanh@tamien) (gcc version 4.7.3 20130328 (prerelease) (crosstool-NG linaro-1.13.1-4.7-2013.04-20130415 - Linaro GCC 2013.04)) #1 SMP Sun Jan 28 13:34:20 PST 2018
+Linux version 4.16.0-rc1-348826-g7928b2cbe55b (jonathanh@tamien) (gcc version 4.7.3 20130328 (prerelease) (crosstool-NG linaro-1.13.1-4.7-2013.04-20130415 - Linaro GCC 2013.04)) #1 SMP Sun Feb 11 15:35:47 PST 2018
 CPU: ARMv7 Processor [413fc0f3] revision 3 (ARMv7), cr=10c5387d
 CPU: div instructions available: patching division code
 CPU: PIPT / VIPT nonaliasing data cache, PIPT instruction cache
@@ -72,14 +72,14 @@
   DMA zone: 196608 pages, LIFO batch:31
   HighMem zone: 327424 pages, LIFO batch:31
 random: fast init done
-percpu: Embedded 17 pages/cpu @(ptrval) s39104 r8192 d22336 u69632
-pcpu-alloc: s39104 r8192 d22336 u69632 alloc=17*4096
+percpu: Embedded 17 pages/cpu @(ptrval) s39232 r8192 d22208 u69632
+pcpu-alloc: s39232 r8192 d22208 u69632 alloc=17*4096
 pcpu-alloc: [0] 0 [0] 1 [0] 2 [0] 3 
 Built 1 zonelists, mobility grouping on.  Total pages: 522496
 Kernel command line: ignore_loglevel console=ttyS0,115200n8 rw root=PARTUUID=b1791faa-84e8-4e27-83a1-9fb0a77e8803 rootwait gpt debug noinitrd earlyprintk init=/bin/bash
 Dentry cache hash table entries: 131072 (order: 7, 524288 bytes)
 Inode-cache hash table entries: 65536 (order: 6, 262144 bytes)
-Memory: 1992440K/2096128K available (11264K kernel code, 1602K rwdata, 4296K rodata, 2048K init, 404K bss, 38152K reserved, 65536K cma-reserved, 1244160K highmem)
+Memory: 1992472K/2096128K available (11264K kernel code, 1570K rwdata, 4348K rodata, 2048K init, 405K bss, 38120K reserved, 65536K cma-reserved, 1244160K highmem)
 Virtual kernel memory layout:
     vector  : 0xffff0000 - 0xffff1000   (   4 kB)
     fixmap  : 0xffc00000 - 0xfff00000   (3072 kB)
@@ -89,8 +89,8 @@
     modules : 0xbf000000 - 0xbfe00000   (  14 MB)
       .text : 0x(ptrval) - 0x(ptrval)   (12256 kB)
       .init : 0x(ptrval) - 0x(ptrval)   (2048 kB)
-      .data : 0x(ptrval) - 0x(ptrval)   (1603 kB)
-       .bss : 0x(ptrval) - 0x(ptrval)   ( 405 kB)
+      .data : 0x(ptrval) - 0x(ptrval)   (1571 kB)
+       .bss : 0x(ptrval) - 0x(ptrval)   ( 406 kB)
 SLUB: HWalign=64, Order=0-3, MinObjects=0, CPUs=4, Nodes=1
 Hierarchical RCU implementation.
 	RCU event tracing is enabled.
@@ -141,69 +141,10 @@
 hw-breakpoint: found 5 (+1 reserved) breakpoint and 4 watchpoint registers.
 hw-breakpoint: maximum watchpoint size is 8 bytes.
 Serial: AMBA PL011 UART driver
-iommu: Adding device reg-dummy to group 0
-iommu: Adding device 1003000.pcie to group 1
-iommu: Adding device 50000000.host1x to group 2
-iommu: Adding device 54200000.dc to group 3
-iommu: Adding device 54240000.dc to group 4
-iommu: Adding device 54280000.hdmi to group 5
-iommu: Adding device 57000000.gpu to group 6
-iommu: Adding device 60005000.timer to group 7
-iommu: Adding device 60007000.flow-controller to group 8
-iommu: Adding device 6000c800.actmon to group 9
-iommu: Adding device 6000d000.gpio to group 10
-iommu: Adding device 60020000.dma to group 11
-iommu: Adding device 70000800.apbmisc to group 12
-iommu: Adding device 70000868.pinmux to group 13
-iommu: Adding device 70006000.serial to group 14
-iommu: Adding device 70006040.serial to group 15
-iommu: Adding device 70006300.serial to group 16
-iommu: Adding device 7000c000.i2c to group 17
-iommu: Adding device 7000c400.i2c to group 18
-iommu: Adding device 7000c500.i2c to group 19
-iommu: Adding device 7000c700.i2c to group 20
-iommu: Adding device 7000d000.i2c to group 21
-iommu: Adding device 7000d400.spi to group 22
-iommu: Adding device 7000da00.spi to group 23
-iommu: Adding device 7000e000.rtc to group 24
-iommu: Adding device 7000e400.pmc to group 25
-iommu: Adding device 7000f800.fuse to group 26
-iommu: Adding device 70019000.memory-controller to group 27
-iommu: Adding device 7001b000.emc to group 28
-iommu: Adding device 70027000.sata to group 29
-iommu: Adding device 70030000.hda to group 30
-iommu: Adding device 70090000.usb to group 31
-iommu: Adding device 7009f000.padctl to group 32
-iommu: Adding device 700b0400.sdhci to group 33
-iommu: Adding device 700b0600.sdhci to group 34
-iommu: Adding device 70015000.cec to group 35
-iommu: Adding device 700e2000.thermal-sensor to group 36
-iommu: Adding device 70110000.clock to group 37
-iommu: Adding device 70300000.ahub to group 38
-iommu: Adding device 7d000000.usb to group 39
-iommu: Adding device 7d000000.usb-phy to group 40
-iommu: Adding device 7d004000.usb to group 41
-iommu: Adding device 7d004000.usb-phy to group 42
-iommu: Adding device 7d008000.usb to group 43
-iommu: Adding device 7d008000.usb-phy to group 44
-iommu: Adding device pmu to group 45
-iommu: Adding device timer to group 46
-iommu: Adding device clocks to group 47
-iommu: Adding device gpio-keys to group 48
-iommu: Adding device regulators to group 49
-iommu: Adding device regulators:regulator@0 to group 50
-iommu: Adding device regulators:regulator@1 to group 51
-iommu: Adding device regulators:regulator@2 to group 52
-iommu: Adding device regulators:regulator@3 to group 53
-iommu: Adding device regulators:regulator@4 to group 54
-iommu: Adding device regulators:regulator@7 to group 55
-iommu: Adding device regulators:regulator@8 to group 56
-iommu: Adding device regulators:regulator@10 to group 57
-iommu: Adding device regulators:regulator@11 to group 58
-iommu: Adding device regulators:regulator@12 to group 59
-iommu: Adding device regulators:regulator@13 to group 60
-iommu: Adding device regulators:regulator@14 to group 61
-iommu: Adding device sound to group 62
+iommu: Adding device 50000000.host1x to group 0
+iommu: Adding device 54200000.dc to group 1
+iommu: Adding device 54240000.dc to group 1
+iommu: Adding device 57000000.gpu to group 2
 AT91: Could not find identification node
 +5V_SYS: supplied by +VDD_MUX
 +3.3V_SYS: supplied by +VDD_MUX
@@ -229,9 +170,9 @@
 pps_core: Software ver. 5.3.6 - Copyright 2005-2007 Rodolfo Giometti <giometti@linux.it>
 PTP clock support registered
 EDAC MC: Ver: 3.0.0
-dmi: Firmware registration failed.
 clocksource: Switched to clocksource arch_sys_counter
 NET: Registered protocol family 2
+tcp_listen_portaddr_hash hash table entries: 512 (order: 0, 6144 bytes)
 TCP established hash table entries: 8192 (order: 3, 32768 bytes)
 TCP bind hash table entries: 8192 (order: 4, 65536 bytes)
 TCP: Hash tables configured (established 8192 bind 8192)
@@ -244,7 +185,6 @@
 RPC: Registered tcp NFSv4.1 backchannel transport module.
 PCI: CLS 0 bytes, default 64
 hw perfevents: enabled with armv7_cortex_a15 PMU driver, 7 counters available
-iommu: Adding device alarmtimer to group 63
 Initialise system trusted keyrings
 workingset: timestamp_bits=30 max_order=19 bucket_order=0
 squashfs: version 4.0 (2009/01/31) Phillip Lougher
@@ -255,7 +195,7 @@
 Key type asymmetric registered
 Asymmetric key parser 'x509' registered
 bounce: pool size: 64 pages
-Block layer SCSI generic (bsg) driver version 0.4 loaded (major 247)
+Block layer SCSI generic (bsg) driver version 0.4 loaded (major 246)
 io scheduler noop registered
 io scheduler deadline registered
 io scheduler cfq registered (default)
@@ -270,7 +210,6 @@
 tegra-apbdma 60020000.dma: Tegra20 APB DMA driver register 32 channels
 tegra-pmc 7000e400.pmc: emergency thermal reset enabled
 Serial: 8250/16550 driver, 4 ports, IRQ sharing disabled
-iommu: Adding device serial8250 to group 64
 console [ttyS0] disabled
 70006300.serial: ttyS0 at MMIO 0x70006300 (irq = 335, base_baud = 25500000) is a Tegra
 console [ttyS0] enabled
@@ -279,13 +218,13 @@
 STMicroelectronics ASC driver initialized
 70006000.serial: ttyTHS1 at MMIO 0x70006000 (irq = 333, base_baud = 0) is a TEGRA_UART
 70006040.serial: ttyTHS2 at MMIO 0x70006040 (irq = 334, base_baud = 0) is a TEGRA_UART
+Failed to attached device 54200000.dc to IOMMU_mapping
+Failed to attached device 54240000.dc to IOMMU_mapping
 tegra-hdmi 54280000.hdmi: failed to get HDMI regulator
 brd: module loaded
 loop: module loaded
 at24 0-0056: 256 byte 24c02 EEPROM, writable, 8 bytes/write
 as3722 4-0040: AS3722 with revision 0x1 found
-iommu: Adding device as3722-pinctrl to group 65
-iommu: Adding device as3722-regulator to group 66
 as3722-sd2: supplied by +5V_SYS
 as3722-sd3: supplied by +5V_SYS
 +1.35V_LP0(sd3): Bringing 0uV into 1350000-1350000uV
@@ -303,13 +242,8 @@
 +VDDIO_SDMMC3: bypassed regulator has no supply!
 +VDDIO_SDMMC3: failed to get the current voltage(-517)
 as3722-regulator as3722-regulator: regulator 13 register failed -517
-iommu: Adding device as3722-rtc to group 67
-iommu: Adding device as3722-adc to group 68
-iommu: Adding device as3722-power-off to group 69
-iommu: Adding device as3722-wdt to group 70
 tegra-ahci 70027000.sata: couldn't get PHY in node sata: -517
 m25p80 spi1.0: w25q32dw (4096 Kbytes)
-iommu: Adding device Fixed MDIO bus.0 to group 71
 libphy: Fixed MDIO Bus: probed
 CAN device driver interface
 bgmac_bcma: Broadcom 47xx GBit MAC driver loaded
@@ -352,14 +286,12 @@
 ohci-st: OHCI STMicroelectronics driver
 ohci-atmel: OHCI Atmel driver
 usbcore: registered new interface driver usb-storage
-iommu: Adding device ci_hdrc.0 to group 72
 as3722-rtc as3722-rtc: rtc core: registered as3722-rtc as rtc0
 as3722-rtc as3722-rtc: RTC interrupt 379
 tegra_rtc 7000e000.rtc: rtc core: registered 7000e000.rtc as rtc1
 tegra_rtc 7000e000.rtc: Tegra internal Real Time Clock
 i2c /dev entries driver
 lm90 0-004c: 0-004c supply vcc not found, using dummy regulator
-iommu: Adding device cpufreq-tegra124 to group 73
 sdhci: Secure Digital Host Controller Interface driver
 sdhci: Copyright(c) Pierre Ossman
 Synopsys Designware Multimedia Card Interface Driver
@@ -393,7 +325,6 @@
 +5V_HDMI_CON: supplied by +5V_SYS
 +5V_SATA: supplied by +5V_SYS
 +12V_SATA: supplied by +VDD_MUX
-mmc0: new high speed MMC card at address 0001
  usb2-0: usb2-0 supply vbus not found, using dummy regulator
  usb2-1: usb2-1 supply vbus not found, using dummy regulator
  usb3-0: usb3-0 supply vbus not found, using dummy regulator
@@ -420,9 +351,15 @@
 +2.8V_RUN_CAM_AF: Bringing 0uV into 2800000-2800000uV
 as3722-ldo11: supplied by +3.3V_RUN
 +1.8V_RUN_VPP_FUSE: Bringing 0uV into 1800000-1800000uV
+mmc0: new high speed MMC card at address 0001
+mmcblk0: mmc0:0001 SEM16G 14.7 GiB 
+mmcblk0boot0: mmc0:0001 SEM16G partition 1 4.00 MiB
+mmcblk0boot1: mmc0:0001 SEM16G partition 2 4.00 MiB
+mmcblk0rpmb: mmc0:0001 SEM16G partition 3 4.00 MiB, chardev (236:0)
 tegra-ahci 70027000.sata: AHCI 0001.0301 32 slots 2 ports 3 Gbps 0x1 impl platform mode
 tegra-ahci 70027000.sata: flags: 64bit ncq sntf pm led pio slum part sadm sds apst 
 scsi host0: tegra-ahci
+ mmcblk0: p1
 scsi host1: tegra-ahci
 ata1: SATA max UDMA/133 mmio [mem 0x70027000-0x70028fff] port 0x100 irq 345
 ata2: DUMMY
@@ -460,6 +397,7 @@
 pci_bus 0000:00: 2-byte config write to 0000:00:02.0 offset 0x4 may corrupt adjacent RW1C bits
 pci 0000:00:02.0: enabling Extended Tags
 pci_bus 0000:00: 2-byte config write to 0000:00:02.0 offset 0x88 may corrupt adjacent RW1C bits
+ata1: SATA link down (SStatus 0 SControl 300)
 pci_bus 0000:00: 2-byte config write to 0000:00:02.0 offset 0x52 may corrupt adjacent RW1C bits
 pci 0000:00:02.0: PME# supported from D0 D1 D2 D3hot D3cold
 pci_bus 0000:00: 2-byte config write to 0000:00:02.0 offset 0x4c may corrupt adjacent RW1C bits
@@ -468,12 +406,18 @@
 pci 0000:00:02.0: bridge configuration invalid ([bus 00-00]), reconfiguring
 pci 0000:01:00.0: [8086:4232] type 00 class 0x028000
 pci 0000:01:00.0: reg 0x10: [mem 0x00000000-0x00001fff 64bit]
+pci 0000:01:00.0: PME# supported from D0 D3hot D3cold
+mmc1: new high speed SDHC card at address aaaa
+mmcblk1: mmc1:aaaa SD04G 3.69 GiB 
 PCI: bus1: Fast back to back transfers disabled
 pci_bus 0000:01: busn_res: [bus 01-ff] end is updated to 01
 pci 0000:02:00.0: [10ec:8168] type 00 class 0x020000
 pci 0000:02:00.0: reg 0x10: [io  0x0000-0x00ff]
 pci 0000:02:00.0: reg 0x18: [mem 0x00000000-0x00000fff 64bit]
 pci 0000:02:00.0: reg 0x20: [mem 0x00000000-0x00003fff 64bit pref]
+pci 0000:02:00.0: supports D1 D2
+pci 0000:02:00.0: PME# supported from D0 D1 D2 D3hot D3cold
+ mmcblk1: p1 p2 p3
 PCI: bus2: Fast back to back transfers disabled
 pci_bus 0000:02: busn_res: [bus 02-ff] end is updated to 02
 pci 0000:00:01.0: BAR 8: assigned [mem 0x13000000-0x130fffff]
@@ -498,19 +442,19 @@
 pcieport 0000:00:02.0: Signaling PME with IRQ 396
 r8169 Gigabit Ethernet driver 2.3LK-NAPI loaded
 r8169 0000:02:00.0: enabling device (0140 -> 0143)
-r8169 0000:02:00.0 (unnamed net_device) (uninitialized): not PCI Express
-r8169 0000:02:00.0 eth0: RTL8168g/8111g at 0x96892fb0, 00:04:4b:3a:d9:81, XID 0c000800 IRQ 22
+r8169 0000:02:00.0 eth0: RTL8168g/8111g at 0x0350b9a0, 00:04:4b:3a:d9:81, XID 0c000800 IRQ 397
 r8169 0000:02:00.0 eth0: jumbo features [frames: 9200 bytes, tx checksumming: ko]
 +1.05V_RUN_AVDD_HDMI_PLL: supplied by +1.05V_RUN
 [drm] Supports vblank timestamp caching Rev 2 (21.10.2013).
 [drm] No driver support for vblank timestamp query.
-[drm] Cannot find any crtc or sizes
+tegra-hdmi 54280000.hdmi: cannot set audio to 48000 Hz at 297000000 Hz pixel clock
+Console: switching to colour frame buffer device 512x135
+drm drm: fb0:  frame buffer device
 [drm] Initialized tegra 0.0.0 20120330 for drm on minor 0
-iommu: Adding device cpufreq-dt.0 to group 74
 cpufreq: cpufreq_online: CPU0: Running at unlisted freq: 696000 KHz
 cpufreq: cpufreq_online: CPU0: Unlisted initial frequency changed to: 714000 KHz
 input: gpio-keys as /devices/soc0/gpio-keys/input/input0
-as3722-rtc as3722-rtc: setting system clock to 2000-01-01 00:04:42 UTC (946685082)
+as3722-rtc as3722-rtc: setting system clock to 2000-01-01 00:04:19 UTC (946685059)
 +USB0_VBUS_SW: disabling
 +1.8V_RUN_CAM: disabling
 +2.8V_RUN_CAM: disabling
@@ -519,24 +463,12 @@
 +3.3V_RUN_TOUCH: disabling
 +2.8V_RUN_CAM_AF: disabling
 +1.8V_RUN_VPP_FUSE: disabling
-tegra-hdmi 54280000.hdmi: cannot set audio to 48000 Hz at 297000000 Hz pixel clock
-mmc1: new high speed SDHC card at address aaaa
-mmcblk1: mmc1:aaaa SD04G 3.69 GiB 
-ata1: SATA link down (SStatus 0 SControl 300)
- mmcblk1: p1 p2 p3
-mmcblk0: mmc0:0001 SEM16G 14.7 GiB 
-mmcblk0boot0: mmc0:0001 SEM16G partition 1 4.00 MiB
-mmcblk0boot1: mmc0:0001 SEM16G partition 2 4.00 MiB
-mmcblk0rpmb: mmc0:0001 SEM16G partition 3 4.00 MiB, chardev (237:0)
- mmcblk0: p1
 EXT4-fs (mmcblk0p1): mounting ext3 file system using the ext4 subsystem
-Console: switching to colour frame buffer device 512x135
 EXT4-fs (mmcblk0p1): recovery complete
 EXT4-fs (mmcblk0p1): mounted filesystem with ordered data mode. Opts: (null)
-VFS: Mounted root (ext3 filesystem) on device 179:17.
+VFS: Mounted root (ext3 filesystem) on device 179:1.
 devtmpfs: mounted
 Freeing unused kernel memory: 2048K
-drm drm: fb0:  frame buffer device
 bash: cannot set terminal process group (-1): Inappropriate ioctl for device
 bash: no job control in this shell
 root@(none):/# 
\ No newline at end of file
Diff for ./tegra124-jetson-tk1/tegra124-jetson-tk1/tegra_defconfig_log.txt
--- /tmp/fooa	2018-02-11 15:51:31.316460043 -0800
+++ /tmp/foob	2018-02-11 15:51:31.320460062 -0800
@@ -32,21 +32,21 @@
 	 #################################################################
 	 #################################################################
 	 #################################################################
-	 ###############################
-	 3.9 MiB/s
+	 ##################################
+	 4 MiB/s
 done
-Bytes transferred = 6171744 (5e2c60 hex)
+Bytes transferred = 6216816 (5edc70 hex)
 Tegra124 (Jetson TK1) # tftpboot 0x83000000 tegra124-jetson-tk1.dtb
 Using eth_rtl8169 device
 TFTP from server 192.168.100.1; our IP address is 192.168.100.102
 Filename 'tegra124-jetson-tk1.dtb'.
 Load address: 0x83000000
 Loading: *#####
-	 3.7 MiB/s
+	 4 MiB/s
 done
 Bytes transferred = 66544 (103f0 hex)
 Tegra124 (Jetson TK1) # bootz 0x82000000 - 0x83000000
-Kernel image @ 0x82000000 [ 0x000000 - 0x5e2c60 ]
+Kernel image @ 0x82000000 [ 0x000000 - 0x5edc70 ]
 ## Flattened Device Tree blob at 83000000
    Booting using the fdt blob at 0x83000000
    Using Device Tree in place at 83000000, end 830133ef
@@ -54,7 +54,7 @@
 Starting kernel ...
 
 Booting Linux on physical CPU 0x0
-Linux version 4.15.0-16223-gd8a5b80 (jonathanh@kaivo) (gcc version 4.7.3 20130328 (prerelease) (crosstool-NG linaro-1.13.1-4.7-2013.04-20130415 - Linaro GCC 2013.04)) #1 SMP PREEMPT Sun Jan 28 13:33:14 PST 2018
+Linux version 4.16.0-rc1-28877-g7928b2c (jonathanh@kaivo) (gcc version 4.7.3 20130328 (prerelease) (crosstool-NG linaro-1.13.1-4.7-2013.04-20130415 - Linaro GCC 2013.04)) #1 SMP PREEMPT Sun Feb 11 15:34:51 PST 2018
 CPU: ARMv7 Processor [413fc0f3] revision 3 (ARMv7), cr=10c5387d
 CPU: div instructions available: patching division code
 CPU: PIPT / VIPT nonaliasing data cache, PIPT instruction cache
@@ -69,14 +69,14 @@
   Normal zone: 196608 pages, LIFO batch:31
   HighMem zone: 327424 pages, LIFO batch:31
 random: fast init done
-percpu: Embedded 17 pages/cpu @(ptrval) s39168 r8192 d22272 u69632
-pcpu-alloc: s39168 r8192 d22272 u69632 alloc=17*4096
+percpu: Embedded 17 pages/cpu @(ptrval) s39296 r8192 d22144 u69632
+pcpu-alloc: s39296 r8192 d22144 u69632 alloc=17*4096
 pcpu-alloc: [0] 0 [0] 1 [0] 2 [0] 3 
 Built 1 zonelists, mobility grouping on.  Total pages: 522496
 Kernel command line: ignore_loglevel console=ttyS0,115200n8 rw root=PARTUUID=b1791faa-84e8-4e27-83a1-9fb0a77e8803 rootwait gpt debug noinitrd earlyprintk init=/bin/bash
 Dentry cache hash table entries: 131072 (order: 7, 524288 bytes)
 Inode-cache hash table entries: 65536 (order: 6, 262144 bytes)
-Memory: 1998492K/2096128K available (9216K kernel code, 778K rwdata, 2560K rodata, 1024K init, 299K bss, 32100K reserved, 65536K cma-reserved, 1244160K highmem)
+Memory: 1998488K/2096128K available (9216K kernel code, 783K rwdata, 2584K rodata, 1024K init, 298K bss, 32104K reserved, 65536K cma-reserved, 1244160K highmem)
 Virtual kernel memory layout:
     vector  : 0xffff0000 - 0xffff1000   (   4 kB)
     fixmap  : 0xffc00000 - 0xfff00000   (3072 kB)
@@ -86,8 +86,8 @@
     modules : 0xbf000000 - 0xbfe00000   (  14 MB)
       .text : 0x(ptrval) - 0x(ptrval)   (10208 kB)
       .init : 0x(ptrval) - 0x(ptrval)   (1024 kB)
-      .data : 0x(ptrval) - 0x(ptrval)   ( 779 kB)
-       .bss : 0x(ptrval) - 0x(ptrval)   ( 300 kB)
+      .data : 0x(ptrval) - 0x(ptrval)   ( 784 kB)
+       .bss : 0x(ptrval) - 0x(ptrval)   ( 299 kB)
 Preemptible hierarchical RCU implementation.
 	Tasks RCU enabled.
 NR_IRQS: 16, nr_irqs: 16, preallocated irqs: 16
@@ -132,69 +132,10 @@
 No ATAGs?
 hw-breakpoint: found 5 (+1 reserved) breakpoint and 4 watchpoint registers.
 hw-breakpoint: maximum watchpoint size is 8 bytes.
-iommu: Adding device reg-dummy to group 0
-iommu: Adding device 1003000.pcie to group 1
-iommu: Adding device 50000000.host1x to group 2
-iommu: Adding device 54200000.dc to group 3
-iommu: Adding device 54240000.dc to group 4
-iommu: Adding device 54280000.hdmi to group 5
-iommu: Adding device 57000000.gpu to group 6
-iommu: Adding device 60005000.timer to group 7
-iommu: Adding device 60007000.flow-controller to group 8
-iommu: Adding device 6000c800.actmon to group 9
-iommu: Adding device 6000d000.gpio to group 10
-iommu: Adding device 60020000.dma to group 11
-iommu: Adding device 70000800.apbmisc to group 12
-iommu: Adding device 70000868.pinmux to group 13
-iommu: Adding device 70006000.serial to group 14
-iommu: Adding device 70006040.serial to group 15
-iommu: Adding device 70006300.serial to group 16
-iommu: Adding device 7000c000.i2c to group 17
-iommu: Adding device 7000c400.i2c to group 18
-iommu: Adding device 7000c500.i2c to group 19
-iommu: Adding device 7000c700.i2c to group 20
-iommu: Adding device 7000d000.i2c to group 21
-iommu: Adding device 7000d400.spi to group 22
-iommu: Adding device 7000da00.spi to group 23
-iommu: Adding device 7000e000.rtc to group 24
-iommu: Adding device 7000e400.pmc to group 25
-iommu: Adding device 7000f800.fuse to group 26
-iommu: Adding device 70019000.memory-controller to group 27
-iommu: Adding device 7001b000.emc to group 28
-iommu: Adding device 70027000.sata to group 29
-iommu: Adding device 70030000.hda to group 30
-iommu: Adding device 70090000.usb to group 31
-iommu: Adding device 7009f000.padctl to group 32
-iommu: Adding device 700b0400.sdhci to group 33
-iommu: Adding device 700b0600.sdhci to group 34
-iommu: Adding device 70015000.cec to group 35
-iommu: Adding device 700e2000.thermal-sensor to group 36
-iommu: Adding device 70110000.clock to group 37
-iommu: Adding device 70300000.ahub to group 38
-iommu: Adding device 7d000000.usb to group 39
-iommu: Adding device 7d000000.usb-phy to group 40
-iommu: Adding device 7d004000.usb to group 41
-iommu: Adding device 7d004000.usb-phy to group 42
-iommu: Adding device 7d008000.usb to group 43
-iommu: Adding device 7d008000.usb-phy to group 44
-iommu: Adding device pmu to group 45
-iommu: Adding device timer to group 46
-iommu: Adding device clocks to group 47
-iommu: Adding device gpio-keys to group 48
-iommu: Adding device regulators to group 49
-iommu: Adding device regulators:regulator@0 to group 50
-iommu: Adding device regulators:regulator@1 to group 51
-iommu: Adding device regulators:regulator@2 to group 52
-iommu: Adding device regulators:regulator@3 to group 53
-iommu: Adding device regulators:regulator@4 to group 54
-iommu: Adding device regulators:regulator@7 to group 55
-iommu: Adding device regulators:regulator@8 to group 56
-iommu: Adding device regulators:regulator@10 to group 57
-iommu: Adding device regulators:regulator@11 to group 58
-iommu: Adding device regulators:regulator@12 to group 59
-iommu: Adding device regulators:regulator@13 to group 60
-iommu: Adding device regulators:regulator@14 to group 61
-iommu: Adding device sound to group 62
+iommu: Adding device 50000000.host1x to group 0
+iommu: Adding device 54200000.dc to group 1
+iommu: Adding device 54240000.dc to group 1
+iommu: Adding device 57000000.gpu to group 2
 +5V_SYS: supplied by +VDD_MUX
 +3.3V_SYS: supplied by +VDD_MUX
 +USB0_VBUS_SW: Failed to request enable GPIO108: -517
@@ -228,6 +169,7 @@
 Bluetooth: SCO socket layer initialized
 clocksource: Switched to clocksource arch_sys_counter
 NET: Registered protocol family 2
+tcp_listen_portaddr_hash hash table entries: 512 (order: 0, 6144 bytes)
 TCP established hash table entries: 8192 (order: 3, 32768 bytes)
 TCP bind hash table entries: 8192 (order: 4, 65536 bytes)
 TCP: Hash tables configured (established 8192 bind 8192)
@@ -238,10 +180,8 @@
 RPC: Registered udp transport module.
 RPC: Registered tcp transport module.
 RPC: Registered tcp NFSv4.1 backchannel transport module.
-iommu: Adding device regulatory.0 to group 63
 PCI: CLS 0 bytes, default 64
 hw perfevents: enabled with armv7_cortex_a15 PMU driver, 7 counters available
-iommu: Adding device alarmtimer to group 64
 Initialise system trusted keyrings
 workingset: timestamp_bits=30 max_order=19 bucket_order=0
 squashfs: version 4.0 (2009/01/31) Phillip Lougher
@@ -263,7 +203,6 @@
 tegra-apbdma 60020000.dma: Tegra20 APB DMA driver register 32 channels
 tegra-pmc 7000e400.pmc: emergency thermal reset enabled
 Serial: 8250/16550 driver, 4 ports, IRQ sharing disabled
-iommu: Adding device serial8250 to group 65
 console [ttyS0] disabled
 70006300.serial: ttyS0 at MMIO 0x70006300 (irq = 335, base_baud = 25500000) is a Tegra
 console [ttyS0] enabled
@@ -276,8 +215,6 @@
 loop: module loaded
 at24 0-0056: 256 byte 24c02 EEPROM, writable, 8 bytes/write
 as3722 4-0040: AS3722 with revision 0x1 found
-iommu: Adding device as3722-pinctrl to group 66
-iommu: Adding device as3722-regulator to group 67
 as3722-sd2: supplied by +5V_SYS
 as3722-sd3: supplied by +5V_SYS
 +1.35V_LP0(sd3): Bringing 0uV into 1350000-1350000uV
@@ -295,13 +232,8 @@
 +VDDIO_SDMMC3: bypassed regulator has no supply!
 +VDDIO_SDMMC3: failed to get the current voltage(-517)
 as3722-regulator as3722-regulator: regulator 13 register failed -517
-iommu: Adding device as3722-rtc to group 68
-iommu: Adding device as3722-adc to group 69
-iommu: Adding device as3722-power-off to group 70
-iommu: Adding device as3722-wdt to group 71
 tegra-ahci 70027000.sata: couldn't get PHY in node sata: -517
 m25p80 spi1.0: w25q32dw (4096 Kbytes)
-iommu: Adding device Fixed MDIO bus.0 to group 72
 libphy: Fixed MDIO Bus: probed
 CAN device driver interface
 igb: Intel(R) Gigabit Ethernet Network Driver - version 5.4.0-k
@@ -332,7 +264,6 @@
 cdc_acm: USB Abstract Control Model driver for USB modems and ISDN adapters
 usbcore: registered new interface driver cdc_wdm
 usbcore: registered new interface driver usb-storage
-iommu: Adding device ci_hdrc.0 to group 73
 as3722-rtc as3722-rtc: rtc core: registered as3722-rtc as rtc0
 as3722-rtc as3722-rtc: RTC interrupt 379
 tegra_rtc 7000e000.rtc: rtc core: registered 7000e000.rtc as rtc1
@@ -343,7 +274,6 @@
 gspca_main: v2.14.0 registered
 lm90 0-004c: 0-004c supply vcc not found, using dummy regulator
 tegra-wdt 60005000.timer: initialized (heartbeat = 120 sec, nowayout = 0)
-iommu: Adding device cpufreq-tegra124 to group 74
 sdhci: Secure Digital Host Controller Interface driver
 sdhci: Copyright(c) Pierre Ossman
 sdhci-pltfm: SDHCI platform and OF driver helper
@@ -354,14 +284,12 @@
 mmc0: SDHCI controller on 700b0600.sdhci [700b0600.sdhci] using ADMA
 usbcore: registered new interface driver usbhid
 usbhid: USB HID core driver
-iommu: Adding device snd-soc-dummy to group 75
 mmc0: new high speed MMC card at address 0001
 mmcblk0: mmc0:0001 SEM16G 14.7 GiB 
 mmcblk0boot0: mmc0:0001 SEM16G partition 1 4.00 MiB
 mmcblk0boot1: mmc0:0001 SEM16G partition 2 4.00 MiB
 mmcblk0rpmb: mmc0:0001 SEM16G partition 3 4.00 MiB, chardev (247:0)
  mmcblk0: p1
-iommu: Adding device 70301100.i2s to group 76
 tegra30-i2s 70301100.i2s: DMA channels sourced from device 70300000.ahub
 tegra-snd-rt5640 sound: rt5640-aif1 <-> 70301100.i2s mapping ok
 input: NVIDIA Tegra Jetson TK1 Headphones as /devices/soc0/sound/sound/card1/input0
@@ -410,11 +338,11 @@
 as3722-ldo3: supplied by +3.3V_SYS
 as3722-ldo4: supplied by +3.3V_SYS
 as3722-ldo5: supplied by +1.8V_VDDIO
-input: tegra-hda HDMI/DP,pcm=3 as /devices/soc0/70030000.hda/sound/card0/input1
 as3722-ldo6: supplied by +3.3V_RUN
 as3722-ldo7: supplied by +1.8V_VDDIO
 +1.05V_RUN_CAM_REAR: Bringing 0uV into 1050000-1050000uV
 as3722-ldo9: supplied by +5V_SYS
+input: tegra-hda HDMI/DP,pcm=3 as /devices/soc0/70030000.hda/sound/card0/input1
 +3.3V_RUN_TOUCH: Bringing 0uV into 2800000-2800000uV
 as3722-ldo10: supplied by +5V_SYS
 +2.8V_RUN_CAM_AF: Bringing 0uV into 2800000-2800000uV
@@ -455,11 +383,11 @@
 pci_bus 0000:00: 2-byte config write to 0000:00:01.0 offset 0x4 may corrupt adjacent RW1C bits
 pci_bus 0000:00: 2-byte config write to 0000:00:01.0 offset 0x4 may corrupt adjacent RW1C bits
 pci 0000:00:01.0: enabling Extended Tags
-ata1: SATA link down (SStatus 0 SControl 300)
 pci_bus 0000:00: 2-byte config write to 0000:00:01.0 offset 0x88 may corrupt adjacent RW1C bits
 pci_bus 0000:00: 2-byte config write to 0000:00:01.0 offset 0x52 may corrupt adjacent RW1C bits
 pci 0000:00:01.0: PME# supported from D0 D1 D2 D3hot D3cold
 pci_bus 0000:00: 2-byte config write to 0000:00:01.0 offset 0x4c may corrupt adjacent RW1C bits
+ata1: SATA link down (SStatus 0 SControl 300)
 pci 0000:00:02.0: [10de:0e13] type 01 class 0x060400
 pci_bus 0000:00: 2-byte config write to 0000:00:02.0 offset 0x4 may corrupt adjacent RW1C bits
 pci_bus 0000:00: 2-byte config write to 0000:00:02.0 offset 0x4 may corrupt adjacent RW1C bits
@@ -473,14 +401,18 @@
 pci 0000:00:02.0: bridge configuration invalid ([bus 00-00]), reconfiguring
 pci 0000:01:00.0: [8086:4232] type 00 class 0x028000
 pci 0000:01:00.0: reg 0x10: [mem 0x00000000-0x00001fff 64bit]
+pci 0000:01:00.0: PME# supported from D0 D3hot D3cold
+mmc1: new high speed SDHC card at address aaaa
+mmcblk1: mmc1:aaaa SD04G 3.69 GiB 
 PCI: bus1: Fast back to back transfers disabled
 pci_bus 0000:01: busn_res: [bus 01-ff] end is updated to 01
 pci 0000:02:00.0: [10ec:8168] type 00 class 0x020000
 pci 0000:02:00.0: reg 0x10: [io  0x0000-0x00ff]
 pci 0000:02:00.0: reg 0x18: [mem 0x00000000-0x00000fff 64bit]
-mmc1: new high speed SDHC card at address aaaa
-mmcblk1: mmc1:aaaa SD04G 3.69 GiB 
 pci 0000:02:00.0: reg 0x20: [mem 0x00000000-0x00003fff 64bit pref]
+pci 0000:02:00.0: supports D1 D2
+pci 0000:02:00.0: PME# supported from D0 D1 D2 D3hot D3cold
+ mmcblk1: p1 p2 p3
 PCI: bus2: Fast back to back transfers disabled
 pci_bus 0000:02: busn_res: [bus 02-ff] end is updated to 02
 pci 0000:00:01.0: BAR 8: assigned [mem 0x13000000-0x130fffff]
@@ -498,7 +430,6 @@
 pci 0000:00:02.0:   bridge window [mem 0x13100000-0x131fffff]
 pci 0000:00:02.0:   bridge window [mem 0x20000000-0x200fffff 64bit pref]
 pci 0000:00:01.0: nv_msi_ht_cap_quirk didn't locate host bridge
- mmcblk1: p1 p2 p3
 pcieport 0000:00:01.0: enabling device (0140 -> 0142)
 pcieport 0000:00:01.0: Signaling PME with IRQ 395
 pci 0000:00:02.0: nv_msi_ht_cap_quirk didn't locate host bridge
@@ -506,8 +437,7 @@
 pcieport 0000:00:02.0: Signaling PME with IRQ 396
 r8169 Gigabit Ethernet driver 2.3LK-NAPI loaded
 r8169 0000:02:00.0: enabling device (0140 -> 0143)
-r8169 0000:02:00.0 (unnamed net_device) (uninitialized): not PCI Express
-r8169 0000:02:00.0 eth0: RTL8168g/8111g at 0x3c3eaba5, 00:04:4b:3a:d9:81, XID 0c000800 IRQ 22
+r8169 0000:02:00.0 eth0: RTL8168g/8111g at 0x11e7a3fe, 00:04:4b:3a:d9:81, XID 0c000800 IRQ 397
 r8169 0000:02:00.0 eth0: jumbo features [frames: 9200 bytes, tx checksumming: ko]
 +1.05V_RUN_AVDD_HDMI_PLL: supplied by +1.05V_RUN
 [drm] Supports vblank timestamp caching Rev 2 (21.10.2013).
@@ -516,14 +446,14 @@
 Console: switching to colour frame buffer device 512x135
 drm drm: fb0:  frame buffer device
 [drm] Initialized tegra 0.0.0 20120330 for drm on minor 0
-iommu: Adding device cpufreq-dt.0 to group 77
 cpufreq: cpufreq_online: CPU0: Running at unlisted freq: 696000 KHz
 cpufreq: cpufreq_online: CPU0: Unlisted initial frequency changed to: 714000 KHz
 input: gpio-keys as /devices/soc0/gpio-keys/input/input2
-as3722-rtc as3722-rtc: setting system clock to 2000-01-01 00:00:14 UTC (946684814)
+as3722-rtc as3722-rtc: setting system clock to 2000-01-01 00:00:13 UTC (946684813)
 cfg80211: Loading compiled-in X.509 certificates for regulatory database
 cfg80211: Loaded X.509 cert 'sforshee: 00b28ddf47aef9cea7'
 platform regulatory.0: Direct firmware load for regulatory.db failed with error -2
+cfg80211: failed to load regulatory.db
 +USB0_VBUS_SW: disabling
 +1.8V_RUN_CAM: disabling
 +2.8V_RUN_CAM: disabling
@@ -535,7 +465,6 @@
 ALSA device list:
   #0: tegra-hda at 0x70038000 irq 346
   #1: NVIDIA Tegra Jetson TK1
-cfg80211: failed to load regulatory.db
 EXT4-fs (mmcblk0p1): mounting ext3 file system using the ext4 subsystem
 EXT4-fs (mmcblk0p1): recovery complete
 EXT4-fs (mmcblk0p1): mounted filesystem with ordered data mode. Opts: (null)
Diff for ./tegra124-jetson-tk1/tegra124-jetson-tk1/tegra_defconfig%tegra-fw_log.txt
--- /tmp/fooa	2018-02-11 15:51:31.328460098 -0800
+++ /tmp/foob	2018-02-11 15:51:31.332460116 -0800
@@ -9,7 +9,7 @@
 Model: NVIDIA Jetson TK1
 Board: NVIDIA Jetson TK1
 DRAM:  2 GiB
-C:   Tegra SD/MMC: 0, Tegra SD/MMC: 1
+MC:   Tegra SD/MMC: 0, Tegra SD/MMC: 1
 In:    serial
 Out:   serial
 Err:   serial
@@ -32,10 +32,10 @@
 	 #################################################################
 	 #################################################################
 	 #################################################################
-	 ##########################################
-	 3.4 MiB/s
+	 #############################################
+	 4 MiB/s
 done
-Bytes transferred = 6337104 (60b250 hex)
+Bytes transferred = 6383728 (616870 hex)
 Tegra124 (Jetson TK1) # tftpboot 0x83000000 tegra124-jetson-tk1.dtb
 Using eth_rtl8169 device
 TFTP from server 192.168.100.1; our IP address is 192.168.100.102
@@ -46,7 +46,7 @@
 done
 Bytes transferred = 66544 (103f0 hex)
 Tegra124 (Jetson TK1) # bootz 0x82000000 - 0x83000000
-Kernel image @ 0x82000000 [ 0x000000 - 0x60b250 ]
+Kernel image @ 0x82000000 [ 0x000000 - 0x616870 ]
 ## Flattened Device Tree blob at 83000000
    Booting using the fdt blob at 0x83000000
    Using Device Tree in place at 83000000, end 830133ef
@@ -54,7 +54,7 @@
 Starting kernel ...
 
 Booting Linux on physical CPU 0x0
-Linux version 4.15.0-217931-gd8a5b80 (jonathanh@sellafield) (gcc version 4.7.3 20130328 (prerelease) (crosstool-NG linaro-1.13.1-4.7-2013.04-20130415 - Linaro GCC 2013.04)) #1 SMP PREEMPT Sun Jan 28 13:34:57 PST 2018
+Linux version 4.16.0-rc1-230585-g7928b2c (jonathanh@sellafield) (gcc version 4.7.3 20130328 (prerelease) (crosstool-NG linaro-1.13.1-4.7-2013.04-20130415 - Linaro GCC 2013.04)) #1 SMP PREEMPT Sun Feb 11 15:35:30 PST 2018
 CPU: ARMv7 Processor [413fc0f3] revision 3 (ARMv7), cr=10c5387d
 CPU: div instructions available: patching division code
 CPU: PIPT / VIPT nonaliasing data cache, PIPT instruction cache
@@ -69,14 +69,14 @@
   Normal zone: 196608 pages, LIFO batch:31
   HighMem zone: 327424 pages, LIFO batch:31
 random: fast init done
-percpu: Embedded 17 pages/cpu @(ptrval) s39168 r8192 d22272 u69632
-pcpu-alloc: s39168 r8192 d22272 u69632 alloc=17*4096
+percpu: Embedded 17 pages/cpu @(ptrval) s39296 r8192 d22144 u69632
+pcpu-alloc: s39296 r8192 d22144 u69632 alloc=17*4096
 pcpu-alloc: [0] 0 [0] 1 [0] 2 [0] 3 
 Built 1 zonelists, mobility grouping on.  Total pages: 522496
 Kernel command line: ignore_loglevel console=ttyS0,115200n8 rw root=PARTUUID=b1791faa-84e8-4e27-83a1-9fb0a77e8803 rootwait gpt debug noinitrd earlyprintk init=/bin/bash
 Dentry cache hash table entries: 131072 (order: 7, 524288 bytes)
 Inode-cache hash table entries: 65536 (order: 6, 262144 bytes)
-Memory: 1997468K/2096128K available (9216K kernel code, 778K rwdata, 2820K rodata, 1024K init, 299K bss, 33124K reserved, 65536K cma-reserved, 1244160K highmem)
+Memory: 1997464K/2096128K available (9216K kernel code, 783K rwdata, 2844K rodata, 1024K init, 298K bss, 33128K reserved, 65536K cma-reserved, 1244160K highmem)
 Virtual kernel memory layout:
     vector  : 0xffff0000 - 0xffff1000   (   4 kB)
     fixmap  : 0xffc00000 - 0xfff00000   (3072 kB)
@@ -86,8 +86,8 @@
     modules : 0xbf000000 - 0xbfe00000   (  14 MB)
       .text : 0x(ptrval) - 0x(ptrval)   (10208 kB)
       .init : 0x(ptrval) - 0x(ptrval)   (1024 kB)
-      .data : 0x(ptrval) - 0x(ptrval)   ( 779 kB)
-       .bss : 0x(ptrval) - 0x(ptrval)   ( 300 kB)
+      .data : 0x(ptrval) - 0x(ptrval)   ( 784 kB)
+       .bss : 0x(ptrval) - 0x(ptrval)   ( 299 kB)
 Preemptible hierarchical RCU implementation.
 	Tasks RCU enabled.
 NR_IRQS: 16, nr_irqs: 16, preallocated irqs: 16
@@ -132,69 +132,10 @@
 No ATAGs?
 hw-breakpoint: found 5 (+1 reserved) breakpoint and 4 watchpoint registers.
 hw-breakpoint: maximum watchpoint size is 8 bytes.
-iommu: Adding device reg-dummy to group 0
-iommu: Adding device 1003000.pcie to group 1
-iommu: Adding device 50000000.host1x to group 2
-iommu: Adding device 54200000.dc to group 3
-iommu: Adding device 54240000.dc to group 4
-iommu: Adding device 54280000.hdmi to group 5
-iommu: Adding device 57000000.gpu to group 6
-iommu: Adding device 60005000.timer to group 7
-iommu: Adding device 60007000.flow-controller to group 8
-iommu: Adding device 6000c800.actmon to group 9
-iommu: Adding device 6000d000.gpio to group 10
-iommu: Adding device 60020000.dma to group 11
-iommu: Adding device 70000800.apbmisc to group 12
-iommu: Adding device 70000868.pinmux to group 13
-iommu: Adding device 70006000.serial to group 14
-iommu: Adding device 70006040.serial to group 15
-iommu: Adding device 70006300.serial to group 16
-iommu: Adding device 7000c000.i2c to group 17
-iommu: Adding device 7000c400.i2c to group 18
-iommu: Adding device 7000c500.i2c to group 19
-iommu: Adding device 7000c700.i2c to group 20
-iommu: Adding device 7000d000.i2c to group 21
-iommu: Adding device 7000d400.spi to group 22
-iommu: Adding device 7000da00.spi to group 23
-iommu: Adding device 7000e000.rtc to group 24
-iommu: Adding device 7000e400.pmc to group 25
-iommu: Adding device 7000f800.fuse to group 26
-iommu: Adding device 70019000.memory-controller to group 27
-iommu: Adding device 7001b000.emc to group 28
-iommu: Adding device 70027000.sata to group 29
-iommu: Adding device 70030000.hda to group 30
-iommu: Adding device 70090000.usb to group 31
-iommu: Adding device 7009f000.padctl to group 32
-iommu: Adding device 700b0400.sdhci to group 33
-iommu: Adding device 700b0600.sdhci to group 34
-iommu: Adding device 70015000.cec to group 35
-iommu: Adding device 700e2000.thermal-sensor to group 36
-iommu: Adding device 70110000.clock to group 37
-iommu: Adding device 70300000.ahub to group 38
-iommu: Adding device 7d000000.usb to group 39
-iommu: Adding device 7d000000.usb-phy to group 40
-iommu: Adding device 7d004000.usb to group 41
-iommu: Adding device 7d004000.usb-phy to group 42
-iommu: Adding device 7d008000.usb to group 43
-iommu: Adding device 7d008000.usb-phy to group 44
-iommu: Adding device pmu to group 45
-iommu: Adding device timer to group 46
-iommu: Adding device clocks to group 47
-iommu: Adding device gpio-keys to group 48
-iommu: Adding device regulators to group 49
-iommu: Adding device regulators:regulator@0 to group 50
-iommu: Adding device regulators:regulator@1 to group 51
-iommu: Adding device regulators:regulator@2 to group 52
-iommu: Adding device regulators:regulator@3 to group 53
-iommu: Adding device regulators:regulator@4 to group 54
-iommu: Adding device regulators:regulator@7 to group 55
-iommu: Adding device regulators:regulator@8 to group 56
-iommu: Adding device regulators:regulator@10 to group 57
-iommu: Adding device regulators:regulator@11 to group 58
-iommu: Adding device regulators:regulator@12 to group 59
-iommu: Adding device regulators:regulator@13 to group 60
-iommu: Adding device regulators:regulator@14 to group 61
-iommu: Adding device sound to group 62
+iommu: Adding device 50000000.host1x to group 0
+iommu: Adding device 54200000.dc to group 1
+iommu: Adding device 54240000.dc to group 1
+iommu: Adding device 57000000.gpu to group 2
 +5V_SYS: supplied by +VDD_MUX
 +3.3V_SYS: supplied by +VDD_MUX
 +USB0_VBUS_SW: Failed to request enable GPIO108: -517
@@ -228,6 +169,7 @@
 Bluetooth: SCO socket layer initialized
 clocksource: Switched to clocksource arch_sys_counter
 NET: Registered protocol family 2
+tcp_listen_portaddr_hash hash table entries: 512 (order: 0, 6144 bytes)
 TCP established hash table entries: 8192 (order: 3, 32768 bytes)
 TCP bind hash table entries: 8192 (order: 4, 65536 bytes)
 TCP: Hash tables configured (established 8192 bind 8192)
@@ -238,10 +180,8 @@
 RPC: Registered udp transport module.
 RPC: Registered tcp transport module.
 RPC: Registered tcp NFSv4.1 backchannel transport module.
-iommu: Adding device regulatory.0 to group 63
 PCI: CLS 0 bytes, default 64
 hw perfevents: enabled with armv7_cortex_a15 PMU driver, 7 counters available
-iommu: Adding device alarmtimer to group 64
 Initialise system trusted keyrings
 workingset: timestamp_bits=30 max_order=19 bucket_order=0
 squashfs: version 4.0 (2009/01/31) Phillip Lougher
@@ -263,7 +203,6 @@
 tegra-apbdma 60020000.dma: Tegra20 APB DMA driver register 32 channels
 tegra-pmc 7000e400.pmc: emergency thermal reset enabled
 Serial: 8250/16550 driver, 4 ports, IRQ sharing disabled
-iommu: Adding device serial8250 to group 65
 console [ttyS0] disabled
 70006300.serial: ttyS0 at MMIO 0x70006300 (irq = 335, base_baud = 25500000) is a Tegra
 console [ttyS0] enabled
@@ -276,8 +215,6 @@
 loop: module loaded
 at24 0-0056: 256 byte 24c02 EEPROM, writable, 8 bytes/write
 as3722 4-0040: AS3722 with revision 0x1 found
-iommu: Adding device as3722-pinctrl to group 66
-iommu: Adding device as3722-regulator to group 67
 as3722-sd2: supplied by +5V_SYS
 as3722-sd3: supplied by +5V_SYS
 +1.35V_LP0(sd3): Bringing 0uV into 1350000-1350000uV
@@ -295,13 +232,8 @@
 +VDDIO_SDMMC3: bypassed regulator has no supply!
 +VDDIO_SDMMC3: failed to get the current voltage(-517)
 as3722-regulator as3722-regulator: regulator 13 register failed -517
-iommu: Adding device as3722-rtc to group 68
-iommu: Adding device as3722-adc to group 69
-iommu: Adding device as3722-power-off to group 70
-iommu: Adding device as3722-wdt to group 71
 tegra-ahci 70027000.sata: couldn't get PHY in node sata: -517
 m25p80 spi1.0: w25q32dw (4096 Kbytes)
-iommu: Adding device Fixed MDIO bus.0 to group 72
 libphy: Fixed MDIO Bus: probed
 CAN device driver interface
 igb: Intel(R) Gigabit Ethernet Network Driver - version 5.4.0-k
@@ -332,7 +264,6 @@
 cdc_acm: USB Abstract Control Model driver for USB modems and ISDN adapters
 usbcore: registered new interface driver cdc_wdm
 usbcore: registered new interface driver usb-storage
-iommu: Adding device ci_hdrc.0 to group 73
 as3722-rtc as3722-rtc: rtc core: registered as3722-rtc as rtc0
 as3722-rtc as3722-rtc: RTC interrupt 379
 tegra_rtc 7000e000.rtc: rtc core: registered 7000e000.rtc as rtc1
@@ -343,7 +274,6 @@
 gspca_main: v2.14.0 registered
 lm90 0-004c: 0-004c supply vcc not found, using dummy regulator
 tegra-wdt 60005000.timer: initialized (heartbeat = 120 sec, nowayout = 0)
-iommu: Adding device cpufreq-tegra124 to group 74
 sdhci: Secure Digital Host Controller Interface driver
 sdhci: Copyright(c) Pierre Ossman
 sdhci-pltfm: SDHCI platform and OF driver helper
@@ -354,14 +284,12 @@
 mmc0: SDHCI controller on 700b0600.sdhci [700b0600.sdhci] using ADMA
 usbcore: registered new interface driver usbhid
 usbhid: USB HID core driver
-iommu: Adding device snd-soc-dummy to group 75
 mmc0: new high speed MMC card at address 0001
 mmcblk0: mmc0:0001 SEM16G 14.7 GiB 
 mmcblk0boot0: mmc0:0001 SEM16G partition 1 4.00 MiB
 mmcblk0boot1: mmc0:0001 SEM16G partition 2 4.00 MiB
 mmcblk0rpmb: mmc0:0001 SEM16G partition 3 4.00 MiB, chardev (247:0)
  mmcblk0: p1
-iommu: Adding device 70301100.i2s to group 76
 tegra30-i2s 70301100.i2s: DMA channels sourced from device 70300000.ahub
 tegra-snd-rt5640 sound: rt5640-aif1 <-> 70301100.i2s mapping ok
 input: NVIDIA Tegra Jetson TK1 Headphones as /devices/soc0/sound/sound/card1/input0
@@ -410,11 +338,11 @@
 as3722-ldo3: supplied by +3.3V_SYS
 as3722-ldo4: supplied by +3.3V_SYS
 as3722-ldo5: supplied by +1.8V_VDDIO
-input: tegra-hda HDMI/DP,pcm=3 as /devices/soc0/70030000.hda/sound/card0/input1
 as3722-ldo6: supplied by +3.3V_RUN
 as3722-ldo7: supplied by +1.8V_VDDIO
 +1.05V_RUN_CAM_REAR: Bringing 0uV into 1050000-1050000uV
 as3722-ldo9: supplied by +5V_SYS
+input: tegra-hda HDMI/DP,pcm=3 as /devices/soc0/70030000.hda/sound/card0/input1
 +3.3V_RUN_TOUCH: Bringing 0uV into 2800000-2800000uV
 as3722-ldo10: supplied by +5V_SYS
 +2.8V_RUN_CAM_AF: Bringing 0uV into 2800000-2800000uV
@@ -450,10 +378,10 @@
 mmc1: Invalid maximum block size, assuming 512 bytes
 mmc1: SDHCI controller on 700b0400.sdhci [700b0400.sdhci] using ADMA
 tegra-pcie 1003000.pcie: 2x1, 1x1 configuration
-ata1: SATA link down (SStatus 0 SControl 300)
 tegra-pcie 1003000.pcie: probing port 0, using 2 lanes
 tegra-pcie 1003000.pcie: Slot present pin change, signature: 00000008
 tegra-pcie 1003000.pcie: probing port 1, using 1 lanes
+ata1: SATA link down (SStatus 0 SControl 300)
 tegra-pcie 1003000.pcie: Slot present pin change, signature: 00000000
 tegra-pcie 1003000.pcie: PCI host bridge to bus 0000:00
 pci_bus 0000:00: root bus resource [io  0x0000-0xffff]
@@ -481,14 +409,18 @@
 pci 0000:00:02.0: bridge configuration invalid ([bus 00-00]), reconfiguring
 pci 0000:01:00.0: [8086:4232] type 00 class 0x028000
 pci 0000:01:00.0: reg 0x10: [mem 0x00000000-0x00001fff 64bit]
+pci 0000:01:00.0: PME# supported from D0 D3hot D3cold
+mmc1: new high speed SDHC card at address aaaa
+mmcblk1: mmc1:aaaa SD04G 3.69 GiB 
 PCI: bus1: Fast back to back transfers disabled
 pci_bus 0000:01: busn_res: [bus 01-ff] end is updated to 01
 pci 0000:02:00.0: [10ec:8168] type 00 class 0x020000
 pci 0000:02:00.0: reg 0x10: [io  0x0000-0x00ff]
 pci 0000:02:00.0: reg 0x18: [mem 0x00000000-0x00000fff 64bit]
-mmc1: new high speed SDHC card at address aaaa
-mmcblk1: mmc1:aaaa SD04G 3.69 GiB 
 pci 0000:02:00.0: reg 0x20: [mem 0x00000000-0x00003fff 64bit pref]
+pci 0000:02:00.0: supports D1 D2
+pci 0000:02:00.0: PME# supported from D0 D1 D2 D3hot D3cold
+ mmcblk1: p1 p2 p3
 PCI: bus2: Fast back to back transfers disabled
 pci_bus 0000:02: busn_res: [bus 02-ff] end is updated to 02
 pci 0000:00:01.0: BAR 8: assigned [mem 0x13000000-0x130fffff]
@@ -506,7 +438,6 @@
 pci 0000:00:02.0:   bridge window [mem 0x13100000-0x131fffff]
 pci 0000:00:02.0:   bridge window [mem 0x20000000-0x200fffff 64bit pref]
 pci 0000:00:01.0: nv_msi_ht_cap_quirk didn't locate host bridge
- mmcblk1: p1 p2 p3
 pcieport 0000:00:01.0: enabling device (0140 -> 0142)
 pcieport 0000:00:01.0: Signaling PME with IRQ 395
 pci 0000:00:02.0: nv_msi_ht_cap_quirk didn't locate host bridge
@@ -514,8 +445,7 @@
 pcieport 0000:00:02.0: Signaling PME with IRQ 396
 r8169 Gigabit Ethernet driver 2.3LK-NAPI loaded
 r8169 0000:02:00.0: enabling device (0140 -> 0143)
-r8169 0000:02:00.0 (unnamed net_device) (uninitialized): not PCI Express
-r8169 0000:02:00.0 eth0: RTL8168g/8111g at 0x9f08c0cf, 00:04:4b:3a:d9:81, XID 0c000800 IRQ 22
+r8169 0000:02:00.0 eth0: RTL8168g/8111g at 0xc81bec2b, 00:04:4b:3a:d9:81, XID 0c000800 IRQ 397
 r8169 0000:02:00.0 eth0: jumbo features [frames: 9200 bytes, tx checksumming: ko]
 +1.05V_RUN_AVDD_HDMI_PLL: supplied by +1.05V_RUN
 [drm] Supports vblank timestamp caching Rev 2 (21.10.2013).
@@ -524,17 +454,16 @@
 Console: switching to colour frame buffer device 512x135
 drm drm: fb0:  frame buffer device
 [drm] Initialized tegra 0.0.0 20120330 for drm on minor 0
-iommu: Adding device cpufreq-dt.0 to group 77
 cpufreq: cpufreq_online: CPU0: Running at unlisted freq: 696000 KHz
 cpufreq: cpufreq_online: CPU0: Unlisted initial frequency changed to: 714000 KHz
 input: gpio-keys as /devices/soc0/gpio-keys/input/input2
-as3722-rtc as3722-rtc: setting system clock to 2000-01-01 00:02:34 UTC (946684954)
+as3722-rtc as3722-rtc: setting system clock to 2000-01-01 00:02:08 UTC (946684928)
 cfg80211: Loading compiled-in X.509 certificates for regulatory database
 cfg80211: Loaded X.509 cert 'sforshee: 00b28ddf47aef9cea7'
 platform regulatory.0: Direct firmware load for regulatory.db failed with error -2
-cfg80211: failed to load regulatory.db
 +USB0_VBUS_SW: disabling
 +1.8V_RUN_CAM: disabling
+cfg80211: failed to load regulatory.db
 +2.8V_RUN_CAM: disabling
 +1.2V_RUN_CAM_FRONT: disabling
 +1.05V_RUN_CAM_REAR: disabling
Diff for ./tegra124-nyan-big/tegra124-nyan-big/multi_v7_defconfig_log.txt
--- /tmp/fooa	2018-02-11 15:51:31.356460228 -0800
+++ /tmp/foob	2018-02-11 15:51:31.356460228 -0800
@@ -5,7 +5,7 @@
 TEGRA124
 Model: Acer Chromebook 13 CB5-311
 DRAM:  4 GiB
-C:   Tegra SD/MMC: 0, Tegra SD/MMC: 1, Tegra SD/MMC: 2
+:   Tegra SD/MMC: 0, Tegra SD/MMC: 1, Tegra SD/MMC: 2
 MMC init failed
 Using default environment
 
@@ -42,21 +42,21 @@
 	 #################################################################
 	 #################################################################
 	 #################################################################
-	 ##############################
-	 3.3 MiB/s
+	 ####################################
+	 3.5 MiB/s
 done
-Bytes transferred = 8065536 (7b1200 hex)
+Bytes transferred = 8159744 (7c8200 hex)
 Tegra124 (Nyan-big) # tftpboot 0x83000000 tegra124-nyan-big.dtb
 Using asx0 device
 TFTP from server 192.168.100.1; our IP address is 192.168.100.104
 Filename 'tegra124-nyan-big.dtb'.
 Load address: 0x83000000
 Loading: *#####
-	 3.2 MiB/s
+	 3.1 MiB/s
 done
 Bytes transferred = 67482 (1079a hex)
 Tegra124 (Nyan-big) # bootz 0x82000000 - 0x83000000
-Kernel image @ 0x82000000 [ 0x000000 - 0x7b1200 ]
+Kernel image @ 0x82000000 [ 0x000000 - 0x7c8200 ]
 ## Flattened Device Tree blob at 83000000
    Booting using the fdt blob at 0x83000000
    Using Device Tree in place at 83000000, end 83013799
@@ -64,7 +64,7 @@
 Starting kernel ...
 
 Booting Linux on physical CPU 0x0
-Linux version 4.15.0-336172-gd8a5b80568a9 (jonathanh@tamien) (gcc version 4.7.3 20130328 (prerelease) (crosstool-NG linaro-1.13.1-4.7-2013.04-20130415 - Linaro GCC 2013.04)) #1 SMP Sun Jan 28 13:34:20 PST 2018
+Linux version 4.16.0-rc1-348826-g7928b2cbe55b (jonathanh@tamien) (gcc version 4.7.3 20130328 (prerelease) (crosstool-NG linaro-1.13.1-4.7-2013.04-20130415 - Linaro GCC 2013.04)) #1 SMP Sun Feb 11 15:35:47 PST 2018
 CPU: ARMv7 Processor [413fc0f3] revision 3 (ARMv7), cr=10c5387d
 CPU: div instructions available: patching division code
 CPU: PIPT / VIPT nonaliasing data cache, PIPT instruction cache
@@ -81,14 +81,14 @@
   DMA zone: 196608 pages, LIFO batch:31
   HighMem zone: 327679 pages, LIFO batch:31
 random: fast init done
-percpu: Embedded 17 pages/cpu @(ptrval) s39104 r8192 d22336 u69632
-pcpu-alloc: s39104 r8192 d22336 u69632 alloc=17*4096
+percpu: Embedded 17 pages/cpu @(ptrval) s39232 r8192 d22208 u69632
+pcpu-alloc: s39232 r8192 d22208 u69632 alloc=17*4096
 pcpu-alloc: [0] 0 [0] 1 [0] 2 [0] 3 
 Built 1 zonelists, mobility grouping on.  Total pages: 522751
 Kernel command line: ignore_loglevel console=ttyS0,115200n8 rw root=PARTUUID=4d36e82a-b3c0-4b4b-bfcd-afe5217ac023 rootwait gpt debug noinitrd earlyprintk init=/bin/bash
 Dentry cache hash table entries: 131072 (order: 7, 524288 bytes)
 Inode-cache hash table entries: 65536 (order: 6, 262144 bytes)
-Memory: 1993456K/2097148K available (11264K kernel code, 1602K rwdata, 4296K rodata, 2048K init, 404K bss, 38156K reserved, 65536K cma-reserved, 1245180K highmem)
+Memory: 1993488K/2097148K available (11264K kernel code, 1570K rwdata, 4348K rodata, 2048K init, 405K bss, 38124K reserved, 65536K cma-reserved, 1245180K highmem)
 Virtual kernel memory layout:
     vector  : 0xffff0000 - 0xffff1000   (   4 kB)
     fixmap  : 0xffc00000 - 0xfff00000   (3072 kB)
@@ -98,8 +98,8 @@
     modules : 0xbf000000 - 0xbfe00000   (  14 MB)
       .text : 0x(ptrval) - 0x(ptrval)   (12256 kB)
       .init : 0x(ptrval) - 0x(ptrval)   (2048 kB)
-      .data : 0x(ptrval) - 0x(ptrval)   (1603 kB)
-       .bss : 0x(ptrval) - 0x(ptrval)   ( 405 kB)
+      .data : 0x(ptrval) - 0x(ptrval)   (1571 kB)
+       .bss : 0x(ptrval) - 0x(ptrval)   ( 406 kB)
 SLUB: HWalign=64, Order=0-3, MinObjects=0, CPUs=4, Nodes=1
 Hierarchical RCU implementation.
 	RCU event tracing is enabled.
@@ -151,66 +151,10 @@
 hw-breakpoint: maximum watchpoint size is 8 bytes.
 Serial: AMBA PL011 UART driver
 tegra-mc 70019000.memory-controller: no memory timings for RAM code 0 registered
-iommu: Adding device reg-dummy to group 0
-iommu: Adding device 50000000.host1x to group 1
-iommu: Adding device 54200000.dc to group 2
-iommu: Adding device 54240000.dc to group 3
-iommu: Adding device 54280000.hdmi to group 4
-iommu: Adding device 54540000.sor to group 5
-iommu: Adding device 545c0000.dpaux to group 6
-iommu: Adding device 57000000.gpu to group 7
-iommu: Adding device 60005000.timer to group 8
-iommu: Adding device 60007000.flow-controller to group 9
-iommu: Adding device 6000c800.actmon to group 10
-iommu: Adding device 6000d000.gpio to group 11
-iommu: Adding device 60020000.dma to group 12
-iommu: Adding device 70000800.apbmisc to group 13
-iommu: Adding device 70000868.pinmux to group 14
-iommu: Adding device 70006000.serial to group 15
-iommu: Adding device 7000a000.pwm to group 16
-iommu: Adding device 7000c000.i2c to group 17
-iommu: Adding device 7000c400.i2c to group 18
-iommu: Adding device 7000c500.i2c to group 19
-iommu: Adding device 7000c700.i2c to group 20
-iommu: Adding device 7000d000.i2c to group 21
-iommu: Adding device 7000d400.spi to group 22
-iommu: Adding device 7000da00.spi to group 23
-iommu: Adding device 7000e000.rtc to group 24
-iommu: Adding device 7000e400.pmc to group 25
-iommu: Adding device 7000f800.fuse to group 26
-iommu: Adding device 70019000.memory-controller to group 27
-iommu: Adding device 7001b000.emc to group 28
-iommu: Adding device 70030000.hda to group 29
-iommu: Adding device 70090000.usb to group 30
-iommu: Adding device 7009f000.padctl to group 31
-iommu: Adding device 700b0000.sdhci to group 32
-iommu: Adding device 700b0400.sdhci to group 33
-iommu: Adding device 700b0600.sdhci to group 34
-iommu: Adding device 700e2000.thermal-sensor to group 35
-iommu: Adding device 70300000.ahub to group 36
-iommu: Adding device pmu to group 37
-iommu: Adding device timer to group 38
-iommu: Adding device sdhci0_pwrseq to group 39
-iommu: Adding device backlight to group 40
-iommu: Adding device clocks to group 41
-iommu: Adding device gpio-keys to group 42
-iommu: Adding device regulators to group 43
-iommu: Adding device regulators:regulator@0 to group 44
-iommu: Adding device regulators:regulator@1 to group 45
-iommu: Adding device regulators:regulator@2 to group 46
-iommu: Adding device regulators:regulator@3 to group 47
-iommu: Adding device regulators:regulator@4 to group 48
-iommu: Adding device regulators:regulator@5 to group 49
-iommu: Adding device regulators:regulator@6 to group 50
-iommu: Adding device regulators:regulator@7 to group 51
-iommu: Adding device regulators:regulator@8 to group 52
-iommu: Adding device regulators:regulator@9 to group 53
-iommu: Adding device regulators:regulator@10 to group 54
-iommu: Adding device regulators:regulator@11 to group 55
-iommu: Adding device regulators:regulator@12 to group 56
-iommu: Adding device sound to group 57
-iommu: Adding device gpio-restart to group 58
-iommu: Adding device panel to group 59
+iommu: Adding device 50000000.host1x to group 0
+iommu: Adding device 54200000.dc to group 1
+iommu: Adding device 54240000.dc to group 1
+iommu: Adding device 57000000.gpu to group 2
 AT91: Could not find identification node
 +5V_SYS: supplied by +VDD_MUX
 +3.3V_SYS: supplied by +VDD_MUX
@@ -236,11 +180,11 @@
 pps_core: Software ver. 5.3.6 - Copyright 2005-2007 Rodolfo Giometti <giometti@linux.it>
 PTP clock support registered
 EDAC MC: Ver: 3.0.0
-dmi: Firmware registration failed.
 tegra-emc 7001b000.emc: no memory timings for RAM code 0 found in DT
 tegra-emc: probe of 7001b000.emc failed with error -2
 clocksource: Switched to clocksource arch_sys_counter
 NET: Registered protocol family 2
+tcp_listen_portaddr_hash hash table entries: 512 (order: 0, 6144 bytes)
 TCP established hash table entries: 8192 (order: 3, 32768 bytes)
 TCP bind hash table entries: 8192 (order: 4, 65536 bytes)
 TCP: Hash tables configured (established 8192 bind 8192)
@@ -253,7 +197,6 @@
 RPC: Registered tcp NFSv4.1 backchannel transport module.
 PCI: CLS 0 bytes, default 64
 hw perfevents: enabled with armv7_cortex_a15 PMU driver, 7 counters available
-iommu: Adding device alarmtimer to group 60
 Initialise system trusted keyrings
 workingset: timestamp_bits=30 max_order=19 bucket_order=0
 squashfs: version 4.0 (2009/01/31) Phillip Lougher
@@ -264,7 +207,7 @@
 Key type asymmetric registered
 Asymmetric key parser 'x509' registered
 bounce: pool size: 64 pages
-Block layer SCSI generic (bsg) driver version 0.4 loaded (major 247)
+Block layer SCSI generic (bsg) driver version 0.4 loaded (major 246)
 io scheduler noop registered
 io scheduler deadline registered
 io scheduler cfq registered (default)
@@ -274,21 +217,20 @@
 tegra-apbdma 60020000.dma: Tegra20 APB DMA driver register 32 channels
 tegra-pmc 7000e400.pmc: i2c-thermtrip node not found, emergency thermal reset disabled.
 Serial: 8250/16550 driver, 4 ports, IRQ sharing disabled
-iommu: Adding device serial8250 to group 61
 console [ttyS0] disabled
 70006000.serial: ttyS0 at MMIO 0x70006000 (irq = 333, base_baud = 25500000) is a Tegra
 console [ttyS0] enabled
 SuperH (H)SCI(F) driver initialized
 msm_serial: driver initialized
 STMicroelectronics ASC driver initialized
+Failed to attached device 54200000.dc to IOMMU_mapping
+Failed to attached device 54240000.dc to IOMMU_mapping
 tegra-hdmi 54280000.hdmi: failed to get HDMI regulator
 tegra-dpaux 545c0000.dpaux: failed to get VDD supply: -517
 panel-simple panel: panel supply power not found, using dummy regulator
 brd: module loaded
 loop: module loaded
 as3722 4-0040: AS3722 with revision 0x1 found
-iommu: Adding device as3722-pinctrl to group 62
-iommu: Adding device as3722-regulator to group 63
 as3722-sd2: supplied by +5V_SYS
 as3722-sd3: supplied by +5V_SYS
 +1.35V_LP0(sd3): Bringing 0uV into 1350000-1350000uV
@@ -312,12 +254,7 @@
 as3722-ldo10: supplied by +5V_SYS
 +2.8V_RUN_CAM_AF: Bringing 0uV into 2800000-2800000uV
 +1.8V_RUN_VPP_FUSE: Bringing 0uV into 1800000-1800000uV
-iommu: Adding device as3722-rtc to group 64
-iommu: Adding device as3722-adc to group 65
-iommu: Adding device as3722-power-off to group 66
-iommu: Adding device as3722-wdt to group 67
 m25p80 spi1.0: w25q32dw (4096 Kbytes)
-iommu: Adding device Fixed MDIO bus.0 to group 68
 libphy: Fixed MDIO Bus: probed
 CAN device driver interface
 bgmac_bcma: Broadcom 47xx GBit MAC driver loaded
@@ -359,7 +296,6 @@
 tegra_rtc 7000e000.rtc: Tegra internal Real Time Clock
 i2c /dev entries driver
 lm90 0-004c: 0-004c supply vcc not found, using dummy regulator
-iommu: Adding device cpufreq-tegra124 to group 69
 sdhci: Secure Digital Host Controller Interface driver
 sdhci: Copyright(c) Pierre Ossman
 Synopsys Designware Multimedia Card Interface Driver
@@ -387,27 +323,26 @@
 Registering SWP/SWPB emulation handler
 Loading compiled-in X.509 certificates
 +3.3V_RUN: supplied by +3.3V_SYS
+elan_i2c 1-0015: Elan Touchpad: Module ID: 0x002a, Firmware: 0x0005, Sample: 0x0007, IAP: 0x0009
+input: Elan Touchpad as /devices/soc0/7000c400.i2c/i2c-1/1-0015/input/input0
 +VDD_LED: supplied by +VDD_MUX
 +3.3V_AVDD_HDMI_AP_GATED: supplied by +3.3V_RUN
 +1.8V_RUN_CAM: supplied by +3.3V_RUN
+mmc0: new high speed MMC card at address 0001
 +VDDIO_SDMMC3: supplied by +3.3V_RUN
+mmcblk0: mmc0:0001 MMC16G 14.4 GiB 
 +1.8V_RUN_VPP_FUSE: supplied by +3.3V_RUN
+mmcblk0boot0: mmc0:0001 MMC16G partition 1 2.00 MiB
 +5V_VDD_TS_SW: supplied by +5V_SYS
+mmcblk0boot1: mmc0:0001 MMC16G partition 2 2.00 MiB
 +5V_USB_HS: supplied by +5V_SYS
+mmcblk0rpmb: mmc0:0001 MMC16G partition 3 128 KiB, chardev (236:0)
 +5V_USB_SS: supplied by +5V_SYS
+ mmcblk0: p1 p2 p3 p4 p5 p6 p7 p8 p9 p10 p11 p12
 +3.3V_PANEL: supplied by +3.3V_RUN
 +3.3V_LP0: supplied by +3.3V_SYS
-elan_i2c 1-0015: reading cmd (0x0100) fail.
-elan_i2c 1-0015: failed to get pattern: -121
-elan_i2c 1-0015: failed to get pattern version
-elan_i2c: probe of 1-0015 failed with error -121
-mmc0: new high speed MMC card at address 0001
-mmcblk0: mmc0:0001 MMC16G 14.4 GiB 
-mmcblk0boot0: mmc0:0001 MMC16G partition 1 2.00 MiB
-mmcblk0boot1: mmc0:0001 MMC16G partition 2 2.00 MiB
-mmcblk0rpmb: mmc0:0001 MMC16G partition 3 128 KiB, chardev (237:0)
- mmcblk0: p1 p2 p3 p4 p5 p6 p7 p8 p9 p10 p11 p12
 +1.05V_RUN_AVDD_HDMI_PLL: supplied by +1.05V_RUN
+elan_i2c 1-0015: failed to read report data: -121
 +5V_HDMI_CON: supplied by +5V_SYS
  usb3-0: usb3-0 supply vbus not found, using dummy regulator
  usb3-1: usb3-1 supply vbus not found, using dummy regulator
@@ -421,24 +356,18 @@
 sdhci-tegra 700b0400.sdhci: Got CD GPIO
 sdhci-tegra 700b0400.sdhci: Got WP GPIO
 mmc2: Unknown controller version (3). You may experience problems.
+elan_i2c 1-0015: invalid report id data (ff)
 mmc2: Invalid maximum block size, assuming 512 bytes
 mmc1: new high speed SDIO card at address 0001
 mmc2: SDHCI controller on 700b0400.sdhci [700b0400.sdhci] using ADMA
-[drm] Supports vblank timestamp caching Rev 2 (21.10.2013).
-[drm] No driver support for vblank timestamp query.
-mmc2: new high speed SDHC card at address 0007
-mmcblk2: mmc2:0007 SD08G 7.42 GiB 
-GPT:Primary header alternate_lba != Alt. header my_lba
-GPT:3014591 != 15564799
-GPT:Primary header thinks Alt. header is not at the end of the disk.
-GPT:3014591 != 15564799
-GPT: Use GNU Parted to correct GPT errors.
- mmcblk2: p1 p2 p3 p4 p5 p6 p7 p8 p9 p10 p11 p12
-Console: switching to colour frame buffer device 170x48
-drm drm: fb0:  frame buffer device
-[drm] Initialized tegra 0.0.0 20120330 for drm on minor 0
-input: gpio-keys as /devices/soc0/gpio-keys/input/input0
+tegra-sor 54540000.sor: failed to probe output: -517
+panel-simple panel: panel supply power not found, using dummy regulator
+input: gpio-keys as /devices/soc0/gpio-keys/input/input1
+tegra-sor 54540000.sor: failed to probe output: -517
+panel-simple panel: panel supply power not found, using dummy regulator
 as3722-rtc as3722-rtc: setting system clock to 2000-01-01 00:00:23 UTC (946684823)
++3.3V_AVDD_HDMI_AP_GATED: disabling
++1.05V_RUN: disabling
 +1.8V_RUN_CAM: disabling
 +3.3V_RUN_CAM: disabling
 +1.2V_RUN_CAM_FRONT: disabling
@@ -446,11 +375,25 @@
 +2.8V_RUN_TOUCH: disabling
 +2.8V_RUN_CAM_AF: disabling
 +1.8V_RUN_VPP_FUSE: disabling
++VDD_LED: disabling
 +5V_VDD_TS_SW: disabling
 +5V_USB_HS: disabling
 +5V_USB_SS: disabling
++3.3V_PANEL: disabling
++1.05V_RUN_AVDD_HDMI_PLL: disabling
++5V_HDMI_CON: disabling
 EXT4-fs (mmcblk0p3): couldn't mount as ext3 due to feature incompatibilities
 EXT4-fs (mmcblk0p3): couldn't mount as ext2 due to feature incompatibilities
+mmc2: new high speed SDHC card at address 0007
+mmcblk2: mmc2:0007 SD08G 7.42 GiB 
+GPT:Primary header alternate_lba != Alt. header my_lba
+GPT:3014591 != 15564799
+GPT:Primary header thinks Alt. header is not at the end of the disk.
+GPT:3014591 != 15564799
+GPT: Use GNU Parted to correct GPT errors.
+ mmcblk2: p1 p2 p3 p4 p5 p6 p7 p8 p9 p10 p11 p12
+tegra-sor 54540000.sor: failed to probe output: -517
+panel-simple panel: panel supply power not found, using dummy regulator
 EXT4-fs (mmcblk0p3): recovery complete
 EXT4-fs (mmcblk0p3): mounted filesystem with ordered data mode. Opts: (null)
 VFS: Mounted root (ext4 filesystem) on device 179:3.
Diff for ./tegra124-nyan-big/tegra124-nyan-big/tegra_defconfig_log.txt
--- /tmp/fooa	2018-02-11 15:51:31.380460339 -0800
+++ /tmp/foob	2018-02-11 15:51:31.380460339 -0800
@@ -14,7 +14,7 @@
 Err:   serial
 Net:   Net Initialization Skipped
 No ethernet found.
-Hit any key to stop autoboot:  2  0 
+Hit any key to stop autoboot:  2  1  0 
 Tegra124 (Nyan-big) # 
 Tegra124 (Nyan-big) # usb start
 starting USB...
@@ -40,10 +40,10 @@
 	 #################################################################
 	 #################################################################
 	 #################################################################
-	 ###############################
-	 3.4 MiB/s
+	 ##################################
+	 3 MiB/s
 done
-Bytes transferred = 6171744 (5e2c60 hex)
+Bytes transferred = 6216816 (5edc70 hex)
 Tegra124 (Nyan-big) # tftpboot 0x83000000 tegra124-nyan-big.dtb
 Using asx0 device
 TFTP from server 192.168.100.1; our IP address is 192.168.100.104
@@ -54,7 +54,7 @@
 done
 Bytes transferred = 67482 (1079a hex)
 Tegra124 (Nyan-big) # bootz 0x82000000 - 0x83000000
-Kernel image @ 0x82000000 [ 0x000000 - 0x5e2c60 ]
+Kernel image @ 0x82000000 [ 0x000000 - 0x5edc70 ]
 ## Flattened Device Tree blob at 83000000
    Booting using the fdt blob at 0x83000000
    Using Device Tree in place at 83000000, end 83013799
@@ -62,7 +62,7 @@
 Starting kernel ...
 
 Booting Linux on physical CPU 0x0
-Linux version 4.15.0-16223-gd8a5b80 (jonathanh@kaivo) (gcc version 4.7.3 20130328 (prerelease) (crosstool-NG linaro-1.13.1-4.7-2013.04-20130415 - Linaro GCC 2013.04)) #1 SMP PREEMPT Sun Jan 28 13:33:14 PST 2018
+Linux version 4.16.0-rc1-28877-g7928b2c (jonathanh@kaivo) (gcc version 4.7.3 20130328 (prerelease) (crosstool-NG linaro-1.13.1-4.7-2013.04-20130415 - Linaro GCC 2013.04)) #1 SMP PREEMPT Sun Feb 11 15:34:51 PST 2018
 CPU: ARMv7 Processor [413fc0f3] revision 3 (ARMv7), cr=10c5387d
 CPU: div instructions available: patching division code
 CPU: PIPT / VIPT nonaliasing data cache, PIPT instruction cache
@@ -78,14 +78,14 @@
   Normal zone: 196608 pages, LIFO batch:31
   HighMem zone: 327679 pages, LIFO batch:31
 random: fast init done
-percpu: Embedded 17 pages/cpu @(ptrval) s39168 r8192 d22272 u69632
-pcpu-alloc: s39168 r8192 d22272 u69632 alloc=17*4096
+percpu: Embedded 17 pages/cpu @(ptrval) s39296 r8192 d22144 u69632
+pcpu-alloc: s39296 r8192 d22144 u69632 alloc=17*4096
 pcpu-alloc: [0] 0 [0] 1 [0] 2 [0] 3 
 Built 1 zonelists, mobility grouping on.  Total pages: 522751
 Kernel command line: ignore_loglevel console=ttyS0,115200n8 rw root=PARTUUID=4d36e82a-b3c0-4b4b-bfcd-afe5217ac023 rootwait gpt debug noinitrd earlyprintk init=/bin/bash
 Dentry cache hash table entries: 131072 (order: 7, 524288 bytes)
 Inode-cache hash table entries: 65536 (order: 6, 262144 bytes)
-Memory: 1999512K/2097148K available (9216K kernel code, 778K rwdata, 2560K rodata, 1024K init, 299K bss, 32100K reserved, 65536K cma-reserved, 1245180K highmem)
+Memory: 1999508K/2097148K available (9216K kernel code, 783K rwdata, 2584K rodata, 1024K init, 298K bss, 32104K reserved, 65536K cma-reserved, 1245180K highmem)
 Virtual kernel memory layout:
     vector  : 0xffff0000 - 0xffff1000   (   4 kB)
     fixmap  : 0xffc00000 - 0xfff00000   (3072 kB)
@@ -95,8 +95,8 @@
     modules : 0xbf000000 - 0xbfe00000   (  14 MB)
       .text : 0x(ptrval) - 0x(ptrval)   (10208 kB)
       .init : 0x(ptrval) - 0x(ptrval)   (1024 kB)
-      .data : 0x(ptrval) - 0x(ptrval)   ( 779 kB)
-       .bss : 0x(ptrval) - 0x(ptrval)   ( 300 kB)
+      .data : 0x(ptrval) - 0x(ptrval)   ( 784 kB)
+       .bss : 0x(ptrval) - 0x(ptrval)   ( 299 kB)
 Preemptible hierarchical RCU implementation.
 	Tasks RCU enabled.
 NR_IRQS: 16, nr_irqs: 16, preallocated irqs: 16
@@ -142,66 +142,10 @@
 hw-breakpoint: found 5 (+1 reserved) breakpoint and 4 watchpoint registers.
 hw-breakpoint: maximum watchpoint size is 8 bytes.
 tegra-mc 70019000.memory-controller: no memory timings for RAM code 0 registered
-iommu: Adding device reg-dummy to group 0
-iommu: Adding device 50000000.host1x to group 1
-iommu: Adding device 54200000.dc to group 2
-iommu: Adding device 54240000.dc to group 3
-iommu: Adding device 54280000.hdmi to group 4
-iommu: Adding device 54540000.sor to group 5
-iommu: Adding device 545c0000.dpaux to group 6
-iommu: Adding device 57000000.gpu to group 7
-iommu: Adding device 60005000.timer to group 8
-iommu: Adding device 60007000.flow-controller to group 9
-iommu: Adding device 6000c800.actmon to group 10
-iommu: Adding device 6000d000.gpio to group 11
-iommu: Adding device 60020000.dma to group 12
-iommu: Adding device 70000800.apbmisc to group 13
-iommu: Adding device 70000868.pinmux to group 14
-iommu: Adding device 70006000.serial to group 15
-iommu: Adding device 7000a000.pwm to group 16
-iommu: Adding device 7000c000.i2c to group 17
-iommu: Adding device 7000c400.i2c to group 18
-iommu: Adding device 7000c500.i2c to group 19
-iommu: Adding device 7000c700.i2c to group 20
