Diff for ./qemu-vexpress64/__internal/defconfig_log.txt
--- /tmp/fooa	2017-12-04 13:51:00.778599605 -0800
+++ /tmp/foob	2017-12-04 13:51:00.778599605 -0800
@@ -1,6 +1,5 @@
-Booting Linux on physical CPU 0x0
-Linux version 4.14.0-201708-gbebc608 (jonathanh@sellafield) (gcc version 4.9.2 20140904 (prerelease) (crosstool-NG linaro-1.13.1-4.9-2014.09 - Linaro GCC 4.9-2014.09)) #1 SMP PREEMPT Mon Nov 13 02:07:13 PST 2017
-Boot CPU: AArch64 Processor [411fd070]
+Booting Linux on physical CPU 0x0000000000 [0x411fd070]
+Linux version 4.15.0-rc1-333438-g4fbd8d194f06 (jonathanh@tamien) (gcc version 4.9.2 20140904 (prerelease) (crosstool-NG linaro-1.13.1-4.9-2014.09 - Linaro GCC 4.9-2014.09)) #1 SMP PREEMPT Mon Dec 4 13:40:14 PST 2017
 Machine model: linux,dummy-virt
 Memory limited to 1024MB
 efi: Getting EFI parameters from FDT:
@@ -8,7 +7,7 @@
 cma: Reserved 16 MiB at 0x000000007f000000
 NUMA: No NUMA configuration found
 NUMA: Faking a node at [mem 0x0000000000000000-0x000000007fffffff]
-NUMA: NODE_DATA [mem 0x7efeaf00-0x7efec9ff]
+NUMA: NODE_DATA [mem 0x7efeb000-0x7efecaff]
 Zone ranges:
   DMA      [mem 0x0000000040000000-0x000000007fffffff]
   Normal   empty
@@ -21,24 +20,23 @@
 psci: Using standard PSCI v0.2 function IDs
 psci: Trusted OS migration not required
 random: fast init done
-percpu: Embedded 23 pages/cpu @ffff80003efd0000 s55552 r8192 d30464 u94208
+percpu: Embedded 23 pages/cpu @ffff80003efcd000 s55168 r8192 d30848 u94208
 Detected PIPT I-cache on CPU0
 CPU features: enabling workaround for ARM erratum 832075
 CPU features: enabling workaround for ARM erratum 834220
 Built 1 zonelists, mobility grouping on.  Total pages: 258048
 Policy zone: DMA
 Kernel command line: root=/dev/vda2 rw rootwait mem=1024M console=ttyAMA0,38400n8 init=/bin/bash
-PID hash table entries: 4096 (order: 3, 32768 bytes)
-Memory: 998976K/1048576K available (9212K kernel code, 1142K rwdata, 4580K rodata, 1152K init, 403K bss, 33216K reserved, 16384K cma-reserved)
+Memory: 998996K/1048576K available (9404K kernel code, 1150K rwdata, 4456K rodata, 1088K init, 395K bss, 33196K reserved, 16384K cma-reserved)
 Virtual kernel memory layout:
     modules : 0xffff000000000000 - 0xffff000008000000   (   128 MB)
     vmalloc : 0xffff000008000000 - 0xffff7dffbfff0000   (129022 GB)
-      .text : 0xffff000008080000 - 0xffff000008980000   (  9216 KB)
-    .rodata : 0xffff000008980000 - 0xffff000008e00000   (  4608 KB)
-      .init : 0xffff000008e00000 - 0xffff000008f20000   (  1152 KB)
-      .data : 0xffff000008f20000 - 0xffff00000903da00   (  1143 KB)
-       .bss : 0xffff00000903da00 - 0xffff0000090a27f0   (   404 KB)
-    fixed   : 0xffff7dfffe7fd000 - 0xffff7dfffec00000   (  4108 KB)
+      .text : 0xffff000008080000 - 0xffff0000089b0000   (  9408 KB)
+    .rodata : 0xffff0000089b0000 - 0xffff000008e10000   (  4480 KB)
+      .init : 0xffff000008e10000 - 0xffff000008f20000   (  1088 KB)
+      .data : 0xffff000008f20000 - 0xffff00000903fa00   (  1151 KB)
+       .bss : 0xffff00000903fa00 - 0xffff0000090a26c8   (   396 KB)
+    fixed   : 0xffff7dfffe7fb000 - 0xffff7dfffec00000   (  4116 KB)
     PCI I/O : 0xffff7dfffee00000 - 0xffff7dffffe00000   (    16 MB)
     vmemmap : 0xffff7e0000000000 - 0xffff800000000000   (  2048 GB maximum)
               0xffff7e0000000000 - 0xffff7e0001000000   (    16 MB actual)
@@ -76,8 +74,10 @@
 pinctrl core: initialized pinctrl subsystem
 DMI not present or invalid.
 NET: Registered protocol family 16
+audit: initializing netlink subsys (disabled)
+audit: type=2000 audit(0.172:1): state=initialized audit_enabled=0 res=1
 cpuidle: using governor menu
-vdso: 2 pages (1 code @ ffff000008986000, 1 data @ ffff000008f25000)
+vdso: 2 pages (1 code @ ffff0000089b6000, 1 data @ ffff000008f25000)
 hw-breakpoint: found 6 breakpoint and 4 watchpoint registers.
 DMA: preallocated 256 KiB pool for atomic allocations
 Serial: AMBA PL011 UART driver
@@ -113,8 +113,7 @@
 RPC: Registered tcp NFSv4.1 backchannel transport module.
 hw perfevents: enabled with armv8_pmuv3 PMU driver, 1 counters available
 kvm [1]: HYP mode not available
-audit: initializing netlink subsys (disabled)
-audit: type=2000 audit(0.816:1): state=initialized audit_enabled=0 res=1
+Initialise system trusted keyrings
 workingset: timestamp_bits=44 max_order=18 bucket_order=0
 squashfs: version 4.0 (2009/01/31) Phillip Lougher
 NFS: Registering the id_resolver key type
@@ -122,7 +121,9 @@
 Key type id_legacy registered
 nfs4filelayout_init: NFSv4 File Layout Driver Registering...
 9p: Installing v9fs 9p2000 file system support
-Block layer SCSI generic (bsg) driver version 0.4 loaded (major 246)
+Key type asymmetric registered
+Asymmetric key parser 'x509' registered
+Block layer SCSI generic (bsg) driver version 0.4 loaded (major 245)
 io scheduler noop registered
 io scheduler cfq registered (default)
 io scheduler mq-deadline registered
@@ -146,6 +147,9 @@
  vda: vda1 vda2
 libphy: Fixed MDIO Bus: probed
 tun: Universal TUN/TAP device driver, 1.6
+thunder-xcv, ver 1.0
+thunder-BGX, ver 1.0
+thunder-nic, ver 1.0
 e1000e: Intel(R) PRO/1000 Network Driver - 3.2.6-k
 e1000e: Copyright(c) 1999 - 2015 Intel Corporation.
 igb: Intel(R) Gigabit Ethernet Network Driver - version 5.4.0-k
@@ -159,7 +163,6 @@
 ehci-platform: EHCI generic platform driver
 ehci-orion: EHCI orion driver
 ehci-exynos: EHCI EXYNOS driver
-ehci-msm: Qualcomm On-Chip EHCI Host Controller
 ohci_hcd: USB 1.1 'Open' Host Controller (OHCI) Driver
 ohci-pci: OHCI PCI platform driver
 ohci-platform: OHCI generic platform driver
@@ -178,8 +181,9 @@
 9pnet: Installing 9P2000 support
 Key type dns_resolver registered
 registered taskstats version 1
+Loading compiled-in X.509 certificates
 input: gpio-keys as /devices/platform/gpio-keys/input/input0
-rtc-pl031 9010000.pl031: setting system clock to 2017-11-13 10:08:04 UTC (1510567684)
+rtc-pl031 9010000.pl031: setting system clock to 2017-12-04 21:47:01 UTC (1512424021)
 ALSA device list:
   No soundcards found.
 uart-pl011 9000000.pl011: no DMA platform data
@@ -188,7 +192,7 @@
 EXT4-fs (vda2): mounted filesystem with ordered data mode. Opts: (null)
 VFS: Mounted root (ext4 filesystem) on device 254:2.
 devtmpfs: mounted
-Freeing unused kernel memory: 1152K
+Freeing unused kernel memory: 1088K
 bash: cannot set terminal process group (-1): Inappropriate ioctl for device
 bash: no job control in this shell
 bash-4.3# 
\ No newline at end of file
Diff for ./tegra114-dalmore-a04/tegra114-dalmore/multi_v7_defconfig_log.txt
--- /tmp/fooa	2017-12-04 13:51:00.826599820 -0800
+++ /tmp/foob	2017-12-04 13:51:00.830599837 -0800
@@ -39,10 +39,10 @@
 	 #################################################################
 	 #################################################################
 	 #################################################################
-	 #####################################
-	 2.9 MiB/s
+	 #############################
+	 3.2 MiB/s
 done
-Bytes transferred = 8167936 (7ca200 hex)
+Bytes transferred = 8057344 (7af200 hex)
 Tegra114 (Dalmore) # tftpboot 0x82000000 tegra114-dalmore.dtb
 Using asx0 device
 TFTP from server 192.168.100.1; our IP address is 192.168.100.100
@@ -51,17 +51,17 @@
 Loading: *###
 	 3 MiB/s
 done
-Bytes transferred = 35036 (88dc hex)
+Bytes transferred = 34502 (86c6 hex)
 Tegra114 (Dalmore) # bootz 0x81000000 - 0x82000000
-Kernel image @ 0x81000000 [ 0x000000 - 0x7ca200 ]
+Kernel image @ 0x81000000 [ 0x000000 - 0x7af200 ]
 ## Flattened Device Tree blob at 82000000
    Booting using the fdt blob at 0x82000000
-   Loading Device Tree to 8fff4000, end 8ffff8db ... OK
+   Loading Device Tree to 8fff4000, end 8ffff6c5 ... OK
 
 Starting kernel ...
 
 Booting Linux on physical CPU 0x0
-Linux version 4.14.0-201708-gbebc608 (jonathanh@sellafield) (gcc version 4.7.3 20130328 (prerelease) (crosstool-NG linaro-1.13.1-4.7-2013.04-20130415 - Linaro GCC 2013.04)) #1 SMP Mon Nov 13 02:04:20 PST 2017
+Linux version 4.15.0-rc1-333438-g4fbd8d194f06 (jonathanh@tamien) (gcc version 4.7.3 20130328 (prerelease) (crosstool-NG linaro-1.13.1-4.7-2013.04-20130415 - Linaro GCC 2013.04)) #1 SMP Mon Dec 4 13:33:57 PST 2017
 CPU: ARMv7 Processor [412fc0f2] revision 2 (ARMv7), cr=10c5387d
 CPU: div instructions available: patching division code
 CPU: PIPT / VIPT nonaliasing data cache, PIPT instruction cache
@@ -72,21 +72,19 @@
 efi: UEFI not found.
 cma: Reserved 64 MiB at 0xfb800000
 On node 0 totalpages: 524032
-free_area_init_node: node 0, pgdat c158fa80, node_mem_map eeff8000
   DMA zone: 1536 pages used for memmap
   DMA zone: 0 pages reserved
   DMA zone: 196608 pages, LIFO batch:31
   HighMem zone: 327424 pages, LIFO batch:31
 random: fast init done
-percpu: Embedded 17 pages/cpu @eef98000 s39424 r8192 d22016 u69632
-pcpu-alloc: s39424 r8192 d22016 u69632 alloc=17*4096
+percpu: Embedded 17 pages/cpu @eef9b000 s39040 r8192 d22400 u69632
+pcpu-alloc: s39040 r8192 d22400 u69632 alloc=17*4096
 pcpu-alloc: [0] 0 [0] 1 [0] 2 [0] 3 
 Built 1 zonelists, mobility grouping on.  Total pages: 522496
 Kernel command line: ignore_loglevel console=ttyS0,115200n8 rw root=PARTUUID=7369c667-ff51-ec4a-29cd-baabf2fbe346 rootwait gpt debug earlyprintk init=/bin/bash
-PID hash table entries: 4096 (order: 2, 16384 bytes)
 Dentry cache hash table entries: 131072 (order: 7, 524288 bytes)
 Inode-cache hash table entries: 65536 (order: 6, 262144 bytes)
-Memory: 1993476K/2096128K available (10240K kernel code, 1631K rwdata, 4504K rodata, 2048K init, 406K bss, 37116K reserved, 65536K cma-reserved, 1244160K highmem)
+Memory: 1992548K/2096128K available (11264K kernel code, 1602K rwdata, 4296K rodata, 2048K init, 404K bss, 38044K reserved, 65536K cma-reserved, 1244160K highmem)
 Virtual kernel memory layout:
     vector  : 0xffff0000 - 0xffff1000   (   4 kB)
     fixmap  : 0xffc00000 - 0xfff00000   (3072 kB)
@@ -94,10 +92,10 @@
     lowmem  : 0xc0000000 - 0xf0000000   ( 768 MB)
     pkmap   : 0xbfe00000 - 0xc0000000   (   2 MB)
     modules : 0xbf000000 - 0xbfe00000   (  14 MB)
-      .text : 0xc0208000 - 0xc0d00000   (11232 kB)
-      .init : 0xc1200000 - 0xc1400000   (2048 kB)
-      .data : 0xc1400000 - 0xc1597f28   (1632 kB)
-       .bss : 0xc15a0b9c - 0xc16064fc   ( 407 kB)
+      .text : 0xc0208000 - 0xc0e00000   (12256 kB)
+      .init : 0xc1300000 - 0xc1500000   (2048 kB)
+      .data : 0xc1500000 - 0xc1690a5c   (1603 kB)
+       .bss : 0xc1690a5c - 0xc16f5ca4   ( 405 kB)
 SLUB: HWalign=64, Order=0-3, MinObjects=0, CPUs=4, Nodes=1
 Hierarchical RCU implementation.
 	RCU event tracing is enabled.
@@ -273,14 +271,17 @@
 RPC: Registered tcp NFSv4.1 backchannel transport module.
 PCI: CLS 0 bytes, default 64
 iommu: Adding device alarmtimer to group 52
+Initialise system trusted keyrings
 workingset: timestamp_bits=30 max_order=19 bucket_order=0
 squashfs: version 4.0 (2009/01/31) Phillip Lougher
 NFS: Registering the id_resolver key type
 Key type id_resolver registered
 Key type id_legacy registered
 ntfs: driver 2.1.32 [Flags: R/O].
+Key type asymmetric registered
+Asymmetric key parser 'x509' registered
 bounce: pool size: 64 pages
-Block layer SCSI generic (bsg) driver version 0.4 loaded (major 248)
+Block layer SCSI generic (bsg) driver version 0.4 loaded (major 247)
 io scheduler noop registered
 io scheduler deadline registered
 io scheduler cfq registered (default)
@@ -341,15 +342,6 @@
 tegra_rtc 7000e000.rtc: rtc core: registered 7000e000.rtc as rtc1
 tegra_rtc 7000e000.rtc: Tegra internal Real Time Clock
 i2c /dev entries driver
-IR NEC protocol handler initialized
-IR RC5(x/sz) protocol handler initialized
-IR RC6 protocol handler initialized
-IR JVC protocol handler initialized
-IR Sony protocol handler initialized
-IR SANYO protocol handler initialized
-IR Sharp protocol handler initialized
-IR MCE Keyboard/mouse protocol handler initialized
-IR XMP protocol handler initialized
 sbs-battery 0-000b: sbs_probe: Failed to get device status
 sbs-battery: probe of 0-000b failed with error -121
 sdhci: Secure Digital Host Controller Interface driver
@@ -377,10 +369,11 @@
 Key type dns_resolver registered
 ThumbEE CPU extension supported.
 Registering SWP/SWPB emulation handler
-usb1_vbus: supplied by vdd-sys-5v0
+Loading compiled-in X.509 certificates
 mmc0: new high speed SDHC card at address aaaa
-mmcblk0: mmc0:aaaa SL16G 14.8 GiB 
+usb1_vbus: supplied by vdd-sys-5v0
 usb2_vbus: supplied by vdd-sys-5v0
+mmcblk0: mmc0:aaaa SL16G 14.8 GiB 
 VDD_5V0_HDMI_CON: supplied by vdd-sys-5v0
  mmcblk0: p1 p2 p3
 [drm] Supports vblank timestamp caching Rev 2 (21.10.2013).
@@ -389,7 +382,7 @@
 mmcblk1: mmc1:0001 SEM32G 29.1 GiB 
 mmcblk1boot0: mmc1:0001 SEM32G partition 1 4.00 MiB
 mmcblk1boot1: mmc1:0001 SEM32G partition 2 4.00 MiB
-mmcblk1rpmb: mmc1:0001 SEM32G partition 3 4.00 MiB
+mmcblk1rpmb: mmc1:0001 SEM32G partition 3 4.00 MiB, chardev (237:0)
  mmcblk1: p1 p2 p3 p4 p5 p6 p7 p8
 Console: switching to colour frame buffer device 240x75
 drm drm: fb0:  frame buffer device
@@ -401,7 +394,7 @@
 hub 1-0:1.0: USB hub found
 hub 1-0:1.0: 1 port detected
 input: gpio-keys as /devices/soc0/gpio-keys/input/input0
-palmas-rtc 7000d000.i2c:tps65913@58:rtc: setting system clock to 2000-04-05 17:00:16 UTC (954954016)
+palmas-rtc 7000d000.i2c:tps65913@58:rtc: setting system clock to 2000-04-27 04:36:53 UTC (956810213)
 dvdd_ts: disabling
 usb1_vbus: disabling
 vdd_cam_1v8_reg: disabling
@@ -413,4 +406,5 @@
 Freeing unused kernel memory: 2048K
 bash: cannot set terminal process group (-1): Inappropriate ioctl for device
 bash: no job control in this shell
-root@(none):/# 
\ No newline at end of file
+root@(none):/# [    2.929088] usb 1-1: new high-speed USB device number 2 using tegra-ehci
+asix 1-1:1.0 eth0: register 'asix' at usb-7d008000.usb-1, ASIX AX88772 USB 2.0 Ethernet, 00:50:b6:0d:b5:16
Diff for ./tegra114-dalmore-a04/tegra114-dalmore/tegra_defconfig_log.txt
--- /tmp/fooa	2017-12-04 13:51:00.854599945 -0800
+++ /tmp/foob	2017-12-04 13:51:00.858599963 -0800
@@ -37,30 +37,29 @@
 	 #################################################################
 	 #################################################################
 	 #################################################################
-	 ########################################
-	 3.5 MiB/s
+	 ##############################
+	 3.2 MiB/s
 done
-Bytes transferred = 6299272 (601e88 hex)
+Bytes transferred = 6164760 (5e1118 hex)
 Tegra114 (Dalmore) # tftpboot 0x82000000 tegra114-dalmore.dtb
 Using asx0 device
 TFTP from server 192.168.100.1; our IP address is 192.168.100.100
 Filename 'tegra114-dalmore.dtb'.
 Load address: 0x82000000
 Loading: *###
-	 2.8 MiB/s
+	 2.7 MiB/s
 done
-Bytes transferred = 35036 (88dc hex)
+Bytes transferred = 34502 (86c6 hex)
 Tegra114 (Dalmore) # bootz 0x81000000 - 0x82000000
-Kernel image @ 0x81000000 [ 0x000000 - 0x601e88 ]
+Kernel image @ 0x81000000 [ 0x000000 - 0x5e1118 ]
 ## Flattened Device Tree blob at 82000000
    Booting using the fdt blob at 0x82000000
-   Loading Device Tree to 8fff4000, end 8ffff8db ... OK
+   Loading Device Tree to 8fff4000, end 8ffff6c5 ... OK
 
 Starting kernel ...
 
-Uncompressing Linux... done, booting the kernel.
 Booting Linux on physical CPU 0x0
-Linux version 4.14.0-201708-gbebc608 (jonathanh@kaivo) (gcc version 4.7.3 20130328 (prerelease) (crosstool-NG linaro-1.13.1-4.7-2013.04-20130415 - Linaro GCC 2013.04)) #1 SMP PREEMPT Mon Nov 13 02:04:38 PST 2017
+Linux version 4.15.0-rc1-13489-g4fbd8d1 (jonathanh@kaivo) (gcc version 4.7.3 20130328 (prerelease) (crosstool-NG linaro-1.13.1-4.7-2013.04-20130415 - Linaro GCC 2013.04)) #1 SMP PREEMPT Mon Dec 4 13:32:33 PST 2017
 CPU: ARMv7 Processor [412fc0f2] revision 2 (ARMv7), cr=10c5387d
 CPU: div instructions available: patching division code
 CPU: PIPT / VIPT nonaliasing data cache, PIPT instruction cache
@@ -70,21 +69,19 @@
 Memory policy: Data cache writealloc
 cma: Reserved 64 MiB at 0xfbc00000
 On node 0 totalpages: 524032
-free_area_init_node: node 0, pgdat c0fb98c0, node_mem_map eeff7000
   Normal zone: 1536 pages used for memmap
   Normal zone: 0 pages reserved
   Normal zone: 196608 pages, LIFO batch:31
   HighMem zone: 327424 pages, LIFO batch:31
 random: fast init done
-percpu: Embedded 17 pages/cpu @eef97000 s39488 r8192 d21952 u69632
-pcpu-alloc: s39488 r8192 d21952 u69632 alloc=17*4096
+percpu: Embedded 17 pages/cpu @eef9b000 s39104 r8192 d22336 u69632
+pcpu-alloc: s39104 r8192 d22336 u69632 alloc=17*4096
 pcpu-alloc: [0] 0 [0] 1 [0] 2 [0] 3 
 Built 1 zonelists, mobility grouping on.  Total pages: 522496
 Kernel command line: ignore_loglevel console=ttyS0,115200n8 rw root=PARTUUID=7369c667-ff51-ec4a-29cd-baabf2fbe346 rootwait gpt debug earlyprintk init=/bin/bash
-PID hash table entries: 4096 (order: 2, 16384 bytes)
 Dentry cache hash table entries: 131072 (order: 7, 524288 bytes)
 Inode-cache hash table entries: 65536 (order: 6, 262144 bytes)
-Memory: 1997492K/2096128K available (9216K kernel code, 786K rwdata, 2800K rodata, 1024K init, 300K bss, 33100K reserved, 65536K cma-reserved, 1244160K highmem)
+Memory: 1998600K/2096128K available (9216K kernel code, 778K rwdata, 2556K rodata, 1024K init, 299K bss, 31992K reserved, 65536K cma-reserved, 1244160K highmem)
 Virtual kernel memory layout:
     vector  : 0xffff0000 - 0xffff1000   (   4 kB)
     fixmap  : 0xffc00000 - 0xfff00000   (3072 kB)
@@ -93,9 +90,9 @@
     pkmap   : 0xbfe00000 - 0xc0000000   (   2 MB)
     modules : 0xbf000000 - 0xbfe00000   (  14 MB)
       .text : 0xc0008000 - 0xc0a00000   (10208 kB)
-      .init : 0xc0e00000 - 0xc0f00000   (1024 kB)
-      .data : 0xc0f00000 - 0xc0fc49e0   ( 787 kB)
-       .bss : 0xc0fce520 - 0xc101987c   ( 301 kB)
+      .init : 0xc0d00000 - 0xc0e00000   (1024 kB)
+      .data : 0xc0e00000 - 0xc0ec289c   ( 779 kB)
+       .bss : 0xc0ec289c - 0xc0f0d4ec   ( 300 kB)
 Preemptible hierarchical RCU implementation.
 	Tasks RCU enabled.
 NR_IRQS: 16, nr_irqs: 16, preallocated irqs: 16
@@ -256,7 +253,6 @@
 Bluetooth: HCI socket layer initialized
 Bluetooth: L2CAP socket layer initialized
 Bluetooth: SCO socket layer initialized
-iommu: Adding device regulatory.0 to group 52
 clocksource: Switched to clocksource arch_sys_counter
 NET: Registered protocol family 2
 TCP established hash table entries: 8192 (order: 3, 32768 bytes)
@@ -269,13 +265,17 @@
 RPC: Registered udp transport module.
 RPC: Registered tcp transport module.
 RPC: Registered tcp NFSv4.1 backchannel transport module.
+iommu: Adding device regulatory.0 to group 52
 PCI: CLS 0 bytes, default 64
 iommu: Adding device alarmtimer to group 53
+Initialise system trusted keyrings
 workingset: timestamp_bits=30 max_order=19 bucket_order=0
 squashfs: version 4.0 (2009/01/31) Phillip Lougher
 NFS: Registering the id_resolver key type
 Key type id_resolver registered
 Key type id_legacy registered
+Key type asymmetric registered
+Asymmetric key parser 'x509' registered
 bounce: pool size: 64 pages
 io scheduler noop registered (default)
 io scheduler mq-deadline registered
@@ -322,15 +322,6 @@
 tegra_rtc 7000e000.rtc: rtc core: registered 7000e000.rtc as rtc1
 tegra_rtc 7000e000.rtc: Tegra internal Real Time Clock
 i2c /dev entries driver
-IR NEC protocol handler initialized
-IR RC5(x/sz) protocol handler initialized
-IR RC6 protocol handler initialized
-IR JVC protocol handler initialized
-IR Sony protocol handler initialized
-IR SANYO protocol handler initialized
-IR Sharp protocol handler initialized
-IR MCE Keyboard/mouse protocol handler initialized
-IR XMP protocol handler initialized
 usbcore: registered new interface driver uvcvideo
 USB Video Class driver (1.1.1)
 gspca_main: v2.14.0 registered
@@ -356,7 +347,7 @@
 mmcblk1: mmc1:0001 SEM32G 29.1 GiB 
 mmcblk1boot0: mmc1:0001 SEM32G partition 1 4.00 MiB
 mmcblk1boot1: mmc1:0001 SEM32G partition 2 4.00 MiB
-mmcblk1rpmb: mmc1:0001 SEM32G partition 3 4.00 MiB
+mmcblk1rpmb: mmc1:0001 SEM32G partition 3 4.00 MiB, chardev (247:0)
  mmcblk1: p1 p2 p3 p4 p5 p6 p7 p8
 iommu: Adding device 70080400.i2s to group 58
 tegra30-i2s 70080400.i2s: DMA channels sourced from device 70080000.ahub
@@ -381,6 +372,7 @@
 Bluetooth: HIDP socket layer initialized
 Key type dns_resolver registered
 Registering SWP/SWPB emulation handler
+Loading compiled-in X.509 certificates
 usb1_vbus: supplied by vdd-sys-5v0
 usb2_vbus: supplied by vdd-sys-5v0
 VDD_5V0_HDMI_CON: supplied by vdd-sys-5v0
@@ -396,7 +388,11 @@
 hub 1-0:1.0: USB hub found
 hub 1-0:1.0: 1 port detected
 input: gpio-keys as /devices/soc0/gpio-keys/input/input1
-palmas-rtc 7000d000.i2c:tps65913@58:rtc: setting system clock to 2000-04-05 17:02:50 UTC (954954170)
+palmas-rtc 7000d000.i2c:tps65913@58:rtc: setting system clock to 2000-04-27 04:34:06 UTC (956810046)
+cfg80211: Loading compiled-in X.509 certificates for regulatory database
+cfg80211: Loaded X.509 cert 'sforshee: 00b28ddf47aef9cea7'
+platform regulatory.0: Direct firmware load for regulatory.db failed with error -2
+cfg80211: failed to load regulatory.db
 dvdd_ts: disabling
 usb1_vbus: disabling
 vdd_cam_1v8_reg: disabling
@@ -410,4 +406,4 @@
 Freeing unused kernel memory: 1024K
 bash: cannot set terminal process group (-1): Inappropriate ioctl for device
 bash: no job control in this shell
-root@(none):/# [    3.190237] usb 1-1: new high-speed USB device number 2 using tegra-ehci
+root@(none):/# [    3.181388] usb 1-1: new high-speed USB device number 2 using tegra-ehci
Diff for ./tegra124-jetson-tk1/tegra124-jetson-tk1/multi_v7_defconfig_log.txt
--- /tmp/fooa	2017-12-04 13:51:00.882600070 -0800
+++ /tmp/foob	2017-12-04 13:51:00.882600070 -0800
@@ -34,29 +34,29 @@
 	 #################################################################
 	 #################################################################
 	 #################################################################
-	 #####################################
-	 3.6 MiB/s
+	 #############################
+	 3.9 MiB/s
 done
-Bytes transferred = 8167936 (7ca200 hex)
+Bytes transferred = 8057344 (7af200 hex)
 Tegra124 (Jetson TK1) # tftpboot 0x83000000 tegra124-jetson-tk1.dtb
 Using eth_rtl8169 device
 TFTP from server 192.168.100.1; our IP address is 192.168.100.102
 Filename 'tegra124-jetson-tk1.dtb'.
 Load address: 0x83000000
 Loading: *#####
-	 3.8 MiB/s
+	 3.7 MiB/s
 done
-Bytes transferred = 67173 (10665 hex)
+Bytes transferred = 66544 (103f0 hex)
 Tegra124 (Jetson TK1) # bootz 0x82000000 - 0x83000000
-Kernel image @ 0x82000000 [ 0x000000 - 0x7ca200 ]
+Kernel image @ 0x82000000 [ 0x000000 - 0x7af200 ]
 ## Flattened Device Tree blob at 83000000
    Booting using the fdt blob at 0x83000000
-   Using Device Tree in place at 83000000, end 83013664
+   Using Device Tree in place at 83000000, end 830133ef
 
 Starting kernel ...
 
 Booting Linux on physical CPU 0x0
-Linux version 4.14.0-201708-gbebc608 (jonathanh@sellafield) (gcc version 4.7.3 20130328 (prerelease) (crosstool-NG linaro-1.13.1-4.7-2013.04-20130415 - Linaro GCC 2013.04)) #1 SMP Mon Nov 13 02:04:20 PST 2017
+Linux version 4.15.0-rc1-333438-g4fbd8d194f06 (jonathanh@tamien) (gcc version 4.7.3 20130328 (prerelease) (crosstool-NG linaro-1.13.1-4.7-2013.04-20130415 - Linaro GCC 2013.04)) #1 SMP Mon Dec 4 13:33:57 PST 2017
 CPU: ARMv7 Processor [413fc0f3] revision 3 (ARMv7), cr=10c5387d
 CPU: div instructions available: patching division code
 CPU: PIPT / VIPT nonaliasing data cache, PIPT instruction cache
@@ -67,21 +67,19 @@
 efi: UEFI not found.
 cma: Reserved 64 MiB at 0xfb800000
 On node 0 totalpages: 524032
-free_area_init_node: node 0, pgdat c158fa80, node_mem_map eeff8000
   DMA zone: 1536 pages used for memmap
   DMA zone: 0 pages reserved
   DMA zone: 196608 pages, LIFO batch:31
   HighMem zone: 327424 pages, LIFO batch:31
 random: fast init done
-percpu: Embedded 17 pages/cpu @eef82000 s39424 r8192 d22016 u69632
-pcpu-alloc: s39424 r8192 d22016 u69632 alloc=17*4096
+percpu: Embedded 17 pages/cpu @eef87000 s39040 r8192 d22400 u69632
+pcpu-alloc: s39040 r8192 d22400 u69632 alloc=17*4096
 pcpu-alloc: [0] 0 [0] 1 [0] 2 [0] 3 
 Built 1 zonelists, mobility grouping on.  Total pages: 522496
 Kernel command line: ignore_loglevel console=ttyS0,115200n8 rw root=PARTUUID=b1791faa-84e8-4e27-83a1-9fb0a77e8803 rootwait gpt debug noinitrd earlyprintk init=/bin/bash
-PID hash table entries: 4096 (order: 2, 16384 bytes)
 Dentry cache hash table entries: 131072 (order: 7, 524288 bytes)
 Inode-cache hash table entries: 65536 (order: 6, 262144 bytes)
-Memory: 1993356K/2096128K available (10240K kernel code, 1631K rwdata, 4504K rodata, 2048K init, 406K bss, 37236K reserved, 65536K cma-reserved, 1244160K highmem)
+Memory: 1992440K/2096128K available (11264K kernel code, 1602K rwdata, 4296K rodata, 2048K init, 404K bss, 38152K reserved, 65536K cma-reserved, 1244160K highmem)
 Virtual kernel memory layout:
     vector  : 0xffff0000 - 0xffff1000   (   4 kB)
     fixmap  : 0xffc00000 - 0xfff00000   (3072 kB)
@@ -89,10 +87,10 @@
     lowmem  : 0xc0000000 - 0xf0000000   ( 768 MB)
     pkmap   : 0xbfe00000 - 0xc0000000   (   2 MB)
     modules : 0xbf000000 - 0xbfe00000   (  14 MB)
-      .text : 0xc0208000 - 0xc0d00000   (11232 kB)
-      .init : 0xc1200000 - 0xc1400000   (2048 kB)
-      .data : 0xc1400000 - 0xc1597f28   (1632 kB)
-       .bss : 0xc15a0b9c - 0xc16064fc   ( 407 kB)
+      .text : 0xc0208000 - 0xc0e00000   (12256 kB)
+      .init : 0xc1300000 - 0xc1500000   (2048 kB)
+      .data : 0xc1500000 - 0xc1690a5c   (1603 kB)
+       .bss : 0xc1690a5c - 0xc16f5ca4   ( 405 kB)
 SLUB: HWalign=64, Order=0-3, MinObjects=0, CPUs=4, Nodes=1
 Hierarchical RCU implementation.
 	RCU event tracing is enabled.
@@ -178,33 +176,34 @@
 iommu: Adding device 7009f000.padctl to group 32
 iommu: Adding device 700b0400.sdhci to group 33
 iommu: Adding device 700b0600.sdhci to group 34
-iommu: Adding device 700e2000.thermal-sensor to group 35
-iommu: Adding device 70110000.clock to group 36
-iommu: Adding device 70300000.ahub to group 37
-iommu: Adding device 7d000000.usb to group 38
-iommu: Adding device 7d000000.usb-phy to group 39
-iommu: Adding device 7d004000.usb to group 40
-iommu: Adding device 7d004000.usb-phy to group 41
-iommu: Adding device 7d008000.usb to group 42
-iommu: Adding device 7d008000.usb-phy to group 43
-iommu: Adding device pmu to group 44
-iommu: Adding device timer to group 45
-iommu: Adding device clocks to group 46
-iommu: Adding device gpio-keys to group 47
-iommu: Adding device regulators to group 48
-iommu: Adding device regulators:regulator@0 to group 49
-iommu: Adding device regulators:regulator@1 to group 50
-iommu: Adding device regulators:regulator@2 to group 51
-iommu: Adding device regulators:regulator@3 to group 52
-iommu: Adding device regulators:regulator@4 to group 53
-iommu: Adding device regulators:regulator@7 to group 54
-iommu: Adding device regulators:regulator@8 to group 55
-iommu: Adding device regulators:regulator@10 to group 56
-iommu: Adding device regulators:regulator@11 to group 57
-iommu: Adding device regulators:regulator@12 to group 58
-iommu: Adding device regulators:regulator@13 to group 59
-iommu: Adding device regulators:regulator@14 to group 60
-iommu: Adding device sound to group 61
+iommu: Adding device 70015000.cec to group 35
+iommu: Adding device 700e2000.thermal-sensor to group 36
+iommu: Adding device 70110000.clock to group 37
+iommu: Adding device 70300000.ahub to group 38
+iommu: Adding device 7d000000.usb to group 39
+iommu: Adding device 7d000000.usb-phy to group 40
+iommu: Adding device 7d004000.usb to group 41
+iommu: Adding device 7d004000.usb-phy to group 42
+iommu: Adding device 7d008000.usb to group 43
+iommu: Adding device 7d008000.usb-phy to group 44
+iommu: Adding device pmu to group 45
+iommu: Adding device timer to group 46
+iommu: Adding device clocks to group 47
+iommu: Adding device gpio-keys to group 48
+iommu: Adding device regulators to group 49
+iommu: Adding device regulators:regulator@0 to group 50
+iommu: Adding device regulators:regulator@1 to group 51
+iommu: Adding device regulators:regulator@2 to group 52
+iommu: Adding device regulators:regulator@3 to group 53
+iommu: Adding device regulators:regulator@4 to group 54
+iommu: Adding device regulators:regulator@7 to group 55
+iommu: Adding device regulators:regulator@8 to group 56
+iommu: Adding device regulators:regulator@10 to group 57
+iommu: Adding device regulators:regulator@11 to group 58
+iommu: Adding device regulators:regulator@12 to group 59
+iommu: Adding device regulators:regulator@13 to group 60
+iommu: Adding device regulators:regulator@14 to group 61
+iommu: Adding device sound to group 62
 AT91: Could not find identification node
 +5V_SYS: supplied by +VDD_MUX
 +3.3V_SYS: supplied by +VDD_MUX
@@ -245,15 +244,18 @@
 RPC: Registered tcp NFSv4.1 backchannel transport module.
 PCI: CLS 0 bytes, default 64
 hw perfevents: enabled with armv7_cortex_a15 PMU driver, 7 counters available
-iommu: Adding device alarmtimer to group 62
+iommu: Adding device alarmtimer to group 63
+Initialise system trusted keyrings
 workingset: timestamp_bits=30 max_order=19 bucket_order=0
 squashfs: version 4.0 (2009/01/31) Phillip Lougher
 NFS: Registering the id_resolver key type
 Key type id_resolver registered
 Key type id_legacy registered
 ntfs: driver 2.1.32 [Flags: R/O].
+Key type asymmetric registered
+Asymmetric key parser 'x509' registered
 bounce: pool size: 64 pages
-Block layer SCSI generic (bsg) driver version 0.4 loaded (major 248)
+Block layer SCSI generic (bsg) driver version 0.4 loaded (major 247)
 io scheduler noop registered
 io scheduler deadline registered
 io scheduler cfq registered (default)
@@ -268,7 +270,7 @@
 tegra-apbdma 60020000.dma: Tegra20 APB DMA driver register 32 channels
 tegra-pmc 7000e400.pmc: emergency thermal reset enabled
 Serial: 8250/16550 driver, 4 ports, IRQ sharing disabled
-iommu: Adding device serial8250 to group 63
+iommu: Adding device serial8250 to group 64
 console [ttyS0] disabled
 70006300.serial: ttyS0 at MMIO 0x70006300 (irq = 335, base_baud = 25500000) is a Tegra
 console [ttyS0] enabled
@@ -282,8 +284,8 @@
 loop: module loaded
 at24 0-0056: 256 byte 24c02 EEPROM, writable, 8 bytes/write
 as3722 4-0040: AS3722 with revision 0x1 found
-iommu: Adding device as3722-pinctrl to group 64
-iommu: Adding device as3722-regulator to group 65
+iommu: Adding device as3722-pinctrl to group 65
+iommu: Adding device as3722-regulator to group 66
 as3722-sd2: supplied by +5V_SYS
 as3722-sd3: supplied by +5V_SYS
 +1.35V_LP0(sd3): Bringing 0uV into 1350000-1350000uV
@@ -301,13 +303,13 @@
 +VDDIO_SDMMC3: bypassed regulator has no supply!
 +VDDIO_SDMMC3: failed to get the current voltage(-517)
 as3722-regulator as3722-regulator: regulator 13 register failed -517
-iommu: Adding device as3722-rtc to group 66
-iommu: Adding device as3722-adc to group 67
-iommu: Adding device as3722-power-off to group 68
-iommu: Adding device as3722-wdt to group 69
+iommu: Adding device as3722-rtc to group 67
+iommu: Adding device as3722-adc to group 68
+iommu: Adding device as3722-power-off to group 69
+iommu: Adding device as3722-wdt to group 70
 tegra-ahci 70027000.sata: couldn't get PHY in node sata: -517
 m25p80 spi1.0: w25q32dw (4096 Kbytes)
-iommu: Adding device Fixed MDIO bus.0 to group 70
+iommu: Adding device Fixed MDIO bus.0 to group 71
 libphy: Fixed MDIO Bus: probed
 CAN device driver interface
 bgmac_bcma: Broadcom 47xx GBit MAC driver loaded
@@ -339,7 +341,7 @@
 tegra-ehci: Tegra EHCI driver
 tegra-ehci 7d004000.usb: EHCI Host Controller
 tegra-ehci 7d004000.usb: new USB bus registered, assigned bus number 1
-tegra-ehci 7d004000.usb: irq 355, io mem 0x7d004000
+tegra-ehci 7d004000.usb: irq 356, io mem 0x7d004000
 tegra-ehci 7d004000.usb: USB 2.0 started, EHCI 1.10
 hub 1-0:1.0: USB hub found
 hub 1-0:1.0: 1 port detected
@@ -350,23 +352,14 @@
 ohci-st: OHCI STMicroelectronics driver
 ohci-atmel: OHCI Atmel driver
 usbcore: registered new interface driver usb-storage
-iommu: Adding device ci_hdrc.0 to group 71
+iommu: Adding device ci_hdrc.0 to group 72
 as3722-rtc as3722-rtc: rtc core: registered as3722-rtc as rtc0
-as3722-rtc as3722-rtc: RTC interrupt 378
+as3722-rtc as3722-rtc: RTC interrupt 379
 tegra_rtc 7000e000.rtc: rtc core: registered 7000e000.rtc as rtc1
 tegra_rtc 7000e000.rtc: Tegra internal Real Time Clock
 i2c /dev entries driver
-IR NEC protocol handler initialized
-IR RC5(x/sz) protocol handler initialized
-IR RC6 protocol handler initialized
-IR JVC protocol handler initialized
-IR Sony protocol handler initialized
-IR SANYO protocol handler initialized
-IR Sharp protocol handler initialized
-IR MCE Keyboard/mouse protocol handler initialized
-IR XMP protocol handler initialized
 lm90 0-004c: 0-004c supply vcc not found, using dummy regulator
-iommu: Adding device cpufreq-tegra124 to group 72
+iommu: Adding device cpufreq-tegra124 to group 73
 sdhci: Secure Digital Host Controller Interface driver
 sdhci: Copyright(c) Pierre Ossman
 Synopsys Designware Multimedia Card Interface Driver
@@ -391,6 +384,7 @@
 Key type dns_resolver registered
 ThumbEE CPU extension supported.
 Registering SWP/SWPB emulation handler
+Loading compiled-in X.509 certificates
 +3.3V_RUN: supplied by +3.3V_SYS
 +USB0_VBUS_SW: supplied by +5V_SYS
 +3.3V_AVDD_HDMI_AP_GATED: supplied by +3.3V_RUN
@@ -400,12 +394,6 @@
 +5V_SATA: supplied by +5V_SYS
 +12V_SATA: supplied by +VDD_MUX
  usb2-0: usb2-0 supply vbus not found, using dummy regulator
-mmc0: new high speed MMC card at address 0001
-mmcblk0: mmc0:0001 SEM16G 14.7 GiB 
-mmcblk0boot0: mmc0:0001 SEM16G partition 1 4.00 MiB
-mmcblk0boot1: mmc0:0001 SEM16G partition 2 4.00 MiB
-mmcblk0rpmb: mmc0:0001 SEM16G partition 3 4.00 MiB
- mmcblk0: p1
  usb2-1: usb2-1 supply vbus not found, using dummy regulator
  usb3-0: usb3-0 supply vbus not found, using dummy regulator
 tegra-pcie 1003000.pcie: 2x1, 1x1 configuration
@@ -431,15 +419,21 @@
 +2.8V_RUN_CAM_AF: Bringing 0uV into 2800000-2800000uV
 as3722-ldo11: supplied by +3.3V_RUN
 +1.8V_RUN_VPP_FUSE: Bringing 0uV into 1800000-1800000uV
+mmc0: new high speed MMC card at address 0001
+mmcblk0: mmc0:0001 SEM16G 14.7 GiB 
+mmcblk0boot0: mmc0:0001 SEM16G partition 1 4.00 MiB
+mmcblk0boot1: mmc0:0001 SEM16G partition 2 4.00 MiB
+mmcblk0rpmb: mmc0:0001 SEM16G partition 3 4.00 MiB, chardev (237:0)
 tegra-ahci 70027000.sata: AHCI 0001.0301 32 slots 2 ports 3 Gbps 0x1 impl platform mode
 tegra-ahci 70027000.sata: flags: 64bit ncq sntf pm led pio slum part sadm sds apst 
+ mmcblk0: p1
 scsi host0: tegra-ahci
 scsi host1: tegra-ahci
 ata1: SATA max UDMA/133 mmio [mem 0x70027000-0x70028fff] port 0x100 irq 345
 ata2: DUMMY
 tegra-ehci 7d008000.usb: EHCI Host Controller
 tegra-ehci 7d008000.usb: new USB bus registered, assigned bus number 2
-tegra-ehci 7d008000.usb: irq 356, io mem 0x7d008000
+tegra-ehci 7d008000.usb: irq 357, io mem 0x7d008000
 tegra-ehci 7d008000.usb: USB 2.0 started, EHCI 1.10
 hub 2-0:1.0: USB hub found
 hub 2-0:1.0: 1 port detected
@@ -466,8 +460,8 @@
 pci_bus 0000:00: 2-byte config write to 0000:00:01.0 offset 0x52 may corrupt adjacent RW1C bits
 pci 0000:00:01.0: PME# supported from D0 D1 D2 D3hot D3cold
 pci_bus 0000:00: 2-byte config write to 0000:00:01.0 offset 0x4c may corrupt adjacent RW1C bits
-pci 0000:00:02.0: [10de:0e13] type 01 class 0x060400
 ata1: SATA link down (SStatus 0 SControl 300)
+pci 0000:00:02.0: [10de:0e13] type 01 class 0x060400
 pci_bus 0000:00: 2-byte config write to 0000:00:02.0 offset 0x4 may corrupt adjacent RW1C bits
 pci_bus 0000:00: 2-byte config write to 0000:00:02.0 offset 0x4 may corrupt adjacent RW1C bits
 pci 0000:00:02.0: enabling Extended Tags
@@ -480,18 +474,12 @@
 pci 0000:00:02.0: bridge configuration invalid ([bus 00-00]), reconfiguring
 pci 0000:01:00.0: [8086:4232] type 00 class 0x028000
 pci 0000:01:00.0: reg 0x10: [mem 0x00000000-0x00001fff 64bit]
-pci 0000:01:00.0: PME# supported from D0 D3hot D3cold
-mmc1: new high speed SDHC card at address aaaa
-mmcblk1: mmc1:aaaa SD04G 3.69 GiB 
 PCI: bus1: Fast back to back transfers disabled
 pci_bus 0000:01: busn_res: [bus 01-ff] end is updated to 01
 pci 0000:02:00.0: [10ec:8168] type 00 class 0x020000
 pci 0000:02:00.0: reg 0x10: [io  0x0000-0x00ff]
 pci 0000:02:00.0: reg 0x18: [mem 0x00000000-0x00000fff 64bit]
 pci 0000:02:00.0: reg 0x20: [mem 0x00000000-0x00003fff 64bit pref]
-pci 0000:02:00.0: supports D1 D2
-pci 0000:02:00.0: PME# supported from D0 D1 D2 D3hot D3cold
- mmcblk1: p1 p2 p3
 PCI: bus2: Fast back to back transfers disabled
 pci_bus 0000:02: busn_res: [bus 02-ff] end is updated to 02
 pci 0000:00:01.0: BAR 8: assigned [mem 0x13000000-0x130fffff]
@@ -510,26 +498,30 @@
 pci 0000:00:02.0:   bridge window [mem 0x20000000-0x200fffff 64bit pref]
 pci 0000:00:01.0: nv_msi_ht_cap_quirk didn't locate host bridge
 pcieport 0000:00:01.0: enabling device (0140 -> 0142)
-pcieport 0000:00:01.0: Signaling PME with IRQ 394
+pcieport 0000:00:01.0: Signaling PME with IRQ 395
 pci 0000:00:02.0: nv_msi_ht_cap_quirk didn't locate host bridge
 pcieport 0000:00:02.0: enabling device (0140 -> 0143)
-pcieport 0000:00:02.0: Signaling PME with IRQ 395
+pcieport 0000:00:02.0: Signaling PME with IRQ 396
 r8169 Gigabit Ethernet driver 2.3LK-NAPI loaded
 r8169 0000:02:00.0: enabling device (0140 -> 0143)
-r8169 0000:02:00.0 eth0: RTL8168g/8111g at 0xf0b81000, 00:04:4b:3a:d9:81, XID 0c000800 IRQ 396
+r8169 0000:02:00.0 (unnamed net_device) (uninitialized): not PCI Express
+mmc1: new high speed SDHC card at address aaaa
+mmcblk1: mmc1:aaaa SD04G 3.69 GiB 
+r8169 0000:02:00.0 eth0: RTL8168g/8111g at 0xf0a77000, 00:04:4b:3a:d9:81, XID 0c000800 IRQ 22
 r8169 0000:02:00.0 eth0: jumbo features [frames: 9200 bytes, tx checksumming: ko]
 +1.05V_RUN_AVDD_HDMI_PLL: supplied by +1.05V_RUN
 [drm] Supports vblank timestamp caching Rev 2 (21.10.2013).
 [drm] No driver support for vblank timestamp query.
+ mmcblk1: p1 p2 p3
 tegra-hdmi 54280000.hdmi: cannot set audio to 48000 Hz at 297000000 Hz pixel clock
 Console: switching to colour frame buffer device 512x135
 drm drm: fb0:  frame buffer device
 [drm] Initialized tegra 0.0.0 20120330 for drm on minor 0
-iommu: Adding device cpufreq-dt.0 to group 73
+iommu: Adding device cpufreq-dt.0 to group 74
 cpufreq: cpufreq_online: CPU0: Running at unlisted freq: 696000 KHz
 cpufreq: cpufreq_online: CPU0: Unlisted initial frequency changed to: 714000 KHz
 input: gpio-keys as /devices/soc0/gpio-keys/input/input0
-as3722-rtc as3722-rtc: setting system clock to 2000-01-01 00:00:14 UTC (946684814)
+as3722-rtc as3722-rtc: setting system clock to 2000-01-01 00:02:59 UTC (946684979)
 +USB0_VBUS_SW: disabling
 +1.8V_RUN_CAM: disabling
 +2.8V_RUN_CAM: disabling
Diff for ./tegra124-jetson-tk1/tegra124-jetson-tk1/tegra_defconfig_log.txt
--- /tmp/fooa	2017-12-04 13:51:00.890600106 -0800
+++ /tmp/foob	2017-12-04 13:51:00.894600123 -0800
@@ -9,7 +9,7 @@
 Model: NVIDIA Jetson TK1
 Board: NVIDIA Jetson TK1
 DRAM:  2 GiB
-MMC:   Tegra SD/MMC: 0, Tegra SD/MMC: 1
+MC:   Tegra SD/MMC: 0, Tegra SD/MMC: 1
 In:    serial
 Out:   serial
 Err:   serial
@@ -32,30 +32,29 @@
 	 #################################################################
 	 #################################################################
 	 #################################################################
-	 ########################################
-	 3.3 MiB/s
+	 ##############################
+	 4 MiB/s
 done
-Bytes transferred = 6299272 (601e88 hex)
+Bytes transferred = 6164760 (5e1118 hex)
 Tegra124 (Jetson TK1) # tftpboot 0x83000000 tegra124-jetson-tk1.dtb
 Using eth_rtl8169 device
 TFTP from server 192.168.100.1; our IP address is 192.168.100.102
 Filename 'tegra124-jetson-tk1.dtb'.
 Load address: 0x83000000
 Loading: *#####
-	 3.2 MiB/s
+	 3.7 MiB/s
 done
-Bytes transferred = 67173 (10665 hex)
+Bytes transferred = 66544 (103f0 hex)
 Tegra124 (Jetson TK1) # bootz 0x82000000 - 0x83000000
-Kernel image @ 0x82000000 [ 0x000000 - 0x601e88 ]
+Kernel image @ 0x82000000 [ 0x000000 - 0x5e1118 ]
 ## Flattened Device Tree blob at 83000000
    Booting using the fdt blob at 0x83000000
-   Using Device Tree in place at 83000000, end 83013664
+   Using Device Tree in place at 83000000, end 830133ef
 
 Starting kernel ...
 
-Uncompressing Linux... done, booting the kernel.
 Booting Linux on physical CPU 0x0
-Linux version 4.14.0-201708-gbebc608 (jonathanh@kaivo) (gcc version 4.7.3 20130328 (prerelease) (crosstool-NG linaro-1.13.1-4.7-2013.04-20130415 - Linaro GCC 2013.04)) #1 SMP PREEMPT Mon Nov 13 02:04:38 PST 2017
+Linux version 4.15.0-rc1-13489-g4fbd8d1 (jonathanh@kaivo) (gcc version 4.7.3 20130328 (prerelease) (crosstool-NG linaro-1.13.1-4.7-2013.04-20130415 - Linaro GCC 2013.04)) #1 SMP PREEMPT Mon Dec 4 13:32:33 PST 2017
 CPU: ARMv7 Processor [413fc0f3] revision 3 (ARMv7), cr=10c5387d
 CPU: div instructions available: patching division code
 CPU: PIPT / VIPT nonaliasing data cache, PIPT instruction cache
@@ -65,21 +64,19 @@
 Memory policy: Data cache writealloc
 cma: Reserved 64 MiB at 0xfbc00000
 On node 0 totalpages: 524032
-free_area_init_node: node 0, pgdat c0fb98c0, node_mem_map eeff7000
   Normal zone: 1536 pages used for memmap
   Normal zone: 0 pages reserved
   Normal zone: 196608 pages, LIFO batch:31
   HighMem zone: 327424 pages, LIFO batch:31
 random: fast init done
-percpu: Embedded 17 pages/cpu @eef81000 s39488 r8192 d21952 u69632
-pcpu-alloc: s39488 r8192 d21952 u69632 alloc=17*4096
+percpu: Embedded 17 pages/cpu @eef88000 s39104 r8192 d22336 u69632
+pcpu-alloc: s39104 r8192 d22336 u69632 alloc=17*4096
 pcpu-alloc: [0] 0 [0] 1 [0] 2 [0] 3 
 Built 1 zonelists, mobility grouping on.  Total pages: 522496
 Kernel command line: ignore_loglevel console=ttyS0,115200n8 rw root=PARTUUID=b1791faa-84e8-4e27-83a1-9fb0a77e8803 rootwait gpt debug noinitrd earlyprintk init=/bin/bash
-PID hash table entries: 4096 (order: 2, 16384 bytes)
 Dentry cache hash table entries: 131072 (order: 7, 524288 bytes)
 Inode-cache hash table entries: 65536 (order: 6, 262144 bytes)
-Memory: 1997372K/2096128K available (9216K kernel code, 786K rwdata, 2800K rodata, 1024K init, 300K bss, 33220K reserved, 65536K cma-reserved, 1244160K highmem)
+Memory: 1998492K/2096128K available (9216K kernel code, 778K rwdata, 2556K rodata, 1024K init, 299K bss, 32100K reserved, 65536K cma-reserved, 1244160K highmem)
 Virtual kernel memory layout:
     vector  : 0xffff0000 - 0xffff1000   (   4 kB)
     fixmap  : 0xffc00000 - 0xfff00000   (3072 kB)
@@ -88,9 +85,9 @@
     pkmap   : 0xbfe00000 - 0xc0000000   (   2 MB)
     modules : 0xbf000000 - 0xbfe00000   (  14 MB)
       .text : 0xc0008000 - 0xc0a00000   (10208 kB)
-      .init : 0xc0e00000 - 0xc0f00000   (1024 kB)
-      .data : 0xc0f00000 - 0xc0fc49e0   ( 787 kB)
-       .bss : 0xc0fce520 - 0xc101987c   ( 301 kB)
+      .init : 0xc0d00000 - 0xc0e00000   (1024 kB)
+      .data : 0xc0e00000 - 0xc0ec289c   ( 779 kB)
+       .bss : 0xc0ec289c - 0xc0f0d4ec   ( 300 kB)
 Preemptible hierarchical RCU implementation.
 	Tasks RCU enabled.
 NR_IRQS: 16, nr_irqs: 16, preallocated irqs: 16
@@ -170,33 +167,34 @@
 iommu: Adding device 7009f000.padctl to group 32
 iommu: Adding device 700b0400.sdhci to group 33
 iommu: Adding device 700b0600.sdhci to group 34
-iommu: Adding device 700e2000.thermal-sensor to group 35
-iommu: Adding device 70110000.clock to group 36
-iommu: Adding device 70300000.ahub to group 37
-iommu: Adding device 7d000000.usb to group 38
-iommu: Adding device 7d000000.usb-phy to group 39
-iommu: Adding device 7d004000.usb to group 40
-iommu: Adding device 7d004000.usb-phy to group 41
-iommu: Adding device 7d008000.usb to group 42
-iommu: Adding device 7d008000.usb-phy to group 43
-iommu: Adding device pmu to group 44
-iommu: Adding device timer to group 45
-iommu: Adding device clocks to group 46
-iommu: Adding device gpio-keys to group 47
-iommu: Adding device regulators to group 48
-iommu: Adding device regulators:regulator@0 to group 49
-iommu: Adding device regulators:regulator@1 to group 50
-iommu: Adding device regulators:regulator@2 to group 51
-iommu: Adding device regulators:regulator@3 to group 52
-iommu: Adding device regulators:regulator@4 to group 53
-iommu: Adding device regulators:regulator@7 to group 54
-iommu: Adding device regulators:regulator@8 to group 55
-iommu: Adding device regulators:regulator@10 to group 56
-iommu: Adding device regulators:regulator@11 to group 57
-iommu: Adding device regulators:regulator@12 to group 58
-iommu: Adding device regulators:regulator@13 to group 59
-iommu: Adding device regulators:regulator@14 to group 60
-iommu: Adding device sound to group 61
+iommu: Adding device 70015000.cec to group 35
+iommu: Adding device 700e2000.thermal-sensor to group 36
+iommu: Adding device 70110000.clock to group 37
+iommu: Adding device 70300000.ahub to group 38
+iommu: Adding device 7d000000.usb to group 39
+iommu: Adding device 7d000000.usb-phy to group 40
+iommu: Adding device 7d004000.usb to group 41
+iommu: Adding device 7d004000.usb-phy to group 42
+iommu: Adding device 7d008000.usb to group 43
+iommu: Adding device 7d008000.usb-phy to group 44
+iommu: Adding device pmu to group 45
+iommu: Adding device timer to group 46
+iommu: Adding device clocks to group 47
+iommu: Adding device gpio-keys to group 48
+iommu: Adding device regulators to group 49
+iommu: Adding device regulators:regulator@0 to group 50
+iommu: Adding device regulators:regulator@1 to group 51
+iommu: Adding device regulators:regulator@2 to group 52
+iommu: Adding device regulators:regulator@3 to group 53
+iommu: Adding device regulators:regulator@4 to group 54
+iommu: Adding device regulators:regulator@7 to group 55
+iommu: Adding device regulators:regulator@8 to group 56
+iommu: Adding device regulators:regulator@10 to group 57
+iommu: Adding device regulators:regulator@11 to group 58
+iommu: Adding device regulators:regulator@12 to group 59
+iommu: Adding device regulators:regulator@13 to group 60
+iommu: Adding device regulators:regulator@14 to group 61
+iommu: Adding device sound to group 62
 +5V_SYS: supplied by +VDD_MUX
 +3.3V_SYS: supplied by +VDD_MUX
 +USB0_VBUS_SW: Failed to request enable GPIO108: -517
@@ -228,7 +226,6 @@
 Bluetooth: HCI socket layer initialized
 Bluetooth: L2CAP socket layer initialized
 Bluetooth: SCO socket layer initialized
-iommu: Adding device regulatory.0 to group 62
 clocksource: Switched to clocksource arch_sys_counter
 NET: Registered protocol family 2
 TCP established hash table entries: 8192 (order: 3, 32768 bytes)
@@ -241,14 +238,18 @@
 RPC: Registered udp transport module.
 RPC: Registered tcp transport module.
 RPC: Registered tcp NFSv4.1 backchannel transport module.
+iommu: Adding device regulatory.0 to group 63
 PCI: CLS 0 bytes, default 64
 hw perfevents: enabled with armv7_cortex_a15 PMU driver, 7 counters available
-iommu: Adding device alarmtimer to group 63
+iommu: Adding device alarmtimer to group 64
+Initialise system trusted keyrings
 workingset: timestamp_bits=30 max_order=19 bucket_order=0
 squashfs: version 4.0 (2009/01/31) Phillip Lougher
 NFS: Registering the id_resolver key type
 Key type id_resolver registered
 Key type id_legacy registered
+Key type asymmetric registered
+Asymmetric key parser 'x509' registered
 bounce: pool size: 64 pages
 io scheduler noop registered (default)
 io scheduler mq-deadline registered
@@ -262,7 +263,7 @@
 tegra-apbdma 60020000.dma: Tegra20 APB DMA driver register 32 channels
 tegra-pmc 7000e400.pmc: emergency thermal reset enabled
 Serial: 8250/16550 driver, 4 ports, IRQ sharing disabled
-iommu: Adding device serial8250 to group 64
+iommu: Adding device serial8250 to group 65
 console [ttyS0] disabled
 70006300.serial: ttyS0 at MMIO 0x70006300 (irq = 335, base_baud = 25500000) is a Tegra
 console [ttyS0] enabled
@@ -275,8 +276,8 @@
 loop: module loaded
 at24 0-0056: 256 byte 24c02 EEPROM, writable, 8 bytes/write
 as3722 4-0040: AS3722 with revision 0x1 found
-iommu: Adding device as3722-pinctrl to group 65
-iommu: Adding device as3722-regulator to group 66
+iommu: Adding device as3722-pinctrl to group 66
+iommu: Adding device as3722-regulator to group 67
 as3722-sd2: supplied by +5V_SYS
 as3722-sd3: supplied by +5V_SYS
 +1.35V_LP0(sd3): Bringing 0uV into 1350000-1350000uV
@@ -294,13 +295,13 @@
 +VDDIO_SDMMC3: bypassed regulator has no supply!
 +VDDIO_SDMMC3: failed to get the current voltage(-517)
 as3722-regulator as3722-regulator: regulator 13 register failed -517
-iommu: Adding device as3722-rtc to group 67
-iommu: Adding device as3722-adc to group 68
-iommu: Adding device as3722-power-off to group 69
-iommu: Adding device as3722-wdt to group 70
+iommu: Adding device as3722-rtc to group 68
+iommu: Adding device as3722-adc to group 69
+iommu: Adding device as3722-power-off to group 70
+iommu: Adding device as3722-wdt to group 71
 tegra-ahci 70027000.sata: couldn't get PHY in node sata: -517
 m25p80 spi1.0: w25q32dw (4096 Kbytes)
-iommu: Adding device Fixed MDIO bus.0 to group 71
+iommu: Adding device Fixed MDIO bus.0 to group 72
 libphy: Fixed MDIO Bus: probed
 CAN device driver interface
 igb: Intel(R) Gigabit Ethernet Network Driver - version 5.4.0-k
@@ -323,7 +324,7 @@
 tegra-ehci: Tegra EHCI driver
 tegra-ehci 7d004000.usb: EHCI Host Controller
 tegra-ehci 7d004000.usb: new USB bus registered, assigned bus number 1
-tegra-ehci 7d004000.usb: irq 355, io mem 0x7d004000
+tegra-ehci 7d004000.usb: irq 356, io mem 0x7d004000
 tegra-ehci 7d004000.usb: USB 2.0 started, EHCI 1.10
 hub 1-0:1.0: USB hub found
 hub 1-0:1.0: 1 port detected
@@ -331,27 +332,18 @@
 cdc_acm: USB Abstract Control Model driver for USB modems and ISDN adapters
 usbcore: registered new interface driver cdc_wdm
 usbcore: registered new interface driver usb-storage
-iommu: Adding device ci_hdrc.0 to group 72
+iommu: Adding device ci_hdrc.0 to group 73
 as3722-rtc as3722-rtc: rtc core: registered as3722-rtc as rtc0
-as3722-rtc as3722-rtc: RTC interrupt 378
+as3722-rtc as3722-rtc: RTC interrupt 379
 tegra_rtc 7000e000.rtc: rtc core: registered 7000e000.rtc as rtc1
 tegra_rtc 7000e000.rtc: Tegra internal Real Time Clock
 i2c /dev entries driver
-IR NEC protocol handler initialized
-IR RC5(x/sz) protocol handler initialized
-IR RC6 protocol handler initialized
-IR JVC protocol handler initialized
-IR Sony protocol handler initialized
-IR SANYO protocol handler initialized
-IR Sharp protocol handler initialized
-IR MCE Keyboard/mouse protocol handler initialized
-IR XMP protocol handler initialized
 usbcore: registered new interface driver uvcvideo
 USB Video Class driver (1.1.1)
 gspca_main: v2.14.0 registered
 lm90 0-004c: 0-004c supply vcc not found, using dummy regulator
 tegra-wdt 60005000.timer: initialized (heartbeat = 120 sec, nowayout = 0)
-iommu: Adding device cpufreq-tegra124 to group 73
+iommu: Adding device cpufreq-tegra124 to group 74
 sdhci: Secure Digital Host Controller Interface driver
 sdhci: Copyright(c) Pierre Ossman
 sdhci-pltfm: SDHCI platform and OF driver helper
@@ -362,14 +354,14 @@
 mmc0: SDHCI controller on 700b0600.sdhci [700b0600.sdhci] using ADMA
 usbcore: registered new interface driver usbhid
 usbhid: USB HID core driver
-iommu: Adding device snd-soc-dummy to group 74
+iommu: Adding device snd-soc-dummy to group 75
 mmc0: new high speed MMC card at address 0001
 mmcblk0: mmc0:0001 SEM16G 14.7 GiB 
 mmcblk0boot0: mmc0:0001 SEM16G partition 1 4.00 MiB
 mmcblk0boot1: mmc0:0001 SEM16G partition 2 4.00 MiB
-mmcblk0rpmb: mmc0:0001 SEM16G partition 3 4.00 MiB
+mmcblk0rpmb: mmc0:0001 SEM16G partition 3 4.00 MiB, chardev (247:0)
  mmcblk0: p1
-iommu: Adding device 70301100.i2s to group 75
+iommu: Adding device 70301100.i2s to group 76
 tegra30-i2s 70301100.i2s: DMA channels sourced from device 70300000.ahub
 tegra-snd-rt5640 sound: rt5640-aif1 <-> 70301100.i2s mapping ok
 input: NVIDIA Tegra Jetson TK1 Headphones as /devices/soc0/sound/sound/card1/input0
@@ -392,6 +384,7 @@
 Bluetooth: HIDP socket layer initialized
 Key type dns_resolver registered
 Registering SWP/SWPB emulation handler
+Loading compiled-in X.509 certificates
 +3.3V_RUN: supplied by +3.3V_SYS
 +USB0_VBUS_SW: supplied by +5V_SYS
 +3.3V_AVDD_HDMI_AP_GATED: supplied by +3.3V_RUN
@@ -417,8 +410,8 @@
 as3722-ldo3: supplied by +3.3V_SYS
 as3722-ldo4: supplied by +3.3V_SYS
 as3722-ldo5: supplied by +1.8V_VDDIO
-as3722-ldo6: supplied by +3.3V_RUN
 input: tegra-hda HDMI/DP,pcm=3 as /devices/soc0/70030000.hda/sound/card0/input1
+as3722-ldo6: supplied by +3.3V_RUN
 as3722-ldo7: supplied by +1.8V_VDDIO
 +1.05V_RUN_CAM_REAR: Bringing 0uV into 1050000-1050000uV
 as3722-ldo9: supplied by +5V_SYS
@@ -435,22 +428,14 @@
 ata2: DUMMY
 tegra-ehci 7d008000.usb: EHCI Host Controller
 tegra-ehci 7d008000.usb: new USB bus registered, assigned bus number 2
-tegra-ehci 7d008000.usb: irq 356, io mem 0x7d008000
+tegra-ehci 7d008000.usb: irq 357, io mem 0x7d008000
 tegra-ehci 7d008000.usb: USB 2.0 started, EHCI 1.10
 hub 2-0:1.0: USB hub found
 hub 2-0:1.0: 1 port detected
-tegra-xusb 70090000.usb: Firmware timestamp: 2014-09-16 02:10:07 UTC
-tegra-xusb 70090000.usb: xHCI Host Controller
-tegra-xusb 70090000.usb: new USB bus registered, assigned bus number 3
-tegra-xusb 70090000.usb: hcc params 0x0184f525 hci version 0x100 quirks 0x00010010
-tegra-xusb 70090000.usb: irq 347, io mem 0x70090000
-hub 3-0:1.0: USB hub found
-hub 3-0:1.0: 6 ports detected
-tegra-xusb 70090000.usb: xHCI Host Controller
-tegra-xusb 70090000.usb: new USB bus registered, assigned bus number 4
-usb usb4: We don't know the algorithms for LPM for this host, disabling LPM.
-hub 4-0:1.0: USB hub found
-hub 4-0:1.0: 2 ports detected
+tegra-xusb 70090000.usb: Direct firmware load for nvidia/tegra124/xusb.bin failed with error -2
+tegra-xusb 70090000.usb: failed to request firmware: -2
+tegra-xusb 70090000.usb: failed to load firmware: -2
+tegra-xusb: probe of 70090000.usb failed with error -2
 sdhci-tegra 700b0400.sdhci: Got CD GPIO
 sdhci-tegra 700b0400.sdhci: Got WP GPIO
 mmc1: Unknown controller version (3). You may experience problems.
@@ -459,7 +444,6 @@
 tegra-pcie 1003000.pcie: 2x1, 1x1 configuration
 tegra-pcie 1003000.pcie: probing port 0, using 2 lanes
 tegra-pcie 1003000.pcie: Slot present pin change, signature: 00000008
-ata1: SATA link down (SStatus 0 SControl 300)
 tegra-pcie 1003000.pcie: probing port 1, using 1 lanes
 tegra-pcie 1003000.pcie: Slot present pin change, signature: 00000000
 tegra-pcie 1003000.pcie: PCI host bridge to bus 0000:00
@@ -471,6 +455,7 @@
 pci_bus 0000:00: 2-byte config write to 0000:00:01.0 offset 0x4 may corrupt adjacent RW1C bits
 pci_bus 0000:00: 2-byte config write to 0000:00:01.0 offset 0x4 may corrupt adjacent RW1C bits
 pci 0000:00:01.0: enabling Extended Tags
+ata1: SATA link down (SStatus 0 SControl 300)
 pci_bus 0000:00: 2-byte config write to 0000:00:01.0 offset 0x88 may corrupt adjacent RW1C bits
 pci_bus 0000:00: 2-byte config write to 0000:00:01.0 offset 0x52 may corrupt adjacent RW1C bits
 pci 0000:00:01.0: PME# supported from D0 D1 D2 D3hot D3cold
@@ -488,18 +473,14 @@
 pci 0000:00:02.0: bridge configuration invalid ([bus 00-00]), reconfiguring
 pci 0000:01:00.0: [8086:4232] type 00 class 0x028000
 pci 0000:01:00.0: reg 0x10: [mem 0x00000000-0x00001fff 64bit]
-pci 0000:01:00.0: PME# supported from D0 D3hot D3cold
-mmc1: new high speed SDHC card at address aaaa
-mmcblk1: mmc1:aaaa SD04G 3.69 GiB 
 PCI: bus1: Fast back to back transfers disabled
 pci_bus 0000:01: busn_res: [bus 01-ff] end is updated to 01
 pci 0000:02:00.0: [10ec:8168] type 00 class 0x020000
 pci 0000:02:00.0: reg 0x10: [io  0x0000-0x00ff]
+mmc1: new high speed SDHC card at address aaaa
+mmcblk1: mmc1:aaaa SD04G 3.69 GiB 
 pci 0000:02:00.0: reg 0x18: [mem 0x00000000-0x00000fff 64bit]
 pci 0000:02:00.0: reg 0x20: [mem 0x00000000-0x00003fff 64bit pref]
-pci 0000:02:00.0: supports D1 D2
-pci 0000:02:00.0: PME# supported from D0 D1 D2 D3hot D3cold
- mmcblk1: p1 p2 p3
 PCI: bus2: Fast back to back transfers disabled
 pci_bus 0000:02: busn_res: [bus 02-ff] end is updated to 02
 pci 0000:00:01.0: BAR 8: assigned [mem 0x13000000-0x130fffff]
@@ -517,14 +498,16 @@
 pci 0000:00:02.0:   bridge window [mem 0x13100000-0x131fffff]
 pci 0000:00:02.0:   bridge window [mem 0x20000000-0x200fffff 64bit pref]
 pci 0000:00:01.0: nv_msi_ht_cap_quirk didn't locate host bridge
+ mmcblk1: p1 p2 p3
 pcieport 0000:00:01.0: enabling device (0140 -> 0142)
-pcieport 0000:00:01.0: Signaling PME with IRQ 394
+pcieport 0000:00:01.0: Signaling PME with IRQ 395
 pci 0000:00:02.0: nv_msi_ht_cap_quirk didn't locate host bridge
 pcieport 0000:00:02.0: enabling device (0140 -> 0143)
-pcieport 0000:00:02.0: Signaling PME with IRQ 395
+pcieport 0000:00:02.0: Signaling PME with IRQ 396
 r8169 Gigabit Ethernet driver 2.3LK-NAPI loaded
 r8169 0000:02:00.0: enabling device (0140 -> 0143)
-r8169 0000:02:00.0 eth0: RTL8168g/8111g at 0xf0a0e000, 00:04:4b:3a:d9:81, XID 0c000800 IRQ 396
+r8169 0000:02:00.0 (unnamed net_device) (uninitialized): not PCI Express
+r8169 0000:02:00.0 eth0: RTL8168g/8111g at 0xf09dc000, 00:04:4b:3a:d9:81, XID 0c000800 IRQ 22
 r8169 0000:02:00.0 eth0: jumbo features [frames: 9200 bytes, tx checksumming: ko]
 +1.05V_RUN_AVDD_HDMI_PLL: supplied by +1.05V_RUN
 [drm] Supports vblank timestamp caching Rev 2 (21.10.2013).
@@ -533,11 +516,15 @@
 Console: switching to colour frame buffer device 512x135
 drm drm: fb0:  frame buffer device
 [drm] Initialized tegra 0.0.0 20120330 for drm on minor 0
-iommu: Adding device cpufreq-dt.0 to group 76
+iommu: Adding device cpufreq-dt.0 to group 77
 cpufreq: cpufreq_online: CPU0: Running at unlisted freq: 696000 KHz
 cpufreq: cpufreq_online: CPU0: Unlisted initial frequency changed to: 714000 KHz
 input: gpio-keys as /devices/soc0/gpio-keys/input/input2
-as3722-rtc as3722-rtc: setting system clock to 2000-01-01 00:01:40 UTC (946684900)
+as3722-rtc as3722-rtc: setting system clock to 2000-01-01 00:00:14 UTC (946684814)
+cfg80211: Loading compiled-in X.509 certificates for regulatory database
+cfg80211: Loaded X.509 cert 'sforshee: 00b28ddf47aef9cea7'
+platform regulatory.0: Direct firmware load for regulatory.db failed with error -2
+cfg80211: failed to load regulatory.db
 +USB0_VBUS_SW: disabling
 +1.8V_RUN_CAM: disabling
 +2.8V_RUN_CAM: disabling
Diff for ./tegra124-jetson-tk1/tegra124-jetson-tk1/tegra_defconfig%tegra-fw_log.txt
Diff for ./tegra124-nyan-big/tegra124-nyan-big/multi_v7_defconfig_log.txt
--- /tmp/fooa	2017-12-04 13:51:00.918600231 -0800
+++ /tmp/foob	2017-12-04 13:51:00.922600249 -0800
@@ -5,7 +5,7 @@
 TEGRA124
 Model: Acer Chromebook 13 CB5-311
 DRAM:  4 GiB
-C:   Tegra SD/MMC: 0, Tegra SD/MMC: 1, Tegra SD/MMC: 2
+:   Tegra SD/MMC: 0, Tegra SD/MMC: 1, Tegra SD/MMC: 2
 MMC init failed
 Using default environment
 
@@ -14,7 +14,7 @@
 Err:   serial
 Net:   Net Initialization Skipped
 No ethernet found.
-Hit any key to stop autoboot:  2  0 
+Hit any key to stop autoboot:  2  1  0 
 Tegra124 (Nyan-big) # 
 Tegra124 (Nyan-big) # usb start
 starting USB...
@@ -42,29 +42,29 @@
 	 #################################################################
 	 #################################################################
 	 #################################################################
-	 #####################################
+	 #############################
 	 2.9 MiB/s
 done
-Bytes transferred = 8167936 (7ca200 hex)
+Bytes transferred = 8057344 (7af200 hex)
 Tegra124 (Nyan-big) # tftpboot 0x83000000 tegra124-nyan-big.dtb
 Using asx0 device
 TFTP from server 192.168.100.1; our IP address is 192.168.100.102
 Filename 'tegra124-nyan-big.dtb'.
 Load address: 0x83000000
 Loading: *#####
-	 2.6 MiB/s
+	 2.7 MiB/s
 done
-Bytes transferred = 68203 (10a6b hex)
+Bytes transferred = 67482 (1079a hex)
 Tegra124 (Nyan-big) # bootz 0x82000000 - 0x83000000
-Kernel image @ 0x82000000 [ 0x000000 - 0x7ca200 ]
+Kernel image @ 0x82000000 [ 0x000000 - 0x7af200 ]
 ## Flattened Device Tree blob at 83000000
    Booting using the fdt blob at 0x83000000
-   Using Device Tree in place at 83000000, end 83013a6a
+   Using Device Tree in place at 83000000, end 83013799
 
 Starting kernel ...
 
 Booting Linux on physical CPU 0x0
-Linux version 4.14.0-201708-gbebc608 (jonathanh@sellafield) (gcc version 4.7.3 20130328 (prerelease) (crosstool-NG linaro-1.13.1-4.7-2013.04-20130415 - Linaro GCC 2013.04)) #1 SMP Mon Nov 13 02:04:20 PST 2017
+Linux version 4.15.0-rc1-333438-g4fbd8d194f06 (jonathanh@tamien) (gcc version 4.7.3 20130328 (prerelease) (crosstool-NG linaro-1.13.1-4.7-2013.04-20130415 - Linaro GCC 2013.04)) #1 SMP Mon Dec 4 13:33:57 PST 2017
 CPU: ARMv7 Processor [413fc0f3] revision 3 (ARMv7), cr=10c5387d
 CPU: div instructions available: patching division code
 CPU: PIPT / VIPT nonaliasing data cache, PIPT instruction cache
@@ -76,21 +76,19 @@
 efi: UEFI not found.
 cma: Reserved 64 MiB at 0xfb800000
 On node 0 totalpages: 524287
-free_area_init_node: node 0, pgdat c158fa80, node_mem_map eeff8000
   DMA zone: 1536 pages used for memmap
   DMA zone: 0 pages reserved
   DMA zone: 196608 pages, LIFO batch:31
   HighMem zone: 327679 pages, LIFO batch:31
 random: fast init done
-percpu: Embedded 17 pages/cpu @eef81000 s39424 r8192 d22016 u69632
-pcpu-alloc: s39424 r8192 d22016 u69632 alloc=17*4096
+percpu: Embedded 17 pages/cpu @eef86000 s39040 r8192 d22400 u69632
+pcpu-alloc: s39040 r8192 d22400 u69632 alloc=17*4096
 pcpu-alloc: [0] 0 [0] 1 [0] 2 [0] 3 
 Built 1 zonelists, mobility grouping on.  Total pages: 522751
 Kernel command line: ignore_loglevel console=ttyS0,115200n8 rw root=PARTUUID=4d36e82a-b3c0-4b4b-bfcd-afe5217ac023 rootwait gpt debug noinitrd earlyprintk init=/bin/bash
-PID hash table entries: 4096 (order: 2, 16384 bytes)
 Dentry cache hash table entries: 131072 (order: 7, 524288 bytes)
 Inode-cache hash table entries: 65536 (order: 6, 262144 bytes)
-Memory: 1994372K/2097148K available (10240K kernel code, 1631K rwdata, 4504K rodata, 2048K init, 406K bss, 37240K reserved, 65536K cma-reserved, 1245180K highmem)
+Memory: 1993456K/2097148K available (11264K kernel code, 1602K rwdata, 4296K rodata, 2048K init, 404K bss, 38156K reserved, 65536K cma-reserved, 1245180K highmem)
 Virtual kernel memory layout:
     vector  : 0xffff0000 - 0xffff1000   (   4 kB)
     fixmap  : 0xffc00000 - 0xfff00000   (3072 kB)
@@ -98,10 +96,10 @@
     lowmem  : 0xc0000000 - 0xf0000000   ( 768 MB)
     pkmap   : 0xbfe00000 - 0xc0000000   (   2 MB)
     modules : 0xbf000000 - 0xbfe00000   (  14 MB)
-      .text : 0xc0208000 - 0xc0d00000   (11232 kB)
-      .init : 0xc1200000 - 0xc1400000   (2048 kB)
-      .data : 0xc1400000 - 0xc1597f28   (1632 kB)
-       .bss : 0xc15a0b9c - 0xc16064fc   ( 407 kB)
+      .text : 0xc0208000 - 0xc0e00000   (12256 kB)
+      .init : 0xc1300000 - 0xc1500000   (2048 kB)
+      .data : 0xc1500000 - 0xc1690a5c   (1603 kB)
+       .bss : 0xc1690a5c - 0xc16f5ca4   ( 405 kB)
 SLUB: HWalign=64, Order=0-3, MinObjects=0, CPUs=4, Nodes=1
 Hierarchical RCU implementation.
 	RCU event tracing is enabled.
@@ -256,14 +254,17 @@
 PCI: CLS 0 bytes, default 64
 hw perfevents: enabled with armv7_cortex_a15 PMU driver, 7 counters available
 iommu: Adding device alarmtimer to group 60
+Initialise system trusted keyrings
 workingset: timestamp_bits=30 max_order=19 bucket_order=0
 squashfs: version 4.0 (2009/01/31) Phillip Lougher
 NFS: Registering the id_resolver key type
 Key type id_resolver registered
 Key type id_legacy registered
 ntfs: driver 2.1.32 [Flags: R/O].
+Key type asymmetric registered
+Asymmetric key parser 'x509' registered
 bounce: pool size: 64 pages
-Block layer SCSI generic (bsg) driver version 0.4 loaded (major 248)
+Block layer SCSI generic (bsg) driver version 0.4 loaded (major 247)
 io scheduler noop registered
 io scheduler deadline registered
 io scheduler cfq registered (default)
@@ -357,15 +358,6 @@
 tegra_rtc 7000e000.rtc: rtc core: registered 7000e000.rtc as rtc1
 tegra_rtc 7000e000.rtc: Tegra internal Real Time Clock
 i2c /dev entries driver
-IR NEC protocol handler initialized
-IR RC5(x/sz) protocol handler initialized
-IR RC6 protocol handler initialized
-IR JVC protocol handler initialized
-IR Sony protocol handler initialized
-IR SANYO protocol handler initialized
-IR Sharp protocol handler initialized
-IR MCE Keyboard/mouse protocol handler initialized
-IR XMP protocol handler initialized
 lm90 0-004c: 0-004c supply vcc not found, using dummy regulator
 iommu: Adding device cpufreq-tegra124 to group 69
 sdhci: Secure Digital Host Controller Interface driver
@@ -378,9 +370,9 @@
 mmc0: Unknown controller version (3). You may experience problems.
 mmc0: Invalid maximum block size, assuming 512 bytes
 elan_i2c 1-0015: Elan Touchpad: Module ID: 0x002a, Firmware: 0x0005, Sample: 0x0007, IAP: 0x0009
-input: Elan Touchpad as /devices/soc0/7000c400.i2c/i2c-1/1-0015/input/input0
 mmc0: SDHCI controller on 700b0600.sdhci [700b0600.sdhci] using ADMA
 ledtrig-cpu: registered to indicate activity on CPUs
+input: Elan Touchpad as /devices/soc0/7000c400.i2c/i2c-1/1-0015/input/input0
 usbcore: registered new interface driver usbhid
 usbhid: USB HID core driver
 NET: Registered protocol family 10
@@ -395,6 +387,13 @@
 Key type dns_resolver registered
 ThumbEE CPU extension supported.
 Registering SWP/SWPB emulation handler
+mmc0: new high speed MMC card at address 0001
+mmcblk0: mmc0:0001 MMC16G 14.4 GiB 
+mmcblk0boot0: mmc0:0001 MMC16G partition 1 2.00 MiB
+mmcblk0boot1: mmc0:0001 MMC16G partition 2 2.00 MiB
+mmcblk0rpmb: mmc0:0001 MMC16G partition 3 128 KiB, chardev (237:0)
+ mmcblk0: p1 p2 p3 p4 p5 p6 p7 p8 p9 p10 p11 p12
+Loading compiled-in X.509 certificates
 +3.3V_RUN: supplied by +3.3V_SYS
 +VDD_LED: supplied by +VDD_MUX
 +3.3V_AVDD_HDMI_AP_GATED: supplied by +3.3V_RUN
@@ -406,15 +405,8 @@
 +5V_USB_SS: supplied by +5V_SYS
 +3.3V_PANEL: supplied by +3.3V_RUN
 +3.3V_LP0: supplied by +3.3V_SYS
-mmc0: new high speed MMC card at address 0001
-mmcblk0: mmc0:0001 MMC16G 14.4 GiB 
-mmcblk0boot0: mmc0:0001 MMC16G partition 1 2.00 MiB
-mmcblk0boot1: mmc0:0001 MMC16G partition 2 2.00 MiB
-mmcblk0rpmb: mmc0:0001 MMC16G partition 3 128 KiB
- mmcblk0: p1 p2 p3 p4 p5 p6 p7 p8 p9 p10 p11 p12
 +1.05V_RUN_AVDD_HDMI_PLL: supplied by +1.05V_RUN
 elan_i2c 1-0015: failed to read report data: -121
-elan_i2c 1-0015: failed to read report data: -121
 +5V_HDMI_CON: supplied by +5V_SYS
  usb3-0: usb3-0 supply vbus not found, using dummy regulator
  usb3-1: usb3-1 supply vbus not found, using dummy regulator
@@ -424,9 +416,9 @@
 mmc1: Unknown controller version (3). You may experience problems.
 mmc1: Invalid maximum block size, assuming 512 bytes
 mmc1: Switching to 3.3V signalling voltage failed
+elan_i2c 1-0015: invalid report id data (ff)
 mmc1: SDHCI controller on 700b0000.sdhci [700b0000.sdhci] using ADMA
 sdhci-tegra 700b0400.sdhci: Got CD GPIO
-elan_i2c 1-0015: invalid report id data (ff)
 sdhci-tegra 700b0400.sdhci: Got WP GPIO
 mmc2: Unknown controller version (3). You may experience problems.
 mmc2: Invalid maximum block size, assuming 512 bytes
@@ -434,36 +426,3 @@
 mmc2: SDHCI controller on 700b0400.sdhci [700b0400.sdhci] using ADMA
 [drm] Supports vblank timestamp caching Rev 2 (21.10.2013).
 [drm] No driver support for vblank timestamp query.
-mmc2: new high speed SDHC card at address 0007
-mmcblk2: mmc2:0007 SD08G 7.42 GiB 
-GPT:Primary header alternate_lba != Alt. header my_lba
-GPT:3014591 != 15564799
-GPT:Primary header thinks Alt. header is not at the end of the disk.
-GPT:3014591 != 15564799
-GPT: Use GNU Parted to correct GPT errors.
- mmcblk2: p1 p2 p3 p4 p5 p6 p7 p8 p9 p10 p11 p12
-Console: switching to colour frame buffer device 170x48
-drm drm: fb0:  frame buffer device
-[drm] Initialized tegra 0.0.0 20120330 for drm on minor 0
-input: gpio-keys as /devices/soc0/gpio-keys/input/input1
-as3722-rtc as3722-rtc: setting system clock to 2000-01-13 19:20:00 UTC (947791200)
-+1.8V_RUN_CAM: disabling
-+3.3V_RUN_CAM: disabling
-+1.2V_RUN_CAM_FRONT: disabling
-+1.05V_RUN_CAM_REAR: disabling
-+2.8V_RUN_TOUCH: disabling
-+2.8V_RUN_CAM_AF: disabling
-+1.8V_RUN_VPP_FUSE: disabling
-+5V_VDD_TS_SW: disabling
-+5V_USB_HS: disabling
-+5V_USB_SS: disabling
-EXT4-fs (mmcblk0p3): couldn't mount as ext3 due to feature incompatibilities
-EXT4-fs (mmcblk0p3): couldn't mount as ext2 due to feature incompatibilities
-EXT4-fs (mmcblk0p3): recovery complete
-EXT4-fs (mmcblk0p3): mounted filesystem with ordered data mode. Opts: (null)
-VFS: Mounted root (ext4 filesystem) on device 179:3.
-devtmpfs: mounted
-Freeing unused kernel memory: 2048K
-bash: cannot set terminal process group (-1): Inappropriate ioctl for device
-bash: no job control in this shell
-root@(none):/# 
\ No newline at end of file
Diff for ./tegra124-nyan-big/tegra124-nyan-big/tegra_defconfig_log.txt
--- /tmp/fooa	2017-12-04 13:51:00.946600356 -0800
+++ /tmp/foob	2017-12-04 13:51:00.950600374 -0800
@@ -14,7 +14,7 @@
 Err:   serial
 Net:   Net Initialization Skipped
 No ethernet found.
-Hit any key to stop autoboot:  2  0 
+Hit any key to stop autoboot:  2  1  0 
 Tegra124 (Nyan-big) # 
 Tegra124 (Nyan-big) # usb start
 starting USB...
@@ -34,36 +34,35 @@
 TFTP from server 192.168.100.1; our IP address is 192.168.100.102
 Filename 'zImage.tegra_defconfig'.
 Load address: 0x82000000
-Loading: *T T ##################################################################
+Loading: *#################################################################
 	 #################################################################
 	 #################################################################
 	 #################################################################
 	 #################################################################
 	 #################################################################
-	 ########################################
-	 455.1 KiB/s
+	 ##############################
+	 3.6 MiB/s
 done
-Bytes transferred = 6299272 (601e88 hex)
+Bytes transferred = 6164760 (5e1118 hex)
 Tegra124 (Nyan-big) # tftpboot 0x83000000 tegra124-nyan-big.dtb
 Using asx0 device
 TFTP from server 192.168.100.1; our IP address is 192.168.100.102
 Filename 'tegra124-nyan-big.dtb'.
 Load address: 0x83000000
 Loading: *#####
-	 2.7 MiB/s
+	 3.4 MiB/s
 done
-Bytes transferred = 68203 (10a6b hex)
+Bytes transferred = 67482 (1079a hex)
 Tegra124 (Nyan-big) # bootz 0x82000000 - 0x83000000
-Kernel image @ 0x82000000 [ 0x000000 - 0x601e88 ]
+Kernel image @ 0x82000000 [ 0x000000 - 0x5e1118 ]
 ## Flattened Device Tree blob at 83000000
    Booting using the fdt blob at 0x83000000
-   Using Device Tree in place at 83000000, end 83013a6a
+   Using Device Tree in place at 83000000, end 83013799
 
 Starting kernel ...
 
-Uncompressing Linux... done, booting the kernel.
 Booting Linux on physical CPU 0x0
-Linux version 4.14.0-201708-gbebc608 (jonathanh@kaivo) (gcc version 4.7.3 20130328 (prerelease) (crosstool-NG linaro-1.13.1-4.7-2013.04-20130415 - Linaro GCC 2013.04)) #1 SMP PREEMPT Mon Nov 13 02:04:38 PST 2017
+Linux version 4.15.0-rc1-13489-g4fbd8d1 (jonathanh@kaivo) (gcc version 4.7.3 20130328 (prerelease) (crosstool-NG linaro-1.13.1-4.7-2013.04-20130415 - Linaro GCC 2013.04)) #1 SMP PREEMPT Mon Dec 4 13:32:33 PST 2017
 CPU: ARMv7 Processor [413fc0f3] revision 3 (ARMv7), cr=10c5387d
 CPU: div instructions available: patching division code
 CPU: PIPT / VIPT nonaliasing data cache, PIPT instruction cache
@@ -74,21 +73,19 @@
 Memory policy: Data cache writealloc
 cma: Reserved 64 MiB at 0xfbc00000
 On node 0 totalpages: 524287
-free_area_init_node: node 0, pgdat c0fb98c0, node_mem_map eeff7000
   Normal zone: 1536 pages used for memmap
   Normal zone: 0 pages reserved
   Normal zone: 196608 pages, LIFO batch:31
   HighMem zone: 327679 pages, LIFO batch:31
 random: fast init done
-percpu: Embedded 17 pages/cpu @eef80000 s39488 r8192 d21952 u69632
-pcpu-alloc: s39488 r8192 d21952 u69632 alloc=17*4096
+percpu: Embedded 17 pages/cpu @eef88000 s39104 r8192 d22336 u69632
+pcpu-alloc: s39104 r8192 d22336 u69632 alloc=17*4096
 pcpu-alloc: [0] 0 [0] 1 [0] 2 [0] 3 
 Built 1 zonelists, mobility grouping on.  Total pages: 522751
 Kernel command line: ignore_loglevel console=ttyS0,115200n8 rw root=PARTUUID=4d36e82a-b3c0-4b4b-bfcd-afe5217ac023 rootwait gpt debug noinitrd earlyprintk init=/bin/bash
-PID hash table entries: 4096 (order: 2, 16384 bytes)
 Dentry cache hash table entries: 131072 (order: 7, 524288 bytes)
 Inode-cache hash table entries: 65536 (order: 6, 262144 bytes)
-Memory: 1998388K/2097148K available (9216K kernel code, 786K rwdata, 2800K rodata, 1024K init, 300K bss, 33224K reserved, 65536K cma-reserved, 1245180K highmem)
+Memory: 1999512K/2097148K available (9216K kernel code, 778K rwdata, 2556K rodata, 1024K init, 299K bss, 32100K reserved, 65536K cma-reserved, 1245180K highmem)
 Virtual kernel memory layout:
     vector  : 0xffff0000 - 0xffff1000   (   4 kB)
     fixmap  : 0xffc00000 - 0xfff00000   (3072 kB)
@@ -97,9 +94,9 @@
     pkmap   : 0xbfe00000 - 0xc0000000   (   2 MB)
     modules : 0xbf000000 - 0xbfe00000   (  14 MB)
       .text : 0xc0008000 - 0xc0a00000   (10208 kB)
-      .init : 0xc0e00000 - 0xc0f00000   (1024 kB)
-      .data : 0xc0f00000 - 0xc0fc49e0   ( 787 kB)
-       .bss : 0xc0fce520 - 0xc101987c   ( 301 kB)
+      .init : 0xc0d00000 - 0xc0e00000   (1024 kB)
+      .data : 0xc0e00000 - 0xc0ec289c   ( 779 kB)
+       .bss : 0xc0ec289c - 0xc0f0d4ec   ( 300 kB)
 Preemptible hierarchical RCU implementation.
 	Tasks RCU enabled.
 NR_IRQS: 16, nr_irqs: 16, preallocated irqs: 16
@@ -238,7 +235,6 @@
 Bluetooth: HCI socket layer initialized
 Bluetooth: L2CAP socket layer initialized
 Bluetooth: SCO socket layer initialized
-iommu: Adding device regulatory.0 to group 60
 clocksource: Switched to clocksource arch_sys_counter
 NET: Registered protocol family 2
 TCP established hash table entries: 8192 (order: 3, 32768 bytes)
@@ -251,14 +247,18 @@
 RPC: Registered udp transport module.
 RPC: Registered tcp transport module.
 RPC: Registered tcp NFSv4.1 backchannel transport module.
+iommu: Adding device regulatory.0 to group 60
 PCI: CLS 0 bytes, default 64
 hw perfevents: enabled with armv7_cortex_a15 PMU driver, 7 counters available
 iommu: Adding device alarmtimer to group 61
+Initialise system trusted keyrings
 workingset: timestamp_bits=30 max_order=19 bucket_order=0
 squashfs: version 4.0 (2009/01/31) Phillip Lougher
 NFS: Registering the id_resolver key type
 Key type id_resolver registered
 Key type id_legacy registered
+Key type asymmetric registered
+Asymmetric key parser 'x509' registered
 bounce: pool size: 64 pages
 io scheduler noop registered (default)
 io scheduler mq-deadline registered
@@ -343,15 +343,6 @@
 tegra_rtc 7000e000.rtc: rtc core: registered 7000e000.rtc as rtc1
 tegra_rtc 7000e000.rtc: Tegra internal Real Time Clock
 i2c /dev entries driver
-IR NEC protocol handler initialized
-IR RC5(x/sz) protocol handler initialized
-IR RC6 protocol handler initialized
-IR JVC protocol handler initialized
-IR Sony protocol handler initialized
-IR SANYO protocol handler initialized
-IR Sharp protocol handler initialized
-IR MCE Keyboard/mouse protocol handler initialized
-IR XMP protocol handler initialized
 usbcore: registered new interface driver uvcvideo
 USB Video Class driver (1.1.1)
 gspca_main: v2.14.0 registered
@@ -380,10 +371,9 @@
 mmcblk0boot0: mmc0:0001 MMC16G partition 1 2.00 MiB
 input: GoogleNyanBig Headphones as /devices/soc0/sound/sound/card1/input1
 mmcblk0boot1: mmc0:0001 MMC16G partition 2 2.00 MiB
+mmcblk0rpmb: mmc0:0001 MMC16G partition 3 128 KiB, chardev (247:0)
 input: GoogleNyanBig Mic Jack as /devices/soc0/sound/sound/card1/input2
-mmcblk0rpmb: mmc0:0001 MMC16G partition 3 128 KiB
 NET: Registered protocol family 10
- mmcblk0: p1 p2 p3 p4 p5 p6 p7 p8 p9 p10 p11 p12
 Segment Routing with IPv6
 mip6: Mobile IPv6
 sit: IPv6, IPv4 and MPLS over IPv4 tunneling driver
@@ -402,6 +392,7 @@
 Bluetooth: HIDP socket layer initialized
 Key type dns_resolver registered
 Registering SWP/SWPB emulation handler
+Loading compiled-in X.509 certificates
 +3.3V_RUN: supplied by +3.3V_SYS
 +VDD_LED: supplied by +VDD_MUX
 +3.3V_AVDD_HDMI_AP_GATED: supplied by +3.3V_RUN
@@ -419,18 +410,10 @@
  usb3-1: usb3-1 supply vbus not found, using dummy regulator
 tegra-sor 54540000.sor: failed to probe output: -517
 panel-simple panel: panel supply power not found, using dummy regulator
-tegra-xusb 70090000.usb: Firmware timestamp: 2014-09-16 02:10:07 UTC
-tegra-xusb 70090000.usb: xHCI Host Controller
-tegra-xusb 70090000.usb: new USB bus registered, assigned bus number 1
-tegra-xusb 70090000.usb: hcc params 0x0184f525 hci version 0x100 quirks 0x00010010
-tegra-xusb 70090000.usb: irq 344, io mem 0x70090000
-hub 1-0:1.0: USB hub found
-hub 1-0:1.0: 6 ports detected
-tegra-xusb 70090000.usb: xHCI Host Controller
-tegra-xusb 70090000.usb: new USB bus registered, assigned bus number 2
-usb usb2: We don't know the algorithms for LPM for this host, disabling LPM.
-hub 2-0:1.0: USB hub found
-hub 2-0:1.0: 2 ports detected
+tegra-xusb 70090000.usb: Direct firmware load for nvidia/tegra124/xusb.bin failed with error -2
+tegra-xusb 70090000.usb: failed to request firmware: -2
+tegra-xusb 70090000.usb: failed to load firmware: -2
+tegra-xusb: probe of 70090000.usb failed with error -2
 sdhci-tegra 700b0000.sdhci: allocated mmc-pwrseq
 mmc1: Unknown controller version (3). You may experience problems.
 mmc1: Invalid maximum block size, assuming 512 bytes
@@ -440,43 +423,8 @@
 sdhci-tegra 700b0400.sdhci: Got WP GPIO
 mmc2: Unknown controller version (3). You may experience problems.
 mmc2: Invalid maximum block size, assuming 512 bytes
-mmc1: new high speed SDIO card at address 0001
 mmc2: SDHCI controller on 700b0400.sdhci [700b0400.sdhci] using ADMA
+ mmcblk0: p1 p2 p3 p4 p5 p6 p7 p8 p9 p10 p11 p12
+mmc1: new high speed SDIO card at address 0001
 [drm] Supports vblank timestamp caching Rev 2 (21.10.2013).
-input: tegra-hda HDMI/DP,pcm=3 as /devices/soc0/70030000.hda/sound/card0/input3
 [drm] No driver support for vblank timestamp query.
-usb 1-2: new high-speed USB device number 2 using tegra-xusb
-mmc2: new high speed SDHC card at address 0007
-mmcblk2: mmc2:0007 SD08G 7.42 GiB 
-GPT:Primary header alternate_lba != Alt. header my_lba
-GPT:3014591 != 15564799
-GPT:Primary header thinks Alt. header is not at the end of the disk.
-GPT:3014591 != 15564799
-GPT: Use GNU Parted to correct GPT errors.
- mmcblk2: p1 p2 p3 p4 p5 p6 p7 p8 p9 p10 p11 p12
-Console: switching to colour frame buffer device 170x48
-drm drm: fb0:  frame buffer device
-[drm] Initialized tegra 0.0.0 20120330 for drm on minor 0
-input: gpio-keys as /devices/soc0/gpio-keys/input/input4
-as3722-rtc as3722-rtc: setting system clock to 2000-01-13 19:19:26 UTC (947791166)
-+1.8V_RUN_CAM: disabling
-+1.2V_RUN_CAM_FRONT: disabling
-+1.05V_RUN_CAM_REAR: disabling
-+2.8V_RUN_TOUCH: disabling
-+2.8V_RUN_CAM_AF: disabling
-+1.8V_RUN_VPP_FUSE: disabling
-+5V_VDD_TS_SW: disabling
-ALSA device list:
-  #0: tegra-hda at 0x70038000 irq 343
-  #1: GoogleNyanBig
-EXT4-fs (mmcblk0p3): couldn't mount as ext3 due to feature incompatibilities
-EXT4-fs (mmcblk0p3): recovery complete
-EXT4-fs (mmcblk0p3): mounted filesystem with ordered data mode. Opts: (null)
-VFS: Mounted root (ext4 filesystem) on device 179:3.
-devtmpfs: mounted
-Freeing unused kernel memory: 1024K
-bash: cannot set terminal process group (-1): Inappropri[    3.151454] uvcvideo: Found UVC 1.00 device HD WebCam (1bcf:2c67)
-ate ioctl for device
-bash: no job control in this shell
-input: HD WebCam: HD WebCam as /devices/soc0/70090000.usb/usb1/1-2/1-2:1.0/input/input5
-root@(none):/# 
\ No newline at end of file
Diff for ./tegra124-nyan-big/tegra124-nyan-big/tegra_defconfig%tegra-fw_log.txt
Diff for ./tegra132-norrin/tegra132-norrin/defconfig_log.txt
--- /tmp/fooa	2017-12-04 13:51:00.966600445 -0800
+++ /tmp/foob	2017-12-04 13:51:00.966600445 -0800
@@ -31,7 +31,7 @@
 MSENC clock is set to  79200 KHz
 Vde clock is set to 204000 KHz
 
-Bootloader-Cpu Init at (time stamp): 1801079 us
+Bootloader-Cpu Init at (time stamp): 1801425 us
 
 Pinmux changes applied in kernel way
 
@@ -59,26 +59,25 @@
 The proc BoardInfo: 0x0176:0x0001:0x01:0x43:0x00
 FastbootAddAtag: setting ATAG (0)
 
-Board Id Read Time: 3 us
+Board Id Read Time: 4 us
 Power Rail enable Time: 1 us
 
-Miscellaneous avp time: 1801053  us
-Bootloader (AosInit) time: 734234 us
-Bootloader Main Init time: 183842 us
-BlockDevMgrInit time: 157602 us
+Miscellaneous avp time: 1801398  us
+Bootloader (AosInit) time: 733467 us
+Bootloader Main Init time: 180100 us
+BlockDevMgrInit time: 157554 us
 PartMgrInit time: 8 us
 StorMgrInit time: 31 us
 FsMgrInit time: 2 us
-Partition Table load: 77290 us 
-Display init time: 574412 us
-Kernel read time: 1345 msec
-Load Kernel Size:   17825792 Bytes
+Partition Table load: 77017 us 
+Display init time: 574537 us
+Kernel read time: 1510 msec
+Load Kernel Size:   20013056 Bytes
 Bl Kernel ReadSpeed: 13253000 Bytes/sec
-Pre-Kernel Jump time: 3838928 us
-Clearing 32 Bit State and Warm resetting to 64bit mode: 8806896 us
-Booting Linux on physical CPU 0x0
-Linux version 4.14.0-201708-gbebc608 (jonathanh@sellafield) (gcc version 4.9.2 20140904 (prerelease) (crosstool-NG linaro-1.13.1-4.9-2014.09 - Linaro GCC 4.9-2014.09)) #1 SMP PREEMPT Mon Nov 13 02:07:13 PST 2017
-Boot CPU: AArch64 Processor [4e0f0000]
+Pre-Kernel Jump time: 4245788 us
+Clearing 32 Bit State and Warm resetting to 64bit mode: 9373841 us
+Booting Linux on physical CPU 0x0000000000 [0x4e0f0000]
+Linux version 4.15.0-rc1-333438-g4fbd8d194f06 (jonathanh@tamien) (gcc version 4.9.2 20140904 (prerelease) (crosstool-NG linaro-1.13.1-4.9-2014.09 - Linaro GCC 4.9-2014.09)) #1 SMP PREEMPT Mon Dec 4 13:40:14 PST 2017
 Machine model: NVIDIA Tegra132 Norrin
 Memory limited to 1734MB
 efi: Getting EFI parameters from FDT:
@@ -86,7 +85,7 @@
 cma: Reserved 16 MiB at 0x00000000eb400000
 NUMA: No NUMA configuration found
 NUMA: Faking a node at [mem 0x0000000000000000-0x00000000ec5fffff]
-NUMA: NODE_DATA [mem 0xec5c0d80-0xec5c287f]
+NUMA: NODE_DATA [mem 0xec5c7b00-0xec5c95ff]
 Zone ranges:
   DMA      [mem 0x0000000080000000-0x00000000ec5fffff]
   Normal   empty
@@ -96,22 +95,21 @@
 Initmem setup node 0 [mem 0x0000000080000000-0x00000000ec5fffff]
 /cpus/cpu@1: missing enable-method property
 random: fast init done
-percpu: Embedded 23 pages/cpu @ffff80006c5a4000 s55552 r8192 d30464 u94208
+percpu: Embedded 23 pages/cpu @ffff80006c5a7000 s55168 r8192 d30848 u94208
 Detected PIPT I-cache on CPU0
 Built 1 zonelists, mobility grouping on.  Total pages: 436968
 Policy zone: DMA
 Kernel command line: tegraid=13.1.3.0.0 mem=1734M@2048M memtype=255 vpr=151M@3817M ddr_die=2048M@2048M section=256M commchip_id=0 usb_port_owner_info=0 lane_owner_info=0 emc_max_dvfs=0 touch_id=0@0 video=tegrafb no_console_suspend=1 console=ttyS0,115200n8 debug_uartport=lsport,0 earlyprintk=uart8250-32bit,0x70006000 usbcore.old_scheme_first=1 lp0_vec=0@0x0 tegra_fbmem=32899072@0xad012000 core_edp_mv=1150 core_edp_ma=4000 pmuboard=0x0176:0x0001:0x01:0x43:0x00 displayboard=0x0162:0x0001:0x00:0x42:0x00 power_supply=Adapter audio_codec=rt5640 board_info=0x0176:0x0001:0x01:0x43:0x00 tegraboot=sdmmc gpt gpt_sector=192511 modem_id=0 android.kerneltype=normal
-PID hash table entries: 4096 (order: 3, 32768 bytes)
-Memory: 1708200K/1775616K available (9212K kernel code, 1142K rwdata, 4580K rodata, 1152K init, 403K bss, 51032K reserved, 16384K cma-reserved)
+Memory: 1706112K/1775616K available (9404K kernel code, 1150K rwdata, 4456K rodata, 1088K init, 395K bss, 53120K reserved, 16384K cma-reserved)
 Virtual kernel memory layout:
     modules : 0xffff000000000000 - 0xffff000008000000   (   128 MB)
     vmalloc : 0xffff000008000000 - 0xffff7dffbfff0000   (129022 GB)
-      .text : 0xffff000008080000 - 0xffff000008980000   (  9216 KB)
-    .rodata : 0xffff000008980000 - 0xffff000008e00000   (  4608 KB)
-      .init : 0xffff000008e00000 - 0xffff000008f20000   (  1152 KB)
-      .data : 0xffff000008f20000 - 0xffff00000903da00   (  1143 KB)
-       .bss : 0xffff00000903da00 - 0xffff0000090a27f0   (   404 KB)
-    fixed   : 0xffff7dfffe7fd000 - 0xffff7dfffec00000   (  4108 KB)
+      .text : 0xffff000008080000 - 0xffff0000089b0000   (  9408 KB)
+    .rodata : 0xffff0000089b0000 - 0xffff000008e10000   (  4480 KB)
+      .init : 0xffff000008e10000 - 0xffff000008f20000   (  1088 KB)
+      .data : 0xffff000008f20000 - 0xffff00000903fa00   (  1151 KB)
+       .bss : 0xffff00000903fa00 - 0xffff0000090a26c8   (   396 KB)
+    fixed   : 0xffff7dfffe7fb000 - 0xffff7dfffec00000   (  4116 KB)
     PCI I/O : 0xffff7dfffee00000 - 0xffff7dffffe00000   (    16 MB)
     vmemmap : 0xffff7e0000000000 - 0xffff800000000000   (  2048 GB maximum)
               0xffff7e0000000000 - 0xffff7e0001b18000   (    27 MB actual)
@@ -149,8 +147,10 @@
 pinctrl core: initialized pinctrl subsystem
 DMI not present or invalid.
 NET: Registered protocol family 16
+audit: initializing netlink subsys (disabled)
+audit: type=2000 audit(0.132:1): state=initialized audit_enabled=0 res=1
 cpuidle: using governor menu
-vdso: 2 pages (1 code @ ffff000008986000, 1 data @ ffff000008f25000)
+vdso: 2 pages (1 code @ ffff0000089b6000, 1 data @ ffff000008f25000)
 hw-breakpoint: found 6 breakpoint and 4 watchpoint registers.
 DMA: preallocated 256 KiB pool for atomic allocations
 Serial: AMBA PL011 UART driver
@@ -197,10 +197,9 @@
 RPC: Registered tcp transport module.
 RPC: Registered tcp NFSv4.1 backchannel transport module.
 Unpacking initramfs...
-Freeing initrd memory: 1284K
+Freeing initrd memory: 3412K
 kvm [1]: HYP mode not available
-audit: initializing netlink subsys (disabled)
-audit: type=2000 audit(0.983:1): state=initialized audit_enabled=0 res=1
+Initialise system trusted keyrings
 workingset: timestamp_bits=44 max_order=19 bucket_order=0
 squashfs: version 4.0 (2009/01/31) Phillip Lougher
 NFS: Registering the id_resolver key type
@@ -208,7 +207,9 @@
 Key type id_legacy registered
 nfs4filelayout_init: NFSv4 File Layout Driver Registering...
 9p: Installing v9fs 9p2000 file system support
-Block layer SCSI generic (bsg) driver version 0.4 loaded (major 246)
+Key type asymmetric registered
+Asymmetric key parser 'x509' registered
+Block layer SCSI generic (bsg) driver version 0.4 loaded (major 245)
 io scheduler noop registered
 io scheduler cfq registered (default)
 io scheduler mq-deadline registered
@@ -226,6 +227,9 @@
 loop: module loaded
 libphy: Fixed MDIO Bus: probed
 tun: Universal TUN/TAP device driver, 1.6
+thunder-xcv, ver 1.0
+thunder-BGX, ver 1.0
+thunder-nic, ver 1.0
 e1000e: Intel(R) PRO/1000 Network Driver - 3.2.6-k
 e1000e: Copyright(c) 1999 - 2015 Intel Corporation.
 igb: Intel(R) Gigabit Ethernet Network Driver - version 5.4.0-k
@@ -239,7 +243,6 @@
 ehci-platform: EHCI generic platform driver
 ehci-orion: EHCI orion driver
 ehci-exynos: EHCI EXYNOS driver
-ehci-msm: Qualcomm On-Chip EHCI Host Controller
 ohci_hcd: USB 1.1 'Open' Host Controller (OHCI) Driver
 ohci-pci: OHCI PCI platform driver
 ohci-platform: OHCI generic platform driver
@@ -268,11 +271,12 @@
 9pnet: Installing 9P2000 support
 Key type dns_resolver registered
 registered taskstats version 1
+Loading compiled-in X.509 certificates
 mmcblk0boot0: mmc0:0001 SEM16G partition 1 4.00 MiB
 mmcblk0boot1: mmc0:0001 SEM16G partition 2 4.00 MiB
-mmcblk0rpmb: mmc0:0001 SEM16G partition 3 4.00 MiB
- mmcblk0: p1 p2 p3 p4 p5 p6 p7 p8
+mmcblk0rpmb: mmc0:0001 SEM16G partition 3 4.00 MiB, chardev (240:0)
 +VDD_LED: supplied by +VDD_MUX
+ mmcblk0: p1 p2 p3 p4 p5 p6 p7 p8
 +5V_USB_HS: supplied by +5V_SYS
 +5V_USB_SS: supplied by +5V_SYS
 +5V_HDMI_CON: supplied by +5V_SYS
@@ -289,8 +293,8 @@
 +5V_HDMI_CON: disabling
 ALSA device list:
   No soundcards found.
+Freeing unused kernel memory: 1088K
 sdhci-tegra 700b0400.sdhci: Got WP GPIO
-Freeing unused kernel memory: 1152K
 
 System initialization...
 
Diff for ./tegra186-p2771-0000/tegra186-p2771-0000/defconfig%jetson-tx2_log.txt
Diff for ./tegra20-trimslice/tegra20-trimslice/multi_v7_defconfig_log.txt
--- /tmp/fooa	2017-12-04 13:51:00.994600571 -0800
+++ /tmp/foob	2017-12-04 13:51:00.998600589 -0800
@@ -47,10 +47,10 @@
 	 #################################################################
 	 #################################################################
 	 #################################################################
-	 #####################################
-	 3.7 MiB/s
+	 #############################
+	 4.1 MiB/s
 done
-Bytes transferred = 8167936 (7ca200 hex)
+Bytes transferred = 8057344 (7af200 hex)
 Tegra20 (TrimSlice) # tftpboot 0x02408000 tegra20-trimslice.dtb
 Using RTL8169#0 device
 TFTP from server 192.168.100.1; our IP address is 192.168.100.103
@@ -59,17 +59,17 @@
 Loading: *##
 	 3.4 MiB/s
 done
-Bytes transferred = 21454 (53ce hex)
+Bytes transferred = 21160 (52a8 hex)
 Tegra20 (TrimSlice) # bootz 0x00408000 - 0x02408000
-Kernel image @ 0x408000 [ 0x000000 - 0x7ca200 ]
+Kernel image @ 0x408000 [ 0x000000 - 0x7af200 ]
 ## Flattened Device Tree blob at 02408000
    Booting using the fdt blob at 0x2408000
-   Using Device Tree in place at 02408000, end 024103cd
+   Using Device Tree in place at 02408000, end 024102a7
 
 Starting kernel ...
 
 Booting Linux on physical CPU 0x0
-Linux version 4.14.0-201708-gbebc608 (jonathanh@sellafield) (gcc version 4.7.3 20130328 (prerelease) (crosstool-NG linaro-1.13.1-4.7-2013.04-20130415 - Linaro GCC 2013.04)) #1 SMP Mon Nov 13 02:04:20 PST 2017
+Linux version 4.15.0-rc1-333438-g4fbd8d194f06 (jonathanh@tamien) (gcc version 4.7.3 20130328 (prerelease) (crosstool-NG linaro-1.13.1-4.7-2013.04-20130415 - Linaro GCC 2013.04)) #1 SMP Mon Dec 4 13:33:57 PST 2017
 CPU: ARMv7 Processor [411fc090] revision 0 (ARMv7), cr=10c5387d
 CPU: PIPT / VIPT nonaliasing data cache, VIPT aliasing instruction cache
 OF: fdt: Machine model: Compulab TrimSlice board
@@ -79,21 +79,19 @@
 efi: UEFI not found.
 cma: Reserved 64 MiB at 0x3c000000
 On node 0 totalpages: 262144
-free_area_init_node: node 0, pgdat c158fa80, node_mem_map ef7f8000
   DMA zone: 1536 pages used for memmap
   DMA zone: 0 pages reserved
   DMA zone: 196608 pages, LIFO batch:31
   HighMem zone: 65536 pages, LIFO batch:15
 random: fast init done
-percpu: Embedded 17 pages/cpu @ef7c4000 s39424 r8192 d22016 u69632
-pcpu-alloc: s39424 r8192 d22016 u69632 alloc=17*4096
+percpu: Embedded 17 pages/cpu @ef7c6000 s39040 r8192 d22400 u69632
+pcpu-alloc: s39040 r8192 d22400 u69632 alloc=17*4096
 pcpu-alloc: [0] 0 [0] 1 
 Built 1 zonelists, mobility grouping on.  Total pages: 260608
 Kernel command line: ignore_loglevel console=ttyS0,115200n8 rw root=PARTUUID=11eb23c1-01 rootwait gpt debug noinitrd earlyprintk init=/bin/bash
-PID hash table entries: 4096 (order: 2, 16384 bytes)
 Dentry cache hash table entries: 131072 (order: 7, 524288 bytes)
 Inode-cache hash table entries: 65536 (order: 6, 262144 bytes)
-Memory: 954308K/1048576K available (10240K kernel code, 1631K rwdata, 4504K rodata, 2048K init, 406K bss, 28732K reserved, 65536K cma-reserved, 196608K highmem)
+Memory: 953376K/1048576K available (11264K kernel code, 1602K rwdata, 4296K rodata, 2048K init, 404K bss, 29664K reserved, 65536K cma-reserved, 196608K highmem)
 Virtual kernel memory layout:
     vector  : 0xffff0000 - 0xffff1000   (   4 kB)
     fixmap  : 0xffc00000 - 0xfff00000   (3072 kB)
@@ -101,10 +99,10 @@
     lowmem  : 0xc0000000 - 0xf0000000   ( 768 MB)
     pkmap   : 0xbfe00000 - 0xc0000000   (   2 MB)
     modules : 0xbf000000 - 0xbfe00000   (  14 MB)
-      .text : 0xc0208000 - 0xc0d00000   (11232 kB)
-      .init : 0xc1200000 - 0xc1400000   (2048 kB)
-      .data : 0xc1400000 - 0xc1597f28   (1632 kB)
-       .bss : 0xc15a0b9c - 0xc16064fc   ( 407 kB)
+      .text : 0xc0208000 - 0xc0e00000   (12256 kB)
+      .init : 0xc1300000 - 0xc1500000   (2048 kB)
+      .data : 0xc1500000 - 0xc1690a5c   (1603 kB)
+       .bss : 0xc1690a5c - 0xc16f5ca4   ( 405 kB)
 SLUB: HWalign=64, Order=0-3, MinObjects=0, CPUs=2, Nodes=1
 Hierarchical RCU implementation.
 	RCU event tracing is enabled.
@@ -181,14 +179,17 @@
 PCI: CLS 0 bytes, default 64
 hw perfevents: no interrupt-affinity property for /pmu, guessing.
 hw perfevents: enabled with armv7_cortex_a9 PMU driver, 7 counters available
+Initialise system trusted keyrings
 workingset: timestamp_bits=30 max_order=18 bucket_order=0
 squashfs: version 4.0 (2009/01/31) Phillip Lougher
 NFS: Registering the id_resolver key type
 Key type id_resolver registered
 Key type id_legacy registered
 ntfs: driver 2.1.32 [Flags: R/O].
+Key type asymmetric registered
+Asymmetric key parser 'x509' registered
 bounce: pool size: 64 pages
-Block layer SCSI generic (bsg) driver version 0.4 loaded (major 248)
+Block layer SCSI generic (bsg) driver version 0.4 loaded (major 247)
 io scheduler noop registered
 io scheduler deadline registered
 io scheduler cfq registered (default)
@@ -221,8 +222,6 @@
 pci 0000:01:00.0: reg 0x18: [mem 0x00000000-0x00000fff 64bit pref]
 pci 0000:01:00.0: reg 0x20: [mem 0x00000000-0x00003fff 64bit pref]
 pci 0000:01:00.0: reg 0x30: [mem 0x00000000-0x0001ffff pref]
-pci 0000:01:00.0: supports D1 D2
-pci 0000:01:00.0: PME# supported from D0 D1 D2 D3hot D3cold
 PCI: bus1: Fast back to back transfers disabled
 pci_bus 0000:01: busn_res: [bus 01-ff] end is updated to 01
 pci 0000:00:01.0: BAR 8: assigned [mem 0xa0000000-0xa00fffff]
@@ -267,7 +266,8 @@
 igb: Copyright (c) 2007-2014 Intel Corporation.
 r8169 Gigabit Ethernet driver 2.3LK-NAPI loaded
 r8169 0000:01:00.0: enabling device (0140 -> 0143)
-r8169 0000:01:00.0 eth0: RTL8168d/8111d at 0xf0a5c000, 00:01:c0:13:7d:63, XID 081000c0 IRQ 296
+r8169 0000:01:00.0 (unnamed net_device) (uninitialized): not PCI Express
+r8169 0000:01:00.0 eth0: RTL8168d/8111d at 0xf0a5c000, 00:01:c0:13:7d:63, XID 081000c0 IRQ 286
 r8169 0000:01:00.0 eth0: jumbo features [frames: 9200 bytes, tx checksumming: ko]
 pegasus: v0.9.3 (2013/04/25), Pegasus/Pegasus II USB Ethernet driver
 usbcore: registered new interface driver pegasus
@@ -311,15 +311,6 @@
 tegra_rtc 7000e000.rtc: rtc core: registered 7000e000.rtc as rtc1
 tegra_rtc 7000e000.rtc: Tegra internal Real Time Clock
 i2c /dev entries driver
-IR NEC protocol handler initialized
-IR RC5(x/sz) protocol handler initialized
-IR RC6 protocol handler initialized
-IR JVC protocol handler initialized
-IR Sony protocol handler initialized
-IR SANYO protocol handler initialized
-IR Sharp protocol handler initialized
-IR MCE Keyboard/mouse protocol handler initialized
-IR XMP protocol handler initialized
 sdhci: Secure Digital Host Controller Interface driver
 sdhci: Copyright(c) Pierre Ossman
 Synopsys Designware Multimedia Card Interface Driver
@@ -344,23 +335,24 @@
 can: netlink gateway (rev 20170425) max_hops=1
 Key type dns_resolver registered
 ThumbEE CPU extension supported.
-usb 1-1: new high-speed USB device number 2 using tegra-ehci
 Registering SWP/SWPB emulation handler
+Loading compiled-in X.509 certificates
 utmi_phy_clk_enable: timeout waiting for phy to stabilize
 tegra-ehci c5000000.usb: EHCI Host Controller
 tegra-ehci c5000000.usb: new USB bus registered, assigned bus number 2
 tegra-ehci c5000000.usb: irq 288, io mem 0xc5000000
-mmc1: new high speed SD card at address b368
-mmcblk1: mmc1:b368 NCard 1.83 GiB (ro)
- mmcblk1: p1 p2
+usb 1-1: new high-speed USB device number 2 using tegra-ehci
 tegra-ehci c5000000.usb: USB 2.0 started, EHCI 1.00
 hub 2-0:1.0: USB hub found
 hub 2-0:1.0: 1 port detected
 input: gpio-keys as /devices/soc0/gpio-keys/input/input0
 rtc-em3027 2-0056: hctosys: unable to read the hardware clock
+Waiting for root device PARTUUID=11eb23c1-01...
+mmc1: new high speed SD card at address b368
+mmcblk1: mmc1:b368 NCard 1.83 GiB (ro)
+ mmcblk1: p1 p2
 hub 1-1:1.0: USB hub found
 hub 1-1:1.0: 4 ports detected
-Waiting for root device PARTUUID=11eb23c1-01...
 usb 1-1.2: new high-speed USB device number 3 using tegra-ehci
 mmc0: host does not support reading read-only switch, assuming write-enable
 mmc0: new high speed SDHC card at address b368
Diff for ./tegra20-trimslice/tegra20-trimslice/tegra_defconfig_log.txt
--- /tmp/fooa	2017-12-04 13:51:01.022600696 -0800
+++ /tmp/foob	2017-12-04 13:51:01.026600714 -0800
@@ -19,7 +19,7 @@
 Out:   serial
 Err:   serial
 Net:   RTL8169#0
-Hit any key to stop autoboot:  2  0 
+Hit any key to stop autoboot:  2  1  0 
 Tegra20 (TrimSlice) # 
 Tegra20 (TrimSlice) # usb reset
 resetting USB...
@@ -45,30 +45,29 @@
 	 #################################################################
 	 #################################################################
 	 #################################################################
-	 ########################################
-	 3.4 MiB/s
+	 ##############################
+	 3.5 MiB/s
 done
-Bytes transferred = 6299272 (601e88 hex)
+Bytes transferred = 6164760 (5e1118 hex)
 Tegra20 (TrimSlice) # tftpboot 0x02408000 tegra20-trimslice.dtb
 Using RTL8169#0 device
 TFTP from server 192.168.100.1; our IP address is 192.168.100.103
 Filename 'tegra20-trimslice.dtb'.
 Load address: 0x2408000
 Loading: *##
-	 2.9 MiB/s
+	 3.4 MiB/s
 done
-Bytes transferred = 21454 (53ce hex)
+Bytes transferred = 21160 (52a8 hex)
 Tegra20 (TrimSlice) # bootz 0x00408000 - 0x02408000
-Kernel image @ 0x408000 [ 0x000000 - 0x601e88 ]
+Kernel image @ 0x408000 [ 0x000000 - 0x5e1118 ]
 ## Flattened Device Tree blob at 02408000
    Booting using the fdt blob at 0x2408000
-   Using Device Tree in place at 02408000, end 024103cd
+   Using Device Tree in place at 02408000, end 024102a7
 
 Starting kernel ...
 
-Uncompressing Linux... done, booting the kernel.
 Booting Linux on physical CPU 0x0
-Linux version 4.14.0-201708-gbebc608 (jonathanh@kaivo) (gcc version 4.7.3 20130328 (prerelease) (crosstool-NG linaro-1.13.1-4.7-2013.04-20130415 - Linaro GCC 2013.04)) #1 SMP PREEMPT Mon Nov 13 02:04:38 PST 2017
+Linux version 4.15.0-rc1-13489-g4fbd8d1 (jonathanh@kaivo) (gcc version 4.7.3 20130328 (prerelease) (crosstool-NG linaro-1.13.1-4.7-2013.04-20130415 - Linaro GCC 2013.04)) #1 SMP PREEMPT Mon Dec 4 13:32:33 PST 2017
 CPU: ARMv7 Processor [411fc090] revision 0 (ARMv7), cr=10c5387d
 CPU: PIPT / VIPT nonaliasing data cache, VIPT aliasing instruction cache
 OF: fdt: Machine model: Compulab TrimSlice board
@@ -77,21 +76,19 @@
 Memory policy: Data cache writealloc
 cma: Reserved 64 MiB at 0x3c000000
 On node 0 totalpages: 262144
-free_area_init_node: node 0, pgdat c0fb98c0, node_mem_map ef7f7000
   Normal zone: 1536 pages used for memmap
   Normal zone: 0 pages reserved
   Normal zone: 196608 pages, LIFO batch:31
   HighMem zone: 65536 pages, LIFO batch:15
 random: fast init done
-percpu: Embedded 17 pages/cpu @ef7c3000 s39488 r8192 d21952 u69632
-pcpu-alloc: s39488 r8192 d21952 u69632 alloc=17*4096
+percpu: Embedded 17 pages/cpu @ef7c6000 s39104 r8192 d22336 u69632
+pcpu-alloc: s39104 r8192 d22336 u69632 alloc=17*4096
 pcpu-alloc: [0] 0 [0] 1 
 Built 1 zonelists, mobility grouping on.  Total pages: 260608
 Kernel command line: ignore_loglevel console=ttyS0,115200n8 rw root=PARTUUID=11eb23c1-01 rootwait gpt debug noinitrd earlyprintk init=/bin/bash
-PID hash table entries: 4096 (order: 2, 16384 bytes)
 Dentry cache hash table entries: 131072 (order: 7, 524288 bytes)
 Inode-cache hash table entries: 65536 (order: 6, 262144 bytes)
-Memory: 958320K/1048576K available (9216K kernel code, 786K rwdata, 2800K rodata, 1024K init, 300K bss, 24720K reserved, 65536K cma-reserved, 196608K highmem)
+Memory: 959424K/1048576K available (9216K kernel code, 778K rwdata, 2556K rodata, 1024K init, 299K bss, 23616K reserved, 65536K cma-reserved, 196608K highmem)
 Virtual kernel memory layout:
     vector  : 0xffff0000 - 0xffff1000   (   4 kB)
     fixmap  : 0xffc00000 - 0xfff00000   (3072 kB)
@@ -100,9 +97,9 @@
     pkmap   : 0xbfe00000 - 0xc0000000   (   2 MB)
     modules : 0xbf000000 - 0xbfe00000   (  14 MB)
       .text : 0xc0008000 - 0xc0a00000   (10208 kB)
-      .init : 0xc0e00000 - 0xc0f00000   (1024 kB)
