
U-Boot SPL 2014.01-00219-gc4d376f (Feb 18 2014 - 19:57:32)


U-Boot 2014.01-00219-gc4d376f (Feb 18 2014 - 19:57:32)

TEGRA114
Board: NVIDIA Dalmore
I2C:   ready
DRAM:  2 GiB
MMC:   Tegra SD/MMC: 0, Tegra SD/MMC: 1
In:    serial
Out:   serial
Err:   serial
Net:   Net Initialization Skipped
No ethernet found.
Hit any key to stop autoboot:  2  0 
Tegra114 (Dalmore) # 
Tegra114 (Dalmore) # usb reset
(Re)start USB...
USB0:   USB EHCI 1.10
scanning bus 0 for devices... 2 USB Device(s) found
       scanning usb for storage devices... 0 Storage Device(s) found
       scanning usb for ethernet devices... 
Warning: asx0 using MAC address from net device
1 Ethernet Device(s) found
Tegra114 (Dalmore) # setenv bootargs 'ignore_loglevel console=ttyS0,115200n8 rw root=PARTUUID=7369c667-ff51-ec4a-29cd-baabf2fbe346 rootwait gpt debug earlyprintk init=/bin/bash'
Tegra114 (Dalmore) # setenv ipaddr 192.168.100.100; setenv serverip 192.168.100.1; setenv tftpserverip 192.168.100.1
Tegra114 (Dalmore) # tftpboot 0x81000000 zImage.multi_v7_defconfig
Using asx0 device
TFTP from server 192.168.100.1; our IP address is 192.168.100.100
Filename 'zImage.multi_v7_defconfig'.
Load address: 0x81000000
Loading: *#################################################################
	 #################################################################
	 #################################################################
	 #################################################################
	 #################################################################
	 #################################################################
	 #################################################################
	 #################################################################
	 ####################
	 3 MiB/s
done
Bytes transferred = 7917600 (78d020 hex)
Tegra114 (Dalmore) # tftpboot 0x82000000 tegra114-dalmore.dtb
Using asx0 device
TFTP from server 192.168.100.1; our IP address is 192.168.100.100
Filename 'tegra114-dalmore.dtb'.
Load address: 0x82000000
Loading: *###
	 3 MiB/s
done
Bytes transferred = 35044 (88e4 hex)
Tegra114 (Dalmore) # bootz 0x81000000 - 0x82000000
Kernel image @ 0x81000000 [ 0x000000 - 0x78d020 ]
## Flattened Device Tree blob at 82000000
   Booting using the fdt blob at 0x82000000
   Loading Device Tree to 8fff4000, end 8ffff8e3 ... OK

Starting kernel ...

[    0.000000] Booting Linux on physical CPU 0x0
[    0.000000] Linux version 4.12.0-rc7-172780-gc0bc126 (jonathanh@sellafield) (gcc version 4.7.3 20130328 (prerelease) (crosstool-NG linaro-1.13.1-4.7-2013.04-20130415 - Linaro GCC 2013.04) ) #1 SMP Mon Jun 26 02:34:56 PDT 2017
[    0.000000] CPU: ARMv7 Processor [412fc0f2] revision 2 (ARMv7), cr=10c5387d
[    0.000000] CPU: div instructions available: patching division code
[    0.000000] CPU: PIPT / VIPT nonaliasing data cache, PIPT instruction cache
[    0.000000] OF: fdt: Machine model: NVIDIA Tegra114 Dalmore evaluation board
[    0.000000] debug: ignoring loglevel setting.
[    0.000000] Memory policy: Data cache writealloc
[    0.000000] efi: Getting EFI parameters from FDT:
[    0.000000] efi: UEFI not found.
[    0.000000] cma: Reserved 64 MiB at 0xfb800000
[    0.000000] On node 0 totalpages: 524032
[    0.000000] free_area_init_node: node 0, pgdat c157fd40, node_mem_map eeff8000
[    0.000000]   DMA zone: 1536 pages used for memmap
[    0.000000]   DMA zone: 0 pages reserved
[    0.000000]   DMA zone: 196608 pages, LIFO batch:31
[    0.000000]   HighMem zone: 327424 pages, LIFO batch:31
[    0.000000] percpu: Embedded 17 pages/cpu @eef98000 s39168 r8192 d22272 u69632
[    0.000000] pcpu-alloc: s39168 r8192 d22272 u69632 alloc=17*4096
[    0.000000] pcpu-alloc: [0] 0 [0] 1 [0] 2 [0] 3 
[    0.000000] Built 1 zonelists in Zone order, mobility grouping on.  Total pages: 522496
[    0.000000] Kernel command line: ignore_loglevel console=ttyS0,115200n8 rw root=PARTUUID=7369c667-ff51-ec4a-29cd-baabf2fbe346 rootwait gpt debug earlyprintk init=/bin/bash
[    0.000000] PID hash table entries: 4096 (order: 2, 16384 bytes)
[    0.000000] Dentry cache hash table entries: 131072 (order: 7, 524288 bytes)
[    0.000000] Inode-cache hash table entries: 65536 (order: 6, 262144 bytes)
[    0.000000] Memory: 1993540K/2096128K available (10240K kernel code, 1566K rwdata, 4384K rodata, 2048K init, 409K bss, 37052K reserved, 65536K cma-reserved, 1244160K highmem)
[    0.000000] Virtual kernel memory layout:
[    0.000000]     vector  : 0xffff0000 - 0xffff1000   (   4 kB)
[    0.000000]     fixmap  : 0xffc00000 - 0xfff00000   (3072 kB)
[    0.000000]     vmalloc : 0xf0800000 - 0xff800000   ( 240 MB)
[    0.000000]     lowmem  : 0xc0000000 - 0xf0000000   ( 768 MB)
[    0.000000]     pkmap   : 0xbfe00000 - 0xc0000000   (   2 MB)
[    0.000000]     modules : 0xbf000000 - 0xbfe00000   (  14 MB)
[    0.000000]       .text : 0xc0208000 - 0xc0d00000   (11232 kB)
[    0.000000]       .init : 0xc1200000 - 0xc1400000   (2048 kB)
[    0.000000]       .data : 0xc1400000 - 0xc15879b0   (1567 kB)
[    0.000000]        .bss : 0xc1590ce0 - 0xc15f7498   ( 410 kB)
[    0.000000] SLUB: HWalign=64, Order=0-3, MinObjects=0, CPUs=4, Nodes=1
[    0.000000] Hierarchical RCU implementation.
[    0.000000] 	RCU debugfs-based tracing is enabled.
[    0.000000] 	RCU restricting CPUs from NR_CPUS=16 to nr_cpu_ids=4.
[    0.000000] RCU: Adjusting geometry for rcu_fanout_leaf=16, nr_cpu_ids=4
[    0.000000] NR_IRQS:16 nr_irqs:16 16
[    0.000000] /interrupt-controller@60004000: 160 interrupts forwarded to /interrupt-controller@50041000
[    0.000000] Tegra clk 127: register failed with -17
[    0.000008] sched_clock: 32 bits at 1000kHz, resolution 1000ns, wraps every 2147483647500ns
[    0.000027] clocksource: timer_us: mask: 0xffffffff max_cycles: 0xffffffff, max_idle_ns: 1911260446275 ns
[    0.000043] Switching to timer-based delay loop, resolution 1000ns
[    0.003110] arch_timer: cp15 timer(s) running at 12.00MHz (virt).
[    0.003129] clocksource: arch_sys_counter: mask: 0xffffffffffffff max_cycles: 0x2c47f4ee7, max_idle_ns: 440795202497 ns
[    0.003149] sched_clock: 56 bits at 12MHz, resolution 83ns, wraps every 4398046511096ns
[    0.003164] Switching to timer-based delay loop, resolution 83ns
[    0.003567] Console: colour dummy device 80x30
[    0.003597] Calibrating delay loop (skipped), value calculated using timer frequency.. 24.00 BogoMIPS (lpj=120000)
[    0.003617] pid_max: default: 32768 minimum: 301
[    0.003710] Mount-cache hash table entries: 2048 (order: 1, 8192 bytes)
[    0.003723] Mountpoint-cache hash table entries: 2048 (order: 1, 8192 bytes)
[    0.004228] CPU: Testing write buffer coherency: ok
[    0.004467] /cpus/cpu@0 missing clock-frequency property
[    0.004499] /cpus/cpu@1 missing clock-frequency property
[    0.004529] /cpus/cpu@2 missing clock-frequency property
[    0.004561] /cpus/cpu@3 missing clock-frequency property
[    0.004575] CPU0: thread -1, cpu 0, socket 0, mpidr 80000000
[    0.004870] Setting up static identity map for 0x80300000 - 0x803000a0
[    0.007383] Tegra Revision: A01 SKU: 0 CPU Process: 1 SoC Process: 0
[    0.008003] EFI services will not be available.
[    0.008240] smp: Bringing up secondary CPUs ...
[    0.008880] CPU1: thread -1, cpu 1, socket 0, mpidr 80000001
[    0.009590] CPU2: thread -1, cpu 2, socket 0, mpidr 80000002
[    0.010293] CPU3: thread -1, cpu 3, socket 0, mpidr 80000003
[    0.010381] smp: Brought up 1 node, 4 CPUs
[    0.010403] SMP: Total of 4 processors activated (96.00 BogoMIPS).
[    0.010412] CPU: All CPU(s) started in SVC mode.
[    0.011882] devtmpfs: initialized
[    0.020834] VFP support v0.3: implementor 41 architecture 4 part 30 variant f rev 0
[    0.021177] clocksource: jiffies: mask: 0xffffffff max_cycles: 0xffffffff, max_idle_ns: 19112604462750000 ns
[    0.021197] futex hash table entries: 1024 (order: 4, 65536 bytes)
[    0.022641] pinctrl core: initialized pinctrl subsystem
[    0.024401] NET: Registered protocol family 16
[    0.026544] DMA: preallocated 256 KiB pool for atomic coherent allocations
[    0.028664] cpuidle: using governor menu
[    0.051547] No ATAGs?
[    0.051672] hw-breakpoint: found 5 (+1 reserved) breakpoint and 4 watchpoint registers.
[    0.051689] hw-breakpoint: maximum watchpoint size is 8 bytes.
[    0.057153] Serial: AMBA PL011 UART driver
[    0.057885] tegra-mc 70019000.memory-controller: no memory timings for RAM code 3 registered
[    0.072675] AT91: Could not find identification node
[    0.073187] dvdd_ts: Failed to request enable GPIO61: -517
[    0.073209] reg-fixed-voltage regulators:regulator@1: Failed to register regulator: -517
[    0.073319] usb1_vbus: Failed to request enable GPIO108: -517
[    0.073334] reg-fixed-voltage regulators:regulator@3: Failed to register regulator: -517
[    0.073440] usb2_vbus: Failed to request enable GPIO86: -517
[    0.073455] reg-fixed-voltage regulators:regulator@4: Failed to register regulator: -517
[    0.073898] VDD_5V0_HDMI_CON: Failed to request enable GPIO81: -517
[    0.073914] reg-fixed-voltage regulators:regulator@7: Failed to register regulator: -517
[    0.076322] vgaarb: loaded
[    0.077069] SCSI subsystem initialized
[    0.077235] libata version 3.00 loaded.
[    0.077458] usbcore: registered new interface driver usbfs
[    0.077513] usbcore: registered new interface driver hub
[    0.077574] usbcore: registered new device driver usb
[    0.080766] tps65090 2-0048: No cache defaults, reading back from HW
[    0.082661] TPS65090_RAILSDCDC1: supplied by vdd_ac_bat
[    0.083744] TPS65090_RAILSDCDC2: supplied by vdd_ac_bat
[    0.084815] TPS65090_RAILSDCDC3: supplied by vdd_ac_bat
[    0.085341] TPS65090_RAILSFET1: supplied by vdd_ac_bat
[    0.085714] TPS65090_RAILSFET2: supplied by vdd_ac_bat
[    0.086071] TPS65090_RAILSFET3: supplied by vdd-sys-3v3
[    0.086590] TPS65090_RAILSFET4: supplied by vdd-sys-3v3
[    0.087120] TPS65090_RAILSFET5: supplied by vdd-sys-3v3
[    0.087639] TPS65090_RAILSFET6: supplied by vdd-sys-3v3
[    0.088476] TPS65090_RAILSFET7: supplied by vdd-sys-3v3
[    0.089000] TPS65090_RAILSLDO1: supplied by vdd_ac_bat
[    0.089208] TPS65090_RAILSLDO2: supplied by vdd_ac_bat
[    0.090112] palmas 2-0058: Irq flag is 0x00000004
[    0.092055] palmas 2-0058: Muxing GPIO ff, PWM 0, LED 0
[    0.094543] SMPS12: supplied by vdd-ao
[    0.095563] vdd_hdmi_5v0: supplied by vdd-sys-5v0
[    0.096371] SMPS3: supplied by vdd-ao
[    0.098101] SMPS457: supplied by vdd-sys-3v3
[    0.099740] SMPS6: supplied by regulator-dummy
[    0.101143] SMPS8: supplied by vdd-sys-3v3
[    0.101804] random: fast init done
[    0.102750] SMPS9: supplied by vdd-sys-3v3
[    0.103266] sdhci-vdd-sd-slot: Bringing 2840000uV into 2800000-2800000uV
[    0.104655] SMPS10_OUT2: supplied by regulator-dummy
[    0.105502] SMPS10_OUT1: supplied by regulator-dummy
[    0.106358] LDO1: supplied by vdd-sys-3v3
[    0.107469] LDO2: supplied by vdd-sys-3v3
[    0.108600] LDO3: supplied by vddio-1v8
[    0.109720] LDO4: supplied by vdd-sys-3v3
[    0.110844] LDO5: supplied by vdd_ac_bat
[    0.111537] LDO6: supplied by vdd-sys-3v3
[    0.112048] vdd-sensor-2v85: Bringing 2900000uV into 2850000-2850000uV
[    0.113392] LDO7: supplied by vdd-sys-3v3
[    0.115030] LDO8: supplied by vdd-ao
[    0.115557] vdd-rtc: Bringing 675000uV into 900000-900000uV
[    0.123868] LDO9: supplied by sdhci-vdd-sd-slot
[    0.134187] LDOLN: supplied by vdd-sys-5v0
[    0.135314] LDOUSB: supplied by vdd-sys-5v0
[    0.146490] pps_core: LinuxPPS API ver. 1 registered
[    0.146502] pps_core: Software ver. 5.3.6 - Copyright 2005-2007 Rodolfo Giometti <giometti@linux.it>
[    0.146526] PTP clock support registered
[    0.146707] EDAC MC: Ver: 3.0.0
[    0.148818] clocksource: Switched to clocksource arch_sys_counter
[    0.206531] NET: Registered protocol family 2
[    0.207055] TCP established hash table entries: 8192 (order: 3, 32768 bytes)
[    0.207155] TCP bind hash table entries: 8192 (order: 4, 65536 bytes)
[    0.207344] TCP: Hash tables configured (established 8192 bind 8192)
[    0.207431] UDP hash table entries: 512 (order: 2, 16384 bytes)
[    0.207476] UDP-Lite hash table entries: 512 (order: 2, 16384 bytes)
[    0.207633] NET: Registered protocol family 1
[    0.207957] RPC: Registered named UNIX socket transport module.
[    0.207968] RPC: Registered udp transport module.
[    0.207978] RPC: Registered tcp transport module.
[    0.207987] RPC: Registered tcp NFSv4.1 backchannel transport module.
[    0.208000] PCI: CLS 0 bytes, default 64
[    0.210436] workingset: timestamp_bits=30 max_order=19 bucket_order=0
[    0.219108] squashfs: version 4.0 (2009/01/31) Phillip Lougher
[    0.219827] NFS: Registering the id_resolver key type
[    0.219852] Key type id_resolver registered
[    0.219861] Key type id_legacy registered
[    0.219905] ntfs: driver 2.1.32 [Flags: R/O].
[    0.221647] bounce: pool size: 64 pages
[    0.221692] Block layer SCSI generic (bsg) driver version 0.4 loaded (major 248)
[    0.221704] io scheduler noop registered
[    0.221715] io scheduler deadline registered
[    0.221746] io scheduler cfq registered (default)
[    0.221757] io scheduler mq-deadline registered
[    0.221767] io scheduler kyber registered
[    0.251865] tegra-apbdma 6000a000.dma: Tegra20 APB DMA driver register 32 channels
[    0.254363] tegra-pmc 7000e400.pmc: i2c-thermtrip node not found, emergency thermal reset disabled.
[    0.311356] Serial: 8250/16550 driver, 4 ports, IRQ sharing disabled
[    0.314015] console [ttyS0] disabled
[    0.314056] 70006300.serial: ttyS0 at MMIO 0x70006300 (irq = 329, base_baud = 25500000) is a Tegra
[    1.311845] console [ttyS0] enabled
[    1.316063] SuperH (H)SCI(F) driver initialized
[    1.321487] msm_serial: driver initialized
[    1.325744] STMicroelectronics ASC driver initialized
[    1.336020] tegra-hdmi 54280000.hdmi: failed to get HDMI regulator
[    1.360114] brd: module loaded
[    1.370563] loop: module loaded
[    1.390244] m25p80 spi32766.0: w25q32dw (4096 Kbytes)
[    1.398179] libphy: Fixed MDIO Bus: probed
[    1.403358] CAN device driver interface
[    1.407986] bgmac_bcma: Broadcom 47xx GBit MAC driver loaded
[    1.414917] e1000e: Intel(R) PRO/1000 Network Driver - 3.2.6-k
[    1.420756] e1000e: Copyright(c) 1999 - 2015 Intel Corporation.
[    1.426720] igb: Intel(R) Gigabit Ethernet Network Driver - version 5.4.0-k
[    1.433687] igb: Copyright (c) 2007-2014 Intel Corporation.
[    1.442384] pegasus: v0.9.3 (2013/04/25), Pegasus/Pegasus II USB Ethernet driver
[    1.449836] usbcore: registered new interface driver pegasus
[    1.455534] usbcore: registered new interface driver asix
[    1.460978] usbcore: registered new interface driver ax88179_178a
[    1.467099] usbcore: registered new interface driver cdc_ether
[    1.472990] usbcore: registered new interface driver smsc75xx
[    1.478777] usbcore: registered new interface driver smsc95xx
[    1.484564] usbcore: registered new interface driver net1080
[    1.490266] usbcore: registered new interface driver cdc_subset
[    1.496208] usbcore: registered new interface driver zaurus
[    1.501844] usbcore: registered new interface driver cdc_ncm
[    1.509392] ehci_hcd: USB 2.0 'Enhanced' Host Controller (EHCI) Driver
[    1.515912] ehci-pci: EHCI PCI platform driver
[    1.520402] ehci-platform: EHCI generic platform driver
[    1.525796] ehci-orion: EHCI orion driver
[    1.529963] SPEAr-ehci: EHCI SPEAr driver
[    1.534091] ehci-st: EHCI STMicroelectronics driver
[    1.539101] ehci-exynos: EHCI EXYNOS driver
[    1.543417] ehci-atmel: EHCI Atmel driver
[    1.547540] tegra-ehci: Tegra EHCI driver
[    1.551849] ohci_hcd: USB 1.1 'Open' Host Controller (OHCI) Driver
[    1.558032] ohci-pci: OHCI PCI platform driver
[    1.562526] ohci-platform: OHCI generic platform driver
[    1.567885] ohci-omap3: OHCI OMAP3 driver
[    1.572035] SPEAr-ohci: OHCI SPEAr driver
[    1.576165] ohci-st: OHCI STMicroelectronics driver
[    1.581174] ohci-atmel: OHCI Atmel driver
[    1.585841] usbcore: registered new interface driver usb-storage
[    1.597430] palmas-rtc 7000d000.i2c:tps65913@58:rtc: rtc core: registered 7000d000.i2c:tps659 as rtc0
[    1.608426] tegra_rtc 7000e000.rtc: rtc core: registered 7000e000.rtc as rtc1
[    1.615629] tegra_rtc 7000e000.rtc: Tegra internal Real Time Clock
[    1.622295] i2c /dev entries driver
[    1.631981] sbs-battery 0-000b: sbs_probe: Failed to get device status
[    1.638514] sbs-battery: probe of 0-000b failed with error -121
[    1.654626] sdhci: Secure Digital Host Controller Interface driver
[    1.660827] sdhci: Copyright(c) Pierre Ossman
[    1.666554] Synopsys Designware Multimedia Card Interface Driver
[    1.673696] sdhci-pltfm: SDHCI platform and OF driver helper
[    1.680061] sdhci-tegra 78000400.sdhci: Got CD GPIO
[    1.684948] sdhci-tegra 78000400.sdhci: Got WP GPIO
[    1.698109] mmc0: Invalid maximum block size, assuming 512 bytes
[    1.768955] mmc0: SDHCI controller on 78000400.sdhci [78000400.sdhci] using ADMA
[    1.785616] mmc1: Invalid maximum block size, assuming 512 bytes
[    1.848859] mmc1: SDHCI controller on 78000600.sdhci [78000600.sdhci] using ADMA
[    1.857998] ledtrig-cpu: registered to indicate activity on CPUs
[    1.864401] usbcore: registered new interface driver usbhid
[    1.869987] usbhid: USB HID core driver
[    1.877439] NET: Registered protocol family 10
[    1.882833] Segment Routing with IPv6
[    1.886547] sit: IPv6, IPv4 and MPLS over IPv4 tunneling driver
[    1.893081] NET: Registered protocol family 17
[    1.897528] can: controller area network core (rev 20170425 abi 9)
[    1.903777] NET: Registered protocol family 29
[    1.908216] can: raw protocol (rev 20170425)
[    1.912504] can: broadcast manager protocol (rev 20170425 t)
[    1.918161] can: netlink gateway (rev 20170425) max_hops=1
[    1.923968] Key type dns_resolver registered
[    1.928830] ThumbEE CPU extension supported.
[    1.933101] Registering SWP/SWPB emulation handler
[    1.951620] usb1_vbus: supplied by vdd-sys-5v0
[    1.954485] mmc0: new high speed SDHC card at address aaaa
[    1.955483] mmcblk0: mmc0:aaaa SL16G 14.8 GiB 
[    1.967156] usb2_vbus: supplied by vdd-sys-5v0
[    1.974875] VDD_5V0_HDMI_CON: supplied by vdd-sys-5v0
[    1.986610]  mmcblk0: p1 p2 p3
[    1.990146] tegra-ehci 7d008000.usb: EHCI Host Controller
[    1.995586] tegra-ehci 7d008000.usb: new USB bus registered, assigned bus number 1
[    2.003386] tegra-ehci 7d008000.usb: irq 339, io mem 0x7d008000
[    2.006458] mmc1: new high speed MMC card at address 0001
[    2.007308] mmcblk1: mmc1:0001 SEM32G 29.1 GiB 
[    2.007790] mmcblk1boot0: mmc1:0001 SEM32G partition 1 4.00 MiB
[    2.008377] mmcblk1boot1: mmc1:0001 SEM32G partition 2 4.00 MiB
[    2.008870] mmcblk1rpmb: mmc1:0001 SEM32G partition 3 4.00 MiB
[    2.013226]  mmcblk1: p1 p2 p3 p4 p5 p6 p7 p8
[    2.068952] tegra-ehci 7d008000.usb: USB 2.0 started, EHCI 1.10
[    2.076055] hub 1-0:1.0: USB hub found
[    2.079948] hub 1-0:1.0: 1 port detected
[    2.085657] input: gpio-keys as /devices/soc0/gpio-keys/input/input0
[    2.094519] palmas-rtc 7000d000.i2c:tps65913@58:rtc: setting system clock to 2001-04-19 21:13:39 UTC (987714819)
[    2.105320] vdd_hdmi_5v0: disabling
[    2.115682] dvdd_ts: disabling
[    2.118742] usb1_vbus: disabling
[    2.122035] vdd_cam_1v8_reg: disabling
[    2.125793] VDD_5V0_HDMI_CON: disabling
[    2.131268] EXT4-fs (mmcblk1p1): mounting ext3 file system using the ext4 subsystem
[    2.163290] EXT4-fs (mmcblk1p1): recovery complete
[    2.168094] EXT4-fs (mmcblk1p1): mounted filesystem with ordered data mode. Opts: (null)
[    2.176285] VFS: Mounted root (ext3 filesystem) on device 179:17.
[    2.185032] devtmpfs: mounted
[    2.190093] Freeing unused kernel memory: 2048K
bash: cannot set terminal process group (-1): Inappropriate ioctl for device
bash: no job control in this shell
root@(none):/# [    2.438969] usb 1-1: new high-speed USB device number 2 using tegra-ehci
[    3.113447] asix 1-1:1.0 eth0: register 'asix' at usb-7d008000.usb-1, ASIX AX88772 USB 2.0 Ethernet, 00:50:b6:0d:b5:16
mount -t sysfs none /sys
root@(none):/# 
root@(none):/# mount -t debugfs none /sys/kernel/debug
root@(none):/# 
root@(none):/# rtcwake -d rtc1 -m mem -s 3
rtcwake: assuming RTC uses UTC ...
rtcwake: wakeup from "mem" using /dev/rtc1 at Thu Jan  1 00:00:20 1970
[    5.321560] PM: Syncing filesystems ... done.
[    5.328257] Freezing user space processes ... (elapsed 0.001 seconds) done.
[    5.336559] OOM killer disabled.
[    5.339815] Freezing remaining freezable tasks ... (elapsed 0.001 seconds) done.
[    5.348581] Suspending console(s) (use no_console_suspend to debug)
[    5.401200] PM: suspend of devices complete after 45.115 msecs
[    5.404182] PM: late suspend of devices complete after 2.965 msecs
[    5.406810] PM: noirq suspend of devices complete after 2.617 msecs
[    5.406816] Disabling non-boot CPUs ...
[    5.493868] IRQ17 no longer affine to CPU3
[    5.543649] Entering suspend state LP1
[    5.543649] Suspended for 7.623 seconds
[    5.543670] Enabling non-boot CPUs ...
[    5.572857] CPU1 is up
[    5.613001] CPU2 is up
[    5.653675] CPU3 is up
[    5.654835] PM: noirq resume of devices complete after 1.148 msecs
[    5.657327] PM: early resume of devices complete after 2.046 msecs
[    6.199386] PM: resume of devices complete after 542.044 msecs
[    6.263621] OOM killer enabled.
[    6.266756] Restarting tasks ... done.
root@(none):/# 
root@(none):/# rtcwake -d rtc1 -m mem -s 3
rtcwake: assuming RTC uses UTC ...
rtcwake: wakeup from "mem" using /dev/rtc1 at Thu Jan  1 00:00:29 1970
[    6.705731] PM: Syncing filesystems ... done.
[    6.710947] Freezing user space processes ... (elapsed 0.001 seconds) done.
[    6.719272] OOM killer disabled.
[    6.722496] Freezing remaining freezable tasks ... (elapsed 0.001 seconds) done.
[    6.731320] Suspending console(s) (use no_console_suspend to debug)
[    6.791149] PM: suspend of devices complete after 52.339 msecs
[    6.794080] PM: late suspend of devices complete after 2.914 msecs
[    6.796586] PM: noirq suspend of devices complete after 2.496 msecs
[    6.796592] Disabling non-boot CPUs ...
[    6.932443] Entering suspend state LP1
[    6.932443] Suspended for 7.611 seconds
[    6.932464] Enabling non-boot CPUs ...
[    6.963287] CPU1 is up
[    7.002945] CPU2 is up
[    7.043600] CPU3 is up
[    7.044760] PM: noirq resume of devices complete after 1.148 msecs
[    7.047201] PM: early resume of devices complete after 1.997 msecs
[    7.594732] PM: resume of devices complete after 547.512 msecs
[    7.654934] OOM killer enabled.
[    7.658068] Restarting tasks ... done.
root@(none):/# 
root@(none):/# rtcwake -d rtc1 -m mem -s 3
rtcwake: assuming RTC uses UTC ...
rtcwake: wakeup from "mem" using /dev/rtc1 at Thu Jan  1 00:00:38 1970
[    8.082682] PM: Syncing filesystems ... done.
[    8.088188] Freezing user space processes ... (elapsed 0.001 seconds) done.
[    8.096499] OOM killer disabled.
[    8.099755] Freezing remaining freezable tasks ... (elapsed 0.001 seconds) done.
[    8.108549] Suspending console(s) (use no_console_suspend to debug)
[    8.161097] PM: suspend of devices complete after 45.043 msecs
[    8.164004] PM: late suspend of devices complete after 2.889 msecs
[    8.166655] PM: noirq suspend of devices complete after 2.641 msecs
[    8.166661] Disabling non-boot CPUs ...
[    8.167156] IRQ17 no longer affine to CPU1
[    8.292409] Entering suspend state LP1
[    8.292409] Suspended for 7.640 seconds
[    8.292430] Enabling non-boot CPUs ...
[    8.323299] CPU1 is up
[    8.362910] CPU2 is up
[    8.403586] CPU3 is up
[    8.404711] PM: noirq resume of devices complete after 1.114 msecs
[    8.407440] PM: early resume of devices complete after 2.280 msecs
[    8.946881] PM: resume of devices complete after 539.425 msecs
[    9.011186] OOM killer enabled.
[    9.014325] Restarting tasks ... done.
root@(none):/# 
root@(none):/# rtcwake -d rtc1 -m mem -s 3
rtcwake: assuming RTC uses UTC ...
rtcwake: wakeup from "mem" using /dev/rtc1 at Thu Jan  1 00:00:47 1970
[    9.439986] PM: Syncing filesystems ... done.
[    9.445510] Freezing user space processes ... (elapsed 0.001 seconds) done.
[    9.453850] OOM killer disabled.
[    9.457074] Freezing remaining freezable tasks ... (elapsed 0.001 seconds) done.
[    9.465908] Suspending console(s) (use no_console_suspend to debug)
[    9.521075] PM: suspend of devices complete after 47.681 msecs
[    9.523963] PM: late suspend of devices complete after 2.871 msecs
[    9.526606] PM: noirq suspend of devices complete after 2.633 msecs
[    9.526611] Disabling non-boot CPUs ...
[    9.527120] IRQ17 no longer affine to CPU1
[    9.652373] Entering suspend state LP1
[    9.652373] Suspended for 7.640 seconds
[    9.652394] Enabling non-boot CPUs ...
[    9.683224] CPU1 is up
[    9.722863] CPU2 is up
[    9.763529] CPU3 is up
[    9.764656] PM: noirq resume of devices complete after 1.116 msecs
[    9.767406] PM: early resume of devices complete after 2.302 msecs
[   10.308201] PM: resume of devices complete after 540.779 msecs
[   10.372458] OOM killer enabled.
[   10.375594] Restarting tasks ... done.
root@(none):/# 
root@(none):/# rtcwake -d rtc1 -m mem -s 3
rtcwake: assuming RTC uses UTC ...
rtcwake: wakeup from "mem" using /dev/rtc1 at Thu Jan  1 00:00:56 1970
[   10.802965] PM: Syncing filesystems ... done.
[   10.808736] Freezing user space processes ... (elapsed 0.001 seconds) done.
[   10.817047] OOM killer disabled.
[   10.820306] Freezing remaining freezable tasks ... (elapsed 0.001 seconds) done.
[   10.829146] Suspending console(s) (use no_console_suspend to debug)
[   10.880499] PM: suspend of devices complete after 43.879 msecs
[   10.883838] PM: late suspend of devices complete after 3.322 msecs
[   10.886341] PM: noirq suspend of devices complete after 2.491 msecs
[   10.886347] Disabling non-boot CPUs ...
[   11.032545] Entering suspend state LP1
[   11.032545] Suspended for 7.620 seconds
[   11.032566] Enabling non-boot CPUs ...
[   11.062719] CPU1 is up
[   11.102841] CPU2 is up
[   11.143513] CPU3 is up
[   11.144648] PM: noirq resume of devices complete after 1.123 msecs
[   11.147090] PM: early resume of devices complete after 1.996 msecs
[   11.686442] PM: resume of devices complete after 539.335 msecs
[   11.746629] OOM killer enabled.
[   11.749777] Restarting tasks ... done.
root@(none):/# 
root@(none):/# rtcwake -d rtc1 -m mem -s 3
rtcwake: assuming RTC uses UTC ...
rtcwake: wakeup from "mem" using /dev/rtc1 at Thu Jan  1 00:01:05 1970
[   12.177752] PM: Syncing filesystems ... done.
[   12.183387] Freezing user space processes ... (elapsed 0.001 seconds) done.
[   12.191729] OOM killer disabled.
[   12.194952] Freezing remaining freezable tasks ... (elapsed 0.001 seconds) done.
[   12.203793] Suspending console(s) (use no_console_suspend to debug)
[   12.260369] PM: suspend of devices complete after 49.091 msecs
[   12.263261] PM: late suspend of devices complete after 2.876 msecs
[   12.265904] PM: noirq suspend of devices complete after 2.627 msecs
[   12.265910] Disabling non-boot CPUs ...
[   12.266413] IRQ17 no longer affine to CPU1
[   12.412503] Entering suspend state LP1
[   12.412503] Suspended for 7.620 seconds
[   12.412524] Enabling non-boot CPUs ...
[   12.442658] CPU1 is up
[   12.482788] CPU2 is up
[   12.523498] CPU3 is up
[   12.524633] PM: noirq resume of devices complete after 1.124 msecs
[   12.526977] PM: early resume of devices complete after 1.898 msecs
[   13.078056] PM: resume of devices complete after 551.063 msecs
[   13.142407] OOM killer enabled.
[   13.145542] Restarting tasks ... done.
root@(none):/# 
root@(none):/# rtcwake -d rtc1 -m mem -s 3
rtcwake: assuming RTC uses UTC ...
rtcwake: wakeup from "mem" using /dev/rtc1 at Thu Jan  1 00:01:14 1970
[   13.558224] PM: Syncing filesystems ... done.
[   13.563967] Freezing user space processes ... (elapsed 0.001 seconds) done.
[   13.572322] OOM killer disabled.
[   13.575546] Freezing remaining freezable tasks ... (elapsed 0.001 seconds) done.
[   13.584378] Suspending console(s) (use no_console_suspend to debug)
[   13.640267] PM: suspend of devices complete after 48.399 msecs
[   13.643152] PM: late suspend of devices complete after 2.868 msecs
[   13.645796] PM: noirq suspend of devices complete after 2.629 msecs
[   13.645803] Disabling non-boot CPUs ...
[   13.792463] Entering suspend state LP1
[   13.792463] Suspended for 7.620 seconds
[   13.792484] Enabling non-boot CPUs ...
[   13.822605] CPU1 is up
[   13.862762] CPU2 is up
[   13.903441] CPU3 is up
[   13.904590] PM: noirq resume of devices complete after 1.137 msecs
[   13.906942] PM: early resume of devices complete after 1.901 msecs
[   14.446211] PM: resume of devices complete after 539.251 msecs
[   14.506357] OOM killer enabled.
[   14.509504] Restarting tasks ... done.
root@(none):/# 
root@(none):/# rtcwake -d rtc1 -m mem -s 3
rtcwake: assuming RTC uses UTC ...
rtcwake: wakeup from "mem" using /dev/rtc1 at Thu Jan  1 00:01:23 1970
[   14.941522] PM: Syncing filesystems ... done.
[   14.947026] Freezing user space processes ... (elapsed 0.001 seconds) done.
[   14.955369] OOM killer disabled.
[   14.958605] Freezing remaining freezable tasks ... (elapsed 0.001 seconds) done.
[   14.967403] Suspending console(s) (use no_console_suspend to debug)
[   15.020873] PM: suspend of devices complete after 45.956 msecs
[   15.023762] PM: late suspend of devices complete after 2.872 msecs
[   15.026414] PM: noirq suspend of devices complete after 2.638 msecs
[   15.026420] Disabling non-boot CPUs ...
[   15.063885] IRQ17 no longer affine to CPU2
[   15.182166] Entering suspend state LP1
[   15.182166] Suspended for 7.610 seconds
[   15.182187] Enabling non-boot CPUs ...
[   15.213037] CPU1 is up
[   15.252714] CPU2 is up
[   15.293353] CPU3 is up
[   15.294480] PM: noirq resume of devices complete after 1.115 msecs
[   15.296839] PM: early resume of devices complete after 1.902 msecs
[   15.848120] PM: resume of devices complete after 551.264 msecs
[   15.912368] OOM killer enabled.
[   15.915503] Restarting tasks ... done.
root@(none):/# 
root@(none):/# rtcwake -d rtc1 -m mem -s 3
rtcwake: assuming RTC uses UTC ...
rtcwake: wakeup from "mem" using /dev/rtc1 at Thu Jan  1 00:01:32 1970
[   16.330142] PM: Syncing filesystems ... done.
[   16.335964] Freezing user space processes ... (elapsed 0.001 seconds) done.
[   16.344312] OOM killer disabled.
[   16.347536] Freezing remaining freezable tasks ... (elapsed 0.001 seconds) done.
[   16.356334] Suspending console(s) (use no_console_suspend to debug)
[   16.410185] PM: suspend of devices complete after 46.342 msecs
[   16.413065] PM: late suspend of devices complete after 2.864 msecs
[   16.415702] PM: noirq suspend of devices complete after 2.623 msecs
[   16.415709] Disabling non-boot CPUs ...
[   16.562373] Entering suspend state LP1
[   16.562373] Suspended for 7.620 seconds
[   16.562394] Enabling non-boot CPUs ...
[   16.592594] CPU1 is up
[   16.632701] CPU2 is up
[   16.673337] CPU3 is up
[   16.674493] PM: noirq resume of devices complete after 1.144 msecs
[   16.676876] PM: early resume of devices complete after 1.924 msecs
[   17.216135] PM: resume of devices complete after 539.242 msecs
[   17.276270] OOM killer enabled.
[   17.279424] Restarting tasks ... done.
root@(none):/# 
root@(none):/# rtcwake -d rtc1 -m mem -s 3
rtcwake: assuming RTC uses UTC ...
rtcwake: wakeup from "mem" using /dev/rtc1 at Thu Jan  1 00:01:41 1970
[   17.708618] PM: Syncing filesystems ... done.
[   17.714121] Freezing user space processes ... (elapsed 0.001 seconds) done.
[   17.722465] OOM killer disabled.
[   17.725689] Freezing remaining freezable tasks ... (elapsed 0.001 seconds) done.
[   17.734518] Suspending console(s) (use no_console_suspend to debug)
[   17.790737] PM: suspend of devices complete after 48.726 msecs
[   17.793624] PM: late suspend of devices complete after 2.871 msecs
[   17.796265] PM: noirq suspend of devices complete after 2.627 msecs
[   17.796271] Disabling non-boot CPUs ...
[   17.902074] Entering suspend state LP1
[   17.902074] Suspended for 7.660 seconds
[   17.902095] Enabling non-boot CPUs ...
[   17.932930] CPU1 is up
[   17.972596] CPU2 is up
[   18.013258] CPU3 is up
[   18.014390] PM: noirq resume of devices complete after 1.121 msecs
[   18.016773] PM: early resume of devices complete after 1.941 msecs
[   18.556153] PM: resume of devices complete after 539.365 msecs
[   18.616341] OOM killer enabled.
[   18.619489] Restarting tasks ... done.
root@(none):/# 
root@(none):/# NVTB SYSTEM SUSPEND TEST COMPLETE
