
U-Boot SPL 2014.01-00219-gc4d376f (Feb 18 2014 - 19:57:18)


U-Boot 2014.01-00219-gc4d376f (Feb 18 2014 - 19:57:18)

TEGRA30
Board: NVIDIA Beaver
I2C:   ready
DRAM:  2 GiB
MMC:   Tegra SD/MMC: 0, Tegra SD/MMC: 1
In:    serial
Out:   serial
Err:   serial
Net:   Net Initialization Skipped
No ethernet found.
Hit any key to stop autoboot:  2  0 
Tegra30 (Beaver) # 
Tegra30 (Beaver) # usb reset
(Re)start USB...
USB0:   USB EHCI 1.00
scanning bus 0 for devices... 2 USB Device(s) found
       scanning usb for storage devices... 0 Storage Device(s) found
       scanning usb for ethernet devices... 
Warning: asx0 using MAC address from net device
1 Ethernet Device(s) found
Tegra30 (Beaver) # setenv bootargs 'ignore_loglevel console=ttyS0,115200n8 rw root=PARTUUID=edbe1840-3633-c751-7993-b0ac834f81e0 rootwait gpt debug noinitrd earlyprintk init=/bin/bash'
Tegra30 (Beaver) # setenv ipaddr 192.168.100.101; setenv serverip 192.168.100.1; setenv tftpserverip 192.168.100.1
Tegra30 (Beaver) # tftpboot 0x81000000 zImage.multi_v7_defconfig
Using asx0 device
TFTP from server 192.168.100.1; our IP address is 192.168.100.101
Filename 'zImage.multi_v7_defconfig'.
Load address: 0x81000000
Loading: *#################################################################
	 #################################################################
	 #################################################################
	 #################################################################
	 #################################################################
	 #################################################################
	 #################################################################
	 #################################################################
	 ##############################
	 2.8 MiB/s
done
Bytes transferred = 8065536 (7b1200 hex)
Tegra30 (Beaver) # tftpboot 0x82000000 tegra30-beaver.dtb
Using asx0 device
TFTP from server 192.168.100.1; our IP address is 192.168.100.101
Filename 'tegra30-beaver.dtb'.
Load address: 0x82000000
Loading: *####
	 332 KiB/s
done
Bytes transferred = 51470 (c90e hex)
Tegra30 (Beaver) # bootz 0x81000000 - 0x82000000
Kernel image @ 0x81000000 [ 0x000000 - 0x7b1200 ]
## Flattened Device Tree blob at 82000000
   Booting using the fdt blob at 0x82000000
   Loading Device Tree to 8fff0000, end 8ffff90d ... OK

Starting kernel ...

[    0.000000] Booting Linux on physical CPU 0x0
[    0.000000] Linux version 4.15.0-336172-gd8a5b80568a9 (jonathanh@tamien) (gcc version 4.7.3 20130328 (prerelease) (crosstool-NG linaro-1.13.1-4.7-2013.04-20130415 - Linaro GCC 2013.04)) #1 SMP Sun Jan 28 13:34:20 PST 2018
[    0.000000] CPU: ARMv7 Processor [412fc099] revision 9 (ARMv7), cr=10c5387d
[    0.000000] CPU: PIPT / VIPT nonaliasing data cache, VIPT aliasing instruction cache
[    0.000000] OF: fdt: Machine model: NVIDIA Tegra30 Beaver evaluation board
[    0.000000] debug: ignoring loglevel setting.
[    0.000000] Memory policy: Data cache writealloc
[    0.000000] efi: Getting EFI parameters from FDT:
[    0.000000] efi: UEFI not found.
[    0.000000] cma: Reserved 64 MiB at 0xfb800000
[    0.000000] On node 0 totalpages: 524032
[    0.000000]   DMA zone: 1536 pages used for memmap
[    0.000000]   DMA zone: 0 pages reserved
[    0.000000]   DMA zone: 196608 pages, LIFO batch:31
[    0.000000]   HighMem zone: 327424 pages, LIFO batch:31
[    0.000000] random: fast init done
[    0.000000] percpu: Embedded 17 pages/cpu @(ptrval) s39104 r8192 d22336 u69632
[    0.000000] pcpu-alloc: s39104 r8192 d22336 u69632 alloc=17*4096
[    0.000000] pcpu-alloc: [0] 0 [0] 1 [0] 2 [0] 3 
[    0.000000] Built 1 zonelists, mobility grouping on.  Total pages: 522496
[    0.000000] Kernel command line: ignore_loglevel console=ttyS0,115200n8 rw root=PARTUUID=edbe1840-3633-c751-7993-b0ac834f81e0 rootwait gpt debug noinitrd earlyprintk init=/bin/bash
[    0.000000] Dentry cache hash table entries: 131072 (order: 7, 524288 bytes)
[    0.000000] Inode-cache hash table entries: 65536 (order: 6, 262144 bytes)
[    0.000000] Memory: 1992476K/2096128K available (11264K kernel code, 1602K rwdata, 4296K rodata, 2048K init, 404K bss, 38116K reserved, 65536K cma-reserved, 1244160K highmem)
[    0.000000] Virtual kernel memory layout:
[    0.000000]     vector  : 0xffff0000 - 0xffff1000   (   4 kB)
[    0.000000]     fixmap  : 0xffc00000 - 0xfff00000   (3072 kB)
[    0.000000]     vmalloc : 0xf0800000 - 0xff800000   ( 240 MB)
[    0.000000]     lowmem  : 0xc0000000 - 0xf0000000   ( 768 MB)
[    0.000000]     pkmap   : 0xbfe00000 - 0xc0000000   (   2 MB)
[    0.000000]     modules : 0xbf000000 - 0xbfe00000   (  14 MB)
[    0.000000]       .text : 0x(ptrval) - 0x(ptrval)   (12256 kB)
[    0.000000]       .init : 0x(ptrval) - 0x(ptrval)   (2048 kB)
[    0.000000]       .data : 0x(ptrval) - 0x(ptrval)   (1603 kB)
[    0.000000]        .bss : 0x(ptrval) - 0x(ptrval)   ( 405 kB)
[    0.000000] SLUB: HWalign=64, Order=0-3, MinObjects=0, CPUs=4, Nodes=1
[    0.000000] Hierarchical RCU implementation.
[    0.000000] 	RCU event tracing is enabled.
[    0.000000] 	RCU restricting CPUs from NR_CPUS=16 to nr_cpu_ids=4.
[    0.000000] RCU: Adjusting geometry for rcu_fanout_leaf=16, nr_cpu_ids=4
[    0.000000] NR_IRQS: 16, nr_irqs: 16, preallocated irqs: 16
[    0.000000] /interrupt-controller@60004000: 160 interrupts forwarded to /interrupt-controller@50041000
[    0.000000] L2C: platform modifies aux control register: 0x02080000 -> 0x3e480001
[    0.000000] L2C: DT/platform modifies aux control register: 0x02080000 -> 0x3e480001
[    0.000000] L2C-310 erratum 769419 enabled
[    0.000000] L2C-310 enabling early BRESP for Cortex-A9
[    0.000000] L2C-310: enabling full line of zeros but not enabled in Cortex-A9
[    0.000000] L2C-310 dynamic clock gating enabled, standby mode enabled
[    0.000000] L2C-310 cache controller enabled, 8 ways, 1024 kB
[    0.000000] L2C-310: CACHE_ID 0x410000c7, AUX_CTRL 0x4e480001
[    0.000014] sched_clock: 32 bits at 1000kHz, resolution 1000ns, wraps every 2147483647500ns
[    0.000031] clocksource: timer_us: mask: 0xffffffff max_cycles: 0xffffffff, max_idle_ns: 1911260446275 ns
[    0.000040] Switching to timer-based delay loop, resolution 1000ns
[    0.003093] Console: colour dummy device 80x30
[    0.003124] Calibrating delay loop (skipped), value calculated using timer frequency.. 2.00 BogoMIPS (lpj=10000)
[    0.003134] pid_max: default: 32768 minimum: 301
[    0.003212] Mount-cache hash table entries: 2048 (order: 1, 8192 bytes)
[    0.003220] Mountpoint-cache hash table entries: 2048 (order: 1, 8192 bytes)
[    0.003620] CPU: Testing write buffer coherency: ok
[    0.003924] CPU0: thread -1, cpu 0, socket 0, mpidr 80000000
[    0.004151] Setting up static identity map for 0x80300000 - 0x803000a0
[    0.005507] Hierarchical SRCU implementation.
[    0.006875] Tegra Revision: A03 SKU: 128 CPU Process: 4 SoC Process: 0
[    0.007454] EFI services will not be available.
[    0.007563] smp: Bringing up secondary CPUs ...
[    0.010386] CPU1: thread -1, cpu 1, socket 0, mpidr 80000001
[    0.020360] CPU2: thread -1, cpu 2, socket 0, mpidr 80000002
[    0.030342] CPU3: thread -1, cpu 3, socket 0, mpidr 80000003
[    0.030397] smp: Brought up 1 node, 4 CPUs
[    0.030409] SMP: Total of 4 processors activated (8.00 BogoMIPS).
[    0.030414] CPU: All CPU(s) started in SVC mode.
[    0.031122] devtmpfs: initialized
[    0.038076] VFP support v0.3: implementor 41 architecture 3 part 30 variant 9 rev 4
[    0.038509] clocksource: jiffies: mask: 0xffffffff max_cycles: 0xffffffff, max_idle_ns: 19112604462750000 ns
[    0.038528] futex hash table entries: 1024 (order: 4, 65536 bytes)
[    0.041953] pinctrl core: initialized pinctrl subsystem
[    0.043340] DMI not present or invalid.
[    0.043591] NET: Registered protocol family 16
[    0.046063] DMA: preallocated 256 KiB pool for atomic coherent allocations
[    0.047741] cpuidle: using governor menu
[    0.060680] No ATAGs?
[    0.060785] hw-breakpoint: found 5 (+1 reserved) breakpoint and 1 watchpoint registers.
[    0.060796] hw-breakpoint: maximum watchpoint size is 4 bytes.
[    0.064947] Serial: AMBA PL011 UART driver
[    0.065523] tegra-mc 7000f000.memory-controller: no memory timings for RAM code 3 registered
[    0.065614] iommu: Adding device reg-dummy to group 0
[    0.065639] iommu: Adding device 3000.pcie to group 1
[    0.065658] iommu: Adding device 50000000.host1x to group 2
[    0.065675] iommu: Adding device 54040000.mpe to group 3
[    0.065698] iommu: Adding device 54080000.vi to group 4
[    0.065716] iommu: Adding device 540c0000.epp to group 5
[    0.065741] iommu: Adding device 54100000.isp to group 6
[    0.065758] iommu: Adding device 54140000.gr2d to group 7
[    0.065776] iommu: Adding device 54180000.gr3d to group 8
[    0.065836] iommu: Adding device 54200000.dc to group 9
[    0.065874] iommu: Adding device 54240000.dc to group 10
[    0.065898] iommu: Adding device 54280000.hdmi to group 11
[    0.065915] iommu: Adding device 50040600.timer to group 12
[    0.065933] iommu: Adding device 50043000.cache-controller to group 13
[    0.065951] iommu: Adding device 60005000.timer to group 14
[    0.065967] iommu: Adding device 60007000.flow-controller to group 15
[    0.065991] iommu: Adding device 6000a000.dma to group 16
[    0.066008] iommu: Adding device 6000c000.ahb to group 17
[    0.066025] iommu: Adding device 6000d000.gpio to group 18
[    0.066040] iommu: Adding device 70000800.apbmisc to group 19
[    0.066062] iommu: Adding device 70000868.pinmux to group 20
[    0.066080] iommu: Adding device 70006000.serial to group 21
[    0.066096] iommu: Adding device 7000e000.rtc to group 22
[    0.066114] iommu: Adding device 7000c000.i2c to group 23
[    0.066131] iommu: Adding device 7000c400.i2c to group 24
[    0.066150] iommu: Adding device 7000c500.i2c to group 25
[    0.066171] iommu: Adding device 7000c700.i2c to group 26
[    0.066196] iommu: Adding device 7000d000.i2c to group 27
[    0.066217] iommu: Adding device 7000da00.spi to group 28
[    0.066235] iommu: Adding device 7000e400.pmc to group 29
[    0.066252] iommu: Adding device 7000f000.memory-controller to group 30
[    0.066269] iommu: Adding device 7000f800.fuse to group 31
[    0.066285] iommu: Adding device 70080000.ahub to group 32
[    0.066302] iommu: Adding device 78000000.sdhci to group 33
[    0.066320] iommu: Adding device 78000600.sdhci to group 34
[    0.066337] iommu: Adding device 7d000000.usb to group 35
[    0.066355] iommu: Adding device 7d000000.usb-phy to group 36
[    0.066383] iommu: Adding device 7d004000.usb to group 37
[    0.066401] iommu: Adding device 7d004000.usb-phy to group 38
[    0.066418] iommu: Adding device 7d008000.usb to group 39
[    0.066436] iommu: Adding device 7d008000.usb-phy to group 40
[    0.066453] iommu: Adding device pmu to group 41
[    0.066468] iommu: Adding device clocks to group 42
[    0.066484] iommu: Adding device gpio-leds to group 43
[    0.066501] iommu: Adding device regulators to group 44
[    0.066521] iommu: Adding device regulators:regulator@0 to group 45
[    0.066572] iommu: Adding device regulators:regulator@1 to group 46
[    0.066590] iommu: Adding device regulators:regulator@2 to group 47
[    0.066615] iommu: Adding device regulators:regulator@3 to group 48
[    0.066633] iommu: Adding device regulators:regulator@4 to group 49
[    0.066650] iommu: Adding device regulators:regulator@5 to group 50
[    0.066667] iommu: Adding device regulators:regulator@6 to group 51
[    0.066684] iommu: Adding device regulators:regulator@7 to group 52
[    0.066705] iommu: Adding device regulators:regulator@8 to group 53
[    0.066722] iommu: Adding device sound to group 54
[    0.075050] AT91: Could not find identification node
[    0.075537] vdd_5v_sata: Failed to request enable GPIO30: -517
[    0.075551] reg-fixed-voltage regulators:regulator@3: Failed to register regulator: -517
[    0.075601] usb1_vbus: Failed to request enable GPIO238: -517
[    0.075608] reg-fixed-voltage regulators:regulator@4: Failed to register regulator: -517
[    0.075657] usb3_vbus: Failed to request enable GPIO236: -517
[    0.075664] reg-fixed-voltage regulators:regulator@5: Failed to register regulator: -517
[    0.075767] sys_3v3_pexs: Failed to request enable GPIO95: -517
[    0.075774] reg-fixed-voltage regulators:regulator@7: Failed to register regulator: -517
[    0.077533] vgaarb: loaded
[    0.077997] SCSI subsystem initialized
[    0.078146] libata version 3.00 loaded.
[    0.078279] usbcore: registered new interface driver usbfs
[    0.078307] usbcore: registered new interface driver hub
[    0.078340] usbcore: registered new device driver usb
[    0.082691] iommu: Adding device tps65910-gpio to group 55
[    0.082965] iommu: Adding device tps65910-pmic to group 56
[    0.085440] vrtc: supplied by vdd_5v_in
[    0.088712] vio: supplied by vdd_5v_in
[    0.091837] vdd1: supplied by vdd_5v_in
[    0.093198] vddio_ddr_1v2: Bringing 600000uV into 1200000-1200000uV
[    0.101821] vdd2: supplied by vdd_5v_in
[    0.121858] ldo1: supplied by vdd_1v5_gen
[    0.124220] ldo2: supplied by vdd_1v5_gen
[    0.124692] vdd_sata,avdd_plle: Bringing 1200000uV into 1050000-1050000uV
[    0.126917] ldo3: supplied by vdd_5v_in
[    0.129256] ldo4: supplied by vdd_5v_in
[    0.131817] ldo5: supplied by vdd_5v_in
[    0.141810] ldo6: supplied by vdd_1v8_gen
[    0.142279] avdd_dsi_csi,pwrdet_mipi: Bringing 1000000uV into 1200000-1200000uV
[    0.144520] ldo7: supplied by vdd_1v8_gen
[    0.151805] ldo8: supplied by vdd_1v8_gen
[    0.160090] iommu: Adding device tps65910-rtc to group 57
[    0.160211] iommu: Adding device tps65910-power to group 58
[    0.161961] pps_core: LinuxPPS API ver. 1 registered
[    0.161967] pps_core: Software ver. 5.3.6 - Copyright 2005-2007 Rodolfo Giometti <giometti@linux.it>
[    0.161982] PTP clock support registered
[    0.162112] EDAC MC: Ver: 3.0.0
[    0.162308] dmi: Firmware registration failed.
[    0.163615] clocksource: Switched to clocksource timer_us
[    0.193506] NET: Registered protocol family 2
[    0.193946] TCP established hash table entries: 8192 (order: 3, 32768 bytes)
[    0.194002] TCP bind hash table entries: 8192 (order: 4, 65536 bytes)
[    0.194087] TCP: Hash tables configured (established 8192 bind 8192)
[    0.194240] UDP hash table entries: 512 (order: 2, 16384 bytes)
[    0.194309] UDP-Lite hash table entries: 512 (order: 2, 16384 bytes)
[    0.194478] NET: Registered protocol family 1
[    0.194823] RPC: Registered named UNIX socket transport module.
[    0.194830] RPC: Registered udp transport module.
[    0.194834] RPC: Registered tcp transport module.
[    0.194838] RPC: Registered tcp NFSv4.1 backchannel transport module.
[    0.194847] PCI: CLS 0 bytes, default 64
[    0.195653] hw perfevents: no interrupt-affinity property for /pmu, guessing.
[    0.195895] hw perfevents: enabled with armv7_cortex_a9 PMU driver, 7 counters available
[    0.196400] iommu: Adding device alarmtimer to group 59
[    0.196973] Initialise system trusted keyrings
[    0.197096] workingset: timestamp_bits=30 max_order=19 bucket_order=0
[    0.200352] squashfs: version 4.0 (2009/01/31) Phillip Lougher
[    0.200746] NFS: Registering the id_resolver key type
[    0.200771] Key type id_resolver registered
[    0.200776] Key type id_legacy registered
[    0.200805] ntfs: driver 2.1.32 [Flags: R/O].
[    0.201732] Key type asymmetric registered
[    0.201741] Asymmetric key parser 'x509' registered
[    0.201776] bounce: pool size: 64 pages
[    0.201811] Block layer SCSI generic (bsg) driver version 0.4 loaded (major 247)
[    0.201819] io scheduler noop registered
[    0.201824] io scheduler deadline registered
[    0.201957] io scheduler cfq registered (default)
[    0.201964] io scheduler mq-deadline registered
[    0.201968] io scheduler kyber registered
[    0.208446] tegra30-pinctrl 70000868.pinmux: invalid group "sdmmc3_dat6_pd3" for function "rsvd1"
[    0.208461] tegra30-pinctrl 70000868.pinmux: invalid group "sdmmc3_dat7_pd4" for function "rsvd1"
[    0.208476] tegra30-pinctrl 70000868.pinmux: invalid group "vi_vsync_pd6" for function "rsvd1"
[    0.208485] tegra30-pinctrl 70000868.pinmux: invalid group "vi_hsync_pd7" for function "rsvd1"
[    0.208951] tegra30-pinctrl 70000868.pinmux: invalid group "hdmi_int_pn7" for function "rsvd1"
[    0.208995] tegra30-pinctrl 70000868.pinmux: invalid group "ulpi_data3_po4" for function "rsvd1"
[    0.209326] tegra30-pinctrl 70000868.pinmux: invalid group "vi_d10_pt2" for function "rsvd1"
[    0.209338] tegra30-pinctrl 70000868.pinmux: invalid group "vi_d11_pt3" for function "rsvd1"
[    0.209351] tegra30-pinctrl 70000868.pinmux: invalid group "vi_d0_pt4" for function "rsvd1"
[    0.209391] tegra30-pinctrl 70000868.pinmux: invalid group "pu0" for function "rsvd1"
[    0.209421] tegra30-pinctrl 70000868.pinmux: invalid group "pu3" for function "rsvd1"
[    0.209451] tegra30-pinctrl 70000868.pinmux: invalid group "pu6" for function "rsvd1"
[    0.209492] tegra30-pinctrl 70000868.pinmux: invalid group "pv3" for function "rsvd1"
[    0.209997] tegra30-pinctrl 70000868.pinmux: invalid group "pbb0" for function "rsvd1"
[    0.210112] tegra30-pinctrl 70000868.pinmux: invalid group "pcc1" for function "rsvd1"
[    0.215267] tegra-pcie 3000.pcie: 2x3 configuration
[    0.215412] tegra-pcie 3000.pcie: Failed to get supply 'hvdd-pex': -517
[    0.220923] tegra-apbdma 6000a000.dma: Tegra20 APB DMA driver register 32 channels
[    0.223015] tegra-pmc 7000e400.pmc: i2c-thermtrip node not found, emergency thermal reset disabled.
[    0.252527] Serial: 8250/16550 driver, 4 ports, IRQ sharing disabled
[    0.252613] iommu: Adding device serial8250 to group 60
[    0.254678] console [ttyS0] disabled
[    0.254713] 70006000.serial: ttyS0 at MMIO 0x70006000 (irq = 331, base_baud = 25500000) is a Tegra
[    1.627831] console [ttyS0] enabled
[    1.631866] SuperH (H)SCI(F) driver initialized
[    1.637005] msm_serial: driver initialized
[    1.641192] STMicroelectronics ASC driver initialized
[    1.666082] tegra-hdmi 54280000.hdmi: failed to get HDMI regulator
[    1.679050] brd: module loaded
[    1.687701] loop: module loaded
[    1.696539] m25p80 spi0.1: w25q32 (4096 Kbytes)
[    1.702275] iommu: Adding device Fixed MDIO bus.0 to group 61
[    1.708471] libphy: Fixed MDIO Bus: probed
[    1.713096] CAN device driver interface
[    1.717562] bgmac_bcma: Broadcom 47xx GBit MAC driver loaded
[    1.723952] e1000e: Intel(R) PRO/1000 Network Driver - 3.2.6-k
[    1.729768] e1000e: Copyright(c) 1999 - 2015 Intel Corporation.
[    1.735722] igb: Intel(R) Gigabit Ethernet Network Driver - version 5.4.0-k
[    1.742664] igb: Copyright (c) 2007-2014 Intel Corporation.
[    1.750324] pegasus: v0.9.3 (2013/04/25), Pegasus/Pegasus II USB Ethernet driver
[    1.757764] usbcore: registered new interface driver pegasus
[    1.763429] usbcore: registered new interface driver asix
[    1.768848] usbcore: registered new interface driver ax88179_178a
[    1.774953] usbcore: registered new interface driver cdc_ether
[    1.780792] usbcore: registered new interface driver smsc75xx
[    1.786553] usbcore: registered new interface driver smsc95xx
[    1.792298] usbcore: registered new interface driver net1080
[    1.797970] usbcore: registered new interface driver cdc_subset
[    1.803908] usbcore: registered new interface driver zaurus
[    1.809494] usbcore: registered new interface driver cdc_ncm
[    1.815336] tegra-phy 7d000000.usb-phy: no vbus regulator
[    1.823082] ehci_hcd: USB 2.0 'Enhanced' Host Controller (EHCI) Driver
[    1.829605] ehci-pci: EHCI PCI platform driver
[    1.834067] ehci-platform: EHCI generic platform driver
[    1.839397] ehci-orion: EHCI orion driver
[    1.843477] SPEAr-ehci: EHCI SPEAr driver
[    1.847565] ehci-st: EHCI STMicroelectronics driver
[    1.852501] ehci-exynos: EHCI EXYNOS driver
[    1.856770] ehci-atmel: EHCI Atmel driver
[    1.860838] tegra-ehci: Tegra EHCI driver
[    1.865142] ohci_hcd: USB 1.1 'Open' Host Controller (OHCI) Driver
[    1.871315] ohci-pci: OHCI PCI platform driver
[    1.875784] ohci-platform: OHCI generic platform driver
[    1.881105] SPEAr-ohci: OHCI SPEAr driver
[    1.885188] ohci-st: OHCI STMicroelectronics driver
[    1.890125] ohci-atmel: OHCI Atmel driver
[    1.894570] usbcore: registered new interface driver usb-storage
[    1.904062] iommu: Adding device ci_hdrc.0 to group 62
[    1.914695] tegra_rtc 7000e000.rtc: rtc core: registered 7000e000.rtc as rtc1
[    1.921848] tegra_rtc 7000e000.rtc: Tegra internal Real Time Clock
[    1.940586] tps65910-rtc tps65910-rtc: rtc core: registered tps65910-rtc as rtc0
[    1.948169] i2c /dev entries driver
[    1.959759] sdhci: Secure Digital Host Controller Interface driver
[    1.965946] sdhci: Copyright(c) Pierre Ossman
[    1.971247] Synopsys Designware Multimedia Card Interface Driver
[    1.978075] sdhci-pltfm: SDHCI platform and OF driver helper
[    1.984254] sdhci-tegra 78000000.sdhci: Got CD GPIO
[    1.989128] sdhci-tegra 78000000.sdhci: Got WP GPIO
[    2.002282] mmc0: Invalid maximum block size, assuming 512 bytes
[    2.073707] mmc0: SDHCI controller on 78000000.sdhci [78000000.sdhci] using ADMA
[    2.090080] mmc1: Invalid maximum block size, assuming 512 bytes
[    2.153633] mmc1: SDHCI controller on 78000600.sdhci [78000600.sdhci] using ADMA
[    2.162477] ledtrig-cpu: registered to indicate activity on CPUs
[    2.168758] usbcore: registered new interface driver usbhid
[    2.174330] usbhid: USB HID core driver
[    2.180654] NET: Registered protocol family 10
[    2.185797] Segment Routing with IPv6
[    2.189495] sit: IPv6, IPv4 and MPLS over IPv4 tunneling driver
[    2.195809] NET: Registered protocol family 17
[    2.200247] can: controller area network core (rev 20170425 abi 9)
[    2.206472] NET: Registered protocol family 29
[    2.210904] can: raw protocol (rev 20170425)
[    2.215179] can: broadcast manager protocol (rev 20170425 t)
[    2.220826] can: netlink gateway (rev 20170425) max_hops=1
[    2.226577] Key type dns_resolver registered
[    2.231206] ThumbEE CPU extension supported.
[    2.235489] Registering SWP/SWPB emulation handler
[    2.240666] Loading compiled-in X.509 certificates
[    2.255677] vdd_ddr: supplied by vdd_5v_in
[    2.260610] vdd_5v_sata: supplied by vdd_5v_in
[    2.265399] usb1_vbus: supplied by vdd_5v_in
[    2.269969] usb3_vbus: supplied by vdd_5v_in
[    2.275867] sys_3v3,vdd_3v3_alw: supplied by vdd_5v_in
[    2.281792] sys_3v3_pexs: supplied by sys_3v3,vdd_3v3_alw
[    2.287316] mmc1: new high speed MMC card at address 0001
[    2.287333] +VDD_5V_HDMI: supplied by sys_3v3,vdd_3v3_alw
[    2.288006] tegra-pcie 3000.pcie: 2x3 configuration
[    2.294752] tegra-pcie 3000.pcie: probing port 0, using 2 lanes
[    2.309282] mmcblk1: mmc1:0001 SEM16G 14.8 GiB 
[    2.313958] mmcblk1boot0: mmc1:0001 SEM16G partition 1 1.00 MiB
[    2.319974] mmcblk1boot1: mmc1:0001 SEM16G partition 2 1.00 MiB
[    2.326028] mmcblk1rpmb: mmc1:0001 SEM16G partition 3 128 KiB, chardev (237:0)
[    2.335272] mmc0: new ultra high speed DDR50 SDHC card at address aaaa
[    2.342069] mmcblk0: mmc0:aaaa SS04G 3.69 GiB 
[    2.346663] Primary GPT is invalid, using alternate GPT.
[    2.351978]  mmcblk1: p1 p2 p3 p4 p5
[    2.353055] tegra-pcie 3000.pcie: probing port 2, using 2 lanes
[    2.382874]  mmcblk0: p1 p2 p3
[    2.756884] tegra-pcie 3000.pcie: link 2 down, retrying
[    3.165903] tegra-pcie 3000.pcie: link 2 down, retrying
[    3.574927] tegra-pcie 3000.pcie: link 2 down, retrying
[    3.582148] tegra-pcie 3000.pcie: link 2 down, ignoring
[    3.587488] tegra-pcie 3000.pcie: PCI host bridge to bus 0000:00
[    3.593484] pci_bus 0000:00: root bus resource [io  0x0000-0xffff]
[    3.599662] pci_bus 0000:00: root bus resource [mem 0x20000000-0x27ffffff]
[    3.606530] pci_bus 0000:00: root bus resource [mem 0x28000000-0x3fffffff pref]
[    3.613830] pci_bus 0000:00: root bus resource [bus 00-ff]
[    3.619326] pci 0000:00:01.0: [10de:0e1c] type 01 class 0x060400
[    3.625340] pci_bus 0000:00: 2-byte config write to 0000:00:01.0 offset 0x4 may corrupt adjacent RW1C bits
[    3.634982] pci_bus 0000:00: 2-byte config write to 0000:00:01.0 offset 0x4 may corrupt adjacent RW1C bits
[    3.644636] pci 0000:00:01.0: enabling Extended Tags
[    3.649590] pci_bus 0000:00: 2-byte config write to 0000:00:01.0 offset 0x88 may corrupt adjacent RW1C bits
[    3.659339] pci_bus 0000:00: 2-byte config write to 0000:00:01.0 offset 0x52 may corrupt adjacent RW1C bits
[    3.669083] pci 0000:00:01.0: PME# supported from D0 D1 D2 D3hot D3cold
[    3.675693] pci_bus 0000:00: 2-byte config write to 0000:00:01.0 offset 0x4c may corrupt adjacent RW1C bits
[    3.685557] pci_bus 0000:00: 2-byte config write to 0000:00:01.0 offset 0x3e may corrupt adjacent RW1C bits
[    3.695290] pci_bus 0000:00: 2-byte config write to 0000:00:01.0 offset 0x4 may corrupt adjacent RW1C bits
[    3.704932] pci_bus 0000:00: 1-byte config write to 0000:00:01.0 offset 0xc may corrupt adjacent RW1C bits
[    3.714570] PCI: bus0: Fast back to back transfers disabled
[    3.720131] pci 0000:00:01.0: bridge configuration invalid ([bus 00-00]), reconfiguring
[    3.728123] pci_bus 0000:00: 2-byte config write to 0000:00:01.0 offset 0x3e may corrupt adjacent RW1C bits
[    3.737852] pci_bus 0000:00: 2-byte config write to 0000:00:01.0 offset 0x3e may corrupt adjacent RW1C bits
[    3.747654] pci 0000:01:00.0: [10ec:8168] type 00 class 0x020000
[    3.753676] pci 0000:01:00.0: reg 0x10: [io  0x0000-0x00ff]
[    3.759249] pci 0000:01:00.0: reg 0x18: [mem 0x00000000-0x00000fff 64bit pref]
[    3.766473] pci 0000:01:00.0: reg 0x20: [mem 0x00000000-0x00003fff 64bit pref]
[    3.773785] PCI: bus1: Fast back to back transfers disabled
[    3.779348] pci_bus 0000:01: busn_res: [bus 01-ff] end is updated to 01
[    3.785984] pci 0000:00:01.0: BAR 9: assigned [mem 0x28000000-0x280fffff 64bit pref]
[    3.793720] pci 0000:00:01.0: BAR 7: assigned [io  0x1000-0x1fff]
[    3.799801] pci 0000:01:00.0: BAR 4: assigned [mem 0x28000000-0x28003fff 64bit pref]
[    3.807544] pci 0000:01:00.0: BAR 2: assigned [mem 0x28004000-0x28004fff 64bit pref]
[    3.815285] pci 0000:01:00.0: BAR 0: assigned [io  0x1000-0x10ff]
[    3.821366] pci 0000:00:01.0: PCI bridge to [bus 01]
[    3.826326] pci 0000:00:01.0:   bridge window [io  0x1000-0x1fff]
[    3.832406] pci 0000:00:01.0:   bridge window [mem 0x28000000-0x280fffff 64bit pref]
[    3.840157] pci 0000:00:01.0: nv_msi_ht_cap_quirk didn't locate host bridge
[    3.847226] pcieport 0000:00:01.0: enabling device (0140 -> 0143)
[    3.853507] pcieport 0000:00:01.0: Signaling PME with IRQ 375
[    3.859499] r8169 Gigabit Ethernet driver 2.3LK-NAPI loaded
[    3.865091] r8169 0000:01:00.0: enabling device (0140 -> 0143)
[    3.870937] r8169 0000:01:00.0 (unnamed net_device) (uninitialized): not PCI Express
[    3.879559] r8169 0000:01:00.0 eth0: RTL8168evl/8111evl at 0xe4beb4c3, 02:04:4b:01:60:a6, XID 0c900800 IRQ 18
[    3.889476] r8169 0000:01:00.0 eth0: jumbo features [frames: 9200 bytes, tx checksumming: ko]
[    3.900612] [drm] Supports vblank timestamp caching Rev 2 (21.10.2013).
[    3.907260] [drm] No driver support for vblank timestamp query.
[    3.913205] [drm] Cannot find any crtc or sizes
[    3.917798] [drm] Initialized tegra 0.0.0 20120330 for drm on minor 0
[    3.927043] tegra-ehci 7d004000.usb: EHCI Host Controller
[    3.932446] tegra-ehci 7d004000.usb: new USB bus registered, assigned bus number 1
[    3.940229] tegra-ehci 7d004000.usb: irq 344, io mem 0x7d004000
[    3.946186] [drm] Cannot find any crtc or sizes
[    3.974014] tegra-ehci 7d004000.usb: USB 2.0 started, EHCI 1.00
[    3.980437] hub 1-0:1.0: USB hub found
[    3.984228] hub 1-0:1.0: 1 port detected
[    3.989350] tegra-ehci 7d008000.usb: EHCI Host Controller
[    3.994773] tegra-ehci 7d008000.usb: new USB bus registered, assigned bus number 2
[    4.002520] tegra-ehci 7d008000.usb: irq 345, io mem 0x7d008000
[    4.034005] tegra-ehci 7d008000.usb: USB 2.0 started, EHCI 1.00
[    4.040305] hub 2-0:1.0: USB hub found
[    4.044087] hub 2-0:1.0: 1 port detected
[    4.053229] tps65910-rtc tps65910-rtc: setting system clock to 2000-01-01 00:00:02 UTC (946684802)
[    4.062751] vdd_sata,avdd_plle: disabling
[    4.067512] usb1_vbus: disabling
[    4.072300] EXT4-fs (mmcblk1p1): mounting ext3 file system using the ext4 subsystem
[    4.087284] EXT4-fs (mmcblk1p1): warning: mounting fs with errors, running e2fsck is recommended
[    4.097495] EXT4-fs (mmcblk1p1): recovery complete
[    4.102283] EXT4-fs (mmcblk1p1): mounted filesystem with ordered data mode. Opts: (null)
[    4.110407] VFS: Mounted root (ext3 filesystem) on device 179:1.
[    4.120193] devtmpfs: mounted
[    4.125621] Freeing unused kernel memory: 2048K
bash: cannot set terminal process group (-1): Inappropriate ioctl for device
bash: no job control in this shell
root@(none):/# [    4.414025] usb 2-1: new high-speed USB device number 2 using tegra-ehci
mount -t sysfs none /sys
root@(none):/# 
root@(none):/# mount -t debugfs none /sys/kernel/debug
root@(none):/# 
root@(none):/# rtcwake -d rtc1 -m mem -s 3
rtcwake: wakeup from "mem" using /dev/rtc1 at Thu Jan  1 00:00:22 1970
[    7.441862] PM: suspend entry (deep)
[    7.445462] PM: Syncing filesystems ... done.
[    7.451870] Freezing user space processes ... (elapsed 0.001 seconds) done.
[    7.459935] OOM killer disabled.
[    7.463151] Freezing remaining freezable tasks ... (elapsed 0.001 seconds) done.
[    7.471657] Suspending console(s) (use no_console_suspend to debug)
[    7.559610] Disabling non-boot CPUs ...
[    7.703763] IRQ17 no longer affine to CPU3
[    7.704205] Entering suspend state LP1
[    7.704217] Enabling non-boot CPUs ...
[    7.704863] CPU1 is up
[    7.705475] CPU2 is up
[    7.706149] CPU3 is up
[    7.707167] pcieport 0000:00:01.0: nv_msi_ht_cap_quirk didn't locate host bridge
[    8.323114] OOM killer enabled.
[    8.326251] Restarting tasks ... done.
[    8.330311] PM: suspend exit
root@(none):/# 
root@(none):/# rtcwake -d rtc1 -m mem -s 3
rtcwake: wakeup from "mem" using /dev/rtc1 at Thu Jan  1 00:00:27 1970
[    9.394303] PM: suspend entry (deep)
[    9.397877] PM: Syncing filesystems ... done.
[    9.404401] Freezing user space processes ... (elapsed 0.001 seconds) done.
[    9.412457] OOM killer disabled.
[    9.415686] Freezing remaining freezable tasks ... (elapsed 0.001 seconds) done.
[    9.424197] Suspending console(s) (use no_console_suspend to debug)
[    9.464916] pci_generic_config_write32: 32 callbacks suppressed
[    9.464929] pci_bus 0000:00: 2-byte config write to 0000:00:01.0 offset 0x9c may corrupt adjacent RW1C bits
[    9.511363] Disabling non-boot CPUs ...
[    9.553878] IRQ17 no longer affine to CPU1
[    9.674191] Entering suspend state LP1
[    9.674206] Enabling non-boot CPUs ...
[    9.675064] CPU1 is up
[    9.675831] CPU2 is up
[    9.676674] CPU3 is up
[    9.677850] pci_bus 0000:00: 2-byte config write to 0000:00:01.0 offset 0x4c may corrupt adjacent RW1C bits
[    9.677864] pci_bus 0000:00: 2-byte config write to 0000:00:01.0 offset 0x88 may corrupt adjacent RW1C bits
[    9.677872] pci_bus 0000:00: 2-byte config write to 0000:00:01.0 offset 0x90 may corrupt adjacent RW1C bits
[    9.677877] pci_bus 0000:00: 2-byte config write to 0000:00:01.0 offset 0x98 may corrupt adjacent RW1C bits
[    9.677881] pci_bus 0000:00: 2-byte config write to 0000:00:01.0 offset 0x9c may corrupt adjacent RW1C bits
[    9.677904] pci_bus 0000:00: 2-byte config write to 0000:00:01.0 offset 0x52 may corrupt adjacent RW1C bits
[    9.677911] pci_bus 0000:00: 2-byte config write to 0000:00:01.0 offset 0x52 may corrupt adjacent RW1C bits
[    9.677919] pci_bus 0000:00: 2-byte config write to 0000:00:01.0 offset 0x5c may corrupt adjacent RW1C bits
[    9.677925] pci_bus 0000:00: 2-byte config write to 0000:00:01.0 offset 0x52 may corrupt adjacent RW1C bits
[    9.677947] pcieport 0000:00:01.0: nv_msi_ht_cap_quirk didn't locate host bridge
[   10.402139] OOM killer enabled.
[   10.405278] Restarting tasks ... done.
[   10.409422] PM: suspend exit
root@(none):/# 
root@(none):/# rtcwake -d rtc1 -m mem -s 3
rtcwake: wakeup from "mem" using /dev/rtc1 at Thu Jan  1 00:00:32 1970
[   11.353883] PM: suspend entry (deep)
[   11.357465] PM: Syncing filesystems ... done.
[   11.364160] Freezing user space processes ... (elapsed 0.001 seconds) done.
[   11.372246] OOM killer disabled.
[   11.375480] Freezing remaining freezable tasks ... (elapsed 0.001 seconds) done.
[   11.384024] Suspending console(s) (use no_console_suspend to debug)
[   11.473304] Disabling non-boot CPUs ...
[   11.553784] IRQ17 no longer affine to CPU2
[   11.614306] Entering suspend state LP1
[   11.614323] Enabling non-boot CPUs ...
[   11.615176] CPU1 is up
[   11.615943] CPU2 is up
[   11.616774] CPU3 is up
[   11.617993] pcieport 0000:00:01.0: nv_msi_ht_cap_quirk didn't locate host bridge
[   12.238936] OOM killer enabled.
[   12.242066] Restarting tasks ... done.
[   12.246237] PM: suspend exit
root@(none):/# 
root@(none):/# rtcwake -d rtc1 -m mem -s 3
rtcwake: wakeup from "mem" using /dev/rtc1 at Thu Jan  1 00:00:37 1970
[   13.293848] PM: suspend entry (deep)
[   13.297427] PM: Syncing filesystems ... done.
[   13.304113] Freezing user space processes ... (elapsed 0.001 seconds) done.
[   13.312201] OOM killer disabled.
[   13.315433] Freezing remaining freezable tasks ... (elapsed 0.001 seconds) done.
[   13.323976] Suspending console(s) (use no_console_suspend to debug)
[   13.413261] Disabling non-boot CPUs ...
[   13.483757] IRQ17 no longer affine to CPU2
[   13.544256] Entering suspend state LP1
[   13.544272] Enabling non-boot CPUs ...
[   13.545119] CPU1 is up
[   13.545887] CPU2 is up
[   13.546695] CPU3 is up
[   13.547929] pcieport 0000:00:01.0: nv_msi_ht_cap_quirk didn't locate host bridge
[   14.169468] OOM killer enabled.
[   14.172598] Restarting tasks ... done.
[   14.176760] PM: suspend exit
root@(none):/# 
root@(none):/# rtcwake -d rtc1 -m mem -s 3
rtcwake: wakeup from "mem" using /dev/rtc1 at Thu Jan  1 00:00:42 1970
[   15.223881] PM: suspend entry (deep)
[   15.227460] PM: Syncing filesystems ... done.
[   15.234144] Freezing user space processes ... (elapsed 0.001 seconds) done.
[   15.242226] OOM killer disabled.
[   15.245460] Freezing remaining freezable tasks ... (elapsed 0.001 seconds) done.
[   15.253999] Suspending console(s) (use no_console_suspend to debug)
[   15.295249] pci_generic_config_write32: 26 callbacks suppressed
[   15.295266] pci_bus 0000:00: 2-byte config write to 0000:00:01.0 offset 0x9c may corrupt adjacent RW1C bits
[   15.343882] Disabling non-boot CPUs ...
[   15.453732] IRQ17 no longer affine to CPU2
[   15.514255] Entering suspend state LP1
[   15.514270] Enabling non-boot CPUs ...
[   15.515128] CPU1 is up
[   15.515903] CPU2 is up
[   15.516736] CPU3 is up
[   15.517909] pci_bus 0000:00: 2-byte config write to 0000:00:01.0 offset 0x4c may corrupt adjacent RW1C bits
[   15.517921] pci_bus 0000:00: 2-byte config write to 0000:00:01.0 offset 0x88 may corrupt adjacent RW1C bits
[   15.517928] pci_bus 0000:00: 2-byte config write to 0000:00:01.0 offset 0x90 may corrupt adjacent RW1C bits
[   15.517933] pci_bus 0000:00: 2-byte config write to 0000:00:01.0 offset 0x98 may corrupt adjacent RW1C bits
[   15.517938] pci_bus 0000:00: 2-byte config write to 0000:00:01.0 offset 0x9c may corrupt adjacent RW1C bits
[   15.517960] pci_bus 0000:00: 2-byte config write to 0000:00:01.0 offset 0x52 may corrupt adjacent RW1C bits
[   15.517967] pci_bus 0000:00: 2-byte config write to 0000:00:01.0 offset 0x52 may corrupt adjacent RW1C bits
[   15.517975] pci_bus 0000:00: 2-byte config write to 0000:00:01.0 offset 0x5c may corrupt adjacent RW1C bits
[   15.517980] pci_bus 0000:00: 2-byte config write to 0000:00:01.0 offset 0x52 may corrupt adjacent RW1C bits
[   15.518007] pcieport 0000:00:01.0: nv_msi_ht_cap_quirk didn't locate host bridge
[   16.252089] OOM killer enabled.
[   16.255228] Restarting tasks ... done.
[   16.259367] PM: suspend exit
root@(none):/# 
root@(none):/# rtcwake -d rtc1 -m mem -s 3
rtcwake: wakeup from "mem" using /dev/rtc1 at Thu Jan  1 00:00:47 1970
[   17.193878] PM: suspend entry (deep)
[   17.197458] PM: Syncing filesystems ... done.
[   17.204168] Freezing user space processes ... (elapsed 0.001 seconds) done.
[   17.212254] OOM killer disabled.
[   17.215488] Freezing remaining freezable tasks ... (elapsed 0.001 seconds) done.
[   17.224025] Suspending console(s) (use no_console_suspend to debug)
[   17.313205] Disabling non-boot CPUs ...
[   17.463653] IRQ17 no longer affine to CPU3
[   17.464234] Entering suspend state LP1
[   17.464249] Enabling non-boot CPUs ...
[   17.465104] CPU1 is up
[   17.465887] CPU2 is up
[   17.466698] CPU3 is up
[   17.467909] pcieport 0000:00:01.0: nv_msi_ht_cap_quirk didn't locate host bridge
[   18.098962] OOM killer enabled.
[   18.102095] Restarting tasks ... done.
[   18.106249] PM: suspend exit
root@(none):/# 
root@(none):/# rtcwake -d rtc1 -m mem -s 3
rtcwake: wakeup from "mem" using /dev/rtc1 at Thu Jan  1 00:00:52 1970
[   19.143837] PM: suspend entry (deep)
[   19.147416] PM: Syncing filesystems ... done.
[   19.154585] Freezing user space processes ... (elapsed 0.001 seconds) done.
[   19.162670] OOM killer disabled.
[   19.165903] Freezing remaining freezable tasks ... (elapsed 0.001 seconds) done.
[   19.174444] Suspending console(s) (use no_console_suspend to debug)
[   19.263791] Disabling non-boot CPUs ...
[   19.373679] IRQ17 no longer affine to CPU2
[   19.434191] Entering suspend state LP1
[   19.434206] Enabling non-boot CPUs ...
[   19.435059] CPU1 is up
[   19.435824] CPU2 is up
[   19.436637] CPU3 is up
[   19.437847] pcieport 0000:00:01.0: nv_msi_ht_cap_quirk didn't locate host bridge
[   20.058986] OOM killer enabled.
[   20.062116] Restarting tasks ... done.
[   20.066279] PM: suspend exit
root@(none):/# 
root@(none):/# rtcwake -d rtc1 -m mem -s 3
rtcwake: wakeup from "mem" using /dev/rtc1 at Thu Jan  1 00:00:57 1970
[   21.113759] PM: suspend entry (deep)
[   21.117338] PM: Syncing filesystems ... done.
[   21.124031] Freezing user space processes ... (elapsed 0.001 seconds) done.
[   21.132124] OOM killer disabled.
[   21.135360] Freezing remaining freezable tasks ... (elapsed 0.001 seconds) done.
[   21.143904] Suspending console(s) (use no_console_suspend to debug)
[   21.185182] pci_generic_config_write32: 26 callbacks suppressed
[   21.185198] pci_bus 0000:00: 2-byte config write to 0000:00:01.0 offset 0x9c may corrupt adjacent RW1C bits
[   21.233798] Disabling non-boot CPUs ...
[   21.343650] IRQ17 no longer affine to CPU2
[   21.404160] Entering suspend state LP1
[   21.404173] Enabling non-boot CPUs ...
[   21.405026] CPU1 is up
[   21.405803] CPU2 is up
[   21.406628] CPU3 is up
[   21.407788] pci_bus 0000:00: 2-byte config write to 0000:00:01.0 offset 0x4c may corrupt adjacent RW1C bits
[   21.407801] pci_bus 0000:00: 2-byte config write to 0000:00:01.0 offset 0x88 may corrupt adjacent RW1C bits
[   21.407807] pci_bus 0000:00: 2-byte config write to 0000:00:01.0 offset 0x90 may corrupt adjacent RW1C bits
[   21.407812] pci_bus 0000:00: 2-byte config write to 0000:00:01.0 offset 0x98 may corrupt adjacent RW1C bits
[   21.407818] pci_bus 0000:00: 2-byte config write to 0000:00:01.0 offset 0x9c may corrupt adjacent RW1C bits
[   21.407839] pci_bus 0000:00: 2-byte config write to 0000:00:01.0 offset 0x52 may corrupt adjacent RW1C bits
[   21.407847] pci_bus 0000:00: 2-byte config write to 0000:00:01.0 offset 0x52 may corrupt adjacent RW1C bits
[   21.407855] pci_bus 0000:00: 2-byte config write to 0000:00:01.0 offset 0x5c may corrupt adjacent RW1C bits
[   21.407862] pci_bus 0000:00: 2-byte config write to 0000:00:01.0 offset 0x52 may corrupt adjacent RW1C bits
[   21.407886] pcieport 0000:00:01.0: nv_msi_ht_cap_quirk didn't locate host bridge
[   22.141779] OOM killer enabled.
[   22.144918] Restarting tasks ... done.
[   22.149059] PM: suspend exit
root@(none):/# 
root@(none):/# rtcwake -d rtc1 -m mem -s 3
rtcwake: wakeup from "mem" using /dev/rtc1 at Thu Jan  1 00:01:02 1970
[   23.083274] PM: suspend entry (deep)
[   23.086885] PM: Syncing filesystems ... done.
[   23.093021] Freezing user space processes ... (elapsed 0.001 seconds) done.
[   23.101110] OOM killer disabled.
[   23.104344] Freezing remaining freezable tasks ... (elapsed 0.001 seconds) done.
[   23.112865] Suspending console(s) (use no_console_suspend to debug)
[   23.203196] Disabling non-boot CPUs ...
[   23.273625] IRQ17 no longer affine to CPU2
[   23.334001] Entering suspend state LP1
[   23.334016] Enabling non-boot CPUs ...
[   23.334859] CPU1 is up
[   23.335626] CPU2 is up
[   23.336435] CPU3 is up
[   23.337647] pcieport 0000:00:01.0: nv_msi_ht_cap_quirk didn't locate host bridge
[   23.958906] OOM killer enabled.
[   23.962037] Restarting tasks ... done.
[   23.966205] PM: suspend exit
root@(none):/# 
root@(none):/# rtcwake -d rtc1 -m mem -s 3
rtcwake: wakeup from "mem" using /dev/rtc1 at Thu Jan  1 00:01:07 1970
[   25.013247] PM: suspend entry (deep)
[   25.016848] PM: Syncing filesystems ... done.
[   25.022993] Freezing user space processes ... (elapsed 0.001 seconds) done.
[   25.031084] OOM killer disabled.
[   25.034321] Freezing remaining freezable tasks ... (elapsed 0.001 seconds) done.
[   25.042850] Suspending console(s) (use no_console_suspend to debug)
[   25.133187] Disabling non-boot CPUs ...
[   25.213597] IRQ17 no longer affine to CPU2
[   25.253972] Entering suspend state LP1
[   25.253984] Enabling non-boot CPUs ...
[   25.254830] CPU1 is up
[   25.255593] CPU2 is up
[   25.256422] CPU3 is up
[   25.257642] pcieport 0000:00:01.0: nv_msi_ht_cap_quirk didn't locate host bridge
[   25.878852] OOM killer enabled.
[   25.881980] Restarting tasks ... done.
[   25.886146] PM: suspend exit
root@(none):/# 
root@(none):/# NVTB SYSTEM SUSPEND TEST COMPLETE
