
U-Boot SPL 2014.01-00219-gc4d376f (Feb 18 2014 - 19:57:18)


U-Boot 2014.01-00219-gc4d376f (Feb 18 2014 - 19:57:18)

TEGRA30
Board: NVIDIA Beaver
I2C:   ready
DRAM:  2 GiB
MMC:   Tegra SD/MMC: 0, Tegra SD/MMC: 1
In:    serial
Out:   serial
Err:   serial
Net:   Net Initialization Skipped
No ethernet found.
Hit any key to stop autoboot:  2  0 
Tegra30 (Beaver) # 
Tegra30 (Beaver) # usb reset
(Re)start USB...
USB0:   USB EHCI 1.00
scanning bus 0 for devices... 2 USB Device(s) found
       scanning usb for storage devices... 0 Storage Device(s) found
       scanning usb for ethernet devices... 
Warning: asx0 using MAC address from net device
1 Ethernet Device(s) found
Tegra30 (Beaver) # setenv bootargs 'ignore_loglevel console=ttyS0,115200n8 rw root=PARTUUID=edbe1840-3633-c751-7993-b0ac834f81e0 rootwait gpt debug noinitrd earlyprintk init=/bin/bash'
Tegra30 (Beaver) # setenv ipaddr 192.168.100.101; setenv serverip 192.168.100.1; setenv tftpserverip 192.168.100.1
Tegra30 (Beaver) # tftpboot 0x81000000 zImage.tegra_defconfig
Using asx0 device
TFTP from server 192.168.100.1; our IP address is 192.168.100.101
Filename 'zImage.tegra_defconfig'.
Load address: 0x81000000
Loading: *#################################################################
	 #################################################################
	 #################################################################
	 #################################################################
	 #################################################################
	 #################################################################
	 ###############################
	 2.9 MiB/s
done
Bytes transferred = 6171744 (5e2c60 hex)
Tegra30 (Beaver) # tftpboot 0x82000000 tegra30-beaver.dtb
Using asx0 device
TFTP from server 192.168.100.1; our IP address is 192.168.100.101
Filename 'tegra30-beaver.dtb'.
Load address: 0x82000000
Loading: *####
	 2.7 MiB/s
done
Bytes transferred = 51470 (c90e hex)
Tegra30 (Beaver) # bootz 0x81000000 - 0x82000000
Kernel image @ 0x81000000 [ 0x000000 - 0x5e2c60 ]
## Flattened Device Tree blob at 82000000
   Booting using the fdt blob at 0x82000000
   Loading Device Tree to 8fff0000, end 8ffff90d ... OK

Starting kernel ...

[    0.000000] Booting Linux on physical CPU 0x0
[    0.000000] Linux version 4.15.0-16223-gd8a5b80 (jonathanh@kaivo) (gcc version 4.7.3 20130328 (prerelease) (crosstool-NG linaro-1.13.1-4.7-2013.04-20130415 - Linaro GCC 2013.04)) #1 SMP PREEMPT Sun Jan 28 13:33:14 PST 2018
[    0.000000] CPU: ARMv7 Processor [412fc099] revision 9 (ARMv7), cr=10c5387d
[    0.000000] CPU: PIPT / VIPT nonaliasing data cache, VIPT aliasing instruction cache
[    0.000000] OF: fdt: Machine model: NVIDIA Tegra30 Beaver evaluation board
[    0.000000] debug: ignoring loglevel setting.
[    0.000000] bootconsole [earlycon0] enabled
[    0.000000] Memory policy: Data cache writealloc
[    0.000000] cma: Reserved 64 MiB at 0xfbc00000
[    0.000000] On node 0 totalpages: 524032
[    0.000000]   Normal zone: 1536 pages used for memmap
[    0.000000]   Normal zone: 0 pages reserved
[    0.000000]   Normal zone: 196608 pages, LIFO batch:31
[    0.000000]   HighMem zone: 327424 pages, LIFO batch:31
[    0.000000] random: fast init done
[    0.000000] percpu: Embedded 17 pages/cpu @(ptrval) s39168 r8192 d22272 u69632
[    0.000000] pcpu-alloc: s39168 r8192 d22272 u69632 alloc=17*4096
[    0.000000] pcpu-alloc: [0] 0 [0] 1 [0] 2 [0] 3 
[    0.000000] Built 1 zonelists, mobility grouping on.  Total pages: 522496
[    0.000000] Kernel command line: ignore_loglevel console=ttyS0,115200n8 rw root=PARTUUID=edbe1840-3633-c751-7993-b0ac834f81e0 rootwait gpt debug noinitrd earlyprintk init=/bin/bash
[    0.000000] Dentry cache hash table entries: 131072 (order: 7, 524288 bytes)
[    0.000000] Inode-cache hash table entries: 65536 (order: 6, 262144 bytes)
[    0.000000] Memory: 1998528K/2096128K available (9216K kernel code, 778K rwdata, 2560K rodata, 1024K init, 299K bss, 32064K reserved, 65536K cma-reserved, 1244160K highmem)
[    0.000000] Virtual kernel memory layout:
[    0.000000]     vector  : 0xffff0000 - 0xffff1000   (   4 kB)
[    0.000000]     fixmap  : 0xffc00000 - 0xfff00000   (3072 kB)
[    0.000000]     vmalloc : 0xf0800000 - 0xff800000   ( 240 MB)
[    0.000000]     lowmem  : 0xc0000000 - 0xf0000000   ( 768 MB)
[    0.000000]     pkmap   : 0xbfe00000 - 0xc0000000   (   2 MB)
[    0.000000]     modules : 0xbf000000 - 0xbfe00000   (  14 MB)
[    0.000000]       .text : 0x(ptrval) - 0x(ptrval)   (10208 kB)
[    0.000000]       .init : 0x(ptrval) - 0x(ptrval)   (1024 kB)
[    0.000000]       .data : 0x(ptrval) - 0x(ptrval)   ( 779 kB)
[    0.000000]        .bss : 0x(ptrval) - 0x(ptrval)   ( 300 kB)
[    0.000000] Preemptible hierarchical RCU implementation.
[    0.000000] 	Tasks RCU enabled.
[    0.000000] NR_IRQS: 16, nr_irqs: 16, preallocated irqs: 16
[    0.000000] /interrupt-controller@60004000: 160 interrupts forwarded to /interrupt-controller@50041000
[    0.000000] L2C: platform modifies aux control register: 0x02080000 -> 0x3e480001
[    0.000000] L2C: DT/platform modifies aux control register: 0x02080000 -> 0x3e480001
[    0.000000] L2C-310 erratum 769419 enabled
[    0.000000] L2C-310 enabling early BRESP for Cortex-A9
[    0.000000] L2C-310: enabling full line of zeros but not enabled in Cortex-A9
[    0.000000] L2C-310 dynamic clock gating enabled, standby mode enabled
[    0.000000] L2C-310 cache controller enabled, 8 ways, 1024 kB
[    0.000000] L2C-310: CACHE_ID 0x410000c7, AUX_CTRL 0x4e480001
[    0.000013] sched_clock: 32 bits at 1000kHz, resolution 1000ns, wraps every 2147483647500ns
[    0.006452] clocksource: timer_us: mask: 0xffffffff max_cycles: 0xffffffff, max_idle_ns: 1911260446275 ns
[    0.015980] Switching to timer-based delay loop, resolution 1000ns
[    0.022965] Console: colour dummy device 80x30
[    0.026567] Calibrating delay loop (skipped), value calculated using timer frequency.. 2.00 BogoMIPS (lpj=10000)
[    0.036699] pid_max: default: 32768 minimum: 301
[    0.041625] Mount-cache hash table entries: 2048 (order: 1, 8192 bytes)
[    0.047875] Mountpoint-cache hash table entries: 2048 (order: 1, 8192 bytes)
[    0.055576] CPU: Testing write buffer coherency: ok
[    0.060101] CPU0: thread -1, cpu 0, socket 0, mpidr 80000000
[    0.100013] Setting up static identity map for 0x80100000 - 0x801000a0
[    0.104722] Hierarchical SRCU implementation.
[    0.120413] Tegra Revision: A03 SKU: 128 CPU Process: 4 SoC Process: 0
[    0.139972] smp: Bringing up secondary CPUs ...
[    0.200396] CPU1: thread -1, cpu 1, socket 0, mpidr 80000001
[    0.280382] CPU2: thread -1, cpu 2, socket 0, mpidr 80000002
[    0.360381] CPU3: thread -1, cpu 3, socket 0, mpidr 80000003
[    0.360442] smp: Brought up 1 node, 4 CPUs
[    0.379523] SMP: Total of 4 processors activated (8.00 BogoMIPS).
[    0.385596] CPU: All CPU(s) started in SVC mode.
[    0.391271] devtmpfs: initialized
[    0.403907] VFP support v0.3: implementor 41 architecture 3 part 30 variant 9 rev 4
[    0.410078] clocksource: jiffies: mask: 0xffffffff max_cycles: 0xffffffff, max_idle_ns: 19112604462750000 ns
[    0.419464] futex hash table entries: 1024 (order: 4, 65536 bytes)
[    0.428836] pinctrl core: initialized pinctrl subsystem
[    0.433346] NET: Registered protocol family 16
[    0.438629] DMA: preallocated 256 KiB pool for atomic coherent allocations
[    0.444550] cpuidle: using governor menu
[    0.461135] No ATAGs?
[    0.461254] hw-breakpoint: found 5 (+1 reserved) breakpoint and 1 watchpoint registers.
[    0.469589] hw-breakpoint: maximum watchpoint size is 4 bytes.
[    0.476937] tegra-mc 7000f000.memory-controller: no memory timings for RAM code 3 registered
[    0.483970] iommu: Adding device reg-dummy to group 0
[    0.488851] iommu: Adding device 3000.pcie to group 1
[    0.493888] iommu: Adding device 50000000.host1x to group 2
[    0.499419] iommu: Adding device 54040000.mpe to group 3
[    0.504718] iommu: Adding device 54080000.vi to group 4
[    0.509912] iommu: Adding device 540c0000.epp to group 5
[    0.515210] iommu: Adding device 54100000.isp to group 6
[    0.520491] iommu: Adding device 54140000.gr2d to group 7
[    0.525853] iommu: Adding device 54180000.gr3d to group 8
[    0.531289] iommu: Adding device 54200000.dc to group 9
[    0.536455] iommu: Adding device 54240000.dc to group 10
[    0.541727] iommu: Adding device 54280000.hdmi to group 11
[    0.547181] iommu: Adding device 50040600.timer to group 12
[    0.552731] iommu: Adding device 50043000.cache-controller to group 13
[    0.559219] iommu: Adding device 60005000.timer to group 14
[    0.564781] iommu: Adding device 60007000.flow-controller to group 15
[    0.571191] iommu: Adding device 6000a000.dma to group 16
[    0.576551] iommu: Adding device 6000c000.ahb to group 17
[    0.581937] iommu: Adding device 6000d000.gpio to group 18
[    0.587392] iommu: Adding device 70000800.apbmisc to group 19
[    0.593117] iommu: Adding device 70000868.pinmux to group 20
[    0.598740] iommu: Adding device 70006000.serial to group 21
[    0.604385] iommu: Adding device 7000e000.rtc to group 22
[    0.609748] iommu: Adding device 7000c000.i2c to group 23
[    0.615130] iommu: Adding device 7000c400.i2c to group 24
[    0.620501] iommu: Adding device 7000c500.i2c to group 25
[    0.625872] iommu: Adding device 7000c700.i2c to group 26
[    0.631258] iommu: Adding device 7000d000.i2c to group 27
[    0.636614] iommu: Adding device 7000da00.spi to group 28
[    0.641996] iommu: Adding device 7000e400.pmc to group 29
[    0.647360] iommu: Adding device 7000f000.memory-controller to group 30
[    0.653969] iommu: Adding device 7000f800.fuse to group 31
[    0.659406] iommu: Adding device 70080000.ahub to group 32
[    0.664878] iommu: Adding device 78000000.sdhci to group 33
[    0.670430] iommu: Adding device 78000600.sdhci to group 34
[    0.675963] iommu: Adding device 7d000000.usb to group 35
[    0.681348] iommu: Adding device 7d000000.usb-phy to group 36
[    0.687053] iommu: Adding device 7d004000.usb to group 37
[    0.692438] iommu: Adding device 7d004000.usb-phy to group 38
[    0.698146] iommu: Adding device 7d008000.usb to group 39
[    0.703531] iommu: Adding device 7d008000.usb-phy to group 40
[    0.709245] iommu: Adding device pmu to group 41
[    0.713843] iommu: Adding device clocks to group 42
[    0.718684] iommu: Adding device gpio-leds to group 43
[    0.723810] iommu: Adding device regulators to group 44
[    0.728999] iommu: Adding device regulators:regulator@0 to group 45
[    0.735249] iommu: Adding device regulators:regulator@1 to group 46
[    0.741506] iommu: Adding device regulators:regulator@2 to group 47
[    0.747730] iommu: Adding device regulators:regulator@3 to group 48
[    0.753969] iommu: Adding device regulators:regulator@4 to group 49
[    0.760210] iommu: Adding device regulators:regulator@5 to group 50
[    0.766438] iommu: Adding device regulators:regulator@6 to group 51
[    0.772691] iommu: Adding device regulators:regulator@7 to group 52
[    0.778919] iommu: Adding device regulators:regulator@8 to group 53
[    0.785168] iommu: Adding device sound to group 54
[    0.803018] vdd_5v_sata: Failed to request enable GPIO30: -517
[    0.806939] reg-fixed-voltage regulators:regulator@3: Failed to register regulator: -517
[    0.815084] usb1_vbus: Failed to request enable GPIO238: -517
[    0.820752] reg-fixed-voltage regulators:regulator@4: Failed to register regulator: -517
[    0.828839] usb3_vbus: Failed to request enable GPIO236: -517
[    0.834508] reg-fixed-voltage regulators:regulator@5: Failed to register regulator: -517
[    0.842692] sys_3v3_pexs: Failed to request enable GPIO95: -517
[    0.848449] reg-fixed-voltage regulators:regulator@7: Failed to register regulator: -517
[    0.857624] vgaarb: loaded
[    0.859836] SCSI subsystem initialized
[    0.863150] libata version 3.00 loaded.
[    0.867017] usbcore: registered new interface driver usbfs
[    0.872259] usbcore: registered new interface driver hub
[    0.877556] usbcore: registered new device driver usb
[    0.887160] iommu: Adding device tps65910-gpio to group 55
[    0.891146] iommu: Adding device tps65910-pmic to group 56
[    0.898691] vrtc: supplied by vdd_5v_in
[    0.903955] vio: supplied by vdd_5v_in
[    0.911932] vdd1: supplied by vdd_5v_in
[    0.915231] vddio_ddr_1v2: Bringing 600000uV into 1200000-1200000uV
[    0.931921] vdd2: supplied by vdd_5v_in
[    0.951921] ldo1: supplied by vdd_1v5_gen
[    0.956444] ldo2: supplied by vdd_1v5_gen
[    0.959023] vdd_sata,avdd_plle: Bringing 1200000uV into 1050000-1050000uV
[    0.967579] ldo3: supplied by vdd_5v_in
[    0.971946] ldo4: supplied by vdd_5v_in
[    0.981912] ldo5: supplied by vdd_5v_in
[    0.991911] ldo6: supplied by vdd_1v8_gen
[    0.994500] avdd_dsi_csi,pwrdet_mipi: Bringing 1000000uV into 1200000-1200000uV
[    1.003570] ldo7: supplied by vdd_1v8_gen
[    1.011909] ldo8: supplied by vdd_1v8_gen
[    1.020216] iommu: Adding device tps65910-rtc to group 57
[    1.023791] iommu: Adding device tps65910-power to group 58
[    1.031227] Linux video capture interface: v2.00
[    1.034012] pps_core: LinuxPPS API ver. 1 registered
[    1.038866] pps_core: Software ver. 5.3.6 - Copyright 2005-2007 Rodolfo Giometti <giometti@linux.it>
[    1.048021] PTP clock support registered
[    1.052359] Advanced Linux Sound Architecture Driver Initialized.
[    1.058498] Bluetooth: Core ver 2.22
[    1.061550] NET: Registered protocol family 31
[    1.065905] Bluetooth: HCI device and connection manager initialized
[    1.072248] Bluetooth: HCI socket layer initialized
[    1.077089] Bluetooth: L2CAP socket layer initialized
[    1.082152] Bluetooth: SCO socket layer initialized
[    1.087547] clocksource: Switched to clocksource timer_us
[    1.154350] NET: Registered protocol family 2
[    1.157694] TCP established hash table entries: 8192 (order: 3, 32768 bytes)
[    1.163871] TCP bind hash table entries: 8192 (order: 4, 65536 bytes)
[    1.170331] TCP: Hash tables configured (established 8192 bind 8192)
[    1.177132] UDP hash table entries: 512 (order: 2, 16384 bytes)
[    1.182541] UDP-Lite hash table entries: 512 (order: 2, 16384 bytes)
[    1.189082] NET: Registered protocol family 1
[    1.193797] RPC: Registered named UNIX socket transport module.
[    1.199026] RPC: Registered udp transport module.
[    1.203685] RPC: Registered tcp transport module.
[    1.208377] RPC: Registered tcp NFSv4.1 backchannel transport module.
[    1.215242] iommu: Adding device regulatory.0 to group 59
[    1.220363] PCI: CLS 0 bytes, default 64
[    1.225232] hw perfevents: no interrupt-affinity property for /pmu, guessing.
[    1.231458] hw perfevents: enabled with armv7_cortex_a9 PMU driver, 7 counters available
[    1.239744] iommu: Adding device alarmtimer to group 60
[    1.245283] Initialise system trusted keyrings
[    1.249047] workingset: timestamp_bits=30 max_order=19 bucket_order=0
[    1.256136] squashfs: version 4.0 (2009/01/31) Phillip Lougher
[    1.261635] NFS: Registering the id_resolver key type
[    1.266101] Key type id_resolver registered
[    1.270265] Key type id_legacy registered
[    1.278014] Key type asymmetric registered
[    1.280195] Asymmetric key parser 'x509' registered
[    1.285323] bounce: pool size: 64 pages
[    1.288949] io scheduler noop registered (default)
[    1.293628] io scheduler mq-deadline registered
[    1.298150] io scheduler kyber registered
[    1.306487] tegra30-pinctrl 70000868.pinmux: invalid group "sdmmc3_dat6_pd3" for function "rsvd1"
[    1.313471] tegra30-pinctrl 70000868.pinmux: invalid group "sdmmc3_dat7_pd4" for function "rsvd1"
[    1.322303] tegra30-pinctrl 70000868.pinmux: invalid group "vi_vsync_pd6" for function "rsvd1"
[    1.330871] tegra30-pinctrl 70000868.pinmux: invalid group "vi_hsync_pd7" for function "rsvd1"
[    1.339981] tegra30-pinctrl 70000868.pinmux: invalid group "hdmi_int_pn7" for function "rsvd1"
[    1.348075] tegra30-pinctrl 70000868.pinmux: invalid group "ulpi_data3_po4" for function "rsvd1"
[    1.357131] tegra30-pinctrl 70000868.pinmux: invalid group "vi_d10_pt2" for function "rsvd1"
[    1.365199] tegra30-pinctrl 70000868.pinmux: invalid group "vi_d11_pt3" for function "rsvd1"
[    1.373601] tegra30-pinctrl 70000868.pinmux: invalid group "vi_d0_pt4" for function "rsvd1"
[    1.381956] tegra30-pinctrl 70000868.pinmux: invalid group "pu0" for function "rsvd1"
[    1.389742] tegra30-pinctrl 70000868.pinmux: invalid group "pu3" for function "rsvd1"
[    1.397549] tegra30-pinctrl 70000868.pinmux: invalid group "pu6" for function "rsvd1"
[    1.405344] tegra30-pinctrl 70000868.pinmux: invalid group "pv3" for function "rsvd1"
[    1.413641] tegra30-pinctrl 70000868.pinmux: invalid group "pbb0" for function "rsvd1"
[    1.421121] tegra30-pinctrl 70000868.pinmux: invalid group "pcc1" for function "rsvd1"
[    1.430619] tegra-pcie 3000.pcie: 2x3 configuration
[    1.433890] tegra-pcie 3000.pcie: Failed to get supply 'hvdd-pex': -517
[    1.444279] tegra-apbdma 6000a000.dma: Tegra20 APB DMA driver register 32 channels
[    1.450797] tegra-pmc 7000e400.pmc: i2c-thermtrip node not found, emergency thermal reset disabled.
[    1.459411] Serial: 8250/16550 driver, 4 ports, IRQ sharing disabled
[    1.465369] iommu: Adding device serial8250 to group 61
[    1.471870] console [ttyS0] disabled
[    1.474058] 70006000.serial: ttyS0 at MMIO 0x70006000 (irq = 331, base_baud = 25500000) is a Tegra
[    1.483006] console [ttyS0] enabled
[    1.483006] console [ttyS0] enabled
[    1.489203] bootconsole [earlycon0] disabled
[    1.489203] bootconsole [earlycon0] disabled
[    1.516112] tegra-hdmi 54280000.hdmi: failed to get HDMI regulator
[    1.533465] loop: module loaded
[    1.539441] m25p80 spi0.1: w25q32 (4096 Kbytes)
[    1.545468] iommu: Adding device Fixed MDIO bus.0 to group 62
[    1.551420] libphy: Fixed MDIO Bus: probed
[    1.555506] CAN device driver interface
[    1.559393] igb: Intel(R) Gigabit Ethernet Network Driver - version 5.4.0-k
[    1.566336] igb: Copyright (c) 2007-2014 Intel Corporation.
[    1.572009] pegasus: v0.9.3 (2013/04/25), Pegasus/Pegasus II USB Ethernet driver
[    1.579498] usbcore: registered new interface driver pegasus
[    1.585188] usbcore: registered new interface driver asix
[    1.590630] usbcore: registered new interface driver ax88179_178a
[    1.596746] usbcore: registered new interface driver cdc_ether
[    1.602630] usbcore: registered new interface driver smsc75xx
[    1.608433] usbcore: registered new interface driver smsc95xx
[    1.614203] usbcore: registered new interface driver net1080
[    1.619903] usbcore: registered new interface driver cdc_subset
[    1.625846] usbcore: registered new interface driver zaurus
[    1.631472] usbcore: registered new interface driver cdc_ncm
[    1.637325] tegra-phy 7d000000.usb-phy: no vbus regulator
[    1.644123] ehci_hcd: USB 2.0 'Enhanced' Host Controller (EHCI) Driver
[    1.650652] ehci-pci: EHCI PCI platform driver
[    1.655131] tegra-ehci: Tegra EHCI driver
[    1.659721] usbcore: registered new interface driver cdc_acm
[    1.665364] cdc_acm: USB Abstract Control Model driver for USB modems and ISDN adapters
[    1.673416] usbcore: registered new interface driver cdc_wdm
[    1.679125] usbcore: registered new interface driver usb-storage
[    1.688550] iommu: Adding device ci_hdrc.0 to group 63
[    1.698647] tegra_rtc 7000e000.rtc: rtc core: registered 7000e000.rtc as rtc1
[    1.705800] tegra_rtc 7000e000.rtc: Tegra internal Real Time Clock
[    1.725016] tps65910-rtc tps65910-rtc: rtc core: registered tps65910-rtc as rtc0
[    1.732485] i2c /dev entries driver
[    1.736900] usbcore: registered new interface driver uvcvideo
[    1.742650] USB Video Class driver (1.1.1)
[    1.746732] gspca_main: v2.14.0 registered
[    1.751525] tegra-wdt 60005000.timer: initialized (heartbeat = 120 sec, nowayout = 0)
[    1.759860] sdhci: Secure Digital Host Controller Interface driver
[    1.766023] sdhci: Copyright(c) Pierre Ossman
[    1.770380] sdhci-pltfm: SDHCI platform and OF driver helper
[    1.776261] sdhci-tegra 78000000.sdhci: Got CD GPIO
[    1.781150] sdhci-tegra 78000000.sdhci: Got WP GPIO
[    1.794315] mmc0: Invalid maximum block size, assuming 512 bytes
[    1.857712] mmc0: SDHCI controller on 78000000.sdhci [78000000.sdhci] using ADMA
[    1.874641] mmc1: Invalid maximum block size, assuming 512 bytes
[    1.937635] mmc1: SDHCI controller on 78000600.sdhci [78000600.sdhci] using ADMA
[    1.949219] usbcore: registered new interface driver usbhid
[    1.954846] usbhid: USB HID core driver
[    1.963276] iommu: Adding device snd-soc-dummy to group 64
[    1.999612] mmc1: new high speed MMC card at address 0001
[    2.005564] mmcblk1: mmc1:0001 SEM16G 14.8 GiB 
[    2.010475] mmcblk1boot0: mmc1:0001 SEM16G partition 1 1.00 MiB
[    2.016751] mmcblk1boot1: mmc1:0001 SEM16G partition 2 1.00 MiB
[    2.022829] mmcblk1rpmb: mmc1:0001 SEM16G partition 3 128 KiB, chardev (247:0)
[    2.035108] Primary GPT is invalid, using alternate GPT.
[    2.040467]  mmcblk1: p1 p2 p3 p4 p5
[    2.056526] mmc0: new ultra high speed DDR50 SDHC card at address aaaa
[    2.063576] mmcblk0: mmc0:aaaa SS04G 3.69 GiB 
[    2.089934]  mmcblk0: p1 p2 p3
[    2.399068] iommu: Adding device 70080400.i2s to group 65
[    2.405149] tegra30-i2s 70080400.i2s: DMA channels sourced from device 70080000.ahub
[    2.421094] tegra-snd-rt5640 sound: rt5640-aif1 <-> 70080400.i2s mapping ok
[    2.431159] input: NVIDIA Tegra Beaver Headphones as /devices/soc0/sound/sound/card0/input0
[    2.441143] NET: Registered protocol family 10
[    2.446734] Segment Routing with IPv6
[    2.450615] mip6: Mobile IPv6
[    2.453575] sit: IPv6, IPv4 and MPLS over IPv4 tunneling driver
[    2.460660] NET: Registered protocol family 17
[    2.465105] NET: Registered protocol family 15
[    2.469551] can: controller area network core (rev 20170425 abi 9)
[    2.475886] NET: Registered protocol family 29
[    2.480330] can: raw protocol (rev 20170425)
[    2.484587] can: broadcast manager protocol (rev 20170425 t)
[    2.490244] can: netlink gateway (rev 20170425) max_hops=1
[    2.495895] Bluetooth: RFCOMM socket layer initialized
[    2.501064] Bluetooth: RFCOMM ver 1.11
[    2.504809] Bluetooth: BNEP (Ethernet Emulation) ver 1.3
[    2.510121] Bluetooth: BNEP socket layer initialized
[    2.515071] Bluetooth: HIDP (Human Interface Emulation) ver 1.2
[    2.520987] Bluetooth: HIDP socket layer initialized
[    2.526135] Key type dns_resolver registered
[    2.530781] Registering SWP/SWPB emulation handler
[    2.536168] Loading compiled-in X.509 certificates
[    2.553874] vdd_ddr: supplied by vdd_5v_in
[    2.558816] vdd_5v_sata: supplied by vdd_5v_in
[    2.563570] usb1_vbus: supplied by vdd_5v_in
[    2.568190] usb3_vbus: supplied by vdd_5v_in
[    2.573658] sys_3v3,vdd_3v3_alw: supplied by vdd_5v_in
[    2.579628] sys_3v3_pexs: supplied by sys_3v3,vdd_3v3_alw
[    2.585182] +VDD_5V_HDMI: supplied by sys_3v3,vdd_3v3_alw
[    2.590906] tegra-pcie 3000.pcie: 2x3 configuration
[    2.599109] tegra-pcie 3000.pcie: probing port 0, using 2 lanes
[    2.663187] tegra-pcie 3000.pcie: probing port 2, using 2 lanes
[    3.073072] tegra-pcie 3000.pcie: link 2 down, retrying
[    3.482249] tegra-pcie 3000.pcie: link 2 down, retrying
[    3.891416] tegra-pcie 3000.pcie: link 2 down, retrying
[    3.898640] tegra-pcie 3000.pcie: link 2 down, ignoring
[    3.904001] tegra-pcie 3000.pcie: PCI host bridge to bus 0000:00
[    3.910025] pci_bus 0000:00: root bus resource [io  0x0000-0xffff]
[    3.916191] pci_bus 0000:00: root bus resource [mem 0x20000000-0x27ffffff]
[    3.923060] pci_bus 0000:00: root bus resource [mem 0x28000000-0x3fffffff pref]
[    3.930363] pci_bus 0000:00: root bus resource [bus 00-ff]
[    3.935874] pci 0000:00:01.0: [10de:0e1c] type 01 class 0x060400
[    3.941892] pci_bus 0000:00: 2-byte config write to 0000:00:01.0 offset 0x4 may corrupt adjacent RW1C bits
[    3.951534] pci_bus 0000:00: 2-byte config write to 0000:00:01.0 offset 0x4 may corrupt adjacent RW1C bits
[    3.961188] pci 0000:00:01.0: enabling Extended Tags
[    3.966141] pci_bus 0000:00: 2-byte config write to 0000:00:01.0 offset 0x88 may corrupt adjacent RW1C bits
[    3.975889] pci_bus 0000:00: 2-byte config write to 0000:00:01.0 offset 0x52 may corrupt adjacent RW1C bits
[    3.985635] pci 0000:00:01.0: PME# supported from D0 D1 D2 D3hot D3cold
[    3.992245] pci_bus 0000:00: 2-byte config write to 0000:00:01.0 offset 0x4c may corrupt adjacent RW1C bits
[    4.002142] pci_bus 0000:00: 2-byte config write to 0000:00:01.0 offset 0x3e may corrupt adjacent RW1C bits
[    4.011877] pci_bus 0000:00: 2-byte config write to 0000:00:01.0 offset 0x4 may corrupt adjacent RW1C bits
[    4.021521] pci_bus 0000:00: 1-byte config write to 0000:00:01.0 offset 0xc may corrupt adjacent RW1C bits
[    4.031159] PCI: bus0: Fast back to back transfers disabled
[    4.036720] pci 0000:00:01.0: bridge configuration invalid ([bus 00-00]), reconfiguring
[    4.044715] pci_bus 0000:00: 2-byte config write to 0000:00:01.0 offset 0x3e may corrupt adjacent RW1C bits
[    4.054443] pci_bus 0000:00: 2-byte config write to 0000:00:01.0 offset 0x3e may corrupt adjacent RW1C bits
[    4.064308] pci 0000:01:00.0: [10ec:8168] type 00 class 0x020000
[    4.070333] pci 0000:01:00.0: reg 0x10: [io  0x0000-0x00ff]
[    4.075906] pci 0000:01:00.0: reg 0x18: [mem 0x00000000-0x00000fff 64bit pref]
[    4.083130] pci 0000:01:00.0: reg 0x20: [mem 0x00000000-0x00003fff 64bit pref]
[    4.090492] PCI: bus1: Fast back to back transfers disabled
[    4.096055] pci_bus 0000:01: busn_res: [bus 01-ff] end is updated to 01
[    4.102694] pci 0000:00:01.0: BAR 9: assigned [mem 0x28000000-0x280fffff 64bit pref]
[    4.110430] pci 0000:00:01.0: BAR 7: assigned [io  0x1000-0x1fff]
[    4.116514] pci 0000:01:00.0: BAR 4: assigned [mem 0x28000000-0x28003fff 64bit pref]
[    4.124259] pci 0000:01:00.0: BAR 2: assigned [mem 0x28004000-0x28004fff 64bit pref]
[    4.132001] pci 0000:01:00.0: BAR 0: assigned [io  0x1000-0x10ff]
[    4.138092] pci 0000:00:01.0: PCI bridge to [bus 01]
[    4.143043] pci 0000:00:01.0:   bridge window [io  0x1000-0x1fff]
[    4.149132] pci 0000:00:01.0:   bridge window [mem 0x28000000-0x280fffff 64bit pref]
[    4.156875] pci 0000:00:01.0: nv_msi_ht_cap_quirk didn't locate host bridge
[    4.163923] pcieport 0000:00:01.0: enabling device (0140 -> 0143)
[    4.170291] pcieport 0000:00:01.0: Signaling PME with IRQ 375
[    4.176321] r8169 Gigabit Ethernet driver 2.3LK-NAPI loaded
[    4.181942] r8169 0000:01:00.0: enabling device (0140 -> 0143)
[    4.187797] r8169 0000:01:00.0 (unnamed net_device) (uninitialized): not PCI Express
[    4.196751] r8169 0000:01:00.0 eth0: RTL8168evl/8111evl at 0xa3e9cff5, 02:04:4b:01:60:a6, XID 0c900800 IRQ 18
[    4.206672] r8169 0000:01:00.0 eth0: jumbo features [frames: 9200 bytes, tx checksumming: ko]
[    4.218904] [drm] Supports vblank timestamp caching Rev 2 (21.10.2013).
[    4.225507] [drm] No driver support for vblank timestamp query.
[    4.231487] [drm] Cannot find any crtc or sizes
[    4.236107] [drm] Initialized tegra 0.0.0 20120330 for drm on minor 0
[    4.243592] tegra-ehci 7d004000.usb: EHCI Host Controller
[    4.249014] tegra-ehci 7d004000.usb: new USB bus registered, assigned bus number 1
[    4.256850] tegra-ehci 7d004000.usb: irq 344, io mem 0x7d004000
[    4.262837] [drm] Cannot find any crtc or sizes
[    4.287563] tegra-ehci 7d004000.usb: USB 2.0 started, EHCI 1.00
[    4.294608] hub 1-0:1.0: USB hub found
[    4.298391] hub 1-0:1.0: 1 port detected
[    4.302903] tegra-ehci 7d008000.usb: EHCI Host Controller
[    4.308322] tegra-ehci 7d008000.usb: new USB bus registered, assigned bus number 2
[    4.316128] tegra-ehci 7d008000.usb: irq 345, io mem 0x7d008000
[    4.347562] tegra-ehci 7d008000.usb: USB 2.0 started, EHCI 1.00
[    4.354485] hub 2-0:1.0: USB hub found
[    4.358264] hub 2-0:1.0: 1 port detected
[    4.366282] tps65910-rtc tps65910-rtc: setting system clock to 2000-01-01 00:00:02 UTC (946684802)
[    4.375627] cfg80211: Loading compiled-in X.509 certificates for regulatory database
[    4.387051] cfg80211: Loaded X.509 cert 'sforshee: 00b28ddf47aef9cea7'
[    4.393846] platform regulatory.0: Direct firmware load for regulatory.db failed with error -2
[    4.397822] vdd_sata,avdd_plle: disabling
[    4.402890] usb1_vbus: disabling
[    4.402894] ALSA device list:
[    4.402897]   #0: NVIDIA Tegra Beaver
[    4.416282] cfg80211: failed to load regulatory.db
[    4.423814] EXT4-fs (mmcblk1p1): mounting ext3 file system using the ext4 subsystem
[    4.442626] EXT4-fs (mmcblk1p1): warning: mounting fs with errors, running e2fsck is recommended
[    4.453232] EXT4-fs (mmcblk1p1): recovery complete
[    4.458042] EXT4-fs (mmcblk1p1): mounted filesystem with ordered data mode. Opts: (null)
[    4.466169] VFS: Mounted root (ext3 filesystem) on device 179:1.
[    4.484763] devtmpfs: mounted
[    4.489225] Freeing unused kernel memory: 1024K
bash: cannot set terminal process group (-1): Inappropriate ioctl for device
bash: no job control in this shell
root@(none):/# mount -t sysfs none /sys
root@(none):/# 
root@(none):/# [    5.418480] asix 2-1:1.0 eth1: register 'asix' at usb-7d008000.usb-1, ASIX AX88772 USB 2.0 Ethernet, 00:50:b6:0f:67:60
mount -t debugfs none /sys/kernel/debug
root@(none):/# 
root@(none):/# rtcwake -d rtc1 -m mem -s 3
rtcwake: wakeup from "mem" using /dev/rtc1 at Thu Jan  1 00:00:22 1970
[    7.379145] PM: suspend entry (deep)
[    7.382720] PM: Syncing filesystems ... done.
[    7.389155] Freezing user space processes ... (elapsed 0.001 seconds) done.
[    7.397201] OOM killer disabled.
[    7.400435] Freezing remaining freezable tasks ... (elapsed 0.001 seconds) done.
[    7.408950] Suspending console(s) (use no_console_suspend to debug)
[    7.491031] Disabling non-boot CPUs ...
[    7.527949] IRQ17 no longer affine to CPU1
[    7.648734] Entering suspend state LP1
[    7.648761] Enabling non-boot CPUs ...
[    7.650315] CPU1 is up
[    7.651812] CPU2 is up
[    7.653394] CPU3 is up
[    7.654025] pcieport 0000:00:01.0: nv_msi_ht_cap_quirk didn't locate host bridge
[    8.269985] OOM killer enabled.
[    8.273114] Restarting tasks ... done.
[    8.277819] PM: suspend exit
root@(none):/# 
root@(none):/# rtcwake -d rtc1 -m mem -s 3
rtcwake: wakeup from "mem" using /dev/rtc1 at Thu Jan  1 00:00:27 1970
[    9.233988] PM: suspend entry (deep)
[    9.237588] PM: Syncing filesystems ... done.
[    9.243155] Freezing user space processes ... (elapsed 0.001 seconds) done.
[    9.251224] OOM killer disabled.
[    9.254439] Freezing remaining freezable tasks ... (elapsed 0.001 seconds) done.
[    9.262969] Suspending console(s) (use no_console_suspend to debug)
[    9.308882] pci_generic_config_write32: 32 callbacks suppressed
[    9.308895] pci_bus 0000:00: 2-byte config write to 0000:00:01.0 offset 0x9c may corrupt adjacent RW1C bits
[    9.351616] Disabling non-boot CPUs ...
[    9.497725] IRQ17 no longer affine to CPU3
[    9.498376] Entering suspend state LP1
[    9.498412] Enabling non-boot CPUs ...
[    9.500195] CPU1 is up
[    9.501860] CPU2 is up
[    9.503645] CPU3 is up
[    9.504472] pci_bus 0000:00: 2-byte config write to 0000:00:01.0 offset 0x4c may corrupt adjacent RW1C bits
[    9.504486] pci_bus 0000:00: 2-byte config write to 0000:00:01.0 offset 0x88 may corrupt adjacent RW1C bits
[    9.504491] pci_bus 0000:00: 2-byte config write to 0000:00:01.0 offset 0x90 may corrupt adjacent RW1C bits
[    9.504498] pci_bus 0000:00: 2-byte config write to 0000:00:01.0 offset 0x98 may corrupt adjacent RW1C bits
[    9.504502] pci_bus 0000:00: 2-byte config write to 0000:00:01.0 offset 0x9c may corrupt adjacent RW1C bits
[    9.504525] pci_bus 0000:00: 2-byte config write to 0000:00:01.0 offset 0x52 may corrupt adjacent RW1C bits
[    9.504533] pci_bus 0000:00: 2-byte config write to 0000:00:01.0 offset 0x52 may corrupt adjacent RW1C bits
[    9.504539] pci_bus 0000:00: 2-byte config write to 0000:00:01.0 offset 0x5c may corrupt adjacent RW1C bits
[    9.504545] pci_bus 0000:00: 2-byte config write to 0000:00:01.0 offset 0x52 may corrupt adjacent RW1C bits
[    9.504568] pcieport 0000:00:01.0: nv_msi_ht_cap_quirk didn't locate host bridge
[   10.221093] OOM killer enabled.
[   10.224223] Restarting tasks ... done.
[   10.228483] PM: suspend exit
root@(none):/# 
root@(none):/# rtcwake -d rtc1 -m mem -s 3
rtcwake: wakeup from "mem" using /dev/rtc1 at Thu Jan  1 00:00:32 1970
[   11.088122] PM: suspend entry (deep)
[   11.091701] PM: Syncing filesystems ... done.
[   11.098645] Freezing user space processes ... (elapsed 0.001 seconds) done.
[   11.106733] OOM killer disabled.
[   11.109964] Freezing remaining freezable tasks ... (elapsed 0.001 seconds) done.
[   11.118525] Suspending console(s) (use no_console_suspend to debug)
[   11.203928] Disabling non-boot CPUs ...
[   11.307807] IRQ17 no longer affine to CPU2
[   11.368498] Entering suspend state LP1
[   11.368533] Enabling non-boot CPUs ...
[   11.370342] CPU1 is up
[   11.372020] CPU2 is up
[   11.373812] CPU3 is up
[   11.374675] pcieport 0000:00:01.0: nv_msi_ht_cap_quirk didn't locate host bridge
[   11.999792] OOM killer enabled.
[   12.002922] Restarting tasks ... done.
[   12.008603] PM: suspend exit
root@(none):/# 
root@(none):/# rtcwake -d rtc1 -m mem -s 3
rtcwake: wakeup from "mem" using /dev/rtc1 at Thu Jan  1 00:00:37 1970
[   12.957645] PM: suspend entry (deep)
[   12.961227] PM: Syncing filesystems ... done.
[   12.967154] Freezing user space processes ... (elapsed 0.001 seconds) done.
[   12.975249] OOM killer disabled.
[   12.978491] Freezing remaining freezable tasks ... (elapsed 0.001 seconds) done.
[   12.987017] Suspending console(s) (use no_console_suspend to debug)
[   13.071846] Disabling non-boot CPUs ...
[   13.117960] IRQ17 no longer affine to CPU1
[   13.228371] Entering suspend state LP1
[   13.228403] Enabling non-boot CPUs ...
[   13.230203] CPU1 is up
[   13.231881] CPU2 is up
[   13.233678] CPU3 is up
[   13.234417] pcieport 0000:00:01.0: nv_msi_ht_cap_quirk didn't locate host bridge
[   13.847895] OOM killer enabled.
[   13.851028] Restarting tasks ... done.
[   13.855321] PM: suspend exit
root@(none):/# 
root@(none):/# rtcwake -d rtc1 -m mem -s 3
rtcwake: wakeup from "mem" using /dev/rtc1 at Thu Jan  1 00:00:42 1970
[   14.818037] PM: suspend entry (deep)
[   14.821616] PM: Syncing filesystems ... done.
[   14.827521] Freezing user space processes ... (elapsed 0.001 seconds) done.
[   14.835611] OOM killer disabled.
[   14.838845] Freezing remaining freezable tasks ... (elapsed 0.001 seconds) done.
[   14.847372] Suspending console(s) (use no_console_suspend to debug)
[   14.889221] pci_generic_config_write32: 26 callbacks suppressed
[   14.889237] pci_bus 0000:00: 2-byte config write to 0000:00:01.0 offset 0x9c may corrupt adjacent RW1C bits
[   14.931861] Disabling non-boot CPUs ...
[   14.977925] IRQ17 no longer affine to CPU1
[   15.098222] Entering suspend state LP1
[   15.098255] Enabling non-boot CPUs ...
[   15.100038] CPU1 is up
[   15.101747] CPU2 is up
[   15.103546] CPU3 is up
[   15.104158] pci_bus 0000:00: 2-byte config write to 0000:00:01.0 offset 0x4c may corrupt adjacent RW1C bits
[   15.104170] pci_bus 0000:00: 2-byte config write to 0000:00:01.0 offset 0x88 may corrupt adjacent RW1C bits
[   15.104177] pci_bus 0000:00: 2-byte config write to 0000:00:01.0 offset 0x90 may corrupt adjacent RW1C bits
[   15.104182] pci_bus 0000:00: 2-byte config write to 0000:00:01.0 offset 0x98 may corrupt adjacent RW1C bits
[   15.104186] pci_bus 0000:00: 2-byte config write to 0000:00:01.0 offset 0x9c may corrupt adjacent RW1C bits
[   15.104210] pci_bus 0000:00: 2-byte config write to 0000:00:01.0 offset 0x52 may corrupt adjacent RW1C bits
[   15.104218] pci_bus 0000:00: 2-byte config write to 0000:00:01.0 offset 0x52 may corrupt adjacent RW1C bits
[   15.104224] pci_bus 0000:00: 2-byte config write to 0000:00:01.0 offset 0x5c may corrupt adjacent RW1C bits
[   15.104230] pci_bus 0000:00: 2-byte config write to 0000:00:01.0 offset 0x52 may corrupt adjacent RW1C bits
[   15.104253] pcieport 0000:00:01.0: nv_msi_ht_cap_quirk didn't locate host bridge
[   15.840233] OOM killer enabled.
[   15.843362] Restarting tasks ... done.
[   15.847611] PM: suspend exit
root@(none):/# 
root@(none):/# rtcwake -d rtc1 -m mem -s 3
rtcwake: wakeup from "mem" using /dev/rtc1 at Thu Jan  1 00:00:47 1970
[   16.687609] PM: suspend entry (deep)
[   16.691188] PM: Syncing filesystems ... done.
[   16.697071] Freezing user space processes ... (elapsed 0.001 seconds) done.
[   16.705160] OOM killer disabled.
[   16.708394] Freezing remaining freezable tasks ... (elapsed 0.001 seconds) done.
[   16.716913] Suspending console(s) (use no_console_suspend to debug)
[   16.803739] Disabling non-boot CPUs ...
[   16.957667] IRQ17 no longer affine to CPU3
[   16.958240] Entering suspend state LP1
[   16.958275] Enabling non-boot CPUs ...
[   16.960056] CPU1 is up
[   16.961752] CPU2 is up
[   16.963534] CPU3 is up
[   16.964222] pcieport 0000:00:01.0: nv_msi_ht_cap_quirk didn't locate host bridge
[   17.597077] OOM killer enabled.
[   17.600217] Restarting tasks ... done.
[   17.604489] PM: suspend exit
root@(none):/# 
root@(none):/# rtcwake -d rtc1 -m mem -s 3
rtcwake: wakeup from "mem" using /dev/rtc1 at Thu Jan  1 00:00:52 1970
[   18.541550] PM: suspend entry (deep)
[   18.545132] PM: Syncing filesystems ... done.
[   18.550030] Freezing user space processes ... (elapsed 0.001 seconds) done.
[   18.558137] OOM killer disabled.
[   18.561356] Freezing remaining freezable tasks ... (elapsed 0.001 seconds) done.
[   18.569894] Suspending console(s) (use no_console_suspend to debug)
[   18.660799] Disabling non-boot CPUs ...
[   18.767689] IRQ17 no longer affine to CPU2
[   18.828181] Entering suspend state LP1
[   18.828209] Enabling non-boot CPUs ...
[   18.829995] CPU1 is up
[   18.831707] CPU2 is up
[   18.833510] CPU3 is up
[   18.834197] pcieport 0000:00:01.0: nv_msi_ht_cap_quirk didn't locate host bridge
[   19.467545] OOM killer enabled.
[   19.470676] Restarting tasks ... done.
[   19.474883] PM: suspend exit
root@(none):/# 
root@(none):/# rtcwake -d rtc1 -m mem -s 3
rtcwake: wakeup from "mem" using /dev/rtc1 at Thu Jan  1 00:00:57 1970
[   20.408976] PM: suspend entry (deep)
[   20.412554] PM: Syncing filesystems ... done.
[   20.418454] Freezing user space processes ... (elapsed 0.001 seconds) done.
[   20.426544] OOM killer disabled.
[   20.429774] Freezing remaining freezable tasks ... (elapsed 0.001 seconds) done.
[   20.438309] Suspending console(s) (use no_console_suspend to debug)
[   20.478103] pci_generic_config_write32: 26 callbacks suppressed
[   20.478119] pci_bus 0000:00: 2-byte config write to 0000:00:01.0 offset 0x9c may corrupt adjacent RW1C bits
[   20.520764] Disabling non-boot CPUs ...
[   20.557826] IRQ17 no longer affine to CPU1
[   20.668152] Entering suspend state LP1
[   20.668185] Enabling non-boot CPUs ...
[   20.669984] CPU1 is up
[   20.671703] CPU2 is up
[   20.673506] CPU3 is up
[   20.674142] pci_bus 0000:00: 2-byte config write to 0000:00:01.0 offset 0x4c may corrupt adjacent RW1C bits
[   20.674156] pci_bus 0000:00: 2-byte config write to 0000:00:01.0 offset 0x88 may corrupt adjacent RW1C bits
[   20.674161] pci_bus 0000:00: 2-byte config write to 0000:00:01.0 offset 0x90 may corrupt adjacent RW1C bits
[   20.674167] pci_bus 0000:00: 2-byte config write to 0000:00:01.0 offset 0x98 may corrupt adjacent RW1C bits
[   20.674172] pci_bus 0000:00: 2-byte config write to 0000:00:01.0 offset 0x9c may corrupt adjacent RW1C bits
[   20.674195] pci_bus 0000:00: 2-byte config write to 0000:00:01.0 offset 0x52 may corrupt adjacent RW1C bits
[   20.674203] pci_bus 0000:00: 2-byte config write to 0000:00:01.0 offset 0x52 may corrupt adjacent RW1C bits
[   20.674211] pci_bus 0000:00: 2-byte config write to 0000:00:01.0 offset 0x5c may corrupt adjacent RW1C bits
[   20.674219] pci_bus 0000:00: 2-byte config write to 0000:00:01.0 offset 0x52 may corrupt adjacent RW1C bits
[   20.674240] pcieport 0000:00:01.0: nv_msi_ht_cap_quirk didn't locate host bridge
[   21.409633] OOM killer enabled.
[   21.412762] Restarting tasks ... done.
[   21.417055] PM: suspend exit
root@(none):/# 
root@(none):/# rtcwake -d rtc1 -m mem -s 3
rtcwake: wakeup from "mem" using /dev/rtc1 at Thu Jan  1 00:01:02 1970
[   22.257863] PM: suspend entry (deep)
[   22.261444] PM: Syncing filesystems ... done.
[   22.268387] Freezing user space processes ... (elapsed 0.001 seconds) done.
[   22.276480] OOM killer disabled.
[   22.279714] Freezing remaining freezable tasks ... (elapsed 0.001 seconds) done.
[   22.288275] Suspending console(s) (use no_console_suspend to debug)
[   22.373892] Disabling non-boot CPUs ...
[   22.527563] IRQ17 no longer affine to CPU3
[   22.528348] Entering suspend state LP1
[   22.528382] Enabling non-boot CPUs ...
[   22.530184] CPU1 is up
[   22.531902] CPU2 is up
[   22.533691] CPU3 is up
[   22.534360] pcieport 0000:00:01.0: nv_msi_ht_cap_quirk didn't locate host bridge
[   23.165465] OOM killer enabled.
[   23.168603] Restarting tasks ... done.
[   23.172826] PM: suspend exit
root@(none):/# 
root@(none):/# rtcwake -d rtc1 -m mem -s 3
rtcwake: wakeup from "mem" using /dev/rtc1 at Thu Jan  1 00:01:07 1970
[   24.117531] PM: suspend entry (deep)
[   24.121112] PM: Syncing filesystems ... done.
[   24.127032] Freezing user space processes ... (elapsed 0.001 seconds) done.
[   24.135123] OOM killer disabled.
[   24.138365] Freezing remaining freezable tasks ... (elapsed 0.001 seconds) done.
[   24.146915] Suspending console(s) (use no_console_suspend to debug)
[   24.232141] Disabling non-boot CPUs ...
[   24.417530] IRQ17 no longer affine to CPU3
[   24.418496] Entering suspend state LP1
[   24.418529] Enabling non-boot CPUs ...
[   24.420341] CPU1 is up
[   24.422043] CPU2 is up
[   24.423829] CPU3 is up
[   24.424524] pcieport 0000:00:01.0: nv_msi_ht_cap_quirk didn't locate host bridge
[   25.037200] OOM killer enabled.
[   25.040344] Restarting tasks ... done.
[   25.044576] PM: suspend exit
root@(none):/# 
root@(none):/# NVTB SYSTEM SUSPEND TEST COMPLETE
