35336
[    0.000000] Kernel command line: cros_secure vpr=0x08000000@0xf6800000 earlycon
[    0.000000] log_buf_len individual max cpu contribution: 4096 bytes
[    0.000000] log_buf_len total cpu_extra contributions: 12288 bytes
[    0.000000] log_buf_len min size: 16384 bytes
[    0.000000] log_buf_len: 32768 bytes
[    0.000000] early log buf free: 14420(88%)
[    0.000000] PID hash table entries: 4096 (order: 3, 32768 bytes)
[    0.000000] Dentry cache hash table entries: 524288 (order: 10, 4194304 bytes)
[    0.000000] Inode-cache hash table entries: 262144 (order: 9, 2097152 bytes)
[    0.000000] software IO TLB [mem 0xf1400000-0xf5400000] (64MB) mapped at [ffff800071400000-ffff8000753fffff]
[    0.000000] Memory: 2832756K/2988032K available (8252K kernel code, 858K rwdata, 3904K rodata, 1024K init, 281K bss, 138892K reserved, 16384K cma-reserved)
[    0.000000] Virtual kernel memory layout:
[    0.000000]     modules : 0xffff000000000000 - 0xffff000008000000   (   128 MB)
[    0.000000]     vmalloc : 0xffff000008000000 - 0xffff7dffbfff0000   (129022 GB)
[    0.000000]       .text : 0xffff000008080000 - 0xffff000008890000   (  8256 KB)
[    0.000000]     .rodata : 0xffff000008890000 - 0xffff000008c70000   (  3968 KB)
[    0.000000]       .init : 0xffff000008c70000 - 0xffff000008d70000   (  1024 KB)
[    0.000000]       .data : 0xffff000008d70000 - 0xffff000008e46a00   (   859 KB)
[    0.000000]        .bss : 0xffff000008e46a00 - 0xffff000008e8cf40   (   282 KB)
[    0.000000]     fixed   : 0xffff7dfffe7fd000 - 0xffff7dfffec00000   (  4108 KB)
[    0.000000]     PCI I/O : 0xffff7dfffee00000 - 0xffff7dffffe00000   (    16 MB)
[    0.000000]     vmemmap : 0xffff7e0000000000 - 0xffff800000000000   (  2048 GB maximum)
[    0.000000]               0xffff7e0000000000 - 0xffff7e0003000000   (    48 MB actual)
[    0.000000]     memory  : 0xffff800000000000 - 0xffff8000c0000000   (  3072 MB)
[    0.000000] SLUB: HWalign=64, Order=0-3, MinObjects=0, CPUs=4, Nodes=1
[    0.000000] Preemptible hierarchical RCU implementation.
[    0.000000] 	Build-time adjustment of leaf fanout to 64.
[    0.000000] 	RCU restricting CPUs from NR_CPUS=64 to nr_cpu_ids=4.
[    0.000000] RCU: Adjusting geometry for rcu_fanout_leaf=64, nr_cpu_ids=4
[    0.000000] NR_IRQS:64 nr_irqs:64 0
[    0.000000] GIC: Using split EOI/Deactivate mode
[    0.000000] /interrupt-controller@60004000: 192 interrupts forwarded to /interrupt-controller@50041000
[    0.000000] boot misc0 0x0: expected 0x80000
[    0.000000]  (comparison mask = 0x400ffffb)
[    0.000000] boot misc2 0x1f720005: expected 0x1f720f05
[    0.000000]  (comparison mask = 0xffffff17)
[    0.000000] PLL_C already enabled. Postponing set full defaults
[    0.000000] PLL_MB already enabled. Postponing set full defaults
[    0.000000] PLL_U already enabled. Postponing set full defaults
[    0.000000] PLL_D already enabled. Postponing set full defaults
[    0.000000] PLL_DP already enabled. Postponing set full defaults
[    0.000000] boot misc0 0x0: expected 0x20
[    0.000000]  (comparison mask = 0x7ffffff)
[    0.000000] boot misc1 0x90000000: expected 0xc0000000
[    0.000000]  (comparison mask = 0xf8000000)
[    0.000000] boot misc2 0x0: expected 0xf400f0da
[    0.000000]  (comparison mask = 0xffffffff)
[    0.000000] boot misc3 0x52b8: expected 0x2004f400
[    0.000000]  (comparison mask = 0xffffffff)
[    0.000000] PLL_P already enabled. Postponing set full defaults
[    0.000000] PLL_X already enabled. Postponing set full defaults
[    0.000000] boot misc1 0x0: expected 0x20
[    0.000000]  (comparison mask = 0xffffff)
[    0.000000] arm_arch_timer: Architected cp15 timer(s) running at 19.20MHz (phys).
[    0.000000] clocksource: arch_sys_counter: mask: 0xffffffffffffff max_cycles: 0x46d987e47, max_idle_ns: 440795202767 ns
[    0.000002] sched_clock: 56 bits at 19MHz, resolution 52ns, wraps every 4398046511078ns
[    0.008343] Console: colour dummy device 80x25
[    0.012911] console [tty0] enabled
[    0.016404] bootconsole [uart0] disabled
[    0.000000] Booting Linux on physical CPU 0x0
[    0.000000] Linux version 4.9.0-rc8-153318-g3e5de27 (pwalmsley@tamien) (gcc version 4.9.2 20140904 (prerelease) (crosstool-NG linaro-1.13.1-4.9-2014.09 - Linaro GCC 4.9-2014.09) ) #1 SMP PREEMPT Tue Dec 6 04:07:53 PST 2016
[    0.000000] Boot CPU: AArch64 Processor [411fd071]
[    0.000000] efi: Getting EFI parameters from FDT:
[    0.000000] efi: UEFI not found.
[    0.000000] cma: Reserved 16 MiB at 0x00000000f5400000
[    0.000000] earlycon: uart0 at MMIO 0x0000000070006000 (options '115200n8')
[    0.000000] bootconsole [uart0] enabled
[    0.000000] psci: probing for conduit method from DT.
[    0.000000] psci: PSCIv1.0 detected in firmware.
[    0.000000] psci: Using standard PSCI v0.2 function IDs
[    0.000000] psci: MIGRATE_INFO_UP_CPU reported invalid physical ID (0x80000000)
[    0.000000] percpu: Embedded 21 pages/cpu @ffff8000bff4d000 s48000 r8192 d29824 u86016
[    0.000000] Detected PIPT I-cache on CPU0
[    0.000000] CPU features: enabling workaround for ARM erratum 832075
[    0.000000] CPU features: enabling workaround for ARM erratum 834220
[    0.000000] Built 1 zonelists in Zone order, mobility grouping on.  Total pages: 735336
[    0.000000] Kernel command line: cros_secure vpr=0x08000000@0xf6800000 earlycon
[    0.000000] log_buf_len individual max cpu contribution: 4096 bytes
[    0.000000] log_buf_len total cpu_extra contributions: 12288 bytes
[    0.000000] log_buf_len min size: 16384 bytes
[    0.000000] log_buf_len: 32768 bytes
[    0.000000] early log buf free: 14420(88%)
[    0.000000] PID hash table entries: 4096 (order: 3, 32768 bytes)
[    0.000000] Dentry cache hash table entries: 524288 (order: 10, 4194304 bytes)
[    0.000000] Inode-cache hash table entries: 262144 (order: 9, 2097152 bytes)
[    0.000000] software IO TLB [mem 0xf1400000-0xf5400000] (64MB) mapped at [ffff800071400000-ffff8000753fffff]
[    0.000000] Memory: 2832756K/2988032K available (8252K kernel code, 858K rwdata, 3904K rodata, 1024K init, 281K bss, 138892K reserved, 16384K cma-reserved)
[    0.000000] Virtual kernel memory layout:
[    0.000000]     modules : 0xffff000000000000 - 0xffff000008000000   (   128 MB)
[    0.000000]     vmalloc : 0xffff000008000000 - 0xffff7dffbfff0000   (129022 GB)
[    0.000000]       .text : 0xffff000008080000 - 0xffff000008890000   (  8256 KB)
[    0.000000]     .rodata : 0xffff000008890000 - 0xffff000008c70000   (  3968 KB)
[    0.000000]       .init : 0xffff000008c70000 - 0xffff000008d70000   (  1024 KB)
[    0.000000]       .data : 0xffff000008d70000 - 0xffff000008e46a00   (   859 KB)
[    0.000000]        .bss : 0xffff000008e46a00 - 0xffff000008e8cf40   (   282 KB)
[    0.000000]     fixed   : 0xffff7dfffe7fd000 - 0xffff7dfffec00000   (  4108 KB)
[    0.000000]     PCI I/O : 0xffff7dfffee00000 - 0xffff7dffffe00000   (    16 MB)
[    0.000000]     vmemmap : 0xffff7e0000000000 - 0xffff800000000000   (  2048 GB maximum)
[    0.000000]               0xffff7e0000000000 - 0xffff7e0003000000   (    48 MB actual)
[    0.000000]     memory  : 0xffff800000000000 - 0xffff8000c0000000   (  3072 MB)
[    0.000000] SLUB: HWalign=64, Order=0-3, MinObjects=0, CPUs=4, Nodes=1
[    0.000000] Preemptible hierarchical RCU implementation.
[    0.000000] 	Build-time adjustment of leaf fanout to 64.
[    0.000000] 	RCU restricting CPUs from NR_CPUS=64 to nr_cpu_ids=4.
[    0.000000] RCU: Adjusting geometry for rcu_fanout_leaf=64, nr_cpu_ids=4
[    0.000000] NR_IRQS:64 nr_irqs:64 0
[    0.000000] GIC: Using split EOI/Deactivate mode
[    0.000000] /interrupt-controller@60004000: 192 interrupts forwarded to /interrupt-controller@50041000
[    0.000000] boot misc0 0x0: expected 0x80000
[    0.000000]  (comparison mask = 0x400ffffb)
[    0.000000] boot misc2 0x1f720005: expected 0x1f720f05
[    0.000000]  (comparison mask = 0xffffff17)
[    0.000000] PLL_C already enabled. Postponing set full defaults
[    0.000000] PLL_MB already enabled. Postponing set full defaults
[    0.000000] PLL_U already enabled. Postponing set full defaults
[    0.000000] PLL_D already enabled. Postponing set full defaults
[    0.000000] PLL_DP already enabled. Postponing set full defaults
[    0.000000] boot misc0 0x0: expected 0x20
[    0.000000]  (comparison mask = 0x7ffffff)
[    0.000000] boot misc1 0x90000000: expected 0xc0000000
[    0.000000]  (comparison mask = 0xf8000000)
[    0.000000] boot misc2 0x0: expected 0xf400f0da
[    0.000000]  (comparison mask = 0xffffffff)
[    0.000000] boot misc3 0x52b8: expected 0x2004f400
[    0.000000]  (comparison mask = 0xffffffff)
[    0.000000] PLL_P already enabled. Postponing set full defaults
[    0.000000] PLL_X already enabled. Postponing set full defaults
[    0.000000] boot misc1 0x0: expected 0x20
[    0.000000]  (comparison mask = 0xffffff)
[    0.000000] arm_arch_timer: Architected cp15 timer(s) running at 19.20MHz (phys).
[    0.000000] clocksource: arch_sys_counter: mask: 0xffffffffffffff max_cycles: 0x46d987e47, max_idle_ns: 440795202767 ns
[    0.000002] sched_clock: 56 bits at 19MHz, resolution 52ns, wraps every 4398046511078ns
[    0.008343] Console: colour dummy device 80x25
[    0.012911] console [tty0] enabled
[    0.016404] bootconsole [uart0] disabled
[    0.020446] Calibrating delay loop (skipped), value calculated using timer frequency.. 38.40 BogoMIPS (lpj=76800)
[    0.020459] pid_max: default: 32768 minimum: 301
[    0.020507] Security Framework initialized
[    0.020536] Mount-cache hash table entries: 8192 (order: 4, 65536 bytes)
[    0.020545] Mountpoint-cache hash table entries: 8192 (order: 4, 65536 bytes)
[    0.021138] ASID allocator initialised with 65536 entries
[    0.053164] Speedo Revision 4
[    0.053183] Tegra Revision: A02 SKU: 19 CPU Process: 0 SoC Process: 0
[    0.100613] EFI services will not be available.
[    0.148703] Detected PIPT I-cache on CPU1
[    0.148729] CPU1: Booted secondary processor [411fd071]
[    0.180733] Detected PIPT I-cache on CPU2
[    0.180752] CPU2: Booted secondary processor [411fd071]
[    0.212774] Detected PIPT I-cache on CPU3
[    0.212792] CPU3: Booted secondary processor [411fd071]
[    0.212831] Brought up 4 CPUs
[    0.212864] SMP: Total of 4 processors activated.
[    0.212872] CPU features: detected feature: 32-bit EL0 Support
[    0.212908] CPU: All CPU(s) started at EL2
[    0.212924] alternatives: patching kernel code
[    0.215282] devtmpfs: initialized
[    0.221813] DMI not present or invalid.
[    0.221956] clocksource: jiffies: mask: 0xffffffff max_cycles: 0xffffffff, max_idle_ns: 7645041785100000 ns
[    0.222192] pinctrl core: initialized pinctrl subsystem
[    0.223070] NET: Registered protocol family 16
[    0.232760] cpuidle: using governor menu
[    0.233224] vdso: 2 pages (1 code @ ffff000008897000, 1 data @ ffff000008d74000)
[    0.233247] hw-breakpoint: found 6 breakpoint and 4 watchpoint registers.
[    0.233711] DMA: preallocated 256 KiB pool for atomic allocations
[    0.234650] Serial: AMBA PL011 UART driver
[    0.265125] HugeTLB registered 2 MB page size, pre-allocated 0 pages
[    0.265719] ACPI: Interpreter disabled.
[    0.266070] PPLCD_VDD: Failed to request enable GPIO172: -517
[    0.266087] reg-fixed-voltage regulators:regulator@1: Failed to register regulator: -517
[    0.266409] PP1800_LCDIO: Failed to request enable GPIO171: -517
[    0.266423] reg-fixed-voltage regulators:regulator@5: Failed to register regulator: -517
[    0.266470] PP1800_CAM: Failed to request enable GPIO83: -517
[    0.266483] reg-fixed-voltage regulators:regulator@6: Failed to register regulator: -517
[    0.266857] vgaarb: loaded
[    0.267014] SCSI subsystem initialized
[    0.267263] usbcore: registered new interface driver usbfs
[    0.267301] usbcore: registered new interface driver hub
[    0.267342] usbcore: registered new device driver usb
[    0.267967] tegra-i2c 7000d100.i2c: could not find pctldev for node /host1x@50000000/dpaux@545c0000/pinmux-i2c, deferring probe
[    0.268045] pps_core: LinuxPPS API ver. 1 registered
[    0.268056] pps_core: Software ver. 5.3.6 - Copyright 2005-2007 Rodolfo Giometti <giometti@linux.it>
[    0.268078] PTP clock support registered
[    0.268158] dmi: Firmware registration failed.
[    0.268570] Advanced Linux Sound Architecture Driver Initialized.
[    0.269429] clocksource: Switched to clocksource arch_sys_counter
[    0.269516] VFS: Disk quotas dquot_6.6.0
[    0.269555] VFS: Dquot-cache hash table entries: 512 (order 0, 4096 bytes)
[    0.269698] pnp: PnP ACPI: disabled
[    0.274754] NET: Registered protocol family 2
[    0.275123] TCP established hash table entries: 32768 (order: 6, 262144 bytes)
[    0.275249] TCP bind hash table entries: 32768 (order: 7, 524288 bytes)
[    0.275450] TCP: Hash tables configured (established 32768 bind 32768)
[    0.275509] UDP hash table entries: 2048 (order: 4, 65536 bytes)
[    0.275540] UDP-Lite hash table entries: 2048 (order: 4, 65536 bytes)
[    0.275652] NET: Registered protocol family 1
[    0.275844] RPC: Registered named UNIX socket transport module.
[    0.275857] RPC: Registered udp transport module.
[    0.275866] RPC: Registered tcp transport module.
[    0.275875] RPC: Registered tcp NFSv4.1 backchannel transport module.
[    0.275991] Unpacking initramfs...
[    0.364120] Freeing initrd memory: 2364K (ffff80000a070000 - ffff80000a2bf000)
[    0.364415] kvm [1]: 8-bit VMID
[    0.364428] kvm [1]: IDMAP page: 80881000
[    0.364438] kvm [1]: HYP VA range: 800000000000:ffffffffffff
[    0.365064] kvm [1]: Hyp mode initialized successfully
[    0.365109] kvm [1]: vgic-v2@50044000
[    0.365195] kvm [1]: vgic interrupt IRQ1
[    0.365212] kvm [1]: virtual timer IRQ4
[    0.366453] futex hash table entries: 1024 (order: 5, 131072 bytes)
[    0.366519] audit: initializing netlink subsys (disabled)
[    0.366551] audit: type=2000 audit(0.355:1): initialized
[    0.366781] workingset: timestamp_bits=46 max_order=20 bucket_order=0
[    0.372142] squashfs: version 4.0 (2009/01/31) Phillip Lougher
[    0.372609] NFS: Registering the id_resolver key type
[    0.372634] Key type id_resolver registered
[    0.372643] Key type id_legacy registered
[    0.372657] nfs4filelayout_init: NFSv4 File Layout Driver Registering...
[    0.372766] 9p: Installing v9fs 9p2000 file system support
[    0.374225] Block layer SCSI generic (bsg) driver version 0.4 loaded (major 247)
[    0.374243] io scheduler noop registered
[    0.374331] io scheduler cfq registered (default)
[    0.375672] usb3-0 supply vbus not found, using dummy regulator
[    0.376603] libphy: mdio_driver_register: phy-bcm-ns2-pci
[    0.385128] tegra-apbdma 60020000.dma: Tegra20 APB DMA driver register 32 channels
[    0.386057] tegra-pmc 7000e400.pmc: i2c-thermtrip node not found, emergency thermal reset disabled.
[    0.386303] xenfs: not registering filesystem on non-xen platform
[    0.389364] Serial: 8250/16550 driver, 4 ports, IRQ sharing disabled
[    0.390676] 70006000.serial: ttyS0 at MMIO 0x70006000 (irq = 313, base_baud = 25500000) is a Tegra
[    1.367258] console [ttyS0] enabled
[    1.371115] SuperH (H)SCI(F) driver initialized
[    1.375910] msm_serial: driver initialized
[    1.380341] Unable to detect cache hierarchy from DT for CPU 0
[    1.389474] loop: module loaded
[    1.395467] cros-ec-i2c 0-001e: Chrome EC device registered
[    1.401693] max77620 1-003c: PMIC Version OTP:0x35 and ES:0x8
[    1.414818] PP1200_RCAM: Bringing 1050000uV into 1200000-1200000uV
[    1.421988] PP2800L_RCAM: Bringing 3100000uV into 2800000-2800000uV
[    1.428697] PP1100_SOC_RTC: Bringing 1000000uV into 850000-850000uV
[    1.435538] PP2800L_FCAM: Bringing 3100000uV into 2800000-2800000uV
[    1.442257] PP_LDO6: Bringing 2800000uV into 1800000-1800000uV
[    1.451284] hisi_sas: driver version v1.6
[    1.457143] libphy: Fixed MDIO Bus: probed
[    1.461696] tun: Universal TUN/TAP device driver, 1.6
[    1.466747] tun: (C) 1999-2004 Max Krasnyansky <maxk@qualcomm.com>
[    1.473663] e1000e: Intel(R) PRO/1000 Network Driver - 3.2.6-k
[    1.479497] e1000e: Copyright(c) 1999 - 2015 Intel Corporation.
[    1.485473] igb: Intel(R) Gigabit Ethernet Network Driver - version 5.4.0-k
[    1.492430] igb: Copyright (c) 2007-2014 Intel Corporation.
[    1.498045] igbvf: Intel(R) Gigabit Virtual Function Network Driver - version 2.4.0-k
[    1.505873] igbvf: Copyright (c) 2009 - 2012 Intel Corporation.
[    1.511837] sky2: driver version 1.30
[    1.515894] VFIO - User Level meta-driver version: 0.3
[    1.522445] ehci_hcd: USB 2.0 'Enhanced' Host Controller (EHCI) Driver
[    1.528978] ehci-pci: EHCI PCI platform driver
[    1.533471] ehci-platform: EHCI generic platform driver
[    1.538786] ehci-exynos: EHCI EXYNOS driver
[    1.543045] ehci-msm: Qualcomm On-Chip EHCI Host Controller
[    1.548682] ohci_hcd: USB 1.1 'Open' Host Controller (OHCI) Driver
[    1.554869] ohci-pci: OHCI PCI platform driver
[    1.559357] ohci-platform: OHCI generic platform driver
[    1.564661] ohci-exynos: OHCI EXYNOS driver
[    1.630077] tegra-xusb 70090000.usb: Firmware timestamp: 2015-08-10 09:47:54 UTC
[    1.637491] tegra-xusb 70090000.usb: xHCI Host Controller
[    1.642899] tegra-xusb 70090000.usb: new USB bus registered, assigned bus number 1
[    1.651431] tegra-xusb 70090000.usb: hcc params 0x0184f525 hci version 0x100 quirks 0x00010010
[    1.660072] tegra-xusb 70090000.usb: irq 319, io mem 0x70090000
[    1.666395] hub 1-0:1.0: USB hub found
[    1.670166] hub 1-0:1.0: 5 ports detected
[    1.674492] tegra-xusb 70090000.usb: xHCI Host Controller
[    1.679896] tegra-xusb 70090000.usb: new USB bus registered, assigned bus number 2
[    1.687511] usb usb2: We don't know the algorithms for LPM for this host, disabling LPM.
[    1.695902] hub 2-0:1.0: USB hub found
[    1.699671] hub 2-0:1.0: 4 ports detected
[    1.704187] usbcore: registered new interface driver usb-storage
[    1.710833] mousedev: PS/2 mouse device common for all mice
[    1.805864] random: fast init done
[    1.841536] max77686-rtc max77620-rtc: rtc core: registered max77620-rtc as rtc0
[    1.849527] tegra_rtc 7000e000.rtc: rtc core: registered 7000e000.rtc as rtc1
[    1.856681] tegra_rtc 7000e000.rtc: Tegra internal Real Time Clock
[    1.862947] i2c /dev entries driver
[    1.867780] bq27xxx-battery 2-0055: support ver. 1.2.0 enabled
[    1.890085] sdhci: Secure Digital Host Controller Interface driver
[    1.896297] sdhci: Copyright(c) Pierre Ossman
[    1.900829] Synopsys Designware Multimedia Card Interface Driver
[    1.907127] sdhci-pltfm: SDHCI platform and OF driver helper
[    1.912968] mmc0: Unknown controller version (3). You may experience problems.
[    1.965443] mmc0: SDHCI controller on 700b0600.sdhci [700b0600.sdhci] using ADMA 64-bit
[    1.976035] ledtrig-cpu: registered to indicate activity on CPUs
[    1.985947] usbcore: registered new interface driver usbhid
[    1.991599] usbhid: USB HID core driver
[    1.996570] NET: Registered protocol family 17
[    2.001160] 9pnet: Installing 9P2000 support
[    2.005558] Key type dns_resolver registered
[    2.013485] registered taskstats version 1
[    2.022352] tegra-i2c 7000d100.i2c: could not find pctldev for node /host1x@50000000/dpaux@545c0000/pinmux-i2c, deferring probe
[    2.034818] input: gpio-keys as /devices/platform/gpio-keys/input/input0
[    2.041731] tegra-i2c 7000d100.i2c: could not find pctldev for node /host1x@50000000/dpaux@545c0000/pinmux-i2c, deferring probe
[    2.053941] mmc0: new high speed MMC card at address 0001
[    2.059602] mmcblk0: mmc0:0001 BGND3R 29.1 GiB 
[    2.064240] mmcblk0boot0: mmc0:0001 BGND3R partition 1 4.00 MiB
[    2.070255] mmcblk0boot1: mmc0:0001 BGND3R partition 2 4.00 MiB
[    2.076274] mmcblk0rpmb: mmc0:0001 BGND3R partition 3 4.00 MiB
[    2.084539]  mmcblk0: p1 p2 p3 p4 p5 p6 p7 p8 p9 p10 p11
[    2.090014] max77686-rtc max77620-rtc: setting system clock to 2000-09-16 17:36:25 UTC (969125785)
[    2.099408] PP1200_AVDD: disabling
[    2.103133] PP1200_RCAM: disabling
[    2.106779] PP2800L_RCAM: disabling
[    2.110943] PP2800L_FCAM: disabling
[    2.114859] tegra-i2c 7000d100.i2c: could not find pctldev for node /host1x@50000000/dpaux@545c0000/pinmux-i2c, deferring probe
[    2.126660] PP_LDO6: disabling
[    2.129773] PPLCD_VDD: disabling
[    2.132999] PP1800_LCDIO: disabling
[    2.136490] PP1800_CAM: disabling
[    2.139816] ALSA device list:
[    2.142786]   No soundcards found.
[    2.146693] Freeing unused kernel memory: 1024K (ffff800000c70000 - ffff800000d70000)

System initialization...

Mounting /proc :[SUCCESS]
Mounting /sys :[SUCCESS]
Mounting /dev :[SUCCESS]
Mounting /dev/pts :[SUCCESS]
Mounting /sys/kernel/debug :[SUCCESS]
Mounting other filesystems :[SUCCESS]
Enabling hot-plug :[SUCCESS]
Populating /dev :[SUCCESS]
Starting syslogd :[SUCCESS]
Starting telnetd :[SUCCESS]

System initialization complete.

Please press Enter to activate this console. 