Diff for ./qemu-vexpress64/__internal/defconfig_log.txt
--- /tmp/fooa	2017-07-23 19:11:19.673371407 -0700
+++ /tmp/foob	2017-07-23 19:11:19.677371420 -0700
@@ -1,5 +1,5 @@
 Booting Linux on physical CPU 0x0
-Linux version 4.13.0-rc1-184950-g5771a8c (jonathanh@sellafield) (gcc version 4.9.2 20140904 (prerelease) (crosstool-NG linaro-1.13.1-4.9-2014.09 - Linaro GCC 4.9-2014.09)) #1 SMP PREEMPT Mon Jul 17 13:09:57 PDT 2017
+Linux version 4.13.0-rc2-185369-g520eccd (jonathanh@sellafield) (gcc version 4.9.2 20140904 (prerelease) (crosstool-NG linaro-1.13.1-4.9-2014.09 - Linaro GCC 4.9-2014.09)) #1 SMP PREEMPT Sun Jul 23 19:08:06 PDT 2017
 Boot CPU: AArch64 Processor [411fd070]
 Machine model: linux,dummy-virt
 Memory limited to 1024MB
@@ -30,15 +30,15 @@
 Policy zone: DMA
 Kernel command line: root=/dev/vda2 rw rootwait mem=1024M console=ttyAMA0,38400n8 init=/bin/bash
 PID hash table entries: 4096 (order: 3, 32768 bytes)
-Memory: 999304K/1048576K available (9084K kernel code, 1116K rwdata, 4412K rodata, 1088K init, 403K bss, 32888K reserved, 16384K cma-reserved)
+Memory: 999304K/1048576K available (9084K kernel code, 1118K rwdata, 4412K rodata, 1088K init, 401K bss, 32888K reserved, 16384K cma-reserved)
 Virtual kernel memory layout:
     modules : 0xffff000000000000 - 0xffff000008000000   (   128 MB)
     vmalloc : 0xffff000008000000 - 0xffff7dffbfff0000   (129022 GB)
       .text : 0xffff000008080000 - 0xffff000008960000   (  9088 KB)
     .rodata : 0xffff000008960000 - 0xffff000008dc0000   (  4480 KB)
       .init : 0xffff000008dc0000 - 0xffff000008ed0000   (  1088 KB)
-      .data : 0xffff000008ed0000 - 0xffff000008fe7200   (  1117 KB)
-       .bss : 0xffff000008fe7200 - 0xffff00000904c070   (   404 KB)
+      .data : 0xffff000008ed0000 - 0xffff000008fe7a00   (  1119 KB)
+       .bss : 0xffff000008fe7a00 - 0xffff00000904c070   (   402 KB)
     fixed   : 0xffff7dfffe7fd000 - 0xffff7dfffec00000   (  4108 KB)
     PCI I/O : 0xffff7dfffee00000 - 0xffff7dffffe00000   (    16 MB)
     vmemmap : 0xffff7e0000000000 - 0xffff800000000000   (  2048 GB maximum)
@@ -115,7 +115,7 @@
 hw perfevents: enabled with armv8_pmuv3 PMU driver, 1 counters available
 kvm [1]: HYP mode not available
 audit: initializing netlink subsys (disabled)
-audit: type=2000 audit(0.769:1): state=initialized audit_enabled=0 res=1
+audit: type=2000 audit(0.757:1): state=initialized audit_enabled=0 res=1
 workingset: timestamp_bits=44 max_order=18 bucket_order=0
 squashfs: version 4.0 (2009/01/31) Phillip Lougher
 NFS: Registering the id_resolver key type
@@ -182,7 +182,7 @@
 Key type dns_resolver registered
 registered taskstats version 1
 input: gpio-keys as /devices/platform/gpio-keys/input/input0
-rtc-pl031 9010000.pl031: setting system clock to 2017-07-17 20:10:38 UTC (1500322238)
+rtc-pl031 9010000.pl031: setting system clock to 2017-07-24 02:08:53 UTC (1500862133)
 ALSA device list:
   No soundcards found.
 uart-pl011 9000000.pl011: no DMA platform data
Diff for ./tegra114-dalmore-a04/tegra114-dalmore/multi_v7_defconfig_log.txt
--- /tmp/fooa	2017-07-23 19:11:19.689371461 -0700
+++ /tmp/foob	2017-07-23 19:11:19.693371475 -0700
@@ -40,20 +40,20 @@
 	 #################################################################
 	 #################################################################
 	 ###########################
-	 2.9 MiB/s
+	 3 MiB/s
 done
-Bytes transferred = 8019864 (7a5f98 hex)
+Bytes transferred = 8020528 (7a6230 hex)
 Tegra114 (Dalmore) # tftpboot 0x82000000 tegra114-dalmore.dtb
 Using asx0 device
 TFTP from server 192.168.100.1; our IP address is 192.168.100.100
 Filename 'tegra114-dalmore.dtb'.
 Load address: 0x82000000
 Loading: *###
-	 3 MiB/s
+	 2.8 MiB/s
 done
 Bytes transferred = 35044 (88e4 hex)
 Tegra114 (Dalmore) # bootz 0x81000000 - 0x82000000
-Kernel image @ 0x81000000 [ 0x000000 - 0x7a5f98 ]
+Kernel image @ 0x81000000 [ 0x000000 - 0x7a6230 ]
 ## Flattened Device Tree blob at 82000000
    Booting using the fdt blob at 0x82000000
    Loading Device Tree to 8fff4000, end 8ffff8e3 ... OK
@@ -61,7 +61,7 @@
 Starting kernel ...
 
 Booting Linux on physical CPU 0x0
-Linux version 4.13.0-rc1-184950-g5771a8c (jonathanh@sellafield) (gcc version 4.7.3 20130328 (prerelease) (crosstool-NG linaro-1.13.1-4.7-2013.04-20130415 - Linaro GCC 2013.04)) #1 SMP Mon Jul 17 13:06:57 PDT 2017
+Linux version 4.13.0-rc2-185369-g520eccd (jonathanh@sellafield) (gcc version 4.7.3 20130328 (prerelease) (crosstool-NG linaro-1.13.1-4.7-2013.04-20130415 - Linaro GCC 2013.04)) #1 SMP Sun Jul 23 19:05:08 PDT 2017
 CPU: ARMv7 Processor [412fc0f2] revision 2 (ARMv7), cr=10c5387d
 CPU: div instructions available: patching division code
 CPU: PIPT / VIPT nonaliasing data cache, PIPT instruction cache
@@ -72,7 +72,7 @@
 efi: UEFI not found.
 cma: Reserved 64 MiB at 0xfb800000
 On node 0 totalpages: 524032
-free_area_init_node: node 0, pgdat c157f140, node_mem_map eeff8000
+free_area_init_node: node 0, pgdat c157f1c0, node_mem_map eeff8000
   DMA zone: 1536 pages used for memmap
   DMA zone: 0 pages reserved
   DMA zone: 196608 pages, LIFO batch:31
@@ -95,8 +95,8 @@
     modules : 0xbf000000 - 0xbfe00000   (  14 MB)
       .text : 0xc0208000 - 0xc0d00000   (11232 kB)
       .init : 0xc1200000 - 0xc1400000   (2048 kB)
-      .data : 0xc1400000 - 0xc1586f28   (1564 kB)
-       .bss : 0xc158fcbc - 0xc15f46fc   ( 403 kB)
+      .data : 0xc1400000 - 0xc1586fa8   (1564 kB)
+       .bss : 0xc158fcb0 - 0xc15f46fc   ( 403 kB)
 SLUB: HWalign=64, Order=0-3, MinObjects=0, CPUs=4, Nodes=1
 Hierarchical RCU implementation.
 	RCU event tracing is enabled.
@@ -313,30 +313,30 @@
 ThumbEE CPU extension supported.
 Registering SWP/SWPB emulation handler
 usb1_vbus: supplied by vdd-sys-5v0
+mmc0: new high speed SDHC card at address aaaa
+mmcblk0: mmc0:aaaa SL16G 14.8 GiB 
 usb2_vbus: supplied by vdd-sys-5v0
 VDD_5V0_HDMI_CON: supplied by vdd-sys-5v0
+ mmcblk0: p1 p2 p3
 tegra-ehci 7d008000.usb: EHCI Host Controller
 tegra-ehci 7d008000.usb: new USB bus registered, assigned bus number 1
-mmc0: new high speed SDHC card at address aaaa
 tegra-ehci 7d008000.usb: irq 339, io mem 0x7d008000
-mmcblk0: mmc0:aaaa SL16G 14.8 GiB 
- mmcblk0: p1 p2 p3
+mmc1: new high speed MMC card at address 0001
+mmcblk1: mmc1:0001 SEM32G 29.1 GiB 
+mmcblk1boot0: mmc1:0001 SEM32G partition 1 4.00 MiB
+mmcblk1boot1: mmc1:0001 SEM32G partition 2 4.00 MiB
+mmcblk1rpmb: mmc1:0001 SEM32G partition 3 4.00 MiB
+ mmcblk1: p1 p2 p3 p4 p5 p6 p7 p8
 tegra-ehci 7d008000.usb: USB 2.0 started, EHCI 1.10
 hub 1-0:1.0: USB hub found
 hub 1-0:1.0: 1 port detected
 input: gpio-keys as /devices/soc0/gpio-keys/input/input0
-palmas-rtc 7000d000.i2c:tps65913@58:rtc: setting system clock to 2001-05-11 07:50:35 UTC (989567435)
+palmas-rtc 7000d000.i2c:tps65913@58:rtc: setting system clock to 2001-05-17 13:44:42 UTC (990107082)
 vdd_hdmi_5v0: disabling
-mmc1: new high speed MMC card at address 0001
-mmcblk1: mmc1:0001 SEM32G 29.1 GiB 
 dvdd_ts: disabling
 usb1_vbus: disabling
 vdd_cam_1v8_reg: disabling
 VDD_5V0_HDMI_CON: disabling
-[lk1boot0: mmc1:0001 SEM32G partition 1 4.00 MiB
-mmcblk1boot1: mmc1:0001 SEM32G partition 2 4.00 MiB
-mmcblk1rpmb: mmc1:0001 SEM32G partition 3 4.00 MiB
- mmcblk1: p1 p2 p3 p4 p5 p6 p7 p8
 EXT4-fs (mmcblk1p1): mounting ext3 file system using the ext4 subsystem
 EXT4-fs (mmcblk1p1): recovery complete
 EXT4-fs (mmcblk1p1): mounted filesystem with ordered data mode. Opts: (null)
@@ -345,4 +345,4 @@
 Freeing unused kernel memory: 2048K
 bash: cannot set terminal process group (-1): Inappropriate ioctl for device
 bash: no job control in this shell
-root@(none):/# [    2.419345] usb 1-1: new high-speed USB device number 2 using tegra-ehci
+root@(none):/# [    2.459257] usb 1-1: new high-speed USB device number 2 using tegra-ehci
Diff for ./tegra114-dalmore-a04/tegra114-dalmore/tegra_defconfig_log.txt
--- /tmp/fooa	2017-07-23 19:11:19.709371529 -0700
+++ /tmp/foob	2017-07-23 19:11:19.713371543 -0700
@@ -38,20 +38,20 @@
 	 #################################################################
 	 #################################################################
 	 ##############################
-	 3.5 MiB/s
+	 3.1 MiB/s
 done
-Bytes transferred = 6151688 (5dde08 hex)
+Bytes transferred = 6152192 (5de000 hex)
 Tegra114 (Dalmore) # tftpboot 0x82000000 tegra114-dalmore.dtb
 Using asx0 device
 TFTP from server 192.168.100.1; our IP address is 192.168.100.100
 Filename 'tegra114-dalmore.dtb'.
 Load address: 0x82000000
 Loading: *###
-	 2.8 MiB/s
+	 3 MiB/s
 done
 Bytes transferred = 35044 (88e4 hex)
 Tegra114 (Dalmore) # bootz 0x81000000 - 0x82000000
-Kernel image @ 0x81000000 [ 0x000000 - 0x5dde08 ]
+Kernel image @ 0x81000000 [ 0x000000 - 0x5de000 ]
 ## Flattened Device Tree blob at 82000000
    Booting using the fdt blob at 0x82000000
    Loading Device Tree to 8fff4000, end 8ffff8e3 ... OK
@@ -60,7 +60,7 @@
 
 Uncompressing Linux... done, booting the kernel.
 Booting Linux on physical CPU 0x0
-Linux version 4.13.0-rc1-184950-g5771a8c (jonathanh@kaivo) (gcc version 4.7.3 20130328 (prerelease) (crosstool-NG linaro-1.13.1-4.7-2013.04-20130415 - Linaro GCC 2013.04)) #1 SMP PREEMPT Mon Jul 17 13:07:43 PDT 2017
+Linux version 4.13.0-rc2-185369-g520eccd (jonathanh@kaivo) (gcc version 4.7.3 20130328 (prerelease) (crosstool-NG linaro-1.13.1-4.7-2013.04-20130415 - Linaro GCC 2013.04)) #1 SMP PREEMPT Sun Jul 23 19:05:11 PDT 2017
 CPU: ARMv7 Processor [412fc0f2] revision 2 (ARMv7), cr=10c5387d
 CPU: div instructions available: patching division code
 CPU: PIPT / VIPT nonaliasing data cache, PIPT instruction cache
@@ -70,7 +70,7 @@
 Memory policy: Data cache writealloc
 cma: Reserved 64 MiB at 0xfbc00000
 On node 0 totalpages: 524032
-free_area_init_node: node 0, pgdat c0eafd40, node_mem_map eeff7000
+free_area_init_node: node 0, pgdat c0eafdc0, node_mem_map eeff7000
   Normal zone: 1536 pages used for memmap
   Normal zone: 0 pages reserved
   Normal zone: 196608 pages, LIFO batch:31
@@ -93,8 +93,8 @@
     modules : 0xbf000000 - 0xbfe00000   (  14 MB)
       .text : 0xc0008000 - 0xc0a00000   (10208 kB)
       .init : 0xc0d00000 - 0xc0e00000   (1024 kB)
-      .data : 0xc0e00000 - 0xc0eba548   ( 746 kB)
-       .bss : 0xc0ec4610 - 0xc0f0f3fc   ( 300 kB)
+      .data : 0xc0e00000 - 0xc0eba5c8   ( 746 kB)
+       .bss : 0xc0ec4604 - 0xc0f0f3fc   ( 300 kB)
 Preemptible hierarchical RCU implementation.
 NR_IRQS: 16, nr_irqs: 16, preallocated irqs: 16
 /interrupt-controller@60004000: 160 interrupts forwarded to /interrupt-controller@50041000
@@ -281,15 +281,15 @@
 mmc1: SDHCI controller on 78000600.sdhci [78000600.sdhci] using ADMA
 usbcore: registered new interface driver usbhid
 usbhid: USB HID core driver
-mmc0: new high speed SDHC card at address aaaa
-mmcblk0: mmc0:aaaa SL16G 14.8 GiB 
 mmc1: new high speed MMC card at address 0001
 mmcblk1: mmc1:0001 SEM32G 29.1 GiB 
+mmc0: new high speed SDHC card at address aaaa
+mmcblk0: mmc0:aaaa SL16G 14.8 GiB 
 mmcblk1boot0: mmc1:0001 SEM32G partition 1 4.00 MiB
- mmcblk0: p1 p2 p3
 mmcblk1boot1: mmc1:0001 SEM32G partition 2 4.00 MiB
 mmcblk1rpmb: mmc1:0001 SEM32G partition 3 4.00 MiB
  mmcblk1: p1 p2 p3 p4 p5 p6 p7 p8
+ mmcblk0: p1 p2 p3
 tegra30-i2s 70080400.i2s: DMA channels sourced from device 70080000.ahub
 tegra-snd-rt5640 sound: rt5640-aif1 <-> 70080400.i2s mapping ok
 input: NVIDIA Tegra Dalmore Headphones as /devices/soc0/sound/sound/card0/input0
@@ -322,7 +322,7 @@
 hub 1-0:1.0: USB hub found
 hub 1-0:1.0: 1 port detected
 input: gpio-keys as /devices/soc0/gpio-keys/input/input1
-palmas-rtc 7000d000.i2c:tps65913@58:rtc: setting system clock to 2001-05-11 07:47:55 UTC (989567275)
+palmas-rtc 7000d000.i2c:tps65913@58:rtc: setting system clock to 2001-05-17 13:47:30 UTC (990107250)
 vdd_hdmi_5v0: disabling
 dvdd_ts: disabling
 usb1_vbus: disabling
@@ -333,9 +333,9 @@
 EXT4-fs (mmcblk1p1): mounting ext3 file system using the ext4 subsystem
 EXT4-fs (mmcblk1p1): recovery complete
 EXT4-fs (mmcblk1p1): mounted filesystem with ordered data mode. Opts: (null)
-VFS: Mounted root (ext3 filesystem) on device 179:17.
+VFS: Mounted root (ext3 filesystem) on device 179:1.
 devtmpfs: mounted
 Freeing unused kernel memory: 1024K
 bash: cannot set terminal process group (-1): Inappropriate ioctl for device
 bash: no job control in this shell
-root@(none):/# [    2.668085] usb 1-1: new high-speed USB device number 2 using tegra-ehci
+root@(none):/# [    2.669115] usb 1-1: new high-speed USB device number 2 using tegra-ehci
Diff for ./tegra124-jetson-tk1/tegra124-jetson-tk1/multi_v7_defconfig_log.txt
--- /tmp/fooa	2017-07-23 19:11:19.737371625 -0700
+++ /tmp/foob	2017-07-23 19:11:19.741371639 -0700
@@ -35,20 +35,20 @@
 	 #################################################################
 	 #################################################################
 	 ###########################
-	 3.9 MiB/s
+	 3.6 MiB/s
 done
-Bytes transferred = 8019864 (7a5f98 hex)
+Bytes transferred = 8020528 (7a6230 hex)
 Tegra124 (Jetson TK1) # tftpboot 0x83000000 tegra124-jetson-tk1.dtb
 Using eth_rtl8169 device
 TFTP from server 192.168.100.1; our IP address is 192.168.100.102
 Filename 'tegra124-jetson-tk1.dtb'.
 Load address: 0x83000000
 Loading: *#####
-	 3.8 MiB/s
+	 3.4 MiB/s
 done
 Bytes transferred = 67161 (10659 hex)
 Tegra124 (Jetson TK1) # bootz 0x82000000 - 0x83000000
-Kernel image @ 0x82000000 [ 0x000000 - 0x7a5f98 ]
+Kernel image @ 0x82000000 [ 0x000000 - 0x7a6230 ]
 ## Flattened Device Tree blob at 83000000
    Booting using the fdt blob at 0x83000000
    Using Device Tree in place at 83000000, end 83013658
@@ -56,7 +56,7 @@
 Starting kernel ...
 
 Booting Linux on physical CPU 0x0
-Linux version 4.13.0-rc1-184950-g5771a8c (jonathanh@sellafield) (gcc version 4.7.3 20130328 (prerelease) (crosstool-NG linaro-1.13.1-4.7-2013.04-20130415 - Linaro GCC 2013.04)) #1 SMP Mon Jul 17 13:06:57 PDT 2017
+Linux version 4.13.0-rc2-185369-g520eccd (jonathanh@sellafield) (gcc version 4.7.3 20130328 (prerelease) (crosstool-NG linaro-1.13.1-4.7-2013.04-20130415 - Linaro GCC 2013.04)) #1 SMP Sun Jul 23 19:05:08 PDT 2017
 CPU: ARMv7 Processor [413fc0f3] revision 3 (ARMv7), cr=10c5387d
 CPU: div instructions available: patching division code
 CPU: PIPT / VIPT nonaliasing data cache, PIPT instruction cache
@@ -67,7 +67,7 @@
 efi: UEFI not found.
 cma: Reserved 64 MiB at 0xfb800000
 On node 0 totalpages: 524032
-free_area_init_node: node 0, pgdat c157f140, node_mem_map eeff8000
+free_area_init_node: node 0, pgdat c157f1c0, node_mem_map eeff8000
   DMA zone: 1536 pages used for memmap
   DMA zone: 0 pages reserved
   DMA zone: 196608 pages, LIFO batch:31
@@ -90,8 +90,8 @@
     modules : 0xbf000000 - 0xbfe00000   (  14 MB)
       .text : 0xc0208000 - 0xc0d00000   (11232 kB)
       .init : 0xc1200000 - 0xc1400000   (2048 kB)
-      .data : 0xc1400000 - 0xc1586f28   (1564 kB)
-       .bss : 0xc158fcbc - 0xc15f46fc   ( 403 kB)
+      .data : 0xc1400000 - 0xc1586fa8   (1564 kB)
+       .bss : 0xc158fcb0 - 0xc15f46fc   ( 403 kB)
 SLUB: HWalign=64, Order=0-3, MinObjects=0, CPUs=4, Nodes=1
 Hierarchical RCU implementation.
 	RCU event tracing is enabled.
@@ -318,12 +318,6 @@
 +5V_SATA: supplied by +5V_SYS
 +12V_SATA: supplied by +VDD_MUX
  usb2-0: usb2-0 supply vbus not found, using dummy regulator
-mmc0: new high speed MMC card at address 0001
-mmcblk0: mmc0:0001 SEM16G 14.7 GiB 
-mmcblk0boot0: mmc0:0001 SEM16G partition 1 4.00 MiB
-mmcblk0boot1: mmc0:0001 SEM16G partition 2 4.00 MiB
-mmcblk0rpmb: mmc0:0001 SEM16G partition 3 4.00 MiB
- mmcblk0: p1
  usb2-1: usb2-1 supply vbus not found, using dummy regulator
  usb3-0: usb3-0 supply vbus not found, using dummy regulator
 tegra-pcie 1003000.pcie: 2x1, 1x1 configuration
@@ -348,9 +342,15 @@
 as3722-ldo10: supplied by +5V_SYS
 +2.8V_RUN_CAM_AF: Bringing 0uV into 2800000-2800000uV
 as3722-ldo11: supplied by +3.3V_RUN
+mmc0: new high speed MMC card at address 0001
 +1.8V_RUN_VPP_FUSE: Bringing 0uV into 1800000-1800000uV
+mmcblk0: mmc0:0001 SEM16G 14.7 GiB 
+mmcblk0boot0: mmc0:0001 SEM16G partition 1 4.00 MiB
+mmcblk0boot1: mmc0:0001 SEM16G partition 2 4.00 MiB
+mmcblk0rpmb: mmc0:0001 SEM16G partition 3 4.00 MiB
 tegra-ahci 70027000.sata: AHCI 0001.0301 32 slots 2 ports 3 Gbps 0x1 impl platform mode
 tegra-ahci 70027000.sata: flags: 64bit ncq sntf pm led pio slum part sadm sds apst 
+ mmcblk0: p1
 scsi host0: tegra-ahci
 scsi host1: tegra-ahci
 ata1: SATA max UDMA/133 mmio [mem 0x70027000-0x70028fff] port 0x100 irq 345
@@ -425,9 +425,6 @@
 pci 0000:00:02.0:   bridge window [io  0x1000-0x1fff]
 pci 0000:00:02.0:   bridge window [mem 0x13100000-0x131fffff]
 pci 0000:00:02.0:   bridge window [mem 0x20000000-0x200fffff 64bit pref]
-mmcblk1: error -5 sending stop command, original cmd response 0x900, card status 0x900
-mmcblk1: error -5 transferring data, sector 7744504, nr 8, cmd response 0x900, card status 0x80000b00
-mmcblk1: retrying using single block read
 pci 0000:00:01.0: nv_msi_ht_cap_quirk didn't locate host bridge
 pcieport 0000:00:01.0: enabling device (0140 -> 0142)
 pcieport 0000:00:01.0: Signaling PME with IRQ 393
@@ -436,7 +433,6 @@
 pcieport 0000:00:02.0: Signaling PME with IRQ 394
 r8169 Gigabit Ethernet driver 2.3LK-NAPI loaded
 r8169 0000:02:00.0: enabling device (0140 -> 0143)
- mmcblk1: p1 p2 p3
 r8169 0000:02:00.0 eth0: RTL8168g/8111g at 0xf0b72000, 00:04:4b:3a:d9:81, XID 0c000800 IRQ 395
 r8169 0000:02:00.0 eth0: jumbo features [frames: 9200 bytes, tx checksumming: ko]
 +1.05V_RUN_AVDD_HDMI_PLL: supplied by +1.05V_RUN
@@ -444,7 +440,7 @@
 cpufreq: cpufreq_online: CPU0: Running at unlisted freq: 696000 KHz
 cpufreq: cpufreq_online: CPU0: Unlisted initial frequency changed to: 714000 KHz
 input: gpio-keys as /devices/soc0/gpio-keys/input/input0
-as3722-rtc as3722-rtc: setting system clock to 2000-01-01 00:03:14 UTC (946684994)
+as3722-rtc as3722-rtc: setting system clock to 2000-01-01 00:00:13 UTC (946684813)
 +3.3V_AVDD_HDMI_AP_GATED: disabling
 +USB0_VBUS_SW: disabling
 +1.05V_RUN_AVDD_HDMI_PLL: disabling
@@ -456,6 +452,9 @@
 +3.3V_RUN_TOUCH: disabling
 +2.8V_RUN_CAM_AF: disabling
 +1.8V_RUN_VPP_FUSE: disabling
+mmcblk1: error -5 sending stop command, original cmd response 0x900, card status 0x900
+mmcblk1: error -110 transferring data, sector 7744472, nr 8, cmd response 0x900, card status 0x80000b00
+ mmcblk1: p1 p2 p3
 EXT4-fs (mmcblk0p1): mounting ext3 file system using the ext4 subsystem
 EXT4-fs (mmcblk0p1): recovery complete
 EXT4-fs (mmcblk0p1): mounted filesystem with ordered data mode. Opts: (null)
Diff for ./tegra124-jetson-tk1/tegra124-jetson-tk1/tegra_defconfig_log.txt
--- /tmp/fooa	2017-07-23 19:11:19.757371694 -0700
+++ /tmp/foob	2017-07-23 19:11:19.757371694 -0700
@@ -27,26 +27,26 @@
 Filename 'zImage.tegra_defconfig'.
 Load address: 0x82000000
 Loading: *#################################################################
-	 #################################################T T T ################
 	 #################################################################
 	 #################################################################
 	 #################################################################
 	 #################################################################
+	 ################T T T #################################################
 	 ##############################
-	 280.3 KiB/s
+	 278.3 KiB/s
 done
-Bytes transferred = 6151688 (5dde08 hex)
+Bytes transferred = 6152192 (5de000 hex)
 Tegra124 (Jetson TK1) # tftpboot 0x83000000 tegra124-jetson-tk1.dtb
 Using eth_rtl8169 device
 TFTP from server 192.168.100.1; our IP address is 192.168.100.102
 Filename 'tegra124-jetson-tk1.dtb'.
 Load address: 0x83000000
 Loading: *#####
-	 922.9 KiB/s
+	 910.2 KiB/s
 done
 Bytes transferred = 67161 (10659 hex)
 Tegra124 (Jetson TK1) # bootz 0x82000000 - 0x83000000
-Kernel image @ 0x82000000 [ 0x000000 - 0x5dde08 ]
+Kernel image @ 0x82000000 [ 0x000000 - 0x5de000 ]
 ## Flattened Device Tree blob at 83000000
    Booting using the fdt blob at 0x83000000
    Using Device Tree in place at 83000000, end 83013658
@@ -55,7 +55,7 @@
 
 Uncompressing Linux... done, booting the kernel.
 Booting Linux on physical CPU 0x0
-Linux version 4.13.0-rc1-184950-g5771a8c (jonathanh@kaivo) (gcc version 4.7.3 20130328 (prerelease) (crosstool-NG linaro-1.13.1-4.7-2013.04-20130415 - Linaro GCC 2013.04)) #1 SMP PREEMPT Mon Jul 17 13:07:43 PDT 2017
+Linux version 4.13.0-rc2-185369-g520eccd (jonathanh@kaivo) (gcc version 4.7.3 20130328 (prerelease) (crosstool-NG linaro-1.13.1-4.7-2013.04-20130415 - Linaro GCC 2013.04)) #1 SMP PREEMPT Sun Jul 23 19:05:11 PDT 2017
 CPU: ARMv7 Processor [413fc0f3] revision 3 (ARMv7), cr=10c5387d
 CPU: div instructions available: patching division code
 CPU: PIPT / VIPT nonaliasing data cache, PIPT instruction cache
@@ -65,7 +65,7 @@
 Memory policy: Data cache writealloc
 cma: Reserved 64 MiB at 0xfbc00000
 On node 0 totalpages: 524032
-free_area_init_node: node 0, pgdat c0eafd40, node_mem_map eeff7000
+free_area_init_node: node 0, pgdat c0eafdc0, node_mem_map eeff7000
   Normal zone: 1536 pages used for memmap
   Normal zone: 0 pages reserved
   Normal zone: 196608 pages, LIFO batch:31
@@ -88,8 +88,8 @@
     modules : 0xbf000000 - 0xbfe00000   (  14 MB)
       .text : 0xc0008000 - 0xc0a00000   (10208 kB)
       .init : 0xc0d00000 - 0xc0e00000   (1024 kB)
-      .data : 0xc0e00000 - 0xc0eba548   ( 746 kB)
-       .bss : 0xc0ec4610 - 0xc0f0f3fc   ( 300 kB)
+      .data : 0xc0e00000 - 0xc0eba5c8   ( 746 kB)
+       .bss : 0xc0ec4604 - 0xc0f0f3fc   ( 300 kB)
 Preemptible hierarchical RCU implementation.
 NR_IRQS: 16, nr_irqs: 16, preallocated irqs: 16
 /interrupt-controller@60004000: 160 interrupts forwarded to /interrupt-controller@50041000
@@ -429,17 +429,14 @@
 pci 0000:00:02.0:   bridge window [io  0x1000-0x1fff]
 pci 0000:00:02.0:   bridge window [mem 0x13100000-0x131fffff]
 pci 0000:00:02.0:   bridge window [mem 0x20000000-0x200fffff 64bit pref]
-mmcblk1: error -5 sending stop command, original cmd response 0x900, card status 0x900
-mmcblk1: error -5 transferring data, sector 7744504, nr 8, cmd response 0x900, card status 0x80000b00
-mmcblk1: retrying using single block read
 pci 0000:00:01.0: nv_msi_ht_cap_quirk didn't locate host bridge
- mmcblk1: p1 p2 p3
 pcieport 0000:00:01.0: enabling device (0140 -> 0142)
 pcieport 0000:00:01.0: Signaling PME with IRQ 393
 pci 0000:00:02.0: nv_msi_ht_cap_quirk didn't locate host bridge
 pcieport 0000:00:02.0: enabling device (0140 -> 0143)
 pcieport 0000:00:02.0: Signaling PME with IRQ 394
 r8169 Gigabit Ethernet driver 2.3LK-NAPI loaded
+ mmcblk1: p1 p2 p3
 r8169 0000:02:00.0: enabling device (0140 -> 0143)
 r8169 0000:02:00.0 eth0: RTL8168g/8111g at 0xf0c01000, 00:04:4b:3a:d9:81, XID 0c000800 IRQ 395
 r8169 0000:02:00.0 eth0: jumbo features [frames: 9200 bytes, tx checksumming: ko]
@@ -448,7 +445,7 @@
 cpufreq: cpufreq_online: CPU0: Running at unlisted freq: 696000 KHz
 cpufreq: cpufreq_online: CPU0: Unlisted initial frequency changed to: 714000 KHz
 input: gpio-keys as /devices/soc0/gpio-keys/input/input2
-as3722-rtc as3722-rtc: setting system clock to 2000-01-01 00:05:15 UTC (946685115)
+as3722-rtc as3722-rtc: setting system clock to 2000-01-01 00:01:45 UTC (946684905)
 +3.3V_AVDD_HDMI_AP_GATED: disabling
 +USB0_VBUS_SW: disabling
 +1.05V_RUN_AVDD_HDMI_PLL: disabling
Diff for ./tegra124-nyan-big/tegra124-nyan-big/multi_v7_defconfig_log.txt
--- /tmp/fooa	2017-07-23 19:11:19.765371722 -0700
+++ /tmp/foob	2017-07-23 19:11:19.769371735 -0700
@@ -43,9 +43,9 @@
 	 #################################################################
 	 #################################################################
 	 ###########################
-	 2.9 MiB/s
+	 2.8 MiB/s
 done
-Bytes transferred = 8019864 (7a5f98 hex)
+Bytes transferred = 8020528 (7a6230 hex)
 Tegra124 (Nyan-big) # tftpboot 0x83000000 tegra124-nyan-big.dtb
 Using asx0 device
 TFTP from server 192.168.100.1; our IP address is 192.168.100.102
@@ -56,7 +56,7 @@
 done
 Bytes transferred = 68183 (10a57 hex)
 Tegra124 (Nyan-big) # bootz 0x82000000 - 0x83000000
-Kernel image @ 0x82000000 [ 0x000000 - 0x7a5f98 ]
+Kernel image @ 0x82000000 [ 0x000000 - 0x7a6230 ]
 ## Flattened Device Tree blob at 83000000
    Booting using the fdt blob at 0x83000000
    Using Device Tree in place at 83000000, end 83013a56
@@ -64,7 +64,7 @@
 Starting kernel ...
 
 Booting Linux on physical CPU 0x0
-Linux version 4.13.0-rc1-184950-g5771a8c (jonathanh@sellafield) (gcc version 4.7.3 20130328 (prerelease) (crosstool-NG linaro-1.13.1-4.7-2013.04-20130415 - Linaro GCC 2013.04)) #1 SMP Mon Jul 17 13:06:57 PDT 2017
+Linux version 4.13.0-rc2-185369-g520eccd (jonathanh@sellafield) (gcc version 4.7.3 20130328 (prerelease) (crosstool-NG linaro-1.13.1-4.7-2013.04-20130415 - Linaro GCC 2013.04)) #1 SMP Sun Jul 23 19:05:08 PDT 2017
 CPU: ARMv7 Processor [413fc0f3] revision 3 (ARMv7), cr=10c5387d
 CPU: div instructions available: patching division code
 CPU: PIPT / VIPT nonaliasing data cache, PIPT instruction cache
@@ -76,7 +76,7 @@
 efi: UEFI not found.
 cma: Reserved 64 MiB at 0xfb800000
 On node 0 totalpages: 524287
-free_area_init_node: node 0, pgdat c157f140, node_mem_map eeff8000
+free_area_init_node: node 0, pgdat c157f1c0, node_mem_map eeff8000
   DMA zone: 1536 pages used for memmap
   DMA zone: 0 pages reserved
   DMA zone: 196608 pages, LIFO batch:31
@@ -99,8 +99,8 @@
     modules : 0xbf000000 - 0xbfe00000   (  14 MB)
       .text : 0xc0208000 - 0xc0d00000   (11232 kB)
       .init : 0xc1200000 - 0xc1400000   (2048 kB)
-      .data : 0xc1400000 - 0xc1586f28   (1564 kB)
-       .bss : 0xc158fcbc - 0xc15f46fc   ( 403 kB)
+      .data : 0xc1400000 - 0xc1586fa8   (1564 kB)
+       .bss : 0xc158fcb0 - 0xc15f46fc   ( 403 kB)
 SLUB: HWalign=64, Order=0-3, MinObjects=0, CPUs=4, Nodes=1
 Hierarchical RCU implementation.
 	RCU event tracing is enabled.
Diff for ./tegra124-nyan-big/tegra124-nyan-big/tegra_defconfig_log.txt
--- /tmp/fooa	2017-07-23 19:11:19.773371748 -0700
+++ /tmp/foob	2017-07-23 19:11:19.777371762 -0700
@@ -41,9 +41,9 @@
 	 #################################################################
 	 #################################################################
 	 ##############################
-	 3 MiB/s
+	 2.9 MiB/s
 done
-Bytes transferred = 6151688 (5dde08 hex)
+Bytes transferred = 6152192 (5de000 hex)
 Tegra124 (Nyan-big) # tftpboot 0x83000000 tegra124-nyan-big.dtb
 Using asx0 device
 TFTP from server 192.168.100.1; our IP address is 192.168.100.102
@@ -54,7 +54,7 @@
 done
 Bytes transferred = 68183 (10a57 hex)
 Tegra124 (Nyan-big) # bootz 0x82000000 - 0x83000000
-Kernel image @ 0x82000000 [ 0x000000 - 0x5dde08 ]
+Kernel image @ 0x82000000 [ 0x000000 - 0x5de000 ]
 ## Flattened Device Tree blob at 83000000
    Booting using the fdt blob at 0x83000000
    Using Device Tree in place at 83000000, end 83013a56
@@ -63,7 +63,7 @@
 
 Uncompressing Linux... done, booting the kernel.
 Booting Linux on physical CPU 0x0
-Linux version 4.13.0-rc1-184950-g5771a8c (jonathanh@kaivo) (gcc version 4.7.3 20130328 (prerelease) (crosstool-NG linaro-1.13.1-4.7-2013.04-20130415 - Linaro GCC 2013.04)) #1 SMP PREEMPT Mon Jul 17 13:07:43 PDT 2017
+Linux version 4.13.0-rc2-185369-g520eccd (jonathanh@kaivo) (gcc version 4.7.3 20130328 (prerelease) (crosstool-NG linaro-1.13.1-4.7-2013.04-20130415 - Linaro GCC 2013.04)) #1 SMP PREEMPT Sun Jul 23 19:05:11 PDT 2017
 CPU: ARMv7 Processor [413fc0f3] revision 3 (ARMv7), cr=10c5387d
 CPU: div instructions available: patching division code
 CPU: PIPT / VIPT nonaliasing data cache, PIPT instruction cache
@@ -74,7 +74,7 @@
 Memory policy: Data cache writealloc
 cma: Reserved 64 MiB at 0xfbc00000
 On node 0 totalpages: 524287
-free_area_init_node: node 0, pgdat c0eafd40, node_mem_map eeff7000
+free_area_init_node: node 0, pgdat c0eafdc0, node_mem_map eeff7000
   Normal zone: 1536 pages used for memmap
   Normal zone: 0 pages reserved
   Normal zone: 196608 pages, LIFO batch:31
@@ -97,8 +97,8 @@
     modules : 0xbf000000 - 0xbfe00000   (  14 MB)
       .text : 0xc0008000 - 0xc0a00000   (10208 kB)
       .init : 0xc0d00000 - 0xc0e00000   (1024 kB)
-      .data : 0xc0e00000 - 0xc0eba548   ( 746 kB)
-       .bss : 0xc0ec4610 - 0xc0f0f3fc   ( 300 kB)
+      .data : 0xc0e00000 - 0xc0eba5c8   ( 746 kB)
+       .bss : 0xc0ec4604 - 0xc0f0f3fc   ( 300 kB)
 Preemptible hierarchical RCU implementation.
 NR_IRQS: 16, nr_irqs: 16, preallocated irqs: 16
 /interrupt-controller@60004000: 160 interrupts forwarded to /interrupt-controller@50041000
@@ -355,7 +355,7 @@
 mmc1: new high speed SDIO card at address 0001
 mmc2: SDHCI controller on 700b0400.sdhci [700b0400.sdhci] using ADMA
 input: gpio-keys as /devices/soc0/gpio-keys/input/input3
-as3722-rtc as3722-rtc: setting system clock to 2000-01-01 00:00:23 UTC (946684823)
+as3722-rtc as3722-rtc: setting system clock to 2000-01-01 00:00:22 UTC (946684822)
 +3.3V_AVDD_HDMI_AP_GATED: disabling
 +1.8V_RUN_CAM: disabling
 +1.2V_RUN_CAM_FRONT: disabling
@@ -382,8 +382,8 @@
 mmcblk0rpmb: mmc0:0001 MMC16G partition 3 128 KiB
  mmcblk0: p1 p2 p3 p4 p5 p6 p7 p8 p9 p10 p11 p12
 usb 1-2: new high-speed USB device number 2 using tegra-xusb
-input: tegra-hda HDMI/DP,pcm=3 as /devices/soc0/70030000.hda/sound/card0/input4
 EXT4-fs (mmcblk0p3): couldn't mount as ext3 due to feature incompatibilities
+input: tegra-hda HDMI/DP,pcm=3 as /devices/soc0/70030000.hda/sound/card0/input4
 uvcvideo: Found UVC 1.00 device HD WebCam (1bcf:2c67)
 input: HD WebCam: HD WebCam as /devices/soc0/70090000.usb/usb1/1-2/1-2:1.0/input/input5
 EXT4-fs (mmcblk0p3): recovery complete
@@ -391,6 +391,7 @@
 VFS: Mounted root (ext4 filesystem) on device 179:3.
 devtmpfs: mounted
 Freeing unused kernel memory: 1024K
+usb 1-3: new high-speed USB device number 3 using tegra-xusb
 bash: cannot set terminal process group (-1): Inappropriate ioctl for device
 bash: no job control in this shell
-root@(none):/# [    2.757961] usb 1-3: new high-speed USB device number 3 using tegra-xusb
+root@(none):/# 
\ No newline at end of file
Diff for ./tegra132-norrin/tegra132-norrin/defconfig_log.txt
--- /tmp/fooa	2017-07-23 19:11:19.801371845 -0700
+++ /tmp/foob	2017-07-23 19:11:19.805371858 -0700
@@ -31,7 +31,7 @@
 MSENC clock is set to  79200 KHz
 Vde clock is set to 204000 KHz
 
-Bootloader-Cpu Init at (time stamp): 1801253 us
+Bootloader-Cpu Init at (time stamp): 1801733 us
 
 Pinmux changes applied in kernel way
 
@@ -62,22 +62,22 @@
 Board Id Read Time: 3 us
 Power Rail enable Time: 1 us
 
-Miscellaneous avp time: 1801227  us
-Bootloader (AosInit) time: 733451 us
-Bootloader Main Init time: 180327 us
-BlockDevMgrInit time: 157559 us
-PartMgrInit time: 8 us
-StorMgrInit time: 31 us
+Miscellaneous avp time: 1801707  us
+Bootloader (AosInit) time: 734241 us
+Bootloader Main Init time: 180080 us
+BlockDevMgrInit time: 157550 us
+PartMgrInit time: 9 us
+StorMgrInit time: 30 us
 FsMgrInit time: 2 us
-Partition Table load: 77105 us 
-Display init time: 574408 us
-Kernel read time: 1319 msec
-Load Kernel Size:   17471488 Bytes
-Bl Kernel ReadSpeed: 13246000 Bytes/sec
-Pre-Kernel Jump time: 3771024 us
-Clearing 32 Bit State and Warm resetting to 64bit mode: 8707968 us
+Partition Table load: 76632 us 
+Display init time: 574949 us
+Kernel read time: 1318 msec
+Load Kernel Size:   17473536 Bytes
+Bl Kernel ReadSpeed: 13257000 Bytes/sec
+Pre-Kernel Jump time: 3771425 us
+Clearing 32 Bit State and Warm resetting to 64bit mode: 8709401 us
 Booting Linux on physical CPU 0x0
-Linux version 4.13.0-rc1-184950-g5771a8c (jonathanh@sellafield) (gcc version 4.9.2 20140904 (prerelease) (crosstool-NG linaro-1.13.1-4.9-2014.09 - Linaro GCC 4.9-2014.09)) #1 SMP PREEMPT Mon Jul 17 13:09:57 PDT 2017
+Linux version 4.13.0-rc2-185369-g520eccd (jonathanh@sellafield) (gcc version 4.9.2 20140904 (prerelease) (crosstool-NG linaro-1.13.1-4.9-2014.09 - Linaro GCC 4.9-2014.09)) #1 SMP PREEMPT Sun Jul 23 19:08:06 PDT 2017
 Boot CPU: AArch64 Processor [4e0f0000]
 Machine model: NVIDIA Tegra132 Norrin
 Memory limited to 1734MB
@@ -103,15 +103,15 @@
 Policy zone: DMA
 Kernel command line: tegraid=13.1.3.0.0 mem=1734M@2048M memtype=255 vpr=151M@3817M ddr_die=2048M@2048M section=256M commchip_id=0 usb_port_owner_info=0 lane_owner_info=0 emc_max_dvfs=0 touch_id=0@0 video=tegrafb no_console_suspend=1 console=ttyS0,115200n8 debug_uartport=lsport,0 earlyprintk=uart8250-32bit,0x70006000 usbcore.old_scheme_first=1 lp0_vec=0@0x0 tegra_fbmem=32899072@0xad012000 core_edp_mv=1150 core_edp_ma=4000 pmuboard=0x0176:0x0001:0x01:0x43:0x00 displayboard=0x0162:0x0001:0x00:0x42:0x00 power_supply=Adapter audio_codec=rt5640 board_info=0x0176:0x0001:0x01:0x43:0x00 tegraboot=sdmmc gpt gpt_sector=192511 modem_id=0 android.kerneltype=normal
 PID hash table entries: 4096 (order: 3, 32768 bytes)
-Memory: 1708524K/1775616K available (9084K kernel code, 1116K rwdata, 4412K rodata, 1088K init, 403K bss, 50708K reserved, 16384K cma-reserved)
+Memory: 1708524K/1775616K available (9084K kernel code, 1118K rwdata, 4412K rodata, 1088K init, 401K bss, 50708K reserved, 16384K cma-reserved)
 Virtual kernel memory layout:
     modules : 0xffff000000000000 - 0xffff000008000000   (   128 MB)
     vmalloc : 0xffff000008000000 - 0xffff7dffbfff0000   (129022 GB)
       .text : 0xffff000008080000 - 0xffff000008960000   (  9088 KB)
     .rodata : 0xffff000008960000 - 0xffff000008dc0000   (  4480 KB)
       .init : 0xffff000008dc0000 - 0xffff000008ed0000   (  1088 KB)
-      .data : 0xffff000008ed0000 - 0xffff000008fe7200   (  1117 KB)
-       .bss : 0xffff000008fe7200 - 0xffff00000904c070   (   404 KB)
+      .data : 0xffff000008ed0000 - 0xffff000008fe7a00   (  1119 KB)
+       .bss : 0xffff000008fe7a00 - 0xffff00000904c070   (   402 KB)
     fixed   : 0xffff7dfffe7fd000 - 0xffff7dfffec00000   (  4108 KB)
     PCI I/O : 0xffff7dfffee00000 - 0xffff7dffffe00000   (    16 MB)
     vmemmap : 0xffff7e0000000000 - 0xffff800000000000   (  2048 GB maximum)
@@ -201,7 +201,7 @@
 Freeing initrd memory: 1284K
 kvm [1]: HYP mode not available
 audit: initializing netlink subsys (disabled)
-audit: type=2000 audit(0.918:1): state=initialized audit_enabled=0 res=1
+audit: type=2000 audit(0.920:1): state=initialized audit_enabled=0 res=1
 workingset: timestamp_bits=44 max_order=19 bucket_order=0
 squashfs: version 4.0 (2009/01/31) Phillip Lougher
 NFS: Registering the id_resolver key type
Diff for ./tegra20-trimslice/tegra20-trimslice/multi_v7_defconfig_log.txt
--- /tmp/fooa	2017-07-23 19:11:19.829371940 -0700
+++ /tmp/foob	2017-07-23 19:11:19.833371954 -0700
@@ -19,7 +19,7 @@
 Out:   serial
 Err:   serial
 Net:   RTL8169#0
-Hit any key to stop autoboot:  2  1  0 
+Hit any key to stop autoboot:  2  0 
 Tegra20 (TrimSlice) # 
 Tegra20 (TrimSlice) # usb reset
 resetting USB...
@@ -48,20 +48,20 @@
 	 #################################################################
 	 #################################################################
 	 ###########################
-	 3.5 MiB/s
+	 3.6 MiB/s
 done
-Bytes transferred = 8019864 (7a5f98 hex)
+Bytes transferred = 8020528 (7a6230 hex)
 Tegra20 (TrimSlice) # tftpboot 0x02408000 tegra20-trimslice.dtb
 Using RTL8169#0 device
 TFTP from server 192.168.100.1; our IP address is 192.168.100.103
 Filename 'tegra20-trimslice.dtb'.
 Load address: 0x2408000
 Loading: *##
-	 2.9 MiB/s
+	 3.4 MiB/s
 done
 Bytes transferred = 21454 (53ce hex)
 Tegra20 (TrimSlice) # bootz 0x00408000 - 0x02408000
-Kernel image @ 0x408000 [ 0x000000 - 0x7a5f98 ]
+Kernel image @ 0x408000 [ 0x000000 - 0x7a6230 ]
 ## Flattened Device Tree blob at 02408000
    Booting using the fdt blob at 0x2408000
    Using Device Tree in place at 02408000, end 024103cd
@@ -69,7 +69,7 @@
 Starting kernel ...
 
 Booting Linux on physical CPU 0x0
-Linux version 4.13.0-rc1-184950-g5771a8c (jonathanh@sellafield) (gcc version 4.7.3 20130328 (prerelease) (crosstool-NG linaro-1.13.1-4.7-2013.04-20130415 - Linaro GCC 2013.04)) #1 SMP Mon Jul 17 13:06:57 PDT 2017
+Linux version 4.13.0-rc2-185369-g520eccd (jonathanh@sellafield) (gcc version 4.7.3 20130328 (prerelease) (crosstool-NG linaro-1.13.1-4.7-2013.04-20130415 - Linaro GCC 2013.04)) #1 SMP Sun Jul 23 19:05:08 PDT 2017
 CPU: ARMv7 Processor [411fc090] revision 0 (ARMv7), cr=10c5387d
 CPU: PIPT / VIPT nonaliasing data cache, VIPT aliasing instruction cache
 OF: fdt: Machine model: Compulab TrimSlice board
@@ -79,7 +79,7 @@
 efi: UEFI not found.
 cma: Reserved 64 MiB at 0x3c000000
 On node 0 totalpages: 262144
-free_area_init_node: node 0, pgdat c157f140, node_mem_map ef7f8000
+free_area_init_node: node 0, pgdat c157f1c0, node_mem_map ef7f8000
   DMA zone: 1536 pages used for memmap
   DMA zone: 0 pages reserved
   DMA zone: 196608 pages, LIFO batch:31
@@ -102,8 +102,8 @@
     modules : 0xbf000000 - 0xbfe00000   (  14 MB)
       .text : 0xc0208000 - 0xc0d00000   (11232 kB)
       .init : 0xc1200000 - 0xc1400000   (2048 kB)
-      .data : 0xc1400000 - 0xc1586f28   (1564 kB)
-       .bss : 0xc158fcbc - 0xc15f46fc   ( 403 kB)
+      .data : 0xc1400000 - 0xc1586fa8   (1564 kB)
+       .bss : 0xc158fcb0 - 0xc15f46fc   ( 403 kB)
 SLUB: HWalign=64, Order=0-3, MinObjects=0, CPUs=2, Nodes=1
 Hierarchical RCU implementation.
 	RCU event tracing is enabled.
Diff for ./tegra20-trimslice/tegra20-trimslice/tegra_defconfig_log.txt
--- /tmp/fooa	2017-07-23 19:11:19.841371981 -0700
+++ /tmp/foob	2017-07-23 19:11:19.845371995 -0700
@@ -46,20 +46,20 @@
 	 #################################################################
 	 #################################################################
 	 ##############################
-	 4.1 MiB/s
+	 3.3 MiB/s
 done
-Bytes transferred = 6151688 (5dde08 hex)
+Bytes transferred = 6152192 (5de000 hex)
 Tegra20 (TrimSlice) # tftpboot 0x02408000 tegra20-trimslice.dtb
 Using RTL8169#0 device
 TFTP from server 192.168.100.1; our IP address is 192.168.100.103
 Filename 'tegra20-trimslice.dtb'.
 Load address: 0x2408000
 Loading: *##
-	 4.1 MiB/s
+	 2.9 MiB/s
 done
 Bytes transferred = 21454 (53ce hex)
 Tegra20 (TrimSlice) # bootz 0x00408000 - 0x02408000
-Kernel image @ 0x408000 [ 0x000000 - 0x5dde08 ]
+Kernel image @ 0x408000 [ 0x000000 - 0x5de000 ]
 ## Flattened Device Tree blob at 02408000
    Booting using the fdt blob at 0x2408000
    Using Device Tree in place at 02408000, end 024103cd
@@ -68,7 +68,7 @@
 
 Uncompressing Linux... done, booting the kernel.
 Booting Linux on physical CPU 0x0
-Linux version 4.13.0-rc1-184950-g5771a8c (jonathanh@kaivo) (gcc version 4.7.3 20130328 (prerelease) (crosstool-NG linaro-1.13.1-4.7-2013.04-20130415 - Linaro GCC 2013.04)) #1 SMP PREEMPT Mon Jul 17 13:07:43 PDT 2017
+Linux version 4.13.0-rc2-185369-g520eccd (jonathanh@kaivo) (gcc version 4.7.3 20130328 (prerelease) (crosstool-NG linaro-1.13.1-4.7-2013.04-20130415 - Linaro GCC 2013.04)) #1 SMP PREEMPT Sun Jul 23 19:05:11 PDT 2017
 CPU: ARMv7 Processor [411fc090] revision 0 (ARMv7), cr=10c5387d
 CPU: PIPT / VIPT nonaliasing data cache, VIPT aliasing instruction cache
 OF: fdt: Machine model: Compulab TrimSlice board
@@ -77,7 +77,7 @@
 Memory policy: Data cache writealloc
 cma: Reserved 64 MiB at 0x3c000000
 On node 0 totalpages: 262144
-free_area_init_node: node 0, pgdat c0eafd40, node_mem_map ef7f7000
+free_area_init_node: node 0, pgdat c0eafdc0, node_mem_map ef7f7000
   Normal zone: 1536 pages used for memmap
   Normal zone: 0 pages reserved
   Normal zone: 196608 pages, LIFO batch:31
@@ -100,8 +100,8 @@
     modules : 0xbf000000 - 0xbfe00000   (  14 MB)
       .text : 0xc0008000 - 0xc0a00000   (10208 kB)
       .init : 0xc0d00000 - 0xc0e00000   (1024 kB)
-      .data : 0xc0e00000 - 0xc0eba548   ( 746 kB)
-       .bss : 0xc0ec4610 - 0xc0f0f3fc   ( 300 kB)
+      .data : 0xc0e00000 - 0xc0eba5c8   ( 746 kB)
+       .bss : 0xc0ec4604 - 0xc0f0f3fc   ( 300 kB)
 Preemptible hierarchical RCU implementation.
 	RCU restricting CPUs from NR_CPUS=4 to nr_cpu_ids=2.
 RCU: Adjusting geometry for rcu_fanout_leaf=16, nr_cpu_ids=2
@@ -332,23 +332,23 @@
 mmcblk1: mmc1:b368 NCard 1.83 GiB (ro)
 utmi_phy_clk_enable: timeout waiting for phy to stabilize
 tegra-ehci c5000000.usb: EHCI Host Controller
-tegra-ehci c5000000.usb: new USB bus registered, assigned bus number 2
 mmcblk1: error -5 sending stop command, original cmd response 0x900, card status 0x900
 mmcblk1: error -5 transferring data, sector 3839992, nr 8, cmd response 0x900, card status 0x80000b00
+tegra-ehci c5000000.usb: new USB bus registered, assigned bus number 2
 tegra-ehci c5000000.usb: irq 288, io mem 0xc5000000
+mmcblk1: error -5 sending stop command, original cmd response 0x900, card status 0x900
 tegra-ehci c5000000.usb: USB 2.0 started, EHCI 1.00
 hub 2-0:1.0: USB hub found
 hub 2-0:1.0: 1 port detected
-mmcblk1: error -5 sending stop command, original cmd response 0x900, card status 0x900
+input: gpio-keys as /devices/soc0/gpio-keys/input/input0
+rtc-em3027 2-0056: hctosys: unable to read the hardware clock
+ALSA device list:
+  #0: tegra-trimslice
 mmcblk1: error -5 transferring data, sector 3839992, nr 8, cmd response 0x900, card status 0x80000b00
 mmcblk1: retrying using single block read
 hub 1-1:1.0: USB hub found
 hub 1-1:1.0: 4 ports detected
-input: gpio-keys as /devices/soc0/gpio-keys/input/input0
  mmcblk1: p1 p2
-rtc-em3027 2-0056: hctosys: unable to read the hardware clock
-ALSA device list:
-  #0: tegra-trimslice
 Waiting for root device PARTUUID=11eb23c1-01...
 usb 1-1.2: new high-speed USB device number 3 using tegra-ehci
 mmc0: host does not support reading read-only switch, assuming write-enable
@@ -356,11 +356,11 @@
 mmcblk0: mmc0:b368 NCard 3.70 GiB 
 mmcblk0: error -5 sending stop command, original cmd response 0x900, card status 0x900
 mmcblk0: error -5 transferring data, sector 7759864, nr 8, cmd response 0x900, card status 0x80000b00
-asix 1-1.2:1.0 eth1: register 'asix' at usb-c5008000.usb-1.2, ASIX AX88772 USB 2.0 Ethernet, 00:60:6e:60:6c:68
 mmcblk0: error -5 sending stop command, original cmd response 0x900, card status 0x900
 mmcblk0: error -5 transferring data, sector 7759864, nr 8, cmd response 0x900, card status 0x80000b00
 mmcblk0: retrying using single block read
  mmcblk0: p1
+asix 1-1.2:1.0 eth1: register 'asix' at usb-c5008000.usb-1.2, ASIX AX88772 USB 2.0 Ethernet, 00:60:6e:60:6c:68
 mmcblk0: r/w command failed, status = 0x80000900
 EXT4-fs (mmcblk0p1): mounting ext3 file system using the ext4 subsystem
 EXT4-fs (mmcblk0p1): recovery complete
Diff for ./tegra210-p2371-0000/tegra210-p2371-0000/defconfig_log.txt
--- /tmp/fooa	2017-07-23 19:11:19.853372022 -0700
+++ /tmp/foob	2017-07-23 19:11:19.857372036 -0700
@@ -1,7 +1,7 @@
 [TegraBoot] (version 23.00.2015.14-mobile-1ef66670)
 Processing in cold boot mode Bootloader 2
 A01Q Bootrom Patch rev = 3
-Power-up reason: on button
+Power-up reason: pmu watchdog
 No Battery Present
 Platform has Ddr4 type ram
 max77620 disabling SD1 Remote Sense
@@ -64,17 +64,17 @@
 Loading and Validation of Secure OS Successful
 NvTbootPackSdramParams: start. 
 NvTbootPackSdramParams: done. 
-Tegraboot started after 764821 us
-Basic modules init took 348339 us
+Tegraboot started after 803507 us
+Basic modules init took 348705 us
 Sec Bootdevice Read Time = 202 ms, Read Size = 8459 KB
-Next stage binary read took 14367 us
-Carveout took 252718 us
-CPU initialization took 92290 us
-Total time taken by TegraBoot 707714 us
+Next stage binary read took 14366 us
+Carveout took 252758 us
+CPU initialization took 92315 us
+Total time taken by TegraBoot 708144 us
 
 Starting CPU & Halting co-processor 
 
-64b[0001.603] LPDDR4 Training: Number of tables = 10
+64b[0001.641] LPDDR4 Training: Number of tables = 10
 EMC Training (SRC-freq: 204000; DST-freq: 408000)
 EMC Training Successful
 EMC Training (SRC-freq: 204000; DST-freq: 665600)
@@ -108,7 +108,7 @@
 Tegra210 (P2371-0000) # 
 Tegra210 (P2371-0000) # ums 0 mmc 0
 UMS: disk start sector: 0x0, count: 0x1d5a000
-|/-\|/-\/-\|/-\/-\|/-\/-\|/-\/-\|/-\/-\|/-\/-\|/-\/-\|/-\/-\CTRL+C - Operation aborted
+|/-\|/-\/-\|/-\/-\|/-\/-\|/-\/-\|/-\/-\|/-\/-\|/-\/-\|/-\/CTRL+C - Operation aborted
 Tegra210 (P2371-0000) # 
 Tegra210 (P2371-0000) # env set fdt_copy_node_names /cpus:/psci
 Tegra210 (P2371-0000) # setenv rootpart 1
@@ -117,11 +117,11 @@
 Tegra210 (P2371-0000) # part uuid ${devtype} ${devnum}:${rootpart} uuid
 Tegra210 (P2371-0000) # setenv bootargs ignore_loglevel console=ttyS0,115200n8 earlycon=uart8250,mmio32,0x70006000 rw root=PARTUUID=00000000-0001-0000-788f-a75600000000 rootwait debug earlyprintk init=/bin/bash
 Tegra210 (P2371-0000) # load ${devtype} ${devnum}:${rootpart} ${kernel_addr_r} /boot/Image.defconfig
-16151040 bytes read in 823 ms (18.7 MiB/s)
+16153088 bytes read in 828 ms (18.6 MiB/s)
 Tegra210 (P2371-0000) # load ${devtype} ${devnum}:${rootpart} ${fdt_addr_r} /boot/tegra210-p2371-0000.dtb
-45170 bytes read in 459 ms (95.7 KiB/s)
+45170 bytes read in 453 ms (96.7 KiB/s)
 Tegra210 (P2371-0000) # load ${devtype} ${devnum}:${rootpart} ${ramdisk_addr_r} /boot/tegra-ramdisk.img
-1627787 bytes read in 495 ms (3.1 MiB/s)
+1627787 bytes read in 496 ms (3.1 MiB/s)
 Tegra210 (P2371-0000) # ramdisk_size=${filesize}
 Tegra210 (P2371-0000) # booti ${kernel_addr_r} - ${fdt_addr_r}
 ## Flattened Device Tree blob at 82000000
@@ -131,7 +131,7 @@
 Starting kernel ...
 
 Booting Linux on physical CPU 0x0
-Linux version 4.13.0-rc1-184950-g5771a8c (jonathanh@sellafield) (gcc version 4.9.2 20140904 (prerelease) (crosstool-NG linaro-1.13.1-4.9-2014.09 - Linaro GCC 4.9-2014.09)) #1 SMP PREEMPT Mon Jul 17 13:09:57 PDT 2017
+Linux version 4.13.0-rc2-185369-g520eccd (jonathanh@sellafield) (gcc version 4.9.2 20140904 (prerelease) (crosstool-NG linaro-1.13.1-4.9-2014.09 - Linaro GCC 4.9-2014.09)) #1 SMP PREEMPT Sun Jul 23 19:08:06 PDT 2017
 Boot CPU: AArch64 Processor [411fd071]
 Machine model: NVIDIA Tegra210 P2371 (P2530/P2595) reference design
 debug: ignoring loglevel setting.
@@ -175,15 +175,15 @@
 Kernel command line: ignore_loglevel console=ttyS0,115200n8 earlycon=uart8250,mmio32,0x70006000 rw root=PARTUUID=00000000-0001-0000-788f-a75600000000 rootwait debug earlyprintk init=/bin/bash
 PID hash table entries: 4096 (order: 3, 32768 bytes)
 software IO TLB [mem 0xfa000000-0xfe000000] (64MB) mapped at [ffff80007a000000-ffff80007dffffff]
-Memory: 2982856K/3131392K available (9084K kernel code, 1116K rwdata, 4412K rodata, 1088K init, 403K bss, 132152K reserved, 16384K cma-reserved)
+Memory: 2982856K/3131392K available (9084K kernel code, 1118K rwdata, 4412K rodata, 1088K init, 401K bss, 132152K reserved, 16384K cma-reserved)
 Virtual kernel memory layout:
     modules : 0xffff000000000000 - 0xffff000008000000   (   128 MB)
     vmalloc : 0xffff000008000000 - 0xffff7dffbfff0000   (129022 GB)
       .text : 0xffff000008080000 - 0xffff000008960000   (  9088 KB)
     .rodata : 0xffff000008960000 - 0xffff000008dc0000   (  4480 KB)
       .init : 0xffff000008dc0000 - 0xffff000008ed0000   (  1088 KB)
-      .data : 0xffff000008ed0000 - 0xffff000008fe7200   (  1117 KB)
-       .bss : 0xffff000008fe7200 - 0xffff00000904c070   (   404 KB)
+      .data : 0xffff000008ed0000 - 0xffff000008fe7a00   (  1119 KB)
+       .bss : 0xffff000008fe7a00 - 0xffff00000904c070   (   402 KB)
     fixed   : 0xffff7dfffe7fd000 - 0xffff7dfffec00000   (  4108 KB)
     PCI I/O : 0xffff7dfffee00000 - 0xffff7dffffe00000   (    16 MB)
     vmemmap : 0xffff7e0000000000 - 0xffff800000000000   (  2048 GB maximum)
Diff for ./tegra210-smaug/tegra210-smaug/defconfig_log.txt
--- /tmp/fooa	2017-07-23 19:11:19.873372091 -0700
+++ /tmp/foob	2017-07-23 19:11:19.877372104 -0700
@@ -1,8 +1,4 @@
-57 PDT 2017
-Boot CPU: AArch64 Processor [411fd071]
-Machine model: Google Pixel C
-efi: Getting EFI parameters from FDT:
-efi: UEFI not found.
+00] efi: UEFI not found.
 cma: Reserved 16 MiB at 0x00000000f5400000
 earlycon: uart0 at MMIO 0x0000000070006000 (options '115200n8')
 bootconsole [uart0] enabled
@@ -33,15 +29,15 @@
 Kernel command line: cros_secure vpr=0x08000000@0xf6800000 earlycon
 PID hash table entries: 4096 (order: 3, 32768 bytes)
 software IO TLB [mem 0xf1400000-0xf5400000] (64MB) mapped at [ffff800071400000-ffff8000753fffff]
-Memory: 2838124K/2988032K available (9084K kernel code, 1116K rwdata, 4412K rodata, 1088K init, 403K bss, 133524K reserved, 16384K cma-reserved)
+Memory: 2838120K/2988032K available (9084K kernel code, 1118K rwdata, 4412K rodata, 1088K init, 401K bss, 133528K reserved, 16384K cma-reserved)
 Virtual kernel memory layout:
     modules : 0xffff000000000000 - 0xffff000008000000   (   128 MB)
     vmalloc : 0xffff000008000000 - 0xffff7dffbfff0000   (129022 GB)
       .text : 0xffff000008080000 - 0xffff000008960000   (  9088 KB)
     .rodata : 0xffff000008960000 - 0xffff000008dc0000   (  4480 KB)
       .init : 0xffff000008dc0000 - 0xffff000008ed0000   (  1088 KB)
-      .data : 0xffff000008ed0000 - 0xffff000008fe7200   (  1117 KB)
-       .bss : 0xffff000008fe7200 - 0xffff00000904c070   (   404 KB)
+      .data : 0xffff000008ed0000 - 0xffff000008fe7a00   (  1119 KB)
+       .bss : 0xffff000008fe7a00 - 0xffff00000904c070   (   402 KB)
     fixed   : 0xffff7dfffe7fd000 - 0xffff7dfffec00000   (  4108 KB)
     PCI I/O : 0xffff7dfffee00000 - 0xffff7dffffe00000   (    16 MB)
     vmemmap : 0xffff7e0000000000 - 0xffff800000000000   (  2048 GB maximum)
@@ -78,7 +74,7 @@
 console [tty0] enabled
 bootconsole [uart0] disabled
 Booting Linux on physical CPU 0x0
-Linux version 4.13.0-rc1-184950-g5771a8c (jonathanh@sellafield) (gcc version 4.9.2 20140904 (prerelease) (crosstool-NG linaro-1.13.1-4.9-2014.09 - Linaro GCC 4.9-2014.09)) #1 SMP PREEMPT Mon Jul 17 13:09:57 PDT 2017
+Linux version 4.13.0-rc2-185369-g520eccd (jonathanh@sellafield) (gcc version 4.9.2 20140904 (prerelease) (crosstool-NG linaro-1.13.1-4.9-2014.09 - Linaro GCC 4.9-2014.09)) #1 SMP PREEMPT Sun Jul 23 19:08:06 PDT 2017
 Boot CPU: AArch64 Processor [411fd071]
 Machine model: Google Pixel C
 efi: Getting EFI parameters from FDT:
@@ -113,15 +109,15 @@
 Kernel command line: cros_secure vpr=0x08000000@0xf6800000 earlycon
 PID hash table entries: 4096 (order: 3, 32768 bytes)
 software IO TLB [mem 0xf1400000-0xf5400000] (64MB) mapped at [ffff800071400000-ffff8000753fffff]
-Memory: 2838124K/2988032K available (9084K kernel code, 1116K rwdata, 4412K rodata, 1088K init, 403K bss, 133524K reserved, 16384K cma-reserved)
+Memory: 2838120K/2988032K available (9084K kernel code, 1118K rwdata, 4412K rodata, 1088K init, 401K bss, 133528K reserved, 16384K cma-reserved)
 Virtual kernel memory layout:
     modules : 0xffff000000000000 - 0xffff000008000000   (   128 MB)
     vmalloc : 0xffff000008000000 - 0xffff7dffbfff0000   (129022 GB)
       .text : 0xffff000008080000 - 0xffff000008960000   (  9088 KB)
     .rodata : 0xffff000008960000 - 0xffff000008dc0000   (  4480 KB)
       .init : 0xffff000008dc0000 - 0xffff000008ed0000   (  1088 KB)
-      .data : 0xffff000008ed0000 - 0xffff000008fe7200   (  1117 KB)
-       .bss : 0xffff000008fe7200 - 0xffff00000904c070   (   404 KB)
+      .data : 0xffff000008ed0000 - 0xffff000008fe7a00   (  1119 KB)
+       .bss : 0xffff000008fe7a00 - 0xffff00000904c070   (   402 KB)
     fixed   : 0xffff7dfffe7fd000 - 0xffff7dfffec00000   (  4108 KB)
     PCI I/O : 0xffff7dfffee00000 - 0xffff7dffffe00000   (    16 MB)
     vmemmap : 0xffff7e0000000000 - 0xffff800000000000   (  2048 GB maximum)
@@ -230,7 +226,7 @@
 RPC: Registered tcp transport module.
 RPC: Registered tcp NFSv4.1 backchannel transport module.
 Unpacking initramfs...
-Freeing initrd memory: 1280K
+Freeing initrd memory: 1284K
 kvm [1]: 8-bit VMID
 kvm [1]: IDMAP page: 80949000
 kvm [1]: HYP VA range: 800000000000:ffffffffffff
@@ -345,7 +341,7 @@
 mmcblk0boot1: mmc0:0001 BGND3R partition 2 4.00 MiB
 mmcblk0rpmb: mmc0:0001 BGND3R partition 3 4.00 MiB
  mmcblk0: p1 p2 p3 p4 p5 p6 p7 p8 p9 p10 p11
-max77686-rtc max77620-rtc: setting system clock to 2001-04-28 01:35:02 UTC (988421702)
+max77686-rtc max77620-rtc: setting system clock to 2001-05-04 07:33:19 UTC (988961599)
 PP1200_AVDD: disabling
 PP1200_RCAM: disabling
 PP2800L_RCAM: disabling
@@ -356,8 +352,8 @@
 PP1800_CAM: disabling
 ALSA device list:
   No soundcards found.
-Freeing unused kernel memory: 1088K
 tegra-i2c 7000d100.i2c: could not find pctldev for node /host1x@50000000/dpaux@545c0000/pinmux-i2c, deferring probe
+Freeing unused kernel memory: 1088K
 
 System initialization...
 
Diff for ./tegra30-beaver/tegra30-beaver/multi_v7_defconfig_log.txt
--- /tmp/fooa	2017-07-23 19:11:19.889372145 -0700
+++ /tmp/foob	2017-07-23 19:11:19.889372145 -0700
@@ -40,20 +40,20 @@
 	 #################################################################
 	 #################################################################
 	 ###########################
-	 3.2 MiB/s
+	 2.9 MiB/s
 done
-Bytes transferred = 8019864 (7a5f98 hex)
+Bytes transferred = 8020528 (7a6230 hex)
 Tegra30 (Beaver) # tftpboot 0x82000000 tegra30-beaver.dtb
 Using asx0 device
 TFTP from server 192.168.100.1; our IP address is 192.168.100.101
 Filename 'tegra30-beaver.dtb'.
 Load address: 0x82000000
 Loading: *####
-	 2.7 MiB/s
+	 2.9 MiB/s
 done
 Bytes transferred = 51848 (ca88 hex)
 Tegra30 (Beaver) # bootz 0x81000000 - 0x82000000
-Kernel image @ 0x81000000 [ 0x000000 - 0x7a5f98 ]
+Kernel image @ 0x81000000 [ 0x000000 - 0x7a6230 ]
 ## Flattened Device Tree blob at 82000000
    Booting using the fdt blob at 0x82000000
    Loading Device Tree to 8fff0000, end 8ffffa87 ... OK
@@ -61,7 +61,7 @@
 Starting kernel ...
 
 Booting Linux on physical CPU 0x0
-Linux version 4.13.0-rc1-184950-g5771a8c (jonathanh@sellafield) (gcc version 4.7.3 20130328 (prerelease) (crosstool-NG linaro-1.13.1-4.7-2013.04-20130415 - Linaro GCC 2013.04)) #1 SMP Mon Jul 17 13:06:57 PDT 2017
+Linux version 4.13.0-rc2-185369-g520eccd (jonathanh@sellafield) (gcc version 4.7.3 20130328 (prerelease) (crosstool-NG linaro-1.13.1-4.7-2013.04-20130415 - Linaro GCC 2013.04)) #1 SMP Sun Jul 23 19:05:08 PDT 2017
 CPU: ARMv7 Processor [412fc099] revision 9 (ARMv7), cr=10c5387d
 CPU: PIPT / VIPT nonaliasing data cache, VIPT aliasing instruction cache
 OF: fdt: Machine model: NVIDIA Tegra30 Beaver evaluation board
@@ -71,7 +71,7 @@
 efi: UEFI not found.
 cma: Reserved 64 MiB at 0xfb800000
 On node 0 totalpages: 524032
-free_area_init_node: node 0, pgdat c157f140, node_mem_map eeff8000
+free_area_init_node: node 0, pgdat c157f1c0, node_mem_map eeff8000
   DMA zone: 1536 pages used for memmap
   DMA zone: 0 pages reserved
   DMA zone: 196608 pages, LIFO batch:31
@@ -94,8 +94,8 @@
     modules : 0xbf000000 - 0xbfe00000   (  14 MB)
       .text : 0xc0208000 - 0xc0d00000   (11232 kB)
       .init : 0xc1200000 - 0xc1400000   (2048 kB)
-      .data : 0xc1400000 - 0xc1586f28   (1564 kB)
-       .bss : 0xc158fcbc - 0xc15f46fc   ( 403 kB)
+      .data : 0xc1400000 - 0xc1586fa8   (1564 kB)
+       .bss : 0xc158fcb0 - 0xc15f46fc   ( 403 kB)
 SLUB: HWalign=64, Order=0-3, MinObjects=0, CPUs=4, Nodes=1
 Hierarchical RCU implementation.
 	RCU event tracing is enabled.
@@ -306,24 +306,24 @@
 Registering SWP/SWPB emulation handler
 vdd_ddr: supplied by vdd_5v_in
 vdd_5v_sata: supplied by vdd_5v_in
+usb1_vbus: supplied by vdd_5v_in
+usb3_vbus: supplied by vdd_5v_in
+sys_3v3,vdd_3v3_alw: supplied by vdd_5v_in
+sys_3v3_pexs: supplied by sys_3v3,vdd_3v3_alw
++VDD_5V_HDMI: supplied by sys_3v3,vdd_3v3_alw
+tegra-pcie 3000.pcie: 2x3 configuration
 mmc1: new high speed MMC card at address 0001
 mmcblk1: mmc1:0001 SEM16G 14.8 GiB 
 mmcblk1boot0: mmc1:0001 SEM16G partition 1 1.00 MiB
+tegra-pcie 3000.pcie: probing port 0, using 2 lanes
 mmcblk1boot1: mmc1:0001 SEM16G partition 2 1.00 MiB
 mmcblk1rpmb: mmc1:0001 SEM16G partition 3 128 KiB
 Primary GPT is invalid, using alternate GPT.
  mmcblk1: p1 p2 p3 p4 p5
 mmc0: new ultra high speed DDR50 SDHC card at address aaaa
 mmcblk0: mmc0:aaaa SS04G 3.69 GiB 
-usb1_vbus: supplied by vdd_5v_in
-usb3_vbus: supplied by vdd_5v_in
- mmcblk0: p1 p2 p3
-sys_3v3,vdd_3v3_alw: supplied by vdd_5v_in
-sys_3v3_pexs: supplied by sys_3v3,vdd_3v3_alw
-+VDD_5V_HDMI: supplied by sys_3v3,vdd_3v3_alw
-tegra-pcie 3000.pcie: 2x3 configuration
-tegra-pcie 3000.pcie: probing port 0, using 2 lanes
 tegra-pcie 3000.pcie: probing port 2, using 2 lanes
+ mmcblk0: p1 p2 p3
 tegra-pcie 3000.pcie: link 2 down, retrying
 tegra-pcie 3000.pcie: link 2 down, retrying
 tegra-pcie 3000.pcie: link 2 down, retrying
@@ -395,5 +395,5 @@
 Freeing unused kernel memory: 2048K
 bash: cannot set terminal process group (-1): Inappropriate ioctl for device
 bash: no job control in this shell
-root@(none):/# [    4.124073] usb 2-1: new high-speed USB device number 2 using tegra-ehci
+root@(none):/# [    4.063693] usb 2-1: new high-speed USB device number 2 using tegra-ehci
 asix 2-1:1.0 eth1: register 'asix' at usb-7d008000.usb-1, ASIX AX88772 USB 2.0 Ethernet, 00:50:b6:0f:67:60
Diff for ./tegra30-beaver/tegra30-beaver/tegra_defconfig_log.txt
--- /tmp/fooa	2017-07-23 19:11:19.897372173 -0700
+++ /tmp/foob	2017-07-23 19:11:19.901372186 -0700
@@ -38,20 +38,20 @@
 	 #################################################################
 	 #################################################################
 	 ##############################
-	 3.1 MiB/s
+	 2.9 MiB/s
 done
-Bytes transferred = 6151688 (5dde08 hex)
+Bytes transferred = 6152192 (5de000 hex)
 Tegra30 (Beaver) # tftpboot 0x82000000 tegra30-beaver.dtb
 Using asx0 device
 TFTP from server 192.168.100.1; our IP address is 192.168.100.101
 Filename 'tegra30-beaver.dtb'.
 Load address: 0x82000000
 Loading: *####
-	 2.7 MiB/s
+	 2.6 MiB/s
 done
 Bytes transferred = 51848 (ca88 hex)
 Tegra30 (Beaver) # bootz 0x81000000 - 0x82000000
-Kernel image @ 0x81000000 [ 0x000000 - 0x5dde08 ]
+Kernel image @ 0x81000000 [ 0x000000 - 0x5de000 ]
 ## Flattened Device Tree blob at 82000000
    Booting using the fdt blob at 0x82000000
    Loading Device Tree to 8fff0000, end 8ffffa87 ... OK
@@ -60,7 +60,7 @@
 
 Uncompressing Linux... done, booting the kernel.
 Booting Linux on physical CPU 0x0
-Linux version 4.13.0-rc1-184950-g5771a8c (jonathanh@kaivo) (gcc version 4.7.3 20130328 (prerelease) (crosstool-NG linaro-1.13.1-4.7-2013.04-20130415 - Linaro GCC 2013.04)) #1 SMP PREEMPT Mon Jul 17 13:07:43 PDT 2017
+Linux version 4.13.0-rc2-185369-g520eccd (jonathanh@kaivo) (gcc version 4.7.3 20130328 (prerelease) (crosstool-NG linaro-1.13.1-4.7-2013.04-20130415 - Linaro GCC 2013.04)) #1 SMP PREEMPT Sun Jul 23 19:05:11 PDT 2017
 CPU: ARMv7 Processor [412fc099] revision 9 (ARMv7), cr=10c5387d
 CPU: PIPT / VIPT nonaliasing data cache, VIPT aliasing instruction cache
 OF: fdt: Machine model: NVIDIA Tegra30 Beaver evaluation board
@@ -69,7 +69,7 @@
 Memory policy: Data cache writealloc
 cma: Reserved 64 MiB at 0xfbc00000
 On node 0 totalpages: 524032
-free_area_init_node: node 0, pgdat c0eafd40, node_mem_map eeff7000
+free_area_init_node: node 0, pgdat c0eafdc0, node_mem_map eeff7000
   Normal zone: 1536 pages used for memmap
   Normal zone: 0 pages reserved
   Normal zone: 196608 pages, LIFO batch:31
@@ -92,8 +92,8 @@
     modules : 0xbf000000 - 0xbfe00000   (  14 MB)
       .text : 0xc0008000 - 0xc0a00000   (10208 kB)
       .init : 0xc0d00000 - 0xc0e00000   (1024 kB)
-      .data : 0xc0e00000 - 0xc0eba548   ( 746 kB)
-       .bss : 0xc0ec4610 - 0xc0f0f3fc   ( 300 kB)
+      .data : 0xc0e00000 - 0xc0eba5c8   ( 746 kB)
+       .bss : 0xc0ec4604 - 0xc0f0f3fc   ( 300 kB)
 Preemptible hierarchical RCU implementation.
 NR_IRQS: 16, nr_irqs: 16, preallocated irqs: 16
 /interrupt-controller@60004000: 160 interrupts forwarded to /interrupt-controller@50041000
@@ -388,4 +388,4 @@
 Freeing unused kernel memory: 1024K
 bash: cannot set terminal process group (-1): Inappropriate ioctl for device
 bash: no job control in this shell
-root@(none):/# [    4.350532] usb 2-1: new high-speed USB device number 2 using tegra-ehci
+root@(none):/# [    4.350445] usb 2-1: new high-speed USB device number 2 using tegra-ehci
