
U-Boot SPL 2015.04-rc3-00209-ga74ef40 (Mar 16 2015 - 14:43:39)


U-Boot 2015.04-rc3-00209-ga74ef40 (Mar 16 2015 - 14:43:39)

TEGRA20
Model: Compulab TrimSlice board
DRAM:  1 GiB
MMC:   Tegra SD/MMC: 0, Tegra SD/MMC: 1
SF: Detected W25Q80BL with page size 256 Bytes, erase size 4 KiB, total 1 MiB
tegra-pcie: PCI regions:
tegra-pcie:   I/O: 0x82000000-0x82010000
tegra-pcie:   non-prefetchable memory: 0xa0000000-0xa8000000
tegra-pcie:   prefetchable memory: 0xa8000000-0xc0000000
tegra-pcie: dual-mode configuration
tegra-pcie: probing port 0, using 2 lanes
In:    serial
Out:   serial
Err:   serial
Net:   RTL8169#0
Hit any key to stop autoboot:  2  0 
Tegra20 (TrimSlice) # 
Tegra20 (TrimSlice) # usb reset
resetting USB...
USB0:   USB EHCI 1.00
scanning bus 0 for devices... 3 USB Device(s) found
USB1:   USB EHCI 1.00
scanning bus 1 for devices... 1 USB Device(s) found
USB2:   lowlevel init failed
       scanning usb for storage devices... 0 Storage Device(s) found
       scanning usb for ethernet devices... 
Warning: asx0 using MAC address from net device
1 Ethernet Device(s) found
Tegra20 (TrimSlice) # setenv bootargs 'ignore_loglevel console=ttyS0,115200n8 rw root=PARTUUID=11eb23c1-01 rootwait gpt debug noinitrd earlyprintk init=/bin/bash'
Tegra20 (TrimSlice) # setenv ipaddr 192.168.100.103; setenv serverip 192.168.100.1; setenv tftpserverip 192.168.100.1
Tegra20 (TrimSlice) # tftpboot 0x00408000 zImage.multi_v7_defconfig
Using RTL8169#0 device
TFTP from server 192.168.100.1; our IP address is 192.168.100.103
Filename 'zImage.multi_v7_defconfig'.
Load address: 0x408000
Loading: *#################################################################
	 #################################################################
	 #################################################################
	 #################################################################
	 #################################################################
	 #################################################################
	 #################################################################
	 #################################################################
	 ####################################
	 4.1 MiB/s
done
Bytes transferred = 8159752 (7c8208 hex)
Tegra20 (TrimSlice) # tftpboot 0x02408000 tegra20-trimslice.dtb
Using RTL8169#0 device
TFTP from server 192.168.100.1; our IP address is 192.168.100.103
Filename 'tegra20-trimslice.dtb'.
Load address: 0x2408000
Loading: *##
	 3.4 MiB/s
done
Bytes transferred = 21454 (53ce hex)
Tegra20 (TrimSlice) # bootz 0x00408000 - 0x02408000
Kernel image @ 0x408000 [ 0x000000 - 0x7c8200 ]
## Flattened Device Tree blob at 02408000
   Booting using the fdt blob at 0x2408000
   Using Device Tree in place at 02408000, end 024103cd

Starting kernel ...

[    0.000000] Booting Linux on physical CPU 0x0
[    0.000000] Linux version 4.14.0-rc5-200827-g33d930e (jonathanh@sellafield) (gcc version 4.7.3 20130328 (prerelease) (crosstool-NG linaro-1.13.1-4.7-2013.04-20130415 - Linaro GCC 2013.04)) #1 SMP Sun Oct 15 18:35:51 PDT 2017
[    0.000000] CPU: ARMv7 Processor [411fc090] revision 0 (ARMv7), cr=10c5387d
[    0.000000] CPU: PIPT / VIPT nonaliasing data cache, VIPT aliasing instruction cache
[    0.000000] OF: fdt: Machine model: Compulab TrimSlice board
[    0.000000] debug: ignoring loglevel setting.
[    0.000000] Memory policy: Data cache writealloc
[    0.000000] efi: Getting EFI parameters from FDT:
[    0.000000] efi: UEFI not found.
[    0.000000] cma: Reserved 64 MiB at 0x3c000000
[    0.000000] On node 0 totalpages: 262144
[    0.000000] free_area_init_node: node 0, pgdat c158fa40, node_mem_map ef7f8000
[    0.000000]   DMA zone: 1536 pages used for memmap
[    0.000000]   DMA zone: 0 pages reserved
[    0.000000]   DMA zone: 196608 pages, LIFO batch:31
[    0.000000]   HighMem zone: 65536 pages, LIFO batch:15
[    0.000000] random: fast init done
[    0.000000] percpu: Embedded 17 pages/cpu @ef7c4000 s39424 r8192 d22016 u69632
[    0.000000] pcpu-alloc: s39424 r8192 d22016 u69632 alloc=17*4096
[    0.000000] pcpu-alloc: [0] 0 [0] 1 
[    0.000000] Built 1 zonelists, mobility grouping on.  Total pages: 260608
[    0.000000] Kernel command line: ignore_loglevel console=ttyS0,115200n8 rw root=PARTUUID=11eb23c1-01 rootwait gpt debug noinitrd earlyprintk init=/bin/bash
[    0.000000] PID hash table entries: 4096 (order: 2, 16384 bytes)
[    0.000000] Dentry cache hash table entries: 131072 (order: 7, 524288 bytes)
[    0.000000] Inode-cache hash table entries: 65536 (order: 6, 262144 bytes)
[    0.000000] Memory: 954308K/1048576K available (10240K kernel code, 1631K rwdata, 4504K rodata, 2048K init, 406K bss, 28732K reserved, 65536K cma-reserved, 196608K highmem)
[    0.000000] Virtual kernel memory layout:
[    0.000000]     vector  : 0xffff0000 - 0xffff1000   (   4 kB)
[    0.000000]     fixmap  : 0xffc00000 - 0xfff00000   (3072 kB)
[    0.000000]     vmalloc : 0xf0800000 - 0xff800000   ( 240 MB)
[    0.000000]     lowmem  : 0xc0000000 - 0xf0000000   ( 768 MB)
[    0.000000]     pkmap   : 0xbfe00000 - 0xc0000000   (   2 MB)
[    0.000000]     modules : 0xbf000000 - 0xbfe00000   (  14 MB)
[    0.000000]       .text : 0xc0208000 - 0xc0d00000   (11232 kB)
[    0.000000]       .init : 0xc1200000 - 0xc1400000   (2048 kB)
[    0.000000]       .data : 0xc1400000 - 0xc1597ee8   (1632 kB)
[    0.000000]        .bss : 0xc15a0b90 - 0xc16064bc   ( 407 kB)
[    0.000000] SLUB: HWalign=64, Order=0-3, MinObjects=0, CPUs=2, Nodes=1
[    0.000000] Hierarchical RCU implementation.
[    0.000000] 	RCU event tracing is enabled.
[    0.000000] 	RCU restricting CPUs from NR_CPUS=16 to nr_cpu_ids=2.
[    0.000000] RCU: Adjusting geometry for rcu_fanout_leaf=16, nr_cpu_ids=2
[    0.000000] NR_IRQS: 16, nr_irqs: 16, preallocated irqs: 16
[    0.000000] /interrupt-controller@60004000: 128 interrupts forwarded to /interrupt-controller@50041000
[    0.000000] L2C: platform modifies aux control register: 0x02080000 -> 0x3e480001
[    0.000000] L2C: DT/platform modifies aux control register: 0x02080000 -> 0x3e480001
[    0.000000] L2C-310 errata 727915 769419 enabled
[    0.000000] L2C-310 enabling early BRESP for Cortex-A9
[    0.000000] L2C-310: enabling full line of zeros but not enabled in Cortex-A9
[    0.000000] L2C-310 ID prefetch enabled, offset 1 lines
[    0.000000] L2C-310 cache controller enabled, 8 ways, 1024 kB
[    0.000000] L2C-310: CACHE_ID 0x410000c4, AUX_CTRL 0x7e480001
[    0.000010] sched_clock: 32 bits at 1000kHz, resolution 1000ns, wraps every 2147483647500ns
[    0.000026] clocksource: timer_us: mask: 0xffffffff max_cycles: 0xffffffff, max_idle_ns: 1911260446275 ns
[    0.000037] Switching to timer-based delay loop, resolution 1000ns
[    0.001675] Console: colour dummy device 80x30
[    0.001704] Calibrating delay loop (skipped), value calculated using timer frequency.. 2.00 BogoMIPS (lpj=10000)
[    0.001716] pid_max: default: 32768 minimum: 301
[    0.001805] Mount-cache hash table entries: 2048 (order: 1, 8192 bytes)
[    0.001817] Mountpoint-cache hash table entries: 2048 (order: 1, 8192 bytes)
[    0.002252] CPU: Testing write buffer coherency: ok
[    0.002458] CPU0: thread -1, cpu 0, socket 0, mpidr 80000000
[    0.002691] Setting up static identity map for 0x300000 - 0x3000a0
[    0.003323] Hierarchical SRCU implementation.
[    0.004162] Tegra Revision: A03 prime SKU: 8 CPU Process: 1 SoC Process: 2
[    0.004608] EFI services will not be available.
[    0.004698] smp: Bringing up secondary CPUs ...
[    0.005217] CPU1: thread -1, cpu 1, socket 0, mpidr 80000001
[    0.005300] smp: Brought up 1 node, 2 CPUs
[    0.005311] SMP: Total of 2 processors activated (4.00 BogoMIPS).
[    0.005316] CPU: All CPU(s) started in SVC mode.
[    0.005965] devtmpfs: initialized
[    0.009614] VFP support v0.3: implementor 41 architecture 3 part 30 variant 9 rev 1
[    0.009824] clocksource: jiffies: mask: 0xffffffff max_cycles: 0xffffffff, max_idle_ns: 19112604462750000 ns
[    0.009838] futex hash table entries: 512 (order: 3, 32768 bytes)
[    0.012863] pinctrl core: initialized pinctrl subsystem
[    0.013779] DMI not present or invalid.
[    0.014010] NET: Registered protocol family 16
[    0.016305] DMA: preallocated 256 KiB pool for atomic coherent allocations
[    0.017600] cpuidle: using governor menu
[    0.032981] No ATAGs?
[    0.033046] hw-breakpoint: found 5 (+1 reserved) breakpoint and 1 watchpoint registers.
[    0.033057] hw-breakpoint: maximum watchpoint size is 4 bytes.
[    0.037717] Serial: AMBA PL011 UART driver
[    0.047869] AT91: Could not find identification node
[    0.048371] usb1_vbus: Failed to request enable GPIO170: -517
[    0.048387] reg-fixed-voltage regulators:regulator@2: Failed to register regulator: -517
[    0.051820] vgaarb: loaded
[    0.052358] SCSI subsystem initialized
[    0.052487] libata version 3.00 loaded.
[    0.052669] usbcore: registered new interface driver usbfs
[    0.052707] usbcore: registered new interface driver hub
[    0.052753] usbcore: registered new device driver usb
[    0.054712] pps_core: LinuxPPS API ver. 1 registered
[    0.054720] pps_core: Software ver. 5.3.6 - Copyright 2005-2007 Rodolfo Giometti <giometti@linux.it>
[    0.054736] PTP clock support registered
[    0.054880] EDAC MC: Ver: 3.0.0
[    0.055123] dmi: Firmware registration failed.
[    0.056528] clocksource: Switched to clocksource timer_us
[    0.094920] NET: Registered protocol family 2
[    0.095358] TCP established hash table entries: 8192 (order: 3, 32768 bytes)
[    0.095428] TCP bind hash table entries: 8192 (order: 4, 65536 bytes)
[    0.095542] TCP: Hash tables configured (established 8192 bind 8192)
[    0.095625] UDP hash table entries: 512 (order: 2, 16384 bytes)
[    0.095676] UDP-Lite hash table entries: 512 (order: 2, 16384 bytes)
[    0.095834] NET: Registered protocol family 1
[    0.096131] RPC: Registered named UNIX socket transport module.
[    0.096138] RPC: Registered udp transport module.
[    0.096144] RPC: Registered tcp transport module.
[    0.096148] RPC: Registered tcp NFSv4.1 backchannel transport module.
[    0.096157] PCI: CLS 0 bytes, default 64
[    0.097008] hw perfevents: no interrupt-affinity property for /pmu, guessing.
[    0.097173] hw perfevents: enabled with armv7_cortex_a9 PMU driver, 7 counters available
[    0.098300] workingset: timestamp_bits=30 max_order=18 bucket_order=0
[    0.102557] squashfs: version 4.0 (2009/01/31) Phillip Lougher
[    0.103019] NFS: Registering the id_resolver key type
[    0.103045] Key type id_resolver registered
[    0.103051] Key type id_legacy registered
[    0.103082] ntfs: driver 2.1.32 [Flags: R/O].
[    0.104193] bounce: pool size: 64 pages
[    0.104233] Block layer SCSI generic (bsg) driver version 0.4 loaded (major 248)
[    0.104241] io scheduler noop registered
[    0.104247] io scheduler deadline registered
[    0.104422] io scheduler cfq registered (default)
[    0.104429] io scheduler mq-deadline registered
[    0.104435] io scheduler kyber registered
[    0.115840] tegra-pcie 80003000.pcie: dual-mode configuration
[    0.116572] tegra-pcie 80003000.pcie: probing port 0, using 2 lanes
[    0.198656] tegra-pcie 80003000.pcie: PCI host bridge to bus 0000:00
[    0.198668] pci_bus 0000:00: root bus resource [io  0x0000-0xffff]
[    0.198677] pci_bus 0000:00: root bus resource [mem 0xa0000000-0xa7ffffff]
[    0.198685] pci_bus 0000:00: root bus resource [mem 0xa8000000-0xbfffffff pref]
[    0.198693] pci_bus 0000:00: root bus resource [bus 00-ff]
[    0.198722] pci 0000:00:01.0: [10de:0bf0] type 01 class 0x060000
[    0.198741] pci_bus 0000:00: 2-byte config write to 0000:00:01.0 offset 0x4 may corrupt adjacent RW1C bits
[    0.198752] pci_bus 0000:00: 2-byte config write to 0000:00:01.0 offset 0x4 may corrupt adjacent RW1C bits
[    0.198771] pci 0000:00:01.0: enabling Extended Tags
[    0.198781] pci_bus 0000:00: 2-byte config write to 0000:00:01.0 offset 0x88 may corrupt adjacent RW1C bits
[    0.198806] pci_bus 0000:00: 2-byte config write to 0000:00:01.0 offset 0x52 may corrupt adjacent RW1C bits
[    0.198830] pci 0000:00:01.0: PME# supported from D0 D1 D2 D3hot D3cold
[    0.198841] pci_bus 0000:00: 2-byte config write to 0000:00:01.0 offset 0x4c may corrupt adjacent RW1C bits
[    0.198993] pci_bus 0000:00: 2-byte config write to 0000:00:01.0 offset 0x3e may corrupt adjacent RW1C bits
[    0.199005] pci_bus 0000:00: 2-byte config write to 0000:00:01.0 offset 0x4 may corrupt adjacent RW1C bits
[    0.199015] pci_bus 0000:00: 1-byte config write to 0000:00:01.0 offset 0xc may corrupt adjacent RW1C bits
[    0.199022] PCI: bus0: Fast back to back transfers disabled
[    0.199032] pci 0000:00:01.0: bridge configuration invalid ([bus 00-00]), reconfiguring
[    0.199041] pci_bus 0000:00: 2-byte config write to 0000:00:01.0 offset 0x3e may corrupt adjacent RW1C bits
[    0.199052] pci_bus 0000:00: 2-byte config write to 0000:00:01.0 offset 0x3e may corrupt adjacent RW1C bits
[    0.199160] pci 0000:01:00.0: [10ec:8168] type 00 class 0x020000
[    0.199194] pci 0000:01:00.0: reg 0x10: [io  0x0000-0x00ff]
[    0.199218] pci 0000:01:00.0: reg 0x18: [mem 0x00000000-0x00000fff 64bit pref]
[    0.199237] pci 0000:01:00.0: reg 0x20: [mem 0x00000000-0x00003fff 64bit pref]
[    0.199250] pci 0000:01:00.0: reg 0x30: [mem 0x00000000-0x0001ffff pref]
[    0.199324] pci 0000:01:00.0: supports D1 D2
[    0.199332] pci 0000:01:00.0: PME# supported from D0 D1 D2 D3hot D3cold
[    0.226579] PCI: bus1: Fast back to back transfers disabled
[    0.226592] pci_bus 0000:01: busn_res: [bus 01-ff] end is updated to 01
[    0.226620] pci 0000:00:01.0: BAR 8: assigned [mem 0xa0000000-0xa00fffff]
[    0.226631] pci 0000:00:01.0: BAR 9: assigned [mem 0xa8000000-0xa80fffff 64bit pref]
[    0.226640] pci 0000:00:01.0: BAR 7: assigned [io  0x1000-0x1fff]
[    0.226652] pci 0000:01:00.0: BAR 6: assigned [mem 0xa0000000-0xa001ffff pref]
[    0.226662] pci 0000:01:00.0: BAR 4: assigned [mem 0xa8000000-0xa8003fff 64bit pref]
[    0.226682] pci 0000:01:00.0: BAR 2: assigned [mem 0xa8004000-0xa8004fff 64bit pref]
[    0.226701] pci 0000:01:00.0: BAR 0: assigned [io  0x1000-0x10ff]
[    0.226712] pci 0000:00:01.0: PCI bridge to [bus 01]
[    0.226720] pci 0000:00:01.0:   bridge window [io  0x1000-0x1fff]
[    0.226729] pci 0000:00:01.0:   bridge window [mem 0xa0000000-0xa00fffff]
[    0.226737] pci 0000:00:01.0:   bridge window [mem 0xa8000000-0xa80fffff 64bit pref]
[    0.226760] pci 0000:00:01.0: nv_msi_ht_cap_quirk didn't locate host bridge
[    0.226810] Disabling cpuidle LP2 state, since PCIe IRQs are in use
[    0.226845] pcieport 0000:00:01.0: enabling device (0140 -> 0143)
[    0.227023] pcieport 0000:00:01.0: Signaling PME with IRQ 295
[    0.232873] tegra-apbdma 6000a000.dma: Tegra20 APB DMA driver register 16 channels
[    0.276577] Serial: 8250/16550 driver, 4 ports, IRQ sharing disabled
[    0.278746] console [ttyS0] disabled
[    0.278785] 70006000.serial: ttyS0 at MMIO 0x70006000 (irq = 279, base_baud = 13500000) is a Tegra
[    1.361781] console [ttyS0] enabled
[    1.365845] SuperH (H)SCI(F) driver initialized
[    1.371127] msm_serial: driver initialized
[    1.375345] STMicroelectronics ASC driver initialized
[    1.384687] tegra-hdmi 54280000.hdmi: 54280000.hdmi supply hdmi not found, using dummy regulator
[    1.395743] [drm] Supports vblank timestamp caching Rev 2 (21.10.2013).
[    1.402360] [drm] No driver support for vblank timestamp query.
[    1.408303] [drm] Cannot find any crtc or sizes
[    1.412839] [drm] Initialized tegra 0.0.0 20120330 for drm on minor 0
[    1.420806] [drm] Cannot find any crtc or sizes
[    1.430907] brd: module loaded
[    1.439121] loop: module loaded
[    1.448143] m25p80 spi0.0: found s25fl008k, expected w25q80bl
[    1.453947] m25p80 spi0.0: s25fl008k (1024 Kbytes)
[    1.460654] libphy: Fixed MDIO Bus: probed
[    1.465437] CAN device driver interface
[    1.469941] bgmac_bcma: Broadcom 47xx GBit MAC driver loaded
[    1.476497] e1000e: Intel(R) PRO/1000 Network Driver - 3.2.6-k
[    1.482390] e1000e: Copyright(c) 1999 - 2015 Intel Corporation.
[    1.488355] igb: Intel(R) Gigabit Ethernet Network Driver - version 5.4.0-k
[    1.495299] igb: Copyright (c) 2007-2014 Intel Corporation.
[    1.501431] r8169 Gigabit Ethernet driver 2.3LK-NAPI loaded
[    1.507027] r8169 0000:01:00.0: enabling device (0140 -> 0143)
[    1.513497] r8169 0000:01:00.0 eth0: RTL8168d/8111d at 0xf0a5c000, 00:01:c0:13:7d:63, XID 081000c0 IRQ 296
[    1.523160] r8169 0000:01:00.0 eth0: jumbo features [frames: 9200 bytes, tx checksumming: ko]
[    1.533854] pegasus: v0.9.3 (2013/04/25), Pegasus/Pegasus II USB Ethernet driver
[    1.541302] usbcore: registered new interface driver pegasus
[    1.546998] usbcore: registered new interface driver asix
[    1.552405] usbcore: registered new interface driver ax88179_178a
[    1.558523] usbcore: registered new interface driver cdc_ether
[    1.564377] usbcore: registered new interface driver smsc75xx
[    1.570159] usbcore: registered new interface driver smsc95xx
[    1.575911] usbcore: registered new interface driver net1080
[    1.581594] usbcore: registered new interface driver cdc_subset
[    1.587534] usbcore: registered new interface driver zaurus
[    1.593127] usbcore: registered new interface driver cdc_ncm
[    1.599061] tegra-phy c5004000.usb-phy: no vbus regulator
[    1.605553] tegra-phy c5008000.usb-phy: no vbus regulator
[    1.612269] ehci_hcd: USB 2.0 'Enhanced' Host Controller (EHCI) Driver
[    1.618802] ehci-pci: EHCI PCI platform driver
[    1.623262] ehci-platform: EHCI generic platform driver
[    1.628637] ehci-orion: EHCI orion driver
[    1.632746] SPEAr-ehci: EHCI SPEAr driver
[    1.636859] ehci-st: EHCI STMicroelectronics driver
[    1.641818] ehci-exynos: EHCI EXYNOS driver
[    1.646097] ehci-atmel: EHCI Atmel driver
[    1.650213] tegra-ehci: Tegra EHCI driver
[    1.707735] ulpi_phy_power_on: ulpi write failed
[    1.712343] tegra-ehci c5004000.usb: Failed to power on the phy
[    1.718279] tegra-ehci: probe of c5004000.usb failed with error -110
[    1.727255] tegra-ehci c5008000.usb: EHCI Host Controller
[    1.732661] tegra-ehci c5008000.usb: new USB bus registered, assigned bus number 1
[    1.740395] tegra-ehci c5008000.usb: irq 290, io mem 0xc5008000
[    1.766548] tegra-ehci c5008000.usb: USB 2.0 started, EHCI 1.00
[    1.772980] hub 1-0:1.0: USB hub found
[    1.776764] hub 1-0:1.0: 1 port detected
[    1.780992] ohci_hcd: USB 1.1 'Open' Host Controller (OHCI) Driver
[    1.787184] ohci-pci: OHCI PCI platform driver
[    1.791654] ohci-platform: OHCI generic platform driver
[    1.797049] SPEAr-ohci: OHCI SPEAr driver
[    1.801150] ohci-st: OHCI STMicroelectronics driver
[    1.806110] ohci-atmel: OHCI Atmel driver
[    1.810683] usbcore: registered new interface driver usb-storage
[    1.819673] rtc-em3027 2-0056: rtc core: registered rtc-em3027 as rtc0
[    1.827304] tegra_rtc 7000e000.rtc: rtc core: registered 7000e000.rtc as rtc1
[    1.834456] tegra_rtc 7000e000.rtc: Tegra internal Real Time Clock
[    1.841050] i2c /dev entries driver
[    1.847108] IR NEC protocol handler initialized
[    1.851627] IR RC5(x/sz) protocol handler initialized
[    1.856679] IR RC6 protocol handler initialized
[    1.861194] IR JVC protocol handler initialized
[    1.865709] IR Sony protocol handler initialized
[    1.870321] IR SANYO protocol handler initialized
[    1.875009] IR Sharp protocol handler initialized
[    1.879707] IR MCE Keyboard/mouse protocol handler initialized
[    1.885522] IR XMP protocol handler initialized
[    1.896863] sdhci: Secure Digital Host Controller Interface driver
[    1.903029] sdhci: Copyright(c) Pierre Ossman
[    1.908534] Synopsys Designware Multimedia Card Interface Driver
[    1.915441] sdhci-pltfm: SDHCI platform and OF driver helper
[    1.929869] mmc0: Invalid maximum block size, assuming 512 bytes
[    1.996706] mmc0: SDHCI controller on c8000000.sdhci [c8000000.sdhci] using ADMA
[    2.004590] sdhci-tegra c8000600.sdhci: Got CD GPIO
[    2.009679] sdhci-tegra c8000600.sdhci: Got WP GPIO
[    2.023391] mmc1: Invalid maximum block size, assuming 512 bytes
[    2.087137] mmc1: SDHCI controller on c8000600.sdhci [c8000600.sdhci] using ADMA
[    2.103117] ledtrig-cpu: registered to indicate activity on CPUs
[    2.109419] usbcore: registered new interface driver usbhid
[    2.114977] usbhid: USB HID core driver
[    2.122259] NET: Registered protocol family 10
[    2.129991] Segment Routing with IPv6
[    2.133693] sit: IPv6, IPv4 and MPLS over IPv4 tunneling driver
[    2.140039] NET: Registered protocol family 17
[    2.144477] can: controller area network core (rev 20170425 abi 9)
[    2.150713] NET: Registered protocol family 29
[    2.155145] can: raw protocol (rev 20170425)
[    2.159422] can: broadcast manager protocol (rev 20170425 t)
[    2.165070] can: netlink gateway (rev 20170425) max_hops=1
[    2.170833] Key type dns_resolver registered
[    2.175455] ThumbEE CPU extension supported.
[    2.179745] Registering SWP/SWPB emulation handler
[    2.194037] utmi_phy_clk_enable: timeout waiting for phy to stabilize
[    2.200520] tegra-ehci c5000000.usb: EHCI Host Controller
[    2.205921] tegra-ehci c5000000.usb: new USB bus registered, assigned bus number 2
[    2.206546] usb 1-1: new high-speed USB device number 2 using tegra-ehci
[    2.220370] tegra-ehci c5000000.usb: irq 288, io mem 0xc5000000
[    2.235975] mmc1: new high speed SD card at address b368
[    2.242224] mmcblk1: mmc1:b368 NCard 1.83 GiB (ro)
[    2.250227]  mmcblk1: p1 p2
[    2.376698] tegra-ehci c5000000.usb: USB 2.0 started, EHCI 1.00
[    2.384943] hub 2-0:1.0: USB hub found
[    2.388979] hub 2-0:1.0: 1 port detected
[    2.396188] input: gpio-keys as /devices/soc0/gpio-keys/input/input0
[    2.404465] rtc-em3027 2-0056: hctosys: unable to read the hardware clock
[   2.411650] hub 1-1:1.0: USB hub found
[    2.415407] hub 1-1:1.0: 4 ports detected
[    2.420477] Waiting for root device PARTUUID=11eb23c1-01...
[    2.736682] usb 1-1.2: new high-speed USB device number 3 using tegra-ehci
[    3.274456] mmc0: host does not support reading read-only switch, assuming write-enable
[    3.284399] mmc0: new high speed SDHC card at address b368
[    3.290220] mmcblk0: mmc0:b368 NCard 3.70 GiB 
[    3.296616]  mmcblk0: p1
[    3.360577] asix 1-1.2:1.0 eth1: register 'asix' at usb-c5008000.usb-1.2, ASIX AX88772 USB 2.0 Ethernet, 00:60:6e:60:6c:68
[    3.377263] EXT4-fs (mmcblk0p1): mounting ext3 file system using the ext4 subsystem
[    3.621183] EXT4-fs (mmcblk0p1): recovery complete
[    3.695096] EXT4-fs (mmcblk0p1): mounted filesystem with ordered data mode. Opts: (null)
[    3.703375] VFS: Mounted root (ext3 filesystem) on device 179:17.
[    3.718182] devtmpfs: mounted
[    3.724774] Freeing unused kernel memory: 2048K
bash: cannot set terminal process group (-1): Inappropriate ioctl for device
bash: no job control in this shell
root@(none):/#  
root@(none):/# mount -t sysfs none /sys
root@(none):/# 
root@(none):/# mount -t debugfs none /sys/kernel/debug
root@(none):/# 
root@(none):/# rtcwake -d rtc1 -m mem -s 3
rtcwake: assuming RTC uses UTC ...
rtcwake: wakeup from "mem" using /dev/rtc1 at Thu Jan  1 00:00:32 1970
[   14.229313] PM: suspend entry (deep)
[   14.232915] PM: Syncing filesystems ... done.
[   14.239675] Freezing user space processes ... (elapsed 0.001 seconds) done.
[   14.247806] OOM killer disabled.
[   14.251022] Freezing remaining freezable tasks ... (elapsed 0.001 seconds) done.
[   14.259512] Suspending console(s) (use no_console_suspend to debug)
[   14.302998] pci_generic_config_write32: 43 callbacks suppressed
[   14.303043] pci_bus 0000:00: 2-byte config write to 0000:00:01.0 offset 0x9c may corrupt adjacent RW1C bits
[   14.323244] pci_bus 0000:01: 2-byte config write to 0000:01:00.0 offset 0x44 may corrupt adjacent RW1C bits
[   14.323302] pci_bus 0000:01: 2-byte config write to 0000:01:00.0 offset 0x44 may corrupt adjacent RW1C bits
[   14.347220] Disabling non-boot CPUs ...
[   14.390187] Entering suspend state LP1
[   14.390235] Enabling non-boot CPUs ...
[   14.391939] CPU1 is up
[   14.392725] pci_bus 0000:00: 2-byte config write to 0000:00:01.0 offset 0x4c may corrupt adjacent RW1C bits
[   14.392773] pci_bus 0000:00: 2-byte config write to 0000:00:01.0 offset 0x88 may corrupt adjacent RW1C bits
[   14.392802] pci_bus 0000:00: 2-byte config write to 0000:00:01.0 offset 0x90 may corrupt adjacent RW1C bits
[   14.392830] pci_bus 0000:00: 2-byte config write to 0000:00:01.0 offset 0x98 may corrupt adjacent RW1C bits
[   14.392857] pci_bus 0000:00: 2-byte config write to 0000:00:01.0 offset 0x9c may corrupt adjacent RW1C bits
[   14.392938] pci_bus 0000:00: 2-byte config write to 0000:00:01.0 offset 0x52 may corrupt adjacent RW1C bits
[   14.392970] pci_bus 0000:00: 2-byte config write to 0000:00:01.0 offset 0x52 may corrupt adjacent RW1C bits
[   14.393048] pcieport 0000:00:01.0: nv_msi_ht_cap_quirk didn't locate host bridge
[   15.093392] OOM killer enabled.
[   15.096541] Restarting tasks ... done.
[   15.100548] PM: suspend exit
root@(none):/# 
root@(none):/# rtcwake -d rtc1 -m mem -s 3
rtcwake: assuming RTC uses UTC ...
rtcwake: wakeup from "mem" using /dev/rtc1 at Thu Jan  1 00:00:37 1970
[   15.977619] PM: suspend entry (deep)
[   15.981220] PM: Syncing filesystems ... done.
[   15.987184] Freezing user space processes ... (elapsed 0.001 seconds) done.
[   15.995334] OOM killer disabled.
[   15.998584] Freezing remaining freezable tasks ... (elapsed 0.001 seconds) done.
[   16.007081] Suspending console(s) (use no_console_suspend to debug)
[   16.087205] Disabling non-boot CPUs ...
[   16.139319] Entering suspend state LP1
[   16.139368] Enabling non-boot CPUs ...
[   16.141124] CPU1 is up
[   16.143605] pcieport 0000:00:01.0: nv_msi_ht_cap_quirk didn't locate host bridge
[   16.740498] OOM killer enabled.
[   16.743633] Restarting tasks ... done.
[   16.748076] PM: suspend exit
root@(none):/# 
root@(none):/# rtcwake -d rtc1 -m mem -s 3
rtcwake: assuming RTC uses UTC ...
rtcwake: wakeup from "mem" using /dev/rtc1 at Thu Jan  1 00:00:42 1970
[   17.727479] PM: suspend entry (deep)
[   17.731080] PM: Syncing filesystems ... done.
[   17.737062] Freezing user space processes ... (elapsed 0.001 seconds) done.
[   17.745212] OOM killer disabled.
[   17.748453] Freezing remaining freezable tasks ... (elapsed 0.001 seconds) done.
[   17.756961] Suspending console(s) (use no_console_suspend to debug)
[   17.837116] Disabling non-boot CPUs ...
[   17.889131] Entering suspend state LP1
[   17.889179] Enabling non-boot CPUs ...
[   17.890934] CPU1 is up
[   17.892318] pcieport 0000:00:01.0: nv_msi_ht_cap_quirk didn't locate host bridge
[   18.500102] OOM killer enabled.
[   18.503237] Restarting tasks ... done.
[   18.507252] PM: suspend exit
root@(none):/# 
root@(none):/# rtcwake -d rtc1 -m mem -s 3
rtcwake: assuming RTC uses UTC ...
rtcwake: wakeup from "mem" using /dev/rtc1 at Thu Jan  1 00:00:47 1970
[   19.477633] PM: suspend entry (deep)
[   19.481233] PM: Syncing filesystems ... done.
[   19.487204] Freezing user space processes ... (elapsed 0.001 seconds) done.
[   19.495352] OOM killer disabled.
[   19.498592] Freezing remaining freezable tasks ... (elapsed 0.001 seconds) done.
[   19.507102] Suspending console(s) (use no_console_suspend to debug)
[   19.521354] pci_generic_config_write32: 71 callbacks suppressed
[   19.521396] pci_bus 0000:00: 2-byte config write to 0000:00:01.0 offset 0x9c may corrupt adjacent RW1C bits
[   19.545074] pci_bus 0000:01: 2-byte config write to 0000:01:00.0 offset 0x44 may corrupt adjacent RW1C bits
[   19.545132] pci_bus 0000:01: 2-byte config write to 0000:01:00.0 offset 0x44 may corrupt adjacent RW1C bits
[   19.567026] Disabling non-boot CPUs ...
[   19.619130] Entering suspend state LP1
[   19.619178] Enabling non-boot CPUs ...
[   19.620929] CPU1 is up
[   19.622082] pci_bus 0000:00: 2-byte config write to 0000:00:01.0 offset 0x4c may corrupt adjacent RW1C bits
[   19.622131] pci_bus 0000:00: 2-byte config write to 0000:00:01.0 offset 0x88 may corrupt adjacent RW1C bits
[   19.622162] pci_bus 0000:00: 2-byte config write to 0000:00:01.0 offset 0x90 may corrupt adjacent RW1C bits
[   19.622190] pci_bus 0000:00: 2-byte config write to 0000:00:01.0 offset 0x98 may corrupt adjacent RW1C bits
[   19.622218] pci_bus 0000:00: 2-byte config write to 0000:00:01.0 offset 0x9c may corrupt adjacent RW1C bits
[   19.622300] pci_bus 0000:00: 2-byte config write to 0000:00:01.0 offset 0x52 may corrupt adjacent RW1C bits
[   19.622333] pci_bus 0000:00: 2-byte config write to 0000:00:01.0 offset 0x52 may corrupt adjacent RW1C bits
[   19.622411] pcieport 0000:00:01.0: nv_msi_ht_cap_quirk didn't locate host bridge
[   20.313260] OOM killer enabled.
[   20.316404] Restarting tasks ... done.
[   20.320608] PM: suspend exit
root@(none):/# 
root@(none):/# rtcwake -d rtc1 -m mem -s 3
rtcwake: assuming RTC uses UTC ...
rtcwake: wakeup from "mem" using /dev/rtc1 at Thu Jan  1 00:00:52 1970
[   21.208288] PM: suspend entry (deep)
[   21.211875] PM: Syncing filesystems ... done.
[   21.217387] Freezing user space processes ... (elapsed 0.001 seconds) done.
[   21.225501] OOM killer disabled.
[   21.228751] Freezing remaining freezable tasks ... (elapsed 0.001 seconds) done.
[   21.237266] Suspending console(s) (use no_console_suspend to debug)
[   21.317002] Disabling non-boot CPUs ...
[   21.369128] Entering suspend state LP1
[   21.369175] Enabling non-boot CPUs ...
[   21.370927] CPU1 is up
[   21.372217] pcieport 0000:00:01.0: nv_msi_ht_cap_quirk didn't locate host bridge
[   21.980102] OOM killer enabled.
[   21.983237] Restarting tasks ... done.
[   21.987992] PM: suspend exit
root@(none):/# 
root@(none):/# rtcwake -d rtc1 -m mem -s 3
rtcwake: assuming RTC uses UTC ...
rtcwake: wakeup from "mem" using /dev/rtc1 at Thu Jan  1 00:00:57 1970
[   22.957901] PM: suspend entry (deep)
[   22.961500] PM: Syncing filesystems ... done.
[   22.967509] Freezing user space processes ... (elapsed 0.001 seconds) done.
[   22.975662] OOM killer disabled.
[   22.978910] Freezing remaining freezable tasks ... (elapsed 0.001 seconds) done.
[   22.987421] Suspending console(s) (use no_console_suspend to debug)
[   23.046932] Disabling non-boot CPUs ...
[   23.088986] Entering suspend state LP1
[   23.089035] Enabling non-boot CPUs ...
[   23.090789] CPU1 is up
[   23.092138] pcieport 0000:00:01.0: nv_msi_ht_cap_quirk didn't locate host bridge
[   23.700043] OOM killer enabled.
[   23.703179] Restarting tasks ... done.
[   23.707192] PM: suspend exit
root@(none):/# 
root@(none):/# rtcwake -d rtc1 -m mem -s 3
rtcwake: assuming RTC uses UTC ...
rtcwake: wakeup from "mem" using /dev/rtc1 at Thu Jan  1 00:01:02 1970
[   24.681330] PM: suspend entry (deep)
[   24.684931] PM: Syncing filesystems ... done.
[   24.690941] Freezing user space processes ... (elapsed 0.001 seconds) done.
[   24.699117] OOM killer disabled.
[   24.702334] Freezing remaining freezable tasks ... (elapsed 0.001 seconds) done.
[   24.710839] Suspending console(s) (use no_console_suspend to debug)
[   24.751853] pci_generic_config_write32: 71 callbacks suppressed
[   24.751899] pci_bus 0000:00: 2-byte config write to 0000:00:01.0 offset 0x9c may corrupt adjacent RW1C bits
[   24.773364] pci_bus 0000:01: 2-byte config write to 0000:01:00.0 offset 0x44 may corrupt adjacent RW1C bits
[   24.773422] pci_bus 0000:01: 2-byte config write to 0000:01:00.0 offset 0x44 may corrupt adjacent RW1C bits
[   24.796825] Disabling non-boot CPUs ...
[   24.838927] Entering suspend state LP1
[   24.838975] Enabling non-boot CPUs ...
[   24.840731] CPU1 is up
[   24.841632] pci_bus 0000:00: 2-byte config write to 0000:00:01.0 offset 0x4c may corrupt adjacent RW1C bits
[   24.841680] pci_bus 0000:00: 2-byte config write to 0000:00:01.0 offset 0x88 may corrupt adjacent RW1C bits
[   24.841711] pci_bus 0000:00: 2-byte config write to 0000:00:01.0 offset 0x90 may corrupt adjacent RW1C bits
[   24.841739] pci_bus 0000:00: 2-byte config write to 0000:00:01.0 offset 0x98 may corrupt adjacent RW1C bits
[   24.841766] pci_bus 0000:00: 2-byte config write to 0000:00:01.0 offset 0x9c may corrupt adjacent RW1C bits
[   24.841847] pci_bus 0000:00: 2-byte config write to 0000:00:01.0 offset 0x52 may corrupt adjacent RW1C bits
[   24.841881] pci_bus 0000:00: 2-byte config write to 0000:00:01.0 offset 0x52 may corrupt adjacent RW1C bits
[   24.841959] pcieport 0000:00:01.0: nv_msi_ht_cap_quirk didn't locate host bridge
[   25.542911] OOM killer enabled.
[   25.546040] Restarting tasks ... done.
[   25.550490] PM: suspend exit
root@(none):/# 
root@(none):/# rtcwake -d rtc1 -m mem -s 3
rtcwake: assuming RTC uses UTC ...
rtcwake: wakeup from "mem" using /dev/rtc1 at Thu Jan  1 00:01:07 1970
[   26.426988] PM: suspend entry (deep)
[   26.430562] PM: Syncing filesystems ... done.
[   26.435548] Freezing user space processes ... (elapsed 0.001 seconds) done.
[   26.443638] OOM killer disabled.
[   26.446907] Freezing remaining freezable tasks ... (elapsed 0.001 seconds) done.
[   26.455438] Suspending console(s) (use no_console_suspend to debug)
[   26.516774] Disabling non-boot CPUs ...
[   26.558851] Entering suspend state LP1
[   26.558899] Enabling non-boot CPUs ...
[   26.560656] CPU1 is up
[   26.561969] pcieport 0000:00:01.0: nv_msi_ht_cap_quirk didn't locate host bridge
[   27.160059] OOM killer enabled.
[   27.163193] Restarting tasks ... done.
[   27.167860] PM: suspend exit
root@(none):/# 
root@(none):/# rtcwake -d rtc1 -m mem -s 3
rtcwake: assuming RTC uses UTC ...
rtcwake: wakeup from "mem" using /dev/rtc1 at Thu Jan  1 00:01:12 1970
[   28.150968] PM: suspend entry (deep)
[   28.154568] PM: Syncing filesystems ... done.
[   28.160576] Freezing user space processes ... (elapsed 0.001 seconds) done.
[   28.168753] OOM killer disabled.
[   28.171969] Freezing remaining freezable tasks ... (elapsed 0.001 seconds) done.
[   28.180470] Suspending console(s) (use no_console_suspend to debug)
[   28.266728] Disabling non-boot CPUs ...
[   28.318752] Entering suspend state LP1
[   28.318800] Enabling non-boot CPUs ...
[   28.320563] CPU1 is up
[   28.321346] pcieport 0000:00:01.0: nv_msi_ht_cap_quirk didn't locate host bridge
[   28.929976] OOM killer enabled.
[   28.933109] Restarting tasks ... done.
[   28.937123] PM: suspend exit
root@(none):/# 
root@(none):/# rtcwake -d rtc1 -m mem -s 3
rtcwake: assuming RTC uses UTC ...
rtcwake: wakeup from "mem" using /dev/rtc1 at Thu Jan  1 00:01:17 1970
[   29.907303] PM: suspend entry (deep)
[   29.910902] PM: Syncing filesystems ... done.
[   29.916861] Freezing user space processes ... (elapsed 0.001 seconds) done.
[   29.925009] OOM killer disabled.
[   29.928257] Freezing remaining freezable tasks ... (elapsed 0.001 seconds) done.
[   29.936765] Suspending console(s) (use no_console_suspend to debug)
[   29.971999] pci_generic_config_write32: 71 callbacks suppressed
[   29.972041] pci_bus 0000:00: 2-byte config write to 0000:00:01.0 offset 0x9c may corrupt adjacent RW1C bits
[   29.994092] pci_bus 0000:01: 2-byte config write to 0000:01:00.0 offset 0x44 may corrupt adjacent RW1C bits
[   29.994151] pci_bus 0000:01: 2-byte config write to 0000:01:00.0 offset 0x44 may corrupt adjacent RW1C bits
[   30.016583] Disabling non-boot CPUs ...
[   30.068780] Entering suspend state LP1
[   30.068828] Enabling non-boot CPUs ...
[   30.070587] CPU1 is up
[   30.072926] pci_bus 0000:00: 2-byte config write to 0000:00:01.0 offset 0x4c may corrupt adjacent RW1C bits
[   30.072973] pci_bus 0000:00: 2-byte config write to 0000:00:01.0 offset 0x88 may corrupt adjacent RW1C bits
[   30.073003] pci_bus 0000:00: 2-byte config write to 0000:00:01.0 offset 0x90 may corrupt adjacent RW1C bits
[   30.073031] pci_bus 0000:00: 2-byte config write to 0000:00:01.0 offset 0x98 may corrupt adjacent RW1C bits
[   30.073058] pci_bus 0000:00: 2-byte config write to 0000:00:01.0 offset 0x9c may corrupt adjacent RW1C bits
[   30.073139] pci_bus 0000:00: 2-byte config write to 0000:00:01.0 offset 0x52 may corrupt adjacent RW1C bits
[   30.073171] pci_bus 0000:00: 2-byte config write to 0000:00:01.0 offset 0x52 may corrupt adjacent RW1C bits
[   30.073250] pcieport 0000:00:01.0: nv_msi_ht_cap_quirk didn't locate host bridge
[   30.773561] OOM killer enabled.
[   30.776706] Restarting tasks ... done.
[   30.781469] PM: suspend exit
root@(none):/# 
root@(none):/# NVTB SYSTEM SUSPEND TEST COMPLETE
