
U-Boot SPL 2014.07-00097-g772e173 (Jul 25 2014 - 20:02:52)


U-Boot 2014.07-00097-g772e173 (Jul 25 2014 - 20:02:52)

TEGRA124
Board: NVIDIA Jetson TK1
I2C:   ready
DRAM:  2 GiB
MMC:   Tegra SD/MMC: 0, Tegra SD/MMC: 1
In:    serial
Out:   serial
Err:   serial
Net:   Net Initialization Skipped
No ethernet found.
Hit any key to stop autoboot:  2  0 
Tegra124 (Jetson TK1) # 
Tegra124 (Jetson TK1) # usb reset
(Re)start USB...
USB0:   USB EHCI 1.10
scanning bus 0 for devices... 1 USB Device(s) found
USB1:   USB EHCI 1.10
scanning bus 1 for devices... 2 USB Device(s) found
       scanning usb for storage devices... 0 Storage Device(s) found
       scanning usb for ethernet devices... 
Warning: asx0 using MAC address from net device
1 Ethernet Device(s) found
Tegra124 (Jetson TK1) # setenv bootargs 'ignore_loglevel console=ttyS0,115200n8 rw root=/dev/mmcblk0p1 rootwait gpt debug noinitrd earlyprintk init=/bin/bash'
Tegra124 (Jetson TK1) # setenv ipaddr 192.168.100.102; setenv serverip 192.168.100.1; setenv tftpserverip 192.168.100.1
Tegra124 (Jetson TK1) # tftpboot 0x82000000 zImage.multi_v7_defconfig
Using asx0 device
TFTP from server 192.168.100.1; our IP address is 192.168.100.102
Filename 'zImage.multi_v7_defconfig'.
Load address: 0x82000000
Loading: *#################################################################
	 #################################################################
	 #################################################################
	 #################################################################
	 #################################################################
	 #################################################################
	 #################################################################
	 #######
	 3.2 MiB/s
done
Bytes transferred = 6774488 (675ed8 hex)
Tegra124 (Jetson TK1) # tftpboot 0x83000000 tegra124-jetson-tk1.dtb
Using asx0 device
TFTP from server 192.168.100.1; our IP address is 192.168.100.102
Filename 'tegra124-jetson-tk1.dtb'.
Load address: 0x83000000
Loading: *#####
	 2.9 MiB/s
done
Bytes transferred = 64138 (fa8a hex)
Tegra124 (Jetson TK1) # bootz 0x82000000 - 0x83000000
Kernel image @ 0x82000000 [ 0x000000 - 0x675ed8 ]
## Flattened Device Tree blob at 83000000
   Booting using the fdt blob at 0x83000000
   Using Device Tree in place at 83000000, end 83012a89

Starting kernel ...

[    0.000000] Booting Linux on physical CPU 0x0
[    0.000000] Linux version 4.5.0-rc2-67202-g36f90b0 (pwalmsley@sellafield) (gcc version 4.7.3 20130328 (prerelease) (crosstool-NG linaro-1.13.1-4.7-2013.04-20130415 - Linaro GCC 2013.04) ) #1 SMP Sun Jan 31 18:33:21 PST 2016
[    0.000000] CPU: ARMv7 Processor [413fc0f3] revision 3 (ARMv7), cr=10c5387d
[    0.000000] CPU: div instructions available: patching division code
[    0.000000] CPU: PIPT / VIPT nonaliasing data cache, PIPT instruction cache
[    0.000000] Machine model: NVIDIA Tegra124 Jetson TK1
[    0.000000] debug: ignoring loglevel setting.
[    0.000000] cma: Reserved 64 MiB at 0xfb800000
[    0.000000] Memory policy: Data cache writealloc
[    0.000000] On node 0 totalpages: 524032
[    0.000000] free_area_init_node: node 0, pgdat c106c480, node_mem_map eeff8000
[    0.000000]   DMA zone: 1536 pages used for memmap
[    0.000000]   DMA zone: 0 pages reserved
[    0.000000]   DMA zone: 196608 pages, LIFO batch:31
[    0.000000]   HighMem zone: 327424 pages, LIFO batch:31
[    0.000000] PERCPU: Embedded 12 pages/cpu @eef8f000 s18880 r8192 d22080 u49152
[    0.000000] pcpu-alloc: s18880 r8192 d22080 u49152 alloc=12*4096
[    0.000000] pcpu-alloc: [0] 0 [0] 1 [0] 2 [0] 3 
[    0.000000] Built 1 zonelists in Zone order, mobility grouping on.  Total pages: 522496
[    0.000000] Kernel command line: ignore_loglevel console=ttyS0,115200n8 rw root=/dev/mmcblk0p1 rootwait gpt debug noinitrd earlyprintk init=/bin/bash
[    0.000000] PID hash table entries: 4096 (order: 2, 16384 bytes)
[    0.000000] Dentry cache hash table entries: 131072 (order: 7, 524288 bytes)
[    0.000000] Inode-cache hash table entries: 65536 (order: 6, 262144 bytes)
[    0.000000] Memory: 1997800K/2096128K available (8491K kernel code, 1113K rwdata, 4040K rodata, 1096K init, 345K bss, 32792K reserved, 65536K cma-reserved, 1244160K highmem)
[    0.000000] Virtual kernel memory layout:
[    0.000000]     vector  : 0xffff0000 - 0xffff1000   (   4 kB)
[    0.000000]     fixmap  : 0xffc00000 - 0xfff00000   (3072 kB)
[    0.000000]     vmalloc : 0xf0800000 - 0xff800000   ( 240 MB)
[    0.000000]     lowmem  : 0xc0000000 - 0xf0000000   ( 768 MB)
[    0.000000]     pkmap   : 0xbfe00000 - 0xc0000000   (   2 MB)
[    0.000000]     modules : 0xbf000000 - 0xbfe00000   (  14 MB)
[    0.000000]       .text : 0xc0208000 - 0xc0e45cc4   (12536 kB)
[    0.000000]       .init : 0xc0e46000 - 0xc0f58000   (1096 kB)
[    0.000000]       .data : 0xc0f58000 - 0xc106e440   (1114 kB)
[    0.000000]        .bss : 0xc1071000 - 0xc10c75a0   ( 346 kB)
[    0.000000] SLUB: HWalign=64, Order=0-3, MinObjects=0, CPUs=4, Nodes=1
[    0.000000] Hierarchical RCU implementation.
[    0.000000] 	Build-time adjustment of leaf fanout to 32.
[    0.000000] 	RCU restricting CPUs from NR_CPUS=16 to nr_cpu_ids=4.
[    0.000000] RCU: Adjusting geometry for rcu_fanout_leaf=32, nr_cpu_ids=4
[    0.000000] NR_IRQS:16 nr_irqs:16 16
[    0.000000] /interrupt-controller@60004000: 160 interrupts forwarded to /interrupt-controller@0,50041000
[    0.000000] L2C: failed to init: -19
[    0.000000] Tegra clk 127: register failed with -17
[    0.000008] sched_clock: 32 bits at 1000kHz, resolution 1000ns, wraps every 2147483647500ns
[    0.000031] clocksource: timer_us: mask: 0xffffffff max_cycles: 0xffffffff, max_idle_ns: 1911260446275 ns
[    0.000046] Switching to timer-based delay loop, resolution 1000ns
[    0.004522] Architected cp15 timer(s) running at 12.00MHz (virt).
[    0.004540] clocksource: arch_sys_counter: mask: 0xffffffffffffff max_cycles: 0x2c47f4ee7, max_idle_ns: 440795202497 ns
[    0.004560] sched_clock: 56 bits at 12MHz, resolution 83ns, wraps every 4398046511096ns
[    0.004572] Switching to timer-based delay loop, resolution 83ns
[    0.004980] Console: colour dummy device 80x30
[    0.005004] Calibrating delay loop (skipped), value calculated using timer frequency.. 24.00 BogoMIPS (lpj=60000)
[    0.005018] pid_max: default: 32768 minimum: 301
[    0.005126] Mount-cache hash table entries: 2048 (order: 1, 8192 bytes)
[    0.005138] Mountpoint-cache hash table entries: 2048 (order: 1, 8192 bytes)
[    0.005721] CPU: Testing write buffer coherency: ok
[    0.005937] /cpus/cpu@0 missing clock-frequency property
[    0.005976] /cpus/cpu@1 missing clock-frequency property
[    0.006012] /cpus/cpu@2 missing clock-frequency property
[    0.006050] /cpus/cpu@3 missing clock-frequency property
[    0.006062] CPU0: thread -1, cpu 0, socket 0, mpidr 80000000
[    0.006109] Setting up static identity map for 0x80209000 - 0x80209098
[    0.009025] Tegra Revision: A01 SKU: 129 CPU Process: 1 SoC Process: 1
[    0.010375] CPU1: thread -1, cpu 1, socket 0, mpidr 80000001
[    0.010977] CPU2: thread -1, cpu 2, socket 0, mpidr 80000002
[    0.011569] CPU3: thread -1, cpu 3, socket 0, mpidr 80000003
[    0.011634] Brought up 4 CPUs
[    0.011654] SMP: Total of 4 processors activated (96.00 BogoMIPS).
[    0.011661] CPU: All CPU(s) started in SVC mode.
[    0.013071] devtmpfs: initialized
[    0.030890] VFP support v0.3: implementor 41 architecture 4 part 30 variant f rev 0
[    0.031647] clocksource: jiffies: mask: 0xffffffff max_cycles: 0xffffffff, max_idle_ns: 9556302231375000 ns
[    0.033188] pinctrl core: initialized pinctrl subsystem
[    0.034897] NET: Registered protocol family 16
[    0.036967] DMA: preallocated 256 KiB pool for atomic coherent allocations
[    0.049631] cpuidle: using governor menu
[    0.066535] No ATAGs?
[    0.066570] hw-breakpoint: found 5 (+1 reserved) breakpoint and 4 watchpoint registers.
[    0.066580] hw-breakpoint: maximum watchpoint size is 8 bytes.
[    0.072446] Serial: AMBA PL011 UART driver
[    0.105409] +USB0_VBUS_SW: Failed to request enable GPIO108: -517
[    0.105524] reg-fixed-voltage regulators:regulator@7: Failed to register regulator: -517
[    0.105734] +5V_USB_HS: Failed to request enable GPIO109: -517
[    0.105839] reg-fixed-voltage regulators:regulator@8: Failed to register regulator: -517
[    0.106121] +1.05V_RUN_AVDD_HDMI_PLL: Failed to request enable GPIO63: -517
[    0.106225] reg-fixed-voltage regulators:regulator@11: Failed to register regulator: -517
[    0.106428] +5V_HDMI_CON: Failed to request enable GPIO86: -517
[    0.106532] reg-fixed-voltage regulators:regulator@12: Failed to register regulator: -517
[    0.106732] +5V_SATA: Failed to request enable GPIO242: -517
[    0.106835] reg-fixed-voltage regulators:regulator@13: Failed to register regulator: -517
[    0.107037] +12V_SATA: Failed to request enable GPIO242: -517
[    0.107140] reg-fixed-voltage regulators:regulator@14: Failed to register regulator: -517
[    0.110604] vgaarb: loaded
[    0.111618] SCSI subsystem initialized
[    0.111792] libata version 3.00 loaded.
[    0.112096] usbcore: registered new interface driver usbfs
[    0.112161] usbcore: registered new interface driver hub
[    0.112235] usbcore: registered new device driver usb
[    0.115912] pps_core: LinuxPPS API ver. 1 registered
[    0.115922] pps_core: Software ver. 5.3.6 - Copyright 2005-2007 Rodolfo Giometti <giometti@linux.it>
[    0.115951] PTP clock support registered
[    0.116180] EDAC MC: Ver: 3.0.0
[    0.119353] clocksource: Switched to clocksource arch_sys_counter
[    0.130975] NET: Registered protocol family 2
[    0.131482] TCP established hash table entries: 8192 (order: 3, 32768 bytes)
[    0.131581] TCP bind hash table entries: 8192 (order: 4, 65536 bytes)
[    0.131768] TCP: Hash tables configured (established 8192 bind 8192)
[    0.131820] UDP hash table entries: 512 (order: 2, 16384 bytes)
[    0.131861] UDP-Lite hash table entries: 512 (order: 2, 16384 bytes)
[    0.132037] NET: Registered protocol family 1
[    0.132282] RPC: Registered named UNIX socket transport module.
[    0.132291] RPC: Registered udp transport module.
[    0.132299] RPC: Registered tcp transport module.
[    0.132306] RPC: Registered tcp NFSv4.1 backchannel transport module.
[    0.132324] PCI: CLS 0 bytes, default 64
[    0.133313] hw perfevents: enabled with armv7_cortex_a15 PMU driver, 7 counters available
[    0.134864] futex hash table entries: 1024 (order: 4, 65536 bytes)
[    0.147209] squashfs: version 4.0 (2009/01/31) Phillip Lougher
[    0.148074] NFS: Registering the id_resolver key type
[    0.148102] Key type id_resolver registered
[    0.148110] Key type id_legacy registered
[    0.148180] ntfs: driver 2.1.32 [Flags: R/O].
[    0.149595] bounce: pool size: 64 pages
[    0.149831] Block layer SCSI generic (bsg) driver version 0.4 loaded (major 249)
[    0.149849] io scheduler noop registered
[    0.149863] io scheduler deadline registered
[    0.149899] io scheduler cfq registered (default)
[    0.169597] tegra-pcie 1003000.pcie-controller: 2x1, 1x1 configuration
[    0.169649] tegra-pcie 1003000.pcie-controller: Failed to get supply 'avddio-pex': -517
[    0.177041] tegra-apbdma 60020000.dma: Tegra20 APB DMA driver register 32 channels
[    0.178689] tegra-pmc 7000e400.pmc: emergency thermal reset enabled
[    0.242651] Serial: 8250/16550 driver, 4 ports, IRQ sharing disabled
[    0.245692] console [ttyS0] disabled
[    0.245726] 70006300.serial: ttyS0 at MMIO 0x70006300 (irq = 331, base_baud = 25500000) is a Tegra
[    1.063464] console [ttyS0] enabled
[    1.067860] SuperH (H)SCI(F) driver initialized
[    1.073424] msm_serial: driver initialized
[    1.077744] STMicroelectronics ASC driver initialized
[    1.085349] [drm] Initialized drm 1.1.0 20060810
[    1.091938] tegra-hdmi 54280000.hdmi: failed to get HDMI regulator
[    1.111047] brd: module loaded
[    1.120092] loop: module loaded
[    1.123596] at24 0-0056: 256 byte 24c02 EEPROM, writable, 8 bytes/write
[    1.131923] as3722 4-0040: AS3722 with revision 0x1 found
[    1.155108] +5V_SYS: supplied by +VDD_MUX
[    1.159153] +1.05V_RUN: supplied by +5V_SYS
[    1.163480] tegra-ahci 70027000.sata: Failed to get supply 'hvdd': -517
[    1.170153] tegra-ahci 70027000.sata: Failed to get regulators
[    1.181505] m25p80 spi32765.0: w25q32dw (4096 Kbytes)
[    1.190093] libphy: Fixed MDIO Bus: probed
[    1.194932] CAN device driver interface
[    1.200905] igb: Intel(R) Gigabit Ethernet Network Driver - version 5.3.0-k
[    1.207872] igb: Copyright (c) 2007-2014 Intel Corporation.
[    1.216818] pegasus: v0.9.3 (2013/04/25), Pegasus/Pegasus II USB Ethernet driver
[    1.224274] usbcore: registered new interface driver pegasus
[    1.230011] usbcore: registered new interface driver asix
[    1.235472] usbcore: registered new interface driver ax88179_178a
[    1.241631] usbcore: registered new interface driver cdc_ether
[    1.247543] usbcore: registered new interface driver smsc75xx
[    1.253369] usbcore: registered new interface driver smsc95xx
[    1.259175] usbcore: registered new interface driver net1080
[    1.264897] usbcore: registered new interface driver cdc_subset
[    1.270877] usbcore: registered new interface driver zaurus
[    1.276547] usbcore: registered new interface driver cdc_ncm
[    1.282456] tegra-phy 7d004000.usb-phy: no vbus regulator
[    1.289847] ehci_hcd: USB 2.0 'Enhanced' Host Controller (EHCI) Driver
[    1.296386] ehci-pci: EHCI PCI platform driver
[    1.300888] ehci-platform: EHCI generic platform driver
[    1.306336] ehci-omap: OMAP-EHCI Host Controller driver
[    1.311716] ehci-orion: EHCI orion driver
[    1.315884] SPEAr-ehci: EHCI SPEAr driver
[    1.320057] ehci-st: EHCI STMicroelectronics driver
[    1.325096] ehci-exynos: EHCI EXYNOS driver
[    1.329463] ehci-atmel: EHCI Atmel driver
[    1.333616] tegra-ehci: Tegra EHCI driver
[    1.337964] tegra-ehci 7d004000.usb: EHCI Host Controller
[    1.343393] tegra-ehci 7d004000.usb: new USB bus registered, assigned bus number 1
[    1.351143] tegra-ehci 7d004000.usb: irq 348, io mem 0x7d004000
[    1.364375] tegra-ehci 7d004000.usb: USB 2.0 started, EHCI 1.10
[    1.371152] hub 1-0:1.0: USB hub found
[    1.374949] hub 1-0:1.0: 1 port detected
[    1.379473] ohci_hcd: USB 1.1 'Open' Host Controller (OHCI) Driver
[    1.385673] ohci-pci: OHCI PCI platform driver
[    1.390182] ohci-platform: OHCI generic platform driver
[    1.395598] ohci-omap3: OHCI OMAP3 driver
[    1.399769] SPEAr-ohci: OHCI SPEAr driver
[    1.403926] ohci-st: OHCI STMicroelectronics driver
[    1.408965] ohci-atmel: OHCI Atmel driver
[    1.413580] usbcore: registered new interface driver usb-storage
[    1.421209] mousedev: PS/2 mouse device common for all mice
[    1.430395] as3722-rtc as3722-rtc: rtc core: registered as3722-rtc as rtc0
[    1.437282] as3722-rtc as3722-rtc: RTC interrupt 371
[    1.445638] tegra_rtc 7000e000.rtc: rtc core: registered 7000e000.rtc as rtc1
[    1.452822] tegra_rtc 7000e000.rtc: Tegra internal Real Time Clock
[    1.459630] i2c /dev entries driver
[    1.469215] 0-004c supply vcc not found, using dummy regulator
[    1.482828] sdhci: Secure Digital Host Controller Interface driver
[    1.489026] sdhci: Copyright(c) Pierre Ossman
[    1.495085] Synopsys Designware Multimedia Card Interface Driver
[    1.502300] sdhci-pltfm: SDHCI platform and OF driver helper
[    1.508744] sdhci-tegra 700b0400.sdhci: Got CD GPIO
[    1.513648] sdhci-tegra 700b0400.sdhci: Got WP GPIO
[    1.518584] mmc0: Unknown controller version (3). You may experience problems.
[    1.526112] mmc0: Unknown controller version (3). You may experience problems.
[    1.533486] mmc0: Invalid maximum block size, assuming 512 bytes
[    1.574375] mmc0: SDHCI controller on 700b0600.sdhci [700b0600.sdhci] using ADMA 64-bit
[    1.584141] ledtrig-cpu: registered to indicate activity on CPUs
[    1.590386] usbcore: registered new interface driver usbhid
[    1.595966] usbhid: USB HID core driver
[    1.608384] NET: Registered protocol family 10
[    1.613563] sit: IPv6 over IPv4 tunneling driver
[    1.618957] NET: Registered protocol family 17
[    1.623433] can: controller area network core (rev 20120528 abi 9)
[    1.629684] NET: Registered protocol family 29
[    1.634127] can: raw protocol (rev 20120528)
[    1.638414] can: broadcast manager protocol (rev 20120528 t)
[    1.644095] can: netlink gateway (rev 20130117) max_hops=1
[    1.649984] Key type dns_resolver registered
[    1.654943] ThumbEE CPU extension supported.
[    1.659220] Registering SWP/SWPB emulation handler
[    1.677674] tegra-pcie 1003000.pcie-controller: 2x1, 1x1 configuration
[    1.684713] +3.3V_SYS: supplied by +VDD_MUX
[    1.688949] +3.3V_LP0: supplied by +3.3V_SYS
[    1.693681] +1.35V_LP0(sd2): supplied by +5V_SYS
[    1.698435] +1.05V_RUN_AVDD: supplied by +1.35V_LP0(sd2)
[    1.706726] tegra-pcie 1003000.pcie-controller: probing port 0, using 2 lanes
[    1.716084] tegra-pcie 1003000.pcie-controller: Slot present pin change, signature: 00000008
[    1.759178] mmc0: MAN_BKOPS_EN bit is not set
[    1.777220] mmc0: new HS200 MMC card at address 0001
[    1.783220] mmcblk0: mmc0:0001 SEM16G 14.7 GiB 
[    1.788389] mmcblk0boot0: mmc0:0001 SEM16G partition 1 4.00 MiB
[    1.795077] mmcblk0boot1: mmc0:0001 SEM16G partition 2 4.00 MiB
[    1.801751] mmcblk0rpmb: mmc0:0001 SEM16G partition 3 4.00 MiB
[    1.811400] Primary GPT is invalid, using alternate GPT.
[    1.816771]  mmcblk0: p1 p2 p3 p4 p5 p6 p7 p8 p9
[    2.133172] tegra-pcie 1003000.pcie-controller: link 0 down, retrying
[    2.562069] tegra-pcie 1003000.pcie-controller: link 0 down, retrying
[    2.990991] tegra-pcie 1003000.pcie-controller: link 0 down, retrying
[    2.999584] tegra-pcie 1003000.pcie-controller: link 0 down, ignoring
[    3.006073] tegra-pcie 1003000.pcie-controller: probing port 1, using 1 lanes
[    3.015379] tegra-pcie 1003000.pcie-controller: Slot present pin change, signature: 00000000
[    3.435725] tegra-pcie 1003000.pcie-controller: link 1 down, retrying
[    3.864601] tegra-pcie 1003000.pcie-controller: link 1 down, retrying
[    4.293341] tegra-pcie 1003000.pcie-controller: link 1 down, retrying
[    4.301919] tegra-pcie 1003000.pcie-controller: link 1 down, ignoring
[    4.308630] tegra-pcie 1003000.pcie-controller: PCI host bridge to bus 0000:00
[    4.315865] pci_bus 0000:00: root bus resource [mem 0x13000000-0x1fffffff]
[    4.322745] pci_bus 0000:00: root bus resource [mem 0x20000000-0x3fffffff pref]
[    4.330058] pci_bus 0000:00: root bus resource [bus 00-ff]
[    4.335549] pci_bus 0000:00: root bus resource [io  0x1000-0xffff]
[    4.341760] PCI: bus0: Fast back to back transfers enabled
[    4.348148] +5V_HDMI_CON: supplied by +5V_SYS
[    4.352645] +1.05V_RUN_AVDD_HDMI_PLL: supplied by +1.05V_RUN
[    4.358468] +3.3V_RUN: supplied by +3.3V_SYS
[    4.362787] +3.3V_AVDD_HDMI_AP_GATED: supplied by +3.3V_RUN
[    4.370980] [drm] Supports vblank timestamp caching Rev 2 (21.10.2013).
[    4.377645] [drm] No driver support for vblank timestamp query.
[    4.482288] tegra-hdmi 54280000.hdmi: cannot set audio to 44100 at 297000000 pclk
[    4.633979] Console: switching to colour frame buffer device 512x135
[    4.728776] drm drm: fb0:  frame buffer device
[    4.744475] [drm] Initialized tegra 0.0.0 20120330 on minor 0
[    4.751613] +5V_SATA: supplied by +5V_SYS
[    4.755858] +12V_SATA: supplied by +VDD_MUX
[    4.760795] tegra-ahci 70027000.sata: AHCI 0001.0301 32 slots 2 ports 3 Gbps 0x1 impl platform mode
[    4.769870] tegra-ahci 70027000.sata: flags: 64bit ncq sntf pm led pio slum part sadm sds apst 
[    4.778724] ------------[ cut here ]------------
[    4.783362] WARNING: CPU: 1 PID: 6 at kernel/workqueue.c:2361 check_flush_dependency+0xc8/0x124()
[    4.792232] workqueue: WQ_MEM_RECLAIM deferwq:deferred_probe_work_func is flushing !WQ_MEM_RECLAIM events:lru_add_drain_per_cpu
[    4.803514] Modules linked in:
[    4.806759] CPU: 1 PID: 6 Comm: kworker/u8:0 Not tainted 4.5.0-rc2-67202-g36f90b0 #1
[    4.814486] Hardware name: NVIDIA Tegra SoC (Flattened Device Tree)
[    4.820758] Workqueue: deferwq deferred_probe_work_func
[    4.826009] [<c02188b0>] (unwind_backtrace) from [<c0213f90>] (show_stack+0x10/0x14)
[    4.833750] [<c0213f90>] (show_stack) from [<c048842c>] (dump_stack+0x78/0x94)
[    4.840970] [<c048842c>] (dump_stack) from [<c024ab38>] (warn_slowpath_common+0x74/0xb0)
[    4.849053] [<c024ab38>] (warn_slowpath_common) from [<c024ac08>] (warn_slowpath_fmt+0x30/0x40)
[    4.857744] [<c024ac08>] (warn_slowpath_fmt) from [<c025dc20>] (check_flush_dependency+0xc8/0x124)
[    4.866710] [<c025dc20>] (check_flush_dependency) from [<c025dd34>] (flush_work+0x54/0x144)
[    4.875057] [<c025dd34>] (flush_work) from [<c02da2d8>] (lru_add_drain_all+0x124/0x180)
[    4.883055] [<c02da2d8>] (lru_add_drain_all) from [<c030bda0>] (migrate_prep+0x8/0x10)
[    4.890964] [<c030bda0>] (migrate_prep) from [<c02d52f0>] (alloc_contig_range+0xc4/0x2f8)
[    4.899132] [<c02d52f0>] (alloc_contig_range) from [<c030d6cc>] (cma_alloc+0xd8/0x1a0)
[    4.907057] [<c030d6cc>] (cma_alloc) from [<c021e39c>] (__alloc_from_contiguous+0x38/0xdc)
[    4.915315] [<c021e39c>] (__alloc_from_contiguous) from [<c021ff8c>] (__dma_alloc+0x21c/0x250)
[    4.923915] [<c021ff8c>] (__dma_alloc) from [<c0220044>] (arm_dma_alloc+0x48/0x54)
[    4.931479] [<c0220044>] (arm_dma_alloc) from [<c0669c10>] (dmam_alloc_coherent+0x8c/0xf0)
[    4.939738] [<c0669c10>] (dmam_alloc_coherent) from [<c06c46f0>] (ahci_port_start+0xd0/0x1e0)
[    4.948273] [<c06c46f0>] (ahci_port_start) from [<c06ac598>] (ata_host_start+0xf8/0x1d4)
[    4.956358] [<c06ac598>] (ata_host_start) from [<c06b14b4>] (ata_host_activate+0x20/0x134)
[    4.964611] [<c06b14b4>] (ata_host_activate) from [<c06c3b6c>] (ahci_host_activate+0x3c/0x11c)
[    4.973212] [<c06c3b6c>] (ahci_host_activate) from [<c06c5ab0>] (ahci_platform_init_host+0x1cc/0x3c8)
[    4.982422] [<c06c5ab0>] (ahci_platform_init_host) from [<c06c7d14>] (tegra_ahci_probe+0x404/0x4c4)
[    4.991477] [<c06c7d14>] (tegra_ahci_probe) from [<c0658af0>] (platform_drv_probe+0x50/0xb0)
[    4.999911] [<c0658af0>] (platform_drv_probe) from [<c065745c>] (driver_probe_device+0x1f4/0x2b0)
[    5.008775] [<c065745c>] (driver_probe_device) from [<c06559ec>] (bus_for_each_drv+0x44/0x8c)
[    5.017290] [<c06559ec>] (bus_for_each_drv) from [<c06571e0>] (__device_attach+0x9c/0x100)
[    5.025545] [<c06571e0>] (__device_attach) from [<c065686c>] (bus_probe_device+0x84/0x8c)
[    5.033731] [<c065686c>] (bus_probe_device) from [<c0656ca0>] (deferred_probe_work_func+0x60/0x8c)
[    5.042685] [<c0656ca0>] (deferred_probe_work_func) from [<c025eb7c>] (process_one_work+0x134/0x338)
[    5.051806] [<c025eb7c>] (process_one_work) from [<c025ede4>] (worker_thread+0x2c/0x4f0)
[    5.059888] [<c025ede4>] (worker_thread) from [<c0263f70>] (kthread+0xd8/0xf4)
[    5.067106] [<c0263f70>] (kthread) from [<c0210e78>] (ret_from_fork+0x14/0x3c)
[    5.074326] ---[ end trace 3fcce8ab759853ac ]---
[    5.081363] scsi host0: tegra-ahci
[    5.086006] scsi host1: tegra-ahci
[    5.089785] ata1: SATA max UDMA/133 mmio [mem 0x70027000-0x70028fff] port 0x100 irq 341
[    5.097796] ata2: DUMMY
[    5.101550] +5V_USB_HS: supplied by +5V_SYS
[    5.107590] tegra-ehci 7d008000.usb: EHCI Host Controller
[    5.113053] tegra-ehci 7d008000.usb: new USB bus registered, assigned bus number 2
[    5.120827] tegra-ehci 7d008000.usb: irq 349, io mem 0x7d008000
[    5.134471] tegra-ehci 7d008000.usb: USB 2.0 started, EHCI 1.10
[    5.141250] hub 2-0:1.0: USB hub found
[    5.145068] hub 2-0:1.0: 1 port detected
[    5.150717] cpu: dev_pm_opp_of_cpumask_add_table: couldn't find opp table for cpu:0, -19
[    5.158975] cpufreq: cpufreq_online: CPU0: Running at unlisted freq: 696000 KHz
[    5.166353] cpufreq: cpufreq_online: CPU0: Unlisted initial frequency changed to: 714000 KHz
[    5.175612] sdhci-tegra 700b0400.sdhci: Got CD GPIO
[    5.180522] sdhci-tegra 700b0400.sdhci: Got WP GPIO
[    5.185455] mmc1: Unknown controller version (3). You may experience problems.
[    5.192784] +VDDIO_SDMMC3: supplied by +3.3V_RUN
[    5.197481] mmc1: Invalid maximum block size, assuming 512 bytes
[    5.239611] mmc1: SDHCI controller on 700b0400.sdhci [700b0400.sdhci] using ADMA 64-bit
[    5.249399] input: gpio-keys as /devices/soc0/gpio-keys/input/input0
[    5.256689] as3722-rtc as3722-rtc: setting system clock to 2000-01-01 00:00:18 UTC (946684818)
[    5.269032] +1.8V_RUN_CAM: disabling
[    5.272809] +2.8V_RUN_CAM: disabling
[    5.276632] +1.2V_RUN_CAM_FRONT: disabling
[    5.280942] +1.05V_RUN_CAM_REAR: disabling
[    5.285207] +3.3V_RUN_TOUCH: disabling
[    5.289099] +2.8V_RUN_CAM_AF: disabling
[    5.293101] +1.8V_RUN_VPP_FUSE: disabling
[    5.297276] +USB0_VBUS_SW: disabling
[    5.417332] ata1: SATA link down (SStatus 0 SControl 300)
[    5.423653] EXT4-fs (mmcblk0p1): couldn't mount as ext3 due to feature incompatibilities
[    5.432480] EXT4-fs (mmcblk0p1): couldn't mount as ext2 due to feature incompatibilities
[    5.454468] usb 2-1: new high-speed USB device number 2 using tegra-ehci
[    5.471467] EXT4-fs (mmcblk0p1): recovery complete
[    5.477012] EXT4-fs (mmcblk0p1): mounted filesystem with ordered data mode. Opts: (null)
[    5.485169] VFS: Mounted root (ext4 filesystem) on device 179:1.
[    5.492764] devtmpfs: mounted
[    5.496449] Freeing unused kernel memory: 1096K (c0e46000 - c0f58000)
bash: cannot set terminal process group (-1): Inappropriate ioctl for device
bash: no job control in this shell
root@(none):/# 