
U-Boot SPL 2016.05-rc2 (Apr 21 2016 - 16:23:00)
Trying to boot from RAM


U-Boot 2016.05-rc2 (Apr 21 2016 - 16:23:00 -0700)

TEGRA124
Model: NVIDIA Jetson TK1
Board: NVIDIA Jetson TK1
DRAM:  2 GiB
MC:   Tegra SD/MMC: 0, Tegra SD/MMC: 1
In:    serial
Out:   serial
Err:   serial
Net:   No ethernet found.
Hit any key to stop autoboot:  2  0 
Tegra124 (Jetson TK1) # 
Tegra124 (Jetson TK1) # pci enum
Tegra124 (Jetson TK1) # setenv bootargs 'ignore_loglevel console=ttyS0,115200n8 rw root=PARTUUID=b1791faa-84e8-4e27-83a1-9fb0a77e8803 rootwait gpt debug noinitrd earlyprintk init=/bin/bash'
Tegra124 (Jetson TK1) # setenv ipaddr 192.168.100.102; setenv serverip 192.168.100.1; setenv tftpserverip 192.168.100.1
Tegra124 (Jetson TK1) # tftpboot 0x82000000 zImage.multi_v7_defconfig

Warning: eth_rtl8169 using MAC address from ROM
Using eth_rtl8169 device
TFTP from server 192.168.100.1; our IP address is 192.168.100.102
Filename 'zImage.multi_v7_defconfig'.
Load address: 0x82000000
Loading: *#################################################################
	 #################################################################
	 #################################################################
	 #################################################################
	 #################################################################
	 #################################################################
	 #################################################################
	 #################################################################
	 ##############################
	 3.9 MiB/s
done
Bytes transferred = 8061440 (7b0200 hex)
Tegra124 (Jetson TK1) # tftpboot 0x83000000 tegra124-jetson-tk1.dtb
Using eth_rtl8169 device
TFTP from server 192.168.100.1; our IP address is 192.168.100.102
Filename 'tegra124-jetson-tk1.dtb'.
Load address: 0x83000000
Loading: *#####
	 3.7 MiB/s
done
Bytes transferred = 66544 (103f0 hex)
Tegra124 (Jetson TK1) # bootz 0x82000000 - 0x83000000
Kernel image @ 0x82000000 [ 0x000000 - 0x7b0200 ]
## Flattened Device Tree blob at 83000000
   Booting using the fdt blob at 0x83000000
   Using Device Tree in place at 83000000, end 830133ef

Starting kernel ...

[    0.000000] Booting Linux on physical CPU 0x0
[    0.000000] Linux version 4.15.0-rc3-334484-g50c4c4e268a2 (jonathanh@tamien) (gcc version 4.7.3 20130328 (prerelease) (crosstool-NG linaro-1.13.1-4.7-2013.04-20130415 - Linaro GCC 2013.04)) #1 SMP Tue Dec 12 08:01:37 PST 2017
[    0.000000] CPU: ARMv7 Processor [413fc0f3] revision 3 (ARMv7), cr=10c5387d
[    0.000000] CPU: div instructions available: patching division code
[    0.000000] CPU: PIPT / VIPT nonaliasing data cache, PIPT instruction cache
[    0.000000] OF: fdt: Machine model: NVIDIA Tegra124 Jetson TK1
[    0.000000] debug: ignoring loglevel setting.
[    0.000000] Memory policy: Data cache writealloc
[    0.000000] efi: Getting EFI parameters from FDT:
[    0.000000] efi: UEFI not found.
[    0.000000] cma: Reserved 64 MiB at 0xfb800000
[    0.000000] On node 0 totalpages: 524032
[    0.000000]   DMA zone: 1536 pages used for memmap
[    0.000000]   DMA zone: 0 pages reserved
[    0.000000]   DMA zone: 196608 pages, LIFO batch:31
[    0.000000]   HighMem zone: 327424 pages, LIFO batch:31
[    0.000000] random: fast init done
[    0.000000] percpu: Embedded 17 pages/cpu @(ptrval) s39040 r8192 d22400 u69632
[    0.000000] pcpu-alloc: s39040 r8192 d22400 u69632 alloc=17*4096
[    0.000000] pcpu-alloc: [0] 0 [0] 1 [0] 2 [0] 3 
[    0.000000] Built 1 zonelists, mobility grouping on.  Total pages: 522496
[    0.000000] Kernel command line: ignore_loglevel console=ttyS0,115200n8 rw root=PARTUUID=b1791faa-84e8-4e27-83a1-9fb0a77e8803 rootwait gpt debug noinitrd earlyprintk init=/bin/bash
[    0.000000] Dentry cache hash table entries: 131072 (order: 7, 524288 bytes)
[    0.000000] Inode-cache hash table entries: 65536 (order: 6, 262144 bytes)
[    0.000000] Memory: 1992440K/2096128K available (11264K kernel code, 1602K rwdata, 4296K rodata, 2048K init, 404K bss, 38152K reserved, 65536K cma-reserved, 1244160K highmem)
[    0.000000] Virtual kernel memory layout:
[    0.000000]     vector  : 0xffff0000 - 0xffff1000   (   4 kB)
[    0.000000]     fixmap  : 0xffc00000 - 0xfff00000   (3072 kB)
[    0.000000]     vmalloc : 0xf0800000 - 0xff800000   ( 240 MB)
[    0.000000]     lowmem  : 0xc0000000 - 0xf0000000   ( 768 MB)
[    0.000000]     pkmap   : 0xbfe00000 - 0xc0000000   (   2 MB)
[    0.000000]     modules : 0xbf000000 - 0xbfe00000   (  14 MB)
[    0.000000]       .text : 0x(ptrval) - 0x(ptrval)   (12256 kB)
[    0.000000]       .init : 0x(ptrval) - 0x(ptrval)   (2048 kB)
[    0.000000]       .data : 0x(ptrval) - 0x(ptrval)   (1603 kB)
[    0.000000]        .bss : 0x(ptrval) - 0x(ptrval)   ( 405 kB)
[    0.000000] SLUB: HWalign=64, Order=0-3, MinObjects=0, CPUs=4, Nodes=1
[    0.000000] Hierarchical RCU implementation.
[    0.000000] 	RCU event tracing is enabled.
[    0.000000] 	RCU restricting CPUs from NR_CPUS=16 to nr_cpu_ids=4.
[    0.000000] RCU: Adjusting geometry for rcu_fanout_leaf=16, nr_cpu_ids=4
[    0.000000] NR_IRQS: 16, nr_irqs: 16, preallocated irqs: 16
[    0.000000] /interrupt-controller@60004000: 160 interrupts forwarded to /interrupt-controller@50041000
[    0.000000] Tegra clk 127: register failed with -17
[    0.000008] sched_clock: 32 bits at 1000kHz, resolution 1000ns, wraps every 2147483647500ns
[    0.000028] clocksource: timer_us: mask: 0xffffffff max_cycles: 0xffffffff, max_idle_ns: 1911260446275 ns
[    0.000043] Switching to timer-based delay loop, resolution 1000ns
[    0.005645] arch_timer: cp15 timer(s) running at 12.00MHz (virt).
[    0.005663] clocksource: arch_sys_counter: mask: 0xffffffffffffff max_cycles: 0x2c47f4ee7, max_idle_ns: 440795202497 ns
[    0.005683] sched_clock: 56 bits at 12MHz, resolution 83ns, wraps every 4398046511096ns
[    0.005697] Switching to timer-based delay loop, resolution 83ns
[    0.006187] Console: colour dummy device 80x30
[    0.006221] Calibrating delay loop (skipped), value calculated using timer frequency.. 24.00 BogoMIPS (lpj=120000)
[    0.006239] pid_max: default: 32768 minimum: 301
[    0.006335] Mount-cache hash table entries: 2048 (order: 1, 8192 bytes)
[    0.006350] Mountpoint-cache hash table entries: 2048 (order: 1, 8192 bytes)
[    0.006862] CPU: Testing write buffer coherency: ok
[    0.007120] /cpus/cpu@0 missing clock-frequency property
[    0.007166] /cpus/cpu@1 missing clock-frequency property
[    0.007210] /cpus/cpu@2 missing clock-frequency property
[    0.007255] /cpus/cpu@3 missing clock-frequency property
[    0.007269] CPU0: thread -1, cpu 0, socket 0, mpidr 80000000
[    0.007578] Setting up static identity map for 0x80300000 - 0x803000a0
[    0.009588] Hierarchical SRCU implementation.
[    0.011549] Tegra Revision: A01 SKU: 129 CPU Process: 1 SoC Process: 1
[    0.012354] EFI services will not be available.
[    0.012510] smp: Bringing up secondary CPUs ...
[    0.013072] CPU1: thread -1, cpu 1, socket 0, mpidr 80000001
[    0.016162] CPU2: thread -1, cpu 2, socket 0, mpidr 80000002
[    0.026197] CPU3: thread -1, cpu 3, socket 0, mpidr 80000003
[    0.035644] smp: Brought up 1 node, 4 CPUs
[    0.035665] SMP: Total of 4 processors activated (96.00 BogoMIPS).
[    0.035674] CPU: All CPU(s) started in SVC mode.
[    0.037181] devtmpfs: initialized
[    0.050986] VFP support v0.3: implementor 41 architecture 4 part 30 variant f rev 0
[    0.051371] clocksource: jiffies: mask: 0xffffffff max_cycles: 0xffffffff, max_idle_ns: 19112604462750000 ns
[    0.051390] futex hash table entries: 1024 (order: 4, 65536 bytes)
[    0.052824] pinctrl core: initialized pinctrl subsystem
[    0.054395] DMI not present or invalid.
[    0.054640] NET: Registered protocol family 16
[    0.056852] DMA: preallocated 256 KiB pool for atomic coherent allocations
[    0.059276] cpuidle: using governor menu
[    0.084912] No ATAGs?
[    0.085041] hw-breakpoint: found 5 (+1 reserved) breakpoint and 4 watchpoint registers.
[    0.085057] hw-breakpoint: maximum watchpoint size is 8 bytes.
[    0.092619] Serial: AMBA PL011 UART driver
[    0.094026] iommu: Adding device reg-dummy to group 0
[    0.094067] iommu: Adding device 1003000.pcie to group 1
[    0.094144] iommu: Adding device 50000000.host1x to group 2
[    0.094222] iommu: Adding device 54200000.dc to group 3
[    0.094293] iommu: Adding device 54240000.dc to group 4
[    0.094325] iommu: Adding device 54280000.hdmi to group 5
[    0.094396] iommu: Adding device 57000000.gpu to group 6
[    0.094431] iommu: Adding device 60005000.timer to group 7
[    0.094464] iommu: Adding device 60007000.flow-controller to group 8
[    0.094495] iommu: Adding device 6000c800.actmon to group 9
[    0.094528] iommu: Adding device 6000d000.gpio to group 10
[    0.094559] iommu: Adding device 60020000.dma to group 11
[    0.094590] iommu: Adding device 70000800.apbmisc to group 12
[    0.094626] iommu: Adding device 70000868.pinmux to group 13
[    0.094658] iommu: Adding device 70006000.serial to group 14
[    0.094689] iommu: Adding device 70006040.serial to group 15
[    0.094725] iommu: Adding device 70006300.serial to group 16
[    0.094757] iommu: Adding device 7000c000.i2c to group 17
[    0.094788] iommu: Adding device 7000c400.i2c to group 18
[    0.094819] iommu: Adding device 7000c500.i2c to group 19
[    0.094850] iommu: Adding device 7000c700.i2c to group 20
[    0.094881] iommu: Adding device 7000d000.i2c to group 21
[    0.094914] iommu: Adding device 7000d400.spi to group 22
[    0.094945] iommu: Adding device 7000da00.spi to group 23
[    0.094984] iommu: Adding device 7000e000.rtc to group 24
[    0.095016] iommu: Adding device 7000e400.pmc to group 25
[    0.095047] iommu: Adding device 7000f800.fuse to group 26
[    0.095079] iommu: Adding device 70019000.memory-controller to group 27
[    0.095110] iommu: Adding device 7001b000.emc to group 28
[    0.095141] iommu: Adding device 70027000.sata to group 29
[    0.095172] iommu: Adding device 70030000.hda to group 30
[    0.095208] iommu: Adding device 70090000.usb to group 31
[    0.095239] iommu: Adding device 7009f000.padctl to group 32
[    0.095274] iommu: Adding device 700b0400.sdhci to group 33
[    0.095310] iommu: Adding device 700b0600.sdhci to group 34
[    0.095342] iommu: Adding device 70015000.cec to group 35
[    0.095373] iommu: Adding device 700e2000.thermal-sensor to group 36
[    0.095404] iommu: Adding device 70110000.clock to group 37
[    0.095434] iommu: Adding device 70300000.ahub to group 38
[    0.095465] iommu: Adding device 7d000000.usb to group 39
[    0.095496] iommu: Adding device 7d000000.usb-phy to group 40
[    0.095532] iommu: Adding device 7d004000.usb to group 41
[    0.095563] iommu: Adding device 7d004000.usb-phy to group 42
[    0.095594] iommu: Adding device 7d008000.usb to group 43
[    0.095625] iommu: Adding device 7d008000.usb-phy to group 44
[    0.095691] iommu: Adding device pmu to group 45
[    0.095724] iommu: Adding device timer to group 46
[    0.095754] iommu: Adding device clocks to group 47
[    0.095787] iommu: Adding device gpio-keys to group 48
[    0.095822] iommu: Adding device regulators to group 49
[    0.095854] iommu: Adding device regulators:regulator@0 to group 50
[    0.095884] iommu: Adding device regulators:regulator@1 to group 51
[    0.095915] iommu: Adding device regulators:regulator@2 to group 52
[    0.095946] iommu: Adding device regulators:regulator@3 to group 53
[    0.095976] iommu: Adding device regulators:regulator@4 to group 54
[    0.096007] iommu: Adding device regulators:regulator@7 to group 55
[    0.096044] iommu: Adding device regulators:regulator@8 to group 56
[    0.096075] iommu: Adding device regulators:regulator@10 to group 57
[    0.096110] iommu: Adding device regulators:regulator@11 to group 58
[    0.096142] iommu: Adding device regulators:regulator@12 to group 59
[    0.096173] iommu: Adding device regulators:regulator@13 to group 60
[    0.096205] iommu: Adding device regulators:regulator@14 to group 61
[    0.096239] iommu: Adding device sound to group 62
[    0.111164] AT91: Could not find identification node
[    0.111731] +5V_SYS: supplied by +VDD_MUX
[    0.112015] +3.3V_SYS: supplied by +VDD_MUX
[    0.112636] +USB0_VBUS_SW: Failed to request enable GPIO108: -517
[    0.112653] reg-fixed-voltage regulators:regulator@7: Failed to register regulator: -517
[    0.112752] +5V_USB_HS: Failed to request enable GPIO109: -517
[    0.112766] reg-fixed-voltage regulators:regulator@8: Failed to register regulator: -517
[    0.112948] +1.05V_RUN_AVDD_HDMI_PLL: Failed to request enable GPIO63: -517
[    0.112962] reg-fixed-voltage regulators:regulator@11: Failed to register regulator: -517
[    0.113057] +5V_HDMI_CON: Failed to request enable GPIO86: -517
[    0.113071] reg-fixed-voltage regulators:regulator@12: Failed to register regulator: -517
[    0.113166] +5V_SATA: Failed to request enable GPIO242: -517
[    0.113179] reg-fixed-voltage regulators:regulator@13: Failed to register regulator: -517
[    0.113274] +12V_SATA: Failed to request enable GPIO242: -517
[    0.113287] reg-fixed-voltage regulators:regulator@14: Failed to register regulator: -517
[    0.116355] vgaarb: loaded
[    0.117085] SCSI subsystem initialized
[    0.117259] libata version 3.00 loaded.
[    0.117458] usbcore: registered new interface driver usbfs
[    0.117507] usbcore: registered new interface driver hub
[    0.117570] usbcore: registered new device driver usb
[    0.121046] pps_core: LinuxPPS API ver. 1 registered
[    0.121057] pps_core: Software ver. 5.3.6 - Copyright 2005-2007 Rodolfo Giometti <giometti@linux.it>
[    0.121079] PTP clock support registered
[    0.121270] EDAC MC: Ver: 3.0.0
[    0.121534] dmi: Firmware registration failed.
[    0.124124] clocksource: Switched to clocksource arch_sys_counter
[    0.173955] NET: Registered protocol family 2
[    0.174467] TCP established hash table entries: 8192 (order: 3, 32768 bytes)
[    0.174567] TCP bind hash table entries: 8192 (order: 4, 65536 bytes)
[    0.174754] TCP: Hash tables configured (established 8192 bind 8192)
[    0.174838] UDP hash table entries: 512 (order: 2, 16384 bytes)
[    0.174883] UDP-Lite hash table entries: 512 (order: 2, 16384 bytes)
[    0.175032] NET: Registered protocol family 1
[    0.175399] RPC: Registered named UNIX socket transport module.
[    0.175410] RPC: Registered udp transport module.
[    0.175419] RPC: Registered tcp transport module.
[    0.175428] RPC: Registered tcp NFSv4.1 backchannel transport module.
[    0.175441] PCI: CLS 0 bytes, default 64
[    0.176932] hw perfevents: enabled with armv7_cortex_a15 PMU driver, 7 counters available
[    0.177693] iommu: Adding device alarmtimer to group 63
[    0.178489] Initialise system trusted keyrings
[    0.178622] workingset: timestamp_bits=30 max_order=19 bucket_order=0
[    0.184437] squashfs: version 4.0 (2009/01/31) Phillip Lougher
[    0.185011] NFS: Registering the id_resolver key type
[    0.185033] Key type id_resolver registered
[    0.185042] Key type id_legacy registered
[    0.185084] ntfs: driver 2.1.32 [Flags: R/O].
[    0.186490] Key type asymmetric registered
[    0.186501] Asymmetric key parser 'x509' registered
[    0.186554] bounce: pool size: 64 pages
[    0.186598] Block layer SCSI generic (bsg) driver version 0.4 loaded (major 247)
[    0.186609] io scheduler noop registered
[    0.186619] io scheduler deadline registered
[    0.186843] io scheduler cfq registered (default)
[    0.186854] io scheduler mq-deadline registered
[    0.186864] io scheduler kyber registered
[    0.191020]  usb2-0: usb2-0 supply vbus not found, using dummy regulator
[    0.191124]  usb2-1: usb2-1 supply vbus not found, using dummy regulator
[    0.191490] tegra-xusb-padctl 7009f000.padctl: failed to setup XUSB ports: -517
[    0.210708] tegra-pcie 1003000.pcie: 2x1, 1x1 configuration
[    0.210768] tegra-pcie 1003000.pcie: Failed to get supply 'avddio-pex': -517
[    0.217261] tegra124-dfll 70110000.clock: couldn't get vdd_cpu regulator
[    0.223781] tegra-apbdma 60020000.dma: Tegra20 APB DMA driver register 32 channels
[    0.227176] tegra-pmc 7000e400.pmc: emergency thermal reset enabled
[    0.277571] Serial: 8250/16550 driver, 4 ports, IRQ sharing disabled
[    0.277668] iommu: Adding device serial8250 to group 64
[    0.280161] console [ttyS0] disabled
[    0.280201] 70006300.serial: ttyS0 at MMIO 0x70006300 (irq = 335, base_baud = 25500000) is a Tegra
[    1.549237] console [ttyS0] enabled
[    1.553646] SuperH (H)SCI(F) driver initialized
[    1.559324] msm_serial: driver initialized
[    1.563615] STMicroelectronics ASC driver initialized
[    1.569371] 70006000.serial: ttyTHS1 at MMIO 0x70006000 (irq = 333, base_baud = 0) is a TEGRA_UART
[    1.578642] 70006040.serial: ttyTHS2 at MMIO 0x70006040 (irq = 334, base_baud = 0) is a TEGRA_UART
[    1.609866] tegra-hdmi 54280000.hdmi: failed to get HDMI regulator
[    1.626873] brd: module loaded
[    1.636305] loop: module loaded
[    1.640670] at24 0-0056: 256 byte 24c02 EEPROM, writable, 8 bytes/write
[    1.649027] as3722 4-0040: AS3722 with revision 0x1 found
[    1.656388] iommu: Adding device as3722-pinctrl to group 65
[    1.663431] iommu: Adding device as3722-regulator to group 66
[    1.672072] as3722-sd2: supplied by +5V_SYS
[    1.676732] as3722-sd3: supplied by +5V_SYS
[    1.681124] +1.35V_LP0(sd3): Bringing 0uV into 1350000-1350000uV
[    1.687468] as3722-sd4: supplied by +5V_SYS
[    1.692041] as3722-sd5: supplied by +5V_SYS
[    1.698074] as3722-ldo0: supplied by +1.35V_LP0(sd2)
[    1.704097] +1.8V_RUN_CAM: Bringing 0uV into 1800000-1800000uV
[    1.710292] as3722-ldo2: supplied by +1.8V_VDDIO
[    1.716175] as3722-ldo3: supplied by +3.3V_SYS
[    1.720662] +1.05V_LP0_VDD_RTC: Bringing 1100000uV into 1000000-1000000uV
[    1.728429] as3722-ldo4: supplied by +3.3V_SYS
[    1.733091] +2.8V_RUN_CAM: Bringing 0uV into 2800000-2800000uV
[    1.739291] as3722-ldo5: supplied by +1.8V_VDDIO
[    1.744125] +1.2V_RUN_CAM_FRONT: Bringing 0uV into 1200000-1200000uV
[    1.751023] +VDDIO_SDMMC3: bypassed regulator has no supply!
[    1.756697] +VDDIO_SDMMC3: failed to get the current voltage(-517)
[    1.762874] as3722-regulator as3722-regulator: regulator 13 register failed -517
[    1.772756] iommu: Adding device as3722-rtc to group 67
[    1.778336] iommu: Adding device as3722-adc to group 68
[    1.783858] iommu: Adding device as3722-power-off to group 69
[    1.789921] iommu: Adding device as3722-wdt to group 70
[    1.797022] tegra-ahci 70027000.sata: couldn't get PHY in node sata: -517
[    1.819473] m25p80 spi1.0: w25q32dw (4096 Kbytes)
[    1.826605] iommu: Adding device Fixed MDIO bus.0 to group 71
[    1.832697] libphy: Fixed MDIO Bus: probed
[    1.837769] CAN device driver interface
[    1.842545] bgmac_bcma: Broadcom 47xx GBit MAC driver loaded
[    1.849648] e1000e: Intel(R) PRO/1000 Network Driver - 3.2.6-k
[    1.855489] e1000e: Copyright(c) 1999 - 2015 Intel Corporation.
[    1.861446] igb: Intel(R) Gigabit Ethernet Network Driver - version 5.4.0-k
[    1.868413] igb: Copyright (c) 2007-2014 Intel Corporation.
[    1.878073] pegasus: v0.9.3 (2013/04/25), Pegasus/Pegasus II USB Ethernet driver
[    1.885528] usbcore: registered new interface driver pegasus
[    1.891221] usbcore: registered new interface driver asix
[    1.896663] usbcore: registered new interface driver ax88179_178a
[    1.902773] usbcore: registered new interface driver cdc_ether
[    1.908661] usbcore: registered new interface driver smsc75xx
[    1.914457] usbcore: registered new interface driver smsc95xx
[    1.920222] usbcore: registered new interface driver net1080
[    1.925920] usbcore: registered new interface driver cdc_subset
[    1.931856] usbcore: registered new interface driver zaurus
[    1.937482] usbcore: registered new interface driver cdc_ncm
[    1.943368] tegra-phy 7d000000.usb-phy: no vbus regulator
[    1.948982] tegra-phy 7d004000.usb-phy: no vbus regulator
[    1.956462] ehci_hcd: USB 2.0 'Enhanced' Host Controller (EHCI) Driver
[    1.962981] ehci-pci: EHCI PCI platform driver
[    1.967470] ehci-platform: EHCI generic platform driver
[    1.972904] ehci-orion: EHCI orion driver
[    1.977092] SPEAr-ehci: EHCI SPEAr driver
[    1.981239] ehci-st: EHCI STMicroelectronics driver
[    1.986270] ehci-exynos: EHCI EXYNOS driver
[    1.990608] ehci-atmel: EHCI Atmel driver
[    1.994774] tegra-ehci: Tegra EHCI driver
[    2.001622] tegra-ehci 7d004000.usb: EHCI Host Controller
[    2.007057] tegra-ehci 7d004000.usb: new USB bus registered, assigned bus number 1
[    2.014801] tegra-ehci 7d004000.usb: irq 356, io mem 0x7d004000
[    2.044150] tegra-ehci 7d004000.usb: USB 2.0 started, EHCI 1.10
[    2.050745] hub 1-0:1.0: USB hub found
[    2.054548] hub 1-0:1.0: 1 port detected
[    2.059033] ohci_hcd: USB 1.1 'Open' Host Controller (OHCI) Driver
[    2.065234] ohci-pci: OHCI PCI platform driver
[    2.069706] ohci-platform: OHCI generic platform driver
[    2.075144] SPEAr-ohci: OHCI SPEAr driver
[    2.079292] ohci-st: OHCI STMicroelectronics driver
[    2.084324] ohci-atmel: OHCI Atmel driver
[    2.089126] usbcore: registered new interface driver usb-storage
[    2.096941] iommu: Adding device ci_hdrc.0 to group 72
[    2.109315] as3722-rtc as3722-rtc: rtc core: registered as3722-rtc as rtc0
[    2.116206] as3722-rtc as3722-rtc: RTC interrupt 379
[    2.124643] tegra_rtc 7000e000.rtc: rtc core: registered 7000e000.rtc as rtc1
[    2.131810] tegra_rtc 7000e000.rtc: Tegra internal Real Time Clock
[    2.138572] i2c /dev entries driver
[    2.149260] lm90 0-004c: 0-004c supply vcc not found, using dummy regulator
[    2.164564] iommu: Adding device cpufreq-tegra124 to group 73
[    2.172767] sdhci: Secure Digital Host Controller Interface driver
[    2.178962] sdhci: Copyright(c) Pierre Ossman
[    2.185134] Synopsys Designware Multimedia Card Interface Driver
[    2.192682] sdhci-pltfm: SDHCI platform and OF driver helper
[    2.199164] sdhci-tegra 700b0400.sdhci: Got CD GPIO
[    2.204052] sdhci-tegra 700b0400.sdhci: Got WP GPIO
[    2.225327] mmc0: Unknown controller version (3). You may experience problems.
[    2.232584] mmc0: Invalid maximum block size, assuming 512 bytes
[    2.304149] mmc0: SDHCI controller on 700b0600.sdhci [700b0600.sdhci] using ADMA
[    2.313753] ledtrig-cpu: registered to indicate activity on CPUs
[    2.320095] usbcore: registered new interface driver usbhid
[    2.325679] usbhid: USB HID core driver
[    2.333663] NET: Registered protocol family 10
[    2.338979] Segment Routing with IPv6
[    2.342789] sit: IPv6, IPv4 and MPLS over IPv4 tunneling driver
[    2.349253] NET: Registered protocol family 17
[    2.353698] can: controller area network core (rev 20170425 abi 9)
[    2.359943] NET: Registered protocol family 29
[    2.364401] can: raw protocol (rev 20170425)
[    2.368665] can: broadcast manager protocol (rev 20170425 t)
[    2.374336] can: netlink gateway (rev 20170425) max_hops=1
[    2.380100] Key type dns_resolver registered
[    2.384875] ThumbEE CPU extension supported.
[    2.389145] Registering SWP/SWPB emulation handler
[    2.394478] Loading compiled-in X.509 certificates
[    2.412551] +3.3V_RUN: supplied by +3.3V_SYS
[    2.417811] +USB0_VBUS_SW: supplied by +5V_SYS
[    2.422448] +3.3V_AVDD_HDMI_AP_GATED: supplied by +3.3V_RUN
[    2.428670] +5V_USB_HS: supplied by +5V_SYS
[    2.433763] +3.3V_LP0: supplied by +3.3V_SYS
[    2.440001] +5V_HDMI_CON: supplied by +5V_SYS
[    2.445290] +5V_SATA: supplied by +5V_SYS
[    2.449887] +12V_SATA: supplied by +VDD_MUX
[    2.455494]  usb2-0: usb2-0 supply vbus not found, using dummy regulator
[    2.462413]  usb2-1: usb2-1 supply vbus not found, using dummy regulator
[    2.469547]  usb3-0: usb3-0 supply vbus not found, using dummy regulator
[    2.477903] tegra-pcie 1003000.pcie: 2x1, 1x1 configuration
[    2.483630] tegra-pcie 1003000.pcie: Failed to get supply 'avddio-pex': -517
[    2.493292] mmc0: new high speed MMC card at address 0001
[    2.494346] tegra124-dfll 70110000.clock: couldn't get vdd_cpu regulator
[    2.498704] tegra-hdmi 54280000.hdmi: failed to get PLL regulator
[    2.503139] as3722-sd2: supplied by +5V_SYS
[    2.503423] as3722-sd3: supplied by +5V_SYS
[    2.503706] as3722-sd4: supplied by +5V_SYS
[    2.503981] as3722-sd5: supplied by +5V_SYS
[    2.505607] as3722-ldo0: supplied by +1.35V_LP0(sd2)
[    2.506116] as3722-ldo1: supplied by +3.3V_RUN
[    2.506429] as3722-ldo2: supplied by +1.8V_VDDIO
[    2.507345] as3722-ldo3: supplied by +3.3V_SYS
[    2.508256] as3722-ldo4: supplied by +3.3V_SYS
[    2.508557] as3722-ldo5: supplied by +1.8V_VDDIO
[    2.508843] as3722-ldo6: supplied by +3.3V_RUN
[    2.509148] as3722-ldo7: supplied by +1.8V_VDDIO
[    2.509396] +1.05V_RUN_CAM_REAR: Bringing 0uV into 1050000-1050000uV
[    2.509780] as3722-ldo9: supplied by +5V_SYS
[    2.510188] +3.3V_RUN_TOUCH: Bringing 0uV into 2800000-2800000uV
[    2.510563] as3722-ldo10: supplied by +5V_SYS
[    2.510792] +2.8V_RUN_CAM_AF: Bringing 0uV into 2800000-2800000uV
[    2.511183] as3722-ldo11: supplied by +3.3V_RUN
[    2.511412] +1.8V_RUN_VPP_FUSE: Bringing 0uV into 1800000-1800000uV
[    2.515041] tegra-ahci 70027000.sata: AHCI 0001.0301 32 slots 2 ports 3 Gbps 0x1 impl platform mode
[    2.515053] tegra-ahci 70027000.sata: flags: 64bit ncq sntf pm led pio slum part sadm sds apst 
[    2.516414] scsi host0: tegra-ahci
[    2.517344] scsi host1: tegra-ahci
[    2.517656] ata1: SATA max UDMA/133 mmio [mem 0x70027000-0x70028fff] port 0x100 irq 345
[    2.517662] ata2: DUMMY
[    2.521764] tegra-ehci 7d008000.usb: EHCI Host Controller
[    2.521801] tegra-ehci 7d008000.usb: new USB bus registered, assigned bus number 2
[    2.522011] tegra-ehci 7d008000.usb: irq 357, io mem 0x7d008000
[    2.544280] tegra-ehci 7d008000.usb: USB 2.0 started, EHCI 1.10
[    2.545564] hub 2-0:1.0: USB hub found
[    2.545620] hub 2-0:1.0: 1 port detected
[    2.548708] sdhci-tegra 700b0400.sdhci: Got CD GPIO
[    2.548729] sdhci-tegra 700b0400.sdhci: Got WP GPIO
[    2.557228] mmc1: Unknown controller version (3). You may experience problems.
[    2.557337] mmc1: Invalid maximum block size, assuming 512 bytes
[    2.624807] mmc1: SDHCI controller on 700b0400.sdhci [700b0400.sdhci] using ADMA
[    2.625755] tegra-pcie 1003000.pcie: 2x1, 1x1 configuration
[    2.631497] tegra-pcie 1003000.pcie: probing port 0, using 2 lanes
[    2.633537] tegra-pcie 1003000.pcie: Slot present pin change, signature: 00000008
[    2.664339] tegra-pcie 1003000.pcie: probing port 1, using 1 lanes
[    2.666403] tegra-pcie 1003000.pcie: Slot present pin change, signature: 00000000
[    2.680671] tegra-pcie 1003000.pcie: PCI host bridge to bus 0000:00
[    2.680682] pci_bus 0000:00: root bus resource [io  0x0000-0xffff]
[    2.680690] pci_bus 0000:00: root bus resource [mem 0x13000000-0x1fffffff]
[    2.680702] pci_bus 0000:00: root bus resource [mem 0x20000000-0x3fffffff pref]
[    2.680710] pci_bus 0000:00: root bus resource [bus 00-ff]
[    2.680754] pci 0000:00:01.0: [10de:0e12] type 01 class 0x060400
[    2.680776] pci_bus 0000:00: 2-byte config write to 0000:00:01.0 offset 0x4 may corrupt adjacent RW1C bits
[    2.680790] pci_bus 0000:00: 2-byte config write to 0000:00:01.0 offset 0x4 may corrupt adjacent RW1C bits
[    2.680835] pci 0000:00:01.0: enabling Extended Tags
[    2.680846] pci_bus 0000:00: 2-byte config write to 0000:00:01.0 offset 0x88 may corrupt adjacent RW1C bits
[    2.680881] pci_bus 0000:00: 2-byte config write to 0000:00:01.0 offset 0x52 may corrupt adjacent RW1C bits
[    2.680936] pci 0000:00:01.0: PME# supported from D0 D1 D2 D3hot D3cold
[    2.680948] pci_bus 0000:00: 2-byte config write to 0000:00:01.0 offset 0x4c may corrupt adjacent RW1C bits
[    2.681221] pci 0000:00:02.0: [10de:0e13] type 01 class 0x060400
[    2.681242] pci_bus 0000:00: 2-byte config write to 0000:00:02.0 offset 0x4 may corrupt adjacent RW1C bits
[    2.681255] pci_bus 0000:00: 2-byte config write to 0000:00:02.0 offset 0x4 may corrupt adjacent RW1C bits
[    2.681297] pci 0000:00:02.0: enabling Extended Tags
[    2.681307] pci_bus 0000:00: 2-byte config write to 0000:00:02.0 offset 0x88 may corrupt adjacent RW1C bits
[    2.681342] pci_bus 0000:00: 2-byte config write to 0000:00:02.0 offset 0x52 may corrupt adjacent RW1C bits
[    2.681395] pci 0000:00:02.0: PME# supported from D0 D1 D2 D3hot D3cold
[    2.681406] pci_bus 0000:00: 2-byte config write to 0000:00:02.0 offset 0x4c may corrupt adjacent RW1C bits
[    2.681689] PCI: bus0: Fast back to back transfers disabled
[    2.681700] pci 0000:00:01.0: bridge configuration invalid ([bus 00-00]), reconfiguring
[    2.681721] pci 0000:00:02.0: bridge configuration invalid ([bus 00-00]), reconfiguring
[    2.681908] pci 0000:01:00.0: [8086:4232] type 00 class 0x028000
[    2.681969] pci 0000:01:00.0: reg 0x10: [mem 0x00000000-0x00001fff 64bit]
[    2.682265] PCI: bus1: Fast back to back transfers disabled
[    2.682275] pci_bus 0000:01: busn_res: [bus 01-ff] end is updated to 01
[    2.682461] pci 0000:02:00.0: [10ec:8168] type 00 class 0x020000
[    2.682502] pci 0000:02:00.0: reg 0x10: [io  0x0000-0x00ff]
[    2.682544] pci 0000:02:00.0: reg 0x18: [mem 0x00000000-0x00000fff 64bit]
[    2.682575] pci 0000:02:00.0: reg 0x20: [mem 0x00000000-0x00003fff 64bit pref]
[    2.682781] PCI: bus2: Fast back to back transfers disabled
[    2.682790] pci_bus 0000:02: busn_res: [bus 02-ff] end is updated to 02
[    2.682836] pci 0000:00:01.0: BAR 8: assigned [mem 0x13000000-0x130fffff]
[    2.682845] pci 0000:00:02.0: BAR 8: assigned [mem 0x13100000-0x131fffff]
[    2.682856] pci 0000:00:02.0: BAR 9: assigned [mem 0x20000000-0x200fffff 64bit pref]
[    2.682863] pci 0000:00:02.0: BAR 7: assigned [io  0x1000-0x1fff]
[    2.682875] pci 0000:01:00.0: BAR 0: assigned [mem 0x13000000-0x13001fff 64bit]
[    2.682907] pci 0000:00:01.0: PCI bridge to [bus 01]
[    2.682920] pci 0000:00:01.0:   bridge window [mem 0x13000000-0x130fffff]
[    2.682941] pci 0000:02:00.0: BAR 4: assigned [mem 0x20000000-0x20003fff 64bit pref]
[    2.682967] pci 0000:02:00.0: BAR 2: assigned [mem 0x13100000-0x13100fff 64bit]
[    2.682992] pci 0000:02:00.0: BAR 0: assigned [io  0x1000-0x10ff]
[    2.683007] pci 0000:00:02.0: PCI bridge to [bus 02]
[    2.683015] pci 0000:00:02.0:   bridge window [io  0x1000-0x1fff]
[    2.683027] pci 0000:00:02.0:   bridge window [mem 0x13100000-0x131fffff]
[    2.683037] pci 0000:00:02.0:   bridge window [mem 0x20000000-0x200fffff 64bit pref]
[    2.683079] pci 0000:00:01.0: nv_msi_ht_cap_quirk didn't locate host bridge
[    2.683232] pcieport 0000:00:01.0: enabling device (0140 -> 0142)
[    2.683521] pcieport 0000:00:01.0: Signaling PME with IRQ 395
[    2.683712] pci 0000:00:02.0: nv_msi_ht_cap_quirk didn't locate host bridge
[    2.683837] pcieport 0000:00:02.0: enabling device (0140 -> 0143)
[    2.684093] pcieport 0000:00:02.0: Signaling PME with IRQ 396
[    2.684638] r8169 Gigabit Ethernet driver 2.3LK-NAPI loaded
[    2.684673] r8169 0000:02:00.0: enabling device (0140 -> 0143)
[    2.684724] r8169 0000:02:00.0 (unnamed net_device) (uninitialized): not PCI Express
[    2.715805] r8169 0000:02:00.0 eth0: RTL8168g/8111g at 0xe8910d7f, 00:04:4b:3a:d9:81, XID 0c000800 IRQ 22
[    2.715814] r8169 0000:02:00.0 eth0: jumbo features [frames: 9200 bytes, tx checksumming: ko]
[    2.721063] +1.05V_RUN_AVDD_HDMI_PLL: supplied by +1.05V_RUN
[    2.723740] [drm] Supports vblank timestamp caching Rev 2 (21.10.2013).
[    2.723744] [drm] No driver support for vblank timestamp query.
[    2.723789] [drm] Cannot find any crtc or sizes
[    2.723878] [drm] Initialized tegra 0.0.0 20120330 for drm on minor 0
[    2.725434] iommu: Adding device cpufreq-dt.0 to group 74
[    2.725994] cpufreq: cpufreq_online: CPU0: Running at unlisted freq: 696000 KHz
[    2.726018] cpufreq: cpufreq_online: CPU0: Unlisted initial frequency changed to: 714000 KHz
[    2.727191] input: gpio-keys as /devices/soc0/gpio-keys/input/input0
[    2.733634] as3722-rtc as3722-rtc: setting system clock to 2000-01-01 00:00:14 UTC (946684814)
[    2.734408] +USB0_VBUS_SW: disabling
[    2.734435] +1.8V_RUN_CAM: disabling
[    2.734842] +2.8V_RUN_CAM: disabling
[    2.735211] +1.2V_RUN_CAM_FRONT: disabling
[    2.735346] +1.05V_RUN_CAM_REAR: disabling
[    2.735704] +3.3V_RUN_TOUCH: disabling
[    2.736073] +2.8V_RUN_CAM_AF: disabling
[    2.736451] +1.8V_RUN_VPP_FUSE: disabling
[    2.847525] ata1: SATA link down (SStatus 0 SControl 300)
[    2.875518] mmc1: new high speed SDHC card at address aaaa
[    2.876204] mmcblk1: mmc1:aaaa SD04G 3.69 GiB 
[    2.885752]  mmcblk1: p1 p2 p3
[    2.910146] tegra-hdmi 54280000.hdmi: cannot set audio to 48000 Hz at 297000000 Hz pixel clock
[    3.274385] mmcblk0: mmc0:0001 SEM16G 14.7 GiB 
[    3.274696] mmcblk0boot0: mmc0:0001 SEM16G partition 1 4.00 MiB
[    3.274891] mmcblk0boot1: mmc0:0001 SEM16G partition 2 4.00 MiB
[    3.275145] mmcblk0rpmb: mmc0:0001 SEM16G partition 3 4.00 MiB, chardev (237:0)
[    3.276860]  mmcblk0: p1
[    3.278417] EXT4-fs (mmcblk0p1): mounting ext3 file system using the ext4 subsystem
[    3.294010] EXT4-fs (mmcblk0p1): recovery complete
[    3.294030] EXT4-fs (mmcblk0p1): mounted filesystem with ordered data mode. Opts: (null)
[    3.294085] VFS: Mounted root (ext3 filesystem) on device 179:17.
[    3.299318] devtmpfs: mounted
[    3.300921] Freeing unused kernel memory: 2048K
[    3.364182] Console: switching to colour frame buffer device 512x135
[    3.469704] drm drm: fb0:  frame buffer device
bash: cannot set terminal process group (-1): Inappropriate ioctl for device
bash: no job control in this shell
root@(none):/# mount -t sysfs none /sys
root@(none):/# 
root@(none):/# mount -t debugfs none /sys/kernel/debug
root@(none):/# 
root@(none):/# rtcwake -d rtc1 -m mem -s 3
rtcwake: assuming RTC uses UTC ...
rtcwake: wakeup from "mem" using /dev/rtc1 at Thu Jan  1 00:00:20 1970
[    6.485176] PM: suspend entry (deep)
[    6.488760] PM: Syncing filesystems ... done.
[    6.561794] Freezing user space processes ... (elapsed 0.001 seconds) done.
[    6.569984] OOM killer disabled.
[    6.573213] Freezing remaining freezable tasks ... (elapsed 0.001 seconds) done.
[    6.581923] Suspending console(s) (use no_console_suspend to debug)
[    6.687420] Disabling non-boot CPUs ...
[    6.834782] Entering suspend state LP1
[    6.834796] Enabling non-boot CPUs ...
[    6.835185] CPU1 is up
[    6.835519] CPU2 is up
[    6.835901] CPU3 is up
[    6.836822] pcieport 0000:00:01.0: nv_msi_ht_cap_quirk didn't locate host bridge
[    6.836897] pcieport 0000:00:02.0: nv_msi_ht_cap_quirk didn't locate host bridge
[    6.874558] tegra-hdmi 54280000.hdmi: cannot set audio to 48000 Hz at 297000000 Hz pixel clock
[    7.038111] OOM killer enabled.
[    7.041242] Restarting tasks ... done.
[    7.123055] PM: suspend exit
root@(none):/# 
root@(none):/# [    7.179342] ata1: SATA link down (SStatus 0 SControl 300)
rtcwake -d rtc1 -m mem -s 3
rtcwake: assuming RTC uses UTC ...
rtcwake: wakeup from "mem" using /dev/rtc1 at Thu Jan  1 00:00:24 1970
[    7.480695] PM: suspend entry (deep)
[    7.484336] PM: Syncing filesystems ... done.
[    7.549910] Freezing user space processes ... (elapsed 0.001 seconds) done.
[    7.558021] OOM killer disabled.
[    7.561249] Freezing remaining freezable tasks ... (elapsed 0.001 seconds) done.
[    7.570014] Suspending console(s) (use no_console_suspend to debug)
[    7.657700] Disabling non-boot CPUs ...
[    7.764246] IRQ17 no longer affine to CPU2
[    7.824677] Entering suspend state LP1
[    7.824691] Enabling non-boot CPUs ...
[    7.825098] CPU1 is up
[    7.825445] CPU2 is up
[    7.825843] CPU3 is up
[    7.826650] pci_generic_config_write32: 80 callbacks suppressed
[    7.826657] pci_bus 0000:00: 2-byte config write to 0000:00:02.0 offset 0x4c may corrupt adjacent RW1C bits
[    7.826667] pci_bus 0000:00: 2-byte config write to 0000:00:02.0 offset 0x88 may corrupt adjacent RW1C bits
[    7.826673] pci_bus 0000:00: 2-byte config write to 0000:00:02.0 offset 0x90 may corrupt adjacent RW1C bits
[    7.826679] pci_bus 0000:00: 2-byte config write to 0000:00:02.0 offset 0x98 may corrupt adjacent RW1C bits
[    7.826684] pci_bus 0000:00: 2-byte config write to 0000:00:02.0 offset 0x9c may corrupt adjacent RW1C bits
[    7.826689] pci_bus 0000:00: 2-byte config write to 0000:00:02.0 offset 0xa8 may corrupt adjacent RW1C bits
[    7.826694] pci_bus 0000:00: 2-byte config write to 0000:00:02.0 offset 0xb0 may corrupt adjacent RW1C bits
[    7.826723] pci_bus 0000:00: 2-byte config write to 0000:00:02.0 offset 0x52 may corrupt adjacent RW1C bits
[    7.826729] pci_bus 0000:00: 2-byte config write to 0000:00:02.0 offset 0x52 may corrupt adjacent RW1C bits
[    7.826736] pci_bus 0000:00: 2-byte config write to 0000:00:02.0 offset 0x5c may corrupt adjacent RW1C bits
[    7.826762] pcieport 0000:00:02.0: nv_msi_ht_cap_quirk didn't locate host bridge
[    7.826834] pcieport 0000:00:01.0: nv_msi_ht_cap_quirk didn't locate host bridge
[    7.864553] tegra-hdmi 54280000.hdmi: cannot set audio to 48000 Hz at 297000000 Hz pixel clock
[    8.135635] OOM killer enabled.
[    8.138776] Restarting tasks ... done.
[    8.167857] ata1: SATA link down (SStatus 0 SControl 300)
[    8.202418] PM: suspend exit
root@(none):/# 
root@(none):/# rtcwake -d rtc1 -m mem -s 3
rtcwake: assuming RTC uses UTC ...
rtcwake: wakeup from "mem" using /dev/rtc1 at Thu Jan  1 00:00:29 1970
[    9.471546] PM: suspend entry (deep)
[    9.475202] PM: Syncing filesystems ... done.
[    9.543211] Freezing user space processes ... (elapsed 0.001 seconds) done.
[    9.551385] OOM killer disabled.
[    9.554625] Freezing remaining freezable tasks ... (elapsed 0.001 seconds) done.
[    9.563326] Suspending console(s) (use no_console_suspend to debug)
[    9.648454] Disabling non-boot CPUs ...
[    9.814611] Entering suspend state LP1
[    9.814623] Enabling non-boot CPUs ...
[    9.814957] CPU1 is up
[    9.815229] CPU2 is up
[    9.815537] CPU3 is up
[    9.816194] pcieport 0000:00:01.0: nv_msi_ht_cap_quirk didn't locate host bridge
[    9.816298] pcieport 0000:00:02.0: nv_msi_ht_cap_quirk didn't locate host bridge
[    9.854491] tegra-hdmi 54280000.hdmi: cannot set audio to 48000 Hz at 297000000 Hz pixel clock
[   10.009733] OOM killer enabled.
[   10.012862] Restarting tasks ... done.
[   10.051098] PM: suspend exit
root@(none):/# 
root@(none):/# [   10.159315] ata1: SATA link down (SStatus 0 SControl 300)
rtcwake -d rtc1 -m mem -s 3
rtcwake: assuming RTC uses UTC ...
rtcwake: wakeup from "mem" using /dev/rtc1 at Thu Jan  1 00:00:33 1970
[   10.458911] PM: suspend entry (deep)
[   10.462493] PM: Syncing filesystems ... done.
[   10.520073] Freezing user space processes ... (elapsed 0.001 seconds) done.
[   10.528180] OOM killer disabled.
[   10.531407] Freezing remaining freezable tasks ... (elapsed 0.001 seconds) done.
[   10.540214] Suspending console(s) (use no_console_suspend to debug)
[   10.627839] Disabling non-boot CPUs ...
[   10.794626] Entering suspend state LP1
[   10.794640] Enabling non-boot CPUs ...
[   10.795049] CPU1 is up
[   10.795397] CPU2 is up
[   10.795792] CPU3 is up
[   10.796693] pcieport 0000:00:02.0: nv_msi_ht_cap_quirk didn't locate host bridge
[   10.796695] pcieport 0000:00:01.0: nv_msi_ht_cap_quirk didn't locate host bridge
[   10.854505] tegra-hdmi 54280000.hdmi: cannot set audio to 48000 Hz at 297000000 Hz pixel clock
[   11.018048] OOM killer enabled.
[   11.021178] Restarting tasks ... done.
[   11.148953] ata1: SATA link down (SStatus 0 SControl 300)
root@(none):/# 
[   11.242191] PM: suspend exit
root@(none):/# rtcwake -d rtc1 -m mem -s 3
rtcwake: assuming RTC uses UTC ...
rtcwake: wakeup from "mem" using /dev/rtc1 at Thu Jan  1 00:00:37 1970
[   11.443684] PM: suspend entry (deep)
[   11.447345] PM: Syncing filesystems ... done.
[   11.736982] Freezing user space processes ... (elapsed 0.001 seconds) done.
[   11.745339] OOM killer disabled.
[   11.748564] Freezing remaining freezable tasks ... (elapsed 0.001 seconds) done.
[   11.757366] Suspending console(s) (use no_console_suspend to debug)
[   11.848165] Disabling non-boot CPUs ...
[   11.974182] IRQ17 no longer affine to CPU2
[   12.014568] Entering suspend state LP1
[   12.014582] Enabling non-boot CPUs ...
[   12.014993] CPU1 is up
[   12.015339] CPU2 is up
[   12.015742] CPU3 is up
[   12.016652] pcieport 0000:00:02.0: nv_msi_ht_cap_quirk didn't locate host bridge
[   12.016659] pcieport 0000:00:01.0: nv_msi_ht_cap_quirk didn't locate host bridge
[   12.054487] tegra-hdmi 54280000.hdmi: cannot set audio to 48000 Hz at 297000000 Hz pixel clock
[   12.222150] OOM killer enabled.
[   12.225293] Restarting tasks ... done.
[   12.301148] PM: suspend exit
root@(none):/# 
root@(none):/# [   12.358549] ata1: SATA link down (SStatus 0 SControl 300)
rtcwake -d rtc1 -m mem -s 3
rtcwake: assuming RTC uses UTC ...
rtcwake: wakeup from "mem" using /dev/rtc1 at Thu Jan  1 00:00:41 1970
[   12.658806] PM: suspend entry (deep)
[   12.662386] PM: Syncing filesystems ... done.
[   12.720020] Freezing user space processes ... (elapsed 0.001 seconds) done.
[   12.728202] OOM killer disabled.
[   12.731429] Freezing remaining freezable tasks ... (elapsed 0.001 seconds) done.
[   12.740236] Suspending console(s) (use no_console_suspend to debug)
[   12.828277] Disabling non-boot CPUs ...
[   12.984538] Entering suspend state LP1
[   12.984550] Enabling non-boot CPUs ...
[   12.984888] CPU1 is up
[   12.985162] CPU2 is up
[   12.985471] CPU3 is up
[   12.986077] pci_generic_config_write32: 102 callbacks suppressed
[   12.986082] pci_bus 0000:00: 2-byte config write to 0000:00:01.0 offset 0x4c may corrupt adjacent RW1C bits
[   12.986089] pci_bus 0000:00: 2-byte config write to 0000:00:02.0 offset 0x4c may corrupt adjacent RW1C bits
[   12.986099] pci_bus 0000:00: 2-byte config write to 0000:00:01.0 offset 0x88 may corrupt adjacent RW1C bits
[   12.986104] pci_bus 0000:00: 2-byte config write to 0000:00:02.0 offset 0x88 may corrupt adjacent RW1C bits
[   12.986108] pci_bus 0000:00: 2-byte config write to 0000:00:01.0 offset 0x90 may corrupt adjacent RW1C bits
[   12.986112] pci_bus 0000:00: 2-byte config write to 0000:00:02.0 offset 0x90 may corrupt adjacent RW1C bits
[   12.986117] pci_bus 0000:00: 2-byte config write to 0000:00:01.0 offset 0x98 may corrupt adjacent RW1C bits
[   12.986121] pci_bus 0000:00: 2-byte config write to 0000:00:02.0 offset 0x98 may corrupt adjacent RW1C bits
[   12.986125] pci_bus 0000:00: 2-byte config write to 0000:00:01.0 offset 0x9c may corrupt adjacent RW1C bits
[   12.986129] pci_bus 0000:00: 2-byte config write to 0000:00:02.0 offset 0x9c may corrupt adjacent RW1C bits
[   12.986220] pcieport 0000:00:02.0: nv_msi_ht_cap_quirk didn't locate host bridge
[   12.986222] pcieport 0000:00:01.0: nv_msi_ht_cap_quirk didn't locate host bridge
[   13.024418] tegra-hdmi 54280000.hdmi: cannot set audio to 48000 Hz at 297000000 Hz pixel clock
[   13.283297] OOM killer enabled.
[   13.286455] Restarting tasks ... done.
[   13.327873] ata1: SATA link down (SStatus 0 SControl 300)
[   13.360940] PM: suspend exit
root@(none):/# 
root@(none):/# rtcwake -d rtc1 -m mem -s 3
rtcwake: assuming RTC uses UTC ...
rtcwake: wakeup from "mem" using /dev/rtc1 at Thu Jan  1 00:00:46 1970
[   14.641232] PM: suspend entry (deep)
[   14.644880] PM: Syncing filesystems ... done.
[   14.703085] Freezing user space processes ... (elapsed 0.001 seconds) done.
[   14.711250] OOM killer disabled.
[   14.714490] Freezing remaining freezable tasks ... (elapsed 0.001 seconds) done.
[   14.723194] Suspending console(s) (use no_console_suspend to debug)
[   14.808228] Disabling non-boot CPUs ...
[   14.924140] IRQ17 no longer affine to CPU2
[   14.984538] Entering suspend state LP1
[   14.984552] Enabling non-boot CPUs ...
[   14.984962] CPU1 is up
[   14.985310] CPU2 is up
[   14.985707] CPU3 is up
[   14.986578] pcieport 0000:00:02.0: nv_msi_ht_cap_quirk didn't locate host bridge
[   14.986693] pcieport 0000:00:01.0: nv_msi_ht_cap_quirk didn't locate host bridge
[   15.024457] tegra-hdmi 54280000.hdmi: cannot set audio to 48000 Hz at 297000000 Hz pixel clock
[   15.192222] OOM killer enabled.
[   15.195364] Restarting tasks ... done.
[   15.271116] PM: suspend exit
root@(none):/# 
root@(none):/# [   15.328517] ata1: SATA link down (SStatus 0 SControl 300)
rtcwake -d rtc1 -m mem -s 3
rtcwake: assuming RTC uses UTC ...
rtcwake: wakeup from "mem" using /dev/rtc1 at Thu Jan  1 00:00:50 1970
[   15.642156] PM: suspend entry (deep)
[   15.645809] PM: Syncing filesystems ... done.
[   15.704341] Freezing user space processes ... (elapsed 0.001 seconds) done.
[   15.712540] OOM killer disabled.
[   15.715788] Freezing remaining freezable tasks ... (elapsed 0.001 seconds) done.
[   15.724532] Suspending console(s) (use no_console_suspend to debug)
[   15.826844] Disabling non-boot CPUs ...
[   15.995821] Entering suspend state LP1
[   15.995835] Enabling non-boot CPUs ...
[   15.996247] CPU1 is up
[   15.996594] CPU2 is up
[   15.996993] CPU3 is up
[   15.997906] pcieport 0000:00:01.0: nv_msi_ht_cap_quirk didn't locate host bridge
[   15.997908] pcieport 0000:00:02.0: nv_msi_ht_cap_quirk didn't locate host bridge
[   16.044415] tegra-hdmi 54280000.hdmi: cannot set audio to 48000 Hz at 297000000 Hz pixel clock
[   16.207981] OOM killer enabled.
[   16.211110] Restarting tasks ... done.
[   16.292674] PM: suspend exit
root@(none):/# 
root@(none):/# [   16.348354] ata1: SATA link down (SStatus 0 SControl 300)
rtcwake -d rtc1 -m mem -s 3
rtcwake: assuming RTC uses UTC ...
rtcwake: wakeup from "mem" using /dev/rtc1 at Thu Jan  1 00:00:54 1970
[   16.649446] PM: suspend entry (deep)
[   16.653026] PM: Syncing filesystems ... done.
[   16.709940] Freezing user space processes ... (elapsed 0.001 seconds) done.
[   16.718134] OOM killer disabled.
[   16.721361] Freezing remaining freezable tasks ... (elapsed 0.001 seconds) done.
[   16.730178] Suspending console(s) (use no_console_suspend to debug)
[   16.818237] Disabling non-boot CPUs ...
[   16.974489] Entering suspend state LP1
[   16.974503] Enabling non-boot CPUs ...
[   16.974914] CPU1 is up
[   16.975261] CPU2 is up
[   16.975655] CPU3 is up
[   16.976523] pcieport 0000:00:02.0: nv_msi_ht_cap_quirk didn't locate host bridge
[   16.976626] pcieport 0000:00:01.0: nv_msi_ht_cap_quirk didn't locate host bridge
[   17.014391] tegra-hdmi 54280000.hdmi: cannot set audio to 48000 Hz at 297000000 Hz pixel clock
[   17.178091] OOM killer enabled.
[   17.181221] Restarting tasks ... done.
[   17.262663] PM: suspend exit
root@(none):/# 
root@(none):/# [   17.318347] ata1: SATA link down (SStatus 0 SControl 300)
rtcwake -d rtc1 -m mem -s 3
rtcwake: assuming RTC uses UTC ...
rtcwake: wakeup from "mem" using /dev/rtc1 at Thu Jan  1 00:00:58 1970
[   17.629052] PM: suspend entry (deep)
[   17.632636] PM: Syncing filesystems ... done.
[   17.679942] Freezing user space processes ... (elapsed 0.001 seconds) done.
[   17.688088] OOM killer disabled.
[   17.691308] Freezing remaining freezable tasks ... (elapsed 0.001 seconds) done.
[   17.699908] Suspending console(s) (use no_console_suspend to debug)
[   17.787834] Disabling non-boot CPUs ...
[   17.944475] Entering suspend state LP1
[   17.944487] Enabling non-boot CPUs ...
[   17.944831] CPU1 is up
[   17.945110] CPU2 is up
[   17.945423] CPU3 is up
[   17.946094] pcieport 0000:00:02.0: nv_msi_ht_cap_quirk didn't locate host bridge
[   17.946185] pcieport 0000:00:01.0: nv_msi_ht_cap_quirk didn't locate host bridge
[   17.984346] tegra-hdmi 54280000.hdmi: cannot set audio to 48000 Hz at 297000000 Hz pixel clock
[   18.140132] OOM killer enabled.
[   18.143261] Restarting tasks ... done.
[   18.189461] PM: suspend exit
root@(none):/# 
root@(none):/# NVTB SYSTEM SUSPEND TEST COMPLETE
[   18.288690] ata1: SATA link down (SStatus 0 SControl 300)
