
U-Boot SPL 2016.05-rc2 (Apr 21 2016 - 16:23:00)
Trying to boot from RAM


U-Boot 2016.05-rc2 (Apr 21 2016 - 16:23:00 -0700)

TEGRA124
Model: NVIDIA Jetson TK1
Board: NVIDIA Jetson TK1
DRAM:  2 GiB
MMC:   Tegra SD/MMC: 0, Tegra SD/MMC: 1
In:    serial
Out:   serial
Err:   serial
Net:   No ethernet found.
Hit any key to stop autoboot:  2  0 
Tegra124 (Jetson TK1) # 
Tegra124 (Jetson TK1) # pci enum
Tegra124 (Jetson TK1) # setenv bootargs 'ignore_loglevel console=ttyS0,115200n8 rw root=PARTUUID=b1791faa-84e8-4e27-83a1-9fb0a77e8803 rootwait gpt debug noinitrd earlyprintk init=/bin/bash'
Tegra124 (Jetson TK1) # setenv ipaddr 192.168.100.102; setenv serverip 192.168.100.1; setenv tftpserverip 192.168.100.1
Tegra124 (Jetson TK1) # tftpboot 0x82000000 zImage.tegra_defconfig%tegra-fw

Warning: eth_rtl8169 using MAC address from ROM
Using eth_rtl8169 device
TFTP from server 192.168.100.1; our IP address is 192.168.100.102
Filename 'zImage.tegra_defconfig%tegra-fw'.
Load address: 0x82000000
Loading: *#################################################################
	 #################################################################
	 #################################################################
	 #################################################################
	 #################################################################
	 #################################################################
	 ##########################################
	 3.9 MiB/s
done
Bytes transferred = 6331136 (609b00 hex)
Tegra124 (Jetson TK1) # tftpboot 0x83000000 tegra124-jetson-tk1.dtb
Using eth_rtl8169 device
TFTP from server 192.168.100.1; our IP address is 192.168.100.102
Filename 'tegra124-jetson-tk1.dtb'.
Load address: 0x83000000
Loading: *#####
	 3.5 MiB/s
done
Bytes transferred = 66544 (103f0 hex)
Tegra124 (Jetson TK1) # bootz 0x82000000 - 0x83000000
Kernel image @ 0x82000000 [ 0x000000 - 0x609b00 ]
## Flattened Device Tree blob at 83000000
   Booting using the fdt blob at 0x83000000
   Using Device Tree in place at 83000000, end 830133ef

Starting kernel ...

[    0.000000] Booting Linux on physical CPU 0x0
[    0.000000] Linux version 4.15.0-rc3-216243-g50c4c4e (jonathanh@sellafield) (gcc version 4.7.3 20130328 (prerelease) (crosstool-NG linaro-1.13.1-4.7-2013.04-20130415 - Linaro GCC 2013.04)) #1 SMP PREEMPT Tue Dec 12 08:02:12 PST 2017
[    0.000000] CPU: ARMv7 Processor [413fc0f3] revision 3 (ARMv7), cr=10c5387d
[    0.000000] CPU: div instructions available: patching division code
[    0.000000] CPU: PIPT / VIPT nonaliasing data cache, PIPT instruction cache
[    0.000000] OF: fdt: Machine model: NVIDIA Tegra124 Jetson TK1
[    0.000000] debug: ignoring loglevel setting.
[    0.000000] bootconsole [earlycon0] enabled
[    0.000000] Memory policy: Data cache writealloc
[    0.000000] cma: Reserved 64 MiB at 0xfbc00000
[    0.000000] On node 0 totalpages: 524032
[    0.000000]   Normal zone: 1536 pages used for memmap
[    0.000000]   Normal zone: 0 pages reserved
[    0.000000]   Normal zone: 196608 pages, LIFO batch:31
[    0.000000]   HighMem zone: 327424 pages, LIFO batch:31
[    0.000000] random: fast init done
[    0.000000] percpu: Embedded 17 pages/cpu @(ptrval) s39104 r8192 d22336 u69632
[    0.000000] pcpu-alloc: s39104 r8192 d22336 u69632 alloc=17*4096
[    0.000000] pcpu-alloc: [0] 0 [0] 1 [0] 2 [0] 3 
[    0.000000] Built 1 zonelists, mobility grouping on.  Total pages: 522496
[    0.000000] Kernel command line: ignore_loglevel console=ttyS0,115200n8 rw root=PARTUUID=b1791faa-84e8-4e27-83a1-9fb0a77e8803 rootwait gpt debug noinitrd earlyprintk init=/bin/bash
[    0.000000] Dentry cache hash table entries: 131072 (order: 7, 524288 bytes)
[    0.000000] Inode-cache hash table entries: 65536 (order: 6, 262144 bytes)
[    0.000000] Memory: 1997468K/2096128K available (9216K kernel code, 777K rwdata, 2820K rodata, 1024K init, 299K bss, 33124K reserved, 65536K cma-reserved, 1244160K highmem)
[    0.000000] Virtual kernel memory layout:
[    0.000000]     vector  : 0xffff0000 - 0xffff1000   (   4 kB)
[    0.000000]     fixmap  : 0xffc00000 - 0xfff00000   (3072 kB)
[    0.000000]     vmalloc : 0xf0800000 - 0xff800000   ( 240 MB)
[    0.000000]     lowmem  : 0xc0000000 - 0xf0000000   ( 768 MB)
[    0.000000]     pkmap   : 0xbfe00000 - 0xc0000000   (   2 MB)
[    0.000000]     modules : 0xbf000000 - 0xbfe00000   (  14 MB)
[    0.000000]       .text : 0x(ptrval) - 0x(ptrval)   (10208 kB)
[    0.000000]       .init : 0x(ptrval) - 0x(ptrval)   (1024 kB)
[    0.000000]       .data : 0x(ptrval) - 0x(ptrval)   ( 778 kB)
[    0.000000]        .bss : 0x(ptrval) - 0x(ptrval)   ( 300 kB)
[    0.000000] Preemptible hierarchical RCU implementation.
[    0.000000] 	Tasks RCU enabled.
[    0.000000] NR_IRQS: 16, nr_irqs: 16, preallocated irqs: 16
[    0.000000] /interrupt-controller@60004000: 160 interrupts forwarded to /interrupt-controller@50041000
[    0.000000] Tegra clk 127: register failed with -17
[    0.000009] sched_clock: 32 bits at 1000kHz, resolution 1000ns, wraps every 2147483647500ns
[    0.007471] clocksource: timer_us: mask: 0xffffffff max_cycles: 0xffffffff, max_idle_ns: 1911260446275 ns
[    0.016999] Switching to timer-based delay loop, resolution 1000ns
[    0.024171] arch_timer: cp15 timer(s) running at 12.00MHz (virt).
[    0.029223] clocksource: arch_sys_counter: mask: 0xffffffffffffff max_cycles: 0x2c47f4ee7, max_idle_ns: 440795202497 ns
[    0.039969] sched_clock: 56 bits at 12MHz, resolution 83ns, wraps every 4398046511096ns
[    0.047938] Switching to timer-based delay loop, resolution 83ns
[    0.054406] Console: colour dummy device 80x30
[    0.058354] Calibrating delay loop (skipped), value calculated using timer frequency.. 24.00 BogoMIPS (lpj=120000)
[    0.068661] pid_max: default: 32768 minimum: 301
[    0.073735] Mount-cache hash table entries: 2048 (order: 1, 8192 bytes)
[    0.079847] Mountpoint-cache hash table entries: 2048 (order: 1, 8192 bytes)
[    0.087686] CPU: Testing write buffer coherency: ok
[    0.092007] /cpus/cpu@0 missing clock-frequency property
[    0.097020] /cpus/cpu@1 missing clock-frequency property
[    0.102329] /cpus/cpu@2 missing clock-frequency property
[    0.107594] /cpus/cpu@3 missing clock-frequency property
[    0.112866] CPU0: thread -1, cpu 0, socket 0, mpidr 80000000
[    0.152978] Setting up static identity map for 0x80100000 - 0x801000a0
[    0.157730] Hierarchical SRCU implementation.
[    0.173492] Tegra Revision: A01 SKU: 129 CPU Process: 1 SoC Process: 1
[    0.192997] smp: Bringing up secondary CPUs ...
[    0.243623] CPU1: thread -1, cpu 1, socket 0, mpidr 80000001
[    0.323731] CPU2: thread -1, cpu 2, socket 0, mpidr 80000002
[    0.403841] CPU3: thread -1, cpu 3, socket 0, mpidr 80000003
[    0.413418] smp: Brought up 1 node, 4 CPUs
[    0.432505] SMP: Total of 4 processors activated (96.00 BogoMIPS).
[    0.438672] CPU: All CPU(s) started in SVC mode.
[    0.445098] devtmpfs: initialized
[    0.465221] VFP support v0.3: implementor 41 architecture 4 part 30 variant f rev 0
[    0.471342] clocksource: jiffies: mask: 0xffffffff max_cycles: 0xffffffff, max_idle_ns: 19112604462750000 ns
[    0.480777] futex hash table entries: 1024 (order: 4, 65536 bytes)
[    0.488286] pinctrl core: initialized pinctrl subsystem
[    0.493324] NET: Registered protocol family 16
[    0.498002] DMA: preallocated 256 KiB pool for atomic coherent allocations
[    0.504686] cpuidle: using governor menu
[    0.530216] No ATAGs?
[    0.530353] hw-breakpoint: found 5 (+1 reserved) breakpoint and 4 watchpoint registers.
[    0.538713] hw-breakpoint: maximum watchpoint size is 8 bytes.
[    0.546368] iommu: Adding device reg-dummy to group 0
[    0.549590] iommu: Adding device 1003000.pcie to group 1
[    0.554893] iommu: Adding device 50000000.host1x to group 2
[    0.560448] iommu: Adding device 54200000.dc to group 3
[    0.565627] iommu: Adding device 54240000.dc to group 4
[    0.570813] iommu: Adding device 54280000.hdmi to group 5
[    0.576200] iommu: Adding device 57000000.gpu to group 6
[    0.581474] iommu: Adding device 60005000.timer to group 7
[    0.586907] iommu: Adding device 60007000.flow-controller to group 8
[    0.593254] iommu: Adding device 6000c800.actmon to group 9
[    0.598781] iommu: Adding device 6000d000.gpio to group 10
[    0.604257] iommu: Adding device 60020000.dma to group 11
[    0.609631] iommu: Adding device 70000800.apbmisc to group 12
[    0.615352] iommu: Adding device 70000868.pinmux to group 13
[    0.620972] iommu: Adding device 70006000.serial to group 14
[    0.626619] iommu: Adding device 70006040.serial to group 15
[    0.632234] iommu: Adding device 70006300.serial to group 16
[    0.637886] iommu: Adding device 7000c000.i2c to group 17
[    0.643240] iommu: Adding device 7000c400.i2c to group 18
[    0.648630] iommu: Adding device 7000c500.i2c to group 19
[    0.653988] iommu: Adding device 7000c700.i2c to group 20
[    0.659385] iommu: Adding device 7000d000.i2c to group 21
[    0.664733] iommu: Adding device 7000d400.spi to group 22
[    0.670131] iommu: Adding device 7000da00.spi to group 23
[    0.675482] iommu: Adding device 7000e000.rtc to group 24
[    0.680874] iommu: Adding device 7000e400.pmc to group 25
[    0.686225] iommu: Adding device 7000f800.fuse to group 26
[    0.691704] iommu: Adding device 70019000.memory-controller to group 27
[    0.698276] iommu: Adding device 7001b000.emc to group 28
[    0.703670] iommu: Adding device 70027000.sata to group 29
[    0.709107] iommu: Adding device 70030000.hda to group 30
[    0.714501] iommu: Adding device 70090000.usb to group 31
[    0.719854] iommu: Adding device 7009f000.padctl to group 32
[    0.725520] iommu: Adding device 700b0400.sdhci to group 33
[    0.731033] iommu: Adding device 700b0600.sdhci to group 34
[    0.736599] iommu: Adding device 70015000.cec to group 35
[    0.741966] iommu: Adding device 700e2000.thermal-sensor to group 36
[    0.748300] iommu: Adding device 70110000.clock to group 37
[    0.753826] iommu: Adding device 70300000.ahub to group 38
[    0.759306] iommu: Adding device 7d000000.usb to group 39
[    0.764660] iommu: Adding device 7d000000.usb-phy to group 40
[    0.770399] iommu: Adding device 7d004000.usb to group 41
[    0.775754] iommu: Adding device 7d004000.usb-phy to group 42
[    0.781496] iommu: Adding device 7d008000.usb to group 43
[    0.786853] iommu: Adding device 7d008000.usb-phy to group 44
[    0.792584] iommu: Adding device pmu to group 45
[    0.797160] iommu: Adding device timer to group 46
[    0.801927] iommu: Adding device clocks to group 47
[    0.806797] iommu: Adding device gpio-keys to group 48
[    0.811894] iommu: Adding device regulators to group 49
[    0.817120] iommu: Adding device regulators:regulator@0 to group 50
[    0.823333] iommu: Adding device regulators:regulator@1 to group 51
[    0.829594] iommu: Adding device regulators:regulator@2 to group 52
[    0.835814] iommu: Adding device regulators:regulator@3 to group 53
[    0.842070] iommu: Adding device regulators:regulator@4 to group 54
[    0.848299] iommu: Adding device regulators:regulator@7 to group 55
[    0.854551] iommu: Adding device regulators:regulator@8 to group 56
[    0.860781] iommu: Adding device regulators:regulator@10 to group 57
[    0.867117] iommu: Adding device regulators:regulator@11 to group 58
[    0.873426] iommu: Adding device regulators:regulator@12 to group 59
[    0.879771] iommu: Adding device regulators:regulator@13 to group 60
[    0.886081] iommu: Adding device regulators:regulator@14 to group 61
[    0.892422] iommu: Adding device sound to group 62
[    0.914014] +5V_SYS: supplied by +VDD_MUX
[    0.916505] +3.3V_SYS: supplied by +VDD_MUX
[    0.921058] +USB0_VBUS_SW: Failed to request enable GPIO108: -517
[    0.926387] reg-fixed-voltage regulators:regulator@7: Failed to register regulator: -517
[    0.934510] +5V_USB_HS: Failed to request enable GPIO109: -517
[    0.940233] reg-fixed-voltage regulators:regulator@8: Failed to register regulator: -517
[    0.948464] +1.05V_RUN_AVDD_HDMI_PLL: Failed to request enable GPIO63: -517
[    0.955252] reg-fixed-voltage regulators:regulator@11: Failed to register regulator: -517
[    0.963453] +5V_HDMI_CON: Failed to request enable GPIO86: -517
[    0.969266] reg-fixed-voltage regulators:regulator@12: Failed to register regulator: -517
[    0.977491] +5V_SATA: Failed to request enable GPIO242: -517
[    0.983045] reg-fixed-voltage regulators:regulator@13: Failed to register regulator: -517
[    0.991272] +12V_SATA: Failed to request enable GPIO242: -517
[    0.996909] reg-fixed-voltage regulators:regulator@14: Failed to register regulator: -517
[    1.006341] vgaarb: loaded
[    1.008497] SCSI subsystem initialized
[    1.011689] libata version 3.00 loaded.
[    1.015582] usbcore: registered new interface driver usbfs
[    1.020806] usbcore: registered new interface driver hub
[    1.026116] usbcore: registered new device driver usb
[    1.034313] Linux video capture interface: v2.00
[    1.037095] pps_core: LinuxPPS API ver. 1 registered
[    1.041993] pps_core: Software ver. 5.3.6 - Copyright 2005-2007 Rodolfo Giometti <giometti@linux.it>
[    1.051100] PTP clock support registered
[    1.056403] Advanced Linux Sound Architecture Driver Initialized.
[    1.061670] Bluetooth: Core ver 2.22
[    1.064630] NET: Registered protocol family 31
[    1.069026] Bluetooth: HCI device and connection manager initialized
[    1.075331] Bluetooth: HCI socket layer initialized
[    1.080202] Bluetooth: L2CAP socket layer initialized
[    1.085238] Bluetooth: SCO socket layer initialized
[    1.090714] clocksource: Switched to clocksource arch_sys_counter
[    1.186470] NET: Registered protocol family 2
[    1.189914] TCP established hash table entries: 8192 (order: 3, 32768 bytes)
[    1.196058] TCP bind hash table entries: 8192 (order: 4, 65536 bytes)
[    1.202545] TCP: Hash tables configured (established 8192 bind 8192)
[    1.209164] UDP hash table entries: 512 (order: 2, 16384 bytes)
[    1.214629] UDP-Lite hash table entries: 512 (order: 2, 16384 bytes)
[    1.221232] NET: Registered protocol family 1
[    1.225950] RPC: Registered named UNIX socket transport module.
[    1.231150] RPC: Registered udp transport module.
[    1.235803] RPC: Registered tcp transport module.
[    1.240484] RPC: Registered tcp NFSv4.1 backchannel transport module.
[    1.247357] iommu: Adding device regulatory.0 to group 63
[    1.252490] PCI: CLS 0 bytes, default 64
[    1.257968] hw perfevents: enabled with armv7_cortex_a15 PMU driver, 7 counters available
[    1.265055] iommu: Adding device alarmtimer to group 64
[    1.270657] Initialise system trusted keyrings
[    1.274147] workingset: timestamp_bits=30 max_order=19 bucket_order=0
[    1.281775] squashfs: version 4.0 (2009/01/31) Phillip Lougher
[    1.286923] NFS: Registering the id_resolver key type
[    1.291230] Key type id_resolver registered
[    1.295344] Key type id_legacy registered
[    1.304260] Key type asymmetric registered
[    1.306447] Asymmetric key parser 'x509' registered
[    1.311454] bounce: pool size: 64 pages
[    1.315180] io scheduler noop registered (default)
[    1.319881] io scheduler mq-deadline registered
[    1.324405] io scheduler kyber registered
[    1.330199]  usb2-0: usb2-0 supply vbus not found, using dummy regulator
[    1.335206]  usb2-1: usb2-1 supply vbus not found, using dummy regulator
[    1.342160] tegra-xusb-padctl 7009f000.padctl: failed to setup XUSB ports: -517
[    1.358024] tegra-pcie 1003000.pcie: 2x1, 1x1 configuration
[    1.361756] tegra-pcie 1003000.pcie: Failed to get supply 'avddio-pex': -517
[    1.371651] tegra124-dfll 70110000.clock: couldn't get vdd_cpu regulator
[    1.382276] tegra-apbdma 60020000.dma: Tegra20 APB DMA driver register 32 channels
[    1.389232] tegra-pmc 7000e400.pmc: emergency thermal reset enabled
[    1.394808] Serial: 8250/16550 driver, 4 ports, IRQ sharing disabled
[    1.400607] iommu: Adding device serial8250 to group 65
[    1.407561] console [ttyS0] disabled
[    1.409294] 70006300.serial: ttyS0 at MMIO 0x70006300 (irq = 335, base_baud = 25500000) is a Tegra
[    1.418244] console [ttyS0] enabled
[    1.418244] console [ttyS0] enabled
[    1.424810] bootconsole [earlycon0] disabled
[    1.424810] bootconsole [earlycon0] disabled
[    1.433799] 70006000.serial: ttyTHS1 at MMIO 0x70006000 (irq = 333, base_baud = 0) is a TEGRA_UART
[    1.444853] 70006040.serial: ttyTHS2 at MMIO 0x70006040 (irq = 334, base_baud = 0) is a TEGRA_UART
[    1.473467] tegra-hdmi 54280000.hdmi: failed to get HDMI regulator
[    1.492989] loop: module loaded
[    1.497484] at24 0-0056: 256 byte 24c02 EEPROM, writable, 8 bytes/write
[    1.504935] as3722 4-0040: AS3722 with revision 0x1 found
[    1.512589] iommu: Adding device as3722-pinctrl to group 66
[    1.519857] iommu: Adding device as3722-regulator to group 67
[    1.528573] as3722-sd2: supplied by +5V_SYS
[    1.533283] as3722-sd3: supplied by +5V_SYS
[    1.537710] +1.35V_LP0(sd3): Bringing 0uV into 1350000-1350000uV
[    1.544098] as3722-sd4: supplied by +5V_SYS
[    1.548763] as3722-sd5: supplied by +5V_SYS
[    1.554879] as3722-ldo0: supplied by +1.35V_LP0(sd2)
[    1.560999] +1.8V_RUN_CAM: Bringing 0uV into 1800000-1800000uV
[    1.567238] as3722-ldo2: supplied by +1.8V_VDDIO
[    1.573210] as3722-ldo3: supplied by +3.3V_SYS
[    1.577705] +1.05V_LP0_VDD_RTC: Bringing 1100000uV into 1000000-1000000uV
[    1.585539] as3722-ldo4: supplied by +3.3V_SYS
[    1.590213] +2.8V_RUN_CAM: Bringing 0uV into 2800000-2800000uV
[    1.596486] as3722-ldo5: supplied by +1.8V_VDDIO
[    1.601365] +1.2V_RUN_CAM_FRONT: Bringing 0uV into 1200000-1200000uV
[    1.608310] +VDDIO_SDMMC3: bypassed regulator has no supply!
[    1.613985] +VDDIO_SDMMC3: failed to get the current voltage(-517)
[    1.620165] as3722-regulator as3722-regulator: regulator 13 register failed -517
[    1.630366] iommu: Adding device as3722-rtc to group 68
[    1.635777] iommu: Adding device as3722-adc to group 69
[    1.641174] iommu: Adding device as3722-power-off to group 70
[    1.647063] iommu: Adding device as3722-wdt to group 71
[    1.653067] tegra-ahci 70027000.sata: couldn't get PHY in node sata: -517
[    1.671857] m25p80 spi1.0: w25q32dw (4096 Kbytes)
[    1.678568] iommu: Adding device Fixed MDIO bus.0 to group 72
[    1.684519] libphy: Fixed MDIO Bus: probed
[    1.688611] CAN device driver interface
[    1.692519] igb: Intel(R) Gigabit Ethernet Network Driver - version 5.4.0-k
[    1.699469] igb: Copyright (c) 2007-2014 Intel Corporation.
[    1.705199] pegasus: v0.9.3 (2013/04/25), Pegasus/Pegasus II USB Ethernet driver
[    1.712672] usbcore: registered new interface driver pegasus
[    1.718391] usbcore: registered new interface driver asix
[    1.723877] usbcore: registered new interface driver ax88179_178a
[    1.730011] usbcore: registered new interface driver cdc_ether
[    1.735936] usbcore: registered new interface driver smsc75xx
[    1.741764] usbcore: registered new interface driver smsc95xx
[    1.747554] usbcore: registered new interface driver net1080
[    1.753282] usbcore: registered new interface driver cdc_subset
[    1.759242] usbcore: registered new interface driver zaurus
[    1.764924] usbcore: registered new interface driver cdc_ncm
[    1.770846] tegra-phy 7d000000.usb-phy: no vbus regulator
[    1.776469] tegra-phy 7d004000.usb-phy: no vbus regulator
[    1.782195] ehci_hcd: USB 2.0 'Enhanced' Host Controller (EHCI) Driver
[    1.788714] ehci-pci: EHCI PCI platform driver
[    1.793237] tegra-ehci: Tegra EHCI driver
[    1.800087] tegra-ehci 7d004000.usb: EHCI Host Controller
[    1.805527] tegra-ehci 7d004000.usb: new USB bus registered, assigned bus number 1
[    1.813345] tegra-ehci 7d004000.usb: irq 356, io mem 0x7d004000
[    1.840746] tegra-ehci 7d004000.usb: USB 2.0 started, EHCI 1.10
[    1.847565] hub 1-0:1.0: USB hub found
[    1.851378] hub 1-0:1.0: 1 port detected
[    1.856550] usbcore: registered new interface driver cdc_acm
[    1.862221] cdc_acm: USB Abstract Control Model driver for USB modems and ISDN adapters
[    1.870278] usbcore: registered new interface driver cdc_wdm
[    1.876035] usbcore: registered new interface driver usb-storage
[    1.883668] iommu: Adding device ci_hdrc.0 to group 73
[    1.895459] as3722-rtc as3722-rtc: rtc core: registered as3722-rtc as rtc0
[    1.902356] as3722-rtc as3722-rtc: RTC interrupt 379
[    1.910158] tegra_rtc 7000e000.rtc: rtc core: registered 7000e000.rtc as rtc1
[    1.917359] tegra_rtc 7000e000.rtc: Tegra internal Real Time Clock
[    1.923901] i2c /dev entries driver
[    1.928644] usbcore: registered new interface driver uvcvideo
[    1.934407] USB Video Class driver (1.1.1)
[    1.938498] gspca_main: v2.14.0 registered
[    1.943247] lm90 0-004c: 0-004c supply vcc not found, using dummy regulator
[    1.953517] tegra-wdt 60005000.timer: initialized (heartbeat = 120 sec, nowayout = 0)
[    1.962012] iommu: Adding device cpufreq-tegra124 to group 74
[    1.968325] sdhci: Secure Digital Host Controller Interface driver
[    1.974519] sdhci: Copyright(c) Pierre Ossman
[    1.978869] sdhci-pltfm: SDHCI platform and OF driver helper
[    1.984863] sdhci-tegra 700b0400.sdhci: Got CD GPIO
[    1.989753] sdhci-tegra 700b0400.sdhci: Got WP GPIO
[    2.010770] mmc0: Unknown controller version (3). You may experience problems.
[    2.018028] mmc0: Invalid maximum block size, assuming 512 bytes
[    2.080787] mmc0: SDHCI controller on 700b0600.sdhci [700b0600.sdhci] using ADMA
[    2.092281] usbcore: registered new interface driver usbhid
[    2.097954] usbhid: USB HID core driver
[    2.104846] iommu: Adding device snd-soc-dummy to group 75
[    2.157179] mmc0: new high speed MMC card at address 0001
[    2.163185] mmcblk0: mmc0:0001 SEM16G 14.7 GiB 
[    2.168114] mmcblk0boot0: mmc0:0001 SEM16G partition 1 4.00 MiB
[    2.174498] mmcblk0boot1: mmc0:0001 SEM16G partition 2 4.00 MiB
[    2.180597] mmcblk0rpmb: mmc0:0001 SEM16G partition 3 4.00 MiB, chardev (247:0)
[    2.189635]  mmcblk0: p1
[    2.551158] iommu: Adding device 70301100.i2s to group 76
[    2.557416] tegra30-i2s 70301100.i2s: DMA channels sourced from device 70300000.ahub
[    2.577747] tegra-snd-rt5640 sound: rt5640-aif1 <-> 70301100.i2s mapping ok
[    2.588545] input: NVIDIA Tegra Jetson TK1 Headphones as /devices/soc0/sound/sound/card1/input0
[    2.599765] NET: Registered protocol family 10
[    2.605580] Segment Routing with IPv6
[    2.609413] mip6: Mobile IPv6
[    2.612402] sit: IPv6, IPv4 and MPLS over IPv4 tunneling driver
[    2.619792] NET: Registered protocol family 17
[    2.624312] NET: Registered protocol family 15
[    2.628762] can: controller area network core (rev 20170425 abi 9)
[    2.635167] NET: Registered protocol family 29
[    2.639607] can: raw protocol (rev 20170425)
[    2.643888] can: broadcast manager protocol (rev 20170425 t)
[    2.649546] can: netlink gateway (rev 20170425) max_hops=1
[    2.655280] Bluetooth: RFCOMM socket layer initialized
[    2.660429] Bluetooth: RFCOMM ver 1.11
[    2.664214] Bluetooth: BNEP (Ethernet Emulation) ver 1.3
[    2.669524] Bluetooth: BNEP socket layer initialized
[    2.674500] Bluetooth: HIDP (Human Interface Emulation) ver 1.2
[    2.680416] Bluetooth: HIDP socket layer initialized
[    2.685665] Key type dns_resolver registered
[    2.690435] Registering SWP/SWPB emulation handler
[    2.696048] Loading compiled-in X.509 certificates
[    2.718508] +3.3V_RUN: supplied by +3.3V_SYS
[    2.723650] +USB0_VBUS_SW: supplied by +5V_SYS
[    2.728351] +3.3V_AVDD_HDMI_AP_GATED: supplied by +3.3V_RUN
[    2.734383] +5V_USB_HS: supplied by +5V_SYS
[    2.739490] +3.3V_LP0: supplied by +3.3V_SYS
[    2.744843] +5V_HDMI_CON: supplied by +5V_SYS
[    2.749621] +5V_SATA: supplied by +5V_SYS
[    2.754299] +12V_SATA: supplied by +VDD_MUX
[    2.759915]  usb2-0: usb2-0 supply vbus not found, using dummy regulator
[    2.766797]  usb2-1: usb2-1 supply vbus not found, using dummy regulator
[    2.773987]  usb3-0: usb3-0 supply vbus not found, using dummy regulator
[    2.781513] tegra-pcie 1003000.pcie: 2x1, 1x1 configuration
[    2.787127] tegra-pcie 1003000.pcie: Failed to get supply 'avddio-pex': -517
[    2.796247] tegra124-dfll 70110000.clock: couldn't get vdd_cpu regulator
[    2.805247] tegra-hdmi 54280000.hdmi: failed to get PLL regulator
[    2.813759] as3722-sd2: supplied by +5V_SYS
[    2.818251] as3722-sd3: supplied by +5V_SYS
[    2.822779] as3722-sd4: supplied by +5V_SYS
[    2.827266] as3722-sd5: supplied by +5V_SYS
[    2.833228] as3722-ldo0: supplied by +1.35V_LP0(sd2)
[    2.838702] as3722-ldo1: supplied by +3.3V_RUN
[    2.843902] as3722-ldo2: supplied by +1.8V_VDDIO
[    2.849444] as3722-ldo3: supplied by +3.3V_SYS
[    2.854986] as3722-ldo4: supplied by +3.3V_SYS
[    2.859736] as3722-ldo5: supplied by +1.8V_VDDIO
[    2.865545] input: tegra-hda HDMI/DP,pcm=3 as /devices/soc0/70030000.hda/sound/card0/input1
[    2.874179] as3722-ldo6: supplied by +3.3V_RUN
[    2.879172] as3722-ldo7: supplied by +1.8V_VDDIO
[    2.884639] +1.05V_RUN_CAM_REAR: Bringing 0uV into 1050000-1050000uV
[    2.891763] as3722-ldo9: supplied by +5V_SYS
[    2.897230] +3.3V_RUN_TOUCH: Bringing 0uV into 2800000-2800000uV
[    2.903992] as3722-ldo10: supplied by +5V_SYS
[    2.909099] +2.8V_RUN_CAM_AF: Bringing 0uV into 2800000-2800000uV
[    2.915969] as3722-ldo11: supplied by +3.3V_RUN
[    2.921259] +1.8V_RUN_VPP_FUSE: Bringing 0uV into 1800000-1800000uV
[    2.930491] tegra-ahci 70027000.sata: AHCI 0001.0301 32 slots 2 ports 3 Gbps 0x1 impl platform mode
[    2.939569] tegra-ahci 70027000.sata: flags: 64bit ncq sntf pm led pio slum part sadm sds apst 
[    2.950105] scsi host0: tegra-ahci
[    2.954568] scsi host1: tegra-ahci
[    2.958270] ata1: SATA max UDMA/133 mmio [mem 0x70027000-0x70028fff] port 0x100 irq 345
[    2.966313] ata2: DUMMY
[    2.969916] tegra-ehci 7d008000.usb: EHCI Host Controller
[    2.975399] tegra-ehci 7d008000.usb: new USB bus registered, assigned bus number 2
[    2.983251] tegra-ehci 7d008000.usb: irq 357, io mem 0x7d008000
[    3.010846] tegra-ehci 7d008000.usb: USB 2.0 started, EHCI 1.10
[    3.017960] hub 2-0:1.0: USB hub found
[    3.021841] hub 2-0:1.0: 1 port detected
[    3.101517] tegra-xusb 70090000.usb: Firmware timestamp: 2014-09-16 02:10:07 UTC
[    3.108943] tegra-xusb 70090000.usb: xHCI Host Controller
[    3.114386] tegra-xusb 70090000.usb: new USB bus registered, assigned bus number 3
[    3.124560] tegra-xusb 70090000.usb: hcc params 0x0184f525 hci version 0x100 quirks 0x00010010
[    3.133247] tegra-xusb 70090000.usb: irq 347, io mem 0x70090000
[    3.140650] hub 3-0:1.0: USB hub found
[    3.144528] hub 3-0:1.0: 6 ports detected
[    3.149401] tegra-xusb 70090000.usb: xHCI Host Controller
[    3.154869] tegra-xusb 70090000.usb: new USB bus registered, assigned bus number 4
[    3.162617] usb usb4: We don't know the algorithms for LPM for this host, disabling LPM.
[    3.171969] hub 4-0:1.0: USB hub found
[    3.175775] hub 4-0:1.0: 2 ports detected
[    3.181852] sdhci-tegra 700b0400.sdhci: Got CD GPIO
[    3.186780] sdhci-tegra 700b0400.sdhci: Got WP GPIO
[    3.200070] mmc1: Unknown controller version (3). You may experience problems.
[    3.207450] mmc1: Invalid maximum block size, assuming 512 bytes
[    3.271350] mmc1: SDHCI controller on 700b0400.sdhci [700b0400.sdhci] using ADMA
[    3.279065] tegra-pcie 1003000.pcie: 2x1, 1x1 configuration
[    3.290021] tegra-pcie 1003000.pcie: probing port 0, using 2 lanes
[    3.294066] ata1: SATA link down (SStatus 0 SControl 300)
[    3.304963] tegra-pcie 1003000.pcie: Slot present pin change, signature: 00000008
[    3.335253] tegra-pcie 1003000.pcie: probing port 1, using 1 lanes
[    3.343570] tegra-pcie 1003000.pcie: Slot present pin change, signature: 00000000
[    3.357591] tegra-pcie 1003000.pcie: PCI host bridge to bus 0000:00
[    3.363898] pci_bus 0000:00: root bus resource [io  0x0000-0xffff]
[    3.370074] pci_bus 0000:00: root bus resource [mem 0x13000000-0x1fffffff]
[    3.377012] pci_bus 0000:00: root bus resource [mem 0x20000000-0x3fffffff pref]
[    3.384390] pci_bus 0000:00: root bus resource [bus 00-ff]
[    3.389958] pci 0000:00:01.0: [10de:0e12] type 01 class 0x060400
[    3.395991] pci_bus 0000:00: 2-byte config write to 0000:00:01.0 offset 0x4 may corrupt adjacent RW1C bits
[    3.405654] pci_bus 0000:00: 2-byte config write to 0000:00:01.0 offset 0x4 may corrupt adjacent RW1C bits
[    3.415377] pci 0000:00:01.0: enabling Extended Tags
[    3.420396] pci_bus 0000:00: 2-byte config write to 0000:00:01.0 offset 0x88 may corrupt adjacent RW1C bits
[    3.430205] pci_bus 0000:00: 2-byte config write to 0000:00:01.0 offset 0x52 may corrupt adjacent RW1C bits
[    3.439990] pci 0000:00:01.0: PME# supported from D0 D1 D2 D3hot D3cold
[    3.446618] pci_bus 0000:00: 2-byte config write to 0000:00:01.0 offset 0x4c may corrupt adjacent RW1C bits
[    3.456656] pci 0000:00:02.0: [10de:0e13] type 01 class 0x060400
[    3.462744] pci_bus 0000:00: 2-byte config write to 0000:00:02.0 offset 0x4 may corrupt adjacent RW1C bits
[    3.472446] pci_bus 0000:00: 2-byte config write to 0000:00:02.0 offset 0x4 may corrupt adjacent RW1C bits
[    3.482135] pci 0000:00:02.0: enabling Extended Tags
[    3.487099] pci_bus 0000:00: 2-byte config write to 0000:00:02.0 offset 0x88 may corrupt adjacent RW1C bits
[    3.496866] pci_bus 0000:00: 2-byte config write to 0000:00:02.0 offset 0x52 may corrupt adjacent RW1C bits
[    3.506685] pci 0000:00:02.0: PME# supported from D0 D1 D2 D3hot D3cold
[    3.513433] pci_bus 0000:00: 2-byte config write to 0000:00:02.0 offset 0x4c may corrupt adjacent RW1C bits
[    3.523545] PCI: bus0: Fast back to back transfers disabled
[    3.529201] pci 0000:00:01.0: bridge configuration invalid ([bus 00-00]), reconfiguring
[    3.537290] pci 0000:00:02.0: bridge configuration invalid ([bus 00-00]), reconfiguring
[    3.545584] pci 0000:01:00.0: [8086:4232] type 00 class 0x028000
[    3.551710] pci 0000:01:00.0: reg 0x10: [mem 0x00000000-0x00001fff 64bit]
[    3.558826] PCI: bus1: Fast back to back transfers disabled
[    3.564480] pci_bus 0000:01: busn_res: [bus 01-ff] end is updated to 01
[    3.571394] pci 0000:02:00.0: [10ec:8168] type 00 class 0x020000
[    3.577493] pci 0000:02:00.0: reg 0x10: [io  0x0000-0x00ff]
[    3.583175] pci 0000:02:00.0: reg 0x18: [mem 0x00000000-0x00000fff 64bit]
[    3.590152] mmc1: new high speed SDHC card at address aaaa
[    3.596233] mmcblk1: mmc1:aaaa SD04G 3.69 GiB 
[    3.601372] pci 0000:02:00.0: reg 0x20: [mem 0x00000000-0x00003fff 64bit pref]
[    3.609191] PCI: bus2: Fast back to back transfers disabled
[    3.614885] pci_bus 0000:02: busn_res: [bus 02-ff] end is updated to 02
[    3.621739] pci 0000:00:01.0: BAR 8: assigned [mem 0x13000000-0x130fffff]
[    3.628594] pci 0000:00:02.0: BAR 8: assigned [mem 0x13100000-0x131fffff]
[    3.635588] pci 0000:00:02.0: BAR 9: assigned [mem 0x20000000-0x200fffff 64bit pref]
[    3.643433] pci 0000:00:02.0: BAR 7: assigned [io  0x1000-0x1fff]
[    3.649686] pci 0000:01:00.0: BAR 0: assigned [mem 0x13000000-0x13001fff 64bit]
[    3.657122] pci 0000:00:01.0: PCI bridge to [bus 01]
[    3.662378] pci 0000:00:01.0:   bridge window [mem 0x13000000-0x130fffff]
[    3.669254] pci 0000:02:00.0: BAR 4: assigned [mem 0x20000000-0x20003fff 64bit pref]
[    3.677299] pci 0000:02:00.0: BAR 2: assigned [mem 0x13100000-0x13100fff 64bit]
[    3.684733] pci 0000:02:00.0: BAR 0: assigned [io  0x1000-0x10ff]
[    3.691024] pci 0000:00:02.0: PCI bridge to [bus 02]
[    3.696057] pci 0000:00:02.0:   bridge window [io  0x1000-0x1fff]
[    3.702359] pci 0000:00:02.0:   bridge window [mem 0x13100000-0x131fffff]
[    3.709214] pci 0000:00:02.0:   bridge window [mem 0x20000000-0x200fffff 64bit pref]
[    3.717183] pci 0000:00:01.0: nv_msi_ht_cap_quirk didn't locate host bridge
[    3.724500]  mmcblk1: p1 p2 p3
[    3.727819] pcieport 0000:00:01.0: enabling device (0140 -> 0142)
[    3.734713] pcieport 0000:00:01.0: Signaling PME with IRQ 395
[    3.741340] pci 0000:00:02.0: nv_msi_ht_cap_quirk didn't locate host bridge
[    3.748425] pcieport 0000:00:02.0: enabling device (0140 -> 0143)
[    3.754968] pcieport 0000:00:02.0: Signaling PME with IRQ 396
[    3.761190] r8169 Gigabit Ethernet driver 2.3LK-NAPI loaded
[    3.766803] r8169 0000:02:00.0: enabling device (0140 -> 0143)
[    3.772736] r8169 0000:02:00.0 (unnamed net_device) (uninitialized): not PCI Express
[    3.812561] r8169 0000:02:00.0 eth0: RTL8168g/8111g at 0x4ba2df14, 00:04:4b:3a:d9:81, XID 0c000800 IRQ 22
[    3.822151] r8169 0000:02:00.0 eth0: jumbo features [frames: 9200 bytes, tx checksumming: ko]
[    3.834322] +1.05V_RUN_AVDD_HDMI_PLL: supplied by +1.05V_RUN
[    3.843732] [drm] Supports vblank timestamp caching Rev 2 (21.10.2013).
[    3.850358] [drm] No driver support for vblank timestamp query.
[    3.985476] tegra-hdmi 54280000.hdmi: cannot set audio to 48000 Hz at 297000000 Hz pixel clock
[    4.233639] Console: switching to colour frame buffer device 512x135
[    4.329544] drm drm: fb0:  frame buffer device
[    4.334085] [drm] Initialized tegra 0.0.0 20120330 for drm on minor 0
[    4.341394] iommu: Adding device cpufreq-dt.0 to group 77
[    4.347060] cpufreq: cpufreq_online: CPU0: Running at unlisted freq: 696000 KHz
[    4.354407] cpufreq: cpufreq_online: CPU0: Unlisted initial frequency changed to: 714000 KHz
[    4.363434] input: gpio-keys as /devices/soc0/gpio-keys/input/input2
[    4.370450] as3722-rtc as3722-rtc: setting system clock to 2000-01-01 00:02:26 UTC (946684946)
[    4.379280] cfg80211: Loading compiled-in X.509 certificates for regulatory database
[    4.388949] cfg80211: Loaded X.509 cert 'sforshee: 00b28ddf47aef9cea7'
[    4.395606] platform regulatory.0: Direct firmware load for regulatory.db failed with error -2
[    4.401116] +USB0_VBUS_SW: disabling
[    4.401130] +1.8V_RUN_CAM: disabling
[    4.404256] +2.8V_RUN_CAM: disabling
[    4.407955] +1.2V_RUN_CAM_FRONT: disabling
[    4.411559] +1.05V_RUN_CAM_REAR: disabling
[    4.415152] +3.3V_RUN_TOUCH: disabling
[    4.419251] +2.8V_RUN_CAM_AF: disabling
[    4.423374] +1.8V_RUN_VPP_FUSE: disabling
[    4.427137] ALSA device list:
[    4.427140]   #0: tegra-hda at 0x70038000 irq 346
[    4.427142]   #1: NVIDIA Tegra Jetson TK1
[    4.446614] cfg80211: failed to load regulatory.db
[    4.452378] EXT4-fs (mmcblk0p1): mounting ext3 file system using the ext4 subsystem
[    4.478362] EXT4-fs (mmcblk0p1): recovery complete
[    4.483228] EXT4-fs (mmcblk0p1): mounted filesystem with ordered data mode. Opts: (null)
[    4.491360] VFS: Mounted root (ext3 filesystem) on device 179:1.
[    4.502273] devtmpfs: mounted
[    4.505794] Freeing unused kernel memory: 1024K
bash: cannot set terminal process group (-1): Inappropriate ioctl for device
bash: no job control in this shell
root@(none):/# mount -t sysfs none /sys
root@(none):/# 
root@(none):/# mount -t debugfs none /sys/kernel/debug
root@(none):/# 
root@(none):/# rtcwake -d rtc1 -m mem -s 3
rtcwake: assuming RTC uses UTC ...
rtcwake: wakeup from "mem" using /dev/rtc1 at Thu Jan  1 00:00:20 1970
[    7.347708] PM: suspend entry (deep)
[    7.351324] PM: Syncing filesystems ... done.
[    7.358557] Freezing user space processes ... (elapsed 0.001 seconds) done.
[    7.359750] OOM killer disabled.
[    7.359752] Freezing remaining freezable tasks ... (elapsed 0.001 seconds) done.
[    7.360938] Suspending console(s) (use no_console_suspend to debug)
[    7.665489] Disabling non-boot CPUs ...
[    7.850912] IRQ17 no longer affine to CPU3
[    7.851665] Entering suspend state LP1
[    7.851677] Enabling non-boot CPUs ...
[    7.852572] CPU1 is up
[    7.853371] CPU2 is up
[    7.854241] CPU3 is up
[    7.854865] pcieport 0000:00:01.0: nv_msi_ht_cap_quirk didn't locate host bridge
[    7.854867] pcieport 0000:00:02.0: nv_msi_ht_cap_quirk didn't locate host bridge
[    7.901146] tegra-hdmi 54280000.hdmi: cannot set audio to 48000 Hz at 297000000 Hz pixel clock
[    8.203513] ata1: SATA link down (SStatus 0 SControl 300)
[   10.872704] OOM killer enabled.
[   10.875839] Restarting tasks ... done.
root@(none):/# 
root@(none):/# [   10.880084] PM: suspend exit
rtcwake -d rtc1 -m mem -s 3
rtcwake: assuming RTC uses UTC ...
rtcwake: wakeup from "mem" using /dev/rtc1 at Thu Jan  1 00:00:27 1970
[   11.524446] PM: suspend entry (deep)
[   11.528024] PM: Syncing filesystems ... done.
[   11.533055] Freezing user space processes ... (elapsed 0.001 seconds) done.
[   11.534220] OOM killer disabled.
[   11.534222] Freezing remaining freezable tasks ... (elapsed 0.001 seconds) done.
[   11.535330] Suspending console(s) (use no_console_suspend to debug)
[   11.623726] pci_generic_config_write32: 78 callbacks suppressed
[   11.623733] pci_bus 0000:00: 2-byte config write to 0000:00:02.0 offset 0x9c may corrupt adjacent RW1C bits
[   11.623756] pci_bus 0000:00: 2-byte config write to 0000:00:01.0 offset 0x9c may corrupt adjacent RW1C bits
[   11.834168] Disabling non-boot CPUs ...
[   12.010842] IRQ17 no longer affine to CPU3
[   12.011348] Entering suspend state LP1
[   12.011358] Enabling non-boot CPUs ...
[   12.012135] CPU1 is up
[   12.012811] CPU2 is up
[   12.013538] CPU3 is up
[   12.013994] pci_bus 0000:00: 2-byte config write to 0000:00:01.0 offset 0x4c may corrupt adjacent RW1C bits
[   12.014001] pci_bus 0000:00: 2-byte config write to 0000:00:02.0 offset 0x4c may corrupt adjacent RW1C bits
[   12.014011] pci_bus 0000:00: 2-byte config write to 0000:00:01.0 offset 0x88 may corrupt adjacent RW1C bits
[   12.014017] pci_bus 0000:00: 2-byte config write to 0000:00:01.0 offset 0x90 may corrupt adjacent RW1C bits
[   12.014022] pci_bus 0000:00: 2-byte config write to 0000:00:01.0 offset 0x98 may corrupt adjacent RW1C bits
[   12.014027] pci_bus 0000:00: 2-byte config write to 0000:00:02.0 offset 0x88 may corrupt adjacent RW1C bits
[   12.014032] pci_bus 0000:00: 2-byte config write to 0000:00:01.0 offset 0x9c may corrupt adjacent RW1C bits
[   12.014037] pci_bus 0000:00: 2-byte config write to 0000:00:02.0 offset 0x90 may corrupt adjacent RW1C bits
[   12.014135] pcieport 0000:00:01.0: nv_msi_ht_cap_quirk didn't locate host bridge
[   12.014136] pcieport 0000:00:02.0: nv_msi_ht_cap_quirk didn't locate host bridge
[   12.061120] tegra-hdmi 54280000.hdmi: cannot set audio to 48000 Hz at 297000000 Hz pixel clock
[   12.363440] ata1: SATA link down (SStatus 0 SControl 300)
[   15.135809] OOM killer enabled.
[   15.138938] Restarting tasks ... done.
root@(none):/# 
root@(none):/# [   15.143231] PM: suspend exit
rtcwake -d rtc1 -m mem -s 3
rtcwake: assuming RTC uses UTC ...
rtcwake: wakeup from "mem" using /dev/rtc1 at Thu Jan  1 00:00:34 1970
[   15.684294] PM: suspend entry (deep)
[   15.687873] PM: Syncing filesystems ... done.
[   15.692923] Freezing user space processes ... (elapsed 0.001 seconds) done.
[   15.694102] OOM killer disabled.
[   15.694104] Freezing remaining freezable tasks ... (elapsed 0.001 seconds) done.
[   15.695217] Suspending console(s) (use no_console_suspend to debug)
[   15.994173] Disabling non-boot CPUs ...
[   16.100855] IRQ17 no longer affine to CPU2
[   16.161354] Entering suspend state LP1
[   16.161380] Enabling non-boot CPUs ...
[   16.162299] CPU1 is up
[   16.163107] CPU2 is up
[   16.163994] CPU3 is up
[   16.164632] pcieport 0000:00:02.0: nv_msi_ht_cap_quirk didn't locate host bridge
[   16.164735] pcieport 0000:00:01.0: nv_msi_ht_cap_quirk didn't locate host bridge
[   16.211113] tegra-hdmi 54280000.hdmi: cannot set audio to 48000 Hz at 297000000 Hz pixel clock
[   16.513537] ata1: SATA link down (SStatus 0 SControl 300)
[   19.182620] OOM killer enabled.
[   19.185751] Restarting tasks ... done.
root@(none):/# 
root@(none):/# [   19.189996] PM: suspend exit
rtcwake -d rtc1 -m mem -s 3
rtcwake: assuming RTC uses UTC ...
rtcwake: wakeup from "mem" using /dev/rtc1 at Thu Jan  1 00:00:41 1970
[   19.838824] PM: suspend entry (deep)
[   19.842537] PM: Syncing filesystems ... done.
[   19.848032] Freezing user space processes ... (elapsed 0.001 seconds) done.
[   19.849273] OOM killer disabled.
[   19.849275] Freezing remaining freezable tasks ... (elapsed 0.011 seconds) done.
[   19.860799] Suspending console(s) (use no_console_suspend to debug)
[   19.934111] pci_generic_config_write32: 46 callbacks suppressed
[   19.934120] pci_bus 0000:00: 2-byte config write to 0000:00:02.0 offset 0x9c may corrupt adjacent RW1C bits
[   19.934143] pci_bus 0000:00: 2-byte config write to 0000:00:01.0 offset 0x9c may corrupt adjacent RW1C bits
[   20.146028] Disabling non-boot CPUs ...
[   20.291574] Entering suspend state LP1
[   20.291585] Enabling non-boot CPUs ...
[   20.292512] CPU1 is up
[   20.293328] CPU2 is up
[   20.294219] CPU3 is up
[   20.294823] pci_bus 0000:00: 2-byte config write to 0000:00:01.0 offset 0x4c may corrupt adjacent RW1C bits
[   20.294831] pci_bus 0000:00: 2-byte config write to 0000:00:02.0 offset 0x4c may corrupt adjacent RW1C bits
[   20.294843] pci_bus 0000:00: 2-byte config write to 0000:00:01.0 offset 0x88 may corrupt adjacent RW1C bits
[   20.294849] pci_bus 0000:00: 2-byte config write to 0000:00:02.0 offset 0x88 may corrupt adjacent RW1C bits
[   20.294855] pci_bus 0000:00: 2-byte config write to 0000:00:01.0 offset 0x90 may corrupt adjacent RW1C bits
[   20.294861] pci_bus 0000:00: 2-byte config write to 0000:00:02.0 offset 0x90 may corrupt adjacent RW1C bits
[   20.294866] pci_bus 0000:00: 2-byte config write to 0000:00:01.0 offset 0x98 may corrupt adjacent RW1C bits
[   20.294872] pci_bus 0000:00: 2-byte config write to 0000:00:02.0 offset 0x98 may corrupt adjacent RW1C bits
[   20.294977] pcieport 0000:00:01.0: nv_msi_ht_cap_quirk didn't locate host bridge
[   20.294979] pcieport 0000:00:02.0: nv_msi_ht_cap_quirk didn't locate host bridge
[   20.341101] tegra-hdmi 54280000.hdmi: cannot set audio to 48000 Hz at 297000000 Hz pixel clock
[   20.643488] ata1: SATA link down (SStatus 0 SControl 300)
[   23.421718] OOM killer enabled.
[   23.424847] Restarting tasks ... done.
root@(none):/# 
root@(none):/# [   23.429327] PM: suspend exit
rtcwake -d rtc1 -m mem -s 3
rtcwake: assuming RTC uses UTC ...
rtcwake: wakeup from "mem" using /dev/rtc1 at Thu Jan  1 00:00:48 1970
[   23.972007] PM: suspend entry (deep)
[   23.975595] PM: Syncing filesystems ... done.
[   23.981230] Freezing user space processes ... (elapsed 0.001 seconds) done.
[   23.982466] OOM killer disabled.
[   23.982469] Freezing remaining freezable tasks ... (elapsed 0.001 seconds) done.
[   23.983701] Suspending console(s) (use no_console_suspend to debug)
[   24.314733] Disabling non-boot CPUs ...
[   24.400893] IRQ17 no longer affine to CPU1
[   24.521507] Entering suspend state LP1
[   24.521518] Enabling non-boot CPUs ...
[   24.522459] CPU1 is up
[   24.523296] CPU2 is up
[   24.524203] CPU3 is up
[   24.524961] pcieport 0000:00:01.0: nv_msi_ht_cap_quirk didn't locate host bridge
[   24.524963] pcieport 0000:00:02.0: nv_msi_ht_cap_quirk didn't locate host bridge
[   24.571043] tegra-hdmi 54280000.hdmi: cannot set audio to 48000 Hz at 297000000 Hz pixel clock
[   24.873488] ata1: SATA link down (SStatus 0 SControl 300)
[   27.552561] OOM killer enabled.
[   27.555691] Restarting tasks ... done.
root@(none):/# 
root@(none):/# [   27.560087] PM: suspend exit
rtcwake -d rtc1 -m mem -s 3
rtcwake: assuming RTC uses UTC ...
rtcwake: wakeup from "mem" using /dev/rtc1 at Thu Jan  1 00:00:55 1970
[   28.193147] PM: suspend entry (deep)
[   28.196729] PM: Syncing filesystems ... done.
[   28.202607] Freezing user space processes ... (elapsed 0.001 seconds) done.
[   28.203815] OOM killer disabled.
[   28.203816] Freezing remaining freezable tasks ... (elapsed 0.001 seconds) done.
[   28.205020] Suspending console(s) (use no_console_suspend to debug)
[   28.292555] pci_generic_config_write32: 46 callbacks suppressed
[   28.292562] pci_bus 0000:00: 2-byte config write to 0000:00:02.0 offset 0x9c may corrupt adjacent RW1C bits
[   28.292581] pci_bus 0000:00: 2-byte config write to 0000:00:01.0 offset 0x9c may corrupt adjacent RW1C bits
[   28.505008] Disabling non-boot CPUs ...
[   28.610794] IRQ17 no longer affine to CPU2
[   28.671306] Entering suspend state LP1
[   28.671317] Enabling non-boot CPUs ...
[   28.672155] CPU1 is up
[   28.672874] CPU2 is up
[   28.673646] CPU3 is up
[   28.674159] pci_bus 0000:00: 2-byte config write to 0000:00:01.0 offset 0x4c may corrupt adjacent RW1C bits
[   28.674168] pci_bus 0000:00: 2-byte config write to 0000:00:02.0 offset 0x4c may corrupt adjacent RW1C bits
[   28.674177] pci_bus 0000:00: 2-byte config write to 0000:00:01.0 offset 0x88 may corrupt adjacent RW1C bits
[   28.674183] pci_bus 0000:00: 2-byte config write to 0000:00:01.0 offset 0x90 may corrupt adjacent RW1C bits
[   28.674188] pci_bus 0000:00: 2-byte config write to 0000:00:02.0 offset 0x88 may corrupt adjacent RW1C bits
[   28.674193] pci_bus 0000:00: 2-byte config write to 0000:00:01.0 offset 0x98 may corrupt adjacent RW1C bits
[   28.674198] pci_bus 0000:00: 2-byte config write to 0000:00:02.0 offset 0x90 may corrupt adjacent RW1C bits
[   28.674203] pci_bus 0000:00: 2-byte config write to 0000:00:01.0 offset 0x9c may corrupt adjacent RW1C bits
[   28.674303] pcieport 0000:00:02.0: nv_msi_ht_cap_quirk didn't locate host bridge
[   28.674304] pcieport 0000:00:01.0: nv_msi_ht_cap_quirk didn't locate host bridge
[   28.721059] tegra-hdmi 54280000.hdmi: cannot set audio to 48000 Hz at 297000000 Hz pixel clock
[   29.023358] ata1: SATA link down (SStatus 0 SControl 300)
[   31.805739] OOM killer enabled.
[   31.808869] Restarting tasks ... done.
root@(none):/# 
root@(none):/# [   31.813318] PM: suspend exit
rtcwake -d rtc1 -m mem -s 3
rtcwake: assuming RTC uses UTC ...
rtcwake: wakeup from "mem" using /dev/rtc1 at Thu Jan  1 00:01:02 1970
[   32.345347] PM: suspend entry (deep)
[   32.348924] PM: Syncing filesystems ... done.
[   32.355046] Freezing user space processes ... (elapsed 0.001 seconds) done.
[   32.356267] OOM killer disabled.
[   32.356268] Freezing remaining freezable tasks ... (elapsed 0.001 seconds) done.
[   32.357489] Suspending console(s) (use no_console_suspend to debug)
[   32.654810] Disabling non-boot CPUs ...
[   32.821352] Entering suspend state LP1
[   32.821363] Enabling non-boot CPUs ...
[   32.822308] CPU1 is up
[   32.823130] CPU2 is up
[   32.824018] CPU3 is up
[   32.824691] pcieport 0000:00:02.0: nv_msi_ht_cap_quirk didn't locate host bridge
[   32.824693] pcieport 0000:00:01.0: nv_msi_ht_cap_quirk didn't locate host bridge
[   32.871045] tegra-hdmi 54280000.hdmi: cannot set audio to 48000 Hz at 297000000 Hz pixel clock
[   33.173440] ata1: SATA link down (SStatus 0 SControl 300)
[   35.838412] OOM killer enabled.
[   35.841565] Restarting tasks ... done.
root@(none):/# 
root@(none):/# [   35.845833] PM: suspend exit
rtcwake -d rtc1 -m mem -s 3
rtcwake: assuming RTC uses UTC ...
rtcwake: wakeup from "mem" using /dev/rtc1 at Thu Jan  1 00:01:09 1970
[   36.497243] PM: suspend entry (deep)
[   36.500984] PM: Syncing filesystems ... done.
[   36.506320] Freezing user space processes ... (elapsed 0.001 seconds) done.
[   36.507591] OOM killer disabled.
[   36.507593] Freezing remaining freezable tasks ... (elapsed 0.001 seconds) done.
[   36.508848] Suspending console(s) (use no_console_suspend to debug)
[   36.593573] pci_generic_config_write32: 46 callbacks suppressed
[   36.593582] pci_bus 0000:00: 2-byte config write to 0000:00:02.0 offset 0x9c may corrupt adjacent RW1C bits
[   36.593613] pci_bus 0000:00: 2-byte config write to 0000:00:01.0 offset 0x9c may corrupt adjacent RW1C bits
[   36.806072] Disabling non-boot CPUs ...
[   36.971485] Entering suspend state LP1
[   36.971497] Enabling non-boot CPUs ...
[   36.972457] CPU1 is up
[   36.973282] CPU2 is up
[   36.974190] CPU3 is up
[   36.974750] pci_bus 0000:00: 2-byte config write to 0000:00:01.0 offset 0x4c may corrupt adjacent RW1C bits
[   36.974766] pci_bus 0000:00: 2-byte config write to 0000:00:01.0 offset 0x88 may corrupt adjacent RW1C bits
[   36.974773] pci_bus 0000:00: 2-byte config write to 0000:00:01.0 offset 0x90 may corrupt adjacent RW1C bits
[   36.974782] pci_bus 0000:00: 2-byte config write to 0000:00:02.0 offset 0x4c may corrupt adjacent RW1C bits
[   36.974787] pci_bus 0000:00: 2-byte config write to 0000:00:01.0 offset 0x98 may corrupt adjacent RW1C bits
[   36.974796] pci_bus 0000:00: 2-byte config write to 0000:00:01.0 offset 0x9c may corrupt adjacent RW1C bits
[   36.974802] pci_bus 0000:00: 2-byte config write to 0000:00:02.0 offset 0x88 may corrupt adjacent RW1C bits
[   36.974808] pci_bus 0000:00: 2-byte config write to 0000:00:01.0 offset 0xa8 may corrupt adjacent RW1C bits
[   36.974915] pcieport 0000:00:01.0: nv_msi_ht_cap_quirk didn't locate host bridge
[   36.974916] pcieport 0000:00:02.0: nv_msi_ht_cap_quirk didn't locate host bridge
[   37.020983] tegra-hdmi 54280000.hdmi: cannot set audio to 48000 Hz at 297000000 Hz pixel clock
[   37.323317] ata1: SATA link down (SStatus 0 SControl 300)
[   40.111721] OOM killer enabled.
[   40.114851] Restarting tasks ... done.
root@(none):/# 
root@(none):/# [   40.119185] PM: suspend exit
rtcwake -d rtc1 -m mem -s 3
rtcwake: assuming RTC uses UTC ...
rtcwake: wakeup from "mem" using /dev/rtc1 at Thu Jan  1 00:01:16 1970
[   40.645842] PM: suspend entry (deep)
[   40.649426] PM: Syncing filesystems ... done.
[   40.655865] Freezing user space processes ... (elapsed 0.001 seconds) done.
[   40.657095] OOM killer disabled.
[   40.657097] Freezing remaining freezable tasks ... (elapsed 0.001 seconds) done.
[   40.658319] Suspending console(s) (use no_console_suspend to debug)
[   40.955070] Disabling non-boot CPUs ...
[   40.990766] IRQ17 no longer affine to CPU1
[   41.111338] Entering suspend state LP1
[   41.111365] Enabling non-boot CPUs ...
[   41.112326] CPU1 is up
[   41.113158] CPU2 is up
[   41.114075] CPU3 is up
[   41.114770] pcieport 0000:00:02.0: nv_msi_ht_cap_quirk didn't locate host bridge
[   41.114772] pcieport 0000:00:01.0: nv_msi_ht_cap_quirk didn't locate host bridge
[   41.160993] tegra-hdmi 54280000.hdmi: cannot set audio to 48000 Hz at 297000000 Hz pixel clock
[   41.463386] ata1: SATA link down (SStatus 0 SControl 300)
[   44.142486] OOM killer enabled.
[   44.145615] Restarting tasks ... done.
root@(none):/# 
root@(none):/# [   44.149856] PM: suspend exit
rtcwake -d rtc1 -m mem -s 3
rtcwake: assuming RTC uses UTC ...
rtcwake: wakeup from "mem" using /dev/rtc1 at Thu Jan  1 00:01:23 1970
[   44.787495] PM: suspend entry (deep)
[   44.791133] PM: Syncing filesystems ... done.
[   44.796967] Freezing user space processes ... (elapsed 0.001 seconds) done.
[   44.798226] OOM killer disabled.
[   44.798228] Freezing remaining freezable tasks ... (elapsed 0.001 seconds) done.
[   44.799477] Suspending console(s) (use no_console_suspend to debug)
[   44.883901] pci_generic_config_write32: 46 callbacks suppressed
[   44.883913] pci_bus 0000:00: 2-byte config write to 0000:00:02.0 offset 0x9c may corrupt adjacent RW1C bits
[   44.883945] pci_bus 0000:00: 2-byte config write to 0000:00:01.0 offset 0x9c may corrupt adjacent RW1C bits
[   45.095031] Disabling non-boot CPUs ...
[   45.130799] IRQ17 no longer affine to CPU1
[   45.251530] Entering suspend state LP1
[   45.251556] Enabling non-boot CPUs ...
[   45.252514] CPU1 is up
[   45.253346] CPU2 is up
[   45.254266] CPU3 is up
[   45.254842] pci_bus 0000:00: 2-byte config write to 0000:00:01.0 offset 0x4c may corrupt adjacent RW1C bits
[   45.254851] pci_bus 0000:00: 2-byte config write to 0000:00:02.0 offset 0x4c may corrupt adjacent RW1C bits
[   45.254863] pci_bus 0000:00: 2-byte config write to 0000:00:01.0 offset 0x88 may corrupt adjacent RW1C bits
[   45.254869] pci_bus 0000:00: 2-byte config write to 0000:00:02.0 offset 0x88 may corrupt adjacent RW1C bits
[   45.254874] pci_bus 0000:00: 2-byte config write to 0000:00:01.0 offset 0x90 may corrupt adjacent RW1C bits
[   45.254880] pci_bus 0000:00: 2-byte config write to 0000:00:02.0 offset 0x90 may corrupt adjacent RW1C bits
[   45.254885] pci_bus 0000:00: 2-byte config write to 0000:00:01.0 offset 0x98 may corrupt adjacent RW1C bits
[   45.254891] pci_bus 0000:00: 2-byte config write to 0000:00:02.0 offset 0x98 may corrupt adjacent RW1C bits
[   45.254998] pcieport 0000:00:02.0: nv_msi_ht_cap_quirk didn't locate host bridge
[   45.255000] pcieport 0000:00:01.0: nv_msi_ht_cap_quirk didn't locate host bridge
[   45.301080] tegra-hdmi 54280000.hdmi: cannot set audio to 48000 Hz at 297000000 Hz pixel clock
[   45.603263] ata1: SATA link down (SStatus 0 SControl 300)
[   48.395753] OOM killer enabled.
[   48.398886] Restarting tasks ... done.
root@(none):/# 
root@(none):/# [   48.403633] PM: suspend exit
NVTB SYSTEM SUSPEND TEST COMPLETE
