
U-Boot SPL 2014.01-00219-gc4d376f (Feb 18 2014 - 19:57:32)


U-Boot 2014.01-00219-gc4d376f (Feb 18 2014 - 19:57:32)

TEGRA114
Board: NVIDIA Dalmore
I2C:   ready
DRAM:  2 GiB
MMC:   Tegra SD/MMC: 0, Tegra SD/MMC: 1
In:    serial
Out:   serial
Err:   serial
Net:   Net Initialization Skipped
No ethernet found.
Hit any key to stop autoboot:  2  0 
Tegra114 (Dalmore) # 
Tegra114 (Dalmore) # usb reset
(Re)start USB...
USB0:   USB EHCI 1.10
scanning bus 0 for devices... 2 USB Device(s) found
       scanning usb for storage devices... 0 Storage Device(s) found
       scanning usb for ethernet devices... 
Warning: asx0 using MAC address from net device
1 Ethernet Device(s) found
Tegra114 (Dalmore) # setenv bootargs 'ignore_loglevel console=ttyS0,115200n8 rw root=PARTUUID=7369c667-ff51-ec4a-29cd-baabf2fbe346 rootwait gpt debug earlyprintk init=/bin/bash'
Tegra114 (Dalmore) # setenv ipaddr 192.168.100.100; setenv serverip 192.168.100.1; setenv tftpserverip 192.168.100.1
Tegra114 (Dalmore) # tftpboot 0x81000000 zImage.multi_v7_defconfig
Using asx0 device
TFTP from server 192.168.100.1; our IP address is 192.168.100.100
Filename 'zImage.multi_v7_defconfig'.
Load address: 0x81000000
Loading: *#################################################################
	 #################################################################
	 #################################################################
	 #################################################################
	 #################################################################
	 #################################################################
	 #################################################################
	 ##################################################
	 3.2 MiB/s
done
Bytes transferred = 7412512 (711b20 hex)
Tegra114 (Dalmore) # tftpboot 0x82000000 tegra114-dalmore.dtb
Using asx0 device
TFTP from server 192.168.100.1; our IP address is 192.168.100.100
Filename 'tegra114-dalmore.dtb'.
Load address: 0x82000000
Loading: *###
	 3.3 MiB/s
done
Bytes transferred = 35044 (88e4 hex)
Tegra114 (Dalmore) # bootz 0x81000000 - 0x82000000
Kernel image @ 0x81000000 [ 0x000000 - 0x711b20 ]
## Flattened Device Tree blob at 82000000
   Booting using the fdt blob at 0x82000000
   Loading Device Tree to 8fff4000, end 8ffff8e3 ... OK

Starting kernel ...

[    0.000000] Booting Linux on physical CPU 0x0
[    0.000000] Linux version 4.10.0-rc6-142786-g566cf87 (pwalmsley@sellafield) (gcc version 4.7.3 20130328 (prerelease) (crosstool-NG linaro-1.13.1-4.7-2013.04-20130415 - Linaro GCC 2013.04) ) #1 SMP Sun Jan 29 15:05:05 PST 2017
[    0.000000] CPU: ARMv7 Processor [412fc0f2] revision 2 (ARMv7), cr=10c5387d
[    0.000000] CPU: div instructions available: patching division code
[    0.000000] CPU: PIPT / VIPT nonaliasing data cache, PIPT instruction cache
[    0.000000] OF: fdt:Machine model: NVIDIA Tegra114 Dalmore evaluation board
[    0.000000] debug: ignoring loglevel setting.
[    0.000000] efi: Getting EFI parameters from FDT:
[    0.000000] efi: UEFI not found.
[    0.000000] cma: Reserved 64 MiB at 0xfb800000
[    0.000000] Memory policy: Data cache writealloc
[    0.000000] On node 0 totalpages: 524032
[    0.000000] free_area_init_node: node 0, pgdat c142b5c0, node_mem_map eeff8000
[    0.000000]   DMA zone: 1536 pages used for memmap
[    0.000000]   DMA zone: 0 pages reserved
[    0.000000]   DMA zone: 196608 pages, LIFO batch:31
[    0.000000]   HighMem zone: 327424 pages, LIFO batch:31
[    0.000000] percpu: Embedded 14 pages/cpu @eefa4000 s26176 r8192 d22976 u57344
[    0.000000] pcpu-alloc: s26176 r8192 d22976 u57344 alloc=14*4096
[    0.000000] pcpu-alloc: [0] 0 [0] 1 [0] 2 [0] 3 
[    0.000000] Built 1 zonelists in Zone order, mobility grouping on.  Total pages: 522496
[    0.000000] Kernel command line: ignore_loglevel console=ttyS0,115200n8 rw root=PARTUUID=7369c667-ff51-ec4a-29cd-baabf2fbe346 rootwait gpt debug earlyprintk init=/bin/bash
[    0.000000] PID hash table entries: 4096 (order: 2, 16384 bytes)
[    0.000000] Dentry cache hash table entries: 131072 (order: 7, 524288 bytes)
[    0.000000] Inode-cache hash table entries: 65536 (order: 6, 262144 bytes)
[    0.000000] Memory: 1994876K/2096128K available (9216K kernel code, 1204K rwdata, 4148K rodata, 2048K init, 536K bss, 35716K reserved, 65536K cma-reserved, 1244160K highmem)
[    0.000000] Virtual kernel memory layout:
[    0.000000]     vector  : 0xffff0000 - 0xffff1000   (   4 kB)
[    0.000000]     fixmap  : 0xffc00000 - 0xfff00000   (3072 kB)
[    0.000000]     vmalloc : 0xf0800000 - 0xff800000   ( 240 MB)
[    0.000000]     lowmem  : 0xc0000000 - 0xf0000000   ( 768 MB)
[    0.000000]     pkmap   : 0xbfe00000 - 0xc0000000   (   2 MB)
[    0.000000]     modules : 0xbf000000 - 0xbfe00000   (  14 MB)
[    0.000000]       .text : 0xc0208000 - 0xc0c00000   (10208 kB)
[    0.000000]       .init : 0xc1100000 - 0xc1300000   (2048 kB)
[    0.000000]       .data : 0xc1300000 - 0xc142d0c0   (1205 kB)
[    0.000000]        .bss : 0xc142f000 - 0xc14b51d0   ( 537 kB)
[    0.000000] SLUB: HWalign=64, Order=0-3, MinObjects=0, CPUs=4, Nodes=1
[    0.000000] Hierarchical RCU implementation.
[    0.000000] 	Build-time adjustment of leaf fanout to 32.
[    0.000000] 	RCU restricting CPUs from NR_CPUS=16 to nr_cpu_ids=4.
[    0.000000] RCU: Adjusting geometry for rcu_fanout_leaf=32, nr_cpu_ids=4
[    0.000000] NR_IRQS:16 nr_irqs:16 16
[    0.000000] /interrupt-controller@60004000: 160 interrupts forwarded to /interrupt-controller@50041000
[    0.000000] Tegra clk 127: register failed with -17
[    0.000009] sched_clock: 32 bits at 1000kHz, resolution 1000ns, wraps every 2147483647500ns
[    0.000027] clocksource: timer_us: mask: 0xffffffff max_cycles: 0xffffffff, max_idle_ns: 1911260446275 ns
[    0.000041] Switching to timer-based delay loop, resolution 1000ns
[    0.003088] arm_arch_timer: Architected cp15 timer(s) running at 12.00MHz (virt).
[    0.003106] clocksource: arch_sys_counter: mask: 0xffffffffffffff max_cycles: 0x2c47f4ee7, max_idle_ns: 440795202497 ns
[    0.003123] sched_clock: 56 bits at 12MHz, resolution 83ns, wraps every 4398046511096ns
[    0.003136] Switching to timer-based delay loop, resolution 83ns
[    0.003521] Console: colour dummy device 80x30
[    0.003554] Calibrating delay loop (skipped), value calculated using timer frequency.. 24.00 BogoMIPS (lpj=120000)
[    0.003569] pid_max: default: 32768 minimum: 301
[    0.003670] Mount-cache hash table entries: 2048 (order: 1, 8192 bytes)
[    0.003681] Mountpoint-cache hash table entries: 2048 (order: 1, 8192 bytes)
[    0.004289] CPU: Testing write buffer coherency: ok
[    0.004529] /cpus/cpu@0 missing clock-frequency property
[    0.004557] /cpus/cpu@1 missing clock-frequency property
[    0.004585] /cpus/cpu@2 missing clock-frequency property
[    0.004616] /cpus/cpu@3 missing clock-frequency property
[    0.004628] CPU0: thread -1, cpu 0, socket 0, mpidr 80000000
[    0.004873] Setting up static identity map for 0x80300000 - 0x80300098
[    0.007280] Tegra Revision: A01 SKU: 0 CPU Process: 1 SoC Process: 0
[    0.007815] EFI services will not be available.
[    0.008062] smp: Bringing up secondary CPUs ...
[    0.008699] CPU1: thread -1, cpu 1, socket 0, mpidr 80000001
[    0.009407] CPU2: thread -1, cpu 2, socket 0, mpidr 80000002
[    0.010108] CPU3: thread -1, cpu 3, socket 0, mpidr 80000003
[    0.010192] smp: Brought up 1 node, 4 CPUs
[    0.010211] SMP: Total of 4 processors activated (96.00 BogoMIPS).
[    0.010219] CPU: All CPU(s) started in SVC mode.
[    0.011690] devtmpfs: initialized
[    0.023303] VFP support v0.3: implementor 41 architecture 4 part 30 variant f rev 0
[    0.023683] clocksource: jiffies: mask: 0xffffffff max_cycles: 0xffffffff, max_idle_ns: 19112604462750000 ns
[    0.025062] pinctrl core: initialized pinctrl subsystem
[    0.026751] NET: Registered protocol family 16
[    0.028771] DMA: preallocated 256 KiB pool for atomic coherent allocations
[    0.052952] cpuidle: using governor menu
[    0.079582] No ATAGs?
[    0.079720] hw-breakpoint: found 5 (+1 reserved) breakpoint and 4 watchpoint registers.
[    0.079734] hw-breakpoint: maximum watchpoint size is 8 bytes.
[    0.084923] Serial: AMBA PL011 UART driver
[    0.085650] tegra-mc 70019000.memory-controller: no memory timings for RAM code 3 registered
[    0.127558] dvdd_ts: Failed to request enable GPIO61: -517
[    0.127573] reg-fixed-voltage regulators:regulator@1: Failed to register regulator: -517
[    0.127668] usb1_vbus: Failed to request enable GPIO108: -517
[    0.127681] reg-fixed-voltage regulators:regulator@3: Failed to register regulator: -517
[    0.127773] usb2_vbus: Failed to request enable GPIO86: -517
[    0.127786] reg-fixed-voltage regulators:regulator@4: Failed to register regulator: -517
[    0.128210] VDD_5V0_HDMI_CON: Failed to request enable GPIO81: -517
[    0.128222] reg-fixed-voltage regulators:regulator@7: Failed to register regulator: -517
[    0.130877] vgaarb: loaded
[    0.131682] SCSI subsystem initialized
[    0.131853] libata version 3.00 loaded.
[    0.132126] usbcore: registered new interface driver usbfs
[    0.132191] usbcore: registered new interface driver hub
[    0.132264] usbcore: registered new device driver usb
[    0.135832] tps65090 2-0048: No cache defaults, reading back from HW
[    0.137746] TPS65090_RAILSDCDC1: supplied by vdd_ac_bat
[    0.138285] vdd_hdmi_5v0: supplied by vdd-sys-5v0
[    0.139058] TPS65090_RAILSDCDC2: supplied by vdd_ac_bat
[    0.140135] TPS65090_RAILSDCDC3: supplied by vdd_ac_bat
[    0.140673] TPS65090_RAILSFET1: supplied by vdd_ac_bat
[    0.141065] TPS65090_RAILSFET2: supplied by vdd_ac_bat
[    0.141433] TPS65090_RAILSFET3: supplied by vdd-sys-3v3
[    0.141973] TPS65090_RAILSFET4: supplied by vdd-sys-3v3
[    0.142509] TPS65090_RAILSFET5: supplied by vdd-sys-3v3
[    0.143037] TPS65090_RAILSFET6: supplied by vdd-sys-3v3
[    0.143915] TPS65090_RAILSFET7: supplied by vdd-sys-3v3
[    0.144455] TPS65090_RAILSLDO1: supplied by vdd_ac_bat
[    0.144684] TPS65090_RAILSLDO2: supplied by vdd_ac_bat
[    0.145657] palmas 2-0058: Irq flag is 0x00000004
[    0.147661] palmas 2-0058: Muxing GPIO ff, PWM 0, LED 0
[    0.150172] SMPS12: supplied by vdd-ao
[    0.151788] SMPS3: supplied by vdd-ao
[    0.153568] SMPS457: supplied by vdd-sys-3v3
[    0.156506] SMPS8: supplied by vdd-sys-3v3
[    0.157608] random: fast init done
[    0.158141] SMPS9: supplied by vdd-sys-3v3
[    0.158661] sdhci-vdd-sd-slot: Bringing 2840000uV into 2800000-2800000uV
[    0.161534] LDO1: supplied by vdd-sys-3v3
[    0.162739] LDO2: supplied by vdd-sys-3v3
[    0.163979] LDO3: supplied by vddio-1v8
[    0.165189] LDO4: supplied by vdd-sys-3v3
[    0.166400] LDO5: supplied by vdd_ac_bat
[    0.167170] LDO6: supplied by vdd-sys-3v3
[    0.167681] vdd-sensor-2v85: Bringing 2900000uV into 2850000-2850000uV
[    0.169108] LDO7: supplied by vdd-sys-3v3
[    0.170840] LDO8: supplied by vdd-ao
[    0.171349] vdd-rtc: Bringing 675000uV into 900000-900000uV
[    0.173857] LDO9: supplied by sdhci-vdd-sd-slot
[    0.184186] LDOLN: supplied by vdd-sys-5v0
[    0.185401] LDOUSB: supplied by vdd-sys-5v0
[    0.197152] pps_core: LinuxPPS API ver. 1 registered
[    0.197161] pps_core: Software ver. 5.3.6 - Copyright 2005-2007 Rodolfo Giometti <giometti@linux.it>
[    0.197184] PTP clock support registered
[    0.197374] EDAC MC: Ver: 3.0.0
[    0.199789] clocksource: Switched to clocksource arch_sys_counter
[    0.210189] NET: Registered protocol family 2
[    0.210724] TCP established hash table entries: 8192 (order: 3, 32768 bytes)
[    0.210822] TCP bind hash table entries: 8192 (order: 4, 65536 bytes)
[    0.211009] TCP: Hash tables configured (established 8192 bind 8192)
[    0.211065] UDP hash table entries: 512 (order: 2, 16384 bytes)
[    0.211107] UDP-Lite hash table entries: 512 (order: 2, 16384 bytes)
[    0.211275] NET: Registered protocol family 1
[    0.211611] RPC: Registered named UNIX socket transport module.
[    0.211620] RPC: Registered udp transport module.
[    0.211627] RPC: Registered tcp transport module.
[    0.211634] RPC: Registered tcp NFSv4.1 backchannel transport module.
[    0.211645] PCI: CLS 0 bytes, default 64
[    0.213836] futex hash table entries: 1024 (order: 4, 65536 bytes)
[    0.214334] workingset: timestamp_bits=30 max_order=19 bucket_order=0
[    0.225971] squashfs: version 4.0 (2009/01/31) Phillip Lougher
[    0.226861] NFS: Registering the id_resolver key type
[    0.226883] Key type id_resolver registered
[    0.226891] Key type id_legacy registered
[    0.226934] ntfs: driver 2.1.32 [Flags: R/O].
[    0.228600] bounce: pool size: 64 pages
[    0.228805] Block layer SCSI generic (bsg) driver version 0.4 loaded (major 248)
[    0.228814] io scheduler noop registered
[    0.228822] io scheduler deadline registered
[    0.229009] io scheduler cfq registered (default)
[    0.260231] tegra-apbdma 6000a000.dma: Tegra20 APB DMA driver register 32 channels
[    0.262104] tegra-pmc 7000e400.pmc: i2c-thermtrip node not found, emergency thermal reset disabled.
[    0.325753] Serial: 8250/16550 driver, 4 ports, IRQ sharing disabled
[    0.328854] console [ttyS0] disabled
[    0.328891] 70006300.serial: ttyS0 at MMIO 0x70006300 (irq = 329, base_baud = 25500000) is a Tegra
[    1.300585] console [ttyS0] enabled
[    1.304918] SuperH (H)SCI(F) driver initialized
[    1.310426] msm_serial: driver initialized
[    1.314694] STMicroelectronics ASC driver initialized
[    1.323311] [drm] Initialized
[    1.329377] tegra-hdmi 54280000.hdmi: failed to get HDMI regulator
[    1.354709] brd: module loaded
[    1.364337] loop: module loaded
[    1.384144] m25p80 spi32766.0: w25q32dw (4096 Kbytes)
[    1.392428] libphy: Fixed MDIO Bus: probed
[    1.397791] CAN device driver interface
[    1.402555] bgmac_bcma: Broadcom 47xx GBit MAC driver loaded
[    1.409439] e1000e: Intel(R) PRO/1000 Network Driver - 3.2.6-k
[    1.415276] e1000e: Copyright(c) 1999 - 2015 Intel Corporation.
[    1.421275] igb: Intel(R) Gigabit Ethernet Network Driver - version 5.4.0-k
[    1.428223] igb: Copyright (c) 2007-2014 Intel Corporation.
[    1.437115] pegasus: v0.9.3 (2013/04/25), Pegasus/Pegasus II USB Ethernet driver
[    1.444576] usbcore: registered new interface driver pegasus
[    1.450298] usbcore: registered new interface driver asix
[    1.455729] usbcore: registered new interface driver ax88179_178a
[    1.461869] usbcore: registered new interface driver cdc_ether
[    1.467750] usbcore: registered new interface driver smsc75xx
[    1.473559] usbcore: registered new interface driver smsc95xx
[    1.479333] usbcore: registered new interface driver net1080
[    1.485048] usbcore: registered new interface driver cdc_subset
[    1.491010] usbcore: registered new interface driver zaurus
[    1.496637] usbcore: registered new interface driver cdc_ncm
[    1.504229] ehci_hcd: USB 2.0 'Enhanced' Host Controller (EHCI) Driver
[    1.510761] ehci-pci: EHCI PCI platform driver
[    1.515242] ehci-platform: EHCI generic platform driver
[    1.520664] ehci-orion: EHCI orion driver
[    1.524796] SPEAr-ehci: EHCI SPEAr driver
[    1.528932] ehci-st: EHCI STMicroelectronics driver
[    1.533951] ehci-exynos: EHCI EXYNOS driver
[    1.538276] ehci-atmel: EHCI Atmel driver
[    1.542428] tegra-ehci: Tegra EHCI driver
[    1.546726] ohci_hcd: USB 1.1 'Open' Host Controller (OHCI) Driver
[    1.552921] ohci-pci: OHCI PCI platform driver
[    1.557405] ohci-platform: OHCI generic platform driver
[    1.562792] ohci-omap3: OHCI OMAP3 driver
[    1.566923] SPEAr-ohci: OHCI SPEAr driver
[    1.571083] ohci-st: OHCI STMicroelectronics driver
[    1.576085] ohci-atmel: OHCI Atmel driver
[    1.580810] usbcore: registered new interface driver usb-storage
[    1.588287] mousedev: PS/2 mouse device common for all mice
[    1.598437] palmas-rtc 7000d000.i2c:tps65913@58:rtc: rtc core: registered 7000d000.i2c:tps659 as rtc0
[    1.609521] tegra_rtc 7000e000.rtc: rtc core: registered 7000e000.rtc as rtc1
[    1.616714] tegra_rtc 7000e000.rtc: Tegra internal Real Time Clock
[    1.623423] i2c /dev entries driver
[    1.633338] sbs-battery 0-000b: sbs_probe: Failed to get device status
[    1.639896] sbs-battery: probe of 0-000b failed with error -121
[    1.655905] sdhci: Secure Digital Host Controller Interface driver
[    1.662109] sdhci: Copyright(c) Pierre Ossman
[    1.667922] Synopsys Designware Multimedia Card Interface Driver
[    1.674992] sdhci-pltfm: SDHCI platform and OF driver helper
[    1.681368] sdhci-tegra 78000400.sdhci: Got CD GPIO
[    1.686254] sdhci-tegra 78000400.sdhci: Got WP GPIO
[    1.692364] mmc0: Invalid maximum block size, assuming 512 bytes
[    1.759937] mmc0: SDHCI controller on 78000400.sdhci [78000400.sdhci] using ADMA
[    1.767610] mmc1: Invalid maximum block size, assuming 512 bytes
[    1.839808] mmc1: SDHCI controller on 78000600.sdhci [78000600.sdhci] using ADMA
[    1.849049] ledtrig-cpu: registered to indicate activity on CPUs
[    1.857419] usbcore: registered new interface driver usbhid
[    1.863009] usbhid: USB HID core driver
[    1.870651] NET: Registered protocol family 10
[    1.878045] Segment Routing with IPv6
[    1.881787] sit: IPv6, IPv4 and MPLS over IPv4 tunneling driver
[    1.888374] NET: Registered protocol family 17
[    1.892841] can: controller area network core (rev 20120528 abi 9)
[    1.899073] NET: Registered protocol family 29
[    1.903529] can: raw protocol (rev 20120528)
[    1.907791] can: broadcast manager protocol (rev 20161123 t)
[    1.913461] can: netlink gateway (rev 20130117) max_hops=1
[    1.919295] Key type dns_resolver registered
[    1.924223] ThumbEE CPU extension supported.
[    1.928497] Registering SWP/SWPB emulation handler
[    1.945553] usb1_vbus: supplied by vdd-sys-5v0
[    1.953460] usb2_vbus: supplied by vdd-sys-5v0
[    1.963982] mmc0: new high speed SDHC card at address aaaa
[    1.964412] VDD_5V0_HDMI_CON: supplied by vdd-sys-5v0
[    1.977427] mmcblk0: mmc0:aaaa SL16G 14.8 GiB 
[    1.979097] [drm] Supports vblank timestamp caching Rev 2 (21.10.2013).
[    1.979101] [drm] No driver support for vblank timestamp query.
[    2.011562]  mmcblk0: p1 p2 p3
[    2.036337] mmc1: new high speed MMC card at address 0001
[    2.037457] mmcblk1: mmc1:0001 SEM32G 29.1 GiB 
[    2.038384] mmcblk1boot0: mmc1:0001 SEM32G partition 1 4.00 MiB
[    2.039224] mmcblk1boot1: mmc1:0001 SEM32G partition 2 4.00 MiB
[    2.040343] mmcblk1rpmb: mmc1:0001 SEM32G partition 3 4.00 MiB
[    2.042476] Console: switching to colour frame buffer device 240x75
[    2.045012]  mmcblk1: p1 p2 p3 p4 p5 p6 p7 p8
[    2.105267] drm drm: fb0:  frame buffer device
[    2.139941] [drm] Initialized tegra 0.0.0 20120330 on minor 0
[    2.151444] tegra-ehci 7d008000.usb: EHCI Host Controller
[    2.156884] tegra-ehci 7d008000.usb: new USB bus registered, assigned bus number 1
[    2.164838] tegra-ehci 7d008000.usb: irq 339, io mem 0x7d008000
[    2.199915] tegra-ehci 7d008000.usb: USB 2.0 started, EHCI 1.10
[    2.207117] hub 1-0:1.0: USB hub found
[    2.210993] hub 1-0:1.0: 1 port detected
[    2.216859] input: gpio-keys as /devices/soc0/gpio-keys/input/input0
[    2.225838] palmas-rtc 7000d000.i2c:tps65913@58:rtc: setting system clock to 2000-11-23 10:39:21 UTC (974975961)
[    2.242142] dvdd_ts: disabling
[    2.245200] usb1_vbus: disabling
[    2.248423] vdd_cam_1v8_reg: disabling
[    2.253776] EXT4-fs (mmcblk1p1): mounting ext3 file system using the ext4 subsystem
[    2.276289] EXT4-fs (mmcblk1p1): recovery complete
[    2.281150] EXT4-fs (mmcblk1p1): mounted filesystem with ordered data mode. Opts: (null)
[    2.289278] VFS: Mounted root (ext3 filesystem) on device 179:17.
[    2.297803] devtmpfs: mounted
[    2.302688] Freeing unused kernel memory: 2048K
bash: cannot set terminal process group (-1): Inappropriate ioctl for device
bash: no job control in this shell
root@(none):/# [    2.569861] usb 1-1: new high-speed USB device number 2 using tegra-ehci
[    3.243316] asix 1-1:1.0 eth0: register 'asix' at usb-7d008000.usb-1, ASIX AX88772 USB 2.0 Ethernet, 00:50:b6:0d:b5:16
mount -t sysfs none /sys
root@(none):/# 
root@(none):/# mount -t debugfs none /sys/kernel/debug
root@(none):/# 
root@(none):/# rtcwake -d rtc1 -m mem -s 3
rtcwake: assuming RTC uses UTC ...
rtcwake: wakeup from "mem" using /dev/rtc1 at Thu Jan  1 00:00:20 1970
[    5.402141] PM: Syncing filesystems ... done.
[    5.430274] Freezing user space processes ... (elapsed 0.001 seconds) done.
[    5.438578] Freezing remaining freezable tasks ... (elapsed 0.001 seconds) done.
[    5.447427] Suspending console(s) (use no_console_suspend to debug)
[    5.511617] PM: suspend of devices complete after 56.520 msecs
[    5.514929] PM: late suspend of devices complete after 3.296 msecs
[    5.517550] PM: noirq suspend of devices complete after 2.611 msecs
[    5.517554] Disabling non-boot CPUs ...
[    5.518373] CPU1: shutdown
[    5.552598] IRQ17 no longer affine to CPU2
[    5.552993] CPU2: shutdown
[    5.592458] CPU3: shutdown
[    5.641560] Entering suspend state LP1
[    5.641560] Suspended for 7.799 seconds
[    5.641579] Enabling non-boot CPUs ...
[    5.671500] CPU1 is up
[    5.711680] CPU2 is up
[    5.751965] CPU3 is up
[    5.753265] PM: noirq resume of devices complete after 1.290 msecs
[    5.756216] PM: early resume of devices complete after 2.506 msecs
[    6.328560] PM: resume of devices complete after 572.327 msecs
[    6.401092] Restarting tasks ... done.
root@(none):/# 
root@(none):/# rtcwake -d rtc1 -m mem -s 3
rtcwake: assuming RTC uses UTC ...
rtcwake: wakeup from "mem" using /dev/rtc1 at Thu Jan  1 00:00:30 1970
[    7.628889] PM: Syncing filesystems ... done.
[    7.655736] Freezing user space processes ... (elapsed 0.001 seconds) done.
[    7.664086] Freezing remaining freezable tasks ... (elapsed 0.001 seconds) done.
[    7.672980] Suspending console(s) (use no_console_suspend to debug)
[    7.731982] PM: suspend of devices complete after 51.242 msecs
[    7.735228] PM: late suspend of devices complete after 3.230 msecs
[    7.737779] PM: noirq suspend of devices complete after 2.541 msecs
[    7.737783] Disabling non-boot CPUs ...
[    7.738642] CPU1: shutdown
[    7.772523] CPU2: shutdown
[    7.832261] CPU3: shutdown
[    7.881126] Entering suspend state LP1
[    7.881126] Suspended for 8.344 seconds
[    7.881144] Enabling non-boot CPUs ...
[    7.911462] CPU1 is up
[    7.951621] CPU2 is up
[    7.991918] CPU3 is up
[    7.993194] PM: noirq resume of devices complete after 1.266 msecs
[    7.996149] PM: early resume of devices complete after 2.509 msecs
[    8.569881] PM: resume of devices complete after 573.713 msecs
[    8.638335] Restarting tasks ... done.
root@(none):/# 
root@(none):/# rtcwake -d rtc1 -m mem -s 3
rtcwake: assuming RTC uses UTC ...
rtcwake: wakeup from "mem" using /dev/rtc1 at Thu Jan  1 00:00:40 1970
[    9.288223] PM: Syncing filesystems ... done.
[    9.315062] Freezing user space processes ... (elapsed 0.001 seconds) done.
[    9.323396] Freezing remaining freezable tasks ... (elapsed 0.001 seconds) done.
[    9.332229] Suspending console(s) (use no_console_suspend to debug)
[    9.392123] PM: suspend of devices complete after 52.230 msecs
[    9.395421] PM: late suspend of devices complete after 3.282 msecs
[    9.397999] PM: noirq suspend of devices complete after 2.567 msecs
[    9.398003] Disabling non-boot CPUs ...
[    9.398848] CPU1: shutdown
[    9.432469] CPU2: shutdown
[    9.492230] CPU3: shutdown
[    9.541076] Entering suspend state LP1
[    9.541076] Suspended for 7.757 seconds
[    9.541094] Enabling non-boot CPUs ...
[    9.571415] CPU1 is up
[    9.611580] CPU2 is up
[    9.651881] CPU3 is up
[    9.653127] PM: noirq resume of devices complete after 1.235 msecs
[    9.656078] PM: early resume of devices complete after 2.494 msecs
[   10.230275] PM: resume of devices complete after 574.180 msecs
[   10.298693] Restarting tasks ... done.
root@(none):/# 
root@(none):/# rtcwake -d rtc1 -m mem -s 3
rtcwake: assuming RTC uses UTC ...
rtcwake: wakeup from "mem" using /dev/rtc1 at Thu Jan  1 00:00:50 1970
[   11.529116] PM: Syncing filesystems ... done.
[   11.556074] Freezing user space processes ... (elapsed 0.001 seconds) done.
[   11.564426] Freezing remaining freezable tasks ... (elapsed 0.001 seconds) done.
[   11.573322] Suspending console(s) (use no_console_suspend to debug)
[   11.632253] PM: suspend of devices complete after 51.270 msecs
[   11.635596] PM: late suspend of devices complete after 3.327 msecs
[   11.638220] PM: noirq suspend of devices complete after 2.613 msecs
[   11.638224] Disabling non-boot CPUs ...
[   11.639066] CPU1: shutdown
[   11.682451] CPU2: shutdown
[   11.742137] CPU3: shutdown
[   11.791013] Entering suspend state LP1
[   11.791013] Suspended for 8.333 seconds
[   11.791031] Enabling non-boot CPUs ...
[   11.821350] CPU1 is up
[   11.861517] CPU2 is up
[   11.901849] CPU3 is up
[   11.903101] PM: noirq resume of devices complete after 1.242 msecs
[   11.905175] PM: early resume of devices complete after 1.625 msecs
[   12.479383] PM: resume of devices complete after 574.191 msecs
[   12.547830] Restarting tasks ... done.
root@(none):/# 
root@(none):/# rtcwake -d rtc1 -m mem -s 3
rtcwake: assuming RTC uses UTC ...
rtcwake: wakeup from "mem" using /dev/rtc1 at Thu Jan  1 00:01:00 1970
[   13.213798] PM: Syncing filesystems ... done.
[   13.240641] Freezing user space processes ... (elapsed 0.001 seconds) done.
[   13.248974] Freezing remaining freezable tasks ... (elapsed 0.001 seconds) done.
[   13.257848] Suspending console(s) (use no_console_suspend to debug)
[   13.321809] PM: suspend of devices complete after 56.291 msecs
[   13.324783] PM: late suspend of devices complete after 2.958 msecs
[   13.327570] PM: noirq suspend of devices complete after 2.774 msecs
[   13.327574] Disabling non-boot CPUs ...
[   13.328434] CPU1: shutdown
[   13.372382] CPU2: shutdown
[   13.432139] CPU3: shutdown
[   13.480995] Entering suspend state LP1
[   13.480995] Suspended for 7.726 seconds
[   13.481013] Enabling non-boot CPUs ...
[   13.511307] CPU1 is up
[   13.551487] CPU2 is up
[   13.591800] CPU3 is up
[   13.593047] PM: noirq resume of devices complete after 1.237 msecs
[   13.595841] PM: early resume of devices complete after 2.333 msecs
[   14.169558] PM: resume of devices complete after 573.701 msecs
[   14.237989] Restarting tasks ... done.
root@(none):/# 
root@(none):/# rtcwake -d rtc1 -m mem -s 3
rtcwake: assuming RTC uses UTC ...
rtcwake: wakeup from "mem" using /dev/rtc1 at Thu Jan  1 00:01:10 1970
[   15.470010] PM: Syncing filesystems ... done.
[   15.496832] Freezing user space processes ... (elapsed 0.001 seconds) done.
[   15.505188] Freezing remaining freezable tasks ... (elapsed 0.001 seconds) done.
[   15.514082] Suspending console(s) (use no_console_suspend to debug)
[   15.571869] PM: suspend of devices complete after 50.126 msecs
[   15.574856] PM: late suspend of devices complete after 2.972 msecs
[   15.577626] PM: noirq suspend of devices complete after 2.758 msecs
[   15.577630] Disabling non-boot CPUs ...
[   15.578498] CPU1: shutdown
[   15.612321] CPU2: shutdown
[   15.672095] CPU3: shutdown
[   15.720919] Entering suspend state LP1
[   15.720919] Suspended for 8.343 seconds
[   15.720938] Enabling non-boot CPUs ...
[   15.751271] CPU1 is up
[   15.791435] CPU2 is up
[   15.831727] CPU3 is up
[   15.832980] PM: noirq resume of devices complete after 1.243 msecs
[   15.835904] PM: early resume of devices complete after 2.471 msecs
[   16.408470] PM: resume of devices complete after 572.547 msecs
[   16.476950] Restarting tasks ... done.
root@(none):/# 
root@(none):/# rtcwake -d rtc1 -m mem -s 3
rtcwake: assuming RTC uses UTC ...
rtcwake: wakeup from "mem" using /dev/rtc1 at Thu Jan  1 00:01:20 1970
[   17.127208] PM: Syncing filesystems ... done.
[   17.154319] Freezing user space processes ... (elapsed 0.001 seconds) done.
[   17.162694] Freezing remaining freezable tasks ... (elapsed 0.001 seconds) done.
[   17.171599] Suspending console(s) (use no_console_suspend to debug)
[   17.231819] PM: suspend of devices complete after 52.590 msecs
[   17.234823] PM: late suspend of devices complete after 2.988 msecs
[   17.237620] PM: noirq suspend of devices complete after 2.784 msecs
[   17.237625] Disabling non-boot CPUs ...
[   17.238477] CPU1: shutdown
[   17.272305] CPU2: shutdown
[   17.332032] CPU3: shutdown
[   17.380867] Entering suspend state LP1
[   17.380867] Suspended for 7.757 seconds
[   17.380885] Enabling non-boot CPUs ...
[   17.411200] CPU1 is up
[   17.451367] CPU2 is up
[   17.491663] CPU3 is up
[   17.492922] PM: noirq resume of devices complete after 1.249 msecs
[   17.495436] PM: early resume of devices complete after 2.052 msecs
[   18.070102] PM: resume of devices complete after 574.646 msecs
[   18.138666] Restarting tasks ... done.
root@(none):/# 
root@(none):/# rtcwake -d rtc1 -m mem -s 3
rtcwake: assuming RTC uses UTC ...
rtcwake: wakeup from "mem" using /dev/rtc1 at Thu Jan  1 00:01:30 1970
[   19.370998] PM: Syncing filesystems ... done.
[   19.397807] Freezing user space processes ... (elapsed 0.001 seconds) done.
[   19.406151] Freezing remaining freezable tasks ... (elapsed 0.001 seconds) done.
[   19.414982] Suspending console(s) (use no_console_suspend to debug)
[   19.471429] PM: suspend of devices complete after 48.784 msecs
[   19.474797] PM: late suspend of devices complete after 3.352 msecs
[   19.477407] PM: noirq suspend of devices complete after 2.599 msecs
[   19.477411] Disabling non-boot CPUs ...
[   19.478250] CPU1: shutdown
[   19.522219] CPU2: shutdown
[   19.581953] CPU3: shutdown
[   19.630820] Entering suspend state LP1
[   19.630820] Suspended for 8.333 seconds
[   19.630838] Enabling non-boot CPUs ...
[   19.661172] CPU1 is up
[   19.701351] CPU2 is up
[   19.741630] CPU3 is up
[   19.742914] PM: noirq resume of devices complete after 1.273 msecs
[   19.745712] PM: early resume of devices complete after 2.347 msecs
[   20.319270] PM: resume of devices complete after 573.542 msecs
[   20.387722] Restarting tasks ... done.
root@(none):/# 
root@(none):/# rtcwake -d rtc1 -m mem -s 3
rtcwake: assuming RTC uses UTC ...
rtcwake: wakeup from "mem" using /dev/rtc1 at Thu Jan  1 00:01:40 1970
[   21.040213] PM: Syncing filesystems ... done.
[   21.066988] Freezing user space processes ... (elapsed 0.001 seconds) done.
[   21.075332] Freezing remaining freezable tasks ... (elapsed 0.001 seconds) done.
[   21.084186] Suspending console(s) (use no_console_suspend to debug)
[   21.141179] PM: suspend of devices complete after 49.358 msecs
[   21.144237] PM: late suspend of devices complete after 3.043 msecs
[   21.146824] PM: noirq suspend of devices complete after 2.576 msecs
[   21.146828] Disabling non-boot CPUs ...
[   21.147311] IRQ17 no longer affine to CPU1
[   21.147658] CPU1: shutdown
[   21.182243] CPU2: shutdown
[   21.241759] CPU3: shutdown
[   21.290741] Entering suspend state LP1
[   21.290741] Suspended for 7.757 seconds
[   21.290759] Enabling non-boot CPUs ...
[   21.321122] CPU1 is up
[   21.361309] CPU2 is up
[   21.401611] CPU3 is up
[   21.402851] PM: noirq resume of devices complete after 1.229 msecs
[   21.405689] PM: early resume of devices complete after 2.376 msecs
[   21.977058] PM: resume of devices complete after 571.352 msecs
[   22.049664] Restarting tasks ... done.
root@(none):/# 
root@(none):/# rtcwake -d rtc1 -m mem -s 3
rtcwake: assuming RTC uses UTC ...
rtcwake: wakeup from "mem" using /dev/rtc1 at Thu Jan  1 00:01:50 1970
[   23.260287] PM: Syncing filesystems ... done.
[   23.287238] Freezing user space processes ... (elapsed 0.001 seconds) done.
[   23.295584] Freezing remaining freezable tasks ... (elapsed 0.001 seconds) done.
[   23.304481] Suspending console(s) (use no_console_suspend to debug)
[   23.371739] PM: suspend of devices complete after 59.585 msecs
[   23.374725] PM: late suspend of devices complete after 2.972 msecs
[   23.377287] PM: noirq suspend of devices complete after 2.552 msecs
[   23.377291] Disabling non-boot CPUs ...
[   23.378135] CPU1: shutdown
[   23.422167] CPU2: shutdown
[   23.481899] CPU3: shutdown
[   23.530704] Entering suspend state LP1
[   23.530704] Suspended for 8.343 seconds
[   23.530722] Enabling non-boot CPUs ...
[   23.561082] CPU1 is up
[   23.601260] CPU2 is up
[   23.641561] CPU3 is up
[   23.642825] PM: noirq resume of devices complete after 1.253 msecs
[   23.645646] PM: early resume of devices complete after 2.374 msecs
[   24.218598] PM: resume of devices complete after 572.936 msecs
[   24.287023] Restarting tasks ... done.
root@(none):/# 
root@(none):/# NVTB SYSTEM SUSPEND TEST COMPLETE
