
U-Boot SPL 2014.01-00219-gc4d376f (Feb 18 2014 - 19:57:32)


U-Boot 2014.01-00219-gc4d376f (Feb 18 2014 - 19:57:32)

TEGRA114
Board: NVIDIA Dalmore
I2C:   ready
DRAM:  2 GiB
MMC:   Tegra SD/MMC: 0, Tegra SD/MMC: 1
In:    serial
Out:   serial
Err:   serial
Net:   Net Initialization Skipped
No ethernet found.
Hit any key to stop autoboot:  2  0 
Tegra114 (Dalmore) # 
Tegra114 (Dalmore) # usb reset
(Re)start USB...
USB0:   USB EHCI 1.10
scanning bus 0 for devices... 2 USB Device(s) found
       scanning usb for storage devices... 0 Storage Device(s) found
       scanning usb for ethernet devices... 
Warning: asx0 using MAC address from net device
1 Ethernet Device(s) found
Tegra114 (Dalmore) # setenv bootargs 'ignore_loglevel console=ttyS0,115200n8 rw root=PARTUUID=7369c667-ff51-ec4a-29cd-baabf2fbe346 rootwait gpt debug earlyprintk init=/bin/bash'
Tegra114 (Dalmore) # setenv ipaddr 192.168.100.100; setenv serverip 192.168.100.1; setenv tftpserverip 192.168.100.1
Tegra114 (Dalmore) # tftpboot 0x81000000 zImage.tegra_defconfig
Using asx0 device
TFTP from server 192.168.100.1; our IP address is 192.168.100.100
Filename 'zImage.tegra_defconfig'.
Load address: 0x81000000
Loading: *#################################################################
	 #################################################################
	 #################################################################
	 #################################################################
	 #################################################################
	 ###################################################
	 3.2 MiB/s
done
Bytes transferred = 5507696 (540a70 hex)
Tegra114 (Dalmore) # tftpboot 0x82000000 tegra114-dalmore.dtb
Using asx0 device
TFTP from server 192.168.100.1; our IP address is 192.168.100.100
Filename 'tegra114-dalmore.dtb'.
Load address: 0x82000000
Loading: *###
	 3 MiB/s
done
Bytes transferred = 35044 (88e4 hex)
Tegra114 (Dalmore) # bootz 0x81000000 - 0x82000000
Kernel image @ 0x81000000 [ 0x000000 - 0x540a70 ]
## Flattened Device Tree blob at 82000000
   Booting using the fdt blob at 0x82000000
   Loading Device Tree to 8fff4000, end 8ffff8e3 ... OK

Starting kernel ...

Uncompressing Linux... done, booting the kernel.
[    0.000000] Booting Linux on physical CPU 0x0
[    0.000000] Linux version 4.10.0-rc6-142786-g566cf87 (pwalmsley@kaivo) (gcc version 4.7.3 20130328 (prerelease) (crosstool-NG linaro-1.13.1-4.7-2013.04-20130415 - Linaro GCC 2013.04) ) #1 SMP PREEMPT Sun Jan 29 15:04:43 PST 2017
[    0.000000] CPU: ARMv7 Processor [412fc0f2] revision 2 (ARMv7), cr=10c5387d
[    0.000000] CPU: div instructions available: patching division code
[    0.000000] CPU: PIPT / VIPT nonaliasing data cache, PIPT instruction cache
[    0.000000] OF: fdt:Machine model: NVIDIA Tegra114 Dalmore evaluation board
[    0.000000] debug: ignoring loglevel setting.
[    0.000000] bootconsole [earlycon0] enabled
[    0.000000] cma: Reserved 64 MiB at 0xfbc00000
[    0.000000] Memory policy: Data cache writealloc
[    0.000000] On node 0 totalpages: 524032
[    0.000000] free_area_init_node: node 0, pgdat c0d5f5c0, node_mem_map eeff7000
[    0.000000]   Normal zone: 1536 pages used for memmap
[    0.000000]   Normal zone: 0 pages reserved
[    0.000000]   Normal zone: 196608 pages, LIFO batch:31
[    0.000000]   HighMem zone: 327424 pages, LIFO batch:31
[    0.000000] percpu: Embedded 14 pages/cpu @eefa3000 s26240 r8192 d22912 u57344
[    0.000000] pcpu-alloc: s26240 r8192 d22912 u57344 alloc=14*4096
[    0.000000] pcpu-alloc: [0] 0 [0] 1 [0] 2 [0] 3 
[    0.000000] Built 1 zonelists in Zone order, mobility grouping on.  Total pages: 522496
[    0.000000] Kernel command line: ignore_loglevel console=ttyS0,115200n8 rw root=PARTUUID=7369c667-ff51-ec4a-29cd-baabf2fbe346 rootwait gpt debug earlyprintk init=/bin/bash
[    0.000000] PID hash table entries: 4096 (order: 2, 16384 bytes)
[    0.000000] Dentry cache hash table entries: 131072 (order: 7, 524288 bytes)
[    0.000000] Inode-cache hash table entries: 65536 (order: 6, 262144 bytes)
[    0.000000] Memory: 1999956K/2096128K available (8192K kernel code, 387K rwdata, 2476K rodata, 1024K init, 369K bss, 30636K reserved, 65536K cma-reserved, 1244160K highmem)
[    0.000000] Virtual kernel memory layout:
[    0.000000]     vector  : 0xffff0000 - 0xffff1000   (   4 kB)
[    0.000000]     fixmap  : 0xffc00000 - 0xfff00000   (3072 kB)
[    0.000000]     vmalloc : 0xf0800000 - 0xff800000   ( 240 MB)
[    0.000000]     lowmem  : 0xc0000000 - 0xf0000000   ( 768 MB)
[    0.000000]     pkmap   : 0xbfe00000 - 0xc0000000   (   2 MB)
[    0.000000]     modules : 0xbf000000 - 0xbfe00000   (  14 MB)
[    0.000000]       .text : 0xc0008000 - 0xc0900000   (9184 kB)
[    0.000000]       .init : 0xc0c00000 - 0xc0d00000   (1024 kB)
[    0.000000]       .data : 0xc0d00000 - 0xc0d60c80   ( 388 kB)
[    0.000000]        .bss : 0xc0d62000 - 0xc0dbe7e8   ( 370 kB)
[    0.000000] Preemptible hierarchical RCU implementation.
[    0.000000] 	Build-time adjustment of leaf fanout to 32.
[    0.000000] NR_IRQS:16 nr_irqs:16 16
[    0.000000] /interrupt-controller@60004000: 160 interrupts forwarded to /interrupt-controller@50041000
[    0.000000] Tegra clk 127: register failed with -17
[    0.000007] sched_clock: 32 bits at 1000kHz, resolution 1000ns, wraps every 2147483647500ns
[    0.007765] clocksource: timer_us: mask: 0xffffffff max_cycles: 0xffffffff, max_idle_ns: 1911260446275 ns
[    0.017380] Switching to timer-based delay loop, resolution 1000ns
[    0.024443] arm_arch_timer: Architected cp15 timer(s) running at 12.00MHz (virt).
[    0.031164] clocksource: arch_sys_counter: mask: 0xffffffffffffff max_cycles: 0x2c47f4ee7, max_idle_ns: 440795202497 ns
[    0.041998] sched_clock: 56 bits at 12MHz, resolution 83ns, wraps every 4398046511096ns
[    0.050053] Switching to timer-based delay loop, resolution 83ns
[    0.056567] Console: colour dummy device 80x30
[    0.060638] Calibrating delay loop (skipped), value calculated using timer frequency.. 24.00 BogoMIPS (lpj=120000)
[    0.071037] pid_max: default: 32768 minimum: 301
[    0.076208] Mount-cache hash table entries: 2048 (order: 1, 8192 bytes)
[    0.082394] Mountpoint-cache hash table entries: 2048 (order: 1, 8192 bytes)
[    0.090593] CPU: Testing write buffer coherency: ok
[    0.094721] /cpus/cpu@0 missing clock-frequency property
[    0.099814] /cpus/cpu@1 missing clock-frequency property
[    0.105211] /cpus/cpu@2 missing clock-frequency property
[    0.110562] /cpus/cpu@3 missing clock-frequency property
[    0.115933] CPU0: thread -1, cpu 0, socket 0, mpidr 80000000
[    0.146011] Setting up static identity map for 0x80100000 - 0x80100098
[    0.176449] Tegra Revision: A01 SKU: 0 CPU Process: 1 SoC Process: 0
[    0.181776] smp: Bringing up secondary CPUs ...
[    0.246711] CPU1: thread -1, cpu 1, socket 0, mpidr 80000001
[    0.316818] CPU2: thread -1, cpu 2, socket 0, mpidr 80000002
[    0.386921] CPU3: thread -1, cpu 3, socket 0, mpidr 80000003
[    0.387009] smp: Brought up 1 node, 4 CPUs
[    0.406444] SMP: Total of 4 processors activated (96.00 BogoMIPS).
[    0.412692] CPU: All CPU(s) started in SVC mode.
[    0.419198] devtmpfs: initialized
[    0.440178] VFP support v0.3: implementor 41 architecture 4 part 30 variant f rev 0
[    0.446453] clocksource: jiffies: mask: 0xffffffff max_cycles: 0xffffffff, max_idle_ns: 19112604462750000 ns
[    0.457195] pinctrl core: initialized pinctrl subsystem
[    0.462714] NET: Registered protocol family 16
[    0.466995] DMA: preallocated 256 KiB pool for atomic coherent allocations
[    0.496128] cpuidle: using governor menu
[    0.530758] No ATAGs?
[    0.530896] hw-breakpoint: found 5 (+1 reserved) breakpoint and 4 watchpoint registers.
[    0.539430] hw-breakpoint: maximum watchpoint size is 8 bytes.
[    0.546345] tegra-mc 70019000.memory-controller: no memory timings for RAM code 3 registered
[    0.596596] dvdd_ts: Failed to request enable GPIO61: -517
[    0.600261] reg-fixed-voltage regulators:regulator@1: Failed to register regulator: -517
[    0.608565] usb1_vbus: Failed to request enable GPIO108: -517
[    0.614212] reg-fixed-voltage regulators:regulator@3: Failed to register regulator: -517
[    0.622482] usb2_vbus: Failed to request enable GPIO86: -517
[    0.628078] reg-fixed-voltage regulators:regulator@4: Failed to register regulator: -517
[    0.636821] VDD_5V0_HDMI_CON: Failed to request enable GPIO81: -517
[    0.642552] reg-fixed-voltage regulators:regulator@7: Failed to register regulator: -517
[    0.652159] vgaarb: loaded
[    0.654387] SCSI subsystem initialized
[    0.657552] libata version 3.00 loaded.
[    0.661704] usbcore: registered new interface driver usbfs
[    0.666833] usbcore: registered new interface driver hub
[    0.672241] usbcore: registered new device driver usb
[    0.680799] tps65090 2-0048: No cache defaults, reading back from HW
[    0.687417] TPS65090_RAILSDCDC1: supplied by vdd_ac_bat
[    0.691486] vdd_hdmi_5v0: supplied by vdd-sys-5v0
[    0.696398] TPS65090_RAILSDCDC2: supplied by vdd_ac_bat
[    0.702083] TPS65090_RAILSDCDC3: supplied by vdd_ac_bat
[    0.706853] TPS65090_RAILSFET1: supplied by vdd_ac_bat
[    0.711866] TPS65090_RAILSFET2: supplied by vdd_ac_bat
[    0.717073] TPS65090_RAILSFET3: supplied by vdd-sys-3v3
[    0.722516] TPS65090_RAILSFET4: supplied by vdd-sys-3v3
[    0.727824] TPS65090_RAILSFET5: supplied by vdd-sys-3v3
[    0.733089] TPS65090_RAILSFET6: supplied by vdd-sys-3v3
[    0.738716] TPS65090_RAILSFET7: supplied by vdd-sys-3v3
[    0.743651] TPS65090_RAILSLDO1: supplied by vdd_ac_bat
[    0.748558] TPS65090_RAILSLDO2: supplied by vdd_ac_bat
[    0.754396] palmas 2-0058: Irq flag is 0x00000004
[    0.760468] palmas 2-0058: Muxing GPIO ff, PWM 0, LED 0
[    0.766516] SMPS12: supplied by vdd-ao
[    0.770252] SMPS3: supplied by vdd-ao
[    0.774080] SMPS457: supplied by vdd-sys-3v3
[    0.779753] SMPS8: supplied by vdd-sys-3v3
[    0.783285] random: fast init done
[    0.786030] SMPS9: supplied by vdd-sys-3v3
[    0.790205] sdhci-vdd-sd-slot: Bringing 2840000uV into 2800000-2800000uV
[    0.799727] LDO1: supplied by vdd-sys-3v3
[    0.803253] LDO2: supplied by vdd-sys-3v3
[    0.807361] LDO3: supplied by vddio-1v8
[    0.811254] LDO4: supplied by vdd-sys-3v3
[    0.815321] LDO5: supplied by vdd_ac_bat
[    0.818861] LDO6: supplied by vdd-sys-3v3
[    0.822571] vdd-sensor-2v85: Bringing 2900000uV into 2850000-2850000uV
[    0.830174] LDO7: supplied by vdd-sys-3v3
[    0.834608] LDO8: supplied by vdd-ao
[    0.836902] vdd-rtc: Bringing 675000uV into 900000-900000uV
[    0.853570] LDO9: supplied by sdhci-vdd-sd-slot
[    0.863913] LDOLN: supplied by vdd-sys-5v0
[    0.867557] LDOUSB: supplied by vdd-sys-5v0
[    0.877156] Linux video capture interface: v2.00
[    0.880036] pps_core: LinuxPPS API ver. 1 registered
[    0.884996] pps_core: Software ver. 5.3.6 - Copyright 2005-2007 Rodolfo Giometti <giometti@linux.it>
[    0.894204] PTP clock support registered
[    0.898967] Advanced Linux Sound Architecture Driver Initialized.
[    0.905430] Bluetooth: Core ver 2.22
[    0.908001] NET: Registered protocol family 31
[    0.912466] Bluetooth: HCI device and connection manager initialized
[    0.918869] Bluetooth: HCI socket layer initialized
[    0.923824] Bluetooth: L2CAP socket layer initialized
[    0.928951] Bluetooth: SCO socket layer initialized
[    0.935308] clocksource: Switched to clocksource arch_sys_counter
[    0.958525] NET: Registered protocol family 2
[    0.962327] TCP established hash table entries: 8192 (order: 3, 32768 bytes)
[    0.968285] TCP bind hash table entries: 8192 (order: 4, 65536 bytes)
[    0.974840] TCP: Hash tables configured (established 8192 bind 8192)
[    0.981523] UDP hash table entries: 512 (order: 2, 16384 bytes)
[    0.987115] UDP-Lite hash table entries: 512 (order: 2, 16384 bytes)
[    0.993826] NET: Registered protocol family 1
[    0.998687] RPC: Registered named UNIX socket transport module.
[    1.003869] RPC: Registered udp transport module.
[    1.008662] RPC: Registered tcp transport module.
[    1.013402] RPC: Registered tcp NFSv4.1 backchannel transport module.
[    1.019925] PCI: CLS 0 bytes, default 64
[    1.027452] futex hash table entries: 1024 (order: 4, 65536 bytes)
[    1.032622] workingset: timestamp_bits=30 max_order=19 bucket_order=0
[    1.039993] squashfs: version 4.0 (2009/01/31) Phillip Lougher
[    1.045017] NFS: Registering the id_resolver key type
[    1.049394] Key type id_resolver registered
[    1.053555] Key type id_legacy registered
[    1.062372] bounce: pool size: 64 pages
[    1.064384] io scheduler noop registered (default)
[    1.089821] tegra-apbdma 6000a000.dma: Tegra20 APB DMA driver register 32 channels
[    1.096324] tegra-pmc 7000e400.pmc: i2c-thermtrip node not found, emergency thermal reset disabled.
[    1.105265] Serial: 8250/16550 driver, 4 ports, IRQ sharing disabled
[    1.113838] console [ttyS0] disabled
[    1.115654] 70006300.serial: ttyS0 at MMIO 0x70006300 (irq = 329, base_baud = 25500000) is a Tegra
[    1.124641] console [ttyS0] enabled
[    1.124641] console [ttyS0] enabled
[    1.130975] bootconsole [earlycon0] disabled
[    1.130975] bootconsole [earlycon0] disabled
[    1.141567] [drm] Initialized
[    1.146120] tegra-hdmi 54280000.hdmi: failed to get HDMI regulator
[    1.171992] loop: module loaded
[    1.187470] m25p80 spi32766.0: w25q32dw (4096 Kbytes)
[    1.205398] libphy: Fixed MDIO Bus: probed
[    1.209490] CAN device driver interface
[    1.213391] igb: Intel(R) Gigabit Ethernet Network Driver - version 5.4.0-k
[    1.220360] igb: Copyright (c) 2007-2014 Intel Corporation.
[    1.226171] pegasus: v0.9.3 (2013/04/25), Pegasus/Pegasus II USB Ethernet driver
[    1.233653] usbcore: registered new interface driver pegasus
[    1.239440] usbcore: registered new interface driver asix
[    1.244912] usbcore: registered new interface driver ax88179_178a
[    1.251101] usbcore: registered new interface driver cdc_ether
[    1.257058] usbcore: registered new interface driver smsc75xx
[    1.262915] usbcore: registered new interface driver smsc95xx
[    1.268756] usbcore: registered new interface driver net1080
[    1.274487] usbcore: registered new interface driver cdc_subset
[    1.280505] usbcore: registered new interface driver zaurus
[    1.286204] usbcore: registered new interface driver cdc_ncm
[    1.292272] ehci_hcd: USB 2.0 'Enhanced' Host Controller (EHCI) Driver
[    1.298814] ehci-pci: EHCI PCI platform driver
[    1.303347] tegra-ehci: Tegra EHCI driver
[    1.308104] usbcore: registered new interface driver cdc_acm
[    1.313753] cdc_acm: USB Abstract Control Model driver for USB modems and ISDN adapters
[    1.321852] usbcore: registered new interface driver cdc_wdm
[    1.327638] usbcore: registered new interface driver usb-storage
[    1.334250] mousedev: PS/2 mouse device common for all mice
[    1.344508] palmas-rtc 7000d000.i2c:tps65913@58:rtc: rtc core: registered 7000d000.i2c:tps659 as rtc0
[    1.355383] tegra_rtc 7000e000.rtc: rtc core: registered 7000e000.rtc as rtc1
[    1.362572] tegra_rtc 7000e000.rtc: Tegra internal Real Time Clock
[    1.369084] i2c /dev entries driver
[    1.373824] usbcore: registered new interface driver uvcvideo
[    1.379585] USB Video Class driver (1.1.1)
[    1.383675] gspca_main: v2.14.0 registered
[    1.388758] sbs-battery 0-000b: sbs_probe: Failed to get device status
[    1.395290] sbs-battery: probe of 0-000b failed with error -121
[    1.406933] tegra-wdt 60005000.timer: initialized (heartbeat = 120 sec, nowayout = 0)
[    1.415545] sdhci: Secure Digital Host Controller Interface driver
[    1.421715] sdhci: Copyright(c) Pierre Ossman
[    1.426086] sdhci-pltfm: SDHCI platform and OF driver helper
[    1.432050] sdhci-tegra 78000400.sdhci: Got CD GPIO
[    1.436960] sdhci-tegra 78000400.sdhci: Got WP GPIO
[    1.443019] mmc0: Invalid maximum block size, assuming 512 bytes
[    1.515546] mmc0: SDHCI controller on 78000400.sdhci [78000400.sdhci] using ADMA
[    1.525286] mmc1: Invalid maximum block size, assuming 512 bytes
[    1.605369] mmc1: SDHCI controller on 78000600.sdhci [78000600.sdhci] using ADMA
[    1.624927] usbcore: registered new interface driver usbhid
[    1.632562] usbhid: USB HID core driver
[    1.667858] mmc0: new high speed SDHC card at address aaaa
[    1.674165] mmcblk0: mmc0:aaaa SL16G 14.8 GiB 
[    1.695487]  mmcblk0: p1 p2 p3
[    1.715379] mmc1: new high speed MMC card at address 0001
[    1.721577] mmcblk1: mmc1:0001 SEM32G 29.1 GiB 
[    1.726572] mmcblk1boot0: mmc1:0001 SEM32G partition 1 4.00 MiB
[    1.732908] mmcblk1boot1: mmc1:0001 SEM32G partition 2 4.00 MiB
[    1.739277] mmcblk1rpmb: mmc1:0001 SEM32G partition 3 4.00 MiB
[    1.747996]  mmcblk1: p1 p2 p3 p4 p5 p6 p7 p8
[    2.089146] tegra30-i2s 70080400.i2s: DMA channels sourced from device 70080000.ahub
[    2.105904] tegra-snd-rt5640 sound: rt5640-aif1 <-> 70080400.i2s mapping ok
[    2.117852] input: NVIDIA Tegra Dalmore Headphones as /devices/soc0/sound/sound/card0/input0
[    2.128776] NET: Registered protocol family 10
[    2.134630] Segment Routing with IPv6
[    2.138491] mip6: Mobile IPv6
[    2.141457] sit: IPv6, IPv4 and MPLS over IPv4 tunneling driver
[    2.149629] NET: Registered protocol family 17
[    2.154095] NET: Registered protocol family 15
[    2.158557] can: controller area network core (rev 20120528 abi 9)
[    2.164871] NET: Registered protocol family 29
[    2.169332] can: raw protocol (rev 20120528)
[    2.173595] can: broadcast manager protocol (rev 20161123 t)
[    2.179272] can: netlink gateway (rev 20130117) max_hops=1
[    2.184944] Bluetooth: RFCOMM socket layer initialized
[    2.190205] Bluetooth: RFCOMM ver 1.11
[    2.193961] Bluetooth: BNEP (Ethernet Emulation) ver 1.3
[    2.199299] Bluetooth: BNEP socket layer initialized
[    2.204255] Bluetooth: HIDP (Human Interface Emulation) ver 1.2
[    2.210195] Bluetooth: HIDP socket layer initialized
[    2.215428] Key type dns_resolver registered
[    2.220577] Registering SWP/SWPB emulation handler
[    2.243021] usb1_vbus: supplied by vdd-sys-5v0
[    2.248503] usb2_vbus: supplied by vdd-sys-5v0
[    2.254658] VDD_5V0_HDMI_CON: supplied by vdd-sys-5v0
[    2.263681] [drm] Supports vblank timestamp caching Rev 2 (21.10.2013).
[    2.270355] [drm] No driver support for vblank timestamp query.
[    2.338819] Console: switching to colour frame buffer device 240x75
[    2.366393] drm drm: fb0:  frame buffer device
[    2.405496] [drm] Initialized tegra 0.0.0 20120330 on minor 0
[    2.414909] tegra-ehci 7d008000.usb: EHCI Host Controller
[    2.420443] tegra-ehci 7d008000.usb: new USB bus registered, assigned bus number 1
[    2.428460] tegra-ehci 7d008000.usb: irq 339, io mem 0x7d008000
[    2.455447] tegra-ehci 7d008000.usb: USB 2.0 started, EHCI 1.10
[    2.463033] hub 1-0:1.0: USB hub found
[    2.466927] hub 1-0:1.0: 1 port detected
[    2.472598] input: gpio-keys as /devices/soc0/gpio-keys/input/input1
[    2.482253] palmas-rtc 7000d000.i2c:tps65913@58:rtc: setting system clock to 2000-11-23 10:36:28 UTC (974975788)
[    2.498200] dvdd_ts: disabling
[    2.501258] usb1_vbus: disabling
[    2.504482] vdd_cam_1v8_reg: disabling
[    2.508331] ALSA device list:
[    2.511298]   #0: NVIDIA Tegra Dalmore
[    2.516559] EXT4-fs (mmcblk1p1): mounting ext3 file system using the ext4 subsystem
[    2.535455] EXT4-fs (mmcblk1p1): recovery complete
[    2.540263] EXT4-fs (mmcblk1p1): mounted filesystem with ordered data mode. Opts: (null)
[    2.548510] VFS: Mounted root (ext3 filesystem) on device 179:17.
[    2.560278] devtmpfs: mounted
[    2.564310] Freeing unused kernel memory: 1024K
bash: cannot set terminal process group (-1): Inappropriate ioctl for device
bash: no job control in this shell
root@(none):/# mount -t sysfs none /sys
root@(none):/# 
root@(none):/# [    3.511039] asix 1-1:1.0 eth0: register 'asix' at usb-7d008000.usb-1, ASIX AX88772 USB 2.0 Ethernet, 00:50:b6:0d:b5:16
mount -t debugfs none /sys/kernel/debug
root@(none):/# 
root@(none):/# rtcwake -d rtc1 -m mem -s 3
rtcwake: assuming RTC uses UTC ...
rtcwake: wakeup from "mem" using /dev/rtc1 at Thu Jan  1 00:00:19 1970
[    5.270378] PM: Syncing filesystems ... done.
[    5.295709] Freezing user space processes ... (elapsed 0.001 seconds) done.
[    5.297034] Freezing remaining freezable tasks ... (elapsed 0.001 seconds) done.
[    5.298371] Suspending console(s) (use no_console_suspend to debug)
[    5.397512] PM: suspend of devices complete after 76.557 msecs
[    5.399419] PM: late suspend of devices complete after 1.889 msecs
[    5.400973] PM: noirq suspend of devices complete after 1.544 msecs
[    5.400977] Disabling non-boot CPUs ...
[    5.456132] CPU1: shutdown
[    5.545773] IRQ17 no longer affine to CPU2
[    5.546158] CPU2: shutdown
[    5.646061] CPU3: shutdown
[    5.697563] Entering suspend state LP1
[    5.697563] Suspended for 7.575 seconds
[    5.697607] Enabling non-boot CPUs ...
[    5.727634] CPU1 is up
[    5.767929] CPU2 is up
[    5.808366] CPU3 is up
[    5.809065] PM: noirq resume of devices complete after 0.688 msecs
[    5.811111] PM: early resume of devices complete after 1.395 msecs
[    6.388764] PM: resume of devices complete after 577.635 msecs
[    6.460542] Restarting tasks ... done.
root@(none):/# 
root@(none):/# rtcwake -d rtc1 -m mem -s 3
rtcwake: assuming RTC uses UTC ...
rtcwake: wakeup from "mem" using /dev/rtc1 at Thu Jan  1 00:00:29 1970
[    7.726770] PM: Syncing filesystems ... done.
[    7.745653] Freezing user space processes ... (elapsed 0.001 seconds) done.
[    7.746982] Freezing remaining freezable tasks ... (elapsed 0.001 seconds) done.
[    7.748336] Suspending console(s) (use no_console_suspend to debug)
[    7.867433] PM: suspend of devices complete after 91.786 msecs
[    7.869368] PM: late suspend of devices complete after 1.918 msecs
[    7.870903] PM: noirq suspend of devices complete after 1.525 msecs
[    7.870907] Disabling non-boot CPUs ...
[    7.905762] IRQ17 no longer affine to CPU1
[    7.906089] CPU1: shutdown
[    8.006091] CPU2: shutdown
[    8.106010] CPU3: shutdown
[    8.157009] Entering suspend state LP1
[    8.157009] Suspended for 8.124 seconds
[    8.157053] Enabling non-boot CPUs ...
[    8.187744] CPU1 is up
[    8.227875] CPU2 is up
[    8.268327] CPU3 is up
[    8.269008] PM: noirq resume of devices complete after 0.671 msecs
[    8.271091] PM: early resume of devices complete after 1.426 msecs
[    8.848537] PM: resume of devices complete after 577.429 msecs
[    8.920269] Restarting tasks ... done.
root@(none):/# 
root@(none):/# rtcwake -d rtc1 -m mem -s 3
rtcwake: assuming RTC uses UTC ...
rtcwake: wakeup from "mem" using /dev/rtc1 at Thu Jan  1 00:00:39 1970
[    9.605531] PM: Syncing filesystems ... done.
[    9.625592] Freezing user space processes ... (elapsed 0.001 seconds) done.
[    9.626930] Freezing remaining freezable tasks ... (elapsed 0.001 seconds) done.
[    9.628281] Suspending console(s) (use no_console_suspend to debug)
[    9.737546] PM: suspend of devices complete after 82.929 msecs
[    9.739422] PM: late suspend of devices complete after 1.860 msecs
[    9.740945] PM: noirq suspend of devices complete after 1.513 msecs
[    9.740949] Disabling non-boot CPUs ...
[    9.775707] IRQ17 no longer affine to CPU1
[    9.776036] CPU1: shutdown
[    9.876040] CPU2: shutdown
[    9.975949] CPU3: shutdown
[   10.026960] Entering suspend state LP1
[   10.026960] Suspended for 7.547 seconds
[   10.027004] Enabling non-boot CPUs ...
[   10.057532] CPU1 is up
[   10.097818] CPU2 is up
[   10.138258] CPU3 is up
[   10.138948] PM: noirq resume of devices complete after 0.680 msecs
[   10.140988] PM: early resume of devices complete after 1.380 msecs
[   10.724689] PM: resume of devices complete after 583.685 msecs
[   10.796455] Restarting tasks ... done.
root@(none):/# 
root@(none):/# rtcwake -d rtc1 -m mem -s 3
rtcwake: assuming RTC uses UTC ...
rtcwake: wakeup from "mem" using /dev/rtc1 at Thu Jan  1 00:00:49 1970
[   12.053340] PM: Syncing filesystems ... done.
[   12.075547] Freezing user space processes ... (elapsed 0.001 seconds) done.
[   12.076883] Freezing remaining freezable tasks ... (elapsed 0.001 seconds) done.
[   12.078245] Suspending console(s) (use no_console_suspend to debug)
[   12.177321] PM: suspend of devices complete after 74.965 msecs
[   12.179233] PM: late suspend of devices complete after 1.897 msecs
[   12.180786] PM: noirq suspend of devices complete after 1.542 msecs
[   12.180791] Disabling non-boot CPUs ...
[   12.215964] CPU1: shutdown
[   12.325993] CPU2: shutdown
[   12.425530] IRQ17 no longer affine to CPU3
[   12.425906] CPU3: shutdown
[   12.476901] Entering suspend state LP1
[   12.476901] Suspended for 8.133 seconds
[   12.476946] Enabling non-boot CPUs ...
[   12.507490] CPU1 is up
[   12.547764] CPU2 is up
[   12.588206] CPU3 is up
[   12.588897] PM: noirq resume of devices complete after 0.681 msecs
[   12.590942] PM: early resume of devices complete after 1.408 msecs
[   13.167868] PM: resume of devices complete after 576.908 msecs
[   13.239722] Restarting tasks ... done.
root@(none):/# 
root@(none):/# rtcwake -d rtc1 -m mem -s 3
rtcwake: assuming RTC uses UTC ...
rtcwake: wakeup from "mem" using /dev/rtc1 at Thu Jan  1 00:00:59 1970
[   13.938695] PM: Syncing filesystems ... done.
[   13.955484] Freezing user space processes ... (elapsed 0.001 seconds) done.
[   13.956825] Freezing remaining freezable tasks ... (elapsed 0.001 seconds) done.
[   13.958184] Suspending console(s) (use no_console_suspend to debug)
[   14.077194] PM: suspend of devices complete after 89.262 msecs
[   14.079036] PM: late suspend of devices complete after 1.827 msecs
[   14.080577] PM: noirq suspend of devices complete after 1.532 msecs
[   14.080581] Disabling non-boot CPUs ...
[   14.115592] IRQ17 no longer affine to CPU1
[   14.115929] CPU1: shutdown
[   14.215943] CPU2: shutdown
[   14.315831] CPU3: shutdown
[   14.367002] Entering suspend state LP1
[   14.367002] Suspended for 7.526 seconds
[   14.367047] Enabling non-boot CPUs ...
[   14.397444] CPU1 is up
[   14.437721] CPU2 is up
[   14.478162] CPU3 is up
[   14.478825] PM: noirq resume of devices complete after 0.654 msecs
[   14.480958] PM: early resume of devices complete after 1.478 msecs
[   15.057992] PM: resume of devices complete after 577.018 msecs
[   15.129748] Restarting tasks ... done.
root@(none):/# 
root@(none):/# rtcwake -d rtc1 -m mem -s 3
rtcwake: assuming RTC uses UTC ...
rtcwake: wakeup from "mem" using /dev/rtc1 at Thu Jan  1 00:01:09 1970
[   16.396118] PM: Syncing filesystems ... done.
[   16.415428] Freezing user space processes ... (elapsed 0.001 seconds) done.
[   16.416769] Freezing remaining freezable tasks ... (elapsed 0.001 seconds) done.
[   16.418138] Suspending console(s) (use no_console_suspend to debug)
[   16.537482] PM: suspend of devices complete after 92.481 msecs
[   16.539345] PM: late suspend of devices complete after 1.847 msecs
[   16.540862] PM: noirq suspend of devices complete after 1.507 msecs
[   16.540866] Disabling non-boot CPUs ...
[   16.575551] IRQ17 no longer affine to CPU1
[   16.575886] CPU1: shutdown
[   16.675887] CPU2: shutdown
[   16.775783] CPU3: shutdown
[   16.826937] Entering suspend state LP1
[   16.826937] Suspended for 8.123 seconds
[   16.826982] Enabling non-boot CPUs ...
[   16.857380] CPU1 is up
[   16.897662] CPU2 is up
[   16.938105] CPU3 is up
[   16.938773] PM: noirq resume of devices complete after 0.658 msecs
[   16.941026] PM: early resume of devices complete after 1.616 msecs
[   17.518536] PM: resume of devices complete after 577.494 msecs
[   17.590330] Restarting tasks ... done.
root@(none):/# 
root@(none):/# rtcwake -d rtc1 -m mem -s 3
rtcwake: assuming RTC uses UTC ...
rtcwake: wakeup from "mem" using /dev/rtc1 at Thu Jan  1 00:01:19 1970
[   18.273379] PM: Syncing filesystems ... done.
[   18.295378] Freezing user space processes ... (elapsed 0.001 seconds) done.
[   18.296724] Freezing remaining freezable tasks ... (elapsed 0.001 seconds) done.
[   18.298089] Suspending console(s) (use no_console_suspend to debug)
[   18.407409] PM: suspend of devices complete after 85.283 msecs
[   18.409441] PM: late suspend of devices complete after 2.016 msecs
[   18.410972] PM: noirq suspend of devices complete after 1.521 msecs
[   18.410977] Disabling non-boot CPUs ...
[   18.445480] IRQ17 no longer affine to CPU1
[   18.445809] CPU1: shutdown
[   18.545829] CPU2: shutdown
[   18.645730] CPU3: shutdown
[   18.696734] Entering suspend state LP1
[   18.696734] Suspended for 7.547 seconds
[   18.696778] Enabling non-boot CPUs ...
[   18.727323] CPU1 is up
[   18.767608] CPU2 is up
[   18.808043] CPU3 is up
[   18.808703] PM: noirq resume of devices complete after 0.649 msecs
[   18.810789] PM: early resume of devices complete after 1.446 msecs
[   19.387967] PM: resume of devices complete after 577.162 msecs
[   19.459695] Restarting tasks ... done.
root@(none):/# 
root@(none):/# rtcwake -d rtc1 -m mem -s 3
rtcwake: assuming RTC uses UTC ...
rtcwake: wakeup from "mem" using /dev/rtc1 at Thu Jan  1 00:01:29 1970
[   20.727145] PM: Syncing filesystems ... done.
[   20.745330] Freezing user space processes ... (elapsed 0.001 seconds) done.
[   20.746677] Freezing remaining freezable tasks ... (elapsed 0.001 seconds) done.
[   20.748039] Suspending console(s) (use no_console_suspend to debug)
[   20.867264] PM: suspend of devices complete after 91.126 msecs
[   20.869002] PM: late suspend of devices complete after 1.722 msecs
[   20.870644] PM: noirq suspend of devices complete after 1.632 msecs
[   20.870648] Disabling non-boot CPUs ...
[   20.905761] CPU1: shutdown
[   21.035398] IRQ17 no longer affine to CPU2
[   21.035796] CPU2: shutdown
[   21.145673] CPU3: shutdown
[   21.196694] Entering suspend state LP1
[   21.196694] Suspended for 8.083 seconds
[   21.196739] Enabling non-boot CPUs ...
[   21.227317] CPU1 is up
[   21.267558] CPU2 is up
[   21.307994] CPU3 is up
[   21.308777] PM: noirq resume of devices complete after 0.772 msecs
[   21.310981] PM: early resume of devices complete after 1.562 msecs
[   21.887824] PM: resume of devices complete after 576.826 msecs
[   21.959599] Restarting tasks ... done.
root@(none):/# 
root@(none):/# rtcwake -d rtc1 -m mem -s 3
rtcwake: assuming RTC uses UTC ...
rtcwake: wakeup from "mem" using /dev/rtc1 at Thu Jan  1 00:01:39 1970
[   22.647397] PM: Syncing filesystems ... done.
[   22.665270] Freezing user space processes ... (elapsed 0.001 seconds) done.
[   22.666610] Freezing remaining freezable tasks ... (elapsed 0.001 seconds) done.
[   22.667966] Suspending console(s) (use no_console_suspend to debug)
[   22.777349] PM: suspend of devices complete after 81.066 msecs
[   22.779246] PM: late suspend of devices complete after 1.880 msecs
[   22.780733] PM: noirq suspend of devices complete after 1.476 msecs
[   22.780737] Disabling non-boot CPUs ...
[   22.815363] IRQ17 no longer affine to CPU1
[   22.815698] CPU1: shutdown
[   22.915734] CPU2: shutdown
[   23.015619] CPU3: shutdown
[   23.066755] Entering suspend state LP1
[   23.066755] Suspended for 7.547 seconds
[   23.066799] Enabling non-boot CPUs ...
[   23.097231] CPU1 is up
[   23.137507] CPU2 is up
[   23.177944] CPU3 is up
[   23.178649] PM: noirq resume of devices complete after 0.695 msecs
[   23.180474] PM: early resume of devices complete after 1.184 msecs
[   23.765907] PM: resume of devices complete after 585.417 msecs
[   23.837659] Restarting tasks ... done.
root@(none):/# 
root@(none):/# rtcwake -d rtc1 -m mem -s 3
rtcwake: assuming RTC uses UTC ...
rtcwake: wakeup from "mem" using /dev/rtc1 at Thu Jan  1 00:01:49 1970
[   25.095271] PM: Syncing filesystems ... done.
[   25.115207] Freezing user space processes ... (elapsed 0.001 seconds) done.
[   25.116552] Freezing remaining freezable tasks ... (elapsed 0.001 seconds) done.
[   25.117827] Suspending console(s) (use no_console_suspend to debug)
[   25.236663] PM: suspend of devices complete after 92.655 msecs
[   25.238320] PM: late suspend of devices complete after 1.641 msecs
[   25.239884] PM: noirq suspend of devices complete after 1.554 msecs
[   25.239888] Disabling non-boot CPUs ...
[   25.275646] CPU1: shutdown
[   25.385659] CPU2: shutdown
[   25.485561] CPU3: shutdown
[   25.536596] Entering suspend state LP1
[   25.536596] Suspended for 8.113 seconds
[   25.536639] Enabling non-boot CPUs ...
[   25.567171] CPU1 is up
[   25.607452] CPU2 is up
[   25.647893] CPU3 is up
[   25.648633] PM: noirq resume of devices complete after 0.730 msecs
[   25.650815] PM: early resume of devices complete after 1.525 msecs
[   26.228277] PM: resume of devices complete after 577.442 msecs
[   26.296001] Restarting tasks ... done.
root@(none):/# 
root@(none):/# NVTB SYSTEM SUSPEND TEST COMPLETE
