
U-Boot SPL 2015.04-rc3-00209-ga74ef40 (Mar 16 2015 - 14:43:39)


U-Boot 2015.04-rc3-00209-ga74ef40 (Mar 16 2015 - 14:43:39)

TEGRA20
Model: Compulab TrimSlice board
DRAM:  1 GiB
MMC:   Tegra SD/MMC: 0, Tegra SD/MMC: 1
SF: Detected W25Q80BL with page size 256 Bytes, erase size 4 KiB, total 1 MiB
tegra-pcie: PCI regions:
tegra-pcie:   I/O: 0x82000000-0x82010000
tegra-pcie:   non-prefetchable memory: 0xa0000000-0xa8000000
tegra-pcie:   prefetchable memory: 0xa8000000-0xc0000000
tegra-pcie: dual-mode configuration
tegra-pcie: probing port 0, using 2 lanes
In:    serial
Out:   serial
Err:   serial
Net:   RTL8169#0
Hit any key to stop autoboot:  2  1  0 
Tegra20 (TrimSlice) # 
Tegra20 (TrimSlice) # usb reset
resetting USB...
USB0:   USB EHCI 1.00
scanning bus 0 for devices... 3 USB Device(s) found
USB1:   USB EHCI 1.00
scanning bus 1 for devices... 1 USB Device(s) found
USB2:   lowlevel init failed
       scanning usb for storage devices... 0 Storage Device(s) found
       scanning usb for ethernet devices... 
Warning: asx0 using MAC address from net device
1 Ethernet Device(s) found
Tegra20 (TrimSlice) # setenv bootargs 'ignore_loglevel console=ttyS0,115200n8 rw root=PARTUUID=11eb23c1-01 rootwait gpt debug noinitrd earlyprintk init=/bin/bash'
Tegra20 (TrimSlice) # setenv ipaddr 192.168.100.103; setenv serverip 192.168.100.1; setenv tftpserverip 192.168.100.1
Tegra20 (TrimSlice) # tftpboot 0x00408000 zImage.multi_v7_defconfig
Using RTL8169#0 device
TFTP from server 192.168.100.1; our IP address is 192.168.100.103
Filename 'zImage.multi_v7_defconfig'.
Load address: 0x408000
Loading: *#################################################################
	 #################################################################
	 #################################################################
	 #################################################################
	 #################################################################
	 #################################################################
	 #################################################################
	 #################################################################
	 #############################
	 4.1 MiB/s
done
Bytes transferred = 8057344 (7af200 hex)
Tegra20 (TrimSlice) # tftpboot 0x02408000 tegra20-trimslice.dtb
Using RTL8169#0 device
TFTP from server 192.168.100.1; our IP address is 192.168.100.103
Filename 'tegra20-trimslice.dtb'.
Load address: 0x2408000
Loading: *##
	 3.4 MiB/s
done
Bytes transferred = 21160 (52a8 hex)
Tegra20 (TrimSlice) # bootz 0x00408000 - 0x02408000
Kernel image @ 0x408000 [ 0x000000 - 0x7af200 ]
## Flattened Device Tree blob at 02408000
   Booting using the fdt blob at 0x2408000
   Using Device Tree in place at 02408000, end 024102a7

Starting kernel ...

[    0.000000] Booting Linux on physical CPU 0x0
[    0.000000] Linux version 4.15.0-rc1-333438-g4fbd8d194f06 (jonathanh@tamien) (gcc version 4.7.3 20130328 (prerelease) (crosstool-NG linaro-1.13.1-4.7-2013.04-20130415 - Linaro GCC 2013.04)) #1 SMP Mon Dec 4 13:33:57 PST 2017
[    0.000000] CPU: ARMv7 Processor [411fc090] revision 0 (ARMv7), cr=10c5387d
[    0.000000] CPU: PIPT / VIPT nonaliasing data cache, VIPT aliasing instruction cache
[    0.000000] OF: fdt: Machine model: Compulab TrimSlice board
[    0.000000] debug: ignoring loglevel setting.
[    0.000000] Memory policy: Data cache writealloc
[    0.000000] efi: Getting EFI parameters from FDT:
[    0.000000] efi: UEFI not found.
[    0.000000] cma: Reserved 64 MiB at 0x3c000000
[    0.000000] On node 0 totalpages: 262144
[    0.000000]   DMA zone: 1536 pages used for memmap
[    0.000000]   DMA zone: 0 pages reserved
[    0.000000]   DMA zone: 196608 pages, LIFO batch:31
[    0.000000]   HighMem zone: 65536 pages, LIFO batch:15
[    0.000000] random: fast init done
[    0.000000] percpu: Embedded 17 pages/cpu @ef7c6000 s39040 r8192 d22400 u69632
[    0.000000] pcpu-alloc: s39040 r8192 d22400 u69632 alloc=17*4096
[    0.000000] pcpu-alloc: [0] 0 [0] 1 
[    0.000000] Built 1 zonelists, mobility grouping on.  Total pages: 260608
[    0.000000] Kernel command line: ignore_loglevel console=ttyS0,115200n8 rw root=PARTUUID=11eb23c1-01 rootwait gpt debug noinitrd earlyprintk init=/bin/bash
[    0.000000] Dentry cache hash table entries: 131072 (order: 7, 524288 bytes)
[    0.000000] Inode-cache hash table entries: 65536 (order: 6, 262144 bytes)
[    0.000000] Memory: 953376K/1048576K available (11264K kernel code, 1602K rwdata, 4296K rodata, 2048K init, 404K bss, 29664K reserved, 65536K cma-reserved, 196608K highmem)
[    0.000000] Virtual kernel memory layout:
[    0.000000]     vector  : 0xffff0000 - 0xffff1000   (   4 kB)
[    0.000000]     fixmap  : 0xffc00000 - 0xfff00000   (3072 kB)
[    0.000000]     vmalloc : 0xf0800000 - 0xff800000   ( 240 MB)
[    0.000000]     lowmem  : 0xc0000000 - 0xf0000000   ( 768 MB)
[    0.000000]     pkmap   : 0xbfe00000 - 0xc0000000   (   2 MB)
[    0.000000]     modules : 0xbf000000 - 0xbfe00000   (  14 MB)
[    0.000000]       .text : 0xc0208000 - 0xc0e00000   (12256 kB)
[    0.000000]       .init : 0xc1300000 - 0xc1500000   (2048 kB)
[    0.000000]       .data : 0xc1500000 - 0xc1690a5c   (1603 kB)
[    0.000000]        .bss : 0xc1690a5c - 0xc16f5ca4   ( 405 kB)
[    0.000000] SLUB: HWalign=64, Order=0-3, MinObjects=0, CPUs=2, Nodes=1
[    0.000000] Hierarchical RCU implementation.
[    0.000000] 	RCU event tracing is enabled.
[    0.000000] 	RCU restricting CPUs from NR_CPUS=16 to nr_cpu_ids=2.
[    0.000000] RCU: Adjusting geometry for rcu_fanout_leaf=16, nr_cpu_ids=2
[    0.000000] NR_IRQS: 16, nr_irqs: 16, preallocated irqs: 16
[    0.000000] /interrupt-controller@60004000: 128 interrupts forwarded to /interrupt-controller@50041000
[    0.000000] L2C: platform modifies aux control register: 0x02080000 -> 0x3e480001
[    0.000000] L2C: DT/platform modifies aux control register: 0x02080000 -> 0x3e480001
[    0.000000] L2C-310 errata 727915 769419 enabled
[    0.000000] L2C-310 enabling early BRESP for Cortex-A9
[    0.000000] L2C-310: enabling full line of zeros but not enabled in Cortex-A9
[    0.000000] L2C-310 ID prefetch enabled, offset 1 lines
[    0.000000] L2C-310 cache controller enabled, 8 ways, 1024 kB
[    0.000000] L2C-310: CACHE_ID 0x410000c4, AUX_CTRL 0x7e480001
[    0.000009] sched_clock: 32 bits at 1000kHz, resolution 1000ns, wraps every 2147483647500ns
[    0.000025] clocksource: timer_us: mask: 0xffffffff max_cycles: 0xffffffff, max_idle_ns: 1911260446275 ns
[    0.000035] Switching to timer-based delay loop, resolution 1000ns
[    0.001694] Console: colour dummy device 80x30
[    0.001723] Calibrating delay loop (skipped), value calculated using timer frequency.. 2.00 BogoMIPS (lpj=10000)
[    0.001735] pid_max: default: 32768 minimum: 301
[    0.001815] Mount-cache hash table entries: 2048 (order: 1, 8192 bytes)
[    0.001826] Mountpoint-cache hash table entries: 2048 (order: 1, 8192 bytes)
[    0.002267] CPU: Testing write buffer coherency: ok
[    0.002478] CPU0: thread -1, cpu 0, socket 0, mpidr 80000000
[    0.002718] Setting up static identity map for 0x300000 - 0x3000a0
[    0.003355] Hierarchical SRCU implementation.
[    0.004195] Tegra Revision: A03 prime SKU: 8 CPU Process: 1 SoC Process: 2
[    0.004643] EFI services will not be available.
[    0.004733] smp: Bringing up secondary CPUs ...
[    0.005261] CPU1: thread -1, cpu 1, socket 0, mpidr 80000001
[    0.005346] smp: Brought up 1 node, 2 CPUs
[    0.005358] SMP: Total of 2 processors activated (4.00 BogoMIPS).
[    0.005363] CPU: All CPU(s) started in SVC mode.
[    0.006040] devtmpfs: initialized
[    0.009485] VFP support v0.3: implementor 41 architecture 3 part 30 variant 9 rev 1
[    0.009692] clocksource: jiffies: mask: 0xffffffff max_cycles: 0xffffffff, max_idle_ns: 19112604462750000 ns
[    0.009707] futex hash table entries: 512 (order: 3, 32768 bytes)
[    0.012724] pinctrl core: initialized pinctrl subsystem
[    0.013631] DMI not present or invalid.
[    0.013882] NET: Registered protocol family 16
[    0.016207] DMA: preallocated 256 KiB pool for atomic coherent allocations
[    0.017493] cpuidle: using governor menu
[    0.033132] No ATAGs?
[    0.033200] hw-breakpoint: found 5 (+1 reserved) breakpoint and 1 watchpoint registers.
[    0.033211] hw-breakpoint: maximum watchpoint size is 4 bytes.
[    0.037841] Serial: AMBA PL011 UART driver
[    0.048260] AT91: Could not find identification node
[    0.048769] usb1_vbus: Failed to request enable GPIO170: -517
[    0.048784] reg-fixed-voltage regulators:regulator@2: Failed to register regulator: -517
[    0.052423] vgaarb: loaded
[    0.052973] SCSI subsystem initialized
[    0.053102] libata version 3.00 loaded.
[    0.053264] usbcore: registered new interface driver usbfs
[    0.053301] usbcore: registered new interface driver hub
[    0.053339] usbcore: registered new device driver usb
[    0.055318] pps_core: LinuxPPS API ver. 1 registered
[    0.055326] pps_core: Software ver. 5.3.6 - Copyright 2005-2007 Rodolfo Giometti <giometti@linux.it>
[    0.055341] PTP clock support registered
[    0.055479] EDAC MC: Ver: 3.0.0
[    0.055723] dmi: Firmware registration failed.
[    0.057166] clocksource: Switched to clocksource timer_us
[    0.092457] NET: Registered protocol family 2
[    0.092877] TCP established hash table entries: 8192 (order: 3, 32768 bytes)
[    0.092951] TCP bind hash table entries: 8192 (order: 4, 65536 bytes)
[    0.093064] TCP: Hash tables configured (established 8192 bind 8192)
[    0.093180] UDP hash table entries: 512 (order: 2, 16384 bytes)
[    0.093230] UDP-Lite hash table entries: 512 (order: 2, 16384 bytes)
[    0.093389] NET: Registered protocol family 1
[    0.093691] RPC: Registered named UNIX socket transport module.
[    0.093699] RPC: Registered udp transport module.
[    0.093705] RPC: Registered tcp transport module.
[    0.093709] RPC: Registered tcp NFSv4.1 backchannel transport module.
[    0.093719] PCI: CLS 0 bytes, default 64
[    0.094524] hw perfevents: no interrupt-affinity property for /pmu, guessing.
[    0.094697] hw perfevents: enabled with armv7_cortex_a9 PMU driver, 7 counters available
[    0.095748] Initialise system trusted keyrings
[    0.095856] workingset: timestamp_bits=30 max_order=18 bucket_order=0
[    0.100083] squashfs: version 4.0 (2009/01/31) Phillip Lougher
[    0.100524] NFS: Registering the id_resolver key type
[    0.100543] Key type id_resolver registered
[    0.100549] Key type id_legacy registered
[    0.100580] ntfs: driver 2.1.32 [Flags: R/O].
[    0.101707] Key type asymmetric registered
[    0.101716] Asymmetric key parser 'x509' registered
[    0.101752] bounce: pool size: 64 pages
[    0.101792] Block layer SCSI generic (bsg) driver version 0.4 loaded (major 247)
[    0.101801] io scheduler noop registered
[    0.101807] io scheduler deadline registered
[    0.101968] io scheduler cfq registered (default)
[    0.101976] io scheduler mq-deadline registered
[    0.101982] io scheduler kyber registered
[    0.114238] tegra-pcie 80003000.pcie: dual-mode configuration
[    0.114955] tegra-pcie 80003000.pcie: probing port 0, using 2 lanes
[    0.197415] tegra-pcie 80003000.pcie: PCI host bridge to bus 0000:00
[    0.197427] pci_bus 0000:00: root bus resource [io  0x0000-0xffff]
[    0.197436] pci_bus 0000:00: root bus resource [mem 0xa0000000-0xa7ffffff]
[    0.197444] pci_bus 0000:00: root bus resource [mem 0xa8000000-0xbfffffff pref]
[    0.197453] pci_bus 0000:00: root bus resource [bus 00-ff]
[    0.197482] pci 0000:00:01.0: [10de:0bf0] type 01 class 0x060000
[    0.197501] pci_bus 0000:00: 2-byte config write to 0000:00:01.0 offset 0x4 may corrupt adjacent RW1C bits
[    0.197512] pci_bus 0000:00: 2-byte config write to 0000:00:01.0 offset 0x4 may corrupt adjacent RW1C bits
[    0.197531] pci 0000:00:01.0: enabling Extended Tags
[    0.197542] pci_bus 0000:00: 2-byte config write to 0000:00:01.0 offset 0x88 may corrupt adjacent RW1C bits
[    0.197569] pci_bus 0000:00: 2-byte config write to 0000:00:01.0 offset 0x52 may corrupt adjacent RW1C bits
[    0.197593] pci 0000:00:01.0: PME# supported from D0 D1 D2 D3hot D3cold
[    0.197603] pci_bus 0000:00: 2-byte config write to 0000:00:01.0 offset 0x4c may corrupt adjacent RW1C bits
[    0.197754] pci_bus 0000:00: 2-byte config write to 0000:00:01.0 offset 0x3e may corrupt adjacent RW1C bits
[    0.197766] pci_bus 0000:00: 2-byte config write to 0000:00:01.0 offset 0x4 may corrupt adjacent RW1C bits
[    0.197776] pci_bus 0000:00: 1-byte config write to 0000:00:01.0 offset 0xc may corrupt adjacent RW1C bits
[    0.197783] PCI: bus0: Fast back to back transfers disabled
[    0.197792] pci 0000:00:01.0: bridge configuration invalid ([bus 00-00]), reconfiguring
[    0.197802] pci_bus 0000:00: 2-byte config write to 0000:00:01.0 offset 0x3e may corrupt adjacent RW1C bits
[    0.197812] pci_bus 0000:00: 2-byte config write to 0000:00:01.0 offset 0x3e may corrupt adjacent RW1C bits
[    0.197912] pci 0000:01:00.0: [10ec:8168] type 00 class 0x020000
[    0.197939] pci 0000:01:00.0: reg 0x10: [io  0x0000-0x00ff]
[    0.197964] pci 0000:01:00.0: reg 0x18: [mem 0x00000000-0x00000fff 64bit pref]
[    0.197982] pci 0000:01:00.0: reg 0x20: [mem 0x00000000-0x00003fff 64bit pref]
[    0.197995] pci 0000:01:00.0: reg 0x30: [mem 0x00000000-0x0001ffff pref]
[    0.198111] PCI: bus1: Fast back to back transfers disabled
[    0.198123] pci_bus 0000:01: busn_res: [bus 01-ff] end is updated to 01
[    0.198150] pci 0000:00:01.0: BAR 8: assigned [mem 0xa0000000-0xa00fffff]
[    0.198161] pci 0000:00:01.0: BAR 9: assigned [mem 0xa8000000-0xa80fffff 64bit pref]
[    0.198170] pci 0000:00:01.0: BAR 7: assigned [io  0x1000-0x1fff]
[    0.198181] pci 0000:01:00.0: BAR 6: assigned [mem 0xa0000000-0xa001ffff pref]
[    0.198191] pci 0000:01:00.0: BAR 4: assigned [mem 0xa8000000-0xa8003fff 64bit pref]
[    0.198209] pci 0000:01:00.0: BAR 2: assigned [mem 0xa8004000-0xa8004fff 64bit pref]
[    0.198225] pci 0000:01:00.0: BAR 0: assigned [io  0x1000-0x10ff]
[    0.198236] pci 0000:00:01.0: PCI bridge to [bus 01]
[    0.198244] pci 0000:00:01.0:   bridge window [io  0x1000-0x1fff]
[    0.198253] pci 0000:00:01.0:   bridge window [mem 0xa0000000-0xa00fffff]
[    0.198261] pci 0000:00:01.0:   bridge window [mem 0xa8000000-0xa80fffff 64bit pref]
[    0.198284] pci 0000:00:01.0: nv_msi_ht_cap_quirk didn't locate host bridge
[    0.198336] Disabling cpuidle LP2 state, since PCIe IRQs are in use
[    0.198371] pcieport 0000:00:01.0: enabling device (0140 -> 0143)
[    0.198552] pcieport 0000:00:01.0: Signaling PME with IRQ 295
[    0.204700] tegra-apbdma 6000a000.dma: Tegra20 APB DMA driver register 16 channels
[    0.247788] Serial: 8250/16550 driver, 4 ports, IRQ sharing disabled
[    0.249974] console [ttyS0] disabled
[    0.250012] 70006000.serial: ttyS0 at MMIO 0x70006000 (irq = 279, base_baud = 13500000) is a Tegra
[    1.322425] console [ttyS0] enabled
[    1.326499] SuperH (H)SCI(F) driver initialized
[    1.331794] msm_serial: driver initialized
[    1.336018] STMicroelectronics ASC driver initialized
[    1.345434] tegra-hdmi 54280000.hdmi: 54280000.hdmi supply hdmi not found, using dummy regulator
[    1.356533] [drm] Supports vblank timestamp caching Rev 2 (21.10.2013).
[    1.363151] [drm] No driver support for vblank timestamp query.
[    1.369096] [drm] Cannot find any crtc or sizes
[    1.373632] [drm] Initialized tegra 0.0.0 20120330 for drm on minor 0
[    1.381647] [drm] Cannot find any crtc or sizes
[    1.391782] brd: module loaded
[    1.400021] loop: module loaded
[    1.409297] m25p80 spi0.0: found s25fl008k, expected w25q80bl
[    1.415102] m25p80 spi0.0: s25fl008k (1024 Kbytes)
[    1.421820] libphy: Fixed MDIO Bus: probed
[    1.426609] CAN device driver interface
[    1.431135] bgmac_bcma: Broadcom 47xx GBit MAC driver loaded
[    1.437829] e1000e: Intel(R) PRO/1000 Network Driver - 3.2.6-k
[    1.443647] e1000e: Copyright(c) 1999 - 2015 Intel Corporation.
[    1.449612] igb: Intel(R) Gigabit Ethernet Network Driver - version 5.4.0-k
[    1.456555] igb: Copyright (c) 2007-2014 Intel Corporation.
[    1.462698] r8169 Gigabit Ethernet driver 2.3LK-NAPI loaded
[    1.468294] r8169 0000:01:00.0: enabling device (0140 -> 0143)
[    1.474151] r8169 0000:01:00.0 (unnamed net_device) (uninitialized): not PCI Express
[    1.482431] r8169 0000:01:00.0 eth0: RTL8168d/8111d at 0xf0a5c000, 00:01:c0:13:7d:63, XID 081000c0 IRQ 286
[    1.492086] r8169 0000:01:00.0 eth0: jumbo features [frames: 9200 bytes, tx checksumming: ko]
[    1.502945] pegasus: v0.9.3 (2013/04/25), Pegasus/Pegasus II USB Ethernet driver
[    1.510395] usbcore: registered new interface driver pegasus
[    1.516074] usbcore: registered new interface driver asix
[    1.521501] usbcore: registered new interface driver ax88179_178a
[    1.527623] usbcore: registered new interface driver cdc_ether
[    1.533470] usbcore: registered new interface driver smsc75xx
[    1.539252] usbcore: registered new interface driver smsc95xx
[    1.545003] usbcore: registered new interface driver net1080
[    1.550691] usbcore: registered new interface driver cdc_subset
[    1.556616] usbcore: registered new interface driver zaurus
[    1.562228] usbcore: registered new interface driver cdc_ncm
[    1.568162] tegra-phy c5004000.usb-phy: no vbus regulator
[    1.574655] tegra-phy c5008000.usb-phy: no vbus regulator
[    1.581415] ehci_hcd: USB 2.0 'Enhanced' Host Controller (EHCI) Driver
[    1.587946] ehci-pci: EHCI PCI platform driver
[    1.592407] ehci-platform: EHCI generic platform driver
[    1.597790] ehci-orion: EHCI orion driver
[    1.601909] SPEAr-ehci: EHCI SPEAr driver
[    1.606007] ehci-st: EHCI STMicroelectronics driver
[    1.610991] ehci-exynos: EHCI EXYNOS driver
[    1.615276] ehci-atmel: EHCI Atmel driver
[    1.619392] tegra-ehci: Tegra EHCI driver
[    1.678143] ulpi_phy_power_on: ulpi write failed
[    1.682752] tegra-ehci c5004000.usb: Failed to power on the phy
[    1.688688] tegra-ehci: probe of c5004000.usb failed with error -110
[    1.697668] tegra-ehci c5008000.usb: EHCI Host Controller
[    1.703076] tegra-ehci c5008000.usb: new USB bus registered, assigned bus number 1
[    1.710796] tegra-ehci c5008000.usb: irq 290, io mem 0xc5008000
[    1.737183] tegra-ehci c5008000.usb: USB 2.0 started, EHCI 1.00
[    1.743622] hub 1-0:1.0: USB hub found
[    1.747406] hub 1-0:1.0: 1 port detected
[    1.751618] ohci_hcd: USB 1.1 'Open' Host Controller (OHCI) Driver
[    1.757811] ohci-pci: OHCI PCI platform driver
[    1.762281] ohci-platform: OHCI generic platform driver
[    1.767675] SPEAr-ohci: OHCI SPEAr driver
[    1.771776] ohci-st: OHCI STMicroelectronics driver
[    1.776739] ohci-atmel: OHCI Atmel driver
[    1.781341] usbcore: registered new interface driver usb-storage
[    1.790546] rtc-em3027 2-0056: rtc core: registered rtc-em3027 as rtc0
[    1.798211] tegra_rtc 7000e000.rtc: rtc core: registered 7000e000.rtc as rtc1
[    1.805362] tegra_rtc 7000e000.rtc: Tegra internal Real Time Clock
[    1.811958] i2c /dev entries driver
[    1.825113] sdhci: Secure Digital Host Controller Interface driver
[    1.831310] sdhci: Copyright(c) Pierre Ossman
[    1.836881] Synopsys Designware Multimedia Card Interface Driver
[    1.843981] sdhci-pltfm: SDHCI platform and OF driver helper
[    1.857310] mmc0: Invalid maximum block size, assuming 512 bytes
[    1.917341] mmc0: SDHCI controller on c8000000.sdhci [c8000000.sdhci] using ADMA
[    1.925224] sdhci-tegra c8000600.sdhci: Got CD GPIO
[    1.930285] sdhci-tegra c8000600.sdhci: Got WP GPIO
[    1.943999] mmc1: Invalid maximum block size, assuming 512 bytes
[    2.007743] mmc1: SDHCI controller on c8000600.sdhci [c8000600.sdhci] using ADMA
[    2.018721] ledtrig-cpu: registered to indicate activity on CPUs
[    2.024989] usbcore: registered new interface driver usbhid
[    2.030569] usbhid: USB HID core driver
[    2.037757] NET: Registered protocol family 10
[    2.042993] Segment Routing with IPv6
[    2.046698] sit: IPv6, IPv4 and MPLS over IPv4 tunneling driver
[    2.053035] NET: Registered protocol family 17
[    2.057494] can: controller area network core (rev 20170425 abi 9)
[    2.063705] NET: Registered protocol family 29
[    2.068155] can: raw protocol (rev 20170425)
[    2.072413] can: broadcast manager protocol (rev 20170425 t)
[    2.078073] can: netlink gateway (rev 20170425) max_hops=1
[    2.083814] Key type dns_resolver registered
[    2.088458] ThumbEE CPU extension supported.
[    2.092721] Registering SWP/SWPB emulation handler
[    2.097933] Loading compiled-in X.509 certificates
[    2.111557] utmi_phy_clk_enable: timeout waiting for phy to stabilize
[    2.118059] tegra-ehci c5000000.usb: EHCI Host Controller
[    2.123462] tegra-ehci c5000000.usb: new USB bus registered, assigned bus number 2
[    2.131224] tegra-ehci c5000000.usb: irq 288, io mem 0xc5000000
[    2.167336] usb 1-1: new high-speed USB device number 2 using tegra-ehci
[    2.197219] tegra-ehci c5000000.usb: USB 2.0 started, EHCI 1.00
[    2.203992] hub 2-0:1.0: USB hub found
[    2.207836] hub 2-0:1.0: 1 port detected
[    2.213001] input: gpio-keys as /devices/soc0/gpio-keys/input/input0
[    2.220382] rtc-em3027 2-0056: hctosys: unable to read the hardware clock
[    2.227828] Waiting for root device PARTUUID=11eb23c1-01...
[    2.239037] mmc1: new high speed SD card at address b368
[    2.245070] mmcblk1: mmc1:b368 NCard 1.83 GiB (ro)
[    2.252413]  mmcblk1: p1 p2
[    2.399701] hub 1-1:1.0: USB hub found
[    2.403633] hub 1-1:1.0: 4 ports detected
[    2.727322] usb 1-1.2: new high-speed USB device number 3 using tegra-ehci
[    3.195097] mmc0: host does not support reading read-only switch, assuming write-enable
[    3.205045] mmc0: new high speed SDHC card at address b368
[    3.210862] mmcblk0: mmc0:b368 NCard 3.70 GiB 
[    3.217505]  mmcblk0: p1
[    3.350724] asix 1-1.2:1.0 eth1: register 'asix' at usb-c5008000.usb-1.2, ASIX AX88772 USB 2.0 Ethernet, 00:60:6e:60:6c:68
[    3.367892] EXT4-fs (mmcblk0p1): mounting ext3 file system using the ext4 subsystem
[    3.606063] EXT4-fs (mmcblk0p1): recovery complete
[    3.680331] EXT4-fs (mmcblk0p1): mounted filesystem with ordered data mode. Opts: (null)
[    3.688597] VFS: Mounted root (ext3 filesystem) on device 179:17.
[    3.702970] devtmpfs: mounted
[    3.709632] Freeing unused kernel memory: 2048K
bash: cannot set terminal process group (-1): Inappropriate ioctl for device
bash: no job control in this shell
root@(none):/#  
root@(none):/# mount -t sysfs none /sys
root@(none):/# 
root@(none):/# mount -t debugfs none /sys/kernel/debug
root@(none):/# 
root@(none):/# rtcwake -d rtc1 -m mem -s 3
rtcwake: assuming RTC uses UTC ...
rtcwake: wakeup from "mem" using /dev/rtc1 at Thu Jan  1 00:00:32 1970
[   14.191401] PM: suspend entry (deep)
[   14.195002] PM: Syncing filesystems ... done.
[   14.201876] Freezing user space processes ... (elapsed 0.001 seconds) done.
[   14.210005] OOM killer disabled.
[   14.213221] Freezing remaining freezable tasks ... (elapsed 0.001 seconds) done.
[   14.221715] Suspending console(s) (use no_console_suspend to debug)
[   14.263121] pci_generic_config_write32: 20 callbacks suppressed
[   14.263163] pci_bus 0000:00: 2-byte config write to 0000:00:01.0 offset 0x9c may corrupt adjacent RW1C bits
[   14.286198] Disabling non-boot CPUs ...
[   14.330855] Entering suspend state LP1
[   14.330905] Enabling non-boot CPUs ...
[   14.332599] CPU1 is up
[   14.333415] pci_bus 0000:00: 2-byte config write to 0000:00:01.0 offset 0x4c may corrupt adjacent RW1C bits
[   14.333465] pci_bus 0000:00: 2-byte config write to 0000:00:01.0 offset 0x88 may corrupt adjacent RW1C bits
[   14.333498] pci_bus 0000:00: 2-byte config write to 0000:00:01.0 offset 0x90 may corrupt adjacent RW1C bits
[   14.333528] pci_bus 0000:00: 2-byte config write to 0000:00:01.0 offset 0x98 may corrupt adjacent RW1C bits
[   14.333556] pci_bus 0000:00: 2-byte config write to 0000:00:01.0 offset 0x9c may corrupt adjacent RW1C bits
[   14.333638] pci_bus 0000:00: 2-byte config write to 0000:00:01.0 offset 0x52 may corrupt adjacent RW1C bits
[   14.333671] pci_bus 0000:00: 2-byte config write to 0000:00:01.0 offset 0x52 may corrupt adjacent RW1C bits
[   14.333703] pci_bus 0000:00: 2-byte config write to 0000:00:01.0 offset 0x5c may corrupt adjacent RW1C bits
[   14.333735] pci_bus 0000:00: 2-byte config write to 0000:00:01.0 offset 0x52 may corrupt adjacent RW1C bits
[   14.333826] pcieport 0000:00:01.0: nv_msi_ht_cap_quirk didn't locate host bridge
[   15.013818] OOM killer enabled.
[   15.016947] Restarting tasks ... done.
[   15.020979] PM: suspend exit
root@(none):/# 
root@(none):/# rtcwake -d rtc1 -m mem -s 3
rtcwake: assuming RTC uses UTC ...
rtcwake: wakeup from "mem" using /dev/rtc1 at Thu Jan  1 00:00:37 1970
[   16.027970] PM: suspend entry (deep)
[   16.031543] PM: Syncing filesystems ... done.
[   16.036519] Freezing user space processes ... (elapsed 0.001 seconds) done.
[   16.044637] OOM killer disabled.
[   16.047906] Freezing remaining freezable tasks ... (elapsed 0.001 seconds) done.
[   16.056448] Suspending console(s) (use no_console_suspend to debug)
[   16.116730] Disabling non-boot CPUs ...
[   16.159918] Entering suspend state LP1
[   16.159967] Enabling non-boot CPUs ...
[   16.161779] CPU1 is up
[   16.162671] pcieport 0000:00:01.0: nv_msi_ht_cap_quirk didn't locate host bridge
[   16.741342] OOM killer enabled.
[   16.744477] Restarting tasks ... done.
[   16.749385] PM: suspend exit
root@(none):/# 
root@(none):/# rtcwake -d rtc1 -m mem -s 3
rtcwake: assuming RTC uses UTC ...
rtcwake: wakeup from "mem" using /dev/rtc1 at Thu Jan  1 00:00:42 1970
[   17.858933] PM: suspend entry (deep)
[   17.862520] PM: Syncing filesystems ... done.
[   17.868044] Freezing user space processes ... (elapsed 0.001 seconds) done.
[   17.876192] OOM killer disabled.
[   17.879443] Freezing remaining freezable tasks ... (elapsed 0.001 seconds) done.
[   17.887956] Suspending console(s) (use no_console_suspend to debug)
[   17.945644] Disabling non-boot CPUs ...
[   17.979842] Entering suspend state LP1
[   17.979891] Enabling non-boot CPUs ...
[   17.981659] CPU1 is up
[   17.983174] pcieport 0000:00:01.0: nv_msi_ht_cap_quirk didn't locate host bridge
[   18.560422] OOM killer enabled.
[   18.563556] Restarting tasks ... done.
[   18.567634] PM: suspend exit
root@(none):/# 
root@(none):/# rtcwake -d rtc1 -m mem -s 3
rtcwake: assuming RTC uses UTC ...
rtcwake: wakeup from "mem" using /dev/rtc1 at Thu Jan  1 00:00:47 1970
[   19.678408] PM: suspend entry (deep)
[   19.682010] PM: Syncing filesystems ... done.
[   19.688033] Freezing user space processes ... (elapsed 0.001 seconds) done.
[   19.696202] OOM killer disabled.
[   19.699443] Freezing remaining freezable tasks ... (elapsed 0.001 seconds) done.
[   19.707956] Suspending console(s) (use no_console_suspend to debug)
[   19.722625] pci_generic_config_write32: 26 callbacks suppressed
[   19.722668] pci_bus 0000:00: 2-byte config write to 0000:00:01.0 offset 0x9c may corrupt adjacent RW1C bits
[   19.745726] Disabling non-boot CPUs ...
[   19.789775] Entering suspend state LP1
[   19.789825] Enabling non-boot CPUs ...
[   19.791602] CPU1 is up
[   19.792639] pci_bus 0000:00: 2-byte config write to 0000:00:01.0 offset 0x4c may corrupt adjacent RW1C bits
[   19.792688] pci_bus 0000:00: 2-byte config write to 0000:00:01.0 offset 0x88 may corrupt adjacent RW1C bits
[   19.792720] pci_bus 0000:00: 2-byte config write to 0000:00:01.0 offset 0x90 may corrupt adjacent RW1C bits
[   19.792748] pci_bus 0000:00: 2-byte config write to 0000:00:01.0 offset 0x98 may corrupt adjacent RW1C bits
[   19.792776] pci_bus 0000:00: 2-byte config write to 0000:00:01.0 offset 0x9c may corrupt adjacent RW1C bits
[   19.792889] pci_bus 0000:00: 2-byte config write to 0000:00:01.0 offset 0x52 may corrupt adjacent RW1C bits
[   19.792924] pci_bus 0000:00: 2-byte config write to 0000:00:01.0 offset 0x52 may corrupt adjacent RW1C bits
[   19.792956] pci_bus 0000:00: 2-byte config write to 0000:00:01.0 offset 0x5c may corrupt adjacent RW1C bits
[   19.792987] pci_bus 0000:00: 2-byte config write to 0000:00:01.0 offset 0x52 may corrupt adjacent RW1C bits
[   19.793098] pcieport 0000:00:01.0: nv_msi_ht_cap_quirk didn't locate host bridge
[   20.463838] OOM killer enabled.
[   20.466987] Restarting tasks ... done.
[   20.470989] PM: suspend exit
root@(none):/# 
root@(none):/# rtcwake -d rtc1 -m mem -s 3
rtcwake: assuming RTC uses UTC ...
rtcwake: wakeup from "mem" using /dev/rtc1 at Thu Jan  1 00:00:52 1970
[   21.488929] PM: suspend entry (deep)
[   21.492543] PM: Syncing filesystems ... done.
[   21.498045] Freezing user space processes ... (elapsed 0.001 seconds) done.
[   21.506197] OOM killer disabled.
[   21.509447] Freezing remaining freezable tasks ... (elapsed 0.001 seconds) done.
[   21.517962] Suspending console(s) (use no_console_suspend to debug)
[   21.557426] Disabling non-boot CPUs ...
[   21.609696] Entering suspend state LP1
[   21.609746] Enabling non-boot CPUs ...
[   21.611529] CPU1 is up
[   21.613027] pcieport 0000:00:01.0: nv_msi_ht_cap_quirk didn't locate host bridge
[   22.181154] OOM killer enabled.
[   22.184289] Restarting tasks ... done.
[   22.188310] PM: suspend exit
root@(none):/# 
root@(none):/# rtcwake -d rtc1 -m mem -s 3
rtcwake: assuming RTC uses UTC ...
rtcwake: wakeup from "mem" using /dev/rtc1 at Thu Jan  1 00:00:57 1970
[   23.307601] PM: suspend entry (deep)
[   23.311201] PM: Syncing filesystems ... done.
[   23.317159] Freezing user space processes ... (elapsed 0.001 seconds) done.
[   23.325332] OOM killer disabled.
[   23.328580] Freezing remaining freezable tasks ... (elapsed 0.001 seconds) done.
[   23.337083] Suspending console(s) (use no_console_suspend to debug)
[   23.396234] Disabling non-boot CPUs ...
[   23.439555] Entering suspend state LP1
[   23.439604] Enabling non-boot CPUs ...
[   23.441373] CPU1 is up
[   23.442268] pcieport 0000:00:01.0: nv_msi_ht_cap_quirk didn't locate host bridge
[   24.020184] OOM killer enabled.
[   24.023319] Restarting tasks ... done.
[   24.027439] PM: suspend exit
root@(none):/# 
root@(none):/# rtcwake -d rtc1 -m mem -s 3
rtcwake: assuming RTC uses UTC ...
rtcwake: wakeup from "mem" using /dev/rtc1 at Thu Jan  1 00:01:02 1970
[   25.138870] PM: suspend entry (deep)
[   25.142459] PM: Syncing filesystems ... done.
[   25.147939] Freezing user space processes ... (elapsed 0.001 seconds) done.
[   25.156071] OOM killer disabled.
[   25.159321] Freezing remaining freezable tasks ... (elapsed 0.001 seconds) done.
[   25.167827] Suspending console(s) (use no_console_suspend to debug)
[   25.184668] pci_generic_config_write32: 26 callbacks suppressed
[   25.184712] pci_bus 0000:00: 2-byte config write to 0000:00:01.0 offset 0x9c may corrupt adjacent RW1C bits
[   25.212401] Disabling non-boot CPUs ...
[   25.259549] Entering suspend state LP1
[   25.259598] Enabling non-boot CPUs ...
[   25.261387] CPU1 is up
[   25.262688] pci_bus 0000:00: 2-byte config write to 0000:00:01.0 offset 0x4c may corrupt adjacent RW1C bits
[   25.262737] pci_bus 0000:00: 2-byte config write to 0000:00:01.0 offset 0x88 may corrupt adjacent RW1C bits
[   25.262767] pci_bus 0000:00: 2-byte config write to 0000:00:01.0 offset 0x90 may corrupt adjacent RW1C bits
[   25.262797] pci_bus 0000:00: 2-byte config write to 0000:00:01.0 offset 0x98 may corrupt adjacent RW1C bits
[   25.262825] pci_bus 0000:00: 2-byte config write to 0000:00:01.0 offset 0x9c may corrupt adjacent RW1C bits
[   25.262908] pci_bus 0000:00: 2-byte config write to 0000:00:01.0 offset 0x52 may corrupt adjacent RW1C bits
[   25.262940] pci_bus 0000:00: 2-byte config write to 0000:00:01.0 offset 0x52 may corrupt adjacent RW1C bits
[   25.262972] pci_bus 0000:00: 2-byte config write to 0000:00:01.0 offset 0x5c may corrupt adjacent RW1C bits
[   25.263004] pci_bus 0000:00: 2-byte config write to 0000:00:01.0 offset 0x52 may corrupt adjacent RW1C bits
[   25.263070] pcieport 0000:00:01.0: nv_msi_ht_cap_quirk didn't locate host bridge
[   25.942085] OOM killer enabled.
[   25.945214] Restarting tasks ... done.
[   25.949775] PM: suspend exit
root@(none):/# 
root@(none):/# rtcwake -d rtc1 -m mem -s 3
rtcwake: assuming RTC uses UTC ...
rtcwake: wakeup from "mem" using /dev/rtc1 at Thu Jan  1 00:01:07 1970
[   26.957910] PM: suspend entry (deep)
[   26.961510] PM: Syncing filesystems ... done.
[   26.967440] Freezing user space processes ... (elapsed 0.001 seconds) done.
[   26.975610] OOM killer disabled.
[   26.978859] Freezing remaining freezable tasks ... (elapsed 0.001 seconds) done.
[   26.987376] Suspending console(s) (use no_console_suspend to debug)
[   27.045746] Disabling non-boot CPUs ...
[   27.079408] Entering suspend state LP1
[   27.079457] Enabling non-boot CPUs ...
[   27.081245] CPU1 is up
[   27.082615] pcieport 0000:00:01.0: nv_msi_ht_cap_quirk didn't locate host bridge
[   27.648818] OOM killer enabled.
[   27.651952] Restarting tasks ... done.
[   27.655969] PM: suspend exit
root@(none):/# 
root@(none):/# rtcwake -d rtc1 -m mem -s 3
rtcwake: assuming RTC uses UTC ...
rtcwake: wakeup from "mem" using /dev/rtc1 at Thu Jan  1 00:01:12 1970
[   28.777519] PM: suspend entry (deep)
[   28.781093] PM: Syncing filesystems ... done.
[   28.786075] Freezing user space processes ... (elapsed 0.001 seconds) done.
[   28.794183] OOM killer disabled.
[   28.797452] Freezing remaining freezable tasks ... (elapsed 0.001 seconds) done.
[   28.805995] Suspending console(s) (use no_console_suspend to debug)
[   28.865750] Disabling non-boot CPUs ...
[   28.899429] Entering suspend state LP1
[   28.899478] Enabling non-boot CPUs ...
[   28.901252] CPU1 is up
[   28.902757] pcieport 0000:00:01.0: nv_msi_ht_cap_quirk didn't locate host bridge
[   29.470785] OOM killer enabled.
[   29.473921] Restarting tasks ... done.
[   29.478382] PM: suspend exit
root@(none):/# 
root@(none):/# rtcwake -d rtc1 -m mem -s 3
rtcwake: assuming RTC uses UTC ...
rtcwake: wakeup from "mem" using /dev/rtc1 at Thu Jan  1 00:01:17 1970
[   30.597824] PM: suspend entry (deep)
[   30.601425] PM: Syncing filesystems ... done.
[   30.607373] Freezing user space processes ... (elapsed 0.001 seconds) done.
[   30.615546] OOM killer disabled.
[   30.618795] Freezing remaining freezable tasks ... (elapsed 0.001 seconds) done.
[   30.627299] Suspending console(s) (use no_console_suspend to debug)
[   30.662639] pci_generic_config_write32: 26 callbacks suppressed
[   30.662681] pci_bus 0000:00: 2-byte config write to 0000:00:01.0 offset 0x9c may corrupt adjacent RW1C bits
[   30.686008] Disabling non-boot CPUs ...
[   30.719298] Entering suspend state LP1
[   30.719346] Enabling non-boot CPUs ...
[   30.721124] CPU1 is up
[   30.722188] pci_bus 0000:00: 2-byte config write to 0000:00:01.0 offset 0x4c may corrupt adjacent RW1C bits
[   30.722258] pci_bus 0000:00: 2-byte config write to 0000:00:01.0 offset 0x88 may corrupt adjacent RW1C bits
[   30.722291] pci_bus 0000:00: 2-byte config write to 0000:00:01.0 offset 0x90 may corrupt adjacent RW1C bits
[   30.722338] pci_bus 0000:00: 2-byte config write to 0000:00:01.0 offset 0x98 may corrupt adjacent RW1C bits
[   30.722367] pci_bus 0000:00: 2-byte config write to 0000:00:01.0 offset 0x9c may corrupt adjacent RW1C bits
[   30.722450] pci_bus 0000:00: 2-byte config write to 0000:00:01.0 offset 0x52 may corrupt adjacent RW1C bits
[   30.722501] pci_bus 0000:00: 2-byte config write to 0000:00:01.0 offset 0x52 may corrupt adjacent RW1C bits
[   30.722550] pci_bus 0000:00: 2-byte config write to 0000:00:01.0 offset 0x5c may corrupt adjacent RW1C bits
[   30.722596] pci_bus 0000:00: 2-byte config write to 0000:00:01.0 offset 0x52 may corrupt adjacent RW1C bits
[   30.722692] pcieport 0000:00:01.0: nv_msi_ht_cap_quirk didn't locate host bridge
[   31.394016] OOM killer enabled.
[   31.397162] Restarting tasks ... done.
[   31.401617] PM: suspend exit
root@(none):/# 
root@(none):/# NVTB SYSTEM SUSPEND TEST COMPLETE
