
U-Boot SPL 2015.04-rc3-00209-ga74ef40 (Mar 16 2015 - 14:43:39)


U-Boot 2015.04-rc3-00209-ga74ef40 (Mar 16 2015 - 14:43:39)

TEGRA20
Model: Compulab TrimSlice board
DRAM:  1 GiB
MMC:   Tegra SD/MMC: 0, Tegra SD/MMC: 1
SF: Detected W25Q80BL with page size 256 Bytes, erase size 4 KiB, total 1 MiB
tegra-pcie: PCI regions:
tegra-pcie:   I/O: 0x82000000-0x82010000
tegra-pcie:   non-prefetchable memory: 0xa0000000-0xa8000000
tegra-pcie:   prefetchable memory: 0xa8000000-0xc0000000
tegra-pcie: dual-mode configuration
tegra-pcie: probing port 0, using 2 lanes
In:    serial
Out:   serial
Err:   serial
Net:   RTL8169#0
Hit any key to stop autoboot:  2  0 
Tegra20 (TrimSlice) # 
Tegra20 (TrimSlice) # usb reset
resetting USB...
USB0:   USB EHCI 1.00
scanning bus 0 for devices... 3 USB Device(s) found
USB1:   USB EHCI 1.00
scanning bus 1 for devices... 1 USB Device(s) found
USB2:   lowlevel init failed
       scanning usb for storage devices... 0 Storage Device(s) found
       scanning usb for ethernet devices... 
Warning: asx0 using MAC address from net device
1 Ethernet Device(s) found
Tegra20 (TrimSlice) # setenv bootargs 'ignore_loglevel console=ttyS0,115200n8 rw root=PARTUUID=11eb23c1-01 rootwait gpt debug noinitrd earlyprintk init=/bin/bash'
Tegra20 (TrimSlice) # setenv ipaddr 192.168.100.103; setenv serverip 192.168.100.1; setenv tftpserverip 192.168.100.1
Tegra20 (TrimSlice) # tftpboot 0x00408000 zImage.tegra_defconfig
Using RTL8169#0 device
TFTP from server 192.168.100.1; our IP address is 192.168.100.103
Filename 'zImage.tegra_defconfig'.
Load address: 0x408000
Loading: *#################################################################
	 #################################################################
	 #################################################################
	 #################################################################
	 #################################################################
	 #################################################################
	 ##############################
	 2.9 MiB/s
done
Bytes transferred = 6164760 (5e1118 hex)
Tegra20 (TrimSlice) # tftpboot 0x02408000 tegra20-trimslice.dtb
Using RTL8169#0 device
TFTP from server 192.168.100.1; our IP address is 192.168.100.103
Filename 'tegra20-trimslice.dtb'.
Load address: 0x2408000
Loading: *##
	 3.4 MiB/s
done
Bytes transferred = 21160 (52a8 hex)
Tegra20 (TrimSlice) # bootz 0x00408000 - 0x02408000
Kernel image @ 0x408000 [ 0x000000 - 0x5e1118 ]
## Flattened Device Tree blob at 02408000
   Booting using the fdt blob at 0x2408000
   Using Device Tree in place at 02408000, end 024102a7

Starting kernel ...

[    0.000000] Booting Linux on physical CPU 0x0
[    0.000000] Linux version 4.15.0-rc1-13489-g4fbd8d1 (jonathanh@kaivo) (gcc version 4.7.3 20130328 (prerelease) (crosstool-NG linaro-1.13.1-4.7-2013.04-20130415 - Linaro GCC 2013.04)) #1 SMP PREEMPT Mon Dec 4 13:32:33 PST 2017
[    0.000000] CPU: ARMv7 Processor [411fc090] revision 0 (ARMv7), cr=10c5387d
[    0.000000] CPU: PIPT / VIPT nonaliasing data cache, VIPT aliasing instruction cache
[    0.000000] OF: fdt: Machine model: Compulab TrimSlice board
[    0.000000] debug: ignoring loglevel setting.
[    0.000000] bootconsole [earlycon0] enabled
[    0.000000] Memory policy: Data cache writealloc
[    0.000000] cma: Reserved 64 MiB at 0x3c000000
[    0.000000] On node 0 totalpages: 262144
[    0.000000]   Normal zone: 1536 pages used for memmap
[    0.000000]   Normal zone: 0 pages reserved
[    0.000000]   Normal zone: 196608 pages, LIFO batch:31
[    0.000000]   HighMem zone: 65536 pages, LIFO batch:15
[    0.000000] random: fast init done
[    0.000000] percpu: Embedded 17 pages/cpu @ef7c6000 s39104 r8192 d22336 u69632
[    0.000000] pcpu-alloc: s39104 r8192 d22336 u69632 alloc=17*4096
[    0.000000] pcpu-alloc: [0] 0 [0] 1 
[    0.000000] Built 1 zonelists, mobility grouping on.  Total pages: 260608
[    0.000000] Kernel command line: ignore_loglevel console=ttyS0,115200n8 rw root=PARTUUID=11eb23c1-01 rootwait gpt debug noinitrd earlyprintk init=/bin/bash
[    0.000000] Dentry cache hash table entries: 131072 (order: 7, 524288 bytes)
[    0.000000] Inode-cache hash table entries: 65536 (order: 6, 262144 bytes)
[    0.000000] Memory: 959424K/1048576K available (9216K kernel code, 778K rwdata, 2556K rodata, 1024K init, 299K bss, 23616K reserved, 65536K cma-reserved, 196608K highmem)
[    0.000000] Virtual kernel memory layout:
[    0.000000]     vector  : 0xffff0000 - 0xffff1000   (   4 kB)
[    0.000000]     fixmap  : 0xffc00000 - 0xfff00000   (3072 kB)
[    0.000000]     vmalloc : 0xf0800000 - 0xff800000   ( 240 MB)
[    0.000000]     lowmem  : 0xc0000000 - 0xf0000000   ( 768 MB)
[    0.000000]     pkmap   : 0xbfe00000 - 0xc0000000   (   2 MB)
[    0.000000]     modules : 0xbf000000 - 0xbfe00000   (  14 MB)
[    0.000000]       .text : 0xc0008000 - 0xc0a00000   (10208 kB)
[    0.000000]       .init : 0xc0d00000 - 0xc0e00000   (1024 kB)
[    0.000000]       .data : 0xc0e00000 - 0xc0ec289c   ( 779 kB)
[    0.000000]        .bss : 0xc0ec289c - 0xc0f0d4ec   ( 300 kB)
[    0.000000] Preemptible hierarchical RCU implementation.
[    0.000000] 	RCU restricting CPUs from NR_CPUS=4 to nr_cpu_ids=2.
[    0.000000] 	Tasks RCU enabled.
[    0.000000] RCU: Adjusting geometry for rcu_fanout_leaf=16, nr_cpu_ids=2
[    0.000000] NR_IRQS: 16, nr_irqs: 16, preallocated irqs: 16
[    0.000000] /interrupt-controller@60004000: 128 interrupts forwarded to /interrupt-controller@50041000
[    0.000000] L2C: platform modifies aux control register: 0x02080000 -> 0x3e480001
[    0.000000] L2C: DT/platform modifies aux control register: 0x02080000 -> 0x3e480001
[    0.000000] L2C-310 errata 727915 769419 enabled
[    0.000000] L2C-310 enabling early BRESP for Cortex-A9
[    0.000000] L2C-310: enabling full line of zeros but not enabled in Cortex-A9
[    0.000000] L2C-310 ID prefetch enabled, offset 1 lines
[    0.000000] L2C-310 cache controller enabled, 8 ways, 1024 kB
[    0.000000] L2C-310: CACHE_ID 0x410000c4, AUX_CTRL 0x7e480001
[    0.000009] sched_clock: 32 bits at 1000kHz, resolution 1000ns, wraps every 2147483647500ns
[    0.008267] clocksource: timer_us: mask: 0xffffffff max_cycles: 0xffffffff, max_idle_ns: 1911260446275 ns
[    0.017796] Switching to timer-based delay loop, resolution 1000ns
[    0.024622] Console: colour dummy device 80x30
[    0.028985] Calibrating delay loop (skipped), value calculated using timer frequency.. 2.00 BogoMIPS (lpj=10000)
[    0.039121] pid_max: default: 32768 minimum: 301
[    0.044123] Mount-cache hash table entries: 2048 (order: 1, 8192 bytes)
[    0.050653] Mountpoint-cache hash table entries: 2048 (order: 1, 8192 bytes)
[    0.058459] CPU: Testing write buffer coherency: ok
[    0.063544] CPU0: thread -1, cpu 0, socket 0, mpidr 80000000
[    0.100010] Setting up static identity map for 0x100000 - 0x1000a0
[    0.106225] Hierarchical SRCU implementation.
[    0.130296] Tegra Revision: A03 prime SKU: 8 CPU Process: 1 SoC Process: 2
[    0.149972] smp: Bringing up secondary CPUs ...
[    0.200567] CPU1: thread -1, cpu 1, socket 0, mpidr 80000001
[    0.200656] smp: Brought up 1 node, 2 CPUs
[    0.210326] SMP: Total of 2 processors activated (4.00 BogoMIPS).
[    0.216355] CPU: All CPU(s) started in SVC mode.
[    0.222007] devtmpfs: initialized
[    0.230617] VFP support v0.3: implementor 41 architecture 3 part 30 variant 9 rev 1
[    0.238483] clocksource: jiffies: mask: 0xffffffff max_cycles: 0xffffffff, max_idle_ns: 19112604462750000 ns
[    0.248227] futex hash table entries: 512 (order: 3, 32768 bytes)
[    0.257093] pinctrl core: initialized pinctrl subsystem
[    0.263530] NET: Registered protocol family 16
[    0.269576] DMA: preallocated 256 KiB pool for atomic coherent allocations
[    0.277570] cpuidle: using governor menu
[    0.297111] No ATAGs?
[    0.297187] hw-breakpoint: found 5 (+1 reserved) breakpoint and 1 watchpoint registers.
[    0.307365] hw-breakpoint: maximum watchpoint size is 4 bytes.
[    0.331425] usb1_vbus: Failed to request enable GPIO170: -517
[    0.337079] reg-fixed-voltage regulators:regulator@2: Failed to register regulator: -517
[    0.348299] vgaarb: loaded
[    0.351723] SCSI subsystem initialized
[    0.355640] libata version 3.00 loaded.
[    0.359731] usbcore: registered new interface driver usbfs
[    0.365232] usbcore: registered new interface driver hub
[    0.370552] usbcore: registered new device driver usb
[    0.377425] Linux video capture interface: v2.00
[    0.382058] pps_core: LinuxPPS API ver. 1 registered
[    0.386923] pps_core: Software ver. 5.3.6 - Copyright 2005-2007 Rodolfo Giometti <giometti@linux.it>
[    0.396089] PTP clock support registered
[    0.400572] Advanced Linux Sound Architecture Driver Initialized.
[    0.407215] Bluetooth: Core ver 2.22
[    0.410772] NET: Registered protocol family 31
[    0.415117] Bluetooth: HCI device and connection manager initialized
[    0.421463] Bluetooth: HCI socket layer initialized
[    0.426301] Bluetooth: L2CAP socket layer initialized
[    0.431370] Bluetooth: SCO socket layer initialized
[    0.436823] clocksource: Switched to clocksource timer_us
[    0.522018] NET: Registered protocol family 2
[    0.527302] TCP established hash table entries: 8192 (order: 3, 32768 bytes)
[    0.534314] TCP bind hash table entries: 8192 (order: 4, 65536 bytes)
[    0.540793] TCP: Hash tables configured (established 8192 bind 8192)
[    0.547751] UDP hash table entries: 512 (order: 2, 16384 bytes)
[    0.553617] UDP-Lite hash table entries: 512 (order: 2, 16384 bytes)
[    0.560222] NET: Registered protocol family 1
[    0.565180] RPC: Registered named UNIX socket transport module.
[    0.571024] RPC: Registered udp transport module.
[    0.575679] RPC: Registered tcp transport module.
[    0.580372] RPC: Registered tcp NFSv4.1 backchannel transport module.
[    0.587474] PCI: CLS 0 bytes, default 64
[    0.592639] hw perfevents: no interrupt-affinity property for /pmu, guessing.
[    0.599894] hw perfevents: enabled with armv7_cortex_a9 PMU driver, 7 counters available
[    0.609378] Initialise system trusted keyrings
[    0.613899] workingset: timestamp_bits=30 max_order=18 bucket_order=0
[    0.621333] squashfs: version 4.0 (2009/01/31) Phillip Lougher
[    0.627777] NFS: Registering the id_resolver key type
[    0.632750] Key type id_resolver registered
[    0.636915] Key type id_legacy registered
[    0.645600] Key type asymmetric registered
[    0.649621] Asymmetric key parser 'x509' registered
[    0.654667] bounce: pool size: 64 pages
[    0.658506] io scheduler noop registered (default)
[    0.663198] io scheduler mq-deadline registered
[    0.667721] io scheduler kyber registered
[    0.676215] tegra-pcie 80003000.pcie: dual-mode configuration
[    0.682825] tegra-pcie 80003000.pcie: probing port 0, using 2 lanes
[    0.759605] tegra-pcie 80003000.pcie: PCI host bridge to bus 0000:00
[    0.765863] pci_bus 0000:00: root bus resource [io  0x0000-0xffff]
[    0.772037] pci_bus 0000:00: root bus resource [mem 0xa0000000-0xa7ffffff]
[    0.778876] pci_bus 0000:00: root bus resource [mem 0xa8000000-0xbfffffff pref]
[    0.786142] pci_bus 0000:00: root bus resource [bus 00-ff]
[    0.791654] pci 0000:00:01.0: [10de:0bf0] type 01 class 0x060000
[    0.797605] pci_bus 0000:00: 2-byte config write to 0000:00:01.0 offset 0x4 may corrupt adjacent RW1C bits
[    0.807216] pci_bus 0000:00: 2-byte config write to 0000:00:01.0 offset 0x4 may corrupt adjacent RW1C bits
[    0.816847] pci 0000:00:01.0: enabling Extended Tags
[    0.821762] pci_bus 0000:00: 2-byte config write to 0000:00:01.0 offset 0x88 may corrupt adjacent RW1C bits
[    0.831499] pci_bus 0000:00: 2-byte config write to 0000:00:01.0 offset 0x52 may corrupt adjacent RW1C bits
[    0.841204] pci 0000:00:01.0: PME# supported from D0 D1 D2 D3hot D3cold
[    0.847775] pci_bus 0000:00: 2-byte config write to 0000:00:01.0 offset 0x4c may corrupt adjacent RW1C bits
[    0.857681] pci_bus 0000:00: 2-byte config write to 0000:00:01.0 offset 0x3e may corrupt adjacent RW1C bits
[    0.867336] pci_bus 0000:00: 2-byte config write to 0000:00:01.0 offset 0x4 may corrupt adjacent RW1C bits
[    0.876950] pci_bus 0000:00: 1-byte config write to 0000:00:01.0 offset 0xc may corrupt adjacent RW1C bits
[    0.886554] PCI: bus0: Fast back to back transfers disabled
[    0.892116] pci 0000:00:01.0: bridge configuration invalid ([bus 00-00]), reconfiguring
[    0.900089] pci_bus 0000:00: 2-byte config write to 0000:00:01.0 offset 0x3e may corrupt adjacent RW1C bits
[    0.909797] pci_bus 0000:00: 2-byte config write to 0000:00:01.0 offset 0x3e may corrupt adjacent RW1C bits
[    0.919669] pci 0000:01:00.0: [10ec:8168] type 00 class 0x020000
[    0.925596] pci 0000:01:00.0: reg 0x10: [io  0x0000-0x00ff]
[    0.931159] pci 0000:01:00.0: reg 0x18: [mem 0x00000000-0x00000fff 64bit pref]
[    0.938342] pci 0000:01:00.0: reg 0x20: [mem 0x00000000-0x00003fff 64bit pref]
[    0.945517] pci 0000:01:00.0: reg 0x30: [mem 0x00000000-0x0001ffff pref]
[    0.952369] PCI: bus1: Fast back to back transfers disabled
[    0.957864] pci_bus 0000:01: busn_res: [bus 01-ff] end is updated to 01
[    0.964454] pci 0000:00:01.0: BAR 8: assigned [mem 0xa0000000-0xa00fffff]
[    0.971208] pci 0000:00:01.0: BAR 9: assigned [mem 0xa8000000-0xa80fffff 64bit pref]
[    0.978918] pci 0000:00:01.0: BAR 7: assigned [io  0x1000-0x1fff]
[    0.984978] pci 0000:01:00.0: BAR 6: assigned [mem 0xa0000000-0xa001ffff pref]
[    0.992179] pci 0000:01:00.0: BAR 4: assigned [mem 0xa8000000-0xa8003fff 64bit pref]
[    0.999900] pci 0000:01:00.0: BAR 2: assigned [mem 0xa8004000-0xa8004fff 64bit pref]
[    1.007612] pci 0000:01:00.0: BAR 0: assigned [io  0x1000-0x10ff]
[    1.013662] pci 0000:00:01.0: PCI bridge to [bus 01]
[    1.018611] pci 0000:00:01.0:   bridge window [io  0x1000-0x1fff]
[    1.024665] pci 0000:00:01.0:   bridge window [mem 0xa0000000-0xa00fffff]
[    1.031437] pci 0000:00:01.0:   bridge window [mem 0xa8000000-0xa80fffff 64bit pref]
[    1.039164] pci 0000:00:01.0: nv_msi_ht_cap_quirk didn't locate host bridge
[    1.046119] Disabling cpuidle LP2 state, since PCIe IRQs are in use
[    1.052351] pcieport 0000:00:01.0: enabling device (0140 -> 0143)
[    1.058634] pcieport 0000:00:01.0: Signaling PME with IRQ 295
[    1.067533] tegra-apbdma 6000a000.dma: Tegra20 APB DMA driver register 16 channels
[    1.076630] Serial: 8250/16550 driver, 4 ports, IRQ sharing disabled
[    1.084758] console [ttyS0] disabled
[    1.088294] 70006000.serial: ttyS0 at MMIO 0x70006000 (irq = 279, base_baud = 13500000) is a Tegra
[    1.097214] console [ttyS0] enabled
[    1.097214] console [ttyS0] enabled
[    1.104101] bootconsole [earlycon0] disabled
[    1.104101] bootconsole [earlycon0] disabled
[    1.115116] tegra-hdmi 54280000.hdmi: 54280000.hdmi supply hdmi not found, using dummy regulator
[    1.127154] [drm] Supports vblank timestamp caching Rev 2 (21.10.2013).
[    1.133753] [drm] No driver support for vblank timestamp query.
[    1.139802] [drm] Cannot find any crtc or sizes
[    1.144341] [drm] Cannot find any crtc or sizes
[    1.146873] [drm] Initialized tegra 0.0.0 20120330 for drm on minor 0
[    1.158160] loop: module loaded
[    1.163539] m25p80 spi0.0: found s25fl008k, expected w25q80bl
[    1.169410] m25p80 spi0.0: s25fl008k (1024 Kbytes)
[    1.186114] libphy: Fixed MDIO Bus: probed
[    1.190223] CAN device driver interface
[    1.194108] igb: Intel(R) Gigabit Ethernet Network Driver - version 5.4.0-k
[    1.201070] igb: Copyright (c) 2007-2014 Intel Corporation.
[    1.206841] r8169 Gigabit Ethernet driver 2.3LK-NAPI loaded
[    1.212451] r8169 0000:01:00.0: enabling device (0140 -> 0143)
[    1.218319] r8169 0000:01:00.0 (unnamed net_device) (uninitialized): not PCI Express
[    1.226779] r8169 0000:01:00.0 eth0: RTL8168d/8111d at 0xf0863000, 00:01:c0:13:7d:63, XID 081000c0 IRQ 286
[    1.236444] r8169 0000:01:00.0 eth0: jumbo features [frames: 9200 bytes, tx checksumming: ko]
[    1.245110] pegasus: v0.9.3 (2013/04/25), Pegasus/Pegasus II USB Ethernet driver
[    1.252588] usbcore: registered new interface driver pegasus
[    1.258321] usbcore: registered new interface driver asix
[    1.263773] usbcore: registered new interface driver ax88179_178a
[    1.269932] usbcore: registered new interface driver cdc_ether
[    1.275822] usbcore: registered new interface driver smsc75xx
[    1.281647] usbcore: registered new interface driver smsc95xx
[    1.287457] usbcore: registered new interface driver net1080
[    1.293167] usbcore: registered new interface driver cdc_subset
[    1.299152] usbcore: registered new interface driver zaurus
[    1.304784] usbcore: registered new interface driver cdc_ncm
[    1.310745] tegra-phy c5004000.usb-phy: no vbus regulator
[    1.317307] tegra-phy c5008000.usb-phy: no vbus regulator
[    1.322833] ehci_hcd: USB 2.0 'Enhanced' Host Controller (EHCI) Driver
[    1.329363] ehci-pci: EHCI PCI platform driver
[    1.333862] tegra-ehci: Tegra EHCI driver
[    1.397805] ulpi_phy_power_on: ulpi write failed
[    1.402414] tegra-ehci c5004000.usb: Failed to power on the phy
[    1.408354] tegra-ehci: probe of c5004000.usb failed with error -110
[    1.417350] tegra-ehci c5008000.usb: EHCI Host Controller
[    1.422769] tegra-ehci c5008000.usb: new USB bus registered, assigned bus number 1
[    1.430565] tegra-ehci c5008000.usb: irq 290, io mem 0xc5008000
[    1.456845] tegra-ehci c5008000.usb: USB 2.0 started, EHCI 1.00
[    1.463600] hub 1-0:1.0: USB hub found
[    1.467405] hub 1-0:1.0: 1 port detected
[    1.472162] usbcore: registered new interface driver cdc_acm
[    1.477829] cdc_acm: USB Abstract Control Model driver for USB modems and ISDN adapters
[    1.485887] usbcore: registered new interface driver cdc_wdm
[    1.491652] usbcore: registered new interface driver usb-storage
[    1.500209] rtc-em3027 2-0056: rtc core: registered rtc-em3027 as rtc0
[    1.507393] tegra_rtc 7000e000.rtc: rtc core: registered 7000e000.rtc as rtc1
[    1.514561] tegra_rtc 7000e000.rtc: Tegra internal Real Time Clock
[    1.521029] i2c /dev entries driver
[    1.525349] usbcore: registered new interface driver uvcvideo
[    1.531099] USB Video Class driver (1.1.1)
[    1.535182] gspca_main: v2.14.0 registered
[    1.540587] sdhci: Secure Digital Host Controller Interface driver
[    1.546751] sdhci: Copyright(c) Pierre Ossman
[    1.551141] sdhci-pltfm: SDHCI platform and OF driver helper
[    1.565825] mmc0: Invalid maximum block size, assuming 512 bytes
[    1.628117] mmc0: SDHCI controller on c8000000.sdhci [c8000000.sdhci] using ADMA
[    1.636254] sdhci-tegra c8000600.sdhci: Got CD GPIO
[    1.641760] sdhci-tegra c8000600.sdhci: Got WP GPIO
[    1.655317] mmc1: Invalid maximum block size, assuming 512 bytes
[    1.717719] mmc1: SDHCI controller on c8000600.sdhci [c8000600.sdhci] using ADMA
[    1.727973] usbcore: registered new interface driver usbhid
[    1.733550] usbhid: USB HID core driver
[    1.744354] tegra-snd-trimslice sound: tlv320aic23-hifi <-> 70002800.i2s mapping ok
[    1.755384] NET: Registered protocol family 10
[    1.761417] Segment Routing with IPv6
[    1.765261] mip6: Mobile IPv6
[    1.768389] sit: IPv6, IPv4 and MPLS over IPv4 tunneling driver
[    1.775809] NET: Registered protocol family 17
[    1.780282] NET: Registered protocol family 15
[    1.784713] can: controller area network core (rev 20170425 abi 9)
[    1.791131] NET: Registered protocol family 29
[    1.795565] can: raw protocol (rev 20170425)
[    1.799856] can: broadcast manager protocol (rev 20170425 t)
[    1.805523] can: netlink gateway (rev 20170425) max_hops=1
[    1.811174] Bluetooth: RFCOMM socket layer initialized
[    1.816315] Bluetooth: RFCOMM ver 1.11
[    1.820107] Bluetooth: BNEP (Ethernet Emulation) ver 1.3
[    1.825410] Bluetooth: BNEP socket layer initialized
[    1.830420] Bluetooth: HIDP (Human Interface Emulation) ver 1.2
[    1.836351] Bluetooth: HIDP socket layer initialized
[    1.841584] Key type dns_resolver registered
[    1.846199] Registering SWP/SWPB emulation handler
[    1.846841] usb 1-1: new high-speed USB device number 2 using tegra-ehci
[    1.858602] Loading compiled-in X.509 certificates
[    1.869000] mmc1: new high speed SD card at address b368
[    1.874095] utmi_phy_clk_enable: timeout waiting for phy to stabilize
[    1.874120] tegra-ehci c5000000.usb: EHCI Host Controller
[    1.874145] tegra-ehci c5000000.usb: new USB bus registered, assigned bus number 2
[    1.874430] tegra-ehci c5000000.usb: irq 288, io mem 0xc5000000
[    1.902643] mmcblk1: mmc1:b368 NCard 1.83 GiB (ro)
[    1.910147]  mmcblk1: p1 p2
[    2.026977] tegra-ehci c5000000.usb: USB 2.0 started, EHCI 1.00
[    2.035516] hub 2-0:1.0: USB hub found
[    2.039350] hub 2-0:1.0: 1 port detected
[    2.044591] input: gpio-keys as /devices/soc0/gpio-keys/input/input0
[    2.052346] hub 1-1:1.0: USB hub found
[    2.052506] rtc-em3027 2-0056: hctosys: unable to read the hardware clock
[    2.052672] cfg80211: Loading compiled-in X.509 certificates for regulatory database
[    2.065678] cfg80211: Loaded X.509 cert 'sforshee: 00b28ddf47aef9cea7'
[    2.065792] ALSA device list:
[    2.065796]   #0: tegra-trimslice
[    2.077603] platform regulatory.0: Direct firmware load for regulatory.db failed with error -2
[    2.077608] cfg80211: failed to load regulatory.db
[    2.097336] hub 1-1:1.0: 4 ports detected
[    2.103175] Waiting for root device PARTUUID=11eb23c1-01...
[    2.416988] usb 1-1.2: new high-speed USB device number 3 using tegra-ehci
[    2.874907] mmc0: host does not support reading read-only switch, assuming write-enable
[    2.884907] mmc0: new high speed SDHC card at address b368
[    2.891376] mmcblk0: mmc0:b368 NCard 3.70 GiB 
[    2.898442]  mmcblk0: p1
[    3.052479] asix 1-1.2:1.0 eth1: register 'asix' at usb-c5008000.usb-1.2, ASIX AX88772 USB 2.0 Ethernet, 00:60:6e:60:6c:68
[    3.067717] EXT4-fs (mmcblk0p1): mounting ext3 file system using the ext4 subsystem
[    3.311982] EXT4-fs (mmcblk0p1): recovery complete
[    3.387346] EXT4-fs (mmcblk0p1): mounted filesystem with ordered data mode. Opts: (null)
[    3.395605] VFS: Mounted root (ext3 filesystem) on device 179:17.
[    3.411204] devtmpfs: mounted
[    3.416374] Freeing unused kernel memory: 1024K
bash: cannot set terminal process group (-1): Inappropriate ioctl for device
bash: no job control in this shell
root@(none):/#  
root@(none):/# mount -t sysfs none /sys
root@(none):/# 
root@(none):/# mount -t debugfs none /sys/kernel/debug
root@(none):/# 
root@(none):/# rtcwake -d rtc1 -m mem -s 3
rtcwake: assuming RTC uses UTC ...
rtcwake: wakeup from "mem" using /dev/rtc1 at Thu Jan  1 00:00:33 1970
[   16.193521] PM: suspend entry (deep)
[   16.197222] PM: Syncing filesystems ... done.
[   16.203767] Freezing user space processes ... (elapsed 0.001 seconds) done.
[   16.211826] OOM killer disabled.
[   16.215042] Freezing remaining freezable tasks ... (elapsed 0.001 seconds) done.
[   16.224076] Suspending console(s) (use no_console_suspend to debug)
[   16.259704] pci_generic_config_write32: 20 callbacks suppressed
[   16.259747] pci_bus 0000:00: 2-byte config write to 0000:00:01.0 offset 0x9c may corrupt adjacent RW1C bits
[   16.280480] Disabling non-boot CPUs ...
[   16.333195] Entering suspend state LP1
[   16.333299] Enabling non-boot CPUs ...
[   16.340977] CPU1 is up
[   16.341952] pci_bus 0000:00: 2-byte config write to 0000:00:01.0 offset 0x4c may corrupt adjacent RW1C bits
[   16.342002] pci_bus 0000:00: 2-byte config write to 0000:00:01.0 offset 0x88 may corrupt adjacent RW1C bits
[   16.342034] pci_bus 0000:00: 2-byte config write to 0000:00:01.0 offset 0x90 may corrupt adjacent RW1C bits
[   16.342063] pci_bus 0000:00: 2-byte config write to 0000:00:01.0 offset 0x98 may corrupt adjacent RW1C bits
[   16.342091] pci_bus 0000:00: 2-byte config write to 0000:00:01.0 offset 0x9c may corrupt adjacent RW1C bits
[   16.342178] pci_bus 0000:00: 2-byte config write to 0000:00:01.0 offset 0x52 may corrupt adjacent RW1C bits
[   16.342209] pci_bus 0000:00: 2-byte config write to 0000:00:01.0 offset 0x52 may corrupt adjacent RW1C bits
[   16.342241] pci_bus 0000:00: 2-byte config write to 0000:00:01.0 offset 0x5c may corrupt adjacent RW1C bits
[   16.342271] pci_bus 0000:00: 2-byte config write to 0000:00:01.0 offset 0x52 may corrupt adjacent RW1C bits
[   16.342342] pcieport 0000:00:01.0: nv_msi_ht_cap_quirk didn't locate host bridge
[   17.014652] OOM killer enabled.
[   17.017812] Restarting tasks ... done.
[   17.021968] PM: suspend exit
root@(none):/# 
root@(none):/# rtcwake -d rtc1 -m mem -s 3
rtcwake: assuming RTC uses UTC ...
rtcwake: wakeup from "mem" using /dev/rtc1 at Thu Jan  1 00:00:38 1970
[   17.869636] PM: suspend entry (deep)
[   17.873224] PM: Syncing filesystems ... done.
[   17.878369] Freezing user space processes ... (elapsed 0.001 seconds) done.
[   17.887096] OOM killer disabled.
[   17.890313] Freezing remaining freezable tasks ... (elapsed 0.001 seconds) done.
[   17.899353] Suspending console(s) (use no_console_suspend to debug)
[   17.959313] Disabling non-boot CPUs ...
[   18.010729] Entering suspend state LP1
[   18.010830] Enabling non-boot CPUs ...
[   18.018349] CPU1 is up
[   18.020233] pcieport 0000:00:01.0: nv_msi_ht_cap_quirk didn't locate host bridge
[   18.600684] OOM killer enabled.
[   18.603814] Restarting tasks ... done.
[   18.607837] PM: suspend exit
root@(none):/# 
root@(none):/# rtcwake -d rtc1 -m mem -s 3
rtcwake: assuming RTC uses UTC ...
rtcwake: wakeup from "mem" using /dev/rtc1 at Thu Jan  1 00:00:43 1970
[   19.550143] PM: suspend entry (deep)
[   19.553731] PM: Syncing filesystems ... done.
[   19.558850] Freezing user space processes ... (elapsed 0.001 seconds) done.
[   19.567587] OOM killer disabled.
[   19.570804] Freezing remaining freezable tasks ... (elapsed 0.001 seconds) done.
[   19.579844] Suspending console(s) (use no_console_suspend to debug)
[   19.641049] Disabling non-boot CPUs ...
[   19.691242] Entering suspend state LP1
[   19.691348] Enabling non-boot CPUs ...
[   19.698871] CPU1 is up
[   19.700989] pcieport 0000:00:01.0: nv_msi_ht_cap_quirk didn't locate host bridge
[   20.271799] OOM killer enabled.
[   20.274929] Restarting tasks ... done.
[   20.278979] PM: suspend exit
root@(none):/# 
root@(none):/# rtcwake -d rtc1 -m mem -s 3
rtcwake: assuming RTC uses UTC ...
rtcwake: wakeup from "mem" using /dev/rtc1 at Thu Jan  1 00:00:48 1970
[   21.229844] PM: suspend entry (deep)
[   21.233433] PM: Syncing filesystems ... done.
[   21.238504] Freezing user space processes ... (elapsed 0.001 seconds) done.
[   21.247240] OOM killer disabled.
[   21.250457] Freezing remaining freezable tasks ... (elapsed 0.001 seconds) done.
[   21.259471] Suspending console(s) (use no_console_suspend to debug)
[   21.299555] pci_generic_config_write32: 26 callbacks suppressed
[   21.299597] pci_bus 0000:00: 2-byte config write to 0000:00:01.0 offset 0x9c may corrupt adjacent RW1C bits
[   21.320901] Disabling non-boot CPUs ...
[   21.370615] Entering suspend state LP1
[   21.370718] Enabling non-boot CPUs ...
[   21.378258] CPU1 is up
[   21.380014] pci_bus 0000:00: 2-byte config write to 0000:00:01.0 offset 0x4c may corrupt adjacent RW1C bits
[   21.380096] pci_bus 0000:00: 2-byte config write to 0000:00:01.0 offset 0x88 may corrupt adjacent RW1C bits
[   21.380129] pci_bus 0000:00: 2-byte config write to 0000:00:01.0 offset 0x90 may corrupt adjacent RW1C bits
[   21.380158] pci_bus 0000:00: 2-byte config write to 0000:00:01.0 offset 0x98 may corrupt adjacent RW1C bits
[   21.380187] pci_bus 0000:00: 2-byte config write to 0000:00:01.0 offset 0x9c may corrupt adjacent RW1C bits
[   21.380272] pci_bus 0000:00: 2-byte config write to 0000:00:01.0 offset 0x52 may corrupt adjacent RW1C bits
[   21.380304] pci_bus 0000:00: 2-byte config write to 0000:00:01.0 offset 0x52 may corrupt adjacent RW1C bits
[   21.380336] pci_bus 0000:00: 2-byte config write to 0000:00:01.0 offset 0x5c may corrupt adjacent RW1C bits
[   21.380366] pci_bus 0000:00: 2-byte config write to 0000:00:01.0 offset 0x52 may corrupt adjacent RW1C bits
[   21.380438] pcieport 0000:00:01.0: nv_msi_ht_cap_quirk didn't locate host bridge
[   22.054417] OOM killer enabled.
[   22.057576] Restarting tasks ... done.
[   22.061618] PM: suspend exit
root@(none):/# 
root@(none):/# rtcwake -d rtc1 -m mem -s 3
rtcwake: assuming RTC uses UTC ...
rtcwake: wakeup from "mem" using /dev/rtc1 at Thu Jan  1 00:00:53 1970
[   22.909402] PM: suspend entry (deep)
[   22.912990] PM: Syncing filesystems ... done.
[   22.918094] Freezing user space processes ... (elapsed 0.001 seconds) done.
[   22.926839] OOM killer disabled.
[   22.930057] Freezing remaining freezable tasks ... (elapsed 0.001 seconds) done.
[   22.939080] Suspending console(s) (use no_console_suspend to debug)
[   22.975096] Disabling non-boot CPUs ...
[   23.010816] Entering suspend state LP1
[   23.010921] Enabling non-boot CPUs ...
[   23.018498] CPU1 is up
[   23.020292] pcieport 0000:00:01.0: nv_msi_ht_cap_quirk didn't locate host bridge
[   23.590977] OOM killer enabled.
[   23.594106] Restarting tasks ... done.
[   23.598557] PM: suspend exit
root@(none):/# 
root@(none):/# rtcwake -d rtc1 -m mem -s 3
rtcwake: assuming RTC uses UTC ...
rtcwake: wakeup from "mem" using /dev/rtc1 at Thu Jan  1 00:00:58 1970
[   24.550564] PM: suspend entry (deep)
[   24.554144] PM: Syncing filesystems ... done.
[   24.559049] Freezing user space processes ... (elapsed 0.001 seconds) done.
[   24.567728] OOM killer disabled.
[   24.570945] Freezing remaining freezable tasks ... (elapsed 0.001 seconds) done.
[   24.579474] Suspending console(s) (use no_console_suspend to debug)
[   24.640170] Disabling non-boot CPUs ...
[   24.690282] Entering suspend state LP1
[   24.690386] Enabling non-boot CPUs ...
[   24.698088] CPU1 is up
[   24.700179] pcieport 0000:00:01.0: nv_msi_ht_cap_quirk didn't locate host bridge
[   25.271006] OOM killer enabled.
[   25.274142] Restarting tasks ... done.
[   25.278198] PM: suspend exit
root@(none):/# 
root@(none):/# rtcwake -d rtc1 -m mem -s 3
rtcwake: assuming RTC uses UTC ...
rtcwake: wakeup from "mem" using /dev/rtc1 at Thu Jan  1 00:01:03 1970
[   26.229599] PM: suspend entry (deep)
[   26.233187] PM: Syncing filesystems ... done.
[   26.238257] Freezing user space processes ... (elapsed 0.001 seconds) done.
[   26.246992] OOM killer disabled.
[   26.250209] Freezing remaining freezable tasks ... (elapsed 0.001 seconds) done.
[   26.258741] Suspending console(s) (use no_console_suspend to debug)
[   26.318038] Disabling non-boot CPUs ...
[   26.370299] Entering suspend state LP1
[   26.370402] Enabling non-boot CPUs ...
[   26.377951] CPU1 is up
[   26.379218] pci_generic_config_write32: 27 callbacks suppressed
[   26.379264] pci_bus 0000:00: 2-byte config write to 0000:00:01.0 offset 0x4c may corrupt adjacent RW1C bits
[   26.379352] pci_bus 0000:00: 2-byte config write to 0000:00:01.0 offset 0x88 may corrupt adjacent RW1C bits
[   26.379385] pci_bus 0000:00: 2-byte config write to 0000:00:01.0 offset 0x90 may corrupt adjacent RW1C bits
[   26.379435] pci_bus 0000:00: 2-byte config write to 0000:00:01.0 offset 0x98 may corrupt adjacent RW1C bits
[   26.379464] pci_bus 0000:00: 2-byte config write to 0000:00:01.0 offset 0x9c may corrupt adjacent RW1C bits
[   26.379566] pci_bus 0000:00: 2-byte config write to 0000:00:01.0 offset 0x52 may corrupt adjacent RW1C bits
[   26.379600] pci_bus 0000:00: 2-byte config write to 0000:00:01.0 offset 0x52 may corrupt adjacent RW1C bits
[   26.379632] pci_bus 0000:00: 2-byte config write to 0000:00:01.0 offset 0x5c may corrupt adjacent RW1C bits
[   26.379663] pci_bus 0000:00: 2-byte config write to 0000:00:01.0 offset 0x52 may corrupt adjacent RW1C bits
[   26.379726] pci_bus 0000:00: 2-byte config write to 0000:00:01.0 offset 0x4c may corrupt adjacent RW1C bits
[   26.379790] pcieport 0000:00:01.0: nv_msi_ht_cap_quirk didn't locate host bridge
[   27.054682] OOM killer enabled.
[   27.057842] Restarting tasks ... done.
[   27.061852] PM: suspend exit
root@(none):/# 
root@(none):/# rtcwake -d rtc1 -m mem -s 3
rtcwake: assuming RTC uses UTC ...
rtcwake: wakeup from "mem" using /dev/rtc1 at Thu Jan  1 00:01:08 1970
[   27.909425] PM: suspend entry (deep)
[   27.913014] PM: Syncing filesystems ... done.
[   27.918085] Freezing user space processes ... (elapsed 0.001 seconds) done.
[   27.926825] OOM killer disabled.
[   27.930042] Freezing remaining freezable tasks ... (elapsed 0.001 seconds) done.
[   27.938572] Suspending console(s) (use no_console_suspend to debug)
[   28.000462] Disabling non-boot CPUs ...
[   28.060508] Entering suspend state LP1
[   28.060611] Enabling non-boot CPUs ...
[   28.068275] CPU1 is up
[   28.069834] pcieport 0000:00:01.0: nv_msi_ht_cap_quirk didn't locate host bridge
[   28.640646] OOM killer enabled.
[   28.643775] Restarting tasks ... done.
[   28.648331] PM: suspend exit
root@(none):/# 
root@(none):/# rtcwake -d rtc1 -m mem -s 3
rtcwake: assuming RTC uses UTC ...
rtcwake: wakeup from "mem" using /dev/rtc1 at Thu Jan  1 00:01:13 1970
[   29.600664] PM: suspend entry (deep)
[   29.604265] PM: Syncing filesystems ... done.
[   29.609697] Freezing user space processes ... (elapsed 0.001 seconds) done.
[   29.617923] OOM killer disabled.
[   29.621139] Freezing remaining freezable tasks ... (elapsed 0.001 seconds) done.
[   29.629666] Suspending console(s) (use no_console_suspend to debug)
[   29.690039] Disabling non-boot CPUs ...
[   29.750372] Entering suspend state LP1
[   29.750474] Enabling non-boot CPUs ...
[   29.758162] CPU1 is up
[   29.759875] pcieport 0000:00:01.0: nv_msi_ht_cap_quirk didn't locate host bridge
[   30.331508] OOM killer enabled.
[   30.334638] Restarting tasks ... done.
[   30.338711] PM: suspend exit
root@(none):/# 
root@(none):/# rtcwake -d rtc1 -m mem -s 3
rtcwake: assuming RTC uses UTC ...
rtcwake: wakeup from "mem" using /dev/rtc1 at Thu Jan  1 00:01:18 1970
[   31.290396] PM: suspend entry (deep)
[   31.293976] PM: Syncing filesystems ... done.
[   31.298855] Freezing user space processes ... (elapsed 0.001 seconds) done.
[   31.307603] OOM killer disabled.
[   31.310821] Freezing remaining freezable tasks ... (elapsed 0.001 seconds) done.
[   31.319369] Suspending console(s) (use no_console_suspend to debug)
[   31.378158] Disabling non-boot CPUs ...
[   31.430258] Entering suspend state LP1
[   31.430361] Enabling non-boot CPUs ...
[   31.438052] CPU1 is up
[   31.440018] pci_generic_config_write32: 26 callbacks suppressed
[   31.440062] pci_bus 0000:00: 2-byte config write to 0000:00:01.0 offset 0x4c may corrupt adjacent RW1C bits
[   31.440109] pci_bus 0000:00: 2-byte config write to 0000:00:01.0 offset 0x88 may corrupt adjacent RW1C bits
[   31.440141] pci_bus 0000:00: 2-byte config write to 0000:00:01.0 offset 0x90 may corrupt adjacent RW1C bits
[   31.440171] pci_bus 0000:00: 2-byte config write to 0000:00:01.0 offset 0x98 may corrupt adjacent RW1C bits
[   31.440199] pci_bus 0000:00: 2-byte config write to 0000:00:01.0 offset 0x9c may corrupt adjacent RW1C bits
[   31.440282] pci_bus 0000:00: 2-byte config write to 0000:00:01.0 offset 0x52 may corrupt adjacent RW1C bits
[   31.440312] pci_bus 0000:00: 2-byte config write to 0000:00:01.0 offset 0x52 may corrupt adjacent RW1C bits
[   31.440343] pci_bus 0000:00: 2-byte config write to 0000:00:01.0 offset 0x5c may corrupt adjacent RW1C bits
[   31.440373] pci_bus 0000:00: 2-byte config write to 0000:00:01.0 offset 0x52 may corrupt adjacent RW1C bits
[   31.440404] pci_bus 0000:00: 2-byte config write to 0000:00:01.0 offset 0x4c may corrupt adjacent RW1C bits
[   31.440466] pcieport 0000:00:01.0: nv_msi_ht_cap_quirk didn't locate host bridge
[   32.114128] OOM killer enabled.
[   32.117289] Restarting tasks ... done.
[   32.121770] PM: suspend exit
root@(none):/# 
root@(none):/# NVTB SYSTEM SUSPEND TEST COMPLETE
