[    0.000000] psci: probing for conduit method from DT.
[    0.000000] psci: PSCIv1.0 detected in firmware.
[    0.000000] psci: Using standard PSCI v0.2 function IDs
[    0.000000] psci: MIGRATE_INFO_UP_CPU reported invalid physical ID (0x80000000)
[    0.000000] percpu: Embedded 21 pages/cpu @ffff8000bff40000 s47488 r8192 d30336 u86016
[    0.000000] Detected PIPT I-cache on CPU0
[    0.000000] CPU features: enabling workaround for ARM erratum 832075
[    0.000000] CPU features: enabling workaround for ARM erratum 834220
[    0.000000] Built 1 zonelists in Zone order, mobility grouping on.  Total pages: 735336
[    0.000000] Kernel command line: cros_secure vpr=0x08000000@0xf6800000 earlycon
[    0.000000] log_buf_len individual max cpu contribution: 4096 bytes
[    0.000000] log_buf_len total cpu_extra contributions: 12288 bytes
[    0.000000] log_buf_len min size: 16384 bytes
[    0.000000] log_buf_len: 32768 bytes
[    0.000000] early log buf free: 14420(88%)
[    0.000000] PID hash table entries: 4096 (order: 3, 32768 bytes)
[    0.000000] Dentry cache hash table entries: 524288 (order: 10, 4194304 bytes)
[    0.000000] Inode-cache hash table entries: 262144 (order: 9, 2097152 bytes)
[    0.000000] software IO TLB [mem 0xf1400000-0xf5400000] (64MB) mapped at [ffff800071400000-ffff8000753fffff]
[    0.000000] Memory: 2833356K/2988032K available (7932K kernel code, 795K rwdata, 3704K rodata, 960K init, 273K bss, 138292K reserved, 16384K cma-reserved)
[    0.000000] Virtual kernel memory layout:
[    0.000000]     modules : 0xffff000000000000 - 0xffff000008000000   (   128 MB)
[    0.000000]     vmalloc : 0xffff000008000000 - 0xffff7dffbfff0000   (129022 GB)
[    0.000000]       .text : 0xffff000008080000 - 0xffff000008840000   (  7936 KB)
[    0.000000]     .rodata : 0xffff000008840000 - 0xffff000008bf0000   (  3776 KB)
[    0.000000]       .init : 0xffff000008bf0000 - 0xffff000008ce0000   (   960 KB)
[    0.000000]       .data : 0xffff000008ce0000 - 0xffff000008da6c00   (   795 KB)
[    0.000000]        .bss : 0xffff000008da6c00 - 0xffff000008deb0b8   (   274 KB)
[    0.000000]     fixed   : 0xffff7dfffe7fd000 - 0xffff7dfffec00000   (  4108 KB)
[    0.000000]     PCI I/O : 0xffff7dfffee00000 - 0xffff7dffffe00000   (    16 MB)
[    0.000000]     vmemmap : 0xffff7e0000000000 - 0xffff800000000000   (  2048 GB maximum)
[    0.000000]               0xffff7e0000000000 - 0xffff7e0003000000   (    48 MB actual)
[    0.000000]     memory  : 0xffff800000000000 - 0xffff8000c0000000   (  3072 MB)
[    0.000000] SLUB: HWalign=64, Order=0-3, MinObjects=0, CPUs=4, Nodes=1
[    0.000000] Preemptible hierarchical RCU implementation.
[    0.000000] 	Build-time adjustment of leaf fanout to 64.
[    0.000000] 	RCU restricting CPUs from NR_CPUS=64 to nr_cpu_ids=4.
[    0.000000] RCU: Adjusting geometry for rcu_fanout_leaf=64, nr_cpu_ids=4
[    0.000000] NR_IRQS:64 nr_irqs:64 0
[    0.000000] GIC: Using split EOI/Deactivate mode
[    0.000000] /interrupt-controller@60004000: 192 interrupts forwarded to /interrupt-controller@50041000
[    0.000000] boot misc0 0x0: expected 0x80000
[    0.000000]  (comparison mask = 0x400ffffb)
[    0.000000] boot misc2 0x1f720005: expected 0x1f720f05
[    0.000000]  (comparison mask = 0xffffff17)
[    0.000000] PLL_C already enabled. Postponing set full defaults
[    0.000000] PLL_MB already enabled. Postponing set full defaults
[    0.000000] PLL_U already enabled. Postponing set full defaults
[    0.000000] PLL_D already enabled. Postponing set full defaults
[    0.000000] PLL_DP already enabled. Postponing set full defaults
[    0.000000] boot misc0 0x0: expected 0x20
[    0.000000]  (comparison mask = 0x7ffffff)
[    0.000000] boot misc1 0x90000000: expected 0xc0000000
[    0.000000]  (comparison mask = 0xf8000000)
[    0.000000] boot misc2 0x0: expected 0xf400f0da
[    0.000000]  (comparison mask = 0xffffffff)
[    0.000000] boot misc3 0x38a0: expected 0x2004f400
[    0.000000]  (comparison mask = 0xffffffff)
[    0.000000] PLL_P already enabled. Postponing set full defaults
[    0.000000] PLL_X already enabled. Postponing set full defaults
[    0.000000] boot misc1 0x0: expected 0x20
[    0.000000]  (comparison mask = 0xffffff)
[    0.000000] arm_arch_timer: Architected cp15 timer(s) running at 19.20MHz (phys).
[    0.000000] clocksource: arch_sys_counter: mask: 0xffffffffffffff max_cycles: 0x46d987e47, max_idle_ns: 440795202767 ns
[    0.000002] sched_clock: 56 bits at 19MHz, resolution 52ns, wraps every 4398046511078ns
[    0.008325] Console: colour dummy device 80x25
[    0.012894] console [tty0] enabled
[    0.016387] bootconsole [uart0] disabled
[    0.000000] Booting Linux on physical CPU 0x0
[    0.000000] Linux version 4.8.0-rc5-135205-gc693593 (pwalmsley@tamien) (gcc version 4.9.2 20140904 (prerelease) (crosstool-NG linaro-1.13.1-4.9-2014.09 - Linaro GCC 4.9-2014.09) ) #1 SMP PREEMPT Sun Sep 4 15:10:12 PDT 2016
[    0.000000] Boot CPU: AArch64 Processor [411fd071]
[    0.000000] earlycon: uart0 at MMIO 0x0000000070006000 (options '115200n8')
[    0.000000] bootconsole [uart0] enabled
[    0.000000] efi: Getting EFI parameters from FDT:
[    0.000000] efi: UEFI not found.
[    0.000000] cma: Reserved 16 MiB at 0x00000000f5400000
[    0.000000] psci: probing for conduit method from DT.
[    0.000000] psci: PSCIv1.0 detected in firmware.
[    0.000000] psci: Using standard PSCI v0.2 function IDs
[    0.000000] psci: MIGRATE_INFO_UP_CPU reported invalid physical ID (0x80000000)
[    0.000000] percpu: Embedded 21 pages/cpu @ffff8000bff40000 s47488 r8192 d30336 u86016
[    0.000000] Detected PIPT I-cache on CPU0
[    0.000000] CPU features: enabling workaround for ARM erratum 832075
[    0.000000] CPU features: enabling workaround for ARM erratum 834220
[    0.000000] Built 1 zonelists in Zone order, mobility grouping on.  Total pages: 735336
[    0.000000] Kernel command line: cros_secure vpr=0x08000000@0xf6800000 earlycon
[    0.000000] log_buf_len individual max cpu contribution: 4096 bytes
[    0.000000] log_buf_len total cpu_extra contributions: 12288 bytes
[    0.000000] log_buf_len min size: 16384 bytes
[    0.000000] log_buf_len: 32768 bytes
[    0.000000] early log buf free: 14420(88%)
[    0.000000] PID hash table entries: 4096 (order: 3, 32768 bytes)
[    0.000000] Dentry cache hash table entries: 524288 (order: 10, 4194304 bytes)
[    0.000000] Inode-cache hash table entries: 262144 (order: 9, 2097152 bytes)
[    0.000000] software IO TLB [mem 0xf1400000-0xf5400000] (64MB) mapped at [ffff800071400000-ffff8000753fffff]
[    0.000000] Memory: 2833356K/2988032K available (7932K kernel code, 795K rwdata, 3704K rodata, 960K init, 273K bss, 138292K reserved, 16384K cma-reserved)
[    0.000000] Virtual kernel memory layout:
[    0.000000]     modules : 0xffff000000000000 - 0xffff000008000000   (   128 MB)
[    0.000000]     vmalloc : 0xffff000008000000 - 0xffff7dffbfff0000   (129022 GB)
[    0.000000]       .text : 0xffff000008080000 - 0xffff000008840000   (  7936 KB)
[    0.000000]     .rodata : 0xffff000008840000 - 0xffff000008bf0000   (  3776 KB)
[    0.000000]       .init : 0xffff000008bf0000 - 0xffff000008ce0000   (   960 KB)
[    0.000000]       .data : 0xffff000008ce0000 - 0xffff000008da6c00   (   795 KB)
[    0.000000]        .bss : 0xffff000008da6c00 - 0xffff000008deb0b8   (   274 KB)
[    0.000000]     fixed   : 0xffff7dfffe7fd000 - 0xffff7dfffec00000   (  4108 KB)
[    0.000000]     PCI I/O : 0xffff7dfffee00000 - 0xffff7dffffe00000   (    16 MB)
[    0.000000]     vmemmap : 0xffff7e0000000000 - 0xffff800000000000   (  2048 GB maximum)
[    0.000000]               0xffff7e0000000000 - 0xffff7e0003000000   (    48 MB actual)
[    0.000000]     memory  : 0xffff800000000000 - 0xffff8000c0000000   (  3072 MB)
[    0.000000] SLUB: HWalign=64, Order=0-3, MinObjects=0, CPUs=4, Nodes=1
[    0.000000] Preemptible hierarchical RCU implementation.
[    0.000000] 	Build-time adjustment of leaf fanout to 64.
[    0.000000] 	RCU restricting CPUs from NR_CPUS=64 to nr_cpu_ids=4.
[    0.000000] RCU: Adjusting geometry for rcu_fanout_leaf=64, nr_cpu_ids=4
[    0.000000] NR_IRQS:64 nr_irqs:64 0
[    0.000000] GIC: Using split EOI/Deactivate mode
[    0.000000] /interrupt-controller@60004000: 192 interrupts forwarded to /interrupt-controller@50041000
[    0.000000] boot misc0 0x0: expected 0x80000
[    0.000000]  (comparison mask = 0x400ffffb)
[    0.000000] boot misc2 0x1f720005: expected 0x1f720f05
[    0.000000]  (comparison mask = 0xffffff17)
[    0.000000] PLL_C already enabled. Postponing set full defaults
[    0.000000] PLL_MB already enabled. Postponing set full defaults
[    0.000000] PLL_U already enabled. Postponing set full defaults
[    0.000000] PLL_D already enabled. Postponing set full defaults
[    0.000000] PLL_DP already enabled. Postponing set full defaults
[    0.000000] boot misc0 0x0: expected 0x20
[    0.000000]  (comparison mask = 0x7ffffff)
[    0.000000] boot misc1 0x90000000: expected 0xc0000000
[    0.000000]  (comparison mask = 0xf8000000)
[    0.000000] boot misc2 0x0: expected 0xf400f0da
[    0.000000]  (comparison mask = 0xffffffff)
[    0.000000] boot misc3 0x38a0: expected 0x2004f400
[    0.000000]  (comparison mask = 0xffffffff)
[    0.000000] PLL_P already enabled. Postponing set full defaults
[    0.000000] PLL_X already enabled. Postponing set full defaults
[    0.000000] boot misc1 0x0: expected 0x20
[    0.000000]  (comparison mask = 0xffffff)
[    0.000000] arm_arch_timer: Architected cp15 timer(s) running at 19.20MHz (phys).
[    0.000000] clocksource: arch_sys_counter: mask: 0xffffffffffffff max_cycles: 0x46d987e47, max_idle_ns: 440795202767 ns
[    0.000002] sched_clock: 56 bits at 19MHz, resolution 52ns, wraps every 4398046511078ns
[    0.008325] Console: colour dummy device 80x25
[    0.012894] console [tty0] enabled
[    0.016387] bootconsole [uart0] disabled
[    0.020430] Calibrating delay loop (skipped), value calculated using timer frequency.. 38.40 BogoMIPS (lpj=76800)
[    0.020443] pid_max: default: 32768 minimum: 301
[    0.020490] Security Framework initialized
[    0.020519] Mount-cache hash table entries: 8192 (order: 4, 65536 bytes)
[    0.020529] Mountpoint-cache hash table entries: 8192 (order: 4, 65536 bytes)
[    0.021128] ASID allocator initialised with 65536 entries
[    0.045086] Speedo Revision 4
[    0.045104] Tegra Revision: A02 SKU: 19 CPU Process: 0 SoC Process: 0
[    0.092583] EFI services will not be available.
[    0.116640] Detected PIPT I-cache on CPU1
[    0.116667] CPU1: Booted secondary processor [411fd071]
[    0.132652] Detected PIPT I-cache on CPU2
[    0.132671] CPU2: Booted secondary processor [411fd071]
[    0.148671] Detected PIPT I-cache on CPU3
[    0.148690] CPU3: Booted secondary processor [411fd071]
[    0.148729] Brought up 4 CPUs
[    0.148761] SMP: Total of 4 processors activated.
[    0.148770] CPU features: detected feature: 32-bit EL0 Support
[    0.148779] CPU: All CPU(s) started at EL2
[    0.148796] alternatives: patching kernel code
[    0.150823] devtmpfs: initialized
[    0.157029] DMI not present or invalid.
[    0.157169] clocksource: jiffies: mask: 0xffffffff max_cycles: 0xffffffff, max_idle_ns: 7645041785100000 ns
[    0.157424] pinctrl core: initialized pinctrl subsystem
[    0.158249] NET: Registered protocol family 16
[    0.172664] cpuidle: using governor menu
[    0.172759] vdso: 2 pages (1 code @ ffff000008846000, 1 data @ ffff000008ce4000)
[    0.172781] hw-breakpoint: found 6 breakpoint and 4 watchpoint registers.
[    0.173210] DMA: preallocated 256 KiB pool for atomic allocations
[    0.173354] Serial: AMBA PL011 UART driver
[    0.201213] HugeTLB registered 2 MB page size, pre-allocated 0 pages
[    0.201742] ACPI: Interpreter disabled.
[    0.202011] PPLCD_VDD: Failed to request enable GPIO172: -517
[    0.202027] reg-fixed-voltage regulators:regulator@1: Failed to register regulator: -517
[    0.202351] PP1800_LCDIO: Failed to request enable GPIO171: -517
[    0.202365] reg-fixed-voltage regulators:regulator@5: Failed to register regulator: -517
[    0.202411] PP1800_CAM: Failed to request enable GPIO83: -517
[    0.202424] reg-fixed-voltage regulators:regulator@6: Failed to register regulator: -517
[    0.203113] vgaarb: loaded
[    0.203263] SCSI subsystem initialized
[    0.203513] usbcore: registered new interface driver usbfs
[    0.203551] usbcore: registered new interface driver hub
[    0.203599] usbcore: registered new device driver usb
[    0.204266] pps_core: LinuxPPS API ver. 1 registered
[    0.204279] pps_core: Software ver. 5.3.6 - Copyright 2005-2007 Rodolfo Giometti <giometti@linux.it>
[    0.204302] PTP clock support registered
[    0.204393] dmi: Firmware registration failed.
[    0.204892] Advanced Linux Sound Architecture Driver Initialized.
[    0.205311] clocksource: Switched to clocksource arch_sys_counter
[    0.205391] VFS: Disk quotas dquot_6.6.0
[    0.205429] VFS: Dquot-cache hash table entries: 512 (order 0, 4096 bytes)
[    0.205570] pnp: PnP ACPI: disabled
[    0.209714] NET: Registered protocol family 2
[    0.210020] TCP established hash table entries: 32768 (order: 6, 262144 bytes)
[    0.210147] TCP bind hash table entries: 32768 (order: 7, 524288 bytes)
[    0.210348] TCP: Hash tables configured (established 32768 bind 32768)
[    0.210408] UDP hash table entries: 2048 (order: 4, 65536 bytes)
[    0.210439] UDP-Lite hash table entries: 2048 (order: 4, 65536 bytes)
[    0.210550] NET: Registered protocol family 1
[    0.210739] RPC: Registered named UNIX socket transport module.
[    0.210751] RPC: Registered udp transport module.
[    0.210760] RPC: Registered tcp transport module.
[    0.210770] RPC: Registered tcp NFSv4.1 backchannel transport module.
[    0.210889] Unpacking initramfs...
[    0.295885] Freeing initrd memory: 2364K (ffff800009fcf000 - ffff80000a21e000)
[    0.296175] kvm [1]: IDMAP page: 80829000
[    0.296189] kvm [1]: HYP VA range: 800000000000:ffffffffffff
[    0.296678] kvm [1]: 8-bit VMID
[    0.296689] kvm [1]: Hyp mode initialized successfully
[    0.296728] kvm [1]: vgic-v2@50044000
[    0.296815] kvm [1]: vgic interrupt IRQ1
[    0.296882] kvm [1]: virtual timer IRQ4
[    0.298135] futex hash table entries: 1024 (order: 5, 131072 bytes)
[    0.298204] audit: initializing netlink subsys (disabled)
[    0.298253] audit: type=2000 audit(0.287:1): initialized
[    0.298531] workingset: timestamp_bits=46 max_order=20 bucket_order=0
[    0.303992] squashfs: version 4.0 (2009/01/31) Phillip Lougher
[    0.304460] NFS: Registering the id_resolver key type
[    0.304483] Key type id_resolver registered
[    0.304493] Key type id_legacy registered
[    0.304508] nfs4filelayout_init: NFSv4 File Layout Driver Registering...
[    0.304614] 9p: Installing v9fs 9p2000 file system support
[    0.305957] io scheduler noop registered
[    0.306059] io scheduler cfq registered (default)
[    0.306648] libphy: mdio_driver_register: phy-bcm-ns2-pci
[    0.312295] tegra-apbdma 60020000.dma: Tegra20 APB DMA driver register 32 channels
[    0.312687] tegra-pmc 7000e400.pmc: i2c-thermtrip node not found, emergency thermal reset disabled.
[    0.312842] xenfs: not registering filesystem on non-xen platform
[    0.315153] Serial: 8250/16550 driver, 4 ports, IRQ sharing disabled
[    0.316121] 70006000.serial: ttyS0 at MMIO 0x70006000 (irq = 312, base_baud = 25500000) is a Tegra
[    1.267968] console [ttyS0] enabled
[    1.271735] SuperH (H)SCI(F) driver initialized
[    1.276449] msm_serial: driver initialized
[    1.280771] Unable to detect cache hierarchy from DT for CPU 0
[    1.289360] loop: module loaded
[    1.294526] cros-ec-i2c 0-001e: Chrome EC device registered
[    1.300685] max77620 1-003c: PMIC Version OTP:0x35 and ES:0x8
[    1.313753] PP1200_RCAM: Bringing 1050000uV into 1200000-1200000uV
[    1.320936] PP2800L_RCAM: Bringing 3100000uV into 2800000-2800000uV
[    1.327655] PP1100_SOC_RTC: Bringing 1000000uV into 850000-850000uV
[    1.334510] PP2800L_FCAM: Bringing 3100000uV into 2800000-2800000uV
[    1.341254] PP_LDO6: Bringing 2800000uV into 1800000-1800000uV
[    1.349282] random: fast init done
[    1.354325] libphy: Fixed MDIO Bus: probed
[    1.358767] tun: Universal TUN/TAP device driver, 1.6
[    1.363822] tun: (C) 1999-2004 Max Krasnyansky <maxk@qualcomm.com>
[    1.370350] e1000e: Intel(R) PRO/1000 Network Driver - 3.2.6-k
[    1.376185] e1000e: Copyright(c) 1999 - 2015 Intel Corporation.
[    1.382134] igb: Intel(R) Gigabit Ethernet Network Driver - version 5.3.0-k
[    1.389092] igb: Copyright (c) 2007-2014 Intel Corporation.
[    1.394692] igbvf: Intel(R) Gigabit Virtual Function Network Driver - version 2.0.2-k
[    1.402521] igbvf: Copyright (c) 2009 - 2012 Intel Corporation.
[    1.408465] sky2: driver version 1.30
[    1.412394] VFIO - User Level meta-driver version: 0.3
[    1.418745] ehci_hcd: USB 2.0 'Enhanced' Host Controller (EHCI) Driver
[    1.425276] ehci-pci: EHCI PCI platform driver
[    1.429746] ehci-platform: EHCI generic platform driver
[    1.435034] ehci-exynos: EHCI EXYNOS driver
[    1.439266] ehci-msm: Qualcomm On-Chip EHCI Host Controller
[    1.444880] ohci_hcd: USB 1.1 'Open' Host Controller (OHCI) Driver
[    1.451066] ohci-pci: OHCI PCI platform driver
[    1.455532] ohci-platform: OHCI generic platform driver
[    1.460809] ohci-exynos: OHCI EXYNOS driver
[    1.465233] usbcore: registered new interface driver usb-storage
[    1.471812] mousedev: PS/2 mouse device common for all mice
[    1.606217] max77686-rtc max77620-rtc: rtc core: registered max77620-rtc as rtc0
[    1.614148] tegra_rtc 7000e000.rtc: rtc core: registered 7000e000.rtc as rtc1
[    1.621314] tegra_rtc 7000e000.rtc: Tegra internal Real Time Clock
[    1.627568] i2c /dev entries driver
[    1.632078] bq27xxx-battery 2-0055: support ver. 1.2.0 enabled
[    1.654872] sdhci: Secure Digital Host Controller Interface driver
[    1.661084] sdhci: Copyright(c) Pierre Ossman
[    1.665477] Synopsys Designware Multimedia Card Interface Driver
[    1.671746] sdhci-pltfm: SDHCI platform and OF driver helper
[    1.677580] mmc0: Unknown controller version (3). You may experience problems.
[    1.729326] mmc0: SDHCI controller on 700b0600.sdhci [700b0600.sdhci] using ADMA 64-bit
[    1.739892] ledtrig-cpu: registered to indicate activity on CPUs
[    1.749464] usbcore: registered new interface driver usbhid
[    1.755115] usbhid: USB HID core driver
[    1.760501] NET: Registered protocol family 17
[    1.765090] 9pnet: Installing 9P2000 support
[    1.769475] Key type dns_resolver registered
[    1.778278] registered taskstats version 1
[    1.786560] input: gpio-keys as /devices/platform/gpio-keys/input/input0
[    1.825735] max77686-rtc max77620-rtc: setting system clock to 2000-06-16 03:40:06 UTC (961126806)
[    1.825793] mmc0: new high speed MMC card at address 0001
[    1.826046] mmcblk0: mmc0:0001 BGND3R 29.1 GiB 
[    1.826144] mmcblk0boot0: mmc0:0001 BGND3R partition 1 4.00 MiB
[    1.826236] mmcblk0boot1: mmc0:0001 BGND3R partition 2 4.00 MiB
[    1.826323] mmcblk0rpmb: mmc0:0001 BGND3R partition 3 4.00 MiB
[    1.828711]  mmcblk0: p1 p2 p3 p4 p5 p6 p7 p8 p9 p10 p11
[    1.871789] USBC_VBUS: disabling
[    1.875040] PP1200_AVDD: disabling
[    1.878509] PP1200_RCAM: disabling
[    1.881966] PP2800L_RCAM: disabling
[    1.885510] PP2800L_FCAM: disabling
[    1.889042] PP_LDO6: disabling
[    1.892149] AVDDIO_1V05: disabling
[    1.895600] PPLCD_VDD: disabling
[    1.898830] PP1800_LCDIO: disabling
[    1.902318] PP1800_CAM: disabling
[    1.905915] ALSA device list:
[    1.908878]   No soundcards found.
[    1.912783] Freeing unused kernel memory: 960K (ffff800000bf0000 - ffff800000ce0000)

System initialization...

Mounting /proc :[SUCCESS]
Mounting /sys :[SUCCESS]
Mounting /dev :[SUCCESS]
Mounting /dev/pts :[SUCCESS]
Mounting /sys/kernel/debug :[SUCCESS]
Mounting other filesystems :[SUCCESS]
Enabling hot-plug :[SUCCESS]
Populating /dev :[SUCCESS]
Starting syslogd :[SUCCESS]
Starting telnetd :[SUCCESS]

System initialization complete.

Please press Enter to activate this console. 