
U-Boot SPL 2015.04-rc3-00209-ga74ef40 (Mar 16 2015 - 14:43:39)


U-Boot 2015.04-rc3-00209-ga74ef40 (Mar 16 2015 - 14:43:39)

TEGRA20
Model: Compulab TrimSlice board
DRAM:  1 GiB
MMC:   Tegra SD/MMC: 0, Tegra SD/MMC: 1
SF: Detected W25Q80BL with page size 256 Bytes, erase size 4 KiB, total 1 MiB
tegra-pcie: PCI regions:
tegra-pcie:   I/O: 0x82000000-0x82010000
tegra-pcie:   non-prefetchable memory: 0xa0000000-0xa8000000
tegra-pcie:   prefetchable memory: 0xa8000000-0xc0000000
tegra-pcie: dual-mode configuration
tegra-pcie: probing port 0, using 2 lanes
In:    serial
Out:   serial
Err:   serial
Net:   RTL8169#0
Hit any key to stop autoboot:  2  1  0 
Tegra20 (TrimSlice) # 
Tegra20 (TrimSlice) # usb reset
resetting USB...
USB0:   USB EHCI 1.00
scanning bus 0 for devices... 3 USB Device(s) found
USB1:   USB EHCI 1.00
scanning bus 1 for devices... 1 USB Device(s) found
USB2:   lowlevel init failed
       scanning usb for storage devices... 0 Storage Device(s) found
       scanning usb for ethernet devices... 
Warning: asx0 using MAC address from net device
1 Ethernet Device(s) found
Tegra20 (TrimSlice) # setenv bootargs 'ignore_loglevel console=ttyS0,115200n8 rw root=PARTUUID=11eb23c1-01 rootwait gpt debug noinitrd earlyprintk init=/bin/bash'
Tegra20 (TrimSlice) # setenv ipaddr 192.168.100.103; setenv serverip 192.168.100.1; setenv tftpserverip 192.168.100.1
Tegra20 (TrimSlice) # tftpboot 0x00408000 zImage.multi_v7_defconfig
Using RTL8169#0 device
TFTP from server 192.168.100.1; our IP address is 192.168.100.103
Filename 'zImage.multi_v7_defconfig'.
Load address: 0x408000
Loading: *#################################################################
	 #################################################################
	 #################################################################
	 #################################################################
	 #################################################################
	 #################################################################
	 #################################################################
	 ##########################################
	 4.1 MiB/s
done
Bytes transferred = 7287624 (6f3348 hex)
Tegra20 (TrimSlice) # tftpboot 0x02408000 tegra20-trimslice.dtb
Using RTL8169#0 device
TFTP from server 192.168.100.1; our IP address is 192.168.100.103
Filename 'tegra20-trimslice.dtb'.
Load address: 0x2408000
Loading: *##
	 4 MiB/s
done
Bytes transferred = 21172 (52b4 hex)
Tegra20 (TrimSlice) # bootz 0x00408000 - 0x02408000
Kernel image @ 0x408000 [ 0x000000 - 0x6f3348 ]
## Flattened Device Tree blob at 02408000
   Booting using the fdt blob at 0x2408000
   Using Device Tree in place at 02408000, end 024102b3

Starting kernel ...

[    0.000000] Booting Linux on physical CPU 0x0
[    0.000000] Linux version 4.9.0-rc8-128885-g3e5de27 (pwalmsley@sellafield) (gcc version 4.7.3 20130328 (prerelease) (crosstool-NG linaro-1.13.1-4.7-2013.04-20130415 - Linaro GCC 2013.04) ) #1 SMP Tue Dec 6 04:04:04 PST 2016
[    0.000000] CPU: ARMv7 Processor [411fc090] revision 0 (ARMv7), cr=10c5387d
[    0.000000] CPU: PIPT / VIPT nonaliasing data cache, VIPT aliasing instruction cache
[    0.000000] OF: fdt:Machine model: Compulab TrimSlice board
[    0.000000] debug: ignoring loglevel setting.
[    0.000000] efi: Getting EFI parameters from FDT:
[    0.000000] efi: UEFI not found.
[    0.000000] cma: Reserved 64 MiB at 0x3c000000
[    0.000000] Memory policy: Data cache writealloc
[    0.000000] On node 0 totalpages: 262144
[    0.000000] free_area_init_node: node 0, pgdat c1427fc0, node_mem_map ef7f8000
[    0.000000]   DMA zone: 1536 pages used for memmap
[    0.000000]   DMA zone: 0 pages reserved
[    0.000000]   DMA zone: 196608 pages, LIFO batch:31
[    0.000000]   HighMem zone: 65536 pages, LIFO batch:15
[    0.000000] percpu: Embedded 14 pages/cpu @ef7ca000 s26624 r8192 d22528 u57344
[    0.000000] pcpu-alloc: s26624 r8192 d22528 u57344 alloc=14*4096
[    0.000000] pcpu-alloc: [0] 0 [0] 1 
[    0.000000] Built 1 zonelists in Zone order, mobility grouping on.  Total pages: 260608
[    0.000000] Kernel command line: ignore_loglevel console=ttyS0,115200n8 rw root=PARTUUID=11eb23c1-01 rootwait gpt debug noinitrd earlyprintk init=/bin/bash
[    0.000000] PID hash table entries: 4096 (order: 2, 16384 bytes)
[    0.000000] Dentry cache hash table entries: 131072 (order: 7, 524288 bytes)
[    0.000000] Inode-cache hash table entries: 65536 (order: 6, 262144 bytes)
[    0.000000] Memory: 955892K/1048576K available (9216K kernel code, 1190K rwdata, 4068K rodata, 2048K init, 343K bss, 27148K reserved, 65536K cma-reserved, 196608K highmem)
[    0.000000] Virtual kernel memory layout:
[    0.000000]     vector  : 0xffff0000 - 0xffff1000   (   4 kB)
[    0.000000]     fixmap  : 0xffc00000 - 0xfff00000   (3072 kB)
[    0.000000]     vmalloc : 0xf0800000 - 0xff800000   ( 240 MB)
[    0.000000]     lowmem  : 0xc0000000 - 0xf0000000   ( 768 MB)
[    0.000000]     pkmap   : 0xbfe00000 - 0xc0000000   (   2 MB)
[    0.000000]     modules : 0xbf000000 - 0xbfe00000   (  14 MB)
[    0.000000]       .text : 0xc0208000 - 0xc0c00000   (10208 kB)
[    0.000000]       .init : 0xc1100000 - 0xc1300000   (2048 kB)
[    0.000000]       .data : 0xc1300000 - 0xc1429aa0   (1191 kB)
[    0.000000]        .bss : 0xc142b000 - 0xc1480fc8   ( 344 kB)
[    0.000000] SLUB: HWalign=64, Order=0-3, MinObjects=0, CPUs=2, Nodes=1
[    0.000000] Hierarchical RCU implementation.
[    0.000000] 	Build-time adjustment of leaf fanout to 32.
[    0.000000] 	RCU restricting CPUs from NR_CPUS=16 to nr_cpu_ids=2.
[    0.000000] RCU: Adjusting geometry for rcu_fanout_leaf=32, nr_cpu_ids=2
[    0.000000] NR_IRQS:16 nr_irqs:16 16
[    0.000000] /interrupt-controller@60004000: 128 interrupts forwarded to /interrupt-controller@50041000
[    0.000000] L2C: platform modifies aux control register: 0x02080000 -> 0x3e480001
[    0.000000] L2C: DT/platform modifies aux control register: 0x02080000 -> 0x3e480001
[    0.000000] L2C-310 errata 727915 769419 enabled
[    0.000000] L2C-310 enabling early BRESP for Cortex-A9
[    0.000000] L2C-310: enabling full line of zeros but not enabled in Cortex-A9
[    0.000000] L2C-310 ID prefetch enabled, offset 1 lines
[    0.000000] L2C-310 cache controller enabled, 8 ways, 1024 kB
[    0.000000] L2C-310: CACHE_ID 0x410000c4, AUX_CTRL 0x7e480001
[    0.000009] sched_clock: 32 bits at 1000kHz, resolution 1000ns, wraps every 2147483647500ns
[    0.000026] clocksource: timer_us: mask: 0xffffffff max_cycles: 0xffffffff, max_idle_ns: 1911260446275 ns
[    0.000036] Switching to timer-based delay loop, resolution 1000ns
[    0.001662] Console: colour dummy device 80x30
[    0.001685] Calibrating delay loop (skipped), value calculated using timer frequency.. 2.00 BogoMIPS (lpj=5000)
[    0.001696] pid_max: default: 32768 minimum: 301
[    0.001768] Mount-cache hash table entries: 2048 (order: 1, 8192 bytes)
[    0.001777] Mountpoint-cache hash table entries: 2048 (order: 1, 8192 bytes)
[    0.002263] CPU: Testing write buffer coherency: ok
[    0.002443] CPU0: thread -1, cpu 0, socket 0, mpidr 80000000
[    0.002466] Setting up static identity map for 0x300000 - 0x300098
[    0.003992] Tegra Revision: A03 prime SKU: 8 CPU Process: 1 SoC Process: 2
[    0.004367] EFI services will not be available.
[    0.005047] CPU1: thread -1, cpu 1, socket 0, mpidr 80000001
[    0.005113] Brought up 2 CPUs
[    0.005124] SMP: Total of 2 processors activated (4.00 BogoMIPS).
[    0.005129] CPU: All CPU(s) started in SVC mode.
[    0.005776] devtmpfs: initialized
[    0.010149] VFP support v0.3: implementor 41 architecture 3 part 30 variant 9 rev 1
[    0.010388] clocksource: jiffies: mask: 0xffffffff max_cycles: 0xffffffff, max_idle_ns: 9556302231375000 ns
[    0.013310] pinctrl core: initialized pinctrl subsystem
[    0.014458] NET: Registered protocol family 16
[    0.016645] DMA: preallocated 256 KiB pool for atomic coherent allocations
[    0.029908] cpuidle: using governor menu
[    0.047542] No ATAGs?
[    0.047564] hw-breakpoint: found 5 (+1 reserved) breakpoint and 1 watchpoint registers.
[    0.047571] hw-breakpoint: maximum watchpoint size is 4 bytes.
[    0.053005] Serial: AMBA PL011 UART driver
[    0.078317] usb1_vbus: Failed to request enable GPIO170: -517
[    0.078332] reg-fixed-voltage regulators:regulator@2: Failed to register regulator: -517
[    0.081975] vgaarb: loaded
[    0.082569] SCSI subsystem initialized
[    0.082690] libata version 3.00 loaded.
[    0.082892] usbcore: registered new interface driver usbfs
[    0.082938] usbcore: registered new interface driver hub
[    0.082978] usbcore: registered new device driver usb
[    0.085008] pps_core: LinuxPPS API ver. 1 registered
[    0.085015] pps_core: Software ver. 5.3.6 - Copyright 2005-2007 Rodolfo Giometti <giometti@linux.it>
[    0.085031] PTP clock support registered
[    0.085176] EDAC MC: Ver: 3.0.0
[    0.087042] clocksource: Switched to clocksource timer_us
[    0.094773] NET: Registered protocol family 2
[    0.095200] TCP established hash table entries: 8192 (order: 3, 32768 bytes)
[    0.095270] TCP bind hash table entries: 8192 (order: 4, 65536 bytes)
[    0.095384] TCP: Hash tables configured (established 8192 bind 8192)
[    0.095445] UDP hash table entries: 512 (order: 2, 16384 bytes)
[    0.095491] UDP-Lite hash table entries: 512 (order: 2, 16384 bytes)
[    0.095639] NET: Registered protocol family 1
[    0.095911] RPC: Registered named UNIX socket transport module.
[    0.095918] RPC: Registered udp transport module.
[    0.095923] RPC: Registered tcp transport module.
[    0.095928] RPC: Registered tcp NFSv4.1 backchannel transport module.
[    0.095937] PCI: CLS 0 bytes, default 64
[    0.096738] hw perfevents: enabled with armv7_cortex_a9 PMU driver, 7 counters available
[    0.097712] futex hash table entries: 512 (order: 3, 32768 bytes)
[    0.098262] workingset: timestamp_bits=30 max_order=18 bucket_order=0
[    0.105805] squashfs: version 4.0 (2009/01/31) Phillip Lougher
[    0.106390] NFS: Registering the id_resolver key type
[    0.106410] Key type id_resolver registered
[    0.106416] Key type id_legacy registered
[    0.106447] ntfs: driver 2.1.32 [Flags: R/O].
[    0.107371] bounce: pool size: 64 pages
[    0.107519] Block layer SCSI generic (bsg) driver version 0.4 loaded (major 248)
[    0.107527] io scheduler noop registered
[    0.107533] io scheduler deadline registered
[    0.107670] io scheduler cfq registered (default)
[    0.110627] libphy: mdio_driver_register: phy-bcm-ns2-pci
[    0.119144] tegra-pcie 80003000.pcie-controller: dual-mode configuration
[    0.119844] tegra-pcie 80003000.pcie-controller: probing port 0, using 2 lanes
[    0.202481] tegra-pcie 80003000.pcie-controller: PCI host bridge to bus 0000:00
[    0.202493] pci_bus 0000:00: root bus resource [io  0x0000-0xffff]
[    0.202502] pci_bus 0000:00: root bus resource [mem 0xa0000000-0xa7ffffff]
[    0.202510] pci_bus 0000:00: root bus resource [mem 0xa8000000-0xbfffffff pref]
[    0.202518] pci_bus 0000:00: root bus resource [bus 00-ff]
[    0.202545] pci 0000:00:01.0: [10de:0bf0] type 01 class 0x060000
[    0.202606] pci 0000:00:01.0: PME# supported from D0 D1 D2 D3hot D3cold
[    0.202812] PCI: bus0: Fast back to back transfers disabled
[    0.202823] pci 0000:00:01.0: bridge configuration invalid ([bus 00-00]), reconfiguring
[    0.202951] pci 0000:01:00.0: [10ec:8168] type 00 class 0x020000
[    0.202973] pci 0000:01:00.0: reg 0x10: [io  0x0000-0x00ff]
[    0.202995] pci 0000:01:00.0: reg 0x18: [mem 0x00000000-0x00000fff 64bit pref]
[    0.203011] pci 0000:01:00.0: reg 0x20: [mem 0x00000000-0x00003fff 64bit pref]
[    0.203023] pci 0000:01:00.0: reg 0x30: [mem 0x00000000-0x0001ffff pref]
[    0.203102] pci 0000:01:00.0: supports D1 D2
[    0.203110] pci 0000:01:00.0: PME# supported from D0 D1 D2 D3hot D3cold
[    0.217090] PCI: bus1: Fast back to back transfers disabled
[    0.217102] pci_bus 0000:01: busn_res: [bus 01-ff] end is updated to 01
[    0.217115] Disabling cpuidle LP2 state, since PCIe IRQs are in use
[    0.217170] pci 0000:00:01.0: BAR 8: assigned [mem 0xa0000000-0xa00fffff]
[    0.217181] pci 0000:00:01.0: BAR 9: assigned [mem 0xa8000000-0xa80fffff 64bit pref]
[    0.217190] pci 0000:00:01.0: BAR 7: assigned [io  0x1000-0x1fff]
[    0.217202] pci 0000:01:00.0: BAR 6: assigned [mem 0xa0000000-0xa001ffff pref]
[    0.217212] pci 0000:01:00.0: BAR 4: assigned [mem 0xa8000000-0xa8003fff 64bit pref]
[    0.217229] pci 0000:01:00.0: BAR 2: assigned [mem 0xa8004000-0xa8004fff 64bit pref]
[    0.217245] pci 0000:01:00.0: BAR 0: assigned [io  0x1000-0x10ff]
[    0.217255] pci 0000:00:01.0: PCI bridge to [bus 01]
[    0.217264] pci 0000:00:01.0:   bridge window [io  0x1000-0x1fff]
[    0.217272] pci 0000:00:01.0:   bridge window [mem 0xa0000000-0xa00fffff]
[    0.217280] pci 0000:00:01.0:   bridge window [mem 0xa8000000-0xa80fffff 64bit pref]
[    0.217300] pci 0000:00:01.0: nv_msi_ht_cap_quirk didn't locate host bridge
[    0.217351] pcieport 0000:00:01.0: enabling device (0140 -> 0143)
[    0.217540] pcieport 0000:00:01.0: Signaling PME through PCIe PME interrupt
[    0.217549] pci 0000:01:00.0: Signaling PME through PCIe PME interrupt
[    0.217558] pcie_pme 0000:00:01.0:pcie001: service driver pcie_pme loaded
[    0.223468] tegra-apbdma 6000a000.dma: Tegra20 APB DMA driver register 16 channels
[    0.274397] Serial: 8250/16550 driver, 4 ports, IRQ sharing disabled
[    0.276789] console [ttyS0] disabled
[    0.276824] 70006000.serial: ttyS0 at MMIO 0x70006000 (irq = 279, base_baud = 13500000) is a Tegra
[    1.239073] console [ttyS0] enabled
[    1.243189] SuperH (H)SCI(F) driver initialized
[    1.248481] msm_serial: driver initialized
[    1.252722] STMicroelectronics ASC driver initialized
[    1.260432] [drm] Initialized
[    1.265674] 54280000.hdmi supply hdmi not found, using dummy regulator
[    1.274312] [drm] Supports vblank timestamp caching Rev 2 (21.10.2013).
[    1.280928] [drm] No driver support for vblank timestamp query.
[    1.286866] drm drm: No connectors reported connected with modes
[    1.292876] [drm] Cannot find any crtc or sizes - going 1024x768
[    1.314934] Console: switching to colour frame buffer device 128x48
[    1.329625] drm drm: fb0:  frame buffer device
[    1.352051] [drm] Initialized tegra 0.0.0 20120330 on minor 0
[    1.366756] brd: module loaded
[    1.374274] loop: module loaded
[    1.383149] m25p80 spi32766.0: found s25fl008k, expected w25q80bl
[    1.389260] m25p80 spi32766.0: s25fl008k (1024 Kbytes)
[    1.396630] libphy: Fixed MDIO Bus: probed
[    1.401629] CAN device driver interface
[    1.407071] e1000e: Intel(R) PRO/1000 Network Driver - 3.2.6-k
[    1.412900] e1000e: Copyright(c) 1999 - 2015 Intel Corporation.
[    1.418876] igb: Intel(R) Gigabit Ethernet Network Driver - version 5.4.0-k
[    1.425831] igb: Copyright (c) 2007-2014 Intel Corporation.
[    1.431931] r8169 Gigabit Ethernet driver 2.3LK-NAPI loaded
[    1.437529] r8169 0000:01:00.0: enabling device (0140 -> 0143)
[    1.444170] r8169 0000:01:00.0 eth0: RTL8168d/8111d at 0xf0878000, 00:01:c0:13:7d:63, XID 081000c0 IRQ 296
[    1.453826] r8169 0000:01:00.0 eth0: jumbo features [frames: 9200 bytes, tx checksumming: ko]
[    1.464476] pegasus: v0.9.3 (2013/04/25), Pegasus/Pegasus II USB Ethernet driver
[    1.471937] usbcore: registered new interface driver pegasus
[    1.477644] usbcore: registered new interface driver asix
[    1.483084] usbcore: registered new interface driver ax88179_178a
[    1.489208] usbcore: registered new interface driver cdc_ether
[    1.495081] usbcore: registered new interface driver smsc75xx
[    1.500867] usbcore: registered new interface driver smsc95xx
[    1.506641] usbcore: registered new interface driver net1080
[    1.512331] usbcore: registered new interface driver cdc_subset
[    1.518278] usbcore: registered new interface driver zaurus
[    1.523902] usbcore: registered new interface driver cdc_ncm
[    1.529818] tegra-phy c5004000.usb-phy: no vbus regulator
[    1.536313] tegra-phy c5008000.usb-phy: no vbus regulator
[    1.543075] ehci_hcd: USB 2.0 'Enhanced' Host Controller (EHCI) Driver
[    1.549609] ehci-pci: EHCI PCI platform driver
[    1.554088] ehci-platform: EHCI generic platform driver
[    1.559471] ehci-orion: EHCI orion driver
[    1.563590] SPEAr-ehci: EHCI SPEAr driver
[    1.567707] ehci-st: EHCI STMicroelectronics driver
[    1.572690] ehci-exynos: EHCI EXYNOS driver
[    1.576977] ehci-atmel: EHCI Atmel driver
[    1.581092] tegra-ehci: Tegra EHCI driver
[    1.613245] ulpi_phy_power_on: ulpi write failed
[    1.617866] tegra-ehci c5004000.usb: Failed to power on the phy
[    1.623795] tegra-ehci: probe of c5004000.usb failed with error -110
[    1.632777] tegra-ehci c5008000.usb: EHCI Host Controller
[    1.638192] tegra-ehci c5008000.usb: new USB bus registered, assigned bus number 1
[    1.646000] tegra-ehci c5008000.usb: irq 290, io mem 0xc5008000
[    1.662058] tegra-ehci c5008000.usb: USB 2.0 started, EHCI 1.00
[    1.668580] hub 1-0:1.0: USB hub found
[    1.672360] hub 1-0:1.0: 1 port detected
[    1.676588] ohci_hcd: USB 1.1 'Open' Host Controller (OHCI) Driver
[    1.682779] ohci-pci: OHCI PCI platform driver
[    1.687267] ohci-platform: OHCI generic platform driver
[    1.692645] ohci-omap3: OHCI OMAP3 driver
[    1.696747] SPEAr-ohci: OHCI SPEAr driver
[    1.700867] ohci-st: OHCI STMicroelectronics driver
[    1.705848] ohci-atmel: OHCI Atmel driver
[    1.710460] usbcore: registered new interface driver usb-storage
[    1.717699] mousedev: PS/2 mouse device common for all mice
[    1.724853] rtc-em3027 2-0056: rtc core: registered rtc-em3027 as rtc0
[    1.732563] tegra_rtc 7000e000.rtc: rtc core: registered 7000e000.rtc as rtc1
[    1.739728] tegra_rtc 7000e000.rtc: Tegra internal Real Time Clock
[    1.746313] i2c /dev entries driver
[    1.759149] sdhci: Secure Digital Host Controller Interface driver
[    1.765342] sdhci: Copyright(c) Pierre Ossman
[    1.770881] Synopsys Designware Multimedia Card Interface Driver
[    1.777766] sdhci-pltfm: SDHCI platform and OF driver helper
[    1.784246] mmc0: Invalid maximum block size, assuming 512 bytes
[    1.827063] mmc0: SDHCI controller on c8000000.sdhci [c8000000.sdhci] using ADMA
[    1.834559] sdhci-tegra c8000600.sdhci: Got CD GPIO
[    1.839453] sdhci-tegra c8000600.sdhci: Got WP GPIO
[    1.844494] mmc1: Invalid maximum block size, assuming 512 bytes
[    1.887145] mmc1: SDHCI controller on c8000600.sdhci [c8000600.sdhci] using ADMA
[    1.895918] ledtrig-cpu: registered to indicate activity on CPUs
[    1.902238] usbcore: registered new interface driver usbhid
[    1.907848] usbhid: USB HID core driver
[    1.914414] NET: Registered protocol family 10
[    1.919695] sit: IPv6, IPv4 and MPLS over IPv4 tunneling driver
[    1.926133] NET: Registered protocol family 17
[    1.930588] can: controller area network core (rev 20120528 abi 9)
[    1.936827] NET: Registered protocol family 29
[    1.941272] can: raw protocol (rev 20120528)
[    1.945548] can: broadcast manager protocol (rev 20161123 t)
[    1.951206] can: netlink gateway (rev 20130117) max_hops=1
[    1.956995] Key type dns_resolver registered
[    1.961643] ThumbEE CPU extension supported.
[    1.965925] Registering SWP/SWPB emulation handler
[    1.979306] utmi_phy_clk_enable: timeout waiting for phy to stabilize
[    1.985783] tegra-ehci c5000000.usb: EHCI Host Controller
[    1.991218] tegra-ehci c5000000.usb: new USB bus registered, assigned bus number 2
[    1.999106] tegra-ehci c5000000.usb: irq 288, io mem 0xc5000000
[    2.024074] mmc0: host does not support reading read-only switch, assuming write-enable
[    2.027066] usb 1-1: new high-speed USB device number 2 using tegra-ehci
[    2.040593] mmc0: new high speed SDHC card at address b368
[    2.042062] tegra-ehci c5000000.usb: USB 2.0 started, EHCI 1.00
[    2.052441] mmcblk0: mmc0:b368 NCard 3.70 GiB 
[    2.052554] hub 2-0:1.0: USB hub found
[    2.052582] hub 2-0:1.0: 1 port detected
[    2.065406] input: gpio-keys as /devices/soc0/gpio-keys/input/input0
[    2.072563] mmc1: new high speed SD card at address b368
[    2.077897] rtc-em3027 2-0056: setting system clock to 2015-02-06 01:25:56 UTC (1423185956)
[   2.086806]  mmcblk0: p1
[    2.090360] mmcblk1: mmc1:b368 NCard 1.83 GiB (ro)
[    2.097939]  mmcblk1: p1 p2
[    2.102924] EXT4-fs (mmcblk0p1): mounting ext3 file system using the ext4 subsystem
[    2.190771] EXT4-fs (mmcblk0p1): recovery complete
[    2.195629] EXT4-fs (mmcblk0p1): mounted filesystem with ordered data mode. Opts: (null)
[    2.203774] VFS: Mounted root (ext3 filesystem) on device 179:1.
[    2.212523] hub 1-1:1.0: USB hub found
[    2.216414] hub 1-1:1.0: 4 ports detected
[    2.221093] devtmpfs: mounted
[    2.227656] Freeing unused kernel memory: 2048K (c1100000 - c1300000)
[    2.318047] random: fast init done
bash: cannot set terminal process group (-1): Inappropriate ioctl for device
bash: no job control in this shell
[    2.527143] usb 1-1.2: new high-speed USB device number 3 using tegra-ehci
root@(none):/# [    3.092249] asix 1-1.2:1.0 eth1: register 'asix' at usb-c5008000.usb-1.2, ASIX AX88772 USB 2.0 Ethernet, 00:60:6e:60:6c:68
mount -t sysfs none /sys
root@(none):/# 
root@(none):/# mount -t debugfs none /sys/kernel/debug
root@(none):/# 
root@(none):/# rtcwake -d rtc1 -m mem -s 3
rtcwake: assuming RTC uses UTC ...
rtcwake: wakeup from "mem" using /dev/rtc1 at Thu Jan  1 00:00:23 1970
[    7.524762] PM: Syncing filesystems ... done.
[    7.571190] Freezing user space processes ... (elapsed 0.001 seconds) done.
[    7.579752] Freezing remaining freezable tasks ... (elapsed 0.001 seconds) done.
[    7.588830] Suspending console(s) (use no_console_suspend to debug)
[    7.629398] PM: suspend of devices complete after 31.651 msecs
[    7.633765] PM: late suspend of devices complete after 4.337 msecs
[    7.657712] PM: noirq suspend of devices complete after 23.916 msecs
[    7.657723] Disabling non-boot CPUs ...
[    7.659636] CPU1: shutdown
[    7.686352] Entering suspend state LP1
[    7.686352] Suspended for 1.396 seconds
[    7.686396] Enabling non-boot CPUs ...
[    7.701371] CPU1 is up
[    7.702332] pcieport 0000:00:01.0: nv_msi_ht_cap_quirk didn't locate host bridge
[    7.722301] PM: noirq resume of devices complete after 20.898 msecs
[    7.725880] PM: early resume of devices complete after 2.856 msecs
[    8.225051] PM: resume of devices complete after 499.140 msecs
[    8.292948] Restarting tasks ... done.
root@(none):/# 
root@(none):/# rtcwake -d rtc1 -m mem -s 3
rtcwake: assuming RTC uses UTC ...
rtcwake: wakeup from "mem" using /dev/rtc1 at Thu Jan  1 00:00:28 1970
[    9.297280] PM: Syncing filesystems ... done.
[    9.342623] Freezing user space processes ... (elapsed 0.001 seconds) done.
[    9.351164] Freezing remaining freezable tasks ... (elapsed 0.001 seconds) done.
[    9.360259] Suspending console(s) (use no_console_suspend to debug)
[    9.399573] PM: suspend of devices complete after 30.413 msecs
[    9.404026] PM: late suspend of devices complete after 4.421 msecs
[    9.427575] PM: noirq suspend of devices complete after 23.518 msecs
[    9.427586] Disabling non-boot CPUs ...
[    9.429489] CPU1: shutdown
[    9.445571] Entering suspend state LP1
[    9.445571] Suspended for 3.240 seconds
[    9.445615] Enabling non-boot CPUs ...
[    9.461370] CPU1 is up
[    9.462286] pcieport 0000:00:01.0: nv_msi_ht_cap_quirk didn't locate host bridge
[    9.482216] PM: noirq resume of devices complete after 20.814 msecs
[    9.485609] PM: early resume of devices complete after 2.852 msecs
[    9.986118] PM: resume of devices complete after 500.477 msecs
[   10.053945] Restarting tasks ... done.
root@(none):/# 
root@(none):/# rtcwake -d rtc1 -m mem -s 3
rtcwake: assuming RTC uses UTC ...
rtcwake: wakeup from "mem" using /dev/rtc1 at Thu Jan  1 00:00:33 1970
[   11.057055] PM: Syncing filesystems ... done.
[   11.102339] Freezing user space processes ... (elapsed 0.001 seconds) done.
[   11.110821] Freezing remaining freezable tasks ... (elapsed 0.001 seconds) done.
[   11.119908] Suspending console(s) (use no_console_suspend to debug)
[   11.158815] PM: suspend of devices complete after 30.008 msecs
[   11.163048] PM: late suspend of devices complete after 4.205 msecs
[   11.182544] PM: noirq suspend of devices complete after 19.466 msecs
[   11.182555] Disabling non-boot CPUs ...
[   11.184526] CPU1: shutdown
[   11.215507] Entering suspend state LP1
[   11.215507] Suspended for 3.229 seconds
[   11.215551] Enabling non-boot CPUs ...
[   11.231273] CPU1 is up
[   11.232637] pcieport 0000:00:01.0: nv_msi_ht_cap_quirk didn't locate host bridge
[   11.252129] PM: noirq resume of devices complete after 20.825 msecs
[   11.255515] PM: early resume of devices complete after 2.845 msecs
[   11.750689] PM: resume of devices complete after 495.142 msecs
[   11.818493] Restarting tasks ... done.
root@(none):/# 
root@(none):/# rtcwake -d rtc1 -m mem -s 3
rtcwake: assuming RTC uses UTC ...
rtcwake: wakeup from "mem" using /dev/rtc1 at Thu Jan  1 00:00:38 1970
[   12.827073] PM: Syncing filesystems ... done.
[   12.872386] Freezing user space processes ... (elapsed 0.001 seconds) done.
[   12.880860] Freezing remaining freezable tasks ... (elapsed 0.001 seconds) done.
[   12.889749] Suspending console(s) (use no_console_suspend to debug)
[   12.929648] PM: suspend of devices complete after 31.758 msecs
[   12.934013] PM: late suspend of devices complete after 4.335 msecs
[   12.957426] PM: noirq suspend of devices complete after 23.382 msecs
[   12.957438] Disabling non-boot CPUs ...
[   12.959431] CPU1: shutdown
[   12.980465] Entering suspend state LP1
[   12.980465] Suspended for 3.234 seconds
[   12.980508] Enabling non-boot CPUs ...
[   12.996283] CPU1 is up
[   12.997212] pcieport 0000:00:01.0: nv_msi_ht_cap_quirk didn't locate host bridge
[   13.017068] PM: noirq resume of devices complete after 20.752 msecs
[   13.020751] PM: early resume of devices complete after 2.944 msecs
[   13.520879] PM: resume of devices complete after 500.096 msecs
[   13.588788] Restarting tasks ... done.
root@(none):/# 
root@(none):/# rtcwake -d rtc1 -m mem -s 3
rtcwake: assuming RTC uses UTC ...
rtcwake: wakeup from "mem" using /dev/rtc1 at Thu Jan  1 00:00:43 1970
[   14.591841] PM: Syncing filesystems ... done.
[   14.637216] Freezing user space processes ... (elapsed 0.001 seconds) done.
[   14.645761] Freezing remaining freezable tasks ... (elapsed 0.001 seconds) done.
[   14.654846] Suspending console(s) (use no_console_suspend to debug)
[   14.685382] PM: suspend of devices complete after 21.644 msecs
[   14.689614] PM: late suspend of devices complete after 4.201 msecs
[   14.712378] PM: noirq suspend of devices complete after 22.735 msecs
[   14.712389] Disabling non-boot CPUs ...
[   14.714307] CPU1: shutdown
[   14.745142] Entering suspend state LP1
[   14.745142] Suspended for 3.235 seconds
[   14.745186] Enabling non-boot CPUs ...
[   14.761113] CPU1 is up
[   14.762501] pcieport 0000:00:01.0: nv_msi_ht_cap_quirk didn't locate host bridge
[   14.781981] PM: noirq resume of devices complete after 20.836 msecs
[   14.785632] PM: early resume of devices complete after 2.933 msecs
[   15.285187] PM: resume of devices complete after 499.524 msecs
[   15.353067] Restarting tasks ... done.
root@(none):/# 
root@(none):/# rtcwake -d rtc1 -m mem -s 3
rtcwake: assuming RTC uses UTC ...
rtcwake: wakeup from "mem" using /dev/rtc1 at Thu Jan  1 00:00:48 1970
[   16.356875] PM: Syncing filesystems ... done.
[   16.402295] Freezing user space processes ... (elapsed 0.001 seconds) done.
[   16.410848] Freezing remaining freezable tasks ... (elapsed 0.001 seconds) done.
[   16.419940] Suspending console(s) (use no_console_suspend to debug)
[   16.458467] PM: suspend of devices complete after 29.636 msecs
[   16.462722] PM: late suspend of devices complete after 4.226 msecs
[   16.482257] PM: noirq suspend of devices complete after 19.505 msecs
[   16.482269] Disabling non-boot CPUs ...
[   16.484075] CPU1: shutdown
[   16.500267] Entering suspend state LP1
[   16.500267] Suspended for 3.244 seconds
[   16.500309] Enabling non-boot CPUs ...
[   16.516008] CPU1 is up
[   16.517587] pcieport 0000:00:01.0: nv_msi_ht_cap_quirk didn't locate host bridge
[   16.536901] PM: noirq resume of devices complete after 20.860 msecs
[   16.540542] PM: early resume of devices complete after 2.903 msecs
[   17.039950] PM: resume of devices complete after 499.376 msecs
[   17.107763] Restarting tasks ... done.
root@(none):/# 
root@(none):/# rtcwake -d rtc1 -m mem -s[   18.127643] random: crng init done
 3
rtcwake: assuming RTC uses UTC ...
rtcwake: wakeup from "mem" using /dev/rtc1 at Thu Jan  1 00:00:53 1970
[   18.171694] PM: Syncing filesystems ... done.
[   18.216998] Freezing user space processes ... (elapsed 0.001 seconds) done.
[   18.225338] Freezing remaining freezable tasks ... (elapsed 0.001 seconds) done.
[   18.234101] Suspending console(s) (use no_console_suspend to debug)
[   18.273057] PM: suspend of devices complete after 31.368 msecs
[   18.277294] PM: late suspend of devices complete after 4.208 msecs
[   18.297198] PM: noirq suspend of devices complete after 19.875 msecs
[   18.297209] Disabling non-boot CPUs ...
[   18.299006] CPU1: shutdown
[   18.315024] Entering suspend state LP1
[   18.315024] Suspended for 3.185 seconds
[   18.315067] Enabling non-boot CPUs ...
[   18.330912] CPU1 is up
[   18.332433] pcieport 0000:00:01.0: nv_msi_ht_cap_quirk didn't locate host bridge
[   18.351808] PM: noirq resume of devices complete after 20.863 msecs
[   18.355423] PM: early resume of devices complete after 2.876 msecs
[   18.859717] PM: resume of devices complete after 504.261 msecs
[   18.927563] Restarting tasks ... done.
root@(none):/# 
root@(none):/# rtcwake -d rtc1 -m mem [   20.160104] irq 279: nobody cared (try booting with the "irqpoll" option)
[   20.166885] CPU: 0 PID: 1 Comm: bash Not tainted 4.9.0-rc8-128885-g3e5de27 #1
[   20.174003] Hardware name: NVIDIA Tegra SoC (Flattened Device Tree)
[   20.180289] [<c030fb78>] (unwind_backtrace) from [<c030b1a0>] (show_stack+0x10/0x14)
[   20.188029] [<c030b1a0>] (show_stack) from [<c0592730>] (dump_stack+0x84/0xa4)
[   20.195249] [<c0592730>] (dump_stack) from [<c038a080>] (__report_bad_irq+0x24/0xc0)
[   20.202983] [<c038a080>] (__report_bad_irq) from [<c038a464>] (note_interrupt+0x260/0x2bc)
[   20.211235] [<c038a464>] (note_interrupt) from [<c0387a00>] (handle_irq_event_percpu+0x48/0x58)
[   20.219919] [<c0387a00>] (handle_irq_event_percpu) from [<c0387a54>] (handle_irq_event+0x44/0x68)
[   20.228778] [<c0387a54>] (handle_irq_event) from [<c038ae08>] (handle_fasteoi_irq+0xb0/0x194)
[   20.237289] [<c038ae08>] (handle_fasteoi_irq) from [<c03870f8>] (generic_handle_irq+0x18/0x28)
[   20.245887] [<c03870f8>] (generic_handle_irq) from [<c03871f4>] (__handle_domain_irq+0x54/0xb4)
[   20.254571] [<c03871f4>] (__handle_domain_irq) from [<c0301754>] (gic_handle_irq+0x50/0x9c)
[   20.262908] [<c0301754>] (gic_handle_irq) from [<c030bd4c>] (__irq_svc+0x6c/0x90)
[   20.270373] Exception stack(0xee869d20 to 0xee869d68)
[   20.275416] 9d20: c142d900 00000000 00000000 00000000 00000002 c1217fcc 00000000 c1214378
[   20.283578] 9d40: c1302080 fe441100 ee869df0 00000000 0000000a ee869d70 c0347708 c034725c
[   20.291735] 9d60: 60070113 ffffffff
[   20.295219] [<c030bd4c>] (__irq_svc) from [<c034725c>] (__do_softirq+0x80/0x23c)
[   20.302603] [<c034725c>] (__do_softirq) from [<c0347708>] (irq_exit+0xd4/0x13c)
[   20.309899] [<c0347708>] (irq_exit) from [<c03871f8>] (__handle_domain_irq+0x58/0xb4)
[   20.317716] [<c03871f8>] (__handle_domain_irq) from [<c0301754>] (gic_handle_irq+0x50/0x9c)
[   20.326051] [<c0301754>] (gic_handle_irq) from [<c030bd4c>] (__irq_svc+0x6c/0x90)
[   20.333515] Exception stack(0xee869df0 to 0xee869e38)
[   20.338555] 9de0:                                     c146b91c a0070013 00000000 000009b0
[   20.346717] 9e00: 00000000 eea4e000 00000001 eee94400 c146b91c ee8d6001 a0070013 00000000
[   20.354878] 9e20: 00000000 ee869e40 c070acec c0bbc570 20070013 ffffffff
[   20.361486] [<c030bd4c>] (__irq_svc) from [<c0bbc570>] (_raw_spin_unlock_irqrestore+0x1c/0x20)
[   20.370090] [<c0bbc570>] (_raw_spin_unlock_irqrestore) from [<c070acec>] (uart_write+0xf0/0x170)
[   20.378868] [<c070acec>] (uart_write) from [<c06f26dc>] (n_tty_write+0x194/0x468)
[   20.386339] [<c06f26dc>] (n_tty_write) from [<c06ee4d0>] (tty_write+0x184/0x284)
[   20.393726] [<c06ee4d0>] (tty_write) from [<c0416898>] (__vfs_write+0x2c/0x114)
[   20.401025] [<c0416898>] (__vfs_write) from [<c0417d8c>] (vfs_write+0xa4/0x164)
[   20.408323] [<c0417d8c>] (vfs_write) from [<c041802c>] (SyS_write+0x40/0x8c)
[   20.415362] [<c041802c>] (SyS_write) from [<c0307f00>] (ret_fast_syscall+0x0/0x3c)
[   20.422911] handlers:
[   20.425179] [<c070cd94>] serial8250_interrupt
[   20.429527] Disabling IRQ #279
-s 3
[   20.565209] PM: Syncing filesystems ... done.
[   20.578521] Freezing user space processes ... (elapsed 0.001 seconds) done.
[   20.586658] Freezing remaining freezable tasks ... (elapsed 0.001 seconds) done.
[   20.595217] Suspending console(s) (use no_console_suspend to debug)
rtcwake: assuming RTC uses UTC ...
rtcwake: wakeup from "mem" using /dev/rtc1 at Thu Jan  1 00:00:59 1970
[   20.633715] PM: suspend of devices complete after 31.543 msecs
[   20.638269] PM: late suspend of devices complete after 4.523 msecs
[   20.662115] PM: noirq suspend of devices complete after 23.816 msecs
[   20.662125] Disabling non-boot CPUs ...
[   20.664030] CPU1: shutdown
[   20.694887] Entering suspend state LP1
[   20.694887] Suspended for 3.620 seconds
[   20.694931] Enabling non-boot CPUs ...
[   20.710829] CPU1 is up
[   20.712076] pcieport 0000:00:01.0: nv_msi_ht_cap_quirk didn't locate host bridge
[   20.731718] PM: noirq resume of devices complete after 20.855 msecs
[   20.735316] PM: early resume of devices complete after 2.873 msecs
[   21.234242] PM: resume of devices complete after 498.894 msecs
[   21.302134] Restarting tasks ... done.
root@(none):/# 
root@(none):/# rtcwake -d rtc1 -m mem -s 3
rtcwake: assuming RTC uses UTC ...
rtcwake: wakeup from "mem" using /dev/rtc1 at Thu Jan  1 00:01:04 1970
[   22.306698] PM: Syncing filesystems ... done.
[   22.352035] Freezing user space processes ... (elapsed 0.001 seconds) done.
[   22.360556] Freezing remaining freezable tasks ... (elapsed 0.001 seconds) done.
[   22.369652] Suspending console(s) (use no_console_suspend to debug)
[   22.400452] PM: suspend of devices complete after 21.891 msecs
[   22.404788] PM: late suspend of devices complete after 4.305 msecs
[   22.427165] PM: noirq suspend of devices complete after 22.348 msecs
[   22.427177] Disabling non-boot CPUs ...
[   22.428974] CPU1: shutdown
[   22.460013] Entering suspend state LP1
[   22.460013] Suspended for 3.234 seconds
[   22.460056] Enabling non-boot CPUs ...
[   22.475755] CPU1 is up
[   22.477351] pcieport 0000:00:01.0: nv_msi_ht_cap_quirk didn't locate host bridge
[   22.496642] PM: noirq resume of devices complete after 20.855 msecs
[   22.500350] PM: early resume of devices complete after 2.959 msecs
[   23.000501] PM: resume of devices complete after 500.118 msecs
[   23.068433] Restarting tasks ... done.
root@(none):/# 
root@(none):/# rtcwake -d rtc1 -m mem -s 3
rtcwake: assuming RTC uses UTC ...
rtcwake: wakeup from "mem" using /dev/rtc1 at Thu Jan  1 00:01:09 1970
[   24.106384] PM: Syncing filesystems ... done.
[   24.151714] Freezing user space processes ... (elapsed 0.001 seconds) done.
[   24.160186] Freezing remaining freezable tasks ... (elapsed 0.001 seconds) done.
[   24.169291] Suspending console(s) (use no_console_suspend to debug)
[   24.208132] PM: suspend of devices complete after 29.943 msecs
[   24.212491] PM: late suspend of devices complete after 4.329 msecs
[   24.236939] PM: noirq suspend of devices complete after 24.418 msecs
[   24.236950] Disabling non-boot CPUs ...
[   24.238881] CPU1: shutdown
[   24.264903] Entering suspend state LP1
[   24.264903] Suspended for 3.195 seconds
[   24.264947] Enabling non-boot CPUs ...
[   24.280670] CPU1 is up
[   24.282308] pcieport 0000:00:01.0: nv_msi_ht_cap_quirk didn't locate host bridge
[   24.301528] PM: noirq resume of devices complete after 20.827 msecs
[   24.304939] PM: early resume of devices complete after 2.871 msecs
[   24.804396] PM: resume of devices complete after 499.426 msecs
[   24.872206] Restarting tasks ... done.
root@(none):/# 
root@(none):/# NVTB SYSTEM SUSPEND TEST COMPLETE
