
U-Boot SPL 2014.07-00097-g772e173 (Jul 25 2014 - 20:02:52)


U-Boot 2014.07-00097-g772e173 (Jul 25 2014 - 20:02:52)

TEGRA124
Board: NVIDIA Jetson TK1
I2C:   ready
DRAM:  2 GiB
MMC:   Tegra SD/MMC: 0, Tegra SD/MMC: 1
In:    serial
Out:   serial
Err:   serial
Net:   Net Initialization Skipped
No ethernet found.
Hit any key to stop autoboot:  2  0 
Tegra124 (Jetson TK1) # 
Tegra124 (Jetson TK1) # usb reset
(Re)start USB...
USB0:   USB EHCI 1.10
scanning bus 0 for devices... 1 USB Device(s) found
USB1:   USB EHCI 1.10
scanning bus 1 for devices... 2 USB Device(s) found
       scanning usb for storage devices... 0 Storage Device(s) found
       scanning usb for ethernet devices... 
Warning: asx0 using MAC address from net device
1 Ethernet Device(s) found
Tegra124 (Jetson TK1) # setenv bootargs 'ignore_loglevel console=ttyS0,115200n8 rw root=/dev/mmcblk0p1 rootwait gpt debug init=/bin/bash noinitrd'
Tegra124 (Jetson TK1) # setenv ipaddr 192.168.100.102; setenv serverip 192.168.100.1; setenv tftpserverip 192.168.100.1
Tegra124 (Jetson TK1) # tftpboot 0x81000000 zImage.tegra_defconfig
Using asx0 device
TFTP from server 192.168.100.1; our IP address is 192.168.100.102
Filename 'zImage.tegra_defconfig'.
Load address: 0x81000000
Loading: *#################################################################
	 #################################################################
	 #################################################################
	 #################################################################
	 ##############################################################
	 2.8 MiB/s
done
Bytes transferred = 4715600 (47f450 hex)
Tegra124 (Jetson TK1) # tftpboot 0x82000000 tegra124-jetson-tk1.dtb
Using asx0 device
TFTP from server 192.168.100.1; our IP address is 192.168.100.102
Filename 'tegra124-jetson-tk1.dtb'.
Load address: 0x82000000
Loading: *####
	 2.7 MiB/s
done
Bytes transferred = 47617 (ba01 hex)
Tegra124 (Jetson TK1) # bootz 0x81000000 - 0x82000000
Kernel image @ 0x81000000 [ 0x000000 - 0x47f450 ]
## Flattened Device Tree blob at 82000000
   Booting using the fdt blob at 0x82000000
   Using Device Tree in place at 82000000, end 8200ea00

Starting kernel ...

Uncompressing Linux... done, booting the kernel.
[    0.000000] Booting Linux on physical CPU 0x0
[    0.000000] Initializing cgroup subsys cpu
[    0.000000] Initializing cgroup subsys cpuacct
[    0.000000] Linux version 3.18.0-rc6-105216-g5d01410 (pwalmsley@kaivo) (gcc version 4.7.3 20130328 (prerelease) (crosstool-NG linaro-1.13.1-4.7-2013.04-20130415 - Linaro GCC 2013.04) ) #1 SMP PREEMPT Sun Nov 23 16:03:02 PST 2014
[    0.000000] CPU: ARMv7 Processor [413fc0f3] revision 3 (ARMv7), cr=10c5387d
[    0.000000] CPU: PIPT / VIPT nonaliasing data cache, PIPT instruction cache
[    0.000000] Machine model: NVIDIA Tegra124 Jetson TK1
[    0.000000] debug: ignoring loglevel setting.
[    0.000000] cma: Reserved 64 MiB at 0xfbc00000
[    0.000000] Memory policy: Data cache writealloc
[    0.000000] On node 0 totalpages: 524032
[    0.000000] free_area_init_node: node 0, pgdat c0905d40, node_mem_map ee7f7000
[    0.000000]   Normal zone: 1520 pages used for memmap
[    0.000000]   Normal zone: 0 pages reserved
[    0.000000]   Normal zone: 194560 pages, LIFO batch:31
[    0.000000]   HighMem zone: 2574 pages used for memmap
[    0.000000]   HighMem zone: 329472 pages, LIFO batch:31
[    0.000000] PERCPU: Embedded 10 pages/cpu @ee79e000 s8896 r8192 d23872 u40960
[    0.000000] pcpu-alloc: s8896 r8192 d23872 u40960 alloc=10*4096
[    0.000000] pcpu-alloc: [0] 0 [0] 1 [0] 2 [0] 3 
[    0.000000] Built 1 zonelists in Zone order, mobility grouping on.  Total pages: 522512
[    0.000000] Kernel command line: ignore_loglevel console=ttyS0,115200n8 rw root=/dev/mmcblk0p1 rootwait gpt debug init=/bin/bash noinitrd
[    0.000000] PID hash table entries: 4096 (order: 2, 16384 bytes)
[    0.000000] Dentry cache hash table entries: 131072 (order: 7, 524288 bytes)
[    0.000000] Inode-cache hash table entries: 65536 (order: 6, 262144 bytes)
[    0.000000] Memory: 2003396K/2096128K available (6443K kernel code, 341K rwdata, 2136K rodata, 288K init, 362K bss, 92732K reserved, 1252352K highmem)
[    0.000000] Virtual kernel memory layout:
[    0.000000]     vector  : 0xffff0000 - 0xffff1000   (   4 kB)
[    0.000000]     fixmap  : 0xffc00000 - 0xffe00000   (2048 kB)
[    0.000000]     vmalloc : 0xf0000000 - 0xff000000   ( 240 MB)
[    0.000000]     lowmem  : 0xc0000000 - 0xef800000   ( 760 MB)
[    0.000000]     pkmap   : 0xbfe00000 - 0xc0000000   (   2 MB)
[    0.000000]     modules : 0xbf000000 - 0xbfe00000   (  14 MB)
[    0.000000]       .text : 0xc0008000 - 0xc086931c   (8581 kB)
[    0.000000]       .init : 0xc086a000 - 0xc08b2000   ( 288 kB)
[    0.000000]       .data : 0xc08b2000 - 0xc09077e0   ( 342 kB)
[    0.000000]        .bss : 0xc09077e0 - 0xc096215c   ( 363 kB)
[    0.000000] Preemptible hierarchical RCU implementation.
[    0.000000] NR_IRQS:16 nr_irqs:16 16
[    0.000000] L2C: failed to init: -19
[    0.000008] sched_clock: 32 bits at 1000kHz, resolution 1000ns, wraps every 2147483648000ns
[    0.000032] Switching to timer-based delay loop, resolution 1000ns
[    0.001067] Architected cp15 timer(s) running at 12.00MHz (virt).
[    0.001091] sched_clock: 56 bits at 12MHz, resolution 83ns, wraps every 2863311536128ns
[    0.001103] Switching to timer-based delay loop, resolution 83ns
[    0.001543] Console: colour dummy device 80x30
[    0.001569] Calibrating delay loop (skipped), value calculated using timer frequency.. 24.00 BogoMIPS (lpj=120000)
[    0.001584] pid_max: default: 32768 minimum: 301
[    0.002033] Mount-cache hash table entries: 2048 (order: 1, 8192 bytes)
[    0.002044] Mountpoint-cache hash table entries: 2048 (order: 1, 8192 bytes)
[    0.003420] Initializing cgroup subsys freezer
[    0.003445] Initializing cgroup subsys debug
[    0.003497] CPU: Testing write buffer coherency: ok
[    0.003802] /cpus/cpu@0 missing clock-frequency property
[    0.003830] /cpus/cpu@1 missing clock-frequency property
[    0.003858] /cpus/cpu@2 missing clock-frequency property
[    0.003887] /cpus/cpu@3 missing clock-frequency property
[    0.003899] CPU0: thread -1, cpu 0, socket 0, mpidr 80000000
[    0.003948] Setting up static identity map for 0x8061c078 - 0x8061c110
[    0.041254] Tegra Revision: A01 SKU: 129 CPU Process: 1 Core Process: 1
[    0.061729] CPU1: Booted secondary processor
[    0.061755] CPU1: thread -1, cpu 1, socket 0, mpidr 80000001
[    0.081734] CPU2: Booted secondary processor
[    0.081758] CPU2: thread -1, cpu 2, socket 0, mpidr 80000002
[    0.101751] CPU3: Booted secondary processor
[    0.101775] CPU3: thread -1, cpu 3, socket 0, mpidr 80000003
[    0.101854] Brought up 4 CPUs
[    0.101880] SMP: Total of 4 processors activated.
[    0.101887] CPU: All CPU(s) started in SVC mode.
[    0.102773] devtmpfs: initialized
[    0.115869] VFP support v0.3: implementor 41 architecture 4 part 30 variant f rev 0
[    0.118011] pinctrl core: initialized pinctrl subsystem
[    0.118779] regulator-dummy: no parameters
[    0.156746] NET: Registered protocol family 16
[    0.158026] DMA: preallocated 256 KiB pool for atomic coherent allocations
[    0.181014] cpuidle: using governor ladder
[    0.211037] cpuidle: using governor menu
[    0.230554] No ATAGs?
[    0.230591] hw-breakpoint: found 5 (+1 reserved) breakpoint and 4 watchpoint registers.
[    0.230602] hw-breakpoint: maximum watchpoint size is 8 bytes.
[    0.284153] +VDD_MUX: 12000 mV 
[    0.284662] +5V_SYS: 5000 mV 
[    0.284747] +5V_SYS: supplied by +VDD_MUX
[    0.285240] +3.3V_SYS: 3300 mV 
[    0.285320] +3.3V_SYS: supplied by +VDD_MUX
[    0.285554] platform regulators:regulator@3: Driver reg-fixed-voltage requests probe deferral
[    0.285917] +3.3V_AVDD_HDMI_AP_GATED: 3300 mV 
[    0.286000] reg-fixed-voltage regulators:regulator@4: Failed to find supply vin
[    0.286191] reg-fixed-voltage regulators:regulator@4: Failed to register regulator: -517
[    0.286219] platform regulators:regulator@4: Driver reg-fixed-voltage requests probe deferral
[    0.286587] +USB0_VBUS_SW: Failed to request enable GPIO108: -517
[    0.286755] reg-fixed-voltage regulators:regulator@7: Failed to register regulator: -517
[    0.286782] platform regulators:regulator@7: Driver reg-fixed-voltage requests probe deferral
[    0.287143] +5V_USB_HS: Failed to request enable GPIO109: -517
[    0.287309] reg-fixed-voltage regulators:regulator@8: Failed to register regulator: -517
[    0.287335] platform regulators:regulator@8: Driver reg-fixed-voltage requests probe deferral
[    0.287444] platform regulators:regulator@10: Driver reg-fixed-voltage requests probe deferral
[    0.287807] +1.05V_RUN_AVDD_HDMI_PLL: Failed to request enable GPIO63: -517
[    0.287973] reg-fixed-voltage regulators:regulator@11: Failed to register regulator: -517
[    0.288000] platform regulators:regulator@11: Driver reg-fixed-voltage requests probe deferral
[    0.288359] +5V_HDMI_CON: Failed to request enable GPIO86: -517
[    0.288524] reg-fixed-voltage regulators:regulator@12: Failed to register regulator: -517
[    0.288550] platform regulators:regulator@12: Driver reg-fixed-voltage requests probe deferral
[    0.288909] +5V_SATA: Failed to request enable GPIO242: -517
[    0.289074] reg-fixed-voltage regulators:regulator@13: Failed to register regulator: -517
[    0.289100] platform regulators:regulator@13: Driver reg-fixed-voltage requests probe deferral
[    0.289459] +12V_SATA: Failed to request enable GPIO242: -517
[    0.289623] reg-fixed-voltage regulators:regulator@14: Failed to register regulator: -517
[    0.289648] platform regulators:regulator@14: Driver reg-fixed-voltage requests probe deferral
[    0.291426] vgaarb: loaded
[    0.292838] SCSI subsystem initialized
[    0.293143] libata version 3.00 loaded.
[    0.293860] usbcore: registered new interface driver usbfs
[    0.294022] usbcore: registered new interface driver hub
[    0.294181] usbcore: registered new device driver usb
[    0.299014] Linux video capture interface: v2.00
[    0.299149] pps_core: LinuxPPS API ver. 1 registered
[    0.299158] pps_core: Software ver. 5.3.6 - Copyright 2005-2007 Rodolfo Giometti <giometti@linux.it>
[    0.299224] PTP clock support registered
[    0.300474] Advanced Linux Sound Architecture Driver Initialized.
[    0.301886] Bluetooth: Core ver 2.19
[    0.301963] NET: Registered protocol family 31
[    0.301972] Bluetooth: HCI device and connection manager initialized
[    0.301995] Bluetooth: HCI socket layer initialized
[    0.302016] Bluetooth: L2CAP socket layer initialized
[    0.302070] Bluetooth: SCO socket layer initialized
[    0.302808] cfg80211: Calling CRDA to update world regulatory domain
[    0.303598] Switched to clocksource arch_sys_counter
[    0.326168] NET: Registered protocol family 2
[    0.327339] TCP established hash table entries: 8192 (order: 3, 32768 bytes)
[    0.327446] TCP bind hash table entries: 8192 (order: 4, 65536 bytes)
[    0.327633] TCP: Hash tables configured (established 8192 bind 8192)
[    0.328045] TCP: reno registered
[    0.328059] UDP hash table entries: 512 (order: 2, 16384 bytes)
[    0.328100] UDP-Lite hash table entries: 512 (order: 2, 16384 bytes)
[    0.328476] NET: Registered protocol family 1
[    0.329120] RPC: Registered named UNIX socket transport module.
[    0.329129] RPC: Registered udp transport module.
[    0.329137] RPC: Registered tcp transport module.
[    0.329144] RPC: Registered tcp NFSv4.1 backchannel transport module.
[    0.329166] PCI: CLS 0 bytes, default 64
[    0.333373] futex hash table entries: 1024 (order: 4, 65536 bytes)
[    0.335858] squashfs: version 4.0 (2009/01/31) Phillip Lougher
[    0.336683] msgmni has been set to 1466
[    0.338434] bounce: pool size: 64 pages
[    0.338452] io scheduler noop registered (default)
[    0.349188] tegra-pcie 1003000.pcie-controller: 2x1, 1x1 configuration
[    0.349238] tegra-pcie 1003000.pcie-controller: Failed to get supply 'avddio-pex': -517
[    0.349279] platform 1003000.pcie-controller: Driver tegra-pcie requests probe deferral
[    0.358880] tegra-apbdma 60020000.dma: Tegra20 APB DMA driver register 32 channels
[    0.360069] Serial: 8250/16550 driver, 4 ports, IRQ sharing disabled
[    0.363673] console [ttyS0] disabled
[    0.363729] of_serial 70006300.serial: ttyS0 at MMIO 0x70006300 (irq = 122, base_baud = 25500000) is a Tegra
[    1.267107] console [ttyS0] enabled
[    1.271955] [drm] Initialized drm 1.1.0 20060810
[    1.277807] tegra-hdmi 54280000.hdmi: failed to get HDMI regulator
[    1.284024] platform 54280000.hdmi: Driver tegra-hdmi requests probe deferral
[    1.303811] loop: module loaded
[    1.307526] at24 0-0056: 256 byte 24c02 EEPROM, writable, 8 bytes/write
[    1.314950] as3722 4-0040: AS3722 with revision 0x1 found
[    1.324813] +VDD_CPU_AP: 700 <--> 1400 mV at 1000 mV 3500 mA 
[    1.331853] +VDD_CORE: 700 <--> 1350 mV at 1100 mV 2500 mA 
[    1.338386] +1.35V_LP0(sd2): 1350 mV 
[    1.342184] +1.35V_LP0(sd2): supplied by +5V_SYS
[    1.347519] +1.35V_LP0(sd3): 1350 mV 
[    1.351305] +1.35V_LP0(sd3): supplied by +5V_SYS
[    1.356640] +1.05V_RUN: 1050 mV 
[    1.359992] +1.05V_RUN: supplied by +5V_SYS
[    1.364770] +1.8V_VDDIO: 1800 mV 
[    1.368212] +1.8V_VDDIO: supplied by +5V_SYS
[    1.374077] +VDD_GPU_AP: 650 <--> 1200 mV at 1000 mV 3500 mA 
[    1.380467] +1.05V_RUN_AVDD: 1050 mV at 300 mA 
[    1.385160] +1.05V_RUN_AVDD: supplied by +1.35V_LP0(sd2)
[    1.391621] +1.8V_RUN_CAM: 1800 mV at 150 mA 
[    1.396148] as3722-regulator as3722-regulator: Failed to find supply vin-ldo1-6
[    1.403659] as3722-regulator as3722-regulator: regulator 8 register failed -517
[    1.412897] platform as3722-regulator: Driver as3722-regulator requests probe deferral
[    1.422812] tegra-ahci 70027000.sata: Failed to get supply 'avdd': -517
[    1.429445] tegra-ahci 70027000.sata: Failed to get regulators
[    1.435326] platform 70027000.sata: Driver tegra-ahci requests probe deferral
[    1.446040] m25p80 spi32765.0: w25q32dw (4096 Kbytes)
[    1.454088] CAN device driver interface
[    1.458029] igb: Intel(R) Gigabit Ethernet Network Driver - version 5.2.15-k
[    1.465083] igb: Copyright (c) 2007-2014 Intel Corporation.
[    1.471009] pegasus: v0.9.3 (2013/04/25), Pegasus/Pegasus II USB Ethernet driver
[    1.478537] usbcore: registered new interface driver pegasus
[    1.484385] usbcore: registered new interface driver asix
[    1.489899] usbcore: registered new interface driver ax88179_178a
[    1.496125] usbcore: registered new interface driver cdc_ether
[    1.502133] usbcore: registered new interface driver smsc75xx
[    1.508065] usbcore: registered new interface driver smsc95xx
[    1.513943] usbcore: registered new interface driver net1080
[    1.519721] usbcore: registered new interface driver cdc_subset
[    1.525770] usbcore: registered new interface driver zaurus
[    1.531522] usbcore: registered new interface driver cdc_ncm
[    1.537378] ehci_hcd: USB 2.0 'Enhanced' Host Controller (EHCI) Driver
[    1.543916] ehci-pci: EHCI PCI platform driver
[    1.548480] tegra-ehci: Tegra EHCI driver
[    1.552786] platform 7d004000.usb: Driver tegra-ehci requests probe deferral
[    1.560025] platform 7d008000.usb: Driver tegra-ehci requests probe deferral
[    1.567362] usbcore: registered new interface driver cdc_acm
[    1.573010] cdc_acm: USB Abstract Control Model driver for USB modems and ISDN adapters
[    1.581145] usbcore: registered new interface driver cdc_wdm
[    1.586990] usbcore: registered new interface driver usb-storage
[    1.593232] tegra-phy 7d004000.usb-phy: no vbus regulator
[    1.598982] platform 7d008000.usb-phy: Driver tegra-phy requests probe deferral
[    1.607105] mousedev: PS/2 mouse device common for all mice
[    1.616367] as3722-rtc as3722-rtc: rtc core: registered as3722-rtc as rtc0
[    1.623236] as3722-rtc as3722-rtc: RTC interrupt 464
[    1.631390] tegra_rtc 7000e000.rtc: rtc core: registered 7000e000.rtc as rtc1
[    1.638561] tegra_rtc 7000e000.rtc: Tegra internal Real Time Clock
[    1.645164] i2c /dev entries driver
[    1.650869] usbcore: registered new interface driver uvcvideo
[    1.656626] USB Video Class driver (1.1.1)
[    1.660723] gspca_main: v2.14.0 registered
[    1.665652] 0-004c supply vcc not found, using dummy regulator
[    1.674094] sdhci: Secure Digital Host Controller Interface driver
[    1.680263] sdhci: Copyright(c) Pierre Ossman
[    1.684638] sdhci-pltfm: SDHCI platform and OF driver helper
[    1.690588] sdhci-tegra 700b0400.sdhci: Got CD GPIO
[    1.695496] sdhci-tegra 700b0400.sdhci: Got WP GPIO
[    1.700407] mmc0: Unknown controller version (3). You may experience problems.
[    1.707765] sdhci-tegra 700b0400.sdhci: No vmmc regulator found
[    1.713749] platform 700b0400.sdhci: Driver sdhci-tegra requests probe deferral
[    1.721213] mmc0: Unknown controller version (3). You may experience problems.
[    1.728513] sdhci-tegra 700b0600.sdhci: No vmmc regulator found
[    1.734444] sdhci-tegra 700b0600.sdhci: No vqmmc regulator found
[    1.740441] mmc0: Invalid maximum block size, assuming 512 bytes
[    1.783631] mmc0: SDHCI controller on 700b0600.sdhci [700b0600.sdhci] using ADMA
[    1.792194] usbcore: registered new interface driver usbhid
[    1.797782] usbhid: USB HID core driver
[    1.847629] mmc0: BKOPS_EN bit is not set
[    1.854935] mmc0: new high speed MMC card at address 0001
[    1.861095] mmcblk0: mmc0:0001 SEM16G 14.6 GiB 
[    1.865917] mmcblk0boot0: mmc0:0001 SEM16G partition 1 4.00 MiB
[    1.872069] mmcblk0boot1: mmc0:0001 SEM16G partition 2 4.00 MiB
[    1.878215] mmcblk0rpmb: mmc0:0001 SEM16G partition 3 4.00 MiB
[    1.886578] Primary GPT is invalid, using alternate GPT.
[    1.891909]  mmcblk0: p1 p2 p3 p4 p5 p6 p7 p8 p9
[    2.226828] tegra30-i2s 70301100.i2s: DMA channels sourced from device 70300000.ahub
[    2.244311] tegra-snd-rt5640 sound: rt5640-aif1 <-> 70301100.i2s mapping ok
[    2.256198] input: NVIDIA Tegra Jetson TK1 Headphones as /devices/soc0/sound/sound/card0/input0
[    2.266869] TCP: cubic registered
[    2.270434] NET: Registered protocol family 10
[    2.276419] mip6: Mobile IPv6
[    2.279394] sit: IPv6 over IPv4 tunneling driver
[    2.286929] NET: Registered protocol family 17
[    2.291414] NET: Registered protocol family 15
[    2.295883] can: controller area network core (rev 20120528 abi 9)
[    2.302209] NET: Registered protocol family 29
[    2.306679] can: raw protocol (rev 20120528)
[    2.310953] can: broadcast manager protocol (rev 20120528 t)
[    2.316645] can: netlink gateway (rev 20130117) max_hops=1
[    2.322296] Bluetooth: RFCOMM socket layer initialized
[    2.327463] Bluetooth: RFCOMM ver 1.11
[    2.331229] Bluetooth: BNEP (Ethernet Emulation) ver 1.3
[    2.336565] Bluetooth: BNEP socket layer initialized
[    2.341531] Bluetooth: HIDP (Human Interface Emulation) ver 1.2
[    2.347471] Bluetooth: HIDP socket layer initialized
[    2.353904] Registering SWP/SWPB emulation handler
[    2.361319] +3.3V_RUN: 3300 mV 
[    2.364571] +3.3V_RUN: supplied by +3.3V_SYS
[    2.369372] +3.3V_AVDD_HDMI_AP_GATED: 3300 mV 
[    2.373903] +3.3V_AVDD_HDMI_AP_GATED: supplied by +3.3V_RUN
[    2.379989] +USB0_VBUS_SW: 5000 mV 
[    2.383558] +USB0_VBUS_SW: supplied by +5V_SYS
[    2.388550] +5V_USB_HS: 5000 mV 
[    2.391859] +5V_USB_HS: supplied by +5V_SYS
[    2.397417] +3.3V_LP0: 3300 mV 
[    2.400642] +3.3V_LP0: supplied by +3.3V_SYS
[    2.405455] +1.05V_RUN_AVDD_HDMI_PLL: 1050 mV 
[    2.409977] reg-fixed-voltage regulators:regulator@11: Failed to find supply vin
[    2.417576] reg-fixed-voltage regulators:regulator@11: Failed to register regulator: -517
[    2.425777] platform regulators:regulator@11: Driver reg-fixed-voltage requests probe deferral
[    2.434937] +5V_HDMI_CON: 5000 mV 
[    2.438418] +5V_HDMI_CON: supplied by +5V_SYS
[    2.443296] +5V_SATA: 5000 mV 
[    2.446450] +5V_SATA: supplied by +5V_SYS
[    2.450962] +12V_SATA: 12000 mV 
[    2.454290] +12V_SATA: supplied by +VDD_MUX
[    2.458796] tegra-pcie 1003000.pcie-controller: 2x1, 1x1 configuration
[    2.465370] tegra-pcie 1003000.pcie-controller: Failed to get supply 'avddio-pex': -517
[    2.473389] platform 1003000.pcie-controller: Driver tegra-pcie requests probe deferral
[    2.481826] tegra-hdmi 54280000.hdmi: failed to get PLL regulator
[    2.488003] platform 54280000.hdmi: Driver tegra-hdmi requests probe deferral
[    2.496327] +VDD_CPU_AP: 700 <--> 1400 mV at 1000 mV 3500 mA 
[    2.502876] +VDD_CORE: 700 <--> 1350 mV at 1100 mV 2500 mA 
[    2.509224] +1.35V_LP0(sd2): 1350 mV 
[    2.513032] +1.35V_LP0(sd2): supplied by +5V_SYS
[    2.518153] +1.35V_LP0(sd3): 1350 mV 
[    2.521969] +1.35V_LP0(sd3): supplied by +5V_SYS
[    2.527137] +1.05V_RUN: 1050 mV 
[    2.530519] +1.05V_RUN: supplied by +5V_SYS
[    2.535248] +1.8V_VDDIO: 1800 mV 
[    2.538716] +1.8V_VDDIO: supplied by +5V_SYS
[    2.544353] +VDD_GPU_AP: 650 <--> 1200 mV at 1000 mV 3500 mA 
[    2.550612] +1.05V_RUN_AVDD: 1050 mV at 300 mA 
[    2.555316] +1.05V_RUN_AVDD: supplied by +1.35V_LP0(sd2)
[    2.561233] +1.8V_RUN_CAM: 1800 mV at 150 mA 
[    2.565762] +1.8V_RUN_CAM: supplied by +3.3V_RUN
[    2.571566] +1.2V_GEN_AVDD: 1200 mV at 150 mA 
[    2.576172] +1.2V_GEN_AVDD: supplied by +1.8V_VDDIO
[    2.582379] +1.05V_LP0_VDD_RTC: 1000 mV at 150 mA 
[    2.587309] +1.05V_LP0_VDD_RTC: supplied by +3.3V_SYS
[    2.593042] +2.8V_RUN_CAM: 2800 mV at 150 mA 
[    2.597574] +2.8V_RUN_CAM: supplied by +3.3V_SYS
[    2.602882] +1.2V_RUN_CAM_FRONT: 1200 mV at 150 mA 
[    2.607921] +1.2V_RUN_CAM_FRONT: supplied by +1.8V_VDDIO
[    2.613825] +VDDIO_SDMMC3: 1800 <--> 3300 mV at 150 mA 
[    2.619195] +VDDIO_SDMMC3: supplied by +3.3V_RUN
[    2.624522] +1.05V_RUN_CAM_REAR: 1050 mV at 150 mA 
[    2.629553] +1.05V_RUN_CAM_REAR: supplied by +1.8V_VDDIO
[    2.635752] +3.3V_RUN_TOUCH: 2800 mV at 150 mA 
[    2.640428] +3.3V_RUN_TOUCH: supplied by +5V_SYS
[    2.645768] +2.8V_RUN_CAM_AF: 2800 mV at 150 mA 
[    2.650531] +2.8V_RUN_CAM_AF: supplied by +5V_SYS
[    2.655951] +1.8V_RUN_VPP_FUSE: 1800 mV at 150 mA 
[    2.660901] +1.8V_RUN_VPP_FUSE: supplied by +3.3V_RUN
[    2.668142] tegra-ahci 70027000.sata: AHCI 0001.0301 32 slots 2 ports 3 Gbps 0x1 impl platform mode
[    2.677202] tegra-ahci 70027000.sata: flags: 64bit ncq sntf pm led pio slum part sadm sds apst 
[    2.689762] scsi host0: ahci_platform
[    2.695445] scsi host1: ahci_platform
[    2.699934] ata1: SATA max UDMA/133 mmio [mem 0x70027000-0x70028fff] port 0x100 irq 55
[    2.707898] ata2: DUMMY
[    2.713683] tegra-ehci 7d004000.usb: EHCI Host Controller
[    2.719145] tegra-ehci 7d004000.usb: new USB bus registered, assigned bus number 1
[    2.727126] tegra-ehci 7d004000.usb: irq 53, io mem 0x7d004000
[    2.743658] tegra-ehci 7d004000.usb: USB 2.0 started, EHCI 1.10
[    2.751380] hub 1-0:1.0: USB hub found
[    2.755233] hub 1-0:1.0: 1 port detected
[    2.760453] platform 7d008000.usb: Driver tegra-ehci requests probe deferral
[    2.768499] sdhci-tegra 700b0400.sdhci: Got CD GPIO
[    2.773392] sdhci-tegra 700b0400.sdhci: Got WP GPIO
[    2.778365] mmc1: Unknown controller version (3). You may experience problems.
[    2.785920] sdhci-tegra 700b0400.sdhci: No vmmc regulator found
[    2.791925] mmc1: Invalid maximum block size, assuming 512 bytes
[    2.844293] mmc1: SDHCI controller on 700b0400.sdhci [700b0400.sdhci] using ADMA
[    2.852181] +1.05V_RUN_AVDD_HDMI_PLL: 1050 mV 
[    2.856791] +1.05V_RUN_AVDD_HDMI_PLL: supplied by +1.05V_RUN
[    2.862858] tegra-pcie 1003000.pcie-controller: 2x1, 1x1 configuration
[    2.870864] tegra-pcie 1003000.pcie-controller: probing port 0, using 2 lanes
[    2.880088] tegra-pcie 1003000.pcie-controller: Slot present pin change, signature: 00000008
[    3.053777] ata1: SATA link down (SStatus 0 SControl 300)
[    3.308454] tegra-pcie 1003000.pcie-controller: link 0 down, retrying
[    3.737511] tegra-pcie 1003000.pcie-controller: link 0 down, retrying
[    4.165725] tegra-pcie 1003000.pcie-controller: link 0 down, retrying
[    4.174280] tegra-pcie 1003000.pcie-controller: link 0 down, ignoring
[    4.180740] tegra-pcie 1003000.pcie-controller: probing port 1, using 1 lanes
[    4.190011] tegra-pcie 1003000.pcie-controller: Slot present pin change, signature: 00000000
[    4.618697] tegra-pcie 1003000.pcie-controller: link 1 down, retrying
[    5.047582] tegra-pcie 1003000.pcie-controller: link 1 down, retrying
[    5.476646] tegra-pcie 1003000.pcie-controller: link 1 down, retrying
[    5.485200] tegra-pcie 1003000.pcie-controller: link 1 down, ignoring
[    5.492123] tegra-pcie 1003000.pcie-controller: PCI host bridge to bus 0000:00
[    5.499373] pci_bus 0000:00: root bus resource [mem 0x13000000-0x1fffffff]
[    5.506256] pci_bus 0000:00: root bus resource [mem 0x20000000-0x3fffffff pref]
[    5.513557] pci_bus 0000:00: root bus resource [bus 00-ff]
[    5.519051] pci_bus 0000:00: root bus resource [io  0x1000-0xffff]
[    5.525263] PCI: bus0: Fast back to back transfers enabled
[    5.533831] [drm] Supports vblank timestamp caching Rev 2 (21.10.2013).
[    5.540442] [drm] No driver support for vblank timestamp query.
[    5.546416] host1x drm: No connectors reported connected with modes
[    5.552690] [drm] Cannot find any crtc or sizes - going 1024x768
[    5.569098] Console: switching to colour frame buffer device 128x48
[    5.582193] host1x drm: fb0:  frame buffer device
[    5.586932] host1x drm: registered panic notifier
[    5.623783] [drm] Initialized tegra 0.0.0 20120330 on minor 0
[    5.630034] tegra-ehci 7d008000.usb: EHCI Host Controller
[    5.635511] tegra-ehci 7d008000.usb: new USB bus registered, assigned bus number 2
[    5.643417] tegra-ehci 7d008000.usb: irq 129, io mem 0x7d008000
[    5.663759] tegra-ehci 7d008000.usb: USB 2.0 started, EHCI 1.10
[    5.671349] hub 2-0:1.0: USB hub found
[    5.675197] hub 2-0:1.0: 1 port detected
[    5.681026] input: gpio-keys as /devices/soc0/gpio-keys/input/input1
[    5.688797] as3722-rtc as3722-rtc: setting system clock to 2000-02-01 00:00:18 UTC (949363218)
[    5.716888] +1.05V_RUN_AVDD_HDMI_PLL: disabling
[    5.721425] +1.8V_RUN_VPP_FUSE: disabling
[    5.725847] +2.8V_RUN_CAM_AF: disabling
[    5.730035] +3.3V_RUN_TOUCH: disabling
[    5.734168] +1.05V_RUN_CAM_REAR: disabling
[    5.738619] +1.2V_RUN_CAM_FRONT: disabling
[    5.742842] +2.8V_RUN_CAM: disabling
[    5.746567] +1.8V_RUN_CAM: disabling
[    5.750268] +USB0_VBUS_SW: disabling
[    5.753872] +3.3V_AVDD_HDMI_AP_GATED: disabling
[    5.758749] ALSA device list:
[    5.761716]   #0: NVIDIA Tegra Jetson TK1
[    5.766887] EXT3-fs (mmcblk0p1): error: couldn't mount because of unsupported optional features (240)
[    5.776685] EXT2-fs (mmcblk0p1): error: couldn't mount because of unsupported optional features (244)
[    5.793115] EXT4-fs (mmcblk0p1): recovery complete
[    5.797979] EXT4-fs (mmcblk0p1): mounted filesystem with ordered data mode. Opts: (null)
[    5.806192] VFS: Mounted root (ext4 filesystem) on device 179:1.
[    5.817268] devtmpfs: mounted
[    5.820512] Freeing unused kernel memory: 288K (c086a000 - c08b2000)
bash: cannot set terminal process group (-1): Inappropriate ioctl for device
bash: no job control in this shell
[    5.993744] usb 2-1: new high-speed USB device number 2 using tegra-ehci
root@(none):/# 