Diff for ./tegra30-beaver/tegra30-beaver/tegra_defconfig_log.txt
--- /tmp/fooa	2013-10-14 12:18:05.644023914 -0700
+++ /tmp/foob	2013-10-14 12:18:05.648023916 -0700
@@ -1,10 +1,38 @@
+
+U-Boot SPL 2013.04-rc2-06423-gf2e8a87-dirty (May 15 2013 - 09:45:39)
+
+
+U-Boot 2013.04-rc2-06423-gf2e8a87-dirty (May 15 2013 - 09:45:39)
+
+TEGRA30
+Board: NVIDIA Beaver
+DRAM:  2 GiB
+MMC:   Tegra SD/MMC: 0, Tegra SD/MMC: 1
 *** Warning - bad CRC, using default environment
 
 In:    serial
 Out:   serial
 Err:   serial
 Hit any key to stop autoboot:  2  1  0 
-Tegra30 (Beaver) # 
+MMC: no card present
+mmc1(part 0) is current device
+Scanning mmc 1...
+MMC: no card present
+** Bad device mmc 1 **
+MMC: no card present
+** Bad device mmc 1 **
+MMC: no card present
+** Bad device mmc 1 **
+MMC: no card present
+** Bad device mmc 1 **
+mmc0(part 0) is current device
+Scanning mmc 0...
+** No partition table - mmc 0 **
+** No partition table - mmc 0 **
+** No partition table - mmc 0 **
+** No partition table - mmc 0 **
+Tegra30 (Beaver) # a
+Unknown command 'a' - try 'help'
 Tegra30 (Beaver) # setenv bootargs 'console=ttyS0,230400n8 noinitrd root=/dev/mmcblk0p1 rw rootwait gpt ignore_loglevel debug'
 Tegra30 (Beaver) # loady 0x81000000
 ## Ready for binary (ymodem) download to 0x81000000 at 230400 bps...
@@ -12,8 +40,8 @@
 Sending: 
 
 Transfer complete
-yzModem - CRC mode, 2(SOH)/4381(STX)/0(CAN) packets, 3 retries
-## Total Size      = 0x00447400 = 4486144 Bytes
+zModem - CRC mode, 8(SOH)/4381(STX)/0(CAN) packets, 3 retries
+## Total Size      = 0x004476e8 = 4486888 Bytes
 Tegra30 (Beaver) # loady 0x82000000
 ## Ready for binary (ymodem) download to 0x82000000 at 230400 bps...
 CSending: tegra30-beaver.dtb
@@ -30,7 +58,7 @@
 Starting kernel .ø†ø†æ€˜€æ€˜€fæžÎžæžøÎxÎøÎžøž~8˜†žøžf†ø†ø†8xþžøžf†8àÎžþž`Îžøž~8~€žf8æÎxžfžø†æ€˜€[    0.000000] Booting Linux on physical CPU 0x0
 Initializing cgroup subsys cpu
 Initializing cgroup subsys cpuacct
-Linux version 3.12.0-rc4-23628-gd0e639c (pwalmsley@tamien) (gcc version 4.5.1 (Sourcery G++ Lite 2010.09-50) ) #1 SMP PREEMPT Mon Oct 7 00:50:35 PDT 2013
+Linux version 3.12.0-rc5-23779-g61e6cfa (pwalmsley@tamien) (gcc version 4.5.1 (Sourcery G++ Lite 2010.09-50) ) #1 SMP PREEMPT Mon Oct 14 12:06:14 PDT 2013
 CPU: ARMv7 Processor [412fc099] revision 9 (ARMv7), cr=10c5387d
 CPU: PIPT / VIPT nonaliasing data cache, VIPT aliasing instruction cache
 Machine: NVIDIA Tegra SoC (Flattened Device Tree), model: NVIDIA Tegra30 Beaver evaluation board
@@ -80,7 +108,7 @@
 Initializing cgroup subsys freezer
 CPU: Testing write buffer coherency: ok
 CPU0: thread -1, cpu 0, socket 0, mpidr 80000000
-Setting up static identity map for 0xc05cff60 - 0xc05cfff8
+Setting up static identity map for 0xc05d01a8 - 0xc05d0240
 CPU1: Booted secondary processor
 CPU1: thread -1, cpu 1, socket 0, mpidr 80000001
 CPU2: Booted secondary processor
@@ -308,7 +336,7 @@
 tegra-ehci 7d008000.usb: USB 2.0 started, EHCI 1.00
 hub 1-0:1.0: USB hub found
 hub 1-0:1.0: 1 port detected
-tegra_rtc 7000e000.rtc: setting system clock to 1970-01-01 00:03:51 UTC (231)
+tegra_rtc 7000e000.rtc: setting system clock to 1970-01-01 00:03:52 UTC (232)
 ALSA device list:
   #0: NVIDIA Tegra Beaver
 kjournald starting.  Commit interval 5 seconds
@@ -321,7 +349,7 @@
  
 INIT: version 2.88 booting
 Using makefile-style concurrent boot in runlevel S.
-Starting the hotplug events dispatcher: udevd[    4.124068] udevd[178]: starting version 175
+Starting the hotplug events dispatcher: udevd[    4.179409] udevd[178]: starting version 175
 [ ok .
 Synthesizing the initial hotplug events...[ ok done.
 Waiting for /dev to be fully populated...[ ok done.
Diff for ./tegra30-beaver/tegra30-beaver/multi_v7_defconfig_log.txt
--- /tmp/fooa	2013-10-14 12:18:05.676023962 -0700
+++ /tmp/foob	2013-10-14 12:18:05.676023962 -0700
@@ -22,8 +22,8 @@
 Sending: 
 
 Transfer complete
-yzModem - CRC mode, 6(SOH)/3846(STX)/0(CAN) packets, 3 retries
-## Total Size      = 0x003c19f0 = 3938800 Bytes
+yzModem - CRC mode, 2(SOH)/3847(STX)/0(CAN) packets, 3 retries
+## Total Size      = 0x003c1b88 = 3939208 Bytes
 Tegra30 (Beaver) # loady 0x82000000
 ## Ready for binary (ymodem) download to 0x82000000 at 230400 bps...
 CSending: tegra30-beaver.dtb
@@ -40,7 +40,7 @@
 Starting kernel ...
 
 Booting Linux on physical CPU 0x0
-Linux version 3.12.0-rc4-23628-gd0e639c (pwalmsley@tamien) (gcc version 4.5.1 (Sourcery G++ Lite 2010.09-50) ) #1 SMP Mon Oct 7 00:53:25 PDT 2013
+Linux version 3.12.0-rc5-23779-g61e6cfa (pwalmsley@tamien) (gcc version 4.5.1 (Sourcery G++ Lite 2010.09-50) ) #1 SMP Mon Oct 14 12:09:41 PDT 2013
 CPU: ARMv7 Processor [412fc099] revision 9 (ARMv7), cr=10c5387d
 CPU: PIPT / VIPT nonaliasing data cache, VIPT aliasing instruction cache
 Machine: NVIDIA Tegra SoC (Flattened Device Tree), model: NVIDIA Tegra30 Beaver evaluation board
@@ -73,7 +73,7 @@
     vmalloc : 0xf0000000 - 0xff000000   ( 240 MB)
     lowmem  : 0xc0000000 - 0xef800000   ( 760 MB)
     pkmap   : 0xbfe00000 - 0xc0000000   (   2 MB)
-      .text : 0xc0008000 - 0xc0698528   (6722 kB)
+      .text : 0xc0008000 - 0xc069851c   (6722 kB)
       .init : 0xc0699000 - 0xc070fb40   ( 475 kB)
       .data : 0xc0710000 - 0xc07a37e0   ( 590 kB)
        .bss : 0xc07a37e8 - 0xc07e9334   ( 279 kB)
@@ -87,7 +87,7 @@
 Mount-cache hash table entries: 512
 CPU: Testing write buffer coherency: ok
 CPU0: thread -1, cpu 0, socket 0, mpidr 80000000
-Setting up static identity map for 0xc05108e0 - 0xc0510978
+Setting up static identity map for 0xc0510960 - 0xc05109f8
 unable to find compatible sirf rstc node in dtb
 CPU1: Booted secondary processor
 CPU1: thread -1, cpu 1, socket 0, mpidr 80000001
@@ -247,7 +247,7 @@
  
 INIT: version 2.88 booting
 Using makefile-style concurrent boot in runlevel S.
-Starting the hotplug events dispatcher: udevd[    2.190871] udevd[158]: starting version 175
+Starting the hotplug events dispatcher: udevd[    2.061376] udevd[158]: starting version 175
 [ ok .
 Synthesizing the initial hotplug events...[ ok done.
 Waiting for /dev to be fully populated...[ ok done.
Diff for ./tegra114-dalmore-headless/tegra114-dalmore/tegra_defconfig_log.txt
--- /tmp/fooa	2013-10-14 12:18:05.696023984 -0700
+++ /tmp/foob	2013-10-14 12:18:05.696023984 -0700
@@ -11,7 +11,7 @@
 Err:   serial
 Net:   Net Initialization Skipped
 No ethernet found.
-Hit any key to stop autoboot:  2  1  0 
+Hit any key to stop autoboot:  2  0 
 Dalmore #
 Dalmore #usb reset
 (Re)start USB...
@@ -28,9 +28,9 @@
 TFTP from server 192.168.100.1; our IP address is 192.168.100.100
 Filename 'zImage.tegra_defconfig'.
 Load address: 0x81000000
-Loading: *#################################################  2.4 MiB/s
+Loading: *#################################################  2.8 MiB/s
 done
-Bytes transferred = 4486144 (447400 hex)
+Bytes transferred = 4486888 (4476e8 hex)
 Dalmore #tftpboot 0x82000000 tegra114-dalmore.dtb
 Using asx0 device
 TFTP from server 192.168.100.1; our IP address is 192.168.100.100
@@ -49,16 +49,16 @@
 Timer summary in microseconds:
        Mark    Elapsed  Stage
           0          0  awake
-  3,003,997  3,003,997  usb_start
-  7,007,145  4,003,148  eth_start
-  7,007,143         -2  tftp start
- 11,296,621  4,289,478  tftp done
- 13,019,712  1,723,091  start_kernel
+  2,214,654  2,214,654  usb_start
+  6,217,957  4,003,303  eth_start
+  6,217,955         -2  tftp start
+ 10,176,529  3,958,574  tftp done
+ 12,230,518  2,053,989  start_kernel
 Uncompressing Linux... done, booting the kernel.
 Booting Linux on physical CPU 0x0
 Initializing cgroup subsys cpu
 Initializing cgroup subsys cpuacct
-Linux version 3.12.0-rc4-23628-gd0e639c (pwalmsley@tamien) (gcc version 4.5.1 (Sourcery G++ Lite 2010.09-50) ) #1 SMP PREEMPT Mon Oct 7 00:50:35 PDT 2013
+Linux version 3.12.0-rc5-23779-g61e6cfa (pwalmsley@tamien) (gcc version 4.5.1 (Sourcery G++ Lite 2010.09-50) ) #1 SMP PREEMPT Mon Oct 14 12:06:14 PDT 2013
 CPU: ARMv7 Processor [412fc0f2] revision 2 (ARMv7), cr=10c5387d
 CPU: PIPT / VIPT nonaliasing data cache, PIPT instruction cache
 Machine: NVIDIA Tegra SoC (Flattened Device Tree), model: NVIDIA Tegra114 Dalmore evaluation board
@@ -111,7 +111,7 @@
 /cpus/cpu@2 missing clock-frequency property
 /cpus/cpu@3 missing clock-frequency property
 CPU0: thread -1, cpu 0, socket 0, mpidr 80000000
-Setting up static identity map for 0xc05cff60 - 0xc05cfff8
+Setting up static identity map for 0xc05d01a8 - 0xc05d0240
 CPU1: Booted secondary processor
 CPU1: thread -1, cpu 1, socket 0, mpidr 80000001
 CPU2: Booted secondary processor
@@ -353,7 +353,7 @@
 hub 1-0:1.0: USB hub found
 hub 1-0:1.0: 1 port detected
 input: gpio-keys.2 as /devices/soc0/gpio-keys.2/input/input1
-palmas-rtc rtc.7: setting system clock to 2000-01-01 10:14:26 UTC (946721666)
+palmas-rtc rtc.7: setting system clock to 2000-01-08 21:30:41 UTC (947367041)
 ALSA device list:
   #0: NVIDIA Tegra Dalmore
 kjournald starting.  Commit interval 5 seconds
@@ -365,4 +365,4 @@
 Freeing unused kernel memory: 236K (c07c7000 - c0802000)
 bash: cannot set terminal process group (-1): Inappropriate ioctl for device
 bash: no job control in this shell
-I have no name!@(none):/# [   15.772180] usb 1-1: new high-speed USB device number 2 using tegra-ehci
+I have no name!@(none):/# [   14.992124] usb 1-1: new high-speed USB device number 2 using tegra-ehci
Diff for ./tegra114-dalmore-headless/tegra114-dalmore/multi_v7_defconfig_log.txt
--- /tmp/fooa	2013-10-14 12:18:05.724024030 -0700
+++ /tmp/foob	2013-10-14 12:18:05.724024030 -0700
@@ -30,7 +30,7 @@
 Load address: 0x81000000
 Loading: *#################################################  2.8 MiB/s
 done
-Bytes transferred = 3938800 (3c19f0 hex)
+Bytes transferred = 3939208 (3c1b88 hex)
 Dalmore #tftpboot 0x82000000 tegra114-dalmore.dtb
 Using asx0 device
 TFTP from server 192.168.100.1; our IP address is 192.168.100.100
@@ -49,13 +49,13 @@
 Timer summary in microseconds:
        Mark    Elapsed  Stage
           0          0  awake
-  2,669,652  2,669,652  usb_start
-  6,673,303  4,003,651  eth_start
-  6,673,301         -2  tftp start
- 10,503,271  3,829,970  tftp done
- 12,685,559  2,182,288  start_kernel
+  2,164,718  2,164,718  usb_start
+  6,168,205  4,003,487  eth_start
+  6,168,202         -3  tftp start
+  9,944,837  3,776,635  tftp done
+ 11,180,216  1,235,379  start_kernel
 Booting Linux on physical CPU 0x0
-Linux version 3.12.0-rc4-23628-gd0e639c (pwalmsley@tamien) (gcc version 4.5.1 (Sourcery G++ Lite 2010.09-50) ) #1 SMP Mon Oct 7 00:53:25 PDT 2013
+Linux version 3.12.0-rc5-23779-g61e6cfa (pwalmsley@tamien) (gcc version 4.5.1 (Sourcery G++ Lite 2010.09-50) ) #1 SMP Mon Oct 14 12:09:41 PDT 2013
 CPU: ARMv7 Processor [412fc0f2] revision 2 (ARMv7), cr=10c5387d
 CPU: PIPT / VIPT nonaliasing data cache, PIPT instruction cache
 Machine: NVIDIA Tegra SoC (Flattened Device Tree), model: NVIDIA Tegra114 Dalmore evaluation board
@@ -84,7 +84,7 @@
     vmalloc : 0xf0000000 - 0xff000000   ( 240 MB)
     lowmem  : 0xc0000000 - 0xef800000   ( 760 MB)
     pkmap   : 0xbfe00000 - 0xc0000000   (   2 MB)
-      .text : 0xc0008000 - 0xc0698528   (6722 kB)
+      .text : 0xc0008000 - 0xc069851c   (6722 kB)
       .init : 0xc0699000 - 0xc070fb40   ( 475 kB)
       .data : 0xc0710000 - 0xc07a37e0   ( 590 kB)
        .bss : 0xc07a37e8 - 0xc07e9334   ( 279 kB)
@@ -105,7 +105,7 @@
 /cpus/cpu@2 missing clock-frequency property
 /cpus/cpu@3 missing clock-frequency property
 CPU0: thread -1, cpu 0, socket 0, mpidr 80000000
-Setting up static identity map for 0xc05108e0 - 0xc0510978
+Setting up static identity map for 0xc0510960 - 0xc05109f8
 unable to find compatible sirf rstc node in dtb
 CPU1: Booted secondary processor
 CPU1: thread -1, cpu 1, socket 0, mpidr 80000001
@@ -255,7 +255,7 @@
 platform 5.regulator: Driver reg-fixed-voltage requests probe deferral
 platform 6.regulator: Driver reg-fixed-voltage requests probe deferral
 platform 7d008000.usb: Driver tegra-ehci requests probe deferral
-tegra_rtc 7000e000.rtc: setting system clock to 1970-01-01 00:00:14 UTC (14)
+tegra_rtc 7000e000.rtc: setting system clock to 1970-01-01 00:00:13 UTC (13)
 EXT4-fs (mmcblk0p1): mounting ext3 file system using the ext4 subsystem
 EXT4-fs (mmcblk0p1): recovery complete
 EXT4-fs (mmcblk0p1): mounted filesystem with ordered data mode. Opts: (null)
