

U-Boot 2015.04-00466-gedec83e90172 (Mar 14 2016 - 10:42:01)

TEGRA124
Model: Acer Chromebook 13 CB5-311
DRAM:  4 GiB
:   Tegra SD/MMC: 0, Tegra SD/MMC: 1, Tegra SD/MMC: 2
MMC init failed
Using default environment

In:    serial
Out:   serial
Err:   serial
Net:   Net Initialization Skipped
No ethernet found.
Hit any key to stop autoboot:  2  0 
Tegra124 (Nyan-big) # 
Tegra124 (Nyan-big) # usb start
starting USB...
USB0:   USB EHCI 1.10
scanning bus 0 for devices... 2 USB Device(s) found
USB1:   USB EHCI 1.10
scanning bus 1 for devices... 2 USB Device(s) found
       scanning usb for storage devices... 1 Storage Device(s) found
       scanning usb for ethernet devices... 
Warning: asx0 using MAC address from net device
1 Ethernet Device(s) found
Tegra124 (Nyan-big) # mw 0x7000e4a0 0x00080000
Tegra124 (Nyan-big) # setenv bootargs 'ignore_loglevel console=ttyS0,115200n8 rw root=PARTUUID=4d36e82a-b3c0-4b4b-bfcd-afe5217ac023 rootwait gpt debug noinitrd earlyprintk init=/bin/bash'
Tegra124 (Nyan-big) # setenv ipaddr 192.168.100.102; setenv serverip 192.168.100.1; setenv tftpserverip 192.168.100.1
Tegra124 (Nyan-big) # tftpboot 0x82000000 zImage.multi_v7_defconfig
Using asx0 device
TFTP from server 192.168.100.1; our IP address is 192.168.100.102
Filename 'zImage.multi_v7_defconfig'.
Load address: 0x82000000
Loading: *#################################################################
	 #################################################################
	 #################################################################
	 #################################################################
	 #################################################################
	 #################################################################
	 #################################################################
	 #################################################################
	 ####################################
	 2.9 MiB/s
done
Bytes transferred = 8159752 (7c8208 hex)
Tegra124 (Nyan-big) # tftpboot 0x83000000 tegra124-nyan-big.dtb
Using asx0 device
TFTP from server 192.168.100.1; our IP address is 192.168.100.102
Filename 'tegra124-nyan-big.dtb'.
Load address: 0x83000000
Loading: *#####
	 3.3 MiB/s
done
Bytes transferred = 68203 (10a6b hex)
Tegra124 (Nyan-big) # bootz 0x82000000 - 0x83000000
Kernel image @ 0x82000000 [ 0x000000 - 0x7c8200 ]
## Flattened Device Tree blob at 83000000
   Booting using the fdt blob at 0x83000000
   Using Device Tree in place at 83000000, end 83013a6a

Starting kernel ...

[    0.000000] Booting Linux on physical CPU 0x0
[    0.000000] Linux version 4.14.0-rc6-201169-gbb176f6 (jonathanh@sellafield) (gcc version 4.7.3 20130328 (prerelease) (crosstool-NG linaro-1.13.1-4.7-2013.04-20130415 - Linaro GCC 2013.04)) #1 SMP Mon Oct 23 13:49:41 PDT 2017
[    0.000000] CPU: ARMv7 Processor [413fc0f3] revision 3 (ARMv7), cr=10c5387d
[    0.000000] CPU: div instructions available: patching division code
[    0.000000] CPU: PIPT / VIPT nonaliasing data cache, PIPT instruction cache
[    0.000000] OF: fdt: Machine model: Acer Chromebook 13 CB5-311
[    0.000000] OF: fdt: Ignoring memory range 0x100000000 - 0x17ffff000
[    0.000000] debug: ignoring loglevel setting.
[    0.000000] Memory policy: Data cache writealloc
[    0.000000] efi: Getting EFI parameters from FDT:
[    0.000000] efi: UEFI not found.
[    0.000000] cma: Reserved 64 MiB at 0xfb800000
[    0.000000] On node 0 totalpages: 524287
[    0.000000] free_area_init_node: node 0, pgdat c158fa40, node_mem_map eeff8000
[    0.000000]   DMA zone: 1536 pages used for memmap
[    0.000000]   DMA zone: 0 pages reserved
[    0.000000]   DMA zone: 196608 pages, LIFO batch:31
[    0.000000]   HighMem zone: 327679 pages, LIFO batch:31
[    0.000000] random: fast init done
[    0.000000] percpu: Embedded 17 pages/cpu @eef81000 s39424 r8192 d22016 u69632
[    0.000000] pcpu-alloc: s39424 r8192 d22016 u69632 alloc=17*4096
[    0.000000] pcpu-alloc: [0] 0 [0] 1 [0] 2 [0] 3 
[    0.000000] Built 1 zonelists, mobility grouping on.  Total pages: 522751
[    0.000000] Kernel command line: ignore_loglevel console=ttyS0,115200n8 rw root=PARTUUID=4d36e82a-b3c0-4b4b-bfcd-afe5217ac023 rootwait gpt debug noinitrd earlyprintk init=/bin/bash
[    0.000000] PID hash table entries: 4096 (order: 2, 16384 bytes)
[    0.000000] Dentry cache hash table entries: 131072 (order: 7, 524288 bytes)
[    0.000000] Inode-cache hash table entries: 65536 (order: 6, 262144 bytes)
[    0.000000] Memory: 1994372K/2097148K available (10240K kernel code, 1631K rwdata, 4504K rodata, 2048K init, 406K bss, 37240K reserved, 65536K cma-reserved, 1245180K highmem)
[    0.000000] Virtual kernel memory layout:
[    0.000000]     vector  : 0xffff0000 - 0xffff1000   (   4 kB)
[    0.000000]     fixmap  : 0xffc00000 - 0xfff00000   (3072 kB)
[    0.000000]     vmalloc : 0xf0800000 - 0xff800000   ( 240 MB)
[    0.000000]     lowmem  : 0xc0000000 - 0xf0000000   ( 768 MB)
[    0.000000]     pkmap   : 0xbfe00000 - 0xc0000000   (   2 MB)
[    0.000000]     modules : 0xbf000000 - 0xbfe00000   (  14 MB)
[    0.000000]       .text : 0xc0208000 - 0xc0d00000   (11232 kB)
[    0.000000]       .init : 0xc1200000 - 0xc1400000   (2048 kB)
[    0.000000]       .data : 0xc1400000 - 0xc1597ee8   (1632 kB)
[    0.000000]        .bss : 0xc15a0b9c - 0xc16064fc   ( 407 kB)
[    0.000000] SLUB: HWalign=64, Order=0-3, MinObjects=0, CPUs=4, Nodes=1
[    0.000000] Hierarchical RCU implementation.
[    0.000000] 	RCU event tracing is enabled.
[    0.000000] 	RCU restricting CPUs from NR_CPUS=16 to nr_cpu_ids=4.
[    0.000000] RCU: Adjusting geometry for rcu_fanout_leaf=16, nr_cpu_ids=4
[    0.000000] NR_IRQS: 16, nr_irqs: 16, preallocated irqs: 16
[    0.000000] /interrupt-controller@60004000: 160 interrupts forwarded to /interrupt-controller@50041000
[    0.000000] Tegra clk 127: register failed with -17
[    0.000004] sched_clock: 32 bits at 1000kHz, resolution 1000ns, wraps every 2147483647500ns
[    0.000011] clocksource: timer_us: mask: 0xffffffff max_cycles: 0xffffffff, max_idle_ns: 1911260446275 ns
[    0.000017] Switching to timer-based delay loop, resolution 1000ns
[    0.001892] arch_timer: cp15 timer(s) running at 12.00MHz (virt).
[    0.001899] clocksource: arch_sys_counter: mask: 0xffffffffffffff max_cycles: 0x2c47f4ee7, max_idle_ns: 440795202497 ns
[    0.001906] sched_clock: 56 bits at 12MHz, resolution 83ns, wraps every 4398046511096ns
[    0.001911] Switching to timer-based delay loop, resolution 83ns
[    0.002126] Console: colour dummy device 80x30
[    0.002142] Calibrating delay loop (skipped), value calculated using timer frequency.. 24.00 BogoMIPS (lpj=120000)
[    0.002148] pid_max: default: 32768 minimum: 301
[    0.002188] Mount-cache hash table entries: 2048 (order: 1, 8192 bytes)
[    0.002194] Mountpoint-cache hash table entries: 2048 (order: 1, 8192 bytes)
[    0.002402] CPU: Testing write buffer coherency: ok
[    0.002526] /cpus/cpu@0 missing clock-frequency property
[    0.002541] /cpus/cpu@1 missing clock-frequency property
[    0.002556] /cpus/cpu@2 missing clock-frequency property
[    0.002571] /cpus/cpu@3 missing clock-frequency property
[    0.002576] CPU0: thread -1, cpu 0, socket 0, mpidr 80000000
[    0.002697] Setting up static identity map for 0x80300000 - 0x803000a0
[    0.003413] Hierarchical SRCU implementation.
[    0.004113] Tegra Revision: A01 SKU: 131 CPU Process: 1 SoC Process: 1
[    0.004393] EFI services will not be available.
[    0.004453] smp: Bringing up secondary CPUs ...
[    0.004678] CPU1: thread -1, cpu 1, socket 0, mpidr 80000001
[    0.012101] CPU2: thread -1, cpu 2, socket 0, mpidr 80000002
[    0.022116] CPU3: thread -1, cpu 3, socket 0, mpidr 80000003
[    0.031891] smp: Brought up 1 node, 4 CPUs
[    0.031900] SMP: Total of 4 processors activated (96.00 BogoMIPS).
[    0.031904] CPU: All CPU(s) started in SVC mode.
[    0.032462] devtmpfs: initialized
[    0.037413] VFP support v0.3: implementor 41 architecture 4 part 30 variant f rev 0
[    0.037604] clocksource: jiffies: mask: 0xffffffff max_cycles: 0xffffffff, max_idle_ns: 19112604462750000 ns
[    0.037612] futex hash table entries: 1024 (order: 4, 65536 bytes)
[    0.038189] pinctrl core: initialized pinctrl subsystem
[    0.038815] DMI not present or invalid.
[    0.038917] NET: Registered protocol family 16
[    0.039663] DMA: preallocated 256 KiB pool for atomic coherent allocations
[    0.040555] cpuidle: using governor menu
[    0.048798] No ATAGs?
[    0.048852] hw-breakpoint: found 5 (+1 reserved) breakpoint and 4 watchpoint registers.
[    0.048858] hw-breakpoint: maximum watchpoint size is 8 bytes.
[    0.051648] Serial: AMBA PL011 UART driver
[    0.052015] tegra-mc 70019000.memory-controller: no memory timings for RAM code 0 registered
[    0.052127] iommu: Adding device reg-dummy to group 0
[    0.052158] iommu: Adding device 50000000.host1x to group 1
[    0.052183] iommu: Adding device 54200000.dc to group 2
[    0.052206] iommu: Adding device 54240000.dc to group 3
[    0.052221] iommu: Adding device 54280000.hdmi to group 4
[    0.052232] iommu: Adding device 54540000.sor to group 5
[    0.052245] iommu: Adding device 545c0000.dpaux to group 6
[    0.052269] iommu: Adding device 57000000.gpu to group 7
[    0.052280] iommu: Adding device 60005000.timer to group 8
[    0.052291] iommu: Adding device 60007000.flow-controller to group 9
[    0.052301] iommu: Adding device 6000c800.actmon to group 10
[    0.052312] iommu: Adding device 6000d000.gpio to group 11
[    0.052325] iommu: Adding device 60020000.dma to group 12
[    0.052336] iommu: Adding device 70000800.apbmisc to group 13
[    0.052347] iommu: Adding device 70000868.pinmux to group 14
[    0.052357] iommu: Adding device 70006000.serial to group 15
[    0.052370] iommu: Adding device 7000a000.pwm to group 16
[    0.052381] iommu: Adding device 7000c000.i2c to group 17
[    0.052393] iommu: Adding device 7000c400.i2c to group 18
[    0.052404] iommu: Adding device 7000c500.i2c to group 19
[    0.052417] iommu: Adding device 7000c700.i2c to group 20
[    0.052428] iommu: Adding device 7000d000.i2c to group 21
[    0.052440] iommu: Adding device 7000d400.spi to group 22
[    0.052452] iommu: Adding device 7000da00.spi to group 23
[    0.052462] iommu: Adding device 7000e000.rtc to group 24
[    0.052473] iommu: Adding device 7000e400.pmc to group 25
[    0.052483] iommu: Adding device 7000f800.fuse to group 26
[    0.052497] iommu: Adding device 70019000.memory-controller to group 27
[    0.052508] iommu: Adding device 7001b000.emc to group 28
[    0.052520] iommu: Adding device 70030000.hda to group 29
[    0.052532] iommu: Adding device 70090000.usb to group 30
[    0.052543] iommu: Adding device 7009f000.padctl to group 31
[    0.052553] iommu: Adding device 700b0000.sdhci to group 32
[    0.052564] iommu: Adding device 700b0400.sdhci to group 33
[    0.052575] iommu: Adding device 700b0600.sdhci to group 34
[    0.052586] iommu: Adding device 700e2000.thermal-sensor to group 35
[    0.052597] iommu: Adding device 70300000.ahub to group 36
[    0.052610] iommu: Adding device pmu to group 37
[    0.052622] iommu: Adding device timer to group 38
[    0.052633] iommu: Adding device sdhci0_pwrseq to group 39
[    0.052644] iommu: Adding device backlight to group 40
[    0.052655] iommu: Adding device clocks to group 41
[    0.052665] iommu: Adding device gpio-keys to group 42
[    0.052675] iommu: Adding device regulators to group 43
[    0.052686] iommu: Adding device regulators:regulator@0 to group 44
[    0.052696] iommu: Adding device regulators:regulator@1 to group 45
[    0.052709] iommu: Adding device regulators:regulator@2 to group 46
[    0.052720] iommu: Adding device regulators:regulator@3 to group 47
[    0.052733] iommu: Adding device regulators:regulator@4 to group 48
[    0.052744] iommu: Adding device regulators:regulator@5 to group 49
[    0.052755] iommu: Adding device regulators:regulator@6 to group 50
[    0.052766] iommu: Adding device regulators:regulator@7 to group 51
[    0.052777] iommu: Adding device regulators:regulator@8 to group 52
[    0.052790] iommu: Adding device regulators:regulator@9 to group 53
[    0.052802] iommu: Adding device regulators:regulator@10 to group 54
[    0.052813] iommu: Adding device regulators:regulator@11 to group 55
[    0.052824] iommu: Adding device regulators:regulator@12 to group 56
[    0.052834] iommu: Adding device sound to group 57
[    0.052845] iommu: Adding device gpio-restart to group 58
[    0.052858] iommu: Adding device panel to group 59
[    0.057908] AT91: Could not find identification node
[    0.058117] +5V_SYS: supplied by +VDD_MUX
[    0.058219] +3.3V_SYS: supplied by +VDD_MUX
[    0.058432] +VDD_LED: Failed to request enable GPIO122: -517
[    0.058438] reg-fixed-voltage regulators:regulator@5: Failed to register regulator: -517
[    0.058472] +5V_VDD_TS_SW: Failed to request enable GPIO81: -517
[    0.058477] reg-fixed-voltage regulators:regulator@6: Failed to register regulator: -517
[    0.058510] +5V_USB_HS: Failed to request enable GPIO108: -517
[    0.058514] reg-fixed-voltage regulators:regulator@7: Failed to register regulator: -517
[    0.058547] +5V_USB_SS: Failed to request enable GPIO109: -517
[    0.058552] reg-fixed-voltage regulators:regulator@8: Failed to register regulator: -517
[    0.058642] +1.05V_RUN_AVDD_HDMI_PLL: Failed to request enable GPIO63: -517
[    0.058646] reg-fixed-voltage regulators:regulator@11: Failed to register regulator: -517
[    0.058679] +5V_HDMI_CON: Failed to request enable GPIO86: -517
[    0.058683] reg-fixed-voltage regulators:regulator@12: Failed to register regulator: -517
[    0.059670] vgaarb: loaded
[    0.059932] SCSI subsystem initialized
[    0.060006] libata version 3.00 loaded.
[    0.060082] usbcore: registered new interface driver usbfs
[    0.060099] usbcore: registered new interface driver hub
[    0.060120] usbcore: registered new device driver usb
[    0.061401] pps_core: LinuxPPS API ver. 1 registered
[    0.061405] pps_core: Software ver. 5.3.6 - Copyright 2005-2007 Rodolfo Giometti <giometti@linux.it>
[    0.061413] PTP clock support registered
[    0.061478] EDAC MC: Ver: 3.0.0
[    0.061584] dmi: Firmware registration failed.
[    0.061881] tegra-emc 7001b000.emc: no memory timings for RAM code 0 found in DT
[    0.061906] tegra-emc: probe of 7001b000.emc failed with error -2
[    0.062334] clocksource: Switched to clocksource arch_sys_counter
[    0.081688] NET: Registered protocol family 2
[    0.081883] TCP established hash table entries: 8192 (order: 3, 32768 bytes)
[    0.081917] TCP bind hash table entries: 8192 (order: 4, 65536 bytes)
[    0.081979] TCP: Hash tables configured (established 8192 bind 8192)
[    0.082012] UDP hash table entries: 512 (order: 2, 16384 bytes)
[    0.082027] UDP-Lite hash table entries: 512 (order: 2, 16384 bytes)
[    0.082087] NET: Registered protocol family 1
[    0.082235] RPC: Registered named UNIX socket transport module.
[    0.082239] RPC: Registered udp transport module.
[    0.082242] RPC: Registered tcp transport module.
[    0.082245] RPC: Registered tcp NFSv4.1 backchannel transport module.
[    0.082250] PCI: CLS 0 bytes, default 64
[    0.082842] hw perfevents: enabled with armv7_cortex_a15 PMU driver, 7 counters available
[    0.083121] iommu: Adding device alarmtimer to group 60
[    0.083477] workingset: timestamp_bits=30 max_order=19 bucket_order=0
[    0.085476] squashfs: version 4.0 (2009/01/31) Phillip Lougher
[    0.085690] NFS: Registering the id_resolver key type
[    0.085702] Key type id_resolver registered
[    0.085706] Key type id_legacy registered
[    0.085722] ntfs: driver 2.1.32 [Flags: R/O].
[    0.086215] bounce: pool size: 64 pages
[    0.086236] Block layer SCSI generic (bsg) driver version 0.4 loaded (major 248)
[    0.086240] io scheduler noop registered
[    0.086243] io scheduler deadline registered
[    0.086315] io scheduler cfq registered (default)
[    0.086319] io scheduler mq-deadline registered
[    0.086322] io scheduler kyber registered
[    0.087587] tegra-xusb-padctl 7009f000.padctl: failed to setup XUSB ports: -517
[    0.098045] tegra-apbdma 60020000.dma: Tegra20 APB DMA driver register 32 channels
[    0.099059] tegra-pmc 7000e400.pmc: i2c-thermtrip node not found, emergency thermal reset disabled.
[    0.115738] Serial: 8250/16550 driver, 4 ports, IRQ sharing disabled
[    0.115783] iommu: Adding device serial8250 to group 61
[    0.116798] console [ttyS0] disabled
[    0.116816] 70006000.serial: ttyS0 at MMIO 0x70006000 (irq = 333, base_baud = 25500000) is a Tegra
[    1.364341] console [ttyS0] enabled
[    1.368124] SuperH (H)SCI(F) driver initialized
[    1.373014] msm_serial: driver initialized
[    1.377159] STMicroelectronics ASC driver initialized
[    1.384535] tegra-hdmi 54280000.hdmi: failed to get HDMI regulator
[    1.391073] tegra-dpaux 545c0000.dpaux: failed to get VDD supply: -517
[    1.398497] panel-simple panel: panel supply power not found, using dummy regulator
[    1.408811] brd: module loaded
[    1.414239] loop: module loaded
[    1.418287] as3722 4-0040: AS3722 with revision 0x1 found
[    1.424802] iommu: Adding device as3722-pinctrl to group 62
[    1.431689] iommu: Adding device as3722-regulator to group 63
[    1.439544] as3722-sd2: supplied by +5V_SYS
[    1.443955] as3722-sd3: supplied by +5V_SYS
[    1.448282] +1.35V_LP0(sd3): Bringing 0uV into 1350000-1350000uV
[    1.454499] as3722-sd4: supplied by +5V_SYS
[    1.458829] +1.05V_RUN: Bringing 0uV into 1050000-1050000uV
[    1.464558] as3722-sd5: supplied by +5V_SYS
[    1.470114] as3722-ldo0: supplied by +1.35V_LP0(sd2)
[    1.475836] +1.8V_RUN_CAM: Bringing 0uV into 1800000-1800000uV
[    1.481835] as3722-ldo2: supplied by +1.8V_VDDIO
[    1.487437] as3722-ldo3: supplied by +3.3V_SYS
[    1.491882] +1.00V_LP0_VDD_RTC: Bringing 1100000uV into 1000000-1000000uV
[    1.499444] as3722-ldo4: supplied by +3.3V_SYS
[    1.504047] +3.3V_RUN_CAM: Bringing 0uV into 2800000-2800000uV
[    1.510045] as3722-ldo5: supplied by +1.8V_VDDIO
[    1.514817] +1.2V_RUN_CAM_FRONT: Bringing 0uV into 1200000-1200000uV
[    1.521487] +VDDIO_SDMMC3: Bringing 0uV into 1800000-1800000uV
[    1.527504] as3722-ldo7: supplied by +1.8V_VDDIO
[    1.532268] +1.05V_RUN_CAM_REAR: Bringing 0uV into 1050000-1050000uV
[    1.538808] as3722-ldo9: supplied by +5V_SYS
[    1.543379] +2.8V_RUN_TOUCH: Bringing 0uV into 2800000-2800000uV
[    1.549565] as3722-ldo10: supplied by +5V_SYS
[    1.554076] +2.8V_RUN_CAM_AF: Bringing 0uV into 2800000-2800000uV
[    1.560496] +1.8V_RUN_VPP_FUSE: Bringing 0uV into 1800000-1800000uV
[    1.566990] iommu: Adding device as3722-rtc to group 64
[    1.572349] iommu: Adding device as3722-adc to group 65
[    1.577661] iommu: Adding device as3722-power-off to group 66
[    1.583504] iommu: Adding device as3722-wdt to group 67
[    1.600346] m25p80 spi1.0: w25q32dw (4096 Kbytes)
[    1.605840] iommu: Adding device Fixed MDIO bus.0 to group 68
[    1.611710] libphy: Fixed MDIO Bus: probed
[    1.616130] CAN device driver interface
[    1.620265] bgmac_bcma: Broadcom 47xx GBit MAC driver loaded
[    1.626374] e1000e: Intel(R) PRO/1000 Network Driver - 3.2.6-k
[    1.632190] e1000e: Copyright(c) 1999 - 2015 Intel Corporation.
[    1.638116] igb: Intel(R) Gigabit Ethernet Network Driver - version 5.4.0-k
[    1.645064] igb: Copyright (c) 2007-2014 Intel Corporation.
[    1.651882] pegasus: v0.9.3 (2013/04/25), Pegasus/Pegasus II USB Ethernet driver
[    1.659286] usbcore: registered new interface driver pegasus
[    1.664950] usbcore: registered new interface driver asix
[    1.670344] usbcore: registered new interface driver ax88179_178a
[    1.676438] usbcore: registered new interface driver cdc_ether
[    1.682268] usbcore: registered new interface driver smsc75xx
[    1.688018] usbcore: registered new interface driver smsc95xx
[    1.693763] usbcore: registered new interface driver net1080
[    1.699418] usbcore: registered new interface driver cdc_subset
[    1.705336] usbcore: registered new interface driver zaurus
[    1.710909] usbcore: registered new interface driver cdc_ncm
[    1.717225] ehci_hcd: USB 2.0 'Enhanced' Host Controller (EHCI) Driver
[    1.723742] ehci-pci: EHCI PCI platform driver
[    1.728185] ehci-platform: EHCI generic platform driver
[    1.733470] ehci-orion: EHCI orion driver
[    1.737520] SPEAr-ehci: EHCI SPEAr driver
[    1.741566] ehci-st: EHCI STMicroelectronics driver
[    1.746483] ehci-exynos: EHCI EXYNOS driver
[    1.750705] ehci-atmel: EHCI Atmel driver
[    1.754754] tegra-ehci: Tegra EHCI driver
[    1.758814] ohci_hcd: USB 1.1 'Open' Host Controller (OHCI) Driver
[    1.764988] ohci-pci: OHCI PCI platform driver
[    1.769430] ohci-platform: OHCI generic platform driver
[    1.774709] SPEAr-ohci: OHCI SPEAr driver
[    1.778753] ohci-st: OHCI STMicroelectronics driver
[    1.783670] ohci-atmel: OHCI Atmel driver
[    1.787916] usbcore: registered new interface driver usb-storage
[    1.794918] elan_i2c 1-0015: 1-0015 supply vcc not found, using dummy regulator
[    1.802275] as3722-rtc as3722-rtc: rtc core: registered as3722-rtc as rtc0
[    1.809150] as3722-rtc as3722-rtc: RTC interrupt 372
[    1.816096] tegra_rtc 7000e000.rtc: rtc core: registered 7000e000.rtc as rtc1
[    1.823237] tegra_rtc 7000e000.rtc: Tegra internal Real Time Clock
[    1.829585] i2c /dev entries driver
[    1.834382] IR NEC protocol handler initialized
[    1.838900] IR RC5(x/sz) protocol handler initialized
[    1.843944] IR RC6 protocol handler initialized
[    1.848461] IR JVC protocol handler initialized
[    1.852985] IR Sony protocol handler initialized
[    1.857588] IR SANYO protocol handler initialized
[    1.862278] IR Sharp protocol handler initialized
[    1.866972] IR MCE Keyboard/mouse protocol handler initialized
[    1.872793] IR XMP protocol handler initialized
[    1.878420] lm90 0-004c: 0-004c supply vcc not found, using dummy regulator
[    1.888728] iommu: Adding device cpufreq-tegra124 to group 69
[    1.895558] sdhci: Secure Digital Host Controller Interface driver
[    1.901723] sdhci: Copyright(c) Pierre Ossman
[    1.906631] Synopsys Designware Multimedia Card Interface Driver
[    1.913072] sdhci-pltfm: SDHCI platform and OF driver helper
[    1.919000] sdhci-tegra 700b0000.sdhci: allocated mmc-pwrseq
[    1.932468] sdhci-tegra 700b0400.sdhci: Got CD GPIO
[    1.937351] sdhci-tegra 700b0400.sdhci: Got WP GPIO
[    1.958379] mmc0: Unknown controller version (3). You may experience problems.
[    1.965631] mmc0: Invalid maximum block size, assuming 512 bytes
[    1.994538] elan_i2c 1-0015: Elan Touchpad: Module ID: 0x002a, Firmware: 0x0005, Sample: 0x0007, IAP: 0x0009
[    2.004471] input: Elan Touchpad as /devices/soc0/7000c400.i2c/i2c-1/1-0015/input/input0
[    2.032342] mmc0: SDHCI controller on 700b0600.sdhci [700b0600.sdhci] using ADMA
[    2.040467] ledtrig-cpu: registered to indicate activity on CPUs
[    2.046639] usbcore: registered new interface driver usbhid
[    2.052195] usbhid: USB HID core driver
[    2.057383] NET: Registered protocol family 10
[    2.062136] Segment Routing with IPv6
[    2.065830] sit: IPv6, IPv4 and MPLS over IPv4 tunneling driver
[    2.071926] NET: Registered protocol family 17
[    2.076368] can: controller area network core (rev 20170425 abi 9)
[    2.082558] NET: Registered protocol family 29
[    2.086990] can: raw protocol (rev 20170425)
[    2.091246] can: broadcast manager protocol (rev 20170425 t)
[    2.096898] can: netlink gateway (rev 20170425) max_hops=1
[    2.102490] Key type dns_resolver registered
[    2.106947] ThumbEE CPU extension supported.
[    2.111206] Registering SWP/SWPB emulation handler
[    2.122043] +3.3V_RUN: supplied by +3.3V_SYS
[    2.126905] +VDD_LED: supplied by +VDD_MUX
[    2.131150] +3.3V_AVDD_HDMI_AP_GATED: supplied by +3.3V_RUN
[    2.136769] +1.8V_RUN_CAM: supplied by +3.3V_RUN
[    2.141401] +VDDIO_SDMMC3: supplied by +3.3V_RUN
[    2.146044] +1.8V_RUN_VPP_FUSE: supplied by +3.3V_RUN
[    2.151302] +5V_VDD_TS_SW: supplied by +5V_SYS
[    2.156101] +5V_USB_HS: supplied by +5V_SYS
[    2.160443] +5V_USB_SS: supplied by +5V_SYS
[    2.165571] +3.3V_PANEL: supplied by +3.3V_RUN
[    2.170785] +3.3V_LP0: supplied by +3.3V_SYS
[    2.173361] mmc0: new high speed MMC card at address 0001
[    2.173585] mmcblk0: mmc0:0001 MMC16G 14.4 GiB 
[    2.173826] mmcblk0boot0: mmc0:0001 MMC16G partition 1 2.00 MiB
[    2.174147] mmcblk0boot1: mmc0:0001 MMC16G partition 2 2.00 MiB
[    2.174480] mmcblk0rpmb: mmc0:0001 MMC16G partition 3 128 KiB
[    2.178079]  mmcblk0: p1 p2 p3 p4 p5 p6 p7 p8 p9 p10 p11 p12
[    2.209002] +1.05V_RUN_AVDD_HDMI_PLL: supplied by +1.05V_RUN
[    2.209232] elan_i2c 1-0015: failed to read report data: -121
[    2.209604] elan_i2c 1-0015: failed to read report data: -121
[    2.226504] +5V_HDMI_CON: supplied by +5V_SYS
[    2.231436]  usb3-0: usb3-0 supply vbus not found, using dummy regulator
[    2.238235]  usb3-1: usb3-1 supply vbus not found, using dummy regulator
[    2.248593] tegra-sor 54540000.sor: failed to probe output: -517
[    2.255380] panel-simple panel: panel supply power not found, using dummy regulator
[    2.264134] sdhci-tegra 700b0000.sdhci: allocated mmc-pwrseq
[    2.276552] mmc1: Unknown controller version (3). You may experience problems.
[    2.283814] mmc1: Invalid maximum block size, assuming 512 bytes
[    2.290160] mmc1: Switching to 3.3V signalling voltage failed
[    2.352420] mmc1: SDHCI controller on 700b0000.sdhci [700b0000.sdhci] using ADMA
[    2.360634] sdhci-tegra 700b0400.sdhci: Got CD GPIO
[    2.365074] elan_i2c 1-0015: invalid report id data (ff)
[    2.370853] sdhci-tegra 700b0400.sdhci: Got WP GPIO
[    2.384294] mmc2: Unknown controller version (3). You may experience problems.
[    2.391589] mmc2: Invalid maximum block size, assuming 512 bytes
[    2.424227] mmc1: new high speed SDIO card at address 0001
[    2.462514] mmc2: SDHCI controller on 700b0400.sdhci [700b0400.sdhci] using ADMA
[    2.566198] [drm] Supports vblank timestamp caching Rev 2 (21.10.2013).
[    2.572824] [drm] No driver support for vblank timestamp query.
[    2.612927] mmc2: new high speed SDHC card at address 0007
[    2.613137] mmcblk2: mmc2:0007 SD08G 7.42 GiB 
[    2.621658] GPT:Primary header alternate_lba != Alt. header my_lba
[    2.621662] GPT:3014591 != 15564799
[    2.621664] GPT:Primary header thinks Alt. header is not at the end of the disk.
[    2.621665] GPT:3014591 != 15564799
[    2.621666] GPT: Use GNU Parted to correct GPT errors.
[    2.621690]  mmcblk2: p1 p2 p3 p4 p5 p6 p7 p8 p9 p10 p11 p12
[    2.661216] Console: switching to colour frame buffer device 170x48
[    2.725421] drm drm: fb0:  frame buffer device
[    2.729905] [drm] Initialized tegra 0.0.0 20120330 for drm on minor 0
[    2.737391] input: gpio-keys as /devices/soc0/gpio-keys/input/input1
[    2.745038] as3722-rtc as3722-rtc: setting system clock to 2000-01-01 09:00:12 UTC (946717212)
[    2.754050] +1.8V_RUN_CAM: disabling
[    2.757830] +3.3V_RUN_CAM: disabling
[    2.761562] +1.2V_RUN_CAM_FRONT: disabling
[    2.765931] +1.05V_RUN_CAM_REAR: disabling
[    2.770184] +2.8V_RUN_TOUCH: disabling
[    2.774178] +2.8V_RUN_CAM_AF: disabling
[    2.778171] +1.8V_RUN_VPP_FUSE: disabling
[    2.782359] +5V_VDD_TS_SW: disabling
[    2.785934] +5V_USB_HS: disabling
[    2.789239] +5V_USB_SS: disabling
[    2.793480] EXT4-fs (mmcblk0p3): couldn't mount as ext3 due to feature incompatibilities
[    2.802076] EXT4-fs (mmcblk0p3): couldn't mount as ext2 due to feature incompatibilities
[    3.000377] EXT4-fs (mmcblk0p3): recovery complete
[    3.005946] EXT4-fs (mmcblk0p3): mounted filesystem with ordered data mode. Opts: (null)
[    3.014076] VFS: Mounted root (ext4 filesystem) on device 179:3.
[    3.021208] devtmpfs: mounted
[    3.024893] Freeing unused kernel memory: 2048K
bash: cannot set terminal process group (-1): Inappropriate ioctl for device
bash: no job control in this shell
root@(none):/# 