Diff for ./tegra30-beaver/tegra30-beaver/tegra_defconfig_log.txt
--- /tmp/fooa	2013-07-29 22:08:56.301465966 -0700
+++ /tmp/foob	2013-07-29 22:08:56.301465966 -0700
@@ -22,8 +22,8 @@
 Sending: 
 
 Transfer complete
-yzModem - CRC mode, 7(SOH)/4225(STX)/0(CAN) packets, 3 retries
-## Total Size      = 0x00420628 = 4326952 Bytes
+yzModem - CRC mode, 9(SOH)/4225(STX)/0(CAN) packets, 3 retries
+## Total Size      = 0x00420748 = 4327240 Bytes
 Tegra30 (Beaver) # loady 0x82000000
 ## Ready for binary (ymodem) download to 0x82000000 at 230400 bps...
 CSending: tegra30-beaver.dtb
@@ -42,7 +42,7 @@
 Booting Linux on physical CPU 0x0
 Initializing cgroup subsys cpu
 Initializing cgroup subsys cpuacct
-Linux version 3.11.0-rc1-10775-gad81f05 (pwalmsley@tamien) (gcc version 4.5.1 (Sourcery G++ Lite 2010.09-50) ) #1 SMP PREEMPT Mon Jul 29 19:25:16 PDT 2013
+Linux version 3.11.0-rc2-11028-g3b2f64d (pwalmsley@tamien) (gcc version 4.5.1 (Sourcery G++ Lite 2010.09-50) ) #1 SMP PREEMPT Mon Jul 29 21:04:58 PDT 2013
 CPU: ARMv7 Processor [412fc099] revision 9 (ARMv7), cr=10c5387d
 CPU: PIPT / VIPT nonaliasing data cache, VIPT aliasing instruction cache
 Machine: NVIDIA Tegra SoC (Flattened Device Tree), model: NVIDIA Tegra30 Beaver evaluation board
@@ -50,7 +50,7 @@
 cma: CMA: reserved 16 MiB at ae800000
 Memory policy: ECC disabled, Data cache writealloc
 On node 0 totalpages: 524032
-free_area_init_node: node 0, pgdat c07ff640, node_mem_map c0857000
+free_area_init_node: node 0, pgdat c07ff740, node_mem_map c0857000
   Normal zone: 1520 pages used for memmap
   Normal zone: 0 pages reserved
   Normal zone: 194560 pages, LIFO batch:31
@@ -77,10 +77,10 @@
     lowmem  : 0xc0000000 - 0xef800000   ( 760 MB)
     pkmap   : 0xbfe00000 - 0xc0000000   (   2 MB)
     modules : 0xbf000000 - 0xbfe00000   (  14 MB)
-      .text : 0xc0008000 - 0xc0779e10   (7624 kB)
+      .text : 0xc0008000 - 0xc0779e34   (7624 kB)
       .init : 0xc077a000 - 0xc07b5540   ( 238 kB)
-      .data : 0xc07b6000 - 0xc0800d20   ( 300 kB)
-       .bss : 0xc0800d20 - 0xc0856550   ( 343 kB)
+      .data : 0xc07b6000 - 0xc0800e20   ( 300 kB)
+       .bss : 0xc0800e20 - 0xc0856650   ( 343 kB)
 Preemptible hierarchical RCU implementation.
 NR_IRQS:16 nr_irqs:16 16
 sched_clock: 32 bits at 1000kHz, resolution 1000ns, wraps every 4294967ms
@@ -92,7 +92,7 @@
 Initializing cgroup subsys freezer
 CPU: Testing write buffer coherency: ok
 CPU0: thread -1, cpu 0, socket 0, mpidr 80000000
-Setting up static identity map for 0xc0596ac8 - 0xc0596b60
+Setting up static identity map for 0xc0596d40 - 0xc0596dd8
 CPU1: Booted secondary processor
 CPU1: thread -1, cpu 1, socket 0, mpidr 80000001
 CPU2: Booted secondary processor
@@ -283,7 +283,7 @@
  
 INIT: version 2.88 booting
 Using makefile-style concurrent boot in runlevel S.
-Starting the hotplug events dispatcher: udevd[    2.730270] udevd[178]: starting version 175
+Starting the hotplug events dispatcher: udevd[    2.674746] udevd[179]: starting version 175
 [ ok .
 Synthesizing the initial hotplug events...[ ok done.
 Waiting for /dev to be fully populated...[ ok done.
Diff for ./tegra30-beaver/tegra30-beaver/multi_v7_defconfig_log.txt
--- /tmp/fooa	2013-07-29 22:08:56.309465979 -0700
+++ /tmp/foob	2013-07-29 22:08:56.313465986 -0700
@@ -22,15 +22,15 @@
 Sending: 
 
 Transfer complete
-Modem - CRC mode, 2(SOH)/3855(STX)/0(CAN) packets, 3 retries
-## Total Size      = 0x003c3bb8 = 3947448 Bytes
+odem - CRC mode, 3(SOH)/3856(STX)/0(CAN) packets, 3 retries
+## Total Size      = 0x003c4060 = 3948640 Bytes
 Tegra30 (Beaver) # loady 0x82000000
 ## Ready for binary (ymodem) download to 0x82000000 at 230400 bps...
 CSending: tegra30-beaver.dtb
 Sending: 
 
 Transfer complete
-yzModem - CRC mode, 2(SOH)/17(STX)/0(CAN) packets, 3 retries
+Modem - CRC mode, 2(SOH)/17(STX)/0(CAN) packets, 3 retries
 ## Total Size      = 0x0000439d = 17309 Bytes
 Tegra30 (Beaver) # bootz 0x81000000 - 0x82000000
 ## Flattened Device Tree blob at 82000000
@@ -40,14 +40,14 @@
 Starting kernel ...
 
 Booting Linux on physical CPU 0x0
-Linux version 3.11.0-rc1-10775-gad81f05 (pwalmsley@tamien) (gcc version 4.5.1 (Sourcery G++ Lite 2010.09-50) ) #1 SMP Mon Jul 29 19:27:42 PDT 2013
+Linux version 3.11.0-rc2-11028-g3b2f64d (pwalmsley@tamien) (gcc version 4.5.1 (Sourcery G++ Lite 2010.09-50) ) #1 SMP Mon Jul 29 21:07:27 PDT 2013
 CPU: ARMv7 Processor [412fc099] revision 9 (ARMv7), cr=10c5387d
 CPU: PIPT / VIPT nonaliasing data cache, VIPT aliasing instruction cache
 Machine: NVIDIA Tegra SoC (Flattened Device Tree), model: NVIDIA Tegra30 Beaver evaluation board
 debug: ignoring loglevel setting.
 Memory policy: ECC disabled, Data cache writealloc
 On node 0 totalpages: 524032
-free_area_init_node: node 0, pgdat c07aa5c0, node_mem_map c07f2000
+free_area_init_node: node 0, pgdat c07aa680, node_mem_map c07f2000
   DMA zone: 1520 pages used for memmap
   DMA zone: 0 pages reserved
   DMA zone: 194560 pages, LIFO batch:31
@@ -73,10 +73,10 @@
     vmalloc : 0xf0000000 - 0xff000000   ( 240 MB)
     lowmem  : 0xc0000000 - 0xef800000   ( 760 MB)
     pkmap   : 0xbfe00000 - 0xc0000000   (   2 MB)
-      .text : 0xc0008000 - 0xc06a1d80   (6760 kB)
+      .text : 0xc0008000 - 0xc06a1da0   (6760 kB)
       .init : 0xc06a2000 - 0xc0718c00   ( 475 kB)
-      .data : 0xc071a000 - 0xc07abd00   ( 584 kB)
-       .bss : 0xc07abd00 - 0xc07f1554   ( 279 kB)
+      .data : 0xc071a000 - 0xc07abdc0   ( 584 kB)
+       .bss : 0xc07abdc0 - 0xc07f1614   ( 279 kB)
 SLUB: HWalign=64, Order=0-3, MinObjects=0, CPUs=4, Nodes=1
 Hierarchical RCU implementation.
 NR_IRQS:16 nr_irqs:16 16
@@ -87,7 +87,7 @@
 Mount-cache hash table entries: 512
 CPU: Testing write buffer coherency: ok
 CPU0: thread -1, cpu 0, socket 0, mpidr 80000000
-Setting up static identity map for 0xc0515948 - 0xc05159e0
+Setting up static identity map for 0xc0515c88 - 0xc0515d20
 unable to find compatible sirf rstc node in dtb
 CPU1: Booted secondary processor
 CPU1: thread -1, cpu 1, socket 0, mpidr 80000001
@@ -237,7 +237,7 @@
  
 INIT: version 2.88 booting
 Using makefile-style concurrent boot in runlevel S.
-Starting the hotplug events dispatcher: udevd[    2.133659] udevd[159]: starting version 175
+Starting the hotplug events dispatcher: udevd[    2.135140] udevd[160]: starting version 175
 [ ok .
 Synthesizing the initial hotplug events...[ ok done.
 Waiting for /dev to be fully populated...[ ok done.
Diff for ./tegra114-dalmore-headless/tegra114-dalmore/tegra_defconfig_log.txt
--- /tmp/fooa	2013-07-29 22:08:56.317465992 -0700
+++ /tmp/foob	2013-07-29 22:08:56.321465998 -0700
@@ -11,7 +11,7 @@
 Err:   serial
 Net:   Net Initialization Skipped
 No ethernet found.
-Hit any key to stop autoboot:  2  0 
+Hit any key to stop autoboot:  2  1  0 
 Dalmore #
 Dalmore #usb reset
 (Re)start USB...
@@ -30,7 +30,7 @@
 Load address: 0x81000000
 Loading: *#################################################  2.8 MiB/s
 done
-Bytes transferred = 4326952 (420628 hex)
+Bytes transferred = 4327240 (420748 hex)
 Dalmore #tftpboot 0x82000000 tegra114-dalmore.dtb
 Using asx0 device
 TFTP from server 192.168.100.1; our IP address is 192.168.100.100
@@ -49,15 +49,15 @@
 Timer summary in microseconds:
        Mark    Elapsed  Stage
           0          0  awake
-  2,888,455  2,888,455  usb_start
-  6,891,820  4,003,365  eth_start
-  6,891,817         -3  tftp start
- 10,803,329  3,911,512  tftp done
- 12,904,024  2,100,695  start_kernel
+  3,077,632  3,077,632  usb_start
+  7,081,118  4,003,486  eth_start
+  7,081,116         -2  tftp start
+ 10,993,383  3,912,267  tftp done
+ 13,093,468  2,100,085  start_kernel
 Booting Linux on physical CPU 0x0
 Initializing cgroup subsys cpu
 Initializing cgroup subsys cpuacct
-Linux version 3.11.0-rc1-10775-gad81f05 (pwalmsley@tamien) (gcc version 4.5.1 (Sourcery G++ Lite 2010.09-50) ) #1 SMP PREEMPT Mon Jul 29 19:25:16 PDT 2013
+Linux version 3.11.0-rc2-11028-g3b2f64d (pwalmsley@tamien) (gcc version 4.5.1 (Sourcery G++ Lite 2010.09-50) ) #1 SMP PREEMPT Mon Jul 29 21:04:58 PDT 2013
 CPU: ARMv7 Processor [412fc0f2] revision 2 (ARMv7), cr=10c5387d
 CPU: PIPT / VIPT nonaliasing data cache, PIPT instruction cache
 Machine: NVIDIA Tegra SoC (Flattened Device Tree), model: NVIDIA Tegra114 Dalmore evaluation board
@@ -65,7 +65,7 @@
 cma: CMA: reserved 16 MiB at ae800000
 Memory policy: ECC disabled, Data cache writealloc
 On node 0 totalpages: 524032
-free_area_init_node: node 0, pgdat c07ff640, node_mem_map c0857000
+free_area_init_node: node 0, pgdat c07ff740, node_mem_map c0857000
   Normal zone: 1520 pages used for memmap
   Normal zone: 0 pages reserved
   Normal zone: 194560 pages, LIFO batch:31
@@ -88,10 +88,10 @@
     lowmem  : 0xc0000000 - 0xef800000   ( 760 MB)
     pkmap   : 0xbfe00000 - 0xc0000000   (   2 MB)
     modules : 0xbf000000 - 0xbfe00000   (  14 MB)
-      .text : 0xc0008000 - 0xc0779e10   (7624 kB)
+      .text : 0xc0008000 - 0xc0779e34   (7624 kB)
       .init : 0xc077a000 - 0xc07b5540   ( 238 kB)
-      .data : 0xc07b6000 - 0xc0800d20   ( 300 kB)
-       .bss : 0xc0800d20 - 0xc0856550   ( 343 kB)
+      .data : 0xc07b6000 - 0xc0800e20   ( 300 kB)
+       .bss : 0xc0800e20 - 0xc0856650   ( 343 kB)
 Preemptible hierarchical RCU implementation.
 NR_IRQS:16 nr_irqs:16 16
 sched_clock: 32 bits at 1000kHz, resolution 1000ns, wraps every 4294967ms
@@ -110,7 +110,7 @@
 /cpus/cpu@2 missing clock-frequency property
 /cpus/cpu@3 missing clock-frequency property
 CPU0: thread -1, cpu 0, socket 0, mpidr 80000000
-Setting up static identity map for 0xc0596ac8 - 0xc0596b60
+Setting up static identity map for 0xc0596d40 - 0xc0596dd8
 CPU1: Booted secondary processor
 CPU1: thread -1, cpu 1, socket 0, mpidr 80000001
 CPU2: Booted secondary processor
Diff for ./tegra114-dalmore-headless/tegra114-dalmore/multi_v7_defconfig_log.txt
--- /tmp/fooa	2013-07-29 22:08:56.325466004 -0700
+++ /tmp/foob	2013-07-29 22:08:56.329466011 -0700
@@ -30,7 +30,7 @@
 Load address: 0x81000000
 Loading: *#################################################  2.8 MiB/s
 done
-Bytes transferred = 3947448 (3c3bb8 hex)
+Bytes transferred = 3948640 (3c4060 hex)
 Dalmore #tftpboot 0x82000000 tegra114-dalmore.dtb
 Using asx0 device
 TFTP from server 192.168.100.1; our IP address is 192.168.100.100
@@ -49,20 +49,20 @@
 Timer summary in microseconds:
        Mark    Elapsed  Stage
           0          0  awake
-  3,103,001  3,103,001  usb_start
-  7,106,722  4,003,721  eth_start
-  7,106,720         -2  tftp start
- 10,889,621  3,782,901  tftp done
- 12,118,396  1,228,775  start_kernel
+  2,923,778  2,923,778  usb_start
+  6,927,377  4,003,599  eth_start
+  6,927,375         -2  tftp start
+ 10,762,521  3,835,146  tftp done
+ 12,939,269  2,176,748  start_kernel
 Booting Linux on physical CPU 0x0
-Linux version 3.11.0-rc1-10775-gad81f05 (pwalmsley@tamien) (gcc version 4.5.1 (Sourcery G++ Lite 2010.09-50) ) #1 SMP Mon Jul 29 19:27:42 PDT 2013
+Linux version 3.11.0-rc2-11028-g3b2f64d (pwalmsley@tamien) (gcc version 4.5.1 (Sourcery G++ Lite 2010.09-50) ) #1 SMP Mon Jul 29 21:07:27 PDT 2013
 CPU: ARMv7 Processor [412fc0f2] revision 2 (ARMv7), cr=10c5387d
 CPU: PIPT / VIPT nonaliasing data cache, PIPT instruction cache
 Machine: NVIDIA Tegra SoC (Flattened Device Tree), model: NVIDIA Tegra114 Dalmore evaluation board
 debug: ignoring loglevel setting.
 Memory policy: ECC disabled, Data cache writealloc
 On node 0 totalpages: 524032
-free_area_init_node: node 0, pgdat c07aa5c0, node_mem_map c07f2000
+free_area_init_node: node 0, pgdat c07aa680, node_mem_map c07f2000
   DMA zone: 1520 pages used for memmap
   DMA zone: 0 pages reserved
   DMA zone: 194560 pages, LIFO batch:31
@@ -84,10 +84,10 @@
     vmalloc : 0xf0000000 - 0xff000000   ( 240 MB)
     lowmem  : 0xc0000000 - 0xef800000   ( 760 MB)
     pkmap   : 0xbfe00000 - 0xc0000000   (   2 MB)
-      .text : 0xc0008000 - 0xc06a1d80   (6760 kB)
+      .text : 0xc0008000 - 0xc06a1da0   (6760 kB)
       .init : 0xc06a2000 - 0xc0718c00   ( 475 kB)
-      .data : 0xc071a000 - 0xc07abd00   ( 584 kB)
-       .bss : 0xc07abd00 - 0xc07f1554   ( 279 kB)
+      .data : 0xc071a000 - 0xc07abdc0   ( 584 kB)
+       .bss : 0xc07abdc0 - 0xc07f1614   ( 279 kB)
 SLUB: HWalign=64, Order=0-3, MinObjects=0, CPUs=4, Nodes=1
 Hierarchical RCU implementation.
 NR_IRQS:16 nr_irqs:16 16
@@ -105,7 +105,7 @@
 /cpus/cpu@2 missing clock-frequency property
 /cpus/cpu@3 missing clock-frequency property
 CPU0: thread -1, cpu 0, socket 0, mpidr 80000000
-Setting up static identity map for 0xc0515948 - 0xc05159e0
+Setting up static identity map for 0xc0515c88 - 0xc0515d20
 unable to find compatible sirf rstc node in dtb
 CPU1: Booted secondary processor
 CPU1: thread -1, cpu 1, socket 0, mpidr 80000001
@@ -227,9 +227,9 @@
 vdd_hdmi_5v0: 5000 mV 
 reg-fixed-voltage 5.regulator: Failed to find supply vin
 reg-fixed-voltage 5.regulator: Failed to register regulator: -517
-platform 5.regulator: Driver reg-fixed-voltage requests probe deferral
 mmc1: BKOPS_EN bit is not set
-tegra_rtc 7000e000.rtc: setting system clock to 1970-01-01 00:00:14 UTC (14)
+platform 5.regulator: Driver reg-fixed-voltage requests probe deferral
+tegra_rtc 7000e000.rtc: setting system clock to 1970-01-01 00:00:15 UTC (15)
 Waiting for root device /dev/mmcblk0p1...
  
 mmc1: new HS200 MMC card at address 0001
