
U-Boot SPL 2015.04-rc3-00209-ga74ef40 (Mar 16 2015 - 14:43:39)


U-Boot 2015.04-rc3-00209-ga74ef40 (Mar 16 2015 - 14:43:39)

TEGRA20
Model: Compulab TrimSlice board
DRAM:  1 GiB
MMC:   Tegra SD/MMC: 0, Tegra SD/MMC: 1
SF: Detected W25Q80BL with page size 256 Bytes, erase size 4 KiB, total 1 MiB
tegra-pcie: PCI regions:
tegra-pcie:   I/O: 0x82000000-0x82010000
tegra-pcie:   non-prefetchable memory: 0xa0000000-0xa8000000
tegra-pcie:   prefetchable memory: 0xa8000000-0xc0000000
tegra-pcie: dual-mode configuration
tegra-pcie: probing port 0, using 2 lanes
In:    serial
Out:   serial
Err:   serial
Net:   RTL8169#0
Hit any key to stop autoboot:  2  0 
Tegra20 (TrimSlice) # 
Tegra20 (TrimSlice) # usb reset
resetting USB...
USB0:   USB EHCI 1.00
scanning bus 0 for devices... 2 USB Device(s) found
USB1:   USB EHCI 1.00
scanning bus 1 for devices... 1 USB Device(s) found
USB2:   lowlevel init failed
       scanning usb for storage devices... 0 Storage Device(s) found
       scanning usb for ethernet devices... 0 Ethernet Device(s) found
Tegra20 (TrimSlice) # setenv bootargs 'ignore_loglevel console=ttyS0,115200n8 rw root=/dev/mmcblk0p1 rootwait gpt debug noinitrd earlyprintk init=/bin/bash'
Tegra20 (TrimSlice) # setenv ipaddr 192.168.100.103; setenv serverip 192.168.100.1; setenv tftpserverip 192.168.100.1
Tegra20 (TrimSlice) # tftpboot 0x00408000 zImage.multi_v7_defconfig
Using RTL8169#0 device
TFTP from server 192.168.100.1; our IP address is 192.168.100.103
Filename 'zImage.multi_v7_defconfig'.
Load address: 0x408000
Loading: *#################################################################
	 #################################################################
	 #################################################################
	 #################################################################
	 #################################################################
	 #################################################################
	 #########################
	 3.9 MiB/s
done
Bytes transferred = 6082800 (5cd0f0 hex)
Tegra20 (TrimSlice) # tftpboot 0x02408000 tegra20-trimslice.dtb
Using RTL8169#0 device
TFTP from server 192.168.100.1; our IP address is 192.168.100.103
Filename 'tegra20-trimslice.dtb'.
Load address: 0x2408000
Loading: *##
	 4 MiB/s
done
Bytes transferred = 20902 (51a6 hex)
Tegra20 (TrimSlice) # bootz 0x00408000 - 0x02408000
Kernel image @ 0x408000 [ 0x000000 - 0x5cd0f0 ]
## Flattened Device Tree blob at 02408000
   Booting using the fdt blob at 0x2408000
   Using Device Tree in place at 02408000, end 024101a5

Starting kernel ...

[    0.000000] Booting Linux on physical CPU 0x0
[    0.000000] Linux version 4.0.0-00776-g39a8804 (pwalmsley@sellafield) (gcc version 4.7.3 20130328 (prerelease) (crosstool-NG linaro-1.13.1-4.7-2013.04-20130415 - Linaro GCC 2013.04) ) #1 SMP Mon Apr 13 09:56:56 PDT 2015
[    0.000000] CPU: ARMv7 Processor [411fc090] revision 0 (ARMv7), cr=10c5387d
[    0.000000] CPU: PIPT / VIPT nonaliasing data cache, VIPT aliasing instruction cache
[    0.000000] Machine model: Compulab TrimSlice board
[    0.000000] debug: ignoring loglevel setting.
[    0.000000] cma: Reserved 64 MiB at 0x3c000000
[    0.000000] Memory policy: Data cache writealloc
[    0.000000] On node 0 totalpages: 262144
[    0.000000] free_area_init_node: node 0, pgdat c0ec7880, node_mem_map eeff8000
[    0.000000]   DMA zone: 1520 pages used for memmap
[    0.000000]   DMA zone: 0 pages reserved
[    0.000000]   DMA zone: 194560 pages, LIFO batch:31
[    0.000000]   HighMem zone: 67584 pages, LIFO batch:15
[    0.000000] PERCPU: Embedded 11 pages/cpu @eefcc000 s12480 r8192 d24384 u45056
[    0.000000] pcpu-alloc: s12480 r8192 d24384 u45056 alloc=11*4096
[    0.000000] pcpu-alloc: [0] 0 [0] 1 
[    0.000000] Built 1 zonelists in Zone order, mobility grouping on.  Total pages: 260624
[    0.000000] Kernel command line: ignore_loglevel console=ttyS0,115200n8 rw root=/dev/mmcblk0p1 rootwait gpt debug noinitrd earlyprintk init=/bin/bash
[    0.000000] PID hash table entries: 4096 (order: 2, 16384 bytes)
[    0.000000] Dentry cache hash table entries: 131072 (order: 7, 524288 bytes)
[    0.000000] Inode-cache hash table entries: 65536 (order: 6, 262144 bytes)
[    0.000000] Memory: 960448K/1048576K available (7834K kernel code, 1013K rwdata, 3412K rodata, 796K init, 316K bss, 22592K reserved, 65536K cma-reserved, 204800K highmem)
[    0.000000] Virtual kernel memory layout:
[    0.000000]     vector  : 0xffff0000 - 0xffff1000   (   4 kB)
[    0.000000]     fixmap  : 0xffc00000 - 0xfff00000   (3072 kB)
[    0.000000]     vmalloc : 0xf0000000 - 0xff000000   ( 240 MB)
[    0.000000]     lowmem  : 0xc0000000 - 0xef800000   ( 760 MB)
[    0.000000]     pkmap   : 0xbfe00000 - 0xc0000000   (   2 MB)
[    0.000000]     modules : 0xbf000000 - 0xbfe00000   (  14 MB)
[    0.000000]       .text : 0xc0208000 - 0xc0d04b40   (11251 kB)
[    0.000000]       .init : 0xc0d05000 - 0xc0dcc000   ( 796 kB)
[    0.000000]       .data : 0xc0dcc000 - 0xc0ec97a0   (1014 kB)
[    0.000000]        .bss : 0xc0ec97a0 - 0xc0f188a8   ( 317 kB)
[    0.000000] SLUB: HWalign=64, Order=0-3, MinObjects=0, CPUs=2, Nodes=1
[    0.000000] Hierarchical RCU implementation.
[    0.000000] 	Additional per-CPU info printed with stalls.
[    0.000000] 	RCU restricting CPUs from NR_CPUS=16 to nr_cpu_ids=2.
[    0.000000] RCU: Adjusting geometry for rcu_fanout_leaf=16, nr_cpu_ids=2
[    0.000000] NR_IRQS:16 nr_irqs:16 16
[    0.000000] L2C: platform modifies aux control register: 0x02080000 -> 0x3e480001
[    0.000000] L2C: DT/platform modifies aux control register: 0x02080000 -> 0x3e480001
[    0.000000] L2C-310 errata 727915 769419 enabled
[    0.000000] L2C-310 enabling early BRESP for Cortex-A9
[    0.000000] L2C-310: enabling full line of zeros but not enabled in Cortex-A9
[    0.000000] L2C-310 ID prefetch enabled, offset 1 lines
[    0.000000] L2C-310 cache controller enabled, 8 ways, 1024 kB
[    0.000000] L2C-310: CACHE_ID 0x410000c4, AUX_CTRL 0x7e480001
[    0.000010] sched_clock: 32 bits at 1000kHz, resolution 1000ns, wraps every 2147483648000ns
[    0.000027] Switching to timer-based delay loop, resolution 1000ns
[    0.001319] Console: colour dummy device 80x30
[    0.001337] Calibrating delay loop (skipped), value calculated using timer frequency.. 2.00 BogoMIPS (lpj=5000)
[    0.001347] pid_max: default: 32768 minimum: 301
[    0.001437] Mount-cache hash table entries: 2048 (order: 1, 8192 bytes)
[    0.001446] Mountpoint-cache hash table entries: 2048 (order: 1, 8192 bytes)
[    0.001901] CPU: Testing write buffer coherency: ok
[    0.002067] CPU0: thread -1, cpu 0, socket 0, mpidr 80000000
[    0.002114] Setting up static identity map for 0x9682c8 - 0x968360
[    0.003262] Tegra Revision: A03 prime SKU: 8 CPU Process: 1 Core Process: 2
[    0.004259] CPU1: thread -1, cpu 1, socket 0, mpidr 80000001
[    0.004315] Brought up 2 CPUs
[    0.004326] SMP: Total of 2 processors activated (4.00 BogoMIPS).
[    0.004331] CPU: All CPU(s) started in SVC mode.
[    0.004688] devtmpfs: initialized
[    0.005382] VFP support v0.3: implementor 41 architecture 3 part 30 variant 9 rev 1
[    0.008670] pinctrl core: initialized pinctrl subsystem
[    0.013262] NET: Registered protocol family 16
[    0.015526] DMA: preallocated 256 KiB pool for atomic coherent allocations
[    0.029955] cpuidle: using governor ladder
[    0.044952] cpuidle: using governor menu
[    0.051987] platform 7000f800.fuse: Driver tegra20_fuse requests probe deferral
[    0.055039] No ATAGs?
[    0.055067] hw-breakpoint: found 5 (+1 reserved) breakpoint and 1 watchpoint registers.
[    0.055074] hw-breakpoint: maximum watchpoint size is 4 bytes.
[    0.057343] Serial: AMBA PL011 UART driver
[    0.082943] usb1_vbus: Failed to request enable GPIO170: -517
[    0.083025] reg-fixed-voltage regulators:regulator@2: Failed to register regulator: -517
[    0.083040] platform regulators:regulator@2: Driver reg-fixed-voltage requests probe deferral
[    0.086518] vgaarb: loaded
[    0.087041] SCSI subsystem initialized
[    0.087178] libata version 3.00 loaded.
[    0.087425] usbcore: registered new interface driver usbfs
[    0.087474] usbcore: registered new interface driver hub
[    0.087516] usbcore: registered new device driver usb
[    0.089430] media: Linux media interface: v0.10
[    0.089472] Linux video capture interface: v2.00
[    0.089506] pps_core: LinuxPPS API ver. 1 registered
[    0.089512] pps_core: Software ver. 5.3.6 - Copyright 2005-2007 Rodolfo Giometti <giometti@linux.it>
[    0.089530] PTP clock support registered
[    0.089717] EDAC MC: Ver: 3.0.0
[    0.090514] Advanced Linux Sound Architecture Driver Initialized.
[    0.091318] Switched to clocksource timer_us
[    0.098941] NET: Registered protocol family 2
[    0.099425] TCP established hash table entries: 8192 (order: 3, 32768 bytes)
[    0.099488] TCP bind hash table entries: 8192 (order: 4, 65536 bytes)
[    0.099593] TCP: Hash tables configured (established 8192 bind 8192)
[    0.099654] TCP: reno registered
[    0.099665] UDP hash table entries: 512 (order: 2, 16384 bytes)
[    0.099709] UDP-Lite hash table entries: 512 (order: 2, 16384 bytes)
[    0.099876] NET: Registered protocol family 1
[    0.100101] RPC: Registered named UNIX socket transport module.
[    0.100108] RPC: Registered udp transport module.
[    0.100113] RPC: Registered tcp transport module.
[    0.100118] RPC: Registered tcp NFSv4.1 backchannel transport module.
[    0.100135] PCI: CLS 0 bytes, default 64
[    0.100908] hw perfevents: enabled with armv7_cortex_a9 PMU driver, 7 counters available
[    0.101926] futex hash table entries: 512 (order: 3, 32768 bytes)
[    0.110083] squashfs: version 4.0 (2009/01/31) Phillip Lougher
[    0.110733] NFS: Registering the id_resolver key type
[    0.110763] Key type id_resolver registered
[    0.110769] Key type id_legacy registered
[    0.110821] ntfs: driver 2.1.31 [Flags: R/O].
[    0.111663] bounce: pool size: 64 pages
[    0.111822] Block layer SCSI generic (bsg) driver version 0.4 loaded (major 248)
[    0.111836] io scheduler noop registered
[    0.111846] io scheduler deadline registered
[    0.111999] io scheduler cfq registered (default)
[    0.120352] tegra-pcie 80003000.pcie-controller: dual-mode configuration
[    0.120904] tegra-pcie 80003000.pcie-controller: probing port 0, using 2 lanes
[    0.203462] tegra-pcie 80003000.pcie-controller: PCI host bridge to bus 0000:00
[    0.203482] pci_bus 0000:00: root bus resource [mem 0xa0000000-0xa7ffffff]
[    0.203492] pci_bus 0000:00: root bus resource [mem 0xa8000000-0xbfffffff pref]
[    0.203501] pci_bus 0000:00: root bus resource [bus 00-ff]
[    0.203510] pci_bus 0000:00: root bus resource [io  0x1000-0xffff]
[    0.203537] pci 0000:00:01.0: [10de:0bf0] type 01 class 0x060000
[    0.203591] pci 0000:00:01.0: PME# supported from D0 D1 D2 D3hot D3cold
[    0.203760] PCI: bus0: Fast back to back transfers disabled
[    0.203771] pci 0000:00:01.0: bridge configuration invalid ([bus 00-00]), reconfiguring
[    0.203907] pci 0000:01:00.0: [10ec:8168] type 00 class 0x020000
[    0.203929] pci 0000:01:00.0: reg 0x10: [io  0x0000-0x00ff]
[    0.203952] pci 0000:01:00.0: reg 0x18: [mem 0x00000000-0x00000fff 64bit pref]
[    0.203969] pci 0000:01:00.0: reg 0x20: [mem 0x00000000-0x00003fff 64bit pref]
[    0.203982] pci 0000:01:00.0: reg 0x30: [mem 0x00000000-0x0001ffff pref]
[    0.204054] pci 0000:01:00.0: supports D1 D2
[    0.204062] pci 0000:01:00.0: PME# supported from D0 D1 D2 D3hot D3cold
[    0.211371] PCI: bus1: Fast back to back transfers disabled
[    0.211384] pci_bus 0000:01: busn_res: [bus 01-ff] end is updated to 01
[    0.211395] Disabling cpuidle LP2 state, since PCIe IRQs are in use
[    0.211449] pci 0000:00:01.0: BAR 8: assigned [mem 0xa0000000-0xa00fffff]
[    0.211461] pci 0000:00:01.0: BAR 9: assigned [mem 0xa8000000-0xa80fffff 64bit pref]
[    0.211470] pci 0000:00:01.0: BAR 7: assigned [io  0x1000-0x1fff]
[    0.211482] pci 0000:01:00.0: BAR 6: assigned [mem 0xa0000000-0xa001ffff pref]
[    0.211492] pci 0000:01:00.0: BAR 4: assigned [mem 0xa8000000-0xa8003fff 64bit pref]
[    0.211510] pci 0000:01:00.0: BAR 2: assigned [mem 0xa8004000-0xa8004fff 64bit pref]
[    0.211526] pci 0000:01:00.0: BAR 0: assigned [io  0x1000-0x10ff]
[    0.211537] pci 0000:00:01.0: PCI bridge to [bus 01]
[    0.211545] pci 0000:00:01.0:   bridge window [io  0x1000-0x1fff]
[    0.211553] pci 0000:00:01.0:   bridge window [mem 0xa0000000-0xa00fffff]
[    0.211562] pci 0000:00:01.0:   bridge window [mem 0xa8000000-0xa80fffff 64bit pref]
[    0.211582] pci 0000:00:01.0: nv_msi_ht_cap_quirk didn't locate host bridge
[    0.211643] pcieport 0000:00:01.0: enabling device (0140 -> 0143)
[    0.211791] pcieport 0000:00:01.0: Signaling PME through PCIe PME interrupt
[    0.211800] pci 0000:01:00.0: Signaling PME through PCIe PME interrupt
[    0.211809] pcie_pme 0000:00:01.0:pcie01: service driver pcie_pme loaded
[    0.214867] tegra-apbdma 6000a000.dma: Tegra20 APB DMA driver register 16 channels
[    0.261208] Serial: 8250/16550 driver, 4 ports, IRQ sharing disabled
[    0.263019] SuperH (H)SCI(F) driver initialized
[    0.263580] msm_serial: driver initialized
[    0.264243] console [ttyS0] disabled
[    0.264276] 70006000.serial: ttyS0 at MMIO 0x70006000 (irq = 279, base_baud = 13500000) is a Tegra
[    1.217616] console [ttyS0] enabled
[    1.221695] STMicroelectronics ASC driver initialized
[    1.228256] [drm] Initialized drm 1.1.0 20060810
[    1.234125] 54280000.hdmi supply hdmi not found, using dummy regulator
[    1.243225] [drm] Supports vblank timestamp caching Rev 2 (21.10.2013).
[    1.249846] [drm] No driver support for vblank timestamp query.
[    1.255777] drm drm: No connectors reported connected with modes
[    1.261783] [drm] Cannot find any crtc or sizes - going 1024x768
[    1.283724] Console: switching to colour frame buffer device 128x48
[    1.298390] drm drm: fb0:  frame buffer device
[    1.302830] drm drm: registered panic notifier
[    1.321330] [drm] Initialized tegra 0.0.0 20120330 on minor 0
[    1.331264] loop: module loaded
[    1.338661] m25p80 spi32766.0: found s25fl008k, expected w25q80bl
[    1.344759] m25p80 spi32766.0: s25fl008k (1024 Kbytes)
[    1.352085] CAN device driver interface
[    1.356784] igb: Intel(R) Gigabit Ethernet Network Driver - version 5.2.15-k
[    1.363825] igb: Copyright (c) 2007-2014 Intel Corporation.
[    1.369900] r8169 Gigabit Ethernet driver 2.3LK-NAPI loaded
[    1.375492] r8169 0000:01:00.0: enabling device (0140 -> 0143)
[    1.381916] r8169 0000:01:00.0 eth0: RTL8168d/8111d at 0xf005c000, 00:01:c0:13:7d:63, XID 081000c0 IRQ 296
[    1.391564] r8169 0000:01:00.0 eth0: jumbo features [frames: 9200 bytes, tx checksumming: ko]
[    1.401216] pegasus: v0.9.3 (2013/04/25), Pegasus/Pegasus II USB Ethernet driver
[    1.408669] usbcore: registered new interface driver pegasus
[    1.414376] usbcore: registered new interface driver asix
[    1.419821] usbcore: registered new interface driver ax88179_178a
[    1.425946] usbcore: registered new interface driver cdc_ether
[    1.431826] usbcore: registered new interface driver smsc75xx
[    1.437618] usbcore: registered new interface driver smsc95xx
[    1.443396] usbcore: registered new interface driver net1080
[    1.449095] usbcore: registered new interface driver cdc_subset
[    1.455046] usbcore: registered new interface driver zaurus
[    1.460680] usbcore: registered new interface driver cdc_ncm
[    1.467183] ehci_hcd: USB 2.0 'Enhanced' Host Controller (EHCI) Driver
[    1.473712] ehci-pci: EHCI PCI platform driver
[    1.478196] ehci-platform: EHCI generic platform driver
[    1.483577] ehci-omap: OMAP-EHCI Host Controller driver
[    1.488903] ehci-orion: EHCI orion driver
[    1.493014] SPEAr-ehci: EHCI SPEAr driver
[    1.497127] ehci-st: EHCI STMicroelectronics driver
[    1.502107] ehci-exynos: EHCI EXYNOS driver
[    1.506410] tegra-ehci: Tegra EHCI driver
[    1.510616] platform c5000000.usb: Driver tegra-ehci requests probe deferral
[    1.517739] platform c5004000.usb: Driver tegra-ehci requests probe deferral
[    1.524855] platform c5008000.usb: Driver tegra-ehci requests probe deferral
[    1.531953] ohci_hcd: USB 1.1 'Open' Host Controller (OHCI) Driver
[    1.538143] ohci-pci: OHCI PCI platform driver
[    1.542631] ohci-platform: OHCI generic platform driver
[    1.547988] ohci-omap3: OHCI OMAP3 driver
[    1.552102] SPEAr-ohci: OHCI SPEAr driver
[    1.556211] ohci-st: OHCI STMicroelectronics driver
[    1.561256] usbcore: registered new interface driver usb-storage
[    1.567447] platform c5000000.usb-phy: Driver tegra-phy requests probe deferral
[    1.574802] tegra-phy c5004000.usb-phy: no vbus regulator
[    1.581279] tegra-phy c5008000.usb-phy: no vbus regulator
[    1.588023] mousedev: PS/2 mouse device common for all mice
[    1.595527] rtc-em3027 2-0056: rtc core: registered rtc-em3027 as rtc0
[    1.603124] tegra_rtc 7000e000.rtc: rtc core: registered 7000e000.rtc as rtc1
[    1.610292] tegra_rtc 7000e000.rtc: Tegra internal Real Time Clock
[    1.616891] i2c /dev entries driver
[    1.622230] usbcore: registered new interface driver uvcvideo
[    1.627972] USB Video Class driver (1.1.1)
[    1.632065] gspca_main: v2.14.0 registered
[    1.639388] Driver 'mmcblk' needs updating - please use bus_type methods
[    1.646140] sdhci: Secure Digital Host Controller Interface driver
[    1.652311] sdhci: Copyright(c) Pierre Ossman
[    1.657586] Synopsys Designware Multimedia Card Interface Driver
[    1.664378] sdhci-pltfm: SDHCI platform and OF driver helper
[    1.670779] sdhci-tegra c8000000.sdhci: No vmmc regulator found
[    1.676698] sdhci-tegra c8000000.sdhci: No vqmmc regulator found
[    1.682696] mmc0: Invalid maximum block size, assuming 512 bytes
[    1.716348] mmc0: SDHCI controller on c8000000.sdhci [c8000000.sdhci] using ADMA
[    1.723847] sdhci-tegra c8000600.sdhci: Got CD GPIO
[    1.728747] sdhci-tegra c8000600.sdhci: Got WP GPIO
[    1.733749] sdhci-tegra c8000600.sdhci: No vmmc regulator found
[    1.739682] sdhci-tegra c8000600.sdhci: No vqmmc regulator found
[    1.745691] mmc1: Invalid maximum block size, assuming 512 bytes
[    1.781416] mmc1: SDHCI controller on c8000600.sdhci [c8000600.sdhci] using ADMA
[    1.789489] ledtrig-cpu: registered to indicate activity on CPUs
[    1.795659] usbcore: registered new interface driver usbhid
[    1.801235] usbhid: USB HID core driver
[    1.807740] usbcore: registered new interface driver snd-usb-audio
[    1.817502] tlv320aic23-codec 2-001a: Control not supported for path LLINEIN -> [NULL] -> Line Input
[    1.826637] tlv320aic23-codec 2-001a: ASoC: no dapm match for LLINEIN --> NULL --> Line Input
[    1.835155] tlv320aic23-codec 2-001a: ASoC: Failed to add route LLINEIN -> NULL -> Line Input
[    1.843678] tlv320aic23-codec 2-001a: Control not supported for path RLINEIN -> [NULL] -> Line Input
[    1.852804] tlv320aic23-codec 2-001a: ASoC: no dapm match for RLINEIN --> NULL --> Line Input
[    1.861323] tlv320aic23-codec 2-001a: ASoC: Failed to add route RLINEIN -> NULL -> Line Input
[    1.869845] tlv320aic23-codec 2-001a: Control not supported for path MICIN -> [NULL] -> Mic Input
[    1.878709] tlv320aic23-codec 2-001a: ASoC: no dapm match for MICIN --> NULL --> Mic Input
[    1.886966] tlv320aic23-codec 2-001a: ASoC: Failed to add route MICIN -> NULL -> Mic Input
[    1.895762] tegra-snd-trimslice sound: tlv320aic23-hifi <-> 70002800.i2s mapping ok
[    1.905076] TCP: cubic registered
[    1.908414] NET: Registered protocol family 17
[    1.912872] can: controller area network core (rev 20120528 abi 9)
[    1.919099] NET: Registered protocol family 29
[    1.923548] can: raw protocol (rev 20120528)
[    1.927816] can: broadcast manager protocol (rev 20120528 t)
[    1.933475] can: netlink gateway (rev 20130117) max_hops=1
[    1.933854] mmc0: host does not support reading read-only switch, assuming write-enable
[    1.935815] mmc0: new high speed SDHC card at address b368
[    1.936064] mmcblk0: mmc0:b368 NCard 3.70 GiB 
[    1.957184] Key type dns_resolver registered
[    1.961818] ThumbEE CPU extension supported.
[    1.966087] Registering SWP/SWPB emulation handler
[    1.973580] platform c5000000.usb: Driver tegra-ehci requests probe deferral
[    1.981364]  mmcblk0: p1
[    2.002530] ulpi_phy_power_on: ulpi write failed
[    2.007158] tegra-ehci c5004000.usb: Failed to power on the phy
[    2.013098] tegra-ehci: probe of c5004000.usb failed with error -110
[    2.022890] tegra-ehci c5008000.usb: EHCI Host Controller
[    2.028423] tegra-ehci c5008000.usb: new USB bus registered, assigned bus number 1
[    2.036471] tegra-ehci c5008000.usb: irq 290, io mem 0xc5008000
[    2.051356] tegra-ehci c5008000.usb: USB 2.0 started, EHCI 1.00
[    2.058241] hub 1-0:1.0: USB hub found
[    2.062046] hub 1-0:1.0: 1 port detected
[    2.070003] utmi_phy_clk_enable: timeout waiting for phy to stabilize
[    2.076501] tegra-ehci c5000000.usb: EHCI Host Controller
[    2.081953] tegra-ehci c5000000.usb: new USB bus registered, assigned bus number 2
[    2.089874] tegra-ehci c5000000.usb: irq 288, io mem 0xc5000000
[    2.101361] tegra-ehci c5000000.usb: USB 2.0 started, EHCI 1.00
[    2.108190] hub 2-0:1.0: USB hub found
[    2.112016] hub 2-0:1.0: 1 port detected
[    2.116048] mmc1: new high speed SD card at address b368
[    2.122793] input: gpio-keys as /devices/soc0/gpio-keys/input/input0
[    2.129235] mmcblk1: mmc1:b368 NCard 1.83 GiB (ro)
[    2.134330] rtc-em3027 2-0056: setting system clock to 2014-12-25 19:43:26 UTC (1419536606)
[    2.147975] ALSA device list:
[    2.150941]   #0: tegra-trimslice
[    2.157148]  mmcblk1: p1 p2
[    2.161581] EXT4-fs (mmcblk0p1): mounting ext3 file system using the ext4 subsystem
[    2.251014] EXT4-fs (mmcblk0p1): recovery complete
[    2.255838] EXT4-fs (mmcblk0p1): mounted filesystem with ordered data mode. Opts: (null)
[    2.263953] VFS: Mounted root (ext3 filesystem) on device 179:1.
[    2.278388] devtmpfs: mounted
[    2.282248] Freeing unused kernel memory: 796K (c0d05000 - c0dcc000)
[    2.371454] usb 1-1: new high-speed USB device number 2 using tegra-ehci
[    2.507939] hub 1-1:1.0: USB hub found
[    2.511857] hub 1-1:1.0: 4 ports detected
bash: cannot set terminal process group (-1): Inappropriate ioctl for device
bash: no job control in this shell
root@(none):/# 