
U-Boot SPL 2014.01-00219-gc4d376f (Feb 18 2014 - 19:57:32)


U-Boot 2014.01-00219-gc4d376f (Feb 18 2014 - 19:57:32)

TEGRA114
Board: NVIDIA Dalmore
I2C:   ready
DRAM:  2 GiB
MMC:   Tegra SD/MMC: 0, Tegra SD/MMC: 1
In:    serial
Out:   serial
Err:   serial
Net:   Net Initialization Skipped
No ethernet found.
Hit any key to stop autoboot:  2  0 
Tegra114 (Dalmore) # 
Tegra114 (Dalmore) # usb reset
(Re)start USB...
USB0:   USB EHCI 1.10
scanning bus 0 for devices... 2 USB Device(s) found
       scanning usb for storage devices... 0 Storage Device(s) found
       scanning usb for ethernet devices... 
Warning: asx0 using MAC address from net device
1 Ethernet Device(s) found
Tegra114 (Dalmore) # setenv bootargs 'ignore_loglevel console=ttyS0,115200n8 rw root=/dev/mmcblk0p1 rootwait gpt debug init=/bin/bash'
Tegra114 (Dalmore) # setenv ipaddr 192.168.100.100; setenv serverip 192.168.100.1; setenv tftpserverip 192.168.100.1
Tegra114 (Dalmore) # tftpboot 0x81000000 zImage.multi_v7_defconfig
Using asx0 device
TFTP from server 192.168.100.1; our IP address is 192.168.100.100
Filename 'zImage.multi_v7_defconfig'.
Load address: 0x81000000
Loading: *#################################################################
	 #################################################################
	 #################################################################
	 #################################################################
	 #################################################################
	 ############
	 3.2 MiB/s
done
Bytes transferred = 4934520 (4b4b78 hex)
Tegra114 (Dalmore) # tftpboot 0x82000000 tegra114-dalmore.dtb
Using asx0 device
TFTP from server 192.168.100.1; our IP address is 192.168.100.100
Filename 'tegra114-dalmore.dtb'.
Load address: 0x82000000
Loading: *###
	 3 MiB/s
done
Bytes transferred = 34244 (85c4 hex)
Tegra114 (Dalmore) # bootz 0x81000000 - 0x82000000
Kernel image @ 0x81000000 [ 0x000000 - 0x4b4b78 ]
## Flattened Device Tree blob at 82000000
   Booting using the fdt blob at 0x82000000
   Loading Device Tree to 8fff4000, end 8ffff5c3 ... OK

Starting kernel ...

[    0.000000] Booting Linux on physical CPU 0x0
[    0.000000] Linux version 3.16.0-rc7-79660-g64aa90f (pwalmsley@kaivo) (gcc version 4.7.3 20130328 (prerelease) (crosstool-NG linaro-1.13.1-4.7-2013.04-20130415 - Linaro GCC 2013.04) ) #1 SMP Sun Jul 27 13:03:39 PDT 2014
[    0.000000] CPU: ARMv7 Processor [412fc0f2] revision 2 (ARMv7), cr=10c5387d
[    0.000000] CPU: PIPT / VIPT nonaliasing data cache, PIPT instruction cache
[    0.000000] Machine model: NVIDIA Tegra114 Dalmore evaluation board
[    0.000000] debug: ignoring loglevel setting.
[    0.000000] cma: CMA: reserved 64 MiB at ab800000
[    0.000000] Memory policy: Data cache writealloc
[    0.000000] On node 0 totalpages: 524032
[    0.000000] free_area_init_node: node 0, pgdat c0c43b00, node_mem_map ea7d8000
[    0.000000]   DMA zone: 1520 pages used for memmap
[    0.000000]   DMA zone: 0 pages reserved
[    0.000000]   DMA zone: 194560 pages, LIFO batch:31
[    0.000000]   HighMem zone: 2574 pages used for memmap
[    0.000000]   HighMem zone: 329472 pages, LIFO batch:31
[    0.000000] Tegra Revision: A01 SKU: 0 CPU Process: 1 Core Process: 1
[    0.000000] PERCPU: Embedded 8 pages/cpu @ea793000 s8448 r8192 d16128 u32768
[    0.000000] pcpu-alloc: s8448 r8192 d16128 u32768 alloc=8*4096
[    0.000000] pcpu-alloc: [0] 0 [0] 1 [0] 2 [0] 3 
[    0.000000] Built 1 zonelists in Zone order, mobility grouping on.  Total pages: 522512
[    0.000000] Kernel command line: ignore_loglevel console=ttyS0,115200n8 rw root=/dev/mmcblk0p1 rootwait gpt debug init=/bin/bash
[    0.000000] PID hash table entries: 4096 (order: 2, 16384 bytes)
[    0.000000] Dentry cache hash table entries: 131072 (order: 7, 524288 bytes)
[    0.000000] Inode-cache hash table entries: 65536 (order: 6, 262144 bytes)
[    0.000000] Memory: 2002152K/2096128K available (6362K kernel code, 894K rwdata, 2568K rodata, 652K init, 304K bss, 93976K reserved, 1317888K highmem)
[    0.000000] Virtual kernel memory layout:
[    0.000000]     vector  : 0xffff0000 - 0xffff1000   (   4 kB)
[    0.000000]     fixmap  : 0xffc00000 - 0xffe00000   (2048 kB)
[    0.000000]     vmalloc : 0xf0000000 - 0xff000000   ( 240 MB)
[    0.000000]     lowmem  : 0xc0000000 - 0xef800000   ( 760 MB)
[    0.000000]     pkmap   : 0xbfe00000 - 0xc0000000   (   2 MB)
[    0.000000]     modules : 0xbf000000 - 0xbfe00000   (  14 MB)
[    0.000000]       .text : 0xc0208000 - 0xc0ac0a88   (8931 kB)
[    0.000000]       .init : 0xc0ac1000 - 0xc0b64100   ( 653 kB)
[    0.000000]       .data : 0xc0b66000 - 0xc0c45800   ( 894 kB)
[    0.000000]        .bss : 0xc0c45808 - 0xc0c91898   ( 305 kB)
[    0.000000] SLUB: HWalign=64, Order=0-3, MinObjects=0, CPUs=4, Nodes=1
[    0.000000] Hierarchical RCU implementation.
[    0.000000] 	RCU restricting CPUs from NR_CPUS=8 to nr_cpu_ids=4.
[    0.000000] RCU: Adjusting geometry for rcu_fanout_leaf=16, nr_cpu_ids=4
[    0.000000] NR_IRQS:16 nr_irqs:16 16
[    0.000000] L2C: failed to init: -19
[    0.000009] sched_clock: 32 bits at 1000kHz, resolution 1000ns, wraps every 2147483648000ns
[    0.001982] Architected cp15 timer(s) running at 12.00MHz (virt).
[    0.002006] sched_clock: 56 bits at 12MHz, resolution 83ns, wraps every 2863311536128ns
[    0.002014] Switching to timer-based delay loop
[    0.002295] Console: colour dummy device 80x30
[    0.002318] Calibrating delay loop (skipped), value calculated using timer frequency.. 24.00 BogoMIPS (lpj=60000)
[    0.002333] pid_max: default: 32768 minimum: 301
[    0.002461] Mount-cache hash table entries: 2048 (order: 1, 8192 bytes)
[    0.002474] Mountpoint-cache hash table entries: 2048 (order: 1, 8192 bytes)
[    0.003017] CPU: Testing write buffer coherency: ok
[    0.003220] /cpus/cpu@0 missing clock-frequency property
[    0.003242] /cpus/cpu@1 missing clock-frequency property
[    0.003266] /cpus/cpu@2 missing clock-frequency property
[    0.003289] /cpus/cpu@3 missing clock-frequency property
[    0.003303] CPU0: thread -1, cpu 0, socket 0, mpidr 80000000
[    0.003355] Setting up static identity map for 0x80802720 - 0x808027b8
[    0.005545] CPU1: Booted secondary processor
[    0.005572] CPU1: thread -1, cpu 1, socket 0, mpidr 80000001
[    0.006074] CPU2: Booted secondary processor
[    0.006099] CPU2: thread -1, cpu 2, socket 0, mpidr 80000002
[    0.006602] CPU3: Booted secondary processor
[    0.006626] CPU3: thread -1, cpu 3, socket 0, mpidr 80000003
[    0.006701] Brought up 4 CPUs
[    0.006726] SMP: Total of 4 processors activated.
[    0.006734] CPU: All CPU(s) started in SVC mode.
[    0.007306] devtmpfs: initialized
[    0.012742] VFP support v0.3: implementor 41 architecture 4 part 30 variant f rev 0
[    0.013178] pinctrl core: initialized pinctrl subsystem
[    0.013620] regulator-dummy: no parameters
[    0.025329] NET: Registered protocol family 16
[    0.027416] DMA: preallocated 256 KiB pool for atomic coherent allocations
[    0.028940] cpuidle: using governor ladder
[    0.028955] cpuidle: using governor menu
[    0.040744] No ATAGs?
[    0.040779] hw-breakpoint: found 5 (+1 reserved) breakpoint and 4 watchpoint registers.
[    0.040789] hw-breakpoint: maximum watchpoint size is 8 bytes.
[    0.040942] EXYNOS: PMU not supported
[    0.043147] Serial: AMBA PL011 UART driver
[    0.069984] edma-dma-engine edma-dma-engine.0: Can't allocate PaRAM dummy slot
[    0.070008] edma-dma-engine: probe of edma-dma-engine.0 failed with error -5
[    0.070574] vdd_ac_bat: 5000 mV 
[    0.070813] dvdd_ts: Failed to request enable GPIO61: -517
[    0.070917] reg-fixed-voltage regulators:regulator@1: Failed to register regulator: -517
[    0.070939] platform regulators:regulator@1: Driver reg-fixed-voltage requests probe deferral
[    0.071109] usb1_vbus: Failed to request enable GPIO108: -517
[    0.071205] reg-fixed-voltage regulators:regulator@3: Failed to register regulator: -517
[    0.071227] platform regulators:regulator@3: Driver reg-fixed-voltage requests probe deferral
[    0.071398] usb2_vbus: Failed to request enable GPIO86: -517
[    0.071490] reg-fixed-voltage regulators:regulator@4: Failed to register regulator: -517
[    0.071512] platform regulators:regulator@4: Driver reg-fixed-voltage requests probe deferral
[    0.071675] vdd_hdmi_5v0: 5000 mV 
[    0.071723] reg-fixed-voltage regulators:regulator@5: Failed to find supply vin
[    0.071824] reg-fixed-voltage regulators:regulator@5: Failed to register regulator: -517
[    0.071846] platform regulators:regulator@5: Driver reg-fixed-voltage requests probe deferral
[    0.071915] platform regulators:regulator@6: Driver reg-fixed-voltage requests probe deferral
[    0.072105] VDD_5V0_HDMI_CON: Failed to request enable GPIO81: -517
[    0.072197] reg-fixed-voltage regulators:regulator@7: Failed to register regulator: -517
[    0.072218] platform regulators:regulator@7: Driver reg-fixed-voltage requests probe deferral
[    0.074321] vgaarb: loaded
[    0.074943] SCSI subsystem initialized
[    0.075119] libata version 3.00 loaded.
[    0.075453] usbcore: registered new interface driver usbfs
[    0.075523] usbcore: registered new interface driver hub
[    0.075629] usbcore: registered new device driver usb
[    0.078816] vdd-cpu: 500 <--> 1520 mV at 1100 mV 
[    0.079210] tps65090 2-0048: No cache defaults, reading back from HW
[    0.081250] vdd-sys-5v0: no parameters
[    0.081303] vdd-sys-5v0: supplied by vdd_ac_bat
[    0.082371] vdd-sys-3v3: no parameters
[    0.082416] vdd-sys-3v3: supplied by vdd_ac_bat
[    0.083439] vdd-ao: no parameters
[    0.083482] vdd-ao: supplied by vdd_ac_bat
[    0.083830] vdd-lcd-bl: no parameters
[    0.083877] vdd-lcd-bl: supplied by vdd_ac_bat
[    0.084209] TPS65090_RAILSFET2: no parameters
[    0.084251] TPS65090_RAILSFET2: supplied by vdd_ac_bat
[    0.084594] vdd-modem-3v3: no parameters
[    0.084633] vdd-modem-3v3: supplied by vdd-sys-3v3
[    0.085150] avdd-lcd: no parameters
[    0.085189] avdd-lcd: supplied by vdd-sys-3v3
[    0.085686] vdd-lvds: no parameters
[    0.085724] vdd-lvds: supplied by vdd-sys-3v3
[    0.086527] vdd-sd-slot: no parameters
[    0.086569] vdd-sd-slot: supplied by vdd-sys-3v3
[    0.087103] vdd-com-3v3: no parameters
[    0.087142] vdd-com-3v3: supplied by vdd-sys-3v3
[    0.087633] vdd-sby-5v0: no parameters
[    0.087670] vdd-sby-5v0: supplied by vdd_ac_bat
[    0.087840] vdd-sby-3v3: no parameters
[    0.087876] vdd-sby-3v3: supplied by vdd_ac_bat
[    0.088276] genirq: Setting trigger mode 8 for irq 118 failed (gic_set_type+0x0/0x104)
[    0.088592] palmas 2-0058: Irq flag is 0x00000000
[    0.091150] palmas 2-0058: Muxing GPIO ff, PWM 0, LED 0
[    0.094218] vddio-ddr: 1350 mV 
[    0.094437] vddio-ddr: supplied by vdd-ao
[    0.095839] vddio-1v8: 1800 mV 
[    0.096057] vddio-1v8: supplied by vdd-ao
[    0.097624] vdd-core: 900 <--> 1400 mV at 1100 mV 
[    0.097841] vdd-core: supplied by vdd-sys-3v3
[    0.098956] SMPS6: no parameters
[    0.100371] avdd-pll: 1050 mV 
[    0.100594] avdd-pll: supplied by vdd-sys-3v3
[    0.102405] sdhci-vdd-sd-slot: ramp_delay not set
[    0.102580] sdhci-vdd-sd-slot: 2800 mV 
[    0.102797] sdhci-vdd-sd-slot: supplied by vdd-sys-3v3
[    0.103459] SMPS10_OUT2: at 5000 mV 
[    0.103972] SMPS10_OUT1: at 5000 mV 
[    0.104497] avdd-cam1: 2800 mV 
[    0.104712] avdd-cam1: supplied by vdd-sys-3v3
[    0.105632] avdd-cam2: 2800 mV 
[    0.105843] avdd-cam2: supplied by vdd-sys-3v3
[    0.106756] avdd-dsi-csi: 1200 mV 
[    0.106965] avdd-dsi-csi: supplied by vddio-1v8
[    0.107905] vpp-fuse: 1800 mV 
[    0.108123] vpp-fuse: supplied by vdd-sys-3v3
[    0.109035] LDO5: no parameters
[    0.109251] LDO5: supplied by vdd_ac_bat
[    0.110168] vdd-sensor-2v85: 2850 mV 
[    0.110378] vdd-sensor-2v85: supplied by vdd-sys-3v3
[    0.111312] vdd-af-cam1: 2800 mV 
[    0.111523] vdd-af-cam1: supplied by vdd-sys-3v3
[    0.117050] vdd-rtc: 900 mV 
[    0.117263] vdd-rtc: supplied by vdd-ao
[    0.122225] vddio-sdmmc-2: 1800 <--> 3300 mV at 3300 mV 
[    0.122438] vddio-sdmmc-2: supplied by sdhci-vdd-sd-slot
[    0.123366] hvdd-usb: 3300 mV 
[    0.123578] hvdd-usb: supplied by vdd-sys-5v0
[    0.127077] avdd-usb: 3300 mV 
[    0.127290] avdd-usb: supplied by vdd-sys-5v0
[    0.128218] rail-3v3: no parameters
[    0.128822] rail-5v0: no parameters
[    0.129257] REGEN3: no parameters
[    0.129407] SYSEN1: no parameters
[    0.129556] SYSEN2: no parameters
[    0.130361] Linux video capture interface: v2.00
[    0.130418] pps_core: LinuxPPS API ver. 1 registered
[    0.130427] pps_core: Software ver. 5.3.6 - Copyright 2005-2007 Rodolfo Giometti <giometti@linux.it>
[    0.130461] PTP clock support registered
[    0.130542] EDAC MC: Ver: 3.0.0
[    0.131220] platform 70019010.iommu: Driver tegra-smmu requests probe deferral
[    0.131436] Advanced Linux Sound Architecture Driver Initialized.
[    0.132527] Switched to clocksource arch_sys_counter
[    0.142545] NET: Registered protocol family 2
[    0.143069] TCP established hash table entries: 8192 (order: 3, 32768 bytes)
[    0.143158] TCP bind hash table entries: 8192 (order: 4, 65536 bytes)
[    0.143345] TCP: Hash tables configured (established 8192 bind 8192)
[    0.143392] TCP: reno registered
[    0.143406] UDP hash table entries: 512 (order: 2, 16384 bytes)
[    0.143448] UDP-Lite hash table entries: 512 (order: 2, 16384 bytes)
[    0.143624] NET: Registered protocol family 1
[    0.143887] RPC: Registered named UNIX socket transport module.
[    0.143897] RPC: Registered udp transport module.
[    0.143906] RPC: Registered tcp transport module.
[    0.143913] RPC: Registered tcp NFSv4.1 backchannel transport module.
[    0.143935] PCI: CLS 0 bytes, default 64
[    0.146120] futex hash table entries: 1024 (order: 4, 65536 bytes)
[    0.158854] squashfs: version 4.0 (2009/01/31) Phillip Lougher
[    0.159658] NFS: Registering the id_resolver key type
[    0.159689] Key type id_resolver registered
[    0.159697] Key type id_legacy registered
[    0.159759] msgmni has been set to 1464
[    0.160192] bounce: pool size: 64 pages
[    0.160422] Block layer SCSI generic (bsg) driver version 0.4 loaded (major 249)
[    0.160437] io scheduler noop registered
[    0.160450] io scheduler deadline registered
[    0.160669] io scheduler cfq registered (default)
[    0.178830] tegra-apbdma 6000a000.dma: Tegra20 APB DMA driver register 32 channels
[    0.245122] Serial: 8250/16550 driver, 4 ports, IRQ sharing disabled
[    0.247060] Serial: IMX driver
[    0.247399] msm_serial: driver initialized
[    0.248299] console [ttyS0] disabled
[    0.248337] 70006300.serial: ttyS0 at MMIO 0x70006300 (irq = 122, base_baud = 25500000) is a Tegra
[    1.368328] console [ttyS0] enabled
[    1.372534] STMicroelectronics ASC driver initialized
[    1.378400] serial: Freescale lpuart driver
[    1.382775] [drm] Initialized drm 1.1.0 20060810
[    1.389314] platform 54300000.dsi: Driver tegra-dsi requests probe deferral
[    1.396668] tegra-hdmi 54280000.hdmi: failed to get HDMI regulator
[    1.402872] platform 54280000.hdmi: Driver tegra-hdmi requests probe deferral
[    1.416099] loop: module loaded
[    1.424439] CAN device driver interface
[    1.430356] pegasus: v0.9.3 (2013/04/25), Pegasus/Pegasus II USB Ethernet driver
[    1.437816] usbcore: registered new interface driver pegasus
[    1.443554] usbcore: registered new interface driver asix
[    1.449010] usbcore: registered new interface driver ax88179_178a
[    1.455159] usbcore: registered new interface driver cdc_ether
[    1.461069] usbcore: registered new interface driver smsc75xx
[    1.466891] usbcore: registered new interface driver smsc95xx
[    1.472692] usbcore: registered new interface driver net1080
[    1.478414] usbcore: registered new interface driver cdc_subset
[    1.484388] usbcore: registered new interface driver zaurus
[    1.490056] usbcore: registered new interface driver cdc_ncm
[    1.495747] ehci_hcd: USB 2.0 'Enhanced' Host Controller (EHCI) Driver
[    1.502283] ehci-pci: EHCI PCI platform driver
[    1.506788] ehci-platform: EHCI generic platform driver
[    1.512189] ehci-omap: OMAP-EHCI Host Controller driver
[    1.517563] ehci-orion: EHCI orion driver
[    1.521694] SPEAr-ehci: EHCI SPEAr driver
[    1.525842] tegra-ehci: Tegra EHCI driver
[    1.530060] platform 7d008000.usb: Driver tegra-ehci requests probe deferral
[    1.537194] ohci_hcd: USB 1.1 'Open' Host Controller (OHCI) Driver
[    1.543394] ohci-pci: OHCI PCI platform driver
[    1.547899] ohci-platform: OHCI generic platform driver
[    1.553267] ohci-omap3: OHCI OMAP3 driver
[    1.557399] SPEAr-ohci: OHCI SPEAr driver
[    1.562168] usbcore: registered new interface driver usb-storage
[    1.568737] platform 7d008000.usb-phy: Driver tegra-phy requests probe deferral
[    1.577467] mousedev: PS/2 mouse device common for all mice
[    1.587296] palmas-rtc 7000d000.i2c:tps65913@58:rtc: rtc core: registered 7000d000.i2c:tps659 as rtc0
[    1.598184] tegra_rtc 7000e000.rtc: rtc core: registered 7000e000.rtc as rtc1
[    1.605343] tegra_rtc 7000e000.rtc: Tegra internal Real Time Clock
[    1.612070] i2c /dev entries driver
[    1.617141] usbcore: registered new interface driver uvcvideo
[    1.622894] USB Video Class driver (1.1.1)
[    1.626994] gspca_main: v2.14.0 registered
[    1.631792] sbs-battery 0-000b: sbs_probe: Failed to get device status
[    1.638338] sbs-battery: probe of 0-000b failed with error -121
[    1.651008] sdhci: Secure Digital Host Controller Interface driver
[    1.657196] sdhci: Copyright(c) Pierre Ossman
[    1.662447] Synopsys Designware Multimedia Card Interface Driver
[    1.669095] sdhci-pltfm: SDHCI platform and OF driver helper
[    1.675484] sdhci-tegra 78000400.sdhci: Got CD GPIO #170.
[    1.680910] sdhci-tegra 78000400.sdhci: Got WP GPIO #132.
[    1.687420] mmc0: no vqmmc regulator found
[    1.691531] mmc0: no vmmc regulator found
[    1.695544] mmc0: Invalid maximum block size, assuming 512 bytes
[    1.737549] mmc0: SDHCI controller on 78000400.sdhci [78000400.sdhci] using ADMA
[    1.746005] mmc1: no vqmmc regulator found
[    1.750119] mmc1: no vmmc regulator found
[    1.754133] mmc1: Invalid maximum block size, assuming 512 bytes
[    1.792544] mmc1: SDHCI controller on 78000600.sdhci [78000600.sdhci] using ADMA
[    1.804608] usbcore: registered new interface driver usbhid
[    1.810194] usbhid: USB HID core driver
[    1.871477] mmc1: BKOPS_EN bit is not set
[    1.879110] mmc1: new high speed MMC card at address 0001
[    1.884891] mmcblk0: mmc1:0001 SEM32G 29.1 GiB 
[    1.889549] mmcblk0boot0: mmc1:0001 SEM32G partition 1 4.00 MiB
[    1.895579] mmcblk0boot1: mmc1:0001 SEM32G partition 2 4.00 MiB
[    1.901611] mmcblk0rpmb: mmc1:0001 SEM32G partition 3 4.00 MiB
[    1.909969]  mmcblk0: p1 p2 p3 p4 p5 p6 p7 p8
[    1.917727]  mmcblk0boot1: unknown partition table
[    1.924023]  mmcblk0boot0: unknown partition table
[    2.229873] tegra30-i2s 70080400.i2s: DMA channels sourced from device 70080000.ahub
[    2.246273] tegra-snd-rt5640 sound: rt5640-aif1 <-> 70080400.i2s mapping ok
[    2.256906] input: NVIDIA Tegra Dalmore Headphones as /devices/soc0/sound/sound/card0/input0
[    2.266702] TCP: cubic registered
[    2.270043] NET: Registered protocol family 17
[    2.274512] can: controller area network core (rev 20120528 abi 9)
[    2.280765] NET: Registered protocol family 29
[    2.285222] can: raw protocol (rev 20120528)
[    2.289503] can: broadcast manager protocol (rev 20120528 t)
[    2.295175] can: netlink gateway (rev 20130117) max_hops=1
[    2.301052] Key type dns_resolver registered
[    2.305949] ThumbEE CPU extension supported.
[    2.310248] Registering SWP/SWPB emulation handler
[    2.316099] dvdd_ts: 1800 mV 
[    2.319442] usb1_vbus: 5000 mV 
[    2.322639] usb1_vbus: supplied by vdd-sys-5v0
[    2.327696] usb2_vbus: 5000 mV 
[    2.330907] usb2_vbus: supplied by vdd-sys-5v0
[    2.336301] vdd_hdmi_5v0: 5000 mV 
[    2.339807] vdd_hdmi_5v0: supplied by vdd-sys-5v0
[    2.346691] vdd_cam_1v8_reg: 1800 mV 
[    2.350879] VDD_5V0_HDMI_CON: 5000 mV 
[    2.354695] VDD_5V0_HDMI_CON: supplied by vdd-sys-5v0
[    2.364748] [drm] Supports vblank timestamp caching Rev 2 (21.10.2013).
[    2.371390] [drm] No driver support for vblank timestamp query.
[    2.427007] Console: switching to colour frame buffer device 240x75
[    2.454427] host1x drm: fb0:  frame buffer device
[    2.459141] host1x drm: registered panic notifier
[    2.477699] [drm] Initialized tegra 0.0.0 20120330 on minor 0
[    2.484162] platform 7d008000.usb: Driver tegra-ehci requests probe deferral
[    2.492908] tegra-ehci 7d008000.usb: EHCI Host Controller
[    2.498340] tegra-ehci 7d008000.usb: new USB bus registered, assigned bus number 1
[    2.506898] tegra-ehci 7d008000.usb: irq 129, io mem 0x7d008000
[    2.522680] tegra-ehci 7d008000.usb: USB 2.0 started, EHCI 1.10
[    2.529559] hub 1-0:1.0: USB hub found
[    2.533379] hub 1-0:1.0: 1 port detected
[    2.538833] input: gpio-keys as /devices/soc0/gpio-keys/input/input1
[    2.546811] palmas-rtc 7000d000.i2c:tps65913@58:rtc: setting system clock to 2000-01-02 15:18:08 UTC (946826288)
[    2.566343] vdd_cam_1v8_reg: disabling
[    2.570585] vdd_hdmi_5v0: disabling
[    2.574103] usb1_vbus: disabling
[    2.577328] dvdd_ts: disabling
[    2.585695] ALSA device list:
[    2.588702]   #0: NVIDIA Tegra Dalmore
[    2.593900] EXT4-fs (mmcblk0p1): mounting ext3 file system using the ext4 subsystem
[    2.615613] EXT4-fs (mmcblk0p1): recovery complete
[    2.620448] EXT4-fs (mmcblk0p1): mounted filesystem with ordered data mode. Opts: (null)
[    2.628581] VFS: Mounted root (ext3 filesystem) on device 179:1.
[    2.639327] devtmpfs: mounted
[    2.642839] Freeing unused kernel memory: 652K (c0ac1000 - c0b64000)
bash: cannot set terminal process group (-1): Inappropriate ioctl for device
bash: no job control in this shell
root@(none):/# [    2.847726] usb 1-1: new high-speed USB device number 2 using tegra-ehci
