

U-Boot 2015.04-00466-gedec83e90172 (Mar 14 2016 - 10:42:01)

TEGRA124
Model: Acer Chromebook 13 CB5-311
DRAM:  4 GiB
:   Tegra SD/MMC: 0, Tegra SD/MMC: 1, Tegra SD/MMC: 2
MMC init failed
Using default environment

In:    serial
Out:   serial
Err:   serial
Net:   Net Initialization Skipped
No ethernet found.
Hit any key to stop autoboot:  2  0 
Tegra124 (Nyan-big) # 
Tegra124 (Nyan-big) # usb start
starting USB...
USB0:   USB EHCI 1.10
scanning bus 0 for devices... 2 USB Device(s) found
USB1:   USB EHCI 1.10
scanning bus 1 for devices... 2 USB Device(s) found
       scanning usb for storage devices... 1 Storage Device(s) found
       scanning usb for ethernet devices... 
Warning: asx0 using MAC address from net device
1 Ethernet Device(s) found
Tegra124 (Nyan-big) # mw 0x7000e4a0 0x00080000
Tegra124 (Nyan-big) # setenv bootargs 'ignore_loglevel console=ttyS0,115200n8 rw root=PARTUUID=4d36e82a-b3c0-4b4b-bfcd-afe5217ac023 rootwait gpt debug noinitrd earlyprintk init=/bin/bash'
Tegra124 (Nyan-big) # setenv ipaddr 192.168.100.102; setenv serverip 192.168.100.1; setenv tftpserverip 192.168.100.1
Tegra124 (Nyan-big) # tftpboot 0x82000000 zImage.multi_v7_defconfig
Using asx0 device
TFTP from server 192.168.100.1; our IP address is 192.168.100.102
Filename 'zImage.multi_v7_defconfig'.
Load address: 0x82000000
Loading: *#################################################################
	 #################################################################
	 #################################################################
	 #################################################################
	 #################################################################
	 #################################################################
	 #################################################################
	 #################################################################
	 ####################################
	 3 MiB/s
done
Bytes transferred = 8159752 (7c8208 hex)
Tegra124 (Nyan-big) # tftpboot 0x83000000 tegra124-nyan-big.dtb
Using asx0 device
TFTP from server 192.168.100.1; our IP address is 192.168.100.102
Filename 'tegra124-nyan-big.dtb'.
Load address: 0x83000000
Loading: *#####
	 2.7 MiB/s
done
Bytes transferred = 68203 (10a6b hex)
Tegra124 (Nyan-big) # bootz 0x82000000 - 0x83000000
Kernel image @ 0x82000000 [ 0x000000 - 0x7c8200 ]
## Flattened Device Tree blob at 83000000
   Booting using the fdt blob at 0x83000000
   Using Device Tree in place at 83000000, end 83013a6a

Starting kernel ...

[    0.000000] Booting Linux on physical CPU 0x0
[    0.000000] Linux version 4.14.0-rc3-200087-g9e66317 (jonathanh@sellafield) (gcc version 4.7.3 20130328 (prerelease) (crosstool-NG linaro-1.13.1-4.7-2013.04-20130415 - Linaro GCC 2013.04)) #1 SMP Sun Oct 1 15:36:12 PDT 2017
[    0.000000] CPU: ARMv7 Processor [413fc0f3] revision 3 (ARMv7), cr=10c5387d
[    0.000000] CPU: div instructions available: patching division code
[    0.000000] CPU: PIPT / VIPT nonaliasing data cache, PIPT instruction cache
[    0.000000] OF: fdt: Machine model: Acer Chromebook 13 CB5-311
[    0.000000] OF: fdt: Ignoring memory range 0x100000000 - 0x17ffff000
[    0.000000] debug: ignoring loglevel setting.
[    0.000000] Memory policy: Data cache writealloc
[    0.000000] efi: Getting EFI parameters from FDT:
[    0.000000] efi: UEFI not found.
[    0.000000] cma: Reserved 64 MiB at 0xfb800000
[    0.000000] On node 0 totalpages: 524287
[    0.000000] free_area_init_node: node 0, pgdat c158fa80, node_mem_map eeff8000
[    0.000000]   DMA zone: 1536 pages used for memmap
[    0.000000]   DMA zone: 0 pages reserved
[    0.000000]   DMA zone: 196608 pages, LIFO batch:31
[    0.000000]   HighMem zone: 327679 pages, LIFO batch:31
[    0.000000] random: fast init done
[    0.000000] percpu: Embedded 17 pages/cpu @eef81000 s39424 r8192 d22016 u69632
[    0.000000] pcpu-alloc: s39424 r8192 d22016 u69632 alloc=17*4096
[    0.000000] pcpu-alloc: [0] 0 [0] 1 [0] 2 [0] 3 
[    0.000000] Built 1 zonelists, mobility grouping on.  Total pages: 522751
[    0.000000] Kernel command line: ignore_loglevel console=ttyS0,115200n8 rw root=PARTUUID=4d36e82a-b3c0-4b4b-bfcd-afe5217ac023 rootwait gpt debug noinitrd earlyprintk init=/bin/bash
[    0.000000] PID hash table entries: 4096 (order: 2, 16384 bytes)
[    0.000000] Dentry cache hash table entries: 131072 (order: 7, 524288 bytes)
[    0.000000] Inode-cache hash table entries: 65536 (order: 6, 262144 bytes)
[    0.000000] Memory: 1994372K/2097148K available (10240K kernel code, 1631K rwdata, 4500K rodata, 2048K init, 405K bss, 37240K reserved, 65536K cma-reserved, 1245180K highmem)
[    0.000000] Virtual kernel memory layout:
[    0.000000]     vector  : 0xffff0000 - 0xffff1000   (   4 kB)
[    0.000000]     fixmap  : 0xffc00000 - 0xfff00000   (3072 kB)
[    0.000000]     vmalloc : 0xf0800000 - 0xff800000   ( 240 MB)
[    0.000000]     lowmem  : 0xc0000000 - 0xf0000000   ( 768 MB)
[    0.000000]     pkmap   : 0xbfe00000 - 0xc0000000   (   2 MB)
[    0.000000]     modules : 0xbf000000 - 0xbfe00000   (  14 MB)
[    0.000000]       .text : 0xc0208000 - 0xc0d00000   (11232 kB)
[    0.000000]       .init : 0xc1200000 - 0xc1400000   (2048 kB)
[    0.000000]       .data : 0xc1400000 - 0xc1597f28   (1632 kB)
[    0.000000]        .bss : 0xc15a0b90 - 0xc16062fc   ( 406 kB)
[    0.000000] SLUB: HWalign=64, Order=0-3, MinObjects=0, CPUs=4, Nodes=1
[    0.000000] Hierarchical RCU implementation.
[    0.000000] 	RCU event tracing is enabled.
[    0.000000] 	RCU restricting CPUs from NR_CPUS=16 to nr_cpu_ids=4.
[    0.000000] RCU: Adjusting geometry for rcu_fanout_leaf=16, nr_cpu_ids=4
[    0.000000] NR_IRQS: 16, nr_irqs: 16, preallocated irqs: 16
[    0.000000] /interrupt-controller@60004000: 160 interrupts forwarded to /interrupt-controller@50041000
[    0.000000] Tegra clk 127: register failed with -17
[    0.000003] sched_clock: 32 bits at 1000kHz, resolution 1000ns, wraps every 2147483647500ns
[    0.000011] clocksource: timer_us: mask: 0xffffffff max_cycles: 0xffffffff, max_idle_ns: 1911260446275 ns
[    0.000017] Switching to timer-based delay loop, resolution 1000ns
[    0.001725] arch_timer: cp15 timer(s) running at 12.00MHz (virt).
[    0.001732] clocksource: arch_sys_counter: mask: 0xffffffffffffff max_cycles: 0x2c47f4ee7, max_idle_ns: 440795202497 ns
[    0.001739] sched_clock: 56 bits at 12MHz, resolution 83ns, wraps every 4398046511096ns
[    0.001743] Switching to timer-based delay loop, resolution 83ns
[    0.001958] Console: colour dummy device 80x30
[    0.001973] Calibrating delay loop (skipped), value calculated using timer frequency.. 24.00 BogoMIPS (lpj=120000)
[    0.001980] pid_max: default: 32768 minimum: 301
[    0.002021] Mount-cache hash table entries: 2048 (order: 1, 8192 bytes)
[    0.002027] Mountpoint-cache hash table entries: 2048 (order: 1, 8192 bytes)
[    0.002233] CPU: Testing write buffer coherency: ok
[    0.002355] /cpus/cpu@0 missing clock-frequency property
[    0.002371] /cpus/cpu@1 missing clock-frequency property
[    0.002385] /cpus/cpu@2 missing clock-frequency property
[    0.002400] /cpus/cpu@3 missing clock-frequency property
[    0.002406] CPU0: thread -1, cpu 0, socket 0, mpidr 80000000
[    0.002524] Setting up static identity map for 0x80300000 - 0x803000a0
[    0.003222] Hierarchical SRCU implementation.
[    0.003898] Tegra Revision: A01 SKU: 131 CPU Process: 1 SoC Process: 1
[    0.004166] EFI services will not be available.
[    0.004225] smp: Bringing up secondary CPUs ...
[    0.004454] CPU1: thread -1, cpu 1, socket 0, mpidr 80000001
[    0.011939] CPU2: thread -1, cpu 2, socket 0, mpidr 80000002
[    0.021949] CPU3: thread -1, cpu 3, socket 0, mpidr 80000003
[    0.031725] smp: Brought up 1 node, 4 CPUs
[    0.031733] SMP: Total of 4 processors activated (96.00 BogoMIPS).
[    0.031737] CPU: All CPU(s) started in SVC mode.
[    0.032291] devtmpfs: initialized
[    0.037166] VFP support v0.3: implementor 41 architecture 4 part 30 variant f rev 0
[    0.037361] clocksource: jiffies: mask: 0xffffffff max_cycles: 0xffffffff, max_idle_ns: 19112604462750000 ns
[    0.037370] futex hash table entries: 1024 (order: 4, 65536 bytes)
[    0.037950] pinctrl core: initialized pinctrl subsystem
[    0.038578] DMI not present or invalid.
[    0.038680] NET: Registered protocol family 16
[    0.039437] DMA: preallocated 256 KiB pool for atomic coherent allocations
[    0.040301] cpuidle: using governor menu
[    0.048600] No ATAGs?
[    0.048657] hw-breakpoint: found 5 (+1 reserved) breakpoint and 4 watchpoint registers.
[    0.048664] hw-breakpoint: maximum watchpoint size is 8 bytes.
[    0.051419] Serial: AMBA PL011 UART driver
[    0.051789] tegra-mc 70019000.memory-controller: no memory timings for RAM code 0 registered
[    0.051898] iommu: Adding device reg-dummy to group 0
[    0.051927] iommu: Adding device 50000000.host1x to group 1
[    0.051952] iommu: Adding device 54200000.dc to group 2
[    0.051981] iommu: Adding device 54240000.dc to group 3
[    0.051995] iommu: Adding device 54280000.hdmi to group 4
[    0.052007] iommu: Adding device 54540000.sor to group 5
[    0.052020] iommu: Adding device 545c0000.dpaux to group 6
[    0.052045] iommu: Adding device 57000000.gpu to group 7
[    0.052056] iommu: Adding device 60005000.timer to group 8
[    0.052066] iommu: Adding device 60007000.flow-controller to group 9
[    0.052077] iommu: Adding device 6000c800.actmon to group 10
[    0.052087] iommu: Adding device 6000d000.gpio to group 11
[    0.052100] iommu: Adding device 60020000.dma to group 12
[    0.052111] iommu: Adding device 70000800.apbmisc to group 13
[    0.052122] iommu: Adding device 70000868.pinmux to group 14
[    0.052132] iommu: Adding device 70006000.serial to group 15
[    0.052145] iommu: Adding device 7000a000.pwm to group 16
[    0.052156] iommu: Adding device 7000c000.i2c to group 17
[    0.052167] iommu: Adding device 7000c400.i2c to group 18
[    0.052177] iommu: Adding device 7000c500.i2c to group 19
[    0.052191] iommu: Adding device 7000c700.i2c to group 20
[    0.052202] iommu: Adding device 7000d000.i2c to group 21
[    0.052214] iommu: Adding device 7000d400.spi to group 22
[    0.052225] iommu: Adding device 7000da00.spi to group 23
[    0.052235] iommu: Adding device 7000e000.rtc to group 24
[    0.052245] iommu: Adding device 7000e400.pmc to group 25
[    0.052256] iommu: Adding device 7000f800.fuse to group 26
[    0.052270] iommu: Adding device 70019000.memory-controller to group 27
[    0.052280] iommu: Adding device 7001b000.emc to group 28
[    0.052293] iommu: Adding device 70030000.hda to group 29
[    0.052304] iommu: Adding device 70090000.usb to group 30
[    0.052316] iommu: Adding device 7009f000.padctl to group 31
[    0.052327] iommu: Adding device 700b0000.sdhci to group 32
[    0.052337] iommu: Adding device 700b0400.sdhci to group 33
[    0.052348] iommu: Adding device 700b0600.sdhci to group 34
[    0.052358] iommu: Adding device 700e2000.thermal-sensor to group 35
[    0.052369] iommu: Adding device 70300000.ahub to group 36
[    0.052381] iommu: Adding device pmu to group 37
[    0.052394] iommu: Adding device timer to group 38
[    0.052405] iommu: Adding device sdhci0_pwrseq to group 39
[    0.052416] iommu: Adding device backlight to group 40
[    0.052427] iommu: Adding device clocks to group 41
[    0.052437] iommu: Adding device gpio-keys to group 42
[    0.052447] iommu: Adding device regulators to group 43
[    0.052458] iommu: Adding device regulators:regulator@0 to group 44
[    0.052468] iommu: Adding device regulators:regulator@1 to group 45
[    0.052481] iommu: Adding device regulators:regulator@2 to group 46
[    0.052492] iommu: Adding device regulators:regulator@3 to group 47
[    0.052506] iommu: Adding device regulators:regulator@4 to group 48
[    0.052516] iommu: Adding device regulators:regulator@5 to group 49
[    0.052527] iommu: Adding device regulators:regulator@6 to group 50
[    0.052538] iommu: Adding device regulators:regulator@7 to group 51
[    0.052549] iommu: Adding device regulators:regulator@8 to group 52
[    0.052561] iommu: Adding device regulators:regulator@9 to group 53
[    0.052574] iommu: Adding device regulators:regulator@10 to group 54
[    0.052584] iommu: Adding device regulators:regulator@11 to group 55
[    0.052595] iommu: Adding device regulators:regulator@12 to group 56
[    0.052605] iommu: Adding device sound to group 57
[    0.052615] iommu: Adding device gpio-restart to group 58
[    0.052628] iommu: Adding device panel to group 59
[    0.057653] AT91: Could not find identification node
[    0.057863] +5V_SYS: supplied by +VDD_MUX
[    0.057964] +3.3V_SYS: supplied by +VDD_MUX
[    0.058180] +VDD_LED: Failed to request enable GPIO122: -517
[    0.058186] reg-fixed-voltage regulators:regulator@5: Failed to register regulator: -517
[    0.058222] +5V_VDD_TS_SW: Failed to request enable GPIO81: -517
[    0.058227] reg-fixed-voltage regulators:regulator@6: Failed to register regulator: -517
[    0.058263] +5V_USB_HS: Failed to request enable GPIO108: -517
[    0.058268] reg-fixed-voltage regulators:regulator@7: Failed to register regulator: -517
[    0.058303] +5V_USB_SS: Failed to request enable GPIO109: -517
[    0.058308] reg-fixed-voltage regulators:regulator@8: Failed to register regulator: -517
[    0.058405] +1.05V_RUN_AVDD_HDMI_PLL: Failed to request enable GPIO63: -517
[    0.058410] reg-fixed-voltage regulators:regulator@11: Failed to register regulator: -517
[    0.058444] +5V_HDMI_CON: Failed to request enable GPIO86: -517
[    0.058449] reg-fixed-voltage regulators:regulator@12: Failed to register regulator: -517
[    0.059431] vgaarb: loaded
[    0.059690] SCSI subsystem initialized
[    0.059758] libata version 3.00 loaded.
[    0.059834] usbcore: registered new interface driver usbfs
[    0.059851] usbcore: registered new interface driver hub
[    0.059872] usbcore: registered new device driver usb
[    0.061152] pps_core: LinuxPPS API ver. 1 registered
[    0.061157] pps_core: Software ver. 5.3.6 - Copyright 2005-2007 Rodolfo Giometti <giometti@linux.it>
[    0.061164] PTP clock support registered
[    0.061230] EDAC MC: Ver: 3.0.0
[    0.061331] dmi: Firmware registration failed.
[    0.061628] tegra-emc 7001b000.emc: no memory timings for RAM code 0 found in DT
[    0.061638] tegra-emc: probe of 7001b000.emc failed with error -2
[    0.062073] clocksource: Switched to clocksource arch_sys_counter
[    0.081701] NET: Registered protocol family 2
[    0.081896] TCP established hash table entries: 8192 (order: 3, 32768 bytes)
[    0.081929] TCP bind hash table entries: 8192 (order: 4, 65536 bytes)
[    0.081992] TCP: Hash tables configured (established 8192 bind 8192)
[    0.082026] UDP hash table entries: 512 (order: 2, 16384 bytes)
[    0.082041] UDP-Lite hash table entries: 512 (order: 2, 16384 bytes)
[    0.082126] NET: Registered protocol family 1
[    0.082276] RPC: Registered named UNIX socket transport module.
[    0.082280] RPC: Registered udp transport module.
[    0.082283] RPC: Registered tcp transport module.
[    0.082286] RPC: Registered tcp NFSv4.1 backchannel transport module.
[    0.082291] PCI: CLS 0 bytes, default 64
[    0.082861] hw perfevents: enabled with armv7_cortex_a15 PMU driver, 7 counters available
[    0.083145] iommu: Adding device alarmtimer to group 60
[    0.083502] workingset: timestamp_bits=30 max_order=19 bucket_order=0
[    0.085502] squashfs: version 4.0 (2009/01/31) Phillip Lougher
[    0.085714] NFS: Registering the id_resolver key type
[    0.085726] Key type id_resolver registered
[    0.085729] Key type id_legacy registered
[    0.085746] ntfs: driver 2.1.32 [Flags: R/O].
[    0.086281] bounce: pool size: 64 pages
[    0.086299] Block layer SCSI generic (bsg) driver version 0.4 loaded (major 248)
[    0.086304] io scheduler noop registered
[    0.086307] io scheduler deadline registered
[    0.086382] io scheduler cfq registered (default)
[    0.086386] io scheduler mq-deadline registered
[    0.086390] io scheduler kyber registered
[    0.087668] tegra-xusb-padctl 7009f000.padctl: failed to setup XUSB ports: -517
[    0.098193] tegra-apbdma 60020000.dma: Tegra20 APB DMA driver register 32 channels
[    0.099220] tegra-pmc 7000e400.pmc: i2c-thermtrip node not found, emergency thermal reset disabled.
[    0.116070] Serial: 8250/16550 driver, 4 ports, IRQ sharing disabled
[    0.116113] iommu: Adding device serial8250 to group 61
[    0.117129] console [ttyS0] disabled
[    0.117146] 70006000.serial: ttyS0 at MMIO 0x70006000 (irq = 333, base_baud = 25500000) is a Tegra
[    1.364644] console [ttyS0] enabled
[    1.368423] SuperH (H)SCI(F) driver initialized
[    1.373318] msm_serial: driver initialized
[    1.377464] STMicroelectronics ASC driver initialized
[    1.384858] tegra-hdmi 54280000.hdmi: failed to get HDMI regulator
[    1.391396] tegra-dpaux 545c0000.dpaux: failed to get VDD supply: -517
[    1.398818] panel-simple panel: panel supply power not found, using dummy regulator
[    1.409116] brd: module loaded
[    1.414394] loop: module loaded
[    1.418430] as3722 4-0040: AS3722 with revision 0x1 found
[    1.424936] iommu: Adding device as3722-pinctrl to group 62
[    1.431817] iommu: Adding device as3722-regulator to group 63
[    1.439684] as3722-sd2: supplied by +5V_SYS
[    1.444086] as3722-sd3: supplied by +5V_SYS
[    1.448414] +1.35V_LP0(sd3): Bringing 0uV into 1350000-1350000uV
[    1.454629] as3722-sd4: supplied by +5V_SYS
[    1.458959] +1.05V_RUN: Bringing 0uV into 1050000-1050000uV
[    1.464694] as3722-sd5: supplied by +5V_SYS
[    1.470243] as3722-ldo0: supplied by +1.35V_LP0(sd2)
[    1.475969] +1.8V_RUN_CAM: Bringing 0uV into 1800000-1800000uV
[    1.481964] as3722-ldo2: supplied by +1.8V_VDDIO
[    1.487565] as3722-ldo3: supplied by +3.3V_SYS
[    1.492010] +1.00V_LP0_VDD_RTC: Bringing 1100000uV into 1000000-1000000uV
[    1.499577] as3722-ldo4: supplied by +3.3V_SYS
[    1.504176] +3.3V_RUN_CAM: Bringing 0uV into 2800000-2800000uV
[    1.510174] as3722-ldo5: supplied by +1.8V_VDDIO
[    1.514946] +1.2V_RUN_CAM_FRONT: Bringing 0uV into 1200000-1200000uV
[    1.521616] +VDDIO_SDMMC3: Bringing 0uV into 1800000-1800000uV
[    1.527632] as3722-ldo7: supplied by +1.8V_VDDIO
[    1.532409] +1.05V_RUN_CAM_REAR: Bringing 0uV into 1050000-1050000uV
[    1.538936] as3722-ldo9: supplied by +5V_SYS
[    1.543504] +2.8V_RUN_TOUCH: Bringing 0uV into 2800000-2800000uV
[    1.549689] as3722-ldo10: supplied by +5V_SYS
[    1.554199] +2.8V_RUN_CAM_AF: Bringing 0uV into 2800000-2800000uV
[    1.560623] +1.8V_RUN_VPP_FUSE: Bringing 0uV into 1800000-1800000uV
[    1.567113] iommu: Adding device as3722-rtc to group 64
[    1.572471] iommu: Adding device as3722-adc to group 65
[    1.577784] iommu: Adding device as3722-power-off to group 66
[    1.583628] iommu: Adding device as3722-wdt to group 67
[    1.600569] m25p80 spi1.0: w25q32dw (4096 Kbytes)
[    1.606066] iommu: Adding device Fixed MDIO bus.0 to group 68
[    1.611942] libphy: Fixed MDIO Bus: probed
[    1.616354] CAN device driver interface
[    1.620490] bgmac_bcma: Broadcom 47xx GBit MAC driver loaded
[    1.626603] e1000e: Intel(R) PRO/1000 Network Driver - 3.2.6-k
[    1.632424] e1000e: Copyright(c) 1999 - 2015 Intel Corporation.
[    1.638344] igb: Intel(R) Gigabit Ethernet Network Driver - version 5.4.0-k
[    1.645292] igb: Copyright (c) 2007-2014 Intel Corporation.
[    1.652121] pegasus: v0.9.3 (2013/04/25), Pegasus/Pegasus II USB Ethernet driver
[    1.659517] usbcore: registered new interface driver pegasus
[    1.665182] usbcore: registered new interface driver asix
[    1.670577] usbcore: registered new interface driver ax88179_178a
[    1.676671] usbcore: registered new interface driver cdc_ether
[    1.682507] usbcore: registered new interface driver smsc75xx
[    1.688250] usbcore: registered new interface driver smsc95xx
[    1.693995] usbcore: registered new interface driver net1080
[    1.699650] usbcore: registered new interface driver cdc_subset
[    1.705568] usbcore: registered new interface driver zaurus
[    1.711141] usbcore: registered new interface driver cdc_ncm
[    1.717451] ehci_hcd: USB 2.0 'Enhanced' Host Controller (EHCI) Driver
[    1.723969] ehci-pci: EHCI PCI platform driver
[    1.728410] ehci-platform: EHCI generic platform driver
[    1.733696] ehci-orion: EHCI orion driver
[    1.737746] SPEAr-ehci: EHCI SPEAr driver
[    1.741791] ehci-st: EHCI STMicroelectronics driver
[    1.746706] ehci-exynos: EHCI EXYNOS driver
[    1.750929] ehci-atmel: EHCI Atmel driver
[    1.754977] tegra-ehci: Tegra EHCI driver
[    1.759038] ohci_hcd: USB 1.1 'Open' Host Controller (OHCI) Driver
[    1.765212] ohci-pci: OHCI PCI platform driver
[    1.769653] ohci-platform: OHCI generic platform driver
[    1.774930] SPEAr-ohci: OHCI SPEAr driver
[    1.778973] ohci-st: OHCI STMicroelectronics driver
[    1.783889] ohci-atmel: OHCI Atmel driver
[    1.788136] usbcore: registered new interface driver usb-storage
[    1.795148] elan_i2c 1-0015: 1-0015 supply vcc not found, using dummy regulator
[    1.796801] as3722-rtc as3722-rtc: rtc core: registered as3722-rtc as rtc0
[    1.796804] as3722-rtc as3722-rtc: RTC interrupt 372
[    1.799121] tegra_rtc 7000e000.rtc: rtc core: registered 7000e000.rtc as rtc1
[    1.799143] tegra_rtc 7000e000.rtc: Tegra internal Real Time Clock
[    1.799407] i2c /dev entries driver
[    1.801166] IR NEC protocol handler initialized
[    1.801169] IR RC5(x/sz) protocol handler initialized
[    1.801171] IR RC6 protocol handler initialized
[    1.801173] IR JVC protocol handler initialized
[    1.801174] IR Sony protocol handler initialized
[    1.801177] IR SANYO protocol handler initialized
[    1.801178] IR Sharp protocol handler initialized
[    1.801181] IR MCE Keyboard/mouse protocol handler initialized
[    1.801182] IR XMP protocol handler initialized
[    1.802720] lm90 0-004c: 0-004c supply vcc not found, using dummy regulator
[    1.806787] iommu: Adding device cpufreq-tegra124 to group 69
[    1.808081] sdhci: Secure Digital Host Controller Interface driver
[    1.808083] sdhci: Copyright(c) Pierre Ossman
[    1.808789] Synopsys Designware Multimedia Card Interface Driver
[    1.809402] sdhci-pltfm: SDHCI platform and OF driver helper
[    1.809756] sdhci-tegra 700b0000.sdhci: allocated mmc-pwrseq
[    1.816270] sdhci-tegra 700b0400.sdhci: Got CD GPIO
[    1.816280] sdhci-tegra 700b0400.sdhci: Got WP GPIO
[    1.832108] mmc0: Unknown controller version (3). You may experience problems.
[    1.832145] mmc0: Invalid maximum block size, assuming 512 bytes
[    1.892082] mmc0: SDHCI controller on 700b0600.sdhci [700b0600.sdhci] using ADMA
[    1.944709] ledtrig-cpu: registered to indicate activity on CPUs
[    1.950839] usbcore: registered new interface driver usbhid
[    1.956415] usbhid: USB HID core driver
[    1.961601] NET: Registered protocol family 10
[    1.966368] Segment Routing with IPv6
[    1.970060] sit: IPv6, IPv4 and MPLS over IPv4 tunneling driver
[    1.976171] NET: Registered protocol family 17
[    1.980605] can: controller area network core (rev 20170425 abi 9)
[    1.986800] NET: Registered protocol family 29
[    1.991232] can: raw protocol (rev 20170425)
[    1.995494] can: broadcast manager protocol (rev 20170425 t)
[    2.001140] can: netlink gateway (rev 20170425) max_hops=1
[    2.006735] Key type dns_resolver registered
[    2.011189] ThumbEE CPU extension supported.
[    2.015456] Registering SWP/SWPB emulation handler
[    2.025258] +3.3V_RUN: supplied by +3.3V_SYS
[    2.030125] +VDD_LED: supplied by +VDD_MUX
[    2.034327] +3.3V_AVDD_HDMI_AP_GATED: supplied by +3.3V_RUN
[    2.039974] +1.8V_RUN_CAM: supplied by +3.3V_RUN
[    2.044718] +VDDIO_SDMMC3: supplied by +3.3V_RUN
[    2.049425] +1.8V_RUN_VPP_FUSE: supplied by +3.3V_RUN
[    2.054813] +5V_VDD_TS_SW: supplied by +5V_SYS
[    2.059501] +5V_USB_HS: supplied by +5V_SYS
[    2.064104] +5V_USB_SS: supplied by +5V_SYS
[    2.069053] +3.3V_PANEL: supplied by +3.3V_RUN
[    2.074554] +3.3V_LP0: supplied by +3.3V_SYS
[    2.079393] +1.05V_RUN_AVDD_HDMI_PLL: supplied by +1.05V_RUN
[    2.085457] elan_i2c 1-0015: fetching report descriptor failed.: -121
[    2.085589] +5V_HDMI_CON: supplied by +5V_SYS
[    2.086446]  usb3-0: usb3-0 supply vbus not found, using dummy regulator
[    2.086508]  usb3-1: usb3-1 supply vbus not found, using dummy regulator
[    2.087366] mmc0: new high speed MMC card at address 0001
[    2.088850] mmcblk0: mmc0:0001 MMC16G 14.4 GiB 
[    2.089162] mmcblk0boot0: mmc0:0001 MMC16G partition 1 2.00 MiB
[    2.090404] mmcblk0boot1: mmc0:0001 MMC16G partition 2 2.00 MiB
[    2.091391] tegra-sor 54540000.sor: failed to probe output: -517
[    2.092304] panel-simple panel: panel supply power not found, using dummy regulator
[    2.093035] mmcblk0rpmb: mmc0:0001 MMC16G partition 3 128 KiB
[    2.094734] sdhci-tegra 700b0000.sdhci: allocated mmc-pwrseq
[    2.098586]  mmcblk0: p1 p2 p3 p4 p5 p6 p7 p8 p9 p10 p11 p12
[    2.102259] mmc1: Unknown controller version (3). You may experience problems.
[    2.102313] mmc1: Invalid maximum block size, assuming 512 bytes
[    2.102680] mmc1: Switching to 3.3V signalling voltage failed
[    2.162165] mmc1: SDHCI controller on 700b0000.sdhci [700b0000.sdhci] using ADMA
[    2.163197] sdhci-tegra 700b0400.sdhci: Got CD GPIO
[    2.163207] sdhci-tegra 700b0400.sdhci: Got WP GPIO
[    2.171711] mmc2: Unknown controller version (3). You may experience problems.
[    2.171763] mmc2: Invalid maximum block size, assuming 512 bytes
[    2.198766] mmc1: new high speed SDIO card at address 0001
[    2.216839] elan_i2c 1-0015: device initialize failed: -121
[    2.232420] mmc2: SDHCI controller on 700b0400.sdhci [700b0400.sdhci] using ADMA
[    2.335193] [drm] Supports vblank timestamp caching Rev 2 (21.10.2013).
[    2.341797] [drm] No driver support for vblank timestamp query.
[    2.382646] mmc2: new high speed SDHC card at address 0007
[    2.382961] mmcblk2: mmc2:0007 SD08G 7.42 GiB 
[    2.392531] GPT:Primary header alternate_lba != Alt. header my_lba
[    2.392535] GPT:3014591 != 15564799
[    2.392537] GPT:Primary header thinks Alt. header is not at the end of the disk.
[    2.392538] GPT:3014591 != 15564799
[    2.392539] GPT: Use GNU Parted to correct GPT errors.
[    2.392565]  mmcblk2: p1 p2 p3 p4 p5 p6 p7 p8 p9 p10 p11 p12
[    2.430304] Console: switching to colour frame buffer device 170x48
[    2.446316] elan_i2c 1-0015: Elan Touchpad: Module ID: 0x002a, Firmware: 0x0005, Sample: 0x0007, IAP: 0x0009
[    2.446807] input: Elan Touchpad as /devices/soc0/7000c400.i2c/i2c-1/1-0015/input/input0
[    2.512507] drm drm: fb0:  frame buffer device
[    2.516991] [drm] Initialized tegra 0.0.0 20120330 for drm on minor 0
[    2.524439] input: gpio-keys as /devices/soc0/gpio-keys/input/input1
[    2.531684] as3722-rtc as3722-rtc: setting system clock to 2000-01-07 07:33:57 UTC (947230437)
[    2.540670] +1.8V_RUN_CAM: disabling
[    2.544488] +3.3V_RUN_CAM: disabling
[    2.548159] +1.2V_RUN_CAM_FRONT: disabling
[    2.552418] +1.05V_RUN_CAM_REAR: disabling
[    2.556615] +2.8V_RUN_TOUCH: disabling
[    2.560464] +2.8V_RUN_CAM_AF: disabling
[    2.564473] +1.8V_RUN_VPP_FUSE: disabling
[    2.568585] +5V_VDD_TS_SW: disabling
[    2.572166] +5V_USB_HS: disabling
[    2.575479] +5V_USB_SS: disabling
[    2.579591] EXT4-fs (mmcblk0p3): couldn't mount as ext3 due to feature incompatibilities
[    2.588240] EXT4-fs (mmcblk0p3): couldn't mount as ext2 due to feature incompatibilities
[    2.988144] EXT4-fs (mmcblk0p3): recovery complete
[    2.993806] EXT4-fs (mmcblk0p3): mounted filesystem with ordered data mode. Opts: (null)
[    3.001912] VFS: Mounted root (ext4 filesystem) on device 179:3.
[    3.008620] devtmpfs: mounted
[    3.012391] Freeing unused kernel memory: 2048K
bash: cannot set terminal process group (-1): Inappropriate ioctl for device
bash: no job control in this shell
root@(none):/# mount -t sysfs none /sys
root@(none):/# 
root@(none):/# mount -t debugfs none /sys/kernel/debug
root@(none):/# 
root@(none):/# rtcwake -d rtc1 -m mem -s 3
rtcwake: assuming RTC uses UTC ...
rtcwake: wakeup from "mem" using /dev/rtc1 at Thu Jan  1 00:00:28 1970
[    5.784547] PM: suspend entry (deep)
[    5.788118] PM: Syncing filesystems ... done.
[    5.813191] Freezing user space processes ... (elapsed 0.001 seconds) done.
[    5.821283] OOM killer disabled.
[    5.824530] Freezing remaining freezable tasks ... (elapsed 0.001 seconds) done.
[    5.833138] Suspending console(s) (use no_console_suspend to debug)
[    5.878975] Disabling non-boot CPUs ...
[    5.912250] IRQ17 no longer affine to CPU1
[    6.032761] Entering suspend state LP1
[    6.032775] Enabling non-boot CPUs ...
[    6.033074] CPU1 is up
[    6.033314] CPU2 is up
[    6.033593] CPU3 is up
[    6.193597] mmc1: Switching to 3.3V signalling voltage failed
[    6.452053] tegra-sor 54540000.sor: failed to attach SOR: -110
[    6.516502] OOM killer enabled.
[    6.519635] Restarting tasks ... done.
[    6.531279] PM: suspend exit
root@(none):/# 
root@(none):/# rtcwake -d rtc1 -m mem -s 3
rtcwake: assuming RTC uses UTC ...
rtcwake: wakeup from "mem" using /dev/rtc1 at Thu Jan  1 00:00:33 1970
[    7.851833] PM: suspend entry (deep)
[    7.855434] PM: Syncing filesystems ... done.
[    7.881281] Freezing user space processes ... (elapsed 0.001 seconds) done.
[    7.889388] OOM killer disabled.
[    7.892622] Freezing remaining freezable tasks ... (elapsed 0.001 seconds) done.
[    7.901177] Suspending console(s) (use no_console_suspend to debug)
[    7.947357] Disabling non-boot CPUs ...
[    8.102193] IRQ17 no longer affine to CPU3
[    8.102652] Entering suspend state LP1
[    8.102665] Enabling non-boot CPUs ...
[    8.103002] CPU1 is up
[    8.103245] CPU2 is up
[    8.103527] CPU3 is up
[    8.263654] mmc1: Switching to 3.3V signalling voltage failed
[    8.522095] tegra-sor 54540000.sor: failed to attach SOR: -110
[    8.586579] OOM killer enabled.
[    8.589711] Restarting tasks ... done.
[    8.601365] PM: suspend exit
root@(none):/# 
root@(none):/# rtcwake -d rtc1 -m mem -s 3
rtcwake: assuming RTC uses UTC ...
rtcwake: wakeup from "mem" using /dev/rtc1 at Thu Jan  1 00:00:38 1970
[    9.921825] PM: suspend entry (deep)
[    9.925425] PM: Syncing filesystems ... done.
[    9.951354] Freezing user space processes ... (elapsed 0.001 seconds) done.
[    9.959463] OOM killer disabled.
[    9.962697] Freezing remaining freezable tasks ... (elapsed 0.001 seconds) done.
[    9.971254] Suspending console(s) (use no_console_suspend to debug)
[   10.017582] Disabling non-boot CPUs ...
[   10.152200] IRQ17 no longer affine to CPU2
[   10.212618] Entering suspend state LP1
[   10.212632] Enabling non-boot CPUs ...
[   10.212936] CPU1 is up
[   10.213181] CPU2 is up
[   10.213458] CPU3 is up
[   10.373521] mmc1: Switching to 3.3V signalling voltage failed
[   10.632016] tegra-sor 54540000.sor: failed to attach SOR: -110
[   10.696486] OOM killer enabled.
[   10.699618] Restarting tasks ... done.
[   10.711264] PM: suspend exit
root@(none):/# 
root@(none):/# rtcwake -d rtc1 -m mem -s 3
rtcwake: assuming RTC uses UTC ...
rtcwake: wakeup from "mem" using /dev/rtc1 at Thu Jan  1 00:00:43 1970
[   12.042038] PM: suspend entry (deep)
[   12.045609] PM: Syncing filesystems ... done.
[   12.061251] Freezing user space processes ... (elapsed 0.001 seconds) done.
[   12.069363] OOM killer disabled.
[   12.072610] Freezing remaining freezable tasks ... (elapsed 0.001 seconds) done.
[   12.081166] Suspending console(s) (use no_console_suspend to debug)
[   12.127285] Disabling non-boot CPUs ...
[   12.162184] IRQ17 no longer affine to CPU1
[   12.282594] Entering suspend state LP1
[   12.282608] Enabling non-boot CPUs ...
[   12.282912] CPU1 is up
[   12.283154] CPU2 is up
[   12.283435] CPU3 is up
[   12.443786] mmc1: Switching to 3.3V signalling voltage failed
[   12.701992] tegra-sor 54540000.sor: failed to attach SOR: -110
[   12.766543] OOM killer enabled.
[   12.769675] Restarting tasks ... done.
[   12.781428] PM: suspend exit
root@(none):/# 
root@(none):/# rtcwake -d rtc1 -m mem -s 3
rtcwake: assuming RTC uses UTC ...
rtcwake: wakeup from "mem" using /dev/rtc1 at Thu Jan  1 00:00:48 1970
[   14.111849] PM: suspend entry (deep)
[   14.115468] PM: Syncing filesystems ... done.
[   14.131415] Freezing user space processes ... (elapsed 0.001 seconds) done.
[   14.139527] OOM killer disabled.
[   14.142759] Freezing remaining freezable tasks ... (elapsed 0.001 seconds) done.
[   14.151313] Suspending console(s) (use no_console_suspend to debug)
[   14.197583] Disabling non-boot CPUs ...
[   14.352136] IRQ17 no longer affine to CPU3
[   14.352587] Entering suspend state LP1
[   14.352600] Enabling non-boot CPUs ...
[   14.352905] CPU1 is up
[   14.353149] CPU2 is up
[   14.353430] CPU3 is up
[   14.513374] mmc1: Switching to 3.3V signalling voltage failed
[   14.772031] tegra-sor 54540000.sor: failed to attach SOR: -110
[   14.836504] OOM killer enabled.
[   14.839637] Restarting tasks ... done.
[   14.851285] PM: suspend exit
root@(none):/# 
root@(none):/# rtcwake -d rtc1 -m mem -s 3
rtcwake: assuming RTC uses UTC ...
rtcwake: wakeup from "mem" using /dev/rtc1 at Thu Jan  1 00:00:53 1970
[   16.181842] PM: suspend entry (deep)
[   16.185445] PM: Syncing filesystems ... done.
[   16.201278] Freezing user space processes ... (elapsed 0.001 seconds) done.
[   16.209387] OOM killer disabled.
[   16.212635] Freezing remaining freezable tasks ... (elapsed 0.001 seconds) done.
[   16.221189] Suspending console(s) (use no_console_suspend to debug)
[   16.267447] Disabling non-boot CPUs ...
[   16.422114] IRQ17 no longer affine to CPU3
[   16.422562] Entering suspend state LP1
[   16.422575] Enabling non-boot CPUs ...
[   16.422880] CPU1 is up
[   16.423124] CPU2 is up
[   16.423404] CPU3 is up
[   16.583372] mmc1: Switching to 3.3V signalling voltage failed
[   16.841991] tegra-sor 54540000.sor: failed to attach SOR: -110
[   16.906503] OOM killer enabled.
[   16.909636] Restarting tasks ... done.
[   16.921245] PM: suspend exit
root@(none):/# 
root@(none):/# rtcwake -d rtc1 -m mem -s 3
rtcwake: assuming RTC uses UTC ...
rtcwake: wakeup from "mem" using /dev/rtc1 at Thu Jan  1 00:00:58 1970
[   18.251730] PM: suspend entry (deep)
[   18.255332] PM: Syncing filesystems ... done.
[   18.271280] Freezing user space processes ... (elapsed 0.001 seconds) done.
[   18.279326] OOM killer disabled.
[   18.282556] Freezing remaining freezable tasks ... (elapsed 0.001 seconds) done.
[   18.291110] Suspending console(s) (use no_console_suspend to debug)
[   18.337159] Disabling non-boot CPUs ...
[   18.492098] IRQ17 no longer affine to CPU3
[   18.492540] Entering suspend state LP1
[   18.492553] Enabling non-boot CPUs ...
[   18.492859] CPU1 is up
[   18.493102] CPU2 is up
[   18.493379] CPU3 is up
[   18.654280] mmc1: Switching to 3.3V signalling voltage failed
[   18.912005] tegra-sor 54540000.sor: failed to attach SOR: -110
[   18.977198] OOM killer enabled.
[   18.980331] Restarting tasks ... done.
[   18.992130] PM: suspend exit
root@(none):/# 
root@(none):/# rtcwake -d rtc1 -m mem -s 3
rtcwake: assuming RTC uses UTC ...
rtcwake: wakeup from "mem" using /dev/rtc1 at Thu Jan  1 00:01:03 1970
[   20.321746] PM: suspend entry (deep)
[   20.325348] PM: Syncing filesystems ... done.
[   20.342073] Freezing user space processes ... (elapsed 0.001 seconds) done.
[   20.350178] OOM killer disabled.
[   20.353426] Freezing remaining freezable tasks ... (elapsed 0.001 seconds) done.
[   20.362038] Suspending console(s) (use no_console_suspend to debug)
[   20.407872] Disabling non-boot CPUs ...
[   20.452093] IRQ17 no longer affine to CPU1
[   20.572517] Entering suspend state LP1
[   20.572531] Enabling non-boot CPUs ...
[   20.572834] CPU1 is up
[   20.573077] CPU2 is up
[   20.573358] CPU3 is up
[   20.733319] mmc1: Switching to 3.3V signalling voltage failed
[   20.991976] tegra-sor 54540000.sor: failed to attach SOR: -110
[   21.056422] OOM killer enabled.
[   21.059554] Restarting tasks ... done.
[   21.071202] PM: suspend exit
root@(none):/# 
root@(none):/# rtcwake -d rtc1 -m mem -s 3
rtcwake: assuming RTC uses UTC ...
rtcwake: wakeup from "mem" using /dev/rtc1 at Thu Jan  1 00:01:08 1970
[   22.401695] PM: suspend entry (deep)
[   22.405298] PM: Syncing filesystems ... done.
[   22.421187] Freezing user space processes ... (elapsed 0.001 seconds) done.
[   22.429237] OOM killer disabled.
[   22.432466] Freezing remaining freezable tasks ... (elapsed 0.001 seconds) done.
[   22.441020] Suspending console(s) (use no_console_suspend to debug)
[   22.487490] Disabling non-boot CPUs ...
[   22.662053] IRQ17 no longer affine to CPU3
[   22.662503] Entering suspend state LP1
[   22.662516] Enabling non-boot CPUs ...
[   22.662822] CPU1 is up
[   22.663066] CPU2 is up
[   22.663344] CPU3 is up
[   22.823266] mmc1: Switching to 3.3V signalling voltage failed
[   23.081945] tegra-sor 54540000.sor: failed to attach SOR: -110
[   23.146411] OOM killer enabled.
[   23.149542] Restarting tasks ... done.
[   23.161196] PM: suspend exit
root@(none):/# 
root@(none):/# rtcwake -d rtc1 -m mem -s 3
rtcwake: assuming RTC uses UTC ...
rtcwake: wakeup from "mem" using /dev/rtc1 at Thu Jan  1 00:01:13 1970
[   24.491658] PM: suspend entry (deep)
[   24.495259] PM: Syncing filesystems ... done.
[   24.511170] Freezing user space processes ... (elapsed 0.001 seconds) done.
[   24.519284] OOM killer disabled.
[   24.522515] Freezing remaining freezable tasks ... (elapsed 0.001 seconds) done.
[   24.531056] Suspending console(s) (use no_console_suspend to debug)
[   24.577271] Disabling non-boot CPUs ...
[   24.762030] IRQ17 no longer affine to CPU3
[   24.762480] Entering suspend state LP1
[   24.762493] Enabling non-boot CPUs ...
[   24.762803] CPU1 is up
[   24.763047] CPU2 is up
[   24.763331] CPU3 is up
[   24.923423] mmc1: Switching to 3.3V signalling voltage failed
[   25.181950] tegra-sor 54540000.sor: failed to attach SOR: -110
[   25.246297] OOM killer enabled.
[   25.249430] Restarting tasks ... done.
[   25.261061] PM: suspend exit
root@(none):/# 
root@(none):/# NVTB SYSTEM SUSPEND TEST COMPLETE
