
U-Boot SPL 2014.01-00219-gc4d376f (Feb 18 2014 - 19:57:18)


U-Boot 2014.01-00219-gc4d376f (Feb 18 2014 - 19:57:18)

TEGRA30
Board: NVIDIA Beaver
I2C:   ready
DRAM:  2 GiB
MMC:   Tegra SD/MMC: 0, Tegra SD/MMC: 1
In:    serial
Out:   serial
Err:   serial
Net:   Net Initialization Skipped
No ethernet found.
Hit any key to stop autoboot:  2  0 
Tegra30 (Beaver) # 
Tegra30 (Beaver) # usb reset
(Re)start USB...
USB0:   USB EHCI 1.00
scanning bus 0 for devices... 2 USB Device(s) found
       scanning usb for storage devices... 0 Storage Device(s) found
       scanning usb for ethernet devices... 
Warning: asx0 using MAC address from net device
1 Ethernet Device(s) found
Tegra30 (Beaver) # setenv bootargs 'ignore_loglevel console=ttyS0,115200n8 rw root=PARTUUID=edbe1840-3633-c751-7993-b0ac834f81e0 rootwait gpt debug noinitrd earlyprintk init=/bin/bash'
Tegra30 (Beaver) # setenv ipaddr 192.168.100.101; setenv serverip 192.168.100.1; setenv tftpserverip 192.168.100.1
Tegra30 (Beaver) # tftpboot 0x81000000 zImage.multi_v7_defconfig
Using asx0 device
TFTP from server 192.168.100.1; our IP address is 192.168.100.101
Filename 'zImage.multi_v7_defconfig'.
Load address: 0x81000000
Loading: *#################################################################
	 #################################################################
	 #################################################################
	 #################################################################
	 #################################################################
	 #################################################################
	 #################################################################
	 #################################################################
	 #####################################
	 2.8 MiB/s
done
Bytes transferred = 8167936 (7ca200 hex)
Tegra30 (Beaver) # tftpboot 0x82000000 tegra30-beaver.dtb
Using asx0 device
TFTP from server 192.168.100.1; our IP address is 192.168.100.101
Filename 'tegra30-beaver.dtb'.
Load address: 0x82000000
Loading: *####
	 2.6 MiB/s
done
Bytes transferred = 51860 (ca94 hex)
Tegra30 (Beaver) # bootz 0x81000000 - 0x82000000
Kernel image @ 0x81000000 [ 0x000000 - 0x7ca200 ]
## Flattened Device Tree blob at 82000000
   Booting using the fdt blob at 0x82000000
   Loading Device Tree to 8fff0000, end 8ffffa93 ... OK

Starting kernel ...

[    0.000000] Booting Linux on physical CPU 0x0
[    0.000000] Linux version 4.14.0-rc8-201588-g39dae59 (jonathanh@sellafield) (gcc version 4.7.3 20130328 (prerelease) (crosstool-NG linaro-1.13.1-4.7-2013.04-20130415 - Linaro GCC 2013.04)) #1 SMP Sun Nov 5 13:36:06 PST 2017
[    0.000000] CPU: ARMv7 Processor [412fc099] revision 9 (ARMv7), cr=10c5387d
[    0.000000] CPU: PIPT / VIPT nonaliasing data cache, VIPT aliasing instruction cache
[    0.000000] OF: fdt: Machine model: NVIDIA Tegra30 Beaver evaluation board
[    0.000000] debug: ignoring loglevel setting.
[    0.000000] Memory policy: Data cache writealloc
[    0.000000] efi: Getting EFI parameters from FDT:
[    0.000000] efi: UEFI not found.
[    0.000000] cma: Reserved 64 MiB at 0xfb800000
[    0.000000] On node 0 totalpages: 524032
[    0.000000] free_area_init_node: node 0, pgdat c158fa80, node_mem_map eeff8000
[    0.000000]   DMA zone: 1536 pages used for memmap
[    0.000000]   DMA zone: 0 pages reserved
[    0.000000]   DMA zone: 196608 pages, LIFO batch:31
[    0.000000]   HighMem zone: 327424 pages, LIFO batch:31
[    0.000000] random: fast init done
[    0.000000] percpu: Embedded 17 pages/cpu @eef88000 s39424 r8192 d22016 u69632
[    0.000000] pcpu-alloc: s39424 r8192 d22016 u69632 alloc=17*4096
[    0.000000] pcpu-alloc: [0] 0 [0] 1 [0] 2 [0] 3 
[    0.000000] Built 1 zonelists, mobility grouping on.  Total pages: 522496
[    0.000000] Kernel command line: ignore_loglevel console=ttyS0,115200n8 rw root=PARTUUID=edbe1840-3633-c751-7993-b0ac834f81e0 rootwait gpt debug noinitrd earlyprintk init=/bin/bash
[    0.000000] PID hash table entries: 4096 (order: 2, 16384 bytes)
[    0.000000] Dentry cache hash table entries: 131072 (order: 7, 524288 bytes)
[    0.000000] Inode-cache hash table entries: 65536 (order: 6, 262144 bytes)
[    0.000000] Memory: 1993396K/2096128K available (10240K kernel code, 1631K rwdata, 4504K rodata, 2048K init, 406K bss, 37196K reserved, 65536K cma-reserved, 1244160K highmem)
[    0.000000] Virtual kernel memory layout:
[    0.000000]     vector  : 0xffff0000 - 0xffff1000   (   4 kB)
[    0.000000]     fixmap  : 0xffc00000 - 0xfff00000   (3072 kB)
[    0.000000]     vmalloc : 0xf0800000 - 0xff800000   ( 240 MB)
[    0.000000]     lowmem  : 0xc0000000 - 0xf0000000   ( 768 MB)
[    0.000000]     pkmap   : 0xbfe00000 - 0xc0000000   (   2 MB)
[    0.000000]     modules : 0xbf000000 - 0xbfe00000   (  14 MB)
[    0.000000]       .text : 0xc0208000 - 0xc0d00000   (11232 kB)
[    0.000000]       .init : 0xc1200000 - 0xc1400000   (2048 kB)
[    0.000000]       .data : 0xc1400000 - 0xc1597f28   (1632 kB)
[    0.000000]        .bss : 0xc15a0b9c - 0xc16064fc   ( 407 kB)
[    0.000000] SLUB: HWalign=64, Order=0-3, MinObjects=0, CPUs=4, Nodes=1
[    0.000000] Hierarchical RCU implementation.
[    0.000000] 	RCU event tracing is enabled.
[    0.000000] 	RCU restricting CPUs from NR_CPUS=16 to nr_cpu_ids=4.
[    0.000000] RCU: Adjusting geometry for rcu_fanout_leaf=16, nr_cpu_ids=4
[    0.000000] NR_IRQS: 16, nr_irqs: 16, preallocated irqs: 16
[    0.000000] /interrupt-controller@60004000: 160 interrupts forwarded to /interrupt-controller@50041000
[    0.000000] L2C: platform modifies aux control register: 0x02080000 -> 0x3e480001
[    0.000000] L2C: DT/platform modifies aux control register: 0x02080000 -> 0x3e480001
[    0.000000] L2C-310 erratum 769419 enabled
[    0.000000] L2C-310 enabling early BRESP for Cortex-A9
[    0.000000] L2C-310: enabling full line of zeros but not enabled in Cortex-A9
[    0.000000] L2C-310 dynamic clock gating enabled, standby mode enabled
[    0.000000] L2C-310 cache controller enabled, 8 ways, 1024 kB
[    0.000000] L2C-310: CACHE_ID 0x410000c7, AUX_CTRL 0x4e480001
[    0.000013] sched_clock: 32 bits at 1000kHz, resolution 1000ns, wraps every 2147483647500ns
[    0.000031] clocksource: timer_us: mask: 0xffffffff max_cycles: 0xffffffff, max_idle_ns: 1911260446275 ns
[    0.000041] Switching to timer-based delay loop, resolution 1000ns
[    0.002887] Console: colour dummy device 80x30
[    0.002919] Calibrating delay loop (skipped), value calculated using timer frequency.. 2.00 BogoMIPS (lpj=10000)
[    0.002929] pid_max: default: 32768 minimum: 301
[    0.003014] Mount-cache hash table entries: 2048 (order: 1, 8192 bytes)
[    0.003023] Mountpoint-cache hash table entries: 2048 (order: 1, 8192 bytes)
[    0.003429] CPU: Testing write buffer coherency: ok
[    0.003728] CPU0: thread -1, cpu 0, socket 0, mpidr 80000000
[    0.003952] Setting up static identity map for 0x80300000 - 0x803000a0
[    0.005291] Hierarchical SRCU implementation.
[    0.006624] Tegra Revision: A03 SKU: 128 CPU Process: 4 SoC Process: 0
[    0.007189] EFI services will not be available.
[    0.007288] smp: Bringing up secondary CPUs ...
[    0.010370] CPU1: thread -1, cpu 1, socket 0, mpidr 80000001
[    0.020346] CPU2: thread -1, cpu 2, socket 0, mpidr 80000002
[    0.030329] CPU3: thread -1, cpu 3, socket 0, mpidr 80000003
[    0.030383] smp: Brought up 1 node, 4 CPUs
[    0.030395] SMP: Total of 4 processors activated (8.00 BogoMIPS).
[    0.030399] CPU: All CPU(s) started in SVC mode.
[    0.031117] devtmpfs: initialized
[    0.038376] VFP support v0.3: implementor 41 architecture 3 part 30 variant 9 rev 4
[    0.038825] clocksource: jiffies: mask: 0xffffffff max_cycles: 0xffffffff, max_idle_ns: 19112604462750000 ns
[    0.038845] futex hash table entries: 1024 (order: 4, 65536 bytes)
[    0.042290] pinctrl core: initialized pinctrl subsystem
[    0.043703] DMI not present or invalid.
[    0.043947] NET: Registered protocol family 16
[    0.046943] DMA: preallocated 256 KiB pool for atomic coherent allocations
[    0.048630] cpuidle: using governor menu
[    0.061846] No ATAGs?
[    0.061952] hw-breakpoint: found 5 (+1 reserved) breakpoint and 1 watchpoint registers.
[    0.061964] hw-breakpoint: maximum watchpoint size is 4 bytes.
[    0.066144] Serial: AMBA PL011 UART driver
[    0.066616] tegra-mc 7000f000.memory-controller: no memory timings for RAM code 3 registered
[    0.066717] iommu: Adding device reg-dummy to group 0
[    0.066750] iommu: Adding device 3000.pcie to group 1
[    0.066770] iommu: Adding device 50000000.host1x to group 2
[    0.066788] iommu: Adding device 54040000.mpe to group 3
[    0.066805] iommu: Adding device 54080000.vi to group 4
[    0.066823] iommu: Adding device 540c0000.epp to group 5
[    0.066841] iommu: Adding device 54100000.isp to group 6
[    0.066859] iommu: Adding device 54140000.gr2d to group 7
[    0.066876] iommu: Adding device 54180000.gr3d to group 8
[    0.066948] iommu: Adding device 54200000.dc to group 9
[    0.066996] iommu: Adding device 54240000.dc to group 10
[    0.067016] iommu: Adding device 54280000.hdmi to group 11
[    0.067034] iommu: Adding device 50040600.timer to group 12
[    0.067052] iommu: Adding device 50043000.cache-controller to group 13
[    0.067069] iommu: Adding device 60005000.timer to group 14
[    0.067087] iommu: Adding device 60007000.flow-controller to group 15
[    0.067104] iommu: Adding device 6000a000.dma to group 16
[    0.067126] iommu: Adding device 6000c000.ahb to group 17
[    0.067145] iommu: Adding device 6000d000.gpio to group 18
[    0.067161] iommu: Adding device 70000800.apbmisc to group 19
[    0.067184] iommu: Adding device 70000868.pinmux to group 20
[    0.067202] iommu: Adding device 70006000.serial to group 21
[    0.067219] iommu: Adding device 7000e000.rtc to group 22
[    0.067238] iommu: Adding device 7000c000.i2c to group 23
[    0.067257] iommu: Adding device 7000c400.i2c to group 24
[    0.067279] iommu: Adding device 7000c500.i2c to group 25
[    0.067298] iommu: Adding device 7000c700.i2c to group 26
[    0.067316] iommu: Adding device 7000d000.i2c to group 27
[    0.067335] iommu: Adding device 7000da00.spi to group 28
[    0.067353] iommu: Adding device 7000e400.pmc to group 29
[    0.067372] iommu: Adding device 7000f000.memory-controller to group 30
[    0.067395] iommu: Adding device 7000f800.fuse to group 31
[    0.067417] iommu: Adding device 70080000.ahub to group 32
[    0.067436] iommu: Adding device 78000000.sdhci to group 33
[    0.067459] iommu: Adding device 78000600.sdhci to group 34
[    0.067477] iommu: Adding device 7d000000.usb to group 35
[    0.067497] iommu: Adding device 7d000000.usb-phy to group 36
[    0.067514] iommu: Adding device 7d004000.usb to group 37
[    0.067533] iommu: Adding device 7d004000.usb-phy to group 38
[    0.067550] iommu: Adding device 7d008000.usb to group 39
[    0.067568] iommu: Adding device 7d008000.usb-phy to group 40
[    0.067584] iommu: Adding device pmu to group 41
[    0.067612] iommu: Adding device clocks to group 42
[    0.067630] iommu: Adding device gpio-leds to group 43
[    0.067648] iommu: Adding device regulators to group 44
[    0.067665] iommu: Adding device regulators:regulator@0 to group 45
[    0.067683] iommu: Adding device regulators:regulator@1 to group 46
[    0.067700] iommu: Adding device regulators:regulator@2 to group 47
[    0.067718] iommu: Adding device regulators:regulator@3 to group 48
[    0.067735] iommu: Adding device regulators:regulator@4 to group 49
[    0.067752] iommu: Adding device regulators:regulator@5 to group 50
[    0.067775] iommu: Adding device regulators:regulator@6 to group 51
[    0.067799] iommu: Adding device regulators:regulator@7 to group 52
[    0.067818] iommu: Adding device regulators:regulator@8 to group 53
[    0.067835] iommu: Adding device sound to group 54
[    0.076195] AT91: Could not find identification node
[    0.076695] vdd_5v_sata: Failed to request enable GPIO30: -517
[    0.076708] reg-fixed-voltage regulators:regulator@3: Failed to register regulator: -517
[    0.076758] usb1_vbus: Failed to request enable GPIO238: -517
[    0.076766] reg-fixed-voltage regulators:regulator@4: Failed to register regulator: -517
[    0.076813] usb3_vbus: Failed to request enable GPIO236: -517
[    0.076820] reg-fixed-voltage regulators:regulator@5: Failed to register regulator: -517
[    0.076919] sys_3v3_pexs: Failed to request enable GPIO95: -517
[    0.076926] reg-fixed-voltage regulators:regulator@7: Failed to register regulator: -517
[    0.078770] vgaarb: loaded
[    0.079228] SCSI subsystem initialized
[    0.079366] libata version 3.00 loaded.
[    0.079490] usbcore: registered new interface driver usbfs
[    0.079523] usbcore: registered new interface driver hub
[    0.079556] usbcore: registered new device driver usb
[    0.083925] iommu: Adding device tps65910-gpio to group 55
[    0.084209] iommu: Adding device tps65910-pmic to group 56
[    0.086685] vrtc: supplied by vdd_5v_in
[    0.089967] vio: supplied by vdd_5v_in
[    0.101802] vdd1: supplied by vdd_5v_in
[    0.103162] vddio_ddr_1v2: Bringing 600000uV into 1200000-1200000uV
[    0.111818] vdd2: supplied by vdd_5v_in
[    0.131802] ldo1: supplied by vdd_1v5_gen
[    0.134176] ldo2: supplied by vdd_1v5_gen
[    0.134646] vdd_sata,avdd_plle: Bringing 1200000uV into 1050000-1050000uV
[    0.136868] ldo3: supplied by vdd_5v_in
[    0.139212] ldo4: supplied by vdd_5v_in
[    0.141799] ldo5: supplied by vdd_5v_in
[    0.151800] ldo6: supplied by vdd_1v8_gen
[    0.152269] avdd_dsi_csi,pwrdet_mipi: Bringing 1000000uV into 1200000-1200000uV
[    0.154502] ldo7: supplied by vdd_1v8_gen
[    0.161800] ldo8: supplied by vdd_1v8_gen
[    0.170076] iommu: Adding device tps65910-rtc to group 57
[    0.170198] iommu: Adding device tps65910-power to group 58
[    0.171973] pps_core: LinuxPPS API ver. 1 registered
[    0.171979] pps_core: Software ver. 5.3.6 - Copyright 2005-2007 Rodolfo Giometti <giometti@linux.it>
[    0.171995] PTP clock support registered
[    0.172131] EDAC MC: Ver: 3.0.0
[    0.172329] dmi: Firmware registration failed.
[    0.173625] clocksource: Switched to clocksource timer_us
[    0.205403] NET: Registered protocol family 2
[    0.205810] TCP established hash table entries: 8192 (order: 3, 32768 bytes)
[    0.205866] TCP bind hash table entries: 8192 (order: 4, 65536 bytes)
[    0.205950] TCP: Hash tables configured (established 8192 bind 8192)
[    0.206102] UDP hash table entries: 512 (order: 2, 16384 bytes)
[    0.206170] UDP-Lite hash table entries: 512 (order: 2, 16384 bytes)
[    0.206338] NET: Registered protocol family 1
[    0.206666] RPC: Registered named UNIX socket transport module.
[    0.206675] RPC: Registered udp transport module.
[    0.206679] RPC: Registered tcp transport module.
[    0.206683] RPC: Registered tcp NFSv4.1 backchannel transport module.
[    0.206693] PCI: CLS 0 bytes, default 64
[    0.207523] hw perfevents: no interrupt-affinity property for /pmu, guessing.
[    0.207749] hw perfevents: enabled with armv7_cortex_a9 PMU driver, 7 counters available
[    0.208246] iommu: Adding device alarmtimer to group 59
[    0.208941] workingset: timestamp_bits=30 max_order=19 bucket_order=0
[    0.212206] squashfs: version 4.0 (2009/01/31) Phillip Lougher
[    0.212603] NFS: Registering the id_resolver key type
[    0.212638] Key type id_resolver registered
[    0.212643] Key type id_legacy registered
[    0.212673] ntfs: driver 2.1.32 [Flags: R/O].
[    0.213590] bounce: pool size: 64 pages
[    0.213695] Block layer SCSI generic (bsg) driver version 0.4 loaded (major 248)
[    0.213704] io scheduler noop registered
[    0.213708] io scheduler deadline registered
[    0.213862] io scheduler cfq registered (default)
[    0.213868] io scheduler mq-deadline registered
[    0.213873] io scheduler kyber registered
[    0.220215] tegra30-pinctrl 70000868.pinmux: invalid group "sdmmc3_dat6_pd3" for function "rsvd1"
[    0.220229] tegra30-pinctrl 70000868.pinmux: invalid group "sdmmc3_dat7_pd4" for function "rsvd1"
[    0.220243] tegra30-pinctrl 70000868.pinmux: invalid group "vi_vsync_pd6" for function "rsvd1"
[    0.220251] tegra30-pinctrl 70000868.pinmux: invalid group "vi_hsync_pd7" for function "rsvd1"
[    0.220685] tegra30-pinctrl 70000868.pinmux: invalid group "hdmi_int_pn7" for function "rsvd1"
[    0.220734] tegra30-pinctrl 70000868.pinmux: invalid group "ulpi_data3_po4" for function "rsvd1"
[    0.221049] tegra30-pinctrl 70000868.pinmux: invalid group "vi_d10_pt2" for function "rsvd1"
[    0.221061] tegra30-pinctrl 70000868.pinmux: invalid group "vi_d11_pt3" for function "rsvd1"
[    0.221072] tegra30-pinctrl 70000868.pinmux: invalid group "vi_d0_pt4" for function "rsvd1"
[    0.221111] tegra30-pinctrl 70000868.pinmux: invalid group "pu0" for function "rsvd1"
[    0.221139] tegra30-pinctrl 70000868.pinmux: invalid group "pu3" for function "rsvd1"
[    0.221167] tegra30-pinctrl 70000868.pinmux: invalid group "pu6" for function "rsvd1"
[    0.221206] tegra30-pinctrl 70000868.pinmux: invalid group "pv3" for function "rsvd1"
[    0.221669] tegra30-pinctrl 70000868.pinmux: invalid group "pbb0" for function "rsvd1"
[    0.221791] tegra30-pinctrl 70000868.pinmux: invalid group "pcc1" for function "rsvd1"
[    0.227058] tegra-pcie 3000.pcie: 2x3 configuration
[    0.227207] tegra-pcie 3000.pcie: Failed to get supply 'hvdd-pex': -517
[    0.232878] tegra-apbdma 6000a000.dma: Tegra20 APB DMA driver register 32 channels
[    0.234815] tegra-pmc 7000e400.pmc: i2c-thermtrip node not found, emergency thermal reset disabled.
[    0.262846] Serial: 8250/16550 driver, 4 ports, IRQ sharing disabled
[    0.262934] iommu: Adding device serial8250 to group 60
[    0.265085] console [ttyS0] disabled
[    0.265123] 70006000.serial: ttyS0 at MMIO 0x70006000 (irq = 331, base_baud = 25500000) is a Tegra
[    1.638235] console [ttyS0] enabled
[    1.642268] SuperH (H)SCI(F) driver initialized
[    1.647423] msm_serial: driver initialized
[    1.651614] STMicroelectronics ASC driver initialized
[    1.660604] tegra-hdmi 54280000.hdmi: failed to get HDMI regulator
[    1.673655] brd: module loaded
[    1.682148] loop: module loaded
[    1.691061] m25p80 spi0.1: w25q32 (4096 Kbytes)
[    1.696862] iommu: Adding device Fixed MDIO bus.0 to group 61
[    1.703077] libphy: Fixed MDIO Bus: probed
[    1.707777] CAN device driver interface
[    1.712152] bgmac_bcma: Broadcom 47xx GBit MAC driver loaded
[    1.718574] e1000e: Intel(R) PRO/1000 Network Driver - 3.2.6-k
[    1.724404] e1000e: Copyright(c) 1999 - 2015 Intel Corporation.
[    1.730341] igb: Intel(R) Gigabit Ethernet Network Driver - version 5.4.0-k
[    1.737292] igb: Copyright (c) 2007-2014 Intel Corporation.
[    1.744939] pegasus: v0.9.3 (2013/04/25), Pegasus/Pegasus II USB Ethernet driver
[    1.752363] usbcore: registered new interface driver pegasus
[    1.758045] usbcore: registered new interface driver asix
[    1.763446] usbcore: registered new interface driver ax88179_178a
[    1.769552] usbcore: registered new interface driver cdc_ether
[    1.775406] usbcore: registered new interface driver smsc75xx
[    1.781160] usbcore: registered new interface driver smsc95xx
[    1.786918] usbcore: registered new interface driver net1080
[    1.792576] usbcore: registered new interface driver cdc_subset
[    1.798503] usbcore: registered new interface driver zaurus
[    1.804112] usbcore: registered new interface driver cdc_ncm
[    1.809942] tegra-phy 7d000000.usb-phy: no vbus regulator
[    1.817703] ehci_hcd: USB 2.0 'Enhanced' Host Controller (EHCI) Driver
[    1.824232] ehci-pci: EHCI PCI platform driver
[    1.828684] ehci-platform: EHCI generic platform driver
[    1.834025] ehci-orion: EHCI orion driver
[    1.838110] SPEAr-ehci: EHCI SPEAr driver
[    1.842180] ehci-st: EHCI STMicroelectronics driver
[    1.847130] ehci-exynos: EHCI EXYNOS driver
[    1.851386] ehci-atmel: EHCI Atmel driver
[    1.855472] tegra-ehci: Tegra EHCI driver
[    1.859769] ohci_hcd: USB 1.1 'Open' Host Controller (OHCI) Driver
[    1.865956] ohci-pci: OHCI PCI platform driver
[    1.870413] ohci-platform: OHCI generic platform driver
[    1.875746] SPEAr-ohci: OHCI SPEAr driver
[    1.879820] ohci-st: OHCI STMicroelectronics driver
[    1.884776] ohci-atmel: OHCI Atmel driver
[    1.889210] usbcore: registered new interface driver usb-storage
[    1.898646] iommu: Adding device ci_hdrc.0 to group 62
[    1.909338] tegra_rtc 7000e000.rtc: rtc core: registered 7000e000.rtc as rtc1
[    1.916511] tegra_rtc 7000e000.rtc: Tegra internal Real Time Clock
[    1.935230] tps65910-rtc tps65910-rtc: rtc core: registered tps65910-rtc as rtc0
[    1.942811] i2c /dev entries driver
[    1.948494] IR NEC protocol handler initialized
[    1.953013] IR RC5(x/sz) protocol handler initialized
[    1.958064] IR RC6 protocol handler initialized
[    1.962580] IR JVC protocol handler initialized
[    1.967104] IR Sony protocol handler initialized
[    1.971705] IR SANYO protocol handler initialized
[    1.976401] IR Sharp protocol handler initialized
[    1.981089] IR MCE Keyboard/mouse protocol handler initialized
[    1.986911] IR XMP protocol handler initialized
[    1.997514] sdhci: Secure Digital Host Controller Interface driver
[    2.003702] sdhci: Copyright(c) Pierre Ossman
[    2.008977] Synopsys Designware Multimedia Card Interface Driver
[    2.015735] sdhci-pltfm: SDHCI platform and OF driver helper
[    2.021910] sdhci-tegra 78000000.sdhci: Got CD GPIO
[    2.026801] sdhci-tegra 78000000.sdhci: Got WP GPIO
[    2.039935] mmc0: Invalid maximum block size, assuming 512 bytes
[    2.103739] mmc0: SDHCI controller on 78000000.sdhci [78000000.sdhci] using ADMA
[    2.120129] mmc1: Invalid maximum block size, assuming 512 bytes
[    2.183644] mmc1: SDHCI controller on 78000600.sdhci [78000600.sdhci] using ADMA
[    2.192531] ledtrig-cpu: registered to indicate activity on CPUs
[    2.198819] usbcore: registered new interface driver usbhid
[    2.204390] usbhid: USB HID core driver
[    2.210638] NET: Registered protocol family 10
[    2.215766] Segment Routing with IPv6
[    2.219461] sit: IPv6, IPv4 and MPLS over IPv4 tunneling driver
[    2.225754] NET: Registered protocol family 17
[    2.230191] can: controller area network core (rev 20170425 abi 9)
[    2.236413] NET: Registered protocol family 29
[    2.240844] can: raw protocol (rev 20170425)
[    2.245115] can: broadcast manager protocol (rev 20170425 t)
[    2.250763] can: netlink gateway (rev 20170425) max_hops=1
[    2.256516] Key type dns_resolver registered
[    2.261152] ThumbEE CPU extension supported.
[    2.265437] Registering SWP/SWPB emulation handler
[    2.280847] vdd_ddr: supplied by vdd_5v_in
[    2.286203] vdd_5v_sata: supplied by vdd_5v_in
[    2.290972] usb1_vbus: supplied by vdd_5v_in
[    2.295566] usb3_vbus: supplied by vdd_5v_in
[    2.301067] sys_3v3,vdd_3v3_alw: supplied by vdd_5v_in
[    2.307016] sys_3v3_pexs: supplied by sys_3v3,vdd_3v3_alw
[    2.312517] +VDD_5V_HDMI: supplied by sys_3v3,vdd_3v3_alw
[    2.317309] mmc1: new high speed MMC card at address 0001
[    2.318066] mmcblk1: mmc1:0001 SEM16G 14.8 GiB 
[    2.318571] mmcblk1boot0: mmc1:0001 SEM16G partition 1 1.00 MiB
[    2.319146] mmcblk1boot1: mmc1:0001 SEM16G partition 2 1.00 MiB
[    2.319614] mmcblk1rpmb: mmc1:0001 SEM16G partition 3 128 KiB
[    2.321253] mmc0: new ultra high speed DDR50 SDHC card at address aaaa
[    2.321461] mmcblk0: mmc0:aaaa SS04G 3.69 GiB 
[    2.331486] Primary GPT is invalid, using alternate GPT.
[    2.331503]  mmcblk1: p1 p2 p3 p4 p5
[    2.350117]  mmcblk0: p1 p2 p3
[    2.369080] tegra-pcie 3000.pcie: 2x3 configuration
[    2.376402] tegra-pcie 3000.pcie: probing port 0, using 2 lanes
[    2.440569] tegra-pcie 3000.pcie: probing port 2, using 2 lanes
[    2.850301] tegra-pcie 3000.pcie: link 2 down, retrying
[    3.259346] tegra-pcie 3000.pcie: link 2 down, retrying
[    3.668380] tegra-pcie 3000.pcie: link 2 down, retrying
[    3.675603] tegra-pcie 3000.pcie: link 2 down, ignoring
[    3.680919] tegra-pcie 3000.pcie: PCI host bridge to bus 0000:00
[    3.686931] pci_bus 0000:00: root bus resource [io  0x0000-0xffff]
[    3.693095] pci_bus 0000:00: root bus resource [mem 0x20000000-0x27ffffff]
[    3.699962] pci_bus 0000:00: root bus resource [mem 0x28000000-0x3fffffff pref]
[    3.707262] pci_bus 0000:00: root bus resource [bus 00-ff]
[    3.712756] pci 0000:00:01.0: [10de:0e1c] type 01 class 0x060400
[    3.718771] pci_bus 0000:00: 2-byte config write to 0000:00:01.0 offset 0x4 may corrupt adjacent RW1C bits
[    3.728413] pci_bus 0000:00: 2-byte config write to 0000:00:01.0 offset 0x4 may corrupt adjacent RW1C bits
[    3.738064] pci 0000:00:01.0: enabling Extended Tags
[    3.743017] pci_bus 0000:00: 2-byte config write to 0000:00:01.0 offset 0x88 may corrupt adjacent RW1C bits
[    3.752761] pci_bus 0000:00: 2-byte config write to 0000:00:01.0 offset 0x52 may corrupt adjacent RW1C bits
[    3.762505] pci 0000:00:01.0: PME# supported from D0 D1 D2 D3hot D3cold
[    3.769113] pci_bus 0000:00: 2-byte config write to 0000:00:01.0 offset 0x4c may corrupt adjacent RW1C bits
[    3.778976] pci_bus 0000:00: 2-byte config write to 0000:00:01.0 offset 0x3e may corrupt adjacent RW1C bits
[    3.788710] pci_bus 0000:00: 2-byte config write to 0000:00:01.0 offset 0x4 may corrupt adjacent RW1C bits
[    3.798350] pci_bus 0000:00: 1-byte config write to 0000:00:01.0 offset 0xc may corrupt adjacent RW1C bits
[    3.807987] PCI: bus0: Fast back to back transfers disabled
[    3.813547] pci 0000:00:01.0: bridge configuration invalid ([bus 00-00]), reconfiguring
[    3.821540] pci_bus 0000:00: 2-byte config write to 0000:00:01.0 offset 0x3e may corrupt adjacent RW1C bits
[    3.831267] pci_bus 0000:00: 2-byte config write to 0000:00:01.0 offset 0x3e may corrupt adjacent RW1C bits
[    3.841072] pci 0000:01:00.0: [10ec:8168] type 00 class 0x020000
[    3.847100] pci 0000:01:00.0: reg 0x10: [io  0x0000-0x00ff]
[    3.852672] pci 0000:01:00.0: reg 0x18: [mem 0x00000000-0x00000fff 64bit pref]
[    3.859894] pci 0000:01:00.0: reg 0x20: [mem 0x00000000-0x00003fff 64bit pref]
[    3.867177] pci 0000:01:00.0: supports D1 D2
[    3.871434] pci 0000:01:00.0: PME# supported from D0 D1 D2 D3hot D3cold
[    3.903653] PCI: bus1: Fast back to back transfers disabled
[    3.909215] pci_bus 0000:01: busn_res: [bus 01-ff] end is updated to 01
[    3.915848] pci 0000:00:01.0: BAR 9: assigned [mem 0x28000000-0x280fffff 64bit pref]
[    3.923574] pci 0000:00:01.0: BAR 7: assigned [io  0x1000-0x1fff]
[    3.929665] pci 0000:01:00.0: BAR 4: assigned [mem 0x28000000-0x28003fff 64bit pref]
[    3.937409] pci 0000:01:00.0: BAR 2: assigned [mem 0x28004000-0x28004fff 64bit pref]
[    3.945152] pci 0000:01:00.0: BAR 0: assigned [io  0x1000-0x10ff]
[    3.951234] pci 0000:00:01.0: PCI bridge to [bus 01]
[    3.956193] pci 0000:00:01.0:   bridge window [io  0x1000-0x1fff]
[    3.962273] pci 0000:00:01.0:   bridge window [mem 0x28000000-0x280fffff 64bit pref]
[    3.970023] pci 0000:00:01.0: nv_msi_ht_cap_quirk didn't locate host bridge
[    3.977065] pcieport 0000:00:01.0: enabling device (0140 -> 0143)
[    3.983346] pcieport 0000:00:01.0: Signaling PME with IRQ 375
[    3.989341] r8169 Gigabit Ethernet driver 2.3LK-NAPI loaded
[    3.994936] r8169 0000:01:00.0: enabling device (0140 -> 0143)
[    4.001636] r8169 0000:01:00.0 eth0: RTL8168evl/8111evl at 0xf0a2a000, 02:04:4b:01:60:a6, XID 0c900800 IRQ 376
[    4.011641] r8169 0000:01:00.0 eth0: jumbo features [frames: 9200 bytes, tx checksumming: ko]
[    4.024293] [drm] Supports vblank timestamp caching Rev 2 (21.10.2013).
[    4.030894] [drm] No driver support for vblank timestamp query.
[    4.036847] [drm] Cannot find any crtc or sizes
[    4.041380] [drm] Initialized tegra 0.0.0 20120330 for drm on minor 0
[    4.050770] tegra-ehci 7d004000.usb: EHCI Host Controller
[    4.056189] tegra-ehci 7d004000.usb: new USB bus registered, assigned bus number 1
[    4.063976] tegra-ehci 7d004000.usb: irq 344, io mem 0x7d004000
[    4.069923] [drm] Cannot find any crtc or sizes
[    4.094021] tegra-ehci 7d004000.usb: USB 2.0 started, EHCI 1.00
[    4.101214] hub 1-0:1.0: USB hub found
[    4.104992] hub 1-0:1.0: 1 port detected
[    4.110194] tegra-ehci 7d008000.usb: EHCI Host Controller
[    4.115615] tegra-ehci 7d008000.usb: new USB bus registered, assigned bus number 2
[    4.123354] tegra-ehci 7d008000.usb: irq 345, io mem 0x7d008000
[    4.154020] tegra-ehci 7d008000.usb: USB 2.0 started, EHCI 1.00
[    4.161127] hub 2-0:1.0: USB hub found
[    4.164901] hub 2-0:1.0: 1 port detected
[    4.175254] tps65910-rtc tps65910-rtc: setting system clock to 2000-01-01 00:00:02 UTC (946684802)
[    4.184748] vdd_sata,avdd_plle: disabling
[    4.189491] usb1_vbus: disabling
[    4.194277] EXT4-fs (mmcblk1p1): mounting ext3 file system using the ext4 subsystem
[    4.255703] EXT4-fs (mmcblk1p1): warning: mounting fs with errors, running e2fsck is recommended
[    4.265933] EXT4-fs (mmcblk1p1): recovery complete
[    4.271908] EXT4-fs (mmcblk1p1): mounted filesystem with ordered data mode. Opts: (null)
[    4.280048] VFS: Mounted root (ext3 filesystem) on device 179:1.
[    4.290628] devtmpfs: mounted
[    4.296007] Freeing unused kernel memory: 2048K
bash: cannot set terminal process group (-1): Inappropriate ioctl for device
bash: no job control in this shell
root@(none):/# [    4.544040] usb 2-1: new high-speed USB device number 2 using tegra-ehci
