

U-Boot 2015.04-00466-gedec83e90172 (Mar 14 2016 - 10:42:01)

TEGRA124
Model: Acer Chromebook 13 CB5-311
DRAM:  4 GiB
C:   Tegra SD/MMC: 0, Tegra SD/MMC: 1, Tegra SD/MMC: 2
MMC init failed
Using default environment

In:    serial
Out:   serial
Err:   serial
Net:   Net Initialization Skipped
No ethernet found.
Hit any key to stop autoboot:  2  1  0 
Tegra124 (Nyan-big) # 
Tegra124 (Nyan-big) # usb start
starting USB...
USB0:   USB EHCI 1.10
scanning bus 0 for devices... 2 USB Device(s) found
USB1:   USB EHCI 1.10
scanning bus 1 for devices... 2 USB Device(s) found
       scanning usb for storage devices... 1 Storage Device(s) found
       scanning usb for ethernet devices... 
Warning: asx0 using MAC address from net device
1 Ethernet Device(s) found
Tegra124 (Nyan-big) # setenv bootargs 'ignore_loglevel console=ttyS0,115200n8 rw root=PARTUUID=4d36e82a-b3c0-4b4b-bfcd-afe5217ac023 rootwait gpt debug noinitrd earlyprintk init=/bin/bash'
Tegra124 (Nyan-big) # setenv ipaddr 192.168.100.102; setenv serverip 192.168.100.1; setenv tftpserverip 192.168.100.1
Tegra124 (Nyan-big) # tftpboot 0x82000000 zImage.tegra_defconfig
Using asx0 device
TFTP from server 192.168.100.1; our IP address is 192.168.100.102
Filename 'zImage.tegra_defconfig'.
Load address: 0x82000000
Loading: *#################################################################
	 #################################################################
	 #########T EHCI timed out on TD - token=0x8008d80
T ########################################################
	 #################################################################
	 #################################################################
	 #####################################################
	 440.4 KiB/s
done
Bytes transferred = 5547016 (54a408 hex)
Tegra124 (Nyan-big) # tftpboot 0x83000000 tegra124-nyan-big.dtb
Using asx0 device
TFTP from server 192.168.100.1; our IP address is 192.168.100.102
Filename 'tegra124-nyan-big.dtb'.
Load address: 0x83000000
Loading: *#####
	 3.4 MiB/s
done
Bytes transferred = 66901 (10555 hex)
Tegra124 (Nyan-big) # bootz 0x82000000 - 0x83000000
Kernel image @ 0x82000000 [ 0x000000 - 0x54a408 ]
## Flattened Device Tree blob at 83000000
   Booting using the fdt blob at 0x83000000
   Using Device Tree in place at 83000000, end 83013554

Starting kernel ...

[    2.525560] console [ttyS0] enabled
[    2.529036] bootconsole [earlycon0] disabled
[    2.534382] [drm] Initialized drm 1.1.0 20060810
[    2.539717] tegra-hdmi 54280000.hdmi: failed to get HDMI regulator
[    2.546318] tegra-dpaux 545c0000.dpaux: failed to get VDD supply: -517
[    2.553611] panel supply power not found, using dummy regulator
[    2.584987] loop: module loaded
[    2.588725] as3722 4-0040: AS3722 with revision 0x1 found
[    2.598908] as3722-sd2: supplied by +5V_SYS
[    2.603418] as3722-sd3: supplied by +5V_SYS
[    2.607768] +1.35V_LP0(sd3): Bringing 0uV into 1350000-1350000uV
[    2.614027] as3722-sd4: supplied by +5V_SYS
[    2.618370] +1.05V_RUN: Bringing 0uV into 1050000-1050000uV
[    2.624195] as3722-sd5: supplied by +5V_SYS
[    2.629979] as3722-ldo0: supplied by +1.35V_LP0(sd2)
[    2.635815] +1.8V_RUN_CAM: Bringing 0uV into 1800000-1800000uV
[    2.641923] as3722-ldo2: supplied by +1.8V_VDDIO
[    2.647653] as3722-ldo3: supplied by +3.3V_SYS
[    2.652102] +1.00V_LP0_VDD_RTC: Bringing 1100000uV into 1000000-1000000uV
[    2.659769] as3722-ldo4: supplied by +3.3V_SYS
[    2.664365] +3.3V_RUN_CAM: Bringing 0uV into 2800000-2800000uV
[    2.670476] as3722-ldo5: supplied by +1.8V_VDDIO
[    2.675258] +1.2V_RUN_CAM_FRONT: Bringing 0uV into 1200000-1200000uV
[    2.682039] +VDDIO_SDMMC3: Bringing 0uV into 1800000-1800000uV
[    2.688176] as3722-ldo7: supplied by +1.8V_VDDIO
[    2.692949] +1.05V_RUN_CAM_REAR: Bringing 0uV into 1050000-1050000uV
[    2.699597] as3722-ldo9: supplied by +5V_SYS
[    2.704168] +2.8V_RUN_TOUCH: Bringing 0uV into 2800000-2800000uV
[    2.710471] as3722-ldo10: supplied by +5V_SYS
[    2.714986] +2.8V_RUN_CAM_AF: Bringing 0uV into 2800000-2800000uV
[    2.721524] +1.8V_RUN_VPP_FUSE: Bringing 0uV into 1800000-1800000uV
[    2.761814] cros-ec-spi spi32766.0: Chrome EC device registered
[    2.777278] m25p80 spi32765.0: w25q32dw (4096 Kbytes)
[    2.783478] CAN device driver interface
[    2.787359] igb: Intel(R) Gigabit Ethernet Network Driver - version 5.3.0-k
[    2.794301] igb: Copyright (c) 2007-2014 Intel Corporation.
[    2.799988] pegasus: v0.9.3 (2013/04/25), Pegasus/Pegasus II USB Ethernet driver
[    2.807438] usbcore: registered new interface driver pegasus
[    2.813136] usbcore: registered new interface driver asix
[    2.818576] usbcore: registered new interface driver ax88179_178a
[    2.824709] usbcore: registered new interface driver cdc_ether
[    2.830581] usbcore: registered new interface driver smsc75xx
[    2.836376] usbcore: registered new interface driver smsc95xx
[    2.842144] usbcore: registered new interface driver net1080
[    2.847833] usbcore: registered new interface driver cdc_subset
[    2.853775] usbcore: registered new interface driver zaurus
[    2.859396] usbcore: registered new interface driver cdc_ncm
[    2.865147] ehci_hcd: USB 2.0 'Enhanced' Host Controller (EHCI) Driver
[    2.871657] ehci-pci: EHCI PCI platform driver
[    2.876136] tegra-ehci: Tegra EHCI driver
[    2.880478] usbcore: registered new interface driver cdc_acm
[    2.886129] cdc_acm: USB Abstract Control Model driver for USB modems and ISDN adapters
[    2.894152] usbcore: registered new interface driver cdc_wdm
[    2.899857] usbcore: registered new interface driver usb-storage
[    2.906125] mousedev: PS/2 mouse device common for all mice
[    2.912003] input: cros_ec as /devices/soc0/7000d400.spi/spi_master/spi32766/spi32766.0/7000d400.spi:cros-ec@0:keyboard-controller/input/input0
[    2.927047] as3722-rtc as3722-rtc: rtc core: registered as3722-rtc as rtc0
[    2.933905] as3722-rtc as3722-rtc: RTC interrupt 370
[    2.940733] tegra_rtc 7000e000.rtc: rtc core: registered 7000e000.rtc as rtc1
[    2.947887] tegra_rtc 7000e000.rtc: Tegra internal Real Time Clock
[    2.954191] i2c /dev entries driver
[    2.958436] usbcore: registered new interface driver uvcvideo
[    2.964165] USB Video Class driver (1.1.1)
[    2.968256] gspca_main: v2.14.0 registered
[    2.972643] 0-004c supply vcc not found, using dummy regulator
[    2.980429] tegra-wdt 60005000.timer: initialized (heartbeat = 120 sec, nowayout = 0)
[    2.988851] sdhci: Secure Digital Host Controller Interface driver
[    2.995024] sdhci: Copyright(c) Pierre Ossman
[    2.999367] sdhci-pltfm: SDHCI platform and OF driver helper
[    3.005171] sdhci-tegra 700b0000.sdhci: allocated mmc-pwrseq
[    3.010831] mmc0: Unknown controller version (3). You may experience problems.
[    3.018225] sdhci-tegra 700b0400.sdhci: Got CD GPIO
[    3.023096] sdhci-tegra 700b0400.sdhci: Got WP GPIO
[    3.027993] mmc0: Unknown controller version (3). You may experience problems.
[    3.035345] mmc0: Unknown controller version (3). You may experience problems.
[    3.042583] mmc0: Invalid maximum block size, assuming 512 bytes
[    3.084607] mmc0: SDHCI controller on 700b0600.sdhci [700b0600.sdhci] using ADMA 64-bit
[    3.095149] usbcore: registered new interface driver usbhid
[    3.103772] usbhid: USB HID core driver
[    3.114627] tegra30-i2s 70301100.i2s: DMA channels sourced from device 70300000.ahub
[    3.145057] max98090 0-0010: MAX98090 REVID=0x43
[    3.152415] max98090 0-0010: use default 2.8v micbias
[    3.155070] mmc0: new high speed MMC card at address 0001
[    3.157624] mmcblk0: mmc0:0001 MMC16G 14.4 GiB 
[    3.157839] mmcblk0boot0: mmc0:0001 MMC16G partition 1 2.00 MiB
[    3.158025] mmcblk0boot1: mmc0:0001 MMC16G partition 2 2.00 MiB
[    3.158202] mmcblk0rpmb: mmc0:0001 MMC16G partition 3 128 KiB
[    3.165868]  mmcblk0: p1 p2 p3 p4 p5 p6 p7 p8 p9 p10 p11 p12
[    3.193458] tegra-snd-max98090 sound: HiFi <-> 70301100.i2s mapping ok
[    3.201253] input: GoogleNyanBig Headphones as /devices/soc0/sound/sound/card1/input1
[    3.209353] input: GoogleNyanBig Mic Jack as /devices/soc0/sound/sound/card1/input2
[    3.424581] NET: Registered protocol family 10
[    3.554594] mip6: Mobile IPv6
[    3.557552] sit: IPv6 over IPv4 tunneling driver
[    3.563209] NET: Registered protocol family 17
[    3.567665] NET: Registered protocol family 15
[    3.572095] can: controller area network core (rev 20120528 abi 9)
[    3.604623] NET: Registered protocol family 29
[    3.609054] can: raw protocol (rev 20120528)
[    3.613311] can: broadcast manager protocol (rev 20120528 t)
[    3.618969] can: netlink gateway (rev 20130117) max_hops=1
[    3.625202] input: tegra-hda HDMI/DP,pcm=3 as /devices/soc0/70030000.hda/sound/card0/input3
[    3.644623] Bluetooth: RFCOMM socket layer initialized
[    3.649752] Bluetooth: RFCOMM ver 1.11
[    3.653493] Bluetooth: BNEP (Ethernet Emulation) ver 1.3
[    3.658825] Bluetooth: BNEP socket layer initialized
[    3.663776] Bluetooth: HIDP (Human Interface Emulation) ver 1.2
[    3.669690] Bluetooth: HIDP socket layer initialized
[    3.674783] Key type dns_resolver registered
[    3.679504] Registering SWP/SWPB emulation handler
[    3.685188] +3.3V_RUN: supplied by +3.3V_SYS
[    3.690102] +3.3V_AVDD_HDMI_AP_GATED: supplied by +3.3V_RUN
[    3.695716] +1.8V_RUN_CAM: supplied by +3.3V_RUN
[    3.700362] +VDDIO_SDMMC3: supplied by +3.3V_RUN
[    3.705015] +1.8V_RUN_VPP_FUSE: supplied by +3.3V_RUN
[    3.710258] +VDD_LED: supplied by +VDD_MUX
[    3.714629] +5V_VDD_TS_SW: supplied by +5V_SYS
[    3.719406] +5V_USB_HS: supplied by +5V_SYS
[    3.723792] +5V_USB_SS: supplied by +5V_SYS
[    3.728891] +3.3V_PANEL: supplied by +3.3V_RUN
[    3.733969] +3.3V_LP0: supplied by +3.3V_SYS
[    3.738885] +1.05V_RUN_AVDD_HDMI_PLL: supplied by +1.05V_RUN
[    3.744784] +5V_HDMI_CON: supplied by +5V_SYS
[    3.750250] usb3-0 supply vbus not found, using dummy regulator
[    3.756268] usb3-1 supply vbus not found, using dummy regulator
[    3.764646] tegra-sor 54540000.sor: failed to probe output: -517
[    3.770796] panel supply power not found, using dummy regulator
[    3.835320] tegra-xusb 70090000.usb: Firmware timestamp: 2014-09-16 02:10:07 UTC
[    3.842730] tegra-xusb 70090000.usb: xHCI Host Controller
[    3.848148] tegra-xusb 70090000.usb: new USB bus registered, assigned bus number 1
[    3.857736] tegra-xusb 70090000.usb: hcc params 0x0184f525 hci version 0x100 quirks 0x00010010
[    3.866373] tegra-xusb 70090000.usb: irq 342, io mem 0x70090000
[    3.873106] hub 1-0:1.0: USB hub found
[    3.876923] hub 1-0:1.0: 6 ports detected
[    3.881625] tegra-xusb 70090000.usb: xHCI Host Controller
[    3.887070] tegra-xusb 70090000.usb: new USB bus registered, assigned bus number 2
[    3.894755] usb usb2: We don't know the algorithms for LPM for this host, disabling LPM.
[    3.903663] hub 2-0:1.0: USB hub found
[    3.907478] hub 2-0:1.0: 2 ports detected
[    3.912685] sdhci-tegra 700b0000.sdhci: allocated mmc-pwrseq
[    3.918398] mmc1: Unknown controller version (3). You may experience problems.
[    3.925856] mmc1: Invalid maximum block size, assuming 512 bytes
[    3.932425] +1.8V_VDDIO: voltage operation not allowed
[    3.937589] mmc1: Switching to 3.3V signalling voltage failed
[    3.974908] mmc1: SDHCI controller on 700b0000.sdhci [700b0000.sdhci] using ADMA 64-bit
[    3.983227] sdhci-tegra 700b0400.sdhci: Got CD GPIO
[    3.990308] sdhci-tegra 700b0400.sdhci: Got WP GPIO
[    3.998376] mmc2: Unknown controller version (3). You may experience problems.
[    4.006030] mmc2: Invalid maximum block size, assuming 512 bytes
[    4.043608] mmc1: new high speed SDIO card at address 0001
[    4.054717] mmc2: SDHCI controller on 700b0400.sdhci [700b0400.sdhci] using ADMA 64-bit
[    4.159817] [drm] Supports vblank timestamp caching Rev 2 (21.10.2013).
[    4.166439] [drm] No driver support for vblank timestamp query.
[    4.204590] usb 1-2: new high-speed USB device number 2 using tegra-xusb
[    4.206018] mmc2: new high speed SDHC card at address 0007
[    4.206666] mmcblk2: mmc2:0007 SD08G 7.42 GiB 
[    4.215495] GPT:Primary header alternate_lba != Alt. header my_lba
[    4.215498] GPT:3014591 != 15564799
[    4.215500] GPT:Primary header thinks Alt. header is not at the end of the disk.
[    4.215501] GPT:3014591 != 15564799
[    4.215502] GPT: Use GNU Parted to correct GPT errors.
[    4.215528]  mmcblk2: p1 p2 p3 p4 p5 p6 p7 p8 p9 p10 p11 p12
[    4.227630] Console: switching to colour frame buffer device 170x48
[    4.285943] drm drm: fb0:  frame buffer device
[    4.314673] [drm] Initialized tegra 0.0.0 20120330 on minor 0
[    4.321188] input: gpio-keys as /devices/soc0/gpio-keys/input/input4
[    4.328461] as3722-rtc as3722-rtc: setting system clock to 2000-01-01 00:00:35 UTC (946684835)
[    4.342734] +1.8V_RUN_CAM: disabling
[    4.346559] +1.2V_RUN_CAM_FRONT: disabling
[    4.350860] +1.05V_RUN_CAM_REAR: disabling
[    4.355189] +2.8V_RUN_TOUCH: disabling
[    4.359141] +2.8V_RUN_CAM_AF: disabling
[    4.363133] +1.8V_RUN_VPP_FUSE: disabling
[    4.367356] +5V_VDD_TS_SW: disabling
[    4.371114] ALSA device list:
[    4.374074]   #0: tegra-hda at 0x70038000 irq 341
[    4.378794]   #1: GoogleNyanBig
[    4.382726] EXT4-fs (mmcblk0p3): couldn't mount as ext3 due to feature incompatibilities
[    4.484863] uvcvideo: Found UVC 1.00 device HD WebCam (1bcf:2c67)
[    4.499605] input: HD WebCam as /devices/soc0/70090000.usb/usb1/1-2/1-2:1.0/input/input5
[    4.784624] usb 1-3: new high-speed USB device number 3 using tegra-xusb
[    4.944878] EXT4-fs (mmcblk0p3): recovery complete
[    4.950616] EXT4-fs (mmcblk0p3): mounted filesystem with ordered data mode. Opts: (null)
[    4.958766] VFS: Mounted root (ext4 filesystem) on device 179:3.
[    4.965433] devtmpfs: mounted
[    4.968849] Freeing unused kernel memory: 1024K (c0c00000 - c0d00000)
bash: cannot set terminal process group (-1): Inappropriate ioctl for device
bash: no job control in this shell
root@(none):/# [    5.777489] asix 1-3:1.0 eth0: register 'asix' at usb-70090000.usb-3, ASIX AX88772 USB 2.0 Ethernet, c8:d7:19:90:fa:65
[    6.064663] usb 1-1: new high-speed USB device number 4 using tegra-xusb
[    6.213232] usb-storage 1-1:1.0: USB Mass Storage device detected
[    6.220141] scsi host0: usb-storage 1-1:1.0
[    7.276501] scsi 0:0:0:0: Direct-Access     SanDisk  SDDR-113         9412 PQ: 0 ANSI: 0
[    7.448573] sd 0:0:0:0: [sda] 15523840 512-byte logical blocks: (7.95 GB/7.40 GiB)
[    7.456984] sd 0:0:0:0: [sda] Write Protect is off
[    7.461765] sd 0:0:0:0: [sda] Mode Sense: 03 00 00 00
[    7.468087] sd 0:0:0:0: [sda] No Caching mode page found
[    7.473399] sd 0:0:0:0: [sda] Assuming drive cache: write through
[    7.498821]  sda: sda1 sda2 sda3 sda4 sda5 sda6 sda7 sda8 sda9 sda10 sda11 sda12 sda13
[    7.512502] sd 0:0:0:0: [sda] Attached SCSI removable disk
