

U-Boot 2015.04-00466-gedec83e90172 (Mar 14 2016 - 10:42:01)

TEGRA124
Model: Acer Chromebook 13 CB5-311
DRAM:  4 GiB
C:   Tegra SD/MMC: 0, Tegra SD/MMC: 1, Tegra SD/MMC: 2
MMC init failed
Using default environment

In:    serial
Out:   serial
Err:   serial
Net:   Net Initialization Skipped
No ethernet found.
Hit any key to stop autoboot:  2  0 
Tegra124 (Nyan-big) # 
Tegra124 (Nyan-big) # usb start
starting USB...
USB0:   USB EHCI 1.10
scanning bus 0 for devices... 2 USB Device(s) found
USB1:   USB EHCI 1.10
scanning bus 1 for devices... 2 USB Device(s) found
       scanning usb for storage devices... 1 Storage Device(s) found
       scanning usb for ethernet devices... 
Warning: asx0 using MAC address from net device
1 Ethernet Device(s) found
Tegra124 (Nyan-big) # mw 0x7000e4a0 0x00080000
Tegra124 (Nyan-big) # setenv bootargs 'ignore_loglevel console=ttyS0,115200n8 rw root=PARTUUID=4d36e82a-b3c0-4b4b-bfcd-afe5217ac023 rootwait gpt debug noinitrd earlyprintk init=/bin/bash'
Tegra124 (Nyan-big) # setenv ipaddr 192.168.100.102; setenv serverip 192.168.100.1; setenv tftpserverip 192.168.100.1
Tegra124 (Nyan-big) # tftpboot 0x82000000 zImage.multi_v7_defconfig
Using asx0 device
TFTP from server 192.168.100.1; our IP address is 192.168.100.102
Filename 'zImage.multi_v7_defconfig'.
Load address: 0x82000000
Loading: *#################################################################
	 #################################################################
	 #################################################################
	 #################################################################
	 #################################################################
	 #################################################################
	 #################################################################
	 ##################################################
	 2.9 MiB/s
done
Bytes transferred = 7413008 (711d10 hex)
Tegra124 (Nyan-big) # tftpboot 0x83000000 tegra124-nyan-big.dtb
Using asx0 device
TFTP from server 192.168.100.1; our IP address is 192.168.100.102
Filename 'tegra124-nyan-big.dtb'.
Load address: 0x83000000
Loading: *#####
	 2.7 MiB/s
done
Bytes transferred = 67943 (10967 hex)
Tegra124 (Nyan-big) # bootz 0x82000000 - 0x83000000
Kernel image @ 0x82000000 [ 0x000000 - 0x711d10 ]
## Flattened Device Tree blob at 83000000
   Booting using the fdt blob at 0x83000000
   Using Device Tree in place at 83000000, end 83013966

Starting kernel ...

[    0.000000] Booting Linux on physical CPU 0x0
[    0.000000] Linux version 4.10.0-rc7-142980-gd5adbfc (pwalmsley@sellafield) (gcc version 4.7.3 20130328 (prerelease) (crosstool-NG linaro-1.13.1-4.7-2013.04-20130415 - Linaro GCC 2013.04) ) #1 SMP Sun Feb 5 15:34:30 PST 2017
[    0.000000] CPU: ARMv7 Processor [413fc0f3] revision 3 (ARMv7), cr=10c5387d
[    0.000000] CPU: div instructions available: patching division code
[    0.000000] CPU: PIPT / VIPT nonaliasing data cache, PIPT instruction cache
[    0.000000] OF: fdt:Machine model: Acer Chromebook 13 CB5-311
[    0.000000] OF: fdt:Ignoring memory range 0x100000000 - 0x17ffff000
[    0.000000] debug: ignoring loglevel setting.
[    0.000000] efi: Getting EFI parameters from FDT:
[    0.000000] efi: UEFI not found.
[    0.000000] cma: Reserved 64 MiB at 0xfb800000
[    0.000000] Memory policy: Data cache writealloc
[    0.000000] On node 0 totalpages: 524287
[    0.000000] free_area_init_node: node 0, pgdat c142b540, node_mem_map eeff8000
[    0.000000]   DMA zone: 1536 pages used for memmap
[    0.000000]   DMA zone: 0 pages reserved
[    0.000000]   DMA zone: 196608 pages, LIFO batch:31
[    0.000000]   HighMem zone: 327679 pages, LIFO batch:31
[    0.000000] percpu: Embedded 14 pages/cpu @eef8d000 s26176 r8192 d22976 u57344
[    0.000000] pcpu-alloc: s26176 r8192 d22976 u57344 alloc=14*4096
[    0.000000] pcpu-alloc: [0] 0 [0] 1 [0] 2 [0] 3 
[    0.000000] Built 1 zonelists in Zone order, mobility grouping on.  Total pages: 522751
[    0.000000] Kernel command line: ignore_loglevel console=ttyS0,115200n8 rw root=PARTUUID=4d36e82a-b3c0-4b4b-bfcd-afe5217ac023 rootwait gpt debug noinitrd earlyprintk init=/bin/bash
[    0.000000] PID hash table entries: 4096 (order: 2, 16384 bytes)
[    0.000000] Dentry cache hash table entries: 131072 (order: 7, 524288 bytes)
[    0.000000] Inode-cache hash table entries: 65536 (order: 6, 262144 bytes)
[    0.000000] Memory: 1995772K/2097148K available (9216K kernel code, 1204K rwdata, 4148K rodata, 2048K init, 536K bss, 35840K reserved, 65536K cma-reserved, 1245180K highmem)
[    0.000000] Virtual kernel memory layout:
[    0.000000]     vector  : 0xffff0000 - 0xffff1000   (   4 kB)
[    0.000000]     fixmap  : 0xffc00000 - 0xfff00000   (3072 kB)
[    0.000000]     vmalloc : 0xf0800000 - 0xff800000   ( 240 MB)
[    0.000000]     lowmem  : 0xc0000000 - 0xf0000000   ( 768 MB)
[    0.000000]     pkmap   : 0xbfe00000 - 0xc0000000   (   2 MB)
[    0.000000]     modules : 0xbf000000 - 0xbfe00000   (  14 MB)
[    0.000000]       .text : 0xc0208000 - 0xc0c00000   (10208 kB)
[    0.000000]       .init : 0xc1100000 - 0xc1300000   (2048 kB)
[    0.000000]       .data : 0xc1300000 - 0xc142d040   (1205 kB)
[    0.000000]        .bss : 0xc142f000 - 0xc14b51d0   ( 537 kB)
[    0.000000] SLUB: HWalign=64, Order=0-3, MinObjects=0, CPUs=4, Nodes=1
[    0.000000] Hierarchical RCU implementation.
[    0.000000] 	Build-time adjustment of leaf fanout to 32.
[    0.000000] 	RCU restricting CPUs from NR_CPUS=16 to nr_cpu_ids=4.
[    0.000000] RCU: Adjusting geometry for rcu_fanout_leaf=32, nr_cpu_ids=4
[    0.000000] NR_IRQS:16 nr_irqs:16 16
[    0.000000] /interrupt-controller@60004000: 160 interrupts forwarded to /interrupt-controller@50041000
[    0.000000] Tegra clk 127: register failed with -17
[    0.000004] sched_clock: 32 bits at 1000kHz, resolution 1000ns, wraps every 2147483647500ns
[    0.000012] clocksource: timer_us: mask: 0xffffffff max_cycles: 0xffffffff, max_idle_ns: 1911260446275 ns
[    0.000018] Switching to timer-based delay loop, resolution 1000ns
[    0.001715] arm_arch_timer: Architected cp15 timer(s) running at 12.00MHz (virt).
[    0.001721] clocksource: arch_sys_counter: mask: 0xffffffffffffff max_cycles: 0x2c47f4ee7, max_idle_ns: 440795202497 ns
[    0.001728] sched_clock: 56 bits at 12MHz, resolution 83ns, wraps every 4398046511096ns
[    0.001732] Switching to timer-based delay loop, resolution 83ns
[    0.001931] Console: colour dummy device 80x30
[    0.001947] Calibrating delay loop (skipped), value calculated using timer frequency.. 24.00 BogoMIPS (lpj=120000)
[    0.001953] pid_max: default: 32768 minimum: 301
[    0.001992] Mount-cache hash table entries: 2048 (order: 1, 8192 bytes)
[    0.001996] Mountpoint-cache hash table entries: 2048 (order: 1, 8192 bytes)
[    0.002235] CPU: Testing write buffer coherency: ok
[    0.002359] /cpus/cpu@0 missing clock-frequency property
[    0.002374] /cpus/cpu@1 missing clock-frequency property
[    0.002387] /cpus/cpu@2 missing clock-frequency property
[    0.002402] /cpus/cpu@3 missing clock-frequency property
[    0.002406] CPU0: thread -1, cpu 0, socket 0, mpidr 80000000
[    0.002504] Setting up static identity map for 0x80300000 - 0x80300098
[    0.003745] Tegra Revision: A01 SKU: 131 CPU Process: 1 SoC Process: 1
[    0.003966] EFI services will not be available.
[    0.004058] smp: Bringing up secondary CPUs ...
[    0.004355] CPU1: thread -1, cpu 1, socket 0, mpidr 80000001
[    0.011894] CPU2: thread -1, cpu 2, socket 0, mpidr 80000002
[    0.021890] CPU3: thread -1, cpu 3, socket 0, mpidr 80000003
[    0.031613] smp: Brought up 1 node, 4 CPUs
[    0.031620] SMP: Total of 4 processors activated (96.00 BogoMIPS).
[    0.031622] CPU: All CPU(s) started in SVC mode.
[    0.032162] devtmpfs: initialized
[    0.039084] VFP support v0.3: implementor 41 architecture 4 part 30 variant f rev 0
[    0.039285] clocksource: jiffies: mask: 0xffffffff max_cycles: 0xffffffff, max_idle_ns: 19112604462750000 ns
[    0.039806] pinctrl core: initialized pinctrl subsystem
[    0.040529] NET: Registered protocol family 16
[    0.041196] DMA: preallocated 256 KiB pool for atomic coherent allocations
[    0.071641] cpuidle: using governor menu
[    0.081797] No ATAGs?
[    0.081857] hw-breakpoint: found 5 (+1 reserved) breakpoint and 4 watchpoint registers.
[    0.081862] hw-breakpoint: maximum watchpoint size is 8 bytes.
[    0.084476] Serial: AMBA PL011 UART driver
[    0.084820] tegra-mc 70019000.memory-controller: no memory timings for RAM code 0 registered
[    0.113489] +5V_SYS: supplied by +VDD_MUX
[    0.113592] +3.3V_SYS: supplied by +VDD_MUX
[    0.113814] +VDD_LED: Failed to request enable GPIO122: -517
[    0.113819] reg-fixed-voltage regulators:regulator@5: Failed to register regulator: -517
[    0.113849] +5V_VDD_TS_SW: Failed to request enable GPIO81: -517
[    0.113854] reg-fixed-voltage regulators:regulator@6: Failed to register regulator: -517
[    0.113883] +5V_USB_HS: Failed to request enable GPIO108: -517
[    0.113887] reg-fixed-voltage regulators:regulator@7: Failed to register regulator: -517
[    0.113916] +5V_USB_SS: Failed to request enable GPIO109: -517
[    0.113920] reg-fixed-voltage regulators:regulator@8: Failed to register regulator: -517
[    0.113998] +1.05V_RUN_AVDD_HDMI_PLL: Failed to request enable GPIO63: -517
[    0.114002] reg-fixed-voltage regulators:regulator@11: Failed to register regulator: -517
[    0.114030] +5V_HDMI_CON: Failed to request enable GPIO86: -517
[    0.114034] reg-fixed-voltage regulators:regulator@12: Failed to register regulator: -517
[    0.115143] vgaarb: loaded
[    0.115440] SCSI subsystem initialized
[    0.115506] libata version 3.00 loaded.
[    0.115601] usbcore: registered new interface driver usbfs
[    0.115622] usbcore: registered new interface driver hub
[    0.115648] usbcore: registered new device driver usb
[    0.116999] pps_core: LinuxPPS API ver. 1 registered
[    0.117002] pps_core: Software ver. 5.3.6 - Copyright 2005-2007 Rodolfo Giometti <giometti@linux.it>
[    0.117010] PTP clock support registered
[    0.117076] EDAC MC: Ver: 3.0.0
[    0.117520] tegra-emc 7001b000.emc: no memory timings for RAM code 0 found in DT
[    0.117529] tegra-emc: probe of 7001b000.emc failed with error -2
[    0.118015] clocksource: Switched to clocksource arch_sys_counter
[    0.121589] NET: Registered protocol family 2
[    0.121801] TCP established hash table entries: 8192 (order: 3, 32768 bytes)
[    0.121834] TCP bind hash table entries: 8192 (order: 4, 65536 bytes)
[    0.121896] TCP: Hash tables configured (established 8192 bind 8192)
[    0.121921] UDP hash table entries: 512 (order: 2, 16384 bytes)
[    0.121936] UDP-Lite hash table entries: 512 (order: 2, 16384 bytes)
[    0.121997] NET: Registered protocol family 1
[    0.122128] RPC: Registered named UNIX socket transport module.
[    0.122131] RPC: Registered udp transport module.
[    0.122134] RPC: Registered tcp transport module.
[    0.122136] RPC: Registered tcp NFSv4.1 backchannel transport module.
[    0.122140] PCI: CLS 0 bytes, default 64
[    0.122581] hw perfevents: enabled with armv7_cortex_a15 PMU driver, 7 counters available
[    0.123106] futex hash table entries: 1024 (order: 4, 65536 bytes)
[    0.123386] workingset: timestamp_bits=30 max_order=19 bucket_order=0
[    0.127078] squashfs: version 4.0 (2009/01/31) Phillip Lougher
[    0.127365] NFS: Registering the id_resolver key type
[    0.127376] Key type id_resolver registered
[    0.127378] Key type id_legacy registered
[    0.127395] ntfs: driver 2.1.32 [Flags: R/O].
[    0.127987] bounce: pool size: 64 pages
[    0.128073] Block layer SCSI generic (bsg) driver version 0.4 loaded (major 248)
[    0.128076] io scheduler noop registered
[    0.128079] io scheduler deadline registered
[    0.128139] io scheduler cfq registered (default)
[    0.129876] tegra-xusb-padctl 7009f000.padctl: failed to setup XUSB ports: -517
[    0.139907] tegra-apbdma 60020000.dma: Tegra20 APB DMA driver register 32 channels
[    0.140612] tegra-pmc 7000e400.pmc: i2c-thermtrip node not found, emergency thermal reset disabled.
[    0.161610] Serial: 8250/16550 driver, 4 ports, IRQ sharing disabled
[    0.162809] console [ttyS0] disabled
[    0.162826] 70006000.serial: ttyS0 at MMIO 0x70006000 (irq = 333, base_baud = 25500000) is a Tegra
[    1.036516] console [ttyS0] enabled
[    1.040307] SuperH (H)SCI(F) driver initialized
[    1.045172] msm_serial: driver initialized
[    1.049328] STMicroelectronics ASC driver initialized
[    1.055790] [drm] Initialized
[    1.059930] tegra-hdmi 54280000.hdmi: failed to get HDMI regulator
[    1.066461] tegra-dpaux 545c0000.dpaux: failed to get VDD supply: -517
[    1.073759] panel supply power not found, using dummy regulator
[    1.083600] brd: module loaded
[    1.088869] loop: module loaded
[    1.092913] as3722 4-0040: AS3722 with revision 0x1 found
[    1.102979] as3722-sd2: supplied by +5V_SYS
[    1.107388] as3722-sd3: supplied by +5V_SYS
[    1.111724] +1.35V_LP0(sd3): Bringing 0uV into 1350000-1350000uV
[    1.117901] as3722-sd4: supplied by +5V_SYS
[    1.122279] +1.05V_RUN: Bringing 0uV into 1050000-1050000uV
[    1.128030] as3722-sd5: supplied by +5V_SYS
[    1.133619] as3722-ldo0: supplied by +1.35V_LP0(sd2)
[    1.139365] +1.8V_RUN_CAM: Bringing 0uV into 1800000-1800000uV
[    1.145378] as3722-ldo2: supplied by +1.8V_VDDIO
[    1.151000] as3722-ldo3: supplied by +3.3V_SYS
[    1.155449] +1.00V_LP0_VDD_RTC: Bringing 1100000uV into 1000000-1000000uV
[    1.163025] as3722-ldo4: supplied by +3.3V_SYS
[    1.167614] +3.3V_RUN_CAM: Bringing 0uV into 2800000-2800000uV
[    1.173636] as3722-ldo5: supplied by +1.8V_VDDIO
[    1.178406] +1.2V_RUN_CAM_FRONT: Bringing 0uV into 1200000-1200000uV
[    1.185089] +VDDIO_SDMMC3: Bringing 0uV into 1800000-1800000uV
[    1.191130] as3722-ldo7: supplied by +1.8V_VDDIO
[    1.195893] +1.05V_RUN_CAM_REAR: Bringing 0uV into 1050000-1050000uV
[    1.202449] as3722-ldo9: supplied by +5V_SYS
[    1.207011] +2.8V_RUN_TOUCH: Bringing 0uV into 2800000-2800000uV
[    1.213222] as3722-ldo10: supplied by +5V_SYS
[    1.217727] +2.8V_RUN_CAM_AF: Bringing 0uV into 2800000-2800000uV
[    1.224175] +1.8V_RUN_VPP_FUSE: Bringing 0uV into 1800000-1800000uV
[    1.236743] random: fast init done
[    1.242668] m25p80 spi32765.0: w25q32dw (4096 Kbytes)
[    1.248852] libphy: Fixed MDIO Bus: probed
[    1.253360] CAN device driver interface
[    1.257516] bgmac_bcma: Broadcom 47xx GBit MAC driver loaded
[    1.263651] e1000e: Intel(R) PRO/1000 Network Driver - 3.2.6-k
[    1.269473] e1000e: Copyright(c) 1999 - 2015 Intel Corporation.
[    1.275399] igb: Intel(R) Gigabit Ethernet Network Driver - version 5.4.0-k
[    1.282346] igb: Copyright (c) 2007-2014 Intel Corporation.
[    1.289184] pegasus: v0.9.3 (2013/04/25), Pegasus/Pegasus II USB Ethernet driver
[    1.296584] usbcore: registered new interface driver pegasus
[    1.302255] usbcore: registered new interface driver asix
[    1.307652] usbcore: registered new interface driver ax88179_178a
[    1.313749] usbcore: registered new interface driver cdc_ether
[    1.319592] usbcore: registered new interface driver smsc75xx
[    1.325342] usbcore: registered new interface driver smsc95xx
[    1.331091] usbcore: registered new interface driver net1080
[    1.336747] usbcore: registered new interface driver cdc_subset
[    1.342668] usbcore: registered new interface driver zaurus
[    1.348253] usbcore: registered new interface driver cdc_ncm
[    1.354565] ehci_hcd: USB 2.0 'Enhanced' Host Controller (EHCI) Driver
[    1.361081] ehci-pci: EHCI PCI platform driver
[    1.365527] ehci-platform: EHCI generic platform driver
[    1.370814] ehci-orion: EHCI orion driver
[    1.374859] SPEAr-ehci: EHCI SPEAr driver
[    1.378912] ehci-st: EHCI STMicroelectronics driver
[    1.383825] ehci-exynos: EHCI EXYNOS driver
[    1.388058] ehci-atmel: EHCI Atmel driver
[    1.392104] tegra-ehci: Tegra EHCI driver
[    1.396163] ohci_hcd: USB 1.1 'Open' Host Controller (OHCI) Driver
[    1.402334] ohci-pci: OHCI PCI platform driver
[    1.406777] ohci-platform: OHCI generic platform driver
[    1.412049] ohci-omap3: OHCI OMAP3 driver
[    1.416094] SPEAr-ohci: OHCI SPEAr driver
[    1.420148] ohci-st: OHCI STMicroelectronics driver
[    1.425062] ohci-atmel: OHCI Atmel driver
[    1.429331] usbcore: registered new interface driver usb-storage
[    1.435893] mousedev: PS/2 mouse device common for all mice
[    1.442093] 1-0015 supply vcc not found, using dummy regulator
[    1.449300] as3722-rtc as3722-rtc: rtc core: registered as3722-rtc as rtc0
[    1.456157] as3722-rtc as3722-rtc: RTC interrupt 372
[    1.463083] tegra_rtc 7000e000.rtc: rtc core: registered 7000e000.rtc as rtc1
[    1.470221] tegra_rtc 7000e000.rtc: Tegra internal Real Time Clock
[    1.476579] i2c /dev entries driver
[    1.482538] 0-004c supply vcc not found, using dummy regulator
[    1.492635] sdhci: Secure Digital Host Controller Interface driver
[    1.498817] sdhci: Copyright(c) Pierre Ossman
[    1.503728] Synopsys Designware Multimedia Card Interface Driver
[    1.510131] sdhci-pltfm: SDHCI platform and OF driver helper
[    1.516049] sdhci-tegra 700b0000.sdhci: allocated mmc-pwrseq
[    1.521817] sdhci-tegra 700b0400.sdhci: Got CD GPIO
[    1.526687] sdhci-tegra 700b0400.sdhci: Got WP GPIO
[    1.531676] mmc0: Unknown controller version (3). You may experience problems.
[    1.538914] mmc0: Invalid maximum block size, assuming 512 bytes
[    1.608021] mmc0: SDHCI controller on 700b0600.sdhci [700b0600.sdhci] using ADMA
[    1.616122] ledtrig-cpu: registered to indicate activity on CPUs
[    1.622257] usbcore: registered new interface driver usbhid
[    1.627813] usbhid: USB HID core driver
[    1.633032] NET: Registered protocol family 10
[    1.637871] Segment Routing with IPv6
[    1.641572] sit: IPv6, IPv4 and MPLS over IPv4 tunneling driver
[    1.647727] NET: Registered protocol family 17
[    1.652175] can: controller area network core (rev 20120528 abi 9)
[    1.658431] NET: Registered protocol family 29
[    1.662866] can: raw protocol (rev 20120528)
[    1.667129] can: broadcast manager protocol (rev 20161123 t)
[    1.672785] can: netlink gateway (rev 20130117) max_hops=1
[    1.678409] Key type dns_resolver registered
[    1.682683] elan_i2c 1-0015: Elan Touchpad: Module ID: 0x002a, Firmware: 0x0005, Sample: 0x0007, IAP: 0x0009
[    1.692678] ThumbEE CPU extension supported.
[    1.692702] input: Elan Touchpad as /devices/soc0/7000c400.i2c/i2c-1/1-0015/input/input0
[    1.705013] Registering SWP/SWPB emulation handler
[    1.714812] +3.3V_RUN: supplied by +3.3V_SYS
[    1.720700] +3.3V_AVDD_HDMI_AP_GATED: supplied by +3.3V_RUN
[    1.726359] +1.8V_RUN_CAM: supplied by +3.3V_RUN
[    1.731095] +VDDIO_SDMMC3: supplied by +3.3V_RUN
[    1.735730] +1.8V_RUN_VPP_FUSE: supplied by +3.3V_RUN
[    1.740993] +VDD_LED: supplied by +VDD_MUX
[    1.745277] +5V_VDD_TS_SW: supplied by +5V_SYS
[    1.750094] +5V_USB_HS: supplied by +5V_SYS
[    1.754619] +5V_USB_SS: supplied by +5V_SYS
[    1.759899] +3.3V_PANEL: supplied by +3.3V_RUN
[    1.765404] +3.3V_LP0: supplied by +3.3V_SYS
[    1.769814] mmc0: new high speed MMC card at address 0001
[    1.775965] +1.05V_RUN_AVDD_HDMI_PLL: supplied by +1.05V_RUN
[    1.776143] mmcblk0: mmc0:0001 MMC16G 14.4 GiB 
[    1.776215] elan_i2c 1-0015: failed to read report data: -121
[    1.776645] mmcblk0boot0: mmc0:0001 MMC16G partition 1 2.00 MiB
[    1.776728] elan_i2c 1-0015: failed to read report data: -121
[    1.777083] mmcblk0boot1: mmc0:0001 MMC16G partition 2 2.00 MiB
[    1.777744] mmcblk0rpmb: mmc0:0001 MMC16G partition 3 128 KiB
[    1.785404]  mmcblk0: p1 p2 p3 p4 p5 p6 p7 p8 p9 p10 p11 p12
[    1.821281] +5V_HDMI_CON: supplied by +5V_SYS
[    1.826354] usb3-0 supply vbus not found, using dummy regulator
[    1.832378] usb3-1 supply vbus not found, using dummy regulator
[    1.842055] tegra-sor 54540000.sor: failed to probe output: -517
[    1.848868] panel supply power not found, using dummy regulator
[    1.855551] sdhci-tegra 700b0000.sdhci: allocated mmc-pwrseq
[    1.861374] mmc1: Unknown controller version (3). You may experience problems.
[    1.868697] mmc1: Invalid maximum block size, assuming 512 bytes
[    1.875044] mmc1: Switching to 3.3V signalling voltage failed
[    1.921449] elan_i2c 1-0015: invalid report id data (ff)
[    1.938103] mmc1: SDHCI controller on 700b0000.sdhci [700b0000.sdhci] using ADMA
[    1.946246] sdhci-tegra 700b0400.sdhci: Got CD GPIO
[    1.951127] sdhci-tegra 700b0400.sdhci: Got WP GPIO
[    1.956086] mmc2: Unknown controller version (3). You may experience problems.
[    1.963337] mmc2: Invalid maximum block size, assuming 512 bytes
[    2.008278] mmc1: new high speed SDIO card at address 0001
[    2.028124] mmc2: SDHCI controller on 700b0400.sdhci [700b0400.sdhci] using ADMA
[    2.132832] [drm] Supports vblank timestamp caching Rev 2 (21.10.2013).
[    2.139459] [drm] No driver support for vblank timestamp query.
[    2.179655] mmc2: new high speed SDHC card at address 0007
[    2.180043] mmcblk2: mmc2:0007 SD08G 7.42 GiB 
[    2.188537] GPT:Primary header alternate_lba != Alt. header my_lba
[    2.188541] GPT:3014591 != 15564799
[    2.188542] GPT:Primary header thinks Alt. header is not at the end of the disk.
[    2.188543] GPT:3014591 != 15564799
[    2.188544] GPT: Use GNU Parted to correct GPT errors.
[    2.188568]  mmcblk2: p1 p2 p3 p4 p5 p6 p7 p8 p9 p10 p11 p12
[    2.200353] Console: switching to colour frame buffer device 170x48
[    2.251656] drm drm: fb0:  frame buffer device
[    2.288119] [drm] Initialized tegra 0.0.0 20120330 on minor 0
[    2.294946] input: gpio-keys as /devices/soc0/gpio-keys/input/input1
[    2.302634] as3722-rtc as3722-rtc: setting system clock to 2000-01-01 00:00:23 UTC (946684823)
[    2.311784] +1.8V_RUN_CAM: disabling
[    2.315508] +3.3V_RUN_CAM: disabling
[    2.319352] +1.2V_RUN_CAM_FRONT: disabling
[    2.323646] +1.05V_RUN_CAM_REAR: disabling
[    2.327896] +2.8V_RUN_TOUCH: disabling
[    2.331878] +2.8V_RUN_CAM_AF: disabling
[    2.335868] +1.8V_RUN_VPP_FUSE: disabling
[    2.340111] +5V_VDD_TS_SW: disabling
[    2.343686] +5V_USB_HS: disabling
[    2.346991] +5V_USB_SS: disabling
[    2.351239] EXT4-fs (mmcblk0p3): couldn't mount as ext3 due to feature incompatibilities
[    2.359907] EXT4-fs (mmcblk0p3): couldn't mount as ext2 due to feature incompatibilities
[    2.778856] EXT4-fs (mmcblk0p3): recovery complete
[    2.784373] EXT4-fs (mmcblk0p3): mounted filesystem with ordered data mode. Opts: (null)
[    2.792498] VFS: Mounted root (ext4 filesystem) on device 179:3.
[    2.799206] devtmpfs: mounted
[    2.802879] Freeing unused kernel memory: 2048K
bash: cannot set terminal process group (-1): Inappropriate ioctl for device
bash: no job control in this shell
root@(none):/# mount -t sysfs none /sys
root@(none):/# 
root@(none):/# mount -t debugfs none /sys/kernel/debug
root@(none):/# 
root@(none):/# rtcwake -d rtc1 -m mem -s 3
rtcwake: assuming RTC uses UTC ...
rtcwake: wakeup from "mem" using /dev/rtc1 at Thu Jan  1 00:00:28 1970
[    5.800807] PM: Syncing filesystems ... done.
[    5.810339] Freezing user space processes ... (elapsed 0.001 seconds) done.
[    5.818489] Freezing remaining freezable tasks ... (elapsed 0.001 seconds) done.
[    5.827117] Suspending console(s) (use no_console_suspend to debug)
[    5.874857] PM: suspend of devices complete after 40.911 msecs
[    5.876277] PM: late suspend of devices complete after 1.412 msecs
[    5.877213] PM: noirq suspend of devices complete after 0.930 msecs
[    5.877214] Disabling non-boot CPUs ...
[    5.877619] CPU1: shutdown
[    5.949265] CPU2: shutdown
[    6.019176] CPU3: shutdown
[    6.048549] Entering suspend state LP1
[    6.048549] Suspended for 2.892 seconds
[    6.048559] Enabling non-boot CPUs ...
[    6.078707] CPU1 is up
[    6.118713] CPU2 is up
[    6.158814] CPU3 is up
[    6.159355] PM: noirq resume of devices complete after 0.536 msecs
[    6.160672] PM: early resume of devices complete after 0.996 msecs
[    6.317093] mmc1: Switching to 3.3V signalling voltage failed
[    6.568035] tegra-sor 54540000.sor: failed to attach SOR: -110
[    6.588142] PM: resume of devices complete after 427.464 msecs
[    6.667512] Restarting tasks ... done.
root@(none):/# 
root@(none):/# rtcwake -d rtc1 -m mem -s 3
rtcwake: assuming RTC uses UTC ...
rtcwake: wakeup from "mem" using /dev/rtc1 at Thu Jan  1 00:00:33 1970
[    7.997744] PM: Syncing filesystems ... done.
[    8.007158] Freezing user space processes ... (elapsed 0.001 seconds) done.
[    8.015289] Freezing remaining freezable tasks ... (elapsed 0.001 seconds) done.
[    8.023916] Suspending console(s) (use no_console_suspend to debug)
[    8.068822] PM: suspend of devices complete after 38.031 msecs
[    8.070342] PM: late suspend of devices complete after 1.512 msecs
[    8.071315] PM: noirq suspend of devices complete after 0.968 msecs
[    8.071317] Disabling non-boot CPUs ...
[    8.071673] CPU1: shutdown
[    8.159107] CPU2: shutdown
[    8.198917] CPU3: shutdown
[    8.228511] Entering suspend state LP1
[    8.228511] Suspended for 2.819 seconds
[    8.228521] Enabling non-boot CPUs ...
[    8.258698] CPU1 is up
[    8.298678] CPU2 is up
[    8.338775] CPU3 is up
[    8.339296] PM: noirq resume of devices complete after 0.517 msecs
[    8.340557] PM: early resume of devices complete after 0.954 msecs
[    8.497112] mmc1: Switching to 3.3V signalling voltage failed
[    8.748053] tegra-sor 54540000.sor: failed to attach SOR: -110
[    8.768332] PM: resume of devices complete after 427.769 msecs
[    8.847703] Restarting tasks ... done.
root@(none):/# 
root@(none):/# rtcwake -d rtc1 -m mem -s 3
rtcwake: assuming RTC uses UTC ...
rtcwake: wakeup from "mem" using /dev/rtc1 at Thu Jan  1 00:00:38 1970
[   10.168844] PM: Syncing filesystems ... done.
[   10.178532] Freezing user space processes ... (elapsed 0.001 seconds) done.
[   10.186675] Freezing remaining freezable tasks ... (elapsed 0.001 seconds) done.
[   10.195347] Suspending console(s) (use no_console_suspend to debug)
[   10.248902] PM: suspend of devices complete after 46.728 msecs
[   10.250379] PM: late suspend of devices complete after 1.469 msecs
[   10.251313] PM: noirq suspend of devices complete after 0.929 msecs
[   10.251316] Disabling non-boot CPUs ...
[   10.251670] CPU1: shutdown
[   10.308845] IRQ17 no longer affine to CPU2
[   10.309062] CPU2: shutdown
[   10.368949] CPU3: shutdown
[   10.418451] Entering suspend state LP1
[   10.418451] Suspended for 2.809 seconds
[   10.418461] Enabling non-boot CPUs ...
[   10.448656] CPU1 is up
[   10.488656] CPU2 is up
[   10.528754] CPU3 is up
[   10.529284] PM: noirq resume of devices complete after 0.525 msecs
[   10.530601] PM: early resume of devices complete after 0.995 msecs
[   10.687995] mmc1: Switching to 3.3V signalling voltage failed
[   10.947936] tegra-sor 54540000.sor: failed to attach SOR: -110
[   10.959309] PM: resume of devices complete after 428.700 msecs
[   11.042887] Restarting tasks ... done.
root@(none):/# 
root@(none):/# rtcwake -d rtc1 -m mem -s 3
rtcwake: assuming RTC uses UTC ...
rtcwake: wakeup from "mem" using /dev/rtc1 at Thu Jan  1 00:00:43 1970
[   12.358768] PM: Syncing filesystems ... done.
[   12.368457] Freezing user space processes ... (elapsed 0.001 seconds) done.
[   12.376603] Freezing remaining freezable tasks ... (elapsed 0.001 seconds) done.
[   12.385270] Suspending console(s) (use no_console_suspend to debug)
[   12.439785] PM: suspend of devices complete after 47.691 msecs
[   12.441270] PM: late suspend of devices complete after 1.476 msecs
[   12.442223] PM: noirq suspend of devices complete after 0.948 msecs
[   12.442224] Disabling non-boot CPUs ...
[   12.442575] CPU1: shutdown
[   12.509062] CPU2: shutdown
[   12.568886] CPU3: shutdown
[   12.598458] Entering suspend state LP1
[   12.598458] Suspended for 2.819 seconds
[   12.598467] Enabling non-boot CPUs ...
[   12.628644] CPU1 is up
[   12.668624] CPU2 is up
[   12.708718] CPU3 is up
[   12.709265] PM: noirq resume of devices complete after 0.542 msecs
[   12.710725] PM: early resume of devices complete after 1.145 msecs
[   12.868359] mmc1: Switching to 3.3V signalling voltage failed
[   13.127905] tegra-sor 54540000.sor: failed to attach SOR: -110
[   13.139422] PM: resume of devices complete after 428.689 msecs
[   13.218923] Restarting tasks ... done.
root@(none):/# 
root@(none):/# rtcwake -d rtc1 -m mem -s 3
rtcwake: assuming RTC uses UTC ...
rtcwake: wakeup from "mem" using /dev/rtc1 at Thu Jan  1 00:00:48 1970
[   14.538640] PM: Syncing filesystems ... done.
[   14.548366] Freezing user space processes ... (elapsed 0.001 seconds) done.
[   14.556515] Freezing remaining freezable tasks ... (elapsed 0.001 seconds) done.
[   14.565181] Suspending console(s) (use no_console_suspend to debug)
[   14.619720] PM: suspend of devices complete after 47.716 msecs
[   14.621128] PM: late suspend of devices complete after 1.400 msecs
[   14.622079] PM: noirq suspend of devices complete after 0.946 msecs
[   14.622081] Disabling non-boot CPUs ...
[   14.622436] CPU1: shutdown
[   14.678978] CPU2: shutdown
[   14.738923] CPU3: shutdown
[   14.788438] Entering suspend state LP1
[   14.788438] Suspended for 2.809 seconds
[   14.788448] Enabling non-boot CPUs ...
[   14.818604] CPU1 is up
[   14.858598] CPU2 is up
[   14.898703] CPU3 is up
[   14.899244] PM: noirq resume of devices complete after 0.537 msecs
[   14.900617] PM: early resume of devices complete after 1.049 msecs
[   15.057227] mmc1: Switching to 3.3V signalling voltage failed
[   15.307915] tegra-sor 54540000.sor: failed to attach SOR: -110
[   15.328201] PM: resume of devices complete after 427.577 msecs
[   15.407581] Restarting tasks ... done.
root@(none):/# 
root@(none):/# rtcwake -d rtc1 -m mem -s 3
rtcwake: assuming RTC uses UTC ...
rtcwake: wakeup from "mem" using /dev/rtc1 at Thu Jan  1 00:00:53 1970
[   16.728707] PM: Syncing filesystems ... done.
[   16.738313] Freezing user space processes ... (elapsed 0.001 seconds) done.
[   16.746437] Freezing remaining freezable tasks ... (elapsed 0.001 seconds) done.
[   16.755101] Suspending console(s) (use no_console_suspend to debug)
[   16.808679] PM: suspend of devices complete after 46.750 msecs
[   16.809848] PM: late suspend of devices complete after 1.161 msecs
[   16.810753] PM: noirq suspend of devices complete after 0.901 msecs
[   16.810755] Disabling non-boot CPUs ...
[   16.811101] CPU1: shutdown
[   16.868790] IRQ17 no longer affine to CPU2
[   16.869005] CPU2: shutdown
[   16.928821] CPU3: shutdown
[   16.978342] Entering suspend state LP1
[   16.978342] Suspended for 2.809 seconds
[   16.978351] Enabling non-boot CPUs ...
[   17.008572] CPU1 is up
[   17.048571] CPU2 is up
[   17.088668] CPU3 is up
[   17.089209] PM: noirq resume of devices complete after 0.536 msecs
[   17.090709] PM: early resume of devices complete after 1.180 msecs
[   17.247161] mmc1: Switching to 3.3V signalling voltage failed
[   17.497869] tegra-sor 54540000.sor: failed to attach SOR: -110
[   17.518109] PM: resume of devices complete after 427.395 msecs
[   17.601556] Restarting tasks ... done.
root@(none):/# 
root@(none):/# rtcwake -d rtc1 -m mem -s 3
rtcwake: assuming RTC uses UTC ...
rtcwake: wakeup from "mem" using /dev/rtc1 at Thu Jan  1 00:00:58 1970
[   18.918700] PM: Syncing filesystems ... done.
[   18.928385] Freezing user space processes ... (elapsed 0.001 seconds) done.
[   18.936531] Freezing remaining freezable tasks ... (elapsed 0.001 seconds) done.
[   18.945201] Suspending console(s) (use no_console_suspend to debug)
[   18.998836] PM: suspend of devices complete after 46.807 msecs
[   19.000147] PM: late suspend of devices complete after 1.302 msecs
[   19.001292] PM: noirq suspend of devices complete after 1.139 msecs
[   19.001294] Disabling non-boot CPUs ...
[   19.001662] CPU1: shutdown
[   19.058693] IRQ17 no longer affine to CPU2
[   19.058915] CPU2: shutdown
[   19.118854] CPU3: shutdown
[   19.168327] Entering suspend state LP1
[   19.168327] Suspended for 2.809 seconds
[   19.168337] Enabling non-boot CPUs ...
[   19.198553] CPU1 is up
[   19.238552] CPU2 is up
[   19.278649] CPU3 is up
[   19.279188] PM: noirq resume of devices complete after 0.534 msecs
[   19.280800] PM: early resume of devices complete after 1.312 msecs
[   19.436990] mmc1: Switching to 3.3V signalling voltage failed
[   19.687879] tegra-sor 54540000.sor: failed to attach SOR: -110
[   19.708173] PM: resume of devices complete after 427.368 msecs
[   19.791627] Restarting tasks ... done.
root@(none):/# 
root@(none):/# rtcwake -d rtc1 -m mem -s 3
rtcwake: assuming RTC uses UTC ...
rtcwake: wakeup from "mem" using /dev/rtc1 at Thu Jan  1 00:01:03 1970
[   21.108247] PM: Syncing filesystems ... done.
[   21.117581] Freezing user space processes ... (elapsed 0.001 seconds) done.
[   21.125640] Freezing remaining freezable tasks ... (elapsed 0.001 seconds) done.
[   21.134325] Suspending console(s) (use no_console_suspend to debug)
[   21.188773] PM: suspend of devices complete after 47.564 msecs
[   21.190253] PM: late suspend of devices complete after 1.471 msecs
[   21.191191] PM: noirq suspend of devices complete after 0.934 msecs
[   21.191193] Disabling non-boot CPUs ...
[   21.191533] CPU1: shutdown
[   21.248952] CPU2: shutdown
[   21.308772] CPU3: shutdown
[   21.358292] Entering suspend state LP1
[   21.358292] Suspended for 2.809 seconds
[   21.358302] Enabling non-boot CPUs ...
[   21.388520] CPU1 is up
[   21.428521] CPU2 is up
[   21.468613] CPU3 is up
[   21.469163] PM: noirq resume of devices complete after 0.546 msecs
[   21.470649] PM: early resume of devices complete after 1.174 msecs
[   21.626961] mmc1: Switching to 3.3V signalling voltage failed
[   21.877889] tegra-sor 54540000.sor: failed to attach SOR: -110
[   21.898143] PM: resume of devices complete after 427.488 msecs
[   21.977521] Restarting tasks ... done.
root@(none):/# 
root@(none):/# rtcwake -d rtc1 -m mem -s 3
rtcwake: assuming RTC uses UTC ...
rtcwake: wakeup from "mem" using /dev/rtc1 at Thu Jan  1 00:01:08 1970
[   23.298616] PM: Syncing filesystems ... done.
[   23.308302] Freezing user space processes ... (elapsed 0.001 seconds) done.
[   23.316451] Freezing remaining freezable tasks ... (elapsed 0.001 seconds) done.
[   23.325118] Suspending console(s) (use no_console_suspend to debug)
[   23.378766] PM: suspend of devices complete after 46.822 msecs
[   23.380261] PM: late suspend of devices complete after 1.486 msecs
[   23.381230] PM: noirq suspend of devices complete after 0.964 msecs
[   23.381232] Disabling non-boot CPUs ...
[   23.381592] CPU1: shutdown
[   23.458660] IRQ17 no longer affine to CPU2
[   23.458877] CPU2: shutdown
[   23.518804] CPU3: shutdown
[   23.568278] Entering suspend state LP1
[   23.568278] Suspended for 2.789 seconds
[   23.568288] Enabling non-boot CPUs ...
[   23.598487] CPU1 is up
[   23.638495] CPU2 is up
[   23.678586] CPU3 is up
[   23.679129] PM: noirq resume of devices complete after 0.539 msecs
[   23.680667] PM: early resume of devices complete after 1.236 msecs
[   23.836921] mmc1: Switching to 3.3V signalling voltage failed
[   24.087792] tegra-sor 54540000.sor: failed to attach SOR: -110
[   24.108164] PM: resume of devices complete after 427.489 msecs
[   24.191626] Restarting tasks ... done.
root@(none):/# 
root@(none):/# rtcwake -d rtc1 -m mem -s 3
rtcwake: assuming RTC uses UTC ...
rtcwake: wakeup from "mem" using /dev/rtc1 at Thu Jan  1 00:01:13 1970
[   25.507967] PM: Syncing filesystems ... done.
[   25.517296] Freezing user space processes ... (elapsed 0.001 seconds) done.
[   25.525431] Freezing remaining freezable tasks ... (elapsed 0.001 seconds) done.
[   25.534100] Suspending console(s) (use no_console_suspend to debug)
[   25.588496] PM: suspend of devices complete after 47.568 msecs
[   25.589970] PM: late suspend of devices complete after 1.466 msecs
[   25.590902] PM: noirq suspend of devices complete after 0.928 msecs
[   25.590904] Disabling non-boot CPUs ...
[   25.591248] CPU1: shutdown
[   25.648896] CPU2: shutdown
[   25.708721] CPU3: shutdown
[   25.758237] Entering suspend state LP1
[   25.758237] Suspended for 2.809 seconds
[   25.758247] Enabling non-boot CPUs ...
[   25.788464] CPU1 is up
[   25.828458] CPU2 is up
[   25.868561] CPU3 is up
[   25.869092] PM: noirq resume of devices complete after 0.527 msecs
[   25.870587] PM: early resume of devices complete after 1.189 msecs
[   26.027051] mmc1: Switching to 3.3V signalling voltage failed
[   26.277826] tegra-sor 54540000.sor: failed to attach SOR: -110
[   26.298107] PM: resume of devices complete after 427.515 msecs
[   26.377490] Restarting tasks ... done.
root@(none):/# 
root@(none):/# NVTB SYSTEM SUSPEND TEST COMPLETE
