
U-Boot SPL 2014.07-00097-g772e173 (Jul 25 2014 - 20:02:52)


U-Boot 2014.07-00097-g772e173 (Jul 25 2014 - 20:02:52)

TEGRA124
Board: NVIDIA Jetson TK1
I2C:   ready
DRAM:  2 GiB
MMC:   Tegra SD/MMC: 0, Tegra SD/MMC: 1
In:    serial
Out:   serial
Err:   serial
Net:   Net Initialization Skipped
No ethernet found.
Hit any key to stop autoboot:  2  0 
Tegra124 (Jetson TK1) # 
Tegra124 (Jetson TK1) # usb reset
(Re)start USB...
USB0:   USB EHCI 1.10
scanning bus 0 for devices... 1 USB Device(s) found
USB1:   USB EHCI 1.10
scanning bus 1 for devices... 2 USB Device(s) found
       scanning usb for storage devices... 0 Storage Device(s) found
       scanning usb for ethernet devices... 
Warning: asx0 using MAC address from net device
1 Ethernet Device(s) found
Tegra124 (Jetson TK1) # setenv bootargs 'ignore_loglevel console=ttyS0,115200n8 rw root=/dev/mmcblk0p1 rootwait gpt debug init=/bin/bash noinitrd'
Tegra124 (Jetson TK1) # setenv ipaddr 192.168.100.102; setenv serverip 192.168.100.1; setenv tftpserverip 192.168.100.1
Tegra124 (Jetson TK1) # tftpboot 0x81000000 zImage.multi_v7_defconfig
Using asx0 device
TFTP from server 192.168.100.1; our IP address is 192.168.100.102
Filename 'zImage.multi_v7_defconfig'.
Load address: 0x81000000
Loading: *#################################################################
	 #################################################################
	 #################################################################
	 #################################################################
	 #################################################################
	 #################################################################
	 ####################################
	 3.2 MiB/s
done
Bytes transferred = 6239792 (5f3630 hex)
Tegra124 (Jetson TK1) # tftpboot 0x82000000 tegra124-jetson-tk1.dtb
Using asx0 device
TFTP from server 192.168.100.1; our IP address is 192.168.100.102
Filename 'tegra124-jetson-tk1.dtb'.
Load address: 0x82000000
Loading: *#####
	 2.9 MiB/s
done
Bytes transferred = 63003 (f61b hex)
Tegra124 (Jetson TK1) # bootz 0x81000000 - 0x82000000
Kernel image @ 0x81000000 [ 0x000000 - 0x5f3630 ]
## Flattened Device Tree blob at 82000000
   Booting using the fdt blob at 0x82000000
   Using Device Tree in place at 82000000, end 8201261a

Starting kernel ...

[    0.000000] Booting Linux on physical CPU 0x0
[    0.000000] Linux version 4.1.0-rc4-12997-ge260818 (pwalmsley@sellafield) (gcc version 4.7.3 20130328 (prerelease) (crosstool-NG linaro-1.13.1-4.7-2013.04-20130415 - Linaro GCC 2013.04) ) #1 SMP Mon May 18 10:33:59 PDT 2015
[    0.000000] CPU: ARMv7 Processor [413fc0f3] revision 3 (ARMv7), cr=10c5387d
[    0.000000] CPU: PIPT / VIPT nonaliasing data cache, PIPT instruction cache
[    0.000000] Machine model: NVIDIA Tegra124 Jetson TK1
[    0.000000] debug: ignoring loglevel setting.
[    0.000000] cma: Reserved 64 MiB at 0xfb800000
[    0.000000] Memory policy: Data cache writealloc
[    0.000000] On node 0 totalpages: 524032
[    0.000000] free_area_init_node: node 0, pgdat c0f25e40, node_mem_map ee7f8000
[    0.000000]   DMA zone: 1520 pages used for memmap
[    0.000000]   DMA zone: 0 pages reserved
[    0.000000]   DMA zone: 194560 pages, LIFO batch:31
[    0.000000]   HighMem zone: 329472 pages, LIFO batch:31
[    0.000000] PERCPU: Embedded 12 pages/cpu @ee790000 s16960 r8192 d24000 u49152
[    0.000000] pcpu-alloc: s16960 r8192 d24000 u49152 alloc=12*4096
[    0.000000] pcpu-alloc: [0] 0 [0] 1 [0] 2 [0] 3 
[    0.000000] Built 1 zonelists in Zone order, mobility grouping on.  Total pages: 522512
[    0.000000] Kernel command line: ignore_loglevel console=ttyS0,115200n8 rw root=/dev/mmcblk0p1 rootwait gpt debug init=/bin/bash noinitrd
[    0.000000] PID hash table entries: 4096 (order: 2, 16384 bytes)
[    0.000000] Dentry cache hash table entries: 131072 (order: 7, 524288 bytes)
[    0.000000] Inode-cache hash table entries: 65536 (order: 6, 262144 bytes)
[    0.000000] Memory: 1999140K/2096128K available (7987K kernel code, 1023K rwdata, 3588K rodata, 836K init, 318K bss, 31452K reserved, 65536K cma-reserved, 1252352K highmem)
[    0.000000] Virtual kernel memory layout:
[    0.000000]     vector  : 0xffff0000 - 0xffff1000   (   4 kB)
[    0.000000]     fixmap  : 0xffc00000 - 0xfff00000   (3072 kB)
[    0.000000]     vmalloc : 0xf0000000 - 0xff000000   ( 240 MB)
[    0.000000]     lowmem  : 0xc0000000 - 0xef800000   ( 760 MB)
[    0.000000]     pkmap   : 0xbfe00000 - 0xc0000000   (   2 MB)
[    0.000000]     modules : 0xbf000000 - 0xbfe00000   (  14 MB)
[    0.000000]       .text : 0xc0208000 - 0xc0d56f50   (11580 kB)
[    0.000000]       .init : 0xc0d57000 - 0xc0e28000   ( 836 kB)
[    0.000000]       .data : 0xc0e28000 - 0xc0f27e20   (1024 kB)
[    0.000000]        .bss : 0xc0f2a000 - 0xc0f79a68   ( 319 kB)
[    0.000000] SLUB: HWalign=64, Order=0-3, MinObjects=0, CPUs=4, Nodes=1
[    0.000000] Hierarchical RCU implementation.
[    0.000000] 	Additional per-CPU info printed with stalls.
[    0.000000] 	RCU restricting CPUs from NR_CPUS=16 to nr_cpu_ids=4.
[    0.000000] RCU: Adjusting geometry for rcu_fanout_leaf=16, nr_cpu_ids=4
[    0.000000] NR_IRQS:16 nr_irqs:16 16
[    0.000000] /interrupt-controller@60004000: 160 interrupts forwarded to /interrupt-controller@0,50041000
[    0.000000] L2C: failed to init: -19
[    0.000010] sched_clock: 32 bits at 1000kHz, resolution 1000ns, wraps every 2147483647500ns
[    0.000028] clocksource timer_us: mask: 0xffffffff max_cycles: 0xffffffff, max_idle_ns: 1911260446275 ns
[    0.000041] Switching to timer-based delay loop, resolution 1000ns
[    0.004269] Architected cp15 timer(s) running at 12.00MHz (virt).
[    0.004286] clocksource arch_sys_counter: mask: 0xffffffffffffff max_cycles: 0x2c47f4ee7, max_idle_ns: 440795202497 ns
[    0.004304] sched_clock: 56 bits at 12MHz, resolution 83ns, wraps every 4398046511096ns
[    0.004316] Switching to timer-based delay loop, resolution 83ns
[    0.004708] Console: colour dummy device 80x30
[    0.004732] Calibrating delay loop (skipped), value calculated using timer frequency.. 24.00 BogoMIPS (lpj=60000)
[    0.004746] pid_max: default: 32768 minimum: 301
[    0.004857] Mount-cache hash table entries: 2048 (order: 1, 8192 bytes)
[    0.004869] Mountpoint-cache hash table entries: 2048 (order: 1, 8192 bytes)
[    0.005461] CPU: Testing write buffer coherency: ok
[    0.005671] /cpus/cpu@0 missing clock-frequency property
[    0.005710] /cpus/cpu@1 missing clock-frequency property
[    0.005748] /cpus/cpu@2 missing clock-frequency property
[    0.005787] /cpus/cpu@3 missing clock-frequency property
[    0.005799] CPU0: thread -1, cpu 0, socket 0, mpidr 80000000
[    0.005843] Setting up static identity map for 0x80209000 - 0x80209098
[    0.008658] Tegra Revision: A01 SKU: 129 CPU Process: 1 Core Process: 1
[    0.009816] CPU1: thread -1, cpu 1, socket 0, mpidr 80000001
[    0.010329] CPU2: thread -1, cpu 2, socket 0, mpidr 80000002
[    0.010828] CPU3: thread -1, cpu 3, socket 0, mpidr 80000003
[    0.010890] Brought up 4 CPUs
[    0.010910] SMP: Total of 4 processors activated (96.00 BogoMIPS).
[    0.010917] CPU: All CPU(s) started in SVC mode.
[    0.011436] devtmpfs: initialized
[    0.012321] VFP support v0.3: implementor 41 architecture 4 part 30 variant f rev 0
[    0.012814] clocksource jiffies: mask: 0xffffffff max_cycles: 0xffffffff, max_idle_ns: 9556302231375000 ns
[    0.014470] pinctrl core: initialized pinctrl subsystem
[    0.033590] NET: Registered protocol family 16
[    0.035597] DMA: preallocated 256 KiB pool for atomic coherent allocations
[    0.049152] cpuidle: using governor ladder
[    0.064170] cpuidle: using governor menu
[    0.080482] No ATAGs?
[    0.080517] hw-breakpoint: found 5 (+1 reserved) breakpoint and 4 watchpoint registers.
[    0.080527] hw-breakpoint: maximum watchpoint size is 8 bytes.
[    0.084911] Serial: AMBA PL011 UART driver
[    0.114331] +USB0_VBUS_SW: Failed to request enable GPIO108: -517
[    0.114455] reg-fixed-voltage regulators:regulator@7: Failed to register regulator: -517
[    0.114694] +5V_USB_HS: Failed to request enable GPIO109: -517
[    0.114808] reg-fixed-voltage regulators:regulator@8: Failed to register regulator: -517
[    0.115095] +1.05V_RUN_AVDD_HDMI_PLL: Failed to request enable GPIO63: -517
[    0.115208] reg-fixed-voltage regulators:regulator@11: Failed to register regulator: -517
[    0.115420] +5V_HDMI_CON: Failed to request enable GPIO86: -517
[    0.115532] reg-fixed-voltage regulators:regulator@12: Failed to register regulator: -517
[    0.115743] +5V_SATA: Failed to request enable GPIO242: -517
[    0.115854] reg-fixed-voltage regulators:regulator@13: Failed to register regulator: -517
[    0.116065] +12V_SATA: Failed to request enable GPIO242: -517
[    0.116174] reg-fixed-voltage regulators:regulator@14: Failed to register regulator: -517
[    0.119002] vgaarb: loaded
[    0.119757] SCSI subsystem initialized
[    0.119950] libata version 3.00 loaded.
[    0.120261] usbcore: registered new interface driver usbfs
[    0.120327] usbcore: registered new interface driver hub
[    0.120401] usbcore: registered new device driver usb
[    0.123848] media: Linux media interface: v0.10
[    0.123912] Linux video capture interface: v2.00
[    0.123961] pps_core: LinuxPPS API ver. 1 registered
[    0.123969] pps_core: Software ver. 5.3.6 - Copyright 2005-2007 Rodolfo Giometti <giometti@linux.it>
[    0.124000] PTP clock support registered
[    0.124251] EDAC MC: Ver: 3.0.0
[    0.125496] Advanced Linux Sound Architecture Driver Initialized.
[    0.126561] Switched to clocksource arch_sys_counter
[    0.137989] NET: Registered protocol family 2
[    0.138573] TCP established hash table entries: 8192 (order: 3, 32768 bytes)
[    0.138663] TCP bind hash table entries: 8192 (order: 4, 65536 bytes)
[    0.138849] TCP: Hash tables configured (established 8192 bind 8192)
[    0.138897] UDP hash table entries: 512 (order: 2, 16384 bytes)
[    0.138939] UDP-Lite hash table entries: 512 (order: 2, 16384 bytes)
[    0.139111] NET: Registered protocol family 1
[    0.139347] RPC: Registered named UNIX socket transport module.
[    0.139356] RPC: Registered udp transport module.
[    0.139363] RPC: Registered tcp transport module.
[    0.139371] RPC: Registered tcp NFSv4.1 backchannel transport module.
[    0.139394] PCI: CLS 0 bytes, default 64
[    0.141744] futex hash table entries: 1024 (order: 4, 65536 bytes)
[    0.153688] squashfs: version 4.0 (2009/01/31) Phillip Lougher
[    0.154662] NFS: Registering the id_resolver key type
[    0.154698] Key type id_resolver registered
[    0.154707] Key type id_legacy registered
[    0.154793] ntfs: driver 2.1.32 [Flags: R/O].
[    0.155934] bounce: pool size: 64 pages
[    0.156154] Block layer SCSI generic (bsg) driver version 0.4 loaded (major 248)
[    0.156169] io scheduler noop registered
[    0.156182] io scheduler deadline registered
[    0.156396] io scheduler cfq registered (default)
[    0.172735] tegra-pcie 1003000.pcie-controller: 2x1, 1x1 configuration
[    0.172785] tegra-pcie 1003000.pcie-controller: Failed to get supply 'avddio-pex': -517
[    0.179483] tegra-apbdma 60020000.dma: Tegra20 APB DMA driver register 32 channels
[    0.180188] tegra-pmc 7000e400.pmc: emergency thermal reset enabled
[    0.245764] Serial: 8250/16550 driver, 4 ports, IRQ sharing disabled
[    0.248019] SuperH (H)SCI(F) driver initialized
[    0.248760] msm_serial: driver initialized
[    0.249605] console [ttyS0] disabled
[    0.249639] 70006300.serial: ttyS0 at MMIO 0x70006300 (irq = 331, base_baud = 25500000) is a Tegra
[    1.073321] console [ttyS0] enabled
[    1.077615] STMicroelectronics ASC driver initialized
[    1.084834] [drm] Initialized drm 1.1.0 20060810
[    1.091380] tegra-hdmi 54280000.hdmi: failed to get HDMI regulator
[    1.104686] loop: module loaded
[    1.108166] at24 0-0056: 256 byte 24c02 EEPROM, writable, 8 bytes/write
[    1.116146] as3722 4-0040: AS3722 with revision 0x1 found
[    1.139157] +5V_SYS: supplied by +VDD_MUX
[    1.143224] +1.05V_RUN: supplied by +5V_SYS
[    1.147516] tegra-ahci 70027000.sata: Failed to get supply 'hvdd': -517
[    1.154188] tegra-ahci 70027000.sata: Failed to get regulators
[    1.164191] m25p80 spi32765.0: w25q32dw (4096 Kbytes)
[    1.172505] CAN device driver interface
[    1.177577] igb: Intel(R) Gigabit Ethernet Network Driver - version 5.2.15-k
[    1.184631] igb: Copyright (c) 2007-2014 Intel Corporation.
[    1.192399] pegasus: v0.9.3 (2013/04/25), Pegasus/Pegasus II USB Ethernet driver
[    1.199858] usbcore: registered new interface driver pegasus
[    1.205593] usbcore: registered new interface driver asix
[    1.211050] usbcore: registered new interface driver ax88179_178a
[    1.217199] usbcore: registered new interface driver cdc_ether
[    1.223106] usbcore: registered new interface driver smsc75xx
[    1.228929] usbcore: registered new interface driver smsc95xx
[    1.234736] usbcore: registered new interface driver net1080
[    1.240459] usbcore: registered new interface driver cdc_subset
[    1.246435] usbcore: registered new interface driver zaurus
[    1.252106] usbcore: registered new interface driver cdc_ncm
[    1.258023] tegra-phy 7d004000.usb-phy: no vbus regulator
[    1.265213] ehci_hcd: USB 2.0 'Enhanced' Host Controller (EHCI) Driver
[    1.271755] ehci-pci: EHCI PCI platform driver
[    1.276245] ehci-platform: EHCI generic platform driver
[    1.281703] ehci-omap: OMAP-EHCI Host Controller driver
[    1.287078] ehci-orion: EHCI orion driver
[    1.291222] SPEAr-ehci: EHCI SPEAr driver
[    1.295389] ehci-st: EHCI STMicroelectronics driver
[    1.300421] ehci-exynos: EHCI EXYNOS driver
[    1.304788] tegra-ehci: Tegra EHCI driver
[    1.309132] tegra-ehci 7d004000.usb: EHCI Host Controller
[    1.314563] tegra-ehci 7d004000.usb: new USB bus registered, assigned bus number 1
[    1.322310] tegra-ehci 7d004000.usb: irq 346, io mem 0x7d004000
[    1.336585] tegra-ehci 7d004000.usb: USB 2.0 started, EHCI 1.10
[    1.343321] hub 1-0:1.0: USB hub found
[    1.347125] hub 1-0:1.0: 1 port detected
[    1.351698] ohci_hcd: USB 1.1 'Open' Host Controller (OHCI) Driver
[    1.357906] ohci-pci: OHCI PCI platform driver
[    1.362423] ohci-platform: OHCI generic platform driver
[    1.367835] ohci-omap3: OHCI OMAP3 driver
[    1.372003] SPEAr-ohci: OHCI SPEAr driver
[    1.376154] ohci-st: OHCI STMicroelectronics driver
[    1.381286] usbcore: registered new interface driver usb-storage
[    1.388891] mousedev: PS/2 mouse device common for all mice
[    1.398372] as3722-rtc as3722-rtc: rtc core: registered as3722-rtc as rtc0
[    1.405260] as3722-rtc as3722-rtc: RTC interrupt 365
[    1.413462] tegra_rtc 7000e000.rtc: rtc core: registered 7000e000.rtc as rtc1
[    1.420652] tegra_rtc 7000e000.rtc: Tegra internal Real Time Clock
[    1.427431] i2c /dev entries driver
[    1.433853] usbcore: registered new interface driver uvcvideo
[    1.439611] USB Video Class driver (1.1.1)
[    1.443724] gspca_main: v2.14.0 registered
[    1.449366] 0-004c supply vcc not found, using dummy regulator
[    1.460136] sdhci: Secure Digital Host Controller Interface driver
[    1.466329] sdhci: Copyright(c) Pierre Ossman
[    1.472203] Synopsys Designware Multimedia Card Interface Driver
[    1.479350] sdhci-pltfm: SDHCI platform and OF driver helper
[    1.485718] sdhci-tegra 700b0400.sdhci: Got CD GPIO
[    1.490625] sdhci-tegra 700b0400.sdhci: Got WP GPIO
[    1.495560] mmc0: Unknown controller version (3). You may experience problems.
[    1.502911] as3722-regulator as3722-regulator: Failed to resolve vin-ldo1-6-supply for as3722-ldo6
[    1.511879] sdhci-tegra 700b0400.sdhci: No vmmc regulator found
[    1.517958] mmc0: Unknown controller version (3). You may experience problems.
[    1.525246] sdhci-tegra 700b0600.sdhci: No vmmc regulator found
[    1.531184] sdhci-tegra 700b0600.sdhci: No vqmmc regulator found
[    1.537198] mmc0: Invalid maximum block size, assuming 512 bytes
[    1.576583] mmc0: SDHCI controller on 700b0600.sdhci [700b0600.sdhci] using ADMA 64-bit
[    1.585706] ledtrig-cpu: registered to indicate activity on CPUs
[    1.591944] usbcore: registered new interface driver usbhid
[    1.597525] usbhid: USB HID core driver
[    1.604906] usbcore: registered new interface driver snd-usb-audio
[    1.650542] mmc0: MAN_BKOPS_EN bit is not set
[    1.658116] mmc0: new high speed MMC card at address 0001
[    1.663892] mmcblk0: mmc0:0001 SEM16G 14.6 GiB 
[    1.668545] mmcblk0boot0: mmc0:0001 SEM16G partition 1 4.00 MiB
[    1.674578] mmcblk0boot1: mmc0:0001 SEM16G partition 2 4.00 MiB
[    1.680610] mmcblk0rpmb: mmc0:0001 SEM16G partition 3 4.00 MiB
[    1.688431] Primary GPT is invalid, using alternate GPT.
[    1.693782]  mmcblk0: p1 p2 p3 p4 p5 p6 p7 p8 p9
[    2.029599] tegra30-i2s 70301100.i2s: DMA channels sourced from device 70300000.ahub
[    2.046087] tegra-snd-rt5640 sound: rt5640-aif1 <-> 70301100.i2s mapping ok
[    2.055834] input: NVIDIA Tegra Jetson TK1 Headphones as /devices/soc0/sound/sound/card0/input0
[    2.065966] NET: Registered protocol family 17
[    2.070444] can: controller area network core (rev 20120528 abi 9)
[    2.076695] NET: Registered protocol family 29
[    2.081140] can: raw protocol (rev 20120528)
[    2.085427] can: broadcast manager protocol (rev 20120528 t)
[    2.091101] can: netlink gateway (rev 20130117) max_hops=1
[    2.096984] Key type dns_resolver registered
[    2.101871] ThumbEE CPU extension supported.
[    2.106147] Registering SWP/SWPB emulation handler
[    2.118970] tegra-pcie 1003000.pcie-controller: 2x1, 1x1 configuration
[    2.125841] +3.3V_SYS: supplied by +VDD_MUX
[    2.130106] +3.3V_LP0: supplied by +3.3V_SYS
[    2.134701] +1.35V_LP0(sd2): supplied by +5V_SYS
[    2.139404] +1.05V_RUN_AVDD: supplied by +1.35V_LP0(sd2)
[    2.146111] tegra-pcie 1003000.pcie-controller: probing port 0, using 2 lanes
[    2.155360] tegra-pcie 1003000.pcie-controller: Slot present pin change, signature: 00000008
[    2.586349] tegra-pcie 1003000.pcie-controller: link 0 down, retrying
[    3.021839] tegra-pcie 1003000.pcie-controller: link 0 down, retrying
[    3.457334] tegra-pcie 1003000.pcie-controller: link 0 down, retrying
[    3.465966] tegra-pcie 1003000.pcie-controller: link 0 down, ignoring
[    3.472477] tegra-pcie 1003000.pcie-controller: probing port 1, using 1 lanes
[    3.481962] tegra-pcie 1003000.pcie-controller: Slot present pin change, signature: 00000000
[    3.914785] tegra-pcie 1003000.pcie-controller: link 1 down, retrying
[    4.350190] tegra-pcie 1003000.pcie-controller: link 1 down, retrying
[    4.785613] tegra-pcie 1003000.pcie-controller: link 1 down, retrying
[    4.794239] tegra-pcie 1003000.pcie-controller: link 1 down, ignoring
[    4.800970] tegra-pcie 1003000.pcie-controller: PCI host bridge to bus 0000:00
[    4.808207] pci_bus 0000:00: root bus resource [mem 0x13000000-0x1fffffff]
[    4.815088] pci_bus 0000:00: root bus resource [mem 0x20000000-0x3fffffff pref]
[    4.822410] pci_bus 0000:00: root bus resource [bus 00-ff]
[    4.827903] pci_bus 0000:00: root bus resource [io  0x1000-0xffff]
[    4.834113] PCI: bus0: Fast back to back transfers enabled
[    4.840337] +5V_HDMI_CON: supplied by +5V_SYS
[    4.844824] +1.05V_RUN_AVDD_HDMI_PLL: supplied by +1.05V_RUN
[    4.850620] +3.3V_RUN: supplied by +3.3V_SYS
[    4.854935] +3.3V_AVDD_HDMI_AP_GATED: supplied by +3.3V_RUN
[    4.862402] [drm] Supports vblank timestamp caching Rev 2 (21.10.2013).
[    4.869064] [drm] No driver support for vblank timestamp query.
[    4.973931] tegra-hdmi 54280000.hdmi: cannot set audio to 44100 at 297000000 pclk
[    5.086236] Console: switching to colour frame buffer device 512x135
[    5.180885] drm drm: fb0:  frame buffer device
[    5.185363] drm drm: registered panic notifier
[    5.201735] [drm] Initialized tegra 0.0.0 20120330 on minor 0
[    5.208573] +5V_SATA: supplied by +5V_SYS
[    5.212737] +12V_SATA: supplied by +VDD_MUX
[    5.217320] tegra-ahci 70027000.sata: AHCI 0001.0301 32 slots 2 ports 3 Gbps 0x1 impl platform mode
[    5.226377] tegra-ahci 70027000.sata: flags: 64bit ncq sntf pm led pio slum part sadm sds apst 
[    5.237513] scsi host0: tegra-ahci
[    5.242215] scsi host1: tegra-ahci
[    5.245952] ata1: SATA max UDMA/133 mmio [mem 0x70027000-0x70028fff] port 0x100 irq 341
[    5.253980] ata2: DUMMY
[    5.257637] +5V_USB_HS: supplied by +5V_SYS
[    5.263080] tegra-ehci 7d008000.usb: EHCI Host Controller
[    5.268547] tegra-ehci 7d008000.usb: new USB bus registered, assigned bus number 2
[    5.276326] tegra-ehci 7d008000.usb: irq 347, io mem 0x7d008000
[    5.291717] tegra-ehci 7d008000.usb: USB 2.0 started, EHCI 1.10
[    5.298519] hub 2-0:1.0: USB hub found
[    5.302340] hub 2-0:1.0: 1 port detected
[    5.307701] sdhci-tegra 700b0400.sdhci: Got CD GPIO
[    5.312656] sdhci-tegra 700b0400.sdhci: Got WP GPIO
[    5.317640] mmc1: Unknown controller version (3). You may experience problems.
[    5.325038] +VDDIO_SDMMC3: supplied by +3.3V_RUN
[    5.329803] sdhci-tegra 700b0400.sdhci: No vmmc regulator found
[    5.335784] mmc1: Invalid maximum block size, assuming 512 bytes
[    5.377140] mmc1: SDHCI controller on 700b0400.sdhci [700b0400.sdhci] using ADMA 64-bit
[    5.386600] input: gpio-keys as /devices/soc0/gpio-keys/input/input1
[    5.394117] as3722-rtc as3722-rtc: setting system clock to 2000-02-01 00:00:18 UTC (949363218)
[    5.414147] +USB0_VBUS_SW: disabling
[    5.417745] +1.8V_RUN_VPP_FUSE: disabling
[    5.421900] +2.8V_RUN_CAM_AF: disabling
[    5.425850] +3.3V_RUN_TOUCH: disabling
[    5.429729] +1.05V_RUN_CAM_REAR: disabling
[    5.433951] +1.2V_RUN_CAM_FRONT: disabling
[    5.438188] +2.8V_RUN_CAM: disabling
[    5.441894] +1.8V_RUN_CAM: disabling
[    5.445897] ALSA device list:
[    5.448877]   #0: NVIDIA Tegra Jetson TK1
[    5.581740] ata1: SATA link down (SStatus 0 SControl 300)
[    5.588104] EXT4-fs (mmcblk0p1): couldn't mount as ext3 due to feature incompatibilities
[    5.596936] EXT4-fs (mmcblk0p1): couldn't mount as ext2 due to feature incompatibilities
[    5.611699] usb 2-1: new high-speed USB device number 2 using tegra-ehci
[    5.612200] EXT4-fs (mmcblk0p1): recovery complete
[    5.612216] EXT4-fs (mmcblk0p1): mounted filesystem with ordered data mode. Opts: (null)
[    5.612256] VFS: Mounted root (ext4 filesystem) on device 179:1.
[    5.616126] devtmpfs: mounted
[    5.616911] Freeing unused kernel memory: 836K (c0d57000 - c0e28000)
bash: cannot set terminal process group (-1): Inappropriate ioctl for device
bash: no job control in this shell
root@(none):/# 