
U-Boot SPL 2014.01-00219-gc4d376f (Feb 18 2014 - 19:57:32)


U-Boot 2014.01-00219-gc4d376f (Feb 18 2014 - 19:57:32)

TEGRA114
Board: NVIDIA Dalmore
I2C:   ready
DRAM:  2 GiB
MMC:   Tegra SD/MMC: 0, Tegra SD/MMC: 1
In:    serial
Out:   serial
Err:   serial
Net:   Net Initialization Skipped
No ethernet found.
Hit any key to stop autoboot:  2  0 
Tegra114 (Dalmore) # 
Tegra114 (Dalmore) # usb reset
(Re)start USB...
USB0:   USB EHCI 1.10
scanning bus 0 for devices... 2 USB Device(s) found
       scanning usb for storage devices... 0 Storage Device(s) found
       scanning usb for ethernet devices... 
Warning: asx0 using MAC address from net device
1 Ethernet Device(s) found
Tegra114 (Dalmore) # setenv bootargs 'ignore_loglevel console=ttyS0,115200n8 rw root=PARTUUID=7369c667-ff51-ec4a-29cd-baabf2fbe346 rootwait gpt debug earlyprintk init=/bin/bash'
Tegra114 (Dalmore) # setenv ipaddr 192.168.100.100; setenv serverip 192.168.100.1; setenv tftpserverip 192.168.100.1
Tegra114 (Dalmore) # tftpboot 0x81000000 zImage.multi_v7_defconfig
Using asx0 device
TFTP from server 192.168.100.1; our IP address is 192.168.100.100
Filename 'zImage.multi_v7_defconfig'.
Load address: 0x81000000
Loading: *#################################################################
	 #################################################################
	 #################################################################
	 #################################################################
	 #################################################################
	 #################################################################
	 #################################################################
	 #################
	 3.2 MiB/s
done
Bytes transferred = 6916368 (698910 hex)
Tegra114 (Dalmore) # tftpboot 0x82000000 tegra114-dalmore.dtb
Using asx0 device
TFTP from server 192.168.100.1; our IP address is 192.168.100.100
Filename 'tegra114-dalmore.dtb'.
Load address: 0x82000000
Loading: *###
	 3 MiB/s
done
Bytes transferred = 34894 (884e hex)
Tegra114 (Dalmore) # bootz 0x81000000 - 0x82000000
Kernel image @ 0x81000000 [ 0x000000 - 0x698910 ]
## Flattened Device Tree blob at 82000000
   Booting using the fdt blob at 0x82000000
   Loading Device Tree to 8fff4000, end 8ffff84d ... OK

Starting kernel ...

[    0.000000] Booting Linux on physical CPU 0x0
[    0.000000] Linux version 4.6.0-rc4-82725-gc3b46c7 (pwalmsley@sellafield) (gcc version 4.7.3 20130328 (prerelease) (crosstool-NG linaro-1.13.1-4.7-2013.04-20130415 - Linaro GCC 2013.04) ) #1 SMP Sun Apr 17 19:34:23 PDT 2016
[    0.000000] CPU: ARMv7 Processor [412fc0f2] revision 2 (ARMv7), cr=10c5387d
[    0.000000] CPU: div instructions available: patching division code
[    0.000000] CPU: PIPT / VIPT nonaliasing data cache, PIPT instruction cache
[    0.000000] Machine model: NVIDIA Tegra114 Dalmore evaluation board
[    0.000000] debug: ignoring loglevel setting.
[    0.000000] cma: Reserved 64 MiB at 0xfb800000
[    0.000000] Memory policy: Data cache writealloc
[    0.000000] On node 0 totalpages: 524032
[    0.000000] free_area_init_node: node 0, pgdat c141b3c0, node_mem_map eeff8000
[    0.000000]   DMA zone: 1536 pages used for memmap
[    0.000000]   DMA zone: 0 pages reserved
[    0.000000]   DMA zone: 196608 pages, LIFO batch:31
[    0.000000]   HighMem zone: 327424 pages, LIFO batch:31
[    0.000000] percpu: Embedded 12 pages/cpu @eefa3000 s19776 r8192 d21184 u49152
[    0.000000] pcpu-alloc: s19776 r8192 d21184 u49152 alloc=12*4096
[    0.000000] pcpu-alloc: [0] 0 [0] 1 [0] 2 [0] 3 
[    0.000000] Built 1 zonelists in Zone order, mobility grouping on.  Total pages: 522496
[    0.000000] Kernel command line: ignore_loglevel console=ttyS0,115200n8 rw root=PARTUUID=7369c667-ff51-ec4a-29cd-baabf2fbe346 rootwait gpt debug earlyprintk init=/bin/bash
[    0.000000] PID hash table entries: 4096 (order: 2, 16384 bytes)
[    0.000000] Dentry cache hash table entries: 131072 (order: 7, 524288 bytes)
[    0.000000] Inode-cache hash table entries: 65536 (order: 6, 262144 bytes)
[    0.000000] Memory: 1995132K/2096128K available (9522K kernel code, 1141K rwdata, 4108K rodata, 2048K init, 341K bss, 35460K reserved, 65536K cma-reserved, 1244160K highmem)
[    0.000000] Virtual kernel memory layout:
[    0.000000]     vector  : 0xffff0000 - 0xffff1000   (   4 kB)
[    0.000000]     fixmap  : 0xffc00000 - 0xfff00000   (3072 kB)
[    0.000000]     vmalloc : 0xf0800000 - 0xff800000   ( 240 MB)
[    0.000000]     lowmem  : 0xc0000000 - 0xf0000000   ( 768 MB)
[    0.000000]     pkmap   : 0xbfe00000 - 0xc0000000   (   2 MB)
[    0.000000]     modules : 0xbf000000 - 0xbfe00000   (  14 MB)
[    0.000000]       .text : 0xc0208000 - 0xc104fa4c   (14623 kB)
[    0.000000]       .init : 0xc1100000 - 0xc1300000   (2048 kB)
[    0.000000]       .data : 0xc1300000 - 0xc141d400   (1141 kB)
[    0.000000]        .bss : 0xc141f000 - 0xc1474518   ( 342 kB)
[    0.000000] SLUB: HWalign=64, Order=0-3, MinObjects=0, CPUs=4, Nodes=1
[    0.000000] Hierarchical RCU implementation.
[    0.000000] 	Build-time adjustment of leaf fanout to 32.
[    0.000000] 	RCU restricting CPUs from NR_CPUS=16 to nr_cpu_ids=4.
[    0.000000] RCU: Adjusting geometry for rcu_fanout_leaf=32, nr_cpu_ids=4
[    0.000000] NR_IRQS:16 nr_irqs:16 16
[    0.000000] /interrupt-controller@60004000: 160 interrupts forwarded to /interrupt-controller@50041000
[    0.000000] Tegra clk 127: register failed with -17
[    0.000008] sched_clock: 32 bits at 1000kHz, resolution 1000ns, wraps every 2147483647500ns
[    0.000028] clocksource: timer_us: mask: 0xffffffff max_cycles: 0xffffffff, max_idle_ns: 1911260446275 ns
[    0.000042] Switching to timer-based delay loop, resolution 1000ns
[    0.003065] Architected cp15 timer(s) running at 12.00MHz (virt).
[    0.003086] clocksource: arch_sys_counter: mask: 0xffffffffffffff max_cycles: 0x2c47f4ee7, max_idle_ns: 440795202497 ns
[    0.003105] sched_clock: 56 bits at 12MHz, resolution 83ns, wraps every 4398046511096ns
[    0.003118] Switching to timer-based delay loop, resolution 83ns
[    0.003477] Console: colour dummy device 80x30
[    0.003504] Calibrating delay loop (skipped), value calculated using timer frequency.. 24.00 BogoMIPS (lpj=60000)
[    0.003519] pid_max: default: 32768 minimum: 301
[    0.003620] Mount-cache hash table entries: 2048 (order: 1, 8192 bytes)
[    0.003634] Mountpoint-cache hash table entries: 2048 (order: 1, 8192 bytes)
[    0.004271] CPU: Testing write buffer coherency: ok
[    0.004490] /cpus/cpu@0 missing clock-frequency property
[    0.004519] /cpus/cpu@1 missing clock-frequency property
[    0.004546] /cpus/cpu@2 missing clock-frequency property
[    0.004573] /cpus/cpu@3 missing clock-frequency property
[    0.004587] CPU0: thread -1, cpu 0, socket 0, mpidr 80000000
[    0.004636] Setting up static identity map for 0x80300000 - 0x80300098
[    0.006899] Tegra Revision: A01 SKU: 0 CPU Process: 1 SoC Process: 0
[    0.008246] CPU1: thread -1, cpu 1, socket 0, mpidr 80000001
[    0.008869] CPU2: thread -1, cpu 2, socket 0, mpidr 80000002
[    0.009475] CPU3: thread -1, cpu 3, socket 0, mpidr 80000003
[    0.009560] Brought up 4 CPUs
[    0.009580] SMP: Total of 4 processors activated (96.00 BogoMIPS).
[    0.009589] CPU: All CPU(s) started in SVC mode.
[    0.011058] devtmpfs: initialized
[    0.021908] VFP support v0.3: implementor 41 architecture 4 part 30 variant f rev 0
[    0.022531] clocksource: jiffies: mask: 0xffffffff max_cycles: 0xffffffff, max_idle_ns: 9556302231375000 ns
[    0.024113] pinctrl core: initialized pinctrl subsystem
[    0.025894] NET: Registered protocol family 16
[    0.028083] DMA: preallocated 256 KiB pool for atomic coherent allocations
[    0.042997] cpuidle: using governor menu
[    0.058094] No ATAGs?
[    0.058130] hw-breakpoint: found 5 (+1 reserved) breakpoint and 4 watchpoint registers.
[    0.058141] hw-breakpoint: maximum watchpoint size is 8 bytes.
[    0.063395] Serial: AMBA PL011 UART driver
[    0.064807] tegra-mc 70019000.memory-controller: no memory timings for RAM code 3 registered
[    0.092777] dvdd_ts: Failed to request enable GPIO61: -517
[    0.092794] reg-fixed-voltage regulators:regulator@1: Failed to register regulator: -517
[    0.092889] usb1_vbus: Failed to request enable GPIO108: -517
[    0.092904] reg-fixed-voltage regulators:regulator@3: Failed to register regulator: -517
[    0.092998] usb2_vbus: Failed to request enable GPIO86: -517
[    0.093011] reg-fixed-voltage regulators:regulator@4: Failed to register regulator: -517
[    0.093448] VDD_5V0_HDMI_CON: Failed to request enable GPIO81: -517
[    0.093463] reg-fixed-voltage regulators:regulator@7: Failed to register regulator: -517
[    0.096519] vgaarb: loaded
[    0.097557] SCSI subsystem initialized
[    0.097736] libata version 3.00 loaded.
[    0.098053] usbcore: registered new interface driver usbfs
[    0.098147] usbcore: registered new interface driver hub
[    0.098226] usbcore: registered new device driver usb
[    0.101918] tps65090 2-0048: No cache defaults, reading back from HW
[    0.108126] genirq: Setting trigger mode 8 for irq 341 failed (irq_chip_set_type_parent+0x0/0x28)
[    0.108149] palmas 2-0058: Irq flag is 0x00000000
[    0.111382] palmas 2-0058: Muxing GPIO ff, PWM 0, LED 0
[    0.121321] sdhci-vdd-sd-slot: ramp_delay not set
[    0.146269] pps_core: LinuxPPS API ver. 1 registered
[    0.146280] pps_core: Software ver. 5.3.6 - Copyright 2005-2007 Rodolfo Giometti <giometti@linux.it>
[    0.146310] PTP clock support registered
[    0.146540] EDAC MC: Ver: 3.0.0
[    0.149162] clocksource: Switched to clocksource arch_sys_counter
[    0.160150] NET: Registered protocol family 2
[    0.160691] TCP established hash table entries: 8192 (order: 3, 32768 bytes)
[    0.160791] TCP bind hash table entries: 8192 (order: 4, 65536 bytes)
[    0.160978] TCP: Hash tables configured (established 8192 bind 8192)
[    0.161034] UDP hash table entries: 512 (order: 2, 16384 bytes)
[    0.161076] UDP-Lite hash table entries: 512 (order: 2, 16384 bytes)
[    0.161262] NET: Registered protocol family 1
[    0.161518] RPC: Registered named UNIX socket transport module.
[    0.161527] RPC: Registered udp transport module.
[    0.161535] RPC: Registered tcp transport module.
[    0.161543] RPC: Registered tcp NFSv4.1 backchannel transport module.
[    0.161563] PCI: CLS 0 bytes, default 64
[    0.163900] futex hash table entries: 1024 (order: 4, 65536 bytes)
[    0.164535] workingset: timestamp_bits=28 max_order=19 bucket_order=0
[    0.176744] squashfs: version 4.0 (2009/01/31) Phillip Lougher
[    0.177670] NFS: Registering the id_resolver key type
[    0.177707] Key type id_resolver registered
[    0.177716] Key type id_legacy registered
[    0.177783] ntfs: driver 2.1.32 [Flags: R/O].
[    0.179236] bounce: pool size: 64 pages
[    0.179461] Block layer SCSI generic (bsg) driver version 0.4 loaded (major 248)
[    0.179478] io scheduler noop registered
[    0.179492] io scheduler deadline registered
[    0.179530] io scheduler cfq registered (default)
[    0.201608] vdd-lcd-bl: supplied by vdd_ac_bat
[    0.208323] tegra-apbdma 6000a000.dma: Tegra20 APB DMA driver register 32 channels
[    0.210256] tegra-pmc 7000e400.pmc: i2c-thermtrip node not found, emergency thermal reset disabled.
[    0.276722] Serial: 8250/16550 driver, 4 ports, IRQ sharing disabled
[    0.279826] console [ttyS0] disabled
[    0.279864] 70006300.serial: ttyS0 at MMIO 0x70006300 (irq = 329, base_baud = 25500000) is a Tegra
[    1.096608] console [ttyS0] enabled
[    1.100903] SuperH (H)SCI(F) driver initialized
[    1.106443] msm_serial: driver initialized
[    1.110752] STMicroelectronics ASC driver initialized
[    1.118152] [drm] Initialized drm 1.1.0 20060810
[    1.125799] tegra-hdmi 54280000.hdmi: failed to get HDMI regulator
[    1.132551] vdd-ao: supplied by vdd_ac_bat
[    1.136886] vddio-1v8: supplied by vdd-ao
[    1.141285] avdd-dsi-csi: supplied by vddio-1v8
[    1.149718] vdd-sys-3v3: supplied by vdd_ac_bat
[    1.154489] avdd-lcd: supplied by vdd-sys-3v3
[    1.170573] brd: module loaded
[    1.179900] loop: module loaded
[    1.199741] m25p80 spi32766.0: w25q32dw (4096 Kbytes)
[    1.208418] libphy: Fixed MDIO Bus: probed
[    1.213282] CAN device driver interface
[    1.219101] igb: Intel(R) Gigabit Ethernet Network Driver - version 5.3.0-k
[    1.226069] igb: Copyright (c) 2007-2014 Intel Corporation.
[    1.234972] pegasus: v0.9.3 (2013/04/25), Pegasus/Pegasus II USB Ethernet driver
[    1.242428] usbcore: registered new interface driver pegasus
[    1.248166] usbcore: registered new interface driver asix
[    1.253624] usbcore: registered new interface driver ax88179_178a
[    1.259772] usbcore: registered new interface driver cdc_ether
[    1.265679] usbcore: registered new interface driver smsc75xx
[    1.271500] usbcore: registered new interface driver smsc95xx
[    1.277300] usbcore: registered new interface driver net1080
[    1.283015] usbcore: registered new interface driver cdc_subset
[    1.288994] usbcore: registered new interface driver zaurus
[    1.294655] usbcore: registered new interface driver cdc_ncm
[    1.302256] ehci_hcd: USB 2.0 'Enhanced' Host Controller (EHCI) Driver
[    1.308799] ehci-pci: EHCI PCI platform driver
[    1.313300] ehci-platform: EHCI generic platform driver
[    1.318733] ehci-omap: OMAP-EHCI Host Controller driver
[    1.324108] ehci-orion: EHCI orion driver
[    1.328269] SPEAr-ehci: EHCI SPEAr driver
[    1.332436] ehci-st: EHCI STMicroelectronics driver
[    1.337469] ehci-exynos: EHCI EXYNOS driver
[    1.341825] ehci-atmel: EHCI Atmel driver
[    1.345993] tegra-ehci: Tegra EHCI driver
[    1.350347] ohci_hcd: USB 1.1 'Open' Host Controller (OHCI) Driver
[    1.356551] ohci-pci: OHCI PCI platform driver
[    1.361055] ohci-platform: OHCI generic platform driver
[    1.366456] ohci-omap3: OHCI OMAP3 driver
[    1.370618] SPEAr-ohci: OHCI SPEAr driver
[    1.374784] ohci-st: OHCI STMicroelectronics driver
[    1.379815] ohci-atmel: OHCI Atmel driver
[    1.384575] usbcore: registered new interface driver usb-storage
[    1.392281] mousedev: PS/2 mouse device common for all mice
[    1.402904] palmas-rtc 7000d000.i2c:tps65913@58:rtc: rtc core: registered 7000d000.i2c:tps659 as rtc0
[    1.414071] tegra_rtc 7000e000.rtc: rtc core: registered 7000e000.rtc as rtc1
[    1.421267] tegra_rtc 7000e000.rtc: Tegra internal Real Time Clock
[    1.428043] i2c /dev entries driver
[    1.435714] sbs-battery 0-000b: sbs_probe: Failed to get device status
[    1.442267] sbs-battery: probe of 0-000b failed with error -121
[    1.451580] vdd-sensor-2v85: supplied by vdd-sys-3v3
[    1.464996] sdhci: Secure Digital Host Controller Interface driver
[    1.471185] sdhci: Copyright(c) Pierre Ossman
[    1.477130] Synopsys Designware Multimedia Card Interface Driver
[    1.484294] sdhci-pltfm: SDHCI platform and OF driver helper
[    1.490734] sdhci-tegra 78000400.sdhci: Got CD GPIO
[    1.495640] sdhci-tegra 78000400.sdhci: Got WP GPIO
[    1.501700] mmc0: Invalid maximum block size, assuming 512 bytes
[    1.544304] mmc0: SDHCI controller on 78000400.sdhci [78000400.sdhci] using ADMA
[    1.552032] mmc1: Invalid maximum block size, assuming 512 bytes
[    1.594186] mmc1: SDHCI controller on 78000600.sdhci [78000600.sdhci] using ADMA
[    1.603445] ledtrig-cpu: registered to indicate activity on CPUs
[    1.609841] usbcore: registered new interface driver usbhid
[    1.615423] usbhid: USB HID core driver
[    1.625092] NET: Registered protocol family 10
[    1.630291] sit: IPv6 over IPv4 tunneling driver
[    1.635663] NET: Registered protocol family 17
[    1.640140] can: controller area network core (rev 20120528 abi 9)
[    1.646396] NET: Registered protocol family 29
[    1.650858] can: raw protocol (rev 20120528)
[    1.655148] can: broadcast manager protocol (rev 20120528 t)
[    1.660827] can: netlink gateway (rev 20130117) max_hops=1
[    1.666736] Key type dns_resolver registered
[    1.671690] ThumbEE CPU extension supported.
[    1.675990] Registering SWP/SWPB emulation handler
[    1.688581] vdd-sys-5v0: supplied by vdd_ac_bat
[    1.694506] VDD_5V0_HDMI_CON: supplied by vdd-sys-5v0
[    1.704633] vdd_hdmi_5v0: supplied by vdd-sys-5v0
[    1.714209] [drm] Supports vblank timestamp caching Rev 2 (21.10.2013).
[    1.720863] [drm] No driver support for vblank timestamp query.
[    1.722485] mmc0: new high speed SDHC card at address aaaa
[    1.723432] mmcblk0: mmc0:aaaa SL16G 14.8 GiB 
[    1.749462]  mmcblk0: p1 p2 p3
[    1.754259] mmc1: new high speed MMC card at address 0001
[    1.760335] mmcblk1: mmc1:0001 SEM32G 29.1 GiB 
[    1.761238] mmcblk1boot0: mmc1:0001 SEM32G partition 1 4.00 MiB
[    1.761760] mmcblk1boot1: mmc1:0001 SEM32G partition 2 4.00 MiB
[    1.762145] mmcblk1rpmb: mmc1:0001 SEM32G partition 3 4.00 MiB
[    1.765771]  mmcblk1: p1 p2 p3 p4 p5 p6 p7 p8
[    1.799218] Console: switching to colour frame buffer device 240x75
[    1.853590] drm drm: fb0:  frame buffer device
[    1.869284] [drm] Initialized tegra 0.0.0 20120330 on minor 0
[    1.876429] usb2_vbus: supplied by vdd-sys-5v0
[    1.883302] tegra-ehci 7d008000.usb: EHCI Host Controller
[    1.888774] tegra-ehci 7d008000.usb: new USB bus registered, assigned bus number 1
[    1.896722] tegra-ehci 7d008000.usb: irq 339, io mem 0x7d008000
[    1.909288] tegra-ehci 7d008000.usb: USB 2.0 started, EHCI 1.10
[    1.916532] hub 1-0:1.0: USB hub found
[    1.920399] hub 1-0:1.0: 1 port detected
[    1.926400] input: gpio-keys as /devices/soc0/gpio-keys/input/input0
[    1.935277] palmas-rtc 7000d000.i2c:tps65913@58:rtc: setting system clock to 2000-02-10 13:55:29 UTC (950190929)
[    1.958887] dvdd_ts: disabling
[    1.962027] usb1_vbus: disabling
[    1.965287] vdd_cam_1v8_reg: disabling
[    1.971053] EXT4-fs (mmcblk1p1): mounting ext3 file system using the ext4 subsystem
[    1.993530] EXT4-fs (mmcblk1p1): recovery complete
[    1.998394] EXT4-fs (mmcblk1p1): mounted filesystem with ordered data mode. Opts: (null)
[    2.006529] VFS: Mounted root (ext3 filesystem) on device 179:17.
[    2.016963] devtmpfs: mounted
[    2.021845] Freeing unused kernel memory: 2048K (c1100000 - c1300000)
bash: cannot set terminal process group (-1): Inappropriate ioctl for device
bash: no job control in this shell
root@(none):/# [    2.239287] usb 1-1: new high-speed USB device number 2 using tegra-ehci
[    3.187761] asix 1-1:1.0 eth0: register 'asix' at usb-7d008000.usb-1, ASIX AX88772 USB 2.0 Ethernet, 00:50:b6:0d:b5:16
mount -t sysfs none /sys
root@(none):/# 
root@(none):/# mount -t debugfs none /sys/kernel/debug
root@(none):/# 
root@(none):/# rtcwake -d rtc1 -m mem -s 3
rtcwake: assuming RTC uses UTC ...
rtcwake: wakeup from "mem" using /dev/rtc1 at Thu Jan  1 00:00:19 1970
[    5.323240] PM: Syncing filesystems ... done.
[    5.350901] Freezing user space processes ... (elapsed 0.001 seconds) done.
[    5.359279] Freezing remaining freezable tasks ... (elapsed 0.001 seconds) done.
[    5.368186] Suspending console(s) (use no_console_suspend to debug)
[    5.417698] PM: suspend of devices complete after 41.763 msecs
[    5.420206] PM: late suspend of devices complete after 2.492 msecs
[    5.422307] PM: noirq suspend of devices complete after 2.092 msecs
[    5.422311] Disabling non-boot CPUs ...
[    5.423131] CPU1: shutdown
[    5.446874] CPU2: shutdown
[    5.476103] IRQ16 no longer affine to CPU3
[    5.476471] CPU3: shutdown
[    5.490384] Entering suspend state LP1
[    5.490408] Enabling non-boot CPUs ...
[    5.515765] CPU1 is up
[    5.540975] CPU2 is up
[    5.566326] CPU3 is up
[    5.567609] PM: noirq resume of devices complete after 1.273 msecs
[    5.570456] PM: early resume of devices complete after 2.400 msecs
[    5.666245] PM: resume of devices complete after 95.772 msecs
[    5.734999] Restarting tasks ... done.
root@(none):/# 
root@(none):/# rtcwake -d rtc1 -m mem -s 3
rtcwake: assuming RTC uses UTC ...
rtcwake: wakeup from "mem" using /dev/rtc1 at Thu Jan  1 00:00:27 1970
[    6.254600] PM: Syncing filesystems ... done.
[    6.281564] Freezing user space processes ... (elapsed 0.001 seconds) done.
[    6.289939] Freezing remaining freezable tasks ... (elapsed 0.001 seconds) done.
[    6.298869] Suspending console(s) (use no_console_suspend to debug)
[    6.348002] PM: suspend of devices complete after 41.469 msecs
[    6.350510] PM: late suspend of devices complete after 2.491 msecs
[    6.352484] PM: noirq suspend of devices complete after 1.965 msecs
[    6.352488] Disabling non-boot CPUs ...
[    6.353305] CPU1: shutdown
[    6.376812] CPU2: shutdown
[    6.401450] CPU3: shutdown
[    6.415348] Entering suspend state LP1
[    6.415371] Enabling non-boot CPUs ...
[    6.440742] CPU1 is up
[    6.465955] CPU2 is up
[    6.491295] CPU3 is up
[    6.492589] PM: noirq resume of devices complete after 1.284 msecs
[    6.495833] PM: early resume of devices complete after 2.814 msecs
[    6.591186] PM: resume of devices complete after 95.336 msecs
[    6.655841] Restarting tasks ... done.
root@(none):/# 
root@(none):/# rtcwake -d rtc1 -m mem -s 3
rtcwake: assuming RTC uses UTC ...
rtcwake: wakeup from "mem" using /dev/rtc1 at Thu Jan  1 00:00:35 1970
[    7.168825] PM: Syncing filesystems ... done.
[    7.195816] Freezing user space processes ... (elapsed 0.001 seconds) done.
[    7.204226] Freezing remaining freezable tasks ... (elapsed 0.001 seconds) done.
[    7.213078] Suspending console(s) (use no_console_suspend to debug)
[    7.256316] PM: suspend of devices complete after 35.564 msecs
[    7.258961] PM: late suspend of devices complete after 2.630 msecs
[    7.260851] PM: noirq suspend of devices complete after 1.879 msecs
[    7.260854] Disabling non-boot CPUs ...
[    7.261665] CPU1: shutdown
[    7.286767] CPU2: shutdown
[    7.311045] IRQ16 no longer affine to CPU3
[    7.311420] CPU3: shutdown
[    7.325303] Entering suspend state LP1
[    7.325327] Enabling non-boot CPUs ...
[    7.350701] CPU1 is up
[    7.375911] CPU2 is up
[    7.401234] CPU3 is up
[    7.402550] PM: noirq resume of devices complete after 1.305 msecs
[    7.405597] PM: early resume of devices complete after 2.593 msecs
[    7.501178] PM: resume of devices complete after 95.564 msecs
[    7.570079] Restarting tasks ... done.
root@(none):/# 
root@(none):/# rtcwake -d rtc1 -m mem -s 3
rtcwake: assuming RTC uses UTC ...
rtcwake: wakeup from "mem" using /dev/rtc1 at Thu Jan  1 00:00:43 1970
[    8.088905] PM: Syncing filesystems ... done.
[    8.115896] Freezing user space processes ... (elapsed 0.001 seconds) done.
[    8.124286] Freezing remaining freezable tasks ... (elapsed 0.001 seconds) done.
[    8.133222] Suspending console(s) (use no_console_suspend to debug)
[    8.181768] PM: suspend of devices complete after 40.876 msecs
[    8.184400] PM: late suspend of devices complete after 2.615 msecs
[    8.186442] PM: noirq suspend of devices complete after 2.032 msecs
[    8.186446] Disabling non-boot CPUs ...
[    8.187271] CPU1: shutdown
[    8.211761] CPU2: shutdown
[    8.236013] IRQ16 no longer affine to CPU3
[    8.236389] CPU3: shutdown
[    8.250264] Entering suspend state LP1
[    8.250288] Enabling non-boot CPUs ...
[    8.275682] CPU1 is up
[    8.300903] CPU2 is up
[    8.326205] CPU3 is up
[    8.327464] PM: noirq resume of devices complete after 1.248 msecs
[    8.330181] PM: early resume of devices complete after 2.280 msecs
[    8.426074] PM: resume of devices complete after 95.876 msecs
[    8.494815] Restarting tasks ... done.
root@(none):/# 
root@(none):/# rtcwake -d rtc1 -m mem -s 3
rtcwake: assuming RTC uses UTC ...
rtcwake: wakeup from "mem" using /dev/rtc1 at Thu Jan  1 00:00:51 1970
[    9.017663] PM: Syncing filesystems ... done.
[    9.044655] Freezing user space processes ... (elapsed 0.001 seconds) done.
[    9.053040] Freezing remaining freezable tasks ... (elapsed 0.001 seconds) done.
[    9.061987] Suspending console(s) (use no_console_suspend to debug)
[    9.108128] PM: suspend of devices complete after 38.462 msecs
[    9.110785] PM: late suspend of devices complete after 2.640 msecs
[    9.112735] PM: noirq suspend of devices complete after 1.940 msecs
[    9.112739] Disabling non-boot CPUs ...
[    9.113556] CPU1: shutdown
[    9.136681] CPU2: shutdown
[    9.160948] IRQ16 no longer affine to CPU3
[    9.161320] CPU3: shutdown
[    9.175222] Entering suspend state LP1
[    9.175245] Enabling non-boot CPUs ...
[    9.200626] CPU1 is up
[    9.225839] CPU2 is up
[    9.251156] CPU3 is up
[    9.252447] PM: noirq resume of devices complete after 1.281 msecs
[    9.255110] PM: early resume of devices complete after 2.217 msecs
[    9.351128] PM: resume of devices complete after 96.000 msecs
[    9.419910] Restarting tasks ... done.
root@(none):/# 
root@(none):/# rtcwake -d rtc1 -m mem -s 3
rtcwake: assuming RTC uses UTC ...
rtcwake: wakeup from "mem" using /dev/rtc1 at Thu Jan  1 00:00:59 1970
[    9.941297] PM: Syncing filesystems ... done.
[    9.968300] Freezing user space processes ... (elapsed 0.001 seconds) done.
[    9.976707] Freezing remaining freezable tasks ... (elapsed 0.001 seconds) done.
[    9.985647] Suspending console(s) (use no_console_suspend to debug)
[   10.032564] PM: suspend of devices complete after 39.262 msecs
[   10.035086] PM: late suspend of devices complete after 2.505 msecs
[   10.037102] PM: noirq suspend of devices complete after 2.008 msecs
[   10.037106] Disabling non-boot CPUs ...
[   10.037919] CPU1: shutdown
[   10.061666] CPU2: shutdown
[   10.085938] IRQ16 no longer affine to CPU3
[   10.086311] CPU3: shutdown
[   10.100198] Entering suspend state LP1
[   10.100222] Enabling non-boot CPUs ...
[   10.125597] CPU1 is up
[   10.150816] CPU2 is up
[   10.176141] CPU3 is up
[   10.177407] PM: noirq resume of devices complete after 1.255 msecs
[   10.180051] PM: early resume of devices complete after 2.182 msecs
[   10.276078] PM: resume of devices complete after 96.010 msecs
[   10.344808] Restarting tasks ... done.
root@(none):/# 
root@(none):/# rtcwake -d rtc1 -m mem -s 3
rtcwake: assuming RTC uses UTC ...
rtcwake: wakeup from "mem" using /dev/rtc1 at Thu Jan  1 00:01:07 1970
[   10.865811] PM: Syncing filesystems ... done.
[   10.892798] Freezing user space processes ... (elapsed 0.001 seconds) done.
[   10.901192] Freezing remaining freezable tasks ... (elapsed 0.001 seconds) done.
[   10.910154] Suspending console(s) (use no_console_suspend to debug)
[   10.956438] PM: suspend of devices complete after 38.563 msecs
[   10.959081] PM: late suspend of devices complete after 2.628 msecs
[   10.961217] PM: noirq suspend of devices complete after 2.122 msecs
[   10.961221] Disabling non-boot CPUs ...
[   10.962076] CPU1: shutdown
[   10.986633] CPU2: shutdown
[   11.010891] IRQ16 no longer affine to CPU3
[   11.011264] CPU3: shutdown
[   11.025151] Entering suspend state LP1
[   11.025175] Enabling non-boot CPUs ...
[   11.050553] CPU1 is up
[   11.075759] CPU2 is up
[   11.101085] CPU3 is up
[   11.102367] PM: noirq resume of devices complete after 1.271 msecs
[   11.105276] PM: early resume of devices complete after 2.453 msecs
[   11.200965] PM: resume of devices complete after 95.672 msecs
[   11.269698] Restarting tasks ... done.
root@(none):/# 
root@(none):/# rtcwake -d rtc1 -m mem -s 3
rtcwake: assuming RTC uses UTC ...
rtcwake: wakeup from "mem" using /dev/rtc1 at Thu Jan  1 00:01:15 1970
[   11.788852] PM: Syncing filesystems ... done.
[   11.815833] Freezing user space processes ... (elapsed 0.001 seconds) done.
[   11.824221] Freezing remaining freezable tasks ... (elapsed 0.001 seconds) done.
[   11.833162] Suspending console(s) (use no_console_suspend to debug)
[   11.883351] PM: suspend of devices complete after 42.524 msecs
[   11.886047] PM: late suspend of devices complete after 2.679 msecs
[   11.887995] PM: noirq suspend of devices complete after 1.938 msecs
[   11.887999] Disabling non-boot CPUs ...
[   11.888823] CPU1: shutdown
[   11.911584] CPU2: shutdown
[   11.935852] IRQ16 no longer affine to CPU3
[   11.936225] CPU3: shutdown
[   11.950117] Entering suspend state LP1
[   11.950141] Enabling non-boot CPUs ...
[   11.975517] CPU1 is up
[   12.000738] CPU2 is up
[   12.026059] CPU3 is up
[   12.027321] PM: noirq resume of devices complete after 1.252 msecs
[   12.030258] PM: early resume of devices complete after 2.476 msecs
[   12.125927] PM: resume of devices complete after 95.652 msecs
[   12.194716] Restarting tasks ... done.
root@(none):/# 
root@(none):/# rtcwake -d rtc1 -m mem -s 3
rtcwake: assuming RTC uses UTC ...
rtcwake: wakeup from "mem" using /dev/rtc1 at Thu Jan  1 00:01:23 1970
[   12.716410] PM: Syncing filesystems ... done.
[   12.743381] Freezing user space processes ... (elapsed 0.001 seconds) done.
[   12.751761] Freezing remaining freezable tasks ... (elapsed 0.001 seconds) done.
[   12.760715] Suspending console(s) (use no_console_suspend to debug)
[   12.809257] PM: suspend of devices complete after 40.805 msecs
[   12.811694] PM: late suspend of devices complete after 2.419 msecs
[   12.813824] PM: noirq suspend of devices complete after 2.118 msecs
[   12.813828] Disabling non-boot CPUs ...
[   12.814332] IRQ16 no longer affine to CPU1
[   12.814721] CPU1: shutdown
[   12.841562] CPU2: shutdown
[   12.871133] CPU3: shutdown
[   12.885093] Entering suspend state LP1
[   12.885117] Enabling non-boot CPUs ...
[   12.910472] CPU1 is up
[   12.935673] CPU2 is up
[   12.961005] CPU3 is up
[   12.962259] PM: noirq resume of devices complete after 1.244 msecs
[   12.965277] PM: early resume of devices complete after 2.574 msecs
[   13.060913] PM: resume of devices complete after 95.619 msecs
[   13.129668] Restarting tasks ... done.
root@(none):/# 
root@(none):/# rtcwake -d rtc1 -m mem -s 3
rtcwake: assuming RTC uses UTC ...
rtcwake: wakeup from "mem" using /dev/rtc1 at Thu Jan  1 00:01:31 1970
[   13.650752] PM: Syncing filesystems ... done.
[   13.677677] Freezing user space processes ... (elapsed 0.001 seconds) done.
[   13.686078] Freezing remaining freezable tasks ... (elapsed 0.001 seconds) done.
[   13.695024] Suspending console(s) (use no_console_suspend to debug)
[   13.741941] PM: suspend of devices complete after 39.187 msecs
[   13.744430] PM: late suspend of devices complete after 2.473 msecs
[   13.746464] PM: noirq suspend of devices complete after 2.025 msecs
[   13.746468] Disabling non-boot CPUs ...
[   13.747325] CPU1: shutdown
[   13.771521] CPU2: shutdown
[   13.801083] CPU3: shutdown
[   13.815066] Entering suspend state LP1
[   13.815090] Enabling non-boot CPUs ...
[   13.840425] CPU1 is up
[   13.865646] CPU2 is up
[   13.890981] CPU3 is up
[   13.892237] PM: noirq resume of devices complete after 1.246 msecs
[   13.894578] PM: early resume of devices complete after 1.904 msecs
[   13.990878] PM: resume of devices complete after 96.282 msecs
[   14.055533] Restarting tasks ... done.
root@(none):/# 
root@(none):/# NVTB SYSTEM SUSPEND TEST COMPLETE
