
U-Boot SPL 2014.01-00219-gc4d376f (Feb 18 2014 - 19:57:32)


U-Boot 2014.01-00219-gc4d376f (Feb 18 2014 - 19:57:32)

TEGRA114
Board: NVIDIA Dalmore
I2C:   ready
DRAM:  2 GiB
MMC:   Tegra SD/MMC: 0, Tegra SD/MMC: 1
In:    serial
Out:   serial
Err:   serial
Net:   Net Initialization Skipped
No ethernet found.
Hit any key to stop autoboot:  2  0 
Tegra114 (Dalmore) # 
Tegra114 (Dalmore) # usb reset
(Re)start USB...
USB0:   USB EHCI 1.10
scanning bus 0 for devices... 2 USB Device(s) found
       scanning usb for storage devices... 0 Storage Device(s) found
       scanning usb for ethernet devices... 
Warning: asx0 using MAC address from net device
1 Ethernet Device(s) found
Tegra114 (Dalmore) # setenv bootargs 'ignore_loglevel console=ttyS0,115200n8 rw root=/dev/mmcblk0p1 rootwait gpt debug init=/bin/bash'
Tegra114 (Dalmore) # setenv ipaddr 192.168.100.100; setenv serverip 192.168.100.1; setenv tftpserverip 192.168.100.1
Tegra114 (Dalmore) # tftpboot 0x81000000 zImage.multi_v7_defconfig
Using asx0 device
TFTP from server 192.168.100.1; our IP address is 192.168.100.100
Filename 'zImage.multi_v7_defconfig'.
Load address: 0x81000000
Loading: *#################################################################
	 #################################################################
	 #################################################################
	 #################################################################
	 #################################################################
	 #################################################################
	 #########################
	 3.3 MiB/s
done
Bytes transferred = 6082800 (5cd0f0 hex)
Tegra114 (Dalmore) # tftpboot 0x82000000 tegra114-dalmore.dtb
Using asx0 device
TFTP from server 192.168.100.1; our IP address is 192.168.100.100
Filename 'tegra114-dalmore.dtb'.
Load address: 0x82000000
Loading: *###
	 3 MiB/s
done
Bytes transferred = 34638 (874e hex)
Tegra114 (Dalmore) # bootz 0x81000000 - 0x82000000
Kernel image @ 0x81000000 [ 0x000000 - 0x5cd0f0 ]
## Flattened Device Tree blob at 82000000
   Booting using the fdt blob at 0x82000000
   Loading Device Tree to 8fff4000, end 8ffff74d ... OK

Starting kernel ...

[    0.000000] Booting Linux on physical CPU 0x0
[    0.000000] Linux version 4.0.0-00776-g39a8804 (pwalmsley@sellafield) (gcc version 4.7.3 20130328 (prerelease) (crosstool-NG linaro-1.13.1-4.7-2013.04-20130415 - Linaro GCC 2013.04) ) #1 SMP Mon Apr 13 09:56:56 PDT 2015
[    0.000000] CPU: ARMv7 Processor [412fc0f2] revision 2 (ARMv7), cr=10c5387d
[    0.000000] CPU: PIPT / VIPT nonaliasing data cache, PIPT instruction cache
[    0.000000] Machine model: NVIDIA Tegra114 Dalmore evaluation board
[    0.000000] debug: ignoring loglevel setting.
[    0.000000] cma: Reserved 64 MiB at 0xfb800000
[    0.000000] Memory policy: Data cache writealloc
[    0.000000] On node 0 totalpages: 524032
[    0.000000] free_area_init_node: node 0, pgdat c0ec7880, node_mem_map ee7f8000
[    0.000000]   DMA zone: 1520 pages used for memmap
[    0.000000]   DMA zone: 0 pages reserved
[    0.000000]   DMA zone: 194560 pages, LIFO batch:31
[    0.000000]   HighMem zone: 329472 pages, LIFO batch:31
[    0.000000] PERCPU: Embedded 11 pages/cpu @ee7a7000 s12480 r8192 d24384 u45056
[    0.000000] pcpu-alloc: s12480 r8192 d24384 u45056 alloc=11*4096
[    0.000000] pcpu-alloc: [0] 0 [0] 1 [0] 2 [0] 3 
[    0.000000] Built 1 zonelists in Zone order, mobility grouping on.  Total pages: 522512
[    0.000000] Kernel command line: ignore_loglevel console=ttyS0,115200n8 rw root=/dev/mmcblk0p1 rootwait gpt debug init=/bin/bash
[    0.000000] PID hash table entries: 4096 (order: 2, 16384 bytes)
[    0.000000] Dentry cache hash table entries: 131072 (order: 7, 524288 bytes)
[    0.000000] Inode-cache hash table entries: 65536 (order: 6, 262144 bytes)
[    0.000000] Memory: 1999648K/2096128K available (7834K kernel code, 1013K rwdata, 3412K rodata, 796K init, 316K bss, 30944K reserved, 65536K cma-reserved, 1252352K highmem)
[    0.000000] Virtual kernel memory layout:
[    0.000000]     vector  : 0xffff0000 - 0xffff1000   (   4 kB)
[    0.000000]     fixmap  : 0xffc00000 - 0xfff00000   (3072 kB)
[    0.000000]     vmalloc : 0xf0000000 - 0xff000000   ( 240 MB)
[    0.000000]     lowmem  : 0xc0000000 - 0xef800000   ( 760 MB)
[    0.000000]     pkmap   : 0xbfe00000 - 0xc0000000   (   2 MB)
[    0.000000]     modules : 0xbf000000 - 0xbfe00000   (  14 MB)
[    0.000000]       .text : 0xc0208000 - 0xc0d04b40   (11251 kB)
[    0.000000]       .init : 0xc0d05000 - 0xc0dcc000   ( 796 kB)
[    0.000000]       .data : 0xc0dcc000 - 0xc0ec97a0   (1014 kB)
[    0.000000]        .bss : 0xc0ec97a0 - 0xc0f188a8   ( 317 kB)
[    0.000000] SLUB: HWalign=64, Order=0-3, MinObjects=0, CPUs=4, Nodes=1
[    0.000000] Hierarchical RCU implementation.
[    0.000000] 	Additional per-CPU info printed with stalls.
[    0.000000] 	RCU restricting CPUs from NR_CPUS=16 to nr_cpu_ids=4.
[    0.000000] RCU: Adjusting geometry for rcu_fanout_leaf=16, nr_cpu_ids=4
[    0.000000] NR_IRQS:16 nr_irqs:16 16
[    0.000000] L2C: failed to init: -19
[    0.000009] sched_clock: 32 bits at 1000kHz, resolution 1000ns, wraps every 2147483648000ns
[    0.000030] Switching to timer-based delay loop, resolution 1000ns
[    0.002675] Architected cp15 timer(s) running at 12.00MHz (virt).
[    0.002699] sched_clock: 56 bits at 12MHz, resolution 83ns, wraps every 2863311536128ns
[    0.002712] Switching to timer-based delay loop, resolution 83ns
[    0.003047] Console: colour dummy device 80x30
[    0.003070] Calibrating delay loop (skipped), value calculated using timer frequency.. 24.00 BogoMIPS (lpj=60000)
[    0.003085] pid_max: default: 32768 minimum: 301
[    0.003199] Mount-cache hash table entries: 2048 (order: 1, 8192 bytes)
[    0.003212] Mountpoint-cache hash table entries: 2048 (order: 1, 8192 bytes)
[    0.003824] CPU: Testing write buffer coherency: ok
[    0.004031] /cpus/cpu@0 missing clock-frequency property
[    0.004058] /cpus/cpu@1 missing clock-frequency property
[    0.004085] /cpus/cpu@2 missing clock-frequency property
[    0.004112] /cpus/cpu@3 missing clock-frequency property
[    0.004126] CPU0: thread -1, cpu 0, socket 0, mpidr 80000000
[    0.004173] Setting up static identity map for 0x809682c8 - 0x80968360
[    0.006265] Tegra Revision: A01 SKU: 0 CPU Process: 1 Core Process: 0
[    0.007338] CPU1: thread -1, cpu 1, socket 0, mpidr 80000001
[    0.007896] CPU2: thread -1, cpu 2, socket 0, mpidr 80000002
[    0.008423] CPU3: thread -1, cpu 3, socket 0, mpidr 80000003
[    0.008490] Brought up 4 CPUs
[    0.008511] SMP: Total of 4 processors activated (96.00 BogoMIPS).
[    0.008519] CPU: All CPU(s) started in SVC mode.
[    0.009062] devtmpfs: initialized
[    0.009936] VFP support v0.3: implementor 41 architecture 4 part 30 variant f rev 0
[    0.011986] pinctrl core: initialized pinctrl subsystem
[    0.023752] NET: Registered protocol family 16
[    0.025844] DMA: preallocated 256 KiB pool for atomic coherent allocations
[    0.042570] cpuidle: using governor ladder
[    0.057590] cpuidle: using governor menu
[    0.071675] No ATAGs?
[    0.071712] hw-breakpoint: found 5 (+1 reserved) breakpoint and 4 watchpoint registers.
[    0.071722] hw-breakpoint: maximum watchpoint size is 8 bytes.
[    0.074973] Serial: AMBA PL011 UART driver
[    0.101465] dvdd_ts: Failed to request enable GPIO61: -517
[    0.101591] reg-fixed-voltage regulators:regulator@1: Failed to register regulator: -517
[    0.101614] platform regulators:regulator@1: Driver reg-fixed-voltage requests probe deferral
[    0.101819] usb1_vbus: Failed to request enable GPIO108: -517
[    0.101932] reg-fixed-voltage regulators:regulator@3: Failed to register regulator: -517
[    0.101953] platform regulators:regulator@3: Driver reg-fixed-voltage requests probe deferral
[    0.102157] usb2_vbus: Failed to request enable GPIO86: -517
[    0.102268] reg-fixed-voltage regulators:regulator@4: Failed to register regulator: -517
[    0.102289] platform regulators:regulator@4: Driver reg-fixed-voltage requests probe deferral
[    0.102497] reg-fixed-voltage regulators:regulator@5: Failed to find supply vin
[    0.102609] reg-fixed-voltage regulators:regulator@5: Failed to register regulator: -517
[    0.102630] platform regulators:regulator@5: Driver reg-fixed-voltage requests probe deferral
[    0.102727] platform regulators:regulator@6: Driver reg-fixed-voltage requests probe deferral
[    0.102928] VDD_5V0_HDMI_CON: Failed to request enable GPIO81: -517
[    0.103038] reg-fixed-voltage regulators:regulator@7: Failed to register regulator: -517
[    0.103058] platform regulators:regulator@7: Driver reg-fixed-voltage requests probe deferral
[    0.105591] vgaarb: loaded
[    0.106308] SCSI subsystem initialized
[    0.106502] libata version 3.00 loaded.
[    0.106853] usbcore: registered new interface driver usbfs
[    0.106924] usbcore: registered new interface driver hub
[    0.106999] usbcore: registered new device driver usb
[    0.110492] tps65090 2-0048: No cache defaults, reading back from HW
[    0.112596] vdd-sys-5v0: supplied by vdd_ac_bat
[    0.113690] vdd-sys-3v3: supplied by vdd_ac_bat
[    0.114743] vdd-ao: supplied by vdd_ac_bat
[    0.115120] vdd-lcd-bl: supplied by vdd_ac_bat
[    0.115508] TPS65090_RAILSFET2: supplied by vdd_ac_bat
[    0.115881] vdd-modem-3v3: supplied by vdd-sys-3v3
[    0.116409] avdd-lcd: supplied by vdd-sys-3v3
[    0.116940] vdd-lvds: supplied by vdd-sys-3v3
[    0.117772] vdd-sd-slot: supplied by vdd-sys-3v3
[    0.118300] vdd-com-3v3: supplied by vdd-sys-3v3
[    0.118841] vdd-sby-5v0: supplied by vdd_ac_bat
[    0.119050] vdd-sby-3v3: supplied by vdd_ac_bat
[    0.119671] genirq: Setting trigger mode 8 for irq 341 failed (gic_set_type+0x0/0xa4)
[    0.119693] palmas 2-0058: Irq flag is 0x00000000
[    0.122892] palmas 2-0058: Muxing GPIO ff, PWM 0, LED 0
[    0.125623] vddio-ddr: supplied by vdd-ao
[    0.127204] vddio-1v8: supplied by vdd-ao
[    0.128961] vdd-core: supplied by vdd-sys-3v3
[    0.131645] avdd-pll: supplied by vdd-sys-3v3
[    0.133798] sdhci-vdd-sd-slot: ramp_delay not set
[    0.133982] sdhci-vdd-sd-slot: supplied by vdd-sys-3v3
[    0.135817] avdd-cam1: supplied by vdd-sys-3v3
[    0.136945] avdd-cam2: supplied by vdd-sys-3v3
[    0.138063] avdd-dsi-csi: supplied by vddio-1v8
[    0.139183] vpp-fuse: supplied by vdd-sys-3v3
[    0.140305] LDO5: supplied by vdd_ac_bat
[    0.141572] vdd-sensor-2v85: supplied by vdd-sys-3v3
[    0.142683] vdd-af-cam1: supplied by vdd-sys-3v3
[    0.147802] vdd-rtc: supplied by vdd-ao
[    0.152972] vddio-sdmmc-2: supplied by sdhci-vdd-sd-slot
[    0.154082] hvdd-usb: supplied by vdd-sys-5v0
[    0.157828] avdd-usb: supplied by vdd-sys-5v0
[    0.160961] media: Linux media interface: v0.10
[    0.161027] Linux video capture interface: v2.00
[    0.161077] pps_core: LinuxPPS API ver. 1 registered
[    0.161086] pps_core: Software ver. 5.3.6 - Copyright 2005-2007 Rodolfo Giometti <giometti@linux.it>
[    0.161115] PTP clock support registered
[    0.161362] EDAC MC: Ver: 3.0.0
[    0.162489] Advanced Linux Sound Architecture Driver Initialized.
[    0.163603] Switched to clocksource arch_sys_counter
[    0.174659] NET: Registered protocol family 2
[    0.175263] TCP established hash table entries: 8192 (order: 3, 32768 bytes)
[    0.175354] TCP bind hash table entries: 8192 (order: 4, 65536 bytes)
[    0.175541] TCP: Hash tables configured (established 8192 bind 8192)
[    0.175586] TCP: reno registered
[    0.175601] UDP hash table entries: 512 (order: 2, 16384 bytes)
[    0.175642] UDP-Lite hash table entries: 512 (order: 2, 16384 bytes)
[    0.175821] NET: Registered protocol family 1
[    0.176082] RPC: Registered named UNIX socket transport module.
[    0.176092] RPC: Registered udp transport module.
[    0.176100] RPC: Registered tcp transport module.
[    0.176108] RPC: Registered tcp NFSv4.1 backchannel transport module.
[    0.176127] PCI: CLS 0 bytes, default 64
[    0.178397] futex hash table entries: 1024 (order: 4, 65536 bytes)
[    0.190818] squashfs: version 4.0 (2009/01/31) Phillip Lougher
[    0.191749] NFS: Registering the id_resolver key type
[    0.191786] Key type id_resolver registered
[    0.191794] Key type id_legacy registered
[    0.191869] ntfs: driver 2.1.31 [Flags: R/O].
[    0.193008] bounce: pool size: 64 pages
[    0.193226] Block layer SCSI generic (bsg) driver version 0.4 loaded (major 248)
[    0.193243] io scheduler noop registered
[    0.193258] io scheduler deadline registered
[    0.193467] io scheduler cfq registered (default)
[    0.217196] tegra-apbdma 6000a000.dma: Tegra20 APB DMA driver register 32 channels
[    0.217895] tegra-pmc 7000e400.pmc: i2c-thermtrip node not found, emergency thermal reset disabled.
[    0.284025] Serial: 8250/16550 driver, 4 ports, IRQ sharing disabled
[    0.286318] SuperH (H)SCI(F) driver initialized
[    0.287043] msm_serial: driver initialized
[    0.287982] console [ttyS0] disabled
[    0.288019] 70006300.serial: ttyS0 at MMIO 0x70006300 (irq = 329, base_baud = 25500000) is a Tegra
[    1.254890] console [ttyS0] enabled
[    1.259194] STMicroelectronics ASC driver initialized
[    1.266263] [drm] Initialized drm 1.1.0 20060810
[    1.274213] tegra-hdmi 54280000.hdmi: failed to get HDMI regulator
[    1.280421] platform 54280000.hdmi: Driver tegra-hdmi requests probe deferral
[    1.295016] loop: module loaded
[    1.304008] m25p80 spi32766.0: w25q32dw (4096 Kbytes)
[    1.312401] CAN device driver interface
[    1.317355] igb: Intel(R) Gigabit Ethernet Network Driver - version 5.2.15-k
[    1.324408] igb: Copyright (c) 2007-2014 Intel Corporation.
[    1.332021] pegasus: v0.9.3 (2013/04/25), Pegasus/Pegasus II USB Ethernet driver
[    1.339473] usbcore: registered new interface driver pegasus
[    1.345210] usbcore: registered new interface driver asix
[    1.350665] usbcore: registered new interface driver ax88179_178a
[    1.356811] usbcore: registered new interface driver cdc_ether
[    1.362725] usbcore: registered new interface driver smsc75xx
[    1.368548] usbcore: registered new interface driver smsc95xx
[    1.374350] usbcore: registered new interface driver net1080
[    1.380067] usbcore: registered new interface driver cdc_subset
[    1.386041] usbcore: registered new interface driver zaurus
[    1.391707] usbcore: registered new interface driver cdc_ncm
[    1.398467] ehci_hcd: USB 2.0 'Enhanced' Host Controller (EHCI) Driver
[    1.405006] ehci-pci: EHCI PCI platform driver
[    1.409515] ehci-platform: EHCI generic platform driver
[    1.414944] ehci-omap: OMAP-EHCI Host Controller driver
[    1.420311] ehci-orion: EHCI orion driver
[    1.424470] SPEAr-ehci: EHCI SPEAr driver
[    1.428630] ehci-st: EHCI STMicroelectronics driver
[    1.433664] ehci-exynos: EHCI EXYNOS driver
[    1.437993] tegra-ehci: Tegra EHCI driver
[    1.442263] platform 7d008000.usb: Driver tegra-ehci requests probe deferral
[    1.449395] ohci_hcd: USB 1.1 'Open' Host Controller (OHCI) Driver
[    1.455597] ohci-pci: OHCI PCI platform driver
[    1.460104] ohci-platform: OHCI generic platform driver
[    1.465497] ohci-omap3: OHCI OMAP3 driver
[    1.469651] SPEAr-ohci: OHCI SPEAr driver
[    1.473809] ohci-st: OHCI STMicroelectronics driver
[    1.478907] usbcore: registered new interface driver usb-storage
[    1.485175] platform 7d008000.usb-phy: Driver tegra-phy requests probe deferral
[    1.494276] mousedev: PS/2 mouse device common for all mice
[    1.504855] palmas-rtc 7000d000.i2c:tps65913@58:rtc: rtc core: registered 7000d000.i2c:tps659 as rtc0
[    1.515815] tegra_rtc 7000e000.rtc: rtc core: registered 7000e000.rtc as rtc1
[    1.523004] tegra_rtc 7000e000.rtc: Tegra internal Real Time Clock
[    1.529755] i2c /dev entries driver
[    1.535713] usbcore: registered new interface driver uvcvideo
[    1.541473] USB Video Class driver (1.1.1)
[    1.545580] gspca_main: v2.14.0 registered
[    1.550363] sbs-battery 0-000b: sbs_probe: Failed to get device status
[    1.556907] sbs-battery: probe of 0-000b failed with error -121
[    1.570678] Driver 'mmcblk' needs updating - please use bus_type methods
[    1.577465] sdhci: Secure Digital Host Controller Interface driver
[    1.583648] sdhci: Copyright(c) Pierre Ossman
[    1.589201] Synopsys Designware Multimedia Card Interface Driver
[    1.596253] sdhci-pltfm: SDHCI platform and OF driver helper
[    1.602591] sdhci-tegra 78000400.sdhci: Got CD GPIO
[    1.607497] sdhci-tegra 78000400.sdhci: Got WP GPIO
[    1.613504] sdhci-tegra 78000400.sdhci: No vmmc regulator found
[    1.619437] sdhci-tegra 78000400.sdhci: No vqmmc regulator found
[    1.625445] mmc0: Invalid maximum block size, assuming 512 bytes
[    1.663733] mmc0: SDHCI controller on 78000400.sdhci [78000400.sdhci] using ADMA
[    1.671349] sdhci-tegra 78000600.sdhci: No vmmc regulator found
[    1.677282] sdhci-tegra 78000600.sdhci: No vqmmc regulator found
[    1.683291] mmc1: Invalid maximum block size, assuming 512 bytes
[    1.723623] mmc1: SDHCI controller on 78000600.sdhci [78000600.sdhci] using ADMA
[    1.736012] ledtrig-cpu: registered to indicate activity on CPUs
[    1.742279] usbcore: registered new interface driver usbhid
[    1.747869] usbhid: USB HID core driver
[    1.763227] usbcore: registered new interface driver snd-usb-audio
[    1.807563] mmc1: MAN_BKOPS_EN bit is not set
[    1.814881] mmc1: new high speed MMC card at address 0001
[    1.820641] mmcblk0: mmc1:0001 SEM32G 29.1 GiB 
[    1.825288] mmcblk0boot0: mmc1:0001 SEM32G partition 1 4.00 MiB
[    1.831322] mmcblk0boot1: mmc1:0001 SEM32G partition 2 4.00 MiB
[    1.837353] mmcblk0rpmb: mmc1:0001 SEM32G partition 3 4.00 MiB
[    1.845730]  mmcblk0: p1 p2 p3 p4 p5 p6 p7 p8
[    2.186379] tegra30-i2s 70080400.i2s: DMA channels sourced from device 70080000.ahub
[    2.202951] tegra-snd-rt5640 sound: rt5640-aif1 <-> 70080400.i2s mapping ok
[    2.213492] input: NVIDIA Tegra Dalmore Headphones as /devices/soc0/sound/sound/card0/input0
[    2.223320] TCP: cubic registered
[    2.226663] NET: Registered protocol family 17
[    2.231131] can: controller area network core (rev 20120528 abi 9)
[    2.237379] NET: Registered protocol family 29
[    2.241840] can: raw protocol (rev 20120528)
[    2.246124] can: broadcast manager protocol (rev 20120528 t)
[    2.251799] can: netlink gateway (rev 20130117) max_hops=1
[    2.257678] Key type dns_resolver registered
[    2.262589] ThumbEE CPU extension supported.
[    2.266883] Registering SWP/SWPB emulation handler
[    2.273864] usb1_vbus: supplied by vdd-sys-5v0
[    2.278950] usb2_vbus: supplied by vdd-sys-5v0
[    2.283984] vdd_hdmi_5v0: supplied by vdd-sys-5v0
[    2.290342] VDD_5V0_HDMI_CON: supplied by vdd-sys-5v0
[    2.299014] [drm] Supports vblank timestamp caching Rev 2 (21.10.2013).
[    2.305671] [drm] No driver support for vblank timestamp query.
[    2.369562] Console: switching to colour frame buffer device 240x75
[    2.397211] drm drm: fb0:  frame buffer device
[    2.401691] drm drm: registered panic notifier
[    2.418783] [drm] Initialized tegra 0.0.0 20120330 on minor 0
[    2.425577] platform 7d008000.usb: Driver tegra-ehci requests probe deferral
[    2.434903] tegra-ehci 7d008000.usb: EHCI Host Controller
[    2.440338] tegra-ehci 7d008000.usb: new USB bus registered, assigned bus number 1
[    2.448643] tegra-ehci 7d008000.usb: irq 339, io mem 0x7d008000
[    2.463759] tegra-ehci 7d008000.usb: USB 2.0 started, EHCI 1.10
[    2.470718] hub 1-0:1.0: USB hub found
[    2.474591] hub 1-0:1.0: 1 port detected
[    2.480398] input: gpio-keys as /devices/soc0/gpio-keys/input/input1
[    2.489043] palmas-rtc 7000d000.i2c:tps65913@58:rtc: setting system clock to 2000-09-18 12:20:35 UTC (969279635)
[    2.510427] vdd_cam_1v8_reg: disabling
[    2.514235] usb1_vbus: disabling
[    2.517490] dvdd_ts: disabling
[    2.523775] ALSA device list:
[    2.526750]   #0: NVIDIA Tegra Dalmore
[    2.531938] EXT4-fs (mmcblk0p1): mounting ext3 file system using the ext4 subsystem
[    2.557591] EXT4-fs (mmcblk0p1): recovery complete
[    2.562423] EXT4-fs (mmcblk0p1): mounted filesystem with ordered data mode. Opts: (null)
[    2.570559] VFS: Mounted root (ext3 filesystem) on device 179:1.
[    2.581366] devtmpfs: mounted
[    2.584986] Freeing unused kernel memory: 796K (c0d05000 - c0dcc000)
bash: cannot set terminal process group (-1): Inappropriate ioctl for device
bash: no job control in this shell
root@(none):/# [    2.788809] usb 1-1: new high-speed USB device number 2 using tegra-ehci
