] efi: UEFI not found.
[    0.000000] cma: Reserved 16 MiB at 0x00000000f5400000
[    0.000000] earlycon: uart0 at MMIO 0x0000000070006000 (options '115200n8')
[    0.000000] bootconsole [uart0] enabled
[    0.000000] NUMA: No NUMA configuration found
[    0.000000] NUMA: Faking a node at [mem 0x0000000000000000-0x000000013fffffff]
[    0.000000] NUMA: NODE_DATA [mem 0x13ff9f100-0x13ffa0bff]
[    0.000000] Zone ranges:
[    0.000000]   DMA      [mem 0x0000000080000000-0x00000000ffffffff]
[    0.000000]   Normal   [mem 0x0000000100000000-0x000000013fffffff]
[    0.000000] Movable zone start for each node
[    0.000000] Early memory node ranges
[    0.000000]   node   0: [mem 0x0000000080000000-0x00000000f65fffff]
[    0.000000]   node   0: [mem 0x0000000100000000-0x000000013fffffff]
[    0.000000] Initmem setup node 0 [mem 0x0000000080000000-0x000000013fffffff]
[    0.000000] psci: probing for conduit method from DT.
[    0.000000] psci: PSCIv1.0 detected in firmware.
[    0.000000] psci: Using standard PSCI v0.2 function IDs
[    0.000000] psci: MIGRATE_INFO_UP_CPU reported invalid physical ID (0x80000000)
[    0.000000] percpu: Embedded 26 pages/cpu @ffff8000bff34000 s67456 r8192 d30848 u106496
[    0.000000] Detected PIPT I-cache on CPU0
[    0.000000] CPU features: enabling workaround for ARM erratum 832075
[    0.000000] CPU features: enabling workaround for ARM erratum 834220
[    0.000000] Built 1 zonelists in Node order, mobility grouping on.  Total pages: 735336
[    0.000000] Policy zone: Normal
[    0.000000] Kernel command line: cros_secure vpr=0x08000000@0xf6800000 earlycon
[    0.000000] PID hash table entries: 4096 (order: 3, 32768 bytes)
[    0.000000] software IO TLB [mem 0xf1400000-0xf5400000] (64MB) mapped at [ffff800071400000-ffff8000753fffff]
[    0.000000] Memory: 2838112K/2988032K available (9084K kernel code, 1128K rwdata, 4444K rodata, 1088K init, 403K bss, 133536K reserved, 16384K cma-reserved)
[    0.000000] Virtual kernel memory layout:
[    0.000000]     modules : 0xffff000000000000 - 0xffff000008000000   (   128 MB)
[    0.000000]     vmalloc : 0xffff000008000000 - 0xffff7dffbfff0000   (129022 GB)
[    0.000000]       .text : 0xffff000008080000 - 0xffff000008960000   (  9088 KB)
[    0.000000]     .rodata : 0xffff000008960000 - 0xffff000008dc0000   (  4480 KB)
[    0.000000]       .init : 0xffff000008dc0000 - 0xffff000008ed0000   (  1088 KB)
[    0.000000]       .data : 0xffff000008ed0000 - 0xffff000008fea200   (  1129 KB)
[    0.000000]        .bss : 0xffff000008fea200 - 0xffff00000904f070   (   404 KB)
[    0.000000]     fixed   : 0xffff7dfffe7fd000 - 0xffff7dfffec00000   (  4108 KB)
[    0.000000]     PCI I/O : 0xffff7dfffee00000 - 0xffff7dffffe00000   (    16 MB)
[    0.000000]     vmemmap : 0xffff7e0000000000 - 0xffff800000000000   (  2048 GB maximum)
[    0.000000]               0xffff7e0000000000 - 0xffff7e0003000000   (    48 MB actual)
[    0.000000]     memory  : 0xffff800000000000 - 0xffff8000c0000000   (  3072 MB)
[    0.000000] SLUB: HWalign=64, Order=0-3, MinObjects=0, CPUs=4, Nodes=1
[    0.000000] Preemptible hierarchical RCU implementation.
[    0.000000] 	RCU restricting CPUs from NR_CPUS=64 to nr_cpu_ids=4.
[    0.000000] RCU: Adjusting geometry for rcu_fanout_leaf=16, nr_cpu_ids=4
[    0.000000] NR_IRQS: 64, nr_irqs: 64, preallocated irqs: 0
[    0.000000] GIC: Using split EOI/Deactivate mode
[    0.000000] /interrupt-controller@60004000: 192 interrupts forwarded to /interrupt-controller@50041000
[    0.000000] boot misc0 0x0: expected 0x80000
[    0.000000]  (comparison mask = 0x400ffffb)
[    0.000000] boot misc2 0x1f720005: expected 0x1f720f05
[    0.000000]  (comparison mask = 0xffffff17)
[    0.000000] PLL_C already enabled. Postponing set full defaults
[    0.000000] PLL_DP already enabled. Postponing set full defaults
[    0.000000] boot misc0 0x0: expected 0x20
[    0.000000]  (comparison mask = 0x7ffffff)
[    0.000000] boot misc1 0x90000000: expected 0xc0000000
[    0.000000]  (comparison mask = 0xf8000000)
[    0.000000] boot misc2 0x0: expected 0xf400f0da
[    0.000000]  (comparison mask = 0xffffffff)
[    0.000000] boot misc3 0x8ce: expected 0x2004f400
[    0.000000]  (comparison mask = 0xffffffff)
[    0.000000] boot misc1 0x0: expected 0x20
[    0.000000]  (comparison mask = 0xffffff)
[    0.000000] PLL_X already enabled. Postponing set full defaults
[    0.000000] arch_timer: cp15 timer(s) running at 19.20MHz (phys).
[    0.000000] clocksource: arch_sys_counter: mask: 0xffffffffffffff max_cycles: 0x46d987e47, max_idle_ns: 440795202767 ns
[    0.000002] sched_clock: 56 bits at 19MHz, resolution 52ns, wraps every 4398046511078ns
[    0.008354] Console: colour dummy device 80x25
[    0.012922] console [tty0] enabled
[    0.016416] bootconsole [uart0] disabled
[    0.000000] Booting Linux on physical CPU 0x0
[    0.000000] Linux version 4.13.0-rc4-304259-gaae4e7a (jonathanh@tamien) (gcc version 4.9.2 20140904 (prerelease) (crosstool-NG linaro-1.13.1-4.9-2014.09 - Linaro GCC 4.9-2014.09)) #1 SMP PREEMPT Sun Aug 6 19:09:36 PDT 2017
[    0.000000] Boot CPU: AArch64 Processor [411fd071]
[    0.000000] Machine model: Google Pixel C
[    0.000000] efi: Getting EFI parameters from FDT:
[    0.000000] efi: UEFI not found.
[    0.000000] cma: Reserved 16 MiB at 0x00000000f5400000
[    0.000000] earlycon: uart0 at MMIO 0x0000000070006000 (options '115200n8')
[    0.000000] bootconsole [uart0] enabled
[    0.000000] NUMA: No NUMA configuration found
[    0.000000] NUMA: Faking a node at [mem 0x0000000000000000-0x000000013fffffff]
[    0.000000] NUMA: NODE_DATA [mem 0x13ff9f100-0x13ffa0bff]
[    0.000000] Zone ranges:
[    0.000000]   DMA      [mem 0x0000000080000000-0x00000000ffffffff]
[    0.000000]   Normal   [mem 0x0000000100000000-0x000000013fffffff]
[    0.000000] Movable zone start for each node
[    0.000000] Early memory node ranges
[    0.000000]   node   0: [mem 0x0000000080000000-0x00000000f65fffff]
[    0.000000]   node   0: [mem 0x0000000100000000-0x000000013fffffff]
[    0.000000] Initmem setup node 0 [mem 0x0000000080000000-0x000000013fffffff]
[    0.000000] psci: probing for conduit method from DT.
[    0.000000] psci: PSCIv1.0 detected in firmware.
[    0.000000] psci: Using standard PSCI v0.2 function IDs
[    0.000000] psci: MIGRATE_INFO_UP_CPU reported invalid physical ID (0x80000000)
[    0.000000] percpu: Embedded 26 pages/cpu @ffff8000bff34000 s67456 r8192 d30848 u106496
[    0.000000] Detected PIPT I-cache on CPU0
[    0.000000] CPU features: enabling workaround for ARM erratum 832075
[    0.000000] CPU features: enabling workaround for ARM erratum 834220
[    0.000000] Built 1 zonelists in Node order, mobility grouping on.  Total pages: 735336
[    0.000000] Policy zone: Normal
[    0.000000] Kernel command line: cros_secure vpr=0x08000000@0xf6800000 earlycon
[    0.000000] PID hash table entries: 4096 (order: 3, 32768 bytes)
[    0.000000] software IO TLB [mem 0xf1400000-0xf5400000] (64MB) mapped at [ffff800071400000-ffff8000753fffff]
[    0.000000] Memory: 2838112K/2988032K available (9084K kernel code, 1128K rwdata, 4444K rodata, 1088K init, 403K bss, 133536K reserved, 16384K cma-reserved)
[    0.000000] Virtual kernel memory layout:
[    0.000000]     modules : 0xffff000000000000 - 0xffff000008000000   (   128 MB)
[    0.000000]     vmalloc : 0xffff000008000000 - 0xffff7dffbfff0000   (129022 GB)
[    0.000000]       .text : 0xffff000008080000 - 0xffff000008960000   (  9088 KB)
[    0.000000]     .rodata : 0xffff000008960000 - 0xffff000008dc0000   (  4480 KB)
[    0.000000]       .init : 0xffff000008dc0000 - 0xffff000008ed0000   (  1088 KB)
[    0.000000]       .data : 0xffff000008ed0000 - 0xffff000008fea200   (  1129 KB)
[    0.000000]        .bss : 0xffff000008fea200 - 0xffff00000904f070   (   404 KB)
[    0.000000]     fixed   : 0xffff7dfffe7fd000 - 0xffff7dfffec00000   (  4108 KB)
[    0.000000]     PCI I/O : 0xffff7dfffee00000 - 0xffff7dffffe00000   (    16 MB)
[    0.000000]     vmemmap : 0xffff7e0000000000 - 0xffff800000000000   (  2048 GB maximum)
[    0.000000]               0xffff7e0000000000 - 0xffff7e0003000000   (    48 MB actual)
[    0.000000]     memory  : 0xffff800000000000 - 0xffff8000c0000000   (  3072 MB)
[    0.000000] SLUB: HWalign=64, Order=0-3, MinObjects=0, CPUs=4, Nodes=1
[    0.000000] Preemptible hierarchical RCU implementation.
[    0.000000] 	RCU restricting CPUs from NR_CPUS=64 to nr_cpu_ids=4.
[    0.000000] RCU: Adjusting geometry for rcu_fanout_leaf=16, nr_cpu_ids=4
[    0.000000] NR_IRQS: 64, nr_irqs: 64, preallocated irqs: 0
[    0.000000] GIC: Using split EOI/Deactivate mode
[    0.000000] /interrupt-controller@60004000: 192 interrupts forwarded to /interrupt-controller@50041000
[    0.000000] boot misc0 0x0: expected 0x80000
[    0.000000]  (comparison mask = 0x400ffffb)
[    0.000000] boot misc2 0x1f720005: expected 0x1f720f05
[    0.000000]  (comparison mask = 0xffffff17)
[    0.000000] PLL_C already enabled. Postponing set full defaults
[    0.000000] PLL_DP already enabled. Postponing set full defaults
[    0.000000] boot misc0 0x0: expected 0x20
[    0.000000]  (comparison mask = 0x7ffffff)
[    0.000000] boot misc1 0x90000000: expected 0xc0000000
[    0.000000]  (comparison mask = 0xf8000000)
[    0.000000] boot misc2 0x0: expected 0xf400f0da
[    0.000000]  (comparison mask = 0xffffffff)
[    0.000000] boot misc3 0x8ce: expected 0x2004f400
[    0.000000]  (comparison mask = 0xffffffff)
[    0.000000] boot misc1 0x0: expected 0x20
[    0.000000]  (comparison mask = 0xffffff)
[    0.000000] PLL_X already enabled. Postponing set full defaults
[    0.000000] arch_timer: cp15 timer(s) running at 19.20MHz (phys).
[    0.000000] clocksource: arch_sys_counter: mask: 0xffffffffffffff max_cycles: 0x46d987e47, max_idle_ns: 440795202767 ns
[    0.000002] sched_clock: 56 bits at 19MHz, resolution 52ns, wraps every 4398046511078ns
[    0.008354] Console: colour dummy device 80x25
[    0.012922] console [tty0] enabled
[    0.016416] bootconsole [uart0] disabled
[    0.020477] Calibrating delay loop (skipped), value calculated using timer frequency.. 38.40 BogoMIPS (lpj=76800)
[    0.020492] pid_max: default: 32768 minimum: 301
[    0.020543] Security Framework initialized
[    0.022121] Dentry cache hash table entries: 524288 (order: 10, 4194304 bytes)
[    0.022918] Inode-cache hash table entries: 262144 (order: 9, 2097152 bytes)
[    0.022960] Mount-cache hash table entries: 8192 (order: 4, 65536 bytes)
[    0.022992] Mountpoint-cache hash table entries: 8192 (order: 4, 65536 bytes)
[    0.036499] ASID allocator initialised with 65536 entries
[    0.044492] Hierarchical SRCU implementation.
[    0.053283] Speedo Revision 4
[    0.053301] Tegra Revision: A02 SKU: 19 CPU Process: 0 SoC Process: 0
[    0.100637] EFI services will not be available.
[    0.108565] smp: Bringing up secondary CPUs ...
[    0.136689] Detected PIPT I-cache on CPU1
[    0.136718] CPU1: Booted secondary processor [411fd071]
[    0.164711] Detected PIPT I-cache on CPU2
[    0.164729] CPU2: Booted secondary processor [411fd071]
[    0.192742] Detected PIPT I-cache on CPU3
[    0.192760] CPU3: Booted secondary processor [411fd071]
[    0.192797] smp: Brought up 1 node, 4 CPUs
[    0.192829] SMP: Total of 4 processors activated.
[    0.192841] CPU features: detected feature: 32-bit EL0 Support
[    0.192948] CPU: All CPU(s) started at EL2
[    0.192969] alternatives: patching kernel code
[    0.195704] devtmpfs: initialized
[    0.200958] clocksource: jiffies: mask: 0xffffffff max_cycles: 0xffffffff, max_idle_ns: 7645041785100000 ns
[    0.201008] futex hash table entries: 1024 (order: 5, 131072 bytes)
[    0.201286] pinctrl core: initialized pinctrl subsystem
[    0.201426] random: fast init done
[    0.202406] DMI not present or invalid.
[    0.202607] NET: Registered protocol family 16
[    0.203776] cpuidle: using governor menu
[    0.204370] vdso: 2 pages (1 code @ ffff000008966000, 1 data @ ffff000008ed5000)
[    0.204394] hw-breakpoint: found 6 breakpoint and 4 watchpoint registers.
[    0.204953] DMA: preallocated 256 KiB pool for atomic allocations
[    0.206010] Serial: AMBA PL011 UART driver
[    0.221209] HugeTLB registered 2.00 MiB page size, pre-allocated 0 pages
[    0.221788] ACPI: Interpreter disabled.
[    0.222181] PPLCD_VDD: Failed to request enable GPIO172: -517
[    0.222199] reg-fixed-voltage regulators:regulator@1: Failed to register regulator: -517
[    0.222522] PP1800_LCDIO: Failed to request enable GPIO171: -517
[    0.222535] reg-fixed-voltage regulators:regulator@5: Failed to register regulator: -517
[    0.222589] PP1800_CAM: Failed to request enable GPIO83: -517
[    0.222602] reg-fixed-voltage regulators:regulator@6: Failed to register regulator: -517
[    0.222910] vgaarb: loaded
[    0.223064] SCSI subsystem initialized
[    0.223343] usbcore: registered new interface driver usbfs
[    0.223378] usbcore: registered new interface driver hub
[    0.223427] usbcore: registered new device driver usb
[    0.224316] tegra-i2c 7000d100.i2c: could not find pctldev for node /host1x@50000000/dpaux@545c0000/pinmux-i2c, deferring probe
[    0.224403] pps_core: LinuxPPS API ver. 1 registered
[    0.224414] pps_core: Software ver. 5.3.6 - Copyright 2005-2007 Rodolfo Giometti <giometti@linux.it>
[    0.224463] PTP clock support registered
[    0.224566] EDAC MC: Ver: 3.0.0
[    0.224756] dmi: Firmware registration failed.
[    0.225688] Advanced Linux Sound Architecture Driver Initialized.
[    0.226086] clocksource: Switched to clocksource arch_sys_counter
[    0.226168] VFS: Disk quotas dquot_6.6.0
[    0.226210] VFS: Dquot-cache hash table entries: 512 (order 0, 4096 bytes)
[    0.226339] pnp: PnP ACPI: disabled
[    0.230676] NET: Registered protocol family 2
[    0.231038] TCP established hash table entries: 32768 (order: 6, 262144 bytes)
[    0.231228] TCP bind hash table entries: 32768 (order: 7, 524288 bytes)
[    0.231422] TCP: Hash tables configured (established 32768 bind 32768)
[    0.231516] UDP hash table entries: 2048 (order: 4, 65536 bytes)
[    0.231558] UDP-Lite hash table entries: 2048 (order: 4, 65536 bytes)
[    0.231659] NET: Registered protocol family 1
[    0.231843] RPC: Registered named UNIX socket transport module.
[    0.231859] RPC: Registered udp transport module.
[    0.231869] RPC: Registered tcp transport module.
[    0.231878] RPC: Registered tcp NFSv4.1 backchannel transport module.
[    0.231982] Unpacking initramfs...
[    0.277500] Freeing initrd memory: 1280K
[    0.277850] kvm [1]: 8-bit VMID
[    0.277864] kvm [1]: IDMAP page: 8094f000
[    0.277875] kvm [1]: HYP VA range: 800000000000:ffffffffffff
[    0.278484] kvm [1]: Hyp mode initialized successfully
[    0.278529] kvm [1]: vgic-v2@50044000
[    0.278596] kvm [1]: vgic interrupt IRQ1
[    0.278613] kvm [1]: virtual timer IRQ4
[    0.279928] audit: initializing netlink subsys (disabled)
[    0.280002] audit: type=2000 audit(0.269:1): state=initialized audit_enabled=0 res=1
[    0.280134] workingset: timestamp_bits=44 max_order=20 bucket_order=0
[    0.283803] squashfs: version 4.0 (2009/01/31) Phillip Lougher
[    0.284193] NFS: Registering the id_resolver key type
[    0.284216] Key type id_resolver registered
[    0.284227] Key type id_legacy registered
[    0.284243] nfs4filelayout_init: NFSv4 File Layout Driver Registering...
[    0.284338] 9p: Installing v9fs 9p2000 file system support
[    0.285636] Block layer SCSI generic (bsg) driver version 0.4 loaded (major 247)
[    0.285655] io scheduler noop registered
[    0.285765] io scheduler cfq registered (default)
[    0.285777] io scheduler mq-deadline registered
[    0.285786] io scheduler kyber registered
[    0.287091]  usb3-0: usb3-0 supply vbus not found, using dummy regulator
[    0.295645] tegra-apbdma 60020000.dma: Tegra20 APB DMA driver register 32 channels
[    0.296702] tegra-pmc 7000e400.pmc: i2c-thermtrip node not found, emergency thermal reset disabled.
[    0.298894] Serial: 8250/16550 driver, 4 ports, IRQ sharing enabled
[    0.299952] 70006000.serial: ttyS0 at MMIO 0x70006000 (irq = 314, base_baud = 25500000) is a Tegra
[    1.304321] console [ttyS0] enabled
[    1.308129] SuperH (H)SCI(F) driver initialized
[    1.312877] msm_serial: driver initialized
[    1.317355] cacheinfo: Unable to detect cache hierarchy for CPU 0
[    1.326705] loop: module loaded
[    1.335178] cros-ec-i2c 0-001e: Chrome EC device registered
[    1.341385] max77620 1-003c: PMIC Version OTP:0x35 and ES:0x8
[    1.349653] max77620-sd0: supplied by regulator-dummy
[    1.355849] max77620-sd1: supplied by regulator-dummy
[    1.361983] max77620-sd2: supplied by regulator-dummy
[    1.368087] max77620-sd3: supplied by regulator-dummy
[    1.374214] max77620-ldo0: supplied by regulator-dummy
[    1.379845] max77620-ldo1: supplied by regulator-dummy
[    1.385002] PP1200_RCAM: Bringing 1050000uV into 1200000-1200000uV
[    1.391621] max77620-ldo2: supplied by regulator-dummy
[    1.397323] max77620-ldo3: supplied by regulator-dummy
[    1.402478] PP2800L_RCAM: Bringing 3100000uV into 2800000-2800000uV
[    1.409157] max77620-ldo4: supplied by regulator-dummy
[    1.414310] PP1100_SOC_RTC: Bringing 1000000uV into 850000-850000uV
[    1.421117] max77620-ldo5: supplied by regulator-dummy
[    1.426270] PP2800L_FCAM: Bringing 3100000uV into 2800000-2800000uV
[    1.432957] max77620-ldo6: supplied by regulator-dummy
[    1.438111] PP_LDO6: Bringing 2800000uV into 1800000-1800000uV
[    1.444371] max77620-ldo7: supplied by regulator-dummy
[    1.450106] max77620-ldo8: supplied by regulator-dummy
[    1.457304] hisi_sas: driver version v1.6
[    1.462907] libphy: Fixed MDIO Bus: probed
[    1.467298] tun: Universal TUN/TAP device driver, 1.6
[    1.472938] e1000e: Intel(R) PRO/1000 Network Driver - 3.2.6-k
[    1.478773] e1000e: Copyright(c) 1999 - 2015 Intel Corporation.
[    1.484718] igb: Intel(R) Gigabit Ethernet Network Driver - version 5.4.0-k
[    1.491674] igb: Copyright (c) 2007-2014 Intel Corporation.
[    1.497273] igbvf: Intel(R) Gigabit Virtual Function Network Driver - version 2.4.0-k
[    1.505100] igbvf: Copyright (c) 2009 - 2012 Intel Corporation.
[    1.511223] sky2: driver version 1.30
[    1.515163] VFIO - User Level meta-driver version: 0.3
[    1.521057] ehci_hcd: USB 2.0 'Enhanced' Host Controller (EHCI) Driver
[    1.527592] ehci-pci: EHCI PCI platform driver
[    1.532074] ehci-platform: EHCI generic platform driver
[    1.537372] ehci-orion: EHCI orion driver
[    1.541439] ehci-exynos: EHCI EXYNOS driver
[    1.545676] ehci-msm: Qualcomm On-Chip EHCI Host Controller
[    1.551294] ohci_hcd: USB 1.1 'Open' Host Controller (OHCI) Driver
[    1.557478] ohci-pci: OHCI PCI platform driver
[    1.561941] ohci-platform: OHCI generic platform driver
[    1.567228] ohci-exynos: OHCI EXYNOS driver
[    1.630729] tegra-xusb 70090000.usb: Firmware timestamp: 2015-08-10 09:47:54 UTC
[    1.638139] tegra-xusb 70090000.usb: xHCI Host Controller
[    1.643546] tegra-xusb 70090000.usb: new USB bus registered, assigned bus number 1
[    1.652100] tegra-xusb 70090000.usb: hcc params 0x0184f525 hci version 0x100 quirks 0x00010010
[    1.660734] tegra-xusb 70090000.usb: irq 320, io mem 0x70090000
[    1.667016] hub 1-0:1.0: USB hub found
[    1.670787] hub 1-0:1.0: 5 ports detected
[    1.675066] tegra-xusb 70090000.usb: xHCI Host Controller
[    1.680470] tegra-xusb 70090000.usb: new USB bus registered, assigned bus number 2
[    1.688082] usb usb2: We don't know the algorithms for LPM for this host, disabling LPM.
[    1.696425] hub 2-0:1.0: USB hub found
[    1.700192] hub 2-0:1.0: 4 ports detected
[    1.704636] usbcore: registered new interface driver usb-storage
[    1.838758] max77686-rtc max77620-rtc: rtc core: registered max77620-rtc as rtc0
[    1.846721] tegra_rtc 7000e000.rtc: rtc core: registered 7000e000.rtc as rtc1
[    1.853875] tegra_rtc 7000e000.rtc: Tegra internal Real Time Clock
[    1.860135] i2c /dev entries driver
[    1.865204] (NULL device *): hwmon_device_register() is deprecated. Please convert the driver to use hwmon_device_register_with_info().
[    1.877425] bq27xxx-battery 2-0055: support ver. 1.2.0 enabled
[    1.902324] sdhci: Secure Digital Host Controller Interface driver
[    1.908543] sdhci: Copyright(c) Pierre Ossman
[    1.913099] Synopsys Designware Multimedia Card Interface Driver
[    1.919567] sdhci-pltfm: SDHCI platform and OF driver helper
[    1.933499] mmc0: Unknown controller version (3). You may experience problems.
[    1.986120] mmc0: SDHCI controller on 700b0600.sdhci [700b0600.sdhci] using ADMA 64-bit
[    1.997911] ledtrig-cpu: registered to indicate activity on CPUs
[    2.004719] usbcore: registered new interface driver usbhid
[    2.010335] usbhid: USB HID core driver
[    2.015490] NET: Registered protocol family 17
[    2.020004] 9pnet: Installing 9P2000 support
[    2.024373] Key type dns_resolver registered
[    2.032130] registered taskstats version 1
[    2.041765] tegra-i2c 7000d100.i2c: could not find pctldev for node /host1x@50000000/dpaux@545c0000/pinmux-i2c, deferring probe
[    2.054366] input: gpio-keys as /devices/platform/gpio-keys/input/input0
[    2.061322] tegra-i2c 7000d100.i2c: could not find pctldev for node /host1x@50000000/dpaux@545c0000/pinmux-i2c, deferring probe
[    2.087130] mmc0: new high speed MMC card at address 0001
[    2.092735] mmcblk0: mmc0:0001 BGND3R 29.1 GiB 
[    2.097344] mmcblk0boot0: mmc0:0001 BGND3R partition 1 4.00 MiB
[    2.103344] mmcblk0boot1: mmc0:0001 BGND3R partition 2 4.00 MiB
[    2.109263] max77686-rtc max77620-rtc: setting system clock to 2001-05-18 07:34:43 UTC (990171283)
[    2.109334] mmcblk0rpmb: mmc0:0001 BGND3R partition 3 4.00 MiB
[    2.124578] PP1200_AVDD: disabling
[    2.128064] PP1200_RCAM: disabling
[    2.131542] PP2800L_RCAM: disabling
[    2.135116] PP2800L_FCAM: disabling
[    2.138683] PP_LDO6: disabling
[    2.141810] PPLCD_VDD: disabling
[    2.145049] PP1800_LCDIO: disabling
[    2.145116]  mmcblk0: p1 p2 p3 p4 p5 p6 p7 p8 p9 p10 p11
[    2.146773] tegra-i2c 7000d100.i2c: could not find pctldev for node /host1x@50000000/dpaux@545c0000/pinmux-i2c, deferring probe
[    2.165313] PP1800_CAM: disabling
[    2.168628] ALSA device list:
[    2.171596]   No soundcards found.
[    2.175536] Freeing unused kernel memory: 1088K

System initialization...

Mounting /proc :[SUCCESS]
Mounting /sys :[SUCCESS]
Mounting /dev :[SUCCESS]
Mounting /dev/pts :[SUCCESS]
Mounting /sys/kernel/debug :[SUCCESS]
Mounting other filesystems :[SUCCESS]
Enabling hot-plug :[SUCCESS]
Populating /dev :[SUCCESS]
Starting syslogd :[SUCCESS]
Starting telnetd :[SUCCESS]

System initialization complete.

Please press Enter to activate this console. 