
U-Boot SPL 2014.01-00219-gc4d376f (Feb 18 2014 - 19:57:32)


U-Boot 2014.01-00219-gc4d376f (Feb 18 2014 - 19:57:32)

TEGRA114
Board: NVIDIA Dalmore
I2C:   ready
DRAM:  2 GiB
MMC:   Tegra SD/MMC: 0, Tegra SD/MMC: 1
In:    serial
Out:   serial
Err:   serial
Net:   Net Initialization Skipped
No ethernet found.
Hit any key to stop autoboot:  2  0 
Tegra114 (Dalmore) # 
Tegra114 (Dalmore) # usb reset
(Re)start USB...
USB0:   USB EHCI 1.10
scanning bus 0 for devices... 2 USB Device(s) found
       scanning usb for storage devices... 0 Storage Device(s) found
       scanning usb for ethernet devices... 
Warning: asx0 using MAC address from net device
1 Ethernet Device(s) found
Tegra114 (Dalmore) # setenv bootargs 'ignore_loglevel console=ttyS0,115200n8 rw root=PARTUUID=7369c667-ff51-ec4a-29cd-baabf2fbe346 rootwait gpt debug earlyprintk init=/bin/bash'
Tegra114 (Dalmore) # setenv ipaddr 192.168.100.100; setenv serverip 192.168.100.1; setenv tftpserverip 192.168.100.1
Tegra114 (Dalmore) # tftpboot 0x81000000 zImage.multi_v7_defconfig
Using asx0 device
TFTP from server 192.168.100.1; our IP address is 192.168.100.100
Filename 'zImage.multi_v7_defconfig'.
Load address: 0x81000000
Loading: *#################################################################
	 #################################################################
	 #################################################################
	 #################################################################
	 #################################################################
	 #################################################################
	 #################################################################
	 #######################################
	 2.8 MiB/s
done
Bytes transferred = 7240744 (6e7c28 hex)
Tegra114 (Dalmore) # tftpboot 0x82000000 tegra114-dalmore.dtb
Using asx0 device
TFTP from server 192.168.100.1; our IP address is 192.168.100.100
Filename 'tegra114-dalmore.dtb'.
Load address: 0x82000000
Loading: *###
	 2.6 MiB/s
done
Bytes transferred = 34956 (888c hex)
Tegra114 (Dalmore) # bootz 0x81000000 - 0x82000000
Kernel image @ 0x81000000 [ 0x000000 - 0x6e7c28 ]
## Flattened Device Tree blob at 82000000
   Booting using the fdt blob at 0x82000000
   Loading Device Tree to 8fff4000, end 8ffff88b ... OK

Starting kernel ...

[    0.000000] Booting Linux on physical CPU 0x0
[    0.000000] Linux version 4.7.0-rc6-96657-ga99cde4 (pwalmsley@sellafield) (gcc version 4.7.3 20130328 (prerelease) (crosstool-NG linaro-1.13.1-4.7-2013.04-20130415 - Linaro GCC 2013.04) ) #1 SMP Sun Jul 3 23:34:53 PDT 2016
[    0.000000] CPU: ARMv7 Processor [412fc0f2] revision 2 (ARMv7), cr=10c5387d
[    0.000000] CPU: div instructions available: patching division code
[    0.000000] CPU: PIPT / VIPT nonaliasing data cache, PIPT instruction cache
[    0.000000] Machine model: NVIDIA Tegra114 Dalmore evaluation board
[    0.000000] debug: ignoring loglevel setting.
[    0.000000] cma: Reserved 64 MiB at 0xfb800000
[    0.000000] Memory policy: Data cache writealloc
[    0.000000] On node 0 totalpages: 524032
[    0.000000] free_area_init_node: node 0, pgdat c141bb00, node_mem_map eeff8000
[    0.000000]   DMA zone: 1536 pages used for memmap
[    0.000000]   DMA zone: 0 pages reserved
[    0.000000]   DMA zone: 196608 pages, LIFO batch:31
[    0.000000]   HighMem zone: 327424 pages, LIFO batch:31
[    0.000000] percpu: Embedded 13 pages/cpu @eef9f000 s23808 r8192 d21248 u53248
[    0.000000] pcpu-alloc: s23808 r8192 d21248 u53248 alloc=13*4096
[    0.000000] pcpu-alloc: [0] 0 [0] 1 [0] 2 [0] 3 
[    0.000000] Built 1 zonelists in Zone order, mobility grouping on.  Total pages: 522496
[    0.000000] Kernel command line: ignore_loglevel console=ttyS0,115200n8 rw root=PARTUUID=7369c667-ff51-ec4a-29cd-baabf2fbe346 rootwait gpt debug earlyprintk init=/bin/bash
[    0.000000] PID hash table entries: 4096 (order: 2, 16384 bytes)
[    0.000000] Dentry cache hash table entries: 131072 (order: 7, 524288 bytes)
[    0.000000] Inode-cache hash table entries: 65536 (order: 6, 262144 bytes)
[    0.000000] Memory: 1995116K/2096128K available (9529K kernel code, 1142K rwdata, 4476K rodata, 2048K init, 343K bss, 35476K reserved, 65536K cma-reserved, 1244160K highmem)
[    0.000000] Virtual kernel memory layout:
[    0.000000]     vector  : 0xffff0000 - 0xffff1000   (   4 kB)
[    0.000000]     fixmap  : 0xffc00000 - 0xfff00000   (3072 kB)
[    0.000000]     vmalloc : 0xf0800000 - 0xff800000   ( 240 MB)
[    0.000000]     lowmem  : 0xc0000000 - 0xf0000000   ( 768 MB)
[    0.000000]     pkmap   : 0xbfe00000 - 0xc0000000   (   2 MB)
[    0.000000]     modules : 0xbf000000 - 0xbfe00000   (  14 MB)
[    0.000000]       .text : 0xc0208000 - 0xc10ad560   (14998 kB)
[    0.000000]       .init : 0xc1100000 - 0xc1300000   (2048 kB)
[    0.000000]       .data : 0xc1300000 - 0xc141db60   (1143 kB)
[    0.000000]        .bss : 0xc141f000 - 0xc1474ce0   ( 344 kB)
[    0.000000] SLUB: HWalign=64, Order=0-3, MinObjects=0, CPUs=4, Nodes=1
[    0.000000] Hierarchical RCU implementation.
[    0.000000] 	Build-time adjustment of leaf fanout to 32.
[    0.000000] 	RCU restricting CPUs from NR_CPUS=16 to nr_cpu_ids=4.
[    0.000000] RCU: Adjusting geometry for rcu_fanout_leaf=32, nr_cpu_ids=4
[    0.000000] NR_IRQS:16 nr_irqs:16 16
[    0.000000] /interrupt-controller@60004000: 160 interrupts forwarded to /interrupt-controller@50041000
[    0.000000] Tegra clk 127: register failed with -17
[    0.000007] sched_clock: 32 bits at 1000kHz, resolution 1000ns, wraps every 2147483647500ns
[    0.000027] clocksource: timer_us: mask: 0xffffffff max_cycles: 0xffffffff, max_idle_ns: 1911260446275 ns
[    0.000041] Switching to timer-based delay loop, resolution 1000ns
[    0.003142] Architected cp15 timer(s) running at 12.00MHz (virt).
[    0.003160] clocksource: arch_sys_counter: mask: 0xffffffffffffff max_cycles: 0x2c47f4ee7, max_idle_ns: 440795202497 ns
[    0.003178] sched_clock: 56 bits at 12MHz, resolution 83ns, wraps every 4398046511096ns
[    0.003191] Switching to timer-based delay loop, resolution 83ns
[    0.003572] Console: colour dummy device 80x30
[    0.003598] Calibrating delay loop (skipped), value calculated using timer frequency.. 24.00 BogoMIPS (lpj=60000)
[    0.003614] pid_max: default: 32768 minimum: 301
[    0.003708] Mount-cache hash table entries: 2048 (order: 1, 8192 bytes)
[    0.003720] Mountpoint-cache hash table entries: 2048 (order: 1, 8192 bytes)
[    0.004344] CPU: Testing write buffer coherency: ok
[    0.004556] /cpus/cpu@0 missing clock-frequency property
[    0.004586] /cpus/cpu@1 missing clock-frequency property
[    0.004616] /cpus/cpu@2 missing clock-frequency property
[    0.004647] /cpus/cpu@3 missing clock-frequency property
[    0.004659] CPU0: thread -1, cpu 0, socket 0, mpidr 80000000
[    0.004682] Setting up static identity map for 0x80300000 - 0x80300098
[    0.007215] Tegra Revision: A01 SKU: 0 CPU Process: 1 SoC Process: 0
[    0.008645] CPU1: thread -1, cpu 1, socket 0, mpidr 80000001
[    0.009358] CPU2: thread -1, cpu 2, socket 0, mpidr 80000002
[    0.010052] CPU3: thread -1, cpu 3, socket 0, mpidr 80000003
[    0.010138] Brought up 4 CPUs
[    0.010158] SMP: Total of 4 processors activated (96.00 BogoMIPS).
[    0.010166] CPU: All CPU(s) started in SVC mode.
[    0.011642] devtmpfs: initialized
[    0.022354] VFP support v0.3: implementor 41 architecture 4 part 30 variant f rev 0
[    0.022880] clocksource: jiffies: mask: 0xffffffff max_cycles: 0xffffffff, max_idle_ns: 9556302231375000 ns
[    0.024302] pinctrl core: initialized pinctrl subsystem
[    0.025894] NET: Registered protocol family 16
[    0.027910] DMA: preallocated 256 KiB pool for atomic coherent allocations
[    0.043231] cpuidle: using governor menu
[    0.058914] No ATAGs?
[    0.058943] hw-breakpoint: found 5 (+1 reserved) breakpoint and 4 watchpoint registers.
[    0.058954] hw-breakpoint: maximum watchpoint size is 8 bytes.
[    0.064038] Serial: AMBA PL011 UART driver
[    0.065400] tegra-mc 70019000.memory-controller: no memory timings for RAM code 3 registered
[    0.092649] dvdd_ts: Failed to request enable GPIO61: -517
[    0.092666] reg-fixed-voltage regulators:regulator@1: Failed to register regulator: -517
[    0.092763] usb1_vbus: Failed to request enable GPIO108: -517
[    0.092777] reg-fixed-voltage regulators:regulator@3: Failed to register regulator: -517
[    0.092871] usb2_vbus: Failed to request enable GPIO86: -517
[    0.092884] reg-fixed-voltage regulators:regulator@4: Failed to register regulator: -517
[    0.093308] VDD_5V0_HDMI_CON: Failed to request enable GPIO81: -517
[    0.093321] reg-fixed-voltage regulators:regulator@7: Failed to register regulator: -517
[    0.096081] vgaarb: loaded
[    0.096879] SCSI subsystem initialized
[    0.097045] libata version 3.00 loaded.
[    0.097342] usbcore: registered new interface driver usbfs
[    0.097416] usbcore: registered new interface driver hub
[    0.097494] usbcore: registered new device driver usb
[    0.101143] tps65090 2-0048: No cache defaults, reading back from HW
[    0.103055] TPS65090_RAILSDCDC1: supplied by vdd_ac_bat
[    0.103596] vdd_hdmi_5v0: supplied by vdd-sys-5v0
[    0.104354] TPS65090_RAILSDCDC2: supplied by vdd_ac_bat
[    0.105433] TPS65090_RAILSDCDC3: supplied by vdd_ac_bat
[    0.105973] TPS65090_RAILSFET1: supplied by vdd_ac_bat
[    0.106359] TPS65090_RAILSFET2: supplied by vdd_ac_bat
[    0.106732] TPS65090_RAILSFET3: supplied by vdd-sys-3v3
[    0.107263] TPS65090_RAILSFET4: supplied by vdd-sys-3v3
[    0.107806] TPS65090_RAILSFET5: supplied by vdd-sys-3v3
[    0.108331] TPS65090_RAILSFET6: supplied by vdd-sys-3v3
[    0.109170] TPS65090_RAILSFET7: supplied by vdd-sys-3v3
[    0.109727] TPS65090_RAILSLDO1: supplied by vdd_ac_bat
[    0.109945] TPS65090_RAILSLDO2: supplied by vdd_ac_bat
[    0.110785] genirq: Setting trigger mode 8 for irq 341 failed (irq_chip_set_type_parent+0x0/0x28)
[    0.110808] palmas 2-0058: Irq flag is 0x00000000
[    0.113995] palmas 2-0058: Muxing GPIO ff, PWM 0, LED 0
[    0.116571] SMPS12: supplied by vdd-ao
[    0.118199] SMPS3: supplied by vdd-ao
[    0.119955] SMPS457: supplied by vdd-sys-3v3
[    0.122869] SMPS8: supplied by vdd-sys-3v3
[    0.124502] SMPS9: supplied by vdd-sys-3v3
[    0.125011] sdhci-vdd-sd-slot: Bringing 2840000uV into 2800000-2800000uV
[    0.125744] sdhci-vdd-sd-slot: ramp_delay not set
[    0.127760] LDO1: supplied by vdd-sys-3v3
[    0.128967] LDO2: supplied by vdd-sys-3v3
[    0.130168] LDO3: supplied by vddio-1v8
[    0.131382] LDO4: supplied by vdd-sys-3v3
[    0.132589] LDO5: supplied by vdd_ac_bat
[    0.133364] LDO6: supplied by vdd-sys-3v3
[    0.133885] vdd-sensor-2v85: Bringing 2900000uV into 2850000-2850000uV
[    0.135172] LDO7: supplied by vdd-sys-3v3
[    0.136900] LDO8: supplied by vdd-ao
[    0.137410] vdd-rtc: Bringing 675000uV into 900000-900000uV
[    0.139229] LDO9: supplied by sdhci-vdd-sd-slot
[    0.144535] LDOLN: supplied by vdd-sys-5v0
[    0.145765] LDOUSB: supplied by vdd-sys-5v0
[    0.152465] pps_core: LinuxPPS API ver. 1 registered
[    0.152475] pps_core: Software ver. 5.3.6 - Copyright 2005-2007 Rodolfo Giometti <giometti@linux.it>
[    0.152499] PTP clock support registered
[    0.152701] EDAC MC: Ver: 3.0.0
[    0.155141] clocksource: Switched to clocksource arch_sys_counter
[    0.165836] NET: Registered protocol family 2
[    0.166364] TCP established hash table entries: 8192 (order: 3, 32768 bytes)
[    0.166464] TCP bind hash table entries: 8192 (order: 4, 65536 bytes)
[    0.166651] TCP: Hash tables configured (established 8192 bind 8192)
[    0.166705] UDP hash table entries: 512 (order: 2, 16384 bytes)
[    0.166747] UDP-Lite hash table entries: 512 (order: 2, 16384 bytes)
[    0.166906] NET: Registered protocol family 1
[    0.167149] RPC: Registered named UNIX socket transport module.
[    0.167158] RPC: Registered udp transport module.
[    0.167166] RPC: Registered tcp transport module.
[    0.167174] RPC: Registered tcp NFSv4.1 backchannel transport module.
[    0.167185] PCI: CLS 0 bytes, default 64
[    0.169344] futex hash table entries: 1024 (order: 4, 65536 bytes)
[    0.169840] workingset: timestamp_bits=28 max_order=19 bucket_order=0
[    0.181637] squashfs: version 4.0 (2009/01/31) Phillip Lougher
[    0.182523] NFS: Registering the id_resolver key type
[    0.182552] Key type id_resolver registered
[    0.182561] Key type id_legacy registered
[    0.182606] ntfs: driver 2.1.32 [Flags: R/O].
[    0.183959] bounce: pool size: 64 pages
[    0.184184] Block layer SCSI generic (bsg) driver version 0.4 loaded (major 248)
[    0.184195] io scheduler noop registered
[    0.184203] io scheduler deadline registered
[    0.184237] io scheduler cfq registered (default)
[    0.213181] tegra-apbdma 6000a000.dma: Tegra20 APB DMA driver register 32 channels
[    0.215055] tegra-pmc 7000e400.pmc: i2c-thermtrip node not found, emergency thermal reset disabled.
[    0.281033] Serial: 8250/16550 driver, 4 ports, IRQ sharing disabled
[    0.284082] console [ttyS0] disabled
[    0.284120] 70006300.serial: ttyS0 at MMIO 0x70006300 (irq = 329, base_baud = 25500000) is a Tegra
[    1.246091] console [ttyS0] enabled
[    1.250380] SuperH (H)SCI(F) driver initialized
[    1.255878] msm_serial: driver initialized
[    1.260174] STMicroelectronics ASC driver initialized
[    1.268851] [drm] Initialized drm 1.1.0 20060810
[    1.276844] tegra-hdmi 54280000.hdmi: failed to get HDMI regulator
[    1.298799] brd: module loaded
[    1.308129] loop: module loaded
[    1.327775] m25p80 spi32766.0: w25q32dw (4096 Kbytes)
[    1.336404] libphy: Fixed MDIO Bus: probed
[    1.341214] CAN device driver interface
[    1.346925] igb: Intel(R) Gigabit Ethernet Network Driver - version 5.3.0-k
[    1.353894] igb: Copyright (c) 2007-2014 Intel Corporation.
[    1.362580] pegasus: v0.9.3 (2013/04/25), Pegasus/Pegasus II USB Ethernet driver
[    1.370037] usbcore: registered new interface driver pegasus
[    1.375767] usbcore: registered new interface driver asix
[    1.381218] usbcore: registered new interface driver ax88179_178a
[    1.387364] usbcore: registered new interface driver cdc_ether
[    1.393266] usbcore: registered new interface driver smsc75xx
[    1.399087] usbcore: registered new interface driver smsc95xx
[    1.404883] usbcore: registered new interface driver net1080
[    1.410594] usbcore: registered new interface driver cdc_subset
[    1.416563] usbcore: registered new interface driver zaurus
[    1.422216] usbcore: registered new interface driver cdc_ncm
[    1.429974] ehci_hcd: USB 2.0 'Enhanced' Host Controller (EHCI) Driver
[    1.436514] ehci-pci: EHCI PCI platform driver
[    1.441014] ehci-platform: EHCI generic platform driver
[    1.446448] ehci-omap: OMAP-EHCI Host Controller driver
[    1.451821] ehci-orion: EHCI orion driver
[    1.455980] SPEAr-ehci: EHCI SPEAr driver
[    1.460141] ehci-st: EHCI STMicroelectronics driver
[    1.465168] ehci-exynos: EHCI EXYNOS driver
[    1.469499] ehci-atmel: EHCI Atmel driver
[    1.473656] tegra-ehci: Tegra EHCI driver
[    1.477986] ohci_hcd: USB 1.1 'Open' Host Controller (OHCI) Driver
[    1.484189] ohci-pci: OHCI PCI platform driver
[    1.488689] ohci-platform: OHCI generic platform driver
[    1.494079] ohci-omap3: OHCI OMAP3 driver
[    1.498236] SPEAr-ohci: OHCI SPEAr driver
[    1.502397] ohci-st: OHCI STMicroelectronics driver
[    1.507430] ohci-atmel: OHCI Atmel driver
[    1.512171] usbcore: registered new interface driver usb-storage
[    1.519803] mousedev: PS/2 mouse device common for all mice
[    1.530348] palmas-rtc 7000d000.i2c:tps65913@58:rtc: rtc core: registered 7000d000.i2c:tps659 as rtc0
[    1.541475] tegra_rtc 7000e000.rtc: rtc core: registered 7000e000.rtc as rtc1
[    1.548670] tegra_rtc 7000e000.rtc: Tegra internal Real Time Clock
[    1.555439] i2c /dev entries driver
[    1.563163] sbs-battery 0-000b: sbs_probe: Failed to get device status
[    1.569717] sbs-battery: probe of 0-000b failed with error -121
[    1.587698] sdhci: Secure Digital Host Controller Interface driver
[    1.593892] sdhci: Copyright(c) Pierre Ossman
[    1.599754] Synopsys Designware Multimedia Card Interface Driver
[    1.606839] sdhci-pltfm: SDHCI platform and OF driver helper
[    1.613256] sdhci-tegra 78000400.sdhci: Got CD GPIO
[    1.618166] sdhci-tegra 78000400.sdhci: Got WP GPIO
[    1.624269] mmc0: Invalid maximum block size, assuming 512 bytes
[    1.665281] mmc0: SDHCI controller on 78000400.sdhci [78000400.sdhci] using ADMA
[    1.672989] mmc1: Invalid maximum block size, assuming 512 bytes
[    1.715161] mmc1: SDHCI controller on 78000600.sdhci [78000600.sdhci] using ADMA
[    1.724097] ledtrig-cpu: registered to indicate activity on CPUs
[    1.730463] usbcore: registered new interface driver usbhid
[    1.736046] usbhid: USB HID core driver
[    1.745701] NET: Registered protocol family 10
[    1.750933] sit: IPv6 over IPv4 tunneling driver
[    1.756258] NET: Registered protocol family 17
[    1.760729] can: controller area network core (rev 20120528 abi 9)
[    1.766983] NET: Registered protocol family 29
[    1.771439] can: raw protocol (rev 20120528)
[    1.775719] can: broadcast manager protocol (rev 20120528 t)
[    1.781396] can: netlink gateway (rev 20130117) max_hops=1
[    1.787282] Key type dns_resolver registered
[    1.792211] ThumbEE CPU extension supported.
[    1.796504] Registering SWP/SWPB emulation handler
[    1.803581] usb1_vbus: supplied by vdd-sys-5v0
[    1.810310] usb2_vbus: supplied by vdd-sys-5v0
[    1.818928] VDD_5V0_HDMI_CON: supplied by vdd-sys-5v0
[    1.833898] [drm] Supports vblank timestamp caching Rev 2 (21.10.2013).
[    1.840579] [drm] No driver support for vblank timestamp query.
[    1.841179] mmc0: new high speed SDHC card at address aaaa
[    1.844278] mmcblk0: mmc0:aaaa SL16G 14.8 GiB 
[    1.865186]  mmcblk0: p1 p2 p3
[    1.878278] mmc1: new high speed MMC card at address 0001
[    1.879252] mmcblk1: mmc1:0001 SEM32G 29.1 GiB 
[    1.880108] mmcblk1boot0: mmc1:0001 SEM32G partition 1 4.00 MiB
[    1.880988] mmcblk1boot1: mmc1:0001 SEM32G partition 2 4.00 MiB
[    1.881622] mmcblk1rpmb: mmc1:0001 SEM32G partition 3 4.00 MiB
[    1.886163]  mmcblk1: p1 p2 p3 p4 p5 p6 p7 p8
[    1.917266] Console: switching to colour frame buffer device 240x75
[    1.977064] drm drm: fb0:  frame buffer device
[    1.995250] [drm] Initialized tegra 0.0.0 20120330 on minor 0
[    2.006310] tegra-ehci 7d008000.usb: EHCI Host Controller
[    2.011781] tegra-ehci 7d008000.usb: new USB bus registered, assigned bus number 1
[    2.019759] tegra-ehci 7d008000.usb: irq 339, io mem 0x7d008000
[    2.035250] tegra-ehci 7d008000.usb: USB 2.0 started, EHCI 1.10
[    2.042424] hub 1-0:1.0: USB hub found
[    2.046287] hub 1-0:1.0: 1 port detected
[    2.051962] input: gpio-keys as /devices/soc0/gpio-keys/input/input0
[    2.060832] palmas-rtc 7000d000.i2c:tps65913@58:rtc: setting system clock to 2000-04-27 18:00:06 UTC (956858406)
[    2.086235] dvdd_ts: disabling
[    2.089293] usb1_vbus: disabling
[    2.092566] vdd_cam_1v8_reg: disabling
[    2.098150] EXT4-fs (mmcblk1p1): mounting ext3 file system using the ext4 subsystem
[    2.120450] EXT4-fs (mmcblk1p1): recovery complete
[    2.125284] EXT4-fs (mmcblk1p1): mounted filesystem with ordered data mode. Opts: (null)
[    2.133448] VFS: Mounted root (ext3 filesystem) on device 179:17.
[    2.144171] devtmpfs: mounted
[    2.149040] Freeing unused kernel memory: 2048K (c1100000 - c1300000)
bash: cannot set terminal process group (-1): Inappropriate ioctl for device
bash: no job control in this shell
root@(none):/# [    2.370270] usb 1-1: new high-speed USB device number 2 using tegra-ehci
mount -t sysfs none /sys
root@(none):/# 
root@(none):/# [    3.315857] asix 1-1:1.0 eth0: register 'asix' at usb-7d008000.usb-1, ASIX AX88772 USB 2.0 Ethernet, 00:50:b6:0d:b5:16
mount -t debugfs none /sys/kernel/debug
root@(none):/# 
root@(none):/# rtcwake -d rtc1 -m mem -s 3
rtcwake: assuming RTC uses UTC ...
rtcwake: wakeup from "mem" using /dev/rtc1 at Thu Jan  1 00:00:20 1970
[    5.309642] PM: Syncing filesystems ... done.
[    5.338077] Freezing user space processes ... (elapsed 0.001 seconds) done.
[    5.346460] Double checking all user space processes after OOM killer disable... (elapsed 0.000 seconds) 
[    5.356126] Freezing remaining freezable tasks ... (elapsed 0.001 seconds) done.
[    5.365023] Suspending console(s) (use no_console_suspend to debug)
[    5.406993] PM: suspend of devices complete after 34.294 msecs
[    5.409672] PM: late suspend of devices complete after 2.662 msecs
[    5.411712] PM: noirq suspend of devices complete after 2.029 msecs
[    5.411716] Disabling non-boot CPUs ...
[    5.412540] CPU1: shutdown
[    5.442390] IRQ17 no longer affine to CPU2
[    5.442773] CPU2: shutdown
[    5.467474] CPU3: shutdown
[    5.481350] Entering suspend state LP1
[    5.481374] Enabling non-boot CPUs ...
[    5.506820] CPU1 is up
[    5.532057] CPU2 is up
[    5.557386] CPU3 is up
[    5.558656] PM: noirq resume of devices complete after 1.261 msecs
[    5.561042] PM: early resume of devices complete after 1.926 msecs
[    5.657032] PM: resume of devices complete after 95.973 msecs
[    5.725775] Restarting tasks ... done.
root@(none):/# 
root@(none):/# rtcwake -d rtc1 -m mem -s 3
rtcwake: assuming RTC uses UTC ...
rtcwake: wakeup from "mem" using /dev/rtc1 at Thu Jan  1 00:00:29 1970
[    6.411874] PM: Syncing filesystems ... done.
[    6.438956] Freezing user space processes ... (elapsed 0.001 seconds) done.
[    6.447346] Double checking all user space processes after OOM killer disable... (elapsed 0.000 seconds) 
[    6.457094] Freezing remaining freezable tasks ... (elapsed 0.001 seconds) done.
[    6.465975] Suspending console(s) (use no_console_suspend to debug)
[    6.512073] PM: suspend of devices complete after 38.442 msecs
[    6.514793] PM: late suspend of devices complete after 2.704 msecs
[    6.516760] PM: noirq suspend of devices complete after 1.957 msecs
[    6.516764] Disabling non-boot CPUs ...
[    6.517609] CPU1: shutdown
[    6.542733] CPU2: shutdown
[    6.567081] IRQ17 no longer affine to CPU3
[    6.567489] CPU3: shutdown
[    6.581329] Entering suspend state LP1
[    6.581354] Enabling non-boot CPUs ...
[    6.606823] CPU1 is up
[    6.632067] CPU2 is up
[    6.657387] CPU3 is up
[    6.658708] PM: noirq resume of devices complete after 1.309 msecs
[    6.661640] PM: early resume of devices complete after 2.651 msecs
[    6.761990] PM: resume of devices complete after 100.332 msecs
[    6.830850] Restarting tasks ... done.
root@(none):/# 
root@(none):/# rtcwake -d rtc1 -m mem -s 3
rtcwake: assuming RTC uses UTC ...
rtcwake: wakeup from "mem" using /dev/rtc1 at Thu Jan  1 00:00:38 1970
[    7.511071] PM: Syncing filesystems ... done.
[    7.538439] Freezing user space processes ... (elapsed 0.001 seconds) done.
[    7.546830] Double checking all user space processes after OOM killer disable... (elapsed 0.000 seconds) 
[    7.556579] Freezing remaining freezable tasks ... (elapsed 0.001 seconds) done.
[    7.565452] Suspending console(s) (use no_console_suspend to debug)
[    7.612431] PM: suspend of devices complete after 39.306 msecs
[    7.614856] PM: late suspend of devices complete after 2.410 msecs
[    7.616816] PM: noirq suspend of devices complete after 1.951 msecs
[    7.616820] Disabling non-boot CPUs ...
[    7.617702] CPU1: shutdown
[    7.642695] CPU2: shutdown
[    7.667383] CPU3: shutdown
[    7.681311] Entering suspend state LP1
[    7.681335] Enabling non-boot CPUs ...
[    7.706764] CPU1 is up
[    7.731993] CPU2 is up
[    7.757313] CPU3 is up
[    7.758627] PM: noirq resume of devices complete after 1.303 msecs
[    7.761504] PM: early resume of devices complete after 2.434 msecs
[    7.857119] PM: resume of devices complete after 95.597 msecs
[    7.921813] Restarting tasks ... done.
root@(none):/# 
root@(none):/# rtcwake -d rtc1 -m mem -s 3
rtcwake: assuming RTC uses UTC ...
rtcwake: wakeup from "mem" using /dev/rtc1 at Thu Jan  1 00:00:47 1970
[    8.607803] PM: Syncing filesystems ... done.
[    8.635222] Freezing user space processes ... (elapsed 0.001 seconds) done.
[    8.643577] Double checking all user space processes after OOM killer disable... (elapsed 0.000 seconds) 
[    8.653315] Freezing remaining freezable tasks ... (elapsed 0.001 seconds) done.
[    8.662203] Suspending console(s) (use no_console_suspend to debug)
[    8.707360] PM: suspend of devices complete after 37.493 msecs
[    8.709657] PM: late suspend of devices complete after 2.286 msecs
[    8.711597] PM: noirq suspend of devices complete after 1.932 msecs
[    8.711601] Disabling non-boot CPUs ...
[    8.712482] CPU1: shutdown
[    8.737652] CPU2: shutdown
[    8.761981] IRQ17 no longer affine to CPU3
[    8.762355] CPU3: shutdown
[    8.776248] Entering suspend state LP1
[    8.776272] Enabling non-boot CPUs ...
[    8.801705] CPU1 is up
[    8.826954] CPU2 is up
[    8.852271] CPU3 is up
[    8.853532] PM: noirq resume of devices complete after 1.251 msecs
[    8.856492] PM: early resume of devices complete after 2.517 msecs
[    8.952129] PM: resume of devices complete after 95.619 msecs
[    9.020875] Restarting tasks ... done.
root@(none):/# 
root@(none):/# rtcwake -d rtc1 -m mem -s 3
rtcwake: assuming RTC uses UTC ...
rtcwake: wakeup from "mem" using /dev/rtc1 at Thu Jan  1 00:00:56 1970
[    9.716279] PM: Syncing filesystems ... done.
[    9.743620] Freezing user space processes ... (elapsed 0.001 seconds) done.
[    9.752048] Double checking all user space processes after OOM killer disable... (elapsed 0.000 seconds) 
[    9.761767] Freezing remaining freezable tasks ... (elapsed 0.001 seconds) done.
[    9.770686] Suspending console(s) (use no_console_suspend to debug)
[    9.817820] PM: suspend of devices complete after 39.467 msecs
[    9.820136] PM: late suspend of devices complete after 2.305 msecs
[    9.822495] PM: noirq suspend of devices complete after 2.346 msecs
[    9.822500] Disabling non-boot CPUs ...
[    9.823406] CPU1: shutdown
[    9.847636] CPU2: shutdown
[    9.871950] IRQ17 no longer affine to CPU3
[    9.872323] CPU3: shutdown
[    9.886214] Entering suspend state LP1
[    9.886238] Enabling non-boot CPUs ...
[    9.911701] CPU1 is up
[    9.936925] CPU2 is up
[    9.962235] CPU3 is up
[    9.963531] PM: noirq resume of devices complete after 1.285 msecs
[    9.966502] PM: early resume of devices complete after 2.523 msecs
[   10.062119] PM: resume of devices complete after 95.599 msecs
[   10.130896] Restarting tasks ... done.
root@(none):/# 
root@(none):/# rtcwake -d rtc1 -m mem -s 3
rtcwake: assuming RTC uses UTC ...
rtcwake: wakeup from "mem" using /dev/rtc1 at Thu Jan  1 00:01:05 1970
[   10.813705] PM: Syncing filesystems ... done.
[   10.840737] Freezing user space processes ... (elapsed 0.001 seconds) done.
[   10.849104] Double checking all user space processes after OOM killer disable... (elapsed 0.000 seconds) 
[   10.858851] Freezing remaining freezable tasks ... (elapsed 0.001 seconds) done.
[   10.867716] Suspending console(s) (use no_console_suspend to debug)
[   10.912197] PM: suspend of devices complete after 36.790 msecs
[   10.914612] PM: late suspend of devices complete after 2.398 msecs
[   10.916642] PM: noirq suspend of devices complete after 2.021 msecs
[   10.916646] Disabling non-boot CPUs ...
[   10.917480] CPU1: shutdown
[   10.942642] CPU2: shutdown
[   10.966813] IRQ17 no longer affine to CPU3
[   10.967200] CPU3: shutdown
[   10.981209] Entering suspend state LP1
[   10.981233] Enabling non-boot CPUs ...
[   11.006664] CPU1 is up
[   11.031879] CPU2 is up
[   11.057188] CPU3 is up
[   11.058457] PM: noirq resume of devices complete after 1.259 msecs
[   11.061170] PM: early resume of devices complete after 2.257 msecs
[   11.156805] PM: resume of devices complete after 95.617 msecs
[   11.225498] Restarting tasks ... done.
root@(none):/# 
root@(none):/# rtcwake -d rtc1 -m mem -s 3
rtcwake: assuming RTC uses UTC ...
rtcwake: wakeup from "mem" using /dev/rtc1 at Thu Jan  1 00:01:14 1970
[   11.912613] PM: Syncing filesystems ... done.
[   11.939989] Freezing user space processes ... (elapsed 0.001 seconds) done.
[   11.948358] Double checking all user space processes after OOM killer disable... (elapsed 0.000 seconds) 
[   11.958102] Freezing remaining freezable tasks ... (elapsed 0.001 seconds) done.
[   11.966997] Suspending console(s) (use no_console_suspend to debug)
[   12.012581] PM: suspend of devices complete after 37.935 msecs
[   12.015068] PM: late suspend of devices complete after 2.473 msecs
[   12.017456] PM: noirq suspend of devices complete after 2.374 msecs
[   12.017460] Disabling non-boot CPUs ...
[   12.017968] IRQ17 no longer affine to CPU1
[   12.018385] CPU1: shutdown
[   12.042550] CPU2: shutdown
[   12.057238] CPU3: shutdown
[   12.071140] Entering suspend state LP1
[   12.071164] Enabling non-boot CPUs ...
[   12.096627] CPU1 is up
[   12.121868] CPU2 is up
[   12.147191] CPU3 is up
[   12.148449] PM: noirq resume of devices complete after 1.247 msecs
[   12.151258] PM: early resume of devices complete after 2.353 msecs
[   12.246761] PM: resume of devices complete after 95.486 msecs
[   12.315578] Restarting tasks ... done.
root@(none):/# 
root@(none):/# rtcwake -d rtc1 -m mem -s 3
rtcwake: assuming RTC uses UTC ...
rtcwake: wakeup from "mem" using /dev/rtc1 at Thu Jan  1 00:01:23 1970
[   13.001316] PM: Syncing filesystems ... done.
[   13.028397] Freezing user space processes ... (elapsed 0.001 seconds) done.
[   13.036800] Double checking all user space processes after OOM killer disable... (elapsed 0.000 seconds) 
[   13.046552] Freezing remaining freezable tasks ... (elapsed 0.001 seconds) done.
[   13.055442] Suspending console(s) (use no_console_suspend to debug)
[   13.096842] PM: suspend of devices complete after 33.745 msecs
[   13.099322] PM: late suspend of devices complete after 2.464 msecs
[   13.101764] PM: noirq suspend of devices complete after 2.427 msecs
[   13.101768] Disabling non-boot CPUs ...
[   13.102247] IRQ17 no longer affine to CPU1
[   13.102645] CPU1: shutdown
[   13.127520] CPU2: shutdown
[   13.152227] CPU3: shutdown
[   13.166101] Entering suspend state LP1
[   13.166126] Enabling non-boot CPUs ...
[   13.191570] CPU1 is up
[   13.216809] CPU2 is up
[   13.242124] CPU3 is up
[   13.243402] PM: noirq resume of devices complete after 1.268 msecs
[   13.246338] PM: early resume of devices complete after 2.503 msecs
[   13.341640] PM: resume of devices complete after 95.285 msecs
[   13.410421] Restarting tasks ... done.
root@(none):/# 
root@(none):/# rtcwake -d rtc1 -m mem -s 3
rtcwake: assuming RTC uses UTC ...
rtcwake: wakeup from "mem" using /dev/rtc1 at Thu Jan  1 00:01:32 1970
[   14.102193] PM: Syncing filesystems ... done.
[   14.128991] Freezing user space processes ... (elapsed 0.001 seconds) done.
[   14.137397] Double checking all user space processes after OOM killer disable... (elapsed 0.000 seconds) 
[   14.147068] Freezing remaining freezable tasks ... (elapsed 0.001 seconds) done.
[   14.156023] Suspending console(s) (use no_console_suspend to debug)
[   14.207303] PM: suspend of devices complete after 43.634 msecs
[   14.209590] PM: late suspend of devices complete after 2.278 msecs
[   14.211511] PM: noirq suspend of devices complete after 1.912 msecs
[   14.211515] Disabling non-boot CPUs ...
[   14.212015] IRQ17 no longer affine to CPU1
[   14.212411] CPU1: shutdown
[   14.237480] CPU2: shutdown
[   14.262195] CPU3: shutdown
[   14.276073] Entering suspend state LP1
[   14.276098] Enabling non-boot CPUs ...
[   14.301527] CPU1 is up
[   14.326761] CPU2 is up
[   14.352078] CPU3 is up
[   14.353361] PM: noirq resume of devices complete after 1.272 msecs
[   14.356012] PM: early resume of devices complete after 2.207 msecs
[   14.451666] PM: resume of devices complete after 95.633 msecs
[   14.520549] Restarting tasks ... done.
root@(none):/# 
root@(none):/# rtcwake -d rtc1 -m mem -s 3
rtcwake: assuming RTC uses UTC ...
rtcwake: wakeup from "mem" using /dev/rtc1 at Thu Jan  1 00:01:41 1970
[   15.210902] PM: Syncing filesystems ... done.
[   15.237697] Freezing user space processes ... (elapsed 0.001 seconds) done.
[   15.246103] Double checking all user space processes after OOM killer disable... (elapsed 0.000 seconds) 
[   15.255776] Freezing remaining freezable tasks ... (elapsed 0.001 seconds) done.
[   15.264689] Suspending console(s) (use no_console_suspend to debug)
[   15.311786] PM: suspend of devices complete after 39.428 msecs
[   15.314050] PM: late suspend of devices complete after 2.254 msecs
[   15.316050] PM: noirq suspend of devices complete after 1.991 msecs
[   15.316054] Disabling non-boot CPUs ...
[   15.316902] CPU1: shutdown
[   15.352076] IRQ17 no longer affine to CPU2
[   15.352465] CPU2: shutdown
[   15.377137] CPU3: shutdown
[   15.391028] Entering suspend state LP1
[   15.391052] Enabling non-boot CPUs ...
[   15.416519] CPU1 is up
[   15.441750] CPU2 is up
[   15.467084] CPU3 is up
[   15.468400] PM: noirq resume of devices complete after 1.305 msecs
[   15.471059] PM: early resume of devices complete after 2.204 msecs
[   15.566911] PM: resume of devices complete after 95.832 msecs
[   15.635645] Restarting tasks ... done.
root@(none):/# 
root@(none):/# NVTB SYSTEM SUSPEND TEST COMPLETE
