
U-Boot SPL 2014.01-00219-gc4d376f (Feb 18 2014 - 19:57:32)


U-Boot 2014.01-00219-gc4d376f (Feb 18 2014 - 19:57:32)

TEGRA114
Board: NVIDIA Dalmore
I2C:   ready
DRAM:  2 GiB
MMC:   Tegra SD/MMC: 0, Tegra SD/MMC: 1
In:    serial
Out:   serial
Err:   serial
Net:   Net Initialization Skipped
No ethernet found.
Hit any key to stop autoboot:  2  0 
Tegra114 (Dalmore) # 
Tegra114 (Dalmore) # usb reset
(Re)start USB...
USB0:   USB EHCI 1.10
scanning bus 0 for devices... 2 USB Device(s) found
       scanning usb for storage devices... 0 Storage Device(s) found
       scanning usb for ethernet devices... 
Warning: asx0 using MAC address from net device
1 Ethernet Device(s) found
Tegra114 (Dalmore) # setenv bootargs 'ignore_loglevel console=ttyS0,115200n8 rw root=/dev/mmcblk0p1 rootwait gpt debug init=/bin/bash'
Tegra114 (Dalmore) # setenv ipaddr 192.168.100.100; setenv serverip 192.168.100.1; setenv tftpserverip 192.168.100.1
Tegra114 (Dalmore) # tftpboot 0x81000000 zImage.multi_v7_defconfig
Using asx0 device
TFTP from server 192.168.100.1; our IP address is 192.168.100.100
Filename 'zImage.multi_v7_defconfig'.
Load address: 0x81000000
Loading: *#################################################################
	 #################################################################
	 #################################################################
	 #################################################################
	 #################################################################
	 #####################################
	 3 MiB/s
done
Bytes transferred = 5308328 (50ffa8 hex)
Tegra114 (Dalmore) # tftpboot 0x82000000 tegra114-dalmore.dtb
Using asx0 device
TFTP from server 192.168.100.1; our IP address is 192.168.100.100
Filename 'tegra114-dalmore.dtb'.
Load address: 0x82000000
Loading: *###
	 2.5 MiB/s
done
Bytes transferred = 34650 (875a hex)
Tegra114 (Dalmore) # bootz 0x81000000 - 0x82000000
Kernel image @ 0x81000000 [ 0x000000 - 0x50ffa8 ]
## Flattened Device Tree blob at 82000000
   Booting using the fdt blob at 0x82000000
   Loading Device Tree to 8fff4000, end 8ffff759 ... OK

Starting kernel ...

[    0.000000] Booting Linux on physical CPU 0x0
[    0.000000] Linux version 3.18.0-rc7-00173-g009d043 (pwalmsley@tamien) (gcc version 4.7.3 20130328 (prerelease) (crosstool-NG linaro-1.13.1-4.7-2013.04-20130415 - Linaro GCC 2013.04) ) #1 SMP Sun Nov 30 17:04:00 PST 2014
[    0.000000] CPU: ARMv7 Processor [412fc0f2] revision 2 (ARMv7), cr=10c5387d
[    0.000000] CPU: PIPT / VIPT nonaliasing data cache, PIPT instruction cache
[    0.000000] Machine model: NVIDIA Tegra114 Dalmore evaluation board
[    0.000000] debug: ignoring loglevel setting.
[    0.000000] cma: Reserved 64 MiB at 0xfb800000
[    0.000000] Memory policy: Data cache writealloc
[    0.000000] On node 0 totalpages: 524032
[    0.000000] free_area_init_node: node 0, pgdat c0d1ef40, node_mem_map ee7f8000
[    0.000000]   DMA zone: 1520 pages used for memmap
[    0.000000]   DMA zone: 0 pages reserved
[    0.000000]   DMA zone: 194560 pages, LIFO batch:31
[    0.000000]   HighMem zone: 2574 pages used for memmap
[    0.000000]   HighMem zone: 329472 pages, LIFO batch:31
[    0.000000] PERCPU: Embedded 10 pages/cpu @ee7ab000 s8512 r8192 d24256 u40960
[    0.000000] pcpu-alloc: s8512 r8192 d24256 u40960 alloc=10*4096
[    0.000000] pcpu-alloc: [0] 0 [0] 1 [0] 2 [0] 3 
[    0.000000] Built 1 zonelists in Zone order, mobility grouping on.  Total pages: 522512
[    0.000000] Kernel command line: ignore_loglevel console=ttyS0,115200n8 rw root=/dev/mmcblk0p1 rootwait gpt debug init=/bin/bash
[    0.000000] PID hash table entries: 4096 (order: 2, 16384 bytes)
[    0.000000] Dentry cache hash table entries: 131072 (order: 7, 524288 bytes)
[    0.000000] Inode-cache hash table entries: 65536 (order: 6, 262144 bytes)
[    0.000000] Memory: 2001364K/2096128K available (6858K kernel code, 963K rwdata, 2812K rodata, 728K init, 308K bss, 94764K reserved, 1252352K highmem)
[    0.000000] Virtual kernel memory layout:
[    0.000000]     vector  : 0xffff0000 - 0xffff1000   (   4 kB)
[    0.000000]     fixmap  : 0xffc00000 - 0xffe00000   (2048 kB)
[    0.000000]     vmalloc : 0xf0000000 - 0xff000000   ( 240 MB)
[    0.000000]     lowmem  : 0xc0000000 - 0xef800000   ( 760 MB)
[    0.000000]     pkmap   : 0xbfe00000 - 0xc0000000   (   2 MB)
[    0.000000]     modules : 0xbf000000 - 0xbfe00000   (  14 MB)
[    0.000000]       .text : 0xc0208000 - 0xc0b79de4   (9672 kB)
[    0.000000]       .init : 0xc0b7a000 - 0xc0c30000   ( 728 kB)
[    0.000000]       .data : 0xc0c30000 - 0xc0d20dc0   ( 964 kB)
[    0.000000]        .bss : 0xc0d20dc0 - 0xc0d6e068   ( 309 kB)
[    0.000000] SLUB: HWalign=64, Order=0-3, MinObjects=0, CPUs=4, Nodes=1
[    0.000000] Hierarchical RCU implementation.
[    0.000000] 	RCU restricting CPUs from NR_CPUS=8 to nr_cpu_ids=4.
[    0.000000] RCU: Adjusting geometry for rcu_fanout_leaf=16, nr_cpu_ids=4
[    0.000000] NR_IRQS:16 nr_irqs:16 16
[    0.000000] L2C: failed to init: -19
[    0.000008] sched_clock: 32 bits at 1000kHz, resolution 1000ns, wraps every 2147483648000ns
[    0.000026] Switching to timer-based delay loop, resolution 1000ns
[    0.002563] Architected cp15 timer(s) running at 12.00MHz (virt).
[    0.002586] sched_clock: 56 bits at 12MHz, resolution 83ns, wraps every 2863311536128ns
[    0.002599] Switching to timer-based delay loop, resolution 83ns
[    0.002928] Console: colour dummy device 80x30
[    0.002953] Calibrating delay loop (skipped), value calculated using timer frequency.. 24.00 BogoMIPS (lpj=60000)
[    0.002967] pid_max: default: 32768 minimum: 301
[    0.003094] Mount-cache hash table entries: 2048 (order: 1, 8192 bytes)
[    0.003107] Mountpoint-cache hash table entries: 2048 (order: 1, 8192 bytes)
[    0.003648] CPU: Testing write buffer coherency: ok
[    0.003850] /cpus/cpu@0 missing clock-frequency property
[    0.003874] /cpus/cpu@1 missing clock-frequency property
[    0.003898] /cpus/cpu@2 missing clock-frequency property
[    0.003924] /cpus/cpu@3 missing clock-frequency property
[    0.003936] CPU0: thread -1, cpu 0, socket 0, mpidr 80000000
[    0.003982] Setting up static identity map for 0x8087abc0 - 0x8087ac58
[    0.005824] Tegra Revision: A01 SKU: 0 CPU Process: 1 Core Process: 0
[    0.006874] CPU1: Booted secondary processor
[    0.006899] CPU1: thread -1, cpu 1, socket 0, mpidr 80000001
[    0.007400] CPU2: Booted secondary processor
[    0.007424] CPU2: thread -1, cpu 2, socket 0, mpidr 80000002
[    0.007927] CPU3: Booted secondary processor
[    0.007951] CPU3: thread -1, cpu 3, socket 0, mpidr 80000003
[    0.008015] Brought up 4 CPUs
[    0.008043] SMP: Total of 4 processors activated.
[    0.008051] CPU: All CPU(s) started in SVC mode.
[    0.008601] devtmpfs: initialized
[    0.014266] VFP support v0.3: implementor 41 architecture 4 part 30 variant f rev 0
[    0.016123] pinctrl core: initialized pinctrl subsystem
[    0.016575] regulator-dummy: no parameters
[    0.027256] NET: Registered protocol family 16
[    0.029408] DMA: preallocated 256 KiB pool for atomic coherent allocations
[    0.047474] cpuidle: using governor ladder
[    0.062503] cpuidle: using governor menu
[    0.075254] No ATAGs?
[    0.075288] hw-breakpoint: found 5 (+1 reserved) breakpoint and 4 watchpoint registers.
[    0.075298] hw-breakpoint: maximum watchpoint size is 8 bytes.
[    0.075462] EXYNOS: PMU not supported
[    0.078077] Serial: AMBA PL011 UART driver
[    0.106235] vdd_ac_bat: 5000 mV 
[    0.106470] dvdd_ts: Failed to request enable GPIO61: -517
[    0.106577] reg-fixed-voltage regulators:regulator@1: Failed to register regulator: -517
[    0.106601] platform regulators:regulator@1: Driver reg-fixed-voltage requests probe deferral
[    0.106774] usb1_vbus: Failed to request enable GPIO108: -517
[    0.106868] reg-fixed-voltage regulators:regulator@3: Failed to register regulator: -517
[    0.106890] platform regulators:regulator@3: Driver reg-fixed-voltage requests probe deferral
[    0.107061] usb2_vbus: Failed to request enable GPIO86: -517
[    0.107153] reg-fixed-voltage regulators:regulator@4: Failed to register regulator: -517
[    0.107174] platform regulators:regulator@4: Driver reg-fixed-voltage requests probe deferral
[    0.107342] vdd_hdmi_5v0: 5000 mV 
[    0.107384] reg-fixed-voltage regulators:regulator@5: Failed to find supply vin
[    0.107485] reg-fixed-voltage regulators:regulator@5: Failed to register regulator: -517
[    0.107506] platform regulators:regulator@5: Driver reg-fixed-voltage requests probe deferral
[    0.107595] platform regulators:regulator@6: Driver reg-fixed-voltage requests probe deferral
[    0.107768] VDD_5V0_HDMI_CON: Failed to request enable GPIO81: -517
[    0.107860] reg-fixed-voltage regulators:regulator@7: Failed to register regulator: -517
[    0.107881] platform regulators:regulator@7: Driver reg-fixed-voltage requests probe deferral
[    0.110083] vgaarb: loaded
[    0.110742] SCSI subsystem initialized
[    0.110925] libata version 3.00 loaded.
[    0.111250] usbcore: registered new interface driver usbfs
[    0.111319] usbcore: registered new interface driver hub
[    0.111396] usbcore: registered new device driver usb
[    0.114853] vdd-cpu: 500 <--> 1520 mV at 1100 mV 
[    0.115249] tps65090 2-0048: No cache defaults, reading back from HW
[    0.117312] vdd-sys-5v0: at 5000 mV 
[    0.117367] vdd-sys-5v0: supplied by vdd_ac_bat
[    0.118425] vdd-sys-3v3: at 3300 mV 
[    0.118479] vdd-sys-3v3: supplied by vdd_ac_bat
[    0.119499] vdd-ao: no parameters
[    0.119543] vdd-ao: supplied by vdd_ac_bat
[    0.119889] vdd-lcd-bl: no parameters
[    0.119931] vdd-lcd-bl: supplied by vdd_ac_bat
[    0.120269] TPS65090_RAILSFET2: no parameters
[    0.120312] TPS65090_RAILSFET2: supplied by vdd_ac_bat
[    0.120657] vdd-modem-3v3: no parameters
[    0.120696] vdd-modem-3v3: supplied by vdd-sys-3v3
[    0.121199] avdd-lcd: no parameters
[    0.121239] avdd-lcd: supplied by vdd-sys-3v3
[    0.121734] vdd-lvds: no parameters
[    0.121774] vdd-lvds: supplied by vdd-sys-3v3
[    0.122578] vdd-sd-slot: no parameters
[    0.122636] vdd-sd-slot: supplied by vdd-sys-3v3
[    0.123143] vdd-com-3v3: no parameters
[    0.123187] vdd-com-3v3: supplied by vdd-sys-3v3
[    0.123678] vdd-sby-5v0: at 5000 mV 
[    0.123722] vdd-sby-5v0: supplied by vdd_ac_bat
[    0.123900] vdd-sby-3v3: at 3300 mV 
[    0.123942] vdd-sby-3v3: supplied by vdd_ac_bat
[    0.124370] genirq: Setting trigger mode 8 for irq 118 failed (gic_set_type+0x0/0x98)
[    0.124700] palmas 2-0058: Irq flag is 0x00000000
[    0.127245] palmas 2-0058: Muxing GPIO ff, PWM 0, LED 0
[    0.130330] vddio-ddr: 1350 mV 
[    0.130555] vddio-ddr: supplied by vdd-ao
[    0.131954] vddio-1v8: 1800 mV 
[    0.132174] vddio-1v8: supplied by vdd-ao
[    0.133729] vdd-core: 900 <--> 1400 mV at 1100 mV 
[    0.133953] vdd-core: supplied by vdd-sys-3v3
[    0.135063] SMPS6: no parameters
[    0.136464] avdd-pll: 1050 mV 
[    0.136678] avdd-pll: supplied by vdd-sys-3v3
[    0.138646] sdhci-vdd-sd-slot: ramp_delay not set
[    0.138820] sdhci-vdd-sd-slot: 2800 mV 
[    0.139034] sdhci-vdd-sd-slot: supplied by vdd-sys-3v3
[    0.139677] SMPS10_OUT2: at 5000 mV 
[    0.140195] SMPS10_OUT1: at 5000 mV 
[    0.140698] avdd-cam1: 2800 mV 
[    0.140910] avdd-cam1: supplied by vdd-sys-3v3
[    0.141822] avdd-cam2: 2800 mV 
[    0.142038] avdd-cam2: supplied by vdd-sys-3v3
[    0.142949] avdd-dsi-csi: 1200 mV 
[    0.143161] avdd-dsi-csi: supplied by vddio-1v8
[    0.144091] vpp-fuse: 1800 mV 
[    0.144303] vpp-fuse: supplied by vdd-sys-3v3
[    0.145216] LDO5: no parameters
[    0.145432] LDO5: supplied by vdd_ac_bat
[    0.146497] vdd-sensor-2v85: 2850 mV 
[    0.146709] vdd-sensor-2v85: supplied by vdd-sys-3v3
[    0.147637] vdd-af-cam1: 2800 mV 
[    0.147866] vdd-af-cam1: supplied by vdd-sys-3v3
[    0.152691] vdd-rtc: 900 mV 
[    0.152905] vdd-rtc: supplied by vdd-ao
[    0.157863] vddio-sdmmc-2: 1800 <--> 3300 mV at 3300 mV 
[    0.158082] vddio-sdmmc-2: supplied by sdhci-vdd-sd-slot
[    0.159009] hvdd-usb: 3300 mV 
[    0.159222] hvdd-usb: supplied by vdd-sys-5v0
[    0.162718] avdd-usb: 3300 mV 
[    0.162933] avdd-usb: supplied by vdd-sys-5v0
[    0.163867] rail-3v3: no parameters
[    0.164453] rail-5v0: no parameters
[    0.164881] REGEN3: no parameters
[    0.165039] SYSEN1: no parameters
[    0.165188] SYSEN2: no parameters
[    0.166030] Linux video capture interface: v2.00
[    0.166094] pps_core: LinuxPPS API ver. 1 registered
[    0.166103] pps_core: Software ver. 5.3.6 - Copyright 2005-2007 Rodolfo Giometti <giometti@linux.it>
[    0.166136] PTP clock support registered
[    0.166383] EDAC MC: Ver: 3.0.0
[    0.167099] platform 70019010.iommu: Driver tegra-smmu requests probe deferral
[    0.167350] Advanced Linux Sound Architecture Driver Initialized.
[    0.168460] Switched to clocksource arch_sys_counter
[    0.178366] NET: Registered protocol family 2
[    0.178975] TCP established hash table entries: 8192 (order: 3, 32768 bytes)
[    0.179066] TCP bind hash table entries: 8192 (order: 4, 65536 bytes)
[    0.179253] TCP: Hash tables configured (established 8192 bind 8192)
[    0.179300] TCP: reno registered
[    0.179314] UDP hash table entries: 512 (order: 2, 16384 bytes)
[    0.179356] UDP-Lite hash table entries: 512 (order: 2, 16384 bytes)
[    0.179537] NET: Registered protocol family 1
[    0.179796] RPC: Registered named UNIX socket transport module.
[    0.179806] RPC: Registered udp transport module.
[    0.179813] RPC: Registered tcp transport module.
[    0.179821] RPC: Registered tcp NFSv4.1 backchannel transport module.
[    0.179840] PCI: CLS 0 bytes, default 64
[    0.182087] futex hash table entries: 1024 (order: 4, 65536 bytes)
[    0.194675] squashfs: version 4.0 (2009/01/31) Phillip Lougher
[    0.195486] NFS: Registering the id_resolver key type
[    0.195518] Key type id_resolver registered
[    0.195527] Key type id_legacy registered
[    0.195595] msgmni has been set to 1462
[    0.196062] bounce: pool size: 64 pages
[    0.196284] Block layer SCSI generic (bsg) driver version 0.4 loaded (major 249)
[    0.196303] io scheduler noop registered
[    0.196321] io scheduler deadline registered
[    0.196529] io scheduler cfq registered (default)
[    0.216240] tegra-apbdma 6000a000.dma: Tegra20 APB DMA driver register 32 channels
[    0.282659] Serial: 8250/16550 driver, 4 ports, IRQ sharing disabled
[    0.284597] Serial: IMX driver
[    0.285114] msm_serial: driver initialized
[    0.286014] console [ttyS0] disabled
[    0.286055] of_serial 70006300.serial: ttyS0 at MMIO 0x70006300 (irq = 122, base_baud = 25500000) is a Tegra
[    1.399554] console [ttyS0] enabled
[    1.403800] STMicroelectronics ASC driver initialized
[    1.409741] serial: Freescale lpuart driver
[    1.414152] [drm] Initialized drm 1.1.0 20060810
[    1.421196] platform 54300000.dsi: Driver tegra-dsi requests probe deferral
[    1.428587] tegra-hdmi 54280000.hdmi: failed to get HDMI regulator
[    1.434790] platform 54280000.hdmi: Driver tegra-hdmi requests probe deferral
[    1.448325] loop: module loaded
[    1.456400] m25p80 spi32766.0: w25q32dw (4096 Kbytes)
[    1.463281] CAN device driver interface
[    1.468115] igb: Intel(R) Gigabit Ethernet Network Driver - version 5.2.15-k
[    1.475167] igb: Copyright (c) 2007-2014 Intel Corporation.
[    1.482406] pegasus: v0.9.3 (2013/04/25), Pegasus/Pegasus II USB Ethernet driver
[    1.489857] usbcore: registered new interface driver pegasus
[    1.495594] usbcore: registered new interface driver asix
[    1.501049] usbcore: registered new interface driver ax88179_178a
[    1.507195] usbcore: registered new interface driver cdc_ether
[    1.513116] usbcore: registered new interface driver smsc75xx
[    1.518941] usbcore: registered new interface driver smsc95xx
[    1.524744] usbcore: registered new interface driver net1080
[    1.530459] usbcore: registered new interface driver cdc_subset
[    1.536434] usbcore: registered new interface driver zaurus
[    1.542100] usbcore: registered new interface driver cdc_ncm
[    1.548092] ehci_hcd: USB 2.0 'Enhanced' Host Controller (EHCI) Driver
[    1.554629] ehci-pci: EHCI PCI platform driver
[    1.559132] ehci-platform: EHCI generic platform driver
[    1.564541] ehci-omap: OMAP-EHCI Host Controller driver
[    1.569905] ehci-orion: EHCI orion driver
[    1.574058] SPEAr-ehci: EHCI SPEAr driver
[    1.578198] tegra-ehci: Tegra EHCI driver
[    1.582436] platform 7d008000.usb: Driver tegra-ehci requests probe deferral
[    1.589566] ohci_hcd: USB 1.1 'Open' Host Controller (OHCI) Driver
[    1.595767] ohci-pci: OHCI PCI platform driver
[    1.600272] ohci-platform: OHCI generic platform driver
[    1.605640] ohci-omap3: OHCI OMAP3 driver
[    1.609792] SPEAr-ohci: OHCI SPEAr driver
[    1.614340] usbcore: registered new interface driver usb-storage
[    1.620582] platform 7d008000.usb-phy: Driver tegra-phy requests probe deferral
[    1.629397] mousedev: PS/2 mouse device common for all mice
[    1.639605] palmas-rtc 7000d000.i2c:tps65913@58:rtc: rtc core: registered 7000d000.i2c:tps659 as rtc0
[    1.650623] tegra_rtc 7000e000.rtc: rtc core: registered 7000e000.rtc as rtc1
[    1.657780] tegra_rtc 7000e000.rtc: Tegra internal Real Time Clock
[    1.664522] i2c /dev entries driver
[    1.669948] usbcore: registered new interface driver uvcvideo
[    1.675703] USB Video Class driver (1.1.1)
[    1.679814] gspca_main: v2.14.0 registered
[    1.684595] sbs-battery 0-000b: sbs_probe: Failed to get device status
[    1.691142] sbs-battery: probe of 0-000b failed with error -121
[    1.704645] sdhci: Secure Digital Host Controller Interface driver
[    1.710832] sdhci: Copyright(c) Pierre Ossman
[    1.716143] Synopsys Designware Multimedia Card Interface Driver
[    1.722964] sdhci-pltfm: SDHCI platform and OF driver helper
[    1.729268] sdhci-tegra 78000400.sdhci: Got CD GPIO
[    1.734171] sdhci-tegra 78000400.sdhci: Got WP GPIO
[    1.740178] sdhci-tegra 78000400.sdhci: No vmmc regulator found
[    1.746108] sdhci-tegra 78000400.sdhci: No vqmmc regulator found
[    1.752117] mmc0: Invalid maximum block size, assuming 512 bytes
[    1.793605] mmc0: SDHCI controller on 78000400.sdhci [78000400.sdhci] using ADMA
[    1.801201] sdhci-tegra 78000600.sdhci: No vmmc regulator found
[    1.807131] sdhci-tegra 78000600.sdhci: No vqmmc regulator found
[    1.813141] mmc1: Invalid maximum block size, assuming 512 bytes
[    1.853475] mmc1: SDHCI controller on 78000600.sdhci [78000600.sdhci] using ADMA
[    1.865816] ledtrig-cpu: registered to indicate activity on CPUs
[    1.872056] usbcore: registered new interface driver usbhid
[    1.877643] usbhid: USB HID core driver
[    1.937409] mmc1: BKOPS_EN bit is not set
[    1.944386] mmc1: new high speed MMC card at address 0001
[    1.950161] mmcblk0: mmc1:0001 SEM32G 29.1 GiB 
[    1.954817] mmcblk0boot0: mmc1:0001 SEM32G partition 1 4.00 MiB
[    1.960848] mmcblk0boot1: mmc1:0001 SEM32G partition 2 4.00 MiB
[    1.966879] mmcblk0rpmb: mmc1:0001 SEM32G partition 3 4.00 MiB
[    1.975231]  mmcblk0: p1 p2 p3 p4 p5 p6 p7 p8
[    2.311040] tegra30-i2s 70080400.i2s: DMA channels sourced from device 70080000.ahub
[    2.327590] tegra-snd-rt5640 sound: rt5640-aif1 <-> 70080400.i2s mapping ok
[    2.338188] input: NVIDIA Tegra Dalmore Headphones as /devices/soc0/sound/sound/card0/input0
[    2.348003] TCP: cubic registered
[    2.351342] NET: Registered protocol family 17
[    2.355813] can: controller area network core (rev 20120528 abi 9)
[    2.362060] NET: Registered protocol family 29
[    2.366519] can: raw protocol (rev 20120528)
[    2.370800] can: broadcast manager protocol (rev 20120528 t)
[    2.376474] can: netlink gateway (rev 20130117) max_hops=1
[    2.382352] Key type dns_resolver registered
[    2.387204] ThumbEE CPU extension supported.
[    2.391503] Registering SWP/SWPB emulation handler
[    2.397473] dvdd_ts: 1800 mV 
[    2.400831] usb1_vbus: 5000 mV 
[    2.404034] usb1_vbus: supplied by vdd-sys-5v0
[    2.409437] usb2_vbus: 5000 mV 
[    2.412633] usb2_vbus: supplied by vdd-sys-5v0
[    2.417812] vdd_hdmi_5v0: 5000 mV 
[    2.421322] vdd_hdmi_5v0: supplied by vdd-sys-5v0
[    2.428577] vdd_cam_1v8_reg: 1800 mV 
[    2.432728] VDD_5V0_HDMI_CON: 5000 mV 
[    2.436563] VDD_5V0_HDMI_CON: supplied by vdd-sys-5v0
[    2.446545] [drm] Supports vblank timestamp caching Rev 2 (21.10.2013).
[    2.453193] [drm] No driver support for vblank timestamp query.
[    2.511048] Console: switching to colour frame buffer device 240x75
[    2.538393] host1x drm: fb0:  frame buffer device
[    2.543105] host1x drm: registered panic notifier
[    2.558630] [drm] Initialized tegra 0.0.0 20120330 on minor 0
[    2.565202] platform 7d008000.usb: Driver tegra-ehci requests probe deferral
[    2.573878] tegra-ehci 7d008000.usb: EHCI Host Controller
[    2.579311] tegra-ehci 7d008000.usb: new USB bus registered, assigned bus number 1
[    2.587318] tegra-ehci 7d008000.usb: irq 129, io mem 0x7d008000
[    2.598612] tegra-ehci 7d008000.usb: USB 2.0 started, EHCI 1.10
[    2.605488] hub 1-0:1.0: USB hub found
[    2.609306] hub 1-0:1.0: 1 port detected
[    2.614732] input: gpio-keys as /devices/soc0/gpio-keys/input/input1
[    2.622510] palmas-rtc 7000d000.i2c:tps65913@58:rtc: setting system clock to 2000-05-07 20:21:34 UTC (957730894)
[    2.643385] vdd_cam_1v8_reg: disabling
[    2.647642] vdd_hdmi_5v0: disabling
[    2.651165] usb1_vbus: disabling
[    2.654403] dvdd_ts: disabling
[    2.662475] ALSA device list:
[    2.665488]   #0: NVIDIA Tegra Dalmore
[    2.670654] EXT4-fs (mmcblk0p1): mounting ext3 file system using the ext4 subsystem
[    2.701331] EXT4-fs (mmcblk0p1): recovery complete
[    2.706158] EXT4-fs (mmcblk0p1): mounted filesystem with ordered data mode. Opts: (null)
[    2.714299] VFS: Mounted root (ext3 filesystem) on device 179:1.
[    2.725130] devtmpfs: mounted
[    2.728701] Freeing unused kernel memory: 728K (c0b7a000 - c0c30000)
bash: cannot set terminal process group (-1): Inappropriate ioctl for device
bash: no job control in this shell
root@(none):/# [    2.923664] usb 1-1: new high-speed USB device number 2 using tegra-ehci
