
U-Boot SPL 2015.04-rc3-00209-ga74ef40 (Mar 16 2015 - 14:43:39)


U-Boot 2015.04-rc3-00209-ga74ef40 (Mar 16 2015 - 14:43:39)

TEGRA20
Model: Compulab TrimSlice board
DRAM:  1 GiB
MMC:   Tegra SD/MMC: 0, Tegra SD/MMC: 1
SF: Detected W25Q80BL with page size 256 Bytes, erase size 4 KiB, total 1 MiB
tegra-pcie: PCI regions:
tegra-pcie:   I/O: 0x82000000-0x82010000
tegra-pcie:   non-prefetchable memory: 0xa0000000-0xa8000000
tegra-pcie:   prefetchable memory: 0xa8000000-0xc0000000
tegra-pcie: dual-mode configuration
tegra-pcie: probing port 0, using 2 lanes
In:    serial
Out:   serial
Err:   serial
Net:   RTL8169#0
Hit any key to stop autoboot:  2  0 
Tegra20 (TrimSlice) # 
Tegra20 (TrimSlice) # usb reset
resetting USB...
USB0:   USB EHCI 1.00
scanning bus 0 for devices... 3 USB Device(s) found
USB1:   USB EHCI 1.00
scanning bus 1 for devices... 1 USB Device(s) found
USB2:   lowlevel init failed
       scanning usb for storage devices... 0 Storage Device(s) found
       scanning usb for ethernet devices... 
Warning: asx0 using MAC address from net device
1 Ethernet Device(s) found
Tegra20 (TrimSlice) # setenv bootargs 'ignore_loglevel console=ttyS0,115200n8 rw root=PARTUUID=11eb23c1-01 rootwait gpt debug noinitrd earlyprintk init=/bin/bash'
Tegra20 (TrimSlice) # setenv ipaddr 192.168.100.103; setenv serverip 192.168.100.1; setenv tftpserverip 192.168.100.1
Tegra20 (TrimSlice) # tftpboot 0x00408000 zImage.multi_v7_defconfig
Using RTL8169#0 device
TFTP from server 192.168.100.1; our IP address is 192.168.100.103
Filename 'zImage.multi_v7_defconfig'.
Load address: 0x408000
Loading: *#################################################################
	 #################################################################
	 #################################################################
	 #################################################################
	 #################################################################
	 #################################################################
	 #################################################################
	 #################################################################
	 #####################################
	 3.7 MiB/s
done
Bytes transferred = 8167936 (7ca200 hex)
Tegra20 (TrimSlice) # tftpboot 0x02408000 tegra20-trimslice.dtb
Using RTL8169#0 device
TFTP from server 192.168.100.1; our IP address is 192.168.100.103
Filename 'tegra20-trimslice.dtb'.
Load address: 0x2408000
Loading: *##
	 2.9 MiB/s
done
Bytes transferred = 21454 (53ce hex)
Tegra20 (TrimSlice) # bootz 0x00408000 - 0x02408000
Kernel image @ 0x408000 [ 0x000000 - 0x7ca200 ]
## Flattened Device Tree blob at 02408000
   Booting using the fdt blob at 0x2408000
   Using Device Tree in place at 02408000, end 024103cd

Starting kernel ...

[    0.000000] Booting Linux on physical CPU 0x0
[    0.000000] Linux version 4.14.0-201708-gbebc608 (jonathanh@sellafield) (gcc version 4.7.3 20130328 (prerelease) (crosstool-NG linaro-1.13.1-4.7-2013.04-20130415 - Linaro GCC 2013.04)) #1 SMP Mon Nov 13 02:04:20 PST 2017
[    0.000000] CPU: ARMv7 Processor [411fc090] revision 0 (ARMv7), cr=10c5387d
[    0.000000] CPU: PIPT / VIPT nonaliasing data cache, VIPT aliasing instruction cache
[    0.000000] OF: fdt: Machine model: Compulab TrimSlice board
[    0.000000] debug: ignoring loglevel setting.
[    0.000000] Memory policy: Data cache writealloc
[    0.000000] efi: Getting EFI parameters from FDT:
[    0.000000] efi: UEFI not found.
[    0.000000] cma: Reserved 64 MiB at 0x3c000000
[    0.000000] On node 0 totalpages: 262144
[    0.000000] free_area_init_node: node 0, pgdat c158fa80, node_mem_map ef7f8000
[    0.000000]   DMA zone: 1536 pages used for memmap
[    0.000000]   DMA zone: 0 pages reserved
[    0.000000]   DMA zone: 196608 pages, LIFO batch:31
[    0.000000]   HighMem zone: 65536 pages, LIFO batch:15
[    0.000000] random: fast init done
[    0.000000] percpu: Embedded 17 pages/cpu @ef7c4000 s39424 r8192 d22016 u69632
[    0.000000] pcpu-alloc: s39424 r8192 d22016 u69632 alloc=17*4096
[    0.000000] pcpu-alloc: [0] 0 [0] 1 
[    0.000000] Built 1 zonelists, mobility grouping on.  Total pages: 260608
[    0.000000] Kernel command line: ignore_loglevel console=ttyS0,115200n8 rw root=PARTUUID=11eb23c1-01 rootwait gpt debug noinitrd earlyprintk init=/bin/bash
[    0.000000] PID hash table entries: 4096 (order: 2, 16384 bytes)
[    0.000000] Dentry cache hash table entries: 131072 (order: 7, 524288 bytes)
[    0.000000] Inode-cache hash table entries: 65536 (order: 6, 262144 bytes)
[    0.000000] Memory: 954308K/1048576K available (10240K kernel code, 1631K rwdata, 4504K rodata, 2048K init, 406K bss, 28732K reserved, 65536K cma-reserved, 196608K highmem)
[    0.000000] Virtual kernel memory layout:
[    0.000000]     vector  : 0xffff0000 - 0xffff1000   (   4 kB)
[    0.000000]     fixmap  : 0xffc00000 - 0xfff00000   (3072 kB)
[    0.000000]     vmalloc : 0xf0800000 - 0xff800000   ( 240 MB)
[    0.000000]     lowmem  : 0xc0000000 - 0xf0000000   ( 768 MB)
[    0.000000]     pkmap   : 0xbfe00000 - 0xc0000000   (   2 MB)
[    0.000000]     modules : 0xbf000000 - 0xbfe00000   (  14 MB)
[    0.000000]       .text : 0xc0208000 - 0xc0d00000   (11232 kB)
[    0.000000]       .init : 0xc1200000 - 0xc1400000   (2048 kB)
[    0.000000]       .data : 0xc1400000 - 0xc1597f28   (1632 kB)
[    0.000000]        .bss : 0xc15a0b9c - 0xc16064fc   ( 407 kB)
[    0.000000] SLUB: HWalign=64, Order=0-3, MinObjects=0, CPUs=2, Nodes=1
[    0.000000] Hierarchical RCU implementation.
[    0.000000] 	RCU event tracing is enabled.
[    0.000000] 	RCU restricting CPUs from NR_CPUS=16 to nr_cpu_ids=2.
[    0.000000] RCU: Adjusting geometry for rcu_fanout_leaf=16, nr_cpu_ids=2
[    0.000000] NR_IRQS: 16, nr_irqs: 16, preallocated irqs: 16
[    0.000000] /interrupt-controller@60004000: 128 interrupts forwarded to /interrupt-controller@50041000
[    0.000000] L2C: platform modifies aux control register: 0x02080000 -> 0x3e480001
[    0.000000] L2C: DT/platform modifies aux control register: 0x02080000 -> 0x3e480001
[    0.000000] L2C-310 errata 727915 769419 enabled
[    0.000000] L2C-310 enabling early BRESP for Cortex-A9
[    0.000000] L2C-310: enabling full line of zeros but not enabled in Cortex-A9
[    0.000000] L2C-310 ID prefetch enabled, offset 1 lines
[    0.000000] L2C-310 cache controller enabled, 8 ways, 1024 kB
[    0.000000] L2C-310: CACHE_ID 0x410000c4, AUX_CTRL 0x7e480001
[    0.000010] sched_clock: 32 bits at 1000kHz, resolution 1000ns, wraps every 2147483647500ns
[    0.000026] clocksource: timer_us: mask: 0xffffffff max_cycles: 0xffffffff, max_idle_ns: 1911260446275 ns
[    0.000036] Switching to timer-based delay loop, resolution 1000ns
[    0.001735] Console: colour dummy device 80x30
[    0.001765] Calibrating delay loop (skipped), value calculated using timer frequency.. 2.00 BogoMIPS (lpj=10000)
[    0.001776] pid_max: default: 32768 minimum: 301
[    0.001868] Mount-cache hash table entries: 2048 (order: 1, 8192 bytes)
[    0.001879] Mountpoint-cache hash table entries: 2048 (order: 1, 8192 bytes)
[    0.002316] CPU: Testing write buffer coherency: ok
[    0.002522] CPU0: thread -1, cpu 0, socket 0, mpidr 80000000
[    0.002756] Setting up static identity map for 0x300000 - 0x3000a0
[    0.003401] Hierarchical SRCU implementation.
[    0.004253] Tegra Revision: A03 prime SKU: 8 CPU Process: 1 SoC Process: 2
[    0.004709] EFI services will not be available.
[    0.004799] smp: Bringing up secondary CPUs ...
[    0.005316] CPU1: thread -1, cpu 1, socket 0, mpidr 80000001
[    0.005397] smp: Brought up 1 node, 2 CPUs
[    0.005409] SMP: Total of 2 processors activated (4.00 BogoMIPS).
[    0.005414] CPU: All CPU(s) started in SVC mode.
[    0.006078] devtmpfs: initialized
[    0.009663] VFP support v0.3: implementor 41 architecture 3 part 30 variant 9 rev 1
[    0.009871] clocksource: jiffies: mask: 0xffffffff max_cycles: 0xffffffff, max_idle_ns: 19112604462750000 ns
[    0.009886] futex hash table entries: 512 (order: 3, 32768 bytes)
[    0.012875] pinctrl core: initialized pinctrl subsystem
[    0.013800] DMI not present or invalid.
[    0.014028] NET: Registered protocol family 16
[    0.016356] DMA: preallocated 256 KiB pool for atomic coherent allocations
[    0.017655] cpuidle: using governor menu
[    0.032953] No ATAGs?
[    0.033019] hw-breakpoint: found 5 (+1 reserved) breakpoint and 1 watchpoint registers.
[    0.033030] hw-breakpoint: maximum watchpoint size is 4 bytes.
[    0.037748] Serial: AMBA PL011 UART driver
[    0.047850] AT91: Could not find identification node
[    0.048348] usb1_vbus: Failed to request enable GPIO170: -517
[    0.048364] reg-fixed-voltage regulators:regulator@2: Failed to register regulator: -517
[    0.051780] vgaarb: loaded
[    0.052320] SCSI subsystem initialized
[    0.052450] libata version 3.00 loaded.
[    0.052628] usbcore: registered new interface driver usbfs
[    0.052664] usbcore: registered new interface driver hub
[    0.052714] usbcore: registered new device driver usb
[    0.054677] pps_core: LinuxPPS API ver. 1 registered
[    0.054685] pps_core: Software ver. 5.3.6 - Copyright 2005-2007 Rodolfo Giometti <giometti@linux.it>
[    0.054701] PTP clock support registered
[    0.054850] EDAC MC: Ver: 3.0.0
[    0.055093] dmi: Firmware registration failed.
[    0.056510] clocksource: Switched to clocksource timer_us
[    0.094662] NET: Registered protocol family 2
[    0.095099] TCP established hash table entries: 8192 (order: 3, 32768 bytes)
[    0.095169] TCP bind hash table entries: 8192 (order: 4, 65536 bytes)
[    0.095274] TCP: Hash tables configured (established 8192 bind 8192)
[    0.095391] UDP hash table entries: 512 (order: 2, 16384 bytes)
[    0.095442] UDP-Lite hash table entries: 512 (order: 2, 16384 bytes)
[    0.095599] NET: Registered protocol family 1
[    0.095903] RPC: Registered named UNIX socket transport module.
[    0.095911] RPC: Registered udp transport module.
[    0.095917] RPC: Registered tcp transport module.
[    0.095922] RPC: Registered tcp NFSv4.1 backchannel transport module.
[    0.095931] PCI: CLS 0 bytes, default 64
[    0.096788] hw perfevents: no interrupt-affinity property for /pmu, guessing.
[    0.096952] hw perfevents: enabled with armv7_cortex_a9 PMU driver, 7 counters available
[    0.098079] workingset: timestamp_bits=30 max_order=18 bucket_order=0
[    0.102237] squashfs: version 4.0 (2009/01/31) Phillip Lougher
[    0.102694] NFS: Registering the id_resolver key type
[    0.102717] Key type id_resolver registered
[    0.102723] Key type id_legacy registered
[    0.102755] ntfs: driver 2.1.32 [Flags: R/O].
[    0.103850] bounce: pool size: 64 pages
[    0.103898] Block layer SCSI generic (bsg) driver version 0.4 loaded (major 248)
[    0.103906] io scheduler noop registered
[    0.103912] io scheduler deadline registered
[    0.104074] io scheduler cfq registered (default)
[    0.104082] io scheduler mq-deadline registered
[    0.104088] io scheduler kyber registered
[    0.115621] tegra-pcie 80003000.pcie: dual-mode configuration
[    0.116321] tegra-pcie 80003000.pcie: probing port 0, using 2 lanes
[    0.198651] tegra-pcie 80003000.pcie: PCI host bridge to bus 0000:00
[    0.198663] pci_bus 0000:00: root bus resource [io  0x0000-0xffff]
[    0.198672] pci_bus 0000:00: root bus resource [mem 0xa0000000-0xa7ffffff]
[    0.198680] pci_bus 0000:00: root bus resource [mem 0xa8000000-0xbfffffff pref]
[    0.198688] pci_bus 0000:00: root bus resource [bus 00-ff]
[    0.198720] pci 0000:00:01.0: [10de:0bf0] type 01 class 0x060000
[    0.198740] pci_bus 0000:00: 2-byte config write to 0000:00:01.0 offset 0x4 may corrupt adjacent RW1C bits
[    0.198750] pci_bus 0000:00: 2-byte config write to 0000:00:01.0 offset 0x4 may corrupt adjacent RW1C bits
[    0.198768] pci 0000:00:01.0: enabling Extended Tags
[    0.198778] pci_bus 0000:00: 2-byte config write to 0000:00:01.0 offset 0x88 may corrupt adjacent RW1C bits
[    0.198804] pci_bus 0000:00: 2-byte config write to 0000:00:01.0 offset 0x52 may corrupt adjacent RW1C bits
[    0.198828] pci 0000:00:01.0: PME# supported from D0 D1 D2 D3hot D3cold
[    0.198838] pci_bus 0000:00: 2-byte config write to 0000:00:01.0 offset 0x4c may corrupt adjacent RW1C bits
[    0.198990] pci_bus 0000:00: 2-byte config write to 0000:00:01.0 offset 0x3e may corrupt adjacent RW1C bits
[    0.199001] pci_bus 0000:00: 2-byte config write to 0000:00:01.0 offset 0x4 may corrupt adjacent RW1C bits
[    0.199011] pci_bus 0000:00: 1-byte config write to 0000:00:01.0 offset 0xc may corrupt adjacent RW1C bits
[    0.199017] PCI: bus0: Fast back to back transfers disabled
[    0.199026] pci 0000:00:01.0: bridge configuration invalid ([bus 00-00]), reconfiguring
[    0.199035] pci_bus 0000:00: 2-byte config write to 0000:00:01.0 offset 0x3e may corrupt adjacent RW1C bits
[    0.199046] pci_bus 0000:00: 2-byte config write to 0000:00:01.0 offset 0x3e may corrupt adjacent RW1C bits
[    0.199157] pci 0000:01:00.0: [10ec:8168] type 00 class 0x020000
[    0.199192] pci 0000:01:00.0: reg 0x10: [io  0x0000-0x00ff]
[    0.199217] pci 0000:01:00.0: reg 0x18: [mem 0x00000000-0x00000fff 64bit pref]
[    0.199235] pci 0000:01:00.0: reg 0x20: [mem 0x00000000-0x00003fff 64bit pref]
[    0.199248] pci 0000:01:00.0: reg 0x30: [mem 0x00000000-0x0001ffff pref]
[    0.199323] pci 0000:01:00.0: supports D1 D2
[    0.199331] pci 0000:01:00.0: PME# supported from D0 D1 D2 D3hot D3cold
[    0.226543] PCI: bus1: Fast back to back transfers disabled
[    0.226557] pci_bus 0000:01: busn_res: [bus 01-ff] end is updated to 01
[    0.226585] pci 0000:00:01.0: BAR 8: assigned [mem 0xa0000000-0xa00fffff]
[    0.226596] pci 0000:00:01.0: BAR 9: assigned [mem 0xa8000000-0xa80fffff 64bit pref]
[    0.226605] pci 0000:00:01.0: BAR 7: assigned [io  0x1000-0x1fff]
[    0.226617] pci 0000:01:00.0: BAR 6: assigned [mem 0xa0000000-0xa001ffff pref]
[    0.226626] pci 0000:01:00.0: BAR 4: assigned [mem 0xa8000000-0xa8003fff 64bit pref]
[    0.226645] pci 0000:01:00.0: BAR 2: assigned [mem 0xa8004000-0xa8004fff 64bit pref]
[    0.226663] pci 0000:01:00.0: BAR 0: assigned [io  0x1000-0x10ff]
[    0.226674] pci 0000:00:01.0: PCI bridge to [bus 01]
[    0.226682] pci 0000:00:01.0:   bridge window [io  0x1000-0x1fff]
[    0.226691] pci 0000:00:01.0:   bridge window [mem 0xa0000000-0xa00fffff]
[    0.226699] pci 0000:00:01.0:   bridge window [mem 0xa8000000-0xa80fffff 64bit pref]
[    0.226721] pci 0000:00:01.0: nv_msi_ht_cap_quirk didn't locate host bridge
[    0.226774] Disabling cpuidle LP2 state, since PCIe IRQs are in use
[    0.226810] pcieport 0000:00:01.0: enabling device (0140 -> 0143)
[    0.226996] pcieport 0000:00:01.0: Signaling PME with IRQ 295
[    0.232935] tegra-apbdma 6000a000.dma: Tegra20 APB DMA driver register 16 channels
[    0.272657] Serial: 8250/16550 driver, 4 ports, IRQ sharing disabled
[    0.274790] console [ttyS0] disabled
[    0.274828] 70006000.serial: ttyS0 at MMIO 0x70006000 (irq = 279, base_baud = 13500000) is a Tegra
[    1.357712] console [ttyS0] enabled
[    1.361770] SuperH (H)SCI(F) driver initialized
[    1.367066] msm_serial: driver initialized
[    1.371287] STMicroelectronics ASC driver initialized
[    1.380658] tegra-hdmi 54280000.hdmi: 54280000.hdmi supply hdmi not found, using dummy regulator
[    1.391739] [drm] Supports vblank timestamp caching Rev 2 (21.10.2013).
[    1.398371] [drm] No driver support for vblank timestamp query.
[    1.404305] [drm] Cannot find any crtc or sizes
[    1.408870] [drm] Initialized tegra 0.0.0 20120330 for drm on minor 0
[    1.416876] [drm] Cannot find any crtc or sizes
[    1.426951] brd: module loaded
[    1.435141] loop: module loaded
[    1.444271] m25p80 spi0.0: found s25fl008k, expected w25q80bl
[    1.450106] m25p80 spi0.0: s25fl008k (1024 Kbytes)
[    1.456858] libphy: Fixed MDIO Bus: probed
[    1.461639] CAN device driver interface
[    1.466108] bgmac_bcma: Broadcom 47xx GBit MAC driver loaded
[    1.472713] e1000e: Intel(R) PRO/1000 Network Driver - 3.2.6-k
[    1.478547] e1000e: Copyright(c) 1999 - 2015 Intel Corporation.
[    1.484501] igb: Intel(R) Gigabit Ethernet Network Driver - version 5.4.0-k
[    1.491455] igb: Copyright (c) 2007-2014 Intel Corporation.
[    1.497598] r8169 Gigabit Ethernet driver 2.3LK-NAPI loaded
[    1.503181] r8169 0000:01:00.0: enabling device (0140 -> 0143)
[    1.509661] r8169 0000:01:00.0 eth0: RTL8168d/8111d at 0xf0a5c000, 00:01:c0:13:7d:63, XID 081000c0 IRQ 296
[    1.519323] r8169 0000:01:00.0 eth0: jumbo features [frames: 9200 bytes, tx checksumming: ko]
[    1.530042] pegasus: v0.9.3 (2013/04/25), Pegasus/Pegasus II USB Ethernet driver
[    1.537488] usbcore: registered new interface driver pegasus
[    1.543161] usbcore: registered new interface driver asix
[    1.548589] usbcore: registered new interface driver ax88179_178a
[    1.554695] usbcore: registered new interface driver cdc_ether
[    1.560558] usbcore: registered new interface driver smsc75xx
[    1.566318] usbcore: registered new interface driver smsc95xx
[    1.572091] usbcore: registered new interface driver net1080
[    1.577771] usbcore: registered new interface driver cdc_subset
[    1.583696] usbcore: registered new interface driver zaurus
[    1.589311] usbcore: registered new interface driver cdc_ncm
[    1.595226] tegra-phy c5004000.usb-phy: no vbus regulator
[    1.601741] tegra-phy c5008000.usb-phy: no vbus regulator
[    1.608463] ehci_hcd: USB 2.0 'Enhanced' Host Controller (EHCI) Driver
[    1.614974] ehci-pci: EHCI PCI platform driver
[    1.619455] ehci-platform: EHCI generic platform driver
[    1.624818] ehci-orion: EHCI orion driver
[    1.628949] SPEAr-ehci: EHCI SPEAr driver
[    1.633044] ehci-st: EHCI STMicroelectronics driver
[    1.638027] ehci-exynos: EHCI EXYNOS driver
[    1.642310] ehci-atmel: EHCI Atmel driver
[    1.646402] tegra-ehci: Tegra EHCI driver
[    1.707719] ulpi_phy_power_on: ulpi write failed
[    1.712326] tegra-ehci c5004000.usb: Failed to power on the phy
[    1.718262] tegra-ehci: probe of c5004000.usb failed with error -110
[    1.727235] tegra-ehci c5008000.usb: EHCI Host Controller
[    1.732637] tegra-ehci c5008000.usb: new USB bus registered, assigned bus number 1
[    1.740359] tegra-ehci c5008000.usb: irq 290, io mem 0xc5008000
[    1.766531] tegra-ehci c5008000.usb: USB 2.0 started, EHCI 1.00
[    1.772970] hub 1-0:1.0: USB hub found
[    1.776766] hub 1-0:1.0: 1 port detected
[    1.780989] ohci_hcd: USB 1.1 'Open' Host Controller (OHCI) Driver
[    1.787181] ohci-pci: OHCI PCI platform driver
[    1.791650] ohci-platform: OHCI generic platform driver
[    1.797043] SPEAr-ohci: OHCI SPEAr driver
[    1.801142] ohci-st: OHCI STMicroelectronics driver
[    1.806103] ohci-atmel: OHCI Atmel driver
[    1.810683] usbcore: registered new interface driver usb-storage
[    1.819711] rtc-em3027 2-0056: rtc core: registered rtc-em3027 as rtc0
[    1.827356] tegra_rtc 7000e000.rtc: rtc core: registered 7000e000.rtc as rtc1
[    1.834507] tegra_rtc 7000e000.rtc: Tegra internal Real Time Clock
[    1.841097] i2c /dev entries driver
[    1.847139] IR NEC protocol handler initialized
[    1.851658] IR RC5(x/sz) protocol handler initialized
[    1.856712] IR RC6 protocol handler initialized
[    1.861227] IR JVC protocol handler initialized
[    1.865742] IR Sony protocol handler initialized
[    1.870354] IR SANYO protocol handler initialized
[    1.875042] IR Sharp protocol handler initialized
[    1.879740] IR MCE Keyboard/mouse protocol handler initialized
[    1.885555] IR XMP protocol handler initialized
[    1.896970] sdhci: Secure Digital Host Controller Interface driver
[    1.903134] sdhci: Copyright(c) Pierre Ossman
[    1.908651] Synopsys Designware Multimedia Card Interface Driver
[    1.915581] sdhci-pltfm: SDHCI platform and OF driver helper
[    1.929998] mmc0: Invalid maximum block size, assuming 512 bytes
[    1.996691] mmc0: SDHCI controller on c8000000.sdhci [c8000000.sdhci] using ADMA
[    2.004578] sdhci-tegra c8000600.sdhci: Got CD GPIO
[    2.009641] sdhci-tegra c8000600.sdhci: Got WP GPIO
[    2.023021] mmc1: Invalid maximum block size, assuming 512 bytes
[    2.087109] mmc1: SDHCI controller on c8000600.sdhci [c8000600.sdhci] using ADMA
[    2.103146] ledtrig-cpu: registered to indicate activity on CPUs
[    2.109478] usbcore: registered new interface driver usbhid
[    2.115037] usbhid: USB HID core driver
[    2.122692] NET: Registered protocol family 10
[    2.128524] Segment Routing with IPv6
[    2.132225] sit: IPv6, IPv4 and MPLS over IPv4 tunneling driver
[    2.138568] NET: Registered protocol family 17
[    2.143011] can: controller area network core (rev 20170425 abi 9)
[    2.149241] NET: Registered protocol family 29
[    2.153673] can: raw protocol (rev 20170425)
[    2.157942] can: broadcast manager protocol (rev 20170425 t)
[    2.163590] can: netlink gateway (rev 20170425) max_hops=1
[    2.169363] Key type dns_resolver registered
[    2.173975] ThumbEE CPU extension supported.
[    2.178268] Registering SWP/SWPB emulation handler
[    2.183150] usb 1-1: new high-speed USB device number 2 using tegra-ehci
[    2.199290] utmi_phy_clk_enable: timeout waiting for phy to stabilize
[    2.205742] tegra-ehci c5000000.usb: EHCI Host Controller
[    2.211169] tegra-ehci c5000000.usb: new USB bus registered, assigned bus number 2
[    2.218935] tegra-ehci c5000000.usb: irq 288, io mem 0xc5000000
[    2.225395] mmc1: new high speed SD card at address b368
[    2.231490] mmcblk1: mmc1:b368 NCard 1.83 GiB (ro)
[    2.238745]  mmcblk1: p1 p2
[    2.366652] tegra-ehci c5000000.usb: USB 2.0 started, EHCI 1.00
[    2.374647] hub 2-0:1.0: USB hub found
[    2.378484] hub 2-0:1.0: 1 port detected
[    2.383957] input: gpio-keys as /devices/soc0/gpio-keys/input/input0
[    2.390990] rtc-em3027 2-0056: hctosys: unable to read the hardware clock
[    2.398605] hub 1-1:1.0: USB hub found
[    2.402491] hub 1-1:1.0: 4 ports detected
[    2.407611] Waiting for root device PARTUUID=11eb23c1-01...
[    2.726654] usb 1-1.2: new high-speed USB device number 3 using tegra-ehci
[    3.274438] mmc0: host does not support reading read-only switch, assuming write-enable
[    3.284369] mmc0: new high speed SDHC card at address b368
[    3.290194] mmcblk0: mmc0:b368 NCard 3.70 GiB 
[    3.296594]  mmcblk0: p1
[    3.349657] asix 1-1.2:1.0 eth1: register 'asix' at usb-c5008000.usb-1.2, ASIX AX88772 USB 2.0 Ethernet, 00:60:6e:60:6c:68
[    3.367232] EXT4-fs (mmcblk0p1): mounting ext3 file system using the ext4 subsystem
[    3.610662] EXT4-fs (mmcblk0p1): recovery complete
[    3.687513] EXT4-fs (mmcblk0p1): mounted filesystem with ordered data mode. Opts: (null)
[    3.695691] VFS: Mounted root (ext3 filesystem) on device 179:17.
[    3.705798] devtmpfs: mounted
[    3.710329] Freeing unused kernel memory: 2048K
bash: cannot set terminal process group (-1): Inappropriate ioctl for device
bash: no job control in this shell
root@(none):/#  
root@(none):/# mount -t sysfs none /sys
root@(none):/# 
root@(none):/# mount -t debugfs none /sys/kernel/debug
root@(none):/# 
root@(none):/# rtcwake -d rtc1 -m mem -s 3
rtcwake: assuming RTC uses UTC ...
rtcwake: wakeup from "mem" using /dev/rtc1 at Thu Jan  1 00:00:32 1970
[   14.657778] PM: suspend entry (deep)
[   14.661380] PM: Syncing filesystems ... done.
[   14.668284] Freezing user space processes ... (elapsed 0.001 seconds) done.
[   14.676396] OOM killer disabled.
[   14.679639] Freezing remaining freezable tasks ... (elapsed 0.001 seconds) done.
[   14.688134] Suspending console(s) (use no_console_suspend to debug)
[   14.732366] pci_generic_config_write32: 43 callbacks suppressed
[   14.732408] pci_bus 0000:00: 2-byte config write to 0000:00:01.0 offset 0x9c may corrupt adjacent RW1C bits
[   14.754522] pci_bus 0000:01: 2-byte config write to 0000:01:00.0 offset 0x44 may corrupt adjacent RW1C bits
[   14.777192] Disabling non-boot CPUs ...
[   14.820482] Entering suspend state LP1
[   14.820531] Enabling non-boot CPUs ...
[   14.822266] CPU1 is up
[   14.823051] pci_bus 0000:00: 2-byte config write to 0000:00:01.0 offset 0x4c may corrupt adjacent RW1C bits
[   14.823099] pci_bus 0000:00: 2-byte config write to 0000:00:01.0 offset 0x88 may corrupt adjacent RW1C bits
[   14.823130] pci_bus 0000:00: 2-byte config write to 0000:00:01.0 offset 0x90 may corrupt adjacent RW1C bits
[   14.823160] pci_bus 0000:00: 2-byte config write to 0000:00:01.0 offset 0x98 may corrupt adjacent RW1C bits
[   14.823188] pci_bus 0000:00: 2-byte config write to 0000:00:01.0 offset 0x9c may corrupt adjacent RW1C bits
[   14.823267] pci_bus 0000:00: 2-byte config write to 0000:00:01.0 offset 0x52 may corrupt adjacent RW1C bits
[   14.823298] pci_bus 0000:00: 2-byte config write to 0000:00:01.0 offset 0x52 may corrupt adjacent RW1C bits
[   14.823330] pci_bus 0000:00: 2-byte config write to 0000:00:01.0 offset 0x5c may corrupt adjacent RW1C bits
[   14.823401] pcieport 0000:00:01.0: nv_msi_ht_cap_quirk didn't locate host bridge
[   15.523308] OOM killer enabled.
[   15.526456] Restarting tasks ... done.
[   15.530725] PM: suspend exit
root@(none):/# 
root@(none):/# rtcwake -d rtc1 -m mem -s 3
rtcwake: assuming RTC uses UTC ...
rtcwake: wakeup from "mem" using /dev/rtc1 at Thu Jan  1 00:00:37 1970
[   16.197666] PM: suspend entry (deep)
[   16.201266] PM: Syncing filesystems ... done.
[   16.207230] Freezing user space processes ... (elapsed 0.001 seconds) done.
[   16.215383] OOM killer disabled.
[   16.218632] Freezing remaining freezable tasks ... (elapsed 0.001 seconds) done.
[   16.227131] Suspending console(s) (use no_console_suspend to debug)
[   16.307172] Disabling non-boot CPUs ...
[   16.359325] Entering suspend state LP1
[   16.359374] Enabling non-boot CPUs ...
[   16.361179] CPU1 is up
[   16.363770] pcieport 0000:00:01.0: nv_msi_ht_cap_quirk didn't locate host bridge
[   16.950599] OOM killer enabled.
[   16.953734] Restarting tasks ... done.
[   16.957852] PM: suspend exit
root@(none):/# 
root@(none):/# rtcwake -d rtc1 -m mem -s 3
rtcwake: assuming RTC uses UTC ...
rtcwake: wakeup from "mem" using /dev/rtc1 at Thu Jan  1 00:00:42 1970
[   17.737289] PM: suspend entry (deep)
[   17.740863] PM: Syncing filesystems ... done.
[   17.745843] Freezing user space processes ... (elapsed 0.001 seconds) done.
[   17.753938] OOM killer disabled.
[   17.757206] Freezing remaining freezable tasks ... (elapsed 0.001 seconds) done.
[   17.765741] Suspending console(s) (use no_console_suspend to debug)
[   17.847111] Disabling non-boot CPUs ...
[   17.899169] Entering suspend state LP1
[   17.899219] Enabling non-boot CPUs ...
[   17.900977] CPU1 is up
[   17.901769] pcieport 0000:00:01.0: nv_msi_ht_cap_quirk didn't locate host bridge
[   18.509909] OOM killer enabled.
[   18.513044] Restarting tasks ... done.
[   18.517057] PM: suspend exit
root@(none):/# 
root@(none):/# rtcwake -d rtc1 -m mem -s 3
rtcwake: assuming RTC uses UTC ...
rtcwake: wakeup from "mem" using /dev/rtc1 at Thu Jan  1 00:00:47 1970
[   19.277789] PM: suspend entry (deep)
[   19.281389] PM: Syncing filesystems ... done.
[   19.287340] Freezing user space processes ... (elapsed 0.001 seconds) done.
[   19.295492] OOM killer disabled.
[   19.298740] Freezing remaining freezable tasks ... (elapsed 0.001 seconds) done.
[   19.307248] Suspending console(s) (use no_console_suspend to debug)
[   19.387043] Disabling non-boot CPUs ...
[   19.439187] Entering suspend state LP1
[   19.439235] Enabling non-boot CPUs ...
[   19.441003] CPU1 is up
[   19.442418] pcieport 0000:00:01.0: nv_msi_ht_cap_quirk didn't locate host bridge
[   20.040035] OOM killer enabled.
[   20.043164] Restarting tasks ... done.
[   20.047383] PM: suspend exit
root@(none):/# 
root@(none):/# rtcwake -d rtc1 -m mem -s 3
rtcwake: assuming RTC uses UTC ...
rtcwake: wakeup from "mem" using /dev/rtc1 at Thu Jan  1 00:00:52 1970
[   20.817209] PM: suspend entry (deep)
[   20.820810] PM: Syncing filesystems ... done.
[   20.826736] Freezing user space processes ... (elapsed 0.001 seconds) done.
[   20.834891] OOM killer disabled.
[   20.838140] Freezing remaining freezable tasks ... (elapsed 0.001 seconds) done.
[   20.846639] Suspending console(s) (use no_console_suspend to debug)
[   20.881136] pci_generic_config_write32: 90 callbacks suppressed
[   20.881178] pci_bus 0000:00: 2-byte config write to 0000:00:01.0 offset 0x9c may corrupt adjacent RW1C bits
[   20.903232] pci_bus 0000:01: 2-byte config write to 0000:01:00.0 offset 0x44 may corrupt adjacent RW1C bits
[   20.926971] Disabling non-boot CPUs ...
[   20.969148] Entering suspend state LP1
[   20.969197] Enabling non-boot CPUs ...
[   20.970963] CPU1 is up
[   20.973404] pci_bus 0000:00: 2-byte config write to 0000:00:01.0 offset 0x4c may corrupt adjacent RW1C bits
[   20.973453] pci_bus 0000:00: 2-byte config write to 0000:00:01.0 offset 0x88 may corrupt adjacent RW1C bits
[   20.973483] pci_bus 0000:00: 2-byte config write to 0000:00:01.0 offset 0x90 may corrupt adjacent RW1C bits
[   20.973511] pci_bus 0000:00: 2-byte config write to 0000:00:01.0 offset 0x98 may corrupt adjacent RW1C bits
[   20.973537] pci_bus 0000:00: 2-byte config write to 0000:00:01.0 offset 0x9c may corrupt adjacent RW1C bits
[   20.973617] pci_bus 0000:00: 2-byte config write to 0000:00:01.0 offset 0x52 may corrupt adjacent RW1C bits
[   20.973650] pci_bus 0000:00: 2-byte config write to 0000:00:01.0 offset 0x52 may corrupt adjacent RW1C bits
[   20.973681] pci_bus 0000:00: 2-byte config write to 0000:00:01.0 offset 0x5c may corrupt adjacent RW1C bits
[   20.973751] pcieport 0000:00:01.0: nv_msi_ht_cap_quirk didn't locate host bridge
[   21.673571] OOM killer enabled.
[   21.676722] Restarting tasks ... done.
[   21.680722] PM: suspend exit
root@(none):/# 
root@(none):/# rtcwake -d rtc1 -m mem -s 3
rtcwake: assuming RTC uses UTC ...
rtcwake: wakeup from "mem" using /dev/rtc1 at Thu Jan  1 00:00:57 1970
[   22.347382] PM: suspend entry (deep)
[   22.350983] PM: Syncing filesystems ... done.
[   22.356942] Freezing user space processes ... (elapsed 0.001 seconds) done.
[   22.365094] OOM killer disabled.
[   22.368342] Freezing remaining freezable tasks ... (elapsed 0.001 seconds) done.
[   22.376851] Suspending console(s) (use no_console_suspend to debug)
[   22.446851] Disabling non-boot CPUs ...
[   22.488991] Entering suspend state LP1
[   22.489040] Enabling non-boot CPUs ...
[   22.490819] CPU1 is up
[   22.492442] pcieport 0000:00:01.0: nv_msi_ht_cap_quirk didn't locate host bridge
[   23.100056] OOM killer enabled.
[   23.103186] Restarting tasks ... done.
[   23.107917] PM: suspend exit
root@(none):/# 
root@(none):/# rtcwake -d rtc1 -m mem -s 3
rtcwake: assuming RTC uses UTC ...
rtcwake: wakeup from "mem" using /dev/rtc1 at Thu Jan  1 00:01:02 1970
[   23.868046] PM: suspend entry (deep)
[   23.871634] PM: Syncing filesystems ... done.
[   23.877129] Freezing user space processes ... (elapsed 0.001 seconds) done.
[   23.885267] OOM killer disabled.
[   23.888517] Freezing remaining freezable tasks ... (elapsed 0.001 seconds) done.
[   23.897017] Suspending console(s) (use no_console_suspend to debug)
[   23.966815] Disabling non-boot CPUs ...
[   24.008913] Entering suspend state LP1
[   24.008962] Enabling non-boot CPUs ...
[   24.010746] CPU1 is up
[   24.011541] pcieport 0000:00:01.0: nv_msi_ht_cap_quirk didn't locate host bridge
[   24.609539] OOM killer enabled.
[   24.612669] Restarting tasks ... done.
[   24.617168] PM: suspend exit
root@(none):/# 
root@(none):/# rtcwake -d rtc1 -m mem -s 3
rtcwake: assuming RTC uses UTC ...
rtcwake: wakeup from "mem" using /dev/rtc1 at Thu Jan  1 00:01:07 1970
[   25.388872] PM: suspend entry (deep)
[   25.392460] PM: Syncing filesystems ... done.
[   25.397951] Freezing user space processes ... (elapsed 0.001 seconds) done.
[   25.406116] OOM killer disabled.
[   25.409332] Freezing remaining freezable tasks ... (elapsed 0.001 seconds) done.
[   25.417837] Suspending console(s) (use no_console_suspend to debug)
[   25.506740] Disabling non-boot CPUs ...
[   25.548990] Entering suspend state LP1
[   25.549039] Enabling non-boot CPUs ...
[   25.550809] CPU1 is up
[   25.553403] pcieport 0000:00:01.0: nv_msi_ht_cap_quirk didn't locate host bridge
[   26.159962] OOM killer enabled.
[   26.163097] Restarting tasks ... done.
[   26.167604] PM: suspend exit
root@(none):/# 
root@(none):/# rtcwake -d rtc1 -m mem -s 3
rtcwake: assuming RTC uses UTC ...
rtcwake: wakeup from "mem" using /dev/rtc1 at Thu Jan  1 00:01:12 1970
[   26.926866] PM: suspend entry (deep)
[   26.930466] PM: Syncing filesystems ... done.
[   26.936409] Freezing user space processes ... (elapsed 0.001 seconds) done.
[   26.945107] OOM killer disabled.
[   26.948358] Freezing remaining freezable tasks ... (elapsed 0.001 seconds) done.
[   26.956868] Suspending console(s) (use no_console_suspend to debug)
[   26.992305] pci_generic_config_write32: 90 callbacks suppressed
[   26.992349] pci_bus 0000:00: 2-byte config write to 0000:00:01.0 offset 0x9c may corrupt adjacent RW1C bits
[   27.013665] pci_bus 0000:01: 2-byte config write to 0000:01:00.0 offset 0x44 may corrupt adjacent RW1C bits
[   27.036674] Disabling non-boot CPUs ...
[   27.078815] Entering suspend state LP1
[   27.078864] Enabling non-boot CPUs ...
[   27.080640] CPU1 is up
[   27.081954] pci_bus 0000:00: 2-byte config write to 0000:00:01.0 offset 0x4c may corrupt adjacent RW1C bits
[   27.082001] pci_bus 0000:00: 2-byte config write to 0000:00:01.0 offset 0x88 may corrupt adjacent RW1C bits
[   27.082031] pci_bus 0000:00: 2-byte config write to 0000:00:01.0 offset 0x90 may corrupt adjacent RW1C bits
[   27.082059] pci_bus 0000:00: 2-byte config write to 0000:00:01.0 offset 0x98 may corrupt adjacent RW1C bits
[   27.082088] pci_bus 0000:00: 2-byte config write to 0000:00:01.0 offset 0x9c may corrupt adjacent RW1C bits
[   27.082168] pci_bus 0000:00: 2-byte config write to 0000:00:01.0 offset 0x52 may corrupt adjacent RW1C bits
[   27.082200] pci_bus 0000:00: 2-byte config write to 0000:00:01.0 offset 0x52 may corrupt adjacent RW1C bits
[   27.082231] pci_bus 0000:00: 2-byte config write to 0000:00:01.0 offset 0x5c may corrupt adjacent RW1C bits
[   27.082302] pcieport 0000:00:01.0: nv_msi_ht_cap_quirk didn't locate host bridge
[   27.792564] OOM killer enabled.
[   27.795693] Restarting tasks ... done.
[   27.799781] PM: suspend exit
root@(none):/# 
root@(none):/# rtcwake -d rtc1 -m mem -s 3
rtcwake: assuming RTC uses UTC ...
rtcwake: wakeup from "mem" using /dev/rtc1 at Thu Jan  1 00:01:17 1970
[   28.456883] PM: suspend entry (deep)
[   28.460457] PM: Syncing filesystems ... done.
[   28.465444] Freezing user space processes ... (elapsed 0.001 seconds) done.
[   28.473538] OOM killer disabled.
[   28.476806] Freezing remaining freezable tasks ... (elapsed 0.001 seconds) done.
[   28.485343] Suspending console(s) (use no_console_suspend to debug)
[   28.546635] Disabling non-boot CPUs ...
[   28.588720] Entering suspend state LP1
[   28.588770] Enabling non-boot CPUs ...
[   28.590540] CPU1 is up
[   28.592027] pcieport 0000:00:01.0: nv_msi_ht_cap_quirk didn't locate host bridge
[   29.189909] OOM killer enabled.
[   29.193043] Restarting tasks ... done.
[   29.197063] PM: suspend exit
root@(none):/# 
root@(none):/# NVTB SYSTEM SUSPEND TEST COMPLETE
