
U-Boot SPL 2016.05-rc2 (Apr 21 2016 - 16:23:00)
Trying to boot from RAM


U-Boot 2016.05-rc2 (Apr 21 2016 - 16:23:00 -0700)

TEGRA124
Model: NVIDIA Jetson TK1
Board: NVIDIA Jetson TK1
DRAM:  2 GiB
MC:   Tegra SD/MMC: 0, Tegra SD/MMC: 1
In:    serial
Out:   serial
Err:   serial
Net:   No ethernet found.
Hit any key to stop autoboot:  2  0 
Tegra124 (Jetson TK1) # 
Tegra124 (Jetson TK1) # pci enum
Tegra124 (Jetson TK1) # setenv bootargs 'ignore_loglevel console=ttyS0,115200n8 rw root=PARTUUID=b1791faa-84e8-4e27-83a1-9fb0a77e8803 rootwait gpt debug noinitrd earlyprintk init=/bin/bash'
Tegra124 (Jetson TK1) # setenv ipaddr 192.168.100.102; setenv serverip 192.168.100.1; setenv tftpserverip 192.168.100.1
Tegra124 (Jetson TK1) # tftpboot 0x82000000 zImage.multi_v7_defconfig

Warning: eth_rtl8169 using MAC address from ROM
Using eth_rtl8169 device
TFTP from server 192.168.100.1; our IP address is 192.168.100.102
Filename 'zImage.multi_v7_defconfig'.
Load address: 0x82000000
Loading: *#################################################################
	 #################################################################
	 #################################################################
	 #################################################################
	 #################################################################
	 #################################################################
	 #################################################################
	 #################################################################
	 ###########################
	 3.5 MiB/s
done
Bytes transferred = 8018496 (7a5a40 hex)
Tegra124 (Jetson TK1) # tftpboot 0x83000000 tegra124-jetson-tk1.dtb
Using eth_rtl8169 device
TFTP from server 192.168.100.1; our IP address is 192.168.100.102
Filename 'tegra124-jetson-tk1.dtb'.
Load address: 0x83000000
Loading: *#####
	 3.8 MiB/s
done
Bytes transferred = 67161 (10659 hex)
Tegra124 (Jetson TK1) # bootz 0x82000000 - 0x83000000
Kernel image @ 0x82000000 [ 0x000000 - 0x7a5a40 ]
## Flattened Device Tree blob at 83000000
   Booting using the fdt blob at 0x83000000
   Using Device Tree in place at 83000000, end 83013658

Starting kernel ...

[    0.000000] Booting Linux on physical CPU 0x0
[    0.000000] Linux version 4.13.0-187049-g569dbb8 (jonathanh@sellafield) (gcc version 4.7.3 20130328 (prerelease) (crosstool-NG linaro-1.13.1-4.7-2013.04-20130415 - Linaro GCC 2013.04)) #1 SMP Sun Sep 3 14:06:13 PDT 2017
[    0.000000] CPU: ARMv7 Processor [413fc0f3] revision 3 (ARMv7), cr=10c5387d
[    0.000000] CPU: div instructions available: patching division code
[    0.000000] CPU: PIPT / VIPT nonaliasing data cache, PIPT instruction cache
[    0.000000] OF: fdt: Machine model: NVIDIA Tegra124 Jetson TK1
[    0.000000] debug: ignoring loglevel setting.
[    0.000000] Memory policy: Data cache writealloc
[    0.000000] efi: Getting EFI parameters from FDT:
[    0.000000] efi: UEFI not found.
[    0.000000] cma: Reserved 64 MiB at 0xfb800000
[    0.000000] On node 0 totalpages: 524032
[    0.000000] free_area_init_node: node 0, pgdat c157e840, node_mem_map eeff8000
[    0.000000]   DMA zone: 1536 pages used for memmap
[    0.000000]   DMA zone: 0 pages reserved
[    0.000000]   DMA zone: 196608 pages, LIFO batch:31
[    0.000000]   HighMem zone: 327424 pages, LIFO batch:31
[    0.000000] percpu: Embedded 17 pages/cpu @eef81000 s39488 r8192 d21952 u69632
[    0.000000] pcpu-alloc: s39488 r8192 d21952 u69632 alloc=17*4096
[    0.000000] pcpu-alloc: [0] 0 [0] 1 [0] 2 [0] 3 
[    0.000000] Built 1 zonelists in Zone order, mobility grouping on.  Total pages: 522496
[    0.000000] Kernel command line: ignore_loglevel console=ttyS0,115200n8 rw root=PARTUUID=b1791faa-84e8-4e27-83a1-9fb0a77e8803 rootwait gpt debug noinitrd earlyprintk init=/bin/bash
[    0.000000] PID hash table entries: 4096 (order: 2, 16384 bytes)
[    0.000000] Dentry cache hash table entries: 131072 (order: 7, 524288 bytes)
[    0.000000] Inode-cache hash table entries: 65536 (order: 6, 262144 bytes)
[    0.000000] Memory: 1993428K/2096128K available (10240K kernel code, 1562K rwdata, 4452K rodata, 2048K init, 402K bss, 37164K reserved, 65536K cma-reserved, 1244160K highmem)
[    0.000000] Virtual kernel memory layout:
[    0.000000]     vector  : 0xffff0000 - 0xffff1000   (   4 kB)
[    0.000000]     fixmap  : 0xffc00000 - 0xfff00000   (3072 kB)
[    0.000000]     vmalloc : 0xf0800000 - 0xff800000   ( 240 MB)
[    0.000000]     lowmem  : 0xc0000000 - 0xf0000000   ( 768 MB)
[    0.000000]     pkmap   : 0xbfe00000 - 0xc0000000   (   2 MB)
[    0.000000]     modules : 0xbf000000 - 0xbfe00000   (  14 MB)
[    0.000000]       .text : 0xc0208000 - 0xc0d00000   (11232 kB)
[    0.000000]       .init : 0xc1200000 - 0xc1400000   (2048 kB)
[    0.000000]       .data : 0xc1400000 - 0xc15869a8   (1563 kB)
[    0.000000]        .bss : 0xc158fcb0 - 0xc15f46fc   ( 403 kB)
[    0.000000] SLUB: HWalign=64, Order=0-3, MinObjects=0, CPUs=4, Nodes=1
[    0.000000] Hierarchical RCU implementation.
[    0.000000] 	RCU event tracing is enabled.
[    0.000000] 	RCU restricting CPUs from NR_CPUS=16 to nr_cpu_ids=4.
[    0.000000] RCU: Adjusting geometry for rcu_fanout_leaf=16, nr_cpu_ids=4
[    0.000000] NR_IRQS: 16, nr_irqs: 16, preallocated irqs: 16
[    0.000000] /interrupt-controller@60004000: 160 interrupts forwarded to /interrupt-controller@50041000
[    0.000000] Tegra clk 127: register failed with -17
[    0.000009] sched_clock: 32 bits at 1000kHz, resolution 1000ns, wraps every 2147483647500ns
[    0.000028] clocksource: timer_us: mask: 0xffffffff max_cycles: 0xffffffff, max_idle_ns: 1911260446275 ns
[    0.000043] Switching to timer-based delay loop, resolution 1000ns
[    0.005123] arch_timer: cp15 timer(s) running at 12.00MHz (virt).
[    0.005143] clocksource: arch_sys_counter: mask: 0xffffffffffffff max_cycles: 0x2c47f4ee7, max_idle_ns: 440795202497 ns
[    0.005162] sched_clock: 56 bits at 12MHz, resolution 83ns, wraps every 4398046511096ns
[    0.005176] Switching to timer-based delay loop, resolution 83ns
[    0.005663] Console: colour dummy device 80x30
[    0.005692] Calibrating delay loop (skipped), value calculated using timer frequency.. 24.00 BogoMIPS (lpj=120000)
[    0.005710] pid_max: default: 32768 minimum: 301
[    0.005800] Mount-cache hash table entries: 2048 (order: 1, 8192 bytes)
[    0.005815] Mountpoint-cache hash table entries: 2048 (order: 1, 8192 bytes)
[    0.006277] CPU: Testing write buffer coherency: ok
[    0.006526] /cpus/cpu@0 missing clock-frequency property
[    0.006568] /cpus/cpu@1 missing clock-frequency property
[    0.006611] /cpus/cpu@2 missing clock-frequency property
[    0.006655] /cpus/cpu@3 missing clock-frequency property
[    0.006668] CPU0: thread -1, cpu 0, socket 0, mpidr 80000000
[    0.006958] Setting up static identity map for 0x80300000 - 0x803000a0
[    0.008919] Hierarchical SRCU implementation.
[    0.010793] Tegra Revision: A01 SKU: 129 CPU Process: 1 SoC Process: 1
[    0.011551] EFI services will not be available.
[    0.011703] smp: Bringing up secondary CPUs ...
[    0.012259] CPU1: thread -1, cpu 1, socket 0, mpidr 80000001
[    0.015610] CPU2: thread -1, cpu 2, socket 0, mpidr 80000002
[    0.025650] CPU3: thread -1, cpu 3, socket 0, mpidr 80000003
[    0.035099] smp: Brought up 1 node, 4 CPUs
[    0.035122] SMP: Total of 4 processors activated (96.00 BogoMIPS).
[    0.035131] CPU: All CPU(s) started in SVC mode.
[    0.036654] devtmpfs: initialized
[    0.053418] VFP support v0.3: implementor 41 architecture 4 part 30 variant f rev 0
[    0.053824] clocksource: jiffies: mask: 0xffffffff max_cycles: 0xffffffff, max_idle_ns: 19112604462750000 ns
[    0.053843] futex hash table entries: 1024 (order: 4, 65536 bytes)
[    0.055280] pinctrl core: initialized pinctrl subsystem
[    0.056932] DMI not present or invalid.
[    0.057104] random: get_random_u32 called from bucket_table_alloc+0xe8/0x254 with crng_init=0
[    0.057195] NET: Registered protocol family 16
[    0.059271] DMA: preallocated 256 KiB pool for atomic coherent allocations
[    0.061870] cpuidle: using governor menu
[    0.089121] No ATAGs?
[    0.089244] hw-breakpoint: found 5 (+1 reserved) breakpoint and 4 watchpoint registers.
[    0.089261] hw-breakpoint: maximum watchpoint size is 8 bytes.
[    0.096559] Serial: AMBA PL011 UART driver
[    0.113601] AT91: Could not find identification node
[    0.114173] +5V_SYS: supplied by +VDD_MUX
[    0.114461] +3.3V_SYS: supplied by +VDD_MUX
[    0.115102] +USB0_VBUS_SW: Failed to request enable GPIO108: -517
[    0.115119] reg-fixed-voltage regulators:regulator@7: Failed to register regulator: -517
[    0.115257] +5V_USB_HS: Failed to request enable GPIO109: -517
[    0.115272] reg-fixed-voltage regulators:regulator@8: Failed to register regulator: -517
[    0.115464] +1.05V_RUN_AVDD_HDMI_PLL: Failed to request enable GPIO63: -517
[    0.115479] reg-fixed-voltage regulators:regulator@11: Failed to register regulator: -517
[    0.115580] +5V_HDMI_CON: Failed to request enable GPIO86: -517
[    0.115594] reg-fixed-voltage regulators:regulator@12: Failed to register regulator: -517
[    0.115693] +5V_SATA: Failed to request enable GPIO242: -517
[    0.115707] reg-fixed-voltage regulators:regulator@13: Failed to register regulator: -517
[    0.115806] +12V_SATA: Failed to request enable GPIO242: -517
[    0.115820] reg-fixed-voltage regulators:regulator@14: Failed to register regulator: -517
[    0.118849] vgaarb: loaded
[    0.119647] SCSI subsystem initialized
[    0.119811] libata version 3.00 loaded.
[    0.120055] usbcore: registered new interface driver usbfs
[    0.120115] usbcore: registered new interface driver hub
[    0.120176] usbcore: registered new device driver usb
[    0.123730] pps_core: LinuxPPS API ver. 1 registered
[    0.123741] pps_core: Software ver. 5.3.6 - Copyright 2005-2007 Rodolfo Giometti <giometti@linux.it>
[    0.123763] PTP clock support registered
[    0.123952] EDAC MC: Ver: 3.0.0
[    0.124280] dmi: Firmware registration failed.
[    0.126946] clocksource: Switched to clocksource arch_sys_counter
[    0.182267] NET: Registered protocol family 2
[    0.182768] TCP established hash table entries: 8192 (order: 3, 32768 bytes)
[    0.182869] TCP bind hash table entries: 8192 (order: 4, 65536 bytes)
[    0.183057] TCP: Hash tables configured (established 8192 bind 8192)
[    0.183140] UDP hash table entries: 512 (order: 2, 16384 bytes)
[    0.183185] UDP-Lite hash table entries: 512 (order: 2, 16384 bytes)
[    0.183337] NET: Registered protocol family 1
[    0.183672] RPC: Registered named UNIX socket transport module.
[    0.183684] RPC: Registered udp transport module.
[    0.183693] RPC: Registered tcp transport module.
[    0.183702] RPC: Registered tcp NFSv4.1 backchannel transport module.
[    0.183715] PCI: CLS 0 bytes, default 64
[    0.185158] hw perfevents: enabled with armv7_cortex_a15 PMU driver, 7 counters available
[    0.186914] workingset: timestamp_bits=30 max_order=19 bucket_order=0
[    0.195201] squashfs: version 4.0 (2009/01/31) Phillip Lougher
[    0.195929] NFS: Registering the id_resolver key type
[    0.195954] Key type id_resolver registered
[    0.195964] Key type id_legacy registered
[    0.196007] ntfs: driver 2.1.32 [Flags: R/O].
[    0.196656] random: fast init done
[    0.197652] bounce: pool size: 64 pages
[    0.197699] Block layer SCSI generic (bsg) driver version 0.4 loaded (major 248)
[    0.197711] io scheduler noop registered
[    0.197722] io scheduler deadline registered
[    0.197889] io scheduler cfq registered (default)
[    0.197899] io scheduler mq-deadline registered
[    0.197909] io scheduler kyber registered
[    0.201489]  usb2-0: usb2-0 supply vbus not found, using dummy regulator
[    0.201604]  usb2-1: usb2-1 supply vbus not found, using dummy regulator
[    0.202071] tegra-xusb-padctl 7009f000.padctl: failed to setup XUSB ports: -517
[    0.220763] tegra-pcie 1003000.pcie: 2x1, 1x1 configuration
[    0.220820] tegra-pcie 1003000.pcie: Failed to get supply 'avddio-pex': -517
[    0.226999] tegra124-dfll 70110000.clock: couldn't get vdd_cpu regulator
[    0.234176] tegra-apbdma 60020000.dma: Tegra20 APB DMA driver register 32 channels
[    0.236800] tegra-pmc 7000e400.pmc: emergency thermal reset enabled
[    0.289648] Serial: 8250/16550 driver, 4 ports, IRQ sharing disabled
[    0.292277] console [ttyS0] disabled
[    0.292316] 70006300.serial: ttyS0 at MMIO 0x70006300 (irq = 335, base_baud = 25500000) is a Tegra
[    1.206314] console [ttyS0] enabled
[    1.210658] SuperH (H)SCI(F) driver initialized
[    1.216279] msm_serial: driver initialized
[    1.220582] STMicroelectronics ASC driver initialized
[    1.226501] 70006000.serial: ttyTHS1 at MMIO 0x70006000 (irq = 333, base_baud = 0) is a TEGRA_UART
[    1.235767] 70006040.serial: ttyTHS2 at MMIO 0x70006040 (irq = 334, base_baud = 0) is a TEGRA_UART
[    1.250428] tegra-hdmi 54280000.hdmi: failed to get HDMI regulator
[    1.268346] brd: module loaded
[    1.277960] loop: module loaded
[    1.282305] at24 0-0056: 256 byte 24c02 EEPROM, writable, 8 bytes/write
[    1.290694] as3722 4-0040: AS3722 with revision 0x1 found
[    1.302768] as3722-sd2: supplied by +5V_SYS
[    1.307422] as3722-sd3: supplied by +5V_SYS
[    1.311822] +1.35V_LP0(sd3): Bringing 0uV into 1350000-1350000uV
[    1.318206] as3722-sd4: supplied by +5V_SYS
[    1.322818] as3722-sd5: supplied by +5V_SYS
[    1.328870] as3722-ldo0: supplied by +1.35V_LP0(sd2)
[    1.334927] +1.8V_RUN_CAM: Bringing 0uV into 1800000-1800000uV
[    1.341142] as3722-ldo2: supplied by +1.8V_VDDIO
[    1.347026] as3722-ldo3: supplied by +3.3V_SYS
[    1.351503] +1.05V_LP0_VDD_RTC: Bringing 1100000uV into 1000000-1000000uV
[    1.359280] as3722-ldo4: supplied by +3.3V_SYS
[    1.363931] +2.8V_RUN_CAM: Bringing 0uV into 2800000-2800000uV
[    1.370143] as3722-ldo5: supplied by +1.8V_VDDIO
[    1.374980] +1.2V_RUN_CAM_FRONT: Bringing 0uV into 1200000-1200000uV
[    1.381907] +VDDIO_SDMMC3: bypassed regulator has no supply!
[    1.387580] +VDDIO_SDMMC3: failed to get the current voltage(-517)
[    1.393757] as3722-regulator as3722-regulator: regulator 13 register failed -517
[    1.407082] tegra-ahci 70027000.sata: couldn't get PHY in node sata: -517
[    1.429499] m25p80 spi32765.0: w25q32dw (4096 Kbytes)
[    1.437272] libphy: Fixed MDIO Bus: probed
[    1.442473] CAN device driver interface
[    1.447280] bgmac_bcma: Broadcom 47xx GBit MAC driver loaded
[    1.454338] e1000e: Intel(R) PRO/1000 Network Driver - 3.2.6-k
[    1.460264] e1000e: Copyright(c) 1999 - 2015 Intel Corporation.
[    1.466239] igb: Intel(R) Gigabit Ethernet Network Driver - version 5.4.0-k
[    1.473203] igb: Copyright (c) 2007-2014 Intel Corporation.
[    1.482659] pegasus: v0.9.3 (2013/04/25), Pegasus/Pegasus II USB Ethernet driver
[    1.490107] usbcore: registered new interface driver pegasus
[    1.495807] usbcore: registered new interface driver asix
[    1.501255] usbcore: registered new interface driver ax88179_178a
[    1.507389] usbcore: registered new interface driver cdc_ether
[    1.513262] usbcore: registered new interface driver smsc75xx
[    1.519071] usbcore: registered new interface driver smsc95xx
[    1.524848] usbcore: registered new interface driver net1080
[    1.530549] usbcore: registered new interface driver cdc_subset
[    1.536493] usbcore: registered new interface driver zaurus
[    1.542132] usbcore: registered new interface driver cdc_ncm
[    1.548030] tegra-phy 7d004000.usb-phy: no vbus regulator
[    1.555513] ehci_hcd: USB 2.0 'Enhanced' Host Controller (EHCI) Driver
[    1.562051] ehci-pci: EHCI PCI platform driver
[    1.566528] ehci-platform: EHCI generic platform driver
[    1.571975] ehci-orion: EHCI orion driver
[    1.576144] SPEAr-ehci: EHCI SPEAr driver
[    1.580311] ehci-st: EHCI STMicroelectronics driver
[    1.585328] ehci-exynos: EHCI EXYNOS driver
[    1.589688] ehci-atmel: EHCI Atmel driver
[    1.593831] tegra-ehci: Tegra EHCI driver
[    1.600699] tegra-ehci 7d004000.usb: EHCI Host Controller
[    1.606113] tegra-ehci 7d004000.usb: new USB bus registered, assigned bus number 1
[    1.613884] tegra-ehci 7d004000.usb: irq 354, io mem 0x7d004000
[    1.646967] tegra-ehci 7d004000.usb: USB 2.0 started, EHCI 1.10
[    1.653682] hub 1-0:1.0: USB hub found
[    1.657486] hub 1-0:1.0: 1 port detected
[    1.661942] ohci_hcd: USB 1.1 'Open' Host Controller (OHCI) Driver
[    1.668143] ohci-pci: OHCI PCI platform driver
[    1.672622] ohci-platform: OHCI generic platform driver
[    1.678055] SPEAr-ohci: OHCI SPEAr driver
[    1.682203] ohci-st: OHCI STMicroelectronics driver
[    1.687230] ohci-atmel: OHCI Atmel driver
[    1.692025] usbcore: registered new interface driver usb-storage
[    1.702644] as3722-rtc as3722-rtc: rtc core: registered as3722-rtc as rtc0
[    1.709545] as3722-rtc as3722-rtc: RTC interrupt 377
[    1.717975] tegra_rtc 7000e000.rtc: rtc core: registered 7000e000.rtc as rtc1
[    1.725136] tegra_rtc 7000e000.rtc: Tegra internal Real Time Clock
[    1.731864] i2c /dev entries driver
[    1.742442] lm90 0-004c: 0-004c supply vcc not found, using dummy regulator
[    1.760030] sdhci: Secure Digital Host Controller Interface driver
[    1.766202] sdhci: Copyright(c) Pierre Ossman
[    1.772220] Synopsys Designware Multimedia Card Interface Driver
[    1.779598] sdhci-pltfm: SDHCI platform and OF driver helper
[    1.786055] sdhci-tegra 700b0400.sdhci: Got CD GPIO
[    1.790966] sdhci-tegra 700b0400.sdhci: Got WP GPIO
[    1.812214] mmc0: Unknown controller version (3). You may experience problems.
[    1.819488] mmc0: Invalid maximum block size, assuming 512 bytes
[    1.886970] mmc0: SDHCI controller on 700b0600.sdhci [700b0600.sdhci] using ADMA
[    1.896343] ledtrig-cpu: registered to indicate activity on CPUs
[    1.902758] usbcore: registered new interface driver usbhid
[    1.908344] usbhid: USB HID core driver
[    1.916313] NET: Registered protocol family 10
[    1.921660] Segment Routing with IPv6
[    1.925371] sit: IPv6, IPv4 and MPLS over IPv4 tunneling driver
[    1.931860] NET: Registered protocol family 17
[    1.936306] can: controller area network core (rev 20170425 abi 9)
[    1.942553] NET: Registered protocol family 29
[    1.947010] can: raw protocol (rev 20170425)
[    1.951274] can: broadcast manager protocol (rev 20170425 t)
[    1.956947] can: netlink gateway (rev 20170425) max_hops=1
[    1.962730] Key type dns_resolver registered
[    1.967595] ThumbEE CPU extension supported.
[    1.971867] Registering SWP/SWPB emulation handler
[    1.990834] +3.3V_RUN: supplied by +3.3V_SYS
[    1.996386] +USB0_VBUS_SW: supplied by +5V_SYS
[    2.001112] +3.3V_AVDD_HDMI_AP_GATED: supplied by +3.3V_RUN
[    2.007066] +5V_USB_HS: supplied by +5V_SYS
[    2.012943] +3.3V_LP0: supplied by +3.3V_SYS
[    2.019478] +5V_HDMI_CON: supplied by +5V_SYS
[    2.024524] +5V_SATA: supplied by +5V_SYS
[    2.029104] +12V_SATA: supplied by +VDD_MUX
[    2.035181]  usb2-0: usb2-0 supply vbus not found, using dummy regulator
[    2.035552] mmc0: new high speed MMC card at address 0001
[    2.036338] mmcblk0: mmc0:0001 SEM16G 14.7 GiB 
[    2.036851] mmcblk0boot0: mmc0:0001 SEM16G partition 1 4.00 MiB
[    2.037444] mmcblk0boot1: mmc0:0001 SEM16G partition 2 4.00 MiB
[    2.038014] mmcblk0rpmb: mmc0:0001 SEM16G partition 3 4.00 MiB
[    2.044680]  mmcblk0: p1
[    2.072271]  usb2-1: usb2-1 supply vbus not found, using dummy regulator
[    2.079336]  usb3-0: usb3-0 supply vbus not found, using dummy regulator
[    2.087296] tegra-pcie 1003000.pcie: 2x1, 1x1 configuration
[    2.092937] tegra-pcie 1003000.pcie: Failed to get supply 'avddio-pex': -517
[    2.102569] tegra124-dfll 70110000.clock: couldn't get vdd_cpu regulator
[    2.113140] tegra-hdmi 54280000.hdmi: failed to get PLL regulator
[    2.123756] as3722-sd2: supplied by +5V_SYS
[    2.128310] as3722-sd3: supplied by +5V_SYS
[    2.132735] as3722-sd4: supplied by +5V_SYS
[    2.137192] as3722-sd5: supplied by +5V_SYS
[    2.143064] as3722-ldo0: supplied by +1.35V_LP0(sd2)
[    2.148972] as3722-ldo1: supplied by +3.3V_RUN
[    2.153739] as3722-ldo2: supplied by +1.8V_VDDIO
[    2.159306] as3722-ldo3: supplied by +3.3V_SYS
[    2.164612] as3722-ldo4: supplied by +3.3V_SYS
[    2.169341] as3722-ldo5: supplied by +1.8V_VDDIO
[    2.174202] as3722-ldo6: supplied by +3.3V_RUN
[    2.178928] as3722-ldo7: supplied by +1.8V_VDDIO
[    2.184312] +1.05V_RUN_CAM_REAR: Bringing 0uV into 1050000-1050000uV
[    2.191428] as3722-ldo9: supplied by +5V_SYS
[    2.196983] +3.3V_RUN_TOUCH: Bringing 0uV into 2800000-2800000uV
[    2.203723] as3722-ldo10: supplied by +5V_SYS
[    2.208891] +2.8V_RUN_CAM_AF: Bringing 0uV into 2800000-2800000uV
[    2.215707] as3722-ldo11: supplied by +3.3V_RUN
[    2.221049] +1.8V_RUN_VPP_FUSE: Bringing 0uV into 1800000-1800000uV
[    2.230815] tegra-ahci 70027000.sata: AHCI 0001.0301 32 slots 2 ports 3 Gbps 0x1 impl platform mode
[    2.239903] tegra-ahci 70027000.sata: flags: 64bit ncq sntf pm led pio slum part sadm sds apst 
[    2.250278] scsi host0: tegra-ahci
[    2.254827] scsi host1: tegra-ahci
[    2.258555] ata1: SATA max UDMA/133 mmio [mem 0x70027000-0x70028fff] port 0x100 irq 345
[    2.266549] ata2: DUMMY
[    2.272443] tegra-ehci 7d008000.usb: EHCI Host Controller
[    2.277900] tegra-ehci 7d008000.usb: new USB bus registered, assigned bus number 2
[    2.285627] tegra-ehci 7d008000.usb: irq 355, io mem 0x7d008000
[    2.317068] tegra-ehci 7d008000.usb: USB 2.0 started, EHCI 1.10
[    2.324117] hub 2-0:1.0: USB hub found
[    2.327972] hub 2-0:1.0: 1 port detected
[    2.334468] sdhci-tegra 700b0400.sdhci: Got CD GPIO
[    2.339423] sdhci-tegra 700b0400.sdhci: Got WP GPIO
[    2.351180] mmc1: Unknown controller version (3). You may experience problems.
[    2.358518] mmc1: Invalid maximum block size, assuming 512 bytes
[    2.427497] mmc1: SDHCI controller on 700b0400.sdhci [700b0400.sdhci] using ADMA
[    2.435607] tegra-pcie 1003000.pcie: 2x1, 1x1 configuration
[    2.443309] tegra-pcie 1003000.pcie: probing port 0, using 2 lanes
[    2.453038] tegra-pcie 1003000.pcie: Slot present pin change, signature: 00000008
[    2.477199] tegra-pcie 1003000.pcie: probing port 1, using 1 lanes
[    2.485537] tegra-pcie 1003000.pcie: Slot present pin change, signature: 00000000
[    2.500291] tegra-pcie 1003000.pcie: PCI host bridge to bus 0000:00
[    2.506570] pci_bus 0000:00: root bus resource [io  0x0000-0xffff]
[    2.512802] pci_bus 0000:00: root bus resource [mem 0x13000000-0x1fffffff]
[    2.519716] pci_bus 0000:00: root bus resource [mem 0x20000000-0x3fffffff pref]
[    2.527074] pci_bus 0000:00: root bus resource [bus 00-ff]
[    2.532602] pci 0000:00:01.0: [10de:0e12] type 01 class 0x060400
[    2.538671] pci_bus 0000:00: 2-byte config write to 0000:00:01.0 offset 0x4 may corrupt adjacent RW1C bits
[    2.548373] pci_bus 0000:00: 2-byte config write to 0000:00:01.0 offset 0x4 may corrupt adjacent RW1C bits
[    2.558108] pci_bus 0000:00: 2-byte config write to 0000:00:01.0 offset 0x88 may corrupt adjacent RW1C bits
[    2.567912] pci_bus 0000:00: 2-byte config write to 0000:00:01.0 offset 0x52 may corrupt adjacent RW1C bits
[    2.577741] pci 0000:00:01.0: PME# supported from D0 D1 D2 D3hot D3cold
[    2.584369] pci_bus 0000:00: 2-byte config write to 0000:00:01.0 offset 0x4c may corrupt adjacent RW1C bits
[    2.594409] pci 0000:00:02.0: [10de:0e13] type 01 class 0x060400
[    2.600474] pci_bus 0000:00: 2-byte config write to 0000:00:02.0 offset 0x4 may corrupt adjacent RW1C bits
[    2.600653] ata1: SATA link down (SStatus 0 SControl 300)
[    2.615557] pci_bus 0000:00: 2-byte config write to 0000:00:02.0 offset 0x4 may corrupt adjacent RW1C bits
[    2.625260] pci_bus 0000:00: 2-byte config write to 0000:00:02.0 offset 0x88 may corrupt adjacent RW1C bits
[    2.635061] pci_bus 0000:00: 2-byte config write to 0000:00:02.0 offset 0x52 may corrupt adjacent RW1C bits
[    2.644846] pci 0000:00:02.0: PME# supported from D0 D1 D2 D3hot D3cold
[    2.651472] pci_bus 0000:00: 2-byte config write to 0000:00:02.0 offset 0x4c may corrupt adjacent RW1C bits
[    2.661492] PCI: bus0: Fast back to back transfers disabled
[    2.667086] pci 0000:00:01.0: bridge configuration invalid ([bus 00-00]), reconfiguring
[    2.675104] pci 0000:00:02.0: bridge configuration invalid ([bus 00-00]), reconfiguring
[    2.683357] pci 0000:01:00.0: [8086:4232] type 00 class 0x028000
[    2.689453] pci 0000:01:00.0: reg 0x10: [mem 0x00000000-0x00001fff 64bit]
[    2.696444] pci 0000:01:00.0: PME# supported from D0 D3hot D3cold
[    2.717963] mmc1: new high speed SDHC card at address aaaa
[    2.724138] mmcblk1: mmc1:aaaa SD04G 3.69 GiB 
[    2.728984] PCI: bus1: Fast back to back transfers disabled
[    2.734586] pci_bus 0000:01: busn_res: [bus 01-ff] end is updated to 01
[    2.741453] pci 0000:02:00.0: [10ec:8168] type 00 class 0x020000
[    2.747522] pci 0000:02:00.0: reg 0x10: [io  0x0000-0x00ff]
[    2.753120] pci 0000:02:00.0: reg 0x18: [mem 0x00000000-0x00000fff 64bit]
[    2.759947] pci 0000:02:00.0: reg 0x20: [mem 0x00000000-0x00003fff 64bit pref]
[    2.767315] pci 0000:02:00.0: supports D1 D2
[    2.771580] pci 0000:02:00.0: PME# supported from D0 D1 D2 D3hot D3cold
[    2.791892]  mmcblk1: p1 p2 p3
[    2.807105] PCI: bus2: Fast back to back transfers disabled
[    2.812684] pci_bus 0000:02: busn_res: [bus 02-ff] end is updated to 02
[    2.819363] pci 0000:00:01.0: BAR 8: assigned [mem 0x13000000-0x130fffff]
[    2.826144] pci 0000:00:02.0: BAR 8: assigned [mem 0x13100000-0x131fffff]
[    2.832949] pci 0000:00:02.0: BAR 9: assigned [mem 0x20000000-0x200fffff 64bit pref]
[    2.840738] pci 0000:00:02.0: BAR 7: assigned [io  0x1000-0x1fff]
[    2.846849] pci 0000:01:00.0: BAR 0: assigned [mem 0x13000000-0x13001fff 64bit]
[    2.854226] pci 0000:00:01.0: PCI bridge to [bus 01]
[    2.859239] pci 0000:00:01.0:   bridge window [mem 0x13000000-0x130fffff]
[    2.866039] pci 0000:02:00.0: BAR 4: assigned [mem 0x20000000-0x20003fff 64bit pref]
[    2.873849] pci 0000:02:00.0: BAR 2: assigned [mem 0x13100000-0x13100fff 64bit]
[    2.881193] pci 0000:02:00.0: BAR 0: assigned [io  0x1000-0x10ff]
[    2.887306] pci 0000:00:02.0: PCI bridge to [bus 02]
[    2.892276] pci 0000:00:02.0:   bridge window [io  0x1000-0x1fff]
[    2.898402] pci 0000:00:02.0:   bridge window [mem 0x13100000-0x131fffff]
[    2.905184] pci 0000:00:02.0:   bridge window [mem 0x20000000-0x200fffff 64bit pref]
[    2.912990] pci 0000:00:01.0: nv_msi_ht_cap_quirk didn't locate host bridge
[    2.920103] pcieport 0000:00:01.0: enabling device (0140 -> 0142)
[    2.926440] pcieport 0000:00:01.0: Signaling PME with IRQ 393
[    2.932338] pci 0000:00:02.0: nv_msi_ht_cap_quirk didn't locate host bridge
[    2.939438] pcieport 0000:00:02.0: enabling device (0140 -> 0143)
[    2.945776] pcieport 0000:00:02.0: Signaling PME with IRQ 394
[    2.951912] r8169 Gigabit Ethernet driver 2.3LK-NAPI loaded
[    2.957526] r8169 0000:02:00.0: enabling device (0140 -> 0143)
[    2.988639] r8169 0000:02:00.0 eth0: RTL8168g/8111g at 0xf0b72000, 00:04:4b:3a:d9:81, XID 0c000800 IRQ 395
[    2.998314] r8169 0000:02:00.0 eth0: jumbo features [frames: 9200 bytes, tx checksumming: ko]
[    3.010630] +1.05V_RUN_AVDD_HDMI_PLL: supplied by +1.05V_RUN
[    3.018509] [drm] Supports vblank timestamp caching Rev 2 (21.10.2013).
[    3.025123] [drm] No driver support for vblank timestamp query.
[    3.154125] tegra-hdmi 54280000.hdmi: cannot set audio to 48000 Hz at 297000000 Hz pixel clock
[    3.402021] Console: switching to colour frame buffer device 512x135
[    3.500624] drm drm: fb0:  frame buffer device
[    3.505167] [drm] Initialized tegra 0.0.0 20120330 for drm on minor 0
[    3.513058] of: dev_pm_opp_of_cpumask_add_table: couldn't find opp table for cpu:0, -19
[    3.521127] cpufreq: cpufreq_online: CPU0: Running at unlisted freq: 696000 KHz
[    3.528455] cpufreq: cpufreq_online: CPU0: Unlisted initial frequency changed to: 714000 KHz
[    3.537708] input: gpio-keys as /devices/soc0/gpio-keys/input/input0
[    3.544994] as3722-rtc as3722-rtc: setting system clock to 2000-01-01 00:02:57 UTC (946684977)
[    3.553968] +USB0_VBUS_SW: disabling
[    3.557589] +1.8V_RUN_CAM: disabling
[    3.561373] +2.8V_RUN_CAM: disabling
[    3.565106] +1.2V_RUN_CAM_FRONT: disabling
[    3.569463] +1.05V_RUN_CAM_REAR: disabling
[    3.573715] +3.3V_RUN_TOUCH: disabling
[    3.577699] +2.8V_RUN_CAM_AF: disabling
[    3.581692] +1.8V_RUN_VPP_FUSE: disabling
[    3.586834] EXT4-fs (mmcblk0p1): mounting ext3 file system using the ext4 subsystem
[    3.608832] EXT4-fs (mmcblk0p1): recovery complete
[    3.613627] EXT4-fs (mmcblk0p1): mounted filesystem with ordered data mode. Opts: (null)
[    3.621772] VFS: Mounted root (ext3 filesystem) on device 179:1.
[    3.631897] devtmpfs: mounted
[    3.635643] Freeing unused kernel memory: 2048K
bash: cannot set terminal process group (-1): Inappropriate ioctl for device
bash: no job control in this shell
root@(none):/# mount -t sysfs none /sys
root@(none):/# 
root@(none):/# mount -t debugfs none /sys/kernel/debug
root@(none):/# 
root@(none):/# rtcwake -d rtc1 -m mem -s 3
rtcwake: assuming RTC uses UTC ...
rtcwake: wakeup from "mem" using /dev/rtc1 at Thu Jan  1 00:00:20 1970
[    6.410768] PM: Syncing filesystems ... done.
[    6.671584] Freezing user space processes ... (elapsed 0.001 seconds) done.
[    6.679845] OOM killer disabled.
[    6.683065] Freezing remaining freezable tasks ... (elapsed 0.001 seconds) done.
[    6.691637] Suspending console(s) (use no_console_suspend to debug)
[    6.847889] Disabling non-boot CPUs ...
[    7.027099] IRQ17 no longer affine to CPU3
[    7.027760] Entering suspend state LP1
[    7.027760] Suspended for 2.812 seconds
[    7.027772] Enabling non-boot CPUs ...
[    7.028158] CPU1 is up
[    7.028506] CPU2 is up
[    7.028854] CPU3 is up
[    7.029600] pcieport 0000:00:01.0: nv_msi_ht_cap_quirk didn't locate host bridge
[    7.029602] pcieport 0000:00:02.0: nv_msi_ht_cap_quirk didn't locate host bridge
[    7.062636] tegra-hdmi 54280000.hdmi: cannot set audio to 48000 Hz at 297000000 Hz pixel clock
[    7.235066] OOM killer enabled.
[    7.238200] Restarting tasks ... done.
root@(none):/# 
root@(none):/# [    7.389533] ata1: SATA link down (SStatus 0 SControl 300)
rtcwake -d rtc1 -m mem -s 3
rtcwake: assuming RTC uses UTC ...
rtcwake: wakeup from "mem" using /dev/rtc1 at Thu Jan  1 00:00:24 1970
[    7.588373] PM: Syncing filesystems ... done.
[    7.650559] Freezing user space processes ... (elapsed 0.001 seconds) done.
[    7.658660] OOM killer disabled.
[    7.661877] Freezing remaining freezable tasks ... (elapsed 0.001 seconds) done.
[    7.670458] Suspending console(s) (use no_console_suspend to debug)
[    7.690187] pci_generic_config_write32: 131 callbacks suppressed
[    7.690198] pci_bus 0000:00: 2-byte config write to 0000:00:02.0 offset 0x9c may corrupt adjacent RW1C bits
[    7.690228] pci_bus 0000:00: 2-byte config write to 0000:00:01.0 offset 0x9c may corrupt adjacent RW1C bits
[    7.801216] pci_bus 0000:02: 2-byte config write to 0000:02:00.0 offset 0x44 may corrupt adjacent RW1C bits
[    7.801232] pci_bus 0000:02: 2-byte config write to 0000:02:00.0 offset 0x44 may corrupt adjacent RW1C bits
[    7.828392] Disabling non-boot CPUs ...
[    7.987170] IRQ17 no longer affine to CPU3
[    7.987950] Entering suspend state LP1
[    7.987950] Suspended for 3.039 seconds
[    7.987962] Enabling non-boot CPUs ...
[    7.988363] CPU1 is up
[    7.988713] CPU2 is up
[    7.989071] CPU3 is up
[    7.989697] pci_bus 0000:00: 2-byte config write to 0000:00:01.0 offset 0x4c may corrupt adjacent RW1C bits
[    7.989707] pci_bus 0000:00: 2-byte config write to 0000:00:02.0 offset 0x4c may corrupt adjacent RW1C bits
[    7.989717] pci_bus 0000:00: 2-byte config write to 0000:00:01.0 offset 0x88 may corrupt adjacent RW1C bits
[    7.989724] pci_bus 0000:00: 2-byte config write to 0000:00:01.0 offset 0x90 may corrupt adjacent RW1C bits
[    7.989730] pci_bus 0000:00: 2-byte config write to 0000:00:02.0 offset 0x88 may corrupt adjacent RW1C bits
[    7.989736] pci_bus 0000:00: 2-byte config write to 0000:00:01.0 offset 0x98 may corrupt adjacent RW1C bits
[    7.989846] pcieport 0000:00:02.0: nv_msi_ht_cap_quirk didn't locate host bridge
[    7.989847] pcieport 0000:00:01.0: nv_msi_ht_cap_quirk didn't locate host bridge
[    8.021829] tegra-hdmi 54280000.hdmi: cannot set audio to 48000 Hz at 297000000 Hz pixel clock
[    8.297628] OOM killer enabled.
[    8.300764] Restarting tasks ... done.
root@(none):/# 
[    8.349698] ata1: SATA link down (SStatus 0 SControl 300)
root@(none):/# rtcwake -d rtc1 -m mem -s 3
rtcwake: assuming RTC uses UTC ...
rtcwake: wakeup from "mem" using /dev/rtc1 at Thu Jan  1 00:00:29 1970
[    9.577638] PM: Syncing filesystems ... done.
[    9.780404] Freezing user space processes ... (elapsed 0.001 seconds) done.
[    9.788671] OOM killer disabled.
[    9.791887] Freezing remaining freezable tasks ... (elapsed 0.001 seconds) done.
[    9.800454] Suspending console(s) (use no_console_suspend to debug)
[    9.957972] Disabling non-boot CPUs ...
[   10.117717] Entering suspend state LP1
[   10.117717] Suspended for 2.869 seconds
[   10.117729] Enabling non-boot CPUs ...
[   10.118172] CPU1 is up
[   10.118527] CPU2 is up
[   10.118889] CPU3 is up
[   10.119622] pcieport 0000:00:02.0: nv_msi_ht_cap_quirk didn't locate host bridge
[   10.119624] pcieport 0000:00:01.0: nv_msi_ht_cap_quirk didn't locate host bridge
[   10.161862] tegra-hdmi 54280000.hdmi: cannot set audio to 48000 Hz at 297000000 Hz pixel clock
[   10.330218] OOM killer enabled.
[   10.333352] Restarting tasks ... done.
root@(none):/# 
root@(none):/# [   10.489598] ata1: SATA link down (SStatus 0 SControl 300)
rtcwake -d rtc1 -m mem -s 3
rtcwake: assuming RTC uses UTC ...
rtcwake: wakeup from "mem" using /dev/rtc1 at Thu Jan  1 00:00:33 1970
[   10.687936] PM: Syncing filesystems ... done.
[   10.750248] Freezing user space processes ... (elapsed 0.001 seconds) done.
[   10.758419] OOM killer disabled.
[   10.761638] Freezing remaining freezable tasks ... (elapsed 0.001 seconds) done.
[   10.770248] Suspending console(s) (use no_console_suspend to debug)
[   10.928461] Disabling non-boot CPUs ...
[   11.087966] Entering suspend state LP1
[   11.087966] Suspended for 3.029 seconds
[   11.087978] Enabling non-boot CPUs ...
[   11.088379] CPU1 is up
[   11.088730] CPU2 is up
[   11.089089] CPU3 is up
[   11.089807] pcieport 0000:00:01.0: nv_msi_ht_cap_quirk didn't locate host bridge
[   11.089809] pcieport 0000:00:02.0: nv_msi_ht_cap_quirk didn't locate host bridge
[   11.121874] tegra-hdmi 54280000.hdmi: cannot set audio to 48000 Hz at 297000000 Hz pixel clock
[   11.290262] OOM killer enabled.
[   11.293394] Restarting tasks ... done.
root@(none):/# 
root@(none):/# [   11.449548] ata1: SATA link down (SStatus 0 SControl 300)
rtcwake -d rtc1 -m mem -s 3
rtcwake: assuming RTC uses UTC ...
rtcwake: wakeup from "mem" using /dev/rtc1 at Thu Jan  1 00:00:37 1970
[   11.663609] PM: Syncing filesystems ... done.
[   11.752061] Freezing user space processes ... (elapsed 0.001 seconds) done.
[   11.760163] OOM killer disabled.
[   11.763385] Freezing remaining freezable tasks ... (elapsed 0.001 seconds) done.
[   11.772020] Suspending console(s) (use no_console_suspend to debug)
[   11.928481] Disabling non-boot CPUs ...
[   11.967151] IRQ17 no longer affine to CPU1
[   12.087796] Entering suspend state LP1
[   12.087796] Suspended for 3.000 seconds
[   12.087808] Enabling non-boot CPUs ...
[   12.088249] CPU1 is up
[   12.088603] CPU2 is up
[   12.088960] CPU3 is up
[   12.089634] pcieport 0000:00:02.0: nv_msi_ht_cap_quirk didn't locate host bridge
[   12.089749] pcieport 0000:00:01.0: nv_msi_ht_cap_quirk didn't locate host bridge
[   12.121666] tegra-hdmi 54280000.hdmi: cannot set audio to 48000 Hz at 297000000 Hz pixel clock
[   12.294129] OOM killer enabled.
[   12.297262] Restarting tasks ... done.
root@(none):/# 
root@(none):/# [   12.449403] ata1: SATA link down (SStatus 0 SControl 300)
rtcwake -d rtc1 -m mem -s 3
rtcwake: assuming RTC uses UTC ...
rtcwake: wakeup from "mem" using /dev/rtc1 at Thu Jan  1 00:00:41 1970
[   12.657990] PM: Syncing filesystems ... done.
[   12.710044] Freezing user space processes ... (elapsed 0.001 seconds) done.
[   12.718225] OOM killer disabled.
[   12.721444] Freezing remaining freezable tasks ... (elapsed 0.001 seconds) done.
[   12.730055] Suspending console(s) (use no_console_suspend to debug)
[   12.749826] pci_generic_config_write32: 174 callbacks suppressed
[   12.749837] pci_bus 0000:00: 2-byte config write to 0000:00:02.0 offset 0x9c may corrupt adjacent RW1C bits
[   12.749862] pci_bus 0000:00: 2-byte config write to 0000:00:01.0 offset 0x9c may corrupt adjacent RW1C bits
[   12.862846] pci_bus 0000:02: 2-byte config write to 0000:02:00.0 offset 0x44 may corrupt adjacent RW1C bits
[   12.862863] pci_bus 0000:02: 2-byte config write to 0000:02:00.0 offset 0x44 may corrupt adjacent RW1C bits
[   12.888342] Disabling non-boot CPUs ...
[   12.927125] IRQ17 no longer affine to CPU1
[   13.047903] Entering suspend state LP1
[   13.047903] Suspended for 3.039 seconds
[   13.047915] Enabling non-boot CPUs ...
[   13.048317] CPU1 is up
[   13.048672] CPU2 is up
[   13.049030] CPU3 is up
[   13.049631] pci_bus 0000:00: 2-byte config write to 0000:00:02.0 offset 0x4c may corrupt adjacent RW1C bits
[   13.049642] pci_bus 0000:00: 2-byte config write to 0000:00:01.0 offset 0x4c may corrupt adjacent RW1C bits
[   13.049652] pci_bus 0000:00: 2-byte config write to 0000:00:02.0 offset 0x88 may corrupt adjacent RW1C bits
[   13.049659] pci_bus 0000:00: 2-byte config write to 0000:00:02.0 offset 0x90 may corrupt adjacent RW1C bits
[   13.049665] pci_bus 0000:00: 2-byte config write to 0000:00:01.0 offset 0x88 may corrupt adjacent RW1C bits
[   13.049671] pci_bus 0000:00: 2-byte config write to 0000:00:02.0 offset 0x98 may corrupt adjacent RW1C bits
[   13.049781] pcieport 0000:00:01.0: nv_msi_ht_cap_quirk didn't locate host bridge
[   13.049783] pcieport 0000:00:02.0: nv_msi_ht_cap_quirk didn't locate host bridge
[   13.081441] tegra-hdmi 54280000.hdmi: cannot set audio to 48000 Hz at 297000000 Hz pixel clock
[   13.357279] OOM killer enabled.
[   13.360416] Restarting tasks ... done.
root@(none):/# 
[   13.409574] ata1: SATA link down (SStatus 0 SControl 300)
root@(none):/# rtcwake -d rtc1 -m mem -s 3
rtcwake: assuming RTC uses UTC ...
rtcwake: wakeup from "mem" using /dev/rtc1 at Thu Jan  1 00:00:46 1970
[   14.636412] PM: Syncing filesystems ... done.
[   14.841612] Freezing user space processes ... (elapsed 0.001 seconds) done.
[   14.849853] OOM killer disabled.
[   14.853068] Freezing remaining freezable tasks ... (elapsed 0.001 seconds) done.
[   14.861625] Suspending console(s) (use no_console_suspend to debug)
[   15.017770] Disabling non-boot CPUs ...
[   15.056992] IRQ17 no longer affine to CPU1
[   15.177462] Entering suspend state LP1
[   15.177462] Suspended for 2.870 seconds
[   15.177474] Enabling non-boot CPUs ...
[   15.177881] CPU1 is up
[   15.178235] CPU2 is up
[   15.178593] CPU3 is up
[   15.179308] pcieport 0000:00:01.0: nv_msi_ht_cap_quirk didn't locate host bridge
[   15.179314] pcieport 0000:00:02.0: nv_msi_ht_cap_quirk didn't locate host bridge
[   15.211659] tegra-hdmi 54280000.hdmi: cannot set audio to 48000 Hz at 297000000 Hz pixel clock
[   15.384143] OOM killer enabled.
[   15.387276] Restarting tasks ... done.
root@(none):/# 
root@(none):/# [   15.539348] ata1: SATA link down (SStatus 0 SControl 300)
rtcwake -d rtc1 -m mem -s 3
rtcwake: assuming RTC uses UTC ...
rtcwake: wakeup from "mem" using /dev/rtc1 at Thu Jan  1 00:00:50 1970
[   15.748212] PM: Syncing filesystems ... done.
[   15.800027] Freezing user space processes ... (elapsed 0.001 seconds) done.
[   15.808203] OOM killer disabled.
[   15.811421] Freezing remaining freezable tasks ... (elapsed 0.001 seconds) done.
[   15.820035] Suspending console(s) (use no_console_suspend to debug)
[   15.978284] Disabling non-boot CPUs ...
[   16.147855] Entering suspend state LP1
[   16.147855] Suspended for 3.029 seconds
[   16.147867] Enabling non-boot CPUs ...
[   16.148268] CPU1 is up
[   16.148620] CPU2 is up
[   16.148988] CPU3 is up
[   16.149715] pcieport 0000:00:01.0: nv_msi_ht_cap_quirk didn't locate host bridge
[   16.149717] pcieport 0000:00:02.0: nv_msi_ht_cap_quirk didn't locate host bridge
[   16.181790] tegra-hdmi 54280000.hdmi: cannot set audio to 48000 Hz at 297000000 Hz pixel clock
[   16.350136] OOM killer enabled.
[   16.353269] Restarting tasks ... done.
root@(none):/# 
root@(none):/# [   16.509445] ata1: SATA link down (SStatus 0 SControl 300)
rtcwake -d rtc1 -m mem -s 3
rtcwake: assuming RTC uses UTC ...
rtcwake: wakeup from "mem" using /dev/rtc1 at Thu Jan  1 00:00:54 1970
[   16.718429] PM: Syncing filesystems ... done.
[   16.770153] Freezing user space processes ... (elapsed 0.001 seconds) done.
[   16.778252] OOM killer disabled.
[   16.781470] Freezing remaining freezable tasks ... (elapsed 0.001 seconds) done.
[   16.790062] Suspending console(s) (use no_console_suspend to debug)
[   16.948170] Disabling non-boot CPUs ...
[   17.107684] Entering suspend state LP1
[   17.107684] Suspended for 3.039 seconds
[   17.107696] Enabling non-boot CPUs ...
[   17.108100] CPU1 is up
[   17.108456] CPU2 is up
[   17.108819] CPU3 is up
[   17.109555] pcieport 0000:00:02.0: nv_msi_ht_cap_quirk didn't locate host bridge
[   17.109558] pcieport 0000:00:01.0: nv_msi_ht_cap_quirk didn't locate host bridge
[   17.141702] tegra-hdmi 54280000.hdmi: cannot set audio to 48000 Hz at 297000000 Hz pixel clock
[   17.310056] OOM killer enabled.
[   17.313190] Restarting tasks ... done.
root@(none):/# 
root@(none):/# [   17.469406] ata1: SATA link down (SStatus 0 SControl 300)
rtcwake -d rtc1 -m mem -s 3
rtcwake: assuming RTC uses UTC ...
rtcwake: wakeup from "mem" using /dev/rtc1 at Thu Jan  1 00:00:58 1970
[   17.678135] PM: Syncing filesystems ... done.
[   17.730078] Freezing user space processes ... (elapsed 0.001 seconds) done.
[   17.738190] OOM killer disabled.
[   17.741408] Freezing remaining freezable tasks ... (elapsed 0.001 seconds) done.
[   17.750001] Suspending console(s) (use no_console_suspend to debug)
[   17.769767] pci_generic_config_write32: 174 callbacks suppressed
[   17.769776] pci_bus 0000:00: 2-byte config write to 0000:00:02.0 offset 0x9c may corrupt adjacent RW1C bits
[   17.769802] pci_bus 0000:00: 2-byte config write to 0000:00:01.0 offset 0x9c may corrupt adjacent RW1C bits
[   17.881568] pci_bus 0000:02: 2-byte config write to 0000:02:00.0 offset 0x44 may corrupt adjacent RW1C bits
[   17.881586] pci_bus 0000:02: 2-byte config write to 0000:02:00.0 offset 0x44 may corrupt adjacent RW1C bits
[   17.908274] Disabling non-boot CPUs ...
[   18.067789] Entering suspend state LP1
[   18.067789] Suspended for 3.039 seconds
[   18.067801] Enabling non-boot CPUs ...
[   18.068202] CPU1 is up
[   18.068554] CPU2 is up
[   18.068918] CPU3 is up
[   18.069514] pci_bus 0000:00: 2-byte config write to 0000:00:01.0 offset 0x4c may corrupt adjacent RW1C bits
[   18.069522] pci_bus 0000:00: 2-byte config write to 0000:00:02.0 offset 0x4c may corrupt adjacent RW1C bits
[   18.069534] pci_bus 0000:00: 2-byte config write to 0000:00:01.0 offset 0x88 may corrupt adjacent RW1C bits
[   18.069541] pci_bus 0000:00: 2-byte config write to 0000:00:02.0 offset 0x88 may corrupt adjacent RW1C bits
[   18.069547] pci_bus 0000:00: 2-byte config write to 0000:00:01.0 offset 0x90 may corrupt adjacent RW1C bits
[   18.069553] pci_bus 0000:00: 2-byte config write to 0000:00:02.0 offset 0x90 may corrupt adjacent RW1C bits
[   18.069663] pcieport 0000:00:02.0: nv_msi_ht_cap_quirk didn't locate host bridge
[   18.069664] pcieport 0000:00:01.0: nv_msi_ht_cap_quirk didn't locate host bridge
[   18.101804] tegra-hdmi 54280000.hdmi: cannot set audio to 48000 Hz at 297000000 Hz pixel clock
[   18.373471] OOM killer enabled.
[   18.376603] Restarting tasks ... done.
root@(none):/# 
[   18.429480] ata1: SATA link down (SStatus 0 SControl 300)
root@(none):/# NVTB SYSTEM SUSPEND TEST COMPLETE
