
U-Boot SPL 2014.01-00219-gc4d376f (Feb 18 2014 - 19:57:18)


U-Boot 2014.01-00219-gc4d376f (Feb 18 2014 - 19:57:18)

TEGRA30
Board: NVIDIA Beaver
I2C:   ready
DRAM:  2 GiB
MMC:   Tegra SD/MMC: 0, Tegra SD/MMC: 1
In:    serial
Out:   serial
Err:   serial
Net:   Net Initialization Skipped
No ethernet found.
Hit any key to stop autoboot:  2  0 
Tegra30 (Beaver) # 
Tegra30 (Beaver) # usb reset
(Re)start USB...
USB0:   USB EHCI 1.00
scanning bus 0 for devices... 2 USB Device(s) found
       scanning usb for storage devices... 0 Storage Device(s) found
       scanning usb for ethernet devices... 
Warning: asx0 using MAC address from net device
1 Ethernet Device(s) found
Tegra30 (Beaver) # setenv bootargs 'ignore_loglevel console=ttyS0,115200n8 rw root=/dev/mmcblk0p1 rootwait gpt debug init=/bin/bash noinitrd'
Tegra30 (Beaver) # setenv ipaddr 192.168.100.101; setenv serverip 192.168.100.1; setenv tftpserverip 192.168.100.1
Tegra30 (Beaver) # tftpboot 0x81000000 zImage.multi_v7_defconfig
Using asx0 device
TFTP from server 192.168.100.1; our IP address is 192.168.100.101
Filename 'zImage.multi_v7_defconfig'.
Load address: 0x81000000
Loading: *#################################################################
	 #################################################################
	 #################################################################
	 #################################################################
	 ################################################
	 3.1 MiB/s
done
Bytes transferred = 4507896 (44c8f8 hex)
Tegra30 (Beaver) # tftpboot 0x82000000 tegra30-beaver.dtb
Using asx0 device
TFTP from server 192.168.100.1; our IP address is 192.168.100.101
Filename 'tegra30-beaver.dtb'.
Load address: 0x82000000
Loading: *##
	 3.2 MiB/s
done
Bytes transferred = 23852 (5d2c hex)
Tegra30 (Beaver) # bootz 0x81000000 - 0x82000000
Kernel image @ 0x81000000 [ 0x000000 - 0x44c8f8 ]
## Flattened Device Tree blob at 82000000
   Booting using the fdt blob at 0x82000000
   Loading Device Tree to 8fff7000, end 8ffffd2b ... OK

Starting kernel ...

[    0.000000] Booting Linux on physical CPU 0x0
[    0.000000] Linux version 3.14.0-51074-g455c6fd (pwalmsley@tamien) (gcc version 4.7.3 20130328 (prerelease) (crosstool-NG linaro-1.13.1-4.7-2013.04-20130415 - Linaro GCC 2013.04) ) #1 SMP Mon Mar 31 18:36:20 PDT 2014
[    0.000000] CPU: ARMv7 Processor [412fc099] revision 9 (ARMv7), cr=10c5387d
[    0.000000] CPU: PIPT / VIPT nonaliasing data cache, VIPT aliasing instruction cache
[    0.000000] Machine model: NVIDIA Tegra30 Beaver evaluation board
[    0.000000] debug: ignoring loglevel setting.
[    0.000000] cma: CMA: reserved 16 MiB at ae800000
[    0.000000] Memory policy: Data cache writealloc
[    0.000000] On node 0 totalpages: 524032
[    0.000000] free_area_init_node: node 0, pgdat c0936f80, node_mem_map ed7f1000
[    0.000000]   DMA zone: 1520 pages used for memmap
[    0.000000]   DMA zone: 0 pages reserved
[    0.000000]   DMA zone: 194560 pages, LIFO batch:31
[    0.000000]   HighMem zone: 2574 pages used for memmap
[    0.000000]   HighMem zone: 329472 pages, LIFO batch:31
[    0.000000] fuse_speedo_calib: ATE prog ver 3.3
[    0.000000] Tegra30: CPU Speedo ID 5, Soc Speedo ID 2
[    0.000000] Tegra Revision: A03 SKU: 128 CPU Process: 4 Core Process: 0
[    0.000000] L310 cache controller enabled
[    0.000000] l2x0: 8 ways, CACHE_ID 0x410000c7, AUX_CTRL 0x7e480001, Cache size: 1024 kB
[    0.000000] PERCPU: Embedded 7 pages/cpu @ed7bd000 s8192 r8192 d12288 u32768
[    0.000000] pcpu-alloc: s8192 r8192 d12288 u32768 alloc=8*4096
[    0.000000] pcpu-alloc: [0] 0 [0] 1 [0] 2 [0] 3 
[    0.000000] Built 1 zonelists in Zone order, mobility grouping on.  Total pages: 522512
[    0.000000] Kernel command line: ignore_loglevel console=ttyS0,115200n8 rw root=/dev/mmcblk0p1 rootwait gpt debug init=/bin/bash noinitrd
[    0.000000] PID hash table entries: 4096 (order: 2, 16384 bytes)
[    0.000000] Dentry cache hash table entries: 131072 (order: 7, 524288 bytes)
[    0.000000] Inode-cache hash table entries: 65536 (order: 6, 262144 bytes)
[    0.000000] Memory: 2052596K/2096128K available (5843K kernel code, 706K rwdata, 2340K rodata, 512K init, 284K bss, 43532K reserved, 1317888K highmem)
[    0.000000] Virtual kernel memory layout:
[    0.000000]     vector  : 0xffff0000 - 0xffff1000   (   4 kB)
[    0.000000]     fixmap  : 0xfff00000 - 0xfffe0000   ( 896 kB)
[    0.000000]     vmalloc : 0xf0000000 - 0xff000000   ( 240 MB)
[    0.000000]     lowmem  : 0xc0000000 - 0xef800000   ( 760 MB)
[    0.000000]     pkmap   : 0xbfe00000 - 0xc0000000   (   2 MB)
[    0.000000]     modules : 0xbf000000 - 0xbfe00000   (  14 MB)
[    0.000000]       .text : 0xc0008000 - 0xc080604c   (8185 kB)
[    0.000000]       .init : 0xc0807000 - 0xc0887000   ( 512 kB)
[    0.000000]       .data : 0xc0888000 - 0xc0938b00   ( 707 kB)
[    0.000000]        .bss : 0xc0938b08 - 0xc097fc00   ( 285 kB)
[    0.000000] SLUB: HWalign=64, Order=0-3, MinObjects=0, CPUs=4, Nodes=1
[    0.000000] Hierarchical RCU implementation.
[    0.000000] NR_IRQS:16 nr_irqs:16 16
[    0.000010] sched_clock: 32 bits at 1000kHz, resolution 1000ns, wraps every 2147483648000ns
[    0.000701] Console: colour dummy device 80x30
[    0.000733] Calibrating delay loop... 2793.47 BogoMIPS (lpj=13967360)
[    0.059939] pid_max: default: 32768 minimum: 301
[    0.060081] Mount-cache hash table entries: 2048 (order: 1, 8192 bytes)
[    0.060088] Mountpoint-cache hash table entries: 2048 (order: 1, 8192 bytes)
[    0.062654] CPU: Testing write buffer coherency: ok
[    0.062945] CPU0: thread -1, cpu 0, socket 0, mpidr 80000000
[    0.063005] Setting up static identity map for 0x80586048 - 0x805860e0
[    0.063141] unable to find compatible sirf rstc node in dtb
[    0.064590] CPU1: Booted secondary processor
[    0.119980] CPU1: thread -1, cpu 1, socket 0, mpidr 80000001
[    0.120837] CPU2: Booted secondary processor
[    0.179980] CPU2: thread -1, cpu 2, socket 0, mpidr 80000002
[    0.180832] CPU3: Booted secondary processor
[    0.239980] CPU3: thread -1, cpu 3, socket 0, mpidr 80000003
[    0.240040] Brought up 4 CPUs
[    0.240056] SMP: Total of 4 processors activated.
[    0.240064] CPU: All CPU(s) started in SVC mode.
[    0.240636] devtmpfs: initialized
[    0.243053] VFP support v0.3: implementor 41 architecture 3 part 30 variant 9 rev 4
[    0.243342] pinctrl core: initialized pinctrl subsystem
[    0.243623] regulator-dummy: no parameters
[    0.244745] NET: Registered protocol family 16
[    0.247716] DMA: preallocated 256 KiB pool for atomic coherent allocations
[    0.248189] cpuidle: using governor ladder
[    0.248195] cpuidle: using governor menu
[    0.254830] No ATAGs?
[    0.256555] Serial: AMBA PL011 UART driver
[    0.260650] bio: create slab <bio-0> at 0
[    0.261778] edma-dma-engine edma-dma-engine.0: Can't allocate PaRAM dummy slot
[    0.261795] edma-dma-engine: probe of edma-dma-engine.0 failed with error -5
[    0.262094] vdd_5v_in: 5000 mV 
[    0.262165] platform 1.regulator: Driver reg-fixed-voltage requests probe deferral
[    0.262196] platform 2.regulator: Driver reg-fixed-voltage requests probe deferral
[    0.262288] vdd_5v_sata: 5000 mV 
[    0.262309] vdd_5v_sata: supplied by vdd_5v_in
[    0.262436] usb1_vbus: 5000 mV 
[    0.262460] usb1_vbus: supplied by vdd_5v_in
[    0.262591] usb3_vbus: 5000 mV 
[    0.262612] usb3_vbus: supplied by vdd_5v_in
[    0.262682] platform 6.regulator: Driver reg-fixed-voltage requests probe deferral
[    0.262767] sys_3v3_pexs: 3300 mV 
[    0.262791] reg-fixed-voltage 7.regulator: Failed to find supply vin
[    0.262847] reg-fixed-voltage 7.regulator: Failed to register regulator: -517
[    0.262857] platform 7.regulator: Driver reg-fixed-voltage requests probe deferral
[    0.264021] vgaarb: loaded
[    0.264335] SCSI subsystem initialized
[    0.264456] libata version 3.00 loaded.
[    0.264627] usbcore: registered new interface driver usbfs
[    0.264663] usbcore: registered new interface driver hub
[    0.264744] usbcore: registered new device driver usb
[    0.279970] vdd_1v8_gen: 1800 mV 
[    0.280014] vdd_1v8_gen: supplied by vdd_5v_in
[    0.289969] vddio_ddr_1v2: 1200 mV 
[    0.290469] vddio_ddr_1v2: supplied by vdd_5v_in
[    0.299968] vdd_1v5_gen: 1500 mV 
[    0.300001] vdd_1v5_gen: supplied by vdd_5v_in
[    0.309968] vdd_cpu,vdd_sys: 1000 mV 
[    0.312327] vdd_pexa,vdd_pexb: 1050 mV 
[    0.312358] vdd_pexa,vdd_pexb: supplied by vdd_1v5_gen
[    0.315029] vdd_sata,avdd_plle: 1050 mV 
[    0.315056] vdd_sata,avdd_plle: supplied by vdd_1v5_gen
[    0.319969] vdd_rtc: 1200 mV 
[    0.319998] vdd_rtc: supplied by vdd_5v_in
[    0.329968] vddio_sdmmc,avdd_vdac: 3300 mV 
[    0.329999] vddio_sdmmc,avdd_vdac: supplied by vdd_5v_in
[    0.332679] avdd_dsi_csi,pwrdet_mipi: 1200 mV 
[    0.332706] avdd_dsi_csi,pwrdet_mipi: supplied by vdd_1v8_gen
[    0.339968] vdd_pllm,x,u,a_p_c_s: 1200 mV 
[    0.339996] vdd_pllm,x,u,a_p_c_s: supplied by vdd_1v8_gen
[    0.349968] vdd_ddr_hs: 1000 mV 
[    0.349996] vdd_ddr_hs: supplied by vdd_1v8_gen
[    0.351763] tps62361-vout: 500 <--> 1500 mV at 1160 mV 
[    0.351881] Linux video capture interface: v2.00
[    0.351909] pps_core: LinuxPPS API ver. 1 registered
[    0.351913] pps_core: Software ver. 5.3.6 - Copyright 2005-2007 Rodolfo Giometti <giometti@linux.it>
[    0.351938] PTP clock support registered
[    0.351969] EDAC MC: Ver: 3.0.0
[    0.352360] platform 7000f010.iommu: Driver tegra-smmu requests probe deferral
[    0.352451] Advanced Linux Sound Architecture Driver Initialized.
[    0.353082] Switched to clocksource timer_us
[    0.358638] NET: Registered protocol family 2
[    0.359010] TCP established hash table entries: 8192 (order: 3, 32768 bytes)
[    0.359060] TCP bind hash table entries: 8192 (order: 4, 65536 bytes)
[    0.359137] TCP: Hash tables configured (established 8192 bind 8192)
[    0.359211] TCP: reno registered
[    0.359223] UDP hash table entries: 512 (order: 2, 16384 bytes)
[    0.359286] UDP-Lite hash table entries: 512 (order: 2, 16384 bytes)
[    0.359509] NET: Registered protocol family 1
[    0.359740] RPC: Registered named UNIX socket transport module.
[    0.359747] RPC: Registered udp transport module.
[    0.359750] RPC: Registered tcp transport module.
[    0.359754] RPC: Registered tcp NFSv4.1 backchannel transport module.
[    0.359763] PCI: CLS 0 bytes, default 64
[    0.360964] futex hash table entries: 1024 (order: 4, 65536 bytes)
[    0.361927] bounce pool size: 64 pages
[    0.367061] squashfs: version 4.0 (2009/01/31) Phillip Lougher
[    0.367540] NFS: Registering the id_resolver key type
[    0.367581] Key type id_resolver registered
[    0.367586] Key type id_legacy registered
[    0.367616] msgmni has been set to 1466
[    0.368004] Block layer SCSI generic (bsg) driver version 0.4 loaded (major 250)
[    0.368013] io scheduler noop registered
[    0.368017] io scheduler deadline registered
[    0.368127] io scheduler cfq registered (default)
[    0.369363] platform 3000.pcie-controller: Driver tegra-pcie requests probe deferral
[    0.371988] tegra-apbdma 6000a000.dma: Tegra20 APB DMA driver register 32 channels
[    0.403928] Serial: 8250/16550 driver, 4 ports, IRQ sharing disabled
[    0.404880] Serial: IMX driver
[    0.405465] 70006000.serial: ttyS0 at MMIO 0x70006000 (irq = 68, base_baud = 25500000) is a Tegra
[    1.231184] console [ttyS0] enabled
[    1.235087] STMicroelectronics ASC driver initialized
[    1.240501] serial: Freescale lpuart driver
[    1.244810] [drm] Initialized drm 1.1.0 20060810
[    1.250055] tegra-hdmi 54280000.hdmi: failed to get VDD regulator
[    1.256152] platform 54280000.hdmi: Driver tegra-hdmi requests probe deferral
[    1.266847] loop: module loaded
[    1.272537] m25p80 spi32766.1: w25q32 (4096 Kbytes)
[    1.278872] pegasus: v0.9.3 (2013/04/25), Pegasus/Pegasus II USB Ethernet driver
[    1.286309] usbcore: registered new interface driver pegasus
[    1.291982] usbcore: registered new interface driver asix
[    1.297408] usbcore: registered new interface driver ax88179_178a
[    1.303523] usbcore: registered new interface driver cdc_ether
[    1.309372] usbcore: registered new interface driver smsc75xx
[    1.315152] usbcore: registered new interface driver smsc95xx
[    1.320903] usbcore: registered new interface driver net1080
[    1.326576] usbcore: registered new interface driver cdc_subset
[    1.332500] usbcore: registered new interface driver zaurus
[    1.338115] usbcore: registered new interface driver cdc_ncm
[    1.343786] ehci_hcd: USB 2.0 'Enhanced' Host Controller (EHCI) Driver
[    1.350296] ehci-pci: EHCI PCI platform driver
[    1.354767] ehci-platform: EHCI generic platform driver
[    1.360060] ehci-omap: OMAP-EHCI Host Controller driver
[    1.365334] ehci-orion: EHCI orion driver
[    1.369384] SPEAr-ehci: EHCI SPEAr driver
[    1.373444] tegra-ehci: Tegra EHCI driver
[    1.377568] platform 7d004000.usb: Driver tegra-ehci requests probe deferral
[    1.384647] platform 7d008000.usb: Driver tegra-ehci requests probe deferral
[    1.391936] usbcore: registered new interface driver usb-storage
[    1.398287] platform 7d004000.usb-phy: Driver tegra-phy requests probe deferral
[    1.407250] mousedev: PS/2 mouse device common for all mice
[    1.413770] tegra_rtc 7000e000.rtc: rtc core: registered 7000e000.rtc as rtc1
[    1.420905] tegra_rtc 7000e000.rtc: Tegra internal Real Time Clock
[    1.439756] tps65910-rtc tps65910-rtc: rtc core: registered tps65910-rtc as rtc0
[    1.447236] i2c /dev entries driver
[    1.452792] sdhci: Secure Digital Host Controller Interface driver
[    1.458966] sdhci: Copyright(c) Pierre Ossman
[    1.463629] sdhci-pltfm: SDHCI platform and OF driver helper
[    1.469691] sdhci-tegra 78000000.sdhci: Got CD GPIO #69.
[    1.475013] sdhci-tegra 78000000.sdhci: Got WP GPIO #155.
[    1.481431] mmc0: no vqmmc regulator found
[    1.485527] mmc0: no vmmc regulator found
[    1.489523] mmc0: Invalid maximum block size, assuming 512 bytes
[    1.533092] mmc0: SDHCI controller on 78000000.sdhci [78000000.sdhci] using ADMA
[    1.541528] mmc1: no vqmmc regulator found
[    1.545626] mmc1: no vmmc regulator found
[    1.549621] mmc1: Invalid maximum block size, assuming 512 bytes
[    1.593086] mmc1: SDHCI controller on 78000600.sdhci [78000600.sdhci] using ADMA
[    1.602802] usbcore: registered new interface driver usbhid
[    1.610378] usbhid: USB HID core driver
[    1.761401] mmc1: new high speed MMC card at address 0001
[    1.767097] mmcblk0: mmc1:0001 SEM16G 14.8 GiB 
[    1.771743] mmcblk0boot0: mmc1:0001 SEM16G partition 1 1.00 MiB
[    1.777784] mmcblk0boot1: mmc1:0001 SEM16G partition 2 1.00 MiB
[    1.783819] mmcblk0rpmb: mmc1:0001 SEM16G partition 3 128 KiB
[    1.793406] Primary GPT is invalid, using alternate GPT.
[    1.798721]  mmcblk0: p1 p2 p3 p4 p5
[    1.806133]  mmcblk0boot1: unknown partition table
[    1.813751]  mmcblk0boot0: unknown partition table
[    2.033848] tegra30-i2s 70080400.i2s: DMA channels sourced from device 70080000.ahub
[    2.049067] tegra-snd-rt5640 sound.4: rt5640-aif1 <-> 70080400.i2s mapping ok
[    2.058271] input: NVIDIA Tegra Beaver Headphones as /devices/soc0/sound.4/sound/card0/input0
[    2.067641] TCP: cubic registered
[    2.070950] NET: Registered protocol family 17
[    2.075534] Key type dns_resolver registered
[    2.080102] Registering SWP/SWPB emulation handler
[    2.085223] vdd_sata,avdd_plle: disabling
[    2.089582] usb1_vbus: disabling
[    2.092802] regulator-dummy: disabling
[    2.098225] chargepump_5v: 5000 mV 
[    2.103571] vdd_ddr: 1500 mV 
[    2.106558] vdd_ddr: supplied by vdd_5v_in
[    2.112173] sys_3v3,vdd_3v3_alw: 3300 mV 
[    2.116202] sys_3v3,vdd_3v3_alw: supplied by vdd_5v_in
[    2.121503] sys_3v3_pexs: 3300 mV 
[    2.124921] sys_3v3_pexs: supplied by sys_3v3,vdd_3v3_alw
[    2.130740] tegra-pcie 3000.pcie-controller: 2x3 configuration
[    2.141080] tegra-pcie 3000.pcie-controller: probing port 0, using 2 lanes
[    2.202183] tegra-pcie 3000.pcie-controller: probing port 2, using 2 lanes
[    2.612724] tegra-pcie 3000.pcie-controller: link 2 down, retrying
[    3.022577] tegra-pcie 3000.pcie-controller: link 2 down, retrying
[    3.432440] tegra-pcie 3000.pcie-controller: link 2 down, retrying
[    3.440627] tegra-pcie 3000.pcie-controller: link 2 down, ignoring
[    3.446914] tegra-pcie 3000.pcie-controller: PCI host bridge to bus 0000:00
[    3.453873] pci_bus 0000:00: root bus resource [mem 0x20000000-0x27ffffff]
[    3.460733] pci_bus 0000:00: root bus resource [mem 0x28000000-0x3fffffff pref]
[    3.468032] pci_bus 0000:00: root bus resource [bus 00-ff]
[    3.473510] pci_bus 0000:00: root bus resource [io  0x1000-0xffff]
[    3.479695] pci 0000:00:01.0: [10de:0e1c] type 01 class 0x060400
[    3.485744] pci 0000:00:01.0: PME# supported from D0 D1 D2 D3hot D3cold
[    3.492458] PCI: bus0: Fast back to back transfers disabled
[    3.498029] pci 0000:00:01.0: bridge configuration invalid ([bus 00-00]), reconfiguring
[    3.506124] pci 0000:01:00.0: [10ec:8168] type 00 class 0x020000
[    3.512132] pci 0000:01:00.0: reg 0x10: [io  0x0000-0x00ff]
[    3.517712] pci 0000:01:00.0: reg 0x18: [mem 0x00000000-0x00000fff 64bit pref]
[    3.524930] pci 0000:01:00.0: reg 0x20: [mem 0x00000000-0x00003fff 64bit pref]
[    3.532179] pci 0000:01:00.0: supports D1 D2
[    3.536444] pci 0000:01:00.0: PME# supported from D0 D1 D2 D3hot D3cold
[    3.543155] PCI: bus1: Fast back to back transfers disabled
[    3.548715] pci_bus 0000:01: busn_res: [bus 01-ff] end is updated to 01
[    3.555350] pci 0000:00:01.0: BAR 9: assigned [mem 0x28000000-0x280fffff 64bit pref]
[    3.563085] pci 0000:00:01.0: BAR 7: assigned [io  0x1000-0x1fff]
[    3.569167] pci 0000:01:00.0: BAR 4: assigned [mem 0x28000000-0x28003fff 64bit pref]
[    3.576908] pci 0000:01:00.0: BAR 2: assigned [mem 0x28004000-0x28004fff 64bit pref]
[    3.584647] pci 0000:01:00.0: BAR 0: assigned [io  0x1000-0x10ff]
[    3.590729] pci 0000:00:01.0: PCI bridge to [bus 01]
[    3.595687] pci 0000:00:01.0:   bridge window [io  0x1000-0x1fff]
[    3.601766] pci 0000:00:01.0:   bridge window [mem 0x28000000-0x280fffff 64bit pref]
[    3.609509] pci 0000:00:01.0: nv_msi_ht_cap_quirk didn't locate host bridge
[    3.616621] r8169 Gigabit Ethernet driver 2.3LK-NAPI loaded
[    3.622210] PCI: enabling device 0000:01:00.0 (0140 -> 0143)
[    3.628386] r8169 0000:01:00.0 eth0: RTL8168evl/8111evl at 0xf002e000, 02:04:4b:01:60:a6, XID 0c900800 IRQ 472
[    3.638380] r8169 0000:01:00.0 eth0: jumbo features [frames: 9200 bytes, tx checksumming: ko]
[    3.647859] [drm] Supports vblank timestamp caching Rev 2 (21.10.2013).
[    3.654483] [drm] No driver support for vblank timestamp query.
[    3.660417] host1x drm: No connectors reported connected with modes
[    3.666684] [drm] Cannot find any crtc or sizes - going 1024x768
[    3.687069] Console: switching to colour frame buffer device 128x48
[    3.699355] host1x drm: fb0:  frame buffer device
[    3.704054] host1x drm: registered panic notifier
[    3.708751] [drm] Initialized tegra 0.0.0 20120330 on minor 0
[    3.714910] platform 7d004000.usb: Driver tegra-ehci requests probe deferral
[    3.724802] tegra-ehci 7d008000.usb: EHCI Host Controller
[    3.730201] tegra-ehci 7d008000.usb: new USB bus registered, assigned bus number 1
[    3.738021] tegra-ehci 7d008000.usb: irq 129, io mem 0x7d008000
[    3.763091] tegra-ehci 7d008000.usb: USB 2.0 started, EHCI 1.00
[    3.769436] hub 1-0:1.0: USB hub found
[    3.773213] hub 1-0:1.0: 1 port detected
[    3.777773] tegra-ehci 7d004000.usb: EHCI Host Controller
[    3.783187] tegra-ehci 7d004000.usb: new USB bus registered, assigned bus number 2
[    3.790910] tegra-ehci 7d004000.usb: irq 53, io mem 0x7d004000
[    3.813086] tegra-ehci 7d004000.usb: USB 2.0 started, EHCI 1.00
[    3.819360] hub 2-0:1.0: USB hub found
[    3.823132] hub 2-0:1.0: 1 port detected
[    3.830987] tps65910-rtc tps65910-rtc: setting system clock to 2000-01-01 00:00:02 UTC (946684802)
[    3.839942] spear_cpufreq: Invalid cpufreq_tbl
[    3.848057] ALSA device list:
[    3.851201]   #0: NVIDIA Tegra Beaver
[    3.857468] EXT4-fs (mmcblk0p1): mounting ext3 file system using the ext4 subsystem
[    3.881876] EXT4-fs (mmcblk0p1): warning: mounting fs with errors, running e2fsck is recommended
[    3.892225] EXT4-fs (mmcblk0p1): recovery complete
[    3.897027] EXT4-fs (mmcblk0p1): mounted filesystem with ordered data mode. Opts: (null)
[    3.905133] VFS: Mounted root (ext3 filesystem) on device 179:1.
[    3.929721] devtmpfs: mounted
[    3.933153] Freeing unused kernel memory: 512K (c0807000 - c0887000)
[    4.093146] usb 1-1: new high-speed USB device number 2 using tegra-ehci
bash: cannot set terminal process group (-1): Inappropriate ioctl for device
bash: no job control in this shell
root@(none):/# [    4.574393] asix 1-1:1.0 eth1: register 'asix' at usb-7d008000.usb-1, ASIX AX88772 USB 2.0 Ethernet, 00:50:b6:0f:68:6d
