[    0.000000] Booting Linux on physical CPU 0x0
[    0.000000] Linux version 4.5.0-rc3+ (pwalmsley@tamien) (gcc version 4.9.2 20140904 (prerelease) (crosstool-NG linaro-1.13.1-4.9-2014.09 - Linaro GCC 4.9-2014.09) ) #1 SMP PREEMPT Mon Feb 8 03:35:12 PST 2016
[    0.000000] Boot CPU: AArch64 Processor [411fd070]
[    0.000000] Memory limited to 1024MB
[    0.000000] efi: Getting EFI parameters from FDT:
[    0.000000] efi: UEFI not found.
[    0.000000] cma: Reserved 16 MiB at 0x000000007f000000
[    0.000000] psci: probing for conduit method from DT.
[    0.000000] psci: PSCIv0.2 detected in firmware.
[    0.000000] psci: Using standard PSCI v0.2 function IDs
[    0.000000] psci: Trusted OS migration not required
[    0.000000] PERCPU: Embedded 20 pages/cpu @ffffffc03efdb000 s41984 r8192 d31744 u81920
[    0.000000] Detected PIPT I-cache on CPU0
[    0.000000] CPU features: enabling workaround for ARM erratum 832075
[    0.000000] CPU features: enabling workaround for ARM erratum 834220
[    0.000000] Built 1 zonelists in Zone order, mobility grouping on.  Total pages: 258048
[    0.000000] Kernel command line: root=/dev/vda2 rw rootwait mem=1024M console=ttyAMA0,38400n8 init=/bin/bash
[    0.000000] PID hash table entries: 4096 (order: 3, 32768 bytes)
[    0.000000] Dentry cache hash table entries: 131072 (order: 8, 1048576 bytes)
[    0.000000] Inode-cache hash table entries: 65536 (order: 7, 524288 bytes)
[    0.000000] software IO TLB [mem 0x79c00000-0x7dc00000] (64MB) mapped at [ffffffc039c00000-ffffffc03dbfffff]
[    0.000000] Memory: 937056K/1048576K available (6508K kernel code, 601K rwdata, 2904K rodata, 724K init, 242K bss, 95136K reserved, 16384K cma-reserved)
[    0.000000] Virtual kernel memory layout:
[    0.000000]     vmalloc : 0xffffff8000000000 - 0xffffffbdbfff0000   (   246 GB)
[    0.000000]     vmemmap : 0xffffffbdc0000000 - 0xffffffbfc0000000   (     8 GB maximum)
[    0.000000]               0xffffffbdc1000000 - 0xffffffbdc2000000   (    16 MB actual)
[    0.000000]     fixed   : 0xffffffbffa7fd000 - 0xffffffbffac00000   (  4108 KB)
[    0.000000]     PCI I/O : 0xffffffbffae00000 - 0xffffffbffbe00000   (    16 MB)
[    0.000000]     modules : 0xffffffbffc000000 - 0xffffffc000000000   (    64 MB)
[    0.000000]     memory  : 0xffffffc000000000 - 0xffffffc040000000   (  1024 MB)
[    0.000000]       .init : 0xffffffc0009b4000 - 0xffffffc000a69000   (   724 KB)
[    0.000000]       .text : 0xffffffc000080000 - 0xffffffc0009b32a4   (  9421 KB)
[    0.000000]       .data : 0xffffffc000a69000 - 0xffffffc000aff600   (   602 KB)
[    0.000000] SLUB: HWalign=64, Order=0-3, MinObjects=0, CPUs=1, Nodes=1
[    0.000000] Preemptible hierarchical RCU implementation.
[    0.000000] 	Build-time adjustment of leaf fanout to 64.
[    0.000000] 	RCU restricting CPUs from NR_CPUS=64 to nr_cpu_ids=1.
[    0.000000] RCU: Adjusting geometry for rcu_fanout_leaf=64, nr_cpu_ids=1
[    0.000000] NR_IRQS:64 nr_irqs:64 0
[    0.000000] Architected cp15 timer(s) running at 62.50MHz (virt).
[    0.000000] clocksource: arch_sys_counter: mask: 0xffffffffffffff max_cycles: 0x1cd42e208c, max_idle_ns: 881590405314 ns
[    0.000167] sched_clock: 56 bits at 62MHz, resolution 16ns, wraps every 4398046511096ns
[    0.006708] Console: colour dummy device 80x25
[    0.007370] Calibrating delay loop (skipped), value calculated using timer frequency.. 125.00 BogoMIPS (lpj=250000)
[    0.007540] pid_max: default: 32768 minimum: 301
[    0.008428] Security Framework initialized
[    0.008902] Mount-cache hash table entries: 2048 (order: 2, 16384 bytes)
[    0.009137] Mountpoint-cache hash table entries: 2048 (order: 2, 16384 bytes)
[    0.033999] ASID allocator initialised with 65536 entries
[    0.050534] EFI services will not be available.
[    0.052635] Brought up 1 CPUs
[    0.052691] SMP: Total of 1 processors activated.
[    0.052960] CPU: All CPU(s) started at EL1
[    0.053763] alternatives: patching kernel code
[    0.067546] devtmpfs: initialized
[    0.076425] DMI not present or invalid.
[    0.078523] clocksource: jiffies: mask: 0xffffffff max_cycles: 0xffffffff, max_idle_ns: 7645041785100000 ns
[    0.080526] pinctrl core: initialized pinctrl subsystem
[    0.102499] NET: Registered protocol family 16
[    0.124965] cpuidle: using governor menu
[    0.125746] vdso: 2 pages (1 code @ ffffffc000a71000, 1 data @ ffffffc000a70000)
[    0.126018] hw-breakpoint: found 6 breakpoint and 4 watchpoint registers.
[    0.131710] DMA: preallocated 256 KiB pool for atomic allocations
[    0.133920] Serial: AMBA PL011 UART driver
[    0.169714] 9000000.pl011: ttyAMA0 at MMIO 0x9000000 (irq = 38, base_baud = 0) is a PL011 rev1
[    0.202624] console [ttyAMA0] enabled
[    0.311590] HugeTLB registered 2 MB page size, pre-allocated 0 pages
[    0.332560] vgaarb: loaded
[    0.336815] SCSI subsystem initialized
[    0.343502] usbcore: registered new interface driver usbfs
[    0.345798] usbcore: registered new interface driver hub
[    0.347148] usbcore: registered new device driver usb
[    0.348862] pps_core: LinuxPPS API ver. 1 registered
[    0.349072] pps_core: Software ver. 5.3.6 - Copyright 2005-2007 Rodolfo Giometti <giometti@linux.it>
[    0.349831] PTP clock support registered
[    0.352406] dmi: Firmware registration failed.
[    0.355649] Advanced Linux Sound Architecture Driver Initialized.
[    0.365283] clocksource: Switched to clocksource arch_sys_counter
[    0.366274] VFS: Disk quotas dquot_6.6.0
[    0.366664] VFS: Dquot-cache hash table entries: 512 (order 0, 4096 bytes)
[    0.426706] NET: Registered protocol family 2
[    0.432464] TCP established hash table entries: 8192 (order: 4, 65536 bytes)
[    0.433587] TCP bind hash table entries: 8192 (order: 5, 131072 bytes)
[    0.434589] TCP: Hash tables configured (established 8192 bind 8192)
[    0.435865] UDP hash table entries: 512 (order: 2, 16384 bytes)
[    0.436290] UDP-Lite hash table entries: 512 (order: 2, 16384 bytes)
[    0.438818] NET: Registered protocol family 1
[    0.445675] RPC: Registered named UNIX socket transport module.
[    0.446019] RPC: Registered udp transport module.
[    0.446269] RPC: Registered tcp transport module.
[    0.446502] RPC: Registered tcp NFSv4.1 backchannel transport module.
[    0.452262] kvm [1]: HYP mode not available
[    0.466427] futex hash table entries: 256 (order: 3, 32768 bytes)
[    0.467440] audit: initializing netlink subsys (disabled)
[    0.468405] audit: type=2000 audit(0.436:1): initialized
[    0.540341] squashfs: version 4.0 (2009/01/31) Phillip Lougher
[    0.549979] NFS: Registering the id_resolver key type
[    0.550953] Key type id_resolver registered
[    0.551196] Key type id_legacy registered
[    0.553142] fuse init (API version 7.24)
[    0.556051] 9p: Installing v9fs 9p2000 file system support
[    0.568014] io scheduler noop registered
[    0.569347] io scheduler cfq registered (default)
[    0.602040] xenfs: not registering filesystem on non-xen platform
[    0.625972] Serial: 8250/16550 driver, 4 ports, IRQ sharing disabled
[    0.636426] SuperH (H)SCI(F) driver initialized
[    0.638759] msm_serial: driver initialized
[    0.642125] Unable to detect cache hierarchy from DT for CPU 0
[    0.701096] loop: module loaded
[    0.729801]  vda: vda1 vda2
[    0.747199] tun: Universal TUN/TAP device driver, 1.6
[    0.747469] tun: (C) 1999-2004 Max Krasnyansky <maxk@qualcomm.com>
[    0.765386] e1000e: Intel(R) PRO/1000 Network Driver - 3.2.6-k
[    0.765727] e1000e: Copyright(c) 1999 - 2015 Intel Corporation.
[    0.766569] igb: Intel(R) Gigabit Ethernet Network Driver - version 5.3.0-k
[    0.766887] igb: Copyright (c) 2007-2014 Intel Corporation.
[    0.767767] igbvf: Intel(R) Gigabit Virtual Function Network Driver - version 2.0.2-k
[    0.768116] igbvf: Copyright (c) 2009 - 2012 Intel Corporation.
[    0.769215] sky2: driver version 1.30
[    0.772441] VFIO - User Level meta-driver version: 0.3
[    0.781489] ehci_hcd: USB 2.0 'Enhanced' Host Controller (EHCI) Driver
[    0.781879] ehci-pci: EHCI PCI platform driver
[    0.782495] ehci-platform: EHCI generic platform driver
[    0.783266] ohci_hcd: USB 1.1 'Open' Host Controller (OHCI) Driver
[    0.783640] ohci-pci: OHCI PCI platform driver
[    0.784290] ohci-platform: OHCI generic platform driver
[    0.786586] usbcore: registered new interface driver usb-storage
[    0.789000] mousedev: PS/2 mouse device common for all mice
[    0.801275] rtc-pl031 9010000.pl031: rtc core: registered pl031 as rtc0
[    0.811627] sdhci: Secure Digital Host Controller Interface driver
[    0.812218] sdhci: Copyright(c) Pierre Ossman
[    0.814029] Synopsys Designware Multimedia Card Interface Driver
[    0.815496] sdhci-pltfm: SDHCI platform and OF driver helper
[    0.818355] ledtrig-cpu: registered to indicate activity on CPUs
[    0.824489] usbcore: registered new interface driver usbhid
[    0.826523] usbhid: USB HID core driver
[    0.834617] NET: Registered protocol family 17
[    0.835988] 9pnet: Installing 9P2000 support
[    0.837636] Key type dns_resolver registered
[    0.841132] registered taskstats version 1
[    0.850131] rtc-pl031 9010000.pl031: setting system clock to 2016-02-08 11:35:41 UTC (1454931341)
[    0.852112] ALSA device list:
[    0.852362]   No soundcards found.
[    0.855943] uart-pl011 9000000.pl011: no DMA platform data
[    0.861944] EXT4-fs (vda2): couldn't mount as ext3 due to feature incompatibilities
[    0.914594] EXT4-fs (vda2): recovery complete
[    0.915354] EXT4-fs (vda2): mounted filesystem with ordered data mode. Opts: (null)
[    0.916095] VFS: Mounted root (ext4 filesystem) on device 254:2.
[    0.918797] devtmpfs: mounted
[    0.950790] Freeing unused kernel memory: 724K (ffffffc0009b4000 - ffffffc000a69000)
bash: cannot set terminal process group (-1): Inappropriate ioctl for device
bash: no job control in this shell
bash-4.3# 