Diff for ./tegra114-dalmore-a04/tegra114-dalmore/multi_v7_defconfig_log.txt
--- /tmp/fooa	2014-05-09 13:52:47.826311754 -0700
+++ /tmp/foob	2014-05-09 13:52:47.826311754 -0700
@@ -38,18 +38,18 @@
 	 ###########################################################
 	 3.4 MiB/s
 done
-Bytes transferred = 4681200 (476df0 hex)
+Bytes transferred = 4681976 (4770f8 hex)
 Tegra114 (Dalmore) # tftpboot 0x82000000 tegra114-dalmore.dtb
 Using asx0 device
 TFTP from server 192.168.100.1; our IP address is 192.168.100.100
 Filename 'tegra114-dalmore.dtb'.
 Load address: 0x82000000
 Loading: *###
-	 2.9 MiB/s
+	 2.7 MiB/s
 done
 Bytes transferred = 33963 (84ab hex)
 Tegra114 (Dalmore) # bootz 0x81000000 - 0x82000000
-Kernel image @ 0x81000000 [ 0x000000 - 0x476df0 ]
+Kernel image @ 0x81000000 [ 0x000000 - 0x4770f8 ]
 ## Flattened Device Tree blob at 82000000
    Booting using the fdt blob at 0x82000000
    Loading Device Tree to 8fff4000, end 8ffff4aa ... OK
@@ -57,7 +57,7 @@
 Starting kernel ...
 
 Booting Linux on physical CPU 0x0
-Linux version 3.15.0-rc4-64844-g89ca3b8 (pwalmsley@kaivo) (gcc version 4.7.3 20130328 (prerelease) (crosstool-NG linaro-1.13.1-4.7-2013.04-20130415 - Linaro GCC 2013.04) ) #1 SMP Sun May 4 18:33:37 PDT 2014
+Linux version 3.15.0-rc5-65179-gd6d211d (pwalmsley@kaivo) (gcc version 4.7.3 20130328 (prerelease) (crosstool-NG linaro-1.13.1-4.7-2013.04-20130415 - Linaro GCC 2013.04) ) #1 SMP Fri May 9 13:33:38 PDT 2014
 CPU: ARMv7 Processor [412fc0f2] revision 2 (ARMv7), cr=10c5387d
 CPU: PIPT / VIPT nonaliasing data cache, PIPT instruction cache
 Machine model: NVIDIA Tegra114 Dalmore evaluation board
@@ -65,7 +65,7 @@
 cma: CMA: reserved 64 MiB at ab800000
 Memory policy: Data cache writealloc
 On node 0 totalpages: 524032
-free_area_init_node: node 0, pgdat c0b9fac0, node_mem_map ea7d9000
+free_area_init_node: node 0, pgdat c0b9fb40, node_mem_map ea7d9000
   DMA zone: 1520 pages used for memmap
   DMA zone: 0 pages reserved
   DMA zone: 194560 pages, LIFO batch:31
@@ -88,10 +88,10 @@
     lowmem  : 0xc0000000 - 0xef800000   ( 760 MB)
     pkmap   : 0xbfe00000 - 0xc0000000   (   2 MB)
     modules : 0xbf000000 - 0xbfe00000   (  14 MB)
-      .text : 0xc0208000 - 0xc0a50db4   (8484 kB)
+      .text : 0xc0208000 - 0xc0a50df4   (8484 kB)
       .init : 0xc0a51000 - 0xc0ada000   ( 548 kB)
-      .data : 0xc0ada000 - 0xc0ba1760   ( 798 kB)
-       .bss : 0xc0ba1768 - 0xc0bea020   ( 291 kB)
+      .data : 0xc0ada000 - 0xc0ba17e0   ( 798 kB)
+       .bss : 0xc0ba17e8 - 0xc0bea0a0   ( 291 kB)
 SLUB: HWalign=64, Order=0-3, MinObjects=0, CPUs=4, Nodes=1
 Hierarchical RCU implementation.
 NR_IRQS:16 nr_irqs:16 16
@@ -110,7 +110,7 @@
 /cpus/cpu@2 missing clock-frequency property
 /cpus/cpu@3 missing clock-frequency property
 CPU0: thread -1, cpu 0, socket 0, mpidr 80000000
-Setting up static identity map for 0x807b8688 - 0x807b8720
+Setting up static identity map for 0x807b87a8 - 0x807b8840
 CPU1: Booted secondary processor
 CPU1: thread -1, cpu 1, socket 0, mpidr 80000001
 CPU2: Booted secondary processor
@@ -354,7 +354,7 @@
 hub 1-0:1.0: USB hub found
 hub 1-0:1.0: 1 port detected
 input: gpio-keys.3 as /devices/soc0/gpio-keys.3/input/input1
-palmas-rtc rtc.8: setting system clock to 2000-03-19 16:48:01 UTC (953484481)
+palmas-rtc rtc.8: setting system clock to 2000-03-24 11:48:51 UTC (953898531)
 ALSA device list:
   #0: NVIDIA Tegra Dalmore
 EXT4-fs (mmcblk0p1): mounting ext3 file system using the ext4 subsystem
Diff for ./tegra114-dalmore-a04/tegra114-dalmore/tegra_defconfig_log.txt
--- /tmp/fooa	2014-05-09 13:52:47.830311757 -0700
+++ /tmp/foob	2014-05-09 13:52:47.834311759 -0700
@@ -36,20 +36,20 @@
 	 #################################################################
 	 #################################################################
 	 ####################################
-	 3.4 MiB/s
+	 3.5 MiB/s
 done
-Bytes transferred = 4338136 (4231d8 hex)
+Bytes transferred = 4337728 (423040 hex)
 Tegra114 (Dalmore) # tftpboot 0x82000000 tegra114-dalmore.dtb
 Using asx0 device
 TFTP from server 192.168.100.1; our IP address is 192.168.100.100
 Filename 'tegra114-dalmore.dtb'.
 Load address: 0x82000000
 Loading: *###
-	 2.9 MiB/s
+	 3.2 MiB/s
 done
 Bytes transferred = 33963 (84ab hex)
 Tegra114 (Dalmore) # bootz 0x81000000 - 0x82000000
-Kernel image @ 0x81000000 [ 0x000000 - 0x4231d8 ]
+Kernel image @ 0x81000000 [ 0x000000 - 0x423040 ]
 ## Flattened Device Tree blob at 82000000
    Booting using the fdt blob at 0x82000000
    Loading Device Tree to 8fff4000, end 8ffff4aa ... OK
@@ -60,7 +60,7 @@
 Booting Linux on physical CPU 0x0
 Initializing cgroup subsys cpu
 Initializing cgroup subsys cpuacct
-Linux version 3.15.0-rc4-64844-g89ca3b8 (pwalmsley@tamien) (gcc version 4.7.3 20130328 (prerelease) (crosstool-NG linaro-1.13.1-4.7-2013.04-20130415 - Linaro GCC 2013.04) ) #1 SMP PREEMPT Sun May 4 18:35:00 PDT 2014
+Linux version 3.15.0-rc5-65179-gd6d211d (pwalmsley@tamien) (gcc version 4.7.3 20130328 (prerelease) (crosstool-NG linaro-1.13.1-4.7-2013.04-20130415 - Linaro GCC 2013.04) ) #1 SMP PREEMPT Fri May 9 13:34:41 PDT 2014
 CPU: ARMv7 Processor [412fc0f2] revision 2 (ARMv7), cr=10c5387d
 CPU: PIPT / VIPT nonaliasing data cache, PIPT instruction cache
 Machine model: NVIDIA Tegra114 Dalmore evaluation board
@@ -68,7 +68,7 @@
 cma: CMA: reserved 64 MiB at ab800000
 Memory policy: Data cache writealloc
 On node 0 totalpages: 524032
-free_area_init_node: node 0, pgdat c0851440, node_mem_map ea7d8000
+free_area_init_node: node 0, pgdat c08514c0, node_mem_map ea7d8000
   Normal zone: 1520 pages used for memmap
   Normal zone: 0 pages reserved
   Normal zone: 194560 pages, LIFO batch:31
@@ -91,10 +91,10 @@
     lowmem  : 0xc0000000 - 0xef800000   ( 760 MB)
     pkmap   : 0xbfe00000 - 0xc0000000   (   2 MB)
     modules : 0xbf000000 - 0xbfe00000   (  14 MB)
-      .text : 0xc0008000 - 0xc07bc48c   (7890 kB)
+      .text : 0xc0008000 - 0xc07bc4c4   (7890 kB)
       .init : 0xc07bd000 - 0xc07fe3c0   ( 261 kB)
-      .data : 0xc0800000 - 0xc0852c80   ( 332 kB)
-       .bss : 0xc0852c8c - 0xc08a91d0   ( 346 kB)
+      .data : 0xc0800000 - 0xc0852d00   ( 332 kB)
+       .bss : 0xc0852d0c - 0xc08a9250   ( 346 kB)
 Preemptible hierarchical RCU implementation.
 NR_IRQS:16 nr_irqs:16 16
 sched_clock: 32 bits at 1000kHz, resolution 1000ns, wraps every 2147483648000ns
@@ -114,7 +114,7 @@
 /cpus/cpu@2 missing clock-frequency property
 /cpus/cpu@3 missing clock-frequency property
 CPU0: thread -1, cpu 0, socket 0, mpidr 80000000
-Setting up static identity map for 0x8059b5a8 - 0x8059b640
+Setting up static identity map for 0x8059b6e8 - 0x8059b780
 CPU1: Booted secondary processor
 CPU1: thread -1, cpu 1, socket 0, mpidr 80000001
 CPU2: Booted secondary processor
@@ -355,7 +355,7 @@
 hub 1-0:1.0: USB hub found
 hub 1-0:1.0: 1 port detected
 input: gpio-keys.3 as /devices/soc0/gpio-keys.3/input/input1
-palmas-rtc rtc.8: setting system clock to 2000-03-19 16:49:57 UTC (953484597)
+palmas-rtc rtc.8: setting system clock to 2000-03-24 11:49:50 UTC (953898590)
 ALSA device list:
   #0: NVIDIA Tegra Dalmore
 kjournald starting.  Commit interval 5 seconds
@@ -367,4 +367,4 @@
 Freeing unused kernel memory: 260K (c07bd000 - c07fe000)
 bash: cannot set terminal process group (-1): Inappropriate ioctl for device
 bash: no job control in this shell
-root@(none):/# [    2.840000] usb 1-1: new high-speed USB device number 2 using tegra-ehci
+root@(none):/# [    2.839983] usb 1-1: new high-speed USB device number 2 using tegra-ehci
Diff for ./tegra30-beaver/tegra30-beaver/multi_v7_defconfig_log.txt
--- /tmp/fooa	2014-05-09 13:52:47.838311762 -0700
+++ /tmp/foob	2014-05-09 13:52:47.838311762 -0700
@@ -38,18 +38,18 @@
 	 ###########################################################
 	 3.4 MiB/s
 done
-Bytes transferred = 4681200 (476df0 hex)
+Bytes transferred = 4681976 (4770f8 hex)
 Tegra30 (Beaver) # tftpboot 0x82000000 tegra30-beaver.dtb
 Using asx0 device
 TFTP from server 192.168.100.1; our IP address is 192.168.100.101
 Filename 'tegra30-beaver.dtb'.
 Load address: 0x82000000
 Loading: *##
-	 154.3 KiB/s
+	 2.9 MiB/s
 done
 Bytes transferred = 23973 (5da5 hex)
 Tegra30 (Beaver) # bootz 0x81000000 - 0x82000000
-Kernel image @ 0x81000000 [ 0x000000 - 0x476df0 ]
+Kernel image @ 0x81000000 [ 0x000000 - 0x4770f8 ]
 ## Flattened Device Tree blob at 82000000
    Booting using the fdt blob at 0x82000000
    Loading Device Tree to 8fff7000, end 8ffffda4 ... OK
@@ -57,7 +57,7 @@
 Starting kernel ...
 
 Booting Linux on physical CPU 0x0
-Linux version 3.15.0-rc4-64844-g89ca3b8 (pwalmsley@kaivo) (gcc version 4.7.3 20130328 (prerelease) (crosstool-NG linaro-1.13.1-4.7-2013.04-20130415 - Linaro GCC 2013.04) ) #1 SMP Sun May 4 18:33:37 PDT 2014
+Linux version 3.15.0-rc5-65179-gd6d211d (pwalmsley@kaivo) (gcc version 4.7.3 20130328 (prerelease) (crosstool-NG linaro-1.13.1-4.7-2013.04-20130415 - Linaro GCC 2013.04) ) #1 SMP Fri May 9 13:33:38 PDT 2014
 CPU: ARMv7 Processor [412fc099] revision 9 (ARMv7), cr=10c5387d
 CPU: PIPT / VIPT nonaliasing data cache, VIPT aliasing instruction cache
 Machine model: NVIDIA Tegra30 Beaver evaluation board
@@ -65,7 +65,7 @@
 cma: CMA: reserved 64 MiB at ab800000
 Memory policy: Data cache writealloc
 On node 0 totalpages: 524032
-free_area_init_node: node 0, pgdat c0b9fac0, node_mem_map ea7d9000
+free_area_init_node: node 0, pgdat c0b9fb40, node_mem_map ea7d9000
   DMA zone: 1520 pages used for memmap
   DMA zone: 0 pages reserved
   DMA zone: 194560 pages, LIFO batch:31
@@ -92,10 +92,10 @@
     lowmem  : 0xc0000000 - 0xef800000   ( 760 MB)
     pkmap   : 0xbfe00000 - 0xc0000000   (   2 MB)
     modules : 0xbf000000 - 0xbfe00000   (  14 MB)
-      .text : 0xc0208000 - 0xc0a50db4   (8484 kB)
+      .text : 0xc0208000 - 0xc0a50df4   (8484 kB)
       .init : 0xc0a51000 - 0xc0ada000   ( 548 kB)
-      .data : 0xc0ada000 - 0xc0ba1760   ( 798 kB)
-       .bss : 0xc0ba1768 - 0xc0bea020   ( 291 kB)
+      .data : 0xc0ada000 - 0xc0ba17e0   ( 798 kB)
+       .bss : 0xc0ba17e8 - 0xc0bea0a0   ( 291 kB)
 SLUB: HWalign=64, Order=0-3, MinObjects=0, CPUs=4, Nodes=1
 Hierarchical RCU implementation.
 NR_IRQS:16 nr_irqs:16 16
@@ -107,7 +107,7 @@
 Mountpoint-cache hash table entries: 2048 (order: 1, 8192 bytes)
 CPU: Testing write buffer coherency: ok
 CPU0: thread -1, cpu 0, socket 0, mpidr 80000000
-Setting up static identity map for 0x807b8688 - 0x807b8720
+Setting up static identity map for 0x807b87a8 - 0x807b8840
 CPU1: Booted secondary processor
 CPU1: thread -1, cpu 1, socket 0, mpidr 80000001
 CPU2: Booted secondary processor
@@ -369,4 +369,4 @@
 usb 2-1: new high-speed USB device number 2 using tegra-ehci
 bash: cannot set terminal process group (-1): Inappropriate ioctl for device
 bash: no job control in this shell
-root@(none):/# [    4.714400] asix 2-1:1.0 eth1: register 'asix' at usb-7d008000.usb-1, ASIX AX88772 USB 2.0 Ethernet, 00:50:b6:0f:68:6d
+root@(none):/# [    4.714462] asix 2-1:1.0 eth1: register 'asix' at usb-7d008000.usb-1, ASIX AX88772 USB 2.0 Ethernet, 00:50:b6:0f:68:6d
Diff for ./tegra30-beaver/tegra30-beaver/tegra_defconfig_log.txt
--- /tmp/fooa	2014-05-09 13:52:47.846311768 -0700
+++ /tmp/foob	2014-05-09 13:52:47.846311768 -0700
@@ -38,18 +38,18 @@
 	 ####################################
 	 3.5 MiB/s
 done
-Bytes transferred = 4338136 (4231d8 hex)
+Bytes transferred = 4337728 (423040 hex)
 Tegra30 (Beaver) # tftpboot 0x82000000 tegra30-beaver.dtb
 Using asx0 device
 TFTP from server 192.168.100.1; our IP address is 192.168.100.101
 Filename 'tegra30-beaver.dtb'.
 Load address: 0x82000000
 Loading: *##
-	 2.9 MiB/s
+	 3.3 MiB/s
 done
 Bytes transferred = 23973 (5da5 hex)
 Tegra30 (Beaver) # bootz 0x81000000 - 0x82000000
-Kernel image @ 0x81000000 [ 0x000000 - 0x4231d8 ]
+Kernel image @ 0x81000000 [ 0x000000 - 0x423040 ]
 ## Flattened Device Tree blob at 82000000
    Booting using the fdt blob at 0x82000000
    Loading Device Tree to 8fff7000, end 8ffffda4 ... OK
@@ -60,7 +60,7 @@
 Booting Linux on physical CPU 0x0
 Initializing cgroup subsys cpu
 Initializing cgroup subsys cpuacct
-Linux version 3.15.0-rc4-64844-g89ca3b8 (pwalmsley@tamien) (gcc version 4.7.3 20130328 (prerelease) (crosstool-NG linaro-1.13.1-4.7-2013.04-20130415 - Linaro GCC 2013.04) ) #1 SMP PREEMPT Sun May 4 18:35:00 PDT 2014
+Linux version 3.15.0-rc5-65179-gd6d211d (pwalmsley@tamien) (gcc version 4.7.3 20130328 (prerelease) (crosstool-NG linaro-1.13.1-4.7-2013.04-20130415 - Linaro GCC 2013.04) ) #1 SMP PREEMPT Fri May 9 13:34:41 PDT 2014
 CPU: ARMv7 Processor [412fc099] revision 9 (ARMv7), cr=10c5387d
 CPU: PIPT / VIPT nonaliasing data cache, VIPT aliasing instruction cache
 Machine model: NVIDIA Tegra30 Beaver evaluation board
@@ -68,7 +68,7 @@
 cma: CMA: reserved 64 MiB at ab800000
 Memory policy: Data cache writealloc
 On node 0 totalpages: 524032
-free_area_init_node: node 0, pgdat c0851440, node_mem_map ea7d8000
+free_area_init_node: node 0, pgdat c08514c0, node_mem_map ea7d8000
   Normal zone: 1520 pages used for memmap
   Normal zone: 0 pages reserved
   Normal zone: 194560 pages, LIFO batch:31
@@ -95,10 +95,10 @@
     lowmem  : 0xc0000000 - 0xef800000   ( 760 MB)
     pkmap   : 0xbfe00000 - 0xc0000000   (   2 MB)
     modules : 0xbf000000 - 0xbfe00000   (  14 MB)
-      .text : 0xc0008000 - 0xc07bc48c   (7890 kB)
+      .text : 0xc0008000 - 0xc07bc4c4   (7890 kB)
       .init : 0xc07bd000 - 0xc07fe3c0   ( 261 kB)
-      .data : 0xc0800000 - 0xc0852c80   ( 332 kB)
-       .bss : 0xc0852c8c - 0xc08a91d0   ( 346 kB)
+      .data : 0xc0800000 - 0xc0852d00   ( 332 kB)
+       .bss : 0xc0852d0c - 0xc08a9250   ( 346 kB)
 Preemptible hierarchical RCU implementation.
 NR_IRQS:16 nr_irqs:16 16
 sched_clock: 32 bits at 1000kHz, resolution 1000ns, wraps every 2147483648000ns
@@ -111,7 +111,7 @@
 Initializing cgroup subsys freezer
 CPU: Testing write buffer coherency: ok
 CPU0: thread -1, cpu 0, socket 0, mpidr 80000000
-Setting up static identity map for 0x8059b5a8 - 0x8059b640
+Setting up static identity map for 0x8059b6e8 - 0x8059b780
 CPU1: Booted secondary processor
 CPU1: thread -1, cpu 1, socket 0, mpidr 80000001
 CPU2: Booted secondary processor
@@ -375,4 +375,4 @@
 usb 2-1: new high-speed USB device number 2 using tegra-ehci
 bash: cannot set terminal process group (-1): Inappropriate ioctl for device
 bash: no job control in this shell
-root@(none):/# [    4.938951] asix 2-1:1.0 eth1: register 'asix' at usb-7d008000.usb-1, ASIX AX88772 USB 2.0 Ethernet, 00:50:b6:0f:68:6d
+root@(none):/# [    4.938565] asix 2-1:1.0 eth1: register 'asix' at usb-7d008000.usb-1, ASIX AX88772 USB 2.0 Ethernet, 00:50:b6:0f:68:6d
