

U-Boot 2015.04-00466-gedec83e90172 (Mar 14 2016 - 10:42:01)

TEGRA124
Model: Acer Chromebook 13 CB5-311
DRAM:  4 GiB
:   Tegra SD/MMC: 0, Tegra SD/MMC: 1, Tegra SD/MMC: 2
MMC init failed
Using default environment

In:    serial
Out:   serial
Err:   serial
Net:   Net Initialization Skipped
No ethernet found.
Hit any key to stop autoboot:  2  0 
Tegra124 (Nyan-big) # 
Tegra124 (Nyan-big) # usb start
starting USB...
USB0:   USB EHCI 1.10
scanning bus 0 for devices... 2 USB Device(s) found
USB1:   USB EHCI 1.10
scanning bus 1 for devices... 2 USB Device(s) found
       scanning usb for storage devices... 1 Storage Device(s) found
       scanning usb for ethernet devices... 
Warning: asx0 using MAC address from net device
1 Ethernet Device(s) found
Tegra124 (Nyan-big) # mw 0x7000e4a0 0x00080000
Tegra124 (Nyan-big) # setenv bootargs 'ignore_loglevel console=ttyS0,115200n8 rw root=PARTUUID=4d36e82a-b3c0-4b4b-bfcd-afe5217ac023 rootwait gpt debug noinitrd earlyprintk init=/bin/bash'
Tegra124 (Nyan-big) # setenv ipaddr 192.168.100.102; setenv serverip 192.168.100.1; setenv tftpserverip 192.168.100.1
Tegra124 (Nyan-big) # tftpboot 0x82000000 zImage.multi_v7_defconfig
Using asx0 device
TFTP from server 192.168.100.1; our IP address is 192.168.100.102
Filename 'zImage.multi_v7_defconfig'.
Load address: 0x82000000
Loading: *#################################################################
	 #################################################################
	 #################################################################
	 #################################################################
	 #################################################################
	 #################################################################
	 #################################################################
	 ##########################################
	 3.5 MiB/s
done
Bytes transferred = 7286552 (6f2f18 hex)
Tegra124 (Nyan-big) # tftpboot 0x83000000 tegra124-nyan-big.dtb
Using asx0 device
TFTP from server 192.168.100.1; our IP address is 192.168.100.102
Filename 'tegra124-nyan-big.dtb'.
Load address: 0x83000000
Loading: *#####
	 3.6 MiB/s
done
Bytes transferred = 67899 (1093b hex)
Tegra124 (Nyan-big) # bootz 0x82000000 - 0x83000000
Kernel image @ 0x82000000 [ 0x000000 - 0x6f2f18 ]
## Flattened Device Tree blob at 83000000
   Booting using the fdt blob at 0x83000000
   Using Device Tree in place at 83000000, end 8301393a

Starting kernel ...

[    0.000000] Booting Linux on physical CPU 0x0
[    0.000000] Linux version 4.9.0-rc5-128069-ga25f094 (pwalmsley@sellafield) (gcc version 4.7.3 20130328 (prerelease) (crosstool-NG linaro-1.13.1-4.7-2013.04-20130415 - Linaro GCC 2013.04) ) #1 SMP Mon Nov 14 02:04:24 PST 2016
[    0.000000] CPU: ARMv7 Processor [413fc0f3] revision 3 (ARMv7), cr=10c5387d
[    0.000000] CPU: div instructions available: patching division code
[    0.000000] CPU: PIPT / VIPT nonaliasing data cache, PIPT instruction cache
[    0.000000] OF: fdt:Machine model: Acer Chromebook 13 CB5-311
[    0.000000] OF: fdt:Ignoring memory range 0x100000000 - 0x17ffff000
[    0.000000] debug: ignoring loglevel setting.
[    0.000000] efi: Getting EFI parameters from FDT:
[    0.000000] efi: UEFI not found.
[    0.000000] cma: Reserved 64 MiB at 0xfb800000
[    0.000000] Memory policy: Data cache writealloc
[    0.000000] On node 0 totalpages: 524287
[    0.000000] free_area_init_node: node 0, pgdat c1427f80, node_mem_map eeff8000
[    0.000000]   DMA zone: 1536 pages used for memmap
[    0.000000]   DMA zone: 0 pages reserved
[    0.000000]   DMA zone: 196608 pages, LIFO batch:31
[    0.000000]   HighMem zone: 327679 pages, LIFO batch:31
[    0.000000] percpu: Embedded 14 pages/cpu @eef8d000 s26624 r8192 d22528 u57344
[    0.000000] pcpu-alloc: s26624 r8192 d22528 u57344 alloc=14*4096
[    0.000000] pcpu-alloc: [0] 0 [0] 1 [0] 2 [0] 3 
[    0.000000] Built 1 zonelists in Zone order, mobility grouping on.  Total pages: 522751
[    0.000000] Kernel command line: ignore_loglevel console=ttyS0,115200n8 rw root=PARTUUID=4d36e82a-b3c0-4b4b-bfcd-afe5217ac023 rootwait gpt debug noinitrd earlyprintk init=/bin/bash
[    0.000000] PID hash table entries: 4096 (order: 2, 16384 bytes)
[    0.000000] Dentry cache hash table entries: 131072 (order: 7, 524288 bytes)
[    0.000000] Inode-cache hash table entries: 65536 (order: 6, 262144 bytes)
[    0.000000] Memory: 1995984K/2097148K available (9216K kernel code, 1190K rwdata, 4068K rodata, 2048K init, 343K bss, 35628K reserved, 65536K cma-reserved, 1245180K highmem)
[    0.000000] Virtual kernel memory layout:
[    0.000000]     vector  : 0xffff0000 - 0xffff1000   (   4 kB)
[    0.000000]     fixmap  : 0xffc00000 - 0xfff00000   (3072 kB)
[    0.000000]     vmalloc : 0xf0800000 - 0xff800000   ( 240 MB)
[    0.000000]     lowmem  : 0xc0000000 - 0xf0000000   ( 768 MB)
[    0.000000]     pkmap   : 0xbfe00000 - 0xc0000000   (   2 MB)
[    0.000000]     modules : 0xbf000000 - 0xbfe00000   (  14 MB)
[    0.000000]       .text : 0xc0208000 - 0xc0c00000   (10208 kB)
[    0.000000]       .init : 0xc1100000 - 0xc1300000   (2048 kB)
[    0.000000]       .data : 0xc1300000 - 0xc1429a60   (1191 kB)
[    0.000000]        .bss : 0xc142b000 - 0xc1480fc8   ( 344 kB)
[    0.000000] SLUB: HWalign=64, Order=0-3, MinObjects=0, CPUs=4, Nodes=1
[    0.000000] Hierarchical RCU implementation.
[    0.000000] 	Build-time adjustment of leaf fanout to 32.
[    0.000000] 	RCU restricting CPUs from NR_CPUS=16 to nr_cpu_ids=4.
[    0.000000] RCU: Adjusting geometry for rcu_fanout_leaf=32, nr_cpu_ids=4
[    0.000000] NR_IRQS:16 nr_irqs:16 16
[    0.000000] /interrupt-controller@60004000: 160 interrupts forwarded to /interrupt-controller@50041000
[    0.000000] Tegra clk 127: register failed with -17
[    0.000003] sched_clock: 32 bits at 1000kHz, resolution 1000ns, wraps every 2147483647500ns
[    0.000011] clocksource: timer_us: mask: 0xffffffff max_cycles: 0xffffffff, max_idle_ns: 1911260446275 ns
[    0.000017] Switching to timer-based delay loop, resolution 1000ns
[    0.001878] arm_arch_timer: Architected cp15 timer(s) running at 12.00MHz (virt).
[    0.001884] clocksource: arch_sys_counter: mask: 0xffffffffffffff max_cycles: 0x2c47f4ee7, max_idle_ns: 440795202497 ns
[    0.001891] sched_clock: 56 bits at 12MHz, resolution 83ns, wraps every 4398046511096ns
[    0.001895] Switching to timer-based delay loop, resolution 83ns
[    0.002098] Console: colour dummy device 80x30
[    0.002111] Calibrating delay loop (skipped), value calculated using timer frequency.. 24.00 BogoMIPS (lpj=60000)
[    0.002116] pid_max: default: 32768 minimum: 301
[    0.002154] Mount-cache hash table entries: 2048 (order: 1, 8192 bytes)
[    0.002158] Mountpoint-cache hash table entries: 2048 (order: 1, 8192 bytes)
[    0.002405] CPU: Testing write buffer coherency: ok
[    0.002518] /cpus/cpu@0 missing clock-frequency property
[    0.002532] /cpus/cpu@1 missing clock-frequency property
[    0.002546] /cpus/cpu@2 missing clock-frequency property
[    0.002560] /cpus/cpu@3 missing clock-frequency property
[    0.002565] CPU0: thread -1, cpu 0, socket 0, mpidr 80000000
[    0.002575] Setting up static identity map for 0x80300000 - 0x80300098
[    0.003922] Tegra Revision: A01 SKU: 131 CPU Process: 1 SoC Process: 1
[    0.004156] EFI services will not be available.
[    0.004492] CPU1: thread -1, cpu 1, socket 0, mpidr 80000001
[    0.007000] CPU2: thread -1, cpu 2, socket 0, mpidr 80000002
[    0.011996] CPU3: thread -1, cpu 3, socket 0, mpidr 80000003
[    0.016771] Brought up 4 CPUs
[    0.016778] SMP: Total of 4 processors activated (96.00 BogoMIPS).
[    0.016781] CPU: All CPU(s) started in SVC mode.
[    0.017321] devtmpfs: initialized
[    0.024429] VFP support v0.3: implementor 41 architecture 4 part 30 variant f rev 0
[    0.024634] clocksource: jiffies: mask: 0xffffffff max_cycles: 0xffffffff, max_idle_ns: 9556302231375000 ns
[    0.025165] pinctrl core: initialized pinctrl subsystem
[    0.025863] NET: Registered protocol family 16
[    0.026526] DMA: preallocated 256 KiB pool for atomic coherent allocations
[    0.041808] cpuidle: using governor menu
[    0.051808] No ATAGs?
[    0.051833] hw-breakpoint: found 5 (+1 reserved) breakpoint and 4 watchpoint registers.
[    0.051837] hw-breakpoint: maximum watchpoint size is 8 bytes.
[    0.054497] Serial: AMBA PL011 UART driver
[    0.054843] tegra-mc 70019000.memory-controller: no memory timings for RAM code 0 registered
[    0.073647] +5V_SYS: supplied by +VDD_MUX
[    0.073752] +3.3V_SYS: supplied by +VDD_MUX
[    0.073975] +VDD_LED: Failed to request enable GPIO122: -517
[    0.073980] reg-fixed-voltage regulators:regulator@5: Failed to register regulator: -517
[    0.074010] +5V_VDD_TS_SW: Failed to request enable GPIO81: -517
[    0.074014] reg-fixed-voltage regulators:regulator@6: Failed to register regulator: -517
[    0.074043] +5V_USB_HS: Failed to request enable GPIO108: -517
[    0.074048] reg-fixed-voltage regulators:regulator@7: Failed to register regulator: -517
[    0.074076] +5V_USB_SS: Failed to request enable GPIO109: -517
[    0.074079] reg-fixed-voltage regulators:regulator@8: Failed to register regulator: -517
[    0.074157] +1.05V_RUN_AVDD_HDMI_PLL: Failed to request enable GPIO63: -517
[    0.074161] reg-fixed-voltage regulators:regulator@11: Failed to register regulator: -517
[    0.074189] +5V_HDMI_CON: Failed to request enable GPIO86: -517
[    0.074193] reg-fixed-voltage regulators:regulator@12: Failed to register regulator: -517
[    0.075274] vgaarb: loaded
[    0.075580] SCSI subsystem initialized
[    0.075647] libata version 3.00 loaded.
[    0.075753] usbcore: registered new interface driver usbfs
[    0.075777] usbcore: registered new interface driver hub
[    0.075805] usbcore: registered new device driver usb
[    0.077129] pps_core: LinuxPPS API ver. 1 registered
[    0.077133] pps_core: Software ver. 5.3.6 - Copyright 2005-2007 Rodolfo Giometti <giometti@linux.it>
[    0.077141] PTP clock support registered
[    0.077206] EDAC MC: Ver: 3.0.0
[    0.077647] tegra-emc 7001b000.emc: no memory timings for RAM code 0 found in DT
[    0.077656] tegra-emc: probe of 7001b000.emc failed with error -2
[    0.078132] clocksource: Switched to clocksource arch_sys_counter
[    0.081843] NET: Registered protocol family 2
[    0.082052] TCP established hash table entries: 8192 (order: 3, 32768 bytes)
[    0.082085] TCP bind hash table entries: 8192 (order: 4, 65536 bytes)
[    0.082147] TCP: Hash tables configured (established 8192 bind 8192)
[    0.082168] UDP hash table entries: 512 (order: 2, 16384 bytes)
[    0.082182] UDP-Lite hash table entries: 512 (order: 2, 16384 bytes)
[    0.082242] NET: Registered protocol family 1
[    0.082371] RPC: Registered named UNIX socket transport module.
[    0.082374] RPC: Registered udp transport module.
[    0.082377] RPC: Registered tcp transport module.
[    0.082379] RPC: Registered tcp NFSv4.1 backchannel transport module.
[    0.082384] PCI: CLS 0 bytes, default 64
[    0.082837] hw perfevents: enabled with armv7_cortex_a15 PMU driver, 7 counters available
[    0.083382] futex hash table entries: 1024 (order: 4, 65536 bytes)
[    0.083668] workingset: timestamp_bits=30 max_order=19 bucket_order=0
[    0.087401] squashfs: version 4.0 (2009/01/31) Phillip Lougher
[    0.087707] NFS: Registering the id_resolver key type
[    0.087717] Key type id_resolver registered
[    0.087719] Key type id_legacy registered
[    0.087737] ntfs: driver 2.1.32 [Flags: R/O].
[    0.088193] bounce: pool size: 64 pages
[    0.088264] Block layer SCSI generic (bsg) driver version 0.4 loaded (major 248)
[    0.088268] io scheduler noop registered
[    0.088271] io scheduler deadline registered
[    0.088335] io scheduler cfq registered (default)
[    0.090171] tegra-xusb-padctl 7009f000.padctl: failed to setup XUSB ports: -517
[    0.090348] libphy: mdio_driver_register: phy-bcm-ns2-pci
[    0.100207] tegra-apbdma 60020000.dma: Tegra20 APB DMA driver register 32 channels
[    0.100862] tegra-pmc 7000e400.pmc: i2c-thermtrip node not found, emergency thermal reset disabled.
[    0.122326] Serial: 8250/16550 driver, 4 ports, IRQ sharing disabled
[    0.123510] console [ttyS0] disabled
[    0.123526] 70006000.serial: ttyS0 at MMIO 0x70006000 (irq = 331, base_baud = 25500000) is a Tegra
[    0.997058] console [ttyS0] enabled
[    1.000859] SuperH (H)SCI(F) driver initialized
[    1.005732] msm_serial: driver initialized
[    1.009885] STMicroelectronics ASC driver initialized
[    1.016326] [drm] Initialized
[    1.020415] tegra-hdmi 54280000.hdmi: failed to get HDMI regulator
[    1.026954] tegra-dpaux 545c0000.dpaux: failed to get VDD supply: -517
[    1.034194] panel supply power not found, using dummy regulator
[    1.043921] brd: module loaded
[    1.049116] loop: module loaded
[    1.053153] as3722 4-0040: AS3722 with revision 0x1 found
[    1.063291] as3722-sd2: supplied by +5V_SYS
[    1.067702] as3722-sd3: supplied by +5V_SYS
[    1.072050] +1.35V_LP0(sd3): Bringing 0uV into 1350000-1350000uV
[    1.078232] as3722-sd4: supplied by +5V_SYS
[    1.082566] +1.05V_RUN: Bringing 0uV into 1050000-1050000uV
[    1.088317] as3722-sd5: supplied by +5V_SYS
[    1.093906] as3722-ldo0: supplied by +1.35V_LP0(sd2)
[    1.099649] +1.8V_RUN_CAM: Bringing 0uV into 1800000-1800000uV
[    1.105671] as3722-ldo2: supplied by +1.8V_VDDIO
[    1.111292] as3722-ldo3: supplied by +3.3V_SYS
[    1.115748] +1.00V_LP0_VDD_RTC: Bringing 1100000uV into 1000000-1000000uV
[    1.123329] as3722-ldo4: supplied by +3.3V_SYS
[    1.127918] +3.3V_RUN_CAM: Bringing 0uV into 2800000-2800000uV
[    1.133939] as3722-ldo5: supplied by +1.8V_VDDIO
[    1.138709] +1.2V_RUN_CAM_FRONT: Bringing 0uV into 1200000-1200000uV
[    1.145404] +VDDIO_SDMMC3: Bringing 0uV into 1800000-1800000uV
[    1.151443] as3722-ldo7: supplied by +1.8V_VDDIO
[    1.156215] +1.05V_RUN_CAM_REAR: Bringing 0uV into 1050000-1050000uV
[    1.162773] as3722-ldo9: supplied by +5V_SYS
[    1.167341] +2.8V_RUN_TOUCH: Bringing 0uV into 2800000-2800000uV
[    1.173548] as3722-ldo10: supplied by +5V_SYS
[    1.178053] +2.8V_RUN_CAM_AF: Bringing 0uV into 2800000-2800000uV
[    1.184506] +1.8V_RUN_VPP_FUSE: Bringing 0uV into 1800000-1800000uV
[    1.197395] random: fast init done
[    1.202960] m25p80 spi32765.0: w25q32dw (4096 Kbytes)
[    1.209104] libphy: Fixed MDIO Bus: probed
[    1.213610] CAN device driver interface
[    1.218196] e1000e: Intel(R) PRO/1000 Network Driver - 3.2.6-k
[    1.224018] e1000e: Copyright(c) 1999 - 2015 Intel Corporation.
[    1.229948] igb: Intel(R) Gigabit Ethernet Network Driver - version 5.4.0-k
[    1.236896] igb: Copyright (c) 2007-2014 Intel Corporation.
[    1.243688] pegasus: v0.9.3 (2013/04/25), Pegasus/Pegasus II USB Ethernet driver
[    1.251094] usbcore: registered new interface driver pegasus
[    1.256763] usbcore: registered new interface driver asix
[    1.262167] usbcore: registered new interface driver ax88179_178a
[    1.268266] usbcore: registered new interface driver cdc_ether
[    1.274109] usbcore: registered new interface driver smsc75xx
[    1.279865] usbcore: registered new interface driver smsc95xx
[    1.285615] usbcore: registered new interface driver net1080
[    1.291278] usbcore: registered new interface driver cdc_subset
[    1.297200] usbcore: registered new interface driver zaurus
[    1.302785] usbcore: registered new interface driver cdc_ncm
[    1.309116] ehci_hcd: USB 2.0 'Enhanced' Host Controller (EHCI) Driver
[    1.315633] ehci-pci: EHCI PCI platform driver
[    1.320084] ehci-platform: EHCI generic platform driver
[    1.325375] ehci-orion: EHCI orion driver
[    1.329427] SPEAr-ehci: EHCI SPEAr driver
[    1.333480] ehci-st: EHCI STMicroelectronics driver
[    1.338402] ehci-exynos: EHCI EXYNOS driver
[    1.342626] ehci-atmel: EHCI Atmel driver
[    1.346677] tegra-ehci: Tegra EHCI driver
[    1.350743] ohci_hcd: USB 1.1 'Open' Host Controller (OHCI) Driver
[    1.356915] ohci-pci: OHCI PCI platform driver
[    1.361366] ohci-platform: OHCI generic platform driver
[    1.366641] ohci-omap3: OHCI OMAP3 driver
[    1.370694] SPEAr-ohci: OHCI SPEAr driver
[    1.374747] ohci-st: OHCI STMicroelectronics driver
[    1.379666] ohci-atmel: OHCI Atmel driver
[    1.383931] usbcore: registered new interface driver usb-storage
[    1.390497] mousedev: PS/2 mouse device common for all mice
[    1.396441] 1-0015 supply vcc not found, using dummy regulator
[    1.402330] as3722-rtc as3722-rtc: rtc core: registered as3722-rtc as rtc0
[    1.409202] as3722-rtc as3722-rtc: RTC interrupt 370
[    1.416121] tegra_rtc 7000e000.rtc: rtc core: registered 7000e000.rtc as rtc1
[    1.423259] tegra_rtc 7000e000.rtc: Tegra internal Real Time Clock
[    1.429620] i2c /dev entries driver
[    1.435514] 0-004c supply vcc not found, using dummy regulator
[    1.445573] sdhci: Secure Digital Host Controller Interface driver
[    1.451751] sdhci: Copyright(c) Pierre Ossman
[    1.456660] Synopsys Designware Multimedia Card Interface Driver
[    1.463057] sdhci-pltfm: SDHCI platform and OF driver helper
[    1.468993] sdhci-tegra 700b0000.sdhci: allocated mmc-pwrseq
[    1.474756] sdhci-tegra 700b0400.sdhci: Got CD GPIO
[    1.479632] sdhci-tegra 700b0400.sdhci: Got WP GPIO
[    1.484620] mmc0: Unknown controller version (3). You may experience problems.
[    1.491860] mmc0: Invalid maximum block size, assuming 512 bytes
[    1.543141] mmc0: SDHCI controller on 700b0600.sdhci [700b0600.sdhci] using ADMA
[    1.551244] ledtrig-cpu: registered to indicate activity on CPUs
[    1.557449] usbcore: registered new interface driver usbhid
[    1.563019] usbhid: USB HID core driver
[    1.568151] NET: Registered protocol family 10
[    1.572949] sit: IPv6, IPv4 and MPLS over IPv4 tunneling driver
[    1.579125] NET: Registered protocol family 17
[    1.583571] can: controller area network core (rev 20120528 abi 9)
[    1.589779] NET: Registered protocol family 29
[    1.594220] can: raw protocol (rev 20120528)
[    1.598489] can: broadcast manager protocol (rev 20160617 t)
[    1.604144] can: netlink gateway (rev 20130117) max_hops=1
[    1.609776] Key type dns_resolver registered
[    1.614287] ThumbEE CPU extension supported.
[    1.618559] Registering SWP/SWPB emulation handler
[    1.628809] +3.3V_RUN: supplied by +3.3V_SYS
[    1.629542] input: Elan Touchpad as /devices/soc0/7000c400.i2c/i2c-1/1-0015/input/input0
[    1.641598] +3.3V_AVDD_HDMI_AP_GATED: supplied by +3.3V_RUN
[    1.647259] +1.8V_RUN_CAM: supplied by +3.3V_RUN
[    1.651978] +VDDIO_SDMMC3: supplied by +3.3V_RUN
[    1.656699] +1.8V_RUN_VPP_FUSE: supplied by +3.3V_RUN
[    1.662079] +VDD_LED: supplied by +VDD_MUX
[    1.666531] +5V_VDD_TS_SW: supplied by +5V_SYS
[    1.671148] +5V_USB_HS: supplied by +5V_SYS
[    1.675763] +5V_USB_SS: supplied by +5V_SYS
[    1.679880] mmc0: new high speed MMC card at address 0001
[    1.680718] mmcblk0: mmc0:0001 MMC16G 14.4 GiB 
[    1.681356] mmcblk0boot0: mmc0:0001 MMC16G partition 1 2.00 MiB
[    1.681905] mmcblk0boot1: mmc0:0001 MMC16G partition 2 2.00 MiB
[    1.682311] mmcblk0rpmb: mmc0:0001 MMC16G partition 3 128 KiB
[    1.686962]  mmcblk0: p1 p2 p3 p4 p5 p6 p7 p8 p9 p10 p11 p12
[    1.714264] +3.3V_PANEL: supplied by +3.3V_RUN
[    1.719882] +3.3V_LP0: supplied by +3.3V_SYS
[    1.724948] +1.05V_RUN_AVDD_HDMI_PLL: supplied by +1.05V_RUN
[    1.725160] elan_i2c 1-0015: failed to read report data: -121
[    1.736721] +5V_HDMI_CON: supplied by +5V_SYS
[    1.741947] usb3-0 supply vbus not found, using dummy regulator
[    1.747972] usb3-1 supply vbus not found, using dummy regulator
[    1.757554] tegra-sor 54540000.sor: failed to probe output: -517
[    1.764337] panel supply power not found, using dummy regulator
[    1.770974] sdhci-tegra 700b0000.sdhci: allocated mmc-pwrseq
[    1.776748] mmc1: Unknown controller version (3). You may experience problems.
[    1.784072] mmc1: Invalid maximum block size, assuming 512 bytes
[    1.790499] mmc1: Switching to 3.3V signalling voltage failed
[    1.833221] mmc1: SDHCI controller on 700b0000.sdhci [700b0000.sdhci] using ADMA
[    1.841369] sdhci-tegra 700b0400.sdhci: Got CD GPIO
[    1.846247] sdhci-tegra 700b0400.sdhci: Got WP GPIO
[    1.851215] mmc2: Unknown controller version (3). You may experience problems.
[    1.858465] mmc2: Invalid maximum block size, assuming 512 bytes
[    1.866116] elan_i2c 1-0015: invalid report id data (ff)
[    1.904596] mmc1: new high speed SDIO card at address 0001
[    1.910392] mmc2: SDHCI controller on 700b0400.sdhci [700b0400.sdhci] using ADMA
[    2.013175] [drm] Supports vblank timestamp caching Rev 2 (21.10.2013).
[    2.019785] [drm] No driver support for vblank timestamp query.
[    2.055078] mmc2: new high speed SDHC card at address 0007
[    2.055649] mmcblk2: mmc2:0007 SD08G 7.42 GiB 
[    2.064163] GPT:Primary header alternate_lba != Alt. header my_lba
[    2.064167] GPT:3014591 != 15564799
[    2.064168] GPT:Primary header thinks Alt. header is not at the end of the disk.
[    2.064169] GPT:3014591 != 15564799
[    2.064171] GPT: Use GNU Parted to correct GPT errors.
[    2.064195]  mmcblk2: p1 p2 p3 p4 p5 p6 p7 p8 p9 p10 p11 p12
[    2.080730] Console: switching to colour frame buffer device 170x48
[    2.132134] drm drm: fb0:  frame buffer device
[    2.153212] [drm] Initialized tegra 0.0.0 20120330 on minor 0
[    2.160114] input: gpio-keys as /devices/soc0/gpio-keys/input/input1
[    2.167773] as3722-rtc as3722-rtc: setting system clock to 2000-01-01 00:00:23 UTC (946684823)
[    2.176908] +1.8V_RUN_CAM: disabling
[    2.180710] +3.3V_RUN_CAM: disabling
[    2.184546] +1.2V_RUN_CAM_FRONT: disabling
[    2.188881] +1.05V_RUN_CAM_REAR: disabling
[    2.193162] +2.8V_RUN_TOUCH: disabling
[    2.197068] +2.8V_RUN_CAM_AF: disabling
[    2.201137] +1.8V_RUN_VPP_FUSE: disabling
[    2.205392] +5V_VDD_TS_SW: disabling
[    2.209003] +5V_USB_HS: disabling
[    2.212316] +5V_USB_SS: disabling
[    2.216512] EXT4-fs (mmcblk0p3): couldn't mount as ext3 due to feature incompatibilities
[    2.225143] EXT4-fs (mmcblk0p3): couldn't mount as ext2 due to feature incompatibilities
[    2.289501] EXT4-fs (mmcblk0p3): recovery complete
[    2.294319] EXT4-fs (mmcblk0p3): mounted filesystem with ordered data mode. Opts: (null)
[    2.302413] VFS: Mounted root (ext4 filesystem) on device 179:3.
[    2.309625] devtmpfs: mounted
[    2.313312] Freeing unused kernel memory: 2048K (c1100000 - c1300000)
bash: cannot set terminal process group (-1): Inappropriate ioctl for device
bash: no job control in this shell
root@(none):/# 