
U-Boot SPL 2016.05-rc2 (Apr 21 2016 - 16:23:00)
Trying to boot from RAM


U-Boot 2016.05-rc2 (Apr 21 2016 - 16:23:00 -0700)

TEGRA124
Model: NVIDIA Jetson TK1
Board: NVIDIA Jetson TK1
DRAM:  2 GiB
MC:   Tegra SD/MMC: 0, Tegra SD/MMC: 1
In:    serial
Out:   serial
Err:   serial
Net:   No ethernet found.
Hit any key to stop autoboot:  2  0 
Tegra124 (Jetson TK1) # 
Tegra124 (Jetson TK1) # pci enum
Tegra124 (Jetson TK1) # setenv bootargs 'ignore_loglevel console=ttyS0,115200n8 rw root=PARTUUID=b1791faa-84e8-4e27-83a1-9fb0a77e8803 rootwait gpt debug noinitrd earlyprintk init=/bin/bash'
Tegra124 (Jetson TK1) # setenv ipaddr 192.168.100.102; setenv serverip 192.168.100.1; setenv tftpserverip 192.168.100.1
Tegra124 (Jetson TK1) # tftpboot 0x82000000 zImage.multi_v7_defconfig

Warning: eth_rtl8169 using MAC address from ROM
Using eth_rtl8169 device
TFTP from server 192.168.100.1; our IP address is 192.168.100.102
Filename 'zImage.multi_v7_defconfig'.
Load address: 0x82000000
Loading: *#################################################################
	 #################################################################
	 #################################################################
	 #################################################################
	 #################################################################
	 #################################################################
	 #################################################################
	 ###########################################################
	 3.2 MiB/s
done
Bytes transferred = 7541928 (7314a8 hex)
Tegra124 (Jetson TK1) # tftpboot 0x83000000 tegra124-jetson-tk1.dtb
Using eth_rtl8169 device
TFTP from server 192.168.100.1; our IP address is 192.168.100.102
Filename 'tegra124-jetson-tk1.dtb'.
Load address: 0x83000000
Loading: *#####
	 3.4 MiB/s
done
Bytes transferred = 67133 (1063d hex)
Tegra124 (Jetson TK1) # bootz 0x82000000 - 0x83000000
Kernel image @ 0x82000000 [ 0x000000 - 0x7314a8 ]
## Flattened Device Tree blob at 83000000
   Booting using the fdt blob at 0x83000000
   Using Device Tree in place at 83000000, end 8301363c

Starting kernel ...

[    0.000000] Booting Linux on physical CPU 0x0
[    0.000000] Linux version 4.11.0-rc8-157047-g5a7ad11 (jonathanh@sellafield) (gcc version 4.7.3 20130328 (prerelease) (crosstool-NG linaro-1.13.1-4.7-2013.04-20130415 - Linaro GCC 2013.04) ) #1 SMP Sun Apr 23 17:34:49 PDT 2017
[    0.000000] CPU: ARMv7 Processor [413fc0f3] revision 3 (ARMv7), cr=10c5387d
[    0.000000] CPU: div instructions available: patching division code
[    0.000000] CPU: PIPT / VIPT nonaliasing data cache, PIPT instruction cache
[    0.000000] OF: fdt: Machine model: NVIDIA Tegra124 Jetson TK1
[    0.000000] debug: ignoring loglevel setting.
[    0.000000] efi: Getting EFI parameters from FDT:
[    0.000000] efi: UEFI not found.
[    0.000000] cma: Reserved 64 MiB at 0xfb800000
[    0.000000] Memory policy: Data cache writealloc
[    0.000000] On node 0 totalpages: 524032
[    0.000000] free_area_init_node: node 0, pgdat c1538200, node_mem_map eeff8000
[    0.000000]   DMA zone: 1536 pages used for memmap
[    0.000000]   DMA zone: 0 pages reserved
[    0.000000]   DMA zone: 196608 pages, LIFO batch:31
[    0.000000]   HighMem zone: 327424 pages, LIFO batch:31
[    0.000000] percpu: Embedded 16 pages/cpu @eef86000 s34432 r8192 d22912 u65536
[    0.000000] pcpu-alloc: s34432 r8192 d22912 u65536 alloc=16*4096
[    0.000000] pcpu-alloc: [0] 0 [0] 1 [0] 2 [0] 3 
[    0.000000] Built 1 zonelists in Zone order, mobility grouping on.  Total pages: 522496
[    0.000000] Kernel command line: ignore_loglevel console=ttyS0,115200n8 rw root=PARTUUID=b1791faa-84e8-4e27-83a1-9fb0a77e8803 rootwait gpt debug noinitrd earlyprintk init=/bin/bash
[    0.000000] PID hash table entries: 4096 (order: 2, 16384 bytes)
[    0.000000] Dentry cache hash table entries: 131072 (order: 7, 524288 bytes)
[    0.000000] Inode-cache hash table entries: 65536 (order: 6, 262144 bytes)
[    0.000000] Memory: 1993652K/2096128K available (10240K kernel code, 1254K rwdata, 4212K rodata, 2048K init, 536K bss, 36940K reserved, 65536K cma-reserved, 1244160K highmem)
[    0.000000] Virtual kernel memory layout:
[    0.000000]     vector  : 0xffff0000 - 0xffff1000   (   4 kB)
[    0.000000]     fixmap  : 0xffc00000 - 0xfff00000   (3072 kB)
[    0.000000]     vmalloc : 0xf0800000 - 0xff800000   ( 240 MB)
[    0.000000]     lowmem  : 0xc0000000 - 0xf0000000   ( 768 MB)
[    0.000000]     pkmap   : 0xbfe00000 - 0xc0000000   (   2 MB)
[    0.000000]     modules : 0xbf000000 - 0xbfe00000   (  14 MB)
[    0.000000]       .text : 0xc0208000 - 0xc0d00000   (11232 kB)
[    0.000000]       .init : 0xc1200000 - 0xc1400000   (2048 kB)
[    0.000000]       .data : 0xc1400000 - 0xc1539b20   (1255 kB)
[    0.000000]        .bss : 0xc153b000 - 0xc15c12b8   ( 537 kB)
[    0.000000] SLUB: HWalign=64, Order=0-3, MinObjects=0, CPUs=4, Nodes=1
[    0.000000] Hierarchical RCU implementation.
[    0.000000] 	RCU debugfs-based tracing is enabled.
[    0.000000] 	Build-time adjustment of leaf fanout to 32.
[    0.000000] 	RCU restricting CPUs from NR_CPUS=16 to nr_cpu_ids=4.
[    0.000000] RCU: Adjusting geometry for rcu_fanout_leaf=32, nr_cpu_ids=4
[    0.000000] NR_IRQS:16 nr_irqs:16 16
[    0.000000] /interrupt-controller@60004000: 160 interrupts forwarded to /interrupt-controller@50041000
[    0.000000] Tegra clk 127: register failed with -17
[    0.000008] sched_clock: 32 bits at 1000kHz, resolution 1000ns, wraps every 2147483647500ns
[    0.000032] clocksource: timer_us: mask: 0xffffffff max_cycles: 0xffffffff, max_idle_ns: 1911260446275 ns
[    0.000048] Switching to timer-based delay loop, resolution 1000ns
[    0.005656] arm_arch_timer: Architected cp15 timer(s) running at 12.00MHz (virt).
[    0.005675] clocksource: arch_sys_counter: mask: 0xffffffffffffff max_cycles: 0x2c47f4ee7, max_idle_ns: 440795202497 ns
[    0.005694] sched_clock: 56 bits at 12MHz, resolution 83ns, wraps every 4398046511096ns
[    0.005708] Switching to timer-based delay loop, resolution 83ns
[    0.006179] Console: colour dummy device 80x30
[    0.006209] Calibrating delay loop (skipped), value calculated using timer frequency.. 24.00 BogoMIPS (lpj=120000)
[    0.006227] pid_max: default: 32768 minimum: 301
[    0.006334] Mount-cache hash table entries: 2048 (order: 1, 8192 bytes)
[    0.006346] Mountpoint-cache hash table entries: 2048 (order: 1, 8192 bytes)
[    0.006823] CPU: Testing write buffer coherency: ok
[    0.007069] /cpus/cpu@0 missing clock-frequency property
[    0.007113] /cpus/cpu@1 missing clock-frequency property
[    0.007156] /cpus/cpu@2 missing clock-frequency property
[    0.007201] /cpus/cpu@3 missing clock-frequency property
[    0.007215] CPU0: thread -1, cpu 0, socket 0, mpidr 80000000
[    0.007504] Setting up static identity map for 0x80300000 - 0x80300098
[    0.011324] Tegra Revision: A01 SKU: 129 CPU Process: 1 SoC Process: 1
[    0.011999] EFI services will not be available.
[    0.012241] smp: Bringing up secondary CPUs ...
[    0.012832] CPU1: thread -1, cpu 1, socket 0, mpidr 80000001
[    0.015873] CPU2: thread -1, cpu 2, socket 0, mpidr 80000002
[    0.025878] CPU3: thread -1, cpu 3, socket 0, mpidr 80000003
[    0.035326] smp: Brought up 1 node, 4 CPUs
[    0.035348] SMP: Total of 4 processors activated (96.00 BogoMIPS).
[    0.035357] CPU: All CPU(s) started in SVC mode.
[    0.036846] devtmpfs: initialized
[    0.052559] VFP support v0.3: implementor 41 architecture 4 part 30 variant f rev 0
[    0.052954] clocksource: jiffies: mask: 0xffffffff max_cycles: 0xffffffff, max_idle_ns: 19112604462750000 ns
[    0.052972] futex hash table entries: 1024 (order: 4, 65536 bytes)
[    0.054361] pinctrl core: initialized pinctrl subsystem
[    0.056293] NET: Registered protocol family 16
[    0.058358] DMA: preallocated 256 KiB pool for atomic coherent allocations
[    0.060841] cpuidle: using governor menu
[    0.087657] No ATAGs?
[    0.087784] hw-breakpoint: found 5 (+1 reserved) breakpoint and 4 watchpoint registers.
[    0.087799] hw-breakpoint: maximum watchpoint size is 8 bytes.
[    0.094381] Serial: AMBA PL011 UART driver
[    0.110402] +5V_SYS: supplied by +VDD_MUX
[    0.110670] +3.3V_SYS: supplied by +VDD_MUX
[    0.111256] +USB0_VBUS_SW: Failed to request enable GPIO108: -517
[    0.111273] reg-fixed-voltage regulators:regulator@7: Failed to register regulator: -517
[    0.111360] +5V_USB_HS: Failed to request enable GPIO109: -517
[    0.111375] reg-fixed-voltage regulators:regulator@8: Failed to register regulator: -517
[    0.111535] +1.05V_RUN_AVDD_HDMI_PLL: Failed to request enable GPIO63: -517
[    0.111548] reg-fixed-voltage regulators:regulator@11: Failed to register regulator: -517
[    0.111633] +5V_HDMI_CON: Failed to request enable GPIO86: -517
[    0.111646] reg-fixed-voltage regulators:regulator@12: Failed to register regulator: -517
[    0.111731] +5V_SATA: Failed to request enable GPIO242: -517
[    0.111744] reg-fixed-voltage regulators:regulator@13: Failed to register regulator: -517
[    0.111827] +12V_SATA: Failed to request enable GPIO242: -517
[    0.111840] reg-fixed-voltage regulators:regulator@14: Failed to register regulator: -517
[    0.114978] vgaarb: loaded
[    0.115760] SCSI subsystem initialized
[    0.115927] libata version 3.00 loaded.
[    0.116164] usbcore: registered new interface driver usbfs
[    0.116222] usbcore: registered new interface driver hub
[    0.116282] usbcore: registered new device driver usb
[    0.119695] pps_core: LinuxPPS API ver. 1 registered
[    0.119706] pps_core: Software ver. 5.3.6 - Copyright 2005-2007 Rodolfo Giometti <giometti@linux.it>
[    0.119733] PTP clock support registered
[    0.119918] EDAC MC: Ver: 3.0.0
[    0.122748] clocksource: Switched to clocksource arch_sys_counter
[    0.132362] NET: Registered protocol family 2
[    0.132878] TCP established hash table entries: 8192 (order: 3, 32768 bytes)
[    0.132978] TCP bind hash table entries: 8192 (order: 4, 65536 bytes)
[    0.133165] TCP: Hash tables configured (established 8192 bind 8192)
[    0.133247] UDP hash table entries: 512 (order: 2, 16384 bytes)
[    0.133291] UDP-Lite hash table entries: 512 (order: 2, 16384 bytes)
[    0.133438] NET: Registered protocol family 1
[    0.133734] RPC: Registered named UNIX socket transport module.
[    0.133745] RPC: Registered udp transport module.
[    0.133755] RPC: Registered tcp transport module.
[    0.133763] RPC: Registered tcp NFSv4.1 backchannel transport module.
[    0.133776] PCI: CLS 0 bytes, default 64
[    0.134968] hw perfevents: enabled with armv7_cortex_a15 PMU driver, 7 counters available
[    0.136687] workingset: timestamp_bits=30 max_order=19 bucket_order=0
[    0.144729] squashfs: version 4.0 (2009/01/31) Phillip Lougher
[    0.145411] NFS: Registering the id_resolver key type
[    0.145434] Key type id_resolver registered
[    0.145444] Key type id_legacy registered
[    0.145487] ntfs: driver 2.1.32 [Flags: R/O].
[    0.147014] bounce: pool size: 64 pages
[    0.147056] Block layer SCSI generic (bsg) driver version 0.4 loaded (major 248)
[    0.147067] io scheduler noop registered
[    0.147076] io scheduler deadline registered
[    0.147237] io scheduler cfq registered (default)
[    0.147248] io scheduler mq-deadline registered
[    0.152379]  usb2-0: usb2-0 supply vbus not found, using dummy regulator
[    0.152503]  usb2-1: usb2-1 supply vbus not found, using dummy regulator
[    0.152914] tegra-xusb-padctl 7009f000.padctl: failed to setup XUSB ports: -517
[    0.168811] tegra-pcie 1003000.pcie-controller: 2x1, 1x1 configuration
[    0.168866] tegra-pcie 1003000.pcie-controller: Failed to get supply 'avddio-pex': -517
[    0.175076] tegra124-dfll 70110000.clock: couldn't get vdd_cpu regulator
[    0.182229] tegra-apbdma 60020000.dma: Tegra20 APB DMA driver register 32 channels
[    0.184238] tegra-pmc 7000e400.pmc: emergency thermal reset enabled
[    0.236875] Serial: 8250/16550 driver, 4 ports, IRQ sharing disabled
[    0.239383] console [ttyS0] disabled
[    0.239421] 70006300.serial: ttyS0 at MMIO 0x70006300 (irq = 335, base_baud = 25500000) is a Tegra
[    1.128063] console [ttyS0] enabled
[    1.132369] SuperH (H)SCI(F) driver initialized
[    1.137903] msm_serial: driver initialized
[    1.142186] STMicroelectronics ASC driver initialized
[    1.148107] 70006000.serial: ttyTHS1 at MMIO 0x70006000 (irq = 333, base_baud = 0) is a TEGRA_UART
[    1.157352] 70006040.serial: ttyTHS2 at MMIO 0x70006040 (irq = 334, base_baud = 0) is a TEGRA_UART
[    1.172757] tegra-hdmi 54280000.hdmi: failed to get HDMI regulator
[    1.191528] brd: module loaded
[    1.201530] loop: module loaded
[    1.205871] at24 0-0056: 256 byte 24c02 EEPROM, writable, 8 bytes/write
[    1.214138] as3722 4-0040: AS3722 with revision 0x1 found
[    1.225809] as3722-sd2: supplied by +5V_SYS
[    1.230414] as3722-sd3: supplied by +5V_SYS
[    1.234917] +1.35V_LP0(sd3): Bringing 0uV into 1350000-1350000uV
[    1.241259] as3722-sd4: supplied by +5V_SYS
[    1.245910] as3722-sd5: supplied by +5V_SYS
[    1.251911] as3722-ldo0: supplied by +1.35V_LP0(sd2)
[    1.257986] +1.8V_RUN_CAM: Bringing 0uV into 1800000-1800000uV
[    1.264217] as3722-ldo2: supplied by +1.8V_VDDIO
[    1.270101] as3722-ldo3: supplied by +3.3V_SYS
[    1.274599] +1.05V_LP0_VDD_RTC: Bringing 1100000uV into 1000000-1000000uV
[    1.282343] as3722-ldo4: supplied by +3.3V_SYS
[    1.287028] +2.8V_RUN_CAM: Bringing 0uV into 2800000-2800000uV
[    1.293225] as3722-ldo5: supplied by +1.8V_VDDIO
[    1.298051] +1.2V_RUN_CAM_FRONT: Bringing 0uV into 1200000-1200000uV
[    1.304972] +VDDIO_SDMMC3: bypassed regulator has no supply!
[    1.310623] +VDDIO_SDMMC3: failed to get the current voltage(-517)
[    1.316819] as3722-regulator as3722-regulator: regulator 13 register failed -517
[    1.329222] tegra-ahci 70027000.sata: couldn't get PHY in node sata: -517
[    1.348504] random: fast init done
[    1.352072] m25p80 spi32765.0: w25q32dw (4096 Kbytes)
[    1.359860] libphy: Fixed MDIO Bus: probed
[    1.365108] CAN device driver interface
[    1.369864] bgmac_bcma: Broadcom 47xx GBit MAC driver loaded
[    1.376899] e1000e: Intel(R) PRO/1000 Network Driver - 3.2.6-k
[    1.382723] e1000e: Copyright(c) 1999 - 2015 Intel Corporation.
[    1.388708] igb: Intel(R) Gigabit Ethernet Network Driver - version 5.4.0-k
[    1.395670] igb: Copyright (c) 2007-2014 Intel Corporation.
[    1.404830] pegasus: v0.9.3 (2013/04/25), Pegasus/Pegasus II USB Ethernet driver
[    1.412260] usbcore: registered new interface driver pegasus
[    1.417974] usbcore: registered new interface driver asix
[    1.423420] usbcore: registered new interface driver ax88179_178a
[    1.429538] usbcore: registered new interface driver cdc_ether
[    1.435424] usbcore: registered new interface driver smsc75xx
[    1.441215] usbcore: registered new interface driver smsc95xx
[    1.447006] usbcore: registered new interface driver net1080
[    1.452691] usbcore: registered new interface driver cdc_subset
[    1.458648] usbcore: registered new interface driver zaurus
[    1.464284] usbcore: registered new interface driver cdc_ncm
[    1.470152] tegra-phy 7d004000.usb-phy: no vbus regulator
[    1.477517] ehci_hcd: USB 2.0 'Enhanced' Host Controller (EHCI) Driver
[    1.484056] ehci-pci: EHCI PCI platform driver
[    1.488533] ehci-platform: EHCI generic platform driver
[    1.493972] ehci-orion: EHCI orion driver
[    1.498111] SPEAr-ehci: EHCI SPEAr driver
[    1.502255] ehci-st: EHCI STMicroelectronics driver
[    1.507293] ehci-exynos: EHCI EXYNOS driver
[    1.511631] ehci-atmel: EHCI Atmel driver
[    1.515786] tegra-ehci: Tegra EHCI driver
[    1.522614] tegra-ehci 7d004000.usb: EHCI Host Controller
[    1.528048] tegra-ehci 7d004000.usb: new USB bus registered, assigned bus number 1
[    1.535827] tegra-ehci 7d004000.usb: irq 354, io mem 0x7d004000
[    1.562777] tegra-ehci 7d004000.usb: USB 2.0 started, EHCI 1.10
[    1.569479] hub 1-0:1.0: USB hub found
[    1.573284] hub 1-0:1.0: 1 port detected
[    1.577768] ohci_hcd: USB 1.1 'Open' Host Controller (OHCI) Driver
[    1.583987] ohci-pci: OHCI PCI platform driver
[    1.588470] ohci-platform: OHCI generic platform driver
[    1.593881] ohci-omap3: OHCI OMAP3 driver
[    1.598019] SPEAr-ohci: OHCI SPEAr driver
[    1.602163] ohci-st: OHCI STMicroelectronics driver
[    1.607186] ohci-atmel: OHCI Atmel driver
[    1.611956] usbcore: registered new interface driver usb-storage
[    1.622158] as3722-rtc as3722-rtc: rtc core: registered as3722-rtc as rtc0
[    1.629056] as3722-rtc as3722-rtc: RTC interrupt 377
[    1.637239] tegra_rtc 7000e000.rtc: rtc core: registered 7000e000.rtc as rtc1
[    1.644421] tegra_rtc 7000e000.rtc: Tegra internal Real Time Clock
[    1.651113] i2c /dev entries driver
[    1.661241] lm90 0-004c: 0-004c supply vcc not found, using dummy regulator
[    1.678499] sdhci: Secure Digital Host Controller Interface driver
[    1.684697] sdhci: Copyright(c) Pierre Ossman
[    1.690649] Synopsys Designware Multimedia Card Interface Driver
[    1.697826] sdhci-pltfm: SDHCI platform and OF driver helper
[    1.704247] sdhci-tegra 700b0400.sdhci: Got CD GPIO
[    1.709137] sdhci-tegra 700b0400.sdhci: Got WP GPIO
[    1.714271] mmc0: Unknown controller version (3). You may experience problems.
[    1.721564] mmc0: Invalid maximum block size, assuming 512 bytes
[    1.792775] mmc0: SDHCI controller on 700b0600.sdhci [700b0600.sdhci] using ADMA
[    1.802080] ledtrig-cpu: registered to indicate activity on CPUs
[    1.808412] usbcore: registered new interface driver usbhid
[    1.813997] usbhid: USB HID core driver
[    1.821875] NET: Registered protocol family 10
[    1.827153] Segment Routing with IPv6
[    1.830867] sit: IPv6, IPv4 and MPLS over IPv4 tunneling driver
[    1.837345] NET: Registered protocol family 17
[    1.841791] can: controller area network core (rev 20120528 abi 9)
[    1.848147] NET: Registered protocol family 29
[    1.852588] can: raw protocol (rev 20120528)
[    1.856871] can: broadcast manager protocol (rev 20161123 t)
[    1.862527] can: netlink gateway (rev 20130117) max_hops=1
[    1.868306] Key type dns_resolver registered
[    1.873112] ThumbEE CPU extension supported.
[    1.877382] Registering SWP/SWPB emulation handler
[    1.895766] +3.3V_RUN: supplied by +3.3V_SYS
[    1.902201] +USB0_VBUS_SW: supplied by +5V_SYS
[    1.906940] +3.3V_AVDD_HDMI_AP_GATED: supplied by +3.3V_RUN
[    1.913076] +5V_USB_HS: supplied by +5V_SYS
[    1.919105] +3.3V_LP0: supplied by +3.3V_SYS
[    1.925652] +5V_HDMI_CON: supplied by +5V_SYS
[    1.930496] +5V_SATA: supplied by +5V_SYS
[    1.935255] +12V_SATA: supplied by +VDD_MUX
[    1.940909]  usb2-0: usb2-0 supply vbus not found, using dummy regulator
[    1.947750]  usb2-1: usb2-1 supply vbus not found, using dummy regulator
[    1.954806]  usb3-0: usb3-0 supply vbus not found, using dummy regulator
[    1.963016] tegra-pcie 1003000.pcie-controller: 2x1, 1x1 configuration
[    1.969621] tegra-pcie 1003000.pcie-controller: Failed to get supply 'avddio-pex': -517
[    1.980807] tegra124-dfll 70110000.clock: couldn't get vdd_cpu regulator
[    1.992210] tegra-hdmi 54280000.hdmi: failed to get PLL regulator
[    2.005906] as3722-sd2: supplied by +5V_SYS
[    2.010425] as3722-sd3: supplied by +5V_SYS
[    2.015057] as3722-sd4: supplied by +5V_SYS
[    2.019542] as3722-sd5: supplied by +5V_SYS
[    2.025714] as3722-ldo0: supplied by +1.35V_LP0(sd2)
[    2.031452] as3722-ldo1: supplied by +3.3V_RUN
[    2.036281] as3722-ldo2: supplied by +1.8V_VDDIO
[    2.041896] as3722-ldo3: supplied by +3.3V_SYS
[    2.047405] as3722-ldo4: supplied by +3.3V_SYS
[    2.052149] as3722-ldo5: supplied by +1.8V_VDDIO
[    2.057164] as3722-ldo6: supplied by +3.3V_RUN
[    2.061846] as3722-ldo7: supplied by +1.8V_VDDIO
[    2.067337] +1.05V_RUN_CAM_REAR: Bringing 0uV into 1050000-1050000uV
[    2.074522] as3722-ldo9: supplied by +5V_SYS
[    2.080282] +3.3V_RUN_TOUCH: Bringing 0uV into 2800000-2800000uV
[    2.087179] as3722-ldo10: supplied by +5V_SYS
[    2.092158] +2.8V_RUN_CAM_AF: Bringing 0uV into 2800000-2800000uV
[    2.098830] as3722-ldo11: supplied by +3.3V_RUN
[    2.104263] +1.8V_RUN_VPP_FUSE: Bringing 0uV into 1800000-1800000uV
[    2.114627] tegra-ahci 70027000.sata: AHCI 0001.0301 32 slots 2 ports 3 Gbps 0x1 impl platform mode
[    2.123704] tegra-ahci 70027000.sata: flags: 64bit ncq sntf pm led pio slum part sadm sds apst 
[    2.133460] mmc0: new high speed MMC card at address 0001
[    2.139645] scsi host0: tegra-ahci
[    2.143912] mmcblk0: mmc0:0001 SEM16G 14.7 GiB 
[    2.149145] scsi host1: tegra-ahci
[    2.152873] ata1: SATA max UDMA/133 mmio [mem 0x70027000-0x70028fff] port 0x100 irq 345
[    2.160868] ata2: DUMMY
[    2.166716] tegra-ehci 7d008000.usb: EHCI Host Controller
[    2.172132] tegra-ehci 7d008000.usb: new USB bus registered, assigned bus number 2
[    2.179809] mmcblk0boot0: mmc0:0001 SEM16G partition 1 4.00 MiB
[    2.186138] tegra-ehci 7d008000.usb: irq 355, io mem 0x7d008000
[    2.192125] mmcblk0boot1: mmc0:0001 SEM16G partition 2 4.00 MiB
[    2.199144] mmcblk0rpmb: mmc0:0001 SEM16G partition 3 4.00 MiB
[    2.207223]  mmcblk0: p1
[    2.212816] tegra-ehci 7d008000.usb: USB 2.0 started, EHCI 1.10
[    2.219547] hub 2-0:1.0: USB hub found
[    2.223373] hub 2-0:1.0: 1 port detected
[    2.229652] sdhci-tegra 700b0400.sdhci: Got CD GPIO
[    2.234622] sdhci-tegra 700b0400.sdhci: Got WP GPIO
[    2.239719] mmc1: Unknown controller version (3). You may experience problems.
[    2.247056] mmc1: Invalid maximum block size, assuming 512 bytes
[    2.313299] mmc1: SDHCI controller on 700b0400.sdhci [700b0400.sdhci] using ADMA
[    2.321404] tegra-pcie 1003000.pcie-controller: 2x1, 1x1 configuration
[    2.329916] tegra-pcie 1003000.pcie-controller: probing port 0, using 2 lanes
[    2.339424] tegra-pcie 1003000.pcie-controller: Slot present pin change, signature: 00000008
[    2.362951] tegra-pcie 1003000.pcie-controller: probing port 1, using 1 lanes
[    2.372160] tegra-pcie 1003000.pcie-controller: Slot present pin change, signature: 00000000
[    2.386963] tegra-pcie 1003000.pcie-controller: PCI host bridge to bus 0000:00
[    2.394232] pci_bus 0000:00: root bus resource [io  0x0000-0xffff]
[    2.400419] pci_bus 0000:00: root bus resource [mem 0x13000000-0x1fffffff]
[    2.407325] pci_bus 0000:00: root bus resource [mem 0x20000000-0x3fffffff pref]
[    2.414678] pci_bus 0000:00: root bus resource [bus 00-ff]
[    2.420215] pci 0000:00:01.0: [10de:0e12] type 01 class 0x060400
[    2.426311] pci_bus 0000:00: 2-byte config write to 0000:00:01.0 offset 0x88 may corrupt adjacent RW1C bits
[    2.436123] pci_bus 0000:00: 2-byte config write to 0000:00:01.0 offset 0x52 may corrupt adjacent RW1C bits
[    2.445942] pci 0000:00:01.0: PME# supported from D0 D1 D2 D3hot D3cold
[    2.452567] pci_bus 0000:00: 2-byte config write to 0000:00:01.0 offset 0x4c may corrupt adjacent RW1C bits
[    2.462593] pci 0000:00:02.0: [10de:0e13] type 01 class 0x060400
[    2.468690] pci_bus 0000:00: 2-byte config write to 0000:00:02.0 offset 0x88 may corrupt adjacent RW1C bits
[    2.478501] pci_bus 0000:00: 2-byte config write to 0000:00:02.0 offset 0x52 may corrupt adjacent RW1C bits
[    2.488324] pci 0000:00:02.0: PME# supported from D0 D1 D2 D3hot D3cold
[    2.494983] pci_bus 0000:00: 2-byte config write to 0000:00:02.0 offset 0x4c may corrupt adjacent RW1C bits
[    2.496466] ata1: SATA link down (SStatus 0 SControl 300)
[    2.510384] pci_bus 0000:00: 2-byte config write to 0000:00:01.0 offset 0x3e may corrupt adjacent RW1C bits
[    2.520136] pci_bus 0000:00: 2-byte config write to 0000:00:02.0 offset 0x3e may corrupt adjacent RW1C bits
[    2.529881] pci_bus 0000:00: 2-byte config write to 0000:00:01.0 offset 0x4 may corrupt adjacent RW1C bits
[    2.539542] pci_bus 0000:00: 1-byte config write to 0000:00:01.0 offset 0xc may corrupt adjacent RW1C bits
[    2.549233] PCI: bus0: Fast back to back transfers disabled
[    2.554826] pci 0000:00:01.0: bridge configuration invalid ([bus 00-00]), reconfiguring
[    2.562877] pci 0000:00:02.0: bridge configuration invalid ([bus 00-00]), reconfiguring
[    2.571089] pci 0000:01:00.0: [8086:4232] type 00 class 0x028000
[    2.577154] pci 0000:01:00.0: reg 0x10: [mem 0x00000000-0x00001fff 64bit]
[    2.584155] pci 0000:01:00.0: PME# supported from D0 D3hot D3cold
[    2.606350] mmc1: new high speed SDHC card at address aaaa
[    2.612855] mmcblk1: mmc1:aaaa SD04G 3.69 GiB 
[    2.617785] PCI: bus1: Fast back to back transfers disabled
[    2.623425] pci_bus 0000:01: busn_res: [bus 01-ff] end is updated to 01
[    2.630251] pci 0000:02:00.0: [10ec:8168] type 00 class 0x020000
[    2.636326] pci 0000:02:00.0: reg 0x10: [io  0x0000-0x00ff]
[    2.641936] pci 0000:02:00.0: reg 0x18: [mem 0x00000000-0x00000fff 64bit]
[    2.648774] pci 0000:02:00.0: reg 0x20: [mem 0x00000000-0x00003fff 64bit pref]
[    2.656180] pci 0000:02:00.0: supports D1 D2
[    2.660452] pci 0000:02:00.0: PME# supported from D0 D1 D2 D3hot D3cold
[    2.678420]  mmcblk1: p1 p2 p3
[    2.692859] PCI: bus2: Fast back to back transfers disabled
[    2.698436] pci_bus 0000:02: busn_res: [bus 02-ff] end is updated to 02
[    2.705273] pci 0000:00:01.0: BAR 8: assigned [mem 0x13000000-0x130fffff]
[    2.712066] pci 0000:00:02.0: BAR 8: assigned [mem 0x13100000-0x131fffff]
[    2.718901] pci 0000:00:02.0: BAR 9: assigned [mem 0x20000000-0x200fffff 64bit pref]
[    2.726680] pci 0000:00:02.0: BAR 7: assigned [io  0x1000-0x1fff]
[    2.732795] pci 0000:01:00.0: BAR 0: assigned [mem 0x13000000-0x13001fff 64bit]
[    2.740123] pci 0000:00:01.0: PCI bridge to [bus 01]
[    2.745127] pci 0000:00:01.0:   bridge window [mem 0x13000000-0x130fffff]
[    2.751926] pci 0000:02:00.0: BAR 4: assigned [mem 0x20000000-0x20003fff 64bit pref]
[    2.759699] pci 0000:02:00.0: BAR 2: assigned [mem 0x13100000-0x13100fff 64bit]
[    2.767061] pci 0000:02:00.0: BAR 0: assigned [io  0x1000-0x10ff]
[    2.773177] pci 0000:00:02.0: PCI bridge to [bus 02]
[    2.778138] pci 0000:00:02.0:   bridge window [io  0x1000-0x1fff]
[    2.784267] pci 0000:00:02.0:   bridge window [mem 0x13100000-0x131fffff]
[    2.791051] pci 0000:00:02.0:   bridge window [mem 0x20000000-0x200fffff 64bit pref]
[    2.798836] pci 0000:00:01.0: nv_msi_ht_cap_quirk didn't locate host bridge
[    2.805919] pcieport 0000:00:01.0: enabling device (0140 -> 0142)
[    2.812260] pcieport 0000:00:01.0: Signaling PME with IRQ 393
[    2.818122] pci 0000:00:02.0: nv_msi_ht_cap_quirk didn't locate host bridge
[    2.825205] pcieport 0000:00:02.0: enabling device (0140 -> 0143)
[    2.831527] pcieport 0000:00:02.0: Signaling PME with IRQ 394
[    2.837560] r8169 Gigabit Ethernet driver 2.3LK-NAPI loaded
[    2.843192] r8169 0000:02:00.0: enabling device (0140 -> 0143)
[    2.874387] r8169 0000:02:00.0 eth0: RTL8168g/8111g at 0xf0b56000, 00:04:4b:3a:d9:81, XID 0c000800 IRQ 395
[    2.884059] r8169 0000:02:00.0 eth0: jumbo features [frames: 9200 bytes, tx checksumming: ko]
[    2.896899] +1.05V_RUN_AVDD_HDMI_PLL: supplied by +1.05V_RUN
[    2.904348] [drm] Supports vblank timestamp caching Rev 2 (21.10.2013).
[    2.910963] [drm] No driver support for vblank timestamp query.
[    3.039543] tegra-hdmi 54280000.hdmi: cannot set audio to 48000 Hz at 297000000 Hz pixel clock
[    3.286065] Console: switching to colour frame buffer device 512x135
[    3.384683] drm drm: fb0:  frame buffer device
[    3.389212] [drm] Initialized tegra 0.0.0 20120330 for drm on minor 0
[    3.397090] of: dev_pm_opp_of_cpumask_add_table: couldn't find opp table for cpu:0, -19
[    3.405171] cpufreq: cpufreq_online: CPU0: Running at unlisted freq: 696000 KHz
[    3.412485] cpufreq: cpufreq_online: CPU0: Unlisted initial frequency changed to: 714000 KHz
[    3.421632] input: gpio-keys as /devices/soc0/gpio-keys/input/input0
[    3.428843] as3722-rtc as3722-rtc: setting system clock to 2000-01-01 00:02:06 UTC (946684926)
[    3.437973] +USB0_VBUS_SW: disabling
[    3.441548] +1.8V_RUN_CAM: disabling
[    3.445361] +2.8V_RUN_CAM: disabling
[    3.449130] +1.2V_RUN_CAM_FRONT: disabling
[    3.453487] +1.05V_RUN_CAM_REAR: disabling
[    3.457837] +3.3V_RUN_TOUCH: disabling
[    3.461739] +2.8V_RUN_CAM_AF: disabling
[    3.465796] +1.8V_RUN_VPP_FUSE: disabling
[    3.470835] EXT4-fs (mmcblk0p1): mounting ext3 file system using the ext4 subsystem
[    3.510326] EXT4-fs (mmcblk0p1): recovery complete
[    3.516012] EXT4-fs (mmcblk0p1): mounted filesystem with ordered data mode. Opts: (null)
[    3.524125] VFS: Mounted root (ext3 filesystem) on device 179:1.
[    3.534068] devtmpfs: mounted
[    3.537674] Freeing unused kernel memory: 2048K
bash: cannot set terminal process group (-1): Inappropriate ioctl for device
bash: no job control in this shell
root@(none):/# 