

U-Boot 2015.04-00466-gedec83e90172 (Mar 14 2016 - 10:42:01)

TEGRA124
Model: Acer Chromebook 13 CB5-311
DRAM:  4 GiB
:   Tegra SD/MMC: 0, Tegra SD/MMC: 1, Tegra SD/MMC: 2
MMC init failed
Using default environment

In:    serial
Out:   serial
Err:   serial
Net:   Net Initialization Skipped
No ethernet found.
Hit any key to stop autoboot:  2  1  0 
Tegra124 (Nyan-big) # 
Tegra124 (Nyan-big) # usb start
starting USB...
USB0:   USB EHCI 1.10
scanning bus 0 for devices... 2 USB Device(s) found
USB1:   USB EHCI 1.10
scanning bus 1 for devices... 2 USB Device(s) found
       scanning usb for storage devices... 1 Storage Device(s) found
       scanning usb for ethernet devices... 
Warning: asx0 using MAC address from net device
1 Ethernet Device(s) found
Tegra124 (Nyan-big) # mw 0x7000e4a0 0x00080000
Tegra124 (Nyan-big) # setenv bootargs 'ignore_loglevel console=ttyS0,115200n8 rw root=PARTUUID=4d36e82a-b3c0-4b4b-bfcd-afe5217ac023 rootwait gpt debug noinitrd earlyprintk init=/bin/bash'
Tegra124 (Nyan-big) # setenv ipaddr 192.168.100.104; setenv serverip 192.168.100.1; setenv tftpserverip 192.168.100.1
Tegra124 (Nyan-big) # tftpboot 0x82000000 zImage.tegra_defconfig
Using asx0 device
TFTP from server 192.168.100.1; our IP address is 192.168.100.104
Filename 'zImage.tegra_defconfig'.
Load address: 0x82000000
Loading: *#################################################################
	 #################################################################
	 #################################################################
	 #################################################################
	 #################################################################
	 #################################################################
	 ##################################
	 3.4 MiB/s
done
Bytes transferred = 6216816 (5edc70 hex)
Tegra124 (Nyan-big) # tftpboot 0x83000000 tegra124-nyan-big.dtb
Using asx0 device
TFTP from server 192.168.100.1; our IP address is 192.168.100.104
Filename 'tegra124-nyan-big.dtb'.
Load address: 0x83000000
Loading: *#####
	 3.1 MiB/s
done
Bytes transferred = 67482 (1079a hex)
Tegra124 (Nyan-big) # bootz 0x82000000 - 0x83000000
Kernel image @ 0x82000000 [ 0x000000 - 0x5edc70 ]
## Flattened Device Tree blob at 83000000
   Booting using the fdt blob at 0x83000000
   Using Device Tree in place at 83000000, end 83013799

Starting kernel ...

[    0.000000] Booting Linux on physical CPU 0x0
[    0.000000] Linux version 4.16.0-rc1-28877-g7928b2c (jonathanh@kaivo) (gcc version 4.7.3 20130328 (prerelease) (crosstool-NG linaro-1.13.1-4.7-2013.04-20130415 - Linaro GCC 2013.04)) #1 SMP PREEMPT Sun Feb 11 15:34:51 PST 2018
[    0.000000] CPU: ARMv7 Processor [413fc0f3] revision 3 (ARMv7), cr=10c5387d
[    0.000000] CPU: div instructions available: patching division code
[    0.000000] CPU: PIPT / VIPT nonaliasing data cache, PIPT instruction cache
[    0.000000] OF: fdt: Machine model: Acer Chromebook 13 CB5-311
[    0.000000] OF: fdt: Ignoring memory range 0x100000000 - 0x17ffff000
[    0.000000] debug: ignoring loglevel setting.
[    0.000000] bootconsole [earlycon0] enabled
[    0.000000] Memory policy: Data cache writealloc
[    0.000000] cma: Reserved 64 MiB at 0xfbc00000
[    0.000000] On node 0 totalpages: 524287
[    0.000000]   Normal zone: 1536 pages used for memmap
[    0.000000]   Normal zone: 0 pages reserved
[    0.000000]   Normal zone: 196608 pages, LIFO batch:31
[    0.000000]   HighMem zone: 327679 pages, LIFO batch:31
[    0.000000] random: fast init done
[    0.000000] percpu: Embedded 17 pages/cpu @(ptrval) s39296 r8192 d22144 u69632
[    0.000000] pcpu-alloc: s39296 r8192 d22144 u69632 alloc=17*4096
[    0.000000] pcpu-alloc: [0] 0 [0] 1 [0] 2 [0] 3 
[    0.000000] Built 1 zonelists, mobility grouping on.  Total pages: 522751
[    0.000000] Kernel command line: ignore_loglevel console=ttyS0,115200n8 rw root=PARTUUID=4d36e82a-b3c0-4b4b-bfcd-afe5217ac023 rootwait gpt debug noinitrd earlyprintk init=/bin/bash
[    0.000000] Dentry cache hash table entries: 131072 (order: 7, 524288 bytes)
[    0.000000] Inode-cache hash table entries: 65536 (order: 6, 262144 bytes)
[    0.000000] Memory: 1999508K/2097148K available (9216K kernel code, 783K rwdata, 2584K rodata, 1024K init, 298K bss, 32104K reserved, 65536K cma-reserved, 1245180K highmem)
[    0.000000] Virtual kernel memory layout:
[    0.000000]     vector  : 0xffff0000 - 0xffff1000   (   4 kB)
[    0.000000]     fixmap  : 0xffc00000 - 0xfff00000   (3072 kB)
[    0.000000]     vmalloc : 0xf0800000 - 0xff800000   ( 240 MB)
[    0.000000]     lowmem  : 0xc0000000 - 0xf0000000   ( 768 MB)
[    0.000000]     pkmap   : 0xbfe00000 - 0xc0000000   (   2 MB)
[    0.000000]     modules : 0xbf000000 - 0xbfe00000   (  14 MB)
[    0.000000]       .text : 0x(ptrval) - 0x(ptrval)   (10208 kB)
[    0.000000]       .init : 0x(ptrval) - 0x(ptrval)   (1024 kB)
[    0.000000]       .data : 0x(ptrval) - 0x(ptrval)   ( 784 kB)
[    0.000000]        .bss : 0x(ptrval) - 0x(ptrval)   ( 299 kB)
[    0.000000] Preemptible hierarchical RCU implementation.
[    0.000000] 	Tasks RCU enabled.
[    0.000000] NR_IRQS: 16, nr_irqs: 16, preallocated irqs: 16
[    0.000000] /interrupt-controller@60004000: 160 interrupts forwarded to /interrupt-controller@50041000
[    0.000000] Tegra clk 127: register failed with -17
[    0.000004] sched_clock: 32 bits at 1000kHz, resolution 1000ns, wraps every 2147483647500ns
[    0.008019] clocksource: timer_us: mask: 0xffffffff max_cycles: 0xffffffff, max_idle_ns: 1911260446275 ns
[    0.017551] Switching to timer-based delay loop, resolution 1000ns
[    0.024068] arch_timer: cp15 timer(s) running at 12.00MHz (virt).
[    0.029771] clocksource: arch_sys_counter: mask: 0xffffffffffffff max_cycles: 0x2c47f4ee7, max_idle_ns: 440795202497 ns
[    0.040518] sched_clock: 56 bits at 12MHz, resolution 83ns, wraps every 4398046511096ns
[    0.048489] Switching to timer-based delay loop, resolution 83ns
[    0.054670] Console: colour dummy device 80x30
[    0.058897] Calibrating delay loop (skipped), value calculated using timer frequency.. 24.00 BogoMIPS (lpj=120000)
[    0.069207] pid_max: default: 32768 minimum: 301
[    0.073972] Mount-cache hash table entries: 2048 (order: 1, 8192 bytes)
[    0.080390] Mountpoint-cache hash table entries: 2048 (order: 1, 8192 bytes)
[    0.087722] CPU: Testing write buffer coherency: ok
[    0.092399] /cpus/cpu@0 missing clock-frequency property
[    0.097553] /cpus/cpu@1 missing clock-frequency property
[    0.102848] /cpus/cpu@2 missing clock-frequency property
[    0.108126] /cpus/cpu@3 missing clock-frequency property
[    0.113408] CPU0: thread -1, cpu 0, socket 0, mpidr 80000000
[    0.153452] Setting up static identity map for 0x80100000 - 0x801000a0
[    0.158107] Hierarchical SRCU implementation.
[    0.173664] Tegra Revision: A01 SKU: 131 CPU Process: 1 SoC Process: 1
[    0.193457] smp: Bringing up secondary CPUs ...
[    0.243757] CPU1: thread -1, cpu 1, socket 0, mpidr 80000001
[    0.323784] CPU2: thread -1, cpu 2, socket 0, mpidr 80000002
[    0.403828] CPU3: thread -1, cpu 3, socket 0, mpidr 80000003
[    0.413602] smp: Brought up 1 node, 4 CPUs
[    0.432685] SMP: Total of 4 processors activated (96.00 BogoMIPS).
[    0.438838] CPU: All CPU(s) started in SVC mode.
[    0.444133] devtmpfs: initialized
[    0.453144] VFP support v0.3: implementor 41 architecture 4 part 30 variant f rev 0
[    0.459054] clocksource: jiffies: mask: 0xffffffff max_cycles: 0xffffffff, max_idle_ns: 19112604462750000 ns
[    0.468679] futex hash table entries: 1024 (order: 4, 65536 bytes)
[    0.475363] pinctrl core: initialized pinctrl subsystem
[    0.480507] NET: Registered protocol family 16
[    0.485004] DMA: preallocated 256 KiB pool for atomic coherent allocations
[    0.491747] cpuidle: using governor menu
[    0.502653] No ATAGs?
[    0.502714] hw-breakpoint: found 5 (+1 reserved) breakpoint and 4 watchpoint registers.
[    0.511055] hw-breakpoint: maximum watchpoint size is 8 bytes.
[    0.517737] tegra-mc 70019000.memory-controller: no memory timings for RAM code 0 registered
[    0.525419] iommu: Adding device 50000000.host1x to group 0
[    0.530831] iommu: Adding device 54200000.dc to group 1
[    0.536031] iommu: Adding device 54240000.dc to group 1
[    0.541231] iommu: Adding device 57000000.gpu to group 2
[    0.552309] +5V_SYS: supplied by +VDD_MUX
[    0.554538] +3.3V_SYS: supplied by +VDD_MUX
[    0.558865] +VDD_LED: Failed to request enable GPIO122: -517
[    0.564195] reg-fixed-voltage regulators:regulator@5: Failed to register regulator: -517
[    0.572299] +5V_VDD_TS_SW: Failed to request enable GPIO81: -517
[    0.578235] reg-fixed-voltage regulators:regulator@6: Failed to register regulator: -517
[    0.586350] +5V_USB_HS: Failed to request enable GPIO108: -517
[    0.592102] reg-fixed-voltage regulators:regulator@7: Failed to register regulator: -517
[    0.600204] +5V_USB_SS: Failed to request enable GPIO109: -517
[    0.605969] reg-fixed-voltage regulators:regulator@8: Failed to register regulator: -517
[    0.614136] +1.05V_RUN_AVDD_HDMI_PLL: Failed to request enable GPIO63: -517
[    0.620962] reg-fixed-voltage regulators:regulator@11: Failed to register regulator: -517
[    0.629150] +5V_HDMI_CON: Failed to request enable GPIO86: -517
[    0.635002] reg-fixed-voltage regulators:regulator@12: Failed to register regulator: -517
[    0.643595] vgaarb: loaded
[    0.646101] SCSI subsystem initialized
[    0.649654] libata version 3.00 loaded.
[    0.653503] usbcore: registered new interface driver usbfs
[    0.658859] usbcore: registered new interface driver hub
[    0.664166] usbcore: registered new device driver usb
[    0.670373] Linux video capture interface: v2.00
[    0.673769] pps_core: LinuxPPS API ver. 1 registered
[    0.678691] pps_core: Software ver. 5.3.6 - Copyright 2005-2007 Rodolfo Giometti <giometti@linux.it>
[    0.687793] PTP clock support registered
[    0.691831] tegra-emc 7001b000.emc: no memory timings for RAM code 0 found in DT
[    0.699054] tegra-emc: probe of 7001b000.emc failed with error -2
[    0.705223] Advanced Linux Sound Architecture Driver Initialized.
[    0.711432] Bluetooth: Core ver 2.22
[    0.714753] NET: Registered protocol family 31
[    0.719162] Bluetooth: HCI device and connection manager initialized
[    0.725484] Bluetooth: HCI socket layer initialized
[    0.730341] Bluetooth: L2CAP socket layer initialized
[    0.735376] Bluetooth: SCO socket layer initialized
[    0.740471] clocksource: Switched to clocksource arch_sys_counter
[    0.778434] NET: Registered protocol family 2
[    0.781269] tcp_listen_portaddr_hash hash table entries: 512 (order: 0, 6144 bytes)
[    0.788522] TCP established hash table entries: 8192 (order: 3, 32768 bytes)
[    0.795568] TCP bind hash table entries: 8192 (order: 4, 65536 bytes)
[    0.802000] TCP: Hash tables configured (established 8192 bind 8192)
[    0.808439] UDP hash table entries: 512 (order: 2, 16384 bytes)
[    0.814176] UDP-Lite hash table entries: 512 (order: 2, 16384 bytes)
[    0.820607] NET: Registered protocol family 1
[    0.835126] RPC: Registered named UNIX socket transport module.
[    0.839123] RPC: Registered udp transport module.
[    0.843814] RPC: Registered tcp transport module.
[    0.848483] RPC: Registered tcp NFSv4.1 backchannel transport module.
[    0.855150] PCI: CLS 0 bytes, default 64
[    0.859494] hw perfevents: enabled with armv7_cortex_a15 PMU driver, 7 counters available
[    0.867597] Initialise system trusted keyrings
[    0.871448] workingset: timestamp_bits=30 max_order=19 bucket_order=0
[    0.878256] squashfs: version 4.0 (2009/01/31) Phillip Lougher
[    0.883879] NFS: Registering the id_resolver key type
[    0.888618] Key type id_resolver registered
[    0.892782] Key type id_legacy registered
[    0.898487] Key type asymmetric registered
[    0.900843] Asymmetric key parser 'x509' registered
[    0.905733] bounce: pool size: 64 pages
[    0.909522] io scheduler noop registered (default)
[    0.914284] io scheduler mq-deadline registered
[    0.918770] io scheduler kyber registered
[    0.923408] tegra-xusb-padctl 7009f000.padctl: failed to setup XUSB ports: -517
[    0.935874] tegra-apbdma 60020000.dma: Tegra20 APB DMA driver register 32 channels
[    0.941958] tegra-pmc 7000e400.pmc: i2c-thermtrip node not found, emergency thermal reset disabled.
[    0.950759] Serial: 8250/16550 driver, 4 ports, IRQ sharing disabled
[    0.957532] console [ttyS0] disabled
[    0.960430] 70006000.serial: ttyS0 at MMIO 0x70006000 (irq = 333, base_baud = 25500000) is a Tegra
[    0.969368] console [ttyS0] enabled
[    0.969368] console [ttyS0] enabled
[    0.975622] bootconsole [earlycon0] disabled
[    0.975622] bootconsole [earlycon0] disabled
[    1.001700] tegra-hdmi 54280000.hdmi: failed to get HDMI regulator
[    1.008174] tegra-dpaux 545c0000.dpaux: failed to get VDD supply: -517
[    1.015677] panel-simple panel: panel supply power not found, using dummy regulator
[    1.027085] loop: module loaded
[    1.030804] as3722 4-0040: AS3722 with revision 0x1 found
[    1.040862] as3722-sd2: supplied by +5V_SYS
[    1.045282] as3722-sd3: supplied by +5V_SYS
[    1.049618] +1.35V_LP0(sd3): Bringing 0uV into 1350000-1350000uV
[    1.055807] as3722-sd4: supplied by +5V_SYS
[    1.060141] +1.05V_RUN: Bringing 0uV into 1050000-1050000uV
[    1.065898] as3722-sd5: supplied by +5V_SYS
[    1.071506] as3722-ldo0: supplied by +1.35V_LP0(sd2)
[    1.077257] +1.8V_RUN_CAM: Bringing 0uV into 1800000-1800000uV
[    1.083277] as3722-ldo2: supplied by +1.8V_VDDIO
[    1.088905] as3722-ldo3: supplied by +3.3V_SYS
[    1.093370] +1.00V_LP0_VDD_RTC: Bringing 1100000uV into 1000000-1000000uV
[    1.100947] as3722-ldo4: supplied by +3.3V_SYS
[    1.105544] +3.3V_RUN_CAM: Bringing 0uV into 2800000-2800000uV
[    1.111571] as3722-ldo5: supplied by +1.8V_VDDIO
[    1.116342] +1.2V_RUN_CAM_FRONT: Bringing 0uV into 1200000-1200000uV
[    1.123041] +VDDIO_SDMMC3: Bringing 0uV into 1800000-1800000uV
[    1.129074] as3722-ldo7: supplied by +1.8V_VDDIO
[    1.133856] +1.05V_RUN_CAM_REAR: Bringing 0uV into 1050000-1050000uV
[    1.140411] as3722-ldo9: supplied by +5V_SYS
[    1.144990] +2.8V_RUN_TOUCH: Bringing 0uV into 2800000-2800000uV
[    1.151199] as3722-ldo10: supplied by +5V_SYS
[    1.155711] +2.8V_RUN_CAM_AF: Bringing 0uV into 2800000-2800000uV
[    1.162161] +1.8V_RUN_VPP_FUSE: Bringing 0uV into 1800000-1800000uV
[    1.184759] cros-ec-spi spi0.0: Chrome EC device registered
[    1.199677] m25p80 spi1.0: w25q32dw (4096 Kbytes)
[    1.215206] libphy: Fixed MDIO Bus: probed
[    1.219290] CAN device driver interface
[    1.223144] igb: Intel(R) Gigabit Ethernet Network Driver - version 5.4.0-k
[    1.230087] igb: Copyright (c) 2007-2014 Intel Corporation.
[    1.235726] pegasus: v0.9.3 (2013/04/25), Pegasus/Pegasus II USB Ethernet driver
[    1.243139] usbcore: registered new interface driver pegasus
[    1.248804] usbcore: registered new interface driver asix
[    1.254211] usbcore: registered new interface driver ax88179_178a
[    1.260305] usbcore: registered new interface driver cdc_ether
[    1.266157] usbcore: registered new interface driver smsc75xx
[    1.271923] usbcore: registered new interface driver smsc95xx
[    1.277674] usbcore: registered new interface driver net1080
[    1.283343] usbcore: registered new interface driver cdc_subset
[    1.289263] usbcore: registered new interface driver zaurus
[    1.294854] usbcore: registered new interface driver cdc_ncm
[    1.300597] ehci_hcd: USB 2.0 'Enhanced' Host Controller (EHCI) Driver
[    1.307108] ehci-pci: EHCI PCI platform driver
[    1.311566] tegra-ehci: Tegra EHCI driver
[    1.315826] usbcore: registered new interface driver cdc_acm
[    1.321476] cdc_acm: USB Abstract Control Model driver for USB modems and ISDN adapters
[    1.329483] usbcore: registered new interface driver cdc_wdm
[    1.335158] usbcore: registered new interface driver usb-storage
[    1.341818] input: cros_ec as /devices/soc0/7000d400.spi/spi_master/spi0/spi0.0/7000d400.spi:cros-ec@0:keyboard-controller/input/input0
[    1.361439] as3722-rtc as3722-rtc: rtc core: registered as3722-rtc as rtc0
[    1.368298] as3722-rtc as3722-rtc: RTC interrupt 372
[    1.375056] tegra_rtc 7000e000.rtc: rtc core: registered 7000e000.rtc as rtc1
[    1.382200] tegra_rtc 7000e000.rtc: Tegra internal Real Time Clock
[    1.388481] i2c /dev entries driver
[    1.392388] usbcore: registered new interface driver uvcvideo
[    1.398119] USB Video Class driver (1.1.1)
[    1.402212] gspca_main: v2.14.0 registered
[    1.406528] lm90 0-004c: 0-004c supply vcc not found, using dummy regulator
[    1.415202] tegra-wdt 60005000.timer: initialized (heartbeat = 120 sec, nowayout = 0)
[    1.423537] sdhci: Secure Digital Host Controller Interface driver
[    1.429701] sdhci: Copyright(c) Pierre Ossman
[    1.434056] sdhci-pltfm: SDHCI platform and OF driver helper
[    1.439824] sdhci-tegra 700b0000.sdhci: allocated mmc-pwrseq
[    1.453628] sdhci-tegra 700b0400.sdhci: Got CD GPIO
[    1.458499] sdhci-tegra 700b0400.sdhci: Got WP GPIO
[    1.478604] mmc0: Unknown controller version (3). You may experience problems.
[    1.485846] mmc0: Invalid maximum block size, assuming 512 bytes
[    1.522623] mmc0: SDHCI controller on 700b0600.sdhci [700b0600.sdhci] using ADMA
[    1.530336] usbcore: registered new interface driver usbhid
[    1.536015] usbhid: USB HID core driver
[    1.542106] tegra30-i2s 70301100.i2s: DMA channels sourced from device 70300000.ahub
[    1.590364] mmc0: new high speed MMC card at address 0001
[    1.596283] max98090 0-0010: MAX98090 REVID=0x43
[    1.597703] mmcblk0: mmc0:0001 MMC16G 14.4 GiB 
[    1.607059] max98090 0-0010: use default 2.8v micbias
[    1.607282] mmcblk0boot0: mmc0:0001 MMC16G partition 1 2.00 MiB
[    1.619883] mmcblk0boot1: mmc0:0001 MMC16G partition 2 2.00 MiB
[    1.625927] mmcblk0rpmb: mmc0:0001 MMC16G partition 3 128 KiB, chardev (247:0)
[    1.626105] tegra-snd-max98090 sound: HiFi <-> 70301100.i2s mapping ok
[    1.640823] input: GoogleNyanBig Headphones as /devices/soc0/sound/sound/card1/input1
[    1.642714]  mmcblk0: p1 p2 p3 p4 p5 p6 p7 p8 p9 p10 p11 p12
[    1.648798] input: GoogleNyanBig Mic Jack as /devices/soc0/sound/sound/card1/input2
[    1.662765] NET: Registered protocol family 10
[    1.667816] Segment Routing with IPv6
[    1.671544] mip6: Mobile IPv6
[    1.674503] sit: IPv6, IPv4 and MPLS over IPv4 tunneling driver
[    1.680962] NET: Registered protocol family 17
[    1.685398] NET: Registered protocol family 15
[    1.689828] can: controller area network core (rev 20170425 abi 9)
[    1.696081] NET: Registered protocol family 29
[    1.700521] can: raw protocol (rev 20170425)
[    1.704778] can: broadcast manager protocol (rev 20170425 t)
[    1.710425] can: netlink gateway (rev 20170425) max_hops=1
[    1.715968] Bluetooth: RFCOMM socket layer initialized
[    1.721112] Bluetooth: RFCOMM ver 1.11
[    1.724854] Bluetooth: BNEP (Ethernet Emulation) ver 1.3
[    1.730153] Bluetooth: BNEP socket layer initialized
[    1.735110] Bluetooth: HIDP (Human Interface Emulation) ver 1.2
[    1.741025] Bluetooth: HIDP socket layer initialized
[    1.746066] Key type dns_resolver registered
[    1.750530] Registering SWP/SWPB emulation handler
[    1.755566] Loading compiled-in X.509 certificates
[    1.767496] +3.3V_RUN: supplied by +3.3V_SYS
[    1.772436] +VDD_LED: supplied by +VDD_MUX
[    1.776642] +3.3V_AVDD_HDMI_AP_GATED: supplied by +3.3V_RUN
[    1.782376] +1.8V_RUN_CAM: supplied by +3.3V_RUN
[    1.787079] +VDDIO_SDMMC3: supplied by +3.3V_RUN
[    1.791819] +1.8V_RUN_VPP_FUSE: supplied by +3.3V_RUN
[    1.796998] +5V_VDD_TS_SW: supplied by +5V_SYS
[    1.801730] +5V_USB_HS: supplied by +5V_SYS
[    1.806046] +5V_USB_SS: supplied by +5V_SYS
[    1.811273] +3.3V_PANEL: supplied by +3.3V_RUN
[    1.816767] +3.3V_LP0: supplied by +3.3V_SYS
[    1.821777] +1.05V_RUN_AVDD_HDMI_PLL: supplied by +1.05V_RUN
[    1.827590] +5V_HDMI_CON: supplied by +5V_SYS
[    1.832687]  usb3-0: usb3-0 supply vbus not found, using dummy regulator
[    1.839418]  usb3-1: usb3-1 supply vbus not found, using dummy regulator
[    1.852593] tegra-sor 54540000.sor: failed to probe output: -517
[    1.858806] panel-simple panel: panel supply power not found, using dummy regulator
[    1.868642] tegra-xusb 70090000.usb: Direct firmware load for nvidia/tegra124/xusb.bin failed with error -2
[    1.878399] tegra-xusb 70090000.usb: failed to request firmware: -2
[    1.884690] tegra-xusb 70090000.usb: failed to load firmware: -2
[    1.891874] tegra-xusb: probe of 70090000.usb failed with error -2
[    1.898452] sdhci-tegra 700b0000.sdhci: allocated mmc-pwrseq
[    1.910652] mmc1: Unknown controller version (3). You may experience problems.
[    1.918107] mmc1: Invalid maximum block size, assuming 512 bytes
[    1.924573] mmc1: Switching to 3.3V signalling voltage failed
[    1.953275] mmc1: SDHCI controller on 700b0000.sdhci [700b0000.sdhci] using ADMA
[    1.960916] sdhci-tegra 700b0400.sdhci: Got CD GPIO
[    1.965789] sdhci-tegra 700b0400.sdhci: Got WP GPIO
[    1.976090] mmc2: Unknown controller version (3). You may experience problems.
[    1.983428] mmc2: Invalid maximum block size, assuming 512 bytes
[    2.019619] mmc1: new high speed SDIO card at address 0001
[    2.025438] mmc2: SDHCI controller on 700b0400.sdhci [700b0400.sdhci] using ADMA
[    2.033024] tegra-sor 54540000.sor: failed to probe output: -517
[    2.039184] panel-simple panel: panel supply power not found, using dummy regulator
[    2.047289] input: gpio-keys as /devices/soc0/gpio-keys/input/input3
[    2.053902] tegra-sor 54540000.sor: failed to probe output: -517
[    2.060007] panel-simple panel: panel supply power not found, using dummy regulator
[    2.067949] as3722-rtc as3722-rtc: setting system clock to 2000-01-01 00:00:23 UTC (946684823)
[    2.076714] cfg80211: Loading compiled-in X.509 certificates for regulatory database
[    2.086545] cfg80211: Loaded X.509 cert 'sforshee: 00b28ddf47aef9cea7'
[    2.093260] platform regulatory.0: Direct firmware load for regulatory.db failed with error -2
[    2.100931] +3.3V_AVDD_HDMI_AP_GATED: disabling
[    2.101930] cfg80211: failed to load regulatory.db
[    2.106385] +1.8V_RUN_CAM: disabling
[    2.115084] +1.2V_RUN_CAM_FRONT: disabling
[    2.119374] +1.05V_RUN_CAM_REAR: disabling
[    2.123854] +2.8V_RUN_TOUCH: disabling
[    2.127791] +2.8V_RUN_CAM_AF: disabling
[    2.131971] +1.8V_RUN_VPP_FUSE: disabling
[    2.136133] +VDD_LED: disabling
[    2.139303] +5V_VDD_TS_SW: disabling
[    2.142934] +5V_USB_HS: disabling
[    2.146286] +5V_USB_SS: disabling
[    2.149638] +3.3V_PANEL: disabling
[    2.153160] +1.05V_RUN_AVDD_HDMI_PLL: disabling
[    2.157707] +5V_HDMI_CON: disabling
[    2.161223] ALSA device list:
[    2.164183]   #1: GoogleNyanBig
[    2.272604] mmc2: new high speed SDHC card at address 0007
[    2.279917] mmcblk2: mmc2:0007 SD08G 7.42 GiB 
[    2.293603] GPT:Primary header alternate_lba != Alt. header my_lba
[    2.299772] GPT:3014591 != 15564799
[    2.303268] GPT:Primary header thinks Alt. header is not at the end of the disk.
[    2.310649] GPT:3014591 != 15564799
[    2.310891] tegra-sor 54540000.sor: failed to probe output: -517
[    2.314180] GPT: Use GNU Parted to correct GPT errors.
[    2.320415] panel-simple panel: panel supply power not found, using dummy regulator
[    2.325312]  mmcblk2: p1 p2 p3 p4 p5 p6 p7 p8 p9 p10 p11 p12
[    2.333079] input: tegra-hda HDMI/DP,pcm=3 as /devices/soc0/70030000.hda/sound/card0/input4
[    2.347708] tegra-sor 54540000.sor: failed to probe output: -517
[    2.353838] EXT4-fs (mmcblk0p3): couldn't mount as ext3 due to feature incompatibilities
[    2.354091] panel-simple panel: panel supply power not found, using dummy regulator
[    2.789610] EXT4-fs (mmcblk0p3): recovery complete
[    2.794434] EXT4-fs (mmcblk0p3): mounted filesystem with ordered data mode. Opts: (null)
[    2.802542] VFS: Mounted root (ext4 filesystem) on device 179:3.
[    2.809534] devtmpfs: mounted
[    2.812966] Freeing unused kernel memory: 1024K
bash: cannot set terminal process group (-1): Inappropriate ioctl for device
bash: no job control in this shell
root@(none):/# mount -t sysfs none /sys
root@(none):/# 
root@(none):/# mount -t debugfs none /sys/kernel/debug
root@(none):/# 
root@(none):/# rtcwake -d rtc1 -m mem -s 3
rtcwake: assuming RTC uses UTC ...
rtcwake: wakeup from "mem" using /dev/rtc1 at Thu Jan  1 00:00:28 1970
[    5.692030] PM: suspend entry (deep)
[    5.695598] PM: Syncing filesystems ... done.
[    5.701766] Freezing user space processes ... (elapsed 0.001 seconds) done.
[    5.709877] OOM killer disabled.
[    5.713116] Freezing remaining freezable tasks ... (elapsed 0.001 seconds) done.
[    5.721680] Suspending console(s) (use no_console_suspend to debug)
[    5.904032] Disabling non-boot CPUs ...
[    5.960675] IRQ17 no longer affine to CPU1
[    6.071204] Entering suspend state LP1
[    6.071229] Enabling non-boot CPUs ...
[    6.071968] CPU1 is up
[    6.072597] CPU2 is up
[    6.073292] CPU3 is up
[    6.114304] cros-ec-spi spi0.0: spi transfer failed: -121
[    6.125613] mmc1: Switching to 3.3V signalling voltage failed
[    6.182271] tegra-sor 54540000.sor: failed to probe output: -517
[    6.182413] panel-simple panel: panel supply power not found, using dummy regulator
[    6.229832] OOM killer enabled.
[    6.232974] Restarting tasks ... done.
[    6.237155] PM: suspend exit
root@(none):/# 
root@(none):/# rtcwake -d rtc1 -m mem -s 3
rtcwake: assuming RTC uses UTC ...
rtcwake: wakeup from "mem" using /dev/rtc1 at Thu Jan  1 00:00:32 1970
[    6.770436] PM: suspend entry (deep)
[    6.774034] PM: Syncing filesystems ... done.
[    6.779773] Freezing user space processes ... (elapsed 0.001 seconds) done.
[    6.787827] OOM killer disabled.
[    6.791056] Freezing remaining freezable tasks ... (elapsed 0.001 seconds) done.
[    6.799524] Suspending console(s) (use no_console_suspend to debug)
[    6.984031] Disabling non-boot CPUs ...
[    7.141086] Entering suspend state LP1
[    7.141112] Enabling non-boot CPUs ...
[    7.141857] CPU1 is up
[    7.142482] CPU2 is up
[    7.143183] CPU3 is up
[    7.184526] cros-ec-spi spi0.0: spi transfer failed: -121
[    7.196020] mmc1: Switching to 3.3V signalling voltage failed
[    7.253122] tegra-sor 54540000.sor: failed to probe output: -517
[    7.253263] panel-simple panel: panel supply power not found, using dummy regulator
[    7.296492] OOM killer enabled.
[    7.299621] Restarting tasks ... done.
[    7.304106] PM: suspend exit
root@(none):/# 
root@(none):/# rtcwake -d rtc1 -m mem -s 3
rtcwake: assuming RTC uses UTC ...
rtcwake: wakeup from "mem" using /dev/rtc1 at Thu Jan  1 00:00:36 1970
[    7.840163] PM: suspend entry (deep)
[    7.843752] PM: Syncing filesystems ... done.
[    7.849450] Freezing user space processes ... (elapsed 0.001 seconds) done.
[    7.857573] OOM killer disabled.
[    7.860808] Freezing remaining freezable tasks ... (elapsed 0.001 seconds) done.
[    7.869282] Suspending console(s) (use no_console_suspend to debug)
[    8.053983] Disabling non-boot CPUs ...
[    8.231134] Entering suspend state LP1
[    8.231159] Enabling non-boot CPUs ...
[    8.231906] CPU1 is up
[    8.232532] CPU2 is up
[    8.233238] CPU3 is up
[    8.274328] cros-ec-spi spi0.0: spi transfer failed: -121
[    8.285504] mmc1: Switching to 3.3V signalling voltage failed
[    8.341531] tegra-sor 54540000.sor: failed to probe output: -517
[    8.341676] panel-simple panel: panel supply power not found, using dummy regulator
[    8.384966] OOM killer enabled.
[    8.388096] Restarting tasks ... done.
[    8.392515] PM: suspend exit
root@(none):/# 
root@(none):/# rtcwake -d rtc1 -m mem -s 3
rtcwake: assuming RTC uses UTC ...
rtcwake: wakeup from "mem" using /dev/rtc1 at Thu Jan  1 00:00:40 1970
[    8.929621] PM: suspend entry (deep)
[    8.933208] PM: Syncing filesystems ... done.
[    8.938643] Freezing user space processes ... (elapsed 0.001 seconds) done.
[    8.946713] OOM killer disabled.
[    8.949929] Freezing remaining freezable tasks ... (elapsed 0.001 seconds) done.
[    8.958400] Suspending console(s) (use no_console_suspend to debug)
[    9.143658] Disabling non-boot CPUs ...
[    9.321029] Entering suspend state LP1
[    9.321054] Enabling non-boot CPUs ...
[    9.321803] CPU1 is up
[    9.322436] CPU2 is up
[    9.323142] CPU3 is up
[    9.364494] cros-ec-spi spi0.0: spi transfer failed: -121
[    9.375841] mmc1: Switching to 3.3V signalling voltage failed
[    9.431245] tegra-sor 54540000.sor: failed to probe output: -517
[    9.431388] panel-simple panel: panel supply power not found, using dummy regulator
[    9.474709] OOM killer enabled.
[    9.477841] Restarting tasks ... done.
[    9.482068] PM: suspend exit
root@(none):/# 
root@(none):/# rtcwake -d rtc1 -m mem -s 3
rtcwake: assuming RTC uses UTC ...
rtcwake: wakeup from "mem" using /dev/rtc1 at Thu Jan  1 00:00:44 1970
[   10.019166] PM: suspend entry (deep)
[   10.022753] PM: Syncing filesystems ... done.
[   10.028361] Freezing user space processes ... (elapsed 0.001 seconds) done.
[   10.036490] OOM killer disabled.
[   10.039706] Freezing remaining freezable tasks ... (elapsed 0.001 seconds) done.
[   10.048184] Suspending console(s) (use no_console_suspend to debug)
[   10.233981] Disabling non-boot CPUs ...
[   10.390524] IRQ17 no longer affine to CPU3
[   10.391003] Entering suspend state LP1
[   10.391028] Enabling non-boot CPUs ...
[   10.391779] CPU1 is up
[   10.392402] CPU2 is up
[   10.393109] CPU3 is up
[   10.434302] cros-ec-spi spi0.0: spi transfer failed: -121
[   10.445612] mmc1: Switching to 3.3V signalling voltage failed
[   10.503902] tegra-sor 54540000.sor: failed to probe output: -517
[   10.504047] panel-simple panel: panel supply power not found, using dummy regulator
[   10.551486] OOM killer enabled.
[   10.554627] Restarting tasks ... done.
[   10.558791] PM: suspend exit
root@(none):/# 
root@(none):/# rtcwake -d rtc1 -m mem -s 3
rtcwake: assuming RTC uses UTC ...
rtcwake: wakeup from "mem" using /dev/rtc1 at Thu Jan  1 00:00:48 1970
[   11.089145] PM: suspend entry (deep)
[   11.092733] PM: Syncing filesystems ... done.
[   11.098338] Freezing user space processes ... (elapsed 0.001 seconds) done.
[   11.106470] OOM killer disabled.
[   11.109686] Freezing remaining freezable tasks ... (elapsed 0.001 seconds) done.
[   11.118162] Suspending console(s) (use no_console_suspend to debug)
[   11.303334] Disabling non-boot CPUs ...
[   11.460990] Entering suspend state LP1
[   11.461015] Enabling non-boot CPUs ...
[   11.461768] CPU1 is up
[   11.462396] CPU2 is up
[   11.463100] CPU3 is up
[   11.504198] cros-ec-spi spi0.0: spi transfer failed: -121
[   11.515515] mmc1: Switching to 3.3V signalling voltage failed
[   11.570155] tegra-sor 54540000.sor: failed to probe output: -517
[   11.570297] panel-simple panel: panel supply power not found, using dummy regulator
[   11.613626] OOM killer enabled.
[   11.616755] Restarting tasks ... done.
[   11.620942] PM: suspend exit
root@(none):/# 
root@(none):/# rtcwake -d rtc1 -m mem -s 3
rtcwake: assuming RTC uses UTC ...
rtcwake: wakeup from "mem" using /dev/rtc1 at Thu Jan  1 00:00:52 1970
[   12.158919] PM: suspend entry (deep)
[   12.162507] PM: Syncing filesystems ... done.
[   12.167965] Freezing user space processes ... (elapsed 0.001 seconds) done.
[   12.176097] OOM killer disabled.
[   12.179314] Freezing remaining freezable tasks ... (elapsed 0.001 seconds) done.
[   12.187790] Suspending console(s) (use no_console_suspend to debug)
[   12.373852] Disabling non-boot CPUs ...
[   12.550475] IRQ17 no longer affine to CPU3
[   12.550967] Entering suspend state LP1
[   12.550992] Enabling non-boot CPUs ...
[   12.551747] CPU1 is up
[   12.552375] CPU2 is up
[   12.553084] CPU3 is up
[   12.594253] cros-ec-spi spi0.0: spi transfer failed: -121
[   12.605555] mmc1: Switching to 3.3V signalling voltage failed
[   12.661759] tegra-sor 54540000.sor: failed to probe output: -517
[   12.661904] panel-simple panel: panel supply power not found, using dummy regulator
[   12.709314] OOM killer enabled.
[   12.712481] Restarting tasks ... done.
[   12.716690] PM: suspend exit
root@(none):/# 
root@(none):/# rtcwake -d rtc1 -m mem -s 3
rtcwake: assuming RTC uses UTC ...
rtcwake: wakeup from "mem" using /dev/rtc1 at Thu Jan  1 00:00:56 1970
[   13.249047] PM: suspend entry (deep)
[   13.252635] PM: Syncing filesystems ... done.
[   13.258157] Freezing user space processes ... (elapsed 0.001 seconds) done.
[   13.266286] OOM killer disabled.
[   13.269502] Freezing remaining freezable tasks ... (elapsed 0.001 seconds) done.
[   13.278047] Suspending console(s) (use no_console_suspend to debug)
[   13.463899] Disabling non-boot CPUs ...
[   13.630453] IRQ17 no longer affine to CPU3
[   13.630967] Entering suspend state LP1
[   13.630992] Enabling non-boot CPUs ...
[   13.631743] CPU1 is up
[   13.632383] CPU2 is up
[   13.633092] CPU3 is up
[   13.674205] cros-ec-spi spi0.0: spi transfer failed: -121
[   13.685650] mmc1: Switching to 3.3V signalling voltage failed
[   13.741421] tegra-sor 54540000.sor: failed to probe output: -517
[   13.741564] panel-simple panel: panel supply power not found, using dummy regulator
[   13.788953] OOM killer enabled.
[   13.792119] Restarting tasks ... done.
[   13.796287] PM: suspend exit
root@(none):/# 
root@(none):/# rtcwake -d rtc1 -m mem -s 3
rtcwake: assuming RTC uses UTC ...
rtcwake: wakeup from "mem" using /dev/rtc1 at Thu Jan  1 00:01:00 1970
[   14.329876] PM: suspend entry (deep)
[   14.333465] PM: Syncing filesystems ... done.
[   14.339092] Freezing user space processes ... (elapsed 0.001 seconds) done.
[   14.347231] OOM killer disabled.
[   14.350455] Freezing remaining freezable tasks ... (elapsed 0.001 seconds) done.
[   14.358929] Suspending console(s) (use no_console_suspend to debug)
[   14.543831] Disabling non-boot CPUs ...
[   14.640452] IRQ17 no longer affine to CPU2
[   14.700904] Entering suspend state LP1
[   14.700929] Enabling non-boot CPUs ...
[   14.701684] CPU1 is up
[   14.702310] CPU2 is up
[   14.703016] CPU3 is up
[   14.744129] cros-ec-spi spi0.0: spi transfer failed: -121
[   14.755406] mmc1: Switching to 3.3V signalling voltage failed
[   14.810957] tegra-sor 54540000.sor: failed to probe output: -517
[   14.811103] panel-simple panel: panel supply power not found, using dummy regulator
[   14.858524] OOM killer enabled.
[   14.861691] Restarting tasks ... done.
[   14.865864] PM: suspend exit
root@(none):/# 
root@(none):/# rtcwake -d rtc1 -m mem -s 3
rtcwake: assuming RTC uses UTC ...
rtcwake: wakeup from "mem" using /dev/rtc1 at Thu Jan  1 00:01:04 1970
[   15.400170] PM: suspend entry (deep)
[   15.403759] PM: Syncing filesystems ... done.
[   15.409453] Freezing user space processes ... (elapsed 0.001 seconds) done.
[   15.417577] OOM killer disabled.
[   15.420813] Freezing remaining freezable tasks ... (elapsed 0.001 seconds) done.
[   15.429350] Suspending console(s) (use no_console_suspend to debug)
[   15.613507] Disabling non-boot CPUs ...
[   15.650446] IRQ17 no longer affine to CPU1
[   15.770955] Entering suspend state LP1
[   15.770980] Enabling non-boot CPUs ...
[   15.771735] CPU1 is up
[   15.772376] CPU2 is up
[   15.773082] CPU3 is up
[   15.814279] cros-ec-spi spi0.0: spi transfer failed: -121
[   15.825593] mmc1: Switching to 3.3V signalling voltage failed
[   15.881082] tegra-sor 54540000.sor: failed to probe output: -517
[   15.881225] panel-simple panel: panel supply power not found, using dummy regulator
[   15.928554] OOM killer enabled.
[   15.931696] Restarting tasks ... done.
[   15.935851] PM: suspend exit
root@(none):/# 
root@(none):/# NVTB SYSTEM SUSPEND TEST COMPLETE
