Rebooting device after flashing.
[0000.000] TegraBoot Init
[0000.003] Processing in cold boot mode
NVRM Initialized shmoo database
NVRM CLOCKS: PLLX0:      0 Khz
NVRM CLOCKS: PLLM0:      792000 Khz
NVRM CLOCKS: PLLC0:      0 Khz
NVRM CLOCKS: PLLP0:      408000 Khz
NVRM CLOCKS: PLLA0:      11289 Khz
NVRM CLOCKS: CPU:        12000 Khz
NVRM CLOCKS: AVP:        48000 Khz
NVRM CLOCKS: System Bus: 48000 Khz
NVRM CLOCKS: Memory Controller: 792000
NVRM CLOCKS: External Memory Controller: 792000
0x00 BoardInfo: 0x0001:0x0007:0x065c:0x03e8:0x00:0x42:0x00:0xff:0xff:0xff:0xff:0xff:0xff
 0x01 BoardInfo: 0x0001:0x0007:0x0162:0x0001:0x00:0x42:0x00:0x00:0x00:0x00:0x00:0x00:0x00
 0x02 BoardInfo: 0x0000:0x0000:0x0000:0x0000:0x00:0x00:0x00:0x00:0x00:0x00:0x00:0x00:0x00
 0x03 BoardInfo: 0x0000:0x0000:0x0000:0x0000:0x00:0x00:0x00:0x00:0x00:0x00:0x00:0x00:0x00
 0x04 BoardInfo: 0x0001:0x0007:0x0713:0x03e8:0x00:0x42:0x00:0xff:0xff:0xff:0xff:0xff:0xff
 0x05 BoardInfo: 0x0000:0x0000:0x0000:0x0000:0x00:0x00:0x00:0x00:0x00:0x00:0x00:0x00:0x00
 0x06 BoardInfo: 0x0001:0x0007:0x0176:0x0001:0x01:0x43:0x00:0xff:0xff:0xff:0xff:0xff:0xff
 0x07 BoardInfo: 0x0001:0x0007:0x0156:0x0000:0x00:0x46:0x05:0xff:0xff:0xff:0xff:0xff:0xff
 ADJUSTED CLOCKS:
MC clock is set to 792000 KHz
EMC clock is set to 792000 KHz (DDR clock is at 396000 KHz)
PLLX0 clock is set to      0 KHz
PLLC0 clock is set to      0 KHz
CPU clock is set to  12000 KHz
System and AVP clock is set to  48000 KHz
GraphicsHost clock is set to 163200 KHz
MSENC clock is set to  79200 KHz
Vde clock is set to 204000 KHz

Bootloader-Cpu Init at (time stamp): 1800271 us

Pinmux changes applied in kernel way

[bootloader] (version UNDEF_BUILD)
Platform Pre Boot configuration...
The proc BoardInfo: 0x0176:0x0001:0x01:0x43:0x00
Initializing Display
This Pmu Module is not present.

[bootloader] (version UNDEF_BUILD)

Device - Unlocked 



Serial Number  17418A202140000000A078300 

Checking for android ota recovery 
[NvPartMgrGetIdByName]:Could not find a match for given partition name[NvPartMgrGetIdByName]:Could not find a match for given partition name(FastbootBMPRead) Unsuccesful attempt to read BMP image
Could not render BMP on screen
Cold-booting Linux
Platform Pre OS Boot configuration...
Setting VddId=2 to 1150 mV
FastbootAddAtag: setting ATAG (1413545985)
The proc BoardInfo: 0x0176:0x0001:0x01:0x43:0x00
FastbootAddAtag: setting ATAG (0)

Board Id Read Time: 3 us
Power Rail enable Time: 1 us

Miscellaneous avp time: 1800245  us
Bootloader (AosInit) time: 733445 us
Bootloader Main Init time: 180212 us
BlockDevMgrInit time: 157550 us
PartMgrInit time: 8 us
StorMgrInit time: 30 us
FsMgrInit time: 2 us
Partition Table load: 76991 us 
Display init time: 574516 us
Kernel read time: 307 msec
Load Kernel Size:   13305856 Bytes
Bl Kernel ReadSpeed: 43341000 Bytes/sec
Pre-Kernel Jump time: 1508492 us
Clearing 32 Bit State and Warm resetting to 64bit mode: 5521575 us
[    0.000000] Booting Linux on physical CPU 0x0
[    0.000000] Linux version 4.6.0-rc3+ (pwalmsley@tamien) (gcc version 4.9.2 20140904 (prerelease) (crosstool-NG linaro-1.13.1-4.9-2014.09 - Linaro GCC 4.9-2014.09) ) #1 SMP PREEMPT Sun Apr 10 18:35:55 PDT 2016
[    0.000000] Boot CPU: AArch64 Processor [4e0f0000]
[    0.000000] Memory limited to 1734MB
[    0.000000] efi: Getting EFI parameters from FDT:
[    0.000000] efi: UEFI not found.
[    0.000000] cma: Reserved 16 MiB at 0x00000000eb400000
[    0.000000] /cpus/cpu@1: missing enable-method property
[    0.000000] percpu: Embedded 20 pages/cpu @ffffffc06c5a3000 s43008 r8192 d30720 u81920
[    0.000000] Detected PIPT I-cache on CPU0
[    0.000000] Built 1 zonelists in Zone order, mobility grouping on.  Total pages: 436968
[    0.000000] Kernel command line: tegraid=13.1.3.0.0 mem=1734M@2048M memtype=255 vpr=151M@3817M ddr_die=2048M@2048M section=256M commchip_id=0 usb_port_owner_info=0 lane_owner_info=0 emc_max_dvfs=0 touch_id=0@0 video=tegrafb no_console_suspend=1 console=ttyS0,115200n8 debug_uartport=lsport,0 earlyprintk=uart8250-32bit,0x70006000 usbcore.old_scheme_first=1 lp0_vec=0@0x0 tegra_fbmem=32899072@0xad012000 core_edp_mv=1150 core_edp_ma=4000 pmuboard=0x0176:0x0001:0x01:0x43:0x00 displayboard=0x0162:0x0001:0x00:0x42:0x00 power_supply=Adapter audio_codec=rt5640 board_info=0x0176:0x0001:0x01:0x43:0x00 tegraboot=sdmmc gpt gpt_sector=94207 modem_id=0 android.kerneltype=normal
[    0.000000] PID hash table entries: 4096 (order: 3, 32768 bytes)
[    0.000000] Dentry cache hash table entries: 262144 (order: 9, 2097152 bytes)
[    0.000000] Inode-cache hash table entries: 131072 (order: 8, 1048576 bytes)
[    0.000000] software IO TLB [mem 0xe5200000-0xe9200000] (64MB) mapped at [ffffffc065200000-ffffffc0691fffff]
[    0.000000] Memory: 1643744K/1775616K available (6996K kernel code, 625K rwdata, 2956K rodata, 816K init, 244K bss, 115488K reserved, 16384K cma-reserved)
[    0.000000] Virtual kernel memory layout:
[    0.000000]     modules : 0xffffff8000000000 - 0xffffff8008000000   (   128 MB)
[    0.000000]     vmalloc : 0xffffff8008000000 - 0xffffffbdbfff0000   (   246 GB)
[    0.000000]       .text : 0xffffff8008080000 - 0xffffff8008753000   (  6988 KB)
[    0.000000]     .rodata : 0xffffff8008753000 - 0xffffff8008a3a000   (  2972 KB)
[    0.000000]       .init : 0xffffff8008a3a000 - 0xffffff8008b06000   (   816 KB)
[    0.000000]       .data : 0xffffff8008b06000 - 0xffffff8008ba2400   (   625 KB)
[    0.000000]     vmemmap : 0xffffffbdc0000000 - 0xffffffbfc0000000   (     8 GB maximum)
[    0.000000]               0xffffffbdc0000000 - 0xffffffbdc1b18000   (    27 MB actual)
[    0.000000]     fixed   : 0xffffffbffe7fd000 - 0xffffffbffec00000   (  4108 KB)
[    0.000000]     PCI I/O : 0xffffffbffee00000 - 0xffffffbfffe00000   (    16 MB)
[    0.000000]     memory  : 0xffffffc000000000 - 0xffffffc06c600000   (  1734 MB)
[    0.000000] SLUB: HWalign=64, Order=0-3, MinObjects=0, CPUs=1, Nodes=1
[    0.000000] Preemptible hierarchical RCU implementation.
[    0.000000] 	Build-time adjustment of leaf fanout to 64.
[    0.000000] 	RCU restricting CPUs from NR_CPUS=64 to nr_cpu_ids=1.
[    0.000000] RCU: Adjusting geometry for rcu_fanout_leaf=64, nr_cpu_ids=1
[    0.000000] NR_IRQS:64 nr_irqs:64 0
[    0.000000] /interrupt-controller@60004000: 160 interrupts forwarded to /interrupt-controller@0,50041000
[    0.000000] Tegra clk 127: register failed with -17
[    0.000000] Architected cp15 timer(s) running at 12.00MHz (virt).
[    0.000000] clocksource: arch_sys_counter: mask: 0xffffffffffffff max_cycles: 0x2c47f4ee7, max_idle_ns: 440795202497 ns
[    0.000018] sched_clock: 56 bits at 12MHz, resolution 83ns, wraps every 4398046511096ns
[    0.000439] Console: colour dummy device 80x25
[    0.000491] Calibrating delay loop (skipped), value calculated using timer frequency.. 24.00 BogoMIPS (lpj=48000)
[    0.000536] pid_max: default: 32768 minimum: 301
[    0.000843] Security Framework initialized
[    0.001019] Mount-cache hash table entries: 4096 (order: 3, 32768 bytes)
[    0.001067] Mountpoint-cache hash table entries: 4096 (order: 3, 32768 bytes)
[    0.004692] ASID allocator initialised with 256 entries
[    0.010560] EFI services will not be available.
[    0.011089] Brought up 1 CPUs
[    0.011117] SMP: Total of 1 processors activated.
[    0.011163] CPU: All CPU(s) started at EL1
[    0.013301] devtmpfs: initialized
[    0.059707] DMI not present or invalid.
[    0.060947] clocksource: jiffies: mask: 0xffffffff max_cycles: 0xffffffff, max_idle_ns: 7645041785100000 ns
[    0.063187] pinctrl core: initialized pinctrl subsystem
[    0.069889] NET: Registered protocol family 16
[    0.091084] cpuidle: using governor menu
[    0.093576] vdso: 2 pages (1 code @ ffffff8008759000, 1 data @ ffffff8008b0c000)
[    0.093706] hw-breakpoint: found 6 breakpoint and 4 watchpoint registers.
[    0.098942] DMA: preallocated 256 KiB pool for atomic allocations
[    0.100644] Serial: AMBA PL011 UART driver
[    0.293137] HugeTLB registered 2 MB page size, pre-allocated 0 pages
[    0.315632] +VDD_LED: Failed to request enable GPIO122: -517
[    0.315689] reg-fixed-voltage regulators:regulator@5: Failed to register regulator: -517
[    0.316003] +5V_USB_HS: Failed to request enable GPIO108: -517
[    0.316044] reg-fixed-voltage regulators:regulator@6: Failed to register regulator: -517
[    0.316341] +5V_USB_SS: Failed to request enable GPIO109: -517
[    0.316378] reg-fixed-voltage regulators:regulator@7: Failed to register regulator: -517
[    0.316945] +1.05V_RUN_AVDD_HDMI_PLL_AP_GATE: Failed to request enable GPIO63: -517
[    0.316984] reg-fixed-voltage regulators:regulator@9: Failed to register regulator: -517
[    0.317270] +5V_HDMI_CON: Failed to request enable GPIO86: -517
[    0.317308] reg-fixed-voltage regulators:regulator@10: Failed to register regulator: -517
[    0.317683] +5V_VDD_TS: Failed to request enable GPIO81: -517
[    0.317721] reg-fixed-voltage regulators:regulator@11: Failed to register regulator: -517
[    0.322564] vgaarb: loaded
[    0.325013] SCSI subsystem initialized
[    0.329322] usbcore: registered new interface driver usbfs
[    0.329785] usbcore: registered new interface driver hub
[    0.330128] usbcore: registered new device driver usb
[    0.340374] pps_core: LinuxPPS API ver. 1 registered
[    0.340408] pps_core: Software ver. 5.3.6 - Copyright 2005-2007 Rodolfo Giometti <giometti@linux.it>
[    0.340634] PTP clock support registered
[    0.342521] dmi: Firmware registration failed.
[    0.345616] Advanced Linux Sound Architecture Driver Initialized.
[    0.352075] clocksource: Switched to clocksource arch_sys_counter
[    0.352597] VFS: Disk quotas dquot_6.6.0
[    0.352781] VFS: Dquot-cache hash table entries: 512 (order 0, 4096 bytes)
[    0.422351] NET: Registered protocol family 2
[    0.425111] TCP established hash table entries: 16384 (order: 5, 131072 bytes)
[    0.425824] TCP bind hash table entries: 16384 (order: 6, 262144 bytes)
[    0.426677] TCP: Hash tables configured (established 16384 bind 16384)
[    0.427092] UDP hash table entries: 1024 (order: 3, 32768 bytes)
[    0.427308] UDP-Lite hash table entries: 1024 (order: 3, 32768 bytes)
[    0.428354] NET: Registered protocol family 1
[    0.429167] RPC: Registered named UNIX socket transport module.
[    0.429211] RPC: Registered udp transport module.
[    0.429276] RPC: Registered tcp transport module.
[    0.429300] RPC: Registered tcp NFSv4.1 backchannel transport module.
[    0.429974] Unpacking initramfs...
[    0.845218] Freeing initrd memory: 1588K (ffffffc001680000 - ffffffc00180d000)
[    0.848401] kvm [1]: HYP mode not available
[    0.861026] futex hash table entries: 256 (order: 3, 32768 bytes)
[    0.861292] audit: initializing netlink subsys (disabled)
[    0.861400] audit: type=2000 audit(0.847:1): initialized
[    0.864813] workingset: timestamp_bits=44 max_order=19 bucket_order=0
[    0.957816] squashfs: version 4.0 (2009/01/31) Phillip Lougher
[    0.964482] NFS: Registering the id_resolver key type
[    0.964601] Key type id_resolver registered
[    0.964629] Key type id_legacy registered
[    0.965743] fuse init (API version 7.24)
[    0.969895] 9p: Installing v9fs 9p2000 file system support
[    0.983234] io scheduler noop registered
[    0.984959] io scheduler cfq registered (default)
[    1.063394] tegra-apbdma 60020000.dma: Tegra20 APB DMA driver register 32 channels
[    1.069328] tegra-pmc 7000e400.pmc: i2c-thermtrip node not found, emergency thermal reset disabled.
[    1.072534] xenfs: not registering filesystem on non-xen platform
[    1.102472] Serial: 8250/16550 driver, 4 ports, IRQ sharing disabled
[    1.114889] console [ttyS0] disabled
[    1.115041] 70006000.serial: ttyS0 at MMIO 0x70006000 (irq = 317, base_baud = 25500000) is a Tegra
[    1.904093] console [ttyS0] enabled
[    1.910639] SuperH (H)SCI(F) driver initialized
[    1.917604] msm_serial: driver initialized
[    1.924970] Unable to detect cache hierarchy from DT for CPU 0
[    1.961537] loop: module loaded
[    1.979163] tun: Universal TUN/TAP device driver, 1.6
[    1.986583] tun: (C) 1999-2004 Max Krasnyansky <maxk@qualcomm.com>
[    1.995331] e1000e: Intel(R) PRO/1000 Network Driver - 3.2.6-k
[    2.002362] e1000e: Copyright(c) 1999 - 2015 Intel Corporation.
[    2.008882] igb: Intel(R) Gigabit Ethernet Network Driver - version 5.3.0-k
[    2.016405] igb: Copyright (c) 2007-2014 Intel Corporation.
[    2.022638] igbvf: Intel(R) Gigabit Virtual Function Network Driver - version 2.0.2-k
[    2.030889] igbvf: Copyright (c) 2009 - 2012 Intel Corporation.
[    2.037439] sky2: driver version 1.30
[    2.045291] VFIO - User Level meta-driver version: 0.3
[    2.075517] ehci_hcd: USB 2.0 'Enhanced' Host Controller (EHCI) Driver
[    2.082500] ehci-pci: EHCI PCI platform driver
[    2.087996] ehci-platform: EHCI generic platform driver
[    2.094233] ehci-msm: Qualcomm On-Chip EHCI Host Controller
[    2.100695] ohci_hcd: USB 1.1 'Open' Host Controller (OHCI) Driver
[    2.107231] ohci-pci: OHCI PCI platform driver
[    2.112289] ohci-platform: OHCI generic platform driver
[    2.120420] usbcore: registered new interface driver usb-storage
[    2.135160] mousedev: PS/2 mouse device common for all mice
[    2.146857] i2c /dev entries driver
[    2.165629] sdhci: Secure Digital Host Controller Interface driver
[    2.172801] sdhci: Copyright(c) Pierre Ossman
[    2.177701] Synopsys Designware Multimedia Card Interface Driver
[    2.186689] sdhci-pltfm: SDHCI platform and OF driver helper
[    2.194419] sdhci-tegra 700b0400.sdhci: Got CD GPIO
[    2.199663] sdhci-tegra 700b0400.sdhci: Got WP GPIO
[    2.205033] mmc0: Unknown controller version (3). You may experience problems.
[    2.213697] mmc0: Unknown controller version (3). You may experience problems.
[    2.221428] mmc0: Invalid maximum block size, assuming 512 bytes
[    2.267675] mmc0: SDHCI controller on 700b0600.sdhci [700b0600.sdhci] using ADMA 64-bit
[    2.285051] ledtrig-cpu: registered to indicate activity on CPUs
[    2.303899] usbcore: registered new interface driver usbhid
[    2.311935] usbhid: USB HID core driver
[    2.329824] NET: Registered protocol family 17
[    2.336211] 9pnet: Installing 9P2000 support
[    2.342579] Key type dns_resolver registered
[    2.352574] registered taskstats version 1
[    2.376394] sdhci-tegra 700b0400.sdhci: Got CD GPIO
[    2.381672] sdhci-tegra 700b0400.sdhci: Got WP GPIO
[    2.387025] mmc1: Unknown controller version (3). You may experience problems.
[    2.399704] input: gpio-keys as /devices/platform/gpio-keys/input/input0
[    2.410054] sdhci-tegra 700b0400.sdhci: Got CD GPIO
[    2.416108] hctosys: unable to open rtc device (rtc0)
[    2.435945] sdhci-tegra 700b0400.sdhci: Got WP GPIO
[    2.443750] mmc1: Unknown controller version (3). You may experience problems.
[    2.475736] +3.3V_AVDD_HDMI_AP_GATED: disabling
[    2.480438] mmc0: new HS200 MMC card at address 0001
[    2.482219] mmcblk0: mmc0:0001 SEM16G 14.7 GiB 
[    2.492594] +VDD_LED: disabling
[    2.495987] mmcblk0boot0: mmc0:0001 SEM16G partition 1 4.00 MiB
[    2.502591] +5V_USB_HS: disabling
[    2.506097] mmcblk0boot1: mmc0:0001 SEM16G partition 2 4.00 MiB
[    2.512687] +5V_USB_SS: disabling
[    2.516138] mmcblk0rpmb: mmc0:0001 SEM16G partition 3 4.00 MiB
[    2.524521] +1.05V_RUN_AVDD_HDMI_PLL_AP_GATE: disabling
[    2.530333] +5V_HDMI_CON: disabling
[    2.535164]  mmcblk0: p1 p2 p3 p4 p5 p6 p7 p8
[    2.540249] ALSA device list:
[    2.540258]   No soundcards found.
[    2.549891] Freeing unused kernel memory: 816K (ffffff8008a3a000 - ffffff8008b06000)
[    2.589716] sdhci-tegra 700b0400.sdhci: Got CD GPIO

System initialization...

Mounting /proc :[    2.599666] sdhci-tegra 700b0400.sdhci: Got WP GPIO
[    2.609499] mmc1: Unknown controller version (3). You may experience problems.
[SUCCESS]
Mounting /sys :[SUCCESS]
Mounting /dev :[SUCCESS]
Mounting /dev/pts :[SUCCESS]
Mounting /sys/kernel/debug :[SUCCESS]
Mounting other filesystems :[SUCCESS]
Enabling hot-plug :[SUCCESS]
Starting syslogd :[SUCCESS]

System initialization complete.



Please press Enter to activate this console. 