Diff for ./qemu-vexpress64/__internal/defconfig_log.txt
--- /tmp/fooa	2017-03-05 13:45:13.559697632 -0800
+++ /tmp/foob	2017-03-05 13:45:13.563697646 -0800
@@ -1,32 +1,43 @@
 Booting Linux on physical CPU 0x0
-Linux version 4.10.0-167705-gc470abd (pwalmsley@tamien) (gcc version 4.9.2 20140904 (prerelease) (crosstool-NG linaro-1.13.1-4.9-2014.09 - Linaro GCC 4.9-2014.09) ) #1 SMP PREEMPT Sun Feb 19 15:07:18 PST 2017
+Linux version 4.11.0-rc1-179452-gc1ae3cf (pwalmsley@tamien) (gcc version 4.9.2 20140904 (prerelease) (crosstool-NG linaro-1.13.1-4.9-2014.09 - Linaro GCC 4.9-2014.09) ) #1 SMP PREEMPT Sun Mar 5 13:40:14 PST 2017
 Boot CPU: AArch64 Processor [411fd070]
 Memory limited to 1024MB
 efi: Getting EFI parameters from FDT:
 efi: UEFI not found.
 cma: Reserved 16 MiB at 0x000000007f000000
+NUMA: No NUMA configuration found
+NUMA: Faking a node at [mem 0x0000000000000000-0x000000007fffffff]
+NUMA: Adding memblock [0x40000000 - 0x7fffffff] on node 0
+NUMA: Initmem setup node 0 [mem 0x40000000-0x7fffffff]
+NUMA: NODE_DATA [mem 0x7efeae80-0x7efec97f]
+Zone ranges:
+  DMA      [mem 0x0000000040000000-0x000000007fffffff]
+  Normal   empty
+Movable zone start for each node
+Early memory node ranges
+  node   0: [mem 0x0000000040000000-0x000000007fffffff]
+Initmem setup node 0 [mem 0x0000000040000000-0x000000007fffffff]
 psci: probing for conduit method from DT.
 psci: PSCIv0.2 detected in firmware.
 psci: Using standard PSCI v0.2 function IDs
 psci: Trusted OS migration not required
-percpu: Embedded 21 pages/cpu @ffff80003efd5000 s48128 r8192 d29696 u86016
+percpu: Embedded 23 pages/cpu @ffff80003efd0000 s56832 r8192 d29184 u94208
 Detected PIPT I-cache on CPU0
 CPU features: enabling workaround for ARM erratum 832075
 CPU features: enabling workaround for ARM erratum 834220
-Built 1 zonelists in Zone order, mobility grouping on.  Total pages: 258048
+Built 1 zonelists in Node order, mobility grouping on.  Total pages: 258048
+Policy zone: DMA
 Kernel command line: root=/dev/vda2 rw rootwait mem=1024M console=ttyAMA0,38400n8 init=/bin/bash
 PID hash table entries: 4096 (order: 3, 32768 bytes)
-Dentry cache hash table entries: 131072 (order: 8, 1048576 bytes)
-Inode-cache hash table entries: 65536 (order: 7, 524288 bytes)
-Memory: 998944K/1048576K available (8508K kernel code, 946K rwdata, 4108K rodata, 1024K init, 393K bss, 33248K reserved, 16384K cma-reserved)
+Memory: 1000128K/1048576K available (8700K kernel code, 962K rwdata, 4200K rodata, 1088K init, 395K bss, 32064K reserved, 16384K cma-reserved)
 Virtual kernel memory layout:
     modules : 0xffff000000000000 - 0xffff000008000000   (   128 MB)
     vmalloc : 0xffff000008000000 - 0xffff7dffbfff0000   (129022 GB)
-      .text : 0xffff000008080000 - 0xffff0000088d0000   (  8512 KB)
-    .rodata : 0xffff0000088d0000 - 0xffff000008ce0000   (  4160 KB)
-      .init : 0xffff000008ce0000 - 0xffff000008de0000   (  1024 KB)
-      .data : 0xffff000008de0000 - 0xffff000008ecca00   (   947 KB)
-       .bss : 0xffff000008ecca00 - 0xffff000008f2ee50   (   394 KB)
+      .text : 0xffff000008080000 - 0xffff000008900000   (  8704 KB)
+    .rodata : 0xffff000008900000 - 0xffff000008d20000   (  4224 KB)
+      .init : 0xffff000008d20000 - 0xffff000008e30000   (  1088 KB)
+      .data : 0xffff000008e30000 - 0xffff000008f20a00   (   963 KB)
+       .bss : 0xffff000008f20a00 - 0xffff000008f83738   (   396 KB)
     fixed   : 0xffff7dfffe7fd000 - 0xffff7dfffec00000   (  4108 KB)
     PCI I/O : 0xffff7dfffee00000 - 0xffff7dffffe00000   (    16 MB)
     vmemmap : 0xffff7e0000000000 - 0xffff800000000000   (  2048 GB maximum)
@@ -48,6 +59,8 @@
 Calibrating delay loop (skipped), value calculated using timer frequency.. 125.00 BogoMIPS (lpj=250000)
 pid_max: default: 32768 minimum: 301
 Security Framework initialized
+Dentry cache hash table entries: 131072 (order: 8, 1048576 bytes)
+Inode-cache hash table entries: 65536 (order: 7, 524288 bytes)
 Mount-cache hash table entries: 2048 (order: 2, 16384 bytes)
 Mountpoint-cache hash table entries: 2048 (order: 2, 16384 bytes)
 ASID allocator initialised with 65536 entries
@@ -65,7 +78,7 @@
 pinctrl core: initialized pinctrl subsystem
 NET: Registered protocol family 16
 cpuidle: using governor menu
-vdso: 2 pages (1 code @ ffff0000088d7000, 1 data @ ffff000008de5000)
+vdso: 2 pages (1 code @ ffff000008907000, 1 data @ ffff000008e35000)
 hw-breakpoint: found 6 breakpoint and 4 watchpoint registers.
 DMA: preallocated 256 KiB pool for atomic allocations
 Serial: AMBA PL011 UART driver
@@ -101,8 +114,8 @@
 RPC: Registered tcp NFSv4.1 backchannel transport module.
 kvm [1]: HYP mode not available
 audit: initializing netlink subsys (disabled)
-audit: type=2000 audit(0.688:1): initialized
-workingset: timestamp_bits=46 max_order=18 bucket_order=0
+audit: type=2000 audit(0.700:1): state=initialized audit_enabled=0 res=1
+workingset: timestamp_bits=44 max_order=18 bucket_order=0
 squashfs: version 4.0 (2009/01/31) Phillip Lougher
 NFS: Registering the id_resolver key type
 Key type id_resolver registered
@@ -112,6 +125,7 @@
 Block layer SCSI generic (bsg) driver version 0.4 loaded (major 247)
 io scheduler noop registered
 io scheduler cfq registered (default)
+io scheduler mq-deadline registered
 pl061_gpio 9030000.pl061: PL061 GPIO chip @0x0000000009030000 registered
 OF: PCI: host bridge /pcie@10000000 ranges:
 OF: PCI:    IO 0x3eff0000..0x3effffff -> 0x00000000
@@ -152,7 +166,6 @@
 ohci-platform: OHCI generic platform driver
 ohci-exynos: OHCI EXYNOS driver
 usbcore: registered new interface driver usb-storage
-mousedev: PS/2 mouse device common for all mice
 rtc-pl031 9010000.pl031: rtc core: registered pl031 as rtc0
 i2c /dev entries driver
 sdhci: Secure Digital Host Controller Interface driver
@@ -167,7 +180,7 @@
 Key type dns_resolver registered
 registered taskstats version 1
 input: gpio-keys as /devices/platform/gpio-keys/input/input0
-rtc-pl031 9010000.pl031: setting system clock to 2017-02-19 23:08:01 UTC (1487545681)
+rtc-pl031 9010000.pl031: setting system clock to 2017-03-05 21:40:57 UTC (1488750057)
 ALSA device list:
   No soundcards found.
 uart-pl011 9000000.pl011: no DMA platform data
@@ -176,7 +189,7 @@
 EXT4-fs (vda2): mounted filesystem with ordered data mode. Opts: (null)
 VFS: Mounted root (ext4 filesystem) on device 254:2.
 devtmpfs: mounted
-Freeing unused kernel memory: 1024K
+Freeing unused kernel memory: 1088K
 bash: cannot set terminal process group (-1): Inappropriate ioctl for device
 bash: no job control in this shell
 bash-4.3# 
\ No newline at end of file
Diff for ./tegra114-dalmore-a04/tegra114-dalmore/multi_v7_defconfig_log.txt
--- /tmp/fooa	2017-03-05 13:45:13.571697678 -0800
+++ /tmp/foob	2017-03-05 13:45:13.575697694 -0800
@@ -38,21 +38,21 @@
 	 #################################################################
 	 #################################################################
 	 #################################################################
-	 ###################################################
-	 3.3 MiB/s
+	 ###########################################################
+	 3.4 MiB/s
 done
-Bytes transferred = 7415968 (7128a0 hex)
+Bytes transferred = 7537352 (7302c8 hex)
 Tegra114 (Dalmore) # tftpboot 0x82000000 tegra114-dalmore.dtb
 Using asx0 device
 TFTP from server 192.168.100.1; our IP address is 192.168.100.100
 Filename 'tegra114-dalmore.dtb'.
 Load address: 0x82000000
 Loading: *###
-	 2.8 MiB/s
+	 2.6 MiB/s
 done
 Bytes transferred = 35044 (88e4 hex)
 Tegra114 (Dalmore) # bootz 0x81000000 - 0x82000000
-Kernel image @ 0x81000000 [ 0x000000 - 0x7128a0 ]
+Kernel image @ 0x81000000 [ 0x000000 - 0x7302c8 ]
 ## Flattened Device Tree blob at 82000000
    Booting using the fdt blob at 0x82000000
    Loading Device Tree to 8fff4000, end 8ffff8e3 ... OK
@@ -60,31 +60,31 @@
 Starting kernel ...
 
 Booting Linux on physical CPU 0x0
-Linux version 4.10.0-143272-gc470abd (pwalmsley@sellafield) (gcc version 4.7.3 20130328 (prerelease) (crosstool-NG linaro-1.13.1-4.7-2013.04-20130415 - Linaro GCC 2013.04) ) #1 SMP Sun Feb 19 15:04:08 PST 2017
+Linux version 4.11.0-rc1-155019-gc1ae3cf (pwalmsley@sellafield) (gcc version 4.7.3 20130328 (prerelease) (crosstool-NG linaro-1.13.1-4.7-2013.04-20130415 - Linaro GCC 2013.04) ) #1 SMP Sun Mar 5 13:36:32 PST 2017
 CPU: ARMv7 Processor [412fc0f2] revision 2 (ARMv7), cr=10c5387d
 CPU: div instructions available: patching division code
 CPU: PIPT / VIPT nonaliasing data cache, PIPT instruction cache
-OF: fdt:Machine model: NVIDIA Tegra114 Dalmore evaluation board
+OF: fdt: Machine model: NVIDIA Tegra114 Dalmore evaluation board
 debug: ignoring loglevel setting.
 efi: Getting EFI parameters from FDT:
 efi: UEFI not found.
 cma: Reserved 64 MiB at 0xfb800000
 Memory policy: Data cache writealloc
 On node 0 totalpages: 524032
-free_area_init_node: node 0, pgdat c142ba40, node_mem_map eeff8000
+free_area_init_node: node 0, pgdat c1538180, node_mem_map eeff8000
   DMA zone: 1536 pages used for memmap
   DMA zone: 0 pages reserved
   DMA zone: 196608 pages, LIFO batch:31
   HighMem zone: 327424 pages, LIFO batch:31
-percpu: Embedded 14 pages/cpu @eefa4000 s26176 r8192 d22976 u57344
-pcpu-alloc: s26176 r8192 d22976 u57344 alloc=14*4096
+percpu: Embedded 16 pages/cpu @eef9c000 s34304 r8192 d23040 u65536
+pcpu-alloc: s34304 r8192 d23040 u65536 alloc=16*4096
 pcpu-alloc: [0] 0 [0] 1 [0] 2 [0] 3 
 Built 1 zonelists in Zone order, mobility grouping on.  Total pages: 522496
 Kernel command line: ignore_loglevel console=ttyS0,115200n8 rw root=PARTUUID=7369c667-ff51-ec4a-29cd-baabf2fbe346 rootwait gpt debug earlyprintk init=/bin/bash
 PID hash table entries: 4096 (order: 2, 16384 bytes)
 Dentry cache hash table entries: 131072 (order: 7, 524288 bytes)
 Inode-cache hash table entries: 65536 (order: 6, 262144 bytes)
-Memory: 1994876K/2096128K available (9216K kernel code, 1205K rwdata, 4152K rodata, 2048K init, 536K bss, 35716K reserved, 65536K cma-reserved, 1244160K highmem)
+Memory: 1993772K/2096128K available (10240K kernel code, 1254K rwdata, 4212K rodata, 2048K init, 536K bss, 36820K reserved, 65536K cma-reserved, 1244160K highmem)
 Virtual kernel memory layout:
     vector  : 0xffff0000 - 0xffff1000   (   4 kB)
     fixmap  : 0xffc00000 - 0xfff00000   (3072 kB)
@@ -92,12 +92,13 @@
     lowmem  : 0xc0000000 - 0xf0000000   ( 768 MB)
     pkmap   : 0xbfe00000 - 0xc0000000   (   2 MB)
     modules : 0xbf000000 - 0xbfe00000   (  14 MB)
-      .text : 0xc0208000 - 0xc0c00000   (10208 kB)
-      .init : 0xc1100000 - 0xc1300000   (2048 kB)
-      .data : 0xc1300000 - 0xc142d540   (1206 kB)
-       .bss : 0xc142f000 - 0xc14b51d0   ( 537 kB)
+      .text : 0xc0208000 - 0xc0d00000   (11232 kB)
+      .init : 0xc1200000 - 0xc1400000   (2048 kB)
+      .data : 0xc1400000 - 0xc1539aa0   (1255 kB)
+       .bss : 0xc153b000 - 0xc15c13b8   ( 537 kB)
 SLUB: HWalign=64, Order=0-3, MinObjects=0, CPUs=4, Nodes=1
 Hierarchical RCU implementation.
+	RCU debugfs-based tracing is enabled.
 	Build-time adjustment of leaf fanout to 32.
 	RCU restricting CPUs from NR_CPUS=16 to nr_cpu_ids=4.
 RCU: Adjusting geometry for rcu_fanout_leaf=32, nr_cpu_ids=4
@@ -161,7 +162,6 @@
 usbcore: registered new device driver usb
 tps65090 2-0048: No cache defaults, reading back from HW
 TPS65090_RAILSDCDC1: supplied by vdd_ac_bat
-vdd_hdmi_5v0: supplied by vdd-sys-5v0
 TPS65090_RAILSDCDC2: supplied by vdd_ac_bat
 TPS65090_RAILSDCDC3: supplied by vdd_ac_bat
 TPS65090_RAILSFET1: supplied by vdd_ac_bat
@@ -176,6 +176,7 @@
 palmas 2-0058: Irq flag is 0x00000004
 palmas 2-0058: Muxing GPIO ff, PWM 0, LED 0
 SMPS12: supplied by vdd-ao
+vdd_hdmi_5v0: supplied by vdd-sys-5v0
 SMPS3: supplied by vdd-ao
 SMPS457: supplied by vdd-sys-3v3
 SMPS8: supplied by vdd-sys-3v3
@@ -223,6 +224,7 @@
 io scheduler noop registered
 io scheduler deadline registered
 io scheduler cfq registered (default)
+io scheduler mq-deadline registered
 tegra-apbdma 6000a000.dma: Tegra20 APB DMA driver register 32 channels
 tegra-pmc 7000e400.pmc: i2c-thermtrip node not found, emergency thermal reset disabled.
 Serial: 8250/16550 driver, 4 ports, IRQ sharing disabled
@@ -232,7 +234,6 @@
 SuperH (H)SCI(F) driver initialized
 msm_serial: driver initialized
 STMicroelectronics ASC driver initialized
-[drm] Initialized
 tegra-hdmi 54280000.hdmi: failed to get HDMI regulator
 brd: module loaded
 loop: module loaded
@@ -272,7 +273,6 @@
 ohci-st: OHCI STMicroelectronics driver
 ohci-atmel: OHCI Atmel driver
 usbcore: registered new interface driver usb-storage
-mousedev: PS/2 mouse device common for all mice
 palmas-rtc 7000d000.i2c:tps65913@58:rtc: rtc core: registered 7000d000.i2c:tps659 as rtc0
 tegra_rtc 7000e000.rtc: rtc core: registered 7000e000.rtc as rtc1
 tegra_rtc 7000e000.rtc: Tegra internal Real Time Clock
@@ -304,23 +304,23 @@
 Key type dns_resolver registered
 ThumbEE CPU extension supported.
 Registering SWP/SWPB emulation handler
+mmc0: new high speed SDHC card at address aaaa
 usb1_vbus: supplied by vdd-sys-5v0
 usb2_vbus: supplied by vdd-sys-5v0
-mmc0: new high speed SDHC card at address aaaa
-mmcblk0: mmc0:aaaa SL16G 14.8 GiB 
 VDD_5V0_HDMI_CON: supplied by vdd-sys-5v0
+mmcblk0: mmc0:aaaa SL16G 14.8 GiB 
 [drm] Supports vblank timestamp caching Rev 2 (21.10.2013).
- mmcblk0: p1 p2 p3
 [drm] No driver support for vblank timestamp query.
 mmc1: new high speed MMC card at address 0001
 mmcblk1: mmc1:0001 SEM32G 29.1 GiB 
 mmcblk1boot0: mmc1:0001 SEM32G partition 1 4.00 MiB
+ mmcblk0: p1 p2 p3
 mmcblk1boot1: mmc1:0001 SEM32G partition 2 4.00 MiB
 mmcblk1rpmb: mmc1:0001 SEM32G partition 3 4.00 MiB
  mmcblk1: p1 p2 p3 p4 p5 p6 p7 p8
 Console: switching to colour frame buffer device 240x75
 drm drm: fb0:  frame buffer device
-[drm] Initialized tegra 0.0.0 20120330 on minor 0
+[drm] Initialized tegra 0.0.0 20120330 for drm on minor 0
 tegra-ehci 7d008000.usb: EHCI Host Controller
 tegra-ehci 7d008000.usb: new USB bus registered, assigned bus number 1
 tegra-ehci 7d008000.usb: irq 339, io mem 0x7d008000
@@ -328,7 +328,7 @@
 hub 1-0:1.0: USB hub found
 hub 1-0:1.0: 1 port detected
 input: gpio-keys as /devices/soc0/gpio-keys/input/input0
-palmas-rtc 7000d000.i2c:tps65913@58:rtc: setting system clock to 2000-12-14 10:36:16 UTC (976790176)
+palmas-rtc 7000d000.i2c:tps65913@58:rtc: setting system clock to 2000-12-28 09:11:36 UTC (977994696)
 dvdd_ts: disabling
 usb1_vbus: disabling
 vdd_cam_1v8_reg: disabling
@@ -340,4 +340,4 @@
 Freeing unused kernel memory: 2048K
 bash: cannot set terminal process group (-1): Inappropriate ioctl for device
 bash: no job control in this shell
-root@(none):/# [    2.579945] usb 1-1: new high-speed USB device number 2 using tegra-ehci
+root@(none):/# [    2.519382] usb 1-1: new high-speed USB device number 2 using tegra-ehci
Diff for ./tegra114-dalmore-a04/tegra114-dalmore/tegra_defconfig_log.txt
--- /tmp/fooa	2017-03-05 13:45:13.583697726 -0800
+++ /tmp/foob	2017-03-05 13:45:13.583697726 -0800
@@ -36,10 +36,10 @@
 	 #################################################################
 	 #################################################################
 	 #################################################################
-	 ###################################################
-	 3.1 MiB/s
+	 ######################################################
+	 3.2 MiB/s
 done
-Bytes transferred = 5508480 (540d80 hex)
+Bytes transferred = 5557856 (54ce60 hex)
 Tegra114 (Dalmore) # tftpboot 0x82000000 tegra114-dalmore.dtb
 Using asx0 device
 TFTP from server 192.168.100.1; our IP address is 192.168.100.100
@@ -50,7 +50,7 @@
 done
 Bytes transferred = 35044 (88e4 hex)
 Tegra114 (Dalmore) # bootz 0x81000000 - 0x82000000
-Kernel image @ 0x81000000 [ 0x000000 - 0x540d80 ]
+Kernel image @ 0x81000000 [ 0x000000 - 0x54ce60 ]
 ## Flattened Device Tree blob at 82000000
    Booting using the fdt blob at 0x82000000
    Loading Device Tree to 8fff4000, end 8ffff8e3 ... OK
@@ -59,30 +59,30 @@
 
 Uncompressing Linux... done, booting the kernel.
 Booting Linux on physical CPU 0x0
-Linux version 4.10.0-143272-gc470abd (pwalmsley@kaivo) (gcc version 4.7.3 20130328 (prerelease) (crosstool-NG linaro-1.13.1-4.7-2013.04-20130415 - Linaro GCC 2013.04) ) #1 SMP PREEMPT Sun Feb 19 15:04:05 PST 2017
+Linux version 4.11.0-rc1-155019-gc1ae3cf (pwalmsley@kaivo) (gcc version 4.7.3 20130328 (prerelease) (crosstool-NG linaro-1.13.1-4.7-2013.04-20130415 - Linaro GCC 2013.04) ) #1 SMP PREEMPT Sun Mar 5 13:36:08 PST 2017
 CPU: ARMv7 Processor [412fc0f2] revision 2 (ARMv7), cr=10c5387d
 CPU: div instructions available: patching division code
 CPU: PIPT / VIPT nonaliasing data cache, PIPT instruction cache
-OF: fdt:Machine model: NVIDIA Tegra114 Dalmore evaluation board
+OF: fdt: Machine model: NVIDIA Tegra114 Dalmore evaluation board
 debug: ignoring loglevel setting.
 bootconsole [earlycon0] enabled
 cma: Reserved 64 MiB at 0xfbc00000
 Memory policy: Data cache writealloc
 On node 0 totalpages: 524032
-free_area_init_node: node 0, pgdat c0d5f540, node_mem_map eeff7000
+free_area_init_node: node 0, pgdat c0d5de00, node_mem_map eeff7000
   Normal zone: 1536 pages used for memmap
   Normal zone: 0 pages reserved
   Normal zone: 196608 pages, LIFO batch:31
   HighMem zone: 327424 pages, LIFO batch:31
-percpu: Embedded 14 pages/cpu @eefa3000 s26240 r8192 d22912 u57344
-pcpu-alloc: s26240 r8192 d22912 u57344 alloc=14*4096
+percpu: Embedded 16 pages/cpu @eef9b000 s34240 r8192 d23104 u65536
+pcpu-alloc: s34240 r8192 d23104 u65536 alloc=16*4096
 pcpu-alloc: [0] 0 [0] 1 [0] 2 [0] 3 
 Built 1 zonelists in Zone order, mobility grouping on.  Total pages: 522496
 Kernel command line: ignore_loglevel console=ttyS0,115200n8 rw root=PARTUUID=7369c667-ff51-ec4a-29cd-baabf2fbe346 rootwait gpt debug earlyprintk init=/bin/bash
 PID hash table entries: 4096 (order: 2, 16384 bytes)
 Dentry cache hash table entries: 131072 (order: 7, 524288 bytes)
 Inode-cache hash table entries: 65536 (order: 6, 262144 bytes)
-Memory: 1999956K/2096128K available (8192K kernel code, 387K rwdata, 2476K rodata, 1024K init, 369K bss, 30636K reserved, 65536K cma-reserved, 1244160K highmem)
+Memory: 1999992K/2096128K available (8192K kernel code, 380K rwdata, 2492K rodata, 1024K init, 305K bss, 30600K reserved, 65536K cma-reserved, 1244160K highmem)
 Virtual kernel memory layout:
     vector  : 0xffff0000 - 0xffff1000   (   4 kB)
     fixmap  : 0xffc00000 - 0xfff00000   (3072 kB)
@@ -92,8 +92,8 @@
     modules : 0xbf000000 - 0xbfe00000   (  14 MB)
       .text : 0xc0008000 - 0xc0900000   (9184 kB)
       .init : 0xc0c00000 - 0xc0d00000   (1024 kB)
-      .data : 0xc0d00000 - 0xc0d60c00   ( 387 kB)
-       .bss : 0xc0d62000 - 0xc0dbe7e8   ( 370 kB)
+      .data : 0xc0d00000 - 0xc0d5f2e0   ( 381 kB)
+       .bss : 0xc0d61000 - 0xc0dad50c   ( 306 kB)
 Preemptible hierarchical RCU implementation.
 	Build-time adjustment of leaf fanout to 32.
 NR_IRQS:16 nr_irqs:16 16
@@ -154,7 +154,6 @@
 usbcore: registered new device driver usb
 tps65090 2-0048: No cache defaults, reading back from HW
 TPS65090_RAILSDCDC1: supplied by vdd_ac_bat
-vdd_hdmi_5v0: supplied by vdd-sys-5v0
 TPS65090_RAILSDCDC2: supplied by vdd_ac_bat
 TPS65090_RAILSDCDC3: supplied by vdd_ac_bat
 TPS65090_RAILSFET1: supplied by vdd_ac_bat
@@ -169,6 +168,7 @@
 palmas 2-0058: Irq flag is 0x00000004
 palmas 2-0058: Muxing GPIO ff, PWM 0, LED 0
 SMPS12: supplied by vdd-ao
+vdd_hdmi_5v0: supplied by vdd-sys-5v0
 SMPS3: supplied by vdd-ao
 SMPS457: supplied by vdd-sys-3v3
 SMPS8: supplied by vdd-sys-3v3
@@ -219,6 +219,7 @@
 Key type id_legacy registered
 bounce: pool size: 64 pages
 io scheduler noop registered (default)
+io scheduler mq-deadline registered
 tegra-apbdma 6000a000.dma: Tegra20 APB DMA driver register 32 channels
 tegra-pmc 7000e400.pmc: i2c-thermtrip node not found, emergency thermal reset disabled.
 Serial: 8250/16550 driver, 4 ports, IRQ sharing disabled
@@ -228,7 +229,6 @@
 console [ttyS0] enabled
 bootconsole [earlycon0] disabled
 bootconsole [earlycon0] disabled
-[drm] Initialized
 tegra-hdmi 54280000.hdmi: failed to get HDMI regulator
 loop: module loaded
 m25p80 spi32766.0: w25q32dw (4096 Kbytes)
@@ -254,7 +254,6 @@
 cdc_acm: USB Abstract Control Model driver for USB modems and ISDN adapters
 usbcore: registered new interface driver cdc_wdm
 usbcore: registered new interface driver usb-storage
-mousedev: PS/2 mouse device common for all mice
 palmas-rtc 7000d000.i2c:tps65913@58:rtc: rtc core: registered 7000d000.i2c:tps659 as rtc0
 tegra_rtc 7000e000.rtc: rtc core: registered 7000e000.rtc as rtc1
 tegra_rtc 7000e000.rtc: Tegra internal Real Time Clock
@@ -314,7 +313,7 @@
 [drm] No driver support for vblank timestamp query.
 Console: switching to colour frame buffer device 240x75
 drm drm: fb0:  frame buffer device
-[drm] Initialized tegra 0.0.0 20120330 on minor 0
+[drm] Initialized tegra 0.0.0 20120330 for drm on minor 0
 tegra-ehci 7d008000.usb: EHCI Host Controller
 tegra-ehci 7d008000.usb: new USB bus registered, assigned bus number 1
 tegra-ehci 7d008000.usb: irq 339, io mem 0x7d008000
@@ -322,7 +321,7 @@
 hub 1-0:1.0: USB hub found
 hub 1-0:1.0: 1 port detected
 input: gpio-keys as /devices/soc0/gpio-keys/input/input1
-palmas-rtc 7000d000.i2c:tps65913@58:rtc: setting system clock to 2000-12-14 10:38:44 UTC (976790324)
+palmas-rtc 7000d000.i2c:tps65913@58:rtc: setting system clock to 2000-12-28 09:09:00 UTC (977994540)
 dvdd_ts: disabling
 usb1_vbus: disabling
 vdd_cam_1v8_reg: disabling
@@ -336,4 +335,4 @@
 Freeing unused kernel memory: 1024K
 bash: cannot set terminal process group (-1): Inappropriate ioctl for device
 bash: no job control in this shell
-root@(none):/# 
\ No newline at end of file
+root@(none):/# [    2.746697] usb 1-1: new high-speed USB device number 2 using tegra-ehci
Diff for ./tegra124-jetson-tk1/tegra124-jetson-tk1/multi_v7_defconfig_log.txt
--- /tmp/fooa	2017-03-05 13:45:13.611697835 -0800
+++ /tmp/foob	2017-03-05 13:45:13.611697835 -0800
@@ -9,7 +9,7 @@
 Model: NVIDIA Jetson TK1
 Board: NVIDIA Jetson TK1
 DRAM:  2 GiB
-MC:   Tegra SD/MMC: 0, Tegra SD/MMC: 1
+MMC:   Tegra SD/MMC: 0, Tegra SD/MMC: 1
 In:    serial
 Out:   serial
 Err:   serial
@@ -33,10 +33,10 @@
 	 #################################################################
 	 #################################################################
 	 #################################################################
-	 ###################################################
-	 4 MiB/s
+	 ###########################################################
+	 3.9 MiB/s
 done
-Bytes transferred = 7415968 (7128a0 hex)
+Bytes transferred = 7537352 (7302c8 hex)
 Tegra124 (Jetson TK1) # tftpboot 0x83000000 tegra124-jetson-tk1.dtb
 Using eth_rtl8169 device
 TFTP from server 192.168.100.1; our IP address is 192.168.100.102
@@ -47,7 +47,7 @@
 done
 Bytes transferred = 67133 (1063d hex)
 Tegra124 (Jetson TK1) # bootz 0x82000000 - 0x83000000
-Kernel image @ 0x82000000 [ 0x000000 - 0x7128a0 ]
+Kernel image @ 0x82000000 [ 0x000000 - 0x7302c8 ]
 ## Flattened Device Tree blob at 83000000
    Booting using the fdt blob at 0x83000000
    Using Device Tree in place at 83000000, end 8301363c
@@ -55,31 +55,31 @@
 Starting kernel ...
 
 Booting Linux on physical CPU 0x0
-Linux version 4.10.0-143272-gc470abd (pwalmsley@sellafield) (gcc version 4.7.3 20130328 (prerelease) (crosstool-NG linaro-1.13.1-4.7-2013.04-20130415 - Linaro GCC 2013.04) ) #1 SMP Sun Feb 19 15:04:08 PST 2017
+Linux version 4.11.0-rc1-155019-gc1ae3cf (pwalmsley@sellafield) (gcc version 4.7.3 20130328 (prerelease) (crosstool-NG linaro-1.13.1-4.7-2013.04-20130415 - Linaro GCC 2013.04) ) #1 SMP Sun Mar 5 13:36:32 PST 2017
 CPU: ARMv7 Processor [413fc0f3] revision 3 (ARMv7), cr=10c5387d
 CPU: div instructions available: patching division code
 CPU: PIPT / VIPT nonaliasing data cache, PIPT instruction cache
-OF: fdt:Machine model: NVIDIA Tegra124 Jetson TK1
+OF: fdt: Machine model: NVIDIA Tegra124 Jetson TK1
 debug: ignoring loglevel setting.
 efi: Getting EFI parameters from FDT:
 efi: UEFI not found.
 cma: Reserved 64 MiB at 0xfb800000
 Memory policy: Data cache writealloc
 On node 0 totalpages: 524032
-free_area_init_node: node 0, pgdat c142ba40, node_mem_map eeff8000
+free_area_init_node: node 0, pgdat c1538180, node_mem_map eeff8000
   DMA zone: 1536 pages used for memmap
   DMA zone: 0 pages reserved
   DMA zone: 196608 pages, LIFO batch:31
   HighMem zone: 327424 pages, LIFO batch:31
-percpu: Embedded 14 pages/cpu @eef8e000 s26176 r8192 d22976 u57344
-pcpu-alloc: s26176 r8192 d22976 u57344 alloc=14*4096
+percpu: Embedded 16 pages/cpu @eef86000 s34304 r8192 d23040 u65536
+pcpu-alloc: s34304 r8192 d23040 u65536 alloc=16*4096
 pcpu-alloc: [0] 0 [0] 1 [0] 2 [0] 3 
 Built 1 zonelists in Zone order, mobility grouping on.  Total pages: 522496
 Kernel command line: ignore_loglevel console=ttyS0,115200n8 rw root=PARTUUID=b1791faa-84e8-4e27-83a1-9fb0a77e8803 rootwait gpt debug noinitrd earlyprintk init=/bin/bash
 PID hash table entries: 4096 (order: 2, 16384 bytes)
 Dentry cache hash table entries: 131072 (order: 7, 524288 bytes)
 Inode-cache hash table entries: 65536 (order: 6, 262144 bytes)
-Memory: 1994756K/2096128K available (9216K kernel code, 1205K rwdata, 4152K rodata, 2048K init, 536K bss, 35836K reserved, 65536K cma-reserved, 1244160K highmem)
+Memory: 1993652K/2096128K available (10240K kernel code, 1254K rwdata, 4212K rodata, 2048K init, 536K bss, 36940K reserved, 65536K cma-reserved, 1244160K highmem)
 Virtual kernel memory layout:
     vector  : 0xffff0000 - 0xffff1000   (   4 kB)
     fixmap  : 0xffc00000 - 0xfff00000   (3072 kB)
@@ -87,12 +87,13 @@
     lowmem  : 0xc0000000 - 0xf0000000   ( 768 MB)
     pkmap   : 0xbfe00000 - 0xc0000000   (   2 MB)
     modules : 0xbf000000 - 0xbfe00000   (  14 MB)
-      .text : 0xc0208000 - 0xc0c00000   (10208 kB)
-      .init : 0xc1100000 - 0xc1300000   (2048 kB)
-      .data : 0xc1300000 - 0xc142d540   (1206 kB)
-       .bss : 0xc142f000 - 0xc14b51d0   ( 537 kB)
+      .text : 0xc0208000 - 0xc0d00000   (11232 kB)
+      .init : 0xc1200000 - 0xc1400000   (2048 kB)
+      .data : 0xc1400000 - 0xc1539aa0   (1255 kB)
+       .bss : 0xc153b000 - 0xc15c13b8   ( 537 kB)
 SLUB: HWalign=64, Order=0-3, MinObjects=0, CPUs=4, Nodes=1
 Hierarchical RCU implementation.
+	RCU debugfs-based tracing is enabled.
 	Build-time adjustment of leaf fanout to 32.
 	RCU restricting CPUs from NR_CPUS=16 to nr_cpu_ids=4.
 RCU: Adjusting geometry for rcu_fanout_leaf=32, nr_cpu_ids=4
@@ -188,8 +189,9 @@
 io scheduler noop registered
 io scheduler deadline registered
 io scheduler cfq registered (default)
-usb2-0 supply vbus not found, using dummy regulator
-usb2-1 supply vbus not found, using dummy regulator
+io scheduler mq-deadline registered
+ usb2-0: usb2-0 supply vbus not found, using dummy regulator
+ usb2-1: usb2-1 supply vbus not found, using dummy regulator
 tegra-xusb-padctl 7009f000.padctl: failed to setup XUSB ports: -517
 tegra-pcie 1003000.pcie-controller: 2x1, 1x1 configuration
 tegra-pcie 1003000.pcie-controller: Failed to get supply 'avddio-pex': -517
@@ -205,7 +207,6 @@
 STMicroelectronics ASC driver initialized
 70006000.serial: ttyTHS1 at MMIO 0x70006000 (irq = 333, base_baud = 0) is a TEGRA_UART
 70006040.serial: ttyTHS2 at MMIO 0x70006040 (irq = 334, base_baud = 0) is a TEGRA_UART
-[drm] Initialized
 tegra-hdmi 54280000.hdmi: failed to get HDMI regulator
 brd: module loaded
 loop: module loaded
@@ -273,13 +274,12 @@
 ohci-st: OHCI STMicroelectronics driver
 ohci-atmel: OHCI Atmel driver
 usbcore: registered new interface driver usb-storage
-mousedev: PS/2 mouse device common for all mice
 as3722-rtc as3722-rtc: rtc core: registered as3722-rtc as rtc0
 as3722-rtc as3722-rtc: RTC interrupt 377
 tegra_rtc 7000e000.rtc: rtc core: registered 7000e000.rtc as rtc1
 tegra_rtc 7000e000.rtc: Tegra internal Real Time Clock
 i2c /dev entries driver
-0-004c supply vcc not found, using dummy regulator
+lm90 0-004c: 0-004c supply vcc not found, using dummy regulator
 sdhci: Secure Digital Host Controller Interface driver
 sdhci: Copyright(c) Pierre Ossman
 Synopsys Designware Multimedia Card Interface Driver
@@ -305,22 +305,22 @@
 ThumbEE CPU extension supported.
 Registering SWP/SWPB emulation handler
 +3.3V_RUN: supplied by +3.3V_SYS
-+3.3V_AVDD_HDMI_AP_GATED: supplied by +3.3V_RUN
 +USB0_VBUS_SW: supplied by +5V_SYS
++3.3V_AVDD_HDMI_AP_GATED: supplied by +3.3V_RUN
 +5V_USB_HS: supplied by +5V_SYS
 +3.3V_LP0: supplied by +3.3V_SYS
 +5V_HDMI_CON: supplied by +5V_SYS
 +5V_SATA: supplied by +5V_SYS
 +12V_SATA: supplied by +VDD_MUX
-usb2-0 supply vbus not found, using dummy regulator
-usb2-1 supply vbus not found, using dummy regulator
+ usb2-0: usb2-0 supply vbus not found, using dummy regulator
 mmc0: new high speed MMC card at address 0001
 mmcblk0: mmc0:0001 SEM16G 14.7 GiB 
 mmcblk0boot0: mmc0:0001 SEM16G partition 1 4.00 MiB
 mmcblk0boot1: mmc0:0001 SEM16G partition 2 4.00 MiB
 mmcblk0rpmb: mmc0:0001 SEM16G partition 3 4.00 MiB
  mmcblk0: p1
-usb3-0 supply vbus not found, using dummy regulator
+ usb2-1: usb2-1 supply vbus not found, using dummy regulator
+ usb3-0: usb3-0 supply vbus not found, using dummy regulator
 tegra-pcie 1003000.pcie-controller: 2x1, 1x1 configuration
 tegra-pcie 1003000.pcie-controller: Failed to get supply 'avddio-pex': -517
 tegra124-dfll 70110000.clock: couldn't get vdd_cpu regulator
@@ -328,7 +328,6 @@
 as3722-sd2: supplied by +5V_SYS
 as3722-sd3: supplied by +5V_SYS
 as3722-sd4: supplied by +5V_SYS
-+1.05V_RUN_AVDD_HDMI_PLL: supplied by +1.05V_RUN
 as3722-sd5: supplied by +5V_SYS
 as3722-ldo0: supplied by +1.35V_LP0(sd2)
 as3722-ldo1: supplied by +3.3V_RUN
@@ -373,20 +372,20 @@
 pci_bus 0000:00: root bus resource [mem 0x20000000-0x3fffffff pref]
 pci_bus 0000:00: root bus resource [bus 00-ff]
 pci 0000:00:01.0: [10de:0e12] type 01 class 0x060400
+pci_bus 0000:00: 2-byte config write to 0000:00:01.0 offset 0x88 may corrupt adjacent RW1C bits
 pci_bus 0000:00: 2-byte config write to 0000:00:01.0 offset 0x52 may corrupt adjacent RW1C bits
 pci 0000:00:01.0: PME# supported from D0 D1 D2 D3hot D3cold
 pci_bus 0000:00: 2-byte config write to 0000:00:01.0 offset 0x4c may corrupt adjacent RW1C bits
 pci 0000:00:02.0: [10de:0e13] type 01 class 0x060400
+pci_bus 0000:00: 2-byte config write to 0000:00:02.0 offset 0x88 may corrupt adjacent RW1C bits
 pci_bus 0000:00: 2-byte config write to 0000:00:02.0 offset 0x52 may corrupt adjacent RW1C bits
 pci 0000:00:02.0: PME# supported from D0 D1 D2 D3hot D3cold
 pci_bus 0000:00: 2-byte config write to 0000:00:02.0 offset 0x4c may corrupt adjacent RW1C bits
+ata1: SATA link down (SStatus 0 SControl 300)
 pci_bus 0000:00: 2-byte config write to 0000:00:01.0 offset 0x3e may corrupt adjacent RW1C bits
 pci_bus 0000:00: 2-byte config write to 0000:00:02.0 offset 0x3e may corrupt adjacent RW1C bits
-ata1: SATA link down (SStatus 0 SControl 300)
 pci_bus 0000:00: 2-byte config write to 0000:00:01.0 offset 0x4 may corrupt adjacent RW1C bits
 pci_bus 0000:00: 1-byte config write to 0000:00:01.0 offset 0xc may corrupt adjacent RW1C bits
-pci_bus 0000:00: 2-byte config write to 0000:00:02.0 offset 0x4 may corrupt adjacent RW1C bits
-pci_bus 0000:00: 1-byte config write to 0000:00:02.0 offset 0xc may corrupt adjacent RW1C bits
 PCI: bus0: Fast back to back transfers disabled
 pci 0000:00:01.0: bridge configuration invalid ([bus 00-00]), reconfiguring
 pci 0000:00:02.0: bridge configuration invalid ([bus 00-00]), reconfiguring
@@ -428,19 +427,20 @@
 pcieport 0000:00:02.0: Signaling PME with IRQ 394
 r8169 Gigabit Ethernet driver 2.3LK-NAPI loaded
 r8169 0000:02:00.0: enabling device (0140 -> 0143)
-r8169 0000:02:00.0 eth0: RTL8168g/8111g at 0xf0b54000, 00:04:4b:3a:d9:81, XID 0c000800 IRQ 395
+r8169 0000:02:00.0 eth0: RTL8168g/8111g at 0xf0b56000, 00:04:4b:3a:d9:81, XID 0c000800 IRQ 395
 r8169 0000:02:00.0 eth0: jumbo features [frames: 9200 bytes, tx checksumming: ko]
++1.05V_RUN_AVDD_HDMI_PLL: supplied by +1.05V_RUN
 [drm] Supports vblank timestamp caching Rev 2 (21.10.2013).
 [drm] No driver support for vblank timestamp query.
 tegra-hdmi 54280000.hdmi: cannot set audio to 48000 Hz at 297000000 Hz pixel clock
 Console: switching to colour frame buffer device 512x135
 drm drm: fb0:  frame buffer device
-[drm] Initialized tegra 0.0.0 20120330 on minor 0
+[drm] Initialized tegra 0.0.0 20120330 for drm on minor 0
 of: dev_pm_opp_of_cpumask_add_table: couldn't find opp table for cpu:0, -19
 cpufreq: cpufreq_online: CPU0: Running at unlisted freq: 696000 KHz
 cpufreq: cpufreq_online: CPU0: Unlisted initial frequency changed to: 714000 KHz
 input: gpio-keys as /devices/soc0/gpio-keys/input/input0
-as3722-rtc as3722-rtc: setting system clock to 2000-01-01 00:00:14 UTC (946684814)
+as3722-rtc as3722-rtc: setting system clock to 2000-01-01 00:02:04 UTC (946684924)
 +USB0_VBUS_SW: disabling
 +1.8V_RUN_CAM: disabling
 +2.8V_RUN_CAM: disabling
Diff for ./tegra124-jetson-tk1/tegra124-jetson-tk1/tegra_defconfig_log.txt
--- /tmp/fooa	2017-03-05 13:45:13.619697866 -0800
+++ /tmp/foob	2017-03-05 13:45:13.623697881 -0800
@@ -31,10 +31,10 @@
 	 #################################################################
 	 #################################################################
 	 #################################################################
-	 ###################################################
+	 ######################################################
 	 3.9 MiB/s
 done
-Bytes transferred = 5508480 (540d80 hex)
+Bytes transferred = 5557856 (54ce60 hex)
 Tegra124 (Jetson TK1) # tftpboot 0x83000000 tegra124-jetson-tk1.dtb
 Using eth_rtl8169 device
 TFTP from server 192.168.100.1; our IP address is 192.168.100.102
@@ -45,7 +45,7 @@
 done
 Bytes transferred = 67133 (1063d hex)
 Tegra124 (Jetson TK1) # bootz 0x82000000 - 0x83000000
-Kernel image @ 0x82000000 [ 0x000000 - 0x540d80 ]
+Kernel image @ 0x82000000 [ 0x000000 - 0x54ce60 ]
 ## Flattened Device Tree blob at 83000000
    Booting using the fdt blob at 0x83000000
    Using Device Tree in place at 83000000, end 8301363c
@@ -54,30 +54,30 @@
 
 Uncompressing Linux... done, booting the kernel.
 Booting Linux on physical CPU 0x0
-Linux version 4.10.0-143272-gc470abd (pwalmsley@kaivo) (gcc version 4.7.3 20130328 (prerelease) (crosstool-NG linaro-1.13.1-4.7-2013.04-20130415 - Linaro GCC 2013.04) ) #1 SMP PREEMPT Sun Feb 19 15:04:05 PST 2017
+Linux version 4.11.0-rc1-155019-gc1ae3cf (pwalmsley@kaivo) (gcc version 4.7.3 20130328 (prerelease) (crosstool-NG linaro-1.13.1-4.7-2013.04-20130415 - Linaro GCC 2013.04) ) #1 SMP PREEMPT Sun Mar 5 13:36:08 PST 2017
 CPU: ARMv7 Processor [413fc0f3] revision 3 (ARMv7), cr=10c5387d
 CPU: div instructions available: patching division code
 CPU: PIPT / VIPT nonaliasing data cache, PIPT instruction cache
-OF: fdt:Machine model: NVIDIA Tegra124 Jetson TK1
+OF: fdt: Machine model: NVIDIA Tegra124 Jetson TK1
 debug: ignoring loglevel setting.
 bootconsole [earlycon0] enabled
 cma: Reserved 64 MiB at 0xfbc00000
 Memory policy: Data cache writealloc
 On node 0 totalpages: 524032
-free_area_init_node: node 0, pgdat c0d5f540, node_mem_map eeff7000
+free_area_init_node: node 0, pgdat c0d5de00, node_mem_map eeff7000
   Normal zone: 1536 pages used for memmap
   Normal zone: 0 pages reserved
   Normal zone: 196608 pages, LIFO batch:31
   HighMem zone: 327424 pages, LIFO batch:31
-percpu: Embedded 14 pages/cpu @eef8d000 s26240 r8192 d22912 u57344
-pcpu-alloc: s26240 r8192 d22912 u57344 alloc=14*4096
+percpu: Embedded 16 pages/cpu @eef85000 s34240 r8192 d23104 u65536
+pcpu-alloc: s34240 r8192 d23104 u65536 alloc=16*4096
 pcpu-alloc: [0] 0 [0] 1 [0] 2 [0] 3 
 Built 1 zonelists in Zone order, mobility grouping on.  Total pages: 522496
 Kernel command line: ignore_loglevel console=ttyS0,115200n8 rw root=PARTUUID=b1791faa-84e8-4e27-83a1-9fb0a77e8803 rootwait gpt debug noinitrd earlyprintk init=/bin/bash
 PID hash table entries: 4096 (order: 2, 16384 bytes)
 Dentry cache hash table entries: 131072 (order: 7, 524288 bytes)
 Inode-cache hash table entries: 65536 (order: 6, 262144 bytes)
-Memory: 1999836K/2096128K available (8192K kernel code, 387K rwdata, 2476K rodata, 1024K init, 369K bss, 30756K reserved, 65536K cma-reserved, 1244160K highmem)
+Memory: 1999872K/2096128K available (8192K kernel code, 380K rwdata, 2492K rodata, 1024K init, 305K bss, 30720K reserved, 65536K cma-reserved, 1244160K highmem)
 Virtual kernel memory layout:
     vector  : 0xffff0000 - 0xffff1000   (   4 kB)
     fixmap  : 0xffc00000 - 0xfff00000   (3072 kB)
@@ -87,8 +87,8 @@
     modules : 0xbf000000 - 0xbfe00000   (  14 MB)
       .text : 0xc0008000 - 0xc0900000   (9184 kB)
       .init : 0xc0c00000 - 0xc0d00000   (1024 kB)
-      .data : 0xc0d00000 - 0xc0d60c00   ( 387 kB)
-       .bss : 0xc0d62000 - 0xc0dbe7e8   ( 370 kB)
+      .data : 0xc0d00000 - 0xc0d5f2e0   ( 381 kB)
+       .bss : 0xc0d61000 - 0xc0dad50c   ( 306 kB)
 Preemptible hierarchical RCU implementation.
 	Build-time adjustment of leaf fanout to 32.
 NR_IRQS:16 nr_irqs:16 16
@@ -184,8 +184,9 @@
 Key type id_legacy registered
 bounce: pool size: 64 pages
 io scheduler noop registered (default)
-usb2-0 supply vbus not found, using dummy regulator
-usb2-1 supply vbus not found, using dummy regulator
+io scheduler mq-deadline registered
+ usb2-0: usb2-0 supply vbus not found, using dummy regulator
+ usb2-1: usb2-1 supply vbus not found, using dummy regulator
 tegra-xusb-padctl 7009f000.padctl: failed to setup XUSB ports: -517
 tegra-pcie 1003000.pcie-controller: 2x1, 1x1 configuration
 tegra-pcie 1003000.pcie-controller: Failed to get supply 'avddio-pex': -517
@@ -201,7 +202,6 @@
 bootconsole [earlycon0] disabled
 70006000.serial: ttyTHS1 at MMIO 0x70006000 (irq = 333, base_baud = 0) is a TEGRA_UART
 70006040.serial: ttyTHS2 at MMIO 0x70006040 (irq = 334, base_baud = 0) is a TEGRA_UART
-[drm] Initialized
 tegra-hdmi 54280000.hdmi: failed to get HDMI regulator
 loop: module loaded
 at24 0-0056: 256 byte 24c02 EEPROM, writable, 8 bytes/write
@@ -255,7 +255,6 @@
 cdc_acm: USB Abstract Control Model driver for USB modems and ISDN adapters
 usbcore: registered new interface driver cdc_wdm
 usbcore: registered new interface driver usb-storage
-mousedev: PS/2 mouse device common for all mice
 as3722-rtc as3722-rtc: rtc core: registered as3722-rtc as rtc0
 as3722-rtc as3722-rtc: RTC interrupt 377
 tegra_rtc 7000e000.rtc: rtc core: registered 7000e000.rtc as rtc1
@@ -264,7 +263,7 @@
 usbcore: registered new interface driver uvcvideo
 USB Video Class driver (1.1.1)
 gspca_main: v2.14.0 registered
-0-004c supply vcc not found, using dummy regulator
+lm90 0-004c: 0-004c supply vcc not found, using dummy regulator
 tegra-wdt 60005000.timer: initialized (heartbeat = 120 sec, nowayout = 0)
 sdhci: Secure Digital Host Controller Interface driver
 sdhci: Copyright(c) Pierre Ossman
@@ -283,10 +282,6 @@
 mmcblk0rpmb: mmc0:0001 SEM16G partition 3 4.00 MiB
  mmcblk0: p1
 tegra30-i2s 70301100.i2s: DMA channels sourced from device 70300000.ahub
-rt5640 0-001c: ASoC: no source widget found for DAC L2 Power
-rt5640 0-001c: ASoC: Failed to add route DAC L2 Power -> direct -> IF2 DAC L
-rt5640 0-001c: ASoC: no source widget found for DAC R2 Power
-rt5640 0-001c: ASoC: Failed to add route DAC R2 Power -> direct -> IF2 DAC R
 tegra-snd-rt5640 sound: rt5640-aif1 <-> 70301100.i2s mapping ok
 input: NVIDIA Tegra Jetson TK1 Headphones as /devices/soc0/sound/sound/card1/input0
 NET: Registered protocol family 10
@@ -309,16 +304,16 @@
 Key type dns_resolver registered
 Registering SWP/SWPB emulation handler
 +3.3V_RUN: supplied by +3.3V_SYS
-+3.3V_AVDD_HDMI_AP_GATED: supplied by +3.3V_RUN
 +USB0_VBUS_SW: supplied by +5V_SYS
++3.3V_AVDD_HDMI_AP_GATED: supplied by +3.3V_RUN
 +5V_USB_HS: supplied by +5V_SYS
 +3.3V_LP0: supplied by +3.3V_SYS
 +5V_HDMI_CON: supplied by +5V_SYS
 +5V_SATA: supplied by +5V_SYS
 +12V_SATA: supplied by +VDD_MUX
-usb2-0 supply vbus not found, using dummy regulator
-usb2-1 supply vbus not found, using dummy regulator
-usb3-0 supply vbus not found, using dummy regulator
+ usb2-0: usb2-0 supply vbus not found, using dummy regulator
+ usb2-1: usb2-1 supply vbus not found, using dummy regulator
+ usb3-0: usb3-0 supply vbus not found, using dummy regulator
 tegra-pcie 1003000.pcie-controller: 2x1, 1x1 configuration
 tegra-pcie 1003000.pcie-controller: Failed to get supply 'avddio-pex': -517
 tegra124-dfll 70110000.clock: couldn't get vdd_cpu regulator
@@ -326,9 +321,7 @@
 as3722-sd2: supplied by +5V_SYS
 as3722-sd3: supplied by +5V_SYS
 as3722-sd4: supplied by +5V_SYS
-+1.05V_RUN_AVDD_HDMI_PLL: supplied by +1.05V_RUN
 as3722-sd5: supplied by +5V_SYS
-input: tegra-hda HDMI/DP,pcm=3 as /devices/soc0/70030000.hda/sound/card0/input1
 as3722-ldo0: supplied by +1.35V_LP0(sd2)
 as3722-ldo1: supplied by +3.3V_RUN
 as3722-ldo2: supplied by +1.8V_VDDIO
@@ -336,6 +329,7 @@
 as3722-ldo4: supplied by +3.3V_SYS
 as3722-ldo5: supplied by +1.8V_VDDIO
 as3722-ldo6: supplied by +3.3V_RUN
+input: tegra-hda HDMI/DP,pcm=3 as /devices/soc0/70030000.hda/sound/card0/input1
 as3722-ldo7: supplied by +1.8V_VDDIO
 +1.05V_RUN_CAM_REAR: Bringing 0uV into 1050000-1050000uV
 as3722-ldo9: supplied by +5V_SYS
@@ -385,10 +379,12 @@
 pci_bus 0000:00: root bus resource [mem 0x20000000-0x3fffffff pref]
 pci_bus 0000:00: root bus resource [bus 00-ff]
 pci 0000:00:01.0: [10de:0e12] type 01 class 0x060400
+pci_bus 0000:00: 2-byte config write to 0000:00:01.0 offset 0x88 may corrupt adjacent RW1C bits
 pci_bus 0000:00: 2-byte config write to 0000:00:01.0 offset 0x52 may corrupt adjacent RW1C bits
 pci 0000:00:01.0: PME# supported from D0 D1 D2 D3hot D3cold
 pci_bus 0000:00: 2-byte config write to 0000:00:01.0 offset 0x4c may corrupt adjacent RW1C bits
 pci 0000:00:02.0: [10de:0e13] type 01 class 0x060400
+pci_bus 0000:00: 2-byte config write to 0000:00:02.0 offset 0x88 may corrupt adjacent RW1C bits
 pci_bus 0000:00: 2-byte config write to 0000:00:02.0 offset 0x52 may corrupt adjacent RW1C bits
 pci 0000:00:02.0: PME# supported from D0 D1 D2 D3hot D3cold
 pci_bus 0000:00: 2-byte config write to 0000:00:02.0 offset 0x4c may corrupt adjacent RW1C bits
@@ -396,8 +392,6 @@
 pci_bus 0000:00: 2-byte config write to 0000:00:02.0 offset 0x3e may corrupt adjacent RW1C bits
 pci_bus 0000:00: 2-byte config write to 0000:00:01.0 offset 0x4 may corrupt adjacent RW1C bits
 pci_bus 0000:00: 1-byte config write to 0000:00:01.0 offset 0xc may corrupt adjacent RW1C bits
-pci_bus 0000:00: 2-byte config write to 0000:00:02.0 offset 0x4 may corrupt adjacent RW1C bits
-pci_bus 0000:00: 1-byte config write to 0000:00:02.0 offset 0xc may corrupt adjacent RW1C bits
 PCI: bus0: Fast back to back transfers disabled
 pci 0000:00:01.0: bridge configuration invalid ([bus 00-00]), reconfiguring
 pci 0000:00:02.0: bridge configuration invalid ([bus 00-00]), reconfiguring
@@ -440,18 +434,19 @@
 r8169 0000:02:00.0: enabling device (0140 -> 0143)
 r8169 0000:02:00.0 eth0: RTL8168g/8111g at 0xf0af7000, 00:04:4b:3a:d9:81, XID 0c000800 IRQ 395
 r8169 0000:02:00.0 eth0: jumbo features [frames: 9200 bytes, tx checksumming: ko]
++1.05V_RUN_AVDD_HDMI_PLL: supplied by +1.05V_RUN
 [drm] Supports vblank timestamp caching Rev 2 (21.10.2013).
 [drm] No driver support for vblank timestamp query.
 [drm] Cannot find any crtc or sizes - going 1024x768
+ mmcblk1: p1 p2 p3
 Console: switching to colour frame buffer device 128x48
 drm drm: fb0:  frame buffer device
- mmcblk1: p1 p2 p3
-[drm] Initialized tegra 0.0.0 20120330 on minor 0
+[drm] Initialized tegra 0.0.0 20120330 for drm on minor 0
 of: dev_pm_opp_of_cpumask_add_table: couldn't find opp table for cpu:0, -19
 cpufreq: cpufreq_online: CPU0: Running at unlisted freq: 696000 KHz
 cpufreq: cpufreq_online: CPU0: Unlisted initial frequency changed to: 714000 KHz
 input: gpio-keys as /devices/soc0/gpio-keys/input/input2
-as3722-rtc as3722-rtc: setting system clock to 2000-01-01 00:01:35 UTC (946684895)
+as3722-rtc as3722-rtc: setting system clock to 2000-01-01 00:00:13 UTC (946684813)
 +USB0_VBUS_SW: disabling
 +1.8V_RUN_CAM: disabling
 +2.8V_RUN_CAM: disabling
Diff for ./tegra124-nyan-big/tegra124-nyan-big/multi_v7_defconfig_log.txt
--- /tmp/fooa	2017-03-05 13:45:13.627697897 -0800
+++ /tmp/foob	2017-03-05 13:45:13.631697913 -0800
@@ -5,7 +5,7 @@
 TEGRA124
 Model: Acer Chromebook 13 CB5-311
 DRAM:  4 GiB
-C:   Tegra SD/MMC: 0, Tegra SD/MMC: 1, Tegra SD/MMC: 2
+:   Tegra SD/MMC: 0, Tegra SD/MMC: 1, Tegra SD/MMC: 2
 MMC init failed
 Using default environment
 
@@ -14,7 +14,7 @@
 Err:   serial
 Net:   Net Initialization Skipped
 No ethernet found.
-Hit any key to stop autoboot:  2  0 
+Hit any key to stop autoboot:  2  1  0 
 Tegra124 (Nyan-big) # 
 Tegra124 (Nyan-big) # usb start
 starting USB...
@@ -41,10 +41,10 @@
 	 #################################################################
 	 #################################################################
 	 #################################################################
-	 ###################################################
-	 3.6 MiB/s
+	 ###########################################################
+	 3.5 MiB/s
 done
-Bytes transferred = 7415968 (7128a0 hex)
+Bytes transferred = 7537352 (7302c8 hex)
 Tegra124 (Nyan-big) # tftpboot 0x83000000 tegra124-nyan-big.dtb
 Using asx0 device
 TFTP from server 192.168.100.1; our IP address is 192.168.100.102
@@ -53,42 +53,42 @@
 Loading: *#####
 	 3.4 MiB/s
 done
-Bytes transferred = 67943 (10967 hex)
+Bytes transferred = 68155 (10a3b hex)
 Tegra124 (Nyan-big) # bootz 0x82000000 - 0x83000000
-Kernel image @ 0x82000000 [ 0x000000 - 0x7128a0 ]
+Kernel image @ 0x82000000 [ 0x000000 - 0x7302c8 ]
 ## Flattened Device Tree blob at 83000000
    Booting using the fdt blob at 0x83000000
-   Using Device Tree in place at 83000000, end 83013966
+   Using Device Tree in place at 83000000, end 83013a3a
 
 Starting kernel ...
 
 Booting Linux on physical CPU 0x0
-Linux version 4.10.0-143272-gc470abd (pwalmsley@sellafield) (gcc version 4.7.3 20130328 (prerelease) (crosstool-NG linaro-1.13.1-4.7-2013.04-20130415 - Linaro GCC 2013.04) ) #1 SMP Sun Feb 19 15:04:08 PST 2017
+Linux version 4.11.0-rc1-155019-gc1ae3cf (pwalmsley@sellafield) (gcc version 4.7.3 20130328 (prerelease) (crosstool-NG linaro-1.13.1-4.7-2013.04-20130415 - Linaro GCC 2013.04) ) #1 SMP Sun Mar 5 13:36:32 PST 2017
 CPU: ARMv7 Processor [413fc0f3] revision 3 (ARMv7), cr=10c5387d
 CPU: div instructions available: patching division code
 CPU: PIPT / VIPT nonaliasing data cache, PIPT instruction cache
-OF: fdt:Machine model: Acer Chromebook 13 CB5-311
-OF: fdt:Ignoring memory range 0x100000000 - 0x17ffff000
+OF: fdt: Machine model: Acer Chromebook 13 CB5-311
+OF: fdt: Ignoring memory range 0x100000000 - 0x17ffff000
 debug: ignoring loglevel setting.
 efi: Getting EFI parameters from FDT:
 efi: UEFI not found.
 cma: Reserved 64 MiB at 0xfb800000
 Memory policy: Data cache writealloc
 On node 0 totalpages: 524287
-free_area_init_node: node 0, pgdat c142ba40, node_mem_map eeff8000
+free_area_init_node: node 0, pgdat c1538180, node_mem_map eeff8000
   DMA zone: 1536 pages used for memmap
   DMA zone: 0 pages reserved
   DMA zone: 196608 pages, LIFO batch:31
   HighMem zone: 327679 pages, LIFO batch:31
-percpu: Embedded 14 pages/cpu @eef8d000 s26176 r8192 d22976 u57344
-pcpu-alloc: s26176 r8192 d22976 u57344 alloc=14*4096
+percpu: Embedded 16 pages/cpu @eef85000 s34304 r8192 d23040 u65536
+pcpu-alloc: s34304 r8192 d23040 u65536 alloc=16*4096
 pcpu-alloc: [0] 0 [0] 1 [0] 2 [0] 3 
 Built 1 zonelists in Zone order, mobility grouping on.  Total pages: 522751
 Kernel command line: ignore_loglevel console=ttyS0,115200n8 rw root=PARTUUID=4d36e82a-b3c0-4b4b-bfcd-afe5217ac023 rootwait gpt debug noinitrd earlyprintk init=/bin/bash
 PID hash table entries: 4096 (order: 2, 16384 bytes)
 Dentry cache hash table entries: 131072 (order: 7, 524288 bytes)
 Inode-cache hash table entries: 65536 (order: 6, 262144 bytes)
-Memory: 1995772K/2097148K available (9216K kernel code, 1205K rwdata, 4152K rodata, 2048K init, 536K bss, 35840K reserved, 65536K cma-reserved, 1245180K highmem)
+Memory: 1994668K/2097148K available (10240K kernel code, 1254K rwdata, 4212K rodata, 2048K init, 536K bss, 36944K reserved, 65536K cma-reserved, 1245180K highmem)
 Virtual kernel memory layout:
     vector  : 0xffff0000 - 0xffff1000   (   4 kB)
     fixmap  : 0xffc00000 - 0xfff00000   (3072 kB)
@@ -96,12 +96,13 @@
     lowmem  : 0xc0000000 - 0xf0000000   ( 768 MB)
     pkmap   : 0xbfe00000 - 0xc0000000   (   2 MB)
     modules : 0xbf000000 - 0xbfe00000   (  14 MB)
-      .text : 0xc0208000 - 0xc0c00000   (10208 kB)
-      .init : 0xc1100000 - 0xc1300000   (2048 kB)
-      .data : 0xc1300000 - 0xc142d540   (1206 kB)
-       .bss : 0xc142f000 - 0xc14b51d0   ( 537 kB)
+      .text : 0xc0208000 - 0xc0d00000   (11232 kB)
+      .init : 0xc1200000 - 0xc1400000   (2048 kB)
+      .data : 0xc1400000 - 0xc1539aa0   (1255 kB)
+       .bss : 0xc153b000 - 0xc15c13b8   ( 537 kB)
 SLUB: HWalign=64, Order=0-3, MinObjects=0, CPUs=4, Nodes=1
 Hierarchical RCU implementation.
+	RCU debugfs-based tracing is enabled.
 	Build-time adjustment of leaf fanout to 32.
 	RCU restricting CPUs from NR_CPUS=16 to nr_cpu_ids=4.
 RCU: Adjusting geometry for rcu_fanout_leaf=32, nr_cpu_ids=4
@@ -200,6 +201,7 @@
 io scheduler noop registered
 io scheduler deadline registered
 io scheduler cfq registered (default)
+io scheduler mq-deadline registered
 tegra-xusb-padctl 7009f000.padctl: failed to setup XUSB ports: -517
 tegra-apbdma 60020000.dma: Tegra20 APB DMA driver register 32 channels
 tegra-pmc 7000e400.pmc: i2c-thermtrip node not found, emergency thermal reset disabled.
@@ -210,10 +212,9 @@
 SuperH (H)SCI(F) driver initialized
 msm_serial: driver initialized
 STMicroelectronics ASC driver initialized
-[drm] Initialized
 tegra-hdmi 54280000.hdmi: failed to get HDMI regulator
 tegra-dpaux 545c0000.dpaux: failed to get VDD supply: -517
-panel supply power not found, using dummy regulator
+panel-simple panel: panel supply power not found, using dummy regulator
 brd: module loaded
 loop: module loaded
 as3722 4-0040: AS3722 with revision 0x1 found
@@ -277,14 +278,13 @@
 ohci-st: OHCI STMicroelectronics driver
 ohci-atmel: OHCI Atmel driver
 usbcore: registered new interface driver usb-storage
-mousedev: PS/2 mouse device common for all mice
-1-0015 supply vcc not found, using dummy regulator
+elan_i2c 1-0015: 1-0015 supply vcc not found, using dummy regulator
 as3722-rtc as3722-rtc: rtc core: registered as3722-rtc as rtc0
 as3722-rtc as3722-rtc: RTC interrupt 372
 tegra_rtc 7000e000.rtc: rtc core: registered 7000e000.rtc as rtc1
 tegra_rtc 7000e000.rtc: Tegra internal Real Time Clock
 i2c /dev entries driver
-0-004c supply vcc not found, using dummy regulator
+lm90 0-004c: 0-004c supply vcc not found, using dummy regulator
 sdhci: Secure Digital Host Controller Interface driver
 sdhci: Copyright(c) Pierre Ossman
 Synopsys Designware Multimedia Card Interface Driver
@@ -308,43 +308,42 @@
 can: broadcast manager protocol (rev 20161123 t)
 can: netlink gateway (rev 20130117) max_hops=1
 Key type dns_resolver registered
-elan_i2c 1-0015: Elan Touchpad: Module ID: 0x002a, Firmware: 0x0005, Sample: 0x0007, IAP: 0x0009
 ThumbEE CPU extension supported.
-input: Elan Touchpad as /devices/soc0/7000c400.i2c/i2c-1/1-0015/input/input0
 Registering SWP/SWPB emulation handler
 +3.3V_RUN: supplied by +3.3V_SYS
++VDD_LED: supplied by +VDD_MUX
+elan_i2c 1-0015: Elan Touchpad: Module ID: 0x002a, Firmware: 0x0005, Sample: 0x0007, IAP: 0x0009
+input: Elan Touchpad as /devices/soc0/7000c400.i2c/i2c-1/1-0015/input/input0
 +3.3V_AVDD_HDMI_AP_GATED: supplied by +3.3V_RUN
 +1.8V_RUN_CAM: supplied by +3.3V_RUN
 +VDDIO_SDMMC3: supplied by +3.3V_RUN
 +1.8V_RUN_VPP_FUSE: supplied by +3.3V_RUN
-+VDD_LED: supplied by +VDD_MUX
 +5V_VDD_TS_SW: supplied by +5V_SYS
 +5V_USB_HS: supplied by +5V_SYS
 +5V_USB_SS: supplied by +5V_SYS
 +3.3V_PANEL: supplied by +3.3V_RUN
-+3.3V_LP0: supplied by +3.3V_SYS
 mmc0: new high speed MMC card at address 0001
-+1.05V_RUN_AVDD_HDMI_PLL: supplied by +1.05V_RUN
 mmcblk0: mmc0:0001 MMC16G 14.4 GiB 
-elan_i2c 1-0015: failed to read report data: -121
 mmcblk0boot0: mmc0:0001 MMC16G partition 1 2.00 MiB
-elan_i2c 1-0015: failed to read report data: -121
 mmcblk0boot1: mmc0:0001 MMC16G partition 2 2.00 MiB
 mmcblk0rpmb: mmc0:0001 MMC16G partition 3 128 KiB
  mmcblk0: p1 p2 p3 p4 p5 p6 p7 p8 p9 p10 p11 p12
++3.3V_LP0: supplied by +3.3V_SYS
++1.05V_RUN_AVDD_HDMI_PLL: supplied by +1.05V_RUN
+elan_i2c 1-0015: failed to read report data: -121
 +5V_HDMI_CON: supplied by +5V_SYS
-usb3-0 supply vbus not found, using dummy regulator
-usb3-1 supply vbus not found, using dummy regulator
+ usb3-0: usb3-0 supply vbus not found, using dummy regulator
+ usb3-1: usb3-1 supply vbus not found, using dummy regulator
 tegra-sor 54540000.sor: failed to probe output: -517
-panel supply power not found, using dummy regulator
+panel-simple panel: panel supply power not found, using dummy regulator
 sdhci-tegra 700b0000.sdhci: allocated mmc-pwrseq
 mmc1: Unknown controller version (3). You may experience problems.
 mmc1: Invalid maximum block size, assuming 512 bytes
 mmc1: Switching to 3.3V signalling voltage failed
-elan_i2c 1-0015: invalid report id data (ff)
 mmc1: SDHCI controller on 700b0000.sdhci [700b0000.sdhci] using ADMA
 sdhci-tegra 700b0400.sdhci: Got CD GPIO
 sdhci-tegra 700b0400.sdhci: Got WP GPIO
+elan_i2c 1-0015: invalid report id data (ff)
 mmc2: Unknown controller version (3). You may experience problems.
 mmc2: Invalid maximum block size, assuming 512 bytes
 mmc1: new high speed SDIO card at address 0001
@@ -361,9 +360,9 @@
  mmcblk2: p1 p2 p3 p4 p5 p6 p7 p8 p9 p10 p11 p12
 Console: switching to colour frame buffer device 170x48
 drm drm: fb0:  frame buffer device
-[drm] Initialized tegra 0.0.0 20120330 on minor 0
+[drm] Initialized tegra 0.0.0 20120330 for drm on minor 0
 input: gpio-keys as /devices/soc0/gpio-keys/input/input1
-as3722-rtc as3722-rtc: setting system clock to 2000-01-01 00:00:23 UTC (946684823)
+as3722-rtc as3722-rtc: setting system clock to 2000-01-01 00:00:24 UTC (946684824)
 +1.8V_RUN_CAM: disabling
 +3.3V_RUN_CAM: disabling
 +1.2V_RUN_CAM_FRONT: disabling
Diff for ./tegra124-nyan-big/tegra124-nyan-big/tegra_defconfig_log.txt
--- /tmp/fooa	2017-03-05 13:45:13.639697944 -0800
+++ /tmp/foob	2017-03-05 13:45:13.643697959 -0800
@@ -14,7 +14,7 @@
 Err:   serial
 Net:   Net Initialization Skipped
 No ethernet found.
-Hit any key to stop autoboot:  2  1  0 
+Hit any key to stop autoboot:  2  0 
 Tegra124 (Nyan-big) # 
 Tegra124 (Nyan-big) # usb start
 starting USB...
@@ -39,10 +39,10 @@
 	 #################################################################
 	 #################################################################
 	 #################################################################
-	 ###################################################
-	 3.5 MiB/s
+	 ######################################################
+	 3.6 MiB/s
 done
-Bytes transferred = 5508480 (540d80 hex)
+Bytes transferred = 5557856 (54ce60 hex)
 Tegra124 (Nyan-big) # tftpboot 0x83000000 tegra124-nyan-big.dtb
 Using asx0 device
 TFTP from server 192.168.100.1; our IP address is 192.168.100.102
@@ -51,42 +51,42 @@
 Loading: *#####
 	 3.4 MiB/s
 done
-Bytes transferred = 67943 (10967 hex)
+Bytes transferred = 68155 (10a3b hex)
 Tegra124 (Nyan-big) # bootz 0x82000000 - 0x83000000
-Kernel image @ 0x82000000 [ 0x000000 - 0x540d80 ]
+Kernel image @ 0x82000000 [ 0x000000 - 0x54ce60 ]
 ## Flattened Device Tree blob at 83000000
    Booting using the fdt blob at 0x83000000
-   Using Device Tree in place at 83000000, end 83013966
+   Using Device Tree in place at 83000000, end 83013a3a
 
 Starting kernel ...
 
 Uncompressing Linux... done, booting the kernel.
 Booting Linux on physical CPU 0x0
-Linux version 4.10.0-143272-gc470abd (pwalmsley@kaivo) (gcc version 4.7.3 20130328 (prerelease) (crosstool-NG linaro-1.13.1-4.7-2013.04-20130415 - Linaro GCC 2013.04) ) #1 SMP PREEMPT Sun Feb 19 15:04:05 PST 2017
+Linux version 4.11.0-rc1-155019-gc1ae3cf (pwalmsley@kaivo) (gcc version 4.7.3 20130328 (prerelease) (crosstool-NG linaro-1.13.1-4.7-2013.04-20130415 - Linaro GCC 2013.04) ) #1 SMP PREEMPT Sun Mar 5 13:36:08 PST 2017
 CPU: ARMv7 Processor [413fc0f3] revision 3 (ARMv7), cr=10c5387d
 CPU: div instructions available: patching division code
 CPU: PIPT / VIPT nonaliasing data cache, PIPT instruction cache
-OF: fdt:Machine model: Acer Chromebook 13 CB5-311
-OF: fdt:Ignoring memory range 0x100000000 - 0x17ffff000
+OF: fdt: Machine model: Acer Chromebook 13 CB5-311
+OF: fdt: Ignoring memory range 0x100000000 - 0x17ffff000
 debug: ignoring loglevel setting.
 bootconsole [earlycon0] enabled
 cma: Reserved 64 MiB at 0xfbc00000
 Memory policy: Data cache writealloc
 On node 0 totalpages: 524287
-free_area_init_node: node 0, pgdat c0d5f540, node_mem_map eeff7000
+free_area_init_node: node 0, pgdat c0d5de00, node_mem_map eeff7000
   Normal zone: 1536 pages used for memmap
   Normal zone: 0 pages reserved
   Normal zone: 196608 pages, LIFO batch:31
   HighMem zone: 327679 pages, LIFO batch:31
-percpu: Embedded 14 pages/cpu @eef8c000 s26240 r8192 d22912 u57344
-pcpu-alloc: s26240 r8192 d22912 u57344 alloc=14*4096
+percpu: Embedded 16 pages/cpu @eef84000 s34240 r8192 d23104 u65536
+pcpu-alloc: s34240 r8192 d23104 u65536 alloc=16*4096
 pcpu-alloc: [0] 0 [0] 1 [0] 2 [0] 3 
 Built 1 zonelists in Zone order, mobility grouping on.  Total pages: 522751
 Kernel command line: ignore_loglevel console=ttyS0,115200n8 rw root=PARTUUID=4d36e82a-b3c0-4b4b-bfcd-afe5217ac023 rootwait gpt debug noinitrd earlyprintk init=/bin/bash
 PID hash table entries: 4096 (order: 2, 16384 bytes)
 Dentry cache hash table entries: 131072 (order: 7, 524288 bytes)
 Inode-cache hash table entries: 65536 (order: 6, 262144 bytes)
-Memory: 2000852K/2097148K available (8192K kernel code, 387K rwdata, 2476K rodata, 1024K init, 369K bss, 30760K reserved, 65536K cma-reserved, 1245180K highmem)
+Memory: 2000888K/2097148K available (8192K kernel code, 380K rwdata, 2492K rodata, 1024K init, 305K bss, 30724K reserved, 65536K cma-reserved, 1245180K highmem)
 Virtual kernel memory layout:
     vector  : 0xffff0000 - 0xffff1000   (   4 kB)
     fixmap  : 0xffc00000 - 0xfff00000   (3072 kB)
@@ -96,8 +96,8 @@
     modules : 0xbf000000 - 0xbfe00000   (  14 MB)
       .text : 0xc0008000 - 0xc0900000   (9184 kB)
       .init : 0xc0c00000 - 0xc0d00000   (1024 kB)
-      .data : 0xc0d00000 - 0xc0d60c00   ( 387 kB)
-       .bss : 0xc0d62000 - 0xc0dbe7e8   ( 370 kB)
+      .data : 0xc0d00000 - 0xc0d5f2e0   ( 381 kB)
+       .bss : 0xc0d61000 - 0xc0dad50c   ( 306 kB)
 Preemptible hierarchical RCU implementation.
 	Build-time adjustment of leaf fanout to 32.
 NR_IRQS:16 nr_irqs:16 16
@@ -196,6 +196,7 @@
 Key type id_legacy registered
 bounce: pool size: 64 pages
 io scheduler noop registered (default)
+io scheduler mq-deadline registered
 tegra-xusb-padctl 7009f000.padctl: failed to setup XUSB ports: -517
 tegra-apbdma 60020000.dma: Tegra20 APB DMA driver register 32 channels
 tegra-pmc 7000e400.pmc: i2c-thermtrip node not found, emergency thermal reset disabled.
@@ -206,10 +207,9 @@
 console [ttyS0] enabled
 bootconsole [earlycon0] disabled
 bootconsole [earlycon0] disabled
-[drm] Initialized
 tegra-hdmi 54280000.hdmi: failed to get HDMI regulator
 tegra-dpaux 545c0000.dpaux: failed to get VDD supply: -517
-panel supply power not found, using dummy regulator
+panel-simple panel: panel supply power not found, using dummy regulator
 loop: module loaded
 as3722 4-0040: AS3722 with revision 0x1 found
 as3722-sd2: supplied by +5V_SYS
@@ -235,6 +235,7 @@
 as3722-ldo10: supplied by +5V_SYS
 +2.8V_RUN_CAM_AF: Bringing 0uV into 2800000-2800000uV
 +1.8V_RUN_VPP_FUSE: Bringing 0uV into 1800000-1800000uV
+cros-ec-spi spi32766.0: packet too long (249 bytes, expected 4)
 cros-ec-spi spi32766.0: Chrome EC device registered
 random: fast init done
 m25p80 spi32765.0: w25q32dw (4096 Kbytes)
@@ -260,7 +261,6 @@
 cdc_acm: USB Abstract Control Model driver for USB modems and ISDN adapters
 usbcore: registered new interface driver cdc_wdm
 usbcore: registered new interface driver usb-storage
-mousedev: PS/2 mouse device common for all mice
 input: cros_ec as /devices/soc0/7000d400.spi/spi_master/spi32766/spi32766.0/7000d400.spi:cros-ec@0:keyboard-controller/input/input0
 as3722-rtc as3722-rtc: rtc core: registered as3722-rtc as rtc0
 as3722-rtc as3722-rtc: RTC interrupt 372
@@ -270,7 +270,7 @@
 usbcore: registered new interface driver uvcvideo
 USB Video Class driver (1.1.1)
 gspca_main: v2.14.0 registered
-0-004c supply vcc not found, using dummy regulator
+lm90 0-004c: 0-004c supply vcc not found, using dummy regulator
 tegra-wdt 60005000.timer: initialized (heartbeat = 120 sec, nowayout = 0)
 sdhci: Secure Digital Host Controller Interface driver
 sdhci: Copyright(c) Pierre Ossman
@@ -284,52 +284,6 @@
 usbcore: registered new interface driver usbhid
 usbhid: USB HID core driver
 tegra30-i2s 70301100.i2s: DMA channels sourced from device 70300000.ahub
-BUG: scheduling while atomic: kworker/0:1/37/0x00000002
-Modules linked in:
-CPU: 0 PID: 37 Comm: kworker/0:1 Not tainted 4.10.0-143272-gc470abd #1
-Hardware name: NVIDIA Tegra SoC (Flattened Device Tree)
-Workqueue: events_freezable mmc_rescan
-[<c010f358>] (unwind_backtrace) from [<c010a918>] (show_stack+0x10/0x14)
-[<c010a918>] (show_stack) from [<c034e0dc>] (dump_stack+0x84/0xa4)
-[<c034e0dc>] (dump_stack) from [<c01b4e3c>] (__schedule_bug+0x60/0x80)
-[<c01b4e3c>] (__schedule_bug) from [<c0829ee8>] (__schedule+0x528/0x60c)
-[<c0829ee8>] (__schedule) from [<c082a19c>] (schedule+0x50/0xc0)
-[<c082a19c>] (schedule) from [<c082a3f8>] (schedule_preempt_disabled+0x24/0x40)
-[<c082a3f8>] (schedule_preempt_disabled) from [<c082e360>] (__mutex_lock_slowpath+0x400/0x6f0)
-[<c082e360>] (__mutex_lock_slowpath) from [<c03c5f6c>] (clk_prepare_lock+0x3c/0xe4)
-[<c03c5f6c>] (clk_prepare_lock) from [<c03c8474>] (clk_set_rate+0x14/0x30)
-[<c03c8474>] (clk_set_rate) from [<c05decdc>] (tegra_sdhci_set_clock+0x28/0xdc)
-[<c05decdc>] (tegra_sdhci_set_clock) from [<c05dde48>] (sdhci_set_ios+0x2d8/0x584)
-[<c05dde48>] (sdhci_set_ios) from [<c05c8250>] (mmc_set_bus_mode+0x18/0x1c)
-[<c05c8250>] (mmc_set_bus_mode) from [<c05cb154>] (mmc_init_card+0xb4/0x1830)
-[<c05cb154>] (mmc_init_card) from [<c05ccc44>] (mmc_attach_mmc+0x8c/0x14c)
-[<c05ccc44>] (mmc_attach_mmc) from [<c05c91bc>] (mmc_rescan+0x274/0x34c)
-[<c05c91bc>] (mmc_rescan) from [<c0134c98>] (process_one_work+0x120/0x31c)
-[<c0134c98>] (process_one_work) from [<c0134ef8>] (worker_thread+0x2c/0x4b4)
-[<c0134ef8>] (worker_thread) from [<c013a3f4>] (kthread+0xfc/0x134)
-[<c013a3f4>] (kthread) from [<c0107938>] (ret_from_fork+0x14/0x3c)
-BUG: scheduling while atomic: kworker/0:1/37/0x00000000
-Modules linked in:
-CPU: 0 PID: 37 Comm: kworker/0:1 Tainted: G        W       4.10.0-143272-gc470abd #1
-Hardware name: NVIDIA Tegra SoC (Flattened Device Tree)
-Workqueue: events_freezable mmc_rescan
-[<c010f358>] (unwind_backtrace) from [<c010a918>] (show_stack+0x10/0x14)
-[<c010a918>] (show_stack) from [<c034e0dc>] (dump_stack+0x84/0xa4)
-[<c034e0dc>] (dump_stack) from [<c01b4e3c>] (__schedule_bug+0x60/0x80)
-[<c01b4e3c>] (__schedule_bug) from [<c0829ee8>] (__schedule+0x528/0x60c)
-[<c0829ee8>] (__schedule) from [<c082a19c>] (schedule+0x50/0xc0)
-[<c082a19c>] (schedule) from [<c082fd34>] (schedule_timeout+0x1c0/0x2e4)
-[<c082fd34>] (schedule_timeout) from [<c082aae8>] (wait_for_common+0xbc/0x148)
-[<c082aae8>] (wait_for_common) from [<c05c6d80>] (mmc_wait_for_req_done+0x7c/0x104)
-[<c05c6d80>] (mmc_wait_for_req_done) from [<c05c6f44>] (mmc_wait_for_cmd+0x58/0x78)
-[<c05c6f44>] (mmc_wait_for_cmd) from [<c05cd614>] (mmc_go_idle+0x78/0xec)
-[<c05cd614>] (mmc_go_idle) from [<c05cb0d4>] (mmc_init_card+0x34/0x1830)
-[<c05cb0d4>] (mmc_init_card) from [<c05ccc44>] (mmc_attach_mmc+0x8c/0x14c)
-[<c05ccc44>] (mmc_attach_mmc) from [<c05c91bc>] (mmc_rescan+0x274/0x34c)
-[<c05c91bc>] (mmc_rescan) from [<c0134c98>] (process_one_work+0x120/0x31c)
-[<c0134c98>] (process_one_work) from [<c0134ef8>] (worker_thread+0x2c/0x4b4)
-[<c0134ef8>] (worker_thread) from [<c013a3f4>] (kthread+0xfc/0x134)
-[<c013a3f4>] (kthread) from [<c0107938>] (ret_from_fork+0x14/0x3c)
 max98090 0-0010: MAX98090 REVID=0x43
 max98090 0-0010: use default 2.8v micbias
 tegra-snd-max98090 sound: HiFi <-> 70301100.i2s mapping ok
@@ -338,15 +292,15 @@
 NET: Registered protocol family 10
 Segment Routing with IPv6
 mip6: Mobile IPv6
-sit: IPv6, IPv4 and MPLS over IPv4 tunneling driver
-NET: Registered protocol family 17
-NET: Registered protocol family 15
 mmc0: new high speed MMC card at address 0001
 mmcblk0: mmc0:0001 MMC16G 14.4 GiB 
+sit: IPv6, IPv4 and MPLS over IPv4 tunneling driver
+NET: Registered protocol family 17
 mmcblk0boot0: mmc0:0001 MMC16G partition 1 2.00 MiB
 mmcblk0boot1: mmc0:0001 MMC16G partition 2 2.00 MiB
 mmcblk0rpmb: mmc0:0001 MMC16G partition 3 128 KiB
  mmcblk0: p1 p2 p3 p4 p5 p6 p7 p8 p9 p10 p11 p12
+NET: Registered protocol family 15
 can: controller area network core (rev 20120528 abi 9)
 NET: Registered protocol family 29
 can: raw protocol (rev 20120528)
@@ -361,11 +315,11 @@
 Key type dns_resolver registered
 Registering SWP/SWPB emulation handler
 +3.3V_RUN: supplied by +3.3V_SYS
++VDD_LED: supplied by +VDD_MUX
 +3.3V_AVDD_HDMI_AP_GATED: supplied by +3.3V_RUN
 +1.8V_RUN_CAM: supplied by +3.3V_RUN
 +VDDIO_SDMMC3: supplied by +3.3V_RUN
 +1.8V_RUN_VPP_FUSE: supplied by +3.3V_RUN
-+VDD_LED: supplied by +VDD_MUX
 +5V_VDD_TS_SW: supplied by +5V_SYS
 +5V_USB_HS: supplied by +5V_SYS
 +5V_USB_SS: supplied by +5V_SYS
@@ -373,10 +327,10 @@
 +3.3V_LP0: supplied by +3.3V_SYS
 +1.05V_RUN_AVDD_HDMI_PLL: supplied by +1.05V_RUN
 +5V_HDMI_CON: supplied by +5V_SYS
-usb3-0 supply vbus not found, using dummy regulator
-usb3-1 supply vbus not found, using dummy regulator
+ usb3-0: usb3-0 supply vbus not found, using dummy regulator
+ usb3-1: usb3-1 supply vbus not found, using dummy regulator
 tegra-sor 54540000.sor: failed to probe output: -517
-panel supply power not found, using dummy regulator
+panel-simple panel: panel supply power not found, using dummy regulator
 tegra-xusb 70090000.usb: Firmware timestamp: 2014-09-16 02:10:07 UTC
 tegra-xusb 70090000.usb: xHCI Host Controller
 tegra-xusb 70090000.usb: new USB bus registered, assigned bus number 1
@@ -401,7 +355,6 @@
 mmc1: new high speed SDIO card at address 0001
 mmc2: SDHCI controller on 700b0400.sdhci [700b0400.sdhci] using ADMA
 [drm] Supports vblank timestamp caching Rev 2 (21.10.2013).
-input: tegra-hda HDMI/DP,pcm=3 as /devices/soc0/70030000.hda/sound/card0/input3
 [drm] No driver support for vblank timestamp query.
 usb 1-2: new high-speed USB device number 2 using tegra-xusb
 mmc2: new high speed SDHC card at address 0007
@@ -412,9 +365,10 @@
 GPT:3014591 != 15564799
 GPT: Use GNU Parted to correct GPT errors.
  mmcblk2: p1 p2 p3 p4 p5 p6 p7 p8 p9 p10 p11 p12
+input: tegra-hda HDMI/DP,pcm=3 as /devices/soc0/70030000.hda/sound/card0/input3
 Console: switching to colour frame buffer device 170x48
 drm drm: fb0:  frame buffer device
-[drm] Initialized tegra 0.0.0 20120330 on minor 0
+[drm] Initialized tegra 0.0.0 20120330 for drm on minor 0
 input: gpio-keys as /devices/soc0/gpio-keys/input/input4
 as3722-rtc as3722-rtc: setting system clock to 2000-01-01 00:00:23 UTC (946684823)
 +1.8V_RUN_CAM: disabling
@@ -435,6 +389,7 @@
 VFS: Mounted root (ext4 filesystem) on device 179:3.
 devtmpfs: mounted
 Freeing unused kernel memory: 1024K
+usb 1-3: new high-speed USB device number 3 using tegra-xusb
 bash: cannot set terminal process group (-1): Inappropriate ioctl for device
 bash: no job control in this shell
 root@(none):/# 
\ No newline at end of file
Diff for ./tegra132-norrin/tegra132-norrin/defconfig_log.txt
--- /tmp/fooa	2017-03-05 13:45:13.651697991 -0800
+++ /tmp/foob	2017-03-05 13:45:13.655698007 -0800
@@ -31,7 +31,7 @@
 MSENC clock is set to  79200 KHz
 Vde clock is set to 204000 KHz
 
-Bootloader-Cpu Init at (time stamp): 1800704 us
+Bootloader-Cpu Init at (time stamp): 1800661 us
 
 Pinmux changes applied in kernel way
 
@@ -62,20 +62,20 @@
 Board Id Read Time: 3 us
 Power Rail enable Time: 1 us
 
-Miscellaneous avp time: 1800678  us
-Bootloader (AosInit) time: 734234 us
-Bootloader Main Init time: 180071 us
-BlockDevMgrInit time: 157534 us
+Miscellaneous avp time: 1800635  us
+Bootloader (AosInit) time: 733476 us
+Bootloader Main Init time: 180255 us
+BlockDevMgrInit time: 157516 us
 PartMgrInit time: 8 us
 StorMgrInit time: 30 us
 FsMgrInit time: 2 us
-Partition Table load: 76642 us 
-Display init time: 574940 us
-Kernel read time: 376 msec
+Partition Table load: 77038 us 
+Display init time: 574463 us
+Kernel read time: 378 msec
 Load Kernel Size:   16304128 Bytes
-Bl Kernel ReadSpeed: 43362000 Bytes/sec
-Pre-Kernel Jump time: 1741106 us
-Clearing 32 Bit State and Warm resetting to 64bit mode: 5845250 us
+Bl Kernel ReadSpeed: 43132000 Bytes/sec
+Pre-Kernel Jump time: 1740343 us
+Clearing 32 Bit State and Warm resetting to 64bit mode: 5844481 us
 Booting Linux on physical CPU 0x0
 Linux version 4.8.0-239303-g3477d16 (pwalmsley@tamien) (gcc version 4.9.2 20140904 (prerelease) (crosstool-NG linaro-1.13.1-4.9-2014.09 - Linaro GCC 4.9-2014.09) ) #1 SMP PREEMPT Fri Oct 7 01:12:37 PDT 2016
 Boot CPU: AArch64 Processor [4e0f0000]
@@ -184,7 +184,7 @@
 kvm [1]: HYP mode not available
 futex hash table entries: 256 (order: 3, 32768 bytes)
 audit: initializing netlink subsys (disabled)
-audit: type=2000 audit(1.175:1): initialized
+audit: type=2000 audit(1.155:1): initialized
 workingset: timestamp_bits=46 max_order=19 bucket_order=0
 squashfs: version 4.0 (2009/01/31) Phillip Lougher
 NFS: Registering the id_resolver key type
@@ -251,9 +251,10 @@
 mmc0: new high speed MMC card at address 0001
 mmcblk0: mmc0:0001 SEM16G 14.7 GiB 
 mmcblk0boot0: mmc0:0001 SEM16G partition 1 4.00 MiB
-+VDD_LED: supplied by +VDD_MUX
 mmcblk0boot1: mmc0:0001 SEM16G partition 2 4.00 MiB
++VDD_LED: supplied by +VDD_MUX
 mmcblk0rpmb: mmc0:0001 SEM16G partition 3 4.00 MiB
+ mmcblk0: p1 p2 p3 p4 p5 p6 p7 p8
 +5V_USB_HS: supplied by +5V_SYS
 +5V_USB_SS: supplied by +5V_SYS
 +5V_HDMI_CON: supplied by +5V_SYS
@@ -272,9 +273,6 @@
 Freeing unused kernel memory: 960K (ffff800000c00000 - ffff800000cf0000)
 sdhci-tegra 700b0400.sdhci: Got CD GPIO
 sdhci-tegra 700b0400.sdhci: Got WP GPIO
- mmcblk0: p1 p2 p3 p4 p5 p6 p7 p8
-sdhci-tegra 700b0400.sdhci: Got CD GPIO
-sdhci-tegra 700b0400.sdhci: Got WP GPIO
 
 System initialization...
 
Diff for ./tegra20-trimslice/tegra20-trimslice/multi_v7_defconfig_log.txt
--- /tmp/fooa	2017-03-05 13:45:13.663698037 -0800
+++ /tmp/foob	2017-03-05 13:45:13.667698053 -0800
@@ -46,10 +46,10 @@
 	 #################################################################
 	 #################################################################
 	 #################################################################
-	 ###################################################
-	 3.9 MiB/s
+	 ###########################################################
+	 4 MiB/s
 done
-Bytes transferred = 7415968 (7128a0 hex)
+Bytes transferred = 7537352 (7302c8 hex)
 Tegra20 (TrimSlice) # tftpboot 0x02408000 tegra20-trimslice.dtb
 Using RTL8169#0 device
 TFTP from server 192.168.100.1; our IP address is 192.168.100.103
@@ -58,40 +58,40 @@
 Loading: *##
 	 3.4 MiB/s
 done
-Bytes transferred = 21404 (539c hex)
+Bytes transferred = 21426 (53b2 hex)
 Tegra20 (TrimSlice) # bootz 0x00408000 - 0x02408000
-Kernel image @ 0x408000 [ 0x000000 - 0x7128a0 ]
+Kernel image @ 0x408000 [ 0x000000 - 0x7302c8 ]
 ## Flattened Device Tree blob at 02408000
    Booting using the fdt blob at 0x2408000
-   Using Device Tree in place at 02408000, end 0241039b
+   Using Device Tree in place at 02408000, end 024103b1
 
 Starting kernel ...
 
 Booting Linux on physical CPU 0x0
-Linux version 4.10.0-143272-gc470abd (pwalmsley@sellafield) (gcc version 4.7.3 20130328 (prerelease) (crosstool-NG linaro-1.13.1-4.7-2013.04-20130415 - Linaro GCC 2013.04) ) #1 SMP Sun Feb 19 15:04:08 PST 2017
+Linux version 4.11.0-rc1-155019-gc1ae3cf (pwalmsley@sellafield) (gcc version 4.7.3 20130328 (prerelease) (crosstool-NG linaro-1.13.1-4.7-2013.04-20130415 - Linaro GCC 2013.04) ) #1 SMP Sun Mar 5 13:36:32 PST 2017
 CPU: ARMv7 Processor [411fc090] revision 0 (ARMv7), cr=10c5387d
 CPU: PIPT / VIPT nonaliasing data cache, VIPT aliasing instruction cache
-OF: fdt:Machine model: Compulab TrimSlice board
+OF: fdt: Machine model: Compulab TrimSlice board
 debug: ignoring loglevel setting.
 efi: Getting EFI parameters from FDT:
 efi: UEFI not found.
 cma: Reserved 64 MiB at 0x3c000000
 Memory policy: Data cache writealloc
 On node 0 totalpages: 262144
-free_area_init_node: node 0, pgdat c142ba40, node_mem_map ef7f8000
+free_area_init_node: node 0, pgdat c1538180, node_mem_map ef7f8000
   DMA zone: 1536 pages used for memmap
   DMA zone: 0 pages reserved
   DMA zone: 196608 pages, LIFO batch:31
   HighMem zone: 65536 pages, LIFO batch:15
-percpu: Embedded 14 pages/cpu @ef7ca000 s26176 r8192 d22976 u57344
-pcpu-alloc: s26176 r8192 d22976 u57344 alloc=14*4096
+percpu: Embedded 16 pages/cpu @ef7c6000 s34304 r8192 d23040 u65536
+pcpu-alloc: s34304 r8192 d23040 u65536 alloc=16*4096
 pcpu-alloc: [0] 0 [0] 1 
 Built 1 zonelists in Zone order, mobility grouping on.  Total pages: 260608
 Kernel command line: ignore_loglevel console=ttyS0,115200n8 rw root=PARTUUID=11eb23c1-01 rootwait gpt debug noinitrd earlyprintk init=/bin/bash
 PID hash table entries: 4096 (order: 2, 16384 bytes)
 Dentry cache hash table entries: 131072 (order: 7, 524288 bytes)
 Inode-cache hash table entries: 65536 (order: 6, 262144 bytes)
-Memory: 955680K/1048576K available (9216K kernel code, 1205K rwdata, 4152K rodata, 2048K init, 536K bss, 27360K reserved, 65536K cma-reserved, 196608K highmem)
+Memory: 954592K/1048576K available (10240K kernel code, 1254K rwdata, 4212K rodata, 2048K init, 536K bss, 28448K reserved, 65536K cma-reserved, 196608K highmem)
 Virtual kernel memory layout:
     vector  : 0xffff0000 - 0xffff1000   (   4 kB)
     fixmap  : 0xffc00000 - 0xfff00000   (3072 kB)
@@ -99,12 +99,13 @@
     lowmem  : 0xc0000000 - 0xf0000000   ( 768 MB)
     pkmap   : 0xbfe00000 - 0xc0000000   (   2 MB)
     modules : 0xbf000000 - 0xbfe00000   (  14 MB)
-      .text : 0xc0208000 - 0xc0c00000   (10208 kB)
-      .init : 0xc1100000 - 0xc1300000   (2048 kB)
-      .data : 0xc1300000 - 0xc142d540   (1206 kB)
-       .bss : 0xc142f000 - 0xc14b51d0   ( 537 kB)
+      .text : 0xc0208000 - 0xc0d00000   (11232 kB)
+      .init : 0xc1200000 - 0xc1400000   (2048 kB)
+      .data : 0xc1400000 - 0xc1539aa0   (1255 kB)
+       .bss : 0xc153b000 - 0xc15c13b8   ( 537 kB)
 SLUB: HWalign=64, Order=0-3, MinObjects=0, CPUs=2, Nodes=1
 Hierarchical RCU implementation.
+	RCU debugfs-based tracing is enabled.
 	Build-time adjustment of leaf fanout to 32.
 	RCU restricting CPUs from NR_CPUS=16 to nr_cpu_ids=2.
 RCU: Adjusting geometry for rcu_fanout_leaf=32, nr_cpu_ids=2
@@ -185,6 +186,7 @@
 io scheduler noop registered
 io scheduler deadline registered
 io scheduler cfq registered (default)
+io scheduler mq-deadline registered
 tegra-pcie 80003000.pcie-controller: dual-mode configuration
 tegra-pcie 80003000.pcie-controller: probing port 0, using 2 lanes
 tegra-pcie 80003000.pcie-controller: PCI host bridge to bus 0000:00
@@ -193,6 +195,7 @@
 pci_bus 0000:00: root bus resource [mem 0xa8000000-0xbfffffff pref]
 pci_bus 0000:00: root bus resource [bus 00-ff]
 pci 0000:00:01.0: [10de:0bf0] type 01 class 0x060000
+pci_bus 0000:00: 2-byte config write to 0000:00:01.0 offset 0x88 may corrupt adjacent RW1C bits
 pci_bus 0000:00: 2-byte config write to 0000:00:01.0 offset 0x52 may corrupt adjacent RW1C bits
 pci 0000:00:01.0: PME# supported from D0 D1 D2 D3hot D3cold
 pci_bus 0000:00: 2-byte config write to 0000:00:01.0 offset 0x4c may corrupt adjacent RW1C bits
@@ -210,7 +213,6 @@
 pci 0000:01:00.0: reg 0x18: [mem 0x00000000-0x00000fff 64bit pref]
 pci 0000:01:00.0: reg 0x20: [mem 0x00000000-0x00003fff 64bit pref]
 pci 0000:01:00.0: reg 0x30: [mem 0x00000000-0x0001ffff pref]
-pci_bus 0000:01: 2-byte config write to 0000:01:00.0 offset 0x52 may corrupt adjacent RW1C bits
 pci 0000:01:00.0: supports D1 D2
 pci 0000:01:00.0: PME# supported from D0 D1 D2 D3hot D3cold
 PCI: bus1: Fast back to back transfers disabled
@@ -238,14 +240,13 @@
 SuperH (H)SCI(F) driver initialized
 msm_serial: driver initialized
 STMicroelectronics ASC driver initialized
-[drm] Initialized
-54280000.hdmi supply hdmi not found, using dummy regulator
+tegra-hdmi 54280000.hdmi: 54280000.hdmi supply hdmi not found, using dummy regulator
 [drm] Supports vblank timestamp caching Rev 2 (21.10.2013).
 [drm] No driver support for vblank timestamp query.
 [drm] Cannot find any crtc or sizes - going 1024x768
 Console: switching to colour frame buffer device 128x48
 drm drm: fb0:  frame buffer device
-[drm] Initialized tegra 0.0.0 20120330 on minor 0
+[drm] Initialized tegra 0.0.0 20120330 for drm on minor 0
 brd: module loaded
 loop: module loaded
 m25p80 spi32766.0: found s25fl008k, expected w25q80bl
@@ -300,7 +301,6 @@
 ohci-st: OHCI STMicroelectronics driver
 ohci-atmel: OHCI Atmel driver
 usbcore: registered new interface driver usb-storage
-mousedev: PS/2 mouse device common for all mice
 rtc-em3027 2-0056: rtc core: registered rtc-em3027 as rtc0
 tegra_rtc 7000e000.rtc: rtc core: registered 7000e000.rtc as rtc1
 tegra_rtc 7000e000.rtc: Tegra internal Real Time Clock
@@ -333,8 +333,8 @@
 utmi_phy_clk_enable: timeout waiting for phy to stabilize
 mmc0: host does not support reading read-only switch, assuming write-enable
 mmc0: new high speed SDHC card at address b368
-tegra-ehci c5000000.usb: EHCI Host Controller
 mmcblk0: mmc0:b368 NCard 3.70 GiB 
+tegra-ehci c5000000.usb: EHCI Host Controller
  mmcblk0: p1
 tegra-ehci c5000000.usb: new USB bus registered, assigned bus number 2
 tegra-ehci c5000000.usb: irq 288, io mem 0xc5000000
@@ -343,7 +343,7 @@
 hub 2-0:1.0: USB hub found
 hub 2-0:1.0: 1 port detected
 input: gpio-keys as /devices/soc0/gpio-keys/input/input0
-rtc-em3027 2-0056: setting system clock to 2000-11-01 00:00:16 UTC (973036816)
+rtc-em3027 2-0056: hctosys: unable to read the hardware clock
 EXT4-fs (mmcblk0p1): mounting ext3 file system using the ext4 subsystem
 mmc1: new high speed SD card at address b368
 mmcblk1: mmc1:b368 NCard 1.83 GiB (ro)
Diff for ./tegra20-trimslice/tegra20-trimslice/tegra_defconfig_log.txt
--- /tmp/fooa	2017-03-05 13:45:13.671698070 -0800
+++ /tmp/foob	2017-03-05 13:45:13.675698085 -0800
@@ -44,52 +44,52 @@
 	 #################################################################
 	 #################################################################
 	 #################################################################
-	 ###################################################
-	 3.4 MiB/s
+	 ######################################################
+	 4 MiB/s
 done
-Bytes transferred = 5508480 (540d80 hex)
+Bytes transferred = 5557856 (54ce60 hex)
 Tegra20 (TrimSlice) # tftpboot 0x02408000 tegra20-trimslice.dtb
 Using RTL8169#0 device
 TFTP from server 192.168.100.1; our IP address is 192.168.100.103
 Filename 'tegra20-trimslice.dtb'.
 Load address: 0x2408000
 Loading: *##
-	 2.9 MiB/s
+	 3.4 MiB/s
 done
-Bytes transferred = 21404 (539c hex)
+Bytes transferred = 21426 (53b2 hex)
 Tegra20 (TrimSlice) # bootz 0x00408000 - 0x02408000
-Kernel image @ 0x408000 [ 0x000000 - 0x540d80 ]
+Kernel image @ 0x408000 [ 0x000000 - 0x54ce60 ]
 ## Flattened Device Tree blob at 02408000
    Booting using the fdt blob at 0x2408000
-   Using Device Tree in place at 02408000, end 0241039b
+   Using Device Tree in place at 02408000, end 024103b1
 
 Starting kernel ...
 
 Uncompressing Linux... done, booting the kernel.
 Booting Linux on physical CPU 0x0
-Linux version 4.10.0-143272-gc470abd (pwalmsley@kaivo) (gcc version 4.7.3 20130328 (prerelease) (crosstool-NG linaro-1.13.1-4.7-2013.04-20130415 - Linaro GCC 2013.04) ) #1 SMP PREEMPT Sun Feb 19 15:04:05 PST 2017
+Linux version 4.11.0-rc1-155019-gc1ae3cf (pwalmsley@kaivo) (gcc version 4.7.3 20130328 (prerelease) (crosstool-NG linaro-1.13.1-4.7-2013.04-20130415 - Linaro GCC 2013.04) ) #1 SMP PREEMPT Sun Mar 5 13:36:08 PST 2017
 CPU: ARMv7 Processor [411fc090] revision 0 (ARMv7), cr=10c5387d
 CPU: PIPT / VIPT nonaliasing data cache, VIPT aliasing instruction cache
-OF: fdt:Machine model: Compulab TrimSlice board
+OF: fdt: Machine model: Compulab TrimSlice board
 debug: ignoring loglevel setting.
 bootconsole [earlycon0] enabled
 cma: Reserved 64 MiB at 0x3c000000
 Memory policy: Data cache writealloc
 On node 0 totalpages: 262144
-free_area_init_node: node 0, pgdat c0d5f540, node_mem_map ef7f7000
+free_area_init_node: node 0, pgdat c0d5de00, node_mem_map ef7f7000
   Normal zone: 1536 pages used for memmap
   Normal zone: 0 pages reserved
   Normal zone: 196608 pages, LIFO batch:31
   HighMem zone: 65536 pages, LIFO batch:15
-percpu: Embedded 14 pages/cpu @ef7c9000 s26240 r8192 d22912 u57344
-pcpu-alloc: s26240 r8192 d22912 u57344 alloc=14*4096
+percpu: Embedded 16 pages/cpu @ef7c5000 s34240 r8192 d23104 u65536
+pcpu-alloc: s34240 r8192 d23104 u65536 alloc=16*4096
 pcpu-alloc: [0] 0 [0] 1 
 Built 1 zonelists in Zone order, mobility grouping on.  Total pages: 260608
 Kernel command line: ignore_loglevel console=ttyS0,115200n8 rw root=PARTUUID=11eb23c1-01 rootwait gpt debug noinitrd earlyprintk init=/bin/bash
 PID hash table entries: 4096 (order: 2, 16384 bytes)
 Dentry cache hash table entries: 131072 (order: 7, 524288 bytes)
 Inode-cache hash table entries: 65536 (order: 6, 262144 bytes)
-Memory: 960760K/1048576K available (8192K kernel code, 387K rwdata, 2476K rodata, 1024K init, 369K bss, 22280K reserved, 65536K cma-reserved, 196608K highmem)
+Memory: 960812K/1048576K available (8192K kernel code, 380K rwdata, 2492K rodata, 1024K init, 305K bss, 22228K reserved, 65536K cma-reserved, 196608K highmem)
 Virtual kernel memory layout:
     vector  : 0xffff0000 - 0xffff1000   (   4 kB)
     fixmap  : 0xffc00000 - 0xfff00000   (3072 kB)
@@ -99,8 +99,8 @@
     modules : 0xbf000000 - 0xbfe00000   (  14 MB)
       .text : 0xc0008000 - 0xc0900000   (9184 kB)
       .init : 0xc0c00000 - 0xc0d00000   (1024 kB)
-      .data : 0xc0d00000 - 0xc0d60c00   ( 387 kB)
-       .bss : 0xc0d62000 - 0xc0dbe7e8   ( 370 kB)
+      .data : 0xc0d00000 - 0xc0d5f2e0   ( 381 kB)
+       .bss : 0xc0d61000 - 0xc0dad50c   ( 306 kB)
 Preemptible hierarchical RCU implementation.
 	Build-time adjustment of leaf fanout to 32.
 	RCU restricting CPUs from NR_CPUS=4 to nr_cpu_ids=2.
@@ -183,6 +183,7 @@
 Key type id_legacy registered
 bounce: pool size: 64 pages
 io scheduler noop registered (default)
+io scheduler mq-deadline registered
 tegra-pcie 80003000.pcie-controller: dual-mode configuration
 tegra-pcie 80003000.pcie-controller: probing port 0, using 2 lanes
 tegra-pcie 80003000.pcie-controller: PCI host bridge to bus 0000:00
@@ -191,6 +192,7 @@
 pci_bus 0000:00: root bus resource [mem 0xa8000000-0xbfffffff pref]
 pci_bus 0000:00: root bus resource [bus 00-ff]
 pci 0000:00:01.0: [10de:0bf0] type 01 class 0x060000
+pci_bus 0000:00: 2-byte config write to 0000:00:01.0 offset 0x88 may corrupt adjacent RW1C bits
 pci_bus 0000:00: 2-byte config write to 0000:00:01.0 offset 0x52 may corrupt adjacent RW1C bits
 pci 0000:00:01.0: PME# supported from D0 D1 D2 D3hot D3cold
 pci_bus 0000:00: 2-byte config write to 0000:00:01.0 offset 0x4c may corrupt adjacent RW1C bits
@@ -208,7 +210,6 @@
 pci 0000:01:00.0: reg 0x18: [mem 0x00000000-0x00000fff 64bit pref]
 pci 0000:01:00.0: reg 0x20: [mem 0x00000000-0x00003fff 64bit pref]
 pci 0000:01:00.0: reg 0x30: [mem 0x00000000-0x0001ffff pref]
-pci_bus 0000:01: 2-byte config write to 0000:01:00.0 offset 0x52 may corrupt adjacent RW1C bits
 pci 0000:01:00.0: supports D1 D2
 pci 0000:01:00.0: PME# supported from D0 D1 D2 D3hot D3cold
 PCI: bus1: Fast back to back transfers disabled
@@ -236,14 +237,13 @@
 console [ttyS0] enabled
 bootconsole [earlycon0] disabled
 bootconsole [earlycon0] disabled
-[drm] Initialized
-54280000.hdmi supply hdmi not found, using dummy regulator
+tegra-hdmi 54280000.hdmi: 54280000.hdmi supply hdmi not found, using dummy regulator
 [drm] Supports vblank timestamp caching Rev 2 (21.10.2013).
 [drm] No driver support for vblank timestamp query.
 [drm] Cannot find any crtc or sizes - going 1024x768
 Console: switching to colour frame buffer device 128x48
 drm drm: fb0:  frame buffer device
-[drm] Initialized tegra 0.0.0 20120330 on minor 0
+[drm] Initialized tegra 0.0.0 20120330 for drm on minor 0
 loop: module loaded
 m25p80 spi32766.0: found s25fl008k, expected w25q80bl
 m25p80 spi32766.0: s25fl008k (1024 Kbytes)
@@ -284,7 +284,6 @@
 cdc_acm: USB Abstract Control Model driver for USB modems and ISDN adapters
 usbcore: registered new interface driver cdc_wdm
 usbcore: registered new interface driver usb-storage
-mousedev: PS/2 mouse device common for all mice
 rtc-em3027 2-0056: rtc core: registered rtc-em3027 as rtc0
 tegra_rtc 7000e000.rtc: rtc core: registered 7000e000.rtc as rtc1
 tegra_rtc 7000e000.rtc: Tegra internal Real Time Clock
@@ -313,11 +312,13 @@
 tlv320aic23-codec 2-001a: ASoC: no dapm match for MICIN --> NULL --> Mic Input
 tlv320aic23-codec 2-001a: ASoC: Failed to add route MICIN -> NULL -> Mic Input
 tegra-snd-trimslice sound: tlv320aic23-hifi <-> 70002800.i2s mapping ok
-usb 1-1: new high-speed USB device number 2 using tegra-ehci
 NET: Registered protocol family 10
 mmc0: host does not support reading read-only switch, assuming write-enable
+usb 1-1: new high-speed USB device number 2 using tegra-ehci
 mmc0: new high speed SDHC card at address b368
 mmcblk0: mmc0:b368 NCard 3.70 GiB 
+ mmcblk0: p1
+mmc1: new high speed SD card at address b368
 Segment Routing with IPv6
 mip6: Mobile IPv6
 sit: IPv6, IPv4 and MPLS over IPv4 tunneling driver
@@ -336,23 +337,21 @@
 Bluetooth: HIDP socket layer initialized
 Key type dns_resolver registered
 Registering SWP/SWPB emulation handler
- mmcblk0: p1
 utmi_phy_clk_enable: timeout waiting for phy to stabilize
 tegra-ehci c5000000.usb: EHCI Host Controller
 tegra-ehci c5000000.usb: new USB bus registered, assigned bus number 2
-mmc1: new high speed SD card at address b368
+tegra-ehci c5000000.usb: irq 288, io mem 0xc5000000
 mmcblk1: mmc1:b368 NCard 1.83 GiB (ro)
  mmcblk1: p1 p2
-tegra-ehci c5000000.usb: irq 288, io mem 0xc5000000
 tegra-ehci c5000000.usb: USB 2.0 started, EHCI 1.00
 hub 2-0:1.0: USB hub found
 hub 2-0:1.0: 1 port detected
 input: gpio-keys as /devices/soc0/gpio-keys/input/input0
-hub 1-1:1.0: USB hub found
-hub 1-1:1.0: 4 ports detected
-rtc-em3027 2-0056: setting system clock to 2000-11-01 00:00:16 UTC (973036816)
+rtc-em3027 2-0056: hctosys: unable to read the hardware clock
 ALSA device list:
   #0: tegra-trimslice
+hub 1-1:1.0: USB hub found
+hub 1-1:1.0: 4 ports detected
 EXT4-fs (mmcblk0p1): mounting ext3 file system using the ext4 subsystem
 usb 1-1.2: new high-speed USB device number 3 using tegra-ehci
 random: fast init done
Diff for ./tegra210-p2371-0000/tegra210-p2371-0000/defconfig_log.txt
--- /tmp/fooa	2017-03-05 13:45:13.699698178 -0800
+++ /tmp/foob	2017-03-05 13:45:13.699698178 -0800
@@ -64,17 +64,17 @@
 Loading and Validation of Secure OS Successful
 NvTbootPackSdramParams: start. 
 NvTbootPackSdramParams: done. 
-Tegraboot started after 722225 us
-Basic modules init took 348881 us
+Tegraboot started after 802084 us
+Basic modules init took 348506 us
 Sec Bootdevice Read Time = 202 ms, Read Size = 8459 KB
-Next stage binary read took 14384 us
-Carveout took 252728 us
-CPU initialization took 92322 us
-Total time taken by TegraBoot 708315 us
+Next stage binary read took 14368 us
+Carveout took 252793 us
+CPU initialization took 92304 us
+Total time taken by TegraBoot 707971 us
 
 Starting CPU & Halting co-processor 
 
-64b[0001.562] LPDDR4 Training: Number of tables = 10
+64b[0001.639] LPDDR4 Training: Number of tables = 10
 EMC Training (SRC-freq: 204000; DST-freq: 408000)
 EMC Training Successful
 EMC Training (SRC-freq: 204000; DST-freq: 665600)
@@ -104,11 +104,11 @@
 Err:   serial
 Net:   Net Initialization Skipped
 No ethernet found.
-Hit any key to stop autoboot:  2  0 
+Hit any key to stop autoboot:  2  1  0 
 Tegra210 (P2371-0000) # 
 Tegra210 (P2371-0000) # ums 0 mmc 0
 UMS: disk start sector: 0x0, count: 0x1d5a000
-|/-\|/-\/-\|/-\/-\|/-\/-\|/-\/-\|/-\/-\|/-\/-\|/-\/-\|/-\/-\|/-\/-\|/-\/-\|/-\/-\CTRL+C - Operation aborted
+|/-\|/-\/-\|/-\/-\|/-\/-\|/-\/-\|/-\/-\|/-\/-\|/-\/-\|/-\/-\|CTRL+C - Operation aborted
 Tegra210 (P2371-0000) # 
 Tegra210 (P2371-0000) # env set fdt_copy_node_names /cpus:/psci
 Tegra210 (P2371-0000) # setenv rootpart 1
@@ -117,11 +117,11 @@
 Tegra210 (P2371-0000) # part uuid ${devtype} ${devnum}:${rootpart} uuid
 Tegra210 (P2371-0000) # setenv bootargs ignore_loglevel console=ttyS0,115200n8 earlycon=uart8250,mmio32,0x70006000 rw root=PARTUUID=00000000-0001-0000-788f-a75600000000 rootwait debug earlyprintk init=/bin/bash
 Tegra210 (P2371-0000) # load ${devtype} ${devnum}:${rootpart} ${kernel_addr_r} /boot/Image.defconfig
-14993920 bytes read in 794 ms (18 MiB/s)
+15337984 bytes read in 803 ms (18.2 MiB/s)
 Tegra210 (P2371-0000) # load ${devtype} ${devnum}:${rootpart} ${fdt_addr_r} /boot/tegra210-p2371-0000.dtb
-44882 bytes read in 453 ms (96.7 KiB/s)
+44882 bytes read in 460 ms (94.7 KiB/s)
 Tegra210 (P2371-0000) # load ${devtype} ${devnum}:${rootpart} ${ramdisk_addr_r} /boot/tegra-ramdisk.img
-1627787 bytes read in 500 ms (3.1 MiB/s)
+1627787 bytes read in 495 ms (3.1 MiB/s)
 Tegra210 (P2371-0000) # ramdisk_size=${filesize}
 Tegra210 (P2371-0000) # booti ${kernel_addr_r} - ${fdt_addr_r}
 ## Flattened Device Tree blob at 82000000
@@ -131,7 +131,7 @@
 Starting kernel ...
 
 Booting Linux on physical CPU 0x0
-Linux version 4.10.0-167705-gc470abd (pwalmsley@tamien) (gcc version 4.9.2 20140904 (prerelease) (crosstool-NG linaro-1.13.1-4.9-2014.09 - Linaro GCC 4.9-2014.09) ) #1 SMP PREEMPT Sun Feb 19 15:07:18 PST 2017
+Linux version 4.11.0-rc1-179452-gc1ae3cf (pwalmsley@tamien) (gcc version 4.9.2 20140904 (prerelease) (crosstool-NG linaro-1.13.1-4.9-2014.09 - Linaro GCC 4.9-2014.09) ) #1 SMP PREEMPT Sun Mar 5 13:40:14 PST 2017
 Boot CPU: AArch64 Processor [411fd071]
 debug: ignoring loglevel setting.
 earlycon: uart8250 at MMIO32 0x0000000070006000 (options '')
@@ -139,6 +139,20 @@
 efi: Getting EFI parameters from FDT:
 efi: UEFI not found.
 cma: Reserved 16 MiB at 0x00000000fe000000
+NUMA: No NUMA configuration found
+NUMA: Faking a node at [mem 0x0000000000000000-0x000000013fffffff]
+NUMA: Adding memblock [0x80000000 - 0xff1fffff] on node 0
+NUMA: Adding memblock [0x100000000 - 0x13fffffff] on node 0
+NUMA: Initmem setup node 0 [mem 0x80000000-0x13fffffff]
+NUMA: NODE_DATA [mem 0x13ffad200-0x13ffaecff]
+Zone ranges:
+  DMA      [mem 0x0000000080000000-0x00000000ffffffff]
+  Normal   [mem 0x0000000100000000-0x000000013fffffff]
+Movable zone start for each node
+Early memory node ranges
+  node   0: [mem 0x0000000080000000-0x00000000ff1fffff]
+  node   0: [mem 0x0000000100000000-0x000000013fffffff]
+Initmem setup node 0 [mem 0x0000000080000000-0x000000013fffffff]
 On node 0 totalpages: 782848
   DMA zone: 8192 pages used for memmap
   DMA zone: 0 pages reserved
@@ -149,27 +163,26 @@
 psci: PSCIv0.2 detected in firmware.
 psci: Using standard PSCI v0.2 function IDs
 psci: MIGRATE_INFO_TYPE not supported.
-percpu: Embedded 21 pages/cpu @ffff8000bff57000 s48128 r8192 d29696 u86016
-pcpu-alloc: s48128 r8192 d29696 u86016 alloc=21*4096
+percpu: Embedded 23 pages/cpu @ffff8000bff4e000 s56832 r8192 d29184 u94208
+pcpu-alloc: s56832 r8192 d29184 u94208 alloc=23*4096
 pcpu-alloc: [0] 0 [0] 1 [0] 2 [0] 3 
 Detected PIPT I-cache on CPU0
 CPU features: enabling workaround for ARM erratum 832075
 CPU features: enabling workaround for ARM erratum 834220
-Built 1 zonelists in Zone order, mobility grouping on.  Total pages: 770560
+Built 1 zonelists in Node order, mobility grouping on.  Total pages: 770560
+Policy zone: Normal
 Kernel command line: ignore_loglevel console=ttyS0,115200n8 earlycon=uart8250,mmio32,0x70006000 rw root=PARTUUID=00000000-0001-0000-788f-a75600000000 rootwait debug earlyprintk init=/bin/bash
 PID hash table entries: 4096 (order: 3, 32768 bytes)
-Dentry cache hash table entries: 524288 (order: 10, 4194304 bytes)
-Inode-cache hash table entries: 262144 (order: 9, 2097152 bytes)
 software IO TLB [mem 0xfa000000-0xfe000000] (64MB) mapped at [ffff80007a000000-ffff80007dffffff]
-Memory: 2977948K/3131392K available (8508K kernel code, 946K rwdata, 4108K rodata, 1024K init, 393K bss, 137060K reserved, 16384K cma-reserved)
+Memory: 2983716K/3131392K available (8700K kernel code, 962K rwdata, 4200K rodata, 1088K init, 395K bss, 131292K reserved, 16384K cma-reserved)
 Virtual kernel memory layout:
     modules : 0xffff000000000000 - 0xffff000008000000   (   128 MB)
     vmalloc : 0xffff000008000000 - 0xffff7dffbfff0000   (129022 GB)
-      .text : 0xffff000008080000 - 0xffff0000088d0000   (  8512 KB)
-    .rodata : 0xffff0000088d0000 - 0xffff000008ce0000   (  4160 KB)
-      .init : 0xffff000008ce0000 - 0xffff000008de0000   (  1024 KB)
-      .data : 0xffff000008de0000 - 0xffff000008ecca00   (   947 KB)
-       .bss : 0xffff000008ecca00 - 0xffff000008f2ee50   (   394 KB)
+      .text : 0xffff000008080000 - 0xffff000008900000   (  8704 KB)
+    .rodata : 0xffff000008900000 - 0xffff000008d20000   (  4224 KB)
+      .init : 0xffff000008d20000 - 0xffff000008e30000   (  1088 KB)
+      .data : 0xffff000008e30000 - 0xffff000008f20a00   (   963 KB)
+       .bss : 0xffff000008f20a00 - 0xffff000008f83738   (   396 KB)
     fixed   : 0xffff7dfffe7fd000 - 0xffff7dfffec00000   (  4108 KB)
     PCI I/O : 0xffff7dfffee00000 - 0xffff7dffffe00000   (    16 MB)
     vmemmap : 0xffff7e0000000000 - 0xffff800000000000   (  2048 GB maximum)
@@ -196,6 +209,8 @@
 Calibrating delay loop (skipped), value calculated using timer frequency.. 38.40 BogoMIPS (lpj=76800)
 pid_max: default: 32768 minimum: 301
 Security Framework initialized
+Dentry cache hash table entries: 524288 (order: 10, 4194304 bytes)
+Inode-cache hash table entries: 262144 (order: 9, 2097152 bytes)
 Mount-cache hash table entries: 8192 (order: 4, 65536 bytes)
 Mountpoint-cache hash table entries: 8192 (order: 4, 65536 bytes)
 ASID allocator initialised with 65536 entries
@@ -221,7 +236,7 @@
 pinctrl core: initialized pinctrl subsystem
 NET: Registered protocol family 16
 cpuidle: using governor menu
-vdso: 2 pages (1 code @ ffff0000088d7000, 1 data @ ffff000008de5000)
+vdso: 2 pages (1 code @ ffff000008907000, 1 data @ ffff000008e35000)
 hw-breakpoint: found 6 breakpoint and 4 watchpoint registers.
 DMA: preallocated 256 KiB pool for atomic allocations
 Serial: AMBA PL011 UART driver
@@ -255,15 +270,15 @@
 RPC: Registered tcp NFSv4.1 backchannel transport module.
 PCI: CLS 0 bytes, default 128
 kvm [1]: 8-bit VMID
-kvm [1]: IDMAP page: 808b8000
+kvm [1]: IDMAP page: 808ee000
 kvm [1]: HYP VA range: 800000000000:ffffffffffff
 kvm [1]: Hyp mode initialized successfully
 kvm [1]: vgic-v2@50044000
 kvm [1]: vgic interrupt IRQ1
 kvm [1]: virtual timer IRQ4
 audit: initializing netlink subsys (disabled)
-audit: type=2000 audit(0.551:1): initialized
-workingset: timestamp_bits=46 max_order=20 bucket_order=0
+audit: type=2000 audit(0.535:1): state=initialized audit_enabled=0 res=1
+workingset: timestamp_bits=44 max_order=20 bucket_order=0
 squashfs: version 4.0 (2009/01/31) Phillip Lougher
 NFS: Registering the id_resolver key type
 Key type id_resolver registered
@@ -273,6 +288,7 @@
 Block layer SCSI generic (bsg) driver version 0.4 loaded (major 247)
 io scheduler noop registered
 io scheduler cfq registered (default)
+io scheduler mq-deadline registered
 tegra-apbdma 60020000.dma: Tegra20 APB DMA driver register 32 channels
 tegra-pmc 7000e400.pmc: i2c-thermtrip node not found, emergency thermal reset disabled.
 xenfs: not registering filesystem on non-xen platform
@@ -309,7 +325,6 @@
 ohci-platform: OHCI generic platform driver
 ohci-exynos: OHCI EXYNOS driver
 usbcore: registered new interface driver usb-storage
-mousedev: PS/2 mouse device common for all mice
 tegra_rtc 7000e000.rtc: rtc core: registered 7000e000.rtc as rtc1
 tegra_rtc 7000e000.rtc: Tegra internal Real Time Clock
 i2c /dev entries driver
@@ -340,8 +355,8 @@
 EXT4-fs (mmcblk0p1): mounted filesystem with ordered data mode. Opts: (null)
 VFS: Mounted root (ext4 filesystem) on device 179:1.
 devtmpfs: mounted
-Freeing unused kernel memory: 1024K
+Freeing unused kernel memory: 1088K
 bash: cannot set terminal process group (-1): Inappropriate ioctl for device
-bash: no job contr[    1.358473] random: fast init done
+bash: no job contr[    1.361598] random: fast init done
 ol in this shell
 root@(none):/# 
\ No newline at end of file
Diff for ./tegra210-smaug/tegra210-smaug/defconfig_log.txt
--- /tmp/fooa	2017-03-05 13:45:13.707698210 -0800
+++ /tmp/foob	2017-03-05 13:45:13.707698210 -0800
@@ -1,104 +1,41 @@
-
-Boot CPU: AArch64 Processor [411fd071]
-efi: Getting EFI parameters from FDT:
-efi: UEFI not found.
-cma: Reserved 16 MiB at 0x00000000f5400000
-earlycon: uart0 at MMIO 0x0000000070006000 (options '115200n8')
-bootconsole [uart0] enabled
-psci: probing for conduit method from DT.
-psci: PSCIv1.0 detected in firmware.
-psci: Using standard PSCI v0.2 function IDs
-psci: MIGRATE_INFO_UP_CPU reported invalid physical ID (0x80000000)
-percpu: Embedded 21 pages/cpu @ffff8000bff4b000 s48128 r8192 d29696 u86016
-Detected PIPT I-cache on CPU0
-CPU features: enabling workaround for ARM erratum 832075
-CPU features: enabling workaround for ARM erratum 834220
-Built 1 zonelists in Zone order, mobility grouping on.  Total pages: 735336
-Kernel command line: cros_secure vpr=0x08000000@0xf6800000 earlycon
-PID hash table entries: 4096 (order: 3, 32768 bytes)
-Dentry cache hash table entries: 524288 (order: 10, 4194304 bytes)
-Inode-cache hash table entries: 262144 (order: 9, 2097152 bytes)
-software IO TLB [mem 0xf1400000-0xf5400000] (64MB) mapped at [ffff800071400000-ffff8000753fffff]
-Memory: 2832132K/2988032K available (8508K kernel code, 946K rwdata, 4108K rodata, 1024K init, 393K bss, 139516K reserved, 16384K cma-reserved)
-Virtual kernel memory layout:
-    modules : 0xffff000000000000 - 0xffff000008000000   (   128 MB)
-    vmalloc : 0xffff000008000000 - 0xffff7dffbfff0000   (129022 GB)
-      .text : 0xffff000008080000 - 0xffff0000088d0000   (  8512 KB)
-    .rodata : 0xffff0000088d0000 - 0xffff000008ce0000   (  4160 KB)
-      .init : 0xffff000008ce0000 - 0xffff000008de0000   (  1024 KB)
-      .data : 0xffff000008de0000 - 0xffff000008ecca00   (   947 KB)
-       .bss : 0xffff000008ecca00 - 0xffff000008f2ee50   (   394 KB)
-    fixed   : 0xffff7dfffe7fd000 - 0xffff7dfffec00000   (  4108 KB)
-    PCI I/O : 0xffff7dfffee00000 - 0xffff7dffffe00000   (    16 MB)
-    vmemmap : 0xffff7e0000000000 - 0xffff800000000000   (  2048 GB maximum)
-              0xffff7e0000000000 - 0xffff7e0003000000   (    48 MB actual)
-    memory  : 0xffff800000000000 - 0xffff8000c0000000   (  3072 MB)
-SLUB: HWalign=64, Order=0-3, MinObjects=0, CPUs=4, Nodes=1
-Preemptible hierarchical RCU implementation.
-	Build-time adjustment of leaf fanout to 64.
-	RCU restricting CPUs from NR_CPUS=64 to nr_cpu_ids=4.
-RCU: Adjusting geometry for rcu_fanout_leaf=64, nr_cpu_ids=4
-NR_IRQS:64 nr_irqs:64 0
-GIC: Using split EOI/Deactivate mode
-/interrupt-controller@60004000: 192 interrupts forwarded to /interrupt-controller@50041000
-boot misc0 0x0: expected 0x80000
- (comparison mask = 0x400ffffb)
-boot misc2 0x1f720005: expected 0x1f720f05
- (comparison mask = 0xffffff17)
