
U-Boot SPL 2013.04-rc2-06423-gf2e8a87-dirty (May 15 2013 - 09:45:39)


U-Boot 2013.04-rc2-06423-gf2e8a87-dirty (May 15 2013 - 09:45:39)

TEGRA30
Board: NVIDIA Beaver
DRAM:  2 GiB
MMC:   Tegra SD/MMC: 0, Tegra SD/MMC: 1
*** Warning - bad CRC, using default environment

In:    serial
Out:   serial
Err:   serial
Hit any key to stop autoboot:  2  0 
Tegra30 (Beaver) # 
Tegra30 (Beaver) # setenv bootargs 'console=ttyS0,230400n8 noinitrd root=/dev/mmcblk0p1 rw rootwait gpt ignore_loglevel debug'
Tegra30 (Beaver) # loady 0x81000000
## Ready for binary (ymodem) download to 0x81000000 at 230400 bps...
CSending: zImage
Sending: 

Transfer complete
yzModem - CRC mode, 3(SOH)/3565(STX)/0(CAN) packets, 3 retries
## Total Size      = 0x0037b468 = 3650664 Bytes
Tegra30 (Beaver) # loady 0x82000000
## Ready for binary (ymodem) download to 0x82000000 at 230400 bps...
CSending: tegra30-beaver.dtb
Sending: 

Transfer complete
xyzModem - CRC mode, 6(SOH)/20(STX)/0(CAN) packets, 3 retries
## Total Size      = 0x000051b8 = 20920 Bytes
Tegra30 (Beaver) # bootz 0x81000000 - 0x82000000
## Flattened Device Tree blob at 82000000
   Booting using the fdt blob at 0x82000000
   Loading Device Tree to 8fff7000, end 8ffff1b7 ... OK

Starting kernel ...

[    0.000000] Booting Linux on physical CPU 0x0
[    0.000000] Linux version 3.13.0-rc7-37446-gd6e0a2d (pwalmsley@kaivo) (gcc version 4.6.3 (Ubuntu/Linaro 4.6.3-1ubuntu5) ) #1 SMP Sat Jan 4 15:32:26 PST 2014
[    0.000000] CPU: ARMv7 Processor [412fc099] revision 9 (ARMv7), cr=10c5387d
[    0.000000] CPU: PIPT / VIPT nonaliasing data cache, VIPT aliasing instruction cache
[    0.000000] Machine model: NVIDIA Tegra30 Beaver evaluation board
[    0.000000] debug: ignoring loglevel setting.
[    0.000000] Memory policy: Data cache writealloc
[    0.000000] On node 0 totalpages: 524032
[    0.000000] free_area_init_node: node 0, pgdat c0752700, node_mem_map c079b000
[    0.000000]   DMA zone: 1520 pages used for memmap
[    0.000000]   DMA zone: 0 pages reserved
[    0.000000]   DMA zone: 194560 pages, LIFO batch:31
[    0.000000]   HighMem zone: 2574 pages used for memmap
[    0.000000]   HighMem zone: 329472 pages, LIFO batch:31
[    0.000000] fuse_speedo_calib: ATE prog ver 3.3
[    0.000000] Tegra30: CPU Speedo ID 5, Soc Speedo ID 2
[    0.000000] Tegra Revision: A03 SKU: 128 CPU Process: 4 Core Process: 0
[    0.000000] L310 cache controller enabled
[    0.000000] l2x0: 8 ways, CACHE_ID 0x410000c7, AUX_CTRL 0x7e480001, Cache size: 1024 kB
[    0.000000] PERCPU: Embedded 5 pages/cpu @c17ae000 s6976 r0 d13504 u32768
[    0.000000] pcpu-alloc: s6976 r0 d13504 u32768 alloc=8*4096
[    0.000000] pcpu-alloc: [0] 0 [0] 1 [0] 2 [0] 3 
[    0.000000] Built 1 zonelists in Zone order, mobility grouping on.  Total pages: 522512
[    0.000000] Kernel command line: console=ttyS0,230400n8 noinitrd root=/dev/mmcblk0p1 rw rootwait gpt ignore_loglevel debug
[    0.000000] PID hash table entries: 4096 (order: 2, 16384 bytes)
[    0.000000] Dentry cache hash table entries: 131072 (order: 7, 524288 bytes)
[    0.000000] Inode-cache hash table entries: 65536 (order: 6, 262144 bytes)
[    0.000000] Memory: 2070960K/2096128K available (4980K kernel code, 589K rwdata, 1420K rodata, 474K init, 284K bss, 25168K reserved, 1317888K highmem)
[    0.000000] Virtual kernel memory layout:
[    0.000000]     vector  : 0xffff0000 - 0xffff1000   (   4 kB)
[    0.000000]     fixmap  : 0xfff00000 - 0xfffe0000   ( 896 kB)
[    0.000000]     vmalloc : 0xf0000000 - 0xff000000   ( 240 MB)
[    0.000000]     lowmem  : 0xc0000000 - 0xef800000   ( 760 MB)
[    0.000000]     pkmap   : 0xbfe00000 - 0xc0000000   (   2 MB)
[    0.000000]       .text : 0xc0008000 - 0xc06482ec   (6401 kB)
[    0.000000]       .init : 0xc0649000 - 0xc06bfb40   ( 475 kB)
[    0.000000]       .data : 0xc06c0000 - 0xc0753500   ( 590 kB)
[    0.000000]        .bss : 0xc0753508 - 0xc079a80c   ( 285 kB)
[    0.000000] SLUB: HWalign=64, Order=0-3, MinObjects=0, CPUs=4, Nodes=1
[    0.000000] Hierarchical RCU implementation.
[    0.000000] NR_IRQS:16 nr_irqs:16 16
[    0.000000] sched_clock: 32 bits at 1000kHz, resolution 1000ns, wraps every 2147483648000ns
[    0.000000] Console: colour dummy device 80x30
[    0.000562] Calibrating delay loop... 2793.47 BogoMIPS (lpj=13967360)
[    0.059935] pid_max: default: 32768 minimum: 301
[    0.060048] Mount-cache hash table entries: 512
[    0.062465] CPU: Testing write buffer coherency: ok
[    0.062758] CPU0: thread -1, cpu 0, socket 0, mpidr 80000000
[    0.062802] Setting up static identity map for 0x804b6e58 - 0x804b6ef0
[    0.062915] unable to find compatible sirf rstc node in dtb
[    0.064324] CPU1: Booted secondary processor
[    0.119975] CPU1: thread -1, cpu 1, socket 0, mpidr 80000001
[    0.120839] CPU2: Booted secondary processor
[    0.179975] CPU2: thread -1, cpu 2, socket 0, mpidr 80000002
[    0.180823] CPU3: Booted secondary processor
[    0.239975] CPU3: thread -1, cpu 3, socket 0, mpidr 80000003
[    0.240039] Brought up 4 CPUs
[    0.240056] SMP: Total of 4 processors activated.
[    0.240062] CPU: All CPU(s) started in SVC mode.
[    0.240630] devtmpfs: initialized
[    0.243043] VFP support v0.3: implementor 41 architecture 3 part 30 variant 9 rev 4
[    0.243207] pinctrl core: initialized pinctrl subsystem
[    0.243443] regulator-dummy: no parameters
[    0.243706] NET: Registered protocol family 16
[    0.245173] DMA: preallocated 256 KiB pool for atomic coherent allocations
[    0.252838] Serial: AMBA PL011 UART driver
[    0.255666] bio: create slab <bio-0> at 0
[    0.256534] edma-dma-engine edma-dma-engine.0: Can't allocate PaRAM dummy slot
[    0.256551] edma-dma-engine: probe of edma-dma-engine.0 failed with error -5
[    0.256805] vdd_5v_in: 5000 mV 
[    0.256867] platform 1.regulator: Driver reg-fixed-voltage requests probe deferral
[    0.256895] platform 2.regulator: Driver reg-fixed-voltage requests probe deferral
[    0.256968] vdd_5v_sata: 5000 mV 
[    0.256988] vdd_5v_sata: supplied by vdd_5v_in
[    0.257105] usb1_vbus: 5000 mV 
[    0.257122] usb1_vbus: supplied by vdd_5v_in
[    0.257251] usb3_vbus: 5000 mV 
[    0.257270] usb3_vbus: supplied by vdd_5v_in
[    0.257337] platform 6.regulator: Driver reg-fixed-voltage requests probe deferral
[    0.257407] sys_3v3_pexs: 3300 mV 
[    0.257427] reg-fixed-voltage 7.regulator: Failed to find supply vin
[    0.257474] reg-fixed-voltage 7.regulator: Failed to register regulator: -517
[    0.257483] platform 7.regulator: Driver reg-fixed-voltage requests probe deferral
[    0.258319] SCSI subsystem initialized
[    0.258433] libata version 3.00 loaded.
[    0.258547] usbcore: registered new interface driver usbfs
[    0.258570] usbcore: registered new interface driver hub
[    0.258627] usbcore: registered new device driver usb
[    0.261094] tps62361-vout: 500 <--> 1500 mV at 1160 mV 
[    0.261257] pps_core: LinuxPPS API ver. 1 registered
[    0.261262] pps_core: Software ver. 5.3.6 - Copyright 2005-2007 Rodolfo Giometti <giometti@linux.it>
[    0.261274] PTP clock support registered
[    0.261305] EDAC MC: Ver: 3.0.0
[    0.261927] Switched to clocksource timer_us
[    0.266786] NET: Registered protocol family 2
[    0.267160] TCP established hash table entries: 8192 (order: 3, 32768 bytes)
[    0.267211] TCP bind hash table entries: 8192 (order: 4, 65536 bytes)
[    0.267293] TCP: Hash tables configured (established 8192 bind 8192)
[    0.267382] TCP: reno registered
[    0.267395] UDP hash table entries: 512 (order: 2, 16384 bytes)
[    0.267456] UDP-Lite hash table entries: 512 (order: 2, 16384 bytes)
[    0.267693] NET: Registered protocol family 1
[    0.267898] RPC: Registered named UNIX socket transport module.
[    0.267904] RPC: Registered udp transport module.
[    0.267907] RPC: Registered tcp transport module.
[    0.267911] RPC: Registered tcp NFSv4.1 backchannel transport module.
[    0.269644] bounce pool size: 64 pages
[    0.274026] NFS: Registering the id_resolver key type
[    0.274074] Key type id_resolver registered
[    0.274079] Key type id_legacy registered
[    0.274223] Block layer SCSI generic (bsg) driver version 0.4 loaded (major 251)
[    0.274232] io scheduler noop registered
[    0.274236] io scheduler deadline registered
[    0.274320] io scheduler cfq registered (default)
[    0.276886] tegra-apbdma 6000a000.dma: Tegra20 APB DMA driver register 32 channels
[    0.306654] Serial: 8250/16550 driver, 4 ports, IRQ sharing disabled
[    0.307450] Serial: IMX driver
[    0.308062] 70006000.serial: ttyS0 at MMIO 0x70006000 (irq = 68, base_baud = 25500000) is a Tegra
[    0.635720] console [ttyS0] enabled
[    0.638074] serial: Freescale lpuart driver
[    0.640364] [drm] Initialized drm 1.1.0 20060810
[    0.643238] tegra-hdmi 54280000.hdmi: failed to get VDD regulator
[    0.646304] platform 54280000.hdmi: Driver tegra-hdmi requests probe deferral
[    0.652439] ehci_hcd: USB 2.0 'Enhanced' Host Controller (EHCI) Driver
[    0.655715] ehci-platform: EHCI generic platform driver
[    0.658392] ehci-omap: OMAP-EHCI Host Controller driver
[    0.661057] ehci-orion: EHCI orion driver
[    0.663125] SPEAr-ehci: EHCI SPEAr driver
[    0.665181] tegra-ehci: Tegra EHCI driver
[    0.667307] platform 7d008000.usb: Driver tegra-ehci requests probe deferral
[    0.670989] usbcore: registered new interface driver usb-storage
[    0.675796] mousedev: PS/2 mouse device common for all mice
[    0.679026] tegra_rtc 7000e000.rtc: rtc core: registered 7000e000.rtc as rtc0
[    0.682630] tegra_rtc 7000e000.rtc: Tegra internal Real Time Clock
[    0.686152] sdhci: Secure Digital Host Controller Interface driver
[    0.689251] sdhci: Copyright(c) Pierre Ossman
[    0.691649] sdhci-pltfm: SDHCI platform and OF driver helper
[    0.694844] sdhci-tegra 78000000.sdhci: Got CD GPIO #69.
[    0.697521] sdhci-tegra 78000000.sdhci: Got WP GPIO #155.
[    0.701263] sdhci-tegra 78000000.sdhci: dummy supplies not allowed
[    0.704372] mmc0: no vqmmc regulator found
[    0.706430] sdhci-tegra 78000000.sdhci: dummy supplies not allowed
[    0.709528] mmc0: no vmmc regulator found
[    0.711538] mmc0: Invalid maximum block size, assuming 512 bytes
[    0.751936] mmc0: SDHCI controller on 78000000.sdhci [78000000.sdhci] using ADMA
[    0.756700] sdhci-tegra 78000600.sdhci: dummy supplies not allowed
[    0.759800] mmc1: no vqmmc regulator found
[    0.761856] sdhci-tegra 78000600.sdhci: dummy supplies not allowed
[    0.764966] mmc1: no vmmc regulator found
[    0.766977] mmc1: Invalid maximum block size, assuming 512 bytes
[    0.811933] mmc1: SDHCI controller on 78000600.sdhci [78000600.sdhci] using ADMA
[    0.815972] usbcore: registered new interface driver usbhid
[    0.818765] usbhid: USB HID core driver
[    0.820863] TCP: cubic registered
[    0.822852] NET: Registered protocol family 10
[    0.825537] sit: IPv6 over IPv4 tunneling driver
[    0.828273] Key type dns_resolver registered
[    0.830519] Registering SWP/SWPB emulation handler
[    0.834790] platform 1.regulator: Driver reg-fixed-voltage requests probe deferral
[    0.838860] platform 2.regulator: Driver reg-fixed-voltage requests probe deferral
[    0.842825] platform 6.regulator: Driver reg-fixed-voltage requests probe deferral
[    0.846828] sys_3v3_pexs: 3300 mV 
[    0.848566] reg-fixed-voltage 7.regulator: Failed to find supply vin
[    0.851795] reg-fixed-voltage 7.regulator: Failed to register regulator: -517
[    0.855388] platform 7.regulator: Driver reg-fixed-voltage requests probe deferral
[    0.859394] tegra-hdmi 54280000.hdmi: failed to get VDD regulator
[    0.862466] platform 54280000.hdmi: Driver tegra-hdmi requests probe deferral
[    0.869136] utmi_phy_clk_enable: timeout waiting for phy to stabilize
[    0.872379] tegra-ehci 7d008000.usb: EHCI Host Controller
[    0.875101] tegra-ehci 7d008000.usb: new USB bus registered, assigned bus number 1
[    0.879026] tegra-ehci 7d008000.usb: irq 129, io mem 0x7d008000
[    0.901938] tegra-ehci 7d008000.usb: USB 2.0 started, EHCI 1.00
[    0.905324] hub 1-0:1.0: USB hub found
[    0.907228] hub 1-0:1.0: 1 port detected
[    0.909547] platform 1.regulator: Driver reg-fixed-voltage requests probe deferral
[    0.913527] platform 2.regulator: Driver reg-fixed-voltage requests probe deferral
[    0.917460] platform 6.regulator: Driver reg-fixed-voltage requests probe deferral
[    0.921451] sys_3v3_pexs: 3300 mV 
[    0.923194] reg-fixed-voltage 7.regulator: Failed to find supply vin
[    0.926420] reg-fixed-voltage 7.regulator: Failed to register regulator: -517
[    0.930003] platform 7.regulator: Driver reg-fixed-voltage requests probe deferral
[    0.934004] tegra-hdmi 54280000.hdmi: failed to get VDD regulator
[    0.937065] platform 54280000.hdmi: Driver tegra-hdmi requests probe deferral
[    0.940840] tegra_rtc 7000e000.rtc: setting system clock to 1970-01-01 00:03:10 UTC (190)
[    0.945500] Waiting for root device /dev/mmcblk0p1...
[    0.950275] mmc1: new high speed MMC card at address 0001
[    0.953232] isa bounce pool size: 16 pages
[    0.955374] mmcblk0: mmc1:0001 SEM16G 14.8 GiB 
[    0.957769] mmcblk0boot0: mmc1:0001 SEM16G partition 1 1.00 MiB
[    0.960846] mmcblk0boot1: mmc1:0001 SEM16G partition 2 1.00 MiB
[    0.963941] mmcblk0rpmb: mmc1:0001 SEM16G partition 3 128 KiB
[    0.970699] Primary GPT is invalid, using alternate GPT.
[    0.973392]  mmcblk0: p1 p2 p3 p4 p5
[    0.978745]  mmcblk0boot1: unknown partition table
[    0.983942]  mmcblk0boot0: unknown partition table
[    0.986577] platform 1.regulator: Driver reg-fixed-voltage requests probe deferral
[    0.990597] platform 2.regulator: Driver reg-fixed-voltage requests probe deferral
[    0.994555] platform 6.regulator: Driver reg-fixed-voltage requests probe deferral
[    0.998543] sys_3v3_pexs: 3300 mV 
[    1.000281] reg-fixed-voltage 7.regulator: Failed to find supply vin
[    1.003527] reg-fixed-voltage 7.regulator: Failed to register regulator: -517
[    1.007111] platform 7.regulator: Driver reg-fixed-voltage requests probe deferral
[    1.011112] tegra-hdmi 54280000.hdmi: failed to get VDD regulator
[    1.014182] platform 54280000.hdmi: Driver tegra-hdmi requests probe deferral
[    1.053813] EXT4-fs (mmcblk0p1): mounting ext3 file system using the ext4 subsystem
[    1.201019] EXT4-fs (mmcblk0p1): recovery complete
[    1.204979] EXT4-fs (mmcblk0p1): mounted filesystem with ordered data mode. Opts: (null)
[    1.209080] VFS: Mounted root (ext3 filesystem) on device 179:1.
[    1.216999] devtmpfs: mounted
[    1.218863] Freeing unused kernel memory: 472K (c0649000 - c06bf000)
 
INIT: version 2.88 booting
[info] Using makefile-style concurrent boot in runlevel S.
[....] Starting the hotplug events dispatcher: udevd[    2.119432] udevd[158]: starting version 175
[ ok .
[....] Synthesizing the initial hotplug events...[ ok done.
[....] Waiting for /dev to be fully populated...[ ok done.
[....] Activating swap...[ ok done.
[    3.154627] EXT4-fs (mmcblk0p1): re-mounted. Opts: (null)
[....] Cleaning up temporary files... /tmp[ ok .
[....] Activating lvm and md swap...[ ok done.
[....] Checking file systems...fsck from util-linux 2.20.1
[ ok done.
[....] Mounting local filesystems...[ ok done.
[....] Activating swapfile swap...[ ok done.
[....] Cleaning up temporary files...[ ok .
[    4.664382] random: nonblocking pool is initialized
[....] Setting kernel variables ...[ ok done.
[....] Configuring network interfaces...[ ok done.
[....] Starting rpcbind daemon...[ ok .
[....] Starting NFS common utilities: statd idmapd[ ok .
[....] Cleaning up temporary files...[ ok .
[....] Starting network benchmark server[ ok .
INIT: Entering runlevel: 2
[info] Using makefile-style concurrent boot in runlevel 2.
[....] Starting network benchmark server[FAIL failed!
[....] Starting rpcbind daemon...[....] Already running.[ ok .
[....] Starting NFS common utilities: statd idmapd[ ok .
[....] Starting system message bus: dbus[ ok .

Debian GNU/Linux wheezy/sid armel ttyS0

armel login: 