
U-Boot SPL 2014.01-00219-gc4d376f (Feb 18 2014 - 19:57:18)


U-Boot 2014.01-00219-gc4d376f (Feb 18 2014 - 19:57:18)

TEGRA30
Board: NVIDIA Beaver
I2C:   ready
DRAM:  2 GiB
MMC:   Tegra SD/MMC: 0, Tegra SD/MMC: 1
In:    serial
Out:   serial
Err:   serial
Net:   Net Initialization Skipped
No ethernet found.
Hit any key to stop autoboot:  2  0 
Tegra30 (Beaver) # 
Tegra30 (Beaver) # usb reset
(Re)start USB...
USB0:   USB EHCI 1.00
scanning bus 0 for devices... 2 USB Device(s) found
       scanning usb for storage devices... 0 Storage Device(s) found
       scanning usb for ethernet devices... 
Warning: asx0 using MAC address from net device
1 Ethernet Device(s) found
Tegra30 (Beaver) # setenv bootargs 'ignore_loglevel console=ttyS0,115200n8 rw root=/dev/mmcblk0p1 rootwait gpt debug noinitrd earlyprintk init=/bin/bash'
Tegra30 (Beaver) # setenv ipaddr 192.168.100.101; setenv serverip 192.168.100.1; setenv tftpserverip 192.168.100.1
Tegra30 (Beaver) # tftpboot 0x81000000 zImage.multi_v7_defconfig
Using asx0 device
TFTP from server 192.168.100.1; our IP address is 192.168.100.101
Filename 'zImage.multi_v7_defconfig'.
Load address: 0x81000000
Loading: *#################################################################
	 #################################################################
	 #################################################################
	 #################################################################
	 #################################################################
	 #################################################################
	 #################################################################
	 #######
	 3.3 MiB/s
done
Bytes transferred = 6775528 (6762e8 hex)
Tegra30 (Beaver) # tftpboot 0x82000000 tegra30-beaver.dtb
Using asx0 device
TFTP from server 192.168.100.1; our IP address is 192.168.100.101
Filename 'tegra30-beaver.dtb'.
Load address: 0x82000000
Loading: *####
	 3.3 MiB/s
done
Bytes transferred = 51467 (c90b hex)
Tegra30 (Beaver) # bootz 0x81000000 - 0x82000000
Kernel image @ 0x81000000 [ 0x000000 - 0x6762e8 ]
## Flattened Device Tree blob at 82000000
   Booting using the fdt blob at 0x82000000
   Loading Device Tree to 8fff0000, end 8ffff90a ... OK

Starting kernel ...

[    0.000000] Booting Linux on physical CPU 0x0
[    0.000000] Linux version 4.5.0-rc1-66887-g92e963f (pwalmsley@sellafield) (gcc version 4.7.3 20130328 (prerelease) (crosstool-NG linaro-1.13.1-4.7-2013.04-20130415 - Linaro GCC 2013.04) ) #1 SMP Thu Jan 28 03:33:07 PST 2016
[    0.000000] CPU: ARMv7 Processor [412fc099] revision 9 (ARMv7), cr=10c5387d
[    0.000000] CPU: PIPT / VIPT nonaliasing data cache, VIPT aliasing instruction cache
[    0.000000] Machine model: NVIDIA Tegra30 Beaver evaluation board
[    0.000000] debug: ignoring loglevel setting.
[    0.000000] cma: Reserved 64 MiB at 0xfb800000
[    0.000000] Memory policy: Data cache writealloc
[    0.000000] On node 0 totalpages: 524032
[    0.000000] free_area_init_node: node 0, pgdat c106c440, node_mem_map eeff8000
[    0.000000]   DMA zone: 1536 pages used for memmap
[    0.000000]   DMA zone: 0 pages reserved
[    0.000000]   DMA zone: 196608 pages, LIFO batch:31
[    0.000000]   HighMem zone: 327424 pages, LIFO batch:31
[    0.000000] PERCPU: Embedded 12 pages/cpu @eef93000 s18880 r8192 d22080 u49152
[    0.000000] pcpu-alloc: s18880 r8192 d22080 u49152 alloc=12*4096
[    0.000000] pcpu-alloc: [0] 0 [0] 1 [0] 2 [0] 3 
[    0.000000] Built 1 zonelists in Zone order, mobility grouping on.  Total pages: 522496
[    0.000000] Kernel command line: ignore_loglevel console=ttyS0,115200n8 rw root=/dev/mmcblk0p1 rootwait gpt debug noinitrd earlyprintk init=/bin/bash
[    0.000000] PID hash table entries: 4096 (order: 2, 16384 bytes)
[    0.000000] Dentry cache hash table entries: 131072 (order: 7, 524288 bytes)
[    0.000000] Inode-cache hash table entries: 65536 (order: 6, 262144 bytes)
[    0.000000] Memory: 1997828K/2096128K available (8491K kernel code, 1112K rwdata, 4040K rodata, 1096K init, 345K bss, 32764K reserved, 65536K cma-reserved, 1244160K highmem)
[    0.000000] Virtual kernel memory layout:
[    0.000000]     vector  : 0xffff0000 - 0xffff1000   (   4 kB)
[    0.000000]     fixmap  : 0xffc00000 - 0xfff00000   (3072 kB)
[    0.000000]     vmalloc : 0xf0800000 - 0xff800000   ( 240 MB)
[    0.000000]     lowmem  : 0xc0000000 - 0xf0000000   ( 768 MB)
[    0.000000]     pkmap   : 0xbfe00000 - 0xc0000000   (   2 MB)
[    0.000000]     modules : 0xbf000000 - 0xbfe00000   (  14 MB)
[    0.000000]       .text : 0xc0208000 - 0xc0e45cc8   (12536 kB)
[    0.000000]       .init : 0xc0e46000 - 0xc0f58000   (1096 kB)
[    0.000000]       .data : 0xc0f58000 - 0xc106e3c0   (1113 kB)
[    0.000000]        .bss : 0xc1071000 - 0xc10c75a0   ( 346 kB)
[    0.000000] SLUB: HWalign=64, Order=0-3, MinObjects=0, CPUs=4, Nodes=1
[    0.000000] Hierarchical RCU implementation.
[    0.000000] 	Build-time adjustment of leaf fanout to 32.
[    0.000000] 	RCU restricting CPUs from NR_CPUS=16 to nr_cpu_ids=4.
[    0.000000] RCU: Adjusting geometry for rcu_fanout_leaf=32, nr_cpu_ids=4
[    0.000000] NR_IRQS:16 nr_irqs:16 16
[    0.000000] /interrupt-controller@60004000: 160 interrupts forwarded to /interrupt-controller@50041000
[    0.000000] L2C: platform modifies aux control register: 0x02080000 -> 0x3e480001
[    0.000000] L2C: DT/platform modifies aux control register: 0x02080000 -> 0x3e480001
[    0.000000] L2C-310 erratum 769419 enabled
[    0.000000] L2C-310 enabling early BRESP for Cortex-A9
[    0.000000] L2C-310: enabling full line of zeros but not enabled in Cortex-A9
[    0.000000] L2C-310 dynamic clock gating enabled, standby mode enabled
[    0.000000] L2C-310 cache controller enabled, 8 ways, 1024 kB
[    0.000000] L2C-310: CACHE_ID 0x410000c7, AUX_CTRL 0x4e480001
[    0.000015] sched_clock: 32 bits at 1000kHz, resolution 1000ns, wraps every 2147483647500ns
[    0.000033] clocksource: timer_us: mask: 0xffffffff max_cycles: 0xffffffff, max_idle_ns: 1911260446275 ns
[    0.000042] Switching to timer-based delay loop, resolution 1000ns
[    0.002822] Console: colour dummy device 80x30
[    0.002846] Calibrating delay loop (skipped), value calculated using timer frequency.. 2.00 BogoMIPS (lpj=5000)
[    0.002855] pid_max: default: 32768 minimum: 301
[    0.002940] Mount-cache hash table entries: 2048 (order: 1, 8192 bytes)
[    0.002948] Mountpoint-cache hash table entries: 2048 (order: 1, 8192 bytes)
[    0.003371] CPU: Testing write buffer coherency: ok
[    0.003658] CPU0: thread -1, cpu 0, socket 0, mpidr 80000000
[    0.003729] Setting up static identity map for 0x80209000 - 0x80209098
[    0.006018] Tegra Revision: A03 SKU: 128 CPU Process: 4 SoC Process: 0
[    0.007246] CPU1: thread -1, cpu 1, socket 0, mpidr 80000001
[    0.007888] CPU2: thread -1, cpu 2, socket 0, mpidr 80000002
[    0.008524] CPU3: thread -1, cpu 3, socket 0, mpidr 80000003
[    0.008563] Brought up 4 CPUs
[    0.008575] SMP: Total of 4 processors activated (8.00 BogoMIPS).
[    0.008580] CPU: All CPU(s) started in SVC mode.
[    0.009152] devtmpfs: initialized
[    0.017266] VFP support v0.3: implementor 41 architecture 3 part 30 variant 9 rev 4
[    0.017938] clocksource: jiffies: mask: 0xffffffff max_cycles: 0xffffffff, max_idle_ns: 9556302231375000 ns
[    0.021472] pinctrl core: initialized pinctrl subsystem
[    0.022994] NET: Registered protocol family 16
[    0.025221] DMA: preallocated 256 KiB pool for atomic coherent allocations
[    0.039932] cpuidle: using governor menu
[    0.048325] No ATAGs?
[    0.048358] hw-breakpoint: found 5 (+1 reserved) breakpoint and 1 watchpoint registers.
[    0.048365] hw-breakpoint: maximum watchpoint size is 4 bytes.
[    0.051605] Serial: AMBA PL011 UART driver
[    0.052778] tegra-mc 7000f000.memory-controller: no memory timings for RAM code 3 registered
[    0.072958] vdd_5v_sata: Failed to request enable GPIO30: -517
[    0.073028] reg-fixed-voltage regulators:regulator@3: Failed to register regulator: -517
[    0.073138] usb1_vbus: Failed to request enable GPIO238: -517
[    0.073188] reg-fixed-voltage regulators:regulator@4: Failed to register regulator: -517
[    0.073293] usb3_vbus: Failed to request enable GPIO236: -517
[    0.073343] reg-fixed-voltage regulators:regulator@5: Failed to register regulator: -517
[    0.073496] sys_3v3_pexs: Failed to request enable GPIO95: -517
[    0.073546] reg-fixed-voltage regulators:regulator@7: Failed to register regulator: -517
[    0.075655] vgaarb: loaded
[    0.076271] SCSI subsystem initialized
[    0.076391] libata version 3.00 loaded.
[    0.076576] usbcore: registered new interface driver usbfs
[    0.076620] usbcore: registered new interface driver hub
[    0.076654] usbcore: registered new device driver usb
[    0.131730] pps_core: LinuxPPS API ver. 1 registered
[    0.131738] pps_core: Software ver. 5.3.6 - Copyright 2005-2007 Rodolfo Giometti <giometti@linux.it>
[    0.131754] PTP clock support registered
[    0.131908] EDAC MC: Ver: 3.0.0
[    0.133484] clocksource: Switched to clocksource timer_us
[    0.139417] NET: Registered protocol family 2
[    0.139819] TCP established hash table entries: 8192 (order: 3, 32768 bytes)
[    0.139874] TCP bind hash table entries: 8192 (order: 4, 65536 bytes)
[    0.139956] TCP: Hash tables configured (established 8192 bind 8192)
[    0.140040] UDP hash table entries: 512 (order: 2, 16384 bytes)
[    0.140101] UDP-Lite hash table entries: 512 (order: 2, 16384 bytes)
[    0.140293] NET: Registered protocol family 1
[    0.140567] RPC: Registered named UNIX socket transport module.
[    0.140574] RPC: Registered udp transport module.
[    0.140578] RPC: Registered tcp transport module.
[    0.140583] RPC: Registered tcp NFSv4.1 backchannel transport module.
[    0.140601] PCI: CLS 0 bytes, default 64
[    0.141369] hw perfevents: enabled with armv7_cortex_a9 PMU driver, 7 counters available
[    0.142302] futex hash table entries: 1024 (order: 4, 65536 bytes)
[    0.148321] squashfs: version 4.0 (2009/01/31) Phillip Lougher
[    0.148835] NFS: Registering the id_resolver key type
[    0.148874] Key type id_resolver registered
[    0.148879] Key type id_legacy registered
[    0.148925] ntfs: driver 2.1.32 [Flags: R/O].
[    0.149741] bounce: pool size: 64 pages
[    0.149861] Block layer SCSI generic (bsg) driver version 0.4 loaded (major 249)
[    0.149874] io scheduler noop registered
[    0.149882] io scheduler deadline registered
[    0.149903] io scheduler cfq registered (default)
[    0.155232] tegra30-pinctrl 70000868.pinmux: invalid group "sdmmc3_dat6_pd3" for function "rsvd1"
[    0.155246] tegra30-pinctrl 70000868.pinmux: invalid group "sdmmc3_dat7_pd4" for function "rsvd1"
[    0.155260] tegra30-pinctrl 70000868.pinmux: invalid group "vi_vsync_pd6" for function "rsvd1"
[    0.155269] tegra30-pinctrl 70000868.pinmux: invalid group "vi_hsync_pd7" for function "rsvd1"
[    0.155723] tegra30-pinctrl 70000868.pinmux: invalid group "hdmi_int_pn7" for function "rsvd1"
[    0.155766] tegra30-pinctrl 70000868.pinmux: invalid group "ulpi_data3_po4" for function "rsvd1"
[    0.156087] tegra30-pinctrl 70000868.pinmux: invalid group "vi_d10_pt2" for function "rsvd1"
[    0.156099] tegra30-pinctrl 70000868.pinmux: invalid group "vi_d11_pt3" for function "rsvd1"
[    0.156111] tegra30-pinctrl 70000868.pinmux: invalid group "vi_d0_pt4" for function "rsvd1"
[    0.156151] tegra30-pinctrl 70000868.pinmux: invalid group "pu0" for function "rsvd1"
[    0.156180] tegra30-pinctrl 70000868.pinmux: invalid group "pu3" for function "rsvd1"
[    0.156210] tegra30-pinctrl 70000868.pinmux: invalid group "pu6" for function "rsvd1"
[    0.156249] tegra30-pinctrl 70000868.pinmux: invalid group "pv3" for function "rsvd1"
[    0.156730] tegra30-pinctrl 70000868.pinmux: invalid group "pbb0" for function "rsvd1"
[    0.156840] tegra30-pinctrl 70000868.pinmux: invalid group "pcc1" for function "rsvd1"
[    0.162049] tegra-pcie 3000.pcie-controller: 2x3 configuration
[    0.162163] vdd_1v5_gen: supplied by vdd_5v_in
[    0.162207] vdd_pexa,vdd_pexb: supplied by vdd_1v5_gen
[    0.162305] tegra-pcie 3000.pcie-controller: Failed to get supply 'hvdd-pex': -517
[    0.166258] tegra-apbdma 6000a000.dma: Tegra20 APB DMA driver register 32 channels
[    0.167257] tegra-pmc 7000e400.pmc: i2c-thermtrip node not found, emergency thermal reset disabled.
[    0.199588] Serial: 8250/16550 driver, 4 ports, IRQ sharing disabled
[    0.201722] console [ttyS0] disabled
[    0.201758] 70006000.serial: ttyS0 at MMIO 0x70006000 (irq = 331, base_baud = 25500000) is a Tegra
[    1.116291] console [ttyS0] enabled
[    1.120284] SuperH (H)SCI(F) driver initialized
[    1.125401] msm_serial: driver initialized
[    1.129614] STMicroelectronics ASC driver initialized
[    1.136314] [drm] Initialized drm 1.1.0 20060810
[    1.142231] tegra-hdmi 54280000.hdmi: failed to get HDMI regulator
[    1.156109] brd: module loaded
[    1.162982] loop: module loaded
[    1.171067] m25p80 spi32766.1: w25q32 (4096 Kbytes)
[    1.177877] libphy: Fixed MDIO Bus: probed
[    1.182419] CAN device driver interface
[    1.187399] igb: Intel(R) Gigabit Ethernet Network Driver - version 5.3.0-k
[    1.194353] igb: Copyright (c) 2007-2014 Intel Corporation.
[    1.201699] pegasus: v0.9.3 (2013/04/25), Pegasus/Pegasus II USB Ethernet driver
[    1.209139] usbcore: registered new interface driver pegasus
[    1.214828] usbcore: registered new interface driver asix
[    1.220253] usbcore: registered new interface driver ax88179_178a
[    1.226366] usbcore: registered new interface driver cdc_ether
[    1.232227] usbcore: registered new interface driver smsc75xx
[    1.238010] usbcore: registered new interface driver smsc95xx
[    1.243778] usbcore: registered new interface driver net1080
[    1.249456] usbcore: registered new interface driver cdc_subset
[    1.255394] usbcore: registered new interface driver zaurus
[    1.261020] usbcore: registered new interface driver cdc_ncm
[    1.268044] ehci_hcd: USB 2.0 'Enhanced' Host Controller (EHCI) Driver
[    1.274573] ehci-pci: EHCI PCI platform driver
[    1.279040] ehci-platform: EHCI generic platform driver
[    1.284395] ehci-omap: OMAP-EHCI Host Controller driver
[    1.289695] ehci-orion: EHCI orion driver
[    1.293780] SPEAr-ehci: EHCI SPEAr driver
[    1.297854] ehci-st: EHCI STMicroelectronics driver
[    1.302805] ehci-exynos: EHCI EXYNOS driver
[    1.307077] ehci-atmel: EHCI Atmel driver
[    1.311161] tegra-ehci: Tegra EHCI driver
[    1.315495] ohci_hcd: USB 1.1 'Open' Host Controller (OHCI) Driver
[    1.321682] ohci-pci: OHCI PCI platform driver
[    1.326154] ohci-platform: OHCI generic platform driver
[    1.331478] ohci-omap3: OHCI OMAP3 driver
[    1.335563] SPEAr-ohci: OHCI SPEAr driver
[    1.339648] ohci-st: OHCI STMicroelectronics driver
[    1.344606] ohci-atmel: OHCI Atmel driver
[    1.348941] usbcore: registered new interface driver usb-storage
[    1.355893] mousedev: PS/2 mouse device common for all mice
[    1.363539] tegra_rtc 7000e000.rtc: rtc core: registered 7000e000.rtc as rtc1
[    1.370705] tegra_rtc 7000e000.rtc: Tegra internal Real Time Clock
[    1.389397] tps65910-rtc tps65910-rtc: rtc core: registered tps65910-rtc as rtc0
[    1.396988] i2c /dev entries driver
[    1.406946] sdhci: Secure Digital Host Controller Interface driver
[    1.413129] sdhci: Copyright(c) Pierre Ossman
[    1.418415] Synopsys Designware Multimedia Card Interface Driver
[    1.425064] sdhci-pltfm: SDHCI platform and OF driver helper
[    1.431257] sdhci-tegra 78000000.sdhci: Got CD GPIO
[    1.436144] sdhci-tegra 78000000.sdhci: Got WP GPIO
[    1.442167] mmc0: Invalid maximum block size, assuming 512 bytes
[    1.483564] mmc0: SDHCI controller on 78000000.sdhci [78000000.sdhci] using ADMA
[    1.494196] mmc1: Invalid maximum block size, assuming 512 bytes
[    1.533493] mmc1: SDHCI controller on 78000600.sdhci [78000600.sdhci] using ADMA
[    1.542066] ledtrig-cpu: registered to indicate activity on CPUs
[    1.548208] usbcore: registered new interface driver usbhid
[    1.553775] usbhid: USB HID core driver
[    1.560554] NET: Registered protocol family 10
[    1.565587] sit: IPv6 over IPv4 tunneling driver
[    1.572680] NET: Registered protocol family 17
[    1.577136] can: controller area network core (rev 20120528 abi 9)
[    1.583355] NET: Registered protocol family 29
[    1.587801] can: raw protocol (rev 20120528)
[    1.592069] can: broadcast manager protocol (rev 20120528 t)
[    1.597726] can: netlink gateway (rev 20130117) max_hops=1
[    1.603503] Key type dns_resolver registered
[    1.608165] ThumbEE CPU extension supported.
[    1.612450] Registering SWP/SWPB emulation handler
[    1.654978] tegra-pcie 3000.pcie-controller: 2x3 configuration
[    1.660983] sys_3v3,vdd_3v3_alw: supplied by vdd_5v_in
[    1.666147] sys_3v3_pexs: supplied by sys_3v3,vdd_3v3_alw
[    1.676076] tegra-pcie 3000.pcie-controller: probing port 0, using 2 lanes
[    1.695876] mmc1: new high speed MMC card at address 0001
[    1.702407] mmcblk0: mmc1:0001 SEM16G 14.8 GiB 
[    1.708259] mmcblk0boot0: mmc1:0001 SEM16G partition 1 1.00 MiB
[    1.715103] mmcblk0boot1: mmc1:0001 SEM16G partition 2 1.00 MiB
[    1.721939] mmcblk0rpmb: mmc1:0001 SEM16G partition 3 128 KiB
[    1.730806] Primary GPT is invalid, using alternate GPT.
[    1.736125]  mmcblk0: p1 p2 p3 p4 p5
[    1.741251] tegra-pcie 3000.pcie-controller: probing port 2, using 2 lanes
[    2.151956] tegra-pcie 3000.pcie-controller: link 2 down, retrying
[    2.561957] tegra-pcie 3000.pcie-controller: link 2 down, retrying
[    2.971954] tegra-pcie 3000.pcie-controller: link 2 down, retrying
[    2.980140] tegra-pcie 3000.pcie-controller: link 2 down, ignoring
[    2.986443] tegra-pcie 3000.pcie-controller: PCI host bridge to bus 0000:00
[    2.993403] pci_bus 0000:00: root bus resource [mem 0x20000000-0x27ffffff]
[    3.000269] pci_bus 0000:00: root bus resource [mem 0x28000000-0x3fffffff pref]
[    3.007569] pci_bus 0000:00: root bus resource [bus 00-ff]
[    3.013045] pci_bus 0000:00: root bus resource [io  0x1000-0xffff]
[    3.019239] pci 0000:00:01.0: [10de:0e1c] type 01 class 0x060400
[    3.025299] pci 0000:00:01.0: PME# supported from D0 D1 D2 D3hot D3cold
[    3.032069] PCI: bus0: Fast back to back transfers disabled
[    3.037638] pci 0000:00:01.0: bridge configuration invalid ([bus 00-00]), reconfiguring
[    3.045734] pci 0000:01:00.0: [10ec:8168] type 00 class 0x020000
[    3.051750] pci 0000:01:00.0: reg 0x10: [io  0x0000-0x00ff]
[    3.057329] pci 0000:01:00.0: reg 0x18: [mem 0x00000000-0x00000fff 64bit pref]
[    3.064549] pci 0000:01:00.0: reg 0x20: [mem 0x00000000-0x00003fff 64bit pref]
[    3.071832] pci 0000:01:00.0: supports D1 D2
[    3.076098] pci 0000:01:00.0: PME# supported from D0 D1 D2 D3hot D3cold
[    3.088508] PCI: bus1: Fast back to back transfers disabled
[    3.094078] pci_bus 0000:01: busn_res: [bus 01-ff] end is updated to 01
[    3.100745] pci 0000:00:01.0: BAR 9: assigned [mem 0x28000000-0x280fffff 64bit pref]
[    3.108480] pci 0000:00:01.0: BAR 7: assigned [io  0x1000-0x1fff]
[    3.114569] pci 0000:01:00.0: BAR 4: assigned [mem 0x28000000-0x28003fff 64bit pref]
[    3.122311] pci 0000:01:00.0: BAR 2: assigned [mem 0x28004000-0x28004fff 64bit pref]
[    3.130051] pci 0000:01:00.0: BAR 0: assigned [io  0x1000-0x10ff]
[    3.136138] pci 0000:00:01.0: PCI bridge to [bus 01]
[    3.141096] pci 0000:00:01.0:   bridge window [io  0x1000-0x1fff]
[    3.147181] pci 0000:00:01.0:   bridge window [mem 0x28000000-0x280fffff 64bit pref]
[    3.154925] pci 0000:00:01.0: nv_msi_ht_cap_quirk didn't locate host bridge
[    3.161979] pcieport 0000:00:01.0: enabling device (0140 -> 0143)
[    3.168218] pcieport 0000:00:01.0: Signaling PME through PCIe PME interrupt
[    3.175176] pci 0000:01:00.0: Signaling PME through PCIe PME interrupt
[    3.181695] pcie_pme 0000:00:01.0:pcie01: service driver pcie_pme loaded
[    3.188556] r8169 Gigabit Ethernet driver 2.3LK-NAPI loaded
[    3.194139] r8169 0000:01:00.0: enabling device (0140 -> 0143)
[    3.200855] r8169 0000:01:00.0 eth0: RTL8168evl/8111evl at 0xf09f2000, 02:04:4b:01:60:a6, XID 0c900800 IRQ 375
[    3.210852] r8169 0000:01:00.0 eth0: jumbo features [frames: 9200 bytes, tx checksumming: ko]
[    3.220299] +VDD_5V_HDMI: supplied by sys_3v3,vdd_3v3_alw
[    3.225820] vdd_1v8_gen: supplied by vdd_5v_in
[    3.233226] [drm] Supports vblank timestamp caching Rev 2 (21.10.2013).
[    3.239841] [drm] No driver support for vblank timestamp query.
[    3.245777] drm drm: No connectors reported connected with modes
[    3.251782] [drm] Cannot find any crtc or sizes - going 1024x768
[    3.279959] Console: switching to colour frame buffer device 128x48
[    3.292895] drm drm: fb0:  frame buffer device
[    3.308878] [drm] Initialized tegra 0.0.0 20120330 on minor 0
[    3.317580] usb3_vbus: supplied by vdd_5v_in
[    3.324053] utmi_phy_clk_enable: timeout waiting for phy to stabilize
[    3.330512] tegra-ehci 7d004000.usb: EHCI Host Controller
[    3.335919] tegra-ehci 7d004000.usb: new USB bus registered, assigned bus number 1
[    3.343934] ------------[ cut here ]------------
[    3.348554] WARNING: CPU: 1 PID: 6 at kernel/workqueue.c:2361 check_flush_dependency+0xc8/0x124()
[    3.357429] workqueue: WQ_MEM_RECLAIM deferwq:deferred_probe_work_func is flushing !WQ_MEM_RECLAIM events:lru_add_drain_per_cpu
[    3.368704] Modules linked in:
[    3.371932] CPU: 1 PID: 6 Comm: kworker/u8:0 Not tainted 4.5.0-rc1-66887-g92e963f #1
[    3.379653] Hardware name: NVIDIA Tegra SoC (Flattened Device Tree)
[    3.385904] Workqueue: deferwq deferred_probe_work_func
[    3.391150] [<c02188b0>] (unwind_backtrace) from [<c0213f90>] (show_stack+0x10/0x14)
[    3.398885] [<c0213f90>] (show_stack) from [<c04882ac>] (dump_stack+0x78/0x94)
[    3.406102] [<c04882ac>] (dump_stack) from [<c024ab38>] (warn_slowpath_common+0x74/0xb0)
[    3.414176] [<c024ab38>] (warn_slowpath_common) from [<c024ac08>] (warn_slowpath_fmt+0x30/0x40)
[    3.422856] [<c024ac08>] (warn_slowpath_fmt) from [<c025dc20>] (check_flush_dependency+0xc8/0x124)
[    3.431795] [<c025dc20>] (check_flush_dependency) from [<c025dd34>] (flush_work+0x54/0x144)
[    3.440129] [<c025dd34>] (flush_work) from [<c02da1d8>] (lru_add_drain_all+0x124/0x180)
[    3.448120] [<c02da1d8>] (lru_add_drain_all) from [<c030bca0>] (migrate_prep+0x8/0x10)
[    3.456021] [<c030bca0>] (migrate_prep) from [<c02d51f0>] (alloc_contig_range+0xc4/0x2f8)
[    3.464182] [<c02d51f0>] (alloc_contig_range) from [<c030d5cc>] (cma_alloc+0xd8/0x1a0)
[    3.472083] [<c030d5cc>] (cma_alloc) from [<c021e39c>] (__alloc_from_contiguous+0x38/0xdc)
[    3.480331] [<c021e39c>] (__alloc_from_contiguous) from [<c021ff8c>] (__dma_alloc+0x21c/0x250)
[    3.488923] [<c021ff8c>] (__dma_alloc) from [<c0220044>] (arm_dma_alloc+0x48/0x54)
[    3.496482] [<c0220044>] (arm_dma_alloc) from [<c03061f0>] (dma_pool_alloc+0x1dc/0x210)
[    3.504482] [<c03061f0>] (dma_pool_alloc) from [<c07c6694>] (ehci_qh_alloc+0x3c/0xb4)
[    3.512299] [<c07c6694>] (ehci_qh_alloc) from [<c07cac8c>] (ehci_setup+0x154/0x478)
[    3.519939] [<c07cac8c>] (ehci_setup) from [<c07d0d44>] (tegra_ehci_reset+0xc/0x50)
[    3.527586] [<c07d0d44>] (tegra_ehci_reset) from [<c07a1108>] (usb_add_hcd+0x300/0x830)
[    3.535573] [<c07a1108>] (usb_add_hcd) from [<c07d06bc>] (tegra_ehci_probe+0x3b8/0x504)
[    3.543564] [<c07d06bc>] (tegra_ehci_probe) from [<c0658814>] (platform_drv_probe+0x50/0xac)
[    3.551985] [<c0658814>] (platform_drv_probe) from [<c0657180>] (driver_probe_device+0x1f4/0x2b0)
[    3.560838] [<c0657180>] (driver_probe_device) from [<c0655710>] (bus_for_each_drv+0x44/0x8c)
[    3.569343] [<c0655710>] (bus_for_each_drv) from [<c0656f04>] (__device_attach+0x9c/0x100)
[    3.577588] [<c0656f04>] (__device_attach) from [<c0656590>] (bus_probe_device+0x84/0x8c)
[    3.585746] [<c0656590>] (bus_probe_device) from [<c06569c4>] (deferred_probe_work_func+0x60/0x8c)
[    3.594686] [<c06569c4>] (deferred_probe_work_func) from [<c025eb7c>] (process_one_work+0x134/0x338)
[    3.603798] [<c025eb7c>] (process_one_work) from [<c025ede4>] (worker_thread+0x2c/0x4f0)
[    3.611876] [<c025ede4>] (worker_thread) from [<c0263f70>] (kthread+0xd8/0xf4)
[    3.619085] [<c0263f70>] (kthread) from [<c0210e78>] (ret_from_fork+0x14/0x3c)
[    3.626288] ---[ end trace d4ffcf5922812202 ]---
[    3.631162] tegra-ehci 7d004000.usb: irq 343, io mem 0x7d004000
[    3.643885] tegra-ehci 7d004000.usb: USB 2.0 started, EHCI 1.00
[    3.650335] hub 1-0:1.0: USB hub found
[    3.654122] hub 1-0:1.0: 1 port detected
[    3.659115] tegra-ehci 7d008000.usb: EHCI Host Controller
[    3.664527] tegra-ehci 7d008000.usb: new USB bus registered, assigned bus number 2
[    3.672268] tegra-ehci 7d008000.usb: irq 344, io mem 0x7d008000
[    3.683875] tegra-ehci 7d008000.usb: USB 2.0 started, EHCI 1.00
[    3.690243] hub 2-0:1.0: USB hub found
[    3.694012] hub 2-0:1.0: 1 port detected
[    3.702102] tps65910-rtc tps65910-rtc: setting system clock to 2000-01-01 00:00:02 UTC (946684802)
[    3.716080] vdd_sata,avdd_plle: disabling
[    3.720482] usb1_vbus: disabling
[    3.725666] EXT4-fs (mmcblk0p1): mounting ext3 file system using the ext4 subsystem
[    3.776312] EXT4-fs (mmcblk0p1): warning: mounting fs with errors, running e2fsck is recommended
[    3.786543] EXT4-fs (mmcblk0p1): recovery complete
[    3.792521] EXT4-fs (mmcblk0p1): mounted filesystem with ordered data mode. Opts: (null)
[    3.800638] VFS: Mounted root (ext3 filesystem) on device 179:1.
[    3.808502] devtmpfs: mounted
[    3.812439] Freeing unused kernel memory: 1096K (c0e46000 - c0f58000)
bash: cannot set terminal process group (-1): Inappropriate ioctl for device
bash: no job control in this shell
root@(none):/# [    4.003907] usb 2-1: new high-speed USB device number 2 using tegra-ehci
