Diff for ./tegra30-beaver/tegra30-beaver/tegra_defconfig_log.txt
--- /tmp/fooa	2013-08-11 19:33:30.197266957 -0700
+++ /tmp/foob	2013-08-11 19:33:30.201267012 -0700
@@ -22,8 +22,8 @@
 Sending: 
 
 Transfer complete
-yzModem - CRC mode, 2(SOH)/4226(STX)/0(CAN) packets, 3 retries
-## Total Size      = 0x004207e8 = 4327400 Bytes
+xyzModem - CRC mode, 8(SOH)/4225(STX)/0(CAN) packets, 3 retries
+## Total Size      = 0x00420688 = 4327048 Bytes
 Tegra30 (Beaver) # loady 0x82000000
 ## Ready for binary (ymodem) download to 0x82000000 at 230400 bps...
 CSending: tegra30-beaver.dtb
@@ -42,7 +42,7 @@
 Booting Linux on physical CPU 0x0
 Initializing cgroup subsys cpu
 Initializing cgroup subsys cpuacct
-Linux version 3.11.0-rc4-11803-gc095ba7 (pwalmsley@tamien) (gcc version 4.5.1 (Sourcery G++ Lite 2010.09-50) ) #1 SMP PREEMPT Tue Aug 6 09:24:45 PDT 2013
+Linux version 3.11.0-rc5-12024-gd4e4ab8 (pwalmsley@tamien) (gcc version 4.5.1 (Sourcery G++ Lite 2010.09-50) ) #1 SMP PREEMPT Sun Aug 11 18:34:07 PDT 2013
 CPU: ARMv7 Processor [412fc099] revision 9 (ARMv7), cr=10c5387d
 CPU: PIPT / VIPT nonaliasing data cache, VIPT aliasing instruction cache
 Machine: NVIDIA Tegra SoC (Flattened Device Tree), model: NVIDIA Tegra30 Beaver evaluation board
@@ -77,7 +77,7 @@
     lowmem  : 0xc0000000 - 0xef800000   ( 760 MB)
     pkmap   : 0xbfe00000 - 0xc0000000   (   2 MB)
     modules : 0xbf000000 - 0xbfe00000   (  14 MB)
-      .text : 0xc0008000 - 0xc077ae7c   (7628 kB)
+      .text : 0xc0008000 - 0xc077ae84   (7628 kB)
       .init : 0xc077b000 - 0xc07b6500   ( 238 kB)
       .data : 0xc07b8000 - 0xc0802e60   ( 300 kB)
        .bss : 0xc0802e60 - 0xc08586d0   ( 343 kB)
@@ -92,7 +92,7 @@
 Initializing cgroup subsys freezer
 CPU: Testing write buffer coherency: ok
 CPU0: thread -1, cpu 0, socket 0, mpidr 80000000
-Setting up static identity map for 0xc0597040 - 0xc05970d8
+Setting up static identity map for 0xc0597270 - 0xc0597308
 CPU1: Booted secondary processor
 CPU1: thread -1, cpu 1, socket 0, mpidr 80000001
 CPU2: Booted secondary processor
@@ -270,7 +270,7 @@
 sys_3v3,vdd_3v3_alw: supplied by vdd_5v_in
 sys_3v3_pexs: 3300 mV 
 sys_3v3_pexs: supplied by sys_3v3,vdd_3v3_alw
-tegra_rtc 7000e000.rtc: setting system clock to 1970-01-01 00:03:41 UTC (221)
+tegra_rtc 7000e000.rtc: setting system clock to 1970-01-01 00:03:42 UTC (222)
 ALSA device list:
   #0: NVIDIA Tegra Beaver
 kjournald starting.  Commit interval 5 seconds
@@ -283,7 +283,7 @@
  
 INIT: version 2.88 booting
 Using makefile-style concurrent boot in runlevel S.
-Starting the hotplug events dispatcher: udevd[    2.727219] udevd[178]: starting version 175
+Starting the hotplug events dispatcher: udevd[    2.712556] udevd[179]: starting version 175
 [ ok .
 Synthesizing the initial hotplug events...[ ok done.
 Waiting for /dev to be fully populated...[ ok done.
Diff for ./tegra30-beaver/tegra30-beaver/multi_v7_defconfig_log.txt
--- /tmp/fooa	2013-08-11 19:33:30.205267002 -0700
+++ /tmp/foob	2013-08-11 19:33:30.209266980 -0700
@@ -22,8 +22,8 @@
 Sending: 
 
 Transfer complete
-yzModem - CRC mode, 2(SOH)/3872(STX)/0(CAN) packets, 3 retries
-## Total Size      = 0x003c8000 = 3964928 Bytes
+xyzModem - CRC mode, 9(SOH)/3872(STX)/0(CAN) packets, 3 retries
+## Total Size      = 0x003c8348 = 3965768 Bytes
 Tegra30 (Beaver) # loady 0x82000000
 ## Ready for binary (ymodem) download to 0x82000000 at 230400 bps...
 CSending: tegra30-beaver.dtb
@@ -40,7 +40,7 @@
 Starting kernel ...
 
 Booting Linux on physical CPU 0x0
-Linux version 3.11.0-rc4-11803-gc095ba7 (pwalmsley@tamien) (gcc version 4.5.1 (Sourcery G++ Lite 2010.09-50) ) #1 SMP Tue Aug 6 09:27:13 PDT 2013
+Linux version 3.11.0-rc5-12024-gd4e4ab8 (pwalmsley@tamien) (gcc version 4.5.1 (Sourcery G++ Lite 2010.09-50) ) #1 SMP Sun Aug 11 18:37:17 PDT 2013
 CPU: ARMv7 Processor [412fc099] revision 9 (ARMv7), cr=10c5387d
 CPU: PIPT / VIPT nonaliasing data cache, VIPT aliasing instruction cache
 Machine: NVIDIA Tegra SoC (Flattened Device Tree), model: NVIDIA Tegra30 Beaver evaluation board
@@ -87,7 +87,7 @@
 Mount-cache hash table entries: 512
 CPU: Testing write buffer coherency: ok
 CPU0: thread -1, cpu 0, socket 0, mpidr 80000000
-Setting up static identity map for 0xc051c128 - 0xc051c1c0
+Setting up static identity map for 0xc051c398 - 0xc051c430
 unable to find compatible sirf rstc node in dtb
 CPU1: Booted secondary processor
 CPU1: thread -1, cpu 1, socket 0, mpidr 80000001
@@ -209,7 +209,7 @@
 reg-fixed-voltage 7.regulator: Failed to find supply vin
 reg-fixed-voltage 7.regulator: Failed to register regulator: -517
 platform 7.regulator: Driver reg-fixed-voltage requests probe deferral
-tegra_rtc 7000e000.rtc: setting system clock to 1970-01-01 00:03:24 UTC (204)
+tegra_rtc 7000e000.rtc: setting system clock to 1970-01-01 00:03:25 UTC (205)
 Waiting for root device /dev/mmcblk0p1...
 mmc1: new high speed MMC card at address 0001
 mmcblk0: mmc1:0001 SEM16G 14.8 GiB 
@@ -236,7 +236,7 @@
  
 INIT: version 2.88 booting
 Using makefile-style concurrent boot in runlevel S.
-Starting the hotplug events dispatcher: udevd[    2.135130] udevd[159]: starting version 175
+Starting the hotplug events dispatcher: udevd[    2.135765] udevd[159]: starting version 175
 [ ok .
 Synthesizing the initial hotplug events...[ ok done.
 Waiting for /dev to be fully populated...[ ok done.
Diff for ./tegra114-dalmore-headless/tegra114-dalmore/tegra_defconfig_log.txt
--- /tmp/fooa	2013-08-11 19:33:30.217266948 -0700
+++ /tmp/foob	2013-08-11 19:33:30.217266948 -0700
@@ -30,7 +30,7 @@
 Load address: 0x81000000
 Loading: *#################################################  2.8 MiB/s
 done
-Bytes transferred = 4327400 (4207e8 hex)
+Bytes transferred = 4327048 (420688 hex)
 Dalmore #tftpboot 0x82000000 tegra114-dalmore.dtb
 Using asx0 device
 TFTP from server 192.168.100.1; our IP address is 192.168.100.100
@@ -49,15 +49,15 @@
 Timer summary in microseconds:
        Mark    Elapsed  Stage
           0          0  awake
-  3,058,552  3,058,552  usb_start
-  7,061,768  4,003,216  eth_start
-  7,061,766         -2  tftp start
- 10,976,675  3,914,909  tftp done
- 13,073,973  2,097,298  start_kernel
+  3,084,663  3,084,663  usb_start
+  7,087,864  4,003,201  eth_start
+  7,087,861         -3  tftp start
+ 11,002,411  3,914,550  tftp done
+ 13,099,939  2,097,528  start_kernel
 Booting Linux on physical CPU 0x0
 Initializing cgroup subsys cpu
 Initializing cgroup subsys cpuacct
-Linux version 3.11.0-rc4-11803-gc095ba7 (pwalmsley@tamien) (gcc version 4.5.1 (Sourcery G++ Lite 2010.09-50) ) #1 SMP PREEMPT Tue Aug 6 09:24:45 PDT 2013
+Linux version 3.11.0-rc5-12024-gd4e4ab8 (pwalmsley@tamien) (gcc version 4.5.1 (Sourcery G++ Lite 2010.09-50) ) #1 SMP PREEMPT Sun Aug 11 18:34:07 PDT 2013
 CPU: ARMv7 Processor [412fc0f2] revision 2 (ARMv7), cr=10c5387d
 CPU: PIPT / VIPT nonaliasing data cache, PIPT instruction cache
 Machine: NVIDIA Tegra SoC (Flattened Device Tree), model: NVIDIA Tegra114 Dalmore evaluation board
@@ -88,7 +88,7 @@
     lowmem  : 0xc0000000 - 0xef800000   ( 760 MB)
     pkmap   : 0xbfe00000 - 0xc0000000   (   2 MB)
     modules : 0xbf000000 - 0xbfe00000   (  14 MB)
-      .text : 0xc0008000 - 0xc077ae7c   (7628 kB)
+      .text : 0xc0008000 - 0xc077ae84   (7628 kB)
       .init : 0xc077b000 - 0xc07b6500   ( 238 kB)
       .data : 0xc07b8000 - 0xc0802e60   ( 300 kB)
        .bss : 0xc0802e60 - 0xc08586d0   ( 343 kB)
@@ -110,7 +110,7 @@
 /cpus/cpu@2 missing clock-frequency property
 /cpus/cpu@3 missing clock-frequency property
 CPU0: thread -1, cpu 0, socket 0, mpidr 80000000
-Setting up static identity map for 0xc0597040 - 0xc05970d8
+Setting up static identity map for 0xc0597270 - 0xc0597308
 CPU1: Booted secondary processor
 CPU1: thread -1, cpu 1, socket 0, mpidr 80000001
 CPU2: Booted secondary processor
Diff for ./tegra114-dalmore-headless/tegra114-dalmore/multi_v7_defconfig_log.txt
--- /tmp/fooa	2013-08-11 19:33:30.225266956 -0700
+++ /tmp/foob	2013-08-11 19:33:30.229266975 -0700
@@ -11,7 +11,7 @@
 Err:   serial
 Net:   Net Initialization Skipped
 No ethernet found.
-Hit any key to stop autoboot:  2  1  0 
+Hit any key to stop autoboot:  2  0 
 Dalmore #
 Dalmore #usb reset
 (Re)start USB...
@@ -30,7 +30,7 @@
 Load address: 0x81000000
 Loading: *#################################################  2.8 MiB/s
 done
-Bytes transferred = 3964928 (3c8000 hex)
+Bytes transferred = 3965768 (3c8348 hex)
 Dalmore #tftpboot 0x82000000 tegra114-dalmore.dtb
 Using asx0 device
 TFTP from server 192.168.100.1; our IP address is 192.168.100.100
@@ -49,13 +49,13 @@
 Timer summary in microseconds:
        Mark    Elapsed  Stage
           0          0  awake
-  3,102,987  3,102,987  usb_start
-  7,106,482  4,003,495  eth_start
-  7,106,479         -3  tftp start
- 10,885,356  3,778,877  tftp done
- 12,118,935  1,233,579  start_kernel
+  2,325,593  2,325,593  usb_start
+  6,329,150  4,003,557  eth_start
+  6,329,147         -3  tftp start
+ 10,111,337  3,782,190  tftp done
+ 11,341,050  1,229,713  start_kernel
 Booting Linux on physical CPU 0x0
-Linux version 3.11.0-rc4-11803-gc095ba7 (pwalmsley@tamien) (gcc version 4.5.1 (Sourcery G++ Lite 2010.09-50) ) #1 SMP Tue Aug 6 09:27:13 PDT 2013
+Linux version 3.11.0-rc5-12024-gd4e4ab8 (pwalmsley@tamien) (gcc version 4.5.1 (Sourcery G++ Lite 2010.09-50) ) #1 SMP Sun Aug 11 18:37:17 PDT 2013
 CPU: ARMv7 Processor [412fc0f2] revision 2 (ARMv7), cr=10c5387d
 CPU: PIPT / VIPT nonaliasing data cache, PIPT instruction cache
 Machine: NVIDIA Tegra SoC (Flattened Device Tree), model: NVIDIA Tegra114 Dalmore evaluation board
@@ -105,7 +105,7 @@
 /cpus/cpu@2 missing clock-frequency property
 /cpus/cpu@3 missing clock-frequency property
 CPU0: thread -1, cpu 0, socket 0, mpidr 80000000
-Setting up static identity map for 0xc051c128 - 0xc051c1c0
+Setting up static identity map for 0xc051c398 - 0xc051c430
 unable to find compatible sirf rstc node in dtb
 CPU1: Booted secondary processor
 CPU1: thread -1, cpu 1, socket 0, mpidr 80000001
@@ -228,7 +228,7 @@
 reg-fixed-voltage 5.regulator: Failed to register regulator: -517
 mmc1: BKOPS_EN bit is not set
 platform 5.regulator: Driver reg-fixed-voltage requests probe deferral
-tegra_rtc 7000e000.rtc: setting system clock to 1970-01-01 00:00:14 UTC (14)
+tegra_rtc 7000e000.rtc: setting system clock to 1970-01-01 00:00:13 UTC (13)
 Waiting for root device /dev/mmcblk0p1...
 mmc1: new HS200 MMC card at address 0001
 mmcblk0: mmc1:0001 SEM32G 29.1 GiB 
