
U-Boot SPL 2016.05-rc2 (Apr 21 2016 - 16:23:00)
Trying to boot from RAM


U-Boot 2016.05-rc2 (Apr 21 2016 - 16:23:00 -0700)

TEGRA124
Model: NVIDIA Jetson TK1
Board: NVIDIA Jetson TK1
DRAM:  2 GiB
MC:   Tegra SD/MMC: 0, Tegra SD/MMC: 1
In:    serial
Out:   serial
Err:   serial
Net:   No ethernet found.
Hit any key to stop autoboot:  2  0 
Tegra124 (Jetson TK1) # 
Tegra124 (Jetson TK1) # pci enum
Tegra124 (Jetson TK1) # setenv bootargs 'ignore_loglevel console=ttyS0,115200n8 rw root=PARTUUID=b1791faa-84e8-4e27-83a1-9fb0a77e8803 rootwait gpt debug noinitrd earlyprintk init=/bin/bash'
Tegra124 (Jetson TK1) # setenv ipaddr 192.168.100.102; setenv serverip 192.168.100.1; setenv tftpserverip 192.168.100.1
Tegra124 (Jetson TK1) # tftpboot 0x82000000 zImage.multi_v7_defconfig

Warning: eth_rtl8169 using MAC address from ROM
Using eth_rtl8169 device
TFTP from server 192.168.100.1; our IP address is 192.168.100.102
Filename 'zImage.multi_v7_defconfig'.
Load address: 0x82000000
Loading: *#################################################################
	 #################################################################
	 #################################################################
	 #################################################################
	 #################################################################
	 #################################################################
	 #################################################################
	 #################################################################
	 ###########################
	 3.9 MiB/s
done
Bytes transferred = 8020296 (7a6148 hex)
Tegra124 (Jetson TK1) # tftpboot 0x83000000 tegra124-jetson-tk1.dtb
Using eth_rtl8169 device
TFTP from server 192.168.100.1; our IP address is 192.168.100.102
Filename 'tegra124-jetson-tk1.dtb'.
Load address: 0x83000000
Loading: *#####
	 4 MiB/s
done
Bytes transferred = 67161 (10659 hex)
Tegra124 (Jetson TK1) # bootz 0x82000000 - 0x83000000
Kernel image @ 0x82000000 [ 0x000000 - 0x7a6148 ]
## Flattened Device Tree blob at 83000000
   Booting using the fdt blob at 0x83000000
   Using Device Tree in place at 83000000, end 83013658

Starting kernel ...

[    0.000000] Booting Linux on physical CPU 0x0
[    0.000000] Linux version 4.13.0-rc4-186018-gaae4e7a (jonathanh@sellafield) (gcc version 4.7.3 20130328 (prerelease) (crosstool-NG linaro-1.13.1-4.7-2013.04-20130415 - Linaro GCC 2013.04)) #1 SMP Sun Aug 6 19:04:37 PDT 2017
[    0.000000] CPU: ARMv7 Processor [413fc0f3] revision 3 (ARMv7), cr=10c5387d
[    0.000000] CPU: div instructions available: patching division code
[    0.000000] CPU: PIPT / VIPT nonaliasing data cache, PIPT instruction cache
[    0.000000] OF: fdt: Machine model: NVIDIA Tegra124 Jetson TK1
[    0.000000] debug: ignoring loglevel setting.
[    0.000000] Memory policy: Data cache writealloc
[    0.000000] efi: Getting EFI parameters from FDT:
[    0.000000] efi: UEFI not found.
[    0.000000] cma: Reserved 64 MiB at 0xfb800000
[    0.000000] On node 0 totalpages: 524032
[    0.000000] free_area_init_node: node 0, pgdat c157f080, node_mem_map eeff8000
[    0.000000]   DMA zone: 1536 pages used for memmap
[    0.000000]   DMA zone: 0 pages reserved
[    0.000000]   DMA zone: 196608 pages, LIFO batch:31
[    0.000000]   HighMem zone: 327424 pages, LIFO batch:31
[    0.000000] percpu: Embedded 17 pages/cpu @eef81000 s39488 r8192 d21952 u69632
[    0.000000] pcpu-alloc: s39488 r8192 d21952 u69632 alloc=17*4096
[    0.000000] pcpu-alloc: [0] 0 [0] 1 [0] 2 [0] 3 
[    0.000000] Built 1 zonelists in Zone order, mobility grouping on.  Total pages: 522496
[    0.000000] Kernel command line: ignore_loglevel console=ttyS0,115200n8 rw root=PARTUUID=b1791faa-84e8-4e27-83a1-9fb0a77e8803 rootwait gpt debug noinitrd earlyprintk init=/bin/bash
[    0.000000] PID hash table entries: 4096 (order: 2, 16384 bytes)
[    0.000000] Dentry cache hash table entries: 131072 (order: 7, 524288 bytes)
[    0.000000] Inode-cache hash table entries: 65536 (order: 6, 262144 bytes)
[    0.000000] Memory: 1993428K/2096128K available (10240K kernel code, 1563K rwdata, 4452K rodata, 2048K init, 402K bss, 37164K reserved, 65536K cma-reserved, 1244160K highmem)
[    0.000000] Virtual kernel memory layout:
[    0.000000]     vector  : 0xffff0000 - 0xffff1000   (   4 kB)
[    0.000000]     fixmap  : 0xffc00000 - 0xfff00000   (3072 kB)
[    0.000000]     vmalloc : 0xf0800000 - 0xff800000   ( 240 MB)
[    0.000000]     lowmem  : 0xc0000000 - 0xf0000000   ( 768 MB)
[    0.000000]     pkmap   : 0xbfe00000 - 0xc0000000   (   2 MB)
[    0.000000]     modules : 0xbf000000 - 0xbfe00000   (  14 MB)
[    0.000000]       .text : 0xc0208000 - 0xc0d00000   (11232 kB)
[    0.000000]       .init : 0xc1200000 - 0xc1400000   (2048 kB)
[    0.000000]       .data : 0xc1400000 - 0xc1586e68   (1564 kB)
[    0.000000]        .bss : 0xc158fcb0 - 0xc15f46fc   ( 403 kB)
[    0.000000] SLUB: HWalign=64, Order=0-3, MinObjects=0, CPUs=4, Nodes=1
[    0.000000] Hierarchical RCU implementation.
[    0.000000] 	RCU event tracing is enabled.
[    0.000000] 	RCU restricting CPUs from NR_CPUS=16 to nr_cpu_ids=4.
[    0.000000] RCU: Adjusting geometry for rcu_fanout_leaf=16, nr_cpu_ids=4
[    0.000000] NR_IRQS: 16, nr_irqs: 16, preallocated irqs: 16
[    0.000000] /interrupt-controller@60004000: 160 interrupts forwarded to /interrupt-controller@50041000
[    0.000000] Tegra clk 127: register failed with -17
[    0.000009] sched_clock: 32 bits at 1000kHz, resolution 1000ns, wraps every 2147483647500ns
[    0.000029] clocksource: timer_us: mask: 0xffffffff max_cycles: 0xffffffff, max_idle_ns: 1911260446275 ns
[    0.000045] Switching to timer-based delay loop, resolution 1000ns
[    0.005065] arch_timer: cp15 timer(s) running at 12.00MHz (virt).
[    0.005085] clocksource: arch_sys_counter: mask: 0xffffffffffffff max_cycles: 0x2c47f4ee7, max_idle_ns: 440795202497 ns
[    0.005104] sched_clock: 56 bits at 12MHz, resolution 83ns, wraps every 4398046511096ns
[    0.005118] Switching to timer-based delay loop, resolution 83ns
[    0.005599] Console: colour dummy device 80x30
[    0.005629] Calibrating delay loop (skipped), value calculated using timer frequency.. 24.00 BogoMIPS (lpj=120000)
[    0.005647] pid_max: default: 32768 minimum: 301
[    0.005735] Mount-cache hash table entries: 2048 (order: 1, 8192 bytes)
[    0.005751] Mountpoint-cache hash table entries: 2048 (order: 1, 8192 bytes)
[    0.006212] CPU: Testing write buffer coherency: ok
[    0.006461] /cpus/cpu@0 missing clock-frequency property
[    0.006504] /cpus/cpu@1 missing clock-frequency property
[    0.006548] /cpus/cpu@2 missing clock-frequency property
[    0.006593] /cpus/cpu@3 missing clock-frequency property
[    0.006606] CPU0: thread -1, cpu 0, socket 0, mpidr 80000000
[    0.006889] Setting up static identity map for 0x80300000 - 0x803000a0
[    0.008841] Hierarchical SRCU implementation.
[    0.010680] Tegra Revision: A01 SKU: 129 CPU Process: 1 SoC Process: 1
[    0.011432] EFI services will not be available.
[    0.011576] smp: Bringing up secondary CPUs ...
[    0.012111] CPU1: thread -1, cpu 1, socket 0, mpidr 80000001
[    0.015540] CPU2: thread -1, cpu 2, socket 0, mpidr 80000002
[    0.025579] CPU3: thread -1, cpu 3, socket 0, mpidr 80000003
[    0.035045] smp: Brought up 1 node, 4 CPUs
[    0.035067] SMP: Total of 4 processors activated (96.00 BogoMIPS).
[    0.035076] CPU: All CPU(s) started in SVC mode.
[    0.036578] devtmpfs: initialized
[    0.053030] VFP support v0.3: implementor 41 architecture 4 part 30 variant f rev 0
[    0.053440] clocksource: jiffies: mask: 0xffffffff max_cycles: 0xffffffff, max_idle_ns: 19112604462750000 ns
[    0.053459] futex hash table entries: 1024 (order: 4, 65536 bytes)
[    0.054910] pinctrl core: initialized pinctrl subsystem
[    0.056559] DMI not present or invalid.
[    0.056735] random: get_random_u32 called from bucket_table_alloc+0xe8/0x254 with crng_init=0
[    0.056826] NET: Registered protocol family 16
[    0.058939] DMA: preallocated 256 KiB pool for atomic coherent allocations
[    0.061521] cpuidle: using governor menu
[    0.088508] No ATAGs?
[    0.088629] hw-breakpoint: found 5 (+1 reserved) breakpoint and 4 watchpoint registers.
[    0.088646] hw-breakpoint: maximum watchpoint size is 8 bytes.
[    0.095929] Serial: AMBA PL011 UART driver
[    0.113065] AT91: Could not find identification node
[    0.113639] +5V_SYS: supplied by +VDD_MUX
[    0.113934] +3.3V_SYS: supplied by +VDD_MUX
[    0.114585] +USB0_VBUS_SW: Failed to request enable GPIO108: -517
[    0.114602] reg-fixed-voltage regulators:regulator@7: Failed to register regulator: -517
[    0.114707] +5V_USB_HS: Failed to request enable GPIO109: -517
[    0.114723] reg-fixed-voltage regulators:regulator@8: Failed to register regulator: -517
[    0.114919] +1.05V_RUN_AVDD_HDMI_PLL: Failed to request enable GPIO63: -517
[    0.114934] reg-fixed-voltage regulators:regulator@11: Failed to register regulator: -517
[    0.115037] +5V_HDMI_CON: Failed to request enable GPIO86: -517
[    0.115051] reg-fixed-voltage regulators:regulator@12: Failed to register regulator: -517
[    0.115152] +5V_SATA: Failed to request enable GPIO242: -517
[    0.115166] reg-fixed-voltage regulators:regulator@13: Failed to register regulator: -517
[    0.115267] +12V_SATA: Failed to request enable GPIO242: -517
[    0.115282] reg-fixed-voltage regulators:regulator@14: Failed to register regulator: -517
[    0.118312] vgaarb: loaded
[    0.119097] SCSI subsystem initialized
[    0.119263] libata version 3.00 loaded.
[    0.119508] usbcore: registered new interface driver usbfs
[    0.119569] usbcore: registered new interface driver hub
[    0.119630] usbcore: registered new device driver usb
[    0.123153] pps_core: LinuxPPS API ver. 1 registered
[    0.123164] pps_core: Software ver. 5.3.6 - Copyright 2005-2007 Rodolfo Giometti <giometti@linux.it>
[    0.123188] PTP clock support registered
[    0.123379] EDAC MC: Ver: 3.0.0
[    0.123704] dmi: Firmware registration failed.
[    0.126385] clocksource: Switched to clocksource arch_sys_counter
[    0.181200] NET: Registered protocol family 2
[    0.181699] TCP established hash table entries: 8192 (order: 3, 32768 bytes)
[    0.181799] TCP bind hash table entries: 8192 (order: 4, 65536 bytes)
[    0.181986] TCP: Hash tables configured (established 8192 bind 8192)
[    0.182068] UDP hash table entries: 512 (order: 2, 16384 bytes)
[    0.182112] UDP-Lite hash table entries: 512 (order: 2, 16384 bytes)
[    0.182263] NET: Registered protocol family 1
[    0.182591] RPC: Registered named UNIX socket transport module.
[    0.182602] RPC: Registered udp transport module.
[    0.182611] RPC: Registered tcp transport module.
[    0.182620] RPC: Registered tcp NFSv4.1 backchannel transport module.
[    0.182632] PCI: CLS 0 bytes, default 64
[    0.184075] hw perfevents: enabled with armv7_cortex_a15 PMU driver, 7 counters available
[    0.185823] workingset: timestamp_bits=30 max_order=19 bucket_order=0
[    0.194276] squashfs: version 4.0 (2009/01/31) Phillip Lougher
[    0.195017] NFS: Registering the id_resolver key type
[    0.195042] Key type id_resolver registered
[    0.195052] Key type id_legacy registered
[    0.195094] ntfs: driver 2.1.32 [Flags: R/O].
[    0.195746] random: fast init done
[    0.196716] bounce: pool size: 64 pages
[    0.196762] Block layer SCSI generic (bsg) driver version 0.4 loaded (major 248)
[    0.196773] io scheduler noop registered
[    0.196783] io scheduler deadline registered
[    0.196950] io scheduler cfq registered (default)
[    0.196960] io scheduler mq-deadline registered
[    0.196970] io scheduler kyber registered
[    0.200538]  usb2-0: usb2-0 supply vbus not found, using dummy regulator
[    0.200650]  usb2-1: usb2-1 supply vbus not found, using dummy regulator
[    0.201114] tegra-xusb-padctl 7009f000.padctl: failed to setup XUSB ports: -517
[    0.219763] tegra-pcie 1003000.pcie: 2x1, 1x1 configuration
[    0.219819] tegra-pcie 1003000.pcie: Failed to get supply 'avddio-pex': -517
[    0.225943] tegra124-dfll 70110000.clock: couldn't get vdd_cpu regulator
[    0.233134] tegra-apbdma 60020000.dma: Tegra20 APB DMA driver register 32 channels
[    0.235744] tegra-pmc 7000e400.pmc: emergency thermal reset enabled
[    0.291005] Serial: 8250/16550 driver, 4 ports, IRQ sharing disabled
[    0.293637] console [ttyS0] disabled
[    0.293677] 70006300.serial: ttyS0 at MMIO 0x70006300 (irq = 335, base_baud = 25500000) is a Tegra
[    1.208108] console [ttyS0] enabled
[    1.212441] SuperH (H)SCI(F) driver initialized
[    1.218076] msm_serial: driver initialized
[    1.222354] STMicroelectronics ASC driver initialized
[    1.228292] 70006000.serial: ttyTHS1 at MMIO 0x70006000 (irq = 333, base_baud = 0) is a TEGRA_UART
[    1.237563] 70006040.serial: ttyTHS2 at MMIO 0x70006040 (irq = 334, base_baud = 0) is a TEGRA_UART
[    1.252181] tegra-hdmi 54280000.hdmi: failed to get HDMI regulator
[    1.270260] brd: module loaded
[    1.279825] loop: module loaded
[    1.284166] at24 0-0056: 256 byte 24c02 EEPROM, writable, 8 bytes/write
[    1.292550] as3722 4-0040: AS3722 with revision 0x1 found
[    1.304536] as3722-sd2: supplied by +5V_SYS
[    1.309188] as3722-sd3: supplied by +5V_SYS
[    1.313573] +1.35V_LP0(sd3): Bringing 0uV into 1350000-1350000uV
[    1.319976] as3722-sd4: supplied by +5V_SYS
[    1.324593] as3722-sd5: supplied by +5V_SYS
[    1.330641] as3722-ldo0: supplied by +1.35V_LP0(sd2)
[    1.336711] +1.8V_RUN_CAM: Bringing 0uV into 1800000-1800000uV
[    1.342901] as3722-ldo2: supplied by +1.8V_VDDIO
[    1.348793] as3722-ldo3: supplied by +3.3V_SYS
[    1.353269] +1.05V_LP0_VDD_RTC: Bringing 1100000uV into 1000000-1000000uV
[    1.361056] as3722-ldo4: supplied by +3.3V_SYS
[    1.365709] +2.8V_RUN_CAM: Bringing 0uV into 2800000-2800000uV
[    1.371915] as3722-ldo5: supplied by +1.8V_VDDIO
[    1.376763] +1.2V_RUN_CAM_FRONT: Bringing 0uV into 1200000-1200000uV
[    1.383666] +VDDIO_SDMMC3: bypassed regulator has no supply!
[    1.389338] +VDDIO_SDMMC3: failed to get the current voltage(-517)
[    1.395515] as3722-regulator as3722-regulator: regulator 13 register failed -517
[    1.408846] tegra-ahci 70027000.sata: couldn't get PHY in node sata: -517
[    1.431235] m25p80 spi32765.0: w25q32dw (4096 Kbytes)
[    1.439009] libphy: Fixed MDIO Bus: probed
[    1.444190] CAN device driver interface
[    1.449077] bgmac_bcma: Broadcom 47xx GBit MAC driver loaded
[    1.456129] e1000e: Intel(R) PRO/1000 Network Driver - 3.2.6-k
[    1.461968] e1000e: Copyright(c) 1999 - 2015 Intel Corporation.
[    1.467950] igb: Intel(R) Gigabit Ethernet Network Driver - version 5.4.0-k
[    1.474900] igb: Copyright (c) 2007-2014 Intel Corporation.
[    1.484455] pegasus: v0.9.3 (2013/04/25), Pegasus/Pegasus II USB Ethernet driver
[    1.491913] usbcore: registered new interface driver pegasus
[    1.497627] usbcore: registered new interface driver asix
[    1.503053] usbcore: registered new interface driver ax88179_178a
[    1.509191] usbcore: registered new interface driver cdc_ether
[    1.515067] usbcore: registered new interface driver smsc75xx
[    1.520873] usbcore: registered new interface driver smsc95xx
[    1.526664] usbcore: registered new interface driver net1080
[    1.532351] usbcore: registered new interface driver cdc_subset
[    1.538310] usbcore: registered new interface driver zaurus
[    1.543929] usbcore: registered new interface driver cdc_ncm
[    1.549831] tegra-phy 7d004000.usb-phy: no vbus regulator
[    1.557344] ehci_hcd: USB 2.0 'Enhanced' Host Controller (EHCI) Driver
[    1.563863] ehci-pci: EHCI PCI platform driver
[    1.568359] ehci-platform: EHCI generic platform driver
[    1.573790] ehci-orion: EHCI orion driver
[    1.577974] SPEAr-ehci: EHCI SPEAr driver
[    1.582127] ehci-st: EHCI STMicroelectronics driver
[    1.587159] ehci-exynos: EHCI EXYNOS driver
[    1.591500] ehci-atmel: EHCI Atmel driver
[    1.595643] tegra-ehci: Tegra EHCI driver
[    1.602504] tegra-ehci 7d004000.usb: EHCI Host Controller
[    1.607938] tegra-ehci 7d004000.usb: new USB bus registered, assigned bus number 1
[    1.615700] tegra-ehci 7d004000.usb: irq 354, io mem 0x7d004000
[    1.646405] tegra-ehci 7d004000.usb: USB 2.0 started, EHCI 1.10
[    1.653104] hub 1-0:1.0: USB hub found
[    1.656924] hub 1-0:1.0: 1 port detected
[    1.661373] ohci_hcd: USB 1.1 'Open' Host Controller (OHCI) Driver
[    1.667589] ohci-pci: OHCI PCI platform driver
[    1.672067] ohci-platform: OHCI generic platform driver
[    1.677510] SPEAr-ohci: OHCI SPEAr driver
[    1.681658] ohci-st: OHCI STMicroelectronics driver
[    1.686692] ohci-atmel: OHCI Atmel driver
[    1.691479] usbcore: registered new interface driver usb-storage
[    1.702073] as3722-rtc as3722-rtc: rtc core: registered as3722-rtc as rtc0
[    1.708966] as3722-rtc as3722-rtc: RTC interrupt 377
[    1.717337] tegra_rtc 7000e000.rtc: rtc core: registered 7000e000.rtc as rtc1
[    1.724499] tegra_rtc 7000e000.rtc: Tegra internal Real Time Clock
[    1.731233] i2c /dev entries driver
[    1.741715] lm90 0-004c: 0-004c supply vcc not found, using dummy regulator
[    1.759290] sdhci: Secure Digital Host Controller Interface driver
[    1.765462] sdhci: Copyright(c) Pierre Ossman
[    1.771469] Synopsys Designware Multimedia Card Interface Driver
[    1.778850] sdhci-pltfm: SDHCI platform and OF driver helper
[    1.785301] sdhci-tegra 700b0400.sdhci: Got CD GPIO
[    1.790214] sdhci-tegra 700b0400.sdhci: Got WP GPIO
[    1.811455] mmc0: Unknown controller version (3). You may experience problems.
[    1.818731] mmc0: Invalid maximum block size, assuming 512 bytes
[    1.886409] mmc0: SDHCI controller on 700b0600.sdhci [700b0600.sdhci] using ADMA
[    1.895748] ledtrig-cpu: registered to indicate activity on CPUs
[    1.902091] usbcore: registered new interface driver usbhid
[    1.907675] usbhid: USB HID core driver
[    1.915641] NET: Registered protocol family 10
[    1.920940] Segment Routing with IPv6
[    1.924658] sit: IPv6, IPv4 and MPLS over IPv4 tunneling driver
[    1.931157] NET: Registered protocol family 17
[    1.935602] can: controller area network core (rev 20170425 abi 9)
[    1.941845] NET: Registered protocol family 29
[    1.946284] can: raw protocol (rev 20170425)
[    1.950566] can: broadcast manager protocol (rev 20170425 t)
[    1.956227] can: netlink gateway (rev 20170425) max_hops=1
[    1.962032] Key type dns_resolver registered
[    1.966911] ThumbEE CPU extension supported.
[    1.971183] Registering SWP/SWPB emulation handler
[    1.992783] +3.3V_RUN: supplied by +3.3V_SYS
[    1.998836] +USB0_VBUS_SW: supplied by +5V_SYS
[    2.003513] +3.3V_AVDD_HDMI_AP_GATED: supplied by +3.3V_RUN
[    2.009701] +5V_USB_HS: supplied by +5V_SYS
[    2.015353] +3.3V_LP0: supplied by +3.3V_SYS
[    2.022698] +5V_HDMI_CON: supplied by +5V_SYS
[    2.027860] +5V_SATA: supplied by +5V_SYS
[    2.032406] +12V_SATA: supplied by +VDD_MUX
[    2.038212]  usb2-0: usb2-0 supply vbus not found, using dummy regulator
[    2.045021]  usb2-1: usb2-1 supply vbus not found, using dummy regulator
[    2.052062]  usb3-0: usb3-0 supply vbus not found, using dummy regulator
[    2.062015] tegra-pcie 1003000.pcie: 2x1, 1x1 configuration
[    2.067694] tegra-pcie 1003000.pcie: Failed to get supply 'avddio-pex': -517
[    2.077203] tegra124-dfll 70110000.clock: couldn't get vdd_cpu regulator
[    2.087336] tegra-hdmi 54280000.hdmi: failed to get PLL regulator
[    2.098818] as3722-sd2: supplied by +5V_SYS
[    2.103306] as3722-sd3: supplied by +5V_SYS
[    2.107824] as3722-sd4: supplied by +5V_SYS
[    2.112246] as3722-sd5: supplied by +5V_SYS
[    2.118407] as3722-ldo0: supplied by +1.35V_LP0(sd2)
[    2.124235] as3722-ldo1: supplied by +3.3V_RUN
[    2.129077] as3722-ldo2: supplied by +1.8V_VDDIO
[    2.134711] as3722-ldo3: supplied by +3.3V_SYS
[    2.140249] as3722-ldo4: supplied by +3.3V_SYS
[    2.144931] as3722-ldo5: supplied by +1.8V_VDDIO
[    2.150005] as3722-ldo6: supplied by +3.3V_RUN
[    2.154742] as3722-ldo7: supplied by +1.8V_VDDIO
[    2.160255] +1.05V_RUN_CAM_REAR: Bringing 0uV into 1050000-1050000uV
[    2.167446] as3722-ldo9: supplied by +5V_SYS
[    2.173210] +3.3V_RUN_TOUCH: Bringing 0uV into 2800000-2800000uV
[    2.179731] as3722-ldo10: supplied by +5V_SYS
[    2.184646] +2.8V_RUN_CAM_AF: Bringing 0uV into 2800000-2800000uV
[    2.191683] as3722-ldo11: supplied by +3.3V_RUN
[    2.197090] mmc0: new high speed MMC card at address 0001
[    2.202877] +1.8V_RUN_VPP_FUSE: Bringing 0uV into 1800000-1800000uV
[    2.209264] mmcblk0: mmc0:0001 SEM16G 14.7 GiB 
[    2.215883] mmcblk0boot0: mmc0:0001 SEM16G partition 1 4.00 MiB
[    2.222104] mmcblk0boot1: mmc0:0001 SEM16G partition 2 4.00 MiB
[    2.228323] mmcblk0rpmb: mmc0:0001 SEM16G partition 3 4.00 MiB
[    2.235411] tegra-ahci 70027000.sata: AHCI 0001.0301 32 slots 2 ports 3 Gbps 0x1 impl platform mode
[    2.244514] tegra-ahci 70027000.sata: flags: 64bit ncq sntf pm led pio slum part sadm sds apst 
[    2.254563]  mmcblk0: p1
[    2.258680] scsi host0: tegra-ahci
[    2.263538] scsi host1: tegra-ahci
[    2.267344] ata1: SATA max UDMA/133 mmio [mem 0x70027000-0x70028fff] port 0x100 irq 345
[    2.275337] ata2: DUMMY
[    2.281206] tegra-ehci 7d008000.usb: EHCI Host Controller
[    2.286664] tegra-ehci 7d008000.usb: new USB bus registered, assigned bus number 2
[    2.294401] tegra-ehci 7d008000.usb: irq 355, io mem 0x7d008000
[    2.326502] tegra-ehci 7d008000.usb: USB 2.0 started, EHCI 1.10
[    2.333549] hub 2-0:1.0: USB hub found
[    2.337401] hub 2-0:1.0: 1 port detected
[    2.343880] sdhci-tegra 700b0400.sdhci: Got CD GPIO
[    2.348834] sdhci-tegra 700b0400.sdhci: Got WP GPIO
[    2.360678] mmc1: Unknown controller version (3). You may experience problems.
[    2.368017] mmc1: Invalid maximum block size, assuming 512 bytes
[    2.436959] mmc1: SDHCI controller on 700b0400.sdhci [700b0400.sdhci] using ADMA
[    2.445068] tegra-pcie 1003000.pcie: 2x1, 1x1 configuration
[    2.452225] tegra-pcie 1003000.pcie: probing port 0, using 2 lanes
[    2.462471] tegra-pcie 1003000.pcie: Slot present pin change, signature: 00000008
[    2.484493] tegra-pcie 1003000.pcie: probing port 1, using 1 lanes
[    2.492869] tegra-pcie 1003000.pcie: Slot present pin change, signature: 00000000
[    2.507607] tegra-pcie 1003000.pcie: PCI host bridge to bus 0000:00
[    2.513886] pci_bus 0000:00: root bus resource [io  0x0000-0xffff]
[    2.520111] pci_bus 0000:00: root bus resource [mem 0x13000000-0x1fffffff]
[    2.527026] pci_bus 0000:00: root bus resource [mem 0x20000000-0x3fffffff pref]
[    2.534341] pci_bus 0000:00: root bus resource [bus 00-ff]
[    2.539909] pci 0000:00:01.0: [10de:0e12] type 01 class 0x060400
[    2.545935] pci_bus 0000:00: 2-byte config write to 0000:00:01.0 offset 0x4 may corrupt adjacent RW1C bits
[    2.555627] pci_bus 0000:00: 2-byte config write to 0000:00:01.0 offset 0x4 may corrupt adjacent RW1C bits
[    2.565357] pci_bus 0000:00: 2-byte config write to 0000:00:01.0 offset 0x88 may corrupt adjacent RW1C bits
[    2.575158] pci_bus 0000:00: 2-byte config write to 0000:00:01.0 offset 0x52 may corrupt adjacent RW1C bits
[    2.584966] pci 0000:00:01.0: PME# supported from D0 D1 D2 D3hot D3cold
[    2.591625] pci_bus 0000:00: 2-byte config write to 0000:00:01.0 offset 0x4c may corrupt adjacent RW1C bits
[    2.601671] pci 0000:00:02.0: [10de:0e13] type 01 class 0x060400
[    2.607734] pci_bus 0000:00: 2-byte config write to 0000:00:02.0 offset 0x4 may corrupt adjacent RW1C bits
[    2.610126] ata1: SATA link down (SStatus 0 SControl 300)
[    2.622815] pci_bus 0000:00: 2-byte config write to 0000:00:02.0 offset 0x4 may corrupt adjacent RW1C bits
[    2.632547] pci_bus 0000:00: 2-byte config write to 0000:00:02.0 offset 0x88 may corrupt adjacent RW1C bits
[    2.642348] pci_bus 0000:00: 2-byte config write to 0000:00:02.0 offset 0x52 may corrupt adjacent RW1C bits
[    2.652132] pci 0000:00:02.0: PME# supported from D0 D1 D2 D3hot D3cold
[    2.658757] pci_bus 0000:00: 2-byte config write to 0000:00:02.0 offset 0x4c may corrupt adjacent RW1C bits
[    2.668779] PCI: bus0: Fast back to back transfers disabled
[    2.674350] pci 0000:00:01.0: bridge configuration invalid ([bus 00-00]), reconfiguring
[    2.682381] pci 0000:00:02.0: bridge configuration invalid ([bus 00-00]), reconfiguring
[    2.690647] pci 0000:01:00.0: [8086:4232] type 00 class 0x028000
[    2.696743] pci 0000:01:00.0: reg 0x10: [mem 0x00000000-0x00001fff 64bit]
[    2.703733] pci 0000:01:00.0: PME# supported from D0 D3hot D3cold
[    2.724897] mmc1: new high speed SDHC card at address aaaa
[    2.731125] mmcblk1: mmc1:aaaa SD04G 3.69 GiB 
[    2.736505] PCI: bus1: Fast back to back transfers disabled
[    2.742107] pci_bus 0000:01: busn_res: [bus 01-ff] end is updated to 01
[    2.748986] pci 0000:02:00.0: [10ec:8168] type 00 class 0x020000
[    2.755042] pci 0000:02:00.0: reg 0x10: [io  0x0000-0x00ff]
[    2.760684] pci 0000:02:00.0: reg 0x18: [mem 0x00000000-0x00000fff 64bit]
[    2.767500] pci 0000:02:00.0: reg 0x20: [mem 0x00000000-0x00003fff 64bit pref]
[    2.774856] pci 0000:02:00.0: supports D1 D2
[    2.779138] pci 0000:02:00.0: PME# supported from D0 D1 D2 D3hot D3cold
[    2.791478] mmcblk1: error -5 sending stop command, original cmd response 0x900, card status 0x900
[    2.800478] mmcblk1: error -5 transferring data, sector 7744504, nr 8, cmd response 0x900, card status 0x80000b00
[    2.806532] PCI: bus2: Fast back to back transfers disabled
[    2.806546] pci_bus 0000:02: busn_res: [bus 02-ff] end is updated to 02
[    2.806599] pci 0000:00:01.0: BAR 8: assigned [mem 0x13000000-0x130fffff]
[    2.806609] pci 0000:00:02.0: BAR 8: assigned [mem 0x13100000-0x131fffff]
[    2.806619] pci 0000:00:02.0: BAR 9: assigned [mem 0x20000000-0x200fffff 64bit pref]
[    2.806627] pci 0000:00:02.0: BAR 7: assigned [io  0x1000-0x1fff]
[    2.806640] pci 0000:01:00.0: BAR 0: assigned [mem 0x13000000-0x13001fff 64bit]
[    2.806677] pci 0000:00:01.0: PCI bridge to [bus 01]
[    2.806690] pci 0000:00:01.0:   bridge window [mem 0x13000000-0x130fffff]
[    2.806710] pci 0000:02:00.0: BAR 4: assigned [mem 0x20000000-0x20003fff 64bit pref]
[    2.806740] pci 0000:02:00.0: BAR 2: assigned [mem 0x13100000-0x13100fff 64bit]
[    2.806770] pci 0000:02:00.0: BAR 0: assigned [io  0x1000-0x10ff]
[    2.806782] pci 0000:00:02.0: PCI bridge to [bus 02]
[    2.806790] pci 0000:00:02.0:   bridge window [io  0x1000-0x1fff]
[    2.806803] pci 0000:00:02.0:   bridge window [mem 0x13100000-0x131fffff]
[    2.806813] pci 0000:00:02.0:   bridge window [mem 0x20000000-0x200fffff 64bit pref]
[    2.806857] pci 0000:00:01.0: nv_msi_ht_cap_quirk didn't locate host bridge
[    2.807022] pcieport 0000:00:01.0: enabling device (0140 -> 0142)
[    2.807325] pcieport 0000:00:01.0: Signaling PME with IRQ 393
[    2.807456] pci 0000:00:02.0: nv_msi_ht_cap_quirk didn't locate host bridge
[    2.807577] pcieport 0000:00:02.0: enabling device (0140 -> 0143)
[    2.807862] pcieport 0000:00:02.0: Signaling PME with IRQ 394
[    2.808231] r8169 Gigabit Ethernet driver 2.3LK-NAPI loaded
[    2.808257] r8169 0000:02:00.0: enabling device (0140 -> 0143)
[    2.838261] r8169 0000:02:00.0 eth0: RTL8168g/8111g at 0xf0b72000, 00:04:4b:3a:d9:81, XID 0c000800 IRQ 395
[    2.838272] r8169 0000:02:00.0 eth0: jumbo features [frames: 9200 bytes, tx checksumming: ko]
[    2.843166] +1.05V_RUN_AVDD_HDMI_PLL: supplied by +1.05V_RUN
[    2.845705] [drm] Supports vblank timestamp caching Rev 2 (21.10.2013).
[    2.845709] [drm] No driver support for vblank timestamp query.
[    2.845747] [drm] Cannot find any crtc or sizes - going 1024x768
[    3.088035] Console: switching to colour frame buffer device 128x48
[    3.105038] mmcblk1: error -5 sending stop command, original cmd response 0x900, card status 0x900
[    3.105047] mmcblk1: error -5 transferring data, sector 7744504, nr 8, cmd response 0x900, card status 0x80000b00
[    3.105055] mmcblk1: retrying using single block read
[    3.140164] drm drm: fb0:  frame buffer device
[    3.144816] [drm] Initialized tegra 0.0.0 20120330 for drm on minor 0
[    3.152916] of: dev_pm_opp_of_cpumask_add_table: couldn't find opp table for cpu:0, -19
[    3.161025] cpufreq: cpufreq_online: CPU0: Running at unlisted freq: 696000 KHz
[    3.168395] cpufreq: cpufreq_online: CPU0: Unlisted initial frequency changed to: 714000 KHz
[    3.177647] input: gpio-keys as /devices/soc0/gpio-keys/input/input0
[    3.184144]  mmcblk1: p1 p2 p3
[    3.188221] as3722-rtc as3722-rtc: setting system clock to 2000-01-01 00:02:54 UTC (946684974)
[    3.197148] +USB0_VBUS_SW: disabling
[    3.200722] +1.8V_RUN_CAM: disabling
[    3.204436] +2.8V_RUN_CAM: disabling
[    3.208242] +1.2V_RUN_CAM_FRONT: disabling
[    3.212527] +1.05V_RUN_CAM_REAR: disabling
[    3.216870] +3.3V_RUN_TOUCH: disabling
[    3.220768] +2.8V_RUN_CAM_AF: disabling
[    3.224752] +1.8V_RUN_VPP_FUSE: disabling
[    3.229839] EXT4-fs (mmcblk0p1): mounting ext3 file system using the ext4 subsystem
[    3.247402] EXT4-fs (mmcblk0p1): recovery complete
[    3.252193] EXT4-fs (mmcblk0p1): mounted filesystem with ordered data mode. Opts: (null)
[    3.260318] VFS: Mounted root (ext3 filesystem) on device 179:1.
[    3.268478] devtmpfs: mounted
[    3.272062] Freeing unused kernel memory: 2048K
bash: cannot set terminal process group (-1): Inappropriate ioctl for device
bash: no job control in this shell
root@(none):/# mount -t sysfs none /sys
root@(none):/# 
root@(none):/# mount -t debugfs none /sys/kernel/debug
root@(none):/# 
root@(none):/# rtcwake -d rtc1 -m mem -s 3
rtcwake: assuming RTC uses UTC ...
rtcwake: wakeup from "mem" using /dev/rtc1 at Thu Jan  1 00:00:20 1970
[    6.415815] PM: Syncing filesystems ... done.
[    6.442735] Freezing user space processes ... (elapsed 0.001 seconds) done.
[    6.451085] OOM killer disabled.
[    6.454326] Freezing remaining freezable tasks ... (elapsed 0.001 seconds) done.
[    6.463328] Suspending console(s) (use no_console_suspend to debug)
[    6.628374] Disabling non-boot CPUs ...
[    6.676799] IRQ17 no longer affine to CPU1
[    6.777915] Entering suspend state LP1
[    6.777915] Suspended for 3.058 seconds
[    6.777927] Enabling non-boot CPUs ...
[    6.778309] CPU1 is up
[    6.778650] CPU2 is up
[    6.778995] CPU3 is up
[    6.779660] pcieport 0000:00:01.0: nv_msi_ht_cap_quirk didn't locate host bridge
[    6.779671] pcieport 0000:00:02.0: nv_msi_ht_cap_quirk didn't locate host bridge
[    6.900036] OOM killer enabled.
[    6.903164] Restarting tasks ... done.
root@(none):/# 
root@(none):/# [    7.138955] ata1: SATA link down (SStatus 0 SControl 300)
rtcwake -d rtc1 -m mem -s 3
rtcwake: assuming RTC uses UTC ...
rtcwake: wakeup from "mem" using /dev/rtc1 at Thu Jan  1 00:00:24 1970
[    7.379646] PM: Syncing filesystems ... done.
[    7.412150] Freezing user space processes ... (elapsed 0.001 seconds) done.
[    7.420384] OOM killer disabled.
[    7.423608] Freezing remaining freezable tasks ... (elapsed 0.001 seconds) done.
[    7.432331] Suspending console(s) (use no_console_suspend to debug)
[    7.563803] pci_generic_config_write32: 133 callbacks suppressed
[    7.563820] pci_bus 0000:02: 2-byte config write to 0000:02:00.0 offset 0x44 may corrupt adjacent RW1C bits
[    7.563848] pci_bus 0000:02: 2-byte config write to 0000:02:00.0 offset 0x44 may corrupt adjacent RW1C bits
[    7.588788] Disabling non-boot CPUs ...
[    7.656866] IRQ17 no longer affine to CPU1
[    7.777859] Entering suspend state LP1
[    7.777859] Suspended for 2.999 seconds
[    7.777870] Enabling non-boot CPUs ...
[    7.778270] CPU1 is up
[    7.778624] CPU2 is up
[    7.778988] CPU3 is up
[    7.779615] pci_bus 0000:00: 2-byte config write to 0000:00:01.0 offset 0x4c may corrupt adjacent RW1C bits
[    7.779625] pci_bus 0000:00: 2-byte config write to 0000:00:02.0 offset 0x4c may corrupt adjacent RW1C bits
[    7.779635] pci_bus 0000:00: 2-byte config write to 0000:00:01.0 offset 0x88 may corrupt adjacent RW1C bits
[    7.779642] pci_bus 0000:00: 2-byte config write to 0000:00:01.0 offset 0x90 may corrupt adjacent RW1C bits
[    7.779648] pci_bus 0000:00: 2-byte config write to 0000:00:02.0 offset 0x88 may corrupt adjacent RW1C bits
[    7.779654] pci_bus 0000:00: 2-byte config write to 0000:00:01.0 offset 0x98 may corrupt adjacent RW1C bits
[    7.779659] pci_bus 0000:00: 2-byte config write to 0000:00:02.0 offset 0x90 may corrupt adjacent RW1C bits
[    7.779665] pci_bus 0000:00: 2-byte config write to 0000:00:01.0 offset 0x9c may corrupt adjacent RW1C bits
[    7.779772] pcieport 0000:00:01.0: nv_msi_ht_cap_quirk didn't locate host bridge
[    7.779773] pcieport 0000:00:02.0: nv_msi_ht_cap_quirk didn't locate host bridge
[    8.003554] OOM killer enabled.
[    8.006686] Restarting tasks ... done.
root@(none):/# 
root@(none):/# [    8.138648] ata1: SATA link down (SStatus 0 SControl 300)
rtcwake -d rtc1 -m mem -s 3
rtcwake: assuming RTC uses UTC ...
rtcwake: wakeup from "mem" using /dev/rtc1 at Thu Jan  1 00:00:28 1970
[    8.377395] PM: Syncing filesystems ... done.
[    8.387942] Freezing user space processes ... (elapsed 0.001 seconds) done.
[    8.396060] OOM killer disabled.
[    8.399296] Freezing remaining freezable tasks ... (elapsed 0.001 seconds) done.
[    8.407902] Suspending console(s) (use no_console_suspend to debug)
[    8.567573] Disabling non-boot CPUs ...
[    8.727195] Entering suspend state LP1
[    8.727195] Suspended for 3.050 seconds
[    8.727207] Enabling non-boot CPUs ...
[    8.727607] CPU1 is up
[    8.727966] CPU2 is up
[    8.728320] CPU3 is up
[    8.729020] pcieport 0000:00:01.0: nv_msi_ht_cap_quirk didn't locate host bridge
[    8.729022] pcieport 0000:00:02.0: nv_msi_ht_cap_quirk didn't locate host bridge
[    8.846297] OOM killer enabled.
[    8.849444] Restarting tasks ... done.
root@(none):/# 
root@(none):/# [    9.088894] ata1: SATA link down (SStatus 0 SControl 300)
rtcwake -d rtc1 -m mem -s 3
rtcwake: assuming RTC uses UTC ...
rtcwake: wakeup from "mem" using /dev/rtc1 at Thu Jan  1 00:00:32 1970
[    9.409762] PM: Syncing filesystems ... done.
[    9.426215] Freezing user space processes ... (elapsed 0.001 seconds) done.
[    9.434566] OOM killer disabled.
[    9.437843] Freezing remaining freezable tasks ... (elapsed 0.001 seconds) done.
[    9.446698] Suspending console(s) (use no_console_suspend to debug)
[    9.610233] Disabling non-boot CPUs ...
[    9.776939] IRQ17 no longer affine to CPU3
[    9.778668] Entering suspend state LP1
[    9.778668] Suspended for 2.948 seconds
[    9.778680] Enabling non-boot CPUs ...
[    9.779080] CPU1 is up
[    9.779434] CPU2 is up
[    9.779797] CPU3 is up
[    9.780515] pcieport 0000:00:02.0: nv_msi_ht_cap_quirk didn't locate host bridge
[    9.780517] pcieport 0000:00:01.0: nv_msi_ht_cap_quirk didn't locate host bridge
[    9.900460] OOM killer enabled.
[    9.903588] Restarting tasks ... done.
root@(none):/# 
root@(none):/# [   10.138838] ata1: SATA link down (SStatus 0 SControl 300)
rtcwake -d rtc1 -m mem -s 3
rtcwake: assuming RTC uses UTC ...
rtcwake: wakeup from "mem" using /dev/rtc1 at Thu Jan  1 00:00:36 1970
[   10.394925] PM: Syncing filesystems ... done.
[   10.412395] Freezing user space processes ... (elapsed 0.001 seconds) done.
[   10.420541] OOM killer disabled.
[   10.423762] Freezing remaining freezable tasks ... (elapsed 0.001 seconds) done.
[   10.432458] Suspending console(s) (use no_console_suspend to debug)
[   10.588682] Disabling non-boot CPUs ...
[   10.747772] Entering suspend state LP1
[   10.747772] Suspended for 3.030 seconds
[   10.747783] Enabling non-boot CPUs ...
[   10.748184] CPU1 is up
[   10.748538] CPU2 is up
[   10.748897] CPU3 is up
[   10.749610] pcieport 0000:00:01.0: nv_msi_ht_cap_quirk didn't locate host bridge
[   10.749613] pcieport 0000:00:02.0: nv_msi_ht_cap_quirk didn't locate host bridge
[   10.876241] OOM killer enabled.
[   10.879375] Restarting tasks ... done.
root@(none):/# 
root@(none):/# [   11.118824] ata1: SATA link down (SStatus 0 SControl 300)
rtcwake -d rtc1 -m mem -s 3
rtcwake: assuming RTC uses UTC ...
rtcwake: wakeup from "mem" using /dev/rtc1 at Thu Jan  1 00:00:40 1970
[   11.359160] PM: Syncing filesystems ... done.
[   11.392351] Freezing user space processes ... (elapsed 0.001 seconds) done.
[   11.400584] OOM killer disabled.
[   11.403806] Freezing remaining freezable tasks ... (elapsed 0.001 seconds) done.
[   11.412516] Suspending console(s) (use no_console_suspend to debug)
[   11.568630] Disabling non-boot CPUs ...
[   11.606712] IRQ17 no longer affine to CPU1
[   11.727718] Entering suspend state LP1
[   11.727718] Suspended for 3.019 seconds
[   11.727729] Enabling non-boot CPUs ...
[   11.728132] CPU1 is up
[   11.728488] CPU2 is up
[   11.728848] CPU3 is up
[   11.729564] pcieport 0000:00:02.0: nv_msi_ht_cap_quirk didn't locate host bridge
[   11.729566] pcieport 0000:00:01.0: nv_msi_ht_cap_quirk didn't locate host bridge
[   11.850342] OOM killer enabled.
[   11.853473] Restarting tasks ... done.
root@(none):/# 
root@(none):/# [   12.088789] ata1: SATA link down (SStatus 0 SControl 300)
rtcwake -d rtc1 -m mem -s 3
rtcwake: assuming RTC uses UTC ...
rtcwake: wakeup from "mem" using /dev/rtc1 at Thu Jan  1 00:00:44 1970
[   12.339442] PM: Syncing filesystems ... done.
[   12.362194] Freezing user space processes ... (elapsed 0.001 seconds) done.
[   12.370426] OOM killer disabled.
[   12.373647] Freezing remaining freezable tasks ... (elapsed 0.001 seconds) done.
[   12.382362] Suspending console(s) (use no_console_suspend to debug)
[   12.538558] Disabling non-boot CPUs ...
[   12.697690] Entering suspend state LP1
[   12.697690] Suspended for 3.029 seconds
[   12.697701] Enabling non-boot CPUs ...
[   12.698099] CPU1 is up
[   12.698451] CPU2 is up
[   12.698803] CPU3 is up
[   12.699409] pci_generic_config_write32: 222 callbacks suppressed
[   12.699416] pci_bus 0000:00: 2-byte config write to 0000:00:02.0 offset 0x4c may corrupt adjacent RW1C bits
[   12.699427] pci_bus 0000:00: 2-byte config write to 0000:00:01.0 offset 0x4c may corrupt adjacent RW1C bits
[   12.699437] pci_bus 0000:00: 2-byte config write to 0000:00:02.0 offset 0x88 may corrupt adjacent RW1C bits
[   12.699443] pci_bus 0000:00: 2-byte config write to 0000:00:02.0 offset 0x90 may corrupt adjacent RW1C bits
[   12.699449] pci_bus 0000:00: 2-byte config write to 0000:00:01.0 offset 0x88 may corrupt adjacent RW1C bits
[   12.699455] pci_bus 0000:00: 2-byte config write to 0000:00:02.0 offset 0x98 may corrupt adjacent RW1C bits
[   12.699461] pci_bus 0000:00: 2-byte config write to 0000:00:01.0 offset 0x90 may corrupt adjacent RW1C bits
[   12.699466] pci_bus 0000:00: 2-byte config write to 0000:00:02.0 offset 0x9c may corrupt adjacent RW1C bits
[   12.699472] pci_bus 0000:00: 2-byte config write to 0000:00:01.0 offset 0x98 may corrupt adjacent RW1C bits
[   12.699477] pci_bus 0000:00: 2-byte config write to 0000:00:02.0 offset 0xa8 may corrupt adjacent RW1C bits
[   12.699580] pcieport 0000:00:02.0: nv_msi_ht_cap_quirk didn't locate host bridge
[   12.699582] pcieport 0000:00:01.0: nv_msi_ht_cap_quirk didn't locate host bridge
[   12.919806] OOM killer enabled.
[   12.922934] Restarting tasks ... done.
root@(none):/# 
root@(none):/# [   13.058374] ata1: SATA link down (SStatus 0 SControl 300)
rtcwake -d rtc1 -m mem -s 3
rtcwake: assuming RTC uses UTC ...
rtcwake: wakeup from "mem" using /dev/rtc1 at Thu Jan  1 00:00:48 1970
[   13.296862] PM: Syncing filesystems ... done.
[   13.307609] Freezing user space processes ... (elapsed 0.001 seconds) done.
[   13.315722] OOM killer disabled.
[   13.318955] Freezing remaining freezable tasks ... (elapsed 0.001 seconds) done.
[   13.327528] Suspending console(s) (use no_console_suspend to debug)
[   13.487211] Disabling non-boot CPUs ...
[   13.646936] Entering suspend state LP1
[   13.646936] Suspended for 3.050 seconds
[   13.646947] Enabling non-boot CPUs ...
[   13.647355] CPU1 is up
[   13.647712] CPU2 is up
[   13.648080] CPU3 is up
[   13.648804] pcieport 0000:00:02.0: nv_msi_ht_cap_quirk didn't locate host bridge
[   13.648806] pcieport 0000:00:01.0: nv_msi_ht_cap_quirk didn't locate host bridge
[   13.776318] OOM killer enabled.
[   13.779460] Restarting tasks ... done.
root@(none):/# 
root@(none):/# [   14.018734] ata1: SATA link down (SStatus 0 SControl 300)
rtcwake -d rtc1 -m mem -s 3
rtcwake: assuming RTC uses UTC ...
rtcwake: wakeup from "mem" using /dev/rtc1 at Thu Jan  1 00:00:52 1970
[   14.259668] PM: Syncing filesystems ... done.
[   14.292267] Freezing user space processes ... (elapsed 0.001 seconds) done.
[   14.300498] OOM killer disabled.
[   14.303719] Freezing remaining freezable tasks ... (elapsed 0.001 seconds) done.
[   14.312425] Suspending console(s) (use no_console_suspend to debug)
[   14.468545] Disabling non-boot CPUs ...
[   14.627639] Entering suspend state LP1
[   14.627639] Suspended for 3.019 seconds
[   14.627650] Enabling non-boot CPUs ...
[   14.628050] CPU1 is up
[   14.628403] CPU2 is up
[   14.628760] CPU3 is up
[   14.629460] pcieport 0000:00:01.0: nv_msi_ht_cap_quirk didn't locate host bridge
[   14.629462] pcieport 0000:00:02.0: nv_msi_ht_cap_quirk didn't locate host bridge
[   14.746076] OOM killer enabled.
[   14.749239] Restarting tasks ... done.
root@(none):/# 
root@(none):/# [   14.988699] ata1: SATA link down (SStatus 0 SControl 300)
rtcwake -d rtc1 -m mem -s 3
rtcwake: assuming RTC uses UTC ...
rtcwake: wakeup from "mem" using /dev/rtc1 at Thu Jan  1 00:00:56 1970
[   15.240446] PM: Syncing filesystems ... done.
[   15.263849] Freezing user space processes ... (elapsed 0.001 seconds) done.
[   15.272127] OOM killer disabled.
[   15.275351] Freezing remaining freezable tasks ... (elapsed 0.001 seconds) done.
[   15.284082] Suspending console(s) (use no_console_suspend to debug)
[   15.439110] Disabling non-boot CPUs ...
[   15.597949] Entering suspend state LP1
[   15.597949] Suspended for 3.029 seconds
[   15.597961] Enabling non-boot CPUs ...
[   15.598367] CPU1 is up
[   15.598732] CPU2 is up
[   15.599092] CPU3 is up
[   15.599787] pcieport 0000:00:02.0: nv_msi_ht_cap_quirk didn't locate host bridge
[   15.599790] pcieport 0000:00:01.0: nv_msi_ht_cap_quirk didn't locate host bridge
[   15.715770] OOM killer enabled.
[   15.718919] Restarting tasks ... done.
root@(none):/# 
root@(none):/# NVTB SYSTEM SUSPEND TEST COMPLETE
[   15.958714] ata1: SATA link down (SStatus 0 SControl 300)
