Diff for ./qemu-vexpress64/__internal/defconfig_log.txt
--- /tmp/fooa	2017-02-19 15:13:49.754150094 -0800
+++ /tmp/foob	2017-02-19 15:13:49.758150109 -0800
@@ -1,5 +1,5 @@
 Booting Linux on physical CPU 0x0
-Linux version 4.10.0-rc8-167618-g7089db8 (pwalmsley@tamien) (gcc version 4.9.2 20140904 (prerelease) (crosstool-NG linaro-1.13.1-4.9-2014.09 - Linaro GCC 4.9-2014.09) ) #1 SMP PREEMPT Tue Feb 14 15:07:12 PST 2017
+Linux version 4.10.0-167705-gc470abd (pwalmsley@tamien) (gcc version 4.9.2 20140904 (prerelease) (crosstool-NG linaro-1.13.1-4.9-2014.09 - Linaro GCC 4.9-2014.09) ) #1 SMP PREEMPT Sun Feb 19 15:07:18 PST 2017
 Boot CPU: AArch64 Processor [411fd070]
 Memory limited to 1024MB
 efi: Getting EFI parameters from FDT:
@@ -61,6 +61,7 @@
 devtmpfs: initialized
 DMI not present or invalid.
 clocksource: jiffies: mask: 0xffffffff max_cycles: 0xffffffff, max_idle_ns: 7645041785100000 ns
+futex hash table entries: 256 (order: 3, 32768 bytes)
 pinctrl core: initialized pinctrl subsystem
 NET: Registered protocol family 16
 cpuidle: using governor menu
@@ -99,9 +100,8 @@
 RPC: Registered tcp transport module.
 RPC: Registered tcp NFSv4.1 backchannel transport module.
 kvm [1]: HYP mode not available
-futex hash table entries: 256 (order: 3, 32768 bytes)
 audit: initializing netlink subsys (disabled)
-audit: type=2000 audit(0.696:1): initialized
+audit: type=2000 audit(0.688:1): initialized
 workingset: timestamp_bits=46 max_order=18 bucket_order=0
 squashfs: version 4.0 (2009/01/31) Phillip Lougher
 NFS: Registering the id_resolver key type
@@ -167,7 +167,7 @@
 Key type dns_resolver registered
 registered taskstats version 1
 input: gpio-keys as /devices/platform/gpio-keys/input/input0
-rtc-pl031 9010000.pl031: setting system clock to 2017-02-14 23:07:54 UTC (1487113674)
+rtc-pl031 9010000.pl031: setting system clock to 2017-02-19 23:08:01 UTC (1487545681)
 ALSA device list:
   No soundcards found.
 uart-pl011 9000000.pl011: no DMA platform data
Diff for ./tegra114-dalmore-a04/tegra114-dalmore/multi_v7_defconfig_log.txt
--- /tmp/fooa	2017-02-19 15:13:49.762150124 -0800
+++ /tmp/foob	2017-02-19 15:13:49.762150124 -0800
@@ -39,20 +39,20 @@
 	 #################################################################
 	 #################################################################
 	 ###################################################
-	 3.1 MiB/s
+	 3.3 MiB/s
 done
-Bytes transferred = 7413856 (712060 hex)
+Bytes transferred = 7415968 (7128a0 hex)
 Tegra114 (Dalmore) # tftpboot 0x82000000 tegra114-dalmore.dtb
 Using asx0 device
 TFTP from server 192.168.100.1; our IP address is 192.168.100.100
 Filename 'tegra114-dalmore.dtb'.
 Load address: 0x82000000
 Loading: *###
-	 2.6 MiB/s
+	 2.8 MiB/s
 done
 Bytes transferred = 35044 (88e4 hex)
 Tegra114 (Dalmore) # bootz 0x81000000 - 0x82000000
-Kernel image @ 0x81000000 [ 0x000000 - 0x712060 ]
+Kernel image @ 0x81000000 [ 0x000000 - 0x7128a0 ]
 ## Flattened Device Tree blob at 82000000
    Booting using the fdt blob at 0x82000000
    Loading Device Tree to 8fff4000, end 8ffff8e3 ... OK
@@ -60,7 +60,7 @@
 Starting kernel ...
 
 Booting Linux on physical CPU 0x0
-Linux version 4.10.0-rc8-143185-g7089db8 (pwalmsley@sellafield) (gcc version 4.7.3 20130328 (prerelease) (crosstool-NG linaro-1.13.1-4.7-2013.04-20130415 - Linaro GCC 2013.04) ) #1 SMP Tue Feb 14 15:04:25 PST 2017
+Linux version 4.10.0-143272-gc470abd (pwalmsley@sellafield) (gcc version 4.7.3 20130328 (prerelease) (crosstool-NG linaro-1.13.1-4.7-2013.04-20130415 - Linaro GCC 2013.04) ) #1 SMP Sun Feb 19 15:04:08 PST 2017
 CPU: ARMv7 Processor [412fc0f2] revision 2 (ARMv7), cr=10c5387d
 CPU: div instructions available: patching division code
 CPU: PIPT / VIPT nonaliasing data cache, PIPT instruction cache
@@ -71,7 +71,7 @@
 cma: Reserved 64 MiB at 0xfb800000
 Memory policy: Data cache writealloc
 On node 0 totalpages: 524032
-free_area_init_node: node 0, pgdat c142b540, node_mem_map eeff8000
+free_area_init_node: node 0, pgdat c142ba40, node_mem_map eeff8000
   DMA zone: 1536 pages used for memmap
   DMA zone: 0 pages reserved
   DMA zone: 196608 pages, LIFO batch:31
@@ -84,7 +84,7 @@
 PID hash table entries: 4096 (order: 2, 16384 bytes)
 Dentry cache hash table entries: 131072 (order: 7, 524288 bytes)
 Inode-cache hash table entries: 65536 (order: 6, 262144 bytes)
-Memory: 1994876K/2096128K available (9216K kernel code, 1204K rwdata, 4148K rodata, 2048K init, 536K bss, 35716K reserved, 65536K cma-reserved, 1244160K highmem)
+Memory: 1994876K/2096128K available (9216K kernel code, 1205K rwdata, 4152K rodata, 2048K init, 536K bss, 35716K reserved, 65536K cma-reserved, 1244160K highmem)
 Virtual kernel memory layout:
     vector  : 0xffff0000 - 0xffff1000   (   4 kB)
     fixmap  : 0xffc00000 - 0xfff00000   (3072 kB)
@@ -94,7 +94,7 @@
     modules : 0xbf000000 - 0xbfe00000   (  14 MB)
       .text : 0xc0208000 - 0xc0c00000   (10208 kB)
       .init : 0xc1100000 - 0xc1300000   (2048 kB)
-      .data : 0xc1300000 - 0xc142d040   (1205 kB)
+      .data : 0xc1300000 - 0xc142d540   (1206 kB)
        .bss : 0xc142f000 - 0xc14b51d0   ( 537 kB)
 SLUB: HWalign=64, Order=0-3, MinObjects=0, CPUs=4, Nodes=1
 Hierarchical RCU implementation.
@@ -135,6 +135,7 @@
 devtmpfs: initialized
 VFP support v0.3: implementor 41 architecture 4 part 30 variant f rev 0
 clocksource: jiffies: mask: 0xffffffff max_cycles: 0xffffffff, max_idle_ns: 19112604462750000 ns
+futex hash table entries: 1024 (order: 4, 65536 bytes)
 pinctrl core: initialized pinctrl subsystem
 NET: Registered protocol family 16
 DMA: preallocated 256 KiB pool for atomic coherent allocations
@@ -211,7 +212,6 @@
 RPC: Registered tcp transport module.
 RPC: Registered tcp NFSv4.1 backchannel transport module.
 PCI: CLS 0 bytes, default 64
-futex hash table entries: 1024 (order: 4, 65536 bytes)
 workingset: timestamp_bits=30 max_order=19 bucket_order=0
 squashfs: version 4.0 (2009/01/31) Phillip Lougher
 NFS: Registering the id_resolver key type
@@ -307,18 +307,18 @@
 usb1_vbus: supplied by vdd-sys-5v0
 usb2_vbus: supplied by vdd-sys-5v0
 mmc0: new high speed SDHC card at address aaaa
+mmcblk0: mmc0:aaaa SL16G 14.8 GiB 
 VDD_5V0_HDMI_CON: supplied by vdd-sys-5v0
 [drm] Supports vblank timestamp caching Rev 2 (21.10.2013).
-[drm] No driver support for vblank timestamp query.
-mmcblk0: mmc0:aaaa SL16G 14.8 GiB 
  mmcblk0: p1 p2 p3
-Console: switching to colour frame buffer device 240x75
+[drm] No driver support for vblank timestamp query.
 mmc1: new high speed MMC card at address 0001
 mmcblk1: mmc1:0001 SEM32G 29.1 GiB 
 mmcblk1boot0: mmc1:0001 SEM32G partition 1 4.00 MiB
 mmcblk1boot1: mmc1:0001 SEM32G partition 2 4.00 MiB
 mmcblk1rpmb: mmc1:0001 SEM32G partition 3 4.00 MiB
  mmcblk1: p1 p2 p3 p4 p5 p6 p7 p8
+Console: switching to colour frame buffer device 240x75
 drm drm: fb0:  frame buffer device
 [drm] Initialized tegra 0.0.0 20120330 on minor 0
 tegra-ehci 7d008000.usb: EHCI Host Controller
@@ -328,7 +328,7 @@
 hub 1-0:1.0: USB hub found
 hub 1-0:1.0: 1 port detected
 input: gpio-keys as /devices/soc0/gpio-keys/input/input0
-palmas-rtc 7000d000.i2c:tps65913@58:rtc: setting system clock to 2000-12-09 10:38:34 UTC (976358314)
+palmas-rtc 7000d000.i2c:tps65913@58:rtc: setting system clock to 2000-12-14 10:36:16 UTC (976790176)
 dvdd_ts: disabling
 usb1_vbus: disabling
 vdd_cam_1v8_reg: disabling
@@ -340,4 +340,4 @@
 Freeing unused kernel memory: 2048K
 bash: cannot set terminal process group (-1): Inappropriate ioctl for device
 bash: no job control in this shell
-root@(none):/# [    2.559980] usb 1-1: new high-speed USB device number 2 using tegra-ehci
+root@(none):/# [    2.579945] usb 1-1: new high-speed USB device number 2 using tegra-ehci
Diff for ./tegra114-dalmore-a04/tegra114-dalmore/tegra_defconfig_log.txt
--- /tmp/fooa	2017-02-19 15:13:49.766150140 -0800
+++ /tmp/foob	2017-02-19 15:13:49.770150155 -0800
@@ -37,20 +37,20 @@
 	 #################################################################
 	 #################################################################
 	 ###################################################
-	 3.3 MiB/s
+	 3.1 MiB/s
 done
-Bytes transferred = 5507992 (540b98 hex)
+Bytes transferred = 5508480 (540d80 hex)
 Tegra114 (Dalmore) # tftpboot 0x82000000 tegra114-dalmore.dtb
 Using asx0 device
 TFTP from server 192.168.100.1; our IP address is 192.168.100.100
 Filename 'tegra114-dalmore.dtb'.
 Load address: 0x82000000
 Loading: *###
-	 2.8 MiB/s
+	 3 MiB/s
 done
 Bytes transferred = 35044 (88e4 hex)
 Tegra114 (Dalmore) # bootz 0x81000000 - 0x82000000
-Kernel image @ 0x81000000 [ 0x000000 - 0x540b98 ]
+Kernel image @ 0x81000000 [ 0x000000 - 0x540d80 ]
 ## Flattened Device Tree blob at 82000000
    Booting using the fdt blob at 0x82000000
    Loading Device Tree to 8fff4000, end 8ffff8e3 ... OK
@@ -59,7 +59,7 @@
 
 Uncompressing Linux... done, booting the kernel.
 Booting Linux on physical CPU 0x0
-Linux version 4.10.0-rc8-143185-g7089db8 (pwalmsley@kaivo) (gcc version 4.7.3 20130328 (prerelease) (crosstool-NG linaro-1.13.1-4.7-2013.04-20130415 - Linaro GCC 2013.04) ) #1 SMP PREEMPT Tue Feb 14 15:03:48 PST 2017
+Linux version 4.10.0-143272-gc470abd (pwalmsley@kaivo) (gcc version 4.7.3 20130328 (prerelease) (crosstool-NG linaro-1.13.1-4.7-2013.04-20130415 - Linaro GCC 2013.04) ) #1 SMP PREEMPT Sun Feb 19 15:04:05 PST 2017
 CPU: ARMv7 Processor [412fc0f2] revision 2 (ARMv7), cr=10c5387d
 CPU: div instructions available: patching division code
 CPU: PIPT / VIPT nonaliasing data cache, PIPT instruction cache
@@ -129,6 +129,7 @@
 devtmpfs: initialized
 VFP support v0.3: implementor 41 architecture 4 part 30 variant f rev 0
 clocksource: jiffies: mask: 0xffffffff max_cycles: 0xffffffff, max_idle_ns: 19112604462750000 ns
+futex hash table entries: 1024 (order: 4, 65536 bytes)
 pinctrl core: initialized pinctrl subsystem
 NET: Registered protocol family 16
 DMA: preallocated 256 KiB pool for atomic coherent allocations
@@ -211,7 +212,6 @@
 RPC: Registered tcp transport module.
 RPC: Registered tcp NFSv4.1 backchannel transport module.
 PCI: CLS 0 bytes, default 64
-futex hash table entries: 1024 (order: 4, 65536 bytes)
 workingset: timestamp_bits=30 max_order=19 bucket_order=0
 squashfs: version 4.0 (2009/01/31) Phillip Lougher
 NFS: Registering the id_resolver key type
@@ -278,9 +278,9 @@
 usbhid: USB HID core driver
 mmc0: new high speed SDHC card at address aaaa
 mmcblk0: mmc0:aaaa SL16G 14.8 GiB 
+ mmcblk0: p1 p2 p3
 mmc1: new high speed MMC card at address 0001
 mmcblk1: mmc1:0001 SEM32G 29.1 GiB 
- mmcblk0: p1 p2 p3
 mmcblk1boot0: mmc1:0001 SEM32G partition 1 4.00 MiB
 mmcblk1boot1: mmc1:0001 SEM32G partition 2 4.00 MiB
 mmcblk1rpmb: mmc1:0001 SEM32G partition 3 4.00 MiB
@@ -322,7 +322,7 @@
 hub 1-0:1.0: USB hub found
 hub 1-0:1.0: 1 port detected
 input: gpio-keys as /devices/soc0/gpio-keys/input/input1
-palmas-rtc 7000d000.i2c:tps65913@58:rtc: setting system clock to 2000-12-09 10:35:51 UTC (976358151)
+palmas-rtc 7000d000.i2c:tps65913@58:rtc: setting system clock to 2000-12-14 10:38:44 UTC (976790324)
 dvdd_ts: disabling
 usb1_vbus: disabling
 vdd_cam_1v8_reg: disabling
Diff for ./tegra124-jetson-tk1/tegra124-jetson-tk1/multi_v7_defconfig_log.txt
--- /tmp/fooa	2017-02-19 15:13:49.774150171 -0800
+++ /tmp/foob	2017-02-19 15:13:49.778150186 -0800
@@ -9,7 +9,7 @@
 Model: NVIDIA Jetson TK1
 Board: NVIDIA Jetson TK1
 DRAM:  2 GiB
-MMC:   Tegra SD/MMC: 0, Tegra SD/MMC: 1
+MC:   Tegra SD/MMC: 0, Tegra SD/MMC: 1
 In:    serial
 Out:   serial
 Err:   serial
@@ -36,7 +36,7 @@
 	 ###################################################
 	 4 MiB/s
 done
-Bytes transferred = 7413856 (712060 hex)
+Bytes transferred = 7415968 (7128a0 hex)
 Tegra124 (Jetson TK1) # tftpboot 0x83000000 tegra124-jetson-tk1.dtb
 Using eth_rtl8169 device
 TFTP from server 192.168.100.1; our IP address is 192.168.100.102
@@ -47,7 +47,7 @@
 done
 Bytes transferred = 67133 (1063d hex)
 Tegra124 (Jetson TK1) # bootz 0x82000000 - 0x83000000
-Kernel image @ 0x82000000 [ 0x000000 - 0x712060 ]
+Kernel image @ 0x82000000 [ 0x000000 - 0x7128a0 ]
 ## Flattened Device Tree blob at 83000000
    Booting using the fdt blob at 0x83000000
    Using Device Tree in place at 83000000, end 8301363c
@@ -55,7 +55,7 @@
 Starting kernel ...
 
 Booting Linux on physical CPU 0x0
-Linux version 4.10.0-rc8-143185-g7089db8 (pwalmsley@sellafield) (gcc version 4.7.3 20130328 (prerelease) (crosstool-NG linaro-1.13.1-4.7-2013.04-20130415 - Linaro GCC 2013.04) ) #1 SMP Tue Feb 14 15:04:25 PST 2017
+Linux version 4.10.0-143272-gc470abd (pwalmsley@sellafield) (gcc version 4.7.3 20130328 (prerelease) (crosstool-NG linaro-1.13.1-4.7-2013.04-20130415 - Linaro GCC 2013.04) ) #1 SMP Sun Feb 19 15:04:08 PST 2017
 CPU: ARMv7 Processor [413fc0f3] revision 3 (ARMv7), cr=10c5387d
 CPU: div instructions available: patching division code
 CPU: PIPT / VIPT nonaliasing data cache, PIPT instruction cache
@@ -66,7 +66,7 @@
 cma: Reserved 64 MiB at 0xfb800000
 Memory policy: Data cache writealloc
 On node 0 totalpages: 524032
-free_area_init_node: node 0, pgdat c142b540, node_mem_map eeff8000
+free_area_init_node: node 0, pgdat c142ba40, node_mem_map eeff8000
   DMA zone: 1536 pages used for memmap
   DMA zone: 0 pages reserved
   DMA zone: 196608 pages, LIFO batch:31
@@ -79,7 +79,7 @@
 PID hash table entries: 4096 (order: 2, 16384 bytes)
 Dentry cache hash table entries: 131072 (order: 7, 524288 bytes)
 Inode-cache hash table entries: 65536 (order: 6, 262144 bytes)
-Memory: 1994756K/2096128K available (9216K kernel code, 1204K rwdata, 4148K rodata, 2048K init, 536K bss, 35836K reserved, 65536K cma-reserved, 1244160K highmem)
+Memory: 1994756K/2096128K available (9216K kernel code, 1205K rwdata, 4152K rodata, 2048K init, 536K bss, 35836K reserved, 65536K cma-reserved, 1244160K highmem)
 Virtual kernel memory layout:
     vector  : 0xffff0000 - 0xffff1000   (   4 kB)
     fixmap  : 0xffc00000 - 0xfff00000   (3072 kB)
@@ -89,7 +89,7 @@
     modules : 0xbf000000 - 0xbfe00000   (  14 MB)
       .text : 0xc0208000 - 0xc0c00000   (10208 kB)
       .init : 0xc1100000 - 0xc1300000   (2048 kB)
-      .data : 0xc1300000 - 0xc142d040   (1205 kB)
+      .data : 0xc1300000 - 0xc142d540   (1206 kB)
        .bss : 0xc142f000 - 0xc14b51d0   ( 537 kB)
 SLUB: HWalign=64, Order=0-3, MinObjects=0, CPUs=4, Nodes=1
 Hierarchical RCU implementation.
@@ -130,6 +130,7 @@
 devtmpfs: initialized
 VFP support v0.3: implementor 41 architecture 4 part 30 variant f rev 0
 clocksource: jiffies: mask: 0xffffffff max_cycles: 0xffffffff, max_idle_ns: 19112604462750000 ns
+futex hash table entries: 1024 (order: 4, 65536 bytes)
 pinctrl core: initialized pinctrl subsystem
 NET: Registered protocol family 16
 DMA: preallocated 256 KiB pool for atomic coherent allocations
@@ -176,7 +177,6 @@
 RPC: Registered tcp NFSv4.1 backchannel transport module.
 PCI: CLS 0 bytes, default 64
 hw perfevents: enabled with armv7_cortex_a15 PMU driver, 7 counters available
-futex hash table entries: 1024 (order: 4, 65536 bytes)
 workingset: timestamp_bits=30 max_order=19 bucket_order=0
 squashfs: version 4.0 (2009/01/31) Phillip Lougher
 NFS: Registering the id_resolver key type
@@ -312,21 +312,21 @@
 +5V_HDMI_CON: supplied by +5V_SYS
 +5V_SATA: supplied by +5V_SYS
 +12V_SATA: supplied by +VDD_MUX
-mmc0: new high speed MMC card at address 0001
 usb2-0 supply vbus not found, using dummy regulator
 usb2-1 supply vbus not found, using dummy regulator
+mmc0: new high speed MMC card at address 0001
+mmcblk0: mmc0:0001 SEM16G 14.7 GiB 
+mmcblk0boot0: mmc0:0001 SEM16G partition 1 4.00 MiB
+mmcblk0boot1: mmc0:0001 SEM16G partition 2 4.00 MiB
+mmcblk0rpmb: mmc0:0001 SEM16G partition 3 4.00 MiB
+ mmcblk0: p1
 usb3-0 supply vbus not found, using dummy regulator
 tegra-pcie 1003000.pcie-controller: 2x1, 1x1 configuration
 tegra-pcie 1003000.pcie-controller: Failed to get supply 'avddio-pex': -517
 tegra124-dfll 70110000.clock: couldn't get vdd_cpu regulator
 tegra-hdmi 54280000.hdmi: failed to get PLL regulator
-mmcblk0: mmc0:0001 SEM16G 14.7 GiB 
 as3722-sd2: supplied by +5V_SYS
-mmcblk0boot0: mmc0:0001 SEM16G partition 1 4.00 MiB
-mmcblk0boot1: mmc0:0001 SEM16G partition 2 4.00 MiB
-mmcblk0rpmb: mmc0:0001 SEM16G partition 3 4.00 MiB
 as3722-sd3: supplied by +5V_SYS
- mmcblk0: p1
 as3722-sd4: supplied by +5V_SYS
 +1.05V_RUN_AVDD_HDMI_PLL: supplied by +1.05V_RUN
 as3722-sd5: supplied by +5V_SYS
@@ -440,7 +440,7 @@
 cpufreq: cpufreq_online: CPU0: Running at unlisted freq: 696000 KHz
 cpufreq: cpufreq_online: CPU0: Unlisted initial frequency changed to: 714000 KHz
 input: gpio-keys as /devices/soc0/gpio-keys/input/input0
-as3722-rtc as3722-rtc: setting system clock to 2000-01-01 00:02:24 UTC (946684944)
+as3722-rtc as3722-rtc: setting system clock to 2000-01-01 00:00:14 UTC (946684814)
 +USB0_VBUS_SW: disabling
 +1.8V_RUN_CAM: disabling
 +2.8V_RUN_CAM: disabling
Diff for ./tegra124-jetson-tk1/tegra124-jetson-tk1/tegra_defconfig_log.txt
--- /tmp/fooa	2017-02-19 15:13:49.786150217 -0800
+++ /tmp/foob	2017-02-19 15:13:49.786150217 -0800
@@ -34,18 +34,18 @@
 	 ###################################################
 	 3.9 MiB/s
 done
-Bytes transferred = 5507992 (540b98 hex)
+Bytes transferred = 5508480 (540d80 hex)
 Tegra124 (Jetson TK1) # tftpboot 0x83000000 tegra124-jetson-tk1.dtb
 Using eth_rtl8169 device
 TFTP from server 192.168.100.1; our IP address is 192.168.100.102
 Filename 'tegra124-jetson-tk1.dtb'.
 Load address: 0x83000000
 Loading: *#####
-	 4 MiB/s
+	 3.8 MiB/s
 done
 Bytes transferred = 67133 (1063d hex)
 Tegra124 (Jetson TK1) # bootz 0x82000000 - 0x83000000
-Kernel image @ 0x82000000 [ 0x000000 - 0x540b98 ]
+Kernel image @ 0x82000000 [ 0x000000 - 0x540d80 ]
 ## Flattened Device Tree blob at 83000000
    Booting using the fdt blob at 0x83000000
    Using Device Tree in place at 83000000, end 8301363c
@@ -54,7 +54,7 @@
 
 Uncompressing Linux... done, booting the kernel.
 Booting Linux on physical CPU 0x0
-Linux version 4.10.0-rc8-143185-g7089db8 (pwalmsley@kaivo) (gcc version 4.7.3 20130328 (prerelease) (crosstool-NG linaro-1.13.1-4.7-2013.04-20130415 - Linaro GCC 2013.04) ) #1 SMP PREEMPT Tue Feb 14 15:03:48 PST 2017
+Linux version 4.10.0-143272-gc470abd (pwalmsley@kaivo) (gcc version 4.7.3 20130328 (prerelease) (crosstool-NG linaro-1.13.1-4.7-2013.04-20130415 - Linaro GCC 2013.04) ) #1 SMP PREEMPT Sun Feb 19 15:04:05 PST 2017
 CPU: ARMv7 Processor [413fc0f3] revision 3 (ARMv7), cr=10c5387d
 CPU: div instructions available: patching division code
 CPU: PIPT / VIPT nonaliasing data cache, PIPT instruction cache
@@ -124,6 +124,7 @@
 devtmpfs: initialized
 VFP support v0.3: implementor 41 architecture 4 part 30 variant f rev 0
 clocksource: jiffies: mask: 0xffffffff max_cycles: 0xffffffff, max_idle_ns: 19112604462750000 ns
+futex hash table entries: 1024 (order: 4, 65536 bytes)
 pinctrl core: initialized pinctrl subsystem
 NET: Registered protocol family 16
 DMA: preallocated 256 KiB pool for atomic coherent allocations
@@ -176,7 +177,6 @@
 RPC: Registered tcp NFSv4.1 backchannel transport module.
 PCI: CLS 0 bytes, default 64
 hw perfevents: enabled with armv7_cortex_a15 PMU driver, 7 counters available
-futex hash table entries: 1024 (order: 4, 65536 bytes)
 workingset: timestamp_bits=30 max_order=19 bucket_order=0
 squashfs: version 4.0 (2009/01/31) Phillip Lougher
 NFS: Registering the id_resolver key type
@@ -328,10 +328,10 @@
 as3722-sd4: supplied by +5V_SYS
 +1.05V_RUN_AVDD_HDMI_PLL: supplied by +1.05V_RUN
 as3722-sd5: supplied by +5V_SYS
+input: tegra-hda HDMI/DP,pcm=3 as /devices/soc0/70030000.hda/sound/card0/input1
 as3722-ldo0: supplied by +1.35V_LP0(sd2)
 as3722-ldo1: supplied by +3.3V_RUN
 as3722-ldo2: supplied by +1.8V_VDDIO
-input: tegra-hda HDMI/DP,pcm=3 as /devices/soc0/70030000.hda/sound/card0/input1
 as3722-ldo3: supplied by +3.3V_SYS
 as3722-ldo4: supplied by +3.3V_SYS
 as3722-ldo5: supplied by +1.8V_VDDIO
@@ -451,7 +451,7 @@
 cpufreq: cpufreq_online: CPU0: Running at unlisted freq: 696000 KHz
 cpufreq: cpufreq_online: CPU0: Unlisted initial frequency changed to: 714000 KHz
 input: gpio-keys as /devices/soc0/gpio-keys/input/input2
-as3722-rtc as3722-rtc: setting system clock to 2000-01-01 00:00:13 UTC (946684813)
+as3722-rtc as3722-rtc: setting system clock to 2000-01-01 00:01:35 UTC (946684895)
 +USB0_VBUS_SW: disabling
 +1.8V_RUN_CAM: disabling
 +2.8V_RUN_CAM: disabling
Diff for ./tegra124-nyan-big/tegra124-nyan-big/multi_v7_defconfig_log.txt
--- /tmp/fooa	2017-02-19 15:13:49.790150232 -0800
+++ /tmp/foob	2017-02-19 15:13:49.794150247 -0800
@@ -5,7 +5,7 @@
 TEGRA124
 Model: Acer Chromebook 13 CB5-311
 DRAM:  4 GiB
-:   Tegra SD/MMC: 0, Tegra SD/MMC: 1, Tegra SD/MMC: 2
+C:   Tegra SD/MMC: 0, Tegra SD/MMC: 1, Tegra SD/MMC: 2
 MMC init failed
 Using default environment
 
@@ -44,18 +44,18 @@
 	 ###################################################
 	 3.6 MiB/s
 done
-Bytes transferred = 7413856 (712060 hex)
+Bytes transferred = 7415968 (7128a0 hex)
 Tegra124 (Nyan-big) # tftpboot 0x83000000 tegra124-nyan-big.dtb
 Using asx0 device
 TFTP from server 192.168.100.1; our IP address is 192.168.100.102
 Filename 'tegra124-nyan-big.dtb'.
 Load address: 0x83000000
 Loading: *#####
-	 3.2 MiB/s
+	 3.4 MiB/s
 done
 Bytes transferred = 67943 (10967 hex)
 Tegra124 (Nyan-big) # bootz 0x82000000 - 0x83000000
-Kernel image @ 0x82000000 [ 0x000000 - 0x712060 ]
+Kernel image @ 0x82000000 [ 0x000000 - 0x7128a0 ]
 ## Flattened Device Tree blob at 83000000
    Booting using the fdt blob at 0x83000000
    Using Device Tree in place at 83000000, end 83013966
@@ -63,7 +63,7 @@
 Starting kernel ...
 
 Booting Linux on physical CPU 0x0
-Linux version 4.10.0-rc8-143185-g7089db8 (pwalmsley@sellafield) (gcc version 4.7.3 20130328 (prerelease) (crosstool-NG linaro-1.13.1-4.7-2013.04-20130415 - Linaro GCC 2013.04) ) #1 SMP Tue Feb 14 15:04:25 PST 2017
+Linux version 4.10.0-143272-gc470abd (pwalmsley@sellafield) (gcc version 4.7.3 20130328 (prerelease) (crosstool-NG linaro-1.13.1-4.7-2013.04-20130415 - Linaro GCC 2013.04) ) #1 SMP Sun Feb 19 15:04:08 PST 2017
 CPU: ARMv7 Processor [413fc0f3] revision 3 (ARMv7), cr=10c5387d
 CPU: div instructions available: patching division code
 CPU: PIPT / VIPT nonaliasing data cache, PIPT instruction cache
@@ -75,7 +75,7 @@
 cma: Reserved 64 MiB at 0xfb800000
 Memory policy: Data cache writealloc
 On node 0 totalpages: 524287
-free_area_init_node: node 0, pgdat c142b540, node_mem_map eeff8000
+free_area_init_node: node 0, pgdat c142ba40, node_mem_map eeff8000
   DMA zone: 1536 pages used for memmap
   DMA zone: 0 pages reserved
   DMA zone: 196608 pages, LIFO batch:31
@@ -88,7 +88,7 @@
 PID hash table entries: 4096 (order: 2, 16384 bytes)
 Dentry cache hash table entries: 131072 (order: 7, 524288 bytes)
 Inode-cache hash table entries: 65536 (order: 6, 262144 bytes)
-Memory: 1995772K/2097148K available (9216K kernel code, 1204K rwdata, 4148K rodata, 2048K init, 536K bss, 35840K reserved, 65536K cma-reserved, 1245180K highmem)
+Memory: 1995772K/2097148K available (9216K kernel code, 1205K rwdata, 4152K rodata, 2048K init, 536K bss, 35840K reserved, 65536K cma-reserved, 1245180K highmem)
 Virtual kernel memory layout:
     vector  : 0xffff0000 - 0xffff1000   (   4 kB)
     fixmap  : 0xffc00000 - 0xfff00000   (3072 kB)
@@ -98,7 +98,7 @@
     modules : 0xbf000000 - 0xbfe00000   (  14 MB)
       .text : 0xc0208000 - 0xc0c00000   (10208 kB)
       .init : 0xc1100000 - 0xc1300000   (2048 kB)
-      .data : 0xc1300000 - 0xc142d040   (1205 kB)
+      .data : 0xc1300000 - 0xc142d540   (1206 kB)
        .bss : 0xc142f000 - 0xc14b51d0   ( 537 kB)
 SLUB: HWalign=64, Order=0-3, MinObjects=0, CPUs=4, Nodes=1
 Hierarchical RCU implementation.
@@ -139,6 +139,7 @@
 devtmpfs: initialized
 VFP support v0.3: implementor 41 architecture 4 part 30 variant f rev 0
 clocksource: jiffies: mask: 0xffffffff max_cycles: 0xffffffff, max_idle_ns: 19112604462750000 ns
+futex hash table entries: 1024 (order: 4, 65536 bytes)
 pinctrl core: initialized pinctrl subsystem
 NET: Registered protocol family 16
 DMA: preallocated 256 KiB pool for atomic coherent allocations
@@ -188,7 +189,6 @@
 RPC: Registered tcp NFSv4.1 backchannel transport module.
 PCI: CLS 0 bytes, default 64
 hw perfevents: enabled with armv7_cortex_a15 PMU driver, 7 counters available
-futex hash table entries: 1024 (order: 4, 65536 bytes)
 workingset: timestamp_bits=30 max_order=19 bucket_order=0
 squashfs: version 4.0 (2009/01/31) Phillip Lougher
 NFS: Registering the id_resolver key type
@@ -303,13 +303,14 @@
 sit: IPv6, IPv4 and MPLS over IPv4 tunneling driver
 NET: Registered protocol family 17
 can: controller area network core (rev 20120528 abi 9)
-elan_i2c 1-0015: Elan Touchpad: Module ID: 0x002a, Firmware: 0x0005, Sample: 0x0007, IAP: 0x0009
 NET: Registered protocol family 29
 can: raw protocol (rev 20120528)
 can: broadcast manager protocol (rev 20161123 t)
 can: netlink gateway (rev 20130117) max_hops=1
 Key type dns_resolver registered
+elan_i2c 1-0015: Elan Touchpad: Module ID: 0x002a, Firmware: 0x0005, Sample: 0x0007, IAP: 0x0009
 ThumbEE CPU extension supported.
+input: Elan Touchpad as /devices/soc0/7000c400.i2c/i2c-1/1-0015/input/input0
 Registering SWP/SWPB emulation handler
 +3.3V_RUN: supplied by +3.3V_SYS
 +3.3V_AVDD_HDMI_AP_GATED: supplied by +3.3V_RUN
@@ -322,7 +323,15 @@
 +5V_USB_SS: supplied by +5V_SYS
 +3.3V_PANEL: supplied by +3.3V_RUN
 +3.3V_LP0: supplied by +3.3V_SYS
+mmc0: new high speed MMC card at address 0001
 +1.05V_RUN_AVDD_HDMI_PLL: supplied by +1.05V_RUN
+mmcblk0: mmc0:0001 MMC16G 14.4 GiB 
+elan_i2c 1-0015: failed to read report data: -121
+mmcblk0boot0: mmc0:0001 MMC16G partition 1 2.00 MiB
+elan_i2c 1-0015: failed to read report data: -121
+mmcblk0boot1: mmc0:0001 MMC16G partition 2 2.00 MiB
+mmcblk0rpmb: mmc0:0001 MMC16G partition 3 128 KiB
+ mmcblk0: p1 p2 p3 p4 p5 p6 p7 p8 p9 p10 p11 p12
 +5V_HDMI_CON: supplied by +5V_SYS
 usb3-0 supply vbus not found, using dummy regulator
 usb3-1 supply vbus not found, using dummy regulator
@@ -332,12 +341,7 @@
 mmc1: Unknown controller version (3). You may experience problems.
 mmc1: Invalid maximum block size, assuming 512 bytes
 mmc1: Switching to 3.3V signalling voltage failed
-mmc0: new high speed MMC card at address 0001
-mmcblk0: mmc0:0001 MMC16G 14.4 GiB 
-mmcblk0boot0: mmc0:0001 MMC16G partition 1 2.00 MiB
-mmcblk0boot1: mmc0:0001 MMC16G partition 2 2.00 MiB
-mmcblk0rpmb: mmc0:0001 MMC16G partition 3 128 KiB
- mmcblk0: p1 p2 p3 p4 p5 p6 p7 p8 p9 p10 p11 p12
+elan_i2c 1-0015: invalid report id data (ff)
 mmc1: SDHCI controller on 700b0000.sdhci [700b0000.sdhci] using ADMA
 sdhci-tegra 700b0400.sdhci: Got CD GPIO
 sdhci-tegra 700b0400.sdhci: Got WP GPIO
@@ -345,18 +349,17 @@
 mmc2: Invalid maximum block size, assuming 512 bytes
 mmc1: new high speed SDIO card at address 0001
 mmc2: SDHCI controller on 700b0400.sdhci [700b0400.sdhci] using ADMA
-input: Elan Touchpad as /devices/soc0/7000c400.i2c/i2c-1/1-0015/input/input0
 [drm] Supports vblank timestamp caching Rev 2 (21.10.2013).
 [drm] No driver support for vblank timestamp query.
 mmc2: new high speed SDHC card at address 0007
 mmcblk2: mmc2:0007 SD08G 7.42 GiB 
-Console: switching to colour frame buffer device 170x48
 GPT:Primary header alternate_lba != Alt. header my_lba
 GPT:3014591 != 15564799
 GPT:Primary header thinks Alt. header is not at the end of the disk.
 GPT:3014591 != 15564799
 GPT: Use GNU Parted to correct GPT errors.
  mmcblk2: p1 p2 p3 p4 p5 p6 p7 p8 p9 p10 p11 p12
+Console: switching to colour frame buffer device 170x48
 drm drm: fb0:  frame buffer device
 [drm] Initialized tegra 0.0.0 20120330 on minor 0
 input: gpio-keys as /devices/soc0/gpio-keys/input/input1
Diff for ./tegra124-nyan-big/tegra124-nyan-big/tegra_defconfig_log.txt
--- /tmp/fooa	2017-02-19 15:13:49.798150263 -0800
+++ /tmp/foob	2017-02-19 15:13:49.802150279 -0800
@@ -5,7 +5,7 @@
 TEGRA124
 Model: Acer Chromebook 13 CB5-311
 DRAM:  4 GiB
-C:   Tegra SD/MMC: 0, Tegra SD/MMC: 1, Tegra SD/MMC: 2
+:   Tegra SD/MMC: 0, Tegra SD/MMC: 1, Tegra SD/MMC: 2
 MMC init failed
 Using default environment
 
@@ -40,9 +40,9 @@
 	 #################################################################
 	 #################################################################
 	 ###################################################
-	 3.6 MiB/s
+	 3.5 MiB/s
 done
-Bytes transferred = 5507992 (540b98 hex)
+Bytes transferred = 5508480 (540d80 hex)
 Tegra124 (Nyan-big) # tftpboot 0x83000000 tegra124-nyan-big.dtb
 Using asx0 device
 TFTP from server 192.168.100.1; our IP address is 192.168.100.102
@@ -53,7 +53,7 @@
 done
 Bytes transferred = 67943 (10967 hex)
 Tegra124 (Nyan-big) # bootz 0x82000000 - 0x83000000
-Kernel image @ 0x82000000 [ 0x000000 - 0x540b98 ]
+Kernel image @ 0x82000000 [ 0x000000 - 0x540d80 ]
 ## Flattened Device Tree blob at 83000000
    Booting using the fdt blob at 0x83000000
    Using Device Tree in place at 83000000, end 83013966
@@ -62,7 +62,7 @@
 
 Uncompressing Linux... done, booting the kernel.
 Booting Linux on physical CPU 0x0
-Linux version 4.10.0-rc8-143185-g7089db8 (pwalmsley@kaivo) (gcc version 4.7.3 20130328 (prerelease) (crosstool-NG linaro-1.13.1-4.7-2013.04-20130415 - Linaro GCC 2013.04) ) #1 SMP PREEMPT Tue Feb 14 15:03:48 PST 2017
+Linux version 4.10.0-143272-gc470abd (pwalmsley@kaivo) (gcc version 4.7.3 20130328 (prerelease) (crosstool-NG linaro-1.13.1-4.7-2013.04-20130415 - Linaro GCC 2013.04) ) #1 SMP PREEMPT Sun Feb 19 15:04:05 PST 2017
 CPU: ARMv7 Processor [413fc0f3] revision 3 (ARMv7), cr=10c5387d
 CPU: div instructions available: patching division code
 CPU: PIPT / VIPT nonaliasing data cache, PIPT instruction cache
@@ -133,6 +133,7 @@
 devtmpfs: initialized
 VFP support v0.3: implementor 41 architecture 4 part 30 variant f rev 0
 clocksource: jiffies: mask: 0xffffffff max_cycles: 0xffffffff, max_idle_ns: 19112604462750000 ns
+futex hash table entries: 1024 (order: 4, 65536 bytes)
 pinctrl core: initialized pinctrl subsystem
 NET: Registered protocol family 16
 DMA: preallocated 256 KiB pool for atomic coherent allocations
@@ -188,7 +189,6 @@
 RPC: Registered tcp NFSv4.1 backchannel transport module.
 PCI: CLS 0 bytes, default 64
 hw perfevents: enabled with armv7_cortex_a15 PMU driver, 7 counters available
-futex hash table entries: 1024 (order: 4, 65536 bytes)
 workingset: timestamp_bits=30 max_order=19 bucket_order=0
 squashfs: version 4.0 (2009/01/31) Phillip Lougher
 NFS: Registering the id_resolver key type
@@ -235,7 +235,6 @@
 as3722-ldo10: supplied by +5V_SYS
 +2.8V_RUN_CAM_AF: Bringing 0uV into 2800000-2800000uV
 +1.8V_RUN_VPP_FUSE: Bringing 0uV into 1800000-1800000uV
-cros-ec-spi spi32766.0: packet too long (249 bytes, expected 4)
 cros-ec-spi spi32766.0: Chrome EC device registered
 random: fast init done
 m25p80 spi32765.0: w25q32dw (4096 Kbytes)
@@ -287,47 +286,47 @@
 tegra30-i2s 70301100.i2s: DMA channels sourced from device 70300000.ahub
 BUG: scheduling while atomic: kworker/0:1/37/0x00000002
 Modules linked in:
-CPU: 0 PID: 37 Comm: kworker/0:1 Not tainted 4.10.0-rc8-143185-g7089db8 #1
+CPU: 0 PID: 37 Comm: kworker/0:1 Not tainted 4.10.0-143272-gc470abd #1
 Hardware name: NVIDIA Tegra SoC (Flattened Device Tree)
 Workqueue: events_freezable mmc_rescan
 [<c010f358>] (unwind_backtrace) from [<c010a918>] (show_stack+0x10/0x14)
 [<c010a918>] (show_stack) from [<c034e0dc>] (dump_stack+0x84/0xa4)
-[<c034e0dc>] (dump_stack) from [<c01b4e34>] (__schedule_bug+0x60/0x80)
-[<c01b4e34>] (__schedule_bug) from [<c0829cb0>] (__schedule+0x528/0x60c)
-[<c0829cb0>] (__schedule) from [<c0829f64>] (schedule+0x50/0xc0)
-[<c0829f64>] (schedule) from [<c082a1c0>] (schedule_preempt_disabled+0x24/0x40)
-[<c082a1c0>] (schedule_preempt_disabled) from [<c082e128>] (__mutex_lock_slowpath+0x400/0x6f0)
-[<c082e128>] (__mutex_lock_slowpath) from [<c03c5f48>] (clk_prepare_lock+0x3c/0xe4)
-[<c03c5f48>] (clk_prepare_lock) from [<c03c8450>] (clk_set_rate+0x14/0x30)
-[<c03c8450>] (clk_set_rate) from [<c05dec78>] (tegra_sdhci_set_clock+0x28/0xdc)
-[<c05dec78>] (tegra_sdhci_set_clock) from [<c05ddde4>] (sdhci_set_ios+0x2d8/0x584)
-[<c05ddde4>] (sdhci_set_ios) from [<c05c81f8>] (mmc_set_bus_mode+0x18/0x1c)
-[<c05c81f8>] (mmc_set_bus_mode) from [<c05cb0fc>] (mmc_init_card+0xb4/0x1824)
-[<c05cb0fc>] (mmc_init_card) from [<c05ccbe0>] (mmc_attach_mmc+0x8c/0x14c)
-[<c05ccbe0>] (mmc_attach_mmc) from [<c05c9164>] (mmc_rescan+0x274/0x34c)
-[<c05c9164>] (mmc_rescan) from [<c0134c98>] (process_one_work+0x120/0x31c)
+[<c034e0dc>] (dump_stack) from [<c01b4e3c>] (__schedule_bug+0x60/0x80)
+[<c01b4e3c>] (__schedule_bug) from [<c0829ee8>] (__schedule+0x528/0x60c)
+[<c0829ee8>] (__schedule) from [<c082a19c>] (schedule+0x50/0xc0)
+[<c082a19c>] (schedule) from [<c082a3f8>] (schedule_preempt_disabled+0x24/0x40)
+[<c082a3f8>] (schedule_preempt_disabled) from [<c082e360>] (__mutex_lock_slowpath+0x400/0x6f0)
+[<c082e360>] (__mutex_lock_slowpath) from [<c03c5f6c>] (clk_prepare_lock+0x3c/0xe4)
+[<c03c5f6c>] (clk_prepare_lock) from [<c03c8474>] (clk_set_rate+0x14/0x30)
+[<c03c8474>] (clk_set_rate) from [<c05decdc>] (tegra_sdhci_set_clock+0x28/0xdc)
+[<c05decdc>] (tegra_sdhci_set_clock) from [<c05dde48>] (sdhci_set_ios+0x2d8/0x584)
+[<c05dde48>] (sdhci_set_ios) from [<c05c8250>] (mmc_set_bus_mode+0x18/0x1c)
+[<c05c8250>] (mmc_set_bus_mode) from [<c05cb154>] (mmc_init_card+0xb4/0x1830)
+[<c05cb154>] (mmc_init_card) from [<c05ccc44>] (mmc_attach_mmc+0x8c/0x14c)
+[<c05ccc44>] (mmc_attach_mmc) from [<c05c91bc>] (mmc_rescan+0x274/0x34c)
+[<c05c91bc>] (mmc_rescan) from [<c0134c98>] (process_one_work+0x120/0x31c)
 [<c0134c98>] (process_one_work) from [<c0134ef8>] (worker_thread+0x2c/0x4b4)
 [<c0134ef8>] (worker_thread) from [<c013a3f4>] (kthread+0xfc/0x134)
 [<c013a3f4>] (kthread) from [<c0107938>] (ret_from_fork+0x14/0x3c)
 BUG: scheduling while atomic: kworker/0:1/37/0x00000000
 Modules linked in:
-CPU: 0 PID: 37 Comm: kworker/0:1 Tainted: G        W       4.10.0-rc8-143185-g7089db8 #1
+CPU: 0 PID: 37 Comm: kworker/0:1 Tainted: G        W       4.10.0-143272-gc470abd #1
 Hardware name: NVIDIA Tegra SoC (Flattened Device Tree)
 Workqueue: events_freezable mmc_rescan
 [<c010f358>] (unwind_backtrace) from [<c010a918>] (show_stack+0x10/0x14)
 [<c010a918>] (show_stack) from [<c034e0dc>] (dump_stack+0x84/0xa4)
-[<c034e0dc>] (dump_stack) from [<c01b4e34>] (__schedule_bug+0x60/0x80)
-[<c01b4e34>] (__schedule_bug) from [<c0829cb0>] (__schedule+0x528/0x60c)
-[<c0829cb0>] (__schedule) from [<c0829f64>] (schedule+0x50/0xc0)
-[<c0829f64>] (schedule) from [<c082fafc>] (schedule_timeout+0x1c0/0x2e4)
-[<c082fafc>] (schedule_timeout) from [<c082a8b0>] (wait_for_common+0xbc/0x148)
-[<c082a8b0>] (wait_for_common) from [<c05c6d28>] (mmc_wait_for_req_done+0x7c/0x104)
-[<c05c6d28>] (mmc_wait_for_req_done) from [<c05c6eec>] (mmc_wait_for_cmd+0x58/0x78)
-[<c05c6eec>] (mmc_wait_for_cmd) from [<c05cd5b0>] (mmc_go_idle+0x78/0xec)
-[<c05cd5b0>] (mmc_go_idle) from [<c05cb07c>] (mmc_init_card+0x34/0x1824)
-[<c05cb07c>] (mmc_init_card) from [<c05ccbe0>] (mmc_attach_mmc+0x8c/0x14c)
-[<c05ccbe0>] (mmc_attach_mmc) from [<c05c9164>] (mmc_rescan+0x274/0x34c)
-[<c05c9164>] (mmc_rescan) from [<c0134c98>] (process_one_work+0x120/0x31c)
+[<c034e0dc>] (dump_stack) from [<c01b4e3c>] (__schedule_bug+0x60/0x80)
+[<c01b4e3c>] (__schedule_bug) from [<c0829ee8>] (__schedule+0x528/0x60c)
+[<c0829ee8>] (__schedule) from [<c082a19c>] (schedule+0x50/0xc0)
+[<c082a19c>] (schedule) from [<c082fd34>] (schedule_timeout+0x1c0/0x2e4)
+[<c082fd34>] (schedule_timeout) from [<c082aae8>] (wait_for_common+0xbc/0x148)
+[<c082aae8>] (wait_for_common) from [<c05c6d80>] (mmc_wait_for_req_done+0x7c/0x104)
+[<c05c6d80>] (mmc_wait_for_req_done) from [<c05c6f44>] (mmc_wait_for_cmd+0x58/0x78)
+[<c05c6f44>] (mmc_wait_for_cmd) from [<c05cd614>] (mmc_go_idle+0x78/0xec)
+[<c05cd614>] (mmc_go_idle) from [<c05cb0d4>] (mmc_init_card+0x34/0x1830)
+[<c05cb0d4>] (mmc_init_card) from [<c05ccc44>] (mmc_attach_mmc+0x8c/0x14c)
+[<c05ccc44>] (mmc_attach_mmc) from [<c05c91bc>] (mmc_rescan+0x274/0x34c)
+[<c05c91bc>] (mmc_rescan) from [<c0134c98>] (process_one_work+0x120/0x31c)
 [<c0134c98>] (process_one_work) from [<c0134ef8>] (worker_thread+0x2c/0x4b4)
 [<c0134ef8>] (worker_thread) from [<c013a3f4>] (kthread+0xfc/0x134)
 [<c013a3f4>] (kthread) from [<c0107938>] (ret_from_fork+0x14/0x3c)
@@ -340,14 +339,14 @@
 Segment Routing with IPv6
 mip6: Mobile IPv6
 sit: IPv6, IPv4 and MPLS over IPv4 tunneling driver
+NET: Registered protocol family 17
+NET: Registered protocol family 15
 mmc0: new high speed MMC card at address 0001
 mmcblk0: mmc0:0001 MMC16G 14.4 GiB 
 mmcblk0boot0: mmc0:0001 MMC16G partition 1 2.00 MiB
 mmcblk0boot1: mmc0:0001 MMC16G partition 2 2.00 MiB
 mmcblk0rpmb: mmc0:0001 MMC16G partition 3 128 KiB
  mmcblk0: p1 p2 p3 p4 p5 p6 p7 p8 p9 p10 p11 p12
-NET: Registered protocol family 17
-NET: Registered protocol family 15
 can: controller area network core (rev 20120528 abi 9)
 NET: Registered protocol family 29
 can: raw protocol (rev 20120528)
Diff for ./tegra132-norrin/tegra132-norrin/defconfig_log.txt
--- /tmp/fooa	2017-02-19 15:13:49.810150309 -0800
+++ /tmp/foob	2017-02-19 15:13:49.810150309 -0800
@@ -31,7 +31,7 @@
 MSENC clock is set to  79200 KHz
 Vde clock is set to 204000 KHz
 
-Bootloader-Cpu Init at (time stamp): 1800677 us
+Bootloader-Cpu Init at (time stamp): 1800704 us
 
 Pinmux changes applied in kernel way
 
@@ -59,23 +59,23 @@
 The proc BoardInfo: 0x0176:0x0001:0x01:0x43:0x00
 FastbootAddAtag: setting ATAG (0)
 
-Board Id Read Time: 4 us
+Board Id Read Time: 3 us
 Power Rail enable Time: 1 us
 
-Miscellaneous avp time: 1800650  us
-Bootloader (AosInit) time: 733472 us
-Bootloader Main Init time: 180277 us
-BlockDevMgrInit time: 157511 us
+Miscellaneous avp time: 1800678  us
+Bootloader (AosInit) time: 734234 us
+Bootloader Main Init time: 180071 us
+BlockDevMgrInit time: 157534 us
 PartMgrInit time: 8 us
-StorMgrInit time: 31 us
+StorMgrInit time: 30 us
 FsMgrInit time: 2 us
-Partition Table load: 77048 us 
-Display init time: 574606 us
-Kernel read time: 378 msec
+Partition Table load: 76642 us 
+Display init time: 574940 us
+Kernel read time: 376 msec
 Load Kernel Size:   16304128 Bytes
-Bl Kernel ReadSpeed: 43132000 Bytes/sec
-Pre-Kernel Jump time: 1740471 us
-Clearing 32 Bit State and Warm resetting to 64bit mode: 5844491 us
+Bl Kernel ReadSpeed: 43362000 Bytes/sec
+Pre-Kernel Jump time: 1741106 us
+Clearing 32 Bit State and Warm resetting to 64bit mode: 5845250 us
 Booting Linux on physical CPU 0x0
 Linux version 4.8.0-239303-g3477d16 (pwalmsley@tamien) (gcc version 4.9.2 20140904 (prerelease) (crosstool-NG linaro-1.13.1-4.9-2014.09 - Linaro GCC 4.9-2014.09) ) #1 SMP PREEMPT Fri Oct 7 01:12:37 PDT 2016
 Boot CPU: AArch64 Processor [4e0f0000]
@@ -184,7 +184,7 @@
 kvm [1]: HYP mode not available
 futex hash table entries: 256 (order: 3, 32768 bytes)
 audit: initializing netlink subsys (disabled)
-audit: type=2000 audit(1.135:1): initialized
+audit: type=2000 audit(1.175:1): initialized
 workingset: timestamp_bits=46 max_order=19 bucket_order=0
 squashfs: version 4.0 (2009/01/31) Phillip Lougher
 NFS: Registering the id_resolver key type
@@ -251,11 +251,10 @@
 mmc0: new high speed MMC card at address 0001
 mmcblk0: mmc0:0001 SEM16G 14.7 GiB 
 mmcblk0boot0: mmc0:0001 SEM16G partition 1 4.00 MiB
-mmcblk0boot1: mmc0:0001 SEM16G partition 2 4.00 MiB
 +VDD_LED: supplied by +VDD_MUX
-+5V_USB_HS: supplied by +5V_SYS
+mmcblk0boot1: mmc0:0001 SEM16G partition 2 4.00 MiB
 mmcblk0rpmb: mmc0:0001 SEM16G partition 3 4.00 MiB
- mmcblk0: p1 p2 p3 p4 p5 p6 p7 p8
++5V_USB_HS: supplied by +5V_SYS
 +5V_USB_SS: supplied by +5V_SYS
 +5V_HDMI_CON: supplied by +5V_SYS
 sdhci-tegra 700b0400.sdhci: Got CD GPIO
@@ -273,6 +272,9 @@
 Freeing unused kernel memory: 960K (ffff800000c00000 - ffff800000cf0000)
 sdhci-tegra 700b0400.sdhci: Got CD GPIO
 sdhci-tegra 700b0400.sdhci: Got WP GPIO
+ mmcblk0: p1 p2 p3 p4 p5 p6 p7 p8
+sdhci-tegra 700b0400.sdhci: Got CD GPIO
+sdhci-tegra 700b0400.sdhci: Got WP GPIO
 
 System initialization...
 
Diff for ./tegra20-trimslice/tegra20-trimslice/multi_v7_defconfig_log.txt
--- /tmp/fooa	2017-02-19 15:13:49.818150340 -0800
+++ /tmp/foob	2017-02-19 15:13:49.818150340 -0800
@@ -47,9 +47,9 @@
 	 #################################################################
 	 #################################################################
 	 ###################################################
-	 4.1 MiB/s
+	 3.9 MiB/s
 done
-Bytes transferred = 7413856 (712060 hex)
+Bytes transferred = 7415968 (7128a0 hex)
 Tegra20 (TrimSlice) # tftpboot 0x02408000 tegra20-trimslice.dtb
 Using RTL8169#0 device
 TFTP from server 192.168.100.1; our IP address is 192.168.100.103
@@ -60,7 +60,7 @@
 done
 Bytes transferred = 21404 (539c hex)
 Tegra20 (TrimSlice) # bootz 0x00408000 - 0x02408000
-Kernel image @ 0x408000 [ 0x000000 - 0x712060 ]
+Kernel image @ 0x408000 [ 0x000000 - 0x7128a0 ]
 ## Flattened Device Tree blob at 02408000
    Booting using the fdt blob at 0x2408000
    Using Device Tree in place at 02408000, end 0241039b
@@ -68,7 +68,7 @@
 Starting kernel ...
 
 Booting Linux on physical CPU 0x0
-Linux version 4.10.0-rc8-143185-g7089db8 (pwalmsley@sellafield) (gcc version 4.7.3 20130328 (prerelease) (crosstool-NG linaro-1.13.1-4.7-2013.04-20130415 - Linaro GCC 2013.04) ) #1 SMP Tue Feb 14 15:04:25 PST 2017
+Linux version 4.10.0-143272-gc470abd (pwalmsley@sellafield) (gcc version 4.7.3 20130328 (prerelease) (crosstool-NG linaro-1.13.1-4.7-2013.04-20130415 - Linaro GCC 2013.04) ) #1 SMP Sun Feb 19 15:04:08 PST 2017
 CPU: ARMv7 Processor [411fc090] revision 0 (ARMv7), cr=10c5387d
 CPU: PIPT / VIPT nonaliasing data cache, VIPT aliasing instruction cache
 OF: fdt:Machine model: Compulab TrimSlice board
@@ -78,7 +78,7 @@
 cma: Reserved 64 MiB at 0x3c000000
 Memory policy: Data cache writealloc
 On node 0 totalpages: 262144
-free_area_init_node: node 0, pgdat c142b540, node_mem_map ef7f8000
+free_area_init_node: node 0, pgdat c142ba40, node_mem_map ef7f8000
   DMA zone: 1536 pages used for memmap
   DMA zone: 0 pages reserved
   DMA zone: 196608 pages, LIFO batch:31
@@ -91,7 +91,7 @@
 PID hash table entries: 4096 (order: 2, 16384 bytes)
 Dentry cache hash table entries: 131072 (order: 7, 524288 bytes)
 Inode-cache hash table entries: 65536 (order: 6, 262144 bytes)
-Memory: 955680K/1048576K available (9216K kernel code, 1204K rwdata, 4148K rodata, 2048K init, 536K bss, 27360K reserved, 65536K cma-reserved, 196608K highmem)
+Memory: 955680K/1048576K available (9216K kernel code, 1205K rwdata, 4152K rodata, 2048K init, 536K bss, 27360K reserved, 65536K cma-reserved, 196608K highmem)
 Virtual kernel memory layout:
     vector  : 0xffff0000 - 0xffff1000   (   4 kB)
     fixmap  : 0xffc00000 - 0xfff00000   (3072 kB)
@@ -101,7 +101,7 @@
     modules : 0xbf000000 - 0xbfe00000   (  14 MB)
       .text : 0xc0208000 - 0xc0c00000   (10208 kB)
       .init : 0xc1100000 - 0xc1300000   (2048 kB)
-      .data : 0xc1300000 - 0xc142d040   (1205 kB)
+      .data : 0xc1300000 - 0xc142d540   (1206 kB)
        .bss : 0xc142f000 - 0xc14b51d0   ( 537 kB)
 SLUB: HWalign=64, Order=0-3, MinObjects=0, CPUs=2, Nodes=1
 Hierarchical RCU implementation.
@@ -139,6 +139,7 @@
 devtmpfs: initialized
 VFP support v0.3: implementor 41 architecture 3 part 30 variant 9 rev 1
 clocksource: jiffies: mask: 0xffffffff max_cycles: 0xffffffff, max_idle_ns: 19112604462750000 ns
+futex hash table entries: 512 (order: 3, 32768 bytes)
 pinctrl core: initialized pinctrl subsystem
 NET: Registered protocol family 16
 DMA: preallocated 256 KiB pool for atomic coherent allocations
@@ -173,7 +174,6 @@
 RPC: Registered tcp NFSv4.1 backchannel transport module.
 PCI: CLS 0 bytes, default 64
 hw perfevents: enabled with armv7_cortex_a9 PMU driver, 7 counters available
-futex hash table entries: 512 (order: 3, 32768 bytes)
 workingset: timestamp_bits=30 max_order=18 bucket_order=0
 squashfs: version 4.0 (2009/01/31) Phillip Lougher
 NFS: Registering the id_resolver key type
@@ -343,7 +343,7 @@
 hub 2-0:1.0: USB hub found
 hub 2-0:1.0: 1 port detected
 input: gpio-keys as /devices/soc0/gpio-keys/input/input0
-rtc-em3027 2-0056: setting system clock to 2028-02-01 01:41:14 UTC (1832982074)
+rtc-em3027 2-0056: setting system clock to 2000-11-01 00:00:16 UTC (973036816)
 EXT4-fs (mmcblk0p1): mounting ext3 file system using the ext4 subsystem
 mmc1: new high speed SD card at address b368
 mmcblk1: mmc1:b368 NCard 1.83 GiB (ro)
@@ -351,8 +351,8 @@
 hub 1-1:1.0: USB hub found
 hub 1-1:1.0: 4 ports detected
 usb 1-1.2: new high-speed USB device number 3 using tegra-ehci
-asix 1-1.2:1.0 eth1: register 'asix' at usb-c5008000.usb-1.2, ASIX AX88772 USB 2.0 Ethernet, 00:60:6e:60:6c:68
 random: fast init done
+asix 1-1.2:1.0 eth1: register 'asix' at usb-c5008000.usb-1.2, ASIX AX88772 USB 2.0 Ethernet, 00:60:6e:60:6c:68
 EXT4-fs (mmcblk0p1): recovery complete
 EXT4-fs (mmcblk0p1): mounted filesystem with ordered data mode. Opts: (null)
 VFS: Mounted root (ext3 filesystem) on device 179:1.
Diff for ./tegra20-trimslice/tegra20-trimslice/tegra_defconfig_log.txt
--- /tmp/fooa	2017-02-19 15:13:49.826150371 -0800
+++ /tmp/foob	2017-02-19 15:13:49.826150371 -0800
@@ -45,20 +45,20 @@
 	 #################################################################
 	 #################################################################
 	 ###################################################
-	 4.1 MiB/s
+	 3.4 MiB/s
 done
-Bytes transferred = 5507992 (540b98 hex)
+Bytes transferred = 5508480 (540d80 hex)
 Tegra20 (TrimSlice) # tftpboot 0x02408000 tegra20-trimslice.dtb
 Using RTL8169#0 device
 TFTP from server 192.168.100.1; our IP address is 192.168.100.103
 Filename 'tegra20-trimslice.dtb'.
 Load address: 0x2408000
 Loading: *##
-	 3.4 MiB/s
+	 2.9 MiB/s
 done
 Bytes transferred = 21404 (539c hex)
 Tegra20 (TrimSlice) # bootz 0x00408000 - 0x02408000
-Kernel image @ 0x408000 [ 0x000000 - 0x540b98 ]
+Kernel image @ 0x408000 [ 0x000000 - 0x540d80 ]
 ## Flattened Device Tree blob at 02408000
    Booting using the fdt blob at 0x2408000
    Using Device Tree in place at 02408000, end 0241039b
@@ -67,7 +67,7 @@
 
 Uncompressing Linux... done, booting the kernel.
 Booting Linux on physical CPU 0x0
-Linux version 4.10.0-rc8-143185-g7089db8 (pwalmsley@kaivo) (gcc version 4.7.3 20130328 (prerelease) (crosstool-NG linaro-1.13.1-4.7-2013.04-20130415 - Linaro GCC 2013.04) ) #1 SMP PREEMPT Tue Feb 14 15:03:48 PST 2017
+Linux version 4.10.0-143272-gc470abd (pwalmsley@kaivo) (gcc version 4.7.3 20130328 (prerelease) (crosstool-NG linaro-1.13.1-4.7-2013.04-20130415 - Linaro GCC 2013.04) ) #1 SMP PREEMPT Sun Feb 19 15:04:05 PST 2017
 CPU: ARMv7 Processor [411fc090] revision 0 (ARMv7), cr=10c5387d
 CPU: PIPT / VIPT nonaliasing data cache, VIPT aliasing instruction cache
 OF: fdt:Machine model: Compulab TrimSlice board
@@ -135,6 +135,7 @@
 devtmpfs: initialized
 VFP support v0.3: implementor 41 architecture 3 part 30 variant 9 rev 1
 clocksource: jiffies: mask: 0xffffffff max_cycles: 0xffffffff, max_idle_ns: 19112604462750000 ns
+futex hash table entries: 512 (order: 3, 32768 bytes)
 pinctrl core: initialized pinctrl subsystem
 NET: Registered protocol family 16
 DMA: preallocated 256 KiB pool for atomic coherent allocations
@@ -175,7 +176,6 @@
 RPC: Registered tcp NFSv4.1 backchannel transport module.
 PCI: CLS 0 bytes, default 64
 hw perfevents: enabled with armv7_cortex_a9 PMU driver, 7 counters available
-futex hash table entries: 512 (order: 3, 32768 bytes)
 workingset: timestamp_bits=30 max_order=18 bucket_order=0
 squashfs: version 4.0 (2009/01/31) Phillip Lougher
 NFS: Registering the id_resolver key type
@@ -310,18 +310,14 @@
 tlv320aic23-codec 2-001a: ASoC: no dapm match for RLINEIN --> NULL --> Line Input
 tlv320aic23-codec 2-001a: ASoC: Failed to add route RLINEIN -> NULL -> Line Input
 tlv320aic23-codec 2-001a: Control not supported for path MICIN -> [NULL] -> Mic Input
-mmc0: host does not support reading read-only switch, assuming write-enable
-mmc0: new high speed SDHC card at address b368
-mmcblk0: mmc0:b368 NCard 3.70 GiB 
- mmcblk0: p1
 tlv320aic23-codec 2-001a: ASoC: no dapm match for MICIN --> NULL --> Mic Input
 tlv320aic23-codec 2-001a: ASoC: Failed to add route MICIN -> NULL -> Mic Input
 tegra-snd-trimslice sound: tlv320aic23-hifi <-> 70002800.i2s mapping ok
 usb 1-1: new high-speed USB device number 2 using tegra-ehci
-mmc1: new high speed SD card at address b368
 NET: Registered protocol family 10
-mmcblk1: mmc1:b368 NCard 1.83 GiB (ro)
- mmcblk1: p1 p2
+mmc0: host does not support reading read-only switch, assuming write-enable
+mmc0: new high speed SDHC card at address b368
+mmcblk0: mmc0:b368 NCard 3.70 GiB 
 Segment Routing with IPv6
 mip6: Mobile IPv6
 sit: IPv6, IPv4 and MPLS over IPv4 tunneling driver
@@ -340,17 +336,21 @@
 Bluetooth: HIDP socket layer initialized
 Key type dns_resolver registered
 Registering SWP/SWPB emulation handler
+ mmcblk0: p1
 utmi_phy_clk_enable: timeout waiting for phy to stabilize
 tegra-ehci c5000000.usb: EHCI Host Controller
 tegra-ehci c5000000.usb: new USB bus registered, assigned bus number 2
+mmc1: new high speed SD card at address b368
+mmcblk1: mmc1:b368 NCard 1.83 GiB (ro)
+ mmcblk1: p1 p2
 tegra-ehci c5000000.usb: irq 288, io mem 0xc5000000
-hub 1-1:1.0: USB hub found
-hub 1-1:1.0: 4 ports detected
 tegra-ehci c5000000.usb: USB 2.0 started, EHCI 1.00
 hub 2-0:1.0: USB hub found
 hub 2-0:1.0: 1 port detected
 input: gpio-keys as /devices/soc0/gpio-keys/input/input0
-rtc-em3027 2-0056: setting system clock to 2028-10-10 00:00:15 UTC (1854748815)
+hub 1-1:1.0: USB hub found
+hub 1-1:1.0: 4 ports detected
+rtc-em3027 2-0056: setting system clock to 2000-11-01 00:00:16 UTC (973036816)
 ALSA device list:
   #0: tegra-trimslice
 EXT4-fs (mmcblk0p1): mounting ext3 file system using the ext4 subsystem
Diff for ./tegra210-p2371-0000/tegra210-p2371-0000/defconfig_log.txt
--- /tmp/fooa	2017-02-19 15:13:49.834150402 -0800
+++ /tmp/foob	2017-02-19 15:13:49.834150402 -0800
@@ -64,17 +64,17 @@
 Loading and Validation of Secure OS Successful
 NvTbootPackSdramParams: start. 
 NvTbootPackSdramParams: done. 
-Tegraboot started after 793625 us
-Basic modules init took 348541 us
+Tegraboot started after 722225 us
+Basic modules init took 348881 us
 Sec Bootdevice Read Time = 202 ms, Read Size = 8459 KB
-Next stage binary read took 14366 us
-Carveout took 252717 us
-CPU initialization took 92300 us
-Total time taken by TegraBoot 707924 us
+Next stage binary read took 14384 us
+Carveout took 252728 us
+CPU initialization took 92322 us
+Total time taken by TegraBoot 708315 us
 
 Starting CPU & Halting co-processor 
 
-64b[0001.631] LPDDR4 Training: Number of tables = 10
+64b[0001.562] LPDDR4 Training: Number of tables = 10
 EMC Training (SRC-freq: 204000; DST-freq: 408000)
 EMC Training Successful
 EMC Training (SRC-freq: 204000; DST-freq: 665600)
@@ -108,7 +108,7 @@
 Tegra210 (P2371-0000) # 
 Tegra210 (P2371-0000) # ums 0 mmc 0
 UMS: disk start sector: 0x0, count: 0x1d5a000
-|/-\|/-\/-\|/-\/-\|/-\/-\|/-\/-\|/-\/-\|/-\/-\|/-\/-\|/-\/-\|CTRL+C - Operation aborted
+|/-\|/-\/-\|/-\/-\|/-\/-\|/-\/-\|/-\/-\|/-\/-\|/-\/-\|/-\/-\|/-\/-\|/-\/-\|/-\/-\CTRL+C - Operation aborted
 Tegra210 (P2371-0000) # 
 Tegra210 (P2371-0000) # env set fdt_copy_node_names /cpus:/psci
 Tegra210 (P2371-0000) # setenv rootpart 1
@@ -119,9 +119,9 @@
 Tegra210 (P2371-0000) # load ${devtype} ${devnum}:${rootpart} ${kernel_addr_r} /boot/Image.defconfig
 14993920 bytes read in 794 ms (18 MiB/s)
 Tegra210 (P2371-0000) # load ${devtype} ${devnum}:${rootpart} ${fdt_addr_r} /boot/tegra210-p2371-0000.dtb
-44882 bytes read in 475 ms (91.8 KiB/s)
+44882 bytes read in 453 ms (96.7 KiB/s)
 Tegra210 (P2371-0000) # load ${devtype} ${devnum}:${rootpart} ${ramdisk_addr_r} /boot/tegra-ramdisk.img
-1627787 bytes read in 495 ms (3.1 MiB/s)
+1627787 bytes read in 500 ms (3.1 MiB/s)
 Tegra210 (P2371-0000) # ramdisk_size=${filesize}
 Tegra210 (P2371-0000) # booti ${kernel_addr_r} - ${fdt_addr_r}
 ## Flattened Device Tree blob at 82000000
@@ -131,7 +131,7 @@
 Starting kernel ...
 
 Booting Linux on physical CPU 0x0
-Linux version 4.10.0-rc8-167618-g7089db8 (pwalmsley@tamien) (gcc version 4.9.2 20140904 (prerelease) (crosstool-NG linaro-1.13.1-4.9-2014.09 - Linaro GCC 4.9-2014.09) ) #1 SMP PREEMPT Tue Feb 14 15:07:12 PST 2017
+Linux version 4.10.0-167705-gc470abd (pwalmsley@tamien) (gcc version 4.9.2 20140904 (prerelease) (crosstool-NG linaro-1.13.1-4.9-2014.09 - Linaro GCC 4.9-2014.09) ) #1 SMP PREEMPT Sun Feb 19 15:07:18 PST 2017
 Boot CPU: AArch64 Processor [411fd071]
 debug: ignoring loglevel setting.
 earlycon: uart8250 at MMIO32 0x0000000070006000 (options '')
@@ -217,6 +217,7 @@
 devtmpfs: initialized
 DMI not present or invalid.
 clocksource: jiffies: mask: 0xffffffff max_cycles: 0xffffffff, max_idle_ns: 7645041785100000 ns
+futex hash table entries: 1024 (order: 5, 131072 bytes)
 pinctrl core: initialized pinctrl subsystem
 NET: Registered protocol family 16
 cpuidle: using governor menu
@@ -260,7 +261,6 @@
 kvm [1]: vgic-v2@50044000
 kvm [1]: vgic interrupt IRQ1
 kvm [1]: virtual timer IRQ4
-futex hash table entries: 1024 (order: 5, 131072 bytes)
 audit: initializing netlink subsys (disabled)
 audit: type=2000 audit(0.551:1): initialized
 workingset: timestamp_bits=46 max_order=20 bucket_order=0
@@ -342,6 +342,6 @@
 devtmpfs: mounted
 Freeing unused kernel memory: 1024K
 bash: cannot set terminal process group (-1): Inappropriate ioctl for device
-bash: no job contr[    1.371270] random: fast init done
+bash: no job contr[    1.358473] random: fast init done
 ol in this shell
 root@(none):/# 
\ No newline at end of file
Diff for ./tegra210-smaug/tegra210-smaug/defconfig_log.txt
--- /tmp/fooa	2017-02-19 15:13:49.842150432 -0800
+++ /tmp/foob	2017-02-19 15:13:49.842150432 -0800
@@ -1,4 +1,8 @@
- cma: Reserved 16 MiB at 0x00000000f5400000
+
+Boot CPU: AArch64 Processor [411fd071]
+efi: Getting EFI parameters from FDT:
+efi: UEFI not found.
+cma: Reserved 16 MiB at 0x00000000f5400000
 earlycon: uart0 at MMIO 0x0000000070006000 (options '115200n8')
 bootconsole [uart0] enabled
 psci: probing for conduit method from DT.
@@ -52,7 +56,7 @@
  (comparison mask = 0xf8000000)
 boot misc2 0x0: expected 0xf400f0da
  (comparison mask = 0xffffffff)
-boot misc3 0x3678: expected 0x2004f400
+boot misc3 0x3670: expected 0x2004f400
  (comparison mask = 0xffffffff)
 PLL_P already enabled. Postponing set full defaults
 PLL_X already enabled. Postponing set full defaults
@@ -65,7 +69,7 @@
 console [tty0] enabled
 bootconsole [uart0] disabled
 Booting Linux on physical CPU 0x0
-Linux version 4.10.0-rc8-167618-g7089db8 (pwalmsley@tamien) (gcc version 4.9.2 20140904 (prerelease) (crosstool-NG linaro-1.13.1-4.9-2014.09 - Linaro GCC 4.9-2014.09) ) #1 SMP PREEMPT Tue Feb 14 15:07:12 PST 2017
+Linux version 4.10.0-167705-gc470abd (pwalmsley@tamien) (gcc version 4.9.2 20140904 (prerelease) (crosstool-NG linaro-1.13.1-4.9-2014.09 - Linaro GCC 4.9-2014.09) ) #1 SMP PREEMPT Sun Feb 19 15:07:18 PST 2017
 Boot CPU: AArch64 Processor [411fd071]
 efi: Getting EFI parameters from FDT:
 efi: UEFI not found.
@@ -123,7 +127,7 @@
  (comparison mask = 0xf8000000)
 boot misc2 0x0: expected 0xf400f0da
  (comparison mask = 0xffffffff)
-boot misc3 0x3678: expected 0x2004f400
+boot misc3 0x3670: expected 0x2004f400
  (comparison mask = 0xffffffff)
 PLL_P already enabled. Postponing set full defaults
 PLL_X already enabled. Postponing set full defaults
@@ -159,6 +163,7 @@
 devtmpfs: initialized
 DMI not present or invalid.
 clocksource: jiffies: mask: 0xffffffff max_cycles: 0xffffffff, max_idle_ns: 7645041785100000 ns
+futex hash table entries: 1024 (order: 5, 131072 bytes)
 pinctrl core: initialized pinctrl subsystem
 NET: Registered protocol family 16
 cpuidle: using governor menu
@@ -209,9 +214,8 @@
 kvm [1]: vgic-v2@50044000
 kvm [1]: vgic interrupt IRQ1
 kvm [1]: virtual timer IRQ4
-futex hash table entries: 1024 (order: 5, 131072 bytes)
 audit: initializing netlink subsys (disabled)
-audit: type=2000 audit(0.359:1): initialized
+audit: type=2000 audit(0.363:1): initialized
 workingset: timestamp_bits=46 max_order=20 bucket_order=0
 squashfs: version 4.0 (2009/01/31) Phillip Lougher
 NFS: Registering the id_resolver key type
@@ -301,18 +305,18 @@
 mmc0: new high speed MMC card at address 0001
 mmcblk0: mmc0:0001 BGND3R 29.1 GiB 
 mmcblk0boot0: mmc0:0001 BGND3R partition 1 4.00 MiB
-max77686-rtc max77620-rtc: setting system clock to 2000-11-26 04:34:50 UTC (975213290)
 mmcblk0boot1: mmc0:0001 BGND3R partition 2 4.00 MiB
+max77686-rtc max77620-rtc: setting system clock to 2000-12-01 04:34:51 UTC (975645291)
 mmcblk0rpmb: mmc0:0001 BGND3R partition 3 4.00 MiB
 PP1200_AVDD: disabling
+ mmcblk0: p1 p2 p3 p4 p5 p6 p7 p8 p9 p10 p11
+tegra-i2c 7000d100.i2c: could not find pctldev for node /host1x@50000000/dpaux@545c0000/pinmux-i2c, deferring probe
 PP1200_RCAM: disabling
 PP2800L_RCAM: disabling
 PP2800L_FCAM: disabling
 PP_LDO6: disabling
 PPLCD_VDD: disabling
 PP1800_LCDIO: disabling
- mmcblk0: p1 p2 p3 p4 p5 p6 p7 p8 p9 p10 p11
-tegra-i2c 7000d100.i2c: could not find pctldev for node /host1x@50000000/dpaux@545c0000/pinmux-i2c, deferring probe
 PP1800_CAM: disabling
 ALSA device list:
   No soundcards found.
Diff for ./tegra30-beaver/tegra30-beaver/multi_v7_defconfig_log.txt
--- /tmp/fooa	2017-02-19 15:13:49.850150463 -0800
+++ /tmp/foob	2017-02-19 15:13:49.854150479 -0800
@@ -27,7 +27,6 @@
 Tegra30 (Beaver) # setenv bootargs 'ignore_loglevel console=ttyS0,115200n8 rw root=PARTUUID=edbe1840-3633-c751-7993-b0ac834f81e0 rootwait gpt debug noinitrd earlyprintk init=/bin/bash'
 Tegra30 (Beaver) # setenv ipaddr 192.168.100.101; setenv serverip 192.168.100.1; setenv tftpserverip 192.168.100.1
 Tegra30 (Beaver) # tftpboot 0x81000000 zImage.multi_v7_defconfig
-Waiting for Ethernet connection... done.
 Using asx0 device
 TFTP from server 192.168.100.1; our IP address is 192.168.100.101
 Filename 'zImage.multi_v7_defconfig'.
@@ -40,20 +39,20 @@
 	 #################################################################
 	 #################################################################
 	 ###################################################
-	 3.2 MiB/s
+	 3.3 MiB/s
 done
-Bytes transferred = 7413856 (712060 hex)
+Bytes transferred = 7415968 (7128a0 hex)
 Tegra30 (Beaver) # tftpboot 0x82000000 tegra30-beaver.dtb
 Using asx0 device
 TFTP from server 192.168.100.1; our IP address is 192.168.100.101
 Filename 'tegra30-beaver.dtb'.
 Load address: 0x82000000
 Loading: *####
-	 2.7 MiB/s
+	 3.1 MiB/s
 done
 Bytes transferred = 51804 (ca5c hex)
 Tegra30 (Beaver) # bootz 0x81000000 - 0x82000000
-Kernel image @ 0x81000000 [ 0x000000 - 0x712060 ]
+Kernel image @ 0x81000000 [ 0x000000 - 0x7128a0 ]
 ## Flattened Device Tree blob at 82000000
    Booting using the fdt blob at 0x82000000
    Loading Device Tree to 8fff0000, end 8ffffa5b ... OK
@@ -61,7 +60,7 @@
 Starting kernel ...
 
 Booting Linux on physical CPU 0x0
-Linux version 4.10.0-rc8-143185-g7089db8 (pwalmsley@sellafield) (gcc version 4.7.3 20130328 (prerelease) (crosstool-NG linaro-1.13.1-4.7-2013.04-20130415 - Linaro GCC 2013.04) ) #1 SMP Tue Feb 14 15:04:25 PST 2017
+Linux version 4.10.0-143272-gc470abd (pwalmsley@sellafield) (gcc version 4.7.3 20130328 (prerelease) (crosstool-NG linaro-1.13.1-4.7-2013.04-20130415 - Linaro GCC 2013.04) ) #1 SMP Sun Feb 19 15:04:08 PST 2017
 CPU: ARMv7 Processor [412fc099] revision 9 (ARMv7), cr=10c5387d
 CPU: PIPT / VIPT nonaliasing data cache, VIPT aliasing instruction cache
 OF: fdt:Machine model: NVIDIA Tegra30 Beaver evaluation board
@@ -71,7 +70,7 @@
 cma: Reserved 64 MiB at 0xfb800000
 Memory policy: Data cache writealloc
 On node 0 totalpages: 524032
-free_area_init_node: node 0, pgdat c142b540, node_mem_map eeff8000
+free_area_init_node: node 0, pgdat c142ba40, node_mem_map eeff8000
   DMA zone: 1536 pages used for memmap
   DMA zone: 0 pages reserved
   DMA zone: 196608 pages, LIFO batch:31
@@ -84,7 +83,7 @@
 PID hash table entries: 4096 (order: 2, 16384 bytes)
 Dentry cache hash table entries: 131072 (order: 7, 524288 bytes)
 Inode-cache hash table entries: 65536 (order: 6, 262144 bytes)
-Memory: 1994796K/2096128K available (9216K kernel code, 1204K rwdata, 4148K rodata, 2048K init, 536K bss, 35796K reserved, 65536K cma-reserved, 1244160K highmem)
+Memory: 1994796K/2096128K available (9216K kernel code, 1205K rwdata, 4152K rodata, 2048K init, 536K bss, 35796K reserved, 65536K cma-reserved, 1244160K highmem)
 Virtual kernel memory layout:
     vector  : 0xffff0000 - 0xffff1000   (   4 kB)
     fixmap  : 0xffc00000 - 0xfff00000   (3072 kB)
@@ -94,7 +93,7 @@
     modules : 0xbf000000 - 0xbfe00000   (  14 MB)
       .text : 0xc0208000 - 0xc0c00000   (10208 kB)
       .init : 0xc1100000 - 0xc1300000   (2048 kB)
-      .data : 0xc1300000 - 0xc142d040   (1205 kB)
+      .data : 0xc1300000 - 0xc142d540   (1206 kB)
        .bss : 0xc142f000 - 0xc14b51d0   ( 537 kB)
 SLUB: HWalign=64, Order=0-3, MinObjects=0, CPUs=4, Nodes=1
 Hierarchical RCU implementation.
@@ -134,6 +133,7 @@
 devtmpfs: initialized
 VFP support v0.3: implementor 41 architecture 3 part 30 variant 9 rev 4
 clocksource: jiffies: mask: 0xffffffff max_cycles: 0xffffffff, max_idle_ns: 19112604462750000 ns
+futex hash table entries: 1024 (order: 4, 65536 bytes)
 pinctrl core: initialized pinctrl subsystem
 NET: Registered protocol family 16
 DMA: preallocated 256 KiB pool for atomic coherent allocations
@@ -190,7 +190,6 @@
 RPC: Registered tcp NFSv4.1 backchannel transport module.
 PCI: CLS 0 bytes, default 64
 hw perfevents: enabled with armv7_cortex_a9 PMU driver, 7 counters available
-futex hash table entries: 1024 (order: 4, 65536 bytes)
 workingset: timestamp_bits=30 max_order=19 bucket_order=0
 squashfs: version 4.0 (2009/01/31) Phillip Lougher
 NFS: Registering the id_resolver key type
@@ -306,19 +305,19 @@
 sys_3v3,vdd_3v3_alw: supplied by vdd_5v_in
 +VDD_5V_HDMI: supplied by sys_3v3,vdd_3v3_alw
 sys_3v3_pexs: supplied by sys_3v3,vdd_3v3_alw
+mmc0: new ultra high speed DDR50 SDHC card at address aaaa
 tegra-pcie 3000.pcie-controller: 2x3 configuration
 tegra-pcie 3000.pcie-controller: probing port 0, using 2 lanes
+mmcblk0: mmc0:aaaa SS04G 3.69 GiB 
 mmc1: new high speed MMC card at address 0001
 mmcblk1: mmc1:0001 SEM16G 14.8 GiB 
 mmcblk1boot0: mmc1:0001 SEM16G partition 1 1.00 MiB
 mmcblk1boot1: mmc1:0001 SEM16G partition 2 1.00 MiB
 mmcblk1rpmb: mmc1:0001 SEM16G partition 3 128 KiB
-mmc0: new ultra high speed DDR50 SDHC card at address aaaa
-mmcblk0: mmc0:aaaa SS04G 3.69 GiB 
-Primary GPT is invalid, using alternate GPT.
+ mmcblk0: p1 p2 p3
 tegra-pcie 3000.pcie-controller: probing port 2, using 2 lanes
+Primary GPT is invalid, using alternate GPT.
  mmcblk1: p1 p2 p3 p4 p5
- mmcblk0: p1 p2 p3
 tegra-pcie 3000.pcie-controller: link 2 down, retrying
 tegra-pcie 3000.pcie-controller: link 2 down, retrying
 tegra-pcie 3000.pcie-controller: link 2 down, retrying
@@ -391,10 +390,10 @@
 EXT4-fs (mmcblk1p1): warning: mounting fs with errors, running e2fsck is recommended
 EXT4-fs (mmcblk1p1): recovery complete
 EXT4-fs (mmcblk1p1): mounted filesystem with ordered data mode. Opts: (null)
-VFS: Mounted root (ext3 filesystem) on device 179:1.
+VFS: Mounted root (ext3 filesystem) on device 179:17.
 devtmpfs: mounted
 Freeing unused kernel memory: 2048K
 bash: cannot set terminal process group (-1): Inappropriate ioctl for device
 bash: no job control in this shell
-root@(none):/# [    4.163551] usb 2-1: new high-speed USB device number 2 using tegra-ehci
+root@(none):/# [    4.143972] usb 2-1: new high-speed USB device number 2 using tegra-ehci
 asix 2-1:1.0 eth1: register 'asix' at usb-7d008000.usb-1, ASIX AX88772 USB 2.0 Ethernet, 00:50:b6:0f:67:60
Diff for ./tegra30-beaver/tegra30-beaver/tegra_defconfig_log.txt
--- /tmp/fooa	2017-02-19 15:13:49.858150494 -0800
+++ /tmp/foob	2017-02-19 15:13:49.858150494 -0800
@@ -37,20 +37,20 @@
 	 #################################################################
 	 #################################################################
 	 ###################################################
-	 3.2 MiB/s
+	 3.3 MiB/s
 done
-Bytes transferred = 5507992 (540b98 hex)
+Bytes transferred = 5508480 (540d80 hex)
 Tegra30 (Beaver) # tftpboot 0x82000000 tegra30-beaver.dtb
 Using asx0 device
 TFTP from server 192.168.100.1; our IP address is 192.168.100.101
 Filename 'tegra30-beaver.dtb'.
 Load address: 0x82000000
 Loading: *####
-	 2.9 MiB/s
+	 2.7 MiB/s
 done
 Bytes transferred = 51804 (ca5c hex)
 Tegra30 (Beaver) # bootz 0x81000000 - 0x82000000
-Kernel image @ 0x81000000 [ 0x000000 - 0x540b98 ]
+Kernel image @ 0x81000000 [ 0x000000 - 0x540d80 ]
 ## Flattened Device Tree blob at 82000000
    Booting using the fdt blob at 0x82000000
    Loading Device Tree to 8fff0000, end 8ffffa5b ... OK
@@ -59,7 +59,7 @@
 
 Uncompressing Linux... done, booting the kernel.
 Booting Linux on physical CPU 0x0
-Linux version 4.10.0-rc8-143185-g7089db8 (pwalmsley@kaivo) (gcc version 4.7.3 20130328 (prerelease) (crosstool-NG linaro-1.13.1-4.7-2013.04-20130415 - Linaro GCC 2013.04) ) #1 SMP PREEMPT Tue Feb 14 15:03:48 PST 2017
+Linux version 4.10.0-143272-gc470abd (pwalmsley@kaivo) (gcc version 4.7.3 20130328 (prerelease) (crosstool-NG linaro-1.13.1-4.7-2013.04-20130415 - Linaro GCC 2013.04) ) #1 SMP PREEMPT Sun Feb 19 15:04:05 PST 2017
 CPU: ARMv7 Processor [412fc099] revision 9 (ARMv7), cr=10c5387d
 CPU: PIPT / VIPT nonaliasing data cache, VIPT aliasing instruction cache
 OF: fdt:Machine model: NVIDIA Tegra30 Beaver evaluation board
@@ -127,6 +127,7 @@
 devtmpfs: initialized
 VFP support v0.3: implementor 41 architecture 3 part 30 variant 9 rev 4
 clocksource: jiffies: mask: 0xffffffff max_cycles: 0xffffffff, max_idle_ns: 19112604462750000 ns
+futex hash table entries: 1024 (order: 4, 65536 bytes)
 pinctrl core: initialized pinctrl subsystem
 NET: Registered protocol family 16
 DMA: preallocated 256 KiB pool for atomic coherent allocations
@@ -189,7 +190,6 @@
 RPC: Registered tcp NFSv4.1 backchannel transport module.
 PCI: CLS 0 bytes, default 64
 hw perfevents: enabled with armv7_cortex_a9 PMU driver, 7 counters available
-futex hash table entries: 1024 (order: 4, 65536 bytes)
 workingset: timestamp_bits=30 max_order=19 bucket_order=0
 squashfs: version 4.0 (2009/01/31) Phillip Lougher
 NFS: Registering the id_resolver key type
@@ -391,4 +391,4 @@
 Freeing unused kernel memory: 1024K
 bash: cannot set terminal process group (-1): Inappropriate ioctl for device
 bash: no job control in this shell
-root@(none):/# [    4.470391] usb 2-1: new high-speed USB device number 2 using tegra-ehci
+root@(none):/# [    4.490384] usb 2-1: new high-speed USB device number 2 using tegra-ehci
