Diff for ./qemu-vexpress64/__internal/defconfig_log.txt
--- /tmp/fooa	2015-06-23 18:06:52.220303613 -0700
+++ /tmp/foob	2015-06-23 18:06:52.224303612 -0700
@@ -1,6 +1,6 @@
 Booting Linux on physical CPU 0x0
 Initializing cgroup subsys cpu
-Linux version 4.1.0-rc8+ (pwalmsley@tamien) (gcc version 4.9.2 20140904 (prerelease) (crosstool-NG linaro-1.13.1-4.9-2014.09 - Linaro GCC 4.9-2014.09) ) #1 SMP PREEMPT Wed Jun 17 12:17:16 PDT 2015
+Linux version 4.1.0+ (pwalmsley@tamien) (gcc version 4.9.2 20140904 (prerelease) (crosstool-NG linaro-1.13.1-4.9-2014.09 - Linaro GCC 4.9-2014.09) ) #1 SMP PREEMPT Tue Jun 23 18:04:00 PDT 2015
 CPU: AArch64 Processor [411fd070] revision 0
 Detected PIPT I-cache on CPU0
 alternatives: enabling workaround for ARM erratum 832075
@@ -86,7 +86,7 @@
 kvm [1]: HYP mode not available
 futex hash table entries: 256 (order: 2, 16384 bytes)
 audit: initializing netlink subsys (disabled)
-audit: type=2000 audit(0.440:1): initialized
+audit: type=2000 audit(0.420:1): initialized
 HugeTLB registered 2 MB page size, pre-allocated 0 pages
 VFS: Disk quotas dquot_6.6.0
 VFS: Dquot-cache hash table entries: 512 (order 0, 4096 bytes)
Diff for ./tegra114-dalmore-a04/tegra114-dalmore/multi_v7_defconfig_log.txt
--- /tmp/fooa	2015-06-23 18:06:52.256303600 -0700
+++ /tmp/foob	2015-06-23 18:06:52.260303598 -0700
@@ -38,20 +38,20 @@
 	 #################################################################
 	 #################################################################
 	 ######################################
-	 3.1 MiB/s
+	 3.3 MiB/s
 done
-Bytes transferred = 6273528 (5fb9f8 hex)
+Bytes transferred = 6273992 (5fbbc8 hex)
 Tegra114 (Dalmore) # tftpboot 0x82000000 tegra114-dalmore.dtb
 Using asx0 device
 TFTP from server 192.168.100.1; our IP address is 192.168.100.100
 Filename 'tegra114-dalmore.dtb'.
 Load address: 0x82000000
 Loading: *###
-	 3.3 MiB/s
+	 3 MiB/s
 done
 Bytes transferred = 34894 (884e hex)
 Tegra114 (Dalmore) # bootz 0x81000000 - 0x82000000
-Kernel image @ 0x81000000 [ 0x000000 - 0x5fb9f8 ]
+Kernel image @ 0x81000000 [ 0x000000 - 0x5fbbc8 ]
 ## Flattened Device Tree blob at 82000000
    Booting using the fdt blob at 0x82000000
    Loading Device Tree to 8fff4000, end 8ffff84d ... OK
@@ -59,7 +59,7 @@
 Starting kernel ...
 
 Booting Linux on physical CPU 0x0
-Linux version 4.1.0-rc8-13704-g0f57d86 (pwalmsley@kaivo) (gcc version 4.7.3 20130328 (prerelease) (crosstool-NG linaro-1.13.1-4.7-2013.04-20130415 - Linaro GCC 2013.04) ) #1 SMP Wed Jun 17 12:16:51 PDT 2015
+Linux version 4.1.0-13741-gb953c0d (pwalmsley@sellafield) (gcc version 4.7.3 20130328 (prerelease) (crosstool-NG linaro-1.13.1-4.7-2013.04-20130415 - Linaro GCC 2013.04) ) #1 SMP Tue Jun 23 18:03:05 PDT 2015
 CPU: ARMv7 Processor [412fc0f2] revision 2 (ARMv7), cr=10c5387d
 CPU: PIPT / VIPT nonaliasing data cache, PIPT instruction cache
 Machine model: NVIDIA Tegra114 Dalmore evaluation board
@@ -88,7 +88,7 @@
     lowmem  : 0xc0000000 - 0xef800000   ( 760 MB)
     pkmap   : 0xbfe00000 - 0xc0000000   (   2 MB)
     modules : 0xbf000000 - 0xbfe00000   (  14 MB)
-      .text : 0xc0208000 - 0xc0d6418c   (11633 kB)
+      .text : 0xc0208000 - 0xc0d64184   (11633 kB)
       .init : 0xc0d65000 - 0xc0e42000   ( 884 kB)
       .data : 0xc0e42000 - 0xc0f42760   (1026 kB)
        .bss : 0xc0f45000 - 0xc0f94a68   ( 319 kB)
@@ -302,7 +302,7 @@
 hub 1-0:1.0: USB hub found
 hub 1-0:1.0: 1 port detected
 input: gpio-keys as /devices/soc0/gpio-keys/input/input1
-palmas-rtc 7000d000.i2c:tps65913@58:rtc: setting system clock to 2000-01-01 00:15:25 UTC (946685725)
+palmas-rtc 7000d000.i2c:tps65913@58:rtc: setting system clock to 2000-01-04 09:54:15 UTC (946979655)
 vdd_cam_1v8_reg: disabling
 usb1_vbus: disabling
 dvdd_ts: disabling
@@ -316,4 +316,4 @@
 Freeing unused kernel memory: 884K (c0d65000 - c0e42000)
 bash: cannot set terminal process group (-1): Inappropriate ioctl for device
 bash: no job control in this shell
-root@(none):/# [    2.598773] usb 1-1: new high-speed USB device number 2 using tegra-ehci
+root@(none):/# [    2.613726] usb 1-1: new high-speed USB device number 2 using tegra-ehci
Diff for ./tegra114-dalmore-a04/tegra114-dalmore/tegra_defconfig_log.txt
--- /tmp/fooa	2015-06-23 18:06:52.264303597 -0700
+++ /tmp/foob	2015-06-23 18:06:52.268303595 -0700
@@ -37,20 +37,20 @@
 	 #################################################################
 	 #################################################################
 	 ########
-	 3.3 MiB/s
+	 3 MiB/s
 done
-Bytes transferred = 4885352 (4a8b68 hex)
+Bytes transferred = 4885312 (4a8b40 hex)
 Tegra114 (Dalmore) # tftpboot 0x82000000 tegra114-dalmore.dtb
 Using asx0 device
 TFTP from server 192.168.100.1; our IP address is 192.168.100.100
 Filename 'tegra114-dalmore.dtb'.
 Load address: 0x82000000
 Loading: *###
-	 2.8 MiB/s
+	 2.6 MiB/s
 done
 Bytes transferred = 34894 (884e hex)
 Tegra114 (Dalmore) # bootz 0x81000000 - 0x82000000
-Kernel image @ 0x81000000 [ 0x000000 - 0x4a8b68 ]
+Kernel image @ 0x81000000 [ 0x000000 - 0x4a8b40 ]
 ## Flattened Device Tree blob at 82000000
    Booting using the fdt blob at 0x82000000
    Loading Device Tree to 8fff4000, end 8ffff84d ... OK
@@ -61,7 +61,7 @@
 Booting Linux on physical CPU 0x0
 Initializing cgroup subsys cpu
 Initializing cgroup subsys cpuacct
-Linux version 4.1.0-rc8-13704-g0f57d86 (pwalmsley@sellafield) (gcc version 4.7.3 20130328 (prerelease) (crosstool-NG linaro-1.13.1-4.7-2013.04-20130415 - Linaro GCC 2013.04) ) #1 SMP PREEMPT Wed Jun 17 12:14:44 PDT 2015
+Linux version 4.1.0-13741-gb953c0d (pwalmsley@kaivo) (gcc version 4.7.3 20130328 (prerelease) (crosstool-NG linaro-1.13.1-4.7-2013.04-20130415 - Linaro GCC 2013.04) ) #1 SMP PREEMPT Tue Jun 23 18:03:20 PDT 2015
 CPU: ARMv7 Processor [412fc0f2] revision 2 (ARMv7), cr=10c5387d
 CPU: PIPT / VIPT nonaliasing data cache, PIPT instruction cache
 Machine model: NVIDIA Tegra114 Dalmore evaluation board
@@ -90,7 +90,7 @@
     lowmem  : 0xc0000000 - 0xef800000   ( 760 MB)
     pkmap   : 0xbfe00000 - 0xc0000000   (   2 MB)
     modules : 0xbf000000 - 0xbfe00000   (  14 MB)
-      .text : 0xc0008000 - 0xc08c8520   (8962 kB)
+      .text : 0xc0008000 - 0xc08c8518   (8962 kB)
       .init : 0xc08c9000 - 0xc0916000   ( 308 kB)
       .data : 0xc0916000 - 0xc0964020   ( 313 kB)
        .bss : 0xc0967000 - 0xc09bee14   ( 352 kB)
@@ -293,7 +293,7 @@
 hub 1-0:1.0: USB hub found
 hub 1-0:1.0: 1 port detected
 input: gpio-keys as /devices/soc0/gpio-keys/input/input1
-palmas-rtc 7000d000.i2c:tps65913@58:rtc: setting system clock to 2000-01-01 00:13:29 UTC (946685609)
+palmas-rtc 7000d000.i2c:tps65913@58:rtc: setting system clock to 2000-01-04 09:54:47 UTC (946979687)
 vdd_cam_1v8_reg: disabling
 usb1_vbus: disabling
 dvdd_ts: disabling
@@ -308,4 +308,4 @@
 Freeing unused kernel memory: 308K (c08c9000 - c0916000)
 bash: cannot set terminal process group (-1): Inappropriate ioctl for device
 bash: no job control in this shell
-root@(none):/# [    2.779677] usb 1-1: new high-speed USB device number 2 using tegra-ehci
+root@(none):/# [    2.779729] usb 1-1: new high-speed USB device number 2 using tegra-ehci
Diff for ./tegra124-jetson-tk1/tegra124-jetson-tk1/multi_v7_defconfig_log.txt
--- /tmp/fooa	2015-06-23 18:06:52.284303589 -0700
+++ /tmp/foob	2015-06-23 18:06:52.284303589 -0700
@@ -29,6 +29,7 @@
 Tegra124 (Jetson TK1) # setenv bootargs 'ignore_loglevel console=ttyS0,115200n8 rw root=/dev/mmcblk0p1 rootwait gpt debug init=/bin/bash noinitrd'
 Tegra124 (Jetson TK1) # setenv ipaddr 192.168.100.102; setenv serverip 192.168.100.1; setenv tftpserverip 192.168.100.1
 Tegra124 (Jetson TK1) # tftpboot 0x81000000 zImage.multi_v7_defconfig
+Waiting for Ethernet connection... done.
 Using asx0 device
 TFTP from server 192.168.100.1; our IP address is 192.168.100.102
 Filename 'zImage.multi_v7_defconfig'.
@@ -40,20 +41,20 @@
 	 #################################################################
 	 #################################################################
 	 ######################################
-	 3.6 MiB/s
+	 3.1 MiB/s
 done
-Bytes transferred = 6273528 (5fb9f8 hex)
+Bytes transferred = 6273992 (5fbbc8 hex)
 Tegra124 (Jetson TK1) # tftpboot 0x82000000 tegra124-jetson-tk1.dtb
 Using asx0 device
 TFTP from server 192.168.100.1; our IP address is 192.168.100.102
 Filename 'tegra124-jetson-tk1.dtb'.
 Load address: 0x82000000
 Loading: *#####
-	 3.3 MiB/s
+	 3 MiB/s
 done
 Bytes transferred = 63003 (f61b hex)
 Tegra124 (Jetson TK1) # bootz 0x81000000 - 0x82000000
-Kernel image @ 0x81000000 [ 0x000000 - 0x5fb9f8 ]
+Kernel image @ 0x81000000 [ 0x000000 - 0x5fbbc8 ]
 ## Flattened Device Tree blob at 82000000
    Booting using the fdt blob at 0x82000000
    Using Device Tree in place at 82000000, end 8201261a
@@ -61,7 +62,7 @@
 Starting kernel ...
 
 Booting Linux on physical CPU 0x0
-Linux version 4.1.0-rc8-13704-g0f57d86 (pwalmsley@kaivo) (gcc version 4.7.3 20130328 (prerelease) (crosstool-NG linaro-1.13.1-4.7-2013.04-20130415 - Linaro GCC 2013.04) ) #1 SMP Wed Jun 17 12:16:51 PDT 2015
+Linux version 4.1.0-13741-gb953c0d (pwalmsley@sellafield) (gcc version 4.7.3 20130328 (prerelease) (crosstool-NG linaro-1.13.1-4.7-2013.04-20130415 - Linaro GCC 2013.04) ) #1 SMP Tue Jun 23 18:03:05 PDT 2015
 CPU: ARMv7 Processor [413fc0f3] revision 3 (ARMv7), cr=10c5387d
 CPU: PIPT / VIPT nonaliasing data cache, PIPT instruction cache
 Machine model: NVIDIA Tegra124 Jetson TK1
@@ -90,7 +91,7 @@
     lowmem  : 0xc0000000 - 0xef800000   ( 760 MB)
     pkmap   : 0xbfe00000 - 0xc0000000   (   2 MB)
     modules : 0xbf000000 - 0xbfe00000   (  14 MB)
-      .text : 0xc0208000 - 0xc0d6418c   (11633 kB)
+      .text : 0xc0208000 - 0xc0d64184   (11633 kB)
       .init : 0xc0d65000 - 0xc0e42000   ( 884 kB)
       .data : 0xc0e42000 - 0xc0f42760   (1026 kB)
        .bss : 0xc0f45000 - 0xc0f94a68   ( 319 kB)
@@ -352,7 +353,7 @@
 mmc1: Invalid maximum block size, assuming 512 bytes
 mmc1: SDHCI controller on 700b0400.sdhci [700b0400.sdhci] using ADMA 64-bit
 input: gpio-keys as /devices/soc0/gpio-keys/input/input1
-as3722-rtc as3722-rtc: setting system clock to 2000-02-01 00:00:17 UTC (949363217)
+as3722-rtc as3722-rtc: setting system clock to 2000-02-01 00:00:19 UTC (949363219)
 +USB0_VBUS_SW: disabling
 +1.8V_RUN_VPP_FUSE: disabling
 +2.8V_RUN_CAM_AF: disabling
@@ -366,10 +367,10 @@
 ata1: SATA link down (SStatus 0 SControl 300)
 EXT4-fs (mmcblk0p1): couldn't mount as ext3 due to feature incompatibilities
 EXT4-fs (mmcblk0p1): couldn't mount as ext2 due to feature incompatibilities
+usb 2-1: new high-speed USB device number 2 using tegra-ehci
 EXT4-fs (mmcblk0p1): recovery complete
 EXT4-fs (mmcblk0p1): mounted filesystem with ordered data mode. Opts: (null)
 VFS: Mounted root (ext4 filesystem) on device 179:1.
-usb 2-1: new high-speed USB device number 2 using tegra-ehci
 devtmpfs: mounted
 Freeing unused kernel memory: 884K (c0d65000 - c0e42000)
 bash: cannot set terminal process group (-1): Inappropriate ioctl for device
Diff for ./tegra124-jetson-tk1/tegra124-jetson-tk1/tegra_defconfig_log.txt
--- /tmp/fooa	2015-06-23 18:06:52.300303583 -0700
+++ /tmp/foob	2015-06-23 18:06:52.300303583 -0700
@@ -39,20 +39,20 @@
 	 #################################################################
 	 #################################################################
 	 ########
-	 3.2 MiB/s
+	 3 MiB/s
 done
-Bytes transferred = 4885352 (4a8b68 hex)
+Bytes transferred = 4885312 (4a8b40 hex)
 Tegra124 (Jetson TK1) # tftpboot 0x82000000 tegra124-jetson-tk1.dtb
 Using asx0 device
 TFTP from server 192.168.100.1; our IP address is 192.168.100.102
 Filename 'tegra124-jetson-tk1.dtb'.
 Load address: 0x82000000
 Loading: *#####
-	 3.2 MiB/s
+	 2.7 MiB/s
 done
 Bytes transferred = 63003 (f61b hex)
 Tegra124 (Jetson TK1) # bootz 0x81000000 - 0x82000000
-Kernel image @ 0x81000000 [ 0x000000 - 0x4a8b68 ]
+Kernel image @ 0x81000000 [ 0x000000 - 0x4a8b40 ]
 ## Flattened Device Tree blob at 82000000
    Booting using the fdt blob at 0x82000000
    Using Device Tree in place at 82000000, end 8201261a
@@ -63,7 +63,7 @@
 Booting Linux on physical CPU 0x0
 Initializing cgroup subsys cpu
 Initializing cgroup subsys cpuacct
-Linux version 4.1.0-rc8-13704-g0f57d86 (pwalmsley@sellafield) (gcc version 4.7.3 20130328 (prerelease) (crosstool-NG linaro-1.13.1-4.7-2013.04-20130415 - Linaro GCC 2013.04) ) #1 SMP PREEMPT Wed Jun 17 12:14:44 PDT 2015
+Linux version 4.1.0-13741-gb953c0d (pwalmsley@kaivo) (gcc version 4.7.3 20130328 (prerelease) (crosstool-NG linaro-1.13.1-4.7-2013.04-20130415 - Linaro GCC 2013.04) ) #1 SMP PREEMPT Tue Jun 23 18:03:20 PDT 2015
 CPU: ARMv7 Processor [413fc0f3] revision 3 (ARMv7), cr=10c5387d
 CPU: PIPT / VIPT nonaliasing data cache, PIPT instruction cache
 Machine model: NVIDIA Tegra124 Jetson TK1
@@ -92,7 +92,7 @@
     lowmem  : 0xc0000000 - 0xef800000   ( 760 MB)
     pkmap   : 0xbfe00000 - 0xc0000000   (   2 MB)
     modules : 0xbf000000 - 0xbfe00000   (  14 MB)
-      .text : 0xc0008000 - 0xc08c8520   (8962 kB)
+      .text : 0xc0008000 - 0xc08c8518   (8962 kB)
       .init : 0xc08c9000 - 0xc0916000   ( 308 kB)
       .data : 0xc0916000 - 0xc0964020   ( 313 kB)
        .bss : 0xc0967000 - 0xc09bee14   ( 352 kB)
@@ -300,16 +300,44 @@
 tegra-pcie 1003000.pcie-controller: link 0 down, ignoring
 tegra-pcie 1003000.pcie-controller: probing port 1, using 1 lanes
 tegra-pcie 1003000.pcie-controller: Slot present pin change, signature: 00000000
-tegra-pcie 1003000.pcie-controller: link 1 down, retrying
-tegra-pcie 1003000.pcie-controller: link 1 down, retrying
-tegra-pcie 1003000.pcie-controller: link 1 down, retrying
-tegra-pcie 1003000.pcie-controller: link 1 down, ignoring
 tegra-pcie 1003000.pcie-controller: PCI host bridge to bus 0000:00
 pci_bus 0000:00: root bus resource [mem 0x13000000-0x1fffffff]
 pci_bus 0000:00: root bus resource [mem 0x20000000-0x3fffffff pref]
 pci_bus 0000:00: root bus resource [bus 00-ff]
 pci_bus 0000:00: root bus resource [io  0x1000-0xffff]
-PCI: bus0: Fast back to back transfers enabled
+pci 0000:00:02.0: [10de:0e13] type 01 class 0x060400
+pci 0000:00:02.0: IOMMU is currently not supported for PCI
+pci 0000:00:02.0: PME# supported from D0 D1 D2 D3hot D3cold
+PCI: bus0: Fast back to back transfers disabled
+pci 0000:00:02.0: bridge configuration invalid ([bus 00-00]), reconfiguring
+pci 0000:01:00.0: [10ec:8168] type 00 class 0x020000
+pci 0000:01:00.0: reg 0x10: [io  0x0000-0x00ff]
+pci 0000:01:00.0: reg 0x18: [mem 0x00000000-0x00000fff 64bit]
+pci 0000:01:00.0: reg 0x20: [mem 0x00000000-0x00003fff 64bit pref]
+pci 0000:01:00.0: IOMMU is currently not supported for PCI
+pci 0000:01:00.0: supports D1 D2
+pci 0000:01:00.0: PME# supported from D0 D1 D2 D3hot D3cold
+PCI: bus1: Fast back to back transfers disabled
+pci_bus 0000:01: busn_res: [bus 01-ff] end is updated to 01
+pci 0000:00:02.0: BAR 8: assigned [mem 0x13000000-0x130fffff]
+pci 0000:00:02.0: BAR 9: assigned [mem 0x20000000-0x200fffff 64bit pref]
+pci 0000:00:02.0: BAR 7: assigned [io  0x1000-0x1fff]
+pci 0000:01:00.0: BAR 4: assigned [mem 0x20000000-0x20003fff 64bit pref]
+pci 0000:01:00.0: BAR 2: assigned [mem 0x13000000-0x13000fff 64bit]
+pci 0000:01:00.0: BAR 0: assigned [io  0x1000-0x10ff]
+pci 0000:00:02.0: PCI bridge to [bus 01]
+pci 0000:00:02.0:   bridge window [io  0x1000-0x1fff]
+pci 0000:00:02.0:   bridge window [mem 0x13000000-0x130fffff]
+pci 0000:00:02.0:   bridge window [mem 0x20000000-0x200fffff 64bit pref]
+pci 0000:00:02.0: nv_msi_ht_cap_quirk didn't locate host bridge
+pcieport 0000:00:02.0: enabling device (0140 -> 0143)
+pcieport 0000:00:02.0: Signaling PME through PCIe PME interrupt
+pci 0000:01:00.0: Signaling PME through PCIe PME interrupt
+pcie_pme 0000:00:02.0:pcie01: service driver pcie_pme loaded
+r8169 Gigabit Ethernet driver 2.3LK-NAPI loaded
+r8169 0000:01:00.0: enabling device (0140 -> 0143)
+r8169 0000:01:00.0 eth0: RTL8168g/8111g at 0xf00e0000, 00:04:4b:25:b3:b4, XID 0c000800 IRQ 382
+r8169 0000:01:00.0 eth0: jumbo features [frames: 9200 bytes, tx checksumming: ko]
 +5V_HDMI_CON: supplied by +5V_SYS
 +1.05V_RUN_AVDD_HDMI_PLL: supplied by +1.05V_RUN
 +3.3V_RUN: supplied by +3.3V_SYS
@@ -344,7 +372,7 @@
 mmc1: Invalid maximum block size, assuming 512 bytes
 mmc1: SDHCI controller on 700b0400.sdhci [700b0400.sdhci] using ADMA 64-bit
 input: gpio-keys as /devices/soc0/gpio-keys/input/input1
-as3722-rtc as3722-rtc: setting system clock to 2000-02-01 00:00:52 UTC (949363252)
+as3722-rtc as3722-rtc: setting system clock to 2000-02-01 00:00:51 UTC (949363251)
 +USB0_VBUS_SW: disabling
 +1.8V_RUN_VPP_FUSE: disabling
 +2.8V_RUN_CAM_AF: disabling
Diff for ./tegra20-trimslice/tegra20-trimslice/multi_v7_defconfig_log.txt
--- /tmp/fooa	2015-06-23 18:06:52.308303580 -0700
+++ /tmp/foob	2015-06-23 18:06:52.312303578 -0700
@@ -24,12 +24,14 @@
 Tegra20 (TrimSlice) # usb reset
 resetting USB...
 USB0:   USB EHCI 1.00
-scanning bus 0 for devices... 2 USB Device(s) found
+scanning bus 0 for devices... 3 USB Device(s) found
 USB1:   USB EHCI 1.00
 scanning bus 1 for devices... 1 USB Device(s) found
 USB2:   lowlevel init failed
        scanning usb for storage devices... 0 Storage Device(s) found
-       scanning usb for ethernet devices... 0 Ethernet Device(s) found
+       scanning usb for ethernet devices... 
+Warning: asx0 using MAC address from net device
+1 Ethernet Device(s) found
 Tegra20 (TrimSlice) # setenv bootargs 'ignore_loglevel console=ttyS0,115200n8 rw root=/dev/mmcblk0p1 rootwait gpt debug noinitrd earlyprintk init=/bin/bash'
 Tegra20 (TrimSlice) # setenv ipaddr 192.168.100.103; setenv serverip 192.168.100.1; setenv tftpserverip 192.168.100.1
 Tegra20 (TrimSlice) # tftpboot 0x00408000 zImage.multi_v7_defconfig
@@ -44,20 +46,20 @@
 	 #################################################################
 	 #################################################################
 	 ######################################
-	 3.4 MiB/s
+	 4.1 MiB/s
 done
-Bytes transferred = 6273528 (5fb9f8 hex)
+Bytes transferred = 6273992 (5fbbc8 hex)
 Tegra20 (TrimSlice) # tftpboot 0x02408000 tegra20-trimslice.dtb
 Using RTL8169#0 device
 TFTP from server 192.168.100.1; our IP address is 192.168.100.103
 Filename 'tegra20-trimslice.dtb'.
 Load address: 0x2408000
 Loading: *##
-	 4 MiB/s
+	 3.4 MiB/s
 done
 Bytes transferred = 21130 (528a hex)
 Tegra20 (TrimSlice) # bootz 0x00408000 - 0x02408000
-Kernel image @ 0x408000 [ 0x000000 - 0x5fb9f8 ]
+Kernel image @ 0x408000 [ 0x000000 - 0x5fbbc8 ]
 ## Flattened Device Tree blob at 02408000
    Booting using the fdt blob at 0x2408000
    Using Device Tree in place at 02408000, end 02410289
@@ -65,7 +67,7 @@
 Starting kernel ...
 
 Booting Linux on physical CPU 0x0
-Linux version 4.1.0-rc8-13704-g0f57d86 (pwalmsley@kaivo) (gcc version 4.7.3 20130328 (prerelease) (crosstool-NG linaro-1.13.1-4.7-2013.04-20130415 - Linaro GCC 2013.04) ) #1 SMP Wed Jun 17 12:16:51 PDT 2015
+Linux version 4.1.0-13741-gb953c0d (pwalmsley@sellafield) (gcc version 4.7.3 20130328 (prerelease) (crosstool-NG linaro-1.13.1-4.7-2013.04-20130415 - Linaro GCC 2013.04) ) #1 SMP Tue Jun 23 18:03:05 PDT 2015
 CPU: ARMv7 Processor [411fc090] revision 0 (ARMv7), cr=10c5387d
 CPU: PIPT / VIPT nonaliasing data cache, VIPT aliasing instruction cache
 Machine model: Compulab TrimSlice board
@@ -94,7 +96,7 @@
     lowmem  : 0xc0000000 - 0xef800000   ( 760 MB)
     pkmap   : 0xbfe00000 - 0xc0000000   (   2 MB)
     modules : 0xbf000000 - 0xbfe00000   (  14 MB)
-      .text : 0xc0208000 - 0xc0d6418c   (11633 kB)
+      .text : 0xc0208000 - 0xc0d64184   (11633 kB)
       .init : 0xc0d65000 - 0xc0e42000   ( 884 kB)
       .data : 0xc0e42000 - 0xc0f42760   (1026 kB)
        .bss : 0xc0f45000 - 0xc0f94a68   ( 319 kB)
@@ -345,16 +347,17 @@
 tegra-ehci c5000000.usb: USB 2.0 started, EHCI 1.00
 hub 2-0:1.0: USB hub found
 hub 2-0:1.0: 1 port detected
-hub 1-1:1.0: USB hub found
 input: gpio-keys as /devices/soc0/gpio-keys/input/input0
-rtc-em3027 2-0056: setting system clock to 2014-12-26 11:52:48 UTC (1419594768)
-ALSA device list:
-  #0: tegra-trimslice
+hub 1-1:1.0: USB hub found
 mmc1: new high speed SD card at address b368
 mmcblk1: mmc1:b368 NCard 1.83 GiB (ro)
+rtc-em3027 2-0056: setting system clock to 2014-12-26 16:21:10 UTC (1419610870)
+ALSA device list:
+  #0: tegra-trimslice
  mmcblk1: p1 p2
 hub 1-1:1.0: 4 ports detected
 EXT4-fs (mmcblk0p1): mounting ext3 file system using the ext4 subsystem
+usb 1-1.2: new high-speed USB device number 3 using tegra-ehci
 EXT4-fs (mmcblk0p1): recovery complete
 EXT4-fs (mmcblk0p1): mounted filesystem with ordered data mode. Opts: (null)
 VFS: Mounted root (ext3 filesystem) on device 179:1.
Diff for ./tegra20-trimslice/tegra20-trimslice/tegra_defconfig_log.txt
--- /tmp/fooa	2015-06-23 18:06:52.316303577 -0700
+++ /tmp/foob	2015-06-23 18:06:52.320303575 -0700
@@ -19,17 +19,19 @@
 Out:   serial
 Err:   serial
 Net:   RTL8169#0
-Hit any key to stop autoboot:  2  0 
+Hit any key to stop autoboot:  2  1  0 
 Tegra20 (TrimSlice) # 
 Tegra20 (TrimSlice) # usb reset
 resetting USB...
 USB0:   USB EHCI 1.00
-scanning bus 0 for devices... 2 USB Device(s) found
+scanning bus 0 for devices... 3 USB Device(s) found
 USB1:   USB EHCI 1.00
 scanning bus 1 for devices... 1 USB Device(s) found
 USB2:   lowlevel init failed
        scanning usb for storage devices... 0 Storage Device(s) found
-       scanning usb for ethernet devices... 0 Ethernet Device(s) found
+       scanning usb for ethernet devices... 
+Warning: asx0 using MAC address from net device
+1 Ethernet Device(s) found
 Tegra20 (TrimSlice) # setenv bootargs 'ignore_loglevel console=ttyS0,115200n8 rw root=/dev/mmcblk0p1 rootwait gpt debug noinitrd earlyprintk init=/bin/bash'
 Tegra20 (TrimSlice) # setenv ipaddr 192.168.100.103; setenv serverip 192.168.100.1; setenv tftpserverip 192.168.100.1
 Tegra20 (TrimSlice) # tftpboot 0x00408000 zImage.tegra_defconfig
@@ -43,20 +45,20 @@
 	 #################################################################
 	 #################################################################
 	 ########
-	 3.9 MiB/s
+	 3.3 MiB/s
 done
-Bytes transferred = 4885352 (4a8b68 hex)
+Bytes transferred = 4885312 (4a8b40 hex)
 Tegra20 (TrimSlice) # tftpboot 0x02408000 tegra20-trimslice.dtb
 Using RTL8169#0 device
 TFTP from server 192.168.100.1; our IP address is 192.168.100.103
 Filename 'tegra20-trimslice.dtb'.
 Load address: 0x2408000
 Loading: *##
-	 4 MiB/s
+	 3.4 MiB/s
 done
 Bytes transferred = 21130 (528a hex)
 Tegra20 (TrimSlice) # bootz 0x00408000 - 0x02408000
-Kernel image @ 0x408000 [ 0x000000 - 0x4a8b68 ]
+Kernel image @ 0x408000 [ 0x000000 - 0x4a8b40 ]
 ## Flattened Device Tree blob at 02408000
    Booting using the fdt blob at 0x2408000
    Using Device Tree in place at 02408000, end 02410289
@@ -67,7 +69,7 @@
 Booting Linux on physical CPU 0x0
 Initializing cgroup subsys cpu
 Initializing cgroup subsys cpuacct
-Linux version 4.1.0-rc8-13704-g0f57d86 (pwalmsley@sellafield) (gcc version 4.7.3 20130328 (prerelease) (crosstool-NG linaro-1.13.1-4.7-2013.04-20130415 - Linaro GCC 2013.04) ) #1 SMP PREEMPT Wed Jun 17 12:14:44 PDT 2015
+Linux version 4.1.0-13741-gb953c0d (pwalmsley@kaivo) (gcc version 4.7.3 20130328 (prerelease) (crosstool-NG linaro-1.13.1-4.7-2013.04-20130415 - Linaro GCC 2013.04) ) #1 SMP PREEMPT Tue Jun 23 18:03:20 PDT 2015
 CPU: ARMv7 Processor [411fc090] revision 0 (ARMv7), cr=10c5387d
 CPU: PIPT / VIPT nonaliasing data cache, VIPT aliasing instruction cache
 Machine model: Compulab TrimSlice board
@@ -97,7 +99,7 @@
     lowmem  : 0xc0000000 - 0xef800000   ( 760 MB)
     pkmap   : 0xbfe00000 - 0xc0000000   (   2 MB)
     modules : 0xbf000000 - 0xbfe00000   (  14 MB)
-      .text : 0xc0008000 - 0xc08c8520   (8962 kB)
+      .text : 0xc0008000 - 0xc08c8518   (8962 kB)
       .init : 0xc08c9000 - 0xc0916000   ( 308 kB)
       .data : 0xc0916000 - 0xc0964020   ( 313 kB)
        .bss : 0xc0967000 - 0xc09bee14   ( 352 kB)
@@ -348,10 +350,11 @@
 hub 2-0:1.0: 1 port detected
  mmcblk1: p1 p2
 input: gpio-keys as /devices/soc0/gpio-keys/input/input0
-rtc-em3027 2-0056: setting system clock to 2014-12-26 11:52:31 UTC (1419594751)
+rtc-em3027 2-0056: setting system clock to 2014-12-26 16:21:29 UTC (1419610889)
 ALSA device list:
   #0: tegra-trimslice
 kjournald starting.  Commit interval 5 seconds
+usb 1-1.2: new high-speed USB device number 3 using tegra-ehci
 EXT3-fs (mmcblk0p1): using internal journal
 EXT3-fs (mmcblk0p1): recovery complete
 EXT3-fs (mmcblk0p1): mounted filesystem with writeback data mode
Diff for ./tegra30-beaver/tegra30-beaver/multi_v7_defconfig_log.txt
--- /tmp/fooa	2015-06-23 18:06:52.324303574 -0700
+++ /tmp/foob	2015-06-23 18:06:52.328303572 -0700
@@ -38,20 +38,20 @@
 	 #################################################################
 	 #################################################################
 	 ######################################
-	 3.7 MiB/s
+	 3.3 MiB/s
 done
-Bytes transferred = 6273528 (5fb9f8 hex)
+Bytes transferred = 6273992 (5fbbc8 hex)
 Tegra30 (Beaver) # tftpboot 0x82000000 tegra30-beaver.dtb
 Using asx0 device
 TFTP from server 192.168.100.1; our IP address is 192.168.100.101
 Filename 'tegra30-beaver.dtb'.
 Load address: 0x82000000
 Loading: *####
-	 3.5 MiB/s
+	 3.3 MiB/s
 done
 Bytes transferred = 51191 (c7f7 hex)
 Tegra30 (Beaver) # bootz 0x81000000 - 0x82000000
-Kernel image @ 0x81000000 [ 0x000000 - 0x5fb9f8 ]
+Kernel image @ 0x81000000 [ 0x000000 - 0x5fbbc8 ]
 ## Flattened Device Tree blob at 82000000
    Booting using the fdt blob at 0x82000000
    Loading Device Tree to 8fff0000, end 8ffff7f6 ... OK
@@ -59,7 +59,7 @@
 Starting kernel ...
 
 Booting Linux on physical CPU 0x0
-Linux version 4.1.0-rc8-13704-g0f57d86 (pwalmsley@kaivo) (gcc version 4.7.3 20130328 (prerelease) (crosstool-NG linaro-1.13.1-4.7-2013.04-20130415 - Linaro GCC 2013.04) ) #1 SMP Wed Jun 17 12:16:51 PDT 2015
+Linux version 4.1.0-13741-gb953c0d (pwalmsley@sellafield) (gcc version 4.7.3 20130328 (prerelease) (crosstool-NG linaro-1.13.1-4.7-2013.04-20130415 - Linaro GCC 2013.04) ) #1 SMP Tue Jun 23 18:03:05 PDT 2015
 CPU: ARMv7 Processor [412fc099] revision 9 (ARMv7), cr=10c5387d
 CPU: PIPT / VIPT nonaliasing data cache, VIPT aliasing instruction cache
 Machine model: NVIDIA Tegra30 Beaver evaluation board
@@ -88,7 +88,7 @@
     lowmem  : 0xc0000000 - 0xef800000   ( 760 MB)
     pkmap   : 0xbfe00000 - 0xc0000000   (   2 MB)
     modules : 0xbf000000 - 0xbfe00000   (  14 MB)
-      .text : 0xc0208000 - 0xc0d6418c   (11633 kB)
+      .text : 0xc0208000 - 0xc0d64184   (11633 kB)
       .init : 0xc0d65000 - 0xc0e42000   ( 884 kB)
       .data : 0xc0e42000 - 0xc0f42760   (1026 kB)
        .bss : 0xc0f45000 - 0xc0f94a68   ( 319 kB)
@@ -377,4 +377,4 @@
 Freeing unused kernel memory: 884K (c0d65000 - c0e42000)
 bash: cannot set terminal process group (-1): Inappropriate ioctl for device
 bash: no job control in this shell
-root@(none):/# [    4.208464] usb 2-1: new high-speed USB device number 2 using tegra-ehci
+root@(none):/# [    4.218870] usb 2-1: new high-speed USB device number 2 using tegra-ehci
Diff for ./tegra30-beaver/tegra30-beaver/tegra_defconfig_log.txt
--- /tmp/fooa	2015-06-23 18:06:52.336303569 -0700
+++ /tmp/foob	2015-06-23 18:06:52.340303567 -0700
@@ -37,20 +37,20 @@
 	 #################################################################
 	 #################################################################
 	 ########
-	 3.3 MiB/s
+	 3 MiB/s
 done
-Bytes transferred = 4885352 (4a8b68 hex)
+Bytes transferred = 4885312 (4a8b40 hex)
 Tegra30 (Beaver) # tftpboot 0x82000000 tegra30-beaver.dtb
 Using asx0 device
 TFTP from server 192.168.100.1; our IP address is 192.168.100.101
 Filename 'tegra30-beaver.dtb'.
 Load address: 0x82000000
 Loading: *####
-	 3.1 MiB/s
+	 2.7 MiB/s
 done
 Bytes transferred = 51191 (c7f7 hex)
 Tegra30 (Beaver) # bootz 0x81000000 - 0x82000000
-Kernel image @ 0x81000000 [ 0x000000 - 0x4a8b68 ]
+Kernel image @ 0x81000000 [ 0x000000 - 0x4a8b40 ]
 ## Flattened Device Tree blob at 82000000
    Booting using the fdt blob at 0x82000000
    Loading Device Tree to 8fff0000, end 8ffff7f6 ... OK
@@ -61,7 +61,7 @@
 Booting Linux on physical CPU 0x0
 Initializing cgroup subsys cpu
 Initializing cgroup subsys cpuacct
-Linux version 4.1.0-rc8-13704-g0f57d86 (pwalmsley@sellafield) (gcc version 4.7.3 20130328 (prerelease) (crosstool-NG linaro-1.13.1-4.7-2013.04-20130415 - Linaro GCC 2013.04) ) #1 SMP PREEMPT Wed Jun 17 12:14:44 PDT 2015
+Linux version 4.1.0-13741-gb953c0d (pwalmsley@kaivo) (gcc version 4.7.3 20130328 (prerelease) (crosstool-NG linaro-1.13.1-4.7-2013.04-20130415 - Linaro GCC 2013.04) ) #1 SMP PREEMPT Tue Jun 23 18:03:20 PDT 2015
 CPU: ARMv7 Processor [412fc099] revision 9 (ARMv7), cr=10c5387d
 CPU: PIPT / VIPT nonaliasing data cache, VIPT aliasing instruction cache
 Machine model: NVIDIA Tegra30 Beaver evaluation board
@@ -90,7 +90,7 @@
     lowmem  : 0xc0000000 - 0xef800000   ( 760 MB)
     pkmap   : 0xbfe00000 - 0xc0000000   (   2 MB)
     modules : 0xbf000000 - 0xbfe00000   (  14 MB)
-      .text : 0xc0008000 - 0xc08c8520   (8962 kB)
+      .text : 0xc0008000 - 0xc08c8518   (8962 kB)
       .init : 0xc08c9000 - 0xc0916000   ( 308 kB)
       .data : 0xc0916000 - 0xc0964020   ( 313 kB)
        .bss : 0xc0967000 - 0xc09bee14   ( 352 kB)
@@ -360,8 +360,8 @@
 vdd_sata,avdd_plle: disabling
 ALSA device list:
   #0: NVIDIA Tegra Beaver
-kjournald starting.  Commit interval 5 seconds
 EXT3-fs (mmcblk0p1): warning: mounting fs with errors, running e2fsck is recommended
+kjournald starting.  Commit interval 5 seconds
 EXT3-fs (mmcblk0p1): using internal journal
 EXT3-fs (mmcblk0p1): recovery complete
 EXT3-fs (mmcblk0p1): mounted filesystem with writeback data mode
@@ -370,4 +370,4 @@
 Freeing unused kernel memory: 308K (c08c9000 - c0916000)
 bash: cannot set terminal process group (-1): Inappropriate ioctl for device
 bash: no job control in this shell
-root@(none):/# [    4.486495] usb 2-1: new high-speed USB device number 2 using tegra-ehci
+root@(none):/# [    4.486506] usb 2-1: new high-speed USB device number 2 using tegra-ehci
