
U-Boot SPL 2015.04-rc3-00209-ga74ef40 (Mar 16 2015 - 14:43:39)


U-Boot 2015.04-rc3-00209-ga74ef40 (Mar 16 2015 - 14:43:39)

TEGRA20
Model: Compulab TrimSlice board
DRAM:  1 GiB
MMC:   Tegra SD/MMC: 0, Tegra SD/MMC: 1
SF: Detected W25Q80BL with page size 256 Bytes, erase size 4 KiB, total 1 MiB
tegra-pcie: PCI regions:
tegra-pcie:   I/O: 0x82000000-0x82010000
tegra-pcie:   non-prefetchable memory: 0xa0000000-0xa8000000
tegra-pcie:   prefetchable memory: 0xa8000000-0xc0000000
tegra-pcie: dual-mode configuration
tegra-pcie: probing port 0, using 2 lanes
In:    serial
Out:   serial
Err:   serial
Net:   RTL8169#0
Hit any key to stop autoboot:  2  1  0 
Tegra20 (TrimSlice) # 
Tegra20 (TrimSlice) # usb reset
resetting USB...
USB0:   USB EHCI 1.00
scanning bus 0 for devices... 3 USB Device(s) found
USB1:   USB EHCI 1.00
scanning bus 1 for devices... 1 USB Device(s) found
USB2:   lowlevel init failed
       scanning usb for storage devices... 0 Storage Device(s) found
       scanning usb for ethernet devices... 
Warning: asx0 using MAC address from net device
1 Ethernet Device(s) found
Tegra20 (TrimSlice) # setenv bootargs 'ignore_loglevel console=ttyS0,115200n8 rw root=PARTUUID=11eb23c1-01 rootwait gpt debug noinitrd earlyprintk init=/bin/bash'
Tegra20 (TrimSlice) # setenv ipaddr 192.168.100.103; setenv serverip 192.168.100.1; setenv tftpserverip 192.168.100.1
Tegra20 (TrimSlice) # tftpboot 0x00408000 zImage.multi_v7_defconfig
Using RTL8169#0 device
TFTP from server 192.168.100.1; our IP address is 192.168.100.103
Filename 'zImage.multi_v7_defconfig'.
Load address: 0x408000
Loading: *#################################################################
	 #################################################################
	 #################################################################
	 #################################################################
	 #################################################################
	 #################################################################
	 #################################################################
	 ###########################################################
	 3.2 MiB/s
done
Bytes transferred = 7535296 (72fac0 hex)
Tegra20 (TrimSlice) # tftpboot 0x02408000 tegra20-trimslice.dtb
Using RTL8169#0 device
TFTP from server 192.168.100.1; our IP address is 192.168.100.103
Filename 'tegra20-trimslice.dtb'.
Load address: 0x2408000
Loading: *##
	 2.9 MiB/s
done
Bytes transferred = 21426 (53b2 hex)
Tegra20 (TrimSlice) # bootz 0x00408000 - 0x02408000
Kernel image @ 0x408000 [ 0x000000 - 0x72fac0 ]
## Flattened Device Tree blob at 02408000
   Booting using the fdt blob at 0x2408000
   Using Device Tree in place at 02408000, end 024103b1

Starting kernel ...

[    0.000000] Booting Linux on physical CPU 0x0
[    0.000000] Linux version 4.11.0-rc2-155355-g4495c08 (pwalmsley@sellafield) (gcc version 4.7.3 20130328 (prerelease) (crosstool-NG linaro-1.13.1-4.7-2013.04-20130415 - Linaro GCC 2013.04) ) #1 SMP Sun Mar 12 15:05:38 PDT 2017
[    0.000000] CPU: ARMv7 Processor [411fc090] revision 0 (ARMv7), cr=10c5387d
[    0.000000] CPU: PIPT / VIPT nonaliasing data cache, VIPT aliasing instruction cache
[    0.000000] OF: fdt: Machine model: Compulab TrimSlice board
[    0.000000] debug: ignoring loglevel setting.
[    0.000000] efi: Getting EFI parameters from FDT:
[    0.000000] efi: UEFI not found.
[    0.000000] cma: Reserved 64 MiB at 0x3c000000
[    0.000000] Memory policy: Data cache writealloc
[    0.000000] On node 0 totalpages: 262144
[    0.000000] free_area_init_node: node 0, pgdat c1538180, node_mem_map ef7f8000
[    0.000000]   DMA zone: 1536 pages used for memmap
[    0.000000]   DMA zone: 0 pages reserved
[    0.000000]   DMA zone: 196608 pages, LIFO batch:31
[    0.000000]   HighMem zone: 65536 pages, LIFO batch:15
[    0.000000] percpu: Embedded 16 pages/cpu @ef7c6000 s34432 r8192 d22912 u65536
[    0.000000] pcpu-alloc: s34432 r8192 d22912 u65536 alloc=16*4096
[    0.000000] pcpu-alloc: [0] 0 [0] 1 
[    0.000000] Built 1 zonelists in Zone order, mobility grouping on.  Total pages: 260608
[    0.000000] Kernel command line: ignore_loglevel console=ttyS0,115200n8 rw root=PARTUUID=11eb23c1-01 rootwait gpt debug noinitrd earlyprintk init=/bin/bash
[    0.000000] PID hash table entries: 4096 (order: 2, 16384 bytes)
[    0.000000] Dentry cache hash table entries: 131072 (order: 7, 524288 bytes)
[    0.000000] Inode-cache hash table entries: 65536 (order: 6, 262144 bytes)
[    0.000000] Memory: 954592K/1048576K available (10240K kernel code, 1254K rwdata, 4212K rodata, 2048K init, 536K bss, 28448K reserved, 65536K cma-reserved, 196608K highmem)
[    0.000000] Virtual kernel memory layout:
[    0.000000]     vector  : 0xffff0000 - 0xffff1000   (   4 kB)
[    0.000000]     fixmap  : 0xffc00000 - 0xfff00000   (3072 kB)
[    0.000000]     vmalloc : 0xf0800000 - 0xff800000   ( 240 MB)
[    0.000000]     lowmem  : 0xc0000000 - 0xf0000000   ( 768 MB)
[    0.000000]     pkmap   : 0xbfe00000 - 0xc0000000   (   2 MB)
[    0.000000]     modules : 0xbf000000 - 0xbfe00000   (  14 MB)
[    0.000000]       .text : 0xc0208000 - 0xc0d00000   (11232 kB)
[    0.000000]       .init : 0xc1200000 - 0xc1400000   (2048 kB)
[    0.000000]       .data : 0xc1400000 - 0xc1539aa0   (1255 kB)
[    0.000000]        .bss : 0xc153b000 - 0xc15c12b8   ( 537 kB)
[    0.000000] SLUB: HWalign=64, Order=0-3, MinObjects=0, CPUs=2, Nodes=1
[    0.000000] Hierarchical RCU implementation.
[    0.000000] 	RCU debugfs-based tracing is enabled.
[    0.000000] 	Build-time adjustment of leaf fanout to 32.
[    0.000000] 	RCU restricting CPUs from NR_CPUS=16 to nr_cpu_ids=2.
[    0.000000] RCU: Adjusting geometry for rcu_fanout_leaf=32, nr_cpu_ids=2
[    0.000000] NR_IRQS:16 nr_irqs:16 16
[    0.000000] /interrupt-controller@60004000: 128 interrupts forwarded to /interrupt-controller@50041000
[    0.000000] L2C: platform modifies aux control register: 0x02080000 -> 0x3e480001
[    0.000000] L2C: DT/platform modifies aux control register: 0x02080000 -> 0x3e480001
[    0.000000] L2C-310 errata 727915 769419 enabled
[    0.000000] L2C-310 enabling early BRESP for Cortex-A9
[    0.000000] L2C-310: enabling full line of zeros but not enabled in Cortex-A9
[    0.000000] L2C-310 ID prefetch enabled, offset 1 lines
[    0.000000] L2C-310 cache controller enabled, 8 ways, 1024 kB
[    0.000000] L2C-310: CACHE_ID 0x410000c4, AUX_CTRL 0x7e480001
[    0.000010] sched_clock: 32 bits at 1000kHz, resolution 1000ns, wraps every 2147483647500ns
[    0.000026] clocksource: timer_us: mask: 0xffffffff max_cycles: 0xffffffff, max_idle_ns: 1911260446275 ns
[    0.000036] Switching to timer-based delay loop, resolution 1000ns
[    0.001634] Console: colour dummy device 80x30
[    0.001657] Calibrating delay loop (skipped), value calculated using timer frequency.. 2.00 BogoMIPS (lpj=10000)
[    0.001669] pid_max: default: 32768 minimum: 301
[    0.001753] Mount-cache hash table entries: 2048 (order: 1, 8192 bytes)
[    0.001762] Mountpoint-cache hash table entries: 2048 (order: 1, 8192 bytes)
[    0.002186] CPU: Testing write buffer coherency: ok
[    0.002392] CPU0: thread -1, cpu 0, socket 0, mpidr 80000000
[    0.002551] Setting up static identity map for 0x300000 - 0x300098
[    0.004013] Tegra Revision: A03 prime SKU: 8 CPU Process: 1 SoC Process: 2
[    0.004387] EFI services will not be available.
[    0.004542] smp: Bringing up secondary CPUs ...
[    0.005072] CPU1: thread -1, cpu 1, socket 0, mpidr 80000001
[    0.005131] smp: Brought up 1 node, 2 CPUs
[    0.005143] SMP: Total of 2 processors activated (4.00 BogoMIPS).
[    0.005149] CPU: All CPU(s) started in SVC mode.
[    0.005778] devtmpfs: initialized
[    0.009443] VFP support v0.3: implementor 41 architecture 3 part 30 variant 9 rev 1
[    0.009648] clocksource: jiffies: mask: 0xffffffff max_cycles: 0xffffffff, max_idle_ns: 19112604462750000 ns
[    0.009663] futex hash table entries: 512 (order: 3, 32768 bytes)
[    0.012633] pinctrl core: initialized pinctrl subsystem
[    0.013888] NET: Registered protocol family 16
[    0.015920] DMA: preallocated 256 KiB pool for atomic coherent allocations
[    0.017410] cpuidle: using governor menu
[    0.035099] No ATAGs?
[    0.035167] hw-breakpoint: found 5 (+1 reserved) breakpoint and 1 watchpoint registers.
[    0.035178] hw-breakpoint: maximum watchpoint size is 4 bytes.
[    0.040493] Serial: AMBA PL011 UART driver
[    0.052077] usb1_vbus: Failed to request enable GPIO170: -517
[    0.052092] reg-fixed-voltage regulators:regulator@2: Failed to register regulator: -517
[    0.055588] vgaarb: loaded
[    0.056148] SCSI subsystem initialized
[    0.056272] libata version 3.00 loaded.
[    0.056454] usbcore: registered new interface driver usbfs
[    0.056496] usbcore: registered new interface driver hub
[    0.056534] usbcore: registered new device driver usb
[    0.058503] pps_core: LinuxPPS API ver. 1 registered
[    0.058511] pps_core: Software ver. 5.3.6 - Copyright 2005-2007 Rodolfo Giometti <giometti@linux.it>
[    0.058528] PTP clock support registered
[    0.058670] EDAC MC: Ver: 3.0.0
[    0.060459] clocksource: Switched to clocksource timer_us
[    0.067454] NET: Registered protocol family 2
[    0.067858] TCP established hash table entries: 8192 (order: 3, 32768 bytes)
[    0.067929] TCP bind hash table entries: 8192 (order: 4, 65536 bytes)
[    0.068042] TCP: Hash tables configured (established 8192 bind 8192)
[    0.068144] UDP hash table entries: 512 (order: 2, 16384 bytes)
[    0.068187] UDP-Lite hash table entries: 512 (order: 2, 16384 bytes)
[    0.068346] NET: Registered protocol family 1
[    0.068595] RPC: Registered named UNIX socket transport module.
[    0.068605] RPC: Registered udp transport module.
[    0.068610] RPC: Registered tcp transport module.
[    0.068615] RPC: Registered tcp NFSv4.1 backchannel transport module.
[    0.068624] PCI: CLS 0 bytes, default 64
[    0.069423] hw perfevents: enabled with armv7_cortex_a9 PMU driver, 7 counters available
[    0.070872] workingset: timestamp_bits=30 max_order=18 bucket_order=0
[    0.077400] squashfs: version 4.0 (2009/01/31) Phillip Lougher
[    0.077984] NFS: Registering the id_resolver key type
[    0.078006] Key type id_resolver registered
[    0.078012] Key type id_legacy registered
[    0.078041] ntfs: driver 2.1.32 [Flags: R/O].
[    0.079180] bounce: pool size: 64 pages
[    0.079217] Block layer SCSI generic (bsg) driver version 0.4 loaded (major 248)
[    0.079226] io scheduler noop registered
[    0.079232] io scheduler deadline registered
[    0.079379] io scheduler cfq registered (default)
[    0.079386] io scheduler mq-deadline registered
[    0.090554] tegra-pcie 80003000.pcie-controller: dual-mode configuration
[    0.091241] tegra-pcie 80003000.pcie-controller: probing port 0, using 2 lanes
[    0.174612] tegra-pcie 80003000.pcie-controller: PCI host bridge to bus 0000:00
[    0.174625] pci_bus 0000:00: root bus resource [io  0x0000-0xffff]
[    0.174634] pci_bus 0000:00: root bus resource [mem 0xa0000000-0xa7ffffff]
[    0.174642] pci_bus 0000:00: root bus resource [mem 0xa8000000-0xbfffffff pref]
[    0.174651] pci_bus 0000:00: root bus resource [bus 00-ff]
[    0.174679] pci 0000:00:01.0: [10de:0bf0] type 01 class 0x060000
[    0.174706] pci_bus 0000:00: 2-byte config write to 0000:00:01.0 offset 0x88 may corrupt adjacent RW1C bits
[    0.174741] pci_bus 0000:00: 2-byte config write to 0000:00:01.0 offset 0x52 may corrupt adjacent RW1C bits
[    0.174764] pci 0000:00:01.0: PME# supported from D0 D1 D2 D3hot D3cold
[    0.174776] pci_bus 0000:00: 2-byte config write to 0000:00:01.0 offset 0x4c may corrupt adjacent RW1C bits
[    0.174960] pci_bus 0000:00: 2-byte config write to 0000:00:01.0 offset 0x3e may corrupt adjacent RW1C bits
[    0.174972] pci_bus 0000:00: 2-byte config write to 0000:00:01.0 offset 0x4 may corrupt adjacent RW1C bits
[    0.174983] pci_bus 0000:00: 1-byte config write to 0000:00:01.0 offset 0xc may corrupt adjacent RW1C bits
[    0.174989] PCI: bus0: Fast back to back transfers disabled
[    0.174998] pci 0000:00:01.0: bridge configuration invalid ([bus 00-00]), reconfiguring
[    0.175008] pci_bus 0000:00: 2-byte config write to 0000:00:01.0 offset 0x3e may corrupt adjacent RW1C bits
[    0.175019] pci_bus 0000:00: 2-byte config write to 0000:00:01.0 offset 0x3e may corrupt adjacent RW1C bits
[    0.175029] pci_bus 0000:00: 2-byte config write to 0000:00:01.0 offset 0x3e may corrupt adjacent RW1C bits
[    0.175039] pci_bus 0000:00: 2-byte config write to 0000:00:01.0 offset 0x6 may corrupt adjacent RW1C bits
[    0.175155] pci 0000:01:00.0: [10ec:8168] type 00 class 0x020000
[    0.175179] pci 0000:01:00.0: reg 0x10: [io  0x0000-0x00ff]
[    0.175204] pci 0000:01:00.0: reg 0x18: [mem 0x00000000-0x00000fff 64bit pref]
[    0.175222] pci 0000:01:00.0: reg 0x20: [mem 0x00000000-0x00003fff 64bit pref]
[    0.175235] pci 0000:01:00.0: reg 0x30: [mem 0x00000000-0x0001ffff pref]
[    0.175316] pci 0000:01:00.0: supports D1 D2
[    0.175324] pci 0000:01:00.0: PME# supported from D0 D1 D2 D3hot D3cold
[    0.200501] PCI: bus1: Fast back to back transfers disabled
[    0.200515] pci_bus 0000:01: busn_res: [bus 01-ff] end is updated to 01
[    0.200527] Disabling cpuidle LP2 state, since PCIe IRQs are in use
[    0.200587] pci 0000:00:01.0: BAR 8: assigned [mem 0xa0000000-0xa00fffff]
[    0.200598] pci 0000:00:01.0: BAR 9: assigned [mem 0xa8000000-0xa80fffff 64bit pref]
[    0.200608] pci 0000:00:01.0: BAR 7: assigned [io  0x1000-0x1fff]
[    0.200620] pci 0000:01:00.0: BAR 6: assigned [mem 0xa0000000-0xa001ffff pref]
[    0.200630] pci 0000:01:00.0: BAR 4: assigned [mem 0xa8000000-0xa8003fff 64bit pref]
[    0.200650] pci 0000:01:00.0: BAR 2: assigned [mem 0xa8004000-0xa8004fff 64bit pref]
[    0.200669] pci 0000:01:00.0: BAR 0: assigned [io  0x1000-0x10ff]
[    0.200680] pci 0000:00:01.0: PCI bridge to [bus 01]
[    0.200689] pci 0000:00:01.0:   bridge window [io  0x1000-0x1fff]
[    0.200698] pci 0000:00:01.0:   bridge window [mem 0xa0000000-0xa00fffff]
[    0.200707] pci 0000:00:01.0:   bridge window [mem 0xa8000000-0xa80fffff 64bit pref]
[    0.200728] pci 0000:00:01.0: nv_msi_ht_cap_quirk didn't locate host bridge
[    0.200779] pcieport 0000:00:01.0: enabling device (0140 -> 0143)
[    0.200958] pcieport 0000:00:01.0: Signaling PME with IRQ 295
[    0.206943] tegra-apbdma 6000a000.dma: Tegra20 APB DMA driver register 16 channels
[    0.255181] Serial: 8250/16550 driver, 4 ports, IRQ sharing disabled
[    0.257365] console [ttyS0] disabled
[    0.257400] 70006000.serial: ttyS0 at MMIO 0x70006000 (irq = 279, base_baud = 13500000) is a Tegra
[    1.311690] console [ttyS0] enabled
[    1.315758] SuperH (H)SCI(F) driver initialized
[    1.321025] msm_serial: driver initialized
[    1.325240] STMicroelectronics ASC driver initialized
[    1.335334] tegra-hdmi 54280000.hdmi: 54280000.hdmi supply hdmi not found, using dummy regulator
[    1.346057] [drm] Supports vblank timestamp caching Rev 2 (21.10.2013).
[    1.352673] [drm] No driver support for vblank timestamp query.
[    1.358606] [drm] Cannot find any crtc or sizes - going 1024x768
[    1.380643] Console: switching to colour frame buffer device 128x48
[    1.395320] drm drm: fb0:  frame buffer device
[    1.399801] [drm] Initialized tegra 0.0.0 20120330 for drm on minor 0
[    1.415219] brd: module loaded
[    1.423920] loop: module loaded
[    1.432816] m25p80 spi32766.0: found s25fl008k, expected w25q80bl
[    1.438901] m25p80 spi32766.0: s25fl008k (1024 Kbytes)
[    1.446256] libphy: Fixed MDIO Bus: probed
[    1.451137] CAN device driver interface
[    1.455634] bgmac_bcma: Broadcom 47xx GBit MAC driver loaded
[    1.462300] e1000e: Intel(R) PRO/1000 Network Driver - 3.2.6-k
[    1.468117] e1000e: Copyright(c) 1999 - 2015 Intel Corporation.
[    1.474086] igb: Intel(R) Gigabit Ethernet Network Driver - version 5.4.0-k
[    1.481043] igb: Copyright (c) 2007-2014 Intel Corporation.
[    1.487126] r8169 Gigabit Ethernet driver 2.3LK-NAPI loaded
[    1.492721] r8169 0000:01:00.0: enabling device (0140 -> 0143)
[    1.499351] r8169 0000:01:00.0 eth0: RTL8168d/8111d at 0xf08fc000, 00:01:c0:13:7d:63, XID 081000c0 IRQ 296
[    1.509014] r8169 0000:01:00.0 eth0: jumbo features [frames: 9200 bytes, tx checksumming: ko]
[    1.519657] pegasus: v0.9.3 (2013/04/25), Pegasus/Pegasus II USB Ethernet driver
[    1.527112] usbcore: registered new interface driver pegasus
[    1.532810] usbcore: registered new interface driver asix
[    1.538222] usbcore: registered new interface driver ax88179_178a
[    1.544355] usbcore: registered new interface driver cdc_ether
[    1.550213] usbcore: registered new interface driver smsc75xx
[    1.556003] usbcore: registered new interface driver smsc95xx
[    1.561778] usbcore: registered new interface driver net1080
[    1.567449] usbcore: registered new interface driver cdc_subset
[    1.573396] usbcore: registered new interface driver zaurus
[    1.578998] usbcore: registered new interface driver cdc_ncm
[    1.584943] tegra-phy c5004000.usb-phy: no vbus regulator
[    1.591434] tegra-phy c5008000.usb-phy: no vbus regulator
[    1.598111] ehci_hcd: USB 2.0 'Enhanced' Host Controller (EHCI) Driver
[    1.604641] ehci-pci: EHCI PCI platform driver
[    1.609108] ehci-platform: EHCI generic platform driver
[    1.614492] ehci-orion: EHCI orion driver
[    1.618590] SPEAr-ehci: EHCI SPEAr driver
[    1.622711] ehci-st: EHCI STMicroelectronics driver
[    1.627678] ehci-exynos: EHCI EXYNOS driver
[    1.631984] ehci-atmel: EHCI Atmel driver
[    1.636083] tegra-ehci: Tegra EHCI driver
[    1.691664] ulpi_phy_power_on: ulpi write failed
[    1.696272] tegra-ehci c5004000.usb: Failed to power on the phy
[    1.702206] tegra-ehci: probe of c5004000.usb failed with error -110
[    1.711180] tegra-ehci c5008000.usb: EHCI Host Controller
[    1.716585] tegra-ehci c5008000.usb: new USB bus registered, assigned bus number 1
[    1.724397] tegra-ehci c5008000.usb: irq 290, io mem 0xc5008000
[    1.750477] tegra-ehci c5008000.usb: USB 2.0 started, EHCI 1.00
[    1.757015] hub 1-0:1.0: USB hub found
[    1.760797] hub 1-0:1.0: 1 port detected
[    1.765021] ohci_hcd: USB 1.1 'Open' Host Controller (OHCI) Driver
[    1.771212] ohci-pci: OHCI PCI platform driver
[    1.775689] ohci-platform: OHCI generic platform driver
[    1.781071] ohci-omap3: OHCI OMAP3 driver
[    1.785173] SPEAr-ohci: OHCI SPEAr driver
[    1.789276] ohci-st: OHCI STMicroelectronics driver
[    1.794266] ohci-atmel: OHCI Atmel driver
[    1.798860] usbcore: registered new interface driver usb-storage
[    1.807374] rtc-em3027 2-0056: rtc core: registered rtc-em3027 as rtc0
[    1.815057] tegra_rtc 7000e000.rtc: rtc core: registered 7000e000.rtc as rtc1
[    1.822225] tegra_rtc 7000e000.rtc: Tegra internal Real Time Clock
[    1.828786] i2c /dev entries driver
[    1.841642] sdhci: Secure Digital Host Controller Interface driver
[    1.847807] sdhci: Copyright(c) Pierre Ossman
[    1.853330] Synopsys Designware Multimedia Card Interface Driver
[    1.860171] sdhci-pltfm: SDHCI platform and OF driver helper
[    1.866599] mmc0: Invalid maximum block size, assuming 512 bytes
[    1.930478] mmc0: SDHCI controller on c8000000.sdhci [c8000000.sdhci] using ADMA
[    1.937950] sdhci-tegra c8000600.sdhci: Got CD GPIO
[    1.942847] sdhci-tegra c8000600.sdhci: Got WP GPIO
[    1.947876] mmc1: Invalid maximum block size, assuming 512 bytes
[    2.010543] mmc1: SDHCI controller on c8000600.sdhci [c8000600.sdhci] using ADMA
[    2.019320] ledtrig-cpu: registered to indicate activity on CPUs
[    2.025610] usbcore: registered new interface driver usbhid
[    2.031185] usbhid: USB HID core driver
[    2.038270] NET: Registered protocol family 10
[    2.043617] Segment Routing with IPv6
[    2.047311] sit: IPv6, IPv4 and MPLS over IPv4 tunneling driver
[    2.053743] NET: Registered protocol family 17
[    2.058181] can: controller area network core (rev 20120528 abi 9)
[    2.064528] NET: Registered protocol family 29
[    2.068961] can: raw protocol (rev 20120528)
[    2.073238] can: broadcast manager protocol (rev 20161123 t)
[    2.078886] can: netlink gateway (rev 20130117) max_hops=1
[    2.084679] Key type dns_resolver registered
[    2.089327] ThumbEE CPU extension supported.
[    2.093611] Registering SWP/SWPB emulation handler
[    2.106392] utmi_phy_clk_enable: timeout waiting for phy to stabilize
[    2.109509] mmc0: host does not support reading read-only switch, assuming write-enable
[    2.111336] mmc0: new high speed SDHC card at address b368
[    2.121030] mmcblk0: mmc0:b368 NCard 3.70 GiB 
[    2.130791] tegra-ehci c5000000.usb: EHCI Host Controller
[    2.132500]  mmcblk0: p1
[    2.138711] tegra-ehci c5000000.usb: new USB bus registered, assigned bus number 2
[    2.146574] tegra-ehci c5000000.usb: irq 288, io mem 0xc5000000
[    2.160508] usb 1-1: new high-speed USB device number 2 using tegra-ehci
[    2.190506] tegra-ehci c5000000.usb: USB 2.0 started, EHCI 1.00
[    2.197305] hub 2-0:1.0: USB hub found
[    2.201118] hub 2-0:1.0: 1 port detected
[    2.206304] input: gpio-keys as /devices/soc0/gpio-keys/input/input0
[    2.213371] rtc-em3027 2-0056: hctosys: unable to read the hardware clock
[    2.222102] EXT4-fs (mmcblk0p1): mounting ext3 file system using the ext4 subsystem
[    2.229483] mmc1: new high speed SD card at address b368
[    2.229987] mmcblk1: mmc1:b368 NCard 1.83 GiB (ro)
[    2.232692]  mmcblk1: p1 p2
[    2.381631] hub 1-1:1.0: USB hub found
[    2.385552] hub 1-1:1.0: 4 ports detected
[    2.471067] EXT4-fs (mmcblk0p1): recovery complete
[    2.549038] EXT4-fs (mmcblk0p1): mounted filesystem with ordered data mode. Opts: (null)
[    2.557245] VFS: Mounted root (ext3 filesystem) on device 179:1.
[    2.567395] devtmpfs: mounted
[    2.576017] Freeing unused kernel memory: 2048K
[    2.620519] random: fast init done
[    2.710548] usb 1-1.2: new high-speed USB device number 3 using tegra-ehci
bash: cannot set terminal process group (-1): Inappropriate ioctl for device
bash: no job control in this shell
root@(none):/# [    3.333407] asix 1-1.2:1.0 eth1: register 'asix' at usb-c5008000.usb-1.2, ASIX AX88772 USB 2.0 Ethernet, 00:60:6e:60:6c:68
 
root@(none):/# mount -t sysfs none /sys
root@(none):/# 
root@(none):/# mount -t debugfs none /sys/kernel/debug
root@(none):/# 
root@(none):/# rtcwake -d rtc1 -m mem -s 3
rtcwake: assuming RTC uses UTC ...
rtcwake: wakeup from "mem" using /dev/rtc1 at Thu Jan  1 00:00:32 1970
[   14.695182] PM: Syncing filesystems ... done.
[   14.741257] Freezing user space processes ... (elapsed 0.001 seconds) done.
[   14.749658] Freezing remaining freezable tasks ... (elapsed 0.001 seconds) done.
[   14.758633] Suspending console(s) (use no_console_suspend to debug)
[   14.796891] pci_generic_config_write32: 38 callbacks suppressed
[   14.796936] pci_bus 0000:00: 2-byte config write to 0000:00:01.0 offset 0x9c may corrupt adjacent RW1C bits
[   14.808509] PM: suspend of devices complete after 41.119 msecs
[   14.813220] PM: late suspend of devices complete after 4.680 msecs
[   14.817573] pci_bus 0000:01: 2-byte config write to 0000:01:00.0 offset 0x44 may corrupt adjacent RW1C bits
[   14.817629] pci_bus 0000:01: 2-byte config write to 0000:01:00.0 offset 0x44 may corrupt adjacent RW1C bits
[   14.841125] PM: noirq suspend of devices complete after 27.874 msecs
[   14.841137] Disabling non-boot CPUs ...
[   14.879361] Entering suspend state LP1
[   14.879361] Suspended for 2.151 seconds
[   14.879406] Enabling non-boot CPUs ...
[   14.909561] CPU1 is up
[   14.910649] pci_bus 0000:00: 2-byte config write to 0000:00:01.0 offset 0x4c may corrupt adjacent RW1C bits
[   14.910698] pci_bus 0000:00: 2-byte config write to 0000:00:01.0 offset 0x88 may corrupt adjacent RW1C bits
[   14.910728] pci_bus 0000:00: 2-byte config write to 0000:00:01.0 offset 0x90 may corrupt adjacent RW1C bits
[   14.910757] pci_bus 0000:00: 2-byte config write to 0000:00:01.0 offset 0x98 may corrupt adjacent RW1C bits
[   14.910785] pci_bus 0000:00: 2-byte config write to 0000:00:01.0 offset 0x9c may corrupt adjacent RW1C bits
[   14.910867] pci_bus 0000:00: 2-byte config write to 0000:00:01.0 offset 0x52 may corrupt adjacent RW1C bits
[   14.910900] pci_bus 0000:00: 2-byte config write to 0000:00:01.0 offset 0x52 may corrupt adjacent RW1C bits
[   14.910974] pcieport 0000:00:01.0: nv_msi_ht_cap_quirk didn't locate host bridge
[   14.940855] PM: noirq resume of devices complete after 31.260 msecs
[   14.944413] PM: early resume of devices complete after 2.980 msecs
[   15.489626] PM: resume of devices complete after 545.180 msecs
[   15.656048] Restarting tasks ... done.
root@(none):/# 
root@(none):/# rtcwake -d rtc1 -m mem -s 3
rtcwake: assuming RTC uses UTC ...
rtcwake: wakeup from "mem" using /dev/rtc1 at Thu Jan  1 00:00:37 1970
[   16.515013] PM: Syncing filesystems ... done.
[   16.560035] Freezing user space processes ... (elapsed 0.001 seconds) done.
[   16.568475] Freezing remaining freezable tasks ... (elapsed 0.001 seconds) done.
[   16.577546] Suspending console(s) (use no_console_suspend to debug)
[   16.627537] PM: suspend of devices complete after 41.301 msecs
[   16.632104] PM: late suspend of devices complete after 4.535 msecs
[   16.661055] PM: noirq suspend of devices complete after 28.918 msecs
[   16.661067] Disabling non-boot CPUs ...
[   16.698466] Entering suspend state LP1
[   16.698466] Suspended for 3.180 seconds
[   16.698511] Enabling non-boot CPUs ...
[   16.729538] CPU1 is up
[   16.730526] pcieport 0000:00:01.0: nv_msi_ht_cap_quirk didn't locate host bridge
[   16.760634] PM: noirq resume of devices complete after 31.062 msecs
[   16.764121] PM: early resume of devices complete after 2.914 msecs
[   17.299594] PM: resume of devices complete after 535.441 msecs
[   17.364870] Restarting tasks ... done.
root@(none):/# 
root@(none):/# rtcwake -d rtc1 -m mem -s 3
rtcwake: assuming RTC uses UTC ...
rtcwake: wakeup from "mem" using /dev/rtc1 at Thu Jan  1 00:00:42 1970
[   18.324996] PM: Syncing filesystems ... done.
[   18.370063] Freezing user space processes ... (elapsed 0.001 seconds) done.
[   18.378585] Freezing remaining freezable tasks ... (elapsed 0.001 seconds) done.
[   18.387652] Suspending console(s) (use no_console_suspend to debug)
[   18.438576] PM: suspend of devices complete after 42.224 msecs
[   18.443395] PM: late suspend of devices complete after 4.787 msecs
[   18.470964] PM: noirq suspend of devices complete after 27.537 msecs
[   18.470977] Disabling non-boot CPUs ...
[   18.508334] Entering suspend state LP1
[   18.508334] Suspended for 3.190 seconds
[   18.508379] Enabling non-boot CPUs ...
[   18.539435] CPU1 is up
[   18.540407] pcieport 0000:00:01.0: nv_msi_ht_cap_quirk didn't locate host bridge
[   18.570685] PM: noirq resume of devices complete after 31.215 msecs
[   18.574235] PM: early resume of devices complete after 2.974 msecs
[   19.119410] PM: resume of devices complete after 545.142 msecs
[   19.184576] Restarting tasks ... done.
root@(none):/# 
root@(none):/# rtcwake -d rtc1 -m mem -s 3
rtcwake: assuming RTC uses UTC ...
rtcwake: wakeup from "mem" using /dev/rtc1 at Thu Jan  1 00:00:47 1970
[   20.144764] PM: Syncing filesystems ... done.
[   20.184015] Freezing user space processes ... (elapsed 0.001 seconds) done.
[   20.192376] Freezing remaining freezable tasks ... (elapsed 0.001 seconds) done.
[   20.201246] Suspending console(s) (use no_console_suspend to debug)
[   20.244837] pci_generic_config_write32: 65 callbacks suppressed
[   20.244884] pci_bus 0000:00: 2-byte config write to 0000:00:01.0 offset 0x9c may corrupt adjacent RW1C bits
[   20.257164] PM: suspend of devices complete after 47.950 msecs
[   20.261802] PM: late suspend of devices complete after 4.606 msecs
[   20.266227] pci_bus 0000:01: 2-byte config write to 0000:01:00.0 offset 0x44 may corrupt adjacent RW1C bits
[   20.266284] pci_bus 0000:01: 2-byte config write to 0000:01:00.0 offset 0x44 may corrupt adjacent RW1C bits
[   20.290892] PM: noirq suspend of devices complete after 29.059 msecs
[   20.290905] Disabling non-boot CPUs ...
[   20.328281] Entering suspend state LP1
[   20.328281] Suspended for 3.179 seconds
[   20.328325] Enabling non-boot CPUs ...
[   20.359290] CPU1 is up
[   20.360633] pci_bus 0000:00: 2-byte config write to 0000:00:01.0 offset 0x4c may corrupt adjacent RW1C bits
[   20.360680] pci_bus 0000:00: 2-byte config write to 0000:00:01.0 offset 0x88 may corrupt adjacent RW1C bits
[   20.360711] pci_bus 0000:00: 2-byte config write to 0000:00:01.0 offset 0x90 may corrupt adjacent RW1C bits
[   20.360740] pci_bus 0000:00: 2-byte config write to 0000:00:01.0 offset 0x98 may corrupt adjacent RW1C bits
[   20.360768] pci_bus 0000:00: 2-byte config write to 0000:00:01.0 offset 0x9c may corrupt adjacent RW1C bits
[   20.360849] pci_bus 0000:00: 2-byte config write to 0000:00:01.0 offset 0x52 may corrupt adjacent RW1C bits
[   20.360883] pci_bus 0000:00: 2-byte config write to 0000:00:01.0 offset 0x52 may corrupt adjacent RW1C bits
[   20.360955] pcieport 0000:00:01.0: nv_msi_ht_cap_quirk didn't locate host bridge
[   20.390587] PM: noirq resume of devices complete after 31.264 msecs
[   20.394202] PM: early resume of devices complete after 3.036 msecs
[   20.938358] PM: resume of devices complete after 544.124 msecs
[   21.106591] Restarting tasks ... done.
root@(none):/# 
root@(none):/# rtcwake -d rtc1 -m mem -s 3
rtcwake: assuming RTC uses UTC ...
rtcwake: wakeup from "mem" using /dev/rtc1 at Thu Jan  1 00:00:52 1970
[   21.964584] PM: Syncing filesystems ... done.
[   22.009689] Freezing user space processes ... (elapsed 0.001 seconds) done.
[   22.018129] Freezing remaining freezable tasks ... (elapsed 0.001 seconds) done.
[   22.027197] Suspending console(s) (use no_console_suspend to debug)
[   22.078200] PM: suspend of devices complete after 42.286 msecs
[   22.082991] PM: late suspend of devices complete after 4.759 msecs
[   22.110789] PM: noirq suspend of devices complete after 27.766 msecs
[   22.110802] Disabling non-boot CPUs ...
[   22.148253] Entering suspend state LP1
[   22.148253] Suspended for 3.179 seconds
[   22.148298] Enabling non-boot CPUs ...
[   22.179263] CPU1 is up
[   22.180800] pcieport 0000:00:01.0: nv_msi_ht_cap_quirk didn't locate host bridge
[   22.210373] PM: noirq resume of devices complete after 31.075 msecs
[   22.213955] PM: early resume of devices complete after 3.010 msecs
[   22.749186] PM: resume of devices complete after 535.199 msecs
[   22.814431] Restarting tasks ... done.
root@(none):/# 
root@(none):/# rtcwake -d rtc1 -m mem -s 3
rtcwake: assuming RTC uses UTC ...
rtcwake: wakeup from "mem" using /dev/rtc1 at Thu Jan  1 00:00:57 1970
[   23.784621] PM: Syncing filesystems ... done.
[   23.829677] Freezing user space processes ... (elapsed 0.001 seconds) done.
[   23.838111] Freezing remaining freezable tasks ... (elapsed 0.001 seconds) done.
[   23.847177] Suspending console(s) (use no_console_suspend to debug)
[   23.897237] PM: suspend of devices complete after 41.369 msecs
[   23.902101] PM: late suspend of devices complete after 4.832 msecs
[   23.930705] PM: noirq suspend of devices complete after 28.572 msecs
[   23.930718] Disabling non-boot CPUs ...
[   23.968078] Entering suspend state LP1
[   23.968078] Suspended for 3.180 seconds
[   23.968121] Enabling non-boot CPUs ...
[   23.999174] CPU1 is up
[   24.001841] pcieport 0000:00:01.0: nv_msi_ht_cap_quirk didn't locate host bridge
[   24.030873] PM: noirq resume of devices complete after 31.664 msecs
[   24.034876] PM: early resume of devices complete after 3.246 msecs
[   24.578455] PM: resume of devices complete after 543.547 msecs
[   24.643611] Restarting tasks ... done.
root@(none):/# 
root@(none):/# rtcwake -d rtc1 -m mem -s 3
rtcwake: assuming RTC uses UTC ...
rtcwake: wakeup from "mem" using /dev/rtc1 at Thu Jan  1 00:01:02 1970
[   25.604499] PM: Syncing filesystems ... done.
[   25.646833] Freezing user space processes ... (elapsed 0.001 seconds) done.
[   25.655188] Freezing remaining freezable tasks ... (elapsed 0.001 seconds) done.
[   25.664042] Suspending console(s) (use no_console_suspend to debug)
[   25.705554] pci_generic_config_write32: 65 callbacks suppressed
[   25.705602] pci_bus 0000:00: 2-byte config write to 0000:00:01.0 offset 0x9c may corrupt adjacent RW1C bits
[   25.717269] PM: suspend of devices complete after 45.219 msecs
[   25.721874] PM: late suspend of devices complete after 4.574 msecs
[   25.726281] pci_bus 0000:01: 2-byte config write to 0000:01:00.0 offset 0x44 may corrupt adjacent RW1C bits
[   25.726336] pci_bus 0000:01: 2-byte config write to 0000:01:00.0 offset 0x44 may corrupt adjacent RW1C bits
[   25.750610] PM: noirq suspend of devices complete after 28.705 msecs
[   25.750623] Disabling non-boot CPUs ...
[   25.788012] Entering suspend state LP1
[   25.788012] Suspended for 3.179 seconds
[   25.788057] Enabling non-boot CPUs ...
[   25.819114] CPU1 is up
[   25.820536] pci_bus 0000:00: 2-byte config write to 0000:00:01.0 offset 0x4c may corrupt adjacent RW1C bits
[   25.820584] pci_bus 0000:00: 2-byte config write to 0000:00:01.0 offset 0x88 may corrupt adjacent RW1C bits
[   25.820616] pci_bus 0000:00: 2-byte config write to 0000:00:01.0 offset 0x90 may corrupt adjacent RW1C bits
[   25.820645] pci_bus 0000:00: 2-byte config write to 0000:00:01.0 offset 0x98 may corrupt adjacent RW1C bits
[   25.820672] pci_bus 0000:00: 2-byte config write to 0000:00:01.0 offset 0x9c may corrupt adjacent RW1C bits
[   25.820754] pci_bus 0000:00: 2-byte config write to 0000:00:01.0 offset 0x52 may corrupt adjacent RW1C bits
[   25.820787] pci_bus 0000:00: 2-byte config write to 0000:00:01.0 offset 0x52 may corrupt adjacent RW1C bits
[   25.820861] pcieport 0000:00:01.0: nv_msi_ht_cap_quirk didn't locate host bridge
[   25.850322] PM: noirq resume of devices complete after 31.175 msecs
[   25.853977] PM: early resume of devices complete after 3.079 msecs
[   26.399049] PM: resume of devices complete after 545.040 msecs
[   26.567335] Restarting tasks ... done.
root@(none):/# 
root@(none):/# rtcwake -d rtc1 -m mem -s 3
rtcwake: assuming RTC uses UTC ...
rtcwake: wakeup from "mem" using /dev/rtc1 at Thu Jan  1 00:01:07 1970
[   27.424600] PM: Syncing filesystems ... done.
[   27.469641] Freezing user space processes ... (elapsed 0.001 seconds) done.
[   27.478164] Freezing remaining freezable tasks ... (elapsed 0.001 seconds) done.
[   27.487226] Suspending console(s) (use no_console_suspend to debug)
[   27.537704] PM: suspend of devices complete after 41.786 msecs
[   27.542536] PM: late suspend of devices complete after 4.799 msecs
[   27.570529] PM: noirq suspend of devices complete after 27.962 msecs
[   27.570542] Disabling non-boot CPUs ...
[   27.607917] Entering suspend state LP1
[   27.607917] Suspended for 3.180 seconds
[   27.607962] Enabling non-boot CPUs ...
[   27.639029] CPU1 is up
[   27.640644] pcieport 0000:00:01.0: nv_msi_ht_cap_quirk didn't locate host bridge
[   27.670109] PM: noirq resume of devices complete after 31.048 msecs
[   27.673632] PM: early resume of devices complete after 2.950 msecs
[   28.208715] PM: resume of devices complete after 535.050 msecs
[   28.273875] Restarting tasks ... done.
root@(none):/# 
root@(none):/# rtcwake -d rtc1 -m mem -s 3
rtcwake: assuming RTC uses UTC ...
rtcwake: wakeup from "mem" using /dev/rtc1 at Thu Jan  1 00:01:12 1970
[   29.244464] PM: Syncing filesystems ... done.
[   29.289504] Freezing user space processes ... (elapsed 0.001 seconds) done.
[   29.297944] Freezing remaining freezable tasks ... (elapsed 0.001 seconds) done.
[   29.307013] Suspending console(s) (use no_console_suspend to debug)
[   29.357004] PM: suspend of devices complete after 41.304 msecs
[   29.361686] PM: late suspend of devices complete after 4.650 msecs
[   29.390446] PM: noirq suspend of devices complete after 28.729 msecs
[   29.390459] Disabling non-boot CPUs ...
[   29.427857] Entering suspend state LP1
[   29.427857] Suspended for 3.179 seconds
[   29.427903] Enabling non-boot CPUs ...
[   29.458904] CPU1 is up
[   29.459872] pcieport 0000:00:01.0: nv_msi_ht_cap_quirk didn't locate host bridge
[   29.490161] PM: noirq resume of devices complete after 31.222 msecs
[   29.493756] PM: early resume of devices complete after 3.020 msecs
[   30.038041] PM: resume of devices complete after 544.252 msecs
[   30.103204] Restarting tasks ... done.
root@(none):/# 
root@(none):/# rtcwake -d rtc1 -m mem -s 3
rtcwake: assuming RTC uses UTC ...
rtcwake: wakeup from "mem" using /dev/rtc1 at Thu Jan  1 00:01:17 1970
[   31.064134] PM: Syncing filesystems ... done.
[   31.109185] Freezing user space processes ... (elapsed 0.001 seconds) done.
[   31.117190] Freezing remaining freezable tasks ... (elapsed 0.001 seconds) done.
[   31.126052] Suspending console(s) (use no_console_suspend to debug)
[   31.164646] pci_generic_config_write32: 65 callbacks suppressed
[   31.164692] pci_bus 0000:00: 2-byte config write to 0000:00:01.0 offset 0x9c may corrupt adjacent RW1C bits
[   31.176998] PM: suspend of devices complete after 42.955 msecs
[   31.181554] PM: late suspend of devices complete after 4.523 msecs
[   31.185886] pci_bus 0000:01: 2-byte config write to 0000:01:00.0 offset 0x44 may corrupt adjacent RW1C bits
[   31.185943] pci_bus 0000:01: 2-byte config write to 0000:01:00.0 offset 0x44 may corrupt adjacent RW1C bits
[   31.210355] PM: noirq suspend of devices complete after 28.770 msecs
[   31.210367] Disabling non-boot CPUs ...
[   31.247731] Entering suspend state LP1
[   31.247731] Suspended for 3.180 seconds
[   31.247776] Enabling non-boot CPUs ...
[   31.278845] CPU1 is up
[   31.280271] pci_bus 0000:00: 2-byte config write to 0000:00:01.0 offset 0x4c may corrupt adjacent RW1C bits
[   31.280318] pci_bus 0000:00: 2-byte config write to 0000:00:01.0 offset 0x88 may corrupt adjacent RW1C bits
[   31.280348] pci_bus 0000:00: 2-byte config write to 0000:00:01.0 offset 0x90 may corrupt adjacent RW1C bits
[   31.280378] pci_bus 0000:00: 2-byte config write to 0000:00:01.0 offset 0x98 may corrupt adjacent RW1C bits
[   31.280406] pci_bus 0000:00: 2-byte config write to 0000:00:01.0 offset 0x9c may corrupt adjacent RW1C bits
[   31.280487] pci_bus 0000:00: 2-byte config write to 0000:00:01.0 offset 0x52 may corrupt adjacent RW1C bits
[   31.280519] pci_bus 0000:00: 2-byte config write to 0000:00:01.0 offset 0x52 may corrupt adjacent RW1C bits
[   31.280592] pcieport 0000:00:01.0: nv_msi_ht_cap_quirk didn't locate host bridge
[   31.310068] PM: noirq resume of devices complete after 31.189 msecs
[   31.313643] PM: early resume of devices complete after 3.001 msecs
[   31.858673] PM: resume of devices complete after 544.997 msecs
[   32.026951] Restarting tasks ... done.
root@(none):/# 
root@(none):/# NVTB SYSTEM SUSPEND TEST COMPLETE
