
U-Boot SPL 2015.04-rc3-00209-ga74ef40 (Mar 16 2015 - 14:43:39)


U-Boot 2015.04-rc3-00209-ga74ef40 (Mar 16 2015 - 14:43:39)

TEGRA20
Model: Compulab TrimSlice board
DRAM:  1 GiB
MMC:   Tegra SD/MMC: 0, Tegra SD/MMC: 1
SF: Detected W25Q80BL with page size 256 Bytes, erase size 4 KiB, total 1 MiB
tegra-pcie: PCI regions:
tegra-pcie:   I/O: 0x82000000-0x82010000
tegra-pcie:   non-prefetchable memory: 0xa0000000-0xa8000000
tegra-pcie:   prefetchable memory: 0xa8000000-0xc0000000
tegra-pcie: dual-mode configuration
tegra-pcie: probing port 0, using 2 lanes
In:    serial
Out:   serial
Err:   serial
Net:   RTL8169#0
Hit any key to stop autoboot:  2  0 
Tegra20 (TrimSlice) # 
Tegra20 (TrimSlice) # usb reset
resetting USB...
USB0:   USB EHCI 1.00
scanning bus 0 for devices... 3 USB Device(s) found
USB1:   USB EHCI 1.00
scanning bus 1 for devices... 1 USB Device(s) found
USB2:   lowlevel init failed
       scanning usb for storage devices... 0 Storage Device(s) found
       scanning usb for ethernet devices... 
Warning: asx0 using MAC address from net device
1 Ethernet Device(s) found
Tegra20 (TrimSlice) # setenv bootargs 'ignore_loglevel console=ttyS0,115200n8 rw root=PARTUUID=11eb23c1-01 rootwait gpt debug noinitrd earlyprintk init=/bin/bash'
Tegra20 (TrimSlice) # setenv ipaddr 192.168.100.103; setenv serverip 192.168.100.1; setenv tftpserverip 192.168.100.1
Tegra20 (TrimSlice) # tftpboot 0x00408000 zImage.multi_v7_defconfig
Using RTL8169#0 device
TFTP from server 192.168.100.1; our IP address is 192.168.100.103
Filename 'zImage.multi_v7_defconfig'.
Load address: 0x408000
Loading: *#################################################################
	 #################################################################
	 #################################################################
	 #################################################################
	 #################################################################
	 #################################################################
	 #################################################################
	 #######################################
	 4 MiB/s
done
Bytes transferred = 7240744 (6e7c28 hex)
Tegra20 (TrimSlice) # tftpboot 0x02408000 tegra20-trimslice.dtb
Using RTL8169#0 device
TFTP from server 192.168.100.1; our IP address is 192.168.100.103
Filename 'tegra20-trimslice.dtb'.
Load address: 0x2408000
Loading: *##
	 3.4 MiB/s
done
Bytes transferred = 21172 (52b4 hex)
Tegra20 (TrimSlice) # bootz 0x00408000 - 0x02408000
Kernel image @ 0x408000 [ 0x000000 - 0x6e7c28 ]
## Flattened Device Tree blob at 02408000
   Booting using the fdt blob at 0x2408000
   Using Device Tree in place at 02408000, end 024102b3

Starting kernel ...

[    0.000000] Booting Linux on physical CPU 0x0
[    0.000000] Linux version 4.7.0-rc6-96657-ga99cde4 (pwalmsley@sellafield) (gcc version 4.7.3 20130328 (prerelease) (crosstool-NG linaro-1.13.1-4.7-2013.04-20130415 - Linaro GCC 2013.04) ) #1 SMP Sun Jul 3 23:34:53 PDT 2016
[    0.000000] CPU: ARMv7 Processor [411fc090] revision 0 (ARMv7), cr=10c5387d
[    0.000000] CPU: PIPT / VIPT nonaliasing data cache, VIPT aliasing instruction cache
[    0.000000] Machine model: Compulab TrimSlice board
[    0.000000] debug: ignoring loglevel setting.
[    0.000000] cma: Reserved 64 MiB at 0x3c000000
[    0.000000] Memory policy: Data cache writealloc
[    0.000000] On node 0 totalpages: 262144
[    0.000000] free_area_init_node: node 0, pgdat c141bb00, node_mem_map ef7f8000
[    0.000000]   DMA zone: 1536 pages used for memmap
[    0.000000]   DMA zone: 0 pages reserved
[    0.000000]   DMA zone: 196608 pages, LIFO batch:31
[    0.000000]   HighMem zone: 65536 pages, LIFO batch:15
[    0.000000] percpu: Embedded 13 pages/cpu @ef7c9000 s23808 r8192 d21248 u53248
[    0.000000] pcpu-alloc: s23808 r8192 d21248 u53248 alloc=13*4096
[    0.000000] pcpu-alloc: [0] 0 [0] 1 
[    0.000000] Built 1 zonelists in Zone order, mobility grouping on.  Total pages: 260608
[    0.000000] Kernel command line: ignore_loglevel console=ttyS0,115200n8 rw root=PARTUUID=11eb23c1-01 rootwait gpt debug noinitrd earlyprintk init=/bin/bash
[    0.000000] PID hash table entries: 4096 (order: 2, 16384 bytes)
[    0.000000] Dentry cache hash table entries: 131072 (order: 7, 524288 bytes)
[    0.000000] Inode-cache hash table entries: 65536 (order: 6, 262144 bytes)
[    0.000000] Memory: 955932K/1048576K available (9529K kernel code, 1142K rwdata, 4476K rodata, 2048K init, 343K bss, 27108K reserved, 65536K cma-reserved, 196608K highmem)
[    0.000000] Virtual kernel memory layout:
[    0.000000]     vector  : 0xffff0000 - 0xffff1000   (   4 kB)
[    0.000000]     fixmap  : 0xffc00000 - 0xfff00000   (3072 kB)
[    0.000000]     vmalloc : 0xf0800000 - 0xff800000   ( 240 MB)
[    0.000000]     lowmem  : 0xc0000000 - 0xf0000000   ( 768 MB)
[    0.000000]     pkmap   : 0xbfe00000 - 0xc0000000   (   2 MB)
[    0.000000]     modules : 0xbf000000 - 0xbfe00000   (  14 MB)
[    0.000000]       .text : 0xc0208000 - 0xc10ad560   (14998 kB)
[    0.000000]       .init : 0xc1100000 - 0xc1300000   (2048 kB)
[    0.000000]       .data : 0xc1300000 - 0xc141db60   (1143 kB)
[    0.000000]        .bss : 0xc141f000 - 0xc1474ce0   ( 344 kB)
[    0.000000] SLUB: HWalign=64, Order=0-3, MinObjects=0, CPUs=2, Nodes=1
[    0.000000] Hierarchical RCU implementation.
[    0.000000] 	Build-time adjustment of leaf fanout to 32.
[    0.000000] 	RCU restricting CPUs from NR_CPUS=16 to nr_cpu_ids=2.
[    0.000000] RCU: Adjusting geometry for rcu_fanout_leaf=32, nr_cpu_ids=2
[    0.000000] NR_IRQS:16 nr_irqs:16 16
[    0.000000] /interrupt-controller@60004000: 128 interrupts forwarded to /interrupt-controller@50041000
[    0.000000] L2C: platform modifies aux control register: 0x02080000 -> 0x3e480001
[    0.000000] L2C: DT/platform modifies aux control register: 0x02080000 -> 0x3e480001
[    0.000000] L2C-310 errata 727915 769419 enabled
[    0.000000] L2C-310 enabling early BRESP for Cortex-A9
[    0.000000] L2C-310: enabling full line of zeros but not enabled in Cortex-A9
[    0.000000] L2C-310 ID prefetch enabled, offset 1 lines
[    0.000000] L2C-310 cache controller enabled, 8 ways, 1024 kB
[    0.000000] L2C-310: CACHE_ID 0x410000c4, AUX_CTRL 0x7e480001
[    0.000010] sched_clock: 32 bits at 1000kHz, resolution 1000ns, wraps every 2147483647500ns
[    0.000026] clocksource: timer_us: mask: 0xffffffff max_cycles: 0xffffffff, max_idle_ns: 1911260446275 ns
[    0.000037] Switching to timer-based delay loop, resolution 1000ns
[    0.001549] Console: colour dummy device 80x30
[    0.001571] Calibrating delay loop (skipped), value calculated using timer frequency.. 2.00 BogoMIPS (lpj=5000)
[    0.001581] pid_max: default: 32768 minimum: 301
[    0.001655] Mount-cache hash table entries: 2048 (order: 1, 8192 bytes)
[    0.001664] Mountpoint-cache hash table entries: 2048 (order: 1, 8192 bytes)
[    0.002147] CPU: Testing write buffer coherency: ok
[    0.002330] CPU0: thread -1, cpu 0, socket 0, mpidr 80000000
[    0.002354] Setting up static identity map for 0x300000 - 0x300098
[    0.003828] Tegra Revision: A03 prime SKU: 8 CPU Process: 1 SoC Process: 2
[    0.004847] CPU1: thread -1, cpu 1, socket 0, mpidr 80000001
[    0.004926] Brought up 2 CPUs
[    0.004938] SMP: Total of 2 processors activated (4.00 BogoMIPS).
[    0.004943] CPU: All CPU(s) started in SVC mode.
[    0.005593] devtmpfs: initialized
[    0.009492] VFP support v0.3: implementor 41 architecture 3 part 30 variant 9 rev 1
[    0.009805] clocksource: jiffies: mask: 0xffffffff max_cycles: 0xffffffff, max_idle_ns: 9556302231375000 ns
[    0.012786] pinctrl core: initialized pinctrl subsystem
[    0.013932] NET: Registered protocol family 16
[    0.016077] DMA: preallocated 256 KiB pool for atomic coherent allocations
[    0.029919] cpuidle: using governor menu
[    0.041358] No ATAGs?
[    0.041378] hw-breakpoint: found 5 (+1 reserved) breakpoint and 1 watchpoint registers.
[    0.041386] hw-breakpoint: maximum watchpoint size is 4 bytes.
[    0.044755] Serial: AMBA PL011 UART driver
[    0.068178] usb1_vbus: Failed to request enable GPIO170: -517
[    0.068193] reg-fixed-voltage regulators:regulator@2: Failed to register regulator: -517
[    0.071805] vgaarb: loaded
[    0.072367] SCSI subsystem initialized
[    0.072487] libata version 3.00 loaded.
[    0.072686] usbcore: registered new interface driver usbfs
[    0.072732] usbcore: registered new interface driver hub
[    0.072771] usbcore: registered new device driver usb
[    0.074835] pps_core: LinuxPPS API ver. 1 registered
[    0.074843] pps_core: Software ver. 5.3.6 - Copyright 2005-2007 Rodolfo Giometti <giometti@linux.it>
[    0.074861] PTP clock support registered
[    0.075024] EDAC MC: Ver: 3.0.0
[    0.076801] clocksource: Switched to clocksource timer_us
[    0.084429] NET: Registered protocol family 2
[    0.084865] TCP established hash table entries: 8192 (order: 3, 32768 bytes)
[    0.084936] TCP bind hash table entries: 8192 (order: 4, 65536 bytes)
[    0.085042] TCP: Hash tables configured (established 8192 bind 8192)
[    0.085124] UDP hash table entries: 512 (order: 2, 16384 bytes)
[    0.085173] UDP-Lite hash table entries: 512 (order: 2, 16384 bytes)
[    0.085307] NET: Registered protocol family 1
[    0.085530] RPC: Registered named UNIX socket transport module.
[    0.085538] RPC: Registered udp transport module.
[    0.085543] RPC: Registered tcp transport module.
[    0.085548] RPC: Registered tcp NFSv4.1 backchannel transport module.
[    0.085557] PCI: CLS 0 bytes, default 64
[    0.086346] hw perfevents: enabled with armv7_cortex_a9 PMU driver, 7 counters available
[    0.087302] futex hash table entries: 512 (order: 3, 32768 bytes)
[    0.087869] workingset: timestamp_bits=28 max_order=18 bucket_order=0
[    0.095258] squashfs: version 4.0 (2009/01/31) Phillip Lougher
[    0.095839] NFS: Registering the id_resolver key type
[    0.095879] Key type id_resolver registered
[    0.095886] Key type id_legacy registered
[    0.095918] ntfs: driver 2.1.32 [Flags: R/O].
[    0.096873] bounce: pool size: 64 pages
[    0.097027] Block layer SCSI generic (bsg) driver version 0.4 loaded (major 248)
[    0.097036] io scheduler noop registered
[    0.097042] io scheduler deadline registered
[    0.097068] io scheduler cfq registered (default)
[    0.108271] tegra-pcie 80003000.pcie-controller: dual-mode configuration
[    0.108977] tegra-pcie 80003000.pcie-controller: probing port 0, using 2 lanes
[    0.193010] tegra-pcie 80003000.pcie-controller: PCI host bridge to bus 0000:00
[    0.193022] pci_bus 0000:00: root bus resource [io  0x0000-0xffff]
[    0.193030] pci_bus 0000:00: root bus resource [mem 0xa0000000-0xa7ffffff]
[    0.193039] pci_bus 0000:00: root bus resource [mem 0xa8000000-0xbfffffff pref]
[    0.193048] pci_bus 0000:00: root bus resource [bus 00-ff]
[    0.193080] pci 0000:00:01.0: [10de:0bf0] type 01 class 0x060000
[    0.193140] pci 0000:00:01.0: PME# supported from D0 D1 D2 D3hot D3cold
[    0.193333] PCI: bus0: Fast back to back transfers disabled
[    0.193343] pci 0000:00:01.0: bridge configuration invalid ([bus 00-00]), reconfiguring
[    0.193469] pci 0000:01:00.0: [10ec:8168] type 00 class 0x020000
[    0.193491] pci 0000:01:00.0: reg 0x10: [io  0x0000-0x00ff]
[    0.193513] pci 0000:01:00.0: reg 0x18: [mem 0x00000000-0x00000fff 64bit pref]
[    0.193530] pci 0000:01:00.0: reg 0x20: [mem 0x00000000-0x00003fff 64bit pref]
[    0.193542] pci 0000:01:00.0: reg 0x30: [mem 0x00000000-0x0001ffff pref]
[    0.193619] pci 0000:01:00.0: supports D1 D2
[    0.193627] pci 0000:01:00.0: PME# supported from D0 D1 D2 D3hot D3cold
[    0.201836] PCI: bus1: Fast back to back transfers disabled
[    0.201848] pci_bus 0000:01: busn_res: [bus 01-ff] end is updated to 01
[    0.201860] Disabling cpuidle LP2 state, since PCIe IRQs are in use
[    0.201915] pci 0000:00:01.0: BAR 8: assigned [mem 0xa0000000-0xa00fffff]
[    0.201927] pci 0000:00:01.0: BAR 9: assigned [mem 0xa8000000-0xa80fffff 64bit pref]
[    0.201936] pci 0000:00:01.0: BAR 7: assigned [io  0x1000-0x1fff]
[    0.201949] pci 0000:01:00.0: BAR 6: assigned [mem 0xa0000000-0xa001ffff pref]
[    0.201959] pci 0000:01:00.0: BAR 4: assigned [mem 0xa8000000-0xa8003fff 64bit pref]
[    0.201976] pci 0000:01:00.0: BAR 2: assigned [mem 0xa8004000-0xa8004fff 64bit pref]
[    0.201992] pci 0000:01:00.0: BAR 0: assigned [io  0x1000-0x10ff]
[    0.202003] pci 0000:00:01.0: PCI bridge to [bus 01]
[    0.202011] pci 0000:00:01.0:   bridge window [io  0x1000-0x1fff]
[    0.202019] pci 0000:00:01.0:   bridge window [mem 0xa0000000-0xa00fffff]
[    0.202027] pci 0000:00:01.0:   bridge window [mem 0xa8000000-0xa80fffff 64bit pref]
[    0.202048] pci 0000:00:01.0: nv_msi_ht_cap_quirk didn't locate host bridge
[    0.202113] pcieport 0000:00:01.0: enabling device (0140 -> 0143)
[    0.202258] pcieport 0000:00:01.0: Signaling PME through PCIe PME interrupt
[    0.202267] pci 0000:01:00.0: Signaling PME through PCIe PME interrupt
[    0.202277] pcie_pme 0000:00:01.0:pcie001: service driver pcie_pme loaded
[    0.205938] tegra-apbdma 6000a000.dma: Tegra20 APB DMA driver register 16 channels
[    0.251371] Serial: 8250/16550 driver, 4 ports, IRQ sharing disabled
[    0.253694] console [ttyS0] disabled
[    0.253728] 70006000.serial: ttyS0 at MMIO 0x70006000 (irq = 279, base_baud = 13500000) is a Tegra
[    1.197384] console [ttyS0] enabled
[    1.201451] SuperH (H)SCI(F) driver initialized
[    1.206724] msm_serial: driver initialized
[    1.210973] STMicroelectronics ASC driver initialized
[    1.218669] [drm] Initialized drm 1.1.0 20060810
[    1.225497] 54280000.hdmi supply hdmi not found, using dummy regulator
[    1.235173] [drm] Supports vblank timestamp caching Rev 2 (21.10.2013).
[    1.241808] [drm] No driver support for vblank timestamp query.
[    1.247760] drm drm: No connectors reported connected with modes
[    1.253771] [drm] Cannot find any crtc or sizes - going 1024x768
[    1.275822] Console: switching to colour frame buffer device 128x48
[    1.290524] drm drm: fb0:  frame buffer device
[    1.306812] [drm] Initialized tegra 0.0.0 20120330 on minor 0
[    1.321085] brd: module loaded
[    1.328310] loop: module loaded
[    1.336848] m25p80 spi32766.0: found s25fl008k, expected w25q80bl
[    1.342947] m25p80 spi32766.0: s25fl008k (1024 Kbytes)
[    1.350386] libphy: Fixed MDIO Bus: probed
[    1.355007] CAN device driver interface
[    1.360259] igb: Intel(R) Gigabit Ethernet Network Driver - version 5.3.0-k
[    1.367219] igb: Copyright (c) 2007-2014 Intel Corporation.
[    1.373315] r8169 Gigabit Ethernet driver 2.3LK-NAPI loaded
[    1.378912] r8169 0000:01:00.0: enabling device (0140 -> 0143)
[    1.385513] r8169 0000:01:00.0 eth0: RTL8168d/8111d at 0xf0878000, 00:01:c0:13:7d:63, XID 081000c0 IRQ 296
[    1.395175] r8169 0000:01:00.0 eth0: jumbo features [frames: 9200 bytes, tx checksumming: ko]
[    1.405592] pegasus: v0.9.3 (2013/04/25), Pegasus/Pegasus II USB Ethernet driver
[    1.413054] usbcore: registered new interface driver pegasus
[    1.418759] usbcore: registered new interface driver asix
[    1.424191] usbcore: registered new interface driver ax88179_178a
[    1.430318] usbcore: registered new interface driver cdc_ether
[    1.436195] usbcore: registered new interface driver smsc75xx
[    1.441985] usbcore: registered new interface driver smsc95xx
[    1.447761] usbcore: registered new interface driver net1080
[    1.453457] usbcore: registered new interface driver cdc_subset
[    1.459407] usbcore: registered new interface driver zaurus
[    1.465036] usbcore: registered new interface driver cdc_ncm
[    1.470985] tegra-phy c5004000.usb-phy: no vbus regulator
[    1.477496] tegra-phy c5008000.usb-phy: no vbus regulator
[    1.484269] ehci_hcd: USB 2.0 'Enhanced' Host Controller (EHCI) Driver
[    1.490798] ehci-pci: EHCI PCI platform driver
[    1.495279] ehci-platform: EHCI generic platform driver
[    1.500661] ehci-omap: OMAP-EHCI Host Controller driver
[    1.505992] ehci-orion: EHCI orion driver
[    1.510106] SPEAr-ehci: EHCI SPEAr driver
[    1.514233] ehci-st: EHCI STMicroelectronics driver
[    1.519219] ehci-exynos: EHCI EXYNOS driver
[    1.523529] ehci-atmel: EHCI Atmel driver
[    1.527646] tegra-ehci: Tegra EHCI driver
[    1.553008] ulpi_phy_power_on: ulpi write failed
[    1.557629] tegra-ehci c5004000.usb: Failed to power on the phy
[    1.563558] tegra-ehci: probe of c5004000.usb failed with error -110
[    1.572553] tegra-ehci c5008000.usb: EHCI Host Controller
[    1.577968] tegra-ehci c5008000.usb: new USB bus registered, assigned bus number 1
[    1.585779] tegra-ehci c5008000.usb: irq 290, io mem 0xc5008000
[    1.596820] tegra-ehci c5008000.usb: USB 2.0 started, EHCI 1.00
[    1.603345] hub 1-0:1.0: USB hub found
[    1.607137] hub 1-0:1.0: 1 port detected
[    1.611352] ohci_hcd: USB 1.1 'Open' Host Controller (OHCI) Driver
[    1.617548] ohci-pci: OHCI PCI platform driver
[    1.622038] ohci-platform: OHCI generic platform driver
[    1.627419] ohci-omap3: OHCI OMAP3 driver
[    1.631526] SPEAr-ohci: OHCI SPEAr driver
[    1.635650] ohci-st: OHCI STMicroelectronics driver
[    1.640634] ohci-atmel: OHCI Atmel driver
[    1.645219] usbcore: registered new interface driver usb-storage
[    1.652463] mousedev: PS/2 mouse device common for all mice
[    1.659752] rtc-em3027 2-0056: rtc core: registered rtc-em3027 as rtc0
[    1.667457] tegra_rtc 7000e000.rtc: rtc core: registered 7000e000.rtc as rtc1
[    1.674624] tegra_rtc 7000e000.rtc: Tegra internal Real Time Clock
[    1.681217] i2c /dev entries driver
[    1.693608] sdhci: Secure Digital Host Controller Interface driver
[    1.699800] sdhci: Copyright(c) Pierre Ossman
[    1.705311] Synopsys Designware Multimedia Card Interface Driver
[    1.712166] sdhci-pltfm: SDHCI platform and OF driver helper
[    1.718669] mmc0: Invalid maximum block size, assuming 512 bytes
[    1.751822] mmc0: SDHCI controller on c8000000.sdhci [c8000000.sdhci] using ADMA
[    1.759326] sdhci-tegra c8000600.sdhci: Got CD GPIO
[    1.764221] sdhci-tegra c8000600.sdhci: Got WP GPIO
[    1.769257] mmc1: Invalid maximum block size, assuming 512 bytes
[    1.801887] mmc1: SDHCI controller on c8000600.sdhci [c8000600.sdhci] using ADMA
[    1.810463] ledtrig-cpu: registered to indicate activity on CPUs
[    1.816730] usbcore: registered new interface driver usbhid
[    1.822304] usbhid: USB HID core driver
[    1.830468] NET: Registered protocol family 10
[    1.835635] sit: IPv6 over IPv4 tunneling driver
[    1.840756] NET: Registered protocol family 17
[    1.845215] can: controller area network core (rev 20120528 abi 9)
[    1.851440] NET: Registered protocol family 29
[    1.855885] can: raw protocol (rev 20120528)
[    1.860153] can: broadcast manager protocol (rev 20120528 t)
[    1.865814] can: netlink gateway (rev 20130117) max_hops=1
[    1.871611] Key type dns_resolver registered
[    1.876253] ThumbEE CPU extension supported.
[    1.880542] Registering SWP/SWPB emulation handler
[    1.890872] utmi_phy_clk_enable: timeout waiting for phy to stabilize
[    1.897349] tegra-ehci c5000000.usb: EHCI Host Controller
[    1.902768] tegra-ehci c5000000.usb: new USB bus registered, assigned bus number 2
[    1.910615] tegra-ehci c5000000.usb: irq 288, io mem 0xc5000000
[    1.926823] usb 1-1: new high-speed USB device number 2 using tegra-ehci
[    1.938806] mmc0: host does not support reading read-only switch, assuming write-enable
[    1.946858] tegra-ehci c5000000.usb: USB 2.0 started, EHCI 1.00
[    1.952900] mmc0: new high speed SDHC card at address b368
[    1.959273] hub 2-0:1.0: USB hub found
[    1.963078] mmcblk0: mmc0:b368 NCard 3.70 GiB 
[    1.967723] hub 2-0:1.0: 1 port detected
[    1.972739] input: gpio-keys as /devices/soc0/gpio-keys/input/input0
[    1.979669] rtc-em3027 2-0056: hctosys: unable to read the hardware clock
[    1.986532]  mmcblk0: p1
[    1.990889] EXT4-fs (mmcblk0p1): mounting ext3 file system using the ext4 subsystem
[    1.998120] mmc1: new high speed SD card at address b368
[    2.004587] mmcblk1: mmc1:b368 NCard 1.83 GiB (ro)
[    2.012274]  mmcblk1: p1 p2
[    2.078128] hub 1-1:1.0: USB hub found
[    2.082055] hub 1-1:1.0: 4 ports detected
[    2.090661] EXT4-fs (mmcblk0p1): recovery complete
[    2.095485] EXT4-fs (mmcblk0p1): mounted filesystem with ordered data mode. Opts: (null)
[    2.103608] VFS: Mounted root (ext3 filesystem) on device 179:1.
[    2.113054] devtmpfs: mounted
[    2.118606] Freeing unused kernel memory: 2048K (c1100000 - c1300000)
bash: cannot set terminal process group (-1): Inappropriate ioctl for device
bash: no job control in this shell
[    2.371923] usb 1-1.2: new high-speed USB device number 3 using tegra-ehci
root@(none):/# mount -t sysfs none /sys
root@(none):/# 
root@(none):/# mount -t debugfs none /sys/kernel/debug
root@(none):/# 
root@(none):/# rtcwake -d rtc1 -m mem -s 3
rtcwake: assuming RTC uses UTC ...
rtcwake: wakeup from "mem" using /dev/rtc1 at Thu Jan  1 00:00:22 1970
[    7.463334] PM: Syncing filesystems ... done.
[    7.509784] Freezing user space processes ... (elapsed 0.001 seconds) done.
[    7.518355] Double checking all user space processes after OOM killer disable... (elapsed 0.000 seconds) 
[    7.528198] Freezing remaining freezable tasks ... (elapsed 0.001 seconds) done.
[    7.537266] Suspending console(s) (use no_console_suspend to debug)
[    7.573879] PM: suspend of devices complete after 27.714 msecs
[    7.577424] PM: late suspend of devices complete after 3.515 msecs
[    7.592477] PM: noirq suspend of devices complete after 15.022 msecs
[    7.592489] Disabling non-boot CPUs ...
[    7.594374] CPU1: shutdown
[    7.619990] Entering suspend state LP1
[    7.620040] Enabling non-boot CPUs ...
[    7.646086] CPU1 is up
[    7.648655] pcieport 0000:00:01.0: nv_msi_ht_cap_quirk didn't locate host bridge
[    7.662043] PM: noirq resume of devices complete after 15.925 msecs
[    7.665938] PM: early resume of devices complete after 3.178 msecs
[    7.730344] PM: resume of devices complete after 64.373 msecs
[    7.794329] Restarting tasks ... done.
root@(none):/# 
root@(none):/# rtcwake -d rtc1 -m mem -s 3
rtcwake: assuming RTC uses UTC ...
rtcwake: wakeup from "mem" using /dev/rtc1 at Thu Jan  1 00:00:26 1970
[    8.451983] PM: Syncing filesystems ... done.
[    8.497440] Freezing user space processes ... (elapsed 0.001 seconds) done.
[    8.505949] Double checking all user space processes after OOM killer disable... (elapsed 0.000 seconds) 
[    8.515752] Freezing remaining freezable tasks ... (elapsed 0.001 seconds) done.
[    8.524835] Suspending console(s) (use no_console_suspend to debug)
[    8.558705] PM: suspend of devices complete after 24.945 msecs
[    8.562590] PM: late suspend of devices complete after 3.853 msecs
[    8.577374] PM: noirq suspend of devices complete after 14.752 msecs
[    8.577385] Disabling non-boot CPUs ...
[    8.579264] CPU1: shutdown
[    8.594941] Entering suspend state LP1
[    8.594992] Enabling non-boot CPUs ...
[    8.621101] CPU1 is up
[    8.622073] pcieport 0000:00:01.0: nv_msi_ht_cap_quirk didn't locate host bridge
[    8.636984] PM: noirq resume of devices complete after 15.852 msecs
[    8.640361] PM: early resume of devices complete after 2.853 msecs
[    8.702609] PM: resume of devices complete after 62.215 msecs
[    8.765909] Restarting tasks ... done.
root@(none):/# 
root@(none):/# rtcwake -d rtc1 -m mem -s 3
rtcwake: assuming RTC uses UTC ...
rtcwake: wakeup from "mem" using /dev/rtc1 at Thu Jan  1 00:00:30 1970
[    9.426379] PM: Syncing filesystems ... done.
[    9.471895] Freezing user space processes ... (elapsed 0.001 seconds) done.
[    9.480390] Double checking all user space processes after OOM killer disable... (elapsed 0.000 seconds) 
[    9.490206] Freezing remaining freezable tasks ... (elapsed 0.001 seconds) done.
[    9.499321] Suspending console(s) (use no_console_suspend to debug)
[    9.533964] PM: suspend of devices complete after 25.744 msecs
[    9.537492] PM: late suspend of devices complete after 3.496 msecs
[    9.552334] PM: noirq suspend of devices complete after 14.811 msecs
[    9.552345] Disabling non-boot CPUs ...
[    9.554275] CPU1: shutdown
[    9.569872] Entering suspend state LP1
[    9.569922] Enabling non-boot CPUs ...
[    9.596012] CPU1 is up
[    9.597292] pcieport 0000:00:01.0: nv_msi_ht_cap_quirk didn't locate host bridge
[    9.611992] PM: noirq resume of devices complete after 15.946 msecs
[    9.615664] PM: early resume of devices complete after 2.963 msecs
[    9.684451] PM: resume of devices complete after 68.755 msecs
[    9.748435] Restarting tasks ... done.
root@(none):/# 
root@(none):/# rtcwake -d rtc1 -m mem -s 3
rtcwake: assuming RTC uses UTC ...
rtcwake: wakeup from "mem" using /dev/rtc1 at Thu Jan  1 00:00:34 1970
[   10.401893] PM: Syncing filesystems ... done.
[   10.447358] Freezing user space processes ... (elapsed 0.001 seconds) done.
[   10.455891] Double checking all user space processes after OOM killer disable... (elapsed 0.000 seconds) 
[   10.465711] Freezing remaining freezable tasks ... (elapsed 0.001 seconds) done.
[   10.474817] Suspending console(s) (use no_console_suspend to debug)
[   10.503187] PM: suspend of devices complete after 19.447 msecs
[   10.506705] PM: late suspend of devices complete after 3.485 msecs
[   10.522256] PM: noirq suspend of devices complete after 15.519 msecs
[   10.522267] Disabling non-boot CPUs ...
[   10.524058] CPU1: shutdown
[   10.549800] Entering suspend state LP1
[   10.549851] Enabling non-boot CPUs ...
[   10.575900] CPU1 is up
[   10.577232] pcieport 0000:00:01.0: nv_msi_ht_cap_quirk didn't locate host bridge
[   10.591912] PM: noirq resume of devices complete after 15.976 msecs
[   10.595566] PM: early resume of devices complete after 2.924 msecs
[   10.662691] PM: resume of devices complete after 67.092 msecs
[   10.726634] Restarting tasks ... done.
root@(none):/# 
root@(none):/# rtcwake -d rtc1 -m mem -s 3
rtcwake: assuming RTC uses UTC ...
rtcwake: wakeup from "mem" using /dev/rtc1 at Thu Jan  1 00:00:38 1970
[   11.377387] PM: Syncing filesystems ... done.
[   11.422817] Freezing user space processes ... (elapsed 0.001 seconds) done.
[   11.431369] Double checking all user space processes after OOM killer disable... (elapsed 0.000 seconds) 
[   11.441184] Freezing remaining freezable tasks ... (elapsed 0.001 seconds) done.
[   11.450259] Suspending console(s) (use no_console_suspend to debug)
[   11.483475] PM: suspend of devices complete after 24.334 msecs
[   11.487186] PM: late suspend of devices complete after 3.679 msecs
[   11.502193] PM: noirq suspend of devices complete after 14.976 msecs
[   11.502205] Disabling non-boot CPUs ...
[   11.504090] CPU1: shutdown
[   11.519811] Entering suspend state LP1
[   11.519863] Enabling non-boot CPUs ...
[   11.545902] CPU1 is up
[   11.548501] pcieport 0000:00:01.0: nv_msi_ht_cap_quirk didn't locate host bridge
[   11.561814] PM: noirq resume of devices complete after 15.879 msecs
[   11.565675] PM: early resume of devices complete after 3.130 msecs
[   11.630065] PM: resume of devices complete after 64.357 msecs
[   11.694072] Restarting tasks ... done.
root@(none):/# 
root@(none):/# rtcwake -d rtc1 -m mem -s 3
rtcwake: assuming RTC uses UTC ...
rtcwake: wakeup from "mem" using /dev/rtc1 at Thu Jan  1 00:00:42 1970
[   12.351277] PM: Syncing filesystems ... done.
[   12.396892] Freezing user space processes ... (elapsed 0.001 seconds) done.
[   12.405385] Double checking all user space processes after OOM killer disable... (elapsed 0.000 seconds) 
[   12.415201] Freezing remaining freezable tasks ... (elapsed 0.001 seconds) done.
[   12.424314] Suspending console(s) (use no_console_suspend to debug)
[   12.458725] PM: suspend of devices complete after 25.505 msecs
[   12.462319] PM: late suspend of devices complete after 3.564 msecs
[   12.477142] PM: noirq suspend of devices complete after 14.790 msecs
[   12.477152] Disabling non-boot CPUs ...
[   12.478924] CPU1: shutdown
[   12.504719] Entering suspend state LP1
[   12.504770] Enabling non-boot CPUs ...
[   12.530893] CPU1 is up
[   12.531989] pcieport 0000:00:01.0: nv_msi_ht_cap_quirk didn't locate host bridge
[   12.546806] PM: noirq resume of devices complete after 15.878 msecs
[   12.550475] PM: early resume of devices complete after 2.954 msecs
[   12.619957] PM: resume of devices complete after 69.449 msecs
[   12.683965] Restarting tasks ... done.
root@(none):/# 
root@(none):/# rtcwake -d rtc1 -m mem -s 3
rtcwake: assuming RTC uses UTC ...
rtcwake: wakeup from "mem" using /dev/rtc1 at Thu Jan  1 00:00:46 1970
[   13.331935] PM: Syncing filesystems ... done.
[   13.364702] Freezing user space processes ... (elapsed 0.001 seconds) done.
[   13.373147] Double checking all user space processes after OOM killer disable... (elapsed 0.000 seconds) 
[   13.382903] Freezing remaining freezable tasks ... (elapsed 0.001 seconds) done.
[   13.391814] Suspending console(s) (use no_console_suspend to debug)
[   13.419850] PM: suspend of devices complete after 19.920 msecs
[   13.423386] PM: late suspend of devices complete after 3.505 msecs
[   13.437080] PM: noirq suspend of devices complete after 13.661 msecs
[   13.437091] Disabling non-boot CPUs ...
[   13.438864] CPU1: shutdown
[   13.464696] Entering suspend state LP1
[   13.464747] Enabling non-boot CPUs ...
[   13.490737] CPU1 is up
[   13.491893] pcieport 0000:00:01.0: nv_msi_ht_cap_quirk didn't locate host bridge
[   13.506733] PM: noirq resume of devices complete after 15.963 msecs
[   13.510138] PM: early resume of devices complete after 2.878 msecs
[   13.579039] PM: resume of devices complete after 68.867 msecs
[   13.642987] Restarting tasks ... done.
root@(none):/# 
root@(none):/# rtcwake -d rtc1 -m mem -s 3
rtcwake: assuming RTC uses UTC ...
rtcwake: wakeup from "mem" using /dev/rtc1 at Thu Jan  1 00:00:50 1970
[   14.291879] PM: Syncing filesystems ... done.
[   14.324625] Freezing user space processes ... (elapsed 0.001 seconds) done.
[   14.333050] Double checking all user space processes after OOM killer disable... (elapsed 0.000 seconds) 
[   14.342791] Freezing remaining freezable tasks ... (elapsed 0.001 seconds) done.
[   14.351695] Suspending console(s) (use no_console_suspend to debug)
[   14.379151] PM: suspend of devices complete after 19.341 msecs
[   14.382686] PM: late suspend of devices complete after 3.505 msecs
[   14.397072] PM: noirq suspend of devices complete after 14.355 msecs
[   14.397083] Disabling non-boot CPUs ...
[   14.399086] CPU1: shutdown
[   14.414583] Entering suspend state LP1
[   14.414633] Enabling non-boot CPUs ...
[   14.440679] CPU1 is up
[   14.443196] pcieport 0000:00:01.0: nv_msi_ht_cap_quirk didn't locate host bridge
[   14.456621] PM: noirq resume of devices complete after 15.910 msecs
[   14.460429] PM: early resume of devices complete after 3.105 msecs
[   14.524850] PM: resume of devices complete after 64.388 msecs
[   14.588847] Restarting tasks ... done.
root@(none):/# 
root@(none):/# rtcwake -d rtc1 -m mem -s 3
rtcwake: assuming RTC uses UTC ...
rtcwake: wakeup from "mem" using /dev/rtc1 at Thu Jan  1 00:00:54 1970
[   15.246273] PM: Syncing filesystems ... done.
[   15.291914] Freezing user space processes ... (elapsed 0.001 seconds) done.
[   15.300460] Double checking all user space processes after OOM killer disable... (elapsed 0.000 seconds) 
[   15.310279] Freezing remaining freezable tasks ... (elapsed 0.001 seconds) done.
[   15.319350] Suspending console(s) (use no_console_suspend to debug)
[   15.353952] PM: suspend of devices complete after 25.680 msecs
[   15.357697] PM: late suspend of devices complete after 3.714 msecs
[   15.371949] PM: noirq suspend of devices complete after 14.221 msecs
[   15.371961] Disabling non-boot CPUs ...
[   15.373740] CPU1: shutdown
[   15.399489] Entering suspend state LP1
[   15.399540] Enabling non-boot CPUs ...
[   15.425600] CPU1 is up
[   15.426417] pcieport 0000:00:01.0: nv_msi_ht_cap_quirk didn't locate host bridge
[   15.441590] PM: noirq resume of devices complete after 15.958 msecs
[   15.445247] PM: early resume of devices complete after 2.956 msecs
[   15.514795] PM: resume of devices complete after 69.515 msecs
[   15.578806] Restarting tasks ... done.
root@(none):/# 
root@(none):/# rtcwake -d rtc1 -m mem -s 3
rtcwake: assuming RTC uses UTC ...
rtcwake: wakeup from "mem" using /dev/rtc1 at Thu Jan  1 00:00:58 1970
[   16.231086] PM: Syncing filesystems ... done.
[   16.276646] Freezing user space processes ... (elapsed 0.001 seconds) done.
[   16.285118] Double checking all user space processes after OOM killer disable... (elapsed 0.000 seconds) 
[   16.294932] Freezing remaining freezable tasks ... (elapsed 0.001 seconds) done.
[   16.304042] Suspending console(s) (use no_console_suspend to debug)
[   16.338582] PM: suspend of devices complete after 25.631 msecs
[   16.342103] PM: late suspend of devices complete after 3.490 msecs
[   16.356889] PM: noirq suspend of devices complete after 14.753 msecs
[   16.356900] Disabling non-boot CPUs ...
[   16.358673] CPU1: shutdown
[   16.384463] Entering suspend state LP1
[   16.384514] Enabling non-boot CPUs ...
[   16.410573] CPU1 is up
[   16.411404] pcieport 0000:00:01.0: nv_msi_ht_cap_quirk didn't locate host bridge
[   16.426497] PM: noirq resume of devices complete after 15.891 msecs
[   16.429874] PM: early resume of devices complete after 2.851 msecs
[   16.498832] PM: resume of devices complete after 68.926 msecs
[   16.562802] Restarting tasks ... done.
root@(none):/# 
root@(none):/# NVTB SYSTEM SUSPEND TEST COMPLETE
