

U-Boot 2015.04-00466-gedec83e90172 (Mar 14 2016 - 10:42:01)

TEGRA124
Model: Acer Chromebook 13 CB5-311
DRAM:  4 GiB
:   Tegra SD/MMC: 0, Tegra SD/MMC: 1, Tegra SD/MMC: 2
MMC init failed
Using default environment

In:    serial
Out:   serial
Err:   serial
Net:   Net Initialization Skipped
No ethernet found.
Hit any key to stop autoboot:  2  0 
Tegra124 (Nyan-big) # 
Tegra124 (Nyan-big) # usb start
starting USB...
USB0:   USB EHCI 1.10
scanning bus 0 for devices... 2 USB Device(s) found
USB1:   USB EHCI 1.10
scanning bus 1 for devices... 2 USB Device(s) found
       scanning usb for storage devices... 1 Storage Device(s) found
       scanning usb for ethernet devices... 
Warning: asx0 using MAC address from net device
1 Ethernet Device(s) found
Tegra124 (Nyan-big) # mw 0x7000e4a0 0x00080000
Tegra124 (Nyan-big) # setenv bootargs 'ignore_loglevel console=ttyS0,115200n8 rw root=PARTUUID=4d36e82a-b3c0-4b4b-bfcd-afe5217ac023 rootwait gpt debug noinitrd earlyprintk init=/bin/bash'
Tegra124 (Nyan-big) # setenv ipaddr 192.168.100.102; setenv serverip 192.168.100.1; setenv tftpserverip 192.168.100.1
Tegra124 (Nyan-big) # tftpboot 0x82000000 zImage.multi_v7_defconfig
Using asx0 device
TFTP from server 192.168.100.1; our IP address is 192.168.100.102
Filename 'zImage.multi_v7_defconfig'.
Load address: 0x82000000
Loading: *#################################################################
	 #################################################################
	 #################################################################
	 #################################################################
	 #################################################################
	 #################################################################
	 #################################################################
	 ##########################################
	 879.9 KiB/s
done
Bytes transferred = 7288568 (6f36f8 hex)
Tegra124 (Nyan-big) # tftpboot 0x83000000 tegra124-nyan-big.dtb
Using asx0 device
TFTP from server 192.168.100.1; our IP address is 192.168.100.102
Filename 'tegra124-nyan-big.dtb'.
Load address: 0x83000000
Loading: *#####
	 860.4 KiB/s
done
Bytes transferred = 67899 (1093b hex)
Tegra124 (Nyan-big) # bootz 0x82000000 - 0x83000000
Kernel image @ 0x82000000 [ 0x000000 - 0x6f36f8 ]
## Flattened Device Tree blob at 83000000
   Booting using the fdt blob at 0x83000000
   Using Device Tree in place at 83000000, end 8301393a

Starting kernel ...

[    0.000000] Booting Linux on physical CPU 0x0
[    0.000000] Linux version 4.9.0-129023-g69973b8 (pwalmsley@sellafield) (gcc version 4.7.3 20130328 (prerelease) (crosstool-NG linaro-1.13.1-4.7-2013.04-20130415 - Linaro GCC 2013.04) ) #1 SMP Sun Dec 11 12:34:17 PST 2016
[    0.000000] CPU: ARMv7 Processor [413fc0f3] revision 3 (ARMv7), cr=10c5387d
[    0.000000] CPU: div instructions available: patching division code
[    0.000000] CPU: PIPT / VIPT nonaliasing data cache, PIPT instruction cache
[    0.000000] OF: fdt:Machine model: Acer Chromebook 13 CB5-311
[    0.000000] OF: fdt:Ignoring memory range 0x100000000 - 0x17ffff000
[    0.000000] debug: ignoring loglevel setting.
[    0.000000] efi: Getting EFI parameters from FDT:
[    0.000000] efi: UEFI not found.
[    0.000000] cma: Reserved 64 MiB at 0xfb800000
[    0.000000] Memory policy: Data cache writealloc
[    0.000000] On node 0 totalpages: 524287
[    0.000000] free_area_init_node: node 0, pgdat c1427fc0, node_mem_map eeff8000
[    0.000000]   DMA zone: 1536 pages used for memmap
[    0.000000]   DMA zone: 0 pages reserved
[    0.000000]   DMA zone: 196608 pages, LIFO batch:31
[    0.000000]   HighMem zone: 327679 pages, LIFO batch:31
[    0.000000] percpu: Embedded 14 pages/cpu @eef8d000 s26624 r8192 d22528 u57344
[    0.000000] pcpu-alloc: s26624 r8192 d22528 u57344 alloc=14*4096
[    0.000000] pcpu-alloc: [0] 0 [0] 1 [0] 2 [0] 3 
[    0.000000] Built 1 zonelists in Zone order, mobility grouping on.  Total pages: 522751
[    0.000000] Kernel command line: ignore_loglevel console=ttyS0,115200n8 rw root=PARTUUID=4d36e82a-b3c0-4b4b-bfcd-afe5217ac023 rootwait gpt debug noinitrd earlyprintk init=/bin/bash
[    0.000000] PID hash table entries: 4096 (order: 2, 16384 bytes)
[    0.000000] Dentry cache hash table entries: 131072 (order: 7, 524288 bytes)
[    0.000000] Inode-cache hash table entries: 65536 (order: 6, 262144 bytes)
[    0.000000] Memory: 1995984K/2097148K available (9216K kernel code, 1190K rwdata, 4068K rodata, 2048K init, 343K bss, 35628K reserved, 65536K cma-reserved, 1245180K highmem)
[    0.000000] Virtual kernel memory layout:
[    0.000000]     vector  : 0xffff0000 - 0xffff1000   (   4 kB)
[    0.000000]     fixmap  : 0xffc00000 - 0xfff00000   (3072 kB)
[    0.000000]     vmalloc : 0xf0800000 - 0xff800000   ( 240 MB)
[    0.000000]     lowmem  : 0xc0000000 - 0xf0000000   ( 768 MB)
[    0.000000]     pkmap   : 0xbfe00000 - 0xc0000000   (   2 MB)
[    0.000000]     modules : 0xbf000000 - 0xbfe00000   (  14 MB)
[    0.000000]       .text : 0xc0208000 - 0xc0c00000   (10208 kB)
[    0.000000]       .init : 0xc1100000 - 0xc1300000   (2048 kB)
[    0.000000]       .data : 0xc1300000 - 0xc1429aa0   (1191 kB)
[    0.000000]        .bss : 0xc142b000 - 0xc1480fc8   ( 344 kB)
[    0.000000] SLUB: HWalign=64, Order=0-3, MinObjects=0, CPUs=4, Nodes=1
[    0.000000] Hierarchical RCU implementation.
[    0.000000] 	Build-time adjustment of leaf fanout to 32.
[    0.000000] 	RCU restricting CPUs from NR_CPUS=16 to nr_cpu_ids=4.
[    0.000000] RCU: Adjusting geometry for rcu_fanout_leaf=32, nr_cpu_ids=4
[    0.000000] NR_IRQS:16 nr_irqs:16 16
[    0.000000] /interrupt-controller@60004000: 160 interrupts forwarded to /interrupt-controller@50041000
[    0.000000] Tegra clk 127: register failed with -17
[    0.000004] sched_clock: 32 bits at 1000kHz, resolution 1000ns, wraps every 2147483647500ns
[    0.000013] clocksource: timer_us: mask: 0xffffffff max_cycles: 0xffffffff, max_idle_ns: 1911260446275 ns
[    0.000018] Switching to timer-based delay loop, resolution 1000ns
[    0.001865] arm_arch_timer: Architected cp15 timer(s) running at 12.00MHz (virt).
[    0.001872] clocksource: arch_sys_counter: mask: 0xffffffffffffff max_cycles: 0x2c47f4ee7, max_idle_ns: 440795202497 ns
[    0.001878] sched_clock: 56 bits at 12MHz, resolution 83ns, wraps every 4398046511096ns
[    0.001882] Switching to timer-based delay loop, resolution 83ns
[    0.002084] Console: colour dummy device 80x30
[    0.002097] Calibrating delay loop (skipped), value calculated using timer frequency.. 24.00 BogoMIPS (lpj=60000)
[    0.002102] pid_max: default: 32768 minimum: 301
[    0.002141] Mount-cache hash table entries: 2048 (order: 1, 8192 bytes)
[    0.002145] Mountpoint-cache hash table entries: 2048 (order: 1, 8192 bytes)
[    0.002389] CPU: Testing write buffer coherency: ok
[    0.002500] /cpus/cpu@0 missing clock-frequency property
[    0.002515] /cpus/cpu@1 missing clock-frequency property
[    0.002529] /cpus/cpu@2 missing clock-frequency property
[    0.002543] /cpus/cpu@3 missing clock-frequency property
[    0.002547] CPU0: thread -1, cpu 0, socket 0, mpidr 80000000
[    0.002557] Setting up static identity map for 0x80300000 - 0x80300098
[    0.003889] Tegra Revision: A01 SKU: 131 CPU Process: 1 SoC Process: 1
[    0.004121] EFI services will not be available.
[    0.004457] CPU1: thread -1, cpu 1, socket 0, mpidr 80000001
[    0.006988] CPU2: thread -1, cpu 2, socket 0, mpidr 80000002
[    0.011980] CPU3: thread -1, cpu 3, socket 0, mpidr 80000003
[    0.016758] Brought up 4 CPUs
[    0.016765] SMP: Total of 4 processors activated (96.00 BogoMIPS).
[    0.016769] CPU: All CPU(s) started in SVC mode.
[    0.017315] devtmpfs: initialized
[    0.024552] VFP support v0.3: implementor 41 architecture 4 part 30 variant f rev 0
[    0.024756] clocksource: jiffies: mask: 0xffffffff max_cycles: 0xffffffff, max_idle_ns: 9556302231375000 ns
[    0.025283] pinctrl core: initialized pinctrl subsystem
[    0.025989] NET: Registered protocol family 16
[    0.026667] DMA: preallocated 256 KiB pool for atomic coherent allocations
[    0.041839] cpuidle: using governor menu
[    0.051935] No ATAGs?
[    0.051948] hw-breakpoint: found 5 (+1 reserved) breakpoint and 4 watchpoint registers.
[    0.051952] hw-breakpoint: maximum watchpoint size is 8 bytes.
[    0.054608] Serial: AMBA PL011 UART driver
[    0.054955] tegra-mc 70019000.memory-controller: no memory timings for RAM code 0 registered
[    0.073679] +5V_SYS: supplied by +VDD_MUX
[    0.073784] +3.3V_SYS: supplied by +VDD_MUX
[    0.074009] +VDD_LED: Failed to request enable GPIO122: -517
[    0.074014] reg-fixed-voltage regulators:regulator@5: Failed to register regulator: -517
[    0.074044] +5V_VDD_TS_SW: Failed to request enable GPIO81: -517
[    0.074049] reg-fixed-voltage regulators:regulator@6: Failed to register regulator: -517
[    0.074078] +5V_USB_HS: Failed to request enable GPIO108: -517
[    0.074083] reg-fixed-voltage regulators:regulator@7: Failed to register regulator: -517
[    0.074111] +5V_USB_SS: Failed to request enable GPIO109: -517
[    0.074115] reg-fixed-voltage regulators:regulator@8: Failed to register regulator: -517
[    0.074192] +1.05V_RUN_AVDD_HDMI_PLL: Failed to request enable GPIO63: -517
[    0.074196] reg-fixed-voltage regulators:regulator@11: Failed to register regulator: -517
[    0.074224] +5V_HDMI_CON: Failed to request enable GPIO86: -517
[    0.074228] reg-fixed-voltage regulators:regulator@12: Failed to register regulator: -517
[    0.075308] vgaarb: loaded
[    0.075612] SCSI subsystem initialized
[    0.075680] libata version 3.00 loaded.
[    0.075785] usbcore: registered new interface driver usbfs
[    0.075809] usbcore: registered new interface driver hub
[    0.075833] usbcore: registered new device driver usb
[    0.077171] pps_core: LinuxPPS API ver. 1 registered
[    0.077175] pps_core: Software ver. 5.3.6 - Copyright 2005-2007 Rodolfo Giometti <giometti@linux.it>
[    0.077183] PTP clock support registered
[    0.077251] EDAC MC: Ver: 3.0.0
[    0.077700] tegra-emc 7001b000.emc: no memory timings for RAM code 0 found in DT
[    0.077709] tegra-emc: probe of 7001b000.emc failed with error -2
[    0.078196] clocksource: Switched to clocksource arch_sys_counter
[    0.081962] NET: Registered protocol family 2
[    0.082158] TCP established hash table entries: 8192 (order: 3, 32768 bytes)
[    0.082191] TCP bind hash table entries: 8192 (order: 4, 65536 bytes)
[    0.082253] TCP: Hash tables configured (established 8192 bind 8192)
[    0.082275] UDP hash table entries: 512 (order: 2, 16384 bytes)
[    0.082289] UDP-Lite hash table entries: 512 (order: 2, 16384 bytes)
[    0.082350] NET: Registered protocol family 1
[    0.082480] RPC: Registered named UNIX socket transport module.
[    0.082483] RPC: Registered udp transport module.
[    0.082486] RPC: Registered tcp transport module.
[    0.082489] RPC: Registered tcp NFSv4.1 backchannel transport module.
[    0.082493] PCI: CLS 0 bytes, default 64
[    0.082945] hw perfevents: enabled with armv7_cortex_a15 PMU driver, 7 counters available
[    0.083494] futex hash table entries: 1024 (order: 4, 65536 bytes)
[    0.083780] workingset: timestamp_bits=30 max_order=19 bucket_order=0
[    0.087547] squashfs: version 4.0 (2009/01/31) Phillip Lougher
[    0.087856] NFS: Registering the id_resolver key type
[    0.087867] Key type id_resolver registered
[    0.087870] Key type id_legacy registered
[    0.087887] ntfs: driver 2.1.32 [Flags: R/O].
[    0.088350] bounce: pool size: 64 pages
[    0.088422] Block layer SCSI generic (bsg) driver version 0.4 loaded (major 248)
[    0.088427] io scheduler noop registered
[    0.088430] io scheduler deadline registered
[    0.088495] io scheduler cfq registered (default)
[    0.090339] tegra-xusb-padctl 7009f000.padctl: failed to setup XUSB ports: -517
[    0.090517] libphy: mdio_driver_register: phy-bcm-ns2-pci
[    0.100305] tegra-apbdma 60020000.dma: Tegra20 APB DMA driver register 32 channels
[    0.100964] tegra-pmc 7000e400.pmc: i2c-thermtrip node not found, emergency thermal reset disabled.
[    0.122723] Serial: 8250/16550 driver, 4 ports, IRQ sharing disabled
[    0.123904] console [ttyS0] disabled
[    0.123920] 70006000.serial: ttyS0 at MMIO 0x70006000 (irq = 331, base_baud = 25500000) is a Tegra
[    0.997134] console [ttyS0] enabled
[    1.000937] SuperH (H)SCI(F) driver initialized
[    1.005814] msm_serial: driver initialized
[    1.009967] STMicroelectronics ASC driver initialized
[    1.016414] [drm] Initialized
[    1.020502] tegra-hdmi 54280000.hdmi: failed to get HDMI regulator
[    1.027040] tegra-dpaux 545c0000.dpaux: failed to get VDD supply: -517
[    1.034276] panel supply power not found, using dummy regulator
[    1.044050] brd: module loaded
[    1.049264] loop: module loaded
[    1.053310] as3722 4-0040: AS3722 with revision 0x1 found
[    1.063447] as3722-sd2: supplied by +5V_SYS
[    1.067857] as3722-sd3: supplied by +5V_SYS
[    1.072203] +1.35V_LP0(sd3): Bringing 0uV into 1350000-1350000uV
[    1.078384] as3722-sd4: supplied by +5V_SYS
[    1.082719] +1.05V_RUN: Bringing 0uV into 1050000-1050000uV
[    1.088470] as3722-sd5: supplied by +5V_SYS
[    1.094059] as3722-ldo0: supplied by +1.35V_LP0(sd2)
[    1.099802] +1.8V_RUN_CAM: Bringing 0uV into 1800000-1800000uV
[    1.105824] as3722-ldo2: supplied by +1.8V_VDDIO
[    1.111444] as3722-ldo3: supplied by +3.3V_SYS
[    1.115900] +1.00V_LP0_VDD_RTC: Bringing 1100000uV into 1000000-1000000uV
[    1.123482] as3722-ldo4: supplied by +3.3V_SYS
[    1.128073] +3.3V_RUN_CAM: Bringing 0uV into 2800000-2800000uV
[    1.134093] as3722-ldo5: supplied by +1.8V_VDDIO
[    1.138863] +1.2V_RUN_CAM_FRONT: Bringing 0uV into 1200000-1200000uV
[    1.145556] +VDDIO_SDMMC3: Bringing 0uV into 1800000-1800000uV
[    1.151596] as3722-ldo7: supplied by +1.8V_VDDIO
[    1.156367] +1.05V_RUN_CAM_REAR: Bringing 0uV into 1050000-1050000uV
[    1.162924] as3722-ldo9: supplied by +5V_SYS
[    1.167492] +2.8V_RUN_TOUCH: Bringing 0uV into 2800000-2800000uV
[    1.173700] as3722-ldo10: supplied by +5V_SYS
[    1.178204] +2.8V_RUN_CAM_AF: Bringing 0uV into 2800000-2800000uV
[    1.184656] +1.8V_RUN_VPP_FUSE: Bringing 0uV into 1800000-1800000uV
[    1.197575] random: fast init done
[    1.203175] m25p80 spi32765.0: w25q32dw (4096 Kbytes)
[    1.209330] libphy: Fixed MDIO Bus: probed
[    1.213838] CAN device driver interface
[    1.218426] e1000e: Intel(R) PRO/1000 Network Driver - 3.2.6-k
[    1.224247] e1000e: Copyright(c) 1999 - 2015 Intel Corporation.
[    1.230178] igb: Intel(R) Gigabit Ethernet Network Driver - version 5.4.0-k
[    1.237127] igb: Copyright (c) 2007-2014 Intel Corporation.
[    1.243927] pegasus: v0.9.3 (2013/04/25), Pegasus/Pegasus II USB Ethernet driver
[    1.251333] usbcore: registered new interface driver pegasus
[    1.257002] usbcore: registered new interface driver asix
[    1.262406] usbcore: registered new interface driver ax88179_178a
[    1.268506] usbcore: registered new interface driver cdc_ether
[    1.274348] usbcore: registered new interface driver smsc75xx
[    1.280105] usbcore: registered new interface driver smsc95xx
[    1.285854] usbcore: registered new interface driver net1080
[    1.291517] usbcore: registered new interface driver cdc_subset
[    1.297439] usbcore: registered new interface driver zaurus
[    1.303024] usbcore: registered new interface driver cdc_ncm
[    1.309353] ehci_hcd: USB 2.0 'Enhanced' Host Controller (EHCI) Driver
[    1.315873] ehci-pci: EHCI PCI platform driver
[    1.320325] ehci-platform: EHCI generic platform driver
[    1.325612] ehci-orion: EHCI orion driver
[    1.329664] SPEAr-ehci: EHCI SPEAr driver
[    1.333718] ehci-st: EHCI STMicroelectronics driver
[    1.338639] ehci-exynos: EHCI EXYNOS driver
[    1.342865] ehci-atmel: EHCI Atmel driver
[    1.346918] tegra-ehci: Tegra EHCI driver
[    1.350984] ohci_hcd: USB 1.1 'Open' Host Controller (OHCI) Driver
[    1.357157] ohci-pci: OHCI PCI platform driver
[    1.361609] ohci-platform: OHCI generic platform driver
[    1.366884] ohci-omap3: OHCI OMAP3 driver
[    1.370937] SPEAr-ohci: OHCI SPEAr driver
[    1.374990] ohci-st: OHCI STMicroelectronics driver
[    1.379909] ohci-atmel: OHCI Atmel driver
[    1.384173] usbcore: registered new interface driver usb-storage
[    1.390740] mousedev: PS/2 mouse device common for all mice
[    1.396952] 1-0015 supply vcc not found, using dummy regulator
[    1.404162] as3722-rtc as3722-rtc: rtc core: registered as3722-rtc as rtc0
[    1.411026] as3722-rtc as3722-rtc: RTC interrupt 370
[    1.417946] tegra_rtc 7000e000.rtc: rtc core: registered 7000e000.rtc as rtc1
[    1.425084] tegra_rtc 7000e000.rtc: Tegra internal Real Time Clock
[    1.431447] i2c /dev entries driver
[    1.437360] 0-004c supply vcc not found, using dummy regulator
[    1.447423] sdhci: Secure Digital Host Controller Interface driver
[    1.453603] sdhci: Copyright(c) Pierre Ossman
[    1.458511] Synopsys Designware Multimedia Card Interface Driver
[    1.464912] sdhci-pltfm: SDHCI platform and OF driver helper
[    1.470845] sdhci-tegra 700b0000.sdhci: allocated mmc-pwrseq
[    1.476609] sdhci-tegra 700b0400.sdhci: Got CD GPIO
[    1.481486] sdhci-tegra 700b0400.sdhci: Got WP GPIO
[    1.486473] mmc0: Unknown controller version (3). You may experience problems.
[    1.493711] mmc0: Invalid maximum block size, assuming 512 bytes
[    1.543204] mmc0: SDHCI controller on 700b0600.sdhci [700b0600.sdhci] using ADMA
[    1.551310] ledtrig-cpu: registered to indicate activity on CPUs
[    1.557451] usbcore: registered new interface driver usbhid
[    1.563014] usbhid: USB HID core driver
[    1.568152] NET: Registered protocol family 10
[    1.573027] sit: IPv6, IPv4 and MPLS over IPv4 tunneling driver
[    1.579230] NET: Registered protocol family 17
[    1.583676] can: controller area network core (rev 20120528 abi 9)
[    1.589883] NET: Registered protocol family 29
[    1.594325] can: raw protocol (rev 20120528)
[    1.598592] can: broadcast manager protocol (rev 20161123 t)
[    1.604248] can: netlink gateway (rev 20130117) max_hops=1
[    1.609882] Key type dns_resolver registered
[    1.614421] ThumbEE CPU extension supported.
[    1.618693] Registering SWP/SWPB emulation handler
[    1.628271] +3.3V_RUN: supplied by +3.3V_SYS
[    1.633132] +3.3V_AVDD_HDMI_AP_GATED: supplied by +3.3V_RUN
[    1.638824] +1.8V_RUN_CAM: supplied by +3.3V_RUN
[    1.643577] +VDDIO_SDMMC3: supplied by +3.3V_RUN
[    1.643718] input: Elan Touchpad as /devices/soc0/7000c400.i2c/i2c-1/1-0015/input/input0
[    1.656415] +1.8V_RUN_VPP_FUSE: supplied by +3.3V_RUN
[    1.661770] +VDD_LED: supplied by +VDD_MUX
[    1.666235] +5V_VDD_TS_SW: supplied by +5V_SYS
[    1.671029] +5V_USB_HS: supplied by +5V_SYS
[    1.675649] +5V_USB_SS: supplied by +5V_SYS
[    1.679926] mmc0: new high speed MMC card at address 0001
[    1.686129] +3.3V_PANEL: supplied by +3.3V_RUN
[    1.686358] mmcblk0: mmc0:0001 MMC16G 14.4 GiB 
[    1.686962] mmcblk0boot0: mmc0:0001 MMC16G partition 1 2.00 MiB
[    1.687405] mmcblk0boot1: mmc0:0001 MMC16G partition 2 2.00 MiB
[    1.687959] mmcblk0rpmb: mmc0:0001 MMC16G partition 3 128 KiB
[    1.692834]  mmcblk0: p1 p2 p3 p4 p5 p6 p7 p8 p9 p10 p11 p12
[    1.719529] +3.3V_LP0: supplied by +3.3V_SYS
[    1.724648] +1.05V_RUN_AVDD_HDMI_PLL: supplied by +1.05V_RUN
[    1.724904] elan_i2c 1-0015: failed to read report data: -121
[    1.736420] +5V_HDMI_CON: supplied by +5V_SYS
[    1.741649] usb3-0 supply vbus not found, using dummy regulator
[    1.747675] usb3-1 supply vbus not found, using dummy regulator
[    1.757155] tegra-sor 54540000.sor: failed to probe output: -517
[    1.764019] panel supply power not found, using dummy regulator
[    1.770737] sdhci-tegra 700b0000.sdhci: allocated mmc-pwrseq
[    1.776552] mmc1: Unknown controller version (3). You may experience problems.
[    1.783876] mmc1: Invalid maximum block size, assuming 512 bytes
[    1.790254] mmc1: Switching to 3.3V signalling voltage failed
[    1.833285] mmc1: SDHCI controller on 700b0000.sdhci [700b0000.sdhci] using ADMA
[    1.841427] sdhci-tegra 700b0400.sdhci: Got CD GPIO
[    1.846304] sdhci-tegra 700b0400.sdhci: Got WP GPIO
[    1.851269] mmc2: Unknown controller version (3). You may experience problems.
[    1.858521] mmc2: Invalid maximum block size, assuming 512 bytes
[    1.865763] elan_i2c 1-0015: invalid report id data (ff)
[    1.904659] mmc1: new high speed SDIO card at address 0001
[    1.910450] mmc2: SDHCI controller on 700b0400.sdhci [700b0400.sdhci] using ADMA
[    2.013244] [drm] Supports vblank timestamp caching Rev 2 (21.10.2013).
[    2.019855] [drm] No driver support for vblank timestamp query.
[    2.055074] mmc2: new high speed SDHC card at address 0007
[    2.055501] mmcblk2: mmc2:0007 SD08G 7.42 GiB 
[    2.063860] GPT:Primary header alternate_lba != Alt. header my_lba
[    2.063863] GPT:3014591 != 15564799
[    2.063865] GPT:Primary header thinks Alt. header is not at the end of the disk.
[    2.063866] GPT:3014591 != 15564799
[    2.063867] GPT: Use GNU Parted to correct GPT errors.
[    2.063891]  mmcblk2: p1 p2 p3 p4 p5 p6 p7 p8 p9 p10 p11 p12
[    2.080739] Console: switching to colour frame buffer device 170x48
[    2.132090] drm drm: fb0:  frame buffer device
[    2.153278] [drm] Initialized tegra 0.0.0 20120330 on minor 0
[    2.160202] input: gpio-keys as /devices/soc0/gpio-keys/input/input1
[    2.168007] as3722-rtc as3722-rtc: setting system clock to 2000-01-01 00:00:29 UTC (946684829)
[    2.177143] +1.8V_RUN_CAM: disabling
[    2.180944] +3.3V_RUN_CAM: disabling
[    2.184781] +1.2V_RUN_CAM_FRONT: disabling
[    2.189118] +1.05V_RUN_CAM_REAR: disabling
[    2.193480] +2.8V_RUN_TOUCH: disabling
[    2.197385] +2.8V_RUN_CAM_AF: disabling
[    2.201412] +1.8V_RUN_VPP_FUSE: disabling
[    2.205660] +5V_VDD_TS_SW: disabling
[    2.209268] +5V_USB_HS: disabling
[    2.212580] +5V_USB_SS: disabling
[    2.216837] EXT4-fs (mmcblk0p3): couldn't mount as ext3 due to feature incompatibilities
[    2.225468] EXT4-fs (mmcblk0p3): couldn't mount as ext2 due to feature incompatibilities
[    2.280162] EXT4-fs (mmcblk0p3): recovery complete
[    2.284978] EXT4-fs (mmcblk0p3): mounted filesystem with ordered data mode. Opts: (null)
[    2.293098] VFS: Mounted root (ext4 filesystem) on device 179:3.
[    2.300305] devtmpfs: mounted
[    2.303973] Freeing unused kernel memory: 2048K (c1100000 - c1300000)
bash: cannot set terminal process group (-1): Inappropriate ioctl for device
bash: no job control in this shell
root@(none):/# 