
U-Boot SPL 2014.01-00219-gc4d376f (Feb 18 2014 - 19:57:32)


U-Boot 2014.01-00219-gc4d376f (Feb 18 2014 - 19:57:32)

TEGRA114
Board: NVIDIA Dalmore
I2C:   ready
DRAM:  2 GiB
MMC:   Tegra SD/MMC: 0, Tegra SD/MMC: 1
In:    serial
Out:   serial
Err:   serial
Net:   Net Initialization Skipped
No ethernet found.
Hit any key to stop autoboot:  2  1  0 
Tegra114 (Dalmore) # 
Tegra114 (Dalmore) # usb reset
(Re)start USB...
USB0:   USB EHCI 1.10
scanning bus 0 for devices... 2 USB Device(s) found
       scanning usb for storage devices... 0 Storage Device(s) found
       scanning usb for ethernet devices... 
Warning: asx0 using MAC address from net device
1 Ethernet Device(s) found
Tegra114 (Dalmore) # setenv bootargs 'ignore_loglevel console=ttyS0,115200n8 rw root=PARTUUID=7369c667-ff51-ec4a-29cd-baabf2fbe346 rootwait gpt debug earlyprintk init=/bin/bash'
Tegra114 (Dalmore) # setenv ipaddr 192.168.100.100; setenv serverip 192.168.100.1; setenv tftpserverip 192.168.100.1
Tegra114 (Dalmore) # tftpboot 0x81000000 zImage.multi_v7_defconfig
Using asx0 device
TFTP from server 192.168.100.1; our IP address is 192.168.100.100
Filename 'zImage.multi_v7_defconfig'.
Load address: 0x81000000
Loading: *#################################################################
	 #################################################################
	 #################################################################
	 #################################################################
	 #################################################################
	 #################################################################
	 #################################################################
	 ##################################################
	 3 MiB/s
done
Bytes transferred = 7412960 (711ce0 hex)
Tegra114 (Dalmore) # tftpboot 0x82000000 tegra114-dalmore.dtb
Using asx0 device
TFTP from server 192.168.100.1; our IP address is 192.168.100.100
Filename 'tegra114-dalmore.dtb'.
Load address: 0x82000000
Loading: *###
	 2.6 MiB/s
done
Bytes transferred = 35044 (88e4 hex)
Tegra114 (Dalmore) # bootz 0x81000000 - 0x82000000
Kernel image @ 0x81000000 [ 0x000000 - 0x711ce0 ]
## Flattened Device Tree blob at 82000000
   Booting using the fdt blob at 0x82000000
   Loading Device Tree to 8fff4000, end 8ffff8e3 ... OK

Starting kernel ...

[    0.000000] Booting Linux on physical CPU 0x0
[    0.000000] Linux version 4.10.0-rc5-142388-g7a308bb (pwalmsley@sellafield) (gcc version 4.7.3 20130328 (prerelease) (crosstool-NG linaro-1.13.1-4.7-2013.04-20130415 - Linaro GCC 2013.04) ) #1 SMP Mon Jan 23 02:35:51 PST 2017
[    0.000000] CPU: ARMv7 Processor [412fc0f2] revision 2 (ARMv7), cr=10c5387d
[    0.000000] CPU: div instructions available: patching division code
[    0.000000] CPU: PIPT / VIPT nonaliasing data cache, PIPT instruction cache
[    0.000000] OF: fdt:Machine model: NVIDIA Tegra114 Dalmore evaluation board
[    0.000000] debug: ignoring loglevel setting.
[    0.000000] efi: Getting EFI parameters from FDT:
[    0.000000] efi: UEFI not found.
[    0.000000] cma: Reserved 64 MiB at 0xfb800000
[    0.000000] Memory policy: Data cache writealloc
[    0.000000] On node 0 totalpages: 524032
[    0.000000] free_area_init_node: node 0, pgdat c142b4c0, node_mem_map eeff8000
[    0.000000]   DMA zone: 1536 pages used for memmap
[    0.000000]   DMA zone: 0 pages reserved
[    0.000000]   DMA zone: 196608 pages, LIFO batch:31
[    0.000000]   HighMem zone: 327424 pages, LIFO batch:31
[    0.000000] percpu: Embedded 14 pages/cpu @eefa4000 s26176 r8192 d22976 u57344
[    0.000000] pcpu-alloc: s26176 r8192 d22976 u57344 alloc=14*4096
[    0.000000] pcpu-alloc: [0] 0 [0] 1 [0] 2 [0] 3 
[    0.000000] Built 1 zonelists in Zone order, mobility grouping on.  Total pages: 522496
[    0.000000] Kernel command line: ignore_loglevel console=ttyS0,115200n8 rw root=PARTUUID=7369c667-ff51-ec4a-29cd-baabf2fbe346 rootwait gpt debug earlyprintk init=/bin/bash
[    0.000000] PID hash table entries: 4096 (order: 2, 16384 bytes)
[    0.000000] Dentry cache hash table entries: 131072 (order: 7, 524288 bytes)
[    0.000000] Inode-cache hash table entries: 65536 (order: 6, 262144 bytes)
[    0.000000] Memory: 1994880K/2096128K available (9216K kernel code, 1203K rwdata, 4148K rodata, 2048K init, 536K bss, 35712K reserved, 65536K cma-reserved, 1244160K highmem)
[    0.000000] Virtual kernel memory layout:
[    0.000000]     vector  : 0xffff0000 - 0xffff1000   (   4 kB)
[    0.000000]     fixmap  : 0xffc00000 - 0xfff00000   (3072 kB)
[    0.000000]     vmalloc : 0xf0800000 - 0xff800000   ( 240 MB)
[    0.000000]     lowmem  : 0xc0000000 - 0xf0000000   ( 768 MB)
[    0.000000]     pkmap   : 0xbfe00000 - 0xc0000000   (   2 MB)
[    0.000000]     modules : 0xbf000000 - 0xbfe00000   (  14 MB)
[    0.000000]       .text : 0xc0208000 - 0xc0c00000   (10208 kB)
[    0.000000]       .init : 0xc1100000 - 0xc1300000   (2048 kB)
[    0.000000]       .data : 0xc1300000 - 0xc142cfc0   (1204 kB)
[    0.000000]        .bss : 0xc142e000 - 0xc14b41d0   ( 537 kB)
[    0.000000] SLUB: HWalign=64, Order=0-3, MinObjects=0, CPUs=4, Nodes=1
[    0.000000] Hierarchical RCU implementation.
[    0.000000] 	Build-time adjustment of leaf fanout to 32.
[    0.000000] 	RCU restricting CPUs from NR_CPUS=16 to nr_cpu_ids=4.
[    0.000000] RCU: Adjusting geometry for rcu_fanout_leaf=32, nr_cpu_ids=4
[    0.000000] NR_IRQS:16 nr_irqs:16 16
[    0.000000] /interrupt-controller@60004000: 160 interrupts forwarded to /interrupt-controller@50041000
[    0.000000] Tegra clk 127: register failed with -17
[    0.000008] sched_clock: 32 bits at 1000kHz, resolution 1000ns, wraps every 2147483647500ns
[    0.000025] clocksource: timer_us: mask: 0xffffffff max_cycles: 0xffffffff, max_idle_ns: 1911260446275 ns
[    0.000039] Switching to timer-based delay loop, resolution 1000ns
[    0.003111] arm_arch_timer: Architected cp15 timer(s) running at 12.00MHz (virt).
[    0.003129] clocksource: arch_sys_counter: mask: 0xffffffffffffff max_cycles: 0x2c47f4ee7, max_idle_ns: 440795202497 ns
[    0.003148] sched_clock: 56 bits at 12MHz, resolution 83ns, wraps every 4398046511096ns
[    0.003160] Switching to timer-based delay loop, resolution 83ns
[    0.003539] Console: colour dummy device 80x30
[    0.003572] Calibrating delay loop (skipped), value calculated using timer frequency.. 24.00 BogoMIPS (lpj=120000)
[    0.003586] pid_max: default: 32768 minimum: 301
[    0.003686] Mount-cache hash table entries: 2048 (order: 1, 8192 bytes)
[    0.003697] Mountpoint-cache hash table entries: 2048 (order: 1, 8192 bytes)
[    0.004305] CPU: Testing write buffer coherency: ok
[    0.004545] /cpus/cpu@0 missing clock-frequency property
[    0.004572] /cpus/cpu@1 missing clock-frequency property
[    0.004599] /cpus/cpu@2 missing clock-frequency property
[    0.004627] /cpus/cpu@3 missing clock-frequency property
[    0.004639] CPU0: thread -1, cpu 0, socket 0, mpidr 80000000
[    0.004882] Setting up static identity map for 0x80300000 - 0x80300098
[    0.007305] Tegra Revision: A01 SKU: 0 CPU Process: 1 SoC Process: 0
[    0.007846] EFI services will not be available.
[    0.008091] smp: Bringing up secondary CPUs ...
[    0.008720] CPU1: thread -1, cpu 1, socket 0, mpidr 80000001
[    0.009424] CPU2: thread -1, cpu 2, socket 0, mpidr 80000002
[    0.010117] CPU3: thread -1, cpu 3, socket 0, mpidr 80000003
[    0.010201] smp: Brought up 1 node, 4 CPUs
[    0.010219] SMP: Total of 4 processors activated (96.00 BogoMIPS).
[    0.010227] CPU: All CPU(s) started in SVC mode.
[    0.011697] devtmpfs: initialized
[    0.023558] VFP support v0.3: implementor 41 architecture 4 part 30 variant f rev 0
[    0.023932] clocksource: jiffies: mask: 0xffffffff max_cycles: 0xffffffff, max_idle_ns: 19112604462750000 ns
[    0.025302] pinctrl core: initialized pinctrl subsystem
[    0.026998] NET: Registered protocol family 16
[    0.029015] DMA: preallocated 256 KiB pool for atomic coherent allocations
[    0.052979] cpuidle: using governor menu
[    0.079543] No ATAGs?
[    0.079681] hw-breakpoint: found 5 (+1 reserved) breakpoint and 4 watchpoint registers.
[    0.079695] hw-breakpoint: maximum watchpoint size is 8 bytes.
[    0.084884] Serial: AMBA PL011 UART driver
[    0.085612] tegra-mc 70019000.memory-controller: no memory timings for RAM code 3 registered
[    0.127580] dvdd_ts: Failed to request enable GPIO61: -517
[    0.127597] reg-fixed-voltage regulators:regulator@1: Failed to register regulator: -517
[    0.127690] usb1_vbus: Failed to request enable GPIO108: -517
[    0.127703] reg-fixed-voltage regulators:regulator@3: Failed to register regulator: -517
[    0.127794] usb2_vbus: Failed to request enable GPIO86: -517
[    0.127806] reg-fixed-voltage regulators:regulator@4: Failed to register regulator: -517
[    0.128225] VDD_5V0_HDMI_CON: Failed to request enable GPIO81: -517
[    0.128238] reg-fixed-voltage regulators:regulator@7: Failed to register regulator: -517
[    0.130924] vgaarb: loaded
[    0.131729] SCSI subsystem initialized
[    0.131899] libata version 3.00 loaded.
[    0.132174] usbcore: registered new interface driver usbfs
[    0.132240] usbcore: registered new interface driver hub
[    0.132314] usbcore: registered new device driver usb
[    0.135886] tps65090 2-0048: No cache defaults, reading back from HW
[    0.137805] TPS65090_RAILSDCDC1: supplied by vdd_ac_bat
[    0.138341] vdd_hdmi_5v0: supplied by vdd-sys-5v0
[    0.139130] TPS65090_RAILSDCDC2: supplied by vdd_ac_bat
[    0.140208] TPS65090_RAILSDCDC3: supplied by vdd_ac_bat
[    0.140742] TPS65090_RAILSFET1: supplied by vdd_ac_bat
[    0.141131] TPS65090_RAILSFET2: supplied by vdd_ac_bat
[    0.141500] TPS65090_RAILSFET3: supplied by vdd-sys-3v3
[    0.142044] TPS65090_RAILSFET4: supplied by vdd-sys-3v3
[    0.142578] TPS65090_RAILSFET5: supplied by vdd-sys-3v3
[    0.143129] TPS65090_RAILSFET6: supplied by vdd-sys-3v3
[    0.143980] TPS65090_RAILSFET7: supplied by vdd-sys-3v3
[    0.144520] TPS65090_RAILSLDO1: supplied by vdd_ac_bat
[    0.144746] TPS65090_RAILSLDO2: supplied by vdd_ac_bat
[    0.145710] palmas 2-0058: Irq flag is 0x00000004
[    0.147720] palmas 2-0058: Muxing GPIO ff, PWM 0, LED 0
[    0.150243] SMPS12: supplied by vdd-ao
[    0.151859] SMPS3: supplied by vdd-ao
[    0.153645] SMPS457: supplied by vdd-sys-3v3
[    0.156573] SMPS8: supplied by vdd-sys-3v3
[    0.157445] random: fast init done
[    0.158204] SMPS9: supplied by vdd-sys-3v3
[    0.158724] sdhci-vdd-sd-slot: Bringing 2840000uV into 2800000-2800000uV
[    0.161601] LDO1: supplied by vdd-sys-3v3
[    0.162806] LDO2: supplied by vdd-sys-3v3
[    0.164026] LDO3: supplied by vddio-1v8
[    0.165235] LDO4: supplied by vdd-sys-3v3
[    0.166446] LDO5: supplied by vdd_ac_bat
[    0.167216] LDO6: supplied by vdd-sys-3v3
[    0.167727] vdd-sensor-2v85: Bringing 2900000uV into 2850000-2850000uV
[    0.169153] LDO7: supplied by vdd-sys-3v3
[    0.170889] LDO8: supplied by vdd-ao
[    0.171401] vdd-rtc: Bringing 675000uV into 900000-900000uV
[    0.173880] LDO9: supplied by sdhci-vdd-sd-slot
[    0.184209] LDOLN: supplied by vdd-sys-5v0
[    0.185421] LDOUSB: supplied by vdd-sys-5v0
[    0.197162] pps_core: LinuxPPS API ver. 1 registered
[    0.197171] pps_core: Software ver. 5.3.6 - Copyright 2005-2007 Rodolfo Giometti <giometti@linux.it>
[    0.197194] PTP clock support registered
[    0.197386] EDAC MC: Ver: 3.0.0
[    0.199781] clocksource: Switched to clocksource arch_sys_counter
[    0.210159] NET: Registered protocol family 2
[    0.210688] TCP established hash table entries: 8192 (order: 3, 32768 bytes)
[    0.210785] TCP bind hash table entries: 8192 (order: 4, 65536 bytes)
[    0.210972] TCP: Hash tables configured (established 8192 bind 8192)
[    0.211027] UDP hash table entries: 512 (order: 2, 16384 bytes)
[    0.211070] UDP-Lite hash table entries: 512 (order: 2, 16384 bytes)
[    0.211235] NET: Registered protocol family 1
[    0.211571] RPC: Registered named UNIX socket transport module.
[    0.211581] RPC: Registered udp transport module.
[    0.211588] RPC: Registered tcp transport module.
[    0.211595] RPC: Registered tcp NFSv4.1 backchannel transport module.
[    0.211606] PCI: CLS 0 bytes, default 64
[    0.213799] futex hash table entries: 1024 (order: 4, 65536 bytes)
[    0.214296] workingset: timestamp_bits=30 max_order=19 bucket_order=0
[    0.225914] squashfs: version 4.0 (2009/01/31) Phillip Lougher
[    0.226798] NFS: Registering the id_resolver key type
[    0.226822] Key type id_resolver registered
[    0.226830] Key type id_legacy registered
[    0.226873] ntfs: driver 2.1.32 [Flags: R/O].
[    0.228533] bounce: pool size: 64 pages
[    0.228735] Block layer SCSI generic (bsg) driver version 0.4 loaded (major 248)
[    0.228745] io scheduler noop registered
[    0.228753] io scheduler deadline registered
[    0.228940] io scheduler cfq registered (default)
[    0.260172] tegra-apbdma 6000a000.dma: Tegra20 APB DMA driver register 32 channels
[    0.262056] tegra-pmc 7000e400.pmc: i2c-thermtrip node not found, emergency thermal reset disabled.
[    0.326255] Serial: 8250/16550 driver, 4 ports, IRQ sharing disabled
[    0.329339] console [ttyS0] disabled
[    0.329376] 70006300.serial: ttyS0 at MMIO 0x70006300 (irq = 329, base_baud = 25500000) is a Tegra
[    1.301213] console [ttyS0] enabled
[    1.305495] SuperH (H)SCI(F) driver initialized
[    1.310984] msm_serial: driver initialized
[    1.315252] STMicroelectronics ASC driver initialized
[    1.323877] [drm] Initialized
[    1.329950] tegra-hdmi 54280000.hdmi: failed to get HDMI regulator
[    1.355174] brd: module loaded
[    1.364770] loop: module loaded
[    1.384596] m25p80 spi32766.0: w25q32dw (4096 Kbytes)
[    1.392834] libphy: Fixed MDIO Bus: probed
[    1.398176] CAN device driver interface
[    1.402931] bgmac_bcma: Broadcom 47xx GBit MAC driver loaded
[    1.409859] e1000e: Intel(R) PRO/1000 Network Driver - 3.2.6-k
[    1.415681] e1000e: Copyright(c) 1999 - 2015 Intel Corporation.
[    1.421685] igb: Intel(R) Gigabit Ethernet Network Driver - version 5.4.0-k
[    1.428633] igb: Copyright (c) 2007-2014 Intel Corporation.
[    1.437561] pegasus: v0.9.3 (2013/04/25), Pegasus/Pegasus II USB Ethernet driver
[    1.445017] usbcore: registered new interface driver pegasus
[    1.450737] usbcore: registered new interface driver asix
[    1.456166] usbcore: registered new interface driver ax88179_178a
[    1.462315] usbcore: registered new interface driver cdc_ether
[    1.468200] usbcore: registered new interface driver smsc75xx
[    1.474010] usbcore: registered new interface driver smsc95xx
[    1.479805] usbcore: registered new interface driver net1080
[    1.485496] usbcore: registered new interface driver cdc_subset
[    1.491457] usbcore: registered new interface driver zaurus
[    1.497085] usbcore: registered new interface driver cdc_ncm
[    1.504681] ehci_hcd: USB 2.0 'Enhanced' Host Controller (EHCI) Driver
[    1.511212] ehci-pci: EHCI PCI platform driver
[    1.515698] ehci-platform: EHCI generic platform driver
[    1.521124] ehci-orion: EHCI orion driver
[    1.525256] SPEAr-ehci: EHCI SPEAr driver
[    1.529391] ehci-st: EHCI STMicroelectronics driver
[    1.534406] ehci-exynos: EHCI EXYNOS driver
[    1.538731] ehci-atmel: EHCI Atmel driver
[    1.542881] tegra-ehci: Tegra EHCI driver
[    1.547178] ohci_hcd: USB 1.1 'Open' Host Controller (OHCI) Driver
[    1.553377] ohci-pci: OHCI PCI platform driver
[    1.557858] ohci-platform: OHCI generic platform driver
[    1.563249] ohci-omap3: OHCI OMAP3 driver
[    1.567382] SPEAr-ohci: OHCI SPEAr driver
[    1.571533] ohci-st: OHCI STMicroelectronics driver
[    1.576535] ohci-atmel: OHCI Atmel driver
[    1.581264] usbcore: registered new interface driver usb-storage
[    1.588772] mousedev: PS/2 mouse device common for all mice
[    1.598923] palmas-rtc 7000d000.i2c:tps65913@58:rtc: rtc core: registered 7000d000.i2c:tps659 as rtc0
[    1.610054] tegra_rtc 7000e000.rtc: rtc core: registered 7000e000.rtc as rtc1
[    1.617219] tegra_rtc 7000e000.rtc: Tegra internal Real Time Clock
[    1.623934] i2c /dev entries driver
[    1.633944] sbs-battery 0-000b: sbs_probe: Failed to get device status
[    1.640498] sbs-battery: probe of 0-000b failed with error -121
[    1.656526] sdhci: Secure Digital Host Controller Interface driver
[    1.662727] sdhci: Copyright(c) Pierre Ossman
[    1.668544] Synopsys Designware Multimedia Card Interface Driver
[    1.675627] sdhci-pltfm: SDHCI platform and OF driver helper
[    1.682007] sdhci-tegra 78000400.sdhci: Got CD GPIO
[    1.686892] sdhci-tegra 78000400.sdhci: Got WP GPIO
[    1.692995] mmc0: Invalid maximum block size, assuming 512 bytes
[    1.759923] mmc0: SDHCI controller on 78000400.sdhci [78000400.sdhci] using ADMA
[    1.767604] mmc1: Invalid maximum block size, assuming 512 bytes
[    1.839800] mmc1: SDHCI controller on 78000600.sdhci [78000600.sdhci] using ADMA
[    1.849002] ledtrig-cpu: registered to indicate activity on CPUs
[    1.855354] usbcore: registered new interface driver usbhid
[    1.860938] usbhid: USB HID core driver
[    1.868568] NET: Registered protocol family 10
[    1.873888] Segment Routing with IPv6
[    1.877605] sit: IPv6, IPv4 and MPLS over IPv4 tunneling driver
[    1.884214] NET: Registered protocol family 17
[    1.888662] can: controller area network core (rev 20120528 abi 9)
[    1.894916] NET: Registered protocol family 29
[    1.899354] can: raw protocol (rev 20120528)
[    1.903634] can: broadcast manager protocol (rev 20161123 t)
[    1.909289] can: netlink gateway (rev 20130117) max_hops=1
[    1.915141] Key type dns_resolver registered
[    1.920063] ThumbEE CPU extension supported.
[    1.924333] Registering SWP/SWPB emulation handler
[    1.942309] usb1_vbus: supplied by vdd-sys-5v0
[    1.950121] usb2_vbus: supplied by vdd-sys-5v0
[    1.952561] mmc0: new high speed SDHC card at address aaaa
[    1.963231] mmcblk0: mmc0:aaaa SL16G 14.8 GiB 
[    1.963883] VDD_5V0_HDMI_CON: supplied by vdd-sys-5v0
[    1.969056] [drm] Supports vblank timestamp caching Rev 2 (21.10.2013).
[    1.969060] [drm] No driver support for vblank timestamp query.
[    2.007763]  mmcblk0: p1 p2 p3
[    2.028428] mmc1: new high speed MMC card at address 0001
[    2.029392] mmcblk1: mmc1:0001 SEM32G 29.1 GiB 
[    2.030020] mmcblk1boot0: mmc1:0001 SEM32G partition 1 4.00 MiB
[    2.030793] mmcblk1boot1: mmc1:0001 SEM32G partition 2 4.00 MiB
[    2.031539] mmcblk1rpmb: mmc1:0001 SEM32G partition 3 4.00 MiB
[    2.032583] Console: switching to colour frame buffer device 240x75
[    2.035914]  mmcblk1: p1 p2 p3 p4 p5 p6 p7 p8
[    2.095422] drm drm: fb0:  frame buffer device
[    2.139944] [drm] Initialized tegra 0.0.0 20120330 on minor 0
[    2.151483] tegra-ehci 7d008000.usb: EHCI Host Controller
[    2.156912] tegra-ehci 7d008000.usb: new USB bus registered, assigned bus number 1
[    2.164870] tegra-ehci 7d008000.usb: irq 339, io mem 0x7d008000
[    2.199915] tegra-ehci 7d008000.usb: USB 2.0 started, EHCI 1.10
[    2.207124] hub 1-0:1.0: USB hub found
[    2.210988] hub 1-0:1.0: 1 port detected
[    2.216790] input: gpio-keys as /devices/soc0/gpio-keys/input/input0
[    2.225796] palmas-rtc 7000d000.i2c:tps65913@58:rtc: setting system clock to 2000-11-16 22:10:16 UTC (974412616)
[    2.242340] dvdd_ts: disabling
[    2.245399] usb1_vbus: disabling
[    2.248622] vdd_cam_1v8_reg: disabling
[    2.254018] EXT4-fs (mmcblk1p1): mounting ext3 file system using the ext4 subsystem
[    2.276543] EXT4-fs (mmcblk1p1): recovery complete
[    2.281410] EXT4-fs (mmcblk1p1): mounted filesystem with ordered data mode. Opts: (null)
[    2.289539] VFS: Mounted root (ext3 filesystem) on device 179:17.
[    2.298056] devtmpfs: mounted
[    2.302944] Freeing unused kernel memory: 2048K
bash: cannot set terminal process group (-1): Inappropriate ioctl for device
bash: no job control in this shell
root@(none):/# [    2.569923] usb 1-1: new high-speed USB device number 2 using tegra-ehci
mount -t sysfs none /sys
[    3.244248] asix 1-1:1.0 eth0: register 'asix' at usb-7d008000.usb-1, ASIX AX88772 USB 2.0 Ethernet, 00:50:b6:0d:b5:16
root@(none):/# 
root@(none):/# mount -t debugfs none /sys/kernel/debug
root@(none):/# 
root@(none):/# rtcwake -d rtc1 -m mem -s 3
rtcwake: assuming RTC uses UTC ...
rtcwake: wakeup from "mem" using /dev/rtc1 at Thu Jan  1 00:00:20 1970
[    5.310921] PM: Syncing filesystems ... done.
[    5.338466] Freezing user space processes ... (elapsed 0.001 seconds) done.
[    5.346814] Freezing remaining freezable tasks ... (elapsed 0.001 seconds) done.
[    5.355710] Suspending console(s) (use no_console_suspend to debug)
[    5.422162] PM: suspend of devices complete after 58.777 msecs
[    5.425215] PM: late suspend of devices complete after 3.037 msecs
[    5.428017] PM: noirq suspend of devices complete after 2.788 msecs
[    5.428021] Disabling non-boot CPUs ...
[    5.428874] CPU1: shutdown
[    5.462849] CPU2: shutdown
[    5.522240] IRQ17 no longer affine to CPU3
[    5.522658] CPU3: shutdown
[    5.551360] Entering suspend state LP1
[    5.551360] Suspended for 7.276 seconds
[    5.551379] Enabling non-boot CPUs ...
[    5.581486] CPU1 is up
[    5.621672] CPU2 is up
[    5.661972] CPU3 is up
[    5.663266] PM: noirq resume of devices complete after 1.284 msecs
[    5.665868] PM: early resume of devices complete after 2.138 msecs
[    6.240043] PM: resume of devices complete after 574.153 msecs
[    6.312605] Restarting tasks ... done.
root@(none):/# 
root@(none):/# rtcwake -d rtc1 -m mem -s 3
rtcwake: assuming RTC uses UTC ...
rtcwake: wakeup from "mem" using /dev/rtc1 at Thu Jan  1 00:00:29 1970
[    7.073896] PM: Syncing filesystems ... done.
[    7.100674] Freezing user space processes ... (elapsed 0.001 seconds) done.
[    7.109012] Freezing remaining freezable tasks ... (elapsed 0.001 seconds) done.
[    7.117888] Suspending console(s) (use no_console_suspend to debug)
[    7.182007] PM: suspend of devices complete after 56.386 msecs
[    7.185042] PM: late suspend of devices complete after 3.019 msecs
[    7.187855] PM: noirq suspend of devices complete after 2.800 msecs
[    7.187859] Disabling non-boot CPUs ...
[    7.188352] IRQ17 no longer affine to CPU1
[    7.188722] CPU1: shutdown
[    7.222556] CPU2: shutdown
[    7.292075] CPU3: shutdown
[    7.351211] Entering suspend state LP1
[    7.351211] Suspended for 7.200 seconds
[    7.351229] Enabling non-boot CPUs ...
[    7.381451] CPU1 is up
[    7.421614] CPU2 is up
[    7.461927] CPU3 is up
[    7.463187] PM: noirq resume of devices complete after 1.249 msecs
[    7.465856] PM: early resume of devices complete after 2.393 msecs
[    8.050518] PM: resume of devices complete after 584.644 msecs
[    8.123208] Restarting tasks ... done.
root@(none):/# 
root@(none):/# rtcwake -d rtc1 -m mem -s 3
rtcwake: assuming RTC uses UTC ...
rtcwake: wakeup from "mem" using /dev/rtc1 at Thu Jan  1 00:00:38 1970
[    8.873264] PM: Syncing filesystems ... done.
[    8.900532] Freezing user space processes ... (elapsed 0.001 seconds) done.
[    8.908857] Freezing remaining freezable tasks ... (elapsed 0.001 seconds) done.
[    8.917548] Suspending console(s) (use no_console_suspend to debug)
[    8.981492] PM: suspend of devices complete after 56.277 msecs
[    8.984528] PM: late suspend of devices complete after 3.021 msecs
[    8.987099] PM: noirq suspend of devices complete after 2.560 msecs
[    8.987103] Disabling non-boot CPUs ...
[    8.987575] IRQ17 no longer affine to CPU1
[    8.987931] CPU1: shutdown
[    9.022525] CPU2: shutdown
[    9.082140] CPU3: shutdown
[    9.130991] Entering suspend state LP1
[    9.130991] Suspended for 7.220 seconds
[    9.131009] Enabling non-boot CPUs ...
[    9.161414] CPU1 is up
[    9.201588] CPU2 is up
[    9.241874] CPU3 is up
[    9.243159] PM: noirq resume of devices complete after 1.275 msecs
[    9.245953] PM: early resume of devices complete after 2.349 msecs
[    9.818805] PM: resume of devices complete after 572.836 msecs
[    9.891496] Restarting tasks ... done.
root@(none):/# 
root@(none):/# rtcwake -d rtc1 -m mem -s 3
rtcwake: assuming RTC uses UTC ...
rtcwake: wakeup from "mem" using /dev/rtc1 at Thu Jan  1 00:00:47 1970
[   10.649006] PM: Syncing filesystems ... done.
[   10.676023] Freezing user space processes ... (elapsed 0.001 seconds) done.
[   10.684372] Freezing remaining freezable tasks ... (elapsed 0.001 seconds) done.
[   10.693257] Suspending console(s) (use no_console_suspend to debug)
[   10.752034] PM: suspend of devices complete after 51.063 msecs
[   10.755043] PM: late suspend of devices complete after 2.993 msecs
[   10.757835] PM: noirq suspend of devices complete after 2.779 msecs
[   10.757839] Disabling non-boot CPUs ...
[   10.758329] IRQ17 no longer affine to CPU1
[   10.758704] CPU1: shutdown
[   10.792464] CPU2: shutdown
[   10.852177] CPU3: shutdown
[   10.900962] Entering suspend state LP1
[   10.900962] Suspended for 7.230 seconds
[   10.900980] Enabling non-boot CPUs ...
[   10.931370] CPU1 is up
[   10.971558] CPU2 is up
[   11.011835] CPU3 is up
[   11.013098] PM: noirq resume of devices complete after 1.253 msecs
[   11.015613] PM: early resume of devices complete after 2.047 msecs
[   11.591258] PM: resume of devices complete after 575.627 msecs
[   11.663780] Restarting tasks ... done.
root@(none):/# 
root@(none):/# rtcwake -d rtc1 -m mem -s 3
rtcwake: assuming RTC uses UTC ...
rtcwake: wakeup from "mem" using /dev/rtc1 at Thu Jan  1 00:00:56 1970
[   12.433192] PM: Syncing filesystems ... done.
[   12.460097] Freezing user space processes ... (elapsed 0.001 seconds) done.
[   12.468413] Freezing remaining freezable tasks ... (elapsed 0.001 seconds) done.
[   12.477230] Suspending console(s) (use no_console_suspend to debug)
[   12.542024] PM: suspend of devices complete after 57.147 msecs
[   12.545281] PM: late suspend of devices complete after 3.241 msecs
[   12.547891] PM: noirq suspend of devices complete after 2.600 msecs
[   12.547895] Disabling non-boot CPUs ...
[   12.548743] CPU1: shutdown
[   12.592408] CPU2: shutdown
[   12.652139] CPU3: shutdown
[   12.700897] Entering suspend state LP1
[   12.700897] Suspended for 7.200 seconds
[   12.700915] Enabling non-boot CPUs ...
[   12.731314] CPU1 is up
[   12.771506] CPU2 is up
[   12.811793] CPU3 is up
[   12.813101] PM: noirq resume of devices complete after 1.297 msecs
[   12.815976] PM: early resume of devices complete after 2.417 msecs
[   13.390300] PM: resume of devices complete after 574.306 msecs
[   13.458712] Restarting tasks ... done.
root@(none):/# 
root@(none):/# rtcwake -d rtc1 -m mem -s 3
rtcwake: assuming RTC uses UTC ...
rtcwake: wakeup from "mem" using /dev/rtc1 at Thu Jan  1 00:01:05 1970
[   14.219665] PM: Syncing filesystems ... done.
[   14.246597] Freezing user space processes ... (elapsed 0.001 seconds) done.
[   14.254948] Freezing remaining freezable tasks ... (elapsed 0.001 seconds) done.
[   14.263839] Suspending console(s) (use no_console_suspend to debug)
[   14.321891] PM: suspend of devices complete after 50.382 msecs
[   14.324893] PM: late suspend of devices complete after 2.986 msecs
[   14.327504] PM: noirq suspend of devices complete after 2.601 msecs
[   14.327508] Disabling non-boot CPUs ...
[   14.328371] CPU1: shutdown
[   14.371943] IRQ17 no longer affine to CPU2
[   14.372360] CPU2: shutdown
[   14.432127] CPU3: shutdown
[   14.480840] Entering suspend state LP1
[   14.480840] Suspended for 7.220 seconds
[   14.480858] Enabling non-boot CPUs ...
[   14.511286] CPU1 is up
[   14.551454] CPU2 is up
[   14.591755] CPU3 is up
[   14.593025] PM: noirq resume of devices complete after 1.260 msecs
[   14.595609] PM: early resume of devices complete after 2.145 msecs
[   15.167118] PM: resume of devices complete after 571.492 msecs
[   15.239678] Restarting tasks ... done.
root@(none):/# 
root@(none):/# rtcwake -d rtc1 -m mem -s 3
rtcwake: assuming RTC uses UTC ...
rtcwake: wakeup from "mem" using /dev/rtc1 at Thu Jan  1 00:01:14 1970
[   15.998664] PM: Syncing filesystems ... done.
[   16.025528] Freezing user space processes ... (elapsed 0.001 seconds) done.
[   16.033896] Freezing remaining freezable tasks ... (elapsed 0.001 seconds) done.
[   16.042598] Suspending console(s) (use no_console_suspend to debug)
[   16.101605] PM: suspend of devices complete after 51.358 msecs
[   16.104970] PM: late suspend of devices complete after 3.349 msecs
[   16.107535] PM: noirq suspend of devices complete after 2.554 msecs
[   16.107539] Disabling non-boot CPUs ...
[   16.108009] IRQ17 no longer affine to CPU1
[   16.108368] CPU1: shutdown
[   16.142338] CPU2: shutdown
[   16.201892] CPU3: shutdown
[   16.250771] Entering suspend state LP1
[   16.250771] Suspended for 7.230 seconds
[   16.250789] Enabling non-boot CPUs ...
[   16.281210] CPU1 is up
[   16.321411] CPU2 is up
[   16.361683] CPU3 is up
[   16.362946] PM: noirq resume of devices complete after 1.251 msecs
[   16.365843] PM: early resume of devices complete after 2.441 msecs
[   16.939037] PM: resume of devices complete after 573.178 msecs
[   17.011576] Restarting tasks ... done.
root@(none):/# 
root@(none):/# rtcwake -d rtc1 -m mem -s 3
rtcwake: assuming RTC uses UTC ...
rtcwake: wakeup from "mem" using /dev/rtc1 at Thu Jan  1 00:01:23 1970
[   17.772034] PM: Syncing filesystems ... done.
[   17.798822] Freezing user space processes ... (elapsed 0.001 seconds) done.
[   17.807144] Freezing remaining freezable tasks ... (elapsed 0.001 seconds) done.
[   17.816042] Suspending console(s) (use no_console_suspend to debug)
[   17.881709] PM: suspend of devices complete after 57.993 msecs
[   17.884981] PM: late suspend of devices complete after 3.257 msecs
[   17.887545] PM: noirq suspend of devices complete after 2.553 msecs
[   17.887549] Disabling non-boot CPUs ...
[   17.888027] IRQ17 no longer affine to CPU1
[   17.888406] CPU1: shutdown
[   17.932235] CPU2: shutdown
[   17.991962] CPU3: shutdown
[   18.040749] Entering suspend state LP1
[   18.040749] Suspended for 7.210 seconds
[   18.040767] Enabling non-boot CPUs ...
[   18.071165] CPU1 is up
[   18.111361] CPU2 is up
[   18.151637] CPU3 is up
[   18.152910] PM: noirq resume of devices complete after 1.263 msecs
[   18.155734] PM: early resume of devices complete after 2.548 msecs
[   18.727836] PM: resume of devices complete after 572.084 msecs
[   18.800518] Restarting tasks ... done.
root@(none):/# 
root@(none):/# rtcwake -d rtc1 -m mem -s 3
rtcwake: assuming RTC uses UTC ...
rtcwake: wakeup from "mem" using /dev/rtc1 at Thu Jan  1 00:01:32 1970
[   19.560603] PM: Syncing filesystems ... done.
[   19.587862] Freezing user space processes ... (elapsed 0.001 seconds) done.
[   19.596223] Freezing remaining freezable tasks ... (elapsed 0.001 seconds) done.
[   19.604923] Suspending console(s) (use no_console_suspend to debug)
[   19.661211] PM: suspend of devices complete after 48.636 msecs
[   19.664520] PM: late suspend of devices complete after 3.293 msecs
[   19.667094] PM: noirq suspend of devices complete after 2.563 msecs
[   19.667098] Disabling non-boot CPUs ...
[   19.667940] CPU1: shutdown
[   19.702270] CPU2: shutdown
[   19.761746] CPU3: shutdown
[   19.810673] Entering suspend state LP1
[   19.810673] Suspended for 7.230 seconds
[   19.810691] Enabling non-boot CPUs ...
[   19.841137] CPU1 is up
[   19.881304] CPU2 is up
[   19.921594] CPU3 is up
[   19.922846] PM: noirq resume of devices complete after 1.241 msecs
[   19.925257] PM: early resume of devices complete after 1.953 msecs
[   20.500914] PM: resume of devices complete after 575.635 msecs
[   20.569433] Restarting tasks ... done.
root@(none):/# 
root@(none):/# rtcwake -d rtc1 -m mem -s 3
rtcwake: assuming RTC uses UTC ...
rtcwake: wakeup from "mem" using /dev/rtc1 at Thu Jan  1 00:01:41 1970
[   21.332086] PM: Syncing filesystems ... done.
[   21.359472] Freezing user space processes ... (elapsed 0.001 seconds) done.
[   21.367777] Freezing remaining freezable tasks ... (elapsed 0.001 seconds) done.
[   21.376675] Suspending console(s) (use no_console_suspend to debug)
[   21.441804] PM: suspend of devices complete after 57.457 msecs
[   21.445121] PM: late suspend of devices complete after 3.301 msecs
[   21.447712] PM: noirq suspend of devices complete after 2.581 msecs
[   21.447716] Disabling non-boot CPUs ...
[   21.448201] IRQ17 no longer affine to CPU1
[   21.448585] CPU1: shutdown
[   21.482135] CPU2: shutdown
[   21.541917] CPU3: shutdown
[   21.590678] Entering suspend state LP1
[   21.590678] Suspended for 7.220 seconds
[   21.590696] Enabling non-boot CPUs ...
[   21.621081] CPU1 is up
[   21.661271] CPU2 is up
[   21.701569] CPU3 is up
[   21.702820] PM: noirq resume of devices complete after 1.240 msecs
[   21.704912] PM: early resume of devices complete after 1.639 msecs
[   22.280417] PM: resume of devices complete after 575.489 msecs
[   22.352908] Restarting tasks ... done.
root@(none):/# 
root@(none):/# NVTB SYSTEM SUSPEND TEST COMPLETE
