

U-Boot 2015.04-00466-gedec83e90172 (Mar 14 2016 - 10:42:01)

TEGRA124
Model: Acer Chromebook 13 CB5-311
DRAM:  4 GiB
C:   Tegra SD/MMC: 0, Tegra SD/MMC: 1, Tegra SD/MMC: 2
MMC init failed
Using default environment

In:    serial
Out:   serial
Err:   serial
Net:   Net Initialization Skipped
No ethernet found.
Hit any key to stop autoboot:  2  0 
Tegra124 (Nyan-big) # 
Tegra124 (Nyan-big) # usb start
starting USB...
USB0:   USB EHCI 1.10
scanning bus 0 for devices... 2 USB Device(s) found
USB1:   USB EHCI 1.10
scanning bus 1 for devices... 2 USB Device(s) found
       scanning usb for storage devices... 1 Storage Device(s) found
       scanning usb for ethernet devices... 
Warning: asx0 using MAC address from net device
1 Ethernet Device(s) found
Tegra124 (Nyan-big) # mw 0x7000e4a0 0x00080000
Tegra124 (Nyan-big) # setenv bootargs 'ignore_loglevel console=ttyS0,115200n8 rw root=PARTUUID=4d36e82a-b3c0-4b4b-bfcd-afe5217ac023 rootwait gpt debug noinitrd earlyprintk init=/bin/bash'
Tegra124 (Nyan-big) # setenv ipaddr 192.168.100.102; setenv serverip 192.168.100.1; setenv tftpserverip 192.168.100.1
Tegra124 (Nyan-big) # tftpboot 0x82000000 zImage.multi_v7_defconfig
Using asx0 device
TFTP from server 192.168.100.1; our IP address is 192.168.100.102
Filename 'zImage.multi_v7_defconfig'.
Load address: 0x82000000
Loading: *#################################################################
	 #################################################################
	 #################################################################
	 #################################################################
	 #################################################################
	 #################################################################
	 #################################################################
	 ##########################################
	 3 MiB/s
done
Bytes transferred = 7287624 (6f3348 hex)
Tegra124 (Nyan-big) # tftpboot 0x83000000 tegra124-nyan-big.dtb
Using asx0 device
TFTP from server 192.168.100.1; our IP address is 192.168.100.102
Filename 'tegra124-nyan-big.dtb'.
Load address: 0x83000000
Loading: *#####
	 2.7 MiB/s
done
Bytes transferred = 67899 (1093b hex)
Tegra124 (Nyan-big) # bootz 0x82000000 - 0x83000000
Kernel image @ 0x82000000 [ 0x000000 - 0x6f3348 ]
## Flattened Device Tree blob at 83000000
   Booting using the fdt blob at 0x83000000
   Using Device Tree in place at 83000000, end 8301393a

Starting kernel ...

[    0.000000] Booting Linux on physical CPU 0x0
[    0.000000] Linux version 4.9.0-rc8-128885-g3e5de27 (pwalmsley@sellafield) (gcc version 4.7.3 20130328 (prerelease) (crosstool-NG linaro-1.13.1-4.7-2013.04-20130415 - Linaro GCC 2013.04) ) #1 SMP Tue Dec 6 04:04:04 PST 2016
[    0.000000] CPU: ARMv7 Processor [413fc0f3] revision 3 (ARMv7), cr=10c5387d
[    0.000000] CPU: div instructions available: patching division code
[    0.000000] CPU: PIPT / VIPT nonaliasing data cache, PIPT instruction cache
[    0.000000] OF: fdt:Machine model: Acer Chromebook 13 CB5-311
[    0.000000] OF: fdt:Ignoring memory range 0x100000000 - 0x17ffff000
[    0.000000] debug: ignoring loglevel setting.
[    0.000000] efi: Getting EFI parameters from FDT:
[    0.000000] efi: UEFI not found.
[    0.000000] cma: Reserved 64 MiB at 0xfb800000
[    0.000000] Memory policy: Data cache writealloc
[    0.000000] On node 0 totalpages: 524287
[    0.000000] free_area_init_node: node 0, pgdat c1427fc0, node_mem_map eeff8000
[    0.000000]   DMA zone: 1536 pages used for memmap
[    0.000000]   DMA zone: 0 pages reserved
[    0.000000]   DMA zone: 196608 pages, LIFO batch:31
[    0.000000]   HighMem zone: 327679 pages, LIFO batch:31
[    0.000000] percpu: Embedded 14 pages/cpu @eef8d000 s26624 r8192 d22528 u57344
[    0.000000] pcpu-alloc: s26624 r8192 d22528 u57344 alloc=14*4096
[    0.000000] pcpu-alloc: [0] 0 [0] 1 [0] 2 [0] 3 
[    0.000000] Built 1 zonelists in Zone order, mobility grouping on.  Total pages: 522751
[    0.000000] Kernel command line: ignore_loglevel console=ttyS0,115200n8 rw root=PARTUUID=4d36e82a-b3c0-4b4b-bfcd-afe5217ac023 rootwait gpt debug noinitrd earlyprintk init=/bin/bash
[    0.000000] PID hash table entries: 4096 (order: 2, 16384 bytes)
[    0.000000] Dentry cache hash table entries: 131072 (order: 7, 524288 bytes)
[    0.000000] Inode-cache hash table entries: 65536 (order: 6, 262144 bytes)
[    0.000000] Memory: 1995984K/2097148K available (9216K kernel code, 1190K rwdata, 4068K rodata, 2048K init, 343K bss, 35628K reserved, 65536K cma-reserved, 1245180K highmem)
[    0.000000] Virtual kernel memory layout:
[    0.000000]     vector  : 0xffff0000 - 0xffff1000   (   4 kB)
[    0.000000]     fixmap  : 0xffc00000 - 0xfff00000   (3072 kB)
[    0.000000]     vmalloc : 0xf0800000 - 0xff800000   ( 240 MB)
[    0.000000]     lowmem  : 0xc0000000 - 0xf0000000   ( 768 MB)
[    0.000000]     pkmap   : 0xbfe00000 - 0xc0000000   (   2 MB)
[    0.000000]     modules : 0xbf000000 - 0xbfe00000   (  14 MB)
[    0.000000]       .text : 0xc0208000 - 0xc0c00000   (10208 kB)
[    0.000000]       .init : 0xc1100000 - 0xc1300000   (2048 kB)
[    0.000000]       .data : 0xc1300000 - 0xc1429aa0   (1191 kB)
[    0.000000]        .bss : 0xc142b000 - 0xc1480fc8   ( 344 kB)
[    0.000000] SLUB: HWalign=64, Order=0-3, MinObjects=0, CPUs=4, Nodes=1
[    0.000000] Hierarchical RCU implementation.
[    0.000000] 	Build-time adjustment of leaf fanout to 32.
[    0.000000] 	RCU restricting CPUs from NR_CPUS=16 to nr_cpu_ids=4.
[    0.000000] RCU: Adjusting geometry for rcu_fanout_leaf=32, nr_cpu_ids=4
[    0.000000] NR_IRQS:16 nr_irqs:16 16
[    0.000000] /interrupt-controller@60004000: 160 interrupts forwarded to /interrupt-controller@50041000
[    0.000000] Tegra clk 127: register failed with -17
[    0.000003] sched_clock: 32 bits at 1000kHz, resolution 1000ns, wraps every 2147483647500ns
[    0.000013] clocksource: timer_us: mask: 0xffffffff max_cycles: 0xffffffff, max_idle_ns: 1911260446275 ns
[    0.000018] Switching to timer-based delay loop, resolution 1000ns
[    0.001857] arm_arch_timer: Architected cp15 timer(s) running at 12.00MHz (virt).
[    0.001863] clocksource: arch_sys_counter: mask: 0xffffffffffffff max_cycles: 0x2c47f4ee7, max_idle_ns: 440795202497 ns
[    0.001870] sched_clock: 56 bits at 12MHz, resolution 83ns, wraps every 4398046511096ns
[    0.001874] Switching to timer-based delay loop, resolution 83ns
[    0.002077] Console: colour dummy device 80x30
[    0.002091] Calibrating delay loop (skipped), value calculated using timer frequency.. 24.00 BogoMIPS (lpj=60000)
[    0.002097] pid_max: default: 32768 minimum: 301
[    0.002135] Mount-cache hash table entries: 2048 (order: 1, 8192 bytes)
[    0.002139] Mountpoint-cache hash table entries: 2048 (order: 1, 8192 bytes)
[    0.002387] CPU: Testing write buffer coherency: ok
[    0.002497] /cpus/cpu@0 missing clock-frequency property
[    0.002512] /cpus/cpu@1 missing clock-frequency property
[    0.002526] /cpus/cpu@2 missing clock-frequency property
[    0.002540] /cpus/cpu@3 missing clock-frequency property
[    0.002545] CPU0: thread -1, cpu 0, socket 0, mpidr 80000000
[    0.002555] Setting up static identity map for 0x80300000 - 0x80300098
[    0.003888] Tegra Revision: A01 SKU: 131 CPU Process: 1 SoC Process: 1
[    0.004124] EFI services will not be available.
[    0.004455] CPU1: thread -1, cpu 1, socket 0, mpidr 80000001
[    0.006981] CPU2: thread -1, cpu 2, socket 0, mpidr 80000002
[    0.011976] CPU3: thread -1, cpu 3, socket 0, mpidr 80000003
[    0.016750] Brought up 4 CPUs
[    0.016757] SMP: Total of 4 processors activated (96.00 BogoMIPS).
[    0.016760] CPU: All CPU(s) started in SVC mode.
[    0.017304] devtmpfs: initialized
[    0.024448] VFP support v0.3: implementor 41 architecture 4 part 30 variant f rev 0
[    0.024654] clocksource: jiffies: mask: 0xffffffff max_cycles: 0xffffffff, max_idle_ns: 9556302231375000 ns
[    0.025175] pinctrl core: initialized pinctrl subsystem
[    0.025881] NET: Registered protocol family 16
[    0.026554] DMA: preallocated 256 KiB pool for atomic coherent allocations
[    0.041789] cpuidle: using governor menu
[    0.051788] No ATAGs?
[    0.051811] hw-breakpoint: found 5 (+1 reserved) breakpoint and 4 watchpoint registers.
[    0.051815] hw-breakpoint: maximum watchpoint size is 8 bytes.
[    0.054488] Serial: AMBA PL011 UART driver
[    0.054837] tegra-mc 70019000.memory-controller: no memory timings for RAM code 0 registered
[    0.073624] +5V_SYS: supplied by +VDD_MUX
[    0.073730] +3.3V_SYS: supplied by +VDD_MUX
[    0.073955] +VDD_LED: Failed to request enable GPIO122: -517
[    0.073961] reg-fixed-voltage regulators:regulator@5: Failed to register regulator: -517
[    0.073991] +5V_VDD_TS_SW: Failed to request enable GPIO81: -517
[    0.073996] reg-fixed-voltage regulators:regulator@6: Failed to register regulator: -517
[    0.074025] +5V_USB_HS: Failed to request enable GPIO108: -517
[    0.074029] reg-fixed-voltage regulators:regulator@7: Failed to register regulator: -517
[    0.074057] +5V_USB_SS: Failed to request enable GPIO109: -517
[    0.074061] reg-fixed-voltage regulators:regulator@8: Failed to register regulator: -517
[    0.074140] +1.05V_RUN_AVDD_HDMI_PLL: Failed to request enable GPIO63: -517
[    0.074144] reg-fixed-voltage regulators:regulator@11: Failed to register regulator: -517
[    0.074172] +5V_HDMI_CON: Failed to request enable GPIO86: -517
[    0.074176] reg-fixed-voltage regulators:regulator@12: Failed to register regulator: -517
[    0.075265] vgaarb: loaded
[    0.075576] SCSI subsystem initialized
[    0.075649] libata version 3.00 loaded.
[    0.075755] usbcore: registered new interface driver usbfs
[    0.075778] usbcore: registered new interface driver hub
[    0.075805] usbcore: registered new device driver usb
[    0.077148] pps_core: LinuxPPS API ver. 1 registered
[    0.077152] pps_core: Software ver. 5.3.6 - Copyright 2005-2007 Rodolfo Giometti <giometti@linux.it>
[    0.077160] PTP clock support registered
[    0.077227] EDAC MC: Ver: 3.0.0
[    0.077672] tegra-emc 7001b000.emc: no memory timings for RAM code 0 found in DT
[    0.077681] tegra-emc: probe of 7001b000.emc failed with error -2
[    0.078166] clocksource: Switched to clocksource arch_sys_counter
[    0.081914] NET: Registered protocol family 2
[    0.082109] TCP established hash table entries: 8192 (order: 3, 32768 bytes)
[    0.082141] TCP bind hash table entries: 8192 (order: 4, 65536 bytes)
[    0.082204] TCP: Hash tables configured (established 8192 bind 8192)
[    0.082224] UDP hash table entries: 512 (order: 2, 16384 bytes)
[    0.082238] UDP-Lite hash table entries: 512 (order: 2, 16384 bytes)
[    0.082300] NET: Registered protocol family 1
[    0.082428] RPC: Registered named UNIX socket transport module.
[    0.082431] RPC: Registered udp transport module.
[    0.082434] RPC: Registered tcp transport module.
[    0.082436] RPC: Registered tcp NFSv4.1 backchannel transport module.
[    0.082441] PCI: CLS 0 bytes, default 64
[    0.082890] hw perfevents: enabled with armv7_cortex_a15 PMU driver, 7 counters available
[    0.083438] futex hash table entries: 1024 (order: 4, 65536 bytes)
[    0.083721] workingset: timestamp_bits=30 max_order=19 bucket_order=0
[    0.087456] squashfs: version 4.0 (2009/01/31) Phillip Lougher
[    0.087763] NFS: Registering the id_resolver key type
[    0.087776] Key type id_resolver registered
[    0.087778] Key type id_legacy registered
[    0.087795] ntfs: driver 2.1.32 [Flags: R/O].
[    0.088251] bounce: pool size: 64 pages
[    0.088322] Block layer SCSI generic (bsg) driver version 0.4 loaded (major 248)
[    0.088326] io scheduler noop registered
[    0.088329] io scheduler deadline registered
[    0.088393] io scheduler cfq registered (default)
[    0.090232] tegra-xusb-padctl 7009f000.padctl: failed to setup XUSB ports: -517
[    0.090407] libphy: mdio_driver_register: phy-bcm-ns2-pci
[    0.100200] tegra-apbdma 60020000.dma: Tegra20 APB DMA driver register 32 channels
[    0.100859] tegra-pmc 7000e400.pmc: i2c-thermtrip node not found, emergency thermal reset disabled.
[    0.122445] Serial: 8250/16550 driver, 4 ports, IRQ sharing disabled
[    0.123627] console [ttyS0] disabled
[    0.123642] 70006000.serial: ttyS0 at MMIO 0x70006000 (irq = 331, base_baud = 25500000) is a Tegra
[    0.997052] console [ttyS0] enabled
[    1.000846] SuperH (H)SCI(F) driver initialized
[    1.005724] msm_serial: driver initialized
[    1.009878] STMicroelectronics ASC driver initialized
[    1.016334] [drm] Initialized
[    1.020431] tegra-hdmi 54280000.hdmi: failed to get HDMI regulator
[    1.026967] tegra-dpaux 545c0000.dpaux: failed to get VDD supply: -517
[    1.034203] panel supply power not found, using dummy regulator
[    1.043945] brd: module loaded
[    1.049134] loop: module loaded
[    1.053183] as3722 4-0040: AS3722 with revision 0x1 found
[    1.063319] as3722-sd2: supplied by +5V_SYS
[    1.067729] as3722-sd3: supplied by +5V_SYS
[    1.072076] +1.35V_LP0(sd3): Bringing 0uV into 1350000-1350000uV
[    1.078258] as3722-sd4: supplied by +5V_SYS
[    1.082592] +1.05V_RUN: Bringing 0uV into 1050000-1050000uV
[    1.088348] as3722-sd5: supplied by +5V_SYS
[    1.093935] as3722-ldo0: supplied by +1.35V_LP0(sd2)
[    1.099676] +1.8V_RUN_CAM: Bringing 0uV into 1800000-1800000uV
[    1.105697] as3722-ldo2: supplied by +1.8V_VDDIO
[    1.111316] as3722-ldo3: supplied by +3.3V_SYS
[    1.115771] +1.00V_LP0_VDD_RTC: Bringing 1100000uV into 1000000-1000000uV
[    1.123354] as3722-ldo4: supplied by +3.3V_SYS
[    1.127943] +3.3V_RUN_CAM: Bringing 0uV into 2800000-2800000uV
[    1.133964] as3722-ldo5: supplied by +1.8V_VDDIO
[    1.138733] +1.2V_RUN_CAM_FRONT: Bringing 0uV into 1200000-1200000uV
[    1.145427] +VDDIO_SDMMC3: Bringing 0uV into 1800000-1800000uV
[    1.151467] as3722-ldo7: supplied by +1.8V_VDDIO
[    1.156237] +1.05V_RUN_CAM_REAR: Bringing 0uV into 1050000-1050000uV
[    1.162794] as3722-ldo9: supplied by +5V_SYS
[    1.167361] +2.8V_RUN_TOUCH: Bringing 0uV into 2800000-2800000uV
[    1.173568] as3722-ldo10: supplied by +5V_SYS
[    1.178074] +2.8V_RUN_CAM_AF: Bringing 0uV into 2800000-2800000uV
[    1.184526] +1.8V_RUN_VPP_FUSE: Bringing 0uV into 1800000-1800000uV
[    1.197446] random: fast init done
[    1.202921] m25p80 spi32765.0: w25q32dw (4096 Kbytes)
[    1.209074] libphy: Fixed MDIO Bus: probed
[    1.213582] CAN device driver interface
[    1.218167] e1000e: Intel(R) PRO/1000 Network Driver - 3.2.6-k
[    1.223988] e1000e: Copyright(c) 1999 - 2015 Intel Corporation.
[    1.229920] igb: Intel(R) Gigabit Ethernet Network Driver - version 5.4.0-k
[    1.236869] igb: Copyright (c) 2007-2014 Intel Corporation.
[    1.243670] pegasus: v0.9.3 (2013/04/25), Pegasus/Pegasus II USB Ethernet driver
[    1.251077] usbcore: registered new interface driver pegasus
[    1.256747] usbcore: registered new interface driver asix
[    1.262151] usbcore: registered new interface driver ax88179_178a
[    1.268250] usbcore: registered new interface driver cdc_ether
[    1.274094] usbcore: registered new interface driver smsc75xx
[    1.279850] usbcore: registered new interface driver smsc95xx
[    1.285600] usbcore: registered new interface driver net1080
[    1.291263] usbcore: registered new interface driver cdc_subset
[    1.297185] usbcore: registered new interface driver zaurus
[    1.302771] usbcore: registered new interface driver cdc_ncm
[    1.309102] ehci_hcd: USB 2.0 'Enhanced' Host Controller (EHCI) Driver
[    1.315619] ehci-pci: EHCI PCI platform driver
[    1.320070] ehci-platform: EHCI generic platform driver
[    1.325361] ehci-orion: EHCI orion driver
[    1.329412] SPEAr-ehci: EHCI SPEAr driver
[    1.333465] ehci-st: EHCI STMicroelectronics driver
[    1.338387] ehci-exynos: EHCI EXYNOS driver
[    1.342611] ehci-atmel: EHCI Atmel driver
[    1.346663] tegra-ehci: Tegra EHCI driver
[    1.350729] ohci_hcd: USB 1.1 'Open' Host Controller (OHCI) Driver
[    1.356903] ohci-pci: OHCI PCI platform driver
[    1.361354] ohci-platform: OHCI generic platform driver
[    1.366627] ohci-omap3: OHCI OMAP3 driver
[    1.370680] SPEAr-ohci: OHCI SPEAr driver
[    1.374733] ohci-st: OHCI STMicroelectronics driver
[    1.379652] ohci-atmel: OHCI Atmel driver
[    1.383918] usbcore: registered new interface driver usb-storage
[    1.390485] mousedev: PS/2 mouse device common for all mice
[    1.396693] 1-0015 supply vcc not found, using dummy regulator
[    1.403796] as3722-rtc as3722-rtc: rtc core: registered as3722-rtc as rtc0
[    1.410661] as3722-rtc as3722-rtc: RTC interrupt 370
[    1.417591] tegra_rtc 7000e000.rtc: rtc core: registered 7000e000.rtc as rtc1
[    1.424734] tegra_rtc 7000e000.rtc: Tegra internal Real Time Clock
[    1.431094] i2c /dev entries driver
[    1.437002] 0-004c supply vcc not found, using dummy regulator
[    1.447039] sdhci: Secure Digital Host Controller Interface driver
[    1.453221] sdhci: Copyright(c) Pierre Ossman
[    1.458118] Synopsys Designware Multimedia Card Interface Driver
[    1.464516] sdhci-pltfm: SDHCI platform and OF driver helper
[    1.470454] sdhci-tegra 700b0000.sdhci: allocated mmc-pwrseq
[    1.476223] sdhci-tegra 700b0400.sdhci: Got CD GPIO
[    1.481103] sdhci-tegra 700b0400.sdhci: Got WP GPIO
[    1.486095] mmc0: Unknown controller version (3). You may experience problems.
[    1.493333] mmc0: Invalid maximum block size, assuming 512 bytes
[    1.543174] mmc0: SDHCI controller on 700b0600.sdhci [700b0600.sdhci] using ADMA
[    1.551264] ledtrig-cpu: registered to indicate activity on CPUs
[    1.557385] usbcore: registered new interface driver usbhid
[    1.559951] input: Elan Touchpad as /devices/soc0/7000c400.i2c/i2c-1/1-0015/input/input0
[    1.571022] usbhid: USB HID core driver
[    1.576106] NET: Registered protocol family 10
[    1.580889] sit: IPv6, IPv4 and MPLS over IPv4 tunneling driver
[    1.587047] NET: Registered protocol family 17
[    1.591489] can: controller area network core (rev 20120528 abi 9)
[    1.597680] NET: Registered protocol family 29
[    1.602115] can: raw protocol (rev 20120528)
[    1.606377] can: broadcast manager protocol (rev 20161123 t)
[    1.612027] can: netlink gateway (rev 20130117) max_hops=1
[    1.617647] Key type dns_resolver registered
[    1.622149] ThumbEE CPU extension supported.
[    1.626415] Registering SWP/SWPB emulation handler
[    1.638838] +3.3V_RUN: supplied by +3.3V_SYS
[    1.643669] +3.3V_AVDD_HDMI_AP_GATED: supplied by +3.3V_RUN
[    1.649381] +1.8V_RUN_CAM: supplied by +3.3V_RUN
[    1.654135] +VDDIO_SDMMC3: supplied by +3.3V_RUN
[    1.658862] +1.8V_RUN_VPP_FUSE: supplied by +3.3V_RUN
[    1.664190] +VDD_LED: supplied by +VDD_MUX
[    1.668641] +5V_VDD_TS_SW: supplied by +5V_SYS
[    1.673344] +5V_USB_HS: supplied by +5V_SYS
[    1.677866] +5V_USB_SS: supplied by +5V_SYS
[    1.682991] +3.3V_PANEL: supplied by +3.3V_RUN
[    1.688440] +3.3V_LP0: supplied by +3.3V_SYS
[    1.693696] +1.05V_RUN_AVDD_HDMI_PLL: supplied by +1.05V_RUN
[    1.695708] mmc0: new high speed MMC card at address 0001
[    1.696560] mmcblk0: mmc0:0001 MMC16G 14.4 GiB 
[    1.697250] mmcblk0boot0: mmc0:0001 MMC16G partition 1 2.00 MiB
[    1.697821] mmcblk0boot1: mmc0:0001 MMC16G partition 2 2.00 MiB
[    1.698505] mmcblk0rpmb: mmc0:0001 MMC16G partition 3 128 KiB
[    1.704187]  mmcblk0: p1 p2 p3 p4 p5 p6 p7 p8 p9 p10 p11 p12
[    1.732979] +5V_HDMI_CON: supplied by +5V_SYS
[    1.738393] usb3-0 supply vbus not found, using dummy regulator
[    1.744427] usb3-1 supply vbus not found, using dummy regulator
[    1.750471] elan_i2c 1-0015: failed to read report data: -121
[    1.759731] tegra-sor 54540000.sor: failed to probe output: -517
[    1.766559] panel supply power not found, using dummy regulator
[    1.773392] sdhci-tegra 700b0000.sdhci: allocated mmc-pwrseq
[    1.779172] mmc1: Unknown controller version (3). You may experience problems.
[    1.786490] mmc1: Invalid maximum block size, assuming 512 bytes
[    1.792838] mmc1: Switching to 3.3V signalling voltage failed
[    1.831930] elan_i2c 1-0015: invalid report id data (ff)
[    1.838219] mmc1: SDHCI controller on 700b0000.sdhci [700b0000.sdhci] using ADMA
[    1.846361] sdhci-tegra 700b0400.sdhci: Got CD GPIO
[    1.851243] sdhci-tegra 700b0400.sdhci: Got WP GPIO
[    1.856208] mmc2: Unknown controller version (3). You may experience problems.
[    1.863459] mmc2: Invalid maximum block size, assuming 512 bytes
[    1.911848] mmc1: new high speed SDIO card at address 0001
[    1.917607] mmc2: SDHCI controller on 700b0400.sdhci [700b0400.sdhci] using ADMA
[    2.023315] [drm] Supports vblank timestamp caching Rev 2 (21.10.2013).
[    2.029934] [drm] No driver support for vblank timestamp query.
[    2.070665] mmc2: new high speed SDHC card at address 0007
[    2.071224] mmcblk2: mmc2:0007 SD08G 7.42 GiB 
[    2.081254] GPT:Primary header alternate_lba != Alt. header my_lba
[    2.081257] GPT:3014591 != 15564799
[    2.081259] GPT:Primary header thinks Alt. header is not at the end of the disk.
[    2.081260] GPT:3014591 != 15564799
[    2.081261] GPT: Use GNU Parted to correct GPT errors.
[    2.081286]  mmcblk2: p1 p2 p3 p4 p5 p6 p7 p8 p9 p10 p11 p12
[    2.091729] Console: switching to colour frame buffer device 170x48
[    2.143089] drm drm: fb0:  frame buffer device
[    2.163247] [drm] Initialized tegra 0.0.0 20120330 on minor 0
[    2.170165] input: gpio-keys as /devices/soc0/gpio-keys/input/input1
[    2.177977] as3722-rtc as3722-rtc: setting system clock to 2000-01-01 00:10:02 UTC (946685402)
[    2.187111] +1.8V_RUN_CAM: disabling
[    2.190913] +3.3V_RUN_CAM: disabling
[    2.194748] +1.2V_RUN_CAM_FRONT: disabling
[    2.199085] +1.05V_RUN_CAM_REAR: disabling
[    2.203445] +2.8V_RUN_TOUCH: disabling
[    2.207352] +2.8V_RUN_CAM_AF: disabling
[    2.211380] +1.8V_RUN_VPP_FUSE: disabling
[    2.215628] +5V_VDD_TS_SW: disabling
[    2.219236] +5V_USB_HS: disabling
[    2.222547] +5V_USB_SS: disabling
[    2.226762] EXT4-fs (mmcblk0p3): couldn't mount as ext3 due to feature incompatibilities
[    2.235414] EXT4-fs (mmcblk0p3): couldn't mount as ext2 due to feature incompatibilities
[    2.672751] EXT4-fs (mmcblk0p3): recovery complete
[    2.678306] EXT4-fs (mmcblk0p3): mounted filesystem with ordered data mode. Opts: (null)
[    2.686440] VFS: Mounted root (ext4 filesystem) on device 179:3.
[    2.693132] devtmpfs: mounted
[    2.696819] Freeing unused kernel memory: 2048K (c1100000 - c1300000)
bash: cannot set terminal process group (-1): Inappropriate ioctl for device
bash: no job control in this shell
root@(none):/# mount -t sysfs none /sys
root@(none):/# 
root@(none):/# mount -t debugfs none /sys/kernel/debug
root@(none):/# 
root@(none):/# rtcwake -d rtc1 -m mem -s 3
rtcwake: assuming RTC uses UTC ...
rtcwake: wakeup from "mem" using /dev/rtc1 at Thu Jan  1 00:00:28 1970
[    5.772203] PM: Syncing filesystems ... done.
[    5.782037] Freezing user space processes ... (elapsed 0.001 seconds) done.
[    5.790226] Freezing remaining freezable tasks ... (elapsed 0.001 seconds) done.
[    5.798870] Suspending console(s) (use no_console_suspend to debug)
[    5.859835] PM: suspend of devices complete after 54.159 msecs
[    5.861003] PM: late suspend of devices complete after 1.159 msecs
[    5.861873] PM: noirq suspend of devices complete after 0.865 msecs
[    5.861874] Disabling non-boot CPUs ...
[    5.862265] CPU1: shutdown
[    5.879459] CPU2: shutdown
[    5.899087] IRQ17 no longer affine to CPU3
[    5.899266] CPU3: shutdown
[    5.923691] Entering suspend state LP1
[    5.923691] Suspended for 3.173 seconds
[    5.923702] Enabling non-boot CPUs ...
[    5.938786] CPU1 is up
[    5.958791] CPU2 is up
[    5.978894] CPU3 is up
[    5.979409] PM: noirq resume of devices complete after 0.510 msecs
[    5.980761] PM: early resume of devices complete after 1.031 msecs
[    6.132449] mmc1: Switching to 3.3V signalling voltage failed
[    6.388153] tegra-sor 54540000.sor: failed to attach SOR: -110
[    6.403585] PM: resume of devices complete after 422.818 msecs
[    6.487250] Restarting tasks ... done.
root@(none):/# 
root@(none):/# rtcwake -d rtc1 -m mem -s 3
rtcwake: assuming RTC uses UTC ...
rtcwake: wakeup from "mem" using /dev/rtc1 at Thu Jan  1 00:00:33 1970
[    7.667965] PM: Syncing filesystems ... done.
[    7.677430] Freezing user space processes ... (elapsed 0.001 seconds) done.
[    7.685622] Freezing remaining freezable tasks ... (elapsed 0.001 seconds) done.
[    7.694265] Suspending console(s) (use no_console_suspend to debug)
[    7.759857] PM: suspend of devices complete after 58.774 msecs
[    7.760987] PM: late suspend of devices complete after 1.121 msecs
[    7.761855] PM: noirq suspend of devices complete after 0.863 msecs
[    7.761856] Disabling non-boot CPUs ...
[    7.762063] IRQ17 no longer affine to CPU1
[    7.762223] CPU1: shutdown
[    7.784221] CPU2: shutdown
[    7.814135] CPU3: shutdown
[    7.838661] Entering suspend state LP1
[    7.838661] Suspended for 3.084 seconds
[    7.838672] Enabling non-boot CPUs ...
[    7.853764] CPU1 is up
[    7.873770] CPU2 is up
[    7.893869] CPU3 is up
[    7.894352] PM: noirq resume of devices complete after 0.479 msecs
[    7.895518] PM: early resume of devices complete after 0.872 msecs
[    8.047390] mmc1: Switching to 3.3V signalling voltage failed
[    8.303115] tegra-sor 54540000.sor: failed to attach SOR: -110
[    8.318391] PM: resume of devices complete after 422.866 msecs
[    8.402072] Restarting tasks ... done.
root@(none):/# 
root@(none):/# rtcwake -d rtc1 -m mem -s 3
rtcwake: assuming RTC uses UTC ...
rtcwake: wakeup from "mem" using /dev/rtc1 at Thu Jan  1 00:00:38 1970
[    9.582903] PM: Syncing filesystems ... done.
[    9.592302] Freezing user space processes ... (elapsed 0.001 seconds) done.
[    9.600494] Freezing remaining freezable tasks ... (elapsed 0.001 seconds) done.
[    9.609136] Suspending console(s) (use no_console_suspend to debug)
[    9.674738] PM: suspend of devices complete after 58.784 msecs
[    9.676121] PM: late suspend of devices complete after 1.373 msecs
[    9.676974] PM: noirq suspend of devices complete after 0.848 msecs
[    9.676975] Disabling non-boot CPUs ...
[    9.677335] CPU1: shutdown
[    9.724164] CPU2: shutdown
[    9.753909] IRQ17 no longer affine to CPU3
[    9.754091] CPU3: shutdown
[    9.778610] Entering suspend state LP1
[    9.778610] Suspended for 3.059 seconds
[    9.778620] Enabling non-boot CPUs ...
[    9.793725] CPU1 is up
[    9.813733] CPU2 is up
[    9.833841] CPU3 is up
[    9.834324] PM: noirq resume of devices complete after 0.478 msecs
[    9.835485] PM: early resume of devices complete after 0.865 msecs
[    9.987326] mmc1: Switching to 3.3V signalling voltage failed
[   10.243177] tegra-sor 54540000.sor: failed to attach SOR: -110
[   10.258498] PM: resume of devices complete after 423.006 msecs
[   10.342152] Restarting tasks ... done.
root@(none):/# 
root@(none):/# rtcwake -d rtc1 -m mem -s 3
rtcwake: assuming RTC uses UTC ...
rtcwake: wakeup from "mem" using /dev/rtc1 at Thu Jan  1 00:00:43 1970
[   11.512567] PM: Syncing filesystems ... done.
[   11.521962] Freezing user space processes ... (elapsed 0.001 seconds) done.
[   11.530046] Freezing remaining freezable tasks ... (elapsed 0.001 seconds) done.
[   11.538692] Suspending console(s) (use no_console_suspend to debug)
[   11.599676] PM: suspend of devices complete after 54.173 msecs
[   11.601017] PM: late suspend of devices complete after 1.333 msecs
[   11.601782] PM: noirq suspend of devices complete after 0.760 msecs
[   11.601783] Disabling non-boot CPUs ...
[   11.602148] CPU1: shutdown
[   11.634147] CPU2: shutdown
[   11.663880] IRQ17 no longer affine to CPU3
[   11.664062] CPU3: shutdown
[   11.688582] Entering suspend state LP1
[   11.688582] Suspended for 3.089 seconds
[   11.688593] Enabling non-boot CPUs ...
[   11.703703] CPU1 is up
[   11.723717] CPU2 is up
[   11.743814] CPU3 is up
[   11.744296] PM: noirq resume of devices complete after 0.477 msecs
[   11.745486] PM: early resume of devices complete after 0.864 msecs
[   11.897237] mmc1: Switching to 3.3V signalling voltage failed
[   12.153152] tegra-sor 54540000.sor: failed to attach SOR: -110
[   12.168276] PM: resume of devices complete after 422.783 msecs
[   12.251947] Restarting tasks ... done.
root@(none):/# 
root@(none):/# rtcwake -d rtc1 -m mem -s 3
rtcwake: assuming RTC uses UTC ...
rtcwake: wakeup from "mem" using /dev/rtc1 at Thu Jan  1 00:00:48 1970
[   13.422024] PM: Syncing filesystems ... done.
[   13.431477] Freezing user space processes ... (elapsed 0.001 seconds) done.
[   13.439657] Freezing remaining freezable tasks ... (elapsed 0.001 seconds) done.
[   13.448309] Suspending console(s) (use no_console_suspend to debug)
[   13.509636] PM: suspend of devices complete after 54.520 msecs
[   13.511001] PM: late suspend of devices complete after 1.356 msecs
[   13.511855] PM: noirq suspend of devices complete after 0.849 msecs
[   13.511857] Disabling non-boot CPUs ...
[   13.512216] CPU1: shutdown
[   13.534122] CPU2: shutdown
[   13.564039] CPU3: shutdown
[   13.588568] Entering suspend state LP1
[   13.588568] Suspended for 3.099 seconds
[   13.588579] Enabling non-boot CPUs ...
[   13.603686] CPU1 is up
[   13.623690] CPU2 is up
[   13.643794] CPU3 is up
[   13.644270] PM: noirq resume of devices complete after 0.472 msecs
[   13.645458] PM: early resume of devices complete after 0.874 msecs
[   13.797222] mmc1: Switching to 3.3V signalling voltage failed
[   14.053038] tegra-sor 54540000.sor: failed to attach SOR: -110
[   14.068221] PM: resume of devices complete after 422.757 msecs
[   14.147707] Restarting tasks ... done.
root@(none):/# 
root@(none):/# rtcwake -d rtc1 -m mem -s 3
rtcwake: assuming RTC uses UTC ...
rtcwake: wakeup from "mem" using /dev/rtc1 at Thu Jan  1 00:00:53 1970
[   15.322519] PM: Syncing filesystems ... done.
[   15.331909] Freezing user space processes ... (elapsed 0.001 seconds) done.
[   15.339994] Freezing remaining freezable tasks ... (elapsed 0.001 seconds) done.
[   15.348641] Suspending console(s) (use no_console_suspend to debug)
[   15.409634] PM: suspend of devices complete after 54.185 msecs
[   15.410999] PM: late suspend of devices complete after 1.355 msecs
[   15.411856] PM: noirq suspend of devices complete after 0.852 msecs
[   15.411857] Disabling non-boot CPUs ...
[   15.412218] CPU1: shutdown
[   15.443912] IRQ17 no longer affine to CPU2
[   15.444097] CPU2: shutdown
[   15.474012] CPU3: shutdown
[   15.498535] Entering suspend state LP1
[   15.498535] Suspended for 3.089 seconds
[   15.498546] Enabling non-boot CPUs ...
[   15.513655] CPU1 is up
[   15.533657] CPU2 is up
[   15.553757] CPU3 is up
[   15.554229] PM: noirq resume of devices complete after 0.466 msecs
[   15.555633] PM: early resume of devices complete after 1.087 msecs
[   15.707106] mmc1: Switching to 3.3V signalling voltage failed
[   15.963105] tegra-sor 54540000.sor: failed to attach SOR: -110
[   15.978083] PM: resume of devices complete after 422.445 msecs
[   16.061856] Restarting tasks ... done.
root@(none):/# 
root@(none):/# rtcwake -d rtc1 -m mem -s 3
rtcwake: assuming RTC uses UTC ...
rtcwake: wakeup from "mem" using /dev/rtc1 at Thu Jan  1 00:00:58 1970
[   17.232062] PM: Syncing filesystems ... done.
[   17.241451] Freezing user space processes ... (elapsed 0.001 seconds) done.
[   17.249535] Freezing remaining freezable tasks ... (elapsed 0.001 seconds) done.
[   17.258181] Suspending console(s) (use no_console_suspend to debug)
[   17.319631] PM: suspend of devices complete after 54.643 msecs
[   17.321009] PM: late suspend of devices complete after 1.369 msecs
[   17.321868] PM: noirq suspend of devices complete after 0.855 msecs
[   17.321870] Disabling non-boot CPUs ...
[   17.322231] CPU1: shutdown
[   17.364067] CPU2: shutdown
[   17.393800] IRQ17 no longer affine to CPU3
[   17.393982] CPU3: shutdown
[   17.418514] Entering suspend state LP1
[   17.418514] Suspended for 3.079 seconds
[   17.418524] Enabling non-boot CPUs ...
[   17.433621] CPU1 is up
[   17.453629] CPU2 is up
[   17.473728] CPU3 is up
[   17.474203] PM: noirq resume of devices complete after 0.471 msecs
[   17.475594] PM: early resume of devices complete after 1.072 msecs
[   17.627921] mmc1: Switching to 3.3V signalling voltage failed
[   17.883069] tegra-sor 54540000.sor: failed to attach SOR: -110
[   17.898941] PM: resume of devices complete after 423.342 msecs
[   17.982611] Restarting tasks ... done.
root@(none):/# 
root@(none):/# rtcwake -d rtc1 -m mem -s 3
rtcwake: assuming RTC uses UTC ...
rtcwake: wakeup from "mem" using /dev/rtc1 at Thu Jan  1 00:01:03 1970
[   19.156947] PM: Syncing filesystems ... done.
[   19.166331] Freezing user space processes ... (elapsed 0.001 seconds) done.
[   19.174416] Freezing remaining freezable tasks ... (elapsed 0.001 seconds) done.
[   19.183054] Suspending console(s) (use no_console_suspend to debug)
[   19.239569] PM: suspend of devices complete after 49.706 msecs
[   19.240909] PM: late suspend of devices complete after 1.332 msecs
[   19.241663] PM: noirq suspend of devices complete after 0.750 msecs
[   19.241665] Disabling non-boot CPUs ...
[   19.242030] CPU1: shutdown
[   19.279038] CPU2: shutdown
[   19.308773] IRQ17 no longer affine to CPU3
[   19.308954] CPU3: shutdown
[   19.333476] Entering suspend state LP1
[   19.333476] Suspended for 3.084 seconds
[   19.333486] Enabling non-boot CPUs ...
[   19.348597] CPU1 is up
[   19.368601] CPU2 is up
[   19.388704] CPU3 is up
[   19.389158] PM: noirq resume of devices complete after 0.449 msecs
[   19.390257] PM: early resume of devices complete after 0.808 msecs
[   19.542218] mmc1: Switching to 3.3V signalling voltage failed
[   19.798016] tegra-sor 54540000.sor: failed to attach SOR: -110
[   19.813208] PM: resume of devices complete after 422.945 msecs
[   19.896894] Restarting tasks ... done.
root@(none):/# 
root@(none):/# rtcwake -d rtc1 -m mem -s 3
rtcwake: assuming RTC uses UTC ...
rtcwake: wakeup from "mem" using /dev/rtc1 at Thu Jan  1 00:01:08 1970
[   21.077431] PM: Syncing filesystems ... done.
[   21.086815] Freezing user space processes ... (elapsed 0.001 seconds) done.
[   21.095012] Freezing remaining freezable tasks ... (elapsed 0.001 seconds) done.
[   21.103652] Suspending console(s) (use no_console_suspend to debug)
[   21.169552] PM: suspend of devices complete after 59.069 msecs
[   21.170957] PM: late suspend of devices complete after 1.397 msecs
[   21.171782] PM: noirq suspend of devices complete after 0.820 msecs
[   21.171784] Disabling non-boot CPUs ...
[   21.172148] CPU1: shutdown
[   21.204012] CPU2: shutdown
[   21.233756] IRQ17 no longer affine to CPU3
[   21.233938] CPU3: shutdown
[   21.258465] Entering suspend state LP1
[   21.258465] Suspended for 3.074 seconds
[   21.258476] Enabling non-boot CPUs ...
[   21.273568] CPU1 is up
[   21.293578] CPU2 is up
[   21.313687] CPU3 is up
[   21.314164] PM: noirq resume of devices complete after 0.472 msecs
[   21.315480] PM: early resume of devices complete after 1.006 msecs
[   21.468151] mmc1: Switching to 3.3V signalling voltage failed
[   21.727941] tegra-sor 54540000.sor: failed to attach SOR: -110
[   21.739299] PM: resume of devices complete after 423.811 msecs
[   21.823173] Restarting tasks ... done.
root@(none):/# 
root@(none):/# rtcwake -d rtc1 -m mem -s 3
rtcwake: assuming RTC uses UTC ...
rtcwake: wakeup from "mem" using /dev/rtc1 at Thu Jan  1 00:01:13 1970
[   22.996885] PM: Syncing filesystems ... done.
[   23.006271] Freezing user space processes ... (elapsed 0.001 seconds) done.
[   23.014356] Freezing remaining freezable tasks ... (elapsed 0.001 seconds) done.
[   23.022999] Suspending console(s) (use no_console_suspend to debug)
[   23.079550] PM: suspend of devices complete after 49.743 msecs
[   23.080971] PM: late suspend of devices complete after 1.414 msecs
[   23.081788] PM: noirq suspend of devices complete after 0.811 msecs
[   23.081789] Disabling non-boot CPUs ...
[   23.082150] CPU1: shutdown
[   23.128995] CPU2: shutdown
[   23.163708] IRQ17 no longer affine to CPU3
[   23.163889] CPU3: shutdown
[   23.188490] Entering suspend state LP1
[   23.188490] Suspended for 3.069 seconds
[   23.188500] Enabling non-boot CPUs ...
[   23.203540] CPU1 is up
[   23.223546] CPU2 is up
[   23.243648] CPU3 is up
[   23.244126] PM: noirq resume of devices complete after 0.473 msecs
[   23.245462] PM: early resume of devices complete after 1.024 msecs
[   23.397198] mmc1: Switching to 3.3V signalling voltage failed
[   23.652974] tegra-sor 54540000.sor: failed to attach SOR: -110
[   23.668184] PM: resume of devices complete after 422.716 msecs
[   23.751851] Restarting tasks ... done.
root@(none):/# 
root@(none):/# NVTB SYSTEM SUSPEND TEST COMPLETE
