

U-Boot 2015.04-00466-gedec83e90172 (Mar 14 2016 - 10:42:01)

TEGRA124
Model: Acer Chromebook 13 CB5-311
DRAM:  4 GiB
:   Tegra SD/MMC: 0, Tegra SD/MMC: 1, Tegra SD/MMC: 2
MMC init failed
Using default environment

In:    serial
Out:   serial
Err:   serial
Net:   Net Initialization Skipped
No ethernet found.
Hit any key to stop autoboot:  2  1  0 
Tegra124 (Nyan-big) # 
Tegra124 (Nyan-big) # usb start
starting USB...
USB0:   USB EHCI 1.10
scanning bus 0 for devices... 2 USB Device(s) found
USB1:   USB EHCI 1.10
scanning bus 1 for devices... 2 USB Device(s) found
       scanning usb for storage devices... 1 Storage Device(s) found
       scanning usb for ethernet devices... 
Warning: asx0 using MAC address from net device
1 Ethernet Device(s) found
Tegra124 (Nyan-big) # mw 0x7000e4a0 0x00080000
Tegra124 (Nyan-big) # setenv bootargs 'ignore_loglevel console=ttyS0,115200n8 rw root=PARTUUID=4d36e82a-b3c0-4b4b-bfcd-afe5217ac023 rootwait gpt debug noinitrd earlyprintk init=/bin/bash'
Tegra124 (Nyan-big) # setenv ipaddr 192.168.100.102; setenv serverip 192.168.100.1; setenv tftpserverip 192.168.100.1
Tegra124 (Nyan-big) # tftpboot 0x82000000 zImage.multi_v7_defconfig
Using asx0 device
TFTP from server 192.168.100.1; our IP address is 192.168.100.102
Filename 'zImage.multi_v7_defconfig'.
Load address: 0x82000000
Loading: *#################################################################
	 #################################################################
	 #################################################################
	 #################################################################
	 #################################################################
	 #################################################################
	 #################################################################
	 #################################################################
	 ###########################
	 3.6 MiB/s
done
Bytes transferred = 8020824 (7a6358 hex)
Tegra124 (Nyan-big) # tftpboot 0x83000000 tegra124-nyan-big.dtb
Using asx0 device
TFTP from server 192.168.100.1; our IP address is 192.168.100.102
Filename 'tegra124-nyan-big.dtb'.
Load address: 0x83000000
Loading: *#####
	 3.4 MiB/s
done
Bytes transferred = 68183 (10a57 hex)
Tegra124 (Nyan-big) # bootz 0x82000000 - 0x83000000
Kernel image @ 0x82000000 [ 0x000000 - 0x7a6358 ]
## Flattened Device Tree blob at 83000000
   Booting using the fdt blob at 0x83000000
   Using Device Tree in place at 83000000, end 83013a56

Starting kernel ...

[    0.000000] Booting Linux on physical CPU 0x0
[    0.000000] Linux version 4.13.0-rc3-185607-g16f73eb (jonathanh@sellafield) (gcc version 4.7.3 20130328 (prerelease) (crosstool-NG linaro-1.13.1-4.7-2013.04-20130415 - Linaro GCC 2013.04)) #1 SMP Sun Jul 30 13:06:26 PDT 2017
[    0.000000] CPU: ARMv7 Processor [413fc0f3] revision 3 (ARMv7), cr=10c5387d
[    0.000000] CPU: div instructions available: patching division code
[    0.000000] CPU: PIPT / VIPT nonaliasing data cache, PIPT instruction cache
[    0.000000] OF: fdt: Machine model: Acer Chromebook 13 CB5-311
[    0.000000] OF: fdt: Ignoring memory range 0x100000000 - 0x17ffff000
[    0.000000] debug: ignoring loglevel setting.
[    0.000000] Memory policy: Data cache writealloc
[    0.000000] efi: Getting EFI parameters from FDT:
[    0.000000] efi: UEFI not found.
[    0.000000] cma: Reserved 64 MiB at 0xfb800000
[    0.000000] On node 0 totalpages: 524287
[    0.000000] free_area_init_node: node 0, pgdat c157f1c0, node_mem_map eeff8000
[    0.000000]   DMA zone: 1536 pages used for memmap
[    0.000000]   DMA zone: 0 pages reserved
[    0.000000]   DMA zone: 196608 pages, LIFO batch:31
[    0.000000]   HighMem zone: 327679 pages, LIFO batch:31
[    0.000000] percpu: Embedded 17 pages/cpu @eef81000 s39488 r8192 d21952 u69632
[    0.000000] pcpu-alloc: s39488 r8192 d21952 u69632 alloc=17*4096
[    0.000000] pcpu-alloc: [0] 0 [0] 1 [0] 2 [0] 3 
[    0.000000] Built 1 zonelists in Zone order, mobility grouping on.  Total pages: 522751
[    0.000000] Kernel command line: ignore_loglevel console=ttyS0,115200n8 rw root=PARTUUID=4d36e82a-b3c0-4b4b-bfcd-afe5217ac023 rootwait gpt debug noinitrd earlyprintk init=/bin/bash
[    0.000000] PID hash table entries: 4096 (order: 2, 16384 bytes)
[    0.000000] Dentry cache hash table entries: 131072 (order: 7, 524288 bytes)
[    0.000000] Inode-cache hash table entries: 65536 (order: 6, 262144 bytes)
[    0.000000] Memory: 1994448K/2097148K available (10240K kernel code, 1563K rwdata, 4452K rodata, 2048K init, 402K bss, 37164K reserved, 65536K cma-reserved, 1245180K highmem)
[    0.000000] Virtual kernel memory layout:
[    0.000000]     vector  : 0xffff0000 - 0xffff1000   (   4 kB)
[    0.000000]     fixmap  : 0xffc00000 - 0xfff00000   (3072 kB)
[    0.000000]     vmalloc : 0xf0800000 - 0xff800000   ( 240 MB)
[    0.000000]     lowmem  : 0xc0000000 - 0xf0000000   ( 768 MB)
[    0.000000]     pkmap   : 0xbfe00000 - 0xc0000000   (   2 MB)
[    0.000000]     modules : 0xbf000000 - 0xbfe00000   (  14 MB)
[    0.000000]       .text : 0xc0208000 - 0xc0d00000   (11232 kB)
[    0.000000]       .init : 0xc1200000 - 0xc1400000   (2048 kB)
[    0.000000]       .data : 0xc1400000 - 0xc1586fa8   (1564 kB)
[    0.000000]        .bss : 0xc158fcb0 - 0xc15f46fc   ( 403 kB)
[    0.000000] SLUB: HWalign=64, Order=0-3, MinObjects=0, CPUs=4, Nodes=1
[    0.000000] Hierarchical RCU implementation.
[    0.000000] 	RCU event tracing is enabled.
[    0.000000] 	RCU restricting CPUs from NR_CPUS=16 to nr_cpu_ids=4.
[    0.000000] RCU: Adjusting geometry for rcu_fanout_leaf=16, nr_cpu_ids=4
[    0.000000] NR_IRQS: 16, nr_irqs: 16, preallocated irqs: 16
[    0.000000] /interrupt-controller@60004000: 160 interrupts forwarded to /interrupt-controller@50041000
[    0.000000] Tegra clk 127: register failed with -17
[    0.000003] sched_clock: 32 bits at 1000kHz, resolution 1000ns, wraps every 2147483647500ns
[    0.000011] clocksource: timer_us: mask: 0xffffffff max_cycles: 0xffffffff, max_idle_ns: 1911260446275 ns
[    0.000017] Switching to timer-based delay loop, resolution 1000ns
[    0.001717] arch_timer: cp15 timer(s) running at 12.00MHz (virt).
[    0.001723] clocksource: arch_sys_counter: mask: 0xffffffffffffff max_cycles: 0x2c47f4ee7, max_idle_ns: 440795202497 ns
[    0.001730] sched_clock: 56 bits at 12MHz, resolution 83ns, wraps every 4398046511096ns
[    0.001734] Switching to timer-based delay loop, resolution 83ns
[    0.001948] Console: colour dummy device 80x30
[    0.001962] Calibrating delay loop (skipped), value calculated using timer frequency.. 24.00 BogoMIPS (lpj=120000)
[    0.001969] pid_max: default: 32768 minimum: 301
[    0.002005] Mount-cache hash table entries: 2048 (order: 1, 8192 bytes)
[    0.002010] Mountpoint-cache hash table entries: 2048 (order: 1, 8192 bytes)
[    0.002200] CPU: Testing write buffer coherency: ok
[    0.002321] /cpus/cpu@0 missing clock-frequency property
[    0.002336] /cpus/cpu@1 missing clock-frequency property
[    0.002351] /cpus/cpu@2 missing clock-frequency property
[    0.002366] /cpus/cpu@3 missing clock-frequency property
[    0.002371] CPU0: thread -1, cpu 0, socket 0, mpidr 80000000
[    0.002488] Setting up static identity map for 0x80300000 - 0x803000a0
[    0.003193] Hierarchical SRCU implementation.
[    0.003865] Tegra Revision: A01 SKU: 131 CPU Process: 1 SoC Process: 1
[    0.004133] EFI services will not be available.
[    0.004191] smp: Bringing up secondary CPUs ...
[    0.004472] CPU1: thread -1, cpu 1, socket 0, mpidr 80000001
[    0.011973] CPU2: thread -1, cpu 2, socket 0, mpidr 80000002
[    0.021990] CPU3: thread -1, cpu 3, socket 0, mpidr 80000003
[    0.031712] smp: Brought up 1 node, 4 CPUs
[    0.031720] SMP: Total of 4 processors activated (96.00 BogoMIPS).
[    0.031723] CPU: All CPU(s) started in SVC mode.
[    0.032268] devtmpfs: initialized
[    0.037929] VFP support v0.3: implementor 41 architecture 4 part 30 variant f rev 0
[    0.038121] clocksource: jiffies: mask: 0xffffffff max_cycles: 0xffffffff, max_idle_ns: 19112604462750000 ns
[    0.038129] futex hash table entries: 1024 (order: 4, 65536 bytes)
[    0.038695] pinctrl core: initialized pinctrl subsystem
[    0.039341] DMI not present or invalid.
[    0.039423] random: get_random_u32 called from bucket_table_alloc+0xe8/0x254 with crng_init=0
[    0.039458] NET: Registered protocol family 16
[    0.040209] DMA: preallocated 256 KiB pool for atomic coherent allocations
[    0.041141] cpuidle: using governor menu
[    0.050086] No ATAGs?
[    0.050140] hw-breakpoint: found 5 (+1 reserved) breakpoint and 4 watchpoint registers.
[    0.050146] hw-breakpoint: maximum watchpoint size is 8 bytes.
[    0.052961] Serial: AMBA PL011 UART driver
[    0.053324] tegra-mc 70019000.memory-controller: no memory timings for RAM code 0 registered
[    0.058873] AT91: Could not find identification node
[    0.059086] +5V_SYS: supplied by +VDD_MUX
[    0.059186] +3.3V_SYS: supplied by +VDD_MUX
[    0.059405] +VDD_LED: Failed to request enable GPIO122: -517
[    0.059410] reg-fixed-voltage regulators:regulator@5: Failed to register regulator: -517
[    0.059446] +5V_VDD_TS_SW: Failed to request enable GPIO81: -517
[    0.059451] reg-fixed-voltage regulators:regulator@6: Failed to register regulator: -517
[    0.059485] +5V_USB_HS: Failed to request enable GPIO108: -517
[    0.059489] reg-fixed-voltage regulators:regulator@7: Failed to register regulator: -517
[    0.059523] +5V_USB_SS: Failed to request enable GPIO109: -517
[    0.059528] reg-fixed-voltage regulators:regulator@8: Failed to register regulator: -517
[    0.059621] +1.05V_RUN_AVDD_HDMI_PLL: Failed to request enable GPIO63: -517
[    0.059625] reg-fixed-voltage regulators:regulator@11: Failed to register regulator: -517
[    0.059659] +5V_HDMI_CON: Failed to request enable GPIO86: -517
[    0.059663] reg-fixed-voltage regulators:regulator@12: Failed to register regulator: -517
[    0.060674] vgaarb: loaded
[    0.060952] SCSI subsystem initialized
[    0.061023] libata version 3.00 loaded.
[    0.061110] usbcore: registered new interface driver usbfs
[    0.061132] usbcore: registered new interface driver hub
[    0.061159] usbcore: registered new device driver usb
[    0.062491] pps_core: LinuxPPS API ver. 1 registered
[    0.062495] pps_core: Software ver. 5.3.6 - Copyright 2005-2007 Rodolfo Giometti <giometti@linux.it>
[    0.062503] PTP clock support registered
[    0.062568] EDAC MC: Ver: 3.0.0
[    0.062694] dmi: Firmware registration failed.
[    0.062997] tegra-emc 7001b000.emc: no memory timings for RAM code 0 found in DT
[    0.063007] tegra-emc: probe of 7001b000.emc failed with error -2
[    0.063449] clocksource: Switched to clocksource arch_sys_counter
[    0.082979] NET: Registered protocol family 2
[    0.083175] TCP established hash table entries: 8192 (order: 3, 32768 bytes)
[    0.083208] TCP bind hash table entries: 8192 (order: 4, 65536 bytes)
[    0.083271] TCP: Hash tables configured (established 8192 bind 8192)
[    0.083304] UDP hash table entries: 512 (order: 2, 16384 bytes)
[    0.083318] UDP-Lite hash table entries: 512 (order: 2, 16384 bytes)
[    0.083375] NET: Registered protocol family 1
[    0.083558] RPC: Registered named UNIX socket transport module.
[    0.083562] RPC: Registered udp transport module.
[    0.083565] RPC: Registered tcp transport module.
[    0.083568] RPC: Registered tcp NFSv4.1 backchannel transport module.
[    0.083573] PCI: CLS 0 bytes, default 64
[    0.084124] hw perfevents: enabled with armv7_cortex_a15 PMU driver, 7 counters available
[    0.084792] workingset: timestamp_bits=30 max_order=19 bucket_order=0
[    0.087597] squashfs: version 4.0 (2009/01/31) Phillip Lougher
[    0.087860] NFS: Registering the id_resolver key type
[    0.087873] Key type id_resolver registered
[    0.087876] Key type id_legacy registered
[    0.087895] ntfs: driver 2.1.32 [Flags: R/O].
[    0.088152] random: fast init done
[    0.088503] bounce: pool size: 64 pages
[    0.088521] Block layer SCSI generic (bsg) driver version 0.4 loaded (major 248)
[    0.088525] io scheduler noop registered
[    0.088528] io scheduler deadline registered
[    0.088584] io scheduler cfq registered (default)
[    0.088588] io scheduler mq-deadline registered
[    0.088591] io scheduler kyber registered
[    0.089815] tegra-xusb-padctl 7009f000.padctl: failed to setup XUSB ports: -517
[    0.100477] tegra-apbdma 60020000.dma: Tegra20 APB DMA driver register 32 channels
[    0.101359] tegra-pmc 7000e400.pmc: i2c-thermtrip node not found, emergency thermal reset disabled.
[    0.120388] Serial: 8250/16550 driver, 4 ports, IRQ sharing disabled
[    0.121457] console [ttyS0] disabled
[    0.121475] 70006000.serial: ttyS0 at MMIO 0x70006000 (irq = 333, base_baud = 25500000) is a Tegra
[    1.032804] console [ttyS0] enabled
[    1.036580] SuperH (H)SCI(F) driver initialized
[    1.041461] msm_serial: driver initialized
[    1.045615] STMicroelectronics ASC driver initialized
[    1.052883] tegra-hdmi 54280000.hdmi: failed to get HDMI regulator
[    1.059425] tegra-dpaux 545c0000.dpaux: failed to get VDD supply: -517
[    1.066898] panel-simple panel: panel supply power not found, using dummy regulator
[    1.077595] brd: module loaded
[    1.083074] loop: module loaded
[    1.087170] as3722 4-0040: AS3722 with revision 0x1 found
[    1.097215] as3722-sd2: supplied by +5V_SYS
[    1.101622] as3722-sd3: supplied by +5V_SYS
[    1.105958] +1.35V_LP0(sd3): Bringing 0uV into 1350000-1350000uV
[    1.112123] as3722-sd4: supplied by +5V_SYS
[    1.116501] +1.05V_RUN: Bringing 0uV into 1050000-1050000uV
[    1.122245] as3722-sd5: supplied by +5V_SYS
[    1.127821] as3722-ldo0: supplied by +1.35V_LP0(sd2)
[    1.133548] +1.8V_RUN_CAM: Bringing 0uV into 1800000-1800000uV
[    1.139552] as3722-ldo2: supplied by +1.8V_VDDIO
[    1.145169] as3722-ldo3: supplied by +3.3V_SYS
[    1.149616] +1.00V_LP0_VDD_RTC: Bringing 1100000uV into 1000000-1000000uV
[    1.157190] as3722-ldo4: supplied by +3.3V_SYS
[    1.161779] +3.3V_RUN_CAM: Bringing 0uV into 2800000-2800000uV
[    1.167786] as3722-ldo5: supplied by +1.8V_VDDIO
[    1.172549] +1.2V_RUN_CAM_FRONT: Bringing 0uV into 1200000-1200000uV
[    1.179225] +VDDIO_SDMMC3: Bringing 0uV into 1800000-1800000uV
[    1.185250] as3722-ldo7: supplied by +1.8V_VDDIO
[    1.190019] +1.05V_RUN_CAM_REAR: Bringing 0uV into 1050000-1050000uV
[    1.196558] as3722-ldo9: supplied by +5V_SYS
[    1.201117] +2.8V_RUN_TOUCH: Bringing 0uV into 2800000-2800000uV
[    1.207318] as3722-ldo10: supplied by +5V_SYS
[    1.211820] +2.8V_RUN_CAM_AF: Bringing 0uV into 2800000-2800000uV
[    1.218257] +1.8V_RUN_VPP_FUSE: Bringing 0uV into 1800000-1800000uV
[    1.236764] m25p80 spi32765.0: w25q32dw (4096 Kbytes)
[    1.242824] libphy: Fixed MDIO Bus: probed
[    1.247314] CAN device driver interface
[    1.251449] bgmac_bcma: Broadcom 47xx GBit MAC driver loaded
[    1.257563] e1000e: Intel(R) PRO/1000 Network Driver - 3.2.6-k
[    1.263379] e1000e: Copyright(c) 1999 - 2015 Intel Corporation.
[    1.269308] igb: Intel(R) Gigabit Ethernet Network Driver - version 5.4.0-k
[    1.276257] igb: Copyright (c) 2007-2014 Intel Corporation.
[    1.283112] pegasus: v0.9.3 (2013/04/25), Pegasus/Pegasus II USB Ethernet driver
[    1.290516] usbcore: registered new interface driver pegasus
[    1.296183] usbcore: registered new interface driver asix
[    1.301578] usbcore: registered new interface driver ax88179_178a
[    1.307675] usbcore: registered new interface driver cdc_ether
[    1.313513] usbcore: registered new interface driver smsc75xx
[    1.319258] usbcore: registered new interface driver smsc95xx
[    1.325005] usbcore: registered new interface driver net1080
[    1.330659] usbcore: registered new interface driver cdc_subset
[    1.336578] usbcore: registered new interface driver zaurus
[    1.342156] usbcore: registered new interface driver cdc_ncm
[    1.348477] ehci_hcd: USB 2.0 'Enhanced' Host Controller (EHCI) Driver
[    1.354998] ehci-pci: EHCI PCI platform driver
[    1.359445] ehci-platform: EHCI generic platform driver
[    1.364731] ehci-orion: EHCI orion driver
[    1.368782] SPEAr-ehci: EHCI SPEAr driver
[    1.372826] ehci-st: EHCI STMicroelectronics driver
[    1.377742] ehci-exynos: EHCI EXYNOS driver
[    1.381966] ehci-atmel: EHCI Atmel driver
[    1.386015] tegra-ehci: Tegra EHCI driver
[    1.390075] ohci_hcd: USB 1.1 'Open' Host Controller (OHCI) Driver
[    1.396247] ohci-pci: OHCI PCI platform driver
[    1.400691] ohci-platform: OHCI generic platform driver
[    1.405972] SPEAr-ohci: OHCI SPEAr driver
[    1.410016] ohci-st: OHCI STMicroelectronics driver
[    1.414934] ohci-atmel: OHCI Atmel driver
[    1.419190] usbcore: registered new interface driver usb-storage
[    1.426330] elan_i2c 1-0015: 1-0015 supply vcc not found, using dummy regulator
[    1.434997] as3722-rtc as3722-rtc: rtc core: registered as3722-rtc as rtc0
[    1.441857] as3722-rtc as3722-rtc: RTC interrupt 372
[    1.448824] tegra_rtc 7000e000.rtc: rtc core: registered 7000e000.rtc as rtc1
[    1.455963] tegra_rtc 7000e000.rtc: Tegra internal Real Time Clock
[    1.462311] i2c /dev entries driver
[    1.468245] lm90 0-004c: 0-004c supply vcc not found, using dummy regulator
[    1.479677] sdhci: Secure Digital Host Controller Interface driver
[    1.485858] sdhci: Copyright(c) Pierre Ossman
[    1.490735] Synopsys Designware Multimedia Card Interface Driver
[    1.497181] sdhci-pltfm: SDHCI platform and OF driver helper
[    1.503111] sdhci-tegra 700b0000.sdhci: allocated mmc-pwrseq
[    1.516912] sdhci-tegra 700b0400.sdhci: Got CD GPIO
[    1.521782] sdhci-tegra 700b0400.sdhci: Got WP GPIO
[    1.541570] mmc0: Unknown controller version (3). You may experience problems.
[    1.548811] mmc0: Invalid maximum block size, assuming 512 bytes
[    1.604394] elan_i2c 1-0015: Elan Touchpad: Module ID: 0x002a, Firmware: 0x0005, Sample: 0x0007, IAP: 0x0009
[    1.613463] mmc0: SDHCI controller on 700b0600.sdhci [700b0600.sdhci] using ADMA
[    1.621727] ledtrig-cpu: registered to indicate activity on CPUs
[    1.621836] input: Elan Touchpad as /devices/soc0/7000c400.i2c/i2c-1/1-0015/input/input0
[    1.635910] usbcore: registered new interface driver usbhid
[    1.641466] usbhid: USB HID core driver
[    1.646726] NET: Registered protocol family 10
[    1.652513] Segment Routing with IPv6
[    1.656195] sit: IPv6, IPv4 and MPLS over IPv4 tunneling driver
[    1.662316] NET: Registered protocol family 17
[    1.666755] can: controller area network core (rev 20170425 abi 9)
[    1.672938] NET: Registered protocol family 29
[    1.677374] can: raw protocol (rev 20170425)
[    1.681630] can: broadcast manager protocol (rev 20170425 t)
[    1.687280] can: netlink gateway (rev 20170425) max_hops=1
[    1.692877] Key type dns_resolver registered
[    1.697372] ThumbEE CPU extension supported.
[    1.701631] Registering SWP/SWPB emulation handler
[    1.713677] +3.3V_RUN: supplied by +3.3V_SYS
[    1.718782] +VDD_LED: supplied by +VDD_MUX
[    1.722981] +3.3V_AVDD_HDMI_AP_GATED: supplied by +3.3V_RUN
[    1.728682] +1.8V_RUN_CAM: supplied by +3.3V_RUN
[    1.733376] +VDDIO_SDMMC3: supplied by +3.3V_RUN
[    1.738053] +1.8V_RUN_VPP_FUSE: supplied by +3.3V_RUN
[    1.743367] +5V_VDD_TS_SW: supplied by +5V_SYS
[    1.748183] +5V_USB_HS: supplied by +5V_SYS
[    1.752583] +5V_USB_SS: supplied by +5V_SYS
[    1.757909] +3.3V_PANEL: supplied by +3.3V_RUN
[    1.763368] +3.3V_LP0: supplied by +3.3V_SYS
[    1.768668] +1.05V_RUN_AVDD_HDMI_PLL: supplied by +1.05V_RUN
[    1.768746] elan_i2c 1-0015: failed to read report data: -121
[    1.780436] +5V_HDMI_CON: supplied by +5V_SYS
[    1.785586]  usb3-0: usb3-0 supply vbus not found, using dummy regulator
[    1.792313]  usb3-1: usb3-1 supply vbus not found, using dummy regulator
[    1.805843] tegra-sor 54540000.sor: failed to probe output: -517
[    1.812383] panel-simple panel: panel supply power not found, using dummy regulator
[    1.821122] sdhci-tegra 700b0000.sdhci: allocated mmc-pwrseq
[    1.833594] mmc1: Unknown controller version (3). You may experience problems.
[    1.840836] mmc1: Invalid maximum block size, assuming 512 bytes
[    1.847352] mmc1: Switching to 3.3V signalling voltage failed
[    1.859322] mmc0: new high speed MMC card at address 0001
[    1.865011] mmcblk0: mmc0:0001 MMC16G 14.4 GiB 
[    1.869672] mmcblk0boot0: mmc0:0001 MMC16G partition 1 2.00 MiB
[    1.875926] mmcblk0boot1: mmc0:0001 MMC16G partition 2 2.00 MiB
[    1.882075] mmcblk0rpmb: mmc0:0001 MMC16G partition 3 128 KiB
[    1.892554]  mmcblk0: p1 p2 p3 p4 p5 p6 p7 p8 p9 p10 p11 p12
[    1.903503] mmc1: SDHCI controller on 700b0000.sdhci [700b0000.sdhci] using ADMA
[    1.906895] elan_i2c 1-0015: invalid report id data (ff)
[    1.916968] sdhci-tegra 700b0400.sdhci: Got CD GPIO
[    1.921839] sdhci-tegra 700b0400.sdhci: Got WP GPIO
[    1.933620] mmc2: Unknown controller version (3). You may experience problems.
[    1.940916] mmc2: Invalid maximum block size, assuming 512 bytes
[    1.977414] mmc1: new high speed SDIO card at address 0001
[    2.003562] mmc2: SDHCI controller on 700b0400.sdhci [700b0400.sdhci] using ADMA
[    2.107920] [drm] Supports vblank timestamp caching Rev 2 (21.10.2013).
[    2.114540] [drm] No driver support for vblank timestamp query.
[    2.164912] mmc2: new high speed SDHC card at address 0007
[    2.165161] mmcblk2: mmc2:0007 SD08G 7.42 GiB 
[    2.175658] GPT:Primary header alternate_lba != Alt. header my_lba
[    2.175663] GPT:3014591 != 15564799
[    2.175664] GPT:Primary header thinks Alt. header is not at the end of the disk.
[    2.175665] GPT:3014591 != 15564799
[    2.175667] GPT: Use GNU Parted to correct GPT errors.
[    2.175696]  mmcblk2: p1 p2 p3 p4 p5 p6 p7 p8 p9 p10 p11 p12
[    2.203289] Console: switching to colour frame buffer device 170x48
[    2.267484] drm drm: fb0:  frame buffer device
[    2.271968] [drm] Initialized tegra 0.0.0 20120330 for drm on minor 0
[    2.279424] input: gpio-keys as /devices/soc0/gpio-keys/input/input1
[    2.287060] as3722-rtc as3722-rtc: setting system clock to 2000-01-01 00:00:24 UTC (946684824)
[    2.296066] +1.8V_RUN_CAM: disabling
[    2.299799] +3.3V_RUN_CAM: disabling
[    2.303526] +1.2V_RUN_CAM_FRONT: disabling
[    2.307821] +1.05V_RUN_CAM_REAR: disabling
[    2.312073] +2.8V_RUN_TOUCH: disabling
[    2.316095] +2.8V_RUN_CAM_AF: disabling
[    2.320088] +1.8V_RUN_VPP_FUSE: disabling
[    2.324373] +5V_VDD_TS_SW: disabling
[    2.327947] +5V_USB_HS: disabling
[    2.331251] +5V_USB_SS: disabling
[    2.335533] EXT4-fs (mmcblk0p3): couldn't mount as ext3 due to feature incompatibilities
[    2.344289] EXT4-fs (mmcblk0p3): couldn't mount as ext2 due to feature incompatibilities
[    2.551845] EXT4-fs (mmcblk0p3): recovery complete
[    2.557384] EXT4-fs (mmcblk0p3): mounted filesystem with ordered data mode. Opts: (null)
[    2.565516] VFS: Mounted root (ext4 filesystem) on device 179:3.
[    2.572225] devtmpfs: mounted
[    2.575911] Freeing unused kernel memory: 2048K
bash: cannot set terminal process group (-1): Inappropriate ioctl for device
bash: no job control in this shell
root@(none):/# mount -t sysfs none /sys
root@(none):/# 
root@(none):/# mount -t debugfs none /sys/kernel/debug
root@(none):/# 
root@(none):/# rtcwake -d rtc1 -m mem -s 3
rtcwake: assuming RTC uses UTC ...
rtcwake: wakeup from "mem" using /dev/rtc1 at Thu Jan  1 00:00:29 1970
[    5.855957] PM: Syncing filesystems ... done.
[    5.869638] Freezing user space processes ... (elapsed 0.001 seconds) done.
[    5.877784] OOM killer disabled.
[    5.881004] Freezing remaining freezable tasks ... (elapsed 0.001 seconds) done.
[    5.889597] Suspending console(s) (use no_console_suspend to debug)
[    5.935019] Disabling non-boot CPUs ...
[    6.104127] Entering suspend state LP1
[    6.104127] Suspended for 3.161 seconds
[    6.104138] Enabling non-boot CPUs ...
[    6.104522] CPU1 is up
[    6.104826] CPU2 is up
[    6.105132] CPU3 is up
[    6.263867] mmc1: Switching to 3.3V signalling voltage failed
[    6.523441] tegra-sor 54540000.sor: failed to attach SOR: -110
[    6.586567] OOM killer enabled.
[    6.589696] Restarting tasks ... done.
root@(none):/# 
root@(none):/# rtcwake -d rtc1 -m mem -s 3
rtcwake: assuming RTC uses UTC ...
rtcwake: wakeup from "mem" using /dev/rtc1 at Thu Jan  1 00:00:34 1970
[    7.772113] PM: Syncing filesystems ... done.
[    7.784873] Freezing user space processes ... (elapsed 0.001 seconds) done.
[    7.792978] OOM killer disabled.
[    7.796234] Freezing remaining freezable tasks ... (elapsed 0.001 seconds) done.
[    7.804808] Suspending console(s) (use no_console_suspend to debug)
[    7.849785] Disabling non-boot CPUs ...
[    7.993598] IRQ17 no longer affine to CPU2
[    8.044023] Entering suspend state LP1
[    8.044023] Suspended for 3.059 seconds
[    8.044034] Enabling non-boot CPUs ...
[    8.044385] CPU1 is up
[    8.044686] CPU2 is up
[    8.044989] CPU3 is up
[    8.203755] mmc1: Switching to 3.3V signalling voltage failed
[    8.463462] tegra-sor 54540000.sor: failed to attach SOR: -110
[    8.530414] OOM killer enabled.
[    8.533549] Restarting tasks ... done.
root@(none):/# 
root@(none):/# rtcwake -d rtc1 -m mem -s 3
rtcwake: assuming RTC uses UTC ...
rtcwake: wakeup from "mem" using /dev/rtc1 at Thu Jan  1 00:00:39 1970
[    9.712575] PM: Syncing filesystems ... done.
[    9.724843] Freezing user space processes ... (elapsed 0.001 seconds) done.
[    9.732880] OOM killer disabled.
[    9.736103] Freezing remaining freezable tasks ... (elapsed 0.001 seconds) done.
[    9.744672] Suspending console(s) (use no_console_suspend to debug)
[    9.789573] Disabling non-boot CPUs ...
[    9.943991] Entering suspend state LP1
[    9.943991] Suspended for 3.099 seconds
[    9.944001] Enabling non-boot CPUs ...
[    9.944353] CPU1 is up
[    9.944655] CPU2 is up
[    9.944951] CPU3 is up
[   10.103753] mmc1: Switching to 3.3V signalling voltage failed
[   10.363436] tegra-sor 54540000.sor: failed to attach SOR: -110
[   10.426367] OOM killer enabled.
[   10.429497] Restarting tasks ... done.
root@(none):/# 
root@(none):/# rtcwake -d rtc1 -m mem -s 3
rtcwake: assuming RTC uses UTC ...
rtcwake: wakeup from "mem" using /dev/rtc1 at Thu Jan  1 00:00:44 1970
[   11.612018] PM: Syncing filesystems ... done.
[   11.624840] Freezing user space processes ... (elapsed 0.001 seconds) done.
[   11.632878] OOM killer disabled.
[   11.636101] Freezing remaining freezable tasks ... (elapsed 0.001 seconds) done.
[   11.644675] Suspending console(s) (use no_console_suspend to debug)
[   11.689604] Disabling non-boot CPUs ...
[   11.843960] Entering suspend state LP1
[   11.843960] Suspended for 3.099 seconds
[   11.843971] Enabling non-boot CPUs ...
[   11.844324] CPU1 is up
[   11.844624] CPU2 is up
[   11.844923] CPU3 is up
[   12.003930] mmc1: Switching to 3.3V signalling voltage failed
[   12.263405] tegra-sor 54540000.sor: failed to attach SOR: -110
[   12.326528] OOM killer enabled.
[   12.329657] Restarting tasks ... done.
root@(none):/# 
root@(none):/# rtcwake -d rtc1 -m mem -s 3
rtcwake: assuming RTC uses UTC ...
rtcwake: wakeup from "mem" using /dev/rtc1 at Thu Jan  1 00:00:49 1970
[   13.513103] PM: Syncing filesystems ... done.
[   13.525042] Freezing user space processes ... (elapsed 0.001 seconds) done.
[   13.533079] OOM killer disabled.
[   13.536301] Freezing remaining freezable tasks ... (elapsed 0.001 seconds) done.
[   13.544872] Suspending console(s) (use no_console_suspend to debug)
[   13.590940] Disabling non-boot CPUs ...
[   13.693515] IRQ17 no longer affine to CPU2
[   13.733926] Entering suspend state LP1
[   13.733926] Suspended for 3.109 seconds
[   13.733937] Enabling non-boot CPUs ...
[   13.734291] CPU1 is up
[   13.734593] CPU2 is up
[   13.734897] CPU3 is up
[   13.893822] mmc1: Switching to 3.3V signalling voltage failed
[   14.153382] tegra-sor 54540000.sor: failed to attach SOR: -110
[   14.220541] OOM killer enabled.
[   14.223677] Restarting tasks ... done.
root@(none):/# 
root@(none):/# rtcwake -d rtc1 -m mem -s 3
rtcwake: assuming RTC uses UTC ...
rtcwake: wakeup from "mem" using /dev/rtc1 at Thu Jan  1 00:00:54 1970
[   15.403077] PM: Syncing filesystems ... done.
[   15.414974] Freezing user space processes ... (elapsed 0.001 seconds) done.
[   15.423073] OOM killer disabled.
[   15.426319] Freezing remaining freezable tasks ... (elapsed 0.001 seconds) done.
[   15.434948] Suspending console(s) (use no_console_suspend to debug)
[   15.480886] Disabling non-boot CPUs ...
[   15.643458] IRQ17 no longer affine to CPU3
[   15.643914] Entering suspend state LP1
[   15.643914] Suspended for 3.089 seconds
[   15.643924] Enabling non-boot CPUs ...
[   15.644277] CPU1 is up
[   15.644575] CPU2 is up
[   15.644878] CPU3 is up
[   15.803610] mmc1: Switching to 3.3V signalling voltage failed
[   16.063352] tegra-sor 54540000.sor: failed to attach SOR: -110
[   16.130363] OOM killer enabled.
[   16.133499] Restarting tasks ... done.
root@(none):/# 
root@(none):/# rtcwake -d rtc1 -m mem -s 3
rtcwake: assuming RTC uses UTC ...
rtcwake: wakeup from "mem" using /dev/rtc1 at Thu Jan  1 00:00:59 1970
[   17.313047] PM: Syncing filesystems ... done.
[   17.324721] Freezing user space processes ... (elapsed 0.001 seconds) done.
[   17.332824] OOM killer disabled.
[   17.336070] Freezing remaining freezable tasks ... (elapsed 0.001 seconds) done.
[   17.344697] Suspending console(s) (use no_console_suspend to debug)
[   17.389516] Disabling non-boot CPUs ...
[   17.523461] IRQ17 no longer affine to CPU2
[   17.563881] Entering suspend state LP1
[   17.563881] Suspended for 3.079 seconds
[   17.563891] Enabling non-boot CPUs ...
[   17.564245] CPU1 is up
[   17.564553] CPU2 is up
[   17.564854] CPU3 is up
[   17.723649] mmc1: Switching to 3.3V signalling voltage failed
[   17.983360] tegra-sor 54540000.sor: failed to attach SOR: -110
[   18.050339] OOM killer enabled.
[   18.053475] Restarting tasks ... done.
root@(none):/# 
root@(none):/# rtcwake -d rtc1 -m mem -s 3
rtcwake: assuming RTC uses UTC ...
rtcwake: wakeup from "mem" using /dev/rtc1 at Thu Jan  1 00:01:04 1970
[   19.233024] PM: Syncing filesystems ... done.
[   19.244768] Freezing user space processes ... (elapsed 0.001 seconds) done.
[   19.252877] OOM killer disabled.
[   19.256122] Freezing remaining freezable tasks ... (elapsed 0.001 seconds) done.
[   19.264748] Suspending console(s) (use no_console_suspend to debug)
[   19.310589] Disabling non-boot CPUs ...
[   19.463431] IRQ17 no longer affine to CPU2
[   19.503853] Entering suspend state LP1
[   19.503853] Suspended for 3.059 seconds
[   19.503864] Enabling non-boot CPUs ...
[   19.504217] CPU1 is up
[   19.504519] CPU2 is up
[   19.504818] CPU3 is up
[   19.663614] mmc1: Switching to 3.3V signalling voltage failed
[   19.923268] tegra-sor 54540000.sor: failed to attach SOR: -110
[   19.990298] OOM killer enabled.
[   19.993434] Restarting tasks ... done.
root@(none):/# 
root@(none):/# rtcwake -d rtc1 -m mem -s 3
rtcwake: assuming RTC uses UTC ...
rtcwake: wakeup from "mem" using /dev/rtc1 at Thu Jan  1 00:01:09 1970
[   21.173389] PM: Syncing filesystems ... done.
[   21.184747] Freezing user space processes ... (elapsed 0.001 seconds) done.
[   21.192865] OOM killer disabled.
[   21.196110] Freezing remaining freezable tasks ... (elapsed 0.001 seconds) done.
[   21.204738] Suspending console(s) (use no_console_suspend to debug)
[   21.249377] Disabling non-boot CPUs ...
[   21.343401] IRQ17 no longer affine to CPU2
[   21.383817] Entering suspend state LP1
[   21.383817] Suspended for 3.119 seconds
[   21.383828] Enabling non-boot CPUs ...
[   21.384181] CPU1 is up
[   21.384482] CPU2 is up
[   21.384781] CPU3 is up
[   21.543513] mmc1: Switching to 3.3V signalling voltage failed
[   21.803300] tegra-sor 54540000.sor: failed to attach SOR: -110
[   21.870190] OOM killer enabled.
[   21.873329] Restarting tasks ... done.
root@(none):/# 
root@(none):/# rtcwake -d rtc1 -m mem -s 3
rtcwake: assuming RTC uses UTC ...
rtcwake: wakeup from "mem" using /dev/rtc1 at Thu Jan  1 00:01:14 1970
[   23.052985] PM: Syncing filesystems ... done.
[   23.064617] Freezing user space processes ... (elapsed 0.001 seconds) done.
[   23.072724] OOM killer disabled.
[   23.075971] Freezing remaining freezable tasks ... (elapsed 0.001 seconds) done.
[   23.084597] Suspending console(s) (use no_console_suspend to debug)
[   23.130035] Disabling non-boot CPUs ...
[   23.223372] IRQ17 no longer affine to CPU2
[   23.273789] Entering suspend state LP1
[   23.273789] Suspended for 3.109 seconds
[   23.273799] Enabling non-boot CPUs ...
[   23.274153] CPU1 is up
[   23.274454] CPU2 is up
[   23.274752] CPU3 is up
[   23.433574] mmc1: Switching to 3.3V signalling voltage failed
[   23.693184] tegra-sor 54540000.sor: failed to attach SOR: -110
[   23.760204] OOM killer enabled.
[   23.763343] Restarting tasks ... done.
root@(none):/# 
root@(none):/# NVTB SYSTEM SUSPEND TEST COMPLETE
