

U-Boot 2015.04-00466-gedec83e90172 (Mar 14 2016 - 10:42:01)

TEGRA124
Model: Acer Chromebook 13 CB5-311
DRAM:  4 GiB
:   Tegra SD/MMC: 0, Tegra SD/MMC: 1, Tegra SD/MMC: 2
MMC init failed
Using default environment

In:    serial
Out:   serial
Err:   serial
Net:   Net Initialization Skipped
No ethernet found.
Hit any key to stop autoboot:  2  1  0 
Tegra124 (Nyan-big) # 
Tegra124 (Nyan-big) # usb start
starting USB...
USB0:   USB EHCI 1.10
scanning bus 0 for devices... 2 USB Device(s) found
USB1:   USB EHCI 1.10
scanning bus 1 for devices... 2 USB Device(s) found
       scanning usb for storage devices... 1 Storage Device(s) found
       scanning usb for ethernet devices... 
Warning: asx0 using MAC address from net device
1 Ethernet Device(s) found
Tegra124 (Nyan-big) # mw 0x7000e4a0 0x00080000
Tegra124 (Nyan-big) # setenv bootargs 'ignore_loglevel console=ttyS0,115200n8 rw root=PARTUUID=4d36e82a-b3c0-4b4b-bfcd-afe5217ac023 rootwait gpt debug noinitrd earlyprintk init=/bin/bash'
Tegra124 (Nyan-big) # setenv ipaddr 192.168.100.102; setenv serverip 192.168.100.1; setenv tftpserverip 192.168.100.1
Tegra124 (Nyan-big) # tftpboot 0x82000000 zImage.multi_v7_defconfig
Using asx0 device
TFTP from server 192.168.100.1; our IP address is 192.168.100.102
Filename 'zImage.multi_v7_defconfig'.
Load address: 0x82000000
Loading: *#################################################################
	 #################################################################
	 #################################################################
	 #################################################################
	 #################################################################
	 #################################################################
	 #################################################################
	 #################################################################
	 ###########################
	 3.6 MiB/s
done
Bytes transferred = 8020296 (7a6148 hex)
Tegra124 (Nyan-big) # tftpboot 0x83000000 tegra124-nyan-big.dtb
Using asx0 device
TFTP from server 192.168.100.1; our IP address is 192.168.100.102
Filename 'tegra124-nyan-big.dtb'.
Load address: 0x83000000
Loading: *#####
	 3.3 MiB/s
done
Bytes transferred = 68183 (10a57 hex)
Tegra124 (Nyan-big) # bootz 0x82000000 - 0x83000000
Kernel image @ 0x82000000 [ 0x000000 - 0x7a6148 ]
## Flattened Device Tree blob at 83000000
   Booting using the fdt blob at 0x83000000
   Using Device Tree in place at 83000000, end 83013a56

Starting kernel ...

[    0.000000] Booting Linux on physical CPU 0x0
[    0.000000] Linux version 4.13.0-rc4-186018-gaae4e7a (jonathanh@sellafield) (gcc version 4.7.3 20130328 (prerelease) (crosstool-NG linaro-1.13.1-4.7-2013.04-20130415 - Linaro GCC 2013.04)) #1 SMP Sun Aug 6 19:04:37 PDT 2017
[    0.000000] CPU: ARMv7 Processor [413fc0f3] revision 3 (ARMv7), cr=10c5387d
[    0.000000] CPU: div instructions available: patching division code
[    0.000000] CPU: PIPT / VIPT nonaliasing data cache, PIPT instruction cache
[    0.000000] OF: fdt: Machine model: Acer Chromebook 13 CB5-311
[    0.000000] OF: fdt: Ignoring memory range 0x100000000 - 0x17ffff000
[    0.000000] debug: ignoring loglevel setting.
[    0.000000] Memory policy: Data cache writealloc
[    0.000000] efi: Getting EFI parameters from FDT:
[    0.000000] efi: UEFI not found.
[    0.000000] cma: Reserved 64 MiB at 0xfb800000
[    0.000000] On node 0 totalpages: 524287
[    0.000000] free_area_init_node: node 0, pgdat c157f080, node_mem_map eeff8000
[    0.000000]   DMA zone: 1536 pages used for memmap
[    0.000000]   DMA zone: 0 pages reserved
[    0.000000]   DMA zone: 196608 pages, LIFO batch:31
[    0.000000]   HighMem zone: 327679 pages, LIFO batch:31
[    0.000000] percpu: Embedded 17 pages/cpu @eef81000 s39488 r8192 d21952 u69632
[    0.000000] pcpu-alloc: s39488 r8192 d21952 u69632 alloc=17*4096
[    0.000000] pcpu-alloc: [0] 0 [0] 1 [0] 2 [0] 3 
[    0.000000] Built 1 zonelists in Zone order, mobility grouping on.  Total pages: 522751
[    0.000000] Kernel command line: ignore_loglevel console=ttyS0,115200n8 rw root=PARTUUID=4d36e82a-b3c0-4b4b-bfcd-afe5217ac023 rootwait gpt debug noinitrd earlyprintk init=/bin/bash
[    0.000000] PID hash table entries: 4096 (order: 2, 16384 bytes)
[    0.000000] Dentry cache hash table entries: 131072 (order: 7, 524288 bytes)
[    0.000000] Inode-cache hash table entries: 65536 (order: 6, 262144 bytes)
[    0.000000] Memory: 1994448K/2097148K available (10240K kernel code, 1563K rwdata, 4452K rodata, 2048K init, 402K bss, 37164K reserved, 65536K cma-reserved, 1245180K highmem)
[    0.000000] Virtual kernel memory layout:
[    0.000000]     vector  : 0xffff0000 - 0xffff1000   (   4 kB)
[    0.000000]     fixmap  : 0xffc00000 - 0xfff00000   (3072 kB)
[    0.000000]     vmalloc : 0xf0800000 - 0xff800000   ( 240 MB)
[    0.000000]     lowmem  : 0xc0000000 - 0xf0000000   ( 768 MB)
[    0.000000]     pkmap   : 0xbfe00000 - 0xc0000000   (   2 MB)
[    0.000000]     modules : 0xbf000000 - 0xbfe00000   (  14 MB)
[    0.000000]       .text : 0xc0208000 - 0xc0d00000   (11232 kB)
[    0.000000]       .init : 0xc1200000 - 0xc1400000   (2048 kB)
[    0.000000]       .data : 0xc1400000 - 0xc1586e68   (1564 kB)
[    0.000000]        .bss : 0xc158fcb0 - 0xc15f46fc   ( 403 kB)
[    0.000000] SLUB: HWalign=64, Order=0-3, MinObjects=0, CPUs=4, Nodes=1
[    0.000000] Hierarchical RCU implementation.
[    0.000000] 	RCU event tracing is enabled.
[    0.000000] 	RCU restricting CPUs from NR_CPUS=16 to nr_cpu_ids=4.
[    0.000000] RCU: Adjusting geometry for rcu_fanout_leaf=16, nr_cpu_ids=4
[    0.000000] NR_IRQS: 16, nr_irqs: 16, preallocated irqs: 16
[    0.000000] /interrupt-controller@60004000: 160 interrupts forwarded to /interrupt-controller@50041000
[    0.000000] Tegra clk 127: register failed with -17
[    0.000004] sched_clock: 32 bits at 1000kHz, resolution 1000ns, wraps every 2147483647500ns
[    0.000012] clocksource: timer_us: mask: 0xffffffff max_cycles: 0xffffffff, max_idle_ns: 1911260446275 ns
[    0.000019] Switching to timer-based delay loop, resolution 1000ns
[    0.001741] arch_timer: cp15 timer(s) running at 12.00MHz (virt).
[    0.001748] clocksource: arch_sys_counter: mask: 0xffffffffffffff max_cycles: 0x2c47f4ee7, max_idle_ns: 440795202497 ns
[    0.001755] sched_clock: 56 bits at 12MHz, resolution 83ns, wraps every 4398046511096ns
[    0.001760] Switching to timer-based delay loop, resolution 83ns
[    0.001972] Console: colour dummy device 80x30
[    0.001985] Calibrating delay loop (skipped), value calculated using timer frequency.. 24.00 BogoMIPS (lpj=120000)
[    0.001993] pid_max: default: 32768 minimum: 301
[    0.002028] Mount-cache hash table entries: 2048 (order: 1, 8192 bytes)
[    0.002034] Mountpoint-cache hash table entries: 2048 (order: 1, 8192 bytes)
[    0.002224] CPU: Testing write buffer coherency: ok
[    0.002346] /cpus/cpu@0 missing clock-frequency property
[    0.002362] /cpus/cpu@1 missing clock-frequency property
[    0.002377] /cpus/cpu@2 missing clock-frequency property
[    0.002392] /cpus/cpu@3 missing clock-frequency property
[    0.002397] CPU0: thread -1, cpu 0, socket 0, mpidr 80000000
[    0.002511] Setting up static identity map for 0x80300000 - 0x803000a0
[    0.003214] Hierarchical SRCU implementation.
[    0.003887] Tegra Revision: A01 SKU: 131 CPU Process: 1 SoC Process: 1
[    0.004150] EFI services will not be available.
[    0.004208] smp: Bringing up secondary CPUs ...
[    0.004486] CPU1: thread -1, cpu 1, socket 0, mpidr 80000001
[    0.012000] CPU2: thread -1, cpu 2, socket 0, mpidr 80000002
[    0.022009] CPU3: thread -1, cpu 3, socket 0, mpidr 80000003
[    0.031737] smp: Brought up 1 node, 4 CPUs
[    0.031745] SMP: Total of 4 processors activated (96.00 BogoMIPS).
[    0.031749] CPU: All CPU(s) started in SVC mode.
[    0.032298] devtmpfs: initialized
[    0.038026] VFP support v0.3: implementor 41 architecture 4 part 30 variant f rev 0
[    0.038220] clocksource: jiffies: mask: 0xffffffff max_cycles: 0xffffffff, max_idle_ns: 19112604462750000 ns
[    0.038228] futex hash table entries: 1024 (order: 4, 65536 bytes)
[    0.038798] pinctrl core: initialized pinctrl subsystem
[    0.039452] DMI not present or invalid.
[    0.039534] random: get_random_u32 called from bucket_table_alloc+0xe8/0x254 with crng_init=0
[    0.039569] NET: Registered protocol family 16
[    0.040320] DMA: preallocated 256 KiB pool for atomic coherent allocations
[    0.041262] cpuidle: using governor menu
[    0.050242] No ATAGs?
[    0.050295] hw-breakpoint: found 5 (+1 reserved) breakpoint and 4 watchpoint registers.
[    0.050301] hw-breakpoint: maximum watchpoint size is 8 bytes.
[    0.053110] Serial: AMBA PL011 UART driver
[    0.053471] tegra-mc 70019000.memory-controller: no memory timings for RAM code 0 registered
[    0.059002] AT91: Could not find identification node
[    0.059215] +5V_SYS: supplied by +VDD_MUX
[    0.059317] +3.3V_SYS: supplied by +VDD_MUX
[    0.059540] +VDD_LED: Failed to request enable GPIO122: -517
[    0.059546] reg-fixed-voltage regulators:regulator@5: Failed to register regulator: -517
[    0.059581] +5V_VDD_TS_SW: Failed to request enable GPIO81: -517
[    0.059586] reg-fixed-voltage regulators:regulator@6: Failed to register regulator: -517
[    0.059620] +5V_USB_HS: Failed to request enable GPIO108: -517
[    0.059625] reg-fixed-voltage regulators:regulator@7: Failed to register regulator: -517
[    0.059659] +5V_USB_SS: Failed to request enable GPIO109: -517
[    0.059664] reg-fixed-voltage regulators:regulator@8: Failed to register regulator: -517
[    0.059756] +1.05V_RUN_AVDD_HDMI_PLL: Failed to request enable GPIO63: -517
[    0.059761] reg-fixed-voltage regulators:regulator@11: Failed to register regulator: -517
[    0.059795] +5V_HDMI_CON: Failed to request enable GPIO86: -517
[    0.059799] reg-fixed-voltage regulators:regulator@12: Failed to register regulator: -517
[    0.060807] vgaarb: loaded
[    0.061085] SCSI subsystem initialized
[    0.061152] libata version 3.00 loaded.
[    0.061241] usbcore: registered new interface driver usbfs
[    0.061262] usbcore: registered new interface driver hub
[    0.061284] usbcore: registered new device driver usb
[    0.062611] pps_core: LinuxPPS API ver. 1 registered
[    0.062615] pps_core: Software ver. 5.3.6 - Copyright 2005-2007 Rodolfo Giometti <giometti@linux.it>
[    0.062623] PTP clock support registered
[    0.062688] EDAC MC: Ver: 3.0.0
[    0.062815] dmi: Firmware registration failed.
[    0.063120] tegra-emc 7001b000.emc: no memory timings for RAM code 0 found in DT
[    0.063129] tegra-emc: probe of 7001b000.emc failed with error -2
[    0.063572] clocksource: Switched to clocksource arch_sys_counter
[    0.083217] NET: Registered protocol family 2
[    0.083414] TCP established hash table entries: 8192 (order: 3, 32768 bytes)
[    0.083448] TCP bind hash table entries: 8192 (order: 4, 65536 bytes)
[    0.083511] TCP: Hash tables configured (established 8192 bind 8192)
[    0.083545] UDP hash table entries: 512 (order: 2, 16384 bytes)
[    0.083560] UDP-Lite hash table entries: 512 (order: 2, 16384 bytes)
[    0.083638] NET: Registered protocol family 1
[    0.083791] RPC: Registered named UNIX socket transport module.
[    0.083796] RPC: Registered udp transport module.
[    0.083799] RPC: Registered tcp transport module.
[    0.083802] RPC: Registered tcp NFSv4.1 backchannel transport module.
[    0.083808] PCI: CLS 0 bytes, default 64
[    0.084366] hw perfevents: enabled with armv7_cortex_a15 PMU driver, 7 counters available
[    0.085037] workingset: timestamp_bits=30 max_order=19 bucket_order=0
[    0.087894] squashfs: version 4.0 (2009/01/31) Phillip Lougher
[    0.088160] NFS: Registering the id_resolver key type
[    0.088174] Key type id_resolver registered
[    0.088177] Key type id_legacy registered
[    0.088196] ntfs: driver 2.1.32 [Flags: R/O].
[    0.088444] random: fast init done
[    0.088788] bounce: pool size: 64 pages
[    0.088808] Block layer SCSI generic (bsg) driver version 0.4 loaded (major 248)
[    0.088812] io scheduler noop registered
[    0.088815] io scheduler deadline registered
[    0.088870] io scheduler cfq registered (default)
[    0.088874] io scheduler mq-deadline registered
[    0.088877] io scheduler kyber registered
[    0.090110] tegra-xusb-padctl 7009f000.padctl: failed to setup XUSB ports: -517
[    0.100734] tegra-apbdma 60020000.dma: Tegra20 APB DMA driver register 32 channels
[    0.101615] tegra-pmc 7000e400.pmc: i2c-thermtrip node not found, emergency thermal reset disabled.
[    0.120448] Serial: 8250/16550 driver, 4 ports, IRQ sharing disabled
[    0.121509] console [ttyS0] disabled
[    0.121527] 70006000.serial: ttyS0 at MMIO 0x70006000 (irq = 333, base_baud = 25500000) is a Tegra
[    1.032760] console [ttyS0] enabled
[    1.036537] SuperH (H)SCI(F) driver initialized
[    1.041419] msm_serial: driver initialized
[    1.045576] STMicroelectronics ASC driver initialized
[    1.052842] tegra-hdmi 54280000.hdmi: failed to get HDMI regulator
[    1.059391] tegra-dpaux 545c0000.dpaux: failed to get VDD supply: -517
[    1.066869] panel-simple panel: panel supply power not found, using dummy regulator
[    1.077585] brd: module loaded
[    1.083077] loop: module loaded
[    1.087162] as3722 4-0040: AS3722 with revision 0x1 found
[    1.097213] as3722-sd2: supplied by +5V_SYS
[    1.101616] as3722-sd3: supplied by +5V_SYS
[    1.105954] +1.35V_LP0(sd3): Bringing 0uV into 1350000-1350000uV
[    1.112117] as3722-sd4: supplied by +5V_SYS
[    1.116464] +1.05V_RUN: Bringing 0uV into 1050000-1050000uV
[    1.122199] as3722-sd5: supplied by +5V_SYS
[    1.127767] as3722-ldo0: supplied by +1.35V_LP0(sd2)
[    1.133482] +1.8V_RUN_CAM: Bringing 0uV into 1800000-1800000uV
[    1.139497] as3722-ldo2: supplied by +1.8V_VDDIO
[    1.145159] as3722-ldo3: supplied by +3.3V_SYS
[    1.149606] +1.00V_LP0_VDD_RTC: Bringing 1100000uV into 1000000-1000000uV
[    1.157185] as3722-ldo4: supplied by +3.3V_SYS
[    1.161775] +3.3V_RUN_CAM: Bringing 0uV into 2800000-2800000uV
[    1.167784] as3722-ldo5: supplied by +1.8V_VDDIO
[    1.172548] +1.2V_RUN_CAM_FRONT: Bringing 0uV into 1200000-1200000uV
[    1.179229] +VDDIO_SDMMC3: Bringing 0uV into 1800000-1800000uV
[    1.185253] as3722-ldo7: supplied by +1.8V_VDDIO
[    1.190024] +1.05V_RUN_CAM_REAR: Bringing 0uV into 1050000-1050000uV
[    1.196564] as3722-ldo9: supplied by +5V_SYS
[    1.201123] +2.8V_RUN_TOUCH: Bringing 0uV into 2800000-2800000uV
[    1.207321] as3722-ldo10: supplied by +5V_SYS
[    1.211824] +2.8V_RUN_CAM_AF: Bringing 0uV into 2800000-2800000uV
[    1.218261] +1.8V_RUN_VPP_FUSE: Bringing 0uV into 1800000-1800000uV
[    1.236861] m25p80 spi32765.0: w25q32dw (4096 Kbytes)
[    1.242915] libphy: Fixed MDIO Bus: probed
[    1.247409] CAN device driver interface
[    1.251548] bgmac_bcma: Broadcom 47xx GBit MAC driver loaded
[    1.257662] e1000e: Intel(R) PRO/1000 Network Driver - 3.2.6-k
[    1.263478] e1000e: Copyright(c) 1999 - 2015 Intel Corporation.
[    1.269405] igb: Intel(R) Gigabit Ethernet Network Driver - version 5.4.0-k
[    1.276354] igb: Copyright (c) 2007-2014 Intel Corporation.
[    1.283216] pegasus: v0.9.3 (2013/04/25), Pegasus/Pegasus II USB Ethernet driver
[    1.290621] usbcore: registered new interface driver pegasus
[    1.296285] usbcore: registered new interface driver asix
[    1.301678] usbcore: registered new interface driver ax88179_178a
[    1.307772] usbcore: registered new interface driver cdc_ether
[    1.313610] usbcore: registered new interface driver smsc75xx
[    1.319355] usbcore: registered new interface driver smsc95xx
[    1.325105] usbcore: registered new interface driver net1080
[    1.330758] usbcore: registered new interface driver cdc_subset
[    1.336677] usbcore: registered new interface driver zaurus
[    1.342252] usbcore: registered new interface driver cdc_ncm
[    1.348569] ehci_hcd: USB 2.0 'Enhanced' Host Controller (EHCI) Driver
[    1.355085] ehci-pci: EHCI PCI platform driver
[    1.359531] ehci-platform: EHCI generic platform driver
[    1.364817] ehci-orion: EHCI orion driver
[    1.368868] SPEAr-ehci: EHCI SPEAr driver
[    1.372914] ehci-st: EHCI STMicroelectronics driver
[    1.377831] ehci-exynos: EHCI EXYNOS driver
[    1.382054] ehci-atmel: EHCI Atmel driver
[    1.386103] tegra-ehci: Tegra EHCI driver
[    1.390163] ohci_hcd: USB 1.1 'Open' Host Controller (OHCI) Driver
[    1.396335] ohci-pci: OHCI PCI platform driver
[    1.400777] ohci-platform: OHCI generic platform driver
[    1.406054] SPEAr-ohci: OHCI SPEAr driver
[    1.410099] ohci-st: OHCI STMicroelectronics driver
[    1.415014] ohci-atmel: OHCI Atmel driver
[    1.419266] usbcore: registered new interface driver usb-storage
[    1.426404] elan_i2c 1-0015: 1-0015 supply vcc not found, using dummy regulator
[    1.435067] as3722-rtc as3722-rtc: rtc core: registered as3722-rtc as rtc0
[    1.441925] as3722-rtc as3722-rtc: RTC interrupt 372
[    1.448880] tegra_rtc 7000e000.rtc: rtc core: registered 7000e000.rtc as rtc1
[    1.456022] tegra_rtc 7000e000.rtc: Tegra internal Real Time Clock
[    1.462369] i2c /dev entries driver
[    1.468290] lm90 0-004c: 0-004c supply vcc not found, using dummy regulator
[    1.479711] sdhci: Secure Digital Host Controller Interface driver
[    1.485894] sdhci: Copyright(c) Pierre Ossman
[    1.490771] Synopsys Designware Multimedia Card Interface Driver
[    1.497213] sdhci-pltfm: SDHCI platform and OF driver helper
[    1.503143] sdhci-tegra 700b0000.sdhci: allocated mmc-pwrseq
[    1.516951] sdhci-tegra 700b0400.sdhci: Got CD GPIO
[    1.521821] sdhci-tegra 700b0400.sdhci: Got WP GPIO
[    1.541691] mmc0: Unknown controller version (3). You may experience problems.
[    1.548933] mmc0: Invalid maximum block size, assuming 512 bytes
[    1.604516] elan_i2c 1-0015: Elan Touchpad: Module ID: 0x002a, Firmware: 0x0005, Sample: 0x0007, IAP: 0x0009
[    1.613587] mmc0: SDHCI controller on 700b0600.sdhci [700b0600.sdhci] using ADMA
[    1.621835] ledtrig-cpu: registered to indicate activity on CPUs
[    1.621952] input: Elan Touchpad as /devices/soc0/7000c400.i2c/i2c-1/1-0015/input/input0
[    1.636018] usbcore: registered new interface driver usbhid
[    1.641574] usbhid: USB HID core driver
[    1.646836] NET: Registered protocol family 10
[    1.652625] Segment Routing with IPv6
[    1.656307] sit: IPv6, IPv4 and MPLS over IPv4 tunneling driver
[    1.662430] NET: Registered protocol family 17
[    1.666870] can: controller area network core (rev 20170425 abi 9)
[    1.673054] NET: Registered protocol family 29
[    1.677489] can: raw protocol (rev 20170425)
[    1.681745] can: broadcast manager protocol (rev 20170425 t)
[    1.687394] can: netlink gateway (rev 20170425) max_hops=1
[    1.692990] Key type dns_resolver registered
[    1.697484] ThumbEE CPU extension supported.
[    1.701744] Registering SWP/SWPB emulation handler
[    1.713485] +3.3V_RUN: supplied by +3.3V_SYS
[    1.718692] +VDD_LED: supplied by +VDD_MUX
[    1.722891] +3.3V_AVDD_HDMI_AP_GATED: supplied by +3.3V_RUN
[    1.728540] +1.8V_RUN_CAM: supplied by +3.3V_RUN
[    1.733232] +VDDIO_SDMMC3: supplied by +3.3V_RUN
[    1.737968] +1.8V_RUN_VPP_FUSE: supplied by +3.3V_RUN
[    1.743280] +5V_VDD_TS_SW: supplied by +5V_SYS
[    1.748093] +5V_USB_HS: supplied by +5V_SYS
[    1.752493] +5V_USB_SS: supplied by +5V_SYS
[    1.757925] +3.3V_PANEL: supplied by +3.3V_RUN
[    1.763383] +3.3V_LP0: supplied by +3.3V_SYS
[    1.768681] +1.05V_RUN_AVDD_HDMI_PLL: supplied by +1.05V_RUN
[    1.768758] elan_i2c 1-0015: failed to read report data: -121
[    1.780445] +5V_HDMI_CON: supplied by +5V_SYS
[    1.785567]  usb3-0: usb3-0 supply vbus not found, using dummy regulator
[    1.792295]  usb3-1: usb3-1 supply vbus not found, using dummy regulator
[    1.805718] tegra-sor 54540000.sor: failed to probe output: -517
[    1.812238] panel-simple panel: panel supply power not found, using dummy regulator
[    1.820959] sdhci-tegra 700b0000.sdhci: allocated mmc-pwrseq
[    1.833720] mmc1: Unknown controller version (3). You may experience problems.
[    1.840999] mmc1: Invalid maximum block size, assuming 512 bytes
[    1.847502] mmc1: Switching to 3.3V signalling voltage failed
[    1.858956] mmc0: new high speed MMC card at address 0001
[    1.864740] mmcblk0: mmc0:0001 MMC16G 14.4 GiB 
[    1.869383] mmcblk0boot0: mmc0:0001 MMC16G partition 1 2.00 MiB
[    1.875702] mmcblk0boot1: mmc0:0001 MMC16G partition 2 2.00 MiB
[    1.881852] mmcblk0rpmb: mmc0:0001 MMC16G partition 3 128 KiB
[    1.891656]  mmcblk0: p1 p2 p3 p4 p5 p6 p7 p8 p9 p10 p11 p12
[    1.903630] mmc1: SDHCI controller on 700b0000.sdhci [700b0000.sdhci] using ADMA
[    1.906319] elan_i2c 1-0015: invalid report id data (ff)
[    1.917074] sdhci-tegra 700b0400.sdhci: Got CD GPIO
[    1.921944] sdhci-tegra 700b0400.sdhci: Got WP GPIO
[    1.933727] mmc2: Unknown controller version (3). You may experience problems.
[    1.941021] mmc2: Invalid maximum block size, assuming 512 bytes
[    1.977198] mmc1: new high speed SDIO card at address 0001
[    2.003688] mmc2: SDHCI controller on 700b0400.sdhci [700b0400.sdhci] using ADMA
[    2.107410] [drm] Supports vblank timestamp caching Rev 2 (21.10.2013).
[    2.114037] [drm] No driver support for vblank timestamp query.
[    2.155173] mmc2: new high speed SDHC card at address 0007
[    2.155513] mmcblk2: mmc2:0007 SD08G 7.42 GiB 
[    2.164201] GPT:Primary header alternate_lba != Alt. header my_lba
[    2.164205] GPT:3014591 != 15564799
[    2.164207] GPT:Primary header thinks Alt. header is not at the end of the disk.
[    2.164208] GPT:3014591 != 15564799
[    2.164209] GPT: Use GNU Parted to correct GPT errors.
[    2.164236]  mmcblk2: p1 p2 p3 p4 p5 p6 p7 p8 p9 p10 p11 p12
[    2.202591] Console: switching to colour frame buffer device 170x48
[    2.266713] drm drm: fb0:  frame buffer device
[    2.271195] [drm] Initialized tegra 0.0.0 20120330 for drm on minor 0
[    2.278630] input: gpio-keys as /devices/soc0/gpio-keys/input/input1
[    2.286243] as3722-rtc as3722-rtc: setting system clock to 2000-01-01 00:00:24 UTC (946684824)
[    2.295250] +1.8V_RUN_CAM: disabling
[    2.299023] +3.3V_RUN_CAM: disabling
[    2.302757] +1.2V_RUN_CAM_FRONT: disabling
[    2.307126] +1.05V_RUN_CAM_REAR: disabling
[    2.311379] +2.8V_RUN_TOUCH: disabling
[    2.315359] +2.8V_RUN_CAM_AF: disabling
[    2.319349] +1.8V_RUN_VPP_FUSE: disabling
[    2.323513] +5V_VDD_TS_SW: disabling
[    2.327128] +5V_USB_HS: disabling
[    2.330441] +5V_USB_SS: disabling
[    2.334659] EXT4-fs (mmcblk0p3): couldn't mount as ext3 due to feature incompatibilities
[    2.343288] EXT4-fs (mmcblk0p3): couldn't mount as ext2 due to feature incompatibilities
[    2.679132] EXT4-fs (mmcblk0p3): recovery complete
[    2.684644] EXT4-fs (mmcblk0p3): mounted filesystem with ordered data mode. Opts: (null)
[    2.692747] VFS: Mounted root (ext4 filesystem) on device 179:3.
[    2.699485] devtmpfs: mounted
[    2.703144] Freeing unused kernel memory: 2048K
bash: cannot set terminal process group (-1): Inappropriate ioctl for device
bash: no job control in this shell
root@(none):/# mount -t sysfs none /sys
root@(none):/# 
root@(none):/# mount -t debugfs none /sys/kernel/debug
root@(none):/# 
root@(none):/# rtcwake -d rtc1 -m mem -s 3
rtcwake: assuming RTC uses UTC ...
rtcwake: wakeup from "mem" using /dev/rtc1 at Thu Jan  1 00:00:29 1970
[    5.886088] PM: Syncing filesystems ... done.
[    5.902269] Freezing user space processes ... (elapsed 0.001 seconds) done.
[    5.910369] OOM killer disabled.
[    5.913597] Freezing remaining freezable tasks ... (elapsed 0.001 seconds) done.
[    5.922166] Suspending console(s) (use no_console_suspend to debug)
[    5.967245] Disabling non-boot CPUs ...
[    6.194235] Entering suspend state LP1
[    6.194235] Suspended for 3.173 seconds
[    6.194246] Enabling non-boot CPUs ...
[    6.194591] CPU1 is up
[    6.194891] CPU2 is up
[    6.195194] CPU3 is up
[    6.353815] mmc1: Switching to 3.3V signalling voltage failed
[    6.613608] tegra-sor 54540000.sor: failed to attach SOR: -110
[    6.676490] OOM killer enabled.
[    6.679619] Restarting tasks ... done.
root@(none):/# 
root@(none):/# rtcwake -d rtc1 -m mem -s 3
rtcwake: assuming RTC uses UTC ...
rtcwake: wakeup from "mem" using /dev/rtc1 at Thu Jan  1 00:00:34 1970
[    7.782236] PM: Syncing filesystems ... done.
[    7.808192] Freezing user space processes ... (elapsed 0.001 seconds) done.
[    7.816241] OOM killer disabled.
[    7.819457] Freezing remaining freezable tasks ... (elapsed 0.001 seconds) done.
[    7.828027] Suspending console(s) (use no_console_suspend to debug)
[    7.872890] Disabling non-boot CPUs ...
[    8.034120] Entering suspend state LP1
[    8.034120] Suspended for 3.159 seconds
[    8.034130] Enabling non-boot CPUs ...
[    8.034481] CPU1 is up
[    8.034780] CPU2 is up
[    8.035080] CPU3 is up
[    8.193857] mmc1: Switching to 3.3V signalling voltage failed
[    8.453559] tegra-sor 54540000.sor: failed to attach SOR: -110
[    8.516461] OOM killer enabled.
[    8.519590] Restarting tasks ... done.
root@(none):/# 
root@(none):/# rtcwake -d rtc1 -m mem -s 3
rtcwake: assuming RTC uses UTC ...
rtcwake: wakeup from "mem" using /dev/rtc1 at Thu Jan  1 00:00:39 1970
[    9.622409] PM: Syncing filesystems ... done.
[    9.648332] Freezing user space processes ... (elapsed 0.001 seconds) done.
[    9.656455] OOM killer disabled.
[    9.659671] Freezing remaining freezable tasks ... (elapsed 0.001 seconds) done.
[    9.668241] Suspending console(s) (use no_console_suspend to debug)
[    9.714039] Disabling non-boot CPUs ...
[    9.893658] IRQ17 no longer affine to CPU3
[    9.894107] Entering suspend state LP1
[    9.894107] Suspended for 3.139 seconds
[    9.894117] Enabling non-boot CPUs ...
[    9.894471] CPU1 is up
[    9.894775] CPU2 is up
[    9.895079] CPU3 is up
[   10.053844] mmc1: Switching to 3.3V signalling voltage failed
[   10.313505] tegra-sor 54540000.sor: failed to attach SOR: -110
[   10.380381] OOM killer enabled.
[   10.383516] Restarting tasks ... done.
root@(none):/# 
root@(none):/# rtcwake -d rtc1 -m mem -s 3
rtcwake: assuming RTC uses UTC ...
rtcwake: wakeup from "mem" using /dev/rtc1 at Thu Jan  1 00:00:44 1970
[   11.482459] PM: Syncing filesystems ... done.
[   11.508186] Freezing user space processes ... (elapsed 0.001 seconds) done.
[   11.516236] OOM killer disabled.
[   11.519452] Freezing remaining freezable tasks ... (elapsed 0.001 seconds) done.
[   11.528019] Suspending console(s) (use no_console_suspend to debug)
[   11.573838] Disabling non-boot CPUs ...
[   11.744086] Entering suspend state LP1
[   11.744086] Suspended for 3.149 seconds
[   11.744097] Enabling non-boot CPUs ...
[   11.744449] CPU1 is up
[   11.744750] CPU2 is up
[   11.745049] CPU3 is up
[   11.903816] mmc1: Switching to 3.3V signalling voltage failed
[   12.163521] tegra-sor 54540000.sor: failed to attach SOR: -110
[   12.226294] OOM killer enabled.
[   12.229423] Restarting tasks ... done.
root@(none):/# 
root@(none):/# rtcwake -d rtc1 -m mem -s 3
rtcwake: assuming RTC uses UTC ...
rtcwake: wakeup from "mem" using /dev/rtc1 at Thu Jan  1 00:00:49 1970
[   13.332638] PM: Syncing filesystems ... done.
[   13.358155] Freezing user space processes ... (elapsed 0.001 seconds) done.
[   13.366207] OOM killer disabled.
[   13.369423] Freezing remaining freezable tasks ... (elapsed 0.001 seconds) done.
[   13.377992] Suspending console(s) (use no_console_suspend to debug)
[   13.422897] Disabling non-boot CPUs ...
[   13.624048] Entering suspend state LP1
[   13.624048] Suspended for 3.119 seconds
[   13.624058] Enabling non-boot CPUs ...
[   13.624411] CPU1 is up
[   13.624714] CPU2 is up
[   13.625020] CPU3 is up
[   13.783809] mmc1: Switching to 3.3V signalling voltage failed
[   14.043533] tegra-sor 54540000.sor: failed to attach SOR: -110
[   14.106314] OOM killer enabled.
[   14.109443] Restarting tasks ... done.
root@(none):/# 
root@(none):/# rtcwake -d rtc1 -m mem -s 3
rtcwake: assuming RTC uses UTC ...
rtcwake: wakeup from "mem" using /dev/rtc1 at Thu Jan  1 00:00:54 1970
[   15.211929] PM: Syncing filesystems ... done.
[   15.221493] Freezing user space processes ... (elapsed 0.001 seconds) done.
[   15.229622] OOM killer disabled.
[   15.232841] Freezing remaining freezable tasks ... (elapsed 0.001 seconds) done.
[   15.241364] Suspending console(s) (use no_console_suspend to debug)
[   15.287361] Disabling non-boot CPUs ...
[   15.444028] Entering suspend state LP1
[   15.444028] Suspended for 3.179 seconds
[   15.444039] Enabling non-boot CPUs ...
[   15.444391] CPU1 is up
[   15.444693] CPU2 is up
[   15.444999] CPU3 is up
[   15.603786] mmc1: Switching to 3.3V signalling voltage failed
[   15.863412] tegra-sor 54540000.sor: failed to attach SOR: -110
[   15.926255] OOM killer enabled.
[   15.929384] Restarting tasks ... done.
root@(none):/# 
root@(none):/# rtcwake -d rtc1 -m mem -s 3
rtcwake: assuming RTC uses UTC ...
rtcwake: wakeup from "mem" using /dev/rtc1 at Thu Jan  1 00:00:59 1970
[   17.031870] PM: Syncing filesystems ... done.
[   17.041462] Freezing user space processes ... (elapsed 0.001 seconds) done.
[   17.049597] OOM killer disabled.
[   17.052816] Freezing remaining freezable tasks ... (elapsed 0.001 seconds) done.
[   17.061339] Suspending console(s) (use no_console_suspend to debug)
[   17.106394] Disabling non-boot CPUs ...
[   17.223565] IRQ17 no longer affine to CPU2
[   17.283986] Entering suspend state LP1
[   17.283986] Suspended for 3.159 seconds
[   17.283997] Enabling non-boot CPUs ...
[   17.284349] CPU1 is up
[   17.284650] CPU2 is up
[   17.284953] CPU3 is up
[   17.443776] mmc1: Switching to 3.3V signalling voltage failed
[   17.703383] tegra-sor 54540000.sor: failed to attach SOR: -110
[   17.770316] OOM killer enabled.
[   17.773452] Restarting tasks ... done.
root@(none):/# 
root@(none):/# rtcwake -d rtc1 -m mem -s 3
rtcwake: assuming RTC uses UTC ...
rtcwake: wakeup from "mem" using /dev/rtc1 at Thu Jan  1 00:01:04 1970
[   18.872370] PM: Syncing filesystems ... done.
[   18.898120] Freezing user space processes ... (elapsed 0.001 seconds) done.
[   18.906243] OOM killer disabled.
[   18.909459] Freezing remaining freezable tasks ... (elapsed 0.001 seconds) done.
[   18.918031] Suspending console(s) (use no_console_suspend to debug)
[   18.963344] Disabling non-boot CPUs ...
[   19.123958] Entering suspend state LP1
[   19.123958] Suspended for 3.159 seconds
[   19.123969] Enabling non-boot CPUs ...
[   19.124355] CPU1 is up
[   19.124657] CPU2 is up
[   19.124953] CPU3 is up
[   19.283725] mmc1: Switching to 3.3V signalling voltage failed
[   19.543392] tegra-sor 54540000.sor: failed to attach SOR: -110
[   19.606195] OOM killer enabled.
[   19.609324] Restarting tasks ... done.
root@(none):/# 
root@(none):/# rtcwake -d rtc1 -m mem -s 3
rtcwake: assuming RTC uses UTC ...
rtcwake: wakeup from "mem" using /dev/rtc1 at Thu Jan  1 00:01:09 1970
[   20.711606] PM: Syncing filesystems ... done.
[   20.721401] Freezing user space processes ... (elapsed 0.001 seconds) done.
[   20.729527] OOM killer disabled.
[   20.732743] Freezing remaining freezable tasks ... (elapsed 0.001 seconds) done.
[   20.741221] Suspending console(s) (use no_console_suspend to debug)
[   20.787283] Disabling non-boot CPUs ...
[   20.973931] Entering suspend state LP1
[   20.973931] Suspended for 3.149 seconds
[   20.973942] Enabling non-boot CPUs ...
[   20.974295] CPU1 is up
[   20.974597] CPU2 is up
[   20.974896] CPU3 is up
[   21.134749] mmc1: Switching to 3.3V signalling voltage failed
[   21.393410] tegra-sor 54540000.sor: failed to attach SOR: -110
[   21.457658] OOM killer enabled.
[   21.460789] Restarting tasks ... done.
root@(none):/# 
root@(none):/# rtcwake -d rtc1 -m mem -s 3
rtcwake: assuming RTC uses UTC ...
rtcwake: wakeup from "mem" using /dev/rtc1 at Thu Jan  1 00:01:14 1970
[   22.561625] PM: Syncing filesystems ... done.
[   22.572577] Freezing user space processes ... (elapsed 0.001 seconds) done.
[   22.580632] OOM killer disabled.
[   22.583860] Freezing remaining freezable tasks ... (elapsed 0.001 seconds) done.
[   22.592403] Suspending console(s) (use no_console_suspend to debug)
[   22.637351] Disabling non-boot CPUs ...
[   22.793917] Entering suspend state LP1
[   22.793917] Suspended for 3.179 seconds
[   22.793927] Enabling non-boot CPUs ...
[   22.794283] CPU1 is up
[   22.794584] CPU2 is up
[   22.794885] CPU3 is up
[   22.953674] mmc1: Switching to 3.3V signalling voltage failed
[   23.213329] tegra-sor 54540000.sor: failed to attach SOR: -110
[   23.276142] OOM killer enabled.
[   23.279271] Restarting tasks ... done.
root@(none):/# 
root@(none):/# NVTB SYSTEM SUSPEND TEST COMPLETE
