Diff for ./tegra114-dalmore-a04/tegra114-dalmore/multi_v7_defconfig_log.txt
--- /tmp/fooa	2014-07-13 14:54:40.091000396 -0700
+++ /tmp/foob	2014-07-13 14:54:40.095000397 -0700
@@ -37,9 +37,9 @@
 	 #################################################################
 	 #################################################################
 	 ###########
-	 3.3 MiB/s
+	 3.2 MiB/s
 done
-Bytes transferred = 4930968 (4b3d98 hex)
+Bytes transferred = 4931312 (4b3ef0 hex)
 Tegra114 (Dalmore) # tftpboot 0x82000000 tegra114-dalmore.dtb
 Using asx0 device
 TFTP from server 192.168.100.1; our IP address is 192.168.100.100
@@ -50,7 +50,7 @@
 done
 Bytes transferred = 34244 (85c4 hex)
 Tegra114 (Dalmore) # bootz 0x81000000 - 0x82000000
-Kernel image @ 0x81000000 [ 0x000000 - 0x4b3d98 ]
+Kernel image @ 0x81000000 [ 0x000000 - 0x4b3ef0 ]
 ## Flattened Device Tree blob at 82000000
    Booting using the fdt blob at 0x82000000
    Loading Device Tree to 8fff4000, end 8ffff5c3 ... OK
@@ -58,7 +58,7 @@
 Starting kernel ...
 
 Booting Linux on physical CPU 0x0
-Linux version 3.16.0-rc4-78932-gcd3de83 (pwalmsley@kaivo) (gcc version 4.7.3 20130328 (prerelease) (crosstool-NG linaro-1.13.1-4.7-2013.04-20130415 - Linaro GCC 2013.04) ) #1 SMP Tue Jul 8 21:26:38 PDT 2014
+Linux version 3.16.0-rc5-79186-g1795cd9 (pwalmsley@kaivo) (gcc version 4.7.3 20130328 (prerelease) (crosstool-NG linaro-1.13.1-4.7-2013.04-20130415 - Linaro GCC 2013.04) ) #1 SMP Sun Jul 13 14:33:39 PDT 2014
 CPU: ARMv7 Processor [412fc0f2] revision 2 (ARMv7), cr=10c5387d
 CPU: PIPT / VIPT nonaliasing data cache, PIPT instruction cache
 Machine model: NVIDIA Tegra114 Dalmore evaluation board
@@ -81,7 +81,7 @@
 PID hash table entries: 4096 (order: 2, 16384 bytes)
 Dentry cache hash table entries: 131072 (order: 7, 524288 bytes)
 Inode-cache hash table entries: 65536 (order: 6, 262144 bytes)
-Memory: 2002160K/2096128K available (6357K kernel code, 894K rwdata, 2564K rodata, 652K init, 304K bss, 93968K reserved, 1317888K highmem)
+Memory: 2002160K/2096128K available (6357K kernel code, 894K rwdata, 2568K rodata, 652K init, 304K bss, 93968K reserved, 1317888K highmem)
 Virtual kernel memory layout:
     vector  : 0xffff0000 - 0xffff1000   (   4 kB)
     fixmap  : 0xffc00000 - 0xffe00000   (2048 kB)
@@ -89,8 +89,8 @@
     lowmem  : 0xc0000000 - 0xef800000   ( 760 MB)
     pkmap   : 0xbfe00000 - 0xc0000000   (   2 MB)
     modules : 0xbf000000 - 0xbfe00000   (  14 MB)
-      .text : 0xc0208000 - 0xc0abea54   (8923 kB)
-      .init : 0xc0abf000 - 0xc0b62100   ( 653 kB)
+      .text : 0xc0208000 - 0xc0abfa68   (8927 kB)
+      .init : 0xc0ac0000 - 0xc0b63100   ( 653 kB)
       .data : 0xc0b64000 - 0xc0c43800   ( 894 kB)
        .bss : 0xc0c43808 - 0xc0c8f898   ( 305 kB)
 SLUB: HWalign=64, Order=0-3, MinObjects=0, CPUs=4, Nodes=1
@@ -114,7 +114,7 @@
 /cpus/cpu@2 missing clock-frequency property
 /cpus/cpu@3 missing clock-frequency property
 CPU0: thread -1, cpu 0, socket 0, mpidr 80000000
-Setting up static identity map for 0x80801b18 - 0x80801bb0
+Setting up static identity map for 0x80801e40 - 0x80801ed8
 CPU1: Booted secondary processor
 CPU1: thread -1, cpu 1, socket 0, mpidr 80000001
 CPU2: Booted secondary processor
@@ -380,7 +380,7 @@
 hub 1-0:1.0: USB hub found
 hub 1-0:1.0: 1 port detected
 input: gpio-keys as /devices/soc0/gpio-keys/input/input1
-palmas-rtc 7000d000.i2c:tps65913@58:rtc: setting system clock to 2000-02-06 05:50:49 UTC (949816249)
+palmas-rtc 7000d000.i2c:tps65913@58:rtc: setting system clock to 2000-02-10 22:58:27 UTC (950223507)
 vdd_cam_1v8_reg: disabling
 vdd_hdmi_5v0: disabling
 usb1_vbus: disabling
@@ -392,7 +392,7 @@
 EXT4-fs (mmcblk0p1): mounted filesystem with ordered data mode. Opts: (null)
 VFS: Mounted root (ext3 filesystem) on device 179:1.
 devtmpfs: mounted
-Freeing unused kernel memory: 652K (c0abf000 - c0b62000)
+Freeing unused kernel memory: 652K (c0ac0000 - c0b63000)
 bash: cannot set terminal process group (-1): Inappropriate ioctl for device
 bash: no job control in this shell
-root@(none):/# [    2.867802] usb 1-1: new high-speed USB device number 2 using tegra-ehci
+root@(none):/# [    2.872779] usb 1-1: new high-speed USB device number 2 using tegra-ehci
Diff for ./tegra114-dalmore-a04/tegra114-dalmore/tegra_defconfig_log.txt
--- /tmp/fooa	2014-07-13 14:54:40.103000397 -0700
+++ /tmp/foob	2014-07-13 14:54:40.103000397 -0700
@@ -36,9 +36,9 @@
 	 #################################################################
 	 #################################################################
 	 ##########################################
-	 3.1 MiB/s
+	 3.5 MiB/s
 done
-Bytes transferred = 4422184 (437a28 hex)
+Bytes transferred = 4420736 (437480 hex)
 Tegra114 (Dalmore) # tftpboot 0x82000000 tegra114-dalmore.dtb
 Using asx0 device
 TFTP from server 192.168.100.1; our IP address is 192.168.100.100
@@ -49,7 +49,7 @@
 done
 Bytes transferred = 34244 (85c4 hex)
 Tegra114 (Dalmore) # bootz 0x81000000 - 0x82000000
-Kernel image @ 0x81000000 [ 0x000000 - 0x437a28 ]
+Kernel image @ 0x81000000 [ 0x000000 - 0x437480 ]
 ## Flattened Device Tree blob at 82000000
    Booting using the fdt blob at 0x82000000
    Loading Device Tree to 8fff4000, end 8ffff5c3 ... OK
@@ -60,7 +60,7 @@
 Booting Linux on physical CPU 0x0
 Initializing cgroup subsys cpu
 Initializing cgroup subsys cpuacct
-Linux version 3.16.0-rc4-78932-gcd3de83 (pwalmsley@tamien) (gcc version 4.7.3 20130328 (prerelease) (crosstool-NG linaro-1.13.1-4.7-2013.04-20130415 - Linaro GCC 2013.04) ) #1 SMP PREEMPT Tue Jul 8 21:27:30 PDT 2014
+Linux version 3.16.0-rc5-79186-g1795cd9 (pwalmsley@tamien) (gcc version 4.7.3 20130328 (prerelease) (crosstool-NG linaro-1.13.1-4.7-2013.04-20130415 - Linaro GCC 2013.04) ) #1 SMP PREEMPT Sun Jul 13 14:35:00 PDT 2014
 CPU: ARMv7 Processor [412fc0f2] revision 2 (ARMv7), cr=10c5387d
 CPU: PIPT / VIPT nonaliasing data cache, PIPT instruction cache
 Machine model: NVIDIA Tegra114 Dalmore evaluation board
@@ -68,7 +68,7 @@
 cma: CMA: reserved 64 MiB at ab800000
 Memory policy: Data cache writealloc
 On node 0 totalpages: 524032
-free_area_init_node: node 0, pgdat c0873140, node_mem_map ea7d7000
+free_area_init_node: node 0, pgdat c0875140, node_mem_map ea7d7000
   Normal zone: 1520 pages used for memmap
   Normal zone: 0 pages reserved
   Normal zone: 194560 pages, LIFO batch:31
@@ -83,7 +83,7 @@
 PID hash table entries: 4096 (order: 2, 16384 bytes)
 Dentry cache hash table entries: 131072 (order: 7, 524288 bytes)
 Inode-cache hash table entries: 65536 (order: 6, 262144 bytes)
-Memory: 2003956K/2096128K available (6031K kernel code, 330K rwdata, 1992K rodata, 264K init, 357K bss, 92172K reserved, 1317888K highmem)
+Memory: 2003948K/2096128K available (6035K kernel code, 330K rwdata, 1992K rodata, 264K init, 357K bss, 92180K reserved, 1317888K highmem)
 Virtual kernel memory layout:
     vector  : 0xffff0000 - 0xffff1000   (   4 kB)
     fixmap  : 0xffc00000 - 0xffe00000   (2048 kB)
@@ -91,10 +91,10 @@
     lowmem  : 0xc0000000 - 0xef800000   ( 760 MB)
     pkmap   : 0xbfe00000 - 0xc0000000   (   2 MB)
     modules : 0xbf000000 - 0xbfe00000   (  14 MB)
-      .text : 0xc0008000 - 0xc07de288   (8025 kB)
-      .init : 0xc07df000 - 0xc0821240   ( 265 kB)
-      .data : 0xc0822000 - 0xc0874a80   ( 331 kB)
-       .bss : 0xc0874a8c - 0xc08cdffc   ( 358 kB)
+      .text : 0xc0008000 - 0xc07df290   (8029 kB)
+      .init : 0xc07e0000 - 0xc0822240   ( 265 kB)
+      .data : 0xc0824000 - 0xc0876a80   ( 331 kB)
+       .bss : 0xc0876a8c - 0xc08cfffc   ( 358 kB)
 Preemptible hierarchical RCU implementation.
 NR_IRQS:16 nr_irqs:16 16
 L2C: failed to init: -19
@@ -115,7 +115,7 @@
 /cpus/cpu@2 missing clock-frequency property
 /cpus/cpu@3 missing clock-frequency property
 CPU0: thread -1, cpu 0, socket 0, mpidr 80000000
-Setting up static identity map for 0x805b81b8 - 0x805b8250
+Setting up static identity map for 0x805b83e0 - 0x805b8478
 CPU1: Booted secondary processor
 CPU1: thread -1, cpu 1, socket 0, mpidr 80000001
 CPU2: Booted secondary processor
@@ -370,7 +370,7 @@
 hub 1-0:1.0: USB hub found
 hub 1-0:1.0: 1 port detected
 input: gpio-keys as /devices/soc0/gpio-keys/input/input1
-palmas-rtc 7000d000.i2c:tps65913@58:rtc: setting system clock to 2000-02-06 05:51:48 UTC (949816308)
+palmas-rtc 7000d000.i2c:tps65913@58:rtc: setting system clock to 2000-02-10 22:59:24 UTC (950223564)
 vdd_cam_1v8_reg: disabling
 vdd_hdmi_5v0: disabling
 usb1_vbus: disabling
@@ -383,7 +383,7 @@
 EXT3-fs (mmcblk0p1): mounted filesystem with writeback data mode
 VFS: Mounted root (ext3 filesystem) on device 179:1.
 devtmpfs: mounted
-Freeing unused kernel memory: 264K (c07df000 - c0821000)
+Freeing unused kernel memory: 264K (c07e0000 - c0822000)
 bash: cannot set terminal process group (-1): Inappropriate ioctl for device
 bash: no job control in this shell
 root@(none):/# 
\ No newline at end of file
Diff for ./tegra30-beaver/tegra30-beaver/multi_v7_defconfig_log.txt
--- /tmp/fooa	2014-07-13 14:54:40.111000397 -0700
+++ /tmp/foob	2014-07-13 14:54:40.115000397 -0700
@@ -39,7 +39,7 @@
 	 ###########
 	 3.4 MiB/s
 done
-Bytes transferred = 4930968 (4b3d98 hex)
+Bytes transferred = 4931312 (4b3ef0 hex)
 Tegra30 (Beaver) # tftpboot 0x82000000 tegra30-beaver.dtb
 Using asx0 device
 TFTP from server 192.168.100.1; our IP address is 192.168.100.101
@@ -50,7 +50,7 @@
 done
 Bytes transferred = 24197 (5e85 hex)
 Tegra30 (Beaver) # bootz 0x81000000 - 0x82000000
-Kernel image @ 0x81000000 [ 0x000000 - 0x4b3d98 ]
+Kernel image @ 0x81000000 [ 0x000000 - 0x4b3ef0 ]
 ## Flattened Device Tree blob at 82000000
    Booting using the fdt blob at 0x82000000
    Loading Device Tree to 8fff7000, end 8ffffe84 ... OK
@@ -58,7 +58,7 @@
 Starting kernel ...
 
 Booting Linux on physical CPU 0x0
-Linux version 3.16.0-rc4-78932-gcd3de83 (pwalmsley@kaivo) (gcc version 4.7.3 20130328 (prerelease) (crosstool-NG linaro-1.13.1-4.7-2013.04-20130415 - Linaro GCC 2013.04) ) #1 SMP Tue Jul 8 21:26:38 PDT 2014
+Linux version 3.16.0-rc5-79186-g1795cd9 (pwalmsley@kaivo) (gcc version 4.7.3 20130328 (prerelease) (crosstool-NG linaro-1.13.1-4.7-2013.04-20130415 - Linaro GCC 2013.04) ) #1 SMP Sun Jul 13 14:33:39 PDT 2014
 CPU: ARMv7 Processor [412fc099] revision 9 (ARMv7), cr=10c5387d
 CPU: PIPT / VIPT nonaliasing data cache, VIPT aliasing instruction cache
 Machine model: NVIDIA Tegra30 Beaver evaluation board
@@ -83,7 +83,7 @@
 PID hash table entries: 4096 (order: 2, 16384 bytes)
 Dentry cache hash table entries: 131072 (order: 7, 524288 bytes)
 Inode-cache hash table entries: 65536 (order: 6, 262144 bytes)
-Memory: 2002212K/2096128K available (6357K kernel code, 894K rwdata, 2564K rodata, 652K init, 304K bss, 93916K reserved, 1317888K highmem)
+Memory: 2002212K/2096128K available (6357K kernel code, 894K rwdata, 2568K rodata, 652K init, 304K bss, 93916K reserved, 1317888K highmem)
 Virtual kernel memory layout:
     vector  : 0xffff0000 - 0xffff1000   (   4 kB)
     fixmap  : 0xffc00000 - 0xffe00000   (2048 kB)
@@ -91,8 +91,8 @@
     lowmem  : 0xc0000000 - 0xef800000   ( 760 MB)
     pkmap   : 0xbfe00000 - 0xc0000000   (   2 MB)
     modules : 0xbf000000 - 0xbfe00000   (  14 MB)
-      .text : 0xc0208000 - 0xc0abea54   (8923 kB)
-      .init : 0xc0abf000 - 0xc0b62100   ( 653 kB)
+      .text : 0xc0208000 - 0xc0abfa68   (8927 kB)
+      .init : 0xc0ac0000 - 0xc0b63100   ( 653 kB)
       .data : 0xc0b64000 - 0xc0c43800   ( 894 kB)
        .bss : 0xc0c43808 - 0xc0c8f898   ( 305 kB)
 SLUB: HWalign=64, Order=0-3, MinObjects=0, CPUs=4, Nodes=1
@@ -117,7 +117,7 @@
 Mountpoint-cache hash table entries: 2048 (order: 1, 8192 bytes)
 CPU: Testing write buffer coherency: ok
 CPU0: thread -1, cpu 0, socket 0, mpidr 80000000
-Setting up static identity map for 0x80801b18 - 0x80801bb0
+Setting up static identity map for 0x80801e40 - 0x80801ed8
 CPU1: Booted secondary processor
 CPU1: thread -1, cpu 1, socket 0, mpidr 80000001
 CPU2: Booted secondary processor
@@ -396,8 +396,8 @@
 EXT4-fs (mmcblk0p1): mounted filesystem with ordered data mode. Opts: (null)
 VFS: Mounted root (ext3 filesystem) on device 179:1.
 devtmpfs: mounted
-Freeing unused kernel memory: 652K (c0abf000 - c0b62000)
+Freeing unused kernel memory: 652K (c0ac0000 - c0b63000)
 bash: cannot set terminal process group (-1): Inappropriate ioctl for device
 bash: no job control in this shell
-root@(none):/# [    4.273719] usb 2-1: new high-speed USB device number 2 using tegra-ehci
+root@(none):/# [    4.278753] usb 2-1: new high-speed USB device number 2 using tegra-ehci
 asix 2-1:1.0 eth1: register 'asix' at usb-7d008000.usb-1, ASIX AX88772 USB 2.0 Ethernet, 00:50:b6:0f:68:6d
Diff for ./tegra30-beaver/tegra30-beaver/tegra_defconfig_log.txt
--- /tmp/fooa	2014-07-13 14:54:40.119000398 -0700
+++ /tmp/foob	2014-07-13 14:54:40.123000398 -0700
@@ -38,18 +38,18 @@
 	 ##########################################
 	 3.4 MiB/s
 done
-Bytes transferred = 4422184 (437a28 hex)
+Bytes transferred = 4420736 (437480 hex)
 Tegra30 (Beaver) # tftpboot 0x82000000 tegra30-beaver.dtb
 Using asx0 device
 TFTP from server 192.168.100.1; our IP address is 192.168.100.101
 Filename 'tegra30-beaver.dtb'.
 Load address: 0x82000000
 Loading: *##
-	 2.9 MiB/s
+	 2.3 MiB/s
 done
 Bytes transferred = 24197 (5e85 hex)
 Tegra30 (Beaver) # bootz 0x81000000 - 0x82000000
-Kernel image @ 0x81000000 [ 0x000000 - 0x437a28 ]
+Kernel image @ 0x81000000 [ 0x000000 - 0x437480 ]
 ## Flattened Device Tree blob at 82000000
    Booting using the fdt blob at 0x82000000
    Loading Device Tree to 8fff7000, end 8ffffe84 ... OK
@@ -60,7 +60,7 @@
 Booting Linux on physical CPU 0x0
 Initializing cgroup subsys cpu
 Initializing cgroup subsys cpuacct
-Linux version 3.16.0-rc4-78932-gcd3de83 (pwalmsley@tamien) (gcc version 4.7.3 20130328 (prerelease) (crosstool-NG linaro-1.13.1-4.7-2013.04-20130415 - Linaro GCC 2013.04) ) #1 SMP PREEMPT Tue Jul 8 21:27:30 PDT 2014
+Linux version 3.16.0-rc5-79186-g1795cd9 (pwalmsley@tamien) (gcc version 4.7.3 20130328 (prerelease) (crosstool-NG linaro-1.13.1-4.7-2013.04-20130415 - Linaro GCC 2013.04) ) #1 SMP PREEMPT Sun Jul 13 14:35:00 PDT 2014
 CPU: ARMv7 Processor [412fc099] revision 9 (ARMv7), cr=10c5387d
 CPU: PIPT / VIPT nonaliasing data cache, VIPT aliasing instruction cache
 Machine model: NVIDIA Tegra30 Beaver evaluation board
@@ -68,7 +68,7 @@
 cma: CMA: reserved 64 MiB at ab800000
 Memory policy: Data cache writealloc
 On node 0 totalpages: 524032
-free_area_init_node: node 0, pgdat c0873140, node_mem_map ea7d7000
+free_area_init_node: node 0, pgdat c0875140, node_mem_map ea7d7000
   Normal zone: 1520 pages used for memmap
   Normal zone: 0 pages reserved
   Normal zone: 194560 pages, LIFO batch:31
@@ -85,7 +85,7 @@
 PID hash table entries: 4096 (order: 2, 16384 bytes)
 Dentry cache hash table entries: 131072 (order: 7, 524288 bytes)
 Inode-cache hash table entries: 65536 (order: 6, 262144 bytes)
-Memory: 2004008K/2096128K available (6031K kernel code, 330K rwdata, 1992K rodata, 264K init, 357K bss, 92120K reserved, 1317888K highmem)
+Memory: 2004000K/2096128K available (6035K kernel code, 330K rwdata, 1992K rodata, 264K init, 357K bss, 92128K reserved, 1317888K highmem)
 Virtual kernel memory layout:
     vector  : 0xffff0000 - 0xffff1000   (   4 kB)
     fixmap  : 0xffc00000 - 0xffe00000   (2048 kB)
@@ -93,10 +93,10 @@
     lowmem  : 0xc0000000 - 0xef800000   ( 760 MB)
     pkmap   : 0xbfe00000 - 0xc0000000   (   2 MB)
     modules : 0xbf000000 - 0xbfe00000   (  14 MB)
-      .text : 0xc0008000 - 0xc07de288   (8025 kB)
-      .init : 0xc07df000 - 0xc0821240   ( 265 kB)
-      .data : 0xc0822000 - 0xc0874a80   ( 331 kB)
-       .bss : 0xc0874a8c - 0xc08cdffc   ( 358 kB)
+      .text : 0xc0008000 - 0xc07df290   (8029 kB)
+      .init : 0xc07e0000 - 0xc0822240   ( 265 kB)
+      .data : 0xc0824000 - 0xc0876a80   ( 331 kB)
+       .bss : 0xc0876a8c - 0xc08cfffc   ( 358 kB)
 Preemptible hierarchical RCU implementation.
 NR_IRQS:16 nr_irqs:16 16
 L2C: platform modifies aux control register: 0x02080000 -> 0x3e480001
@@ -118,7 +118,7 @@
 Initializing cgroup subsys debug
 CPU: Testing write buffer coherency: ok
 CPU0: thread -1, cpu 0, socket 0, mpidr 80000000
-Setting up static identity map for 0x805b81b8 - 0x805b8250
+Setting up static identity map for 0x805b83e0 - 0x805b8478
 CPU1: Booted secondary processor
 CPU1: thread -1, cpu 1, socket 0, mpidr 80000001
 CPU2: Booted secondary processor
@@ -390,8 +390,8 @@
 EXT3-fs (mmcblk0p1): mounted filesystem with writeback data mode
 VFS: Mounted root (ext3 filesystem) on device 179:1.
 devtmpfs: mounted
-Freeing unused kernel memory: 264K (c07df000 - c0821000)
+Freeing unused kernel memory: 264K (c07e0000 - c0822000)
 bash: cannot set terminal process group (-1): Inappropriate ioctl for device
 bash: no job control in this shell
-root@(none):/# [    4.637050] usb 2-1: new high-speed USB device number 2 using tegra-ehci
+root@(none):/# [    4.636748] usb 2-1: new high-speed USB device number 2 using tegra-ehci
 asix 2-1:1.0 eth1: register 'asix' at usb-7d008000.usb-1, ASIX AX88772 USB 2.0 Ethernet, 00:50:b6:0f:68:6d
