
U-Boot SPL 2014.01-00219-gc4d376f (Feb 18 2014 - 19:57:18)


U-Boot 2014.01-00219-gc4d376f (Feb 18 2014 - 19:57:18)

TEGRA30
Board: NVIDIA Beaver
I2C:   ready
DRAM:  2 GiB
MMC:   Tegra SD/MMC: 0, Tegra SD/MMC: 1
In:    serial
Out:   serial
Err:   serial
Net:   Net Initialization Skipped
No ethernet found.
Hit any key to stop autoboot:  2  0 
Tegra30 (Beaver) # 
Tegra30 (Beaver) # usb reset
(Re)start USB...
USB0:   USB EHCI 1.00
scanning bus 0 for devices... 2 USB Device(s) found
       scanning usb for storage devices... 0 Storage Device(s) found
       scanning usb for ethernet devices... 
Warning: asx0 using MAC address from net device
1 Ethernet Device(s) found
Tegra30 (Beaver) # setenv bootargs 'ignore_loglevel console=ttyS0,115200n8 rw root=PARTUUID=edbe1840-3633-c751-7993-b0ac834f81e0 rootwait gpt debug noinitrd earlyprintk init=/bin/bash'
Tegra30 (Beaver) # setenv ipaddr 192.168.100.101; setenv serverip 192.168.100.1; setenv tftpserverip 192.168.100.1
Tegra30 (Beaver) # tftpboot 0x81000000 zImage.multi_v7_defconfig
Using asx0 device
TFTP from server 192.168.100.1; our IP address is 192.168.100.101
Filename 'zImage.multi_v7_defconfig'.
Load address: 0x81000000
Loading: *#################################################################
	 #################################################################
	 #################################################################
	 #################################################################
	 #################################################################
	 #################################################################
	 #################################################################
	 ##########################################
	 3.2 MiB/s
done
Bytes transferred = 7287456 (6f32a0 hex)
Tegra30 (Beaver) # tftpboot 0x82000000 tegra30-beaver.dtb
Using asx0 device
TFTP from server 192.168.100.1; our IP address is 192.168.100.101
Filename 'tegra30-beaver.dtb'.
Load address: 0x82000000
Loading: *####
	 3.1 MiB/s
done
Bytes transferred = 51572 (c974 hex)
Tegra30 (Beaver) # bootz 0x81000000 - 0x82000000
Kernel image @ 0x81000000 [ 0x000000 - 0x6f32a0 ]
## Flattened Device Tree blob at 82000000
   Booting using the fdt blob at 0x82000000
   Loading Device Tree to 8fff0000, end 8ffff973 ... OK

Starting kernel ...

[    0.000000] Booting Linux on physical CPU 0x0
[    0.000000] Linux version 4.9.0-rc4-127805-gbc33b0c (pwalmsley@sellafield) (gcc version 4.7.3 20130328 (prerelease) (crosstool-NG linaro-1.13.1-4.7-2013.04-20130415 - Linaro GCC 2013.04) ) #1 SMP Mon Nov 7 03:03:36 PST 2016
[    0.000000] CPU: ARMv7 Processor [412fc099] revision 9 (ARMv7), cr=10c5387d
[    0.000000] CPU: PIPT / VIPT nonaliasing data cache, VIPT aliasing instruction cache
[    0.000000] OF: fdt:Machine model: NVIDIA Tegra30 Beaver evaluation board
[    0.000000] debug: ignoring loglevel setting.
[    0.000000] efi: Getting EFI parameters from FDT:
[    0.000000] efi: UEFI not found.
[    0.000000] cma: Reserved 64 MiB at 0xfb800000
[    0.000000] Memory policy: Data cache writealloc
[    0.000000] On node 0 totalpages: 524032
[    0.000000] free_area_init_node: node 0, pgdat c1427f80, node_mem_map eeff8000
[    0.000000]   DMA zone: 1536 pages used for memmap
[    0.000000]   DMA zone: 0 pages reserved
[    0.000000]   DMA zone: 196608 pages, LIFO batch:31
[    0.000000]   HighMem zone: 327424 pages, LIFO batch:31
[    0.000000] percpu: Embedded 14 pages/cpu @eef94000 s26624 r8192 d22528 u57344
[    0.000000] pcpu-alloc: s26624 r8192 d22528 u57344 alloc=14*4096
[    0.000000] pcpu-alloc: [0] 0 [0] 1 [0] 2 [0] 3 
[    0.000000] Built 1 zonelists in Zone order, mobility grouping on.  Total pages: 522496
[    0.000000] Kernel command line: ignore_loglevel console=ttyS0,115200n8 rw root=PARTUUID=edbe1840-3633-c751-7993-b0ac834f81e0 rootwait gpt debug noinitrd earlyprintk init=/bin/bash
[    0.000000] PID hash table entries: 4096 (order: 2, 16384 bytes)
[    0.000000] Dentry cache hash table entries: 131072 (order: 7, 524288 bytes)
[    0.000000] Inode-cache hash table entries: 65536 (order: 6, 262144 bytes)
[    0.000000] Memory: 1995008K/2096128K available (9216K kernel code, 1190K rwdata, 4068K rodata, 2048K init, 343K bss, 35584K reserved, 65536K cma-reserved, 1244160K highmem)
[    0.000000] Virtual kernel memory layout:
[    0.000000]     vector  : 0xffff0000 - 0xffff1000   (   4 kB)
[    0.000000]     fixmap  : 0xffc00000 - 0xfff00000   (3072 kB)
[    0.000000]     vmalloc : 0xf0800000 - 0xff800000   ( 240 MB)
[    0.000000]     lowmem  : 0xc0000000 - 0xf0000000   ( 768 MB)
[    0.000000]     pkmap   : 0xbfe00000 - 0xc0000000   (   2 MB)
[    0.000000]     modules : 0xbf000000 - 0xbfe00000   (  14 MB)
[    0.000000]       .text : 0xc0208000 - 0xc0c00000   (10208 kB)
[    0.000000]       .init : 0xc1100000 - 0xc1300000   (2048 kB)
[    0.000000]       .data : 0xc1300000 - 0xc1429a60   (1191 kB)
[    0.000000]        .bss : 0xc142b000 - 0xc1480fc8   ( 344 kB)
[    0.000000] SLUB: HWalign=64, Order=0-3, MinObjects=0, CPUs=4, Nodes=1
[    0.000000] Hierarchical RCU implementation.
[    0.000000] 	Build-time adjustment of leaf fanout to 32.
[    0.000000] 	RCU restricting CPUs from NR_CPUS=16 to nr_cpu_ids=4.
[    0.000000] RCU: Adjusting geometry for rcu_fanout_leaf=32, nr_cpu_ids=4
[    0.000000] NR_IRQS:16 nr_irqs:16 16
[    0.000000] /interrupt-controller@60004000: 160 interrupts forwarded to /interrupt-controller@50041000
[    0.000000] L2C: platform modifies aux control register: 0x02080000 -> 0x3e480001
[    0.000000] L2C: DT/platform modifies aux control register: 0x02080000 -> 0x3e480001
[    0.000000] L2C-310 erratum 769419 enabled
[    0.000000] L2C-310 enabling early BRESP for Cortex-A9
[    0.000000] L2C-310: enabling full line of zeros but not enabled in Cortex-A9
[    0.000000] L2C-310 dynamic clock gating enabled, standby mode enabled
[    0.000000] L2C-310 cache controller enabled, 8 ways, 1024 kB
[    0.000000] L2C-310: CACHE_ID 0x410000c7, AUX_CTRL 0x4e480001
[    0.000014] sched_clock: 32 bits at 1000kHz, resolution 1000ns, wraps every 2147483647500ns
[    0.000032] clocksource: timer_us: mask: 0xffffffff max_cycles: 0xffffffff, max_idle_ns: 1911260446275 ns
[    0.000041] Switching to timer-based delay loop, resolution 1000ns
[    0.002717] Console: colour dummy device 80x30
[    0.002744] Calibrating delay loop (skipped), value calculated using timer frequency.. 2.00 BogoMIPS (lpj=5000)
[    0.002753] pid_max: default: 32768 minimum: 301
[    0.002839] Mount-cache hash table entries: 2048 (order: 1, 8192 bytes)
[    0.002845] Mountpoint-cache hash table entries: 2048 (order: 1, 8192 bytes)
[    0.003273] CPU: Testing write buffer coherency: ok
[    0.003561] CPU0: thread -1, cpu 0, socket 0, mpidr 80000000
[    0.003606] Setting up static identity map for 0x80300000 - 0x80300098
[    0.006091] Tegra Revision: A03 SKU: 128 CPU Process: 4 SoC Process: 0
[    0.006580] EFI services will not be available.
[    0.010356] CPU1: thread -1, cpu 1, socket 0, mpidr 80000001
[    0.015336] CPU2: thread -1, cpu 2, socket 0, mpidr 80000002
[    0.020336] CPU3: thread -1, cpu 3, socket 0, mpidr 80000003
[    0.020380] Brought up 4 CPUs
[    0.020394] SMP: Total of 4 processors activated (8.00 BogoMIPS).
[    0.020399] CPU: All CPU(s) started in SVC mode.
[    0.021089] devtmpfs: initialized
[    0.029625] VFP support v0.3: implementor 41 architecture 3 part 30 variant 9 rev 4
[    0.030080] clocksource: jiffies: mask: 0xffffffff max_cycles: 0xffffffff, max_idle_ns: 9556302231375000 ns
[    0.033326] pinctrl core: initialized pinctrl subsystem
[    0.034909] NET: Registered protocol family 16
[    0.037081] DMA: preallocated 256 KiB pool for atomic coherent allocations
[    0.054921] cpuidle: using governor menu
[    0.068834] No ATAGs?
[    0.068861] hw-breakpoint: found 5 (+1 reserved) breakpoint and 1 watchpoint registers.
[    0.068868] hw-breakpoint: maximum watchpoint size is 4 bytes.
[    0.072838] Serial: AMBA PL011 UART driver
[    0.073284] tegra-mc 7000f000.memory-controller: no memory timings for RAM code 3 registered
[    0.097919] vdd_5v_sata: Failed to request enable GPIO30: -517
[    0.097932] reg-fixed-voltage regulators:regulator@3: Failed to register regulator: -517
[    0.097974] usb1_vbus: Failed to request enable GPIO238: -517
[    0.097981] reg-fixed-voltage regulators:regulator@4: Failed to register regulator: -517
[    0.098021] usb3_vbus: Failed to request enable GPIO236: -517
[    0.098027] reg-fixed-voltage regulators:regulator@5: Failed to register regulator: -517
[    0.098110] sys_3v3_pexs: Failed to request enable GPIO95: -517
[    0.098118] reg-fixed-voltage regulators:regulator@7: Failed to register regulator: -517
[    0.100006] vgaarb: loaded
[    0.100490] SCSI subsystem initialized
[    0.100594] libata version 3.00 loaded.
[    0.100763] usbcore: registered new interface driver usbfs
[    0.100798] usbcore: registered new interface driver hub
[    0.100831] usbcore: registered new device driver usb
[    0.107899] vrtc: supplied by vdd_5v_in
[    0.111197] vio: supplied by vdd_5v_in
[    0.116819] vdd1: supplied by vdd_5v_in
[    0.118176] vddio_ddr_1v2: Bringing 600000uV into 1200000-1200000uV
[    0.121830] vdd2: supplied by vdd_5v_in
[    0.131815] ldo1: supplied by vdd_1v5_gen
[    0.134194] ldo2: supplied by vdd_1v5_gen
[    0.134662] vdd_sata,avdd_plle: Bringing 1200000uV into 1050000-1050000uV
[    0.136894] ldo3: supplied by vdd_5v_in
[    0.139261] ldo4: supplied by vdd_5v_in
[    0.141817] ldo5: supplied by vdd_5v_in
[    0.146811] ldo6: supplied by vdd_1v8_gen
[    0.147278] avdd_dsi_csi,pwrdet_mipi: Bringing 1000000uV into 1200000-1200000uV
[    0.149521] ldo7: supplied by vdd_1v8_gen
[    0.156812] ldo8: supplied by vdd_1v8_gen
[    0.161872] pps_core: LinuxPPS API ver. 1 registered
[    0.161879] pps_core: Software ver. 5.3.6 - Copyright 2005-2007 Rodolfo Giometti <giometti@linux.it>
[    0.161896] PTP clock support registered
[    0.162031] EDAC MC: Ver: 3.0.0
[    0.163579] clocksource: Switched to clocksource timer_us
[    0.169324] NET: Registered protocol family 2
[    0.169716] TCP established hash table entries: 8192 (order: 3, 32768 bytes)
[    0.169768] TCP bind hash table entries: 8192 (order: 4, 65536 bytes)
[    0.169851] TCP: Hash tables configured (established 8192 bind 8192)
[    0.169936] UDP hash table entries: 512 (order: 2, 16384 bytes)
[    0.169994] UDP-Lite hash table entries: 512 (order: 2, 16384 bytes)
[    0.170162] NET: Registered protocol family 1
[    0.170472] RPC: Registered named UNIX socket transport module.
[    0.170478] RPC: Registered udp transport module.
[    0.170483] RPC: Registered tcp transport module.
[    0.170487] RPC: Registered tcp NFSv4.1 backchannel transport module.
[    0.170495] PCI: CLS 0 bytes, default 64
[    0.171284] hw perfevents: enabled with armv7_cortex_a9 PMU driver, 7 counters available
[    0.172136] futex hash table entries: 1024 (order: 4, 65536 bytes)
[    0.172610] workingset: timestamp_bits=30 max_order=19 bucket_order=0
[    0.177685] squashfs: version 4.0 (2009/01/31) Phillip Lougher
[    0.178164] NFS: Registering the id_resolver key type
[    0.178189] Key type id_resolver registered
[    0.178193] Key type id_legacy registered
[    0.178223] ntfs: driver 2.1.32 [Flags: R/O].
[    0.178993] bounce: pool size: 64 pages
[    0.179123] Block layer SCSI generic (bsg) driver version 0.4 loaded (major 248)
[    0.179132] io scheduler noop registered
[    0.179137] io scheduler deadline registered
[    0.179226] io scheduler cfq registered (default)
[    0.181426] libphy: mdio_driver_register: phy-bcm-ns2-pci
[    0.184908] tegra30-pinctrl 70000868.pinmux: invalid group "sdmmc3_dat6_pd3" for function "rsvd1"
[    0.184921] tegra30-pinctrl 70000868.pinmux: invalid group "sdmmc3_dat7_pd4" for function "rsvd1"
[    0.184935] tegra30-pinctrl 70000868.pinmux: invalid group "vi_vsync_pd6" for function "rsvd1"
[    0.184946] tegra30-pinctrl 70000868.pinmux: invalid group "vi_hsync_pd7" for function "rsvd1"
[    0.185413] tegra30-pinctrl 70000868.pinmux: invalid group "hdmi_int_pn7" for function "rsvd1"
[    0.185457] tegra30-pinctrl 70000868.pinmux: invalid group "ulpi_data3_po4" for function "rsvd1"
[    0.185787] tegra30-pinctrl 70000868.pinmux: invalid group "vi_d10_pt2" for function "rsvd1"
[    0.185799] tegra30-pinctrl 70000868.pinmux: invalid group "vi_d11_pt3" for function "rsvd1"
[    0.185812] tegra30-pinctrl 70000868.pinmux: invalid group "vi_d0_pt4" for function "rsvd1"
[    0.185852] tegra30-pinctrl 70000868.pinmux: invalid group "pu0" for function "rsvd1"
[    0.185882] tegra30-pinctrl 70000868.pinmux: invalid group "pu3" for function "rsvd1"
[    0.185913] tegra30-pinctrl 70000868.pinmux: invalid group "pu6" for function "rsvd1"
[    0.185961] tegra30-pinctrl 70000868.pinmux: invalid group "pv3" for function "rsvd1"
[    0.186456] tegra30-pinctrl 70000868.pinmux: invalid group "pbb0" for function "rsvd1"
[    0.186569] tegra30-pinctrl 70000868.pinmux: invalid group "pcc1" for function "rsvd1"
[    0.191722] tegra-pcie 3000.pcie-controller: 2x3 configuration
[    0.191872] tegra-pcie 3000.pcie-controller: Failed to get supply 'hvdd-pex': -517
[    0.197261] tegra-apbdma 6000a000.dma: Tegra20 APB DMA driver register 32 channels
[    0.198307] tegra-pmc 7000e400.pmc: i2c-thermtrip node not found, emergency thermal reset disabled.
[    0.230285] Serial: 8250/16550 driver, 4 ports, IRQ sharing disabled
[    0.232338] console [ttyS0] disabled
[    0.232376] 70006000.serial: ttyS0 at MMIO 0x70006000 (irq = 331, base_baud = 25500000) is a Tegra
[    1.232090] console [ttyS0] enabled
[    1.236084] SuperH (H)SCI(F) driver initialized
[    1.241198] msm_serial: driver initialized
[    1.245402] STMicroelectronics ASC driver initialized
[    1.252555] [drm] Initialized
[    1.257435] tegra-hdmi 54280000.hdmi: failed to get HDMI regulator
[    1.271415] brd: module loaded
[    1.278290] loop: module loaded
[    1.286550] m25p80 spi32766.1: w25q32 (4096 Kbytes)
[    1.293210] libphy: Fixed MDIO Bus: probed
[    1.297918] CAN device driver interface
[    1.302952] e1000e: Intel(R) PRO/1000 Network Driver - 3.2.6-k
[    1.308780] e1000e: Copyright(c) 1999 - 2015 Intel Corporation.
[    1.314735] igb: Intel(R) Gigabit Ethernet Network Driver - version 5.4.0-k
[    1.321686] igb: Copyright (c) 2007-2014 Intel Corporation.
[    1.329147] pegasus: v0.9.3 (2013/04/25), Pegasus/Pegasus II USB Ethernet driver
[    1.336584] usbcore: registered new interface driver pegasus
[    1.342267] usbcore: registered new interface driver asix
[    1.347682] usbcore: registered new interface driver ax88179_178a
[    1.353788] usbcore: registered new interface driver cdc_ether
[    1.359645] usbcore: registered new interface driver smsc75xx
[    1.365413] usbcore: registered new interface driver smsc95xx
[    1.371180] usbcore: registered new interface driver net1080
[    1.376852] usbcore: registered new interface driver cdc_subset
[    1.382790] usbcore: registered new interface driver zaurus
[    1.388391] usbcore: registered new interface driver cdc_ncm
[    1.395414] ehci_hcd: USB 2.0 'Enhanced' Host Controller (EHCI) Driver
[    1.401942] ehci-pci: EHCI PCI platform driver
[    1.406407] ehci-platform: EHCI generic platform driver
[    1.411748] ehci-orion: EHCI orion driver
[    1.415827] SPEAr-ehci: EHCI SPEAr driver
[    1.419910] ehci-st: EHCI STMicroelectronics driver
[    1.424863] ehci-exynos: EHCI EXYNOS driver
[    1.429133] ehci-atmel: EHCI Atmel driver
[    1.433204] tegra-ehci: Tegra EHCI driver
[    1.437497] ohci_hcd: USB 1.1 'Open' Host Controller (OHCI) Driver
[    1.443684] ohci-pci: OHCI PCI platform driver
[    1.448144] ohci-platform: OHCI generic platform driver
[    1.453468] ohci-omap3: OHCI OMAP3 driver
[    1.457551] SPEAr-ohci: OHCI SPEAr driver
[    1.461636] ohci-st: OHCI STMicroelectronics driver
[    1.466584] ohci-atmel: OHCI Atmel driver
[    1.471018] usbcore: registered new interface driver usb-storage
[    1.477942] mousedev: PS/2 mouse device common for all mice
[    1.485222] tegra_rtc 7000e000.rtc: rtc core: registered 7000e000.rtc as rtc1
[    1.492400] tegra_rtc 7000e000.rtc: Tegra internal Real Time Clock
[    1.501253] random: fast init done
[    1.514552] tps65910-rtc tps65910-rtc: rtc core: registered tps65910-rtc as rtc0
[    1.522141] i2c /dev entries driver
[    1.533090] sdhci: Secure Digital Host Controller Interface driver
[    1.539277] sdhci: Copyright(c) Pierre Ossman
[    1.544498] Synopsys Designware Multimedia Card Interface Driver
[    1.551136] sdhci-pltfm: SDHCI platform and OF driver helper
[    1.557290] sdhci-tegra 78000000.sdhci: Got CD GPIO
[    1.562178] sdhci-tegra 78000000.sdhci: Got WP GPIO
[    1.568284] mmc0: Invalid maximum block size, assuming 512 bytes
[    1.618667] mmc0: SDHCI controller on 78000000.sdhci [78000000.sdhci] using ADMA
[    1.627265] mmc1: Invalid maximum block size, assuming 512 bytes
[    1.673591] mmc1: SDHCI controller on 78000600.sdhci [78000600.sdhci] using ADMA
[    1.682296] ledtrig-cpu: registered to indicate activity on CPUs
[    1.688533] usbcore: registered new interface driver usbhid
[    1.694102] usbhid: USB HID core driver
[    1.699997] NET: Registered protocol family 10
[    1.705067] sit: IPv6, IPv4 and MPLS over IPv4 tunneling driver
[    1.711413] NET: Registered protocol family 17
[    1.715866] can: controller area network core (rev 20120528 abi 9)
[    1.722078] NET: Registered protocol family 29
[    1.726519] can: raw protocol (rev 20120528)
[    1.730785] can: broadcast manager protocol (rev 20160617 t)
[    1.736443] can: netlink gateway (rev 20130117) max_hops=1
[    1.742190] Key type dns_resolver registered
[    1.746853] ThumbEE CPU extension supported.
[    1.751131] Registering SWP/SWPB emulation handler
[    1.781905] vdd_ddr: supplied by vdd_5v_in
[    1.787627] vdd_5v_sata: supplied by vdd_5v_in
[    1.792363] usb1_vbus: supplied by vdd_5v_in
[    1.796911] usb3_vbus: supplied by vdd_5v_in
[    1.803597] sys_3v3,vdd_3v3_alw: supplied by vdd_5v_in
[    1.809311] +VDD_5V_HDMI: supplied by sys_3v3,vdd_3v3_alw
[    1.814922] sys_3v3_pexs: supplied by sys_3v3,vdd_3v3_alw
[    1.821037] tegra-pcie 3000.pcie-controller: 2x3 configuration
[    1.823063] mmc1: new high speed MMC card at address 0001
[    1.824983] mmcblk1: mmc1:0001 SEM16G 14.8 GiB 
[    1.826339] mmcblk1boot0: mmc1:0001 SEM16G partition 1 1.00 MiB
[    1.827348] mmcblk1boot1: mmc1:0001 SEM16G partition 2 1.00 MiB
[    1.828382] mmcblk1rpmb: mmc1:0001 SEM16G partition 3 128 KiB
[    1.833155] Primary GPT is invalid, using alternate GPT.
[    1.833171]  mmcblk1: p1 p2 p3 p4 p5
[    1.837263] mmc0: new ultra high speed DDR50 SDHC card at address aaaa
[    1.837595] mmcblk0: mmc0:aaaa SS04G 3.69 GiB 
[    1.858737]  mmcblk0: p1 p2 p3
[    1.879634] tegra-pcie 3000.pcie-controller: probing port 0, using 2 lanes
[    1.944789] tegra-pcie 3000.pcie-controller: probing port 2, using 2 lanes
[    2.355507] tegra-pcie 3000.pcie-controller: link 2 down, retrying
[    2.765520] tegra-pcie 3000.pcie-controller: link 2 down, retrying
[    3.175518] tegra-pcie 3000.pcie-controller: link 2 down, retrying
[    3.183710] tegra-pcie 3000.pcie-controller: link 2 down, ignoring
[    3.190004] tegra-pcie 3000.pcie-controller: PCI host bridge to bus 0000:00
[    3.196964] pci_bus 0000:00: root bus resource [io  0x0000-0xffff]
[    3.203138] pci_bus 0000:00: root bus resource [mem 0x20000000-0x27ffffff]
[    3.210004] pci_bus 0000:00: root bus resource [mem 0x28000000-0x3fffffff pref]
[    3.217304] pci_bus 0000:00: root bus resource [bus 00-ff]
[    3.222804] pci 0000:00:01.0: [10de:0e1c] type 01 class 0x060400
[    3.228871] pci 0000:00:01.0: PME# supported from D0 D1 D2 D3hot D3cold
[    3.235623] PCI: bus0: Fast back to back transfers disabled
[    3.241194] pci 0000:00:01.0: bridge configuration invalid ([bus 00-00]), reconfiguring
[    3.249285] pci 0000:01:00.0: [10ec:8168] type 00 class 0x020000
[    3.255302] pci 0000:01:00.0: reg 0x10: [io  0x0000-0x00ff]
[    3.260883] pci 0000:01:00.0: reg 0x18: [mem 0x00000000-0x00000fff 64bit pref]
[    3.268103] pci 0000:01:00.0: reg 0x20: [mem 0x00000000-0x00003fff 64bit pref]
[    3.275386] pci 0000:01:00.0: supports D1 D2
[    3.279652] pci 0000:01:00.0: PME# supported from D0 D1 D2 D3hot D3cold
[    3.298605] PCI: bus1: Fast back to back transfers disabled
[    3.304177] pci_bus 0000:01: busn_res: [bus 01-ff] end is updated to 01
[    3.310844] pci 0000:00:01.0: BAR 9: assigned [mem 0x28000000-0x280fffff 64bit pref]
[    3.318582] pci 0000:00:01.0: BAR 7: assigned [io  0x1000-0x1fff]
[    3.324672] pci 0000:01:00.0: BAR 4: assigned [mem 0x28000000-0x28003fff 64bit pref]
[    3.332415] pci 0000:01:00.0: BAR 2: assigned [mem 0x28004000-0x28004fff 64bit pref]
[    3.340156] pci 0000:01:00.0: BAR 0: assigned [io  0x1000-0x10ff]
[    3.346244] pci 0000:00:01.0: PCI bridge to [bus 01]
[    3.351203] pci 0000:00:01.0:   bridge window [io  0x1000-0x1fff]
[    3.357289] pci 0000:00:01.0:   bridge window [mem 0x28000000-0x280fffff 64bit pref]
[    3.365035] pci 0000:00:01.0: nv_msi_ht_cap_quirk didn't locate host bridge
[    3.372046] pcieport 0000:00:01.0: enabling device (0140 -> 0143)
[    3.378335] pcieport 0000:00:01.0: Signaling PME through PCIe PME interrupt
[    3.385295] pci 0000:01:00.0: Signaling PME through PCIe PME interrupt
[    3.391815] pcie_pme 0000:00:01.0:pcie001: service driver pcie_pme loaded
[    3.398796] r8169 Gigabit Ethernet driver 2.3LK-NAPI loaded
[    3.404383] r8169 0000:01:00.0: enabling device (0140 -> 0143)
[    3.411547] r8169 0000:01:00.0 eth0: RTL8168evl/8111evl at 0xf09f8000, 02:04:4b:01:60:a6, XID 0c900800 IRQ 375
[    3.421546] r8169 0000:01:00.0 eth0: jumbo features [frames: 9200 bytes, tx checksumming: ko]
[    3.433536] [drm] Supports vblank timestamp caching Rev 2 (21.10.2013).
[    3.440154] [drm] No driver support for vblank timestamp query.
[    3.446091] drm drm: No connectors reported connected with modes
[    3.452094] [drm] Cannot find any crtc or sizes - going 1024x768
[    3.477741] Console: switching to colour frame buffer device 128x48
[    3.490065] drm drm: fb0:  frame buffer device
[    3.508974] [drm] Initialized tegra 0.0.0 20120330 on minor 0
[    3.520134] utmi_phy_clk_enable: timeout waiting for phy to stabilize
[    3.526605] tegra-ehci 7d004000.usb: EHCI Host Controller
[    3.532018] tegra-ehci 7d004000.usb: new USB bus registered, assigned bus number 1
[    3.539846] tegra-ehci 7d004000.usb: irq 343, io mem 0x7d004000
[    3.558982] tegra-ehci 7d004000.usb: USB 2.0 started, EHCI 1.00
[    3.565853] hub 1-0:1.0: USB hub found
[    3.569627] hub 1-0:1.0: 1 port detected
[    3.574685] tegra-ehci 7d008000.usb: EHCI Host Controller
[    3.580109] tegra-ehci 7d008000.usb: new USB bus registered, assigned bus number 2
[    3.587844] tegra-ehci 7d008000.usb: irq 344, io mem 0x7d008000
[    3.608979] tegra-ehci 7d008000.usb: USB 2.0 started, EHCI 1.00
[    3.615752] hub 2-0:1.0: USB hub found
[    3.619519] hub 2-0:1.0: 1 port detected
[    3.629466] tps65910-rtc tps65910-rtc: setting system clock to 2000-01-01 00:00:02 UTC (946684802)
[    3.639090] vdd_sata,avdd_plle: disabling
[    3.643838] usb1_vbus: disabling
[    3.648640] EXT4-fs (mmcblk1p1): mounting ext3 file system using the ext4 subsystem
[    3.664374] EXT4-fs (mmcblk1p1): warning: mounting fs with errors, running e2fsck is recommended
[    3.674582] EXT4-fs (mmcblk1p1): recovery complete
[    3.679388] EXT4-fs (mmcblk1p1): mounted filesystem with ordered data mode. Opts: (null)
[    3.687498] VFS: Mounted root (ext3 filesystem) on device 179:1.
[    3.697677] devtmpfs: mounted
[    3.703122] Freeing unused kernel memory: 2048K (c1100000 - c1300000)
bash: cannot set terminal process group (-1): Inappropriate ioctl for device
bash: no job control in this shell
root@(none):/# [    3.958992] usb 2-1: new high-speed USB device number 2 using tegra-ehci
mount -t sysfs none /sys
root@(none):/# 
root@(none):/# [    4.566012] asix 2-1:1.0 eth1: register 'asix' at usb-7d008000.usb-1, ASIX AX88772 USB 2.0 Ethernet, 00:50:b6:0f:67:60
mount -t debugfs none /sys/kernel/debug
root@(none):/# 
root@(none):/# rtcwake -d rtc1 -m mem -s 3
rtcwake: wakeup from "mem" using /dev/rtc1 at Thu Jan  1 00:00:21 1970
[    6.500568] PM: Syncing filesystems ... done.
[    6.513726] Freezing user space processes ... (elapsed 0.001 seconds) done.
[    6.521828] Freezing remaining freezable tasks ... (elapsed 0.001 seconds) done.
[    6.530485] Suspending console(s) (use no_console_suspend to debug)
[    6.538221] asix 2-1:1.0 eth1: Failed to read reg index 0x0000: -19
[    6.538226] asix 2-1:1.0 eth1: Error reading Medium Status register: ffffffed
[    6.538231] asix 2-1:1.0 eth1: Failed to write reg index 0x0000: -19
[    6.538235] asix 2-1:1.0 eth1: Failed to write Medium Mode mode to 0xfeed: ffffffed
[    6.587536] PM: suspend of devices complete after 49.770 msecs
[    6.588201] PM: late suspend of devices complete after 0.658 msecs
[    6.609069] PM: noirq suspend of devices complete after 20.862 msecs
[    6.609072] Disabling non-boot CPUs ...
[    6.609789] CPU1: shutdown
[    6.650032] IRQ17 no longer affine to CPU2
[    6.650265] CPU2: shutdown
[    6.679927] CPU3: shutdown
[    6.704273] Entering suspend state LP1
[    6.704273] Suspended for 3.408 seconds
[    6.704285] Enabling non-boot CPUs ...
[    6.719583] CPU1 is up
[    6.739656] CPU2 is up
[    6.759771] CPU3 is up
[    6.760380] pcieport 0000:00:01.0: nv_msi_ht_cap_quirk didn't locate host bridge
[    6.778641] PM: noirq resume of devices complete after 18.863 msecs
[    6.779981] PM: early resume of devices complete after 0.969 msecs
[    7.291046] PM: resume of devices complete after 511.057 msecs
[    7.397576] Restarting tasks ... done.
root@(none):/# 
root@(none):/# rtcwake -d rtc1 -m mem -s 3
rtcwake: wakeup from "mem" using /dev/rtc1 at Thu Jan  1 00:00:26 1970
[    8.146796] PM: Syncing filesystems ... done.
[    8.159208] Freezing user space processes ... (elapsed 0.001 seconds) done.
[    8.167322] Freezing remaining freezable tasks ... (elapsed 0.001 seconds) done.
[    8.175953] Suspending console(s) (use no_console_suspend to debug)
[    8.183607] asix 2-1:1.0 eth1: Failed to read reg index 0x0000: -19
[    8.183612] asix 2-1:1.0 eth1: Error reading Medium Status register: ffffffed
[    8.183616] asix 2-1:1.0 eth1: Failed to write reg index 0x0000: -19
[    8.183620] asix 2-1:1.0 eth1: Failed to write Medium Mode mode to 0xfeed: ffffffed
[    8.232897] PM: suspend of devices complete after 49.746 msecs
[    8.233534] PM: late suspend of devices complete after 0.630 msecs
[    8.254024] PM: noirq suspend of devices complete after 20.483 msecs
[    8.254027] Disabling non-boot CPUs ...
[    8.254351] IRQ17 no longer affine to CPU1
[    8.254685] CPU1: shutdown
[    8.295157] CPU2: shutdown
[    8.324597] CPU3: shutdown
[    8.349174] Entering suspend state LP1
[    8.349174] Suspended for 3.355 seconds
[    8.349188] Enabling non-boot CPUs ...
[    8.364735] CPU1 is up
[    8.384766] CPU2 is up
[    8.404900] CPU3 is up
[    8.405677] pcieport 0000:00:01.0: nv_msi_ht_cap_quirk didn't locate host bridge
[    8.423624] PM: noirq resume of devices complete after 18.714 msecs
[    8.425394] PM: early resume of devices complete after 1.310 msecs
[    8.942228] PM: resume of devices complete after 516.824 msecs
[    9.048994] Restarting tasks ... done.
root@(none):/# 
root@(none):/# rtcwake -d rtc1 -m mem -s 3
rtcwake: wakeup from "mem" using /dev/rtc1 at Thu Jan  1 00:00:31 1970
[    9.793408] PM: Syncing filesystems ... done.
[    9.808127] Freezing user space processes ... (elapsed 0.001 seconds) done.
[    9.816286] Freezing remaining freezable tasks ... (elapsed 0.001 seconds) done.
[    9.824978] Suspending console(s) (use no_console_suspend to debug)
[    9.833054] asix 2-1:1.0 eth1: Failed to read reg index 0x0000: -19
[    9.833060] asix 2-1:1.0 eth1: Error reading Medium Status register: ffffffed
[    9.833067] asix 2-1:1.0 eth1: Failed to write reg index 0x0000: -19
[    9.833071] asix 2-1:1.0 eth1: Failed to write Medium Mode mode to 0xfeed: ffffffed
[    9.882578] PM: suspend of devices complete after 50.124 msecs
[    9.883374] PM: late suspend of devices complete after 0.787 msecs
[    9.904113] PM: noirq suspend of devices complete after 20.730 msecs
[    9.904116] Disabling non-boot CPUs ...
[    9.904526] IRQ17 no longer affine to CPU1
[    9.904948] CPU1: shutdown
[    9.940406] CPU2: shutdown
[    9.969686] CPU3: shutdown
[    9.994250] Entering suspend state LP1
[    9.994250] Suspended for 3.354 seconds
[    9.994266] Enabling non-boot CPUs ...
[   10.009714] CPU1 is up
[   10.029755] CPU2 is up
[   10.049873] CPU3 is up
[   10.050616] pcieport 0000:00:01.0: nv_msi_ht_cap_quirk didn't locate host bridge
[   10.068594] PM: noirq resume of devices complete after 18.712 msecs
[   10.070277] PM: early resume of devices complete after 1.241 msecs
[   10.596028] PM: resume of devices complete after 525.740 msecs
[   10.702808] Restarting tasks ... done.
root@(none):/# 
root@(none):/# rtcwake -d rtc1 -m mem -s 3
rtcwake: wakeup from "mem" using /dev/rtc1 at Thu Jan  1 00:00:36 1970
[   11.439158] PM: Syncing filesystems ... done.
[   11.453908] Freezing user space processes ... (elapsed 0.001 seconds) done.
[   11.462051] Freezing remaining freezable tasks ... (elapsed 0.001 seconds) done.
[   11.470745] Suspending console(s) (use no_console_suspend to debug)
[   11.478821] asix 2-1:1.0 eth1: Failed to read reg index 0x0000: -19
[   11.478828] asix 2-1:1.0 eth1: Error reading Medium Status register: ffffffed
[   11.478835] asix 2-1:1.0 eth1: Failed to write reg index 0x0000: -19
[   11.478840] asix 2-1:1.0 eth1: Failed to write Medium Mode mode to 0xfeed: ffffffed
[   11.528011] PM: suspend of devices complete after 49.802 msecs
[   11.531364] PM: late suspend of devices complete after 3.344 msecs
[   11.549064] PM: noirq suspend of devices complete after 17.691 msecs
[   11.549070] Disabling non-boot CPUs ...
[   11.549478] IRQ17 no longer affine to CPU1
[   11.549888] CPU1: shutdown
[   11.575409] CPU2: shutdown
[   11.604705] CPU3: shutdown
[   11.629208] Entering suspend state LP1
[   11.629208] Suspended for 3.365 seconds
[   11.629223] Enabling non-boot CPUs ...
[   11.644703] CPU1 is up
[   11.664740] CPU2 is up
[   11.684831] CPU3 is up
[   11.685579] pcieport 0000:00:01.0: nv_msi_ht_cap_quirk didn't locate host bridge
[   11.703566] PM: noirq resume of devices complete after 18.726 msecs
[   11.704759] PM: early resume of devices complete after 0.758 msecs
[   12.229823] PM: resume of devices complete after 525.055 msecs
[   12.336554] Restarting tasks ... done.
root@(none):/# 
root@(none):/# rtcwake -d rtc1 -m mem -s 3
rtcwake: wakeup from "mem" using /dev/rtc1 at Thu Jan  1 00:00:41 1970
[   13.073282] PM: Syncing filesystems ... done.
[   13.088025] Freezing user space processes ... (elapsed 0.001 seconds) done.
[   13.096206] Freezing remaining freezable tasks ... (elapsed 0.001 seconds) done.
[   13.104906] Suspending console(s) (use no_console_suspend to debug)
[   13.112990] asix 2-1:1.0 eth1: Failed to read reg index 0x0000: -19
[   13.112997] asix 2-1:1.0 eth1: Error reading Medium Status register: ffffffed
[   13.113002] asix 2-1:1.0 eth1: Failed to write reg index 0x0000: -19
[   13.113011] asix 2-1:1.0 eth1: Failed to write Medium Mode mode to 0xfeed: ffffffed
[   13.163023] PM: suspend of devices complete after 50.650 msecs
[   13.166879] PM: late suspend of devices complete after 3.846 msecs
[   13.184021] PM: noirq suspend of devices complete after 17.132 msecs
[   13.184027] Disabling non-boot CPUs ...
[   13.184435] IRQ17 no longer affine to CPU1
[   13.184843] CPU1: shutdown
[   13.210399] CPU2: shutdown
[   13.239692] CPU3: shutdown
[   13.264193] Entering suspend state LP1
[   13.264193] Suspended for 3.364 seconds
[   13.264206] Enabling non-boot CPUs ...
[   13.279668] CPU1 is up
[   13.299686] CPU2 is up
[   13.319806] CPU3 is up
[   13.320558] pcieport 0000:00:01.0: nv_msi_ht_cap_quirk didn't locate host bridge
[   13.338535] PM: noirq resume of devices complete after 18.720 msecs
[   13.341318] PM: early resume of devices complete after 2.333 msecs
[   13.857624] PM: resume of devices complete after 516.292 msecs
[   13.964370] Restarting tasks ... done.
root@(none):/# 
root@(none):/# rtcwake -d rtc1 -m mem -s 3
rtcwake: wakeup from "mem" using /dev/rtc1 at Thu Jan  1 00:00:46 1970
[   14.708643] PM: Syncing filesystems ... done.
[   14.723348] Freezing user space processes ... (elapsed 0.001 seconds) done.
[   14.731519] Freezing remaining freezable tasks ... (elapsed 0.001 seconds) done.
[   14.740220] Suspending console(s) (use no_console_suspend to debug)
[   14.748277] asix 2-1:1.0 eth1: Failed to read reg index 0x0000: -19
[   14.748284] asix 2-1:1.0 eth1: Error reading Medium Status register: ffffffed
[   14.748289] asix 2-1:1.0 eth1: Failed to write reg index 0x0000: -19
[   14.748293] asix 2-1:1.0 eth1: Failed to write Medium Mode mode to 0xfeed: ffffffed
[   14.796437] PM: suspend of devices complete after 48.751 msecs
[   14.797246] PM: late suspend of devices complete after 0.800 msecs
[   14.814027] PM: noirq suspend of devices complete after 16.771 msecs
[   14.814030] Disabling non-boot CPUs ...
[   14.814848] CPU1: shutdown
[   14.845068] IRQ17 no longer affine to CPU2
[   14.845349] CPU2: shutdown
[   14.874626] CPU3: shutdown
[   14.899152] Entering suspend state LP1
[   14.899152] Suspended for 3.365 seconds
[   14.899167] Enabling non-boot CPUs ...
[   14.914639] CPU1 is up
[   14.934669] CPU2 is up
[   14.954786] CPU3 is up
[   14.955528] pcieport 0000:00:01.0: nv_msi_ht_cap_quirk didn't locate host bridge
[   14.973487] PM: noirq resume of devices complete after 18.692 msecs
[   14.974689] PM: early resume of devices complete after 0.751 msecs
[   15.490895] PM: resume of devices complete after 516.193 msecs
[   15.597708] Restarting tasks ... done.
root@(none):/# 
root@(none):/# rtcwake -d rtc1 -m mem -s 3
rtcwake: wakeup from "mem" using /dev/rtc1 at Thu Jan  1 00:00:51 1970
[   16.343782] PM: Syncing filesystems ... done.
[   16.358513] Freezing user space processes ... (elapsed 0.001 seconds) done.
[   16.366660] Freezing remaining freezable tasks ... (elapsed 0.001 seconds) done.
[   16.375359] Suspending console(s) (use no_console_suspend to debug)
[   16.383432] asix 2-1:1.0 eth1: Failed to read reg index 0x0000: -19
[   16.383439] asix 2-1:1.0 eth1: Error reading Medium Status register: ffffffed
[   16.383444] asix 2-1:1.0 eth1: Failed to write reg index 0x0000: -19
[   16.383448] asix 2-1:1.0 eth1: Failed to write Medium Mode mode to 0xfeed: ffffffed
[   16.432957] PM: suspend of devices complete after 50.137 msecs
[   16.436829] PM: late suspend of devices complete after 3.864 msecs
[   16.453952] PM: noirq suspend of devices complete after 17.113 msecs
[   16.453955] Disabling non-boot CPUs ...
[   16.454787] CPU1: shutdown
[   16.485312] CPU2: shutdown
[   16.514371] IRQ17 no longer affine to CPU3
[   16.514600] CPU3: shutdown
[   16.539103] Entering suspend state LP1
[   16.539103] Suspended for 3.360 seconds
[   16.539115] Enabling non-boot CPUs ...
[   16.554584] CPU1 is up
[   16.574645] CPU2 is up
[   16.594748] CPU3 is up
[   16.595504] pcieport 0000:00:01.0: nv_msi_ht_cap_quirk didn't locate host bridge
[   16.613469] PM: noirq resume of devices complete after 18.713 msecs
[   16.615203] PM: early resume of devices complete after 1.281 msecs
[   17.127169] PM: resume of devices complete after 511.955 msecs
[   17.233948] Restarting tasks ... done.
root@(none):/# 
root@(none):/# rtcwake -d rtc1 -m mem -s 3
rtcwake: wakeup from "mem" using /dev/rtc1 at Thu Jan  1 00:00:56 1970
[   17.983539] PM: Syncing filesystems ... done.
[   17.998243] Freezing user space processes ... (elapsed 0.001 seconds) done.
[   18.006418] Freezing remaining freezable tasks ... (elapsed 0.001 seconds) done.
[   18.015126] Suspending console(s) (use no_console_suspend to debug)
[   18.023183] asix 2-1:1.0 eth1: Failed to read reg index 0x0000: -19
[   18.023190] asix 2-1:1.0 eth1: Error reading Medium Status register: ffffffed
[   18.023195] asix 2-1:1.0 eth1: Failed to write reg index 0x0000: -19
[   18.023199] asix 2-1:1.0 eth1: Failed to write Medium Mode mode to 0xfeed: ffffffed
[   18.072412] PM: suspend of devices complete after 49.823 msecs
[   18.073236] PM: late suspend of devices complete after 0.813 msecs
[   18.093941] PM: noirq suspend of devices complete after 20.695 msecs
[   18.093946] Disabling non-boot CPUs ...
[   18.094765] CPU1: shutdown
[   18.129992] IRQ17 no longer affine to CPU2
[   18.130275] CPU2: shutdown
[   18.159566] CPU3: shutdown
[   18.184070] Entering suspend state LP1
[   18.184070] Suspended for 3.355 seconds
[   18.184085] Enabling non-boot CPUs ...
[   18.199572] CPU1 is up
[   18.219604] CPU2 is up
[   18.239745] CPU3 is up
[   18.240482] pcieport 0000:00:01.0: nv_msi_ht_cap_quirk didn't locate host bridge
[   18.258426] PM: noirq resume of devices complete after 18.672 msecs
[   18.259600] PM: early resume of devices complete after 0.739 msecs
[   18.780308] PM: resume of devices complete after 520.698 msecs
[   18.887100] Restarting tasks ... done.
root@(none):/# 
root@(none):/# rtcwake -d rtc1 -m mem -s 3
rtcwake: wakeup from "mem" using /dev/rtc1 at Thu Jan  1 00:01:01 1970
[   19.628711] PM: Syncing filesystems ... done.
[   19.643457] Freezing user space processes ... (elapsed 0.001 seconds) done.
[   19.651611] Freezing remaining freezable tasks ... (elapsed 0.001 seconds) done.
[   19.660312] Suspending console(s) (use no_console_suspend to debug)
[   19.668426] asix 2-1:1.0 eth1: Failed to read reg index 0x0000: -19
[   19.668431] asix 2-1:1.0 eth1: Error reading Medium Status register: ffffffed
[   19.668438] asix 2-1:1.0 eth1: Failed to write reg index 0x0000: -19
[   19.668442] asix 2-1:1.0 eth1: Failed to write Medium Mode mode to 0xfeed: ffffffed
[   19.717891] PM: suspend of devices complete after 50.099 msecs
[   19.721637] PM: late suspend of devices complete after 3.737 msecs
[   19.738911] PM: noirq suspend of devices complete after 17.266 msecs
[   19.738914] Disabling non-boot CPUs ...
[   19.739329] IRQ17 no longer affine to CPU1
[   19.739737] CPU1: shutdown
[   19.770238] CPU2: shutdown
[   19.799551] CPU3: shutdown
[   19.824041] Entering suspend state LP1
[   19.824041] Suspended for 3.360 seconds
[   19.824056] Enabling non-boot CPUs ...
[   19.839521] CPU1 is up
[   19.859571] CPU2 is up
[   19.879697] CPU3 is up
[   19.880442] pcieport 0000:00:01.0: nv_msi_ht_cap_quirk didn't locate host bridge
[   19.898409] PM: noirq resume of devices complete after 18.700 msecs
[   19.900195] PM: early resume of devices complete after 1.332 msecs
[   20.420720] PM: resume of devices complete after 520.515 msecs
[   20.527502] Restarting tasks ... done.
root@(none):/# 
root@(none):/# rtcwake -d rtc1 -m mem -s 3
rtcwake: wakeup from "mem" using /dev/rtc1 at Thu Jan  1 00:01:06 1970
[   21.268515] PM: Syncing filesystems ... done.
[   21.283232] Freezing user space processes ... (elapsed 0.001 seconds) done.
[   21.291406] Freezing remaining freezable tasks ... (elapsed 0.001 seconds) done.
[   21.300107] Suspending console(s) (use no_console_suspend to debug)
[   21.308173] asix 2-1:1.0 eth1: Failed to read reg index 0x0000: -19
[   21.308180] asix 2-1:1.0 eth1: Error reading Medium Status register: ffffffed
[   21.308187] asix 2-1:1.0 eth1: Failed to write reg index 0x0000: -19
[   21.308191] asix 2-1:1.0 eth1: Failed to write Medium Mode mode to 0xfeed: ffffffed
[   21.357345] PM: suspend of devices complete after 49.769 msecs
[   21.358720] PM: late suspend of devices complete after 1.365 msecs
[   21.378890] PM: noirq suspend of devices complete after 20.162 msecs
[   21.378893] Disabling non-boot CPUs ...
[   21.379701] CPU1: shutdown
[   21.414963] IRQ17 no longer affine to CPU2
[   21.415247] CPU2: shutdown
[   21.444526] CPU3: shutdown
[   21.468998] Entering suspend state LP1
[   21.468998] Suspended for 3.355 seconds
[   21.469011] Enabling non-boot CPUs ...
[   21.484510] CPU1 is up
[   21.504546] CPU2 is up
[   21.524683] CPU3 is up
[   21.525432] pcieport 0000:00:01.0: nv_msi_ht_cap_quirk didn't locate host bridge
[   21.543380] PM: noirq resume of devices complete after 18.687 msecs
[   21.546074] PM: early resume of devices complete after 2.256 msecs
[   22.070751] PM: resume of devices complete after 524.666 msecs
[   22.177525] Restarting tasks ... done.
root@(none):/# 
root@(none):/# NVTB SYSTEM SUSPEND TEST COMPLETE
