
U-Boot SPL 2014.01-00219-gc4d376f (Feb 18 2014 - 19:57:18)


U-Boot 2014.01-00219-gc4d376f (Feb 18 2014 - 19:57:18)

TEGRA30
Board: NVIDIA Beaver
I2C:   ready
DRAM:  2 GiB
MMC:   Tegra SD/MMC: 0, Tegra SD/MMC: 1
In:    serial
Out:   serial
Err:   serial
Net:   Net Initialization Skipped
No ethernet found.
Hit any key to stop autoboot:  2  0 
Tegra30 (Beaver) # 
Tegra30 (Beaver) # usb reset
(Re)start USB...
USB0:   USB EHCI 1.00
scanning bus 0 for devices... 2 USB Device(s) found
       scanning usb for storage devices... 0 Storage Device(s) found
       scanning usb for ethernet devices... 
Warning: asx0 using MAC address from net device
1 Ethernet Device(s) found
Tegra30 (Beaver) # setenv bootargs 'ignore_loglevel console=ttyS0,115200n8 rw root=/dev/mmcblk0p1 rootwait gpt debug noinitrd earlyprintk init=/bin/bash'
Tegra30 (Beaver) # setenv ipaddr 192.168.100.101; setenv serverip 192.168.100.1; setenv tftpserverip 192.168.100.1
Tegra30 (Beaver) # tftpboot 0x81000000 zImage.multi_v7_defconfig
Using asx0 device
TFTP from server 192.168.100.1; our IP address is 192.168.100.101
Filename 'zImage.multi_v7_defconfig'.
Load address: 0x81000000
Loading: *#################################################################
	 #################################################################
	 #################################################################
	 #################################################################
	 #################################################################
	 #################################################################
	 #################################################################
	 ########
	 3 MiB/s
done
Bytes transferred = 6783272 (678128 hex)
Tegra30 (Beaver) # tftpboot 0x82000000 tegra30-beaver.dtb
Using asx0 device
TFTP from server 192.168.100.1; our IP address is 192.168.100.101
Filename 'tegra30-beaver.dtb'.
Load address: 0x82000000
Loading: *####
	 2.6 MiB/s
done
Bytes transferred = 51467 (c90b hex)
Tegra30 (Beaver) # bootz 0x81000000 - 0x82000000
Kernel image @ 0x81000000 [ 0x000000 - 0x678128 ]
## Flattened Device Tree blob at 82000000
   Booting using the fdt blob at 0x82000000
   Loading Device Tree to 8fff0000, end 8ffff90a ... OK

Starting kernel ...

[    0.000000] Booting Linux on physical CPU 0x0
[    0.000000] Linux version 4.5.0-rc6-68590-gfc77dbd (pwalmsley@sellafield) (gcc version 4.7.3 20130328 (prerelease) (crosstool-NG linaro-1.13.1-4.7-2013.04-20130415 - Linaro GCC 2013.04) ) #1 SMP Sun Feb 28 09:04:57 PST 2016
[    0.000000] CPU: ARMv7 Processor [412fc099] revision 9 (ARMv7), cr=10c5387d
[    0.000000] CPU: PIPT / VIPT nonaliasing data cache, VIPT aliasing instruction cache
[    0.000000] Machine model: NVIDIA Tegra30 Beaver evaluation board
[    0.000000] debug: ignoring loglevel setting.
[    0.000000] cma: Reserved 64 MiB at 0xfb800000
[    0.000000] Memory policy: Data cache writealloc
[    0.000000] On node 0 totalpages: 524032
[    0.000000] free_area_init_node: node 0, pgdat c1070740, node_mem_map eeff8000
[    0.000000]   DMA zone: 1536 pages used for memmap
[    0.000000]   DMA zone: 0 pages reserved
[    0.000000]   DMA zone: 196608 pages, LIFO batch:31
[    0.000000]   HighMem zone: 327424 pages, LIFO batch:31
[    0.000000] PERCPU: Embedded 12 pages/cpu @eef93000 s18880 r8192 d22080 u49152
[    0.000000] pcpu-alloc: s18880 r8192 d22080 u49152 alloc=12*4096
[    0.000000] pcpu-alloc: [0] 0 [0] 1 [0] 2 [0] 3 
[    0.000000] Built 1 zonelists in Zone order, mobility grouping on.  Total pages: 522496
[    0.000000] Kernel command line: ignore_loglevel console=ttyS0,115200n8 rw root=/dev/mmcblk0p1 rootwait gpt debug noinitrd earlyprintk init=/bin/bash
[    0.000000] PID hash table entries: 4096 (order: 2, 16384 bytes)
[    0.000000] Dentry cache hash table entries: 131072 (order: 7, 524288 bytes)
[    0.000000] Inode-cache hash table entries: 65536 (order: 6, 262144 bytes)
[    0.000000] Memory: 1997812K/2096128K available (8499K kernel code, 1113K rwdata, 4044K rodata, 1100K init, 345K bss, 32780K reserved, 65536K cma-reserved, 1244160K highmem)
[    0.000000] Virtual kernel memory layout:
[    0.000000]     vector  : 0xffff0000 - 0xffff1000   (   4 kB)
[    0.000000]     fixmap  : 0xffc00000 - 0xfff00000   (3072 kB)
[    0.000000]     vmalloc : 0xf0800000 - 0xff800000   ( 240 MB)
[    0.000000]     lowmem  : 0xc0000000 - 0xf0000000   ( 768 MB)
[    0.000000]     pkmap   : 0xbfe00000 - 0xc0000000   (   2 MB)
[    0.000000]     modules : 0xbf000000 - 0xbfe00000   (  14 MB)
[    0.000000]       .text : 0xc0208000 - 0xc0e48d6c   (12548 kB)
[    0.000000]       .init : 0xc0e49000 - 0xc0f5c000   (1100 kB)
[    0.000000]       .data : 0xc0f5c000 - 0xc1072740   (1114 kB)
[    0.000000]        .bss : 0xc1075000 - 0xc10cb6e0   ( 346 kB)
[    0.000000] SLUB: HWalign=64, Order=0-3, MinObjects=0, CPUs=4, Nodes=1
[    0.000000] Hierarchical RCU implementation.
[    0.000000] 	Build-time adjustment of leaf fanout to 32.
[    0.000000] 	RCU restricting CPUs from NR_CPUS=16 to nr_cpu_ids=4.
[    0.000000] RCU: Adjusting geometry for rcu_fanout_leaf=32, nr_cpu_ids=4
[    0.000000] NR_IRQS:16 nr_irqs:16 16
[    0.000000] /interrupt-controller@60004000: 160 interrupts forwarded to /interrupt-controller@50041000
[    0.000000] L2C: platform modifies aux control register: 0x02080000 -> 0x3e480001
[    0.000000] L2C: DT/platform modifies aux control register: 0x02080000 -> 0x3e480001
[    0.000000] L2C-310 erratum 769419 enabled
[    0.000000] L2C-310 enabling early BRESP for Cortex-A9
[    0.000000] L2C-310: enabling full line of zeros but not enabled in Cortex-A9
[    0.000000] L2C-310 dynamic clock gating enabled, standby mode enabled
[    0.000000] L2C-310 cache controller enabled, 8 ways, 1024 kB
[    0.000000] L2C-310: CACHE_ID 0x410000c7, AUX_CTRL 0x4e480001
[    0.000014] sched_clock: 32 bits at 1000kHz, resolution 1000ns, wraps every 2147483647500ns
[    0.000033] clocksource: timer_us: mask: 0xffffffff max_cycles: 0xffffffff, max_idle_ns: 1911260446275 ns
[    0.000042] Switching to timer-based delay loop, resolution 1000ns
[    0.002948] Console: colour dummy device 80x30
[    0.002973] Calibrating delay loop (skipped), value calculated using timer frequency.. 2.00 BogoMIPS (lpj=5000)
[    0.002982] pid_max: default: 32768 minimum: 301
[    0.003067] Mount-cache hash table entries: 2048 (order: 1, 8192 bytes)
[    0.003074] Mountpoint-cache hash table entries: 2048 (order: 1, 8192 bytes)
[    0.003496] CPU: Testing write buffer coherency: ok
[    0.003784] CPU0: thread -1, cpu 0, socket 0, mpidr 80000000
[    0.003860] Setting up static identity map for 0x80209000 - 0x80209098
[    0.006157] Tegra Revision: A03 SKU: 128 CPU Process: 4 SoC Process: 0
[    0.007388] CPU1: thread -1, cpu 1, socket 0, mpidr 80000001
[    0.008029] CPU2: thread -1, cpu 2, socket 0, mpidr 80000002
[    0.008661] CPU3: thread -1, cpu 3, socket 0, mpidr 80000003
[    0.008700] Brought up 4 CPUs
[    0.008712] SMP: Total of 4 processors activated (8.00 BogoMIPS).
[    0.008717] CPU: All CPU(s) started in SVC mode.
[    0.009295] devtmpfs: initialized
[    0.017319] VFP support v0.3: implementor 41 architecture 3 part 30 variant 9 rev 4
[    0.017994] clocksource: jiffies: mask: 0xffffffff max_cycles: 0xffffffff, max_idle_ns: 9556302231375000 ns
[    0.021418] pinctrl core: initialized pinctrl subsystem
[    0.022980] NET: Registered protocol family 16
[    0.025471] DMA: preallocated 256 KiB pool for atomic coherent allocations
[    0.039929] cpuidle: using governor menu
[    0.048353] No ATAGs?
[    0.048386] hw-breakpoint: found 5 (+1 reserved) breakpoint and 1 watchpoint registers.
[    0.048394] hw-breakpoint: maximum watchpoint size is 4 bytes.
[    0.051628] Serial: AMBA PL011 UART driver
[    0.052777] tegra-mc 7000f000.memory-controller: no memory timings for RAM code 3 registered
[    0.073022] vdd_5v_sata: Failed to request enable GPIO30: -517
[    0.073095] reg-fixed-voltage regulators:regulator@3: Failed to register regulator: -517
[    0.073203] usb1_vbus: Failed to request enable GPIO238: -517
[    0.073254] reg-fixed-voltage regulators:regulator@4: Failed to register regulator: -517
[    0.073358] usb3_vbus: Failed to request enable GPIO236: -517
[    0.073408] reg-fixed-voltage regulators:regulator@5: Failed to register regulator: -517
[    0.073562] sys_3v3_pexs: Failed to request enable GPIO95: -517
[    0.073613] reg-fixed-voltage regulators:regulator@7: Failed to register regulator: -517
[    0.075734] vgaarb: loaded
[    0.076353] SCSI subsystem initialized
[    0.076508] libata version 3.00 loaded.
[    0.076694] usbcore: registered new interface driver usbfs
[    0.076732] usbcore: registered new interface driver hub
[    0.076767] usbcore: registered new device driver usb
[    0.131720] pps_core: LinuxPPS API ver. 1 registered
[    0.131727] pps_core: Software ver. 5.3.6 - Copyright 2005-2007 Rodolfo Giometti <giometti@linux.it>
[    0.131744] PTP clock support registered
[    0.131905] EDAC MC: Ver: 3.0.0
[    0.133466] clocksource: Switched to clocksource timer_us
[    0.139388] NET: Registered protocol family 2
[    0.139782] TCP established hash table entries: 8192 (order: 3, 32768 bytes)
[    0.139837] TCP bind hash table entries: 8192 (order: 4, 65536 bytes)
[    0.139913] TCP: Hash tables configured (established 8192 bind 8192)
[    0.140001] UDP hash table entries: 512 (order: 2, 16384 bytes)
[    0.140060] UDP-Lite hash table entries: 512 (order: 2, 16384 bytes)
[    0.140244] NET: Registered protocol family 1
[    0.140485] RPC: Registered named UNIX socket transport module.
[    0.140491] RPC: Registered udp transport module.
[    0.140495] RPC: Registered tcp transport module.
[    0.140499] RPC: Registered tcp NFSv4.1 backchannel transport module.
[    0.140518] PCI: CLS 0 bytes, default 64
[    0.141291] hw perfevents: enabled with armv7_cortex_a9 PMU driver, 7 counters available
[    0.142237] futex hash table entries: 1024 (order: 4, 65536 bytes)
[    0.148276] squashfs: version 4.0 (2009/01/31) Phillip Lougher
[    0.148799] NFS: Registering the id_resolver key type
[    0.148835] Key type id_resolver registered
[    0.148840] Key type id_legacy registered
[    0.148892] ntfs: driver 2.1.32 [Flags: R/O].
[    0.149726] bounce: pool size: 64 pages
[    0.149850] Block layer SCSI generic (bsg) driver version 0.4 loaded (major 249)
[    0.149862] io scheduler noop registered
[    0.149870] io scheduler deadline registered
[    0.149892] io scheduler cfq registered (default)
[    0.155346] tegra30-pinctrl 70000868.pinmux: invalid group "sdmmc3_dat6_pd3" for function "rsvd1"
[    0.155360] tegra30-pinctrl 70000868.pinmux: invalid group "sdmmc3_dat7_pd4" for function "rsvd1"
[    0.155374] tegra30-pinctrl 70000868.pinmux: invalid group "vi_vsync_pd6" for function "rsvd1"
[    0.155384] tegra30-pinctrl 70000868.pinmux: invalid group "vi_hsync_pd7" for function "rsvd1"
[    0.155839] tegra30-pinctrl 70000868.pinmux: invalid group "hdmi_int_pn7" for function "rsvd1"
[    0.155889] tegra30-pinctrl 70000868.pinmux: invalid group "ulpi_data3_po4" for function "rsvd1"
[    0.156212] tegra30-pinctrl 70000868.pinmux: invalid group "vi_d10_pt2" for function "rsvd1"
[    0.156225] tegra30-pinctrl 70000868.pinmux: invalid group "vi_d11_pt3" for function "rsvd1"
[    0.156237] tegra30-pinctrl 70000868.pinmux: invalid group "vi_d0_pt4" for function "rsvd1"
[    0.156277] tegra30-pinctrl 70000868.pinmux: invalid group "pu0" for function "rsvd1"
[    0.156307] tegra30-pinctrl 70000868.pinmux: invalid group "pu3" for function "rsvd1"
[    0.156337] tegra30-pinctrl 70000868.pinmux: invalid group "pu6" for function "rsvd1"
[    0.156376] tegra30-pinctrl 70000868.pinmux: invalid group "pv3" for function "rsvd1"
[    0.156861] tegra30-pinctrl 70000868.pinmux: invalid group "pbb0" for function "rsvd1"
[    0.156980] tegra30-pinctrl 70000868.pinmux: invalid group "pcc1" for function "rsvd1"
[    0.162240] tegra-pcie 3000.pcie-controller: 2x3 configuration
[    0.162356] vdd_1v5_gen: supplied by vdd_5v_in
[    0.162398] vdd_pexa,vdd_pexb: supplied by vdd_1v5_gen
[    0.162498] tegra-pcie 3000.pcie-controller: Failed to get supply 'hvdd-pex': -517
[    0.166465] tegra-apbdma 6000a000.dma: Tegra20 APB DMA driver register 32 channels
[    0.167474] tegra-pmc 7000e400.pmc: i2c-thermtrip node not found, emergency thermal reset disabled.
[    0.200128] Serial: 8250/16550 driver, 4 ports, IRQ sharing disabled
[    0.202255] console [ttyS0] disabled
[    0.202291] 70006000.serial: ttyS0 at MMIO 0x70006000 (irq = 331, base_baud = 25500000) is a Tegra
[    1.116793] console [ttyS0] enabled
[    1.120779] SuperH (H)SCI(F) driver initialized
[    1.125902] msm_serial: driver initialized
[    1.130124] STMicroelectronics ASC driver initialized
[    1.136802] [drm] Initialized drm 1.1.0 20060810
[    1.142714] tegra-hdmi 54280000.hdmi: failed to get HDMI regulator
[    1.156561] brd: module loaded
[    1.163498] loop: module loaded
[    1.171598] m25p80 spi32766.1: w25q32 (4096 Kbytes)
[    1.178412] libphy: Fixed MDIO Bus: probed
[    1.182974] CAN device driver interface
[    1.187975] igb: Intel(R) Gigabit Ethernet Network Driver - version 5.3.0-k
[    1.194930] igb: Copyright (c) 2007-2014 Intel Corporation.
[    1.202256] pegasus: v0.9.3 (2013/04/25), Pegasus/Pegasus II USB Ethernet driver
[    1.209696] usbcore: registered new interface driver pegasus
[    1.215382] usbcore: registered new interface driver asix
[    1.220799] usbcore: registered new interface driver ax88179_178a
[    1.226909] usbcore: registered new interface driver cdc_ether
[    1.232781] usbcore: registered new interface driver smsc75xx
[    1.238556] usbcore: registered new interface driver smsc95xx
[    1.244321] usbcore: registered new interface driver net1080
[    1.249999] usbcore: registered new interface driver cdc_subset
[    1.255935] usbcore: registered new interface driver zaurus
[    1.261557] usbcore: registered new interface driver cdc_ncm
[    1.268582] ehci_hcd: USB 2.0 'Enhanced' Host Controller (EHCI) Driver
[    1.275108] ehci-pci: EHCI PCI platform driver
[    1.279582] ehci-platform: EHCI generic platform driver
[    1.284930] ehci-omap: OMAP-EHCI Host Controller driver
[    1.290229] ehci-orion: EHCI orion driver
[    1.294314] SPEAr-ehci: EHCI SPEAr driver
[    1.298389] ehci-st: EHCI STMicroelectronics driver
[    1.303348] ehci-exynos: EHCI EXYNOS driver
[    1.307622] ehci-atmel: EHCI Atmel driver
[    1.311708] tegra-ehci: Tegra EHCI driver
[    1.316042] ohci_hcd: USB 1.1 'Open' Host Controller (OHCI) Driver
[    1.322231] ohci-pci: OHCI PCI platform driver
[    1.326704] ohci-platform: OHCI generic platform driver
[    1.332029] ohci-omap3: OHCI OMAP3 driver
[    1.336116] SPEAr-ohci: OHCI SPEAr driver
[    1.340209] ohci-st: OHCI STMicroelectronics driver
[    1.345164] ohci-atmel: OHCI Atmel driver
[    1.349497] usbcore: registered new interface driver usb-storage
[    1.356472] mousedev: PS/2 mouse device common for all mice
[    1.364146] tegra_rtc 7000e000.rtc: rtc core: registered 7000e000.rtc as rtc1
[    1.371308] tegra_rtc 7000e000.rtc: Tegra internal Real Time Clock
[    1.390006] tps65910-rtc tps65910-rtc: rtc core: registered tps65910-rtc as rtc0
[    1.397601] i2c /dev entries driver
[    1.407770] sdhci: Secure Digital Host Controller Interface driver
[    1.413956] sdhci: Copyright(c) Pierre Ossman
[    1.419257] Synopsys Designware Multimedia Card Interface Driver
[    1.425915] sdhci-pltfm: SDHCI platform and OF driver helper
[    1.432127] sdhci-tegra 78000000.sdhci: Got CD GPIO
[    1.437015] sdhci-tegra 78000000.sdhci: Got WP GPIO
[    1.443036] mmc0: Invalid maximum block size, assuming 512 bytes
[    1.483544] mmc0: SDHCI controller on 78000000.sdhci [78000000.sdhci] using ADMA
[    1.494151] mmc1: Invalid maximum block size, assuming 512 bytes
[    1.533502] mmc1: SDHCI controller on 78000600.sdhci [78000600.sdhci] using ADMA
[    1.542073] ledtrig-cpu: registered to indicate activity on CPUs
[    1.548221] usbcore: registered new interface driver usbhid
[    1.553789] usbhid: USB HID core driver
[    1.560590] NET: Registered protocol family 10
[    1.565608] sit: IPv6 over IPv4 tunneling driver
[    1.572710] NET: Registered protocol family 17
[    1.577170] can: controller area network core (rev 20120528 abi 9)
[    1.583384] NET: Registered protocol family 29
[    1.587829] can: raw protocol (rev 20120528)
[    1.592098] can: broadcast manager protocol (rev 20120528 t)
[    1.597755] can: netlink gateway (rev 20130117) max_hops=1
[    1.603526] Key type dns_resolver registered
[    1.608185] ThumbEE CPU extension supported.
[    1.612471] Registering SWP/SWPB emulation handler
[    1.654632] tegra-pcie 3000.pcie-controller: 2x3 configuration
[    1.660624] sys_3v3,vdd_3v3_alw: supplied by vdd_5v_in
[    1.665781] sys_3v3_pexs: supplied by sys_3v3,vdd_3v3_alw
[    1.674800] tegra-pcie 3000.pcie-controller: probing port 0, using 2 lanes
[    1.695873] mmc1: new high speed MMC card at address 0001
[    1.702781] mmcblk0: mmc1:0001 SEM16G 14.8 GiB 
[    1.708247] mmcblk0boot0: mmc1:0001 SEM16G partition 1 1.00 MiB
[    1.715069] mmcblk0boot1: mmc1:0001 SEM16G partition 2 1.00 MiB
[    1.722309] mmcblk0rpmb: mmc1:0001 SEM16G partition 3 128 KiB
[    1.734353] Primary GPT is invalid, using alternate GPT.
[    1.739680]  mmcblk0: p1 p2 p3 p4 p5
[    1.739992] tegra-pcie 3000.pcie-controller: probing port 2, using 2 lanes
[    2.143857] tegra-pcie 3000.pcie-controller: link 2 down, retrying
[    2.553879] tegra-pcie 3000.pcie-controller: link 2 down, retrying
[    2.963894] tegra-pcie 3000.pcie-controller: link 2 down, retrying
[    2.972082] tegra-pcie 3000.pcie-controller: link 2 down, ignoring
[    2.978389] tegra-pcie 3000.pcie-controller: PCI host bridge to bus 0000:00
[    2.985350] pci_bus 0000:00: root bus resource [mem 0x20000000-0x27ffffff]
[    2.992216] pci_bus 0000:00: root bus resource [mem 0x28000000-0x3fffffff pref]
[    2.999515] pci_bus 0000:00: root bus resource [bus 00-ff]
[    3.004992] pci_bus 0000:00: root bus resource [io  0x1000-0xffff]
[    3.011185] pci 0000:00:01.0: [10de:0e1c] type 01 class 0x060400
[    3.017243] pci 0000:00:01.0: PME# supported from D0 D1 D2 D3hot D3cold
[    3.024011] PCI: bus0: Fast back to back transfers disabled
[    3.029583] pci 0000:00:01.0: bridge configuration invalid ([bus 00-00]), reconfiguring
[    3.037674] pci 0000:01:00.0: [10ec:8168] type 00 class 0x020000
[    3.043689] pci 0000:01:00.0: reg 0x10: [io  0x0000-0x00ff]
[    3.049267] pci 0000:01:00.0: reg 0x18: [mem 0x00000000-0x00000fff 64bit pref]
[    3.056486] pci 0000:01:00.0: reg 0x20: [mem 0x00000000-0x00003fff 64bit pref]
[    3.063766] pci 0000:01:00.0: supports D1 D2
[    3.068024] pci 0000:01:00.0: PME# supported from D0 D1 D2 D3hot D3cold
[    3.083489] PCI: bus1: Fast back to back transfers disabled
[    3.089059] pci_bus 0000:01: busn_res: [bus 01-ff] end is updated to 01
[    3.095726] pci 0000:00:01.0: BAR 9: assigned [mem 0x28000000-0x280fffff 64bit pref]
[    3.103462] pci 0000:00:01.0: BAR 7: assigned [io  0x1000-0x1fff]
[    3.109550] pci 0000:01:00.0: BAR 4: assigned [mem 0x28000000-0x28003fff 64bit pref]
[    3.117291] pci 0000:01:00.0: BAR 2: assigned [mem 0x28004000-0x28004fff 64bit pref]
[    3.125030] pci 0000:01:00.0: BAR 0: assigned [io  0x1000-0x10ff]
[    3.131118] pci 0000:00:01.0: PCI bridge to [bus 01]
[    3.136076] pci 0000:00:01.0:   bridge window [io  0x1000-0x1fff]
[    3.142162] pci 0000:00:01.0:   bridge window [mem 0x28000000-0x280fffff 64bit pref]
[    3.149906] pci 0000:00:01.0: nv_msi_ht_cap_quirk didn't locate host bridge
[    3.156952] pcieport 0000:00:01.0: enabling device (0140 -> 0143)
[    3.163179] pcieport 0000:00:01.0: Signaling PME through PCIe PME interrupt
[    3.170135] pci 0000:01:00.0: Signaling PME through PCIe PME interrupt
[    3.176655] pcie_pme 0000:00:01.0:pcie01: service driver pcie_pme loaded
[    3.183528] r8169 Gigabit Ethernet driver 2.3LK-NAPI loaded
[    3.189110] r8169 0000:01:00.0: enabling device (0140 -> 0143)
[    3.195835] r8169 0000:01:00.0 eth0: RTL8168evl/8111evl at 0xf09f2000, 02:04:4b:01:60:a6, XID 0c900800 IRQ 375
[    3.205835] r8169 0000:01:00.0 eth0: jumbo features [frames: 9200 bytes, tx checksumming: ko]
[    3.215263] +VDD_5V_HDMI: supplied by sys_3v3,vdd_3v3_alw
[    3.220759] vdd_1v8_gen: supplied by vdd_5v_in
[    3.229028] [drm] Supports vblank timestamp caching Rev 2 (21.10.2013).
[    3.235644] [drm] No driver support for vblank timestamp query.
[    3.241580] drm drm: No connectors reported connected with modes
[    3.247585] [drm] Cannot find any crtc or sizes - going 1024x768
[    3.276109] Console: switching to colour frame buffer device 128x48
[    3.289254] drm drm: fb0:  frame buffer device
[    3.308858] [drm] Initialized tegra 0.0.0 20120330 on minor 0
[    3.317547] usb3_vbus: supplied by vdd_5v_in
[    3.324014] utmi_phy_clk_enable: timeout waiting for phy to stabilize
[    3.330474] tegra-ehci 7d004000.usb: EHCI Host Controller
[    3.335882] tegra-ehci 7d004000.usb: new USB bus registered, assigned bus number 1
[    3.344944] tegra-ehci 7d004000.usb: irq 343, io mem 0x7d004000
[    3.358869] tegra-ehci 7d004000.usb: USB 2.0 started, EHCI 1.00
[    3.365306] hub 1-0:1.0: USB hub found
[    3.369087] hub 1-0:1.0: 1 port detected
[    3.374024] tegra-ehci 7d008000.usb: EHCI Host Controller
[    3.379436] tegra-ehci 7d008000.usb: new USB bus registered, assigned bus number 2
[    3.387189] tegra-ehci 7d008000.usb: irq 344, io mem 0x7d008000
[    3.398858] tegra-ehci 7d008000.usb: USB 2.0 started, EHCI 1.00
[    3.405221] hub 2-0:1.0: USB hub found
[    3.408990] hub 2-0:1.0: 1 port detected
[    3.420115] tps65910-rtc tps65910-rtc: setting system clock to 2000-01-01 00:00:02 UTC (946684802)
[    3.434130] vdd_sata,avdd_plle: disabling
[    3.438922] usb1_vbus: disabling
[    3.444879] EXT4-fs (mmcblk0p1): mounting ext3 file system using the ext4 subsystem
[    3.462264] EXT4-fs (mmcblk0p1): warning: mounting fs with errors, running e2fsck is recommended
[    3.474088] EXT4-fs (mmcblk0p1): recovery complete
[    3.478891] EXT4-fs (mmcblk0p1): mounted filesystem with ordered data mode. Opts: (null)
[    3.486995] VFS: Mounted root (ext3 filesystem) on device 179:1.
[    3.504695] devtmpfs: mounted
[    3.508772] Freeing unused kernel memory: 1100K (c0e49000 - c0f5c000)
bash: cannot set terminal process group (-1): Inappropriate ioctl for device
bash: no job control in this shell
root@(none):/# [    3.718885] usb 2-1: new high-speed USB device number 2 using tegra-ehci
mount -t sysfs none /sys
root@(none):/# 
root@(none):/# [    4.670463] asix 2-1:1.0 eth1: register 'asix' at usb-7d008000.usb-1, ASIX AX88772 USB 2.0 Ethernet, 00:50:b6:0f:67:60
mount -t debugfs none /sys/kernel/debug
root@(none):/# 
root@(none):/# rtcwake -d rtc1 -m mem -s 3
rtcwake: wakeup from "mem" using /dev/rtc1 at Thu Jan  1 00:00:21 1970
[    6.470684] PM: Syncing filesystems ... done.
[    6.484552] Freezing user space processes ... (elapsed 0.001 seconds) done.
[    6.492656] Freezing remaining freezable tasks ... (elapsed 0.001 seconds) done.
[    6.501273] Suspending console(s) (use no_console_suspend to debug)
[    6.548577] PM: suspend of devices complete after 40.018 msecs
[    6.549236] PM: late suspend of devices complete after 0.651 msecs
[    6.563937] PM: noirq suspend of devices complete after 14.695 msecs
[    6.563940] Disabling non-boot CPUs ...
[    6.564644] CPU1: shutdown
[    6.589594] IRQ17 no longer affine to CPU2
[    6.589798] CPU2: shutdown
[    6.604419] CPU3: shutdown
[    6.618945] Entering suspend state LP1
[    6.618957] Enabling non-boot CPUs ...
[    6.644457] CPU1 is up
[    6.669579] CPU2 is up
[    6.694687] CPU3 is up
[    6.695306] pcieport 0000:00:01.0: nv_msi_ht_cap_quirk didn't locate host bridge
[    6.708539] PM: noirq resume of devices complete after 13.845 msecs
[    6.709542] PM: early resume of devices complete after 0.628 msecs
[    6.775712] PM: resume of devices complete after 66.159 msecs
[    6.850906] Restarting tasks ... done.
root@(none):/# 
root@(none):/# rtcwake -d rtc1 -m mem -s 3
rtcwake: wakeup from "mem" using /dev/rtc1 at Thu Jan  1 00:00:26 1970
[    8.081858] PM: Syncing filesystems ... done.
[    8.093893] Freezing user space processes ... (elapsed 0.001 seconds) done.
[    8.101979] Freezing remaining freezable tasks ... (elapsed 0.001 seconds) done.
[    8.110595] Suspending console(s) (use no_console_suspend to debug)
[    8.153544] PM: suspend of devices complete after 35.777 msecs
[    8.156556] PM: late suspend of devices complete after 3.005 msecs
[    8.168907] PM: noirq suspend of devices complete after 12.343 msecs
[    8.168911] Disabling non-boot CPUs ...
[    8.169219] IRQ17 no longer affine to CPU1
[    8.169517] CPU1: shutdown
[    8.184763] CPU2: shutdown
[    8.199375] CPU3: shutdown
[    8.213929] Entering suspend state LP1
[    8.213944] Enabling non-boot CPUs ...
[    8.239612] CPU1 is up
[    8.264728] CPU2 is up
[    8.289822] CPU3 is up
[    8.290538] pcieport 0000:00:01.0: nv_msi_ht_cap_quirk didn't locate host bridge
[    8.303508] PM: noirq resume of devices complete after 13.679 msecs
[    8.305683] PM: early resume of devices complete after 1.732 msecs
[    8.376782] PM: resume of devices complete after 71.087 msecs
[    8.452202] Restarting tasks ... done.
root@(none):/# 
root@(none):/# rtcwake -d rtc1 -m mem -s 3
rtcwake: wakeup from "mem" using /dev/rtc1 at Thu Jan  1 00:00:31 1970
[    9.676471] PM: Syncing filesystems ... done.
[    9.690714] Freezing user space processes ... (elapsed 0.001 seconds) done.
[    9.698873] Freezing remaining freezable tasks ... (elapsed 0.001 seconds) done.
[    9.707533] Suspending console(s) (use no_console_suspend to debug)
[    9.749354] PM: suspend of devices complete after 34.349 msecs
[    9.751204] PM: late suspend of devices complete after 1.837 msecs
[    9.763970] PM: noirq suspend of devices complete after 12.756 msecs
[    9.763975] Disabling non-boot CPUs ...
[    9.764726] CPU1: shutdown
[    9.789992] CPU2: shutdown
[    9.804313] IRQ17 no longer affine to CPU3
[    9.804527] CPU3: shutdown
[    9.818942] Entering suspend state LP1
[    9.818957] Enabling non-boot CPUs ...
[    9.844587] CPU1 is up
[    9.869679] CPU2 is up
[    9.894817] CPU3 is up
[    9.895535] pcieport 0000:00:01.0: nv_msi_ht_cap_quirk didn't locate host bridge
[    9.908479] PM: noirq resume of devices complete after 13.653 msecs
[    9.910100] PM: early resume of devices complete after 1.202 msecs
[    9.976865] PM: resume of devices complete after 66.754 msecs
[   10.052299] Restarting tasks ... done.
root@(none):/# 
root@(none):/# rtcwake -d rtc1 -m mem -s 3
rtcwake: wakeup from "mem" using /dev/rtc1 at Thu Jan  1 00:00:36 1970
[   11.281392] PM: Syncing filesystems ... done.
[   11.295633] Freezing user space processes ... (elapsed 0.001 seconds) done.
[   11.303778] Freezing remaining freezable tasks ... (elapsed 0.001 seconds) done.
[   11.312430] Suspending console(s) (use no_console_suspend to debug)
[   11.353857] PM: suspend of devices complete after 33.970 msecs
[   11.357695] PM: late suspend of devices complete after 3.829 msecs
[   11.373934] PM: noirq suspend of devices complete after 16.231 msecs
[   11.373937] Disabling non-boot CPUs ...
[   11.374682] CPU1: shutdown
[   11.404699] IRQ17 no longer affine to CPU2
[   11.404951] CPU2: shutdown
[   11.419433] CPU3: shutdown
[   11.433906] Entering suspend state LP1
[   11.433919] Enabling non-boot CPUs ...
[   11.459553] CPU1 is up
[   11.484648] CPU2 is up
[   11.509778] CPU3 is up
[   11.510491] pcieport 0000:00:01.0: nv_msi_ht_cap_quirk didn't locate host bridge
[   11.523455] PM: noirq resume of devices complete after 13.668 msecs
[   11.525075] PM: early resume of devices complete after 1.210 msecs
[   11.591013] PM: resume of devices complete after 65.926 msecs
[   11.666416] Restarting tasks ... done.
root@(none):/# 
root@(none):/# rtcwake -d rtc1 -m mem -s 3
rtcwake: wakeup from "mem" using /dev/rtc1 at Thu Jan  1 00:00:41 1970
[   12.897417] PM: Syncing filesystems ... done.
[   12.911673] Freezing user space processes ... (elapsed 0.001 seconds) done.
[   12.919834] Freezing remaining freezable tasks ... (elapsed 0.001 seconds) done.
[   12.928487] Suspending console(s) (use no_console_suspend to debug)
[   12.970291] PM: suspend of devices complete after 34.361 msecs
[   12.972630] PM: late suspend of devices complete after 2.329 msecs
[   12.983907] PM: noirq suspend of devices complete after 11.269 msecs
[   12.983912] Disabling non-boot CPUs ...
[   12.984653] CPU1: shutdown
[   13.004701] IRQ17 no longer affine to CPU2
[   13.004945] CPU2: shutdown
[   13.019421] CPU3: shutdown
[   13.033873] Entering suspend state LP1
[   13.033888] Enabling non-boot CPUs ...
[   13.059521] CPU1 is up
[   13.084625] CPU2 is up
[   13.109741] CPU3 is up
[   13.110433] pcieport 0000:00:01.0: nv_msi_ht_cap_quirk didn't locate host bridge
[   13.123433] PM: noirq resume of devices complete after 13.682 msecs
[   13.125533] PM: early resume of devices complete after 1.701 msecs
[   13.196005] PM: resume of devices complete after 70.458 msecs
[   13.271388] Restarting tasks ... done.
root@(none):/# 
root@(none):/# NVTB SYSTEM SUSPEND TEST COMPLETE
