Rebooting device after flashing.
[0000.000] TegraBoot Init
[0000.003] Processing in cold boot mode
NVRM Initialized shmoo database
NVRM CLOCKS: PLLX0:      0 Khz
NVRM CLOCKS: PLLM0:      792000 Khz
NVRM CLOCKS: PLLC0:      0 Khz
NVRM CLOCKS: PLLP0:      408000 Khz
NVRM CLOCKS: PLLA0:      11289 Khz
NVRM CLOCKS: CPU:        12000 Khz
NVRM CLOCKS: AVP:        48000 Khz
NVRM CLOCKS: System Bus: 48000 Khz
NVRM CLOCKS: Memory Controller: 792000
NVRM CLOCKS: External Memory Controller: 792000
0x00 BoardInfo: 0x0001:0x0007:0x065c:0x03e8:0x00:0x42:0x00:0xff:0xff:0xff:0xff:0xff:0xff
 0x01 BoardInfo: 0x0001:0x0007:0x0162:0x0001:0x00:0x42:0x00:0x00:0x00:0x00:0x00:0x00:0x00
 0x02 BoardInfo: 0x0000:0x0000:0x0000:0x0000:0x00:0x00:0x00:0x00:0x00:0x00:0x00:0x00:0x00
 0x03 BoardInfo: 0x0000:0x0000:0x0000:0x0000:0x00:0x00:0x00:0x00:0x00:0x00:0x00:0x00:0x00
 0x04 BoardInfo: 0x0001:0x0007:0x0713:0x03e8:0x00:0x42:0x00:0xff:0xff:0xff:0xff:0xff:0xff
 0x05 BoardInfo: 0x0000:0x0000:0x0000:0x0000:0x00:0x00:0x00:0x00:0x00:0x00:0x00:0x00:0x00
 0x06 BoardInfo: 0x0001:0x0007:0x0176:0x0001:0x01:0x43:0x00:0xff:0xff:0xff:0xff:0xff:0xff
 0x07 BoardInfo: 0x0001:0x0007:0x0156:0x0000:0x00:0x46:0x05:0xff:0xff:0xff:0xff:0xff:0xff
 ADJUSTED CLOCKS:
MC clock is set to 792000 KHz
EMC clock is set to 792000 KHz (DDR clock is at 396000 KHz)
PLLX0 clock is set to      0 KHz
PLLC0 clock is set to      0 KHz
CPU clock is set to  12000 KHz
System and AVP clock is set to  48000 KHz
GraphicsHost clock is set to 163200 KHz
MSENC clock is set to  79200 KHz
Vde clock is set to 204000 KHz

Bootloader-Cpu Init at (time stamp): 1801399 us

Pinmux changes applied in kernel way

[bootloader] (version UNDEF_BUILD)
Platform Pre Boot configuration...
The proc BoardInfo: 0x0176:0x0001:0x01:0x43:0x00
Initializing Display
This Pmu Module is not present.

[bootloader] (version UNDEF_BUILD)

Device - Unlocked 



Serial Number  17418A202140000000A078300 

Checking for android ota recovery 
[NvPartMgrGetIdByName]:Could not find a match for given partition name[NvPartMgrGetIdByName]:Could not find a match for given partition name(FastbootBMPRead) Unsuccesful attempt to read BMP image
Could not render BMP on screen
Cold-booting Linux
Platform Pre OS Boot configuration...
Setting VddId=2 to 1150 mV
FastbootAddAtag: setting ATAG (1413545985)
The proc BoardInfo: 0x0176:0x0001:0x01:0x43:0x00
FastbootAddAtag: setting ATAG (0)

Board Id Read Time: 3 us
Power Rail enable Time: 1 us

Miscellaneous avp time: 1801373  us
Bootloader (AosInit) time: 733463 us
Bootloader Main Init time: 180047 us
BlockDevMgrInit time: 157556 us
PartMgrInit time: 8 us
StorMgrInit time: 31 us
FsMgrInit time: 2 us
Partition Table load: 77058 us 
Display init time: 574432 us
Kernel read time: 375 msec
Load Kernel Size:   16218112 Bytes
Bl Kernel ReadSpeed: 43248000 Bytes/sec
Pre-Kernel Jump time: 1728346 us
Clearing 32 Bit State and Warm resetting to 64bit mode: 5827253 us
[    0.000000] Booting Linux on physical CPU 0x0
[    0.000000] Linux version 4.8.0-rc7-135754-g3be7988 (pwalmsley@tamien) (gcc version 4.9.2 20140904 (prerelease) (crosstool-NG linaro-1.13.1-4.9-2014.09 - Linaro GCC 4.9-2014.09) ) #1 SMP PREEMPT Mon Sep 19 07:38:29 PDT 2016
[    0.000000] Boot CPU: AArch64 Processor [4e0f0000]
[    0.000000] Memory limited to 1734MB
[    0.000000] efi: Getting EFI parameters from FDT:
[    0.000000] efi: UEFI not found.
[    0.000000] cma: Reserved 16 MiB at 0x00000000eb400000
[    0.000000] /cpus/cpu@1: missing enable-method property
[    0.000000] percpu: Embedded 21 pages/cpu @ffff80006c59e000 s47488 r8192 d30336 u86016
[    0.000000] Detected PIPT I-cache on CPU0
[    0.000000] Built 1 zonelists in Zone order, mobility grouping on.  Total pages: 436968
[    0.000000] Kernel command line: tegraid=13.1.3.0.0 mem=1734M@2048M memtype=255 vpr=151M@3817M ddr_die=2048M@2048M section=256M commchip_id=0 usb_port_owner_info=0 lane_owner_info=0 emc_max_dvfs=0 touch_id=0@0 video=tegrafb no_console_suspend=1 console=ttyS0,115200n8 debug_uartport=lsport,0 earlyprintk=uart8250-32bit,0x70006000 usbcore.old_scheme_first=1 lp0_vec=0@0x0 tegra_fbmem=32899072@0xad012000 core_edp_mv=1150 core_edp_ma=4000 pmuboard=0x0176:0x0001:0x01:0x43:0x00 displayboard=0x0162:0x0001:0x00:0x42:0x00 power_supply=Adapter audio_codec=rt5640 board_info=0x0176:0x0001:0x01:0x43:0x00 tegraboot=sdmmc gpt gpt_sector=94207 modem_id=0 android.kerneltype=normal
[    0.000000] PID hash table entries: 4096 (order: 3, 32768 bytes)
[    0.000000] Dentry cache hash table entries: 262144 (order: 9, 2097152 bytes)
[    0.000000] Inode-cache hash table entries: 131072 (order: 8, 1048576 bytes)
[    0.000000] Memory: 1706804K/1775616K available (7932K kernel code, 795K rwdata, 3704K rodata, 960K init, 273K bss, 52428K reserved, 16384K cma-reserved)
[    0.000000] Virtual kernel memory layout:
[    0.000000]     modules : 0xffff000000000000 - 0xffff000008000000   (   128 MB)
[    0.000000]     vmalloc : 0xffff000008000000 - 0xffff7dffbfff0000   (129022 GB)
[    0.000000]       .text : 0xffff000008080000 - 0xffff000008840000   (  7936 KB)
[    0.000000]     .rodata : 0xffff000008840000 - 0xffff000008bf0000   (  3776 KB)
[    0.000000]       .init : 0xffff000008bf0000 - 0xffff000008ce0000   (   960 KB)
[    0.000000]       .data : 0xffff000008ce0000 - 0xffff000008da6c00   (   795 KB)
[    0.000000]        .bss : 0xffff000008da6c00 - 0xffff000008deb0b8   (   274 KB)
[    0.000000]     fixed   : 0xffff7dfffe7fd000 - 0xffff7dfffec00000   (  4108 KB)
[    0.000000]     PCI I/O : 0xffff7dfffee00000 - 0xffff7dffffe00000   (    16 MB)
[    0.000000]     vmemmap : 0xffff7e0000000000 - 0xffff800000000000   (  2048 GB maximum)
[    0.000000]               0xffff7e0000000000 - 0xffff7e0001b18000   (    27 MB actual)
[    0.000000]     memory  : 0xffff800000000000 - 0xffff80006c600000   (  1734 MB)
[    0.000000] SLUB: HWalign=64, Order=0-3, MinObjects=0, CPUs=1, Nodes=1
[    0.000000] Preemptible hierarchical RCU implementation.
[    0.000000] 	Build-time adjustment of leaf fanout to 64.
[    0.000000] 	RCU restricting CPUs from NR_CPUS=64 to nr_cpu_ids=1.
[    0.000000] RCU: Adjusting geometry for rcu_fanout_leaf=64, nr_cpu_ids=1
[    0.000000] NR_IRQS:64 nr_irqs:64 0
[    0.000000] /interrupt-controller@60004000: 160 interrupts forwarded to /interrupt-controller@50041000
[    0.000000] Tegra clk 127: register failed with -17
[    0.000000] arm_arch_timer: Architected cp15 timer(s) running at 12.00MHz (virt).
[    0.000000] clocksource: arch_sys_counter: mask: 0xffffffffffffff max_cycles: 0x2c47f4ee7, max_idle_ns: 440795202497 ns
[    0.000017] sched_clock: 56 bits at 12MHz, resolution 83ns, wraps every 4398046511096ns
[    0.000564] Console: colour dummy device 80x25
[    0.000625] Calibrating delay loop (skipped), value calculated using timer frequency.. 24.00 BogoMIPS (lpj=48000)
[    0.000670] pid_max: default: 32768 minimum: 301
[    0.000981] Security Framework initialized
[    0.001141] Mount-cache hash table entries: 4096 (order: 3, 32768 bytes)
[    0.001176] Mountpoint-cache hash table entries: 4096 (order: 3, 32768 bytes)
[    0.005024] ASID allocator initialised with 256 entries
[    0.035530] EFI services will not be available.
[    0.043432] Brought up 1 CPUs
[    0.043466] SMP: Total of 1 processors activated.
[    0.043506] CPU features: detected feature: 32-bit EL0 Support
[    0.043549] CPU: All CPU(s) started at EL1
[    0.046209] devtmpfs: initialized
[    0.103690] DMI not present or invalid.
[    0.104995] clocksource: jiffies: mask: 0xffffffff max_cycles: 0xffffffff, max_idle_ns: 7645041785100000 ns
[    0.106898] pinctrl core: initialized pinctrl subsystem
[    0.115924] NET: Registered protocol family 16
[    0.139143] cpuidle: using governor menu
[    0.141984] vdso: 2 pages (1 code @ ffff000008846000, 1 data @ ffff000008ce4000)
[    0.142071] hw-breakpoint: found 6 breakpoint and 4 watchpoint registers.
[    0.146367] DMA: preallocated 256 KiB pool for atomic allocations
[    0.148459] Serial: AMBA PL011 UART driver
[    0.354402] HugeTLB registered 2 MB page size, pre-allocated 0 pages
[    0.367661] ACPI: Interpreter disabled.
[    0.369531] +5V_SYS: supplied by +VDD_MUX
[    0.372761] +3.3V_SYS: supplied by +VDD_MUX
[    0.375996] +VDD_LED: Failed to request enable GPIO122: -517
[    0.376114] reg-fixed-voltage regulators:regulator@5: Failed to register regulator: -517
[    0.376410] +5V_USB_HS: Failed to request enable GPIO108: -517
[    0.376451] reg-fixed-voltage regulators:regulator@6: Failed to register regulator: -517
[    0.376727] +5V_USB_SS: Failed to request enable GPIO109: -517
[    0.376765] reg-fixed-voltage regulators:regulator@7: Failed to register regulator: -517
[    0.377387] +1.05V_RUN_AVDD_HDMI_PLL_AP_GATE: Failed to request enable GPIO63: -517
[    0.377427] reg-fixed-voltage regulators:regulator@9: Failed to register regulator: -517
[    0.377708] +5V_HDMI_CON: Failed to request enable GPIO86: -517
[    0.377747] reg-fixed-voltage regulators:regulator@10: Failed to register regulator: -517
[    0.378023] +5V_VDD_TS: Failed to request enable GPIO81: -517
[    0.378061] reg-fixed-voltage regulators:regulator@11: Failed to register regulator: -517
[    0.382035] vgaarb: loaded
[    0.384383] SCSI subsystem initialized
[    0.387914] usbcore: registered new interface driver usbfs
[    0.388453] usbcore: registered new interface driver hub
[    0.389108] usbcore: registered new device driver usb
[    0.399880] pps_core: LinuxPPS API ver. 1 registered
[    0.399915] pps_core: Software ver. 5.3.6 - Copyright 2005-2007 Rodolfo Giometti <giometti@linux.it>
[    0.400278] PTP clock support registered
[    0.401710] dmi: Firmware registration failed.
[    0.404172] Advanced Linux Sound Architecture Driver Initialized.
[    0.414832] clocksource: Switched to clocksource arch_sys_counter
[    0.415309] VFS: Disk quotas dquot_6.6.0
[    0.415488] VFS: Dquot-cache hash table entries: 512 (order 0, 4096 bytes)
[    0.417555] pnp: PnP ACPI: disabled
[    0.477978] NET: Registered protocol family 2
[    0.481006] TCP established hash table entries: 16384 (order: 5, 131072 bytes)
[    0.481758] TCP bind hash table entries: 16384 (order: 6, 262144 bytes)
[    0.482609] TCP: Hash tables configured (established 16384 bind 16384)
[    0.483552] UDP hash table entries: 1024 (order: 3, 32768 bytes)
[    0.483701] UDP-Lite hash table entries: 1024 (order: 3, 32768 bytes)
[    0.484316] NET: Registered protocol family 1
[    0.495706] RPC: Registered named UNIX socket transport module.
[    0.495745] RPC: Registered udp transport module.
[    0.495772] RPC: Registered tcp transport module.
[    0.495797] RPC: Registered tcp NFSv4.1 backchannel transport module.
[    0.496655] Unpacking initramfs...
[    1.129896] Freeing initrd memory: 2364K (ffff800001680000 - ffff8000018cf000)
[    1.133662] kvm [1]: HYP mode not available
[    1.141706] futex hash table entries: 256 (order: 3, 32768 bytes)
[    1.141900] audit: initializing netlink subsys (disabled)
[    1.142020] audit: type=2000 audit(1.119:1): initialized
[    1.151668] workingset: timestamp_bits=46 max_order=19 bucket_order=0
[    1.228045] squashfs: version 4.0 (2009/01/31) Phillip Lougher
[    1.238318] NFS: Registering the id_resolver key type
[    1.238569] Key type id_resolver registered
[    1.238599] Key type id_legacy registered
[    1.238653] nfs4filelayout_init: NFSv4 File Layout Driver Registering...
[    1.239896] 9p: Installing v9fs 9p2000 file system support
[    1.253383] io scheduler noop registered
[    1.254287] io scheduler cfq registered (default)
[    1.263703] tegra-xusb-padctl 7009f000.padctl: deprecated DT, using legacy driver
[    1.265982] libphy: mdio_driver_register: phy-bcm-ns2-pci
[    1.340550] tegra-apbdma 60020000.dma: Tegra20 APB DMA driver register 32 channels
[    1.346532] tegra-pmc 7000e400.pmc: i2c-thermtrip node not found, emergency thermal reset disabled.
[    1.349113] xenfs: not registering filesystem on non-xen platform
[    1.380351] Serial: 8250/16550 driver, 4 ports, IRQ sharing disabled
[    1.391902] console [ttyS0] disabled
[    1.392052] 70006000.serial: ttyS0 at MMIO 0x70006000 (irq = 317, base_baud = 25500000) is a Tegra
[    2.218327] console [ttyS0] enabled
[    2.224634] SuperH (H)SCI(F) driver initialized
[    2.231887] msm_serial: driver initialized
[    2.239129] Unable to detect cache hierarchy from DT for CPU 0
[    2.311458] loop: module loaded
[    2.333282] libphy: Fixed MDIO Bus: probed
[    2.343194] tun: Universal TUN/TAP device driver, 1.6
[    2.350705] tun: (C) 1999-2004 Max Krasnyansky <maxk@qualcomm.com>
[    2.362111] e1000e: Intel(R) PRO/1000 Network Driver - 3.2.6-k
[    2.368874] e1000e: Copyright(c) 1999 - 2015 Intel Corporation.
[    2.375680] igb: Intel(R) Gigabit Ethernet Network Driver - version 5.3.0-k
[    2.383099] igb: Copyright (c) 2007-2014 Intel Corporation.
[    2.389243] igbvf: Intel(R) Gigabit Virtual Function Network Driver - version 2.0.2-k
[    2.397416] igbvf: Copyright (c) 2009 - 2012 Intel Corporation.
[    2.403946] sky2: driver version 1.30
[    2.411116] VFIO - User Level meta-driver version: 0.3
[    2.442686] ehci_hcd: USB 2.0 'Enhanced' Host Controller (EHCI) Driver
[    2.450079] ehci-pci: EHCI PCI platform driver
[    2.455618] ehci-platform: EHCI generic platform driver
[    2.462078] ehci-exynos: EHCI EXYNOS driver
[    2.467437] ehci-msm: Qualcomm On-Chip EHCI Host Controller
[    2.473915] ohci_hcd: USB 1.1 'Open' Host Controller (OHCI) Driver
[    2.480564] ohci-pci: OHCI PCI platform driver
[    2.485498] ohci-platform: OHCI generic platform driver
[    2.491691] ohci-exynos: OHCI EXYNOS driver
[    2.499118] usbcore: registered new interface driver usb-storage
[    2.513568] mousedev: PS/2 mouse device common for all mice
[    2.534329] tegra_rtc 7000e000.rtc: rtc core: registered 7000e000.rtc as rtc1
[    2.542030] tegra_rtc 7000e000.rtc: Tegra internal Real Time Clock
[    2.549293] i2c /dev entries driver
[    2.573686] sdhci: Secure Digital Host Controller Interface driver
[    2.580732] sdhci: Copyright(c) Pierre Ossman
[    2.585744] Synopsys Designware Multimedia Card Interface Driver
[    2.594962] sdhci-pltfm: SDHCI platform and OF driver helper
[    2.602081] sdhci-tegra 700b0400.sdhci: Got CD GPIO
[    2.607245] sdhci-tegra 700b0400.sdhci: Got WP GPIO
[    2.613197] mmc0: Unknown controller version (3). You may experience problems.
[    2.621634] mmc0: Invalid maximum block size, assuming 512 bytes
[    2.674990] mmc0: SDHCI controller on 700b0600.sdhci [700b0600.sdhci] using ADMA 64-bit
[    2.694013] ledtrig-cpu: registered to indicate activity on CPUs
[    2.717090] usbcore: registered new interface driver usbhid
[    2.723062] usbhid: USB HID core driver
[    2.746455] NET: Registered protocol family 17
[    2.752341] 9pnet: Installing 9P2000 support
[    2.757591] Key type dns_resolver registered
[    2.766443] mmc0: new high speed MMC card at address 0001
[    2.775604] registered taskstats version 1
[    2.783160] +VDD_LED: supplied by +VDD_MUX
[    2.784745] +5V_USB_HS: supplied by +5V_SYS
[    2.785918] +5V_USB_SS: supplied by +5V_SYS
[    2.789778] +5V_HDMI_CON: supplied by +5V_SYS
[    2.798209] sdhci-tegra 700b0400.sdhci: Got CD GPIO
[    2.798266] sdhci-tegra 700b0400.sdhci: Got WP GPIO
[    2.808582] input: gpio-keys as /devices/platform/gpio-keys/input/input0
[    2.809904] hctosys: unable to open rtc device (rtc0)
[    2.812380] sdhci-tegra 700b0400.sdhci: Got CD GPIO
[    2.812437] sdhci-tegra 700b0400.sdhci: Got WP GPIO
[    2.895553] +3.3V_AVDD_HDMI_AP_GATED: disabling
[    2.895568] +VDD_LED: disabling
[    2.895582] +5V_USB_HS: disabling
[    2.895594] +5V_USB_SS: disabling
[    2.895605] +1.05V_RUN_AVDD_HDMI_PLL_AP_GATE: disabling
[    2.895617] +5V_HDMI_CON: disabling
[    2.896429] ALSA device list:
[    2.896438]   No soundcards found.
[    2.928112] Freeing unused kernel memory: 960K (ffff800000bf0000 - ffff800000ce0000)
[    2.943292] mmcblk0: mmc0:0001 SEM16G 14.7 GiB 
[    2.964740] mmcblk0boot0: mmc0:0001 SEM16G partition 1 4.00 MiB
[    2.980941] mmcblk0boot1: mmc0:0001 SEM16G partition 2 4.00 MiB
[    2.992574] mmcblk0rpmb: mmc0:0001 SEM16G partition 3 4.00 MiB
[    3.008219]  mmcblk0: p1 p2 p3 p4 p5 p6 p7 p8
[    3.031661] sdhci-tegra 700b0400.sdhci: Got CD GPIO
[    3.037388] sdhci-tegra 700b0400.sdhci: Got WP GPIO

System initialization...

Mounting /proc :[SUCCESS]
Mounting /sys :[SUCCESS]
Mounting /dev :[SUCCESS]
Mounting /dev/pts :[SUCCESS]
Mounting /sys/kernel/debug :[SUCCESS]
Mounting other filesystems :[SUCCESS]
Enabling hot-plug :[SUCCESS]
Populating /dev :[SUCCESS]
Starting syslogd :[SUCCESS]
Starting telnetd :[SUCCESS]

System initialization complete.

Please press Enter to activate this console. 