
U-Boot SPL 2014.07-00097-g772e173 (Jul 25 2014 - 20:02:52)


U-Boot 2014.07-00097-g772e173 (Jul 25 2014 - 20:02:52)

TEGRA124
Board: NVIDIA Jetson TK1
I2C:   ready
DRAM:  2 GiB
MMC:   Tegra SD/MMC: 0, Tegra SD/MMC: 1
In:    serial
Out:   serial
Err:   serial
Net:   Net Initialization Skipped
No ethernet found.
Hit any key to stop autoboot:  2  0 
Tegra124 (Jetson TK1) # 
Tegra124 (Jetson TK1) # usb reset
(Re)start USB...
USB0:   USB EHCI 1.10
scanning bus 0 for devices... 1 USB Device(s) found
USB1:   USB EHCI 1.10
scanning bus 1 for devices... 2 USB Device(s) found
       scanning usb for storage devices... 0 Storage Device(s) found
       scanning usb for ethernet devices... 
Warning: asx0 using MAC address from net device
1 Ethernet Device(s) found
Tegra124 (Jetson TK1) # setenv bootargs 'ignore_loglevel console=ttyS0,115200n8 rw root=/dev/mmcblk0p1 rootwait gpt debug init=/bin/bash noinitrd'
Tegra124 (Jetson TK1) # setenv ipaddr 192.168.100.102; setenv serverip 192.168.100.1; setenv tftpserverip 192.168.100.1
Tegra124 (Jetson TK1) # tftpboot 0x81000000 zImage.multi_v7_defconfig
Using asx0 device
TFTP from server 192.168.100.1; our IP address is 192.168.100.102
Filename 'zImage.multi_v7_defconfig'.
Load address: 0x81000000
Loading: *#################################################################
	 #################################################################
	 #################################################################
	 #################################################################
	 #################################################################
	 #################################################################
	 #########################
	 3.2 MiB/s
done
Bytes transferred = 6082800 (5cd0f0 hex)
Tegra124 (Jetson TK1) # tftpboot 0x82000000 tegra124-jetson-tk1.dtb
Using asx0 device
TFTP from server 192.168.100.1; our IP address is 192.168.100.102
Filename 'tegra124-jetson-tk1.dtb'.
Load address: 0x82000000
Loading: *####
	 2.8 MiB/s
done
Bytes transferred = 49059 (bfa3 hex)
Tegra124 (Jetson TK1) # bootz 0x81000000 - 0x82000000
Kernel image @ 0x81000000 [ 0x000000 - 0x5cd0f0 ]
## Flattened Device Tree blob at 82000000
   Booting using the fdt blob at 0x82000000
   Using Device Tree in place at 82000000, end 8200efa2

Starting kernel ...

[    0.000000] Booting Linux on physical CPU 0x0
[    0.000000] Linux version 4.0.0-00776-g39a8804 (pwalmsley@sellafield) (gcc version 4.7.3 20130328 (prerelease) (crosstool-NG linaro-1.13.1-4.7-2013.04-20130415 - Linaro GCC 2013.04) ) #1 SMP Mon Apr 13 09:56:56 PDT 2015
[    0.000000] CPU: ARMv7 Processor [413fc0f3] revision 3 (ARMv7), cr=10c5387d
[    0.000000] CPU: PIPT / VIPT nonaliasing data cache, PIPT instruction cache
[    0.000000] Machine model: NVIDIA Tegra124 Jetson TK1
[    0.000000] debug: ignoring loglevel setting.
[    0.000000] cma: Reserved 64 MiB at 0xfb800000
[    0.000000] Memory policy: Data cache writealloc
[    0.000000] On node 0 totalpages: 524032
[    0.000000] free_area_init_node: node 0, pgdat c0ec7880, node_mem_map ee7f8000
[    0.000000]   DMA zone: 1520 pages used for memmap
[    0.000000]   DMA zone: 0 pages reserved
[    0.000000]   DMA zone: 194560 pages, LIFO batch:31
[    0.000000]   HighMem zone: 329472 pages, LIFO batch:31
[    0.000000] PERCPU: Embedded 11 pages/cpu @ee79a000 s12480 r8192 d24384 u45056
[    0.000000] pcpu-alloc: s12480 r8192 d24384 u45056 alloc=11*4096
[    0.000000] pcpu-alloc: [0] 0 [0] 1 [0] 2 [0] 3 
[    0.000000] Built 1 zonelists in Zone order, mobility grouping on.  Total pages: 522512
[    0.000000] Kernel command line: ignore_loglevel console=ttyS0,115200n8 rw root=/dev/mmcblk0p1 rootwait gpt debug init=/bin/bash noinitrd
[    0.000000] PID hash table entries: 4096 (order: 2, 16384 bytes)
[    0.000000] Dentry cache hash table entries: 131072 (order: 7, 524288 bytes)
[    0.000000] Inode-cache hash table entries: 65536 (order: 6, 262144 bytes)
[    0.000000] Memory: 1999580K/2096128K available (7834K kernel code, 1013K rwdata, 3412K rodata, 796K init, 316K bss, 31012K reserved, 65536K cma-reserved, 1252352K highmem)
[    0.000000] Virtual kernel memory layout:
[    0.000000]     vector  : 0xffff0000 - 0xffff1000   (   4 kB)
[    0.000000]     fixmap  : 0xffc00000 - 0xfff00000   (3072 kB)
[    0.000000]     vmalloc : 0xf0000000 - 0xff000000   ( 240 MB)
[    0.000000]     lowmem  : 0xc0000000 - 0xef800000   ( 760 MB)
[    0.000000]     pkmap   : 0xbfe00000 - 0xc0000000   (   2 MB)
[    0.000000]     modules : 0xbf000000 - 0xbfe00000   (  14 MB)
[    0.000000]       .text : 0xc0208000 - 0xc0d04b40   (11251 kB)
[    0.000000]       .init : 0xc0d05000 - 0xc0dcc000   ( 796 kB)
[    0.000000]       .data : 0xc0dcc000 - 0xc0ec97a0   (1014 kB)
[    0.000000]        .bss : 0xc0ec97a0 - 0xc0f188a8   ( 317 kB)
[    0.000000] SLUB: HWalign=64, Order=0-3, MinObjects=0, CPUs=4, Nodes=1
[    0.000000] Hierarchical RCU implementation.
[    0.000000] 	Additional per-CPU info printed with stalls.
[    0.000000] 	RCU restricting CPUs from NR_CPUS=16 to nr_cpu_ids=4.
[    0.000000] RCU: Adjusting geometry for rcu_fanout_leaf=16, nr_cpu_ids=4
[    0.000000] NR_IRQS:16 nr_irqs:16 16
[    0.000000] L2C: failed to init: -19
[    0.000008] sched_clock: 32 bits at 1000kHz, resolution 1000ns, wraps every 2147483648000ns
[    0.000028] Switching to timer-based delay loop, resolution 1000ns
[    0.003885] Architected cp15 timer(s) running at 12.00MHz (virt).
[    0.003907] sched_clock: 56 bits at 12MHz, resolution 83ns, wraps every 2863311536128ns
[    0.003920] Switching to timer-based delay loop, resolution 83ns
[    0.004303] Console: colour dummy device 80x30
[    0.004325] Calibrating delay loop (skipped), value calculated using timer frequency.. 24.00 BogoMIPS (lpj=60000)
[    0.004339] pid_max: default: 32768 minimum: 301
[    0.004451] Mount-cache hash table entries: 2048 (order: 1, 8192 bytes)
[    0.004463] Mountpoint-cache hash table entries: 2048 (order: 1, 8192 bytes)
[    0.005054] CPU: Testing write buffer coherency: ok
[    0.005258] /cpus/cpu@0 missing clock-frequency property
[    0.005291] /cpus/cpu@1 missing clock-frequency property
[    0.005324] /cpus/cpu@2 missing clock-frequency property
[    0.005358] /cpus/cpu@3 missing clock-frequency property
[    0.005370] CPU0: thread -1, cpu 0, socket 0, mpidr 80000000
[    0.005417] Setting up static identity map for 0x809682c8 - 0x80968360
[    0.008030] Tegra Revision: A01 SKU: 129 CPU Process: 1 Core Process: 1
[    0.009185] CPU1: thread -1, cpu 1, socket 0, mpidr 80000001
[    0.009703] CPU2: thread -1, cpu 2, socket 0, mpidr 80000002
[    0.010205] CPU3: thread -1, cpu 3, socket 0, mpidr 80000003
[    0.010270] Brought up 4 CPUs
[    0.010291] SMP: Total of 4 processors activated (96.00 BogoMIPS).
[    0.010298] CPU: All CPU(s) started in SVC mode.
[    0.010814] devtmpfs: initialized
[    0.011678] VFP support v0.3: implementor 41 architecture 4 part 30 variant f rev 0
[    0.013786] pinctrl core: initialized pinctrl subsystem
[    0.030627] NET: Registered protocol family 16
[    0.032619] DMA: preallocated 256 KiB pool for atomic coherent allocations
[    0.048693] cpuidle: using governor ladder
[    0.063713] cpuidle: using governor menu
[    0.078784] No ATAGs?
[    0.078820] hw-breakpoint: found 5 (+1 reserved) breakpoint and 4 watchpoint registers.
[    0.078829] hw-breakpoint: maximum watchpoint size is 8 bytes.
[    0.082506] Serial: AMBA PL011 UART driver
[    0.112743] +5V_SYS: supplied by +VDD_MUX
[    0.113030] +3.3V_SYS: supplied by +VDD_MUX
[    0.113174] platform regulators:regulator@3: Driver reg-fixed-voltage requests probe deferral
[    0.113388] reg-fixed-voltage regulators:regulator@4: Failed to find supply vin
[    0.113513] reg-fixed-voltage regulators:regulator@4: Failed to register regulator: -517
[    0.113534] platform regulators:regulator@4: Driver reg-fixed-voltage requests probe deferral
[    0.113731] +USB0_VBUS_SW: Failed to request enable GPIO108: -517
[    0.113861] reg-fixed-voltage regulators:regulator@7: Failed to register regulator: -517
[    0.113881] platform regulators:regulator@7: Driver reg-fixed-voltage requests probe deferral
[    0.114072] +5V_USB_HS: Failed to request enable GPIO109: -517
[    0.114179] reg-fixed-voltage regulators:regulator@8: Failed to register regulator: -517
[    0.114200] platform regulators:regulator@8: Driver reg-fixed-voltage requests probe deferral
[    0.114280] platform regulators:regulator@10: Driver reg-fixed-voltage requests probe deferral
[    0.114468] +1.05V_RUN_AVDD_HDMI_PLL: Failed to request enable GPIO63: -517
[    0.114576] reg-fixed-voltage regulators:regulator@11: Failed to register regulator: -517
[    0.114597] platform regulators:regulator@11: Driver reg-fixed-voltage requests probe deferral
[    0.114782] +5V_HDMI_CON: Failed to request enable GPIO86: -517
[    0.114890] reg-fixed-voltage regulators:regulator@12: Failed to register regulator: -517
[    0.114910] platform regulators:regulator@12: Driver reg-fixed-voltage requests probe deferral
[    0.115095] +5V_SATA: Failed to request enable GPIO242: -517
[    0.115202] reg-fixed-voltage regulators:regulator@13: Failed to register regulator: -517
[    0.115221] platform regulators:regulator@13: Driver reg-fixed-voltage requests probe deferral
[    0.115406] +12V_SATA: Failed to request enable GPIO242: -517
[    0.115513] reg-fixed-voltage regulators:regulator@14: Failed to register regulator: -517
[    0.115532] platform regulators:regulator@14: Driver reg-fixed-voltage requests probe deferral
[    0.118231] vgaarb: loaded
[    0.118947] SCSI subsystem initialized
[    0.119121] libata version 3.00 loaded.
[    0.119443] usbcore: registered new interface driver usbfs
[    0.119517] usbcore: registered new interface driver hub
[    0.119590] usbcore: registered new device driver usb
[    0.122911] media: Linux media interface: v0.10
[    0.122973] Linux video capture interface: v2.00
[    0.123024] pps_core: LinuxPPS API ver. 1 registered
[    0.123032] pps_core: Software ver. 5.3.6 - Copyright 2005-2007 Rodolfo Giometti <giometti@linux.it>
[    0.123061] PTP clock support registered
[    0.123295] EDAC MC: Ver: 3.0.0
[    0.124417] Advanced Linux Sound Architecture Driver Initialized.
[    0.125490] Switched to clocksource arch_sys_counter
[    0.136601] NET: Registered protocol family 2
[    0.137186] TCP established hash table entries: 8192 (order: 3, 32768 bytes)
[    0.137275] TCP bind hash table entries: 8192 (order: 4, 65536 bytes)
[    0.137461] TCP: Hash tables configured (established 8192 bind 8192)
[    0.137505] TCP: reno registered
[    0.137518] UDP hash table entries: 512 (order: 2, 16384 bytes)
[    0.137559] UDP-Lite hash table entries: 512 (order: 2, 16384 bytes)
[    0.137737] NET: Registered protocol family 1
[    0.137969] RPC: Registered named UNIX socket transport module.
[    0.137978] RPC: Registered udp transport module.
[    0.137985] RPC: Registered tcp transport module.
[    0.137993] RPC: Registered tcp NFSv4.1 backchannel transport module.
[    0.138010] PCI: CLS 0 bytes, default 64
[    0.140231] futex hash table entries: 1024 (order: 4, 65536 bytes)
[    0.152089] squashfs: version 4.0 (2009/01/31) Phillip Lougher
[    0.153011] NFS: Registering the id_resolver key type
[    0.153038] Key type id_resolver registered
[    0.153047] Key type id_legacy registered
[    0.153116] ntfs: driver 2.1.31 [Flags: R/O].
[    0.154271] bounce: pool size: 64 pages
[    0.154493] Block layer SCSI generic (bsg) driver version 0.4 loaded (major 248)
[    0.154510] io scheduler noop registered
[    0.154524] io scheduler deadline registered
[    0.154727] io scheduler cfq registered (default)
[    0.170229] tegra-pcie 1003000.pcie-controller: 2x1, 1x1 configuration
[    0.170277] tegra-pcie 1003000.pcie-controller: Failed to get supply 'avddio-pex': -517
[    0.170313] platform 1003000.pcie-controller: Driver tegra-pcie requests probe deferral
[    0.176631] tegra-apbdma 60020000.dma: Tegra20 APB DMA driver register 32 channels
[    0.177326] tegra-pmc 7000e400.pmc: emergency thermal reset enabled
[    0.240426] Serial: 8250/16550 driver, 4 ports, IRQ sharing disabled
[    0.242678] SuperH (H)SCI(F) driver initialized
[    0.243392] msm_serial: driver initialized
[    0.244227] console [ttyS0] disabled
[    0.244262] 70006300.serial: ttyS0 at MMIO 0x70006300 (irq = 330, base_baud = 25500000) is a Tegra
[    1.140133] console [ttyS0] enabled
[    1.144423] STMicroelectronics ASC driver initialized
[    1.151629] [drm] Initialized drm 1.1.0 20060810
[    1.157981] tegra-hdmi 54280000.hdmi: failed to get HDMI regulator
[    1.164188] platform 54280000.hdmi: Driver tegra-hdmi requests probe deferral
[    1.178125] loop: module loaded
[    1.181584] at24 0-0056: 256 byte 24c02 EEPROM, writable, 8 bytes/write
[    1.189508] as3722 4-0040: AS3722 with revision 0x1 found
[    1.200573] +1.35V_LP0(sd2): supplied by +5V_SYS
[    1.205739] +1.35V_LP0(sd3): supplied by +5V_SYS
[    1.210920] +1.05V_RUN: supplied by +5V_SYS
[    1.215525] +1.8V_VDDIO: supplied by +5V_SYS
[    1.221585] +1.05V_RUN_AVDD: supplied by +1.35V_LP0(sd2)
[    1.227907] as3722-regulator as3722-regulator: Failed to find supply vin-ldo1-6
[    1.235343] as3722-regulator as3722-regulator: regulator 8 register failed -517
[    1.243943] platform as3722-regulator: Driver as3722-regulator requests probe deferral
[    1.254102] tegra-ahci 70027000.sata: Failed to get supply 'avdd': -517
[    1.260730] tegra-ahci 70027000.sata: Failed to get regulators
[    1.266599] platform 70027000.sata: Driver tegra-ahci requests probe deferral
[    1.277901] m25p80 spi32765.0: w25q32dw (4096 Kbytes)
[    1.286201] CAN device driver interface
[    1.291202] igb: Intel(R) Gigabit Ethernet Network Driver - version 5.2.15-k
[    1.298251] igb: Copyright (c) 2007-2014 Intel Corporation.
[    1.305953] pegasus: v0.9.3 (2013/04/25), Pegasus/Pegasus II USB Ethernet driver
[    1.313405] usbcore: registered new interface driver pegasus
[    1.319135] usbcore: registered new interface driver asix
[    1.324588] usbcore: registered new interface driver ax88179_178a
[    1.330734] usbcore: registered new interface driver cdc_ether
[    1.336642] usbcore: registered new interface driver smsc75xx
[    1.342465] usbcore: registered new interface driver smsc95xx
[    1.348265] usbcore: registered new interface driver net1080
[    1.353976] usbcore: registered new interface driver cdc_subset
[    1.359947] usbcore: registered new interface driver zaurus
[    1.365611] usbcore: registered new interface driver cdc_ncm
[    1.372407] ehci_hcd: USB 2.0 'Enhanced' Host Controller (EHCI) Driver
[    1.378943] ehci-pci: EHCI PCI platform driver
[    1.383444] ehci-platform: EHCI generic platform driver
[    1.388877] ehci-omap: OMAP-EHCI Host Controller driver
[    1.394246] ehci-orion: EHCI orion driver
[    1.398400] SPEAr-ehci: EHCI SPEAr driver
[    1.402558] ehci-st: EHCI STMicroelectronics driver
[    1.407581] ehci-exynos: EHCI EXYNOS driver
[    1.411932] tegra-ehci: Tegra EHCI driver
[    1.416217] platform 7d004000.usb: Driver tegra-ehci requests probe deferral
[    1.423412] platform 7d008000.usb: Driver tegra-ehci requests probe deferral
[    1.430551] ohci_hcd: USB 1.1 'Open' Host Controller (OHCI) Driver
[    1.436749] ohci-pci: OHCI PCI platform driver
[    1.441257] ohci-platform: OHCI generic platform driver
[    1.446653] ohci-omap3: OHCI OMAP3 driver
[    1.450808] SPEAr-ohci: OHCI SPEAr driver
[    1.454953] ohci-st: OHCI STMicroelectronics driver
[    1.460052] usbcore: registered new interface driver usb-storage
[    1.466288] tegra-phy 7d004000.usb-phy: no vbus regulator
[    1.471985] platform 7d008000.usb-phy: Driver tegra-phy requests probe deferral
[    1.481053] mousedev: PS/2 mouse device common for all mice
[    1.490210] as3722-rtc as3722-rtc: rtc core: registered as3722-rtc as rtc0
[    1.497104] as3722-rtc as3722-rtc: RTC interrupt 364
[    1.505290] tegra_rtc 7000e000.rtc: rtc core: registered 7000e000.rtc as rtc1
[    1.512480] tegra_rtc 7000e000.rtc: Tegra internal Real Time Clock
[    1.519248] i2c /dev entries driver
[    1.525587] usbcore: registered new interface driver uvcvideo
[    1.531339] USB Video Class driver (1.1.1)
[    1.535432] gspca_main: v2.14.0 registered
[    1.540856] 0-004c supply vcc not found, using dummy regulator
[    1.551358] Driver 'mmcblk' needs updating - please use bus_type methods
[    1.558138] sdhci: Secure Digital Host Controller Interface driver
[    1.564321] sdhci: Copyright(c) Pierre Ossman
[    1.569894] Synopsys Designware Multimedia Card Interface Driver
[    1.576976] sdhci-pltfm: SDHCI platform and OF driver helper
[    1.583296] sdhci-tegra 700b0400.sdhci: Got CD GPIO
[    1.588199] sdhci-tegra 700b0400.sdhci: Got WP GPIO
[    1.593120] mmc0: Unknown controller version (3). You may experience problems.
[    1.600442] sdhci-tegra 700b0400.sdhci: No vmmc regulator found
[    1.606405] platform 700b0400.sdhci: Driver sdhci-tegra requests probe deferral
[    1.613838] mmc0: Unknown controller version (3). You may experience problems.
[    1.621114] sdhci-tegra 700b0600.sdhci: No vmmc regulator found
[    1.627041] sdhci-tegra 700b0600.sdhci: No vqmmc regulator found
[    1.633048] mmc0: Invalid maximum block size, assuming 512 bytes
[    1.670512] mmc0: SDHCI controller on 700b0600.sdhci [700b0600.sdhci] using ADMA 64-bit
[    1.679609] ledtrig-cpu: registered to indicate activity on CPUs
[    1.685853] usbcore: registered new interface driver usbhid
[    1.691441] usbhid: USB HID core driver
[    1.699710] usbcore: registered new interface driver snd-usb-audio
[    1.734487] mmc0: MAN_BKOPS_EN bit is not set
[    1.742079] mmc0: new high speed MMC card at address 0001
[    1.747821] mmcblk0: mmc0:0001 SEM16G 14.6 GiB 
[    1.752467] mmcblk0boot0: mmc0:0001 SEM16G partition 1 4.00 MiB
[    1.758495] mmcblk0boot1: mmc0:0001 SEM16G partition 2 4.00 MiB
[    1.764515] mmcblk0rpmb: mmc0:0001 SEM16G partition 3 4.00 MiB
[    1.772315] Primary GPT is invalid, using alternate GPT.
[    1.777668]  mmcblk0: p1 p2 p3 p4 p5 p6 p7 p8 p9
[    2.123402] tegra30-i2s 70301100.i2s: DMA channels sourced from device 70300000.ahub
[    2.139892] tegra-snd-rt5640 sound: rt5640-aif1 <-> 70301100.i2s mapping ok
[    2.149760] input: NVIDIA Tegra Jetson TK1 Headphones as /devices/soc0/sound/sound/card0/input0
[    2.159838] TCP: cubic registered
[    2.163180] NET: Registered protocol family 17
[    2.167646] can: controller area network core (rev 20120528 abi 9)
[    2.173893] NET: Registered protocol family 29
[    2.178351] can: raw protocol (rev 20120528)
[    2.182633] can: broadcast manager protocol (rev 20120528 t)
[    2.188307] can: netlink gateway (rev 20130117) max_hops=1
[    2.194177] Key type dns_resolver registered
[    2.199060] ThumbEE CPU extension supported.
[    2.203354] Registering SWP/SWPB emulation handler
[    2.210332] +3.3V_RUN: supplied by +3.3V_SYS
[    2.215043] +3.3V_AVDD_HDMI_AP_GATED: supplied by +3.3V_RUN
[    2.221258] +USB0_VBUS_SW: supplied by +5V_SYS
[    2.226278] +5V_USB_HS: supplied by +5V_SYS
[    2.231635] +3.3V_LP0: supplied by +3.3V_SYS
[    2.236529] reg-fixed-voltage regulators:regulator@11: Failed to find supply vin
[    2.244120] reg-fixed-voltage regulators:regulator@11: Failed to register regulator: -517
[    2.252354] platform regulators:regulator@11: Driver reg-fixed-voltage requests probe deferral
[    2.262238] +5V_HDMI_CON: supplied by +5V_SYS
[    2.267191] +5V_SATA: supplied by +5V_SYS
[    2.271826] +12V_SATA: supplied by +VDD_MUX
[    2.276738] tegra-pcie 1003000.pcie-controller: 2x1, 1x1 configuration
[    2.283356] tegra-pcie 1003000.pcie-controller: Failed to get supply 'avddio-pex': -517
[    2.291442] platform 1003000.pcie-controller: Driver tegra-pcie requests probe deferral
[    2.300810] tegra-hdmi 54280000.hdmi: failed to get PLL regulator
[    2.307040] platform 54280000.hdmi: Driver tegra-hdmi requests probe deferral
[    2.317235] +1.35V_LP0(sd2): supplied by +5V_SYS
[    2.322176] +1.35V_LP0(sd3): supplied by +5V_SYS
[    2.327187] +1.05V_RUN: supplied by +5V_SYS
[    2.331736] +1.8V_VDDIO: supplied by +5V_SYS
[    2.337542] +1.05V_RUN_AVDD: supplied by +1.35V_LP0(sd2)
[    2.343402] +1.8V_RUN_CAM: supplied by +3.3V_RUN
[    2.349254] +1.2V_GEN_AVDD: supplied by +1.8V_VDDIO
[    2.355502] +1.05V_LP0_VDD_RTC: supplied by +3.3V_SYS
[    2.361130] +2.8V_RUN_CAM: supplied by +3.3V_SYS
[    2.366300] +1.2V_RUN_CAM_FRONT: supplied by +1.8V_VDDIO
[    2.372072] +VDDIO_SDMMC3: supplied by +3.3V_RUN
[    2.377243] +1.05V_RUN_CAM_REAR: supplied by +1.8V_VDDIO
[    2.383287] +3.3V_RUN_TOUCH: supplied by +5V_SYS
[    2.388477] +2.8V_RUN_CAM_AF: supplied by +5V_SYS
[    2.393762] +1.8V_RUN_VPP_FUSE: supplied by +3.3V_RUN
[    2.401066] tegra-ahci 70027000.sata: AHCI 0001.0301 32 slots 2 ports 3 Gbps 0x1 impl platform mode
[    2.410133] tegra-ahci 70027000.sata: flags: 64bit ncq sntf pm led pio slum part sadm sds apst 
[    2.420727] scsi host0: tegra-ahci
[    2.425291] scsi host1: tegra-ahci
[    2.429104] ata1: SATA max UDMA/133 mmio [mem 0x70027000-0x70028fff] port 0x100 irq 340
[    2.437136] ata2: DUMMY
[    2.443318] tegra-ehci 7d004000.usb: EHCI Host Controller
[    2.448771] tegra-ehci 7d004000.usb: new USB bus registered, assigned bus number 1
[    2.456577] tegra-ehci 7d004000.usb: irq 345, io mem 0x7d004000
[    2.470524] tegra-ehci 7d004000.usb: USB 2.0 started, EHCI 1.10
[    2.477414] hub 1-0:1.0: USB hub found
[    2.481271] hub 1-0:1.0: 1 port detected
[    2.486645] platform 7d008000.usb: Driver tegra-ehci requests probe deferral
[    2.495696] sdhci-tegra 700b0400.sdhci: Got CD GPIO
[    2.500600] sdhci-tegra 700b0400.sdhci: Got WP GPIO
[    2.505588] mmc1: Unknown controller version (3). You may experience problems.
[    2.513045] sdhci-tegra 700b0400.sdhci: No vmmc regulator found
[    2.519028] mmc1: Invalid maximum block size, assuming 512 bytes
[    2.561023] mmc1: SDHCI controller on 700b0400.sdhci [700b0400.sdhci] using ADMA 64-bit
[    2.569599] +1.05V_RUN_AVDD_HDMI_PLL: supplied by +1.05V_RUN
[    2.575976] tegra-pcie 1003000.pcie-controller: 2x1, 1x1 configuration
[    2.583970] tegra-pcie 1003000.pcie-controller: probing port 0, using 2 lanes
[    2.593190] tegra-pcie 1003000.pcie-controller: Slot present pin change, signature: 00000008
[    2.760828] ata1: SATA link down (SStatus 0 SControl 300)
[    3.020279] tegra-pcie 1003000.pcie-controller: link 0 down, retrying
[    3.448722] tegra-pcie 1003000.pcie-controller: link 0 down, retrying
[    3.876097] tegra-pcie 1003000.pcie-controller: link 0 down, retrying
[    3.884675] tegra-pcie 1003000.pcie-controller: link 0 down, ignoring
[    3.891163] tegra-pcie 1003000.pcie-controller: probing port 1, using 1 lanes
[    3.900414] tegra-pcie 1003000.pcie-controller: Slot present pin change, signature: 00000000
[    4.328617] tegra-pcie 1003000.pcie-controller: link 1 down, retrying
[    4.756455] tegra-pcie 1003000.pcie-controller: link 1 down, retrying
[    5.183922] tegra-pcie 1003000.pcie-controller: link 1 down, retrying
[    5.192510] tegra-pcie 1003000.pcie-controller: link 1 down, ignoring
[    5.199201] tegra-pcie 1003000.pcie-controller: PCI host bridge to bus 0000:00
[    5.206433] pci_bus 0000:00: root bus resource [mem 0x13000000-0x1fffffff]
[    5.213312] pci_bus 0000:00: root bus resource [mem 0x20000000-0x3fffffff pref]
[    5.220624] pci_bus 0000:00: root bus resource [bus 00-ff]
[    5.226113] pci_bus 0000:00: root bus resource [io  0x1000-0xffff]
[    5.232321] PCI: bus0: Fast back to back transfers enabled
[    5.240533] [drm] Supports vblank timestamp caching Rev 2 (21.10.2013).
[    5.247179] [drm] No driver support for vblank timestamp query.
[    5.352222] tegra-hdmi 54280000.hdmi: cannot set audio to 44100 at 297000000 pclk
[    5.462152] Console: switching to colour frame buffer device 512x135
[    5.556948] drm drm: fb0:  frame buffer device
[    5.561440] drm drm: registered panic notifier
[    5.580629] [drm] Initialized tegra 0.0.0 20120330 on minor 0
[    5.587530] tegra-ehci 7d008000.usb: EHCI Host Controller
[    5.592962] tegra-ehci 7d008000.usb: new USB bus registered, assigned bus number 2
[    5.600759] tegra-ehci 7d008000.usb: irq 346, io mem 0x7d008000
[    5.615612] tegra-ehci 7d008000.usb: USB 2.0 started, EHCI 1.10
[    5.622477] hub 2-0:1.0: USB hub found
[    5.626287] hub 2-0:1.0: 1 port detected
[    5.631730] input: gpio-keys as /devices/soc0/gpio-keys/input/input1
[    5.639124] as3722-rtc as3722-rtc: setting system clock to 2000-02-01 00:00:19 UTC (949363219)
[    5.659015] +1.8V_RUN_VPP_FUSE: disabling
[    5.663219] +2.8V_RUN_CAM_AF: disabling
[    5.667234] +3.3V_RUN_TOUCH: disabling
[    5.671116] +1.05V_RUN_CAM_REAR: disabling
[    5.675325] +1.2V_RUN_CAM_FRONT: disabling
[    5.679548] +2.8V_RUN_CAM: disabling
[    5.683249] +1.8V_RUN_CAM: disabling
[    5.686956] +USB0_VBUS_SW: disabling
[    5.690882] ALSA device list:
[    5.693844]   #0: NVIDIA Tegra Jetson TK1
[    5.699125] EXT4-fs (mmcblk0p1): couldn't mount as ext3 due to feature incompatibilities
[    5.707928] EXT4-fs (mmcblk0p1): couldn't mount as ext2 due to feature incompatibilities
[    5.722424] EXT4-fs (mmcblk0p1): recovery complete
[    5.727279] EXT4-fs (mmcblk0p1): mounted filesystem with ordered data mode. Opts: (null)
[    5.735466] VFS: Mounted root (ext4 filesystem) on device 179:1.
[    5.746075] devtmpfs: mounted
[    5.749659] Freeing unused kernel memory: 796K (c0d05000 - c0dcc000)
bash: cannot set terminal process group (-1): Inappropriate ioctl for device
bash: no job control in this shell
root@(none):/# [    5.935694] usb 2-1: new high-speed USB device number 2 using tegra-ehci
