uart0] enabled
[    0.000000] NUMA: No NUMA configuration found
[    0.000000] NUMA: Faking a node at [mem 0x0000000000000000-0x000000013fffffff]
[    0.000000] NUMA: Adding memblock [0x80000000 - 0xf65fffff] on node 0
[    0.000000] NUMA: Adding memblock [0x100000000 - 0x13fffffff] on node 0
[    0.000000] NUMA: Initmem setup node 0 [mem 0x80000000-0x13fffffff]
[    0.000000] NUMA: NODE_DATA [mem 0x13ffa0d00-0x13ffa27ff]
[    0.000000] Zone ranges:
[    0.000000]   DMA      [mem 0x0000000080000000-0x00000000ffffffff]
[    0.000000]   Normal   [mem 0x0000000100000000-0x000000013fffffff]
[    0.000000] Movable zone start for each node
[    0.000000] Early memory node ranges
[    0.000000]   node   0: [mem 0x0000000080000000-0x00000000f65fffff]
[    0.000000]   node   0: [mem 0x0000000100000000-0x000000013fffffff]
[    0.000000] Initmem setup node 0 [mem 0x0000000080000000-0x000000013fffffff]
[    0.000000] psci: probing for conduit method from DT.
[    0.000000] psci: PSCIv1.0 detected in firmware.
[    0.000000] psci: Using standard PSCI v0.2 function IDs
[    0.000000] psci: MIGRATE_INFO_UP_CPU reported invalid physical ID (0x80000000)
[    0.000000] percpu: Embedded 24 pages/cpu @ffff8000bff3d000 s59264 r8192 d30848 u98304
[    0.000000] Detected PIPT I-cache on CPU0
[    0.000000] CPU features: enabling workaround for ARM erratum 832075
[    0.000000] CPU features: enabling workaround for ARM erratum 834220
[    0.000000] Built 1 zonelists in Node order, mobility grouping on.  Total pages: 735336
[    0.000000] Policy zone: Normal
[    0.000000] Kernel command line: cros_secure vpr=0x08000000@0xf6800000 earlycon
[    0.000000] PID hash table entries: 4096 (order: 3, 32768 bytes)
[    0.000000] software IO TLB [mem 0xf1400000-0xf5400000] (64MB) mapped at [ffff800071400000-ffff8000753fffff]
[    0.000000] Memory: 2838556K/2988032K available (8828K kernel code, 1102K rwdata, 4276K rodata, 1088K init, 404K bss, 133092K reserved, 16384K cma-reserved)
[    0.000000] Virtual kernel memory layout:
[    0.000000]     modules : 0xffff000000000000 - 0xffff000008000000   (   128 MB)
[    0.000000]     vmalloc : 0xffff000008000000 - 0xffff7dffbfff0000   (129022 GB)
[    0.000000]       .text : 0xffff000008080000 - 0xffff000008920000   (  8832 KB)
[    0.000000]     .rodata : 0xffff000008920000 - 0xffff000008d60000   (  4352 KB)
[    0.000000]       .init : 0xffff000008d60000 - 0xffff000008e70000   (  1088 KB)
[    0.000000]       .data : 0xffff000008e70000 - 0xffff000008f83a00   (  1103 KB)
[    0.000000]        .bss : 0xffff000008f83a00 - 0xffff000008fe8bc0   (   405 KB)
[    0.000000]     fixed   : 0xffff7dfffe7fd000 - 0xffff7dfffec00000   (  4108 KB)
[    0.000000]     PCI I/O : 0xffff7dfffee00000 - 0xffff7dffffe00000   (    16 MB)
[    0.000000]     vmemmap : 0xffff7e0000000000 - 0xffff800000000000   (  2048 GB maximum)
[    0.000000]               0xffff7e0000000000 - 0xffff7e0003000000   (    48 MB actual)
[    0.000000]     memory  : 0xffff800000000000 - 0xffff8000c0000000   (  3072 MB)
[    0.000000] SLUB: HWalign=64, Order=0-3, MinObjects=0, CPUs=4, Nodes=1
[    0.000000] Preemptible hierarchical RCU implementation.
[    0.000000] 	RCU restricting CPUs from NR_CPUS=64 to nr_cpu_ids=4.
[    0.000000] RCU: Adjusting geometry for rcu_fanout_leaf=16, nr_cpu_ids=4
[    0.000000] NR_IRQS:64 nr_irqs:64 0
[    0.000000] GIC: Using split EOI/Deactivate mode
[    0.000000] /interrupt-controller@60004000: 192 interrupts forwarded to /interrupt-controller@50041000
[    0.000000] boot misc0 0x0: expected 0x80000
[    0.000000]  (comparison mask = 0x400ffffb)
[    0.000000] boot misc2 0x1f720005: expected 0x1f720f05
[    0.000000]  (comparison mask = 0xffffff17)
[    0.000000] PLL_C already enabled. Postponing set full defaults
[    0.000000] PLL_DP already enabled. Postponing set full defaults
[    0.000000] boot misc0 0x0: expected 0x20
[    0.000000]  (comparison mask = 0x7ffffff)
[    0.000000] boot misc1 0x90000000: expected 0xc0000000
[    0.000000]  (comparison mask = 0xf8000000)
[    0.000000] boot misc2 0x0: expected 0xf400f0da
[    0.000000]  (comparison mask = 0xffffffff)
[    0.000000] boot misc3 0x8c8: expected 0x2004f400
[    0.000000]  (comparison mask = 0xffffffff)
[    0.000000] boot misc1 0x0: expected 0x20
[    0.000000]  (comparison mask = 0xffffff)
[    0.000000] PLL_X already enabled. Postponing set full defaults
[    0.000000] arch_timer: cp15 timer(s) running at 19.20MHz (phys).
[    0.000000] clocksource: arch_sys_counter: mask: 0xffffffffffffff max_cycles: 0x46d987e47, max_idle_ns: 440795202767 ns
[    0.000002] sched_clock: 56 bits at 19MHz, resolution 52ns, wraps every 4398046511078ns
[    0.008346] Console: colour dummy device 80x25
[    0.012915] console [tty0] enabled
[    0.016409] bootconsole [uart0] disabled
[    0.000000] Booting Linux on physical CPU 0x0
[    0.000000] Linux version 4.12.0-rc3-289833-g5ed02db (jonathanh@tamien) (gcc version 4.9.2 20140904 (prerelease) (crosstool-NG linaro-1.13.1-4.9-2014.09 - Linaro GCC 4.9-2014.09) ) #1 SMP PREEMPT Sun May 28 17:40:36 PDT 2017
[    0.000000] Boot CPU: AArch64 Processor [411fd071]
[    0.000000] Machine model: Google Pixel C
[    0.000000] efi: Getting EFI parameters from FDT:
[    0.000000] efi: UEFI not found.
[    0.000000] cma: Reserved 16 MiB at 0x00000000f5400000
[    0.000000] earlycon: uart0 at MMIO 0x0000000070006000 (options '115200n8')
[    0.000000] bootconsole [uart0] enabled
[    0.000000] NUMA: No NUMA configuration found
[    0.000000] NUMA: Faking a node at [mem 0x0000000000000000-0x000000013fffffff]
[    0.000000] NUMA: Adding memblock [0x80000000 - 0xf65fffff] on node 0
[    0.000000] NUMA: Adding memblock [0x100000000 - 0x13fffffff] on node 0
[    0.000000] NUMA: Initmem setup node 0 [mem 0x80000000-0x13fffffff]
[    0.000000] NUMA: NODE_DATA [mem 0x13ffa0d00-0x13ffa27ff]
[    0.000000] Zone ranges:
[    0.000000]   DMA      [mem 0x0000000080000000-0x00000000ffffffff]
[    0.000000]   Normal   [mem 0x0000000100000000-0x000000013fffffff]
[    0.000000] Movable zone start for each node
[    0.000000] Early memory node ranges
[    0.000000]   node   0: [mem 0x0000000080000000-0x00000000f65fffff]
[    0.000000]   node   0: [mem 0x0000000100000000-0x000000013fffffff]
[    0.000000] Initmem setup node 0 [mem 0x0000000080000000-0x000000013fffffff]
[    0.000000] psci: probing for conduit method from DT.
[    0.000000] psci: PSCIv1.0 detected in firmware.
[    0.000000] psci: Using standard PSCI v0.2 function IDs
[    0.000000] psci: MIGRATE_INFO_UP_CPU reported invalid physical ID (0x80000000)
[    0.000000] percpu: Embedded 24 pages/cpu @ffff8000bff3d000 s59264 r8192 d30848 u98304
[    0.000000] Detected PIPT I-cache on CPU0
[    0.000000] CPU features: enabling workaround for ARM erratum 832075
[    0.000000] CPU features: enabling workaround for ARM erratum 834220
[    0.000000] Built 1 zonelists in Node order, mobility grouping on.  Total pages: 735336
[    0.000000] Policy zone: Normal
[    0.000000] Kernel command line: cros_secure vpr=0x08000000@0xf6800000 earlycon
[    0.000000] PID hash table entries: 4096 (order: 3, 32768 bytes)
[    0.000000] software IO TLB [mem 0xf1400000-0xf5400000] (64MB) mapped at [ffff800071400000-ffff8000753fffff]
[    0.000000] Memory: 2838556K/2988032K available (8828K kernel code, 1102K rwdata, 4276K rodata, 1088K init, 404K bss, 133092K reserved, 16384K cma-reserved)
[    0.000000] Virtual kernel memory layout:
[    0.000000]     modules : 0xffff000000000000 - 0xffff000008000000   (   128 MB)
[    0.000000]     vmalloc : 0xffff000008000000 - 0xffff7dffbfff0000   (129022 GB)
[    0.000000]       .text : 0xffff000008080000 - 0xffff000008920000   (  8832 KB)
[    0.000000]     .rodata : 0xffff000008920000 - 0xffff000008d60000   (  4352 KB)
[    0.000000]       .init : 0xffff000008d60000 - 0xffff000008e70000   (  1088 KB)
[    0.000000]       .data : 0xffff000008e70000 - 0xffff000008f83a00   (  1103 KB)
[    0.000000]        .bss : 0xffff000008f83a00 - 0xffff000008fe8bc0   (   405 KB)
[    0.000000]     fixed   : 0xffff7dfffe7fd000 - 0xffff7dfffec00000   (  4108 KB)
[    0.000000]     PCI I/O : 0xffff7dfffee00000 - 0xffff7dffffe00000   (    16 MB)
[    0.000000]     vmemmap : 0xffff7e0000000000 - 0xffff800000000000   (  2048 GB maximum)
[    0.000000]               0xffff7e0000000000 - 0xffff7e0003000000   (    48 MB actual)
[    0.000000]     memory  : 0xffff800000000000 - 0xffff8000c0000000   (  3072 MB)
[    0.000000] SLUB: HWalign=64, Order=0-3, MinObjects=0, CPUs=4, Nodes=1
[    0.000000] Preemptible hierarchical RCU implementation.
[    0.000000] 	RCU restricting CPUs from NR_CPUS=64 to nr_cpu_ids=4.
[    0.000000] RCU: Adjusting geometry for rcu_fanout_leaf=16, nr_cpu_ids=4
[    0.000000] NR_IRQS:64 nr_irqs:64 0
[    0.000000] GIC: Using split EOI/Deactivate mode
[    0.000000] /interrupt-controller@60004000: 192 interrupts forwarded to /interrupt-controller@50041000
[    0.000000] boot misc0 0x0: expected 0x80000
[    0.000000]  (comparison mask = 0x400ffffb)
[    0.000000] boot misc2 0x1f720005: expected 0x1f720f05
[    0.000000]  (comparison mask = 0xffffff17)
[    0.000000] PLL_C already enabled. Postponing set full defaults
[    0.000000] PLL_DP already enabled. Postponing set full defaults
[    0.000000] boot misc0 0x0: expected 0x20
[    0.000000]  (comparison mask = 0x7ffffff)
[    0.000000] boot misc1 0x90000000: expected 0xc0000000
[    0.000000]  (comparison mask = 0xf8000000)
[    0.000000] boot misc2 0x0: expected 0xf400f0da
[    0.000000]  (comparison mask = 0xffffffff)
[    0.000000] boot misc3 0x8c8: expected 0x2004f400
[    0.000000]  (comparison mask = 0xffffffff)
[    0.000000] boot misc1 0x0: expected 0x20
[    0.000000]  (comparison mask = 0xffffff)
[    0.000000] PLL_X already enabled. Postponing set full defaults
[    0.000000] arch_timer: cp15 timer(s) running at 19.20MHz (phys).
[    0.000000] clocksource: arch_sys_counter: mask: 0xffffffffffffff max_cycles: 0x46d987e47, max_idle_ns: 440795202767 ns
[    0.000002] sched_clock: 56 bits at 19MHz, resolution 52ns, wraps every 4398046511078ns
[    0.008346] Console: colour dummy device 80x25
[    0.012915] console [tty0] enabled
[    0.016409] bootconsole [uart0] disabled
[    0.020471] Calibrating delay loop (skipped), value calculated using timer frequency.. 38.40 BogoMIPS (lpj=76800)
[    0.020485] pid_max: default: 32768 minimum: 301
[    0.020536] Security Framework initialized
[    0.021208] Dentry cache hash table entries: 524288 (order: 10, 4194304 bytes)
[    0.022509] Inode-cache hash table entries: 262144 (order: 9, 2097152 bytes)
[    0.023157] Mount-cache hash table entries: 8192 (order: 4, 65536 bytes)
[    0.023174] Mountpoint-cache hash table entries: 8192 (order: 4, 65536 bytes)
[    0.036493] ASID allocator initialised with 65536 entries
[    0.053209] Speedo Revision 4
[    0.053227] Tegra Revision: A02 SKU: 19 CPU Process: 0 SoC Process: 0
[    0.100630] EFI services will not be available.
[    0.116572] smp: Bringing up secondary CPUs ...
[    0.148707] Detected PIPT I-cache on CPU1
[    0.148736] CPU1: Booted secondary processor [411fd071]
[    0.180736] Detected PIPT I-cache on CPU2
[    0.180754] CPU2: Booted secondary processor [411fd071]
[    0.212774] Detected PIPT I-cache on CPU3
[    0.212791] CPU3: Booted secondary processor [411fd071]
[    0.212827] smp: Brought up 1 node, 4 CPUs
[    0.212859] SMP: Total of 4 processors activated.
[    0.212867] CPU features: detected feature: 32-bit EL0 Support
[    0.212965] CPU: All CPU(s) started at EL2
[    0.212988] alternatives: patching kernel code
[    0.215616] devtmpfs: initialized
[    0.220605] DMI not present or invalid.
[    0.220746] clocksource: jiffies: mask: 0xffffffff max_cycles: 0xffffffff, max_idle_ns: 7645041785100000 ns
[    0.220798] futex hash table entries: 1024 (order: 5, 131072 bytes)
[    0.221078] pinctrl core: initialized pinctrl subsystem
[    0.222383] NET: Registered protocol family 16
[    0.223390] cpuidle: using governor menu
[    0.223894] vdso: 2 pages (1 code @ ffff000008927000, 1 data @ ffff000008e75000)
[    0.223917] hw-breakpoint: found 6 breakpoint and 4 watchpoint registers.
[    0.224466] DMA: preallocated 256 KiB pool for atomic allocations
[    0.225545] Serial: AMBA PL011 UART driver
[    0.238206] HugeTLB registered 2 MB page size, pre-allocated 0 pages
[    0.238782] ACPI: Interpreter disabled.
[    0.239155] PPLCD_VDD: Failed to request enable GPIO172: -517
[    0.239174] reg-fixed-voltage regulators:regulator@1: Failed to register regulator: -517
[    0.239500] PP1800_LCDIO: Failed to request enable GPIO171: -517
[    0.239516] reg-fixed-voltage regulators:regulator@5: Failed to register regulator: -517
[    0.239564] PP1800_CAM: Failed to request enable GPIO83: -517
[    0.239577] reg-fixed-voltage regulators:regulator@6: Failed to register regulator: -517
[    0.239867] vgaarb: loaded
[    0.240006] SCSI subsystem initialized
[    0.240265] usbcore: registered new interface driver usbfs
[    0.240300] usbcore: registered new interface driver hub
[    0.240345] usbcore: registered new device driver usb
[    0.241250] tegra-i2c 7000d100.i2c: could not find pctldev for node /host1x@50000000/dpaux@545c0000/pinmux-i2c, deferring probe
[    0.241339] pps_core: LinuxPPS API ver. 1 registered
[    0.241351] pps_core: Software ver. 5.3.6 - Copyright 2005-2007 Rodolfo Giometti <giometti@linux.it>
[    0.241375] PTP clock support registered
[    0.241465] dmi: Firmware registration failed.
[    0.242010] Advanced Linux Sound Architecture Driver Initialized.
[    0.242361] clocksource: Switched to clocksource arch_sys_counter
[    0.242444] VFS: Disk quotas dquot_6.6.0
[    0.242489] VFS: Dquot-cache hash table entries: 512 (order 0, 4096 bytes)
[    0.242615] pnp: PnP ACPI: disabled
[    0.246524] NET: Registered protocol family 2
[    0.246868] TCP established hash table entries: 32768 (order: 6, 262144 bytes)
[    0.247062] TCP bind hash table entries: 32768 (order: 7, 524288 bytes)
[    0.247266] TCP: Hash tables configured (established 32768 bind 32768)
[    0.247357] UDP hash table entries: 2048 (order: 4, 65536 bytes)
[    0.247400] UDP-Lite hash table entries: 2048 (order: 4, 65536 bytes)
[    0.247505] NET: Registered protocol family 1
[    0.247708] RPC: Registered named UNIX socket transport module.
[    0.247722] RPC: Registered udp transport module.
[    0.247732] RPC: Registered tcp transport module.
[    0.247742] RPC: Registered tcp NFSv4.1 backchannel transport module.
[    0.247860] Unpacking initramfs...
[    0.295309] Freeing initrd memory: 1284K
[    0.295649] kvm [1]: 8-bit VMID
[    0.295662] kvm [1]: IDMAP page: 80911000
[    0.295672] kvm [1]: HYP VA range: 800000000000:ffffffffffff
[    0.296241] kvm [1]: Hyp mode initialized successfully
[    0.296287] kvm [1]: vgic-v2@50044000
[    0.296354] kvm [1]: vgic interrupt IRQ1
[    0.296370] kvm [1]: virtual timer IRQ4
[    0.297727] audit: initializing netlink subsys (disabled)
[    0.297822] audit: type=2000 audit(0.287:1): state=initialized audit_enabled=0 res=1
[    0.297967] workingset: timestamp_bits=44 max_order=20 bucket_order=0
[    0.301774] squashfs: version 4.0 (2009/01/31) Phillip Lougher
[    0.302127] NFS: Registering the id_resolver key type
[    0.302149] Key type id_resolver registered
[    0.302159] Key type id_legacy registered
[    0.302174] nfs4filelayout_init: NFSv4 File Layout Driver Registering...
[    0.302266] 9p: Installing v9fs 9p2000 file system support
[    0.303551] Block layer SCSI generic (bsg) driver version 0.4 loaded (major 247)
[    0.303571] io scheduler noop registered
[    0.303687] io scheduler cfq registered (default)
[    0.303699] io scheduler mq-deadline registered
[    0.303709] io scheduler kyber registered
[    0.304963]  usb3-0: usb3-0 supply vbus not found, using dummy regulator
[    0.312742] tegra-apbdma 60020000.dma: Tegra20 APB DMA driver register 32 channels
[    0.313769] tegra-pmc 7000e400.pmc: i2c-thermtrip node not found, emergency thermal reset disabled.
[    0.313972] xenfs: not registering filesystem on non-xen platform
[    0.315967] Serial: 8250/16550 driver, 4 ports, IRQ sharing enabled
[    0.316987] 70006000.serial: ttyS0 at MMIO 0x70006000 (irq = 314, base_baud = 25500000) is a Tegra
[    1.333499] console [ttyS0] enabled
[    1.337305] SuperH (H)SCI(F) driver initialized
[    1.342044] msm_serial: driver initialized
[    1.346519] cacheinfo: Unable to detect cache hierarchy for CPU 0
[    1.356341] loop: module loaded
[    1.363331] cros-ec-i2c 0-001e: Chrome EC device registered
[    1.369510] max77620 1-003c: PMIC Version OTP:0x35 and ES:0x8
[    1.377795] max77620-sd0: supplied by regulator-dummy
[    1.383971] max77620-sd1: supplied by regulator-dummy
[    1.390103] max77620-sd2: supplied by regulator-dummy
[    1.396198] max77620-sd3: supplied by regulator-dummy
[    1.402341] max77620-ldo0: supplied by regulator-dummy
[    1.407979] max77620-ldo1: supplied by regulator-dummy
[    1.413132] PP1200_RCAM: Bringing 1050000uV into 1200000-1200000uV
[    1.419717] max77620-ldo2: supplied by regulator-dummy
[    1.425404] max77620-ldo3: supplied by regulator-dummy
[    1.430561] PP2800L_RCAM: Bringing 3100000uV into 2800000-2800000uV
[    1.437235] max77620-ldo4: supplied by regulator-dummy
[    1.442391] PP1100_SOC_RTC: Bringing 1000000uV into 850000-850000uV
[    1.449189] max77620-ldo5: supplied by regulator-dummy
[    1.454364] PP2800L_FCAM: Bringing 3100000uV into 2800000-2800000uV
[    1.460954] random: fast init done
[    1.464409] max77620-ldo6: supplied by regulator-dummy
[    1.469562] PP_LDO6: Bringing 2800000uV into 1800000-1800000uV
[    1.475816] max77620-ldo7: supplied by regulator-dummy
[    1.481558] max77620-ldo8: supplied by regulator-dummy
[    1.488707] hisi_sas: driver version v1.6
[    1.494106] libphy: Fixed MDIO Bus: probed
[    1.498482] tun: Universal TUN/TAP device driver, 1.6
[    1.504097] e1000e: Intel(R) PRO/1000 Network Driver - 3.2.6-k
[    1.509933] e1000e: Copyright(c) 1999 - 2015 Intel Corporation.
[    1.515879] igb: Intel(R) Gigabit Ethernet Network Driver - version 5.4.0-k
[    1.522836] igb: Copyright (c) 2007-2014 Intel Corporation.
[    1.528432] igbvf: Intel(R) Gigabit Virtual Function Network Driver - version 2.4.0-k
[    1.536259] igbvf: Copyright (c) 2009 - 2012 Intel Corporation.
[    1.542370] sky2: driver version 1.30
[    1.546284] VFIO - User Level meta-driver version: 0.3
[    1.552130] ehci_hcd: USB 2.0 'Enhanced' Host Controller (EHCI) Driver
[    1.558662] ehci-pci: EHCI PCI platform driver
[    1.563127] ehci-platform: EHCI generic platform driver
[    1.568438] ehci-orion: EHCI orion driver
[    1.572501] ehci-exynos: EHCI EXYNOS driver
[    1.576736] ehci-msm: Qualcomm On-Chip EHCI Host Controller
[    1.582362] ohci_hcd: USB 1.1 'Open' Host Controller (OHCI) Driver
[    1.588545] ohci-pci: OHCI PCI platform driver
[    1.593012] ohci-platform: OHCI generic platform driver
[    1.598291] ohci-exynos: OHCI EXYNOS driver
[    1.663005] tegra-xusb 70090000.usb: Firmware timestamp: 2015-08-10 09:47:54 UTC
[    1.670414] tegra-xusb 70090000.usb: xHCI Host Controller
[    1.675824] tegra-xusb 70090000.usb: new USB bus registered, assigned bus number 1
[    1.684368] tegra-xusb 70090000.usb: hcc params 0x0184f525 hci version 0x100 quirks 0x00010010
[    1.693000] tegra-xusb 70090000.usb: irq 320, io mem 0x70090000
[    1.699271] hub 1-0:1.0: USB hub found
[    1.703045] hub 1-0:1.0: 5 ports detected
[    1.707320] tegra-xusb 70090000.usb: xHCI Host Controller
[    1.712724] tegra-xusb 70090000.usb: new USB bus registered, assigned bus number 2
[    1.720338] usb usb2: We don't know the algorithms for LPM for this host, disabling LPM.
[    1.728675] hub 2-0:1.0: USB hub found
[    1.732444] hub 2-0:1.0: 4 ports detected
[    1.736892] usbcore: registered new interface driver usb-storage
[    1.871042] max77686-rtc max77620-rtc: rtc core: registered max77620-rtc as rtc0
[    1.878997] tegra_rtc 7000e000.rtc: rtc core: registered 7000e000.rtc as rtc1
[    1.886149] tegra_rtc 7000e000.rtc: Tegra internal Real Time Clock
[    1.892406] i2c /dev entries driver
[    1.897233] (NULL device *): hwmon_device_register() is deprecated. Please convert the driver to use hwmon_device_register_with_info().
[    1.909452] bq27xxx-battery 2-0055: support ver. 1.2.0 enabled
[    1.931703] sdhci: Secure Digital Host Controller Interface driver
[    1.937917] sdhci: Copyright(c) Pierre Ossman
[    1.942465] Synopsys Designware Multimedia Card Interface Driver
[    1.948931] sdhci-pltfm: SDHCI platform and OF driver helper
[    1.962852] mmc0: Unknown controller version (3). You may experience problems.
[    2.014394] mmc0: SDHCI controller on 700b0600.sdhci [700b0600.sdhci] using ADMA 64-bit
[    2.026232] ledtrig-cpu: registered to indicate activity on CPUs
[    2.033206] usbcore: registered new interface driver usbhid
[    2.038862] usbhid: USB HID core driver
[    2.044113] NET: Registered protocol family 17
[    2.048741] 9pnet: Installing 9P2000 support
[    2.054162] Key type dns_resolver registered
[    2.060794] registered taskstats version 1
[    2.070316] tegra-i2c 7000d100.i2c: could not find pctldev for node /host1x@50000000/dpaux@545c0000/pinmux-i2c, deferring probe
[    2.082872] input: gpio-keys as /devices/platform/gpio-keys/input/input0
[    2.089813] tegra-i2c 7000d100.i2c: could not find pctldev for node /host1x@50000000/dpaux@545c0000/pinmux-i2c, deferring probe
[    2.096298] mmc0: new high speed MMC card at address 0001
[    2.100550] mmcblk0: mmc0:0001 BGND3R 29.1 GiB 
[    2.104657] mmcblk0boot0: mmc0:0001 BGND3R partition 1 4.00 MiB
[    2.104759] mmcblk0boot1: mmc0:0001 BGND3R partition 2 4.00 MiB
[    2.104851] mmcblk0rpmb: mmc0:0001 BGND3R partition 3 4.00 MiB
[    2.107262]  mmcblk0: p1 p2 p3 p4 p5 p6 p7 p8 p9 p10 p11
[    2.123063] max77686-rtc max77620-rtc: setting system clock to 2001-03-09 06:06:39 UTC (984117999)
[    2.123527] PP1200_AVDD: disabling
[    2.123585] PP1200_RCAM: disabling
[    2.123635] PP2800L_RCAM: disabling
[    2.123685] PP2800L_FCAM: disabling
[    2.123735] PP_LDO6: disabling
[    2.123785] PPLCD_VDD: disabling
[    2.123788] PP1800_LCDIO: disabling
[    2.123791] PP1800_CAM: disabling
[    2.123793] ALSA device list:
[    2.123795]   No soundcards found.
[    2.176860] Freeing unused kernel memory: 1088K
[    2.176880] tegra-i2c 7000d100.i2c: could not find pctldev for node /host1x@50000000/dpaux@545c0000/pinmux-i2c, deferring probe

System initialization...

Mounting /proc :[SUCCESS]
Mounting /sys :[SUCCESS]
Mounting /dev :[SUCCESS]
Mounting /dev/pts :[SUCCESS]
Mounting /sys/kernel/debug :[SUCCESS]
Mounting other filesystems :[SUCCESS]
Enabling hot-plug :[SUCCESS]
Populating /dev :[SUCCESS]
Starting syslogd :[SUCCESS]
Starting telnetd :[SUCCESS]

System initialization complete.

Please press Enter to activate this console. 