
U-Boot SPL 2016.05-rc2 (Apr 21 2016 - 16:23:00)
Trying to boot from RAM


U-Boot 2016.05-rc2 (Apr 21 2016 - 16:23:00 -0700)

TEGRA124
Model: NVIDIA Jetson TK1
Board: NVIDIA Jetson TK1
DRAM:  2 GiB
MC:   Tegra SD/MMC: 0, Tegra SD/MMC: 1
In:    serial
Out:   serial
Err:   serial
Net:   No ethernet found.
Hit any key to stop autoboot:  2  0 
Tegra124 (Jetson TK1) # 
Tegra124 (Jetson TK1) # pci enum
Tegra124 (Jetson TK1) # setenv bootargs 'ignore_loglevel console=ttyS0,115200n8 rw root=PARTUUID=b1791faa-84e8-4e27-83a1-9fb0a77e8803 rootwait gpt debug noinitrd earlyprintk init=/bin/bash'
Tegra124 (Jetson TK1) # setenv ipaddr 192.168.100.102; setenv serverip 192.168.100.1; setenv tftpserverip 192.168.100.1
Tegra124 (Jetson TK1) # tftpboot 0x82000000 zImage.multi_v7_defconfig

Warning: eth_rtl8169 using MAC address from ROM
Using eth_rtl8169 device
TFTP from server 192.168.100.1; our IP address is 192.168.100.102
Filename 'zImage.multi_v7_defconfig'.
Load address: 0x82000000
Loading: *#################################################################
	 #################################################################
	 #################################################################
	 #################################################################
	 #################################################################
	 #################################################################
	 #################################################################
	 #################################################################
	 ##########################
	 3.2 MiB/s
done
Bytes transferred = 8014792 (7a4bc8 hex)
Tegra124 (Jetson TK1) # tftpboot 0x83000000 tegra124-jetson-tk1.dtb
Using eth_rtl8169 device
TFTP from server 192.168.100.1; our IP address is 192.168.100.102
Filename 'tegra124-jetson-tk1.dtb'.
Load address: 0x83000000
Loading: *#####
	 3 MiB/s
done
Bytes transferred = 67161 (10659 hex)
Tegra124 (Jetson TK1) # bootz 0x82000000 - 0x83000000
Kernel image @ 0x82000000 [ 0x000000 - 0x7a4bc8 ]
## Flattened Device Tree blob at 83000000
   Booting using the fdt blob at 0x83000000
   Using Device Tree in place at 83000000, end 83013658

Starting kernel ...

[    0.000000] Booting Linux on physical CPU 0x0
[    0.000000] Linux version 4.13.0-rc6-186564-g14ccee7 (jonathanh@sellafield) (gcc version 4.7.3 20130328 (prerelease) (crosstool-NG linaro-1.13.1-4.7-2013.04-20130415 - Linaro GCC 2013.04)) #1 SMP Sun Aug 20 15:06:31 PDT 2017
[    0.000000] CPU: ARMv7 Processor [413fc0f3] revision 3 (ARMv7), cr=10c5387d
[    0.000000] CPU: div instructions available: patching division code
[    0.000000] CPU: PIPT / VIPT nonaliasing data cache, PIPT instruction cache
[    0.000000] OF: fdt: Machine model: NVIDIA Tegra124 Jetson TK1
[    0.000000] debug: ignoring loglevel setting.
[    0.000000] Memory policy: Data cache writealloc
[    0.000000] efi: Getting EFI parameters from FDT:
[    0.000000] efi: UEFI not found.
[    0.000000] cma: Reserved 64 MiB at 0xfb800000
[    0.000000] On node 0 totalpages: 524032
[    0.000000] free_area_init_node: node 0, pgdat c157ee00, node_mem_map eeff8000
[    0.000000]   DMA zone: 1536 pages used for memmap
[    0.000000]   DMA zone: 0 pages reserved
[    0.000000]   DMA zone: 196608 pages, LIFO batch:31
[    0.000000]   HighMem zone: 327424 pages, LIFO batch:31
[    0.000000] percpu: Embedded 17 pages/cpu @eef81000 s39488 r8192 d21952 u69632
[    0.000000] pcpu-alloc: s39488 r8192 d21952 u69632 alloc=17*4096
[    0.000000] pcpu-alloc: [0] 0 [0] 1 [0] 2 [0] 3 
[    0.000000] Built 1 zonelists in Zone order, mobility grouping on.  Total pages: 522496
[    0.000000] Kernel command line: ignore_loglevel console=ttyS0,115200n8 rw root=PARTUUID=b1791faa-84e8-4e27-83a1-9fb0a77e8803 rootwait gpt debug noinitrd earlyprintk init=/bin/bash
[    0.000000] PID hash table entries: 4096 (order: 2, 16384 bytes)
[    0.000000] Dentry cache hash table entries: 131072 (order: 7, 524288 bytes)
[    0.000000] Inode-cache hash table entries: 65536 (order: 6, 262144 bytes)
[    0.000000] Memory: 1993428K/2096128K available (10240K kernel code, 1562K rwdata, 4452K rodata, 2048K init, 402K bss, 37164K reserved, 65536K cma-reserved, 1244160K highmem)
[    0.000000] Virtual kernel memory layout:
[    0.000000]     vector  : 0xffff0000 - 0xffff1000   (   4 kB)
[    0.000000]     fixmap  : 0xffc00000 - 0xfff00000   (3072 kB)
[    0.000000]     vmalloc : 0xf0800000 - 0xff800000   ( 240 MB)
[    0.000000]     lowmem  : 0xc0000000 - 0xf0000000   ( 768 MB)
[    0.000000]     pkmap   : 0xbfe00000 - 0xc0000000   (   2 MB)
[    0.000000]     modules : 0xbf000000 - 0xbfe00000   (  14 MB)
[    0.000000]       .text : 0xc0208000 - 0xc0d00000   (11232 kB)
[    0.000000]       .init : 0xc1200000 - 0xc1400000   (2048 kB)
[    0.000000]       .data : 0xc1400000 - 0xc1586be8   (1563 kB)
[    0.000000]        .bss : 0xc158fcb0 - 0xc15f46fc   ( 403 kB)
[    0.000000] SLUB: HWalign=64, Order=0-3, MinObjects=0, CPUs=4, Nodes=1
[    0.000000] Hierarchical RCU implementation.
[    0.000000] 	RCU event tracing is enabled.
[    0.000000] 	RCU restricting CPUs from NR_CPUS=16 to nr_cpu_ids=4.
[    0.000000] RCU: Adjusting geometry for rcu_fanout_leaf=16, nr_cpu_ids=4
[    0.000000] NR_IRQS: 16, nr_irqs: 16, preallocated irqs: 16
[    0.000000] /interrupt-controller@60004000: 160 interrupts forwarded to /interrupt-controller@50041000
[    0.000000] Tegra clk 127: register failed with -17
[    0.000009] sched_clock: 32 bits at 1000kHz, resolution 1000ns, wraps every 2147483647500ns
[    0.000029] clocksource: timer_us: mask: 0xffffffff max_cycles: 0xffffffff, max_idle_ns: 1911260446275 ns
[    0.000045] Switching to timer-based delay loop, resolution 1000ns
[    0.005122] arch_timer: cp15 timer(s) running at 12.00MHz (virt).
[    0.005142] clocksource: arch_sys_counter: mask: 0xffffffffffffff max_cycles: 0x2c47f4ee7, max_idle_ns: 440795202497 ns
[    0.005161] sched_clock: 56 bits at 12MHz, resolution 83ns, wraps every 4398046511096ns
[    0.005175] Switching to timer-based delay loop, resolution 83ns
[    0.005667] Console: colour dummy device 80x30
[    0.005697] Calibrating delay loop (skipped), value calculated using timer frequency.. 24.00 BogoMIPS (lpj=120000)
[    0.005715] pid_max: default: 32768 minimum: 301
[    0.005802] Mount-cache hash table entries: 2048 (order: 1, 8192 bytes)
[    0.005818] Mountpoint-cache hash table entries: 2048 (order: 1, 8192 bytes)
[    0.006275] CPU: Testing write buffer coherency: ok
[    0.006521] /cpus/cpu@0 missing clock-frequency property
[    0.006566] /cpus/cpu@1 missing clock-frequency property
[    0.006609] /cpus/cpu@2 missing clock-frequency property
[    0.006654] /cpus/cpu@3 missing clock-frequency property
[    0.006667] CPU0: thread -1, cpu 0, socket 0, mpidr 80000000
[    0.006950] Setting up static identity map for 0x80300000 - 0x803000a0
[    0.008914] Hierarchical SRCU implementation.
[    0.010792] Tegra Revision: A01 SKU: 129 CPU Process: 1 SoC Process: 1
[    0.011545] EFI services will not be available.
[    0.011694] smp: Bringing up secondary CPUs ...
[    0.012237] CPU1: thread -1, cpu 1, socket 0, mpidr 80000001
[    0.015595] CPU2: thread -1, cpu 2, socket 0, mpidr 80000002
[    0.025638] CPU3: thread -1, cpu 3, socket 0, mpidr 80000003
[    0.035098] smp: Brought up 1 node, 4 CPUs
[    0.035120] SMP: Total of 4 processors activated (96.00 BogoMIPS).
[    0.035129] CPU: All CPU(s) started in SVC mode.
[    0.036636] devtmpfs: initialized
[    0.052853] VFP support v0.3: implementor 41 architecture 4 part 30 variant f rev 0
[    0.053275] clocksource: jiffies: mask: 0xffffffff max_cycles: 0xffffffff, max_idle_ns: 19112604462750000 ns
[    0.053294] futex hash table entries: 1024 (order: 4, 65536 bytes)
[    0.054739] pinctrl core: initialized pinctrl subsystem
[    0.056416] DMI not present or invalid.
[    0.056593] random: get_random_u32 called from bucket_table_alloc+0xe8/0x254 with crng_init=0
[    0.056684] NET: Registered protocol family 16
[    0.058799] DMA: preallocated 256 KiB pool for atomic coherent allocations
[    0.061407] cpuidle: using governor menu
[    0.088357] No ATAGs?
[    0.088480] hw-breakpoint: found 5 (+1 reserved) breakpoint and 4 watchpoint registers.
[    0.088496] hw-breakpoint: maximum watchpoint size is 8 bytes.
[    0.095822] Serial: AMBA PL011 UART driver
[    0.112972] AT91: Could not find identification node
[    0.113550] +5V_SYS: supplied by +VDD_MUX
[    0.113838] +3.3V_SYS: supplied by +VDD_MUX
[    0.114479] +USB0_VBUS_SW: Failed to request enable GPIO108: -517
[    0.114495] reg-fixed-voltage regulators:regulator@7: Failed to register regulator: -517
[    0.114599] +5V_USB_HS: Failed to request enable GPIO109: -517
[    0.114613] reg-fixed-voltage regulators:regulator@8: Failed to register regulator: -517
[    0.114809] +1.05V_RUN_AVDD_HDMI_PLL: Failed to request enable GPIO63: -517
[    0.114823] reg-fixed-voltage regulators:regulator@11: Failed to register regulator: -517
[    0.114924] +5V_HDMI_CON: Failed to request enable GPIO86: -517
[    0.114938] reg-fixed-voltage regulators:regulator@12: Failed to register regulator: -517
[    0.115039] +5V_SATA: Failed to request enable GPIO242: -517
[    0.115052] reg-fixed-voltage regulators:regulator@13: Failed to register regulator: -517
[    0.115152] +12V_SATA: Failed to request enable GPIO242: -517
[    0.115165] reg-fixed-voltage regulators:regulator@14: Failed to register regulator: -517
[    0.118247] vgaarb: loaded
[    0.119050] SCSI subsystem initialized
[    0.119215] libata version 3.00 loaded.
[    0.119463] usbcore: registered new interface driver usbfs
[    0.119523] usbcore: registered new interface driver hub
[    0.119585] usbcore: registered new device driver usb
[    0.123145] pps_core: LinuxPPS API ver. 1 registered
[    0.123156] pps_core: Software ver. 5.3.6 - Copyright 2005-2007 Rodolfo Giometti <giometti@linux.it>
[    0.123179] PTP clock support registered
[    0.123372] EDAC MC: Ver: 3.0.0
[    0.123696] dmi: Firmware registration failed.
[    0.126360] clocksource: Switched to clocksource arch_sys_counter
[    0.180086] NET: Registered protocol family 2
[    0.180587] TCP established hash table entries: 8192 (order: 3, 32768 bytes)
[    0.180687] TCP bind hash table entries: 8192 (order: 4, 65536 bytes)
[    0.180874] TCP: Hash tables configured (established 8192 bind 8192)
[    0.180955] UDP hash table entries: 512 (order: 2, 16384 bytes)
[    0.180999] UDP-Lite hash table entries: 512 (order: 2, 16384 bytes)
[    0.181152] NET: Registered protocol family 1
[    0.181487] RPC: Registered named UNIX socket transport module.
[    0.181498] RPC: Registered udp transport module.
[    0.181507] RPC: Registered tcp transport module.
[    0.181516] RPC: Registered tcp NFSv4.1 backchannel transport module.
[    0.181529] PCI: CLS 0 bytes, default 64
[    0.182985] hw perfevents: enabled with armv7_cortex_a15 PMU driver, 7 counters available
[    0.184736] workingset: timestamp_bits=30 max_order=19 bucket_order=0
[    0.193049] squashfs: version 4.0 (2009/01/31) Phillip Lougher
[    0.193773] NFS: Registering the id_resolver key type
[    0.193796] Key type id_resolver registered
[    0.193806] Key type id_legacy registered
[    0.193848] ntfs: driver 2.1.32 [Flags: R/O].
[    0.194500] random: fast init done
[    0.195435] bounce: pool size: 64 pages
[    0.195482] Block layer SCSI generic (bsg) driver version 0.4 loaded (major 248)
[    0.195494] io scheduler noop registered
[    0.195504] io scheduler deadline registered
[    0.195668] io scheduler cfq registered (default)
[    0.195679] io scheduler mq-deadline registered
[    0.195688] io scheduler kyber registered
[    0.199320]  usb2-0: usb2-0 supply vbus not found, using dummy regulator
[    0.199434]  usb2-1: usb2-1 supply vbus not found, using dummy regulator
[    0.199904] tegra-xusb-padctl 7009f000.padctl: failed to setup XUSB ports: -517
[    0.218872] tegra-pcie 1003000.pcie: 2x1, 1x1 configuration
[    0.218926] tegra-pcie 1003000.pcie: Failed to get supply 'avddio-pex': -517
[    0.225107] tegra124-dfll 70110000.clock: couldn't get vdd_cpu regulator
[    0.232281] tegra-apbdma 60020000.dma: Tegra20 APB DMA driver register 32 channels
[    0.234938] tegra-pmc 7000e400.pmc: emergency thermal reset enabled
[    0.290509] Serial: 8250/16550 driver, 4 ports, IRQ sharing disabled
[    0.293142] console [ttyS0] disabled
[    0.293180] 70006300.serial: ttyS0 at MMIO 0x70006300 (irq = 335, base_baud = 25500000) is a Tegra
[    1.207730] console [ttyS0] enabled
[    1.212063] SuperH (H)SCI(F) driver initialized
[    1.217711] msm_serial: driver initialized
[    1.221992] STMicroelectronics ASC driver initialized
[    1.227938] 70006000.serial: ttyTHS1 at MMIO 0x70006000 (irq = 333, base_baud = 0) is a TEGRA_UART
[    1.237211] 70006040.serial: ttyTHS2 at MMIO 0x70006040 (irq = 334, base_baud = 0) is a TEGRA_UART
[    1.251879] tegra-hdmi 54280000.hdmi: failed to get HDMI regulator
[    1.269831] brd: module loaded
[    1.279382] loop: module loaded
[    1.283721] at24 0-0056: 256 byte 24c02 EEPROM, writable, 8 bytes/write
[    1.292103] as3722 4-0040: AS3722 with revision 0x1 found
[    1.304063] as3722-sd2: supplied by +5V_SYS
[    1.308719] as3722-sd3: supplied by +5V_SYS
[    1.313103] +1.35V_LP0(sd3): Bringing 0uV into 1350000-1350000uV
[    1.319503] as3722-sd4: supplied by +5V_SYS
[    1.324118] as3722-sd5: supplied by +5V_SYS
[    1.330150] as3722-ldo0: supplied by +1.35V_LP0(sd2)
[    1.336208] +1.8V_RUN_CAM: Bringing 0uV into 1800000-1800000uV
[    1.342428] as3722-ldo2: supplied by +1.8V_VDDIO
[    1.348314] as3722-ldo3: supplied by +3.3V_SYS
[    1.352789] +1.05V_LP0_VDD_RTC: Bringing 1100000uV into 1000000-1000000uV
[    1.360573] as3722-ldo4: supplied by +3.3V_SYS
[    1.365219] +2.8V_RUN_CAM: Bringing 0uV into 2800000-2800000uV
[    1.371426] as3722-ldo5: supplied by +1.8V_VDDIO
[    1.376252] +1.2V_RUN_CAM_FRONT: Bringing 0uV into 1200000-1200000uV
[    1.383176] +VDDIO_SDMMC3: bypassed regulator has no supply!
[    1.388848] +VDDIO_SDMMC3: failed to get the current voltage(-517)
[    1.395024] as3722-regulator as3722-regulator: regulator 13 register failed -517
[    1.408388] tegra-ahci 70027000.sata: couldn't get PHY in node sata: -517
[    1.430762] m25p80 spi32765.0: w25q32dw (4096 Kbytes)
[    1.438561] libphy: Fixed MDIO Bus: probed
[    1.443759] CAN device driver interface
[    1.448658] bgmac_bcma: Broadcom 47xx GBit MAC driver loaded
[    1.455720] e1000e: Intel(R) PRO/1000 Network Driver - 3.2.6-k
[    1.461558] e1000e: Copyright(c) 1999 - 2015 Intel Corporation.
[    1.467545] igb: Intel(R) Gigabit Ethernet Network Driver - version 5.4.0-k
[    1.474494] igb: Copyright (c) 2007-2014 Intel Corporation.
[    1.484076] pegasus: v0.9.3 (2013/04/25), Pegasus/Pegasus II USB Ethernet driver
[    1.491530] usbcore: registered new interface driver pegasus
[    1.497245] usbcore: registered new interface driver asix
[    1.502672] usbcore: registered new interface driver ax88179_178a
[    1.508810] usbcore: registered new interface driver cdc_ether
[    1.514684] usbcore: registered new interface driver smsc75xx
[    1.520493] usbcore: registered new interface driver smsc95xx
[    1.526266] usbcore: registered new interface driver net1080
[    1.531974] usbcore: registered new interface driver cdc_subset
[    1.537934] usbcore: registered new interface driver zaurus
[    1.543553] usbcore: registered new interface driver cdc_ncm
[    1.549459] tegra-phy 7d004000.usb-phy: no vbus regulator
[    1.556987] ehci_hcd: USB 2.0 'Enhanced' Host Controller (EHCI) Driver
[    1.563505] ehci-pci: EHCI PCI platform driver
[    1.568001] ehci-platform: EHCI generic platform driver
[    1.573435] ehci-orion: EHCI orion driver
[    1.577618] SPEAr-ehci: EHCI SPEAr driver
[    1.581766] ehci-st: EHCI STMicroelectronics driver
[    1.586803] ehci-exynos: EHCI EXYNOS driver
[    1.591146] ehci-atmel: EHCI Atmel driver
[    1.595291] tegra-ehci: Tegra EHCI driver
[    1.602155] tegra-ehci 7d004000.usb: EHCI Host Controller
[    1.607590] tegra-ehci 7d004000.usb: new USB bus registered, assigned bus number 1
[    1.615353] tegra-ehci 7d004000.usb: irq 354, io mem 0x7d004000
[    1.646384] tegra-ehci 7d004000.usb: USB 2.0 started, EHCI 1.10
[    1.653102] hub 1-0:1.0: USB hub found
[    1.656904] hub 1-0:1.0: 1 port detected
[    1.661356] ohci_hcd: USB 1.1 'Open' Host Controller (OHCI) Driver
[    1.667576] ohci-pci: OHCI PCI platform driver
[    1.672056] ohci-platform: OHCI generic platform driver
[    1.677491] SPEAr-ohci: OHCI SPEAr driver
[    1.681641] ohci-st: OHCI STMicroelectronics driver
[    1.686669] ohci-atmel: OHCI Atmel driver
[    1.691463] usbcore: registered new interface driver usb-storage
[    1.702107] as3722-rtc as3722-rtc: rtc core: registered as3722-rtc as rtc0
[    1.709011] as3722-rtc as3722-rtc: RTC interrupt 377
[    1.717466] tegra_rtc 7000e000.rtc: rtc core: registered 7000e000.rtc as rtc1
[    1.724625] tegra_rtc 7000e000.rtc: Tegra internal Real Time Clock
[    1.731358] i2c /dev entries driver
[    1.741945] lm90 0-004c: 0-004c supply vcc not found, using dummy regulator
[    1.759558] sdhci: Secure Digital Host Controller Interface driver
[    1.765731] sdhci: Copyright(c) Pierre Ossman
[    1.771762] Synopsys Designware Multimedia Card Interface Driver
[    1.779130] sdhci-pltfm: SDHCI platform and OF driver helper
[    1.785594] sdhci-tegra 700b0400.sdhci: Got CD GPIO
[    1.790506] sdhci-tegra 700b0400.sdhci: Got WP GPIO
[    1.811752] mmc0: Unknown controller version (3). You may experience problems.
[    1.819028] mmc0: Invalid maximum block size, assuming 512 bytes
[    1.886384] mmc0: SDHCI controller on 700b0600.sdhci [700b0600.sdhci] using ADMA
[    1.895745] ledtrig-cpu: registered to indicate activity on CPUs
[    1.902084] usbcore: registered new interface driver usbhid
[    1.907668] usbhid: USB HID core driver
[    1.915658] NET: Registered protocol family 10
[    1.920927] Segment Routing with IPv6
[    1.924671] sit: IPv6, IPv4 and MPLS over IPv4 tunneling driver
[    1.931172] NET: Registered protocol family 17
[    1.935616] can: controller area network core (rev 20170425 abi 9)
[    1.941859] NET: Registered protocol family 29
[    1.946297] can: raw protocol (rev 20170425)
[    1.950580] can: broadcast manager protocol (rev 20170425 t)
[    1.956236] can: netlink gateway (rev 20170425) max_hops=1
[    1.962035] Key type dns_resolver registered
[    1.966904] ThumbEE CPU extension supported.
[    1.971174] Registering SWP/SWPB emulation handler
[    1.990489] +3.3V_RUN: supplied by +3.3V_SYS
[    1.995960] +USB0_VBUS_SW: supplied by +5V_SYS
[    2.000690] +3.3V_AVDD_HDMI_AP_GATED: supplied by +3.3V_RUN
[    2.006661] +5V_USB_HS: supplied by +5V_SYS
[    2.012519] +3.3V_LP0: supplied by +3.3V_SYS
[    2.019209] +5V_HDMI_CON: supplied by +5V_SYS
[    2.024244] +5V_SATA: supplied by +5V_SYS
[    2.028827] +12V_SATA: supplied by +VDD_MUX
[    2.035068]  usb2-0: usb2-0 supply vbus not found, using dummy regulator
[    2.036709] mmc0: new high speed MMC card at address 0001
[    2.037227] mmcblk0: mmc0:0001 SEM16G 14.7 GiB 
[    2.037735] mmcblk0boot0: mmc0:0001 SEM16G partition 1 4.00 MiB
[    2.037952] mmcblk0boot1: mmc0:0001 SEM16G partition 2 4.00 MiB
[    2.038097] mmcblk0rpmb: mmc0:0001 SEM16G partition 3 4.00 MiB
[    2.043690]  mmcblk0: p1
[    2.072155]  usb2-1: usb2-1 supply vbus not found, using dummy regulator
[    2.079231]  usb3-0: usb3-0 supply vbus not found, using dummy regulator
[    2.087164] tegra-pcie 1003000.pcie: 2x1, 1x1 configuration
[    2.092798] tegra-pcie 1003000.pcie: Failed to get supply 'avddio-pex': -517
[    2.102431] tegra124-dfll 70110000.clock: couldn't get vdd_cpu regulator
[    2.112961] tegra-hdmi 54280000.hdmi: failed to get PLL regulator
[    2.123567] as3722-sd2: supplied by +5V_SYS
[    2.128137] as3722-sd3: supplied by +5V_SYS
[    2.132549] as3722-sd4: supplied by +5V_SYS
[    2.137003] as3722-sd5: supplied by +5V_SYS
[    2.142889] as3722-ldo0: supplied by +1.35V_LP0(sd2)
[    2.148786] as3722-ldo1: supplied by +3.3V_RUN
[    2.153565] as3722-ldo2: supplied by +1.8V_VDDIO
[    2.159134] as3722-ldo3: supplied by +3.3V_SYS
[    2.164436] as3722-ldo4: supplied by +3.3V_SYS
[    2.169157] as3722-ldo5: supplied by +1.8V_VDDIO
[    2.174025] as3722-ldo6: supplied by +3.3V_RUN
[    2.178744] as3722-ldo7: supplied by +1.8V_VDDIO
[    2.184123] +1.05V_RUN_CAM_REAR: Bringing 0uV into 1050000-1050000uV
[    2.191233] as3722-ldo9: supplied by +5V_SYS
[    2.196781] +3.3V_RUN_TOUCH: Bringing 0uV into 2800000-2800000uV
[    2.203511] as3722-ldo10: supplied by +5V_SYS
[    2.208672] +2.8V_RUN_CAM_AF: Bringing 0uV into 2800000-2800000uV
[    2.215497] as3722-ldo11: supplied by +3.3V_RUN
[    2.220831] +1.8V_RUN_VPP_FUSE: Bringing 0uV into 1800000-1800000uV
[    2.230568] tegra-ahci 70027000.sata: AHCI 0001.0301 32 slots 2 ports 3 Gbps 0x1 impl platform mode
[    2.239645] tegra-ahci 70027000.sata: flags: 64bit ncq sntf pm led pio slum part sadm sds apst 
[    2.249593] scsi host0: tegra-ahci
[    2.253871] scsi host1: tegra-ahci
[    2.257725] ata1: SATA max UDMA/133 mmio [mem 0x70027000-0x70028fff] port 0x100 irq 345
[    2.265722] ata2: DUMMY
[    2.271611] tegra-ehci 7d008000.usb: EHCI Host Controller
[    2.277069] tegra-ehci 7d008000.usb: new USB bus registered, assigned bus number 2
[    2.284811] tegra-ehci 7d008000.usb: irq 355, io mem 0x7d008000
[    2.316481] tegra-ehci 7d008000.usb: USB 2.0 started, EHCI 1.10
[    2.323542] hub 2-0:1.0: USB hub found
[    2.327396] hub 2-0:1.0: 1 port detected
[    2.333888] sdhci-tegra 700b0400.sdhci: Got CD GPIO
[    2.338841] sdhci-tegra 700b0400.sdhci: Got WP GPIO
[    2.350591] mmc1: Unknown controller version (3). You may experience problems.
[    2.357929] mmc1: Invalid maximum block size, assuming 512 bytes
[    2.426931] mmc1: SDHCI controller on 700b0400.sdhci [700b0400.sdhci] using ADMA
[    2.435043] tegra-pcie 1003000.pcie: 2x1, 1x1 configuration
[    2.442763] tegra-pcie 1003000.pcie: probing port 0, using 2 lanes
[    2.452486] tegra-pcie 1003000.pcie: Slot present pin change, signature: 00000008
[    2.476626] tegra-pcie 1003000.pcie: probing port 1, using 1 lanes
[    2.484962] tegra-pcie 1003000.pcie: Slot present pin change, signature: 00000000
[    2.499715] tegra-pcie 1003000.pcie: PCI host bridge to bus 0000:00
[    2.505994] pci_bus 0000:00: root bus resource [io  0x0000-0xffff]
[    2.512227] pci_bus 0000:00: root bus resource [mem 0x13000000-0x1fffffff]
[    2.519139] pci_bus 0000:00: root bus resource [mem 0x20000000-0x3fffffff pref]
[    2.526498] pci_bus 0000:00: root bus resource [bus 00-ff]
[    2.532026] pci 0000:00:01.0: [10de:0e12] type 01 class 0x060400
[    2.538095] pci_bus 0000:00: 2-byte config write to 0000:00:01.0 offset 0x4 may corrupt adjacent RW1C bits
[    2.547797] pci_bus 0000:00: 2-byte config write to 0000:00:01.0 offset 0x4 may corrupt adjacent RW1C bits
[    2.557534] pci_bus 0000:00: 2-byte config write to 0000:00:01.0 offset 0x88 may corrupt adjacent RW1C bits
[    2.567340] pci_bus 0000:00: 2-byte config write to 0000:00:01.0 offset 0x52 may corrupt adjacent RW1C bits
[    2.577171] pci 0000:00:01.0: PME# supported from D0 D1 D2 D3hot D3cold
[    2.583796] pci_bus 0000:00: 2-byte config write to 0000:00:01.0 offset 0x4c may corrupt adjacent RW1C bits
[    2.593833] pci 0000:00:02.0: [10de:0e13] type 01 class 0x060400
[    2.599896] pci_bus 0000:00: 2-byte config write to 0000:00:02.0 offset 0x4 may corrupt adjacent RW1C bits
[    2.600070] ata1: SATA link down (SStatus 0 SControl 300)
[    2.614975] pci_bus 0000:00: 2-byte config write to 0000:00:02.0 offset 0x4 may corrupt adjacent RW1C bits
[    2.624677] pci_bus 0000:00: 2-byte config write to 0000:00:02.0 offset 0x88 may corrupt adjacent RW1C bits
[    2.634480] pci_bus 0000:00: 2-byte config write to 0000:00:02.0 offset 0x52 may corrupt adjacent RW1C bits
[    2.644266] pci 0000:00:02.0: PME# supported from D0 D1 D2 D3hot D3cold
[    2.650895] pci_bus 0000:00: 2-byte config write to 0000:00:02.0 offset 0x4c may corrupt adjacent RW1C bits
[    2.660949] PCI: bus0: Fast back to back transfers disabled
[    2.666543] pci 0000:00:01.0: bridge configuration invalid ([bus 00-00]), reconfiguring
[    2.674559] pci 0000:00:02.0: bridge configuration invalid ([bus 00-00]), reconfiguring
[    2.682807] pci 0000:01:00.0: [8086:4232] type 00 class 0x028000
[    2.688904] pci 0000:01:00.0: reg 0x10: [mem 0x00000000-0x00001fff 64bit]
[    2.695895] pci 0000:01:00.0: PME# supported from D0 D3hot D3cold
[    2.717410] mmc1: new high speed SDHC card at address aaaa
[    2.723616] mmcblk1: mmc1:aaaa SD04G 3.69 GiB 
[    2.728432] PCI: bus1: Fast back to back transfers disabled
[    2.734026] pci_bus 0000:01: busn_res: [bus 01-ff] end is updated to 01
[    2.740888] pci 0000:02:00.0: [10ec:8168] type 00 class 0x020000
[    2.746956] pci 0000:02:00.0: reg 0x10: [io  0x0000-0x00ff]
[    2.752552] pci 0000:02:00.0: reg 0x18: [mem 0x00000000-0x00000fff 64bit]
[    2.759380] pci 0000:02:00.0: reg 0x20: [mem 0x00000000-0x00003fff 64bit pref]
[    2.766747] pci 0000:02:00.0: supports D1 D2
[    2.771013] pci 0000:02:00.0: PME# supported from D0 D1 D2 D3hot D3cold
[    2.785355] mmcblk1: error -5 sending stop command, original cmd response 0x900, card status 0x900
[    2.794354] mmcblk1: error -5 transferring data, sector 7744504, nr 8, cmd response 0x900, card status 0x80000b00
[    2.806509] PCI: bus2: Fast back to back transfers disabled
[    2.812097] pci_bus 0000:02: busn_res: [bus 02-ff] end is updated to 02
[    2.818803] pci 0000:00:01.0: BAR 8: assigned [mem 0x13000000-0x130fffff]
[    2.825589] pci 0000:00:02.0: BAR 8: assigned [mem 0x13100000-0x131fffff]
[    2.832389] pci 0000:00:02.0: BAR 9: assigned [mem 0x20000000-0x200fffff 64bit pref]
[    2.840166] pci 0000:00:02.0: BAR 7: assigned [io  0x1000-0x1fff]
[    2.846264] pci 0000:01:00.0: BAR 0: assigned [mem 0x13000000-0x13001fff 64bit]
[    2.853611] pci 0000:00:01.0: PCI bridge to [bus 01]
[    2.858591] pci 0000:00:01.0:   bridge window [mem 0x13000000-0x130fffff]
[    2.865384] pci 0000:02:00.0: BAR 4: assigned [mem 0x20000000-0x20003fff 64bit pref]
[    2.873182] pci 0000:02:00.0: BAR 2: assigned [mem 0x13100000-0x13100fff 64bit]
[    2.880523] pci 0000:02:00.0: BAR 0: assigned [io  0x1000-0x10ff]
[    2.886632] pci 0000:00:02.0: PCI bridge to [bus 02]
[    2.891594] pci 0000:00:02.0:   bridge window [io  0x1000-0x1fff]
[    2.897718] pci 0000:00:02.0:   bridge window [mem 0x13100000-0x131fffff]
[    2.904512] pci 0000:00:02.0:   bridge window [mem 0x20000000-0x200fffff 64bit pref]
[    2.904928] mmcblk1: error -5 sending stop command, original cmd response 0x900, card status 0x900
[    2.904938] mmcblk1: error -5 transferring data, sector 7744504, nr 8, cmd response 0x900, card status 0x80000b00
[    2.904946] mmcblk1: retrying using single block read
[    2.936674] pci 0000:00:01.0: nv_msi_ht_cap_quirk didn't locate host bridge
[    2.943786] pcieport 0000:00:01.0: enabling device (0140 -> 0142)
[    2.950172] pcieport 0000:00:01.0: Signaling PME with IRQ 393
[    2.956013] pci 0000:00:02.0: nv_msi_ht_cap_quirk didn't locate host bridge
[    2.963141] pcieport 0000:00:02.0: enabling device (0140 -> 0143)
[    2.969520] pcieport 0000:00:02.0: Signaling PME with IRQ 394
[    2.975632] r8169 Gigabit Ethernet driver 2.3LK-NAPI loaded
[    2.981266] r8169 0000:02:00.0: enabling device (0140 -> 0143)
[    2.991128]  mmcblk1: p1 p2 p3
[    3.018066] r8169 0000:02:00.0 eth0: RTL8168g/8111g at 0xf0b72000, 00:04:4b:3a:d9:81, XID 0c000800 IRQ 395
[    3.027749] r8169 0000:02:00.0 eth0: jumbo features [frames: 9200 bytes, tx checksumming: ko]
[    3.040057] +1.05V_RUN_AVDD_HDMI_PLL: supplied by +1.05V_RUN
[    3.047908] [drm] Supports vblank timestamp caching Rev 2 (21.10.2013).
[    3.054523] [drm] No driver support for vblank timestamp query.
[    3.184780] tegra-hdmi 54280000.hdmi: cannot set audio to 48000 Hz at 297000000 Hz pixel clock
[    3.432237] Console: switching to colour frame buffer device 512x135
[    3.530845] drm drm: fb0:  frame buffer device
[    3.535372] [drm] Initialized tegra 0.0.0 20120330 for drm on minor 0
[    3.543277] of: dev_pm_opp_of_cpumask_add_table: couldn't find opp table for cpu:0, -19
[    3.551347] cpufreq: cpufreq_online: CPU0: Running at unlisted freq: 696000 KHz
[    3.558676] cpufreq: cpufreq_online: CPU0: Unlisted initial frequency changed to: 714000 KHz
[    3.567788] input: gpio-keys as /devices/soc0/gpio-keys/input/input0
[    3.575062] as3722-rtc as3722-rtc: setting system clock to 2000-01-01 00:02:36 UTC (946684956)
[    3.583994] +USB0_VBUS_SW: disabling
[    3.587610] +1.8V_RUN_CAM: disabling
[    3.591379] +2.8V_RUN_CAM: disabling
[    3.595106] +1.2V_RUN_CAM_FRONT: disabling
[    3.599457] +1.05V_RUN_CAM_REAR: disabling
[    3.603705] +3.3V_RUN_TOUCH: disabling
[    3.607667] +2.8V_RUN_CAM_AF: disabling
[    3.611652] +1.8V_RUN_VPP_FUSE: disabling
[    3.616653] EXT4-fs (mmcblk0p1): mounting ext3 file system using the ext4 subsystem
[    3.637946] EXT4-fs (mmcblk0p1): recovery complete
[    3.642731] EXT4-fs (mmcblk0p1): mounted filesystem with ordered data mode. Opts: (null)
[    3.650869] VFS: Mounted root (ext3 filesystem) on device 179:1.
[    3.661129] devtmpfs: mounted
[    3.664718] Freeing unused kernel memory: 2048K
bash: cannot set terminal process group (-1): Inappropriate ioctl for device
bash: no job control in this shell
root@(none):/# mount -t sysfs none /sys
root@(none):/# 
root@(none):/# mount -t debugfs none /sys/kernel/debug
root@(none):/# 
root@(none):/# rtcwake -d rtc1 -m mem -s 3
rtcwake: assuming RTC uses UTC ...
rtcwake: wakeup from "mem" using /dev/rtc1 at Thu Jan  1 00:00:20 1970
[    6.378857] PM: Syncing filesystems ... done.
[    6.572464] Freezing user space processes ... (elapsed 0.001 seconds) done.
[    6.580693] OOM killer disabled.
[    6.583909] Freezing remaining freezable tasks ... (elapsed 0.001 seconds) done.
[    6.592482] Suspending console(s) (use no_console_suspend to debug)
[    6.747487] Disabling non-boot CPUs ...
[    6.796600] IRQ17 no longer affine to CPU1
[    6.917348] Entering suspend state LP1
[    6.917348] Suspended for 2.949 seconds
[    6.917360] Enabling non-boot CPUs ...
[    6.917748] CPU1 is up
[    6.918096] CPU2 is up
[    6.918452] CPU3 is up
[    6.919164] pcieport 0000:00:01.0: nv_msi_ht_cap_quirk didn't locate host bridge
[    6.919237] pcieport 0000:00:02.0: nv_msi_ht_cap_quirk didn't locate host bridge
[    6.950937] tegra-hdmi 54280000.hdmi: cannot set audio to 48000 Hz at 297000000 Hz pixel clock
[    7.123326] OOM killer enabled.
[    7.126459] Restarting tasks ... done.
root@(none):/# 
root@(none):/# [    7.278824] ata1: SATA link down (SStatus 0 SControl 300)
rtcwake -d rtc1 -m mem -s 3
rtcwake: assuming RTC uses UTC ...
rtcwake: wakeup from "mem" using /dev/rtc1 at Thu Jan  1 00:00:25 1970
[    8.473365] PM: Syncing filesystems ... done.
[    8.612734] Freezing user space processes ... (elapsed 0.001 seconds) done.
[    8.621077] OOM killer disabled.
[    8.624305] Freezing remaining freezable tasks ... (elapsed 0.001 seconds) done.
[    8.633125] Suspending console(s) (use no_console_suspend to debug)
[    8.667279] pci_generic_config_write32: 131 callbacks suppressed
[    8.667300] pci_bus 0000:00: 2-byte config write to 0000:00:02.0 offset 0x9c may corrupt adjacent RW1C bits
[    8.667327] pci_bus 0000:00: 2-byte config write to 0000:00:01.0 offset 0x9c may corrupt adjacent RW1C bits
[    8.788948] pci_bus 0000:02: 2-byte config write to 0000:02:00.0 offset 0x44 may corrupt adjacent RW1C bits
[    8.789003] pci_bus 0000:02: 2-byte config write to 0000:02:00.0 offset 0x44 may corrupt adjacent RW1C bits
[    8.820381] Disabling non-boot CPUs ...
[    9.016969] IRQ17 no longer affine to CPU3
[    9.018692] Entering suspend state LP1
[    9.018692] Suspended for 2.898 seconds
[    9.018704] Enabling non-boot CPUs ...
[    9.019103] CPU1 is up
[    9.019457] CPU2 is up
[    9.019817] CPU3 is up
[    9.020440] pci_bus 0000:00: 2-byte config write to 0000:00:01.0 offset 0x4c may corrupt adjacent RW1C bits
[    9.020451] pci_bus 0000:00: 2-byte config write to 0000:00:02.0 offset 0x4c may corrupt adjacent RW1C bits
[    9.020461] pci_bus 0000:00: 2-byte config write to 0000:00:01.0 offset 0x88 may corrupt adjacent RW1C bits
[    9.020467] pci_bus 0000:00: 2-byte config write to 0000:00:01.0 offset 0x90 may corrupt adjacent RW1C bits
[    9.020474] pci_bus 0000:00: 2-byte config write to 0000:00:02.0 offset 0x88 may corrupt adjacent RW1C bits
[    9.020479] pci_bus 0000:00: 2-byte config write to 0000:00:01.0 offset 0x98 may corrupt adjacent RW1C bits
[    9.020589] pcieport 0000:00:01.0: nv_msi_ht_cap_quirk didn't locate host bridge
[    9.020591] pcieport 0000:00:02.0: nv_msi_ht_cap_quirk didn't locate host bridge
[    9.051166] tegra-hdmi 54280000.hdmi: cannot set audio to 48000 Hz at 297000000 Hz pixel clock
[    9.326961] OOM killer enabled.
[    9.330097] Restarting tasks ... done.
root@(none):/# 
[    9.379116] ata1: SATA link down (SStatus 0 SControl 300)
root@(none):/# rtcwake -d rtc1 -m mem -s 3
rtcwake: assuming RTC uses UTC ...
rtcwake: wakeup from "mem" using /dev/rtc1 at Thu Jan  1 00:00:30 1970
[   10.576755] PM: Syncing filesystems ... done.
[   10.768315] Freezing user space processes ... (elapsed 0.001 seconds) done.
[   10.776565] OOM killer disabled.
[   10.779782] Freezing remaining freezable tasks ... (elapsed 0.001 seconds) done.
[   10.788385] Suspending console(s) (use no_console_suspend to debug)
[   10.947452] Disabling non-boot CPUs ...
[   10.986530] IRQ17 no longer affine to CPU1
[   11.107113] Entering suspend state LP1
[   11.107113] Suspended for 2.911 seconds
[   11.107125] Enabling non-boot CPUs ...
[   11.107530] CPU1 is up
[   11.107885] CPU2 is up
[   11.108248] CPU3 is up
[   11.108907] pcieport 0000:00:01.0: nv_msi_ht_cap_quirk didn't locate host bridge
[   11.108974] pcieport 0000:00:02.0: nv_msi_ht_cap_quirk didn't locate host bridge
[   11.140530] tegra-hdmi 54280000.hdmi: cannot set audio to 48000 Hz at 297000000 Hz pixel clock
[   11.312895] OOM killer enabled.
[   11.316027] Restarting tasks ... done.
root@(none):/# 
root@(none):/# [   11.468830] ata1: SATA link down (SStatus 0 SControl 300)
rtcwake -d rtc1 -m mem -s 3
rtcwake: assuming RTC uses UTC ...
rtcwake: wakeup from "mem" using /dev/rtc1 at Thu Jan  1 00:00:35 1970
[   12.666475] PM: Syncing filesystems ... done.
[   12.857848] Freezing user space processes ... (elapsed 0.001 seconds) done.
[   12.866098] OOM killer disabled.
[   12.869337] Freezing remaining freezable tasks ... (elapsed 0.001 seconds) done.
[   12.877916] Suspending console(s) (use no_console_suspend to debug)
[   13.037386] Disabling non-boot CPUs ...
[   13.207078] Entering suspend state LP1
[   13.207078] Suspended for 2.899 seconds
[   13.207089] Enabling non-boot CPUs ...
[   13.207498] CPU1 is up
[   13.207852] CPU2 is up
[   13.208215] CPU3 is up
[   13.208873] pcieport 0000:00:01.0: nv_msi_ht_cap_quirk didn't locate host bridge
[   13.208940] pcieport 0000:00:02.0: nv_msi_ht_cap_quirk didn't locate host bridge
[   13.240209] tegra-hdmi 54280000.hdmi: cannot set audio to 48000 Hz at 297000000 Hz pixel clock
[   13.408531] OOM killer enabled.
[   13.411665] Restarting tasks ... done.
root@(none):/# 
root@(none):/# [   13.568787] ata1: SATA link down (SStatus 0 SControl 300)
rtcwake -d rtc1 -m mem -s 3
rtcwake: assuming RTC uses UTC ...
rtcwake: wakeup from "mem" using /dev/rtc1 at Thu Jan  1 00:00:40 1970
[   14.772967] PM: Syncing filesystems ... done.
[   14.957423] Freezing user space processes ... (elapsed 0.001 seconds) done.
[   14.965693] OOM killer disabled.
[   14.968928] Freezing remaining freezable tasks ... (elapsed 0.001 seconds) done.
[   14.977520] Suspending console(s) (use no_console_suspend to debug)
[   14.997025] pci_generic_config_write32: 128 callbacks suppressed
[   14.997033] pci_bus 0000:00: 2-byte config write to 0000:00:02.0 offset 0x9c may corrupt adjacent RW1C bits
[   14.997049] pci_bus 0000:00: 2-byte config write to 0000:00:01.0 offset 0x9c may corrupt adjacent RW1C bits
[   15.111016] pci_bus 0000:02: 2-byte config write to 0000:02:00.0 offset 0x44 may corrupt adjacent RW1C bits
[   15.111036] pci_bus 0000:02: 2-byte config write to 0000:02:00.0 offset 0x44 may corrupt adjacent RW1C bits
[   15.137360] Disabling non-boot CPUs ...
[   15.297048] Entering suspend state LP1
[   15.297048] Suspended for 2.909 seconds
[   15.297059] Enabling non-boot CPUs ...
[   15.297468] CPU1 is up
[   15.297820] CPU2 is up
[   15.298177] CPU3 is up
[   15.298788] pci_bus 0000:00: 2-byte config write to 0000:00:02.0 offset 0x4c may corrupt adjacent RW1C bits
[   15.298796] pci_bus 0000:00: 2-byte config write to 0000:00:01.0 offset 0x4c may corrupt adjacent RW1C bits
[   15.298808] pci_bus 0000:00: 2-byte config write to 0000:00:02.0 offset 0x88 may corrupt adjacent RW1C bits
[   15.298815] pci_bus 0000:00: 2-byte config write to 0000:00:01.0 offset 0x88 may corrupt adjacent RW1C bits
[   15.298821] pci_bus 0000:00: 2-byte config write to 0000:00:02.0 offset 0x90 may corrupt adjacent RW1C bits
[   15.298826] pci_bus 0000:00: 2-byte config write to 0000:00:01.0 offset 0x90 may corrupt adjacent RW1C bits
[   15.298936] pcieport 0000:00:01.0: nv_msi_ht_cap_quirk didn't locate host bridge
[   15.298938] pcieport 0000:00:02.0: nv_msi_ht_cap_quirk didn't locate host bridge
[   15.330679] tegra-hdmi 54280000.hdmi: cannot set audio to 48000 Hz at 297000000 Hz pixel clock
[   15.602360] OOM killer enabled.
[   15.605497] Restarting tasks ... done.
root@(none):/# 
[   15.659012] ata1: SATA link down (SStatus 0 SControl 300)
root@(none):/# rtcwake -d rtc1 -m mem -s 3
rtcwake: assuming RTC uses UTC ...
rtcwake: wakeup from "mem" using /dev/rtc1 at Thu Jan  1 00:00:45 1970
[   16.855988] PM: Syncing filesystems ... done.
[   17.047802] Freezing user space processes ... (elapsed 0.001 seconds) done.
[   17.056030] OOM killer disabled.
[   17.059264] Freezing remaining freezable tasks ... (elapsed 0.001 seconds) done.
[   17.067829] Suspending console(s) (use no_console_suspend to debug)
[   17.227155] Disabling non-boot CPUs ...
[   17.386897] Entering suspend state LP1
[   17.386897] Suspended for 2.909 seconds
[   17.386908] Enabling non-boot CPUs ...
[   17.387316] CPU1 is up
[   17.387673] CPU2 is up
[   17.388029] CPU3 is up
[   17.388744] pcieport 0000:00:01.0: nv_msi_ht_cap_quirk didn't locate host bridge
[   17.388746] pcieport 0000:00:02.0: nv_msi_ht_cap_quirk didn't locate host bridge
[   17.420988] tegra-hdmi 54280000.hdmi: cannot set audio to 48000 Hz at 297000000 Hz pixel clock
[   17.589316] OOM killer enabled.
[   17.592449] Restarting tasks ... done.
root@(none):/# 
root@(none):/# [   17.748618] ata1: SATA link down (SStatus 0 SControl 300)
rtcwake -d rtc1 -m mem -s 3
rtcwake: assuming RTC uses UTC ...
rtcwake: wakeup from "mem" using /dev/rtc1 at Thu Jan  1 00:00:50 1970
[   18.944765] PM: Syncing filesystems ... done.
[   19.138106] Freezing user space processes ... (elapsed 0.001 seconds) done.
[   19.146376] OOM killer disabled.
[   19.149596] Freezing remaining freezable tasks ... (elapsed 0.001 seconds) done.
[   19.158241] Suspending console(s) (use no_console_suspend to debug)
[   19.317311] Disabling non-boot CPUs ...
[   19.476972] Entering suspend state LP1
[   19.476972] Suspended for 2.909 seconds
[   19.476983] Enabling non-boot CPUs ...
[   19.477394] CPU1 is up
[   19.477748] CPU2 is up
[   19.478105] CPU3 is up
[   19.478819] pcieport 0000:00:01.0: nv_msi_ht_cap_quirk didn't locate host bridge
[   19.478822] pcieport 0000:00:02.0: nv_msi_ht_cap_quirk didn't locate host bridge
[   19.510536] tegra-hdmi 54280000.hdmi: cannot set audio to 48000 Hz at 297000000 Hz pixel clock
[   19.678866] OOM killer enabled.
[   19.682000] Restarting tasks ... done.
root@(none):/# 
root@(none):/# [   19.838668] ata1: SATA link down (SStatus 0 SControl 300)
rtcwake -d rtc1 -m mem -s 3
rtcwake: assuming RTC uses UTC ...
rtcwake: wakeup from "mem" using /dev/rtc1 at Thu Jan  1 00:00:55 1970
[   21.037399] PM: Syncing filesystems ... done.
[   21.227526] Freezing user space processes ... (elapsed 0.001 seconds) done.
[   21.235765] OOM killer disabled.
[   21.239021] Freezing remaining freezable tasks ... (elapsed 0.001 seconds) done.
[   21.247665] Suspending console(s) (use no_console_suspend to debug)
[   21.266943] pci_generic_config_write32: 128 callbacks suppressed
[   21.266951] pci_bus 0000:00: 2-byte config write to 0000:00:02.0 offset 0x9c may corrupt adjacent RW1C bits
[   21.266967] pci_bus 0000:00: 2-byte config write to 0000:00:01.0 offset 0x9c may corrupt adjacent RW1C bits
[   21.380970] pci_bus 0000:02: 2-byte config write to 0000:02:00.0 offset 0x44 may corrupt adjacent RW1C bits
[   21.380987] pci_bus 0000:02: 2-byte config write to 0000:02:00.0 offset 0x44 may corrupt adjacent RW1C bits
[   21.407284] Disabling non-boot CPUs ...
[   21.566948] Entering suspend state LP1
[   21.566948] Suspended for 2.909 seconds
[   21.566960] Enabling non-boot CPUs ...
[   21.567368] CPU1 is up
[   21.567724] CPU2 is up
[   21.568088] CPU3 is up
[   21.568685] pci_bus 0000:00: 2-byte config write to 0000:00:01.0 offset 0x4c may corrupt adjacent RW1C bits
[   21.568696] pci_bus 0000:00: 2-byte config write to 0000:00:01.0 offset 0x88 may corrupt adjacent RW1C bits
[   21.568702] pci_bus 0000:00: 2-byte config write to 0000:00:01.0 offset 0x90 may corrupt adjacent RW1C bits
[   21.568707] pci_bus 0000:00: 2-byte config write to 0000:00:01.0 offset 0x98 may corrupt adjacent RW1C bits
[   21.568712] pci_bus 0000:00: 2-byte config write to 0000:00:01.0 offset 0x9c may corrupt adjacent RW1C bits
[   21.568718] pci_bus 0000:00: 2-byte config write to 0000:00:01.0 offset 0xa8 may corrupt adjacent RW1C bits
[   21.568774] pcieport 0000:00:01.0: nv_msi_ht_cap_quirk didn't locate host bridge
[   21.568942] pcieport 0000:00:02.0: nv_msi_ht_cap_quirk didn't locate host bridge
[   21.600462] tegra-hdmi 54280000.hdmi: cannot set audio to 48000 Hz at 297000000 Hz pixel clock
[   21.872170] OOM killer enabled.
[   21.875306] Restarting tasks ... done.
root@(none):/# 
[   21.928918] ata1: SATA link down (SStatus 0 SControl 300)
root@(none):/# rtcwake -d rtc1 -m mem -s 3
rtcwake: assuming RTC uses UTC ...
rtcwake: wakeup from "mem" using /dev/rtc1 at Thu Jan  1 00:01:00 1970
[   23.122348] PM: Syncing filesystems ... done.
[   23.262268] Freezing user space processes ... (elapsed 0.001 seconds) done.
[   23.270626] OOM killer disabled.
[   23.273855] Freezing remaining freezable tasks ... (elapsed 0.001 seconds) done.
[   23.282698] Suspending console(s) (use no_console_suspend to debug)
[   23.470150] Disabling non-boot CPUs ...
[   23.576874] IRQ17 no longer affine to CPU2
[   23.638460] Entering suspend state LP1
[   23.638460] Suspended for 2.928 seconds
[   23.638472] Enabling non-boot CPUs ...
[   23.638880] CPU1 is up
[   23.639233] CPU2 is up
[   23.639598] CPU3 is up
[   23.640263] pcieport 0000:00:01.0: nv_msi_ht_cap_quirk didn't locate host bridge
[   23.640431] pcieport 0000:00:02.0: nv_msi_ht_cap_quirk didn't locate host bridge
[   23.670969] tegra-hdmi 54280000.hdmi: cannot set audio to 48000 Hz at 297000000 Hz pixel clock
[   23.843375] OOM killer enabled.
[   23.846507] Restarting tasks ... done.
root@(none):/# 
root@(none):/# [   23.998575] ata1: SATA link down (SStatus 0 SControl 300)
rtcwake -d rtc1 -m mem -s 3
rtcwake: assuming RTC uses UTC ...
rtcwake: wakeup from "mem" using /dev/rtc1 at Thu Jan  1 00:01:05 1970
[   25.192420] PM: Syncing filesystems ... done.
[   25.334752] Freezing user space processes ... (elapsed 0.001 seconds) done.
[   25.343103] OOM killer disabled.
[   25.346373] Freezing remaining freezable tasks ... (elapsed 0.001 seconds) done.
[   25.355170] Suspending console(s) (use no_console_suspend to debug)
[   25.540060] Disabling non-boot CPUs ...
[   25.646838] IRQ17 no longer affine to CPU2
[   25.708428] Entering suspend state LP1
[   25.708428] Suspended for 2.929 seconds
[   25.708440] Enabling non-boot CPUs ...
[   25.708848] CPU1 is up
[   25.709201] CPU2 is up
[   25.709556] CPU3 is up
[   25.710271] pcieport 0000:00:02.0: nv_msi_ht_cap_quirk didn't locate host bridge
[   25.710273] pcieport 0000:00:01.0: nv_msi_ht_cap_quirk didn't locate host bridge
[   25.740899] tegra-hdmi 54280000.hdmi: cannot set audio to 48000 Hz at 297000000 Hz pixel clock
[   25.913281] OOM killer enabled.
[   25.916414] Restarting tasks ... done.
root@(none):/# 
root@(none):/# [   26.068536] ata1: SATA link down (SStatus 0 SControl 300)
NVTB SYSTEM SUSPEND TEST COMPLETE
