[    0.000000] Booting Linux on physical CPU 0x0000000000 [0x411fd071]
[    0.000000] Linux version 4.16.0-rc1-348826-g7928b2cbe55b (jonathanh@tamien) (gcc version 4.9.2 20140904 (prerelease) (crosstool-NG linaro-1.13.1-4.9-2014.09 - Linaro GCC 4.9-2014.09)) #1 SMP PREEMPT Sun Feb 11 15:41:38 PST 2018
[    0.000000] Machine model: Google Pixel C
[    0.000000] efi: Getting EFI parameters from FDT:
[    0.000000] efi: UEFI not found.
[    0.000000] cma: Reserved 16 MiB at 0x00000000f5400000
[    0.000000] earlycon: uart0 at MMIO 0x0000000070006000 (options '115200n8')
[    0.000000] bootconsole [uart0] enabled
[    0.000000] NUMA: No NUMA configuration found
[    0.000000] NUMA: Faking a node at [mem 0x0000000000000000-0x000000013fffffff]
[    0.000000] NUMA: NODE_DATA [mem 0x13fface80-0x13ffae97f]
[    0.000000] Zone ranges:
[    0.000000]   DMA32    [mem 0x0000000080000000-0x00000000ffffffff]
[    0.000000]   Normal   [mem 0x0000000100000000-0x000000013fffffff]
[    0.000000] Movable zone start for each node
[    0.000000] Early memory node ranges
[    0.000000]   node   0: [mem 0x0000000080000000-0x00000000f65fffff]
[    0.000000]   node   0: [mem 0x0000000100000000-0x000000013fffffff]
[    0.000000] Initmem setup node 0 [mem 0x0000000080000000-0x000000013fffffff]
[    0.000000] psci: probing for conduit method from DT.
[    0.000000] psci: PSCIv1.0 detected in firmware.
[    0.000000] psci: Using standard PSCI v0.2 function IDs
[    0.000000] psci: MIGRATE_INFO_UP_CPU reported invalid physical ID (0x80000000)
[    0.000000] psci: SMC Calling Convention v1.0
[    0.000000] random: get_random_bytes called from start_kernel+0xb0/0x414 with crng_init=0
[    0.000000] percpu: Embedded 24 pages/cpu @        (ptrval) s57984 r8192 d32128 u98304
[    0.000000] Detected PIPT I-cache on CPU0
[    0.000000] CPU features: enabling workaround for ARM erratum 832075
[    0.000000] CPU features: enabling workaround for ARM erratum 834220
[    0.000000] Built 1 zonelists, mobility grouping on.  Total pages: 735336
[    0.000000] Policy zone: Normal
[    0.000000] Kernel command line: cros_secure vpr=0x08000000@0xf6800000 earlycon
[    0.000000] software IO TLB [mem 0xf1400000-0xf5400000] (64MB) mapped at [        (ptrval)-        (ptrval)]
[    0.000000] Memory: 2834812K/2988032K available (9980K kernel code, 1250K rwdata, 4628K rodata, 1152K init, 402K bss, 136836K reserved, 16384K cma-reserved)
[    0.000000] SLUB: HWalign=64, Order=0-3, MinObjects=0, CPUs=4, Nodes=1
[    0.000000] Preemptible hierarchical RCU implementation.
[    0.000000] 	RCU restricting CPUs from NR_CPUS=64 to nr_cpu_ids=4.
[    0.000000] 	Tasks RCU enabled.
[    0.000000] RCU: Adjusting geometry for rcu_fanout_leaf=16, nr_cpu_ids=4
[    0.000000] NR_IRQS: 64, nr_irqs: 64, preallocated irqs: 0
[    0.000000] GIC: Using split EOI/Deactivate mode
[    0.000000] /interrupt-controller@60004000: 192 interrupts forwarded to /interrupt-controller@50041000
[    0.000000] boot misc0 0x0: expected 0x80000
[    0.000000]  (comparison mask = 0x400ffffb)
[    0.000000] boot misc2 0x1f720005: expected 0x1f720f05
[    0.000000]  (comparison mask = 0xffffff17)
[    0.000000] PLL_C already enabled. Postponing set full defaults
[    0.000000] boot misc0 0x0: expected 0x20
[    0.000000]  (comparison mask = 0x7ffffff)
[    0.000000] boot misc1 0x10000000: expected 0xc0000000
[    0.000000]  (comparison mask = 0xf8000000)
[    0.000000] boot misc2 0x0: expected 0xf400f0da
[    0.000000]  (comparison mask = 0xffffffff)
[    0.000000] boot misc3 0x0: expected 0x2004f400
[    0.000000]  (comparison mask = 0xffffffff)
[    0.000000] PLL_DP already enabled. Postponing set full defaults
[    0.000000] boot misc1 0x0: expected 0x20
[    0.000000]  (comparison mask = 0xffffff)
[    0.000000] PLL_X already enabled. Postponing set full defaults
[    0.000000] arch_timer: cp15 timer(s) running at 19.20MHz (phys).
[    0.000000] clocksource: arch_sys_counter: mask: 0xffffffffffffff max_cycles: 0x46d987e47, max_idle_ns: 440795202767 ns
[    0.000003] sched_clock: 56 bits at 19MHz, resolution 52ns, wraps every 4398046511078ns
[    0.000233] Console: colour dummy device 80x25
[    0.000309] console [tty0] enabled
[    0.000369] bootconsole [uart0] disabled
[    0.000467] Calibrating delay loop (skipped), value calculated using timer frequency.. 38.40 BogoMIPS (lpj=76800)
[    0.000482] pid_max: default: 32768 minimum: 301
[    0.000527] Security Framework initialized
[    0.001914] Dentry cache hash table entries: 524288 (order: 10, 4194304 bytes)
[    0.002616] Inode-cache hash table entries: 262144 (order: 9, 2097152 bytes)
[    0.002663] Mount-cache hash table entries: 8192 (order: 4, 65536 bytes)
[    0.002694] Mountpoint-cache hash table entries: 8192 (order: 4, 65536 bytes)
[    0.015688] ASID allocator initialised with 32768 entries
[    0.023685] Hierarchical SRCU implementation.
[    0.033133] Speedo Revision 4
[    0.033150] random: fast init done
[    0.033157] Tegra Revision: A02 SKU: 19 CPU Process: 0 SoC Process: 0
[    0.079841] EFI services will not be available.
[    0.087770] smp: Bringing up secondary CPUs ...
[    0.115904] Detected PIPT I-cache on CPU1
[    0.115934] CPU1: Booted secondary processor 0x0000000001 [0x411fd071]
[    0.143929] Detected PIPT I-cache on CPU2
[    0.143949] CPU2: Booted secondary processor 0x0000000002 [0x411fd071]
[    0.171965] Detected PIPT I-cache on CPU3
[    0.171984] CPU3: Booted secondary processor 0x0000000003 [0x411fd071]
[    0.172029] smp: Brought up 1 node, 4 CPUs
[    0.172065] SMP: Total of 4 processors activated.
[    0.172074] CPU features: detected feature: 32-bit EL0 Support
[    0.172082] CPU features: detected feature: Kernel page table isolation (KPTI)
[    0.176628] CPU: All CPU(s) started at EL2
[    0.176645] alternatives: patching kernel code
[    0.179593] devtmpfs: initialized
[    0.184614] clocksource: jiffies: mask: 0xffffffff max_cycles: 0xffffffff, max_idle_ns: 7645041785100000 ns
[    0.184660] futex hash table entries: 1024 (order: 5, 131072 bytes)
[    0.184938] pinctrl core: initialized pinctrl subsystem
[    0.186007] DMI not present or invalid.
[    0.186245] NET: Registered protocol family 16
[    0.186433] audit: initializing netlink subsys (disabled)
[    0.186528] audit: type=2000 audit(0.184:1): state=initialized audit_enabled=0 res=1
[    0.188035] cpuidle: using governor menu
[    0.188175] vdso: 2 pages (1 code @ 000000000cebbbb1, 1 data @ 00000000dfd6c17e)
[    0.188193] hw-breakpoint: found 6 breakpoint and 4 watchpoint registers.
[    0.188772] DMA: preallocated 256 KiB pool for atomic allocations
[    0.190512] Serial: AMBA PL011 UART driver
[    0.206139] HugeTLB registered 2.00 MiB page size, pre-allocated 0 pages
[    0.206382] cryptd: max_cpu_qlen set to 1000
[    0.206806] ACPI: Interpreter disabled.
[    0.207244] PPLCD_VDD: Failed to request enable GPIO172: -517
[    0.207260] reg-fixed-voltage regulators:regulator@1: Failed to register regulator: -517
[    0.207614] PP1800_LCDIO: Failed to request enable GPIO171: -517
[    0.207627] reg-fixed-voltage regulators:regulator@5: Failed to register regulator: -517
[    0.207674] PP1800_CAM: Failed to request enable GPIO83: -517
[    0.207684] reg-fixed-voltage regulators:regulator@6: Failed to register regulator: -517
[    0.208363] vgaarb: loaded
[    0.208535] SCSI subsystem initialized
[    0.208830] usbcore: registered new interface driver usbfs
[    0.208866] usbcore: registered new interface driver hub
[    0.208908] usbcore: registered new device driver usb
[    0.209871] tegra-i2c 7000d100.i2c: could not find pctldev for node /host1x@50000000/dpaux@545c0000/pinmux-i2c, deferring probe
[    0.209960] pps_core: LinuxPPS API ver. 1 registered
[    0.209969] pps_core: Software ver. 5.3.6 - Copyright 2005-2007 Rodolfo Giometti <giometti@linux.it>
[    0.209989] PTP clock support registered
[    0.210096] EDAC MC: Ver: 3.0.0
[    0.210494] Advanced Linux Sound Architecture Driver Initialized.
[    0.210887] clocksource: Switched to clocksource arch_sys_counter
[    0.210987] VFS: Disk quotas dquot_6.6.0
[    0.211029] VFS: Dquot-cache hash table entries: 512 (order 0, 4096 bytes)
[    0.211123] pnp: PnP ACPI: disabled
[    0.215017] NET: Registered protocol family 2
[    0.215345] tcp_listen_portaddr_hash hash table entries: 2048 (order: 3, 32768 bytes)
[    0.215402] TCP established hash table entries: 32768 (order: 6, 262144 bytes)
[    0.215577] TCP bind hash table entries: 32768 (order: 7, 524288 bytes)
[    0.215776] TCP: Hash tables configured (established 32768 bind 32768)
[    0.215875] UDP hash table entries: 2048 (order: 4, 65536 bytes)
[    0.215915] UDP-Lite hash table entries: 2048 (order: 4, 65536 bytes)
[    0.216029] NET: Registered protocol family 1
[    0.216239] RPC: Registered named UNIX socket transport module.
[    0.216250] RPC: Registered udp transport module.
[    0.216257] RPC: Registered tcp transport module.
[    0.216264] RPC: Registered tcp NFSv4.1 backchannel transport module.
[    0.216381] Unpacking initramfs...
[    0.228166] Freeing initrd memory: 3412K
[    0.228558] kvm [1]: 8-bit VMID
[    0.228570] kvm [1]: IDMAP page: 80a27000
[    0.228578] kvm [1]: HYP VA range: 800000000000:ffffffffffff
[    0.229314] kvm [1]: vgic-v2@50044000
[    0.229382] kvm [1]: vgic interrupt IRQ1
[    0.229399] kvm [1]: virtual timer IRQ4
[    0.229456] kvm [1]: Hyp mode initialized successfully
[    0.231216] Initialise system trusted keyrings
[    0.231295] workingset: timestamp_bits=44 max_order=20 bucket_order=0
[    0.234867] squashfs: version 4.0 (2009/01/31) Phillip Lougher
[    0.239313] NFS: Registering the id_resolver key type
[    0.239335] Key type id_resolver registered
[    0.239342] Key type id_legacy registered
[    0.239354] nfs4filelayout_init: NFSv4 File Layout Driver Registering...
[    0.239450] 9p: Installing v9fs 9p2000 file system support
[    0.240892] Key type asymmetric registered
[    0.240903] Asymmetric key parser 'x509' registered
[    0.240999] Block layer SCSI generic (bsg) driver version 0.4 loaded (major 245)
[    0.241012] io scheduler noop registered
[    0.241121] io scheduler cfq registered (default)
[    0.241130] io scheduler mq-deadline registered
[    0.241138] io scheduler kyber registered
[    0.242740]  usb3-0: usb3-0 supply vbus not found, using dummy regulator
[    0.249409] EINJ: ACPI disabled.
[    0.252650] tegra-apbdma 60020000.dma: Tegra20 APB DMA driver register 32 channels
[    0.254208] tegra-pmc 7000e400.pmc: i2c-thermtrip node not found, emergency thermal reset disabled.
[    0.256643] Serial: 8250/16550 driver, 4 ports, IRQ sharing enabled
[    0.258005] 70006000.serial: ttyS0 at MMIO 0x70006000 (irq = 314, base_baud = 25500000) is a Tegra
[    1.210506] console [ttyS0] enabled
[    1.214447] SuperH (H)SCI(F) driver initialized
[    1.219233] msm_serial: driver initialized
[    1.223789] cacheinfo: Unable to detect cache hierarchy for CPU 0
[    1.233456] loop: module loaded
[    1.241098] cros-ec-i2c 0-001e: Chrome EC device registered
[    1.247409] max77620 1-003c: PMIC Version OTP:0x35 and ES:0x8
[    1.255720] max77620-sd0: supplied by regulator-dummy
[    1.261908] max77620-sd1: supplied by regulator-dummy
[    1.268068] max77620-sd2: supplied by regulator-dummy
[    1.274170] max77620-sd3: supplied by regulator-dummy
[    1.280294] max77620-ldo0: supplied by regulator-dummy
[    1.285948] max77620-ldo1: supplied by regulator-dummy
[    1.291105] PP1200_RCAM: Bringing 1050000uV into 1200000-1200000uV
[    1.297680] max77620-ldo2: supplied by regulator-dummy
[    1.303355] max77620-ldo3: supplied by regulator-dummy
[    1.308525] PP2800L_RCAM: Bringing 3100000uV into 2800000-2800000uV
[    1.315207] max77620-ldo4: supplied by regulator-dummy
[    1.320365] PP1100_SOC_RTC: Bringing 1000000uV into 850000-850000uV
[    1.327151] max77620-ldo5: supplied by regulator-dummy
[    1.332305] PP2800L_FCAM: Bringing 3100000uV into 2800000-2800000uV
[    1.338972] max77620-ldo6: supplied by regulator-dummy
[    1.344142] PP_LDO6: Bringing 2800000uV into 1800000-1800000uV
[    1.350388] max77620-ldo7: supplied by regulator-dummy
[    1.356117] max77620-ldo8: supplied by regulator-dummy
[    1.365367] libphy: Fixed MDIO Bus: probed
[    1.369804] tun: Universal TUN/TAP device driver, 1.6
[    1.375376] thunder_xcv, ver 1.0
[    1.378620] thunder_bgx, ver 1.0
[    1.381876] nicpf, ver 1.0
[    1.384788] e1000e: Intel(R) PRO/1000 Network Driver - 3.2.6-k
[    1.390618] e1000e: Copyright(c) 1999 - 2015 Intel Corporation.
[    1.396567] igb: Intel(R) Gigabit Ethernet Network Driver - version 5.4.0-k
[    1.403523] igb: Copyright (c) 2007-2014 Intel Corporation.
[    1.409115] igbvf: Intel(R) Gigabit Virtual Function Network Driver - version 2.4.0-k
[    1.416938] igbvf: Copyright (c) 2009 - 2012 Intel Corporation.
[    1.423080] sky2: driver version 1.30
[    1.427045] VFIO - User Level meta-driver version: 0.3
[    1.432833] ehci_hcd: USB 2.0 'Enhanced' Host Controller (EHCI) Driver
[    1.439359] ehci-pci: EHCI PCI platform driver
[    1.443825] ehci-platform: EHCI generic platform driver
[    1.449126] ehci-orion: EHCI orion driver
[    1.453194] ehci-exynos: EHCI EXYNOS driver
[    1.457434] ohci_hcd: USB 1.1 'Open' Host Controller (OHCI) Driver
[    1.463616] ohci-pci: OHCI PCI platform driver
[    1.468078] ohci-platform: OHCI generic platform driver
[    1.473370] ohci-exynos: OHCI EXYNOS driver
[    1.539532] tegra-xusb 70090000.usb: Firmware timestamp: 2015-08-10 09:47:54 UTC
[    1.546943] tegra-xusb 70090000.usb: xHCI Host Controller
[    1.552355] tegra-xusb 70090000.usb: new USB bus registered, assigned bus number 1
[    1.560863] tegra-xusb 70090000.usb: hcc params 0x0184f525 hci version 0x100 quirks 0x00010010
[    1.569501] tegra-xusb 70090000.usb: irq 320, io mem 0x70090000
[    1.575859] hub 1-0:1.0: USB hub found
[    1.579631] hub 1-0:1.0: 5 ports detected
[    1.583937] tegra-xusb 70090000.usb: xHCI Host Controller
[    1.589342] tegra-xusb 70090000.usb: new USB bus registered, assigned bus number 2
[    1.596957] usb usb2: We don't know the algorithms for LPM for this host, disabling LPM.
[    1.605292] hub 2-0:1.0: USB hub found
[    1.609060] hub 2-0:1.0: 4 ports detected
[    1.613573] usbcore: registered new interface driver usb-storage
[    1.747437] max77686-rtc max77620-rtc: rtc core: registered max77620-rtc as rtc0
[    1.755448] tegra_rtc 7000e000.rtc: rtc core: registered 7000e000.rtc as rtc1
[    1.762606] tegra_rtc 7000e000.rtc: Tegra internal Real Time Clock
[    1.768895] i2c /dev entries driver
[    1.774103] (NULL device *): hwmon: 'bq27742-0' is not a valid name attribute, please fix
[    1.799429] sdhci: Secure Digital Host Controller Interface driver
[    1.805639] sdhci: Copyright(c) Pierre Ossman
[    1.810158] Synopsys Designware Multimedia Card Interface Driver
[    1.816697] sdhci-pltfm: SDHCI platform and OF driver helper
[    1.830645] mmc0: Unknown controller version (3). You may experience problems.
[    1.867506] mmc0: SDHCI controller on 700b0600.sdhci [700b0600.sdhci] using ADMA 64-bit
[    1.876430] ledtrig-cpu: registered to indicate activity on CPUs
[    1.883244] usbcore: registered new interface driver usbhid
[    1.888869] usbhid: USB HID core driver
[    1.894499] NET: Registered protocol family 17
[    1.899091] 9pnet: Installing 9P2000 support
[    1.903490] Key type dns_resolver registered
[    1.908276] registered taskstats version 1
[    1.912507] Loading compiled-in X.509 certificates
[    1.924033] tegra-i2c 7000d100.i2c: could not find pctldev for node /host1x@50000000/dpaux@545c0000/pinmux-i2c, deferring probe
[    1.936839] input: gpio-keys as /devices/platform/gpio-keys/input/input0
[    1.943819] tegra-i2c 7000d100.i2c: could not find pctldev for node /host1x@50000000/dpaux@545c0000/pinmux-i2c, deferring probe
[    1.950721] mmc0: new high speed MMC card at address 0001
[    1.961197] mmcblk0: mmc0:0001 BGND3R 29.1 GiB 
[    1.966137] mmcblk0boot0: mmc0:0001 BGND3R partition 1 4.00 MiB
[    1.972454] mmcblk0boot1: mmc0:0001 BGND3R partition 2 4.00 MiB
[    1.978490] mmcblk0rpmb: mmc0:0001 BGND3R partition 3 4.00 MiB, chardev (240:0)
[    1.978503] max77686-rtc max77620-rtc: setting system clock to 2001-11-23 05:10:52 UTC (1006492252)
[    1.993611]  mmcblk0: p1 p2 p3 p4 p5 p6 p7 p8 p9 p10 p11
[    1.995474] PP1200_AVDD: disabling
[    2.001915] tegra-i2c 7000d100.i2c: could not find pctldev for node /host1x@50000000/dpaux@545c0000/pinmux-i2c, deferring probe
[    2.015045] PP1200_RCAM: disabling
[    2.018510] PP2800L_RCAM: disabling
[    2.022063] PP2800L_FCAM: disabling
[    2.025614] PP_LDO6: disabling
[    2.028729] PPLCD_VDD: disabling
[    2.031959] PP1800_LCDIO: disabling
[    2.035452] PP1800_CAM: disabling
[    2.038759] ALSA device list:
[    2.041726]   No soundcards found.
[    2.045804] Freeing unused kernel memory: 1152K

System initialization...

Mounting /proc :[SUCCESS]
Mounting /sys :[SUCCESS]
Mounting /dev :[SUCCESS]
Mounting /dev/pts :[SUCCESS]
Mounting /sys/kernel/debug :[SUCCESS]
Mounting other filesystems :[SUCCESS]
Enabling hot-plug :[SUCCESS]
Populating /dev :[SUCCESS]
Starting syslogd :[SUCCESS]
Starting telnetd :[SUCCESS]

System initialization complete.

Please press Enter to activate this console. 