
U-Boot SPL 2014.01-00219-gc4d376f (Feb 18 2014 - 19:57:32)


U-Boot 2014.01-00219-gc4d376f (Feb 18 2014 - 19:57:32)

TEGRA114
Board: NVIDIA Dalmore
I2C:   ready
DRAM:  2 GiB
MMC:   Tegra SD/MMC: 0, Tegra SD/MMC: 1
In:    serial
Out:   serial
Err:   serial
Net:   Net Initialization Skipped
No ethernet found.
Hit any key to stop autoboot:  2  0 
Tegra114 (Dalmore) # 
Tegra114 (Dalmore) # usb reset
(Re)start USB...
USB0:   USB EHCI 1.10
scanning bus 0 for devices... 2 USB Device(s) found
       scanning usb for storage devices... 0 Storage Device(s) found
       scanning usb for ethernet devices... 
Warning: asx0 using MAC address from net device
1 Ethernet Device(s) found
Tegra114 (Dalmore) # setenv bootargs 'ignore_loglevel console=ttyS0,115200n8 rw root=PARTUUID=7369c667-ff51-ec4a-29cd-baabf2fbe346 rootwait gpt debug earlyprintk init=/bin/bash'
Tegra114 (Dalmore) # setenv ipaddr 192.168.100.100; setenv serverip 192.168.100.1; setenv tftpserverip 192.168.100.1
Tegra114 (Dalmore) # tftpboot 0x81000000 zImage.tegra_defconfig
Using asx0 device
TFTP from server 192.168.100.1; our IP address is 192.168.100.100
Filename 'zImage.tegra_defconfig'.
Load address: 0x81000000
Loading: *#################################################################
	 #################################################################
	 #################################################################
	 #################################################################
	 #################################################################
	 ###################################################
	 3.1 MiB/s
done
Bytes transferred = 5507992 (540b98 hex)
Tegra114 (Dalmore) # tftpboot 0x82000000 tegra114-dalmore.dtb
Using asx0 device
TFTP from server 192.168.100.1; our IP address is 192.168.100.100
Filename 'tegra114-dalmore.dtb'.
Load address: 0x82000000
Loading: *###
	 2.8 MiB/s
done
Bytes transferred = 35044 (88e4 hex)
Tegra114 (Dalmore) # bootz 0x81000000 - 0x82000000
Kernel image @ 0x81000000 [ 0x000000 - 0x540b98 ]
## Flattened Device Tree blob at 82000000
   Booting using the fdt blob at 0x82000000
   Loading Device Tree to 8fff4000, end 8ffff8e3 ... OK

Starting kernel ...

Uncompressing Linux... done, booting the kernel.
[    0.000000] Booting Linux on physical CPU 0x0
[    0.000000] Linux version 4.10.0-rc8-143185-g7089db8 (pwalmsley@kaivo) (gcc version 4.7.3 20130328 (prerelease) (crosstool-NG linaro-1.13.1-4.7-2013.04-20130415 - Linaro GCC 2013.04) ) #1 SMP PREEMPT Tue Feb 14 15:03:48 PST 2017
[    0.000000] CPU: ARMv7 Processor [412fc0f2] revision 2 (ARMv7), cr=10c5387d
[    0.000000] CPU: div instructions available: patching division code
[    0.000000] CPU: PIPT / VIPT nonaliasing data cache, PIPT instruction cache
[    0.000000] OF: fdt:Machine model: NVIDIA Tegra114 Dalmore evaluation board
[    0.000000] debug: ignoring loglevel setting.
[    0.000000] bootconsole [earlycon0] enabled
[    0.000000] cma: Reserved 64 MiB at 0xfbc00000
[    0.000000] Memory policy: Data cache writealloc
[    0.000000] On node 0 totalpages: 524032
[    0.000000] free_area_init_node: node 0, pgdat c0d5f540, node_mem_map eeff7000
[    0.000000]   Normal zone: 1536 pages used for memmap
[    0.000000]   Normal zone: 0 pages reserved
[    0.000000]   Normal zone: 196608 pages, LIFO batch:31
[    0.000000]   HighMem zone: 327424 pages, LIFO batch:31
[    0.000000] percpu: Embedded 14 pages/cpu @eefa3000 s26240 r8192 d22912 u57344
[    0.000000] pcpu-alloc: s26240 r8192 d22912 u57344 alloc=14*4096
[    0.000000] pcpu-alloc: [0] 0 [0] 1 [0] 2 [0] 3 
[    0.000000] Built 1 zonelists in Zone order, mobility grouping on.  Total pages: 522496
[    0.000000] Kernel command line: ignore_loglevel console=ttyS0,115200n8 rw root=PARTUUID=7369c667-ff51-ec4a-29cd-baabf2fbe346 rootwait gpt debug earlyprintk init=/bin/bash
[    0.000000] PID hash table entries: 4096 (order: 2, 16384 bytes)
[    0.000000] Dentry cache hash table entries: 131072 (order: 7, 524288 bytes)
[    0.000000] Inode-cache hash table entries: 65536 (order: 6, 262144 bytes)
[    0.000000] Memory: 1999956K/2096128K available (8192K kernel code, 387K rwdata, 2476K rodata, 1024K init, 369K bss, 30636K reserved, 65536K cma-reserved, 1244160K highmem)
[    0.000000] Virtual kernel memory layout:
[    0.000000]     vector  : 0xffff0000 - 0xffff1000   (   4 kB)
[    0.000000]     fixmap  : 0xffc00000 - 0xfff00000   (3072 kB)
[    0.000000]     vmalloc : 0xf0800000 - 0xff800000   ( 240 MB)
[    0.000000]     lowmem  : 0xc0000000 - 0xf0000000   ( 768 MB)
[    0.000000]     pkmap   : 0xbfe00000 - 0xc0000000   (   2 MB)
[    0.000000]     modules : 0xbf000000 - 0xbfe00000   (  14 MB)
[    0.000000]       .text : 0xc0008000 - 0xc0900000   (9184 kB)
[    0.000000]       .init : 0xc0c00000 - 0xc0d00000   (1024 kB)
[    0.000000]       .data : 0xc0d00000 - 0xc0d60c00   ( 387 kB)
[    0.000000]        .bss : 0xc0d62000 - 0xc0dbe7e8   ( 370 kB)
[    0.000000] Preemptible hierarchical RCU implementation.
[    0.000000] 	Build-time adjustment of leaf fanout to 32.
[    0.000000] NR_IRQS:16 nr_irqs:16 16
[    0.000000] /interrupt-controller@60004000: 160 interrupts forwarded to /interrupt-controller@50041000
[    0.000000] Tegra clk 127: register failed with -17
[    0.000008] sched_clock: 32 bits at 1000kHz, resolution 1000ns, wraps every 2147483647500ns
[    0.007770] clocksource: timer_us: mask: 0xffffffff max_cycles: 0xffffffff, max_idle_ns: 1911260446275 ns
[    0.017385] Switching to timer-based delay loop, resolution 1000ns
[    0.024463] arm_arch_timer: Architected cp15 timer(s) running at 12.00MHz (virt).
[    0.031168] clocksource: arch_sys_counter: mask: 0xffffffffffffff max_cycles: 0x2c47f4ee7, max_idle_ns: 440795202497 ns
[    0.042003] sched_clock: 56 bits at 12MHz, resolution 83ns, wraps every 4398046511096ns
[    0.050057] Switching to timer-based delay loop, resolution 83ns
[    0.056570] Console: colour dummy device 80x30
[    0.060642] Calibrating delay loop (skipped), value calculated using timer frequency.. 24.00 BogoMIPS (lpj=120000)
[    0.071042] pid_max: default: 32768 minimum: 301
[    0.076216] Mount-cache hash table entries: 2048 (order: 1, 8192 bytes)
[    0.082398] Mountpoint-cache hash table entries: 2048 (order: 1, 8192 bytes)
[    0.090591] CPU: Testing write buffer coherency: ok
[    0.094729] /cpus/cpu@0 missing clock-frequency property
[    0.099819] /cpus/cpu@1 missing clock-frequency property
[    0.105216] /cpus/cpu@2 missing clock-frequency property
[    0.110567] /cpus/cpu@3 missing clock-frequency property
[    0.115939] CPU0: thread -1, cpu 0, socket 0, mpidr 80000000
[    0.146019] Setting up static identity map for 0x80100000 - 0x80100098
[    0.176465] Tegra Revision: A01 SKU: 0 CPU Process: 1 SoC Process: 0
[    0.181800] smp: Bringing up secondary CPUs ...
[    0.246729] CPU1: thread -1, cpu 1, socket 0, mpidr 80000001
[    0.316828] CPU2: thread -1, cpu 2, socket 0, mpidr 80000002
[    0.386937] CPU3: thread -1, cpu 3, socket 0, mpidr 80000003
[    0.387027] smp: Brought up 1 node, 4 CPUs
[    0.406461] SMP: Total of 4 processors activated (96.00 BogoMIPS).
[    0.412710] CPU: All CPU(s) started in SVC mode.
[    0.419218] devtmpfs: initialized
[    0.439976] VFP support v0.3: implementor 41 architecture 4 part 30 variant f rev 0
[    0.446249] clocksource: jiffies: mask: 0xffffffff max_cycles: 0xffffffff, max_idle_ns: 19112604462750000 ns
[    0.456983] pinctrl core: initialized pinctrl subsystem
[    0.462505] NET: Registered protocol family 16
[    0.466791] DMA: preallocated 256 KiB pool for atomic coherent allocations
[    0.495924] cpuidle: using governor menu
[    0.530615] No ATAGs?
[    0.530757] hw-breakpoint: found 5 (+1 reserved) breakpoint and 4 watchpoint registers.
[    0.539290] hw-breakpoint: maximum watchpoint size is 8 bytes.
[    0.546208] tegra-mc 70019000.memory-controller: no memory timings for RAM code 3 registered
[    0.596481] dvdd_ts: Failed to request enable GPIO61: -517
[    0.600147] reg-fixed-voltage regulators:regulator@1: Failed to register regulator: -517
[    0.608449] usb1_vbus: Failed to request enable GPIO108: -517
[    0.614098] reg-fixed-voltage regulators:regulator@3: Failed to register regulator: -517
[    0.622368] usb2_vbus: Failed to request enable GPIO86: -517
[    0.627964] reg-fixed-voltage regulators:regulator@4: Failed to register regulator: -517
[    0.636711] VDD_5V0_HDMI_CON: Failed to request enable GPIO81: -517
[    0.642438] reg-fixed-voltage regulators:regulator@7: Failed to register regulator: -517
[    0.652052] vgaarb: loaded
[    0.654271] SCSI subsystem initialized
[    0.657438] libata version 3.00 loaded.
[    0.661586] usbcore: registered new interface driver usbfs
[    0.666719] usbcore: registered new interface driver hub
[    0.672125] usbcore: registered new device driver usb
[    0.680703] tps65090 2-0048: No cache defaults, reading back from HW
[    0.687310] TPS65090_RAILSDCDC1: supplied by vdd_ac_bat
[    0.691385] vdd_hdmi_5v0: supplied by vdd-sys-5v0
[    0.696293] TPS65090_RAILSDCDC2: supplied by vdd_ac_bat
[    0.701978] TPS65090_RAILSDCDC3: supplied by vdd_ac_bat
[    0.706747] TPS65090_RAILSFET1: supplied by vdd_ac_bat
[    0.711759] TPS65090_RAILSFET2: supplied by vdd_ac_bat
[    0.716962] TPS65090_RAILSFET3: supplied by vdd-sys-3v3
[    0.722411] TPS65090_RAILSFET4: supplied by vdd-sys-3v3
[    0.727715] TPS65090_RAILSFET5: supplied by vdd-sys-3v3
[    0.732979] TPS65090_RAILSFET6: supplied by vdd-sys-3v3
[    0.738616] TPS65090_RAILSFET7: supplied by vdd-sys-3v3
[    0.743545] TPS65090_RAILSLDO1: supplied by vdd_ac_bat
[    0.748453] TPS65090_RAILSLDO2: supplied by vdd_ac_bat
[    0.754289] palmas 2-0058: Irq flag is 0x00000004
[    0.760377] palmas 2-0058: Muxing GPIO ff, PWM 0, LED 0
[    0.766386] SMPS12: supplied by vdd-ao
[    0.770121] SMPS3: supplied by vdd-ao
[    0.773957] SMPS457: supplied by vdd-sys-3v3
[    0.779636] SMPS8: supplied by vdd-sys-3v3
[    0.783160] random: fast init done
[    0.785915] SMPS9: supplied by vdd-sys-3v3
[    0.790090] sdhci-vdd-sd-slot: Bringing 2840000uV into 2800000-2800000uV
[    0.799611] LDO1: supplied by vdd-sys-3v3
[    0.803135] LDO2: supplied by vdd-sys-3v3
[    0.807244] LDO3: supplied by vddio-1v8
[    0.811136] LDO4: supplied by vdd-sys-3v3
[    0.815206] LDO5: supplied by vdd_ac_bat
[    0.818748] LDO6: supplied by vdd-sys-3v3
[    0.822455] vdd-sensor-2v85: Bringing 2900000uV into 2850000-2850000uV
[    0.830057] LDO7: supplied by vdd-sys-3v3
[    0.834497] LDO8: supplied by vdd-ao
[    0.836792] vdd-rtc: Bringing 675000uV into 900000-900000uV
[    0.853456] LDO9: supplied by sdhci-vdd-sd-slot
[    0.863802] LDOLN: supplied by vdd-sys-5v0
[    0.867448] LDOUSB: supplied by vdd-sys-5v0
[    0.877040] Linux video capture interface: v2.00
[    0.879921] pps_core: LinuxPPS API ver. 1 registered
[    0.884880] pps_core: Software ver. 5.3.6 - Copyright 2005-2007 Rodolfo Giometti <giometti@linux.it>
[    0.894089] PTP clock support registered
[    0.898846] Advanced Linux Sound Architecture Driver Initialized.
[    0.905311] Bluetooth: Core ver 2.22
[    0.907884] NET: Registered protocol family 31
[    0.912351] Bluetooth: HCI device and connection manager initialized
[    0.918754] Bluetooth: HCI socket layer initialized
[    0.923708] Bluetooth: L2CAP socket layer initialized
[    0.928835] Bluetooth: SCO socket layer initialized
[    0.935197] clocksource: Switched to clocksource arch_sys_counter
[    0.958156] NET: Registered protocol family 2
[    0.961945] TCP established hash table entries: 8192 (order: 3, 32768 bytes)
[    0.967917] TCP bind hash table entries: 8192 (order: 4, 65536 bytes)
[    0.974471] TCP: Hash tables configured (established 8192 bind 8192)
[    0.981164] UDP hash table entries: 512 (order: 2, 16384 bytes)
[    0.986748] UDP-Lite hash table entries: 512 (order: 2, 16384 bytes)
[    0.993452] NET: Registered protocol family 1
[    0.998320] RPC: Registered named UNIX socket transport module.
[    1.003500] RPC: Registered udp transport module.
[    1.008294] RPC: Registered tcp transport module.
[    1.013033] RPC: Registered tcp NFSv4.1 backchannel transport module.
[    1.019556] PCI: CLS 0 bytes, default 64
[    1.027080] futex hash table entries: 1024 (order: 4, 65536 bytes)
[    1.032256] workingset: timestamp_bits=30 max_order=19 bucket_order=0
[    1.039634] squashfs: version 4.0 (2009/01/31) Phillip Lougher
[    1.044642] NFS: Registering the id_resolver key type
[    1.049022] Key type id_resolver registered
[    1.053182] Key type id_legacy registered
[    1.062057] bounce: pool size: 64 pages
[    1.064070] io scheduler noop registered (default)
[    1.089336] tegra-apbdma 6000a000.dma: Tegra20 APB DMA driver register 32 channels
[    1.095853] tegra-pmc 7000e400.pmc: i2c-thermtrip node not found, emergency thermal reset disabled.
[    1.104784] Serial: 8250/16550 driver, 4 ports, IRQ sharing disabled
[    1.113334] console [ttyS0] disabled
[    1.115125] 70006300.serial: ttyS0 at MMIO 0x70006300 (irq = 329, base_baud = 25500000) is a Tegra
[    1.124161] console [ttyS0] enabled
[    1.124161] console [ttyS0] enabled
[    1.130471] bootconsole [earlycon0] disabled
[    1.130471] bootconsole [earlycon0] disabled
[    1.141065] [drm] Initialized
[    1.145601] tegra-hdmi 54280000.hdmi: failed to get HDMI regulator
[    1.171414] loop: module loaded
[    1.186771] m25p80 spi32766.0: w25q32dw (4096 Kbytes)
[    1.204652] libphy: Fixed MDIO Bus: probed
[    1.208775] CAN device driver interface
[    1.212682] igb: Intel(R) Gigabit Ethernet Network Driver - version 5.4.0-k
[    1.219651] igb: Copyright (c) 2007-2014 Intel Corporation.
[    1.225455] pegasus: v0.9.3 (2013/04/25), Pegasus/Pegasus II USB Ethernet driver
[    1.232942] usbcore: registered new interface driver pegasus
[    1.238719] usbcore: registered new interface driver asix
[    1.244191] usbcore: registered new interface driver ax88179_178a
[    1.250380] usbcore: registered new interface driver cdc_ether
[    1.256350] usbcore: registered new interface driver smsc75xx
[    1.262206] usbcore: registered new interface driver smsc95xx
[    1.268047] usbcore: registered new interface driver net1080
[    1.273777] usbcore: registered new interface driver cdc_subset
[    1.279793] usbcore: registered new interface driver zaurus
[    1.285491] usbcore: registered new interface driver cdc_ncm
[    1.291558] ehci_hcd: USB 2.0 'Enhanced' Host Controller (EHCI) Driver
[    1.298103] ehci-pci: EHCI PCI platform driver
[    1.302638] tegra-ehci: Tegra EHCI driver
[    1.307402] usbcore: registered new interface driver cdc_acm
[    1.313051] cdc_acm: USB Abstract Control Model driver for USB modems and ISDN adapters
[    1.321152] usbcore: registered new interface driver cdc_wdm
[    1.326937] usbcore: registered new interface driver usb-storage
[    1.333540] mousedev: PS/2 mouse device common for all mice
[    1.343817] palmas-rtc 7000d000.i2c:tps65913@58:rtc: rtc core: registered 7000d000.i2c:tps659 as rtc0
[    1.354671] tegra_rtc 7000e000.rtc: rtc core: registered 7000e000.rtc as rtc1
[    1.361884] tegra_rtc 7000e000.rtc: Tegra internal Real Time Clock
[    1.368389] i2c /dev entries driver
[    1.373117] usbcore: registered new interface driver uvcvideo
[    1.378874] USB Video Class driver (1.1.1)
[    1.382963] gspca_main: v2.14.0 registered
[    1.388042] sbs-battery 0-000b: sbs_probe: Failed to get device status
[    1.394574] sbs-battery: probe of 0-000b failed with error -121
[    1.406248] tegra-wdt 60005000.timer: initialized (heartbeat = 120 sec, nowayout = 0)
[    1.414758] sdhci: Secure Digital Host Controller Interface driver
[    1.421029] sdhci: Copyright(c) Pierre Ossman
[    1.425401] sdhci-pltfm: SDHCI platform and OF driver helper
[    1.431366] sdhci-tegra 78000400.sdhci: Got CD GPIO
[    1.436279] sdhci-tegra 78000400.sdhci: Got WP GPIO
[    1.442337] mmc0: Invalid maximum block size, assuming 512 bytes
[    1.515435] mmc0: SDHCI controller on 78000400.sdhci [78000400.sdhci] using ADMA
[    1.527268] BUG: scheduling while atomic: kworker/0:2/76/0x00000002
[    1.533524] Modules linked in:
[    1.536581] CPU: 0 PID: 76 Comm: kworker/0:2 Not tainted 4.10.0-rc8-143185-g7089db8 #1
[    1.544483] Hardware name: NVIDIA Tegra SoC (Flattened Device Tree)
[    1.550748] Workqueue: events_freezable mmc_rescan
[    1.555555] [<c010f358>] (unwind_backtrace) from [<c010a918>] (show_stack+0x10/0x14)
[    1.563300] [<c010a918>] (show_stack) from [<c034e0dc>] (dump_stack+0x84/0xa4)
[    1.570524] [<c034e0dc>] (dump_stack) from [<c01b4e34>] (__schedule_bug+0x60/0x80)
[    1.578093] [<c01b4e34>] (__schedule_bug) from [<c0829cb0>] (__schedule+0x528/0x60c)
[    1.585832] [<c0829cb0>] (__schedule) from [<c0829f64>] (schedule+0x50/0xc0)
[    1.592878] [<c0829f64>] (schedule) from [<c082a1c0>] (schedule_preempt_disabled+0x24/0x40)
[    1.601221] [<c082a1c0>] (schedule_preempt_disabled) from [<c082e128>] (__mutex_lock_slowpath+0x400/0x6f0)
[    1.610868] [<c082e128>] (__mutex_lock_slowpath) from [<c03c5f48>] (clk_prepare_lock+0x3c/0xe4)
[    1.619562] [<c03c5f48>] (clk_prepare_lock) from [<c03c8450>] (clk_set_rate+0x14/0x30)
[    1.627474] [<c03c8450>] (clk_set_rate) from [<c05dec78>] (tegra_sdhci_set_clock+0x28/0xdc)
[    1.635820] [<c05dec78>] (tegra_sdhci_set_clock) from [<c05ddde4>] (sdhci_set_ios+0x2d8/0x584)
[    1.644421] [<c05ddde4>] (sdhci_set_ios) from [<c05c8114>] (mmc_set_chip_select+0x18/0x1c)
[    1.652678] [<c05c8114>] (mmc_set_chip_select) from [<c05cd60c>] (mmc_go_idle+0xd4/0xec)
[    1.660760] [<c05cd60c>] (mmc_go_idle) from [<c05c9138>] (mmc_rescan+0x248/0x34c)
[    1.668236] [<c05c9138>] (mmc_rescan) from [<c0134c98>] (process_one_work+0x120/0x31c)
[    1.676146] [<c0134c98>] (process_one_work) from [<c0134ef8>] (worker_thread+0x2c/0x4b4)
[    1.684227] [<c0134ef8>] (worker_thread) from [<c013a3f4>] (kthread+0xfc/0x134)
[    1.691530] [<c013a3f4>] (kthread) from [<c0107938>] (ret_from_fork+0x14/0x3c)
[    1.698787] mmc1: Invalid maximum block size, assuming 512 bytes
[    1.706329] BUG: scheduling while atomic: kworker/0:2/76/0x00000000
[    1.712644] Modules linked in:
[    1.715717] CPU: 0 PID: 76 Comm: kworker/0:2 Tainted: G        W       4.10.0-rc8-143185-g7089db8 #1
[    1.724831] Hardware name: NVIDIA Tegra SoC (Flattened Device Tree)
[    1.731091] Workqueue: events_freezable mmc_rescan
[    1.735889] [<c010f358>] (unwind_backtrace) from [<c010a918>] (show_stack+0x10/0x14)
[    1.743628] [<c010a918>] (show_stack) from [<c034e0dc>] (dump_stack+0x84/0xa4)
[    1.750848] [<c034e0dc>] (dump_stack) from [<c01b4e34>] (__schedule_bug+0x60/0x80)
[    1.758415] [<c01b4e34>] (__schedule_bug) from [<c0829cb0>] (__schedule+0x528/0x60c)
[    1.766152] [<c0829cb0>] (__schedule) from [<c0829f64>] (schedule+0x50/0xc0)
[    1.773194] [<c0829f64>] (schedule) from [<c082fafc>] (schedule_timeout+0x1c0/0x2e4)
[    1.780930] [<c082fafc>] (schedule_timeout) from [<c082a8b0>] (wait_for_common+0xbc/0x148)
[    1.789186] [<c082a8b0>] (wait_for_common) from [<c05c6d28>] (mmc_wait_for_req_done+0x7c/0x104)
[    1.797874] [<c05c6d28>] (mmc_wait_for_req_done) from [<c05c6eec>] (mmc_wait_for_cmd+0x58/0x78)
[    1.806562] [<c05c6eec>] (mmc_wait_for_cmd) from [<c05cd5b0>] (mmc_go_idle+0x78/0xec)
[    1.814382] [<c05cd5b0>] (mmc_go_idle) from [<c05c9138>] (mmc_rescan+0x248/0x34c)
[    1.821857] [<c05c9138>] (mmc_rescan) from [<c0134c98>] (process_one_work+0x120/0x31c)
[    1.829765] [<c0134c98>] (process_one_work) from [<c0134ef8>] (worker_thread+0x2c/0x4b4)
[    1.837844] [<c0134ef8>] (worker_thread) from [<c013a3f4>] (kthread+0xfc/0x134)
[    1.845145] [<c013a3f4>] (kthread) from [<c0107938>] (ret_from_fork+0x14/0x3c)
[    1.875231] mmc1: SDHCI controller on 78000600.sdhci [78000600.sdhci] using ADMA
[    1.883392] usbcore: registered new interface driver usbhid
[    1.889017] usbhid: USB HID core driver
[    1.972469] mmc1: new high speed MMC card at address 0001
[    1.978764] mmcblk1: mmc1:0001 SEM32G 29.1 GiB 
[    1.983731] mmcblk1boot0: mmc1:0001 SEM32G partition 1 4.00 MiB
[    1.990219] mmcblk1boot1: mmc1:0001 SEM32G partition 2 4.00 MiB
[    1.996617] mmcblk1rpmb: mmc1:0001 SEM32G partition 3 4.00 MiB
[    2.005614]  mmcblk1: p1 p2 p3 p4 p5 p6 p7 p8
[    2.015447] mmc0: new high speed SDHC card at address aaaa
[    2.021749] mmcblk0: mmc0:aaaa SL16G 14.8 GiB 
[    2.042977]  mmcblk0: p1 p2 p3
[    2.349075] tegra30-i2s 70080400.i2s: DMA channels sourced from device 70080000.ahub
[    2.365851] tegra-snd-rt5640 sound: rt5640-aif1 <-> 70080400.i2s mapping ok
[    2.377791] input: NVIDIA Tegra Dalmore Headphones as /devices/soc0/sound/sound/card0/input0
[    2.388722] NET: Registered protocol family 10
[    2.394577] Segment Routing with IPv6
[    2.398440] mip6: Mobile IPv6
[    2.401405] sit: IPv6, IPv4 and MPLS over IPv4 tunneling driver
[    2.409571] NET: Registered protocol family 17
[    2.414042] NET: Registered protocol family 15
[    2.418505] can: controller area network core (rev 20120528 abi 9)
[    2.424819] NET: Registered protocol family 29
[    2.429279] can: raw protocol (rev 20120528)
[    2.433543] can: broadcast manager protocol (rev 20161123 t)
[    2.439222] can: netlink gateway (rev 20130117) max_hops=1
[    2.444889] Bluetooth: RFCOMM socket layer initialized
[    2.450062] Bluetooth: RFCOMM ver 1.11
[    2.453817] Bluetooth: BNEP (Ethernet Emulation) ver 1.3
[    2.459151] Bluetooth: BNEP socket layer initialized
[    2.464108] Bluetooth: HIDP (Human Interface Emulation) ver 1.2
[    2.470047] Bluetooth: HIDP socket layer initialized
[    2.475275] Key type dns_resolver registered
[    2.480419] Registering SWP/SWPB emulation handler
[    2.503004] usb1_vbus: supplied by vdd-sys-5v0
[    2.508487] usb2_vbus: supplied by vdd-sys-5v0
[    2.514647] VDD_5V0_HDMI_CON: supplied by vdd-sys-5v0
[    2.523924] [drm] Supports vblank timestamp caching Rev 2 (21.10.2013).
[    2.530606] [drm] No driver support for vblank timestamp query.
[    2.599195] Console: switching to colour frame buffer device 240x75
[    2.626929] drm drm: fb0:  frame buffer device
[    2.665388] [drm] Initialized tegra 0.0.0 20120330 on minor 0
[    2.674804] tegra-ehci 7d008000.usb: EHCI Host Controller
[    2.680339] tegra-ehci 7d008000.usb: new USB bus registered, assigned bus number 1
[    2.688347] tegra-ehci 7d008000.usb: irq 339, io mem 0x7d008000
[    2.715318] tegra-ehci 7d008000.usb: USB 2.0 started, EHCI 1.10
[    2.722880] hub 1-0:1.0: USB hub found
[    2.726767] hub 1-0:1.0: 1 port detected
[    2.732417] input: gpio-keys as /devices/soc0/gpio-keys/input/input1
[    2.741822] palmas-rtc 7000d000.i2c:tps65913@58:rtc: setting system clock to 2000-12-09 10:36:21 UTC (976358181)
[    2.757715] dvdd_ts: disabling
[    2.760784] usb1_vbus: disabling
[    2.764017] vdd_cam_1v8_reg: disabling
[    2.767821] ALSA device list:
[    2.770788]   #0: NVIDIA Tegra Dalmore
[    2.776070] EXT4-fs (mmcblk1p1): mounting ext3 file system using the ext4 subsystem
[    2.808171] EXT4-fs (mmcblk1p1): recovery complete
[    2.812986] EXT4-fs (mmcblk1p1): mounted filesystem with ordered data mode. Opts: (null)
[    2.821197] VFS: Mounted root (ext3 filesystem) on device 179:1.
[    2.832811] devtmpfs: mounted
[    2.836911] Freeing unused kernel memory: 1024K
bash: cannot set terminal process group (-1): Inappropriate ioctl for device
bash: no job control in this shell
root@(none):/# [    3.105349] usb 1-1: new high-speed USB device number 2 using tegra-ehci
[    3.781011] asix 1-1:1.0 eth0: register 'asix' at usb-7d008000.usb-1, ASIX AX88772 USB 2.0 Ethernet, 00:50:b6:0d:b5:16
mount -t sysfs none /sys
root@(none):/# 
root@(none):/# mount -t debugfs none /sys/kernel/debug
root@(none):/# 
root@(none):/# rtcwake -d rtc1 -m mem -s 3
rtcwake: assuming RTC uses UTC ...
rtcwake: wakeup from "mem" using /dev/rtc1 at Thu Jan  1 00:00:20 1970
[    6.298261] PM: Syncing filesystems ... done.
[    6.315588] Freezing user space processes ... (elapsed 0.009 seconds) done.
[    6.325377] Freezing remaining freezable tasks ... (elapsed 0.001 seconds) done.
[    6.326742] Suspending console(s) (use no_console_suspend to debug)
[    6.427865] PM: suspend of devices complete after 79.771 msecs
[    6.429799] PM: late suspend of devices complete after 1.919 msecs
[    6.431587] PM: noirq suspend of devices complete after 1.774 msecs
[    6.431591] Disabling non-boot CPUs ...
[    6.486009] CPU1: shutdown
[    6.576040] CPU2: shutdown
[    6.655600] IRQ17 no longer affine to CPU3
[    6.655973] CPU3: shutdown
[    6.706982] Entering suspend state LP1
[    6.706982] Suspended for 7.595 seconds
[    6.707027] Enabling non-boot CPUs ...
[    6.737532] CPU1 is up
[    6.777844] CPU2 is up
[    6.818279] CPU3 is up
[    6.819015] PM: noirq resume of devices complete after 0.726 msecs
[    6.820947] PM: early resume of devices complete after 1.276 msecs
[    7.398917] PM: resume of devices complete after 577.953 msecs
[    7.470735] Restarting tasks ... done.
root@(none):/# 
root@(none):/# rtcwake -d rtc1 -m mem -s 3
rtcwake: assuming RTC uses UTC ...
rtcwake: wakeup from "mem" using /dev/rtc1 at Thu Jan  1 00:00:30 1970
[    8.714487] PM: Syncing filesystems ... done.
[    8.735546] Freezing user space processes ... (elapsed 0.001 seconds) done.
[    8.736885] Freezing remaining freezable tasks ... (elapsed 0.001 seconds) done.
[    8.738247] Suspending console(s) (use no_console_suspend to debug)
[    8.837496] PM: suspend of devices complete after 74.121 msecs
[    8.839189] PM: late suspend of devices complete after 1.677 msecs
[    8.840684] PM: noirq suspend of devices complete after 1.484 msecs
[    8.840688] Disabling non-boot CPUs ...
[    8.895633] IRQ17 no longer affine to CPU1
[    8.895963] CPU1: shutdown
[    8.975989] CPU2: shutdown
[    9.085901] CPU3: shutdown
[    9.136900] Entering suspend state LP1
[    9.136900] Suspended for 8.153 seconds
[    9.136945] Enabling non-boot CPUs ...
[    9.167484] CPU1 is up
[    9.207779] CPU2 is up
[    9.248254] CPU3 is up
[    9.248950] PM: noirq resume of devices complete after 0.686 msecs
[    9.251051] PM: early resume of devices complete after 1.455 msecs
[    9.828227] PM: resume of devices complete after 577.157 msecs
[    9.900079] Restarting tasks ... done.
root@(none):/# 
root@(none):/# rtcwake -d rtc1 -m mem -s 3
rtcwake: assuming RTC uses UTC ...
rtcwake: wakeup from "mem" using /dev/rtc1 at Thu Jan  1 00:00:40 1970
[   10.565760] PM: Syncing filesystems ... done.
[   10.585491] Freezing user space processes ... (elapsed 0.001 seconds) done.
[   10.586829] Freezing remaining freezable tasks ... (elapsed 0.001 seconds) done.
[   10.588186] Suspending console(s) (use no_console_suspend to debug)
[   10.707150] PM: suspend of devices complete after 92.204 msecs
[   10.709047] PM: late suspend of devices complete after 1.880 msecs
[   10.710610] PM: noirq suspend of devices complete after 1.553 msecs
[   10.710615] Disabling non-boot CPUs ...
[   10.745596] IRQ17 no longer affine to CPU1
[   10.745927] CPU1: shutdown
[   10.855943] CPU2: shutdown
[   10.965846] CPU3: shutdown
[   11.016868] Entering suspend state LP1
[   11.016868] Suspended for 7.536 seconds
[   11.016911] Enabling non-boot CPUs ...
[   11.047440] CPU1 is up
[   11.087728] CPU2 is up
[   11.128178] CPU3 is up
[   11.128940] PM: noirq resume of devices complete after 0.752 msecs
[   11.131437] PM: early resume of devices complete after 1.843 msecs
[   11.707125] PM: resume of devices complete after 575.672 msecs
[   11.778886] Restarting tasks ... done.
root@(none):/# 
root@(none):/# rtcwake -d rtc1 -m mem -s 3
rtcwake: assuming RTC uses UTC ...
rtcwake: wakeup from "mem" using /dev/rtc1 at Thu Jan  1 00:00:50 1970
[   13.035465] PM: Syncing filesystems ... done.
[   13.055432] Freezing user space processes ... (elapsed 0.001 seconds) done.
[   13.056778] Freezing remaining freezable tasks ... (elapsed 0.001 seconds) done.
[   13.058145] Suspending console(s) (use no_console_suspend to debug)
[   13.167340] PM: suspend of devices complete after 82.896 msecs
[   13.169327] PM: late suspend of devices complete after 1.970 msecs
[   13.170928] PM: noirq suspend of devices complete after 1.591 msecs
[   13.170932] Disabling non-boot CPUs ...
[   13.225864] CPU1: shutdown
[   13.315501] IRQ17 no longer affine to CPU2
[   13.315892] CPU2: shutdown
[   13.425785] CPU3: shutdown
[   13.476796] Entering suspend state LP1
[   13.476796] Suspended for 8.123 seconds
[   13.476841] Enabling non-boot CPUs ...
[   13.507379] CPU1 is up
[   13.547685] CPU2 is up
[   13.588109] CPU3 is up
[   13.588835] PM: noirq resume of devices complete after 0.716 msecs
[   13.590976] PM: early resume of devices complete after 1.493 msecs
[   14.168376] PM: resume of devices complete after 577.384 msecs
[   14.240288] Restarting tasks ... done.
root@(none):/# 
root@(none):/# rtcwake -d rtc1 -m mem -s 3
rtcwake: assuming RTC uses UTC ...
rtcwake: wakeup from "mem" using /dev/rtc1 at Thu Jan  1 00:01:00 1970
[   14.918554] PM: Syncing filesystems ... done.
[   14.935385] Freezing user space processes ... (elapsed 0.009 seconds) done.
[   14.945180] Freezing remaining freezable tasks ... (elapsed 0.008 seconds) done.
[   14.953296] Suspending console(s) (use no_console_suspend to debug)
[   15.047429] PM: suspend of devices complete after 79.736 msecs
[   15.049084] PM: late suspend of devices complete after 1.638 msecs
[   15.050892] PM: noirq suspend of devices complete after 1.794 msecs
[   15.050896] Disabling non-boot CPUs ...
[   15.085815] CPU1: shutdown
[   15.195834] CPU2: shutdown
[   15.295371] IRQ17 no longer affine to CPU3
[   15.295751] CPU3: shutdown
[   15.346758] Entering suspend state LP1
[   15.346758] Suspended for 7.546 seconds
[   15.346803] Enabling non-boot CPUs ...
[   15.377334] CPU1 is up
[   15.417614] CPU2 is up
[   15.458058] CPU3 is up
[   15.458749] PM: noirq resume of devices complete after 0.681 msecs
[   15.460789] PM: early resume of devices complete after 1.397 msecs
[   16.036583] PM: resume of devices complete after 575.778 msecs
[   16.108373] Restarting tasks ... done.
root@(none):/# 
root@(none):/# rtcwake -d rtc1 -m mem -s 3
rtcwake: assuming RTC uses UTC ...
rtcwake: wakeup from "mem" using /dev/rtc1 at Thu Jan  1 00:01:10 1970
[   17.367033] PM: Syncing filesystems ... done.
[   17.385328] Freezing user space processes ... (elapsed 0.001 seconds) done.
[   17.386684] Freezing remaining freezable tasks ... (elapsed 0.001 seconds) done.
[   17.388063] Suspending console(s) (use no_console_suspend to debug)
[   17.497240] PM: suspend of devices complete after 81.410 msecs
[   17.499144] PM: late suspend of devices complete after 1.887 msecs
[   17.500722] PM: noirq suspend of devices complete after 1.569 msecs
[   17.500726] Disabling non-boot CPUs ...
[   17.535759] CPU1: shutdown
[   17.635399] IRQ17 no longer affine to CPU2
[   17.635797] CPU2: shutdown
[   17.735687] CPU3: shutdown
[   17.786728] Entering suspend state LP1
[   17.786728] Suspended for 8.143 seconds
[   17.786772] Enabling non-boot CPUs ...
[   17.817291] CPU1 is up
[   17.857570] CPU2 is up
[   17.898015] CPU3 is up
[   17.898758] PM: noirq resume of devices complete after 0.733 msecs
[   17.901135] PM: early resume of devices complete after 1.728 msecs
[   18.478477] PM: resume of devices complete after 577.325 msecs
[   18.550320] Restarting tasks ... done.
root@(none):/# 
root@(none):/# rtcwake -d rtc1 -m mem -s 3
rtcwake: assuming RTC uses UTC ...
rtcwake: wakeup from "mem" using /dev/rtc1 at Thu Jan  1 00:01:20 1970
[   19.210546] PM: Syncing filesystems ... done.
[   19.225262] Freezing user space processes ... (elapsed 0.009 seconds) done.
[   19.235073] Freezing remaining freezable tasks ... (elapsed 0.001 seconds) done.
[   19.236422] Suspending console(s) (use no_console_suspend to debug)
[   19.337170] PM: suspend of devices complete after 77.971 msecs
[   19.338867] PM: late suspend of devices complete after 1.680 msecs
[   19.340402] PM: noirq suspend of devices complete after 1.525 msecs
[   19.340407] Disabling non-boot CPUs ...
[   19.375395] IRQ17 no longer affine to CPU1
[   19.375730] CPU1: shutdown
[   19.485725] CPU2: shutdown
[   19.595633] CPU3: shutdown
[   19.646664] Entering suspend state LP1
[   19.646664] Suspended for 7.556 seconds
[   19.646709] Enabling non-boot CPUs ...
[   19.677226] CPU1 is up
[   19.717507] CPU2 is up
[   19.757949] CPU3 is up
[   19.758683] PM: noirq resume of devices complete after 0.725 msecs
[   19.760830] PM: early resume of devices complete after 1.503 msecs
[   20.338337] PM: resume of devices complete after 577.490 msecs
[   20.410270] Restarting tasks ... done.
root@(none):/# 
root@(none):/# rtcwake -d rtc1 -m mem -s 3
rtcwake: assuming RTC uses UTC ...
rtcwake: wakeup from "mem" using /dev/rtc1 at Thu Jan  1 00:01:30 1970
[   21.663515] PM: Syncing filesystems ... done.
[   21.685222] Freezing user space processes ... (elapsed 0.001 seconds) done.
[   21.686576] Freezing remaining freezable tasks ... (elapsed 0.001 seconds) done.
[   21.687952] Suspending console(s) (use no_console_suspend to debug)
[   21.796990] PM: suspend of devices complete after 84.572 msecs
[   21.798894] PM: late suspend of devices complete after 1.888 msecs
[   21.800463] PM: noirq suspend of devices complete after 1.558 msecs
[   21.800467] Disabling non-boot CPUs ...
[   21.835656] CPU1: shutdown
[   21.935291] IRQ17 no longer affine to CPU2
[   21.935685] CPU2: shutdown
[   22.035581] CPU3: shutdown
[   22.086587] Entering suspend state LP1
[   22.086587] Suspended for 8.143 seconds
[   22.086632] Enabling non-boot CPUs ...
[   22.117173] CPU1 is up
[   22.157449] CPU2 is up
[   22.197949] CPU3 is up
[   22.198634] PM: noirq resume of devices complete after 0.674 msecs
[   22.200702] PM: early resume of devices complete after 1.420 msecs
[   22.777997] PM: resume of devices complete after 577.278 msecs
[   22.849820] Restarting tasks ... done.
root@(none):/# 
root@(none):/# rtcwake -d rtc1 -m mem -s 3
rtcwake: assuming RTC uses UTC ...
rtcwake: wakeup from "mem" using /dev/rtc1 at Thu Jan  1 00:01:40 1970
[   23.513139] PM: Syncing filesystems ... done.
[   23.535172] Freezing user space processes ... (elapsed 0.001 seconds) done.
[   23.536526] Freezing remaining freezable tasks ... (elapsed 0.001 seconds) done.
[   23.537884] Suspending console(s) (use no_console_suspend to debug)
[   23.636576] PM: suspend of devices complete after 74.495 msecs
[   23.638190] PM: late suspend of devices complete after 1.604 msecs
[   23.639740] PM: noirq suspend of devices complete after 1.541 msecs
[   23.639744] Disabling non-boot CPUs ...
[   23.675603] CPU1: shutdown
[   23.775241] IRQ17 no longer affine to CPU2
[   23.775638] CPU2: shutdown
[   23.875537] CPU3: shutdown
[   23.926539] Entering suspend state LP1
[   23.926539] Suspended for 7.577 seconds
[   23.926584] Enabling non-boot CPUs ...
[   23.957124] CPU1 is up
[   23.997400] CPU2 is up
[   24.037851] CPU3 is up
[   24.038553] PM: noirq resume of devices complete after 0.692 msecs
[   24.040754] PM: early resume of devices complete after 1.552 msecs
[   24.617704] PM: resume of devices complete after 576.933 msecs
[   24.689496] Restarting tasks ... done.
root@(none):/# 
root@(none):/# rtcwake -d rtc1 -m mem -s 3
rtcwake: assuming RTC uses UTC ...
rtcwake: wakeup from "mem" using /dev/rtc1 at Thu Jan  1 00:01:50 1970
[   25.942512] PM: Syncing filesystems ... done.
[   25.965117] Freezing user space processes ... (elapsed 0.001 seconds) done.
[   25.966466] Freezing remaining freezable tasks ... (elapsed 0.001 seconds) done.
[   25.967846] Suspending console(s) (use no_console_suspend to debug)
[   26.077081] PM: suspend of devices complete after 85.628 msecs
[   26.079113] PM: late suspend of devices complete after 2.015 msecs
[   26.080689] PM: noirq suspend of devices complete after 1.566 msecs
[   26.080693] Disabling non-boot CPUs ...
[   26.115557] CPU1: shutdown
[   26.225189] IRQ17 no longer affine to CPU2
[   26.225582] CPU2: shutdown
[   26.335476] CPU3: shutdown
[   26.386485] Entering suspend state LP1
[   26.386485] Suspended for 8.123 seconds
[   26.386530] Enabling non-boot CPUs ...
[   26.417102] CPU1 is up
[   26.457360] CPU2 is up
[   26.497796] CPU3 is up
[   26.498522] PM: noirq resume of devices complete after 0.716 msecs
[   26.500636] PM: early resume of devices complete after 1.455 msecs
[   27.077945] PM: resume of devices complete after 577.293 msecs
[   27.149779] Restarting tasks ... done.
root@(none):/# 
root@(none):/# NVTB SYSTEM SUSPEND TEST COMPLETE
