Diff for ./tegra114-dalmore-a04/tegra114-dalmore/multi_v7_defconfig_log.txt
--- /tmp/fooa	2014-11-16 17:08:45.084891406 -0800
+++ /tmp/foob	2014-11-16 17:08:45.084891406 -0800
@@ -37,20 +37,20 @@
 	 #################################################################
 	 #################################################################
 	 #####################################
-	 2.8 MiB/s
+	 2.9 MiB/s
 done
-Bytes transferred = 5301952 (50e6c0 hex)
+Bytes transferred = 5303472 (50ecb0 hex)
 Tegra114 (Dalmore) # tftpboot 0x82000000 tegra114-dalmore.dtb
 Using asx0 device
 TFTP from server 192.168.100.1; our IP address is 192.168.100.100
 Filename 'tegra114-dalmore.dtb'.
 Load address: 0x82000000
 Loading: *###
-	 2.6 MiB/s
+	 2.8 MiB/s
 done
 Bytes transferred = 34770 (87d2 hex)
 Tegra114 (Dalmore) # bootz 0x81000000 - 0x82000000
-Kernel image @ 0x81000000 [ 0x000000 - 0x50e6c0 ]
+Kernel image @ 0x81000000 [ 0x000000 - 0x50ecb0 ]
 ## Flattened Device Tree blob at 82000000
    Booting using the fdt blob at 0x82000000
    Loading Device Tree to 8fff4000, end 8ffff7d1 ... OK
@@ -58,7 +58,7 @@
 Starting kernel ...
 
 Booting Linux on physical CPU 0x0
-Linux version 3.18.0-rc4-104679-g206c5f6 (pwalmsley@tamien) (gcc version 4.7.3 20130328 (prerelease) (crosstool-NG linaro-1.13.1-4.7-2013.04-20130415 - Linaro GCC 2013.04) ) #1 SMP Sun Nov 9 15:03:59 PST 2014
+Linux version 3.18.0-rc5-104994-gfc14f9c (pwalmsley@tamien) (gcc version 4.7.3 20130328 (prerelease) (crosstool-NG linaro-1.13.1-4.7-2013.04-20130415 - Linaro GCC 2013.04) ) #1 SMP Sun Nov 16 17:04:09 PST 2014
 CPU: ARMv7 Processor [412fc0f2] revision 2 (ARMv7), cr=10c5387d
 CPU: PIPT / VIPT nonaliasing data cache, PIPT instruction cache
 Machine model: NVIDIA Tegra114 Dalmore evaluation board
@@ -66,7 +66,7 @@
 cma: Reserved 64 MiB at 0xfb800000
 Memory policy: Data cache writealloc
 On node 0 totalpages: 524032
-free_area_init_node: node 0, pgdat c0d1cc80, node_mem_map ee7f8000
+free_area_init_node: node 0, pgdat c0d1ccc0, node_mem_map ee7f8000
   DMA zone: 1520 pages used for memmap
   DMA zone: 0 pages reserved
   DMA zone: 194560 pages, LIFO batch:31
@@ -88,10 +88,10 @@
     lowmem  : 0xc0000000 - 0xef800000   ( 760 MB)
     pkmap   : 0xbfe00000 - 0xc0000000   (   2 MB)
     modules : 0xbf000000 - 0xbfe00000   (  14 MB)
-      .text : 0xc0208000 - 0xc0b77d44   (9664 kB)
+      .text : 0xc0208000 - 0xc0b77d68   (9664 kB)
       .init : 0xc0b78000 - 0xc0c2e000   ( 728 kB)
-      .data : 0xc0c2e000 - 0xc0d1eb00   ( 963 kB)
-       .bss : 0xc0d1eb00 - 0xc0d6bda8   ( 309 kB)
+      .data : 0xc0c2e000 - 0xc0d1eb40   ( 963 kB)
+       .bss : 0xc0d1eb40 - 0xc0d6bde8   ( 309 kB)
 SLUB: HWalign=64, Order=0-3, MinObjects=0, CPUs=4, Nodes=1
 Hierarchical RCU implementation.
 	RCU restricting CPUs from NR_CPUS=8 to nr_cpu_ids=4.
@@ -114,7 +114,7 @@
 /cpus/cpu@2 missing clock-frequency property
 /cpus/cpu@3 missing clock-frequency property
 CPU0: thread -1, cpu 0, socket 0, mpidr 80000000
-Setting up static identity map for 0x808792f8 - 0x80879390
+Setting up static identity map for 0x808798a0 - 0x80879938
 Tegra Revision: A01 SKU: 0 CPU Process: 1 Core Process: 0
 CPU1: Booted secondary processor
 CPU1: thread -1, cpu 1, socket 0, mpidr 80000001
@@ -379,7 +379,7 @@
 hub 1-0:1.0: USB hub found
 hub 1-0:1.0: 1 port detected
 input: gpio-keys as /devices/soc0/gpio-keys/input/input1
-palmas-rtc 7000d000.i2c:tps65913@58:rtc: setting system clock to 2000-04-16 18:20:35 UTC (955909235)
+palmas-rtc 7000d000.i2c:tps65913@58:rtc: setting system clock to 2000-04-23 20:21:04 UTC (956521264)
 vdd_cam_1v8_reg: disabling
 vdd_hdmi_5v0: disabling
 usb1_vbus: disabling
@@ -394,4 +394,4 @@
 Freeing unused kernel memory: 728K (c0b78000 - c0c2e000)
 bash: cannot set terminal process group (-1): Inappropriate ioctl for device
 bash: no job control in this shell
-root@(none):/# [    2.918609] usb 1-1: new high-speed USB device number 2 using tegra-ehci
+root@(none):/# [    2.943670] usb 1-1: new high-speed USB device number 2 using tegra-ehci
Diff for ./tegra114-dalmore-a04/tegra114-dalmore/tegra_defconfig_log.txt
--- /tmp/fooa	2014-11-16 17:08:45.092891415 -0800
+++ /tmp/foob	2014-11-16 17:08:45.092891415 -0800
@@ -38,18 +38,18 @@
 	 ##############################################################
 	 2.8 MiB/s
 done
-Bytes transferred = 4713592 (47ec78 hex)
+Bytes transferred = 4713016 (47ea38 hex)
 Tegra114 (Dalmore) # tftpboot 0x82000000 tegra114-dalmore.dtb
 Using asx0 device
 TFTP from server 192.168.100.1; our IP address is 192.168.100.100
 Filename 'tegra114-dalmore.dtb'.
 Load address: 0x82000000
 Loading: *###
-	 2.6 MiB/s
+	 2.8 MiB/s
 done
 Bytes transferred = 34770 (87d2 hex)
 Tegra114 (Dalmore) # bootz 0x81000000 - 0x82000000
-Kernel image @ 0x81000000 [ 0x000000 - 0x47ec78 ]
+Kernel image @ 0x81000000 [ 0x000000 - 0x47ea38 ]
 ## Flattened Device Tree blob at 82000000
    Booting using the fdt blob at 0x82000000
    Loading Device Tree to 8fff4000, end 8ffff7d1 ... OK
@@ -60,7 +60,7 @@
 Booting Linux on physical CPU 0x0
 Initializing cgroup subsys cpu
 Initializing cgroup subsys cpuacct
-Linux version 3.18.0-rc4-104679-g206c5f6 (pwalmsley@kaivo) (gcc version 4.7.3 20130328 (prerelease) (crosstool-NG linaro-1.13.1-4.7-2013.04-20130415 - Linaro GCC 2013.04) ) #1 SMP PREEMPT Sun Nov 9 15:03:07 PST 2014
+Linux version 3.18.0-rc5-104994-gfc14f9c (pwalmsley@kaivo) (gcc version 4.7.3 20130328 (prerelease) (crosstool-NG linaro-1.13.1-4.7-2013.04-20130415 - Linaro GCC 2013.04) ) #1 SMP PREEMPT Sun Nov 16 17:03:14 PST 2014
 CPU: ARMv7 Processor [412fc0f2] revision 2 (ARMv7), cr=10c5387d
 CPU: PIPT / VIPT nonaliasing data cache, PIPT instruction cache
 Machine model: NVIDIA Tegra114 Dalmore evaluation board
@@ -68,7 +68,7 @@
 cma: Reserved 64 MiB at 0xfbc00000
 Memory policy: Data cache writealloc
 On node 0 totalpages: 524032
-free_area_init_node: node 0, pgdat c0905d00, node_mem_map ee7f7000
+free_area_init_node: node 0, pgdat c0905d40, node_mem_map ee7f7000
   Normal zone: 1520 pages used for memmap
   Normal zone: 0 pages reserved
   Normal zone: 194560 pages, LIFO batch:31
@@ -90,10 +90,10 @@
     lowmem  : 0xc0000000 - 0xef800000   ( 760 MB)
     pkmap   : 0xbfe00000 - 0xc0000000   (   2 MB)
     modules : 0xbf000000 - 0xbfe00000   (  14 MB)
-      .text : 0xc0008000 - 0xc08692c8   (8581 kB)
+      .text : 0xc0008000 - 0xc08692d8   (8581 kB)
       .init : 0xc086a000 - 0xc08b2000   ( 288 kB)
-      .data : 0xc08b2000 - 0xc09077a0   ( 342 kB)
-       .bss : 0xc09077a0 - 0xc096211c   ( 363 kB)
+      .data : 0xc08b2000 - 0xc09077e0   ( 342 kB)
+       .bss : 0xc09077e0 - 0xc096215c   ( 363 kB)
 Preemptible hierarchical RCU implementation.
 NR_IRQS:16 nr_irqs:16 16
 L2C: failed to init: -19
@@ -115,7 +115,7 @@
 /cpus/cpu@2 missing clock-frequency property
 /cpus/cpu@3 missing clock-frequency property
 CPU0: thread -1, cpu 0, socket 0, mpidr 80000000
-Setting up static identity map for 0x8061bc28 - 0x8061bcc0
+Setting up static identity map for 0x8061bf08 - 0x8061bfa0
 Tegra Revision: A01 SKU: 0 CPU Process: 1 Core Process: 0
 CPU1: Booted secondary processor
 CPU1: thread -1, cpu 1, socket 0, mpidr 80000001
@@ -374,7 +374,7 @@
 hub 1-0:1.0: USB hub found
 hub 1-0:1.0: 1 port detected
 input: gpio-keys as /devices/soc0/gpio-keys/input/input1
-palmas-rtc 7000d000.i2c:tps65913@58:rtc: setting system clock to 2000-04-16 18:20:00 UTC (955909200)
+palmas-rtc 7000d000.i2c:tps65913@58:rtc: setting system clock to 2000-04-23 20:20:33 UTC (956521233)
 vdd_cam_1v8_reg: disabling
 vdd_hdmi_5v0: disabling
 usb1_vbus: disabling
Diff for ./tegra124-jetson-tk1/tegra124-jetson-tk1/multi_v7_defconfig_log.txt
--- /tmp/fooa	2014-11-16 17:08:45.096891414 -0800
+++ /tmp/foob	2014-11-16 17:08:45.100891412 -0800
@@ -29,7 +29,6 @@
 Tegra124 (Jetson TK1) # setenv bootargs 'ignore_loglevel console=ttyS0,115200n8 rw root=/dev/mmcblk0p1 rootwait gpt debug init=/bin/bash noinitrd'
 Tegra124 (Jetson TK1) # setenv ipaddr 192.168.100.102; setenv serverip 192.168.100.1; setenv tftpserverip 192.168.100.1
 Tegra124 (Jetson TK1) # tftpboot 0x81000000 zImage.multi_v7_defconfig
-Waiting for Ethernet connection... done.
 Using asx0 device
 TFTP from server 192.168.100.1; our IP address is 192.168.100.102
 Filename 'zImage.multi_v7_defconfig'.
@@ -40,11 +39,10 @@
 	 #################################################################
 	 #################################################################
 	 #####################################
-	 760.7 KiB/s
+	 2.9 MiB/s
 done
-Bytes transferred = 5301952 (50e6c0 hex)
+Bytes transferred = 5303472 (50ecb0 hex)
 Tegra124 (Jetson TK1) # tftpboot 0x82000000 tegra124-jetson-tk1.dtb
-Waiting for Ethernet connection... done.
 Using asx0 device
 TFTP from server 192.168.100.1; our IP address is 192.168.100.102
 Filename 'tegra124-jetson-tk1.dtb'.
@@ -54,7 +52,7 @@
 done
 Bytes transferred = 47577 (b9d9 hex)
 Tegra124 (Jetson TK1) # bootz 0x81000000 - 0x82000000
-Kernel image @ 0x81000000 [ 0x000000 - 0x50e6c0 ]
+Kernel image @ 0x81000000 [ 0x000000 - 0x50ecb0 ]
 ## Flattened Device Tree blob at 82000000
    Booting using the fdt blob at 0x82000000
    Using Device Tree in place at 82000000, end 8200e9d8
@@ -62,7 +60,7 @@
 Starting kernel ...
 
 Booting Linux on physical CPU 0x0
-Linux version 3.18.0-rc4-104679-g206c5f6 (pwalmsley@tamien) (gcc version 4.7.3 20130328 (prerelease) (crosstool-NG linaro-1.13.1-4.7-2013.04-20130415 - Linaro GCC 2013.04) ) #1 SMP Sun Nov 9 15:03:59 PST 2014
+Linux version 3.18.0-rc5-104994-gfc14f9c (pwalmsley@tamien) (gcc version 4.7.3 20130328 (prerelease) (crosstool-NG linaro-1.13.1-4.7-2013.04-20130415 - Linaro GCC 2013.04) ) #1 SMP Sun Nov 16 17:04:09 PST 2014
 CPU: ARMv7 Processor [413fc0f3] revision 3 (ARMv7), cr=10c5387d
 CPU: PIPT / VIPT nonaliasing data cache, PIPT instruction cache
 Machine model: NVIDIA Tegra124 Jetson TK1
@@ -70,7 +68,7 @@
 cma: Reserved 64 MiB at 0xfb800000
 Memory policy: Data cache writealloc
 On node 0 totalpages: 524032
-free_area_init_node: node 0, pgdat c0d1cc80, node_mem_map ee7f8000
+free_area_init_node: node 0, pgdat c0d1ccc0, node_mem_map ee7f8000
   DMA zone: 1520 pages used for memmap
   DMA zone: 0 pages reserved
   DMA zone: 194560 pages, LIFO batch:31
@@ -92,10 +90,10 @@
     lowmem  : 0xc0000000 - 0xef800000   ( 760 MB)
     pkmap   : 0xbfe00000 - 0xc0000000   (   2 MB)
     modules : 0xbf000000 - 0xbfe00000   (  14 MB)
-      .text : 0xc0208000 - 0xc0b77d44   (9664 kB)
+      .text : 0xc0208000 - 0xc0b77d68   (9664 kB)
       .init : 0xc0b78000 - 0xc0c2e000   ( 728 kB)
-      .data : 0xc0c2e000 - 0xc0d1eb00   ( 963 kB)
-       .bss : 0xc0d1eb00 - 0xc0d6bda8   ( 309 kB)
+      .data : 0xc0c2e000 - 0xc0d1eb40   ( 963 kB)
+       .bss : 0xc0d1eb40 - 0xc0d6bde8   ( 309 kB)
 SLUB: HWalign=64, Order=0-3, MinObjects=0, CPUs=4, Nodes=1
 Hierarchical RCU implementation.
 	RCU restricting CPUs from NR_CPUS=8 to nr_cpu_ids=4.
@@ -118,7 +116,7 @@
 /cpus/cpu@2 missing clock-frequency property
 /cpus/cpu@3 missing clock-frequency property
 CPU0: thread -1, cpu 0, socket 0, mpidr 80000000
-Setting up static identity map for 0x808792f8 - 0x80879390
+Setting up static identity map for 0x808798a0 - 0x80879938
 Tegra Revision: A01 SKU: 129 CPU Process: 1 Core Process: 1
 CPU1: Booted secondary processor
 CPU1: thread -1, cpu 1, socket 0, mpidr 80000001
@@ -465,7 +463,7 @@
 hub 2-0:1.0: USB hub found
 hub 2-0:1.0: 1 port detected
 input: gpio-keys as /devices/soc0/gpio-keys/input/input1
-as3722-rtc as3722-rtc: setting system clock to 2000-02-01 00:00:55 UTC (949363255)
+as3722-rtc as3722-rtc: setting system clock to 2000-02-01 00:00:48 UTC (949363248)
 +1.05V_RUN_AVDD_HDMI_PLL: disabling
 +1.8V_RUN_VPP_FUSE: disabling
 +2.8V_RUN_CAM_AF: disabling
@@ -487,4 +485,4 @@
 Freeing unused kernel memory: 728K (c0b78000 - c0c2e000)
 bash: cannot set terminal process group (-1): Inappropriate ioctl for device
 bash: no job control in this shell
-root@(none):/# [    4.719405] usb 2-1: new high-speed USB device number 2 using tegra-ehci
+root@(none):/# [    4.739486] usb 2-1: new high-speed USB device number 2 using tegra-ehci
Diff for ./tegra124-jetson-tk1/tegra124-jetson-tk1/tegra_defconfig_log.txt
--- /tmp/fooa	2014-11-16 17:08:45.104891409 -0800
+++ /tmp/foob	2014-11-16 17:08:45.108891406 -0800
@@ -38,9 +38,9 @@
 	 #################################################################
 	 #################################################################
 	 ##############################################################
-	 2.7 MiB/s
+	 2.8 MiB/s
 done
-Bytes transferred = 4713592 (47ec78 hex)
+Bytes transferred = 4713016 (47ea38 hex)
 Tegra124 (Jetson TK1) # tftpboot 0x82000000 tegra124-jetson-tk1.dtb
 Using asx0 device
 TFTP from server 192.168.100.1; our IP address is 192.168.100.102
@@ -51,7 +51,7 @@
 done
 Bytes transferred = 47577 (b9d9 hex)
 Tegra124 (Jetson TK1) # bootz 0x81000000 - 0x82000000
-Kernel image @ 0x81000000 [ 0x000000 - 0x47ec78 ]
+Kernel image @ 0x81000000 [ 0x000000 - 0x47ea38 ]
 ## Flattened Device Tree blob at 82000000
    Booting using the fdt blob at 0x82000000
    Using Device Tree in place at 82000000, end 8200e9d8
@@ -62,7 +62,7 @@
 Booting Linux on physical CPU 0x0
 Initializing cgroup subsys cpu
 Initializing cgroup subsys cpuacct
-Linux version 3.18.0-rc4-104679-g206c5f6 (pwalmsley@kaivo) (gcc version 4.7.3 20130328 (prerelease) (crosstool-NG linaro-1.13.1-4.7-2013.04-20130415 - Linaro GCC 2013.04) ) #1 SMP PREEMPT Sun Nov 9 15:03:07 PST 2014
+Linux version 3.18.0-rc5-104994-gfc14f9c (pwalmsley@kaivo) (gcc version 4.7.3 20130328 (prerelease) (crosstool-NG linaro-1.13.1-4.7-2013.04-20130415 - Linaro GCC 2013.04) ) #1 SMP PREEMPT Sun Nov 16 17:03:14 PST 2014
 CPU: ARMv7 Processor [413fc0f3] revision 3 (ARMv7), cr=10c5387d
 CPU: PIPT / VIPT nonaliasing data cache, PIPT instruction cache
 Machine model: NVIDIA Tegra124 Jetson TK1
@@ -70,7 +70,7 @@
 cma: Reserved 64 MiB at 0xfbc00000
 Memory policy: Data cache writealloc
 On node 0 totalpages: 524032
-free_area_init_node: node 0, pgdat c0905d00, node_mem_map ee7f7000
+free_area_init_node: node 0, pgdat c0905d40, node_mem_map ee7f7000
   Normal zone: 1520 pages used for memmap
   Normal zone: 0 pages reserved
   Normal zone: 194560 pages, LIFO batch:31
@@ -92,10 +92,10 @@
     lowmem  : 0xc0000000 - 0xef800000   ( 760 MB)
     pkmap   : 0xbfe00000 - 0xc0000000   (   2 MB)
     modules : 0xbf000000 - 0xbfe00000   (  14 MB)
-      .text : 0xc0008000 - 0xc08692c8   (8581 kB)
+      .text : 0xc0008000 - 0xc08692d8   (8581 kB)
       .init : 0xc086a000 - 0xc08b2000   ( 288 kB)
-      .data : 0xc08b2000 - 0xc09077a0   ( 342 kB)
-       .bss : 0xc09077a0 - 0xc096211c   ( 363 kB)
+      .data : 0xc08b2000 - 0xc09077e0   ( 342 kB)
+       .bss : 0xc09077e0 - 0xc096215c   ( 363 kB)
 Preemptible hierarchical RCU implementation.
 NR_IRQS:16 nr_irqs:16 16
 L2C: failed to init: -19
@@ -117,7 +117,7 @@
 /cpus/cpu@2 missing clock-frequency property
 /cpus/cpu@3 missing clock-frequency property
 CPU0: thread -1, cpu 0, socket 0, mpidr 80000000
-Setting up static identity map for 0x8061bc28 - 0x8061bcc0
+Setting up static identity map for 0x8061bf08 - 0x8061bfa0
 Tegra Revision: A01 SKU: 129 CPU Process: 1 Core Process: 1
 CPU1: Booted secondary processor
 CPU1: thread -1, cpu 1, socket 0, mpidr 80000001
Diff for ./tegra30-beaver/tegra30-beaver/multi_v7_defconfig_log.txt
--- /tmp/fooa	2014-11-16 17:08:45.112891405 -0800
+++ /tmp/foob	2014-11-16 17:08:45.116891405 -0800
@@ -37,9 +37,9 @@
 	 #################################################################
 	 #################################################################
 	 #####################################
-	 2.9 MiB/s
+	 2.8 MiB/s
 done
-Bytes transferred = 5301952 (50e6c0 hex)
+Bytes transferred = 5303472 (50ecb0 hex)
 Tegra30 (Beaver) # tftpboot 0x82000000 tegra30-beaver.dtb
 Using asx0 device
 TFTP from server 192.168.100.1; our IP address is 192.168.100.101
@@ -50,7 +50,7 @@
 done
 Bytes transferred = 24893 (613d hex)
 Tegra30 (Beaver) # bootz 0x81000000 - 0x82000000
-Kernel image @ 0x81000000 [ 0x000000 - 0x50e6c0 ]
+Kernel image @ 0x81000000 [ 0x000000 - 0x50ecb0 ]
 ## Flattened Device Tree blob at 82000000
    Booting using the fdt blob at 0x82000000
    Loading Device Tree to 8fff6000, end 8ffff13c ... OK
@@ -58,7 +58,7 @@
 Starting kernel ...
 
 Booting Linux on physical CPU 0x0
-Linux version 3.18.0-rc4-104679-g206c5f6 (pwalmsley@tamien) (gcc version 4.7.3 20130328 (prerelease) (crosstool-NG linaro-1.13.1-4.7-2013.04-20130415 - Linaro GCC 2013.04) ) #1 SMP Sun Nov 9 15:03:59 PST 2014
+Linux version 3.18.0-rc5-104994-gfc14f9c (pwalmsley@tamien) (gcc version 4.7.3 20130328 (prerelease) (crosstool-NG linaro-1.13.1-4.7-2013.04-20130415 - Linaro GCC 2013.04) ) #1 SMP Sun Nov 16 17:04:09 PST 2014
 CPU: ARMv7 Processor [412fc099] revision 9 (ARMv7), cr=10c5387d
 CPU: PIPT / VIPT nonaliasing data cache, VIPT aliasing instruction cache
 Machine model: NVIDIA Tegra30 Beaver evaluation board
@@ -66,7 +66,7 @@
 cma: Reserved 64 MiB at 0xfb800000
 Memory policy: Data cache writealloc
 On node 0 totalpages: 524032
-free_area_init_node: node 0, pgdat c0d1cc80, node_mem_map ee7f8000
+free_area_init_node: node 0, pgdat c0d1ccc0, node_mem_map ee7f8000
   DMA zone: 1520 pages used for memmap
   DMA zone: 0 pages reserved
   DMA zone: 194560 pages, LIFO batch:31
@@ -88,10 +88,10 @@
     lowmem  : 0xc0000000 - 0xef800000   ( 760 MB)
     pkmap   : 0xbfe00000 - 0xc0000000   (   2 MB)
     modules : 0xbf000000 - 0xbfe00000   (  14 MB)
-      .text : 0xc0208000 - 0xc0b77d44   (9664 kB)
+      .text : 0xc0208000 - 0xc0b77d68   (9664 kB)
       .init : 0xc0b78000 - 0xc0c2e000   ( 728 kB)
-      .data : 0xc0c2e000 - 0xc0d1eb00   ( 963 kB)
-       .bss : 0xc0d1eb00 - 0xc0d6bda8   ( 309 kB)
+      .data : 0xc0c2e000 - 0xc0d1eb40   ( 963 kB)
+       .bss : 0xc0d1eb40 - 0xc0d6bde8   ( 309 kB)
 SLUB: HWalign=64, Order=0-3, MinObjects=0, CPUs=4, Nodes=1
 Hierarchical RCU implementation.
 	RCU restricting CPUs from NR_CPUS=8 to nr_cpu_ids=4.
@@ -115,7 +115,7 @@
 Mountpoint-cache hash table entries: 2048 (order: 1, 8192 bytes)
 CPU: Testing write buffer coherency: ok
 CPU0: thread -1, cpu 0, socket 0, mpidr 80000000
-Setting up static identity map for 0x808792f8 - 0x80879390
+Setting up static identity map for 0x808798a0 - 0x80879938
 Tegra Revision: A03 SKU: 128 CPU Process: 4 Core Process: 0
 CPU1: Booted secondary processor
 CPU1: thread -1, cpu 1, socket 0, mpidr 80000001
@@ -409,5 +409,4 @@
 Freeing unused kernel memory: 728K (c0b78000 - c0c2e000)
 bash: cannot set terminal process group (-1): Inappropriate ioctl for device
 bash: no job control in this shell
-root@(none):/# [    4.263900] usb 2-1: new high-speed USB device number 2 using tegra-ehci
-asix 2-1:1.0 eth1: register 'asix' at usb-7d008000.usb-1, ASIX AX88772 USB 2.0 Ethernet, 00:50:b6:0f:67:60
+root@(none):/# [    4.263927] usb 2-1: new high-speed USB device number 2 using tegra-ehci
Diff for ./tegra30-beaver/tegra30-beaver/tegra_defconfig_log.txt
--- /tmp/fooa	2014-11-16 17:08:45.120891404 -0800
+++ /tmp/foob	2014-11-16 17:08:45.124891403 -0800
@@ -38,18 +38,18 @@
 	 ##############################################################
 	 2.8 MiB/s
 done
-Bytes transferred = 4713592 (47ec78 hex)
+Bytes transferred = 4713016 (47ea38 hex)
 Tegra30 (Beaver) # tftpboot 0x82000000 tegra30-beaver.dtb
 Using asx0 device
 TFTP from server 192.168.100.1; our IP address is 192.168.100.101
 Filename 'tegra30-beaver.dtb'.
 Load address: 0x82000000
 Loading: *##
-	 2.6 MiB/s
+	 2.4 MiB/s
 done
 Bytes transferred = 24893 (613d hex)
 Tegra30 (Beaver) # bootz 0x81000000 - 0x82000000
-Kernel image @ 0x81000000 [ 0x000000 - 0x47ec78 ]
+Kernel image @ 0x81000000 [ 0x000000 - 0x47ea38 ]
 ## Flattened Device Tree blob at 82000000
    Booting using the fdt blob at 0x82000000
    Loading Device Tree to 8fff6000, end 8ffff13c ... OK
@@ -60,7 +60,7 @@
 Booting Linux on physical CPU 0x0
 Initializing cgroup subsys cpu
 Initializing cgroup subsys cpuacct
-Linux version 3.18.0-rc4-104679-g206c5f6 (pwalmsley@kaivo) (gcc version 4.7.3 20130328 (prerelease) (crosstool-NG linaro-1.13.1-4.7-2013.04-20130415 - Linaro GCC 2013.04) ) #1 SMP PREEMPT Sun Nov 9 15:03:07 PST 2014
+Linux version 3.18.0-rc5-104994-gfc14f9c (pwalmsley@kaivo) (gcc version 4.7.3 20130328 (prerelease) (crosstool-NG linaro-1.13.1-4.7-2013.04-20130415 - Linaro GCC 2013.04) ) #1 SMP PREEMPT Sun Nov 16 17:03:14 PST 2014
 CPU: ARMv7 Processor [412fc099] revision 9 (ARMv7), cr=10c5387d
 CPU: PIPT / VIPT nonaliasing data cache, VIPT aliasing instruction cache
 Machine model: NVIDIA Tegra30 Beaver evaluation board
@@ -68,7 +68,7 @@
 cma: Reserved 64 MiB at 0xfbc00000
 Memory policy: Data cache writealloc
 On node 0 totalpages: 524032
-free_area_init_node: node 0, pgdat c0905d00, node_mem_map ee7f7000
+free_area_init_node: node 0, pgdat c0905d40, node_mem_map ee7f7000
   Normal zone: 1520 pages used for memmap
   Normal zone: 0 pages reserved
   Normal zone: 194560 pages, LIFO batch:31
@@ -90,10 +90,10 @@
     lowmem  : 0xc0000000 - 0xef800000   ( 760 MB)
     pkmap   : 0xbfe00000 - 0xc0000000   (   2 MB)
     modules : 0xbf000000 - 0xbfe00000   (  14 MB)
-      .text : 0xc0008000 - 0xc08692c8   (8581 kB)
+      .text : 0xc0008000 - 0xc08692d8   (8581 kB)
       .init : 0xc086a000 - 0xc08b2000   ( 288 kB)
-      .data : 0xc08b2000 - 0xc09077a0   ( 342 kB)
-       .bss : 0xc09077a0 - 0xc096211c   ( 363 kB)
+      .data : 0xc08b2000 - 0xc09077e0   ( 342 kB)
+       .bss : 0xc09077e0 - 0xc096215c   ( 363 kB)
 Preemptible hierarchical RCU implementation.
 NR_IRQS:16 nr_irqs:16 16
 L2C: platform modifies aux control register: 0x02080000 -> 0x3e480001
@@ -116,7 +116,7 @@
 Initializing cgroup subsys debug
 CPU: Testing write buffer coherency: ok
 CPU0: thread -1, cpu 0, socket 0, mpidr 80000000
-Setting up static identity map for 0x8061bc28 - 0x8061bcc0
+Setting up static identity map for 0x8061bf08 - 0x8061bfa0
 Tegra Revision: A03 SKU: 128 CPU Process: 4 Core Process: 0
 CPU1: Booted secondary processor
 CPU1: thread -1, cpu 1, socket 0, mpidr 80000001
@@ -405,5 +405,4 @@
 Freeing unused kernel memory: 288K (c086a000 - c08b2000)
 bash: cannot set terminal process group (-1): Inappropriate ioctl for device
 bash: no job control in this shell
-root@(none):/# [    4.557189] usb 2-1: new high-speed USB device number 2 using tegra-ehci
-asix 2-1:1.0 eth1: register 'asix' at usb-7d008000.usb-1, ASIX AX88772 USB 2.0 Ethernet, 00:50:b6:0f:67:60
+root@(none):/# [    4.557169] usb 2-1: new high-speed USB device number 2 using tegra-ehci
