
U-Boot SPL 2015.04-rc3-00209-ga74ef40 (Mar 16 2015 - 14:43:39)


U-Boot 2015.04-rc3-00209-ga74ef40 (Mar 16 2015 - 14:43:39)

TEGRA20
Model: Compulab TrimSlice board
DRAM:  1 GiB
MMC:   Tegra SD/MMC: 0, Tegra SD/MMC: 1
SF: Detected W25Q80BL with page size 256 Bytes, erase size 4 KiB, total 1 MiB
tegra-pcie: PCI regions:
tegra-pcie:   I/O: 0x82000000-0x82010000
tegra-pcie:   non-prefetchable memory: 0xa0000000-0xa8000000
tegra-pcie:   prefetchable memory: 0xa8000000-0xc0000000
tegra-pcie: dual-mode configuration
tegra-pcie: probing port 0, using 2 lanes
In:    serial
Out:   serial
Err:   serial
Net:   RTL8169#0
Hit any key to stop autoboot:  2  1  0 
Tegra20 (TrimSlice) # 
Tegra20 (TrimSlice) # usb reset
resetting USB...
USB0:   USB EHCI 1.00
scanning bus 0 for devices... 3 USB Device(s) found
USB1:   USB EHCI 1.00
scanning bus 1 for devices... 1 USB Device(s) found
USB2:   lowlevel init failed
       scanning usb for storage devices... 0 Storage Device(s) found
       scanning usb for ethernet devices... 
Warning: asx0 using MAC address from net device
1 Ethernet Device(s) found
Tegra20 (TrimSlice) # setenv bootargs 'ignore_loglevel console=ttyS0,115200n8 rw root=PARTUUID=11eb23c1-01 rootwait gpt debug noinitrd earlyprintk init=/bin/bash'
Tegra20 (TrimSlice) # setenv ipaddr 192.168.100.103; setenv serverip 192.168.100.1; setenv tftpserverip 192.168.100.1
Tegra20 (TrimSlice) # tftpboot 0x00408000 zImage.multi_v7_defconfig
Using RTL8169#0 device
TFTP from server 192.168.100.1; our IP address is 192.168.100.103
Filename 'zImage.multi_v7_defconfig'.
Load address: 0x408000
Loading: *#################################################################
	 #################################################################
	 #################################################################
	 #################################################################
	 #################################################################
	 #################################################################
	 #################################################################
	 ############################
	 4.1 MiB/s
done
Bytes transferred = 7089992 (6c2f48 hex)
Tegra20 (TrimSlice) # tftpboot 0x02408000 tegra20-trimslice.dtb
Using RTL8169#0 device
TFTP from server 192.168.100.1; our IP address is 192.168.100.103
Filename 'tegra20-trimslice.dtb'.
Load address: 0x2408000
Loading: *##
	 4 MiB/s
done
Bytes transferred = 21172 (52b4 hex)
Tegra20 (TrimSlice) # bootz 0x00408000 - 0x02408000
Kernel image @ 0x408000 [ 0x000000 - 0x6c2f48 ]
## Flattened Device Tree blob at 02408000
   Booting using the fdt blob at 0x2408000
   Using Device Tree in place at 02408000, end 024102b3

Starting kernel ...

[    0.000000] Booting Linux on physical CPU 0x0
[    0.000000] Linux version 4.8.0-rc1-109502-g29b4817 (pwalmsley@sellafield) (gcc version 4.7.3 20130328 (prerelease) (crosstool-NG linaro-1.13.1-4.7-2013.04-20130415 - Linaro GCC 2013.04) ) #1 SMP Sun Aug 7 18:36:40 PDT 2016
[    0.000000] CPU: ARMv7 Processor [411fc090] revision 0 (ARMv7), cr=10c5387d
[    0.000000] CPU: PIPT / VIPT nonaliasing data cache, VIPT aliasing instruction cache
[    0.000000] OF: fdt:Machine model: Compulab TrimSlice board
[    0.000000] debug: ignoring loglevel setting.
[    0.000000] cma: Reserved 64 MiB at 0x3c000000
[    0.000000] Memory policy: Data cache writealloc
[    0.000000] On node 0 totalpages: 262144
[    0.000000] free_area_init_node: node 0, pgdat c141cf40, node_mem_map ef7f8000
[    0.000000]   DMA zone: 1536 pages used for memmap
[    0.000000]   DMA zone: 0 pages reserved
[    0.000000]   DMA zone: 196608 pages, LIFO batch:31
[    0.000000]   HighMem zone: 65536 pages, LIFO batch:15
[    0.000000] percpu: Embedded 14 pages/cpu @ef7c7000 s26496 r8192 d22656 u57344
[    0.000000] pcpu-alloc: s26496 r8192 d22656 u57344 alloc=14*4096
[    0.000000] pcpu-alloc: [0] 0 [0] 1 
[    0.000000] Built 1 zonelists in Zone order, mobility grouping on.  Total pages: 260608
[    0.000000] Kernel command line: ignore_loglevel console=ttyS0,115200n8 rw root=PARTUUID=11eb23c1-01 rootwait gpt debug noinitrd earlyprintk init=/bin/bash
[    0.000000] PID hash table entries: 4096 (order: 2, 16384 bytes)
[    0.000000] Dentry cache hash table entries: 131072 (order: 7, 524288 bytes)
[    0.000000] Inode-cache hash table entries: 65536 (order: 6, 262144 bytes)
[    0.000000] Memory: 955920K/1048576K available (9216K kernel code, 1147K rwdata, 3960K rodata, 2048K init, 343K bss, 27120K reserved, 65536K cma-reserved, 196608K highmem)
[    0.000000] Virtual kernel memory layout:
[    0.000000]     vector  : 0xffff0000 - 0xffff1000   (   4 kB)
[    0.000000]     fixmap  : 0xffc00000 - 0xfff00000   (3072 kB)
[    0.000000]     vmalloc : 0xf0800000 - 0xff800000   ( 240 MB)
[    0.000000]     lowmem  : 0xc0000000 - 0xf0000000   ( 768 MB)
[    0.000000]     pkmap   : 0xbfe00000 - 0xc0000000   (   2 MB)
[    0.000000]     modules : 0xbf000000 - 0xbfe00000   (  14 MB)
[    0.000000]       .text : 0xc0208000 - 0xc0c00000   (10208 kB)
[    0.000000]       .init : 0xc1100000 - 0xc1300000   (2048 kB)
[    0.000000]       .data : 0xc1300000 - 0xc141edc0   (1148 kB)
[    0.000000]        .bss : 0xc1420000 - 0xc1475c88   ( 344 kB)
[    0.000000] SLUB: HWalign=64, Order=0-3, MinObjects=0, CPUs=2, Nodes=1
[    0.000000] Hierarchical RCU implementation.
[    0.000000] 	Build-time adjustment of leaf fanout to 32.
[    0.000000] 	RCU restricting CPUs from NR_CPUS=16 to nr_cpu_ids=2.
[    0.000000] RCU: Adjusting geometry for rcu_fanout_leaf=32, nr_cpu_ids=2
[    0.000000] NR_IRQS:16 nr_irqs:16 16
[    0.000000] /interrupt-controller@60004000: 128 interrupts forwarded to /interrupt-controller@50041000
[    0.000000] L2C: platform modifies aux control register: 0x02080000 -> 0x3e480001
[    0.000000] L2C: DT/platform modifies aux control register: 0x02080000 -> 0x3e480001
[    0.000000] L2C-310 errata 727915 769419 enabled
[    0.000000] L2C-310 enabling early BRESP for Cortex-A9
[    0.000000] L2C-310: enabling full line of zeros but not enabled in Cortex-A9
[    0.000000] L2C-310 ID prefetch enabled, offset 1 lines
[    0.000000] L2C-310 cache controller enabled, 8 ways, 1024 kB
[    0.000000] L2C-310: CACHE_ID 0x410000c4, AUX_CTRL 0x7e480001
[    0.000009] sched_clock: 32 bits at 1000kHz, resolution 1000ns, wraps every 2147483647500ns
[    0.000026] clocksource: timer_us: mask: 0xffffffff max_cycles: 0xffffffff, max_idle_ns: 1911260446275 ns
[    0.000036] Switching to timer-based delay loop, resolution 1000ns
[    0.001674] Console: colour dummy device 80x30
[    0.001698] Calibrating delay loop (skipped), value calculated using timer frequency.. 2.00 BogoMIPS (lpj=5000)
[    0.001709] pid_max: default: 32768 minimum: 301
[    0.001784] Mount-cache hash table entries: 2048 (order: 1, 8192 bytes)
[    0.001792] Mountpoint-cache hash table entries: 2048 (order: 1, 8192 bytes)
[    0.002283] CPU: Testing write buffer coherency: ok
[    0.002462] CPU0: thread -1, cpu 0, socket 0, mpidr 80000000
[    0.002485] Setting up static identity map for 0x300000 - 0x300098
[    0.004013] Tegra Revision: A03 prime SKU: 8 CPU Process: 1 SoC Process: 2
[    0.005057] CPU1: thread -1, cpu 1, socket 0, mpidr 80000001
[    0.005121] Brought up 2 CPUs
[    0.005133] SMP: Total of 2 processors activated (4.00 BogoMIPS).
[    0.005139] CPU: All CPU(s) started in SVC mode.
[    0.005789] devtmpfs: initialized
[    0.010141] VFP support v0.3: implementor 41 architecture 3 part 30 variant 9 rev 1
[    0.010387] clocksource: jiffies: mask: 0xffffffff max_cycles: 0xffffffff, max_idle_ns: 9556302231375000 ns
[    0.013255] pinctrl core: initialized pinctrl subsystem
[    0.014415] NET: Registered protocol family 16
[    0.016344] DMA: preallocated 256 KiB pool for atomic coherent allocations
[    0.029907] cpuidle: using governor menu
[    0.041034] No ATAGs?hw-breakpoint: found 5 (+1 reserved) breakpoint and 1 watchpoint registers.
[    0.041059] hw-breakpoint: maximum watchpoint size is 4 bytes.
[    0.044565] Serial: AMBA PL011 UART driver
[    0.073276] usb1_vbus: Failed to request enable GPIO170: -517
[    0.073291] reg-fixed-voltage regulators:regulator@2: Failed to register regulator: -517
[    0.076924] vgaarb: loaded
[    0.077517] SCSI subsystem initialized
[    0.077635] libata version 3.00 loaded.
[    0.077838] usbcore: registered new interface driver usbfs
[    0.077884] usbcore: registered new interface driver hub
[    0.077933] usbcore: registered new device driver usb
[    0.079966] pps_core: LinuxPPS API ver. 1 registered
[    0.079973] pps_core: Software ver. 5.3.6 - Copyright 2005-2007 Rodolfo Giometti <giometti@linux.it>
[    0.079991] PTP clock support registered
[    0.080138] EDAC MC: Ver: 3.0.0
[    0.081940] clocksource: Switched to clocksource timer_us
[    0.089680] NET: Registered protocol family 2
[    0.090097] TCP established hash table entries: 8192 (order: 3, 32768 bytes)
[    0.090171] TCP bind hash table entries: 8192 (order: 4, 65536 bytes)
[    0.090276] TCP: Hash tables configured (established 8192 bind 8192)
[    0.090365] UDP hash table entries: 512 (order: 2, 16384 bytes)
[    0.090412] UDP-Lite hash table entries: 512 (order: 2, 16384 bytes)
[    0.090571] NET: Registered protocol family 1
[    0.090889] RPC: Registered named UNIX socket transport module.
[    0.090897] RPC: Registered udp transport module.
[    0.090902] RPC: Registered tcp transport module.
[    0.090907] RPC: Registered tcp NFSv4.1 backchannel transport module.
[    0.090917] PCI: CLS 0 bytes, default 64
[    0.091674] hw perfevents: /pmu: failed to probe PMU!
[    0.091682] hw perfevents: /pmu: failed to register PMU devices!
[    0.091694] armv7-pmu: probe of pmu failed with error -22
[    0.092666] futex hash table entries: 512 (order: 3, 32768 bytes)
[    0.093077] workingset: timestamp_bits=30 max_order=18 bucket_order=0
[    0.100698] squashfs: version 4.0 (2009/01/31) Phillip Lougher
[    0.101312] NFS: Registering the id_resolver key type
[    0.101332] Key type id_resolver registered
[    0.101338] Key type id_legacy registered
[    0.101370] ntfs: driver 2.1.32 [Flags: R/O].
[    0.102307] bounce: pool size: 64 pages
[    0.102450] Block layer SCSI generic (bsg) driver version 0.4 loaded (major 248)
[    0.102459] io scheduler noop registered
[    0.102465] io scheduler deadline registered
[    0.102596] io scheduler cfq registered (default)
[    0.105588] libphy: mdio_driver_register: phy-bcm-ns2-pci
[    0.114156] tegra-pcie 80003000.pcie-controller: dual-mode configuration
[    0.114898] tegra-pcie 80003000.pcie-controller: probing port 0, using 2 lanes
[    0.197543] tegra-pcie 80003000.pcie-controller: PCI host bridge to bus 0000:00
[    0.197555] pci_bus 0000:00: root bus resource [io  0x0000-0xffff]
[    0.197564] pci_bus 0000:00: root bus resource [mem 0xa0000000-0xa7ffffff]
[    0.197571] pci_bus 0000:00: root bus resource [mem 0xa8000000-0xbfffffff pref]
[    0.197580] pci_bus 0000:00: root bus resource [bus 00-ff]
[    0.197607] pci 0000:00:01.0: [10de:0bf0] type 01 class 0x060000
[    0.197667] pci 0000:00:01.0: PME# supported from D0 D1 D2 D3hot D3cold
[    0.197862] PCI: bus0: Fast back to back transfers disabled
[    0.197874] pci 0000:00:01.0: bridge configuration invalid ([bus 00-00]), reconfiguring
[    0.198001] pci 0000:01:00.0: [10ec:8168] type 00 class 0x020000
[    0.198023] pci 0000:01:00.0: reg 0x10: [io  0x0000-0x00ff]
[    0.198044] pci 0000:01:00.0: reg 0x18: [mem 0x00000000-0x00000fff 64bit pref]
[    0.198061] pci 0000:01:00.0: reg 0x20: [mem 0x00000000-0x00003fff 64bit pref]
[    0.198073] pci 0000:01:00.0: reg 0x30: [mem 0x00000000-0x0001ffff pref]
[    0.198150] pci 0000:01:00.0: supports D1 D2
[    0.198158] pci 0000:01:00.0: PME# supported from D0 D1 D2 D3hot D3cold
[    0.211997] PCI: bus1: Fast back to back transfers disabled
[    0.212010] pci_bus 0000:01: busn_res: [bus 01-ff] end is updated to 01
[    0.212022] Disabling cpuidle LP2 state, since PCIe IRQs are in use
[    0.212080] pci 0000:00:01.0: BAR 8: assigned [mem 0xa0000000-0xa00fffff]
[    0.212091] pci 0000:00:01.0: BAR 9: assigned [mem 0xa8000000-0xa80fffff 64bit pref]
[    0.212100] pci 0000:00:01.0: BAR 7: assigned [io  0x1000-0x1fff]
[    0.212112] pci 0000:01:00.0: BAR 6: assigned [mem 0xa0000000-0xa001ffff pref]
[    0.212122] pci 0000:01:00.0: BAR 4: assigned [mem 0xa8000000-0xa8003fff 64bit pref]
[    0.212139] pci 0000:01:00.0: BAR 2: assigned [mem 0xa8004000-0xa8004fff 64bit pref]
[    0.212155] pci 0000:01:00.0: BAR 0: assigned [io  0x1000-0x10ff]
[    0.212166] pci 0000:00:01.0: PCI bridge to [bus 01]
[    0.212174] pci 0000:00:01.0:   bridge window [io  0x1000-0x1fff]
[    0.212182] pci 0000:00:01.0:   bridge window [mem 0xa0000000-0xa00fffff]
[    0.212190] pci 0000:00:01.0:   bridge window [mem 0xa8000000-0xa80fffff 64bit pref]
[    0.212211] pci 0000:00:01.0: nv_msi_ht_cap_quirk didn't locate host bridge
[    0.212260] pcieport 0000:00:01.0: enabling device (0140 -> 0143)
[    0.212428] pcieport 0000:00:01.0: Signaling PME through PCIe PME interrupt
[    0.212437] pci 0000:01:00.0: Signaling PME through PCIe PME interrupt
[    0.212446] pcie_pme 0000:00:01.0:pcie001: service driver pcie_pme loaded
[    0.216130] tegra-apbdma 6000a000.dma: Tegra20 APB DMA driver register 16 channels
[    0.266451] Serial: 8250/16550 driver, 4 ports, IRQ sharing disabled
[    0.268816] console [ttyS0] disabled
[    0.268872] 70006000.serial: ttyS0 at MMIO 0x70006000 (irq = 279, base_baud = 13500000) is a Tegra
[    1.225532] console [ttyS0] enabled
[    1.229646] SuperH (H)SCI(F) driver initialized
[    1.234931] msm_serial: driver initialized
[    1.239174] STMicroelectronics ASC driver initialized
[    1.246849] [drm] Initialized drm 1.1.0 20060810
[    1.253769] 54280000.hdmi supply hdmi not found, using dummy regulator
[    1.262488] [drm] Supports vblank timestamp caching Rev 2 (21.10.2013).
[    1.269104] [drm] No driver support for vblank timestamp query.
[    1.275049] drm drm: No connectors reported connected with modes
[    1.281056] [drm] Cannot find any crtc or sizes - going 1024x768
[    1.303029] Console: switching to colour frame buffer device 128x48
[    1.317717] drm drm: fb0:  frame buffer device
[    1.341950] [drm] Initialized tegra 0.0.0 20120330 on minor 0
[    1.356596] brd: module loaded
[    1.363961] loop: module loaded
[    1.372556] m25p80 spi32766.0: found s25fl008k, expected w25q80bl
[    1.378667] m25p80 spi32766.0: s25fl008k (1024 Kbytes)
[    1.386224] libphy: Fixed MDIO Bus: probed
[    1.390928] CAN device driver interface
[    1.396326] igb: Intel(R) Gigabit Ethernet Network Driver - version 5.3.0-k
[    1.403287] igb: Copyright (c) 2007-2014 Intel Corporation.
[    1.409382] r8169 Gigabit Ethernet driver 2.3LK-NAPI loaded
[    1.414979] r8169 0000:01:00.0: enabling device (0140 -> 0143)
[    1.421576] r8169 0000:01:00.0 eth0: RTL8168d/8111d at 0xf0878000, 00:01:c0:13:7d:63, XID 081000c0 IRQ 296
[    1.431234] r8169 0000:01:00.0 eth0: jumbo features [frames: 9200 bytes, tx checksumming: ko]
[    1.441687] pegasus: v0.9.3 (2013/04/25), Pegasus/Pegasus II USB Ethernet driver
[    1.449148] usbcore: registered new interface driver pegasus
[    1.454851] usbcore: registered new interface driver asix
[    1.460289] usbcore: registered new interface driver ax88179_178a
[    1.466415] usbcore: registered new interface driver cdc_ether
[    1.472291] usbcore: registered new interface driver smsc75xx
[    1.478080] usbcore: registered new interface driver smsc95xx
[    1.483856] usbcore: registered new interface driver net1080
[    1.489551] usbcore: registered new interface driver cdc_subset
[    1.495502] usbcore: registered new interface driver zaurus
[    1.501125] usbcore: registered new interface driver cdc_ncm
[    1.507060] tegra-phy c5004000.usb-phy: no vbus regulator
[    1.513501] tegra-phy c5008000.usb-phy: no vbus regulator
[    1.520195] ehci_hcd: USB 2.0 'Enhanced' Host Controller (EHCI) Driver
[    1.526725] ehci-pci: EHCI PCI platform driver
[    1.531208] ehci-platform: EHCI generic platform driver
[    1.536588] ehci-orion: EHCI orion driver
[    1.540709] SPEAr-ehci: EHCI SPEAr driver
[    1.544826] ehci-st: EHCI STMicroelectronics driver
[    1.549817] ehci-exynos: EHCI EXYNOS driver
[    1.554123] ehci-atmel: EHCI Atmel driver
[    1.558237] tegra-ehci: Tegra EHCI driver
[    1.593146] ulpi_phy_power_on: ulpi write failed
[    1.597768] tegra-ehci c5004000.usb: Failed to power on the phy
[    1.603698] tegra-ehci: probe of c5004000.usb failed with error -110
[    1.612682] tegra-ehci c5008000.usb: EHCI Host Controller
[    1.618101] tegra-ehci c5008000.usb: new USB bus registered, assigned bus number 1
[    1.625919] tegra-ehci c5008000.usb: irq 290, io mem 0xc5008000
[    1.641958] tegra-ehci c5008000.usb: USB 2.0 started, EHCI 1.00
[    1.648486] hub 1-0:1.0: USB hub found
[    1.652266] hub 1-0:1.0: 1 port detected
[    1.656474] ohci_hcd: USB 1.1 'Open' Host Controller (OHCI) Driver
[    1.662663] ohci-pci: OHCI PCI platform driver
[    1.667149] ohci-platform: OHCI generic platform driver
[    1.672526] ohci-omap3: OHCI OMAP3 driver
[    1.676626] SPEAr-ohci: OHCI SPEAr driver
[    1.680751] ohci-st: OHCI STMicroelectronics driver
[    1.685732] ohci-atmel: OHCI Atmel driver
[    1.690324] usbcore: registered new interface driver usb-storage
[    1.697535] mousedev: PS/2 mouse device common for all mice
[    1.704807] rtc-em3027 2-0056: rtc core: registered rtc-em3027 as rtc0
[    1.712481] tegra_rtc 7000e000.rtc: rtc core: registered 7000e000.rtc as rtc1
[    1.719649] tegra_rtc 7000e000.rtc: Tegra internal Real Time Clock
[    1.726236] i2c /dev entries driver
[    1.738963] sdhci: Secure Digital Host Controller Interface driver
[    1.745156] sdhci: Copyright(c) Pierre Ossman
[    1.750665] Synopsys Designware Multimedia Card Interface Driver
[    1.757522] sdhci-pltfm: SDHCI platform and OF driver helper
[    1.763993] mmc0: Invalid maximum block size, assuming 512 bytes
[    1.806963] mmc0: SDHCI controller on c8000000.sdhci [c8000000.sdhci] using ADMA
[    1.814459] sdhci-tegra c8000600.sdhci: Got CD GPIO
[    1.819353] sdhci-tegra c8000600.sdhci: Got WP GPIO
[    1.824389] mmc1: Invalid maximum block size, assuming 512 bytes
[    1.867044] mmc1: SDHCI controller on c8000600.sdhci [c8000600.sdhci] using ADMA
[    1.875811] ledtrig-cpu: registered to indicate activity on CPUs
[    1.882140] usbcore: registered new interface driver usbhid
[    1.887752] usbhid: USB HID core driver
[    1.896606] NET: Registered protocol family 10
[    1.901831] sit: IPv6, IPv4 and MPLS over IPv4 tunneling driver
[    1.908266] NET: Registered protocol family 17
[    1.912742] can: controller area network core (rev 20120528 abi 9)
[    1.918977] NET: Registered protocol family 29
[    1.923449] can: raw protocol (rev 20120528)
[    1.927740] can: broadcast manager protocol (rev 20160617 t)
[    1.933401] can: netlink gateway (rev 20130117) max_hops=1
[    1.939198] Key type dns_resolver registered
[    1.943836] ThumbEE CPU extension supported.
[    1.948135] Registering SWP/SWPB emulation handler
[    1.957728] utmi_phy_clk_enable: timeout waiting for phy to stabilize
[    1.964200] tegra-ehci c5000000.usb: EHCI Host Controller
[    1.969618] tegra-ehci c5000000.usb: new USB bus registered, assigned bus number 2
[    1.977528] tegra-ehci c5000000.usb: irq 288, io mem 0xc5000000
[    1.990186] mmc0: host does not support reading read-only switch, assuming write-enable
[    2.000001] mmc0: new high speed SDHC card at address b368
[    2.005867] mmcblk0: mmc0:b368 NCard 3.70 GiB 
[    2.011968] usb 1-1: new high-speed USB device number 2 using tegra-ehci
[    2.018780]  mmcblk0: p1
[    2.026960] tegra-ehci c5000000.usb: USB 2.0 started, EHCI 1.00
[    2.032983] mmc1: new high speed SD card at address b368
[    2.038635] mmcblk1: mmc1:b368 NCard 1.83 GiB (ro)
[    2.044016] hub 2-0:1.0: USB hub found
[    2.048076] hub 2-0:1.0: 1 port detected
[    2.053428] input: gpio-keys as /devices/soc0/gpio-keys/input/input0
[    2.060031]  mmcblk1: p1 p2
[    2.063921] rtc-em3027 2-0056: setting system clock to 2015-02-05 14:52:57 UTC (1423147977)
[    2.078733] EXT4-fs (mmcblk0p1): mounting ext3 file system using the ext4 subsystem
[    2.165930] EXT4-fs (mmcblk0p1): recovery complete
[    2.170763] EXT4-fs (mmcblk0p1): mounted filesystem with ordered data mode. Opts: (null)
[    2.178896] VFS: Mounted root (ext3 filesystem) on device 179:1.
[    2.185530] hub 1-1:1.0: USB hub found
[    2.189520] hub 1-1:1.0: 4 ports detected
[    2.195183] devtmpfs: mounted
[    2.200665] Freeing unused kernel memory: 2048K (c1100000 - c1300000)
[    2.266680] random: fast init done
bash: cannot set terminal process group (-1): Inappropriate ioctl for device
bash: no job control in this shell
[    2.482007] usb 1-1.2: new high-speed USB device number 3 using tegra-ehci
root@(none):/# mount -t sysfs none /sys
root@(none):/# 
root@(none):/# mount -t debugfs none /sys/kernel/debug
root@(none):/# 
root@(none):/# rtcwake -d rtc1 -m mem -s 3
rtcwake: assuming RTC uses UTC ...
rtcwake: wakeup from "mem" using /dev/rtc1 at Thu Jan  1 00:00:23 1970
[    7.589012] PM: Syncing filesystems ... done.
[    7.635487] Freezing user space processes ... (elapsed 0.001 seconds) done.
[    7.644026] Double checking all user space processes after OOM killer disable... (elapsed 0.000 seconds) 
[    7.653870] Freezing remaining freezable tasks ... (elapsed 0.001 seconds) done.
[    7.662685] Suspending console(s) (use no_console_suspend to debug)
[    7.705054] PM: suspend of devices complete after 33.485 msecs
[    7.708750] PM: late suspend of devices complete after 3.666 msecs
[    7.732564] PM: noirq suspend of devices complete after 23.783 msecs
[    7.732575] Disabling non-boot CPUs ...
[    7.734326] CPU1: shutdown
[    7.765054] Entering suspend state LP1
[    7.765103] Enabling non-boot CPUs ...
[    7.796277] CPU1 is up
[    7.797288] pcieport 0000:00:01.0: nv_msi_ht_cap_quirk didn't locate host bridge
[    7.817227] PM: noirq resume of devices complete after 20.918 msecs
[    7.820833] PM: early resume of devices complete after 2.878 msecs
[    7.890575] PM: resume of devices complete after 69.708 msecs
[    7.954475] Restarting tasks ... done.
root@(none):/# 
root@(none):/# rtcwake -d rtc1 -m mem -s 3
rtcwake: assuming RTC uses UTC ...
rtcwake: wakeup from "mem" using /dev/rtc1 at Thu Jan  1 00:00:27 1970
[    8.502592] PM: Syncing filesystems ... done.
[    8.535315] Freezing user space processes ... (elapsed 0.001 seconds) done.
[    8.543727] Double checking all user space processes after OOM killer disable... (elapsed 0.000 seconds) 
[    8.553464] Freezing remaining freezable tasks ... (elapsed 0.001 seconds) done.
[    8.562385] Suspending console(s) (use no_console_suspend to debug)
[    8.590651] PM: suspend of devices complete after 20.157 msecs
[    8.594153] PM: late suspend of devices complete after 3.471 msecs
[    8.617558] PM: noirq suspend of devices complete after 23.374 msecs
[    8.617569] Disabling non-boot CPUs ...
[    8.619500] CPU1: shutdown
[    8.650029] Entering suspend state LP1
[    8.650077] Enabling non-boot CPUs ...
[    8.681251] CPU1 is up
[    8.682251] pcieport 0000:00:01.0: nv_msi_ht_cap_quirk didn't locate host bridge
[    8.702143] PM: noirq resume of devices complete after 20.861 msecs
[    8.705488] PM: early resume of devices complete after 2.815 msecs
[    8.770404] PM: resume of devices complete after 64.883 msecs
[    8.834301] Restarting tasks ... done.
root@(none):/# 
root@(none):/# rtcwake -d rtc1 -m mem -s 3
rtcwake: assuming RTC uses UTC ...
rtcwake: wakeup from "mem" using /dev/rtc1 at Thu Jan  1 00:00:31 1970
[    9.384539] PM: Syncing filesystems ... done.
[    9.429823] Freezing user space processes ... (elapsed 0.001 seconds) done.
[    9.438438] Double checking all user space processes after OOM killer disable... (elapsed 0.000 seconds) 
[    9.448274] Freezing remaining freezable tasks ... (elapsed 0.001 seconds) done.
[    9.457400] Suspending console(s) (use no_console_suspend to debug)
[    9.499491] PM: suspend of devices complete after 33.246 msecs
[    9.503015] PM: late suspend of devices complete after 3.494 msecs
[    9.522520] PM: noirq suspend of devices complete after 19.474 msecs
[    9.522532] Disabling non-boot CPUs ...
[    9.524505] CPU1: shutdown
[    9.539979] Entering suspend state LP1
[    9.540028] Enabling non-boot CPUs ...
[    9.571271] CPU1 is up
[    9.572537] pcieport 0000:00:01.0: nv_msi_ht_cap_quirk didn't locate host bridge
[    9.592112] PM: noirq resume of devices complete after 20.809 msecs
[    9.595804] PM: early resume of devices complete after 2.958 msecs
[    9.665306] PM: resume of devices complete after 69.470 msecs
[    9.729261] Restarting tasks ... done.
root@(none):/# 
root@(none):/# rtcwake -d rtc1 -m mem -s 3
rtcwake: assuming RTC uses UTC ...
rtcwake: wakeup from "mem" using /dev/rtc1 at Thu Jan  1 00:00:35 1970
[   10.277535] PM: Syncing filesystems ... done.
[   10.310212] Freezing user space processes ... (elapsed 0.001 seconds) done.
[   10.318644] Double checking all user space processes after OOM killer disable... (elapsed 0.000 seconds) 
[   10.328404] Freezing remaining freezable tasks ... (elapsed 0.001 seconds) done.
[   10.337318] Suspending console(s) (use no_console_suspend to debug)
[   10.364279] PM: suspend of devices complete after 18.858 msecs
[   10.367786] PM: late suspend of devices complete after 3.477 msecs
[   10.387386] PM: noirq suspend of devices complete after 19.570 msecs
[   10.387397] Disabling non-boot CPUs ...
[   10.389288] CPU1: shutdown
[   10.404908] Entering suspend state LP1
[   10.404957] Enabling non-boot CPUs ...
[   10.436136] CPU1 is up
[   10.437678] pcieport 0000:00:01.0: nv_msi_ht_cap_quirk didn't locate host bridge
[   10.457046] PM: noirq resume of devices complete after 20.879 msecs
[   10.460678] PM: early resume of devices complete after 2.902 msecs
[   10.530477] PM: resume of devices complete after 69.766 msecs
[   10.594412] Restarting tasks ... done.
root@(none):/# 
root@(none):/# rtcwake -d rtc1 -m mem -s 3
rtcwake: assuming RTC uses UTC ...
rtcwake: wakeup from "mem" using /dev/rtc1 at Thu Jan  1 00:00:39 1970
[   11.142363] PM: Syncing filesystems ... done.
[   11.175048] Freezing user space processes ... (elapsed 0.001 seconds) done.
[   11.183469] Double checking all user space processes after OOM killer disable... (elapsed 0.000 seconds) 
[   11.193216] Freezing remaining freezable tasks ... (elapsed 0.001 seconds) done.
[   11.202129] Suspending console(s) (use no_console_suspend to debug)
[   11.238535] PM: suspend of devices complete after 28.303 msecs
[   11.242117] PM: late suspend of devices complete after 3.551 msecs
[   11.262329] PM: noirq suspend of devices complete after 20.182 msecs
[   11.262340] Disabling non-boot CPUs ...
[   11.264234] CPU1: shutdown
[   11.279845] Entering suspend state LP1
[   11.279894] Enabling non-boot CPUs ...
[   11.311142] CPU1 is up
[   11.311958] pcieport 0000:00:01.0: nv_msi_ht_cap_quirk didn't locate host bridge
[   11.331967] PM: noirq resume of devices complete after 20.793 msecs
[   11.335328] PM: early resume of devices complete after 2.834 msecs
[   11.400426] PM: resume of devices complete after 65.066 msecs
[   11.464318] Restarting tasks ... done.
root@(none):/# 
root@(none):/# rtcwake -d rtc1 -m mem -s 3
rtcwake: assuming RTC uses UTC ...
rtcwake: wakeup from "mem" using /dev/rtc1 at Thu Jan  1 00:00:43 1970
[   12.014213] PM: Syncing filesystems ... done.
[   12.037982] Freezing user space processes ... (elapsed 0.001 seconds) done.
[   12.046235] Double checking all user space processes after OOM killer disable... (elapsed 0.000 seconds) 
[   12.055925] Freezing remaining freezable tasks ... (elapsed 0.001 seconds) done.
[   12.064739] Suspending console(s) (use no_console_suspend to debug)
[   12.104227] PM: suspend of devices complete after 31.341 msecs
[   12.107930] PM: late suspend of devices complete after 3.673 msecs
[   12.127350] PM: noirq suspend of devices complete after 19.389 msecs
[   12.127361] Disabling non-boot CPUs ...
[   12.129363] CPU1: shutdown
[   12.159799] Entering suspend state LP1
[   12.159847] Enabling non-boot CPUs ...
[   12.191104] CPU1 is up
[   12.191917] pcieport 0000:00:01.0: nv_msi_ht_cap_quirk didn't locate host bridge
[   12.211907] PM: noirq resume of devices complete after 20.771 msecs
[   12.215248] PM: early resume of devices complete after 2.806 msecs
[   12.280152] PM: resume of devices complete after 64.873 msecs
[   12.344052] Restarting tasks ... done.
root@(none):/# 
root@(none):/# rtcwake -d rtc1 -m mem -s 3
rtcwake: assuming RTC uses UTC ...
rtcwake: wakeup from "mem" using /dev/rtc1 at Thu Jan  1 00:00:47 1970
[   12.897254] PM: Syncing filesystems ... done.
[   12.929970] Freezing user space processes ... (elapsed 0.001 seconds) done.
[   12.938395] Double checking all user space processes after OOM killer disable... (elapsed 0.000 seconds) 
[   12.948142] Freezing remaining freezable tasks ... (elapsed 0.001 seconds) done.
[   12.957048] Suspending console(s) (use no_console_suspend to debug)
[   12.994406] PM: suspend of devices complete after 29.260 msecs
[   12.998166] PM: late suspend of devices complete after 3.729 msecs
[   13.017214] PM: noirq suspend of devices complete after 19.018 msecs
[   13.017226] Disabling non-boot CPUs ...
[   13.019116] CPU1: shutdown
[   13.044740] Entering suspend state LP1
[   13.044789] Enabling non-boot CPUs ...
[   13.075980] CPU1 is up
[   13.077254] pcieport 0000:00:01.0: nv_msi_ht_cap_quirk didn't locate host bridge
[   13.096837] PM: noirq resume of devices complete after 20.826 msecs
[   13.100183] PM: early resume of devices complete after 2.817 msecs
[   13.165290] PM: resume of devices complete after 65.075 msecs
[   13.229182] Restarting tasks ... done.
root@(none):/# 
root@(none):/# rtcwake -d rtc1 -m mem -s 3
rtcwake: assuming RTC uses UTC ...
rtcwake: wakeup from "mem" using /dev/rtc1 at Thu Jan  1 00:00:51 1970
[   13.782242] PM: Syncing filesystems ... done.
[   13.814974] Freezing user space processes ... (elapsed 0.001 seconds) done.
[   13.823398] Double checking all user space processes after OOM killer disable... (elapsed 0.000 seconds) 
[   13.833146] Freezing remaining freezable tasks ... (elapsed 0.001 seconds) done.
[   13.842054] Suspending console(s) (use no_console_suspend to debug)
[   13.869337] PM: suspend of devices complete after 19.186 msecs
[   13.872868] PM: late suspend of devices complete after 3.500 msecs
[   13.892150] PM: noirq suspend of devices complete after 19.252 msecs
[   13.892161] Disabling non-boot CPUs ...
[   13.894032] CPU1: shutdown
[   13.919679] Entering suspend state LP1
[   13.919727] Enabling non-boot CPUs ...
[   13.950937] CPU1 is up
[   13.951856] pcieport 0000:00:01.0: nv_msi_ht_cap_quirk didn't locate host bridge
[   13.971779] PM: noirq resume of devices complete after 20.812 msecs
[   13.975127] PM: early resume of devices complete after 2.818 msecs
[   14.040104] PM: resume of devices complete after 64.945 msecs
[   14.104006] Restarting tasks ... done.
root@(none):/# 
root@(none):/# rtcwake -d rtc1 -m mem -s 3
rtcwake: assuming RTC uses UTC ...
rtcwake: wakeup from "mem" using /dev/rtc1 at Thu Jan  1 00:00:55 1970
[   14.657299] PM: Syncing filesystems ... done.
[   14.690014] Freezing user space processes ... (elapsed 0.001 seconds) done.
[   14.698447] Double checking all user space processes after OOM killer disable... (elapsed 0.000 seconds) 
[   14.708195] Freezing remaining freezable tasks ... (elapsed 0.001 seconds) done.
[   14.717126] Suspending console(s) (use no_console_suspend to debug)
[   14.745509] PM: suspend of devices complete after 20.279 msecs
[   14.749119] PM: late suspend of devices complete after 3.579 msecs
[   14.772129] PM: noirq suspend of devices complete after 22.979 msecs
[   14.772140] Disabling non-boot CPUs ...
[   14.773937] CPU1: shutdown
[   14.804603] Entering suspend state LP1
[   14.804651] Enabling non-boot CPUs ...
[   14.835880] CPU1 is up
[   14.836953] pcieport 0000:00:01.0: nv_msi_ht_cap_quirk didn't locate host bridge
[   14.856744] PM: noirq resume of devices complete after 20.832 msecs
[   14.860411] PM: early resume of devices complete after 2.944 msecs
[   14.930017] PM: resume of devices complete after 69.574 msecs
[   14.993948] Restarting tasks ... done.
root@(none):/# 
root@(none):/# rtcwake -d rtc1 -m mem -s 3
rtcwake: assuming RTC uses UTC ...
rtcwake: wakeup from "mem" using /dev/rtc1 at Thu Jan  1 00:00:59 1970
[   15.539233] PM: Syncing filesystems ... done.
[   15.584597] Freezing user space processes ... (elapsed 0.001 seconds) done.
[   15.593216] Double checking all user space processes after OOM killer disable... (elapsed 0.000 seconds) 
[   15.603056] Freezing remaining freezable tasks ... (elapsed 0.001 seconds) done.
[   15.612192] Suspending console(s) (use no_console_suspend to debug)
[   15.653622] PM: suspend of devices complete after 32.588 msecs
[   15.657131] PM: late suspend of devices complete after 3.479 msecs
[   15.677066] PM: noirq suspend of devices complete after 19.904 msecs
[   15.677076] Disabling non-boot CPUs ...
[   15.679035] CPU1: shutdown
[   15.709551] Entering suspend state LP1
[   15.709599] Enabling non-boot CPUs ...
[   15.740763] CPU1 is up
[   15.741929] pcieport 0000:00:01.0: nv_msi_ht_cap_quirk didn't locate host bridge
[   15.761659] PM: noirq resume of devices complete after 20.863 msecs
[   15.765007] PM: early resume of devices complete after 2.821 msecs
[   15.829952] PM: resume of devices complete after 64.913 msecs
[   15.893833] Restarting tasks ... done.
root@(none):/# 
root@(none):/# NVTB SYSTEM SUSPEND TEST COMPLETE
