Diff for ./qemu-vexpress64/__internal/defconfig_log.txt
--- /tmp/fooa	2015-10-11 11:39:02.794032685 -0700
+++ /tmp/foob	2015-10-11 11:39:02.794032685 -0700
@@ -1,6 +1,6 @@
 Booting Linux on physical CPU 0x0
 Initializing cgroup subsys cpu
-Linux version 4.3.0-rc4+ (pwalmsley@tamien) (gcc version 4.9.2 20140904 (prerelease) (crosstool-NG linaro-1.13.1-4.9-2014.09 - Linaro GCC 4.9-2014.09) ) #1 SMP PREEMPT Sun Oct 4 09:38:08 PDT 2015
+Linux version 4.3.0-rc5+ (pwalmsley@tamien) (gcc version 4.9.2 20140904 (prerelease) (crosstool-NG linaro-1.13.1-4.9-2014.09 - Linaro GCC 4.9-2014.09) ) #1 SMP PREEMPT Sun Oct 11 11:34:37 PDT 2015
 CPU: AArch64 Processor [411fd070] revision 0
 Detected PIPT I-cache on CPU0
 alternatives: enabling workaround for ARM erratum 832075
@@ -8,7 +8,6 @@
 efi: Getting EFI parameters from FDT:
 efi: UEFI not found.
 cma: Reserved 16 MiB at 0x000000007f000000
-Moving initrd from [4040000000-403fffffff] to [7eff8000-7eff7fff]
 psci: probing for conduit method from DT.
 psci: PSCIv0.2 detected in firmware.
 psci: Using standard PSCI v0.2 function IDs
@@ -20,7 +19,7 @@
 Dentry cache hash table entries: 131072 (order: 8, 1048576 bytes)
 Inode-cache hash table entries: 65536 (order: 7, 524288 bytes)
 software IO TLB [mem 0x79c00000-0x7dc00000] (64MB) mapped at [ffffffc039c00000-ffffffc03dbfffff]
-Memory: 939192K/1048576K available (5369K kernel code, 468K rwdata, 2248K rodata, 512K init, 202K bss, 93000K reserved, 16384K cma-reserved)
+Memory: 939192K/1048576K available (5361K kernel code, 473K rwdata, 2248K rodata, 512K init, 205K bss, 93000K reserved, 16384K cma-reserved)
 Virtual kernel memory layout:
     vmalloc : 0xffffff8000000000 - 0xffffffbdbfff0000   (   246 GB)
     vmemmap : 0xffffffbdc0000000 - 0xffffffbfc0000000   (     8 GB maximum)
@@ -29,9 +28,9 @@
     PCI I/O : 0xffffffbffae00000 - 0xffffffbffbe00000   (    16 MB)
     modules : 0xffffffbffc000000 - 0xffffffc000000000   (    64 MB)
     memory  : 0xffffffc000000000 - 0xffffffc040000000   (  1024 MB)
-      .init : 0xffffffc0007f3000 - 0xffffffc000873000   (   512 KB)
-      .text : 0xffffffc000080000 - 0xffffffc0007f2564   (  7626 KB)
-      .data : 0xffffffc000884000 - 0xffffffc0008f9000   (   468 KB)
+      .init : 0xffffffc0007f1000 - 0xffffffc000871000   (   512 KB)
+      .text : 0xffffffc000080000 - 0xffffffc0007f0564   (  7618 KB)
+      .data : 0xffffffc000882000 - 0xffffffc0008f8600   (   474 KB)
 SLUB: HWalign=64, Order=0-3, MinObjects=0, CPUs=1, Nodes=1
 Preemptible hierarchical RCU implementation.
 	Build-time adjustment of leaf fanout to 64.
@@ -86,7 +85,6 @@
 RPC: Registered udp transport module.
 RPC: Registered tcp transport module.
 RPC: Registered tcp NFSv4.1 backchannel transport module.
-Unpacking initramfs...
 kvm [1]: HYP mode not available
 futex hash table entries: 256 (order: 2, 16384 bytes)
 audit: initializing netlink subsys (disabled)
@@ -134,8 +132,8 @@
 EXT4-fs (vda2): mounted filesystem with ordered data mode. Opts: (null)
 VFS: Mounted root (ext4 filesystem) on device 254:2.
 devtmpfs: mounted
-Freeing unused kernel memory: 512K (ffffffc0007f3000 - ffffffc000873000)
-Freeing alternatives memory: 48K (ffffffc000873000 - ffffffc00087f000)
+Freeing unused kernel memory: 512K (ffffffc0007f1000 - ffffffc000871000)
+Freeing alternatives memory: 48K (ffffffc000871000 - ffffffc00087d000)
 bash: cannot set terminal process group (-1): Inappropriate ioctl for device
 bash: no job control in this shell
 bash-4.3# 
\ No newline at end of file
Diff for ./tegra114-dalmore-a04/tegra114-dalmore/multi_v7_defconfig_log.txt
--- /tmp/fooa	2015-10-11 11:39:02.802032679 -0700
+++ /tmp/foob	2015-10-11 11:39:02.806032676 -0700
@@ -38,20 +38,20 @@
 	 #################################################################
 	 #################################################################
 	 ################################################
-	 3.2 MiB/s
+	 3.3 MiB/s
 done
-Bytes transferred = 6426488 (620f78 hex)
+Bytes transferred = 6423216 (6202b0 hex)
 Tegra114 (Dalmore) # tftpboot 0x82000000 tegra114-dalmore.dtb
 Using asx0 device
 TFTP from server 192.168.100.1; our IP address is 192.168.100.100
 Filename 'tegra114-dalmore.dtb'.
 Load address: 0x82000000
 Loading: *###
-	 2.8 MiB/s
+	 2.4 MiB/s
 done
 Bytes transferred = 34966 (8896 hex)
 Tegra114 (Dalmore) # bootz 0x81000000 - 0x82000000
-Kernel image @ 0x81000000 [ 0x000000 - 0x620f78 ]
+Kernel image @ 0x81000000 [ 0x000000 - 0x6202b0 ]
 ## Flattened Device Tree blob at 82000000
    Booting using the fdt blob at 0x82000000
    Loading Device Tree to 8fff4000, end 8ffff895 ... OK
@@ -59,7 +59,7 @@
 Starting kernel ...
 
 Booting Linux on physical CPU 0x0
-Linux version 4.3.0-rc4-40995-g049e6dd (pwalmsley@sellafield) (gcc version 4.7.3 20130328 (prerelease) (crosstool-NG linaro-1.13.1-4.7-2013.04-20130415 - Linaro GCC 2013.04) ) #1 SMP Sun Oct 4 09:36:42 PDT 2015
+Linux version 4.3.0-rc5-41188-g25cb62b (pwalmsley@sellafield) (gcc version 4.7.3 20130328 (prerelease) (crosstool-NG linaro-1.13.1-4.7-2013.04-20130415 - Linaro GCC 2013.04) ) #1 SMP Sun Oct 11 11:33:07 PDT 2015
 CPU: ARMv7 Processor [412fc0f2] revision 2 (ARMv7), cr=10c5387d
 CPU: PIPT / VIPT nonaliasing data cache, PIPT instruction cache
 Machine model: NVIDIA Tegra114 Dalmore evaluation board
@@ -67,7 +67,7 @@
 cma: Reserved 64 MiB at 0xfb800000
 Memory policy: Data cache writealloc
 On node 0 totalpages: 524032
-free_area_init_node: node 0, pgdat c0f79480, node_mem_map ee7f8000
+free_area_init_node: node 0, pgdat c0f76ec0, node_mem_map ee7f8000
   DMA zone: 1520 pages used for memmap
   DMA zone: 0 pages reserved
   DMA zone: 194560 pages, LIFO batch:31
@@ -80,7 +80,7 @@
 PID hash table entries: 4096 (order: 2, 16384 bytes)
 Dentry cache hash table entries: 131072 (order: 7, 524288 bytes)
 Inode-cache hash table entries: 65536 (order: 6, 262144 bytes)
-Memory: 1998884K/2096128K available (8103K kernel code, 1013K rwdata, 3624K rodata, 1028K init, 340K bss, 31708K reserved, 65536K cma-reserved, 1252352K highmem)
+Memory: 1998896K/2096128K available (8099K kernel code, 1011K rwdata, 3624K rodata, 1024K init, 340K bss, 31696K reserved, 65536K cma-reserved, 1252352K highmem)
 Virtual kernel memory layout:
     vector  : 0xffff0000 - 0xffff1000   (   4 kB)
     fixmap  : 0xffc00000 - 0xfff00000   (3072 kB)
@@ -88,10 +88,10 @@
     lowmem  : 0xc0000000 - 0xef800000   ( 760 MB)
     pkmap   : 0xbfe00000 - 0xc0000000   (   2 MB)
     modules : 0xbf000000 - 0xbfe00000   (  14 MB)
-      .text : 0xc0208000 - 0xc0d7ce18   (11732 kB)
-      .init : 0xc0d7d000 - 0xc0e7e000   (1028 kB)
-      .data : 0xc0e7e000 - 0xc0f7b460   (1014 kB)
-       .bss : 0xc0f7e000 - 0xc0fd32a8   ( 341 kB)
+      .text : 0xc0208000 - 0xc0d7bd40   (11728 kB)
+      .init : 0xc0d7c000 - 0xc0e7c000   (1024 kB)
+      .data : 0xc0e7c000 - 0xc0f78ea0   (1012 kB)
+       .bss : 0xc0f7b000 - 0xc0fd02a8   ( 341 kB)
 SLUB: HWalign=64, Order=0-3, MinObjects=0, CPUs=4, Nodes=1
 Hierarchical RCU implementation.
 	Build-time adjustment of leaf fanout to 32.
@@ -187,8 +187,7 @@
 console [ttyS0] enabled
 STMicroelectronics ASC driver initialized
 [drm] Initialized drm 1.1.0 20060810
-vddio-1v8: supplied by regulator-dummy
-avdd-dsi-csi: supplied by vddio-1v8
+tegra-dsi 54300000.dsi: cannot get VDD supply
 tegra-hdmi 54280000.hdmi: failed to get HDMI regulator
 loop: module loaded
 m25p80 spi32766.0: w25q32dw (4096 Kbytes)
@@ -254,26 +253,27 @@
 ThumbEE CPU extension supported.
 Registering SWP/SWPB emulation handler
 tps65090 2-0048: No cache defaults, reading back from HW
+vdd-lcd-bl: supplied by vdd_ac_bat
+vdd-ao: supplied by vdd_ac_bat
+vddio-1v8: supplied by vdd-ao
+avdd-dsi-csi: supplied by vddio-1v8
+vdd-sys-3v3: supplied by vdd_ac_bat
 mmc0: MAN_BKOPS_EN bit is not set
+avdd-lcd: supplied by vdd-sys-3v3
+vdd-sys-5v0: supplied by vdd_ac_bat
+VDD_5V0_HDMI_CON: supplied by vdd-sys-5v0
+vdd_hdmi_5v0: supplied by vdd-sys-5v0
+[drm] Supports vblank timestamp caching Rev 2 (21.10.2013).
+[drm] No driver support for vblank timestamp query.
 mmc0: new high speed MMC card at address 0001
 mmcblk0: mmc0:0001 SEM32G 29.1 GiB 
 mmcblk0boot0: mmc0:0001 SEM32G partition 1 4.00 MiB
 mmcblk0boot1: mmc0:0001 SEM32G partition 2 4.00 MiB
 mmcblk0rpmb: mmc0:0001 SEM32G partition 3 4.00 MiB
  mmcblk0: p1 p2 p3 p4 p5 p6 p7 p8
-vdd-lcd-bl: supplied by vdd_ac_bat
-vdd-sys-5v0: supplied by vdd_ac_bat
-VDD_5V0_HDMI_CON: supplied by vdd-sys-5v0
-vdd_hdmi_5v0: supplied by vdd-sys-5v0
-[drm] Supports vblank timestamp caching Rev 2 (21.10.2013).
-[drm] No driver support for vblank timestamp query.
-drm drm: No connectors reported connected with modes
-[drm] Cannot find any crtc or sizes - going 1024x768
-Console: switching to colour frame buffer device 128x48
+Console: switching to colour frame buffer device 240x75
 drm drm: fb0:  frame buffer device
 [drm] Initialized tegra 0.0.0 20120330 on minor 0
-vdd-sys-3v3: supplied by vdd_ac_bat
-avdd-lcd: supplied by vdd-sys-3v3
 usb2_vbus: supplied by vdd-sys-5v0
 tegra-ehci 7d008000.usb: EHCI Host Controller
 tegra-ehci 7d008000.usb: new USB bus registered, assigned bus number 1
@@ -289,7 +289,7 @@
 mmc1: Invalid maximum block size, assuming 512 bytes
 mmc1: SDHCI controller on 78000400.sdhci [78000400.sdhci] using ADMA
 input: gpio-keys as /devices/soc0/gpio-keys/input/input0
-palmas-rtc 7000d000.i2c:tps65913@58:rtc: setting system clock to 2000-04-16 01:32:38 UTC (955848758)
+palmas-rtc 7000d000.i2c:tps65913@58:rtc: setting system clock to 2000-04-23 03:29:26 UTC (956460566)
 dvdd_ts: disabling
 usb1_vbus: disabling
 vdd_cam_1v8_reg: disabling
@@ -298,8 +298,8 @@
 EXT4-fs (mmcblk0p1): mounted filesystem with ordered data mode. Opts: (null)
 VFS: Mounted root (ext3 filesystem) on device 179:1.
 devtmpfs: mounted
-Freeing unused kernel memory: 1028K (c0d7d000 - c0e7e000)
-usb 1-1: new high-speed USB device number 2 using tegra-ehci
-bash: cannot set terminal process group (-1): Inappropriate ioctl for device
+Freeing unused kernel memory: 1024K (c0d7c000 - c0e7c000)
+bash: cannot set terminal process group (-1): Inappropriate ioctl for de[    2.068874] usb 1-1: new high-speed USB device number 2 using tegra-ehci
+vice
 bash: no job control in this shell
 root@(none):/# 
\ No newline at end of file
Diff for ./tegra114-dalmore-a04/tegra114-dalmore/tegra_defconfig_log.txt
--- /tmp/fooa	2015-10-11 11:39:02.810032672 -0700
+++ /tmp/foob	2015-10-11 11:39:02.814032668 -0700
@@ -37,20 +37,20 @@
 	 #################################################################
 	 #################################################################
 	 ####################
-	 3.3 MiB/s
+	 3.2 MiB/s
 done
-Bytes transferred = 5054880 (4d21a0 hex)
+Bytes transferred = 5051944 (4d1628 hex)
 Tegra114 (Dalmore) # tftpboot 0x82000000 tegra114-dalmore.dtb
 Using asx0 device
 TFTP from server 192.168.100.1; our IP address is 192.168.100.100
 Filename 'tegra114-dalmore.dtb'.
 Load address: 0x82000000
 Loading: *###
-	 2.8 MiB/s
+	 3 MiB/s
 done
 Bytes transferred = 34966 (8896 hex)
 Tegra114 (Dalmore) # bootz 0x81000000 - 0x82000000
-Kernel image @ 0x81000000 [ 0x000000 - 0x4d21a0 ]
+Kernel image @ 0x81000000 [ 0x000000 - 0x4d1628 ]
 ## Flattened Device Tree blob at 82000000
    Booting using the fdt blob at 0x82000000
    Loading Device Tree to 8fff4000, end 8ffff895 ... OK
@@ -61,7 +61,7 @@
 Booting Linux on physical CPU 0x0
 Initializing cgroup subsys cpu
 Initializing cgroup subsys cpuacct
-Linux version 4.3.0-rc4-40995-g049e6dd (pwalmsley@kaivo) (gcc version 4.7.3 20130328 (prerelease) (crosstool-NG linaro-1.13.1-4.7-2013.04-20130415 - Linaro GCC 2013.04) ) #1 SMP PREEMPT Sun Oct 4 09:36:58 PDT 2015
+Linux version 4.3.0-rc5-41188-g25cb62b (pwalmsley@kaivo) (gcc version 4.7.3 20130328 (prerelease) (crosstool-NG linaro-1.13.1-4.7-2013.04-20130415 - Linaro GCC 2013.04) ) #1 SMP PREEMPT Sun Oct 11 11:33:21 PDT 2015
 CPU: ARMv7 Processor [412fc0f2] revision 2 (ARMv7), cr=10c5387d
 CPU: PIPT / VIPT nonaliasing data cache, PIPT instruction cache
 Machine model: NVIDIA Tegra114 Dalmore evaluation board
@@ -69,7 +69,7 @@
 cma: Reserved 64 MiB at 0xfbc00000
 Memory policy: Data cache writealloc
 On node 0 totalpages: 524032
-free_area_init_node: node 0, pgdat c09c38c0, node_mem_map ee7f7000
+free_area_init_node: node 0, pgdat c09c12c0, node_mem_map ee7f7000
   Normal zone: 1520 pages used for memmap
   Normal zone: 0 pages reserved
   Normal zone: 194560 pages, LIFO batch:31
@@ -82,7 +82,7 @@
 PID hash table entries: 4096 (order: 2, 16384 bytes)
 Dentry cache hash table entries: 131072 (order: 7, 524288 bytes)
 Inode-cache hash table entries: 65536 (order: 6, 262144 bytes)
-Memory: 2002656K/2096128K available (6916K kernel code, 341K rwdata, 2384K rodata, 328K init, 363K bss, 27936K reserved, 65536K cma-reserved, 1252352K highmem)
+Memory: 2002668K/2096128K available (6908K kernel code, 339K rwdata, 2384K rodata, 328K init, 363K bss, 27924K reserved, 65536K cma-reserved, 1252352K highmem)
 Virtual kernel memory layout:
     vector  : 0xffff0000 - 0xffff1000   (   4 kB)
     fixmap  : 0xffc00000 - 0xfff00000   (3072 kB)
@@ -90,10 +90,10 @@
     lowmem  : 0xc0000000 - 0xef800000   ( 760 MB)
     pkmap   : 0xbfe00000 - 0xc0000000   (   2 MB)
     modules : 0xbf000000 - 0xbfe00000   (  14 MB)
-      .text : 0xc0008000 - 0xc091d654   (9302 kB)
-      .init : 0xc091e000 - 0xc0970000   ( 328 kB)
-      .data : 0xc0970000 - 0xc09c5440   ( 342 kB)
-       .bss : 0xc09c8000 - 0xc0a22ce0   ( 364 kB)
+      .text : 0xc0008000 - 0xc091b558   (9294 kB)
+      .init : 0xc091c000 - 0xc096e000   ( 328 kB)
+      .data : 0xc096e000 - 0xc09c2e40   ( 340 kB)
+       .bss : 0xc09c5000 - 0xc0a1fce0   ( 364 kB)
 Preemptible hierarchical RCU implementation.
 	Build-time adjustment of leaf fanout to 32.
 NR_IRQS:16 nr_irqs:16 16
@@ -184,8 +184,7 @@
 70006300.serial: ttyS0 at MMIO 0x70006300 (irq = 73, base_baud = 25500000) is a Tegra
 console [ttyS0] enabled
 [drm] Initialized drm 1.1.0 20060810
-vddio-1v8: supplied by regulator-dummy
-avdd-dsi-csi: supplied by vddio-1v8
+tegra-dsi 54300000.dsi: cannot get VDD supply
 tegra-hdmi 54280000.hdmi: failed to get HDMI regulator
 loop: module loaded
 m25p80 spi32766.0: w25q32dw (4096 Kbytes)
@@ -256,18 +255,19 @@
 Registering SWP/SWPB emulation handler
 tps65090 2-0048: No cache defaults, reading back from HW
 vdd-lcd-bl: supplied by vdd_ac_bat
+vdd-ao: supplied by vdd_ac_bat
+vddio-1v8: supplied by vdd-ao
+avdd-dsi-csi: supplied by vddio-1v8
+vdd-sys-3v3: supplied by vdd_ac_bat
+avdd-lcd: supplied by vdd-sys-3v3
 vdd-sys-5v0: supplied by vdd_ac_bat
 VDD_5V0_HDMI_CON: supplied by vdd-sys-5v0
 vdd_hdmi_5v0: supplied by vdd-sys-5v0
 [drm] Supports vblank timestamp caching Rev 2 (21.10.2013).
 [drm] No driver support for vblank timestamp query.
-drm drm: No connectors reported connected with modes
-[drm] Cannot find any crtc or sizes - going 1024x768
-Console: switching to colour frame buffer device 128x48
+Console: switching to colour frame buffer device 240x75
 drm drm: fb0:  frame buffer device
 [drm] Initialized tegra 0.0.0 20120330 on minor 0
-vdd-sys-3v3: supplied by vdd_ac_bat
-avdd-lcd: supplied by vdd-sys-3v3
 usb2_vbus: supplied by vdd-sys-5v0
 tegra-ehci 7d008000.usb: EHCI Host Controller
 tegra-ehci 7d008000.usb: new USB bus registered, assigned bus number 1
@@ -286,7 +286,7 @@
 tegra-snd-rt5640 sound: rt5640-aif1 <-> 70080400.i2s mapping ok
 input: NVIDIA Tegra Dalmore Headphones as /devices/soc0/sound/sound/card0/input0
 input: gpio-keys as /devices/soc0/gpio-keys/input/input1
-palmas-rtc 7000d000.i2c:tps65913@58:rtc: setting system clock to 2000-04-16 01:33:09 UTC (955848789)
+palmas-rtc 7000d000.i2c:tps65913@58:rtc: setting system clock to 2000-04-23 03:29:54 UTC (956460594)
 dvdd_ts: disabling
 usb1_vbus: disabling
 vdd_cam_1v8_reg: disabling
@@ -299,7 +299,7 @@
 EXT4-fs (mmcblk0p1): mounted filesystem with ordered data mode. Opts: (null)
 VFS: Mounted root (ext3 filesystem) on device 179:1.
 devtmpfs: mounted
-Freeing unused kernel memory: 328K (c091e000 - c0970000)
+Freeing unused kernel memory: 328K (c091c000 - c096e000)
 bash: cannot set terminal process group (-1): Inappropriate ioctl for device
 bash: no job control in this shell
 root@(none):/# 
\ No newline at end of file
Diff for ./tegra124-jetson-tk1/tegra124-jetson-tk1/multi_v7_defconfig_log.txt
--- /tmp/fooa	2015-10-11 11:39:02.818032666 -0700
+++ /tmp/foob	2015-10-11 11:39:02.818032666 -0700
@@ -40,20 +40,20 @@
 	 #################################################################
 	 #################################################################
 	 ################################################
-	 3.2 MiB/s
+	 3.3 MiB/s
 done
-Bytes transferred = 6426488 (620f78 hex)
+Bytes transferred = 6423216 (6202b0 hex)
 Tegra124 (Jetson TK1) # tftpboot 0x82000000 tegra124-jetson-tk1.dtb
 Using asx0 device
 TFTP from server 192.168.100.1; our IP address is 192.168.100.102
 Filename 'tegra124-jetson-tk1.dtb'.
 Load address: 0x82000000
 Loading: *#####
-	 2.9 MiB/s
+	 3.2 MiB/s
 done
 Bytes transferred = 64210 (fad2 hex)
 Tegra124 (Jetson TK1) # bootz 0x81000000 - 0x82000000
-Kernel image @ 0x81000000 [ 0x000000 - 0x620f78 ]
+Kernel image @ 0x81000000 [ 0x000000 - 0x6202b0 ]
 ## Flattened Device Tree blob at 82000000
    Booting using the fdt blob at 0x82000000
    Using Device Tree in place at 82000000, end 82012ad1
@@ -61,7 +61,7 @@
 Starting kernel ...
 
 Booting Linux on physical CPU 0x0
-Linux version 4.3.0-rc4-40995-g049e6dd (pwalmsley@sellafield) (gcc version 4.7.3 20130328 (prerelease) (crosstool-NG linaro-1.13.1-4.7-2013.04-20130415 - Linaro GCC 2013.04) ) #1 SMP Sun Oct 4 09:36:42 PDT 2015
+Linux version 4.3.0-rc5-41188-g25cb62b (pwalmsley@sellafield) (gcc version 4.7.3 20130328 (prerelease) (crosstool-NG linaro-1.13.1-4.7-2013.04-20130415 - Linaro GCC 2013.04) ) #1 SMP Sun Oct 11 11:33:07 PDT 2015
 CPU: ARMv7 Processor [413fc0f3] revision 3 (ARMv7), cr=10c5387d
 CPU: PIPT / VIPT nonaliasing data cache, PIPT instruction cache
 Machine model: NVIDIA Tegra124 Jetson TK1
@@ -69,7 +69,7 @@
 cma: Reserved 64 MiB at 0xfb800000
 Memory policy: Data cache writealloc
 On node 0 totalpages: 524032
-free_area_init_node: node 0, pgdat c0f79480, node_mem_map ee7f8000
+free_area_init_node: node 0, pgdat c0f76ec0, node_mem_map ee7f8000
   DMA zone: 1520 pages used for memmap
   DMA zone: 0 pages reserved
   DMA zone: 194560 pages, LIFO batch:31
@@ -82,7 +82,7 @@
 PID hash table entries: 4096 (order: 2, 16384 bytes)
 Dentry cache hash table entries: 131072 (order: 7, 524288 bytes)
 Inode-cache hash table entries: 65536 (order: 6, 262144 bytes)
-Memory: 1998776K/2096128K available (8103K kernel code, 1013K rwdata, 3624K rodata, 1028K init, 340K bss, 31816K reserved, 65536K cma-reserved, 1252352K highmem)
+Memory: 1998788K/2096128K available (8099K kernel code, 1011K rwdata, 3624K rodata, 1024K init, 340K bss, 31804K reserved, 65536K cma-reserved, 1252352K highmem)
 Virtual kernel memory layout:
     vector  : 0xffff0000 - 0xffff1000   (   4 kB)
     fixmap  : 0xffc00000 - 0xfff00000   (3072 kB)
@@ -90,10 +90,10 @@
     lowmem  : 0xc0000000 - 0xef800000   ( 760 MB)
     pkmap   : 0xbfe00000 - 0xc0000000   (   2 MB)
     modules : 0xbf000000 - 0xbfe00000   (  14 MB)
-      .text : 0xc0208000 - 0xc0d7ce18   (11732 kB)
-      .init : 0xc0d7d000 - 0xc0e7e000   (1028 kB)
-      .data : 0xc0e7e000 - 0xc0f7b460   (1014 kB)
-       .bss : 0xc0f7e000 - 0xc0fd32a8   ( 341 kB)
+      .text : 0xc0208000 - 0xc0d7bd40   (11728 kB)
+      .init : 0xc0d7c000 - 0xc0e7c000   (1024 kB)
+      .data : 0xc0e7c000 - 0xc0f78ea0   (1012 kB)
+       .bss : 0xc0f7b000 - 0xc0fd02a8   ( 341 kB)
 SLUB: HWalign=64, Order=0-3, MinObjects=0, CPUs=4, Nodes=1
 Hierarchical RCU implementation.
 	Build-time adjustment of leaf fanout to 32.
@@ -350,7 +350,7 @@
 EXT4-fs (mmcblk0p1): mounted filesystem with ordered data mode. Opts: (null)
 VFS: Mounted root (ext4 filesystem) on device 179:1.
 devtmpfs: mounted
-Freeing unused kernel memory: 1028K (c0d7d000 - c0e7e000)
+Freeing unused kernel memory: 1024K (c0d7c000 - c0e7c000)
 bash: cannot set terminal process group (-1): Inappropriate ioctl for device
 bash: no job control in this shell
 root@(none):/# 
\ No newline at end of file
Diff for ./tegra124-jetson-tk1/tegra124-jetson-tk1/tegra_defconfig_log.txt
--- /tmp/fooa	2015-10-11 11:39:02.826032659 -0700
+++ /tmp/foob	2015-10-11 11:39:02.826032659 -0700
@@ -39,20 +39,20 @@
 	 #################################################################
 	 #################################################################
 	 ####################
-	 3.1 MiB/s
+	 3.2 MiB/s
 done
-Bytes transferred = 5054880 (4d21a0 hex)
+Bytes transferred = 5051944 (4d1628 hex)
 Tegra124 (Jetson TK1) # tftpboot 0x82000000 tegra124-jetson-tk1.dtb
 Using asx0 device
 TFTP from server 192.168.100.1; our IP address is 192.168.100.102
 Filename 'tegra124-jetson-tk1.dtb'.
 Load address: 0x82000000
 Loading: *#####
-	 2.9 MiB/s
+	 3.1 MiB/s
 done
 Bytes transferred = 64210 (fad2 hex)
 Tegra124 (Jetson TK1) # bootz 0x81000000 - 0x82000000
-Kernel image @ 0x81000000 [ 0x000000 - 0x4d21a0 ]
+Kernel image @ 0x81000000 [ 0x000000 - 0x4d1628 ]
 ## Flattened Device Tree blob at 82000000
    Booting using the fdt blob at 0x82000000
    Using Device Tree in place at 82000000, end 82012ad1
@@ -63,7 +63,7 @@
 Booting Linux on physical CPU 0x0
 Initializing cgroup subsys cpu
 Initializing cgroup subsys cpuacct
-Linux version 4.3.0-rc4-40995-g049e6dd (pwalmsley@kaivo) (gcc version 4.7.3 20130328 (prerelease) (crosstool-NG linaro-1.13.1-4.7-2013.04-20130415 - Linaro GCC 2013.04) ) #1 SMP PREEMPT Sun Oct 4 09:36:58 PDT 2015
+Linux version 4.3.0-rc5-41188-g25cb62b (pwalmsley@kaivo) (gcc version 4.7.3 20130328 (prerelease) (crosstool-NG linaro-1.13.1-4.7-2013.04-20130415 - Linaro GCC 2013.04) ) #1 SMP PREEMPT Sun Oct 11 11:33:21 PDT 2015
 CPU: ARMv7 Processor [413fc0f3] revision 3 (ARMv7), cr=10c5387d
 CPU: PIPT / VIPT nonaliasing data cache, PIPT instruction cache
 Machine model: NVIDIA Tegra124 Jetson TK1
@@ -71,7 +71,7 @@
 cma: Reserved 64 MiB at 0xfbc00000
 Memory policy: Data cache writealloc
 On node 0 totalpages: 524032
-free_area_init_node: node 0, pgdat c09c38c0, node_mem_map ee7f7000
+free_area_init_node: node 0, pgdat c09c12c0, node_mem_map ee7f7000
   Normal zone: 1520 pages used for memmap
   Normal zone: 0 pages reserved
   Normal zone: 194560 pages, LIFO batch:31
@@ -84,7 +84,7 @@
 PID hash table entries: 4096 (order: 2, 16384 bytes)
 Dentry cache hash table entries: 131072 (order: 7, 524288 bytes)
 Inode-cache hash table entries: 65536 (order: 6, 262144 bytes)
-Memory: 2002548K/2096128K available (6916K kernel code, 341K rwdata, 2384K rodata, 328K init, 363K bss, 28044K reserved, 65536K cma-reserved, 1252352K highmem)
+Memory: 2002560K/2096128K available (6908K kernel code, 339K rwdata, 2384K rodata, 328K init, 363K bss, 28032K reserved, 65536K cma-reserved, 1252352K highmem)
 Virtual kernel memory layout:
     vector  : 0xffff0000 - 0xffff1000   (   4 kB)
     fixmap  : 0xffc00000 - 0xfff00000   (3072 kB)
@@ -92,10 +92,10 @@
     lowmem  : 0xc0000000 - 0xef800000   ( 760 MB)
     pkmap   : 0xbfe00000 - 0xc0000000   (   2 MB)
     modules : 0xbf000000 - 0xbfe00000   (  14 MB)
-      .text : 0xc0008000 - 0xc091d654   (9302 kB)
-      .init : 0xc091e000 - 0xc0970000   ( 328 kB)
-      .data : 0xc0970000 - 0xc09c5440   ( 342 kB)
-       .bss : 0xc09c8000 - 0xc0a22ce0   ( 364 kB)
+      .text : 0xc0008000 - 0xc091b558   (9294 kB)
+      .init : 0xc091c000 - 0xc096e000   ( 328 kB)
+      .data : 0xc096e000 - 0xc09c2e40   ( 340 kB)
+       .bss : 0xc09c5000 - 0xc0a1fce0   ( 364 kB)
 Preemptible hierarchical RCU implementation.
 	Build-time adjustment of leaf fanout to 32.
 NR_IRQS:16 nr_irqs:16 16
@@ -245,11 +245,8 @@
 NET: Registered protocol family 10
 mmc0: MAN_BKOPS_EN bit is not set
 mip6: Mobile IPv6
-mmc0: new high speed MMC card at address 0001
-mmcblk0: mmc0:0001 SEM16G 14.6 GiB 
 sit: IPv6 over IPv4 tunneling driver
-mmcblk0boot0: mmc0:0001 SEM16G partition 1 4.00 MiB
-mmcblk0boot1: mmc0:0001 SEM16G partition 2 4.00 MiB
+mmc0: new high speed MMC card at address 0001
 NET: Registered protocol family 17
 NET: Registered protocol family 15
 can: controller area network core (rev 20120528 abi 9)
@@ -266,14 +263,17 @@
 Registering SWP/SWPB emulation handler
 tegra-pcie 1003000.pcie-controller: 2x1, 1x1 configuration
 +3.3V_SYS: supplied by +VDD_MUX
-mmcblk0rpmb: mmc0:0001 SEM16G partition 3 4.00 MiB
-Primary GPT is invalid, using alternate GPT.
- mmcblk0: p1 p2 p3 p4 p5 p6 p7 p8 p9
 +3.3V_LP0: supplied by +3.3V_SYS
 +1.35V_LP0(sd2): supplied by +5V_SYS
 +1.05V_RUN_AVDD: supplied by +1.35V_LP0(sd2)
 tegra-pcie 1003000.pcie-controller: probing port 0, using 2 lanes
 tegra-pcie 1003000.pcie-controller: Slot present pin change, signature: 00000008
+mmcblk0: mmc0:0001 SEM16G 14.6 GiB 
+mmcblk0boot0: mmc0:0001 SEM16G partition 1 4.00 MiB
+mmcblk0boot1: mmc0:0001 SEM16G partition 2 4.00 MiB
+mmcblk0rpmb: mmc0:0001 SEM16G partition 3 4.00 MiB
+Primary GPT is invalid, using alternate GPT.
+ mmcblk0: p1 p2 p3 p4 p5 p6 p7 p8 p9
 input: tegra-hda HDMI/DP,pcm=3 as /devices/soc0/70030000.hda/sound/card0/input0
 tegra-pcie 1003000.pcie-controller: link 0 down, retrying
 tegra-pcie 1003000.pcie-controller: link 0 down, retrying
@@ -332,7 +332,7 @@
 tegra-snd-rt5640 sound: rt5640-aif1 <-> 70301100.i2s mapping ok
 input: NVIDIA Tegra Jetson TK1 Headphones as /devices/soc0/sound/sound/card1/input1
 input: gpio-keys as /devices/soc0/gpio-keys/input/input2
-as3722-rtc as3722-rtc: setting system clock to 2000-01-01 00:00:53 UTC (946684853)
+as3722-rtc as3722-rtc: setting system clock to 2000-01-01 00:00:18 UTC (946684818)
 +1.8V_RUN_CAM: disabling
 +2.8V_RUN_CAM: disabling
 +1.2V_RUN_CAM_FRONT: disabling
@@ -351,7 +351,7 @@
 EXT4-fs (mmcblk0p1): mounted filesystem with ordered data mode. Opts: (null)
 VFS: Mounted root (ext4 filesystem) on device 179:1.
 devtmpfs: mounted
-Freeing unused kernel memory: 328K (c091e000 - c0970000)
+Freeing unused kernel memory: 328K (c091c000 - c096e000)
 bash: cannot set terminal process group (-1): Inappropriate ioctl for device
 bash: no job control in this shell
 root@(none):/# 
\ No newline at end of file
Diff for ./tegra20-trimslice/tegra20-trimslice/multi_v7_defconfig_log.txt
--- /tmp/fooa	2015-10-11 11:39:02.834032652 -0700
+++ /tmp/foob	2015-10-11 11:39:02.834032652 -0700
@@ -48,7 +48,7 @@
 	 ################################################
 	 4 MiB/s
 done
-Bytes transferred = 6426488 (620f78 hex)
+Bytes transferred = 6423216 (6202b0 hex)
 Tegra20 (TrimSlice) # tftpboot 0x02408000 tegra20-trimslice.dtb
 Using RTL8169#0 device
 TFTP from server 192.168.100.1; our IP address is 192.168.100.103
@@ -59,7 +59,7 @@
 done
 Bytes transferred = 21202 (52d2 hex)
 Tegra20 (TrimSlice) # bootz 0x00408000 - 0x02408000
-Kernel image @ 0x408000 [ 0x000000 - 0x620f78 ]
+Kernel image @ 0x408000 [ 0x000000 - 0x6202b0 ]
 ## Flattened Device Tree blob at 02408000
    Booting using the fdt blob at 0x2408000
    Using Device Tree in place at 02408000, end 024102d1
@@ -67,7 +67,7 @@
 Starting kernel ...
 
 Booting Linux on physical CPU 0x0
-Linux version 4.3.0-rc4-40995-g049e6dd (pwalmsley@sellafield) (gcc version 4.7.3 20130328 (prerelease) (crosstool-NG linaro-1.13.1-4.7-2013.04-20130415 - Linaro GCC 2013.04) ) #1 SMP Sun Oct 4 09:36:42 PDT 2015
+Linux version 4.3.0-rc5-41188-g25cb62b (pwalmsley@sellafield) (gcc version 4.7.3 20130328 (prerelease) (crosstool-NG linaro-1.13.1-4.7-2013.04-20130415 - Linaro GCC 2013.04) ) #1 SMP Sun Oct 11 11:33:07 PDT 2015
 CPU: ARMv7 Processor [411fc090] revision 0 (ARMv7), cr=10c5387d
 CPU: PIPT / VIPT nonaliasing data cache, VIPT aliasing instruction cache
 Machine model: Compulab TrimSlice board
@@ -75,7 +75,7 @@
 cma: Reserved 64 MiB at 0x3c000000
 Memory policy: Data cache writealloc
 On node 0 totalpages: 262144
-free_area_init_node: node 0, pgdat c0f79480, node_mem_map eeff8000
+free_area_init_node: node 0, pgdat c0f76ec0, node_mem_map eeff8000
   DMA zone: 1520 pages used for memmap
   DMA zone: 0 pages reserved
   DMA zone: 194560 pages, LIFO batch:31
@@ -88,7 +88,7 @@
 PID hash table entries: 4096 (order: 2, 16384 bytes)
 Dentry cache hash table entries: 131072 (order: 7, 524288 bytes)
 Inode-cache hash table entries: 65536 (order: 6, 262144 bytes)
-Memory: 959692K/1048576K available (8103K kernel code, 1013K rwdata, 3624K rodata, 1028K init, 340K bss, 23348K reserved, 65536K cma-reserved, 204800K highmem)
+Memory: 959704K/1048576K available (8099K kernel code, 1011K rwdata, 3624K rodata, 1024K init, 340K bss, 23336K reserved, 65536K cma-reserved, 204800K highmem)
 Virtual kernel memory layout:
     vector  : 0xffff0000 - 0xffff1000   (   4 kB)
     fixmap  : 0xffc00000 - 0xfff00000   (3072 kB)
@@ -96,10 +96,10 @@
     lowmem  : 0xc0000000 - 0xef800000   ( 760 MB)
     pkmap   : 0xbfe00000 - 0xc0000000   (   2 MB)
     modules : 0xbf000000 - 0xbfe00000   (  14 MB)
-      .text : 0xc0208000 - 0xc0d7ce18   (11732 kB)
-      .init : 0xc0d7d000 - 0xc0e7e000   (1028 kB)
-      .data : 0xc0e7e000 - 0xc0f7b460   (1014 kB)
-       .bss : 0xc0f7e000 - 0xc0fd32a8   ( 341 kB)
+      .text : 0xc0208000 - 0xc0d7bd40   (11728 kB)
+      .init : 0xc0d7c000 - 0xc0e7c000   (1024 kB)
+      .data : 0xc0e7c000 - 0xc0f78ea0   (1012 kB)
+       .bss : 0xc0f7b000 - 0xc0fd02a8   ( 341 kB)
 SLUB: HWalign=64, Order=0-3, MinObjects=0, CPUs=2, Nodes=1
 Hierarchical RCU implementation.
 	Build-time adjustment of leaf fanout to 32.
@@ -330,19 +330,19 @@
 mmc1: Invalid maximum block size, assuming 512 bytes
 mmc1: SDHCI controller on c8000600.sdhci [c8000600.sdhci] using ADMA
 input: gpio-keys as /devices/soc0/gpio-keys/input/input0
-rtc-em3027 2-0056: setting system clock to 2014-12-26 22:53:17 UTC (1419634397)
+rtc-em3027 2-0056: setting system clock to 2014-12-26 22:58:08 UTC (1419634688)
 EXT4-fs (mmcblk0p1): mounting ext3 file system using the ext4 subsystem
 hub 1-1:1.0: USB hub found
 hub 1-1:1.0: 4 ports detected
-mmc1: new high speed SD card at address b368
-mmcblk1: mmc1:b368 NCard 1.83 GiB (ro)
 EXT4-fs (mmcblk0p1): recovery complete
 EXT4-fs (mmcblk0p1): mounted filesystem with ordered data mode. Opts: (null)
 VFS: Mounted root (ext3 filesystem) on device 179:1.
- mmcblk1: p1 p2
+mmc1: new high speed SD card at address b368
 devtmpfs: mounted
-Freeing unused kernel memory: 1028K (c0d7d000 - c0e7e000)
+mmcblk1: mmc1:b368 NCard 1.83 GiB (ro)
+Freeing unused kernel memory: 1024K (c0d7c000 - c0e7c000)
+ mmcblk1: p1 p2
 usb 1-1.2: new high-speed USB device number 3 using tegra-ehci
 bash: cannot set terminal process group (-1): Inappropriate ioctl for device
 bash: no job control in this shell
-root@(none):/# [    3.275182] asix 1-1.2:1.0 eth1: register 'asix' at usb-c5008000.usb-1.2, ASIX AX88772 USB 2.0 Ethernet, 00:60:6e:60:6c:68
+root@(none):/# [    3.290322] asix 1-1.2:1.0 eth1: register 'asix' at usb-c5008
\ No newline at end of file
Diff for ./tegra20-trimslice/tegra20-trimslice/tegra_defconfig_log.txt
--- /tmp/fooa	2015-10-11 11:39:02.838032649 -0700
+++ /tmp/foob	2015-10-11 11:39:02.842032646 -0700
@@ -47,18 +47,18 @@
 	 ####################
 	 4.1 MiB/s
 done
-Bytes transferred = 5054880 (4d21a0 hex)
+Bytes transferred = 5051944 (4d1628 hex)
 Tegra20 (TrimSlice) # tftpboot 0x02408000 tegra20-trimslice.dtb
 Using RTL8169#0 device
 TFTP from server 192.168.100.1; our IP address is 192.168.100.103
 Filename 'tegra20-trimslice.dtb'.
 Load address: 0x2408000
 Loading: *##
-	 4 MiB/s
+	 3.4 MiB/s
 done
 Bytes transferred = 21202 (52d2 hex)
 Tegra20 (TrimSlice) # bootz 0x00408000 - 0x02408000
-Kernel image @ 0x408000 [ 0x000000 - 0x4d21a0 ]
+Kernel image @ 0x408000 [ 0x000000 - 0x4d1628 ]
 ## Flattened Device Tree blob at 02408000
    Booting using the fdt blob at 0x2408000
    Using Device Tree in place at 02408000, end 024102d1
@@ -69,7 +69,7 @@
 Booting Linux on physical CPU 0x0
 Initializing cgroup subsys cpu
 Initializing cgroup subsys cpuacct
-Linux version 4.3.0-rc4-40995-g049e6dd (pwalmsley@kaivo) (gcc version 4.7.3 20130328 (prerelease) (crosstool-NG linaro-1.13.1-4.7-2013.04-20130415 - Linaro GCC 2013.04) ) #1 SMP PREEMPT Sun Oct 4 09:36:58 PDT 2015
+Linux version 4.3.0-rc5-41188-g25cb62b (pwalmsley@kaivo) (gcc version 4.7.3 20130328 (prerelease) (crosstool-NG linaro-1.13.1-4.7-2013.04-20130415 - Linaro GCC 2013.04) ) #1 SMP PREEMPT Sun Oct 11 11:33:21 PDT 2015
 CPU: ARMv7 Processor [411fc090] revision 0 (ARMv7), cr=10c5387d
 CPU: PIPT / VIPT nonaliasing data cache, VIPT aliasing instruction cache
 Machine model: Compulab TrimSlice board
@@ -78,7 +78,7 @@
 cma: Reserved 64 MiB at 0x3c000000
 Memory policy: Data cache writealloc
 On node 0 totalpages: 262144
-free_area_init_node: node 0, pgdat c09c38c0, node_mem_map eeff7000
+free_area_init_node: node 0, pgdat c09c12c0, node_mem_map eeff7000
   Normal zone: 1520 pages used for memmap
   Normal zone: 0 pages reserved
   Normal zone: 194560 pages, LIFO batch:31
@@ -91,7 +91,7 @@
 PID hash table entries: 4096 (order: 2, 16384 bytes)
 Dentry cache hash table entries: 131072 (order: 7, 524288 bytes)
 Inode-cache hash table entries: 65536 (order: 6, 262144 bytes)
-Memory: 963464K/1048576K available (6916K kernel code, 341K rwdata, 2384K rodata, 328K init, 363K bss, 19576K reserved, 65536K cma-reserved, 204800K highmem)
+Memory: 963476K/1048576K available (6908K kernel code, 339K rwdata, 2384K rodata, 328K init, 363K bss, 19564K reserved, 65536K cma-reserved, 204800K highmem)
 Virtual kernel memory layout:
     vector  : 0xffff0000 - 0xffff1000   (   4 kB)
     fixmap  : 0xffc00000 - 0xfff00000   (3072 kB)
@@ -99,10 +99,10 @@
     lowmem  : 0xc0000000 - 0xef800000   ( 760 MB)
     pkmap   : 0xbfe00000 - 0xc0000000   (   2 MB)
     modules : 0xbf000000 - 0xbfe00000   (  14 MB)
-      .text : 0xc0008000 - 0xc091d654   (9302 kB)
-      .init : 0xc091e000 - 0xc0970000   ( 328 kB)
-      .data : 0xc0970000 - 0xc09c5440   ( 342 kB)
-       .bss : 0xc09c8000 - 0xc0a22ce0   ( 364 kB)
+      .text : 0xc0008000 - 0xc091b558   (9294 kB)
+      .init : 0xc091c000 - 0xc096e000   ( 328 kB)
+      .data : 0xc096e000 - 0xc09c2e40   ( 340 kB)
+       .bss : 0xc09c5000 - 0xc0a1fce0   ( 364 kB)
 Preemptible hierarchical RCU implementation.
 	Build-time adjustment of leaf fanout to 32.
 	RCU restricting CPUs from NR_CPUS=4 to nr_cpu_ids=2.
@@ -308,24 +308,24 @@
 NET: Registered protocol family 29
 can: raw protocol (rev 20120528)
 can: broadcast manager protocol (rev 20120528 t)
-usb 1-1: new high-speed USB device number 2 using tegra-ehci
 can: netlink gateway (rev 20130117) max_hops=1
 Bluetooth: RFCOMM socket layer initialized
+mmc0: host does not support reading read-only switch, assuming write-enable
+mmc0: new high speed SDHC card at address b368
+usb 1-1: new high-speed USB device number 2 using tegra-ehci
+mmcblk0: mmc0:b368 NCard 3.70 GiB 
+ mmcblk0: p1
 Bluetooth: RFCOMM ver 1.11
 Bluetooth: BNEP (Ethernet Emulation) ver 1.3
 Bluetooth: BNEP socket layer initialized
 Bluetooth: HIDP (Human Interface Emulation) ver 1.2
 Bluetooth: HIDP socket layer initialized
-mmc0: host does not support reading read-only switch, assuming write-enable
 Registering SWP/SWPB emulation handler
-mmc0: new high speed SDHC card at address b368
-mmcblk0: mmc0:b368 NCard 3.70 GiB 
 tegra-phy c5004000.usb-phy: no vbus regulator
 utmi_phy_clk_enable: timeout waiting for phy to stabilize
 tegra-ehci c5000000.usb: EHCI Host Controller
 tegra-ehci c5000000.usb: new USB bus registered, assigned bus number 2
 tegra-ehci c5000000.usb: irq 64, io mem 0xc5000000
- mmcblk0: p1
 tegra-ehci c5000000.usb: USB 2.0 started, EHCI 1.00
 hub 2-0:1.0: USB hub found
 hub 2-0:1.0: 1 port detected
@@ -341,7 +341,7 @@
 mmc1: Invalid maximum block size, assuming 512 bytes
 mmc1: SDHCI controller on c8000600.sdhci [c8000600.sdhci] using ADMA
 input: gpio-keys as /devices/soc0/gpio-keys/input/input0
-rtc-em3027 2-0056: setting system clock to 2014-12-26 22:53:36 UTC (1419634416)
+rtc-em3027 2-0056: setting system clock to 2014-12-26 22:58:28 UTC (1419634708)
 ALSA device list:
   #0: tegra-trimslice
 EXT2-fs (mmcblk0p1): error: couldn't mount because of unsupported optional features (4)
@@ -351,10 +351,10 @@
  mmcblk1: p1 p2
 EXT4-fs (mmcblk0p1): recovery complete
 EXT4-fs (mmcblk0p1): mounted filesystem with ordered data mode. Opts: (null)
-usb 1-1.2: new high-speed USB device number 3 using tegra-ehci
 VFS: Mounted root (ext3 filesystem) on device 179:1.
+usb 1-1.2: new high-speed USB device number 3 using tegra-ehci
 devtmpfs: mounted
-Freeing unused kernel memory: 328K (c091e000 - c0970000)
+Freeing unused kernel memory: 328K (c091c000 - c096e000)
 bash: cannot set terminal process group (-1): Inappropriate ioctl for device
 bash: no job control in this shell
 root@(none):/# 
\ No newline at end of file
Diff for ./tegra30-beaver/tegra30-beaver/multi_v7_defconfig_log.txt
--- /tmp/fooa	2015-10-11 11:39:02.846032642 -0700
+++ /tmp/foob	2015-10-11 11:39:02.850032639 -0700
@@ -40,18 +40,18 @@
 	 ################################################
 	 3.3 MiB/s
 done
-Bytes transferred = 6426488 (620f78 hex)
+Bytes transferred = 6423216 (6202b0 hex)
 Tegra30 (Beaver) # tftpboot 0x82000000 tegra30-beaver.dtb
 Using asx0 device
 TFTP from server 192.168.100.1; our IP address is 192.168.100.101
 Filename 'tegra30-beaver.dtb'.
 Load address: 0x82000000
 Loading: *####
-	 3.1 MiB/s
+	 3.5 MiB/s
 done
 Bytes transferred = 51539 (c953 hex)
 Tegra30 (Beaver) # bootz 0x81000000 - 0x82000000
-Kernel image @ 0x81000000 [ 0x000000 - 0x620f78 ]
+Kernel image @ 0x81000000 [ 0x000000 - 0x6202b0 ]
 ## Flattened Device Tree blob at 82000000
    Booting using the fdt blob at 0x82000000
    Loading Device Tree to 8fff0000, end 8ffff952 ... OK
@@ -59,7 +59,7 @@
 Starting kernel ...
 
 Booting Linux on physical CPU 0x0
-Linux version 4.3.0-rc4-40995-g049e6dd (pwalmsley@sellafield) (gcc version 4.7.3 20130328 (prerelease) (crosstool-NG linaro-1.13.1-4.7-2013.04-20130415 - Linaro GCC 2013.04) ) #1 SMP Sun Oct 4 09:36:42 PDT 2015
+Linux version 4.3.0-rc5-41188-g25cb62b (pwalmsley@sellafield) (gcc version 4.7.3 20130328 (prerelease) (crosstool-NG linaro-1.13.1-4.7-2013.04-20130415 - Linaro GCC 2013.04) ) #1 SMP Sun Oct 11 11:33:07 PDT 2015
 CPU: ARMv7 Processor [412fc099] revision 9 (ARMv7), cr=10c5387d
 CPU: PIPT / VIPT nonaliasing data cache, VIPT aliasing instruction cache
 Machine model: NVIDIA Tegra30 Beaver evaluation board
@@ -67,7 +67,7 @@
 cma: Reserved 64 MiB at 0xfb800000
 Memory policy: Data cache writealloc
 On node 0 totalpages: 524032
-free_area_init_node: node 0, pgdat c0f79480, node_mem_map ee7f8000
+free_area_init_node: node 0, pgdat c0f76ec0, node_mem_map ee7f8000
   DMA zone: 1520 pages used for memmap
   DMA zone: 0 pages reserved
   DMA zone: 194560 pages, LIFO batch:31
@@ -80,7 +80,7 @@
 PID hash table entries: 4096 (order: 2, 16384 bytes)
 Dentry cache hash table entries: 131072 (order: 7, 524288 bytes)
 Inode-cache hash table entries: 65536 (order: 6, 262144 bytes)
-Memory: 1998804K/2096128K available (8103K kernel code, 1013K rwdata, 3624K rodata, 1028K init, 340K bss, 31788K reserved, 65536K cma-reserved, 1252352K highmem)
+Memory: 1998816K/2096128K available (8099K kernel code, 1011K rwdata, 3624K rodata, 1024K init, 340K bss, 31776K reserved, 65536K cma-reserved, 1252352K highmem)
 Virtual kernel memory layout:
     vector  : 0xffff0000 - 0xffff1000   (   4 kB)
     fixmap  : 0xffc00000 - 0xfff00000   (3072 kB)
@@ -88,10 +88,10 @@
     lowmem  : 0xc0000000 - 0xef800000   ( 760 MB)
     pkmap   : 0xbfe00000 - 0xc0000000   (   2 MB)
     modules : 0xbf000000 - 0xbfe00000   (  14 MB)
-      .text : 0xc0208000 - 0xc0d7ce18   (11732 kB)
-      .init : 0xc0d7d000 - 0xc0e7e000   (1028 kB)
-      .data : 0xc0e7e000 - 0xc0f7b460   (1014 kB)
-       .bss : 0xc0f7e000 - 0xc0fd32a8   ( 341 kB)
+      .text : 0xc0208000 - 0xc0d7bd40   (11728 kB)
+      .init : 0xc0d7c000 - 0xc0e7c000   (1024 kB)
+      .data : 0xc0e7c000 - 0xc0f78ea0   (1012 kB)
+       .bss : 0xc0f7b000 - 0xc0fd02a8   ( 341 kB)
 SLUB: HWalign=64, Order=0-3, MinObjects=0, CPUs=4, Nodes=1
 Hierarchical RCU implementation.
 	Build-time adjustment of leaf fanout to 32.
@@ -203,9 +203,7 @@
 console [ttyS0] enabled
 STMicroelectronics ASC driver initialized
 [drm] Initialized drm 1.1.0 20060810
-+VDD_5V_HDMI: supplied by regulator-dummy
-vdd_1v8_gen: supplied by vdd_5v_in
-tegra-hdmi 54280000.hdmi: failed to get VDD regulator
+tegra-hdmi 54280000.hdmi: failed to get HDMI regulator
 loop: module loaded
 m25p80 spi32766.1: w25q32 (4096 Kbytes)
 CAN device driver interface
@@ -275,8 +273,8 @@
 mmcblk0: mmc0:0001 SEM16G 14.8 GiB 
 mmcblk0boot0: mmc0:0001 SEM16G partition 1 1.00 MiB
 mmcblk0boot1: mmc0:0001 SEM16G partition 2 1.00 MiB
-tegra-pcie 3000.pcie-controller: probing port 2, using 2 lanes
 mmcblk0rpmb: mmc0:0001 SEM16G partition 3 128 KiB
+tegra-pcie 3000.pcie-controller: probing port 2, using 2 lanes
 Primary GPT is invalid, using alternate GPT.
  mmcblk0: p1 p2 p3 p4 p5
 tegra-pcie 3000.pcie-controller: link 2 down, retrying
@@ -317,6 +315,8 @@
 r8169 0000:01:00.0: enabling device (0140 -> 0143)
 r8169 0000:01:00.0 eth0: RTL8168evl/8111evl at 0xf007e000, 02:04:4b:01:60:a6, XID 0c900800 IRQ 375
 r8169 0000:01:00.0 eth0: jumbo features [frames: 9200 bytes, tx checksumming: ko]
++VDD_5V_HDMI: supplied by sys_3v3,vdd_3v3_alw
+vdd_1v8_gen: supplied by vdd_5v_in
 [drm] Supports vblank timestamp caching Rev 2 (21.10.2013).
 [drm] No driver support for vblank timestamp query.
 drm drm: No connectors reported connected with modes
@@ -353,7 +353,7 @@
 EXT4-fs (mmcblk0p1): mounted filesystem with ordered data mode. Opts: (null)
 VFS: Mounted root (ext3 filesystem) on device 179:1.
 devtmpfs: mounted
-Freeing unused kernel memory: 1028K (c0d7d000 - c0e7e000)
+Freeing unused kernel memory: 1024K (c0d7c000 - c0e7c000)
 usb 2-1: new high-speed USB device number 2 using tegra-ehci
 bash: cannot set terminal process group (-1): Inappropriate ioctl for device
 bash: no job control in this shell
Diff for ./tegra30-beaver/tegra30-beaver/tegra_defconfig_log.txt
--- /tmp/fooa	2015-10-11 11:39:02.854032635 -0700
+++ /tmp/foob	2015-10-11 11:39:02.858032632 -0700
@@ -37,20 +37,20 @@
 	 #################################################################
 	 #################################################################
 	 ####################
-	 3.3 MiB/s
+	 3.4 MiB/s
 done
-Bytes transferred = 5054880 (4d21a0 hex)
+Bytes transferred = 5051944 (4d1628 hex)
 Tegra30 (Beaver) # tftpboot 0x82000000 tegra30-beaver.dtb
 Using asx0 device
 TFTP from server 192.168.100.1; our IP address is 192.168.100.101
 Filename 'tegra30-beaver.dtb'.
 Load address: 0x82000000
 Loading: *####
-	 3.5 MiB/s
+	 3.1 MiB/s
 done
 Bytes transferred = 51539 (c953 hex)
 Tegra30 (Beaver) # bootz 0x81000000 - 0x82000000
-Kernel image @ 0x81000000 [ 0x000000 - 0x4d21a0 ]
+Kernel image @ 0x81000000 [ 0x000000 - 0x4d1628 ]
 ## Flattened Device Tree blob at 82000000
    Booting using the fdt blob at 0x82000000
    Loading Device Tree to 8fff0000, end 8ffff952 ... OK
@@ -61,7 +61,7 @@
 Booting Linux on physical CPU 0x0
 Initializing cgroup subsys cpu
 Initializing cgroup subsys cpuacct
-Linux version 4.3.0-rc4-40995-g049e6dd (pwalmsley@kaivo) (gcc version 4.7.3 20130328 (prerelease) (crosstool-NG linaro-1.13.1-4.7-2013.04-20130415 - Linaro GCC 2013.04) ) #1 SMP PREEMPT Sun Oct 4 09:36:58 PDT 2015
+Linux version 4.3.0-rc5-41188-g25cb62b (pwalmsley@kaivo) (gcc version 4.7.3 20130328 (prerelease) (crosstool-NG linaro-1.13.1-4.7-2013.04-20130415 - Linaro GCC 2013.04) ) #1 SMP PREEMPT Sun Oct 11 11:33:21 PDT 2015
 CPU: ARMv7 Processor [412fc099] revision 9 (ARMv7), cr=10c5387d
 CPU: PIPT / VIPT nonaliasing data cache, VIPT aliasing instruction cache
 Machine model: NVIDIA Tegra30 Beaver evaluation board
@@ -69,7 +69,7 @@
 cma: Reserved 64 MiB at 0xfbc00000
 Memory policy: Data cache writealloc
 On node 0 totalpages: 524032
-free_area_init_node: node 0, pgdat c09c38c0, node_mem_map ee7f7000
+free_area_init_node: node 0, pgdat c09c12c0, node_mem_map ee7f7000
   Normal zone: 1520 pages used for memmap
   Normal zone: 0 pages reserved
   Normal zone: 194560 pages, LIFO batch:31
@@ -82,7 +82,7 @@
 PID hash table entries: 4096 (order: 2, 16384 bytes)
 Dentry cache hash table entries: 131072 (order: 7, 524288 bytes)
 Inode-cache hash table entries: 65536 (order: 6, 262144 bytes)
-Memory: 2002576K/2096128K available (6916K kernel code, 341K rwdata, 2384K rodata, 328K init, 363K bss, 28016K reserved, 65536K cma-reserved, 1252352K highmem)
+Memory: 2002588K/2096128K available (6908K kernel code, 339K rwdata, 2384K rodata, 328K init, 363K bss, 28004K reserved, 65536K cma-reserved, 1252352K highmem)
 Virtual kernel memory layout:
     vector  : 0xffff0000 - 0xffff1000   (   4 kB)
     fixmap  : 0xffc00000 - 0xfff00000   (3072 kB)
@@ -90,10 +90,10 @@
     lowmem  : 0xc0000000 - 0xef800000   ( 760 MB)
     pkmap   : 0xbfe00000 - 0xc0000000   (   2 MB)
     modules : 0xbf000000 - 0xbfe00000   (  14 MB)
-      .text : 0xc0008000 - 0xc091d654   (9302 kB)
-      .init : 0xc091e000 - 0xc0970000   ( 328 kB)
-      .data : 0xc0970000 - 0xc09c5440   ( 342 kB)
-       .bss : 0xc09c8000 - 0xc0a22ce0   ( 364 kB)
+      .text : 0xc0008000 - 0xc091b558   (9294 kB)
+      .init : 0xc091c000 - 0xc096e000   ( 328 kB)
+      .data : 0xc096e000 - 0xc09c2e40   ( 340 kB)
+       .bss : 0xc09c5000 - 0xc0a1fce0   ( 364 kB)
 Preemptible hierarchical RCU implementation.
 	Build-time adjustment of leaf fanout to 32.
 NR_IRQS:16 nr_irqs:16 16
@@ -200,9 +200,7 @@
 70006000.serial: ttyS0 at MMIO 0x70006000 (irq = 75, base_baud = 25500000) is a Tegra
 console [ttyS0] enabled
 [drm] Initialized drm 1.1.0 20060810
-+VDD_5V_HDMI: supplied by regulator-dummy
-vdd_1v8_gen: supplied by vdd_5v_in
-tegra-hdmi 54280000.hdmi: failed to get VDD regulator
+tegra-hdmi 54280000.hdmi: failed to get HDMI regulator
 loop: module loaded
 m25p80 spi32766.1: w25q32 (4096 Kbytes)
 CAN device driver interface
@@ -253,7 +251,14 @@
 can: controller area network core (rev 20120528 abi 9)
 NET: Registered protocol family 29
 can: raw protocol (rev 20120528)
+mmc0: new high speed MMC card at address 0001
 can: broadcast manager protocol (rev 20120528 t)
+mmcblk0: mmc0:0001 SEM16G 14.8 GiB 
+mmcblk0boot0: mmc0:0001 SEM16G partition 1 1.00 MiB
+mmcblk0boot1: mmc0:0001 SEM16G partition 2 1.00 MiB
+mmcblk0rpmb: mmc0:0001 SEM16G partition 3 128 KiB
+Primary GPT is invalid, using alternate GPT.
+ mmcblk0: p1 p2 p3 p4 p5
 can: netlink gateway (rev 20130117) max_hops=1
 Bluetooth: RFCOMM socket layer initialized
 Bluetooth: RFCOMM ver 1.11
@@ -262,17 +267,10 @@
 Bluetooth: HIDP (Human Interface Emulation) ver 1.2
 Bluetooth: HIDP socket layer initialized
 Registering SWP/SWPB emulation handler
-mmc0: new high speed MMC card at address 0001
 tegra-pcie 3000.pcie-controller: 2x3 configuration
-mmcblk0: mmc0:0001 SEM16G 14.8 GiB 
 sys_3v3,vdd_3v3_alw: supplied by vdd_5v_in
 sys_3v3_pexs: supplied by sys_3v3,vdd_3v3_alw
-mmcblk0boot0: mmc0:0001 SEM16G partition 1 1.00 MiB
-mmcblk0boot1: mmc0:0001 SEM16G partition 2 1.00 MiB
-mmcblk0rpmb: mmc0:0001 SEM16G partition 3 128 KiB
 tegra-pcie 3000.pcie-controller: probing port 0, using 2 lanes
-Primary GPT is invalid, using alternate GPT.
- mmcblk0: p1 p2 p3 p4 p5
 tegra-pcie 3000.pcie-controller: probing port 2, using 2 lanes
 tegra-pcie 3000.pcie-controller: link 2 down, retrying
 tegra-pcie 3000.pcie-controller: link 2 down, retrying
@@ -312,6 +310,8 @@
 r8169 0000:01:00.0: enabling device (0140 -> 0143)
 r8169 0000:01:00.0 eth0: RTL8168evl/8111evl at 0xf007e000, 02:04:4b:01:60:a6, XID 0c900800 IRQ 375
 r8169 0000:01:00.0 eth0: jumbo features [frames: 9200 bytes, tx checksumming: ko]
++VDD_5V_HDMI: supplied by sys_3v3,vdd_3v3_alw
+vdd_1v8_gen: supplied by vdd_5v_in
 [drm] Supports vblank timestamp caching Rev 2 (21.10.2013).
 [drm] No driver support for vblank timestamp query.
 drm drm: No connectors reported connected with modes
@@ -355,7 +355,7 @@
 EXT4-fs (mmcblk0p1): mounted filesystem with ordered data mode. Opts: (null)
 VFS: Mounted root (ext3 filesystem) on device 179:1.
 devtmpfs: mounted
-Freeing unused kernel memory: 328K (c091e000 - c0970000)
+Freeing unused kernel memory: 328K (c091c000 - c096e000)
 bash: cannot set terminal process group (-1): Inappropriate ioctl for device
 bash: no job control in this shell
 root@(none):/# 
\ No newline at end of file
