
U-Boot SPL 2014.01-00219-gc4d376f (Feb 18 2014 - 19:57:32)


U-Boot 2014.01-00219-gc4d376f (Feb 18 2014 - 19:57:32)

TEGRA114
Board: NVIDIA Dalmore
I2C:   ready
DRAM:  2 GiB
MMC:   Tegra SD/MMC: 0, Tegra SD/MMC: 1
In:    serial
Out:   serial
Err:   serial
Net:   Net Initialization Skipped
No ethernet found.
Hit any key to stop autoboot:  2  0 
Tegra114 (Dalmore) # 
Tegra114 (Dalmore) # usb reset
(Re)start USB...
USB0:   USB EHCI 1.10
scanning bus 0 for devices... 2 USB Device(s) found
       scanning usb for storage devices... 0 Storage Device(s) found
       scanning usb for ethernet devices... 
Warning: asx0 using MAC address from net device
1 Ethernet Device(s) found
Tegra114 (Dalmore) # setenv bootargs 'ignore_loglevel console=ttyS0,115200n8 rw root=/dev/mmcblk0p1 rootwait gpt debug init=/bin/bash'
Tegra114 (Dalmore) # setenv ipaddr 192.168.100.100; setenv serverip 192.168.100.1; setenv tftpserverip 192.168.100.1
Tegra114 (Dalmore) # tftpboot 0x81000000 zImage.multi_v7_defconfig
Using asx0 device
TFTP from server 192.168.100.1; our IP address is 192.168.100.100
Filename 'zImage.multi_v7_defconfig'.
Load address: 0x81000000
Loading: *#################################################################
	 #################################################################
	 #################################################################
	 #################################################################
	 ###############################################
	 3.5 MiB/s
done
Bytes transferred = 4497680 (44a110 hex)
Tegra114 (Dalmore) # tftpboot 0x82000000 tegra114-dalmore.dtb
Using asx0 device
TFTP from server 192.168.100.1; our IP address is 192.168.100.100
Filename 'tegra114-dalmore.dtb'.
Load address: 0x82000000
Loading: *###
	 2.9 MiB/s
done
Bytes transferred = 34015 (84df hex)
Tegra114 (Dalmore) # bootz 0x81000000 - 0x82000000
Kernel image @ 0x81000000 [ 0x000000 - 0x44a110 ]
## Flattened Device Tree blob at 82000000
   Booting using the fdt blob at 0x82000000
   Loading Device Tree to 8fff4000, end 8ffff4de ... OK

Starting kernel ...

[    0.000000] Booting Linux on physical CPU 0x0
[    0.000000] Linux version 3.14.0-rc2-49238-gb28a960 (pwalmsley@kaivo) (gcc version 4.7.3 20130328 (prerelease) (crosstool-NG linaro-1.13.1-4.7-2013.04-20130415 - Linaro GCC 2013.04) ) #1 SMP Thu Feb 27 02:35:07 PST 2014
[    0.000000] CPU: ARMv7 Processor [412fc0f2] revision 2 (ARMv7), cr=10c5387d
[    0.000000] CPU: PIPT / VIPT nonaliasing data cache, PIPT instruction cache
[    0.000000] Machine model: NVIDIA Tegra114 Dalmore evaluation board
[    0.000000] debug: ignoring loglevel setting.
[    0.000000] cma: CMA: reserved 16 MiB at ae800000
[    0.000000] Memory policy: Data cache writealloc
[    0.000000] On node 0 totalpages: 524032
[    0.000000] free_area_init_node: node 0, pgdat c092bac0, node_mem_map ed7f1000
[    0.000000]   DMA zone: 1520 pages used for memmap
[    0.000000]   DMA zone: 0 pages reserved
[    0.000000]   DMA zone: 194560 pages, LIFO batch:31
[    0.000000]   HighMem zone: 2574 pages used for memmap
[    0.000000]   HighMem zone: 329472 pages, LIFO batch:31
[    0.000000] Tegra Revision: A01 SKU: 0 CPU Process: 1 Core Process: 1
[    0.000000] PERCPU: Embedded 7 pages/cpu @ed7b8000 s8192 r8192 d12288 u32768
[    0.000000] pcpu-alloc: s8192 r8192 d12288 u32768 alloc=8*4096
[    0.000000] pcpu-alloc: [0] 0 [0] 1 [0] 2 [0] 3 
[    0.000000] Built 1 zonelists in Zone order, mobility grouping on.  Total pages: 522512
[    0.000000] Kernel command line: ignore_loglevel console=ttyS0,115200n8 rw root=/dev/mmcblk0p1 rootwait gpt debug init=/bin/bash
[    0.000000] PID hash table entries: 4096 (order: 2, 16384 bytes)
[    0.000000] Dentry cache hash table entries: 131072 (order: 7, 524288 bytes)
[    0.000000] Inode-cache hash table entries: 65536 (order: 6, 262144 bytes)
[    0.000000] Memory: 2052608K/2096128K available (5839K kernel code, 677K rwdata, 2336K rodata, 508K init, 284K bss, 43520K reserved, 1317888K highmem)
[    0.000000] Virtual kernel memory layout:
[    0.000000]     vector  : 0xffff0000 - 0xffff1000   (   4 kB)
[    0.000000]     fixmap  : 0xfff00000 - 0xfffe0000   ( 896 kB)
[    0.000000]     vmalloc : 0xf0000000 - 0xff000000   ( 240 MB)
[    0.000000]     lowmem  : 0xc0000000 - 0xef800000   ( 760 MB)
[    0.000000]     pkmap   : 0xbfe00000 - 0xc0000000   (   2 MB)
[    0.000000]     modules : 0xbf000000 - 0xbfe00000   (  14 MB)
[    0.000000]       .text : 0xc0008000 - 0xc0803e74   (8176 kB)
[    0.000000]       .init : 0xc0804000 - 0xc0883000   ( 508 kB)
[    0.000000]       .data : 0xc0884000 - 0xc092d640   ( 678 kB)
[    0.000000]        .bss : 0xc092d648 - 0xc0974780   ( 285 kB)
[    0.000000] SLUB: HWalign=64, Order=0-3, MinObjects=0, CPUs=4, Nodes=1
[    0.000000] Hierarchical RCU implementation.
[    0.000000] NR_IRQS:16 nr_irqs:16 16
[    9.768940] sched_clock: 32 bits at 1000kHz, resolution 1000ns, wraps every 2147483648000ns
[    0.000446] Architected cp15 timer(s) running at 12.00MHz (virt).
[    8.510817] sched_clock: 56 bits at 12MHz, resolution 83ns, wraps every 2863311536128ns
[    0.000003] Switching to timer-based delay loop
[    0.000112] Console: colour dummy device 80x30
[    0.000141] Calibrating delay loop (skipped), value calculated using timer frequency.. 24.00 BogoMIPS (lpj=120000)
[    0.000155] pid_max: default: 32768 minimum: 301
[    0.000328] Mount-cache hash table entries: 512
[    0.009133] CPU: Testing write buffer coherency: ok
[    0.009342] /cpus/cpu@0 missing clock-frequency property
[    0.009365] /cpus/cpu@1 missing clock-frequency property
[    0.009387] /cpus/cpu@2 missing clock-frequency property
[    0.009411] /cpus/cpu@3 missing clock-frequency property
[    0.009424] CPU0: thread -1, cpu 0, socket 0, mpidr 80000000
[    0.009448] Setting up static identity map for 0x80584c28 - 0x80584cc0
[    0.009624] unable to find compatible sirf rstc node in dtb
[    0.010990] CPU1: Booted secondary processor
[    0.011015] CPU1: thread -1, cpu 1, socket 0, mpidr 80000001
[    0.011586] CPU2: Booted secondary processor
[    0.011610] CPU2: thread -1, cpu 2, socket 0, mpidr 80000002
[    0.012165] CPU3: Booted secondary processor
[    0.012188] CPU3: thread -1, cpu 3, socket 0, mpidr 80000003
[    0.012350] Brought up 4 CPUs
[    0.012377] SMP: Total of 4 processors activated.
[    0.012384] CPU: All CPU(s) started in SVC mode.
[    0.013014] devtmpfs: initialized
[    0.018345] VFP support v0.3: implementor 41 architecture 4 part 30 variant f rev 0
[    0.018719] pinctrl core: initialized pinctrl subsystem
[    0.019131] regulator-dummy: no parameters
[    0.019907] NET: Registered protocol family 16
[    0.022208] DMA: preallocated 256 KiB pool for atomic coherent allocations
[    0.023044] cpuidle: using governor ladder
[    0.023053] cpuidle: using governor menu
[    0.034472] No ATAGs?
[    0.036154] Serial: AMBA PL011 UART driver
[    0.044478] bio: create slab <bio-0> at 0
[    0.046214] edma-dma-engine edma-dma-engine.0: Can't allocate PaRAM dummy slot
[    0.046236] edma-dma-engine: probe of edma-dma-engine.0 failed with error -5
[    0.046701] vdd_ac_bat: 5000 mV 
[    0.046918] dvdd_ts: Failed to request enable GPIO61: -517
[    0.047011] reg-fixed-voltage 1.regulator: Failed to register regulator: -517
[    0.047032] platform 1.regulator: Driver reg-fixed-voltage requests probe deferral
[    0.047192] usb1_vbus: Failed to request enable GPIO108: -517
[    0.047275] reg-fixed-voltage 3.regulator: Failed to register regulator: -517
[    0.047295] platform 3.regulator: Driver reg-fixed-voltage requests probe deferral
[    0.047454] usb2_vbus: Failed to request enable GPIO86: -517
[    0.047538] reg-fixed-voltage 4.regulator: Failed to register regulator: -517
[    0.047557] platform 4.regulator: Driver reg-fixed-voltage requests probe deferral
[    0.047714] vdd_hdmi_5v0: Failed to request enable GPIO81: -517
[    0.047795] reg-fixed-voltage 5.regulator: Failed to register regulator: -517
[    0.047814] platform 5.regulator: Driver reg-fixed-voltage requests probe deferral
[    0.047880] platform 6.regulator: Driver reg-fixed-voltage requests probe deferral
[    0.048950] vgaarb: loaded
[    0.049466] SCSI subsystem initialized
[    0.049639] libata version 3.00 loaded.
[    0.049978] usbcore: registered new interface driver usbfs
[    0.050045] usbcore: registered new interface driver hub
[    0.050141] usbcore: registered new device driver usb
[    0.053150] vdd-cpu: 500 <--> 1520 mV at 1100 mV 
[    0.053581] tps65090 2-0048: No cache defaults, reading back from HW
[    0.055069] vdd-sys-5v0: no parameters
[    0.055115] vdd-sys-5v0: supplied by vdd_ac_bat
[    0.055525] vdd-sys-3v3: no parameters
[    0.055566] vdd-sys-3v3: supplied by vdd_ac_bat
[    0.055959] vdd-ao: no parameters
[    0.056005] vdd-ao: supplied by vdd_ac_bat
[    0.056184] vdd-lcd-bl: no parameters
[    0.056223] vdd-lcd-bl: supplied by vdd_ac_bat
[    0.056385] TPS65090_RAILSFET2: no parameters
[    0.056424] TPS65090_RAILSFET2: supplied by vdd_ac_bat
[    0.056595] vdd-modem-3v3: no parameters
[    0.056636] vdd-modem-3v3: supplied by vdd-sys-3v3
[    0.056815] avdd-lcd: no parameters
[    0.056850] avdd-lcd: supplied by vdd-sys-3v3
[    0.057021] vdd-lvds: no parameters
[    0.057057] vdd-lvds: supplied by vdd-sys-3v3
[    0.057229] vdd-sd-slot: no parameters
[    0.057265] vdd-sd-slot: supplied by vdd-sys-3v3
[    0.057445] vdd-com-3v3: no parameters
[    0.057481] vdd-com-3v3: supplied by vdd-sys-3v3
[    0.057647] vdd-sby-5v0: no parameters
[    0.057682] vdd-sby-5v0: supplied by vdd_ac_bat
[    0.057853] vdd-sby-3v3: no parameters
[    0.057888] vdd-sby-3v3: supplied by vdd_ac_bat
[    0.058234] genirq: Setting trigger mode 8 for irq 118 failed (gic_set_type+0x0/0xfc)
[    0.058539] palmas 2-0058: Irq flag is 0x00000000
[    0.061077] palmas 2-0058: Muxing GPIO ff, PWM 0, LED 0
[    0.064203] vddio-ddr: 1350 mV 
[    0.064417] vddio-ddr: supplied by vdd-ao
[    0.065900] vddio-1v8: 1800 mV 
[    0.066110] vddio-1v8: supplied by vdd-ao
[    0.067587] vdd-core: 900 <--> 1400 mV at 1100 mV 
[    0.067796] vdd-core: supplied by vdd-sys-3v3
[    0.068736] SMPS6: no parameters
[    0.070375] avdd-pll: 1050 mV 
[    0.070588] avdd-pll: supplied by vdd-sys-3v3
[    0.072328] sdhci-vdd-sd-slot: 2800 mV 
[    0.072538] sdhci-vdd-sd-slot: supplied by vdd-sys-3v3
[    0.073026] SMPS10_OUT2: at 5000 mV 
[    0.073523] SMPS10_OUT1: at 5000 mV 
[    0.074172] avdd-cam1: 2800 mV 
[    0.074380] avdd-cam1: supplied by vdd-sys-3v3
[    0.075278] avdd-cam2: 2800 mV 
[    0.075484] avdd-cam2: supplied by vdd-sys-3v3
[    0.076651] avdd-dsi-csi: 1200 mV 
[    0.076858] avdd-dsi-csi: supplied by vddio-1v8
[    0.077925] vpp-fuse: 1800 mV 
[    0.078132] vpp-fuse: supplied by vdd-sys-3v3
[    0.078870] LDO5: no parameters
[    0.079081] LDO5: supplied by vdd_ac_bat
[    0.079840] vdd-sensor-2v85: 2850 mV 
[    0.080050] vdd-sensor-2v85: supplied by vdd-sys-3v3
[    0.080961] vdd-af-cam1: 2800 mV 
[    0.081166] vdd-af-cam1: supplied by vdd-sys-3v3
[    0.082865] vdd-rtc: 900 mV 
[    0.083071] vdd-rtc: supplied by vdd-ao
[    0.083974] vddio-sdmmc-2: 1800 <--> 3300 mV at 3300 mV 
[    0.084181] vddio-sdmmc-2: supplied by sdhci-vdd-sd-slot
[    0.085240] hvdd-usb: 3300 mV 
[    0.085447] hvdd-usb: supplied by vdd-sys-5v0
[    0.086513] avdd-usb: 3300 mV 
[    0.086720] avdd-usb: supplied by vdd-sys-5v0
[    0.087490] rail-3v3: no parameters
[    0.088061] rail-5v0: no parameters
[    0.088483] REGEN3: no parameters
[    0.088627] SYSEN1: no parameters
[    0.088769] SYSEN2: no parameters
[    0.089387] Linux video capture interface: v2.00
[    0.089438] pps_core: LinuxPPS API ver. 1 registered
[    0.089447] pps_core: Software ver. 5.3.6 - Copyright 2005-2007 Rodolfo Giometti <giometti@linux.it>
[    0.089471] PTP clock support registered
[    0.089510] EDAC MC: Ver: 3.0.0
[    0.090166] platform 70019010.iommu: Driver tegra-smmu requests probe deferral
[    0.090352] Advanced Linux Sound Architecture Driver Initialized.
[    0.091288] Switched to clocksource arch_sys_counter
[    0.101145] NET: Registered protocol family 2
[    0.101648] TCP established hash table entries: 8192 (order: 3, 32768 bytes)
[    0.101737] TCP bind hash table entries: 8192 (order: 4, 65536 bytes)
[    0.101924] TCP: Hash tables configured (established 8192 bind 8192)
[    0.101969] TCP: reno registered
[    0.101984] UDP hash table entries: 512 (order: 2, 16384 bytes)
[    0.102026] UDP-Lite hash table entries: 512 (order: 2, 16384 bytes)
[    0.102264] NET: Registered protocol family 1
[    0.102506] RPC: Registered named UNIX socket transport module.
[    0.102515] RPC: Registered udp transport module.
[    0.102522] RPC: Registered tcp transport module.
[    0.102530] RPC: Registered tcp NFSv4.1 backchannel transport module.
[    0.102541] PCI: CLS 0 bytes, default 64
[    0.104222] futex hash table entries: 1024 (order: 4, 65536 bytes)
[    0.104848] bounce pool size: 64 pages
[    0.115900] squashfs: version 4.0 (2009/01/31) Phillip Lougher
[    0.116827] NFS: Registering the id_resolver key type
[    0.116859] Key type id_resolver registered
[    0.116868] Key type id_legacy registered
[    0.116912] msgmni has been set to 1467
[    0.117541] Block layer SCSI generic (bsg) driver version 0.4 loaded (major 250)
[    0.117552] io scheduler noop registered
[    0.117561] io scheduler deadline registered
[    0.117760] io scheduler cfq registered (default)
[    0.132040] tegra-apbdma 6000a000.dma: Tegra20 APB DMA driver register 32 channels
[    0.194765] Serial: 8250/16550 driver, 4 ports, IRQ sharing disabled
[    0.196264] Serial: IMX driver
[    0.197209] 70006300.serial: ttyS0 at MMIO 0x70006300 (irq = 122, base_baud = 25500000) is a Tegra
[    1.234571] console [ttyS0] enabled
[    1.238588] STMicroelectronics ASC driver initialized
[    1.244321] serial: Freescale lpuart driver
[    1.248687] [drm] Initialized drm 1.1.0 20060810
[    1.253399] tegra-dc 54200000.dc: missing "nvidia,head" property
[    1.259491] tegra-dc 54240000.dc: missing "nvidia,head" property
[    1.266003] platform 54300000.dsi: Driver tegra-dsi requests probe deferral
[    1.273436] tegra-hdmi 54280000.hdmi: failed to get VDD regulator
[    1.279532] platform 54280000.hdmi: Driver tegra-hdmi requests probe deferral
[    1.292567] loop: module loaded
[    1.298930] m25p80 spi32766.0: w25q32dw (4096 Kbytes)
[    1.306632] pegasus: v0.9.3 (2013/04/25), Pegasus/Pegasus II USB Ethernet driver
[    1.314088] usbcore: registered new interface driver pegasus
[    1.319811] usbcore: registered new interface driver asix
[    1.325257] usbcore: registered new interface driver ax88179_178a
[    1.331393] usbcore: registered new interface driver cdc_ether
[    1.337256] usbcore: registered new interface driver r815x
[    1.342804] usbcore: registered new interface driver smsc75xx
[    1.348598] usbcore: registered new interface driver smsc95xx
[    1.354385] usbcore: registered new interface driver net1080
[    1.360074] usbcore: registered new interface driver cdc_subset
[    1.366033] usbcore: registered new interface driver zaurus
[    1.371686] usbcore: registered new interface driver cdc_ncm
[    1.377349] ehci_hcd: USB 2.0 'Enhanced' Host Controller (EHCI) Driver
[    1.383874] ehci-pci: EHCI PCI platform driver
[    1.388354] ehci-platform: EHCI generic platform driver
[    1.393703] ehci-omap: OMAP-EHCI Host Controller driver
[    1.399031] ehci-orion: EHCI orion driver
[    1.403159] SPEAr-ehci: EHCI SPEAr driver
[    1.407277] tegra-ehci: Tegra EHCI driver
[    1.411463] platform 7d008000.usb: Driver tegra-ehci requests probe deferral
[    1.418963] usbcore: registered new interface driver usb-storage
[    1.425529] platform 7d008000.usb-phy: Driver tegra-phy requests probe deferral
[    1.433795] mousedev: PS/2 mouse device common for all mice
[    1.443084] palmas-rtc rtc.8: rtc core: registered rtc.8 as rtc0
[    1.450481] tegra_rtc 7000e000.rtc: rtc core: registered 7000e000.rtc as rtc1
[    1.457640] tegra_rtc 7000e000.rtc: Tegra internal Real Time Clock
[    1.464288] i2c /dev entries driver
[    1.469405] sbs-battery 0-000b: sbs_probe: Failed to get device status
[    1.475947] sbs-battery: probe of 0-000b failed with error -121
[    1.487163] sdhci: Secure Digital Host Controller Interface driver
[    1.493347] sdhci: Copyright(c) Pierre Ossman
[    1.498305] sdhci-pltfm: SDHCI platform and OF driver helper
[    1.504408] sdhci-tegra 78000400.sdhci: Got CD GPIO #170.
[    1.510837] mmc0: no vqmmc regulator found
[    1.514951] mmc0: no vmmc regulator found
[    1.518953] mmc0: Invalid maximum block size, assuming 512 bytes
[    1.571310] mmc0: SDHCI controller on 78000400.sdhci [78000400.sdhci] using ADMA
[    1.578787] mmc1: no vqmmc regulator found
[    1.582903] mmc1: no vmmc regulator found
[    1.586904] mmc1: Invalid maximum block size, assuming 512 bytes
[    1.631302] mmc1: SDHCI controller on 78000600.sdhci [78000600.sdhci] using ADMA
[    1.641227] usbcore: registered new interface driver usbhid
[    1.648826] usbhid: USB HID core driver
[    1.766762] mmc1: BKOPS_EN bit is not set
[    1.798111] mmc1: new HS200 MMC card at address 0001
[    1.803451] isa bounce pool size: 16 pages
[    1.807630] mmcblk0: mmc1:0001 SEM32G 29.1 GiB 
[    1.812362] mmcblk0boot0: mmc1:0001 SEM32G partition 1 4.00 MiB
[    1.818448] mmcblk0boot1: mmc1:0001 SEM32G partition 2 4.00 MiB
[    1.824552] mmcblk0rpmb: mmc1:0001 SEM32G partition 3 4.00 MiB
[    1.842218]  mmcblk0: p1 p2 p3 p4 p5 p6 p7 p8
[    1.850024]  mmcblk0boot1: unknown partition table
[    1.856362]  mmcblk0boot0: unknown partition table
[    2.073157] tegra30-i2s 70080400.i2s: DMA channels sourced from device 70080000.ahub
[    2.089167] tegra-snd-rt5640 sound.5: rt5640-aif1 <-> 70080400.i2s mapping ok
[    2.099929] input: NVIDIA Tegra Dalmore Headphones as /devices/soc0/sound.5/sound/card0/input0
[    2.109889] TCP: cubic registered
[    2.113220] NET: Registered protocol family 17
[    2.117827] Key type dns_resolver registered
[    2.122631] Registering SWP/SWPB emulation handler
[    2.130205] dvdd_ts: 1800 mV 
[    2.133503] usb1_vbus: 5000 mV 
[    2.136678] usb1_vbus: supplied by vdd-sys-5v0
[    2.141445] usb2_vbus: 5000 mV 
[    2.144616] usb2_vbus: supplied by vdd-sys-5v0
[    2.149357] vdd_hdmi_5v0: 5000 mV 
[    2.152862] vdd_hdmi_5v0: supplied by vdd-sys-5v0
[    2.158388] vdd_cam_1v8_reg: 1800 mV 
[    2.166004] [drm] Supports vblank timestamp caching Rev 2 (21.10.2013).
[    2.172651] [drm] No driver support for vblank timestamp query.
[    2.223193] Console: switching to colour frame buffer device 240x75
[    2.250625] host1x drm: fb0:  frame buffer device
[    2.255342] host1x drm: registered panic notifier
[    2.260045] [drm] Initialized tegra 0.0.0 20120330 on minor 0
[    2.266284] platform 7d008000.usb: Driver tegra-ehci requests probe deferral
[    2.274372] tegra-ehci 7d008000.usb: EHCI Host Controller
[    2.279784] tegra-ehci 7d008000.usb: new USB bus registered, assigned bus number 1
[    2.288032] tegra-ehci 7d008000.usb: irq 129, io mem 0x7d008000
[    2.311344] tegra-ehci 7d008000.usb: USB 2.0 started, EHCI 1.10
[    2.318141] hub 1-0:1.0: USB hub found
[    2.321977] hub 1-0:1.0: 1 port detected
[    2.327084] input: gpio-keys.3 as /devices/soc0/gpio-keys.3/input/input1
[    2.334937] palmas-rtc rtc.8: setting system clock to 2000-01-13 01:46:06 UTC (947727966)
[    2.343186] spear_cpufreq: Invalid cpufreq_tbl
[    2.356958] ALSA device list:
[    2.360106]   #0: NVIDIA Tegra Dalmore
[    2.365389] EXT4-fs (mmcblk0p1): mounting ext3 file system using the ext4 subsystem
[    2.384929] EXT4-fs (mmcblk0p1): recovery complete
[    2.389741] EXT4-fs (mmcblk0p1): mounted filesystem with ordered data mode. Opts: (null)
[    2.397904] VFS: Mounted root (ext3 filesystem) on device 179:1.
[    2.412148] devtmpfs: mounted
[    2.415532] Freeing unused kernel memory: 508K (c0804000 - c0883000)
bash: cannot set terminal process group (-1): Inappropriate ioctl for device
bash: no job control in this shell
[    2.641402] usb 1-1: new high-speed USB device number 2 using tegra-ehci
root@(none):/# 