
U-Boot SPL 2014.01-00219-gc4d376f (Feb 18 2014 - 19:57:32)


U-Boot 2014.01-00219-gc4d376f (Feb 18 2014 - 19:57:32)

TEGRA114
Board: NVIDIA Dalmore
I2C:   ready
DRAM:  2 GiB
MMC:   Tegra SD/MMC: 0, Tegra SD/MMC: 1
In:    serial
Out:   serial
Err:   serial
Net:   Net Initialization Skipped
No ethernet found.
Hit any key to stop autoboot:  2  0 
Tegra114 (Dalmore) # 
Tegra114 (Dalmore) # usb reset
(Re)start USB...
USB0:   USB EHCI 1.10
scanning bus 0 for devices... 2 USB Device(s) found
       scanning usb for storage devices... 0 Storage Device(s) found
       scanning usb for ethernet devices... 
Warning: asx0 using MAC address from net device
1 Ethernet Device(s) found
Tegra114 (Dalmore) # setenv bootargs 'ignore_loglevel console=ttyS0,115200n8 rw root=/dev/mmcblk0p1 rootwait gpt debug earlyprintk init=/bin/bash'
Tegra114 (Dalmore) # setenv ipaddr 192.168.100.100; setenv serverip 192.168.100.1; setenv tftpserverip 192.168.100.1
Tegra114 (Dalmore) # tftpboot 0x81000000 zImage.multi_v7_defconfig
Using asx0 device
TFTP from server 192.168.100.1; our IP address is 192.168.100.100
Filename 'zImage.multi_v7_defconfig'.
Load address: 0x81000000
Loading: *#################################################################
	 #################################################################
	 #################################################################
	 #################################################################
	 #################################################################
	 #################################################################
	 ########################################################
	 3.4 MiB/s
done
Bytes transferred = 6541120 (63cf40 hex)
Tegra114 (Dalmore) # tftpboot 0x82000000 tegra114-dalmore.dtb
Using asx0 device
TFTP from server 192.168.100.1; our IP address is 192.168.100.100
Filename 'tegra114-dalmore.dtb'.
Load address: 0x82000000
Loading: *###
	 3.3 MiB/s
done
Bytes transferred = 34894 (884e hex)
Tegra114 (Dalmore) # bootz 0x81000000 - 0x82000000
Kernel image @ 0x81000000 [ 0x000000 - 0x63cf40 ]
## Flattened Device Tree blob at 82000000
   Booting using the fdt blob at 0x82000000
   Loading Device Tree to 8fff4000, end 8ffff84d ... OK

Starting kernel ...

[    0.000000] Booting Linux on physical CPU 0x0
[    0.000000] Linux version 4.4.0-rc4-54993-g527e931 (pwalmsley@sellafield) (gcc version 4.7.3 20130328 (prerelease) (crosstool-NG linaro-1.13.1-4.7-2013.04-20130415 - Linaro GCC 2013.04) ) #1 SMP Thu Dec 10 05:33:01 PST 2015
[    0.000000] CPU: ARMv7 Processor [412fc0f2] revision 2 (ARMv7), cr=10c5387d
[    0.000000] CPU: PIPT / VIPT nonaliasing data cache, PIPT instruction cache
[    0.000000] Machine model: NVIDIA Tegra114 Dalmore evaluation board
[    0.000000] debug: ignoring loglevel setting.
[    0.000000] cma: Reserved 64 MiB at 0xfb800000
[    0.000000] Memory policy: Data cache writealloc
[    0.000000] On node 0 totalpages: 524032
[    0.000000] free_area_init_node: node 0, pgdat c0fc2200, node_mem_map eeff8000
[    0.000000]   DMA zone: 1536 pages used for memmap
[    0.000000]   DMA zone: 0 pages reserved
[    0.000000]   DMA zone: 196608 pages, LIFO batch:31
[    0.000000]   HighMem zone: 327424 pages, LIFO batch:31
[    0.000000] PERCPU: Embedded 12 pages/cpu @eefa3000 s19136 r8192 d21824 u49152
[    0.000000] pcpu-alloc: s19136 r8192 d21824 u49152 alloc=12*4096
[    0.000000] pcpu-alloc: [0] 0 [0] 1 [0] 2 [0] 3 
[    0.000000] Built 1 zonelists in Zone order, mobility grouping on.  Total pages: 522496
[    0.000000] Kernel command line: ignore_loglevel console=ttyS0,115200n8 rw root=/dev/mmcblk0p1 rootwait gpt debug earlyprintk init=/bin/bash
[    0.000000] PID hash table entries: 4096 (order: 2, 16384 bytes)
[    0.000000] Dentry cache hash table entries: 131072 (order: 7, 524288 bytes)
[    0.000000] Inode-cache hash table entries: 65536 (order: 6, 262144 bytes)
[    0.000000] Memory: 1998592K/2096128K available (8239K kernel code, 1040K rwdata, 3736K rodata, 1044K init, 340K bss, 32000K reserved, 65536K cma-reserved, 1244160K highmem)
[    0.000000] Virtual kernel memory layout:
[    0.000000]     vector  : 0xffff0000 - 0xffff1000   (   4 kB)
[    0.000000]     fixmap  : 0xffc00000 - 0xfff00000   (3072 kB)
[    0.000000]     vmalloc : 0xf0800000 - 0xff800000   ( 240 MB)
[    0.000000]     lowmem  : 0xc0000000 - 0xf0000000   ( 768 MB)
[    0.000000]     pkmap   : 0xbfe00000 - 0xc0000000   (   2 MB)
[    0.000000]     modules : 0xbf000000 - 0xbfe00000   (  14 MB)
[    0.000000]       .text : 0xc0208000 - 0xc0dbac70   (11980 kB)
[    0.000000]       .init : 0xc0dbb000 - 0xc0ec0000   (1044 kB)
[    0.000000]       .data : 0xc0ec0000 - 0xc0fc4160   (1041 kB)
[    0.000000]        .bss : 0xc0fc7000 - 0xc101c3e8   ( 341 kB)
[    0.000000] SLUB: HWalign=64, Order=0-3, MinObjects=0, CPUs=4, Nodes=1
[    0.000000] Hierarchical RCU implementation.
[    0.000000] 	Build-time adjustment of leaf fanout to 32.
[    0.000000] 	RCU restricting CPUs from NR_CPUS=16 to nr_cpu_ids=4.
[    0.000000] RCU: Adjusting geometry for rcu_fanout_leaf=32, nr_cpu_ids=4
[    0.000000] NR_IRQS:16 nr_irqs:16 16
[    0.000000] /interrupt-controller@60004000: 160 interrupts forwarded to /interrupt-controller@50041000
[    0.000000] L2C: failed to init: -19
[    0.000010] sched_clock: 32 bits at 1000kHz, resolution 1000ns, wraps every 2147483647500ns
[    0.000030] clocksource: timer_us: mask: 0xffffffff max_cycles: 0xffffffff, max_idle_ns: 1911260446275 ns
[    0.000044] Switching to timer-based delay loop, resolution 1000ns
[    0.002888] Architected cp15 timer(s) running at 12.00MHz (virt).
[    0.002905] clocksource: arch_sys_counter: mask: 0xffffffffffffff max_cycles: 0x2c47f4ee7, max_idle_ns: 440795202497 ns
[    0.002924] sched_clock: 56 bits at 12MHz, resolution 83ns, wraps every 4398046511096ns
[    0.002937] Switching to timer-based delay loop, resolution 83ns
[    0.003303] Console: colour dummy device 80x30
[    0.003329] Calibrating delay loop (skipped), value calculated using timer frequency.. 24.00 BogoMIPS (lpj=60000)
[    0.003344] pid_max: default: 32768 minimum: 301
[    0.003457] Mount-cache hash table entries: 2048 (order: 1, 8192 bytes)
[    0.003469] Mountpoint-cache hash table entries: 2048 (order: 1, 8192 bytes)
[    0.004082] CPU: Testing write buffer coherency: ok
[    0.004297] /cpus/cpu@0 missing clock-frequency property
[    0.004327] /cpus/cpu@1 missing clock-frequency property
[    0.004355] /cpus/cpu@2 missing clock-frequency property
[    0.004384] /cpus/cpu@3 missing clock-frequency property
[    0.004397] CPU0: thread -1, cpu 0, socket 0, mpidr 80000000
[    0.004445] Setting up static identity map for 0x80209000 - 0x80209098
[    0.006734] Tegra Revision: A01 SKU: 0 CPU Process: 1 SoC Process: 0
[    0.008041] CPU1: thread -1, cpu 1, socket 0, mpidr 80000001
[    0.008676] CPU2: thread -1, cpu 2, socket 0, mpidr 80000002
[    0.009316] CPU3: thread -1, cpu 3, socket 0, mpidr 80000003
[    0.009387] Brought up 4 CPUs
[    0.009408] SMP: Total of 4 processors activated (96.00 BogoMIPS).
[    0.009417] CPU: All CPU(s) started in SVC mode.
[    0.010846] devtmpfs: initialized
[    0.021428] VFP support v0.3: implementor 41 architecture 4 part 30 variant f rev 0
[    0.022069] clocksource: jiffies: mask: 0xffffffff max_cycles: 0xffffffff, max_idle_ns: 9556302231375000 ns
[    0.023748] pinctrl core: initialized pinctrl subsystem
[    0.025363] NET: Registered protocol family 16
[    0.027491] DMA: preallocated 256 KiB pool for atomic coherent allocations
[    0.042868] cpuidle: using governor ladder
[    0.057889] cpuidle: using governor menu
[    0.072196] No ATAGs?
[    0.072231] hw-breakpoint: found 5 (+1 reserved) breakpoint and 4 watchpoint registers.
[    0.072241] hw-breakpoint: maximum watchpoint size is 8 bytes.
[    0.076510] Serial: AMBA PL011 UART driver
[    0.077830] tegra-mc 70019000.memory-controller: no memory timings for RAM code 3 registered
[    0.107589] dvdd_ts: Failed to request enable GPIO61: -517
[    0.107709] reg-fixed-voltage regulators:regulator@1: Failed to register regulator: -517
[    0.107929] usb1_vbus: Failed to request enable GPIO108: -517
[    0.108064] reg-fixed-voltage regulators:regulator@3: Failed to register regulator: -517
[    0.108284] usb2_vbus: Failed to request enable GPIO86: -517
[    0.108392] reg-fixed-voltage regulators:regulator@4: Failed to register regulator: -517
[    0.108905] VDD_5V0_HDMI_CON: Failed to request enable GPIO81: -517
[    0.109011] reg-fixed-voltage regulators:regulator@7: Failed to register regulator: -517
[    0.111927] vgaarb: loaded
[    0.112894] SCSI subsystem initialized
[    0.113097] libata version 3.00 loaded.
[    0.113404] usbcore: registered new interface driver usbfs
[    0.113478] usbcore: registered new interface driver hub
[    0.113551] usbcore: registered new device driver usb
[    0.117217] tps65090 2-0048: No cache defaults, reading back from HW
[    0.123432] genirq: Setting trigger mode 8 for irq 341 failed (irq_chip_set_type_parent+0x0/0x28)
[    0.123454] palmas 2-0058: Irq flag is 0x00000000
[    0.126664] palmas 2-0058: Muxing GPIO ff, PWM 0, LED 0
[    0.136413] sdhci-vdd-sd-slot: ramp_delay not set
[    0.161117] pps_core: LinuxPPS API ver. 1 registered
[    0.161128] pps_core: Software ver. 5.3.6 - Copyright 2005-2007 Rodolfo Giometti <giometti@linux.it>
[    0.161161] PTP clock support registered
[    0.161398] EDAC MC: Ver: 3.0.0
[    0.163936] clocksource: Switched to clocksource arch_sys_counter
[    0.175193] NET: Registered protocol family 2
[    0.175703] TCP established hash table entries: 8192 (order: 3, 32768 bytes)
[    0.175807] TCP bind hash table entries: 8192 (order: 4, 65536 bytes)
[    0.175994] TCP: Hash tables configured (established 8192 bind 8192)
[    0.176054] UDP hash table entries: 512 (order: 2, 16384 bytes)
[    0.176097] UDP-Lite hash table entries: 512 (order: 2, 16384 bytes)
[    0.176273] NET: Registered protocol family 1
[    0.176532] RPC: Registered named UNIX socket transport module.
[    0.176543] RPC: Registered udp transport module.
[    0.176551] RPC: Registered tcp transport module.
[    0.176558] RPC: Registered tcp NFSv4.1 backchannel transport module.
[    0.176583] PCI: CLS 0 bytes, default 64
[    0.178879] futex hash table entries: 1024 (order: 4, 65536 bytes)
[    0.191512] squashfs: version 4.0 (2009/01/31) Phillip Lougher
[    0.192475] NFS: Registering the id_resolver key type
[    0.192505] Key type id_resolver registered
[    0.192515] Key type id_legacy registered
[    0.192602] ntfs: driver 2.1.32 [Flags: R/O].
[    0.194077] bounce: pool size: 64 pages
[    0.194297] Block layer SCSI generic (bsg) driver version 0.4 loaded (major 249)
[    0.194314] io scheduler noop registered
[    0.194327] io scheduler deadline registered
[    0.194365] io scheduler cfq registered (default)
[    0.214089] vdd-lcd-bl: supplied by vdd_ac_bat
[    0.221278] tegra-apbdma 6000a000.dma: Tegra20 APB DMA driver register 32 channels
[    0.222578] tegra-pmc 7000e400.pmc: i2c-thermtrip node not found, emergency thermal reset disabled.
[    0.291948] Serial: 8250/16550 driver, 4 ports, IRQ sharing disabled
[    0.294508] SuperH (H)SCI(F) driver initialized
[    0.295420] msm_serial: driver initialized
[    0.296328] console [ttyS0] disabled
[    0.296366] 70006300.serial: ttyS0 at MMIO 0x70006300 (irq = 329, base_baud = 25500000) is a Tegra
[    1.108641] console [ttyS0] enabled
[    1.112897] STMicroelectronics ASC driver initialized
[    1.120227] [drm] Initialized drm 1.1.0 20060810
[    1.126987] vdd-ao: supplied by vdd_ac_bat
[    1.131328] vddio-1v8: supplied by vdd-ao
[    1.135733] avdd-dsi-csi: supplied by vddio-1v8
[    1.142484] tegra-hdmi 54280000.hdmi: failed to get HDMI regulator
[    1.150542] vdd-sys-3v3: supplied by vdd_ac_bat
[    1.155313] avdd-lcd: supplied by vdd-sys-3v3
[    1.166803] loop: module loaded
[    1.176787] m25p80 spi32766.0: w25q32dw (4096 Kbytes)
[    1.181865] spi32766.0: 'partitions' subnode not found on /spi@7000da00/spi-flash@0. Trying to parse direct subnodes as partitions.
[    1.196852] libphy: Fixed MDIO Bus: probed
[    1.201666] CAN device driver interface
[    1.206875] igb: Intel(R) Gigabit Ethernet Network Driver - version 5.3.0-k
[    1.213844] igb: Copyright (c) 2007-2014 Intel Corporation.
[    1.222465] pegasus: v0.9.3 (2013/04/25), Pegasus/Pegasus II USB Ethernet driver
[    1.229923] usbcore: registered new interface driver pegasus
[    1.235673] usbcore: registered new interface driver asix
[    1.241136] usbcore: registered new interface driver ax88179_178a
[    1.247287] usbcore: registered new interface driver cdc_ether
[    1.253199] usbcore: registered new interface driver smsc75xx
[    1.259026] usbcore: registered new interface driver smsc95xx
[    1.264830] usbcore: registered new interface driver net1080
[    1.270549] usbcore: registered new interface driver cdc_subset
[    1.276526] usbcore: registered new interface driver zaurus
[    1.282200] usbcore: registered new interface driver cdc_ncm
[    1.289776] ehci_hcd: USB 2.0 'Enhanced' Host Controller (EHCI) Driver
[    1.296319] ehci-pci: EHCI PCI platform driver
[    1.300825] ehci-platform: EHCI generic platform driver
[    1.306260] ehci-omap: OMAP-EHCI Host Controller driver
[    1.311636] ehci-orion: EHCI orion driver
[    1.315798] SPEAr-ehci: EHCI SPEAr driver
[    1.319964] ehci-st: EHCI STMicroelectronics driver
[    1.324993] ehci-exynos: EHCI EXYNOS driver
[    1.329350] ehci-atmel: EHCI Atmel driver
[    1.333494] tegra-ehci: Tegra EHCI driver
[    1.337824] ohci_hcd: USB 1.1 'Open' Host Controller (OHCI) Driver
[    1.344032] ohci-pci: OHCI PCI platform driver
[    1.348525] ohci-platform: OHCI generic platform driver
[    1.353937] ohci-omap3: OHCI OMAP3 driver
[    1.358083] SPEAr-ohci: OHCI SPEAr driver
[    1.362249] ohci-st: OHCI STMicroelectronics driver
[    1.367280] ohci-atmel: OHCI Atmel driver
[    1.371809] usbcore: registered new interface driver usb-storage
[    1.379394] mousedev: PS/2 mouse device common for all mice
[    1.390305] palmas-rtc 7000d000.i2c:tps65913@58:rtc: rtc core: registered 7000d000.i2c:tps659 as rtc0
[    1.401462] tegra_rtc 7000e000.rtc: rtc core: registered 7000e000.rtc as rtc1
[    1.408655] tegra_rtc 7000e000.rtc: Tegra internal Real Time Clock
[    1.415410] i2c /dev entries driver
[    1.422830] sbs-battery 0-000b: sbs_probe: Failed to get device status
[    1.429383] sbs-battery: probe of 0-000b failed with error -121
[    1.438118] vdd-sensor-2v85: supplied by vdd-sys-3v3
[    1.450348] sdhci: Secure Digital Host Controller Interface driver
[    1.456539] sdhci: Copyright(c) Pierre Ossman
[    1.462411] Synopsys Designware Multimedia Card Interface Driver
[    1.469519] sdhci-pltfm: SDHCI platform and OF driver helper
[    1.475894] sdhci-tegra 78000400.sdhci: Got CD GPIO
[    1.480801] sdhci-tegra 78000400.sdhci: Got WP GPIO
[    1.486863] sdhci-tegra 78000400.sdhci: No vmmc regulator found
[    1.492796] sdhci-tegra 78000400.sdhci: No vqmmc regulator found
[    1.498808] mmc0: Invalid maximum block size, assuming 512 bytes
[    1.539080] mmc0: SDHCI controller on 78000400.sdhci [78000400.sdhci] using ADMA
[    1.548767] sdhci-tegra 78000600.sdhci: No vmmc regulator found
[    1.554703] sdhci-tegra 78000600.sdhci: No vqmmc regulator found
[    1.560715] mmc1: Invalid maximum block size, assuming 512 bytes
[    1.598955] mmc1: SDHCI controller on 78000600.sdhci [78000600.sdhci] using ADMA
[    1.607758] ledtrig-cpu: registered to indicate activity on CPUs
[    1.614023] usbcore: registered new interface driver usbhid
[    1.619604] usbhid: USB HID core driver
[    1.632362] NET: Registered protocol family 10
[    1.637595] sit: IPv6 over IPv4 tunneling driver
[    1.644943] NET: Registered protocol family 17
[    1.649424] can: controller area network core (rev 20120528 abi 9)
[    1.657692] NET: Registered protocol family 29
[    1.662165] can: raw protocol (rev 20120528)
[    1.668466] can: broadcast manager protocol (rev 20120528 t)
[    1.676172] can: netlink gateway (rev 20130117) max_hops=1
[    1.682063] Key type dns_resolver registered
[    1.691040] ThumbEE CPU extension supported.
[    1.695344] Registering SWP/SWPB emulation handler
[    1.713818] vdd-sys-5v0: supplied by vdd_ac_bat
[    1.719170] VDD_5V0_HDMI_CON: supplied by vdd-sys-5v0
[    1.725771] vdd_hdmi_5v0: supplied by vdd-sys-5v0
[    1.734842] [drm] Supports vblank timestamp caching Rev 2 (21.10.2013).
[    1.741501] [drm] No driver support for vblank timestamp query.
[    1.743863] mmc1: MAN_BKOPS_EN bit is not set
[    1.749334] mmc1: new high speed MMC card at address 0001
[    1.750754] mmcblk0: mmc1:0001 SEM32G 29.1 GiB 
[    1.751545] mmcblk0boot0: mmc1:0001 SEM32G partition 1 4.00 MiB
[    1.752161] mmcblk0boot1: mmc1:0001 SEM32G partition 2 4.00 MiB
[    1.752468] mmcblk0rpmb: mmc1:0001 SEM32G partition 3 4.00 MiB
[    1.756241]  mmcblk0: p1 p2 p3 p4 p5 p6 p7 p8
[    1.841927] Console: switching to colour frame buffer device 240x75
[    1.869361] drm drm: fb0:  frame buffer device
[    1.889078] [drm] Initialized tegra 0.0.0 20120330 on minor 0
[    1.895980] usb2_vbus: supplied by vdd-sys-5v0
[    1.902653] tegra-ehci 7d008000.usb: EHCI Host Controller
[    1.908139] tegra-ehci 7d008000.usb: new USB bus registered, assigned bus number 1
[    1.916078] tegra-ehci 7d008000.usb: irq 339, io mem 0x7d008000
[    1.929095] tegra-ehci 7d008000.usb: USB 2.0 started, EHCI 1.10
[    1.936311] hub 1-0:1.0: USB hub found
[    1.940175] hub 1-0:1.0: 1 port detected
[    1.946233] input: gpio-keys as /devices/soc0/gpio-keys/input/input0
[    1.955348] palmas-rtc 7000d000.i2c:tps65913@58:rtc: setting system clock to 2000-06-21 22:32:03 UTC (961626723)
[    1.978692] dvdd_ts: disabling
[    1.981789] usb1_vbus: disabling
[    1.985025] vdd_cam_1v8_reg: disabling
[    1.990552] EXT4-fs (mmcblk0p1): mounting ext3 file system using the ext4 subsystem
[    2.020213] EXT4-fs (mmcblk0p1): recovery complete
[    2.025059] EXT4-fs (mmcblk0p1): mounted filesystem with ordered data mode. Opts: (null)
[    2.033188] VFS: Mounted root (ext3 filesystem) on device 179:1.
[    2.042994] devtmpfs: mounted
[    2.046916] Freeing unused kernel memory: 1044K (c0dbb000 - c0ec0000)
bash: cannot set terminal process group (-1): Inappropriate ioctl for device
bash: no job control in this shell
root@(none):/# [    2.254093] usb 1-1: new high-speed USB device number 2 using tegra-ehci
