Diff for ./tegra114-dalmore-a04/tegra114-dalmore/multi_v7_defconfig_log.txt
--- /tmp/fooa	2014-09-16 14:52:01.419505970 -0700
+++ /tmp/foob	2014-09-16 14:52:01.419505970 -0700
@@ -36,52 +36,51 @@
 	 #################################################################
 	 #################################################################
 	 #################################################################
-	 ############
-	 3.1 MiB/s
+	 ###########################
+	 3.2 MiB/s
 done
-Bytes transferred = 4938008 (4b5918 hex)
+Bytes transferred = 5154472 (4ea6a8 hex)
 Tegra114 (Dalmore) # tftpboot 0x82000000 tegra114-dalmore.dtb
 Using asx0 device
 TFTP from server 192.168.100.1; our IP address is 192.168.100.100
 Filename 'tegra114-dalmore.dtb'.
 Load address: 0x82000000
 Loading: *###
-	 2.5 MiB/s
+	 3 MiB/s
 done
-Bytes transferred = 34244 (85c4 hex)
+Bytes transferred = 34674 (8772 hex)
 Tegra114 (Dalmore) # bootz 0x81000000 - 0x82000000
-Kernel image @ 0x81000000 [ 0x000000 - 0x4b5918 ]
+Kernel image @ 0x81000000 [ 0x000000 - 0x4ea6a8 ]
 ## Flattened Device Tree blob at 82000000
    Booting using the fdt blob at 0x82000000
-   Loading Device Tree to 8fff4000, end 8ffff5c3 ... OK
+   Loading Device Tree to 8fff4000, end 8ffff771 ... OK
 
 Starting kernel ...
 
 Booting Linux on physical CPU 0x0
-Linux version 3.16.0-79775-g19583ca (pwalmsley@kaivo) (gcc version 4.7.3 20130328 (prerelease) (crosstool-NG linaro-1.13.1-4.7-2013.04-20130415 - Linaro GCC 2013.04) ) #1 SMP Mon Aug 4 00:46:30 PDT 2014
+Linux version 3.17.0-rc1-91304-g7d1311b (pwalmsley@kaivo) (gcc version 4.7.3 20130328 (prerelease) (crosstool-NG linaro-1.13.1-4.7-2013.04-20130415 - Linaro GCC 2013.04) ) #1 SMP Tue Sep 16 14:29:28 PDT 2014
 CPU: ARMv7 Processor [412fc0f2] revision 2 (ARMv7), cr=10c5387d
 CPU: PIPT / VIPT nonaliasing data cache, PIPT instruction cache
 Machine model: NVIDIA Tegra114 Dalmore evaluation board
 debug: ignoring loglevel setting.
-cma: CMA: reserved 64 MiB at ab800000
+cma: Reserved 64 MiB at ab800000
 Memory policy: Data cache writealloc
 On node 0 totalpages: 524032
-free_area_init_node: node 0, pgdat c0c43b00, node_mem_map ea7d8000
+free_area_init_node: node 0, pgdat c0cc0f40, node_mem_map ea7d8000
   DMA zone: 1520 pages used for memmap
   DMA zone: 0 pages reserved
   DMA zone: 194560 pages, LIFO batch:31
   HighMem zone: 2574 pages used for memmap
   HighMem zone: 329472 pages, LIFO batch:31
-Tegra Revision: A01 SKU: 0 CPU Process: 1 Core Process: 1
-PERCPU: Embedded 8 pages/cpu @ea793000 s8448 r8192 d16128 u32768
-pcpu-alloc: s8448 r8192 d16128 u32768 alloc=8*4096
+PERCPU: Embedded 8 pages/cpu @ea793000 s8512 r8192 d16064 u32768
+pcpu-alloc: s8512 r8192 d16064 u32768 alloc=8*4096
 pcpu-alloc: [0] 0 [0] 1 [0] 2 [0] 3 
 Built 1 zonelists in Zone order, mobility grouping on.  Total pages: 522512
 Kernel command line: ignore_loglevel console=ttyS0,115200n8 rw root=/dev/mmcblk0p1 rootwait gpt debug init=/bin/bash
 PID hash table entries: 4096 (order: 2, 16384 bytes)
 Dentry cache hash table entries: 131072 (order: 7, 524288 bytes)
 Inode-cache hash table entries: 65536 (order: 6, 262144 bytes)
-Memory: 2002152K/2096128K available (6366K kernel code, 894K rwdata, 2568K rodata, 652K init, 304K bss, 93976K reserved, 1317888K highmem)
+Memory: 2001648K/2096128K available (6676K kernel code, 923K rwdata, 2684K rodata, 696K init, 305K bss, 94480K reserved, 1317888K highmem)
 Virtual kernel memory layout:
     vector  : 0xffff0000 - 0xffff1000   (   4 kB)
     fixmap  : 0xffc00000 - 0xffe00000   (2048 kB)
@@ -89,10 +88,10 @@
     lowmem  : 0xc0000000 - 0xef800000   ( 760 MB)
     pkmap   : 0xbfe00000 - 0xc0000000   (   2 MB)
     modules : 0xbf000000 - 0xbfe00000   (  14 MB)
-      .text : 0xc0208000 - 0xc0ac1b54   (8935 kB)
-      .init : 0xc0ac2000 - 0xc0b65100   ( 653 kB)
-      .data : 0xc0b66000 - 0xc0c45800   ( 894 kB)
-       .bss : 0xc0c45808 - 0xc0c91898   ( 305 kB)
+      .text : 0xc0208000 - 0xc0b2c368   (9361 kB)
+      .init : 0xc0b2d000 - 0xc0bdb140   ( 697 kB)
+      .data : 0xc0bdc000 - 0xc0cc2d40   ( 924 kB)
+       .bss : 0xc0cc2d40 - 0xc0d0f258   ( 306 kB)
 SLUB: HWalign=64, Order=0-3, MinObjects=0, CPUs=4, Nodes=1
 Hierarchical RCU implementation.
 	RCU restricting CPUs from NR_CPUS=8 to nr_cpu_ids=4.
@@ -100,9 +99,10 @@
 NR_IRQS:16 nr_irqs:16 16
 L2C: failed to init: -19
 sched_clock: 32 bits at 1000kHz, resolution 1000ns, wraps every 2147483648000ns
+Switching to timer-based delay loop, resolution 1000ns
 Architected cp15 timer(s) running at 12.00MHz (virt).
 sched_clock: 56 bits at 12MHz, resolution 83ns, wraps every 2863311536128ns
-Switching to timer-based delay loop
+Switching to timer-based delay loop, resolution 83ns
 Console: colour dummy device 80x30
 Calibrating delay loop (skipped), value calculated using timer frequency.. 24.00 BogoMIPS (lpj=60000)
 pid_max: default: 32768 minimum: 301
@@ -114,7 +114,8 @@
 /cpus/cpu@2 missing clock-frequency property
 /cpus/cpu@3 missing clock-frequency property
 CPU0: thread -1, cpu 0, socket 0, mpidr 80000000
-Setting up static identity map for 0x808036d0 - 0x80803768
+Setting up static identity map for 0x8084e308 - 0x8084e3a0
+Tegra Revision: A01 SKU: 0 CPU Process: 1 Core Process: 0
 CPU1: Booted secondary processor
 CPU1: thread -1, cpu 1, socket 0, mpidr 80000001
 CPU2: Booted secondary processor
@@ -138,7 +139,7 @@
 EXYNOS: PMU not supported
 Serial: AMBA PL011 UART driver
 edma-dma-engine edma-dma-engine.0: Can't allocate PaRAM dummy slot
-edma-dma-engine: probe of edma-dma-engine.0 failed with error -5
+edma-dma-engine: probe of edma-dma-engine.0 failed with error -22
 vdd_ac_bat: 5000 mV 
 dvdd_ts: Failed to request enable GPIO61: -517
 reg-fixed-voltage regulators:regulator@1: Failed to register regulator: -517
@@ -165,9 +166,9 @@
 usbcore: registered new device driver usb
 vdd-cpu: 500 <--> 1520 mV at 1100 mV 
 tps65090 2-0048: No cache defaults, reading back from HW
-vdd-sys-5v0: no parameters
+vdd-sys-5v0: at 5000 mV 
 vdd-sys-5v0: supplied by vdd_ac_bat
-vdd-sys-3v3: no parameters
+vdd-sys-3v3: at 3300 mV 
 vdd-sys-3v3: supplied by vdd_ac_bat
 vdd-ao: no parameters
 vdd-ao: supplied by vdd_ac_bat
@@ -185,11 +186,11 @@
 vdd-sd-slot: supplied by vdd-sys-3v3
 vdd-com-3v3: no parameters
 vdd-com-3v3: supplied by vdd-sys-3v3
-vdd-sby-5v0: no parameters
+vdd-sby-5v0: at 5000 mV 
 vdd-sby-5v0: supplied by vdd_ac_bat
-vdd-sby-3v3: no parameters
+vdd-sby-3v3: at 3300 mV 
 vdd-sby-3v3: supplied by vdd_ac_bat
-genirq: Setting trigger mode 8 for irq 118 failed (gic_set_type+0x0/0x104)
+genirq: Setting trigger mode 8 for irq 118 failed (gic_set_type+0x0/0x98)
 palmas 2-0058: Irq flag is 0x00000000
 palmas 2-0058: Muxing GPIO ff, PWM 0, LED 0
 vddio-ddr: 1350 mV 
@@ -259,7 +260,7 @@
 NFS: Registering the id_resolver key type
 Key type id_resolver registered
 Key type id_legacy registered
-msgmni has been set to 1464
+msgmni has been set to 1463
 bounce: pool size: 64 pages
 Block layer SCSI generic (bsg) driver version 0.4 loaded (major 249)
 io scheduler noop registered
@@ -280,6 +281,8 @@
 platform 54280000.hdmi: Driver tegra-hdmi requests probe deferral
 loop: module loaded
 CAN device driver interface
+igb: Intel(R) Gigabit Ethernet Network Driver - version 5.2.13-k
+igb: Copyright (c) 2007-2014 Intel Corporation.
 pegasus: v0.9.3 (2013/04/25), Pegasus/Pegasus II USB Ethernet driver
 usbcore: registered new interface driver pegasus
 usbcore: registered new interface driver asix
@@ -322,12 +325,12 @@
 sdhci-pltfm: SDHCI platform and OF driver helper
 sdhci-tegra 78000400.sdhci: Got CD GPIO #170.
 sdhci-tegra 78000400.sdhci: Got WP GPIO #132.
-mmc0: no vqmmc regulator found
-mmc0: no vmmc regulator found
+sdhci-tegra 78000400.sdhci: No vmmc regulator found
+sdhci-tegra 78000400.sdhci: No vqmmc regulator found
 mmc0: Invalid maximum block size, assuming 512 bytes
 mmc0: SDHCI controller on 78000400.sdhci [78000400.sdhci] using ADMA
-mmc1: no vqmmc regulator found
-mmc1: no vmmc regulator found
+sdhci-tegra 78000600.sdhci: No vmmc regulator found
+sdhci-tegra 78000600.sdhci: No vqmmc regulator found
 mmc1: Invalid maximum block size, assuming 512 bytes
 mmc1: SDHCI controller on 78000600.sdhci [78000600.sdhci] using ADMA
 usbcore: registered new interface driver usbhid
@@ -378,7 +381,7 @@
 hub 1-0:1.0: USB hub found
 hub 1-0:1.0: 1 port detected
 input: gpio-keys as /devices/soc0/gpio-keys/input/input1
-palmas-rtc 7000d000.i2c:tps65913@58:rtc: setting system clock to 2000-01-10 03:01:10 UTC (947473270)
+palmas-rtc 7000d000.i2c:tps65913@58:rtc: setting system clock to 2000-02-22 16:43:53 UTC (951237833)
 vdd_cam_1v8_reg: disabling
 vdd_hdmi_5v0: disabling
 usb1_vbus: disabling
@@ -390,7 +393,7 @@
 EXT4-fs (mmcblk0p1): mounted filesystem with ordered data mode. Opts: (null)
 VFS: Mounted root (ext3 filesystem) on device 179:1.
 devtmpfs: mounted
-Freeing unused kernel memory: 652K (c0ac2000 - c0b65000)
+Freeing unused kernel memory: 696K (c0b2d000 - c0bdb000)
 bash: cannot set terminal process group (-1): Inappropriate ioctl for device
 bash: no job control in this shell
-root@(none):/# [    2.842711] usb 1-1: new high-speed USB device number 2 using tegra-ehci
+root@(none):/# [    2.883315] usb 1-1: new high-speed USB device number 2 using tegra-ehci
Diff for ./tegra114-dalmore-a04/tegra114-dalmore/tegra_defconfig_log.txt
--- /tmp/fooa	2014-09-16 14:52:01.427505965 -0700
+++ /tmp/foob	2014-09-16 14:52:01.427505965 -0700
@@ -35,24 +35,24 @@
 	 #################################################################
 	 #################################################################
 	 #################################################################
-	 ##########################################
-	 2.8 MiB/s
+	 ####################################################
+	 3 MiB/s
 done
-Bytes transferred = 4423800 (438078 hex)
+Bytes transferred = 4571336 (45c0c8 hex)
 Tegra114 (Dalmore) # tftpboot 0x82000000 tegra114-dalmore.dtb
 Using asx0 device
 TFTP from server 192.168.100.1; our IP address is 192.168.100.100
 Filename 'tegra114-dalmore.dtb'.
 Load address: 0x82000000
 Loading: *###
-	 2.5 MiB/s
+	 2.8 MiB/s
 done
-Bytes transferred = 34244 (85c4 hex)
+Bytes transferred = 34674 (8772 hex)
 Tegra114 (Dalmore) # bootz 0x81000000 - 0x82000000
-Kernel image @ 0x81000000 [ 0x000000 - 0x438078 ]
+Kernel image @ 0x81000000 [ 0x000000 - 0x45c0c8 ]
 ## Flattened Device Tree blob at 82000000
    Booting using the fdt blob at 0x82000000
-   Loading Device Tree to 8fff4000, end 8ffff5c3 ... OK
+   Loading Device Tree to 8fff4000, end 8ffff771 ... OK
 
 Starting kernel ...
 
@@ -60,30 +60,29 @@
 Booting Linux on physical CPU 0x0
 Initializing cgroup subsys cpu
 Initializing cgroup subsys cpuacct
-Linux version 3.16.0-79775-g19583ca (pwalmsley@tamien) (gcc version 4.7.3 20130328 (prerelease) (crosstool-NG linaro-1.13.1-4.7-2013.04-20130415 - Linaro GCC 2013.04) ) #1 SMP PREEMPT Mon Aug 4 00:46:04 PDT 2014
+Linux version 3.17.0-rc1-91304-g7d1311b (pwalmsley@tamien) (gcc version 4.7.3 20130328 (prerelease) (crosstool-NG linaro-1.13.1-4.7-2013.04-20130415 - Linaro GCC 2013.04) ) #1 SMP PREEMPT Tue Sep 16 14:30:32 PDT 2014
 CPU: ARMv7 Processor [412fc0f2] revision 2 (ARMv7), cr=10c5387d
 CPU: PIPT / VIPT nonaliasing data cache, PIPT instruction cache
 Machine model: NVIDIA Tegra114 Dalmore evaluation board
 debug: ignoring loglevel setting.
-cma: CMA: reserved 64 MiB at ab800000
+cma: Reserved 64 MiB at ab800000
 Memory policy: Data cache writealloc
 On node 0 totalpages: 524032
-free_area_init_node: node 0, pgdat c0875140, node_mem_map ea7d7000
+free_area_init_node: node 0, pgdat c08bd100, node_mem_map ea7d7000
   Normal zone: 1520 pages used for memmap
   Normal zone: 0 pages reserved
   Normal zone: 194560 pages, LIFO batch:31
   HighMem zone: 2574 pages used for memmap
   HighMem zone: 329472 pages, LIFO batch:31
-Tegra Revision: A01 SKU: 0 CPU Process: 1 Core Process: 1
-PERCPU: Embedded 8 pages/cpu @ea792000 s8768 r8192 d15808 u32768
-pcpu-alloc: s8768 r8192 d15808 u32768 alloc=8*4096
+PERCPU: Embedded 8 pages/cpu @ea792000 s8832 r8192 d15744 u32768
+pcpu-alloc: s8832 r8192 d15744 u32768 alloc=8*4096
 pcpu-alloc: [0] 0 [0] 1 [0] 2 [0] 3 
 Built 1 zonelists in Zone order, mobility grouping on.  Total pages: 522512
 Kernel command line: ignore_loglevel console=ttyS0,115200n8 rw root=/dev/mmcblk0p1 rootwait gpt debug init=/bin/bash
 PID hash table entries: 4096 (order: 2, 16384 bytes)
 Dentry cache hash table entries: 131072 (order: 7, 524288 bytes)
 Inode-cache hash table entries: 65536 (order: 6, 262144 bytes)
-Memory: 2003948K/2096128K available (6039K kernel code, 330K rwdata, 1992K rodata, 264K init, 357K bss, 92180K reserved, 1317888K highmem)
+Memory: 2003656K/2096128K available (6258K kernel code, 338K rwdata, 2048K rodata, 272K init, 357K bss, 92472K reserved, 1317888K highmem)
 Virtual kernel memory layout:
     vector  : 0xffff0000 - 0xffff1000   (   4 kB)
     fixmap  : 0xffc00000 - 0xffe00000   (2048 kB)
@@ -91,17 +90,18 @@
     lowmem  : 0xc0000000 - 0xef800000   ( 760 MB)
     pkmap   : 0xbfe00000 - 0xc0000000   (   2 MB)
     modules : 0xbf000000 - 0xbfe00000   (  14 MB)
-      .text : 0xc0008000 - 0xc07e034c   (8033 kB)
-      .init : 0xc07e1000 - 0xc0823240   ( 265 kB)
-      .data : 0xc0824000 - 0xc0876a80   ( 331 kB)
-       .bss : 0xc0876a8c - 0xc08cfffc   ( 358 kB)
+      .text : 0xc0008000 - 0xc0824d20   (8308 kB)
+      .init : 0xc0825000 - 0xc0869280   ( 273 kB)
+      .data : 0xc086a000 - 0xc08beb20   ( 339 kB)
+       .bss : 0xc08beb20 - 0xc0918240   ( 358 kB)
 Preemptible hierarchical RCU implementation.
 NR_IRQS:16 nr_irqs:16 16
 L2C: failed to init: -19
 sched_clock: 32 bits at 1000kHz, resolution 1000ns, wraps every 2147483648000ns
+Switching to timer-based delay loop, resolution 1000ns
 Architected cp15 timer(s) running at 12.00MHz (virt).
 sched_clock: 56 bits at 12MHz, resolution 83ns, wraps every 2863311536128ns
-Switching to timer-based delay loop
+Switching to timer-based delay loop, resolution 83ns
 Console: colour dummy device 80x30
 Calibrating delay loop (skipped), value calculated using timer frequency.. 24.00 BogoMIPS (lpj=120000)
 pid_max: default: 32768 minimum: 301
@@ -115,7 +115,8 @@
 /cpus/cpu@2 missing clock-frequency property
 /cpus/cpu@3 missing clock-frequency property
 CPU0: thread -1, cpu 0, socket 0, mpidr 80000000
-Setting up static identity map for 0x805b9bd0 - 0x805b9c68
+Setting up static identity map for 0x805ef130 - 0x805ef1c8
+Tegra Revision: A01 SKU: 0 CPU Process: 1 Core Process: 0
 CPU1: Booted secondary processor
 CPU1: thread -1, cpu 1, socket 0, mpidr 80000001
 CPU2: Booted secondary processor
@@ -161,9 +162,9 @@
 usbcore: registered new device driver usb
 vdd-cpu: 500 <--> 1520 mV at 1100 mV 
 tps65090 2-0048: No cache defaults, reading back from HW
-vdd-sys-5v0: no parameters
+vdd-sys-5v0: at 5000 mV 
 vdd-sys-5v0: supplied by vdd_ac_bat
-vdd-sys-3v3: no parameters
+vdd-sys-3v3: at 3300 mV 
 vdd-sys-3v3: supplied by vdd_ac_bat
 vdd-ao: no parameters
 vdd-ao: supplied by vdd_ac_bat
@@ -181,11 +182,11 @@
 vdd-sd-slot: supplied by vdd-sys-3v3
 vdd-com-3v3: no parameters
 vdd-com-3v3: supplied by vdd-sys-3v3
-vdd-sby-5v0: no parameters
+vdd-sby-5v0: at 5000 mV 
 vdd-sby-5v0: supplied by vdd_ac_bat
-vdd-sby-3v3: no parameters
+vdd-sby-3v3: at 3300 mV 
 vdd-sby-3v3: supplied by vdd_ac_bat
-genirq: Setting trigger mode 8 for irq 118 failed (gic_set_type+0x0/0xf0)
+genirq: Setting trigger mode 8 for irq 118 failed (gic_set_type+0x0/0x84)
 palmas 2-0058: Irq flag is 0x00000000
 palmas 2-0058: Muxing GPIO ff, PWM 0, LED 0
 vddio-ddr: 1350 mV 
@@ -230,6 +231,9 @@
 SYSEN1: no parameters
 SYSEN2: no parameters
 Linux video capture interface: v2.00
+pps_core: LinuxPPS API ver. 1 registered
+pps_core: Software ver. 5.3.6 - Copyright 2005-2007 Rodolfo Giometti <giometti@linux.it>
+PTP clock support registered
 platform 70019010.iommu: Driver tegra-smmu requests probe deferral
 Advanced Linux Sound Architecture Driver Initialized.
 Bluetooth: Core ver 2.19
@@ -270,6 +274,8 @@
 loop: module loaded
 m25p80 spi32766.0: w25q32dw (4096 Kbytes)
 CAN device driver interface
+igb: Intel(R) Gigabit Ethernet Network Driver - version 5.2.13-k
+igb: Copyright (c) 2007-2014 Intel Corporation.
 pegasus: v0.9.3 (2013/04/25), Pegasus/Pegasus II USB Ethernet driver
 usbcore: registered new interface driver pegasus
 usbcore: registered new interface driver asix
@@ -294,6 +300,7 @@
 palmas-rtc 7000d000.i2c:tps65913@58:rtc: rtc core: registered 7000d000.i2c:tps659 as rtc0
 tegra_rtc 7000e000.rtc: rtc core: registered 7000e000.rtc as rtc1
 tegra_rtc 7000e000.rtc: Tegra internal Real Time Clock
+i2c /dev entries driver
 usbcore: registered new interface driver uvcvideo
 USB Video Class driver (1.1.1)
 gspca_main: v2.14.0 registered
@@ -304,12 +311,12 @@
 sdhci-pltfm: SDHCI platform and OF driver helper
 sdhci-tegra 78000400.sdhci: Got CD GPIO #170.
 sdhci-tegra 78000400.sdhci: Got WP GPIO #132.
-mmc0: no vqmmc regulator found
-mmc0: no vmmc regulator found
+sdhci-tegra 78000400.sdhci: No vmmc regulator found
+sdhci-tegra 78000400.sdhci: No vqmmc regulator found
 mmc0: Invalid maximum block size, assuming 512 bytes
 mmc0: SDHCI controller on 78000400.sdhci [78000400.sdhci] using ADMA
-mmc1: no vqmmc regulator found
-mmc1: no vmmc regulator found
+sdhci-tegra 78000600.sdhci: No vmmc regulator found
+sdhci-tegra 78000600.sdhci: No vqmmc regulator found
 mmc1: Invalid maximum block size, assuming 512 bytes
 mmc1: SDHCI controller on 78000600.sdhci [78000600.sdhci] using ADMA
 usbcore: registered new interface driver usbhid
@@ -368,7 +375,7 @@
 hub 1-0:1.0: USB hub found
 hub 1-0:1.0: 1 port detected
 input: gpio-keys as /devices/soc0/gpio-keys/input/input1
-palmas-rtc 7000d000.i2c:tps65913@58:rtc: setting system clock to 2000-01-10 03:00:43 UTC (947473243)
+palmas-rtc 7000d000.i2c:tps65913@58:rtc: setting system clock to 2000-02-22 16:44:46 UTC (951237886)
 vdd_cam_1v8_reg: disabling
 vdd_hdmi_5v0: disabling
 usb1_vbus: disabling
@@ -381,7 +388,7 @@
 EXT3-fs (mmcblk0p1): mounted filesystem with writeback data mode
 VFS: Mounted root (ext3 filesystem) on device 179:1.
 devtmpfs: mounted
-Freeing unused kernel memory: 264K (c07e1000 - c0823000)
+Freeing unused kernel memory: 272K (c0825000 - c0869000)
 bash: cannot set terminal process group (-1): Inappropriate ioctl for device
 bash: no job control in this shell
-root@(none):/# [    3.010603] usb 1-1: new high-speed USB device number 2 using tegra-ehci
+root@(none):/# 
\ No newline at end of file
Diff for ./tegra124-jetson-tk1/tegra124-jetson-tk1/multi_v7_defconfig_log.txt
--- /tmp/fooa	2014-09-16 14:52:01.431505964 -0700
+++ /tmp/foob	2014-09-16 14:52:01.435505963 -0700
@@ -29,6 +29,7 @@
 Tegra124 (Jetson TK1) # setenv bootargs 'ignore_loglevel console=ttyS0,115200n8 rw root=/dev/mmcblk0p1 rootwait gpt debug init=/bin/bash noinitrd'
 Tegra124 (Jetson TK1) # setenv ipaddr 192.168.100.102; setenv serverip 192.168.100.1; setenv tftpserverip 192.168.100.1
 Tegra124 (Jetson TK1) # tftpboot 0x81000000 zImage.multi_v7_defconfig
+Waiting for Ethernet connection... done.
 Using asx0 device
 TFTP from server 192.168.100.1; our IP address is 192.168.100.102
 Filename 'zImage.multi_v7_defconfig'.
@@ -38,53 +39,51 @@
 	 #################################################################
 	 #################################################################
 	 #################################################################
-	 ############
-	 2.8 MiB/s
+	 ###########################
+	 3 MiB/s
 done
-Bytes transferred = 4938008 (4b5918 hex)
+Bytes transferred = 5154472 (4ea6a8 hex)
 Tegra124 (Jetson TK1) # tftpboot 0x82000000 tegra124-jetson-tk1.dtb
 Using asx0 device
 TFTP from server 192.168.100.1; our IP address is 192.168.100.102
 Filename 'tegra124-jetson-tk1.dtb'.
 Load address: 0x82000000
-Loading: *###
-	 2.7 MiB/s
+Loading: *####
+	 3 MiB/s
 done
-Bytes transferred = 42784 (a720 hex)
+Bytes transferred = 44415 (ad7f hex)
 Tegra124 (Jetson TK1) # bootz 0x81000000 - 0x82000000
-Kernel image @ 0x81000000 [ 0x000000 - 0x4b5918 ]
+Kernel image @ 0x81000000 [ 0x000000 - 0x4ea6a8 ]
 ## Flattened Device Tree blob at 82000000
    Booting using the fdt blob at 0x82000000
-   Using Device Tree in place at 82000000, end 8200d71f
+   Using Device Tree in place at 82000000, end 8200dd7e
 
 Starting kernel ...
 
 Booting Linux on physical CPU 0x0
-Linux version 3.16.0-79775-g19583ca (pwalmsley@kaivo) (gcc version 4.7.3 20130328 (prerelease) (crosstool-NG linaro-1.13.1-4.7-2013.04-20130415 - Linaro GCC 2013.04) ) #1 SMP Mon Aug 4 00:46:30 PDT 2014
+Linux version 3.17.0-rc1-91304-g7d1311b (pwalmsley@kaivo) (gcc version 4.7.3 20130328 (prerelease) (crosstool-NG linaro-1.13.1-4.7-2013.04-20130415 - Linaro GCC 2013.04) ) #1 SMP Tue Sep 16 14:29:28 PDT 2014
 CPU: ARMv7 Processor [413fc0f3] revision 3 (ARMv7), cr=10c5387d
 CPU: PIPT / VIPT nonaliasing data cache, PIPT instruction cache
 Machine model: NVIDIA Tegra124 Jetson TK1
 debug: ignoring loglevel setting.
-cma: CMA: reserved 64 MiB at ab800000
+cma: Reserved 64 MiB at ab800000
 Memory policy: Data cache writealloc
 On node 0 totalpages: 524032
-free_area_init_node: node 0, pgdat c0c43b00, node_mem_map ea7d8000
+free_area_init_node: node 0, pgdat c0cc0f40, node_mem_map ea7d8000
   DMA zone: 1520 pages used for memmap
   DMA zone: 0 pages reserved
   DMA zone: 194560 pages, LIFO batch:31
   HighMem zone: 2574 pages used for memmap
   HighMem zone: 329472 pages, LIFO batch:31
-Tegra: unknown chip id 64
-Tegra Revision: A01 SKU: 129 CPU Process: 0 Core Process: 0
-PERCPU: Embedded 8 pages/cpu @ea78a000 s8448 r8192 d16128 u32768
-pcpu-alloc: s8448 r8192 d16128 u32768 alloc=8*4096
+PERCPU: Embedded 8 pages/cpu @ea789000 s8512 r8192 d16064 u32768
+pcpu-alloc: s8512 r8192 d16064 u32768 alloc=8*4096
 pcpu-alloc: [0] 0 [0] 1 [0] 2 [0] 3 
 Built 1 zonelists in Zone order, mobility grouping on.  Total pages: 522512
 Kernel command line: ignore_loglevel console=ttyS0,115200n8 rw root=/dev/mmcblk0p1 rootwait gpt debug init=/bin/bash noinitrd
 PID hash table entries: 4096 (order: 2, 16384 bytes)
 Dentry cache hash table entries: 131072 (order: 7, 524288 bytes)
 Inode-cache hash table entries: 65536 (order: 6, 262144 bytes)
-Memory: 2002108K/2096128K available (6366K kernel code, 894K rwdata, 2568K rodata, 652K init, 304K bss, 94020K reserved, 1317888K highmem)
+Memory: 2001600K/2096128K available (6676K kernel code, 923K rwdata, 2684K rodata, 696K init, 305K bss, 94528K reserved, 1317888K highmem)
 Virtual kernel memory layout:
     vector  : 0xffff0000 - 0xffff1000   (   4 kB)
     fixmap  : 0xffc00000 - 0xffe00000   (2048 kB)
@@ -92,10 +91,10 @@
     lowmem  : 0xc0000000 - 0xef800000   ( 760 MB)
     pkmap   : 0xbfe00000 - 0xc0000000   (   2 MB)
     modules : 0xbf000000 - 0xbfe00000   (  14 MB)
-      .text : 0xc0208000 - 0xc0ac1b54   (8935 kB)
-      .init : 0xc0ac2000 - 0xc0b65100   ( 653 kB)
-      .data : 0xc0b66000 - 0xc0c45800   ( 894 kB)
-       .bss : 0xc0c45808 - 0xc0c91898   ( 305 kB)
+      .text : 0xc0208000 - 0xc0b2c368   (9361 kB)
+      .init : 0xc0b2d000 - 0xc0bdb140   ( 697 kB)
+      .data : 0xc0bdc000 - 0xc0cc2d40   ( 924 kB)
+       .bss : 0xc0cc2d40 - 0xc0d0f258   ( 306 kB)
 SLUB: HWalign=64, Order=0-3, MinObjects=0, CPUs=4, Nodes=1
 Hierarchical RCU implementation.
 	RCU restricting CPUs from NR_CPUS=8 to nr_cpu_ids=4.
@@ -103,9 +102,10 @@
 NR_IRQS:16 nr_irqs:16 16
 L2C: failed to init: -19
 sched_clock: 32 bits at 1000kHz, resolution 1000ns, wraps every 2147483648000ns
+Switching to timer-based delay loop, resolution 1000ns
 Architected cp15 timer(s) running at 12.00MHz (virt).
 sched_clock: 56 bits at 12MHz, resolution 83ns, wraps every 2863311536128ns
-Switching to timer-based delay loop
+Switching to timer-based delay loop, resolution 83ns
 Console: colour dummy device 80x30
 Calibrating delay loop (skipped), value calculated using timer frequency.. 24.00 BogoMIPS (lpj=60000)
 pid_max: default: 32768 minimum: 301
@@ -117,7 +117,8 @@
 /cpus/cpu@2 missing clock-frequency property
 /cpus/cpu@3 missing clock-frequency property
 CPU0: thread -1, cpu 0, socket 0, mpidr 80000000
-Setting up static identity map for 0x808036d0 - 0x80803768
+Setting up static identity map for 0x8084e308 - 0x8084e3a0
+Tegra Revision: A01 SKU: 129 CPU Process: 1 Core Process: 1
 CPU1: Booted secondary processor
 CPU1: thread -1, cpu 1, socket 0, mpidr 80000001
 CPU2: Booted secondary processor
@@ -141,7 +142,7 @@
 EXYNOS: PMU not supported
 Serial: AMBA PL011 UART driver
 edma-dma-engine edma-dma-engine.0: Can't allocate PaRAM dummy slot
-edma-dma-engine: probe of edma-dma-engine.0 failed with error -5
+edma-dma-engine: probe of edma-dma-engine.0 failed with error -22
 +VDD_MUX: 12000 mV 
 +5V_SYS: 5000 mV 
 +5V_SYS: supplied by +VDD_MUX
@@ -196,7 +197,7 @@
 NFS: Registering the id_resolver key type
 Key type id_resolver registered
 Key type id_legacy registered
-msgmni has been set to 1464
+msgmni has been set to 1463
 bounce: pool size: 64 pages
 Block layer SCSI generic (bsg) driver version 0.4 loaded (major 249)
 io scheduler noop registered
@@ -235,6 +236,8 @@
 as3722-regulator as3722-regulator: regulator 8 register failed -517
 platform as3722-regulator: Driver as3722-regulator requests probe deferral
 CAN device driver interface
+igb: Intel(R) Gigabit Ethernet Network Driver - version 5.2.13-k
+igb: Copyright (c) 2007-2014 Intel Corporation.
 pegasus: v0.9.3 (2013/04/25), Pegasus/Pegasus II USB Ethernet driver
 usbcore: registered new interface driver pegasus
 usbcore: registered new interface driver asix
@@ -280,23 +283,21 @@
 sdhci-tegra 700b0400.sdhci: Got CD GPIO #170.
 sdhci-tegra 700b0400.sdhci: Got WP GPIO #132.
 mmc0: Unknown controller version (3). You may experience problems.
-mmc0: no vqmmc regulator found
-mmc0: no vmmc regulator found
+sdhci-tegra 700b0400.sdhci: No vmmc regulator found
+platform 700b0400.sdhci: Driver sdhci-tegra requests probe deferral
+mmc0: Unknown controller version (3). You may experience problems.
+sdhci-tegra 700b0600.sdhci: No vmmc regulator found
+sdhci-tegra 700b0600.sdhci: No vqmmc regulator found
 mmc0: Invalid maximum block size, assuming 512 bytes
-mmc0: SDHCI controller on 700b0400.sdhci [700b0400.sdhci] using ADMA
-mmc1: Unknown controller version (3). You may experience problems.
-mmc1: no vqmmc regulator found
-mmc1: no vmmc regulator found
-mmc1: Invalid maximum block size, assuming 512 bytes
-mmc1: SDHCI controller on 700b0600.sdhci [700b0600.sdhci] using ADMA
+mmc0: SDHCI controller on 700b0600.sdhci [700b0600.sdhci] using ADMA
 usbcore: registered new interface driver usbhid
 usbhid: USB HID core driver
-mmc1: BKOPS_EN bit is not set
-mmc1: new high speed MMC card at address 0001
-mmcblk0: mmc1:0001 SEM16G 14.6 GiB 
-mmcblk0boot0: mmc1:0001 SEM16G partition 1 4.00 MiB
-mmcblk0boot1: mmc1:0001 SEM16G partition 2 4.00 MiB
-mmcblk0rpmb: mmc1:0001 SEM16G partition 3 4.00 MiB
+mmc0: BKOPS_EN bit is not set
+mmc0: new high speed MMC card at address 0001
+mmcblk0: mmc0:0001 SEM16G 14.6 GiB 
+mmcblk0boot0: mmc0:0001 SEM16G partition 1 4.00 MiB
+mmcblk0boot1: mmc0:0001 SEM16G partition 2 4.00 MiB
+mmcblk0rpmb: mmc0:0001 SEM16G partition 3 4.00 MiB
 Primary GPT is invalid, using alternate GPT.
  mmcblk0: p1 p2 p3 p4 p5 p6 p7 p8 p9
  mmcblk0boot1: unknown partition table
@@ -350,7 +351,9 @@
 +1.2V_GEN_AVDD: 1200 mV at 150 mA 
 +1.2V_GEN_AVDD: supplied by +1.8V_VDDIO
 +1.05V_LP0_VDD_RTC: 1000 mV at 150 mA 
++1.05V_LP0_VDD_RTC: supplied by +3.3V_SYS
 +2.8V_RUN_CAM: 2800 mV at 150 mA 
++2.8V_RUN_CAM: supplied by +3.3V_SYS
 +1.2V_RUN_CAM_FRONT: 1200 mV at 150 mA 
 +1.2V_RUN_CAM_FRONT: supplied by +1.8V_VDDIO
 +VDDIO_SDMMC3: 1800 <--> 3300 mV at 150 mA 
@@ -370,6 +373,12 @@
 hub 1-0:1.0: USB hub found
 hub 1-0:1.0: 1 port detected
 platform 7d008000.usb: Driver tegra-ehci requests probe deferral
+sdhci-tegra 700b0400.sdhci: Got CD GPIO #170.
+sdhci-tegra 700b0400.sdhci: Got WP GPIO #132.
+mmc1: Unknown controller version (3). You may experience problems.
+sdhci-tegra 700b0400.sdhci: No vmmc regulator found
+mmc1: Invalid maximum block size, assuming 512 bytes
+mmc1: SDHCI controller on 700b0400.sdhci [700b0400.sdhci] using ADMA
 +1.05V_RUN_AVDD_HDMI_PLL: 1050 mV 
 +1.05V_RUN_AVDD_HDMI_PLL: supplied by +1.05V_RUN
 [drm] Supports vblank timestamp caching Rev 2 (21.10.2013).
@@ -387,13 +396,12 @@
 hub 2-0:1.0: USB hub found
 hub 2-0:1.0: 1 port detected
 input: gpio-keys as /devices/soc0/gpio-keys/input/input1
-as3722-rtc as3722-rtc: setting system clock to 2000-02-01 00:00:47 UTC (949363247)
+as3722-rtc as3722-rtc: setting system clock to 2000-02-01 00:00:17 UTC (949363217)
 +1.05V_RUN_AVDD_HDMI_PLL: disabling
 +1.8V_RUN_VPP_FUSE: disabling
 +2.8V_RUN_CAM_AF: disabling
 +3.3V_RUN_TOUCH: disabling
 +1.05V_RUN_CAM_REAR: disabling
-+VDDIO_SDMMC3: disabling
 +1.2V_RUN_CAM_FRONT: disabling
 +2.8V_RUN_CAM: disabling
 +1.8V_RUN_CAM: disabling
@@ -408,7 +416,7 @@
 EXT4-fs (mmcblk0p1): mounted filesystem with ordered data mode. Opts: (null)
 VFS: Mounted root (ext4 filesystem) on device 179:1.
 devtmpfs: mounted
-Freeing unused kernel memory: 652K (c0ac2000 - c0b65000)
+Freeing unused kernel memory: 696K (c0b2d000 - c0bdb000)
 bash: cannot set terminal process group (-1): Inappropriate ioctl for device
 bash: no job control in this shell
-root@(none):/# [    2.862087] usb 2-1: new high-speed USB device number 2 using tegra-ehci
+root@(none):/# [    2.933240] usb 2-1: new high-speed USB device number 2 using tegra-ehci
Diff for ./tegra124-jetson-tk1/tegra124-jetson-tk1/tegra_defconfig_log.txt
--- /tmp/fooa	2014-09-16 14:52:01.447505956 -0700
+++ /tmp/foob	2014-09-16 14:52:01.447505956 -0700
@@ -37,24 +37,24 @@
 	 #################################################################
 	 #################################################################
 	 #################################################################
-	 ##########################################
-	 2.8 MiB/s
+	 ####################################################
+	 3.2 MiB/s
 done
-Bytes transferred = 4423800 (438078 hex)
+Bytes transferred = 4571336 (45c0c8 hex)
 Tegra124 (Jetson TK1) # tftpboot 0x82000000 tegra124-jetson-tk1.dtb
 Using asx0 device
 TFTP from server 192.168.100.1; our IP address is 192.168.100.102
 Filename 'tegra124-jetson-tk1.dtb'.
 Load address: 0x82000000
-Loading: *###
-	 2.9 MiB/s
+Loading: *####
+	 2.6 MiB/s
 done
-Bytes transferred = 42784 (a720 hex)
+Bytes transferred = 44415 (ad7f hex)
 Tegra124 (Jetson TK1) # bootz 0x81000000 - 0x82000000
-Kernel image @ 0x81000000 [ 0x000000 - 0x438078 ]
+Kernel image @ 0x81000000 [ 0x000000 - 0x45c0c8 ]
 ## Flattened Device Tree blob at 82000000
    Booting using the fdt blob at 0x82000000
-   Using Device Tree in place at 82000000, end 8200d71f
+   Using Device Tree in place at 82000000, end 8200dd7e
 
 Starting kernel ...
 
@@ -62,31 +62,29 @@
 Booting Linux on physical CPU 0x0
 Initializing cgroup subsys cpu
 Initializing cgroup subsys cpuacct
-Linux version 3.16.0-79775-g19583ca (pwalmsley@tamien) (gcc version 4.7.3 20130328 (prerelease) (crosstool-NG linaro-1.13.1-4.7-2013.04-20130415 - Linaro GCC 2013.04) ) #1 SMP PREEMPT Mon Aug 4 00:46:04 PDT 2014
+Linux version 3.17.0-rc1-91304-g7d1311b (pwalmsley@tamien) (gcc version 4.7.3 20130328 (prerelease) (crosstool-NG linaro-1.13.1-4.7-2013.04-20130415 - Linaro GCC 2013.04) ) #1 SMP PREEMPT Tue Sep 16 14:30:32 PDT 2014
 CPU: ARMv7 Processor [413fc0f3] revision 3 (ARMv7), cr=10c5387d
 CPU: PIPT / VIPT nonaliasing data cache, PIPT instruction cache
 Machine model: NVIDIA Tegra124 Jetson TK1
 debug: ignoring loglevel setting.
-cma: CMA: reserved 64 MiB at ab800000
+cma: Reserved 64 MiB at ab800000
 Memory policy: Data cache writealloc
 On node 0 totalpages: 524032
-free_area_init_node: node 0, pgdat c0875140, node_mem_map ea7d7000
+free_area_init_node: node 0, pgdat c08bd100, node_mem_map ea7d7000
   Normal zone: 1520 pages used for memmap
   Normal zone: 0 pages reserved
   Normal zone: 194560 pages, LIFO batch:31
   HighMem zone: 2574 pages used for memmap
   HighMem zone: 329472 pages, LIFO batch:31
-Tegra: unknown chip id 64
-Tegra Revision: A01 SKU: 129 CPU Process: 0 Core Process: 0
-PERCPU: Embedded 8 pages/cpu @ea789000 s8768 r8192 d15808 u32768
-pcpu-alloc: s8768 r8192 d15808 u32768 alloc=8*4096
+PERCPU: Embedded 8 pages/cpu @ea788000 s8832 r8192 d15744 u32768
+pcpu-alloc: s8832 r8192 d15744 u32768 alloc=8*4096
 pcpu-alloc: [0] 0 [0] 1 [0] 2 [0] 3 
 Built 1 zonelists in Zone order, mobility grouping on.  Total pages: 522512
 Kernel command line: ignore_loglevel console=ttyS0,115200n8 rw root=/dev/mmcblk0p1 rootwait gpt debug init=/bin/bash noinitrd
 PID hash table entries: 4096 (order: 2, 16384 bytes)
 Dentry cache hash table entries: 131072 (order: 7, 524288 bytes)
 Inode-cache hash table entries: 65536 (order: 6, 262144 bytes)
-Memory: 2003904K/2096128K available (6039K kernel code, 330K rwdata, 1992K rodata, 264K init, 357K bss, 92224K reserved, 1317888K highmem)
+Memory: 2003608K/2096128K available (6258K kernel code, 338K rwdata, 2048K rodata, 272K init, 357K bss, 92520K reserved, 1317888K highmem)
 Virtual kernel memory layout:
     vector  : 0xffff0000 - 0xffff1000   (   4 kB)
     fixmap  : 0xffc00000 - 0xffe00000   (2048 kB)
@@ -94,17 +92,18 @@
     lowmem  : 0xc0000000 - 0xef800000   ( 760 MB)
     pkmap   : 0xbfe00000 - 0xc0000000   (   2 MB)
     modules : 0xbf000000 - 0xbfe00000   (  14 MB)
-      .text : 0xc0008000 - 0xc07e034c   (8033 kB)
-      .init : 0xc07e1000 - 0xc0823240   ( 265 kB)
-      .data : 0xc0824000 - 0xc0876a80   ( 331 kB)
-       .bss : 0xc0876a8c - 0xc08cfffc   ( 358 kB)
+      .text : 0xc0008000 - 0xc0824d20   (8308 kB)
+      .init : 0xc0825000 - 0xc0869280   ( 273 kB)
+      .data : 0xc086a000 - 0xc08beb20   ( 339 kB)
+       .bss : 0xc08beb20 - 0xc0918240   ( 358 kB)
 Preemptible hierarchical RCU implementation.
 NR_IRQS:16 nr_irqs:16 16
 L2C: failed to init: -19
 sched_clock: 32 bits at 1000kHz, resolution 1000ns, wraps every 2147483648000ns
+Switching to timer-based delay loop, resolution 1000ns
 Architected cp15 timer(s) running at 12.00MHz (virt).
 sched_clock: 56 bits at 12MHz, resolution 83ns, wraps every 2863311536128ns
-Switching to timer-based delay loop
+Switching to timer-based delay loop, resolution 83ns
 Console: colour dummy device 80x30
 Calibrating delay loop (skipped), value calculated using timer frequency.. 24.00 BogoMIPS (lpj=120000)
 pid_max: default: 32768 minimum: 301
@@ -118,7 +117,8 @@
 /cpus/cpu@2 missing clock-frequency property
 /cpus/cpu@3 missing clock-frequency property
 CPU0: thread -1, cpu 0, socket 0, mpidr 80000000
-Setting up static identity map for 0x805b9bd0 - 0x805b9c68
+Setting up static identity map for 0x805ef130 - 0x805ef1c8
+Tegra Revision: A01 SKU: 129 CPU Process: 1 Core Process: 1
 CPU1: Booted secondary processor
 CPU1: thread -1, cpu 1, socket 0, mpidr 80000001
 CPU2: Booted secondary processor
@@ -168,6 +168,9 @@
 usbcore: registered new interface driver hub
 usbcore: registered new device driver usb
 Linux video capture interface: v2.00
+pps_core: LinuxPPS API ver. 1 registered
+pps_core: Software ver. 5.3.6 - Copyright 2005-2007 Rodolfo Giometti <giometti@linux.it>
+PTP clock support registered
 Advanced Linux Sound Architecture Driver Initialized.
 Bluetooth: Core ver 2.19
 NET: Registered protocol family 31
@@ -225,6 +228,8 @@
 platform as3722-regulator: Driver as3722-regulator requests probe deferral
 m25p80 spi32765.0: w25q32dw (4096 Kbytes)
 CAN device driver interface
+igb: Intel(R) Gigabit Ethernet Network Driver - version 5.2.13-k
+igb: Copyright (c) 2007-2014 Intel Corporation.
 pegasus: v0.9.3 (2013/04/25), Pegasus/Pegasus II USB Ethernet driver
 usbcore: registered new interface driver pegasus
 usbcore: registered new interface driver asix
@@ -252,6 +257,7 @@
 as3722-rtc as3722-rtc: RTC interrupt 464
 tegra_rtc 7000e000.rtc: rtc core: registered 7000e000.rtc as rtc1
 tegra_rtc 7000e000.rtc: Tegra internal Real Time Clock
+i2c /dev entries driver
 usbcore: registered new interface driver uvcvideo
 USB Video Class driver (1.1.1)
 gspca_main: v2.14.0 registered
@@ -262,23 +268,21 @@
 sdhci-tegra 700b0400.sdhci: Got CD GPIO #170.
 sdhci-tegra 700b0400.sdhci: Got WP GPIO #132.
 mmc0: Unknown controller version (3). You may experience problems.
-mmc0: no vqmmc regulator found
-mmc0: no vmmc regulator found
+sdhci-tegra 700b0400.sdhci: No vmmc regulator found
+platform 700b0400.sdhci: Driver sdhci-tegra requests probe deferral
+mmc0: Unknown controller version (3). You may experience problems.
+sdhci-tegra 700b0600.sdhci: No vmmc regulator found
+sdhci-tegra 700b0600.sdhci: No vqmmc regulator found
 mmc0: Invalid maximum block size, assuming 512 bytes
-mmc0: SDHCI controller on 700b0400.sdhci [700b0400.sdhci] using ADMA
-mmc1: Unknown controller version (3). You may experience problems.
-mmc1: no vqmmc regulator found
-mmc1: no vmmc regulator found
-mmc1: Invalid maximum block size, assuming 512 bytes
-mmc1: SDHCI controller on 700b0600.sdhci [700b0600.sdhci] using ADMA
+mmc0: SDHCI controller on 700b0600.sdhci [700b0600.sdhci] using ADMA
 usbcore: registered new interface driver usbhid
 usbhid: USB HID core driver
-mmc1: BKOPS_EN bit is not set
-mmc1: new high speed MMC card at address 0001
-mmcblk0: mmc1:0001 SEM16G 14.6 GiB 
-mmcblk0boot0: mmc1:0001 SEM16G partition 1 4.00 MiB
-mmcblk0boot1: mmc1:0001 SEM16G partition 2 4.00 MiB
-mmcblk0rpmb: mmc1:0001 SEM16G partition 3 4.00 MiB
+mmc0: BKOPS_EN bit is not set
+mmc0: new high speed MMC card at address 0001
+mmcblk0: mmc0:0001 SEM16G 14.6 GiB 
+mmcblk0boot0: mmc0:0001 SEM16G partition 1 4.00 MiB
+mmcblk0boot1: mmc0:0001 SEM16G partition 2 4.00 MiB
+mmcblk0rpmb: mmc0:0001 SEM16G partition 3 4.00 MiB
 Primary GPT is invalid, using alternate GPT.
  mmcblk0: p1 p2 p3 p4 p5 p6 p7 p8 p9
  mmcblk0boot1: unknown partition table
@@ -340,7 +344,9 @@
 +1.2V_GEN_AVDD: 1200 mV at 150 mA 
 +1.2V_GEN_AVDD: supplied by +1.8V_VDDIO
 +1.05V_LP0_VDD_RTC: 1000 mV at 150 mA 
++1.05V_LP0_VDD_RTC: supplied by +3.3V_SYS
 +2.8V_RUN_CAM: 2800 mV at 150 mA 
++2.8V_RUN_CAM: supplied by +3.3V_SYS
 +1.2V_RUN_CAM_FRONT: 1200 mV at 150 mA 
 +1.2V_RUN_CAM_FRONT: supplied by +1.8V_VDDIO
 +VDDIO_SDMMC3: 1800 <--> 3300 mV at 150 mA 
@@ -360,6 +366,12 @@
 hub 1-0:1.0: USB hub found
 hub 1-0:1.0: 1 port detected
 platform 7d008000.usb: Driver tegra-ehci requests probe deferral
+sdhci-tegra 700b0400.sdhci: Got CD GPIO #170.
+sdhci-tegra 700b0400.sdhci: Got WP GPIO #132.
+mmc1: Unknown controller version (3). You may experience problems.
+sdhci-tegra 700b0400.sdhci: No vmmc regulator found
+mmc1: Invalid maximum block size, assuming 512 bytes
+mmc1: SDHCI controller on 700b0400.sdhci [700b0400.sdhci] using ADMA
 +1.05V_RUN_AVDD_HDMI_PLL: 1050 mV 
 +1.05V_RUN_AVDD_HDMI_PLL: supplied by +1.05V_RUN
 [drm] Supports vblank timestamp caching Rev 2 (21.10.2013).
@@ -377,13 +389,12 @@
 hub 2-0:1.0: USB hub found
 hub 2-0:1.0: 1 port detected
 input: gpio-keys as /devices/soc0/gpio-keys/input/input1
-as3722-rtc as3722-rtc: setting system clock to 2000-02-01 00:00:15 UTC (949363215)
+as3722-rtc as3722-rtc: setting system clock to 2000-02-01 00:00:16 UTC (949363216)
 +1.05V_RUN_AVDD_HDMI_PLL: disabling
 +1.8V_RUN_VPP_FUSE: disabling
 +2.8V_RUN_CAM_AF: disabling
 +3.3V_RUN_TOUCH: disabling
 +1.05V_RUN_CAM_REAR: disabling
-+VDDIO_SDMMC3: disabling
 +1.2V_RUN_CAM_FRONT: disabling
 +2.8V_RUN_CAM: disabling
 +1.8V_RUN_CAM: disabling
@@ -398,8 +409,8 @@
 EXT4-fs (mmcblk0p1): mounted filesystem with ordered data mode. Opts: (null)
 VFS: Mounted root (ext4 filesystem) on device 179:1.
 devtmpfs: mounted
-Freeing unused kernel memory: 264K (c07e1000 - c0823000)
+Freeing unused kernel memory: 272K (c0825000 - c0869000)
 bash: cannot set terminal process group (-1): Inappropriate ioctl for device
 bash: no job control in this shell
 usb 2-1: new high-speed USB device number 2 using tegra-ehci
-root@(none):/# 
\ No newline at end of file
+root@(none):/# [    3.576374] asix 2-1:1.0 eth0: register 'asix' at usb-7d008000.usb-1, ASIX AX88772 USB 2.0 Ethernet, 00:50:b6:11:31:3b
Diff for ./tegra30-beaver/tegra30-beaver/multi_v7_defconfig_log.txt
--- /tmp/fooa	2014-09-16 14:52:01.455505953 -0700
+++ /tmp/foob	2014-09-16 14:52:01.459505951 -0700
@@ -36,54 +36,51 @@
 	 #################################################################
 	 #################################################################
 	 #################################################################
-	 ############
-	 3 MiB/s
+	 ###########################
+	 3.3 MiB/s
 done
-Bytes transferred = 4938008 (4b5918 hex)
+Bytes transferred = 5154472 (4ea6a8 hex)
 Tegra30 (Beaver) # tftpboot 0x82000000 tegra30-beaver.dtb
 Using asx0 device
 TFTP from server 192.168.100.1; our IP address is 192.168.100.101
 Filename 'tegra30-beaver.dtb'.
 Load address: 0x82000000
 Loading: *##
-	 2.6 MiB/s
+	 3 MiB/s
 done
-Bytes transferred = 24197 (5e85 hex)
+Bytes transferred = 24801 (60e1 hex)
 Tegra30 (Beaver) # bootz 0x81000000 - 0x82000000
-Kernel image @ 0x81000000 [ 0x000000 - 0x4b5918 ]
+Kernel image @ 0x81000000 [ 0x000000 - 0x4ea6a8 ]
 ## Flattened Device Tree blob at 82000000
    Booting using the fdt blob at 0x82000000
-   Loading Device Tree to 8fff7000, end 8ffffe84 ... OK
+   Loading Device Tree to 8fff6000, end 8ffff0e0 ... OK
 
 Starting kernel ...
 
 Booting Linux on physical CPU 0x0
-Linux version 3.16.0-79775-g19583ca (pwalmsley@kaivo) (gcc version 4.7.3 20130328 (prerelease) (crosstool-NG linaro-1.13.1-4.7-2013.04-20130415 - Linaro GCC 2013.04) ) #1 SMP Mon Aug 4 00:46:30 PDT 2014
+Linux version 3.17.0-rc1-91304-g7d1311b (pwalmsley@kaivo) (gcc version 4.7.3 20130328 (prerelease) (crosstool-NG linaro-1.13.1-4.7-2013.04-20130415 - Linaro GCC 2013.04) ) #1 SMP Tue Sep 16 14:29:28 PDT 2014
 CPU: ARMv7 Processor [412fc099] revision 9 (ARMv7), cr=10c5387d
 CPU: PIPT / VIPT nonaliasing data cache, VIPT aliasing instruction cache
 Machine model: NVIDIA Tegra30 Beaver evaluation board
 debug: ignoring loglevel setting.
-cma: CMA: reserved 64 MiB at ab800000
+cma: Reserved 64 MiB at ab800000
 Memory policy: Data cache writealloc
 On node 0 totalpages: 524032
-free_area_init_node: node 0, pgdat c0c43b00, node_mem_map ea7d8000
+free_area_init_node: node 0, pgdat c0cc0f40, node_mem_map ea7d8000
   DMA zone: 1520 pages used for memmap
   DMA zone: 0 pages reserved
   DMA zone: 194560 pages, LIFO batch:31
   HighMem zone: 2574 pages used for memmap
   HighMem zone: 329472 pages, LIFO batch:31
-fuse_speedo_calib: ATE prog ver 3.3
-Tegra30: CPU Speedo ID 5, Soc Speedo ID 2
-Tegra Revision: A03 SKU: 128 CPU Process: 4 Core Process: 0
-PERCPU: Embedded 8 pages/cpu @ea79d000 s8448 r8192 d16128 u32768
-pcpu-alloc: s8448 r8192 d16128 u32768 alloc=8*4096
+PERCPU: Embedded 8 pages/cpu @ea79c000 s8512 r8192 d16064 u32768
+pcpu-alloc: s8512 r8192 d16064 u32768 alloc=8*4096
 pcpu-alloc: [0] 0 [0] 1 [0] 2 [0] 3 
 Built 1 zonelists in Zone order, mobility grouping on.  Total pages: 522512
 Kernel command line: ignore_loglevel console=ttyS0,115200n8 rw root=/dev/mmcblk0p1 rootwait gpt debug init=/bin/bash noinitrd
 PID hash table entries: 4096 (order: 2, 16384 bytes)
 Dentry cache hash table entries: 131072 (order: 7, 524288 bytes)
 Inode-cache hash table entries: 65536 (order: 6, 262144 bytes)
-Memory: 2002204K/2096128K available (6366K kernel code, 894K rwdata, 2568K rodata, 652K init, 304K bss, 93924K reserved, 1317888K highmem)
+Memory: 2001692K/2096128K available (6676K kernel code, 923K rwdata, 2684K rodata, 696K init, 305K bss, 94436K reserved, 1317888K highmem)
 Virtual kernel memory layout:
     vector  : 0xffff0000 - 0xffff1000   (   4 kB)
     fixmap  : 0xffc00000 - 0xffe00000   (2048 kB)
@@ -91,10 +88,10 @@
     lowmem  : 0xc0000000 - 0xef800000   ( 760 MB)
     pkmap   : 0xbfe00000 - 0xc0000000   (   2 MB)
     modules : 0xbf000000 - 0xbfe00000   (  14 MB)
-      .text : 0xc0208000 - 0xc0ac1b54   (8935 kB)
-      .init : 0xc0ac2000 - 0xc0b65100   ( 653 kB)
-      .data : 0xc0b66000 - 0xc0c45800   ( 894 kB)
-       .bss : 0xc0c45808 - 0xc0c91898   ( 305 kB)
+      .text : 0xc0208000 - 0xc0b2c368   (9361 kB)
+      .init : 0xc0b2d000 - 0xc0bdb140   ( 697 kB)
+      .data : 0xc0bdc000 - 0xc0cc2d40   ( 924 kB)
+       .bss : 0xc0cc2d40 - 0xc0d0f258   ( 306 kB)
 SLUB: HWalign=64, Order=0-3, MinObjects=0, CPUs=4, Nodes=1
 Hierarchical RCU implementation.
 	RCU restricting CPUs from NR_CPUS=8 to nr_cpu_ids=4.
@@ -110,14 +107,16 @@
 L2C-310 cache controller enabled, 8 ways, 1024 kB
 L2C-310: CACHE_ID 0x410000c7, AUX_CTRL 0x7e480001
 sched_clock: 32 bits at 1000kHz, resolution 1000ns, wraps every 2147483648000ns
+Switching to timer-based delay loop, resolution 1000ns
 Console: colour dummy device 80x30
-Calibrating delay loop... 2795.11 BogoMIPS (lpj=6987776)
+Calibrating delay loop (skipped), value calculated using timer frequency.. 2.00 BogoMIPS (lpj=5000)
 pid_max: default: 32768 minimum: 301
 Mount-cache hash table entries: 2048 (order: 1, 8192 bytes)
 Mountpoint-cache hash table entries: 2048 (order: 1, 8192 bytes)
 CPU: Testing write buffer coherency: ok
 CPU0: thread -1, cpu 0, socket 0, mpidr 80000000
-Setting up static identity map for 0x808036d0 - 0x80803768
+Setting up static identity map for 0x8084e308 - 0x8084e3a0
+Tegra Revision: A03 SKU: 128 CPU Process: 4 Core Process: 0
 CPU1: Booted secondary processor
 CPU1: thread -1, cpu 1, socket 0, mpidr 80000001
 CPU2: Booted secondary processor
@@ -141,7 +140,7 @@
 EXYNOS: PMU not supported
 Serial: AMBA PL011 UART driver
 edma-dma-engine edma-dma-engine.0: Can't allocate PaRAM dummy slot
-edma-dma-engine: probe of edma-dma-engine.0 failed with error -5
+edma-dma-engine: probe of edma-dma-engine.0 failed with error -22
 vdd_5v_in: 5000 mV 
 platform regulators:regulator@1: Driver reg-fixed-voltage requests probe deferral
 platform regulators:regulator@2: Driver reg-fixed-voltage requests probe deferral
@@ -211,18 +210,20 @@
 RPC: Registered tcp transport module.
 RPC: Registered tcp NFSv4.1 backchannel transport module.
 PCI: CLS 0 bytes, default 64
-hw perfevents: enabled with ARMv7 Cortex-A9 PMU driver, 7 counters available
+hw perfevents: enabled with armv7_cortex_a9 PMU driver, 7 counters available
 futex hash table entries: 1024 (order: 4, 65536 bytes)
 squashfs: version 4.0 (2009/01/31) Phillip Lougher
 NFS: Registering the id_resolver key type
 Key type id_resolver registered
 Key type id_legacy registered
-msgmni has been set to 1464
+msgmni has been set to 1463
 bounce: pool size: 64 pages
 Block layer SCSI generic (bsg) driver version 0.4 loaded (major 249)
 io scheduler noop registered
 io scheduler deadline registered
 io scheduler cfq registered (default)
+tegra-pcie 3000.pcie-controller: 2x3 configuration
+tegra-pcie 3000.pcie-controller: Failed to get supply 'hvdd-pex': -517
 platform 3000.pcie-controller: Driver tegra-pcie requests probe deferral
 tegra-apbdma 6000a000.dma: Tegra20 APB DMA driver register 32 channels
 Serial: 8250/16550 driver, 4 ports, IRQ sharing disabled
@@ -238,6 +239,8 @@
 platform 54280000.hdmi: Driver tegra-hdmi requests probe deferral
 loop: module loaded
 CAN device driver interface
+igb: Intel(R) Gigabit Ethernet Network Driver - version 5.2.13-k
+igb: Copyright (c) 2007-2014 Intel Corporation.
 pegasus: v0.9.3 (2013/04/25), Pegasus/Pegasus II USB Ethernet driver
 usbcore: registered new interface driver pegasus
 usbcore: registered new interface driver asix
@@ -280,12 +283,12 @@
 sdhci-pltfm: SDHCI platform and OF driver helper
 sdhci-tegra 78000000.sdhci: Got CD GPIO #69.
 sdhci-tegra 78000000.sdhci: Got WP GPIO #155.
-mmc0: no vqmmc regulator found
-mmc0: no vmmc regulator found
+sdhci-tegra 78000000.sdhci: No vmmc regulator found
+sdhci-tegra 78000000.sdhci: No vqmmc regulator found
 mmc0: Invalid maximum block size, assuming 512 bytes
 mmc0: SDHCI controller on 78000000.sdhci [78000000.sdhci] using ADMA
-mmc1: no vqmmc regulator found
-mmc1: no vmmc regulator found
+sdhci-tegra 78000600.sdhci: No vmmc regulator found
+sdhci-tegra 78000600.sdhci: No vqmmc regulator found
 mmc1: Invalid maximum block size, assuming 512 bytes
 mmc1: SDHCI controller on 78000600.sdhci [78000600.sdhci] using ADMA
 usbcore: registered new interface driver usbhid
@@ -362,7 +365,7 @@
 pci 0000:00:01.0: nv_msi_ht_cap_quirk didn't locate host bridge
 r8169 Gigabit Ethernet driver 2.3LK-NAPI loaded
 r8169 0000:01:00.0: enabling device (0140 -> 0143)
-r8169 0000:01:00.0 eth0: RTL8168evl/8111evl at 0xf002e000, 02:04:4b:01:60:a6, XID 0c900800 IRQ 472
+r8169 0000:01:00.0 eth0: RTL8168evl/8111evl at 0xf0032000, 02:04:4b:01:60:a6, XID 0c900800 IRQ 472
 r8169 0000:01:00.0 eth0: jumbo features [frames: 9200 bytes, tx checksumming: ko]
 [drm] Supports vblank timestamp caching Rev 2 (21.10.2013).
 [drm] No driver support for vblank timestamp query.
@@ -374,6 +377,7 @@
 [drm] Initialized tegra 0.0.0 20120330 on minor 0
 platform 7d004000.usb: Driver tegra-ehci requests probe deferral
 platform 7d008000.usb: Driver tegra-ehci requests probe deferral
+utmi_phy_clk_enable: timeout waiting for phy to stabilize
 tegra-ehci 7d004000.usb: EHCI Host Controller
 tegra-ehci 7d004000.usb: new USB bus registered, assigned bus number 1
 tegra-ehci 7d004000.usb: irq 53, io mem 0x7d004000
@@ -388,6 +392,7 @@
 hub 2-0:1.0: 1 port detected
 tps65910-rtc tps65910-rtc: setting system clock to 2000-01-01 00:00:02 UTC (946684802)
 usb1_vbus: disabling
+vdd_sata,avdd_plle: disabling
 ALSA device list:
   #0: NVIDIA Tegra Beaver
 EXT4-fs (mmcblk0p1): mounting ext3 file system using the ext4 subsystem
@@ -396,8 +401,8 @@
 EXT4-fs (mmcblk0p1): mounted filesystem with ordered data mode. Opts: (null)
 VFS: Mounted root (ext3 filesystem) on device 179:1.
 devtmpfs: mounted
-Freeing unused kernel memory: 652K (c0ac2000 - c0b65000)
+Freeing unused kernel memory: 696K (c0b2d000 - c0bdb000)
 bash: cannot set terminal process group (-1): Inappropriate ioctl for device
 bash: no job control in this shell
-root@(none):/# [    4.273724] usb 2-1: new high-speed USB device number 2 using tegra-ehci
+root@(none):/# [    4.193444] usb 2-1: new high-speed USB device number 2 using tegra-ehci
 asix 2-1:1.0 eth1: register 'asix' at usb-7d008000.usb-1, ASIX AX88772 USB 2.0 Ethernet, 00:50:b6:0f:68:6d
Diff for ./tegra30-beaver/tegra30-beaver/tegra_defconfig_log.txt
--- /tmp/fooa	2014-09-16 14:52:01.499505932 -0700
+++ /tmp/foob	2014-09-16 14:52:01.503505930 -0700
@@ -35,10 +35,10 @@
 	 #################################################################
 	 #################################################################
 	 #################################################################
-	 ##########################################
-	 2.8 MiB/s
+	 ####################################################
+	 2.9 MiB/s
 done
-Bytes transferred = 4423800 (438078 hex)
+Bytes transferred = 4571336 (45c0c8 hex)
 Tegra30 (Beaver) # tftpboot 0x82000000 tegra30-beaver.dtb
 Using asx0 device
 TFTP from server 192.168.100.1; our IP address is 192.168.100.101
@@ -47,12 +47,12 @@
 Loading: *##
 	 2.6 MiB/s
 done
-Bytes transferred = 24197 (5e85 hex)
+Bytes transferred = 24801 (60e1 hex)
 Tegra30 (Beaver) # bootz 0x81000000 - 0x82000000
-Kernel image @ 0x81000000 [ 0x000000 - 0x438078 ]
+Kernel image @ 0x81000000 [ 0x000000 - 0x45c0c8 ]
 ## Flattened Device Tree blob at 82000000
    Booting using the fdt blob at 0x82000000
-   Loading Device Tree to 8fff7000, end 8ffffe84 ... OK
+   Loading Device Tree to 8fff6000, end 8ffff0e0 ... OK
 
 Starting kernel ...
 
@@ -60,32 +60,29 @@
 Booting Linux on physical CPU 0x0
 Initializing cgroup subsys cpu
 Initializing cgroup subsys cpuacct
-Linux version 3.16.0-79775-g19583ca (pwalmsley@tamien) (gcc version 4.7.3 20130328 (prerelease) (crosstool-NG linaro-1.13.1-4.7-2013.04-20130415 - Linaro GCC 2013.04) ) #1 SMP PREEMPT Mon Aug 4 00:46:04 PDT 2014
+Linux version 3.17.0-rc1-91304-g7d1311b (pwalmsley@tamien) (gcc version 4.7.3 20130328 (prerelease) (crosstool-NG linaro-1.13.1-4.7-2013.04-20130415 - Linaro GCC 2013.04) ) #1 SMP PREEMPT Tue Sep 16 14:30:32 PDT 2014
 CPU: ARMv7 Processor [412fc099] revision 9 (ARMv7), cr=10c5387d
 CPU: PIPT / VIPT nonaliasing data cache, VIPT aliasing instruction cache
 Machine model: NVIDIA Tegra30 Beaver evaluation board
 debug: ignoring loglevel setting.
-cma: CMA: reserved 64 MiB at ab800000
+cma: Reserved 64 MiB at ab800000
 Memory policy: Data cache writealloc
 On node 0 totalpages: 524032
-free_area_init_node: node 0, pgdat c0875140, node_mem_map ea7d7000
+free_area_init_node: node 0, pgdat c08bd100, node_mem_map ea7d7000
   Normal zone: 1520 pages used for memmap
   Normal zone: 0 pages reserved
   Normal zone: 194560 pages, LIFO batch:31
   HighMem zone: 2574 pages used for memmap
   HighMem zone: 329472 pages, LIFO batch:31
-fuse_speedo_calib: ATE prog ver 3.3
-Tegra30: CPU Speedo ID 5, Soc Speedo ID 2
-Tegra Revision: A03 SKU: 128 CPU Process: 4 Core Process: 0
-PERCPU: Embedded 8 pages/cpu @ea79c000 s8768 r8192 d15808 u32768
-pcpu-alloc: s8768 r8192 d15808 u32768 alloc=8*4096
+PERCPU: Embedded 8 pages/cpu @ea79b000 s8832 r8192 d15744 u32768
+pcpu-alloc: s8832 r8192 d15744 u32768 alloc=8*4096
 pcpu-alloc: [0] 0 [0] 1 [0] 2 [0] 3 
 Built 1 zonelists in Zone order, mobility grouping on.  Total pages: 522512
 Kernel command line: ignore_loglevel console=ttyS0,115200n8 rw root=/dev/mmcblk0p1 rootwait gpt debug init=/bin/bash noinitrd
 PID hash table entries: 4096 (order: 2, 16384 bytes)
 Dentry cache hash table entries: 131072 (order: 7, 524288 bytes)
 Inode-cache hash table entries: 65536 (order: 6, 262144 bytes)
-Memory: 2004000K/2096128K available (6039K kernel code, 330K rwdata, 1992K rodata, 264K init, 357K bss, 92128K reserved, 1317888K highmem)
+Memory: 2003700K/2096128K available (6258K kernel code, 338K rwdata, 2048K rodata, 272K init, 357K bss, 92428K reserved, 1317888K highmem)
 Virtual kernel memory layout:
     vector  : 0xffff0000 - 0xffff1000   (   4 kB)
     fixmap  : 0xffc00000 - 0xffe00000   (2048 kB)
@@ -93,10 +90,10 @@
     lowmem  : 0xc0000000 - 0xef800000   ( 760 MB)
     pkmap   : 0xbfe00000 - 0xc0000000   (   2 MB)
     modules : 0xbf000000 - 0xbfe00000   (  14 MB)
-      .text : 0xc0008000 - 0xc07e034c   (8033 kB)
-      .init : 0xc07e1000 - 0xc0823240   ( 265 kB)
-      .data : 0xc0824000 - 0xc0876a80   ( 331 kB)
-       .bss : 0xc0876a8c - 0xc08cfffc   ( 358 kB)
+      .text : 0xc0008000 - 0xc0824d20   (8308 kB)
+      .init : 0xc0825000 - 0xc0869280   ( 273 kB)
+      .data : 0xc086a000 - 0xc08beb20   ( 339 kB)
+       .bss : 0xc08beb20 - 0xc0918240   ( 358 kB)
 Preemptible hierarchical RCU implementation.
 NR_IRQS:16 nr_irqs:16 16
 L2C: platform modifies aux control register: 0x02080000 -> 0x3e480001
@@ -109,8 +106,9 @@
 L2C-310 cache controller enabled, 8 ways, 1024 kB
 L2C-310: CACHE_ID 0x410000c7, AUX_CTRL 0x7e480001
 sched_clock: 32 bits at 1000kHz, resolution 1000ns, wraps every 2147483648000ns
+Switching to timer-based delay loop, resolution 1000ns
 Console: colour dummy device 80x30
-Calibrating delay loop... 2793.47 BogoMIPS (lpj=13967360)
+Calibrating delay loop (skipped), value calculated using timer frequency.. 2.00 BogoMIPS (lpj=10000)
 pid_max: default: 32768 minimum: 301
 Mount-cache hash table entries: 2048 (order: 1, 8192 bytes)
 Mountpoint-cache hash table entries: 2048 (order: 1, 8192 bytes)
@@ -118,7 +116,8 @@
 Initializing cgroup subsys debug
 CPU: Testing write buffer coherency: ok
 CPU0: thread -1, cpu 0, socket 0, mpidr 80000000
-Setting up static identity map for 0x805b9bd0 - 0x805b9c68
+Setting up static identity map for 0x805ef130 - 0x805ef1c8
+Tegra Revision: A03 SKU: 128 CPU Process: 4 Core Process: 0
 CPU1: Booted secondary processor
 CPU1: thread -1, cpu 1, socket 0, mpidr 80000001
 CPU2: Booted secondary processor
@@ -187,6 +186,9 @@
 vdd_ddr_hs: supplied by vdd_1v8_gen
 tps62361-vout: 500 <--> 1500 mV at 1160 mV 
 Linux video capture interface: v2.00
+pps_core: LinuxPPS API ver. 1 registered
+pps_core: Software ver. 5.3.6 - Copyright 2005-2007 Rodolfo Giometti <giometti@linux.it>
+PTP clock support registered
 platform 7000f010.iommu: Driver tegra-smmu requests probe deferral
 Advanced Linux Sound Architecture Driver Initialized.
 Bluetooth: Core ver 2.19
@@ -210,12 +212,14 @@
 RPC: Registered tcp transport module.
 RPC: Registered tcp NFSv4.1 backchannel transport module.
 PCI: CLS 0 bytes, default 64
-hw perfevents: enabled with ARMv7 Cortex-A9 PMU driver, 7 counters available
+hw perfevents: enabled with armv7_cortex_a9 PMU driver, 7 counters available
 futex hash table entries: 1024 (order: 4, 65536 bytes)
 squashfs: version 4.0 (2009/01/31) Phillip Lougher
-msgmni has been set to 1468
+msgmni has been set to 1467
 bounce: pool size: 64 pages
 io scheduler noop registered (default)
+tegra-pcie 3000.pcie-controller: 2x3 configuration
+tegra-pcie 3000.pcie-controller: Failed to get supply 'hvdd-pex': -517
 platform 3000.pcie-controller: Driver tegra-pcie requests probe deferral
 tegra-apbdma 6000a000.dma: Tegra20 APB DMA driver register 32 channels
 Serial: 8250/16550 driver, 4 ports, IRQ sharing disabled
@@ -228,6 +232,8 @@
 loop: module loaded
 m25p80 spi32766.1: w25q32 (4096 Kbytes)
 CAN device driver interface
+igb: Intel(R) Gigabit Ethernet Network Driver - version 5.2.13-k
+igb: Copyright (c) 2007-2014 Intel Corporation.
 pegasus: v0.9.3 (2013/04/25), Pegasus/Pegasus II USB Ethernet driver
 usbcore: registered new interface driver pegasus
 usbcore: registered new interface driver asix
@@ -254,6 +260,7 @@
 tegra_rtc 7000e000.rtc: rtc core: registered 7000e000.rtc as rtc1
 tegra_rtc 7000e000.rtc: Tegra internal Real Time Clock
 tps65910-rtc tps65910-rtc: rtc core: registered tps65910-rtc as rtc0
+i2c /dev entries driver
 usbcore: registered new interface driver uvcvideo
 USB Video Class driver (1.1.1)
 gspca_main: v2.14.0 registered
@@ -262,12 +269,12 @@
 sdhci-pltfm: SDHCI platform and OF driver helper
 sdhci-tegra 78000000.sdhci: Got CD GPIO #69.
 sdhci-tegra 78000000.sdhci: Got WP GPIO #155.
-mmc0: no vqmmc regulator found
-mmc0: no vmmc regulator found
+sdhci-tegra 78000000.sdhci: No vmmc regulator found
+sdhci-tegra 78000000.sdhci: No vqmmc regulator found
 mmc0: Invalid maximum block size, assuming 512 bytes
 mmc0: SDHCI controller on 78000000.sdhci [78000000.sdhci] using ADMA
-mmc1: no vqmmc regulator found
-mmc1: no vmmc regulator found
+sdhci-tegra 78000600.sdhci: No vmmc regulator found
+sdhci-tegra 78000600.sdhci: No vqmmc regulator found
 mmc1: Invalid maximum block size, assuming 512 bytes
 mmc1: SDHCI controller on 78000600.sdhci [78000600.sdhci] using ADMA
 usbcore: registered new interface driver usbhid
@@ -355,7 +362,7 @@
 pcie_pme 0000:00:01.0:pcie01: service driver pcie_pme loaded
 r8169 Gigabit Ethernet driver 2.3LK-NAPI loaded
 r8169 0000:01:00.0: enabling device (0140 -> 0143)
-r8169 0000:01:00.0 eth0: RTL8168evl/8111evl at 0xf002e000, 02:04:4b:01:60:a6, XID 0c900800 IRQ 473
+r8169 0000:01:00.0 eth0: RTL8168evl/8111evl at 0xf0032000, 02:04:4b:01:60:a6, XID 0c900800 IRQ 473
 r8169 0000:01:00.0 eth0: jumbo features [frames: 9200 bytes, tx checksumming: ko]
 [drm] Supports vblank timestamp caching Rev 2 (21.10.2013).
 [drm] No driver support for vblank timestamp query.
@@ -367,6 +374,7 @@
 [drm] Initialized tegra 0.0.0 20120330 on minor 0
 platform 7d004000.usb: Driver tegra-ehci requests probe deferral
 platform 7d008000.usb: Driver tegra-ehci requests probe deferral
+utmi_phy_clk_enable: timeout waiting for phy to stabilize
 tegra-ehci 7d004000.usb: EHCI Host Controller
 tegra-ehci 7d004000.usb: new USB bus registered, assigned bus number 1
 tegra-ehci 7d004000.usb: irq 53, io mem 0x7d004000
@@ -381,6 +389,7 @@
 hub 2-0:1.0: 1 port detected
 tps65910-rtc tps65910-rtc: setting system clock to 2000-01-01 00:00:02 UTC (946684802)
 usb1_vbus: disabling
+vdd_sata,avdd_plle: disabling
 ALSA device list:
   #0: NVIDIA Tegra Beaver
 kjournald starting.  Commit interval 5 seconds
@@ -390,8 +399,8 @@
 EXT3-fs (mmcblk0p1): mounted filesystem with writeback data mode
 VFS: Mounted root (ext3 filesystem) on device 179:1.
 devtmpfs: mounted
-Freeing unused kernel memory: 264K (c07e1000 - c0823000)
+Freeing unused kernel memory: 272K (c0825000 - c0869000)
 bash: cannot set terminal process group (-1): Inappropriate ioctl for device
 bash: no job control in this shell
-root@(none):/# [    4.647027] usb 2-1: new high-speed USB device number 2 using tegra-ehci
+root@(none):/# [    4.467161] usb 2-1: new high-speed USB device number 2 using tegra-ehci
 asix 2-1:1.0 eth1: register 'asix' at usb-7d008000.usb-1, ASIX AX88772 USB 2.0 Ethernet, 00:50:b6:0f:68:6d
