
U-Boot SPL 2015.04-rc3-00209-ga74ef40 (Mar 16 2015 - 14:43:39)


U-Boot 2015.04-rc3-00209-ga74ef40 (Mar 16 2015 - 14:43:39)

TEGRA20
Model: Compulab TrimSlice board
DRAM:  1 GiB
MMC:   Tegra SD/MMC: 0, Tegra SD/MMC: 1
SF: Detected W25Q80BL with page size 256 Bytes, erase size 4 KiB, total 1 MiB
tegra-pcie: PCI regions:
tegra-pcie:   I/O: 0x82000000-0x82010000
tegra-pcie:   non-prefetchable memory: 0xa0000000-0xa8000000
tegra-pcie:   prefetchable memory: 0xa8000000-0xc0000000
tegra-pcie: dual-mode configuration
tegra-pcie: probing port 0, using 2 lanes
In:    serial
Out:   serial
Err:   serial
Net:   RTL8169#0
Hit any key to stop autoboot:  2  0 
Tegra20 (TrimSlice) # 
Tegra20 (TrimSlice) # usb reset
resetting USB...
USB0:   USB EHCI 1.00
scanning bus 0 for devices... 3 USB Device(s) found
USB1:   USB EHCI 1.00
scanning bus 1 for devices... 1 USB Device(s) found
USB2:   lowlevel init failed
       scanning usb for storage devices... 0 Storage Device(s) found
       scanning usb for ethernet devices... 
Warning: asx0 using MAC address from net device
1 Ethernet Device(s) found
Tegra20 (TrimSlice) # setenv bootargs 'ignore_loglevel console=ttyS0,115200n8 rw root=PARTUUID=11eb23c1-01 rootwait gpt debug noinitrd earlyprintk init=/bin/bash'
Tegra20 (TrimSlice) # setenv ipaddr 192.168.100.103; setenv serverip 192.168.100.1; setenv tftpserverip 192.168.100.1
Tegra20 (TrimSlice) # tftpboot 0x00408000 zImage.tegra_defconfig
Using RTL8169#0 device
TFTP from server 192.168.100.1; our IP address is 192.168.100.103
Filename 'zImage.tegra_defconfig'.
Load address: 0x408000
Loading: *#################################################################
	 #################################################################
	 #################################################################
	 #################################################################
	 #################################################################
	 #################################################################
	 ###############################
	 3.5 MiB/s
done
Bytes transferred = 6168816 (5e20f0 hex)
Tegra20 (TrimSlice) # tftpboot 0x02408000 tegra20-trimslice.dtb
Using RTL8169#0 device
TFTP from server 192.168.100.1; our IP address is 192.168.100.103
Filename 'tegra20-trimslice.dtb'.
Load address: 0x2408000
Loading: *##
	 3.4 MiB/s
done
Bytes transferred = 21160 (52a8 hex)
Tegra20 (TrimSlice) # bootz 0x00408000 - 0x02408000
Kernel image @ 0x408000 [ 0x000000 - 0x5e20f0 ]
## Flattened Device Tree blob at 02408000
   Booting using the fdt blob at 0x2408000
   Using Device Tree in place at 02408000, end 024102a7

Starting kernel ...

[    0.000000] Booting Linux on physical CPU 0x0
[    0.000000] Linux version 4.15.0-rc6-15413-g30a7acd (jonathanh@kaivo) (gcc version 4.7.3 20130328 (prerelease) (crosstool-NG linaro-1.13.1-4.7-2013.04-20130415 - Linaro GCC 2013.04)) #1 SMP PREEMPT Tue Jan 2 07:31:20 PST 2018
[    0.000000] CPU: ARMv7 Processor [411fc090] revision 0 (ARMv7), cr=10c5387d
[    0.000000] CPU: PIPT / VIPT nonaliasing data cache, VIPT aliasing instruction cache
[    0.000000] OF: fdt: Machine model: Compulab TrimSlice board
[    0.000000] debug: ignoring loglevel setting.
[    0.000000] bootconsole [earlycon0] enabled
[    0.000000] Memory policy: Data cache writealloc
[    0.000000] cma: Reserved 64 MiB at 0x3c000000
[    0.000000] On node 0 totalpages: 262144
[    0.000000]   Normal zone: 1536 pages used for memmap
[    0.000000]   Normal zone: 0 pages reserved
[    0.000000]   Normal zone: 196608 pages, LIFO batch:31
[    0.000000]   HighMem zone: 65536 pages, LIFO batch:15
[    0.000000] random: fast init done
[    0.000000] percpu: Embedded 17 pages/cpu @(ptrval) s39168 r8192 d22272 u69632
[    0.000000] pcpu-alloc: s39168 r8192 d22272 u69632 alloc=17*4096
[    0.000000] pcpu-alloc: [0] 0 [0] 1 
[    0.000000] Built 1 zonelists, mobility grouping on.  Total pages: 260608
[    0.000000] Kernel command line: ignore_loglevel console=ttyS0,115200n8 rw root=PARTUUID=11eb23c1-01 rootwait gpt debug noinitrd earlyprintk init=/bin/bash
[    0.000000] Dentry cache hash table entries: 131072 (order: 7, 524288 bytes)
[    0.000000] Inode-cache hash table entries: 65536 (order: 6, 262144 bytes)
[    0.000000] Memory: 959424K/1048576K available (9216K kernel code, 778K rwdata, 2560K rodata, 1024K init, 299K bss, 23616K reserved, 65536K cma-reserved, 196608K highmem)
[    0.000000] Virtual kernel memory layout:
[    0.000000]     vector  : 0xffff0000 - 0xffff1000   (   4 kB)
[    0.000000]     fixmap  : 0xffc00000 - 0xfff00000   (3072 kB)
[    0.000000]     vmalloc : 0xf0800000 - 0xff800000   ( 240 MB)
[    0.000000]     lowmem  : 0xc0000000 - 0xf0000000   ( 768 MB)
[    0.000000]     pkmap   : 0xbfe00000 - 0xc0000000   (   2 MB)
[    0.000000]     modules : 0xbf000000 - 0xbfe00000   (  14 MB)
[    0.000000]       .text : 0x(ptrval) - 0x(ptrval)   (10208 kB)
[    0.000000]       .init : 0x(ptrval) - 0x(ptrval)   (1024 kB)
[    0.000000]       .data : 0x(ptrval) - 0x(ptrval)   ( 779 kB)
[    0.000000]        .bss : 0x(ptrval) - 0x(ptrval)   ( 300 kB)
[    0.000000] Preemptible hierarchical RCU implementation.
[    0.000000] 	RCU restricting CPUs from NR_CPUS=4 to nr_cpu_ids=2.
[    0.000000] 	Tasks RCU enabled.
[    0.000000] RCU: Adjusting geometry for rcu_fanout_leaf=16, nr_cpu_ids=2
[    0.000000] NR_IRQS: 16, nr_irqs: 16, preallocated irqs: 16
[    0.000000] /interrupt-controller@60004000: 128 interrupts forwarded to /interrupt-controller@50041000
[    0.000000] L2C: platform modifies aux control register: 0x02080000 -> 0x3e480001
[    0.000000] L2C: DT/platform modifies aux control register: 0x02080000 -> 0x3e480001
[    0.000000] L2C-310 errata 727915 769419 enabled
[    0.000000] L2C-310 enabling early BRESP for Cortex-A9
[    0.000000] L2C-310: enabling full line of zeros but not enabled in Cortex-A9
[    0.000000] L2C-310 ID prefetch enabled, offset 1 lines
[    0.000000] L2C-310 cache controller enabled, 8 ways, 1024 kB
[    0.000000] L2C-310: CACHE_ID 0x410000c4, AUX_CTRL 0x7e480001
[    0.000010] sched_clock: 32 bits at 1000kHz, resolution 1000ns, wraps every 2147483647500ns
[    0.008268] clocksource: timer_us: mask: 0xffffffff max_cycles: 0xffffffff, max_idle_ns: 1911260446275 ns
[    0.017796] Switching to timer-based delay loop, resolution 1000ns
[    0.024632] Console: colour dummy device 80x30
[    0.028993] Calibrating delay loop (skipped), value calculated using timer frequency.. 2.00 BogoMIPS (lpj=10000)
[    0.039131] pid_max: default: 32768 minimum: 301
[    0.044123] Mount-cache hash table entries: 2048 (order: 1, 8192 bytes)
[    0.050653] Mountpoint-cache hash table entries: 2048 (order: 1, 8192 bytes)
[    0.058452] CPU: Testing write buffer coherency: ok
[    0.063540] CPU0: thread -1, cpu 0, socket 0, mpidr 80000000
[    0.100011] Setting up static identity map for 0x100000 - 0x1000a0
[    0.106226] Hierarchical SRCU implementation.
[    0.130302] Tegra Revision: A03 prime SKU: 8 CPU Process: 1 SoC Process: 2
[    0.149974] smp: Bringing up secondary CPUs ...
[    0.200570] CPU1: thread -1, cpu 1, socket 0, mpidr 80000001
[    0.200658] smp: Brought up 1 node, 2 CPUs
[    0.210329] SMP: Total of 2 processors activated (4.00 BogoMIPS).
[    0.216358] CPU: All CPU(s) started in SVC mode.
[    0.222007] devtmpfs: initialized
[    0.230510] VFP support v0.3: implementor 41 architecture 3 part 30 variant 9 rev 1
[    0.238373] clocksource: jiffies: mask: 0xffffffff max_cycles: 0xffffffff, max_idle_ns: 19112604462750000 ns
[    0.248117] futex hash table entries: 512 (order: 3, 32768 bytes)
[    0.256960] pinctrl core: initialized pinctrl subsystem
[    0.263389] NET: Registered protocol family 16
[    0.269501] DMA: preallocated 256 KiB pool for atomic coherent allocations
[    0.277484] cpuidle: using governor menu
[    0.297004] No ATAGs?
[    0.297082] hw-breakpoint: found 5 (+1 reserved) breakpoint and 1 watchpoint registers.
[    0.307258] hw-breakpoint: maximum watchpoint size is 4 bytes.
[    0.331365] usb1_vbus: Failed to request enable GPIO170: -517
[    0.337018] reg-fixed-voltage regulators:regulator@2: Failed to register regulator: -517
[    0.348228] vgaarb: loaded
[    0.351656] SCSI subsystem initialized
[    0.355575] libata version 3.00 loaded.
[    0.359663] usbcore: registered new interface driver usbfs
[    0.365162] usbcore: registered new interface driver hub
[    0.370481] usbcore: registered new device driver usb
[    0.377358] Linux video capture interface: v2.00
[    0.381991] pps_core: LinuxPPS API ver. 1 registered
[    0.386856] pps_core: Software ver. 5.3.6 - Copyright 2005-2007 Rodolfo Giometti <giometti@linux.it>
[    0.396022] PTP clock support registered
[    0.400503] Advanced Linux Sound Architecture Driver Initialized.
[    0.407143] Bluetooth: Core ver 2.22
[    0.410701] NET: Registered protocol family 31
[    0.415046] Bluetooth: HCI device and connection manager initialized
[    0.421392] Bluetooth: HCI socket layer initialized
[    0.426230] Bluetooth: L2CAP socket layer initialized
[    0.431293] Bluetooth: SCO socket layer initialized
[    0.436748] clocksource: Switched to clocksource timer_us
[    0.523096] NET: Registered protocol family 2
[    0.528384] TCP established hash table entries: 8192 (order: 3, 32768 bytes)
[    0.535400] TCP bind hash table entries: 8192 (order: 4, 65536 bytes)
[    0.541877] TCP: Hash tables configured (established 8192 bind 8192)
[    0.548834] UDP hash table entries: 512 (order: 2, 16384 bytes)
[    0.554701] UDP-Lite hash table entries: 512 (order: 2, 16384 bytes)
[    0.561286] NET: Registered protocol family 1
[    0.566241] RPC: Registered named UNIX socket transport module.
[    0.572085] RPC: Registered udp transport module.
[    0.576753] RPC: Registered tcp transport module.
[    0.581421] RPC: Registered tcp NFSv4.1 backchannel transport module.
[    0.588534] PCI: CLS 0 bytes, default 64
[    0.593708] hw perfevents: no interrupt-affinity property for /pmu, guessing.
[    0.600961] hw perfevents: enabled with armv7_cortex_a9 PMU driver, 7 counters available
[    0.610453] Initialise system trusted keyrings
[    0.614978] workingset: timestamp_bits=30 max_order=18 bucket_order=0
[    0.622410] squashfs: version 4.0 (2009/01/31) Phillip Lougher
[    0.628852] NFS: Registering the id_resolver key type
[    0.633819] Key type id_resolver registered
[    0.637991] Key type id_legacy registered
[    0.646566] Key type asymmetric registered
[    0.650586] Asymmetric key parser 'x509' registered
[    0.655628] bounce: pool size: 64 pages
[    0.659465] io scheduler noop registered (default)
[    0.664158] io scheduler mq-deadline registered
[    0.668679] io scheduler kyber registered
[    0.677244] tegra-pcie 80003000.pcie: dual-mode configuration
[    0.683807] tegra-pcie 80003000.pcie: probing port 0, using 2 lanes
[    0.760589] tegra-pcie 80003000.pcie: PCI host bridge to bus 0000:00
[    0.766871] pci_bus 0000:00: root bus resource [io  0x0000-0xffff]
[    0.772998] pci_bus 0000:00: root bus resource [mem 0xa0000000-0xa7ffffff]
[    0.779859] pci_bus 0000:00: root bus resource [mem 0xa8000000-0xbfffffff pref]
[    0.787138] pci_bus 0000:00: root bus resource [bus 00-ff]
[    0.792624] pci 0000:00:01.0: [10de:0bf0] type 01 class 0x060000
[    0.798589] pci_bus 0000:00: 2-byte config write to 0000:00:01.0 offset 0x4 may corrupt adjacent RW1C bits
[    0.808199] pci_bus 0000:00: 2-byte config write to 0000:00:01.0 offset 0x4 may corrupt adjacent RW1C bits
[    0.817826] pci 0000:00:01.0: enabling Extended Tags
[    0.822745] pci_bus 0000:00: 2-byte config write to 0000:00:01.0 offset 0x88 may corrupt adjacent RW1C bits
[    0.832481] pci_bus 0000:00: 2-byte config write to 0000:00:01.0 offset 0x52 may corrupt adjacent RW1C bits
[    0.842187] pci 0000:00:01.0: PME# supported from D0 D1 D2 D3hot D3cold
[    0.848758] pci_bus 0000:00: 2-byte config write to 0000:00:01.0 offset 0x4c may corrupt adjacent RW1C bits
[    0.858659] pci_bus 0000:00: 2-byte config write to 0000:00:01.0 offset 0x3e may corrupt adjacent RW1C bits
[    0.868314] pci_bus 0000:00: 2-byte config write to 0000:00:01.0 offset 0x4 may corrupt adjacent RW1C bits
[    0.877929] pci_bus 0000:00: 1-byte config write to 0000:00:01.0 offset 0xc may corrupt adjacent RW1C bits
[    0.887544] PCI: bus0: Fast back to back transfers disabled
[    0.893083] pci 0000:00:01.0: bridge configuration invalid ([bus 00-00]), reconfiguring
[    0.901074] pci_bus 0000:00: 2-byte config write to 0000:00:01.0 offset 0x3e may corrupt adjacent RW1C bits
[    0.910777] pci_bus 0000:00: 2-byte config write to 0000:00:01.0 offset 0x3e may corrupt adjacent RW1C bits
[    0.920647] pci 0000:01:00.0: [10ec:8168] type 00 class 0x020000
[    0.926574] pci 0000:01:00.0: reg 0x10: [io  0x0000-0x00ff]
[    0.932136] pci 0000:01:00.0: reg 0x18: [mem 0x00000000-0x00000fff 64bit pref]
[    0.939320] pci 0000:01:00.0: reg 0x20: [mem 0x00000000-0x00003fff 64bit pref]
[    0.946495] pci 0000:01:00.0: reg 0x30: [mem 0x00000000-0x0001ffff pref]
[    0.953339] PCI: bus1: Fast back to back transfers disabled
[    0.958834] pci_bus 0000:01: busn_res: [bus 01-ff] end is updated to 01
[    0.965424] pci 0000:00:01.0: BAR 8: assigned [mem 0xa0000000-0xa00fffff]
[    0.972179] pci 0000:00:01.0: BAR 9: assigned [mem 0xa8000000-0xa80fffff 64bit pref]
[    0.979888] pci 0000:00:01.0: BAR 7: assigned [io  0x1000-0x1fff]
[    0.985949] pci 0000:01:00.0: BAR 6: assigned [mem 0xa0000000-0xa001ffff pref]
[    0.993150] pci 0000:01:00.0: BAR 4: assigned [mem 0xa8000000-0xa8003fff 64bit pref]
[    1.000871] pci 0000:01:00.0: BAR 2: assigned [mem 0xa8004000-0xa8004fff 64bit pref]
[    1.008583] pci 0000:01:00.0: BAR 0: assigned [io  0x1000-0x10ff]
[    1.014632] pci 0000:00:01.0: PCI bridge to [bus 01]
[    1.019582] pci 0000:00:01.0:   bridge window [io  0x1000-0x1fff]
[    1.025636] pci 0000:00:01.0:   bridge window [mem 0xa0000000-0xa00fffff]
[    1.032413] pci 0000:00:01.0:   bridge window [mem 0xa8000000-0xa80fffff 64bit pref]
[    1.040136] pci 0000:00:01.0: nv_msi_ht_cap_quirk didn't locate host bridge
[    1.047104] Disabling cpuidle LP2 state, since PCIe IRQs are in use
[    1.053306] pcieport 0000:00:01.0: enabling device (0140 -> 0143)
[    1.059603] pcieport 0000:00:01.0: Signaling PME with IRQ 295
[    1.068510] tegra-apbdma 6000a000.dma: Tegra20 APB DMA driver register 16 channels
[    1.077628] Serial: 8250/16550 driver, 4 ports, IRQ sharing disabled
[    1.085722] console [ttyS0] disabled
[    1.089256] 70006000.serial: ttyS0 at MMIO 0x70006000 (irq = 279, base_baud = 13500000) is a Tegra
[    1.098178] console [ttyS0] enabled
[    1.098178] console [ttyS0] enabled
[    1.105064] bootconsole [earlycon0] disabled
[    1.105064] bootconsole [earlycon0] disabled
[    1.116085] tegra-hdmi 54280000.hdmi: 54280000.hdmi supply hdmi not found, using dummy regulator
[    1.128158] [drm] Supports vblank timestamp caching Rev 2 (21.10.2013).
[    1.134758] [drm] No driver support for vblank timestamp query.
[    1.140804] [drm] Cannot find any crtc or sizes
[    1.145401] [drm] Cannot find any crtc or sizes
[    1.146807] [drm] Initialized tegra 0.0.0 20120330 for drm on minor 0
[    1.159218] loop: module loaded
[    1.164594] m25p80 spi0.0: found s25fl008k, expected w25q80bl
[    1.170471] m25p80 spi0.0: s25fl008k (1024 Kbytes)
[    1.187224] libphy: Fixed MDIO Bus: probed
[    1.191311] CAN device driver interface
[    1.195190] igb: Intel(R) Gigabit Ethernet Network Driver - version 5.4.0-k
[    1.202152] igb: Copyright (c) 2007-2014 Intel Corporation.
[    1.207921] r8169 Gigabit Ethernet driver 2.3LK-NAPI loaded
[    1.213531] r8169 0000:01:00.0: enabling device (0140 -> 0143)
[    1.219403] r8169 0000:01:00.0 (unnamed net_device) (uninitialized): not PCI Express
[    1.227879] r8169 0000:01:00.0 eth0: RTL8168d/8111d at 0xb47ca1f7, 00:01:c0:13:7d:63, XID 081000c0 IRQ 286
[    1.237536] r8169 0000:01:00.0 eth0: jumbo features [frames: 9200 bytes, tx checksumming: ko]
[    1.246187] pegasus: v0.9.3 (2013/04/25), Pegasus/Pegasus II USB Ethernet driver
[    1.253660] usbcore: registered new interface driver pegasus
[    1.259392] usbcore: registered new interface driver asix
[    1.264842] usbcore: registered new interface driver ax88179_178a
[    1.270996] usbcore: registered new interface driver cdc_ether
[    1.276908] usbcore: registered new interface driver smsc75xx
[    1.282706] usbcore: registered new interface driver smsc95xx
[    1.288512] usbcore: registered new interface driver net1080
[    1.294221] usbcore: registered new interface driver cdc_subset
[    1.300204] usbcore: registered new interface driver zaurus
[    1.305834] usbcore: registered new interface driver cdc_ncm
[    1.311799] tegra-phy c5004000.usb-phy: no vbus regulator
[    1.318361] tegra-phy c5008000.usb-phy: no vbus regulator
[    1.323886] ehci_hcd: USB 2.0 'Enhanced' Host Controller (EHCI) Driver
[    1.330415] ehci-pci: EHCI PCI platform driver
[    1.334915] tegra-ehci: Tegra EHCI driver
[    1.397733] ulpi_phy_power_on: ulpi write failed
[    1.402340] tegra-ehci c5004000.usb: Failed to power on the phy
[    1.408280] tegra-ehci: probe of c5004000.usb failed with error -110
[    1.417277] tegra-ehci c5008000.usb: EHCI Host Controller
[    1.422694] tegra-ehci c5008000.usb: new USB bus registered, assigned bus number 1
[    1.430489] tegra-ehci c5008000.usb: irq 290, io mem 0xc5008000
[    1.456772] tegra-ehci c5008000.usb: USB 2.0 started, EHCI 1.00
[    1.463527] hub 1-0:1.0: USB hub found
[    1.467333] hub 1-0:1.0: 1 port detected
[    1.472088] usbcore: registered new interface driver cdc_acm
[    1.477755] cdc_acm: USB Abstract Control Model driver for USB modems and ISDN adapters
[    1.485811] usbcore: registered new interface driver cdc_wdm
[    1.491575] usbcore: registered new interface driver usb-storage
[    1.500108] rtc-em3027 2-0056: rtc core: registered rtc-em3027 as rtc0
[    1.507286] tegra_rtc 7000e000.rtc: rtc core: registered 7000e000.rtc as rtc1
[    1.514454] tegra_rtc 7000e000.rtc: Tegra internal Real Time Clock
[    1.520918] i2c /dev entries driver
[    1.525235] usbcore: registered new interface driver uvcvideo
[    1.530985] USB Video Class driver (1.1.1)
[    1.535068] gspca_main: v2.14.0 registered
[    1.540462] sdhci: Secure Digital Host Controller Interface driver
[    1.546626] sdhci: Copyright(c) Pierre Ossman
[    1.551016] sdhci-pltfm: SDHCI platform and OF driver helper
[    1.565107] mmc0: Invalid maximum block size, assuming 512 bytes
[    1.628089] mmc0: SDHCI controller on c8000000.sdhci [c8000000.sdhci] using ADMA
[    1.636223] sdhci-tegra c8000600.sdhci: Got CD GPIO
[    1.641285] sdhci-tegra c8000600.sdhci: Got WP GPIO
[    1.654995] mmc1: Invalid maximum block size, assuming 512 bytes
[    1.717836] mmc1: SDHCI controller on c8000600.sdhci [c8000600.sdhci] using ADMA
[    1.735152] usbcore: registered new interface driver usbhid
[    1.741015] usbhid: USB HID core driver
[    1.752172] tegra-snd-trimslice sound: tlv320aic23-hifi <-> 70002800.i2s mapping ok
[    1.762886] NET: Registered protocol family 10
[    1.769101] Segment Routing with IPv6
[    1.772949] mip6: Mobile IPv6
[    1.775909] sit: IPv6, IPv4 and MPLS over IPv4 tunneling driver
[    1.783806] NET: Registered protocol family 17
[    1.788278] NET: Registered protocol family 15
[    1.792708] can: controller area network core (rev 20170425 abi 9)
[    1.799149] NET: Registered protocol family 29
[    1.803629] can: raw protocol (rev 20170425)
[    1.807920] can: broadcast manager protocol (rev 20170425 t)
[    1.813571] can: netlink gateway (rev 20170425) max_hops=1
[    1.819222] Bluetooth: RFCOMM socket layer initialized
[    1.824364] Bluetooth: RFCOMM ver 1.11
[    1.828157] Bluetooth: BNEP (Ethernet Emulation) ver 1.3
[    1.833460] Bluetooth: BNEP socket layer initialized
[    1.838464] usb 1-1: new high-speed USB device number 2 using tegra-ehci
[    1.845295] Bluetooth: HIDP (Human Interface Emulation) ver 1.2
[    1.851269] Bluetooth: HIDP socket layer initialized
[    1.856483] Key type dns_resolver registered
[    1.861131] Registering SWP/SWPB emulation handler
[    1.866766] Loading compiled-in X.509 certificates
[    1.877127] mmc1: new high speed SD card at address b368
[    1.885274] mmcblk1: mmc1:b368 NCard 1.83 GiB (ro)
[    1.893670] utmi_phy_clk_enable: timeout waiting for phy to stabilize
[    1.900264] tegra-ehci c5000000.usb: EHCI Host Controller
[    1.905679]  mmcblk1: p1 p2
[    1.909223] tegra-ehci c5000000.usb: new USB bus registered, assigned bus number 2
[    1.917190] tegra-ehci c5000000.usb: irq 288, io mem 0xc5000000
[    2.016898] tegra-ehci c5000000.usb: USB 2.0 started, EHCI 1.00
[    2.026460] hub 2-0:1.0: USB hub found
[    2.030522] hub 2-0:1.0: 1 port detected
[    2.038074] input: gpio-keys as /devices/soc0/gpio-keys/input/input0
[    2.048381] rtc-em3027 2-0056: hctosys: unable to read the hardware clock
[    2.055372] cfg80211: Loading compiled-in X.509 certificates for regulatory database
[    2.055375] hub 1-1:1.0: USB hub found
[    2.063162] hub 1-1:1.0: 4 ports detected
[    2.074479] cfg80211: Loaded X.509 cert 'sforshee: 00b28ddf47aef9cea7'
[    2.081278] platform regulatory.0: Direct firmware load for regulatory.db failed with error -2
[    2.086975] ALSA device list:
[    2.086979]   #0: tegra-trimslice
[    2.096162] cfg80211: failed to load regulatory.db
[    2.101221] Waiting for root device PARTUUID=11eb23c1-01...
[    2.386899] usb 1-1.2: new high-speed USB device number 3 using tegra-ehci
[    2.904804] mmc0: host does not support reading read-only switch, assuming write-enable
[    2.914852] mmc0: new high speed SDHC card at address b368
[    2.921664] mmcblk0: mmc0:b368 NCard 3.70 GiB 
[    2.928910]  mmcblk0: p1
[    3.024668] asix 1-1.2:1.0 eth1: register 'asix' at usb-c5008000.usb-1.2, ASIX AX88772 USB 2.0 Ethernet, 00:60:6e:60:6c:68
[    3.038039] EXT4-fs (mmcblk0p1): mounting ext3 file system using the ext4 subsystem
[    3.137747] EXT4-fs (mmcblk0p1): recovery complete
[    3.142568] EXT4-fs (mmcblk0p1): mounted filesystem with ordered data mode. Opts: (null)
[    3.150977] VFS: Mounted root (ext3 filesystem) on device 179:17.
[    3.166450] devtmpfs: mounted
[    3.170353] Freeing unused kernel memory: 1024K
bash: cannot set terminal process group (-1): Inappropriate ioctl for device
bash: no job control in this shell
root@(none):/# mount -t sysfs none /sys
root@(none):/# 
root@(none):/# mount -t debugfs none /sys/kernel/debug
root@(none):/# 
root@(none):/# rtcwake -d rtc1 -m mem -s 3
rtcwake: assuming RTC uses UTC ...
rtcwake: wakeup from "mem" using /dev/rtc1 at Thu Jan  1 00:00:24 1970
[    8.080170] PM: suspend entry (deep)
[    8.083775] PM: Syncing filesystems ... done.
[    8.092394] Freezing user space processes ... (elapsed 0.001 seconds) done.
[    8.101316] OOM killer disabled.
[    8.104533] Freezing remaining freezable tasks ... (elapsed 0.001 seconds) done.
[    8.113056] Suspending console(s) (use no_console_suspend to debug)
[    8.149704] pci_generic_config_write32: 20 callbacks suppressed
[    8.149749] pci_bus 0000:00: 2-byte config write to 0000:00:01.0 offset 0x9c may corrupt adjacent RW1C bits
[    8.170531] Disabling non-boot CPUs ...
[    8.224775] Entering suspend state LP1
[    8.224878] Enabling non-boot CPUs ...
[    8.232566] CPU1 is up
[    8.233524] pci_bus 0000:00: 2-byte config write to 0000:00:01.0 offset 0x4c may corrupt adjacent RW1C bits
[    8.233576] pci_bus 0000:00: 2-byte config write to 0000:00:01.0 offset 0x88 may corrupt adjacent RW1C bits
[    8.233632] pci_bus 0000:00: 2-byte config write to 0000:00:01.0 offset 0x90 may corrupt adjacent RW1C bits
[    8.233662] pci_bus 0000:00: 2-byte config write to 0000:00:01.0 offset 0x98 may corrupt adjacent RW1C bits
[    8.233691] pci_bus 0000:00: 2-byte config write to 0000:00:01.0 offset 0x9c may corrupt adjacent RW1C bits
[    8.233776] pci_bus 0000:00: 2-byte config write to 0000:00:01.0 offset 0x52 may corrupt adjacent RW1C bits
[    8.233808] pci_bus 0000:00: 2-byte config write to 0000:00:01.0 offset 0x52 may corrupt adjacent RW1C bits
[    8.233841] pci_bus 0000:00: 2-byte config write to 0000:00:01.0 offset 0x5c may corrupt adjacent RW1C bits
[    8.233873] pci_bus 0000:00: 2-byte config write to 0000:00:01.0 offset 0x52 may corrupt adjacent RW1C bits
[    8.233943] pcieport 0000:00:01.0: nv_msi_ht_cap_quirk didn't locate host bridge
[    8.905192] OOM killer enabled.
[    8.908352] Restarting tasks ... done.
[    8.912747] PM: suspend exit
root@(none):/# 
root@(none):/# rtcwake -d rtc1 -m mem -s 3
rtcwake: assuming RTC uses UTC ...
rtcwake: wakeup from "mem" using /dev/rtc1 at Thu Jan  1 00:00:29 1970
[    9.825464] PM: suspend entry (deep)
[    9.829062] PM: Syncing filesystems ... done.
[    9.833691] Freezing user space processes ... (elapsed 0.001 seconds) done.
[    9.842307] OOM killer disabled.
[    9.845526] Freezing remaining freezable tasks ... (elapsed 0.001 seconds) done.
[    9.854103] Suspending console(s) (use no_console_suspend to debug)
[    9.912201] Disabling non-boot CPUs ...
[    9.960785] Entering suspend state LP1
[    9.960890] Enabling non-boot CPUs ...
[    9.968567] CPU1 is up
[    9.970631] pcieport 0000:00:01.0: nv_msi_ht_cap_quirk didn't locate host bridge
[   10.548327] OOM killer enabled.
[   10.551457] Restarting tasks ... done.
[   10.555481] PM: suspend exit
root@(none):/# 
root@(none):/# rtcwake -d rtc1 -m mem -s 3
rtcwake: assuming RTC uses UTC ...
rtcwake: wakeup from "mem" using /dev/rtc1 at Thu Jan  1 00:00:34 1970
[   11.561146] PM: suspend entry (deep)
[   11.564721] PM: Syncing filesystems ... done.
[   11.569475] Freezing user space processes ... (elapsed 0.001 seconds) done.
[   11.577639] OOM killer disabled.
[   11.580859] Freezing remaining freezable tasks ... (elapsed 0.001 seconds) done.
[   11.589949] Suspending console(s) (use no_console_suspend to debug)
[   11.651643] Disabling non-boot CPUs ...
[   11.700354] Entering suspend state LP1
[   11.700459] Enabling non-boot CPUs ...
[   11.708143] CPU1 is up
[   11.710256] pcieport 0000:00:01.0: nv_msi_ht_cap_quirk didn't locate host bridge
[   12.281665] OOM killer enabled.
[   12.284794] Restarting tasks ... done.
[   12.288851] PM: suspend exit
root@(none):/# 
root@(none):/# rtcwake -d rtc1 -m mem -s 3
rtcwake: assuming RTC uses UTC ...
rtcwake: wakeup from "mem" using /dev/rtc1 at Thu Jan  1 00:00:39 1970
[   13.305350] PM: suspend entry (deep)
[   13.308950] PM: Syncing filesystems ... done.
[   13.313573] Freezing user space processes ... (elapsed 0.001 seconds) done.
[   13.322192] OOM killer disabled.
[   13.325411] Freezing remaining freezable tasks ... (elapsed 0.001 seconds) done.
[   13.333976] Suspending console(s) (use no_console_suspend to debug)
[   13.370491] pci_generic_config_write32: 26 callbacks suppressed
[   13.370534] pci_bus 0000:00: 2-byte config write to 0000:00:01.0 offset 0x9c may corrupt adjacent RW1C bits
[   13.391688] Disabling non-boot CPUs ...
[   13.440489] Entering suspend state LP1
[   13.440594] Enabling non-boot CPUs ...
[   13.448123] CPU1 is up
[   13.449692] pci_bus 0000:00: 2-byte config write to 0000:00:01.0 offset 0x4c may corrupt adjacent RW1C bits
[   13.449773] pci_bus 0000:00: 2-byte config write to 0000:00:01.0 offset 0x88 may corrupt adjacent RW1C bits
[   13.449806] pci_bus 0000:00: 2-byte config write to 0000:00:01.0 offset 0x90 may corrupt adjacent RW1C bits
[   13.449835] pci_bus 0000:00: 2-byte config write to 0000:00:01.0 offset 0x98 may corrupt adjacent RW1C bits
[   13.449862] pci_bus 0000:00: 2-byte config write to 0000:00:01.0 offset 0x9c may corrupt adjacent RW1C bits
[   13.449949] pci_bus 0000:00: 2-byte config write to 0000:00:01.0 offset 0x52 may corrupt adjacent RW1C bits
[   13.449980] pci_bus 0000:00: 2-byte config write to 0000:00:01.0 offset 0x52 may corrupt adjacent RW1C bits
[   13.450013] pci_bus 0000:00: 2-byte config write to 0000:00:01.0 offset 0x5c may corrupt adjacent RW1C bits
[   13.450044] pci_bus 0000:00: 2-byte config write to 0000:00:01.0 offset 0x52 may corrupt adjacent RW1C bits
[   13.450115] pcieport 0000:00:01.0: nv_msi_ht_cap_quirk didn't locate host bridge
[   14.125231] OOM killer enabled.
[   14.128390] Restarting tasks ... done.
[   14.132402] PM: suspend exit
root@(none):/# 
root@(none):/# rtcwake -d rtc1 -m mem -s 3
rtcwake: assuming RTC uses UTC ...
rtcwake: wakeup from "mem" using /dev/rtc1 at Thu Jan  1 00:00:44 1970
[   15.041493] PM: suspend entry (deep)
[   15.045068] PM: Syncing filesystems ... done.
[   15.049920] Freezing user space processes ... (elapsed 0.001 seconds) done.
[   15.058089] OOM killer disabled.
[   15.061309] Freezing remaining freezable tasks ... (elapsed 0.001 seconds) done.
[   15.070398] Suspending console(s) (use no_console_suspend to debug)
[   15.131254] Disabling non-boot CPUs ...
[   15.181022] Entering suspend state LP1
[   15.181125] Enabling non-boot CPUs ...
[   15.188651] CPU1 is up
[   15.190491] pcieport 0000:00:01.0: nv_msi_ht_cap_quirk didn't locate host bridge
[   15.761278] OOM killer enabled.
[   15.764414] Restarting tasks ... done.
[   15.768442] PM: suspend exit
root@(none):/# 
root@(none):/# rtcwake -d rtc1 -m mem -s 3
rtcwake: assuming RTC uses UTC ...
rtcwake: wakeup from "mem" using /dev/rtc1 at Thu Jan  1 00:00:49 1970
[   16.781486] PM: suspend entry (deep)
[   16.785061] PM: Syncing filesystems ... done.
[   16.789814] Freezing user space processes ... (elapsed 0.001 seconds) done.
[   16.797982] OOM killer disabled.
[   16.801202] Freezing remaining freezable tasks ... (elapsed 0.001 seconds) done.
[   16.810296] Suspending console(s) (use no_console_suspend to debug)
[   16.871093] Disabling non-boot CPUs ...
[   16.930159] Entering suspend state LP1
[   16.930263] Enabling non-boot CPUs ...
[   16.937971] CPU1 is up
[   16.939780] pcieport 0000:00:01.0: nv_msi_ht_cap_quirk didn't locate host bridge
[   17.511112] OOM killer enabled.
[   17.514242] Restarting tasks ... done.
[   17.518871] PM: suspend exit
root@(none):/# 
root@(none):/# rtcwake -d rtc1 -m mem -s 3
rtcwake: assuming RTC uses UTC ...
rtcwake: wakeup from "mem" using /dev/rtc1 at Thu Jan  1 00:00:54 1970
[   18.530796] PM: suspend entry (deep)
[   18.534386] PM: Syncing filesystems ... done.
[   18.539139] Freezing user space processes ... (elapsed 0.001 seconds) done.
[   18.547307] OOM killer disabled.
[   18.550527] Freezing remaining freezable tasks ... (elapsed 0.001 seconds) done.
[   18.559097] Suspending console(s) (use no_console_suspend to debug)
[   18.599223] pci_generic_config_write32: 26 callbacks suppressed
[   18.599267] pci_bus 0000:00: 2-byte config write to 0000:00:01.0 offset 0x9c may corrupt adjacent RW1C bits
[   18.620408] Disabling non-boot CPUs ...
[   18.670810] Entering suspend state LP1
[   18.670914] Enabling non-boot CPUs ...
[   18.678460] CPU1 is up
[   18.680113] pci_bus 0000:00: 2-byte config write to 0000:00:01.0 offset 0x4c may corrupt adjacent RW1C bits
[   18.680204] pci_bus 0000:00: 2-byte config write to 0000:00:01.0 offset 0x88 may corrupt adjacent RW1C bits
[   18.680238] pci_bus 0000:00: 2-byte config write to 0000:00:01.0 offset 0x90 may corrupt adjacent RW1C bits
[   18.680267] pci_bus 0000:00: 2-byte config write to 0000:00:01.0 offset 0x98 may corrupt adjacent RW1C bits
[   18.680294] pci_bus 0000:00: 2-byte config write to 0000:00:01.0 offset 0x9c may corrupt adjacent RW1C bits
[   18.680380] pci_bus 0000:00: 2-byte config write to 0000:00:01.0 offset 0x52 may corrupt adjacent RW1C bits
[   18.680413] pci_bus 0000:00: 2-byte config write to 0000:00:01.0 offset 0x52 may corrupt adjacent RW1C bits
[   18.680446] pci_bus 0000:00: 2-byte config write to 0000:00:01.0 offset 0x5c may corrupt adjacent RW1C bits
[   18.680478] pci_bus 0000:00: 2-byte config write to 0000:00:01.0 offset 0x52 may corrupt adjacent RW1C bits
[   18.680549] pcieport 0000:00:01.0: nv_msi_ht_cap_quirk didn't locate host bridge
[   19.354207] OOM killer enabled.
[   19.357366] Restarting tasks ... done.
[   19.361905] PM: suspend exit
root@(none):/# 
root@(none):/# rtcwake -d rtc1 -m mem -s 3
rtcwake: assuming RTC uses UTC ...
rtcwake: wakeup from "mem" using /dev/rtc1 at Thu Jan  1 00:00:59 1970
[   20.271482] PM: suspend entry (deep)
[   20.275057] PM: Syncing filesystems ... done.
[   20.279821] Freezing user space processes ... (elapsed 0.001 seconds) done.
[   20.287990] OOM killer disabled.
[   20.291211] Freezing remaining freezable tasks ... (elapsed 0.001 seconds) done.
[   20.300289] Suspending console(s) (use no_console_suspend to debug)
[   20.361646] Disabling non-boot CPUs ...
[   20.400016] Entering suspend state LP1
[   20.400126] Enabling non-boot CPUs ...
[   20.407839] CPU1 is up
[   20.409915] pcieport 0000:00:01.0: nv_msi_ht_cap_quirk didn't locate host bridge
[   20.980842] OOM killer enabled.
[   20.983977] Restarting tasks ... done.
[   20.988427] PM: suspend exit
root@(none):/# 
root@(none):/# rtcwake -d rtc1 -m mem -s 3
rtcwake: assuming RTC uses UTC ...
rtcwake: wakeup from "mem" using /dev/rtc1 at Thu Jan  1 00:01:04 1970
[   22.000442] PM: suspend entry (deep)
[   22.004031] PM: Syncing filesystems ... done.
[   22.008790] Freezing user space processes ... (elapsed 0.001 seconds) done.
[   22.016954] OOM killer disabled.
[   22.020175] Freezing remaining freezable tasks ... (elapsed 0.001 seconds) done.
[   22.028718] Suspending console(s) (use no_console_suspend to debug)
[   22.090300] Disabling non-boot CPUs ...
[   22.139913] Entering suspend state LP1
[   22.140015] Enabling non-boot CPUs ...
[   22.147718] CPU1 is up
[   22.149567] pcieport 0000:00:01.0: nv_msi_ht_cap_quirk didn't locate host bridge
[   22.721008] OOM killer enabled.
[   22.724142] Restarting tasks ... done.
[   22.728821] PM: suspend exit
root@(none):/# 
root@(none):/# rtcwake -d rtc1 -m mem -s 3
rtcwake: assuming RTC uses UTC ...
rtcwake: wakeup from "mem" using /dev/rtc1 at Thu Jan  1 00:01:09 1970
[   23.740690] PM: suspend entry (deep)
[   23.744265] PM: Syncing filesystems ... done.
[   23.749016] Freezing user space processes ... (elapsed 0.001 seconds) done.
[   23.757182] OOM killer disabled.
[   23.760403] Freezing remaining freezable tasks ... (elapsed 0.001 seconds) done.
[   23.768944] Suspending console(s) (use no_console_suspend to debug)
[   23.809147] pci_generic_config_write32: 26 callbacks suppressed
[   23.809190] pci_bus 0000:00: 2-byte config write to 0000:00:01.0 offset 0x9c may corrupt adjacent RW1C bits
[   23.830307] Disabling non-boot CPUs ...
[   23.879818] Entering suspend state LP1
[   23.879920] Enabling non-boot CPUs ...
[   23.887632] CPU1 is up
[   23.889480] pci_bus 0000:00: 2-byte config write to 0000:00:01.0 offset 0x4c may corrupt adjacent RW1C bits
[   23.889531] pci_bus 0000:00: 2-byte config write to 0000:00:01.0 offset 0x88 may corrupt adjacent RW1C bits
[   23.889563] pci_bus 0000:00: 2-byte config write to 0000:00:01.0 offset 0x90 may corrupt adjacent RW1C bits
[   23.889627] pci_bus 0000:00: 2-byte config write to 0000:00:01.0 offset 0x98 may corrupt adjacent RW1C bits
[   23.889656] pci_bus 0000:00: 2-byte config write to 0000:00:01.0 offset 0x9c may corrupt adjacent RW1C bits
[   23.889742] pci_bus 0000:00: 2-byte config write to 0000:00:01.0 offset 0x52 may corrupt adjacent RW1C bits
[   23.889775] pci_bus 0000:00: 2-byte config write to 0000:00:01.0 offset 0x52 may corrupt adjacent RW1C bits
[   23.889809] pci_bus 0000:00: 2-byte config write to 0000:00:01.0 offset 0x5c may corrupt adjacent RW1C bits
[   23.889840] pci_bus 0000:00: 2-byte config write to 0000:00:01.0 offset 0x52 may corrupt adjacent RW1C bits
[   23.889932] pcieport 0000:00:01.0: nv_msi_ht_cap_quirk didn't locate host bridge
[   24.564551] OOM killer enabled.
[   24.567710] Restarting tasks ... done.
[   24.572115] PM: suspend exit
root@(none):/# 
root@(none):/# NVTB SYSTEM SUSPEND TEST COMPLETE
