
U-Boot SPL 2016.05-rc2 (Apr 21 2016 - 16:23:00)
Trying to boot from RAM


U-Boot 2016.05-rc2 (Apr 21 2016 - 16:23:00 -0700)

TEGRA124
Model: NVIDIA Jetson TK1
Board: NVIDIA Jetson TK1
DRAM:  2 GiB
MC:   Tegra SD/MMC: 0, Tegra SD/MMC: 1
In:    serial
Out:   serial
Err:   serial
Net:   No ethernet found.
Hit any key to stop autoboot:  2  0 
Tegra124 (Jetson TK1) # 
Tegra124 (Jetson TK1) # pci enum
Tegra124 (Jetson TK1) # setenv bootargs 'ignore_loglevel console=ttyS0,115200n8 rw root=PARTUUID=b1791faa-84e8-4e27-83a1-9fb0a77e8803 rootwait gpt debug noinitrd earlyprintk init=/bin/bash'
Tegra124 (Jetson TK1) # setenv ipaddr 192.168.100.102; setenv serverip 192.168.100.1; setenv tftpserverip 192.168.100.1
Tegra124 (Jetson TK1) # tftpboot 0x82000000 zImage.multi_v7_defconfig

Warning: eth_rtl8169 using MAC address from ROM
Using eth_rtl8169 device
TFTP from server 192.168.100.1; our IP address is 192.168.100.102
Filename 'zImage.multi_v7_defconfig'.
Load address: 0x82000000
Loading: *#################################################################
	 #################################################################
	 #################################################################
	 #################################################################
	 #################################################################
	 #################################################################
	 #################################################################
	 ###########################################################
	 3.9 MiB/s
done
Bytes transferred = 7543320 (731a18 hex)
Tegra124 (Jetson TK1) # tftpboot 0x83000000 tegra124-jetson-tk1.dtb
Using eth_rtl8169 device
TFTP from server 192.168.100.1; our IP address is 192.168.100.102
Filename 'tegra124-jetson-tk1.dtb'.
Load address: 0x83000000
Loading: *#####
	 3.6 MiB/s
done
Bytes transferred = 67133 (1063d hex)
Tegra124 (Jetson TK1) # bootz 0x82000000 - 0x83000000
Kernel image @ 0x82000000 [ 0x000000 - 0x731a18 ]
## Flattened Device Tree blob at 83000000
   Booting using the fdt blob at 0x83000000
   Using Device Tree in place at 83000000, end 8301363c

Starting kernel ...

[    0.000000] Booting Linux on physical CPU 0x0
[    0.000000] Linux version 4.11.0-157163-ga351e9b (jonathanh@sellafield) (gcc version 4.7.3 20130328 (prerelease) (crosstool-NG linaro-1.13.1-4.7-2013.04-20130415 - Linaro GCC 2013.04) ) #1 SMP Sun Apr 30 20:05:23 PDT 2017
[    0.000000] CPU: ARMv7 Processor [413fc0f3] revision 3 (ARMv7), cr=10c5387d
[    0.000000] CPU: div instructions available: patching division code
[    0.000000] CPU: PIPT / VIPT nonaliasing data cache, PIPT instruction cache
[    0.000000] OF: fdt: Machine model: NVIDIA Tegra124 Jetson TK1
[    0.000000] debug: ignoring loglevel setting.
[    0.000000] efi: Getting EFI parameters from FDT:
[    0.000000] efi: UEFI not found.
[    0.000000] cma: Reserved 64 MiB at 0xfb800000
[    0.000000] Memory policy: Data cache writealloc
[    0.000000] On node 0 totalpages: 524032
[    0.000000] free_area_init_node: node 0, pgdat c1538200, node_mem_map eeff8000
[    0.000000]   DMA zone: 1536 pages used for memmap
[    0.000000]   DMA zone: 0 pages reserved
[    0.000000]   DMA zone: 196608 pages, LIFO batch:31
[    0.000000]   HighMem zone: 327424 pages, LIFO batch:31
[    0.000000] percpu: Embedded 16 pages/cpu @eef86000 s34432 r8192 d22912 u65536
[    0.000000] pcpu-alloc: s34432 r8192 d22912 u65536 alloc=16*4096
[    0.000000] pcpu-alloc: [0] 0 [0] 1 [0] 2 [0] 3 
[    0.000000] Built 1 zonelists in Zone order, mobility grouping on.  Total pages: 522496
[    0.000000] Kernel command line: ignore_loglevel console=ttyS0,115200n8 rw root=PARTUUID=b1791faa-84e8-4e27-83a1-9fb0a77e8803 rootwait gpt debug noinitrd earlyprintk init=/bin/bash
[    0.000000] PID hash table entries: 4096 (order: 2, 16384 bytes)
[    0.000000] Dentry cache hash table entries: 131072 (order: 7, 524288 bytes)
[    0.000000] Inode-cache hash table entries: 65536 (order: 6, 262144 bytes)
[    0.000000] Memory: 1993652K/2096128K available (10240K kernel code, 1254K rwdata, 4212K rodata, 2048K init, 536K bss, 36940K reserved, 65536K cma-reserved, 1244160K highmem)
[    0.000000] Virtual kernel memory layout:
[    0.000000]     vector  : 0xffff0000 - 0xffff1000   (   4 kB)
[    0.000000]     fixmap  : 0xffc00000 - 0xfff00000   (3072 kB)
[    0.000000]     vmalloc : 0xf0800000 - 0xff800000   ( 240 MB)
[    0.000000]     lowmem  : 0xc0000000 - 0xf0000000   ( 768 MB)
[    0.000000]     pkmap   : 0xbfe00000 - 0xc0000000   (   2 MB)
[    0.000000]     modules : 0xbf000000 - 0xbfe00000   (  14 MB)
[    0.000000]       .text : 0xc0208000 - 0xc0d00000   (11232 kB)
[    0.000000]       .init : 0xc1200000 - 0xc1400000   (2048 kB)
[    0.000000]       .data : 0xc1400000 - 0xc1539b20   (1255 kB)
[    0.000000]        .bss : 0xc153b000 - 0xc15c12b8   ( 537 kB)
[    0.000000] SLUB: HWalign=64, Order=0-3, MinObjects=0, CPUs=4, Nodes=1
[    0.000000] Hierarchical RCU implementation.
[    0.000000] 	RCU debugfs-based tracing is enabled.
[    0.000000] 	Build-time adjustment of leaf fanout to 32.
[    0.000000] 	RCU restricting CPUs from NR_CPUS=16 to nr_cpu_ids=4.
[    0.000000] RCU: Adjusting geometry for rcu_fanout_leaf=32, nr_cpu_ids=4
[    0.000000] NR_IRQS:16 nr_irqs:16 16
[    0.000000] /interrupt-controller@60004000: 160 interrupts forwarded to /interrupt-controller@50041000
[    0.000000] Tegra clk 127: register failed with -17
[    0.000008] sched_clock: 32 bits at 1000kHz, resolution 1000ns, wraps every 2147483647500ns
[    0.000032] clocksource: timer_us: mask: 0xffffffff max_cycles: 0xffffffff, max_idle_ns: 1911260446275 ns
[    0.000048] Switching to timer-based delay loop, resolution 1000ns
[    0.005486] arm_arch_timer: Architected cp15 timer(s) running at 12.00MHz (virt).
[    0.005505] clocksource: arch_sys_counter: mask: 0xffffffffffffff max_cycles: 0x2c47f4ee7, max_idle_ns: 440795202497 ns
[    0.005525] sched_clock: 56 bits at 12MHz, resolution 83ns, wraps every 4398046511096ns
[    0.005539] Switching to timer-based delay loop, resolution 83ns
[    0.006010] Console: colour dummy device 80x30
[    0.006039] Calibrating delay loop (skipped), value calculated using timer frequency.. 24.00 BogoMIPS (lpj=120000)
[    0.006057] pid_max: default: 32768 minimum: 301
[    0.006163] Mount-cache hash table entries: 2048 (order: 1, 8192 bytes)
[    0.006176] Mountpoint-cache hash table entries: 2048 (order: 1, 8192 bytes)
[    0.006654] CPU: Testing write buffer coherency: ok
[    0.006902] /cpus/cpu@0 missing clock-frequency property
[    0.006945] /cpus/cpu@1 missing clock-frequency property
[    0.006987] /cpus/cpu@2 missing clock-frequency property
[    0.007031] /cpus/cpu@3 missing clock-frequency property
[    0.007044] CPU0: thread -1, cpu 0, socket 0, mpidr 80000000
[    0.007332] Setting up static identity map for 0x80300000 - 0x80300098
[    0.011109] Tegra Revision: A01 SKU: 129 CPU Process: 1 SoC Process: 1
[    0.011776] EFI services will not be available.
[    0.012015] smp: Bringing up secondary CPUs ...
[    0.012606] CPU1: thread -1, cpu 1, socket 0, mpidr 80000001
[    0.015711] CPU2: thread -1, cpu 2, socket 0, mpidr 80000002
[    0.025724] CPU3: thread -1, cpu 3, socket 0, mpidr 80000003
[    0.035168] smp: Brought up 1 node, 4 CPUs
[    0.035190] SMP: Total of 4 processors activated (96.00 BogoMIPS).
[    0.035198] CPU: All CPU(s) started in SVC mode.
[    0.036686] devtmpfs: initialized
[    0.052562] VFP support v0.3: implementor 41 architecture 4 part 30 variant f rev 0
[    0.052965] clocksource: jiffies: mask: 0xffffffff max_cycles: 0xffffffff, max_idle_ns: 19112604462750000 ns
[    0.052984] futex hash table entries: 1024 (order: 4, 65536 bytes)
[    0.054373] pinctrl core: initialized pinctrl subsystem
[    0.056301] NET: Registered protocol family 16
[    0.058381] DMA: preallocated 256 KiB pool for atomic coherent allocations
[    0.060860] cpuidle: using governor menu
[    0.087982] No ATAGs?
[    0.088108] hw-breakpoint: found 5 (+1 reserved) breakpoint and 4 watchpoint registers.
[    0.088125] hw-breakpoint: maximum watchpoint size is 8 bytes.
[    0.094685] Serial: AMBA PL011 UART driver
[    0.110929] +5V_SYS: supplied by +VDD_MUX
[    0.111199] +3.3V_SYS: supplied by +VDD_MUX
[    0.111795] +USB0_VBUS_SW: Failed to request enable GPIO108: -517
[    0.111812] reg-fixed-voltage regulators:regulator@7: Failed to register regulator: -517
[    0.111902] +5V_USB_HS: Failed to request enable GPIO109: -517
[    0.111916] reg-fixed-voltage regulators:regulator@8: Failed to register regulator: -517
[    0.112081] +1.05V_RUN_AVDD_HDMI_PLL: Failed to request enable GPIO63: -517
[    0.112095] reg-fixed-voltage regulators:regulator@11: Failed to register regulator: -517
[    0.112180] +5V_HDMI_CON: Failed to request enable GPIO86: -517
[    0.112194] reg-fixed-voltage regulators:regulator@12: Failed to register regulator: -517
[    0.112281] +5V_SATA: Failed to request enable GPIO242: -517
[    0.112294] reg-fixed-voltage regulators:regulator@13: Failed to register regulator: -517
[    0.112379] +12V_SATA: Failed to request enable GPIO242: -517
[    0.112391] reg-fixed-voltage regulators:regulator@14: Failed to register regulator: -517
[    0.115555] vgaarb: loaded
[    0.116319] SCSI subsystem initialized
[    0.116483] libata version 3.00 loaded.
[    0.116721] usbcore: registered new interface driver usbfs
[    0.116780] usbcore: registered new interface driver hub
[    0.116840] usbcore: registered new device driver usb
[    0.120266] pps_core: LinuxPPS API ver. 1 registered
[    0.120277] pps_core: Software ver. 5.3.6 - Copyright 2005-2007 Rodolfo Giometti <giometti@linux.it>
[    0.120304] PTP clock support registered
[    0.120487] EDAC MC: Ver: 3.0.0
[    0.123332] clocksource: Switched to clocksource arch_sys_counter
[    0.132785] NET: Registered protocol family 2
[    0.133278] TCP established hash table entries: 8192 (order: 3, 32768 bytes)
[    0.133398] TCP bind hash table entries: 8192 (order: 4, 65536 bytes)
[    0.133586] TCP: Hash tables configured (established 8192 bind 8192)
[    0.133667] UDP hash table entries: 512 (order: 2, 16384 bytes)
[    0.133711] UDP-Lite hash table entries: 512 (order: 2, 16384 bytes)
[    0.133857] NET: Registered protocol family 1
[    0.134148] RPC: Registered named UNIX socket transport module.
[    0.134159] RPC: Registered udp transport module.
[    0.134167] RPC: Registered tcp transport module.
[    0.134176] RPC: Registered tcp NFSv4.1 backchannel transport module.
[    0.134188] PCI: CLS 0 bytes, default 64
[    0.135396] hw perfevents: enabled with armv7_cortex_a15 PMU driver, 7 counters available
[    0.137132] workingset: timestamp_bits=30 max_order=19 bucket_order=0
[    0.145222] squashfs: version 4.0 (2009/01/31) Phillip Lougher
[    0.145902] NFS: Registering the id_resolver key type
[    0.145925] Key type id_resolver registered
[    0.145935] Key type id_legacy registered
[    0.145979] ntfs: driver 2.1.32 [Flags: R/O].
[    0.147549] bounce: pool size: 64 pages
[    0.147589] Block layer SCSI generic (bsg) driver version 0.4 loaded (major 248)
[    0.147600] io scheduler noop registered
[    0.147609] io scheduler deadline registered
[    0.147772] io scheduler cfq registered (default)
[    0.147783] io scheduler mq-deadline registered
[    0.152922]  usb2-0: usb2-0 supply vbus not found, using dummy regulator
[    0.153047]  usb2-1: usb2-1 supply vbus not found, using dummy regulator
[    0.153458] tegra-xusb-padctl 7009f000.padctl: failed to setup XUSB ports: -517
[    0.169330] tegra-pcie 1003000.pcie-controller: 2x1, 1x1 configuration
[    0.169385] tegra-pcie 1003000.pcie-controller: Failed to get supply 'avddio-pex': -517
[    0.175598] tegra124-dfll 70110000.clock: couldn't get vdd_cpu regulator
[    0.182821] tegra-apbdma 60020000.dma: Tegra20 APB DMA driver register 32 channels
[    0.184837] tegra-pmc 7000e400.pmc: emergency thermal reset enabled
[    0.238861] Serial: 8250/16550 driver, 4 ports, IRQ sharing disabled
[    0.241386] console [ttyS0] disabled
[    0.241424] 70006300.serial: ttyS0 at MMIO 0x70006300 (irq = 335, base_baud = 25500000) is a Tegra
[    1.129342] console [ttyS0] enabled
[    1.133683] SuperH (H)SCI(F) driver initialized
[    1.139181] msm_serial: driver initialized
[    1.143486] STMicroelectronics ASC driver initialized
[    1.149374] 70006000.serial: ttyTHS1 at MMIO 0x70006000 (irq = 333, base_baud = 0) is a TEGRA_UART
[    1.158645] 70006040.serial: ttyTHS2 at MMIO 0x70006040 (irq = 334, base_baud = 0) is a TEGRA_UART
[    1.174061] tegra-hdmi 54280000.hdmi: failed to get HDMI regulator
[    1.192879] brd: module loaded
[    1.202952] loop: module loaded
[    1.207294] at24 0-0056: 256 byte 24c02 EEPROM, writable, 8 bytes/write
[    1.215547] as3722 4-0040: AS3722 with revision 0x1 found
[    1.227278] as3722-sd2: supplied by +5V_SYS
[    1.231888] as3722-sd3: supplied by +5V_SYS
[    1.236396] +1.35V_LP0(sd3): Bringing 0uV into 1350000-1350000uV
[    1.242738] as3722-sd4: supplied by +5V_SYS
[    1.247392] as3722-sd5: supplied by +5V_SYS
[    1.253432] as3722-ldo0: supplied by +1.35V_LP0(sd2)
[    1.259488] +1.8V_RUN_CAM: Bringing 0uV into 1800000-1800000uV
[    1.265725] as3722-ldo2: supplied by +1.8V_VDDIO
[    1.271612] as3722-ldo3: supplied by +3.3V_SYS
[    1.276108] +1.05V_LP0_VDD_RTC: Bringing 1100000uV into 1000000-1000000uV
[    1.283859] as3722-ldo4: supplied by +3.3V_SYS
[    1.288525] +2.8V_RUN_CAM: Bringing 0uV into 2800000-2800000uV
[    1.294730] as3722-ldo5: supplied by +1.8V_VDDIO
[    1.299556] +1.2V_RUN_CAM_FRONT: Bringing 0uV into 1200000-1200000uV
[    1.306484] +VDDIO_SDMMC3: bypassed regulator has no supply!
[    1.312136] +VDDIO_SDMMC3: failed to get the current voltage(-517)
[    1.318333] as3722-regulator as3722-regulator: regulator 13 register failed -517
[    1.330749] tegra-ahci 70027000.sata: couldn't get PHY in node sata: -517
[    1.349603] random: fast init done
[    1.353120] m25p80 spi32765.0: w25q32dw (4096 Kbytes)
[    1.360894] libphy: Fixed MDIO Bus: probed
[    1.366128] CAN device driver interface
[    1.370875] bgmac_bcma: Broadcom 47xx GBit MAC driver loaded
[    1.377906] e1000e: Intel(R) PRO/1000 Network Driver - 3.2.6-k
[    1.383749] e1000e: Copyright(c) 1999 - 2015 Intel Corporation.
[    1.389714] igb: Intel(R) Gigabit Ethernet Network Driver - version 5.4.0-k
[    1.396677] igb: Copyright (c) 2007-2014 Intel Corporation.
[    1.405840] pegasus: v0.9.3 (2013/04/25), Pegasus/Pegasus II USB Ethernet driver
[    1.413271] usbcore: registered new interface driver pegasus
[    1.418986] usbcore: registered new interface driver asix
[    1.424430] usbcore: registered new interface driver ax88179_178a
[    1.430548] usbcore: registered new interface driver cdc_ether
[    1.436435] usbcore: registered new interface driver smsc75xx
[    1.442226] usbcore: registered new interface driver smsc95xx
[    1.448017] usbcore: registered new interface driver net1080
[    1.453716] usbcore: registered new interface driver cdc_subset
[    1.459659] usbcore: registered new interface driver zaurus
[    1.465294] usbcore: registered new interface driver cdc_ncm
[    1.471157] tegra-phy 7d004000.usb-phy: no vbus regulator
[    1.478516] ehci_hcd: USB 2.0 'Enhanced' Host Controller (EHCI) Driver
[    1.485055] ehci-pci: EHCI PCI platform driver
[    1.489532] ehci-platform: EHCI generic platform driver
[    1.494968] ehci-orion: EHCI orion driver
[    1.499107] SPEAr-ehci: EHCI SPEAr driver
[    1.503249] ehci-st: EHCI STMicroelectronics driver
[    1.508285] ehci-exynos: EHCI EXYNOS driver
[    1.512619] ehci-atmel: EHCI Atmel driver
[    1.516773] tegra-ehci: Tegra EHCI driver
[    1.523604] tegra-ehci 7d004000.usb: EHCI Host Controller
[    1.529018] tegra-ehci 7d004000.usb: new USB bus registered, assigned bus number 1
[    1.536797] tegra-ehci 7d004000.usb: irq 354, io mem 0x7d004000
[    1.563359] tegra-ehci 7d004000.usb: USB 2.0 started, EHCI 1.10
[    1.570064] hub 1-0:1.0: USB hub found
[    1.573869] hub 1-0:1.0: 1 port detected
[    1.578355] ohci_hcd: USB 1.1 'Open' Host Controller (OHCI) Driver
[    1.584573] ohci-pci: OHCI PCI platform driver
[    1.589059] ohci-platform: OHCI generic platform driver
[    1.594466] ohci-omap3: OHCI OMAP3 driver
[    1.598606] SPEAr-ohci: OHCI SPEAr driver
[    1.602748] ohci-st: OHCI STMicroelectronics driver
[    1.607771] ohci-atmel: OHCI Atmel driver
[    1.612541] usbcore: registered new interface driver usb-storage
[    1.622750] as3722-rtc as3722-rtc: rtc core: registered as3722-rtc as rtc0
[    1.629648] as3722-rtc as3722-rtc: RTC interrupt 377
[    1.637829] tegra_rtc 7000e000.rtc: rtc core: registered 7000e000.rtc as rtc1
[    1.645012] tegra_rtc 7000e000.rtc: Tegra internal Real Time Clock
[    1.651702] i2c /dev entries driver
[    1.661835] lm90 0-004c: 0-004c supply vcc not found, using dummy regulator
[    1.679062] sdhci: Secure Digital Host Controller Interface driver
[    1.685262] sdhci: Copyright(c) Pierre Ossman
[    1.691210] Synopsys Designware Multimedia Card Interface Driver
[    1.698390] sdhci-pltfm: SDHCI platform and OF driver helper
[    1.704809] sdhci-tegra 700b0400.sdhci: Got CD GPIO
[    1.709698] sdhci-tegra 700b0400.sdhci: Got WP GPIO
[    1.714834] mmc0: Unknown controller version (3). You may experience problems.
[    1.722124] mmc0: Invalid maximum block size, assuming 512 bytes
[    1.793352] mmc0: SDHCI controller on 700b0600.sdhci [700b0600.sdhci] using ADMA
[    1.802670] ledtrig-cpu: registered to indicate activity on CPUs
[    1.809078] usbcore: registered new interface driver usbhid
[    1.814735] usbhid: USB HID core driver
[    1.822828] NET: Registered protocol family 10
[    1.828208] Segment Routing with IPv6
[    1.832003] sit: IPv6, IPv4 and MPLS over IPv4 tunneling driver
[    1.838499] NET: Registered protocol family 17
[    1.842945] can: controller area network core (rev 20120528 abi 9)
[    1.849295] NET: Registered protocol family 29
[    1.853752] can: raw protocol (rev 20120528)
[    1.858016] can: broadcast manager protocol (rev 20161123 t)
[    1.863685] can: netlink gateway (rev 20130117) max_hops=1
[    1.869452] Key type dns_resolver registered
[    1.874270] ThumbEE CPU extension supported.
[    1.878540] Registering SWP/SWPB emulation handler
[    1.896637] +3.3V_RUN: supplied by +3.3V_SYS
[    1.902324] +USB0_VBUS_SW: supplied by +5V_SYS
[    1.907023] +3.3V_AVDD_HDMI_AP_GATED: supplied by +3.3V_RUN
[    1.912928] +5V_USB_HS: supplied by +5V_SYS
[    1.918908] +3.3V_LP0: supplied by +3.3V_SYS
[    1.925249] +5V_HDMI_CON: supplied by +5V_SYS
[    1.930274] +5V_SATA: supplied by +5V_SYS
[    1.934806] +12V_SATA: supplied by +VDD_MUX
[    1.940945]  usb2-0: usb2-0 supply vbus not found, using dummy regulator
[    1.945599] mmc0: new high speed MMC card at address 0001
[    1.946585] mmcblk0: mmc0:0001 SEM16G 14.7 GiB 
[    1.946864] mmcblk0boot0: mmc0:0001 SEM16G partition 1 4.00 MiB
[    1.947616] mmcblk0boot1: mmc0:0001 SEM16G partition 2 4.00 MiB
[    1.947923] mmcblk0rpmb: mmc0:0001 SEM16G partition 3 4.00 MiB
[    1.955540]  mmcblk0: p1
[    1.978048]  usb2-1: usb2-1 supply vbus not found, using dummy regulator
[    1.985137]  usb3-0: usb3-0 supply vbus not found, using dummy regulator
[    1.993064] tegra-pcie 1003000.pcie-controller: 2x1, 1x1 configuration
[    1.999701] tegra-pcie 1003000.pcie-controller: Failed to get supply 'avddio-pex': -517
[    2.010842] tegra124-dfll 70110000.clock: couldn't get vdd_cpu regulator
[    2.021586] tegra-hdmi 54280000.hdmi: failed to get PLL regulator
[    2.032326] as3722-sd2: supplied by +5V_SYS
[    2.036898] as3722-sd3: supplied by +5V_SYS
[    2.041306] as3722-sd4: supplied by +5V_SYS
[    2.045849] as3722-sd5: supplied by +5V_SYS
[    2.051725] as3722-ldo0: supplied by +1.35V_LP0(sd2)
[    2.057589] as3722-ldo1: supplied by +3.3V_RUN
[    2.062371] as3722-ldo2: supplied by +1.8V_VDDIO
[    2.067917] as3722-ldo3: supplied by +3.3V_SYS
[    2.073232] as3722-ldo4: supplied by +3.3V_SYS
[    2.078104] as3722-ldo5: supplied by +1.8V_VDDIO
[    2.083048] as3722-ldo6: supplied by +3.3V_RUN
[    2.087874] as3722-ldo7: supplied by +1.8V_VDDIO
[    2.093384] +1.05V_RUN_CAM_REAR: Bringing 0uV into 1050000-1050000uV
[    2.100481] as3722-ldo9: supplied by +5V_SYS
[    2.106260] +3.3V_RUN_TOUCH: Bringing 0uV into 2800000-2800000uV
[    2.112786] as3722-ldo10: supplied by +5V_SYS
[    2.117742] +2.8V_RUN_CAM_AF: Bringing 0uV into 2800000-2800000uV
[    2.124602] as3722-ldo11: supplied by +3.3V_RUN
[    2.129898] +1.8V_RUN_VPP_FUSE: Bringing 0uV into 1800000-1800000uV
[    2.139499] tegra-ahci 70027000.sata: AHCI 0001.0301 32 slots 2 ports 3 Gbps 0x1 impl platform mode
[    2.148574] tegra-ahci 70027000.sata: flags: 64bit ncq sntf pm led pio slum part sadm sds apst 
[    2.159078] scsi host0: tegra-ahci
[    2.163598] scsi host1: tegra-ahci
[    2.167292] ata1: SATA max UDMA/133 mmio [mem 0x70027000-0x70028fff] port 0x100 irq 345
[    2.175331] ata2: DUMMY
[    2.180674] tegra-ehci 7d008000.usb: EHCI Host Controller
[    2.186127] tegra-ehci 7d008000.usb: new USB bus registered, assigned bus number 2
[    2.194004] tegra-ehci 7d008000.usb: irq 355, io mem 0x7d008000
[    2.223451] tegra-ehci 7d008000.usb: USB 2.0 started, EHCI 1.10
[    2.230279] hub 2-0:1.0: USB hub found
[    2.234132] hub 2-0:1.0: 1 port detected
[    2.240445] sdhci-tegra 700b0400.sdhci: Got CD GPIO
[    2.245396] sdhci-tegra 700b0400.sdhci: Got WP GPIO
[    2.250464] mmc1: Unknown controller version (3). You may experience problems.
[    2.257796] mmc1: Invalid maximum block size, assuming 512 bytes
[    2.323884] mmc1: SDHCI controller on 700b0400.sdhci [700b0400.sdhci] using ADMA
[    2.331994] tegra-pcie 1003000.pcie-controller: 2x1, 1x1 configuration
[    2.340484] tegra-pcie 1003000.pcie-controller: probing port 0, using 2 lanes
[    2.349990] tegra-pcie 1003000.pcie-controller: Slot present pin change, signature: 00000008
[    2.373380] tegra-pcie 1003000.pcie-controller: probing port 1, using 1 lanes
[    2.382590] tegra-pcie 1003000.pcie-controller: Slot present pin change, signature: 00000000
[    2.397307] tegra-pcie 1003000.pcie-controller: PCI host bridge to bus 0000:00
[    2.404576] pci_bus 0000:00: root bus resource [io  0x0000-0xffff]
[    2.410764] pci_bus 0000:00: root bus resource [mem 0x13000000-0x1fffffff]
[    2.417673] pci_bus 0000:00: root bus resource [mem 0x20000000-0x3fffffff pref]
[    2.425025] pci_bus 0000:00: root bus resource [bus 00-ff]
[    2.430554] pci 0000:00:01.0: [10de:0e12] type 01 class 0x060400
[    2.436650] pci_bus 0000:00: 2-byte config write to 0000:00:01.0 offset 0x88 may corrupt adjacent RW1C bits
[    2.446471] pci_bus 0000:00: 2-byte config write to 0000:00:01.0 offset 0x52 may corrupt adjacent RW1C bits
[    2.456293] pci 0000:00:01.0: PME# supported from D0 D1 D2 D3hot D3cold
[    2.462919] pci_bus 0000:00: 2-byte config write to 0000:00:01.0 offset 0x4c may corrupt adjacent RW1C bits
[    2.472962] pci 0000:00:02.0: [10de:0e13] type 01 class 0x060400
[    2.479058] pci_bus 0000:00: 2-byte config write to 0000:00:02.0 offset 0x88 may corrupt adjacent RW1C bits
[    2.488868] pci_bus 0000:00: 2-byte config write to 0000:00:02.0 offset 0x52 may corrupt adjacent RW1C bits
[    2.498676] pci 0000:00:02.0: PME# supported from D0 D1 D2 D3hot D3cold
[    2.505340] pci_bus 0000:00: 2-byte config write to 0000:00:02.0 offset 0x4c may corrupt adjacent RW1C bits
[    2.515354] pci_bus 0000:00: 2-byte config write to 0000:00:01.0 offset 0x3e may corrupt adjacent RW1C bits
[    2.517123] ata1: SATA link down (SStatus 0 SControl 300)
[    2.530533] pci_bus 0000:00: 2-byte config write to 0000:00:02.0 offset 0x3e may corrupt adjacent RW1C bits
[    2.540280] pci_bus 0000:00: 2-byte config write to 0000:00:01.0 offset 0x4 may corrupt adjacent RW1C bits
[    2.549940] pci_bus 0000:00: 1-byte config write to 0000:00:01.0 offset 0xc may corrupt adjacent RW1C bits
[    2.559630] PCI: bus0: Fast back to back transfers disabled
[    2.565219] pci 0000:00:01.0: bridge configuration invalid ([bus 00-00]), reconfiguring
[    2.573223] pci 0000:00:02.0: bridge configuration invalid ([bus 00-00]), reconfiguring
[    2.581481] pci 0000:01:00.0: [8086:4232] type 00 class 0x028000
[    2.587582] pci 0000:01:00.0: reg 0x10: [mem 0x00000000-0x00001fff 64bit]
[    2.594623] pci 0000:01:00.0: PME# supported from D0 D3hot D3cold
[    2.616874] mmc1: new high speed SDHC card at address aaaa
[    2.623417] mmcblk1: mmc1:aaaa SD04G 3.69 GiB 
[    2.628171] PCI: bus1: Fast back to back transfers disabled
[    2.633808] pci_bus 0000:01: busn_res: [bus 01-ff] end is updated to 01
[    2.640637] pci 0000:02:00.0: [10ec:8168] type 00 class 0x020000
[    2.646713] pci 0000:02:00.0: reg 0x10: [io  0x0000-0x00ff]
[    2.652323] pci 0000:02:00.0: reg 0x18: [mem 0x00000000-0x00000fff 64bit]
[    2.659176] pci 0000:02:00.0: reg 0x20: [mem 0x00000000-0x00003fff 64bit pref]
[    2.666590] pci 0000:02:00.0: supports D1 D2
[    2.670861] pci 0000:02:00.0: PME# supported from D0 D1 D2 D3hot D3cold
[    2.690545]  mmcblk1: p1 p2 p3
[    2.703497] PCI: bus2: Fast back to back transfers disabled
[    2.709086] pci_bus 0000:02: busn_res: [bus 02-ff] end is updated to 02
[    2.715895] pci 0000:00:01.0: BAR 8: assigned [mem 0x13000000-0x130fffff]
[    2.722677] pci 0000:00:02.0: BAR 8: assigned [mem 0x13100000-0x131fffff]
[    2.729503] pci 0000:00:02.0: BAR 9: assigned [mem 0x20000000-0x200fffff 64bit pref]
[    2.737259] pci 0000:00:02.0: BAR 7: assigned [io  0x1000-0x1fff]
[    2.743371] pci 0000:01:00.0: BAR 0: assigned [mem 0x13000000-0x13001fff 64bit]
[    2.750713] pci 0000:00:01.0: PCI bridge to [bus 01]
[    2.755717] pci 0000:00:01.0:   bridge window [mem 0x13000000-0x130fffff]
[    2.762512] pci 0000:02:00.0: BAR 4: assigned [mem 0x20000000-0x20003fff 64bit pref]
[    2.770310] pci 0000:02:00.0: BAR 2: assigned [mem 0x13100000-0x13100fff 64bit]
[    2.777651] pci 0000:02:00.0: BAR 0: assigned [io  0x1000-0x10ff]
[    2.783787] pci 0000:00:02.0: PCI bridge to [bus 02]
[    2.788750] pci 0000:00:02.0:   bridge window [io  0x1000-0x1fff]
[    2.794860] pci 0000:00:02.0:   bridge window [mem 0x13100000-0x131fffff]
[    2.801643] pci 0000:00:02.0:   bridge window [mem 0x20000000-0x200fffff 64bit pref]
[    2.809447] pci 0000:00:01.0: nv_msi_ht_cap_quirk didn't locate host bridge
[    2.816513] pcieport 0000:00:01.0: enabling device (0140 -> 0142)
[    2.822849] pcieport 0000:00:01.0: Signaling PME with IRQ 393
[    2.828743] pci 0000:00:02.0: nv_msi_ht_cap_quirk didn't locate host bridge
[    2.835798] pcieport 0000:00:02.0: enabling device (0140 -> 0143)
[    2.842119] pcieport 0000:00:02.0: Signaling PME with IRQ 394
[    2.848218] r8169 Gigabit Ethernet driver 2.3LK-NAPI loaded
[    2.853832] r8169 0000:02:00.0: enabling device (0140 -> 0143)
[    2.885042] r8169 0000:02:00.0 eth0: RTL8168g/8111g at 0xf0b56000, 00:04:4b:3a:d9:81, XID 0c000800 IRQ 395
[    2.894733] r8169 0000:02:00.0 eth0: jumbo features [frames: 9200 bytes, tx checksumming: ko]
[    2.907566] +1.05V_RUN_AVDD_HDMI_PLL: supplied by +1.05V_RUN
[    2.915294] [drm] Supports vblank timestamp caching Rev 2 (21.10.2013).
[    2.921910] [drm] No driver support for vblank timestamp query.
[    3.050529] tegra-hdmi 54280000.hdmi: cannot set audio to 48000 Hz at 297000000 Hz pixel clock
[    3.297129] Console: switching to colour frame buffer device 512x135
[    3.395735] drm drm: fb0:  frame buffer device
[    3.400264] [drm] Initialized tegra 0.0.0 20120330 for drm on minor 0
[    3.408137] of: dev_pm_opp_of_cpumask_add_table: couldn't find opp table for cpu:0, -19
[    3.416218] cpufreq: cpufreq_online: CPU0: Running at unlisted freq: 696000 KHz
[    3.423545] cpufreq: cpufreq_online: CPU0: Unlisted initial frequency changed to: 714000 KHz
[    3.432627] input: gpio-keys as /devices/soc0/gpio-keys/input/input0
[    3.439911] as3722-rtc as3722-rtc: setting system clock to 2000-01-01 00:02:39 UTC (946684959)
[    3.448992] +USB0_VBUS_SW: disabling
[    3.452568] +1.8V_RUN_CAM: disabling
[    3.456380] +2.8V_RUN_CAM: disabling
[    3.460147] +1.2V_RUN_CAM_FRONT: disabling
[    3.464505] +1.05V_RUN_CAM_REAR: disabling
[    3.468755] +3.3V_RUN_TOUCH: disabling
[    3.472653] +2.8V_RUN_CAM_AF: disabling
[    3.476704] +1.8V_RUN_VPP_FUSE: disabling
[    3.481752] EXT4-fs (mmcblk0p1): mounting ext3 file system using the ext4 subsystem
[    3.523264] EXT4-fs (mmcblk0p1): recovery complete
[    3.528942] EXT4-fs (mmcblk0p1): mounted filesystem with ordered data mode. Opts: (null)
[    3.537055] VFS: Mounted root (ext3 filesystem) on device 179:1.
[    3.547084] devtmpfs: mounted
[    3.550690] Freeing unused kernel memory: 2048K
bash: cannot set terminal process group (-1): Inappropriate ioctl for device
bash: no job control in this shell
root@(none):/# 