[    0.000000] Booting Linux on physical CPU 0x0
[    0.000000] Linux version 4.14.0-rc6-201169-gbb176f6 (jonathanh@kaivo) (gcc version 4.9.2 20140904 (prerelease) (crosstool-NG linaro-1.13.1-4.9-2014.09 - Linaro GCC 4.9-2014.09)) #1 SMP PREEMPT Mon Oct 23 13:54:06 PDT 2017
[    0.000000] Boot CPU: AArch64 Processor [411fd070]
[    0.000000] Machine model: linux,dummy-virt
[    0.000000] Memory limited to 1024MB
[    0.000000] efi: Getting EFI parameters from FDT:
[    0.000000] efi: UEFI not found.
[    0.000000] cma: Reserved 16 MiB at 0x000000007f000000
[    0.000000] NUMA: No NUMA configuration found
[    0.000000] NUMA: Faking a node at [mem 0x0000000000000000-0x000000007fffffff]
[    0.000000] NUMA: NODE_DATA [mem 0x7efeaf00-0x7efec9ff]
[    0.000000] Zone ranges:
[    0.000000]   DMA      [mem 0x0000000040000000-0x000000007fffffff]
[    0.000000]   Normal   empty
[    0.000000] Movable zone start for each node
[    0.000000] Early memory node ranges
[    0.000000]   node   0: [mem 0x0000000040000000-0x000000007fffffff]
[    0.000000] Initmem setup node 0 [mem 0x0000000040000000-0x000000007fffffff]
[    0.000000] psci: probing for conduit method from DT.
[    0.000000] psci: PSCIv0.2 detected in firmware.
[    0.000000] psci: Using standard PSCI v0.2 function IDs
[    0.000000] psci: Trusted OS migration not required
[    0.000000] random: fast init done
[    0.000000] percpu: Embedded 23 pages/cpu @ffff80003efd0000 s55552 r8192 d30464 u94208
[    0.000000] Detected PIPT I-cache on CPU0
[    0.000000] CPU features: enabling workaround for ARM erratum 832075
[    0.000000] CPU features: enabling workaround for ARM erratum 834220
[    0.000000] Built 1 zonelists, mobility grouping on.  Total pages: 258048
[    0.000000] Policy zone: DMA
[    0.000000] Kernel command line: root=/dev/vda2 rw rootwait mem=1024M console=ttyAMA0,38400n8 init=/bin/bash
[    0.000000] PID hash table entries: 4096 (order: 3, 32768 bytes)
[    0.000000] Memory: 998976K/1048576K available (9212K kernel code, 1142K rwdata, 4580K rodata, 1152K init, 403K bss, 33216K reserved, 16384K cma-reserved)
[    0.000000] Virtual kernel memory layout:
[    0.000000]     modules : 0xffff000000000000 - 0xffff000008000000   (   128 MB)
[    0.000000]     vmalloc : 0xffff000008000000 - 0xffff7dffbfff0000   (129022 GB)
[    0.000000]       .text : 0xffff000008080000 - 0xffff000008980000   (  9216 KB)
[    0.000000]     .rodata : 0xffff000008980000 - 0xffff000008e00000   (  4608 KB)
[    0.000000]       .init : 0xffff000008e00000 - 0xffff000008f20000   (  1152 KB)
[    0.000000]       .data : 0xffff000008f20000 - 0xffff00000903da00   (  1143 KB)
[    0.000000]        .bss : 0xffff00000903da00 - 0xffff0000090a27f0   (   404 KB)
[    0.000000]     fixed   : 0xffff7dfffe7fd000 - 0xffff7dfffec00000   (  4108 KB)
[    0.000000]     PCI I/O : 0xffff7dfffee00000 - 0xffff7dffffe00000   (    16 MB)
[    0.000000]     vmemmap : 0xffff7e0000000000 - 0xffff800000000000   (  2048 GB maximum)
[    0.000000]               0xffff7e0000000000 - 0xffff7e0001000000   (    16 MB actual)
[    0.000000]     memory  : 0xffff800000000000 - 0xffff800040000000   (  1024 MB)
[    0.000000] SLUB: HWalign=64, Order=0-3, MinObjects=0, CPUs=1, Nodes=1
[    0.000000] Preemptible hierarchical RCU implementation.
[    0.000000] 	RCU restricting CPUs from NR_CPUS=64 to nr_cpu_ids=1.
[    0.000000] 	Tasks RCU enabled.
[    0.000000] RCU: Adjusting geometry for rcu_fanout_leaf=16, nr_cpu_ids=1
[    0.000000] NR_IRQS: 64, nr_irqs: 64, preallocated irqs: 0
[    0.000000] GICv2m: range[mem 0x08020000-0x08020fff], SPI[80:143]
[    0.000000] arch_timer: cp15 timer(s) running at 62.50MHz (virt).
[    0.000000] clocksource: arch_sys_counter: mask: 0xffffffffffffff max_cycles: 0x1cd42e208c, max_idle_ns: 881590405314 ns
[    0.000189] sched_clock: 56 bits at 62MHz, resolution 16ns, wraps every 4398046511096ns
[    0.008176] Console: colour dummy device 80x25
[    0.009841] Calibrating delay loop (skipped), value calculated using timer frequency.. 125.00 BogoMIPS (lpj=250000)
[    0.010024] pid_max: default: 32768 minimum: 301
[    0.011282] Security Framework initialized
[    0.014030] Dentry cache hash table entries: 131072 (order: 8, 1048576 bytes)
[    0.015336] Inode-cache hash table entries: 65536 (order: 7, 524288 bytes)
[    0.015567] Mount-cache hash table entries: 2048 (order: 2, 16384 bytes)
[    0.015686] Mountpoint-cache hash table entries: 2048 (order: 2, 16384 bytes)
[    0.063841] ASID allocator initialised with 65536 entries
[    0.070902] Hierarchical SRCU implementation.
[    0.085211] EFI services will not be available.
[    0.091899] smp: Bringing up secondary CPUs ...
[    0.092103] smp: Brought up 1 node, 1 CPU
[    0.092182] SMP: Total of 1 processors activated.
[    0.092380] CPU features: detected feature: 32-bit EL0 Support
[    0.093874] CPU: All CPU(s) started at EL1
[    0.094644] alternatives: patching kernel code
[    0.119901] devtmpfs: initialized
[    0.138730] clocksource: jiffies: mask: 0xffffffff max_cycles: 0xffffffff, max_idle_ns: 7645041785100000 ns
[    0.138913] futex hash table entries: 256 (order: 3, 32768 bytes)
[    0.143245] pinctrl core: initialized pinctrl subsystem
[    0.182349] DMI not present or invalid.
[    0.190536] NET: Registered protocol family 16
[    0.214849] cpuidle: using governor menu
[    0.217143] vdso: 2 pages (1 code @ ffff000008986000, 1 data @ ffff000008f25000)
[    0.217414] hw-breakpoint: found 6 breakpoint and 4 watchpoint registers.
[    0.227046] DMA: preallocated 256 KiB pool for atomic allocations
[    0.236050] Serial: AMBA PL011 UART driver
[    0.310158] 9000000.pl011: ttyAMA0 at MMIO 0x9000000 (irq = 39, base_baud = 0) is a PL011 rev1
[    0.333925] console [ttyAMA0] enabled
[    0.566660] HugeTLB registered 2.00 MiB page size, pre-allocated 0 pages
[    0.583200] ACPI: Interpreter disabled.
[    0.601132] vgaarb: loaded
[    0.605015] SCSI subsystem initialized
[    0.619855] usbcore: registered new interface driver usbfs
[    0.620857] usbcore: registered new interface driver hub
[    0.621675] usbcore: registered new device driver usb
[    0.632818] pps_core: LinuxPPS API ver. 1 registered
[    0.633124] pps_core: Software ver. 5.3.6 - Copyright 2005-2007 Rodolfo Giometti <giometti@linux.it>
[    0.633959] PTP clock support registered
[    0.637322] EDAC MC: Ver: 3.0.0
[    0.644691] dmi: Firmware registration failed.
[    0.651935] Advanced Linux Sound Architecture Driver Initialized.
[    0.670354] clocksource: Switched to clocksource arch_sys_counter
[    0.671717] VFS: Disk quotas dquot_6.6.0
[    0.672317] VFS: Dquot-cache hash table entries: 512 (order 0, 4096 bytes)
[    0.678165] pnp: PnP ACPI: disabled
[    0.764016] NET: Registered protocol family 2
[    0.772034] TCP established hash table entries: 8192 (order: 4, 65536 bytes)
[    0.772839] TCP bind hash table entries: 8192 (order: 5, 131072 bytes)
[    0.773527] TCP: Hash tables configured (established 8192 bind 8192)
[    0.775614] UDP hash table entries: 512 (order: 2, 16384 bytes)
[    0.776210] UDP-Lite hash table entries: 512 (order: 2, 16384 bytes)
[    0.778512] NET: Registered protocol family 1
[    0.790534] RPC: Registered named UNIX socket transport module.
[    0.790925] RPC: Registered udp transport module.
[    0.791198] RPC: Registered tcp transport module.
[    0.791456] RPC: Registered tcp NFSv4.1 backchannel transport module.
[    0.804109] hw perfevents: enabled with armv8_pmuv3 PMU driver, 1 counters available
[    0.805532] kvm [1]: HYP mode not available
[    0.831069] audit: initializing netlink subsys (disabled)
[    0.834789] audit: type=2000 audit(0.788:1): state=initialized audit_enabled=0 res=1
[    0.837609] workingset: timestamp_bits=44 max_order=18 bucket_order=0
[    0.922275] squashfs: version 4.0 (2009/01/31) Phillip Lougher
[    0.935200] NFS: Registering the id_resolver key type
[    0.936905] Key type id_resolver registered
[    0.937291] Key type id_legacy registered
[    0.937810] nfs4filelayout_init: NFSv4 File Layout Driver Registering...
[    0.941277] 9p: Installing v9fs 9p2000 file system support
[    0.960660] Block layer SCSI generic (bsg) driver version 0.4 loaded (major 246)
[    0.961207] io scheduler noop registered
[    0.963631] io scheduler cfq registered (default)
[    0.963944] io scheduler mq-deadline registered
[    0.964220] io scheduler kyber registered
[    1.025141] pl061_gpio 9030000.pl061: PL061 GPIO chip @0x0000000009030000 registered
[    1.041082] OF: PCI: host bridge /pcie@10000000 ranges:
[    1.041862] OF: PCI:    IO 0x3eff0000..0x3effffff -> 0x00000000
[    1.043513] OF: PCI:   MEM 0x10000000..0x3efeffff -> 0x10000000
[    1.043901] OF: PCI:   MEM 0x8000000000..0xffffffffff -> 0x8000000000
[    1.044949] pci-host-generic 3f000000.pcie: ECAM at [mem 0x3f000000-0x3fffffff] for [bus 00-0f]
[    1.047383] pci-host-generic 3f000000.pcie: PCI host bridge to bus 0000:00
[    1.047967] pci_bus 0000:00: root bus resource [bus 00-0f]
[    1.048365] pci_bus 0000:00: root bus resource [io  0x0000-0xffff]
[    1.048706] pci_bus 0000:00: root bus resource [mem 0x10000000-0x3efeffff]
[    1.049073] pci_bus 0000:00: root bus resource [mem 0x8000000000-0xffffffffff]
[    1.186943] Serial: 8250/16550 driver, 4 ports, IRQ sharing enabled
[    1.208385] SuperH (H)SCI(F) driver initialized
[    1.212658] msm_serial: driver initialized
[    1.221077] cacheinfo: Unable to detect cache hierarchy for CPU 0
[    1.267972] loop: module loaded
[    1.309873]  vda: vda1 vda2
[    1.369828] libphy: Fixed MDIO Bus: probed
[    1.377360] tun: Universal TUN/TAP device driver, 1.6
[    1.401536] e1000e: Intel(R) PRO/1000 Network Driver - 3.2.6-k
[    1.401889] e1000e: Copyright(c) 1999 - 2015 Intel Corporation.
[    1.403662] igb: Intel(R) Gigabit Ethernet Network Driver - version 5.4.0-k
[    1.404044] igb: Copyright (c) 2007-2014 Intel Corporation.
[    1.405268] igbvf: Intel(R) Gigabit Virtual Function Network Driver - version 2.4.0-k
[    1.405687] igbvf: Copyright (c) 2009 - 2012 Intel Corporation.
[    1.409606] sky2: driver version 1.30
[    1.416005] VFIO - User Level meta-driver version: 0.3
[    1.443415] ehci_hcd: USB 2.0 'Enhanced' Host Controller (EHCI) Driver
[    1.443861] ehci-pci: EHCI PCI platform driver
[    1.445130] ehci-platform: EHCI generic platform driver
[    1.447148] ehci-orion: EHCI orion driver
[    1.448415] ehci-exynos: EHCI EXYNOS driver
[    1.449443] ehci-msm: Qualcomm On-Chip EHCI Host Controller
[    1.451215] ohci_hcd: USB 1.1 'Open' Host Controller (OHCI) Driver
[    1.451650] ohci-pci: OHCI PCI platform driver
[    1.452693] ohci-platform: OHCI generic platform driver
[    1.454715] ohci-exynos: OHCI EXYNOS driver
[    1.460427] usbcore: registered new interface driver usb-storage
[    1.490974] rtc-pl031 9010000.pl031: rtc core: registered pl031 as rtc0
[    1.498176] i2c /dev entries driver
[    1.539898] sdhci: Secure Digital Host Controller Interface driver
[    1.540285] sdhci: Copyright(c) Pierre Ossman
[    1.544236] Synopsys Designware Multimedia Card Interface Driver
[    1.553775] sdhci-pltfm: SDHCI platform and OF driver helper
[    1.567550] ledtrig-cpu: registered to indicate activity on CPUs
[    1.582069] usbcore: registered new interface driver usbhid
[    1.583791] usbhid: USB HID core driver
[    1.605716] NET: Registered protocol family 17
[    1.608701] 9pnet: Installing 9P2000 support
[    1.609593] Key type dns_resolver registered
[    1.614792] registered taskstats version 1
[    1.627806] input: gpio-keys as /devices/platform/gpio-keys/input/input0
[    1.632865] rtc-pl031 9010000.pl031: setting system clock to 2017-10-23 20:54:41 UTC (1508792081)
[    1.635391] ALSA device list:
[    1.635627]   No soundcards found.
[    1.639734] uart-pl011 9000000.pl011: no DMA platform data
[    1.647251] EXT4-fs (vda2): couldn't mount as ext3 due to feature incompatibilities
[    1.703398] EXT4-fs (vda2): recovery complete
[    1.704763] EXT4-fs (vda2): mounted filesystem with ordered data mode. Opts: (null)
[    1.705521] VFS: Mounted root (ext4 filesystem) on device 254:2.
[    1.709763] devtmpfs: mounted
[    1.803256] Freeing unused kernel memory: 1152K
bash: cannot set terminal process group (-1): Inappropriate ioctl for device
bash: no job control in this shell
bash-4.3# 