
U-Boot SPL 2015.04-rc3-00209-ga74ef40 (Mar 16 2015 - 14:43:39)


U-Boot 2015.04-rc3-00209-ga74ef40 (Mar 16 2015 - 14:43:39)

TEGRA20
Model: Compulab TrimSlice board
DRAM:  1 GiB
MMC:   Tegra SD/MMC: 0, Tegra SD/MMC: 1
SF: Detected W25Q80BL with page size 256 Bytes, erase size 4 KiB, total 1 MiB
tegra-pcie: PCI regions:
tegra-pcie:   I/O: 0x82000000-0x82010000
tegra-pcie:   non-prefetchable memory: 0xa0000000-0xa8000000
tegra-pcie:   prefetchable memory: 0xa8000000-0xc0000000
tegra-pcie: dual-mode configuration
tegra-pcie: probing port 0, using 2 lanes
In:    serial
Out:   serial
Err:   serial
Net:   RTL8169#0
Hit any key to stop autoboot:  2  0 
Tegra20 (TrimSlice) # 
Tegra20 (TrimSlice) # usb reset
resetting USB...
USB0:   USB EHCI 1.00
scanning bus 0 for devices... 3 USB Device(s) found
USB1:   USB EHCI 1.00
scanning bus 1 for devices... 1 USB Device(s) found
USB2:   lowlevel init failed
       scanning usb for storage devices... 0 Storage Device(s) found
       scanning usb for ethernet devices... 
Warning: asx0 using MAC address from net device
1 Ethernet Device(s) found
Tegra20 (TrimSlice) # setenv bootargs 'ignore_loglevel console=ttyS0,115200n8 rw root=PARTUUID=11eb23c1-01 rootwait gpt debug noinitrd earlyprintk init=/bin/bash'
Tegra20 (TrimSlice) # setenv ipaddr 192.168.100.103; setenv serverip 192.168.100.1; setenv tftpserverip 192.168.100.1
Tegra20 (TrimSlice) # tftpboot 0x00408000 zImage.multi_v7_defconfig
Using RTL8169#0 device
TFTP from server 192.168.100.1; our IP address is 192.168.100.103
Filename 'zImage.multi_v7_defconfig'.
Load address: 0x408000
Loading: *#################################################################
	 #################################################################
	 #################################################################
	 #################################################################
	 #################################################################
	 #################################################################
	 #################################################################
	 ###########################################################
	 3.3 MiB/s
done
Bytes transferred = 7541928 (7314a8 hex)
Tegra20 (TrimSlice) # tftpboot 0x02408000 tegra20-trimslice.dtb
Using RTL8169#0 device
TFTP from server 192.168.100.1; our IP address is 192.168.100.103
Filename 'tegra20-trimslice.dtb'.
Load address: 0x2408000
Loading: *##
	 2.9 MiB/s
done
Bytes transferred = 21426 (53b2 hex)
Tegra20 (TrimSlice) # bootz 0x00408000 - 0x02408000
Kernel image @ 0x408000 [ 0x000000 - 0x7314a8 ]
## Flattened Device Tree blob at 02408000
   Booting using the fdt blob at 0x2408000
   Using Device Tree in place at 02408000, end 024103b1

Starting kernel ...

[    0.000000] Booting Linux on physical CPU 0x0
[    0.000000] Linux version 4.11.0-rc8-157047-g5a7ad11 (jonathanh@sellafield) (gcc version 4.7.3 20130328 (prerelease) (crosstool-NG linaro-1.13.1-4.7-2013.04-20130415 - Linaro GCC 2013.04) ) #1 SMP Sun Apr 23 17:34:49 PDT 2017
[    0.000000] CPU: ARMv7 Processor [411fc090] revision 0 (ARMv7), cr=10c5387d
[    0.000000] CPU: PIPT / VIPT nonaliasing data cache, VIPT aliasing instruction cache
[    0.000000] OF: fdt: Machine model: Compulab TrimSlice board
[    0.000000] debug: ignoring loglevel setting.
[    0.000000] efi: Getting EFI parameters from FDT:
[    0.000000] efi: UEFI not found.
[    0.000000] cma: Reserved 64 MiB at 0x3c000000
[    0.000000] Memory policy: Data cache writealloc
[    0.000000] On node 0 totalpages: 262144
[    0.000000] free_area_init_node: node 0, pgdat c1538200, node_mem_map ef7f8000
[    0.000000]   DMA zone: 1536 pages used for memmap
[    0.000000]   DMA zone: 0 pages reserved
[    0.000000]   DMA zone: 196608 pages, LIFO batch:31
[    0.000000]   HighMem zone: 65536 pages, LIFO batch:15
[    0.000000] percpu: Embedded 16 pages/cpu @ef7c6000 s34432 r8192 d22912 u65536
[    0.000000] pcpu-alloc: s34432 r8192 d22912 u65536 alloc=16*4096
[    0.000000] pcpu-alloc: [0] 0 [0] 1 
[    0.000000] Built 1 zonelists in Zone order, mobility grouping on.  Total pages: 260608
[    0.000000] Kernel command line: ignore_loglevel console=ttyS0,115200n8 rw root=PARTUUID=11eb23c1-01 rootwait gpt debug noinitrd earlyprintk init=/bin/bash
[    0.000000] PID hash table entries: 4096 (order: 2, 16384 bytes)
[    0.000000] Dentry cache hash table entries: 131072 (order: 7, 524288 bytes)
[    0.000000] Inode-cache hash table entries: 65536 (order: 6, 262144 bytes)
[    0.000000] Memory: 954592K/1048576K available (10240K kernel code, 1254K rwdata, 4212K rodata, 2048K init, 536K bss, 28448K reserved, 65536K cma-reserved, 196608K highmem)
[    0.000000] Virtual kernel memory layout:
[    0.000000]     vector  : 0xffff0000 - 0xffff1000   (   4 kB)
[    0.000000]     fixmap  : 0xffc00000 - 0xfff00000   (3072 kB)
[    0.000000]     vmalloc : 0xf0800000 - 0xff800000   ( 240 MB)
[    0.000000]     lowmem  : 0xc0000000 - 0xf0000000   ( 768 MB)
[    0.000000]     pkmap   : 0xbfe00000 - 0xc0000000   (   2 MB)
[    0.000000]     modules : 0xbf000000 - 0xbfe00000   (  14 MB)
[    0.000000]       .text : 0xc0208000 - 0xc0d00000   (11232 kB)
[    0.000000]       .init : 0xc1200000 - 0xc1400000   (2048 kB)
[    0.000000]       .data : 0xc1400000 - 0xc1539b20   (1255 kB)
[    0.000000]        .bss : 0xc153b000 - 0xc15c12b8   ( 537 kB)
[    0.000000] SLUB: HWalign=64, Order=0-3, MinObjects=0, CPUs=2, Nodes=1
[    0.000000] Hierarchical RCU implementation.
[    0.000000] 	RCU debugfs-based tracing is enabled.
[    0.000000] 	Build-time adjustment of leaf fanout to 32.
[    0.000000] 	RCU restricting CPUs from NR_CPUS=16 to nr_cpu_ids=2.
[    0.000000] RCU: Adjusting geometry for rcu_fanout_leaf=32, nr_cpu_ids=2
[    0.000000] NR_IRQS:16 nr_irqs:16 16
[    0.000000] /interrupt-controller@60004000: 128 interrupts forwarded to /interrupt-controller@50041000
[    0.000000] L2C: platform modifies aux control register: 0x02080000 -> 0x3e480001
[    0.000000] L2C: DT/platform modifies aux control register: 0x02080000 -> 0x3e480001
[    0.000000] L2C-310 errata 727915 769419 enabled
[    0.000000] L2C-310 enabling early BRESP for Cortex-A9
[    0.000000] L2C-310: enabling full line of zeros but not enabled in Cortex-A9
[    0.000000] L2C-310 ID prefetch enabled, offset 1 lines
[    0.000000] L2C-310 cache controller enabled, 8 ways, 1024 kB
[    0.000000] L2C-310: CACHE_ID 0x410000c4, AUX_CTRL 0x7e480001
[    0.000009] sched_clock: 32 bits at 1000kHz, resolution 1000ns, wraps every 2147483647500ns
[    0.000025] clocksource: timer_us: mask: 0xffffffff max_cycles: 0xffffffff, max_idle_ns: 1911260446275 ns
[    0.000035] Switching to timer-based delay loop, resolution 1000ns
[    0.001669] Console: colour dummy device 80x30
[    0.001693] Calibrating delay loop (skipped), value calculated using timer frequency.. 2.00 BogoMIPS (lpj=10000)
[    0.001704] pid_max: default: 32768 minimum: 301
[    0.001788] Mount-cache hash table entries: 2048 (order: 1, 8192 bytes)
[    0.001797] Mountpoint-cache hash table entries: 2048 (order: 1, 8192 bytes)
[    0.002220] CPU: Testing write buffer coherency: ok
[    0.002423] CPU0: thread -1, cpu 0, socket 0, mpidr 80000000
[    0.002636] Setting up static identity map for 0x300000 - 0x300098
[    0.004030] Tegra Revision: A03 prime SKU: 8 CPU Process: 1 SoC Process: 2
[    0.004407] EFI services will not be available.
[    0.004560] smp: Bringing up secondary CPUs ...
[    0.005096] CPU1: thread -1, cpu 1, socket 0, mpidr 80000001
[    0.005158] smp: Brought up 1 node, 2 CPUs
[    0.005170] SMP: Total of 2 processors activated (4.00 BogoMIPS).
[    0.005176] CPU: All CPU(s) started in SVC mode.
[    0.005819] devtmpfs: initialized
[    0.009364] VFP support v0.3: implementor 41 architecture 3 part 30 variant 9 rev 1
[    0.009582] clocksource: jiffies: mask: 0xffffffff max_cycles: 0xffffffff, max_idle_ns: 19112604462750000 ns
[    0.009595] futex hash table entries: 512 (order: 3, 32768 bytes)
[    0.012573] pinctrl core: initialized pinctrl subsystem
[    0.013810] NET: Registered protocol family 16
[    0.015855] DMA: preallocated 256 KiB pool for atomic coherent allocations
[    0.017304] cpuidle: using governor menu
[    0.034541] No ATAGs?
[    0.034610] hw-breakpoint: found 5 (+1 reserved) breakpoint and 1 watchpoint registers.
[    0.034621] hw-breakpoint: maximum watchpoint size is 4 bytes.
[    0.039786] Serial: AMBA PL011 UART driver
[    0.051269] usb1_vbus: Failed to request enable GPIO170: -517
[    0.051284] reg-fixed-voltage regulators:regulator@2: Failed to register regulator: -517
[    0.054783] vgaarb: loaded
[    0.055336] SCSI subsystem initialized
[    0.055458] libata version 3.00 loaded.
[    0.055636] usbcore: registered new interface driver usbfs
[    0.055677] usbcore: registered new interface driver hub
[    0.055714] usbcore: registered new device driver usb
[    0.057650] pps_core: LinuxPPS API ver. 1 registered
[    0.057657] pps_core: Software ver. 5.3.6 - Copyright 2005-2007 Rodolfo Giometti <giometti@linux.it>
[    0.057673] PTP clock support registered
[    0.057810] EDAC MC: Ver: 3.0.0
[    0.059537] clocksource: Switched to clocksource timer_us
[    0.066740] NET: Registered protocol family 2
[    0.067143] TCP established hash table entries: 8192 (order: 3, 32768 bytes)
[    0.067214] TCP bind hash table entries: 8192 (order: 4, 65536 bytes)
[    0.067327] TCP: Hash tables configured (established 8192 bind 8192)
[    0.067426] UDP hash table entries: 512 (order: 2, 16384 bytes)
[    0.067471] UDP-Lite hash table entries: 512 (order: 2, 16384 bytes)
[    0.067622] NET: Registered protocol family 1
[    0.067868] RPC: Registered named UNIX socket transport module.
[    0.067876] RPC: Registered udp transport module.
[    0.067882] RPC: Registered tcp transport module.
[    0.067887] RPC: Registered tcp NFSv4.1 backchannel transport module.
[    0.067896] PCI: CLS 0 bytes, default 64
[    0.068683] hw perfevents: enabled with armv7_cortex_a9 PMU driver, 7 counters available
[    0.070017] workingset: timestamp_bits=30 max_order=18 bucket_order=0
[    0.076421] squashfs: version 4.0 (2009/01/31) Phillip Lougher
[    0.076999] NFS: Registering the id_resolver key type
[    0.077025] Key type id_resolver registered
[    0.077032] Key type id_legacy registered
[    0.077062] ntfs: driver 2.1.32 [Flags: R/O].
[    0.078206] bounce: pool size: 64 pages
[    0.078242] Block layer SCSI generic (bsg) driver version 0.4 loaded (major 248)
[    0.078251] io scheduler noop registered
[    0.078257] io scheduler deadline registered
[    0.078401] io scheduler cfq registered (default)
[    0.078408] io scheduler mq-deadline registered
[    0.089280] tegra-pcie 80003000.pcie-controller: dual-mode configuration
[    0.090032] tegra-pcie 80003000.pcie-controller: probing port 0, using 2 lanes
[    0.173697] tegra-pcie 80003000.pcie-controller: PCI host bridge to bus 0000:00
[    0.173709] pci_bus 0000:00: root bus resource [io  0x0000-0xffff]
[    0.173727] pci_bus 0000:00: root bus resource [mem 0xa0000000-0xa7ffffff]
[    0.173736] pci_bus 0000:00: root bus resource [mem 0xa8000000-0xbfffffff pref]
[    0.173744] pci_bus 0000:00: root bus resource [bus 00-ff]
[    0.173772] pci 0000:00:01.0: [10de:0bf0] type 01 class 0x060000
[    0.173798] pci_bus 0000:00: 2-byte config write to 0000:00:01.0 offset 0x88 may corrupt adjacent RW1C bits
[    0.173832] pci_bus 0000:00: 2-byte config write to 0000:00:01.0 offset 0x52 may corrupt adjacent RW1C bits
[    0.173856] pci 0000:00:01.0: PME# supported from D0 D1 D2 D3hot D3cold
[    0.173867] pci_bus 0000:00: 2-byte config write to 0000:00:01.0 offset 0x4c may corrupt adjacent RW1C bits
[    0.174040] pci_bus 0000:00: 2-byte config write to 0000:00:01.0 offset 0x3e may corrupt adjacent RW1C bits
[    0.174052] pci_bus 0000:00: 2-byte config write to 0000:00:01.0 offset 0x4 may corrupt adjacent RW1C bits
[    0.174062] pci_bus 0000:00: 1-byte config write to 0000:00:01.0 offset 0xc may corrupt adjacent RW1C bits
[    0.174068] PCI: bus0: Fast back to back transfers disabled
[    0.174077] pci 0000:00:01.0: bridge configuration invalid ([bus 00-00]), reconfiguring
[    0.174087] pci_bus 0000:00: 2-byte config write to 0000:00:01.0 offset 0x3e may corrupt adjacent RW1C bits
[    0.174097] pci_bus 0000:00: 2-byte config write to 0000:00:01.0 offset 0x3e may corrupt adjacent RW1C bits
[    0.174107] pci_bus 0000:00: 2-byte config write to 0000:00:01.0 offset 0x3e may corrupt adjacent RW1C bits
[    0.174116] pci_bus 0000:00: 2-byte config write to 0000:00:01.0 offset 0x6 may corrupt adjacent RW1C bits
[    0.174232] pci 0000:01:00.0: [10ec:8168] type 00 class 0x020000
[    0.174256] pci 0000:01:00.0: reg 0x10: [io  0x0000-0x00ff]
[    0.174280] pci 0000:01:00.0: reg 0x18: [mem 0x00000000-0x00000fff 64bit pref]
[    0.174298] pci 0000:01:00.0: reg 0x20: [mem 0x00000000-0x00003fff 64bit pref]
[    0.174312] pci 0000:01:00.0: reg 0x30: [mem 0x00000000-0x0001ffff pref]
[    0.174392] pci 0000:01:00.0: supports D1 D2
[    0.174401] pci 0000:01:00.0: PME# supported from D0 D1 D2 D3hot D3cold
[    0.199583] PCI: bus1: Fast back to back transfers disabled
[    0.199596] pci_bus 0000:01: busn_res: [bus 01-ff] end is updated to 01
[    0.199608] Disabling cpuidle LP2 state, since PCIe IRQs are in use
[    0.199667] pci 0000:00:01.0: BAR 8: assigned [mem 0xa0000000-0xa00fffff]
[    0.199679] pci 0000:00:01.0: BAR 9: assigned [mem 0xa8000000-0xa80fffff 64bit pref]
[    0.199688] pci 0000:00:01.0: BAR 7: assigned [io  0x1000-0x1fff]
[    0.199699] pci 0000:01:00.0: BAR 6: assigned [mem 0xa0000000-0xa001ffff pref]
[    0.199709] pci 0000:01:00.0: BAR 4: assigned [mem 0xa8000000-0xa8003fff 64bit pref]
[    0.199729] pci 0000:01:00.0: BAR 2: assigned [mem 0xa8004000-0xa8004fff 64bit pref]
[    0.199747] pci 0000:01:00.0: BAR 0: assigned [io  0x1000-0x10ff]
[    0.199758] pci 0000:00:01.0: PCI bridge to [bus 01]
[    0.199766] pci 0000:00:01.0:   bridge window [io  0x1000-0x1fff]
[    0.199775] pci 0000:00:01.0:   bridge window [mem 0xa0000000-0xa00fffff]
[    0.199783] pci 0000:00:01.0:   bridge window [mem 0xa8000000-0xa80fffff 64bit pref]
[    0.199805] pci 0000:00:01.0: nv_msi_ht_cap_quirk didn't locate host bridge
[    0.199854] pcieport 0000:00:01.0: enabling device (0140 -> 0143)
[    0.200028] pcieport 0000:00:01.0: Signaling PME with IRQ 295
[    0.205883] tegra-apbdma 6000a000.dma: Tegra20 APB DMA driver register 16 channels
[    0.253700] Serial: 8250/16550 driver, 4 ports, IRQ sharing disabled
[    0.255864] console [ttyS0] disabled
[    0.255899] 70006000.serial: ttyS0 at MMIO 0x70006000 (irq = 279, base_baud = 13500000) is a Tegra
[    1.310236] console [ttyS0] enabled
[    1.314308] SuperH (H)SCI(F) driver initialized
[    1.319542] msm_serial: driver initialized
[    1.323759] STMicroelectronics ASC driver initialized
[    1.333714] tegra-hdmi 54280000.hdmi: 54280000.hdmi supply hdmi not found, using dummy regulator
[    1.344398] [drm] Supports vblank timestamp caching Rev 2 (21.10.2013).
[    1.351018] [drm] No driver support for vblank timestamp query.
[    1.356949] [drm] Cannot find any crtc or sizes - going 1024x768
[    1.378963] Console: switching to colour frame buffer device 128x48
[    1.393653] drm drm: fb0:  frame buffer device
[    1.398134] [drm] Initialized tegra 0.0.0 20120330 for drm on minor 0
[    1.413462] brd: module loaded
[    1.422117] loop: module loaded
[    1.430881] m25p80 spi32766.0: found s25fl008k, expected w25q80bl
[    1.436968] m25p80 spi32766.0: s25fl008k (1024 Kbytes)
[    1.444308] libphy: Fixed MDIO Bus: probed
[    1.449152] CAN device driver interface
[    1.453670] bgmac_bcma: Broadcom 47xx GBit MAC driver loaded
[    1.460298] e1000e: Intel(R) PRO/1000 Network Driver - 3.2.6-k
[    1.466115] e1000e: Copyright(c) 1999 - 2015 Intel Corporation.
[    1.472088] igb: Intel(R) Gigabit Ethernet Network Driver - version 5.4.0-k
[    1.479031] igb: Copyright (c) 2007-2014 Intel Corporation.
[    1.485123] r8169 Gigabit Ethernet driver 2.3LK-NAPI loaded
[    1.490719] r8169 0000:01:00.0: enabling device (0140 -> 0143)
[    1.497345] r8169 0000:01:00.0 eth0: RTL8168d/8111d at 0xf08fc000, 00:01:c0:13:7d:63, XID 081000c0 IRQ 296
[    1.507005] r8169 0000:01:00.0 eth0: jumbo features [frames: 9200 bytes, tx checksumming: ko]
[    1.517588] pegasus: v0.9.3 (2013/04/25), Pegasus/Pegasus II USB Ethernet driver
[    1.525044] usbcore: registered new interface driver pegasus
[    1.530743] usbcore: registered new interface driver asix
[    1.536157] usbcore: registered new interface driver ax88179_178a
[    1.542284] usbcore: registered new interface driver cdc_ether
[    1.548150] usbcore: registered new interface driver smsc75xx
[    1.553939] usbcore: registered new interface driver smsc95xx
[    1.559718] usbcore: registered new interface driver net1080
[    1.565389] usbcore: registered new interface driver cdc_subset
[    1.571334] usbcore: registered new interface driver zaurus
[    1.576934] usbcore: registered new interface driver cdc_ncm
[    1.582860] tegra-phy c5004000.usb-phy: no vbus regulator
[    1.589328] tegra-phy c5008000.usb-phy: no vbus regulator
[    1.595999] ehci_hcd: USB 2.0 'Enhanced' Host Controller (EHCI) Driver
[    1.602529] ehci-pci: EHCI PCI platform driver
[    1.606997] ehci-platform: EHCI generic platform driver
[    1.612377] ehci-orion: EHCI orion driver
[    1.616474] SPEAr-ehci: EHCI SPEAr driver
[    1.620589] ehci-st: EHCI STMicroelectronics driver
[    1.625551] ehci-exynos: EHCI EXYNOS driver
[    1.629852] ehci-atmel: EHCI Atmel driver
[    1.633946] tegra-ehci: Tegra EHCI driver
[    1.690741] ulpi_phy_power_on: ulpi write failed
[    1.695349] tegra-ehci c5004000.usb: Failed to power on the phy
[    1.701282] tegra-ehci: probe of c5004000.usb failed with error -110
[    1.710256] tegra-ehci c5008000.usb: EHCI Host Controller
[    1.715661] tegra-ehci c5008000.usb: new USB bus registered, assigned bus number 1
[    1.723476] tegra-ehci c5008000.usb: irq 290, io mem 0xc5008000
[    1.749556] tegra-ehci c5008000.usb: USB 2.0 started, EHCI 1.00
[    1.756086] hub 1-0:1.0: USB hub found
[    1.759869] hub 1-0:1.0: 1 port detected
[    1.764092] ohci_hcd: USB 1.1 'Open' Host Controller (OHCI) Driver
[    1.770282] ohci-pci: OHCI PCI platform driver
[    1.774759] ohci-platform: OHCI generic platform driver
[    1.780138] ohci-omap3: OHCI OMAP3 driver
[    1.784238] SPEAr-ohci: OHCI SPEAr driver
[    1.788337] ohci-st: OHCI STMicroelectronics driver
[    1.793322] ohci-atmel: OHCI Atmel driver
[    1.797905] usbcore: registered new interface driver usb-storage
[    1.806367] rtc-em3027 2-0056: rtc core: registered rtc-em3027 as rtc0
[    1.814034] tegra_rtc 7000e000.rtc: rtc core: registered 7000e000.rtc as rtc1
[    1.821203] tegra_rtc 7000e000.rtc: Tegra internal Real Time Clock
[    1.827764] i2c /dev entries driver
[    1.840471] sdhci: Secure Digital Host Controller Interface driver
[    1.846636] sdhci: Copyright(c) Pierre Ossman
[    1.852132] Synopsys Designware Multimedia Card Interface Driver
[    1.858949] sdhci-pltfm: SDHCI platform and OF driver helper
[    1.865375] mmc0: Invalid maximum block size, assuming 512 bytes
[    1.929555] mmc0: SDHCI controller on c8000000.sdhci [c8000000.sdhci] using ADMA
[    1.937034] sdhci-tegra c8000600.sdhci: Got CD GPIO
[    1.941932] sdhci-tegra c8000600.sdhci: Got WP GPIO
[    1.946971] mmc1: Invalid maximum block size, assuming 512 bytes
[    2.009635] mmc1: SDHCI controller on c8000600.sdhci [c8000600.sdhci] using ADMA
[    2.018391] ledtrig-cpu: registered to indicate activity on CPUs
[    2.024703] usbcore: registered new interface driver usbhid
[    2.030315] usbhid: USB HID core driver
[    2.037436] NET: Registered protocol family 10
[    2.042733] Segment Routing with IPv6
[    2.046447] sit: IPv6, IPv4 and MPLS over IPv4 tunneling driver
[    2.052884] NET: Registered protocol family 17
[    2.057322] can: controller area network core (rev 20120528 abi 9)
[    2.063681] NET: Registered protocol family 29
[    2.068114] can: raw protocol (rev 20120528)
[    2.072386] can: broadcast manager protocol (rev 20161123 t)
[    2.078033] can: netlink gateway (rev 20130117) max_hops=1
[    2.083817] Key type dns_resolver registered
[    2.088456] ThumbEE CPU extension supported.
[    2.092738] Registering SWP/SWPB emulation handler
[    2.106218] mmc0: host does not support reading read-only switch, assuming write-enable
[    2.107505] utmi_phy_clk_enable: timeout waiting for phy to stabilize
[    2.107532] tegra-ehci c5000000.usb: EHCI Host Controller
[    2.107559] tegra-ehci c5000000.usb: new USB bus registered, assigned bus number 2
[    2.107879] tegra-ehci c5000000.usb: irq 288, io mem 0xc5000000
[    2.143736] mmc0: new high speed SDHC card at address b368
[    2.149934] mmcblk0: mmc0:b368 NCard 3.70 GiB 
[    2.156779]  mmcblk0: p1
[    2.159643] usb 1-1: new high-speed USB device number 2 using tegra-ehci
[    2.168256] mmc1: new high speed SD card at address b368
[    2.174198] mmcblk1: mmc1:b368 NCard 1.83 GiB (ro)
[    2.181765]  mmcblk1: p1 p2
[    2.189599] tegra-ehci c5000000.usb: USB 2.0 started, EHCI 1.00
[    2.196678] hub 2-0:1.0: USB hub found
[    2.200524] hub 2-0:1.0: 1 port detected
[    2.206097] input: gpio-keys as /devices/soc0/gpio-keys/input/input0
[    2.213316] rtc-em3027 2-0056: hctosys: unable to read the hardware clock
[    2.222500] EXT4-fs (mmcblk0p1): mounting ext3 file system using the ext4 subsystem
[    2.381045] hub 1-1:1.0: USB hub found
[    2.385020] hub 1-1:1.0: 4 ports detected
[    2.463601] EXT4-fs (mmcblk0p1): recovery complete
[    2.539882] EXT4-fs (mmcblk0p1): mounted filesystem with ordered data mode. Opts: (null)
[    2.548028] VFS: Mounted root (ext3 filesystem) on device 179:1.
[    2.563887] devtmpfs: mounted
[    2.571785] Freeing unused kernel memory: 2048K
[    2.664128] random: fast init done
[    2.709668] usb 1-1.2: new high-speed USB device number 3 using tegra-ehci
bash: cannot set terminal process group (-1): Inappropriate ioctl for device
bash: no job control in this shell
root@(none):/# [    3.332119] asix 1-1.2:1.0 eth1: register 'asix' at usb-c5008000.usb-1.2, ASIX AX88772 USB 2.0 Ethernet, 00:60:6e:60:6c:68
 
root@(none):/# mount -t sysfs none /sys
root@(none):/# 
root@(none):/# mount -t debugfs none /sys/kernel/debug
root@(none):/# 
root@(none):/# rtcwake -d rtc1 -m mem -s 3
rtcwake: assuming RTC uses UTC ...
rtcwake: wakeup from "mem" using /dev/rtc1 at Thu Jan  1 00:00:32 1970
[   14.653565] PM: Syncing filesystems ... done.
[   14.699691] Freezing user space processes ... (elapsed 0.001 seconds) done.
[   14.708073] Freezing remaining freezable tasks ... (elapsed 0.001 seconds) done.
[   14.717084] Suspending console(s) (use no_console_suspend to debug)
[   14.755269] pci_generic_config_write32: 38 callbacks suppressed
[   14.755314] pci_bus 0000:00: 2-byte config write to 0000:00:01.0 offset 0x9c may corrupt adjacent RW1C bits
[   14.767722] PM: suspend of devices complete after 41.924 msecs
[   14.772367] PM: late suspend of devices complete after 4.612 msecs
[   14.776772] pci_bus 0000:01: 2-byte config write to 0000:01:00.0 offset 0x44 may corrupt adjacent RW1C bits
[   14.776829] pci_bus 0000:01: 2-byte config write to 0000:01:00.0 offset 0x44 may corrupt adjacent RW1C bits
[   14.800191] PM: noirq suspend of devices complete after 27.794 msecs
[   14.800204] Disabling non-boot CPUs ...
[   14.868529] Entering suspend state LP1
[   14.868529] Suspended for 2.305 seconds
[   14.868574] Enabling non-boot CPUs ...
[   14.898436] CPU1 is up
[   14.899425] pci_bus 0000:00: 2-byte config write to 0000:00:01.0 offset 0x4c may corrupt adjacent RW1C bits
[   14.899594] pci_bus 0000:00: 2-byte config write to 0000:00:01.0 offset 0x88 may corrupt adjacent RW1C bits
[   14.899629] pci_bus 0000:00: 2-byte config write to 0000:00:01.0 offset 0x90 may corrupt adjacent RW1C bits
[   14.899658] pci_bus 0000:00: 2-byte config write to 0000:00:01.0 offset 0x98 may corrupt adjacent RW1C bits
[   14.899687] pci_bus 0000:00: 2-byte config write to 0000:00:01.0 offset 0x9c may corrupt adjacent RW1C bits
[   14.899766] pci_bus 0000:00: 2-byte config write to 0000:00:01.0 offset 0x52 may corrupt adjacent RW1C bits
[   14.899798] pci_bus 0000:00: 2-byte config write to 0000:00:01.0 offset 0x52 may corrupt adjacent RW1C bits
[   14.899870] pcieport 0000:00:01.0: nv_msi_ht_cap_quirk didn't locate host bridge
[   14.929919] PM: noirq resume of devices complete after 31.448 msecs
[   14.933483] PM: early resume of devices complete after 2.982 msecs
[   15.478749] PM: resume of devices complete after 545.232 msecs
[   15.647015] Restarting tasks ... done.
root@(none):/# 
root@(none):/# rtcwake -d rtc1 -m mem -s 3
rtcwake: assuming RTC uses UTC ...
rtcwake: wakeup from "mem" using /dev/rtc1 at Thu Jan  1 00:00:37 1970
[   16.364254] PM: Syncing filesystems ... done.
[   16.409376] Freezing user space processes ... (elapsed 0.001 seconds) done.
[   16.417902] Freezing remaining freezable tasks ... (elapsed 0.001 seconds) done.
[   16.426967] Suspending console(s) (use no_console_suspend to debug)
[   16.476518] PM: suspend of devices complete after 40.815 msecs
[   16.481066] PM: late suspend of devices complete after 4.516 msecs
[   16.510118] PM: noirq suspend of devices complete after 29.021 msecs
[   16.510131] Disabling non-boot CPUs ...
[   16.577482] Entering suspend state LP1
[   16.577482] Suspended for 3.290 seconds
[   16.577526] Enabling non-boot CPUs ...
[   16.608421] CPU1 is up
[   16.609549] pcieport 0000:00:01.0: nv_msi_ht_cap_quirk didn't locate host bridge
[   16.639843] PM: noirq resume of devices complete after 31.387 msecs
[   16.643328] PM: early resume of devices complete after 2.910 msecs
[   17.187965] PM: resume of devices complete after 544.605 msecs
[   17.253088] Restarting tasks ... done.
root@(none):/# 
root@(none):/# rtcwake -d rtc1 -m mem -s 3
rtcwake: assuming RTC uses UTC ...
rtcwake: wakeup from "mem" using /dev/rtc1 at Thu Jan  1 00:00:42 1970
[   18.073915] PM: Syncing filesystems ... done.
[   18.118967] Freezing user space processes ... (elapsed 0.001 seconds) done.
[   18.127395] Freezing remaining freezable tasks ... (elapsed 0.001 seconds) done.
[   18.136466] Suspending console(s) (use no_console_suspend to debug)
[   18.186910] PM: suspend of devices complete after 41.734 msecs
[   18.191500] PM: late suspend of devices complete after 4.557 msecs
[   18.220070] PM: noirq suspend of devices complete after 28.537 msecs
[   18.220082] Disabling non-boot CPUs ...
[   18.287357] Entering suspend state LP1
[   18.287357] Suspended for 3.290 seconds
[   18.287401] Enabling non-boot CPUs ...
[   18.318326] CPU1 is up
[   18.319542] pcieport 0000:00:01.0: nv_msi_ht_cap_quirk didn't locate host bridge
[   18.349622] PM: noirq resume of devices complete after 31.260 msecs
[   18.353131] PM: early resume of devices complete after 2.937 msecs
[   18.887811] PM: resume of devices complete after 534.646 msecs
[   18.952924] Restarting tasks ... done.
root@(none):/# 
root@(none):/# rtcwake -d rtc1 -m mem -s 3
rtcwake: assuming RTC uses UTC ...
rtcwake: wakeup from "mem" using /dev/rtc1 at Thu Jan  1 00:00:47 1970
[   19.783947] PM: Syncing filesystems ... done.
[   19.829075] Freezing user space processes ... (elapsed 0.001 seconds) done.
[   19.837641] Freezing remaining freezable tasks ... (elapsed 0.001 seconds) done.
[   19.846701] Suspending console(s) (use no_console_suspend to debug)
[   19.885885] pci_generic_config_write32: 65 callbacks suppressed
[   19.885930] pci_bus 0000:00: 2-byte config write to 0000:00:01.0 offset 0x9c may corrupt adjacent RW1C bits
[   19.897708] PM: suspend of devices complete after 42.364 msecs
[   19.902632] PM: late suspend of devices complete after 4.892 msecs
[   19.907120] pci_bus 0000:01: 2-byte config write to 0000:01:00.0 offset 0x44 may corrupt adjacent RW1C bits
[   19.907177] pci_bus 0000:01: 2-byte config write to 0000:01:00.0 offset 0x44 may corrupt adjacent RW1C bits
[   19.929921] PM: noirq suspend of devices complete after 27.259 msecs
[   19.929934] Disabling non-boot CPUs ...
[   19.997309] Entering suspend state LP1
[   19.997309] Suspended for 3.289 seconds
[   19.997353] Enabling non-boot CPUs ...
[   20.028231] CPU1 is up
[   20.029692] pci_bus 0000:00: 2-byte config write to 0000:00:01.0 offset 0x4c may corrupt adjacent RW1C bits
[   20.029740] pci_bus 0000:00: 2-byte config write to 0000:00:01.0 offset 0x88 may corrupt adjacent RW1C bits
[   20.029771] pci_bus 0000:00: 2-byte config write to 0000:00:01.0 offset 0x90 may corrupt adjacent RW1C bits
[   20.029799] pci_bus 0000:00: 2-byte config write to 0000:00:01.0 offset 0x98 may corrupt adjacent RW1C bits
[   20.029827] pci_bus 0000:00: 2-byte config write to 0000:00:01.0 offset 0x9c may corrupt adjacent RW1C bits
[   20.029908] pci_bus 0000:00: 2-byte config write to 0000:00:01.0 offset 0x52 may corrupt adjacent RW1C bits
[   20.029940] pci_bus 0000:00: 2-byte config write to 0000:00:01.0 offset 0x52 may corrupt adjacent RW1C bits
[   20.030011] pcieport 0000:00:01.0: nv_msi_ht_cap_quirk didn't locate host bridge
[   20.059658] PM: noirq resume of devices complete after 31.392 msecs
[   20.063117] PM: early resume of devices complete after 2.887 msecs
[   20.608373] PM: resume of devices complete after 545.222 msecs
[   20.776638] Restarting tasks ... done.
root@(none):/# 
root@(none):/# rtcwake -d rtc1 -m mem -s 3
rtcwake: assuming RTC uses UTC ...
rtcwake: wakeup from "mem" using /dev/rtc1 at Thu Jan  1 00:00:52 1970
[   21.493993] PM: Syncing filesystems ... done.
[   21.539090] Freezing user space processes ... (elapsed 0.001 seconds) done.
[   21.547615] Freezing remaining freezable tasks ... (elapsed 0.001 seconds) done.
[   21.556673] Suspending console(s) (use no_console_suspend to debug)
[   21.606473] PM: suspend of devices complete after 41.079 msecs
[   21.611247] PM: late suspend of devices complete after 4.740 msecs
[   21.639832] PM: noirq suspend of devices complete after 28.553 msecs
[   21.639845] Disabling non-boot CPUs ...
[   21.707178] Entering suspend state LP1
[   21.707178] Suspended for 3.290 seconds
[   21.707224] Enabling non-boot CPUs ...
[   21.738148] CPU1 is up
[   21.739256] pcieport 0000:00:01.0: nv_msi_ht_cap_quirk didn't locate host bridge
[   21.769575] PM: noirq resume of devices complete after 31.393 msecs
[   21.773114] PM: early resume of devices complete after 2.964 msecs
[   22.318336] PM: resume of devices complete after 545.190 msecs
[   22.383476] Restarting tasks ... done.
root@(none):/# 
root@(none):/# rtcwake -d rtc1 -m mem -s 3
rtcwake: assuming RTC uses UTC ...
rtcwake: wakeup from "mem" using /dev/rtc1 at Thu Jan  1 00:00:57 1970
[   23.203733] PM: Syncing filesystems ... done.
[   23.248775] Freezing user space processes ... (elapsed 0.001 seconds) done.
[   23.257202] Freezing remaining freezable tasks ... (elapsed 0.001 seconds) done.
[   23.266279] Suspending console(s) (use no_console_suspend to debug)
[   23.316605] PM: suspend of devices complete after 41.674 msecs
[   23.321165] PM: late suspend of devices complete after 4.527 msecs
[   23.349795] PM: noirq suspend of devices complete after 28.599 msecs
[   23.349808] Disabling non-boot CPUs ...
[   23.417126] Entering suspend state LP1
[   23.417126] Suspended for 3.289 seconds
[   23.417171] Enabling non-boot CPUs ...
[   23.448078] CPU1 is up
[   23.449471] pcieport 0000:00:01.0: nv_msi_ht_cap_quirk didn't locate host bridge
[   23.479488] PM: noirq resume of devices complete after 31.376 msecs
[   23.482996] PM: early resume of devices complete after 2.934 msecs
[   24.018172] PM: resume of devices complete after 535.142 msecs
[   24.081538] Restarting tasks ... done.
root@(none):/# 
root@(none):/# rtcwake -d rtc1 -m mem -s 3
rtcwake: assuming RTC uses UTC ...
rtcwake: wakeup from "mem" using /dev/rtc1 at Thu Jan  1 00:01:02 1970
[   24.914304] PM: Syncing filesystems ... done.
[   24.959431] Freezing user space processes ... (elapsed 0.001 seconds) done.
[   24.967863] Freezing remaining freezable tasks ... (elapsed 0.001 seconds) done.
[   24.976715] Suspending console(s) (use no_console_suspend to debug)
[   25.014574] pci_generic_config_write32: 65 callbacks suppressed
[   25.014619] pci_bus 0000:00: 2-byte config write to 0000:00:01.0 offset 0x9c may corrupt adjacent RW1C bits
[   25.026479] PM: suspend of devices complete after 41.011 msecs
[   25.031340] PM: late suspend of devices complete after 4.830 msecs
[   25.035869] pci_bus 0000:01: 2-byte config write to 0000:01:00.0 offset 0x44 may corrupt adjacent RW1C bits
[   25.035926] pci_bus 0000:01: 2-byte config write to 0000:01:00.0 offset 0x44 may corrupt adjacent RW1C bits
[   25.059697] PM: noirq suspend of devices complete after 28.325 msecs
[   25.059709] Disabling non-boot CPUs ...
[   25.096949] Entering suspend state LP1
[   25.096949] Suspended for 3.320 seconds
[   25.096994] Enabling non-boot CPUs ...
[   25.127984] CPU1 is up
[   25.129149] pci_bus 0000:00: 2-byte config write to 0000:00:01.0 offset 0x4c may corrupt adjacent RW1C bits
[   25.129195] pci_bus 0000:00: 2-byte config write to 0000:00:01.0 offset 0x88 may corrupt adjacent RW1C bits
[   25.129227] pci_bus 0000:00: 2-byte config write to 0000:00:01.0 offset 0x90 may corrupt adjacent RW1C bits
[   25.129257] pci_bus 0000:00: 2-byte config write to 0000:00:01.0 offset 0x98 may corrupt adjacent RW1C bits
[   25.129284] pci_bus 0000:00: 2-byte config write to 0000:00:01.0 offset 0x9c may corrupt adjacent RW1C bits
[   25.129366] pci_bus 0000:00: 2-byte config write to 0000:00:01.0 offset 0x52 may corrupt adjacent RW1C bits
[   25.129399] pci_bus 0000:00: 2-byte config write to 0000:00:01.0 offset 0x52 may corrupt adjacent RW1C bits
[   25.129470] pcieport 0000:00:01.0: nv_msi_ht_cap_quirk didn't locate host bridge
[   25.159273] PM: noirq resume of devices complete after 31.255 msecs
[   25.162766] PM: early resume of devices complete after 2.922 msecs
[   25.707811] PM: resume of devices complete after 545.011 msecs
[   25.876051] Restarting tasks ... done.
root@(none):/# 
root@(none):/# rtcwake -d rtc1 -m mem -s 3
rtcwake: assuming RTC uses UTC ...
rtcwake: wakeup from "mem" using /dev/rtc1 at Thu Jan  1 00:01:07 1970
[   26.593406] PM: Syncing filesystems ... done.
[   26.638455] Freezing user space processes ... (elapsed 0.001 seconds) done.
[   26.646875] Freezing remaining freezable tasks ... (elapsed 0.001 seconds) done.
[   26.655930] Suspending console(s) (use no_console_suspend to debug)
[   26.706226] PM: suspend of devices complete after 41.538 msecs
[   26.710806] PM: late suspend of devices complete after 4.548 msecs
[   26.739630] PM: noirq suspend of devices complete after 28.792 msecs
[   26.739643] Disabling non-boot CPUs ...
[   26.806910] Entering suspend state LP1
[   26.806910] Suspended for 3.289 seconds
[   26.806955] Enabling non-boot CPUs ...
[   26.837879] CPU1 is up
[   26.839057] pcieport 0000:00:01.0: nv_msi_ht_cap_quirk didn't locate host bridge
[   26.869311] PM: noirq resume of devices complete after 31.397 msecs
[   26.872793] PM: early resume of devices complete after 2.908 msecs
[   27.417380] PM: resume of devices complete after 544.554 msecs
[   27.482518] Restarting tasks ... done.
root@(none):/# 
root@(none):/# rtcwake -d rtc1 -m mem -s 3
rtcwake: assuming RTC uses UTC ...
rtcwake: wakeup from "mem" using /dev/rtc1 at Thu Jan  1 00:01:12 1970
[   28.303984] PM: Syncing filesystems ... done.
[   28.349098] Freezing user space processes ... (elapsed 0.001 seconds) done.
[   28.357530] Freezing remaining freezable tasks ... (elapsed 0.001 seconds) done.
[   28.366540] Suspending console(s) (use no_console_suspend to debug)
[   28.416555] PM: suspend of devices complete after 41.263 msecs
[   28.421159] PM: late suspend of devices complete after 4.573 msecs
[   28.449503] PM: noirq suspend of devices complete after 28.313 msecs
[   28.449516] Disabling non-boot CPUs ...
[   28.496781] Entering suspend state LP1
[   28.496781] Suspended for 3.310 seconds
[   28.496826] Enabling non-boot CPUs ...
[   28.527801] CPU1 is up
[   28.528732] pcieport 0000:00:01.0: nv_msi_ht_cap_quirk didn't locate host bridge
[   28.559229] PM: noirq resume of devices complete after 31.393 msecs
[   28.562694] PM: early resume of devices complete after 2.892 msecs
[   29.097507] PM: resume of devices complete after 534.780 msecs
[   29.162632] Restarting tasks ... done.
root@(none):/# 
root@(none):/# rtcwake -d rtc1 -m mem -s 3
rtcwake: assuming RTC uses UTC ...
rtcwake: wakeup from "mem" using /dev/rtc1 at Thu Jan  1 00:01:17 1970
[   29.993248] PM: Syncing filesystems ... done.
[   30.038351] Freezing user space processes ... (elapsed 0.001 seconds) done.
[   30.046812] Freezing remaining freezable tasks ... (elapsed 0.001 seconds) done.
[   30.055880] Suspending console(s) (use no_console_suspend to debug)
[   30.103395] pci_generic_config_write32: 65 callbacks suppressed
[   30.103440] pci_bus 0000:00: 2-byte config write to 0000:00:01.0 offset 0x9c may corrupt adjacent RW1C bits
[   30.115837] PM: suspend of devices complete after 51.311 msecs
[   30.120415] PM: late suspend of devices complete after 4.547 msecs
[   30.124194] pci_bus 0000:01: 2-byte config write to 0000:01:00.0 offset 0x44 may corrupt adjacent RW1C bits
[   30.124250] pci_bus 0000:01: 2-byte config write to 0000:01:00.0 offset 0x44 may corrupt adjacent RW1C bits
[   30.149499] PM: noirq suspend of devices complete after 29.053 msecs
[   30.149512] Disabling non-boot CPUs ...
[   30.216735] Entering suspend state LP1
[   30.216735] Suspended for 3.279 seconds
[   30.216779] Enabling non-boot CPUs ...
[   30.247700] CPU1 is up
[   30.250232] pci_bus 0000:00: 2-byte config write to 0000:00:01.0 offset 0x4c may corrupt adjacent RW1C bits
[   30.250278] pci_bus 0000:00: 2-byte config write to 0000:00:01.0 offset 0x88 may corrupt adjacent RW1C bits
[   30.250307] pci_bus 0000:00: 2-byte config write to 0000:00:01.0 offset 0x90 may corrupt adjacent RW1C bits
[   30.250337] pci_bus 0000:00: 2-byte config write to 0000:00:01.0 offset 0x98 may corrupt adjacent RW1C bits
[   30.250364] pci_bus 0000:00: 2-byte config write to 0000:00:01.0 offset 0x9c may corrupt adjacent RW1C bits
[   30.250444] pci_bus 0000:00: 2-byte config write to 0000:00:01.0 offset 0x52 may corrupt adjacent RW1C bits
[   30.250475] pci_bus 0000:00: 2-byte config write to 0000:00:01.0 offset 0x52 may corrupt adjacent RW1C bits
[   30.250546] pcieport 0000:00:01.0: nv_msi_ht_cap_quirk didn't locate host bridge
[   30.279556] PM: noirq resume of devices complete after 31.822 msecs
[   30.283424] PM: early resume of devices complete after 3.104 msecs
[   30.827098] PM: resume of devices complete after 543.641 msecs
[   30.995322] Restarting tasks ... done.
root@(none):/# 
root@(none):/# NVTB SYSTEM SUSPEND TEST COMPLETE
