

U-Boot 2011.03 (Jun 11 2013 - 06:07:37)

T114
Board: NVIDIA Dalmore
DRAM:  2 GiB
MMC:   Tegra2 SD/MMC: 0, Tegra2 SD/MMC: 1
In:    serial
Out:   serial
Err:   serial
Net:   Net Initialization Skipped
No ethernet found.
Hit any key to stop autoboot:  2  0 
Dalmore #
Dalmore #usb reset
(Re)start USB...
USB:   Register 10011 NbrPorts 1
USB EHCI 1.10
scanning bus for devices... 2 USB Device(s) found
       scanning bus for storage devices... 0 Storage Device(s) found
       scanning bus for ethernet devices... 1 Ethernet Device(s) found
Dalmore #setenv bootargs 'ignore_loglevel console=ttyS0,115200n8 rw root=/dev/mmcblk0p1 rootwait gpt init=/bin/bash'
Dalmore #setenv ipaddr 192.168.100.100; setenv serverip 192.168.100.1; setenv tftpserverip 192.168.100.1
Dalmore #tftpboot 0x81000000 zImage.tegra_defconfig
Waiting for Ethernet connection... done.
Using asx0 device
TFTP from server 192.168.100.1; our IP address is 192.168.100.100
Filename 'zImage.tegra_defconfig'.
Load address: 0x81000000
Loading: *#################################################  2.8 MiB/s
done
Bytes transferred = 4483952 (446b70 hex)
Dalmore #tftpboot 0x82000000 tegra114-dalmore.dtb
Using asx0 device
TFTP from server 192.168.100.1; our IP address is 192.168.100.100
Filename 'tegra114-dalmore.dtb'.
Load address: 0x82000000
Loading: *#################################################  2.8 MiB/s
done
Bytes transferred = 29073 (7191 hex)
Dalmore #bootz 0x81000000 - 0x82000000
## Flattened Device Tree blob at 82000000
   Booting using the fdt blob at 0x82000000
   Loading Device Tree to 81ff5000, end 81fff190 ... OK

Starting kernel ...

Timer summary in microseconds:
       Mark    Elapsed  Stage
          0          0  awake
  2,711,846  2,711,846  usb_start
  6,714,986  4,003,140  eth_start
  6,714,983         -3  tftp start
 10,751,099  4,036,116  tftp done
 12,727,051  1,975,952  start_kernel
Uncompressing Linux... done, booting the kernel.
[    0.000000] Booting Linux on physical CPU 0x0
[    0.000000] Initializing cgroup subsys cpu
[    0.000000] Initializing cgroup subsys cpuacct
[    0.000000] Linux version 3.12.0-rc1-22618-g272b98c (pwalmsley@tamien) (gcc version 4.5.1 (Sourcery G++ Lite 2010.09-50) ) #1 SMP PREEMPT Mon Sep 16 14:57:24 PDT 2013
[    0.000000] CPU: ARMv7 Processor [412fc0f2] revision 2 (ARMv7), cr=10c5387d
[    0.000000] CPU: PIPT / VIPT nonaliasing data cache, PIPT instruction cache
[    0.000000] Machine: NVIDIA Tegra SoC (Flattened Device Tree), model: NVIDIA Tegra114 Dalmore evaluation board
[    0.000000] debug: ignoring loglevel setting.
[    0.000000] cma: CMA: reserved 16 MiB at ae800000
[    0.000000] Memory policy: ECC disabled, Data cache writealloc
[    0.000000] On node 0 totalpages: 524032
[    0.000000] free_area_init_node: node 0, pgdat c084cf80, node_mem_map c08a5000
[    0.000000]   Normal zone: 1520 pages used for memmap
[    0.000000]   Normal zone: 0 pages reserved
[    0.000000]   Normal zone: 194560 pages, LIFO batch:31
[    0.000000]   HighMem zone: 2574 pages used for memmap
[    0.000000]   HighMem zone: 329472 pages, LIFO batch:31
[    0.000000] Tegra Revision: A01 SKU: 0 CPU Process: 1 Core Process: 1
[    0.000000] PERCPU: Embedded 8 pages/cpu @c18bd000 s9088 r8192 d15488 u32768
[    0.000000] pcpu-alloc: s9088 r8192 d15488 u32768 alloc=8*4096
[    0.000000] pcpu-alloc: [0] 0 [0] 1 [0] 2 [0] 3 
[    0.000000] Built 1 zonelists in Zone order, mobility grouping on.  Total pages: 522512
[    0.000000] Kernel command line: ignore_loglevel console=ttyS0,115200n8 rw root=/dev/mmcblk0p1 rootwait gpt init=/bin/bash
[    0.000000] PID hash table entries: 4096 (order: 2, 16384 bytes)
[    0.000000] Dentry cache hash table entries: 131072 (order: 7, 524288 bytes)
[    0.000000] Inode-cache hash table entries: 65536 (order: 6, 262144 bytes)
[    0.000000] Memory: 2053404K/2096128K available (6108K kernel code, 305K rwdata, 1812K rodata, 236K init, 343K bss, 42724K reserved, 1317888K highmem)
[    0.000000] Virtual kernel memory layout:
[    0.000000]     vector  : 0xffff0000 - 0xffff1000   (   4 kB)
[    0.000000]     fixmap  : 0xfff00000 - 0xfffe0000   ( 896 kB)
[    0.000000]     vmalloc : 0xf0000000 - 0xff000000   ( 240 MB)
[    0.000000]     lowmem  : 0xc0000000 - 0xef800000   ( 760 MB)
[    0.000000]     pkmap   : 0xbfe00000 - 0xc0000000   (   2 MB)
[    0.000000]     modules : 0xbf000000 - 0xbfe00000   (  14 MB)
[    0.000000]       .text : 0xc0008000 - 0xc07c4488   (7922 kB)
[    0.000000]       .init : 0xc07c5000 - 0xc0800380   ( 237 kB)
[    0.000000]       .data : 0xc0802000 - 0xc084e5c0   ( 306 kB)
[    0.000000]        .bss : 0xc084e5cc - 0xc08a441c   ( 344 kB)
[    0.000000] Preemptible hierarchical RCU implementation.
[    0.000000] NR_IRQS:16 nr_irqs:16 16
[    0.000000] sched_clock: 32 bits at 1000kHz, resolution 1000ns, wraps every 4294967ms
[    0.000000] Architected cp15 timer(s) running at 12.00MHz (virt).
[    0.000000] Switching to timer-based delay loop
[    0.000000] sched_clock: ARM arch timer >56 bits at 12000kHz, resolution 83ns
[    0.000000] Console: colour dummy device 80x30
[   12.728518] Calibrating delay loop (skipped), value calculated using timer frequency.. 24.00 BogoMIPS (lpj=120000)
[   12.728535] pid_max: default: 32768 minimum: 301
[   12.728975] Mount-cache hash table entries: 512
[   12.747635] Initializing cgroup subsys debug
[   12.747661] Initializing cgroup subsys freezer
[   12.747719] CPU: Testing write buffer coherency: ok
[   12.748084] /cpus/cpu@0 missing clock-frequency property
[   12.748112] /cpus/cpu@1 missing clock-frequency property
[   12.748139] /cpus/cpu@2 missing clock-frequency property
[   12.748166] /cpus/cpu@3 missing clock-frequency property
[   12.748179] CPU0: thread -1, cpu 0, socket 0, mpidr 80000000
[   12.748205] Setting up static identity map for 0xc05cf7c8 - 0xc05cf860
[   12.808448] CPU1: Booted secondary processor
[   12.808478] CPU1: thread -1, cpu 1, socket 0, mpidr 80000001
[   12.828369] CPU2: Booted secondary processor
[   12.828395] CPU2: thread -1, cpu 2, socket 0, mpidr 80000002
[   12.848316] CPU3: Booted secondary processor
[   12.848342] CPU3: thread -1, cpu 3, socket 0, mpidr 80000003
[   12.848451] Brought up 4 CPUs
[   12.848479] SMP: Total of 4 processors activated.
[   12.848487] CPU: All CPU(s) started in SVC mode.
[   12.849494] devtmpfs: initialized
[   12.862598] VFP support v0.3: implementor 41 architecture 4 part 30 variant f rev 0
[   12.862977] pinctrl core: initialized pinctrl subsystem
[   12.863501] regulator-dummy: no parameters
[   12.866497] NET: Registered protocol family 16
[   12.867820] DMA: preallocated 256 KiB pool for atomic coherent allocations
[   12.868588] cpuidle: using governor ladder
[   12.868598] cpuidle: using governor menu
[   12.879402] No ATAGs?
[   12.879431] hw-breakpoint: found 5 (+1 reserved) breakpoint and 4 watchpoint registers.
[   12.879442] hw-breakpoint: maximum watchpoint size is 8 bytes.
[   12.890720] bio: create slab <bio-0> at 0
[   12.892191] vdd_ac_bat: 5000 mV 
[   12.892517] dvdd_ts: Failed to request enable GPIO61: -517
[   12.892679] reg-fixed-voltage 1.regulator: Failed to register regulator: -517
[   12.892703] platform 1.regulator: Driver reg-fixed-voltage requests probe deferral
[   12.892900] lcd_bl_en: Failed to request enable GPIO58: -517
[   12.893046] reg-fixed-voltage 2.regulator: Failed to register regulator: -517
[   12.893068] platform 2.regulator: Driver reg-fixed-voltage requests probe deferral
[   12.893264] usb1_vbus: Failed to request enable GPIO108: -517
[   12.893410] reg-fixed-voltage 3.regulator: Failed to register regulator: -517
[   12.893432] platform 3.regulator: Driver reg-fixed-voltage requests probe deferral
[   12.893628] usb2_vbus: Failed to request enable GPIO86: -517
[   12.893772] reg-fixed-voltage 4.regulator: Failed to register regulator: -517
[   12.893795] platform 4.regulator: Driver reg-fixed-voltage requests probe deferral
[   12.893988] vdd_hdmi_5v0: Failed to request enable GPIO81: -517
[   12.894131] reg-fixed-voltage 5.regulator: Failed to register regulator: -517
[   12.894153] platform 5.regulator: Driver reg-fixed-voltage requests probe deferral
[   12.894229] platform 6.regulator: Driver reg-fixed-voltage requests probe deferral
[   12.895240] vgaarb: loaded
[   12.896326] SCSI subsystem initialized
[   12.896700] usbcore: registered new interface driver usbfs
[   12.896801] usbcore: registered new interface driver hub
[   12.896967] usbcore: registered new device driver usb
[   12.900877] vdd-cpu: 500 <--> 1520 mV at 1100 mV 
[   12.901503] tps65090 1-0048: No cache defaults, reading back from HW
[   12.907889] vdd-sys-5v0: no parameters
[   12.907938] vdd-sys-5v0: supplied by vdd_ac_bat
[   12.909379] vdd-sys-3v3: no parameters
[   12.909427] vdd-sys-3v3: supplied by vdd_ac_bat
[   12.910858] vdd-ao: no parameters
[   12.910895] vdd-ao: supplied by vdd_ac_bat
[   12.911146] vdd-lcd-bl: no parameters
[   12.911184] vdd-lcd-bl: supplied by vdd_ac_bat
[   12.911430] TPS65090_RAILSFET2: no parameters
[   12.911466] TPS65090_RAILSFET2: supplied by vdd_ac_bat
[   12.911710] vdd-modem-3v3: no parameters
[   12.911745] vdd-modem-3v3: supplied by vdd-sys-3v3
[   12.912012] avdd-lcd: no parameters
[   12.912045] avdd-lcd: supplied by vdd-sys-3v3
[   12.912295] vdd-lvds: no parameters
[   12.912328] vdd-lvds: supplied by vdd-sys-3v3
[   12.912573] vdd-sd-slot: no parameters
[   12.912618] vdd-sd-slot: supplied by vdd-sys-3v3
[   12.912875] vdd-com-3v3: no parameters
[   12.912909] vdd-com-3v3: supplied by vdd-sys-3v3
[   12.913145] vdd-sby-5v0: no parameters
[   12.913178] vdd-sby-5v0: supplied by vdd_ac_bat
[   12.913426] vdd-sby-3v3: no parameters
[   12.913459] vdd-sby-3v3: supplied by vdd_ac_bat
[   12.913826] genirq: Setting trigger mode 8 for irq 118 failed (gic_set_type+0x0/0xf0)
[   12.914265] palmas 1-0058: Irq flag is 0x00000000
[   12.928522] palmas 1-0058: Muxing GPIO ff, PWM 0, LED 0
[   12.937463] vddio-ddr: 1350 mV 
[   12.938308] vddio-ddr: supplied by vdd-ao
[   12.945262] vddio-1v8: 1800 mV 
[   12.946103] vddio-1v8: supplied by vdd-ao
[   12.953036] vdd-core: 900 <--> 1400 mV at 1100 mV 
[   12.953876] vdd-core: supplied by vdd-sys-3v3
[   12.958087] SMPS6: no parameters
[   12.965789] avdd-pll: 1050 mV 
[   12.966633] avdd-pll: supplied by vdd-sys-3v3
[   12.974944] sdhci-vdd-sd-slot: 2800 mV 
[   12.975785] sdhci-vdd-sd-slot: supplied by vdd-sys-3v3
[   12.977622] SMPS10_OUT2: at 5000 mV 
[   12.979435] SMPS10_OUT1: at 5000 mV 
[   12.982044] avdd-cam1: 2800 mV 
[   12.982884] avdd-cam1: supplied by vdd-sys-3v3
[   12.986901] avdd-cam2: 2800 mV 
[   12.987740] avdd-cam2: supplied by vdd-sys-3v3
[   12.992511] avdd-dsi-csi: 1200 mV 
[   12.993350] avdd-dsi-csi: supplied by vddio-1v8
[   12.998141] vpp-fuse: 1800 mV 
[   12.998979] vpp-fuse: supplied by vdd-sys-3v3
[   13.002192] LDO5: at 1200 mV 
[   13.003035] LDO5: supplied by vdd_ac_bat
[   13.005678] vdd-sensor-2v85: 2850 mV 
[   13.006516] vdd-sensor-2v85: supplied by vdd-sys-3v3
[   13.010519] vdd-af-cam1: 2800 mV 
[   13.011358] vdd-af-cam1: supplied by vdd-sys-3v3
[   13.019448] vdd-rtc: 900 mV 
[   13.020286] vdd-rtc: supplied by vdd-ao
[   13.024281] vddio-sdmmc-2: 1800 <--> 3300 mV at 3300 mV 
[   13.025120] vddio-sdmmc-2: supplied by sdhci-vdd-sd-slot
[   13.029919] hvdd-usb: 3300 mV 
[   13.030758] hvdd-usb: supplied by vdd-sys-5v0
[   13.035532] avdd-usb: 3300 mV 
[   13.036371] avdd-usb: supplied by vdd-sys-5v0
[   13.039666] rail-3v3: no parameters
[   13.042033] rail-5v0: no parameters
[   13.043615] REGEN3: no parameters
[   13.043821] SYSEN1: no parameters
[   13.044009] SYSEN2: no parameters
[   13.044500] Linux video capture interface: v2.00
[   13.045200] platform 7000f010.iommu: Driver tegra-smmu requests probe deferral
[   13.045495] Advanced Linux Sound Architecture Driver Initialized.
[   13.046266] Bluetooth: Core ver 2.16
[   13.046337] NET: Registered protocol family 31
[   13.046346] Bluetooth: HCI device and connection manager initialized
[   13.046372] Bluetooth: HCI socket layer initialized
[   13.046394] Bluetooth: L2CAP socket layer initialized
[   13.046441] Bluetooth: SCO socket layer initialized
[   13.047184] cfg80211: Calling CRDA to update world regulatory domain
[   13.048312] Switched to clocksource arch_sys_counter
[   13.062061] NET: Registered protocol family 2
[   13.062974] TCP established hash table entries: 8192 (order: 4, 65536 bytes)
[   13.063172] TCP bind hash table entries: 8192 (order: 4, 65536 bytes)
[   13.063349] TCP: Hash tables configured (established 8192 bind 8192)
[   13.063808] TCP: reno registered
[   13.063826] UDP hash table entries: 512 (order: 2, 16384 bytes)
[   13.063867] UDP-Lite hash table entries: 512 (order: 2, 16384 bytes)
[   13.064284] NET: Registered protocol family 1
[   13.065007] RPC: Registered named UNIX socket transport module.
[   13.065017] RPC: Registered udp transport module.
[   13.065025] RPC: Registered tcp transport module.
[   13.065032] RPC: Registered tcp NFSv4.1 backchannel transport module.
[   13.065045] PCI: CLS 0 bytes, default 64
[   13.068824] bounce pool size: 64 pages
[   13.070523] squashfs: version 4.0 (2009/01/31) Phillip Lougher
[   13.071337] msgmni has been set to 1468
[   13.073043] io scheduler noop registered (default)
[   13.084693] tegra-apbdma 6000a000.dma: Tegra20 APB DMA driver register 32 channels
[   13.085247] Serial: 8250/16550 driver, 4 ports, IRQ sharing disabled
[   13.087342] 70006300.serial: ttyS0 at MMIO 0x70006300 (irq = 122, base_baud = 25500000) is a Tegra
[   14.114597] console [ttyS0] enabled
[   14.118958] [drm] Initialized drm 1.1.0 20060810
[   14.129291] loop: module loaded
[   14.135274] m25p80 spi32766.0: w25q32dw (4096 Kbytes)
[   14.142146] pegasus: v0.9.3 (2013/04/25), Pegasus/Pegasus II USB Ethernet driver
[   14.149602] usbcore: registered new interface driver pegasus
[   14.155335] usbcore: registered new interface driver asix
[   14.160770] usbcore: registered new interface driver ax88179_178a
[   14.166928] usbcore: registered new interface driver cdc_ether
[   14.172796] usbcore: registered new interface driver r815x
[   14.178356] usbcore: registered new interface driver smsc75xx
[   14.184173] usbcore: registered new interface driver smsc95xx
[   14.189949] usbcore: registered new interface driver net1080
[   14.195658] usbcore: registered new interface driver cdc_subset
[   14.201608] usbcore: registered new interface driver zaurus
[   14.207287] usbcore: registered new interface driver cdc_ncm
[   14.212955] ehci_hcd: USB 2.0 'Enhanced' Host Controller (EHCI) Driver
[   14.219462] ehci-pci: EHCI PCI platform driver
[   14.223964] tegra-ehci: Tegra EHCI driver
[   14.228152] platform 7d008000.usb: Driver tegra-ehci requests probe deferral
[   14.235461] usbcore: registered new interface driver cdc_acm
[   14.241087] cdc_acm: USB Abstract Control Model driver for USB modems and ISDN adapters
[   14.249127] usbcore: registered new interface driver cdc_wdm
[   14.254868] usbcore: registered new interface driver usb-storage
[   14.261077] platform 7d008000.usb-phy: Driver tegra-phy requests probe deferral
[   14.268927] mousedev: PS/2 mouse device common for all mice
[   14.286666] palmas-rtc rtc.7: rtc core: registered rtc.7 as rtc0
[   14.297019] tegra_rtc 7000e000.rtc: rtc core: registered 7000e000.rtc as rtc1
[   14.304171] tegra_rtc 7000e000.rtc: Tegra internal Real Time Clock
[   14.311719] sbs-battery 0-000b: sbs_probe: Failed to get device status
[   14.318243] sbs-battery: probe of 0-000b failed with error -121
[   14.327848] sdhci: Secure Digital Host Controller Interface driver
[   14.334012] sdhci: Copyright(c) Pierre Ossman
[   14.338344] sdhci-pltfm: SDHCI platform and OF driver helper
[   14.344403] sdhci-tegra 78000400.sdhci: Got CD GPIO #170.
[   14.350832] mmc0: no vqmmc regulator found
[   14.354931] mmc0: no vmmc regulator found
[   14.358919] mmc0: Invalid maximum block size, assuming 512 bytes
[   14.402894] mmc0: SDHCI controller on 78000400.sdhci [78000400.sdhci] using ADMA
[   14.412443] mmc1: no vqmmc regulator found
[   14.416541] mmc1: no vmmc regulator found
[   14.420527] mmc1: Invalid maximum block size, assuming 512 bytes
[   14.462651] mmc1: SDHCI controller on 78000600.sdhci [78000600.sdhci] using ADMA
[   14.470698] usbcore: registered new interface driver usbhid
[   14.478301] usbhid: USB HID core driver
[   14.594395] mmc1: BKOPS_EN bit is not set
[   14.624884] mmc1: new HS200 MMC card at address 0001
[   14.630398] mmcblk0: mmc1:0001 SEM32G 29.1 GiB 
[   14.635234] mmcblk0boot0: mmc1:0001 SEM32G partition 1 4.00 MiB
[   14.641450] mmcblk0boot1: mmc1:0001 SEM32G partition 2 4.00 MiB
[   14.647615] mmcblk0rpmb: mmc1:0001 SEM32G partition 3 4.00 MiB
[   14.655924] Primary GPT is invalid, using alternate GPT.
[   14.661229]  mmcblk0: p1 p2 p3 p4 p5
[   14.668120]  mmcblk0boot1: unknown partition table
[   14.674563]  mmcblk0boot0: unknown partition table
[   14.922434] tegra-snd-rt5640 sound.4:  rt5640-aif1 <-> 70080400.i2s mapping ok
[   14.934505] input: NVIDIA Tegra Dalmore Headphones as /devices/soc0/sound.4/sound/card0/input0
[   14.944707] TCP: cubic registered
[   14.948288] NET: Registered protocol family 10
[   14.954139] mip6: Mobile IPv6
[   14.957095] sit: IPv6 over IPv4 tunneling driver
[   14.963489] NET: Registered protocol family 17
[   14.967950] NET: Registered protocol family 15
[   14.972569] Bluetooth: RFCOMM socket layer initialized
[   14.977680] Bluetooth: RFCOMM ver 1.11
[   14.981424] Bluetooth: BNEP (Ethernet Emulation) ver 1.3
[   14.986721] Bluetooth: BNEP socket layer initialized
[   14.991670] Bluetooth: HIDP (Human Interface Emulation) ver 1.2
[   14.997572] Bluetooth: HIDP socket layer initialized
[   15.003125] Registering SWP/SWPB emulation handler
[   15.012572] hvdd-usb: disabling
[   15.018103] vdd-af-cam1: disabling
[   15.024214] vdd-sensor-2v85: disabling
[   15.030465] LDO5: disabling
[   15.035939] vpp-fuse: disabling
[   15.041592] avdd-cam2: disabling
[   15.047504] avdd-cam1: disabling
[   15.054552] vdd-com-3v3: disabling
[   15.058532] vdd-lvds: disabling
[   15.062266] avdd-lcd: disabling
[   15.065990] vdd-lcd-bl: disabling
[   15.070566] dvdd_ts: 1800 mV 
[   15.074090] lcd_bl_en: 5000 mV 
[   15.077636] usb1_vbus: 5000 mV 
[   15.080895] usb1_vbus: supplied by vdd-sys-5v0
[   15.085813] usb2_vbus: 5000 mV 
[   15.088987] usb2_vbus: supplied by vdd-sys-5v0
[   15.093821] vdd_hdmi_5v0: 5000 mV 
[   15.097235] vdd_hdmi_5v0: supplied by vdd-sys-5v0
[   15.104307] vdd_cam_1v8_reg: 1800 mV 
[   15.108490] platform 7d008000.usb: Driver tegra-ehci requests probe deferral
[   15.116258] tegra-ehci 7d008000.usb: EHCI Host Controller
[   15.121673] tegra-ehci 7d008000.usb: new USB bus registered, assigned bus number 1
[   15.130233] tegra-ehci 7d008000.usb: irq 129, io mem 0x7d008000
[   15.150018] tegra-ehci 7d008000.usb: USB 2.0 started, EHCI 1.10
[   15.157373] hub 1-0:1.0: USB hub found
[   15.161223] hub 1-0:1.0: 1 port detected
[   15.166652] input: gpio-keys.2 as /devices/soc0/gpio-keys.2/input/input1
[   15.177970] palmas-rtc rtc.7: setting system clock to 2000-02-11 05:04:37 UTC (950245477)
[   15.186692] ALSA device list:
[   15.189654]   #0: NVIDIA Tegra Dalmore
[   15.218990] kjournald starting.  Commit interval 5 seconds
[   15.226190] EXT3-fs (mmcblk0p1): using internal journal
[   15.231485] EXT3-fs (mmcblk0p1): recovery complete
[   15.236252] EXT3-fs (mmcblk0p1): mounted filesystem with writeback data mode
[   15.243363] VFS: Mounted root (ext3 filesystem) on device 179:1.
[   15.250631] devtmpfs: mounted
[   15.253867] Freeing unused kernel memory: 236K (c07c5000 - c0800000)
bash: cannot set terminal process group (-1): Inappropriate ioctl for device
bash: no job control in this shell
I have no name!@(none):/# [   15.478813] usb 1-1: new high-speed USB device number 2 using tegra-ehci
