
U-Boot SPL 2014.01-00219-gc4d376f (Feb 18 2014 - 19:57:32)


U-Boot 2014.01-00219-gc4d376f (Feb 18 2014 - 19:57:32)

TEGRA114
Board: NVIDIA Dalmore
I2C:   ready
DRAM:  2 GiB
MMC:   Tegra SD/MMC: 0, Tegra SD/MMC: 1
In:    serial
Out:   serial
Err:   serial
Net:   Net Initialization Skipped
No ethernet found.
Hit any key to stop autoboot:  2  0 
Tegra114 (Dalmore) # 
Tegra114 (Dalmore) # usb reset
(Re)start USB...
USB0:   USB EHCI 1.10
scanning bus 0 for devices... 2 USB Device(s) found
       scanning usb for storage devices... 0 Storage Device(s) found
       scanning usb for ethernet devices... 
Warning: asx0 using MAC address from net device
1 Ethernet Device(s) found
Tegra114 (Dalmore) # setenv bootargs 'ignore_loglevel console=ttyS0,115200n8 rw root=/dev/mmcblk0p1 rootwait gpt debug earlyprintk init=/bin/bash'
Tegra114 (Dalmore) # setenv ipaddr 192.168.100.100; setenv serverip 192.168.100.1; setenv tftpserverip 192.168.100.1
Tegra114 (Dalmore) # tftpboot 0x81000000 zImage.multi_v7_defconfig
Using asx0 device
TFTP from server 192.168.100.1; our IP address is 192.168.100.100
Filename 'zImage.multi_v7_defconfig'.
Load address: 0x81000000
Loading: *#################################################################
	 #################################################################
	 #################################################################
	 #################################################################
	 #################################################################
	 #################################################################
	 ########################################################
	 3.3 MiB/s
done
Bytes transferred = 6544120 (63daf8 hex)
Tegra114 (Dalmore) # tftpboot 0x82000000 tegra114-dalmore.dtb
Using asx0 device
TFTP from server 192.168.100.1; our IP address is 192.168.100.100
Filename 'tegra114-dalmore.dtb'.
Load address: 0x82000000
Loading: *###
	 2.6 MiB/s
done
Bytes transferred = 34894 (884e hex)
Tegra114 (Dalmore) # bootz 0x81000000 - 0x82000000
Kernel image @ 0x81000000 [ 0x000000 - 0x63daf8 ]
## Flattened Device Tree blob at 82000000
   Booting using the fdt blob at 0x82000000
   Loading Device Tree to 8fff4000, end 8ffff84d ... OK

Starting kernel ...

[    0.000000] Booting Linux on physical CPU 0x0
[    0.000000] Linux version 4.4.0-rc8-55753-g1683098 (pwalmsley@sellafield) (gcc version 4.7.3 20130328 (prerelease) (crosstool-NG linaro-1.13.1-4.7-2013.04-20130415 - Linaro GCC 2013.04) ) #1 SMP Mon Jan 4 04:45:41 PST 2016
[    0.000000] CPU: ARMv7 Processor [412fc0f2] revision 2 (ARMv7), cr=10c5387d
[    0.000000] CPU: PIPT / VIPT nonaliasing data cache, PIPT instruction cache
[    0.000000] Machine model: NVIDIA Tegra114 Dalmore evaluation board
[    0.000000] debug: ignoring loglevel setting.
[    0.000000] cma: Reserved 64 MiB at 0xfb800000
[    0.000000] Memory policy: Data cache writealloc
[    0.000000] On node 0 totalpages: 524032
[    0.000000] free_area_init_node: node 0, pgdat c0fc2400, node_mem_map eeff8000
[    0.000000]   DMA zone: 1536 pages used for memmap
[    0.000000]   DMA zone: 0 pages reserved
[    0.000000]   DMA zone: 196608 pages, LIFO batch:31
[    0.000000]   HighMem zone: 327424 pages, LIFO batch:31
[    0.000000] PERCPU: Embedded 12 pages/cpu @eefa3000 s19136 r8192 d21824 u49152
[    0.000000] pcpu-alloc: s19136 r8192 d21824 u49152 alloc=12*4096
[    0.000000] pcpu-alloc: [0] 0 [0] 1 [0] 2 [0] 3 
[    0.000000] Built 1 zonelists in Zone order, mobility grouping on.  Total pages: 522496
[    0.000000] Kernel command line: ignore_loglevel console=ttyS0,115200n8 rw root=/dev/mmcblk0p1 rootwait gpt debug earlyprintk init=/bin/bash
[    0.000000] PID hash table entries: 4096 (order: 2, 16384 bytes)
[    0.000000] Dentry cache hash table entries: 131072 (order: 7, 524288 bytes)
[    0.000000] Inode-cache hash table entries: 65536 (order: 6, 262144 bytes)
[    0.000000] Memory: 1998592K/2096128K available (8239K kernel code, 1040K rwdata, 3736K rodata, 1044K init, 340K bss, 32000K reserved, 65536K cma-reserved, 1244160K highmem)
[    0.000000] Virtual kernel memory layout:
[    0.000000]     vector  : 0xffff0000 - 0xffff1000   (   4 kB)
[    0.000000]     fixmap  : 0xffc00000 - 0xfff00000   (3072 kB)
[    0.000000]     vmalloc : 0xf0800000 - 0xff800000   ( 240 MB)
[    0.000000]     lowmem  : 0xc0000000 - 0xf0000000   ( 768 MB)
[    0.000000]     pkmap   : 0xbfe00000 - 0xc0000000   (   2 MB)
[    0.000000]     modules : 0xbf000000 - 0xbfe00000   (  14 MB)
[    0.000000]       .text : 0xc0208000 - 0xc0dbacd4   (11980 kB)
[    0.000000]       .init : 0xc0dbb000 - 0xc0ec0000   (1044 kB)
[    0.000000]       .data : 0xc0ec0000 - 0xc0fc4360   (1041 kB)
[    0.000000]        .bss : 0xc0fc7000 - 0xc101c3e8   ( 341 kB)
[    0.000000] SLUB: HWalign=64, Order=0-3, MinObjects=0, CPUs=4, Nodes=1
[    0.000000] Hierarchical RCU implementation.
[    0.000000] 	Build-time adjustment of leaf fanout to 32.
[    0.000000] 	RCU restricting CPUs from NR_CPUS=16 to nr_cpu_ids=4.
[    0.000000] RCU: Adjusting geometry for rcu_fanout_leaf=32, nr_cpu_ids=4
[    0.000000] NR_IRQS:16 nr_irqs:16 16
[    0.000000] /interrupt-controller@60004000: 160 interrupts forwarded to /interrupt-controller@50041000
[    0.000000] L2C: failed to init: -19
[    0.000010] sched_clock: 32 bits at 1000kHz, resolution 1000ns, wraps every 2147483647500ns
[    0.000029] clocksource: timer_us: mask: 0xffffffff max_cycles: 0xffffffff, max_idle_ns: 1911260446275 ns
[    0.000043] Switching to timer-based delay loop, resolution 1000ns
[    0.002898] Architected cp15 timer(s) running at 12.00MHz (virt).
[    0.002915] clocksource: arch_sys_counter: mask: 0xffffffffffffff max_cycles: 0x2c47f4ee7, max_idle_ns: 440795202497 ns
[    0.002933] sched_clock: 56 bits at 12MHz, resolution 83ns, wraps every 4398046511096ns
[    0.002946] Switching to timer-based delay loop, resolution 83ns
[    0.003312] Console: colour dummy device 80x30
[    0.003339] Calibrating delay loop (skipped), value calculated using timer frequency.. 24.00 BogoMIPS (lpj=60000)
[    0.003354] pid_max: default: 32768 minimum: 301
[    0.003468] Mount-cache hash table entries: 2048 (order: 1, 8192 bytes)
[    0.003480] Mountpoint-cache hash table entries: 2048 (order: 1, 8192 bytes)
[    0.004088] CPU: Testing write buffer coherency: ok
[    0.004304] /cpus/cpu@0 missing clock-frequency property
[    0.004334] /cpus/cpu@1 missing clock-frequency property
[    0.004362] /cpus/cpu@2 missing clock-frequency property
[    0.004391] /cpus/cpu@3 missing clock-frequency property
[    0.004403] CPU0: thread -1, cpu 0, socket 0, mpidr 80000000
[    0.004451] Setting up static identity map for 0x80209000 - 0x80209098
[    0.006698] Tegra Revision: A01 SKU: 0 CPU Process: 1 SoC Process: 0
[    0.008001] CPU1: thread -1, cpu 1, socket 0, mpidr 80000001
[    0.008640] CPU2: thread -1, cpu 2, socket 0, mpidr 80000002
[    0.009257] CPU3: thread -1, cpu 3, socket 0, mpidr 80000003
[    0.009325] Brought up 4 CPUs
[    0.009346] SMP: Total of 4 processors activated (96.00 BogoMIPS).
[    0.009353] CPU: All CPU(s) started in SVC mode.
[    0.010780] devtmpfs: initialized
[    0.021293] VFP support v0.3: implementor 41 architecture 4 part 30 variant f rev 0
[    0.021937] clocksource: jiffies: mask: 0xffffffff max_cycles: 0xffffffff, max_idle_ns: 9556302231375000 ns
[    0.023613] pinctrl core: initialized pinctrl subsystem
[    0.025215] NET: Registered protocol family 16
[    0.027363] DMA: preallocated 256 KiB pool for atomic coherent allocations
[    0.042825] cpuidle: using governor ladder
[    0.057844] cpuidle: using governor menu
[    0.072131] No ATAGs?
[    0.072166] hw-breakpoint: found 5 (+1 reserved) breakpoint and 4 watchpoint registers.
[    0.072176] hw-breakpoint: maximum watchpoint size is 8 bytes.
[    0.076499] Serial: AMBA PL011 UART driver
[    0.077800] tegra-mc 70019000.memory-controller: no memory timings for RAM code 3 registered
[    0.107519] dvdd_ts: Failed to request enable GPIO61: -517
[    0.107641] reg-fixed-voltage regulators:regulator@1: Failed to register regulator: -517
[    0.107863] usb1_vbus: Failed to request enable GPIO108: -517
[    0.107996] reg-fixed-voltage regulators:regulator@3: Failed to register regulator: -517
[    0.108216] usb2_vbus: Failed to request enable GPIO86: -517
[    0.108322] reg-fixed-voltage regulators:regulator@4: Failed to register regulator: -517
[    0.108829] VDD_5V0_HDMI_CON: Failed to request enable GPIO81: -517
[    0.108937] reg-fixed-voltage regulators:regulator@7: Failed to register regulator: -517
[    0.111863] vgaarb: loaded
[    0.112785] SCSI subsystem initialized
[    0.112965] libata version 3.00 loaded.
[    0.113298] usbcore: registered new interface driver usbfs
[    0.113370] usbcore: registered new interface driver hub
[    0.113453] usbcore: registered new device driver usb
[    0.117087] tps65090 2-0048: No cache defaults, reading back from HW
[    0.123306] genirq: Setting trigger mode 8 for irq 341 failed (irq_chip_set_type_parent+0x0/0x28)
[    0.123329] palmas 2-0058: Irq flag is 0x00000000
[    0.126521] palmas 2-0058: Muxing GPIO ff, PWM 0, LED 0
[    0.136246] sdhci-vdd-sd-slot: ramp_delay not set
[    0.161063] pps_core: LinuxPPS API ver. 1 registered
[    0.161074] pps_core: Software ver. 5.3.6 - Copyright 2005-2007 Rodolfo Giometti <giometti@linux.it>
[    0.161104] PTP clock support registered
[    0.161329] EDAC MC: Ver: 3.0.0
[    0.163865] clocksource: Switched to clocksource arch_sys_counter
[    0.174894] NET: Registered protocol family 2
[    0.175403] TCP established hash table entries: 8192 (order: 3, 32768 bytes)
[    0.175506] TCP bind hash table entries: 8192 (order: 4, 65536 bytes)
[    0.175693] TCP: Hash tables configured (established 8192 bind 8192)
[    0.175751] UDP hash table entries: 512 (order: 2, 16384 bytes)
[    0.175793] UDP-Lite hash table entries: 512 (order: 2, 16384 bytes)
[    0.175971] NET: Registered protocol family 1
[    0.176228] RPC: Registered named UNIX socket transport module.
[    0.176237] RPC: Registered udp transport module.
[    0.176246] RPC: Registered tcp transport module.
[    0.176254] RPC: Registered tcp NFSv4.1 backchannel transport module.
[    0.176272] PCI: CLS 0 bytes, default 64
[    0.178505] futex hash table entries: 1024 (order: 4, 65536 bytes)
[    0.191253] squashfs: version 4.0 (2009/01/31) Phillip Lougher
[    0.192230] NFS: Registering the id_resolver key type
[    0.192260] Key type id_resolver registered
[    0.192269] Key type id_legacy registered
[    0.192335] ntfs: driver 2.1.32 [Flags: R/O].
[    0.193699] bounce: pool size: 64 pages
[    0.193952] Block layer SCSI generic (bsg) driver version 0.4 loaded (major 249)
[    0.193970] io scheduler noop registered
[    0.193984] io scheduler deadline registered
[    0.194022] io scheduler cfq registered (default)
[    0.213833] vdd-lcd-bl: supplied by vdd_ac_bat
[    0.221040] tegra-apbdma 6000a000.dma: Tegra20 APB DMA driver register 32 channels
[    0.222352] tegra-pmc 7000e400.pmc: i2c-thermtrip node not found, emergency thermal reset disabled.
[    0.290302] Serial: 8250/16550 driver, 4 ports, IRQ sharing disabled
[    0.292836] SuperH (H)SCI(F) driver initialized
[    0.293756] msm_serial: driver initialized
[    0.294686] console [ttyS0] disabled
[    0.294723] 70006300.serial: ttyS0 at MMIO 0x70006300 (irq = 329, base_baud = 25500000) is a Tegra
[    1.106938] console [ttyS0] enabled
[    1.111188] STMicroelectronics ASC driver initialized
[    1.118501] [drm] Initialized drm 1.1.0 20060810
[    1.125288] vdd-ao: supplied by vdd_ac_bat
[    1.129627] vddio-1v8: supplied by vdd-ao
[    1.134022] avdd-dsi-csi: supplied by vddio-1v8
[    1.140747] tegra-hdmi 54280000.hdmi: failed to get HDMI regulator
[    1.148780] vdd-sys-3v3: supplied by vdd_ac_bat
[    1.153550] avdd-lcd: supplied by vdd-sys-3v3
[    1.165046] loop: module loaded
[    1.174999] m25p80 spi32766.0: w25q32dw (4096 Kbytes)
[    1.183234] libphy: Fixed MDIO Bus: probed
[    1.188053] CAN device driver interface
[    1.193279] igb: Intel(R) Gigabit Ethernet Network Driver - version 5.3.0-k
[    1.200248] igb: Copyright (c) 2007-2014 Intel Corporation.
[    1.208914] pegasus: v0.9.3 (2013/04/25), Pegasus/Pegasus II USB Ethernet driver
[    1.216370] usbcore: registered new interface driver pegasus
[    1.222112] usbcore: registered new interface driver asix
[    1.227574] usbcore: registered new interface driver ax88179_178a
[    1.233726] usbcore: registered new interface driver cdc_ether
[    1.239641] usbcore: registered new interface driver smsc75xx
[    1.245467] usbcore: registered new interface driver smsc95xx
[    1.251272] usbcore: registered new interface driver net1080
[    1.256992] usbcore: registered new interface driver cdc_subset
[    1.262976] usbcore: registered new interface driver zaurus
[    1.268649] usbcore: registered new interface driver cdc_ncm
[    1.276224] ehci_hcd: USB 2.0 'Enhanced' Host Controller (EHCI) Driver
[    1.282773] ehci-pci: EHCI PCI platform driver
[    1.287281] ehci-platform: EHCI generic platform driver
[    1.292715] ehci-omap: OMAP-EHCI Host Controller driver
[    1.298094] ehci-orion: EHCI orion driver
[    1.302258] SPEAr-ehci: EHCI SPEAr driver
[    1.306425] ehci-st: EHCI STMicroelectronics driver
[    1.311457] ehci-exynos: EHCI EXYNOS driver
[    1.315816] ehci-atmel: EHCI Atmel driver
[    1.319989] tegra-ehci: Tegra EHCI driver
[    1.324317] ohci_hcd: USB 1.1 'Open' Host Controller (OHCI) Driver
[    1.330526] ohci-pci: OHCI PCI platform driver
[    1.335038] ohci-platform: OHCI generic platform driver
[    1.340439] ohci-omap3: OHCI OMAP3 driver
[    1.344604] SPEAr-ohci: OHCI SPEAr driver
[    1.348753] ohci-st: OHCI STMicroelectronics driver
[    1.353787] ohci-atmel: OHCI Atmel driver
[    1.358332] usbcore: registered new interface driver usb-storage
[    1.365914] mousedev: PS/2 mouse device common for all mice
[    1.376900] palmas-rtc 7000d000.i2c:tps65913@58:rtc: rtc core: registered 7000d000.i2c:tps659 as rtc0
[    1.388062] tegra_rtc 7000e000.rtc: rtc core: registered 7000e000.rtc as rtc1
[    1.395257] tegra_rtc 7000e000.rtc: Tegra internal Real Time Clock
[    1.402006] i2c /dev entries driver
[    1.409341] sbs-battery 0-000b: sbs_probe: Failed to get device status
[    1.415894] sbs-battery: probe of 0-000b failed with error -121
[    1.424591] vdd-sensor-2v85: supplied by vdd-sys-3v3
[    1.436856] sdhci: Secure Digital Host Controller Interface driver
[    1.443046] sdhci: Copyright(c) Pierre Ossman
[    1.448952] Synopsys Designware Multimedia Card Interface Driver
[    1.456047] sdhci-pltfm: SDHCI platform and OF driver helper
[    1.462418] sdhci-tegra 78000400.sdhci: Got CD GPIO
[    1.467325] sdhci-tegra 78000400.sdhci: Got WP GPIO
[    1.473386] sdhci-tegra 78000400.sdhci: No vmmc regulator found
[    1.479320] sdhci-tegra 78000400.sdhci: No vqmmc regulator found
[    1.485332] mmc0: Invalid maximum block size, assuming 512 bytes
[    1.524004] mmc0: SDHCI controller on 78000400.sdhci [78000400.sdhci] using ADMA
[    1.533692] sdhci-tegra 78000600.sdhci: No vmmc regulator found
[    1.539628] sdhci-tegra 78000600.sdhci: No vqmmc regulator found
[    1.545641] mmc1: Invalid maximum block size, assuming 512 bytes
[    1.583888] mmc1: SDHCI controller on 78000600.sdhci [78000600.sdhci] using ADMA
[    1.592704] ledtrig-cpu: registered to indicate activity on CPUs
[    1.598973] usbcore: registered new interface driver usbhid
[    1.604553] usbhid: USB HID core driver
[    1.617320] NET: Registered protocol family 10
[    1.622549] sit: IPv6 over IPv4 tunneling driver
[    1.629901] NET: Registered protocol family 17
[    1.634381] can: controller area network core (rev 20120528 abi 9)
[    1.642654] NET: Registered protocol family 29
[    1.647125] can: raw protocol (rev 20120528)
[    1.653423] can: broadcast manager protocol (rev 20120528 t)
[    1.659113] can: netlink gateway (rev 20130117) max_hops=1
[    1.669064] Key type dns_resolver registered
[    1.678020] ThumbEE CPU extension supported.
[    1.682328] Registering SWP/SWPB emulation handler
[    1.697862] vdd-sys-5v0: supplied by vdd_ac_bat
[    1.703153] VDD_5V0_HDMI_CON: supplied by vdd-sys-5v0
[    1.709738] vdd_hdmi_5v0: supplied by vdd-sys-5v0
[    1.718749] [drm] Supports vblank timestamp caching Rev 2 (21.10.2013).
[    1.725406] [drm] No driver support for vblank timestamp query.
[    1.728755] mmc1: MAN_BKOPS_EN bit is not set
[    1.732616] mmc1: new high speed MMC card at address 0001
[    1.733516] mmcblk0: mmc1:0001 SEM32G 29.1 GiB 
[    1.734449] mmcblk0boot0: mmc1:0001 SEM32G partition 1 4.00 MiB
[    1.735212] mmcblk0boot1: mmc1:0001 SEM32G partition 2 4.00 MiB
[    1.735786] mmcblk0rpmb: mmc1:0001 SEM32G partition 3 4.00 MiB
[    1.740108]  mmcblk0: p1 p2 p3 p4 p5 p6 p7 p8
[    1.826030] Console: switching to colour frame buffer device 240x75
[    1.854063] drm drm: fb0:  frame buffer device
[    1.874009] [drm] Initialized tegra 0.0.0 20120330 on minor 0
[    1.880904] usb2_vbus: supplied by vdd-sys-5v0
[    1.887599] tegra-ehci 7d008000.usb: EHCI Host Controller
[    1.893075] tegra-ehci 7d008000.usb: new USB bus registered, assigned bus number 1
[    1.901002] tegra-ehci 7d008000.usb: irq 339, io mem 0x7d008000
[    1.914025] tegra-ehci 7d008000.usb: USB 2.0 started, EHCI 1.10
[    1.921404] hub 1-0:1.0: USB hub found
[    1.925270] hub 1-0:1.0: 1 port detected
[    1.930990] input: gpio-keys as /devices/soc0/gpio-keys/input/input0
[    1.939558] palmas-rtc 7000d000.i2c:tps65913@58:rtc: setting system clock to 2000-07-16 21:45:56 UTC (963783956)
[    1.964873] dvdd_ts: disabling
[    1.967932] usb1_vbus: disabling
[    1.971209] vdd_cam_1v8_reg: disabling
[    1.976712] EXT4-fs (mmcblk0p1): mounting ext3 file system using the ext4 subsystem
[    1.999929] EXT4-fs (mmcblk0p1): recovery complete
[    2.004812] EXT4-fs (mmcblk0p1): mounted filesystem with ordered data mode. Opts: (null)
[    2.012987] VFS: Mounted root (ext3 filesystem) on device 179:1.
[    2.022582] devtmpfs: mounted
[    2.026473] Freeing unused kernel memory: 1044K (c0dbb000 - c0ec0000)
bash: cannot set terminal process group (-1): Inappropriate ioctl for device
bash: no job control in this shell
root@(none):/# [    2.239022] usb 1-1: new high-speed USB device number 2 using tegra-ehci
