Diff for ./qemu-vexpress64/__internal/defconfig_log.txt
--- /tmp/fooa	2017-11-05 13:44:10.630228104 -0800
+++ /tmp/foob	2017-11-05 13:44:10.634228121 -0800
@@ -1,5 +1,5 @@
 Booting Linux on physical CPU 0x0
-Linux version 4.14.0-rc7-319620-g0b07194bb55e (jonathanh@tamien) (gcc version 4.9.2 20140904 (prerelease) (crosstool-NG linaro-1.13.1-4.9-2014.09 - Linaro GCC 4.9-2014.09)) #1 SMP PREEMPT Mon Oct 30 06:39:44 PDT 2017
+Linux version 4.14.0-rc8-201588-g39dae59 (jonathanh@kaivo) (gcc version 4.9.2 20140904 (prerelease) (crosstool-NG linaro-1.13.1-4.9-2014.09 - Linaro GCC 4.9-2014.09)) #1 SMP PREEMPT Sun Nov 5 13:40:40 PST 2017
 Boot CPU: AArch64 Processor [411fd070]
 Machine model: linux,dummy-virt
 Memory limited to 1024MB
@@ -114,7 +114,7 @@
 hw perfevents: enabled with armv8_pmuv3 PMU driver, 1 counters available
 kvm [1]: HYP mode not available
 audit: initializing netlink subsys (disabled)
-audit: type=2000 audit(0.808:1): state=initialized audit_enabled=0 res=1
+audit: type=2000 audit(0.816:1): state=initialized audit_enabled=0 res=1
 workingset: timestamp_bits=44 max_order=18 bucket_order=0
 squashfs: version 4.0 (2009/01/31) Phillip Lougher
 NFS: Registering the id_resolver key type
@@ -179,7 +179,7 @@
 Key type dns_resolver registered
 registered taskstats version 1
 input: gpio-keys as /devices/platform/gpio-keys/input/input0
-rtc-pl031 9010000.pl031: setting system clock to 2017-10-30 13:40:31 UTC (1509370831)
+rtc-pl031 9010000.pl031: setting system clock to 2017-11-05 21:41:21 UTC (1509918081)
 ALSA device list:
   No soundcards found.
 uart-pl011 9000000.pl011: no DMA platform data
Diff for ./tegra114-dalmore-a04/tegra114-dalmore/multi_v7_defconfig_log.txt
--- /tmp/fooa	2017-11-05 13:44:10.642228157 -0800
+++ /tmp/foob	2017-11-05 13:44:10.642228157 -0800
@@ -39,21 +39,21 @@
 	 #################################################################
 	 #################################################################
 	 #################################################################
-	 ####################################
+	 #####################################
 	 3 MiB/s
 done
-Bytes transferred = 8159752 (7c8208 hex)
+Bytes transferred = 8167936 (7ca200 hex)
 Tegra114 (Dalmore) # tftpboot 0x82000000 tegra114-dalmore.dtb
 Using asx0 device
 TFTP from server 192.168.100.1; our IP address is 192.168.100.100
 Filename 'tegra114-dalmore.dtb'.
 Load address: 0x82000000
 Loading: *###
-	 2.6 MiB/s
+	 2.8 MiB/s
 done
 Bytes transferred = 35036 (88dc hex)
 Tegra114 (Dalmore) # bootz 0x81000000 - 0x82000000
-Kernel image @ 0x81000000 [ 0x000000 - 0x7c8200 ]
+Kernel image @ 0x81000000 [ 0x000000 - 0x7ca200 ]
 ## Flattened Device Tree blob at 82000000
    Booting using the fdt blob at 0x82000000
    Loading Device Tree to 8fff4000, end 8ffff8db ... OK
@@ -61,7 +61,7 @@
 Starting kernel ...
 
 Booting Linux on physical CPU 0x0
-Linux version 4.14.0-rc7-201379-g0b07194 (jonathanh@sellafield) (gcc version 4.7.3 20130328 (prerelease) (crosstool-NG linaro-1.13.1-4.7-2013.04-20130415 - Linaro GCC 2013.04)) #1 SMP Mon Oct 30 06:34:01 PDT 2017
+Linux version 4.14.0-rc8-201588-g39dae59 (jonathanh@sellafield) (gcc version 4.7.3 20130328 (prerelease) (crosstool-NG linaro-1.13.1-4.7-2013.04-20130415 - Linaro GCC 2013.04)) #1 SMP Sun Nov 5 13:36:06 PST 2017
 CPU: ARMv7 Processor [412fc0f2] revision 2 (ARMv7), cr=10c5387d
 CPU: div instructions available: patching division code
 CPU: PIPT / VIPT nonaliasing data cache, PIPT instruction cache
@@ -72,7 +72,7 @@
 efi: UEFI not found.
 cma: Reserved 64 MiB at 0xfb800000
 On node 0 totalpages: 524032
-free_area_init_node: node 0, pgdat c158fa40, node_mem_map eeff8000
+free_area_init_node: node 0, pgdat c158fa80, node_mem_map eeff8000
   DMA zone: 1536 pages used for memmap
   DMA zone: 0 pages reserved
   DMA zone: 196608 pages, LIFO batch:31
@@ -96,7 +96,7 @@
     modules : 0xbf000000 - 0xbfe00000   (  14 MB)
       .text : 0xc0208000 - 0xc0d00000   (11232 kB)
       .init : 0xc1200000 - 0xc1400000   (2048 kB)
-      .data : 0xc1400000 - 0xc1597ee8   (1632 kB)
+      .data : 0xc1400000 - 0xc1597f28   (1632 kB)
        .bss : 0xc15a0b9c - 0xc16064fc   ( 407 kB)
 SLUB: HWalign=64, Order=0-3, MinObjects=0, CPUs=4, Nodes=1
 Hierarchical RCU implementation.
@@ -401,7 +401,7 @@
 hub 1-0:1.0: USB hub found
 hub 1-0:1.0: 1 port detected
 input: gpio-keys as /devices/soc0/gpio-keys/input/input0
-palmas-rtc 7000d000.i2c:tps65913@58:rtc: setting system clock to 2000-03-22 20:29:32 UTC (953756972)
+palmas-rtc 7000d000.i2c:tps65913@58:rtc: setting system clock to 2000-03-29 04:34:41 UTC (954304481)
 dvdd_ts: disabling
 usb1_vbus: disabling
 vdd_cam_1v8_reg: disabling
@@ -413,5 +413,4 @@
 Freeing unused kernel memory: 2048K
 bash: cannot set terminal process group (-1): Inappropriate ioctl for device
 bash: no job control in this shell
-root@(none):/# [    2.949079] usb 1-1: new high-speed USB device number 2 using tegra-ehci
-asix 1-1:1.0 eth0: register 'asix' at usb-7d008000.usb-1, ASIX AX88772 USB 2.0 Ethernet, 00:50:b6:0d:b5:16
+root@(none):/# 
\ No newline at end of file
Diff for ./tegra114-dalmore-a04/tegra114-dalmore/tegra_defconfig_log.txt
--- /tmp/fooa	2017-11-05 13:44:10.650228192 -0800
+++ /tmp/foob	2017-11-05 13:44:10.650228192 -0800
@@ -14,7 +14,7 @@
 Err:   serial
 Net:   Net Initialization Skipped
 No ethernet found.
-Hit any key to stop autoboot:  2  1  0 
+Hit any key to stop autoboot:  2  0 
 Tegra114 (Dalmore) # 
 Tegra114 (Dalmore) # usb reset
 (Re)start USB...
@@ -37,21 +37,21 @@
 	 #################################################################
 	 #################################################################
 	 #################################################################
-	 #######################################
-	 3.3 MiB/s
+	 ########################################
+	 2.8 MiB/s
 done
-Bytes transferred = 6294248 (600ae8 hex)
+Bytes transferred = 6299560 (601fa8 hex)
 Tegra114 (Dalmore) # tftpboot 0x82000000 tegra114-dalmore.dtb
 Using asx0 device
 TFTP from server 192.168.100.1; our IP address is 192.168.100.100
 Filename 'tegra114-dalmore.dtb'.
 Load address: 0x82000000
 Loading: *###
-	 2.6 MiB/s
+	 2.8 MiB/s
 done
 Bytes transferred = 35036 (88dc hex)
 Tegra114 (Dalmore) # bootz 0x81000000 - 0x82000000
-Kernel image @ 0x81000000 [ 0x000000 - 0x600ae8 ]
+Kernel image @ 0x81000000 [ 0x000000 - 0x601fa8 ]
 ## Flattened Device Tree blob at 82000000
    Booting using the fdt blob at 0x82000000
    Loading Device Tree to 8fff4000, end 8ffff8db ... OK
@@ -60,7 +60,7 @@
 
 Uncompressing Linux... done, booting the kernel.
 Booting Linux on physical CPU 0x0
-Linux version 4.14.0-rc7-201379-g0b07194 (jonathanh@kaivo) (gcc version 4.7.3 20130328 (prerelease) (crosstool-NG linaro-1.13.1-4.7-2013.04-20130415 - Linaro GCC 2013.04)) #1 SMP PREEMPT Mon Oct 30 06:34:19 PDT 2017
+Linux version 4.14.0-rc8-201588-g39dae59 (jonathanh@kaivo) (gcc version 4.7.3 20130328 (prerelease) (crosstool-NG linaro-1.13.1-4.7-2013.04-20130415 - Linaro GCC 2013.04)) #1 SMP PREEMPT Sun Nov 5 13:36:04 PST 2017
 CPU: ARMv7 Processor [412fc0f2] revision 2 (ARMv7), cr=10c5387d
 CPU: div instructions available: patching division code
 CPU: PIPT / VIPT nonaliasing data cache, PIPT instruction cache
@@ -84,7 +84,7 @@
 PID hash table entries: 4096 (order: 2, 16384 bytes)
 Dentry cache hash table entries: 131072 (order: 7, 524288 bytes)
 Inode-cache hash table entries: 65536 (order: 6, 262144 bytes)
-Memory: 1997492K/2096128K available (9216K kernel code, 786K rwdata, 2796K rodata, 1024K init, 300K bss, 33100K reserved, 65536K cma-reserved, 1244160K highmem)
+Memory: 1997492K/2096128K available (9216K kernel code, 786K rwdata, 2800K rodata, 1024K init, 300K bss, 33100K reserved, 65536K cma-reserved, 1244160K highmem)
 Virtual kernel memory layout:
     vector  : 0xffff0000 - 0xffff1000   (   4 kB)
     fixmap  : 0xffc00000 - 0xfff00000   (3072 kB)
@@ -396,7 +396,7 @@
 hub 1-0:1.0: USB hub found
 hub 1-0:1.0: 1 port detected
 input: gpio-keys as /devices/soc0/gpio-keys/input/input1
-palmas-rtc 7000d000.i2c:tps65913@58:rtc: setting system clock to 2000-03-22 20:32:17 UTC (953757137)
+palmas-rtc 7000d000.i2c:tps65913@58:rtc: setting system clock to 2000-03-29 04:31:47 UTC (954304307)
 dvdd_ts: disabling
 usb1_vbus: disabling
 vdd_cam_1v8_reg: disabling
@@ -410,4 +410,4 @@
 Freeing unused kernel memory: 1024K
 bash: cannot set terminal process group (-1): Inappropriate ioctl for device
 bash: no job control in this shell
-root@(none):/# [    3.199473] usb 1-1: new high-speed USB device number 2 using tegra-ehci
+root@(none):/# [    3.190456] usb 1-1: new high-speed USB device number 2 using tegra-ehci
Diff for ./tegra124-jetson-tk1/tegra124-jetson-tk1/multi_v7_defconfig_log.txt
--- /tmp/fooa	2017-11-05 13:44:10.658228227 -0800
+++ /tmp/foob	2017-11-05 13:44:10.658228227 -0800
@@ -14,7 +14,7 @@
 Out:   serial
 Err:   serial
 Net:   No ethernet found.
-Hit any key to stop autoboot:  2  1  0 
+Hit any key to stop autoboot:  2  0 
 Tegra124 (Jetson TK1) # 
 Tegra124 (Jetson TK1) # pci enum
 Tegra124 (Jetson TK1) # setenv bootargs 'ignore_loglevel console=ttyS0,115200n8 rw root=PARTUUID=b1791faa-84e8-4e27-83a1-9fb0a77e8803 rootwait gpt debug noinitrd earlyprintk init=/bin/bash'
@@ -34,21 +34,21 @@
 	 #################################################################
 	 #################################################################
 	 #################################################################
-	 ####################################
-	 3.6 MiB/s
+	 #####################################
+	 3.3 MiB/s
 done
-Bytes transferred = 8159752 (7c8208 hex)
+Bytes transferred = 8167936 (7ca200 hex)
 Tegra124 (Jetson TK1) # tftpboot 0x83000000 tegra124-jetson-tk1.dtb
 Using eth_rtl8169 device
 TFTP from server 192.168.100.1; our IP address is 192.168.100.102
 Filename 'tegra124-jetson-tk1.dtb'.
 Load address: 0x83000000
 Loading: *#####
-	 3.8 MiB/s
+	 3 MiB/s
 done
 Bytes transferred = 67173 (10665 hex)
 Tegra124 (Jetson TK1) # bootz 0x82000000 - 0x83000000
-Kernel image @ 0x82000000 [ 0x000000 - 0x7c8200 ]
+Kernel image @ 0x82000000 [ 0x000000 - 0x7ca200 ]
 ## Flattened Device Tree blob at 83000000
    Booting using the fdt blob at 0x83000000
    Using Device Tree in place at 83000000, end 83013664
@@ -56,7 +56,7 @@
 Starting kernel ...
 
 Booting Linux on physical CPU 0x0
-Linux version 4.14.0-rc7-201379-g0b07194 (jonathanh@sellafield) (gcc version 4.7.3 20130328 (prerelease) (crosstool-NG linaro-1.13.1-4.7-2013.04-20130415 - Linaro GCC 2013.04)) #1 SMP Mon Oct 30 06:34:01 PDT 2017
+Linux version 4.14.0-rc8-201588-g39dae59 (jonathanh@sellafield) (gcc version 4.7.3 20130328 (prerelease) (crosstool-NG linaro-1.13.1-4.7-2013.04-20130415 - Linaro GCC 2013.04)) #1 SMP Sun Nov 5 13:36:06 PST 2017
 CPU: ARMv7 Processor [413fc0f3] revision 3 (ARMv7), cr=10c5387d
 CPU: div instructions available: patching division code
 CPU: PIPT / VIPT nonaliasing data cache, PIPT instruction cache
@@ -67,7 +67,7 @@
 efi: UEFI not found.
 cma: Reserved 64 MiB at 0xfb800000
 On node 0 totalpages: 524032
-free_area_init_node: node 0, pgdat c158fa40, node_mem_map eeff8000
+free_area_init_node: node 0, pgdat c158fa80, node_mem_map eeff8000
   DMA zone: 1536 pages used for memmap
   DMA zone: 0 pages reserved
   DMA zone: 196608 pages, LIFO batch:31
@@ -91,7 +91,7 @@
     modules : 0xbf000000 - 0xbfe00000   (  14 MB)
       .text : 0xc0208000 - 0xc0d00000   (11232 kB)
       .init : 0xc1200000 - 0xc1400000   (2048 kB)
-      .data : 0xc1400000 - 0xc1597ee8   (1632 kB)
+      .data : 0xc1400000 - 0xc1597f28   (1632 kB)
        .bss : 0xc15a0b9c - 0xc16064fc   ( 407 kB)
 SLUB: HWalign=64, Order=0-3, MinObjects=0, CPUs=4, Nodes=1
 Hierarchical RCU implementation.
@@ -400,16 +400,16 @@
 +5V_SATA: supplied by +5V_SYS
 +12V_SATA: supplied by +VDD_MUX
  usb2-0: usb2-0 supply vbus not found, using dummy regulator
- usb2-1: usb2-1 supply vbus not found, using dummy regulator
- usb3-0: usb3-0 supply vbus not found, using dummy regulator
-tegra-pcie 1003000.pcie: 2x1, 1x1 configuration
-tegra-pcie 1003000.pcie: Failed to get supply 'avddio-pex': -517
 mmc0: new high speed MMC card at address 0001
 mmcblk0: mmc0:0001 SEM16G 14.7 GiB 
 mmcblk0boot0: mmc0:0001 SEM16G partition 1 4.00 MiB
 mmcblk0boot1: mmc0:0001 SEM16G partition 2 4.00 MiB
 mmcblk0rpmb: mmc0:0001 SEM16G partition 3 4.00 MiB
  mmcblk0: p1
+ usb2-1: usb2-1 supply vbus not found, using dummy regulator
+ usb3-0: usb3-0 supply vbus not found, using dummy regulator
+tegra-pcie 1003000.pcie: 2x1, 1x1 configuration
+tegra-pcie 1003000.pcie: Failed to get supply 'avddio-pex': -517
 tegra124-dfll 70110000.clock: couldn't get vdd_cpu regulator
 tegra-hdmi 54280000.hdmi: failed to get PLL regulator
 as3722-sd2: supplied by +5V_SYS
@@ -466,8 +466,8 @@
 pci_bus 0000:00: 2-byte config write to 0000:00:01.0 offset 0x52 may corrupt adjacent RW1C bits
 pci 0000:00:01.0: PME# supported from D0 D1 D2 D3hot D3cold
 pci_bus 0000:00: 2-byte config write to 0000:00:01.0 offset 0x4c may corrupt adjacent RW1C bits
-ata1: SATA link down (SStatus 0 SControl 300)
 pci 0000:00:02.0: [10de:0e13] type 01 class 0x060400
+ata1: SATA link down (SStatus 0 SControl 300)
 pci_bus 0000:00: 2-byte config write to 0000:00:02.0 offset 0x4 may corrupt adjacent RW1C bits
 pci_bus 0000:00: 2-byte config write to 0000:00:02.0 offset 0x4 may corrupt adjacent RW1C bits
 pci 0000:00:02.0: enabling Extended Tags
@@ -529,7 +529,7 @@
 cpufreq: cpufreq_online: CPU0: Running at unlisted freq: 696000 KHz
 cpufreq: cpufreq_online: CPU0: Unlisted initial frequency changed to: 714000 KHz
 input: gpio-keys as /devices/soc0/gpio-keys/input/input0
-as3722-rtc as3722-rtc: setting system clock to 2000-01-01 00:00:15 UTC (946684815)
+as3722-rtc as3722-rtc: setting system clock to 2000-01-01 00:01:56 UTC (946684916)
 +USB0_VBUS_SW: disabling
 +1.8V_RUN_CAM: disabling
 +2.8V_RUN_CAM: disabling
Diff for ./tegra124-jetson-tk1/tegra124-jetson-tk1/tegra_defconfig_log.txt
--- /tmp/fooa	2017-11-05 13:44:10.666228262 -0800
+++ /tmp/foob	2017-11-05 13:44:10.666228262 -0800
@@ -32,21 +32,21 @@
 	 #################################################################
 	 #################################################################
 	 #################################################################
-	 #######################################
-	 942.4 KiB/s
+	 ########################################
+	 3.6 MiB/s
 done
-Bytes transferred = 6294248 (600ae8 hex)
+Bytes transferred = 6299560 (601fa8 hex)
 Tegra124 (Jetson TK1) # tftpboot 0x83000000 tegra124-jetson-tk1.dtb
 Using eth_rtl8169 device
 TFTP from server 192.168.100.1; our IP address is 192.168.100.102
 Filename 'tegra124-jetson-tk1.dtb'.
 Load address: 0x83000000
 Loading: *#####
-	 923.8 KiB/s
+	 3.4 MiB/s
 done
 Bytes transferred = 67173 (10665 hex)
 Tegra124 (Jetson TK1) # bootz 0x82000000 - 0x83000000
-Kernel image @ 0x82000000 [ 0x000000 - 0x600ae8 ]
+Kernel image @ 0x82000000 [ 0x000000 - 0x601fa8 ]
 ## Flattened Device Tree blob at 83000000
    Booting using the fdt blob at 0x83000000
    Using Device Tree in place at 83000000, end 83013664
@@ -55,7 +55,7 @@
 
 Uncompressing Linux... done, booting the kernel.
 Booting Linux on physical CPU 0x0
-Linux version 4.14.0-rc7-201379-g0b07194 (jonathanh@kaivo) (gcc version 4.7.3 20130328 (prerelease) (crosstool-NG linaro-1.13.1-4.7-2013.04-20130415 - Linaro GCC 2013.04)) #1 SMP PREEMPT Mon Oct 30 06:34:19 PDT 2017
+Linux version 4.14.0-rc8-201588-g39dae59 (jonathanh@kaivo) (gcc version 4.7.3 20130328 (prerelease) (crosstool-NG linaro-1.13.1-4.7-2013.04-20130415 - Linaro GCC 2013.04)) #1 SMP PREEMPT Sun Nov 5 13:36:04 PST 2017
 CPU: ARMv7 Processor [413fc0f3] revision 3 (ARMv7), cr=10c5387d
 CPU: div instructions available: patching division code
 CPU: PIPT / VIPT nonaliasing data cache, PIPT instruction cache
@@ -79,7 +79,7 @@
 PID hash table entries: 4096 (order: 2, 16384 bytes)
 Dentry cache hash table entries: 131072 (order: 7, 524288 bytes)
 Inode-cache hash table entries: 65536 (order: 6, 262144 bytes)
-Memory: 1997372K/2096128K available (9216K kernel code, 786K rwdata, 2796K rodata, 1024K init, 300K bss, 33220K reserved, 65536K cma-reserved, 1244160K highmem)
+Memory: 1997372K/2096128K available (9216K kernel code, 786K rwdata, 2800K rodata, 1024K init, 300K bss, 33220K reserved, 65536K cma-reserved, 1244160K highmem)
 Virtual kernel memory layout:
     vector  : 0xffff0000 - 0xffff1000   (   4 kB)
     fixmap  : 0xffc00000 - 0xfff00000   (3072 kB)
@@ -537,7 +537,7 @@
 cpufreq: cpufreq_online: CPU0: Running at unlisted freq: 696000 KHz
 cpufreq: cpufreq_online: CPU0: Unlisted initial frequency changed to: 714000 KHz
 input: gpio-keys as /devices/soc0/gpio-keys/input/input2
-as3722-rtc as3722-rtc: setting system clock to 2000-01-01 00:01:33 UTC (946684893)
+as3722-rtc as3722-rtc: setting system clock to 2000-01-01 00:00:14 UTC (946684814)
 +USB0_VBUS_SW: disabling
 +1.8V_RUN_CAM: disabling
 +2.8V_RUN_CAM: disabling
Diff for ./tegra124-nyan-big/tegra124-nyan-big/multi_v7_defconfig_log.txt
--- /tmp/fooa	2017-11-05 13:44:10.674228297 -0800
+++ /tmp/foob	2017-11-05 13:44:10.674228297 -0800
@@ -5,7 +5,7 @@
 TEGRA124
 Model: Acer Chromebook 13 CB5-311
 DRAM:  4 GiB
-C:   Tegra SD/MMC: 0, Tegra SD/MMC: 1, Tegra SD/MMC: 2
+:   Tegra SD/MMC: 0, Tegra SD/MMC: 1, Tegra SD/MMC: 2
 MMC init failed
 Using default environment
 
@@ -42,21 +42,21 @@
 	 #################################################################
 	 #################################################################
 	 #################################################################
-	 ####################################
-	 3.6 MiB/s
+	 #####################################
+	 3.2 MiB/s
 done
-Bytes transferred = 8159752 (7c8208 hex)
+Bytes transferred = 8167936 (7ca200 hex)
 Tegra124 (Nyan-big) # tftpboot 0x83000000 tegra124-nyan-big.dtb
 Using asx0 device
 TFTP from server 192.168.100.1; our IP address is 192.168.100.102
 Filename 'tegra124-nyan-big.dtb'.
 Load address: 0x83000000
 Loading: *#####
-	 3.4 MiB/s
+	 2.7 MiB/s
 done
 Bytes transferred = 68203 (10a6b hex)
 Tegra124 (Nyan-big) # bootz 0x82000000 - 0x83000000
-Kernel image @ 0x82000000 [ 0x000000 - 0x7c8200 ]
+Kernel image @ 0x82000000 [ 0x000000 - 0x7ca200 ]
 ## Flattened Device Tree blob at 83000000
    Booting using the fdt blob at 0x83000000
    Using Device Tree in place at 83000000, end 83013a6a
@@ -64,7 +64,7 @@
 Starting kernel ...
 
 Booting Linux on physical CPU 0x0
-Linux version 4.14.0-rc7-201379-g0b07194 (jonathanh@sellafield) (gcc version 4.7.3 20130328 (prerelease) (crosstool-NG linaro-1.13.1-4.7-2013.04-20130415 - Linaro GCC 2013.04)) #1 SMP Mon Oct 30 06:34:01 PDT 2017
+Linux version 4.14.0-rc8-201588-g39dae59 (jonathanh@sellafield) (gcc version 4.7.3 20130328 (prerelease) (crosstool-NG linaro-1.13.1-4.7-2013.04-20130415 - Linaro GCC 2013.04)) #1 SMP Sun Nov 5 13:36:06 PST 2017
 CPU: ARMv7 Processor [413fc0f3] revision 3 (ARMv7), cr=10c5387d
 CPU: div instructions available: patching division code
 CPU: PIPT / VIPT nonaliasing data cache, PIPT instruction cache
@@ -76,7 +76,7 @@
 efi: UEFI not found.
 cma: Reserved 64 MiB at 0xfb800000
 On node 0 totalpages: 524287
-free_area_init_node: node 0, pgdat c158fa40, node_mem_map eeff8000
+free_area_init_node: node 0, pgdat c158fa80, node_mem_map eeff8000
   DMA zone: 1536 pages used for memmap
   DMA zone: 0 pages reserved
   DMA zone: 196608 pages, LIFO batch:31
@@ -100,7 +100,7 @@
     modules : 0xbf000000 - 0xbfe00000   (  14 MB)
       .text : 0xc0208000 - 0xc0d00000   (11232 kB)
       .init : 0xc1200000 - 0xc1400000   (2048 kB)
-      .data : 0xc1400000 - 0xc1597ee8   (1632 kB)
+      .data : 0xc1400000 - 0xc1597f28   (1632 kB)
        .bss : 0xc15a0b9c - 0xc16064fc   ( 407 kB)
 SLUB: HWalign=64, Order=0-3, MinObjects=0, CPUs=4, Nodes=1
 Hierarchical RCU implementation.
@@ -377,8 +377,6 @@
 sdhci-tegra 700b0400.sdhci: Got WP GPIO
 mmc0: Unknown controller version (3). You may experience problems.
 mmc0: Invalid maximum block size, assuming 512 bytes
-elan_i2c 1-0015: Elan Touchpad: Module ID: 0x002a, Firmware: 0x0005, Sample: 0x0007, IAP: 0x0009
-input: Elan Touchpad as /devices/soc0/7000c400.i2c/i2c-1/1-0015/input/input0
 mmc0: SDHCI controller on 700b0600.sdhci [700b0600.sdhci] using ADMA
 ledtrig-cpu: registered to indicate activity on CPUs
 usbcore: registered new interface driver usbhid
@@ -405,16 +403,17 @@
 +5V_USB_HS: supplied by +5V_SYS
 +5V_USB_SS: supplied by +5V_SYS
 +3.3V_PANEL: supplied by +3.3V_RUN
-+3.3V_LP0: supplied by +3.3V_SYS
+elan_i2c 1-0015: Elan Touchpad: Module ID: 0x002a, Firmware: 0x0005, Sample: 0x0007, IAP: 0x0009
+input: Elan Touchpad as /devices/soc0/7000c400.i2c/i2c-1/1-0015/input/input0
 mmc0: new high speed MMC card at address 0001
 mmcblk0: mmc0:0001 MMC16G 14.4 GiB 
 mmcblk0boot0: mmc0:0001 MMC16G partition 1 2.00 MiB
 mmcblk0boot1: mmc0:0001 MMC16G partition 2 2.00 MiB
 mmcblk0rpmb: mmc0:0001 MMC16G partition 3 128 KiB
  mmcblk0: p1 p2 p3 p4 p5 p6 p7 p8 p9 p10 p11 p12
++3.3V_LP0: supplied by +3.3V_SYS
 +1.05V_RUN_AVDD_HDMI_PLL: supplied by +1.05V_RUN
 elan_i2c 1-0015: failed to read report data: -121
-elan_i2c 1-0015: failed to read report data: -121
 +5V_HDMI_CON: supplied by +5V_SYS
  usb3-0: usb3-0 supply vbus not found, using dummy regulator
  usb3-1: usb3-1 supply vbus not found, using dummy regulator
@@ -425,9 +424,9 @@
 mmc1: Invalid maximum block size, assuming 512 bytes
 mmc1: Switching to 3.3V signalling voltage failed
 mmc1: SDHCI controller on 700b0000.sdhci [700b0000.sdhci] using ADMA
+elan_i2c 1-0015: invalid report id data (ff)
 sdhci-tegra 700b0400.sdhci: Got CD GPIO
 sdhci-tegra 700b0400.sdhci: Got WP GPIO
-elan_i2c 1-0015: invalid report id data (ff)
 mmc2: Unknown controller version (3). You may experience problems.
 mmc2: Invalid maximum block size, assuming 512 bytes
 mmc1: new high speed SDIO card at address 0001
@@ -446,7 +445,7 @@
 drm drm: fb0:  frame buffer device
 [drm] Initialized tegra 0.0.0 20120330 for drm on minor 0
 input: gpio-keys as /devices/soc0/gpio-keys/input/input1
-as3722-rtc as3722-rtc: setting system clock to 2000-01-01 00:00:23 UTC (946684823)
+as3722-rtc as3722-rtc: setting system clock to 2000-01-06 06:51:42 UTC (947141502)
 +1.8V_RUN_CAM: disabling
 +3.3V_RUN_CAM: disabling
 +1.2V_RUN_CAM_FRONT: disabling
Diff for ./tegra124-nyan-big/tegra124-nyan-big/tegra_defconfig_log.txt
--- /tmp/fooa	2017-11-05 13:44:10.682228332 -0800
+++ /tmp/foob	2017-11-05 13:44:10.682228332 -0800
@@ -5,7 +5,7 @@
 TEGRA124
 Model: Acer Chromebook 13 CB5-311
 DRAM:  4 GiB
-C:   Tegra SD/MMC: 0, Tegra SD/MMC: 1, Tegra SD/MMC: 2
+:   Tegra SD/MMC: 0, Tegra SD/MMC: 1, Tegra SD/MMC: 2
 MMC init failed
 Using default environment
 
@@ -14,7 +14,7 @@
 Err:   serial
 Net:   Net Initialization Skipped
 No ethernet found.
-Hit any key to stop autoboot:  2  1  0 
+Hit any key to stop autoboot:  2  0 
 Tegra124 (Nyan-big) # 
 Tegra124 (Nyan-big) # usb start
 starting USB...
@@ -40,21 +40,21 @@
 	 #################################################################
 	 #################################################################
 	 #################################################################
-	 #######################################
-	 3.6 MiB/s
+	 ########################################
+	 3.4 MiB/s
 done
-Bytes transferred = 6294248 (600ae8 hex)
+Bytes transferred = 6299560 (601fa8 hex)
 Tegra124 (Nyan-big) # tftpboot 0x83000000 tegra124-nyan-big.dtb
 Using asx0 device
 TFTP from server 192.168.100.1; our IP address is 192.168.100.102
 Filename 'tegra124-nyan-big.dtb'.
 Load address: 0x83000000
 Loading: *#####
-	 3.3 MiB/s
+	 3.1 MiB/s
 done
 Bytes transferred = 68203 (10a6b hex)
 Tegra124 (Nyan-big) # bootz 0x82000000 - 0x83000000
-Kernel image @ 0x82000000 [ 0x000000 - 0x600ae8 ]
+Kernel image @ 0x82000000 [ 0x000000 - 0x601fa8 ]
 ## Flattened Device Tree blob at 83000000
    Booting using the fdt blob at 0x83000000
    Using Device Tree in place at 83000000, end 83013a6a
@@ -63,7 +63,7 @@
 
 Uncompressing Linux... done, booting the kernel.
 Booting Linux on physical CPU 0x0
-Linux version 4.14.0-rc7-201379-g0b07194 (jonathanh@kaivo) (gcc version 4.7.3 20130328 (prerelease) (crosstool-NG linaro-1.13.1-4.7-2013.04-20130415 - Linaro GCC 2013.04)) #1 SMP PREEMPT Mon Oct 30 06:34:19 PDT 2017
+Linux version 4.14.0-rc8-201588-g39dae59 (jonathanh@kaivo) (gcc version 4.7.3 20130328 (prerelease) (crosstool-NG linaro-1.13.1-4.7-2013.04-20130415 - Linaro GCC 2013.04)) #1 SMP PREEMPT Sun Nov 5 13:36:04 PST 2017
 CPU: ARMv7 Processor [413fc0f3] revision 3 (ARMv7), cr=10c5387d
 CPU: div instructions available: patching division code
 CPU: PIPT / VIPT nonaliasing data cache, PIPT instruction cache
@@ -88,7 +88,7 @@
 PID hash table entries: 4096 (order: 2, 16384 bytes)
 Dentry cache hash table entries: 131072 (order: 7, 524288 bytes)
 Inode-cache hash table entries: 65536 (order: 6, 262144 bytes)
-Memory: 1998388K/2097148K available (9216K kernel code, 786K rwdata, 2796K rodata, 1024K init, 300K bss, 33224K reserved, 65536K cma-reserved, 1245180K highmem)
+Memory: 1998388K/2097148K available (9216K kernel code, 786K rwdata, 2800K rodata, 1024K init, 300K bss, 33224K reserved, 65536K cma-reserved, 1245180K highmem)
 Virtual kernel memory layout:
     vector  : 0xffff0000 - 0xffff1000   (   4 kB)
     fixmap  : 0xffc00000 - 0xfff00000   (3072 kB)
@@ -381,13 +381,13 @@
 input: GoogleNyanBig Headphones as /devices/soc0/sound/sound/card1/input1
 mmcblk0boot1: mmc0:0001 MMC16G partition 2 2.00 MiB
 input: GoogleNyanBig Mic Jack as /devices/soc0/sound/sound/card1/input2
+mmcblk0rpmb: mmc0:0001 MMC16G partition 3 128 KiB
+ mmcblk0: p1 p2 p3 p4 p5 p6 p7 p8 p9 p10 p11 p12
 NET: Registered protocol family 10
 Segment Routing with IPv6
 mip6: Mobile IPv6
 sit: IPv6, IPv4 and MPLS over IPv4 tunneling driver
-mmcblk0rpmb: mmc0:0001 MMC16G partition 3 128 KiB
 NET: Registered protocol family 17
- mmcblk0: p1 p2 p3 p4 p5 p6 p7 p8 p9 p10 p11 p12
 NET: Registered protocol family 15
 can: controller area network core (rev 20170425 abi 9)
 NET: Registered protocol family 29
@@ -458,7 +458,7 @@
 drm drm: fb0:  frame buffer device
 [drm] Initialized tegra 0.0.0 20120330 for drm on minor 0
 input: gpio-keys as /devices/soc0/gpio-keys/input/input4
-as3722-rtc as3722-rtc: setting system clock to 2000-01-01 00:00:24 UTC (946684824)
+as3722-rtc as3722-rtc: setting system clock to 2000-01-06 06:51:03 UTC (947141463)
 +1.8V_RUN_CAM: disabling
 +1.2V_RUN_CAM_FRONT: disabling
 +1.05V_RUN_CAM_REAR: disabling
@@ -470,14 +470,13 @@
   #0: tegra-hda at 0x70038000 irq 343
   #1: GoogleNyanBig
 EXT4-fs (mmcblk0p3): couldn't mount as ext3 due to feature incompatibilities
-uvcvideo: Found UVC 1.00 device HD WebCam (1bcf:2c67)
-input: HD WebCam: HD WebCam as /devices/soc0/70090000.usb/usb1/1-2/1-2:1.0/input/input5
 EXT4-fs (mmcblk0p3): recovery complete
 EXT4-fs (mmcblk0p3): mounted filesystem with ordered data mode. Opts: (null)
 VFS: Mounted root (ext4 filesystem) on device 179:3.
 devtmpfs: mounted
 Freeing unused kernel memory: 1024K
-bash: cannot set terminal process group (-1): Inappropriate ioct[    3.501285] usb 1-3: new high-speed USB device number 3 using tegra-xusb
-l for device
+uvcvideo: Found UVC 1.00 device HD WebCam (1bcf:2c67)
+input: HD WebCam: HD WebCam as /devices/soc0/70090000.usb/usb1/1-2/1-2:1.0/input/input5
+bash: cannot set terminal process group (-1): Inappropriate ioctl for device
 bash: no job control in this shell
-root@(none):/# [    4.170620] asix 1-3:1.0 eth0: register 'asix' at usb-70090000.usb-3, ASIX AX88772 USB 2.0 Ethernet, c8:d7:19:90:fa:65
+root@(none):/# 
\ No newline at end of file
Diff for ./tegra132-norrin/tegra132-norrin/defconfig_log.txt
--- /tmp/fooa	2017-11-05 13:44:10.690228368 -0800
+++ /tmp/foob	2017-11-05 13:44:10.690228368 -0800
@@ -31,7 +31,7 @@
 MSENC clock is set to  79200 KHz
 Vde clock is set to 204000 KHz
 
-Bootloader-Cpu Init at (time stamp): 1801626 us
+Bootloader-Cpu Init at (time stamp): 1801467 us
 
 Pinmux changes applied in kernel way
 
@@ -62,22 +62,22 @@
 Board Id Read Time: 3 us
 Power Rail enable Time: 1 us
 
-Miscellaneous avp time: 1801600  us
-Bootloader (AosInit) time: 733469 us
-Bootloader Main Init time: 180160 us
-BlockDevMgrInit time: 157552 us
+Miscellaneous avp time: 1801441  us
+Bootloader (AosInit) time: 733440 us
+Bootloader Main Init time: 180133 us
+BlockDevMgrInit time: 157538 us
 PartMgrInit time: 8 us
 StorMgrInit time: 31 us
 FsMgrInit time: 2 us
-Partition Table load: 77137 us 
-Display init time: 574511 us
+Partition Table load: 77088 us 
+Display init time: 574555 us
 Kernel read time: 1345 msec
 Load Kernel Size:   17825792 Bytes
 Bl Kernel ReadSpeed: 13253000 Bytes/sec
-Pre-Kernel Jump time: 3838839 us
-Clearing 32 Bit State and Warm resetting to 64bit mode: 8802905 us
+Pre-Kernel Jump time: 3839567 us
+Clearing 32 Bit State and Warm resetting to 64bit mode: 8802636 us
 Booting Linux on physical CPU 0x0
-Linux version 4.14.0-rc7-319620-g0b07194bb55e (jonathanh@tamien) (gcc version 4.9.2 20140904 (prerelease) (crosstool-NG linaro-1.13.1-4.9-2014.09 - Linaro GCC 4.9-2014.09)) #1 SMP PREEMPT Mon Oct 30 06:39:44 PDT 2017
+Linux version 4.14.0-rc8-201588-g39dae59 (jonathanh@kaivo) (gcc version 4.9.2 20140904 (prerelease) (crosstool-NG linaro-1.13.1-4.9-2014.09 - Linaro GCC 4.9-2014.09)) #1 SMP PREEMPT Sun Nov 5 13:40:40 PST 2017
 Boot CPU: AArch64 Processor [4e0f0000]
 Machine model: NVIDIA Tegra132 Norrin
 Memory limited to 1734MB
@@ -200,7 +200,7 @@
 Freeing initrd memory: 1284K
 kvm [1]: HYP mode not available
 audit: initializing netlink subsys (disabled)
-audit: type=2000 audit(0.991:1): state=initialized audit_enabled=0 res=1
+audit: type=2000 audit(0.975:1): state=initialized audit_enabled=0 res=1
 workingset: timestamp_bits=44 max_order=19 bucket_order=0
 squashfs: version 4.0 (2009/01/31) Phillip Lougher
 NFS: Registering the id_resolver key type
Diff for ./tegra20-trimslice/tegra20-trimslice/multi_v7_defconfig_log.txt
--- /tmp/fooa	2017-11-05 13:44:10.694228386 -0800
+++ /tmp/foob	2017-11-05 13:44:10.698228403 -0800
@@ -19,7 +19,7 @@
 Out:   serial
 Err:   serial
 Net:   RTL8169#0
-Hit any key to stop autoboot:  2  0 
+Hit any key to stop autoboot:  2  1  0 
 Tegra20 (TrimSlice) # 
 Tegra20 (TrimSlice) # usb reset
 resetting USB...
@@ -47,10 +47,10 @@
 	 #################################################################
 	 #################################################################
 	 #################################################################
-	 ####################################
-	 3.6 MiB/s
+	 #####################################
+	 3.4 MiB/s
 done
-Bytes transferred = 8159752 (7c8208 hex)
+Bytes transferred = 8167936 (7ca200 hex)
 Tegra20 (TrimSlice) # tftpboot 0x02408000 tegra20-trimslice.dtb
 Using RTL8169#0 device
 TFTP from server 192.168.100.1; our IP address is 192.168.100.103
@@ -61,7 +61,7 @@
 done
 Bytes transferred = 21454 (53ce hex)
 Tegra20 (TrimSlice) # bootz 0x00408000 - 0x02408000
-Kernel image @ 0x408000 [ 0x000000 - 0x7c8200 ]
+Kernel image @ 0x408000 [ 0x000000 - 0x7ca200 ]
 ## Flattened Device Tree blob at 02408000
    Booting using the fdt blob at 0x2408000
    Using Device Tree in place at 02408000, end 024103cd
@@ -69,7 +69,7 @@
 Starting kernel ...
 
 Booting Linux on physical CPU 0x0
-Linux version 4.14.0-rc7-201379-g0b07194 (jonathanh@sellafield) (gcc version 4.7.3 20130328 (prerelease) (crosstool-NG linaro-1.13.1-4.7-2013.04-20130415 - Linaro GCC 2013.04)) #1 SMP Mon Oct 30 06:34:01 PDT 2017
+Linux version 4.14.0-rc8-201588-g39dae59 (jonathanh@sellafield) (gcc version 4.7.3 20130328 (prerelease) (crosstool-NG linaro-1.13.1-4.7-2013.04-20130415 - Linaro GCC 2013.04)) #1 SMP Sun Nov 5 13:36:06 PST 2017
 CPU: ARMv7 Processor [411fc090] revision 0 (ARMv7), cr=10c5387d
 CPU: PIPT / VIPT nonaliasing data cache, VIPT aliasing instruction cache
 OF: fdt: Machine model: Compulab TrimSlice board
@@ -79,7 +79,7 @@
 efi: UEFI not found.
 cma: Reserved 64 MiB at 0x3c000000
 On node 0 totalpages: 262144
-free_area_init_node: node 0, pgdat c158fa40, node_mem_map ef7f8000
+free_area_init_node: node 0, pgdat c158fa80, node_mem_map ef7f8000
   DMA zone: 1536 pages used for memmap
   DMA zone: 0 pages reserved
   DMA zone: 196608 pages, LIFO batch:31
@@ -103,7 +103,7 @@
     modules : 0xbf000000 - 0xbfe00000   (  14 MB)
       .text : 0xc0208000 - 0xc0d00000   (11232 kB)
       .init : 0xc1200000 - 0xc1400000   (2048 kB)
-      .data : 0xc1400000 - 0xc1597ee8   (1632 kB)
+      .data : 0xc1400000 - 0xc1597f28   (1632 kB)
        .bss : 0xc15a0b9c - 0xc16064fc   ( 407 kB)
 SLUB: HWalign=64, Order=0-3, MinObjects=0, CPUs=2, Nodes=1
 Hierarchical RCU implementation.
Diff for ./tegra20-trimslice/tegra20-trimslice/tegra_defconfig_log.txt
--- /tmp/fooa	2017-11-05 13:44:10.702228421 -0800
+++ /tmp/foob	2017-11-05 13:44:10.706228438 -0800
@@ -19,7 +19,7 @@
 Out:   serial
 Err:   serial
 Net:   RTL8169#0
-Hit any key to stop autoboot:  2  0 
+Hit any key to stop autoboot:  2  1  0 
 Tegra20 (TrimSlice) # 
 Tegra20 (TrimSlice) # usb reset
 resetting USB...
@@ -45,21 +45,21 @@
 	 #################################################################
 	 #################################################################
 	 #################################################################
-	 #######################################
+	 ########################################
 	 4 MiB/s
 done
-Bytes transferred = 6294248 (600ae8 hex)
+Bytes transferred = 6299560 (601fa8 hex)
 Tegra20 (TrimSlice) # tftpboot 0x02408000 tegra20-trimslice.dtb
 Using RTL8169#0 device
 TFTP from server 192.168.100.1; our IP address is 192.168.100.103
 Filename 'tegra20-trimslice.dtb'.
 Load address: 0x2408000
 Loading: *##
-	 4.1 MiB/s
+	 3.4 MiB/s
 done
 Bytes transferred = 21454 (53ce hex)
 Tegra20 (TrimSlice) # bootz 0x00408000 - 0x02408000
-Kernel image @ 0x408000 [ 0x000000 - 0x600ae8 ]
+Kernel image @ 0x408000 [ 0x000000 - 0x601fa8 ]
 ## Flattened Device Tree blob at 02408000
    Booting using the fdt blob at 0x2408000
    Using Device Tree in place at 02408000, end 024103cd
@@ -68,7 +68,7 @@
 
 Uncompressing Linux... done, booting the kernel.
 Booting Linux on physical CPU 0x0
-Linux version 4.14.0-rc7-201379-g0b07194 (jonathanh@kaivo) (gcc version 4.7.3 20130328 (prerelease) (crosstool-NG linaro-1.13.1-4.7-2013.04-20130415 - Linaro GCC 2013.04)) #1 SMP PREEMPT Mon Oct 30 06:34:19 PDT 2017
+Linux version 4.14.0-rc8-201588-g39dae59 (jonathanh@kaivo) (gcc version 4.7.3 20130328 (prerelease) (crosstool-NG linaro-1.13.1-4.7-2013.04-20130415 - Linaro GCC 2013.04)) #1 SMP PREEMPT Sun Nov 5 13:36:04 PST 2017
 CPU: ARMv7 Processor [411fc090] revision 0 (ARMv7), cr=10c5387d
 CPU: PIPT / VIPT nonaliasing data cache, VIPT aliasing instruction cache
 OF: fdt: Machine model: Compulab TrimSlice board
@@ -91,7 +91,7 @@
 PID hash table entries: 4096 (order: 2, 16384 bytes)
 Dentry cache hash table entries: 131072 (order: 7, 524288 bytes)
 Inode-cache hash table entries: 65536 (order: 6, 262144 bytes)
-Memory: 958320K/1048576K available (9216K kernel code, 786K rwdata, 2796K rodata, 1024K init, 300K bss, 24720K reserved, 65536K cma-reserved, 196608K highmem)
+Memory: 958320K/1048576K available (9216K kernel code, 786K rwdata, 2800K rodata, 1024K init, 300K bss, 24720K reserved, 65536K cma-reserved, 196608K highmem)
 Virtual kernel memory layout:
     vector  : 0xffff0000 - 0xffff1000   (   4 kB)
     fixmap  : 0xffc00000 - 0xfff00000   (3072 kB)
@@ -324,25 +324,25 @@
 NET: Registered protocol family 17
 NET: Registered protocol family 15
 can: controller area network core (rev 20170425 abi 9)
-usb 1-1: new high-speed USB device number 2 using tegra-ehci
 NET: Registered protocol family 29
 can: raw protocol (rev 20170425)
 can: broadcast manager protocol (rev 20170425 t)
+usb 1-1: new high-speed USB device number 2 using tegra-ehci
 can: netlink gateway (rev 20170425) max_hops=1
 Bluetooth: RFCOMM socket layer initialized
 Bluetooth: RFCOMM ver 1.11
 Bluetooth: BNEP (Ethernet Emulation) ver 1.3
 Bluetooth: BNEP socket layer initialized
+mmc1: new high speed SD card at address b368
+mmcblk1: mmc1:b368 NCard 1.83 GiB (ro)
+ mmcblk1: p1 p2
 Bluetooth: HIDP (Human Interface Emulation) ver 1.2
 Bluetooth: HIDP socket layer initialized
 Key type dns_resolver registered
 Registering SWP/SWPB emulation handler
-mmc1: new high speed SD card at address b368
-mmcblk1: mmc1:b368 NCard 1.83 GiB (ro)
 utmi_phy_clk_enable: timeout waiting for phy to stabilize
 tegra-ehci c5000000.usb: EHCI Host Controller
 tegra-ehci c5000000.usb: new USB bus registered, assigned bus number 2
- mmcblk1: p1 p2
 tegra-ehci c5000000.usb: irq 288, io mem 0xc5000000
 tegra-ehci c5000000.usb: USB 2.0 started, EHCI 1.00
 hub 2-0:1.0: USB hub found
Diff for ./tegra210-p2371-0000/tegra210-p2371-0000/defconfig_log.txt
--- /tmp/fooa	2017-11-05 13:44:10.714228473 -0800
+++ /tmp/foob	2017-11-05 13:44:10.714228473 -0800
@@ -64,17 +64,17 @@
 Loading and Validation of Secure OS Successful
 NvTbootPackSdramParams: start. 
 NvTbootPackSdramParams: done. 
-Tegraboot started after 723793 us
-Basic modules init took 350448 us
-Sec Bootdevice Read Time = 202 ms, Read Size = 8459 KB
-Next stage binary read took 14370 us
-Carveout took 252695 us
-CPU initialization took 92424 us
-Total time taken by TegraBoot 709937 us
+Tegraboot started after 743254 us
+Basic modules init took 349829 us
+Sec Bootdevice Read Time = 203 ms, Read Size = 8459 KB
+Next stage binary read took 14388 us
+Carveout took 252679 us
+CPU initialization took 92477 us
+Total time taken by TegraBoot 709373 us
 
 Starting CPU & Halting co-processor 
 
-64b[0001.565] LPDDR4 Training: Number of tables = 10
+64b[0001.583] LPDDR4 Training: Number of tables = 10
 EMC Training (SRC-freq: 204000; DST-freq: 408000)
 EMC Training Successful
 EMC Training (SRC-freq: 204000; DST-freq: 665600)
@@ -108,7 +108,7 @@
 Tegra210 (P2371-0000) # 
 Tegra210 (P2371-0000) # ums 0 mmc 0
 UMS: disk start sector: 0x0, count: 0x1d5a000
-|/-\|/-\/-\|/-\/-\|/-\/-\|/-\/-\|/-\/-\|/-\/-\|/-\/-\|/-\/-\|CTRL+C - Operation aborted
+|/-\|/-\/-\|/-\/-\|/-\/-\|/-\/-\|/-\/-\|/-\/-\|/-\/-\|/-\/-\CTRL+C - Operation aborted
 Tegra210 (P2371-0000) # 
 Tegra210 (P2371-0000) # env set fdt_copy_node_names /cpus:/psci
 Tegra210 (P2371-0000) # setenv rootpart 1
@@ -121,7 +121,7 @@
 Tegra210 (P2371-0000) # load ${devtype} ${devnum}:${rootpart} ${fdt_addr_r} /boot/tegra210-p2371-0000.dtb
 45170 bytes read in 454 ms (96.7 KiB/s)
 Tegra210 (P2371-0000) # load ${devtype} ${devnum}:${rootpart} ${ramdisk_addr_r} /boot/tegra-ramdisk.img
-1627787 bytes read in 495 ms (3.1 MiB/s)
+1627787 bytes read in 494 ms (3.1 MiB/s)
 Tegra210 (P2371-0000) # ramdisk_size=${filesize}
 Tegra210 (P2371-0000) # booti ${kernel_addr_r} - ${fdt_addr_r}
 ## Flattened Device Tree blob at 82000000
@@ -131,7 +131,7 @@
 Starting kernel ...
 
 Booting Linux on physical CPU 0x0
-Linux version 4.14.0-rc7-319620-g0b07194bb55e (jonathanh@tamien) (gcc version 4.9.2 20140904 (prerelease) (crosstool-NG linaro-1.13.1-4.9-2014.09 - Linaro GCC 4.9-2014.09)) #1 SMP PREEMPT Mon Oct 30 06:39:44 PDT 2017
+Linux version 4.14.0-rc8-201588-g39dae59 (jonathanh@kaivo) (gcc version 4.9.2 20140904 (prerelease) (crosstool-NG linaro-1.13.1-4.9-2014.09 - Linaro GCC 4.9-2014.09)) #1 SMP PREEMPT Sun Nov 5 13:40:40 PST 2017
 Boot CPU: AArch64 Processor [411fd071]
 Machine model: NVIDIA Tegra210 P2371 (P2530/P2595) reference design
 debug: ignoring loglevel setting.
@@ -270,12 +270,12 @@
 kvm [1]: 8-bit VMID
 kvm [1]: IDMAP page: 80975000
 kvm [1]: HYP VA range: 800000000000:ffffffffffff
-kvm [1]: Hyp mode initialized successfully
 kvm [1]: vgic-v2@50044000
 kvm [1]: vgic interrupt IRQ1
 kvm [1]: virtual timer IRQ4
+kvm [1]: Hyp mode initialized successfully
 audit: initializing netlink subsys (disabled)
-audit: type=2000 audit(0.495:1): state=initialized audit_enabled=0 res=1
+audit: type=2000 audit(0.519:1): state=initialized audit_enabled=0 res=1
 workingset: timestamp_bits=44 max_order=20 bucket_order=0
 squashfs: version 4.0 (2009/01/31) Phillip Lougher
 NFS: Registering the id_resolver key type
Diff for ./tegra210-smaug/tegra210-smaug/defconfig_log.txt
--- /tmp/fooa	2017-11-05 13:44:10.722228508 -0800
+++ /tmp/foob	2017-11-05 13:44:10.722228508 -0800
@@ -1,5 +1,5 @@
 Booting Linux on physical CPU 0x0
-Linux version 4.14.0-rc7-319620-g0b07194bb55e (jonathanh@tamien) (gcc version 4.9.2 20140904 (prerelease) (crosstool-NG linaro-1.13.1-4.9-2014.09 - Linaro GCC 4.9-2014.09)) #1 SMP PREEMPT Mon Oct 30 06:39:44 PDT 2017
+Linux version 4.14.0-rc8-201588-g39dae59 (jonathanh@kaivo) (gcc version 4.9.2 20140904 (prerelease) (crosstool-NG linaro-1.13.1-4.9-2014.09 - Linaro GCC 4.9-2014.09)) #1 SMP PREEMPT Sun Nov 5 13:40:40 PST 2017
 Boot CPU: AArch64 Processor [411fd071]
 Machine model: Google Pixel C
 efi: Getting EFI parameters from FDT:
@@ -152,12 +152,12 @@
 kvm [1]: 8-bit VMID
 kvm [1]: IDMAP page: 80975000
 kvm [1]: HYP VA range: 800000000000:ffffffffffff
-kvm [1]: Hyp mode initialized successfully
 kvm [1]: vgic-v2@50044000
 kvm [1]: vgic interrupt IRQ1
 kvm [1]: virtual timer IRQ4
+kvm [1]: Hyp mode initialized successfully
 audit: initializing netlink subsys (disabled)
-audit: type=2000 audit(0.255:1): state=initialized audit_enabled=0 res=1
+audit: type=2000 audit(0.259:1): state=initialized audit_enabled=0 res=1
 workingset: timestamp_bits=44 max_order=20 bucket_order=0
 squashfs: version 4.0 (2009/01/31) Phillip Lougher
 NFS: Registering the id_resolver key type
@@ -258,10 +258,9 @@
 mmcblk0: mmc0:0001 BGND3R 29.1 GiB 
 mmcblk0boot0: mmc0:0001 BGND3R partition 1 4.00 MiB
 mmcblk0boot1: mmc0:0001 BGND3R partition 2 4.00 MiB
-max77686-rtc max77620-rtc: setting system clock to 2001-08-10 19:03:24 UTC (997470204)
 mmcblk0rpmb: mmc0:0001 BGND3R partition 3 4.00 MiB
  mmcblk0: p1 p2 p3 p4 p5 p6 p7 p8 p9 p10 p11
-tegra-i2c 7000d100.i2c: could not find pctldev for node /host1x@50000000/dpaux@545c0000/pinmux-i2c, deferring probe
+max77686-rtc max77620-rtc: setting system clock to 2001-08-17 03:04:09 UTC (998017449)
 PP1200_AVDD: disabling
 PP1200_RCAM: disabling
 PP2800L_RCAM: disabling
@@ -273,6 +272,7 @@
 ALSA device list:
   No soundcards found.
 Freeing unused kernel memory: 1152K
+tegra-i2c 7000d100.i2c: could not find pctldev for node /host1x@50000000/dpaux@545c0000/pinmux-i2c, deferring probe
 
 System initialization...
 
Diff for ./tegra30-beaver/tegra30-beaver/multi_v7_defconfig_log.txt
--- /tmp/fooa	2017-11-05 13:44:10.730228543 -0800
+++ /tmp/foob	2017-11-05 13:44:10.730228543 -0800
@@ -39,21 +39,21 @@
 	 #################################################################
 	 #################################################################
 	 #################################################################
-	 ####################################
+	 #####################################
 	 2.8 MiB/s
 done
-Bytes transferred = 8159752 (7c8208 hex)
+Bytes transferred = 8167936 (7ca200 hex)
 Tegra30 (Beaver) # tftpboot 0x82000000 tegra30-beaver.dtb
 Using asx0 device
 TFTP from server 192.168.100.1; our IP address is 192.168.100.101
 Filename 'tegra30-beaver.dtb'.
 Load address: 0x82000000
 Loading: *####
-	 114.3 KiB/s
+	 2.6 MiB/s
 done
 Bytes transferred = 51860 (ca94 hex)
 Tegra30 (Beaver) # bootz 0x81000000 - 0x82000000
-Kernel image @ 0x81000000 [ 0x000000 - 0x7c8200 ]
+Kernel image @ 0x81000000 [ 0x000000 - 0x7ca200 ]
 ## Flattened Device Tree blob at 82000000
    Booting using the fdt blob at 0x82000000
    Loading Device Tree to 8fff0000, end 8ffffa93 ... OK
@@ -61,7 +61,7 @@
 Starting kernel ...
 
 Booting Linux on physical CPU 0x0
-Linux version 4.14.0-rc7-201379-g0b07194 (jonathanh@sellafield) (gcc version 4.7.3 20130328 (prerelease) (crosstool-NG linaro-1.13.1-4.7-2013.04-20130415 - Linaro GCC 2013.04)) #1 SMP Mon Oct 30 06:34:01 PDT 2017
+Linux version 4.14.0-rc8-201588-g39dae59 (jonathanh@sellafield) (gcc version 4.7.3 20130328 (prerelease) (crosstool-NG linaro-1.13.1-4.7-2013.04-20130415 - Linaro GCC 2013.04)) #1 SMP Sun Nov 5 13:36:06 PST 2017
 CPU: ARMv7 Processor [412fc099] revision 9 (ARMv7), cr=10c5387d
 CPU: PIPT / VIPT nonaliasing data cache, VIPT aliasing instruction cache
 OF: fdt: Machine model: NVIDIA Tegra30 Beaver evaluation board
@@ -71,7 +71,7 @@
 efi: UEFI not found.
 cma: Reserved 64 MiB at 0xfb800000
 On node 0 totalpages: 524032
-free_area_init_node: node 0, pgdat c158fa40, node_mem_map eeff8000
+free_area_init_node: node 0, pgdat c158fa80, node_mem_map eeff8000
   DMA zone: 1536 pages used for memmap
   DMA zone: 0 pages reserved
   DMA zone: 196608 pages, LIFO batch:31
@@ -95,7 +95,7 @@
     modules : 0xbf000000 - 0xbfe00000   (  14 MB)
       .text : 0xc0208000 - 0xc0d00000   (11232 kB)
       .init : 0xc1200000 - 0xc1400000   (2048 kB)
-      .data : 0xc1400000 - 0xc1597ee8   (1632 kB)
+      .data : 0xc1400000 - 0xc1597f28   (1632 kB)
        .bss : 0xc15a0b9c - 0xc16064fc   ( 407 kB)
 SLUB: HWalign=64, Order=0-3, MinObjects=0, CPUs=4, Nodes=1
 Hierarchical RCU implementation.
@@ -472,4 +472,4 @@
 Freeing unused kernel memory: 2048K
 bash: cannot set terminal process group (-1): Inappropriate ioctl for device
 bash: no job control in this shell
-root@(none):/# [    4.544029] usb 2-1: new high-speed USB device number 2 using tegra-ehci
+root@(none):/# [    4.544040] usb 2-1: new high-speed USB device number 2 using tegra-ehci
Diff for ./tegra30-beaver/tegra30-beaver/tegra_defconfig_log.txt
--- /tmp/fooa	2017-11-05 13:44:10.738228579 -0800
+++ /tmp/foob	2017-11-05 13:44:10.738228579 -0800
@@ -37,21 +37,21 @@
 	 #################################################################
 	 #################################################################
 	 #################################################################
-	 #######################################
-	 3.4 MiB/s
+	 ########################################
+	 2.8 MiB/s
 done
-Bytes transferred = 6294248 (600ae8 hex)
+Bytes transferred = 6299560 (601fa8 hex)
 Tegra30 (Beaver) # tftpboot 0x82000000 tegra30-beaver.dtb
 Using asx0 device
 TFTP from server 192.168.100.1; our IP address is 192.168.100.101
 Filename 'tegra30-beaver.dtb'.
 Load address: 0x82000000
 Loading: *####
-	 3.5 MiB/s
+	 2.7 MiB/s
 done
 Bytes transferred = 51860 (ca94 hex)
 Tegra30 (Beaver) # bootz 0x81000000 - 0x82000000
-Kernel image @ 0x81000000 [ 0x000000 - 0x600ae8 ]
+Kernel image @ 0x81000000 [ 0x000000 - 0x601fa8 ]
 ## Flattened Device Tree blob at 82000000
    Booting using the fdt blob at 0x82000000
    Loading Device Tree to 8fff0000, end 8ffffa93 ... OK
@@ -60,7 +60,7 @@
 
 Uncompressing Linux... done, booting the kernel.
 Booting Linux on physical CPU 0x0
-Linux version 4.14.0-rc7-201379-g0b07194 (jonathanh@kaivo) (gcc version 4.7.3 20130328 (prerelease) (crosstool-NG linaro-1.13.1-4.7-2013.04-20130415 - Linaro GCC 2013.04)) #1 SMP PREEMPT Mon Oct 30 06:34:19 PDT 2017
+Linux version 4.14.0-rc8-201588-g39dae59 (jonathanh@kaivo) (gcc version 4.7.3 20130328 (prerelease) (crosstool-NG linaro-1.13.1-4.7-2013.04-20130415 - Linaro GCC 2013.04)) #1 SMP PREEMPT Sun Nov 5 13:36:04 PST 2017
 CPU: ARMv7 Processor [412fc099] revision 9 (ARMv7), cr=10c5387d
 CPU: PIPT / VIPT nonaliasing data cache, VIPT aliasing instruction cache
 OF: fdt: Machine model: NVIDIA Tegra30 Beaver evaluation board
@@ -83,7 +83,7 @@
 PID hash table entries: 4096 (order: 2, 16384 bytes)
 Dentry cache hash table entries: 131072 (order: 7, 524288 bytes)
 Inode-cache hash table entries: 65536 (order: 6, 262144 bytes)
-Memory: 1997412K/2096128K available (9216K kernel code, 786K rwdata, 2796K rodata, 1024K init, 300K bss, 33180K reserved, 65536K cma-reserved, 1244160K highmem)
+Memory: 1997412K/2096128K available (9216K kernel code, 786K rwdata, 2800K rodata, 1024K init, 300K bss, 33180K reserved, 65536K cma-reserved, 1244160K highmem)
 Virtual kernel memory layout:
     vector  : 0xffff0000 - 0xffff1000   (   4 kB)
     fixmap  : 0xffc00000 - 0xfff00000   (3072 kB)
@@ -469,4 +469,4 @@
 Freeing unused kernel memory: 1024K
 bash: cannot set terminal process group (-1): Inappropriate ioctl for device
 bash: no job control in this shell
-root@(none):/# [    4.794352] usb 2-1: new high-speed USB device number 2 using tegra-ehci
+root@(none):/# [    4.784424] usb 2-1: new high-speed USB device number 2 using tegra-ehci
