Diff for ./qemu-vexpress64/__internal/defconfig_log.txt
--- /tmp/fooa	2016-12-06 04:12:34.573402199 -0800
+++ /tmp/foob	2016-12-06 04:12:34.577402211 -0800
@@ -1,5 +1,5 @@
 Booting Linux on physical CPU 0x0
-Linux version 4.9.0-rc7-153119-ge5517c2 (pwalmsley@tamien) (gcc version 4.9.2 20140904 (prerelease) (crosstool-NG linaro-1.13.1-4.9-2014.09 - Linaro GCC 4.9-2014.09) ) #1 SMP PREEMPT Sun Nov 27 13:39:08 PST 2016
+Linux version 4.9.0-rc8-153318-g3e5de27 (pwalmsley@tamien) (gcc version 4.9.2 20140904 (prerelease) (crosstool-NG linaro-1.13.1-4.9-2014.09 - Linaro GCC 4.9-2014.09) ) #1 SMP PREEMPT Tue Dec 6 04:07:53 PST 2016
 Boot CPU: AArch64 Processor [411fd070]
 Memory limited to 1024MB
 efi: Getting EFI parameters from FDT:
@@ -100,7 +100,7 @@
 kvm [1]: HYP mode not available
 futex hash table entries: 256 (order: 3, 32768 bytes)
 audit: initializing netlink subsys (disabled)
-audit: type=2000 audit(0.664:1): initialized
+audit: type=2000 audit(0.684:1): initialized
 workingset: timestamp_bits=46 max_order=18 bucket_order=0
 squashfs: version 4.0 (2009/01/31) Phillip Lougher
 NFS: Registering the id_resolver key type
@@ -167,7 +167,7 @@
 Key type dns_resolver registered
 registered taskstats version 1
 input: gpio-keys as /devices/platform/gpio-keys/input/input0
-rtc-pl031 9010000.pl031: setting system clock to 2016-11-27 21:39:46 UTC (1480282786)
+rtc-pl031 9010000.pl031: setting system clock to 2016-12-06 12:08:30 UTC (1481026110)
 ALSA device list:
   No soundcards found.
 uart-pl011 9000000.pl011: no DMA platform data
Diff for ./tegra114-dalmore-a04/tegra114-dalmore/multi_v7_defconfig_log.txt
--- /tmp/fooa	2016-12-06 04:12:34.593402265 -0800
+++ /tmp/foob	2016-12-06 04:12:34.593402265 -0800
@@ -27,6 +27,7 @@
 Tegra114 (Dalmore) # setenv bootargs 'ignore_loglevel console=ttyS0,115200n8 rw root=PARTUUID=7369c667-ff51-ec4a-29cd-baabf2fbe346 rootwait gpt debug earlyprintk init=/bin/bash'
 Tegra114 (Dalmore) # setenv ipaddr 192.168.100.100; setenv serverip 192.168.100.1; setenv tftpserverip 192.168.100.1
 Tegra114 (Dalmore) # tftpboot 0x81000000 zImage.multi_v7_defconfig
+Waiting for Ethernet connection... done.
 Using asx0 device
 TFTP from server 192.168.100.1; our IP address is 192.168.100.100
 Filename 'zImage.multi_v7_defconfig'.
@@ -41,18 +42,18 @@
 	 ##########################################
 	 3.2 MiB/s
 done
-Bytes transferred = 7288016 (6f34d0 hex)
+Bytes transferred = 7287624 (6f3348 hex)
 Tegra114 (Dalmore) # tftpboot 0x82000000 tegra114-dalmore.dtb
 Using asx0 device
 TFTP from server 192.168.100.1; our IP address is 192.168.100.100
 Filename 'tegra114-dalmore.dtb'.
 Load address: 0x82000000
 Loading: *###
-	 2.8 MiB/s
+	 2.6 MiB/s
 done
 Bytes transferred = 35044 (88e4 hex)
 Tegra114 (Dalmore) # bootz 0x81000000 - 0x82000000
-Kernel image @ 0x81000000 [ 0x000000 - 0x6f34d0 ]
+Kernel image @ 0x81000000 [ 0x000000 - 0x6f3348 ]
 ## Flattened Device Tree blob at 82000000
    Booting using the fdt blob at 0x82000000
    Loading Device Tree to 8fff4000, end 8ffff8e3 ... OK
@@ -60,7 +61,7 @@
 Starting kernel ...
 
 Booting Linux on physical CPU 0x0
-Linux version 4.9.0-rc7-128686-ge5517c2 (pwalmsley@sellafield) (gcc version 4.7.3 20130328 (prerelease) (crosstool-NG linaro-1.13.1-4.7-2013.04-20130415 - Linaro GCC 2013.04) ) #1 SMP Sun Nov 27 13:35:08 PST 2016
+Linux version 4.9.0-rc8-128885-g3e5de27 (pwalmsley@sellafield) (gcc version 4.7.3 20130328 (prerelease) (crosstool-NG linaro-1.13.1-4.7-2013.04-20130415 - Linaro GCC 2013.04) ) #1 SMP Tue Dec 6 04:04:04 PST 2016
 CPU: ARMv7 Processor [412fc0f2] revision 2 (ARMv7), cr=10c5387d
 CPU: div instructions available: patching division code
 CPU: PIPT / VIPT nonaliasing data cache, PIPT instruction cache
@@ -301,21 +302,21 @@
 can: netlink gateway (rev 20130117) max_hops=1
 Key type dns_resolver registered
 ThumbEE CPU extension supported.
-Registering SWP/SWPB emulation handler
-usb1_vbus: supplied by vdd-sys-5v0
-usb2_vbus: supplied by vdd-sys-5v0
 mmc0: new high speed SDHC card at address aaaa
 mmcblk0: mmc0:aaaa SL16G 14.8 GiB 
-VDD_5V0_HDMI_CON: supplied by vdd-sys-5v0
-[drm] Supports vblank timestamp caching Rev 2 (21.10.2013).
+Registering SWP/SWPB emulation handler
  mmcblk0: p1 p2 p3
-[drm] No driver support for vblank timestamp query.
 mmc1: new high speed MMC card at address 0001
+usb1_vbus: supplied by vdd-sys-5v0
 mmcblk1: mmc1:0001 SEM32G 29.1 GiB 
 mmcblk1boot0: mmc1:0001 SEM32G partition 1 4.00 MiB
 mmcblk1boot1: mmc1:0001 SEM32G partition 2 4.00 MiB
 mmcblk1rpmb: mmc1:0001 SEM32G partition 3 4.00 MiB
  mmcblk1: p1 p2 p3 p4 p5 p6 p7 p8
+usb2_vbus: supplied by vdd-sys-5v0
+VDD_5V0_HDMI_CON: supplied by vdd-sys-5v0
+[drm] Supports vblank timestamp caching Rev 2 (21.10.2013).
+[drm] No driver support for vblank timestamp query.
 Console: switching to colour frame buffer device 240x75
 drm drm: fb0:  frame buffer device
 [drm] Initialized tegra 0.0.0 20120330 on minor 0
@@ -326,7 +327,7 @@
 hub 1-0:1.0: USB hub found
 hub 1-0:1.0: 1 port detected
 input: gpio-keys as /devices/soc0/gpio-keys/input/input0
-palmas-rtc 7000d000.i2c:tps65913@58:rtc: setting system clock to 2000-09-21 09:06:04 UTC (969527164)
+palmas-rtc 7000d000.i2c:tps65913@58:rtc: setting system clock to 2000-09-29 23:35:17 UTC (970270517)
 dvdd_ts: disabling
 usb1_vbus: disabling
 vdd_cam_1v8_reg: disabling
@@ -338,4 +339,4 @@
 Freeing unused kernel memory: 2048K (c1100000 - c1300000)
 bash: cannot set terminal process group (-1): Inappropriate ioctl for device
 bash: no job control in this shell
-root@(none):/# [    2.450269] usb 1-1: new high-speed USB device number 2 using tegra-ehci
+root@(none):/# [    2.445299] usb 1-1: new high-speed USB device number 2 using tegra-ehci
Diff for ./tegra114-dalmore-a04/tegra114-dalmore/tegra_defconfig_log.txt
--- /tmp/fooa	2016-12-06 04:12:34.605402298 -0800
+++ /tmp/foob	2016-12-06 04:12:34.609402311 -0800
@@ -37,20 +37,20 @@
 	 #################################################################
 	 #################################################################
 	 ###############################################
-	 3.2 MiB/s
+	 3.1 MiB/s
 done
-Bytes transferred = 5454448 (533a70 hex)
+Bytes transferred = 5455168 (533d40 hex)
 Tegra114 (Dalmore) # tftpboot 0x82000000 tegra114-dalmore.dtb
 Using asx0 device
 TFTP from server 192.168.100.1; our IP address is 192.168.100.100
 Filename 'tegra114-dalmore.dtb'.
 Load address: 0x82000000
 Loading: *###
-	 2.8 MiB/s
+	 3 MiB/s
 done
 Bytes transferred = 35044 (88e4 hex)
 Tegra114 (Dalmore) # bootz 0x81000000 - 0x82000000
-Kernel image @ 0x81000000 [ 0x000000 - 0x533a70 ]
+Kernel image @ 0x81000000 [ 0x000000 - 0x533d40 ]
 ## Flattened Device Tree blob at 82000000
    Booting using the fdt blob at 0x82000000
    Loading Device Tree to 8fff4000, end 8ffff8e3 ... OK
@@ -59,7 +59,7 @@
 
 Uncompressing Linux... done, booting the kernel.
 Booting Linux on physical CPU 0x0
-Linux version 4.9.0-rc7-128686-ge5517c2 (pwalmsley@kaivo) (gcc version 4.7.3 20130328 (prerelease) (crosstool-NG linaro-1.13.1-4.7-2013.04-20130415 - Linaro GCC 2013.04) ) #1 SMP PREEMPT Sun Nov 27 13:34:58 PST 2016
+Linux version 4.9.0-rc8-128885-g3e5de27 (pwalmsley@kaivo) (gcc version 4.7.3 20130328 (prerelease) (crosstool-NG linaro-1.13.1-4.7-2013.04-20130415 - Linaro GCC 2013.04) ) #1 SMP PREEMPT Tue Dec 6 04:03:48 PST 2016
 CPU: ARMv7 Processor [412fc0f2] revision 2 (ARMv7), cr=10c5387d
 CPU: div instructions available: patching division code
 CPU: PIPT / VIPT nonaliasing data cache, PIPT instruction cache
@@ -132,7 +132,7 @@
 NET: Registered protocol family 16
 DMA: preallocated 256 KiB pool for atomic coherent allocations
 cpuidle: using governor menu
-No ATAGs?[    0.603422] hw-breakpoint: found 5 (+1 reserved) breakpoint and 4 watchpoint registers.
+No ATAGs?[    0.602708] hw-breakpoint: found 5 (+1 reserved) breakpoint and 4 watchpoint registers.
 hw-breakpoint: maximum watchpoint size is 8 bytes.
 tegra-mc 70019000.memory-controller: no memory timings for RAM code 3 registered
 dvdd_ts: Failed to request enable GPIO61: -517
@@ -319,7 +319,7 @@
 hub 1-0:1.0: USB hub found
 hub 1-0:1.0: 1 port detected
 input: gpio-keys as /devices/soc0/gpio-keys/input/input1
-palmas-rtc 7000d000.i2c:tps65913@58:rtc: setting system clock to 2000-09-21 09:03:17 UTC (969526997)
+palmas-rtc 7000d000.i2c:tps65913@58:rtc: setting system clock to 2000-09-29 23:32:29 UTC (970270349)
 dvdd_ts: disabling
 usb1_vbus: disabling
 vdd_cam_1v8_reg: disabling
@@ -333,5 +333,5 @@
 Freeing unused kernel memory: 1024K (c0c00000 - c0d00000)
 bash: cannot set terminal process group (-1): Inappropriate ioctl for device
 bash: no job control in this shell
-root@(none):/# [    2.932045] usb 1-1: new high-speed USB device number 2 using tegra-ehci
+root@(none):/# [    2.931389] usb 1-1: new high-speed USB device number 2 using tegra-ehci
 asix 1-1:1.0 eth0: register 'asix' at usb-7d008000.usb-1, ASIX AX88772 USB 2.0 Ethernet, 00:50:b6:0d:b5:16
Diff for ./tegra124-jetson-tk1/tegra124-jetson-tk1/multi_v7_defconfig_log.txt
--- /tmp/fooa	2016-12-06 04:12:34.613402326 -0800
+++ /tmp/foob	2016-12-06 04:12:34.617402339 -0800
@@ -34,9 +34,9 @@
 	 #################################################################
 	 #################################################################
 	 ##########################################
-	 4 MiB/s
+	 3.9 MiB/s
 done
-Bytes transferred = 7288016 (6f34d0 hex)
+Bytes transferred = 7287624 (6f3348 hex)
 Tegra124 (Jetson TK1) # tftpboot 0x83000000 tegra124-jetson-tk1.dtb
 Using eth_rtl8169 device
 TFTP from server 192.168.100.1; our IP address is 192.168.100.102
@@ -47,7 +47,7 @@
 done
 Bytes transferred = 67133 (1063d hex)
 Tegra124 (Jetson TK1) # bootz 0x82000000 - 0x83000000
-Kernel image @ 0x82000000 [ 0x000000 - 0x6f34d0 ]
+Kernel image @ 0x82000000 [ 0x000000 - 0x6f3348 ]
 ## Flattened Device Tree blob at 83000000
    Booting using the fdt blob at 0x83000000
    Using Device Tree in place at 83000000, end 8301363c
@@ -55,7 +55,7 @@
 Starting kernel ...
 
 Booting Linux on physical CPU 0x0
-Linux version 4.9.0-rc7-128686-ge5517c2 (pwalmsley@sellafield) (gcc version 4.7.3 20130328 (prerelease) (crosstool-NG linaro-1.13.1-4.7-2013.04-20130415 - Linaro GCC 2013.04) ) #1 SMP Sun Nov 27 13:35:08 PST 2016
+Linux version 4.9.0-rc8-128885-g3e5de27 (pwalmsley@sellafield) (gcc version 4.7.3 20130328 (prerelease) (crosstool-NG linaro-1.13.1-4.7-2013.04-20130415 - Linaro GCC 2013.04) ) #1 SMP Tue Dec 6 04:04:04 PST 2016
 CPU: ARMv7 Processor [413fc0f3] revision 3 (ARMv7), cr=10c5387d
 CPU: div instructions available: patching division code
 CPU: PIPT / VIPT nonaliasing data cache, PIPT instruction cache
@@ -311,6 +311,11 @@
 +5V_SATA: supplied by +5V_SYS
 +12V_SATA: supplied by +VDD_MUX
 mmc0: new high speed MMC card at address 0001
+mmcblk0: mmc0:0001 SEM16G 14.7 GiB 
+mmcblk0boot0: mmc0:0001 SEM16G partition 1 4.00 MiB
+mmcblk0boot1: mmc0:0001 SEM16G partition 2 4.00 MiB
+mmcblk0rpmb: mmc0:0001 SEM16G partition 3 4.00 MiB
+ mmcblk0: p1
 usb2-0 supply vbus not found, using dummy regulator
 usb2-1 supply vbus not found, using dummy regulator
 usb3-0 supply vbus not found, using dummy regulator
@@ -380,6 +385,7 @@
 pci 0000:02:00.0: [10ec:8168] type 00 class 0x020000
 pci 0000:02:00.0: reg 0x10: [io  0x0000-0x00ff]
 pci 0000:02:00.0: reg 0x18: [mem 0x00000000-0x00000fff 64bit]
+ata1: SATA link down (SStatus 0 SControl 300)
 pci 0000:02:00.0: reg 0x20: [mem 0x00000000-0x00003fff 64bit pref]
 pci 0000:02:00.0: supports D1 D2
 pci 0000:02:00.0: PME# supported from D0 D1 D2 D3hot D3cold
@@ -411,29 +417,22 @@
 pcie_pme 0000:00:02.0:pcie001: service driver pcie_pme loaded
 r8169 Gigabit Ethernet driver 2.3LK-NAPI loaded
 r8169 0000:02:00.0: enabling device (0140 -> 0143)
-r8169 0000:02:00.0 eth0: RTL8168g/8111g at 0xf0a3b000, 00:04:4b:3a:d9:81, XID 0c000800 IRQ 395
+r8169 0000:02:00.0 eth0: RTL8168g/8111g at 0xf0a45000, 00:04:4b:3a:d9:81, XID 0c000800 IRQ 395
 r8169 0000:02:00.0 eth0: jumbo features [frames: 9200 bytes, tx checksumming: ko]
-[drm] Supports vblank timestamp caching Rev 2 (21.10.2013).
-[drm] No driver support for vblank timestamp query.
-drm drm: No connectors reported connected with modes
-[drm] Cannot find any crtc or sizes - going 1024x768
-ata1: SATA link down (SStatus 0 SControl 300)
 mmc1: new high speed SDHC card at address aaaa
 mmcblk1: mmc1:aaaa SD04G 3.69 GiB 
+[drm] Supports vblank timestamp caching Rev 2 (21.10.2013).
+[drm] No driver support for vblank timestamp query.
  mmcblk1: p1 p2 p3
-mmcblk0: mmc0:0001 SEM16G 14.7 GiB 
-mmcblk0boot0: mmc0:0001 SEM16G partition 1 4.00 MiB
-mmcblk0boot1: mmc0:0001 SEM16G partition 2 4.00 MiB
-mmcblk0rpmb: mmc0:0001 SEM16G partition 3 4.00 MiB
-Console: switching to colour frame buffer device 128x48
- mmcblk0: p1
+tegra-hdmi 54280000.hdmi: cannot set audio to 48000 Hz at 297000000 Hz pixel clock
+Console: switching to colour frame buffer device 512x135
 drm drm: fb0:  frame buffer device
 [drm] Initialized tegra 0.0.0 20120330 on minor 0
 of: dev_pm_opp_of_cpumask_add_table: couldn't find opp table for cpu:0, -19
 cpufreq: cpufreq_online: CPU0: Running at unlisted freq: 696000 KHz
 cpufreq: cpufreq_online: CPU0: Unlisted initial frequency changed to: 714000 KHz
 input: gpio-keys as /devices/soc0/gpio-keys/input/input0
-as3722-rtc as3722-rtc: setting system clock to 2000-01-01 00:01:59 UTC (946684919)
+as3722-rtc as3722-rtc: setting system clock to 2000-01-01 00:00:14 UTC (946684814)
 +USB0_VBUS_SW: disabling
 +1.8V_RUN_CAM: disabling
 +2.8V_RUN_CAM: disabling
@@ -445,7 +444,7 @@
 EXT4-fs (mmcblk0p1): mounting ext3 file system using the ext4 subsystem
 EXT4-fs (mmcblk0p1): recovery complete
 EXT4-fs (mmcblk0p1): mounted filesystem with ordered data mode. Opts: (null)
-VFS: Mounted root (ext3 filesystem) on device 179:17.
+VFS: Mounted root (ext3 filesystem) on device 179:1.
 devtmpfs: mounted
 Freeing unused kernel memory: 2048K (c1100000 - c1300000)
 bash: cannot set terminal process group (-1): Inappropriate ioctl for device
Diff for ./tegra124-jetson-tk1/tegra124-jetson-tk1/tegra_defconfig_log.txt
--- /tmp/fooa	2016-12-06 04:12:34.625402364 -0800
+++ /tmp/foob	2016-12-06 04:12:34.629402376 -0800
@@ -9,7 +9,7 @@
 Model: NVIDIA Jetson TK1
 Board: NVIDIA Jetson TK1
 DRAM:  2 GiB
-MC:   Tegra SD/MMC: 0, Tegra SD/MMC: 1
+MMC:   Tegra SD/MMC: 0, Tegra SD/MMC: 1
 In:    serial
 Out:   serial
 Err:   serial
@@ -34,7 +34,7 @@
 	 ###############################################
 	 4 MiB/s
 done
-Bytes transferred = 5454448 (533a70 hex)
+Bytes transferred = 5455168 (533d40 hex)
 Tegra124 (Jetson TK1) # tftpboot 0x83000000 tegra124-jetson-tk1.dtb
 Using eth_rtl8169 device
 TFTP from server 192.168.100.1; our IP address is 192.168.100.102
@@ -45,7 +45,7 @@
 done
 Bytes transferred = 67133 (1063d hex)
 Tegra124 (Jetson TK1) # bootz 0x82000000 - 0x83000000
-Kernel image @ 0x82000000 [ 0x000000 - 0x533a70 ]
+Kernel image @ 0x82000000 [ 0x000000 - 0x533d40 ]
 ## Flattened Device Tree blob at 83000000
    Booting using the fdt blob at 0x83000000
    Using Device Tree in place at 83000000, end 8301363c
@@ -54,7 +54,7 @@
 
 Uncompressing Linux... done, booting the kernel.
 Booting Linux on physical CPU 0x0
-Linux version 4.9.0-rc7-128686-ge5517c2 (pwalmsley@kaivo) (gcc version 4.7.3 20130328 (prerelease) (crosstool-NG linaro-1.13.1-4.7-2013.04-20130415 - Linaro GCC 2013.04) ) #1 SMP PREEMPT Sun Nov 27 13:34:58 PST 2016
+Linux version 4.9.0-rc8-128885-g3e5de27 (pwalmsley@kaivo) (gcc version 4.7.3 20130328 (prerelease) (crosstool-NG linaro-1.13.1-4.7-2013.04-20130415 - Linaro GCC 2013.04) ) #1 SMP PREEMPT Tue Dec 6 04:03:48 PST 2016
 CPU: ARMv7 Processor [413fc0f3] revision 3 (ARMv7), cr=10c5387d
 CPU: div instructions available: patching division code
 CPU: PIPT / VIPT nonaliasing data cache, PIPT instruction cache
@@ -127,7 +127,7 @@
 NET: Registered protocol family 16
 DMA: preallocated 256 KiB pool for atomic coherent allocations
 cpuidle: using governor menu
-No ATAGs?[    0.661986] hw-breakpoint: found 5 (+1 reserved) breakpoint and 4 watchpoint registers.
+No ATAGs?[    0.661553] hw-breakpoint: found 5 (+1 reserved) breakpoint and 4 watchpoint registers.
 hw-breakpoint: maximum watchpoint size is 8 bytes.
 +5V_SYS: supplied by +VDD_MUX
 +3.3V_SYS: supplied by +VDD_MUX
@@ -399,6 +399,8 @@
 pci 0000:02:00.0: reg 0x20: [mem 0x00000000-0x00003fff 64bit pref]
 pci 0000:02:00.0: supports D1 D2
 pci 0000:02:00.0: PME# supported from D0 D1 D2 D3hot D3cold
+mmc1: new high speed SDHC card at address aaaa
+mmcblk1: mmc1:aaaa SD04G 3.69 GiB 
 PCI: bus2: Fast back to back transfers disabled
 pci_bus 0000:02: busn_res: [bus 02-ff] end is updated to 02
 pci 0000:00:01.0: BAR 8: assigned [mem 0x13000000-0x130fffff]
@@ -409,11 +411,10 @@
 pci 0000:00:01.0: PCI bridge to [bus 01]
 pci 0000:00:01.0:   bridge window [mem 0x13000000-0x130fffff]
 pci 0000:02:00.0: BAR 4: assigned [mem 0x20000000-0x20003fff 64bit pref]
+ mmcblk1: p1 p2 p3
 pci 0000:02:00.0: BAR 2: assigned [mem 0x13100000-0x13100fff 64bit]
 pci 0000:02:00.0: BAR 0: assigned [io  0x1000-0x10ff]
-mmc1: new high speed SDHC card at address aaaa
 pci 0000:00:02.0: PCI bridge to [bus 02]
-mmcblk1: mmc1:aaaa SD04G 3.69 GiB 
 pci 0000:00:02.0:   bridge window [io  0x1000-0x1fff]
 pci 0000:00:02.0:   bridge window [mem 0x13100000-0x131fffff]
 pci 0000:00:02.0:   bridge window [mem 0x20000000-0x200fffff 64bit pref]
@@ -429,7 +430,6 @@
 pcie_pme 0000:00:02.0:pcie001: service driver pcie_pme loaded
 r8169 Gigabit Ethernet driver 2.3LK-NAPI loaded
 r8169 0000:02:00.0: enabling device (0140 -> 0143)
- mmcblk1: p1 p2 p3
 r8169 0000:02:00.0 eth0: RTL8168g/8111g at 0xf09fa000, 00:04:4b:3a:d9:81, XID 0c000800 IRQ 395
 r8169 0000:02:00.0 eth0: jumbo features [frames: 9200 bytes, tx checksumming: ko]
 [drm] Supports vblank timestamp caching Rev 2 (21.10.2013).
Diff for ./tegra124-nyan-big/tegra124-nyan-big/multi_v7_defconfig_log.txt
--- /tmp/fooa	2016-12-06 04:12:34.633402388 -0800
+++ /tmp/foob	2016-12-06 04:12:34.633402388 -0800
@@ -5,7 +5,7 @@
 TEGRA124
 Model: Acer Chromebook 13 CB5-311
 DRAM:  4 GiB
-C:   Tegra SD/MMC: 0, Tegra SD/MMC: 1, Tegra SD/MMC: 2
+:   Tegra SD/MMC: 0, Tegra SD/MMC: 1, Tegra SD/MMC: 2
 MMC init failed
 Using default environment
 
@@ -14,7 +14,7 @@
 Err:   serial
 Net:   Net Initialization Skipped
 No ethernet found.
-Hit any key to stop autoboot:  2  1  0 
+Hit any key to stop autoboot:  2  0 
 Tegra124 (Nyan-big) # 
 Tegra124 (Nyan-big) # usb start
 starting USB...
@@ -42,20 +42,20 @@
 	 #################################################################
 	 #################################################################
 	 ##########################################
-	 3.6 MiB/s
+	 3.5 MiB/s
 done
-Bytes transferred = 7288016 (6f34d0 hex)
+Bytes transferred = 7287624 (6f3348 hex)
 Tegra124 (Nyan-big) # tftpboot 0x83000000 tegra124-nyan-big.dtb
 Using asx0 device
 TFTP from server 192.168.100.1; our IP address is 192.168.100.102
 Filename 'tegra124-nyan-big.dtb'.
 Load address: 0x83000000
 Loading: *#####
-	 2.6 MiB/s
+	 3.4 MiB/s
 done
 Bytes transferred = 67899 (1093b hex)
 Tegra124 (Nyan-big) # bootz 0x82000000 - 0x83000000
-Kernel image @ 0x82000000 [ 0x000000 - 0x6f34d0 ]
+Kernel image @ 0x82000000 [ 0x000000 - 0x6f3348 ]
 ## Flattened Device Tree blob at 83000000
    Booting using the fdt blob at 0x83000000
    Using Device Tree in place at 83000000, end 8301393a
@@ -63,7 +63,7 @@
 Starting kernel ...
 
 Booting Linux on physical CPU 0x0
-Linux version 4.9.0-rc7-128686-ge5517c2 (pwalmsley@sellafield) (gcc version 4.7.3 20130328 (prerelease) (crosstool-NG linaro-1.13.1-4.7-2013.04-20130415 - Linaro GCC 2013.04) ) #1 SMP Sun Nov 27 13:35:08 PST 2016
+Linux version 4.9.0-rc8-128885-g3e5de27 (pwalmsley@sellafield) (gcc version 4.7.3 20130328 (prerelease) (crosstool-NG linaro-1.13.1-4.7-2013.04-20130415 - Linaro GCC 2013.04) ) #1 SMP Tue Dec 6 04:04:04 PST 2016
 CPU: ARMv7 Processor [413fc0f3] revision 3 (ARMv7), cr=10c5387d
 CPU: div instructions available: patching division code
 CPU: PIPT / VIPT nonaliasing data cache, PIPT instruction cache
@@ -320,13 +320,13 @@
 +5V_USB_SS: supplied by +5V_SYS
 +3.3V_PANEL: supplied by +3.3V_RUN
 +3.3V_LP0: supplied by +3.3V_SYS
-+1.05V_RUN_AVDD_HDMI_PLL: supplied by +1.05V_RUN
 mmc0: new high speed MMC card at address 0001
 mmcblk0: mmc0:0001 MMC16G 14.4 GiB 
 mmcblk0boot0: mmc0:0001 MMC16G partition 1 2.00 MiB
 mmcblk0boot1: mmc0:0001 MMC16G partition 2 2.00 MiB
 mmcblk0rpmb: mmc0:0001 MMC16G partition 3 128 KiB
  mmcblk0: p1 p2 p3 p4 p5 p6 p7 p8 p9 p10 p11 p12
++1.05V_RUN_AVDD_HDMI_PLL: supplied by +1.05V_RUN
 +5V_HDMI_CON: supplied by +5V_SYS
 usb3-0 supply vbus not found, using dummy regulator
 usb3-1 supply vbus not found, using dummy regulator
@@ -337,14 +337,14 @@
 mmc1: Unknown controller version (3). You may experience problems.
 mmc1: Invalid maximum block size, assuming 512 bytes
 mmc1: Switching to 3.3V signalling voltage failed
-elan_i2c 1-0015: invalid report id data (ff)
 mmc1: SDHCI controller on 700b0000.sdhci [700b0000.sdhci] using ADMA
 sdhci-tegra 700b0400.sdhci: Got CD GPIO
 sdhci-tegra 700b0400.sdhci: Got WP GPIO
 mmc2: Unknown controller version (3). You may experience problems.
 mmc2: Invalid maximum block size, assuming 512 bytes
-mmc1: new high speed SDIO card at address 0001
+elan_i2c 1-0015: invalid report id data (ff)
 mmc2: SDHCI controller on 700b0400.sdhci [700b0400.sdhci] using ADMA
+mmc1: new high speed SDIO card at address 0001
 [drm] Supports vblank timestamp caching Rev 2 (21.10.2013).
 [drm] No driver support for vblank timestamp query.
 mmc2: new high speed SDHC card at address 0007
@@ -359,7 +359,7 @@
 drm drm: fb0:  frame buffer device
 [drm] Initialized tegra 0.0.0 20120330 on minor 0
 input: gpio-keys as /devices/soc0/gpio-keys/input/input1
-as3722-rtc as3722-rtc: setting system clock to 2000-01-01 00:00:24 UTC (946684824)
+as3722-rtc as3722-rtc: setting system clock to 2000-01-01 00:07:18 UTC (946685238)
 +1.8V_RUN_CAM: disabling
 +3.3V_RUN_CAM: disabling
 +1.2V_RUN_CAM_FRONT: disabling
Diff for ./tegra124-nyan-big/tegra124-nyan-big/tegra_defconfig_log.txt
--- /tmp/fooa	2016-12-06 04:12:34.649402440 -0800
+++ /tmp/foob	2016-12-06 04:12:34.653402453 -0800
@@ -14,7 +14,7 @@
 Err:   serial
 Net:   Net Initialization Skipped
 No ethernet found.
-Hit any key to stop autoboot:  2  1  0 
+Hit any key to stop autoboot:  2  0 
 Tegra124 (Nyan-big) # 
 Tegra124 (Nyan-big) # usb start
 starting USB...
@@ -35,27 +35,25 @@
 Filename 'zImage.tegra_defconfig'.
 Load address: 0x82000000
 Loading: *#################################################################
-	 ##############################################EHCI timed out on TD - token=0x8008d80
-T EHCI timed out on TD - token=0x8008d80
-T ###################
+	 #################################################################
 	 #################################################################
 	 #################################################################
 	 #################################################################
 	 ###############################################
-	 405.3 KiB/s
+	 3.4 MiB/s
 done
-Bytes transferred = 5454448 (533a70 hex)
+Bytes transferred = 5455168 (533d40 hex)
 Tegra124 (Nyan-big) # tftpboot 0x83000000 tegra124-nyan-big.dtb
 Using asx0 device
 TFTP from server 192.168.100.1; our IP address is 192.168.100.102
 Filename 'tegra124-nyan-big.dtb'.
 Load address: 0x83000000
 Loading: *#####
-	 3.4 MiB/s
+	 3.2 MiB/s
 done
 Bytes transferred = 67899 (1093b hex)
 Tegra124 (Nyan-big) # bootz 0x82000000 - 0x83000000
-Kernel image @ 0x82000000 [ 0x000000 - 0x533a70 ]
+Kernel image @ 0x82000000 [ 0x000000 - 0x533d40 ]
 ## Flattened Device Tree blob at 83000000
    Booting using the fdt blob at 0x83000000
    Using Device Tree in place at 83000000, end 8301393a
@@ -64,7 +62,7 @@
 
 Uncompressing Linux... done, booting the kernel.
 Booting Linux on physical CPU 0x0
-Linux version 4.9.0-rc7-128686-ge5517c2 (pwalmsley@kaivo) (gcc version 4.7.3 20130328 (prerelease) (crosstool-NG linaro-1.13.1-4.7-2013.04-20130415 - Linaro GCC 2013.04) ) #1 SMP PREEMPT Sun Nov 27 13:34:58 PST 2016
+Linux version 4.9.0-rc8-128885-g3e5de27 (pwalmsley@kaivo) (gcc version 4.7.3 20130328 (prerelease) (crosstool-NG linaro-1.13.1-4.7-2013.04-20130415 - Linaro GCC 2013.04) ) #1 SMP PREEMPT Tue Dec 6 04:03:48 PST 2016
 CPU: ARMv7 Processor [413fc0f3] revision 3 (ARMv7), cr=10c5387d
 CPU: div instructions available: patching division code
 CPU: PIPT / VIPT nonaliasing data cache, PIPT instruction cache
@@ -138,7 +136,7 @@
 NET: Registered protocol family 16
 DMA: preallocated 256 KiB pool for atomic coherent allocations
 cpuidle: using governor menu
-No ATAGs?[    0.576640] hw-breakpoint: found 5 (+1 reserved) breakpoint and 4 watchpoint registers.
+No ATAGs?[    0.576516] hw-breakpoint: found 5 (+1 reserved) breakpoint and 4 watchpoint registers.
 hw-breakpoint: maximum watchpoint size is 8 bytes.
 tegra-mc 70019000.memory-controller: no memory timings for RAM code 0 registered
 +5V_SYS: supplied by +VDD_MUX
@@ -356,9 +354,9 @@
 [drm] Supports vblank timestamp caching Rev 2 (21.10.2013).
 [drm] No driver support for vblank timestamp query.
 usb 1-2: new high-speed USB device number 2 using tegra-xusb
+input: tegra-hda HDMI/DP,pcm=3 as /devices/soc0/70030000.hda/sound/card0/input3
 mmc2: new high speed SDHC card at address 0007
 mmcblk2: mmc2:0007 SD08G 7.42 GiB 
-input: tegra-hda HDMI/DP,pcm=3 as /devices/soc0/70030000.hda/sound/card0/input3
 GPT:Primary header alternate_lba != Alt. header my_lba
 GPT:3014591 != 15564799
 GPT:Primary header thinks Alt. header is not at the end of the disk.
@@ -369,7 +367,7 @@
 drm drm: fb0:  frame buffer device
 [drm] Initialized tegra 0.0.0 20120330 on minor 0
 input: gpio-keys as /devices/soc0/gpio-keys/input/input4
-as3722-rtc as3722-rtc: setting system clock to 2000-01-01 00:00:35 UTC (946684835)
+as3722-rtc as3722-rtc: setting system clock to 2000-01-01 00:06:36 UTC (946685196)
 +1.8V_RUN_CAM: disabling
 +1.2V_RUN_CAM_FRONT: disabling
 +1.05V_RUN_CAM_REAR: disabling
Diff for ./tegra132-norrin/tegra132-norrin/defconfig_log.txt
--- /tmp/fooa	2016-12-06 04:12:34.705402616 -0800
+++ /tmp/foob	2016-12-06 04:12:34.705402616 -0800
@@ -31,7 +31,7 @@
 MSENC clock is set to  79200 KHz
 Vde clock is set to 204000 KHz
 
-Bootloader-Cpu Init at (time stamp): 1800558 us
+Bootloader-Cpu Init at (time stamp): 1800701 us
 
 Pinmux changes applied in kernel way
 
@@ -62,20 +62,20 @@
 Board Id Read Time: 3 us
 Power Rail enable Time: 1 us
 
-Miscellaneous avp time: 1800532  us
-Bootloader (AosInit) time: 733492 us
-Bootloader Main Init time: 180177 us
-BlockDevMgrInit time: 157552 us
+Miscellaneous avp time: 1800675  us
+Bootloader (AosInit) time: 734273 us
+Bootloader Main Init time: 180089 us
+BlockDevMgrInit time: 157536 us
 PartMgrInit time: 8 us
 StorMgrInit time: 31 us
 FsMgrInit time: 2 us
-Partition Table load: 77093 us 
-Display init time: 574535 us
+Partition Table load: 76663 us 
+Display init time: 574702 us
 Kernel read time: 377 msec
 Load Kernel Size:   16304128 Bytes
 Bl Kernel ReadSpeed: 43247000 Bytes/sec
-Pre-Kernel Jump time: 1741139 us
-Clearing 32 Bit State and Warm resetting to 64bit mode: 5844216 us
+Pre-Kernel Jump time: 1741113 us
+Clearing 32 Bit State and Warm resetting to 64bit mode: 5889220 us
 Booting Linux on physical CPU 0x0
 Linux version 4.8.0-239303-g3477d16 (pwalmsley@tamien) (gcc version 4.9.2 20140904 (prerelease) (crosstool-NG linaro-1.13.1-4.9-2014.09 - Linaro GCC 4.9-2014.09) ) #1 SMP PREEMPT Fri Oct 7 01:12:37 PDT 2016
 Boot CPU: AArch64 Processor [4e0f0000]
@@ -184,7 +184,7 @@
 kvm [1]: HYP mode not available
 futex hash table entries: 256 (order: 3, 32768 bytes)
 audit: initializing netlink subsys (disabled)
-audit: type=2000 audit(1.135:1): initialized
+audit: type=2000 audit(1.187:1): initialized
 workingset: timestamp_bits=46 max_order=19 bucket_order=0
 squashfs: version 4.0 (2009/01/31) Phillip Lougher
 NFS: Registering the id_resolver key type
@@ -251,10 +251,9 @@
 mmc0: new high speed MMC card at address 0001
 mmcblk0: mmc0:0001 SEM16G 14.7 GiB 
 mmcblk0boot0: mmc0:0001 SEM16G partition 1 4.00 MiB
-mmcblk0boot1: mmc0:0001 SEM16G partition 2 4.00 MiB
 +VDD_LED: supplied by +VDD_MUX
+mmcblk0boot1: mmc0:0001 SEM16G partition 2 4.00 MiB
 mmcblk0rpmb: mmc0:0001 SEM16G partition 3 4.00 MiB
- mmcblk0: p1 p2 p3 p4 p5 p6 p7 p8
 +5V_USB_HS: supplied by +5V_SYS
 +5V_USB_SS: supplied by +5V_SYS
 +5V_HDMI_CON: supplied by +5V_SYS
@@ -273,6 +272,9 @@
 Freeing unused kernel memory: 960K (ffff800000c00000 - ffff800000cf0000)
 sdhci-tegra 700b0400.sdhci: Got CD GPIO
 sdhci-tegra 700b0400.sdhci: Got WP GPIO
+ mmcblk0: p1 p2 p3 p4 p5 p6 p7 p8
+sdhci-tegra 700b0400.sdhci: Got CD GPIO
+sdhci-tegra 700b0400.sdhci: Got WP GPIO
 
 System initialization...
 
Diff for ./tegra20-trimslice/tegra20-trimslice/multi_v7_defconfig_log.txt
--- /tmp/fooa	2016-12-06 04:12:34.713402642 -0800
+++ /tmp/foob	2016-12-06 04:12:34.713402642 -0800
@@ -49,18 +49,18 @@
 	 ##########################################
 	 4.1 MiB/s
 done
-Bytes transferred = 7288016 (6f34d0 hex)
+Bytes transferred = 7287624 (6f3348 hex)
 Tegra20 (TrimSlice) # tftpboot 0x02408000 tegra20-trimslice.dtb
 Using RTL8169#0 device
 TFTP from server 192.168.100.1; our IP address is 192.168.100.103
 Filename 'tegra20-trimslice.dtb'.
 Load address: 0x2408000
 Loading: *##
-	 3.4 MiB/s
+	 4 MiB/s
 done
 Bytes transferred = 21172 (52b4 hex)
 Tegra20 (TrimSlice) # bootz 0x00408000 - 0x02408000
-Kernel image @ 0x408000 [ 0x000000 - 0x6f34d0 ]
+Kernel image @ 0x408000 [ 0x000000 - 0x6f3348 ]
 ## Flattened Device Tree blob at 02408000
    Booting using the fdt blob at 0x2408000
    Using Device Tree in place at 02408000, end 024102b3
@@ -68,7 +68,7 @@
 Starting kernel ...
 
 Booting Linux on physical CPU 0x0
-Linux version 4.9.0-rc7-128686-ge5517c2 (pwalmsley@sellafield) (gcc version 4.7.3 20130328 (prerelease) (crosstool-NG linaro-1.13.1-4.7-2013.04-20130415 - Linaro GCC 2013.04) ) #1 SMP Sun Nov 27 13:35:08 PST 2016
+Linux version 4.9.0-rc8-128885-g3e5de27 (pwalmsley@sellafield) (gcc version 4.7.3 20130328 (prerelease) (crosstool-NG linaro-1.13.1-4.7-2013.04-20130415 - Linaro GCC 2013.04) ) #1 SMP Tue Dec 6 04:04:04 PST 2016
 CPU: ARMv7 Processor [411fc090] revision 0 (ARMv7), cr=10c5387d
 CPU: PIPT / VIPT nonaliasing data cache, VIPT aliasing instruction cache
 OF: fdt:Machine model: Compulab TrimSlice board
@@ -325,22 +325,22 @@
 tegra-ehci c5000000.usb: EHCI Host Controller
 tegra-ehci c5000000.usb: new USB bus registered, assigned bus number 2
 tegra-ehci c5000000.usb: irq 288, io mem 0xc5000000
-usb 1-1: new high-speed USB device number 2 using tegra-ehci
 mmc0: host does not support reading read-only switch, assuming write-enable
+usb 1-1: new high-speed USB device number 2 using tegra-ehci
 mmc0: new high speed SDHC card at address b368
-mmcblk0: mmc0:b368 NCard 3.70 GiB 
- mmcblk0: p1
-mmc1: new high speed SD card at address b368
-mmcblk1: mmc1:b368 NCard 1.83 GiB (ro)
- mmcblk1: p1 p2
 tegra-ehci c5000000.usb: USB 2.0 started, EHCI 1.00
+mmcblk0: mmc0:b368 NCard 3.70 GiB 
 hub 2-0:1.0: USB hub found
 hub 2-0:1.0: 1 port detected
 input: gpio-keys as /devices/soc0/gpio-keys/input/input0
+mmc1: new high speed SD card at address b368
+rtc-em3027 2-0056: setting system clock to 2015-02-06 01:25:37 UTC (1423185937)
+ mmcblk0: p1
+mmcblk1: mmc1:b368 NCard 1.83 GiB (ro)
+ mmcblk1: p1 p2
+EXT4-fs (mmcblk0p1): mounting ext3 file system using the ext4 subsystem
 hub 1-1:1.0: USB hub found
 hub 1-1:1.0: 4 ports detected
-rtc-em3027 2-0056: setting system clock to 2015-02-06 00:19:48 UTC (1423181988)
-EXT4-fs (mmcblk0p1): mounting ext3 file system using the ext4 subsystem
 usb 1-1.2: new high-speed USB device number 3 using tegra-ehci
 random: fast init done
 asix 1-1.2:1.0 eth1: register 'asix' at usb-c5008000.usb-1.2, ASIX AX88772 USB 2.0 Ethernet, 00:60:6e:60:6c:68
Diff for ./tegra20-trimslice/tegra20-trimslice/tegra_defconfig_log.txt
--- /tmp/fooa	2016-12-06 04:12:34.721402668 -0800
+++ /tmp/foob	2016-12-06 04:12:34.721402668 -0800
@@ -47,18 +47,18 @@
 	 ###############################################
 	 4.1 MiB/s
 done
-Bytes transferred = 5454448 (533a70 hex)
+Bytes transferred = 5455168 (533d40 hex)
 Tegra20 (TrimSlice) # tftpboot 0x02408000 tegra20-trimslice.dtb
 Using RTL8169#0 device
 TFTP from server 192.168.100.1; our IP address is 192.168.100.103
 Filename 'tegra20-trimslice.dtb'.
 Load address: 0x2408000
 Loading: *##
-	 4 MiB/s
+	 3.4 MiB/s
 done
 Bytes transferred = 21172 (52b4 hex)
 Tegra20 (TrimSlice) # bootz 0x00408000 - 0x02408000
-Kernel image @ 0x408000 [ 0x000000 - 0x533a70 ]
+Kernel image @ 0x408000 [ 0x000000 - 0x533d40 ]
 ## Flattened Device Tree blob at 02408000
    Booting using the fdt blob at 0x2408000
    Using Device Tree in place at 02408000, end 024102b3
@@ -67,7 +67,7 @@
 
 Uncompressing Linux... done, booting the kernel.
 Booting Linux on physical CPU 0x0
-Linux version 4.9.0-rc7-128686-ge5517c2 (pwalmsley@kaivo) (gcc version 4.7.3 20130328 (prerelease) (crosstool-NG linaro-1.13.1-4.7-2013.04-20130415 - Linaro GCC 2013.04) ) #1 SMP PREEMPT Sun Nov 27 13:34:58 PST 2016
+Linux version 4.9.0-rc8-128885-g3e5de27 (pwalmsley@kaivo) (gcc version 4.7.3 20130328 (prerelease) (crosstool-NG linaro-1.13.1-4.7-2013.04-20130415 - Linaro GCC 2013.04) ) #1 SMP PREEMPT Tue Dec 6 04:03:48 PST 2016
 CPU: ARMv7 Processor [411fc090] revision 0 (ARMv7), cr=10c5387d
 CPU: PIPT / VIPT nonaliasing data cache, VIPT aliasing instruction cache
 OF: fdt:Machine model: Compulab TrimSlice board
@@ -138,7 +138,7 @@
 NET: Registered protocol family 16
 DMA: preallocated 256 KiB pool for atomic coherent allocations
 cpuidle: using governor menu
-No ATAGs?[    0.381274] hw-breakpoint: found 5 (+1 reserved) breakpoint and 1 watchpoint registers.
+No ATAGs?[    0.384432] hw-breakpoint: found 5 (+1 reserved) breakpoint and 1 watchpoint registers.
 hw-breakpoint: maximum watchpoint size is 4 bytes.
 usb1_vbus: Failed to request enable GPIO170: -517
 reg-fixed-voltage regulators:regulator@2: Failed to register regulator: -517
@@ -309,10 +309,10 @@
 mmc0: host does not support reading read-only switch, assuming write-enable
 mmc0: new high speed SDHC card at address b368
 mmcblk0: mmc0:b368 NCard 3.70 GiB 
-mip6: Mobile IPv6
  mmcblk0: p1
-sit: IPv6, IPv4 and MPLS over IPv4 tunneling driver
 mmc1: new high speed SD card at address b368
+mip6: Mobile IPv6
+sit: IPv6, IPv4 and MPLS over IPv4 tunneling driver
 mmcblk1: mmc1:b368 NCard 1.83 GiB (ro)
 NET: Registered protocol family 17
 NET: Registered protocol family 15
@@ -333,15 +333,15 @@
 tegra-ehci c5000000.usb: EHCI Host Controller
 tegra-ehci c5000000.usb: new USB bus registered, assigned bus number 2
 tegra-ehci c5000000.usb: irq 288, io mem 0xc5000000
- mmcblk1: p1 p2
 tegra-ehci c5000000.usb: USB 2.0 started, EHCI 1.00
+ mmcblk1: p1 p2
 hub 2-0:1.0: USB hub found
 hub 2-0:1.0: 1 port detected
 input: gpio-keys as /devices/soc0/gpio-keys/input/input0
+rtc-em3027 2-0056: setting system clock to 2015-02-06 01:24:03 UTC (1423185843)
+ALSA device list:
 hub 1-1:1.0: USB hub found
 hub 1-1:1.0: 4 ports detected
-rtc-em3027 2-0056: setting system clock to 2015-02-06 00:18:16 UTC (1423181896)
-ALSA device list:
   #0: tegra-trimslice
 EXT4-fs (mmcblk0p1): mounting ext3 file system using the ext4 subsystem
 usb 1-1.2: new high-speed USB device number 3 using tegra-ehci
Diff for ./tegra210-p2371-0000/tegra210-p2371-0000/defconfig_log.txt
--- /tmp/fooa	2016-12-06 04:12:34.729402692 -0800
+++ /tmp/foob	2016-12-06 04:12:34.733402704 -0800
@@ -64,17 +64,17 @@
 Loading and Validation of Secure OS Successful
 NvTbootPackSdramParams: start. 
 NvTbootPackSdramParams: done. 
-Tegraboot started after 771316 us
-Basic modules init took 350080 us
-Sec Bootdevice Read Time = 204 ms, Read Size = 8459 KB
-Next stage binary read took 14387 us
-Carveout took 254802 us
+Tegraboot started after 798477 us
+Basic modules init took 350482 us
+Sec Bootdevice Read Time = 202 ms, Read Size = 8459 KB
+Next stage binary read took 14366 us
+Carveout took 252722 us
 CPU initialization took 92299 us
-Total time taken by TegraBoot 711568 us
+Total time taken by TegraBoot 709869 us
 
 Starting CPU & Halting co-processor 
 
-64b[0001.613] LPDDR4 Training: Number of tables = 10
+64b[0001.638] LPDDR4 Training: Number of tables = 10
 EMC Training (SRC-freq: 204000; DST-freq: 408000)
 EMC Training Successful
 EMC Training (SRC-freq: 204000; DST-freq: 665600)
@@ -117,11 +117,11 @@
 Tegra210 (P2371-0000) # part uuid ${devtype} ${devnum}:${rootpart} uuid
 Tegra210 (P2371-0000) # setenv bootargs ignore_loglevel console=ttyS0,115200n8 earlycon=uart8250,mmio32,0x70006000 rw root=PARTUUID=00000000-0001-0000-788f-a75600000000 rootwait debug earlyprintk init=/bin/bash
 Tegra210 (P2371-0000) # load ${devtype} ${devnum}:${rootpart} ${kernel_addr_r} /boot/Image.defconfig
-14445056 bytes read in 783 ms (17.6 MiB/s)
+14445056 bytes read in 782 ms (17.6 MiB/s)
 Tegra210 (P2371-0000) # load ${devtype} ${devnum}:${rootpart} ${fdt_addr_r} /boot/tegra210-p2371-0000.dtb
-43755 bytes read in 453 ms (93.8 KiB/s)
+43755 bytes read in 454 ms (93.8 KiB/s)
 Tegra210 (P2371-0000) # load ${devtype} ${devnum}:${rootpart} ${ramdisk_addr_r} /boot/tegra-ramdisk.img
-1627787 bytes read in 500 ms (3.1 MiB/s)
+1627787 bytes read in 502 ms (3.1 MiB/s)
 Tegra210 (P2371-0000) # ramdisk_size=${filesize}
 Tegra210 (P2371-0000) # booti ${kernel_addr_r} - ${fdt_addr_r}
 ## Flattened Device Tree blob at 82000000
@@ -131,7 +131,7 @@
 Starting kernel ...
 
 Booting Linux on physical CPU 0x0
-Linux version 4.9.0-rc7-153119-ge5517c2 (pwalmsley@tamien) (gcc version 4.9.2 20140904 (prerelease) (crosstool-NG linaro-1.13.1-4.9-2014.09 - Linaro GCC 4.9-2014.09) ) #1 SMP PREEMPT Sun Nov 27 13:39:08 PST 2016
+Linux version 4.9.0-rc8-153318-g3e5de27 (pwalmsley@tamien) (gcc version 4.9.2 20140904 (prerelease) (crosstool-NG linaro-1.13.1-4.9-2014.09 - Linaro GCC 4.9-2014.09) ) #1 SMP PREEMPT Tue Dec 6 04:07:53 PST 2016
 Boot CPU: AArch64 Processor [411fd071]
 debug: ignoring loglevel setting.
 earlycon: uart8250 at MMIO32 0x0000000070006000 (options '')
@@ -258,7 +258,7 @@
 RPC: Registered tcp NFSv4.1 backchannel transport module.
 PCI: CLS 0 bytes, default 128
 kvm [1]: 8-bit VMID
-kvm [1]: IDMAP page: 80880000
+kvm [1]: IDMAP page: 80881000
 kvm [1]: HYP VA range: 800000000000:ffffffffffff
 kvm [1]: Hyp mode initialized successfully
 kvm [1]: vgic-v2@50044000
@@ -266,7 +266,7 @@
 kvm [1]: virtual timer IRQ4
 futex hash table entries: 1024 (order: 5, 131072 bytes)
 audit: initializing netlink subsys (disabled)
-audit: type=2000 audit(0.543:1): initialized
+audit: type=2000 audit(0.555:1): initialized
 workingset: timestamp_bits=46 max_order=20 bucket_order=0
 squashfs: version 4.0 (2009/01/31) Phillip Lougher
 NFS: Registering the id_resolver key type
@@ -347,6 +347,6 @@
 devtmpfs: mounted
 Freeing unused kernel memory: 1024K (ffff800000c70000 - ffff800000d70000)
 bash: cannot set terminal process group (-1): Inappropriate ioctl for device
-bash: no job contr[    1.430318] random: fast init done
+bash: no job contr[    1.439842] random: fast init done
 ol in this shell
 root@(none):/# 
\ No newline at end of file
Diff for ./tegra210-smaug/tegra210-smaug/defconfig_log.txt
--- /tmp/fooa	2016-12-06 04:12:34.737402716 -0800
+++ /tmp/foob	2016-12-06 04:12:34.741402731 -0800
@@ -1,5 +1,65 @@
+35336
+Kernel command line: cros_secure vpr=0x08000000@0xf6800000 earlycon
+log_buf_len individual max cpu contribution: 4096 bytes
+log_buf_len total cpu_extra contributions: 12288 bytes
+log_buf_len min size: 16384 bytes
+log_buf_len: 32768 bytes
+early log buf free: 14420(88%)
+PID hash table entries: 4096 (order: 3, 32768 bytes)
+Dentry cache hash table entries: 524288 (order: 10, 4194304 bytes)
+Inode-cache hash table entries: 262144 (order: 9, 2097152 bytes)
+software IO TLB [mem 0xf1400000-0xf5400000] (64MB) mapped at [ffff800071400000-ffff8000753fffff]
+Memory: 2832756K/2988032K available (8252K kernel code, 858K rwdata, 3904K rodata, 1024K init, 281K bss, 138892K reserved, 16384K cma-reserved)
+Virtual kernel memory layout:
+    modules : 0xffff000000000000 - 0xffff000008000000   (   128 MB)
+    vmalloc : 0xffff000008000000 - 0xffff7dffbfff0000   (129022 GB)
+      .text : 0xffff000008080000 - 0xffff000008890000   (  8256 KB)
+    .rodata : 0xffff000008890000 - 0xffff000008c70000   (  3968 KB)
+      .init : 0xffff000008c70000 - 0xffff000008d70000   (  1024 KB)
+      .data : 0xffff000008d70000 - 0xffff000008e46a00   (   859 KB)
+       .bss : 0xffff000008e46a00 - 0xffff000008e8cf40   (   282 KB)
+    fixed   : 0xffff7dfffe7fd000 - 0xffff7dfffec00000   (  4108 KB)
+    PCI I/O : 0xffff7dfffee00000 - 0xffff7dffffe00000   (    16 MB)
+    vmemmap : 0xffff7e0000000000 - 0xffff800000000000   (  2048 GB maximum)
+              0xffff7e0000000000 - 0xffff7e0003000000   (    48 MB actual)
+    memory  : 0xffff800000000000 - 0xffff8000c0000000   (  3072 MB)
+SLUB: HWalign=64, Order=0-3, MinObjects=0, CPUs=4, Nodes=1
+Preemptible hierarchical RCU implementation.
+	Build-time adjustment of leaf fanout to 64.
+	RCU restricting CPUs from NR_CPUS=64 to nr_cpu_ids=4.
+RCU: Adjusting geometry for rcu_fanout_leaf=64, nr_cpu_ids=4
+NR_IRQS:64 nr_irqs:64 0
+GIC: Using split EOI/Deactivate mode
+/interrupt-controller@60004000: 192 interrupts forwarded to /interrupt-controller@50041000
+boot misc0 0x0: expected 0x80000
+ (comparison mask = 0x400ffffb)
+boot misc2 0x1f720005: expected 0x1f720f05
+ (comparison mask = 0xffffff17)
+PLL_C already enabled. Postponing set full defaults
+PLL_MB already enabled. Postponing set full defaults
+PLL_U already enabled. Postponing set full defaults
+PLL_D already enabled. Postponing set full defaults
+PLL_DP already enabled. Postponing set full defaults
+boot misc0 0x0: expected 0x20
+ (comparison mask = 0x7ffffff)
+boot misc1 0x90000000: expected 0xc0000000
+ (comparison mask = 0xf8000000)
+boot misc2 0x0: expected 0xf400f0da
+ (comparison mask = 0xffffffff)
+boot misc3 0x52b8: expected 0x2004f400
+ (comparison mask = 0xffffffff)
+PLL_P already enabled. Postponing set full defaults
+PLL_X already enabled. Postponing set full defaults
+boot misc1 0x0: expected 0x20
+ (comparison mask = 0xffffff)
+arm_arch_timer: Architected cp15 timer(s) running at 19.20MHz (phys).
+clocksource: arch_sys_counter: mask: 0xffffffffffffff max_cycles: 0x46d987e47, max_idle_ns: 440795202767 ns
+sched_clock: 56 bits at 19MHz, resolution 52ns, wraps every 4398046511078ns
+Console: colour dummy device 80x25
+console [tty0] enabled
+bootconsole [uart0] disabled
 Booting Linux on physical CPU 0x0
-Linux version 4.9.0-rc7-153119-ge5517c2 (pwalmsley@tamien) (gcc version 4.9.2 20140904 (prerelease) (crosstool-NG linaro-1.13.1-4.9-2014.09 - Linaro GCC 4.9-2014.09) ) #1 SMP PREEMPT Sun Nov 27 13:39:08 PST 2016
+Linux version 4.9.0-rc8-153318-g3e5de27 (pwalmsley@tamien) (gcc version 4.9.2 20140904 (prerelease) (crosstool-NG linaro-1.13.1-4.9-2014.09 - Linaro GCC 4.9-2014.09) ) #1 SMP PREEMPT Tue Dec 6 04:07:53 PST 2016
 Boot CPU: AArch64 Processor [411fd071]
 efi: Getting EFI parameters from FDT:
 efi: UEFI not found.
@@ -62,7 +122,7 @@
  (comparison mask = 0xf8000000)
 boot misc2 0x0: expected 0xf400f0da
  (comparison mask = 0xffffffff)
-boot misc3 0x51b8: expected 0x2004f400
+boot misc3 0x52b8: expected 0x2004f400
  (comparison mask = 0xffffffff)
 PLL_P already enabled. Postponing set full defaults
 PLL_X already enabled. Postponing set full defaults
@@ -141,7 +201,7 @@
 Unpacking initramfs...
 Freeing initrd memory: 2364K (ffff80000a070000 - ffff80000a2bf000)
 kvm [1]: 8-bit VMID
-kvm [1]: IDMAP page: 80880000
+kvm [1]: IDMAP page: 80881000
 kvm [1]: HYP VA range: 800000000000:ffffffffffff
 kvm [1]: Hyp mode initialized successfully
 kvm [1]: vgic-v2@50044000
@@ -234,20 +294,20 @@
 Key type dns_resolver registered
 registered taskstats version 1
 tegra-i2c 7000d100.i2c: could not find pctldev for node /host1x@50000000/dpaux@545c0000/pinmux-i2c, deferring probe
+input: gpio-keys as /devices/platform/gpio-keys/input/input0
+tegra-i2c 7000d100.i2c: could not find pctldev for node /host1x@50000000/dpaux@545c0000/pinmux-i2c, deferring probe
 mmc0: new high speed MMC card at address 0001
 mmcblk0: mmc0:0001 BGND3R 29.1 GiB 
 mmcblk0boot0: mmc0:0001 BGND3R partition 1 4.00 MiB
 mmcblk0boot1: mmc0:0001 BGND3R partition 2 4.00 MiB
 mmcblk0rpmb: mmc0:0001 BGND3R partition 3 4.00 MiB
  mmcblk0: p1 p2 p3 p4 p5 p6 p7 p8 p9 p10 p11
-tegra-i2c 7000d100.i2c: could not find pctldev for node /host1x@50000000/dpaux@545c0000/pinmux-i2c, deferring probe
-input: gpio-keys as /devices/platform/gpio-keys/input/input0
-tegra-i2c 7000d100.i2c: could not find pctldev for node /host1x@50000000/dpaux@545c0000/pinmux-i2c, deferring probe
-max77686-rtc max77620-rtc: setting system clock to 2000-09-08 03:07:47 UTC (968382467)
+max77686-rtc max77620-rtc: setting system clock to 2000-09-16 17:36:25 UTC (969125785)
 PP1200_AVDD: disabling
 PP1200_RCAM: disabling
 PP2800L_RCAM: disabling
 PP2800L_FCAM: disabling
+tegra-i2c 7000d100.i2c: could not find pctldev for node /host1x@50000000/dpaux@545c0000/pinmux-i2c, deferring probe
 PP_LDO6: disabling
 PPLCD_VDD: disabling
 PP1800_LCDIO: disabling
Diff for ./tegra30-beaver/tegra30-beaver/multi_v7_defconfig_log.txt
--- /tmp/fooa	2016-12-06 04:12:34.745402745 -0800
+++ /tmp/foob	2016-12-06 04:12:34.749402758 -0800
@@ -39,20 +39,20 @@
 	 #################################################################
 	 #################################################################
 	 ##########################################
-	 3.3 MiB/s
+	 3.1 MiB/s
 done
-Bytes transferred = 7288016 (6f34d0 hex)
+Bytes transferred = 7287624 (6f3348 hex)
 Tegra30 (Beaver) # tftpboot 0x82000000 tegra30-beaver.dtb
 Using asx0 device
 TFTP from server 192.168.100.1; our IP address is 192.168.100.101
 Filename 'tegra30-beaver.dtb'.
 Load address: 0x82000000
 Loading: *####
-	 3.1 MiB/s
+	 2.9 MiB/s
 done
 Bytes transferred = 51572 (c974 hex)
 Tegra30 (Beaver) # bootz 0x81000000 - 0x82000000
-Kernel image @ 0x81000000 [ 0x000000 - 0x6f34d0 ]
+Kernel image @ 0x81000000 [ 0x000000 - 0x6f3348 ]
 ## Flattened Device Tree blob at 82000000
    Booting using the fdt blob at 0x82000000
    Loading Device Tree to 8fff0000, end 8ffff973 ... OK
@@ -60,7 +60,7 @@
 Starting kernel ...
 
 Booting Linux on physical CPU 0x0
-Linux version 4.9.0-rc7-128686-ge5517c2 (pwalmsley@sellafield) (gcc version 4.7.3 20130328 (prerelease) (crosstool-NG linaro-1.13.1-4.7-2013.04-20130415 - Linaro GCC 2013.04) ) #1 SMP Sun Nov 27 13:35:08 PST 2016
+Linux version 4.9.0-rc8-128885-g3e5de27 (pwalmsley@sellafield) (gcc version 4.7.3 20130328 (prerelease) (crosstool-NG linaro-1.13.1-4.7-2013.04-20130415 - Linaro GCC 2013.04) ) #1 SMP Tue Dec 6 04:04:04 PST 2016
 CPU: ARMv7 Processor [412fc099] revision 9 (ARMv7), cr=10c5387d
 CPU: PIPT / VIPT nonaliasing data cache, VIPT aliasing instruction cache
 OF: fdt:Machine model: NVIDIA Tegra30 Beaver evaluation board
@@ -302,20 +302,20 @@
 usb3_vbus: supplied by vdd_5v_in
 sys_3v3,vdd_3v3_alw: supplied by vdd_5v_in
 +VDD_5V_HDMI: supplied by sys_3v3,vdd_3v3_alw
+sys_3v3_pexs: supplied by sys_3v3,vdd_3v3_alw
+tegra-pcie 3000.pcie-controller: 2x3 configuration
+tegra-pcie 3000.pcie-controller: probing port 0, using 2 lanes
 mmc1: new high speed MMC card at address 0001
 mmcblk1: mmc1:0001 SEM16G 14.8 GiB 
 mmcblk1boot0: mmc1:0001 SEM16G partition 1 1.00 MiB
 mmcblk1boot1: mmc1:0001 SEM16G partition 2 1.00 MiB
-mmc0: new ultra high speed DDR50 SDHC card at address aaaa
 mmcblk1rpmb: mmc1:0001 SEM16G partition 3 128 KiB
-mmcblk0: mmc0:aaaa SS04G 3.69 GiB 
 Primary GPT is invalid, using alternate GPT.
  mmcblk1: p1 p2 p3 p4 p5
- mmcblk0: p1 p2 p3
-sys_3v3_pexs: supplied by sys_3v3,vdd_3v3_alw
-tegra-pcie 3000.pcie-controller: 2x3 configuration
-tegra-pcie 3000.pcie-controller: probing port 0, using 2 lanes
+mmc0: new ultra high speed DDR50 SDHC card at address aaaa
 tegra-pcie 3000.pcie-controller: probing port 2, using 2 lanes
+mmcblk0: mmc0:aaaa SS04G 3.69 GiB 
+ mmcblk0: p1 p2 p3
 tegra-pcie 3000.pcie-controller: link 2 down, retrying
 tegra-pcie 3000.pcie-controller: link 2 down, retrying
 tegra-pcie 3000.pcie-controller: link 2 down, retrying
@@ -386,4 +386,4 @@
 Freeing unused kernel memory: 2048K (c1100000 - c1300000)
 bash: cannot set terminal process group (-1): Inappropriate ioctl for device
 bash: no job control in this shell
-root@(none):/# [    3.963962] usb 2-1: new high-speed USB device number 2 using tegra-ehci
+root@(none):/# [    3.893657] usb 2-1: new high-speed USB device number 2 using tegra-ehci
Diff for ./tegra30-beaver/tegra30-beaver/tegra_defconfig_log.txt
--- /tmp/fooa	2016-12-06 04:12:34.757402781 -0800
+++ /tmp/foob	2016-12-06 04:12:34.757402781 -0800
@@ -37,20 +37,20 @@
 	 #################################################################
 	 #################################################################
 	 ###############################################
-	 3.3 MiB/s
+	 3.2 MiB/s
 done
-Bytes transferred = 5454448 (533a70 hex)
+Bytes transferred = 5455168 (533d40 hex)
 Tegra30 (Beaver) # tftpboot 0x82000000 tegra30-beaver.dtb
 Using asx0 device
 TFTP from server 192.168.100.1; our IP address is 192.168.100.101
 Filename 'tegra30-beaver.dtb'.
 Load address: 0x82000000
 Loading: *####
-	 3.3 MiB/s
+	 2.9 MiB/s
 done
 Bytes transferred = 51572 (c974 hex)
 Tegra30 (Beaver) # bootz 0x81000000 - 0x82000000
-Kernel image @ 0x81000000 [ 0x000000 - 0x533a70 ]
+Kernel image @ 0x81000000 [ 0x000000 - 0x533d40 ]
 ## Flattened Device Tree blob at 82000000
    Booting using the fdt blob at 0x82000000
    Loading Device Tree to 8fff0000, end 8ffff973 ... OK
@@ -59,7 +59,7 @@
 
 Uncompressing Linux... done, booting the kernel.
 Booting Linux on physical CPU 0x0
-Linux version 4.9.0-rc7-128686-ge5517c2 (pwalmsley@kaivo) (gcc version 4.7.3 20130328 (prerelease) (crosstool-NG linaro-1.13.1-4.7-2013.04-20130415 - Linaro GCC 2013.04) ) #1 SMP PREEMPT Sun Nov 27 13:34:58 PST 2016
+Linux version 4.9.0-rc8-128885-g3e5de27 (pwalmsley@kaivo) (gcc version 4.7.3 20130328 (prerelease) (crosstool-NG linaro-1.13.1-4.7-2013.04-20130415 - Linaro GCC 2013.04) ) #1 SMP PREEMPT Tue Dec 6 04:03:48 PST 2016
 CPU: ARMv7 Processor [412fc099] revision 9 (ARMv7), cr=10c5387d
 CPU: PIPT / VIPT nonaliasing data cache, VIPT aliasing instruction cache
 OF: fdt:Machine model: NVIDIA Tegra30 Beaver evaluation board
@@ -130,7 +130,7 @@
 NET: Registered protocol family 16
 DMA: preallocated 256 KiB pool for atomic coherent allocations
 cpuidle: using governor menu
-No ATAGs?[    0.569402] hw-breakpoint: found 5 (+1 reserved) breakpoint and 1 watchpoint registers.
+No ATAGs?[    0.572025] hw-breakpoint: found 5 (+1 reserved) breakpoint and 1 watchpoint registers.
 hw-breakpoint: maximum watchpoint size is 4 bytes.
 tegra-mc 7000f000.memory-controller: no memory timings for RAM code 3 registered
 vdd_5v_sata: Failed to request enable GPIO30: -517
@@ -381,4 +381,4 @@
 Freeing unused kernel memory: 1024K (c0c00000 - c0d00000)
 bash: cannot set terminal process group (-1): Inappropriate ioctl for device
 bash: no job control in this shell
-root@(none):/# [    4.500835] usb 2-1: new high-speed USB device number 2 using tegra-ehci
+root@(none):/# [    4.501021] usb 2-1: new high-speed USB device number 2 using tegra-ehci
