
U-Boot SPL 2014.07-00097-g772e173 (Jul 25 2014 - 20:02:52)


U-Boot 2014.07-00097-g772e173 (Jul 25 2014 - 20:02:52)

TEGRA124
Board: NVIDIA Jetson TK1
I2C:   ready
DRAM:  2 GiB
MMC:   Tegra SD/MMC: 0, Tegra SD/MMC: 1
In:    serial
Out:   serial
Err:   serial
Net:   Net Initialization Skipped
No ethernet found.
Hit any key to stop autoboot:  2  0 
Tegra124 (Jetson TK1) # 
Tegra124 (Jetson TK1) # usb reset
(Re)start USB...
USB0:   USB EHCI 1.10
scanning bus 0 for devices... 1 USB Device(s) found
USB1:   USB EHCI 1.10
scanning bus 1 for devices... 2 USB Device(s) found
       scanning usb for storage devices... 0 Storage Device(s) found
       scanning usb for ethernet devices... 
Warning: asx0 using MAC address from net device
1 Ethernet Device(s) found
Tegra124 (Jetson TK1) # setenv bootargs 'ignore_loglevel console=ttyS0,115200n8 rw root=/dev/mmcblk0p1 rootwait gpt debug init=/bin/bash noinitrd'
Tegra124 (Jetson TK1) # setenv ipaddr 192.168.100.102; setenv serverip 192.168.100.1; setenv tftpserverip 192.168.100.1
Tegra124 (Jetson TK1) # tftpboot 0x81000000 zImage.multi_v7_defconfig
Using asx0 device
TFTP from server 192.168.100.1; our IP address is 192.168.100.102
Filename 'zImage.multi_v7_defconfig'.
Load address: 0x81000000
Loading: *#################################################################
	 #################################################################
	 #################################################################
	 #################################################################
	 #################################################################
	 ##########################
	 3.3 MiB/s
done
Bytes transferred = 5151816 (4e9c48 hex)
Tegra124 (Jetson TK1) # tftpboot 0x82000000 tegra124-jetson-tk1.dtb
Using asx0 device
TFTP from server 192.168.100.1; our IP address is 192.168.100.102
Filename 'tegra124-jetson-tk1.dtb'.
Load address: 0x82000000
Loading: *####
	 3 MiB/s
done
Bytes transferred = 44415 (ad7f hex)
Tegra124 (Jetson TK1) # bootz 0x81000000 - 0x82000000
Kernel image @ 0x81000000 [ 0x000000 - 0x4e9c48 ]
## Flattened Device Tree blob at 82000000
   Booting using the fdt blob at 0x82000000
   Using Device Tree in place at 82000000, end 8200dd7e

Starting kernel ...

[    0.000000] Booting Linux on physical CPU 0x0
[    0.000000] Linux version 3.17.0-93106-gbfe01a5 (pwalmsley@tamien) (gcc version 4.7.3 20130328 (prerelease) (crosstool-NG linaro-1.13.1-4.7-2013.04-20130415 - Linaro GCC 2013.04) ) #1 SMP Mon Oct 6 21:50:50 PDT 2014
[    0.000000] CPU: ARMv7 Processor [413fc0f3] revision 3 (ARMv7), cr=10c5387d
[    0.000000] CPU: PIPT / VIPT nonaliasing data cache, PIPT instruction cache
[    0.000000] Machine model: NVIDIA Tegra124 Jetson TK1
[    0.000000] debug: ignoring loglevel setting.
[    0.000000] cma: Reserved 64 MiB at ab800000
[    0.000000] Memory policy: Data cache writealloc
[    0.000000] On node 0 totalpages: 524032
[    0.000000] free_area_init_node: node 0, pgdat c0cbee40, node_mem_map ea7d8000
[    0.000000]   DMA zone: 1520 pages used for memmap
[    0.000000]   DMA zone: 0 pages reserved
[    0.000000]   DMA zone: 194560 pages, LIFO batch:31
[    0.000000]   HighMem zone: 2574 pages used for memmap
[    0.000000]   HighMem zone: 329472 pages, LIFO batch:31
[    0.000000] PERCPU: Embedded 8 pages/cpu @ea789000 s8448 r8192 d16128 u32768
[    0.000000] pcpu-alloc: s8448 r8192 d16128 u32768 alloc=8*4096
[    0.000000] pcpu-alloc: [0] 0 [0] 1 [0] 2 [0] 3 
[    0.000000] Built 1 zonelists in Zone order, mobility grouping on.  Total pages: 522512
[    0.000000] Kernel command line: ignore_loglevel console=ttyS0,115200n8 rw root=/dev/mmcblk0p1 rootwait gpt debug init=/bin/bash noinitrd
[    0.000000] PID hash table entries: 4096 (order: 2, 16384 bytes)
[    0.000000] Dentry cache hash table entries: 131072 (order: 7, 524288 bytes)
[    0.000000] Inode-cache hash table entries: 65536 (order: 6, 262144 bytes)
[    0.000000] Memory: 2001608K/2096128K available (6668K kernel code, 923K rwdata, 2684K rodata, 696K init, 305K bss, 94520K reserved, 1317888K highmem)
[    0.000000] Virtual kernel memory layout:
[    0.000000]     vector  : 0xffff0000 - 0xffff1000   (   4 kB)
[    0.000000]     fixmap  : 0xffc00000 - 0xffe00000   (2048 kB)
[    0.000000]     vmalloc : 0xf0000000 - 0xff000000   ( 240 MB)
[    0.000000]     lowmem  : 0xc0000000 - 0xef800000   ( 760 MB)
[    0.000000]     pkmap   : 0xbfe00000 - 0xc0000000   (   2 MB)
[    0.000000]     modules : 0xbf000000 - 0xbfe00000   (  14 MB)
[    0.000000]       .text : 0xc0208000 - 0xc0b2a2d0   (9353 kB)
[    0.000000]       .init : 0xc0b2b000 - 0xc0bd9100   ( 697 kB)
[    0.000000]       .data : 0xc0bda000 - 0xc0cc0c40   ( 924 kB)
[    0.000000]        .bss : 0xc0cc0c40 - 0xc0d0d160   ( 306 kB)
[    0.000000] SLUB: HWalign=64, Order=0-3, MinObjects=0, CPUs=4, Nodes=1
[    0.000000] Hierarchical RCU implementation.
[    0.000000] 	RCU restricting CPUs from NR_CPUS=8 to nr_cpu_ids=4.
[    0.000000] RCU: Adjusting geometry for rcu_fanout_leaf=16, nr_cpu_ids=4
[    0.000000] NR_IRQS:16 nr_irqs:16 16
[    0.000000] L2C: failed to init: -19
[    0.000009] sched_clock: 32 bits at 1000kHz, resolution 1000ns, wraps every 2147483648000ns
[    0.000029] Switching to timer-based delay loop, resolution 1000ns
[    0.003218] Architected cp15 timer(s) running at 12.00MHz (virt).
[    0.003242] sched_clock: 56 bits at 12MHz, resolution 83ns, wraps every 2863311536128ns
[    0.003254] Switching to timer-based delay loop, resolution 83ns
[    0.003588] Console: colour dummy device 80x30
[    0.003611] Calibrating delay loop (skipped), value calculated using timer frequency.. 24.00 BogoMIPS (lpj=60000)
[    0.003626] pid_max: default: 32768 minimum: 301
[    0.003749] Mount-cache hash table entries: 2048 (order: 1, 8192 bytes)
[    0.003761] Mountpoint-cache hash table entries: 2048 (order: 1, 8192 bytes)
[    0.004283] CPU: Testing write buffer coherency: ok
[    0.004474] /cpus/cpu@0 missing clock-frequency property
[    0.004501] /cpus/cpu@1 missing clock-frequency property
[    0.004528] /cpus/cpu@2 missing clock-frequency property
[    0.004557] /cpus/cpu@3 missing clock-frequency property
[    0.004569] CPU0: thread -1, cpu 0, socket 0, mpidr 80000000
[    0.004613] Setting up static identity map for 0x8084c9d0 - 0x8084ca68
[    0.006612] Tegra Revision: A01 SKU: 129 CPU Process: 1 Core Process: 1
[    0.007682] CPU1: Booted secondary processor
[    0.007707] CPU1: thread -1, cpu 1, socket 0, mpidr 80000001
[    0.008203] CPU2: Booted secondary processor
[    0.008226] CPU2: thread -1, cpu 2, socket 0, mpidr 80000002
[    0.008709] CPU3: Booted secondary processor
[    0.008732] CPU3: thread -1, cpu 3, socket 0, mpidr 80000003
[    0.008795] Brought up 4 CPUs
[    0.008819] SMP: Total of 4 processors activated.
[    0.008826] CPU: All CPU(s) started in SVC mode.
[    0.009350] devtmpfs: initialized
[    0.014719] VFP support v0.3: implementor 41 architecture 4 part 30 variant f rev 0
[    0.016426] pinctrl core: initialized pinctrl subsystem
[    0.016858] regulator-dummy: no parameters
[    0.030990] NET: Registered protocol family 16
[    0.032971] DMA: preallocated 256 KiB pool for atomic coherent allocations
[    0.034633] cpuidle: using governor ladder
[    0.034652] cpuidle: using governor menu
[    0.047159] No ATAGs?
[    0.047192] hw-breakpoint: found 5 (+1 reserved) breakpoint and 4 watchpoint registers.
[    0.047203] hw-breakpoint: maximum watchpoint size is 8 bytes.
[    0.047362] EXYNOS: PMU not supported
[    0.049893] Serial: AMBA PL011 UART driver
[    0.076234] edma-dma-engine edma-dma-engine.0: Can't allocate PaRAM dummy slot
[    0.076257] edma-dma-engine: probe of edma-dma-engine.0 failed with error -22
[    0.076836] +VDD_MUX: 12000 mV 
[    0.077059] +5V_SYS: 5000 mV 
[    0.077107] +5V_SYS: supplied by +VDD_MUX
[    0.077364] +3.3V_SYS: 3300 mV 
[    0.077420] +3.3V_SYS: supplied by +VDD_MUX
[    0.077560] platform regulators:regulator@3: Driver reg-fixed-voltage requests probe deferral
[    0.077728] +3.3V_AVDD_HDMI_AP_GATED: 3300 mV 
[    0.077777] reg-fixed-voltage regulators:regulator@4: Failed to find supply vin
[    0.077887] reg-fixed-voltage regulators:regulator@4: Failed to register regulator: -517
[    0.077909] platform regulators:regulator@4: Driver reg-fixed-voltage requests probe deferral
[    0.078086] +USB0_VBUS_SW: Failed to request enable GPIO108: -517
[    0.078197] reg-fixed-voltage regulators:regulator@7: Failed to register regulator: -517
[    0.078218] platform regulators:regulator@7: Driver reg-fixed-voltage requests probe deferral
[    0.078392] +5V_USB_HS: Failed to request enable GPIO109: -517
[    0.078483] reg-fixed-voltage regulators:regulator@8: Failed to register regulator: -517
[    0.078503] platform regulators:regulator@8: Driver reg-fixed-voltage requests probe deferral
[    0.078579] platform regulators:regulator@10: Driver reg-fixed-voltage requests probe deferral
[    0.078749] +1.05V_RUN_AVDD_HDMI_PLL: Failed to request enable GPIO63: -517
[    0.078839] reg-fixed-voltage regulators:regulator@11: Failed to register regulator: -517
[    0.078859] platform regulators:regulator@11: Driver reg-fixed-voltage requests probe deferral
[    0.079028] +5V_HDMI_CON: Failed to request enable GPIO86: -517
[    0.079117] reg-fixed-voltage regulators:regulator@12: Failed to register regulator: -517
[    0.079137] platform regulators:regulator@12: Driver reg-fixed-voltage requests probe deferral
[    0.081289] vgaarb: loaded
[    0.081905] SCSI subsystem initialized
[    0.082076] libata version 3.00 loaded.
[    0.082395] usbcore: registered new interface driver usbfs
[    0.082466] usbcore: registered new interface driver hub
[    0.082567] usbcore: registered new device driver usb
[    0.085740] Linux video capture interface: v2.00
[    0.085797] pps_core: LinuxPPS API ver. 1 registered
[    0.085805] pps_core: Software ver. 5.3.6 - Copyright 2005-2007 Rodolfo Giometti <giometti@linux.it>
[    0.085838] PTP clock support registered
[    0.086066] EDAC MC: Ver: 3.0.0
[    0.086859] Advanced Linux Sound Architecture Driver Initialized.
[    0.087895] Switched to clocksource arch_sys_counter
[    0.098324] NET: Registered protocol family 2
[    0.098925] TCP established hash table entries: 8192 (order: 3, 32768 bytes)
[    0.099015] TCP bind hash table entries: 8192 (order: 4, 65536 bytes)
[    0.099202] TCP: Hash tables configured (established 8192 bind 8192)
[    0.099247] TCP: reno registered
[    0.099261] UDP hash table entries: 512 (order: 2, 16384 bytes)
[    0.099302] UDP-Lite hash table entries: 512 (order: 2, 16384 bytes)
[    0.099482] NET: Registered protocol family 1
[    0.099717] RPC: Registered named UNIX socket transport module.
[    0.099727] RPC: Registered udp transport module.
[    0.099734] RPC: Registered tcp transport module.
[    0.099742] RPC: Registered tcp NFSv4.1 backchannel transport module.
[    0.099762] PCI: CLS 0 bytes, default 64
[    0.101929] futex hash table entries: 1024 (order: 4, 65536 bytes)
[    0.114234] squashfs: version 4.0 (2009/01/31) Phillip Lougher
[    0.115044] NFS: Registering the id_resolver key type
[    0.115078] Key type id_resolver registered
[    0.115087] Key type id_legacy registered
[    0.115146] msgmni has been set to 1463
[    0.115569] bounce: pool size: 64 pages
[    0.115797] Block layer SCSI generic (bsg) driver version 0.4 loaded (major 249)
[    0.115816] io scheduler noop registered
[    0.115834] io scheduler deadline registered
[    0.116048] io scheduler cfq registered (default)
[    0.133252] tegra-apbdma 60020000.dma: Tegra20 APB DMA driver register 32 channels
[    0.196871] Serial: 8250/16550 driver, 4 ports, IRQ sharing disabled
[    0.198757] Serial: IMX driver
[    0.199085] msm_serial: driver initialized
[    0.199902] console [ttyS0] disabled
[    0.199935] 70006300.serial: ttyS0 at MMIO 0x70006300 (irq = 122, base_baud = 25500000) is a Tegra
[    1.059409] console [ttyS0] enabled
[    1.063618] STMicroelectronics ASC driver initialized
[    1.069449] serial: Freescale lpuart driver
[    1.073858] [drm] Initialized drm 1.1.0 20060810
[    1.079665] tegra-hdmi 54280000.hdmi: failed to get HDMI regulator
[    1.085868] platform 54280000.hdmi: Driver tegra-hdmi requests probe deferral
[    1.098807] loop: module loaded
[    1.102176] at24 0-0056: 256 byte 24c02 EEPROM, writable, 8 bytes/write
[    1.109929] as3722 4-0040: AS3722 with revision 0x1 found
[    1.119132] +VDD_CPU_AP: 700 <--> 1400 mV at 1000 mV 3500 mA 
[    1.125885] +VDD_CORE: 700 <--> 1350 mV at 1100 mV 2500 mA 
[    1.132131] +1.35V_LP0(sd2): 1350 mV 
[    1.135869] +1.35V_LP0(sd2): supplied by +5V_SYS
[    1.140978] +1.35V_LP0(sd3): 1350 mV 
[    1.144711] +1.35V_LP0(sd3): supplied by +5V_SYS
[    1.149810] +1.05V_RUN: 1050 mV 
[    1.153110] +1.05V_RUN: supplied by +5V_SYS
[    1.157639] +1.8V_VDDIO: 1800 mV 
[    1.161024] +1.8V_VDDIO: supplied by +5V_SYS
[    1.166667] +VDD_GPU_AP: 650 <--> 1200 mV at 1000 mV 3500 mA 
[    1.172787] +1.05V_RUN_AVDD: 1050 mV at 300 mA 
[    1.177388] +1.05V_RUN_AVDD: supplied by +1.35V_LP0(sd2)
[    1.183635] +1.8V_RUN_CAM: 1800 mV at 150 mA 
[    1.188075] as3722-regulator as3722-regulator: Failed to find supply vin-ldo1-6
[    1.195496] as3722-regulator as3722-regulator: regulator 8 register failed -517
[    1.204045] platform as3722-regulator: Driver as3722-regulator requests probe deferral
[    1.217498] CAN device driver interface
[    1.222130] igb: Intel(R) Gigabit Ethernet Network Driver - version 5.2.13-k
[    1.229194] igb: Copyright (c) 2007-2014 Intel Corporation.
[    1.236106] pegasus: v0.9.3 (2013/04/25), Pegasus/Pegasus II USB Ethernet driver
[    1.243571] usbcore: registered new interface driver pegasus
[    1.249311] usbcore: registered new interface driver asix
[    1.254777] usbcore: registered new interface driver ax88179_178a
[    1.260933] usbcore: registered new interface driver cdc_ether
[    1.266848] usbcore: registered new interface driver smsc75xx
[    1.272679] usbcore: registered new interface driver smsc95xx
[    1.278489] usbcore: registered new interface driver net1080
[    1.284218] usbcore: registered new interface driver cdc_subset
[    1.290196] usbcore: registered new interface driver zaurus
[    1.295859] usbcore: registered new interface driver cdc_ncm
[    1.301549] ehci_hcd: USB 2.0 'Enhanced' Host Controller (EHCI) Driver
[    1.308085] ehci-pci: EHCI PCI platform driver
[    1.312576] ehci-platform: EHCI generic platform driver
[    1.317985] ehci-omap: OMAP-EHCI Host Controller driver
[    1.323342] ehci-orion: EHCI orion driver
[    1.327475] SPEAr-ehci: EHCI SPEAr driver
[    1.331620] tegra-ehci: Tegra EHCI driver
[    1.335876] platform 7d004000.usb: Driver tegra-ehci requests probe deferral
[    1.343066] platform 7d008000.usb: Driver tegra-ehci requests probe deferral
[    1.350195] ohci_hcd: USB 1.1 'Open' Host Controller (OHCI) Driver
[    1.356395] ohci-pci: OHCI PCI platform driver
[    1.360913] ohci-platform: OHCI generic platform driver
[    1.366274] ohci-omap3: OHCI OMAP3 driver
[    1.370418] SPEAr-ohci: OHCI SPEAr driver
[    1.375221] usbcore: registered new interface driver usb-storage
[    1.381756] tegra-phy 7d004000.usb-phy: no vbus regulator
[    1.387444] platform 7d008000.usb-phy: Driver tegra-phy requests probe deferral
[    1.396129] mousedev: PS/2 mouse device common for all mice
[    1.404883] as3722-rtc as3722-rtc: rtc core: registered as3722-rtc as rtc0
[    1.411768] as3722-rtc as3722-rtc: RTC interrupt 464
[    1.419609] tegra_rtc 7000e000.rtc: rtc core: registered 7000e000.rtc as rtc1
[    1.426765] tegra_rtc 7000e000.rtc: Tegra internal Real Time Clock
[    1.433464] i2c /dev entries driver
[    1.438917] usbcore: registered new interface driver uvcvideo
[    1.444666] USB Video Class driver (1.1.1)
[    1.448774] gspca_main: v2.14.0 registered
[    1.453839] 0-004c supply vcc not found, using dummy regulator
[    1.463754] sdhci: Secure Digital Host Controller Interface driver
[    1.469941] sdhci: Copyright(c) Pierre Ossman
[    1.475244] Synopsys Designware Multimedia Card Interface Driver
[    1.481912] sdhci-pltfm: SDHCI platform and OF driver helper
[    1.488306] sdhci-tegra 700b0400.sdhci: Got CD GPIO #170.
[    1.493729] sdhci-tegra 700b0400.sdhci: Got WP GPIO #132.
[    1.499166] mmc0: Unknown controller version (3). You may experience problems.
[    1.506477] sdhci-tegra 700b0400.sdhci: No vmmc regulator found
[    1.512499] platform 700b0400.sdhci: Driver sdhci-tegra requests probe deferral
[    1.519963] mmc0: Unknown controller version (3). You may experience problems.
[    1.527267] sdhci-tegra 700b0600.sdhci: No vmmc regulator found
[    1.533207] sdhci-tegra 700b0600.sdhci: No vqmmc regulator found
[    1.539217] mmc0: Invalid maximum block size, assuming 512 bytes
[    1.577916] mmc0: SDHCI controller on 700b0600.sdhci [700b0600.sdhci] using ADMA
[    1.586317] usbcore: registered new interface driver usbhid
[    1.591896] usbhid: USB HID core driver
[    1.621867] mmc0: BKOPS_EN bit is not set
[    1.629726] mmc0: new high speed MMC card at address 0001
[    1.635474] mmcblk0: mmc0:0001 SEM16G 14.6 GiB 
[    1.640126] mmcblk0boot0: mmc0:0001 SEM16G partition 1 4.00 MiB
[    1.646158] mmcblk0boot1: mmc0:0001 SEM16G partition 2 4.00 MiB
[    1.652188] mmcblk0rpmb: mmc0:0001 SEM16G partition 3 4.00 MiB
[    1.659971] Primary GPT is invalid, using alternate GPT.
[    1.665320]  mmcblk0: p1 p2 p3 p4 p5 p6 p7 p8 p9
[    1.673344]  mmcblk0boot1: unknown partition table
[    1.679468]  mmcblk0boot0: unknown partition table
[    2.015376] tegra30-i2s 70301100.i2s: DMA channels sourced from device 70300000.ahub
[    2.031638] tegra-snd-rt5640 sound: rt5640-aif1 <-> 70301100.i2s mapping ok
[    2.041721] input: NVIDIA Tegra Jetson TK1 Headphones as /devices/soc0/sound/sound/card0/input0
[    2.051751] TCP: cubic registered
[    2.055089] NET: Registered protocol family 17
[    2.059557] can: controller area network core (rev 20120528 abi 9)
[    2.065808] NET: Registered protocol family 29
[    2.070264] can: raw protocol (rev 20120528)
[    2.074543] can: broadcast manager protocol (rev 20120528 t)
[    2.080215] can: netlink gateway (rev 20130117) max_hops=1
[    2.086083] Key type dns_resolver registered
[    2.090979] ThumbEE CPU extension supported.
[    2.095275] Registering SWP/SWPB emulation handler
[    2.101768] +3.3V_RUN: 3300 mV 
[    2.104973] +3.3V_RUN: supplied by +3.3V_SYS
[    2.109606] +3.3V_AVDD_HDMI_AP_GATED: 3300 mV 
[    2.114149] +3.3V_AVDD_HDMI_AP_GATED: supplied by +3.3V_RUN
[    2.120250] +USB0_VBUS_SW: 5000 mV 
[    2.123855] +USB0_VBUS_SW: supplied by +5V_SYS
[    2.128852] +5V_USB_HS: 5000 mV 
[    2.132145] +5V_USB_HS: supplied by +5V_SYS
[    2.137528] +3.3V_LP0: 3300 mV 
[    2.140785] +3.3V_LP0: supplied by +3.3V_SYS
[    2.145603] +1.05V_RUN_AVDD_HDMI_PLL: 1050 mV 
[    2.150165] reg-fixed-voltage regulators:regulator@11: Failed to find supply vin
[    2.157770] reg-fixed-voltage regulators:regulator@11: Failed to register regulator: -517
[    2.166013] platform regulators:regulator@11: Driver reg-fixed-voltage requests probe deferral
[    2.175599] +5V_HDMI_CON: 5000 mV 
[    2.179115] +5V_HDMI_CON: supplied by +5V_SYS
[    2.184241] tegra-hdmi 54280000.hdmi: failed to get PLL regulator
[    2.190461] platform 54280000.hdmi: Driver tegra-hdmi requests probe deferral
[    2.199246] +VDD_CPU_AP: 700 <--> 1400 mV at 1000 mV 3500 mA 
[    2.205697] +VDD_CORE: 700 <--> 1350 mV at 1100 mV 2500 mA 
[    2.211762] +1.35V_LP0(sd2): 1350 mV 
[    2.215566] +1.35V_LP0(sd2): supplied by +5V_SYS
[    2.220490] +1.35V_LP0(sd3): 1350 mV 
[    2.224298] +1.35V_LP0(sd3): supplied by +5V_SYS
[    2.229215] +1.05V_RUN: 1050 mV 
[    2.232541] +1.05V_RUN: supplied by +5V_SYS
[    2.237010] +1.8V_VDDIO: 1800 mV 
[    2.240451] +1.8V_VDDIO: supplied by +5V_SYS
[    2.245926] +VDD_GPU_AP: 650 <--> 1200 mV at 1000 mV 3500 mA 
[    2.251976] +1.05V_RUN_AVDD: 1050 mV at 300 mA 
[    2.256627] +1.05V_RUN_AVDD: supplied by +1.35V_LP0(sd2)
[    2.262352] +1.8V_RUN_CAM: 1800 mV at 150 mA 
[    2.266801] +1.8V_RUN_CAM: supplied by +3.3V_RUN
[    2.272406] +1.2V_GEN_AVDD: 1200 mV at 150 mA 
[    2.276922] +1.2V_GEN_AVDD: supplied by +1.8V_VDDIO
[    2.282902] +1.05V_LP0_VDD_RTC: 1000 mV at 150 mA 
[    2.287744] +1.05V_LP0_VDD_RTC: supplied by +3.3V_SYS
[    2.293306] +2.8V_RUN_CAM: 2800 mV at 150 mA 
[    2.297723] +2.8V_RUN_CAM: supplied by +3.3V_SYS
[    2.302815] +1.2V_RUN_CAM_FRONT: 1200 mV at 150 mA 
[    2.307763] +1.2V_RUN_CAM_FRONT: supplied by +1.8V_VDDIO
[    2.313438] +VDDIO_SDMMC3: 1800 <--> 3300 mV at 150 mA 
[    2.318736] +VDDIO_SDMMC3: supplied by +3.3V_RUN
[    2.323839] +1.05V_RUN_CAM_REAR: 1050 mV at 150 mA 
[    2.328788] +1.05V_RUN_CAM_REAR: supplied by +1.8V_VDDIO
[    2.334752] +3.3V_RUN_TOUCH: 2800 mV at 150 mA 
[    2.339356] +3.3V_RUN_TOUCH: supplied by +5V_SYS
[    2.344448] +2.8V_RUN_CAM_AF: 2800 mV at 150 mA 
[    2.349139] +2.8V_RUN_CAM_AF: supplied by +5V_SYS
[    2.354333] +1.8V_RUN_VPP_FUSE: 1800 mV at 150 mA 
[    2.359198] +1.8V_RUN_VPP_FUSE: supplied by +3.3V_RUN
[    2.367641] tegra-ehci 7d004000.usb: EHCI Host Controller
[    2.373069] tegra-ehci 7d004000.usb: new USB bus registered, assigned bus number 1
[    2.380882] tegra-ehci 7d004000.usb: irq 53, io mem 0x7d004000
[    2.392934] tegra-ehci 7d004000.usb: USB 2.0 started, EHCI 1.10
[    2.399816] hub 1-0:1.0: USB hub found
[    2.403635] hub 1-0:1.0: 1 port detected
[    2.408726] platform 7d008000.usb: Driver tegra-ehci requests probe deferral
[    2.417753] sdhci-tegra 700b0400.sdhci: Got CD GPIO #170.
[    2.423223] sdhci-tegra 700b0400.sdhci: Got WP GPIO #132.
[    2.428712] mmc1: Unknown controller version (3). You may experience problems.
[    2.436246] sdhci-tegra 700b0400.sdhci: No vmmc regulator found
[    2.442241] mmc1: Invalid maximum block size, assuming 512 bytes
[    2.483008] mmc1: SDHCI controller on 700b0400.sdhci [700b0400.sdhci] using ADMA
[    2.490802] +1.05V_RUN_AVDD_HDMI_PLL: 1050 mV 
[    2.495312] +1.05V_RUN_AVDD_HDMI_PLL: supplied by +1.05V_RUN
[    2.503393] [drm] Supports vblank timestamp caching Rev 2 (21.10.2013).
[    2.510042] [drm] No driver support for vblank timestamp query.
[    2.516018] host1x drm: No connectors reported connected with modes
[    2.522315] [drm] Cannot find any crtc or sizes - going 1024x768
[    2.538248] Console: switching to colour frame buffer device 128x48
[    2.551921] host1x drm: fb0:  frame buffer device
[    2.556651] host1x drm: registered panic notifier
[    2.573055] [drm] Initialized tegra 0.0.0 20120330 on minor 0
[    2.579680] tegra-ehci 7d008000.usb: EHCI Host Controller
[    2.585112] tegra-ehci 7d008000.usb: new USB bus registered, assigned bus number 2
[    2.592918] tegra-ehci 7d008000.usb: irq 129, io mem 0x7d008000
[    2.608050] tegra-ehci 7d008000.usb: USB 2.0 started, EHCI 1.10
[    2.615001] hub 2-0:1.0: USB hub found
[    2.618834] hub 2-0:1.0: 1 port detected
[    2.624248] input: gpio-keys as /devices/soc0/gpio-keys/input/input1
[    2.631643] as3722-rtc as3722-rtc: setting system clock to 2000-02-01 00:00:16 UTC (949363216)
[    2.650177] +1.05V_RUN_AVDD_HDMI_PLL: disabling
[    2.654771] +1.8V_RUN_VPP_FUSE: disabling
[    2.659255] +2.8V_RUN_CAM_AF: disabling
[    2.663497] +3.3V_RUN_TOUCH: disabling
[    2.667586] +1.05V_RUN_CAM_REAR: disabling
[    2.672051] +1.2V_RUN_CAM_FRONT: disabling
[    2.676293] +2.8V_RUN_CAM: disabling
[    2.679996] +1.8V_RUN_CAM: disabling
[    2.683698] +1.05V_RUN: disabling
[    2.687127] +USB0_VBUS_SW: disabling
[    2.690712] +3.3V_AVDD_HDMI_AP_GATED: disabling
[    2.695585] ALSA device list:
[    2.698559]   #0: NVIDIA Tegra Jetson TK1
[    2.703902] EXT4-fs (mmcblk0p1): couldn't mount as ext3 due to feature incompatibilities
[    2.712917] EXT4-fs (mmcblk0p1): couldn't mount as ext2 due to feature incompatibilities
[    2.728916] EXT4-fs (mmcblk0p1): recovery complete
[    2.733765] EXT4-fs (mmcblk0p1): mounted filesystem with ordered data mode. Opts: (null)
[    2.741939] VFS: Mounted root (ext4 filesystem) on device 179:1.
[    2.752718] devtmpfs: mounted
[    2.756282] Freeing unused kernel memory: 696K (c0b2b000 - c0bd9000)
bash: cannot set terminal process group (-1): Inappropriate ioctl for device
bash: no job control in this shell
root@(none):/# [    2.933074] usb 2-1: new high-speed USB device number 2 using tegra-ehci
