Diff for ./tegra30-beaver/tegra30-beaver/tegra_defconfig_log.txt
--- /tmp/fooa	2013-08-06 10:26:26.938086467 -0700
+++ /tmp/foob	2013-08-06 10:26:26.942086473 -0700
@@ -22,8 +22,8 @@
 Sending: 
 
 Transfer complete
-zModem - CRC mode, 4(SOH)/4226(STX)/0(CAN) packets, 3 retries
-## Total Size      = 0x004208c0 = 4327616 Bytes
+yzModem - CRC mode, 2(SOH)/4226(STX)/0(CAN) packets, 3 retries
+## Total Size      = 0x004207e8 = 4327400 Bytes
 Tegra30 (Beaver) # loady 0x82000000
 ## Ready for binary (ymodem) download to 0x82000000 at 230400 bps...
 CSending: tegra30-beaver.dtb
@@ -42,7 +42,7 @@
 Booting Linux on physical CPU 0x0
 Initializing cgroup subsys cpu
 Initializing cgroup subsys cpuacct
-Linux version 3.11.0-rc3-11408-g5ae90d8 (pwalmsley@tamien) (gcc version 4.5.1 (Sourcery G++ Lite 2010.09-50) ) #1 SMP PREEMPT Mon Jul 29 21:25:45 PDT 2013
+Linux version 3.11.0-rc4-11803-gc095ba7 (pwalmsley@tamien) (gcc version 4.5.1 (Sourcery G++ Lite 2010.09-50) ) #1 SMP PREEMPT Tue Aug 6 09:24:45 PDT 2013
 CPU: ARMv7 Processor [412fc099] revision 9 (ARMv7), cr=10c5387d
 CPU: PIPT / VIPT nonaliasing data cache, VIPT aliasing instruction cache
 Machine: NVIDIA Tegra SoC (Flattened Device Tree), model: NVIDIA Tegra30 Beaver evaluation board
@@ -50,7 +50,7 @@
 cma: CMA: reserved 16 MiB at ae800000
 Memory policy: ECC disabled, Data cache writealloc
 On node 0 totalpages: 524032
-free_area_init_node: node 0, pgdat c07ff780, node_mem_map c0857000
+free_area_init_node: node 0, pgdat c0801780, node_mem_map c0859000
   Normal zone: 1520 pages used for memmap
   Normal zone: 0 pages reserved
   Normal zone: 194560 pages, LIFO batch:31
@@ -61,15 +61,15 @@
 Tegra Revision: A03 SKU: 128 CPU Process: 4 Core Process: 0
 L310 cache controller enabled
 l2x0: 8 ways, CACHE_ID 0x410000c7, AUX_CTRL 0x7e480001, Cache size: 1048576 B
-PERCPU: Embedded 8 pages/cpu @c1869000 s9536 r8192 d15040 u32768
-pcpu-alloc: s9536 r8192 d15040 u32768 alloc=8*4096
+PERCPU: Embedded 8 pages/cpu @c186b000 s9472 r8192 d15104 u32768
+pcpu-alloc: s9472 r8192 d15104 u32768 alloc=8*4096
 pcpu-alloc: [0] 0 [0] 1 [0] 2 [0] 3 
 Built 1 zonelists in Zone order, mobility grouping on.  Total pages: 522512
 Kernel command line: console=ttyS0,230400n8 noinitrd root=/dev/mmcblk0p1 rw rootwait gpt ignore_loglevel debug
 PID hash table entries: 4096 (order: 2, 16384 bytes)
 Dentry cache hash table entries: 131072 (order: 7, 524288 bytes)
 Inode-cache hash table entries: 65536 (order: 6, 262144 bytes)
-Memory: 2053756K/2096128K available (5874K kernel code, 299K rwdata, 1748K rodata, 237K init, 342K bss, 42372K reserved, 1317888K highmem)
+Memory: 2053744K/2096128K available (5878K kernel code, 299K rwdata, 1748K rodata, 237K init, 342K bss, 42384K reserved, 1317888K highmem)
 Virtual kernel memory layout:
     vector  : 0xffff0000 - 0xffff1000   (   4 kB)
     fixmap  : 0xfff00000 - 0xfffe0000   ( 896 kB)
@@ -77,10 +77,10 @@
     lowmem  : 0xc0000000 - 0xef800000   ( 760 MB)
     pkmap   : 0xbfe00000 - 0xc0000000   (   2 MB)
     modules : 0xbf000000 - 0xbfe00000   (  14 MB)
-      .text : 0xc0008000 - 0xc0779e34   (7624 kB)
-      .init : 0xc077a000 - 0xc07b5540   ( 238 kB)
-      .data : 0xc07b6000 - 0xc0800e60   ( 300 kB)
-       .bss : 0xc0800e60 - 0xc0856690   ( 343 kB)
+      .text : 0xc0008000 - 0xc077ae7c   (7628 kB)
+      .init : 0xc077b000 - 0xc07b6500   ( 238 kB)
+      .data : 0xc07b8000 - 0xc0802e60   ( 300 kB)
+       .bss : 0xc0802e60 - 0xc08586d0   ( 343 kB)
 Preemptible hierarchical RCU implementation.
 NR_IRQS:16 nr_irqs:16 16
 sched_clock: 32 bits at 1000kHz, resolution 1000ns, wraps every 4294967ms
@@ -92,7 +92,7 @@
 Initializing cgroup subsys freezer
 CPU: Testing write buffer coherency: ok
 CPU0: thread -1, cpu 0, socket 0, mpidr 80000000
-Setting up static identity map for 0xc0596dc0 - 0xc0596e58
+Setting up static identity map for 0xc0597040 - 0xc05970d8
 CPU1: Booted secondary processor
 CPU1: thread -1, cpu 1, socket 0, mpidr 80000001
 CPU2: Booted secondary processor
@@ -279,11 +279,11 @@
 EXT3-fs (mmcblk0p1): mounted filesystem with writeback data mode
 VFS: Mounted root (ext3 filesystem) on device 179:1.
 devtmpfs: mounted
-Freeing unused kernel memory: 236K (c077a000 - c07b5000)
+Freeing unused kernel memory: 236K (c077b000 - c07b6000)
  
 INIT: version 2.88 booting
 Using makefile-style concurrent boot in runlevel S.
-Starting the hotplug events dispatcher: udevd[    2.713064] udevd[179]: starting version 175
+Starting the hotplug events dispatcher: udevd[    2.727219] udevd[178]: starting version 175
 [ ok .
 Synthesizing the initial hotplug events...[ ok done.
 Waiting for /dev to be fully populated...[ ok done.
Diff for ./tegra30-beaver/tegra30-beaver/multi_v7_defconfig_log.txt
--- /tmp/fooa	2013-08-06 10:26:26.946086478 -0700
+++ /tmp/foob	2013-08-06 10:26:26.950086483 -0700
@@ -22,15 +22,15 @@
 Sending: 
 
 Transfer complete
-yzModem - CRC mode, 9(SOH)/3871(STX)/0(CAN) packets, 3 retries
-## Total Size      = 0x003c7f48 = 3964744 Bytes
+yzModem - CRC mode, 2(SOH)/3872(STX)/0(CAN) packets, 3 retries
+## Total Size      = 0x003c8000 = 3964928 Bytes
 Tegra30 (Beaver) # loady 0x82000000
 ## Ready for binary (ymodem) download to 0x82000000 at 230400 bps...
 CSending: tegra30-beaver.dtb
 Sending: 
 
 Transfer complete
-xyzModem - CRC mode, 2(SOH)/17(STX)/0(CAN) packets, 3 retries
+yzModem - CRC mode, 2(SOH)/17(STX)/0(CAN) packets, 3 retries
 ## Total Size      = 0x0000439d = 17309 Bytes
 Tegra30 (Beaver) # bootz 0x81000000 - 0x82000000
 ## Flattened Device Tree blob at 82000000
@@ -40,7 +40,7 @@
 Starting kernel ...
 
 Booting Linux on physical CPU 0x0
-Linux version 3.11.0-rc3-11408-g5ae90d8 (pwalmsley@tamien) (gcc version 4.5.1 (Sourcery G++ Lite 2010.09-50) ) #1 SMP Mon Jul 29 21:28:11 PDT 2013
+Linux version 3.11.0-rc4-11803-gc095ba7 (pwalmsley@tamien) (gcc version 4.5.1 (Sourcery G++ Lite 2010.09-50) ) #1 SMP Tue Aug 6 09:27:13 PDT 2013
 CPU: ARMv7 Processor [412fc099] revision 9 (ARMv7), cr=10c5387d
 CPU: PIPT / VIPT nonaliasing data cache, VIPT aliasing instruction cache
 Machine: NVIDIA Tegra SoC (Flattened Device Tree), model: NVIDIA Tegra30 Beaver evaluation board
@@ -66,15 +66,15 @@
 PID hash table entries: 4096 (order: 2, 16384 bytes)
 Dentry cache hash table entries: 131072 (order: 7, 524288 bytes)
 Inode-cache hash table entries: 65536 (order: 6, 262144 bytes)
-Memory: 2070584K/2096128K available (5379K kernel code, 584K rwdata, 1412K rodata, 479K init, 279K bss, 25544K reserved, 1317888K highmem)
+Memory: 2070580K/2096128K available (5383K kernel code, 584K rwdata, 1412K rodata, 479K init, 279K bss, 25548K reserved, 1317888K highmem)
 Virtual kernel memory layout:
     vector  : 0xffff0000 - 0xffff1000   (   4 kB)
     fixmap  : 0xfff00000 - 0xfffe0000   ( 896 kB)
     vmalloc : 0xf0000000 - 0xff000000   ( 240 MB)
     lowmem  : 0xc0000000 - 0xef800000   ( 760 MB)
     pkmap   : 0xbfe00000 - 0xc0000000   (   2 MB)
-      .text : 0xc0008000 - 0xc06aa034   (6793 kB)
-      .init : 0xc06ab000 - 0xc0722c00   ( 479 kB)
+      .text : 0xc0008000 - 0xc06ab024   (6797 kB)
+      .init : 0xc06ac000 - 0xc0723c00   ( 479 kB)
       .data : 0xc0724000 - 0xc07b6140   ( 585 kB)
        .bss : 0xc07b6140 - 0xc07fbe14   ( 280 kB)
 SLUB: HWalign=64, Order=0-3, MinObjects=0, CPUs=4, Nodes=1
@@ -87,7 +87,7 @@
 Mount-cache hash table entries: 512
 CPU: Testing write buffer coherency: ok
 CPU0: thread -1, cpu 0, socket 0, mpidr 80000000
-Setting up static identity map for 0xc051ba80 - 0xc051bb18
+Setting up static identity map for 0xc051c128 - 0xc051c1c0
 unable to find compatible sirf rstc node in dtb
 CPU1: Booted secondary processor
 CPU1: thread -1, cpu 1, socket 0, mpidr 80000001
@@ -232,11 +232,11 @@
 EXT4-fs (mmcblk0p1): mounted filesystem with ordered data mode. Opts: (null)
 VFS: Mounted root (ext3 filesystem) on device 179:1.
 devtmpfs: mounted
-Freeing unused kernel memory: 476K (c06ab000 - c0722000)
+Freeing unused kernel memory: 476K (c06ac000 - c0723000)
  
 INIT: version 2.88 booting
 Using makefile-style concurrent boot in runlevel S.
-Starting the hotplug events dispatcher: udevd[    2.142901] udevd[159]: starting version 175
+Starting the hotplug events dispatcher: udevd[    2.135130] udevd[159]: starting version 175
 [ ok .
 Synthesizing the initial hotplug events...[ ok done.
 Waiting for /dev to be fully populated...[ ok done.
Diff for ./tegra114-dalmore-headless/tegra114-dalmore/tegra_defconfig_log.txt
--- /tmp/fooa	2013-08-06 10:26:26.954086490 -0700
+++ /tmp/foob	2013-08-06 10:26:26.958086497 -0700
@@ -28,9 +28,9 @@
 TFTP from server 192.168.100.1; our IP address is 192.168.100.100
 Filename 'zImage.tegra_defconfig'.
 Load address: 0x81000000
-Loading: *#################################################  2.6 MiB/s
+Loading: *#################################################  2.8 MiB/s
 done
-Bytes transferred = 4327616 (4208c0 hex)
+Bytes transferred = 4327400 (4207e8 hex)
 Dalmore #tftpboot 0x82000000 tegra114-dalmore.dtb
 Using asx0 device
 TFTP from server 192.168.100.1; our IP address is 192.168.100.100
@@ -49,15 +49,15 @@
 Timer summary in microseconds:
        Mark    Elapsed  Stage
           0          0  awake
-  3,047,274  3,047,274  usb_start
-  7,050,673  4,003,399  eth_start
-  7,050,671         -2  tftp start
- 11,116,896  4,066,225  tftp done
- 13,062,991  1,946,095  start_kernel
+  3,058,552  3,058,552  usb_start
+  7,061,768  4,003,216  eth_start
+  7,061,766         -2  tftp start
+ 10,976,675  3,914,909  tftp done
+ 13,073,973  2,097,298  start_kernel
 Booting Linux on physical CPU 0x0
 Initializing cgroup subsys cpu
 Initializing cgroup subsys cpuacct
-Linux version 3.11.0-rc3-11408-g5ae90d8 (pwalmsley@tamien) (gcc version 4.5.1 (Sourcery G++ Lite 2010.09-50) ) #1 SMP PREEMPT Mon Jul 29 21:25:45 PDT 2013
+Linux version 3.11.0-rc4-11803-gc095ba7 (pwalmsley@tamien) (gcc version 4.5.1 (Sourcery G++ Lite 2010.09-50) ) #1 SMP PREEMPT Tue Aug 6 09:24:45 PDT 2013
 CPU: ARMv7 Processor [412fc0f2] revision 2 (ARMv7), cr=10c5387d
 CPU: PIPT / VIPT nonaliasing data cache, PIPT instruction cache
 Machine: NVIDIA Tegra SoC (Flattened Device Tree), model: NVIDIA Tegra114 Dalmore evaluation board
@@ -65,22 +65,22 @@
 cma: CMA: reserved 16 MiB at ae800000
 Memory policy: ECC disabled, Data cache writealloc
 On node 0 totalpages: 524032
-free_area_init_node: node 0, pgdat c07ff780, node_mem_map c0857000
+free_area_init_node: node 0, pgdat c0801780, node_mem_map c0859000
   Normal zone: 1520 pages used for memmap
   Normal zone: 0 pages reserved
   Normal zone: 194560 pages, LIFO batch:31
   HighMem zone: 2574 pages used for memmap
   HighMem zone: 329472 pages, LIFO batch:31
 Tegra Revision: A01 SKU: 0 CPU Process: 1 Core Process: 1
-PERCPU: Embedded 8 pages/cpu @c186c000 s9536 r8192 d15040 u32768
-pcpu-alloc: s9536 r8192 d15040 u32768 alloc=8*4096
+PERCPU: Embedded 8 pages/cpu @c186e000 s9472 r8192 d15104 u32768
+pcpu-alloc: s9472 r8192 d15104 u32768 alloc=8*4096
 pcpu-alloc: [0] 0 [0] 1 [0] 2 [0] 3 
 Built 1 zonelists in Zone order, mobility grouping on.  Total pages: 522512
 Kernel command line: ignore_loglevel console=ttyS0,115200n8 rw root=/dev/mmcblk0p1 rootwait gpt init=/bin/bash
 PID hash table entries: 4096 (order: 2, 16384 bytes)
 Dentry cache hash table entries: 131072 (order: 7, 524288 bytes)
 Inode-cache hash table entries: 65536 (order: 6, 262144 bytes)
-Memory: 2053740K/2096128K available (5874K kernel code, 299K rwdata, 1748K rodata, 237K init, 342K bss, 42388K reserved, 1317888K highmem)
+Memory: 2053728K/2096128K available (5878K kernel code, 299K rwdata, 1748K rodata, 237K init, 342K bss, 42400K reserved, 1317888K highmem)
 Virtual kernel memory layout:
     vector  : 0xffff0000 - 0xffff1000   (   4 kB)
     fixmap  : 0xfff00000 - 0xfffe0000   ( 896 kB)
@@ -88,10 +88,10 @@
     lowmem  : 0xc0000000 - 0xef800000   ( 760 MB)
     pkmap   : 0xbfe00000 - 0xc0000000   (   2 MB)
     modules : 0xbf000000 - 0xbfe00000   (  14 MB)
-      .text : 0xc0008000 - 0xc0779e34   (7624 kB)
-      .init : 0xc077a000 - 0xc07b5540   ( 238 kB)
-      .data : 0xc07b6000 - 0xc0800e60   ( 300 kB)
-       .bss : 0xc0800e60 - 0xc0856690   ( 343 kB)
+      .text : 0xc0008000 - 0xc077ae7c   (7628 kB)
+      .init : 0xc077b000 - 0xc07b6500   ( 238 kB)
+      .data : 0xc07b8000 - 0xc0802e60   ( 300 kB)
+       .bss : 0xc0802e60 - 0xc08586d0   ( 343 kB)
 Preemptible hierarchical RCU implementation.
 NR_IRQS:16 nr_irqs:16 16
 sched_clock: 32 bits at 1000kHz, resolution 1000ns, wraps every 4294967ms
@@ -110,7 +110,7 @@
 /cpus/cpu@2 missing clock-frequency property
 /cpus/cpu@3 missing clock-frequency property
 CPU0: thread -1, cpu 0, socket 0, mpidr 80000000
-Setting up static identity map for 0xc0596dc0 - 0xc0596e58
+Setting up static identity map for 0xc0597040 - 0xc05970d8
 CPU1: Booted secondary processor
 CPU1: thread -1, cpu 1, socket 0, mpidr 80000001
 CPU2: Booted secondary processor
@@ -291,15 +291,13 @@
 tegra_rtc 7000e000.rtc: setting system clock to 1970-01-01 00:00:16 UTC (16)
 ALSA device list:
   #0: NVIDIA Tegra Dalmore
- 
 kjournald starting.  Commit interval 5 seconds
 EXT3-fs (mmcblk0p1): using internal journal
 EXT3-fs (mmcblk0p1): recovery complete
 EXT3-fs (mmcblk0p1): mounted filesystem with writeback data mode
 VFS: Mounted root (ext3 filesystem) on device 179:1.
 devtmpfs: mounted
-Freeing unused kernel memory: 236K (c077a000 - c07b5000)
+Freeing unused kernel memory: 236K (c077b000 - c07b6000)
 bash: cannot set terminal process group (-1): Inappropriate ioctl for device
 bash: no job control in this shell
-I have no name!@(none):/#  
 I have no name!@(none):/# 
\ No newline at end of file
Diff for ./tegra114-dalmore-headless/tegra114-dalmore/multi_v7_defconfig_log.txt
--- /tmp/fooa	2013-08-06 10:26:26.966086509 -0700
+++ /tmp/foob	2013-08-06 10:26:26.966086509 -0700
@@ -30,7 +30,7 @@
 Load address: 0x81000000
 Loading: *#################################################  2.8 MiB/s
 done
-Bytes transferred = 3964744 (3c7f48 hex)
+Bytes transferred = 3964928 (3c8000 hex)
 Dalmore #tftpboot 0x82000000 tegra114-dalmore.dtb
 Using asx0 device
 TFTP from server 192.168.100.1; our IP address is 192.168.100.100
@@ -49,13 +49,13 @@
 Timer summary in microseconds:
        Mark    Elapsed  Stage
           0          0  awake
-  3,050,271  3,050,271  usb_start
-  7,053,914  4,003,643  eth_start
-  7,053,912         -2  tftp start
- 10,897,766  3,843,854  tftp done
- 13,066,247  2,168,481  start_kernel
+  3,102,987  3,102,987  usb_start
+  7,106,482  4,003,495  eth_start
+  7,106,479         -3  tftp start
+ 10,885,356  3,778,877  tftp done
+ 12,118,935  1,233,579  start_kernel
 Booting Linux on physical CPU 0x0
-Linux version 3.11.0-rc3-11408-g5ae90d8 (pwalmsley@tamien) (gcc version 4.5.1 (Sourcery G++ Lite 2010.09-50) ) #1 SMP Mon Jul 29 21:28:11 PDT 2013
+Linux version 3.11.0-rc4-11803-gc095ba7 (pwalmsley@tamien) (gcc version 4.5.1 (Sourcery G++ Lite 2010.09-50) ) #1 SMP Tue Aug 6 09:27:13 PDT 2013
 CPU: ARMv7 Processor [412fc0f2] revision 2 (ARMv7), cr=10c5387d
 CPU: PIPT / VIPT nonaliasing data cache, PIPT instruction cache
 Machine: NVIDIA Tegra SoC (Flattened Device Tree), model: NVIDIA Tegra114 Dalmore evaluation board
@@ -77,15 +77,15 @@
 PID hash table entries: 4096 (order: 2, 16384 bytes)
 Dentry cache hash table entries: 131072 (order: 7, 524288 bytes)
 Inode-cache hash table entries: 65536 (order: 6, 262144 bytes)
-Memory: 2070568K/2096128K available (5379K kernel code, 584K rwdata, 1412K rodata, 479K init, 279K bss, 25560K reserved, 1317888K highmem)
+Memory: 2070564K/2096128K available (5383K kernel code, 584K rwdata, 1412K rodata, 479K init, 279K bss, 25564K reserved, 1317888K highmem)
 Virtual kernel memory layout:
     vector  : 0xffff0000 - 0xffff1000   (   4 kB)
     fixmap  : 0xfff00000 - 0xfffe0000   ( 896 kB)
     vmalloc : 0xf0000000 - 0xff000000   ( 240 MB)
     lowmem  : 0xc0000000 - 0xef800000   ( 760 MB)
     pkmap   : 0xbfe00000 - 0xc0000000   (   2 MB)
-      .text : 0xc0008000 - 0xc06aa034   (6793 kB)
-      .init : 0xc06ab000 - 0xc0722c00   ( 479 kB)
+      .text : 0xc0008000 - 0xc06ab024   (6797 kB)
+      .init : 0xc06ac000 - 0xc0723c00   ( 479 kB)
       .data : 0xc0724000 - 0xc07b6140   ( 585 kB)
        .bss : 0xc07b6140 - 0xc07fbe14   ( 280 kB)
 SLUB: HWalign=64, Order=0-3, MinObjects=0, CPUs=4, Nodes=1
@@ -105,7 +105,7 @@
 /cpus/cpu@2 missing clock-frequency property
 /cpus/cpu@3 missing clock-frequency property
 CPU0: thread -1, cpu 0, socket 0, mpidr 80000000
-Setting up static identity map for 0xc051ba80 - 0xc051bb18
+Setting up static identity map for 0xc051c128 - 0xc051c1c0
 unable to find compatible sirf rstc node in dtb
 CPU1: Booted secondary processor
 CPU1: thread -1, cpu 1, socket 0, mpidr 80000001
@@ -228,9 +228,8 @@
 reg-fixed-voltage 5.regulator: Failed to register regulator: -517
 mmc1: BKOPS_EN bit is not set
 platform 5.regulator: Driver reg-fixed-voltage requests probe deferral
-tegra_rtc 7000e000.rtc: setting system clock to 1970-01-01 00:00:15 UTC (15)
+tegra_rtc 7000e000.rtc: setting system clock to 1970-01-01 00:00:14 UTC (14)
 Waiting for root device /dev/mmcblk0p1...
- 
 mmc1: new HS200 MMC card at address 0001
 mmcblk0: mmc1:0001 SEM32G 29.1 GiB 
 mmcblk0boot0: mmc1:0001 SEM32G partition 1 4.00 MiB
@@ -257,8 +256,7 @@
 EXT4-fs (mmcblk0p1): mounted filesystem with ordered data mode. Opts: (null)
 VFS: Mounted root (ext3 filesystem) on device 179:1.
 devtmpfs: mounted
-Freeing unused kernel memory: 476K (c06ab000 - c0722000)
+Freeing unused kernel memory: 476K (c06ac000 - c0723000)
 bash: cannot set terminal process group (-1): Inappropriate ioctl for device
 bash: no job control in this shell
-I have no name!@(none):/#  
 I have no name!@(none):/# 
\ No newline at end of file
