[    0.000000] Booting Linux on physical CPU 0x0
[    0.000000] Linux version 4.9.0-rc6-152872-g9c76358 (pwalmsley@tamien) (gcc version 4.9.2 20140904 (prerelease) (crosstool-NG linaro-1.13.1-4.9-2014.09 - Linaro GCC 4.9-2014.09) ) #1 SMP PREEMPT Mon Nov 21 03:37:03 PST 2016
[    0.000000] Boot CPU: AArch64 Processor [411fd070]
[    0.000000] Memory limited to 1024MB
[    0.000000] efi: Getting EFI parameters from FDT:
[    0.000000] efi: UEFI not found.
[    0.000000] cma: Reserved 16 MiB at 0x000000007f000000
[    0.000000] psci: probing for conduit method from DT.
[    0.000000] psci: PSCIv0.2 detected in firmware.
[    0.000000] psci: Using standard PSCI v0.2 function IDs
[    0.000000] psci: Trusted OS migration not required
[    0.000000] percpu: Embedded 21 pages/cpu @ffff80003efd5000 s48000 r8192 d29824 u86016
[    0.000000] Detected PIPT I-cache on CPU0
[    0.000000] CPU features: enabling workaround for ARM erratum 832075
[    0.000000] CPU features: enabling workaround for ARM erratum 834220
[    0.000000] Built 1 zonelists in Zone order, mobility grouping on.  Total pages: 258048
[    0.000000] Kernel command line: root=/dev/vda2 rw rootwait mem=1024M console=ttyAMA0,38400n8 init=/bin/bash
[    0.000000] PID hash table entries: 4096 (order: 3, 32768 bytes)
[    0.000000] Dentry cache hash table entries: 131072 (order: 8, 1048576 bytes)
[    0.000000] Inode-cache hash table entries: 65536 (order: 7, 524288 bytes)
[    0.000000] Memory: 999592K/1048576K available (8252K kernel code, 858K rwdata, 3904K rodata, 1024K init, 281K bss, 32600K reserved, 16384K cma-reserved)
[    0.000000] Virtual kernel memory layout:
[    0.000000]     modules : 0xffff000000000000 - 0xffff000008000000   (   128 MB)
[    0.000000]     vmalloc : 0xffff000008000000 - 0xffff7dffbfff0000   (129022 GB)
[    0.000000]       .text : 0xffff000008080000 - 0xffff000008890000   (  8256 KB)
[    0.000000]     .rodata : 0xffff000008890000 - 0xffff000008c70000   (  3968 KB)
[    0.000000]       .init : 0xffff000008c70000 - 0xffff000008d70000   (  1024 KB)
[    0.000000]       .data : 0xffff000008d70000 - 0xffff000008e46a00   (   859 KB)
[    0.000000]        .bss : 0xffff000008e46a00 - 0xffff000008e8cf40   (   282 KB)
[    0.000000]     fixed   : 0xffff7dfffe7fd000 - 0xffff7dfffec00000   (  4108 KB)
[    0.000000]     PCI I/O : 0xffff7dfffee00000 - 0xffff7dffffe00000   (    16 MB)
[    0.000000]     vmemmap : 0xffff7e0000000000 - 0xffff800000000000   (  2048 GB maximum)
[    0.000000]               0xffff7e0000000000 - 0xffff7e0001000000   (    16 MB actual)
[    0.000000]     memory  : 0xffff800000000000 - 0xffff800040000000   (  1024 MB)
[    0.000000] SLUB: HWalign=64, Order=0-3, MinObjects=0, CPUs=1, Nodes=1
[    0.000000] Preemptible hierarchical RCU implementation.
[    0.000000] 	Build-time adjustment of leaf fanout to 64.
[    0.000000] 	RCU restricting CPUs from NR_CPUS=64 to nr_cpu_ids=1.
[    0.000000] RCU: Adjusting geometry for rcu_fanout_leaf=64, nr_cpu_ids=1
[    0.000000] NR_IRQS:64 nr_irqs:64 0
[    0.000000] GICv2m: range[mem 0x08020000-0x08020fff], SPI[80:143]
[    0.000000] arm_arch_timer: WARNING: Invalid trigger for IRQ3, assuming level low
[    0.000000] arm_arch_timer: WARNING: Please fix your firmware
[    0.000000] arm_arch_timer: Architected cp15 timer(s) running at 62.50MHz (virt).
[    0.000000] clocksource: arch_sys_counter: mask: 0xffffffffffffff max_cycles: 0x1cd42e208c, max_idle_ns: 881590405314 ns
[    0.000166] sched_clock: 56 bits at 62MHz, resolution 16ns, wraps every 4398046511096ns
[    0.006918] Console: colour dummy device 80x25
[    0.007659] Calibrating delay loop (skipped), value calculated using timer frequency.. 125.00 BogoMIPS (lpj=250000)
[    0.007953] pid_max: default: 32768 minimum: 301
[    0.009332] Security Framework initialized
[    0.009831] Mount-cache hash table entries: 2048 (order: 2, 16384 bytes)
[    0.009882] Mountpoint-cache hash table entries: 2048 (order: 2, 16384 bytes)
[    0.035932] ASID allocator initialised with 65536 entries
[    0.068321] EFI services will not be available.
[    0.083116] Brought up 1 CPUs
[    0.083177] SMP: Total of 1 processors activated.
[    0.083296] CPU features: detected feature: 32-bit EL0 Support
[    0.083842] CPU: All CPU(s) started at EL1
[    0.084477] alternatives: patching kernel code
[    0.098758] devtmpfs: initialized
[    0.114749] DMI not present or invalid.
[    0.116748] clocksource: jiffies: mask: 0xffffffff max_cycles: 0xffffffff, max_idle_ns: 7645041785100000 ns
[    0.121131] pinctrl core: initialized pinctrl subsystem
[    0.157732] NET: Registered protocol family 16
[    0.186204] cpuidle: using governor menu
[    0.188012] vdso: 2 pages (1 code @ ffff000008897000, 1 data @ ffff000008d74000)
[    0.188286] hw-breakpoint: found 6 breakpoint and 4 watchpoint registers.
[    0.195558] DMA: preallocated 256 KiB pool for atomic allocations
[    0.199291] Serial: AMBA PL011 UART driver
[    0.264424] 9000000.pl011: ttyAMA0 at MMIO 0x9000000 (irq = 39, base_baud = 0) is a PL011 rev1
[    0.298835] console [ttyAMA0] enabled
[    0.305612] irq: type mismatch, failed to map hwirq-27 for /intc!
[    0.460796] HugeTLB registered 2 MB page size, pre-allocated 0 pages
[    0.481038] ACPI: Interpreter disabled.
[    0.491632] vgaarb: loaded
[    0.494764] SCSI subsystem initialized
[    0.505456] usbcore: registered new interface driver usbfs
[    0.508344] usbcore: registered new interface driver hub
[    0.509666] usbcore: registered new device driver usb
[    0.515178] pps_core: LinuxPPS API ver. 1 registered
[    0.515633] pps_core: Software ver. 5.3.6 - Copyright 2005-2007 Rodolfo Giometti <giometti@linux.it>
[    0.518754] PTP clock support registered
[    0.521683] dmi: Firmware registration failed.
[    0.523671] Advanced Linux Sound Architecture Driver Initialized.
[    0.540204] clocksource: Switched to clocksource arch_sys_counter
[    0.541810] VFS: Disk quotas dquot_6.6.0
[    0.544810] VFS: Dquot-cache hash table entries: 512 (order 0, 4096 bytes)
[    0.547901] pnp: PnP ACPI: disabled
[    0.633345] NET: Registered protocol family 2
[    0.641236] TCP established hash table entries: 8192 (order: 4, 65536 bytes)
[    0.641885] TCP bind hash table entries: 8192 (order: 5, 131072 bytes)
[    0.642526] TCP: Hash tables configured (established 8192 bind 8192)
[    0.643632] UDP hash table entries: 512 (order: 2, 16384 bytes)
[    0.644075] UDP-Lite hash table entries: 512 (order: 2, 16384 bytes)
[    0.646678] NET: Registered protocol family 1
[    0.659418] RPC: Registered named UNIX socket transport module.
[    0.659765] RPC: Registered udp transport module.
[    0.660411] RPC: Registered tcp transport module.
[    0.660793] RPC: Registered tcp NFSv4.1 backchannel transport module.
[    0.668741] kvm [1]: HYP mode not available
[    0.683385] futex hash table entries: 256 (order: 3, 32768 bytes)
[    0.686514] audit: initializing netlink subsys (disabled)
[    0.687820] audit: type=2000 audit(0.652:1): initialized
[    0.697616] workingset: timestamp_bits=46 max_order=18 bucket_order=0
[    0.779328] squashfs: version 4.0 (2009/01/31) Phillip Lougher
[    0.790446] NFS: Registering the id_resolver key type
[    0.791474] Key type id_resolver registered
[    0.791703] Key type id_legacy registered
[    0.792934] nfs4filelayout_init: NFSv4 File Layout Driver Registering...
[    0.794599] 9p: Installing v9fs 9p2000 file system support
[    0.809867] Block layer SCSI generic (bsg) driver version 0.4 loaded (major 247)
[    0.810379] io scheduler noop registered
[    0.811210] io scheduler cfq registered (default)
[    0.825936] libphy: mdio_driver_register: phy-bcm-ns2-pci
[    0.845977] pl061_gpio 9030000.pl061: PL061 GPIO chip @0x0000000009030000 registered
[    0.855938] OF: PCI: host bridge /pcie@10000000 ranges:
[    0.857567] OF: PCI:    IO 0x3eff0000..0x3effffff -> 0x00000000
[    0.858389] OF: PCI:   MEM 0x10000000..0x3efeffff -> 0x10000000
[    0.858900] OF: PCI:   MEM 0x8000000000..0xffffffffff -> 0x8000000000
[    0.860591] pci-host-generic 3f000000.pcie: ECAM at [mem 0x3f000000-0x3fffffff] for [bus 00-0f]
[    0.862775] pci-host-generic 3f000000.pcie: PCI host bridge to bus 0000:00
[    0.863493] pci_bus 0000:00: root bus resource [bus 00-0f]
[    0.864007] pci_bus 0000:00: root bus resource [io  0x0000-0xffff]
[    0.865101] pci_bus 0000:00: root bus resource [mem 0x10000000-0x3efeffff]
[    0.865641] pci_bus 0000:00: root bus resource [mem 0x8000000000-0xffffffffff]
[    0.924647] xenfs: not registering filesystem on non-xen platform
[    0.966680] Serial: 8250/16550 driver, 4 ports, IRQ sharing disabled
[    0.983290] SuperH (H)SCI(F) driver initialized
[    0.987418] msm_serial: driver initialized
[    0.993414] Unable to detect cache hierarchy from DT for CPU 0
[    1.062868] loop: module loaded
[    1.094950]  vda: vda1 vda2
[    1.110397] hisi_sas: driver version v1.6
[    1.138263] libphy: Fixed MDIO Bus: probed
[    1.143683] tun: Universal TUN/TAP device driver, 1.6
[    1.143961] tun: (C) 1999-2004 Max Krasnyansky <maxk@qualcomm.com>
[    1.163848] e1000e: Intel(R) PRO/1000 Network Driver - 3.2.6-k
[    1.164885] e1000e: Copyright(c) 1999 - 2015 Intel Corporation.
[    1.166043] igb: Intel(R) Gigabit Ethernet Network Driver - version 5.4.0-k
[    1.166347] igb: Copyright (c) 2007-2014 Intel Corporation.
[    1.167331] igbvf: Intel(R) Gigabit Virtual Function Network Driver - version 2.4.0-k
[    1.167665] igbvf: Copyright (c) 2009 - 2012 Intel Corporation.
[    1.168928] sky2: driver version 1.30
[    1.174542] VFIO - User Level meta-driver version: 0.3
[    1.191811] ehci_hcd: USB 2.0 'Enhanced' Host Controller (EHCI) Driver
[    1.192730] ehci-pci: EHCI PCI platform driver
[    1.193521] ehci-platform: EHCI generic platform driver
[    1.195037] ehci-exynos: EHCI EXYNOS driver
[    1.196681] ehci-msm: Qualcomm On-Chip EHCI Host Controller
[    1.197872] ohci_hcd: USB 1.1 'Open' Host Controller (OHCI) Driver
[    1.198264] ohci-pci: OHCI PCI platform driver
[    1.199025] ohci-platform: OHCI generic platform driver
[    1.200853] ohci-exynos: OHCI EXYNOS driver
[    1.206110] usbcore: registered new interface driver usb-storage
[    1.217398] mousedev: PS/2 mouse device common for all mice
[    1.228858] rtc-pl031 9010000.pl031: rtc core: registered pl031 as rtc0
[    1.234998] i2c /dev entries driver
[    1.261404] sdhci: Secure Digital Host Controller Interface driver
[    1.261715] sdhci: Copyright(c) Pierre Ossman
[    1.265610] Synopsys Designware Multimedia Card Interface Driver
[    1.269326] sdhci-pltfm: SDHCI platform and OF driver helper
[    1.276064] ledtrig-cpu: registered to indicate activity on CPUs
[    1.287743] usbcore: registered new interface driver usbhid
[    1.289291] usbhid: USB HID core driver
[    1.303940] NET: Registered protocol family 17
[    1.306321] 9pnet: Installing 9P2000 support
[    1.307137] Key type dns_resolver registered
[    1.312784] registered taskstats version 1
[    1.321923] input: gpio-keys as /devices/platform/gpio-keys/input/input0
[    1.325857] rtc-pl031 9010000.pl031: setting system clock to 2016-11-21 11:37:39 UTC (1479728259)
[    1.327708] ALSA device list:
[    1.327884]   No soundcards found.
[    1.332647] uart-pl011 9000000.pl011: no DMA platform data
[    1.339130] EXT4-fs (vda2): couldn't mount as ext3 due to feature incompatibilities
[    1.400372] EXT4-fs (vda2): recovery complete
[    1.401092] EXT4-fs (vda2): mounted filesystem with ordered data mode. Opts: (null)
[    1.401708] VFS: Mounted root (ext4 filesystem) on device 254:2.
[    1.404908] devtmpfs: mounted
[    1.446058] Freeing unused kernel memory: 1024K (ffff800000c70000 - ffff800000d70000)
bash: cannot set terminal process group (-1): Inappropriate ioctl for device
bash: no job control in this shell
bash-4.3# 