

U-Boot 2015.04-00466-gedec83e90172 (Mar 14 2016 - 10:42:01)

TEGRA124
Model: Acer Chromebook 13 CB5-311
DRAM:  4 GiB
C:   Tegra SD/MMC: 0, Tegra SD/MMC: 1, Tegra SD/MMC: 2
MMC init failed
Using default environment

In:    serial
Out:   serial
Err:   serial
Net:   Net Initialization Skipped
No ethernet found.
Hit any key to stop autoboot:  2  0 
Tegra124 (Nyan-big) # 
Tegra124 (Nyan-big) # usb start
starting USB...
USB0:   USB EHCI 1.10
scanning bus 0 for devices... 2 USB Device(s) found
USB1:   USB EHCI 1.10
scanning bus 1 for devices... 2 USB Device(s) found
       scanning usb for storage devices... 1 Storage Device(s) found
       scanning usb for ethernet devices... 
Warning: asx0 using MAC address from net device
1 Ethernet Device(s) found
Tegra124 (Nyan-big) # mw 0x7000e4a0 0x00080000
Tegra124 (Nyan-big) # setenv bootargs 'ignore_loglevel console=ttyS0,115200n8 rw root=PARTUUID=4d36e82a-b3c0-4b4b-bfcd-afe5217ac023 rootwait gpt debug noinitrd earlyprintk init=/bin/bash'
Tegra124 (Nyan-big) # setenv ipaddr 192.168.100.102; setenv serverip 192.168.100.1; setenv tftpserverip 192.168.100.1
Tegra124 (Nyan-big) # tftpboot 0x82000000 zImage.multi_v7_defconfig
Using asx0 device
TFTP from server 192.168.100.1; our IP address is 192.168.100.102
Filename 'zImage.multi_v7_defconfig'.
Load address: 0x82000000
Loading: *#################################################################
	 #################################################################
	 #################################################################
	 #################################################################
	 #################################################################
	 #################################################################
	 #################################################################
	 ###################################################
	 3.5 MiB/s
done
Bytes transferred = 7413856 (712060 hex)
Tegra124 (Nyan-big) # tftpboot 0x83000000 tegra124-nyan-big.dtb
Using asx0 device
TFTP from server 192.168.100.1; our IP address is 192.168.100.102
Filename 'tegra124-nyan-big.dtb'.
Load address: 0x83000000
Loading: *#####
	 3.2 MiB/s
done
Bytes transferred = 67943 (10967 hex)
Tegra124 (Nyan-big) # bootz 0x82000000 - 0x83000000
Kernel image @ 0x82000000 [ 0x000000 - 0x712060 ]
## Flattened Device Tree blob at 83000000
   Booting using the fdt blob at 0x83000000
   Using Device Tree in place at 83000000, end 83013966

Starting kernel ...

[    0.000000] Booting Linux on physical CPU 0x0
[    0.000000] Linux version 4.10.0-rc8-143185-g7089db8 (pwalmsley@sellafield) (gcc version 4.7.3 20130328 (prerelease) (crosstool-NG linaro-1.13.1-4.7-2013.04-20130415 - Linaro GCC 2013.04) ) #1 SMP Tue Feb 14 15:04:25 PST 2017
[    0.000000] CPU: ARMv7 Processor [413fc0f3] revision 3 (ARMv7), cr=10c5387d
[    0.000000] CPU: div instructions available: patching division code
[    0.000000] CPU: PIPT / VIPT nonaliasing data cache, PIPT instruction cache
[    0.000000] OF: fdt:Machine model: Acer Chromebook 13 CB5-311
[    0.000000] OF: fdt:Ignoring memory range 0x100000000 - 0x17ffff000
[    0.000000] debug: ignoring loglevel setting.
[    0.000000] efi: Getting EFI parameters from FDT:
[    0.000000] efi: UEFI not found.
[    0.000000] cma: Reserved 64 MiB at 0xfb800000
[    0.000000] Memory policy: Data cache writealloc
[    0.000000] On node 0 totalpages: 524287
[    0.000000] free_area_init_node: node 0, pgdat c142b540, node_mem_map eeff8000
[    0.000000]   DMA zone: 1536 pages used for memmap
[    0.000000]   DMA zone: 0 pages reserved
[    0.000000]   DMA zone: 196608 pages, LIFO batch:31
[    0.000000]   HighMem zone: 327679 pages, LIFO batch:31
[    0.000000] percpu: Embedded 14 pages/cpu @eef8d000 s26176 r8192 d22976 u57344
[    0.000000] pcpu-alloc: s26176 r8192 d22976 u57344 alloc=14*4096
[    0.000000] pcpu-alloc: [0] 0 [0] 1 [0] 2 [0] 3 
[    0.000000] Built 1 zonelists in Zone order, mobility grouping on.  Total pages: 522751
[    0.000000] Kernel command line: ignore_loglevel console=ttyS0,115200n8 rw root=PARTUUID=4d36e82a-b3c0-4b4b-bfcd-afe5217ac023 rootwait gpt debug noinitrd earlyprintk init=/bin/bash
[    0.000000] PID hash table entries: 4096 (order: 2, 16384 bytes)
[    0.000000] Dentry cache hash table entries: 131072 (order: 7, 524288 bytes)
[    0.000000] Inode-cache hash table entries: 65536 (order: 6, 262144 bytes)
[    0.000000] Memory: 1995772K/2097148K available (9216K kernel code, 1204K rwdata, 4148K rodata, 2048K init, 536K bss, 35840K reserved, 65536K cma-reserved, 1245180K highmem)
[    0.000000] Virtual kernel memory layout:
[    0.000000]     vector  : 0xffff0000 - 0xffff1000   (   4 kB)
[    0.000000]     fixmap  : 0xffc00000 - 0xfff00000   (3072 kB)
[    0.000000]     vmalloc : 0xf0800000 - 0xff800000   ( 240 MB)
[    0.000000]     lowmem  : 0xc0000000 - 0xf0000000   ( 768 MB)
[    0.000000]     pkmap   : 0xbfe00000 - 0xc0000000   (   2 MB)
[    0.000000]     modules : 0xbf000000 - 0xbfe00000   (  14 MB)
[    0.000000]       .text : 0xc0208000 - 0xc0c00000   (10208 kB)
[    0.000000]       .init : 0xc1100000 - 0xc1300000   (2048 kB)
[    0.000000]       .data : 0xc1300000 - 0xc142d040   (1205 kB)
[    0.000000]        .bss : 0xc142f000 - 0xc14b51d0   ( 537 kB)
[    0.000000] SLUB: HWalign=64, Order=0-3, MinObjects=0, CPUs=4, Nodes=1
[    0.000000] Hierarchical RCU implementation.
[    0.000000] 	Build-time adjustment of leaf fanout to 32.
[    0.000000] 	RCU restricting CPUs from NR_CPUS=16 to nr_cpu_ids=4.
[    0.000000] RCU: Adjusting geometry for rcu_fanout_leaf=32, nr_cpu_ids=4
[    0.000000] NR_IRQS:16 nr_irqs:16 16
[    0.000000] /interrupt-controller@60004000: 160 interrupts forwarded to /interrupt-controller@50041000
[    0.000000] Tegra clk 127: register failed with -17
[    0.000003] sched_clock: 32 bits at 1000kHz, resolution 1000ns, wraps every 2147483647500ns
[    0.000010] clocksource: timer_us: mask: 0xffffffff max_cycles: 0xffffffff, max_idle_ns: 1911260446275 ns
[    0.000016] Switching to timer-based delay loop, resolution 1000ns
[    0.001738] arm_arch_timer: Architected cp15 timer(s) running at 12.00MHz (virt).
[    0.001744] clocksource: arch_sys_counter: mask: 0xffffffffffffff max_cycles: 0x2c47f4ee7, max_idle_ns: 440795202497 ns
[    0.001751] sched_clock: 56 bits at 12MHz, resolution 83ns, wraps every 4398046511096ns
[    0.001755] Switching to timer-based delay loop, resolution 83ns
[    0.001954] Console: colour dummy device 80x30
[    0.001968] Calibrating delay loop (skipped), value calculated using timer frequency.. 24.00 BogoMIPS (lpj=120000)
[    0.001974] pid_max: default: 32768 minimum: 301
[    0.002015] Mount-cache hash table entries: 2048 (order: 1, 8192 bytes)
[    0.002019] Mountpoint-cache hash table entries: 2048 (order: 1, 8192 bytes)
[    0.002258] CPU: Testing write buffer coherency: ok
[    0.002381] /cpus/cpu@0 missing clock-frequency property
[    0.002395] /cpus/cpu@1 missing clock-frequency property
[    0.002409] /cpus/cpu@2 missing clock-frequency property
[    0.002424] /cpus/cpu@3 missing clock-frequency property
[    0.002428] CPU0: thread -1, cpu 0, socket 0, mpidr 80000000
[    0.002525] Setting up static identity map for 0x80300000 - 0x80300098
[    0.003791] Tegra Revision: A01 SKU: 131 CPU Process: 1 SoC Process: 1
[    0.004014] EFI services will not be available.
[    0.004107] smp: Bringing up secondary CPUs ...
[    0.004405] CPU1: thread -1, cpu 1, socket 0, mpidr 80000001
[    0.011914] CPU2: thread -1, cpu 2, socket 0, mpidr 80000002
[    0.021913] CPU3: thread -1, cpu 3, socket 0, mpidr 80000003
[    0.031634] smp: Brought up 1 node, 4 CPUs
[    0.031642] SMP: Total of 4 processors activated (96.00 BogoMIPS).
[    0.031644] CPU: All CPU(s) started in SVC mode.
[    0.032191] devtmpfs: initialized
[    0.039204] VFP support v0.3: implementor 41 architecture 4 part 30 variant f rev 0
[    0.039402] clocksource: jiffies: mask: 0xffffffff max_cycles: 0xffffffff, max_idle_ns: 19112604462750000 ns
[    0.039933] pinctrl core: initialized pinctrl subsystem
[    0.040658] NET: Registered protocol family 16
[    0.041319] DMA: preallocated 256 KiB pool for atomic coherent allocations
[    0.071661] cpuidle: using governor menu
[    0.081818] No ATAGs?
[    0.081876] hw-breakpoint: found 5 (+1 reserved) breakpoint and 4 watchpoint registers.
[    0.081881] hw-breakpoint: maximum watchpoint size is 8 bytes.
[    0.084477] Serial: AMBA PL011 UART driver
[    0.084822] tegra-mc 70019000.memory-controller: no memory timings for RAM code 0 registered
[    0.113522] +5V_SYS: supplied by +VDD_MUX
[    0.113624] +3.3V_SYS: supplied by +VDD_MUX
[    0.113844] +VDD_LED: Failed to request enable GPIO122: -517
[    0.113849] reg-fixed-voltage regulators:regulator@5: Failed to register regulator: -517
[    0.113879] +5V_VDD_TS_SW: Failed to request enable GPIO81: -517
[    0.113883] reg-fixed-voltage regulators:regulator@6: Failed to register regulator: -517
[    0.113912] +5V_USB_HS: Failed to request enable GPIO108: -517
[    0.113916] reg-fixed-voltage regulators:regulator@7: Failed to register regulator: -517
[    0.113944] +5V_USB_SS: Failed to request enable GPIO109: -517
[    0.113948] reg-fixed-voltage regulators:regulator@8: Failed to register regulator: -517
[    0.114026] +1.05V_RUN_AVDD_HDMI_PLL: Failed to request enable GPIO63: -517
[    0.114030] reg-fixed-voltage regulators:regulator@11: Failed to register regulator: -517
[    0.114058] +5V_HDMI_CON: Failed to request enable GPIO86: -517
[    0.114062] reg-fixed-voltage regulators:regulator@12: Failed to register regulator: -517
[    0.115169] vgaarb: loaded
[    0.115462] SCSI subsystem initialized
[    0.115531] libata version 3.00 loaded.
[    0.115623] usbcore: registered new interface driver usbfs
[    0.115645] usbcore: registered new interface driver hub
[    0.115669] usbcore: registered new device driver usb
[    0.117013] pps_core: LinuxPPS API ver. 1 registered
[    0.117016] pps_core: Software ver. 5.3.6 - Copyright 2005-2007 Rodolfo Giometti <giometti@linux.it>
[    0.117024] PTP clock support registered
[    0.117091] EDAC MC: Ver: 3.0.0
[    0.117534] tegra-emc 7001b000.emc: no memory timings for RAM code 0 found in DT
[    0.117542] tegra-emc: probe of 7001b000.emc failed with error -2
[    0.118026] clocksource: Switched to clocksource arch_sys_counter
[    0.121607] NET: Registered protocol family 2
[    0.121817] TCP established hash table entries: 8192 (order: 3, 32768 bytes)
[    0.121850] TCP bind hash table entries: 8192 (order: 4, 65536 bytes)
[    0.121911] TCP: Hash tables configured (established 8192 bind 8192)
[    0.121933] UDP hash table entries: 512 (order: 2, 16384 bytes)
[    0.121948] UDP-Lite hash table entries: 512 (order: 2, 16384 bytes)
[    0.122010] NET: Registered protocol family 1
[    0.122142] RPC: Registered named UNIX socket transport module.
[    0.122145] RPC: Registered udp transport module.
[    0.122147] RPC: Registered tcp transport module.
[    0.122149] RPC: Registered tcp NFSv4.1 backchannel transport module.
[    0.122154] PCI: CLS 0 bytes, default 64
[    0.122591] hw perfevents: enabled with armv7_cortex_a15 PMU driver, 7 counters available
[    0.123115] futex hash table entries: 1024 (order: 4, 65536 bytes)
[    0.123393] workingset: timestamp_bits=30 max_order=19 bucket_order=0
[    0.127063] squashfs: version 4.0 (2009/01/31) Phillip Lougher
[    0.127350] NFS: Registering the id_resolver key type
[    0.127361] Key type id_resolver registered
[    0.127363] Key type id_legacy registered
[    0.127380] ntfs: driver 2.1.32 [Flags: R/O].
[    0.127983] bounce: pool size: 64 pages
[    0.128069] Block layer SCSI generic (bsg) driver version 0.4 loaded (major 248)
[    0.128073] io scheduler noop registered
[    0.128076] io scheduler deadline registered
[    0.128136] io scheduler cfq registered (default)
[    0.129872] tegra-xusb-padctl 7009f000.padctl: failed to setup XUSB ports: -517
[    0.139869] tegra-apbdma 60020000.dma: Tegra20 APB DMA driver register 32 channels
[    0.140575] tegra-pmc 7000e400.pmc: i2c-thermtrip node not found, emergency thermal reset disabled.
[    0.161651] Serial: 8250/16550 driver, 4 ports, IRQ sharing disabled
[    0.162836] console [ttyS0] disabled
[    0.162853] 70006000.serial: ttyS0 at MMIO 0x70006000 (irq = 333, base_baud = 25500000) is a Tegra
[    1.036635] console [ttyS0] enabled
[    1.040431] SuperH (H)SCI(F) driver initialized
[    1.045296] msm_serial: driver initialized
[    1.049451] STMicroelectronics ASC driver initialized
[    1.055907] [drm] Initialized
[    1.060041] tegra-hdmi 54280000.hdmi: failed to get HDMI regulator
[    1.066572] tegra-dpaux 545c0000.dpaux: failed to get VDD supply: -517
[    1.073860] panel supply power not found, using dummy regulator
[    1.083708] brd: module loaded
[    1.088982] loop: module loaded
[    1.093025] as3722 4-0040: AS3722 with revision 0x1 found
[    1.103090] as3722-sd2: supplied by +5V_SYS
[    1.107499] as3722-sd3: supplied by +5V_SYS
[    1.111833] +1.35V_LP0(sd3): Bringing 0uV into 1350000-1350000uV
[    1.118013] as3722-sd4: supplied by +5V_SYS
[    1.122391] +1.05V_RUN: Bringing 0uV into 1050000-1050000uV
[    1.128130] as3722-sd5: supplied by +5V_SYS
[    1.133708] as3722-ldo0: supplied by +1.35V_LP0(sd2)
[    1.139463] +1.8V_RUN_CAM: Bringing 0uV into 1800000-1800000uV
[    1.145476] as3722-ldo2: supplied by +1.8V_VDDIO
[    1.151096] as3722-ldo3: supplied by +3.3V_SYS
[    1.155545] +1.00V_LP0_VDD_RTC: Bringing 1100000uV into 1000000-1000000uV
[    1.163122] as3722-ldo4: supplied by +3.3V_SYS
[    1.167712] +3.3V_RUN_CAM: Bringing 0uV into 2800000-2800000uV
[    1.173733] as3722-ldo5: supplied by +1.8V_VDDIO
[    1.178503] +1.2V_RUN_CAM_FRONT: Bringing 0uV into 1200000-1200000uV
[    1.185186] +VDDIO_SDMMC3: Bringing 0uV into 1800000-1800000uV
[    1.191229] as3722-ldo7: supplied by +1.8V_VDDIO
[    1.195991] +1.05V_RUN_CAM_REAR: Bringing 0uV into 1050000-1050000uV
[    1.202548] as3722-ldo9: supplied by +5V_SYS
[    1.207110] +2.8V_RUN_TOUCH: Bringing 0uV into 2800000-2800000uV
[    1.213321] as3722-ldo10: supplied by +5V_SYS
[    1.217825] +2.8V_RUN_CAM_AF: Bringing 0uV into 2800000-2800000uV
[    1.224274] +1.8V_RUN_VPP_FUSE: Bringing 0uV into 1800000-1800000uV
[    1.236828] random: fast init done
[    1.242715] m25p80 spi32765.0: w25q32dw (4096 Kbytes)
[    1.248893] libphy: Fixed MDIO Bus: probed
[    1.253387] CAN device driver interface
[    1.257539] bgmac_bcma: Broadcom 47xx GBit MAC driver loaded
[    1.263679] e1000e: Intel(R) PRO/1000 Network Driver - 3.2.6-k
[    1.269501] e1000e: Copyright(c) 1999 - 2015 Intel Corporation.
[    1.275426] igb: Intel(R) Gigabit Ethernet Network Driver - version 5.4.0-k
[    1.282373] igb: Copyright (c) 2007-2014 Intel Corporation.
[    1.289210] pegasus: v0.9.3 (2013/04/25), Pegasus/Pegasus II USB Ethernet driver
[    1.296609] usbcore: registered new interface driver pegasus
[    1.302278] usbcore: registered new interface driver asix
[    1.307675] usbcore: registered new interface driver ax88179_178a
[    1.313774] usbcore: registered new interface driver cdc_ether
[    1.319616] usbcore: registered new interface driver smsc75xx
[    1.325365] usbcore: registered new interface driver smsc95xx
[    1.331114] usbcore: registered new interface driver net1080
[    1.336770] usbcore: registered new interface driver cdc_subset
[    1.342691] usbcore: registered new interface driver zaurus
[    1.348275] usbcore: registered new interface driver cdc_ncm
[    1.354586] ehci_hcd: USB 2.0 'Enhanced' Host Controller (EHCI) Driver
[    1.361102] ehci-pci: EHCI PCI platform driver
[    1.365550] ehci-platform: EHCI generic platform driver
[    1.370840] ehci-orion: EHCI orion driver
[    1.374884] SPEAr-ehci: EHCI SPEAr driver
[    1.378937] ehci-st: EHCI STMicroelectronics driver
[    1.383849] ehci-exynos: EHCI EXYNOS driver
[    1.388081] ehci-atmel: EHCI Atmel driver
[    1.392127] tegra-ehci: Tegra EHCI driver
[    1.396187] ohci_hcd: USB 1.1 'Open' Host Controller (OHCI) Driver
[    1.402359] ohci-pci: OHCI PCI platform driver
[    1.406803] ohci-platform: OHCI generic platform driver
[    1.412076] ohci-omap3: OHCI OMAP3 driver
[    1.416121] SPEAr-ohci: OHCI SPEAr driver
[    1.420174] ohci-st: OHCI STMicroelectronics driver
[    1.425088] ohci-atmel: OHCI Atmel driver
[    1.429355] usbcore: registered new interface driver usb-storage
[    1.435917] mousedev: PS/2 mouse device common for all mice
[    1.442120] 1-0015 supply vcc not found, using dummy regulator
[    1.449320] as3722-rtc as3722-rtc: rtc core: registered as3722-rtc as rtc0
[    1.456178] as3722-rtc as3722-rtc: RTC interrupt 372
[    1.463100] tegra_rtc 7000e000.rtc: rtc core: registered 7000e000.rtc as rtc1
[    1.470239] tegra_rtc 7000e000.rtc: Tegra internal Real Time Clock
[    1.476595] i2c /dev entries driver
[    1.482541] 0-004c supply vcc not found, using dummy regulator
[    1.492630] sdhci: Secure Digital Host Controller Interface driver
[    1.498808] sdhci: Copyright(c) Pierre Ossman
[    1.503715] Synopsys Designware Multimedia Card Interface Driver
[    1.510115] sdhci-pltfm: SDHCI platform and OF driver helper
[    1.516036] sdhci-tegra 700b0000.sdhci: allocated mmc-pwrseq
[    1.521800] sdhci-tegra 700b0400.sdhci: Got CD GPIO
[    1.526669] sdhci-tegra 700b0400.sdhci: Got WP GPIO
[    1.531658] mmc0: Unknown controller version (3). You may experience problems.
[    1.538894] mmc0: Invalid maximum block size, assuming 512 bytes
[    1.608034] mmc0: SDHCI controller on 700b0600.sdhci [700b0600.sdhci] using ADMA
[    1.616136] ledtrig-cpu: registered to indicate activity on CPUs
[    1.622273] usbcore: registered new interface driver usbhid
[    1.627829] usbhid: USB HID core driver
[    1.633046] NET: Registered protocol family 10
[    1.637886] Segment Routing with IPv6
[    1.641585] sit: IPv6, IPv4 and MPLS over IPv4 tunneling driver
[    1.647739] NET: Registered protocol family 17
[    1.652184] can: controller area network core (rev 20120528 abi 9)
[    1.658439] NET: Registered protocol family 29
[    1.662874] can: raw protocol (rev 20120528)
[    1.667137] can: broadcast manager protocol (rev 20161123 t)
[    1.672793] can: netlink gateway (rev 20130117) max_hops=1
[    1.678419] Key type dns_resolver registered
[    1.682693] elan_i2c 1-0015: Elan Touchpad: Module ID: 0x002a, Firmware: 0x0005, Sample: 0x0007, IAP: 0x0009
[    1.692687] ThumbEE CPU extension supported.
[    1.692704] input: Elan Touchpad as /devices/soc0/7000c400.i2c/i2c-1/1-0015/input/input0
[    1.705023] Registering SWP/SWPB emulation handler
[    1.714811] +3.3V_RUN: supplied by +3.3V_SYS
[    1.720552] +3.3V_AVDD_HDMI_AP_GATED: supplied by +3.3V_RUN
[    1.726143] +1.8V_RUN_CAM: supplied by +3.3V_RUN
[    1.730878] +VDDIO_SDMMC3: supplied by +3.3V_RUN
[    1.735514] +1.8V_RUN_VPP_FUSE: supplied by +3.3V_RUN
[    1.740772] +VDD_LED: supplied by +VDD_MUX
[    1.745055] +5V_VDD_TS_SW: supplied by +5V_SYS
[    1.749916] +5V_USB_HS: supplied by +5V_SYS
[    1.754440] +5V_USB_SS: supplied by +5V_SYS
[    1.759727] +3.3V_PANEL: supplied by +3.3V_RUN
[    1.765188] +3.3V_LP0: supplied by +3.3V_SYS
[    1.769724] mmc0: new high speed MMC card at address 0001
[    1.775752] mmcblk0: mmc0:0001 MMC16G 14.4 GiB 
[    1.775767] +1.05V_RUN_AVDD_HDMI_PLL: supplied by +1.05V_RUN
[    1.776041] elan_i2c 1-0015: failed to read report data: -121
[    1.776394] +5V_HDMI_CON: supplied by +5V_SYS
[    1.777512] usb3-0 supply vbus not found, using dummy regulator
[    1.777581] usb3-1 supply vbus not found, using dummy regulator
[    1.780442] elan_i2c 1-0015: failed to read report data: -121
[    1.782359] tegra-sor 54540000.sor: failed to probe output: -517
[    1.783104] panel supply power not found, using dummy regulator
[    1.784063] sdhci-tegra 700b0000.sdhci: allocated mmc-pwrseq
[    1.784164] mmc1: Unknown controller version (3). You may experience problems.
[    1.784210] mmc1: Invalid maximum block size, assuming 512 bytes
[    1.784578] mmc1: Switching to 3.3V signalling voltage failed
[    1.848136] mmc1: SDHCI controller on 700b0000.sdhci [700b0000.sdhci] using ADMA
[    1.849170] sdhci-tegra 700b0400.sdhci: Got CD GPIO
[    1.849180] sdhci-tegra 700b0400.sdhci: Got WP GPIO
[    1.849315] mmc2: Unknown controller version (3). You may experience problems.
[    1.849368] mmc2: Invalid maximum block size, assuming 512 bytes
[    1.881248] mmcblk0boot0: mmc0:0001 MMC16G partition 1 2.00 MiB
[    1.887766] mmcblk0boot1: mmc0:0001 MMC16G partition 2 2.00 MiB
[    1.894079] mmcblk0rpmb: mmc0:0001 MMC16G partition 3 128 KiB
[    1.904331]  mmcblk0: p1 p2 p3 p4 p5 p6 p7 p8 p9 p10 p11 p12
[    1.918320] mmc2: SDHCI controller on 700b0400.sdhci [700b0400.sdhci] using ADMA
[    1.921027] elan_i2c 1-0015: invalid report id data (ff)
[    1.959765] mmc1: new high speed SDIO card at address 0001
[    2.028112] [drm] Supports vblank timestamp caching Rev 2 (21.10.2013).
[    2.034713] [drm] No driver support for vblank timestamp query.
[    2.080457] mmc2: new high speed SDHC card at address 0007
[    2.080854] mmcblk2: mmc2:0007 SD08G 7.42 GiB 
[    2.090591] GPT:Primary header alternate_lba != Alt. header my_lba
[    2.090596] GPT:3014591 != 15564799
[    2.090597] GPT:Primary header thinks Alt. header is not at the end of the disk.
[    2.090598] GPT:3014591 != 15564799
[    2.090599] GPT: Use GNU Parted to correct GPT errors.
[    2.090624]  mmcblk2: p1 p2 p3 p4 p5 p6 p7 p8 p9 p10 p11 p12
[    2.097165] Console: switching to colour frame buffer device 170x48
[    2.148490] drm drm: fb0:  frame buffer device
[    2.188131] [drm] Initialized tegra 0.0.0 20120330 on minor 0
[    2.194711] input: gpio-keys as /devices/soc0/gpio-keys/input/input1
[    2.202307] as3722-rtc as3722-rtc: setting system clock to 2000-01-01 00:00:24 UTC (946684824)
[    2.211458] +1.8V_RUN_CAM: disabling
[    2.215229] +3.3V_RUN_CAM: disabling
[    2.219081] +1.2V_RUN_CAM_FRONT: disabling
[    2.223379] +1.05V_RUN_CAM_REAR: disabling
[    2.227629] +2.8V_RUN_TOUCH: disabling
[    2.231642] +2.8V_RUN_CAM_AF: disabling
[    2.235633] +1.8V_RUN_VPP_FUSE: disabling
[    2.239880] +5V_VDD_TS_SW: disabling
[    2.243452] +5V_USB_HS: disabling
[    2.246755] +5V_USB_SS: disabling
[    2.250995] EXT4-fs (mmcblk0p3): couldn't mount as ext3 due to feature incompatibilities
[    2.259676] EXT4-fs (mmcblk0p3): couldn't mount as ext2 due to feature incompatibilities
[    2.426843] EXT4-fs (mmcblk0p3): recovery complete
[    2.432362] EXT4-fs (mmcblk0p3): mounted filesystem with ordered data mode. Opts: (null)
[    2.440489] VFS: Mounted root (ext4 filesystem) on device 179:3.
[    2.447160] devtmpfs: mounted
[    2.450846] Freeing unused kernel memory: 2048K
bash: cannot set terminal process group (-1): Inappropriate ioctl for device
bash: no job control in this shell
root@(none):/# mount -t sysfs none /sys
root@(none):/# 
root@(none):/# mount -t debugfs none /sys/kernel/debug
root@(none):/# 
root@(none):/# rtcwake -d rtc1 -m mem -s 3
rtcwake: assuming RTC uses UTC ...
rtcwake: wakeup from "mem" using /dev/rtc1 at Thu Jan  1 00:00:29 1970
[    5.877395] PM: Syncing filesystems ... done.
[    5.887011] Freezing user space processes ... (elapsed 0.001 seconds) done.
[    5.895018] Freezing remaining freezable tasks ... (elapsed 0.001 seconds) done.
[    5.903667] Suspending console(s) (use no_console_suspend to debug)
[    5.951687] PM: suspend of devices complete after 41.189 msecs
[    5.953110] PM: late suspend of devices complete after 1.413 msecs
[    5.954090] PM: noirq suspend of devices complete after 0.975 msecs
[    5.954092] Disabling non-boot CPUs ...
[    5.954463] CPU1: shutdown
[    6.039083] IRQ17 no longer affine to CPU2
[    6.039297] CPU2: shutdown
[    6.079234] CPU3: shutdown
[    6.128514] Entering suspend state LP1
[    6.128514] Suspended for 3.011 seconds
[    6.128525] Enabling non-boot CPUs ...
[    6.158732] CPU1 is up
[    6.198729] CPU2 is up
[    6.238824] CPU3 is up
[    6.239320] PM: noirq resume of devices complete after 0.491 msecs
[    6.240592] PM: early resume of devices complete after 0.972 msecs
[    6.397171] mmc1: Switching to 3.3V signalling voltage failed
[    6.648059] tegra-sor 54540000.sor: failed to attach SOR: -110
[    6.668154] PM: resume of devices complete after 427.556 msecs
[    6.751612] Restarting tasks ... done.
root@(none):/# 
root@(none):/# rtcwake -d rtc1 -m mem -s 3
rtcwake: assuming RTC uses UTC ...
rtcwake: wakeup from "mem" using /dev/rtc1 at Thu Jan  1 00:00:34 1970
[    7.947853] PM: Syncing filesystems ... done.
[    7.957385] Freezing user space processes ... (elapsed 0.001 seconds) done.
[    7.965527] Freezing remaining freezable tasks ... (elapsed 0.001 seconds) done.
[    7.974203] Suspending console(s) (use no_console_suspend to debug)
[    8.031092] PM: suspend of devices complete after 50.019 msecs
[    8.032490] PM: late suspend of devices complete after 1.389 msecs
[    8.033438] PM: noirq suspend of devices complete after 0.944 msecs
[    8.033440] Disabling non-boot CPUs ...
[    8.033800] CPU1: shutdown
[    8.089147] CPU2: shutdown
[    8.148973] CPU3: shutdown
[    8.178536] Entering suspend state LP1
[    8.178536] Suspended for 2.949 seconds
[    8.178546] Enabling non-boot CPUs ...
[    8.208707] CPU1 is up
[    8.248708] CPU2 is up
[    8.288795] CPU3 is up
[    8.289271] PM: noirq resume of devices complete after 0.471 msecs
[    8.290489] PM: early resume of devices complete after 0.920 msecs
[    8.447276] mmc1: Switching to 3.3V signalling voltage failed
[    8.698058] tegra-sor 54540000.sor: failed to attach SOR: -110
[    8.718283] PM: resume of devices complete after 427.789 msecs
[    8.797657] Restarting tasks ... done.
root@(none):/# 
root@(none):/# rtcwake -d rtc1 -m mem -s 3
rtcwake: assuming RTC uses UTC ...
rtcwake: wakeup from "mem" using /dev/rtc1 at Thu Jan  1 00:00:39 1970
[    9.997806] PM: Syncing filesystems ... done.
[   10.007325] Freezing user space processes ... (elapsed 0.001 seconds) done.
[   10.015402] Freezing remaining freezable tasks ... (elapsed 0.001 seconds) done.
[   10.024075] Suspending console(s) (use no_console_suspend to debug)
[   10.081116] PM: suspend of devices complete after 50.149 msecs
[   10.082460] PM: late suspend of devices complete after 1.335 msecs
[   10.083403] PM: noirq suspend of devices complete after 0.938 msecs
[   10.083405] Disabling non-boot CPUs ...
[   10.083764] CPU1: shutdown
[   10.149079] CPU2: shutdown
[   10.209002] CPU3: shutdown
[   10.258473] Entering suspend state LP1
[   10.258473] Suspended for 2.919 seconds
[   10.258483] Enabling non-boot CPUs ...
[   10.288680] CPU1 is up
[   10.328675] CPU2 is up
[   10.368767] CPU3 is up
[   10.369239] PM: noirq resume of devices complete after 0.467 msecs
[   10.370448] PM: early resume of devices complete after 0.913 msecs
[   10.528010] mmc1: Switching to 3.3V signalling voltage failed
[   10.788065] tegra-sor 54540000.sor: failed to attach SOR: -110
[   10.799117] PM: resume of devices complete after 428.660 msecs
[   10.878594] Restarting tasks ... done.
root@(none):/# 
root@(none):/# rtcwake -d rtc1 -m mem -s 3
rtcwake: assuming RTC uses UTC ...
rtcwake: wakeup from "mem" using /dev/rtc1 at Thu Jan  1 00:00:44 1970
[   12.077285] PM: Syncing filesystems ... done.
[   12.086782] Freezing user space processes ... (elapsed 0.001 seconds) done.
[   12.094953] Freezing remaining freezable tasks ... (elapsed 0.001 seconds) done.
[   12.103457] Suspending console(s) (use no_console_suspend to debug)
[   12.145114] PM: suspend of devices complete after 34.851 msecs
[   12.146368] PM: late suspend of devices complete after 1.245 msecs
[   12.147320] PM: noirq suspend of devices complete after 0.947 msecs
[   12.147321] Disabling non-boot CPUs ...
[   12.147681] CPU1: shutdown
[   12.209074] CPU2: shutdown
[   12.268973] CPU3: shutdown
[   12.318426] Entering suspend state LP1
[   12.318426] Suspended for 2.939 seconds
[   12.318436] Enabling non-boot CPUs ...
[   12.348643] CPU1 is up
[   12.388639] CPU2 is up
[   12.428739] CPU3 is up
[   12.429210] PM: noirq resume of devices complete after 0.467 msecs
[   12.430632] PM: early resume of devices complete after 1.115 msecs
[   12.587994] mmc1: Switching to 3.3V signalling voltage failed
[   12.847988] tegra-sor 54540000.sor: failed to attach SOR: -110
[   12.859192] PM: resume of devices complete after 428.554 msecs
[   12.938568] Restarting tasks ... done.
root@(none):/# 
root@(none):/# rtcwake -d rtc1 -m mem -s 3
rtcwake: assuming RTC uses UTC ...
rtcwake: wakeup from "mem" using /dev/rtc1 at Thu Jan  1 00:00:49 1970
[   14.137769] PM: Syncing filesystems ... done.
[   14.147295] Freezing user space processes ... (elapsed 0.001 seconds) done.
[   14.155453] Freezing remaining freezable tasks ... (elapsed 0.001 seconds) done.
[   14.164121] Suspending console(s) (use no_console_suspend to debug)
[   14.205730] PM: suspend of devices complete after 34.805 msecs
[   14.206982] PM: late suspend of devices complete after 1.244 msecs
[   14.207847] PM: noirq suspend of devices complete after 0.861 msecs
[   14.207849] Disabling non-boot CPUs ...
[   14.208073] IRQ17 no longer affine to CPU1
[   14.208240] CPU1: shutdown
[   14.279027] CPU2: shutdown
[   14.338868] CPU3: shutdown
[   14.398442] Entering suspend state LP1
[   14.398442] Suspended for 2.919 seconds
[   14.398452] Enabling non-boot CPUs ...
[   14.428641] CPU1 is up
[   14.468621] CPU2 is up
[   14.508710] CPU3 is up
[   14.509178] PM: noirq resume of devices complete after 0.463 msecs
[   14.510349] PM: early resume of devices complete after 0.872 msecs
[   14.667184] mmc1: Switching to 3.3V signalling voltage failed
[   14.917947] tegra-sor 54540000.sor: failed to attach SOR: -110
[   14.938212] PM: resume of devices complete after 427.858 msecs
[   15.021659] Restarting tasks ... done.
root@(none):/# 
root@(none):/# rtcwake -d rtc1 -m mem -s 3
rtcwake: assuming RTC uses UTC ...
rtcwake: wakeup from "mem" using /dev/rtc1 at Thu Jan  1 00:00:54 1970
[   16.217728] PM: Syncing filesystems ... done.
[   16.227262] Freezing user space processes ... (elapsed 0.001 seconds) done.
[   16.235421] Freezing remaining freezable tasks ... (elapsed 0.001 seconds) done.
[   16.244089] Suspending console(s) (use no_console_suspend to debug)
[   16.301028] PM: suspend of devices complete after 50.097 msecs
[   16.302428] PM: late suspend of devices complete after 1.391 msecs
[   16.303373] PM: noirq suspend of devices complete after 0.940 msecs
[   16.303375] Disabling non-boot CPUs ...
[   16.303738] CPU1: shutdown
[   16.368982] CPU2: shutdown
[   16.428907] CPU3: shutdown
[   16.478383] Entering suspend state LP1
[   16.478383] Suspended for 2.919 seconds
[   16.478392] Enabling non-boot CPUs ...
[   16.508594] CPU1 is up
[   16.548594] CPU2 is up
[   16.588692] CPU3 is up
[   16.589163] PM: noirq resume of devices complete after 0.467 msecs
[   16.590576] PM: early resume of devices complete after 1.098 msecs
[   16.747113] mmc1: Switching to 3.3V signalling voltage failed
[   16.997897] tegra-sor 54540000.sor: failed to attach SOR: -110
[   17.018078] PM: resume of devices complete after 427.496 msecs
[   17.097442] Restarting tasks ... done.
root@(none):/# 
root@(none):/# rtcwake -d rtc1 -m mem -s 3
rtcwake: assuming RTC uses UTC ...
rtcwake: wakeup from "mem" using /dev/rtc1 at Thu Jan  1 00:00:59 1970
[   18.297717] PM: Syncing filesystems ... done.
[   18.307225] Freezing user space processes ... (elapsed 0.001 seconds) done.
[   18.315304] Freezing remaining freezable tasks ... (elapsed 0.001 seconds) done.
[   18.323975] Suspending console(s) (use no_console_suspend to debug)
[   18.381043] PM: suspend of devices complete after 50.196 msecs
[   18.382414] PM: late suspend of devices complete after 1.362 msecs
[   18.383354] PM: noirq suspend of devices complete after 0.936 msecs
[   18.383356] Disabling non-boot CPUs ...
[   18.383730] CPU1: shutdown
[   18.438977] CPU2: shutdown
[   18.498794] CPU3: shutdown
[   18.528386] Entering suspend state LP1
[   18.528386] Suspended for 2.949 seconds
[   18.528396] Enabling non-boot CPUs ...
[   18.558576] CPU1 is up
[   18.598561] CPU2 is up
[   18.638661] CPU3 is up
[   18.639129] PM: noirq resume of devices complete after 0.463 msecs
[   18.640307] PM: early resume of devices complete after 0.859 msecs
[   18.798096] mmc1: Switching to 3.3V signalling voltage failed
[   19.057926] tegra-sor 54540000.sor: failed to attach SOR: -110
[   19.069189] PM: resume of devices complete after 428.873 msecs
[   19.148708] Restarting tasks ... done.
root@(none):/# 
root@(none):/# rtcwake -d rtc1 -m mem -s 3
rtcwake: assuming RTC uses UTC ...
rtcwake: wakeup from "mem" using /dev/rtc1 at Thu Jan  1 00:01:04 1970
[   20.347612] PM: Syncing filesystems ... done.
[   20.357110] Freezing user space processes ... (elapsed 0.001 seconds) done.
[   20.365261] Freezing remaining freezable tasks ... (elapsed 0.001 seconds) done.
[   20.373870] Suspending console(s) (use no_console_suspend to debug)
[   20.415519] PM: suspend of devices complete after 34.841 msecs
[   20.416774] PM: late suspend of devices complete after 1.246 msecs
[   20.417724] PM: noirq suspend of devices complete after 0.946 msecs
[   20.417726] Disabling non-boot CPUs ...
[   20.418106] CPU1: shutdown
[   20.498949] CPU2: shutdown
[   20.568834] CPU3: shutdown
[   20.598363] Entering suspend state LP1
[   20.598363] Suspended for 2.929 seconds
[   20.598373] Enabling non-boot CPUs ...
[   20.628549] CPU1 is up
[   20.668544] CPU2 is up
[   20.708633] CPU3 is up
[   20.709105] PM: noirq resume of devices complete after 0.468 msecs
[   20.710468] PM: early resume of devices complete after 1.066 msecs
[   20.867077] mmc1: Switching to 3.3V signalling voltage failed
[   21.117835] tegra-sor 54540000.sor: failed to attach SOR: -110
[   21.138216] PM: resume of devices complete after 427.739 msecs
[   21.217595] Restarting tasks ... done.
root@(none):/# 
root@(none):/# rtcwake -d rtc1 -m mem -s 3
rtcwake: assuming RTC uses UTC ...
rtcwake: wakeup from "mem" using /dev/rtc1 at Thu Jan  1 00:01:09 1970
[   22.417671] PM: Syncing filesystems ... done.
[   22.427196] Freezing user space processes ... (elapsed 0.001 seconds) done.
[   22.435356] Freezing remaining freezable tasks ... (elapsed 0.001 seconds) done.
[   22.444024] Suspending console(s) (use no_console_suspend to debug)
[   22.501219] PM: suspend of devices complete after 50.354 msecs
[   22.502588] PM: late suspend of devices complete after 1.360 msecs
[   22.503543] PM: noirq suspend of devices complete after 0.950 msecs
[   22.503545] Disabling non-boot CPUs ...
[   22.503908] CPU1: shutdown
[   22.558911] CPU2: shutdown
[   22.618807] CPU3: shutdown
[   22.668313] Entering suspend state LP1
[   22.668313] Suspended for 2.929 seconds
[   22.668323] Enabling non-boot CPUs ...
[   22.698505] CPU1 is up
[   22.738503] CPU2 is up
[   22.778601] CPU3 is up
[   22.779067] PM: noirq resume of devices complete after 0.461 msecs
[   22.780601] PM: early resume of devices complete after 1.220 msecs
[   22.937034] mmc1: Switching to 3.3V signalling voltage failed
[   23.187876] tegra-sor 54540000.sor: failed to attach SOR: -110
[   23.208003] PM: resume of devices complete after 427.397 msecs
[   23.287376] Restarting tasks ... done.
root@(none):/# 
root@(none):/# rtcwake -d rtc1 -m mem -s 3
rtcwake: assuming RTC uses UTC ...
rtcwake: wakeup from "mem" using /dev/rtc1 at Thu Jan  1 00:01:14 1970
[   24.487486] PM: Syncing filesystems ... done.
[   24.497010] Freezing user space processes ... (elapsed 0.001 seconds) done.
[   24.505169] Freezing remaining freezable tasks ... (elapsed 0.001 seconds) done.
[   24.513840] Suspending console(s) (use no_console_suspend to debug)
[   24.571001] PM: suspend of devices complete after 50.321 msecs
[   24.572214] PM: late suspend of devices complete after 1.204 msecs
[   24.573168] PM: noirq suspend of devices complete after 0.949 msecs
[   24.573170] Disabling non-boot CPUs ...
[   24.573533] CPU1: shutdown
[   24.628883] CPU2: shutdown
[   24.688785] CPU3: shutdown
[   24.738263] Entering suspend state LP1
[   24.738263] Suspended for 2.929 seconds
[   24.738273] Enabling non-boot CPUs ...
[   24.768485] CPU1 is up
[   24.808475] CPU2 is up
[   24.848581] CPU3 is up
[   24.849054] PM: noirq resume of devices complete after 0.468 msecs
[   24.850218] PM: early resume of devices complete after 0.856 msecs
[   25.006834] mmc1: Switching to 3.3V signalling voltage failed
[   25.257831] tegra-sor 54540000.sor: failed to attach SOR: -110
[   25.278069] PM: resume of devices complete after 427.846 msecs
[   25.357434] Restarting tasks ... done.
root@(none):/# 
root@(none):/# NVTB SYSTEM SUSPEND TEST COMPLETE
