
U-Boot SPL 2014.07-00097-g772e173 (Jul 25 2014 - 20:02:52)


U-Boot 2014.07-00097-g772e173 (Jul 25 2014 - 20:02:52)

TEGRA124
Board: NVIDIA Jetson TK1
I2C:   ready
DRAM:  2 GiB
MMC:   Tegra SD/MMC: 0, Tegra SD/MMC: 1
In:    serial
Out:   serial
Err:   serial
Net:   Net Initialization Skipped
No ethernet found.
Hit any key to stop autoboot:  2  0 
Tegra124 (Jetson TK1) # 
Tegra124 (Jetson TK1) # usb reset
(Re)start USB...
USB0:   USB EHCI 1.10
scanning bus 0 for devices... 1 USB Device(s) found
USB1:   USB EHCI 1.10
scanning bus 1 for devices... 2 USB Device(s) found
       scanning usb for storage devices... 0 Storage Device(s) found
       scanning usb for ethernet devices... 
Warning: asx0 using MAC address from net device
1 Ethernet Device(s) found
Tegra124 (Jetson TK1) # setenv bootargs 'ignore_loglevel console=ttyS0,115200n8 rw root=PARTUUID=8683e640-b305-6c03-ae83-3c34ba91e1b7 rootwait gpt debug noinitrd earlyprintk init=/bin/bash'
Tegra124 (Jetson TK1) # setenv ipaddr 192.168.100.102; setenv serverip 192.168.100.1; setenv tftpserverip 192.168.100.1
Tegra124 (Jetson TK1) # tftpboot 0x82000000 zImage.multi_v7_defconfig
Using asx0 device
TFTP from server 192.168.100.1; our IP address is 192.168.100.102
Filename 'zImage.multi_v7_defconfig'.
Load address: 0x82000000
Loading: *#################################################################
	 #################################################################
	 #################################################################
	 #################################################################
	 #################################################################
	 #################################################################
	 #################################################################
	 #################
	 3.1 MiB/s
done
Bytes transferred = 6916368 (698910 hex)
Tegra124 (Jetson TK1) # tftpboot 0x83000000 tegra124-jetson-tk1.dtb
Using asx0 device
TFTP from server 192.168.100.1; our IP address is 192.168.100.102
Filename 'tegra124-jetson-tk1.dtb'.
Load address: 0x83000000
Loading: *#####
	 2.7 MiB/s
done
Bytes transferred = 64138 (fa8a hex)
Tegra124 (Jetson TK1) # bootz 0x82000000 - 0x83000000
Kernel image @ 0x82000000 [ 0x000000 - 0x698910 ]
## Flattened Device Tree blob at 83000000
   Booting using the fdt blob at 0x83000000
   Using Device Tree in place at 83000000, end 83012a89

Starting kernel ...

[    0.000000] Booting Linux on physical CPU 0x0
[    0.000000] Linux version 4.6.0-rc4-82725-gc3b46c7 (pwalmsley@sellafield) (gcc version 4.7.3 20130328 (prerelease) (crosstool-NG linaro-1.13.1-4.7-2013.04-20130415 - Linaro GCC 2013.04) ) #1 SMP Sun Apr 17 19:34:23 PDT 2016
[    0.000000] CPU: ARMv7 Processor [413fc0f3] revision 3 (ARMv7), cr=10c5387d
[    0.000000] CPU: div instructions available: patching division code
[    0.000000] CPU: PIPT / VIPT nonaliasing data cache, PIPT instruction cache
[    0.000000] Machine model: NVIDIA Tegra124 Jetson TK1
[    0.000000] debug: ignoring loglevel setting.
[    0.000000] cma: Reserved 64 MiB at 0xfb800000
[    0.000000] Memory policy: Data cache writealloc
[    0.000000] On node 0 totalpages: 524032
[    0.000000] free_area_init_node: node 0, pgdat c141b3c0, node_mem_map eeff8000
[    0.000000]   DMA zone: 1536 pages used for memmap
[    0.000000]   DMA zone: 0 pages reserved
[    0.000000]   DMA zone: 196608 pages, LIFO batch:31
[    0.000000]   HighMem zone: 327424 pages, LIFO batch:31
[    0.000000] percpu: Embedded 12 pages/cpu @eef8f000 s19776 r8192 d21184 u49152
[    0.000000] pcpu-alloc: s19776 r8192 d21184 u49152 alloc=12*4096
[    0.000000] pcpu-alloc: [0] 0 [0] 1 [0] 2 [0] 3 
[    0.000000] Built 1 zonelists in Zone order, mobility grouping on.  Total pages: 522496
[    0.000000] Kernel command line: ignore_loglevel console=ttyS0,115200n8 rw root=PARTUUID=8683e640-b305-6c03-ae83-3c34ba91e1b7 rootwait gpt debug noinitrd earlyprintk init=/bin/bash
[    0.000000] PID hash table entries: 4096 (order: 2, 16384 bytes)
[    0.000000] Dentry cache hash table entries: 131072 (order: 7, 524288 bytes)
[    0.000000] Inode-cache hash table entries: 65536 (order: 6, 262144 bytes)
[    0.000000] Memory: 1995024K/2096128K available (9522K kernel code, 1141K rwdata, 4108K rodata, 2048K init, 341K bss, 35568K reserved, 65536K cma-reserved, 1244160K highmem)
[    0.000000] Virtual kernel memory layout:
[    0.000000]     vector  : 0xffff0000 - 0xffff1000   (   4 kB)
[    0.000000]     fixmap  : 0xffc00000 - 0xfff00000   (3072 kB)
[    0.000000]     vmalloc : 0xf0800000 - 0xff800000   ( 240 MB)
[    0.000000]     lowmem  : 0xc0000000 - 0xf0000000   ( 768 MB)
[    0.000000]     pkmap   : 0xbfe00000 - 0xc0000000   (   2 MB)
[    0.000000]     modules : 0xbf000000 - 0xbfe00000   (  14 MB)
[    0.000000]       .text : 0xc0208000 - 0xc104fa4c   (14623 kB)
[    0.000000]       .init : 0xc1100000 - 0xc1300000   (2048 kB)
[    0.000000]       .data : 0xc1300000 - 0xc141d400   (1141 kB)
[    0.000000]        .bss : 0xc141f000 - 0xc1474518   ( 342 kB)
[    0.000000] SLUB: HWalign=64, Order=0-3, MinObjects=0, CPUs=4, Nodes=1
[    0.000000] Hierarchical RCU implementation.
[    0.000000] 	Build-time adjustment of leaf fanout to 32.
[    0.000000] 	RCU restricting CPUs from NR_CPUS=16 to nr_cpu_ids=4.
[    0.000000] RCU: Adjusting geometry for rcu_fanout_leaf=32, nr_cpu_ids=4
[    0.000000] NR_IRQS:16 nr_irqs:16 16
[    0.000000] /interrupt-controller@60004000: 160 interrupts forwarded to /interrupt-controller@0,50041000
[    0.000000] Tegra clk 127: register failed with -17
[    0.000008] sched_clock: 32 bits at 1000kHz, resolution 1000ns, wraps every 2147483647500ns
[    0.000032] clocksource: timer_us: mask: 0xffffffff max_cycles: 0xffffffff, max_idle_ns: 1911260446275 ns
[    0.000045] Switching to timer-based delay loop, resolution 1000ns
[    0.005001] Architected cp15 timer(s) running at 12.00MHz (virt).
[    0.005021] clocksource: arch_sys_counter: mask: 0xffffffffffffff max_cycles: 0x2c47f4ee7, max_idle_ns: 440795202497 ns
[    0.005039] sched_clock: 56 bits at 12MHz, resolution 83ns, wraps every 4398046511096ns
[    0.005051] Switching to timer-based delay loop, resolution 83ns
[    0.005465] Console: colour dummy device 80x30
[    0.005489] Calibrating delay loop (skipped), value calculated using timer frequency.. 24.00 BogoMIPS (lpj=60000)
[    0.005504] pid_max: default: 32768 minimum: 301
[    0.005604] Mount-cache hash table entries: 2048 (order: 1, 8192 bytes)
[    0.005616] Mountpoint-cache hash table entries: 2048 (order: 1, 8192 bytes)
[    0.006225] CPU: Testing write buffer coherency: ok
[    0.006447] /cpus/cpu@0 missing clock-frequency property
[    0.006484] /cpus/cpu@1 missing clock-frequency property
[    0.006522] /cpus/cpu@2 missing clock-frequency property
[    0.006560] /cpus/cpu@3 missing clock-frequency property
[    0.006572] CPU0: thread -1, cpu 0, socket 0, mpidr 80000000
[    0.006619] Setting up static identity map for 0x80300000 - 0x80300098
[    0.009654] Tegra Revision: A01 SKU: 129 CPU Process: 1 SoC Process: 1
[    0.011049] CPU1: thread -1, cpu 1, socket 0, mpidr 80000001
[    0.011647] CPU2: thread -1, cpu 2, socket 0, mpidr 80000002
[    0.012223] CPU3: thread -1, cpu 3, socket 0, mpidr 80000003
[    0.012306] Brought up 4 CPUs
[    0.012324] SMP: Total of 4 processors activated (96.00 BogoMIPS).
[    0.012331] CPU: All CPU(s) started in SVC mode.
[    0.013792] devtmpfs: initialized
[    0.031981] VFP support v0.3: implementor 41 architecture 4 part 30 variant f rev 0
[    0.032738] clocksource: jiffies: mask: 0xffffffff max_cycles: 0xffffffff, max_idle_ns: 9556302231375000 ns
[    0.034287] pinctrl core: initialized pinctrl subsystem
[    0.036107] NET: Registered protocol family 16
[    0.038168] DMA: preallocated 256 KiB pool for atomic coherent allocations
[    0.054801] cpuidle: using governor menu
[    0.072359] No ATAGs?
[    0.072393] hw-breakpoint: found 5 (+1 reserved) breakpoint and 4 watchpoint registers.
[    0.072403] hw-breakpoint: maximum watchpoint size is 8 bytes.
[    0.078459] Serial: AMBA PL011 UART driver
[    0.110758] +USB0_VBUS_SW: Failed to request enable GPIO108: -517
[    0.110776] reg-fixed-voltage regulators:regulator@7: Failed to register regulator: -517
[    0.110866] +5V_USB_HS: Failed to request enable GPIO109: -517
[    0.110880] reg-fixed-voltage regulators:regulator@8: Failed to register regulator: -517
[    0.111044] +1.05V_RUN_AVDD_HDMI_PLL: Failed to request enable GPIO63: -517
[    0.111057] reg-fixed-voltage regulators:regulator@11: Failed to register regulator: -517
[    0.111142] +5V_HDMI_CON: Failed to request enable GPIO86: -517
[    0.111154] reg-fixed-voltage regulators:regulator@12: Failed to register regulator: -517
[    0.111237] +5V_SATA: Failed to request enable GPIO242: -517
[    0.111249] reg-fixed-voltage regulators:regulator@13: Failed to register regulator: -517
[    0.111332] +12V_SATA: Failed to request enable GPIO242: -517
[    0.111345] reg-fixed-voltage regulators:regulator@14: Failed to register regulator: -517
[    0.114832] vgaarb: loaded
[    0.115880] SCSI subsystem initialized
[    0.116055] libata version 3.00 loaded.
[    0.116354] usbcore: registered new interface driver usbfs
[    0.116427] usbcore: registered new interface driver hub
[    0.116504] usbcore: registered new device driver usb
[    0.120200] pps_core: LinuxPPS API ver. 1 registered
[    0.120209] pps_core: Software ver. 5.3.6 - Copyright 2005-2007 Rodolfo Giometti <giometti@linux.it>
[    0.120238] PTP clock support registered
[    0.120464] EDAC MC: Ver: 3.0.0
[    0.123767] clocksource: Switched to clocksource arch_sys_counter
[    0.135237] NET: Registered protocol family 2
[    0.135754] TCP established hash table entries: 8192 (order: 3, 32768 bytes)
[    0.135853] TCP bind hash table entries: 8192 (order: 4, 65536 bytes)
[    0.136039] TCP: Hash tables configured (established 8192 bind 8192)
[    0.136092] UDP hash table entries: 512 (order: 2, 16384 bytes)
[    0.136134] UDP-Lite hash table entries: 512 (order: 2, 16384 bytes)
[    0.136316] NET: Registered protocol family 1
[    0.136564] RPC: Registered named UNIX socket transport module.
[    0.136573] RPC: Registered udp transport module.
[    0.136581] RPC: Registered tcp transport module.
[    0.136588] RPC: Registered tcp NFSv4.1 backchannel transport module.
[    0.136606] PCI: CLS 0 bytes, default 64
[    0.137616] hw perfevents: enabled with armv7_cortex_a15 PMU driver, 7 counters available
[    0.139266] futex hash table entries: 1024 (order: 4, 65536 bytes)
[    0.140082] workingset: timestamp_bits=28 max_order=19 bucket_order=0
[    0.151900] squashfs: version 4.0 (2009/01/31) Phillip Lougher
[    0.152785] NFS: Registering the id_resolver key type
[    0.152813] Key type id_resolver registered
[    0.152822] Key type id_legacy registered
[    0.152888] ntfs: driver 2.1.32 [Flags: R/O].
[    0.154297] bounce: pool size: 64 pages
[    0.154514] Block layer SCSI generic (bsg) driver version 0.4 loaded (major 248)
[    0.154531] io scheduler noop registered
[    0.154545] io scheduler deadline registered
[    0.154582] io scheduler cfq registered (default)
[    0.174944] tegra-pcie 1003000.pcie-controller: 2x1, 1x1 configuration
[    0.174997] tegra-pcie 1003000.pcie-controller: Failed to get supply 'avddio-pex': -517
[    0.182365] tegra-apbdma 60020000.dma: Tegra20 APB DMA driver register 32 channels
[    0.184387] tegra-pmc 7000e400.pmc: emergency thermal reset enabled
[    0.247049] Serial: 8250/16550 driver, 4 ports, IRQ sharing disabled
[    0.250087] console [ttyS0] disabled
[    0.250122] 70006300.serial: ttyS0 at MMIO 0x70006300 (irq = 331, base_baud = 25500000) is a Tegra
[    1.073478] console [ttyS0] enabled
[    1.077871] SuperH (H)SCI(F) driver initialized
[    1.083468] msm_serial: driver initialized
[    1.087785] STMicroelectronics ASC driver initialized
[    1.095395] [drm] Initialized drm 1.1.0 20060810
[    1.103025] tegra-hdmi 54280000.hdmi: failed to get HDMI regulator
[    1.122416] brd: module loaded
[    1.131487] loop: module loaded
[    1.135210] at24 0-0056: 256 byte 24c02 EEPROM, writable, 8 bytes/write
[    1.143441] as3722 4-0040: AS3722 with revision 0x1 found
[    1.167134] +5V_SYS: supplied by +VDD_MUX
[    1.171200] +1.05V_RUN: supplied by +5V_SYS
[    1.175512] tegra-ahci 70027000.sata: Failed to get supply 'hvdd': -517
[    1.182183] tegra-ahci 70027000.sata: Failed to get regulators
[    1.202775] m25p80 spi32765.0: w25q32dw (4096 Kbytes)
[    1.211340] libphy: Fixed MDIO Bus: probed
[    1.216194] CAN device driver interface
[    1.222202] igb: Intel(R) Gigabit Ethernet Network Driver - version 5.3.0-k
[    1.229169] igb: Copyright (c) 2007-2014 Intel Corporation.
[    1.238310] pegasus: v0.9.3 (2013/04/25), Pegasus/Pegasus II USB Ethernet driver
[    1.245766] usbcore: registered new interface driver pegasus
[    1.251502] usbcore: registered new interface driver asix
[    1.256956] usbcore: registered new interface driver ax88179_178a
[    1.263110] usbcore: registered new interface driver cdc_ether
[    1.269016] usbcore: registered new interface driver smsc75xx
[    1.274833] usbcore: registered new interface driver smsc95xx
[    1.280632] usbcore: registered new interface driver net1080
[    1.286346] usbcore: registered new interface driver cdc_subset
[    1.292322] usbcore: registered new interface driver zaurus
[    1.297983] usbcore: registered new interface driver cdc_ncm
[    1.303923] tegra-phy 7d004000.usb-phy: no vbus regulator
[    1.311354] ehci_hcd: USB 2.0 'Enhanced' Host Controller (EHCI) Driver
[    1.317897] ehci-pci: EHCI PCI platform driver
[    1.322398] ehci-platform: EHCI generic platform driver
[    1.327847] ehci-omap: OMAP-EHCI Host Controller driver
[    1.333231] ehci-orion: EHCI orion driver
[    1.337402] SPEAr-ehci: EHCI SPEAr driver
[    1.341577] ehci-st: EHCI STMicroelectronics driver
[    1.346620] ehci-exynos: EHCI EXYNOS driver
[    1.350999] ehci-atmel: EHCI Atmel driver
[    1.355173] tegra-ehci: Tegra EHCI driver
[    1.359534] tegra-ehci 7d004000.usb: EHCI Host Controller
[    1.364965] tegra-ehci 7d004000.usb: new USB bus registered, assigned bus number 1
[    1.372712] tegra-ehci 7d004000.usb: irq 348, io mem 0x7d004000
[    1.383783] tegra-ehci 7d004000.usb: USB 2.0 started, EHCI 1.10
[    1.390561] hub 1-0:1.0: USB hub found
[    1.394360] hub 1-0:1.0: 1 port detected
[    1.398925] ohci_hcd: USB 1.1 'Open' Host Controller (OHCI) Driver
[    1.405127] ohci-pci: OHCI PCI platform driver
[    1.409628] ohci-platform: OHCI generic platform driver
[    1.415042] ohci-omap3: OHCI OMAP3 driver
[    1.419210] SPEAr-ohci: OHCI SPEAr driver
[    1.423369] ohci-st: OHCI STMicroelectronics driver
[    1.428413] ohci-atmel: OHCI Atmel driver
[    1.433254] usbcore: registered new interface driver usb-storage
[    1.441011] mousedev: PS/2 mouse device common for all mice
[    1.450206] as3722-rtc as3722-rtc: rtc core: registered as3722-rtc as rtc0
[    1.457091] as3722-rtc as3722-rtc: RTC interrupt 371
[    1.465497] tegra_rtc 7000e000.rtc: rtc core: registered 7000e000.rtc as rtc1
[    1.472687] tegra_rtc 7000e000.rtc: Tegra internal Real Time Clock
[    1.479477] i2c /dev entries driver
[    1.489476] 0-004c supply vcc not found, using dummy regulator
[    1.503634] sdhci: Secure Digital Host Controller Interface driver
[    1.509837] sdhci: Copyright(c) Pierre Ossman
[    1.515936] Synopsys Designware Multimedia Card Interface Driver
[    1.523179] sdhci-pltfm: SDHCI platform and OF driver helper
[    1.529644] sdhci-tegra 700b0400.sdhci: Got CD GPIO
[    1.534556] sdhci-tegra 700b0400.sdhci: Got WP GPIO
[    1.539496] mmc0: Unknown controller version (3). You may experience problems.
[    1.547089] mmc0: Unknown controller version (3). You may experience problems.
[    1.554405] mmc0: Invalid maximum block size, assuming 512 bytes
[    1.593785] mmc0: SDHCI controller on 700b0600.sdhci [700b0600.sdhci] using ADMA 64-bit
[    1.603809] ledtrig-cpu: registered to indicate activity on CPUs
[    1.610223] usbcore: registered new interface driver usbhid
[    1.615804] usbhid: USB HID core driver
[    1.629109] NET: Registered protocol family 10
[    1.634320] sit: IPv6 over IPv4 tunneling driver
[    1.639784] NET: Registered protocol family 17
[    1.644258] can: controller area network core (rev 20120528 abi 9)
[    1.650509] NET: Registered protocol family 29
[    1.654974] can: raw protocol (rev 20120528)
[    1.659260] can: broadcast manager protocol (rev 20120528 t)
[    1.664937] can: netlink gateway (rev 20130117) max_hops=1
[    1.670854] Key type dns_resolver registered
[    1.675853] ThumbEE CPU extension supported.
[    1.680152] Registering SWP/SWPB emulation handler
[    1.696893] tegra-pcie 1003000.pcie-controller: 2x1, 1x1 configuration
[    1.703840] +3.3V_SYS: supplied by +VDD_MUX
[    1.708086] +3.3V_LP0: supplied by +3.3V_SYS
[    1.712829] +1.35V_LP0(sd2): supplied by +5V_SYS
[    1.717554] +1.05V_RUN_AVDD: supplied by +1.35V_LP0(sd2)
[    1.724966] tegra-pcie 1003000.pcie-controller: probing port 0, using 2 lanes
[    1.734334] tegra-pcie 1003000.pcie-controller: Slot present pin change, signature: 00000008
[    1.782733] mmc0: new high speed MMC card at address 0001
[    1.789561] mmcblk0: mmc0:0001 SEM16G 14.7 GiB 
[    1.795148] mmcblk0boot0: mmc0:0001 SEM16G partition 1 4.00 MiB
[    1.802163] mmcblk0boot1: mmc0:0001 SEM16G partition 2 4.00 MiB
[    1.808827] mmcblk0rpmb: mmc0:0001 SEM16G partition 3 4.00 MiB
[    1.819066] Primary GPT is invalid, using alternate GPT.
[    1.824449]  mmcblk0: p1 p2 p3 p4 p5 p6 p7 p8 p9
[    2.165215] tegra-pcie 1003000.pcie-controller: link 0 down, retrying
[    2.594573] tegra-pcie 1003000.pcie-controller: link 0 down, retrying
[    3.023970] tegra-pcie 1003000.pcie-controller: link 0 down, retrying
[    3.032547] tegra-pcie 1003000.pcie-controller: link 0 down, ignoring
[    3.039042] tegra-pcie 1003000.pcie-controller: probing port 1, using 1 lanes
[    3.048344] tegra-pcie 1003000.pcie-controller: Slot present pin change, signature: 00000000
[    3.063296] tegra-pcie 1003000.pcie-controller: PCI host bridge to bus 0000:00
[    3.070554] pci_bus 0000:00: root bus resource [io  0x0000-0xffff]
[    3.076742] pci_bus 0000:00: root bus resource [mem 0x13000000-0x1fffffff]
[    3.083623] pci_bus 0000:00: root bus resource [mem 0x20000000-0x3fffffff pref]
[    3.090936] pci_bus 0000:00: root bus resource [bus 00-ff]
[    3.096467] pci 0000:00:02.0: [10de:0e13] type 01 class 0x060400
[    3.102580] pci 0000:00:02.0: PME# supported from D0 D1 D2 D3hot D3cold
[    3.109491] PCI: bus0: Fast back to back transfers disabled
[    3.115077] pci 0000:00:02.0: bridge configuration invalid ([bus 00-00]), reconfiguring
[    3.123272] pci 0000:01:00.0: [10ec:8168] type 00 class 0x020000
[    3.129313] pci 0000:01:00.0: reg 0x10: [io  0x0000-0x00ff]
[    3.134924] pci 0000:01:00.0: reg 0x18: [mem 0x00000000-0x00000fff 64bit]
[    3.141736] pci 0000:01:00.0: reg 0x20: [mem 0x00000000-0x00003fff 64bit pref]
[    3.149096] pci 0000:01:00.0: supports D1 D2
[    3.153361] pci 0000:01:00.0: PME# supported from D0 D1 D2 D3hot D3cold
[    3.168906] PCI: bus1: Fast back to back transfers disabled
[    3.174505] pci_bus 0000:01: busn_res: [bus 01-ff] end is updated to 01
[    3.181217] pci 0000:00:02.0: BAR 8: assigned [mem 0x13000000-0x130fffff]
[    3.188019] pci 0000:00:02.0: BAR 9: assigned [mem 0x20000000-0x200fffff 64bit pref]
[    3.195770] pci 0000:00:02.0: BAR 7: assigned [io  0x1000-0x1fff]
[    3.201877] pci 0000:01:00.0: BAR 4: assigned [mem 0x20000000-0x20003fff 64bit pref]
[    3.209645] pci 0000:01:00.0: BAR 2: assigned [mem 0x13000000-0x13000fff 64bit]
[    3.216977] pci 0000:01:00.0: BAR 0: assigned [io  0x1000-0x10ff]
[    3.223084] pci 0000:00:02.0: PCI bridge to [bus 01]
[    3.228057] pci 0000:00:02.0:   bridge window [io  0x1000-0x1fff]
[    3.234161] pci 0000:00:02.0:   bridge window [mem 0x13000000-0x130fffff]
[    3.240957] pci 0000:00:02.0:   bridge window [mem 0x20000000-0x200fffff 64bit pref]
[    3.248726] pci 0000:00:02.0: nv_msi_ht_cap_quirk didn't locate host bridge
[    3.255799] pcieport 0000:00:02.0: enabling device (0140 -> 0143)
[    3.262135] pcieport 0000:00:02.0: Signaling PME through PCIe PME interrupt
[    3.269107] pci 0000:01:00.0: Signaling PME through PCIe PME interrupt
[    3.275644] pcie_pme 0000:00:02.0:pcie01: service driver pcie_pme loaded
[    3.282538] r8169 Gigabit Ethernet driver 2.3LK-NAPI loaded
[    3.288138] r8169 0000:01:00.0: enabling device (0140 -> 0143)
[    3.305600] r8169 0000:01:00.0 eth0: RTL8168g/8111g at 0xf0a1c000, 00:04:4b:25:b3:b4, XID 0c000800 IRQ 388
[    3.315287] r8169 0000:01:00.0 eth0: jumbo features [frames: 9200 bytes, tx checksumming: ko]
[    3.324815] +5V_HDMI_CON: supplied by +5V_SYS
[    3.329338] +1.05V_RUN_AVDD_HDMI_PLL: supplied by +1.05V_RUN
[    3.335255] +3.3V_RUN: supplied by +3.3V_SYS
[    3.339625] +3.3V_AVDD_HDMI_AP_GATED: supplied by +3.3V_RUN
[    3.348017] [drm] Supports vblank timestamp caching Rev 2 (21.10.2013).
[    3.354669] [drm] No driver support for vblank timestamp query.
[    3.461112] tegra-hdmi 54280000.hdmi: cannot set audio to 44100 at 297000000 pclk
[    3.613532] Console: switching to colour frame buffer device 512x135
[    3.708796] drm drm: fb0:  frame buffer device
[    3.723902] [drm] Initialized tegra 0.0.0 20120330 on minor 0
[    3.731032] +5V_SATA: supplied by +5V_SYS
[    3.735184] +12V_SATA: supplied by +VDD_MUX
[    3.740163] tegra-ahci 70027000.sata: AHCI 0001.0301 32 slots 2 ports 3 Gbps 0x1 impl platform mode
[    3.749240] tegra-ahci 70027000.sata: flags: 64bit ncq sntf pm led pio slum part sadm sds apst 
[    3.760162] scsi host0: tegra-ahci
[    3.764516] scsi host1: tegra-ahci
[    3.768269] ata1: SATA max UDMA/133 mmio [mem 0x70027000-0x70028fff] port 0x100 irq 341
[    3.776315] ata2: DUMMY
[    3.780424] +5V_USB_HS: supplied by +5V_SYS
[    3.786280] tegra-ehci 7d008000.usb: EHCI Host Controller
[    3.791738] tegra-ehci 7d008000.usb: new USB bus registered, assigned bus number 2
[    3.799559] tegra-ehci 7d008000.usb: irq 349, io mem 0x7d008000
[    3.813885] tegra-ehci 7d008000.usb: USB 2.0 started, EHCI 1.10
[    3.820693] hub 2-0:1.0: USB hub found
[    3.824510] hub 2-0:1.0: 1 port detected
[    3.830267] cpu: dev_pm_opp_of_cpumask_add_table: couldn't find opp table for cpu:0, -19
[    3.838441] cpu cpu0: dev_pm_opp_get_max_volt_latency: Invalid regulator (-6)
[    3.845623] cpufreq: cpufreq_online: CPU0: Running at unlisted freq: 696000 KHz
[    3.853000] cpufreq: cpufreq_online: CPU0: Unlisted initial frequency changed to: 714000 KHz
[    3.862914] sdhci-tegra 700b0400.sdhci: Got CD GPIO
[    3.867832] sdhci-tegra 700b0400.sdhci: Got WP GPIO
[    3.872765] mmc1: Unknown controller version (3). You may experience problems.
[    3.880095] +VDDIO_SDMMC3: supplied by +3.3V_RUN
[    3.884813] mmc1: Invalid maximum block size, assuming 512 bytes
[    3.924110] mmc1: SDHCI controller on 700b0400.sdhci [700b0400.sdhci] using ADMA 64-bit
[    3.933862] input: gpio-keys as /devices/soc0/gpio-keys/input/input0
[    3.941043] as3722-rtc as3722-rtc: setting system clock to 2000-01-01 00:03:25 UTC (946685005)
[    3.953088] +1.8V_RUN_CAM: disabling
[    3.956873] +2.8V_RUN_CAM: disabling
[    3.960659] +1.2V_RUN_CAM_FRONT: disabling
[    3.964920] +1.05V_RUN_CAM_REAR: disabling
[    3.969182] +3.3V_RUN_TOUCH: disabling
[    3.973078] +2.8V_RUN_CAM_AF: disabling
[    3.977079] +1.8V_RUN_VPP_FUSE: disabling
[    3.981251] +USB0_VBUS_SW: disabling
[    4.092711] ata1: SATA link down (SStatus 0 SControl 300)
[    4.098882] EXT4-fs (mmcblk0p1): couldn't mount as ext3 due to feature incompatibilities
[    4.107577] EXT4-fs (mmcblk0p1): couldn't mount as ext2 due to feature incompatibilities
[    4.128424] EXT4-fs (mmcblk0p1): warning: mounting fs with errors, running e2fsck is recommended
[    4.133858] usb 2-1: new high-speed USB device number 2 using tegra-ehci
[    4.146318] EXT4-fs (mmcblk0p1): recovery complete
[    4.151133] EXT4-fs (mmcblk0p1): mounted filesystem with ordered data mode. Opts: (null)
[    4.159247] VFS: Mounted root (ext4 filesystem) on device 179:1.
[    4.169247] devtmpfs: mounted
[    4.173580] Freeing unused kernel memory: 2048K (c1100000 - c1300000)
bash: cannot set terminal process group (-1): Inappropriate ioctl for device
bash: no job control in this shell
root@(none):/# mount -t sysfs none /sys
root@(none):/# 
root@(none):/# mount -t debugfs none /sys/kernel/debug
root@(none):/# 
root@(none):/# rtcwake -d rtc1 -m mem -s 3
rtcwake: assuming RTC uses UTC ...
rtcwake: wakeup from "mem" using /dev/rtc1 at Thu Jan  1 00:00:24 1970
[    7.408571] PM: Syncing filesystems ... done.
[    7.590193] Freezing user space processes ... (elapsed 0.001 seconds) done.
[    7.598841] Freezing remaining freezable tasks ... (elapsed 0.001 seconds) done.
[    7.607987] Suspending console(s) (use no_console_suspend to debug)
[    7.706464] PM: suspend of devices complete after 89.500 msecs
[    7.713087] PM: late suspend of devices complete after 6.596 msecs
[    7.731821] PM: noirq suspend of devices complete after 18.713 msecs
[    7.731828] Disabling non-boot CPUs ...
[    7.732762] IRQ16 no longer affine to CPU1
[    7.733475] CPU1: shutdown
[    7.759272] CPU2: shutdown
[    7.778266] CPU3: shutdown
[    7.796131] Entering suspend state LP1
[    7.796145] Enabling non-boot CPUs ...
[    7.819481] CPU1 is up
[    7.844534] CPU2 is up
[    7.869659] CPU3 is up
[    7.870302] pcieport 0000:00:02.0: nv_msi_ht_cap_quirk didn't locate host bridge
[    7.883846] PM: noirq resume of devices complete after 14.181 msecs
[    7.885873] PM: early resume of devices complete after 1.721 msecs
[    7.888328] tegra-hdmi 54280000.hdmi: cannot set audio to 44100 at 297000000 pclk
[    8.020521] PM: resume of devices complete after 134.637 msecs
[    8.103342] Restarting tasks ... done.
root@(none):/# 
root@(none):/# [    8.281349] ata1: SATA link down (SStatus 0 SControl 300)
rtcwake -d rtc1 -m mem -s 3
rtcwake: assuming RTC uses UTC ...
rtcwake: wakeup from "mem" using /dev/rtc1 at Thu Jan  1 00:00:29 1970
[    9.349587] PM: Syncing filesystems ... done.
[    9.615364] Freezing user space processes ... (elapsed 0.001 seconds) done.
[    9.623901] Freezing remaining freezable tasks ... (elapsed 0.001 seconds) done.
[    9.632541] Suspending console(s) (use no_console_suspend to debug)
[    9.705208] PM: suspend of devices complete after 65.773 msecs
[    9.706915] PM: late suspend of devices complete after 1.698 msecs
[    9.719352] PM: noirq suspend of devices complete after 12.432 msecs
[    9.719354] Disabling non-boot CPUs ...
[    9.719764] CPU1: shutdown
[    9.734898] CPU2: shutdown
[    9.749751] CPU3: shutdown
[    9.764224] Entering suspend state LP1
[    9.764237] Enabling non-boot CPUs ...
[    9.789428] CPU1 is up
[    9.814473] CPU2 is up
[    9.839604] CPU3 is up
[    9.840238] pcieport 0000:00:02.0: nv_msi_ht_cap_quirk didn't locate host bridge
[    9.853822] PM: noirq resume of devices complete after 14.213 msecs
[    9.855409] PM: early resume of devices complete after 1.272 msecs
[    9.857649] tegra-hdmi 54280000.hdmi: cannot set audio to 44100 at 297000000 pclk
[    9.990359] PM: resume of devices complete after 134.940 msecs
[   10.069063] Restarting tasks ... done.
root@(none):/# 
root@(none):/# [   10.246328] ata1: SATA link down (SStatus 0 SControl 300)
rtcwake -d rtc1 -m mem -s 3
rtcwake: assuming RTC uses UTC ...
rtcwake: wakeup from "mem" using /dev/rtc1 at Thu Jan  1 00:00:34 1970
[   11.320335] PM: Syncing filesystems ... done.
[   11.586891] Freezing user space processes ... (elapsed 0.001 seconds) done.
[   11.595443] Freezing remaining freezable tasks ... (elapsed 0.001 seconds) done.
[   11.604099] Suspending console(s) (use no_console_suspend to debug)
[   11.675147] PM: suspend of devices complete after 64.162 msecs
[   11.676941] PM: late suspend of devices complete after 1.785 msecs
[   11.689325] PM: noirq suspend of devices complete after 12.379 msecs
[   11.689327] Disabling non-boot CPUs ...
[   11.689725] CPU1: shutdown
[   11.704882] CPU2: shutdown
[   11.719723] CPU3: shutdown
[   11.734211] Entering suspend state LP1
[   11.734225] Enabling non-boot CPUs ...
[   11.759425] CPU1 is up
[   11.784474] CPU2 is up
[   11.809608] CPU3 is up
[   11.810218] pcieport 0000:00:02.0: nv_msi_ht_cap_quirk didn't locate host bridge
[   11.823802] PM: noirq resume of devices complete after 14.188 msecs
[   11.825241] PM: early resume of devices complete after 1.122 msecs
[   11.827589] tegra-hdmi 54280000.hdmi: cannot set audio to 44100 at 297000000 pclk
[   11.960370] PM: resume of devices complete after 135.120 msecs
[   12.039127] Restarting tasks ... done.
root@(none):/# 
root@(none):/# [   12.216310] ata1: SATA link down (SStatus 0 SControl 300)
rtcwake -d rtc1 -m mem -s 3
rtcwake: assuming RTC uses UTC ...
rtcwake: wakeup from "mem" using /dev/rtc1 at Thu Jan  1 00:00:39 1970
[   13.290335] PM: Syncing filesystems ... done.
[   13.556897] Freezing user space processes ... (elapsed 0.001 seconds) done.
[   13.565448] Freezing remaining freezable tasks ... (elapsed 0.001 seconds) done.
[   13.574102] Suspending console(s) (use no_console_suspend to debug)
[   13.645264] PM: suspend of devices complete after 64.278 msecs
[   13.647036] PM: late suspend of devices complete after 1.763 msecs
[   13.659311] PM: noirq suspend of devices complete after 12.269 msecs
[   13.659312] Disabling non-boot CPUs ...
[   13.659537] IRQ16 no longer affine to CPU1
[   13.659722] CPU1: shutdown
[   13.674868] CPU2: shutdown
[   13.689706] CPU3: shutdown
[   13.704185] Entering suspend state LP1
[   13.704198] Enabling non-boot CPUs ...
[   13.729389] CPU1 is up
[   13.754438] CPU2 is up
[   13.779565] CPU3 is up
[   13.780180] pcieport 0000:00:02.0: nv_msi_ht_cap_quirk didn't locate host bridge
[   13.793779] PM: noirq resume of devices complete after 14.207 msecs
[   13.795446] PM: early resume of devices complete after 1.353 msecs
[   13.797807] tegra-hdmi 54280000.hdmi: cannot set audio to 44100 at 297000000 pclk
[   13.930416] PM: resume of devices complete after 134.961 msecs
[   14.013183] Restarting tasks ... done.
root@(none):/# 
root@(none):/# [   14.186296] ata1: SATA link down (SStatus 0 SControl 300)
rtcwake -d rtc1 -m mem -s 3
rtcwake: assuming RTC uses UTC ...
rtcwake: wakeup from "mem" using /dev/rtc1 at Thu Jan  1 00:00:44 1970
[   15.259334] PM: Syncing filesystems ... done.
[   15.525672] Freezing user space processes ... (elapsed 0.001 seconds) done.
[   15.534231] Freezing remaining freezable tasks ... (elapsed 0.001 seconds) done.
[   15.542886] Suspending console(s) (use no_console_suspend to debug)
[   15.615234] PM: suspend of devices complete after 65.391 msecs
[   15.617106] PM: late suspend of devices complete after 1.863 msecs
[   15.629313] PM: noirq suspend of devices complete after 12.202 msecs
[   15.629315] Disabling non-boot CPUs ...
[   15.629754] CPU1: shutdown
[   15.644948] CPU2: shutdown
[   15.659575] IRQ16 no longer affine to CPU3
[   15.659784] CPU3: shutdown
[   15.674206] Entering suspend state LP1
[   15.674220] Enabling non-boot CPUs ...
[   15.699398] CPU1 is up
[   15.724454] CPU2 is up
[   15.749575] CPU3 is up
[   15.750203] pcieport 0000:00:02.0: nv_msi_ht_cap_quirk didn't locate host bridge
[   15.763756] PM: noirq resume of devices complete after 14.175 msecs
[   15.765427] PM: early resume of devices complete after 1.343 msecs
[   15.767960] tegra-hdmi 54280000.hdmi: cannot set audio to 44100 at 297000000 pclk
[   15.900318] PM: resume of devices complete after 134.881 msecs
[   15.983110] Restarting tasks ... done.
root@(none):/# 
root@(none):/# [   16.156251] ata1: SATA link down (SStatus 0 SControl 300)
rtcwake -d rtc1 -m mem -s 3
rtcwake: assuming RTC uses UTC ...
rtcwake: wakeup from "mem" using /dev/rtc1 at Thu Jan  1 00:00:49 1970
[   17.230769] PM: Syncing filesystems ... done.
[   17.497662] Freezing user space processes ... (elapsed 0.001 seconds) done.
[   17.506199] Freezing remaining freezable tasks ... (elapsed 0.001 seconds) done.
[   17.514868] Suspending console(s) (use no_console_suspend to debug)
[   17.585271] PM: suspend of devices complete after 63.499 msecs
[   17.587161] PM: late suspend of devices complete after 1.880 msecs
[   17.599282] PM: noirq suspend of devices complete after 12.115 msecs
[   17.599284] Disabling non-boot CPUs ...
[   17.599704] CPU1: shutdown
[   17.619851] CPU2: shutdown
[   17.644500] IRQ16 no longer affine to CPU3
[   17.644700] CPU3: shutdown
[   17.659172] Entering suspend state LP1
[   17.659185] Enabling non-boot CPUs ...
[   17.684378] CPU1 is up
[   17.709434] CPU2 is up
[   17.734558] CPU3 is up
[   17.735189] pcieport 0000:00:02.0: nv_msi_ht_cap_quirk didn't locate host bridge
[   17.748737] PM: noirq resume of devices complete after 14.173 msecs
[   17.750174] PM: early resume of devices complete after 1.121 msecs
[   17.752818] tegra-hdmi 54280000.hdmi: cannot set audio to 44100 at 297000000 pclk
[   17.885247] PM: resume of devices complete after 135.061 msecs
[   17.968080] Restarting tasks ... done.
root@(none):/# 
root@(none):/# [   18.141218] ata1: SATA link down (SStatus 0 SControl 300)
rtcwake -d rtc1 -m mem -s 3
rtcwake: assuming RTC uses UTC ...
rtcwake: wakeup from "mem" using /dev/rtc1 at Thu Jan  1 00:00:54 1970
[   19.219723] PM: Syncing filesystems ... done.
[   19.486556] Freezing user space processes ... (elapsed 0.001 seconds) done.
[   19.495107] Freezing remaining freezable tasks ... (elapsed 0.001 seconds) done.
[   19.503769] Suspending console(s) (use no_console_suspend to debug)
[   19.610070] PM: suspend of devices complete after 99.386 msecs
[   19.611379] PM: late suspend of devices complete after 1.300 msecs
[   19.624267] PM: noirq suspend of devices complete after 12.881 msecs
[   19.624268] Disabling non-boot CPUs ...
[   19.624680] CPU1: shutdown
[   19.644828] CPU2: shutdown
[   19.669463] IRQ16 no longer affine to CPU3
[   19.669665] CPU3: shutdown
[   19.684132] Entering suspend state LP1
[   19.684146] Enabling non-boot CPUs ...
[   19.709346] CPU1 is up
[   19.734400] CPU2 is up
[   19.759527] CPU3 is up
[   19.760165] pcieport 0000:00:02.0: nv_msi_ht_cap_quirk didn't locate host bridge
[   19.773715] PM: noirq resume of devices complete after 14.183 msecs
[   19.775333] PM: early resume of devices complete after 1.291 msecs
[   19.777688] tegra-hdmi 54280000.hdmi: cannot set audio to 44100 at 297000000 pclk
[   19.910319] PM: resume of devices complete after 134.976 msecs
[   19.993116] Restarting tasks ... done.
root@(none):/# 
root@(none):/# [   20.166225] ata1: SATA link down (SStatus 0 SControl 300)
rtcwake -d rtc1 -m mem -s 3
rtcwake: assuming RTC uses UTC ...
rtcwake: wakeup from "mem" using /dev/rtc1 at Thu Jan  1 00:00:59 1970
[   21.238530] PM: Syncing filesystems ... done.
[   21.504801] Freezing user space processes ... (elapsed 0.001 seconds) done.
[   21.513379] Freezing remaining freezable tasks ... (elapsed 0.001 seconds) done.
[   21.522050] Suspending console(s) (use no_console_suspend to debug)
[   21.595184] PM: suspend of devices complete after 66.211 msecs
[   21.597060] PM: late suspend of devices complete after 1.866 msecs
[   21.609237] PM: noirq suspend of devices complete after 12.172 msecs
[   21.609239] Disabling non-boot CPUs ...
[   21.609648] CPU1: shutdown
[   21.624804] CPU2: shutdown
[   21.639450] IRQ16 no longer affine to CPU3
[   21.639661] CPU3: shutdown
[   21.654111] Entering suspend state LP1
[   21.654125] Enabling non-boot CPUs ...
[   21.679303] CPU1 is up
[   21.704364] CPU2 is up
[   21.729483] CPU3 is up
[   21.730102] pcieport 0000:00:02.0: nv_msi_ht_cap_quirk didn't locate host bridge
[   21.743692] PM: noirq resume of devices complete after 14.204 msecs
[   21.745029] PM: early resume of devices complete after 1.008 msecs
[   21.747203] tegra-hdmi 54280000.hdmi: cannot set audio to 44100 at 297000000 pclk
[   21.880332] PM: resume of devices complete after 135.294 msecs
[   21.963114] Restarting tasks ... done.
root@(none):/# 
root@(none):/# [   22.136194] ata1: SATA link down (SStatus 0 SControl 300)
rtcwake -d rtc1 -m mem -s 3
rtcwake: assuming RTC uses UTC ...
rtcwake: wakeup from "mem" using /dev/rtc1 at Thu Jan  1 00:01:04 1970
[   23.209490] PM: Syncing filesystems ... done.
[   23.475905] Freezing user space processes ... (elapsed 0.001 seconds) done.
[   23.484460] Freezing remaining freezable tasks ... (elapsed 0.001 seconds) done.
[   23.493112] Suspending console(s) (use no_console_suspend to debug)
[   23.565214] PM: suspend of devices complete after 65.184 msecs
[   23.566981] PM: late suspend of devices complete after 1.758 msecs
[   23.579221] PM: noirq suspend of devices complete after 12.234 msecs
[   23.579223] Disabling non-boot CPUs ...
[   23.579635] CPU1: shutdown
[   23.594784] CPU2: shutdown
[   23.609430] IRQ16 no longer affine to CPU3
[   23.609633] CPU3: shutdown
[   23.624091] Entering suspend state LP1
[   23.624105] Enabling non-boot CPUs ...
[   23.649288] CPU1 is up
[   23.674339] CPU2 is up
[   23.699462] CPU3 is up
[   23.700081] pcieport 0000:00:02.0: nv_msi_ht_cap_quirk didn't locate host bridge
[   23.713670] PM: noirq resume of devices complete after 14.203 msecs
[   23.715206] PM: early resume of devices complete after 1.206 msecs
[   23.717733] tegra-hdmi 54280000.hdmi: cannot set audio to 44100 at 297000000 pclk
[   23.850142] PM: resume of devices complete after 134.926 msecs
[   23.932940] Restarting tasks ... done.
root@(none):/# 
root@(none):/# [   24.106182] ata1: SATA link down (SStatus 0 SControl 300)
rtcwake -d rtc1 -m mem -s 3
rtcwake: assuming RTC uses UTC ...
rtcwake: wakeup from "mem" using /dev/rtc1 at Thu Jan  1 00:01:09 1970
[   25.175608] PM: Syncing filesystems ... done.
[   25.441779] Freezing user space processes ... (elapsed 0.001 seconds) done.
[   25.450351] Freezing remaining freezable tasks ... (elapsed 0.001 seconds) done.
[   25.459006] Suspending console(s) (use no_console_suspend to debug)
[   25.535036] PM: suspend of devices complete after 69.172 msecs
[   25.535992] PM: late suspend of devices complete after 0.952 msecs
[   25.549106] PM: noirq suspend of devices complete after 13.110 msecs
[   25.549107] Disabling non-boot CPUs ...
[   25.549485] CPU1: shutdown
[   25.564678] CPU2: shutdown
[   25.579340] IRQ16 no longer affine to CPU3
[   25.579544] CPU3: shutdown
[   25.594028] Entering suspend state LP1
[   25.594042] Enabling non-boot CPUs ...
[   25.619266] CPU1 is up
[   25.644325] CPU2 is up
[   25.669437] CPU3 is up
[   25.670084] pcieport 0000:00:02.0: nv_msi_ht_cap_quirk didn't locate host bridge
[   25.683656] PM: noirq resume of devices complete after 14.214 msecs
[   25.684672] PM: early resume of devices complete after 0.706 msecs
[   25.687483] tegra-hdmi 54280000.hdmi: cannot set audio to 44100 at 297000000 pclk
[   25.820332] PM: resume of devices complete after 135.652 msecs
[   25.903132] Restarting tasks ... done.
root@(none):/# 
root@(none):/# [   26.076152] ata1: SATA link down (SStatus 0 SControl 300)
NVTB SYSTEM SUSPEND TEST COMPLETE
