
U-Boot SPL 2014.01-00219-gc4d376f (Feb 18 2014 - 19:57:32)


U-Boot 2014.01-00219-gc4d376f (Feb 18 2014 - 19:57:32)

TEGRA114
Board: NVIDIA Dalmore
I2C:   ready
DRAM:  2 GiB
MMC:   Tegra SD/MMC: 0, Tegra SD/MMC: 1
In:    serial
Out:   serial
Err:   serial
Net:   Net Initialization Skipped
No ethernet found.
Hit any key to stop autoboot:  2  0 
Tegra114 (Dalmore) # 
Tegra114 (Dalmore) # usb reset
(Re)start USB...
USB0:   USB EHCI 1.10
scanning bus 0 for devices... 2 USB Device(s) found
       scanning usb for storage devices... 0 Storage Device(s) found
       scanning usb for ethernet devices... 
Warning: asx0 using MAC address from net device
1 Ethernet Device(s) found
Tegra114 (Dalmore) # setenv bootargs 'ignore_loglevel console=ttyS0,115200n8 rw root=PARTUUID=7369c667-ff51-ec4a-29cd-baabf2fbe346 rootwait gpt debug earlyprintk init=/bin/bash'
Tegra114 (Dalmore) # setenv ipaddr 192.168.100.100; setenv serverip 192.168.100.1; setenv tftpserverip 192.168.100.1
Tegra114 (Dalmore) # tftpboot 0x81000000 zImage.multi_v7_defconfig
Using asx0 device
TFTP from server 192.168.100.1; our IP address is 192.168.100.100
Filename 'zImage.multi_v7_defconfig'.
Load address: 0x81000000
Loading: *#################################################################
	 #################################################################
	 #################################################################
	 #################################################################
	 #################################################################
	 #################################################################
	 #################################################################
	 #################################################################
	 ####################
	 3.1 MiB/s
done
Bytes transferred = 7914664 (78c4a8 hex)
Tegra114 (Dalmore) # tftpboot 0x82000000 tegra114-dalmore.dtb
Using asx0 device
TFTP from server 192.168.100.1; our IP address is 192.168.100.100
Filename 'tegra114-dalmore.dtb'.
Load address: 0x82000000
Loading: *###
	 3 MiB/s
done
Bytes transferred = 35044 (88e4 hex)
Tegra114 (Dalmore) # bootz 0x81000000 - 0x82000000
Kernel image @ 0x81000000 [ 0x000000 - 0x78c4a8 ]
## Flattened Device Tree blob at 82000000
   Booting using the fdt blob at 0x82000000
   Loading Device Tree to 8fff4000, end 8ffff8e3 ... OK

Starting kernel ...

[    0.000000] Booting Linux on physical CPU 0x0
[    0.000000] Linux version 4.12.0-rc1-170892-g2ea659a (jonathanh@sellafield) (gcc version 4.7.3 20130328 (prerelease) (crosstool-NG linaro-1.13.1-4.7-2013.04-20130415 - Linaro GCC 2013.04) ) #1 SMP Sat May 13 13:37:05 PDT 2017
[    0.000000] CPU: ARMv7 Processor [412fc0f2] revision 2 (ARMv7), cr=10c5387d
[    0.000000] CPU: div instructions available: patching division code
[    0.000000] CPU: PIPT / VIPT nonaliasing data cache, PIPT instruction cache
[    0.000000] OF: fdt: Machine model: NVIDIA Tegra114 Dalmore evaluation board
[    0.000000] debug: ignoring loglevel setting.
[    0.000000] Memory policy: Data cache writealloc
[    0.000000] efi: Getting EFI parameters from FDT:
[    0.000000] efi: UEFI not found.
[    0.000000] cma: Reserved 64 MiB at 0xfb800000
[    0.000000] On node 0 totalpages: 524032
[    0.000000] free_area_init_node: node 0, pgdat c157fd40, node_mem_map eeff8000
[    0.000000]   DMA zone: 1536 pages used for memmap
[    0.000000]   DMA zone: 0 pages reserved
[    0.000000]   DMA zone: 196608 pages, LIFO batch:31
[    0.000000]   HighMem zone: 327424 pages, LIFO batch:31
[    0.000000] percpu: Embedded 17 pages/cpu @eef98000 s39168 r8192 d22272 u69632
[    0.000000] pcpu-alloc: s39168 r8192 d22272 u69632 alloc=17*4096
[    0.000000] pcpu-alloc: [0] 0 [0] 1 [0] 2 [0] 3 
[    0.000000] Built 1 zonelists in Zone order, mobility grouping on.  Total pages: 522496
[    0.000000] Kernel command line: ignore_loglevel console=ttyS0,115200n8 rw root=PARTUUID=7369c667-ff51-ec4a-29cd-baabf2fbe346 rootwait gpt debug earlyprintk init=/bin/bash
[    0.000000] PID hash table entries: 4096 (order: 2, 16384 bytes)
[    0.000000] Dentry cache hash table entries: 131072 (order: 7, 524288 bytes)
[    0.000000] Inode-cache hash table entries: 65536 (order: 6, 262144 bytes)
[    0.000000] Memory: 1993540K/2096128K available (10240K kernel code, 1566K rwdata, 4388K rodata, 2048K init, 409K bss, 37052K reserved, 65536K cma-reserved, 1244160K highmem)
[    0.000000] Virtual kernel memory layout:
[    0.000000]     vector  : 0xffff0000 - 0xffff1000   (   4 kB)
[    0.000000]     fixmap  : 0xffc00000 - 0xfff00000   (3072 kB)
[    0.000000]     vmalloc : 0xf0800000 - 0xff800000   ( 240 MB)
[    0.000000]     lowmem  : 0xc0000000 - 0xf0000000   ( 768 MB)
[    0.000000]     pkmap   : 0xbfe00000 - 0xc0000000   (   2 MB)
[    0.000000]     modules : 0xbf000000 - 0xbfe00000   (  14 MB)
[    0.000000]       .text : 0xc0208000 - 0xc0d00000   (11232 kB)
[    0.000000]       .init : 0xc1200000 - 0xc1400000   (2048 kB)
[    0.000000]       .data : 0xc1400000 - 0xc15879b0   (1567 kB)
[    0.000000]        .bss : 0xc1590d04 - 0xc15f74d8   ( 410 kB)
[    0.000000] SLUB: HWalign=64, Order=0-3, MinObjects=0, CPUs=4, Nodes=1
[    0.000000] Hierarchical RCU implementation.
[    0.000000] 	RCU debugfs-based tracing is enabled.
[    0.000000] 	RCU restricting CPUs from NR_CPUS=16 to nr_cpu_ids=4.
[    0.000000] RCU: Adjusting geometry for rcu_fanout_leaf=16, nr_cpu_ids=4
[    0.000000] NR_IRQS:16 nr_irqs:16 16
[    0.000000] /interrupt-controller@60004000: 160 interrupts forwarded to /interrupt-controller@50041000
[    0.000000] Tegra clk 127: register failed with -17
[    0.000009] sched_clock: 32 bits at 1000kHz, resolution 1000ns, wraps every 2147483647500ns
[    0.000028] clocksource: timer_us: mask: 0xffffffff max_cycles: 0xffffffff, max_idle_ns: 1911260446275 ns
[    0.000044] Switching to timer-based delay loop, resolution 1000ns
[    0.003101] arch_timer: cp15 timer(s) running at 12.00MHz (virt).
[    0.003120] clocksource: arch_sys_counter: mask: 0xffffffffffffff max_cycles: 0x2c47f4ee7, max_idle_ns: 440795202497 ns
[    0.003140] sched_clock: 56 bits at 12MHz, resolution 83ns, wraps every 4398046511096ns
[    0.003155] Switching to timer-based delay loop, resolution 83ns
[    0.003539] Console: colour dummy device 80x30
[    0.003570] Calibrating delay loop (skipped), value calculated using timer frequency.. 24.00 BogoMIPS (lpj=120000)
[    0.003588] pid_max: default: 32768 minimum: 301
[    0.003682] Mount-cache hash table entries: 2048 (order: 1, 8192 bytes)
[    0.003696] Mountpoint-cache hash table entries: 2048 (order: 1, 8192 bytes)
[    0.004206] CPU: Testing write buffer coherency: ok
[    0.004442] /cpus/cpu@0 missing clock-frequency property
[    0.004474] /cpus/cpu@1 missing clock-frequency property
[    0.004505] /cpus/cpu@2 missing clock-frequency property
[    0.004536] /cpus/cpu@3 missing clock-frequency property
[    0.004550] CPU0: thread -1, cpu 0, socket 0, mpidr 80000000
[    0.004843] Setting up static identity map for 0x80300000 - 0x803000a0
[    0.007357] Tegra Revision: A01 SKU: 0 CPU Process: 1 SoC Process: 0
[    0.007976] EFI services will not be available.
[    0.008207] smp: Bringing up secondary CPUs ...
[    0.008831] CPU1: thread -1, cpu 1, socket 0, mpidr 80000001
[    0.009531] CPU2: thread -1, cpu 2, socket 0, mpidr 80000002
[    0.010221] CPU3: thread -1, cpu 3, socket 0, mpidr 80000003
[    0.010307] smp: Brought up 1 node, 4 CPUs
[    0.010329] SMP: Total of 4 processors activated (96.00 BogoMIPS).
[    0.010339] CPU: All CPU(s) started in SVC mode.
[    0.011823] devtmpfs: initialized
[    0.020933] VFP support v0.3: implementor 41 architecture 4 part 30 variant f rev 0
[    0.021274] clocksource: jiffies: mask: 0xffffffff max_cycles: 0xffffffff, max_idle_ns: 19112604462750000 ns
[    0.021294] futex hash table entries: 1024 (order: 4, 65536 bytes)
[    0.022784] pinctrl core: initialized pinctrl subsystem
[    0.024536] NET: Registered protocol family 16
[    0.026739] DMA: preallocated 256 KiB pool for atomic coherent allocations
[    0.028873] cpuidle: using governor menu
[    0.051591] No ATAGs?
[    0.051718] hw-breakpoint: found 5 (+1 reserved) breakpoint and 4 watchpoint registers.
[    0.051734] hw-breakpoint: maximum watchpoint size is 8 bytes.
[    0.057222] Serial: AMBA PL011 UART driver
[    0.057959] tegra-mc 70019000.memory-controller: no memory timings for RAM code 3 registered
[    0.072556] AT91: Could not find identification node
[    0.073044] dvdd_ts: Failed to request enable GPIO61: -517
[    0.073065] reg-fixed-voltage regulators:regulator@1: Failed to register regulator: -517
[    0.073196] usb1_vbus: Failed to request enable GPIO108: -517
[    0.073212] reg-fixed-voltage regulators:regulator@3: Failed to register regulator: -517
[    0.073319] usb2_vbus: Failed to request enable GPIO86: -517
[    0.073334] reg-fixed-voltage regulators:regulator@4: Failed to register regulator: -517
[    0.073768] VDD_5V0_HDMI_CON: Failed to request enable GPIO81: -517
[    0.073784] reg-fixed-voltage regulators:regulator@7: Failed to register regulator: -517
[    0.076198] vgaarb: loaded
[    0.076945] SCSI subsystem initialized
[    0.077106] libata version 3.00 loaded.
[    0.077324] usbcore: registered new interface driver usbfs
[    0.077379] usbcore: registered new interface driver hub
[    0.077451] usbcore: registered new device driver usb
[    0.080645] tps65090 2-0048: No cache defaults, reading back from HW
[    0.082531] TPS65090_RAILSDCDC1: supplied by vdd_ac_bat
[    0.083591] TPS65090_RAILSDCDC2: supplied by vdd_ac_bat
[    0.084652] TPS65090_RAILSDCDC3: supplied by vdd_ac_bat
[    0.085177] TPS65090_RAILSFET1: supplied by vdd_ac_bat
[    0.085548] TPS65090_RAILSFET2: supplied by vdd_ac_bat
[    0.085903] TPS65090_RAILSFET3: supplied by vdd-sys-3v3
[    0.086421] TPS65090_RAILSFET4: supplied by vdd-sys-3v3
[    0.086947] TPS65090_RAILSFET5: supplied by vdd-sys-3v3
[    0.087463] TPS65090_RAILSFET6: supplied by vdd-sys-3v3
[    0.088296] TPS65090_RAILSFET7: supplied by vdd-sys-3v3
[    0.088816] TPS65090_RAILSLDO1: supplied by vdd_ac_bat
[    0.089024] TPS65090_RAILSLDO2: supplied by vdd_ac_bat
[    0.089934] palmas 2-0058: Irq flag is 0x00000004
[    0.091867] palmas 2-0058: Muxing GPIO ff, PWM 0, LED 0
[    0.094344] SMPS12: supplied by vdd-ao
[    0.095358] vdd_hdmi_5v0: supplied by vdd-sys-5v0
[    0.096163] SMPS3: supplied by vdd-ao
[    0.097886] SMPS457: supplied by vdd-sys-3v3
[    0.099514] SMPS6: supplied by regulator-dummy
[    0.100912] SMPS8: supplied by vdd-sys-3v3
[    0.101569] random: fast init done
[    0.102511] SMPS9: supplied by vdd-sys-3v3
[    0.103025] sdhci-vdd-sd-slot: Bringing 2840000uV into 2800000-2800000uV
[    0.104432] SMPS10_OUT2: supplied by regulator-dummy
[    0.105275] SMPS10_OUT1: supplied by regulator-dummy
[    0.106129] LDO1: supplied by vdd-sys-3v3
[    0.107242] LDO2: supplied by vdd-sys-3v3
[    0.108371] LDO3: supplied by vddio-1v8
[    0.109481] LDO4: supplied by vdd-sys-3v3
[    0.110599] LDO5: supplied by vdd_ac_bat
[    0.111291] LDO6: supplied by vdd-sys-3v3
[    0.111801] vdd-sensor-2v85: Bringing 2900000uV into 2850000-2850000uV
[    0.113137] LDO7: supplied by vdd-sys-3v3
[    0.114769] LDO8: supplied by vdd-ao
[    0.115292] vdd-rtc: Bringing 675000uV into 900000-900000uV
[    0.123849] LDO9: supplied by sdhci-vdd-sd-slot
[    0.134175] LDOLN: supplied by vdd-sys-5v0
[    0.135301] LDOUSB: supplied by vdd-sys-5v0
[    0.146459] pps_core: LinuxPPS API ver. 1 registered
[    0.146471] pps_core: Software ver. 5.3.6 - Copyright 2005-2007 Rodolfo Giometti <giometti@linux.it>
[    0.146494] PTP clock support registered
[    0.146675] EDAC MC: Ver: 3.0.0
[    0.148790] clocksource: Switched to clocksource arch_sys_counter
[    0.205944] NET: Registered protocol family 2
[    0.206461] TCP established hash table entries: 8192 (order: 3, 32768 bytes)
[    0.206562] TCP bind hash table entries: 8192 (order: 4, 65536 bytes)
[    0.206751] TCP: Hash tables configured (established 8192 bind 8192)
[    0.206837] UDP hash table entries: 512 (order: 2, 16384 bytes)
[    0.206882] UDP-Lite hash table entries: 512 (order: 2, 16384 bytes)
[    0.207036] NET: Registered protocol family 1
[    0.207353] RPC: Registered named UNIX socket transport module.
[    0.207365] RPC: Registered udp transport module.
[    0.207375] RPC: Registered tcp transport module.
[    0.207384] RPC: Registered tcp NFSv4.1 backchannel transport module.
[    0.207398] PCI: CLS 0 bytes, default 64
[    0.209863] workingset: timestamp_bits=30 max_order=19 bucket_order=0
[    0.218484] squashfs: version 4.0 (2009/01/31) Phillip Lougher
[    0.219236] NFS: Registering the id_resolver key type
[    0.219264] Key type id_resolver registered
[    0.219273] Key type id_legacy registered
[    0.219316] ntfs: driver 2.1.32 [Flags: R/O].
[    0.220990] bounce: pool size: 64 pages
[    0.221033] Block layer SCSI generic (bsg) driver version 0.4 loaded (major 248)
[    0.221046] io scheduler noop registered
[    0.221056] io scheduler deadline registered
[    0.221086] io scheduler cfq registered (default)
[    0.221097] io scheduler mq-deadline registered
[    0.221107] io scheduler kyber registered
[    0.250959] tegra-apbdma 6000a000.dma: Tegra20 APB DMA driver register 32 channels
[    0.253455] tegra-pmc 7000e400.pmc: i2c-thermtrip node not found, emergency thermal reset disabled.
[    0.307940] Serial: 8250/16550 driver, 4 ports, IRQ sharing disabled
[    0.310620] console [ttyS0] disabled
[    0.310662] 70006300.serial: ttyS0 at MMIO 0x70006300 (irq = 329, base_baud = 25500000) is a Tegra
[    1.308423] console [ttyS0] enabled
[    1.312647] SuperH (H)SCI(F) driver initialized
[    1.318055] msm_serial: driver initialized
[    1.322350] STMicroelectronics ASC driver initialized
[    1.332613] tegra-hdmi 54280000.hdmi: failed to get HDMI regulator
[    1.356952] brd: module loaded
[    1.367391] loop: module loaded
[    1.387054] m25p80 spi32766.0: w25q32dw (4096 Kbytes)
[    1.395160] libphy: Fixed MDIO Bus: probed
[    1.400334] CAN device driver interface
[    1.404961] bgmac_bcma: Broadcom 47xx GBit MAC driver loaded
[    1.411806] e1000e: Intel(R) PRO/1000 Network Driver - 3.2.6-k
[    1.417630] e1000e: Copyright(c) 1999 - 2015 Intel Corporation.
[    1.423612] igb: Intel(R) Gigabit Ethernet Network Driver - version 5.4.0-k
[    1.430579] igb: Copyright (c) 2007-2014 Intel Corporation.
[    1.439297] pegasus: v0.9.3 (2013/04/25), Pegasus/Pegasus II USB Ethernet driver
[    1.446729] usbcore: registered new interface driver pegasus
[    1.452445] usbcore: registered new interface driver asix
[    1.457876] usbcore: registered new interface driver ax88179_178a
[    1.464013] usbcore: registered new interface driver cdc_ether
[    1.469903] usbcore: registered new interface driver smsc75xx
[    1.475689] usbcore: registered new interface driver smsc95xx
[    1.481477] usbcore: registered new interface driver net1080
[    1.487160] usbcore: registered new interface driver cdc_subset
[    1.493123] usbcore: registered new interface driver zaurus
[    1.498744] usbcore: registered new interface driver cdc_ncm
[    1.506276] ehci_hcd: USB 2.0 'Enhanced' Host Controller (EHCI) Driver
[    1.512817] ehci-pci: EHCI PCI platform driver
[    1.517294] ehci-platform: EHCI generic platform driver
[    1.522710] ehci-orion: EHCI orion driver
[    1.526854] SPEAr-ehci: EHCI SPEAr driver
[    1.531000] ehci-st: EHCI STMicroelectronics driver
[    1.535993] ehci-exynos: EHCI EXYNOS driver
[    1.540326] ehci-atmel: EHCI Atmel driver
[    1.544451] tegra-ehci: Tegra EHCI driver
[    1.548743] ohci_hcd: USB 1.1 'Open' Host Controller (OHCI) Driver
[    1.554945] ohci-pci: OHCI PCI platform driver
[    1.559443] ohci-platform: OHCI generic platform driver
[    1.564805] ohci-omap3: OHCI OMAP3 driver
[    1.568954] SPEAr-ohci: OHCI SPEAr driver
[    1.573083] ohci-st: OHCI STMicroelectronics driver
[    1.578077] ohci-atmel: OHCI Atmel driver
[    1.582759] usbcore: registered new interface driver usb-storage
[    1.594399] palmas-rtc 7000d000.i2c:tps65913@58:rtc: rtc core: registered 7000d000.i2c:tps659 as rtc0
[    1.605424] tegra_rtc 7000e000.rtc: rtc core: registered 7000e000.rtc as rtc1
[    1.612607] tegra_rtc 7000e000.rtc: Tegra internal Real Time Clock
[    1.619277] i2c /dev entries driver
[    1.628928] sbs-battery 0-000b: sbs_probe: Failed to get device status
[    1.635461] sbs-battery: probe of 0-000b failed with error -121
[    1.651459] sdhci: Secure Digital Host Controller Interface driver
[    1.657630] sdhci: Copyright(c) Pierre Ossman
[    1.663393] Synopsys Designware Multimedia Card Interface Driver
[    1.670535] sdhci-pltfm: SDHCI platform and OF driver helper
[    1.676878] sdhci-tegra 78000400.sdhci: Got CD GPIO
[    1.681795] sdhci-tegra 78000400.sdhci: Got WP GPIO
[    1.694952] mmc0: Invalid maximum block size, assuming 512 bytes
[    1.758927] mmc0: SDHCI controller on 78000400.sdhci [78000400.sdhci] using ADMA
[    1.775586] mmc1: Invalid maximum block size, assuming 512 bytes
[    1.838834] mmc1: SDHCI controller on 78000600.sdhci [78000600.sdhci] using ADMA
[    1.847971] ledtrig-cpu: registered to indicate activity on CPUs
[    1.854359] usbcore: registered new interface driver usbhid
[    1.859945] usbhid: USB HID core driver
[    1.867381] NET: Registered protocol family 10
[    1.872769] Segment Routing with IPv6
[    1.876486] sit: IPv6, IPv4 and MPLS over IPv4 tunneling driver
[    1.883019] NET: Registered protocol family 17
[    1.887465] can: controller area network core (rev 20170425 abi 9)
[    1.893712] NET: Registered protocol family 29
[    1.898152] can: raw protocol (rev 20170425)
[    1.902441] can: broadcast manager protocol (rev 20170425 t)
[    1.908100] can: netlink gateway (rev 20170425) max_hops=1
[    1.913904] Key type dns_resolver registered
[    1.918744] ThumbEE CPU extension supported.
[    1.923039] Registering SWP/SWPB emulation handler
[    1.941547] usb1_vbus: supplied by vdd-sys-5v0
[    1.944332] mmc0: new high speed SDHC card at address aaaa
[    1.945494] mmcblk0: mmc0:aaaa SL16G 14.8 GiB 
[    1.957214] usb2_vbus: supplied by vdd-sys-5v0
[    1.965225] VDD_5V0_HDMI_CON: supplied by vdd-sys-5v0
[    1.970783]  mmcblk0: p1 p2 p3
[    1.982299] tegra-ehci 7d008000.usb: EHCI Host Controller
[    1.987729] tegra-ehci 7d008000.usb: new USB bus registered, assigned bus number 1
[    1.995059] mmc1: new high speed MMC card at address 0001
[    1.996008] mmcblk1: mmc1:0001 SEM32G 29.1 GiB 
[    1.996872] mmcblk1boot0: mmc1:0001 SEM32G partition 1 4.00 MiB
[    1.997731] mmcblk1boot1: mmc1:0001 SEM32G partition 2 4.00 MiB
[    1.998360] mmcblk1rpmb: mmc1:0001 SEM32G partition 3 4.00 MiB
[    2.002124]  mmcblk1: p1 p2 p3 p4 p5 p6 p7 p8
[    2.027589] tegra-ehci 7d008000.usb: irq 339, io mem 0x7d008000
[    2.058931] tegra-ehci 7d008000.usb: USB 2.0 started, EHCI 1.10
[    2.066028] hub 1-0:1.0: USB hub found
[    2.069900] hub 1-0:1.0: 1 port detected
[    2.075538] input: gpio-keys as /devices/soc0/gpio-keys/input/input0
[    2.084508] palmas-rtc 7000d000.i2c:tps65913@58:rtc: setting system clock to 2001-03-07 08:15:23 UTC (983952923)
[    2.095265] vdd_hdmi_5v0: disabling
[    2.106053] dvdd_ts: disabling
[    2.109168] usb1_vbus: disabling
[    2.112399] vdd_cam_1v8_reg: disabling
[    2.116142] VDD_5V0_HDMI_CON: disabling
[    2.121661] EXT4-fs (mmcblk1p1): mounting ext3 file system using the ext4 subsystem
[    2.216351] EXT4-fs (mmcblk1p1): recovery complete
[    2.222963] EXT4-fs (mmcblk1p1): mounted filesystem with ordered data mode. Opts: (null)
[    2.231146] VFS: Mounted root (ext3 filesystem) on device 179:17.
[    2.241909] devtmpfs: mounted
[    2.246758] Freeing unused kernel memory: 2048K
bash: cannot set terminal process group (-1): Inappropriate ioctl for device
bash: no job control in this shell
root@(none):/# [    2.428949] usb 1-1: new high-speed USB device number 2 using tegra-ehci
