
U-Boot SPL 2016.05-rc2 (Apr 21 2016 - 16:23:00)
Trying to boot from RAM


U-Boot 2016.05-rc2 (Apr 21 2016 - 16:23:00 -0700)

TEGRA124
Model: NVIDIA Jetson TK1
Board: NVIDIA Jetson TK1
DRAM:  2 GiB
MC:   Tegra SD/MMC: 0, Tegra SD/MMC: 1
In:    serial
Out:   serial
Err:   serial
Net:   No ethernet found.
Hit any key to stop autoboot:  2  0 
Tegra124 (Jetson TK1) # 
Tegra124 (Jetson TK1) # pci enum
Tegra124 (Jetson TK1) # setenv bootargs 'ignore_loglevel console=ttyS0,115200n8 rw root=PARTUUID=b1791faa-84e8-4e27-83a1-9fb0a77e8803 rootwait gpt debug noinitrd earlyprintk init=/bin/bash'
Tegra124 (Jetson TK1) # setenv ipaddr 192.168.100.102; setenv serverip 192.168.100.1; setenv tftpserverip 192.168.100.1
Tegra124 (Jetson TK1) # tftpboot 0x82000000 zImage.multi_v7_defconfig

Warning: eth_rtl8169 using MAC address from ROM
Using eth_rtl8169 device
TFTP from server 192.168.100.1; our IP address is 192.168.100.102
Filename 'zImage.multi_v7_defconfig'.
Load address: 0x82000000
Loading: *#################################################################
	 #################################################################
	 #################################################################
	 #################################################################
	 #################################################################
	 #################################################################
	 #################################################################
	 ##################################################
	 3.8 MiB/s
done
Bytes transferred = 7412512 (711b20 hex)
Tegra124 (Jetson TK1) # tftpboot 0x83000000 tegra124-jetson-tk1.dtb
Using eth_rtl8169 device
TFTP from server 192.168.100.1; our IP address is 192.168.100.102
Filename 'tegra124-jetson-tk1.dtb'.
Load address: 0x83000000
Loading: *#####
	 3.8 MiB/s
done
Bytes transferred = 67133 (1063d hex)
Tegra124 (Jetson TK1) # bootz 0x82000000 - 0x83000000
Kernel image @ 0x82000000 [ 0x000000 - 0x711b20 ]
## Flattened Device Tree blob at 83000000
   Booting using the fdt blob at 0x83000000
   Using Device Tree in place at 83000000, end 8301363c

Starting kernel ...

[    0.000000] Booting Linux on physical CPU 0x0
[    0.000000] Linux version 4.10.0-rc6-142786-g566cf87 (pwalmsley@sellafield) (gcc version 4.7.3 20130328 (prerelease) (crosstool-NG linaro-1.13.1-4.7-2013.04-20130415 - Linaro GCC 2013.04) ) #1 SMP Sun Jan 29 15:05:05 PST 2017
[    0.000000] CPU: ARMv7 Processor [413fc0f3] revision 3 (ARMv7), cr=10c5387d
[    0.000000] CPU: div instructions available: patching division code
[    0.000000] CPU: PIPT / VIPT nonaliasing data cache, PIPT instruction cache
[    0.000000] OF: fdt:Machine model: NVIDIA Tegra124 Jetson TK1
[    0.000000] debug: ignoring loglevel setting.
[    0.000000] efi: Getting EFI parameters from FDT:
[    0.000000] efi: UEFI not found.
[    0.000000] cma: Reserved 64 MiB at 0xfb800000
[    0.000000] Memory policy: Data cache writealloc
[    0.000000] On node 0 totalpages: 524032
[    0.000000] free_area_init_node: node 0, pgdat c142b5c0, node_mem_map eeff8000
[    0.000000]   DMA zone: 1536 pages used for memmap
[    0.000000]   DMA zone: 0 pages reserved
[    0.000000]   DMA zone: 196608 pages, LIFO batch:31
[    0.000000]   HighMem zone: 327424 pages, LIFO batch:31
[    0.000000] percpu: Embedded 14 pages/cpu @eef8e000 s26176 r8192 d22976 u57344
[    0.000000] pcpu-alloc: s26176 r8192 d22976 u57344 alloc=14*4096
[    0.000000] pcpu-alloc: [0] 0 [0] 1 [0] 2 [0] 3 
[    0.000000] Built 1 zonelists in Zone order, mobility grouping on.  Total pages: 522496
[    0.000000] Kernel command line: ignore_loglevel console=ttyS0,115200n8 rw root=PARTUUID=b1791faa-84e8-4e27-83a1-9fb0a77e8803 rootwait gpt debug noinitrd earlyprintk init=/bin/bash
[    0.000000] PID hash table entries: 4096 (order: 2, 16384 bytes)
[    0.000000] Dentry cache hash table entries: 131072 (order: 7, 524288 bytes)
[    0.000000] Inode-cache hash table entries: 65536 (order: 6, 262144 bytes)
[    0.000000] Memory: 1994756K/2096128K available (9216K kernel code, 1204K rwdata, 4148K rodata, 2048K init, 536K bss, 35836K reserved, 65536K cma-reserved, 1244160K highmem)
[    0.000000] Virtual kernel memory layout:
[    0.000000]     vector  : 0xffff0000 - 0xffff1000   (   4 kB)
[    0.000000]     fixmap  : 0xffc00000 - 0xfff00000   (3072 kB)
[    0.000000]     vmalloc : 0xf0800000 - 0xff800000   ( 240 MB)
[    0.000000]     lowmem  : 0xc0000000 - 0xf0000000   ( 768 MB)
[    0.000000]     pkmap   : 0xbfe00000 - 0xc0000000   (   2 MB)
[    0.000000]     modules : 0xbf000000 - 0xbfe00000   (  14 MB)
[    0.000000]       .text : 0xc0208000 - 0xc0c00000   (10208 kB)
[    0.000000]       .init : 0xc1100000 - 0xc1300000   (2048 kB)
[    0.000000]       .data : 0xc1300000 - 0xc142d0c0   (1205 kB)
[    0.000000]        .bss : 0xc142f000 - 0xc14b51d0   ( 537 kB)
[    0.000000] SLUB: HWalign=64, Order=0-3, MinObjects=0, CPUs=4, Nodes=1
[    0.000000] Hierarchical RCU implementation.
[    0.000000] 	Build-time adjustment of leaf fanout to 32.
[    0.000000] 	RCU restricting CPUs from NR_CPUS=16 to nr_cpu_ids=4.
[    0.000000] RCU: Adjusting geometry for rcu_fanout_leaf=32, nr_cpu_ids=4
[    0.000000] NR_IRQS:16 nr_irqs:16 16
[    0.000000] /interrupt-controller@60004000: 160 interrupts forwarded to /interrupt-controller@50041000
[    0.000000] Tegra clk 127: register failed with -17
[    0.000008] sched_clock: 32 bits at 1000kHz, resolution 1000ns, wraps every 2147483647500ns
[    0.000029] clocksource: timer_us: mask: 0xffffffff max_cycles: 0xffffffff, max_idle_ns: 1911260446275 ns
[    0.000042] Switching to timer-based delay loop, resolution 1000ns
[    0.004866] arm_arch_timer: Architected cp15 timer(s) running at 12.00MHz (virt).
[    0.004883] clocksource: arch_sys_counter: mask: 0xffffffffffffff max_cycles: 0x2c47f4ee7, max_idle_ns: 440795202497 ns
[    0.004901] sched_clock: 56 bits at 12MHz, resolution 83ns, wraps every 4398046511096ns
[    0.004913] Switching to timer-based delay loop, resolution 83ns
[    0.005357] Console: colour dummy device 80x30
[    0.005388] Calibrating delay loop (skipped), value calculated using timer frequency.. 24.00 BogoMIPS (lpj=120000)
[    0.005402] pid_max: default: 32768 minimum: 301
[    0.005502] Mount-cache hash table entries: 2048 (order: 1, 8192 bytes)
[    0.005513] Mountpoint-cache hash table entries: 2048 (order: 1, 8192 bytes)
[    0.006094] CPU: Testing write buffer coherency: ok
[    0.006344] /cpus/cpu@0 missing clock-frequency property
[    0.006385] /cpus/cpu@1 missing clock-frequency property
[    0.006426] /cpus/cpu@2 missing clock-frequency property
[    0.006468] /cpus/cpu@3 missing clock-frequency property
[    0.006479] CPU0: thread -1, cpu 0, socket 0, mpidr 80000000
[    0.006716] Setting up static identity map for 0x80300000 - 0x80300098
[    0.010242] Tegra Revision: A01 SKU: 129 CPU Process: 1 SoC Process: 1
[    0.010874] EFI services will not be available.
[    0.011107] smp: Bringing up secondary CPUs ...
[    0.011703] CPU1: thread -1, cpu 1, socket 0, mpidr 80000001
[    0.015115] CPU2: thread -1, cpu 2, socket 0, mpidr 80000002
[    0.025115] CPU3: thread -1, cpu 3, socket 0, mpidr 80000003
[    0.034555] smp: Brought up 1 node, 4 CPUs
[    0.034573] SMP: Total of 4 processors activated (96.00 BogoMIPS).
[    0.034579] CPU: All CPU(s) started in SVC mode.
[    0.036048] devtmpfs: initialized
[    0.056423] VFP support v0.3: implementor 41 architecture 4 part 30 variant f rev 0
[    0.056863] clocksource: jiffies: mask: 0xffffffff max_cycles: 0xffffffff, max_idle_ns: 19112604462750000 ns
[    0.058230] pinctrl core: initialized pinctrl subsystem
[    0.060049] NET: Registered protocol family 16
[    0.061982] DMA: preallocated 256 KiB pool for atomic coherent allocations
[    0.084631] cpuidle: using governor menu
[    0.115396] No ATAGs?
[    0.115532] hw-breakpoint: found 5 (+1 reserved) breakpoint and 4 watchpoint registers.
[    0.115545] hw-breakpoint: maximum watchpoint size is 8 bytes.
[    0.122312] Serial: AMBA PL011 UART driver
[    0.169924] +5V_SYS: supplied by +VDD_MUX
[    0.170215] +3.3V_SYS: supplied by +VDD_MUX
[    0.170858] +USB0_VBUS_SW: Failed to request enable GPIO108: -517
[    0.170874] reg-fixed-voltage regulators:regulator@7: Failed to register regulator: -517
[    0.170965] +5V_USB_HS: Failed to request enable GPIO109: -517
[    0.170978] reg-fixed-voltage regulators:regulator@8: Failed to register regulator: -517
[    0.171144] +1.05V_RUN_AVDD_HDMI_PLL: Failed to request enable GPIO63: -517
[    0.171156] reg-fixed-voltage regulators:regulator@11: Failed to register regulator: -517
[    0.171241] +5V_HDMI_CON: Failed to request enable GPIO86: -517
[    0.171252] reg-fixed-voltage regulators:regulator@12: Failed to register regulator: -517
[    0.171336] +5V_SATA: Failed to request enable GPIO242: -517
[    0.171347] reg-fixed-voltage regulators:regulator@13: Failed to register regulator: -517
[    0.171431] +12V_SATA: Failed to request enable GPIO242: -517
[    0.171442] reg-fixed-voltage regulators:regulator@14: Failed to register regulator: -517
[    0.174720] vgaarb: loaded
[    0.175598] SCSI subsystem initialized
[    0.175760] libata version 3.00 loaded.
[    0.176025] usbcore: registered new interface driver usbfs
[    0.176088] usbcore: registered new interface driver hub
[    0.176156] usbcore: registered new device driver usb
[    0.179761] pps_core: LinuxPPS API ver. 1 registered
[    0.179770] pps_core: Software ver. 5.3.6 - Copyright 2005-2007 Rodolfo Giometti <giometti@linux.it>
[    0.179796] PTP clock support registered
[    0.179990] EDAC MC: Ver: 3.0.0
[    0.183236] clocksource: Switched to clocksource arch_sys_counter
[    0.193619] NET: Registered protocol family 2
[    0.194129] TCP established hash table entries: 8192 (order: 3, 32768 bytes)
[    0.194228] TCP bind hash table entries: 8192 (order: 4, 65536 bytes)
[    0.194414] TCP: Hash tables configured (established 8192 bind 8192)
[    0.194464] UDP hash table entries: 512 (order: 2, 16384 bytes)
[    0.194508] UDP-Lite hash table entries: 512 (order: 2, 16384 bytes)
[    0.194662] NET: Registered protocol family 1
[    0.195045] RPC: Registered named UNIX socket transport module.
[    0.195054] RPC: Registered udp transport module.
[    0.195060] RPC: Registered tcp transport module.
[    0.195067] RPC: Registered tcp NFSv4.1 backchannel transport module.
[    0.195077] PCI: CLS 0 bytes, default 64
[    0.196263] hw perfevents: enabled with armv7_cortex_a15 PMU driver, 7 counters available
[    0.197704] futex hash table entries: 1024 (order: 4, 65536 bytes)
[    0.198436] workingset: timestamp_bits=30 max_order=19 bucket_order=0
[    0.209620] squashfs: version 4.0 (2009/01/31) Phillip Lougher
[    0.210487] NFS: Registering the id_resolver key type
[    0.210512] Key type id_resolver registered
[    0.210520] Key type id_legacy registered
[    0.210562] ntfs: driver 2.1.32 [Flags: R/O].
[    0.212154] bounce: pool size: 64 pages
[    0.212355] Block layer SCSI generic (bsg) driver version 0.4 loaded (major 248)
[    0.212364] io scheduler noop registered
[    0.212371] io scheduler deadline registered
[    0.212555] io scheduler cfq registered (default)
[    0.217752] usb2-0 supply vbus not found, using dummy regulator
[    0.217891] usb2-1 supply vbus not found, using dummy regulator
[    0.218277] tegra-xusb-padctl 7009f000.padctl: failed to setup XUSB ports: -517
[    0.235064] tegra-pcie 1003000.pcie-controller: 2x1, 1x1 configuration
[    0.235117] tegra-pcie 1003000.pcie-controller: Failed to get supply 'avddio-pex': -517
[    0.241394] tegra124-dfll 70110000.clock: couldn't get vdd_cpu regulator
[    0.249785] tegra-apbdma 60020000.dma: Tegra20 APB DMA driver register 32 channels
[    0.251874] tegra-pmc 7000e400.pmc: emergency thermal reset enabled
[    0.312010] Serial: 8250/16550 driver, 4 ports, IRQ sharing disabled
[    0.315006] console [ttyS0] disabled
[    0.315040] 70006300.serial: ttyS0 at MMIO 0x70006300 (irq = 335, base_baud = 25500000) is a Tegra
[    1.192290] console [ttyS0] enabled
[    1.196682] SuperH (H)SCI(F) driver initialized
[    1.202252] msm_serial: driver initialized
[    1.206563] STMicroelectronics ASC driver initialized
[    1.212497] 70006000.serial: ttyTHS1 at MMIO 0x70006000 (irq = 333, base_baud = 0) is a TEGRA_UART
[    1.221813] 70006040.serial: ttyTHS2 at MMIO 0x70006040 (irq = 334, base_baud = 0) is a TEGRA_UART
[    1.234205] [drm] Initialized
[    1.240462] tegra-hdmi 54280000.hdmi: failed to get HDMI regulator
[    1.260588] brd: module loaded
[    1.269939] loop: module loaded
[    1.274343] at24 0-0056: 256 byte 24c02 EEPROM, writable, 8 bytes/write
[    1.282641] as3722 4-0040: AS3722 with revision 0x1 found
[    1.294823] as3722-sd2: supplied by +5V_SYS
[    1.299454] as3722-sd3: supplied by +5V_SYS
[    1.303936] +1.35V_LP0(sd3): Bringing 0uV into 1350000-1350000uV
[    1.310294] as3722-sd4: supplied by +5V_SYS
[    1.314946] as3722-sd5: supplied by +5V_SYS
[    1.320994] as3722-ldo0: supplied by +1.35V_LP0(sd2)
[    1.327092] +1.8V_RUN_CAM: Bringing 0uV into 1800000-1800000uV
[    1.333339] as3722-ldo2: supplied by +1.8V_VDDIO
[    1.339253] as3722-ldo3: supplied by +3.3V_SYS
[    1.343749] +1.05V_LP0_VDD_RTC: Bringing 1100000uV into 1000000-1000000uV
[    1.351548] as3722-ldo4: supplied by +3.3V_SYS
[    1.356221] +2.8V_RUN_CAM: Bringing 0uV into 2800000-2800000uV
[    1.362454] as3722-ldo5: supplied by +1.8V_VDDIO
[    1.367301] +1.2V_RUN_CAM_FRONT: Bringing 0uV into 1200000-1200000uV
[    1.374261] +VDDIO_SDMMC3: bypassed regulator has no supply!
[    1.379911] +VDDIO_SDMMC3: failed to get the current voltage(-517)
[    1.386108] as3722-regulator as3722-regulator: regulator 13 register failed -517
[    1.398808] tegra-ahci 70027000.sata: couldn't get PHY in node sata: -517
[    1.418046] random: fast init done
[    1.421567] m25p80 spi32765.0: w25q32dw (4096 Kbytes)
[    1.429757] libphy: Fixed MDIO Bus: probed
[    1.435137] CAN device driver interface
[    1.439934] bgmac_bcma: Broadcom 47xx GBit MAC driver loaded
[    1.447037] e1000e: Intel(R) PRO/1000 Network Driver - 3.2.6-k
[    1.452859] e1000e: Copyright(c) 1999 - 2015 Intel Corporation.
[    1.458850] igb: Intel(R) Gigabit Ethernet Network Driver - version 5.4.0-k
[    1.465810] igb: Copyright (c) 2007-2014 Intel Corporation.
[    1.475174] pegasus: v0.9.3 (2013/04/25), Pegasus/Pegasus II USB Ethernet driver
[    1.482609] usbcore: registered new interface driver pegasus
[    1.488328] usbcore: registered new interface driver asix
[    1.493774] usbcore: registered new interface driver ax88179_178a
[    1.499897] usbcore: registered new interface driver cdc_ether
[    1.505790] usbcore: registered new interface driver smsc75xx
[    1.511587] usbcore: registered new interface driver smsc95xx
[    1.517381] usbcore: registered new interface driver net1080
[    1.523070] usbcore: registered new interface driver cdc_subset
[    1.529029] usbcore: registered new interface driver zaurus
[    1.534671] usbcore: registered new interface driver cdc_ncm
[    1.540540] tegra-phy 7d004000.usb-phy: no vbus regulator
[    1.548023] ehci_hcd: USB 2.0 'Enhanced' Host Controller (EHCI) Driver
[    1.554560] ehci-pci: EHCI PCI platform driver
[    1.559042] ehci-platform: EHCI generic platform driver
[    1.564489] ehci-orion: EHCI orion driver
[    1.568638] SPEAr-ehci: EHCI SPEAr driver
[    1.572795] ehci-st: EHCI STMicroelectronics driver
[    1.577832] ehci-exynos: EHCI EXYNOS driver
[    1.582178] ehci-atmel: EHCI Atmel driver
[    1.586342] tegra-ehci: Tegra EHCI driver
[    1.593185] tegra-ehci 7d004000.usb: EHCI Host Controller
[    1.598617] tegra-ehci 7d004000.usb: new USB bus registered, assigned bus number 1
[    1.606397] tegra-ehci 7d004000.usb: irq 354, io mem 0x7d004000
[    1.633259] tegra-ehci 7d004000.usb: USB 2.0 started, EHCI 1.10
[    1.640034] hub 1-0:1.0: USB hub found
[    1.643835] hub 1-0:1.0: 1 port detected
[    1.648359] ohci_hcd: USB 1.1 'Open' Host Controller (OHCI) Driver
[    1.654577] ohci-pci: OHCI PCI platform driver
[    1.659064] ohci-platform: OHCI generic platform driver
[    1.664486] ohci-omap3: OHCI OMAP3 driver
[    1.668637] SPEAr-ohci: OHCI SPEAr driver
[    1.672791] ohci-st: OHCI STMicroelectronics driver
[    1.677827] ohci-atmel: OHCI Atmel driver
[    1.682654] usbcore: registered new interface driver usb-storage
[    1.690340] mousedev: PS/2 mouse device common for all mice
[    1.699109] as3722-rtc as3722-rtc: rtc core: registered as3722-rtc as rtc0
[    1.705995] as3722-rtc as3722-rtc: RTC interrupt 377
[    1.714374] tegra_rtc 7000e000.rtc: rtc core: registered 7000e000.rtc as rtc1
[    1.721540] tegra_rtc 7000e000.rtc: Tegra internal Real Time Clock
[    1.728304] i2c /dev entries driver
[    1.738947] 0-004c supply vcc not found, using dummy regulator
[    1.754989] sdhci: Secure Digital Host Controller Interface driver
[    1.761159] sdhci: Copyright(c) Pierre Ossman
[    1.767217] Synopsys Designware Multimedia Card Interface Driver
[    1.774439] sdhci-pltfm: SDHCI platform and OF driver helper
[    1.780863] sdhci-tegra 700b0400.sdhci: Got CD GPIO
[    1.785772] sdhci-tegra 700b0400.sdhci: Got WP GPIO
[    1.790889] mmc0: Unknown controller version (3). You may experience problems.
[    1.798206] mmc0: Invalid maximum block size, assuming 512 bytes
[    1.863255] mmc0: SDHCI controller on 700b0600.sdhci [700b0600.sdhci] using ADMA
[    1.872668] ledtrig-cpu: registered to indicate activity on CPUs
[    1.879031] usbcore: registered new interface driver usbhid
[    1.884615] usbhid: USB HID core driver
[    1.892562] NET: Registered protocol family 10
[    1.897926] Segment Routing with IPv6
[    1.901632] sit: IPv6, IPv4 and MPLS over IPv4 tunneling driver
[    1.908243] NET: Registered protocol family 17
[    1.912688] can: controller area network core (rev 20120528 abi 9)
[    1.918939] NET: Registered protocol family 29
[    1.923393] can: raw protocol (rev 20120528)
[    1.927656] can: broadcast manager protocol (rev 20161123 t)
[    1.933327] can: netlink gateway (rev 20130117) max_hops=1
[    1.939157] Key type dns_resolver registered
[    1.944063] ThumbEE CPU extension supported.
[    1.948331] Registering SWP/SWPB emulation handler
[    1.971329] +3.3V_RUN: supplied by +3.3V_SYS
[    1.976803] +3.3V_AVDD_HDMI_AP_GATED: supplied by +3.3V_RUN
[    1.982819] +USB0_VBUS_SW: supplied by +5V_SYS
[    1.988008] +5V_USB_HS: supplied by +5V_SYS
[    1.993759] +3.3V_LP0: supplied by +3.3V_SYS
[    2.000831] +5V_HDMI_CON: supplied by +5V_SYS
[    2.006000] +5V_SATA: supplied by +5V_SYS
[    2.010552] +12V_SATA: supplied by +VDD_MUX
[    2.016569] usb2-0 supply vbus not found, using dummy regulator
[    2.022610] usb2-1 supply vbus not found, using dummy regulator
[    2.028900] usb3-0 supply vbus not found, using dummy regulator
[    2.042174] tegra-pcie 1003000.pcie-controller: 2x1, 1x1 configuration
[    2.048823] tegra-pcie 1003000.pcie-controller: Failed to get supply 'avddio-pex': -517
[    2.060091] tegra124-dfll 70110000.clock: couldn't get vdd_cpu regulator
[    2.070368] tegra-hdmi 54280000.hdmi: failed to get PLL regulator
[    2.081519] as3722-sd2: supplied by +5V_SYS
[    2.086136] as3722-sd3: supplied by +5V_SYS
[    2.090578] as3722-sd4: supplied by +5V_SYS
[    2.095123] +1.05V_RUN_AVDD_HDMI_PLL: supplied by +1.05V_RUN
[    2.100868] as3722-sd5: supplied by +5V_SYS
[    2.107223] as3722-ldo0: supplied by +1.35V_LP0(sd2)
[    2.114558] as3722-ldo1: supplied by +3.3V_RUN
[    2.119368] as3722-ldo2: supplied by +1.8V_VDDIO
[    2.125101] as3722-ldo3: supplied by +3.3V_SYS
[    2.130517] as3722-ldo4: supplied by +3.3V_SYS
[    2.135361] as3722-ldo5: supplied by +1.8V_VDDIO
[    2.140346] as3722-ldo6: supplied by +3.3V_RUN
[    2.145188] as3722-ldo7: supplied by +1.8V_VDDIO
[    2.150324] +1.05V_RUN_CAM_REAR: Bringing 0uV into 1050000-1050000uV
[    2.157244] as3722-ldo9: supplied by +5V_SYS
[    2.163303] +3.3V_RUN_TOUCH: Bringing 0uV into 2800000-2800000uV
[    2.169896] as3722-ldo10: supplied by +5V_SYS
[    2.175077] +2.8V_RUN_CAM_AF: Bringing 0uV into 2800000-2800000uV
[    2.181687] as3722-ldo11: supplied by +3.3V_RUN
[    2.187081] +1.8V_RUN_VPP_FUSE: Bringing 0uV into 1800000-1800000uV
[    2.195727] mmc0: new high speed MMC card at address 0001
[    2.202203] mmcblk0: mmc0:0001 SEM16G 14.7 GiB 
[    2.207303] tegra-ahci 70027000.sata: AHCI 0001.0301 32 slots 2 ports 3 Gbps 0x1 impl platform mode
[    2.216393] tegra-ahci 70027000.sata: flags: 64bit ncq sntf pm led pio slum part sadm sds apst 
[    2.226514] mmcblk0boot0: mmc0:0001 SEM16G partition 1 4.00 MiB
[    2.233023] scsi host0: tegra-ahci
[    2.237373] mmcblk0boot1: mmc0:0001 SEM16G partition 2 4.00 MiB
[    2.244007] scsi host1: tegra-ahci
[    2.247756] ata1: SATA max UDMA/133 mmio [mem 0x70027000-0x70028fff] port 0x100 irq 345
[    2.255798] ata2: DUMMY
[    2.261564] tegra-ehci 7d008000.usb: EHCI Host Controller
[    2.267032] tegra-ehci 7d008000.usb: new USB bus registered, assigned bus number 2
[    2.274723] mmcblk0rpmb: mmc0:0001 SEM16G partition 3 4.00 MiB
[    2.281041] tegra-ehci 7d008000.usb: irq 355, io mem 0x7d008000
[    2.289013]  mmcblk0: p1
[    2.313357] tegra-ehci 7d008000.usb: USB 2.0 started, EHCI 1.10
[    2.320289] hub 2-0:1.0: USB hub found
[    2.324152] hub 2-0:1.0: 1 port detected
[    2.330638] sdhci-tegra 700b0400.sdhci: Got CD GPIO
[    2.335598] sdhci-tegra 700b0400.sdhci: Got WP GPIO
[    2.340699] mmc1: Unknown controller version (3). You may experience problems.
[    2.348052] mmc1: Invalid maximum block size, assuming 512 bytes
[    2.413819] mmc1: SDHCI controller on 700b0400.sdhci [700b0400.sdhci] using ADMA
[    2.421937] tegra-pcie 1003000.pcie-controller: 2x1, 1x1 configuration
[    2.430335] tegra-pcie 1003000.pcie-controller: probing port 0, using 2 lanes
[    2.439706] tegra-pcie 1003000.pcie-controller: Slot present pin change, signature: 00000008
[    2.464180] tegra-pcie 1003000.pcie-controller: probing port 1, using 1 lanes
[    2.473349] tegra-pcie 1003000.pcie-controller: Slot present pin change, signature: 00000000
[    2.487661] tegra-pcie 1003000.pcie-controller: PCI host bridge to bus 0000:00
[    2.494937] pci_bus 0000:00: root bus resource [io  0x0000-0xffff]
[    2.501123] pci_bus 0000:00: root bus resource [mem 0x13000000-0x1fffffff]
[    2.508032] pci_bus 0000:00: root bus resource [mem 0x20000000-0x3fffffff pref]
[    2.515389] pci_bus 0000:00: root bus resource [bus 00-ff]
[    2.520924] pci 0000:00:01.0: [10de:0e12] type 01 class 0x060400
[    2.527065] pci_bus 0000:00: 2-byte config write to 0000:00:01.0 offset 0x52 may corrupt adjacent RW1C bits
[    2.536870] pci 0000:00:01.0: PME# supported from D0 D1 D2 D3hot D3cold
[    2.543537] pci_bus 0000:00: 2-byte config write to 0000:00:01.0 offset 0x4c may corrupt adjacent RW1C bits
[    2.553655] pci 0000:00:02.0: [10de:0e13] type 01 class 0x060400
[    2.559738] pci_bus 0000:00: 2-byte config write to 0000:00:02.0 offset 0x52 may corrupt adjacent RW1C bits
[    2.569544] pci 0000:00:02.0: PME# supported from D0 D1 D2 D3hot D3cold
[    2.576195] pci_bus 0000:00: 2-byte config write to 0000:00:02.0 offset 0x4c may corrupt adjacent RW1C bits
[    2.584959] ata1: SATA link down (SStatus 0 SControl 300)
[    2.591675] pci_bus 0000:00: 2-byte config write to 0000:00:01.0 offset 0x3e may corrupt adjacent RW1C bits
[    2.601432] pci_bus 0000:00: 2-byte config write to 0000:00:02.0 offset 0x3e may corrupt adjacent RW1C bits
[    2.611209] pci_bus 0000:00: 2-byte config write to 0000:00:01.0 offset 0x4 may corrupt adjacent RW1C bits
[    2.620866] pci_bus 0000:00: 1-byte config write to 0000:00:01.0 offset 0xc may corrupt adjacent RW1C bits
[    2.630521] pci_bus 0000:00: 2-byte config write to 0000:00:02.0 offset 0x4 may corrupt adjacent RW1C bits
[    2.640177] pci_bus 0000:00: 1-byte config write to 0000:00:02.0 offset 0xc may corrupt adjacent RW1C bits
[    2.649828] PCI: bus0: Fast back to back transfers disabled
[    2.655409] pci 0000:00:01.0: bridge configuration invalid ([bus 00-00]), reconfiguring
[    2.663433] pci 0000:00:02.0: bridge configuration invalid ([bus 00-00]), reconfiguring
[    2.671682] pci 0000:01:00.0: [8086:4232] type 00 class 0x028000
[    2.677761] pci 0000:01:00.0: reg 0x10: [mem 0x00000000-0x00001fff 64bit]
[    2.684757] pci 0000:01:00.0: PME# supported from D0 D3hot D3cold
[    2.706891] mmc1: new high speed SDHC card at address aaaa
[    2.713334] PCI: bus1: Fast back to back transfers disabled
[    2.718932] pci_bus 0000:01: busn_res: [bus 01-ff] end is updated to 01
[    2.725845] pci 0000:02:00.0: [10ec:8168] type 00 class 0x020000
[    2.731877] pci 0000:02:00.0: reg 0x10: [io  0x0000-0x00ff]
[    2.737525] pci 0000:02:00.0: reg 0x18: [mem 0x00000000-0x00000fff 64bit]
[    2.744375] pci 0000:02:00.0: reg 0x20: [mem 0x00000000-0x00003fff 64bit pref]
[    2.751743] pci 0000:02:00.0: supports D1 D2
[    2.756026] pci 0000:02:00.0: PME# supported from D0 D1 D2 D3hot D3cold
[    2.762999] mmcblk1: mmc1:aaaa SD04G 3.69 GiB 
[    2.780826]  mmcblk1: p1 p2 p3
[    2.784141] PCI: bus2: Fast back to back transfers disabled
[    2.789736] pci_bus 0000:02: busn_res: [bus 02-ff] end is updated to 02
[    2.796573] pci 0000:00:01.0: BAR 8: assigned [mem 0x13000000-0x130fffff]
[    2.803408] pci 0000:00:02.0: BAR 8: assigned [mem 0x13100000-0x131fffff]
[    2.810192] pci 0000:00:02.0: BAR 9: assigned [mem 0x20000000-0x200fffff 64bit pref]
[    2.817969] pci 0000:00:02.0: BAR 7: assigned [io  0x1000-0x1fff]
[    2.824086] pci 0000:01:00.0: BAR 0: assigned [mem 0x13000000-0x13001fff 64bit]
[    2.831411] pci 0000:00:01.0: PCI bridge to [bus 01]
[    2.836415] pci 0000:00:01.0:   bridge window [mem 0x13000000-0x130fffff]
[    2.843232] pci 0000:02:00.0: BAR 4: assigned [mem 0x20000000-0x20003fff 64bit pref]
[    2.850985] pci 0000:02:00.0: BAR 2: assigned [mem 0x13100000-0x13100fff 64bit]
[    2.858347] pci 0000:02:00.0: BAR 0: assigned [io  0x1000-0x10ff]
[    2.864461] pci 0000:00:02.0: PCI bridge to [bus 02]
[    2.869421] pci 0000:00:02.0:   bridge window [io  0x1000-0x1fff]
[    2.875553] pci 0000:00:02.0:   bridge window [mem 0x13100000-0x131fffff]
[    2.882335] pci 0000:00:02.0:   bridge window [mem 0x20000000-0x200fffff 64bit pref]
[    2.890121] pci 0000:00:01.0: nv_msi_ht_cap_quirk didn't locate host bridge
[    2.897215] pcieport 0000:00:01.0: enabling device (0140 -> 0142)
[    2.903599] pcieport 0000:00:01.0: Signaling PME with IRQ 393
[    2.909437] pci 0000:00:02.0: nv_msi_ht_cap_quirk didn't locate host bridge
[    2.916523] pcieport 0000:00:02.0: enabling device (0140 -> 0143)
[    2.922889] pcieport 0000:00:02.0: Signaling PME with IRQ 394
[    2.928987] r8169 Gigabit Ethernet driver 2.3LK-NAPI loaded
[    2.934619] r8169 0000:02:00.0: enabling device (0140 -> 0143)
[    2.965080] r8169 0000:02:00.0 eth0: RTL8168g/8111g at 0xf0b53000, 00:04:4b:3a:d9:81, XID 0c000800 IRQ 395
[    2.974784] r8169 0000:02:00.0 eth0: jumbo features [frames: 9200 bytes, tx checksumming: ko]
[    2.989996] [drm] Supports vblank timestamp caching Rev 2 (21.10.2013).
[    2.996653] [drm] No driver support for vblank timestamp query.
[    3.126086] tegra-hdmi 54280000.hdmi: cannot set audio to 48000 Hz at 297000000 Hz pixel clock
[    3.296482] Console: switching to colour frame buffer device 512x135
[    3.394284] drm drm: fb0:  frame buffer device
[    3.433385] [drm] Initialized tegra 0.0.0 20120330 on minor 0
[    3.440750] of: dev_pm_opp_of_cpumask_add_table: couldn't find opp table for cpu:0, -19
[    3.448839] cpufreq: cpufreq_online: CPU0: Running at unlisted freq: 696000 KHz
[    3.456201] cpufreq: cpufreq_online: CPU0: Unlisted initial frequency changed to: 714000 KHz
[    3.465474] input: gpio-keys as /devices/soc0/gpio-keys/input/input0
[    3.472730] as3722-rtc as3722-rtc: setting system clock to 2000-01-01 00:01:58 UTC (946684918)
[    3.481840] +USB0_VBUS_SW: disabling
[    3.485441] +1.8V_RUN_CAM: disabling
[    3.489227] +2.8V_RUN_CAM: disabling
[    3.493004] +1.2V_RUN_CAM_FRONT: disabling
[    3.497280] +1.05V_RUN_CAM_REAR: disabling
[    3.501530] +3.3V_RUN_TOUCH: disabling
[    3.505458] +2.8V_RUN_CAM_AF: disabling
[    3.509449] +1.8V_RUN_VPP_FUSE: disabling
[    3.514620] EXT4-fs (mmcblk0p1): mounting ext3 file system using the ext4 subsystem
[    3.556305] EXT4-fs (mmcblk0p1): recovery complete
[    3.561899] EXT4-fs (mmcblk0p1): mounted filesystem with ordered data mode. Opts: (null)
[    3.570038] VFS: Mounted root (ext3 filesystem) on device 179:1.
[    3.580110] devtmpfs: mounted
[    3.583825] Freeing unused kernel memory: 2048K
bash: cannot set terminal process group (-1): Inappropriate ioctl for device
bash: no job control in this shell
root@(none):/# 