

U-Boot 2011.03 (Jun 11 2013 - 06:07:37)

T114
Board: NVIDIA Dalmore
DRAM:  2 GiB
MMC:   Tegra2 SD/MMC: 0, Tegra2 SD/MMC: 1
In:    serial
Out:   serial
Err:   serial
Net:   Net Initialization Skipped
No ethernet found.
Hit any key to stop autoboot:  2  1  0 
Dalmore #
Dalmore #usb reset
(Re)start USB...
USB:   Register 10011 NbrPorts 1
USB EHCI 1.10
scanning bus for devices... 2 USB Device(s) found
       scanning bus for storage devices... 0 Storage Device(s) found
       scanning bus for ethernet devices... 1 Ethernet Device(s) found
Dalmore #setenv bootargs 'ignore_loglevel console=ttyS0,115200n8 rw root=/dev/mmcblk0p1 rootwait gpt init=/bin/bash'
Dalmore #setenv ipaddr 192.168.100.100; setenv serverip 192.168.100.1; setenv tftpserverip 192.168.100.1
Dalmore #tftpboot 0x81000000 zImage.multi_v7_defconfig
Waiting for Ethernet connection... done.
Using asx0 device
TFTP from server 192.168.100.1; our IP address is 192.168.100.100
Filename 'zImage.multi_v7_defconfig'.
Load address: 0x81000000
Loading: *#################################################  2.8 MiB/s
done
Bytes transferred = 3966752 (3c8720 hex)
Dalmore #tftpboot 0x82000000 tegra114-dalmore.dtb
Using asx0 device
TFTP from server 192.168.100.1; our IP address is 192.168.100.100
Filename 'tegra114-dalmore.dtb'.
Load address: 0x82000000
Loading: *#################################################  2.5 MiB/s
done
Bytes transferred = 24048 (5df0 hex)
Dalmore #bootz 0x81000000 - 0x82000000
## Flattened Device Tree blob at 82000000
   Booting using the fdt blob at 0x82000000
   Loading Device Tree to 81ff7000, end 81fffdef ... OK

Starting kernel ...

Timer summary in microseconds:
       Mark    Elapsed  Stage
          0          0  awake
  3,079,080  3,079,080  usb_start
  7,082,645  4,003,565  eth_start
  7,082,642         -3  tftp start
 11,026,197  3,943,555  tftp done
 13,094,405  2,068,208  start_kernel
[    0.000000] Booting Linux on physical CPU 0x0
[    0.000000] Linux version 3.11.0-12465-g6e46645 (pwalmsley@tamien) (gcc version 4.5.1 (Sourcery G++ Lite 2010.09-50) ) #1 SMP Tue Sep 3 16:08:38 PDT 2013
[    0.000000] CPU: ARMv7 Processor [412fc0f2] revision 2 (ARMv7), cr=10c5387d
[    0.000000] CPU: PIPT / VIPT nonaliasing data cache, PIPT instruction cache
[    0.000000] Machine: NVIDIA Tegra SoC (Flattened Device Tree), model: NVIDIA Tegra114 Dalmore evaluation board
[    0.000000] debug: ignoring loglevel setting.
[    0.000000] Memory policy: ECC disabled, Data cache writealloc
[    0.000000] On node 0 totalpages: 524032
[    0.000000] free_area_init_node: node 0, pgdat c07b6a40, node_mem_map c07fe000
[    0.000000]   DMA zone: 1520 pages used for memmap
[    0.000000]   DMA zone: 0 pages reserved
[    0.000000]   DMA zone: 194560 pages, LIFO batch:31
[    0.000000]   HighMem zone: 2574 pages used for memmap
[    0.000000]   HighMem zone: 329472 pages, LIFO batch:31
[    0.000000] Tegra Revision: A01 SKU: 0 CPU Process: 1 Core Process: 1
[    0.000000] PERCPU: Embedded 5 pages/cpu @c1813000 s7168 r0 d13312 u32768
[    0.000000] pcpu-alloc: s7168 r0 d13312 u32768 alloc=8*4096
[    0.000000] pcpu-alloc: [0] 0 [0] 1 [0] 2 [0] 3 
[    0.000000] Built 1 zonelists in Zone order, mobility grouping on.  Total pages: 522512
[    0.000000] Kernel command line: ignore_loglevel console=ttyS0,115200n8 rw root=/dev/mmcblk0p1 rootwait gpt init=/bin/bash
[    0.000000] PID hash table entries: 4096 (order: 2, 16384 bytes)
[    0.000000] Dentry cache hash table entries: 131072 (order: 7, 524288 bytes)
[    0.000000] Inode-cache hash table entries: 65536 (order: 6, 262144 bytes)
[    0.000000] Memory: 2070556K/2096128K available (5387K kernel code, 584K rwdata, 1412K rodata, 479K init, 279K bss, 25572K reserved, 1317888K highmem)
[    0.000000] Virtual kernel memory layout:
[    0.000000]     vector  : 0xffff0000 - 0xffff1000   (   4 kB)
[    0.000000]     fixmap  : 0xfff00000 - 0xfffe0000   ( 896 kB)
[    0.000000]     vmalloc : 0xf0000000 - 0xff000000   ( 240 MB)
[    0.000000]     lowmem  : 0xc0000000 - 0xef800000   ( 760 MB)
[    0.000000]     pkmap   : 0xbfe00000 - 0xc0000000   (   2 MB)
[    0.000000]       .text : 0xc0008000 - 0xc06ac064   (6801 kB)
[    0.000000]       .init : 0xc06ad000 - 0xc0724c00   ( 479 kB)
[    0.000000]       .data : 0xc0726000 - 0xc07b8180   ( 585 kB)
[    0.000000]        .bss : 0xc07b8180 - 0xc07fde54   ( 280 kB)
[    0.000000] SLUB: HWalign=64, Order=0-3, MinObjects=0, CPUs=4, Nodes=1
[    0.000000] Hierarchical RCU implementation.
[    0.000000] NR_IRQS:16 nr_irqs:16 16
[    0.000000] sched_clock: 32 bits at 1000kHz, resolution 1000ns, wraps every 4294967ms
[    0.000000] Architected local timer running at 12.00MHz (virt).
[    0.000000] Switching to timer-based delay loop
[    0.000000] sched_clock: ARM arch timer >56 bits at 12000kHz, resolution 83ns
[    0.000000] Console: colour dummy device 80x30
[   13.273046] Calibrating delay loop (skipped), value calculated using timer frequency.. 24.00 BogoMIPS (lpj=120000)
[   13.273062] pid_max: default: 32768 minimum: 301
[   13.273214] Mount-cache hash table entries: 512
[   13.279711] CPU: Testing write buffer coherency: ok
[   13.279932] /cpus/cpu@0 missing clock-frequency property
[   13.279945] /cpus/cpu@1 missing clock-frequency property
[   13.279954] /cpus/cpu@2 missing clock-frequency property
[   13.279963] /cpus/cpu@3 missing clock-frequency property
[   13.279978] CPU0: thread -1, cpu 0, socket 0, mpidr 80000000
[   13.280007] Setting up static identity map for 0xc051ceb0 - 0xc051cf48
[   13.280186] unable to find compatible sirf rstc node in dtb
[   13.281624] CPU1: Booted secondary processor
[   13.281652] CPU1: thread -1, cpu 1, socket 0, mpidr 80000001
[   13.282442] CPU2: Booted secondary processor
[   13.282467] CPU2: thread -1, cpu 2, socket 0, mpidr 80000002
[   13.283246] CPU3: Booted secondary processor
[   13.283270] CPU3: thread -1, cpu 3, socket 0, mpidr 80000003
[   13.283362] Brought up 4 CPUs
[   13.283390] SMP: Total of 4 processors activated (96.00 BogoMIPS).
[   13.283398] CPU: All CPU(s) started in SVC mode.
[   13.284037] devtmpfs: initialized
[   13.289583] pinctrl core: initialized pinctrl subsystem
[   13.289928] regulator-dummy: no parameters
[   13.290279] NET: Registered protocol family 16
[   13.290512] DMA: preallocated 256 KiB pool for atomic coherent allocations
[   13.290698] unable to find compatible sirf pwrc node in dtb
[   13.300345] Serial: AMBA PL011 UART driver
[   13.305209] bio: create slab <bio-0> at 0
[   13.306515] edma-dma-engine edma-dma-engine.0: Can't allocate PaRAM dummy slot
[   13.306538] edma-dma-engine: probe of edma-dma-engine.0 failed with error -5
[   13.306903] vdd_ac_bat: 5000 mV 
[   13.307089] dvdd_ts: Failed to request enable GPIO61: -517
[   13.307185] reg-fixed-voltage 1.regulator: Failed to register regulator: -517
[   13.307205] platform 1.regulator: Driver reg-fixed-voltage requests probe deferral
[   13.307322] lcd_bl_en: Failed to request enable GPIO58: -517
[   13.307405] reg-fixed-voltage 2.regulator: Failed to register regulator: -517
[   13.307423] platform 2.regulator: Driver reg-fixed-voltage requests probe deferral
[   13.307541] usb1_vbus: Failed to request enable GPIO108: -517
[   13.307621] reg-fixed-voltage 3.regulator: Failed to register regulator: -517
[   13.307639] platform 3.regulator: Driver reg-fixed-voltage requests probe deferral
[   13.307756] usb2_vbus: Failed to request enable GPIO86: -517
[   13.307835] reg-fixed-voltage 4.regulator: Failed to register regulator: -517
[   13.307854] platform 4.regulator: Driver reg-fixed-voltage requests probe deferral
[   13.307970] vdd_hdmi_5v0: Failed to request enable GPIO81: -517
[   13.308049] reg-fixed-voltage 5.regulator: Failed to register regulator: -517
[   13.308067] platform 5.regulator: Driver reg-fixed-voltage requests probe deferral
[   13.308920] vgaarb: loaded
[   13.309239] SCSI subsystem initialized
[   13.309393] libata version 3.00 loaded.
[   13.309563] usbcore: registered new interface driver usbfs
[   13.309608] usbcore: registered new interface driver hub
[   13.309693] usbcore: registered new device driver usb
[   13.312350] vdd-cpu: 500 <--> 1520 mV at 1100 mV 
[   13.312610] pps_core: LinuxPPS API ver. 1 registered
[   13.312619] pps_core: Software ver. 5.3.6 - Copyright 2005-2007 Rodolfo Giometti <giometti@linux.it>
[   13.312640] PTP clock support registered
[   13.312680] EDAC MC: Ver: 3.0.0
[   13.313562] Switched to clocksource arch_sys_counter
[   13.320685] NET: Registered protocol family 2
[   13.321165] TCP established hash table entries: 8192 (order: 4, 65536 bytes)
[   13.321356] TCP bind hash table entries: 8192 (order: 4, 65536 bytes)
[   13.321562] TCP: Hash tables configured (established 8192 bind 8192)
[   13.321619] TCP: reno registered
[   13.321633] UDP hash table entries: 512 (order: 2, 16384 bytes)
[   13.321675] UDP-Lite hash table entries: 512 (order: 2, 16384 bytes)
[   13.321908] NET: Registered protocol family 1
[   13.322181] RPC: Registered named UNIX socket transport module.
[   13.322191] RPC: Registered udp transport module.
[   13.322198] RPC: Registered tcp transport module.
[   13.322205] RPC: Registered tcp NFSv4.1 backchannel transport module.
[   13.322215] PCI: CLS 0 bytes, default 64
[   13.324117] bounce pool size: 64 pages
[   13.331528] NFS: Registering the id_resolver key type
[   13.331570] Key type id_resolver registered
[   13.331580] Key type id_legacy registered
[   13.331814] Block layer SCSI generic (bsg) driver version 0.4 loaded (major 251)
[   13.331827] io scheduler noop registered
[   13.331835] io scheduler deadline registered
[   13.331974] io scheduler cfq registered (default)
[   13.340366] tegra-apbdma 6000a000.dma: Tegra20 APB DMA driver register 32 channels
[   13.382398] Serial: 8250/16550 driver, 4 ports, IRQ sharing disabled
[   13.383493] Serial: IMX driver
[   13.384448] 70006300.serial: ttyS0 at MMIO 0x70006300 (irq = 122) is a Tegra
[   14.095414] console [ttyS0] enabled
[   14.099712] serial: Freescale lpuart driver
[   14.104088] [drm] Initialized drm 1.1.0 20060810
[   14.111065] ehci_hcd: USB 2.0 'Enhanced' Host Controller (EHCI) Driver
[   14.117558] ehci-pci: EHCI PCI platform driver
[   14.122027] ehci-platform: EHCI generic platform driver
[   14.127306] ehci-omap: OMAP-EHCI Host Controller driver
[   14.132592] ehci-orion: EHCI orion driver
[   14.136654] SPEAr-ehci: EHCI SPEAr driver
[   14.140730] tegra-ehci: Tegra EHCI driver
[   14.145054] usbcore: registered new interface driver usb-storage
[   14.152184] mousedev: PS/2 mouse device common for all mice
[   14.158344] tegra_rtc 7000e000.rtc: rtc core: registered 7000e000.rtc as rtc0
[   14.165474] tegra_rtc 7000e000.rtc: Tegra internal Real Time Clock
[   14.172194] sdhci: Secure Digital Host Controller Interface driver
[   14.178338] sdhci: Copyright(c) Pierre Ossman
[   14.182986] sdhci-pltfm: SDHCI platform and OF driver helper
[   14.188913] sdhci-tegra 78000400.sdhci: Got CD GPIO #170.
[   14.195335] mmc0: no vqmmc regulator found
[   14.199410] mmc0: no vmmc regulator found
[   14.203407] mmc0: Invalid maximum block size, assuming 512 bytes
[   14.249813] mmc0: SDHCI controller on 78000400.sdhci [78000400.sdhci] using ADMA
[   14.257279] mmc1: no vqmmc regulator found
[   14.261371] mmc1: no vmmc regulator found
[   14.265357] mmc1: Invalid maximum block size, assuming 512 bytes
[   14.309570] mmc1: SDHCI controller on 78000600.sdhci [78000600.sdhci] using ADMA
[   14.317325] usbcore: registered new interface driver usbhid
[   14.322879] usbhid: USB HID core driver
[   14.326920] TCP: cubic registered
[   14.330711] NET: Registered protocol family 10
[   14.335738] sit: IPv6 over IPv4 tunneling driver
[   14.340917] Key type dns_resolver registered
[   14.345279] VFP support v0.3: implementor 41 architecture 4 part 30 variant f rev 0
[   14.352943] Registering SWP/SWPB emulation handler
[   14.358635] dvdd_ts: 1800 mV 
[   14.361915] lcd_bl_en: 5000 mV 
[   14.365286] usb1_vbus: 5000 mV 
[   14.368445] reg-fixed-voltage 3.regulator: Failed to find supply vin
[   14.374875] reg-fixed-voltage 3.regulator: Failed to register regulator: -517
[   14.381992] platform 3.regulator: Driver reg-fixed-voltage requests probe deferral
[   14.389959] usb2_vbus: 5000 mV 
[   14.393108] reg-fixed-voltage 4.regulator: Failed to find supply vin
[   14.399520] reg-fixed-voltage 4.regulator: Failed to register regulator: -517
[   14.406624] platform 4.regulator: Driver reg-fixed-voltage requests probe deferral
[   14.414524] vdd_hdmi_5v0: 5000 mV 
[   14.417930] reg-fixed-voltage 5.regulator: Failed to find supply vin
[   14.424342] reg-fixed-voltage 5.regulator: Failed to register regulator: -517
[   14.431356] mmc1: BKOPS_EN bit is not set
[   14.435438] platform 5.regulator: Driver reg-fixed-voltage requests probe deferral
[   14.443234] tegra_rtc 7000e000.rtc: setting system clock to 1970-01-01 00:00:15 UTC (15)
[   14.452481] Waiting for root device /dev/mmcblk0p1...
[   14.457779] mmc1: new HS200 MMC card at address 0001
[   14.463105] mmcblk0: mmc1:0001 SEM32G 29.1 GiB 
[   14.467763] mmcblk0boot0: mmc1:0001 SEM32G partition 1 4.00 MiB
[   14.473807] mmcblk0boot1: mmc1:0001 SEM32G partition 2 4.00 MiB
[   14.479848] mmcblk0rpmb: mmc1:0001 SEM32G partition 3 4.00 MiB
[   14.487822] Primary GPT is invalid, using alternate GPT.
[   14.493144]  mmcblk0: p1 p2 p3 p4 p5
[   14.499225]  mmcblk0boot1: unknown partition table
[   14.505399]  mmcblk0boot0: unknown partition table
[   14.510642] usb1_vbus: 5000 mV 
[   14.513801] reg-fixed-voltage 3.regulator: Failed to find supply vin
[   14.520226] reg-fixed-voltage 3.regulator: Failed to register regulator: -517
[   14.527332] platform 3.regulator: Driver reg-fixed-voltage requests probe deferral
[   14.535280] usb2_vbus: 5000 mV 
[   14.538430] reg-fixed-voltage 4.regulator: Failed to find supply vin
[   14.544840] reg-fixed-voltage 4.regulator: Failed to register regulator: -517
[   14.551955] platform 4.regulator: Driver reg-fixed-voltage requests probe deferral
[   14.559857] vdd_hdmi_5v0: 5000 mV 
[   14.563266] reg-fixed-voltage 5.regulator: Failed to find supply vin
[   14.569671] reg-fixed-voltage 5.regulator: Failed to register regulator: -517
[   14.576773] platform 5.regulator: Driver reg-fixed-voltage requests probe deferral
[   14.681797] EXT4-fs (mmcblk0p1): mounting ext3 file system using the ext4 subsystem
[   14.724718] EXT4-fs (mmcblk0p1): recovery complete
[   14.729516] EXT4-fs (mmcblk0p1): mounted filesystem with ordered data mode. Opts: (null)
[   14.737596] VFS: Mounted root (ext3 filesystem) on device 179:1.
[   14.750790] devtmpfs: mounted
[   14.754180] Freeing unused kernel memory: 476K (c06ad000 - c0724000)
bash: cannot set terminal process group (-1): Inappropriate ioctl for device
bash: no job control in this shell
I have no name!@(none):/# 