

U-Boot 2011.03 (Jun 11 2013 - 06:07:37)

T114
Board: NVIDIA Dalmore
DRAM:  2 GiB
MMC:   Tegra2 SD/MMC: 0, Tegra2 SD/MMC: 1
In:    serial
Out:   serial
Err:   serial
Net:   Net Initialization Skipped
No ethernet found.
Hit any key to stop autoboot:  2  1  0 
Dalmore #
Dalmore #usb reset
(Re)start USB...
USB:   Register 10011 NbrPorts 1
USB EHCI 1.10
scanning bus for devices... 2 USB Device(s) found
       scanning bus for storage devices... 0 Storage Device(s) found
       scanning bus for ethernet devices... 1 Ethernet Device(s) found
Dalmore #setenv bootargs 'ignore_loglevel console=ttyS0,115200n8 rw root=/dev/mmcblk0p1 rootwait gpt init=/bin/bash'
Dalmore #setenv ipaddr 192.168.100.100; setenv serverip 192.168.100.1; setenv tftpserverip 192.168.100.1
Dalmore #tftpboot 0x81000000 zImage.tegra_defconfig
Waiting for Ethernet connection... done.
Using asx0 device
TFTP from server 192.168.100.1; our IP address is 192.168.100.100
Filename 'zImage.tegra_defconfig'.
Load address: 0x81000000
Loading: *#################################################  2.8 MiB/s
done
Bytes transferred = 4329096 (420e88 hex)
Dalmore #tftpboot 0x82000000 tegra114-dalmore.dtb
Using asx0 device
TFTP from server 192.168.100.1; our IP address is 192.168.100.100
Filename 'tegra114-dalmore.dtb'.
Load address: 0x82000000
Loading: *#################################################  2.5 MiB/s
done
Bytes transferred = 24048 (5df0 hex)
Dalmore #bootz 0x81000000 - 0x82000000
## Flattened Device Tree blob at 82000000
   Booting using the fdt blob at 0x82000000
   Loading Device Tree to 81ff7000, end 81fffdef ... OK

Starting kernel ...

Timer summary in microseconds:
       Mark    Elapsed  Stage
          0          0  awake
  3,065,104  3,065,104  usb_start
  7,068,373  4,003,269  eth_start
  7,068,371         -2  tftp start
 11,027,852  3,959,481  tftp done
 13,080,490  2,052,638  start_kernel
[    0.000000] Booting Linux on physical CPU 0x0
[    0.000000] Initializing cgroup subsys cpu
[    0.000000] Initializing cgroup subsys cpuacct
[    0.000000] Linux version 3.11.0-12465-g6e46645 (pwalmsley@tamien) (gcc version 4.5.1 (Sourcery G++ Lite 2010.09-50) ) #1 SMP PREEMPT Tue Sep 3 16:06:05 PDT 2013
[    0.000000] CPU: ARMv7 Processor [412fc0f2] revision 2 (ARMv7), cr=10c5387d
[    0.000000] CPU: PIPT / VIPT nonaliasing data cache, PIPT instruction cache
[    0.000000] Machine: NVIDIA Tegra SoC (Flattened Device Tree), model: NVIDIA Tegra114 Dalmore evaluation board
[    0.000000] debug: ignoring loglevel setting.
[    0.000000] cma: CMA: reserved 16 MiB at ae800000
[    0.000000] Memory policy: ECC disabled, Data cache writealloc
[    0.000000] On node 0 totalpages: 524032
[    0.000000] free_area_init_node: node 0, pgdat c0801780, node_mem_map c0859000
[    0.000000]   Normal zone: 1520 pages used for memmap
[    0.000000]   Normal zone: 0 pages reserved
[    0.000000]   Normal zone: 194560 pages, LIFO batch:31
[    0.000000]   HighMem zone: 2574 pages used for memmap
[    0.000000]   HighMem zone: 329472 pages, LIFO batch:31
[    0.000000] Tegra Revision: A01 SKU: 0 CPU Process: 1 Core Process: 1
[    0.000000] PERCPU: Embedded 8 pages/cpu @c186e000 s9472 r8192 d15104 u32768
[    0.000000] pcpu-alloc: s9472 r8192 d15104 u32768 alloc=8*4096
[    0.000000] pcpu-alloc: [0] 0 [0] 1 [0] 2 [0] 3 
[    0.000000] Built 1 zonelists in Zone order, mobility grouping on.  Total pages: 522512
[    0.000000] Kernel command line: ignore_loglevel console=ttyS0,115200n8 rw root=/dev/mmcblk0p1 rootwait gpt init=/bin/bash
[    0.000000] PID hash table entries: 4096 (order: 2, 16384 bytes)
[    0.000000] Dentry cache hash table entries: 131072 (order: 7, 524288 bytes)
[    0.000000] Inode-cache hash table entries: 65536 (order: 6, 262144 bytes)
[    0.000000] Memory: 2053728K/2096128K available (5878K kernel code, 299K rwdata, 1748K rodata, 237K init, 342K bss, 42400K reserved, 1317888K highmem)
[    0.000000] Virtual kernel memory layout:
[    0.000000]     vector  : 0xffff0000 - 0xffff1000   (   4 kB)
[    0.000000]     fixmap  : 0xfff00000 - 0xfffe0000   ( 896 kB)
[    0.000000]     vmalloc : 0xf0000000 - 0xff000000   ( 240 MB)
[    0.000000]     lowmem  : 0xc0000000 - 0xef800000   ( 760 MB)
[    0.000000]     pkmap   : 0xbfe00000 - 0xc0000000   (   2 MB)
[    0.000000]     modules : 0xbf000000 - 0xbfe00000   (  14 MB)
[    0.000000]       .text : 0xc0008000 - 0xc077aea0   (7628 kB)
[    0.000000]       .init : 0xc077b000 - 0xc07b6500   ( 238 kB)
[    0.000000]       .data : 0xc07b8000 - 0xc0802e60   ( 300 kB)
[    0.000000]        .bss : 0xc0802e60 - 0xc08586d0   ( 343 kB)
[    0.000000] Preemptible hierarchical RCU implementation.
[    0.000000] NR_IRQS:16 nr_irqs:16 16
[    0.000000] sched_clock: 32 bits at 1000kHz, resolution 1000ns, wraps every 4294967ms
[    0.000000] Architected local timer running at 12.00MHz (virt).
[    0.000000] Switching to timer-based delay loop
[    0.000000] sched_clock: ARM arch timer >56 bits at 12000kHz, resolution 83ns
[    0.000000] Console: colour dummy device 80x30
[   13.314852] Calibrating delay loop (skipped), value calculated using timer frequency.. 24.00 BogoMIPS (lpj=120000)
[   13.314868] pid_max: default: 32768 minimum: 301
[   13.315318] Mount-cache hash table entries: 512
[   13.331241] Initializing cgroup subsys debug
[   13.331257] Initializing cgroup subsys freezer
[   13.331306] CPU: Testing write buffer coherency: ok
[   13.331645] /cpus/cpu@0 missing clock-frequency property
[   13.331658] /cpus/cpu@1 missing clock-frequency property
[   13.331667] /cpus/cpu@2 missing clock-frequency property
[   13.331676] /cpus/cpu@3 missing clock-frequency property
[   13.331691] CPU0: thread -1, cpu 0, socket 0, mpidr 80000000
[   13.331724] Setting up static identity map for 0xc0597c18 - 0xc0597cb0
[   13.385382] CPU1: Booted secondary processor
[   13.385413] CPU1: thread -1, cpu 1, socket 0, mpidr 80000001
[   13.405311] CPU2: Booted secondary processor
[   13.405337] CPU2: thread -1, cpu 2, socket 0, mpidr 80000002
[   13.425249] CPU3: Booted secondary processor
[   13.425274] CPU3: thread -1, cpu 3, socket 0, mpidr 80000003
[   13.425385] Brought up 4 CPUs
[   13.425413] SMP: Total of 4 processors activated (96.00 BogoMIPS).
[   13.425421] CPU: All CPU(s) started in SVC mode.
[   13.426458] devtmpfs: initialized
[   13.439490] pinctrl core: initialized pinctrl subsystem
[   13.440027] regulator-dummy: no parameters
[   13.440830] NET: Registered protocol family 16
[   13.442536] DMA: preallocated 256 KiB pool for atomic coherent allocations
[   13.453765] No ATAGs?
[   13.453794] hw-breakpoint: found 5 (+1 reserved) breakpoint and 4 watchpoint registers.
[   13.453805] hw-breakpoint: maximum watchpoint size is 8 bytes.
[   13.464629] bio: create slab <bio-0> at 0
[   13.465912] vdd_ac_bat: 5000 mV 
[   13.466220] dvdd_ts: Failed to request enable GPIO61: -517
[   13.466384] reg-fixed-voltage 1.regulator: Failed to register regulator: -517
[   13.466408] platform 1.regulator: Driver reg-fixed-voltage requests probe deferral
[   13.466603] lcd_bl_en: Failed to request enable GPIO58: -517
[   13.466750] reg-fixed-voltage 2.regulator: Failed to register regulator: -517
[   13.466772] platform 2.regulator: Driver reg-fixed-voltage requests probe deferral
[   13.466965] usb1_vbus: Failed to request enable GPIO108: -517
[   13.467111] reg-fixed-voltage 3.regulator: Failed to register regulator: -517
[   13.467133] platform 3.regulator: Driver reg-fixed-voltage requests probe deferral
[   13.467326] usb2_vbus: Failed to request enable GPIO86: -517
[   13.467470] reg-fixed-voltage 4.regulator: Failed to register regulator: -517
[   13.467491] platform 4.regulator: Driver reg-fixed-voltage requests probe deferral
[   13.467684] vdd_hdmi_5v0: Failed to request enable GPIO81: -517
[   13.467827] reg-fixed-voltage 5.regulator: Failed to register regulator: -517
[   13.467848] platform 5.regulator: Driver reg-fixed-voltage requests probe deferral
[   13.468945] vgaarb: loaded
[   13.470039] SCSI subsystem initialized
[   13.470416] usbcore: registered new interface driver usbfs
[   13.470529] usbcore: registered new interface driver hub
[   13.470679] usbcore: registered new device driver usb
[   13.474553] vdd-cpu: 500 <--> 1520 mV at 1100 mV 
[   13.475200] tps65090 1-0048: No cache defaults, reading back from HW
[   13.481570] vdd-sys-5v0: no parameters
[   13.481623] vdd-sys-5v0: supplied by vdd_ac_bat
[   13.483064] vdd-sys-3v3: no parameters
[   13.483100] vdd-sys-3v3: supplied by vdd_ac_bat
[   13.484556] vdd-ao: no parameters
[   13.484593] vdd-ao: supplied by vdd_ac_bat
[   13.484860] vdd-lcd-bl: no parameters
[   13.484895] vdd-lcd-bl: supplied by vdd_ac_bat
[   13.485159] TPS65090_RAILSFET2: no parameters
[   13.485195] TPS65090_RAILSFET2: supplied by vdd_ac_bat
[   13.485447] vdd-modem-3v3: no parameters
[   13.485480] vdd-modem-3v3: supplied by vdd-sys-3v3
[   13.485739] avdd-lcd: no parameters
[   13.485772] avdd-lcd: supplied by vdd-sys-3v3
[   13.486035] vdd-lvds: no parameters
[   13.486069] vdd-lvds: supplied by vdd-sys-3v3
[   13.486323] vdd-sd-slot: no parameters
[   13.486356] vdd-sd-slot: supplied by vdd-sys-3v3
[   13.486629] vdd-com-3v3: no parameters
[   13.486662] vdd-com-3v3: supplied by vdd-sys-3v3
[   13.486913] vdd-sby-5v0: no parameters
[   13.486945] vdd-sby-5v0: supplied by vdd_ac_bat
[   13.487203] vdd-sby-3v3: no parameters
[   13.487234] vdd-sby-3v3: supplied by vdd_ac_bat
[   13.487682] Linux video capture interface: v2.00
[   13.488375] platform 7000f010.iommu: Driver tegra-smmu requests probe deferral
[   13.488673] Advanced Linux Sound Architecture Driver Initialized.
[   13.489439] Bluetooth: Core ver 2.16
[   13.489510] NET: Registered protocol family 31
[   13.489518] Bluetooth: HCI device and connection manager initialized
[   13.489543] Bluetooth: HCI socket layer initialized
[   13.489566] Bluetooth: L2CAP socket layer initialized
[   13.489613] Bluetooth: SCO socket layer initialized
[   13.490244] cfg80211: Calling CRDA to update world regulatory domain
[   13.491361] Switched to clocksource arch_sys_counter
[   13.505571] NET: Registered protocol family 2
[   13.506475] TCP established hash table entries: 8192 (order: 4, 65536 bytes)
[   13.506679] TCP bind hash table entries: 8192 (order: 4, 65536 bytes)
[   13.506856] TCP: Hash tables configured (established 8192 bind 8192)
[   13.507299] TCP: reno registered
[   13.507316] UDP hash table entries: 512 (order: 2, 16384 bytes)
[   13.507358] UDP-Lite hash table entries: 512 (order: 2, 16384 bytes)
[   13.507772] NET: Registered protocol family 1
[   13.508501] RPC: Registered named UNIX socket transport module.
[   13.508513] RPC: Registered udp transport module.
[   13.508520] RPC: Registered tcp transport module.
[   13.508528] RPC: Registered tcp NFSv4.1 backchannel transport module.
[   13.508539] PCI: CLS 0 bytes, default 64
[   13.512306] bounce pool size: 64 pages
[   13.513989] squashfs: version 4.0 (2009/01/31) Phillip Lougher
[   13.516235] io scheduler noop registered (default)
[   13.527562] tegra-apbdma 6000a000.dma: Tegra20 APB DMA driver register 32 channels
[   13.528044] Serial: 8250/16550 driver, 4 ports, IRQ sharing disabled
[   13.530062] 70006300.serial: ttyS0 at MMIO 0x70006300 (irq = 122) is a Tegra
[   14.359336] console [ttyS0] enabled
[   14.363635] [drm] Initialized drm 1.1.0 20060810
[   14.373967] loop: module loaded
[   14.380250] m25p80 spi32766.0: w25q32dw (4096 Kbytes)
[   14.387027] pegasus: v0.9.3 (2013/04/25), Pegasus/Pegasus II USB Ethernet driver
[   14.394488] usbcore: registered new interface driver pegasus
[   14.400220] usbcore: registered new interface driver asix
[   14.405652] usbcore: registered new interface driver ax88179_178a
[   14.411798] usbcore: registered new interface driver cdc_ether
[   14.417693] usbcore: registered new interface driver r815x
[   14.423245] usbcore: registered new interface driver smsc75xx
[   14.429069] usbcore: registered new interface driver smsc95xx
[   14.434846] usbcore: registered new interface driver net1080
[   14.440553] usbcore: registered new interface driver cdc_subset
[   14.446502] usbcore: registered new interface driver zaurus
[   14.452162] usbcore: registered new interface driver cdc_ncm
[   14.457845] ehci_hcd: USB 2.0 'Enhanced' Host Controller (EHCI) Driver
[   14.464335] ehci-pci: EHCI PCI platform driver
[   14.468845] tegra-ehci: Tegra EHCI driver
[   14.473038] usbcore: registered new interface driver cdc_acm
[   14.478680] cdc_acm: USB Abstract Control Model driver for USB modems and ISDN adapters
[   14.486703] usbcore: registered new interface driver cdc_wdm
[   14.492433] usbcore: registered new interface driver usb-storage
[   14.499002] mousedev: PS/2 mouse device common for all mice
[   14.505863] tegra_rtc 7000e000.rtc: rtc core: registered 7000e000.rtc as rtc0
[   14.513015] tegra_rtc 7000e000.rtc: Tegra internal Real Time Clock
[   14.520555] sbs-battery 0-000b: sbs_probe: Failed to get device status
[   14.527064] sbs-battery: probe of 0-000b failed with error -121
[   14.536561] cpuidle: using governor ladder
[   14.540656] cpuidle: using governor menu
[   14.544620] sdhci: Secure Digital Host Controller Interface driver
[   14.550778] sdhci: Copyright(c) Pierre Ossman
[   14.555108] sdhci-pltfm: SDHCI platform and OF driver helper
[   14.561160] sdhci-tegra 78000400.sdhci: Got CD GPIO #170.
[   14.567580] mmc0: no vqmmc regulator found
[   14.571657] mmc0: no vmmc regulator found
[   14.575642] mmc0: Invalid maximum block size, assuming 512 bytes
[   14.626822] mmc0: SDHCI controller on 78000400.sdhci [78000400.sdhci] using ADMA
[   14.636370] mmc1: no vqmmc regulator found
[   14.640467] mmc1: no vmmc regulator found
[   14.644453] mmc1: Invalid maximum block size, assuming 512 bytes
[   14.686580] mmc1: SDHCI controller on 78000600.sdhci [78000600.sdhci] using ADMA
[   14.694587] usbcore: registered new interface driver usbhid
[   14.702190] usbhid: USB HID core driver
[   14.818314] mmc1: BKOPS_EN bit is not set
[   14.848725] mmc1: new HS200 MMC card at address 0001
[   14.854287] mmcblk0: mmc1:0001 SEM32G 29.1 GiB 
[   14.859112] mmcblk0boot0: mmc1:0001 SEM32G partition 1 4.00 MiB
[   14.865314] mmcblk0boot1: mmc1:0001 SEM32G partition 2 4.00 MiB
[   14.871482] mmcblk0rpmb: mmc1:0001 SEM32G partition 3 4.00 MiB
[   14.879810] Primary GPT is invalid, using alternate GPT.
[   14.885115]  mmcblk0: p1 p2 p3 p4 p5
[   14.892078]  mmcblk0boot1: unknown partition table
[   14.898547]  mmcblk0boot0: unknown partition table
[   15.154262] rt5640 0-001c: ASoC: mux INR Mux has no paths
[   15.159697] rt5640 0-001c: ASoC: mux INL Mux has no paths
[   15.166697] tegra-snd-rt5640 sound.3:  rt5640-aif1 <-> 70080400.i2s mapping ok
[   15.175247] input: NVIDIA Tegra Dalmore Headphones as /devices/soc0/sound.3/sound/card0/input0
[   15.185394] TCP: cubic registered
[   15.188977] NET: Registered protocol family 10
[   15.194794] mip6: Mobile IPv6
[   15.197748] sit: IPv6 over IPv4 tunneling driver
[   15.203940] NET: Registered protocol family 17
[   15.208425] NET: Registered protocol family 15
[   15.213014] Bluetooth: RFCOMM socket layer initialized
[   15.218146] Bluetooth: RFCOMM ver 1.11
[   15.221874] Bluetooth: BNEP (Ethernet Emulation) ver 1.3
[   15.227183] Bluetooth: BNEP socket layer initialized
[   15.232120] Bluetooth: HIDP (Human Interface Emulation) ver 1.2
[   15.238041] Bluetooth: HIDP socket layer initialized
[   15.243203] VFP support v0.3: implementor 41 architecture 4 part 30 variant f rev 0
[   15.251102] Registering SWP/SWPB emulation handler
[   15.256613] vdd-com-3v3: disabling
[   15.260606] vdd-lvds: disabling
[   15.264331] avdd-lcd: disabling
[   15.268057] vdd-lcd-bl: disabling
[   15.272405] dvdd_ts: 1800 mV 
[   15.275734] lcd_bl_en: 5000 mV 
[   15.279165] usb1_vbus: 5000 mV 
[   15.282339] usb1_vbus: supplied by vdd-sys-5v0
[   15.287132] usb2_vbus: 5000 mV 
[   15.290286] usb2_vbus: supplied by vdd-sys-5v0
[   15.295101] vdd_hdmi_5v0: 5000 mV 
[   15.298515] vdd_hdmi_5v0: supplied by vdd-sys-5v0
[   15.303724] tegra_rtc 7000e000.rtc: setting system clock to 1970-01-01 00:00:16 UTC (16)
[   15.312206] ALSA device list:
[   15.315181]   #0: NVIDIA Tegra Dalmore
[   15.343795] kjournald starting.  Commit interval 5 seconds
[   15.350974] EXT3-fs (mmcblk0p1): using internal journal
[   15.356218] EXT3-fs (mmcblk0p1): recovery complete
[   15.360983] EXT3-fs (mmcblk0p1): mounted filesystem with writeback data mode
[   15.368073] VFS: Mounted root (ext3 filesystem) on device 179:1.
[   15.375147] devtmpfs: mounted
[   15.378366] Freeing unused kernel memory: 236K (c077b000 - c07b6000)
bash: cannot set terminal process group (-1): Inappropriate ioctl for device
bash: no job control in this shell
I have no name!@(none):/# 