
U-Boot SPL 2014.01-00219-gc4d376f (Feb 18 2014 - 19:57:18)


U-Boot 2014.01-00219-gc4d376f (Feb 18 2014 - 19:57:18)

TEGRA30
Board: NVIDIA Beaver
I2C:   ready
DRAM:  2 GiB
MMC:   Tegra SD/MMC: 0, Tegra SD/MMC: 1
In:    serial
Out:   serial
Err:   serial
Net:   Net Initialization Skipped
No ethernet found.
Hit any key to stop autoboot:  2  0 
Tegra30 (Beaver) # 
Tegra30 (Beaver) # usb reset
(Re)start USB...
USB0:   USB EHCI 1.00
scanning bus 0 for devices... 2 USB Device(s) found
       scanning usb for storage devices... 0 Storage Device(s) found
       scanning usb for ethernet devices... 
Warning: asx0 using MAC address from net device
1 Ethernet Device(s) found
Tegra30 (Beaver) # setenv bootargs 'ignore_loglevel console=ttyS0,115200n8 rw root=/dev/mmcblk0p1 rootwait gpt debug init=/bin/bash noinitrd'
Tegra30 (Beaver) # setenv ipaddr 192.168.100.101; setenv serverip 192.168.100.1; setenv tftpserverip 192.168.100.1
Tegra30 (Beaver) # tftpboot 0x81000000 zImage.multi_v7_defconfig
Using asx0 device
TFTP from server 192.168.100.1; our IP address is 192.168.100.101
Filename 'zImage.multi_v7_defconfig'.
Load address: 0x81000000
Loading: *#################################################################
	 #################################################################
	 #################################################################
	 #################################################################
	 #################################################################
	 ##########################
	 3.4 MiB/s
done
Bytes transferred = 5151816 (4e9c48 hex)
Tegra30 (Beaver) # tftpboot 0x82000000 tegra30-beaver.dtb
Using asx0 device
TFTP from server 192.168.100.1; our IP address is 192.168.100.101
Filename 'tegra30-beaver.dtb'.
Load address: 0x82000000
Loading: *##
	 3 MiB/s
done
Bytes transferred = 24801 (60e1 hex)
Tegra30 (Beaver) # bootz 0x81000000 - 0x82000000
Kernel image @ 0x81000000 [ 0x000000 - 0x4e9c48 ]
## Flattened Device Tree blob at 82000000
   Booting using the fdt blob at 0x82000000
   Loading Device Tree to 8fff6000, end 8ffff0e0 ... OK

Starting kernel ...

[    0.000000] Booting Linux on physical CPU 0x0
[    0.000000] Linux version 3.17.0-93106-gbfe01a5 (pwalmsley@tamien) (gcc version 4.7.3 20130328 (prerelease) (crosstool-NG linaro-1.13.1-4.7-2013.04-20130415 - Linaro GCC 2013.04) ) #1 SMP Mon Oct 6 21:50:50 PDT 2014
[    0.000000] CPU: ARMv7 Processor [412fc099] revision 9 (ARMv7), cr=10c5387d
[    0.000000] CPU: PIPT / VIPT nonaliasing data cache, VIPT aliasing instruction cache
[    0.000000] Machine model: NVIDIA Tegra30 Beaver evaluation board
[    0.000000] debug: ignoring loglevel setting.
[    0.000000] cma: Reserved 64 MiB at ab800000
[    0.000000] Memory policy: Data cache writealloc
[    0.000000] On node 0 totalpages: 524032
[    0.000000] free_area_init_node: node 0, pgdat c0cbee40, node_mem_map ea7d8000
[    0.000000]   DMA zone: 1520 pages used for memmap
[    0.000000]   DMA zone: 0 pages reserved
[    0.000000]   DMA zone: 194560 pages, LIFO batch:31
[    0.000000]   HighMem zone: 2574 pages used for memmap
[    0.000000]   HighMem zone: 329472 pages, LIFO batch:31
[    0.000000] PERCPU: Embedded 8 pages/cpu @ea79c000 s8448 r8192 d16128 u32768
[    0.000000] pcpu-alloc: s8448 r8192 d16128 u32768 alloc=8*4096
[    0.000000] pcpu-alloc: [0] 0 [0] 1 [0] 2 [0] 3 
[    0.000000] Built 1 zonelists in Zone order, mobility grouping on.  Total pages: 522512
[    0.000000] Kernel command line: ignore_loglevel console=ttyS0,115200n8 rw root=/dev/mmcblk0p1 rootwait gpt debug init=/bin/bash noinitrd
[    0.000000] PID hash table entries: 4096 (order: 2, 16384 bytes)
[    0.000000] Dentry cache hash table entries: 131072 (order: 7, 524288 bytes)
[    0.000000] Inode-cache hash table entries: 65536 (order: 6, 262144 bytes)
[    0.000000] Memory: 2001700K/2096128K available (6668K kernel code, 923K rwdata, 2684K rodata, 696K init, 305K bss, 94428K reserved, 1317888K highmem)
[    0.000000] Virtual kernel memory layout:
[    0.000000]     vector  : 0xffff0000 - 0xffff1000   (   4 kB)
[    0.000000]     fixmap  : 0xffc00000 - 0xffe00000   (2048 kB)
[    0.000000]     vmalloc : 0xf0000000 - 0xff000000   ( 240 MB)
[    0.000000]     lowmem  : 0xc0000000 - 0xef800000   ( 760 MB)
[    0.000000]     pkmap   : 0xbfe00000 - 0xc0000000   (   2 MB)
[    0.000000]     modules : 0xbf000000 - 0xbfe00000   (  14 MB)
[    0.000000]       .text : 0xc0208000 - 0xc0b2a2d0   (9353 kB)
[    0.000000]       .init : 0xc0b2b000 - 0xc0bd9100   ( 697 kB)
[    0.000000]       .data : 0xc0bda000 - 0xc0cc0c40   ( 924 kB)
[    0.000000]        .bss : 0xc0cc0c40 - 0xc0d0d160   ( 306 kB)
[    0.000000] SLUB: HWalign=64, Order=0-3, MinObjects=0, CPUs=4, Nodes=1
[    0.000000] Hierarchical RCU implementation.
[    0.000000] 	RCU restricting CPUs from NR_CPUS=8 to nr_cpu_ids=4.
[    0.000000] RCU: Adjusting geometry for rcu_fanout_leaf=16, nr_cpu_ids=4
[    0.000000] NR_IRQS:16 nr_irqs:16 16
[    0.000000] L2C: platform modifies aux control register: 0x02080000 -> 0x3e480001
[    0.000000] L2C: DT/platform modifies aux control register: 0x02080000 -> 0x3e480001
[    0.000000] L2C-310 erratum 769419 enabled
[    0.000000] L2C-310 enabling early BRESP for Cortex-A9
[    0.000000] L2C-310: enabling full line of zeros but not enabled in Cortex-A9
[    0.000000] L2C-310 ID prefetch enabled, offset 1 lines
[    0.000000] L2C-310 dynamic clock gating enabled, standby mode enabled
[    0.000000] L2C-310 cache controller enabled, 8 ways, 1024 kB
[    0.000000] L2C-310: CACHE_ID 0x410000c7, AUX_CTRL 0x7e480001
[    0.000012] sched_clock: 32 bits at 1000kHz, resolution 1000ns, wraps every 2147483648000ns
[    0.000031] Switching to timer-based delay loop, resolution 1000ns
[    0.001133] Console: colour dummy device 80x30
[    0.001153] Calibrating delay loop (skipped), value calculated using timer frequency.. 2.00 BogoMIPS (lpj=5000)
[    0.001161] pid_max: default: 32768 minimum: 301
[    0.001256] Mount-cache hash table entries: 2048 (order: 1, 8192 bytes)
[    0.001263] Mountpoint-cache hash table entries: 2048 (order: 1, 8192 bytes)
[    0.001633] CPU: Testing write buffer coherency: ok
[    0.001834] CPU0: thread -1, cpu 0, socket 0, mpidr 80000000
[    0.001898] Setting up static identity map for 0x8084c9d0 - 0x8084ca68
[    0.002858] Tegra Revision: A03 SKU: 128 CPU Process: 4 Core Process: 0
[    0.004021] CPU1: Booted secondary processor
[    0.004037] CPU1: thread -1, cpu 1, socket 0, mpidr 80000001
[    0.004871] CPU2: Booted secondary processor
[    0.004885] CPU2: thread -1, cpu 2, socket 0, mpidr 80000002
[    0.005764] CPU3: Booted secondary processor
[    0.005778] CPU3: thread -1, cpu 3, socket 0, mpidr 80000003
[    0.005819] Brought up 4 CPUs
[    0.005833] SMP: Total of 4 processors activated.
[    0.005837] CPU: All CPU(s) started in SVC mode.
[    0.006258] devtmpfs: initialized
[    0.008573] VFP support v0.3: implementor 41 architecture 3 part 30 variant 9 rev 4
[    0.012059] pinctrl core: initialized pinctrl subsystem
[    0.012380] regulator-dummy: no parameters
[    0.015677] NET: Registered protocol family 16
[    0.018544] DMA: preallocated 256 KiB pool for atomic coherent allocations
[    0.019429] cpuidle: using governor ladder
[    0.019440] cpuidle: using governor menu
[    0.026432] No ATAGs?
[    0.026460] hw-breakpoint: found 5 (+1 reserved) breakpoint and 1 watchpoint registers.
[    0.026466] hw-breakpoint: maximum watchpoint size is 4 bytes.
[    0.026573] EXYNOS: PMU not supported
[    0.027925] Serial: AMBA PL011 UART driver
[    0.046890] edma-dma-engine edma-dma-engine.0: Can't allocate PaRAM dummy slot
[    0.046910] edma-dma-engine: probe of edma-dma-engine.0 failed with error -22
[    0.047281] vdd_5v_in: 5000 mV 
[    0.047365] platform regulators:regulator@1: Driver reg-fixed-voltage requests probe deferral
[    0.047398] platform regulators:regulator@2: Driver reg-fixed-voltage requests probe deferral
[    0.047488] vdd_5v_sata: Failed to request enable GPIO30: -517
[    0.047538] reg-fixed-voltage regulators:regulator@3: Failed to register regulator: -517
[    0.047548] platform regulators:regulator@3: Driver reg-fixed-voltage requests probe deferral
[    0.047630] usb1_vbus: Failed to request enable GPIO238: -517
[    0.047672] reg-fixed-voltage regulators:regulator@4: Failed to register regulator: -517
[    0.047682] platform regulators:regulator@4: Driver reg-fixed-voltage requests probe deferral
[    0.047764] usb3_vbus: Failed to request enable GPIO236: -517
[    0.047806] reg-fixed-voltage regulators:regulator@5: Failed to register regulator: -517
[    0.047816] platform regulators:regulator@5: Driver reg-fixed-voltage requests probe deferral
[    0.047851] platform regulators:regulator@6: Driver reg-fixed-voltage requests probe deferral
[    0.047934] sys_3v3_pexs: Failed to request enable GPIO95: -517
[    0.047975] reg-fixed-voltage regulators:regulator@7: Failed to register regulator: -517
[    0.047985] platform regulators:regulator@7: Driver reg-fixed-voltage requests probe deferral
[    0.048066] +VDD_5V_HDMI: 5000 mV 
[    0.048091] reg-fixed-voltage regulators:regulator@8: Failed to find supply vin
[    0.048138] reg-fixed-voltage regulators:regulator@8: Failed to register regulator: -517
[    0.048148] platform regulators:regulator@8: Driver reg-fixed-voltage requests probe deferral
[    0.049582] vgaarb: loaded
[    0.049993] SCSI subsystem initialized
[    0.050122] libata version 3.00 loaded.
[    0.050294] usbcore: registered new interface driver usbfs
[    0.050340] usbcore: registered new interface driver hub
[    0.050408] usbcore: registered new device driver usb
[    0.059957] vdd_1v8_gen: 1800 mV 
[    0.060003] vdd_1v8_gen: supplied by vdd_5v_in
[    0.064954] vddio_ddr_1v2: 1200 mV 
[    0.064986] vddio_ddr_1v2: supplied by vdd_5v_in
[    0.069954] vdd_1v5_gen: 1500 mV 
[    0.069995] vdd_1v5_gen: supplied by vdd_5v_in
[    0.074953] vdd_cpu,vdd_sys: 1000 mV 
[    0.077264] vdd_pexa,vdd_pexb: 1050 mV 
[    0.077292] vdd_pexa,vdd_pexb: supplied by vdd_1v5_gen
[    0.079968] vdd_sata,avdd_plle: 1050 mV 
[    0.079998] vdd_sata,avdd_plle: supplied by vdd_1v5_gen
[    0.084953] vdd_rtc: 1200 mV 
[    0.084984] vdd_rtc: supplied by vdd_5v_in
[    0.089953] vddio_sdmmc,avdd_vdac: 3300 mV 
[    0.089984] vddio_sdmmc,avdd_vdac: supplied by vdd_5v_in
[    0.092644] avdd_dsi_csi,pwrdet_mipi: 1200 mV 
[    0.092672] avdd_dsi_csi,pwrdet_mipi: supplied by vdd_1v8_gen
[    0.099953] vdd_pllm,x,u,a_p_c_s: 1200 mV 
[    0.099982] vdd_pllm,x,u,a_p_c_s: supplied by vdd_1v8_gen
[    0.104953] vdd_ddr_hs: 1000 mV 
[    0.104983] vdd_ddr_hs: supplied by vdd_1v8_gen
[    0.106740] tps62361-vout: 500 <--> 1500 mV at 1160 mV 
[    0.106884] Linux video capture interface: v2.00
[    0.106930] pps_core: LinuxPPS API ver. 1 registered
[    0.106935] pps_core: Software ver. 5.3.6 - Copyright 2005-2007 Rodolfo Giometti <giometti@linux.it>
[    0.106951] PTP clock support registered
[    0.107122] EDAC MC: Ver: 3.0.0
[    0.107559] platform 7000f010.iommu: Driver tegra-smmu requests probe deferral
[    0.107694] Advanced Linux Sound Architecture Driver Initialized.
[    0.108405] Switched to clocksource timer_us
[    0.114280] NET: Registered protocol family 2
[    0.114720] TCP established hash table entries: 8192 (order: 3, 32768 bytes)
[    0.114767] TCP bind hash table entries: 8192 (order: 4, 65536 bytes)
[    0.114849] TCP: Hash tables configured (established 8192 bind 8192)
[    0.114914] TCP: reno registered
[    0.114926] UDP hash table entries: 512 (order: 2, 16384 bytes)
[    0.114979] UDP-Lite hash table entries: 512 (order: 2, 16384 bytes)
[    0.115167] NET: Registered protocol family 1
[    0.115404] RPC: Registered named UNIX socket transport module.
[    0.115411] RPC: Registered udp transport module.
[    0.115414] RPC: Registered tcp transport module.
[    0.115418] RPC: Registered tcp NFSv4.1 backchannel transport module.
[    0.115435] PCI: CLS 0 bytes, default 64
[    0.116125] hw perfevents: enabled with armv7_cortex_a9 PMU driver, 7 counters available
[    0.117039] futex hash table entries: 1024 (order: 4, 65536 bytes)
[    0.123363] squashfs: version 4.0 (2009/01/31) Phillip Lougher
[    0.123859] NFS: Registering the id_resolver key type
[    0.123904] Key type id_resolver registered
[    0.123909] Key type id_legacy registered
[    0.123948] msgmni has been set to 1463
[    0.124225] bounce: pool size: 64 pages
[    0.124337] Block layer SCSI generic (bsg) driver version 0.4 loaded (major 249)
[    0.124350] io scheduler noop registered
[    0.124359] io scheduler deadline registered
[    0.124457] io scheduler cfq registered (default)
[    0.128858] tegra-pcie 3000.pcie-controller: 2x3 configuration
[    0.128934] tegra-pcie 3000.pcie-controller: Failed to get supply 'hvdd-pex': -517
[    0.128990] platform 3000.pcie-controller: Driver tegra-pcie requests probe deferral
[    0.131531] tegra-apbdma 6000a000.dma: Tegra20 APB DMA driver register 32 channels
[    0.165543] Serial: 8250/16550 driver, 4 ports, IRQ sharing disabled
[    0.166765] Serial: IMX driver
[    0.166972] msm_serial: driver initialized
[    0.167537] console [ttyS0] disabled
[    0.167573] 70006000.serial: ttyS0 at MMIO 0x70006000 (irq = 68, base_baud = 25500000) is a Tegra
[    1.158507] console [ttyS0] enabled
[    1.162457] STMicroelectronics ASC driver initialized
[    1.167985] serial: Freescale lpuart driver
[    1.172337] [drm] Initialized drm 1.1.0 20060810
[    1.177744] tegra-hdmi 54280000.hdmi: failed to get HDMI regulator
[    1.183932] platform 54280000.hdmi: Driver tegra-hdmi requests probe deferral
[    1.194740] loop: module loaded
[    1.201260] CAN device driver interface
[    1.205577] igb: Intel(R) Gigabit Ethernet Network Driver - version 5.2.13-k
[    1.212617] igb: Copyright (c) 2007-2014 Intel Corporation.
[    1.218959] pegasus: v0.9.3 (2013/04/25), Pegasus/Pegasus II USB Ethernet driver
[    1.226388] usbcore: registered new interface driver pegasus
[    1.232086] usbcore: registered new interface driver asix
[    1.237504] usbcore: registered new interface driver ax88179_178a
[    1.243613] usbcore: registered new interface driver cdc_ether
[    1.249472] usbcore: registered new interface driver smsc75xx
[    1.255243] usbcore: registered new interface driver smsc95xx
[    1.261013] usbcore: registered new interface driver net1080
[    1.266689] usbcore: registered new interface driver cdc_subset
[    1.272624] usbcore: registered new interface driver zaurus
[    1.278245] usbcore: registered new interface driver cdc_ncm
[    1.283920] ehci_hcd: USB 2.0 'Enhanced' Host Controller (EHCI) Driver
[    1.290438] ehci-pci: EHCI PCI platform driver
[    1.294902] ehci-platform: EHCI generic platform driver
[    1.300231] ehci-omap: OMAP-EHCI Host Controller driver
[    1.305518] ehci-orion: EHCI orion driver
[    1.309591] SPEAr-ehci: EHCI SPEAr driver
[    1.313665] tegra-ehci: Tegra EHCI driver
[    1.317812] platform 7d004000.usb: Driver tegra-ehci requests probe deferral
[    1.324901] platform 7d008000.usb: Driver tegra-ehci requests probe deferral
[    1.331977] ohci_hcd: USB 1.1 'Open' Host Controller (OHCI) Driver
[    1.338165] ohci-pci: OHCI PCI platform driver
[    1.342646] ohci-platform: OHCI generic platform driver
[    1.347944] ohci-omap3: OHCI OMAP3 driver
[    1.352019] SPEAr-ohci: OHCI SPEAr driver
[    1.356502] usbcore: registered new interface driver usb-storage
[    1.362838] platform 7d004000.usb-phy: Driver tegra-phy requests probe deferral
[    1.370190] platform 7d008000.usb-phy: Driver tegra-phy requests probe deferral
[    1.378314] mousedev: PS/2 mouse device common for all mice
[    1.385333] tegra_rtc 7000e000.rtc: rtc core: registered 7000e000.rtc as rtc1
[    1.392489] tegra_rtc 7000e000.rtc: Tegra internal Real Time Clock
[    1.411288] tps65910-rtc tps65910-rtc: rtc core: registered tps65910-rtc as rtc0
[    1.418795] i2c /dev entries driver
[    1.423382] usbcore: registered new interface driver uvcvideo
[    1.429130] USB Video Class driver (1.1.1)
[    1.433216] gspca_main: v2.14.0 registered
[    1.439122] sdhci: Secure Digital Host Controller Interface driver
[    1.445297] sdhci: Copyright(c) Pierre Ossman
[    1.450186] Synopsys Designware Multimedia Card Interface Driver
[    1.456561] sdhci-pltfm: SDHCI platform and OF driver helper
[    1.462744] sdhci-tegra 78000000.sdhci: Got CD GPIO #69.
[    1.468067] sdhci-tegra 78000000.sdhci: Got WP GPIO #155.
[    1.474592] sdhci-tegra 78000000.sdhci: No vmmc regulator found
[    1.480507] sdhci-tegra 78000000.sdhci: No vqmmc regulator found
[    1.486504] mmc0: Invalid maximum block size, assuming 512 bytes
[    1.528464] mmc0: SDHCI controller on 78000000.sdhci [78000000.sdhci] using ADMA
[    1.539029] sdhci-tegra 78000600.sdhci: No vmmc regulator found
[    1.544945] sdhci-tegra 78000600.sdhci: No vqmmc regulator found
[    1.550941] mmc1: Invalid maximum block size, assuming 512 bytes
[    1.593412] mmc1: SDHCI controller on 78000600.sdhci [78000600.sdhci] using ADMA
[    1.603338] usbcore: registered new interface driver usbhid
[    1.608914] usbhid: USB HID core driver
[    1.700498] mmc1: new high speed MMC card at address 0001
[    1.706127] mmcblk0: mmc1:0001 SEM16G 14.8 GiB 
[    1.710730] mmcblk0boot0: mmc1:0001 SEM16G partition 1 1.00 MiB
[    1.716708] mmcblk0boot1: mmc1:0001 SEM16G partition 2 1.00 MiB
[    1.722681] mmcblk0rpmb: mmc1:0001 SEM16G partition 3 128 KiB
[    1.731136] Primary GPT is invalid, using alternate GPT.
[    1.736464]  mmcblk0: p1 p2 p3 p4 p5
[    1.743235]  mmcblk0boot1: unknown partition table
[    1.750293]  mmcblk0boot0: unknown partition table
[    2.029479] tegra30-i2s 70080400.i2s: DMA channels sourced from device 70080000.ahub
[    2.045076] tegra-snd-rt5640 sound: rt5640-aif1 <-> 70080400.i2s mapping ok
[    2.054124] input: NVIDIA Tegra Beaver Headphones as /devices/soc0/sound/sound/card0/input0
[    2.063488] TCP: cubic registered
[    2.066798] NET: Registered protocol family 17
[    2.071254] can: controller area network core (rev 20120528 abi 9)
[    2.077470] NET: Registered protocol family 29
[    2.081916] can: raw protocol (rev 20120528)
[    2.086183] can: broadcast manager protocol (rev 20120528 t)
[    2.091838] can: netlink gateway (rev 20130117) max_hops=1
[    2.097581] Key type dns_resolver registered
[    2.102208] ThumbEE CPU extension supported.
[    2.106495] Registering SWP/SWPB emulation handler
[    2.113462] chargepump_5v: 5000 mV 
[    2.118883] vdd_ddr: 1500 mV 
[    2.121873] vdd_ddr: supplied by vdd_5v_in
[    2.126160] vdd_5v_sata: 5000 mV 
[    2.129502] vdd_5v_sata: supplied by vdd_5v_in
[    2.134122] usb1_vbus: 5000 mV 
[    2.137285] usb1_vbus: supplied by vdd_5v_in
[    2.141761] usb3_vbus: 5000 mV 
[    2.144929] usb3_vbus: supplied by vdd_5v_in
[    2.150757] sys_3v3,vdd_3v3_alw: 3300 mV 
[    2.154790] sys_3v3,vdd_3v3_alw: supplied by vdd_5v_in
[    2.160105] sys_3v3_pexs: 3300 mV 
[    2.163526] sys_3v3_pexs: supplied by sys_3v3,vdd_3v3_alw
[    2.169093] +VDD_5V_HDMI: 5000 mV 
[    2.172498] +VDD_5V_HDMI: supplied by sys_3v3,vdd_3v3_alw
[    2.178364] tegra-pcie 3000.pcie-controller: 2x3 configuration
[    2.188968] tegra-pcie 3000.pcie-controller: probing port 0, using 2 lanes
[    2.254133] tegra-pcie 3000.pcie-controller: probing port 2, using 2 lanes
[    2.664811] tegra-pcie 3000.pcie-controller: link 2 down, retrying
[    3.074787] tegra-pcie 3000.pcie-controller: link 2 down, retrying
[    3.484765] tegra-pcie 3000.pcie-controller: link 2 down, retrying
[    3.492955] tegra-pcie 3000.pcie-controller: link 2 down, ignoring
[    3.499247] tegra-pcie 3000.pcie-controller: PCI host bridge to bus 0000:00
[    3.506209] pci_bus 0000:00: root bus resource [mem 0x20000000-0x27ffffff]
[    3.513075] pci_bus 0000:00: root bus resource [mem 0x28000000-0x3fffffff pref]
[    3.520378] pci_bus 0000:00: root bus resource [bus 00-ff]
[    3.525857] pci_bus 0000:00: root bus resource [io  0x1000-0xffff]
[    3.532057] pci 0000:00:01.0: [10de:0e1c] type 01 class 0x060400
[    3.538117] pci 0000:00:01.0: PME# supported from D0 D1 D2 D3hot D3cold
[    3.544862] PCI: bus0: Fast back to back transfers disabled
[    3.550436] pci 0000:00:01.0: bridge configuration invalid ([bus 00-00]), reconfiguring
[    3.558534] pci 0000:01:00.0: [10ec:8168] type 00 class 0x020000
[    3.564554] pci 0000:01:00.0: reg 0x10: [io  0x0000-0x00ff]
[    3.570140] pci 0000:01:00.0: reg 0x18: [mem 0x00000000-0x00000fff 64bit pref]
[    3.577366] pci 0000:01:00.0: reg 0x20: [mem 0x00000000-0x00003fff 64bit pref]
[    3.584638] pci 0000:01:00.0: supports D1 D2
[    3.588908] pci 0000:01:00.0: PME# supported from D0 D1 D2 D3hot D3cold
[    3.595640] PCI: bus1: Fast back to back transfers disabled
[    3.601214] pci_bus 0000:01: busn_res: [bus 01-ff] end is updated to 01
[    3.607877] pci 0000:00:01.0: BAR 9: assigned [mem 0x28000000-0x280fffff 64bit pref]
[    3.615618] pci 0000:00:01.0: BAR 7: assigned [io  0x1000-0x1fff]
[    3.621713] pci 0000:01:00.0: BAR 4: assigned [mem 0x28000000-0x28003fff 64bit pref]
[    3.629463] pci 0000:01:00.0: BAR 2: assigned [mem 0x28004000-0x28004fff 64bit pref]
[    3.637210] pci 0000:01:00.0: BAR 0: assigned [io  0x1000-0x10ff]
[    3.643304] pci 0000:00:01.0: PCI bridge to [bus 01]
[    3.648267] pci 0000:00:01.0:   bridge window [io  0x1000-0x1fff]
[    3.654356] pci 0000:00:01.0:   bridge window [mem 0x28000000-0x280fffff 64bit pref]
[    3.662104] pci 0000:00:01.0: nv_msi_ht_cap_quirk didn't locate host bridge
[    3.669228] r8169 Gigabit Ethernet driver 2.3LK-NAPI loaded
[    3.674825] r8169 0000:01:00.0: enabling device (0140 -> 0143)
[    3.681220] r8169 0000:01:00.0 eth0: RTL8168evl/8111evl at 0xf0032000, 02:04:4b:01:60:a6, XID 0c900800 IRQ 472
[    3.691219] r8169 0000:01:00.0 eth0: jumbo features [frames: 9200 bytes, tx checksumming: ko]
[    3.702017] [drm] Supports vblank timestamp caching Rev 2 (21.10.2013).
[    3.708650] [drm] No driver support for vblank timestamp query.
[    3.714579] host1x drm: No connectors reported connected with modes
[    3.720843] [drm] Cannot find any crtc or sizes - going 1024x768
[    3.745724] Console: switching to colour frame buffer device 128x48
[    3.758013] host1x drm: fb0:  frame buffer device
[    3.762708] host1x drm: registered panic notifier
[    3.778806] [drm] Initialized tegra 0.0.0 20120330 on minor 0
[    3.785131] platform 7d004000.usb: Driver tegra-ehci requests probe deferral
[    3.792657] platform 7d008000.usb: Driver tegra-ehci requests probe deferral
[    3.803136] utmi_phy_clk_enable: timeout waiting for phy to stabilize
[    3.809593] tegra-ehci 7d004000.usb: EHCI Host Controller
[    3.814998] tegra-ehci 7d004000.usb: new USB bus registered, assigned bus number 1
[    3.822850] tegra-ehci 7d004000.usb: irq 53, io mem 0x7d004000
[    3.838416] tegra-ehci 7d004000.usb: USB 2.0 started, EHCI 1.00
[    3.844764] hub 1-0:1.0: USB hub found
[    3.848546] hub 1-0:1.0: 1 port detected
[    3.852987] tegra-ehci 7d008000.usb: EHCI Host Controller
[    3.858414] tegra-ehci 7d008000.usb: new USB bus registered, assigned bus number 2
[    3.866199] tegra-ehci 7d008000.usb: irq 129, io mem 0x7d008000
[    3.878417] tegra-ehci 7d008000.usb: USB 2.0 started, EHCI 1.00
[    3.884713] hub 2-0:1.0: USB hub found
[    3.888485] hub 2-0:1.0: 1 port detected
[    3.896484] tps65910-rtc tps65910-rtc: setting system clock to 2000-01-01 00:00:02 UTC (946684802)
[    3.909286] usb1_vbus: disabling
[    3.912531] vdd_sata,avdd_plle: disabling
[    3.917103] ALSA device list:
[    3.920076]   #0: NVIDIA Tegra Beaver
[    3.926141] EXT4-fs (mmcblk0p1): mounting ext3 file system using the ext4 subsystem
[    3.941439] EXT4-fs (mmcblk0p1): warning: mounting fs with errors, running e2fsck is recommended
[    3.951660] EXT4-fs (mmcblk0p1): recovery complete
[    3.956471] EXT4-fs (mmcblk0p1): mounted filesystem with ordered data mode. Opts: (null)
[    3.964587] VFS: Mounted root (ext3 filesystem) on device 179:1.
[    3.980045] devtmpfs: mounted
[    3.983663] Freeing unused kernel memory: 696K (c0b2b000 - c0bd9000)
bash: cannot set terminal process group (-1): Inappropriate ioctl for device
bash: no job control in this shell
root@(none):/# [    4.198855] usb 2-1: new high-speed USB device number 2 using tegra-ehci
[    4.668088] asix 2-1:1.0 eth1: register 'asix' at usb-7d008000.usb-1, ASIX AX88772 USB 2.0 Ethernet, 00:50:b6:0f:68:6d
