
U-Boot SPL 2015.04-rc3-00209-ga74ef40 (Mar 16 2015 - 14:43:39)


U-Boot 2015.04-rc3-00209-ga74ef40 (Mar 16 2015 - 14:43:39)

TEGRA20
Model: Compulab TrimSlice board
DRAM:  1 GiB
MMC:   Tegra SD/MMC: 0, Tegra SD/MMC: 1
SF: Detected W25Q80BL with page size 256 Bytes, erase size 4 KiB, total 1 MiB
tegra-pcie: PCI regions:
tegra-pcie:   I/O: 0x82000000-0x82010000
tegra-pcie:   non-prefetchable memory: 0xa0000000-0xa8000000
tegra-pcie:   prefetchable memory: 0xa8000000-0xc0000000
tegra-pcie: dual-mode configuration
tegra-pcie: probing port 0, using 2 lanes
In:    serial
Out:   serial
Err:   serial
Net:   RTL8169#0
Hit any key to stop autoboot:  2  0 
Tegra20 (TrimSlice) # 
Tegra20 (TrimSlice) # usb reset
resetting USB...
USB0:   USB EHCI 1.00
scanning bus 0 for devices... 3 USB Device(s) found
USB1:   USB EHCI 1.00
scanning bus 1 for devices... 1 USB Device(s) found
USB2:   lowlevel init failed
       scanning usb for storage devices... 0 Storage Device(s) found
       scanning usb for ethernet devices... 
Warning: asx0 using MAC address from net device
1 Ethernet Device(s) found
Tegra20 (TrimSlice) # setenv bootargs 'ignore_loglevel console=ttyS0,115200n8 rw root=PARTUUID=11eb23c1-01 rootwait gpt debug noinitrd earlyprintk init=/bin/bash'
Tegra20 (TrimSlice) # setenv ipaddr 192.168.100.103; setenv serverip 192.168.100.1; setenv tftpserverip 192.168.100.1
Tegra20 (TrimSlice) # tftpboot 0x00408000 zImage.multi_v7_defconfig
Using RTL8169#0 device
TFTP from server 192.168.100.1; our IP address is 192.168.100.103
Filename 'zImage.multi_v7_defconfig'.
Load address: 0x408000
Loading: *#################################################################
	 #################################################################
	 #################################################################
	 #################################################################
	 #################################################################
	 #################################################################
	 #################################################################
	 #################################################################
	 ####################
	 4.1 MiB/s
done
Bytes transferred = 7916592 (78cc30 hex)
Tegra20 (TrimSlice) # tftpboot 0x02408000 tegra20-trimslice.dtb
Using RTL8169#0 device
TFTP from server 192.168.100.1; our IP address is 192.168.100.103
Filename 'tegra20-trimslice.dtb'.
Load address: 0x2408000
Loading: *##
	 3.4 MiB/s
done
Bytes transferred = 21426 (53b2 hex)
Tegra20 (TrimSlice) # bootz 0x00408000 - 0x02408000
Kernel image @ 0x408000 [ 0x000000 - 0x78cc30 ]
## Flattened Device Tree blob at 02408000
   Booting using the fdt blob at 0x2408000
   Using Device Tree in place at 02408000, end 024103b1

Starting kernel ...

[    0.000000] Booting Linux on physical CPU 0x0
[    0.000000] Linux version 4.12.0-rc2-171300-g0833289 (jonathanh@sellafield) (gcc version 4.7.3 20130328 (prerelease) (crosstool-NG linaro-1.13.1-4.7-2013.04-20130415 - Linaro GCC 2013.04) ) #1 SMP Sun May 21 20:06:29 PDT 2017
[    0.000000] CPU: ARMv7 Processor [411fc090] revision 0 (ARMv7), cr=10c5387d
[    0.000000] CPU: PIPT / VIPT nonaliasing data cache, VIPT aliasing instruction cache
[    0.000000] OF: fdt: Machine model: Compulab TrimSlice board
[    0.000000] debug: ignoring loglevel setting.
[    0.000000] Memory policy: Data cache writealloc
[    0.000000] efi: Getting EFI parameters from FDT:
[    0.000000] efi: UEFI not found.
[    0.000000] cma: Reserved 64 MiB at 0x3c000000
[    0.000000] On node 0 totalpages: 262144
[    0.000000] free_area_init_node: node 0, pgdat c157fd40, node_mem_map ef7f8000
[    0.000000]   DMA zone: 1536 pages used for memmap
[    0.000000]   DMA zone: 0 pages reserved
[    0.000000]   DMA zone: 196608 pages, LIFO batch:31
[    0.000000]   HighMem zone: 65536 pages, LIFO batch:15
[    0.000000] percpu: Embedded 17 pages/cpu @ef7c4000 s39168 r8192 d22272 u69632
[    0.000000] pcpu-alloc: s39168 r8192 d22272 u69632 alloc=17*4096
[    0.000000] pcpu-alloc: [0] 0 [0] 1 
[    0.000000] Built 1 zonelists in Zone order, mobility grouping on.  Total pages: 260608
[    0.000000] Kernel command line: ignore_loglevel console=ttyS0,115200n8 rw root=PARTUUID=11eb23c1-01 rootwait gpt debug noinitrd earlyprintk init=/bin/bash
[    0.000000] PID hash table entries: 4096 (order: 2, 16384 bytes)
[    0.000000] Dentry cache hash table entries: 131072 (order: 7, 524288 bytes)
[    0.000000] Inode-cache hash table entries: 65536 (order: 6, 262144 bytes)
[    0.000000] Memory: 954368K/1048576K available (10240K kernel code, 1566K rwdata, 4388K rodata, 2048K init, 409K bss, 28672K reserved, 65536K cma-reserved, 196608K highmem)
[    0.000000] Virtual kernel memory layout:
[    0.000000]     vector  : 0xffff0000 - 0xffff1000   (   4 kB)
[    0.000000]     fixmap  : 0xffc00000 - 0xfff00000   (3072 kB)
[    0.000000]     vmalloc : 0xf0800000 - 0xff800000   ( 240 MB)
[    0.000000]     lowmem  : 0xc0000000 - 0xf0000000   ( 768 MB)
[    0.000000]     pkmap   : 0xbfe00000 - 0xc0000000   (   2 MB)
[    0.000000]     modules : 0xbf000000 - 0xbfe00000   (  14 MB)
[    0.000000]       .text : 0xc0208000 - 0xc0d00000   (11232 kB)
[    0.000000]       .init : 0xc1200000 - 0xc1400000   (2048 kB)
[    0.000000]       .data : 0xc1400000 - 0xc15879b0   (1567 kB)
[    0.000000]        .bss : 0xc1590d04 - 0xc15f74d8   ( 410 kB)
[    0.000000] SLUB: HWalign=64, Order=0-3, MinObjects=0, CPUs=2, Nodes=1
[    0.000000] Hierarchical RCU implementation.
[    0.000000] 	RCU debugfs-based tracing is enabled.
[    0.000000] 	RCU restricting CPUs from NR_CPUS=16 to nr_cpu_ids=2.
[    0.000000] RCU: Adjusting geometry for rcu_fanout_leaf=16, nr_cpu_ids=2
[    0.000000] NR_IRQS:16 nr_irqs:16 16
[    0.000000] /interrupt-controller@60004000: 128 interrupts forwarded to /interrupt-controller@50041000
[    0.000000] L2C: platform modifies aux control register: 0x02080000 -> 0x3e480001
[    0.000000] L2C: DT/platform modifies aux control register: 0x02080000 -> 0x3e480001
[    0.000000] L2C-310 errata 727915 769419 enabled
[    0.000000] L2C-310 enabling early BRESP for Cortex-A9
[    0.000000] L2C-310: enabling full line of zeros but not enabled in Cortex-A9
[    0.000000] L2C-310 ID prefetch enabled, offset 1 lines
[    0.000000] L2C-310 cache controller enabled, 8 ways, 1024 kB
[    0.000000] L2C-310: CACHE_ID 0x410000c4, AUX_CTRL 0x7e480001
[    0.000010] sched_clock: 32 bits at 1000kHz, resolution 1000ns, wraps every 2147483647500ns
[    0.000026] clocksource: timer_us: mask: 0xffffffff max_cycles: 0xffffffff, max_idle_ns: 1911260446275 ns
[    0.000036] Switching to timer-based delay loop, resolution 1000ns
[    0.001605] Console: colour dummy device 80x30
[    0.001632] Calibrating delay loop (skipped), value calculated using timer frequency.. 2.00 BogoMIPS (lpj=10000)
[    0.001643] pid_max: default: 32768 minimum: 301
[    0.001716] Mount-cache hash table entries: 2048 (order: 1, 8192 bytes)
[    0.001725] Mountpoint-cache hash table entries: 2048 (order: 1, 8192 bytes)
[    0.002160] CPU: Testing write buffer coherency: ok
[    0.002366] CPU0: thread -1, cpu 0, socket 0, mpidr 80000000
[    0.002592] Setting up static identity map for 0x300000 - 0x3000a0
[    0.004020] Tegra Revision: A03 prime SKU: 8 CPU Process: 1 SoC Process: 2
[    0.004463] EFI services will not be available.
[    0.004630] smp: Bringing up secondary CPUs ...
[    0.005181] CPU1: thread -1, cpu 1, socket 0, mpidr 80000001
[    0.005246] smp: Brought up 1 node, 2 CPUs
[    0.005258] SMP: Total of 2 processors activated (4.00 BogoMIPS).
[    0.005264] CPU: All CPU(s) started in SVC mode.
[    0.005923] devtmpfs: initialized
[    0.009714] VFP support v0.3: implementor 41 architecture 3 part 30 variant 9 rev 1
[    0.009971] clocksource: jiffies: mask: 0xffffffff max_cycles: 0xffffffff, max_idle_ns: 19112604462750000 ns
[    0.009986] futex hash table entries: 512 (order: 3, 32768 bytes)
[    0.012961] pinctrl core: initialized pinctrl subsystem
[    0.014185] NET: Registered protocol family 16
[    0.016463] DMA: preallocated 256 KiB pool for atomic coherent allocations
[    0.017906] cpuidle: using governor menu
[    0.035149] No ATAGs?
[    0.035214] hw-breakpoint: found 5 (+1 reserved) breakpoint and 1 watchpoint registers.
[    0.035226] hw-breakpoint: maximum watchpoint size is 4 bytes.
[    0.040685] Serial: AMBA PL011 UART driver
[    0.052002] AT91: Could not find identification node
[    0.052554] usb1_vbus: Failed to request enable GPIO170: -517
[    0.052570] reg-fixed-voltage regulators:regulator@2: Failed to register regulator: -517
[    0.055947] vgaarb: loaded
[    0.056512] SCSI subsystem initialized
[    0.056630] libata version 3.00 loaded.
[    0.056815] usbcore: registered new interface driver usbfs
[    0.056857] usbcore: registered new interface driver hub
[    0.056897] usbcore: registered new device driver usb
[    0.058860] pps_core: LinuxPPS API ver. 1 registered
[    0.058869] pps_core: Software ver. 5.3.6 - Copyright 2005-2007 Rodolfo Giometti <giometti@linux.it>
[    0.058886] PTP clock support registered
[    0.059024] EDAC MC: Ver: 3.0.0
[    0.060806] clocksource: Switched to clocksource timer_us
[    0.101447] NET: Registered protocol family 2
[    0.101882] TCP established hash table entries: 8192 (order: 3, 32768 bytes)
[    0.101956] TCP bind hash table entries: 8192 (order: 4, 65536 bytes)
[    0.102070] TCP: Hash tables configured (established 8192 bind 8192)
[    0.102147] UDP hash table entries: 512 (order: 2, 16384 bytes)
[    0.102197] UDP-Lite hash table entries: 512 (order: 2, 16384 bytes)
[    0.102345] NET: Registered protocol family 1
[    0.102624] RPC: Registered named UNIX socket transport module.
[    0.102631] RPC: Registered udp transport module.
[    0.102637] RPC: Registered tcp transport module.
[    0.102642] RPC: Registered tcp NFSv4.1 backchannel transport module.
[    0.102652] PCI: CLS 0 bytes, default 64
[    0.103455] hw perfevents: no interrupt-affinity property for /pmu, guessing.
[    0.103604] hw perfevents: enabled with armv7_cortex_a9 PMU driver, 7 counters available
[    0.104960] workingset: timestamp_bits=30 max_order=18 bucket_order=0
[    0.111709] squashfs: version 4.0 (2009/01/31) Phillip Lougher
[    0.112339] NFS: Registering the id_resolver key type
[    0.112360] Key type id_resolver registered
[    0.112367] Key type id_legacy registered
[    0.112398] ntfs: driver 2.1.32 [Flags: R/O].
[    0.113693] bounce: pool size: 64 pages
[    0.113730] Block layer SCSI generic (bsg) driver version 0.4 loaded (major 248)
[    0.113738] io scheduler noop registered
[    0.113744] io scheduler deadline registered
[    0.113770] io scheduler cfq registered (default)
[    0.113776] io scheduler mq-deadline registered
[    0.113782] io scheduler kyber registered
[    0.124872] tegra-pcie 80003000.pcie-controller: dual-mode configuration
[    0.125575] tegra-pcie 80003000.pcie-controller: probing port 0, using 2 lanes
[    0.208986] tegra-pcie 80003000.pcie-controller: PCI host bridge to bus 0000:00
[    0.208999] pci_bus 0000:00: root bus resource [io  0x0000-0xffff]
[    0.209007] pci_bus 0000:00: root bus resource [mem 0xa0000000-0xa7ffffff]
[    0.209016] pci_bus 0000:00: root bus resource [mem 0xa8000000-0xbfffffff pref]
[    0.209024] pci_bus 0000:00: root bus resource [bus 00-ff]
[    0.209052] pci 0000:00:01.0: [10de:0bf0] type 01 class 0x060000
[    0.209080] pci_bus 0000:00: 2-byte config write to 0000:00:01.0 offset 0x88 may corrupt adjacent RW1C bits
[    0.209106] pci_bus 0000:00: 2-byte config write to 0000:00:01.0 offset 0x52 may corrupt adjacent RW1C bits
[    0.209129] pci 0000:00:01.0: PME# supported from D0 D1 D2 D3hot D3cold
[    0.209140] pci_bus 0000:00: 2-byte config write to 0000:00:01.0 offset 0x4c may corrupt adjacent RW1C bits
[    0.209319] pci_bus 0000:00: 2-byte config write to 0000:00:01.0 offset 0x3e may corrupt adjacent RW1C bits
[    0.209332] pci_bus 0000:00: 2-byte config write to 0000:00:01.0 offset 0x4 may corrupt adjacent RW1C bits
[    0.209342] pci_bus 0000:00: 1-byte config write to 0000:00:01.0 offset 0xc may corrupt adjacent RW1C bits
[    0.209349] PCI: bus0: Fast back to back transfers disabled
[    0.209358] pci 0000:00:01.0: bridge configuration invalid ([bus 00-00]), reconfiguring
[    0.209368] pci_bus 0000:00: 2-byte config write to 0000:00:01.0 offset 0x3e may corrupt adjacent RW1C bits
[    0.209379] pci_bus 0000:00: 2-byte config write to 0000:00:01.0 offset 0x3e may corrupt adjacent RW1C bits
[    0.209389] pci_bus 0000:00: 2-byte config write to 0000:00:01.0 offset 0x3e may corrupt adjacent RW1C bits
[    0.209399] pci_bus 0000:00: 2-byte config write to 0000:00:01.0 offset 0x6 may corrupt adjacent RW1C bits
[    0.209517] pci 0000:01:00.0: [10ec:8168] type 00 class 0x020000
[    0.209544] pci 0000:01:00.0: reg 0x10: [io  0x0000-0x00ff]
[    0.209568] pci 0000:01:00.0: reg 0x18: [mem 0x00000000-0x00000fff 64bit pref]
[    0.209587] pci 0000:01:00.0: reg 0x20: [mem 0x00000000-0x00003fff 64bit pref]
[    0.209600] pci 0000:01:00.0: reg 0x30: [mem 0x00000000-0x0001ffff pref]
[    0.209674] pci 0000:01:00.0: supports D1 D2
[    0.209682] pci 0000:01:00.0: PME# supported from D0 D1 D2 D3hot D3cold
[    0.230854] PCI: bus1: Fast back to back transfers disabled
[    0.230867] pci_bus 0000:01: busn_res: [bus 01-ff] end is updated to 01
[    0.230880] Disabling cpuidle LP2 state, since PCIe IRQs are in use
[    0.230940] pci 0000:00:01.0: BAR 8: assigned [mem 0xa0000000-0xa00fffff]
[    0.230951] pci 0000:00:01.0: BAR 9: assigned [mem 0xa8000000-0xa80fffff 64bit pref]
[    0.230961] pci 0000:00:01.0: BAR 7: assigned [io  0x1000-0x1fff]
[    0.230973] pci 0000:01:00.0: BAR 6: assigned [mem 0xa0000000-0xa001ffff pref]
[    0.230983] pci 0000:01:00.0: BAR 4: assigned [mem 0xa8000000-0xa8003fff 64bit pref]
[    0.231002] pci 0000:01:00.0: BAR 2: assigned [mem 0xa8004000-0xa8004fff 64bit pref]
[    0.231021] pci 0000:01:00.0: BAR 0: assigned [io  0x1000-0x10ff]
[    0.231032] pci 0000:00:01.0: PCI bridge to [bus 01]
[    0.231040] pci 0000:00:01.0:   bridge window [io  0x1000-0x1fff]
[    0.231050] pci 0000:00:01.0:   bridge window [mem 0xa0000000-0xa00fffff]
[    0.231058] pci 0000:00:01.0:   bridge window [mem 0xa8000000-0xa80fffff 64bit pref]
[    0.231081] pci 0000:00:01.0: nv_msi_ht_cap_quirk didn't locate host bridge
[    0.231138] pcieport 0000:00:01.0: enabling device (0140 -> 0143)
[    0.231322] pcieport 0000:00:01.0: Signaling PME with IRQ 295
[    0.237264] tegra-apbdma 6000a000.dma: Tegra20 APB DMA driver register 16 channels
[    0.286140] Serial: 8250/16550 driver, 4 ports, IRQ sharing disabled
[    0.288391] console [ttyS0] disabled
[    0.288428] 70006000.serial: ttyS0 at MMIO 0x70006000 (irq = 279, base_baud = 13500000) is a Tegra
[    1.353648] console [ttyS0] enabled
[    1.357702] SuperH (H)SCI(F) driver initialized
[    1.362946] msm_serial: driver initialized
[    1.367166] STMicroelectronics ASC driver initialized
[    1.376486] tegra-hdmi 54280000.hdmi: 54280000.hdmi supply hdmi not found, using dummy regulator
[    1.387230] [drm] Supports vblank timestamp caching Rev 2 (21.10.2013).
[    1.393852] [drm] No driver support for vblank timestamp query.
[    1.399795] [drm] Cannot find any crtc or sizes - going 1024x768
[    1.421945] Console: switching to colour frame buffer device 128x48
[    1.436619] drm drm: fb0:  frame buffer device
[    1.441111] [drm] Initialized tegra 0.0.0 20120330 for drm on minor 0
[    1.456802] brd: module loaded
[    1.465521] loop: module loaded
[    1.474624] m25p80 spi32766.0: found s25fl008k, expected w25q80bl
[    1.480711] m25p80 spi32766.0: s25fl008k (1024 Kbytes)
[    1.488082] libphy: Fixed MDIO Bus: probed
[    1.493003] CAN device driver interface
[    1.497490] bgmac_bcma: Broadcom 47xx GBit MAC driver loaded
[    1.504155] e1000e: Intel(R) PRO/1000 Network Driver - 3.2.6-k
[    1.509972] e1000e: Copyright(c) 1999 - 2015 Intel Corporation.
[    1.515950] igb: Intel(R) Gigabit Ethernet Network Driver - version 5.4.0-k
[    1.522908] igb: Copyright (c) 2007-2014 Intel Corporation.
[    1.528994] r8169 Gigabit Ethernet driver 2.3LK-NAPI loaded
[    1.534593] r8169 0000:01:00.0: enabling device (0140 -> 0143)
[    1.541253] r8169 0000:01:00.0 eth0: RTL8168d/8111d at 0xf08fc000, 00:01:c0:13:7d:63, XID 081000c0 IRQ 296
[    1.550914] r8169 0000:01:00.0 eth0: jumbo features [frames: 9200 bytes, tx checksumming: ko]
[    1.561559] pegasus: v0.9.3 (2013/04/25), Pegasus/Pegasus II USB Ethernet driver
[    1.568991] usbcore: registered new interface driver pegasus
[    1.574702] usbcore: registered new interface driver asix
[    1.580116] usbcore: registered new interface driver ax88179_178a
[    1.586237] usbcore: registered new interface driver cdc_ether
[    1.592115] usbcore: registered new interface driver smsc75xx
[    1.597886] usbcore: registered new interface driver smsc95xx
[    1.603661] usbcore: registered new interface driver net1080
[    1.609332] usbcore: registered new interface driver cdc_subset
[    1.615287] usbcore: registered new interface driver zaurus
[    1.620910] usbcore: registered new interface driver cdc_ncm
[    1.626825] tegra-phy c5004000.usb-phy: no vbus regulator
[    1.633322] tegra-phy c5008000.usb-phy: no vbus regulator
[    1.640010] ehci_hcd: USB 2.0 'Enhanced' Host Controller (EHCI) Driver
[    1.646541] ehci-pci: EHCI PCI platform driver
[    1.651020] ehci-platform: EHCI generic platform driver
[    1.656384] ehci-orion: EHCI orion driver
[    1.660496] SPEAr-ehci: EHCI SPEAr driver
[    1.664613] ehci-st: EHCI STMicroelectronics driver
[    1.669576] ehci-exynos: EHCI EXYNOS driver
[    1.673881] ehci-atmel: EHCI Atmel driver
[    1.677979] tegra-ehci: Tegra EHCI driver
[    1.742009] ulpi_phy_power_on: ulpi write failed
[    1.746616] tegra-ehci c5004000.usb: Failed to power on the phy
[    1.752551] tegra-ehci: probe of c5004000.usb failed with error -110
[    1.761529] tegra-ehci c5008000.usb: EHCI Host Controller
[    1.766940] tegra-ehci c5008000.usb: new USB bus registered, assigned bus number 1
[    1.774761] tegra-ehci c5008000.usb: irq 290, io mem 0xc5008000
[    1.800824] tegra-ehci c5008000.usb: USB 2.0 started, EHCI 1.00
[    1.807340] hub 1-0:1.0: USB hub found
[    1.811121] hub 1-0:1.0: 1 port detected
[    1.815345] ohci_hcd: USB 1.1 'Open' Host Controller (OHCI) Driver
[    1.821537] ohci-pci: OHCI PCI platform driver
[    1.826017] ohci-platform: OHCI generic platform driver
[    1.831405] ohci-omap3: OHCI OMAP3 driver
[    1.835504] SPEAr-ohci: OHCI SPEAr driver
[    1.839603] ohci-st: OHCI STMicroelectronics driver
[    1.844586] ohci-atmel: OHCI Atmel driver
[    1.849179] usbcore: registered new interface driver usb-storage
[    1.857790] rtc-em3027 2-0056: rtc core: registered rtc-em3027 as rtc0
[    1.865476] tegra_rtc 7000e000.rtc: rtc core: registered 7000e000.rtc as rtc1
[    1.872643] tegra_rtc 7000e000.rtc: Tegra internal Real Time Clock
[    1.879206] i2c /dev entries driver
[    1.891973] sdhci: Secure Digital Host Controller Interface driver
[    1.898138] sdhci: Copyright(c) Pierre Ossman
[    1.903653] Synopsys Designware Multimedia Card Interface Driver
[    1.910566] sdhci-pltfm: SDHCI platform and OF driver helper
[    1.925033] mmc0: Invalid maximum block size, assuming 512 bytes
[    1.990822] mmc0: SDHCI controller on c8000000.sdhci [c8000000.sdhci] using ADMA
[    1.998303] sdhci-tegra c8000600.sdhci: Got CD GPIO
[    2.003201] sdhci-tegra c8000600.sdhci: Got WP GPIO
[    2.016244] mmc1: Invalid maximum block size, assuming 512 bytes
[    2.080923] mmc1: SDHCI controller on c8000600.sdhci [c8000600.sdhci] using ADMA
[    2.089732] ledtrig-cpu: registered to indicate activity on CPUs
[    2.096025] usbcore: registered new interface driver usbhid
[    2.101600] usbhid: USB HID core driver
[    2.108545] NET: Registered protocol family 10
[    2.113966] Segment Routing with IPv6
[    2.117667] sit: IPv6, IPv4 and MPLS over IPv4 tunneling driver
[    2.124091] NET: Registered protocol family 17
[    2.128528] can: controller area network core (rev 20170425 abi 9)
[    2.134755] NET: Registered protocol family 29
[    2.139188] can: raw protocol (rev 20170425)
[    2.143460] can: broadcast manager protocol (rev 20170425 t)
[    2.149107] can: netlink gateway (rev 20170425) max_hops=1
[    2.154913] Key type dns_resolver registered
[    2.159568] ThumbEE CPU extension supported.
[    2.163858] Registering SWP/SWPB emulation handler
[    2.176826] utmi_phy_clk_enable: timeout waiting for phy to stabilize
[    2.180840] usb 1-1: new high-speed USB device number 2 using tegra-ehci
[    2.189988] tegra-ehci c5000000.usb: EHCI Host Controller
[    2.195402] tegra-ehci c5000000.usb: new USB bus registered, assigned bus number 2
[    2.203269] tegra-ehci c5000000.usb: irq 288, io mem 0xc5000000
[    2.299823] mmc1: new high speed SD card at address b368
[    2.305679] mmcblk1: mmc1:b368 NCard 1.83 GiB (ro)
[    2.313068]  mmcblk1: p1 p2
[    2.350846] tegra-ehci c5000000.usb: USB 2.0 started, EHCI 1.00
[    2.357620] hub 2-0:1.0: USB hub found
[    2.361440] hub 2-0:1.0: 1 port detected
[    2.366615] input: gpio-keys as /devices/soc0/gpio-keys/input/input0
[    2.373630] hub 1-1:1.0: USB hub found
[    2.377412] rtc-em3027 2-0056: hctosys: unable to read the hardware clock
[    2.377536] hub 1-1:1.0: 4 ports detected
[    2.389143] Waiting for root device PARTUUID=11eb23c1-01...
[    2.690888] usb 1-1.2: new high-speed USB device number 3 using tegra-ehci
[    3.258727] mmc0: host does not support reading read-only switch, assuming write-enable
[    3.268848] mmc0: new high speed SDHC card at address b368
[    3.275791] mmcblk0: mmc0:b368 NCard 3.70 GiB 
[    3.283733]  mmcblk0: p1
[    3.315638] asix 1-1.2:1.0 eth1: register 'asix' at usb-c5008000.usb-1.2, ASIX AX88772 USB 2.0 Ethernet, 00:60:6e:60:6c:68
[    3.352279] EXT4-fs (mmcblk0p1): mounting ext3 file system using the ext4 subsystem
[    3.383834] random: fast init done
[    3.594199] EXT4-fs (mmcblk0p1): recovery complete
[    3.670333] EXT4-fs (mmcblk0p1): mounted filesystem with ordered data mode. Opts: (null)
[    3.678554] VFS: Mounted root (ext3 filesystem) on device 179:17.
[    3.688815] devtmpfs: mounted
[    3.697461] Freeing unused kernel memory: 2048K
bash: cannot set terminal process group (-1): Inappropriate ioctl for device
bash: no job control in this shell
root@(none):/#  
root@(none):/# mount -t sysfs none /sys
root@(none):/# 
root@(none):/# mount -t debugfs none /sys/kernel/debug
root@(none):/# 
root@(none):/# rtcwake -d rtc1 -m mem -s 3
rtcwake: assuming RTC uses UTC ...
rtcwake: wakeup from "mem" using /dev/rtc1 at Thu Jan  1 00:00:32 1970
[   14.633620] PM: Syncing filesystems ... done.
[   14.679617] Freezing user space processes ... (elapsed 0.001 seconds) done.
[   14.688037] OOM killer disabled.
[   14.691351] Freezing remaining freezable tasks ... (elapsed 0.001 seconds) done.
[   14.700319] Suspending console(s) (use no_console_suspend to debug)
[   14.746922] pci_generic_config_write32: 38 callbacks suppressed
[   14.746967] pci_bus 0000:00: 2-byte config write to 0000:00:01.0 offset 0x9c may corrupt adjacent RW1C bits
[   14.759444] PM: suspend of devices complete after 50.341 msecs
[   14.764444] PM: late suspend of devices complete after 4.967 msecs
[   14.768523] pci_bus 0000:01: 2-byte config write to 0000:01:00.0 offset 0x44 may corrupt adjacent RW1C bits
[   14.768586] pci_bus 0000:01: 2-byte config write to 0000:01:00.0 offset 0x44 may corrupt adjacent RW1C bits
[   14.791451] PM: noirq suspend of devices complete after 26.975 msecs
[   14.791465] Disabling non-boot CPUs ...
[   14.793022] IRQ294 no longer affine to CPU1
[   14.860687] Entering suspend state LP1
[   14.860687] Suspended for 2.270 seconds
[   14.860782] Enabling non-boot CPUs ...
[   14.890473] CPU1 is up
[   14.891528] pci_bus 0000:00: 2-byte config write to 0000:00:01.0 offset 0x4c may corrupt adjacent RW1C bits
[   14.891575] pci_bus 0000:00: 2-byte config write to 0000:00:01.0 offset 0x88 may corrupt adjacent RW1C bits
[   14.891606] pci_bus 0000:00: 2-byte config write to 0000:00:01.0 offset 0x90 may corrupt adjacent RW1C bits
[   14.891634] pci_bus 0000:00: 2-byte config write to 0000:00:01.0 offset 0x98 may corrupt adjacent RW1C bits
[   14.891660] pci_bus 0000:00: 2-byte config write to 0000:00:01.0 offset 0x9c may corrupt adjacent RW1C bits
[   14.891740] pci_bus 0000:00: 2-byte config write to 0000:00:01.0 offset 0x52 may corrupt adjacent RW1C bits
[   14.891771] pci_bus 0000:00: 2-byte config write to 0000:00:01.0 offset 0x52 may corrupt adjacent RW1C bits
[   14.891848] pcieport 0000:00:01.0: nv_msi_ht_cap_quirk didn't locate host bridge
[   14.921206] PM: noirq resume of devices complete after 30.700 msecs
[   14.924793] PM: early resume of devices complete after 3.011 msecs
[   15.469845] PM: resume of devices complete after 545.018 msecs
[   15.642421] OOM killer enabled.
[   15.645549] Restarting tasks ... done.
root@(none):/# 
root@(none):/# rtcwake -d rtc1 -m mem -s 3
rtcwake: assuming RTC uses UTC ...
rtcwake: wakeup from "mem" using /dev/rtc1 at Thu Jan  1 00:00:37 1970
[   16.445390] PM: Syncing filesystems ... done.
[   16.490493] Freezing user space processes ... (elapsed 0.001 seconds) done.
[   16.499009] OOM killer disabled.
[   16.502330] Freezing remaining freezable tasks ... (elapsed 0.001 seconds) done.
[   16.511397] Suspending console(s) (use no_console_suspend to debug)
[   16.568459] PM: suspend of devices complete after 48.336 msecs
[   16.573558] PM: late suspend of devices complete after 5.067 msecs
[   16.601394] PM: noirq suspend of devices complete after 27.803 msecs
[   16.601407] Disabling non-boot CPUs ...
[   16.602810] IRQ294 no longer affine to CPU1
[   16.639340] Entering suspend state LP1
[   16.639340] Suspended for 3.221 seconds
[   16.639389] Enabling non-boot CPUs ...
[   16.670392] CPU1 is up
[   16.671377] pcieport 0000:00:01.0: nv_msi_ht_cap_quirk didn't locate host bridge
[   16.701122] PM: noirq resume of devices complete after 30.695 msecs
[   16.704632] PM: early resume of devices complete after 2.935 msecs
[   17.249915] PM: resume of devices complete after 545.249 msecs
[   17.319399] OOM killer enabled.
[   17.322537] Restarting tasks ... done.
root@(none):/# 
root@(none):/# rtcwake -d rtc1 -m mem -s 3
rtcwake: assuming RTC uses UTC ...
rtcwake: wakeup from "mem" using /dev/rtc1 at Thu Jan  1 00:00:42 1970
[   18.225452] PM: Syncing filesystems ... done.
[   18.270522] Freezing user space processes ... (elapsed 0.001 seconds) done.
[   18.279059] OOM killer disabled.
[   18.282381] Freezing remaining freezable tasks ... (elapsed 0.001 seconds) done.
[   18.291472] Suspending console(s) (use no_console_suspend to debug)
[   18.348573] PM: suspend of devices complete after 48.374 msecs
[   18.353460] PM: late suspend of devices complete after 4.854 msecs
[   18.381283] PM: noirq suspend of devices complete after 27.790 msecs
[   18.381296] Disabling non-boot CPUs ...
[   18.382826] IRQ294 no longer affine to CPU1
[   18.429250] Entering suspend state LP1
[   18.429250] Suspended for 3.210 seconds
[   18.429299] Enabling non-boot CPUs ...
[   18.460280] CPU1 is up
[   18.462994] pcieport 0000:00:01.0: nv_msi_ht_cap_quirk didn't locate host bridge
[   18.490882] PM: noirq resume of devices complete after 30.567 msecs
[   18.494366] PM: early resume of devices complete after 2.915 msecs
[   19.029493] PM: resume of devices complete after 535.094 msecs
[   19.098881] OOM killer enabled.
[   19.102019] Restarting tasks ... done.
root@(none):/# 
root@(none):/# rtcwake -d rtc1 -m mem -s 3
rtcwake: assuming RTC uses UTC ...
rtcwake: wakeup from "mem" using /dev/rtc1 at Thu Jan  1 00:00:47 1970
[   20.015218] PM: Syncing filesystems ... done.
[   20.060347] Freezing user space processes ... (elapsed 0.001 seconds) done.
[   20.068904] OOM killer disabled.
[   20.072257] Freezing remaining freezable tasks ... (elapsed 0.001 seconds) done.
[   20.081324] Suspending console(s) (use no_console_suspend to debug)
[   20.125357] pci_generic_config_write32: 65 callbacks suppressed
[   20.125403] pci_bus 0000:00: 2-byte config write to 0000:00:01.0 offset 0x9c may corrupt adjacent RW1C bits
[   20.137792] PM: suspend of devices complete after 47.812 msecs
[   20.142684] PM: late suspend of devices complete after 4.860 msecs
[   20.146847] pci_bus 0000:01: 2-byte config write to 0000:01:00.0 offset 0x44 may corrupt adjacent RW1C bits
[   20.146905] pci_bus 0000:01: 2-byte config write to 0000:01:00.0 offset 0x44 may corrupt adjacent RW1C bits
[   20.171220] PM: noirq suspend of devices complete after 28.504 msecs
[   20.171233] Disabling non-boot CPUs ...
[   20.172635] IRQ294 no longer affine to CPU1
[   20.209175] Entering suspend state LP1
[   20.209175] Suspended for 3.219 seconds
[   20.209223] Enabling non-boot CPUs ...
[   20.240278] CPU1 is up
[   20.241691] pci_bus 0000:00: 2-byte config write to 0000:00:01.0 offset 0x4c may corrupt adjacent RW1C bits
[   20.241739] pci_bus 0000:00: 2-byte config write to 0000:00:01.0 offset 0x88 may corrupt adjacent RW1C bits
[   20.241768] pci_bus 0000:00: 2-byte config write to 0000:00:01.0 offset 0x90 may corrupt adjacent RW1C bits
[   20.241797] pci_bus 0000:00: 2-byte config write to 0000:00:01.0 offset 0x98 may corrupt adjacent RW1C bits
[   20.241825] pci_bus 0000:00: 2-byte config write to 0000:00:01.0 offset 0x9c may corrupt adjacent RW1C bits
[   20.241905] pci_bus 0000:00: 2-byte config write to 0000:00:01.0 offset 0x52 may corrupt adjacent RW1C bits
[   20.241936] pci_bus 0000:00: 2-byte config write to 0000:00:01.0 offset 0x52 may corrupt adjacent RW1C bits
[   20.242012] pcieport 0000:00:01.0: nv_msi_ht_cap_quirk didn't locate host bridge
[   20.270940] PM: noirq resume of devices complete after 30.629 msecs
[   20.274490] PM: early resume of devices complete after 2.974 msecs
[   20.819433] PM: resume of devices complete after 544.911 msecs
[   20.991986] OOM killer enabled.
[   20.995114] Restarting tasks ... done.
root@(none):/# 
root@(none):/# rtcwake -d rtc1 -m mem -s 3
rtcwake: assuming RTC uses UTC ...
rtcwake: wakeup from "mem" using /dev/rtc1 at Thu Jan  1 00:00:52 1970
[   21.795068] PM: Syncing filesystems ... done.
[   21.840144] Freezing user space processes ... (elapsed 0.001 seconds) done.
[   21.848594] OOM killer disabled.
[   21.851914] Freezing remaining freezable tasks ... (elapsed 0.001 seconds) done.
[   21.861008] Suspending console(s) (use no_console_suspend to debug)
[   21.918173] PM: suspend of devices complete after 48.447 msecs
[   21.923061] PM: late suspend of devices complete after 4.855 msecs
[   21.951133] PM: noirq suspend of devices complete after 28.040 msecs
[   21.951146] Disabling non-boot CPUs ...
[   21.952550] IRQ294 no longer affine to CPU1
[   21.989052] Entering suspend state LP1
[   21.989052] Suspended for 3.220 seconds
[   21.989101] Enabling non-boot CPUs ...
[   22.020109] CPU1 is up
[   22.021088] pcieport 0000:00:01.0: nv_msi_ht_cap_quirk didn't locate host bridge
[   22.050861] PM: noirq resume of devices complete after 30.717 msecs
[   22.054408] PM: early resume of devices complete after 2.976 msecs
[   22.599412] PM: resume of devices complete after 544.971 msecs
[   22.668786] OOM killer enabled.
[   22.671924] Restarting tasks ... done.
root@(none):/# 
root@(none):/# rtcwake -d rtc1 -m mem -s 3
rtcwake: assuming RTC uses UTC ...
rtcwake: wakeup from "mem" using /dev/rtc1 at Thu Jan  1 00:00:57 1970
[   23.575014] PM: Syncing filesystems ... done.
[   23.620093] Freezing user space processes ... (elapsed 0.001 seconds) done.
[   23.628543] OOM killer disabled.
[   23.631866] Freezing remaining freezable tasks ... (elapsed 0.001 seconds) done.
[   23.640958] Suspending console(s) (use no_console_suspend to debug)
[   23.698284] PM: suspend of devices complete after 48.630 msecs
[   23.703268] PM: late suspend of devices complete after 4.951 msecs
[   23.731045] PM: noirq suspend of devices complete after 27.745 msecs
[   23.731059] Disabling non-boot CPUs ...
[   23.732449] IRQ294 no longer affine to CPU1
[   23.768963] Entering suspend state LP1
[   23.768963] Suspended for 3.220 seconds
[   23.769012] Enabling non-boot CPUs ...
[   23.800078] CPU1 is up
[   23.801663] pcieport 0000:00:01.0: nv_msi_ht_cap_quirk didn't locate host bridge
[   23.830763] PM: noirq resume of devices complete after 30.651 msecs
[   23.834311] PM: early resume of devices complete after 2.974 msecs
[   24.379085] PM: resume of devices complete after 544.741 msecs
[   24.448538] OOM killer enabled.
[   24.451677] Restarting tasks ... done.
root@(none):/# 
root@(none):/# rtcwake -d rtc1 -m mem -s 3
rtcwake: assuming RTC uses UTC ...
rtcwake: wakeup from "mem" using /dev/rtc1 at Thu Jan  1 00:01:02 1970
[   25.354838] PM: Syncing filesystems ... done.
[   25.399941] Freezing user space processes ... (elapsed 0.001 seconds) done.
[   25.408396] OOM killer disabled.
[   25.411750] Freezing remaining freezable tasks ... (elapsed 0.001 seconds) done.
[   25.420654] Suspending console(s) (use no_console_suspend to debug)
[   25.455251] pci_generic_config_write32: 65 callbacks suppressed
[   25.455295] pci_bus 0000:00: 2-byte config write to 0000:00:01.0 offset 0x9c may corrupt adjacent RW1C bits
[   25.467698] PM: suspend of devices complete after 39.589 msecs
[   25.472592] PM: late suspend of devices complete after 4.863 msecs
[   25.476676] pci_bus 0000:01: 2-byte config write to 0000:01:00.0 offset 0x44 may corrupt adjacent RW1C bits
[   25.476733] pci_bus 0000:01: 2-byte config write to 0000:01:00.0 offset 0x44 may corrupt adjacent RW1C bits
[   25.500937] PM: noirq suspend of devices complete after 28.314 msecs
[   25.500950] Disabling non-boot CPUs ...
[   25.502480] IRQ294 no longer affine to CPU1
[   25.548882] Entering suspend state LP1
[   25.548882] Suspended for 3.219 seconds
[   25.548929] Enabling non-boot CPUs ...
[   25.579967] CPU1 is up
[   25.581409] pci_bus 0000:00: 2-byte config write to 0000:00:01.0 offset 0x4c may corrupt adjacent RW1C bits
[   25.581456] pci_bus 0000:00: 2-byte config write to 0000:00:01.0 offset 0x88 may corrupt adjacent RW1C bits
[   25.581486] pci_bus 0000:00: 2-byte config write to 0000:00:01.0 offset 0x90 may corrupt adjacent RW1C bits
[   25.581514] pci_bus 0000:00: 2-byte config write to 0000:00:01.0 offset 0x98 may corrupt adjacent RW1C bits
[   25.581540] pci_bus 0000:00: 2-byte config write to 0000:00:01.0 offset 0x9c may corrupt adjacent RW1C bits
[   25.581621] pci_bus 0000:00: 2-byte config write to 0000:00:01.0 offset 0x52 may corrupt adjacent RW1C bits
[   25.581656] pci_bus 0000:00: 2-byte config write to 0000:00:01.0 offset 0x52 may corrupt adjacent RW1C bits
[   25.581733] pcieport 0000:00:01.0: nv_msi_ht_cap_quirk didn't locate host bridge
[   25.610678] PM: noirq resume of devices complete after 30.678 msecs
[   25.614308] PM: early resume of devices complete after 3.055 msecs
[   26.159262] PM: resume of devices complete after 544.919 msecs
[   26.331827] OOM killer enabled.
[   26.334955] Restarting tasks ... done.
root@(none):/# 
root@(none):/# rtcwake -d rtc1 -m mem -s 3
rtcwake: assuming RTC uses UTC ...
rtcwake: wakeup from "mem" using /dev/rtc1 at Thu Jan  1 00:01:07 1970
[   27.134912] PM: Syncing filesystems ... done.
[   27.179976] Freezing user space processes ... (elapsed 0.001 seconds) done.
[   27.188516] OOM killer disabled.
[   27.191839] Freezing remaining freezable tasks ... (elapsed 0.001 seconds) done.
[   27.200931] Suspending console(s) (use no_console_suspend to debug)
[   27.258309] PM: suspend of devices complete after 48.755 msecs
[   27.263172] PM: late suspend of devices complete after 4.831 msecs
[   27.290849] PM: noirq suspend of devices complete after 27.644 msecs
[   27.290862] Disabling non-boot CPUs ...
[   27.292399] IRQ294 no longer affine to CPU1
[   27.338787] Entering suspend state LP1
[   27.338787] Suspended for 3.210 seconds
[   27.338835] Enabling non-boot CPUs ...
[   27.369890] CPU1 is up
[   27.371420] pcieport 0000:00:01.0: nv_msi_ht_cap_quirk didn't locate host bridge
[   27.400595] PM: noirq resume of devices complete after 30.670 msecs
[   27.404183] PM: early resume of devices complete after 3.013 msecs
[   27.949147] PM: resume of devices complete after 544.931 msecs
[   28.018524] OOM killer enabled.
[   28.021662] Restarting tasks ... done.
root@(none):/# 
root@(none):/# rtcwake -d rtc1 -m mem -s 3
rtcwake: assuming RTC uses UTC ...
rtcwake: wakeup from "mem" using /dev/rtc1 at Thu Jan  1 00:01:12 1970
[   28.924846] PM: Syncing filesystems ... done.
[   28.969954] Freezing user space processes ... (elapsed 0.001 seconds) done.
[   28.978495] OOM killer disabled.
[   28.981818] Freezing remaining freezable tasks ... (elapsed 0.001 seconds) done.
[   28.990905] Suspending console(s) (use no_console_suspend to debug)
[   29.048212] PM: suspend of devices complete after 48.621 msecs
[   29.053242] PM: late suspend of devices complete after 4.998 msecs
[   29.080760] PM: noirq suspend of devices complete after 27.485 msecs
[   29.080773] Disabling non-boot CPUs ...
[   29.082297] IRQ294 no longer affine to CPU1
[   29.128794] Entering suspend state LP1
[   29.128794] Suspended for 3.209 seconds
[   29.128841] Enabling non-boot CPUs ...
[   29.159811] CPU1 is up
[   29.161306] pcieport 0000:00:01.0: nv_msi_ht_cap_quirk didn't locate host bridge
[   29.190525] PM: noirq resume of devices complete after 30.680 msecs
[   29.194073] PM: early resume of devices complete after 2.971 msecs
[   29.739237] PM: resume of devices complete after 545.131 msecs
[   29.808673] OOM killer enabled.
[   29.811811] Restarting tasks ... done.
root@(none):/# 
root@(none):/# rtcwake -d rtc1 -m mem -s 3
rtcwake: assuming RTC uses UTC ...
rtcwake: wakeup from "mem" using /dev/rtc1 at Thu Jan  1 00:01:17 1970
[   30.714936] PM: Syncing filesystems ... done.
[   30.759997] Freezing user space processes ... (elapsed 0.001 seconds) done.
[   30.768528] OOM killer disabled.
[   30.771852] Freezing remaining freezable tasks ... (elapsed 0.001 seconds) done.
[   30.780940] Suspending console(s) (use no_console_suspend to debug)
[   30.826541] pci_generic_config_write32: 65 callbacks suppressed
[   30.826586] pci_bus 0000:00: 2-byte config write to 0000:00:01.0 offset 0x9c may corrupt adjacent RW1C bits
[   30.838393] PM: suspend of devices complete after 48.832 msecs
[   30.843493] PM: late suspend of devices complete after 5.068 msecs
[   30.847658] pci_bus 0000:01: 2-byte config write to 0000:01:00.0 offset 0x44 may corrupt adjacent RW1C bits
[   30.847715] pci_bus 0000:01: 2-byte config write to 0000:01:00.0 offset 0x44 may corrupt adjacent RW1C bits
[   30.870726] PM: noirq suspend of devices complete after 27.200 msecs
[   30.870739] Disabling non-boot CPUs ...
[   30.872137] IRQ294 no longer affine to CPU1
[   30.908657] Entering suspend state LP1
[   30.908657] Suspended for 3.220 seconds
[   30.908706] Enabling non-boot CPUs ...
[   30.939726] CPU1 is up
[   30.941116] pci_bus 0000:00: 2-byte config write to 0000:00:01.0 offset 0x4c may corrupt adjacent RW1C bits
[   30.941163] pci_bus 0000:00: 2-byte config write to 0000:00:01.0 offset 0x88 may corrupt adjacent RW1C bits
[   30.941193] pci_bus 0000:00: 2-byte config write to 0000:00:01.0 offset 0x90 may corrupt adjacent RW1C bits
[   30.941221] pci_bus 0000:00: 2-byte config write to 0000:00:01.0 offset 0x98 may corrupt adjacent RW1C bits
[   30.941248] pci_bus 0000:00: 2-byte config write to 0000:00:01.0 offset 0x9c may corrupt adjacent RW1C bits
[   30.941328] pci_bus 0000:00: 2-byte config write to 0000:00:01.0 offset 0x52 may corrupt adjacent RW1C bits
[   30.941362] pci_bus 0000:00: 2-byte config write to 0000:00:01.0 offset 0x52 may corrupt adjacent RW1C bits
[   30.941438] pcieport 0000:00:01.0: nv_msi_ht_cap_quirk didn't locate host bridge
[   30.970440] PM: noirq resume of devices complete after 30.681 msecs
[   30.974001] PM: early resume of devices complete after 2.989 msecs
[   31.518876] PM: resume of devices complete after 544.842 msecs
[   31.691386] OOM killer enabled.
[   31.694514] Restarting tasks ... done.
root@(none):/# 
root@(none):/# NVTB SYSTEM SUSPEND TEST COMPLETE
