[    0.000000] Booting Linux on physical CPU 0x0
[    0.000000] Linux version 4.10.0-167705-gc470abd (pwalmsley@tamien) (gcc version 4.9.2 20140904 (prerelease) (crosstool-NG linaro-1.13.1-4.9-2014.09 - Linaro GCC 4.9-2014.09) ) #1 SMP PREEMPT Sun Feb 19 15:07:18 PST 2017
[    0.000000] Boot CPU: AArch64 Processor [411fd070]
[    0.000000] Memory limited to 1024MB
[    0.000000] efi: Getting EFI parameters from FDT:
[    0.000000] efi: UEFI not found.
[    0.000000] cma: Reserved 16 MiB at 0x000000007f000000
[    0.000000] psci: probing for conduit method from DT.
[    0.000000] psci: PSCIv0.2 detected in firmware.
[    0.000000] psci: Using standard PSCI v0.2 function IDs
[    0.000000] psci: Trusted OS migration not required
[    0.000000] percpu: Embedded 21 pages/cpu @ffff80003efd5000 s48128 r8192 d29696 u86016
[    0.000000] Detected PIPT I-cache on CPU0
[    0.000000] CPU features: enabling workaround for ARM erratum 832075
[    0.000000] CPU features: enabling workaround for ARM erratum 834220
[    0.000000] Built 1 zonelists in Zone order, mobility grouping on.  Total pages: 258048
[    0.000000] Kernel command line: root=/dev/vda2 rw rootwait mem=1024M console=ttyAMA0,38400n8 init=/bin/bash
[    0.000000] PID hash table entries: 4096 (order: 3, 32768 bytes)
[    0.000000] Dentry cache hash table entries: 131072 (order: 8, 1048576 bytes)
[    0.000000] Inode-cache hash table entries: 65536 (order: 7, 524288 bytes)
[    0.000000] Memory: 998944K/1048576K available (8508K kernel code, 946K rwdata, 4108K rodata, 1024K init, 393K bss, 33248K reserved, 16384K cma-reserved)
[    0.000000] Virtual kernel memory layout:
[    0.000000]     modules : 0xffff000000000000 - 0xffff000008000000   (   128 MB)
[    0.000000]     vmalloc : 0xffff000008000000 - 0xffff7dffbfff0000   (129022 GB)
[    0.000000]       .text : 0xffff000008080000 - 0xffff0000088d0000   (  8512 KB)
[    0.000000]     .rodata : 0xffff0000088d0000 - 0xffff000008ce0000   (  4160 KB)
[    0.000000]       .init : 0xffff000008ce0000 - 0xffff000008de0000   (  1024 KB)
[    0.000000]       .data : 0xffff000008de0000 - 0xffff000008ecca00   (   947 KB)
[    0.000000]        .bss : 0xffff000008ecca00 - 0xffff000008f2ee50   (   394 KB)
[    0.000000]     fixed   : 0xffff7dfffe7fd000 - 0xffff7dfffec00000   (  4108 KB)
[    0.000000]     PCI I/O : 0xffff7dfffee00000 - 0xffff7dffffe00000   (    16 MB)
[    0.000000]     vmemmap : 0xffff7e0000000000 - 0xffff800000000000   (  2048 GB maximum)
[    0.000000]               0xffff7e0000000000 - 0xffff7e0001000000   (    16 MB actual)
[    0.000000]     memory  : 0xffff800000000000 - 0xffff800040000000   (  1024 MB)
[    0.000000] SLUB: HWalign=64, Order=0-3, MinObjects=0, CPUs=1, Nodes=1
[    0.000000] Preemptible hierarchical RCU implementation.
[    0.000000] 	Build-time adjustment of leaf fanout to 64.
[    0.000000] 	RCU restricting CPUs from NR_CPUS=64 to nr_cpu_ids=1.
[    0.000000] RCU: Adjusting geometry for rcu_fanout_leaf=64, nr_cpu_ids=1
[    0.000000] NR_IRQS:64 nr_irqs:64 0
[    0.000000] GICv2m: range[mem 0x08020000-0x08020fff], SPI[80:143]
[    0.000000] arm_arch_timer: WARNING: Invalid trigger for IRQ3, assuming level low
[    0.000000] arm_arch_timer: WARNING: Please fix your firmware
[    0.000000] arm_arch_timer: Architected cp15 timer(s) running at 62.50MHz (virt).
[    0.000000] clocksource: arch_sys_counter: mask: 0xffffffffffffff max_cycles: 0x1cd42e208c, max_idle_ns: 881590405314 ns
[    0.000173] sched_clock: 56 bits at 62MHz, resolution 16ns, wraps every 4398046511096ns
[    0.006972] Console: colour dummy device 80x25
[    0.007724] Calibrating delay loop (skipped), value calculated using timer frequency.. 125.00 BogoMIPS (lpj=250000)
[    0.007898] pid_max: default: 32768 minimum: 301
[    0.008725] Security Framework initialized
[    0.009430] Mount-cache hash table entries: 2048 (order: 2, 16384 bytes)
[    0.009477] Mountpoint-cache hash table entries: 2048 (order: 2, 16384 bytes)
[    0.048502] ASID allocator initialised with 65536 entries
[    0.072242] EFI services will not be available.
[    0.087163] smp: Bringing up secondary CPUs ...
[    0.087312] smp: Brought up 1 node, 1 CPU
[    0.087371] SMP: Total of 1 processors activated.
[    0.087517] CPU features: detected feature: 32-bit EL0 Support
[    0.088248] CPU: All CPU(s) started at EL1
[    0.089207] alternatives: patching kernel code
[    0.107566] devtmpfs: initialized
[    0.121444] DMI not present or invalid.
[    0.123394] clocksource: jiffies: mask: 0xffffffff max_cycles: 0xffffffff, max_idle_ns: 7645041785100000 ns
[    0.123523] futex hash table entries: 256 (order: 3, 32768 bytes)
[    0.127153] pinctrl core: initialized pinctrl subsystem
[    0.165980] NET: Registered protocol family 16
[    0.192341] cpuidle: using governor menu
[    0.193729] vdso: 2 pages (1 code @ ffff0000088d7000, 1 data @ ffff000008de5000)
[    0.194207] hw-breakpoint: found 6 breakpoint and 4 watchpoint registers.
[    0.206758] DMA: preallocated 256 KiB pool for atomic allocations
[    0.211199] Serial: AMBA PL011 UART driver
[    0.279359] 9000000.pl011: ttyAMA0 at MMIO 0x9000000 (irq = 39, base_baud = 0) is a PL011 rev1
[    0.302948] console [ttyAMA0] enabled
[    0.309779] irq: type mismatch, failed to map hwirq-27 for /intc!
[    0.479052] HugeTLB registered 2 MB page size, pre-allocated 0 pages
[    0.499417] ACPI: Interpreter disabled.
[    0.511425] vgaarb: loaded
[    0.515301] SCSI subsystem initialized
[    0.525343] usbcore: registered new interface driver usbfs
[    0.527811] usbcore: registered new interface driver hub
[    0.528645] usbcore: registered new device driver usb
[    0.532907] pps_core: LinuxPPS API ver. 1 registered
[    0.533156] pps_core: Software ver. 5.3.6 - Copyright 2005-2007 Rodolfo Giometti <giometti@linux.it>
[    0.537814] PTP clock support registered
[    0.542005] dmi: Firmware registration failed.
[    0.549009] Advanced Linux Sound Architecture Driver Initialized.
[    0.571182] clocksource: Switched to clocksource arch_sys_counter
[    0.576719] VFS: Disk quotas dquot_6.6.0
[    0.577525] VFS: Dquot-cache hash table entries: 512 (order 0, 4096 bytes)
[    0.582382] pnp: PnP ACPI: disabled
[    0.670114] NET: Registered protocol family 2
[    0.678225] TCP established hash table entries: 8192 (order: 4, 65536 bytes)
[    0.678891] TCP bind hash table entries: 8192 (order: 5, 131072 bytes)
[    0.679980] TCP: Hash tables configured (established 8192 bind 8192)
[    0.681162] UDP hash table entries: 512 (order: 2, 16384 bytes)
[    0.681683] UDP-Lite hash table entries: 512 (order: 2, 16384 bytes)
[    0.684310] NET: Registered protocol family 1
[    0.696505] RPC: Registered named UNIX socket transport module.
[    0.696835] RPC: Registered udp transport module.
[    0.697081] RPC: Registered tcp transport module.
[    0.697312] RPC: Registered tcp NFSv4.1 backchannel transport module.
[    0.704487] kvm [1]: HYP mode not available
[    0.724304] audit: initializing netlink subsys (disabled)
[    0.727464] audit: type=2000 audit(0.688:1): initialized
[    0.736004] workingset: timestamp_bits=46 max_order=18 bucket_order=0
[    0.821149] squashfs: version 4.0 (2009/01/31) Phillip Lougher
[    0.832665] NFS: Registering the id_resolver key type
[    0.833697] Key type id_resolver registered
[    0.833940] Key type id_legacy registered
[    0.834260] nfs4filelayout_init: NFSv4 File Layout Driver Registering...
[    0.836775] 9p: Installing v9fs 9p2000 file system support
[    0.853747] Block layer SCSI generic (bsg) driver version 0.4 loaded (major 247)
[    0.854261] io scheduler noop registered
[    0.856555] io scheduler cfq registered (default)
[    0.894484] pl061_gpio 9030000.pl061: PL061 GPIO chip @0x0000000009030000 registered
[    0.906053] OF: PCI: host bridge /pcie@10000000 ranges:
[    0.906786] OF: PCI:    IO 0x3eff0000..0x3effffff -> 0x00000000
[    0.908511] OF: PCI:   MEM 0x10000000..0x3efeffff -> 0x10000000
[    0.908849] OF: PCI:   MEM 0x8000000000..0xffffffffff -> 0x8000000000
[    0.909865] pci-host-generic 3f000000.pcie: ECAM at [mem 0x3f000000-0x3fffffff] for [bus 00-0f]
[    0.912414] pci-host-generic 3f000000.pcie: PCI host bridge to bus 0000:00
[    0.912946] pci_bus 0000:00: root bus resource [bus 00-0f]
[    0.913297] pci_bus 0000:00: root bus resource [io  0x0000-0xffff]
[    0.913604] pci_bus 0000:00: root bus resource [mem 0x10000000-0x3efeffff]
[    0.913928] pci_bus 0000:00: root bus resource [mem 0x8000000000-0xffffffffff]
[    0.976446] xenfs: not registering filesystem on non-xen platform
[    1.021113] Serial: 8250/16550 driver, 4 ports, IRQ sharing enabled
[    1.037651] SuperH (H)SCI(F) driver initialized
[    1.041227] msm_serial: driver initialized
[    1.046215] cacheinfo: Unable to detect cache hierarchy for CPU 0
[    1.108919] loop: module loaded
[    1.161179]  vda: vda1 vda2
[    1.177514] hisi_sas: driver version v1.6
[    1.208573] libphy: Fixed MDIO Bus: probed
[    1.213608] tun: Universal TUN/TAP device driver, 1.6
[    1.213863] tun: (C) 1999-2004 Max Krasnyansky <maxk@qualcomm.com>
[    1.236254] e1000e: Intel(R) PRO/1000 Network Driver - 3.2.6-k
[    1.236550] e1000e: Copyright(c) 1999 - 2015 Intel Corporation.
[    1.237815] igb: Intel(R) Gigabit Ethernet Network Driver - version 5.4.0-k
[    1.238156] igb: Copyright (c) 2007-2014 Intel Corporation.
[    1.239596] igbvf: Intel(R) Gigabit Virtual Function Network Driver - version 2.4.0-k
[    1.239977] igbvf: Copyright (c) 2009 - 2012 Intel Corporation.
[    1.240729] sky2: driver version 1.30
[    1.246277] VFIO - User Level meta-driver version: 0.3
[    1.264782] ehci_hcd: USB 2.0 'Enhanced' Host Controller (EHCI) Driver
[    1.265168] ehci-pci: EHCI PCI platform driver
[    1.265928] ehci-platform: EHCI generic platform driver
[    1.267962] ehci-exynos: EHCI EXYNOS driver
[    1.269434] ehci-msm: Qualcomm On-Chip EHCI Host Controller
[    1.270705] ohci_hcd: USB 1.1 'Open' Host Controller (OHCI) Driver
[    1.271720] ohci-pci: OHCI PCI platform driver
[    1.272761] ohci-platform: OHCI generic platform driver
[    1.273803] ohci-exynos: OHCI EXYNOS driver
[    1.279749] usbcore: registered new interface driver usb-storage
[    1.291978] mousedev: PS/2 mouse device common for all mice
[    1.303914] rtc-pl031 9010000.pl031: rtc core: registered pl031 as rtc0
[    1.310325] i2c /dev entries driver
[    1.340961] sdhci: Secure Digital Host Controller Interface driver
[    1.341285] sdhci: Copyright(c) Pierre Ossman
[    1.345276] Synopsys Designware Multimedia Card Interface Driver
[    1.352681] sdhci-pltfm: SDHCI platform and OF driver helper
[    1.361126] ledtrig-cpu: registered to indicate activity on CPUs
[    1.374285] usbcore: registered new interface driver usbhid
[    1.374571] usbhid: USB HID core driver
[    1.393389] NET: Registered protocol family 17
[    1.395870] 9pnet: Installing 9P2000 support
[    1.396681] Key type dns_resolver registered
[    1.401345] registered taskstats version 1
[    1.411372] input: gpio-keys as /devices/platform/gpio-keys/input/input0
[    1.415412] rtc-pl031 9010000.pl031: setting system clock to 2017-02-19 23:08:01 UTC (1487545681)
[    1.416804] ALSA device list:
[    1.417002]   No soundcards found.
[    1.421433] uart-pl011 9000000.pl011: no DMA platform data
[    1.428380] EXT4-fs (vda2): couldn't mount as ext3 due to feature incompatibilities
[    1.483911] EXT4-fs (vda2): recovery complete
[    1.484684] EXT4-fs (vda2): mounted filesystem with ordered data mode. Opts: (null)
[    1.485296] VFS: Mounted root (ext4 filesystem) on device 254:2.
[    1.488554] devtmpfs: mounted
[    1.531337] Freeing unused kernel memory: 1024K
bash: cannot set terminal process group (-1): Inappropriate ioctl for device
bash: no job control in this shell
bash-4.3# 