
U-Boot SPL 2014.01-00219-gc4d376f (Feb 18 2014 - 19:57:18)


U-Boot 2014.01-00219-gc4d376f (Feb 18 2014 - 19:57:18)

TEGRA30
Board: NVIDIA Beaver
I2C:   ready
DRAM:  2 GiB
MMC:   Tegra SD/MMC: 0, Tegra SD/MMC: 1
In:    serial
Out:   serial
Err:   serial
Net:   Net Initialization Skipped
No ethernet found.
Hit any key to stop autoboot:  2  0 
Tegra30 (Beaver) # 
Tegra30 (Beaver) # usb reset
(Re)start USB...
USB0:   USB EHCI 1.00
scanning bus 0 for devices... 2 USB Device(s) found
       scanning usb for storage devices... 0 Storage Device(s) found
       scanning usb for ethernet devices... 
Warning: asx0 using MAC address from net device
1 Ethernet Device(s) found
Tegra30 (Beaver) # setenv bootargs 'ignore_loglevel console=ttyS0,115200n8 rw root=PARTUUID=edbe1840-3633-c751-7993-b0ac834f81e0 rootwait gpt debug noinitrd earlyprintk init=/bin/bash'
Tegra30 (Beaver) # setenv ipaddr 192.168.100.101; setenv serverip 192.168.100.1; setenv tftpserverip 192.168.100.1
Tegra30 (Beaver) # tftpboot 0x81000000 zImage.multi_v7_defconfig
Using asx0 device
TFTP from server 192.168.100.1; our IP address is 192.168.100.101
Filename 'zImage.multi_v7_defconfig'.
Load address: 0x81000000
Loading: *#################################################################
	 #################################################################
	 #################################################################
	 #################################################################
	 #################################################################
	 #################################################################
	 #################################################################
	 #################
	 3.3 MiB/s
done
Bytes transferred = 6918656 (699200 hex)
Tegra30 (Beaver) # tftpboot 0x82000000 tegra30-beaver.dtb
Using asx0 device
TFTP from server 192.168.100.1; our IP address is 192.168.100.101
Filename 'tegra30-beaver.dtb'.
Load address: 0x82000000
Loading: *####
	 3.3 MiB/s
done
Bytes transferred = 51467 (c90b hex)
Tegra30 (Beaver) # bootz 0x81000000 - 0x82000000
Kernel image @ 0x81000000 [ 0x000000 - 0x699200 ]
## Flattened Device Tree blob at 82000000
   Booting using the fdt blob at 0x82000000
   Loading Device Tree to 8fff0000, end 8ffff90a ... OK

Starting kernel ...

[    0.000000] Booting Linux on physical CPU 0x0
[    0.000000] Linux version 4.6.0-rc5-82962-g02da2d7 (pwalmsley@sellafield) (gcc version 4.7.3 20130328 (prerelease) (crosstool-NG linaro-1.13.1-4.7-2013.04-20130415 - Linaro GCC 2013.04) ) #1 SMP Sun Apr 24 16:34:30 PDT 2016
[    0.000000] CPU: ARMv7 Processor [412fc099] revision 9 (ARMv7), cr=10c5387d
[    0.000000] CPU: PIPT / VIPT nonaliasing data cache, VIPT aliasing instruction cache
[    0.000000] Machine model: NVIDIA Tegra30 Beaver evaluation board
[    0.000000] debug: ignoring loglevel setting.
[    0.000000] cma: Reserved 64 MiB at 0xfb800000
[    0.000000] Memory policy: Data cache writealloc
[    0.000000] On node 0 totalpages: 524032
[    0.000000] free_area_init_node: node 0, pgdat c141b3c0, node_mem_map eeff8000
[    0.000000]   DMA zone: 1536 pages used for memmap
[    0.000000]   DMA zone: 0 pages reserved
[    0.000000]   DMA zone: 196608 pages, LIFO batch:31
[    0.000000]   HighMem zone: 327424 pages, LIFO batch:31
[    0.000000] percpu: Embedded 12 pages/cpu @eef93000 s19776 r8192 d21184 u49152
[    0.000000] pcpu-alloc: s19776 r8192 d21184 u49152 alloc=12*4096
[    0.000000] pcpu-alloc: [0] 0 [0] 1 [0] 2 [0] 3 
[    0.000000] Built 1 zonelists in Zone order, mobility grouping on.  Total pages: 522496
[    0.000000] Kernel command line: ignore_loglevel console=ttyS0,115200n8 rw root=PARTUUID=edbe1840-3633-c751-7993-b0ac834f81e0 rootwait gpt debug noinitrd earlyprintk init=/bin/bash
[    0.000000] PID hash table entries: 4096 (order: 2, 16384 bytes)
[    0.000000] Dentry cache hash table entries: 131072 (order: 7, 524288 bytes)
[    0.000000] Inode-cache hash table entries: 65536 (order: 6, 262144 bytes)
[    0.000000] Memory: 1995052K/2096128K available (9522K kernel code, 1141K rwdata, 4108K rodata, 2048K init, 341K bss, 35540K reserved, 65536K cma-reserved, 1244160K highmem)
[    0.000000] Virtual kernel memory layout:
[    0.000000]     vector  : 0xffff0000 - 0xffff1000   (   4 kB)
[    0.000000]     fixmap  : 0xffc00000 - 0xfff00000   (3072 kB)
[    0.000000]     vmalloc : 0xf0800000 - 0xff800000   ( 240 MB)
[    0.000000]     lowmem  : 0xc0000000 - 0xf0000000   ( 768 MB)
[    0.000000]     pkmap   : 0xbfe00000 - 0xc0000000   (   2 MB)
[    0.000000]     modules : 0xbf000000 - 0xbfe00000   (  14 MB)
[    0.000000]       .text : 0xc0208000 - 0xc104fa90   (14623 kB)
[    0.000000]       .init : 0xc1100000 - 0xc1300000   (2048 kB)
[    0.000000]       .data : 0xc1300000 - 0xc141d400   (1141 kB)
[    0.000000]        .bss : 0xc141f000 - 0xc1474518   ( 342 kB)
[    0.000000] SLUB: HWalign=64, Order=0-3, MinObjects=0, CPUs=4, Nodes=1
[    0.000000] Hierarchical RCU implementation.
[    0.000000] 	Build-time adjustment of leaf fanout to 32.
[    0.000000] 	RCU restricting CPUs from NR_CPUS=16 to nr_cpu_ids=4.
[    0.000000] RCU: Adjusting geometry for rcu_fanout_leaf=32, nr_cpu_ids=4
[    0.000000] NR_IRQS:16 nr_irqs:16 16
[    0.000000] /interrupt-controller@60004000: 160 interrupts forwarded to /interrupt-controller@50041000
[    0.000000] L2C: platform modifies aux control register: 0x02080000 -> 0x3e480001
[    0.000000] L2C: DT/platform modifies aux control register: 0x02080000 -> 0x3e480001
[    0.000000] L2C-310 erratum 769419 enabled
[    0.000000] L2C-310 enabling early BRESP for Cortex-A9
[    0.000000] L2C-310: enabling full line of zeros but not enabled in Cortex-A9
[    0.000000] L2C-310 dynamic clock gating enabled, standby mode enabled
[    0.000000] L2C-310 cache controller enabled, 8 ways, 1024 kB
[    0.000000] L2C-310: CACHE_ID 0x410000c7, AUX_CTRL 0x4e480001
[    0.000014] sched_clock: 32 bits at 1000kHz, resolution 1000ns, wraps every 2147483647500ns
[    0.000031] clocksource: timer_us: mask: 0xffffffff max_cycles: 0xffffffff, max_idle_ns: 1911260446275 ns
[    0.000040] Switching to timer-based delay loop, resolution 1000ns
[    0.002982] Console: colour dummy device 80x30
[    0.003008] Calibrating delay loop (skipped), value calculated using timer frequency.. 2.00 BogoMIPS (lpj=5000)
[    0.003018] pid_max: default: 32768 minimum: 301
[    0.003105] Mount-cache hash table entries: 2048 (order: 1, 8192 bytes)
[    0.003112] Mountpoint-cache hash table entries: 2048 (order: 1, 8192 bytes)
[    0.003551] CPU: Testing write buffer coherency: ok
[    0.003832] CPU0: thread -1, cpu 0, socket 0, mpidr 80000000
[    0.003905] Setting up static identity map for 0x80300000 - 0x80300098
[    0.006203] Tegra Revision: A03 SKU: 128 CPU Process: 4 SoC Process: 0
[    0.007525] CPU1: thread -1, cpu 1, socket 0, mpidr 80000001
[    0.008217] CPU2: thread -1, cpu 2, socket 0, mpidr 80000002
[    0.008891] CPU3: thread -1, cpu 3, socket 0, mpidr 80000003
[    0.008934] Brought up 4 CPUs
[    0.008949] SMP: Total of 4 processors activated (8.00 BogoMIPS).
[    0.008954] CPU: All CPU(s) started in SVC mode.
[    0.009649] devtmpfs: initialized
[    0.017947] VFP support v0.3: implementor 41 architecture 3 part 30 variant 9 rev 4
[    0.018630] clocksource: jiffies: mask: 0xffffffff max_cycles: 0xffffffff, max_idle_ns: 9556302231375000 ns
[    0.022087] pinctrl core: initialized pinctrl subsystem
[    0.023663] NET: Registered protocol family 16
[    0.026050] DMA: preallocated 256 KiB pool for atomic coherent allocations
[    0.039929] cpuidle: using governor menu
[    0.048595] No ATAGs?
[    0.048626] hw-breakpoint: found 5 (+1 reserved) breakpoint and 1 watchpoint registers.
[    0.048633] hw-breakpoint: maximum watchpoint size is 4 bytes.
[    0.051840] Serial: AMBA PL011 UART driver
[    0.053085] tegra-mc 7000f000.memory-controller: no memory timings for RAM code 3 registered
[    0.073032] vdd_5v_sata: Failed to request enable GPIO30: -517
[    0.073046] reg-fixed-voltage regulators:regulator@3: Failed to register regulator: -517
[    0.073088] usb1_vbus: Failed to request enable GPIO238: -517
[    0.073096] reg-fixed-voltage regulators:regulator@4: Failed to register regulator: -517
[    0.073137] usb3_vbus: Failed to request enable GPIO236: -517
[    0.073144] reg-fixed-voltage regulators:regulator@5: Failed to register regulator: -517
[    0.073231] sys_3v3_pexs: Failed to request enable GPIO95: -517
[    0.073238] reg-fixed-voltage regulators:regulator@7: Failed to register regulator: -517
[    0.075350] vgaarb: loaded
[    0.075974] SCSI subsystem initialized
[    0.076090] libata version 3.00 loaded.
[    0.076280] usbcore: registered new interface driver usbfs
[    0.076318] usbcore: registered new interface driver hub
[    0.076352] usbcore: registered new device driver usb
[    0.131722] pps_core: LinuxPPS API ver. 1 registered
[    0.131730] pps_core: Software ver. 5.3.6 - Copyright 2005-2007 Rodolfo Giometti <giometti@linux.it>
[    0.131746] PTP clock support registered
[    0.131896] EDAC MC: Ver: 3.0.0
[    0.133548] clocksource: Switched to clocksource timer_us
[    0.139500] NET: Registered protocol family 2
[    0.139911] TCP established hash table entries: 8192 (order: 3, 32768 bytes)
[    0.139968] TCP bind hash table entries: 8192 (order: 4, 65536 bytes)
[    0.140050] TCP: Hash tables configured (established 8192 bind 8192)
[    0.140128] UDP hash table entries: 512 (order: 2, 16384 bytes)
[    0.140186] UDP-Lite hash table entries: 512 (order: 2, 16384 bytes)
[    0.140375] NET: Registered protocol family 1
[    0.140615] RPC: Registered named UNIX socket transport module.
[    0.140621] RPC: Registered udp transport module.
[    0.140626] RPC: Registered tcp transport module.
[    0.140630] RPC: Registered tcp NFSv4.1 backchannel transport module.
[    0.140649] PCI: CLS 0 bytes, default 64
[    0.141404] hw perfevents: enabled with armv7_cortex_a9 PMU driver, 7 counters available
[    0.142405] futex hash table entries: 1024 (order: 4, 65536 bytes)
[    0.143018] workingset: timestamp_bits=28 max_order=19 bucket_order=0
[    0.148764] squashfs: version 4.0 (2009/01/31) Phillip Lougher
[    0.149253] NFS: Registering the id_resolver key type
[    0.149297] Key type id_resolver registered
[    0.149301] Key type id_legacy registered
[    0.149349] ntfs: driver 2.1.32 [Flags: R/O].
[    0.150266] bounce: pool size: 64 pages
[    0.150393] Block layer SCSI generic (bsg) driver version 0.4 loaded (major 248)
[    0.150405] io scheduler noop registered
[    0.150413] io scheduler deadline registered
[    0.150434] io scheduler cfq registered (default)
[    0.155798] tegra30-pinctrl 70000868.pinmux: invalid group "sdmmc3_dat6_pd3" for function "rsvd1"
[    0.155814] tegra30-pinctrl 70000868.pinmux: invalid group "sdmmc3_dat7_pd4" for function "rsvd1"
[    0.155837] tegra30-pinctrl 70000868.pinmux: invalid group "vi_vsync_pd6" for function "rsvd1"
[    0.155847] tegra30-pinctrl 70000868.pinmux: invalid group "vi_hsync_pd7" for function "rsvd1"
[    0.156304] tegra30-pinctrl 70000868.pinmux: invalid group "hdmi_int_pn7" for function "rsvd1"
[    0.156348] tegra30-pinctrl 70000868.pinmux: invalid group "ulpi_data3_po4" for function "rsvd1"
[    0.156679] tegra30-pinctrl 70000868.pinmux: invalid group "vi_d10_pt2" for function "rsvd1"
[    0.156691] tegra30-pinctrl 70000868.pinmux: invalid group "vi_d11_pt3" for function "rsvd1"
[    0.156703] tegra30-pinctrl 70000868.pinmux: invalid group "vi_d0_pt4" for function "rsvd1"
[    0.156744] tegra30-pinctrl 70000868.pinmux: invalid group "pu0" for function "rsvd1"
[    0.156774] tegra30-pinctrl 70000868.pinmux: invalid group "pu3" for function "rsvd1"
[    0.156804] tegra30-pinctrl 70000868.pinmux: invalid group "pu6" for function "rsvd1"
[    0.156852] tegra30-pinctrl 70000868.pinmux: invalid group "pv3" for function "rsvd1"
[    0.157342] tegra30-pinctrl 70000868.pinmux: invalid group "pbb0" for function "rsvd1"
[    0.157456] tegra30-pinctrl 70000868.pinmux: invalid group "pcc1" for function "rsvd1"
[    0.162753] tegra-pcie 3000.pcie-controller: 2x3 configuration
[    0.162874] vdd_1v5_gen: supplied by vdd_5v_in
[    0.162918] vdd_pexa,vdd_pexb: supplied by vdd_1v5_gen
[    0.163017] tegra-pcie 3000.pcie-controller: Failed to get supply 'hvdd-pex': -517
[    0.166909] tegra-apbdma 6000a000.dma: Tegra20 APB DMA driver register 32 channels
[    0.168063] tegra-pmc 7000e400.pmc: i2c-thermtrip node not found, emergency thermal reset disabled.
[    0.200377] Serial: 8250/16550 driver, 4 ports, IRQ sharing disabled
[    0.202461] console [ttyS0] disabled
[    0.202501] 70006000.serial: ttyS0 at MMIO 0x70006000 (irq = 331, base_baud = 25500000) is a Tegra
[    1.126247] console [ttyS0] enabled
[    1.130241] SuperH (H)SCI(F) driver initialized
[    1.135359] msm_serial: driver initialized
[    1.139580] STMicroelectronics ASC driver initialized
[    1.146215] [drm] Initialized drm 1.1.0 20060810
[    1.152680] tegra-hdmi 54280000.hdmi: failed to get HDMI regulator
[    1.166567] brd: module loaded
[    1.173646] loop: module loaded
[    1.181862] m25p80 spi32766.1: w25q32 (4096 Kbytes)
[    1.188798] libphy: Fixed MDIO Bus: probed
[    1.193304] CAN device driver interface
[    1.198282] igb: Intel(R) Gigabit Ethernet Network Driver - version 5.3.0-k
[    1.205239] igb: Copyright (c) 2007-2014 Intel Corporation.
[    1.212612] pegasus: v0.9.3 (2013/04/25), Pegasus/Pegasus II USB Ethernet driver
[    1.220052] usbcore: registered new interface driver pegasus
[    1.225746] usbcore: registered new interface driver asix
[    1.231167] usbcore: registered new interface driver ax88179_178a
[    1.237279] usbcore: registered new interface driver cdc_ether
[    1.243146] usbcore: registered new interface driver smsc75xx
[    1.248921] usbcore: registered new interface driver smsc95xx
[    1.254685] usbcore: registered new interface driver net1080
[    1.260363] usbcore: registered new interface driver cdc_subset
[    1.266307] usbcore: registered new interface driver zaurus
[    1.271934] usbcore: registered new interface driver cdc_ncm
[    1.278961] ehci_hcd: USB 2.0 'Enhanced' Host Controller (EHCI) Driver
[    1.285489] ehci-pci: EHCI PCI platform driver
[    1.289956] ehci-platform: EHCI generic platform driver
[    1.295299] ehci-omap: OMAP-EHCI Host Controller driver
[    1.300597] ehci-orion: EHCI orion driver
[    1.304681] SPEAr-ehci: EHCI SPEAr driver
[    1.308768] ehci-st: EHCI STMicroelectronics driver
[    1.313722] ehci-exynos: EHCI EXYNOS driver
[    1.317982] ehci-atmel: EHCI Atmel driver
[    1.322074] tegra-ehci: Tegra EHCI driver
[    1.326405] ohci_hcd: USB 1.1 'Open' Host Controller (OHCI) Driver
[    1.332595] ohci-pci: OHCI PCI platform driver
[    1.337068] ohci-platform: OHCI generic platform driver
[    1.342400] ohci-omap3: OHCI OMAP3 driver
[    1.346488] SPEAr-ohci: OHCI SPEAr driver
[    1.350574] ohci-st: OHCI STMicroelectronics driver
[    1.355529] ohci-atmel: OHCI Atmel driver
[    1.359976] usbcore: registered new interface driver usb-storage
[    1.366971] mousedev: PS/2 mouse device common for all mice
[    1.374596] tegra_rtc 7000e000.rtc: rtc core: registered 7000e000.rtc as rtc1
[    1.381764] tegra_rtc 7000e000.rtc: Tegra internal Real Time Clock
[    1.400480] tps65910-rtc tps65910-rtc: rtc core: registered tps65910-rtc as rtc0
[    1.408075] i2c /dev entries driver
[    1.418407] sdhci: Secure Digital Host Controller Interface driver
[    1.424592] sdhci: Copyright(c) Pierre Ossman
[    1.429876] Synopsys Designware Multimedia Card Interface Driver
[    1.436536] sdhci-pltfm: SDHCI platform and OF driver helper
[    1.442735] sdhci-tegra 78000000.sdhci: Got CD GPIO
[    1.447622] sdhci-tegra 78000000.sdhci: Got WP GPIO
[    1.453657] mmc0: Invalid maximum block size, assuming 512 bytes
[    1.493643] mmc0: SDHCI controller on 78000000.sdhci [78000000.sdhci] using ADMA
[    1.504273] mmc1: Invalid maximum block size, assuming 512 bytes
[    1.543556] mmc1: SDHCI controller on 78000600.sdhci [78000600.sdhci] using ADMA
[    1.552201] ledtrig-cpu: registered to indicate activity on CPUs
[    1.558432] usbcore: registered new interface driver usbhid
[    1.564001] usbhid: USB HID core driver
[    1.571161] NET: Registered protocol family 10
[    1.576168] sit: IPv6 over IPv4 tunneling driver
[    1.581235] NET: Registered protocol family 17
[    1.585691] can: controller area network core (rev 20120528 abi 9)
[    1.591905] NET: Registered protocol family 29
[    1.596350] can: raw protocol (rev 20120528)
[    1.600618] can: broadcast manager protocol (rev 20120528 t)
[    1.606275] can: netlink gateway (rev 20130117) max_hops=1
[    1.612070] Key type dns_resolver registered
[    1.616753] ThumbEE CPU extension supported.
[    1.621034] Registering SWP/SWPB emulation handler
[    1.647990] tegra-pcie 3000.pcie-controller: 2x3 configuration
[    1.655995] sys_3v3,vdd_3v3_alw: supplied by vdd_5v_in
[    1.663191] sys_3v3_pexs: supplied by sys_3v3,vdd_3v3_alw
[    1.675275] tegra-pcie 3000.pcie-controller: probing port 0, using 2 lanes
[    1.729494] mmc1: new high speed MMC card at address 0001
[    1.736428] mmcblk1: mmc1:0001 SEM16G 14.8 GiB 
[    1.740456] tegra-pcie 3000.pcie-controller: probing port 2, using 2 lanes
[    1.749157] mmcblk1boot0: mmc1:0001 SEM16G partition 1 1.00 MiB
[    1.756028] mmcblk1boot1: mmc1:0001 SEM16G partition 2 1.00 MiB
[    1.762781] mmcblk1rpmb: mmc1:0001 SEM16G partition 3 128 KiB
[    1.775128] Primary GPT is invalid, using alternate GPT.
[    1.780454]  mmcblk1: p1 p2 p3 p4 p5
[    2.144260] tegra-pcie 3000.pcie-controller: link 2 down, retrying
[    2.554273] tegra-pcie 3000.pcie-controller: link 2 down, retrying
[    2.964268] tegra-pcie 3000.pcie-controller: link 2 down, retrying
[    2.972457] tegra-pcie 3000.pcie-controller: link 2 down, ignoring
[    2.978771] tegra-pcie 3000.pcie-controller: PCI host bridge to bus 0000:00
[    2.985732] pci_bus 0000:00: root bus resource [io  0x0000-0xffff]
[    2.991903] pci_bus 0000:00: root bus resource [mem 0x20000000-0x27ffffff]
[    2.998768] pci_bus 0000:00: root bus resource [mem 0x28000000-0x3fffffff pref]
[    3.006067] pci_bus 0000:00: root bus resource [bus 00-ff]
[    3.011568] pci 0000:00:01.0: [10de:0e1c] type 01 class 0x060400
[    3.017627] pci 0000:00:01.0: PME# supported from D0 D1 D2 D3hot D3cold
[    3.024387] PCI: bus0: Fast back to back transfers disabled
[    3.029959] pci 0000:00:01.0: bridge configuration invalid ([bus 00-00]), reconfiguring
[    3.038044] pci 0000:01:00.0: [10ec:8168] type 00 class 0x020000
[    3.044059] pci 0000:01:00.0: reg 0x10: [io  0x0000-0x00ff]
[    3.049638] pci 0000:01:00.0: reg 0x18: [mem 0x00000000-0x00000fff 64bit pref]
[    3.056858] pci 0000:01:00.0: reg 0x20: [mem 0x00000000-0x00003fff 64bit pref]
[    3.064140] pci 0000:01:00.0: supports D1 D2
[    3.068397] pci 0000:01:00.0: PME# supported from D0 D1 D2 D3hot D3cold
[    3.083575] PCI: bus1: Fast back to back transfers disabled
[    3.089145] pci_bus 0000:01: busn_res: [bus 01-ff] end is updated to 01
[    3.095812] pci 0000:00:01.0: BAR 9: assigned [mem 0x28000000-0x280fffff 64bit pref]
[    3.103548] pci 0000:00:01.0: BAR 7: assigned [io  0x1000-0x1fff]
[    3.109636] pci 0000:01:00.0: BAR 4: assigned [mem 0x28000000-0x28003fff 64bit pref]
[    3.117378] pci 0000:01:00.0: BAR 2: assigned [mem 0x28004000-0x28004fff 64bit pref]
[    3.125118] pci 0000:01:00.0: BAR 0: assigned [io  0x1000-0x10ff]
[    3.131206] pci 0000:00:01.0: PCI bridge to [bus 01]
[    3.136164] pci 0000:00:01.0:   bridge window [io  0x1000-0x1fff]
[    3.142249] pci 0000:00:01.0:   bridge window [mem 0x28000000-0x280fffff 64bit pref]
[    3.149993] pci 0000:00:01.0: nv_msi_ht_cap_quirk didn't locate host bridge
[    3.157039] pcieport 0000:00:01.0: enabling device (0140 -> 0143)
[    3.163271] pcieport 0000:00:01.0: Signaling PME through PCIe PME interrupt
[    3.170226] pci 0000:01:00.0: Signaling PME through PCIe PME interrupt
[    3.176746] pcie_pme 0000:00:01.0:pcie01: service driver pcie_pme loaded
[    3.183633] r8169 Gigabit Ethernet driver 2.3LK-NAPI loaded
[    3.189217] r8169 0000:01:00.0: enabling device (0140 -> 0143)
[    3.196341] r8169 0000:01:00.0 eth0: RTL8168evl/8111evl at 0xf09f2000, 02:04:4b:01:60:a6, XID 0c900800 IRQ 375
[    3.206342] r8169 0000:01:00.0 eth0: jumbo features [frames: 9200 bytes, tx checksumming: ko]
[    3.215822] +VDD_5V_HDMI: supplied by sys_3v3,vdd_3v3_alw
[    3.221315] vdd_1v8_gen: supplied by vdd_5v_in
[    3.227546] [drm] Supports vblank timestamp caching Rev 2 (21.10.2013).
[    3.234180] [drm] No driver support for vblank timestamp query.
[    3.240128] drm drm: No connectors reported connected with modes
[    3.246135] [drm] Cannot find any crtc or sizes - going 1024x768
[    3.272584] Console: switching to colour frame buffer device 128x48
[    3.284905] drm drm: fb0:  frame buffer device
[    3.303943] [drm] Initialized tegra 0.0.0 20120330 on minor 0
[    3.312671] usb3_vbus: supplied by vdd_5v_in
[    3.319147] utmi_phy_clk_enable: timeout waiting for phy to stabilize
[    3.325606] tegra-ehci 7d004000.usb: EHCI Host Controller
[    3.331017] tegra-ehci 7d004000.usb: new USB bus registered, assigned bus number 1
[    3.338850] tegra-ehci 7d004000.usb: irq 343, io mem 0x7d004000
[    3.353956] tegra-ehci 7d004000.usb: USB 2.0 started, EHCI 1.00
[    3.361215] hub 1-0:1.0: USB hub found
[    3.364988] hub 1-0:1.0: 1 port detected
[    3.369939] tegra-ehci 7d008000.usb: EHCI Host Controller
[    3.375358] tegra-ehci 7d008000.usb: new USB bus registered, assigned bus number 2
[    3.383094] tegra-ehci 7d008000.usb: irq 344, io mem 0x7d008000
[    3.398948] tegra-ehci 7d008000.usb: USB 2.0 started, EHCI 1.00
[    3.406094] hub 2-0:1.0: USB hub found
[    3.409867] hub 2-0:1.0: 1 port detected
[    3.418375] tps65910-rtc tps65910-rtc: setting system clock to 2000-01-01 00:00:02 UTC (946684802)
[    3.431986] vdd_sata,avdd_plle: disabling
[    3.436399] usb1_vbus: disabling
[    3.442312] EXT4-fs (mmcblk1p1): mounting ext3 file system using the ext4 subsystem
[    3.459853] EXT4-fs (mmcblk1p1): warning: mounting fs with errors, running e2fsck is recommended
[    3.471332] EXT4-fs (mmcblk1p1): recovery complete
[    3.476134] EXT4-fs (mmcblk1p1): mounted filesystem with ordered data mode. Opts: (null)
[    3.484239] VFS: Mounted root (ext3 filesystem) on device 179:1.
[    3.501930] devtmpfs: mounted
[    3.507624] Freeing unused kernel memory: 2048K (c1100000 - c1300000)
bash: cannot set terminal process group (-1): Inappropriate ioctl for device
bash: no job control in this shell
root@(none):/# [    3.728975] usb 2-1: new high-speed USB device number 2 using tegra-ehci
mount -t sysfs none /sys
root@(none):/# 
root@(none):/# [    4.680548] asix 2-1:1.0 eth1: register 'asix' at usb-7d008000.usb-1, ASIX AX88772 USB 2.0 Ethernet, 00:50:b6:0f:67:60
mount -t debugfs none /sys/kernel/debug
root@(none):/# 
root@(none):/# rtcwake -d rtc1 -m mem -s 3
rtcwake: wakeup from "mem" using /dev/rtc1 at Thu Jan  1 00:00:21 1970
[    6.489725] PM: Syncing filesystems ... done.
[    6.501647] Freezing user space processes ... (elapsed 0.001 seconds) done.
[    6.509788] Freezing remaining freezable tasks ... (elapsed 0.001 seconds) done.
[    6.518419] Suspending console(s) (use no_console_suspend to debug)
[    6.557897] PM: suspend of devices complete after 32.191 msecs
[    6.560582] PM: late suspend of devices complete after 2.677 msecs
[    6.574039] PM: noirq suspend of devices complete after 13.450 msecs
[    6.574042] Disabling non-boot CPUs ...
[    6.574695] CPU1: shutdown
[    6.589863] IRQ17 no longer affine to CPU2
[    6.590106] CPU2: shutdown
[    6.604598] CPU3: shutdown
[    6.619044] Entering suspend state LP1
[    6.619056] Enabling non-boot CPUs ...
[    6.644574] CPU1 is up
[    6.669684] CPU2 is up
[    6.694814] CPU3 is up
[    6.695434] pcieport 0000:00:01.0: nv_msi_ht_cap_quirk didn't locate host bridge
[    6.708614] PM: noirq resume of devices complete after 13.791 msecs
[    6.709629] PM: early resume of devices complete after 0.640 msecs
[    6.776456] PM: resume of devices complete after 66.818 msecs
[    6.851672] Restarting tasks ... done.
root@(none):/# 
root@(none):/# rtcwake -d rtc1 -m mem -s 3
rtcwake: wakeup from "mem" using /dev/rtc1 at Thu Jan  1 00:00:25 1970
[    7.313514] PM: Syncing filesystems ... done.
[    7.325169] Freezing user space processes ... (elapsed 0.001 seconds) done.
[    7.333281] Freezing remaining freezable tasks ... (elapsed 0.001 seconds) done.
[    7.341893] Suspending console(s) (use no_console_suspend to debug)
[    7.381898] PM: suspend of devices complete after 32.801 msecs
[    7.383315] PM: late suspend of devices complete after 1.410 msecs
[    7.399017] PM: noirq suspend of devices complete after 15.696 msecs
[    7.399021] Disabling non-boot CPUs ...
[    7.399346] IRQ17 no longer affine to CPU1
[    7.399661] CPU1: shutdown
[    7.429949] CPU2: shutdown
[    7.444539] CPU3: shutdown
[    7.459008] Entering suspend state LP1
[    7.459022] Enabling non-boot CPUs ...
[    7.484716] CPU1 is up
[    7.509807] CPU2 is up
[    7.534976] CPU3 is up
[    7.535729] pcieport 0000:00:01.0: nv_msi_ht_cap_quirk didn't locate host bridge
[    7.548606] PM: noirq resume of devices complete after 13.620 msecs
[    7.550617] PM: early resume of devices complete after 1.749 msecs
[    7.622468] PM: resume of devices complete after 71.840 msecs
[    7.697919] Restarting tasks ... done.
root@(none):/# 
root@(none):/# rtcwake -d rtc1 -m mem -s 3
rtcwake: wakeup from "mem" using /dev/rtc1 at Thu Jan  1 00:00:29 1970
[    8.151648] PM: Syncing filesystems ... done.
[    8.165402] Freezing user space processes ... (elapsed 0.001 seconds) done.
[    8.173579] Freezing remaining freezable tasks ... (elapsed 0.001 seconds) done.
[    8.182234] Suspending console(s) (use no_console_suspend to debug)
[    8.223016] PM: suspend of devices complete after 33.301 msecs
[    8.223919] PM: late suspend of devices complete after 0.894 msecs
[    8.239080] PM: noirq suspend of devices complete after 15.154 msecs
[    8.239085] Disabling non-boot CPUs ...
[    8.239896] CPU1: shutdown
[    8.269933] IRQ17 no longer affine to CPU2
[    8.270218] CPU2: shutdown
[    8.284666] CPU3: shutdown
[    8.299047] Entering suspend state LP1
[    8.299061] Enabling non-boot CPUs ...
[    8.324686] CPU1 is up
[    8.349794] CPU2 is up
[    8.374930] CPU3 is up
[    8.375677] pcieport 0000:00:01.0: nv_msi_ht_cap_quirk didn't locate host bridge
[    8.388588] PM: noirq resume of devices complete after 13.648 msecs
[    8.390762] PM: early resume of devices complete after 1.751 msecs
[    8.465928] PM: resume of devices complete after 75.155 msecs
[    8.541374] Restarting tasks ... done.
root@(none):/# 
root@(none):/# rtcwake -d rtc1 -m mem -s 3
rtcwake: wakeup from "mem" using /dev/rtc1 at Thu Jan  1 00:00:33 1970
[    8.992557] PM: Syncing filesystems ... done.
[    9.006800] Freezing user space processes ... (elapsed 0.001 seconds) done.
[    9.014988] Freezing remaining freezable tasks ... (elapsed 0.001 seconds) done.
[    9.023667] Suspending console(s) (use no_console_suspend to debug)
[    9.063610] PM: suspend of devices complete after 32.464 msecs
[    9.064436] PM: late suspend of devices complete after 0.816 msecs
[    9.079051] PM: noirq suspend of devices complete after 14.605 msecs
[    9.079056] Disabling non-boot CPUs ...
[    9.079482] IRQ17 no longer affine to CPU1
[    9.079888] CPU1: shutdown
[    9.105170] CPU2: shutdown
[    9.119615] CPU3: shutdown
[    9.134011] Entering suspend state LP1
[    9.134026] Enabling non-boot CPUs ...
[    9.159676] CPU1 is up
[    9.184769] CPU2 is up
[    9.209910] CPU3 is up
[    9.210657] pcieport 0000:00:01.0: nv_msi_ht_cap_quirk didn't locate host bridge
[    9.223551] PM: noirq resume of devices complete after 13.633 msecs
[    9.225738] PM: early resume of devices complete after 1.766 msecs
[    9.296934] PM: resume of devices complete after 71.185 msecs
[    9.372383] Restarting tasks ... done.
root@(none):/# 
root@(none):/# rtcwake -d rtc1 -m mem -s 3
rtcwake: wakeup from "mem" using /dev/rtc1 at Thu Jan  1 00:00:37 1970
[    9.834442] PM: Syncing filesystems ... done.
[    9.849716] Freezing user space processes ... (elapsed 0.001 seconds) done.
[    9.857881] Freezing remaining freezable tasks ... (elapsed 0.001 seconds) done.
[    9.866561] Suspending console(s) (use no_console_suspend to debug)
[    9.908513] PM: suspend of devices complete after 34.447 msecs
[    9.909329] PM: late suspend of devices complete after 0.807 msecs
[    9.924042] PM: noirq suspend of devices complete after 14.705 msecs
[    9.924048] Disabling non-boot CPUs ...
[    9.924467] IRQ17 no longer affine to CPU1
[    9.924865] CPU1: shutdown
[    9.940135] CPU2: shutdown
[    9.954592] CPU3: shutdown
[    9.968989] Entering suspend state LP1
[    9.969003] Enabling non-boot CPUs ...
[    9.994661] CPU1 is up
[   10.019734] CPU2 is up
[   10.044880] CPU3 is up
[   10.045617] pcieport 0000:00:01.0: nv_msi_ht_cap_quirk didn't locate host bridge
[   10.058524] PM: noirq resume of devices complete after 13.635 msecs
[   10.060729] PM: early resume of devices complete after 1.777 msecs
[   10.131848] PM: resume of devices complete after 71.106 msecs
[   10.207308] Restarting tasks ... done.
root@(none):/# 
root@(none):/# rtcwake -d rtc1 -m mem -s 3
rtcwake: wakeup from "mem" using /dev/rtc1 at Thu Jan  1 00:00:41 1970
[   10.660992] PM: Syncing filesystems ... done.
[   10.674754] Freezing user space processes ... (elapsed 0.001 seconds) done.
[   10.682920] Freezing remaining freezable tasks ... (elapsed 0.001 seconds) done.
[   10.691581] Suspending console(s) (use no_console_suspend to debug)
[   10.732955] PM: suspend of devices complete after 33.894 msecs
[   10.733791] PM: late suspend of devices complete after 0.825 msecs
[   10.749011] PM: noirq suspend of devices complete after 15.212 msecs
[   10.749014] Disabling non-boot CPUs ...
[   10.749428] IRQ17 no longer affine to CPU1
[   10.749827] CPU1: shutdown
[   10.780107] CPU2: shutdown
[   10.794551] CPU3: shutdown
[   10.808961] Entering suspend state LP1
[   10.808977] Enabling non-boot CPUs ...
[   10.834631] CPU1 is up
[   10.859707] CPU2 is up
[   10.884861] CPU3 is up
[   10.885607] pcieport 0000:00:01.0: nv_msi_ht_cap_quirk didn't locate host bridge
[   10.898489] PM: noirq resume of devices complete after 13.619 msecs
[   10.900207] PM: early resume of devices complete after 1.285 msecs
[   10.970772] PM: resume of devices complete after 70.554 msecs
[   11.046219] Restarting tasks ... done.
root@(none):/# 
root@(none):/# rtcwake -d rtc1 -m mem -s 3
rtcwake: wakeup from "mem" using /dev/rtc1 at Thu Jan  1 00:00:45 1970
[   11.503035] PM: Syncing filesystems ... done.
[   11.516758] Freezing user space processes ... (elapsed 0.001 seconds) done.
[   11.524935] Freezing remaining freezable tasks ... (elapsed 0.001 seconds) done.
[   11.533604] Suspending console(s) (use no_console_suspend to debug)
[   11.572401] PM: suspend of devices complete after 31.342 msecs
[   11.573264] PM: late suspend of devices complete after 0.855 msecs
[   11.588986] PM: noirq suspend of devices complete after 15.714 msecs
[   11.588990] Disabling non-boot CPUs ...
[   11.589775] CPU1: shutdown
[   11.615091] CPU2: shutdown
[   11.629325] IRQ17 no longer affine to CPU3
[   11.629542] CPU3: shutdown
[   11.643931] Entering suspend state LP1
[   11.643945] Enabling non-boot CPUs ...
[   11.669592] CPU1 is up
[   11.694674] CPU2 is up
[   11.719833] CPU3 is up
[   11.720561] pcieport 0000:00:01.0: nv_msi_ht_cap_quirk didn't locate host bridge
[   11.733468] PM: noirq resume of devices complete after 13.625 msecs
[   11.734659] PM: early resume of devices complete after 0.767 msecs
[   11.806786] PM: resume of devices complete after 72.116 msecs
[   11.882263] Restarting tasks ... done.
root@(none):/# 
root@(none):/# rtcwake -d rtc1 -m mem -s 3
rtcwake: wakeup from "mem" using /dev/rtc1 at Thu Jan  1 00:00:49 1970
[   12.335884] PM: Syncing filesystems ... done.
[   12.350649] Freezing user space processes ... (elapsed 0.001 seconds) done.
[   12.358830] Freezing remaining freezable tasks ... (elapsed 0.001 seconds) done.
[   12.367494] Suspending console(s) (use no_console_suspend to debug)
[   12.407398] PM: suspend of devices complete after 32.432 msecs
[   12.408168] PM: late suspend of devices complete after 0.762 msecs
[   12.423962] PM: noirq suspend of devices complete after 15.785 msecs
[   12.423966] Disabling non-boot CPUs ...
[   12.424384] IRQ17 no longer affine to CPU1
[   12.424779] CPU1: shutdown
[   12.450055] CPU2: shutdown
[   12.464524] CPU3: shutdown
[   12.478890] Entering suspend state LP1
[   12.478905] Enabling non-boot CPUs ...
[   12.504565] CPU1 is up
[   12.529665] CPU2 is up
[   12.554803] CPU3 is up
[   12.555546] pcieport 0000:00:01.0: nv_msi_ht_cap_quirk didn't locate host bridge
[   12.568439] PM: noirq resume of devices complete after 13.627 msecs
[   12.569478] PM: early resume of devices complete after 0.783 msecs
[   12.640989] PM: resume of devices complete after 71.501 msecs
[   12.716402] Restarting tasks ... done.
root@(none):/# 
root@(none):/# rtcwake -d rtc1 -m mem -s 3
rtcwake: wakeup from "mem" using /dev/rtc1 at Thu Jan  1 00:00:53 1970
[   13.171882] PM: Syncing filesystems ... done.
[   13.186615] Freezing user space processes ... (elapsed 0.001 seconds) done.
[   13.194798] Freezing remaining freezable tasks ... (elapsed 0.001 seconds) done.
[   13.203478] Suspending console(s) (use no_console_suspend to debug)
[   13.248436] PM: suspend of devices complete after 37.480 msecs
[   13.250322] PM: late suspend of devices complete after 1.877 msecs
[   13.263935] PM: noirq suspend of devices complete after 13.605 msecs
[   13.263939] Disabling non-boot CPUs ...
[   13.264751] CPU1: shutdown
[   13.290032] CPU2: shutdown
[   13.304271] IRQ17 no longer affine to CPU3
[   13.304483] CPU3: shutdown
[   13.318878] Entering suspend state LP1
[   13.318894] Enabling non-boot CPUs ...
[   13.344547] CPU1 is up
[   13.369641] CPU2 is up
[   13.394780] CPU3 is up
[   13.395530] pcieport 0000:00:01.0: nv_msi_ht_cap_quirk didn't locate host bridge
[   13.408420] PM: noirq resume of devices complete after 13.631 msecs
[   13.410660] PM: early resume of devices complete after 1.791 msecs
[   13.480708] PM: resume of devices complete after 70.033 msecs
[   13.556193] Restarting tasks ... done.
root@(none):/# 
root@(none):/# rtcwake -d rtc1 -m mem -s 3
rtcwake: wakeup from "mem" using /dev/rtc1 at Thu Jan  1 00:00:57 1970
[   14.009877] PM: Syncing filesystems ... done.
[   14.024647] Freezing user space processes ... (elapsed 0.001 seconds) done.
[   14.032807] Freezing remaining freezable tasks ... (elapsed 0.001 seconds) done.
[   14.041482] Suspending console(s) (use no_console_suspend to debug)
[   14.082349] PM: suspend of devices complete after 33.356 msecs
[   14.083198] PM: late suspend of devices complete after 0.841 msecs
[   14.098908] PM: noirq suspend of devices complete after 15.702 msecs
[   14.098914] Disabling non-boot CPUs ...
[   14.099341] IRQ17 no longer affine to CPU1
[   14.099749] CPU1: shutdown
[   14.115000] CPU2: shutdown
[   14.129427] CPU3: shutdown
[   14.143868] Entering suspend state LP1
[   14.143883] Enabling non-boot CPUs ...
[   14.169523] CPU1 is up
[   14.194636] CPU2 is up
[   14.219779] CPU3 is up
[   14.220520] pcieport 0000:00:01.0: nv_msi_ht_cap_quirk didn't locate host bridge
[   14.233421] PM: noirq resume of devices complete after 13.632 msecs
[   14.235657] PM: early resume of devices complete after 1.803 msecs
[   14.306766] PM: resume of devices complete after 71.097 msecs
[   14.382218] Restarting tasks ... done.
root@(none):/# 
root@(none):/# NVTB SYSTEM SUSPEND TEST COMPLETE
