
U-Boot SPL 2016.05-rc2 (Apr 21 2016 - 16:23:00)
Trying to boot from RAM


U-Boot 2016.05-rc2 (Apr 21 2016 - 16:23:00 -0700)

TEGRA124
Model: NVIDIA Jetson TK1
Board: NVIDIA Jetson TK1
DRAM:  2 GiB
MC:   Tegra SD/MMC: 0, Tegra SD/MMC: 1
In:    serial
Out:   serial
Err:   serial
Net:   No ethernet found.
Hit any key to stop autoboot:  2  0 
Tegra124 (Jetson TK1) # 
Tegra124 (Jetson TK1) # pci enum
Tegra124 (Jetson TK1) # setenv bootargs 'ignore_loglevel console=ttyS0,115200n8 rw root=PARTUUID=b1791faa-84e8-4e27-83a1-9fb0a77e8803 rootwait gpt debug noinitrd earlyprintk init=/bin/bash'
Tegra124 (Jetson TK1) # setenv ipaddr 192.168.100.102; setenv serverip 192.168.100.1; setenv tftpserverip 192.168.100.1
Tegra124 (Jetson TK1) # tftpboot 0x82000000 zImage.tegra_defconfig%tegra-fw

Warning: eth_rtl8169 using MAC address from ROM
Using eth_rtl8169 device
TFTP from server 192.168.100.1; our IP address is 192.168.100.102
Filename 'zImage.tegra_defconfig%tegra-fw'.
Load address: 0x82000000
Loading: *#################################################################
	 #################################################################
	 #################################################################
	 #################################################################
	 #################################################################
	 #################################################################
	 ##########################################
	 3.9 MiB/s
done
Bytes transferred = 6330544 (6098b0 hex)
Tegra124 (Jetson TK1) # tftpboot 0x83000000 tegra124-jetson-tk1.dtb
Using eth_rtl8169 device
TFTP from server 192.168.100.1; our IP address is 192.168.100.102
Filename 'tegra124-jetson-tk1.dtb'.
Load address: 0x83000000
Loading: *#####
	 3.7 MiB/s
done
Bytes transferred = 66544 (103f0 hex)
Tegra124 (Jetson TK1) # bootz 0x82000000 - 0x83000000
Kernel image @ 0x82000000 [ 0x000000 - 0x6098b0 ]
## Flattened Device Tree blob at 83000000
   Booting using the fdt blob at 0x83000000
   Using Device Tree in place at 83000000, end 830133ef

Starting kernel ...

[    0.000000] Booting Linux on physical CPU 0x0
[    0.000000] Linux version 4.15.0-rc1-215197-g4fbd8d1 (jonathanh@sellafield) (gcc version 4.7.3 20130328 (prerelease) (crosstool-NG linaro-1.13.1-4.7-2013.04-20130415 - Linaro GCC 2013.04)) #1 SMP PREEMPT Mon Dec 4 13:32:57 PST 2017
[    0.000000] CPU: ARMv7 Processor [413fc0f3] revision 3 (ARMv7), cr=10c5387d
[    0.000000] CPU: div instructions available: patching division code
[    0.000000] CPU: PIPT / VIPT nonaliasing data cache, PIPT instruction cache
[    0.000000] OF: fdt: Machine model: NVIDIA Tegra124 Jetson TK1
[    0.000000] debug: ignoring loglevel setting.
[    0.000000] bootconsole [earlycon0] enabled
[    0.000000] Memory policy: Data cache writealloc
[    0.000000] cma: Reserved 64 MiB at 0xfbc00000
[    0.000000] On node 0 totalpages: 524032
[    0.000000]   Normal zone: 1536 pages used for memmap
[    0.000000]   Normal zone: 0 pages reserved
[    0.000000]   Normal zone: 196608 pages, LIFO batch:31
[    0.000000]   HighMem zone: 327424 pages, LIFO batch:31
[    0.000000] random: fast init done
[    0.000000] percpu: Embedded 17 pages/cpu @eef88000 s39104 r8192 d22336 u69632
[    0.000000] pcpu-alloc: s39104 r8192 d22336 u69632 alloc=17*4096
[    0.000000] pcpu-alloc: [0] 0 [0] 1 [0] 2 [0] 3 
[    0.000000] Built 1 zonelists, mobility grouping on.  Total pages: 522496
[    0.000000] Kernel command line: ignore_loglevel console=ttyS0,115200n8 rw root=PARTUUID=b1791faa-84e8-4e27-83a1-9fb0a77e8803 rootwait gpt debug noinitrd earlyprintk init=/bin/bash
[    0.000000] Dentry cache hash table entries: 131072 (order: 7, 524288 bytes)
[    0.000000] Inode-cache hash table entries: 65536 (order: 6, 262144 bytes)
[    0.000000] Memory: 1997468K/2096128K available (9216K kernel code, 778K rwdata, 2820K rodata, 1024K init, 299K bss, 33124K reserved, 65536K cma-reserved, 1244160K highmem)
[    0.000000] Virtual kernel memory layout:
[    0.000000]     vector  : 0xffff0000 - 0xffff1000   (   4 kB)
[    0.000000]     fixmap  : 0xffc00000 - 0xfff00000   (3072 kB)
[    0.000000]     vmalloc : 0xf0800000 - 0xff800000   ( 240 MB)
[    0.000000]     lowmem  : 0xc0000000 - 0xf0000000   ( 768 MB)
[    0.000000]     pkmap   : 0xbfe00000 - 0xc0000000   (   2 MB)
[    0.000000]     modules : 0xbf000000 - 0xbfe00000   (  14 MB)
[    0.000000]       .text : 0xc0008000 - 0xc0a00000   (10208 kB)
[    0.000000]       .init : 0xc0e00000 - 0xc0f00000   (1024 kB)
[    0.000000]       .data : 0xc0f00000 - 0xc0fc289c   ( 779 kB)
[    0.000000]        .bss : 0xc0fc289c - 0xc100d4ec   ( 300 kB)
[    0.000000] Preemptible hierarchical RCU implementation.
[    0.000000] 	Tasks RCU enabled.
[    0.000000] NR_IRQS: 16, nr_irqs: 16, preallocated irqs: 16
[    0.000000] /interrupt-controller@60004000: 160 interrupts forwarded to /interrupt-controller@50041000
[    0.000000] Tegra clk 127: register failed with -17
[    0.000009] sched_clock: 32 bits at 1000kHz, resolution 1000ns, wraps every 2147483647500ns
[    0.007467] clocksource: timer_us: mask: 0xffffffff max_cycles: 0xffffffff, max_idle_ns: 1911260446275 ns
[    0.016994] Switching to timer-based delay loop, resolution 1000ns
[    0.024167] arch_timer: cp15 timer(s) running at 12.00MHz (virt).
[    0.029218] clocksource: arch_sys_counter: mask: 0xffffffffffffff max_cycles: 0x2c47f4ee7, max_idle_ns: 440795202497 ns
[    0.039966] sched_clock: 56 bits at 12MHz, resolution 83ns, wraps every 4398046511096ns
[    0.047933] Switching to timer-based delay loop, resolution 83ns
[    0.054401] Console: colour dummy device 80x30
[    0.058349] Calibrating delay loop (skipped), value calculated using timer frequency.. 24.00 BogoMIPS (lpj=120000)
[    0.068657] pid_max: default: 32768 minimum: 301
[    0.073740] Mount-cache hash table entries: 2048 (order: 1, 8192 bytes)
[    0.079842] Mountpoint-cache hash table entries: 2048 (order: 1, 8192 bytes)
[    0.087680] CPU: Testing write buffer coherency: ok
[    0.092006] /cpus/cpu@0 missing clock-frequency property
[    0.097017] /cpus/cpu@1 missing clock-frequency property
[    0.102325] /cpus/cpu@2 missing clock-frequency property
[    0.107591] /cpus/cpu@3 missing clock-frequency property
[    0.112861] CPU0: thread -1, cpu 0, socket 0, mpidr 80000000
[    0.152976] Setting up static identity map for 0x80100000 - 0x801000a0
[    0.157726] Hierarchical SRCU implementation.
[    0.173489] Tegra Revision: A01 SKU: 129 CPU Process: 1 SoC Process: 1
[    0.192994] smp: Bringing up secondary CPUs ...
[    0.243623] CPU1: thread -1, cpu 1, socket 0, mpidr 80000001
[    0.323734] CPU2: thread -1, cpu 2, socket 0, mpidr 80000002
[    0.403844] CPU3: thread -1, cpu 3, socket 0, mpidr 80000003
[    0.413421] smp: Brought up 1 node, 4 CPUs
[    0.432509] SMP: Total of 4 processors activated (96.00 BogoMIPS).
[    0.438675] CPU: All CPU(s) started in SVC mode.
[    0.445103] devtmpfs: initialized
[    0.465429] VFP support v0.3: implementor 41 architecture 4 part 30 variant f rev 0
[    0.471546] clocksource: jiffies: mask: 0xffffffff max_cycles: 0xffffffff, max_idle_ns: 19112604462750000 ns
[    0.480987] futex hash table entries: 1024 (order: 4, 65536 bytes)
[    0.488524] pinctrl core: initialized pinctrl subsystem
[    0.493538] NET: Registered protocol family 16
[    0.498189] DMA: preallocated 256 KiB pool for atomic coherent allocations
[    0.504897] cpuidle: using governor menu
[    0.530642] No ATAGs?
[    0.530779] hw-breakpoint: found 5 (+1 reserved) breakpoint and 4 watchpoint registers.
[    0.539138] hw-breakpoint: maximum watchpoint size is 8 bytes.
[    0.546792] iommu: Adding device reg-dummy to group 0
[    0.550016] iommu: Adding device 1003000.pcie to group 1
[    0.555317] iommu: Adding device 50000000.host1x to group 2
[    0.560873] iommu: Adding device 54200000.dc to group 3
[    0.566053] iommu: Adding device 54240000.dc to group 4
[    0.571241] iommu: Adding device 54280000.hdmi to group 5
[    0.576626] iommu: Adding device 57000000.gpu to group 6
[    0.581899] iommu: Adding device 60005000.timer to group 7
[    0.587331] iommu: Adding device 60007000.flow-controller to group 8
[    0.593679] iommu: Adding device 6000c800.actmon to group 9
[    0.599207] iommu: Adding device 6000d000.gpio to group 10
[    0.604683] iommu: Adding device 60020000.dma to group 11
[    0.610056] iommu: Adding device 70000800.apbmisc to group 12
[    0.615778] iommu: Adding device 70000868.pinmux to group 13
[    0.621398] iommu: Adding device 70006000.serial to group 14
[    0.627044] iommu: Adding device 70006040.serial to group 15
[    0.632658] iommu: Adding device 70006300.serial to group 16
[    0.638311] iommu: Adding device 7000c000.i2c to group 17
[    0.643665] iommu: Adding device 7000c400.i2c to group 18
[    0.649056] iommu: Adding device 7000c500.i2c to group 19
[    0.654413] iommu: Adding device 7000c700.i2c to group 20
[    0.659811] iommu: Adding device 7000d000.i2c to group 21
[    0.665158] iommu: Adding device 7000d400.spi to group 22
[    0.670558] iommu: Adding device 7000da00.spi to group 23
[    0.675907] iommu: Adding device 7000e000.rtc to group 24
[    0.681300] iommu: Adding device 7000e400.pmc to group 25
[    0.686651] iommu: Adding device 7000f800.fuse to group 26
[    0.692131] iommu: Adding device 70019000.memory-controller to group 27
[    0.698701] iommu: Adding device 7001b000.emc to group 28
[    0.704095] iommu: Adding device 70027000.sata to group 29
[    0.709533] iommu: Adding device 70030000.hda to group 30
[    0.714926] iommu: Adding device 70090000.usb to group 31
[    0.720280] iommu: Adding device 7009f000.padctl to group 32
[    0.725945] iommu: Adding device 700b0400.sdhci to group 33
[    0.731458] iommu: Adding device 700b0600.sdhci to group 34
[    0.737025] iommu: Adding device 70015000.cec to group 35
[    0.742393] iommu: Adding device 700e2000.thermal-sensor to group 36
[    0.748728] iommu: Adding device 70110000.clock to group 37
[    0.754252] iommu: Adding device 70300000.ahub to group 38
[    0.759733] iommu: Adding device 7d000000.usb to group 39
[    0.765087] iommu: Adding device 7d000000.usb-phy to group 40
[    0.770825] iommu: Adding device 7d004000.usb to group 41
[    0.776180] iommu: Adding device 7d004000.usb-phy to group 42
[    0.781922] iommu: Adding device 7d008000.usb to group 43
[    0.787279] iommu: Adding device 7d008000.usb-phy to group 44
[    0.793010] iommu: Adding device pmu to group 45
[    0.797587] iommu: Adding device timer to group 46
[    0.802353] iommu: Adding device clocks to group 47
[    0.807224] iommu: Adding device gpio-keys to group 48
[    0.812320] iommu: Adding device regulators to group 49
[    0.817547] iommu: Adding device regulators:regulator@0 to group 50
[    0.823760] iommu: Adding device regulators:regulator@1 to group 51
[    0.830019] iommu: Adding device regulators:regulator@2 to group 52
[    0.836240] iommu: Adding device regulators:regulator@3 to group 53
[    0.842497] iommu: Adding device regulators:regulator@4 to group 54
[    0.848726] iommu: Adding device regulators:regulator@7 to group 55
[    0.854977] iommu: Adding device regulators:regulator@8 to group 56
[    0.861207] iommu: Adding device regulators:regulator@10 to group 57
[    0.867542] iommu: Adding device regulators:regulator@11 to group 58
[    0.873852] iommu: Adding device regulators:regulator@12 to group 59
[    0.880198] iommu: Adding device regulators:regulator@13 to group 60
[    0.886507] iommu: Adding device regulators:regulator@14 to group 61
[    0.892849] iommu: Adding device sound to group 62
[    0.914413] +5V_SYS: supplied by +VDD_MUX
[    0.916903] +3.3V_SYS: supplied by +VDD_MUX
[    0.921461] +USB0_VBUS_SW: Failed to request enable GPIO108: -517
[    0.926789] reg-fixed-voltage regulators:regulator@7: Failed to register regulator: -517
[    0.934906] +5V_USB_HS: Failed to request enable GPIO109: -517
[    0.940632] reg-fixed-voltage regulators:regulator@8: Failed to register regulator: -517
[    0.948867] +1.05V_RUN_AVDD_HDMI_PLL: Failed to request enable GPIO63: -517
[    0.955651] reg-fixed-voltage regulators:regulator@11: Failed to register regulator: -517
[    0.963855] +5V_HDMI_CON: Failed to request enable GPIO86: -517
[    0.969665] reg-fixed-voltage regulators:regulator@12: Failed to register regulator: -517
[    0.977891] +5V_SATA: Failed to request enable GPIO242: -517
[    0.983443] reg-fixed-voltage regulators:regulator@13: Failed to register regulator: -517
[    0.991671] +12V_SATA: Failed to request enable GPIO242: -517
[    0.997307] reg-fixed-voltage regulators:regulator@14: Failed to register regulator: -517
[    1.006746] vgaarb: loaded
[    1.008892] SCSI subsystem initialized
[    1.012086] libata version 3.00 loaded.
[    1.015982] usbcore: registered new interface driver usbfs
[    1.021207] usbcore: registered new interface driver hub
[    1.026512] usbcore: registered new device driver usb
[    1.034719] Linux video capture interface: v2.00
[    1.037501] pps_core: LinuxPPS API ver. 1 registered
[    1.042398] pps_core: Software ver. 5.3.6 - Copyright 2005-2007 Rodolfo Giometti <giometti@linux.it>
[    1.051505] PTP clock support registered
[    1.056819] Advanced Linux Sound Architecture Driver Initialized.
[    1.062081] Bluetooth: Core ver 2.22
[    1.065037] NET: Registered protocol family 31
[    1.069433] Bluetooth: HCI device and connection manager initialized
[    1.075739] Bluetooth: HCI socket layer initialized
[    1.080610] Bluetooth: L2CAP socket layer initialized
[    1.085645] Bluetooth: SCO socket layer initialized
[    1.091102] clocksource: Switched to clocksource arch_sys_counter
[    1.185607] NET: Registered protocol family 2
[    1.189064] TCP established hash table entries: 8192 (order: 3, 32768 bytes)
[    1.195198] TCP bind hash table entries: 8192 (order: 4, 65536 bytes)
[    1.201684] TCP: Hash tables configured (established 8192 bind 8192)
[    1.208303] UDP hash table entries: 512 (order: 2, 16384 bytes)
[    1.213767] UDP-Lite hash table entries: 512 (order: 2, 16384 bytes)
[    1.220355] NET: Registered protocol family 1
[    1.225105] RPC: Registered named UNIX socket transport module.
[    1.230262] RPC: Registered udp transport module.
[    1.234965] RPC: Registered tcp transport module.
[    1.239622] RPC: Registered tcp NFSv4.1 backchannel transport module.
[    1.246495] iommu: Adding device regulatory.0 to group 63
[    1.251624] PCI: CLS 0 bytes, default 64
[    1.257101] hw perfevents: enabled with armv7_cortex_a15 PMU driver, 7 counters available
[    1.264188] iommu: Adding device alarmtimer to group 64
[    1.269793] Initialise system trusted keyrings
[    1.273289] workingset: timestamp_bits=30 max_order=19 bucket_order=0
[    1.280849] squashfs: version 4.0 (2009/01/31) Phillip Lougher
[    1.286135] NFS: Registering the id_resolver key type
[    1.290335] Key type id_resolver registered
[    1.294514] Key type id_legacy registered
[    1.303383] Key type asymmetric registered
[    1.305570] Asymmetric key parser 'x509' registered
[    1.310555] bounce: pool size: 64 pages
[    1.314332] io scheduler noop registered (default)
[    1.319003] io scheduler mq-deadline registered
[    1.323525] io scheduler kyber registered
[    1.329315]  usb2-0: usb2-0 supply vbus not found, using dummy regulator
[    1.334329]  usb2-1: usb2-1 supply vbus not found, using dummy regulator
[    1.341286] tegra-xusb-padctl 7009f000.padctl: failed to setup XUSB ports: -517
[    1.357194] tegra-pcie 1003000.pcie: 2x1, 1x1 configuration
[    1.360906] tegra-pcie 1003000.pcie: Failed to get supply 'avddio-pex': -517
[    1.370854] tegra124-dfll 70110000.clock: couldn't get vdd_cpu regulator
[    1.381518] tegra-apbdma 60020000.dma: Tegra20 APB DMA driver register 32 channels
[    1.388466] tegra-pmc 7000e400.pmc: emergency thermal reset enabled
[    1.394044] Serial: 8250/16550 driver, 4 ports, IRQ sharing disabled
[    1.399848] iommu: Adding device serial8250 to group 65
[    1.406806] console [ttyS0] disabled
[    1.408534] 70006300.serial: ttyS0 at MMIO 0x70006300 (irq = 335, base_baud = 25500000) is a Tegra
[    1.417479] console [ttyS0] enabled
[    1.417479] console [ttyS0] enabled
[    1.424044] bootconsole [earlycon0] disabled
[    1.424044] bootconsole [earlycon0] disabled
[    1.433053] 70006000.serial: ttyTHS1 at MMIO 0x70006000 (irq = 333, base_baud = 0) is a TEGRA_UART
[    1.444085] 70006040.serial: ttyTHS2 at MMIO 0x70006040 (irq = 334, base_baud = 0) is a TEGRA_UART
[    1.472676] tegra-hdmi 54280000.hdmi: failed to get HDMI regulator
[    1.492220] loop: module loaded
[    1.496709] at24 0-0056: 256 byte 24c02 EEPROM, writable, 8 bytes/write
[    1.504165] as3722 4-0040: AS3722 with revision 0x1 found
[    1.511806] iommu: Adding device as3722-pinctrl to group 66
[    1.519078] iommu: Adding device as3722-regulator to group 67
[    1.527796] as3722-sd2: supplied by +5V_SYS
[    1.532505] as3722-sd3: supplied by +5V_SYS
[    1.536930] +1.35V_LP0(sd3): Bringing 0uV into 1350000-1350000uV
[    1.543318] as3722-sd4: supplied by +5V_SYS
[    1.547982] as3722-sd5: supplied by +5V_SYS
[    1.554102] as3722-ldo0: supplied by +1.35V_LP0(sd2)
[    1.560211] +1.8V_RUN_CAM: Bringing 0uV into 1800000-1800000uV
[    1.566477] as3722-ldo2: supplied by +1.8V_VDDIO
[    1.572450] as3722-ldo3: supplied by +3.3V_SYS
[    1.576946] +1.05V_LP0_VDD_RTC: Bringing 1100000uV into 1000000-1000000uV
[    1.584780] as3722-ldo4: supplied by +3.3V_SYS
[    1.589455] +2.8V_RUN_CAM: Bringing 0uV into 2800000-2800000uV
[    1.595724] as3722-ldo5: supplied by +1.8V_VDDIO
[    1.600574] +1.2V_RUN_CAM_FRONT: Bringing 0uV into 1200000-1200000uV
[    1.607544] +VDDIO_SDMMC3: bypassed regulator has no supply!
[    1.613217] +VDDIO_SDMMC3: failed to get the current voltage(-517)
[    1.619397] as3722-regulator as3722-regulator: regulator 13 register failed -517
[    1.629626] iommu: Adding device as3722-rtc to group 68
[    1.635037] iommu: Adding device as3722-adc to group 69
[    1.640405] iommu: Adding device as3722-power-off to group 70
[    1.646321] iommu: Adding device as3722-wdt to group 71
[    1.652323] tegra-ahci 70027000.sata: couldn't get PHY in node sata: -517
[    1.670934] m25p80 spi1.0: w25q32dw (4096 Kbytes)
[    1.677662] iommu: Adding device Fixed MDIO bus.0 to group 72
[    1.683626] libphy: Fixed MDIO Bus: probed
[    1.687719] CAN device driver interface
[    1.691627] igb: Intel(R) Gigabit Ethernet Network Driver - version 5.4.0-k
[    1.698578] igb: Copyright (c) 2007-2014 Intel Corporation.
[    1.704309] pegasus: v0.9.3 (2013/04/25), Pegasus/Pegasus II USB Ethernet driver
[    1.711798] usbcore: registered new interface driver pegasus
[    1.717519] usbcore: registered new interface driver asix
[    1.722987] usbcore: registered new interface driver ax88179_178a
[    1.729121] usbcore: registered new interface driver cdc_ether
[    1.735042] usbcore: registered new interface driver smsc75xx
[    1.740845] usbcore: registered new interface driver smsc95xx
[    1.746661] usbcore: registered new interface driver net1080
[    1.752392] usbcore: registered new interface driver cdc_subset
[    1.758352] usbcore: registered new interface driver zaurus
[    1.764021] usbcore: registered new interface driver cdc_ncm
[    1.769917] tegra-phy 7d000000.usb-phy: no vbus regulator
[    1.775566] tegra-phy 7d004000.usb-phy: no vbus regulator
[    1.781287] ehci_hcd: USB 2.0 'Enhanced' Host Controller (EHCI) Driver
[    1.787806] ehci-pci: EHCI PCI platform driver
[    1.792329] tegra-ehci: Tegra EHCI driver
[    1.799178] tegra-ehci 7d004000.usb: EHCI Host Controller
[    1.804617] tegra-ehci 7d004000.usb: new USB bus registered, assigned bus number 1
[    1.812434] tegra-ehci 7d004000.usb: irq 356, io mem 0x7d004000
[    1.841134] tegra-ehci 7d004000.usb: USB 2.0 started, EHCI 1.10
[    1.847956] hub 1-0:1.0: USB hub found
[    1.851768] hub 1-0:1.0: 1 port detected
[    1.856941] usbcore: registered new interface driver cdc_acm
[    1.862613] cdc_acm: USB Abstract Control Model driver for USB modems and ISDN adapters
[    1.870671] usbcore: registered new interface driver cdc_wdm
[    1.876424] usbcore: registered new interface driver usb-storage
[    1.884063] iommu: Adding device ci_hdrc.0 to group 73
[    1.895850] as3722-rtc as3722-rtc: rtc core: registered as3722-rtc as rtc0
[    1.902749] as3722-rtc as3722-rtc: RTC interrupt 379
[    1.910546] tegra_rtc 7000e000.rtc: rtc core: registered 7000e000.rtc as rtc1
[    1.917747] tegra_rtc 7000e000.rtc: Tegra internal Real Time Clock
[    1.924285] i2c /dev entries driver
[    1.929028] usbcore: registered new interface driver uvcvideo
[    1.934790] USB Video Class driver (1.1.1)
[    1.938881] gspca_main: v2.14.0 registered
[    1.943633] lm90 0-004c: 0-004c supply vcc not found, using dummy regulator
[    1.953903] tegra-wdt 60005000.timer: initialized (heartbeat = 120 sec, nowayout = 0)
[    1.962401] iommu: Adding device cpufreq-tegra124 to group 74
[    1.968712] sdhci: Secure Digital Host Controller Interface driver
[    1.974906] sdhci: Copyright(c) Pierre Ossman
[    1.979258] sdhci-pltfm: SDHCI platform and OF driver helper
[    1.985255] sdhci-tegra 700b0400.sdhci: Got CD GPIO
[    1.990144] sdhci-tegra 700b0400.sdhci: Got WP GPIO
[    2.011156] mmc0: Unknown controller version (3). You may experience problems.
[    2.018414] mmc0: Invalid maximum block size, assuming 512 bytes
[    2.081172] mmc0: SDHCI controller on 700b0600.sdhci [700b0600.sdhci] using ADMA
[    2.092664] usbcore: registered new interface driver usbhid
[    2.098336] usbhid: USB HID core driver
[    2.105213] iommu: Adding device snd-soc-dummy to group 75
[    2.157549] mmc0: new high speed MMC card at address 0001
[    2.163553] mmcblk0: mmc0:0001 SEM16G 14.7 GiB 
[    2.168468] mmcblk0boot0: mmc0:0001 SEM16G partition 1 4.00 MiB
[    2.174846] mmcblk0boot1: mmc0:0001 SEM16G partition 2 4.00 MiB
[    2.180954] mmcblk0rpmb: mmc0:0001 SEM16G partition 3 4.00 MiB, chardev (247:0)
[    2.189964]  mmcblk0: p1
[    2.551548] iommu: Adding device 70301100.i2s to group 76
[    2.557810] tegra30-i2s 70301100.i2s: DMA channels sourced from device 70300000.ahub
[    2.578117] tegra-snd-rt5640 sound: rt5640-aif1 <-> 70301100.i2s mapping ok
[    2.588914] input: NVIDIA Tegra Jetson TK1 Headphones as /devices/soc0/sound/sound/card1/input0
[    2.600120] NET: Registered protocol family 10
[    2.605929] Segment Routing with IPv6
[    2.609760] mip6: Mobile IPv6
[    2.612750] sit: IPv6, IPv4 and MPLS over IPv4 tunneling driver
[    2.620151] NET: Registered protocol family 17
[    2.624667] NET: Registered protocol family 15
[    2.629120] can: controller area network core (rev 20170425 abi 9)
[    2.635527] NET: Registered protocol family 29
[    2.639968] can: raw protocol (rev 20170425)
[    2.644252] can: broadcast manager protocol (rev 20170425 t)
[    2.649910] can: netlink gateway (rev 20170425) max_hops=1
[    2.655642] Bluetooth: RFCOMM socket layer initialized
[    2.660791] Bluetooth: RFCOMM ver 1.11
[    2.664577] Bluetooth: BNEP (Ethernet Emulation) ver 1.3
[    2.669889] Bluetooth: BNEP socket layer initialized
[    2.674865] Bluetooth: HIDP (Human Interface Emulation) ver 1.2
[    2.680782] Bluetooth: HIDP socket layer initialized
[    2.686012] Key type dns_resolver registered
[    2.690776] Registering SWP/SWPB emulation handler
[    2.696382] Loading compiled-in X.509 certificates
[    2.719102] +3.3V_RUN: supplied by +3.3V_SYS
[    2.724243] +USB0_VBUS_SW: supplied by +5V_SYS
[    2.728944] +3.3V_AVDD_HDMI_AP_GATED: supplied by +3.3V_RUN
[    2.734979] +5V_USB_HS: supplied by +5V_SYS
[    2.740073] +3.3V_LP0: supplied by +3.3V_SYS
[    2.745429] +5V_HDMI_CON: supplied by +5V_SYS
[    2.750198] +5V_SATA: supplied by +5V_SYS
[    2.754873] +12V_SATA: supplied by +VDD_MUX
[    2.760489]  usb2-0: usb2-0 supply vbus not found, using dummy regulator
[    2.767367]  usb2-1: usb2-1 supply vbus not found, using dummy regulator
[    2.774559]  usb3-0: usb3-0 supply vbus not found, using dummy regulator
[    2.782088] tegra-pcie 1003000.pcie: 2x1, 1x1 configuration
[    2.787699] tegra-pcie 1003000.pcie: Failed to get supply 'avddio-pex': -517
[    2.796852] tegra124-dfll 70110000.clock: couldn't get vdd_cpu regulator
[    2.805856] tegra-hdmi 54280000.hdmi: failed to get PLL regulator
[    2.814373] as3722-sd2: supplied by +5V_SYS
[    2.818877] as3722-sd3: supplied by +5V_SYS
[    2.823404] as3722-sd4: supplied by +5V_SYS
[    2.827884] as3722-sd5: supplied by +5V_SYS
[    2.833833] as3722-ldo0: supplied by +1.35V_LP0(sd2)
[    2.839312] as3722-ldo1: supplied by +3.3V_RUN
[    2.844509] as3722-ldo2: supplied by +1.8V_VDDIO
[    2.850049] as3722-ldo3: supplied by +3.3V_SYS
[    2.855587] as3722-ldo4: supplied by +3.3V_SYS
[    2.860339] as3722-ldo5: supplied by +1.8V_VDDIO
[    2.866154] input: tegra-hda HDMI/DP,pcm=3 as /devices/soc0/70030000.hda/sound/card0/input1
[    2.874766] as3722-ldo6: supplied by +3.3V_RUN
[    2.879760] as3722-ldo7: supplied by +1.8V_VDDIO
[    2.885224] +1.05V_RUN_CAM_REAR: Bringing 0uV into 1050000-1050000uV
[    2.892343] as3722-ldo9: supplied by +5V_SYS
[    2.897803] +3.3V_RUN_TOUCH: Bringing 0uV into 2800000-2800000uV
[    2.904564] as3722-ldo10: supplied by +5V_SYS
[    2.909665] +2.8V_RUN_CAM_AF: Bringing 0uV into 2800000-2800000uV
[    2.916532] as3722-ldo11: supplied by +3.3V_RUN
[    2.921845] +1.8V_RUN_VPP_FUSE: Bringing 0uV into 1800000-1800000uV
[    2.931075] tegra-ahci 70027000.sata: AHCI 0001.0301 32 slots 2 ports 3 Gbps 0x1 impl platform mode
[    2.940152] tegra-ahci 70027000.sata: flags: 64bit ncq sntf pm led pio slum part sadm sds apst 
[    2.950675] scsi host0: tegra-ahci
[    2.955130] scsi host1: tegra-ahci
[    2.958833] ata1: SATA max UDMA/133 mmio [mem 0x70027000-0x70028fff] port 0x100 irq 345
[    2.966877] ata2: DUMMY
[    2.970556] tegra-ehci 7d008000.usb: EHCI Host Controller
[    2.976047] tegra-ehci 7d008000.usb: new USB bus registered, assigned bus number 2
[    2.983934] tegra-ehci 7d008000.usb: irq 357, io mem 0x7d008000
[    3.011234] tegra-ehci 7d008000.usb: USB 2.0 started, EHCI 1.10
[    3.018350] hub 2-0:1.0: USB hub found
[    3.022227] hub 2-0:1.0: 1 port detected
[    3.101902] tegra-xusb 70090000.usb: Firmware timestamp: 2014-09-16 02:10:07 UTC
[    3.109327] tegra-xusb 70090000.usb: xHCI Host Controller
[    3.114771] tegra-xusb 70090000.usb: new USB bus registered, assigned bus number 3
[    3.124941] tegra-xusb 70090000.usb: hcc params 0x0184f525 hci version 0x100 quirks 0x00010010
[    3.133622] tegra-xusb 70090000.usb: irq 347, io mem 0x70090000
[    3.141019] hub 3-0:1.0: USB hub found
[    3.144896] hub 3-0:1.0: 6 ports detected
[    3.149762] tegra-xusb 70090000.usb: xHCI Host Controller
[    3.155238] tegra-xusb 70090000.usb: new USB bus registered, assigned bus number 4
[    3.162996] usb usb4: We don't know the algorithms for LPM for this host, disabling LPM.
[    3.172352] hub 4-0:1.0: USB hub found
[    3.176147] hub 4-0:1.0: 2 ports detected
[    3.182177] sdhci-tegra 700b0400.sdhci: Got CD GPIO
[    3.187105] sdhci-tegra 700b0400.sdhci: Got WP GPIO
[    3.200393] mmc1: Unknown controller version (3). You may experience problems.
[    3.207772] mmc1: Invalid maximum block size, assuming 512 bytes
[    3.271505] mmc1: SDHCI controller on 700b0400.sdhci [700b0400.sdhci] using ADMA
[    3.279237] tegra-pcie 1003000.pcie: 2x1, 1x1 configuration
[    3.290147] tegra-pcie 1003000.pcie: probing port 0, using 2 lanes
[    3.294370] ata1: SATA link down (SStatus 0 SControl 300)
[    3.305177] tegra-pcie 1003000.pcie: Slot present pin change, signature: 00000008
[    3.333377] tegra-pcie 1003000.pcie: probing port 1, using 1 lanes
[    3.341185] tegra-pcie 1003000.pcie: Slot present pin change, signature: 00000000
[    3.355169] tegra-pcie 1003000.pcie: PCI host bridge to bus 0000:00
[    3.361475] pci_bus 0000:00: root bus resource [io  0x0000-0xffff]
[    3.367651] pci_bus 0000:00: root bus resource [mem 0x13000000-0x1fffffff]
[    3.374586] pci_bus 0000:00: root bus resource [mem 0x20000000-0x3fffffff pref]
[    3.381964] pci_bus 0000:00: root bus resource [bus 00-ff]
[    3.387532] pci 0000:00:01.0: [10de:0e12] type 01 class 0x060400
[    3.393564] pci_bus 0000:00: 2-byte config write to 0000:00:01.0 offset 0x4 may corrupt adjacent RW1C bits
[    3.403226] pci_bus 0000:00: 2-byte config write to 0000:00:01.0 offset 0x4 may corrupt adjacent RW1C bits
[    3.412946] pci 0000:00:01.0: enabling Extended Tags
[    3.417966] pci_bus 0000:00: 2-byte config write to 0000:00:01.0 offset 0x88 may corrupt adjacent RW1C bits
[    3.427774] pci_bus 0000:00: 2-byte config write to 0000:00:01.0 offset 0x52 may corrupt adjacent RW1C bits
[    3.437560] pci 0000:00:01.0: PME# supported from D0 D1 D2 D3hot D3cold
[    3.444189] pci_bus 0000:00: 2-byte config write to 0000:00:01.0 offset 0x4c may corrupt adjacent RW1C bits
[    3.454238] pci 0000:00:02.0: [10de:0e13] type 01 class 0x060400
[    3.460309] pci_bus 0000:00: 2-byte config write to 0000:00:02.0 offset 0x4 may corrupt adjacent RW1C bits
[    3.470012] pci_bus 0000:00: 2-byte config write to 0000:00:02.0 offset 0x4 may corrupt adjacent RW1C bits
[    3.479700] pci 0000:00:02.0: enabling Extended Tags
[    3.484681] pci_bus 0000:00: 2-byte config write to 0000:00:02.0 offset 0x88 may corrupt adjacent RW1C bits
[    3.494483] pci_bus 0000:00: 2-byte config write to 0000:00:02.0 offset 0x52 may corrupt adjacent RW1C bits
[    3.504317] pci 0000:00:02.0: PME# supported from D0 D1 D2 D3hot D3cold
[    3.510968] pci_bus 0000:00: 2-byte config write to 0000:00:02.0 offset 0x4c may corrupt adjacent RW1C bits
[    3.521059] PCI: bus0: Fast back to back transfers disabled
[    3.526656] pci 0000:00:01.0: bridge configuration invalid ([bus 00-00]), reconfiguring
[    3.534733] pci 0000:00:02.0: bridge configuration invalid ([bus 00-00]), reconfiguring
[    3.543030] pci 0000:01:00.0: [8086:4232] type 00 class 0x028000
[    3.549138] pci 0000:01:00.0: reg 0x10: [mem 0x00000000-0x00001fff 64bit]
[    3.556286] PCI: bus1: Fast back to back transfers disabled
[    3.561933] pci_bus 0000:01: busn_res: [bus 01-ff] end is updated to 01
[    3.568818] pci 0000:02:00.0: [10ec:8168] type 00 class 0x020000
[    3.574925] pci 0000:02:00.0: reg 0x10: [io  0x0000-0x00ff]
[    3.580588] pci 0000:02:00.0: reg 0x18: [mem 0x00000000-0x00000fff 64bit]
[    3.587465] pci 0000:02:00.0: reg 0x20: [mem 0x00000000-0x00003fff 64bit pref]
[    3.594957] PCI: bus2: Fast back to back transfers disabled
[    3.600597] pci_bus 0000:02: busn_res: [bus 02-ff] end is updated to 02
[    3.607338] pci 0000:00:01.0: BAR 8: assigned [mem 0x13000000-0x130fffff]
[    3.614333] mmc1: new high speed SDHC card at address aaaa
[    3.620411] mmcblk1: mmc1:aaaa SD04G 3.69 GiB 
[    3.625416] pci 0000:00:02.0: BAR 8: assigned [mem 0x13100000-0x131fffff]
[    3.632311] pci 0000:00:02.0: BAR 9: assigned [mem 0x20000000-0x200fffff 64bit pref]
[    3.640297] pci 0000:00:02.0: BAR 7: assigned [io  0x1000-0x1fff]
[    3.646503] pci 0000:01:00.0: BAR 0: assigned [mem 0x13000000-0x13001fff 64bit]
[    3.654027] pci 0000:00:01.0: PCI bridge to [bus 01]
[    3.659065] pci 0000:00:01.0:   bridge window [mem 0x13000000-0x130fffff]
[    3.666066] pci 0000:02:00.0: BAR 4: assigned [mem 0x20000000-0x20003fff 64bit pref]
[    3.673932] pci 0000:02:00.0: BAR 2: assigned [mem 0x13100000-0x13100fff 64bit]
[    3.681452] pci 0000:02:00.0: BAR 0: assigned [io  0x1000-0x10ff]
[    3.687619] pci 0000:00:02.0: PCI bridge to [bus 02]
[    3.692865] pci 0000:00:02.0:   bridge window [io  0x1000-0x1fff]
[    3.699028] pci 0000:00:02.0:   bridge window [mem 0x13100000-0x131fffff]
[    3.706085] pci 0000:00:02.0:   bridge window [mem 0x20000000-0x200fffff 64bit pref]
[    3.713969] pci 0000:00:01.0: nv_msi_ht_cap_quirk didn't locate host bridge
[    3.721282] pcieport 0000:00:01.0: enabling device (0140 -> 0142)
[    3.727948] pcieport 0000:00:01.0: Signaling PME with IRQ 395
[    3.734194] pci 0000:00:02.0: nv_msi_ht_cap_quirk didn't locate host bridge
[    3.741510]  mmcblk1: p1 p2 p3
[    3.744822] pcieport 0000:00:02.0: enabling device (0140 -> 0143)
[    3.751685] pcieport 0000:00:02.0: Signaling PME with IRQ 396
[    3.758408] r8169 Gigabit Ethernet driver 2.3LK-NAPI loaded
[    3.764062] r8169 0000:02:00.0: enabling device (0140 -> 0143)
[    3.769924] r8169 0000:02:00.0 (unnamed net_device) (uninitialized): not PCI Express
[    3.802879] r8169 0000:02:00.0 eth0: RTL8168g/8111g at 0xf0a0e000, 00:04:4b:3a:d9:81, XID 0c000800 IRQ 22
[    3.812506] r8169 0000:02:00.0 eth0: jumbo features [frames: 9200 bytes, tx checksumming: ko]
[    3.824777] +1.05V_RUN_AVDD_HDMI_PLL: supplied by +1.05V_RUN
[    3.833946] [drm] Supports vblank timestamp caching Rev 2 (21.10.2013).
[    3.840572] [drm] No driver support for vblank timestamp query.
[    3.979418] tegra-hdmi 54280000.hdmi: cannot set audio to 48000 Hz at 297000000 Hz pixel clock
[    4.226546] Console: switching to colour frame buffer device 512x135
[    4.322522] drm drm: fb0:  frame buffer device
[    4.327050] [drm] Initialized tegra 0.0.0 20120330 for drm on minor 0
[    4.334361] iommu: Adding device cpufreq-dt.0 to group 77
[    4.340020] cpufreq: cpufreq_online: CPU0: Running at unlisted freq: 696000 KHz
[    4.347367] cpufreq: cpufreq_online: CPU0: Unlisted initial frequency changed to: 714000 KHz
[    4.356397] input: gpio-keys as /devices/soc0/gpio-keys/input/input2
[    4.363789] as3722-rtc as3722-rtc: setting system clock to 2000-01-01 00:03:28 UTC (946685008)
[    4.372550] cfg80211: Loading compiled-in X.509 certificates for regulatory database
[    4.382179] cfg80211: Loaded X.509 cert 'sforshee: 00b28ddf47aef9cea7'
[    4.388798] platform regulatory.0: Direct firmware load for regulatory.db failed with error -2
[    4.397455] cfg80211: failed to load regulatory.db
[    4.397800] +USB0_VBUS_SW: disabling
[    4.397816] +1.8V_RUN_CAM: disabling
[    4.402384] +2.8V_RUN_CAM: disabling
[    4.406003] +1.2V_RUN_CAM_FRONT: disabling
[    4.409597] +1.05V_RUN_CAM_REAR: disabling
[    4.413193] +3.3V_RUN_TOUCH: disabling
[    4.417303] +2.8V_RUN_CAM_AF: disabling
[    4.421443] +1.8V_RUN_VPP_FUSE: disabling
[    4.425194] ALSA device list:
[    4.425197]   #0: tegra-hda at 0x70038000 irq 346
[    4.425199]   #1: NVIDIA Tegra Jetson TK1
[    4.445590] EXT4-fs (mmcblk0p1): mounting ext3 file system using the ext4 subsystem
[    4.470464] EXT4-fs (mmcblk0p1): recovery complete
[    4.475443] EXT4-fs (mmcblk0p1): mounted filesystem with ordered data mode. Opts: (null)
[    4.483594] VFS: Mounted root (ext3 filesystem) on device 179:1.
[    4.494922] devtmpfs: mounted
[    4.498364] Freeing unused kernel memory: 1024K
bash: cannot set terminal process group (-1): Inappropriate ioctl for device
bash: no job control in this shell
root@(none):/# mount -t sysfs none /sys
root@(none):/# 
root@(none):/# mount -t debugfs none /sys/kernel/debug
root@(none):/# 
root@(none):/# rtcwake -d rtc1 -m mem -s 3
rtcwake: assuming RTC uses UTC ...
rtcwake: wakeup from "mem" using /dev/rtc1 at Thu Jan  1 00:00:20 1970
[    7.360852] PM: suspend entry (deep)
[    7.364476] PM: Syncing filesystems ... done.
[    7.371966] Freezing user space processes ... (elapsed 0.001 seconds) done.
[    7.373156] OOM killer disabled.
[    7.373158] Freezing remaining freezable tasks ... (elapsed 0.001 seconds) done.
[    7.374357] Suspending console(s) (use no_console_suspend to debug)
[    7.705370] Disabling non-boot CPUs ...
[    7.862542] Entering suspend state LP1
[    7.862568] Enabling non-boot CPUs ...
[    7.863471] CPU1 is up
[    7.864288] CPU2 is up
[    7.865168] CPU3 is up
[    7.865937] pcieport 0000:00:02.0: nv_msi_ht_cap_quirk didn't locate host bridge
[    7.865940] pcieport 0000:00:01.0: nv_msi_ht_cap_quirk didn't locate host bridge
[    7.911499] tegra-hdmi 54280000.hdmi: cannot set audio to 48000 Hz at 297000000 Hz pixel clock
[    8.213852] ata1: SATA link down (SStatus 0 SControl 300)
[   10.888936] OOM killer enabled.
[   10.892091] Restarting tasks ... done.
root@(none):/# 
root@(none):/# [   10.896546] PM: suspend exit
rtcwake -d rtc1 -m mem -s 3
rtcwake: assuming RTC uses UTC ...
rtcwake: wakeup from "mem" using /dev/rtc1 at Thu Jan  1 00:00:27 1970
[   11.553746] PM: suspend entry (deep)
[   11.557317] PM: Syncing filesystems ... done.
[   11.562695] Freezing user space processes ... (elapsed 0.001 seconds) done.
[   11.563924] OOM killer disabled.
[   11.563925] Freezing remaining freezable tasks ... (elapsed 0.001 seconds) done.
[   11.565111] Suspending console(s) (use no_console_suspend to debug)
[   11.674321] pci_generic_config_write32: 78 callbacks suppressed
[   11.674328] pci_bus 0000:00: 2-byte config write to 0000:00:02.0 offset 0x9c may corrupt adjacent RW1C bits
[   11.675365] pci_bus 0000:00: 2-byte config write to 0000:00:01.0 offset 0x9c may corrupt adjacent RW1C bits
[   11.885001] Disabling non-boot CPUs ...
[   12.051220] IRQ17 no longer affine to CPU3
[   12.051724] Entering suspend state LP1
[   12.051734] Enabling non-boot CPUs ...
[   12.052476] CPU1 is up
[   12.053127] CPU2 is up
[   12.053814] CPU3 is up
[   12.054293] pci_bus 0000:00: 2-byte config write to 0000:00:02.0 offset 0x4c may corrupt adjacent RW1C bits
[   12.054300] pci_bus 0000:00: 2-byte config write to 0000:00:01.0 offset 0x4c may corrupt adjacent RW1C bits
[   12.054310] pci_bus 0000:00: 2-byte config write to 0000:00:02.0 offset 0x88 may corrupt adjacent RW1C bits
[   12.054315] pci_bus 0000:00: 2-byte config write to 0000:00:01.0 offset 0x88 may corrupt adjacent RW1C bits
[   12.054320] pci_bus 0000:00: 2-byte config write to 0000:00:02.0 offset 0x90 may corrupt adjacent RW1C bits
[   12.054324] pci_bus 0000:00: 2-byte config write to 0000:00:01.0 offset 0x90 may corrupt adjacent RW1C bits
[   12.054329] pci_bus 0000:00: 2-byte config write to 0000:00:02.0 offset 0x98 may corrupt adjacent RW1C bits
[   12.054333] pci_bus 0000:00: 2-byte config write to 0000:00:01.0 offset 0x98 may corrupt adjacent RW1C bits
[   12.054429] pcieport 0000:00:01.0: nv_msi_ht_cap_quirk didn't locate host bridge
[   12.054430] pcieport 0000:00:02.0: nv_msi_ht_cap_quirk didn't locate host bridge
[   12.101459] tegra-hdmi 54280000.hdmi: cannot set audio to 48000 Hz at 297000000 Hz pixel clock
[   12.403722] ata1: SATA link down (SStatus 0 SControl 300)
[   15.176159] OOM killer enabled.
[   15.179288] Restarting tasks ... done.
[   15.233705] PM: suspend exit
root@(none):/# 
root@(none):/# rtcwake -d rtc1 -m mem -s 3
rtcwake: assuming RTC uses UTC ...
rtcwake: wakeup from "mem" using /dev/rtc1 at Thu Jan  1 00:00:34 1970
[   15.743097] PM: suspend entry (deep)
[   15.746670] PM: Syncing filesystems ... done.
[   15.752310] Freezing user space processes ... (elapsed 0.001 seconds) done.
[   15.753633] OOM killer disabled.
[   15.753635] Freezing remaining freezable tasks ... (elapsed 0.001 seconds) done.
[   15.754833] Suspending console(s) (use no_console_suspend to debug)
[   16.075247] Disabling non-boot CPUs ...
[   16.121261] IRQ17 no longer affine to CPU1
[   16.241849] Entering suspend state LP1
[   16.241872] Enabling non-boot CPUs ...
[   16.242677] CPU1 is up
[   16.243365] CPU2 is up
[   16.244102] CPU3 is up
[   16.244722] pcieport 0000:00:01.0: nv_msi_ht_cap_quirk didn't locate host bridge
[   16.244723] pcieport 0000:00:02.0: nv_msi_ht_cap_quirk didn't locate host bridge
[   16.291490] tegra-hdmi 54280000.hdmi: cannot set audio to 48000 Hz at 297000000 Hz pixel clock
[   16.593693] ata1: SATA link down (SStatus 0 SControl 300)
[   19.272836] OOM killer enabled.
[   19.275966] Restarting tasks ... done.
root@(none):/# 
root@(none):/# [   19.280283] PM: suspend exit
rtcwake -d rtc1 -m mem -s 3
rtcwake: assuming RTC uses UTC ...
rtcwake: wakeup from "mem" using /dev/rtc1 at Thu Jan  1 00:00:41 1970
[   19.932500] PM: suspend entry (deep)
[   19.936076] PM: Syncing filesystems ... done.
[   19.941820] Freezing user space processes ... (elapsed 0.001 seconds) done.
[   19.943026] OOM killer disabled.
[   19.943028] Freezing remaining freezable tasks ... (elapsed 0.001 seconds) done.
[   19.944232] Suspending console(s) (use no_console_suspend to debug)
[   20.055960] pci_generic_config_write32: 46 callbacks suppressed
[   20.055967] pci_bus 0000:00: 2-byte config write to 0000:00:02.0 offset 0x9c may corrupt adjacent RW1C bits
[   20.055990] pci_bus 0000:00: 2-byte config write to 0000:00:01.0 offset 0x9c may corrupt adjacent RW1C bits
[   20.265182] Disabling non-boot CPUs ...
[   20.441792] Entering suspend state LP1
[   20.441815] Enabling non-boot CPUs ...
[   20.442624] CPU1 is up
[   20.443318] CPU2 is up
[   20.444066] CPU3 is up
[   20.444562] pci_bus 0000:00: 2-byte config write to 0000:00:01.0 offset 0x4c may corrupt adjacent RW1C bits
[   20.444572] pci_bus 0000:00: 2-byte config write to 0000:00:01.0 offset 0x88 may corrupt adjacent RW1C bits
[   20.444577] pci_bus 0000:00: 2-byte config write to 0000:00:01.0 offset 0x90 may corrupt adjacent RW1C bits
[   20.444581] pci_bus 0000:00: 2-byte config write to 0000:00:01.0 offset 0x98 may corrupt adjacent RW1C bits
[   20.444586] pci_bus 0000:00: 2-byte config write to 0000:00:01.0 offset 0x9c may corrupt adjacent RW1C bits
[   20.444590] pci_bus 0000:00: 2-byte config write to 0000:00:01.0 offset 0xa8 may corrupt adjacent RW1C bits
[   20.444594] pci_bus 0000:00: 2-byte config write to 0000:00:01.0 offset 0xb0 may corrupt adjacent RW1C bits
[   20.444620] pci_bus 0000:00: 2-byte config write to 0000:00:01.0 offset 0x52 may corrupt adjacent RW1C bits
[   20.444649] pcieport 0000:00:01.0: nv_msi_ht_cap_quirk didn't locate host bridge
[   20.444760] pcieport 0000:00:02.0: nv_msi_ht_cap_quirk didn't locate host bridge
[   20.491437] tegra-hdmi 54280000.hdmi: cannot set audio to 48000 Hz at 297000000 Hz pixel clock
[   20.793777] ata1: SATA link down (SStatus 0 SControl 300)
[   23.562102] OOM killer enabled.
[   23.565231] Restarting tasks ... done.
root@(none):/# 
root@(none):/# [   23.569778] PM: suspend exit
rtcwake -d rtc1 -m mem -s 3
rtcwake: assuming RTC uses UTC ...
rtcwake: wakeup from "mem" using /dev/rtc1 at Thu Jan  1 00:00:48 1970
[   24.145865] PM: suspend entry (deep)
[   24.149456] PM: Syncing filesystems ... done.
[   24.155568] Freezing user space processes ... (elapsed 0.001 seconds) done.
[   24.156799] OOM killer disabled.
[   24.156801] Freezing remaining freezable tasks ... (elapsed 0.001 seconds) done.
[   24.158028] Suspending console(s) (use no_console_suspend to debug)
[   24.464969] Disabling non-boot CPUs ...
[   24.511250] IRQ17 no longer affine to CPU1
[   24.631795] Entering suspend state LP1
[   24.631820] Enabling non-boot CPUs ...
[   24.632776] CPU1 is up
[   24.633620] CPU2 is up
[   24.634529] CPU3 is up
[   24.635295] pcieport 0000:00:02.0: nv_msi_ht_cap_quirk didn't locate host bridge
[   24.635297] pcieport 0000:00:01.0: nv_msi_ht_cap_quirk didn't locate host bridge
[   24.681436] tegra-hdmi 54280000.hdmi: cannot set audio to 48000 Hz at 297000000 Hz pixel clock
[   24.983768] ata1: SATA link down (SStatus 0 SControl 300)
[   27.673014] OOM killer enabled.
[   27.676144] Restarting tasks ... done.
root@(none):/# 
root@(none):/# [   27.680498] PM: suspend exit
rtcwake -d rtc1 -m mem -s 3
rtcwake: assuming RTC uses UTC ...
rtcwake: wakeup from "mem" using /dev/rtc1 at Thu Jan  1 00:00:55 1970
[   28.322299] PM: suspend entry (deep)
[   28.325871] PM: Syncing filesystems ... done.
[   28.331518] Freezing user space processes ... (elapsed 0.001 seconds) done.
[   28.332769] OOM killer disabled.
[   28.332771] Freezing remaining freezable tasks ... (elapsed 0.001 seconds) done.
[   28.333970] Suspending console(s) (use no_console_suspend to debug)
[   28.444825] pci_generic_config_write32: 46 callbacks suppressed
[   28.444832] pci_bus 0000:00: 2-byte config write to 0000:00:02.0 offset 0x9c may corrupt adjacent RW1C bits
[   28.444841] pci_bus 0000:00: 2-byte config write to 0000:00:01.0 offset 0x9c may corrupt adjacent RW1C bits
[   28.655146] Disabling non-boot CPUs ...
[   28.831723] Entering suspend state LP1
[   28.831746] Enabling non-boot CPUs ...
[   28.832537] CPU1 is up
[   28.833202] CPU2 is up
[   28.833925] CPU3 is up
[   28.834429] pci_bus 0000:00: 2-byte config write to 0000:00:02.0 offset 0x4c may corrupt adjacent RW1C bits
[   28.834438] pci_bus 0000:00: 2-byte config write to 0000:00:01.0 offset 0x4c may corrupt adjacent RW1C bits
[   28.834447] pci_bus 0000:00: 2-byte config write to 0000:00:02.0 offset 0x88 may corrupt adjacent RW1C bits
[   28.834452] pci_bus 0000:00: 2-byte config write to 0000:00:02.0 offset 0x90 may corrupt adjacent RW1C bits
[   28.834457] pci_bus 0000:00: 2-byte config write to 0000:00:01.0 offset 0x88 may corrupt adjacent RW1C bits
[   28.834462] pci_bus 0000:00: 2-byte config write to 0000:00:02.0 offset 0x98 may corrupt adjacent RW1C bits
[   28.834467] pci_bus 0000:00: 2-byte config write to 0000:00:01.0 offset 0x90 may corrupt adjacent RW1C bits
[   28.834471] pci_bus 0000:00: 2-byte config write to 0000:00:02.0 offset 0x9c may corrupt adjacent RW1C bits
[   28.834569] pcieport 0000:00:02.0: nv_msi_ht_cap_quirk didn't locate host bridge
[   28.834570] pcieport 0000:00:01.0: nv_msi_ht_cap_quirk didn't locate host bridge
[   28.881396] tegra-hdmi 54280000.hdmi: cannot set audio to 48000 Hz at 297000000 Hz pixel clock
[   29.183654] ata1: SATA link down (SStatus 0 SControl 300)
[   31.951995] OOM killer enabled.
[   31.955124] Restarting tasks ... done.
root@(none):/# 
root@(none):/# [   31.959568] PM: suspend exit
rtcwake -d rtc1 -m mem -s 3
rtcwake: assuming RTC uses UTC ...
rtcwake: wakeup from "mem" using /dev/rtc1 at Thu Jan  1 00:01:02 1970
[   32.523036] PM: suspend entry (deep)
[   32.526607] PM: Syncing filesystems ... done.
[   32.532248] Freezing user space processes ... (elapsed 0.001 seconds) done.
[   32.533501] OOM killer disabled.
[   32.533503] Freezing remaining freezable tasks ... (elapsed 0.001 seconds) done.
[   32.534702] Suspending console(s) (use no_console_suspend to debug)
[   32.855158] Disabling non-boot CPUs ...
[   32.931154] IRQ17 no longer affine to CPU1
[   33.051738] Entering suspend state LP1
[   33.051764] Enabling non-boot CPUs ...
[   33.052706] CPU1 is up
[   33.053524] CPU2 is up
[   33.054415] CPU3 is up
[   33.055165] pcieport 0000:00:01.0: nv_msi_ht_cap_quirk didn't locate host bridge
[   33.055167] pcieport 0000:00:02.0: nv_msi_ht_cap_quirk didn't locate host bridge
[   33.111409] tegra-hdmi 54280000.hdmi: cannot set audio to 48000 Hz at 297000000 Hz pixel clock
[   33.403792] ata1: SATA link down (SStatus 0 SControl 300)
[   36.082854] OOM killer enabled.
[   36.085986] Restarting tasks ... done.
root@(none):/# 
root@(none):/# [   36.090464] PM: suspend exit
rtcwake -d rtc1 -m mem -s 3
rtcwake: assuming RTC uses UTC ...
rtcwake: wakeup from "mem" using /dev/rtc1 at Thu Jan  1 00:01:09 1970
[   36.752404] PM: suspend entry (deep)
[   36.755976] PM: Syncing filesystems ... done.
[   36.761428] Freezing user space processes ... (elapsed 0.001 seconds) done.
[   36.762775] OOM killer disabled.
[   36.762777] Freezing remaining freezable tasks ... (elapsed 0.001 seconds) done.
[   36.763976] Suspending console(s) (use no_console_suspend to debug)
[   36.875888] pci_generic_config_write32: 46 callbacks suppressed
[   36.875895] pci_bus 0000:00: 2-byte config write to 0000:00:01.0 offset 0x9c may corrupt adjacent RW1C bits
[   36.876962] pci_bus 0000:00: 2-byte config write to 0000:00:02.0 offset 0x9c may corrupt adjacent RW1C bits
[   37.085212] Disabling non-boot CPUs ...
[   37.191120] IRQ17 no longer affine to CPU2
[   37.251652] Entering suspend state LP1
[   37.251675] Enabling non-boot CPUs ...
[   37.252485] CPU1 is up
[   37.253175] CPU2 is up
[   37.253921] CPU3 is up
[   37.254438] pci_bus 0000:00: 2-byte config write to 0000:00:02.0 offset 0x4c may corrupt adjacent RW1C bits
[   37.254447] pci_bus 0000:00: 2-byte config write to 0000:00:01.0 offset 0x4c may corrupt adjacent RW1C bits
[   37.254458] pci_bus 0000:00: 2-byte config write to 0000:00:02.0 offset 0x88 may corrupt adjacent RW1C bits
[   37.254463] pci_bus 0000:00: 2-byte config write to 0000:00:01.0 offset 0x88 may corrupt adjacent RW1C bits
[   37.254468] pci_bus 0000:00: 2-byte config write to 0000:00:02.0 offset 0x90 may corrupt adjacent RW1C bits
[   37.254473] pci_bus 0000:00: 2-byte config write to 0000:00:01.0 offset 0x90 may corrupt adjacent RW1C bits
[   37.254478] pci_bus 0000:00: 2-byte config write to 0000:00:02.0 offset 0x98 may corrupt adjacent RW1C bits
[   37.254482] pci_bus 0000:00: 2-byte config write to 0000:00:01.0 offset 0x98 may corrupt adjacent RW1C bits
[   37.254581] pcieport 0000:00:02.0: nv_msi_ht_cap_quirk didn't locate host bridge
[   37.254582] pcieport 0000:00:01.0: nv_msi_ht_cap_quirk didn't locate host bridge
[   37.301316] tegra-hdmi 54280000.hdmi: cannot set audio to 48000 Hz at 297000000 Hz pixel clock
[   37.603625] ata1: SATA link down (SStatus 0 SControl 300)
[   40.376091] OOM killer enabled.
[   40.379221] Restarting tasks ... done.
root@(none):/# 
root@(none):/# [   40.383469] PM: suspend exit
rtcwake -d rtc1 -m mem -s 3
rtcwake: assuming RTC uses UTC ...
rtcwake: wakeup from "mem" using /dev/rtc1 at Thu Jan  1 00:01:16 1970
[   40.952871] PM: suspend entry (deep)
[   40.956441] PM: Syncing filesystems ... done.
[   40.961887] Freezing user space processes ... (elapsed 0.001 seconds) done.
[   40.963084] OOM killer disabled.
[   40.963086] Freezing remaining freezable tasks ... (elapsed 0.001 seconds) done.
[   40.964290] Suspending console(s) (use no_console_suspend to debug)
[   41.275160] Disabling non-boot CPUs ...
[   41.481094] IRQ17 no longer affine to CPU2
[   41.531604] Entering suspend state LP1
[   41.531616] Enabling non-boot CPUs ...
[   41.532560] CPU1 is up
[   41.533376] CPU2 is up
[   41.534267] CPU3 is up
[   41.535011] pcieport 0000:00:01.0: nv_msi_ht_cap_quirk didn't locate host bridge
[   41.535013] pcieport 0000:00:02.0: nv_msi_ht_cap_quirk didn't locate host bridge
[   41.581370] tegra-hdmi 54280000.hdmi: cannot set audio to 48000 Hz at 297000000 Hz pixel clock
[   41.883751] ata1: SATA link down (SStatus 0 SControl 300)
[   44.562919] OOM killer enabled.
[   44.566049] Restarting tasks ... done.
root@(none):/# 
root@(none):/# [   44.570286] PM: suspend exit
rtcwake -d rtc1 -m mem -s 3
rtcwake: assuming RTC uses UTC ...
rtcwake: wakeup from "mem" using /dev/rtc1 at Thu Jan  1 00:01:23 1970
[   45.232843] PM: suspend entry (deep)
[   45.236418] PM: Syncing filesystems ... done.
[   45.242125] Freezing user space processes ... (elapsed 0.001 seconds) done.
[   45.243365] OOM killer disabled.
[   45.243367] Freezing remaining freezable tasks ... (elapsed 0.001 seconds) done.
[   45.244565] Suspending console(s) (use no_console_suspend to debug)
[   45.555204] pci_generic_config_write32: 46 callbacks suppressed
[   45.555242] pci_bus 0000:00: 2-byte config write to 0000:00:01.0 offset 0x9c may corrupt adjacent RW1C bits
[   45.556461] pci_bus 0000:00: 2-byte config write to 0000:00:02.0 offset 0x9c may corrupt adjacent RW1C bits
[   45.790124] Disabling non-boot CPUs ...
[   45.832344] IRQ17 no longer affine to CPU1
[   45.965163] Entering suspend state LP1
[   45.965188] Enabling non-boot CPUs ...
[   45.966151] CPU1 is up
[   45.966989] CPU2 is up
[   45.967898] CPU3 is up
[   45.968476] pci_bus 0000:00: 2-byte config write to 0000:00:02.0 offset 0x4c may corrupt adjacent RW1C bits
[   45.968484] pci_bus 0000:00: 2-byte config write to 0000:00:01.0 offset 0x4c may corrupt adjacent RW1C bits
[   45.968495] pci_bus 0000:00: 2-byte config write to 0000:00:02.0 offset 0x88 may corrupt adjacent RW1C bits
[   45.968502] pci_bus 0000:00: 2-byte config write to 0000:00:02.0 offset 0x90 may corrupt adjacent RW1C bits
[   45.968509] pci_bus 0000:00: 2-byte config write to 0000:00:02.0 offset 0x98 may corrupt adjacent RW1C bits
[   45.968516] pci_bus 0000:00: 2-byte config write to 0000:00:01.0 offset 0x88 may corrupt adjacent RW1C bits
[   45.968521] pci_bus 0000:00: 2-byte config write to 0000:00:02.0 offset 0x9c may corrupt adjacent RW1C bits
[   45.968527] pci_bus 0000:00: 2-byte config write to 0000:00:01.0 offset 0x90 may corrupt adjacent RW1C bits
[   45.968633] pcieport 0000:00:02.0: nv_msi_ht_cap_quirk didn't locate host bridge
[   45.968634] pcieport 0000:00:01.0: nv_msi_ht_cap_quirk didn't locate host bridge
[   46.011344] tegra-hdmi 54280000.hdmi: cannot set audio to 48000 Hz at 297000000 Hz pixel clock
[   46.313632] ata1: SATA link down (SStatus 0 SControl 300)
[   49.095878] OOM killer enabled.
[   49.099006] Restarting tasks ... done.
root@(none):/# 
root@(none):/# [   49.103538] PM: suspend exit
NVTB SYSTEM SUSPEND TEST COMPLETE
