Diff for ./tegra30-beaver/tegra30-beaver/tegra_defconfig_log.txt
--- /tmp/fooa	2013-10-27 17:00:58.009952396 -0700
+++ /tmp/foob	2013-10-27 17:00:58.009952396 -0700
@@ -22,25 +22,25 @@
 Sending: 
 
 Transfer complete
-yzModem - CRC mode, 8(SOH)/4380(STX)/0(CAN) packets, 3 retries
-## Total Size      = 0x004472a8 = 4485800 Bytes
+yzModem - CRC mode, 2(SOH)/4381(STX)/0(CAN) packets, 3 retries
+## Total Size      = 0x004473f8 = 4486136 Bytes
 Tegra30 (Beaver) # loady 0x82000000
 ## Ready for binary (ymodem) download to 0x82000000 at 230400 bps...
 CSending: tegra30-beaver.dtb
 Sending: 
 
 Transfer complete
-yzModem - CRC mode, 6(SOH)/20(STX)/0(CAN) packets, 3 retries
-## Total Size      = 0x000051a8 = 20904 Bytes
+xyzModem - CRC mode, 2(SOH)/17(STX)/0(CAN) packets, 3 retries
+## Total Size      = 0x0000439d = 17309 Bytes
 Tegra30 (Beaver) # bootz 0x81000000 - 0x82000000
 ## Flattened Device Tree blob at 82000000
    Booting using the fdt blob at 0x82000000
-   Loading Device Tree to 8fff7000, end 8ffff1a7 ... OK
+   Loading Device Tree to 8fff8000, end 8ffff39c ... OK
 
 Starting kernel .ø†ø†æ€˜€æ€˜€fæžÎžæžøÎxÎøÎžøž~8˜†žøžf†ø†ø†8xþžøžf†8àÎžþž`Îžøž~8~€žf8æÎxžfžø†æ€˜€[    0.000000] Booting Linux on physical CPU 0x0
 Initializing cgroup subsys cpu
 Initializing cgroup subsys cpuacct
-Linux version 3.12.0-rc6-23919-g31d141e (pwalmsley@tamien) (gcc version 4.5.1 (Sourcery G++ Lite 2010.09-50) ) #1 SMP PREEMPT Sat Oct 19 23:28:24 PDT 2013
+Linux version 3.12.0-rc7-24251-g959f585 (pwalmsley@tamien) (gcc version 4.5.1 (Sourcery G++ Lite 2010.09-50) ) #1 SMP PREEMPT Sun Oct 27 16:35:15 PDT 2013
 CPU: ARMv7 Processor [412fc099] revision 9 (ARMv7), cr=10c5387d
 CPU: PIPT / VIPT nonaliasing data cache, VIPT aliasing instruction cache
 Machine: NVIDIA Tegra SoC (Flattened Device Tree), model: NVIDIA Tegra30 Beaver evaluation board
@@ -48,7 +48,7 @@
 cma: CMA: reserved 16 MiB at ae800000
 Memory policy: ECC disabled, Data cache writealloc
 On node 0 totalpages: 524032
-free_area_init_node: node 0, pgdat c084cf80, node_mem_map c08a5000
+free_area_init_node: node 0, pgdat c084efc0, node_mem_map c08a7000
   Normal zone: 1520 pages used for memmap
   Normal zone: 0 pages reserved
   Normal zone: 194560 pages, LIFO batch:31
@@ -59,7 +59,7 @@
 Tegra Revision: A03 SKU: 128 CPU Process: 4 Core Process: 0
 L310 cache controller enabled
 l2x0: 8 ways, CACHE_ID 0x410000c7, AUX_CTRL 0x7e480001, Cache size: 1024 kB
-PERCPU: Embedded 8 pages/cpu @c18b8000 s9088 r8192 d15488 u32768
+PERCPU: Embedded 8 pages/cpu @c18b9000 s9088 r8192 d15488 u32768
 pcpu-alloc: s9088 r8192 d15488 u32768 alloc=8*4096
 pcpu-alloc: [0] 0 [0] 1 [0] 2 [0] 3 
 Built 1 zonelists in Zone order, mobility grouping on.  Total pages: 522512
@@ -67,7 +67,7 @@
 PID hash table entries: 4096 (order: 2, 16384 bytes)
 Dentry cache hash table entries: 131072 (order: 7, 524288 bytes)
 Inode-cache hash table entries: 65536 (order: 6, 262144 bytes)
-Memory: 2053432K/2096128K available (6108K kernel code, 305K rwdata, 1816K rodata, 236K init, 342K bss, 42696K reserved, 1317888K highmem)
+Memory: 2053432K/2096128K available (6112K kernel code, 305K rwdata, 1816K rodata, 236K init, 342K bss, 42696K reserved, 1317888K highmem)
 Virtual kernel memory layout:
     vector  : 0xffff0000 - 0xffff1000   (   4 kB)
     fixmap  : 0xfff00000 - 0xfffe0000   ( 896 kB)
@@ -75,10 +75,10 @@
     lowmem  : 0xc0000000 - 0xef800000   ( 760 MB)
     pkmap   : 0xbfe00000 - 0xc0000000   (   2 MB)
     modules : 0xbf000000 - 0xbfe00000   (  14 MB)
-      .text : 0xc0008000 - 0xc07c54b4   (7926 kB)
-      .init : 0xc07c6000 - 0xc0801380   ( 237 kB)
-      .data : 0xc0802000 - 0xc084e5c0   ( 306 kB)
-       .bss : 0xc084e5cc - 0xc08a415c   ( 343 kB)
+      .text : 0xc0008000 - 0xc07c64d8   (7930 kB)
+      .init : 0xc07c7000 - 0xc0802380   ( 237 kB)
+      .data : 0xc0804000 - 0xc0850600   ( 306 kB)
+       .bss : 0xc085060c - 0xc08a619c   ( 343 kB)
 Preemptible hierarchical RCU implementation.
 NR_IRQS:16 nr_irqs:16 16
 sched_clock: 32 bits at 1000kHz, resolution 1000ns, wraps every 4294967ms
@@ -90,7 +90,7 @@
 Initializing cgroup subsys freezer
 CPU: Testing write buffer coherency: ok
 CPU0: thread -1, cpu 0, socket 0, mpidr 80000000
-Setting up static identity map for 0xc05cfcf0 - 0xc05cfd88
+Setting up static identity map for 0xc05d0230 - 0xc05d02c8
 CPU1: Booted secondary processor
 CPU1: thread -1, cpu 1, socket 0, mpidr 80000001
 CPU2: Booted secondary processor
@@ -184,14 +184,19 @@
 squashfs: version 4.0 (2009/01/31) Phillip Lougher
 msgmni has been set to 1468
 io scheduler noop registered (default)
-platform 3000.pcie-controller: Driver tegra-pcie requests probe deferral
 tegra-apbdma 6000a000.dma: Tegra20 APB DMA driver register 32 channels
 Serial: 8250/16550 driver, 4 ports, IRQ sharing disabled
 70006000.serial: ttyS0 at MMIO 0x70006000 (irq = 68, base_baud = 25500000) is a Tegra
 console [ttyS0] enabled
 [drm] Initialized drm 1.1.0 20060810
-tegra-hdmi 54280000.hdmi: failed to get VDD regulator
-platform 54280000.hdmi: Driver tegra-hdmi requests probe deferral
+[drm] Supports vblank timestamp caching Rev 1 (10.10.2010).
+[drm] No driver support for vblank timestamp query.
+tegra-host1x 50000000.host1x: No connectors reported connected with modes
+[drm] Cannot find any crtc or sizes - going 1024x768
+Console: switching to colour frame buffer device 128x48
+tegra-host1x 50000000.host1x: fb0:  frame buffer device
+tegra-host1x 50000000.host1x: registered panic notifier
+[drm] Initialized tegra 0.0.0 20120330 on minor 0
 loop: module loaded
 m25p80 spi32766.1: w25q32 (4096 Kbytes)
 pegasus: v0.9.3 (2013/04/25), Pegasus/Pegasus II USB Ethernet driver
@@ -209,7 +214,6 @@
 ehci_hcd: USB 2.0 'Enhanced' Host Controller (EHCI) Driver
 ehci-pci: EHCI PCI platform driver
 tegra-ehci: Tegra EHCI driver
-platform 7d008000.usb: Driver tegra-ehci requests probe deferral
 usbcore: registered new interface driver cdc_acm
 cdc_acm: USB Abstract Control Model driver for USB modems and ISDN adapters
 usbcore: registered new interface driver cdc_wdm
@@ -265,60 +269,7 @@
 sys_3v3,vdd_3v3_alw: supplied by vdd_5v_in
 sys_3v3_pexs: 3300 mV 
 sys_3v3_pexs: supplied by sys_3v3,vdd_3v3_alw
-tegra-pcie 3000.pcie-controller: 2x3 configuration
-tegra-pcie 3000.pcie-controller: probing port 0, using 2 lanes
-tegra-pcie 3000.pcie-controller: probing port 2, using 2 lanes
-tegra-pcie 3000.pcie-controller: link 2 down, retrying
-tegra-pcie 3000.pcie-controller: link 2 down, retrying
-tegra-pcie 3000.pcie-controller: link 2 down, retrying
-tegra-pcie 3000.pcie-controller: link 2 down, ignoring
-tegra-pcie 3000.pcie-controller: PCI host bridge to bus 0000:00
-pci_bus 0000:00: root bus resource [mem 0x20000000-0x27ffffff]
-pci_bus 0000:00: root bus resource [mem 0x28000000-0x3fffffff pref]
-pci_bus 0000:00: root bus resource [bus 00-ff]
-pci_bus 0000:00: root bus resource [io  0x1000-0xffff]
-pci 0000:00:01.0: [10de:0e1c] type 01 class 0x060400
-pci 0000:00:01.0: PME# supported from D0 D1 D2 D3hot D3cold
-PCI: bus0: Fast back to back transfers disabled
-pci 0000:00:01.0: bridge configuration invalid ([bus 00-00]), reconfiguring
-pci 0000:01:00.0: [10ec:8168] type 00 class 0x020000
-pci 0000:01:00.0: reg 0x10: [io  0x0000-0x00ff]
-pci 0000:01:00.0: reg 0x18: [mem 0x00000000-0x00000fff 64bit pref]
-pci 0000:01:00.0: reg 0x20: [mem 0x00000000-0x00003fff 64bit pref]
-pci 0000:01:00.0: supports D1 D2
-pci 0000:01:00.0: PME# supported from D0 D1 D2 D3hot D3cold
-PCI: bus1: Fast back to back transfers disabled
-pci_bus 0000:01: busn_res: [bus 01-ff] end is updated to 01
-pci 0000:00:01.0: BAR 9: assigned [mem 0x28000000-0x280fffff 64bit pref]
-pci 0000:00:01.0: BAR 7: assigned [io  0x1000-0x1fff]
-pci 0000:01:00.0: BAR 4: assigned [mem 0x28000000-0x28003fff 64bit pref]
-pci 0000:01:00.0: BAR 2: assigned [mem 0x28004000-0x28004fff 64bit pref]
-pci 0000:01:00.0: BAR 0: assigned [io  0x1000-0x10ff]
-pci 0000:00:01.0: PCI bridge to [bus 01]
-pci 0000:00:01.0:   bridge window [io  0x1000-0x1fff]
-pci 0000:00:01.0:   bridge window [mem 0x28000000-0x280fffff 64bit pref]
-pci 0000:00:01.0: nv_msi_ht_cap_quirk didn't locate host bridge
-r8169 Gigabit Ethernet driver 2.3LK-NAPI loaded
-pcieport 0000:00:01.0: driver skip pci_set_master, fix it!
-PCI: enabling device 0000:01:00.0 (0140 -> 0143)
-r8169 0000:01:00.0 eth0: RTL8168evl/8111evl at 0xf0022000, 02:04:4b:01:60:a6, XID 0c900800 IRQ 472
-r8169 0000:01:00.0 eth0: jumbo features [frames: 9200 bytes, tx checksumming: ko]
-[drm] Supports vblank timestamp caching Rev 1 (10.10.2010).
-[drm] No driver support for vblank timestamp query.
-tegra-host1x 50000000.host1x: No connectors reported connected with modes
-[drm] Cannot find any crtc or sizes - going 1024x768
-Console: switching to colour frame buffer device 128x48
-tegra-host1x 50000000.host1x: fb0:  frame buffer device
-tegra-host1x 50000000.host1x: registered panic notifier
-[drm] Initialized tegra 0.0.0 20120330 on minor 0
-utmi_phy_clk_enable: timeout waiting for phy to stabilize
-tegra-ehci 7d008000.usb: EHCI Host Controller
-tegra-ehci 7d008000.usb: new USB bus registered, assigned bus number 1
-tegra-ehci 7d008000.usb: irq 129, io mem 0x7d008000
-tegra-ehci 7d008000.usb: USB 2.0 started, EHCI 1.00
-hub 1-0:1.0: USB hub found
-hub 1-0:1.0: 1 port detected
-tegra_rtc 7000e000.rtc: setting system clock to 1970-01-01 00:03:51 UTC (231)
+tegra_rtc 7000e000.rtc: setting system clock to 1970-01-01 00:03:49 UTC (229)
 ALSA device list:
   #0: NVIDIA Tegra Beaver
 kjournald starting.  Commit interval 5 seconds
@@ -327,11 +278,11 @@
 EXT3-fs (mmcblk0p1): mounted filesystem with writeback data mode
 VFS: Mounted root (ext3 filesystem) on device 179:1.
 devtmpfs: mounted
-Freeing unused kernel memory: 236K (c07c6000 - c0801000)
+Freeing unused kernel memory: 236K (c07c7000 - c0802000)
  
 INIT: version 2.88 booting
 Using makefile-style concurrent boot in runlevel S.
-Starting the hotplug events dispatcher: udevd[    4.111594] udevd[178]: starting version 175
+Starting the hotplug events dispatcher: udevd[    2.684417] udevd[177]: starting version 175
 [ ok .
 Synthesizing the initial hotplug events...[ ok done.
 Waiting for /dev to be fully populated...[ ok done.
Diff for ./tegra30-beaver/tegra30-beaver/multi_v7_defconfig_log.txt
--- /tmp/fooa	2013-10-27 17:00:58.013952400 -0700
+++ /tmp/foob	2013-10-27 17:00:58.017952405 -0700
@@ -22,32 +22,32 @@
 Sending: 
 
 Transfer complete
-yzModem - CRC mode, 4(SOH)/3846(STX)/0(CAN) packets, 3 retries
-## Total Size      = 0x003c1888 = 3938440 Bytes
+xyzModem - CRC mode, 9(SOH)/3883(STX)/0(CAN) packets, 3 retries
+## Total Size      = 0x003caf18 = 3976984 Bytes
 Tegra30 (Beaver) # loady 0x82000000
 ## Ready for binary (ymodem) download to 0x82000000 at 230400 bps...
 CSending: tegra30-beaver.dtb
 Sending: 
 
 Transfer complete
-yzModem - CRC mode, 6(SOH)/20(STX)/0(CAN) packets, 3 retries
-## Total Size      = 0x000051a8 = 20904 Bytes
+yzModem - CRC mode, 2(SOH)/17(STX)/0(CAN) packets, 3 retries
+## Total Size      = 0x0000439d = 17309 Bytes
 Tegra30 (Beaver) # bootz 0x81000000 - 0x82000000
 ## Flattened Device Tree blob at 82000000
    Booting using the fdt blob at 0x82000000
-   Loading Device Tree to 8fff7000, end 8ffff1a7 ... OK
+   Loading Device Tree to 8fff8000, end 8ffff39c ... OK
 
 Starting kernel ...
 
 Booting Linux on physical CPU 0x0
-Linux version 3.12.0-rc6-23919-g31d141e (pwalmsley@kaivo) (gcc version 4.5.1 (Sourcery G++ Lite 2010.09-50) ) #1 SMP Sat Oct 19 23:26:53 PDT 2013
+Linux version 3.11.6-12917-g5070441 (pwalmsley@kaivo) (gcc version 4.5.1 (Sourcery G++ Lite 2010.09-50) ) #1 SMP Sun Oct 27 16:32:30 PDT 2013
 CPU: ARMv7 Processor [412fc099] revision 9 (ARMv7), cr=10c5387d
 CPU: PIPT / VIPT nonaliasing data cache, VIPT aliasing instruction cache
 Machine: NVIDIA Tegra SoC (Flattened Device Tree), model: NVIDIA Tegra30 Beaver evaluation board
 debug: ignoring loglevel setting.
 Memory policy: ECC disabled, Data cache writealloc
 On node 0 totalpages: 524032
-free_area_init_node: node 0, pgdat c07a2a40, node_mem_map c07ea000
+free_area_init_node: node 0, pgdat c07b6a40, node_mem_map c07fe000
   DMA zone: 1520 pages used for memmap
   DMA zone: 0 pages reserved
   DMA zone: 194560 pages, LIFO batch:31
@@ -57,26 +57,26 @@
 Tegra30: CPU Speedo ID 5, Soc Speedo ID 2
 Tegra Revision: A03 SKU: 128 CPU Process: 4 Core Process: 0
 L310 cache controller enabled
-l2x0: 8 ways, CACHE_ID 0x410000c7, AUX_CTRL 0x7e480001, Cache size: 1024 kB
-PERCPU: Embedded 5 pages/cpu @c17fd000 s6976 r0 d13504 u32768
-pcpu-alloc: s6976 r0 d13504 u32768 alloc=8*4096
+l2x0: 8 ways, CACHE_ID 0x410000c7, AUX_CTRL 0x7e480001, Cache size: 1048576 B
+PERCPU: Embedded 5 pages/cpu @c1810000 s7168 r0 d13312 u32768
+pcpu-alloc: s7168 r0 d13312 u32768 alloc=8*4096
 pcpu-alloc: [0] 0 [0] 1 [0] 2 [0] 3 
 Built 1 zonelists in Zone order, mobility grouping on.  Total pages: 522512
 Kernel command line: console=ttyS0,230400n8 noinitrd root=/dev/mmcblk0p1 rw rootwait gpt ignore_loglevel debug
 PID hash table entries: 4096 (order: 2, 16384 bytes)
 Dentry cache hash table entries: 131072 (order: 7, 524288 bytes)
 Inode-cache hash table entries: 65536 (order: 6, 262144 bytes)
-Memory: 2070644K/2096128K available (5332K kernel code, 590K rwdata, 1388K rodata, 474K init, 278K bss, 25484K reserved, 1317888K highmem)
+Memory: 2070572K/2096128K available (5387K kernel code, 584K rwdata, 1416K rodata, 479K init, 279K bss, 25556K reserved, 1317888K highmem)
 Virtual kernel memory layout:
     vector  : 0xffff0000 - 0xffff1000   (   4 kB)
     fixmap  : 0xfff00000 - 0xfffe0000   ( 896 kB)
     vmalloc : 0xf0000000 - 0xff000000   ( 240 MB)
     lowmem  : 0xc0000000 - 0xef800000   ( 760 MB)
     pkmap   : 0xbfe00000 - 0xc0000000   (   2 MB)
-      .text : 0xc0008000 - 0xc06984f4   (6722 kB)
-      .init : 0xc0699000 - 0xc070fb40   ( 475 kB)
-      .data : 0xc0710000 - 0xc07a3820   ( 591 kB)
-       .bss : 0xc07a3828 - 0xc07e9074   ( 279 kB)
+      .text : 0xc0008000 - 0xc06ad094   (6805 kB)
+      .init : 0xc06ae000 - 0xc0725c00   ( 479 kB)
+      .data : 0xc0726000 - 0xc07b8180   ( 585 kB)
+       .bss : 0xc07b8180 - 0xc07fde54   ( 280 kB)
 SLUB: HWalign=64, Order=0-3, MinObjects=0, CPUs=4, Nodes=1
 Hierarchical RCU implementation.
 NR_IRQS:16 nr_irqs:16 16
@@ -87,7 +87,7 @@
 Mount-cache hash table entries: 512
 CPU: Testing write buffer coherency: ok
 CPU0: thread -1, cpu 0, socket 0, mpidr 80000000
-Setting up static identity map for 0xc0510a78 - 0xc0510b10
+Setting up static identity map for 0xc051d540 - 0xc051d5d8
 unable to find compatible sirf rstc node in dtb
 CPU1: Booted secondary processor
 CPU1: thread -1, cpu 1, socket 0, mpidr 80000001
@@ -96,14 +96,14 @@
 CPU3: Booted secondary processor
 CPU3: thread -1, cpu 3, socket 0, mpidr 80000003
 Brought up 4 CPUs
-SMP: Total of 4 processors activated.
+SMP: Total of 4 processors activated (5590.22 BogoMIPS).
 CPU: All CPU(s) started in SVC mode.
 devtmpfs: initialized
-VFP support v0.3: implementor 41 architecture 3 part 30 variant 9 rev 4
 pinctrl core: initialized pinctrl subsystem
 regulator-dummy: no parameters
 NET: Registered protocol family 16
 DMA: preallocated 256 KiB pool for atomic coherent allocations
+unable to find compatible sirf pwrc node in dtb
 Serial: AMBA PL011 UART driver
 bio: create slab <bio-0> at 0
 edma-dma-engine edma-dma-engine.0: Can't allocate PaRAM dummy slot
@@ -122,6 +122,7 @@
 reg-fixed-voltage 7.regulator: Failed to find supply vin
 reg-fixed-voltage 7.regulator: Failed to register regulator: -517
 platform 7.regulator: Driver reg-fixed-voltage requests probe deferral
+vgaarb: loaded
 SCSI subsystem initialized
 libata version 3.00 loaded.
 usbcore: registered new interface driver usbfs
@@ -145,6 +146,7 @@
 RPC: Registered udp transport module.
 RPC: Registered tcp transport module.
 RPC: Registered tcp NFSv4.1 backchannel transport module.
+PCI: CLS 0 bytes, default 64
 bounce pool size: 64 pages
 NFS: Registering the id_resolver key type
 Key type id_resolver registered
@@ -156,19 +158,25 @@
 tegra-apbdma 6000a000.dma: Tegra20 APB DMA driver register 32 channels
 Serial: 8250/16550 driver, 4 ports, IRQ sharing disabled
 Serial: IMX driver
-70006000.serial: ttyS0 at MMIO 0x70006000 (irq = 68, base_baud = 25500000) is a Tegra
+70006000.serial: ttyS0 at MMIO 0x70006000 (irq = 68) is a Tegra
 console [ttyS0] enabled
 serial: Freescale lpuart driver
 [drm] Initialized drm 1.1.0 20060810
-tegra-hdmi 54280000.hdmi: failed to get VDD regulator
-platform 54280000.hdmi: Driver tegra-hdmi requests probe deferral
+[drm] Supports vblank timestamp caching Rev 1 (10.10.2010).
+[drm] No driver support for vblank timestamp query.
+tegra-host1x 50000000.host1x: No connectors reported connected with modes
+[drm] Cannot find any crtc or sizes - going 1024x768
+Console: switching to colour frame buffer device 128x48
+tegra-host1x 50000000.host1x: fb0:  frame buffer device
+tegra-host1x 50000000.host1x: registered panic notifier
+[drm] Initialized tegra 0.0.0 20120330 on minor 0
 ehci_hcd: USB 2.0 'Enhanced' Host Controller (EHCI) Driver
+ehci-pci: EHCI PCI platform driver
 ehci-platform: EHCI generic platform driver
 ehci-omap: OMAP-EHCI Host Controller driver
 ehci-orion: EHCI orion driver
 SPEAr-ehci: EHCI SPEAr driver
 tegra-ehci: Tegra EHCI driver
-platform 7d008000.usb: Driver tegra-ehci requests probe deferral
 usbcore: registered new interface driver usb-storage
 mousedev: PS/2 mouse device common for all mice
 tegra_rtc 7000e000.rtc: rtc core: registered 7000e000.rtc as rtc0
@@ -192,6 +200,7 @@
 NET: Registered protocol family 10
 sit: IPv6 over IPv4 tunneling driver
 Key type dns_resolver registered
+VFP support v0.3: implementor 41 architecture 3 part 30 variant 9 rev 4
 Registering SWP/SWPB emulation handler
 platform 1.regulator: Driver reg-fixed-voltage requests probe deferral
 platform 2.regulator: Driver reg-fixed-voltage requests probe deferral
@@ -200,25 +209,7 @@
 reg-fixed-voltage 7.regulator: Failed to find supply vin
 reg-fixed-voltage 7.regulator: Failed to register regulator: -517
 platform 7.regulator: Driver reg-fixed-voltage requests probe deferral
-tegra-hdmi 54280000.hdmi: failed to get VDD regulator
-platform 54280000.hdmi: Driver tegra-hdmi requests probe deferral
-utmi_phy_clk_enable: timeout waiting for phy to stabilize
-tegra-ehci 7d008000.usb: EHCI Host Controller
-tegra-ehci 7d008000.usb: new USB bus registered, assigned bus number 1
-tegra-ehci 7d008000.usb: irq 129, io mem 0x7d008000
-tegra-ehci 7d008000.usb: USB 2.0 started, EHCI 1.00
-hub 1-0:1.0: USB hub found
-hub 1-0:1.0: 1 port detected
-platform 1.regulator: Driver reg-fixed-voltage requests probe deferral
-platform 2.regulator: Driver reg-fixed-voltage requests probe deferral
-platform 6.regulator: Driver reg-fixed-voltage requests probe deferral
-sys_3v3_pexs: 3300 mV 
-reg-fixed-voltage 7.regulator: Failed to find supply vin
-reg-fixed-voltage 7.regulator: Failed to register regulator: -517
-platform 7.regulator: Driver reg-fixed-voltage requests probe deferral
-tegra-hdmi 54280000.hdmi: failed to get VDD regulator
-platform 54280000.hdmi: Driver tegra-hdmi requests probe deferral
-tegra_rtc 7000e000.rtc: setting system clock to 1970-01-01 00:03:23 UTC (203)
+tegra_rtc 7000e000.rtc: setting system clock to 1970-01-01 00:03:26 UTC (206)
 Waiting for root device /dev/mmcblk0p1...
 mmc1: new high speed MMC card at address 0001
 mmcblk0: mmc1:0001 SEM16G 14.8 GiB 
@@ -236,18 +227,16 @@
 reg-fixed-voltage 7.regulator: Failed to find supply vin
 reg-fixed-voltage 7.regulator: Failed to register regulator: -517
 platform 7.regulator: Driver reg-fixed-voltage requests probe deferral
-tegra-hdmi 54280000.hdmi: failed to get VDD regulator
-platform 54280000.hdmi: Driver tegra-hdmi requests probe deferral
 EXT4-fs (mmcblk0p1): mounting ext3 file system using the ext4 subsystem
 EXT4-fs (mmcblk0p1): recovery complete
 EXT4-fs (mmcblk0p1): mounted filesystem with ordered data mode. Opts: (null)
 VFS: Mounted root (ext3 filesystem) on device 179:1.
 devtmpfs: mounted
-Freeing unused kernel memory: 472K (c0699000 - c070f000)
+Freeing unused kernel memory: 476K (c06ae000 - c0725000)
  
 INIT: version 2.88 booting
 Using makefile-style concurrent boot in runlevel S.
-Starting the hotplug events dispatcher: udevd[    2.050825] udevd[158]: starting version 175
+Starting the hotplug events dispatcher: udevd[    2.136703] udevd[159]: starting version 175
 [ ok .
 Synthesizing the initial hotplug events...[ ok done.
 Waiting for /dev to be fully populated...[ ok done.
Diff for ./tegra114-dalmore-headless/tegra114-dalmore/tegra_defconfig_log.txt
--- /tmp/fooa	2013-10-27 17:00:58.021952409 -0700
+++ /tmp/foob	2013-10-27 17:00:58.021952409 -0700
@@ -28,37 +28,37 @@
 TFTP from server 192.168.100.1; our IP address is 192.168.100.100
 Filename 'zImage.tegra_defconfig'.
 Load address: 0x81000000
-Loading: *#################################################  2.8 MiB/s
+Loading: *#################################################  2.9 MiB/s
 done
-Bytes transferred = 4485800 (4472a8 hex)
+Bytes transferred = 4486136 (4473f8 hex)
 Dalmore #tftpboot 0x82000000 tegra114-dalmore.dtb
 Using asx0 device
 TFTP from server 192.168.100.1; our IP address is 192.168.100.100
 Filename 'tegra114-dalmore.dtb'.
 Load address: 0x82000000
-Loading: *#################################################  2.8 MiB/s
+Loading: *#################################################  2.3 MiB/s
 done
-Bytes transferred = 29073 (7191 hex)
+Bytes transferred = 24048 (5df0 hex)
 Dalmore #bootz 0x81000000 - 0x82000000
 ## Flattened Device Tree blob at 82000000
    Booting using the fdt blob at 0x82000000
-   Loading Device Tree to 81ff5000, end 81fff190 ... OK
+   Loading Device Tree to 81ff7000, end 81fffdef ... OK
 
 Starting kernel ...
 
 Timer summary in microseconds:
        Mark    Elapsed  Stage
           0          0  awake
-  2,125,648  2,125,648  usb_start
-  6,129,047  4,003,399  eth_start
-  6,129,045         -2  tftp start
- 12,606,022  6,476,977  tftp done
- 14,141,842  1,535,820  start_kernel
+  2,149,681  2,149,681  usb_start
+  6,153,124  4,003,443  eth_start
+  6,153,121         -3  tftp start
+ 10,062,683  3,909,562  tftp done
+ 12,165,458  2,102,775  start_kernel
 Uncompressing Linux... done, booting the kernel.
 Booting Linux on physical CPU 0x0
 Initializing cgroup subsys cpu
 Initializing cgroup subsys cpuacct
-Linux version 3.12.0-rc6-23919-g31d141e (pwalmsley@tamien) (gcc version 4.5.1 (Sourcery G++ Lite 2010.09-50) ) #1 SMP PREEMPT Sat Oct 19 23:28:24 PDT 2013
+Linux version 3.12.0-rc7-24251-g959f585 (pwalmsley@tamien) (gcc version 4.5.1 (Sourcery G++ Lite 2010.09-50) ) #1 SMP PREEMPT Sun Oct 27 16:35:15 PDT 2013
 CPU: ARMv7 Processor [412fc0f2] revision 2 (ARMv7), cr=10c5387d
 CPU: PIPT / VIPT nonaliasing data cache, PIPT instruction cache
 Machine: NVIDIA Tegra SoC (Flattened Device Tree), model: NVIDIA Tegra114 Dalmore evaluation board
@@ -66,14 +66,14 @@
 cma: CMA: reserved 16 MiB at ae800000
 Memory policy: ECC disabled, Data cache writealloc
 On node 0 totalpages: 524032
-free_area_init_node: node 0, pgdat c084cf80, node_mem_map c08a5000
+free_area_init_node: node 0, pgdat c084efc0, node_mem_map c08a7000
   Normal zone: 1520 pages used for memmap
   Normal zone: 0 pages reserved
   Normal zone: 194560 pages, LIFO batch:31
   HighMem zone: 2574 pages used for memmap
   HighMem zone: 329472 pages, LIFO batch:31
 Tegra Revision: A01 SKU: 0 CPU Process: 1 Core Process: 1
-PERCPU: Embedded 8 pages/cpu @c18bd000 s9088 r8192 d15488 u32768
+PERCPU: Embedded 8 pages/cpu @c18bc000 s9088 r8192 d15488 u32768
 pcpu-alloc: s9088 r8192 d15488 u32768 alloc=8*4096
 pcpu-alloc: [0] 0 [0] 1 [0] 2 [0] 3 
 Built 1 zonelists in Zone order, mobility grouping on.  Total pages: 522512
@@ -81,7 +81,7 @@
 PID hash table entries: 4096 (order: 2, 16384 bytes)
 Dentry cache hash table entries: 131072 (order: 7, 524288 bytes)
 Inode-cache hash table entries: 65536 (order: 6, 262144 bytes)
-Memory: 2053404K/2096128K available (6108K kernel code, 305K rwdata, 1816K rodata, 236K init, 342K bss, 42724K reserved, 1317888K highmem)
+Memory: 2053416K/2096128K available (6112K kernel code, 305K rwdata, 1816K rodata, 236K init, 342K bss, 42712K reserved, 1317888K highmem)
 Virtual kernel memory layout:
     vector  : 0xffff0000 - 0xffff1000   (   4 kB)
     fixmap  : 0xfff00000 - 0xfffe0000   ( 896 kB)
@@ -89,10 +89,10 @@
     lowmem  : 0xc0000000 - 0xef800000   ( 760 MB)
     pkmap   : 0xbfe00000 - 0xc0000000   (   2 MB)
     modules : 0xbf000000 - 0xbfe00000   (  14 MB)
-      .text : 0xc0008000 - 0xc07c54b4   (7926 kB)
-      .init : 0xc07c6000 - 0xc0801380   ( 237 kB)
-      .data : 0xc0802000 - 0xc084e5c0   ( 306 kB)
-       .bss : 0xc084e5cc - 0xc08a415c   ( 343 kB)
+      .text : 0xc0008000 - 0xc07c64d8   (7930 kB)
+      .init : 0xc07c7000 - 0xc0802380   ( 237 kB)
+      .data : 0xc0804000 - 0xc0850600   ( 306 kB)
+       .bss : 0xc085060c - 0xc08a619c   ( 343 kB)
 Preemptible hierarchical RCU implementation.
 NR_IRQS:16 nr_irqs:16 16
 sched_clock: 32 bits at 1000kHz, resolution 1000ns, wraps every 4294967ms
@@ -111,7 +111,7 @@
 /cpus/cpu@2 missing clock-frequency property
 /cpus/cpu@3 missing clock-frequency property
 CPU0: thread -1, cpu 0, socket 0, mpidr 80000000
-Setting up static identity map for 0xc05cfcf0 - 0xc05cfd88
+Setting up static identity map for 0xc05d0230 - 0xc05d02c8
 CPU1: Booted secondary processor
 CPU1: thread -1, cpu 1, socket 0, mpidr 80000001
 CPU2: Booted secondary processor
@@ -149,7 +149,6 @@
 vdd_hdmi_5v0: Failed to request enable GPIO81: -517
 reg-fixed-voltage 5.regulator: Failed to register regulator: -517
 platform 5.regulator: Driver reg-fixed-voltage requests probe deferral
-platform 6.regulator: Driver reg-fixed-voltage requests probe deferral
 vgaarb: loaded
 SCSI subsystem initialized
 usbcore: registered new interface driver usbfs
@@ -181,49 +180,6 @@
 vdd-sby-5v0: supplied by vdd_ac_bat
 vdd-sby-3v3: no parameters
 vdd-sby-3v3: supplied by vdd_ac_bat
-genirq: Setting trigger mode 8 for irq 118 failed (gic_set_type+0x0/0xf0)
-palmas 1-0058: Irq flag is 0x00000000
-palmas 1-0058: Muxing GPIO ff, PWM 0, LED 0
-vddio-ddr: 1350 mV 
-vddio-ddr: supplied by vdd-ao
-vddio-1v8: 1800 mV 
-vddio-1v8: supplied by vdd-ao
-vdd-core: 900 <--> 1400 mV at 1100 mV 
-vdd-core: supplied by vdd-sys-3v3
-SMPS6: no parameters
-avdd-pll: 1050 mV 
-avdd-pll: supplied by vdd-sys-3v3
-sdhci-vdd-sd-slot: 2800 mV 
-sdhci-vdd-sd-slot: supplied by vdd-sys-3v3
-SMPS10_OUT2: at 5000 mV 
-SMPS10_OUT1: at 5000 mV 
-avdd-cam1: 2800 mV 
-avdd-cam1: supplied by vdd-sys-3v3
-avdd-cam2: 2800 mV 
-avdd-cam2: supplied by vdd-sys-3v3
-avdd-dsi-csi: 1200 mV 
-avdd-dsi-csi: supplied by vddio-1v8
-vpp-fuse: 1800 mV 
-vpp-fuse: supplied by vdd-sys-3v3
-LDO5: at 1200 mV 
-LDO5: supplied by vdd_ac_bat
-vdd-sensor-2v85: 2850 mV 
-vdd-sensor-2v85: supplied by vdd-sys-3v3
-vdd-af-cam1: 2800 mV 
-vdd-af-cam1: supplied by vdd-sys-3v3
-vdd-rtc: 900 mV 
-vdd-rtc: supplied by vdd-ao
-vddio-sdmmc-2: 1800 <--> 3300 mV at 3300 mV 
-vddio-sdmmc-2: supplied by sdhci-vdd-sd-slot
-hvdd-usb: 3300 mV 
-hvdd-usb: supplied by vdd-sys-5v0
-avdd-usb: 3300 mV 
-avdd-usb: supplied by vdd-sys-5v0
-rail-3v3: no parameters
-rail-5v0: no parameters
-REGEN3: no parameters
-SYSEN1: no parameters
-SYSEN2: no parameters
 Linux video capture interface: v2.00
 platform 7000f010.iommu: Driver tegra-smmu requests probe deferral
 Advanced Linux Sound Architecture Driver Initialized.
@@ -274,15 +230,12 @@
 ehci_hcd: USB 2.0 'Enhanced' Host Controller (EHCI) Driver
 ehci-pci: EHCI PCI platform driver
 tegra-ehci: Tegra EHCI driver
-platform 7d008000.usb: Driver tegra-ehci requests probe deferral
 usbcore: registered new interface driver cdc_acm
 cdc_acm: USB Abstract Control Model driver for USB modems and ISDN adapters
 usbcore: registered new interface driver cdc_wdm
 usbcore: registered new interface driver usb-storage
-platform 7d008000.usb-phy: Driver tegra-phy requests probe deferral
 mousedev: PS/2 mouse device common for all mice
-palmas-rtc rtc.7: rtc core: registered rtc.7 as rtc0
-tegra_rtc 7000e000.rtc: rtc core: registered 7000e000.rtc as rtc1
+tegra_rtc 7000e000.rtc: rtc core: registered 7000e000.rtc as rtc0
 tegra_rtc 7000e000.rtc: Tegra internal Real Time Clock
 sbs-battery 0-000b: sbs_probe: Failed to get device status
 sbs-battery: probe of 0-000b failed with error -121
@@ -310,8 +263,8 @@
  mmcblk0: p1 p2 p3 p4 p5
  mmcblk0boot1: unknown partition table
  mmcblk0boot0: unknown partition table
-tegra-snd-rt5640 sound.4:  rt5640-aif1 <-> 70080400.i2s mapping ok
-input: NVIDIA Tegra Dalmore Headphones as /devices/soc0/sound.4/sound/card0/input0
+tegra-snd-rt5640 sound.3:  rt5640-aif1 <-> 70080400.i2s mapping ok
+input: NVIDIA Tegra Dalmore Headphones as /devices/soc0/sound.3/sound/card0/input0
 TCP: cubic registered
 NET: Registered protocol family 10
 mip6: Mobile IPv6
@@ -325,13 +278,6 @@
 Bluetooth: HIDP (Human Interface Emulation) ver 1.2
 Bluetooth: HIDP socket layer initialized
 Registering SWP/SWPB emulation handler
-hvdd-usb: disabling
-vdd-af-cam1: disabling
-vdd-sensor-2v85: disabling
-LDO5: disabling
-vpp-fuse: disabling
-avdd-cam2: disabling
-avdd-cam1: disabling
 vdd-com-3v3: disabling
 vdd-lvds: disabling
 avdd-lcd: disabling
@@ -344,16 +290,7 @@
 usb2_vbus: supplied by vdd-sys-5v0
 vdd_hdmi_5v0: 5000 mV 
 vdd_hdmi_5v0: supplied by vdd-sys-5v0
-vdd_cam_1v8_reg: 1800 mV 
-platform 7d008000.usb: Driver tegra-ehci requests probe deferral
-tegra-ehci 7d008000.usb: EHCI Host Controller
-tegra-ehci 7d008000.usb: new USB bus registered, assigned bus number 1
-tegra-ehci 7d008000.usb: irq 129, io mem 0x7d008000
-tegra-ehci 7d008000.usb: USB 2.0 started, EHCI 1.10
-hub 1-0:1.0: USB hub found
-hub 1-0:1.0: 1 port detected
-input: gpio-keys.2 as /devices/soc0/gpio-keys.2/input/input1
-palmas-rtc rtc.7: setting system clock to 2000-01-14 08:52:11 UTC (947839931)
+tegra_rtc 7000e000.rtc: setting system clock to 1970-01-01 00:00:15 UTC (15)
 ALSA device list:
   #0: NVIDIA Tegra Dalmore
 kjournald starting.  Commit interval 5 seconds
@@ -362,7 +299,7 @@
 EXT3-fs (mmcblk0p1): mounted filesystem with writeback data mode
 VFS: Mounted root (ext3 filesystem) on device 179:1.
 devtmpfs: mounted
-Freeing unused kernel memory: 236K (c07c6000 - c0801000)
+Freeing unused kernel memory: 236K (c07c7000 - c0802000)
 bash: cannot set terminal process group (-1): Inappropriate ioctl for device
 bash: no job control in this shell
-I have no name!@(none):/# [   16.897993] usb 1-1: new high-speed USB device number 2 using tegra-ehci
+I have no name!@(none):/# 
\ No newline at end of file
Diff for ./tegra114-dalmore-headless/tegra114-dalmore/multi_v7_defconfig_log.txt
--- /tmp/fooa	2013-10-27 17:00:58.025952414 -0700
+++ /tmp/foob	2013-10-27 17:00:58.025952414 -0700
@@ -30,7 +30,7 @@
 Load address: 0x81000000
 Loading: *#################################################  2.8 MiB/s
 done
-Bytes transferred = 3938440 (3c1888 hex)
+Bytes transferred = 3976984 (3caf18 hex)
 Dalmore #tftpboot 0x82000000 tegra114-dalmore.dtb
 Using asx0 device
 TFTP from server 192.168.100.1; our IP address is 192.168.100.100
@@ -38,61 +38,61 @@
 Load address: 0x82000000
 Loading: *#################################################  2.5 MiB/s
 done
-Bytes transferred = 29073 (7191 hex)
+Bytes transferred = 24048 (5df0 hex)
 Dalmore #bootz 0x81000000 - 0x82000000
 ## Flattened Device Tree blob at 82000000
    Booting using the fdt blob at 0x82000000
-   Loading Device Tree to 81ff5000, end 81fff190 ... OK
+   Loading Device Tree to 81ff7000, end 81fffdef ... OK
 
 Starting kernel ...
 
 Timer summary in microseconds:
        Mark    Elapsed  Stage
           0          0  awake
-  3,067,383  3,067,383  usb_start
-  7,071,442  4,004,059  eth_start
-  7,071,440         -2  tftp start
- 10,878,376  3,806,936  tftp done
- 13,082,649  2,204,273  start_kernel
+  3,060,710  3,060,710  usb_start
+  7,064,016  4,003,306  eth_start
+  7,064,013         -3  tftp start
+ 10,857,579  3,793,566  tftp done
+ 12,075,812  1,218,233  start_kernel
 Booting Linux on physical CPU 0x0
-Linux version 3.12.0-rc6-23919-g31d141e (pwalmsley@kaivo) (gcc version 4.5.1 (Sourcery G++ Lite 2010.09-50) ) #1 SMP Sat Oct 19 23:26:53 PDT 2013
+Linux version 3.11.6-12917-g5070441 (pwalmsley@kaivo) (gcc version 4.5.1 (Sourcery G++ Lite 2010.09-50) ) #1 SMP Sun Oct 27 16:32:30 PDT 2013
 CPU: ARMv7 Processor [412fc0f2] revision 2 (ARMv7), cr=10c5387d
 CPU: PIPT / VIPT nonaliasing data cache, PIPT instruction cache
 Machine: NVIDIA Tegra SoC (Flattened Device Tree), model: NVIDIA Tegra114 Dalmore evaluation board
 debug: ignoring loglevel setting.
 Memory policy: ECC disabled, Data cache writealloc
 On node 0 totalpages: 524032
-free_area_init_node: node 0, pgdat c07a2a40, node_mem_map c07ea000
+free_area_init_node: node 0, pgdat c07b6a40, node_mem_map c07fe000
   DMA zone: 1520 pages used for memmap
   DMA zone: 0 pages reserved
   DMA zone: 194560 pages, LIFO batch:31
   HighMem zone: 2574 pages used for memmap
   HighMem zone: 329472 pages, LIFO batch:31
 Tegra Revision: A01 SKU: 0 CPU Process: 1 Core Process: 1
-PERCPU: Embedded 5 pages/cpu @c1802000 s6976 r0 d13504 u32768
-pcpu-alloc: s6976 r0 d13504 u32768 alloc=8*4096
+PERCPU: Embedded 5 pages/cpu @c1813000 s7168 r0 d13312 u32768
+pcpu-alloc: s7168 r0 d13312 u32768 alloc=8*4096
 pcpu-alloc: [0] 0 [0] 1 [0] 2 [0] 3 
 Built 1 zonelists in Zone order, mobility grouping on.  Total pages: 522512
 Kernel command line: ignore_loglevel console=ttyS0,115200n8 rw root=/dev/mmcblk0p1 rootwait gpt init=/bin/bash
 PID hash table entries: 4096 (order: 2, 16384 bytes)
 Dentry cache hash table entries: 131072 (order: 7, 524288 bytes)
 Inode-cache hash table entries: 65536 (order: 6, 262144 bytes)
-Memory: 2070616K/2096128K available (5332K kernel code, 590K rwdata, 1388K rodata, 474K init, 278K bss, 25512K reserved, 1317888K highmem)
+Memory: 2070556K/2096128K available (5387K kernel code, 584K rwdata, 1416K rodata, 479K init, 279K bss, 25572K reserved, 1317888K highmem)
 Virtual kernel memory layout:
     vector  : 0xffff0000 - 0xffff1000   (   4 kB)
     fixmap  : 0xfff00000 - 0xfffe0000   ( 896 kB)
     vmalloc : 0xf0000000 - 0xff000000   ( 240 MB)
     lowmem  : 0xc0000000 - 0xef800000   ( 760 MB)
     pkmap   : 0xbfe00000 - 0xc0000000   (   2 MB)
-      .text : 0xc0008000 - 0xc06984f4   (6722 kB)
-      .init : 0xc0699000 - 0xc070fb40   ( 475 kB)
-      .data : 0xc0710000 - 0xc07a3820   ( 591 kB)
-       .bss : 0xc07a3828 - 0xc07e9074   ( 279 kB)
+      .text : 0xc0008000 - 0xc06ad094   (6805 kB)
+      .init : 0xc06ae000 - 0xc0725c00   ( 479 kB)
+      .data : 0xc0726000 - 0xc07b8180   ( 585 kB)
+       .bss : 0xc07b8180 - 0xc07fde54   ( 280 kB)
 SLUB: HWalign=64, Order=0-3, MinObjects=0, CPUs=4, Nodes=1
 Hierarchical RCU implementation.
 NR_IRQS:16 nr_irqs:16 16
 sched_clock: 32 bits at 1000kHz, resolution 1000ns, wraps every 4294967ms
-Architected cp15 timer(s) running at 12.00MHz (virt).
+Architected local timer running at 12.00MHz (virt).
 Switching to timer-based delay loop
 sched_clock: ARM arch timer >56 bits at 12000kHz, resolution 83ns
 Console: colour dummy device 80x30
@@ -105,7 +105,7 @@
 /cpus/cpu@2 missing clock-frequency property
 /cpus/cpu@3 missing clock-frequency property
 CPU0: thread -1, cpu 0, socket 0, mpidr 80000000
-Setting up static identity map for 0xc0510a78 - 0xc0510b10
+Setting up static identity map for 0xc051d540 - 0xc051d5d8
 unable to find compatible sirf rstc node in dtb
 CPU1: Booted secondary processor
 CPU1: thread -1, cpu 1, socket 0, mpidr 80000001
@@ -114,14 +114,14 @@
 CPU3: Booted secondary processor
 CPU3: thread -1, cpu 3, socket 0, mpidr 80000003
 Brought up 4 CPUs
-SMP: Total of 4 processors activated.
+SMP: Total of 4 processors activated (96.00 BogoMIPS).
 CPU: All CPU(s) started in SVC mode.
 devtmpfs: initialized
-VFP support v0.3: implementor 41 architecture 4 part 30 variant f rev 0
 pinctrl core: initialized pinctrl subsystem
 regulator-dummy: no parameters
 NET: Registered protocol family 16
 DMA: preallocated 256 KiB pool for atomic coherent allocations
+unable to find compatible sirf pwrc node in dtb
 Serial: AMBA PL011 UART driver
 bio: create slab <bio-0> at 0
 edma-dma-engine edma-dma-engine.0: Can't allocate PaRAM dummy slot
@@ -142,14 +142,13 @@
 vdd_hdmi_5v0: Failed to request enable GPIO81: -517
 reg-fixed-voltage 5.regulator: Failed to register regulator: -517
 platform 5.regulator: Driver reg-fixed-voltage requests probe deferral
-platform 6.regulator: Driver reg-fixed-voltage requests probe deferral
+vgaarb: loaded
 SCSI subsystem initialized
 libata version 3.00 loaded.
 usbcore: registered new interface driver usbfs
 usbcore: registered new interface driver hub
 usbcore: registered new device driver usb
 vdd-cpu: 500 <--> 1520 mV at 1100 mV 
-genirq: Setting trigger mode 8 for irq 118 failed (gic_set_type+0x0/0x100)
 pps_core: LinuxPPS API ver. 1 registered
 pps_core: Software ver. 5.3.6 - Copyright 2005-2007 Rodolfo Giometti <giometti@linux.it>
 PTP clock support registered
@@ -167,7 +166,7 @@
 RPC: Registered udp transport module.
 RPC: Registered tcp transport module.
 RPC: Registered tcp NFSv4.1 backchannel transport module.
-mop500-uib: failed to get adapter i2c2
+PCI: CLS 0 bytes, default 64
 bounce pool size: 64 pages
 NFS: Registering the id_resolver key type
 Key type id_resolver registered
@@ -179,19 +178,18 @@
 tegra-apbdma 6000a000.dma: Tegra20 APB DMA driver register 32 channels
 Serial: 8250/16550 driver, 4 ports, IRQ sharing disabled
 Serial: IMX driver
-70006300.serial: ttyS0 at MMIO 0x70006300 (irq = 122, base_baud = 25500000) is a Tegra
+70006300.serial: ttyS0 at MMIO 0x70006300 (irq = 122) is a Tegra
 console [ttyS0] enabled
 serial: Freescale lpuart driver
 [drm] Initialized drm 1.1.0 20060810
 ehci_hcd: USB 2.0 'Enhanced' Host Controller (EHCI) Driver
+ehci-pci: EHCI PCI platform driver
 ehci-platform: EHCI generic platform driver
 ehci-omap: OMAP-EHCI Host Controller driver
 ehci-orion: EHCI orion driver
 SPEAr-ehci: EHCI SPEAr driver
 tegra-ehci: Tegra EHCI driver
-platform 7d008000.usb: Driver tegra-ehci requests probe deferral
 usbcore: registered new interface driver usb-storage
-platform 7d008000.usb-phy: Driver tegra-phy requests probe deferral
 mousedev: PS/2 mouse device common for all mice
 tegra_rtc 7000e000.rtc: rtc core: registered 7000e000.rtc as rtc0
 tegra_rtc 7000e000.rtc: Tegra internal Real Time Clock
@@ -213,6 +211,7 @@
 NET: Registered protocol family 10
 sit: IPv6 over IPv4 tunneling driver
 Key type dns_resolver registered
+VFP support v0.3: implementor 41 architecture 4 part 30 variant f rev 0
 Registering SWP/SWPB emulation handler
 dvdd_ts: 1800 mV 
 lcd_bl_en: 5000 mV 
@@ -227,17 +226,15 @@
 vdd_hdmi_5v0: 5000 mV 
 reg-fixed-voltage 5.regulator: Failed to find supply vin
 reg-fixed-voltage 5.regulator: Failed to register regulator: -517
-platform 5.regulator: Driver reg-fixed-voltage requests probe deferral
 mmc1: BKOPS_EN bit is not set
-platform 6.regulator: Driver reg-fixed-voltage requests probe deferral
-platform 7d008000.usb: Driver tegra-ehci requests probe deferral
-platform 7d008000.usb-phy: Driver tegra-phy requests probe deferral
+platform 5.regulator: Driver reg-fixed-voltage requests probe deferral
+tegra_rtc 7000e000.rtc: setting system clock to 1970-01-01 00:00:14 UTC (14)
+Waiting for root device /dev/mmcblk0p1...
 mmc1: new HS200 MMC card at address 0001
 mmcblk0: mmc1:0001 SEM32G 29.1 GiB 
 mmcblk0boot0: mmc1:0001 SEM32G partition 1 4.00 MiB
 mmcblk0boot1: mmc1:0001 SEM32G partition 2 4.00 MiB
 mmcblk0rpmb: mmc1:0001 SEM32G partition 3 4.00 MiB
-tegra_rtc 7000e000.rtc: setting system clock to 1970-01-01 00:00:15 UTC (15)
 Primary GPT is invalid, using alternate GPT.
  mmcblk0: p1 p2 p3 p4 p5
  mmcblk0boot1: unknown partition table
@@ -254,15 +251,12 @@
 reg-fixed-voltage 5.regulator: Failed to find supply vin
 reg-fixed-voltage 5.regulator: Failed to register regulator: -517
 platform 5.regulator: Driver reg-fixed-voltage requests probe deferral
-platform 6.regulator: Driver reg-fixed-voltage requests probe deferral
-platform 7d008000.usb: Driver tegra-ehci requests probe deferral
-platform 7d008000.usb-phy: Driver tegra-phy requests probe deferral
 EXT4-fs (mmcblk0p1): mounting ext3 file system using the ext4 subsystem
 EXT4-fs (mmcblk0p1): recovery complete
 EXT4-fs (mmcblk0p1): mounted filesystem with ordered data mode. Opts: (null)
 VFS: Mounted root (ext3 filesystem) on device 179:1.
 devtmpfs: mounted
-Freeing unused kernel memory: 472K (c0699000 - c070f000)
+Freeing unused kernel memory: 476K (c06ae000 - c0725000)
 bash: cannot set terminal process group (-1): Inappropriate ioctl for device
 bash: no job control in this shell
 I have no name!@(none):/# 
\ No newline at end of file
