
U-Boot SPL 2014.07-00097-g772e173 (Jul 25 2014 - 20:02:52)


U-Boot 2014.07-00097-g772e173 (Jul 25 2014 - 20:02:52)

TEGRA124
Board: NVIDIA Jetson TK1
I2C:   ready
DRAM:  2 GiB
MMC:   Tegra SD/MMC: 0, Tegra SD/MMC: 1
In:    serial
Out:   serial
Err:   serial
Net:   Net Initialization Skipped
No ethernet found.
Hit any key to stop autoboot:  2  0 
Tegra124 (Jetson TK1) # 
Tegra124 (Jetson TK1) # usb reset
(Re)start USB...
USB0:   USB EHCI 1.10
scanning bus 0 for devices... 1 USB Device(s) found
USB1:   USB EHCI 1.10
scanning bus 1 for devices... 2 USB Device(s) found
       scanning usb for storage devices... 0 Storage Device(s) found
       scanning usb for ethernet devices... 
Warning: asx0 using MAC address from net device
1 Ethernet Device(s) found
Tegra124 (Jetson TK1) # setenv bootargs 'ignore_loglevel console=ttyS0,115200n8 rw root=/dev/mmcblk0p1 rootwait gpt debug init=/bin/bash noinitrd'
Tegra124 (Jetson TK1) # setenv ipaddr 192.168.100.102; setenv serverip 192.168.100.1; setenv tftpserverip 192.168.100.1
Tegra124 (Jetson TK1) # tftpboot 0x81000000 zImage.multi_v7_defconfig
Using asx0 device
TFTP from server 192.168.100.1; our IP address is 192.168.100.102
Filename 'zImage.multi_v7_defconfig'.
Load address: 0x81000000
Loading: *#################################################################
	 #################################################################
	 #################################################################
	 #################################################################
	 #################################################################
	 #################################################################
	 ##
	 3.3 MiB/s
done
Bytes transferred = 5748208 (57b5f0 hex)
Tegra124 (Jetson TK1) # tftpboot 0x82000000 tegra124-jetson-tk1.dtb
Using asx0 device
TFTP from server 192.168.100.1; our IP address is 192.168.100.102
Filename 'tegra124-jetson-tk1.dtb'.
Load address: 0x82000000
Loading: *####
	 2.9 MiB/s
done
Bytes transferred = 48898 (bf02 hex)
Tegra124 (Jetson TK1) # bootz 0x81000000 - 0x82000000
Kernel image @ 0x81000000 [ 0x000000 - 0x57b5f0 ]
## Flattened Device Tree blob at 82000000
   Booting using the fdt blob at 0x82000000
   Using Device Tree in place at 82000000, end 8200ef01

Starting kernel ...

[    0.000000] Booting Linux on physical CPU 0x0
[    0.000000] Linux version 3.19.0-rc6-13483-g26bc420b (pwalmsley@tamien) (gcc version 4.7.3 20130328 (prerelease) (crosstool-NG linaro-1.13.1-4.7-2013.04-20130415 - Linaro GCC 2013.04) ) #1 SMP Sun Jan 25 20:34:15 PST 2015
[    0.000000] CPU: ARMv7 Processor [413fc0f3] revision 3 (ARMv7), cr=10c5387d
[    0.000000] CPU: PIPT / VIPT nonaliasing data cache, PIPT instruction cache
[    0.000000] Machine model: NVIDIA Tegra124 Jetson TK1
[    0.000000] debug: ignoring loglevel setting.
[    0.000000] cma: Reserved 64 MiB at 0xfb800000
[    0.000000] Memory policy: Data cache writealloc
[    0.000000] On node 0 totalpages: 524032
[    0.000000] free_area_init_node: node 0, pgdat c0dff300, node_mem_map ee7f8000
[    0.000000]   DMA zone: 1520 pages used for memmap
[    0.000000]   DMA zone: 0 pages reserved
[    0.000000]   DMA zone: 194560 pages, LIFO batch:31
[    0.000000]   HighMem zone: 329472 pages, LIFO batch:31
[    0.000000] PERCPU: Embedded 10 pages/cpu @ee79e000 s8512 r8192 d24256 u40960
[    0.000000] pcpu-alloc: s8512 r8192 d24256 u40960 alloc=10*4096
[    0.000000] pcpu-alloc: [0] 0 [0] 1 [0] 2 [0] 3 
[    0.000000] Built 1 zonelists in Zone order, mobility grouping on.  Total pages: 522512
[    0.000000] Kernel command line: ignore_loglevel console=ttyS0,115200n8 rw root=/dev/mmcblk0p1 rootwait gpt debug init=/bin/bash noinitrd
[    0.000000] PID hash table entries: 4096 (order: 2, 16384 bytes)
[    0.000000] Dentry cache hash table entries: 131072 (order: 7, 524288 bytes)
[    0.000000] Inode-cache hash table entries: 65536 (order: 6, 262144 bytes)
[    0.000000] Memory: 2000408K/2096128K available (7477K kernel code, 956K rwdata, 3052K rodata, 772K init, 306K bss, 30184K reserved, 65536K cma-reserved, 1252352K highmem)
[    0.000000] Virtual kernel memory layout:
[    0.000000]     vector  : 0xffff0000 - 0xffff1000   (   4 kB)
[    0.000000]     fixmap  : 0xffc00000 - 0xfff00000   (3072 kB)
[    0.000000]     vmalloc : 0xf0000000 - 0xff000000   ( 240 MB)
[    0.000000]     lowmem  : 0xc0000000 - 0xef800000   ( 760 MB)
[    0.000000]     pkmap   : 0xbfe00000 - 0xc0000000   (   2 MB)
[    0.000000]     modules : 0xbf000000 - 0xbfe00000   (  14 MB)
[    0.000000]       .text : 0xc0208000 - 0xc0c508f8   (10531 kB)
[    0.000000]       .init : 0xc0c51000 - 0xc0d12000   ( 772 kB)
[    0.000000]       .data : 0xc0d12000 - 0xc0e01200   ( 957 kB)
[    0.000000]        .bss : 0xc0e01200 - 0xc0e4db28   ( 307 kB)
[    0.000000] SLUB: HWalign=64, Order=0-3, MinObjects=0, CPUs=4, Nodes=1
[    0.000000] Hierarchical RCU implementation.
[    0.000000] 	RCU restricting CPUs from NR_CPUS=8 to nr_cpu_ids=4.
[    0.000000] RCU: Adjusting geometry for rcu_fanout_leaf=16, nr_cpu_ids=4
[    0.000000] NR_IRQS:16 nr_irqs:16 16
[    0.000000] L2C: failed to init: -19
[    0.000009] sched_clock: 32 bits at 1000kHz, resolution 1000ns, wraps every 2147483648000ns
[    0.000029] Switching to timer-based delay loop, resolution 1000ns
[    0.003743] Architected cp15 timer(s) running at 12.00MHz (virt).
[    0.003766] sched_clock: 56 bits at 12MHz, resolution 83ns, wraps every 2863311536128ns
[    0.003778] Switching to timer-based delay loop, resolution 83ns
[    0.004153] Console: colour dummy device 80x30
[    0.004176] Calibrating delay loop (skipped), value calculated using timer frequency.. 24.00 BogoMIPS (lpj=60000)
[    0.004190] pid_max: default: 32768 minimum: 301
[    0.004305] Mount-cache hash table entries: 2048 (order: 1, 8192 bytes)
[    0.004318] Mountpoint-cache hash table entries: 2048 (order: 1, 8192 bytes)
[    0.004930] CPU: Testing write buffer coherency: ok
[    0.005138] /cpus/cpu@0 missing clock-frequency property
[    0.005172] /cpus/cpu@1 missing clock-frequency property
[    0.005204] /cpus/cpu@2 missing clock-frequency property
[    0.005237] /cpus/cpu@3 missing clock-frequency property
[    0.005248] CPU0: thread -1, cpu 0, socket 0, mpidr 80000000
[    0.005293] Setting up static identity map for 0x80911d48 - 0x80911de0
[    0.007534] Tegra Revision: A01 SKU: 129 CPU Process: 1 Core Process: 1
[    0.008668] CPU1: thread -1, cpu 1, socket 0, mpidr 80000001
[    0.009172] CPU2: thread -1, cpu 2, socket 0, mpidr 80000002
[    0.009661] CPU3: thread -1, cpu 3, socket 0, mpidr 80000003
[    0.009724] Brought up 4 CPUs
[    0.009744] SMP: Total of 4 processors activated (96.00 BogoMIPS).
[    0.009751] CPU: All CPU(s) started in SVC mode.
[    0.010278] devtmpfs: initialized
[    0.011167] VFP support v0.3: implementor 41 architecture 4 part 30 variant f rev 0
[    0.013038] pinctrl core: initialized pinctrl subsystem
[    0.028686] NET: Registered protocol family 16
[    0.030688] DMA: preallocated 256 KiB pool for atomic coherent allocations
[    0.043541] cpuidle: using governor ladder
[    0.058558] cpuidle: using governor menu
[    0.073706] No ATAGs?
[    0.073742] hw-breakpoint: found 5 (+1 reserved) breakpoint and 4 watchpoint registers.
[    0.073752] hw-breakpoint: maximum watchpoint size is 8 bytes.
[    0.077009] Serial: AMBA PL011 UART driver
[    0.102768] +5V_SYS: supplied by +VDD_MUX
[    0.103042] +3.3V_SYS: supplied by +VDD_MUX
[    0.103193] platform regulators:regulator@3: Driver reg-fixed-voltage requests probe deferral
[    0.103397] reg-fixed-voltage regulators:regulator@4: Failed to find supply vin
[    0.103507] reg-fixed-voltage regulators:regulator@4: Failed to register regulator: -517
[    0.103529] platform regulators:regulator@4: Driver reg-fixed-voltage requests probe deferral
[    0.103723] +USB0_VBUS_SW: Failed to request enable GPIO108: -517
[    0.103817] reg-fixed-voltage regulators:regulator@7: Failed to register regulator: -517
[    0.103838] platform regulators:regulator@7: Driver reg-fixed-voltage requests probe deferral
[    0.104006] +5V_USB_HS: Failed to request enable GPIO109: -517
[    0.104096] reg-fixed-voltage regulators:regulator@8: Failed to register regulator: -517
[    0.104117] platform regulators:regulator@8: Driver reg-fixed-voltage requests probe deferral
[    0.104197] platform regulators:regulator@10: Driver reg-fixed-voltage requests probe deferral
[    0.104363] +1.05V_RUN_AVDD_HDMI_PLL: Failed to request enable GPIO63: -517
[    0.104454] reg-fixed-voltage regulators:regulator@11: Failed to register regulator: -517
[    0.104474] platform regulators:regulator@11: Driver reg-fixed-voltage requests probe deferral
[    0.104640] +5V_HDMI_CON: Failed to request enable GPIO86: -517
[    0.104729] reg-fixed-voltage regulators:regulator@12: Failed to register regulator: -517
[    0.104749] platform regulators:regulator@12: Driver reg-fixed-voltage requests probe deferral
[    0.104915] +5V_SATA: Failed to request enable GPIO242: -517
[    0.105004] reg-fixed-voltage regulators:regulator@13: Failed to register regulator: -517
[    0.105024] platform regulators:regulator@13: Driver reg-fixed-voltage requests probe deferral
[    0.105189] +12V_SATA: Failed to request enable GPIO242: -517
[    0.105278] reg-fixed-voltage regulators:regulator@14: Failed to register regulator: -517
[    0.105298] platform regulators:regulator@14: Driver reg-fixed-voltage requests probe deferral
[    0.107853] vgaarb: loaded
[    0.108540] SCSI subsystem initialized
[    0.108725] libata version 3.00 loaded.
[    0.109057] usbcore: registered new interface driver usbfs
[    0.109126] usbcore: registered new interface driver hub
[    0.109190] usbcore: registered new device driver usb
[    0.112708] Linux video capture interface: v2.00
[    0.112759] pps_core: LinuxPPS API ver. 1 registered
[    0.112767] pps_core: Software ver. 5.3.6 - Copyright 2005-2007 Rodolfo Giometti <giometti@linux.it>
[    0.112798] PTP clock support registered
[    0.113022] EDAC MC: Ver: 3.0.0
[    0.113567] Advanced Linux Sound Architecture Driver Initialized.
[    0.114659] Switched to clocksource arch_sys_counter
[    0.125549] NET: Registered protocol family 2
[    0.126108] TCP established hash table entries: 8192 (order: 3, 32768 bytes)
[    0.126198] TCP bind hash table entries: 8192 (order: 4, 65536 bytes)
[    0.126384] TCP: Hash tables configured (established 8192 bind 8192)
[    0.126428] TCP: reno registered
[    0.126443] UDP hash table entries: 512 (order: 2, 16384 bytes)
[    0.126484] UDP-Lite hash table entries: 512 (order: 2, 16384 bytes)
[    0.126665] NET: Registered protocol family 1
[    0.126885] RPC: Registered named UNIX socket transport module.
[    0.126895] RPC: Registered udp transport module.
[    0.126902] RPC: Registered tcp transport module.
[    0.126910] RPC: Registered tcp NFSv4.1 backchannel transport module.
[    0.126931] PCI: CLS 0 bytes, default 64
[    0.129185] futex hash table entries: 1024 (order: 4, 65536 bytes)
[    0.140957] squashfs: version 4.0 (2009/01/31) Phillip Lougher
[    0.141736] NFS: Registering the id_resolver key type
[    0.141768] Key type id_resolver registered
[    0.141777] Key type id_legacy registered
[    0.141863] ntfs: driver 2.1.31 [Flags: R/O].
[    0.142966] bounce: pool size: 64 pages
[    0.143182] Block layer SCSI generic (bsg) driver version 0.4 loaded (major 249)
[    0.143198] io scheduler noop registered
[    0.143211] io scheduler deadline registered
[    0.143416] io scheduler cfq registered (default)
[    0.157480] tegra-pcie 1003000.pcie-controller: 2x1, 1x1 configuration
[    0.157528] tegra-pcie 1003000.pcie-controller: Failed to get supply 'avddio-pex': -517
[    0.157561] platform 1003000.pcie-controller: Driver tegra-pcie requests probe deferral
[    0.162903] tegra-apbdma 60020000.dma: Tegra20 APB DMA driver register 32 channels
[    0.226334] Serial: 8250/16550 driver, 4 ports, IRQ sharing disabled
[    0.228723] msm_serial: driver initialized
[    0.229542] console [ttyS0] disabled
[    0.229577] 70006300.serial: ttyS0 at MMIO 0x70006300 (irq = 330, base_baud = 25500000) is a Tegra
[    1.104601] console [ttyS0] enabled
[    1.108862] STMicroelectronics ASC driver initialized
[    1.115012] [drm] Initialized drm 1.1.0 20060810
[    1.121136] tegra-hdmi 54280000.hdmi: failed to get HDMI regulator
[    1.127341] platform 54280000.hdmi: Driver tegra-hdmi requests probe deferral
[    1.140616] loop: module loaded
[    1.144049] at24 0-0056: 256 byte 24c02 EEPROM, writable, 8 bytes/write
[    1.151911] as3722 4-0040: AS3722 with revision 0x1 found
[    1.162862] +1.35V_LP0(sd2): supplied by +5V_SYS
[    1.168044] +1.35V_LP0(sd3): supplied by +5V_SYS
[    1.173196] +1.05V_RUN: supplied by +5V_SYS
[    1.177800] +1.8V_VDDIO: supplied by +5V_SYS
[    1.183857] +1.05V_RUN_AVDD: supplied by +1.35V_LP0(sd2)
[    1.190185] as3722-regulator as3722-regulator: Failed to find supply vin-ldo1-6
[    1.197611] as3722-regulator as3722-regulator: regulator 8 register failed -517
[    1.206139] platform as3722-regulator: Driver as3722-regulator requests probe deferral
[    1.216198] tegra-ahci 70027000.sata: Failed to get supply 'avdd': -517
[    1.222823] tegra-ahci 70027000.sata: Failed to get regulators
[    1.228688] platform 70027000.sata: Driver tegra-ahci requests probe deferral
[    1.239305] m25p80 spi32765.0: w25q32dw (4096 Kbytes)
[    1.247055] CAN device driver interface
[    1.252087] igb: Intel(R) Gigabit Ethernet Network Driver - version 5.2.15-k
[    1.259138] igb: Copyright (c) 2007-2014 Intel Corporation.
[    1.266529] pegasus: v0.9.3 (2013/04/25), Pegasus/Pegasus II USB Ethernet driver
[    1.273981] usbcore: registered new interface driver pegasus
[    1.279723] usbcore: registered new interface driver asix
[    1.285176] usbcore: registered new interface driver ax88179_178a
[    1.291319] usbcore: registered new interface driver cdc_ether
[    1.297224] usbcore: registered new interface driver smsc75xx
[    1.303044] usbcore: registered new interface driver smsc95xx
[    1.308846] usbcore: registered new interface driver net1080
[    1.314558] usbcore: registered new interface driver cdc_subset
[    1.320530] usbcore: registered new interface driver zaurus
[    1.326191] usbcore: registered new interface driver cdc_ncm
[    1.332180] ehci_hcd: USB 2.0 'Enhanced' Host Controller (EHCI) Driver
[    1.338712] ehci-pci: EHCI PCI platform driver
[    1.343212] ehci-platform: EHCI generic platform driver
[    1.348620] ehci-omap: OMAP-EHCI Host Controller driver
[    1.353982] ehci-orion: EHCI orion driver
[    1.358132] SPEAr-ehci: EHCI SPEAr driver
[    1.362290] ehci-st: EHCI STMicroelectronics driver
[    1.367316] ehci-exynos: EHCI EXYNOS driver
[    1.371658] tegra-ehci: Tegra EHCI driver
[    1.375939] platform 7d004000.usb: Driver tegra-ehci requests probe deferral
[    1.383135] platform 7d008000.usb: Driver tegra-ehci requests probe deferral
[    1.390261] ohci_hcd: USB 1.1 'Open' Host Controller (OHCI) Driver
[    1.396458] ohci-pci: OHCI PCI platform driver
[    1.400960] ohci-platform: OHCI generic platform driver
[    1.406327] ohci-omap3: OHCI OMAP3 driver
[    1.410479] SPEAr-ohci: OHCI SPEAr driver
[    1.414619] ohci-st: OHCI STMicroelectronics driver
[    1.420054] usbcore: registered new interface driver usb-storage
[    1.426279] tegra-phy 7d004000.usb-phy: no vbus regulator
[    1.431964] platform 7d008000.usb-phy: Driver tegra-phy requests probe deferral
[    1.440864] mousedev: PS/2 mouse device common for all mice
[    1.449526] as3722-rtc as3722-rtc: rtc core: registered as3722-rtc as rtc0
[    1.456420] as3722-rtc as3722-rtc: RTC interrupt 364
[    1.464518] tegra_rtc 7000e000.rtc: rtc core: registered 7000e000.rtc as rtc1
[    1.471705] tegra_rtc 7000e000.rtc: Tegra internal Real Time Clock
[    1.478433] i2c /dev entries driver
[    1.484098] usbcore: registered new interface driver uvcvideo
[    1.489854] USB Video Class driver (1.1.1)
[    1.493950] gspca_main: v2.14.0 registered
[    1.499231] 0-004c supply vcc not found, using dummy regulator
[    1.509635] Driver 'mmcblk' needs updating - please use bus_type methods
[    1.516433] sdhci: Secure Digital Host Controller Interface driver
[    1.522615] sdhci: Copyright(c) Pierre Ossman
[    1.527972] Synopsys Designware Multimedia Card Interface Driver
[    1.534911] sdhci-pltfm: SDHCI platform and OF driver helper
[    1.541231] sdhci-tegra 700b0400.sdhci: Got CD GPIO
[    1.546132] sdhci-tegra 700b0400.sdhci: Got WP GPIO
[    1.551053] mmc0: Unknown controller version (3). You may experience problems.
[    1.558354] sdhci-tegra 700b0400.sdhci: No vmmc regulator found
[    1.564316] platform 700b0400.sdhci: Driver sdhci-tegra requests probe deferral
[    1.571747] mmc0: Unknown controller version (3). You may experience problems.
[    1.579021] sdhci-tegra 700b0600.sdhci: No vmmc regulator found
[    1.584949] sdhci-tegra 700b0600.sdhci: No vqmmc regulator found
[    1.590957] mmc0: Invalid maximum block size, assuming 512 bytes
[    1.629682] mmc0: SDHCI controller on 700b0600.sdhci [700b0600.sdhci] using ADMA 64-bit
[    1.638781] ledtrig-cpu: registered to indicate activity on CPUs
[    1.645042] usbcore: registered new interface driver usbhid
[    1.650628] usbhid: USB HID core driver
[    1.657885] usbcore: registered new interface driver snd-usb-audio
[    1.698656] mmc0: BKOPS_EN bit is not set
[    1.705940] mmc0: new high speed MMC card at address 0001
[    1.711705] mmcblk0: mmc0:0001 SEM16G 14.6 GiB 
[    1.716347] mmcblk0boot0: mmc0:0001 SEM16G partition 1 4.00 MiB
[    1.722378] mmcblk0boot1: mmc0:0001 SEM16G partition 2 4.00 MiB
[    1.728406] mmcblk0rpmb: mmc0:0001 SEM16G partition 3 4.00 MiB
[    1.736186] Primary GPT is invalid, using alternate GPT.
[    1.741533]  mmcblk0: p1 p2 p3 p4 p5 p6 p7 p8 p9
[    2.082419] tegra30-i2s 70301100.i2s: DMA channels sourced from device 70300000.ahub
[    2.098881] tegra-snd-rt5640 sound: rt5640-aif1 <-> 70301100.i2s mapping ok
[    2.108792] input: NVIDIA Tegra Jetson TK1 Headphones as /devices/soc0/sound/sound/card0/input0
[    2.118879] TCP: cubic registered
[    2.122223] NET: Registered protocol family 17
[    2.126692] can: controller area network core (rev 20120528 abi 9)
[    2.132950] NET: Registered protocol family 29
[    2.137412] can: raw protocol (rev 20120528)
[    2.141697] can: broadcast manager protocol (rev 20120528 t)
[    2.147374] can: netlink gateway (rev 20130117) max_hops=1
[    2.153245] Key type dns_resolver registered
[    2.158140] ThumbEE CPU extension supported.
[    2.162433] Registering SWP/SWPB emulation handler
[    2.170780] +3.3V_RUN: supplied by +3.3V_SYS
[    2.175659] +3.3V_AVDD_HDMI_AP_GATED: supplied by +3.3V_RUN
[    2.181664] +USB0_VBUS_SW: supplied by +5V_SYS
[    2.186679] +5V_USB_HS: supplied by +5V_SYS
[    2.193732] +3.3V_LP0: supplied by +3.3V_SYS
[    2.198583] reg-fixed-voltage regulators:regulator@11: Failed to find supply vin
[    2.206099] reg-fixed-voltage regulators:regulator@11: Failed to register regulator: -517
[    2.214290] platform regulators:regulator@11: Driver reg-fixed-voltage requests probe deferral
[    2.223858] +5V_HDMI_CON: supplied by +5V_SYS
[    2.228639] +5V_SATA: supplied by +5V_SYS
[    2.233067] +12V_SATA: supplied by +VDD_MUX
[    2.237711] tegra-pcie 1003000.pcie-controller: 2x1, 1x1 configuration
[    2.244281] tegra-pcie 1003000.pcie-controller: Failed to get supply 'avddio-pex': -517
[    2.252347] platform 1003000.pcie-controller: Driver tegra-pcie requests probe deferral
[    2.261429] tegra-hdmi 54280000.hdmi: failed to get PLL regulator
[    2.267588] platform 54280000.hdmi: Driver tegra-hdmi requests probe deferral
[    2.278679] +1.35V_LP0(sd2): supplied by +5V_SYS
[    2.283639] +1.35V_LP0(sd3): supplied by +5V_SYS
[    2.288579] +1.05V_RUN: supplied by +5V_SYS
[    2.293101] +1.8V_VDDIO: supplied by +5V_SYS
[    2.299118] +1.05V_RUN_AVDD: supplied by +1.35V_LP0(sd2)
[    2.305561] +1.8V_RUN_CAM: supplied by +3.3V_RUN
[    2.311844] +1.2V_GEN_AVDD: supplied by +1.8V_VDDIO
[    2.318584] +1.05V_LP0_VDD_RTC: supplied by +3.3V_SYS
[    2.325083] +2.8V_RUN_CAM: supplied by +3.3V_SYS
[    2.331107] +1.2V_RUN_CAM_FRONT: supplied by +1.8V_VDDIO
[    2.337243] +VDDIO_SDMMC3: supplied by +3.3V_RUN
[    2.343310] +1.05V_RUN_CAM_REAR: supplied by +1.8V_VDDIO
[    2.350549] +3.3V_RUN_TOUCH: supplied by +5V_SYS
[    2.356267] +2.8V_RUN_CAM_AF: supplied by +5V_SYS
[    2.362098] +1.8V_RUN_VPP_FUSE: supplied by +3.3V_RUN
[    2.369316] tegra-ahci 70027000.sata: AHCI 0001.0301 32 slots 2 ports 3 Gbps 0x1 impl platform mode
[    2.378387] tegra-ahci 70027000.sata: flags: 64bit ncq sntf pm led pio slum part sadm sds apst 
[    2.388903] scsi host0: ahci_platform
[    2.393788] scsi host1: ahci_platform
[    2.397841] ata1: SATA max UDMA/133 mmio [mem 0x70027000-0x70028fff] port 0x100 irq 340
[    2.405851] ata2: DUMMY
[    2.411935] tegra-ehci 7d004000.usb: EHCI Host Controller
[    2.417392] tegra-ehci 7d004000.usb: new USB bus registered, assigned bus number 1
[    2.425153] tegra-ehci 7d004000.usb: irq 345, io mem 0x7d004000
[    2.439690] tegra-ehci 7d004000.usb: USB 2.0 started, EHCI 1.10
[    2.446456] hub 1-0:1.0: USB hub found
[    2.450268] hub 1-0:1.0: 1 port detected
[    2.455639] platform 7d008000.usb: Driver tegra-ehci requests probe deferral
[    2.464626] sdhci-tegra 700b0400.sdhci: Got CD GPIO
[    2.469564] sdhci-tegra 700b0400.sdhci: Got WP GPIO
[    2.474522] mmc1: Unknown controller version (3). You may experience problems.
[    2.481926] sdhci-tegra 700b0400.sdhci: No vmmc regulator found
[    2.487905] mmc1: Invalid maximum block size, assuming 512 bytes
[    2.530259] mmc1: SDHCI controller on 700b0400.sdhci [700b0400.sdhci] using ADMA 64-bit
[    2.538917] +1.05V_RUN_AVDD_HDMI_PLL: supplied by +1.05V_RUN
[    2.545206] tegra-pcie 1003000.pcie-controller: 2x1, 1x1 configuration
[    2.553057] tegra-pcie 1003000.pcie-controller: probing port 0, using 2 lanes
[    2.562247] tegra-pcie 1003000.pcie-controller: Slot present pin change, signature: 00000008
[    2.729832] ata1: SATA link down (SStatus 0 SControl 300)
[    2.990265] tegra-pcie 1003000.pcie-controller: link 0 down, retrying
[    3.418843] tegra-pcie 1003000.pcie-controller: link 0 down, retrying
[    3.847425] tegra-pcie 1003000.pcie-controller: link 0 down, retrying
[    3.856022] tegra-pcie 1003000.pcie-controller: link 0 down, ignoring
[    3.862507] tegra-pcie 1003000.pcie-controller: probing port 1, using 1 lanes
[    3.871767] tegra-pcie 1003000.pcie-controller: Slot present pin change, signature: 00000000
[    3.884477] tegra-pcie 1003000.pcie-controller: PCI host bridge to bus 0000:00
[    3.891711] pci_bus 0000:00: root bus resource [mem 0x13000000-0x1fffffff]
[    3.898592] pci_bus 0000:00: root bus resource [mem 0x20000000-0x3fffffff pref]
[    3.905905] pci_bus 0000:00: root bus resource [bus 00-ff]
[    3.911395] pci_bus 0000:00: root bus resource [io  0x1000-0xffff]
[    3.917612] pci 0000:00:02.0: [10de:0e13] type 01 class 0x060400
[    3.923722] pci 0000:00:02.0: PME# supported from D0 D1 D2 D3hot D3cold
[    3.930639] PCI: bus0: Fast back to back transfers disabled
[    3.936221] pci 0000:00:02.0: bridge configuration invalid ([bus 00-00]), reconfiguring
[    3.944439] pci 0000:01:00.0: [10ec:8168] type 00 class 0x020000
[    3.950478] pci 0000:01:00.0: reg 0x10: [io  0x0000-0x00ff]
[    3.956085] pci 0000:01:00.0: reg 0x18: [mem 0x00000000-0x00000fff 64bit]
[    3.962894] pci 0000:01:00.0: reg 0x20: [mem 0x00000000-0x00003fff 64bit pref]
[    3.970248] pci 0000:01:00.0: supports D1 D2
[    3.974512] pci 0000:01:00.0: PME# supported from D0 D1 D2 D3hot D3cold
[    3.989710] PCI: bus1: Fast back to back transfers disabled
[    3.995295] pci_bus 0000:01: busn_res: [bus 01-ff] end is updated to 01
[    4.001992] pci 0000:00:02.0: BAR 8: assigned [mem 0x13000000-0x130fffff]
[    4.008801] pci 0000:00:02.0: BAR 9: assigned [mem 0x20000000-0x200fffff 64bit pref]
[    4.016611] pci 0000:00:02.0: BAR 7: assigned [io  0x1000-0x1fff]
[    4.022760] pci 0000:01:00.0: BAR 4: assigned [mem 0x20000000-0x20003fff 64bit pref]
[    4.030538] pci 0000:01:00.0: BAR 2: assigned [mem 0x13000000-0x13000fff 64bit]
[    4.037908] pci 0000:01:00.0: BAR 0: assigned [io  0x1000-0x10ff]
[    4.044020] pci 0000:00:02.0: PCI bridge to [bus 01]
[    4.049028] pci 0000:00:02.0:   bridge window [io  0x1000-0x1fff]
[    4.055138] pci 0000:00:02.0:   bridge window [mem 0x13000000-0x130fffff]
[    4.061969] pci 0000:00:02.0:   bridge window [mem 0x20000000-0x200fffff 64bit pref]
[    4.069759] pci 0000:00:02.0: nv_msi_ht_cap_quirk didn't locate host bridge
[    4.077122] pcieport 0000:00:02.0: Signaling PME through PCIe PME interrupt
[    4.084093] pci 0000:01:00.0: Signaling PME through PCIe PME interrupt
[    4.090672] pcie_pme 0000:00:02.0:pcie01: service driver pcie_pme loaded
[    4.097659] r8169 Gigabit Ethernet driver 2.3LK-NAPI loaded
[    4.103270] r8169 0000:01:00.0: enabling device (0140 -> 0143)
[    4.116088] r8169 0000:01:00.0 eth0: RTL8168g/8111g at 0xf01c0000, 00:04:4b:25:b3:b4, XID 0c000800 IRQ 381
[    4.125749] r8169 0000:01:00.0 eth0: jumbo features [frames: 9200 bytes, tx checksumming: ko]
[    4.136940] [drm] Supports vblank timestamp caching Rev 2 (21.10.2013).
[    4.143595] [drm] No driver support for vblank timestamp query.
[    4.149565] host1x drm: No connectors reported connected with modes
[    4.155865] [drm] Cannot find any crtc or sizes - going 1024x768
[    4.176328] Console: switching to colour frame buffer device 128x48
[    4.189829] host1x drm: fb0:  frame buffer device
[    4.194538] host1x drm: registered panic notifier
[    4.209815] [drm] Initialized tegra 0.0.0 20120330 on minor 0
[    4.216578] tegra-ehci 7d008000.usb: EHCI Host Controller
[    4.222040] tegra-ehci 7d008000.usb: new USB bus registered, assigned bus number 2
[    4.229939] tegra-ehci 7d008000.usb: irq 346, io mem 0x7d008000
[    4.244814] tegra-ehci 7d008000.usb: USB 2.0 started, EHCI 1.10
[    4.251603] hub 2-0:1.0: USB hub found
[    4.255420] hub 2-0:1.0: 1 port detected
[    4.260955] input: gpio-keys as /devices/soc0/gpio-keys/input/input1
[    4.268580] as3722-rtc as3722-rtc: setting system clock to 2000-02-01 00:00:53 UTC (949363253)
[    4.288391] +1.05V_RUN_AVDD_HDMI_PLL: disabling
[    4.292959] +1.8V_RUN_VPP_FUSE: disabling
[    4.297361] +2.8V_RUN_CAM_AF: disabling
[    4.301601] +3.3V_RUN_TOUCH: disabling
[    4.305756] +1.05V_RUN_CAM_REAR: disabling
[    4.310256] +1.2V_RUN_CAM_FRONT: disabling
[    4.314550] +2.8V_RUN_CAM: disabling
[    4.318528] +1.8V_RUN_CAM: disabling
[    4.322507] +USB0_VBUS_SW: disabling
[    4.326129] +3.3V_AVDD_HDMI_AP_GATED: disabling
[    4.330994] ALSA device list:
[    4.333958]   #0: NVIDIA Tegra Jetson TK1
[    4.339450] EXT4-fs (mmcblk0p1): couldn't mount as ext3 due to feature incompatibilities
[    4.348472] EXT4-fs (mmcblk0p1): couldn't mount as ext2 due to feature incompatibilities
[    4.370129] EXT4-fs (mmcblk0p1): recovery complete
[    4.376244] EXT4-fs (mmcblk0p1): mounted filesystem with ordered data mode. Opts: (null)
[    4.384403] VFS: Mounted root (ext4 filesystem) on device 179:1.
[    4.394966] devtmpfs: mounted
[    4.398547] Freeing unused kernel memory: 772K (c0c51000 - c0d12000)
bash: cannot set terminal process group (-1): Inappropriate ioctl for device
bash: no job control in this shell
[    4.569772] usb 2-1: new high-speed USB device number 2 using tegra-ehci
root@(none):/# 