
U-Boot SPL 2015.04-rc3-00209-ga74ef40 (Mar 16 2015 - 14:43:39)


U-Boot 2015.04-rc3-00209-ga74ef40 (Mar 16 2015 - 14:43:39)

TEGRA20
Model: Compulab TrimSlice board
DRAM:  1 GiB
MMC:   Tegra SD/MMC: 0, Tegra SD/MMC: 1
SF: Detected W25Q80BL with page size 256 Bytes, erase size 4 KiB, total 1 MiB
tegra-pcie: PCI regions:
tegra-pcie:   I/O: 0x82000000-0x82010000
tegra-pcie:   non-prefetchable memory: 0xa0000000-0xa8000000
tegra-pcie:   prefetchable memory: 0xa8000000-0xc0000000
tegra-pcie: dual-mode configuration
tegra-pcie: probing port 0, using 2 lanes
In:    serial
Out:   serial
Err:   serial
Net:   RTL8169#0
Hit any key to stop autoboot:  2  0 
Tegra20 (TrimSlice) # 
Tegra20 (TrimSlice) # usb reset
resetting USB...
USB0:   USB EHCI 1.00
scanning bus 0 for devices... 3 USB Device(s) found
USB1:   USB EHCI 1.00
scanning bus 1 for devices... 1 USB Device(s) found
USB2:   lowlevel init failed
       scanning usb for storage devices... 0 Storage Device(s) found
       scanning usb for ethernet devices... 
Warning: asx0 using MAC address from net device
1 Ethernet Device(s) found
Tegra20 (TrimSlice) # setenv bootargs 'ignore_loglevel console=ttyS0,115200n8 rw root=PARTUUID=11eb23c1-01 rootwait gpt debug noinitrd earlyprintk init=/bin/bash'
Tegra20 (TrimSlice) # setenv ipaddr 192.168.100.103; setenv serverip 192.168.100.1; setenv tftpserverip 192.168.100.1
Tegra20 (TrimSlice) # tftpboot 0x00408000 zImage.multi_v7_defconfig
Using RTL8169#0 device
TFTP from server 192.168.100.1; our IP address is 192.168.100.103
Filename 'zImage.multi_v7_defconfig'.
Load address: 0x408000
Loading: *#################################################################
	 #################################################################
	 #################################################################
	 #################################################################
	 #################################################################
	 #################################################################
	 #################################################################
	 #################################################################
	 ####################
	 3.3 MiB/s
done
Bytes transferred = 7918328 (78d2f8 hex)
Tegra20 (TrimSlice) # tftpboot 0x02408000 tegra20-trimslice.dtb
Using RTL8169#0 device
TFTP from server 192.168.100.1; our IP address is 192.168.100.103
Filename 'tegra20-trimslice.dtb'.
Load address: 0x2408000
Loading: *##
	 2.9 MiB/s
done
Bytes transferred = 21426 (53b2 hex)
Tegra20 (TrimSlice) # bootz 0x00408000 - 0x02408000
Kernel image @ 0x408000 [ 0x000000 - 0x78d2f8 ]
## Flattened Device Tree blob at 02408000
   Booting using the fdt blob at 0x2408000
   Using Device Tree in place at 02408000, end 024103b1

Starting kernel ...

[    0.000000] Booting Linux on physical CPU 0x0
[    0.000000] Linux version 4.12.0-172899-g6f7da29 (jonathanh@sellafield) (gcc version 4.7.3 20130328 (prerelease) (crosstool-NG linaro-1.13.1-4.7-2013.04-20130415 - Linaro GCC 2013.04) ) #1 SMP Sun Jul 2 16:35:49 PDT 2017
[    0.000000] CPU: ARMv7 Processor [411fc090] revision 0 (ARMv7), cr=10c5387d
[    0.000000] CPU: PIPT / VIPT nonaliasing data cache, VIPT aliasing instruction cache
[    0.000000] OF: fdt: Machine model: Compulab TrimSlice board
[    0.000000] debug: ignoring loglevel setting.
[    0.000000] Memory policy: Data cache writealloc
[    0.000000] efi: Getting EFI parameters from FDT:
[    0.000000] efi: UEFI not found.
[    0.000000] cma: Reserved 64 MiB at 0x3c000000
[    0.000000] On node 0 totalpages: 262144
[    0.000000] free_area_init_node: node 0, pgdat c157f880, node_mem_map ef7f8000
[    0.000000]   DMA zone: 1536 pages used for memmap
[    0.000000]   DMA zone: 0 pages reserved
[    0.000000]   DMA zone: 196608 pages, LIFO batch:31
[    0.000000]   HighMem zone: 65536 pages, LIFO batch:15
[    0.000000] percpu: Embedded 17 pages/cpu @ef7c4000 s39168 r8192 d22272 u69632
[    0.000000] pcpu-alloc: s39168 r8192 d22272 u69632 alloc=17*4096
[    0.000000] pcpu-alloc: [0] 0 [0] 1 
[    0.000000] Built 1 zonelists in Zone order, mobility grouping on.  Total pages: 260608
[    0.000000] Kernel command line: ignore_loglevel console=ttyS0,115200n8 rw root=PARTUUID=11eb23c1-01 rootwait gpt debug noinitrd earlyprintk init=/bin/bash
[    0.000000] PID hash table entries: 4096 (order: 2, 16384 bytes)
[    0.000000] Dentry cache hash table entries: 131072 (order: 7, 524288 bytes)
[    0.000000] Inode-cache hash table entries: 65536 (order: 6, 262144 bytes)
[    0.000000] Memory: 954368K/1048576K available (10240K kernel code, 1565K rwdata, 4384K rodata, 2048K init, 409K bss, 28672K reserved, 65536K cma-reserved, 196608K highmem)
[    0.000000] Virtual kernel memory layout:
[    0.000000]     vector  : 0xffff0000 - 0xffff1000   (   4 kB)
[    0.000000]     fixmap  : 0xffc00000 - 0xfff00000   (3072 kB)
[    0.000000]     vmalloc : 0xf0800000 - 0xff800000   ( 240 MB)
[    0.000000]     lowmem  : 0xc0000000 - 0xf0000000   ( 768 MB)
[    0.000000]     pkmap   : 0xbfe00000 - 0xc0000000   (   2 MB)
[    0.000000]     modules : 0xbf000000 - 0xbfe00000   (  14 MB)
[    0.000000]       .text : 0xc0208000 - 0xc0d00000   (11232 kB)
[    0.000000]       .init : 0xc1200000 - 0xc1400000   (2048 kB)
[    0.000000]       .data : 0xc1400000 - 0xc15874f0   (1566 kB)
[    0.000000]        .bss : 0xc1590ce0 - 0xc15f7498   ( 410 kB)
[    0.000000] SLUB: HWalign=64, Order=0-3, MinObjects=0, CPUs=2, Nodes=1
[    0.000000] Hierarchical RCU implementation.
[    0.000000] 	RCU debugfs-based tracing is enabled.
[    0.000000] 	RCU restricting CPUs from NR_CPUS=16 to nr_cpu_ids=2.
[    0.000000] RCU: Adjusting geometry for rcu_fanout_leaf=16, nr_cpu_ids=2
[    0.000000] NR_IRQS:16 nr_irqs:16 16
[    0.000000] /interrupt-controller@60004000: 128 interrupts forwarded to /interrupt-controller@50041000
[    0.000000] L2C: platform modifies aux control register: 0x02080000 -> 0x3e480001
[    0.000000] L2C: DT/platform modifies aux control register: 0x02080000 -> 0x3e480001
[    0.000000] L2C-310 errata 727915 769419 enabled
[    0.000000] L2C-310 enabling early BRESP for Cortex-A9
[    0.000000] L2C-310: enabling full line of zeros but not enabled in Cortex-A9
[    0.000000] L2C-310 ID prefetch enabled, offset 1 lines
[    0.000000] L2C-310 cache controller enabled, 8 ways, 1024 kB
[    0.000000] L2C-310: CACHE_ID 0x410000c4, AUX_CTRL 0x7e480001
[    0.000010] sched_clock: 32 bits at 1000kHz, resolution 1000ns, wraps every 2147483647500ns
[    0.000026] clocksource: timer_us: mask: 0xffffffff max_cycles: 0xffffffff, max_idle_ns: 1911260446275 ns
[    0.000036] Switching to timer-based delay loop, resolution 1000ns
[    0.001664] Console: colour dummy device 80x30
[    0.001691] Calibrating delay loop (skipped), value calculated using timer frequency.. 2.00 BogoMIPS (lpj=10000)
[    0.001703] pid_max: default: 32768 minimum: 301
[    0.001777] Mount-cache hash table entries: 2048 (order: 1, 8192 bytes)
[    0.001785] Mountpoint-cache hash table entries: 2048 (order: 1, 8192 bytes)
[    0.002223] CPU: Testing write buffer coherency: ok
[    0.002426] CPU0: thread -1, cpu 0, socket 0, mpidr 80000000
[    0.002650] Setting up static identity map for 0x300000 - 0x3000a0
[    0.004087] Tegra Revision: A03 prime SKU: 8 CPU Process: 1 SoC Process: 2
[    0.004530] EFI services will not be available.
[    0.004695] smp: Bringing up secondary CPUs ...
[    0.005241] CPU1: thread -1, cpu 1, socket 0, mpidr 80000001
[    0.005306] smp: Brought up 1 node, 2 CPUs
[    0.005317] SMP: Total of 2 processors activated (4.00 BogoMIPS).
[    0.005323] CPU: All CPU(s) started in SVC mode.
[    0.005966] devtmpfs: initialized
[    0.009565] VFP support v0.3: implementor 41 architecture 3 part 30 variant 9 rev 1
[    0.009775] clocksource: jiffies: mask: 0xffffffff max_cycles: 0xffffffff, max_idle_ns: 19112604462750000 ns
[    0.009789] futex hash table entries: 512 (order: 3, 32768 bytes)
[    0.012790] pinctrl core: initialized pinctrl subsystem
[    0.014013] NET: Registered protocol family 16
[    0.016283] DMA: preallocated 256 KiB pool for atomic coherent allocations
[    0.017717] cpuidle: using governor menu
[    0.034866] No ATAGs?
[    0.034933] hw-breakpoint: found 5 (+1 reserved) breakpoint and 1 watchpoint registers.
[    0.034945] hw-breakpoint: maximum watchpoint size is 4 bytes.
[    0.040459] Serial: AMBA PL011 UART driver
[    0.051811] AT91: Could not find identification node
[    0.052370] usb1_vbus: Failed to request enable GPIO170: -517
[    0.052386] reg-fixed-voltage regulators:regulator@2: Failed to register regulator: -517
[    0.055777] vgaarb: loaded
[    0.056346] SCSI subsystem initialized
[    0.056465] libata version 3.00 loaded.
[    0.056651] usbcore: registered new interface driver usbfs
[    0.056694] usbcore: registered new interface driver hub
[    0.056732] usbcore: registered new device driver usb
[    0.058712] pps_core: LinuxPPS API ver. 1 registered
[    0.058720] pps_core: Software ver. 5.3.6 - Copyright 2005-2007 Rodolfo Giometti <giometti@linux.it>
[    0.058737] PTP clock support registered
[    0.058876] EDAC MC: Ver: 3.0.0
[    0.060656] clocksource: Switched to clocksource timer_us
[    0.100609] NET: Registered protocol family 2
[    0.101086] TCP established hash table entries: 8192 (order: 3, 32768 bytes)
[    0.101157] TCP bind hash table entries: 8192 (order: 4, 65536 bytes)
[    0.101270] TCP: Hash tables configured (established 8192 bind 8192)
[    0.101381] UDP hash table entries: 512 (order: 2, 16384 bytes)
[    0.101430] UDP-Lite hash table entries: 512 (order: 2, 16384 bytes)
[    0.101591] NET: Registered protocol family 1
[    0.101883] RPC: Registered named UNIX socket transport module.
[    0.101891] RPC: Registered udp transport module.
[    0.101897] RPC: Registered tcp transport module.
[    0.101902] RPC: Registered tcp NFSv4.1 backchannel transport module.
[    0.101911] PCI: CLS 0 bytes, default 64
[    0.102699] hw perfevents: no interrupt-affinity property for /pmu, guessing.
[    0.102847] hw perfevents: enabled with armv7_cortex_a9 PMU driver, 7 counters available
[    0.104204] workingset: timestamp_bits=30 max_order=18 bucket_order=0
[    0.110837] squashfs: version 4.0 (2009/01/31) Phillip Lougher
[    0.111442] NFS: Registering the id_resolver key type
[    0.111463] Key type id_resolver registered
[    0.111469] Key type id_legacy registered
[    0.111500] ntfs: driver 2.1.32 [Flags: R/O].
[    0.112748] bounce: pool size: 64 pages
[    0.112787] Block layer SCSI generic (bsg) driver version 0.4 loaded (major 248)
[    0.112795] io scheduler noop registered
[    0.112802] io scheduler deadline registered
[    0.112830] io scheduler cfq registered (default)
[    0.112837] io scheduler mq-deadline registered
[    0.112842] io scheduler kyber registered
[    0.124066] tegra-pcie 80003000.pcie-controller: dual-mode configuration
[    0.124770] tegra-pcie 80003000.pcie-controller: probing port 0, using 2 lanes
[    0.208822] tegra-pcie 80003000.pcie-controller: PCI host bridge to bus 0000:00
[    0.208834] pci_bus 0000:00: root bus resource [io  0x0000-0xffff]
[    0.208843] pci_bus 0000:00: root bus resource [mem 0xa0000000-0xa7ffffff]
[    0.208852] pci_bus 0000:00: root bus resource [mem 0xa8000000-0xbfffffff pref]
[    0.208859] pci_bus 0000:00: root bus resource [bus 00-ff]
[    0.208887] pci 0000:00:01.0: [10de:0bf0] type 01 class 0x060000
[    0.208916] pci_bus 0000:00: 2-byte config write to 0000:00:01.0 offset 0x88 may corrupt adjacent RW1C bits
[    0.208941] pci_bus 0000:00: 2-byte config write to 0000:00:01.0 offset 0x52 may corrupt adjacent RW1C bits
[    0.208964] pci 0000:00:01.0: PME# supported from D0 D1 D2 D3hot D3cold
[    0.208975] pci_bus 0000:00: 2-byte config write to 0000:00:01.0 offset 0x4c may corrupt adjacent RW1C bits
[    0.209152] pci_bus 0000:00: 2-byte config write to 0000:00:01.0 offset 0x3e may corrupt adjacent RW1C bits
[    0.209164] pci_bus 0000:00: 2-byte config write to 0000:00:01.0 offset 0x4 may corrupt adjacent RW1C bits
[    0.209175] pci_bus 0000:00: 1-byte config write to 0000:00:01.0 offset 0xc may corrupt adjacent RW1C bits
[    0.209181] PCI: bus0: Fast back to back transfers disabled
[    0.209191] pci 0000:00:01.0: bridge configuration invalid ([bus 00-00]), reconfiguring
[    0.209200] pci_bus 0000:00: 2-byte config write to 0000:00:01.0 offset 0x3e may corrupt adjacent RW1C bits
[    0.209210] pci_bus 0000:00: 2-byte config write to 0000:00:01.0 offset 0x3e may corrupt adjacent RW1C bits
[    0.209221] pci_bus 0000:00: 2-byte config write to 0000:00:01.0 offset 0x3e may corrupt adjacent RW1C bits
[    0.209230] pci_bus 0000:00: 2-byte config write to 0000:00:01.0 offset 0x6 may corrupt adjacent RW1C bits
[    0.209353] pci 0000:01:00.0: [10ec:8168] type 00 class 0x020000
[    0.209381] pci 0000:01:00.0: reg 0x10: [io  0x0000-0x00ff]
[    0.209405] pci 0000:01:00.0: reg 0x18: [mem 0x00000000-0x00000fff 64bit pref]
[    0.209423] pci 0000:01:00.0: reg 0x20: [mem 0x00000000-0x00003fff 64bit pref]
[    0.209436] pci 0000:01:00.0: reg 0x30: [mem 0x00000000-0x0001ffff pref]
[    0.209511] pci 0000:01:00.0: supports D1 D2
[    0.209519] pci 0000:01:00.0: PME# supported from D0 D1 D2 D3hot D3cold
[    0.230699] PCI: bus1: Fast back to back transfers disabled
[    0.230712] pci_bus 0000:01: busn_res: [bus 01-ff] end is updated to 01
[    0.230724] Disabling cpuidle LP2 state, since PCIe IRQs are in use
[    0.230784] pci 0000:00:01.0: BAR 8: assigned [mem 0xa0000000-0xa00fffff]
[    0.230797] pci 0000:00:01.0: BAR 9: assigned [mem 0xa8000000-0xa80fffff 64bit pref]
[    0.230806] pci 0000:00:01.0: BAR 7: assigned [io  0x1000-0x1fff]
[    0.230818] pci 0000:01:00.0: BAR 6: assigned [mem 0xa0000000-0xa001ffff pref]
[    0.230828] pci 0000:01:00.0: BAR 4: assigned [mem 0xa8000000-0xa8003fff 64bit pref]
[    0.230848] pci 0000:01:00.0: BAR 2: assigned [mem 0xa8004000-0xa8004fff 64bit pref]
[    0.230867] pci 0000:01:00.0: BAR 0: assigned [io  0x1000-0x10ff]
[    0.230878] pci 0000:00:01.0: PCI bridge to [bus 01]
[    0.230886] pci 0000:00:01.0:   bridge window [io  0x1000-0x1fff]
[    0.230895] pci 0000:00:01.0:   bridge window [mem 0xa0000000-0xa00fffff]
[    0.230904] pci 0000:00:01.0:   bridge window [mem 0xa8000000-0xa80fffff 64bit pref]
[    0.230925] pci 0000:00:01.0: nv_msi_ht_cap_quirk didn't locate host bridge
[    0.230984] pcieport 0000:00:01.0: enabling device (0140 -> 0143)
[    0.231170] pcieport 0000:00:01.0: Signaling PME with IRQ 295
[    0.237154] tegra-apbdma 6000a000.dma: Tegra20 APB DMA driver register 16 channels
[    0.286439] Serial: 8250/16550 driver, 4 ports, IRQ sharing disabled
[    0.288713] console [ttyS0] disabled
[    0.288749] 70006000.serial: ttyS0 at MMIO 0x70006000 (irq = 279, base_baud = 13500000) is a Tegra
[    1.353496] console [ttyS0] enabled
[    1.357547] SuperH (H)SCI(F) driver initialized
[    1.362803] msm_serial: driver initialized
[    1.367027] STMicroelectronics ASC driver initialized
[    1.376355] tegra-hdmi 54280000.hdmi: 54280000.hdmi supply hdmi not found, using dummy regulator
[    1.387119] [drm] Supports vblank timestamp caching Rev 2 (21.10.2013).
[    1.393735] [drm] No driver support for vblank timestamp query.
[    1.399671] [drm] Cannot find any crtc or sizes - going 1024x768
[    1.421793] Console: switching to colour frame buffer device 128x48
[    1.436465] drm drm: fb0:  frame buffer device
[    1.440957] [drm] Initialized tegra 0.0.0 20120330 for drm on minor 0
[    1.456419] brd: module loaded
[    1.465133] loop: module loaded
[    1.474272] m25p80 spi32766.0: found s25fl008k, expected w25q80bl
[    1.480359] m25p80 spi32766.0: s25fl008k (1024 Kbytes)
[    1.487702] libphy: Fixed MDIO Bus: probed
[    1.492607] CAN device driver interface
[    1.497095] bgmac_bcma: Broadcom 47xx GBit MAC driver loaded
[    1.503759] e1000e: Intel(R) PRO/1000 Network Driver - 3.2.6-k
[    1.509576] e1000e: Copyright(c) 1999 - 2015 Intel Corporation.
[    1.515554] igb: Intel(R) Gigabit Ethernet Network Driver - version 5.4.0-k
[    1.522512] igb: Copyright (c) 2007-2014 Intel Corporation.
[    1.528601] r8169 Gigabit Ethernet driver 2.3LK-NAPI loaded
[    1.534200] r8169 0000:01:00.0: enabling device (0140 -> 0143)
[    1.540870] r8169 0000:01:00.0 eth0: RTL8168d/8111d at 0xf08fc000, 00:01:c0:13:7d:63, XID 081000c0 IRQ 296
[    1.550506] r8169 0000:01:00.0 eth0: jumbo features [frames: 9200 bytes, tx checksumming: ko]
[    1.561184] pegasus: v0.9.3 (2013/04/25), Pegasus/Pegasus II USB Ethernet driver
[    1.568616] usbcore: registered new interface driver pegasus
[    1.574325] usbcore: registered new interface driver asix
[    1.579740] usbcore: registered new interface driver ax88179_178a
[    1.585864] usbcore: registered new interface driver cdc_ether
[    1.591743] usbcore: registered new interface driver smsc75xx
[    1.597513] usbcore: registered new interface driver smsc95xx
[    1.603290] usbcore: registered new interface driver net1080
[    1.608962] usbcore: registered new interface driver cdc_subset
[    1.614915] usbcore: registered new interface driver zaurus
[    1.620518] usbcore: registered new interface driver cdc_ncm
[    1.626455] tegra-phy c5004000.usb-phy: no vbus regulator
[    1.632949] tegra-phy c5008000.usb-phy: no vbus regulator
[    1.639667] ehci_hcd: USB 2.0 'Enhanced' Host Controller (EHCI) Driver
[    1.646199] ehci-pci: EHCI PCI platform driver
[    1.650681] ehci-platform: EHCI generic platform driver
[    1.656045] ehci-orion: EHCI orion driver
[    1.660157] SPEAr-ehci: EHCI SPEAr driver
[    1.664275] ehci-st: EHCI STMicroelectronics driver
[    1.669240] ehci-exynos: EHCI EXYNOS driver
[    1.673543] ehci-atmel: EHCI Atmel driver
[    1.677639] tegra-ehci: Tegra EHCI driver
[    1.741859] ulpi_phy_power_on: ulpi write failed
[    1.746466] tegra-ehci c5004000.usb: Failed to power on the phy
[    1.752404] tegra-ehci: probe of c5004000.usb failed with error -110
[    1.761382] tegra-ehci c5008000.usb: EHCI Host Controller
[    1.766787] tegra-ehci c5008000.usb: new USB bus registered, assigned bus number 1
[    1.774602] tegra-ehci c5008000.usb: irq 290, io mem 0xc5008000
[    1.800674] tegra-ehci c5008000.usb: USB 2.0 started, EHCI 1.00
[    1.807200] hub 1-0:1.0: USB hub found
[    1.810982] hub 1-0:1.0: 1 port detected
[    1.815210] ohci_hcd: USB 1.1 'Open' Host Controller (OHCI) Driver
[    1.821415] ohci-pci: OHCI PCI platform driver
[    1.825897] ohci-platform: OHCI generic platform driver
[    1.831287] ohci-omap3: OHCI OMAP3 driver
[    1.835390] SPEAr-ohci: OHCI SPEAr driver
[    1.839491] ohci-st: OHCI STMicroelectronics driver
[    1.844474] ohci-atmel: OHCI Atmel driver
[    1.849068] usbcore: registered new interface driver usb-storage
[    1.857697] rtc-em3027 2-0056: rtc core: registered rtc-em3027 as rtc0
[    1.865397] tegra_rtc 7000e000.rtc: rtc core: registered 7000e000.rtc as rtc1
[    1.872561] tegra_rtc 7000e000.rtc: Tegra internal Real Time Clock
[    1.879130] i2c /dev entries driver
[    1.892022] sdhci: Secure Digital Host Controller Interface driver
[    1.898187] sdhci: Copyright(c) Pierre Ossman
[    1.903701] Synopsys Designware Multimedia Card Interface Driver
[    1.910628] sdhci-pltfm: SDHCI platform and OF driver helper
[    1.924882] mmc0: Invalid maximum block size, assuming 512 bytes
[    1.990676] mmc0: SDHCI controller on c8000000.sdhci [c8000000.sdhci] using ADMA
[    1.998155] sdhci-tegra c8000600.sdhci: Got CD GPIO
[    2.003054] sdhci-tegra c8000600.sdhci: Got WP GPIO
[    2.016090] mmc1: Invalid maximum block size, assuming 512 bytes
[    2.080776] mmc1: SDHCI controller on c8000600.sdhci [c8000600.sdhci] using ADMA
[    2.089593] ledtrig-cpu: registered to indicate activity on CPUs
[    2.095882] usbcore: registered new interface driver usbhid
[    2.101457] usbhid: USB HID core driver
[    2.108438] NET: Registered protocol family 10
[    2.113883] Segment Routing with IPv6
[    2.117580] sit: IPv6, IPv4 and MPLS over IPv4 tunneling driver
[    2.124010] NET: Registered protocol family 17
[    2.128448] can: controller area network core (rev 20170425 abi 9)
[    2.134686] NET: Registered protocol family 29
[    2.139118] can: raw protocol (rev 20170425)
[    2.143390] can: broadcast manager protocol (rev 20170425 t)
[    2.149038] can: netlink gateway (rev 20170425) max_hops=1
[    2.154841] Key type dns_resolver registered
[    2.159498] ThumbEE CPU extension supported.
[    2.163782] Registering SWP/SWPB emulation handler
[    2.176887] utmi_phy_clk_enable: timeout waiting for phy to stabilize
[    2.180692] usb 1-1: new high-speed USB device number 2 using tegra-ehci
[    2.190047] tegra-ehci c5000000.usb: EHCI Host Controller
[    2.195462] tegra-ehci c5000000.usb: new USB bus registered, assigned bus number 2
[    2.203323] tegra-ehci c5000000.usb: irq 288, io mem 0xc5000000
[    2.299662] mmc1: new high speed SD card at address b368
[    2.305508] mmcblk1: mmc1:b368 NCard 1.83 GiB (ro)
[    2.312994]  mmcblk1: p1 p2
[    2.350697] tegra-ehci c5000000.usb: USB 2.0 started, EHCI 1.00
[    2.357461] hub 2-0:1.0: USB hub found
[    2.361285] hub 2-0:1.0: 1 port detected
[    2.366480] input: gpio-keys as /devices/soc0/gpio-keys/input/input0
[    2.373579] rtc-em3027 2-0056: hctosys: unable to read the hardware clock
[    2.373594] hub 1-1:1.0: USB hub found
[    2.373752] hub 1-1:1.0: 4 ports detected
[    2.389035] Waiting for root device PARTUUID=11eb23c1-01...
[    2.690740] usb 1-1.2: new high-speed USB device number 3 using tegra-ehci
[    3.258579] mmc0: host does not support reading read-only switch, assuming write-enable
[    3.268701] mmc0: new high speed SDHC card at address b368
[    3.275657] mmcblk0: mmc0:b368 NCard 3.70 GiB 
[    3.283651]  mmcblk0: p1
[    3.315740] asix 1-1.2:1.0 eth1: register 'asix' at usb-c5008000.usb-1.2, ASIX AX88772 USB 2.0 Ethernet, 00:60:6e:60:6c:68
[    3.352133] EXT4-fs (mmcblk0p1): mounting ext3 file system using the ext4 subsystem
[    3.383440] random: fast init done
[    3.597456] EXT4-fs (mmcblk0p1): recovery complete
[    3.670603] EXT4-fs (mmcblk0p1): mounted filesystem with ordered data mode. Opts: (null)
[    3.678806] VFS: Mounted root (ext3 filesystem) on device 179:17.
[    3.689015] devtmpfs: mounted
[    3.697700] Freeing unused kernel memory: 2048K
bash: cannot set terminal process group (-1): Inappropriate ioctl for device
bash: no job control in this shell
root@(none):/#  
root@(none):/# mount -t sysfs none /sys
root@(none):/# 
root@(none):/# mount -t debugfs none /sys/kernel/debug
root@(none):/# 
root@(none):/# rtcwake -d rtc1 -m mem -s 3
rtcwake: assuming RTC uses UTC ...
rtcwake: wakeup from "mem" using /dev/rtc1 at Thu Jan  1 00:00:32 1970
[   15.719936] PM: Syncing filesystems ... done.
[   15.766109] Freezing user space processes ... (elapsed 0.001 seconds) done.
[   15.774568] OOM killer disabled.
[   15.777810] Freezing remaining freezable tasks ... (elapsed 0.001 seconds) done.
[   15.786840] Suspending console(s) (use no_console_suspend to debug)
[   15.826755] pci_generic_config_write32: 38 callbacks suppressed
[   15.826799] pci_bus 0000:00: 2-byte config write to 0000:00:01.0 offset 0x9c may corrupt adjacent RW1C bits
[   15.839221] PM: suspend of devices complete after 43.676 msecs
[   15.844312] PM: late suspend of devices complete after 5.059 msecs
[   15.848822] pci_bus 0000:01: 2-byte config write to 0000:01:00.0 offset 0x44 may corrupt adjacent RW1C bits
[   15.848879] pci_bus 0000:01: 2-byte config write to 0000:01:00.0 offset 0x44 may corrupt adjacent RW1C bits
[   15.871345] PM: noirq suspend of devices complete after 27.000 msecs
[   15.871357] Disabling non-boot CPUs ...
[   15.872754] IRQ294 no longer affine to CPU1
[   15.940575] Entering suspend state LP1
[   15.940575] Suspended for 1.156 seconds
[   15.940670] Enabling non-boot CPUs ...
[   15.970337] CPU1 is up
[   15.971372] pci_bus 0000:00: 2-byte config write to 0000:00:01.0 offset 0x4c may corrupt adjacent RW1C bits
[   15.971421] pci_bus 0000:00: 2-byte config write to 0000:00:01.0 offset 0x88 may corrupt adjacent RW1C bits
[   15.971452] pci_bus 0000:00: 2-byte config write to 0000:00:01.0 offset 0x90 may corrupt adjacent RW1C bits
[   15.971481] pci_bus 0000:00: 2-byte config write to 0000:00:01.0 offset 0x98 may corrupt adjacent RW1C bits
[   15.971508] pci_bus 0000:00: 2-byte config write to 0000:00:01.0 offset 0x9c may corrupt adjacent RW1C bits
[   15.971589] pci_bus 0000:00: 2-byte config write to 0000:00:01.0 offset 0x52 may corrupt adjacent RW1C bits
[   15.971621] pci_bus 0000:00: 2-byte config write to 0000:00:01.0 offset 0x52 may corrupt adjacent RW1C bits
[   15.971698] pcieport 0000:00:01.0: nv_msi_ht_cap_quirk didn't locate host bridge
[   16.010929] PM: noirq resume of devices complete after 40.558 msecs
[   16.014517] PM: early resume of devices complete after 3.009 msecs
[   16.549709] PM: resume of devices complete after 535.158 msecs
[   16.722443] OOM killer enabled.
[   16.725572] Restarting tasks ... done.
root@(none):/# 
root@(none):/# rtcwake -d rtc1 -m mem -s 3
rtcwake: assuming RTC uses UTC ...
rtcwake: wakeup from "mem" using /dev/rtc1 at Thu Jan  1 00:00:37 1970
[   17.485376] PM: Syncing filesystems ... done.
[   17.530458] Freezing user space processes ... (elapsed 0.001 seconds) done.
[   17.538960] OOM killer disabled.
[   17.542284] Freezing remaining freezable tasks ... (elapsed 0.001 seconds) done.
[   17.551335] Suspending console(s) (use no_console_suspend to debug)
[   17.608852] PM: suspend of devices complete after 48.838 msecs
[   17.613709] PM: late suspend of devices complete after 4.824 msecs
[   17.641243] PM: noirq suspend of devices complete after 27.501 msecs
[   17.641256] Disabling non-boot CPUs ...
[   17.642782] IRQ294 no longer affine to CPU1
[   17.689290] Entering suspend state LP1
[   17.689290] Suspended for 3.251 seconds
[   17.689337] Enabling non-boot CPUs ...
[   17.720308] CPU1 is up
[   17.723053] pcieport 0000:00:01.0: nv_msi_ht_cap_quirk didn't locate host bridge
[   17.760835] PM: noirq resume of devices complete after 40.492 msecs
[   17.764365] PM: early resume of devices complete after 2.960 msecs
[   18.299759] PM: resume of devices complete after 535.359 msecs
[   18.369418] OOM killer enabled.
[   18.372557] Restarting tasks ... done.
root@(none):/# 
root@(none):/# rtcwake -d rtc1 -m mem -s 3
rtcwake: assuming RTC uses UTC ...
rtcwake: wakeup from "mem" using /dev/rtc1 at Thu Jan  1 00:00:42 1970
[   19.235388] PM: Syncing filesystems ... done.
[   19.280663] Freezing user space processes ... (elapsed 0.001 seconds) done.
[   19.289083] OOM killer disabled.
[   19.292411] Freezing remaining freezable tasks ... (elapsed 0.001 seconds) done.
[   19.301452] Suspending console(s) (use no_console_suspend to debug)
[   19.358760] PM: suspend of devices complete after 48.696 msecs
[   19.363620] PM: late suspend of devices complete after 4.826 msecs
[   19.391182] PM: noirq suspend of devices complete after 27.530 msecs
[   19.391195] Disabling non-boot CPUs ...
[   19.392691] IRQ294 no longer affine to CPU1
[   19.449168] Entering suspend state LP1
[   19.449168] Suspended for 3.240 seconds
[   19.449216] Enabling non-boot CPUs ...
[   19.480240] CPU1 is up
[   19.481403] pcieport 0000:00:01.0: nv_msi_ht_cap_quirk didn't locate host bridge
[   19.510747] PM: noirq resume of devices complete after 30.474 msecs
[   19.514257] PM: early resume of devices complete after 2.936 msecs
[   20.059646] PM: resume of devices complete after 545.356 msecs
[   20.129270] OOM killer enabled.
[   20.132408] Restarting tasks ... done.
root@(none):/# 
root@(none):/# rtcwake -d rtc1 -m mem -s 3
rtcwake: assuming RTC uses UTC ...
rtcwake: wakeup from "mem" using /dev/rtc1 at Thu Jan  1 00:00:47 1970
[   20.995038] PM: Syncing filesystems ... done.
[   21.037358] Freezing user space processes ... (elapsed 0.001 seconds) done.
[   21.045714] OOM killer disabled.
[   21.048946] Freezing remaining freezable tasks ... (elapsed 0.001 seconds) done.
[   21.057798] Suspending console(s) (use no_console_suspend to debug)
[   21.095296] pci_generic_config_write32: 65 callbacks suppressed
[   21.095339] pci_bus 0000:00: 2-byte config write to 0000:00:01.0 offset 0x9c may corrupt adjacent RW1C bits
[   21.107690] PM: suspend of devices complete after 41.902 msecs
[   21.112518] PM: late suspend of devices complete after 4.796 msecs
[   21.116921] pci_bus 0000:01: 2-byte config write to 0000:01:00.0 offset 0x44 may corrupt adjacent RW1C bits
[   21.116976] pci_bus 0000:01: 2-byte config write to 0000:01:00.0 offset 0x44 may corrupt adjacent RW1C bits
[   21.141074] PM: noirq suspend of devices complete after 28.524 msecs
[   21.141087] Disabling non-boot CPUs ...
[   21.142566] IRQ294 no longer affine to CPU1
[   21.189130] Entering suspend state LP1
[   21.189130] Suspended for 3.259 seconds
[   21.189178] Enabling non-boot CPUs ...
[   21.220162] CPU1 is up
[   21.222734] pci_bus 0000:00: 2-byte config write to 0000:00:01.0 offset 0x4c may corrupt adjacent RW1C bits
[   21.222808] pci_bus 0000:00: 2-byte config write to 0000:00:01.0 offset 0x88 may corrupt adjacent RW1C bits
[   21.222840] pci_bus 0000:00: 2-byte config write to 0000:00:01.0 offset 0x90 may corrupt adjacent RW1C bits
[   21.222870] pci_bus 0000:00: 2-byte config write to 0000:00:01.0 offset 0x98 may corrupt adjacent RW1C bits
[   21.222899] pci_bus 0000:00: 2-byte config write to 0000:00:01.0 offset 0x9c may corrupt adjacent RW1C bits
[   21.222980] pci_bus 0000:00: 2-byte config write to 0000:00:01.0 offset 0x52 may corrupt adjacent RW1C bits
[   21.223012] pci_bus 0000:00: 2-byte config write to 0000:00:01.0 offset 0x52 may corrupt adjacent RW1C bits
[   21.223087] pcieport 0000:00:01.0: nv_msi_ht_cap_quirk didn't locate host bridge
[   21.250665] PM: noirq resume of devices complete after 30.469 msecs
[   21.254254] PM: early resume of devices complete after 3.017 msecs
[   21.799125] PM: resume of devices complete after 544.837 msecs
[   21.971793] OOM killer enabled.
[   21.974922] Restarting tasks ... done.
root@(none):/# 
root@(none):/# rtcwake -d rtc1 -m mem -s 3
rtcwake: assuming RTC uses UTC ...
rtcwake: wakeup from "mem" using /dev/rtc1 at Thu Jan  1 00:00:52 1970
[   22.734884] PM: Syncing filesystems ... done.
[   22.779938] Freezing user space processes ... (elapsed 0.001 seconds) done.
[   22.788368] OOM killer disabled.
[   22.791691] Freezing remaining freezable tasks ... (elapsed 0.001 seconds) done.
[   22.800762] Suspending console(s) (use no_console_suspend to debug)
[   22.829436] PM: suspend of devices complete after 20.058 msecs
[   22.834238] PM: late suspend of devices complete after 4.769 msecs
[   22.861034] PM: noirq suspend of devices complete after 26.763 msecs
[   22.861046] Disabling non-boot CPUs ...
[   22.862585] IRQ294 no longer affine to CPU1
[   22.929053] Entering suspend state LP1
[   22.929053] Suspended for 3.259 seconds
[   22.929101] Enabling non-boot CPUs ...
[   22.960083] CPU1 is up
[   22.961311] pcieport 0000:00:01.0: nv_msi_ht_cap_quirk didn't locate host bridge
[   22.990579] PM: noirq resume of devices complete after 30.461 msecs
[   22.994134] PM: early resume of devices complete after 2.978 msecs
[   23.529527] PM: resume of devices complete after 535.358 msecs
[   23.599134] OOM killer enabled.
[   23.602272] Restarting tasks ... done.
root@(none):/# 
root@(none):/# rtcwake -d rtc1 -m mem -s 3
rtcwake: assuming RTC uses UTC ...
rtcwake: wakeup from "mem" using /dev/rtc1 at Thu Jan  1 00:00:57 1970
[   24.474858] PM: Syncing filesystems ... done.
[   24.519922] Freezing user space processes ... (elapsed 0.001 seconds) done.
[   24.528358] OOM killer disabled.
[   24.531679] Freezing remaining freezable tasks ... (elapsed 0.001 seconds) done.
[   24.540749] Suspending console(s) (use no_console_suspend to debug)
[   24.572167] PM: suspend of devices complete after 22.806 msecs
[   24.576810] PM: late suspend of devices complete after 4.611 msecs
[   24.610873] PM: noirq suspend of devices complete after 34.031 msecs
[   24.610886] Disabling non-boot CPUs ...
[   24.612365] IRQ294 no longer affine to CPU1
[   24.648941] Entering suspend state LP1
[   24.648941] Suspended for 3.280 seconds
[   24.648989] Enabling non-boot CPUs ...
[   24.679986] CPU1 is up
[   24.681643] pcieport 0000:00:01.0: nv_msi_ht_cap_quirk didn't locate host bridge
[   24.710621] PM: noirq resume of devices complete after 30.601 msecs
[   24.714195] PM: early resume of devices complete after 2.995 msecs
[   25.259427] PM: resume of devices complete after 545.199 msecs
[   25.329197] OOM killer enabled.
[   25.332336] Restarting tasks ... done.
root@(none):/# 
root@(none):/# rtcwake -d rtc1 -m mem -s 3
rtcwake: assuming RTC uses UTC ...
rtcwake: wakeup from "mem" using /dev/rtc1 at Thu Jan  1 00:01:02 1970
[   26.194903] PM: Syncing filesystems ... done.
[   26.239951] Freezing user space processes ... (elapsed 0.001 seconds) done.
[   26.248475] OOM killer disabled.
[   26.251797] Freezing remaining freezable tasks ... (elapsed 0.001 seconds) done.
[   26.260872] Suspending console(s) (use no_console_suspend to debug)
[   26.305218] pci_generic_config_write32: 65 callbacks suppressed
[   26.305262] pci_bus 0000:00: 2-byte config write to 0000:00:01.0 offset 0x9c may corrupt adjacent RW1C bits
[   26.317643] PM: suspend of devices complete after 48.158 msecs
[   26.322430] PM: late suspend of devices complete after 4.754 msecs
[   26.326882] pci_bus 0000:01: 2-byte config write to 0000:01:00.0 offset 0x44 may corrupt adjacent RW1C bits
[   26.326943] pci_bus 0000:01: 2-byte config write to 0000:01:00.0 offset 0x44 may corrupt adjacent RW1C bits
[   26.350802] PM: noirq suspend of devices complete after 28.341 msecs
[   26.350815] Disabling non-boot CPUs ...
[   26.352345] IRQ294 no longer affine to CPU1
[   26.398869] Entering suspend state LP1
[   26.398869] Suspended for 3.249 seconds
[   26.398916] Enabling non-boot CPUs ...
[   26.429915] CPU1 is up
[   26.430939] pci_bus 0000:00: 2-byte config write to 0000:00:01.0 offset 0x4c may corrupt adjacent RW1C bits
[   26.430987] pci_bus 0000:00: 2-byte config write to 0000:00:01.0 offset 0x88 may corrupt adjacent RW1C bits
[   26.431019] pci_bus 0000:00: 2-byte config write to 0000:00:01.0 offset 0x90 may corrupt adjacent RW1C bits
[   26.431047] pci_bus 0000:00: 2-byte config write to 0000:00:01.0 offset 0x98 may corrupt adjacent RW1C bits
[   26.431075] pci_bus 0000:00: 2-byte config write to 0000:00:01.0 offset 0x9c may corrupt adjacent RW1C bits
[   26.431156] pci_bus 0000:00: 2-byte config write to 0000:00:01.0 offset 0x52 may corrupt adjacent RW1C bits
[   26.431187] pci_bus 0000:00: 2-byte config write to 0000:00:01.0 offset 0x52 may corrupt adjacent RW1C bits
[   26.431264] pcieport 0000:00:01.0: nv_msi_ht_cap_quirk didn't locate host bridge
[   26.460538] PM: noirq resume of devices complete after 30.590 msecs
[   26.464131] PM: early resume of devices complete after 3.017 msecs
[   27.009056] PM: resume of devices complete after 544.891 msecs
[   27.181786] OOM killer enabled.
[   27.184914] Restarting tasks ... done.
root@(none):/# 
root@(none):/# rtcwake -d rtc1 -m mem -s 3
rtcwake: assuming RTC uses UTC ...
rtcwake: wakeup from "mem" using /dev/rtc1 at Thu Jan  1 00:01:07 1970
[   27.944769] PM: Syncing filesystems ... done.
[   27.989851] Freezing user space processes ... (elapsed 0.001 seconds) done.
[   27.998304] OOM killer disabled.
[   28.001622] Freezing remaining freezable tasks ... (elapsed 0.001 seconds) done.
[   28.010495] Suspending console(s) (use no_console_suspend to debug)
[   28.043839] PM: suspend of devices complete after 25.401 msecs
[   28.048904] PM: late suspend of devices complete after 5.032 msecs
[   28.080759] PM: noirq suspend of devices complete after 31.822 msecs
[   28.080771] Disabling non-boot CPUs ...
[   28.082136] IRQ294 no longer affine to CPU1
[   28.148779] Entering suspend state LP1
[   28.148779] Suspended for 3.250 seconds
[   28.148826] Enabling non-boot CPUs ...
[   28.179829] CPU1 is up
[   28.180783] pcieport 0000:00:01.0: nv_msi_ht_cap_quirk didn't locate host bridge
[   28.210446] PM: noirq resume of devices complete after 30.583 msecs
[   28.214013] PM: early resume of devices complete after 2.993 msecs
[   28.758912] PM: resume of devices complete after 544.866 msecs
[   28.828528] OOM killer enabled.
[   28.831666] Restarting tasks ... done.
root@(none):/# 
root@(none):/# rtcwake -d rtc1 -m mem -s 3
rtcwake: assuming RTC uses UTC ...
rtcwake: wakeup from "mem" using /dev/rtc1 at Thu Jan  1 00:01:12 1970
[   29.694534] PM: Syncing filesystems ... done.
[   29.739603] Freezing user space processes ... (elapsed 0.001 seconds) done.
[   29.748038] OOM killer disabled.
[   29.751361] Freezing remaining freezable tasks ... (elapsed 0.001 seconds) done.
[   29.760456] Suspending console(s) (use no_console_suspend to debug)
[   29.789226] PM: suspend of devices complete after 20.155 msecs
[   29.794009] PM: late suspend of devices complete after 4.748 msecs
[   29.820676] PM: noirq suspend of devices complete after 26.635 msecs
[   29.820689] Disabling non-boot CPUs ...
[   29.822228] IRQ294 no longer affine to CPU1
[   29.888648] Entering suspend state LP1
[   29.888648] Suspended for 3.260 seconds
[   29.888697] Enabling non-boot CPUs ...
[   29.919711] CPU1 is up
[   29.920854] pcieport 0000:00:01.0: nv_msi_ht_cap_quirk didn't locate host bridge
[   29.950225] PM: noirq resume of devices complete after 30.480 msecs
[   29.953741] PM: early resume of devices complete after 2.941 msecs
[   30.499172] PM: resume of devices complete after 545.396 msecs
[   30.568928] OOM killer enabled.
[   30.572065] Restarting tasks ... done.
root@(none):/# 
root@(none):/# rtcwake -d rtc1 -m mem -s 3
rtcwake: assuming RTC uses UTC ...
rtcwake: wakeup from "mem" using /dev/rtc1 at Thu Jan  1 00:01:17 1970
[   31.434386] PM: Syncing filesystems ... done.
[   31.479450] Freezing user space processes ... (elapsed 0.001 seconds) done.
[   31.487881] OOM killer disabled.
[   31.491204] Freezing remaining freezable tasks ... (elapsed 0.001 seconds) done.
[   31.500276] Suspending console(s) (use no_console_suspend to debug)
[   31.515565] pci_generic_config_write32: 65 callbacks suppressed
[   31.515610] pci_bus 0000:00: 2-byte config write to 0000:00:01.0 offset 0x9c may corrupt adjacent RW1C bits
[   31.529715] PM: suspend of devices complete after 20.824 msecs
[   31.534474] PM: late suspend of devices complete after 4.726 msecs
[   31.538345] pci_bus 0000:01: 2-byte config write to 0000:01:00.0 offset 0x44 may corrupt adjacent RW1C bits
[   31.538402] pci_bus 0000:01: 2-byte config write to 0000:01:00.0 offset 0x44 may corrupt adjacent RW1C bits
[   31.560564] PM: noirq suspend of devices complete after 26.058 msecs
[   31.560577] Disabling non-boot CPUs ...
[   31.561959] IRQ294 no longer affine to CPU1
[   31.598548] Entering suspend state LP1
[   31.598548] Suspended for 3.290 seconds
[   31.598595] Enabling non-boot CPUs ...
[   31.629632] CPU1 is up
[   31.632205] pci_bus 0000:00: 2-byte config write to 0000:00:01.0 offset 0x4c may corrupt adjacent RW1C bits
[   31.632253] pci_bus 0000:00: 2-byte config write to 0000:00:01.0 offset 0x88 may corrupt adjacent RW1C bits
[   31.632284] pci_bus 0000:00: 2-byte config write to 0000:00:01.0 offset 0x90 may corrupt adjacent RW1C bits
[   31.632312] pci_bus 0000:00: 2-byte config write to 0000:00:01.0 offset 0x98 may corrupt adjacent RW1C bits
[   31.632341] pci_bus 0000:00: 2-byte config write to 0000:00:01.0 offset 0x9c may corrupt adjacent RW1C bits
[   31.632422] pci_bus 0000:00: 2-byte config write to 0000:00:01.0 offset 0x52 may corrupt adjacent RW1C bits
[   31.632453] pci_bus 0000:00: 2-byte config write to 0000:00:01.0 offset 0x52 may corrupt adjacent RW1C bits
[   31.632528] pcieport 0000:00:01.0: nv_msi_ht_cap_quirk didn't locate host bridge
[   31.660717] PM: noirq resume of devices complete after 31.051 msecs
[   31.664603] PM: early resume of devices complete after 3.141 msecs
[   32.209053] PM: resume of devices complete after 544.416 msecs
[   32.381827] OOM killer enabled.
[   32.384955] Restarting tasks ... done.
root@(none):/# 
root@(none):/# NVTB SYSTEM SUSPEND TEST COMPLETE
