
U-Boot SPL 2014.01-00219-gc4d376f (Feb 18 2014 - 19:57:32)


U-Boot 2014.01-00219-gc4d376f (Feb 18 2014 - 19:57:32)

TEGRA114
Board: NVIDIA Dalmore
I2C:   ready
DRAM:  2 GiB
MMC:   Tegra SD/MMC: 0, Tegra SD/MMC: 1
In:    serial
Out:   serial
Err:   serial
Net:   Net Initialization Skipped
No ethernet found.
Hit any key to stop autoboot:  2  0 
Tegra114 (Dalmore) # 
Tegra114 (Dalmore) # usb reset
(Re)start USB...
USB0:   USB EHCI 1.10
scanning bus 0 for devices... 2 USB Device(s) found
       scanning usb for storage devices... 0 Storage Device(s) found
       scanning usb for ethernet devices... 
Warning: asx0 using MAC address from net device
1 Ethernet Device(s) found
Tegra114 (Dalmore) # setenv bootargs 'ignore_loglevel console=ttyS0,115200n8 rw root=/dev/mmcblk0p1 rootwait gpt debug init=/bin/bash'
Tegra114 (Dalmore) # setenv ipaddr 192.168.100.100; setenv serverip 192.168.100.1; setenv tftpserverip 192.168.100.1
Tegra114 (Dalmore) # tftpboot 0x81000000 zImage.multi_v7_defconfig
Using asx0 device
TFTP from server 192.168.100.1; our IP address is 192.168.100.100
Filename 'zImage.multi_v7_defconfig'.
Load address: 0x81000000
Loading: *#################################################################
	 #################################################################
	 #################################################################
	 #################################################################
	 ################################################
	 3.4 MiB/s
done
Bytes transferred = 4507896 (44c8f8 hex)
Tegra114 (Dalmore) # tftpboot 0x82000000 tegra114-dalmore.dtb
Using asx0 device
TFTP from server 192.168.100.1; our IP address is 192.168.100.100
Filename 'tegra114-dalmore.dtb'.
Load address: 0x82000000
Loading: *###
	 3.2 MiB/s
done
Bytes transferred = 34059 (850b hex)
Tegra114 (Dalmore) # bootz 0x81000000 - 0x82000000
Kernel image @ 0x81000000 [ 0x000000 - 0x44c8f8 ]
## Flattened Device Tree blob at 82000000
   Booting using the fdt blob at 0x82000000
   Loading Device Tree to 8fff4000, end 8ffff50a ... OK

Starting kernel ...

[    0.000000] Booting Linux on physical CPU 0x0
[    0.000000] Linux version 3.14.0-51074-g455c6fd (pwalmsley@tamien) (gcc version 4.7.3 20130328 (prerelease) (crosstool-NG linaro-1.13.1-4.7-2013.04-20130415 - Linaro GCC 2013.04) ) #1 SMP Mon Mar 31 18:36:20 PDT 2014
[    0.000000] CPU: ARMv7 Processor [412fc0f2] revision 2 (ARMv7), cr=10c5387d
[    0.000000] CPU: PIPT / VIPT nonaliasing data cache, PIPT instruction cache
[    0.000000] Machine model: NVIDIA Tegra114 Dalmore evaluation board
[    0.000000] debug: ignoring loglevel setting.
[    0.000000] cma: CMA: reserved 16 MiB at ae800000
[    0.000000] Memory policy: Data cache writealloc
[    0.000000] On node 0 totalpages: 524032
[    0.000000] free_area_init_node: node 0, pgdat c0936f80, node_mem_map ed7f1000
[    0.000000]   DMA zone: 1520 pages used for memmap
[    0.000000]   DMA zone: 0 pages reserved
[    0.000000]   DMA zone: 194560 pages, LIFO batch:31
[    0.000000]   HighMem zone: 2574 pages used for memmap
[    0.000000]   HighMem zone: 329472 pages, LIFO batch:31
[    0.000000] Tegra Revision: A01 SKU: 0 CPU Process: 1 Core Process: 1
[    0.000000] PERCPU: Embedded 7 pages/cpu @ed7b8000 s8192 r8192 d12288 u32768
[    0.000000] pcpu-alloc: s8192 r8192 d12288 u32768 alloc=8*4096
[    0.000000] pcpu-alloc: [0] 0 [0] 1 [0] 2 [0] 3 
[    0.000000] Built 1 zonelists in Zone order, mobility grouping on.  Total pages: 522512
[    0.000000] Kernel command line: ignore_loglevel console=ttyS0,115200n8 rw root=/dev/mmcblk0p1 rootwait gpt debug init=/bin/bash
[    0.000000] PID hash table entries: 4096 (order: 2, 16384 bytes)
[    0.000000] Dentry cache hash table entries: 131072 (order: 7, 524288 bytes)
[    0.000000] Inode-cache hash table entries: 65536 (order: 6, 262144 bytes)
[    0.000000] Memory: 2052564K/2096128K available (5843K kernel code, 706K rwdata, 2340K rodata, 512K init, 284K bss, 43564K reserved, 1317888K highmem)
[    0.000000] Virtual kernel memory layout:
[    0.000000]     vector  : 0xffff0000 - 0xffff1000   (   4 kB)
[    0.000000]     fixmap  : 0xfff00000 - 0xfffe0000   ( 896 kB)
[    0.000000]     vmalloc : 0xf0000000 - 0xff000000   ( 240 MB)
[    0.000000]     lowmem  : 0xc0000000 - 0xef800000   ( 760 MB)
[    0.000000]     pkmap   : 0xbfe00000 - 0xc0000000   (   2 MB)
[    0.000000]     modules : 0xbf000000 - 0xbfe00000   (  14 MB)
[    0.000000]       .text : 0xc0008000 - 0xc080604c   (8185 kB)
[    0.000000]       .init : 0xc0807000 - 0xc0887000   ( 512 kB)
[    0.000000]       .data : 0xc0888000 - 0xc0938b00   ( 707 kB)
[    0.000000]        .bss : 0xc0938b08 - 0xc097fc00   ( 285 kB)
[    0.000000] SLUB: HWalign=64, Order=0-3, MinObjects=0, CPUs=4, Nodes=1
[    0.000000] Hierarchical RCU implementation.
[    0.000000] NR_IRQS:16 nr_irqs:16 16
[    0.000008] sched_clock: 32 bits at 1000kHz, resolution 1000ns, wraps every 2147483648000ns
[    0.001549] Architected cp15 timer(s) running at 12.00MHz (virt).
[    0.001573] sched_clock: 56 bits at 12MHz, resolution 83ns, wraps every 2863311536128ns
[    0.001581] Switching to timer-based delay loop
[    0.001784] Console: colour dummy device 80x30
[    0.001814] Calibrating delay loop (skipped), value calculated using timer frequency.. 24.00 BogoMIPS (lpj=120000)
[    0.001828] pid_max: default: 32768 minimum: 301
[    0.002005] Mount-cache hash table entries: 2048 (order: 1, 8192 bytes)
[    0.002018] Mountpoint-cache hash table entries: 2048 (order: 1, 8192 bytes)
[    0.010832] CPU: Testing write buffer coherency: ok
[    0.011040] /cpus/cpu@0 missing clock-frequency property
[    0.011063] /cpus/cpu@1 missing clock-frequency property
[    0.011085] /cpus/cpu@2 missing clock-frequency property
[    0.011109] /cpus/cpu@3 missing clock-frequency property
[    0.011122] CPU0: thread -1, cpu 0, socket 0, mpidr 80000000
[    0.011145] Setting up static identity map for 0x80586048 - 0x805860e0
[    0.011404] unable to find compatible sirf rstc node in dtb
[    0.012817] CPU1: Booted secondary processor
[    0.012842] CPU1: thread -1, cpu 1, socket 0, mpidr 80000001
[    0.013407] CPU2: Booted secondary processor
[    0.013431] CPU2: thread -1, cpu 2, socket 0, mpidr 80000002
[    0.013988] CPU3: Booted secondary processor
[    0.014012] CPU3: thread -1, cpu 3, socket 0, mpidr 80000003
[    0.014175] Brought up 4 CPUs
[    0.014200] SMP: Total of 4 processors activated.
[    0.014208] CPU: All CPU(s) started in SVC mode.
[    0.014845] devtmpfs: initialized
[    0.020488] VFP support v0.3: implementor 41 architecture 4 part 30 variant f rev 0
[    0.020924] pinctrl core: initialized pinctrl subsystem
[    0.021341] regulator-dummy: no parameters
[    0.022115] NET: Registered protocol family 16
[    0.024408] DMA: preallocated 256 KiB pool for atomic coherent allocations
[    0.025255] cpuidle: using governor ladder
[    0.025263] cpuidle: using governor menu
[    0.037153] No ATAGs?
[    0.039065] Serial: AMBA PL011 UART driver
[    0.047560] bio: create slab <bio-0> at 0
[    0.049542] edma-dma-engine edma-dma-engine.0: Can't allocate PaRAM dummy slot
[    0.049565] edma-dma-engine: probe of edma-dma-engine.0 failed with error -5
[    0.050085] vdd_ac_bat: 5000 mV 
[    0.050311] dvdd_ts: Failed to request enable GPIO61: -517
[    0.050405] reg-fixed-voltage 1.regulator: Failed to register regulator: -517
[    0.050427] platform 1.regulator: Driver reg-fixed-voltage requests probe deferral
[    0.050592] usb1_vbus: Failed to request enable GPIO108: -517
[    0.050675] reg-fixed-voltage 3.regulator: Failed to register regulator: -517
[    0.050694] platform 3.regulator: Driver reg-fixed-voltage requests probe deferral
[    0.050856] usb2_vbus: Failed to request enable GPIO86: -517
[    0.050939] reg-fixed-voltage 4.regulator: Failed to register regulator: -517
[    0.050958] platform 4.regulator: Driver reg-fixed-voltage requests probe deferral
[    0.051119] vdd_hdmi_5v0: Failed to request enable GPIO81: -517
[    0.051199] reg-fixed-voltage 5.regulator: Failed to register regulator: -517
[    0.051218] platform 5.regulator: Driver reg-fixed-voltage requests probe deferral
[    0.051282] platform 6.regulator: Driver reg-fixed-voltage requests probe deferral
[    0.053104] vgaarb: loaded
[    0.053624] SCSI subsystem initialized
[    0.053797] libata version 3.00 loaded.
[    0.054119] usbcore: registered new interface driver usbfs
[    0.054186] usbcore: registered new interface driver hub
[    0.054283] usbcore: registered new device driver usb
[    0.057471] vdd-cpu: 500 <--> 1520 mV at 1100 mV 
[    0.057910] tps65090 2-0048: No cache defaults, reading back from HW
[    0.059401] vdd-sys-5v0: no parameters
[    0.059447] vdd-sys-5v0: supplied by vdd_ac_bat
[    0.059856] vdd-sys-3v3: no parameters
[    0.059898] vdd-sys-3v3: supplied by vdd_ac_bat
[    0.060292] vdd-ao: no parameters
[    0.060340] vdd-ao: supplied by vdd_ac_bat
[    0.060518] vdd-lcd-bl: no parameters
[    0.060558] vdd-lcd-bl: supplied by vdd_ac_bat
[    0.060721] TPS65090_RAILSFET2: no parameters
[    0.060760] TPS65090_RAILSFET2: supplied by vdd_ac_bat
[    0.060932] vdd-modem-3v3: no parameters
[    0.060973] vdd-modem-3v3: supplied by vdd-sys-3v3
[    0.061159] avdd-lcd: no parameters
[    0.061196] avdd-lcd: supplied by vdd-sys-3v3
[    0.061363] vdd-lvds: no parameters
[    0.061399] vdd-lvds: supplied by vdd-sys-3v3
[    0.061592] vdd-sd-slot: no parameters
[    0.061628] vdd-sd-slot: supplied by vdd-sys-3v3
[    0.061812] vdd-com-3v3: no parameters
[    0.061849] vdd-com-3v3: supplied by vdd-sys-3v3
[    0.062017] vdd-sby-5v0: no parameters
[    0.062053] vdd-sby-5v0: supplied by vdd_ac_bat
[    0.062225] vdd-sby-3v3: no parameters
[    0.062261] vdd-sby-3v3: supplied by vdd_ac_bat
[    0.062644] genirq: Setting trigger mode 8 for irq 118 failed (gic_set_type+0x0/0xfc)
[    0.062952] palmas 2-0058: Irq flag is 0x00000000
[    0.065491] palmas 2-0058: Muxing GPIO ff, PWM 0, LED 0
[    0.068652] vddio-ddr: 1350 mV 
[    0.068870] vddio-ddr: supplied by vdd-ao
[    0.070367] vddio-1v8: 1800 mV 
[    0.070577] vddio-1v8: supplied by vdd-ao
[    0.072085] vdd-core: 900 <--> 1400 mV at 1100 mV 
[    0.072295] vdd-core: supplied by vdd-sys-3v3
[    0.073245] SMPS6: no parameters
[    0.074892] avdd-pll: 1050 mV 
[    0.075105] avdd-pll: supplied by vdd-sys-3v3
[    0.076861] sdhci-vdd-sd-slot: 2800 mV 
[    0.077072] sdhci-vdd-sd-slot: supplied by vdd-sys-3v3
[    0.077555] SMPS10_OUT2: at 5000 mV 
[    0.078055] SMPS10_OUT1: at 5000 mV 
[    0.078709] avdd-cam1: 2800 mV 
[    0.078917] avdd-cam1: supplied by vdd-sys-3v3
[    0.079823] avdd-cam2: 2800 mV 
[    0.080030] avdd-cam2: supplied by vdd-sys-3v3
[    0.081501] avdd-dsi-csi: 1200 mV 
[    0.081712] avdd-dsi-csi: supplied by vddio-1v8
[    0.082796] vpp-fuse: 1800 mV 
[    0.083008] vpp-fuse: supplied by vdd-sys-3v3
[    0.083763] LDO5: no parameters
[    0.083977] LDO5: supplied by vdd_ac_bat
[    0.084737] vdd-sensor-2v85: 2850 mV 
[    0.084946] vdd-sensor-2v85: supplied by vdd-sys-3v3
[    0.085870] vdd-af-cam1: 2800 mV 
[    0.086078] vdd-af-cam1: supplied by vdd-sys-3v3
[    0.091516] vdd-rtc: 900 mV 
[    0.091727] vdd-rtc: supplied by vdd-ao
[    0.101691] vddio-sdmmc-2: 1800 <--> 3300 mV at 3300 mV 
[    0.101900] vddio-sdmmc-2: supplied by sdhci-vdd-sd-slot
[    0.102975] hvdd-usb: 3300 mV 
[    0.103184] hvdd-usb: supplied by vdd-sys-5v0
[    0.111541] avdd-usb: 3300 mV 
[    0.111755] avdd-usb: supplied by vdd-sys-5v0
[    0.112528] rail-3v3: no parameters
[    0.113107] rail-5v0: no parameters
[    0.113536] REGEN3: no parameters
[    0.113684] SYSEN1: no parameters
[    0.113828] SYSEN2: no parameters
[    0.114527] Linux video capture interface: v2.00
[    0.114578] pps_core: LinuxPPS API ver. 1 registered
[    0.114586] pps_core: Software ver. 5.3.6 - Copyright 2005-2007 Rodolfo Giometti <giometti@linux.it>
[    0.114611] PTP clock support registered
[    0.114657] EDAC MC: Ver: 3.0.0
[    0.115298] platform 70019010.iommu: Driver tegra-smmu requests probe deferral
[    0.115486] Advanced Linux Sound Architecture Driver Initialized.
[    0.116427] Switched to clocksource arch_sys_counter
[    0.126676] NET: Registered protocol family 2
[    0.127158] TCP established hash table entries: 8192 (order: 3, 32768 bytes)
[    0.127247] TCP bind hash table entries: 8192 (order: 4, 65536 bytes)
[    0.127434] TCP: Hash tables configured (established 8192 bind 8192)
[    0.127480] TCP: reno registered
[    0.127495] UDP hash table entries: 512 (order: 2, 16384 bytes)
[    0.127536] UDP-Lite hash table entries: 512 (order: 2, 16384 bytes)
[    0.127771] NET: Registered protocol family 1
[    0.128027] RPC: Registered named UNIX socket transport module.
[    0.128036] RPC: Registered udp transport module.
[    0.128044] RPC: Registered tcp transport module.
[    0.128052] RPC: Registered tcp NFSv4.1 backchannel transport module.
[    0.128062] PCI: CLS 0 bytes, default 64
[    0.129851] futex hash table entries: 1024 (order: 4, 65536 bytes)
[    0.130436] bounce pool size: 64 pages
[    0.141679] squashfs: version 4.0 (2009/01/31) Phillip Lougher
[    0.142604] NFS: Registering the id_resolver key type
[    0.142634] Key type id_resolver registered
[    0.142644] Key type id_legacy registered
[    0.142689] msgmni has been set to 1466
[    0.143310] Block layer SCSI generic (bsg) driver version 0.4 loaded (major 250)
[    0.143321] io scheduler noop registered
[    0.143329] io scheduler deadline registered
[    0.143531] io scheduler cfq registered (default)
[    0.158098] tegra-apbdma 6000a000.dma: Tegra20 APB DMA driver register 32 channels
[    0.223007] Serial: 8250/16550 driver, 4 ports, IRQ sharing disabled
[    0.224548] Serial: IMX driver
[    0.225596] 70006300.serial: ttyS0 at MMIO 0x70006300 (irq = 122, base_baud = 25500000) is a Tegra
[    1.271815] console [ttyS0] enabled
[    1.275977] STMicroelectronics ASC driver initialized
[    1.281775] serial: Freescale lpuart driver
[    1.286141] [drm] Initialized drm 1.1.0 20060810
[    1.291444] platform 54300000.dsi: Driver tegra-dsi requests probe deferral
[    1.298862] tegra-hdmi 54280000.hdmi: failed to get VDD regulator
[    1.304959] platform 54280000.hdmi: Driver tegra-hdmi requests probe deferral
[    1.318276] loop: module loaded
[    1.324759] m25p80 spi32766.0: w25q32dw (4096 Kbytes)
[    1.332717] pegasus: v0.9.3 (2013/04/25), Pegasus/Pegasus II USB Ethernet driver
[    1.340175] usbcore: registered new interface driver pegasus
[    1.345896] usbcore: registered new interface driver asix
[    1.351342] usbcore: registered new interface driver ax88179_178a
[    1.357477] usbcore: registered new interface driver cdc_ether
[    1.363362] usbcore: registered new interface driver smsc75xx
[    1.369170] usbcore: registered new interface driver smsc95xx
[    1.374946] usbcore: registered new interface driver net1080
[    1.380646] usbcore: registered new interface driver cdc_subset
[    1.386605] usbcore: registered new interface driver zaurus
[    1.392246] usbcore: registered new interface driver cdc_ncm
[    1.397920] ehci_hcd: USB 2.0 'Enhanced' Host Controller (EHCI) Driver
[    1.404436] ehci-pci: EHCI PCI platform driver
[    1.408925] ehci-platform: EHCI generic platform driver
[    1.414285] ehci-omap: OMAP-EHCI Host Controller driver
[    1.419629] ehci-orion: EHCI orion driver
[    1.423747] SPEAr-ehci: EHCI SPEAr driver
[    1.427878] tegra-ehci: Tegra EHCI driver
[    1.432064] platform 7d008000.usb: Driver tegra-ehci requests probe deferral
[    1.439610] usbcore: registered new interface driver usb-storage
[    1.446228] platform 7d008000.usb-phy: Driver tegra-phy requests probe deferral
[    1.454586] mousedev: PS/2 mouse device common for all mice
[    1.464018] palmas-rtc rtc.8: rtc core: registered rtc.8 as rtc0
[    1.471432] tegra_rtc 7000e000.rtc: rtc core: registered 7000e000.rtc as rtc1
[    1.478591] tegra_rtc 7000e000.rtc: Tegra internal Real Time Clock
[    1.485234] i2c /dev entries driver
[    1.490431] sbs-battery 0-000b: sbs_probe: Failed to get device status
[    1.496975] sbs-battery: probe of 0-000b failed with error -121
[    1.508281] sdhci: Secure Digital Host Controller Interface driver
[    1.514451] sdhci: Copyright(c) Pierre Ossman
[    1.519464] sdhci-pltfm: SDHCI platform and OF driver helper
[    1.525664] sdhci-tegra 78000400.sdhci: Got CD GPIO #170.
[    1.532112] mmc0: no vqmmc regulator found
[    1.536207] mmc0: no vmmc regulator found
[    1.540222] mmc0: Invalid maximum block size, assuming 512 bytes
[    1.586452] mmc0: SDHCI controller on 78000400.sdhci [78000400.sdhci] using ADMA
[    1.593932] mmc1: no vqmmc regulator found
[    1.598045] mmc1: no vmmc regulator found
[    1.602048] mmc1: Invalid maximum block size, assuming 512 bytes
[    1.646442] mmc1: SDHCI controller on 78000600.sdhci [78000600.sdhci] using ADMA
[    1.656437] usbcore: registered new interface driver usbhid
[    1.664017] usbhid: USB HID core driver
[    1.781928] mmc1: BKOPS_EN bit is not set
[    1.813323] mmc1: new HS200 MMC card at address 0001
[    1.818733] mmcblk0: mmc1:0001 SEM32G 29.1 GiB 
[    1.823451] mmcblk0boot0: mmc1:0001 SEM32G partition 1 4.00 MiB
[    1.829562] mmcblk0boot1: mmc1:0001 SEM32G partition 2 4.00 MiB
[    1.835649] mmcblk0rpmb: mmc1:0001 SEM32G partition 3 4.00 MiB
[    1.844429]  mmcblk0: p1 p2 p3 p4 p5 p6 p7 p8
[    1.852279]  mmcblk0boot1: unknown partition table
[    1.858625]  mmcblk0boot0: unknown partition table
[    2.088519] tegra30-i2s 70080400.i2s: DMA channels sourced from device 70080000.ahub
[    2.104664] tegra-snd-rt5640 sound.5: rt5640-aif1 <-> 70080400.i2s mapping ok
[    2.115435] input: NVIDIA Tegra Dalmore Headphones as /devices/soc0/sound.5/sound/card0/input0
[    2.125412] TCP: cubic registered
[    2.128743] NET: Registered protocol family 17
[    2.133356] Key type dns_resolver registered
[    2.138165] Registering SWP/SWPB emulation handler
[    2.145385] regulator-dummy: disabling
[    2.149538] dvdd_ts: 1800 mV 
[    2.152827] usb1_vbus: 5000 mV 
[    2.156001] usb1_vbus: supplied by vdd-sys-5v0
[    2.160787] usb2_vbus: 5000 mV 
[    2.163959] usb2_vbus: supplied by vdd-sys-5v0
[    2.168733] vdd_hdmi_5v0: 5000 mV 
[    2.172163] vdd_hdmi_5v0: supplied by vdd-sys-5v0
[    2.177600] vdd_cam_1v8_reg: 1800 mV 
[    2.184879] [drm] Supports vblank timestamp caching Rev 2 (21.10.2013).
[    2.191511] [drm] No driver support for vblank timestamp query.
[    2.238180] Console: switching to colour frame buffer device 240x75
[    2.265453] host1x drm: fb0:  frame buffer device
[    2.270170] host1x drm: registered panic notifier
[    2.274872] [drm] Initialized tegra 0.0.0 20120330 on minor 0
[    2.281170] platform 7d008000.usb: Driver tegra-ehci requests probe deferral
[    2.289389] tegra-ehci 7d008000.usb: EHCI Host Controller
[    2.294803] tegra-ehci 7d008000.usb: new USB bus registered, assigned bus number 1
[    2.303098] tegra-ehci 7d008000.usb: irq 129, io mem 0x7d008000
[    2.326484] tegra-ehci 7d008000.usb: USB 2.0 started, EHCI 1.10
[    2.333289] hub 1-0:1.0: USB hub found
[    2.337125] hub 1-0:1.0: 1 port detected
[    2.342230] input: gpio-keys.3 as /devices/soc0/gpio-keys.3/input/input1
[    2.350092] palmas-rtc rtc.8: setting system clock to 2000-02-14 16:48:38 UTC (950546918)
[    2.358343] spear_cpufreq: Invalid cpufreq_tbl
[    2.372077] ALSA device list:
[    2.375224]   #0: NVIDIA Tegra Dalmore
[    2.380490] EXT4-fs (mmcblk0p1): mounting ext3 file system using the ext4 subsystem
[    2.404644] EXT4-fs (mmcblk0p1): recovery complete
[    2.409498] EXT4-fs (mmcblk0p1): mounted filesystem with ordered data mode. Opts: (null)
[    2.417680] VFS: Mounted root (ext3 filesystem) on device 179:1.
[    2.431542] devtmpfs: mounted
[    2.434933] Freeing unused kernel memory: 512K (c0807000 - c0887000)
bash: cannot set terminal process group (-1): Inappropriate ioctl for device
bash: no job control in this shell
[    2.656565] usb 1-1: new high-speed USB device number 2 using tegra-ehci
root@(none):/# 