
U-Boot SPL 2014.01-00219-gc4d376f (Feb 18 2014 - 19:57:32)


U-Boot 2014.01-00219-gc4d376f (Feb 18 2014 - 19:57:32)

TEGRA114
Board: NVIDIA Dalmore
I2C:   ready
DRAM:  2 GiB
MMC:   Tegra SD/MMC: 0, Tegra SD/MMC: 1
In:    serial
Out:   serial
Err:   serial
Net:   Net Initialization Skipped
No ethernet found.
Hit any key to stop autoboot:  2  0 
Tegra114 (Dalmore) # 
Tegra114 (Dalmore) # usb reset
(Re)start USB...
USB0:   USB EHCI 1.10
scanning bus 0 for devices... 2 USB Device(s) found
       scanning usb for storage devices... 0 Storage Device(s) found
       scanning usb for ethernet devices... 
Warning: asx0 using MAC address from net device
1 Ethernet Device(s) found
Tegra114 (Dalmore) # setenv bootargs 'ignore_loglevel console=ttyS0,115200n8 rw root=/dev/mmcblk0p1 rootwait gpt debug init=/bin/bash'
Tegra114 (Dalmore) # setenv ipaddr 192.168.100.100; setenv serverip 192.168.100.1; setenv tftpserverip 192.168.100.1
Tegra114 (Dalmore) # tftpboot 0x81000000 zImage.multi_v7_defconfig
Using asx0 device
TFTP from server 192.168.100.1; our IP address is 192.168.100.100
Filename 'zImage.multi_v7_defconfig'.
Load address: 0x81000000
Loading: *#################################################################
	 #################################################################
	 #################################################################
	 #################################################################
	 #################################################################
	 #################################################################
	 ##
	 3 MiB/s
done
Bytes transferred = 5746800 (57b070 hex)
Tegra114 (Dalmore) # tftpboot 0x82000000 tegra114-dalmore.dtb
Using asx0 device
TFTP from server 192.168.100.1; our IP address is 192.168.100.100
Filename 'tegra114-dalmore.dtb'.
Load address: 0x82000000
Loading: *###
	 2.8 MiB/s
done
Bytes transferred = 34638 (874e hex)
Tegra114 (Dalmore) # bootz 0x81000000 - 0x82000000
Kernel image @ 0x81000000 [ 0x000000 - 0x57b070 ]
## Flattened Device Tree blob at 82000000
   Booting using the fdt blob at 0x82000000
   Loading Device Tree to 8fff4000, end 8ffff74d ... OK

Starting kernel ...

[    0.000000] Booting Linux on physical CPU 0x0
[    0.000000] Linux version 3.19.0-rc4-12904-geaa27f3 (pwalmsley@tamien) (gcc version 4.7.3 20130328 (prerelease) (crosstool-NG linaro-1.13.1-4.7-2013.04-20130415 - Linaro GCC 2013.04) ) #1 SMP Sun Jan 11 13:04:23 PST 2015
[    0.000000] CPU: ARMv7 Processor [412fc0f2] revision 2 (ARMv7), cr=10c5387d
[    0.000000] CPU: PIPT / VIPT nonaliasing data cache, PIPT instruction cache
[    0.000000] Machine model: NVIDIA Tegra114 Dalmore evaluation board
[    0.000000] debug: ignoring loglevel setting.
[    0.000000] cma: Reserved 64 MiB at 0xfb800000
[    0.000000] Memory policy: Data cache writealloc
[    0.000000] On node 0 totalpages: 524032
[    0.000000] free_area_init_node: node 0, pgdat c0dfc8c0, node_mem_map ee7f8000
[    0.000000]   DMA zone: 1520 pages used for memmap
[    0.000000]   DMA zone: 0 pages reserved
[    0.000000]   DMA zone: 194560 pages, LIFO batch:31
[    0.000000]   HighMem zone: 329472 pages, LIFO batch:31
[    0.000000] PERCPU: Embedded 10 pages/cpu @ee7ab000 s8512 r8192 d24256 u40960
[    0.000000] pcpu-alloc: s8512 r8192 d24256 u40960 alloc=10*4096
[    0.000000] pcpu-alloc: [0] 0 [0] 1 [0] 2 [0] 3 
[    0.000000] Built 1 zonelists in Zone order, mobility grouping on.  Total pages: 522512
[    0.000000] Kernel command line: ignore_loglevel console=ttyS0,115200n8 rw root=/dev/mmcblk0p1 rootwait gpt debug init=/bin/bash
[    0.000000] PID hash table entries: 4096 (order: 2, 16384 bytes)
[    0.000000] Dentry cache hash table entries: 131072 (order: 7, 524288 bytes)
[    0.000000] Inode-cache hash table entries: 65536 (order: 6, 262144 bytes)
[    0.000000] Memory: 2000480K/2096128K available (7477K kernel code, 953K rwdata, 3052K rodata, 764K init, 306K bss, 30112K reserved, 65536K cma-reserved, 1252352K highmem)
[    0.000000] Virtual kernel memory layout:
[    0.000000]     vector  : 0xffff0000 - 0xffff1000   (   4 kB)
[    0.000000]     fixmap  : 0xffc00000 - 0xfff00000   (3072 kB)
[    0.000000]     vmalloc : 0xf0000000 - 0xff000000   ( 240 MB)
[    0.000000]     lowmem  : 0xc0000000 - 0xef800000   ( 760 MB)
[    0.000000]     pkmap   : 0xbfe00000 - 0xc0000000   (   2 MB)
[    0.000000]     modules : 0xbf000000 - 0xbfe00000   (  14 MB)
[    0.000000]       .text : 0xc0208000 - 0xc0c508ac   (10531 kB)
[    0.000000]       .init : 0xc0c51000 - 0xc0d10000   ( 764 kB)
[    0.000000]       .data : 0xc0d10000 - 0xc0dfe7a0   ( 954 kB)
[    0.000000]        .bss : 0xc0dfe7a0 - 0xc0e4b0e8   ( 307 kB)
[    0.000000] SLUB: HWalign=64, Order=0-3, MinObjects=0, CPUs=4, Nodes=1
[    0.000000] Hierarchical RCU implementation.
[    0.000000] 	RCU restricting CPUs from NR_CPUS=8 to nr_cpu_ids=4.
[    0.000000] RCU: Adjusting geometry for rcu_fanout_leaf=16, nr_cpu_ids=4
[    0.000000] NR_IRQS:16 nr_irqs:16 16
[    0.000000] L2C: failed to init: -19
[    0.000009] sched_clock: 32 bits at 1000kHz, resolution 1000ns, wraps every 2147483648000ns
[    0.000029] Switching to timer-based delay loop, resolution 1000ns
[    0.002609] Architected cp15 timer(s) running at 12.00MHz (virt).
[    0.002632] sched_clock: 56 bits at 12MHz, resolution 83ns, wraps every 2863311536128ns
[    0.002645] Switching to timer-based delay loop, resolution 83ns
[    0.002979] Console: colour dummy device 80x30
[    0.003003] Calibrating delay loop (skipped), value calculated using timer frequency.. 24.00 BogoMIPS (lpj=60000)
[    0.003018] pid_max: default: 32768 minimum: 301
[    0.003147] Mount-cache hash table entries: 2048 (order: 1, 8192 bytes)
[    0.003158] Mountpoint-cache hash table entries: 2048 (order: 1, 8192 bytes)
[    0.003797] CPU: Testing write buffer coherency: ok
[    0.004000] /cpus/cpu@0 missing clock-frequency property
[    0.004030] /cpus/cpu@1 missing clock-frequency property
[    0.004059] /cpus/cpu@2 missing clock-frequency property
[    0.004090] /cpus/cpu@3 missing clock-frequency property
[    0.004103] CPU0: thread -1, cpu 0, socket 0, mpidr 80000000
[    0.004153] Setting up static identity map for 0x809112d8 - 0x80911370
[    0.006012] Tegra Revision: A01 SKU: 0 CPU Process: 1 Core Process: 0
[    0.007084] CPU1: thread -1, cpu 1, socket 0, mpidr 80000001
[    0.007636] CPU2: thread -1, cpu 2, socket 0, mpidr 80000002
[    0.008146] CPU3: thread -1, cpu 3, socket 0, mpidr 80000003
[    0.008210] Brought up 4 CPUs
[    0.008232] SMP: Total of 4 processors activated (96.00 BogoMIPS).
[    0.008240] CPU: All CPU(s) started in SVC mode.
[    0.008792] devtmpfs: initialized
[    0.009656] VFP support v0.3: implementor 41 architecture 4 part 30 variant f rev 0
[    0.011558] pinctrl core: initialized pinctrl subsystem
[    0.022621] NET: Registered protocol family 16
[    0.024744] DMA: preallocated 256 KiB pool for atomic coherent allocations
[    0.037497] cpuidle: using governor ladder
[    0.052515] cpuidle: using governor menu
[    0.066416] No ATAGs?
[    0.066451] hw-breakpoint: found 5 (+1 reserved) breakpoint and 4 watchpoint registers.
[    0.066462] hw-breakpoint: maximum watchpoint size is 8 bytes.
[    0.069609] Serial: AMBA PL011 UART driver
[    0.096551] dvdd_ts: Failed to request enable GPIO61: -517
[    0.096654] reg-fixed-voltage regulators:regulator@1: Failed to register regulator: -517
[    0.096677] platform regulators:regulator@1: Driver reg-fixed-voltage requests probe deferral
[    0.096856] usb1_vbus: Failed to request enable GPIO108: -517
[    0.096947] reg-fixed-voltage regulators:regulator@3: Failed to register regulator: -517
[    0.096969] platform regulators:regulator@3: Driver reg-fixed-voltage requests probe deferral
[    0.097146] usb2_vbus: Failed to request enable GPIO86: -517
[    0.097238] reg-fixed-voltage regulators:regulator@4: Failed to register regulator: -517
[    0.097259] platform regulators:regulator@4: Driver reg-fixed-voltage requests probe deferral
[    0.097460] reg-fixed-voltage regulators:regulator@5: Failed to find supply vin
[    0.097560] reg-fixed-voltage regulators:regulator@5: Failed to register regulator: -517
[    0.097581] platform regulators:regulator@5: Driver reg-fixed-voltage requests probe deferral
[    0.097679] platform regulators:regulator@6: Driver reg-fixed-voltage requests probe deferral
[    0.097852] VDD_5V0_HDMI_CON: Failed to request enable GPIO81: -517
[    0.097941] reg-fixed-voltage regulators:regulator@7: Failed to register regulator: -517
[    0.097961] platform regulators:regulator@7: Driver reg-fixed-voltage requests probe deferral
[    0.100434] vgaarb: loaded
[    0.101118] SCSI subsystem initialized
[    0.101303] libata version 3.00 loaded.
[    0.101640] usbcore: registered new interface driver usbfs
[    0.101711] usbcore: registered new interface driver hub
[    0.101789] usbcore: registered new device driver usb
[    0.105677] tps65090 2-0048: No cache defaults, reading back from HW
[    0.107800] vdd-sys-5v0: supplied by vdd_ac_bat
[    0.108886] vdd-sys-3v3: supplied by vdd_ac_bat
[    0.109943] vdd-ao: supplied by vdd_ac_bat
[    0.110333] vdd-lcd-bl: supplied by vdd_ac_bat
[    0.110706] TPS65090_RAILSFET2: supplied by vdd_ac_bat
[    0.111081] vdd-modem-3v3: supplied by vdd-sys-3v3
[    0.111634] avdd-lcd: supplied by vdd-sys-3v3
[    0.112158] vdd-lvds: supplied by vdd-sys-3v3
[    0.113022] vdd-sd-slot: supplied by vdd-sys-3v3
[    0.113570] vdd-com-3v3: supplied by vdd-sys-3v3
[    0.114100] vdd-sby-5v0: supplied by vdd_ac_bat
[    0.114315] vdd-sby-3v3: supplied by vdd_ac_bat
[    0.115082] genirq: Setting trigger mode 8 for irq 341 failed (gic_set_type+0x0/0x98)
[    0.115104] palmas 2-0058: Irq flag is 0x00000000
[    0.118308] palmas 2-0058: Muxing GPIO ff, PWM 0, LED 0
[    0.121044] vddio-ddr: supplied by vdd-ao
[    0.122669] vddio-1v8: supplied by vdd-ao
[    0.124422] vdd-core: supplied by vdd-sys-3v3
[    0.127138] avdd-pll: supplied by vdd-sys-3v3
[    0.129106] sdhci-vdd-sd-slot: ramp_delay not set
[    0.129487] sdhci-vdd-sd-slot: supplied by vdd-sys-3v3
[    0.131342] avdd-cam1: supplied by vdd-sys-3v3
[    0.132464] avdd-cam2: supplied by vdd-sys-3v3
[    0.133603] avdd-dsi-csi: supplied by vddio-1v8
[    0.134745] vpp-fuse: supplied by vdd-sys-3v3
[    0.135860] LDO5: supplied by vdd_ac_bat
[    0.137134] vdd-sensor-2v85: supplied by vdd-sys-3v3
[    0.138279] vdd-af-cam1: supplied by vdd-sys-3v3
[    0.142926] vdd-rtc: supplied by vdd-ao
[    0.148098] vddio-sdmmc-2: supplied by sdhci-vdd-sd-slot
[    0.149217] hvdd-usb: supplied by vdd-sys-5v0
[    0.152955] avdd-usb: supplied by vdd-sys-5v0
[    0.156038] Linux video capture interface: v2.00
[    0.156098] pps_core: LinuxPPS API ver. 1 registered
[    0.156107] pps_core: Software ver. 5.3.6 - Copyright 2005-2007 Rodolfo Giometti <giometti@linux.it>
[    0.156144] PTP clock support registered
[    0.156379] EDAC MC: Ver: 3.0.0
[    0.156937] Advanced Linux Sound Architecture Driver Initialized.
[    0.158066] Switched to clocksource arch_sys_counter
[    0.169268] NET: Registered protocol family 2
[    0.169839] TCP established hash table entries: 8192 (order: 3, 32768 bytes)
[    0.169929] TCP bind hash table entries: 8192 (order: 4, 65536 bytes)
[    0.170116] TCP: Hash tables configured (established 8192 bind 8192)
[    0.170162] TCP: reno registered
[    0.170177] UDP hash table entries: 512 (order: 2, 16384 bytes)
[    0.170218] UDP-Lite hash table entries: 512 (order: 2, 16384 bytes)
[    0.170407] NET: Registered protocol family 1
[    0.170662] RPC: Registered named UNIX socket transport module.
[    0.170673] RPC: Registered udp transport module.
[    0.170680] RPC: Registered tcp transport module.
[    0.170688] RPC: Registered tcp NFSv4.1 backchannel transport module.
[    0.170711] PCI: CLS 0 bytes, default 64
[    0.173027] futex hash table entries: 1024 (order: 4, 65536 bytes)
[    0.185486] squashfs: version 4.0 (2009/01/31) Phillip Lougher
[    0.186327] NFS: Registering the id_resolver key type
[    0.186368] Key type id_resolver registered
[    0.186377] Key type id_legacy registered
[    0.186465] ntfs: driver 2.1.31 [Flags: R/O].
[    0.187622] bounce: pool size: 64 pages
[    0.187845] Block layer SCSI generic (bsg) driver version 0.4 loaded (major 249)
[    0.187861] io scheduler noop registered
[    0.187875] io scheduler deadline registered
[    0.188104] io scheduler cfq registered (default)
[    0.209501] tegra-apbdma 6000a000.dma: Tegra20 APB DMA driver register 32 channels
[    0.275586] Serial: 8250/16550 driver, 4 ports, IRQ sharing disabled
[    0.278015] msm_serial: driver initialized
[    0.278951] console [ttyS0] disabled
[    0.278992] of_serial 70006300.serial: ttyS0 at MMIO 0x70006300 (irq = 329, base_baud = 25500000) is a Tegra
[    1.222977] console [ttyS0] enabled
[    1.227257] STMicroelectronics ASC driver initialized
[    1.233428] [drm] Initialized drm 1.1.0 20060810
[    1.240958] platform 54300000.dsi: Driver tegra-dsi requests probe deferral
[    1.248362] tegra-hdmi 54280000.hdmi: failed to get HDMI regulator
[    1.254566] platform 54280000.hdmi: Driver tegra-hdmi requests probe deferral
[    1.268240] loop: module loaded
[    1.276473] m25p80 spi32766.0: w25q32dw (4096 Kbytes)
[    1.284232] CAN device driver interface
[    1.289225] igb: Intel(R) Gigabit Ethernet Network Driver - version 5.2.15-k
[    1.296275] igb: Copyright (c) 2007-2014 Intel Corporation.
[    1.303614] pegasus: v0.9.3 (2013/04/25), Pegasus/Pegasus II USB Ethernet driver
[    1.311064] usbcore: registered new interface driver pegasus
[    1.316808] usbcore: registered new interface driver asix
[    1.322266] usbcore: registered new interface driver ax88179_178a
[    1.328416] usbcore: registered new interface driver cdc_ether
[    1.334330] usbcore: registered new interface driver smsc75xx
[    1.340161] usbcore: registered new interface driver smsc95xx
[    1.345964] usbcore: registered new interface driver net1080
[    1.351683] usbcore: registered new interface driver cdc_subset
[    1.357663] usbcore: registered new interface driver zaurus
[    1.363335] usbcore: registered new interface driver cdc_ncm
[    1.369333] ehci_hcd: USB 2.0 'Enhanced' Host Controller (EHCI) Driver
[    1.375871] ehci-pci: EHCI PCI platform driver
[    1.380378] ehci-platform: EHCI generic platform driver
[    1.385787] ehci-omap: OMAP-EHCI Host Controller driver
[    1.391155] ehci-orion: EHCI orion driver
[    1.395310] SPEAr-ehci: EHCI SPEAr driver
[    1.399469] ehci-st: EHCI STMicroelectronics driver
[    1.404491] ehci-exynos: EHCI EXYNOS driver
[    1.408839] tegra-ehci: Tegra EHCI driver
[    1.413183] ohci_hcd: USB 1.1 'Open' Host Controller (OHCI) Driver
[    1.419385] ohci-pci: OHCI PCI platform driver
[    1.423895] ohci-platform: OHCI generic platform driver
[    1.429267] ohci-omap3: OHCI OMAP3 driver
[    1.433423] SPEAr-ohci: OHCI SPEAr driver
[    1.437572] ohci-st: OHCI STMicroelectronics driver
[    1.443008] usbcore: registered new interface driver usb-storage
[    1.449278] platform 7d008000.usb-phy: Driver tegra-phy requests probe deferral
[    1.458136] mousedev: PS/2 mouse device common for all mice
[    1.468439] palmas-rtc 7000d000.i2c:tps65913@58:rtc: rtc core: registered 7000d000.i2c:tps659 as rtc0
[    1.479410] tegra_rtc 7000e000.rtc: rtc core: registered 7000e000.rtc as rtc1
[    1.486593] tegra_rtc 7000e000.rtc: Tegra internal Real Time Clock
[    1.493325] i2c /dev entries driver
[    1.498728] usbcore: registered new interface driver uvcvideo
[    1.504481] USB Video Class driver (1.1.1)
[    1.508589] gspca_main: v2.14.0 registered
[    1.513361] sbs-battery 0-000b: sbs_probe: Failed to get device status
[    1.519905] sbs-battery: probe of 0-000b failed with error -121
[    1.533449] Driver 'mmcblk' needs updating - please use bus_type methods
[    1.540244] sdhci: Secure Digital Host Controller Interface driver
[    1.546426] sdhci: Copyright(c) Pierre Ossman
[    1.551759] Synopsys Designware Multimedia Card Interface Driver
[    1.558676] sdhci-pltfm: SDHCI platform and OF driver helper
[    1.565021] sdhci-tegra 78000400.sdhci: Got CD GPIO
[    1.569925] sdhci-tegra 78000400.sdhci: Got WP GPIO
[    1.575910] sdhci-tegra 78000400.sdhci: No vmmc regulator found
[    1.581838] sdhci-tegra 78000400.sdhci: No vqmmc regulator found
[    1.587848] mmc0: Invalid maximum block size, assuming 512 bytes
[    1.628196] mmc0: SDHCI controller on 78000400.sdhci [78000400.sdhci] using ADMA
[    1.635798] sdhci-tegra 78000600.sdhci: No vmmc regulator found
[    1.641730] sdhci-tegra 78000600.sdhci: No vqmmc regulator found
[    1.647739] mmc1: Invalid maximum block size, assuming 512 bytes
[    1.688082] mmc1: SDHCI controller on 78000600.sdhci [78000600.sdhci] using ADMA
[    1.700465] ledtrig-cpu: registered to indicate activity on CPUs
[    1.706725] usbcore: registered new interface driver usbhid
[    1.712309] usbhid: USB HID core driver
[    1.725128] usbcore: registered new interface driver snd-usb-audio
[    1.777023] mmc1: BKOPS_EN bit is not set
[    1.784003] mmc1: new high speed MMC card at address 0001
[    1.789788] mmcblk0: mmc1:0001 SEM32G 29.1 GiB 
[    1.794437] mmcblk0boot0: mmc1:0001 SEM32G partition 1 4.00 MiB
[    1.800468] mmcblk0boot1: mmc1:0001 SEM32G partition 2 4.00 MiB
[    1.806495] mmcblk0rpmb: mmc1:0001 SEM32G partition 3 4.00 MiB
[    1.814857]  mmcblk0: p1 p2 p3 p4 p5 p6 p7 p8
[    2.145689] tegra30-i2s 70080400.i2s: DMA channels sourced from device 70080000.ahub
[    2.162269] tegra-snd-rt5640 sound: rt5640-aif1 <-> 70080400.i2s mapping ok
[    2.172822] input: NVIDIA Tegra Dalmore Headphones as /devices/soc0/sound/sound/card0/input0
[    2.182628] TCP: cubic registered
[    2.185968] NET: Registered protocol family 17
[    2.190438] can: controller area network core (rev 20120528 abi 9)
[    2.196696] NET: Registered protocol family 29
[    2.201158] can: raw protocol (rev 20120528)
[    2.205442] can: broadcast manager protocol (rev 20120528 t)
[    2.211118] can: netlink gateway (rev 20130117) max_hops=1
[    2.217014] Key type dns_resolver registered
[    2.221909] ThumbEE CPU extension supported.
[    2.226204] Registering SWP/SWPB emulation handler
[    2.233159] usb1_vbus: supplied by vdd-sys-5v0
[    2.238235] usb2_vbus: supplied by vdd-sys-5v0
[    2.243941] vdd_hdmi_5v0: supplied by vdd-sys-5v0
[    2.251864] VDD_5V0_HDMI_CON: supplied by vdd-sys-5v0
[    2.264339] [drm] Supports vblank timestamp caching Rev 2 (21.10.2013).
[    2.270976] [drm] No driver support for vblank timestamp query.
[    2.339972] Console: switching to colour frame buffer device 240x75
[    2.367364] host1x drm: fb0:  frame buffer device
[    2.372072] host1x drm: registered panic notifier
[    2.388239] [drm] Initialized tegra 0.0.0 20120330 on minor 0
[    2.396213] input: gpio-keys as /devices/soc0/gpio-keys/input/input1
[    2.404758] palmas-rtc 7000d000.i2c:tps65913@58:rtc: setting system clock to 2000-06-18 16:23:54 UTC (961345434)
[    2.425660] vdd_cam_1v8_reg: disabling
[    2.429562] vdd_hdmi_5v0: disabling
[    2.433062] usb1_vbus: disabling
[    2.436285] dvdd_ts: disabling
[    2.443501] ALSA device list:
[    2.446470]   #0: NVIDIA Tegra Dalmore
[    2.451566] EXT4-fs (mmcblk0p1): mounting ext3 file system using the ext4 subsystem
[    2.482523] EXT4-fs (mmcblk0p1): recovery complete
[    2.487354] EXT4-fs (mmcblk0p1): mounted filesystem with ordered data mode. Opts: (null)
[    2.495493] VFS: Mounted root (ext3 filesystem) on device 179:1.
[    2.506338] devtmpfs: mounted
[    2.509934] Freeing unused kernel memory: 764K (c0c51000 - c0d10000)
bash: cannot set terminal process group (-1): Inappropriate ioctl for device
bash: no job control in this shell
root@(none):/# 