
U-Boot SPL 2015.04-rc3-00209-ga74ef40 (Mar 16 2015 - 14:43:39)


U-Boot 2015.04-rc3-00209-ga74ef40 (Mar 16 2015 - 14:43:39)

TEGRA20
Model: Compulab TrimSlice board
DRAM:  1 GiB
MMC:   Tegra SD/MMC: 0, Tegra SD/MMC: 1
SF: Detected W25Q80BL with page size 256 Bytes, erase size 4 KiB, total 1 MiB
tegra-pcie: PCI regions:
tegra-pcie:   I/O: 0x82000000-0x82010000
tegra-pcie:   non-prefetchable memory: 0xa0000000-0xa8000000
tegra-pcie:   prefetchable memory: 0xa8000000-0xc0000000
tegra-pcie: dual-mode configuration
tegra-pcie: probing port 0, using 2 lanes
In:    serial
Out:   serial
Err:   serial
Net:   RTL8169#0
Hit any key to stop autoboot:  2  1  0 
Tegra20 (TrimSlice) # 
Tegra20 (TrimSlice) # usb reset
resetting USB...
USB0:   USB EHCI 1.00
scanning bus 0 for devices... 3 USB Device(s) found
USB1:   USB EHCI 1.00
scanning bus 1 for devices... 1 USB Device(s) found
USB2:   lowlevel init failed
       scanning usb for storage devices... 0 Storage Device(s) found
       scanning usb for ethernet devices... 
Warning: asx0 using MAC address from net device
1 Ethernet Device(s) found
Tegra20 (TrimSlice) # setenv bootargs 'ignore_loglevel console=ttyS0,115200n8 rw root=PARTUUID=11eb23c1-01 rootwait gpt debug noinitrd earlyprintk init=/bin/bash'
Tegra20 (TrimSlice) # setenv ipaddr 192.168.100.103; setenv serverip 192.168.100.1; setenv tftpserverip 192.168.100.1
Tegra20 (TrimSlice) # tftpboot 0x00408000 zImage.multi_v7_defconfig
Using RTL8169#0 device
TFTP from server 192.168.100.1; our IP address is 192.168.100.103
Filename 'zImage.multi_v7_defconfig'.
Load address: 0x408000
Loading: *#################################################################
	 #################################################################
	 #################################################################
	 #################################################################
	 #################################################################
	 #################################################################
	 #################################################################
	 #######
	 4.1 MiB/s
done
Bytes transferred = 6775528 (6762e8 hex)
Tegra20 (TrimSlice) # tftpboot 0x02408000 tegra20-trimslice.dtb
Using RTL8169#0 device
TFTP from server 192.168.100.1; our IP address is 192.168.100.103
Filename 'tegra20-trimslice.dtb'.
Load address: 0x2408000
Loading: *##
	 4 MiB/s
done
Bytes transferred = 21130 (528a hex)
Tegra20 (TrimSlice) # bootz 0x00408000 - 0x02408000
Kernel image @ 0x408000 [ 0x000000 - 0x6762e8 ]
## Flattened Device Tree blob at 02408000
   Booting using the fdt blob at 0x2408000
   Using Device Tree in place at 02408000, end 02410289

Starting kernel ...

[    0.000000] Booting Linux on physical CPU 0x0
[    0.000000] Linux version 4.5.0-rc1-66887-g92e963f (pwalmsley@sellafield) (gcc version 4.7.3 20130328 (prerelease) (crosstool-NG linaro-1.13.1-4.7-2013.04-20130415 - Linaro GCC 2013.04) ) #1 SMP Thu Jan 28 03:33:07 PST 2016
[    0.000000] CPU: ARMv7 Processor [411fc090] revision 0 (ARMv7), cr=10c5387d
[    0.000000] CPU: PIPT / VIPT nonaliasing data cache, VIPT aliasing instruction cache
[    0.000000] Machine model: Compulab TrimSlice board
[    0.000000] debug: ignoring loglevel setting.
[    0.000000] cma: Reserved 64 MiB at 0x3c000000
[    0.000000] Memory policy: Data cache writealloc
[    0.000000] On node 0 totalpages: 262144
[    0.000000] free_area_init_node: node 0, pgdat c106c440, node_mem_map ef7f8000
[    0.000000]   DMA zone: 1536 pages used for memmap
[    0.000000]   DMA zone: 0 pages reserved
[    0.000000]   DMA zone: 196608 pages, LIFO batch:31
[    0.000000]   HighMem zone: 65536 pages, LIFO batch:15
[    0.000000] PERCPU: Embedded 12 pages/cpu @ef7cb000 s18880 r8192 d22080 u49152
[    0.000000] pcpu-alloc: s18880 r8192 d22080 u49152 alloc=12*4096
[    0.000000] pcpu-alloc: [0] 0 [0] 1 
[    0.000000] Built 1 zonelists in Zone order, mobility grouping on.  Total pages: 260608
[    0.000000] Kernel command line: ignore_loglevel console=ttyS0,115200n8 rw root=PARTUUID=11eb23c1-01 rootwait gpt debug noinitrd earlyprintk init=/bin/bash
[    0.000000] PID hash table entries: 4096 (order: 2, 16384 bytes)
[    0.000000] Dentry cache hash table entries: 131072 (order: 7, 524288 bytes)
[    0.000000] Inode-cache hash table entries: 65536 (order: 6, 262144 bytes)
[    0.000000] Memory: 958716K/1048576K available (8491K kernel code, 1112K rwdata, 4040K rodata, 1096K init, 345K bss, 24324K reserved, 65536K cma-reserved, 196608K highmem)
[    0.000000] Virtual kernel memory layout:
[    0.000000]     vector  : 0xffff0000 - 0xffff1000   (   4 kB)
[    0.000000]     fixmap  : 0xffc00000 - 0xfff00000   (3072 kB)
[    0.000000]     vmalloc : 0xf0800000 - 0xff800000   ( 240 MB)
[    0.000000]     lowmem  : 0xc0000000 - 0xf0000000   ( 768 MB)
[    0.000000]     pkmap   : 0xbfe00000 - 0xc0000000   (   2 MB)
[    0.000000]     modules : 0xbf000000 - 0xbfe00000   (  14 MB)
[    0.000000]       .text : 0xc0208000 - 0xc0e45cc8   (12536 kB)
[    0.000000]       .init : 0xc0e46000 - 0xc0f58000   (1096 kB)
[    0.000000]       .data : 0xc0f58000 - 0xc106e3c0   (1113 kB)
[    0.000000]        .bss : 0xc1071000 - 0xc10c75a0   ( 346 kB)
[    0.000000] SLUB: HWalign=64, Order=0-3, MinObjects=0, CPUs=2, Nodes=1
[    0.000000] Hierarchical RCU implementation.
[    0.000000] 	Build-time adjustment of leaf fanout to 32.
[    0.000000] 	RCU restricting CPUs from NR_CPUS=16 to nr_cpu_ids=2.
[    0.000000] RCU: Adjusting geometry for rcu_fanout_leaf=32, nr_cpu_ids=2
[    0.000000] NR_IRQS:16 nr_irqs:16 16
[    0.000000] /interrupt-controller@60004000: 128 interrupts forwarded to /interrupt-controller@50041000
[    0.000000] L2C: platform modifies aux control register: 0x02080000 -> 0x3e480001
[    0.000000] L2C: DT/platform modifies aux control register: 0x02080000 -> 0x3e480001
[    0.000000] L2C-310 errata 727915 769419 enabled
[    0.000000] L2C-310 enabling early BRESP for Cortex-A9
[    0.000000] L2C-310: enabling full line of zeros but not enabled in Cortex-A9
[    0.000000] L2C-310 ID prefetch enabled, offset 1 lines
[    0.000000] L2C-310 cache controller enabled, 8 ways, 1024 kB
[    0.000000] L2C-310: CACHE_ID 0x410000c4, AUX_CTRL 0x7e480001
[    0.000011] sched_clock: 32 bits at 1000kHz, resolution 1000ns, wraps every 2147483647500ns
[    0.000027] clocksource: timer_us: mask: 0xffffffff max_cycles: 0xffffffff, max_idle_ns: 1911260446275 ns
[    0.000038] Switching to timer-based delay loop, resolution 1000ns
[    0.001573] Console: colour dummy device 80x30
[    0.001594] Calibrating delay loop (skipped), value calculated using timer frequency.. 2.00 BogoMIPS (lpj=5000)
[    0.001604] pid_max: default: 32768 minimum: 301
[    0.001687] Mount-cache hash table entries: 2048 (order: 1, 8192 bytes)
[    0.001697] Mountpoint-cache hash table entries: 2048 (order: 1, 8192 bytes)
[    0.002171] CPU: Testing write buffer coherency: ok
[    0.002351] CPU0: thread -1, cpu 0, socket 0, mpidr 80000000
[    0.002397] Setting up static identity map for 0x209000 - 0x209098
[    0.003789] Tegra Revision: A03 prime SKU: 8 CPU Process: 1 SoC Process: 2
[    0.999914] CPU1: failed to come online
[    0.999937] Brought up 1 CPUs
[    0.999945] SMP: Total of 1 processors activated (2.00 BogoMIPS).
[    0.999951] CPU: All CPU(s) started in SVC mode.
[    1.000461] devtmpfs: initialized
[    1.004412] VFP support v0.3: implementor 41 architecture 3 part 30 variant 9 rev 1
[    1.004790] clocksource: jiffies: mask: 0xffffffff max_cycles: 0xffffffff, max_idle_ns: 9556302231375000 ns
[    1.007966] pinctrl core: initialized pinctrl subsystem
[    1.009191] NET: Registered protocol family 16
[    1.014744] DMA: preallocated 256 KiB pool for atomic coherent allocations
[    1.016039] cpuidle: using governor menu
[    1.026804] No ATAGs?
[    1.026826] hw-breakpoint: found 5 (+1 reserved) breakpoint and 1 watchpoint registers.
[    1.026834] hw-breakpoint: maximum watchpoint size is 4 bytes.
[    1.030440] Serial: AMBA PL011 UART driver
[    1.043378] usb1_vbus: Failed to request enable GPIO170: -517
[    1.043463] reg-fixed-voltage regulators:regulator@2: Failed to register regulator: -517
[    1.051195] vgaarb: loaded
[    1.051927] SCSI subsystem initialized
[    1.052047] libata version 3.00 loaded.
[    1.052270] usbcore: registered new interface driver usbfs
[    1.052315] usbcore: registered new interface driver hub
[    1.052355] usbcore: registered new device driver usb
[    1.054416] pps_core: LinuxPPS API ver. 1 registered
[    1.054424] pps_core: Software ver. 5.3.6 - Copyright 2005-2007 Rodolfo Giometti <giometti@linux.it>
[    1.054445] PTP clock support registered
[    1.054612] EDAC MC: Ver: 3.0.0
[    1.056517] clocksource: Switched to clocksource timer_us
[    1.064032] NET: Registered protocol family 2
[    1.064451] TCP established hash table entries: 8192 (order: 3, 32768 bytes)
[    1.064520] TCP bind hash table entries: 8192 (order: 4, 65536 bytes)
[    1.064633] TCP: Hash tables configured (established 8192 bind 8192)
[    1.064705] UDP hash table entries: 512 (order: 2, 16384 bytes)
[    1.064747] UDP-Lite hash table entries: 512 (order: 2, 16384 bytes)
[    1.064925] NET: Registered protocol family 1
[    1.065184] RPC: Registered named UNIX socket transport module.
[    1.065191] RPC: Registered udp transport module.
[    1.065196] RPC: Registered tcp transport module.
[    1.065201] RPC: Registered tcp NFSv4.1 backchannel transport module.
[    1.065219] PCI: CLS 0 bytes, default 64
[    1.066012] hw perfevents: enabled with armv7_cortex_a9 PMU driver, 7 counters available
[    1.067053] futex hash table entries: 512 (order: 3, 32768 bytes)
[    1.075377] squashfs: version 4.0 (2009/01/31) Phillip Lougher
[    1.076009] NFS: Registering the id_resolver key type
[    1.076048] Key type id_resolver registered
[    1.076054] Key type id_legacy registered
[    1.076102] ntfs: driver 2.1.32 [Flags: R/O].
[    1.077121] bounce: pool size: 64 pages
[    1.077274] Block layer SCSI generic (bsg) driver version 0.4 loaded (major 249)
[    1.077288] io scheduler noop registered
[    1.077298] io scheduler deadline registered
[    1.077326] io scheduler cfq registered (default)
[    1.088371] tegra-pcie 80003000.pcie-controller: dual-mode configuration
[    1.088968] tegra-pcie 80003000.pcie-controller: probing port 0, using 2 lanes
[    1.172703] tegra-pcie 80003000.pcie-controller: PCI host bridge to bus 0000:00
[    1.172715] pci_bus 0000:00: root bus resource [mem 0xa0000000-0xa7ffffff]
[    1.172725] pci_bus 0000:00: root bus resource [mem 0xa8000000-0xbfffffff pref]
[    1.172734] pci_bus 0000:00: root bus resource [bus 00-ff]
[    1.172742] pci_bus 0000:00: root bus resource [io  0x1000-0xffff]
[    1.172769] pci 0000:00:01.0: [10de:0bf0] type 01 class 0x060000
[    1.172829] pci 0000:00:01.0: PME# supported from D0 D1 D2 D3hot D3cold
[    1.173023] PCI: bus0: Fast back to back transfers disabled
[    1.173034] pci 0000:00:01.0: bridge configuration invalid ([bus 00-00]), reconfiguring
[    1.173160] pci 0000:01:00.0: [10ec:8168] type 00 class 0x020000
[    1.173183] pci 0000:01:00.0: reg 0x10: [io  0x0000-0x00ff]
[    1.173206] pci 0000:01:00.0: reg 0x18: [mem 0x00000000-0x00000fff 64bit pref]
[    1.173223] pci 0000:01:00.0: reg 0x20: [mem 0x00000000-0x00003fff 64bit pref]
[    1.173236] pci 0000:01:00.0: reg 0x30: [mem 0x00000000-0x0001ffff pref]
[    1.173311] pci 0000:01:00.0: supports D1 D2
[    1.173320] pci 0000:01:00.0: PME# supported from D0 D1 D2 D3hot D3cold
[    1.181546] PCI: bus1: Fast back to back transfers disabled
[    1.181558] pci_bus 0000:01: busn_res: [bus 01-ff] end is updated to 01
[    1.181570] Disabling cpuidle LP2 state, since PCIe IRQs are in use
[    1.181624] pci 0000:00:01.0: BAR 8: assigned [mem 0xa0000000-0xa00fffff]
[    1.181636] pci 0000:00:01.0: BAR 9: assigned [mem 0xa8000000-0xa80fffff 64bit pref]
[    1.181645] pci 0000:00:01.0: BAR 7: assigned [io  0x1000-0x1fff]
[    1.181657] pci 0000:01:00.0: BAR 6: assigned [mem 0xa0000000-0xa001ffff pref]
[    1.181667] pci 0000:01:00.0: BAR 4: assigned [mem 0xa8000000-0xa8003fff 64bit pref]
[    1.181684] pci 0000:01:00.0: BAR 2: assigned [mem 0xa8004000-0xa8004fff 64bit pref]
[    1.181700] pci 0000:01:00.0: BAR 0: assigned [io  0x1000-0x10ff]
[    1.181711] pci 0000:00:01.0: PCI bridge to [bus 01]
[    1.181719] pci 0000:00:01.0:   bridge window [io  0x1000-0x1fff]
[    1.181728] pci 0000:00:01.0:   bridge window [mem 0xa0000000-0xa00fffff]
[    1.181737] pci 0000:00:01.0:   bridge window [mem 0xa8000000-0xa80fffff 64bit pref]
[    1.181757] pci 0000:00:01.0: nv_msi_ht_cap_quirk didn't locate host bridge
[    1.181822] pcieport 0000:00:01.0: enabling device (0140 -> 0143)
[    1.181978] pcieport 0000:00:01.0: Signaling PME through PCIe PME interrupt
[    1.181987] pci 0000:01:00.0: Signaling PME through PCIe PME interrupt
[    1.181996] pcie_pme 0000:00:01.0:pcie01: service driver pcie_pme loaded
[    1.185914] tegra-apbdma 6000a000.dma: Tegra20 APB DMA driver register 16 channels
[    1.231448] Serial: 8250/16550 driver, 4 ports, IRQ sharing disabled
[    1.233823] console [ttyS0] disabled
[    1.233856] 70006000.serial: ttyS0 at MMIO 0x70006000 (irq = 279, base_baud = 13500000) is a Tegra
[    2.169254] console [ttyS0] enabled
[    2.173349] SuperH (H)SCI(F) driver initialized
[    2.178639] msm_serial: driver initialized
[    2.182896] STMicroelectronics ASC driver initialized
[    2.189711] [drm] Initialized drm 1.1.0 20060810
[    2.195755] 54280000.hdmi supply hdmi not found, using dummy regulator
[    2.205315] [drm] Supports vblank timestamp caching Rev 2 (21.10.2013).
[    2.211943] [drm] No driver support for vblank timestamp query.
[    2.217886] drm drm: No connectors reported connected with modes
[    2.223895] [drm] Cannot find any crtc or sizes - going 1024x768
[    2.266969] Console: switching to colour frame buffer device 128x48
[    2.281701] drm drm: fb0:  frame buffer device
[    2.286136] [drm] Initialized tegra 0.0.0 20120330 on minor 0
[    2.300335] brd: module loaded
[    2.307569] loop: module loaded
[    2.315987] m25p80 spi32766.0: found s25fl008k, expected w25q80bl
[    2.322108] m25p80 spi32766.0: s25fl008k (1024 Kbytes)
[    2.329720] libphy: Fixed MDIO Bus: probed
[    2.334359] CAN device driver interface
[    2.339707] igb: Intel(R) Gigabit Ethernet Network Driver - version 5.3.0-k
[    2.346668] igb: Copyright (c) 2007-2014 Intel Corporation.
[    2.352790] r8169 Gigabit Ethernet driver 2.3LK-NAPI loaded
[    2.358387] r8169 0000:01:00.0: enabling device (0140 -> 0143)
[    2.365015] r8169 0000:01:00.0 eth0: RTL8168d/8111d at 0xf0878000, 00:01:c0:13:7d:63, XID 081000c0 IRQ 296
[    2.374688] r8169 0000:01:00.0 eth0: jumbo features [frames: 9200 bytes, tx checksumming: ko]
[    2.385125] pegasus: v0.9.3 (2013/04/25), Pegasus/Pegasus II USB Ethernet driver
[    2.392585] usbcore: registered new interface driver pegasus
[    2.398299] usbcore: registered new interface driver asix
[    2.403740] usbcore: registered new interface driver ax88179_178a
[    2.409873] usbcore: registered new interface driver cdc_ether
[    2.415754] usbcore: registered new interface driver smsc75xx
[    2.421559] usbcore: registered new interface driver smsc95xx
[    2.427339] usbcore: registered new interface driver net1080
[    2.433041] usbcore: registered new interface driver cdc_subset
[    2.439001] usbcore: registered new interface driver zaurus
[    2.444643] usbcore: registered new interface driver cdc_ncm
[    2.450594] tegra-phy c5004000.usb-phy: no vbus regulator
[    2.457108] tegra-phy c5008000.usb-phy: no vbus regulator
[    2.463756] ehci_hcd: USB 2.0 'Enhanced' Host Controller (EHCI) Driver
[    2.470288] ehci-pci: EHCI PCI platform driver
[    2.474770] ehci-platform: EHCI generic platform driver
[    2.480157] ehci-omap: OMAP-EHCI Host Controller driver
[    2.485488] ehci-orion: EHCI orion driver
[    2.489606] SPEAr-ehci: EHCI SPEAr driver
[    2.493734] ehci-st: EHCI STMicroelectronics driver
[    2.498723] ehci-exynos: EHCI EXYNOS driver
[    2.503034] ehci-atmel: EHCI Atmel driver
[    2.507152] tegra-ehci: Tegra EHCI driver
[    2.528051] ulpi_phy_power_on: ulpi write failed
[    2.532671] tegra-ehci c5004000.usb: Failed to power on the phy
[    2.538599] tegra-ehci: probe of c5004000.usb failed with error -110
[    2.547589] tegra-ehci c5008000.usb: EHCI Host Controller
[    2.553002] tegra-ehci c5008000.usb: new USB bus registered, assigned bus number 1
[    2.560887] tegra-ehci c5008000.usb: irq 290, io mem 0xc5008000
[    2.576528] tegra-ehci c5008000.usb: USB 2.0 started, EHCI 1.00
[    2.583036] hub 1-0:1.0: USB hub found
[    2.586829] hub 1-0:1.0: 1 port detected
[    2.591064] ohci_hcd: USB 1.1 'Open' Host Controller (OHCI) Driver
[    2.597268] ohci-pci: OHCI PCI platform driver
[    2.601763] ohci-platform: OHCI generic platform driver
[    2.607146] ohci-omap3: OHCI OMAP3 driver
[    2.611253] SPEAr-ohci: OHCI SPEAr driver
[    2.615386] ohci-st: OHCI STMicroelectronics driver
[    2.620375] ohci-atmel: OHCI Atmel driver
[    2.624850] usbcore: registered new interface driver usb-storage
[    2.632053] mousedev: PS/2 mouse device common for all mice
[    2.639617] rtc-em3027 2-0056: rtc core: registered rtc-em3027 as rtc0
[    2.647383] tegra_rtc 7000e000.rtc: rtc core: registered 7000e000.rtc as rtc1
[    2.654552] tegra_rtc 7000e000.rtc: Tegra internal Real Time Clock
[    2.661169] i2c /dev entries driver
[    2.672510] sdhci: Secure Digital Host Controller Interface driver
[    2.678695] sdhci: Copyright(c) Pierre Ossman
[    2.684255] Synopsys Designware Multimedia Card Interface Driver
[    2.691133] sdhci-pltfm: SDHCI platform and OF driver helper
[    2.697676] mmc0: Invalid maximum block size, assuming 512 bytes
[    2.731530] mmc0: SDHCI controller on c8000000.sdhci [c8000000.sdhci] using ADMA
[    2.739021] sdhci-tegra c8000600.sdhci: Got CD GPIO
[    2.743913] sdhci-tegra c8000600.sdhci: Got WP GPIO
[    2.748971] mmc1: Invalid maximum block size, assuming 512 bytes
[    2.781599] mmc1: SDHCI controller on c8000600.sdhci [c8000600.sdhci] using ADMA
[    2.790236] ledtrig-cpu: registered to indicate activity on CPUs
[    2.796412] usbcore: registered new interface driver usbhid
[    2.801986] usbhid: USB HID core driver
[    2.809782] NET: Registered protocol family 10
[    2.815184] sit: IPv6 over IPv4 tunneling driver
[    2.820307] NET: Registered protocol family 17
[    2.824767] can: controller area network core (rev 20120528 abi 9)
[    2.830999] NET: Registered protocol family 29
[    2.835448] can: raw protocol (rev 20120528)
[    2.839720] can: broadcast manager protocol (rev 20120528 t)
[    2.845381] can: netlink gateway (rev 20130117) max_hops=1
[    2.851195] Key type dns_resolver registered
[    2.855843] ThumbEE CPU extension supported.
[    2.860127] Registering SWP/SWPB emulation handler
[    2.873573] utmi_phy_clk_enable: timeout waiting for phy to stabilize
[    2.880048] tegra-ehci c5000000.usb: EHCI Host Controller
[    2.885475] tegra-ehci c5000000.usb: new USB bus registered, assigned bus number 2
[    2.893492] tegra-ehci c5000000.usb: irq 288, io mem 0xc5000000
[    2.921540] usb 1-1: new high-speed USB device number 2 using tegra-ehci
[    2.935278] mmc0: host does not support reading read-only switch, assuming write-enable
[    2.943330] tegra-ehci c5000000.usb: USB 2.0 started, EHCI 1.00
[    2.949395] mmc0: new high speed SDHC card at address b368
[    2.955737] hub 2-0:1.0: USB hub found
[    2.959619] hub 2-0:1.0: 1 port detected
[    2.963589] mmcblk0: mmc0:b368 NCard 3.70 GiB 
[    2.969458] input: gpio-keys as /devices/soc0/gpio-keys/input/input0
[    2.976918]  mmcblk0: p1
[    2.980245] rtc-em3027 2-0056: setting system clock to 2014-12-28 05:22:46 UTC (1419744166)
[    2.994351] EXT4-fs (mmcblk0p1): mounting ext3 file system using the ext4 subsystem
[    3.009186] mmc1: new high speed SD card at address b368
[    3.016280] mmcblk1: mmc1:b368 NCard 1.83 GiB (ro)
[    3.024071]  mmcblk1: p1 p2
[    3.077685] hub 1-1:1.0: USB hub found
[    3.081533] hub 1-1:1.0: 4 ports detected
[    3.089286] EXT4-fs (mmcblk0p1): recovery complete
[    3.094100] EXT4-fs (mmcblk0p1): mounted filesystem with ordered data mode. Opts: (null)
[    3.102223] VFS: Mounted root (ext3 filesystem) on device 179:1.
[    3.110656] devtmpfs: mounted
[    3.114566] Freeing unused kernel memory: 1096K (c0e46000 - c0f58000)
[    3.371563] usb 1-1.2: new high-speed USB device number 3 using tegra-ehci
bash: cannot set terminal process group (-1): Inappropriate ioctl for device
bash: no job control in this shell
root@(none):/# [    4.279271] asix 1-1.2:1.0 eth1: register 'asix' at usb-c5008mount -t sysfs none /sys
root@(none):/# 
root@(none):/# mount -t debugfs none /sys/kernel/debug
root@(none):/# 
root@(none):/# rtcwake -d rtc1 -m mem -s 3
rtcwake: assuming RTC uses UTC ...
rtcwake: wakeup from "mem" using /dev/rtc1 at Thu Jan  1 00:00:24 1970
[    8.359454] PM: Syncing filesystems ... done.
[    8.405861] Freezing user space processes ... (elapsed 0.001 seconds) done.
[    8.414363] Freezing remaining freezable tasks ... (elapsed 0.001 seconds) done.
[    8.423390] Suspending console(s) (use no_console_suspend to debug)
[    8.461426] PM: suspend of devices complete after 29.101 msecs
[    8.465384] PM: late suspend of devices complete after 3.927 msecs
[    8.482191] PM: noirq suspend of devices complete after 16.775 msecs
[    8.482201] Disabling non-boot CPUs ...
[    8.482211] Entering suspend state LP1
[    8.484607] pcieport 0000:00:01.0: nv_msi_ht_cap_quirk didn't locate host bridge
[    8.496773] PM: noirq resume of devices complete after 14.501 msecs
[    8.500489] PM: early resume of devices complete after 3.003 msecs
[    8.570899] PM: resume of devices complete after 70.378 msecs
[    8.623661] Restarting tasks ... done.
root@(none):/# 
root@(none):/# rtcwake -d rtc1 -m mem -s 3
rtcwake: assuming RTC uses UTC ...
rtcwake: wakeup from "mem" using /dev/rtc1 at Thu Jan  1 00:00:28 1970
[    9.246958] PM: Syncing filesystems ... done.
[    9.279781] Freezing user space processes ... (elapsed 0.001 seconds) done.
[    9.288175] Freezing remaining freezable tasks ... (elapsed 0.001 seconds) done.
[    9.297025] Suspending console(s) (use no_console_suspend to debug)
[    9.325364] PM: suspend of devices complete after 20.225 msecs
[    9.329290] PM: late suspend of devices complete after 3.894 msecs
[    9.347070] PM: noirq suspend of devices complete after 17.750 msecs
[    9.347081] Disabling non-boot CPUs ...
[    9.347090] Entering suspend state LP1
[    9.349476] pcieport 0000:00:01.0: nv_msi_ht_cap_quirk didn't locate host bridge
[    9.361699] PM: noirq resume of devices complete after 14.549 msecs
[    9.365424] PM: early resume of devices complete after 3.000 msecs
[    9.436121] PM: resume of devices complete after 70.665 msecs
[    9.488947] Restarting tasks ... done.
root@(none):/# 
root@(none):/# rtcwake -d rtc1 -m mem -s 3
rtcwake: assuming RTC uses UTC ...
rtcwake: wakeup from "mem" using /dev/rtc1 at Thu Jan  1 00:00:32 1970
[   10.111867] PM: Syncing filesystems ... done.
[   10.144696] Freezing user space processes ... (elapsed 0.001 seconds) done.
[   10.153080] Freezing remaining freezable tasks ... (elapsed 0.001 seconds) done.
[   10.161953] Suspending console(s) (use no_console_suspend to debug)
[   10.190571] PM: suspend of devices complete after 20.507 msecs
[   10.194485] PM: late suspend of devices complete after 3.884 msecs
[   10.212009] PM: noirq suspend of devices complete after 17.494 msecs
[   10.212020] Disabling non-boot CPUs ...
[   10.212030] Entering suspend state LP1
[   10.214421] pcieport 0000:00:01.0: nv_msi_ht_cap_quirk didn't locate host bridge
[   10.226634] PM: noirq resume of devices complete after 14.543 msecs
[   10.230380] PM: early resume of devices complete after 3.017 msecs
[   10.300745] PM: resume of devices complete after 70.332 msecs
[   10.353493] Restarting tasks ... done.
root@(none):/# 
root@(none):/# rtcwake -d rtc1 -m mem -s 3
rtcwake: assuming RTC uses UTC ...
rtcwake: wakeup from "mem" using /dev/rtc1 at Thu Jan  1 00:00:36 1970
[   10.979051] PM: Syncing filesystems ... done.
[   11.024542] Freezing user space processes ... (elapsed 0.001 seconds) done.
[   11.033124] Freezing remaining freezable tasks ... (elapsed 0.001 seconds) done.
[   11.042190] Suspending console(s) (use no_console_suspend to debug)
[   11.078821] PM: suspend of devices complete after 27.777 msecs
[   11.082711] PM: late suspend of devices complete after 3.859 msecs
[   11.096979] PM: noirq suspend of devices complete after 14.237 msecs
[   11.096990] Disabling non-boot CPUs ...
[   11.096999] Entering suspend state LP1
[   11.099391] pcieport 0000:00:01.0: nv_msi_ht_cap_quirk didn't locate host bridge
[   11.111579] PM: noirq resume of devices complete after 14.521 msecs
[   11.115309] PM: early resume of devices complete after 3.017 msecs
[   11.185584] PM: resume of devices complete after 70.242 msecs
[   11.238346] Restarting tasks ... done.
root@(none):/# 
root@(none):/# rtcwake -d rtc1 -m mem -s 3
rtcwake: assuming RTC uses UTC ...
rtcwake: wakeup from "mem" using /dev/rtc1 at Thu Jan  1 00:00:40 1970
[   11.865701] PM: Syncing filesystems ... done.
[   11.911193] Freezing user space processes ... (elapsed 0.000 seconds) done.
[   11.919237] Freezing remaining freezable tasks ... (elapsed 0.001 seconds) done.
[   11.928330] Suspending console(s) (use no_console_suspend to debug)
[   11.964009] PM: suspend of devices complete after 26.780 msecs
[   11.967933] PM: late suspend of devices complete after 3.893 msecs
[   11.986877] PM: noirq suspend of devices complete after 18.913 msecs
[   11.986887] Disabling non-boot CPUs ...
[   11.986897] Entering suspend state LP1
[   11.989286] pcieport 0000:00:01.0: nv_msi_ht_cap_quirk didn't locate host bridge
[   12.001565] PM: noirq resume of devices complete after 14.608 msecs
[   12.005300] PM: early resume of devices complete after 3.008 msecs
[   12.075677] PM: resume of devices complete after 70.345 msecs
[   12.128419] Restarting tasks ... done.
root@(none):/# 
root@(none):/# NVTB SYSTEM SUSPEND TEST COMPLETE
