
U-Boot SPL 2015.04-rc3-00209-ga74ef40 (Mar 16 2015 - 14:43:39)


U-Boot 2015.04-rc3-00209-ga74ef40 (Mar 16 2015 - 14:43:39)

TEGRA20
Model: Compulab TrimSlice board
DRAM:  1 GiB
MMC:   Tegra SD/MMC: 0, Tegra SD/MMC: 1
SF: Detected W25Q80BL with page size 256 Bytes, erase size 4 KiB, total 1 MiB
tegra-pcie: PCI regions:
tegra-pcie:   I/O: 0x82000000-0x82010000
tegra-pcie:   non-prefetchable memory: 0xa0000000-0xa8000000
tegra-pcie:   prefetchable memory: 0xa8000000-0xc0000000
tegra-pcie: dual-mode configuration
tegra-pcie: probing port 0, using 2 lanes
In:    serial
Out:   serial
Err:   serial
Net:   RTL8169#0
Hit any key to stop autoboot:  2  0 
Tegra20 (TrimSlice) # 
Tegra20 (TrimSlice) # usb reset
resetting USB...
USB0:   USB EHCI 1.00
scanning bus 0 for devices... 3 USB Device(s) found
USB1:   USB EHCI 1.00
scanning bus 1 for devices... 1 USB Device(s) found
USB2:   lowlevel init failed
       scanning usb for storage devices... 0 Storage Device(s) found
       scanning usb for ethernet devices... 
Warning: asx0 using MAC address from net device
1 Ethernet Device(s) found
Tegra20 (TrimSlice) # setenv bootargs 'ignore_loglevel console=ttyS0,115200n8 rw root=/dev/mmcblk0p1 rootwait gpt debug noinitrd earlyprintk init=/bin/bash'
Tegra20 (TrimSlice) # setenv ipaddr 192.168.100.103; setenv serverip 192.168.100.1; setenv tftpserverip 192.168.100.1
Tegra20 (TrimSlice) # tftpboot 0x00408000 zImage.multi_v7_defconfig
Using RTL8169#0 device
TFTP from server 192.168.100.1; our IP address is 192.168.100.103
Filename 'zImage.multi_v7_defconfig'.
Load address: 0x408000
Loading: *#################################################################
	 #################################################################
	 #################################################################
	 #################################################################
	 #################################################################
	 #################################################################
	 ########################################################
	 4 MiB/s
done
Bytes transferred = 6544040 (63daa8 hex)
Tegra20 (TrimSlice) # tftpboot 0x02408000 tegra20-trimslice.dtb
Using RTL8169#0 device
TFTP from server 192.168.100.1; our IP address is 192.168.100.103
Filename 'tegra20-trimslice.dtb'.
Load address: 0x2408000
Loading: *##
	 3.4 MiB/s
done
Bytes transferred = 21130 (528a hex)
Tegra20 (TrimSlice) # bootz 0x00408000 - 0x02408000
Kernel image @ 0x408000 [ 0x000000 - 0x63daa8 ]
## Flattened Device Tree blob at 02408000
   Booting using the fdt blob at 0x2408000
   Using Device Tree in place at 02408000, end 02410289

Starting kernel ...

[    0.000000] Booting Linux on physical CPU 0x0
[    0.000000] Linux version 4.4.0-rc6-55562-g4ef7675 (pwalmsley@sellafield) (gcc version 4.7.3 20130328 (prerelease) (crosstool-NG linaro-1.13.1-4.7-2013.04-20130415 - Linaro GCC 2013.04) ) #1 SMP Sun Dec 20 16:33:44 PST 2015
[    0.000000] CPU: ARMv7 Processor [411fc090] revision 0 (ARMv7), cr=10c5387d
[    0.000000] CPU: PIPT / VIPT nonaliasing data cache, VIPT aliasing instruction cache
[    0.000000] Machine model: Compulab TrimSlice board
[    0.000000] debug: ignoring loglevel setting.
[    0.000000] cma: Reserved 64 MiB at 0x3c000000
[    0.000000] Memory policy: Data cache writealloc
[    0.000000] On node 0 totalpages: 262144
[    0.000000] free_area_init_node: node 0, pgdat c0fc23c0, node_mem_map ef7f8000
[    0.000000]   DMA zone: 1536 pages used for memmap
[    0.000000]   DMA zone: 0 pages reserved
[    0.000000]   DMA zone: 196608 pages, LIFO batch:31
[    0.000000]   HighMem zone: 65536 pages, LIFO batch:15
[    0.000000] PERCPU: Embedded 12 pages/cpu @ef7cb000 s19136 r8192 d21824 u49152
[    0.000000] pcpu-alloc: s19136 r8192 d21824 u49152 alloc=12*4096
[    0.000000] pcpu-alloc: [0] 0 [0] 1 
[    0.000000] Built 1 zonelists in Zone order, mobility grouping on.  Total pages: 260608
[    0.000000] Kernel command line: ignore_loglevel console=ttyS0,115200n8 rw root=/dev/mmcblk0p1 rootwait gpt debug noinitrd earlyprintk init=/bin/bash
[    0.000000] PID hash table entries: 4096 (order: 2, 16384 bytes)
[    0.000000] Dentry cache hash table entries: 131072 (order: 7, 524288 bytes)
[    0.000000] Inode-cache hash table entries: 65536 (order: 6, 262144 bytes)
[    0.000000] Memory: 959400K/1048576K available (8239K kernel code, 1040K rwdata, 3736K rodata, 1044K init, 340K bss, 23640K reserved, 65536K cma-reserved, 196608K highmem)
[    0.000000] Virtual kernel memory layout:
[    0.000000]     vector  : 0xffff0000 - 0xffff1000   (   4 kB)
[    0.000000]     fixmap  : 0xffc00000 - 0xfff00000   (3072 kB)
[    0.000000]     vmalloc : 0xf0800000 - 0xff800000   ( 240 MB)
[    0.000000]     lowmem  : 0xc0000000 - 0xf0000000   ( 768 MB)
[    0.000000]     pkmap   : 0xbfe00000 - 0xc0000000   (   2 MB)
[    0.000000]     modules : 0xbf000000 - 0xbfe00000   (  14 MB)
[    0.000000]       .text : 0xc0208000 - 0xc0dbacc8   (11980 kB)
[    0.000000]       .init : 0xc0dbb000 - 0xc0ec0000   (1044 kB)
[    0.000000]       .data : 0xc0ec0000 - 0xc0fc4320   (1041 kB)
[    0.000000]        .bss : 0xc0fc7000 - 0xc101c3e8   ( 341 kB)
[    0.000000] SLUB: HWalign=64, Order=0-3, MinObjects=0, CPUs=2, Nodes=1
[    0.000000] Hierarchical RCU implementation.
[    0.000000] 	Build-time adjustment of leaf fanout to 32.
[    0.000000] 	RCU restricting CPUs from NR_CPUS=16 to nr_cpu_ids=2.
[    0.000000] RCU: Adjusting geometry for rcu_fanout_leaf=32, nr_cpu_ids=2
[    0.000000] NR_IRQS:16 nr_irqs:16 16
[    0.000000] /interrupt-controller@60004000: 128 interrupts forwarded to /interrupt-controller@50041000
[    0.000000] L2C: platform modifies aux control register: 0x02080000 -> 0x3e480001
[    0.000000] L2C: DT/platform modifies aux control register: 0x02080000 -> 0x3e480001
[    0.000000] L2C-310 errata 727915 769419 enabled
[    0.000000] L2C-310 enabling early BRESP for Cortex-A9
[    0.000000] L2C-310: enabling full line of zeros but not enabled in Cortex-A9
[    0.000000] L2C-310 ID prefetch enabled, offset 1 lines
[    0.000000] L2C-310 cache controller enabled, 8 ways, 1024 kB
[    0.000000] L2C-310: CACHE_ID 0x410000c4, AUX_CTRL 0x7e480001
[    0.000011] sched_clock: 32 bits at 1000kHz, resolution 1000ns, wraps every 2147483647500ns
[    0.000027] clocksource: timer_us: mask: 0xffffffff max_cycles: 0xffffffff, max_idle_ns: 1911260446275 ns
[    0.000037] Switching to timer-based delay loop, resolution 1000ns
[    0.001531] Console: colour dummy device 80x30
[    0.001551] Calibrating delay loop (skipped), value calculated using timer frequency.. 2.00 BogoMIPS (lpj=5000)
[    0.001561] pid_max: default: 32768 minimum: 301
[    0.001645] Mount-cache hash table entries: 2048 (order: 1, 8192 bytes)
[    0.001654] Mountpoint-cache hash table entries: 2048 (order: 1, 8192 bytes)
[    0.002125] CPU: Testing write buffer coherency: ok
[    0.002306] CPU0: thread -1, cpu 0, socket 0, mpidr 80000000
[    0.002352] Setting up static identity map for 0x209000 - 0x209098
[    0.003743] Tegra Revision: A03 prime SKU: 8 CPU Process: 1 SoC Process: 2
[    0.004705] CPU1: thread -1, cpu 1, socket 0, mpidr 80000001
[    0.004763] Brought up 2 CPUs
[    0.004774] SMP: Total of 2 processors activated (4.00 BogoMIPS).
[    0.004779] CPU: All CPU(s) started in SVC mode.
[    0.005398] devtmpfs: initialized
[    0.009323] VFP support v0.3: implementor 41 architecture 3 part 30 variant 9 rev 1
[    0.009712] clocksource: jiffies: mask: 0xffffffff max_cycles: 0xffffffff, max_idle_ns: 9556302231375000 ns
[    0.012861] pinctrl core: initialized pinctrl subsystem
[    0.014036] NET: Registered protocol family 16
[    0.016272] DMA: preallocated 256 KiB pool for atomic coherent allocations
[    0.029926] cpuidle: using governor ladder
[    0.044925] cpuidle: using governor menu
[    0.055297] No ATAGs?
[    0.055324] hw-breakpoint: found 5 (+1 reserved) breakpoint and 1 watchpoint registers.
[    0.055331] hw-breakpoint: maximum watchpoint size is 4 bytes.
[    0.058308] Serial: AMBA PL011 UART driver
[    0.083398] usb1_vbus: Failed to request enable GPIO170: -517
[    0.083480] reg-fixed-voltage regulators:regulator@2: Failed to register regulator: -517
[    0.087235] vgaarb: loaded
[    0.087904] SCSI subsystem initialized
[    0.088026] libata version 3.00 loaded.
[    0.088237] usbcore: registered new interface driver usbfs
[    0.088290] usbcore: registered new interface driver hub
[    0.088329] usbcore: registered new device driver usb
[    0.090347] pps_core: LinuxPPS API ver. 1 registered
[    0.090354] pps_core: Software ver. 5.3.6 - Copyright 2005-2007 Rodolfo Giometti <giometti@linux.it>
[    0.090373] PTP clock support registered
[    0.090532] EDAC MC: Ver: 3.0.0
[    0.092333] clocksource: Switched to clocksource timer_us
[    0.100303] NET: Registered protocol family 2
[    0.100725] TCP established hash table entries: 8192 (order: 3, 32768 bytes)
[    0.100796] TCP bind hash table entries: 8192 (order: 4, 65536 bytes)
[    0.100909] TCP: Hash tables configured (established 8192 bind 8192)
[    0.100988] UDP hash table entries: 512 (order: 2, 16384 bytes)
[    0.101033] UDP-Lite hash table entries: 512 (order: 2, 16384 bytes)
[    0.101196] NET: Registered protocol family 1
[    0.101437] RPC: Registered named UNIX socket transport module.
[    0.101444] RPC: Registered udp transport module.
[    0.101449] RPC: Registered tcp transport module.
[    0.101454] RPC: Registered tcp NFSv4.1 backchannel transport module.
[    0.101469] PCI: CLS 0 bytes, default 64
[    0.102241] hw perfevents: enabled with armv7_cortex_a9 PMU driver, 7 counters available
[    0.103267] futex hash table entries: 512 (order: 3, 32768 bytes)
[    0.111608] squashfs: version 4.0 (2009/01/31) Phillip Lougher
[    0.112287] NFS: Registering the id_resolver key type
[    0.112317] Key type id_resolver registered
[    0.112353] Key type id_legacy registered
[    0.112417] ntfs: driver 2.1.32 [Flags: R/O].
[    0.113403] bounce: pool size: 64 pages
[    0.113566] Block layer SCSI generic (bsg) driver version 0.4 loaded (major 249)
[    0.113579] io scheduler noop registered
[    0.113588] io scheduler deadline registered
[    0.113616] io scheduler cfq registered (default)
[    0.123171] tegra-pcie 80003000.pcie-controller: dual-mode configuration
[    0.123744] tegra-pcie 80003000.pcie-controller: probing port 0, using 2 lanes
[    0.207810] tegra-pcie 80003000.pcie-controller: PCI host bridge to bus 0000:00
[    0.207822] pci_bus 0000:00: root bus resource [mem 0xa0000000-0xa7ffffff]
[    0.207840] pci_bus 0000:00: root bus resource [mem 0xa8000000-0xbfffffff pref]
[    0.207849] pci_bus 0000:00: root bus resource [bus 00-ff]
[    0.207857] pci_bus 0000:00: root bus resource [io  0x1000-0xffff]
[    0.207886] pci 0000:00:01.0: [10de:0bf0] type 01 class 0x060000
[    0.207946] pci 0000:00:01.0: PME# supported from D0 D1 D2 D3hot D3cold
[    0.208131] PCI: bus0: Fast back to back transfers disabled
[    0.208141] pci 0000:00:01.0: bridge configuration invalid ([bus 00-00]), reconfiguring
[    0.208269] pci 0000:01:00.0: [10ec:8168] type 00 class 0x020000
[    0.208306] pci 0000:01:00.0: reg 0x10: [io  0x0000-0x00ff]
[    0.208329] pci 0000:01:00.0: reg 0x18: [mem 0x00000000-0x00000fff 64bit pref]
[    0.208345] pci 0000:01:00.0: reg 0x20: [mem 0x00000000-0x00003fff 64bit pref]
[    0.208358] pci 0000:01:00.0: reg 0x30: [mem 0x00000000-0x0001ffff pref]
[    0.208418] pci 0000:01:00.0: supports D1 D2
[    0.208426] pci 0000:01:00.0: PME# supported from D0 D1 D2 D3hot D3cold
[    0.217375] PCI: bus1: Fast back to back transfers disabled
[    0.217387] pci_bus 0000:01: busn_res: [bus 01-ff] end is updated to 01
[    0.217399] Disabling cpuidle LP2 state, since PCIe IRQs are in use
[    0.217452] pci 0000:00:01.0: BAR 8: assigned [mem 0xa0000000-0xa00fffff]
[    0.217464] pci 0000:00:01.0: BAR 9: assigned [mem 0xa8000000-0xa80fffff 64bit pref]
[    0.217474] pci 0000:00:01.0: BAR 7: assigned [io  0x1000-0x1fff]
[    0.217486] pci 0000:01:00.0: BAR 6: assigned [mem 0xa0000000-0xa001ffff pref]
[    0.217496] pci 0000:01:00.0: BAR 4: assigned [mem 0xa8000000-0xa8003fff 64bit pref]
[    0.217513] pci 0000:01:00.0: BAR 2: assigned [mem 0xa8004000-0xa8004fff 64bit pref]
[    0.217529] pci 0000:01:00.0: BAR 0: assigned [io  0x1000-0x10ff]
[    0.217540] pci 0000:00:01.0: PCI bridge to [bus 01]
[    0.217548] pci 0000:00:01.0:   bridge window [io  0x1000-0x1fff]
[    0.217557] pci 0000:00:01.0:   bridge window [mem 0xa0000000-0xa00fffff]
[    0.217565] pci 0000:00:01.0:   bridge window [mem 0xa8000000-0xa80fffff 64bit pref]
[    0.217585] pci 0000:00:01.0: nv_msi_ht_cap_quirk didn't locate host bridge
[    0.217650] pcieport 0000:00:01.0: enabling device (0140 -> 0143)
[    0.217795] pcieport 0000:00:01.0: Signaling PME through PCIe PME interrupt
[    0.217803] pci 0000:01:00.0: Signaling PME through PCIe PME interrupt
[    0.217812] pcie_pme 0000:00:01.0:pcie01: service driver pcie_pme loaded
[    0.221528] tegra-apbdma 6000a000.dma: Tegra20 APB DMA driver register 16 channels
[    0.270205] Serial: 8250/16550 driver, 4 ports, IRQ sharing disabled
[    0.272064] SuperH (H)SCI(F) driver initialized
[    0.272776] msm_serial: driver initialized
[    0.273452] console [ttyS0] disabled
[    0.273488] 70006000.serial: ttyS0 at MMIO 0x70006000 (irq = 279, base_baud = 13500000) is a Tegra
[    1.222649] console [ttyS0] enabled
[    1.226678] STMicroelectronics ASC driver initialized
[    1.233405] [drm] Initialized drm 1.1.0 20060810
[    1.239697] 54280000.hdmi supply hdmi not found, using dummy regulator
[    1.248904] [drm] Supports vblank timestamp caching Rev 2 (21.10.2013).
[    1.255518] [drm] No driver support for vblank timestamp query.
[    1.261452] drm drm: No connectors reported connected with modes
[    1.267458] [drm] Cannot find any crtc or sizes - going 1024x768
[    1.289464] Console: switching to colour frame buffer device 128x48
[    1.304135] drm drm: fb0:  frame buffer device
[    1.322339] [drm] Initialized tegra 0.0.0 20120330 on minor 0
[    1.333237] loop: module loaded
[    1.341125] m25p80 spi32766.0: found s25fl008k, expected w25q80bl
[    1.347262] m25p80 spi32766.0: s25fl008k (1024 Kbytes)
[    1.354589] libphy: Fixed MDIO Bus: probed
[    1.359202] CAN device driver interface
[    1.364085] igb: Intel(R) Gigabit Ethernet Network Driver - version 5.3.0-k
[    1.371044] igb: Copyright (c) 2007-2014 Intel Corporation.
[    1.377134] r8169 Gigabit Ethernet driver 2.3LK-NAPI loaded
[    1.382732] r8169 0000:01:00.0: enabling device (0140 -> 0143)
[    1.389293] r8169 0000:01:00.0 eth0: RTL8168d/8111d at 0xf085e000, 00:01:c0:13:7d:63, XID 081000c0 IRQ 296
[    1.398947] r8169 0000:01:00.0 eth0: jumbo features [frames: 9200 bytes, tx checksumming: ko]
[    1.409281] pegasus: v0.9.3 (2013/04/25), Pegasus/Pegasus II USB Ethernet driver
[    1.416731] usbcore: registered new interface driver pegasus
[    1.422438] usbcore: registered new interface driver asix
[    1.427873] usbcore: registered new interface driver ax88179_178a
[    1.434010] usbcore: registered new interface driver cdc_ether
[    1.439891] usbcore: registered new interface driver smsc75xx
[    1.445684] usbcore: registered new interface driver smsc95xx
[    1.451464] usbcore: registered new interface driver net1080
[    1.457163] usbcore: registered new interface driver cdc_subset
[    1.463117] usbcore: registered new interface driver zaurus
[    1.468753] usbcore: registered new interface driver cdc_ncm
[    1.474704] tegra-phy c5004000.usb-phy: no vbus regulator
[    1.481194] tegra-phy c5008000.usb-phy: no vbus regulator
[    1.487818] ehci_hcd: USB 2.0 'Enhanced' Host Controller (EHCI) Driver
[    1.494351] ehci-pci: EHCI PCI platform driver
[    1.498836] ehci-platform: EHCI generic platform driver
[    1.504221] ehci-omap: OMAP-EHCI Host Controller driver
[    1.509554] ehci-orion: EHCI orion driver
[    1.513671] SPEAr-ehci: EHCI SPEAr driver
[    1.517794] ehci-st: EHCI STMicroelectronics driver
[    1.522779] ehci-exynos: EHCI EXYNOS driver
[    1.527069] ehci-atmel: EHCI Atmel driver
[    1.531188] tegra-ehci: Tegra EHCI driver
[    1.553538] ulpi_phy_power_on: ulpi write failed
[    1.558158] tegra-ehci c5004000.usb: Failed to power on the phy
[    1.564086] tegra-ehci: probe of c5004000.usb failed with error -110
[    1.573071] tegra-ehci c5008000.usb: EHCI Host Controller
[    1.578482] tegra-ehci c5008000.usb: new USB bus registered, assigned bus number 1
[    1.586297] tegra-ehci c5008000.usb: irq 290, io mem 0xc5008000
[    1.597349] tegra-ehci c5008000.usb: USB 2.0 started, EHCI 1.00
[    1.603880] hub 1-0:1.0: USB hub found
[    1.607660] hub 1-0:1.0: 1 port detected
[    1.611886] ohci_hcd: USB 1.1 'Open' Host Controller (OHCI) Driver
[    1.618082] ohci-pci: OHCI PCI platform driver
[    1.622576] ohci-platform: OHCI generic platform driver
[    1.627953] ohci-omap3: OHCI OMAP3 driver
[    1.632058] SPEAr-ohci: OHCI SPEAr driver
[    1.636174] ohci-st: OHCI STMicroelectronics driver
[    1.641155] ohci-atmel: OHCI Atmel driver
[    1.645586] usbcore: registered new interface driver usb-storage
[    1.652778] mousedev: PS/2 mouse device common for all mice
[    1.660467] rtc-em3027 2-0056: rtc core: registered rtc-em3027 as rtc0
[    1.668211] tegra_rtc 7000e000.rtc: rtc core: registered 7000e000.rtc as rtc1
[    1.675374] tegra_rtc 7000e000.rtc: Tegra internal Real Time Clock
[    1.681989] i2c /dev entries driver
[    1.692410] sdhci: Secure Digital Host Controller Interface driver
[    1.698587] sdhci: Copyright(c) Pierre Ossman
[    1.704082] Synopsys Designware Multimedia Card Interface Driver
[    1.710923] sdhci-pltfm: SDHCI platform and OF driver helper
[    1.717397] sdhci-tegra c8000000.sdhci: No vmmc regulator found
[    1.723318] sdhci-tegra c8000000.sdhci: No vqmmc regulator found
[    1.729325] mmc0: Invalid maximum block size, assuming 512 bytes
[    1.762351] mmc0: SDHCI controller on c8000000.sdhci [c8000000.sdhci] using ADMA
[    1.769835] sdhci-tegra c8000600.sdhci: Got CD GPIO
[    1.774726] sdhci-tegra c8000600.sdhci: Got WP GPIO
[    1.779749] sdhci-tegra c8000600.sdhci: No vmmc regulator found
[    1.785687] sdhci-tegra c8000600.sdhci: No vqmmc regulator found
[    1.791690] mmc1: Invalid maximum block size, assuming 512 bytes
[    1.827423] mmc1: SDHCI controller on c8000600.sdhci [c8000600.sdhci] using ADMA
[    1.835885] ledtrig-cpu: registered to indicate activity on CPUs
[    1.842056] usbcore: registered new interface driver usbhid
[    1.847630] usbhid: USB HID core driver
[    1.855133] NET: Registered protocol family 10
[    1.860272] sit: IPv6 over IPv4 tunneling driver
[    1.865391] NET: Registered protocol family 17
[    1.870020] can: controller area network core (rev 20120528 abi 9)
[    1.876303] NET: Registered protocol family 29
[    1.880774] can: raw protocol (rev 20120528)
[    1.885067] can: broadcast manager protocol (rev 20120528 t)
[    1.890748] can: netlink gateway (rev 20130117) max_hops=1
[    1.896659] Key type dns_resolver registered
[    1.901416] ThumbEE CPU extension supported.
[    1.905711] Registering SWP/SWPB emulation handler
[    1.916156] utmi_phy_clk_enable: timeout waiting for phy to stabilize
[    1.922646] tegra-ehci c5000000.usb: EHCI Host Controller
[    1.928072] tegra-ehci c5000000.usb: new USB bus registered, assigned bus number 2
[    1.935986] tegra-ehci c5000000.usb: irq 288, io mem 0xc5000000
[    1.962362] usb 1-1: new high-speed USB device number 2 using tegra-ehci
[    1.970938] mmc0: host does not support reading read-only switch, assuming write-enable
[    1.972361] tegra-ehci c5000000.usb: USB 2.0 started, EHCI 1.00
[    1.973126] hub 2-0:1.0: USB hub found
[    1.973168] hub 2-0:1.0: 1 port detected
[    1.974263] input: gpio-keys as /devices/soc0/gpio-keys/input/input0
[    1.988650] rtc-em3027 2-0056: setting system clock to 2014-12-27 03:14:06 UTC (1419650046)
[    2.007841] Waiting for root device /dev/mmcblk0p1...
[    2.009253] mmc0: new high speed SDHC card at address b368
[    2.009696] mmcblk0: mmc0:b368 NCard 3.70 GiB 
[    2.019129]  mmcblk0: p1
[    2.026410] EXT4-fs (mmcblk0p1): mounting ext3 file system using the ext4 subsystem
[    2.113369] EXT4-fs (mmcblk0p1): recovery complete
[    2.118189] EXT4-fs (mmcblk0p1): mounted filesystem with ordered data mode. Opts: (null)
[    2.126314] VFS: Mounted root (ext3 filesystem) on device 179:1.
[    2.135884] devtmpfs: mounted
[    2.140042] Freeing unused kernel memory: 1044K (c0dbb000 - c0ec0000)
[    2.148650] hub 1-1:1.0: USB hub found
[    2.152575] hub 1-1:1.0: 4 ports detected
[    2.158644] mmc1: new high speed SD card at address b368
[    2.164560] mmcblk1: mmc1:b368 NCard 1.83 GiB (ro)
[    2.171981]  mmcblk1: p1 p2
bash: cannot set terminal process group (-1): Inappropriate ioctl for device
bash: no job control in this shell
[    2.442434] usb 1-1.2: new high-speed USB device number 3 using tegra-ehci
root@(none):/# 