[0000.730] [TegraBoot] (version 23.00.2015.14-mobile-1ef66670)
[0000.736] Processing in cold boot mode Bootloader 2
[0000.740] A01Q Bootrom Patch rev = 3
[0000.744] Power-up reason: pmu watchdog
[0000.747] No Battery Present
[0000.750] Platform has Ddr4 type ram
[0000.753] max77620 disabling SD1 Remote Sense
[0000.758] Setting Ddr voltage to 1125mv
[0000.762] Serial Number of Pmic Max77663: 0x40daf
[0000.770] Entering ramdump check
[0000.773] Get RamDumpCarveOut = 0x0
[0000.776] RamDumpCarveOut=0x0,  RamDumperFlag=0xe59ff3f8
[0000.781] Last reboot was clean, booting normally!
[0000.786] Sdram initialization is successful 
[0000.790] SecureOs Carveout Base=0xff800000 Size=0x00800000
[0000.795] GSC1 Carveout Base=0xff700000 Size=0x00100000
[0000.821] GSC2 Carveout Base=0xff600000 Size=0x00100000
[0000.847] GSC3 Carveout Base=0xff500000 Size=0x00100000
[0000.852] GSC4 Carveout Base=0xff400000 Size=0x00100000
[0000.857] GSC5 Carveout Base=0xff300000 Size=0x00100000
[0000.862] BpmpFw Carveout Base=0xff2c0000 Size=0x00040000
[0000.868] Lp0 Carveout Base=0xff2bf000 Size=0x00001000
[0000.883] RamDump Carveout Base=0xff23f000 Size=0x00080000
[0000.888] Platform-DebugCarveout: 0
[0000.892] Nck Carveout Base=0xff03f000 Size=0x00200000
[0000.941] Using GPT Primary to query partitions 
[0000.947] Loading Tboot-CPU binary
[0000.995] Verifying bootloader in OdmNonSecureSBK mode
[0001.005] Bootloader load address is 0xa0000000,                            entry address is 0xa0000258
[0001.014] Bootloader downloaded successfully.
[0001.019] Downloaded Tboot-CPU binary to 0xa0000258
[0001.024] MAX77620_GPIO1 Configured.
[0001.028] MAX77620_GPIO5 Configured.
[0001.031] CPU power rail is up
[0001.034] CPU clock enabled
[0001.038] Performing RAM repair
[0001.041] Updating A64 Warmreset Address to 0xa00002e9
[0001.060] Bootloader DTB Load Address: 0x83000000
[0001.077] Kernel DTB Load Address: 0x83080000
[0001.082] Loading cboot binary
[0001.176] Verifying bootloader in OdmNonSecureSBK mode
[0001.264] Bootloader load address is 0x8010fda8,                            entry address is 0x80110000
[0001.273] Bootloader downloaded successfully.
[0001.277] GPT: Partition NOT found ! 
[0001.281] Find Partition via GPT Failed
[0001.284] function NvTbootGetBinaryOffsets: 0x845208 error
[0001.290] Error in NvTbootLoadBinary: 0x845208 !
[0001.294] GPT: Partition NOT found ! 
[0001.298] No FB partition
[0001.300] Next binary entry address: 0x80110000 
[0001.305] BoardId: 2595
[0001.310] dram memory type is 3
[0001.315] WB0 init successful
[0001.342] Bpmp FW successfully loaded
[0001.345] Set NvDecSticky Bits
[0001.348] GSC1 address : ff700000
[0001.352] GSC2 address : ff600000
[0001.356] GSC3 address : ff500000
[0001.360] GSC4 address : ff400000
[0001.363] GSC5 address : ff300000
[0001.367] GSC MC Settings done
[0001.372] TOS old plaintext Image length 61440
[0001.378] *** Secure OS image signature not verified ***
[0001.383] Loading and Validation of Secure OS Successful
[0001.388] NvTbootPackSdramParams: start. 
[0001.393] NvTbootPackSdramParams: done. 
[0001.397] Tegraboot started after 722669 us
[0001.401] Basic modules init took 348742 us
[0001.405] Sec Bootdevice Read Time = 202 ms, Read Size = 8459 KB
[0001.411] Next stage binary read took 14366 us
[0001.415] Carveout took 252902 us
[0001.418] CPU initialization took 92327 us
[0001.422] Total time taken by TegraBoot 708337 us

[0001.427] Starting CPU & Halting co-processor 

64b[0001.562] LPDDR4 Training: Number of tables = 10
[0001.566] EMC Training (SRC-freq: 204000; DST-freq: 408000)
[0001.573] EMC Training Successful
[0001.576] EMC Training (SRC-freq: 204000; DST-freq: 665600)
[0001.582] EMC Training Successful
[0001.585] EMC Training (SRC-freq: 204000; DST-freq: 800000)
[0001.596] EMC Training Successful
[0001.599] EMC Training (SRC-freq: 204000; DST-freq: 1065600)
[0001.622] EMC Training Successful
[0001.625] EMC Training (SRC-freq: 204000; DST-freq: 1331200)
[0001.646] EMC Training Successful
[0001.649] EMC Training (SRC-freq: 204000; DST-freq: 1600000)
[0001.669] EMC Training Successful
[0001.672] Switching to 800000 KHz Success
[0001.705] LPDDR4 Training: Number of tables = 10


U-Boot 2015.07-rc2-g2ac3917 (Nov 09 2015 - 13:12:08 -0800)

TEGRA210
Model: NVIDIA P2371-0000
DRAM:  3 GiB
MC:   Tegra SD/MMC: 0, Tegra SD/MMC: 1
*** Warning - bad CRC, using default environment

In:    serial
Out:   serial
Err:   serial
Net:   Net Initialization Skipped
No ethernet found.
Hit any key to stop autoboot:  2  0 
Tegra210 (P2371-0000) # 
Tegra210 (P2371-0000) # ums 0 mmc 0
UMS: disk start sector: 0x0, count: 0x1d5a000
|/-\|/-\/-\|/-\/-\|/-\/-\|/-\/-\|/-\/-\|/-\/-\|/-\/-\|/-\/-\|/-\CTRL+C - Operation aborted
Tegra210 (P2371-0000) # 
Tegra210 (P2371-0000) # env set fdt_copy_node_names /cpus:/psci
Tegra210 (P2371-0000) # setenv rootpart 1
Tegra210 (P2371-0000) # setenv devtype mmc
Tegra210 (P2371-0000) # setenv devnum 0
Tegra210 (P2371-0000) # part uuid ${devtype} ${devnum}:${rootpart} uuid
Tegra210 (P2371-0000) # setenv bootargs ignore_loglevel console=ttyS0,115200n8 earlycon=uart8250,mmio32,0x70006000 rw root=PARTUUID=00000000-0001-0000-788f-a75600000000 rootwait debug earlyprintk init=/bin/bash
Tegra210 (P2371-0000) # load ${devtype} ${devnum}:${rootpart} ${kernel_addr_r} /boot/Image.defconfig
14993920 bytes read in 796 ms (18 MiB/s)
Tegra210 (P2371-0000) # load ${devtype} ${devnum}:${rootpart} ${fdt_addr_r} /boot/tegra210-p2371-0000.dtb
44882 bytes read in 454 ms (95.7 KiB/s)
Tegra210 (P2371-0000) # load ${devtype} ${devnum}:${rootpart} ${ramdisk_addr_r} /boot/tegra-ramdisk.img
1627787 bytes read in 502 ms (3.1 MiB/s)
Tegra210 (P2371-0000) # ramdisk_size=${filesize}
Tegra210 (P2371-0000) # booti ${kernel_addr_r} - ${fdt_addr_r}
## Flattened Device Tree blob at 82000000
   Booting using the fdt blob at 0x82000000
   Using Device Tree in place at 0000000082000000, end 000000008200df51

Starting kernel ...

[    0.000000] Booting Linux on physical CPU 0x0
[    0.000000] Linux version 4.10.0-rc6-167219-g566cf87 (pwalmsley@tamien) (gcc version 4.9.2 20140904 (prerelease) (crosstool-NG linaro-1.13.1-4.9-2014.09 - Linaro GCC 4.9-2014.09) ) #1 SMP PREEMPT Sun Jan 29 15:09:57 PST 2017
[    0.000000] Boot CPU: AArch64 Processor [411fd071]
[    0.000000] debug: ignoring loglevel setting.
[    0.000000] earlycon: uart8250 at MMIO32 0x0000000070006000 (options '')
[    0.000000] bootconsole [uart8250] enabled
[    0.000000] efi: Getting EFI parameters from FDT:
[    0.000000] efi: UEFI not found.
[    0.000000] cma: Reserved 16 MiB at 0x00000000fe000000
[    0.000000] On node 0 totalpages: 782848
[    0.000000]   DMA zone: 8192 pages used for memmap
[    0.000000]   DMA zone: 0 pages reserved
[    0.000000]   DMA zone: 520704 pages, LIFO batch:31
[    0.000000]   Normal zone: 4096 pages used for memmap
[    0.000000]   Normal zone: 262144 pages, LIFO batch:31
[    0.000000] psci: probing for conduit method from DT.
[    0.000000] psci: PSCIv0.2 detected in firmware.
[    0.000000] psci: Using standard PSCI v0.2 function IDs
[    0.000000] psci: MIGRATE_INFO_TYPE not supported.
[    0.000000] percpu: Embedded 21 pages/cpu @ffff8000bff57000 s48128 r8192 d29696 u86016
[    0.000000] pcpu-alloc: s48128 r8192 d29696 u86016 alloc=21*4096
[    0.000000] pcpu-alloc: [0] 0 [0] 1 [0] 2 [0] 3 
[    0.000000] Detected PIPT I-cache on CPU0
[    0.000000] CPU features: enabling workaround for ARM erratum 832075
[    0.000000] CPU features: enabling workaround for ARM erratum 834220
[    0.000000] Built 1 zonelists in Zone order, mobility grouping on.  Total pages: 770560
[    0.000000] Kernel command line: ignore_loglevel console=ttyS0,115200n8 earlycon=uart8250,mmio32,0x70006000 rw root=PARTUUID=00000000-0001-0000-788f-a75600000000 rootwait debug earlyprintk init=/bin/bash
[    0.000000] PID hash table entries: 4096 (order: 3, 32768 bytes)
[    0.000000] Dentry cache hash table entries: 524288 (order: 10, 4194304 bytes)
[    0.000000] Inode-cache hash table entries: 262144 (order: 9, 2097152 bytes)
[    0.000000] software IO TLB [mem 0xfa000000-0xfe000000] (64MB) mapped at [ffff80007a000000-ffff80007dffffff]
[    0.000000] Memory: 2977948K/3131392K available (8508K kernel code, 946K rwdata, 4108K rodata, 1024K init, 393K bss, 137060K reserved, 16384K cma-reserved)
[    0.000000] Virtual kernel memory layout:
[    0.000000]     modules : 0xffff000000000000 - 0xffff000008000000   (   128 MB)
[    0.000000]     vmalloc : 0xffff000008000000 - 0xffff7dffbfff0000   (129022 GB)
[    0.000000]       .text : 0xffff000008080000 - 0xffff0000088d0000   (  8512 KB)
[    0.000000]     .rodata : 0xffff0000088d0000 - 0xffff000008ce0000   (  4160 KB)
[    0.000000]       .init : 0xffff000008ce0000 - 0xffff000008de0000   (  1024 KB)
[    0.000000]       .data : 0xffff000008de0000 - 0xffff000008ecca00   (   947 KB)
[    0.000000]        .bss : 0xffff000008ecca00 - 0xffff000008f2ee50   (   394 KB)
[    0.000000]     fixed   : 0xffff7dfffe7fd000 - 0xffff7dfffec00000   (  4108 KB)
[    0.000000]     PCI I/O : 0xffff7dfffee00000 - 0xffff7dffffe00000   (    16 MB)
[    0.000000]     vmemmap : 0xffff7e0000000000 - 0xffff800000000000   (  2048 GB maximum)
[    0.000000]               0xffff7e0000000000 - 0xffff7e0003000000   (    48 MB actual)
[    0.000000]     memory  : 0xffff800000000000 - 0xffff8000c0000000   (  3072 MB)
[    0.000000] SLUB: HWalign=64, Order=0-3, MinObjects=0, CPUs=4, Nodes=1
[    0.000000] Preemptible hierarchical RCU implementation.
[    0.000000] 	Build-time adjustment of leaf fanout to 64.
[    0.000000] 	RCU restricting CPUs from NR_CPUS=64 to nr_cpu_ids=4.
[    0.000000] RCU: Adjusting geometry for rcu_fanout_leaf=64, nr_cpu_ids=4
[    0.000000] NR_IRQS:64 nr_irqs:64 0
[    0.000000] GIC: Using split EOI/Deactivate mode
[    0.000000] /interrupt-controller@60004000: 192 interrupts forwarded to /interrupt-controller@50041000
[    0.000000] PLL_MB already enabled. Postponing set full defaults
[    0.000000] PLL_U already enabled. Postponing set full defaults
[    0.000000] PLL_P already enabled. Postponing set full defaults
[    0.000000] PLL_X already enabled. Postponing set full defaults
[    0.000000] boot misc1 0x0: expected 0x20
[    0.000000]  (comparison mask = 0xffffff)
[    0.000000] arm_arch_timer: Architected cp15 timer(s) running at 19.20MHz (phys).
[    0.000000] clocksource: arch_sys_counter: mask: 0xffffffffffffff max_cycles: 0x46d987e47, max_idle_ns: 440795202767 ns
[    0.000004] sched_clock: 56 bits at 19MHz, resolution 52ns, wraps every 4398046511078ns
[    0.008429] Console: colour dummy device 80x25
[    0.013041] Calibrating delay loop (skipped), value calculated using timer frequency.. 38.40 BogoMIPS (lpj=76800)
[    0.023653] pid_max: default: 32768 minimum: 301
[    0.028488] Security Framework initialized
[    0.032755] Mount-cache hash table entries: 8192 (order: 4, 65536 bytes)
[    0.039687] Mountpoint-cache hash table entries: 8192 (order: 4, 65536 bytes)
[    0.059117] ASID allocator initialised with 65536 entries
[    0.085610] Speedo Revision 4
[    0.088686] Tegra Revision: A01 SKU: 1 CPU Process: -22 SoC Process: -22
[    0.096382] EFI services will not be available.
[    0.117120] smp: Bringing up secondary CPUs ...
[    0.153949] Detected PIPT I-cache on CPU1
[    0.153990] CPU1: Booted secondary processor [411fd071]
[    0.186011] Detected PIPT I-cache on CPU2
[    0.186043] CPU2: Booted secondary processor [411fd071]
[    0.218086] Detected PIPT I-cache on CPU3
[    0.218118] CPU3: Booted secondary processor [411fd071]
[    0.218181] smp: Brought up 1 node, 4 CPUs
[    0.251035] SMP: Total of 4 processors activated.
[    0.255901] CPU features: detected feature: 32-bit EL0 Support
[    0.261976] CPU: All CPU(s) started at EL2
[    0.266226] alternatives: patching kernel code
[    0.274545] devtmpfs: initialized
[    0.287288] DMI not present or invalid.
[    0.291480] clocksource: jiffies: mask: 0xffffffff max_cycles: 0xffffffff, max_idle_ns: 7645041785100000 ns
[    0.301925] pinctrl core: initialized pinctrl subsystem
[    0.308761] NET: Registered protocol family 16
[    0.329406] cpuidle: using governor menu
[    0.334169] vdso: 2 pages (1 code @ ffff0000088d7000, 1 data @ ffff000008de5000)
[    0.341830] hw-breakpoint: found 6 breakpoint and 4 watchpoint registers.
[    0.349640] DMA: preallocated 256 KiB pool for atomic allocations
[    0.357369] Serial: AMBA PL011 UART driver
[    0.402173] HugeTLB registered 2 MB page size, pre-allocated 0 pages
[    0.409970] ACPI: Interpreter disabled.
[    0.414622] vgaarb: loaded
[    0.417637] SCSI subsystem initialized
[    0.421646] libata version 3.00 loaded.
[    0.425964] usbcore: registered new interface driver usbfs
[    0.431690] usbcore: registered new interface driver hub
[    0.437269] usbcore: registered new device driver usb
[    0.443197] pps_core: LinuxPPS API ver. 1 registered
[    0.448337] pps_core: Software ver. 5.3.6 - Copyright 2005-2007 Rodolfo Giometti <giometti@linux.it>
[    0.457829] PTP clock support registered
[    0.462090] dmi: Firmware registration failed.
[    0.466872] Advanced Linux Sound Architecture Driver Initialized.
[    0.473854] clocksource: Switched to clocksource arch_sys_counter
[    0.480270] VFS: Disk quotas dquot_6.6.0
[    0.484373] VFS: Dquot-cache hash table entries: 512 (order 0, 4096 bytes)
[    0.491699] pnp: PnP ACPI: disabled
[    0.502549] NET: Registered protocol family 2
[    0.507545] TCP established hash table entries: 32768 (order: 6, 262144 bytes)
[    0.515231] TCP bind hash table entries: 32768 (order: 7, 524288 bytes)
[    0.522349] TCP: Hash tables configured (established 32768 bind 32768)
[    0.529458] UDP hash table entries: 2048 (order: 4, 65536 bytes)
[    0.535720] UDP-Lite hash table entries: 2048 (order: 4, 65536 bytes)
[    0.542575] NET: Registered protocol family 1
[    0.547400] RPC: Registered named UNIX socket transport module.
[    0.553531] RPC: Registered udp transport module.
[    0.558403] RPC: Registered tcp transport module.
[    0.563269] RPC: Registered tcp NFSv4.1 backchannel transport module.
[    0.569997] PCI: CLS 0 bytes, default 128
[    0.574733] kvm [1]: 8-bit VMID
[    0.577997] kvm [1]: IDMAP page: 808ba000
[    0.582142] kvm [1]: HYP VA range: 800000000000:ffffffffffff
[    0.588971] kvm [1]: Hyp mode initialized successfully
[    0.594358] kvm [1]: vgic-v2@50044000
[    0.598255] kvm [1]: vgic interrupt IRQ1
[    0.602333] kvm [1]: virtual timer IRQ4
[    0.608755] futex hash table entries: 1024 (order: 5, 131072 bytes)
[    0.615320] audit: initializing netlink subsys (disabled)
[    0.621020] audit: type=2000 audit(0.547:1): initialized
[    0.621454] workingset: timestamp_bits=46 max_order=20 bucket_order=0
[    0.632970] squashfs: version 4.0 (2009/01/31) Phillip Lougher
[    0.633879] NFS: Registering the id_resolver key type
[    0.633896] Key type id_resolver registered
[    0.633898] Key type id_legacy registered
[    0.633908] nfs4filelayout_init: NFSv4 File Layout Driver Registering...
[    0.634088] 9p: Installing v9fs 9p2000 file system support
[    0.636535] Block layer SCSI generic (bsg) driver version 0.4 loaded (major 247)
[    0.636540] io scheduler noop registered
[    0.636848] io scheduler cfq registered (default)
[    0.654901] tegra-apbdma 60020000.dma: Tegra20 APB DMA driver register 32 channels
[    0.656136] tegra-pmc 7000e400.pmc: i2c-thermtrip node not found, emergency thermal reset disabled.
[    0.656460] xenfs: not registering filesystem on non-xen platform
[    0.661264] Serial: 8250/16550 driver, 4 ports, IRQ sharing enabled
[    0.663275] console [ttyS0] disabled
[    0.715926] 70006000.serial: ttyS0 at MMIO 0x70006000 (irq = 312, base_baud = 25500000) is a Tegra
[    0.725235] console [ttyS0] enabled
[    0.725235] console [ttyS0] enabled
[    0.732325] bootconsole [uart8250] disabled
[    0.732325] bootconsole [uart8250] disabled
[    0.741196] SuperH (H)SCI(F) driver initialized
[    0.745998] msm_serial: driver initialized
[    0.750454] cacheinfo: Unable to detect cache hierarchy for CPU 0
[    0.761409] loop: module loaded
[    0.765406] hisi_sas: driver version v1.6
[    0.772053] libphy: Fixed MDIO Bus: probed
[    0.777003] tun: Universal TUN/TAP device driver, 1.6
[    0.782063] tun: (C) 1999-2004 Max Krasnyansky <maxk@qualcomm.com>
[    0.789295] e1000e: Intel(R) PRO/1000 Network Driver - 3.2.6-k
[    0.795136] e1000e: Copyright(c) 1999 - 2015 Intel Corporation.
[    0.801143] igb: Intel(R) Gigabit Ethernet Network Driver - version 5.4.0-k
[    0.808107] igb: Copyright (c) 2007-2014 Intel Corporation.
[    0.813757] igbvf: Intel(R) Gigabit Virtual Function Network Driver - version 2.4.0-k
[    0.821586] igbvf: Copyright (c) 2009 - 2012 Intel Corporation.
[    0.827586] sky2: driver version 1.30
[    0.831825] VFIO - User Level meta-driver version: 0.3
[    0.838393] ehci_hcd: USB 2.0 'Enhanced' Host Controller (EHCI) Driver
[    0.844922] ehci-pci: EHCI PCI platform driver
[    0.849438] ehci-platform: EHCI generic platform driver
[    0.854778] ehci-exynos: EHCI EXYNOS driver
[    0.859070] ehci-msm: Qualcomm On-Chip EHCI Host Controller
[    0.864736] ohci_hcd: USB 1.1 'Open' Host Controller (OHCI) Driver
[    0.870929] ohci-pci: OHCI PCI platform driver
[    0.875450] ohci-platform: OHCI generic platform driver
[    0.880779] ohci-exynos: OHCI EXYNOS driver
[    0.885458] usbcore: registered new interface driver usb-storage
[    0.892583] mousedev: PS/2 mouse device common for all mice
[    0.899540] tegra_rtc 7000e000.rtc: rtc core: registered 7000e000.rtc as rtc1
[    0.906727] tegra_rtc 7000e000.rtc: Tegra internal Real Time Clock
[    0.913078] i2c /dev entries driver
[    0.919457] sdhci: Secure Digital Host Controller Interface driver
[    0.925644] sdhci: Copyright(c) Pierre Ossman
[    0.930302] Synopsys Designware Multimedia Card Interface Driver
[    0.936949] sdhci-pltfm: SDHCI platform and OF driver helper
[    0.942842] mmc0: Unknown controller version (3). You may experience problems.
[    0.993883] mmc0: SDHCI controller on 700b0600.sdhci [700b0600.sdhci] using ADMA 64-bit
[    1.007807] ledtrig-cpu: registered to indicate activity on CPUs
[    1.015084] usbcore: registered new interface driver usbhid
[    1.020750] usbhid: USB HID core driver
[    1.027462] NET: Registered protocol family 17
[    1.035107] 9pnet: Installing 9P2000 support
[    1.041947] Key type dns_resolver registered
[    1.046853] registered taskstats version 1
[    1.058096] hctosys: unable to open rtc device (rtc0)
[    1.063674] ALSA device list:
[    1.066652]   No soundcards found.
[    1.070309] Waiting for root device PARTUUID=00000000-0001-0000-788f-a75600000000...
[    1.092453] mmc0: new high speed MMC card at address 0001
[    1.098295] mmcblk0: mmc0:0001 SDW16G 14.7 GiB 
[    1.107031] mmcblk0boot0: mmc0:0001 SDW16G partition 1 4.00 MiB
[    1.117153] mmcblk0boot1: mmc0:0001 SDW16G partition 2 4.00 MiB
[    1.123258] mmcblk0rpmb: mmc0:0001 SDW16G partition 3 4.00 MiB
[    1.130891]  mmcblk0: p1 p2 p3 p4 p5 p6 p7 p8 p9 p10 p11 p12 p13 p14 p15 p16 p17 p18
[    1.164253] EXT4-fs (mmcblk0p1): couldn't mount as ext3 due to feature incompatibilities
[    1.187903] EXT4-fs (mmcblk0p1): mounted filesystem with ordered data mode. Opts: (null)
[    1.196023] VFS: Mounted root (ext4 filesystem) on device 179:1.
[    1.207140] devtmpfs: mounted
[    1.210710] Freeing unused kernel memory: 1024K
bash: cannot set terminal process group (-1): Inappropriate ioctl for device
bash: no job contr[    1.369535] random: fast init done
ol in this shell
root@(none):/# 