

U-Boot 2015.04-00466-gedec83e90172 (Mar 14 2016 - 10:42:01)

TEGRA124
Model: Acer Chromebook 13 CB5-311
DRAM:  4 GiB
C:   Tegra SD/MMC: 0, Tegra SD/MMC: 1, Tegra SD/MMC: 2
MMC init failed
Using default environment

In:    serial
Out:   serial
Err:   serial
Net:   Net Initialization Skipped
No ethernet found.
Hit any key to stop autoboot:  2  1  0 
Tegra124 (Nyan-big) # 
Tegra124 (Nyan-big) # usb start
starting USB...
USB0:   USB EHCI 1.10
scanning bus 0 for devices... 2 USB Device(s) found
USB1:   USB EHCI 1.10
scanning bus 1 for devices... 2 USB Device(s) found
       scanning usb for storage devices... 1 Storage Device(s) found
       scanning usb for ethernet devices... 
Warning: asx0 using MAC address from net device
1 Ethernet Device(s) found
Tegra124 (Nyan-big) # mw 0x7000e4a0 0x00080000
Tegra124 (Nyan-big) # setenv bootargs 'ignore_loglevel console=ttyS0,115200n8 rw root=PARTUUID=4d36e82a-b3c0-4b4b-bfcd-afe5217ac023 rootwait gpt debug noinitrd earlyprintk init=/bin/bash'
Tegra124 (Nyan-big) # setenv ipaddr 192.168.100.102; setenv serverip 192.168.100.1; setenv tftpserverip 192.168.100.1
Tegra124 (Nyan-big) # tftpboot 0x82000000 zImage.tegra_defconfig
Using asx0 device
TFTP from server 192.168.100.1; our IP address is 192.168.100.102
Filename 'zImage.tegra_defconfig'.
Load address: 0x82000000
Loading: *#################################################################
	 #################################################################
	 #################################################################
	 #################################################################
	 #################################################################
	 ######################################################
	 3.5 MiB/s
done
Bytes transferred = 5559488 (54d4c0 hex)
Tegra124 (Nyan-big) # tftpboot 0x83000000 tegra124-nyan-big.dtb
Using asx0 device
TFTP from server 192.168.100.1; our IP address is 192.168.100.102
Filename 'tegra124-nyan-big.dtb'.
Load address: 0x83000000
Loading: *#####
	 3.4 MiB/s
done
Bytes transferred = 68155 (10a3b hex)
Tegra124 (Nyan-big) # bootz 0x82000000 - 0x83000000
Kernel image @ 0x82000000 [ 0x000000 - 0x54d4c0 ]
## Flattened Device Tree blob at 83000000
   Booting using the fdt blob at 0x83000000
   Using Device Tree in place at 83000000, end 83013a3a

Starting kernel ...

Uncompressing Linux... done, booting the kernel.
[    0.000000] Booting Linux on physical CPU 0x0
[    0.000000] Linux version 4.11.0-rc2-155355-g4495c08 (pwalmsley@kaivo) (gcc version 4.7.3 20130328 (prerelease) (crosstool-NG linaro-1.13.1-4.7-2013.04-20130415 - Linaro GCC 2013.04) ) #1 SMP PREEMPT Sun Mar 12 15:04:54 PDT 2017
[    0.000000] CPU: ARMv7 Processor [413fc0f3] revision 3 (ARMv7), cr=10c5387d
[    0.000000] CPU: div instructions available: patching division code
[    0.000000] CPU: PIPT / VIPT nonaliasing data cache, PIPT instruction cache
[    0.000000] OF: fdt: Machine model: Acer Chromebook 13 CB5-311
[    0.000000] OF: fdt: Ignoring memory range 0x100000000 - 0x17ffff000
[    0.000000] debug: ignoring loglevel setting.
[    0.000000] bootconsole [earlycon0] enabled
[    0.000000] cma: Reserved 64 MiB at 0xfbc00000
[    0.000000] Memory policy: Data cache writealloc
[    0.000000] On node 0 totalpages: 524287
[    0.000000] free_area_init_node: node 0, pgdat c0d5de40, node_mem_map eeff7000
[    0.000000]   Normal zone: 1536 pages used for memmap
[    0.000000]   Normal zone: 0 pages reserved
[    0.000000]   Normal zone: 196608 pages, LIFO batch:31
[    0.000000]   HighMem zone: 327679 pages, LIFO batch:31
[    0.000000] percpu: Embedded 16 pages/cpu @eef84000 s34368 r8192 d22976 u65536
[    0.000000] pcpu-alloc: s34368 r8192 d22976 u65536 alloc=16*4096
[    0.000000] pcpu-alloc: [0] 0 [0] 1 [0] 2 [0] 3 
[    0.000000] Built 1 zonelists in Zone order, mobility grouping on.  Total pages: 522751
[    0.000000] Kernel command line: ignore_loglevel console=ttyS0,115200n8 rw root=PARTUUID=4d36e82a-b3c0-4b4b-bfcd-afe5217ac023 rootwait gpt debug noinitrd earlyprintk init=/bin/bash
[    0.000000] PID hash table entries: 4096 (order: 2, 16384 bytes)
[    0.000000] Dentry cache hash table entries: 131072 (order: 7, 524288 bytes)
[    0.000000] Inode-cache hash table entries: 65536 (order: 6, 262144 bytes)
[    0.000000] Memory: 2000888K/2097148K available (8192K kernel code, 380K rwdata, 2492K rodata, 1024K init, 305K bss, 30724K reserved, 65536K cma-reserved, 1245180K highmem)
[    0.000000] Virtual kernel memory layout:
[    0.000000]     vector  : 0xffff0000 - 0xffff1000   (   4 kB)
[    0.000000]     fixmap  : 0xffc00000 - 0xfff00000   (3072 kB)
[    0.000000]     vmalloc : 0xf0800000 - 0xff800000   ( 240 MB)
[    0.000000]     lowmem  : 0xc0000000 - 0xf0000000   ( 768 MB)
[    0.000000]     pkmap   : 0xbfe00000 - 0xc0000000   (   2 MB)
[    0.000000]     modules : 0xbf000000 - 0xbfe00000   (  14 MB)
[    0.000000]       .text : 0xc0008000 - 0xc0900000   (9184 kB)
[    0.000000]       .init : 0xc0c00000 - 0xc0d00000   (1024 kB)
[    0.000000]       .data : 0xc0d00000 - 0xc0d5f320   ( 381 kB)
[    0.000000]        .bss : 0xc0d61000 - 0xc0dad40c   ( 306 kB)
[    0.000000] Preemptible hierarchical RCU implementation.
[    0.000000] 	Build-time adjustment of leaf fanout to 32.
[    0.000000] NR_IRQS:16 nr_irqs:16 16
[    0.000000] /interrupt-controller@60004000: 160 interrupts forwarded to /interrupt-controller@50041000
[    0.000000] Tegra clk 127: register failed with -17
[    0.000003] sched_clock: 32 bits at 1000kHz, resolution 1000ns, wraps every 2147483647500ns
[    0.008112] clocksource: timer_us: mask: 0xffffffff max_cycles: 0xffffffff, max_idle_ns: 1911260446275 ns
[    0.017728] Switching to timer-based delay loop, resolution 1000ns
[    0.024405] arm_arch_timer: Architected cp15 timer(s) running at 12.00MHz (virt).
[    0.031509] clocksource: arch_sys_counter: mask: 0xffffffffffffff max_cycles: 0x2c47f4ee7, max_idle_ns: 440795202497 ns
[    0.042342] sched_clock: 56 bits at 12MHz, resolution 83ns, wraps every 4398046511096ns
[    0.050400] Switching to timer-based delay loop, resolution 83ns
[    0.056645] Console: colour dummy device 80x30
[    0.060981] Calibrating delay loop (skipped), value calculated using timer frequency.. 24.00 BogoMIPS (lpj=120000)
[    0.071379] pid_max: default: 32768 minimum: 301
[    0.076231] Mount-cache hash table entries: 2048 (order: 1, 8192 bytes)
[    0.082733] Mountpoint-cache hash table entries: 2048 (order: 1, 8192 bytes)
[    0.090143] CPU: Testing write buffer coherency: ok
[    0.094910] /cpus/cpu@0 missing clock-frequency property
[    0.100157] /cpus/cpu@1 missing clock-frequency property
[    0.105539] /cpus/cpu@2 missing clock-frequency property
[    0.110903] /cpus/cpu@3 missing clock-frequency property
[    0.116273] CPU0: thread -1, cpu 0, socket 0, mpidr 80000000
[    0.146300] Setting up static identity map for 0x80100000 - 0x80100098
[    0.176504] Tegra Revision: A01 SKU: 131 CPU Process: 1 SoC Process: 1
[    0.181506] smp: Bringing up secondary CPUs ...
[    0.226595] CPU1: thread -1, cpu 1, socket 0, mpidr 80000001
[    0.306630] CPU2: thread -1, cpu 2, socket 0, mpidr 80000002
[    0.386669] CPU3: thread -1, cpu 3, socket 0, mpidr 80000003
[    0.396425] smp: Brought up 1 node, 4 CPUs
[    0.415850] SMP: Total of 4 processors activated (96.00 BogoMIPS).
[    0.422092] CPU: All CPU(s) started in SVC mode.
[    0.427449] devtmpfs: initialized
[    0.438187] VFP support v0.3: implementor 41 architecture 4 part 30 variant f rev 0
[    0.444139] clocksource: jiffies: mask: 0xffffffff max_cycles: 0xffffffff, max_idle_ns: 19112604462750000 ns
[    0.453896] futex hash table entries: 1024 (order: 4, 65536 bytes)
[    0.460645] pinctrl core: initialized pinctrl subsystem
[    0.465913] NET: Registered protocol family 16
[    0.470467] DMA: preallocated 256 KiB pool for atomic coherent allocations
[    0.477423] cpuidle: using governor menu
[    0.489881] No ATAGs?
[    0.489940] hw-breakpoint: found 5 (+1 reserved) breakpoint and 4 watchpoint registers.
[    0.498455] hw-breakpoint: maximum watchpoint size is 8 bytes.
[    0.505269] tegra-mc 70019000.memory-controller: no memory timings for RAM code 0 registered
[    0.518957] +5V_SYS: supplied by +VDD_MUX
[    0.521258] +3.3V_SYS: supplied by +VDD_MUX
[    0.525647] +VDD_LED: Failed to request enable GPIO122: -517
[    0.531103] reg-fixed-voltage regulators:regulator@5: Failed to register regulator: -517
[    0.539287] +5V_VDD_TS_SW: Failed to request enable GPIO81: -517
[    0.545316] reg-fixed-voltage regulators:regulator@6: Failed to register regulator: -517
[    0.553498] +5V_USB_HS: Failed to request enable GPIO108: -517
[    0.559356] reg-fixed-voltage regulators:regulator@7: Failed to register regulator: -517
[    0.567538] +5V_USB_SS: Failed to request enable GPIO109: -517
[    0.573395] reg-fixed-voltage regulators:regulator@8: Failed to register regulator: -517
[    0.581630] +1.05V_RUN_AVDD_HDMI_PLL: Failed to request enable GPIO63: -517
[    0.588562] reg-fixed-voltage regulators:regulator@11: Failed to register regulator: -517
[    0.596830] +5V_HDMI_CON: Failed to request enable GPIO86: -517
[    0.602776] reg-fixed-voltage regulators:regulator@12: Failed to register regulator: -517
[    0.611464] vgaarb: loaded
[    0.614050] SCSI subsystem initialized
[    0.617682] libata version 3.00 loaded.
[    0.621626] usbcore: registered new interface driver usbfs
[    0.627071] usbcore: registered new interface driver hub
[    0.632455] usbcore: registered new device driver usb
[    0.638707] Linux video capture interface: v2.00
[    0.642233] pps_core: LinuxPPS API ver. 1 registered
[    0.647241] pps_core: Software ver. 5.3.6 - Copyright 2005-2007 Rodolfo Giometti <giometti@linux.it>
[    0.656434] PTP clock support registered
[    0.660561] tegra-emc 7001b000.emc: no memory timings for RAM code 0 found in DT
[    0.667867] tegra-emc: probe of 7001b000.emc failed with error -2
[    0.674133] Advanced Linux Sound Architecture Driver Initialized.
[    0.680448] Bluetooth: Core ver 2.22
[    0.683827] NET: Registered protocol family 31
[    0.688322] Bluetooth: HCI device and connection manager initialized
[    0.694730] Bluetooth: HCI socket layer initialized
[    0.699674] Bluetooth: L2CAP socket layer initialized
[    0.704797] Bluetooth: SCO socket layer initialized
[    0.710199] clocksource: Switched to clocksource arch_sys_counter
[    0.720815] NET: Registered protocol family 2
[    0.723768] TCP established hash table entries: 8192 (order: 3, 32768 bytes)
[    0.730487] TCP bind hash table entries: 8192 (order: 4, 65536 bytes)
[    0.737005] TCP: Hash tables configured (established 8192 bind 8192)
[    0.743542] UDP hash table entries: 512 (order: 2, 16384 bytes)
[    0.749352] UDP-Lite hash table entries: 512 (order: 2, 16384 bytes)
[    0.755879] NET: Registered protocol family 1
[    0.760445] RPC: Registered named UNIX socket transport module.
[    0.766153] RPC: Registered udp transport module.
[    0.770928] RPC: Registered tcp transport module.
[    0.775685] RPC: Registered tcp NFSv4.1 backchannel transport module.
[    0.782193] PCI: CLS 0 bytes, default 64
[    0.786911] hw perfevents: enabled with armv7_cortex_a15 PMU driver, 7 counters available
[    0.795259] workingset: timestamp_bits=30 max_order=19 bucket_order=0
[    0.801490] squashfs: version 4.0 (2009/01/31) Phillip Lougher
[    0.807075] NFS: Registering the id_resolver key type
[    0.811950] Key type id_resolver registered
[    0.816159] Key type id_legacy registered
[    0.821760] bounce: pool size: 64 pages
[    0.824134] io scheduler noop registered (default)
[    0.828986] io scheduler mq-deadline registered
[    0.834289] tegra-xusb-padctl 7009f000.padctl: failed to setup XUSB ports: -517
[    0.846756] tegra-apbdma 60020000.dma: Tegra20 APB DMA driver register 32 channels
[    0.852773] tegra-pmc 7000e400.pmc: i2c-thermtrip node not found, emergency thermal reset disabled.
[    0.861799] Serial: 8250/16550 driver, 4 ports, IRQ sharing disabled
[    0.868719] console [ttyS0] disabled
[    0.871674] 70006000.serial: ttyS0 at MMIO 0x70006000 (irq = 333, base_baud = 25500000) is a Tegra
[    0.880679] console [ttyS0] enabled
[    0.880679] console [ttyS0] enabled
[    0.886986] bootconsole [earlycon0] disabled
[    0.886986] bootconsole [earlycon0] disabled
[    0.896721] tegra-hdmi 54280000.hdmi: failed to get HDMI regulator
[    0.904693] tegra-dpaux 545c0000.dpaux: failed to get VDD supply: -517
[    0.912008] panel-simple panel: panel supply power not found, using dummy regulator
[    0.923806] loop: module loaded
[    0.927498] as3722 4-0040: AS3722 with revision 0x1 found
[    0.937626] as3722-sd2: supplied by +5V_SYS
[    0.942072] as3722-sd3: supplied by +5V_SYS
[    0.946410] +1.35V_LP0(sd3): Bringing 0uV into 1350000-1350000uV
[    0.952617] as3722-sd4: supplied by +5V_SYS
[    0.956951] +1.05V_RUN: Bringing 0uV into 1050000-1050000uV
[    0.962718] as3722-sd5: supplied by +5V_SYS
[    0.968337] as3722-ldo0: supplied by +1.35V_LP0(sd2)
[    0.974107] +1.8V_RUN_CAM: Bringing 0uV into 1800000-1800000uV
[    0.980140] as3722-ldo2: supplied by +1.8V_VDDIO
[    0.985786] as3722-ldo3: supplied by +3.3V_SYS
[    0.990244] +1.00V_LP0_VDD_RTC: Bringing 1100000uV into 1000000-1000000uV
[    0.997834] as3722-ldo4: supplied by +3.3V_SYS
[    1.002445] +3.3V_RUN_CAM: Bringing 0uV into 2800000-2800000uV
[    1.008473] as3722-ldo5: supplied by +1.8V_VDDIO
[    1.013253] +1.2V_RUN_CAM_FRONT: Bringing 0uV into 1200000-1200000uV
[    1.019957] +VDDIO_SDMMC3: Bringing 0uV into 1800000-1800000uV
[    1.026009] as3722-ldo7: supplied by +1.8V_VDDIO
[    1.030790] +1.05V_RUN_CAM_REAR: Bringing 0uV into 1050000-1050000uV
[    1.037352] as3722-ldo9: supplied by +5V_SYS
[    1.041932] +2.8V_RUN_TOUCH: Bringing 0uV into 2800000-2800000uV
[    1.048150] as3722-ldo10: supplied by +5V_SYS
[    1.052666] +2.8V_RUN_CAM_AF: Bringing 0uV into 2800000-2800000uV
[    1.059123] +1.8V_RUN_VPP_FUSE: Bringing 0uV into 1800000-1800000uV
[    1.082342] cros-ec-spi spi32766.0: packet too long (249 bytes, expected 4)
[    1.097866] cros-ec-spi spi32766.0: Chrome EC device registered
[    1.106962] random: fast init done
[    1.112967] m25p80 spi32765.0: w25q32dw (4096 Kbytes)
[    1.118834] libphy: Fixed MDIO Bus: probed
[    1.122943] CAN device driver interface
[    1.126788] igb: Intel(R) Gigabit Ethernet Network Driver - version 5.4.0-k
[    1.133738] igb: Copyright (c) 2007-2014 Intel Corporation.
[    1.139351] pegasus: v0.9.3 (2013/04/25), Pegasus/Pegasus II USB Ethernet driver
[    1.146775] usbcore: registered new interface driver pegasus
[    1.152464] usbcore: registered new interface driver asix
[    1.157870] usbcore: registered new interface driver ax88179_178a
[    1.163983] usbcore: registered new interface driver cdc_ether
[    1.169827] usbcore: registered new interface driver smsc75xx
[    1.175593] usbcore: registered new interface driver smsc95xx
[    1.181358] usbcore: registered new interface driver net1080
[    1.187026] usbcore: registered new interface driver cdc_subset
[    1.192957] usbcore: registered new interface driver zaurus
[    1.198543] usbcore: registered new interface driver cdc_ncm
[    1.204284] ehci_hcd: USB 2.0 'Enhanced' Host Controller (EHCI) Driver
[    1.210801] ehci-pci: EHCI PCI platform driver
[    1.215253] tegra-ehci: Tegra EHCI driver
[    1.219510] usbcore: registered new interface driver cdc_acm
[    1.225161] cdc_acm: USB Abstract Control Model driver for USB modems and ISDN adapters
[    1.233175] usbcore: registered new interface driver cdc_wdm
[    1.238847] usbcore: registered new interface driver usb-storage
[    1.245025] input: cros_ec as /devices/soc0/7000d400.spi/spi_master/spi32766/spi32766.0/7000d400.spi:cros-ec@0:keyboard-controller/input/input0
[    1.265086] as3722-rtc as3722-rtc: rtc core: registered as3722-rtc as rtc0
[    1.271952] as3722-rtc as3722-rtc: RTC interrupt 372
[    1.278670] tegra_rtc 7000e000.rtc: rtc core: registered 7000e000.rtc as rtc1
[    1.285820] tegra_rtc 7000e000.rtc: Tegra internal Real Time Clock
[    1.292096] i2c /dev entries driver
[    1.296051] usbcore: registered new interface driver uvcvideo
[    1.301798] USB Video Class driver (1.1.1)
[    1.305881] gspca_main: v2.14.0 registered
[    1.310199] lm90 0-004c: 0-004c supply vcc not found, using dummy regulator
[    1.318855] tegra-wdt 60005000.timer: initialized (heartbeat = 120 sec, nowayout = 0)
[    1.327161] sdhci: Secure Digital Host Controller Interface driver
[    1.333344] sdhci: Copyright(c) Pierre Ossman
[    1.337688] sdhci-pltfm: SDHCI platform and OF driver helper
[    1.343451] sdhci-tegra 700b0000.sdhci: allocated mmc-pwrseq
[    1.349220] sdhci-tegra 700b0400.sdhci: Got CD GPIO
[    1.354110] sdhci-tegra 700b0400.sdhci: Got WP GPIO
[    1.359101] mmc0: Unknown controller version (3). You may experience problems.
[    1.366346] mmc0: Invalid maximum block size, assuming 512 bytes
[    1.430233] mmc0: SDHCI controller on 700b0600.sdhci [700b0600.sdhci] using ADMA
[    1.437939] usbcore: registered new interface driver usbhid
[    1.445620] usbhid: USB HID core driver
[    1.455165] tegra30-i2s 70301100.i2s: DMA channels sourced from device 70300000.ahub
[    1.500710] max98090 0-0010: MAX98090 REVID=0x43
[    1.508297] max98090 0-0010: use default 2.8v micbias
[    1.515695] tegra-snd-max98090 sound: HiFi <-> 70301100.i2s mapping ok
[    1.523309] input: GoogleNyanBig Headphones as /devices/soc0/sound/sound/card1/input1
[    1.531307] input: GoogleNyanBig Mic Jack as /devices/soc0/sound/sound/card1/input2
[    1.540660] NET: Registered protocol family 10
[    1.545617] Segment Routing with IPv6
[    1.549369] mip6: Mobile IPv6
[    1.552386] mmc0: new high speed MMC card at address 0001
[    1.558042] mmcblk0: mmc0:0001 MMC16G 14.4 GiB 
[    1.562578] sit: IPv6, IPv4 and MPLS over IPv4 tunneling driver
[    1.569095] NET: Registered protocol family 17
[    1.572787] mmcblk0boot0: mmc0:0001 MMC16G partition 1 2.00 MiB
[    1.572966] mmcblk0boot1: mmc0:0001 MMC16G partition 2 2.00 MiB
[    1.573121] mmcblk0rpmb: mmc0:0001 MMC16G partition 3 128 KiB
[    1.576215]  mmcblk0: p1 p2 p3 p4 p5 p6 p7 p8 p9 p10 p11 p12
[    1.596748] NET: Registered protocol family 15
[    1.601193] can: controller area network core (rev 20120528 abi 9)
[    1.607408] NET: Registered protocol family 29
[    1.611846] can: raw protocol (rev 20120528)
[    1.616104] can: broadcast manager protocol (rev 20161123 t)
[    1.621761] can: netlink gateway (rev 20130117) max_hops=1
[    1.627305] Bluetooth: RFCOMM socket layer initialized
[    1.632447] Bluetooth: RFCOMM ver 1.11
[    1.636188] Bluetooth: BNEP (Ethernet Emulation) ver 1.3
[    1.641491] Bluetooth: BNEP socket layer initialized
[    1.646441] Bluetooth: HIDP (Human Interface Emulation) ver 1.2
[    1.652352] Bluetooth: HIDP socket layer initialized
[    1.657398] Key type dns_resolver registered
[    1.661881] Registering SWP/SWPB emulation handler
[    1.673038] +3.3V_RUN: supplied by +3.3V_SYS
[    1.677979] +VDD_LED: supplied by +VDD_MUX
[    1.682291] +3.3V_AVDD_HDMI_AP_GATED: supplied by +3.3V_RUN
[    1.687890] +1.8V_RUN_CAM: supplied by +3.3V_RUN
[    1.692568] +VDDIO_SDMMC3: supplied by +3.3V_RUN
[    1.697210] +1.8V_RUN_VPP_FUSE: supplied by +3.3V_RUN
[    1.702443] +5V_VDD_TS_SW: supplied by +5V_SYS
[    1.707041] +5V_USB_HS: supplied by +5V_SYS
[    1.711384] +5V_USB_SS: supplied by +5V_SYS
[    1.716380] +3.3V_PANEL: supplied by +3.3V_RUN
[    1.721896] +3.3V_LP0: supplied by +3.3V_SYS
[    1.726861] +1.05V_RUN_AVDD_HDMI_PLL: supplied by +1.05V_RUN
[    1.732799] +5V_HDMI_CON: supplied by +5V_SYS
[    1.737806]  usb3-0: usb3-0 supply vbus not found, using dummy regulator
[    1.744554]  usb3-1: usb3-1 supply vbus not found, using dummy regulator
[    1.753639] tegra-sor 54540000.sor: failed to probe output: -517
[    1.759779] panel-simple panel: panel supply power not found, using dummy regulator
[    1.830920] tegra-xusb 70090000.usb: Firmware timestamp: 2014-09-16 02:10:07 UTC
[    1.838315] tegra-xusb 70090000.usb: xHCI Host Controller
[    1.843726] tegra-xusb 70090000.usb: new USB bus registered, assigned bus number 1
[    1.853324] tegra-xusb 70090000.usb: hcc params 0x0184f525 hci version 0x100 quirks 0x00010010
[    1.861952] tegra-xusb 70090000.usb: irq 344, io mem 0x70090000
[    1.868504] hub 1-0:1.0: USB hub found
[    1.872350] hub 1-0:1.0: 6 ports detected
[    1.876770] tegra-xusb 70090000.usb: xHCI Host Controller
[    1.882199] tegra-xusb 70090000.usb: new USB bus registered, assigned bus number 2
[    1.889889] usb usb2: We don't know the algorithms for LPM for this host, disabling LPM.
[    1.898618] hub 2-0:1.0: USB hub found
[    1.902434] hub 2-0:1.0: 2 ports detected
[    1.907433] sdhci-tegra 700b0000.sdhci: allocated mmc-pwrseq
[    1.913303] mmc1: Unknown controller version (3). You may experience problems.
[    1.920592] mmc1: Invalid maximum block size, assuming 512 bytes
[    1.927025] mmc1: Switching to 3.3V signalling voltage failed
[    1.990286] mmc1: SDHCI controller on 700b0000.sdhci [700b0000.sdhci] using ADMA
[    1.997853] sdhci-tegra 700b0400.sdhci: Got CD GPIO
[    2.002770] sdhci-tegra 700b0400.sdhci: Got WP GPIO
[    2.007755] mmc2: Unknown controller version (3). You may experience problems.
[    2.015011] mmc2: Invalid maximum block size, assuming 512 bytes
[    2.060604] mmc1: new high speed SDIO card at address 0001
[    2.080321] mmc2: SDHCI controller on 700b0400.sdhci [700b0400.sdhci] using ADMA
[    2.187862] [drm] Supports vblank timestamp caching Rev 2 (21.10.2013).
[    2.194485] [drm] No driver support for vblank timestamp query.
[    2.211707] input: tegra-hda HDMI/DP,pcm=3 as /devices/soc0/70030000.hda/sound/card0/input3
[    2.230277] usb 1-2: new high-speed USB device number 2 using tegra-xusb
[    2.242938] mmc2: new high speed SDHC card at address 0007
[    2.243602] mmcblk2: mmc2:0007 SD08G 7.42 GiB 
[    2.252163] GPT:Primary header alternate_lba != Alt. header my_lba
[    2.252167] GPT:3014591 != 15564799
[    2.252169] GPT:Primary header thinks Alt. header is not at the end of the disk.
[    2.252170] GPT:3014591 != 15564799
[    2.252171] GPT: Use GNU Parted to correct GPT errors.
[    2.252197]  mmcblk2: p1 p2 p3 p4 p5 p6 p7 p8 p9 p10 p11 p12
[    2.291657] Console: switching to colour frame buffer device 170x48
[    2.362428] drm drm: fb0:  frame buffer device
[    2.366920] [drm] Initialized tegra 0.0.0 20120330 for drm on minor 0
[    2.373977] input: gpio-keys as /devices/soc0/gpio-keys/input/input4
[    2.381458] as3722-rtc as3722-rtc: setting system clock to 2000-01-01 00:01:49 UTC (946684909)
[    2.390471] +1.8V_RUN_CAM: disabling
[    2.394267] +1.2V_RUN_CAM_FRONT: disabling
[    2.398540] +1.05V_RUN_CAM_REAR: disabling
[    2.402914] +2.8V_RUN_TOUCH: disabling
[    2.406843] +2.8V_RUN_CAM_AF: disabling
[    2.410922] +1.8V_RUN_VPP_FUSE: disabling
[    2.415150] +5V_VDD_TS_SW: disabling
[    2.418775] ALSA device list:
[    2.421793]   #0: tegra-hda at 0x70038000 irq 343
[    2.426485]   #1: GoogleNyanBig
[    2.430417] EXT4-fs (mmcblk0p3): couldn't mount as ext3 due to feature incompatibilities
[    2.554636] uvcvideo: Found UVC 1.00 device HD WebCam (1bcf:2c67)
[    2.569545] input: HD WebCam as /devices/soc0/70090000.usb/usb1/1-2/1-2:1.0/input/input5
[    2.910287] usb 1-3: new high-speed USB device number 3 using tegra-xusb
[    2.958293] EXT4-fs (mmcblk0p3): recovery complete
[    2.963852] EXT4-fs (mmcblk0p3): mounted filesystem with ordered data mode. Opts: (null)
[    2.971993] VFS: Mounted root (ext4 filesystem) on device 179:3.
[    2.979157] devtmpfs: mounted
[    2.982641] Freeing unused kernel memory: 1024K
bash: cannot set terminal process group (-1): Inappropriate ioctl for device
bash: no job control in this shell
root@(none):/# [    3.559804] asix 1-3:1.0 eth0: register 'asix' at usb-70090000.usb-3, ASIX AX88772 USB 2.0 Ethernet, c8:d7:19:90:fa:65
mount -t sysfs none /sys
root@(none):/# 
root@(none):/# [    3.910319] usb 1-1: new high-speed USB device number 4 using tegra-xusb
[    4.088785] usb-storage 1-1:1.0: USB Mass Storage device detected
[    4.095623] scsi host0: usb-storage 1-1:1.0
mount -t debugfs none /sys/kernel/debug
root@(none):/# 
root@(none):/# [    5.162327] scsi 0:0:0:0: Direct-Access     SanDisk  SDDR-113         9412 PQ: 0 ANSI: 0
[    5.335114] sd 0:0:0:0: [sda] 15523840 512-byte logical blocks: (7.95 GB/7.40 GiB)
[    5.343982] sd 0:0:0:0: [sda] Write Protect is off
[    5.348774] sd 0:0:0:0: [sda] Mode Sense: 03 00 00 00
[    5.354725] sd 0:0:0:0: [sda] No Caching mode page found
[    5.360029] sd 0:0:0:0: [sda] Assuming drive cache: write through
[    5.384744]  sda: sda1 sda2 sda3 sda4 sda5 sda6 sda7 sda8 sda9 sda10 sda11 sda12 sda13
[    5.397396] sd 0:0:0:0: [sda] Attached SCSI removable disk
rtcwake -d rtc1 -m mem -s 3
rtcwake: assuming RTC uses UTC ...
rtcwake: wakeup from "mem" using /dev/rtc1 at Thu Jan  1 00:00:28 1970
[    5.727081] PM: Syncing filesystems ... done.
[    5.733403] Freezing user space processes ... (elapsed 0.001 seconds) done.
[    5.734513] Freezing remaining freezable tasks ... (elapsed 0.001 seconds) done.
[    5.735708] Suspending console(s) (use no_console_suspend to debug)
[    5.961645] PM: suspend of devices complete after 199.581 msecs
[    5.962653] PM: late suspend of devices complete after 0.999 msecs
[    5.963405] PM: noirq suspend of devices complete after 0.748 msecs
[    5.963408] Disabling non-boot CPUs ...
[    6.140559] IRQ17 no longer affine to CPU2
[    6.281949] Entering suspend state LP1
[    6.281949] Suspended for 2.794 seconds
[    6.281973] Enabling non-boot CPUs ...
[    6.312082] CPU1 is up
[    6.351985] CPU2 is up
[    6.392250] CPU3 is up
[    6.392669] PM: noirq resume of devices complete after 0.414 msecs
[    6.394018] PM: early resume of devices complete after 0.855 msecs
[    6.451146] mmc1: Switching to 3.3V signalling voltage failed
[    6.660548] usb 1-1: reset high-speed USB device number 4 using tegra-xusb
[    6.710194] tegra-sor 54540000.sor: failed to attach SOR: -110
[    6.992788] PM: resume of devices complete after 598.761 msecs
[    7.074634] Restarting tasks ... done.
root@(none):/# 
root@(none):/# rtcwake -d rtc1 -m mem -s 3
rtcwake: assuming RTC uses UTC ...
rtcwake: wakeup from "mem" using /dev/rtc1 at Thu Jan  1 00:00:33 1970
[    7.950070] PM: Syncing filesystems ... done.
[    7.955786] Freezing user space processes ... (elapsed 0.001 seconds) done.
[    7.957014] Freezing remaining freezable tasks ... (elapsed 0.001 seconds) done.
[    7.958246] Suspending console(s) (use no_console_suspend to debug)
[    8.201621] PM: suspend of devices complete after 208.705 msecs
[    8.202918] PM: late suspend of devices complete after 1.287 msecs
[    8.203665] PM: noirq suspend of devices complete after 0.742 msecs
[    8.203668] Disabling non-boot CPUs ...
[    8.501865] Entering suspend state LP1
[    8.501865] Suspended for 2.779 seconds
[    8.501889] Enabling non-boot CPUs ...
[    8.532103] CPU1 is up
[    8.571951] CPU2 is up
[    8.612228] CPU3 is up
[    8.612657] PM: noirq resume of devices complete after 0.424 msecs
[    8.614297] PM: early resume of devices complete after 1.126 msecs
[    8.671310] mmc1: Switching to 3.3V signalling voltage failed
[    8.930201] tegra-sor 54540000.sor: failed to attach SOR: -110
[    9.204284] PM: resume of devices complete after 589.978 msecs
[    9.275312] Restarting tasks ... done.
root@(none):/# 
root@(none):/# rtcwake -d rtc1 -m mem -s 3
rtcwake: assuming RTC uses UTC ...
rtcwake: wakeup from "mem" using /dev/rtc1 at Thu Jan  1 00:00:38 1970
[   10.169272] PM: Syncing filesystems ... done.
[   10.174820] Freezing user space processes ... (elapsed 0.001 seconds) done.
[   10.176036] Freezing remaining freezable tasks ... (elapsed 0.001 seconds) done.
[   10.177278] Suspending console(s) (use no_console_suspend to debug)
[   10.421582] PM: suspend of devices complete after 208.402 msecs
[   10.422548] PM: late suspend of devices complete after 0.957 msecs
[   10.423385] PM: noirq suspend of devices complete after 0.832 msecs
[   10.423387] Disabling non-boot CPUs ...
[   10.711750] Entering suspend state LP1
[   10.711750] Suspended for 2.789 seconds
[   10.711774] Enabling non-boot CPUs ...
[   10.742061] CPU1 is up
[   10.781922] CPU2 is up
[   10.822189] CPU3 is up
[   10.822614] PM: noirq resume of devices complete after 0.420 msecs
[   10.824130] PM: early resume of devices complete after 1.014 msecs
[   10.881445] mmc1: Switching to 3.3V signalling voltage failed
[   11.140129] tegra-sor 54540000.sor: failed to attach SOR: -110
[   11.412701] PM: resume of devices complete after 588.561 msecs
[   11.483629] Restarting tasks ... done.
root@(none):/# 
root@(none):/# rtcwake -d rtc1 -m mem -s 3
rtcwake: assuming RTC uses UTC ...
rtcwake: wakeup from "mem" using /dev/rtc1 at Thu Jan  1 00:00:43 1970
[   12.380004] PM: Syncing filesystems ... done.
[   12.385721] Freezing user space processes ... (elapsed 0.001 seconds) done.
[   12.386951] Freezing remaining freezable tasks ... (elapsed 0.001 seconds) done.
[   12.388188] Suspending console(s) (use no_console_suspend to debug)
[   12.631552] PM: suspend of devices complete after 208.173 msecs
[   12.632709] PM: late suspend of devices complete after 1.147 msecs
[   12.633509] PM: noirq suspend of devices complete after 0.795 msecs
[   12.633511] Disabling non-boot CPUs ...
[   12.931773] Entering suspend state LP1
[   12.931773] Suspended for 2.779 seconds
[   12.931796] Enabling non-boot CPUs ...
[   12.962062] CPU1 is up
[   13.001900] CPU2 is up
[   13.042175] CPU3 is up
[   13.042610] PM: noirq resume of devices complete after 0.429 msecs
[   13.044203] PM: early resume of devices complete after 1.087 msecs
[   13.101250] mmc1: Switching to 3.3V signalling voltage failed
[   13.310458] usb 1-1: reset high-speed USB device number 4 using tegra-xusb
[   13.360121] tegra-sor 54540000.sor: failed to attach SOR: -110
[   13.632122] PM: resume of devices complete after 587.910 msecs
[   13.709875] Restarting tasks ... done.
root@(none):/# 
root@(none):/# rtcwake -d rtc1 -m mem -s 3
rtcwake: assuming RTC uses UTC ...
rtcwake: wakeup from "mem" using /dev/rtc1 at Thu Jan  1 00:00:48 1970
[   14.599972] PM: Syncing filesystems ... done.
[   14.605696] Freezing user space processes ... (elapsed 0.001 seconds) done.
[   14.606925] Freezing remaining freezable tasks ... (elapsed 0.001 seconds) done.
[   14.608161] Suspending console(s) (use no_console_suspend to debug)
[   14.851537] PM: suspend of devices complete after 208.445 msecs
[   14.852821] PM: late suspend of devices complete after 1.275 msecs
[   14.853570] PM: noirq suspend of devices complete after 0.744 msecs
[   14.853572] Disabling non-boot CPUs ...
[   15.141730] Entering suspend state LP1
[   15.141730] Suspended for 2.789 seconds
[   15.141754] Enabling non-boot CPUs ...
[   15.172023] CPU1 is up
[   15.211876] CPU2 is up
[   15.252151] CPU3 is up
[   15.252559] PM: noirq resume of devices complete after 0.404 msecs
[   15.254207] PM: early resume of devices complete after 1.142 msecs
[   15.311273] mmc1: Switching to 3.3V signalling voltage failed
[   15.520366] usb 1-1: reset high-speed USB device number 4 using tegra-xusb
[   15.570106] tegra-sor 54540000.sor: failed to attach SOR: -110
[   15.844115] PM: resume of devices complete after 589.899 msecs
[   15.922008] Restarting tasks ... done.
root@(none):/# 
root@(none):/# rtcwake -d rtc1 -m mem -s 3
rtcwake: assuming RTC uses UTC ...
rtcwake: wakeup from "mem" using /dev/rtc1 at Thu Jan  1 00:00:53 1970
[   16.809840] PM: Syncing filesystems ... done.
[   16.815478] Freezing user space processes ... (elapsed 0.001 seconds) done.
[   16.816608] Freezing remaining freezable tasks ... (elapsed 0.001 seconds) done.
[   16.817836] Suspending console(s) (use no_console_suspend to debug)
[   17.061492] PM: suspend of devices complete after 208.330 msecs
[   17.062787] PM: late suspend of devices complete after 1.286 msecs
[   17.063533] PM: noirq suspend of devices complete after 0.741 msecs
[   17.063535] Disabling non-boot CPUs ...
[   17.371645] Entering suspend state LP1
[   17.371645] Suspended for 2.769 seconds
[   17.371669] Enabling non-boot CPUs ...
[   17.401996] CPU1 is up
[   17.441836] CPU2 is up
[   17.482104] CPU3 is up
[   17.482517] PM: noirq resume of devices complete after 0.408 msecs
[   17.484053] PM: early resume of devices complete after 1.036 msecs
[   17.541249] mmc1: Switching to 3.3V signalling voltage failed
[   17.750398] usb 1-1: reset high-speed USB device number 4 using tegra-xusb
[   17.800053] tegra-sor 54540000.sor: failed to attach SOR: -110
[   18.073452] PM: resume of devices complete after 589.390 msecs
[   18.151311] Restarting tasks ... done.
root@(none):/# 
root@(none):/# rtcwake -d rtc1 -m mem -s 3
rtcwake: assuming RTC uses UTC ...
rtcwake: wakeup from "mem" using /dev/rtc1 at Thu Jan  1 00:00:58 1970
[   19.039153] PM: Syncing filesystems ... done.
[   19.044710] Freezing user space processes ... (elapsed 0.001 seconds) done.
[   19.045836] Freezing remaining freezable tasks ... (elapsed 0.001 seconds) done.
[   19.047066] Suspending console(s) (use no_console_suspend to debug)
[   19.291464] PM: suspend of devices complete after 208.468 msecs
[   19.292730] PM: late suspend of devices complete after 1.258 msecs
[   19.293582] PM: noirq suspend of devices complete after 0.846 msecs
[   19.293584] Disabling non-boot CPUs ...
[   19.591608] Entering suspend state LP1
[   19.591608] Suspended for 2.779 seconds
[   19.591632] Enabling non-boot CPUs ...
[   19.621969] CPU1 is up
[   19.661810] CPU2 is up
[   19.702091] CPU3 is up
[   19.702493] PM: noirq resume of devices complete after 0.396 msecs
[   19.704156] PM: early resume of devices complete after 1.150 msecs
[   19.761371] mmc1: Switching to 3.3V signalling voltage failed
[   20.020046] tegra-sor 54540000.sor: failed to attach SOR: -110
[   20.302622] PM: resume of devices complete after 598.457 msecs
[   20.373531] Restarting tasks ... done.
root@(none):/# 
root@(none):/# rtcwake -d rtc1 -m mem -s 3
rtcwake: assuming RTC uses UTC ...
rtcwake: wakeup from "mem" using /dev/rtc1 at Thu Jan  1 00:01:03 1970
[   21.269897] PM: Syncing filesystems ... done.
[   21.275626] Freezing user space processes ... (elapsed 0.001 seconds) done.
[   21.276853] Freezing remaining freezable tasks ... (elapsed 0.001 seconds) done.
[   21.278087] Suspending console(s) (use no_console_suspend to debug)
[   21.511431] PM: suspend of devices complete after 208.207 msecs
[   21.512729] PM: late suspend of devices complete after 1.289 msecs
[   21.513482] PM: noirq suspend of devices complete after 0.748 msecs
[   21.513484] Disabling non-boot CPUs ...
[   21.821633] Entering suspend state LP1
[   21.821633] Suspended for 2.769 seconds
[   21.821657] Enabling non-boot CPUs ...
[   21.851919] CPU1 is up
[   21.891789] CPU2 is up
[   21.932051] CPU3 is up
[   21.932478] PM: noirq resume of devices complete after 0.423 msecs
[   21.934060] PM: early resume of devices complete after 1.090 msecs
[   21.991642] mmc1: Switching to 3.3V signalling voltage failed
[   22.250040] tegra-sor 54540000.sor: failed to attach SOR: -110
[   22.524093] PM: resume of devices complete after 590.024 msecs
[   22.594986] Restarting tasks ... done.
root@(none):/# 
root@(none):/# rtcwake -d rtc1 -m mem -s 3
rtcwake: assuming RTC uses UTC ...
rtcwake: wakeup from "mem" using /dev/rtc1 at Thu Jan  1 00:01:08 1970
[   23.489763] PM: Syncing filesystems ... done.
[   23.495462] Freezing user space processes ... (elapsed 0.001 seconds) done.
[   23.496691] Freezing remaining freezable tasks ... (elapsed 0.001 seconds) done.
[   23.497927] Suspending console(s) (use no_console_suspend to debug)
[   23.741401] PM: suspend of devices complete after 207.967 msecs
[   23.742655] PM: late suspend of devices complete after 1.247 msecs
[   23.743508] PM: noirq suspend of devices complete after 0.847 msecs
[   23.743510] Disabling non-boot CPUs ...
[   24.041601] Entering suspend state LP1
[   24.041601] Suspended for 2.779 seconds
[   24.041625] Enabling non-boot CPUs ...
[   24.071903] CPU1 is up
[   24.111760] CPU2 is up
[   24.152028] CPU3 is up
[   24.152432] PM: noirq resume of devices complete after 0.399 msecs
[   24.153786] PM: early resume of devices complete after 0.848 msecs
[   24.211590] mmc1: Switching to 3.3V signalling voltage failed
[   24.420319] usb 1-1: reset high-speed USB device number 4 using tegra-xusb
[   24.469948] tegra-sor 54540000.sor: failed to attach SOR: -110
[   24.743368] PM: resume of devices complete after 589.573 msecs
[   24.821242] Restarting tasks ... done.
root@(none):/# 
root@(none):/# rtcwake -d rtc1 -m mem -s 3
rtcwake: assuming RTC uses UTC ...
rtcwake: wakeup from "mem" using /dev/rtc1 at Thu Jan  1 00:01:13 1970
[   25.708916] PM: Syncing filesystems ... done.
[   25.714472] Freezing user space processes ... (elapsed 0.001 seconds) done.
[   25.715688] Freezing remaining freezable tasks ... (elapsed 0.001 seconds) done.
[   25.716931] Suspending console(s) (use no_console_suspend to debug)
[   25.961315] PM: suspend of devices complete after 207.970 msecs
[   25.962198] PM: late suspend of devices complete after 0.879 msecs
[   25.962984] PM: noirq suspend of devices complete after 0.783 msecs
[   25.962986] Disabling non-boot CPUs ...
[   26.210076] IRQ17 no longer affine to CPU3
[   26.261526] Entering suspend state LP1
[   26.261526] Suspended for 2.779 seconds
[   26.261550] Enabling non-boot CPUs ...
[   26.291867] CPU1 is up
[   26.331724] CPU2 is up
[   26.371985] CPU3 is up
[   26.372423] PM: noirq resume of devices complete after 0.433 msecs
[   26.373907] PM: early resume of devices complete after 0.983 msecs
[   26.431242] mmc1: Switching to 3.3V signalling voltage failed
[   26.689918] tegra-sor 54540000.sor: failed to attach SOR: -110
[   26.972549] PM: resume of devices complete after 598.633 msecs
[   27.047524] Restarting tasks ... done.
root@(none):/# 
root@(none):/# NVTB SYSTEM SUSPEND TEST COMPLETE
