
U-Boot SPL 2014.01-00219-gc4d376f (Feb 18 2014 - 19:57:18)


U-Boot 2014.01-00219-gc4d376f (Feb 18 2014 - 19:57:18)

TEGRA30
Board: NVIDIA Beaver
I2C:   ready
DRAM:  2 GiB
MMC:   Tegra SD/MMC: 0, Tegra SD/MMC: 1
In:    serial
Out:   serial
Err:   serial
Net:   Net Initialization Skipped
No ethernet found.
Hit any key to stop autoboot:  2  0 
Tegra30 (Beaver) # 
Tegra30 (Beaver) # usb reset
(Re)start USB...
USB0:   USB EHCI 1.00
scanning bus 0 for devices... 2 USB Device(s) found
       scanning usb for storage devices... 0 Storage Device(s) found
       scanning usb for ethernet devices... 
Warning: asx0 using MAC address from net device
1 Ethernet Device(s) found
Tegra30 (Beaver) # setenv bootargs 'ignore_loglevel console=ttyS0,115200n8 rw root=/dev/mmcblk0p1 rootwait gpt debug noinitrd earlyprintk init=/bin/bash'
Tegra30 (Beaver) # setenv ipaddr 192.168.100.101; setenv serverip 192.168.100.1; setenv tftpserverip 192.168.100.1
Tegra30 (Beaver) # tftpboot 0x81000000 zImage.multi_v7_defconfig
Using asx0 device
TFTP from server 192.168.100.1; our IP address is 192.168.100.101
Filename 'zImage.multi_v7_defconfig'.
Load address: 0x81000000
Loading: *#################################################################
	 #################################################################
	 #################################################################
	 #################################################################
	 #################################################################
	 #################################################################
	 #################################################################
	 #######
	 3.4 MiB/s
done
Bytes transferred = 6781728 (677b20 hex)
Tegra30 (Beaver) # tftpboot 0x82000000 tegra30-beaver.dtb
Using asx0 device
TFTP from server 192.168.100.1; our IP address is 192.168.100.101
Filename 'tegra30-beaver.dtb'.
Load address: 0x82000000
Loading: *####
	 3.1 MiB/s
done
Bytes transferred = 51467 (c90b hex)
Tegra30 (Beaver) # bootz 0x81000000 - 0x82000000
Kernel image @ 0x81000000 [ 0x000000 - 0x677b20 ]
## Flattened Device Tree blob at 82000000
   Booting using the fdt blob at 0x82000000
   Loading Device Tree to 8fff0000, end 8ffff90a ... OK

Starting kernel ...

[    0.000000] Booting Linux on physical CPU 0x0
[    0.000000] Linux version 4.5.0-rc7-68768-gf6cede5 (pwalmsley@sellafield) (gcc version 4.7.3 20130328 (prerelease) (crosstool-NG linaro-1.13.1-4.7-2013.04-20130415 - Linaro GCC 2013.04) ) #1 SMP Sun Mar 6 15:03:56 PST 2016
[    0.000000] CPU: ARMv7 Processor [412fc099] revision 9 (ARMv7), cr=10c5387d
[    0.000000] CPU: PIPT / VIPT nonaliasing data cache, VIPT aliasing instruction cache
[    0.000000] Machine model: NVIDIA Tegra30 Beaver evaluation board
[    0.000000] debug: ignoring loglevel setting.
[    0.000000] cma: Reserved 64 MiB at 0xfb800000
[    0.000000] Memory policy: Data cache writealloc
[    0.000000] On node 0 totalpages: 524032
[    0.000000] free_area_init_node: node 0, pgdat c1070740, node_mem_map eeff8000
[    0.000000]   DMA zone: 1536 pages used for memmap
[    0.000000]   DMA zone: 0 pages reserved
[    0.000000]   DMA zone: 196608 pages, LIFO batch:31
[    0.000000]   HighMem zone: 327424 pages, LIFO batch:31
[    0.000000] PERCPU: Embedded 12 pages/cpu @eef93000 s18880 r8192 d22080 u49152
[    0.000000] pcpu-alloc: s18880 r8192 d22080 u49152 alloc=12*4096
[    0.000000] pcpu-alloc: [0] 0 [0] 1 [0] 2 [0] 3 
[    0.000000] Built 1 zonelists in Zone order, mobility grouping on.  Total pages: 522496
[    0.000000] Kernel command line: ignore_loglevel console=ttyS0,115200n8 rw root=/dev/mmcblk0p1 rootwait gpt debug noinitrd earlyprintk init=/bin/bash
[    0.000000] PID hash table entries: 4096 (order: 2, 16384 bytes)
[    0.000000] Dentry cache hash table entries: 131072 (order: 7, 524288 bytes)
[    0.000000] Inode-cache hash table entries: 65536 (order: 6, 262144 bytes)
[    0.000000] Memory: 1997812K/2096128K available (8499K kernel code, 1113K rwdata, 4044K rodata, 1100K init, 345K bss, 32780K reserved, 65536K cma-reserved, 1244160K highmem)
[    0.000000] Virtual kernel memory layout:
[    0.000000]     vector  : 0xffff0000 - 0xffff1000   (   4 kB)
[    0.000000]     fixmap  : 0xffc00000 - 0xfff00000   (3072 kB)
[    0.000000]     vmalloc : 0xf0800000 - 0xff800000   ( 240 MB)
[    0.000000]     lowmem  : 0xc0000000 - 0xf0000000   ( 768 MB)
[    0.000000]     pkmap   : 0xbfe00000 - 0xc0000000   (   2 MB)
[    0.000000]     modules : 0xbf000000 - 0xbfe00000   (  14 MB)
[    0.000000]       .text : 0xc0208000 - 0xc0e48d80   (12548 kB)
[    0.000000]       .init : 0xc0e49000 - 0xc0f5c000   (1100 kB)
[    0.000000]       .data : 0xc0f5c000 - 0xc1072740   (1114 kB)
[    0.000000]        .bss : 0xc1075000 - 0xc10cb6e0   ( 346 kB)
[    0.000000] SLUB: HWalign=64, Order=0-3, MinObjects=0, CPUs=4, Nodes=1
[    0.000000] Hierarchical RCU implementation.
[    0.000000] 	Build-time adjustment of leaf fanout to 32.
[    0.000000] 	RCU restricting CPUs from NR_CPUS=16 to nr_cpu_ids=4.
[    0.000000] RCU: Adjusting geometry for rcu_fanout_leaf=32, nr_cpu_ids=4
[    0.000000] NR_IRQS:16 nr_irqs:16 16
[    0.000000] /interrupt-controller@60004000: 160 interrupts forwarded to /interrupt-controller@50041000
[    0.000000] L2C: platform modifies aux control register: 0x02080000 -> 0x3e480001
[    0.000000] L2C: DT/platform modifies aux control register: 0x02080000 -> 0x3e480001
[    0.000000] L2C-310 erratum 769419 enabled
[    0.000000] L2C-310 enabling early BRESP for Cortex-A9
[    0.000000] L2C-310: enabling full line of zeros but not enabled in Cortex-A9
[    0.000000] L2C-310 dynamic clock gating enabled, standby mode enabled
[    0.000000] L2C-310 cache controller enabled, 8 ways, 1024 kB
[    0.000000] L2C-310: CACHE_ID 0x410000c7, AUX_CTRL 0x4e480001
[    0.000014] sched_clock: 32 bits at 1000kHz, resolution 1000ns, wraps every 2147483647500ns
[    0.000031] clocksource: timer_us: mask: 0xffffffff max_cycles: 0xffffffff, max_idle_ns: 1911260446275 ns
[    0.000040] Switching to timer-based delay loop, resolution 1000ns
[    0.002951] Console: colour dummy device 80x30
[    0.002976] Calibrating delay loop (skipped), value calculated using timer frequency.. 2.00 BogoMIPS (lpj=5000)
[    0.002984] pid_max: default: 32768 minimum: 301
[    0.003069] Mount-cache hash table entries: 2048 (order: 1, 8192 bytes)
[    0.003076] Mountpoint-cache hash table entries: 2048 (order: 1, 8192 bytes)
[    0.003498] CPU: Testing write buffer coherency: ok
[    0.003793] CPU0: thread -1, cpu 0, socket 0, mpidr 80000000
[    0.003866] Setting up static identity map for 0x80209000 - 0x80209098
[    0.006158] Tegra Revision: A03 SKU: 128 CPU Process: 4 SoC Process: 0
[    0.007393] CPU1: thread -1, cpu 1, socket 0, mpidr 80000001
[    0.008032] CPU2: thread -1, cpu 2, socket 0, mpidr 80000002
[    0.008670] CPU3: thread -1, cpu 3, socket 0, mpidr 80000003
[    0.008709] Brought up 4 CPUs
[    0.008723] SMP: Total of 4 processors activated (8.00 BogoMIPS).
[    0.008727] CPU: All CPU(s) started in SVC mode.
[    0.009315] devtmpfs: initialized
[    0.017124] VFP support v0.3: implementor 41 architecture 3 part 30 variant 9 rev 4
[    0.017807] clocksource: jiffies: mask: 0xffffffff max_cycles: 0xffffffff, max_idle_ns: 9556302231375000 ns
[    0.021222] pinctrl core: initialized pinctrl subsystem
[    0.022787] NET: Registered protocol family 16
[    0.025025] DMA: preallocated 256 KiB pool for atomic coherent allocations
[    0.039931] cpuidle: using governor menu
[    0.048178] No ATAGs?
[    0.048214] hw-breakpoint: found 5 (+1 reserved) breakpoint and 1 watchpoint registers.
[    0.048221] hw-breakpoint: maximum watchpoint size is 4 bytes.
[    0.051343] Serial: AMBA PL011 UART driver
[    0.052493] tegra-mc 7000f000.memory-controller: no memory timings for RAM code 3 registered
[    0.072950] vdd_5v_sata: Failed to request enable GPIO30: -517
[    0.073021] reg-fixed-voltage regulators:regulator@3: Failed to register regulator: -517
[    0.073131] usb1_vbus: Failed to request enable GPIO238: -517
[    0.073181] reg-fixed-voltage regulators:regulator@4: Failed to register regulator: -517
[    0.073285] usb3_vbus: Failed to request enable GPIO236: -517
[    0.073335] reg-fixed-voltage regulators:regulator@5: Failed to register regulator: -517
[    0.073488] sys_3v3_pexs: Failed to request enable GPIO95: -517
[    0.073538] reg-fixed-voltage regulators:regulator@7: Failed to register regulator: -517
[    0.075638] vgaarb: loaded
[    0.076241] SCSI subsystem initialized
[    0.076370] libata version 3.00 loaded.
[    0.076551] usbcore: registered new interface driver usbfs
[    0.076588] usbcore: registered new interface driver hub
[    0.076622] usbcore: registered new device driver usb
[    0.131728] pps_core: LinuxPPS API ver. 1 registered
[    0.131736] pps_core: Software ver. 5.3.6 - Copyright 2005-2007 Rodolfo Giometti <giometti@linux.it>
[    0.131751] PTP clock support registered
[    0.131905] EDAC MC: Ver: 3.0.0
[    0.133462] clocksource: Switched to clocksource timer_us
[    0.139307] NET: Registered protocol family 2
[    0.139699] TCP established hash table entries: 8192 (order: 3, 32768 bytes)
[    0.139752] TCP bind hash table entries: 8192 (order: 4, 65536 bytes)
[    0.139829] TCP: Hash tables configured (established 8192 bind 8192)
[    0.139914] UDP hash table entries: 512 (order: 2, 16384 bytes)
[    0.139973] UDP-Lite hash table entries: 512 (order: 2, 16384 bytes)
[    0.140155] NET: Registered protocol family 1
[    0.140435] RPC: Registered named UNIX socket transport module.
[    0.140441] RPC: Registered udp transport module.
[    0.140445] RPC: Registered tcp transport module.
[    0.140449] RPC: Registered tcp NFSv4.1 backchannel transport module.
[    0.140467] PCI: CLS 0 bytes, default 64
[    0.141231] hw perfevents: enabled with armv7_cortex_a9 PMU driver, 7 counters available
[    0.142163] futex hash table entries: 1024 (order: 4, 65536 bytes)
[    0.148054] squashfs: version 4.0 (2009/01/31) Phillip Lougher
[    0.148566] NFS: Registering the id_resolver key type
[    0.148605] Key type id_resolver registered
[    0.148610] Key type id_legacy registered
[    0.148659] ntfs: driver 2.1.32 [Flags: R/O].
[    0.149495] bounce: pool size: 64 pages
[    0.149617] Block layer SCSI generic (bsg) driver version 0.4 loaded (major 249)
[    0.149632] io scheduler noop registered
[    0.149640] io scheduler deadline registered
[    0.149661] io scheduler cfq registered (default)
[    0.154947] tegra30-pinctrl 70000868.pinmux: invalid group "sdmmc3_dat6_pd3" for function "rsvd1"
[    0.154963] tegra30-pinctrl 70000868.pinmux: invalid group "sdmmc3_dat7_pd4" for function "rsvd1"
[    0.154977] tegra30-pinctrl 70000868.pinmux: invalid group "vi_vsync_pd6" for function "rsvd1"
[    0.154987] tegra30-pinctrl 70000868.pinmux: invalid group "vi_hsync_pd7" for function "rsvd1"
[    0.155458] tegra30-pinctrl 70000868.pinmux: invalid group "hdmi_int_pn7" for function "rsvd1"
[    0.155501] tegra30-pinctrl 70000868.pinmux: invalid group "ulpi_data3_po4" for function "rsvd1"
[    0.155830] tegra30-pinctrl 70000868.pinmux: invalid group "vi_d10_pt2" for function "rsvd1"
[    0.155843] tegra30-pinctrl 70000868.pinmux: invalid group "vi_d11_pt3" for function "rsvd1"
[    0.155855] tegra30-pinctrl 70000868.pinmux: invalid group "vi_d0_pt4" for function "rsvd1"
[    0.155895] tegra30-pinctrl 70000868.pinmux: invalid group "pu0" for function "rsvd1"
[    0.155925] tegra30-pinctrl 70000868.pinmux: invalid group "pu3" for function "rsvd1"
[    0.155955] tegra30-pinctrl 70000868.pinmux: invalid group "pu6" for function "rsvd1"
[    0.155995] tegra30-pinctrl 70000868.pinmux: invalid group "pv3" for function "rsvd1"
[    0.156491] tegra30-pinctrl 70000868.pinmux: invalid group "pbb0" for function "rsvd1"
[    0.156602] tegra30-pinctrl 70000868.pinmux: invalid group "pcc1" for function "rsvd1"
[    0.161675] tegra-pcie 3000.pcie-controller: 2x3 configuration
[    0.161791] vdd_1v5_gen: supplied by vdd_5v_in
[    0.161837] vdd_pexa,vdd_pexb: supplied by vdd_1v5_gen
[    0.161936] tegra-pcie 3000.pcie-controller: Failed to get supply 'hvdd-pex': -517
[    0.165811] tegra-apbdma 6000a000.dma: Tegra20 APB DMA driver register 32 channels
[    0.166794] tegra-pmc 7000e400.pmc: i2c-thermtrip node not found, emergency thermal reset disabled.
[    0.199197] Serial: 8250/16550 driver, 4 ports, IRQ sharing disabled
[    0.201284] console [ttyS0] disabled
[    0.201321] 70006000.serial: ttyS0 at MMIO 0x70006000 (irq = 331, base_baud = 25500000) is a Tegra
[    1.115732] console [ttyS0] enabled
[    1.119707] SuperH (H)SCI(F) driver initialized
[    1.124816] msm_serial: driver initialized
[    1.129036] STMicroelectronics ASC driver initialized
[    1.135691] [drm] Initialized drm 1.1.0 20060810
[    1.141581] tegra-hdmi 54280000.hdmi: failed to get HDMI regulator
[    1.155340] brd: module loaded
[    1.162151] loop: module loaded
[    1.170130] m25p80 spi32766.1: w25q32 (4096 Kbytes)
[    1.176934] libphy: Fixed MDIO Bus: probed
[    1.181447] CAN device driver interface
[    1.186443] igb: Intel(R) Gigabit Ethernet Network Driver - version 5.3.0-k
[    1.193398] igb: Copyright (c) 2007-2014 Intel Corporation.
[    1.200660] pegasus: v0.9.3 (2013/04/25), Pegasus/Pegasus II USB Ethernet driver
[    1.208099] usbcore: registered new interface driver pegasus
[    1.213785] usbcore: registered new interface driver asix
[    1.219203] usbcore: registered new interface driver ax88179_178a
[    1.225313] usbcore: registered new interface driver cdc_ether
[    1.231180] usbcore: registered new interface driver smsc75xx
[    1.236959] usbcore: registered new interface driver smsc95xx
[    1.242723] usbcore: registered new interface driver net1080
[    1.248400] usbcore: registered new interface driver cdc_subset
[    1.254336] usbcore: registered new interface driver zaurus
[    1.259959] usbcore: registered new interface driver cdc_ncm
[    1.266955] ehci_hcd: USB 2.0 'Enhanced' Host Controller (EHCI) Driver
[    1.273485] ehci-pci: EHCI PCI platform driver
[    1.277952] ehci-platform: EHCI generic platform driver
[    1.283303] ehci-omap: OMAP-EHCI Host Controller driver
[    1.288602] ehci-orion: EHCI orion driver
[    1.292674] SPEAr-ehci: EHCI SPEAr driver
[    1.296758] ehci-st: EHCI STMicroelectronics driver
[    1.301710] ehci-exynos: EHCI EXYNOS driver
[    1.305979] ehci-atmel: EHCI Atmel driver
[    1.310063] tegra-ehci: Tegra EHCI driver
[    1.314401] ohci_hcd: USB 1.1 'Open' Host Controller (OHCI) Driver
[    1.320591] ohci-pci: OHCI PCI platform driver
[    1.325063] ohci-platform: OHCI generic platform driver
[    1.330389] ohci-omap3: OHCI OMAP3 driver
[    1.334474] SPEAr-ohci: OHCI SPEAr driver
[    1.338566] ohci-st: OHCI STMicroelectronics driver
[    1.343519] ohci-atmel: OHCI Atmel driver
[    1.347833] usbcore: registered new interface driver usb-storage
[    1.354779] mousedev: PS/2 mouse device common for all mice
[    1.362398] tegra_rtc 7000e000.rtc: rtc core: registered 7000e000.rtc as rtc1
[    1.369570] tegra_rtc 7000e000.rtc: Tegra internal Real Time Clock
[    1.388275] tps65910-rtc tps65910-rtc: rtc core: registered tps65910-rtc as rtc0
[    1.395863] i2c /dev entries driver
[    1.405874] sdhci: Secure Digital Host Controller Interface driver
[    1.412058] sdhci: Copyright(c) Pierre Ossman
[    1.417321] Synopsys Designware Multimedia Card Interface Driver
[    1.423986] sdhci-pltfm: SDHCI platform and OF driver helper
[    1.430169] sdhci-tegra 78000000.sdhci: Got CD GPIO
[    1.435055] sdhci-tegra 78000000.sdhci: Got WP GPIO
[    1.441074] mmc0: Invalid maximum block size, assuming 512 bytes
[    1.483540] mmc0: SDHCI controller on 78000000.sdhci [78000000.sdhci] using ADMA
[    1.494162] mmc1: Invalid maximum block size, assuming 512 bytes
[    1.533498] mmc1: SDHCI controller on 78000600.sdhci [78000600.sdhci] using ADMA
[    1.542030] ledtrig-cpu: registered to indicate activity on CPUs
[    1.548169] usbcore: registered new interface driver usbhid
[    1.553737] usbhid: USB HID core driver
[    1.560452] NET: Registered protocol family 10
[    1.565474] sit: IPv6 over IPv4 tunneling driver
[    1.572579] NET: Registered protocol family 17
[    1.577037] can: controller area network core (rev 20120528 abi 9)
[    1.583251] NET: Registered protocol family 29
[    1.587697] can: raw protocol (rev 20120528)
[    1.591965] can: broadcast manager protocol (rev 20120528 t)
[    1.597620] can: netlink gateway (rev 20130117) max_hops=1
[    1.603376] Key type dns_resolver registered
[    1.608046] ThumbEE CPU extension supported.
[    1.612329] Registering SWP/SWPB emulation handler
[    1.651555] tegra-pcie 3000.pcie-controller: 2x3 configuration
[    1.657547] sys_3v3,vdd_3v3_alw: supplied by vdd_5v_in
[    1.662706] sys_3v3_pexs: supplied by sys_3v3,vdd_3v3_alw
[    1.671878] tegra-pcie 3000.pcie-controller: probing port 0, using 2 lanes
[    1.698917] mmc1: new high speed MMC card at address 0001
[    1.705831] mmcblk0: mmc1:0001 SEM16G 14.8 GiB 
[    1.711282] mmcblk0boot0: mmc1:0001 SEM16G partition 1 1.00 MiB
[    1.718097] mmcblk0boot1: mmc1:0001 SEM16G partition 2 1.00 MiB
[    1.725352] mmcblk0rpmb: mmc1:0001 SEM16G partition 3 128 KiB
[    1.737044] tegra-pcie 3000.pcie-controller: probing port 2, using 2 lanes
[    1.737413] Primary GPT is invalid, using alternate GPT.
[    1.737429]  mmcblk0: p1 p2 p3 p4 p5
[    2.156574] tegra-pcie 3000.pcie-controller: link 2 down, retrying
[    2.566531] tegra-pcie 3000.pcie-controller: link 2 down, retrying
[    2.976495] tegra-pcie 3000.pcie-controller: link 2 down, retrying
[    2.984686] tegra-pcie 3000.pcie-controller: link 2 down, ignoring
[    2.991008] tegra-pcie 3000.pcie-controller: PCI host bridge to bus 0000:00
[    2.997970] pci_bus 0000:00: root bus resource [mem 0x20000000-0x27ffffff]
[    3.004837] pci_bus 0000:00: root bus resource [mem 0x28000000-0x3fffffff pref]
[    3.012135] pci_bus 0000:00: root bus resource [bus 00-ff]
[    3.017612] pci_bus 0000:00: root bus resource [io  0x1000-0xffff]
[    3.023805] pci 0000:00:01.0: [10de:0e1c] type 01 class 0x060400
[    3.029865] pci 0000:00:01.0: PME# supported from D0 D1 D2 D3hot D3cold
[    3.036623] PCI: bus0: Fast back to back transfers disabled
[    3.042194] pci 0000:00:01.0: bridge configuration invalid ([bus 00-00]), reconfiguring
[    3.050290] pci 0000:01:00.0: [10ec:8168] type 00 class 0x020000
[    3.056304] pci 0000:01:00.0: reg 0x10: [io  0x0000-0x00ff]
[    3.061882] pci 0000:01:00.0: reg 0x18: [mem 0x00000000-0x00000fff 64bit pref]
[    3.069102] pci 0000:01:00.0: reg 0x20: [mem 0x00000000-0x00003fff 64bit pref]
[    3.076383] pci 0000:01:00.0: supports D1 D2
[    3.080647] pci 0000:01:00.0: PME# supported from D0 D1 D2 D3hot D3cold
[    3.093484] PCI: bus1: Fast back to back transfers disabled
[    3.099054] pci_bus 0000:01: busn_res: [bus 01-ff] end is updated to 01
[    3.105722] pci 0000:00:01.0: BAR 9: assigned [mem 0x28000000-0x280fffff 64bit pref]
[    3.113458] pci 0000:00:01.0: BAR 7: assigned [io  0x1000-0x1fff]
[    3.119547] pci 0000:01:00.0: BAR 4: assigned [mem 0x28000000-0x28003fff 64bit pref]
[    3.127288] pci 0000:01:00.0: BAR 2: assigned [mem 0x28004000-0x28004fff 64bit pref]
[    3.135028] pci 0000:01:00.0: BAR 0: assigned [io  0x1000-0x10ff]
[    3.141116] pci 0000:00:01.0: PCI bridge to [bus 01]
[    3.146074] pci 0000:00:01.0:   bridge window [io  0x1000-0x1fff]
[    3.152158] pci 0000:00:01.0:   bridge window [mem 0x28000000-0x280fffff 64bit pref]
[    3.159902] pci 0000:00:01.0: nv_msi_ht_cap_quirk didn't locate host bridge
[    3.166960] pcieport 0000:00:01.0: enabling device (0140 -> 0143)
[    3.173197] pcieport 0000:00:01.0: Signaling PME through PCIe PME interrupt
[    3.180153] pci 0000:01:00.0: Signaling PME through PCIe PME interrupt
[    3.186672] pcie_pme 0000:00:01.0:pcie01: service driver pcie_pme loaded
[    3.193550] r8169 Gigabit Ethernet driver 2.3LK-NAPI loaded
[    3.199135] r8169 0000:01:00.0: enabling device (0140 -> 0143)
[    3.205836] r8169 0000:01:00.0 eth0: RTL8168evl/8111evl at 0xf09f2000, 02:04:4b:01:60:a6, XID 0c900800 IRQ 375
[    3.215833] r8169 0000:01:00.0 eth0: jumbo features [frames: 9200 bytes, tx checksumming: ko]
[    3.225292] +VDD_5V_HDMI: supplied by sys_3v3,vdd_3v3_alw
[    3.230782] vdd_1v8_gen: supplied by vdd_5v_in
[    3.238255] [drm] Supports vblank timestamp caching Rev 2 (21.10.2013).
[    3.244872] [drm] No driver support for vblank timestamp query.
[    3.250815] drm drm: No connectors reported connected with modes
[    3.256821] [drm] Cannot find any crtc or sizes - going 1024x768
[    3.285292] Console: switching to colour frame buffer device 128x48
[    3.297802] drm drm: fb0:  frame buffer device
[    3.313854] [drm] Initialized tegra 0.0.0 20120330 on minor 0
[    3.322491] usb3_vbus: supplied by vdd_5v_in
[    3.328949] utmi_phy_clk_enable: timeout waiting for phy to stabilize
[    3.335407] tegra-ehci 7d004000.usb: EHCI Host Controller
[    3.340814] tegra-ehci 7d004000.usb: new USB bus registered, assigned bus number 1
[    3.348654] tegra-ehci 7d004000.usb: irq 343, io mem 0x7d004000
[    3.363865] tegra-ehci 7d004000.usb: USB 2.0 started, EHCI 1.00
[    3.371068] hub 1-0:1.0: USB hub found
[    3.374840] hub 1-0:1.0: 1 port detected
[    3.379753] tegra-ehci 7d008000.usb: EHCI Host Controller
[    3.385166] tegra-ehci 7d008000.usb: new USB bus registered, assigned bus number 2
[    3.392901] tegra-ehci 7d008000.usb: irq 344, io mem 0x7d008000
[    3.403856] tegra-ehci 7d008000.usb: USB 2.0 started, EHCI 1.00
[    3.410990] hub 2-0:1.0: USB hub found
[    3.414756] hub 2-0:1.0: 1 port detected
[    3.423243] tps65910-rtc tps65910-rtc: setting system clock to 2000-01-01 00:00:02 UTC (946684802)
[    3.437317] vdd_sata,avdd_plle: disabling
[    3.441722] usb1_vbus: disabling
[    3.447640] EXT4-fs (mmcblk0p1): mounting ext3 file system using the ext4 subsystem
[    3.465296] EXT4-fs (mmcblk0p1): warning: mounting fs with errors, running e2fsck is recommended
[    3.476793] EXT4-fs (mmcblk0p1): recovery complete
[    3.481594] EXT4-fs (mmcblk0p1): mounted filesystem with ordered data mode. Opts: (null)
[    3.489702] VFS: Mounted root (ext3 filesystem) on device 179:1.
[    3.507419] devtmpfs: mounted
[    3.511504] Freeing unused kernel memory: 1100K (c0e49000 - c0f5c000)
bash: cannot set terminal process group (-1): Inappropriate ioctl for device
bash: no job control in this shell
root@(none):/# [    3.728879] usb 2-1: new high-speed USB device number 2 using tegra-ehci
mount -t sysfs none /sys
root@(none):/# 
root@(none):/# [    4.674430] asix 2-1:1.0 eth1: register 'asix' at usb-7d008000.usb-1, ASIX AX88772 USB 2.0 Ethernet, 00:50:b6:0f:67:60
mount -t debugfs none /sys/kernel/debug
root@(none):/# 
root@(none):/# rtcwake -d rtc1 -m mem -s 3
rtcwake: wakeup from "mem" using /dev/rtc1 at Thu Jan  1 00:00:21 1970
[    6.505930] PM: Syncing filesystems ... done.
[    6.519019] Freezing user space processes ... (elapsed 0.001 seconds) done.
[    6.527115] Freezing remaining freezable tasks ... (elapsed 0.001 seconds) done.
[    6.535747] Suspending console(s) (use no_console_suspend to debug)
[    6.583909] PM: suspend of devices complete after 40.887 msecs
[    6.584564] PM: late suspend of devices complete after 0.647 msecs
[    6.598930] PM: noirq suspend of devices complete after 14.360 msecs
[    6.598933] Disabling non-boot CPUs ...
[    6.599552] CPU1: shutdown
[    6.629679] IRQ17 no longer affine to CPU2
[    6.629906] CPU2: shutdown
[    6.644392] CPU3: shutdown
[    6.658928] Entering suspend state LP1
[    6.658939] Enabling non-boot CPUs ...
[    6.684441] CPU1 is up
[    6.709560] CPU2 is up
[    6.734667] CPU3 is up
[    6.735259] pcieport 0000:00:01.0: nv_msi_ht_cap_quirk didn't locate host bridge
[    6.748520] PM: noirq resume of devices complete after 13.846 msecs
[    6.750764] PM: early resume of devices complete after 1.868 msecs
[    6.815700] PM: resume of devices complete after 64.928 msecs
[    6.890940] Restarting tasks ... done.
root@(none):/# 
root@(none):/# rtcwake -d rtc1 -m mem -s 3
rtcwake: wakeup from "mem" using /dev/rtc1 at Thu Jan  1 00:00:25 1970
[    7.249993] PM: Syncing filesystems ... done.
[    7.262412] Freezing user space processes ... (elapsed 0.001 seconds) done.
[    7.270523] Freezing remaining freezable tasks ... (elapsed 0.001 seconds) done.
[    7.279129] Suspending console(s) (use no_console_suspend to debug)
[    7.318859] PM: suspend of devices complete after 32.552 msecs
[    7.321830] PM: late suspend of devices complete after 2.964 msecs
[    7.333912] PM: noirq suspend of devices complete after 12.075 msecs
[    7.333915] Disabling non-boot CPUs ...
[    7.334508] CPU1: shutdown
[    7.349769] CPU2: shutdown
[    7.364198] IRQ17 no longer affine to CPU3
[    7.364375] CPU3: shutdown
[    7.378893] Entering suspend state LP1
[    7.378908] Enabling non-boot CPUs ...
[    7.404573] CPU1 is up
[    7.429688] CPU2 is up
[    7.454801] CPU3 is up
[    7.455557] pcieport 0000:00:01.0: nv_msi_ht_cap_quirk didn't locate host bridge
[    7.468508] PM: noirq resume of devices complete after 13.697 msecs
[    7.470689] PM: early resume of devices complete after 1.743 msecs
[    7.536871] PM: resume of devices complete after 66.170 msecs
[    7.612343] Restarting tasks ... done.
root@(none):/# 
root@(none):/# rtcwake -d rtc1 -m mem -s 3
rtcwake: wakeup from "mem" using /dev/rtc1 at Thu Jan  1 00:00:29 1970
[    7.968748] PM: Syncing filesystems ... done.
[    7.982475] Freezing user space processes ... (elapsed 0.001 seconds) done.
[    7.990629] Freezing remaining freezable tasks ... (elapsed 0.001 seconds) done.
[    7.999285] Suspending console(s) (use no_console_suspend to debug)
[    8.039386] PM: suspend of devices complete after 32.649 msecs
[    8.040186] PM: late suspend of devices complete after 0.790 msecs
[    8.053992] PM: noirq suspend of devices complete after 13.798 msecs
[    8.053995] Disabling non-boot CPUs ...
[    8.054378] IRQ17 no longer affine to CPU1
[    8.054779] CPU1: shutdown
[    8.079992] CPU2: shutdown
[    8.094469] CPU3: shutdown
[    8.108914] Entering suspend state LP1
[    8.108929] Enabling non-boot CPUs ...
[    8.134555] CPU1 is up
[    8.159649] CPU2 is up
[    8.184768] CPU3 is up
[    8.185492] pcieport 0000:00:01.0: nv_msi_ht_cap_quirk didn't locate host bridge
[    8.198488] PM: noirq resume of devices complete after 13.708 msecs
[    8.200162] PM: early resume of devices complete after 1.246 msecs
[    8.270825] PM: resume of devices complete after 70.653 msecs
[    8.346287] Restarting tasks ... done.
root@(none):/# 
root@(none):/# rtcwake -d rtc1 -m mem -s 3
rtcwake: wakeup from "mem" using /dev/rtc1 at Thu Jan  1 00:00:33 1970
[    8.697050] PM: Syncing filesystems ... done.
[    8.711775] Freezing user space processes ... (elapsed 0.001 seconds) done.
[    8.719936] Freezing remaining freezable tasks ... (elapsed 0.001 seconds) done.
[    8.728590] Suspending console(s) (use no_console_suspend to debug)
[    8.769850] PM: suspend of devices complete after 33.801 msecs
[    8.770635] PM: late suspend of devices complete after 0.776 msecs
[    8.783964] PM: noirq suspend of devices complete after 13.317 msecs
[    8.783967] Disabling non-boot CPUs ...
[    8.784351] IRQ17 no longer affine to CPU1
[    8.784738] CPU1: shutdown
[    8.799951] CPU2: shutdown
[    8.814432] CPU3: shutdown
[    8.828897] Entering suspend state LP1
[    8.828912] Enabling non-boot CPUs ...
[    8.854530] CPU1 is up
[    8.879615] CPU2 is up
[    8.904736] CPU3 is up
[    8.905468] pcieport 0000:00:01.0: nv_msi_ht_cap_quirk didn't locate host bridge
[    8.918460] PM: noirq resume of devices complete after 13.717 msecs
[    8.920627] PM: early resume of devices complete after 1.740 msecs
[    8.991749] PM: resume of devices complete after 71.109 msecs
[    9.067208] Restarting tasks ... done.
root@(none):/# 
root@(none):/# rtcwake -d rtc1 -m mem -s 3
rtcwake: wakeup from "mem" using /dev/rtc1 at Thu Jan  1 00:00:37 1970
[    9.416154] PM: Syncing filesystems ... done.
[    9.429899] Freezing user space processes ... (elapsed 0.001 seconds) done.
[    9.438043] Freezing remaining freezable tasks ... (elapsed 0.001 seconds) done.
[    9.446698] Suspending console(s) (use no_console_suspend to debug)
[    9.489806] PM: suspend of devices complete after 35.628 msecs
[    9.490607] PM: late suspend of devices complete after 0.791 msecs
[    9.503922] PM: noirq suspend of devices complete after 13.303 msecs
[    9.503927] Disabling non-boot CPUs ...
[    9.504691] CPU1: shutdown
[    9.519942] CPU2: shutdown
[    9.534206] IRQ17 no longer affine to CPU3
[    9.534406] CPU3: shutdown
[    9.548874] Entering suspend state LP1
[    9.548888] Enabling non-boot CPUs ...
[    9.574516] CPU1 is up
[    9.599621] CPU2 is up
[    9.624720] CPU3 is up
[    9.625442] pcieport 0000:00:01.0: nv_msi_ht_cap_quirk didn't locate host bridge
[    9.638444] PM: noirq resume of devices complete after 13.716 msecs
[    9.640658] PM: early resume of devices complete after 1.792 msecs
[    9.711698] PM: resume of devices complete after 71.025 msecs
[    9.787137] Restarting tasks ... done.
root@(none):/# 
NVTB SYSTEM SUSPEND TEST COMPLETE
root@(none):/# 