Diff for ./tegra30-beaver/tegra30-beaver/tegra_defconfig_log.txt
--- /tmp/fooa	2013-09-29 16:14:51.092739555 -0700
+++ /tmp/foob	2013-09-29 16:14:51.092739555 -0700
@@ -22,8 +22,8 @@
 Sending: 
 
 Transfer complete
-yzModem - CRC mode, 2(SOH)/4380(STX)/0(CAN) packets, 3 retries
-## Total Size      = 0x00446ff8 = 4485112 Bytes
+yzModem - CRC mode, 8(SOH)/4380(STX)/0(CAN) packets, 3 retries
+## Total Size      = 0x004472a0 = 4485792 Bytes
 Tegra30 (Beaver) # loady 0x82000000
 ## Ready for binary (ymodem) download to 0x82000000 at 230400 bps...
 CSending: tegra30-beaver.dtb
@@ -40,7 +40,7 @@
 Starting kernel .ø†ø†æ€˜€æ€˜€fæžÎžæžøÎxÎøÎžøž~8˜†žøžf†ø†ø†8xþžøžf†8àÎžþž`Îžøž~8~€žf8æÎxžfžø†æ€˜€[    0.000000] Booting Linux on physical CPU 0x0
 Initializing cgroup subsys cpu
 Initializing cgroup subsys cpuacct
-Linux version 3.12.0-rc2-23011-g4a10c2a (pwalmsley@tamien) (gcc version 4.5.1 (Sourcery G++ Lite 2010.09-50) ) #1 SMP PREEMPT Mon Sep 23 16:04:44 PDT 2013
+Linux version 3.12.0-rc3-23257-g15c03dd (pwalmsley@tamien) (gcc version 4.5.1 (Sourcery G++ Lite 2010.09-50) ) #1 SMP PREEMPT Sun Sep 29 15:35:50 PDT 2013
 CPU: ARMv7 Processor [412fc099] revision 9 (ARMv7), cr=10c5387d
 CPU: PIPT / VIPT nonaliasing data cache, VIPT aliasing instruction cache
 Machine: NVIDIA Tegra SoC (Flattened Device Tree), model: NVIDIA Tegra30 Beaver evaluation board
@@ -75,7 +75,7 @@
     lowmem  : 0xc0000000 - 0xef800000   ( 760 MB)
     pkmap   : 0xbfe00000 - 0xc0000000   (   2 MB)
     modules : 0xbf000000 - 0xbfe00000   (  14 MB)
-      .text : 0xc0008000 - 0xc07c44a8   (7922 kB)
+      .text : 0xc0008000 - 0xc07c44b8   (7922 kB)
       .init : 0xc07c5000 - 0xc0800380   ( 237 kB)
       .data : 0xc0802000 - 0xc084e5c0   ( 306 kB)
        .bss : 0xc084e5cc - 0xc08a441c   ( 344 kB)
@@ -90,7 +90,7 @@
 Initializing cgroup subsys freezer
 CPU: Testing write buffer coherency: ok
 CPU0: thread -1, cpu 0, socket 0, mpidr 80000000
-Setting up static identity map for 0xc05cf918 - 0xc05cf9b0
+Setting up static identity map for 0xc05cfc28 - 0xc05cfcc0
 CPU1: Booted secondary processor
 CPU1: thread -1, cpu 1, socket 0, mpidr 80000001
 CPU2: Booted secondary processor
@@ -299,6 +299,7 @@
 pci 0000:00:01.0:   bridge window [mem 0x28000000-0x280fffff 64bit pref]
 pci 0000:00:01.0: nv_msi_ht_cap_quirk didn't locate host bridge
 r8169 Gigabit Ethernet driver 2.3LK-NAPI loaded
+pcieport 0000:00:01.0: driver skip pci_set_master, fix it!
 PCI: enabling device 0000:01:00.0 (0140 -> 0143)
 r8169 0000:01:00.0 eth0: RTL8168evl/8111evl at 0xf0022000, 02:04:4b:01:60:a6, XID 0c900800 IRQ 472
 r8169 0000:01:00.0 eth0: jumbo features [frames: 9200 bytes, tx checksumming: ko]
@@ -317,7 +318,7 @@
 tegra-ehci 7d008000.usb: USB 2.0 started, EHCI 1.00
 hub 1-0:1.0: USB hub found
 hub 1-0:1.0: 1 port detected
-tegra_rtc 7000e000.rtc: setting system clock to 1970-01-01 00:03:50 UTC (230)
+tegra_rtc 7000e000.rtc: setting system clock to 1970-01-01 00:03:51 UTC (231)
 ALSA device list:
   #0: NVIDIA Tegra Beaver
 kjournald starting.  Commit interval 5 seconds
@@ -330,7 +331,7 @@
  
 INIT: version 2.88 booting
 Using makefile-style concurrent boot in runlevel S.
-Starting the hotplug events dispatcher: udevd[    4.112744] udevd[178]: starting version 175
+Starting the hotplug events dispatcher: udevd[    4.174962] udevd[178]: starting version 175
 [ ok .
 Synthesizing the initial hotplug events...[ ok done.
 Waiting for /dev to be fully populated...[ ok done.
@@ -344,8 +345,7 @@
 Cleaning up temporary files...[ ok .
 Setting kernel variables ...[ ok done.
 Configuring network interfaces...[ ok done.
-Starting rpcbind daemon...[ ok .
-Starting NFS common utilities: statd idmapd[FAIL failed!
+Starting rpcbind daemon...[ ok [....] Starting NFS common utilities: statd idmapd[FAIL failed!
 Cleaning up temporary files...[ ok .
 Starting network benchmark server[ ok .
 startpar: service(s) returned failure: nfs-common ...[FAIL failed!
@@ -353,8 +353,8 @@
 Using makefile-style concurrent boot in runlevel 2.
 Starting network benchmark server[FAIL failed!
 Starting rpcbind daemon...[....] Already running.[ ok .
-Starting NFS common utilities: statd idmapd[FAIL failed!
 Starting system message bus: dbus[ ok .
+Starting NFS common utilities: statd idmapd[FAIL failed!
 startpar: service(s) returned failure: nfs-common ...[FAIL failed!
 
 Debian GNU/Linux wheezy/sid armel ttyS0
Diff for ./tegra30-beaver/tegra30-beaver/multi_v7_defconfig_log.txt
--- /tmp/fooa	2013-09-29 16:14:51.108739577 -0700
+++ /tmp/foob	2013-09-29 16:14:51.112739579 -0700
@@ -22,8 +22,8 @@
 Sending: 
 
 Transfer complete
-yzModem - CRC mode, 2(SOH)/3842(STX)/0(CAN) packets, 3 retries
-## Total Size      = 0x003c0788 = 3934088 Bytes
+yzModem - CRC mode, 8(SOH)/3842(STX)/0(CAN) packets, 3 retries
+## Total Size      = 0x003c0a90 = 3934864 Bytes
 Tegra30 (Beaver) # loady 0x82000000
 ## Ready for binary (ymodem) download to 0x82000000 at 230400 bps...
 CSending: tegra30-beaver.dtb
@@ -40,7 +40,7 @@
 Starting kernel ...
 
 Booting Linux on physical CPU 0x0
-Linux version 3.12.0-rc2-23011-g4a10c2a (pwalmsley@tamien) (gcc version 4.5.1 (Sourcery G++ Lite 2010.09-50) ) #1 SMP Mon Sep 23 16:07:43 PDT 2013
+Linux version 3.12.0-rc3-23257-g15c03dd (pwalmsley@tamien) (gcc version 4.5.1 (Sourcery G++ Lite 2010.09-50) ) #1 SMP Sun Sep 29 15:40:02 PDT 2013
 CPU: ARMv7 Processor [412fc099] revision 9 (ARMv7), cr=10c5387d
 CPU: PIPT / VIPT nonaliasing data cache, VIPT aliasing instruction cache
 Machine: NVIDIA Tegra SoC (Flattened Device Tree), model: NVIDIA Tegra30 Beaver evaluation board
@@ -66,15 +66,15 @@
 PID hash table entries: 4096 (order: 2, 16384 bytes)
 Dentry cache hash table entries: 131072 (order: 7, 524288 bytes)
 Inode-cache hash table entries: 65536 (order: 6, 262144 bytes)
-Memory: 2070644K/2096128K available (5324K kernel code, 589K rwdata, 1388K rodata, 478K init, 278K bss, 25484K reserved, 1317888K highmem)
+Memory: 2070644K/2096128K available (5328K kernel code, 589K rwdata, 1388K rodata, 478K init, 278K bss, 25484K reserved, 1317888K highmem)
 Virtual kernel memory layout:
     vector  : 0xffff0000 - 0xffff1000   (   4 kB)
     fixmap  : 0xfff00000 - 0xfffe0000   ( 896 kB)
     vmalloc : 0xf0000000 - 0xff000000   ( 240 MB)
     lowmem  : 0xc0000000 - 0xef800000   ( 760 MB)
     pkmap   : 0xbfe00000 - 0xc0000000   (   2 MB)
-      .text : 0xc0008000 - 0xc0696484   (6714 kB)
-      .init : 0xc0697000 - 0xc070eb40   ( 479 kB)
+      .text : 0xc0008000 - 0xc069749c   (6718 kB)
+      .init : 0xc0698000 - 0xc070fb40   ( 479 kB)
       .data : 0xc0710000 - 0xc07a3720   ( 590 kB)
        .bss : 0xc07a3728 - 0xc07e9274   ( 279 kB)
 SLUB: HWalign=64, Order=0-3, MinObjects=0, CPUs=4, Nodes=1
@@ -87,7 +87,7 @@
 Mount-cache hash table entries: 512
 CPU: Testing write buffer coherency: ok
 CPU0: thread -1, cpu 0, socket 0, mpidr 80000000
-Setting up static identity map for 0xc050edf0 - 0xc050ee88
+Setting up static identity map for 0xc050f120 - 0xc050f1b8
 unable to find compatible sirf rstc node in dtb
 CPU1: Booted secondary processor
 CPU1: thread -1, cpu 1, socket 0, mpidr 80000001
@@ -243,11 +243,11 @@
 EXT4-fs (mmcblk0p1): mounted filesystem with ordered data mode. Opts: (null)
 VFS: Mounted root (ext3 filesystem) on device 179:1.
 devtmpfs: mounted
-Freeing unused kernel memory: 476K (c0697000 - c070e000)
+Freeing unused kernel memory: 476K (c0698000 - c070f000)
  
 INIT: version 2.88 booting
 Using makefile-style concurrent boot in runlevel S.
-Starting the hotplug events dispatcher: udevd[    2.053741] udevd[158]: starting version 175
+Starting the hotplug events dispatcher: udevd[    2.180610] udevd[158]: starting version 175
 [ ok .
 Synthesizing the initial hotplug events...[ ok done.
 Waiting for /dev to be fully populated...[ ok done.
Diff for ./tegra114-dalmore-headless/tegra114-dalmore/tegra_defconfig_log.txt
--- /tmp/fooa	2013-09-29 16:14:51.140739604 -0700
+++ /tmp/foob	2013-09-29 16:14:51.140739604 -0700
@@ -28,9 +28,9 @@
 TFTP from server 192.168.100.1; our IP address is 192.168.100.100
 Filename 'zImage.tegra_defconfig'.
 Load address: 0x81000000
-Loading: *#################################################  2.2 MiB/s
+Loading: *#################################################  2.8 MiB/s
 done
-Bytes transferred = 4485112 (446ff8 hex)
+Bytes transferred = 4485792 (4472a0 hex)
 Dalmore #tftpboot 0x82000000 tegra114-dalmore.dtb
 Using asx0 device
 TFTP from server 192.168.100.1; our IP address is 192.168.100.100
@@ -49,16 +49,16 @@
 Timer summary in microseconds:
        Mark    Elapsed  Stage
           0          0  awake
-  2,427,901  2,427,901  usb_start
-  6,431,327  4,003,426  eth_start
-  6,431,324         -3  tftp start
- 10,938,402  4,507,078  tftp done
- 12,443,853  1,505,451  start_kernel
+  2,447,441  2,447,441  usb_start
+  6,450,858  4,003,417  eth_start
+  6,450,856         -2  tftp start
+ 10,486,440  4,035,584  tftp done
+ 12,463,331  1,976,891  start_kernel
 Uncompressing Linux... done, booting the kernel.
 Booting Linux on physical CPU 0x0
 Initializing cgroup subsys cpu
 Initializing cgroup subsys cpuacct
-Linux version 3.12.0-rc2-23011-g4a10c2a (pwalmsley@tamien) (gcc version 4.5.1 (Sourcery G++ Lite 2010.09-50) ) #1 SMP PREEMPT Mon Sep 23 16:04:44 PDT 2013
+Linux version 3.12.0-rc3-23257-g15c03dd (pwalmsley@tamien) (gcc version 4.5.1 (Sourcery G++ Lite 2010.09-50) ) #1 SMP PREEMPT Sun Sep 29 15:35:50 PDT 2013
 CPU: ARMv7 Processor [412fc0f2] revision 2 (ARMv7), cr=10c5387d
 CPU: PIPT / VIPT nonaliasing data cache, PIPT instruction cache
 Machine: NVIDIA Tegra SoC (Flattened Device Tree), model: NVIDIA Tegra114 Dalmore evaluation board
@@ -89,7 +89,7 @@
     lowmem  : 0xc0000000 - 0xef800000   ( 760 MB)
     pkmap   : 0xbfe00000 - 0xc0000000   (   2 MB)
     modules : 0xbf000000 - 0xbfe00000   (  14 MB)
-      .text : 0xc0008000 - 0xc07c44a8   (7922 kB)
+      .text : 0xc0008000 - 0xc07c44b8   (7922 kB)
       .init : 0xc07c5000 - 0xc0800380   ( 237 kB)
       .data : 0xc0802000 - 0xc084e5c0   ( 306 kB)
        .bss : 0xc084e5cc - 0xc08a441c   ( 344 kB)
@@ -111,7 +111,7 @@
 /cpus/cpu@2 missing clock-frequency property
 /cpus/cpu@3 missing clock-frequency property
 CPU0: thread -1, cpu 0, socket 0, mpidr 80000000
-Setting up static identity map for 0xc05cf918 - 0xc05cf9b0
+Setting up static identity map for 0xc05cfc28 - 0xc05cfcc0
 CPU1: Booted secondary processor
 CPU1: thread -1, cpu 1, socket 0, mpidr 80000001
 CPU2: Booted secondary processor
@@ -353,7 +353,7 @@
 hub 1-0:1.0: USB hub found
 hub 1-0:1.0: 1 port detected
 input: gpio-keys.2 as /devices/soc0/gpio-keys.2/input/input1
-palmas-rtc rtc.7: setting system clock to 2000-02-18 06:12:41 UTC (950854361)
+palmas-rtc rtc.7: setting system clock to 2000-02-24 05:44:59 UTC (951371099)
 ALSA device list:
   #0: NVIDIA Tegra Dalmore
 kjournald starting.  Commit interval 5 seconds
@@ -365,4 +365,4 @@
 Freeing unused kernel memory: 236K (c07c5000 - c0800000)
 bash: cannot set terminal process group (-1): Inappropriate ioctl for device
 bash: no job control in this shell
-I have no name!@(none):/# [   15.199125] usb 1-1: new high-speed USB device number 2 using tegra-ehci
+I have no name!@(none):/# [   15.219639] usb 1-1: new high-speed USB device number 2 using tegra-ehci
Diff for ./tegra114-dalmore-headless/tegra114-dalmore/multi_v7_defconfig_log.txt
--- /tmp/fooa	2013-09-29 16:14:51.160739621 -0700
+++ /tmp/foob	2013-09-29 16:14:51.160739621 -0700
@@ -30,13 +30,13 @@
 Load address: 0x81000000
 Loading: *#################################################  2.8 MiB/s
 done
-Bytes transferred = 3934088 (3c0788 hex)
+Bytes transferred = 3934864 (3c0a90 hex)
 Dalmore #tftpboot 0x82000000 tegra114-dalmore.dtb
 Using asx0 device
 TFTP from server 192.168.100.1; our IP address is 192.168.100.100
 Filename 'tegra114-dalmore.dtb'.
 Load address: 0x82000000
-Loading: *#################################################  2.8 MiB/s
+Loading: *#################################################  2.5 MiB/s
 done
 Bytes transferred = 29073 (7191 hex)
 Dalmore #bootz 0x81000000 - 0x82000000
@@ -49,13 +49,13 @@
 Timer summary in microseconds:
        Mark    Elapsed  Stage
           0          0  awake
-  2,440,640  2,440,640  usb_start
-  6,444,127  4,003,487  eth_start
-  6,444,125         -2  tftp start
- 10,168,007  3,723,882  tftp done
- 11,455,924  1,287,917  start_kernel
+  2,399,142  2,399,142  usb_start
+  6,402,438  4,003,296  eth_start
+  6,402,436         -2  tftp start
+ 10,181,638  3,779,202  tftp done
+ 11,414,215  1,232,577  start_kernel
 Booting Linux on physical CPU 0x0
-Linux version 3.12.0-rc2-23011-g4a10c2a (pwalmsley@tamien) (gcc version 4.5.1 (Sourcery G++ Lite 2010.09-50) ) #1 SMP Mon Sep 23 16:07:43 PDT 2013
+Linux version 3.12.0-rc3-23257-g15c03dd (pwalmsley@tamien) (gcc version 4.5.1 (Sourcery G++ Lite 2010.09-50) ) #1 SMP Sun Sep 29 15:40:02 PDT 2013
 CPU: ARMv7 Processor [412fc0f2] revision 2 (ARMv7), cr=10c5387d
 CPU: PIPT / VIPT nonaliasing data cache, PIPT instruction cache
 Machine: NVIDIA Tegra SoC (Flattened Device Tree), model: NVIDIA Tegra114 Dalmore evaluation board
@@ -77,15 +77,15 @@
 PID hash table entries: 4096 (order: 2, 16384 bytes)
 Dentry cache hash table entries: 131072 (order: 7, 524288 bytes)
 Inode-cache hash table entries: 65536 (order: 6, 262144 bytes)
-Memory: 2070616K/2096128K available (5324K kernel code, 589K rwdata, 1388K rodata, 478K init, 278K bss, 25512K reserved, 1317888K highmem)
+Memory: 2070616K/2096128K available (5328K kernel code, 589K rwdata, 1388K rodata, 478K init, 278K bss, 25512K reserved, 1317888K highmem)
 Virtual kernel memory layout:
     vector  : 0xffff0000 - 0xffff1000   (   4 kB)
     fixmap  : 0xfff00000 - 0xfffe0000   ( 896 kB)
     vmalloc : 0xf0000000 - 0xff000000   ( 240 MB)
     lowmem  : 0xc0000000 - 0xef800000   ( 760 MB)
     pkmap   : 0xbfe00000 - 0xc0000000   (   2 MB)
-      .text : 0xc0008000 - 0xc0696484   (6714 kB)
-      .init : 0xc0697000 - 0xc070eb40   ( 479 kB)
+      .text : 0xc0008000 - 0xc069749c   (6718 kB)
+      .init : 0xc0698000 - 0xc070fb40   ( 479 kB)
       .data : 0xc0710000 - 0xc07a3720   ( 590 kB)
        .bss : 0xc07a3728 - 0xc07e9274   ( 279 kB)
 SLUB: HWalign=64, Order=0-3, MinObjects=0, CPUs=4, Nodes=1
@@ -105,7 +105,7 @@
 /cpus/cpu@2 missing clock-frequency property
 /cpus/cpu@3 missing clock-frequency property
 CPU0: thread -1, cpu 0, socket 0, mpidr 80000000
-Setting up static identity map for 0xc050edf0 - 0xc050ee88
+Setting up static identity map for 0xc050f120 - 0xc050f1b8
 unable to find compatible sirf rstc node in dtb
 CPU1: Booted secondary processor
 CPU1: thread -1, cpu 1, socket 0, mpidr 80000001
@@ -261,7 +261,7 @@
 EXT4-fs (mmcblk0p1): mounted filesystem with ordered data mode. Opts: (null)
 VFS: Mounted root (ext3 filesystem) on device 179:1.
 devtmpfs: mounted
-Freeing unused kernel memory: 476K (c0697000 - c070e000)
+Freeing unused kernel memory: 476K (c0698000 - c070f000)
 bash: cannot set terminal process group (-1): Inappropriate ioctl for device
 bash: no job control in this shell
 I have no name!@(none):/# 
\ No newline at end of file
