
U-Boot SPL 2014.01-00219-gc4d376f (Feb 18 2014 - 19:57:18)


U-Boot 2014.01-00219-gc4d376f (Feb 18 2014 - 19:57:18)

TEGRA30
Board: NVIDIA Beaver
I2C:   ready
DRAM:  2 GiB
MMC:   Tegra SD/MMC: 0, Tegra SD/MMC: 1
In:    serial
Out:   serial
Err:   serial
Net:   Net Initialization Skipped
No ethernet found.
Hit any key to stop autoboot:  2  0 
Tegra30 (Beaver) # 
Tegra30 (Beaver) # usb reset
(Re)start USB...
USB0:   USB EHCI 1.00
scanning bus 0 for devices... 2 USB Device(s) found
       scanning usb for storage devices... 0 Storage Device(s) found
       scanning usb for ethernet devices... 
Warning: asx0 using MAC address from net device
1 Ethernet Device(s) found
Tegra30 (Beaver) # setenv bootargs 'ignore_loglevel console=ttyS0,115200n8 rw root=/dev/mmcblk0p1 rootwait gpt debug init=/bin/bash noinitrd'
Tegra30 (Beaver) # setenv ipaddr 192.168.100.101; setenv serverip 192.168.100.1; setenv tftpserverip 192.168.100.1
Tegra30 (Beaver) # tftpboot 0x81000000 zImage.multi_v7_defconfig
Using asx0 device
TFTP from server 192.168.100.1; our IP address is 192.168.100.101
Filename 'zImage.multi_v7_defconfig'.
Load address: 0x81000000
Loading: *#################################################################
	 #################################################################
	 #################################################################
	 #################################################################
	 #################################################################
	 #################################################################
	 #########################
	 3.3 MiB/s
done
Bytes transferred = 6082800 (5cd0f0 hex)
Tegra30 (Beaver) # tftpboot 0x82000000 tegra30-beaver.dtb
Using asx0 device
TFTP from server 192.168.100.1; our IP address is 192.168.100.101
Filename 'tegra30-beaver.dtb'.
Load address: 0x82000000
Loading: *##
	 2.6 MiB/s
done
Bytes transferred = 24641 (6041 hex)
Tegra30 (Beaver) # bootz 0x81000000 - 0x82000000
Kernel image @ 0x81000000 [ 0x000000 - 0x5cd0f0 ]
## Flattened Device Tree blob at 82000000
   Booting using the fdt blob at 0x82000000
   Loading Device Tree to 8fff6000, end 8ffff040 ... OK

Starting kernel ...

[    0.000000] Booting Linux on physical CPU 0x0
[    0.000000] Linux version 4.0.0-00776-g39a8804 (pwalmsley@sellafield) (gcc version 4.7.3 20130328 (prerelease) (crosstool-NG linaro-1.13.1-4.7-2013.04-20130415 - Linaro GCC 2013.04) ) #1 SMP Mon Apr 13 09:56:56 PDT 2015
[    0.000000] CPU: ARMv7 Processor [412fc099] revision 9 (ARMv7), cr=10c5387d
[    0.000000] CPU: PIPT / VIPT nonaliasing data cache, VIPT aliasing instruction cache
[    0.000000] Machine model: NVIDIA Tegra30 Beaver evaluation board
[    0.000000] debug: ignoring loglevel setting.
[    0.000000] cma: Reserved 64 MiB at 0xfb800000
[    0.000000] Memory policy: Data cache writealloc
[    0.000000] On node 0 totalpages: 524032
[    0.000000] free_area_init_node: node 0, pgdat c0ec7880, node_mem_map ee7f8000
[    0.000000]   DMA zone: 1520 pages used for memmap
[    0.000000]   DMA zone: 0 pages reserved
[    0.000000]   DMA zone: 194560 pages, LIFO batch:31
[    0.000000]   HighMem zone: 329472 pages, LIFO batch:31
[    0.000000] PERCPU: Embedded 11 pages/cpu @ee7b1000 s12480 r8192 d24384 u45056
[    0.000000] pcpu-alloc: s12480 r8192 d24384 u45056 alloc=11*4096
[    0.000000] pcpu-alloc: [0] 0 [0] 1 [0] 2 [0] 3 
[    0.000000] Built 1 zonelists in Zone order, mobility grouping on.  Total pages: 522512
[    0.000000] Kernel command line: ignore_loglevel console=ttyS0,115200n8 rw root=/dev/mmcblk0p1 rootwait gpt debug init=/bin/bash noinitrd
[    0.000000] PID hash table entries: 4096 (order: 2, 16384 bytes)
[    0.000000] Dentry cache hash table entries: 131072 (order: 7, 524288 bytes)
[    0.000000] Inode-cache hash table entries: 65536 (order: 6, 262144 bytes)
[    0.000000] Memory: 1999696K/2096128K available (7834K kernel code, 1013K rwdata, 3412K rodata, 796K init, 316K bss, 30896K reserved, 65536K cma-reserved, 1252352K highmem)
[    0.000000] Virtual kernel memory layout:
[    0.000000]     vector  : 0xffff0000 - 0xffff1000   (   4 kB)
[    0.000000]     fixmap  : 0xffc00000 - 0xfff00000   (3072 kB)
[    0.000000]     vmalloc : 0xf0000000 - 0xff000000   ( 240 MB)
[    0.000000]     lowmem  : 0xc0000000 - 0xef800000   ( 760 MB)
[    0.000000]     pkmap   : 0xbfe00000 - 0xc0000000   (   2 MB)
[    0.000000]     modules : 0xbf000000 - 0xbfe00000   (  14 MB)
[    0.000000]       .text : 0xc0208000 - 0xc0d04b40   (11251 kB)
[    0.000000]       .init : 0xc0d05000 - 0xc0dcc000   ( 796 kB)
[    0.000000]       .data : 0xc0dcc000 - 0xc0ec97a0   (1014 kB)
[    0.000000]        .bss : 0xc0ec97a0 - 0xc0f188a8   ( 317 kB)
[    0.000000] SLUB: HWalign=64, Order=0-3, MinObjects=0, CPUs=4, Nodes=1
[    0.000000] Hierarchical RCU implementation.
[    0.000000] 	Additional per-CPU info printed with stalls.
[    0.000000] 	RCU restricting CPUs from NR_CPUS=16 to nr_cpu_ids=4.
[    0.000000] RCU: Adjusting geometry for rcu_fanout_leaf=16, nr_cpu_ids=4
[    0.000000] NR_IRQS:16 nr_irqs:16 16
[    0.000000] L2C: platform modifies aux control register: 0x02080000 -> 0x3e480001
[    0.000000] L2C: DT/platform modifies aux control register: 0x02080000 -> 0x3e480001
[    0.000000] L2C-310 erratum 769419 enabled
[    0.000000] L2C-310 enabling early BRESP for Cortex-A9
[    0.000000] L2C-310: enabling full line of zeros but not enabled in Cortex-A9
[    0.000000] L2C-310 ID prefetch enabled, offset 1 lines
[    0.000000] L2C-310 dynamic clock gating enabled, standby mode enabled
[    0.000000] L2C-310 cache controller enabled, 8 ways, 1024 kB
[    0.000000] L2C-310: CACHE_ID 0x410000c7, AUX_CTRL 0x7e480001
[    0.000013] sched_clock: 32 bits at 1000kHz, resolution 1000ns, wraps every 2147483648000ns
[    0.000032] Switching to timer-based delay loop, resolution 1000ns
[    0.001186] Console: colour dummy device 80x30
[    0.001207] Calibrating delay loop (skipped), value calculated using timer frequency.. 2.00 BogoMIPS (lpj=5000)
[    0.001215] pid_max: default: 32768 minimum: 301
[    0.001304] Mount-cache hash table entries: 2048 (order: 1, 8192 bytes)
[    0.001311] Mountpoint-cache hash table entries: 2048 (order: 1, 8192 bytes)
[    0.001725] CPU: Testing write buffer coherency: ok
[    0.001926] CPU0: thread -1, cpu 0, socket 0, mpidr 80000000
[    0.001996] Setting up static identity map for 0x809682c8 - 0x80968360
[    0.003102] Tegra Revision: A03 SKU: 128 CPU Process: 4 Core Process: 0
[    0.004278] CPU1: thread -1, cpu 1, socket 0, mpidr 80000001
[    0.005148] CPU2: thread -1, cpu 2, socket 0, mpidr 80000002
[    0.006008] CPU3: thread -1, cpu 3, socket 0, mpidr 80000003
[    0.006048] Brought up 4 CPUs
[    0.006060] SMP: Total of 4 processors activated (8.00 BogoMIPS).
[    0.006065] CPU: All CPU(s) started in SVC mode.
[    0.006496] devtmpfs: initialized
[    0.007019] VFP support v0.3: implementor 41 architecture 3 part 30 variant 9 rev 4
[    0.010611] pinctrl core: initialized pinctrl subsystem
[    0.014534] NET: Registered protocol family 16
[    0.016728] DMA: preallocated 256 KiB pool for atomic coherent allocations
[    0.029958] cpuidle: using governor ladder
[    0.044953] cpuidle: using governor menu
[    0.052775] No ATAGs?
[    0.052805] hw-breakpoint: found 5 (+1 reserved) breakpoint and 1 watchpoint registers.
[    0.052811] hw-breakpoint: maximum watchpoint size is 4 bytes.
[    0.054575] Serial: AMBA PL011 UART driver
[    0.077246] platform regulators:regulator@1: Driver reg-fixed-voltage requests probe deferral
[    0.077288] platform regulators:regulator@2: Driver reg-fixed-voltage requests probe deferral
[    0.077403] vdd_5v_sata: Failed to request enable GPIO30: -517
[    0.077462] reg-fixed-voltage regulators:regulator@3: Failed to register regulator: -517
[    0.077473] platform regulators:regulator@3: Driver reg-fixed-voltage requests probe deferral
[    0.077571] usb1_vbus: Failed to request enable GPIO238: -517
[    0.077622] reg-fixed-voltage regulators:regulator@4: Failed to register regulator: -517
[    0.077632] platform regulators:regulator@4: Driver reg-fixed-voltage requests probe deferral
[    0.077729] usb3_vbus: Failed to request enable GPIO236: -517
[    0.077779] reg-fixed-voltage regulators:regulator@5: Failed to register regulator: -517
[    0.077789] platform regulators:regulator@5: Driver reg-fixed-voltage requests probe deferral
[    0.077827] platform regulators:regulator@6: Driver reg-fixed-voltage requests probe deferral
[    0.077925] sys_3v3_pexs: Failed to request enable GPIO95: -517
[    0.077975] reg-fixed-voltage regulators:regulator@7: Failed to register regulator: -517
[    0.077986] platform regulators:regulator@7: Driver reg-fixed-voltage requests probe deferral
[    0.078095] reg-fixed-voltage regulators:regulator@8: Failed to find supply vin
[    0.078147] reg-fixed-voltage regulators:regulator@8: Failed to register regulator: -517
[    0.078157] platform regulators:regulator@8: Driver reg-fixed-voltage requests probe deferral
[    0.079754] vgaarb: loaded
[    0.080206] SCSI subsystem initialized
[    0.080368] libata version 3.00 loaded.
[    0.080577] usbcore: registered new interface driver usbfs
[    0.080613] usbcore: registered new interface driver hub
[    0.080648] usbcore: registered new device driver usb
[    0.088030] vrtc: supplied by vdd_5v_in
[    0.094964] vdd_1v8_gen: supplied by vdd_5v_in
[    0.099960] vddio_ddr_1v2: supplied by vdd_5v_in
[    0.104961] vdd_1v5_gen: supplied by vdd_5v_in
[    0.112264] vdd_pexa,vdd_pexb: supplied by vdd_1v5_gen
[    0.114973] vdd_sata,avdd_plle: supplied by vdd_1v5_gen
[    0.117315] ldo3: supplied by vdd_5v_in
[    0.119961] vdd_rtc: supplied by vdd_5v_in
[    0.124963] vddio_sdmmc,avdd_vdac: supplied by vdd_5v_in
[    0.127642] avdd_dsi_csi,pwrdet_mipi: supplied by vdd_1v8_gen
[    0.134957] vdd_pllm,x,u,a_p_c_s: supplied by vdd_1v8_gen
[    0.139959] vdd_ddr_hs: supplied by vdd_1v8_gen
[    0.141766] media: Linux media interface: v0.10
[    0.141800] Linux video capture interface: v2.00
[    0.141838] pps_core: LinuxPPS API ver. 1 registered
[    0.141842] pps_core: Software ver. 5.3.6 - Copyright 2005-2007 Rodolfo Giometti <giometti@linux.it>
[    0.141857] PTP clock support registered
[    0.142017] EDAC MC: Ver: 3.0.0
[    0.142659] Advanced Linux Sound Architecture Driver Initialized.
[    0.143417] Switched to clocksource timer_us
[    0.149548] NET: Registered protocol family 2
[    0.149997] TCP established hash table entries: 8192 (order: 3, 32768 bytes)
[    0.150046] TCP bind hash table entries: 8192 (order: 4, 65536 bytes)
[    0.150122] TCP: Hash tables configured (established 8192 bind 8192)
[    0.150193] TCP: reno registered
[    0.150207] UDP hash table entries: 512 (order: 2, 16384 bytes)
[    0.150260] UDP-Lite hash table entries: 512 (order: 2, 16384 bytes)
[    0.150434] NET: Registered protocol family 1
[    0.150654] RPC: Registered named UNIX socket transport module.
[    0.150660] RPC: Registered udp transport module.
[    0.150664] RPC: Registered tcp transport module.
[    0.150667] RPC: Registered tcp NFSv4.1 backchannel transport module.
[    0.150683] PCI: CLS 0 bytes, default 64
[    0.151372] hw perfevents: enabled with armv7_cortex_a9 PMU driver, 7 counters available
[    0.152274] futex hash table entries: 1024 (order: 4, 65536 bytes)
[    0.158475] squashfs: version 4.0 (2009/01/31) Phillip Lougher
[    0.158952] NFS: Registering the id_resolver key type
[    0.158993] Key type id_resolver registered
[    0.158997] Key type id_legacy registered
[    0.159039] ntfs: driver 2.1.31 [Flags: R/O].
[    0.159743] bounce: pool size: 64 pages
[    0.159871] Block layer SCSI generic (bsg) driver version 0.4 loaded (major 248)
[    0.159884] io scheduler noop registered
[    0.159891] io scheduler deadline registered
[    0.159985] io scheduler cfq registered (default)
[    0.166065] tegra-pcie 3000.pcie-controller: 2x3 configuration
[    0.166168] tegra-pcie 3000.pcie-controller: Failed to get supply 'hvdd-pex': -517
[    0.166228] platform 3000.pcie-controller: Driver tegra-pcie requests probe deferral
[    0.169524] tegra-apbdma 6000a000.dma: Tegra20 APB DMA driver register 32 channels
[    0.169986] tegra-pmc 7000e400.pmc: i2c-thermtrip node not found, emergency thermal reset disabled.
[    0.204677] Serial: 8250/16550 driver, 4 ports, IRQ sharing disabled
[    0.206167] SuperH (H)SCI(F) driver initialized
[    0.206604] msm_serial: driver initialized
[    0.207217] console [ttyS0] disabled
[    0.207255] 70006000.serial: ttyS0 at MMIO 0x70006000 (irq = 331, base_baud = 25500000) is a Tegra
[    1.132114] console [ttyS0] enabled
[    1.136121] STMicroelectronics ASC driver initialized
[    1.142560] [drm] Initialized drm 1.1.0 20060810
[    1.148172] tegra-hdmi 54280000.hdmi: failed to get HDMI regulator
[    1.154363] platform 54280000.hdmi: Driver tegra-hdmi requests probe deferral
[    1.165973] loop: module loaded
[    1.173341] m25p80 spi32766.1: w25q32 (4096 Kbytes)
[    1.179986] CAN device driver interface
[    1.184505] igb: Intel(R) Gigabit Ethernet Network Driver - version 5.2.15-k
[    1.191545] igb: Copyright (c) 2007-2014 Intel Corporation.
[    1.198301] pegasus: v0.9.3 (2013/04/25), Pegasus/Pegasus II USB Ethernet driver
[    1.205739] usbcore: registered new interface driver pegasus
[    1.211426] usbcore: registered new interface driver asix
[    1.216844] usbcore: registered new interface driver ax88179_178a
[    1.222964] usbcore: registered new interface driver cdc_ether
[    1.228825] usbcore: registered new interface driver smsc75xx
[    1.234597] usbcore: registered new interface driver smsc95xx
[    1.240362] usbcore: registered new interface driver net1080
[    1.246038] usbcore: registered new interface driver cdc_subset
[    1.251973] usbcore: registered new interface driver zaurus
[    1.257599] usbcore: registered new interface driver cdc_ncm
[    1.263940] ehci_hcd: USB 2.0 'Enhanced' Host Controller (EHCI) Driver
[    1.270464] ehci-pci: EHCI PCI platform driver
[    1.274932] ehci-platform: EHCI generic platform driver
[    1.280271] ehci-omap: OMAP-EHCI Host Controller driver
[    1.285566] ehci-orion: EHCI orion driver
[    1.289645] SPEAr-ehci: EHCI SPEAr driver
[    1.293741] ehci-st: EHCI STMicroelectronics driver
[    1.298690] ehci-exynos: EHCI EXYNOS driver
[    1.302950] tegra-ehci: Tegra EHCI driver
[    1.307132] platform 7d004000.usb: Driver tegra-ehci requests probe deferral
[    1.314229] platform 7d008000.usb: Driver tegra-ehci requests probe deferral
[    1.321307] ohci_hcd: USB 1.1 'Open' Host Controller (OHCI) Driver
[    1.327494] ohci-pci: OHCI PCI platform driver
[    1.331965] ohci-platform: OHCI generic platform driver
[    1.337288] ohci-omap3: OHCI OMAP3 driver
[    1.341371] SPEAr-ohci: OHCI SPEAr driver
[    1.345452] ohci-st: OHCI STMicroelectronics driver
[    1.350439] usbcore: registered new interface driver usb-storage
[    1.356605] platform 7d004000.usb-phy: Driver tegra-phy requests probe deferral
[    1.363959] platform 7d008000.usb-phy: Driver tegra-phy requests probe deferral
[    1.372285] mousedev: PS/2 mouse device common for all mice
[    1.379787] tegra_rtc 7000e000.rtc: rtc core: registered 7000e000.rtc as rtc1
[    1.386952] tegra_rtc 7000e000.rtc: Tegra internal Real Time Clock
[    1.405721] tps65910-rtc tps65910-rtc: rtc core: registered tps65910-rtc as rtc0
[    1.413230] i2c /dev entries driver
[    1.418318] usbcore: registered new interface driver uvcvideo
[    1.424068] USB Video Class driver (1.1.1)
[    1.428153] gspca_main: v2.14.0 registered
[    1.434548] Driver 'mmcblk' needs updating - please use bus_type methods
[    1.441296] sdhci: Secure Digital Host Controller Interface driver
[    1.447468] sdhci: Copyright(c) Pierre Ossman
[    1.452523] Synopsys Designware Multimedia Card Interface Driver
[    1.459119] sdhci-pltfm: SDHCI platform and OF driver helper
[    1.465216] sdhci-tegra 78000000.sdhci: Got CD GPIO
[    1.470101] sdhci-tegra 78000000.sdhci: Got WP GPIO
[    1.476101] sdhci-tegra 78000000.sdhci: No vmmc regulator found
[    1.482018] sdhci-tegra 78000000.sdhci: No vqmmc regulator found
[    1.488016] mmc0: Invalid maximum block size, assuming 512 bytes
[    1.528495] mmc0: SDHCI controller on 78000000.sdhci [78000000.sdhci] using ADMA
[    1.537044] sdhci-tegra 78000600.sdhci: No vmmc regulator found
[    1.542962] sdhci-tegra 78000600.sdhci: No vqmmc regulator found
[    1.548960] mmc1: Invalid maximum block size, assuming 512 bytes
[    1.588426] mmc1: SDHCI controller on 78000600.sdhci [78000600.sdhci] using ADMA
[    1.600570] ledtrig-cpu: registered to indicate activity on CPUs
[    1.606731] usbcore: registered new interface driver usbhid
[    1.612305] usbhid: USB HID core driver
[    1.618093] usbcore: registered new interface driver snd-usb-audio
[    1.698627] mmc1: new high speed MMC card at address 0001
[    1.704263] mmcblk0: mmc1:0001 SEM16G 14.8 GiB 
[    1.708870] mmcblk0boot0: mmc1:0001 SEM16G partition 1 1.00 MiB
[    1.714856] mmcblk0boot1: mmc1:0001 SEM16G partition 2 1.00 MiB
[    1.720839] mmcblk0rpmb: mmc1:0001 SEM16G partition 3 128 KiB
[    1.729289] Primary GPT is invalid, using alternate GPT.
[    1.734617]  mmcblk0: p1 p2 p3 p4 p5
[    2.039801] tegra30-i2s 70080400.i2s: DMA channels sourced from device 70080000.ahub
[    2.055429] tegra-snd-rt5640 sound: rt5640-aif1 <-> 70080400.i2s mapping ok
[    2.064395] input: NVIDIA Tegra Beaver Headphones as /devices/soc0/sound/sound/card0/input0
[    2.073722] TCP: cubic registered
[    2.077034] NET: Registered protocol family 17
[    2.081496] can: controller area network core (rev 20120528 abi 9)
[    2.087719] NET: Registered protocol family 29
[    2.092164] can: raw protocol (rev 20120528)
[    2.096432] can: broadcast manager protocol (rev 20120528 t)
[    2.102088] can: netlink gateway (rev 20130117) max_hops=1
[    2.107850] Key type dns_resolver registered
[    2.112505] ThumbEE CPU extension supported.
[    2.116784] Registering SWP/SWPB emulation handler
[    2.127392] vdd_ddr: supplied by vdd_5v_in
[    2.131759] vdd_5v_sata: supplied by vdd_5v_in
[    2.136426] usb1_vbus: supplied by vdd_5v_in
[    2.140911] usb3_vbus: supplied by vdd_5v_in
[    2.146801] sys_3v3,vdd_3v3_alw: supplied by vdd_5v_in
[    2.152151] sys_3v3_pexs: supplied by sys_3v3,vdd_3v3_alw
[    2.157760] +VDD_5V_HDMI: supplied by sys_3v3,vdd_3v3_alw
[    2.163599] tegra-pcie 3000.pcie-controller: 2x3 configuration
[    2.171602] tegra-pcie 3000.pcie-controller: probing port 0, using 2 lanes
[    2.236760] tegra-pcie 3000.pcie-controller: probing port 2, using 2 lanes
[    2.647483] tegra-pcie 3000.pcie-controller: link 2 down, retrying
[    3.057507] tegra-pcie 3000.pcie-controller: link 2 down, retrying
[    3.467534] tegra-pcie 3000.pcie-controller: link 2 down, retrying
[    3.475725] tegra-pcie 3000.pcie-controller: link 2 down, ignoring
[    3.482018] tegra-pcie 3000.pcie-controller: PCI host bridge to bus 0000:00
[    3.488979] pci_bus 0000:00: root bus resource [mem 0x20000000-0x27ffffff]
[    3.495846] pci_bus 0000:00: root bus resource [mem 0x28000000-0x3fffffff pref]
[    3.503144] pci_bus 0000:00: root bus resource [bus 00-ff]
[    3.508629] pci_bus 0000:00: root bus resource [io  0x1000-0xffff]
[    3.514824] pci 0000:00:01.0: [10de:0e1c] type 01 class 0x060400
[    3.520884] pci 0000:00:01.0: PME# supported from D0 D1 D2 D3hot D3cold
[    3.527632] PCI: bus0: Fast back to back transfers disabled
[    3.533205] pci 0000:00:01.0: bridge configuration invalid ([bus 00-00]), reconfiguring
[    3.541306] pci 0000:01:00.0: [10ec:8168] type 00 class 0x020000
[    3.547323] pci 0000:01:00.0: reg 0x10: [io  0x0000-0x00ff]
[    3.552903] pci 0000:01:00.0: reg 0x18: [mem 0x00000000-0x00000fff 64bit pref]
[    3.560124] pci 0000:01:00.0: reg 0x20: [mem 0x00000000-0x00003fff 64bit pref]
[    3.567404] pci 0000:01:00.0: supports D1 D2
[    3.571669] pci 0000:01:00.0: PME# supported from D0 D1 D2 D3hot D3cold
[    3.583439] PCI: bus1: Fast back to back transfers disabled
[    3.589011] pci_bus 0000:01: busn_res: [bus 01-ff] end is updated to 01
[    3.595666] pci 0000:00:01.0: BAR 9: assigned [mem 0x28000000-0x280fffff 64bit pref]
[    3.603404] pci 0000:00:01.0: BAR 7: assigned [io  0x1000-0x1fff]
[    3.609498] pci 0000:01:00.0: BAR 4: assigned [mem 0x28000000-0x28003fff 64bit pref]
[    3.617239] pci 0000:01:00.0: BAR 2: assigned [mem 0x28004000-0x28004fff 64bit pref]
[    3.624978] pci 0000:01:00.0: BAR 0: assigned [io  0x1000-0x10ff]
[    3.631065] pci 0000:00:01.0: PCI bridge to [bus 01]
[    3.636024] pci 0000:00:01.0:   bridge window [io  0x1000-0x1fff]
[    3.642110] pci 0000:00:01.0:   bridge window [mem 0x28000000-0x280fffff 64bit pref]
[    3.649853] pci 0000:00:01.0: nv_msi_ht_cap_quirk didn't locate host bridge
[    3.656866] pcieport 0000:00:01.0: enabling device (0140 -> 0143)
[    3.663089] pcieport 0000:00:01.0: Signaling PME through PCIe PME interrupt
[    3.670046] pci 0000:01:00.0: Signaling PME through PCIe PME interrupt
[    3.676566] pcie_pme 0000:00:01.0:pcie01: service driver pcie_pme loaded
[    3.683428] r8169 Gigabit Ethernet driver 2.3LK-NAPI loaded
[    3.689010] r8169 0000:01:00.0: enabling device (0140 -> 0143)
[    3.695500] r8169 0000:01:00.0 eth0: RTL8168evl/8111evl at 0xf00e8000, 02:04:4b:01:60:a6, XID 0c900800 IRQ 375
[    3.705498] r8169 0000:01:00.0 eth0: jumbo features [frames: 9200 bytes, tx checksumming: ko]
[    3.715766] [drm] Supports vblank timestamp caching Rev 2 (21.10.2013).
[    3.722403] [drm] No driver support for vblank timestamp query.
[    3.728337] drm drm: No connectors reported connected with modes
[    3.734346] [drm] Cannot find any crtc or sizes - going 1024x768
[    3.760328] Console: switching to colour frame buffer device 128x48
[    3.772627] drm drm: fb0:  frame buffer device
[    3.777065] drm drm: registered panic notifier
[    3.793818] [drm] Initialized tegra 0.0.0 20120330 on minor 0
[    3.800382] platform 7d004000.usb: Driver tegra-ehci requests probe deferral
[    3.808184] platform 7d008000.usb: Driver tegra-ehci requests probe deferral
[    3.819102] utmi_phy_clk_enable: timeout waiting for phy to stabilize
[    3.825557] tegra-ehci 7d004000.usb: EHCI Host Controller
[    3.830964] tegra-ehci 7d004000.usb: new USB bus registered, assigned bus number 1
[    3.838801] tegra-ehci 7d004000.usb: irq 343, io mem 0x7d004000
[    3.853433] tegra-ehci 7d004000.usb: USB 2.0 started, EHCI 1.00
[    3.860250] hub 1-0:1.0: USB hub found
[    3.864034] hub 1-0:1.0: 1 port detected
[    3.868723] tegra-ehci 7d008000.usb: EHCI Host Controller
[    3.874140] tegra-ehci 7d008000.usb: new USB bus registered, assigned bus number 2
[    3.881877] tegra-ehci 7d008000.usb: irq 344, io mem 0x7d008000
[    3.893828] tegra-ehci 7d008000.usb: USB 2.0 started, EHCI 1.00
[    3.900160] hub 2-0:1.0: USB hub found
[    3.903936] hub 2-0:1.0: 1 port detected
[    3.913243] tps65910-rtc tps65910-rtc: setting system clock to 2000-01-01 00:00:02 UTC (946684802)
[    3.926686] usb1_vbus: disabling
[    3.929985] vdd_sata,avdd_plle: disabling
[    3.934542] ALSA device list:
[    3.937501]   #0: NVIDIA Tegra Beaver
[    3.942961] EXT4-fs (mmcblk0p1): mounting ext3 file system using the ext4 subsystem
[    3.956771] EXT4-fs (mmcblk0p1): warning: mounting fs with errors, running e2fsck is recommended
[    3.967039] EXT4-fs (mmcblk0p1): recovery complete
[    3.971837] EXT4-fs (mmcblk0p1): mounted filesystem with ordered data mode. Opts: (null)
[    3.979950] VFS: Mounted root (ext3 filesystem) on device 179:1.
[    3.995424] devtmpfs: mounted
[    3.999090] Freeing unused kernel memory: 796K (c0d05000 - c0dcc000)
bash: cannot set terminal process group (-1): Inappropriate ioctl for device
bash: no job control in this shell
root@(none):/# [    4.213468] usb 2-1: new high-speed USB device number 2 using tegra-ehci
