

U-Boot 2015.04-00466-gedec83e90172 (Mar 14 2016 - 10:42:01)

TEGRA124
Model: Acer Chromebook 13 CB5-311
DRAM:  4 GiB
:   Tegra SD/MMC: 0, Tegra SD/MMC: 1, Tegra SD/MMC: 2
MMC init failed
Using default environment

In:    serial
Out:   serial
Err:   serial
Net:   Net Initialization Skipped
No ethernet found.
Hit any key to stop autoboot:  2  0 
Tegra124 (Nyan-big) # 
Tegra124 (Nyan-big) # usb start
starting USB...
USB0:   USB EHCI 1.10
scanning bus 0 for devices... 2 USB Device(s) found
USB1:   USB EHCI 1.10
scanning bus 1 for devices... 2 USB Device(s) found
       scanning usb for storage devices... 1 Storage Device(s) found
       scanning usb for ethernet devices... 
Warning: asx0 using MAC address from net device
1 Ethernet Device(s) found
Tegra124 (Nyan-big) # mw 0x7000e4a0 0x00080000
Tegra124 (Nyan-big) # setenv bootargs 'ignore_loglevel console=ttyS0,115200n8 rw root=PARTUUID=4d36e82a-b3c0-4b4b-bfcd-afe5217ac023 rootwait gpt debug noinitrd earlyprintk init=/bin/bash'
Tegra124 (Nyan-big) # setenv ipaddr 192.168.100.102; setenv serverip 192.168.100.1; setenv tftpserverip 192.168.100.1
Tegra124 (Nyan-big) # tftpboot 0x82000000 zImage.multi_v7_defconfig
Using asx0 device
TFTP from server 192.168.100.1; our IP address is 192.168.100.102
Filename 'zImage.multi_v7_defconfig'.
Load address: 0x82000000
Loading: *#################################################################
	 #################################################################
	 #################################################################
	 #################################################################
	 #################################################################
	 #################################################################
	 #################################################################
	 #################################################################
	 #####################################
	 3.1 MiB/s
done
Bytes transferred = 8167936 (7ca200 hex)
Tegra124 (Nyan-big) # tftpboot 0x83000000 tegra124-nyan-big.dtb
Using asx0 device
TFTP from server 192.168.100.1; our IP address is 192.168.100.102
Filename 'tegra124-nyan-big.dtb'.
Load address: 0x83000000
Loading: *#####
	 3.3 MiB/s
done
Bytes transferred = 68203 (10a6b hex)
Tegra124 (Nyan-big) # bootz 0x82000000 - 0x83000000
Kernel image @ 0x82000000 [ 0x000000 - 0x7ca200 ]
## Flattened Device Tree blob at 83000000
   Booting using the fdt blob at 0x83000000
   Using Device Tree in place at 83000000, end 83013a6a

Starting kernel ...

[    0.000000] Booting Linux on physical CPU 0x0
[    0.000000] Linux version 4.14.0-rc8-201588-g39dae59 (jonathanh@sellafield) (gcc version 4.7.3 20130328 (prerelease) (crosstool-NG linaro-1.13.1-4.7-2013.04-20130415 - Linaro GCC 2013.04)) #1 SMP Sun Nov 5 13:36:06 PST 2017
[    0.000000] CPU: ARMv7 Processor [413fc0f3] revision 3 (ARMv7), cr=10c5387d
[    0.000000] CPU: div instructions available: patching division code
[    0.000000] CPU: PIPT / VIPT nonaliasing data cache, PIPT instruction cache
[    0.000000] OF: fdt: Machine model: Acer Chromebook 13 CB5-311
[    0.000000] OF: fdt: Ignoring memory range 0x100000000 - 0x17ffff000
[    0.000000] debug: ignoring loglevel setting.
[    0.000000] Memory policy: Data cache writealloc
[    0.000000] efi: Getting EFI parameters from FDT:
[    0.000000] efi: UEFI not found.
[    0.000000] cma: Reserved 64 MiB at 0xfb800000
[    0.000000] On node 0 totalpages: 524287
[    0.000000] free_area_init_node: node 0, pgdat c158fa80, node_mem_map eeff8000
[    0.000000]   DMA zone: 1536 pages used for memmap
[    0.000000]   DMA zone: 0 pages reserved
[    0.000000]   DMA zone: 196608 pages, LIFO batch:31
[    0.000000]   HighMem zone: 327679 pages, LIFO batch:31
[    0.000000] random: fast init done
[    0.000000] percpu: Embedded 17 pages/cpu @eef81000 s39424 r8192 d22016 u69632
[    0.000000] pcpu-alloc: s39424 r8192 d22016 u69632 alloc=17*4096
[    0.000000] pcpu-alloc: [0] 0 [0] 1 [0] 2 [0] 3 
[    0.000000] Built 1 zonelists, mobility grouping on.  Total pages: 522751
[    0.000000] Kernel command line: ignore_loglevel console=ttyS0,115200n8 rw root=PARTUUID=4d36e82a-b3c0-4b4b-bfcd-afe5217ac023 rootwait gpt debug noinitrd earlyprintk init=/bin/bash
[    0.000000] PID hash table entries: 4096 (order: 2, 16384 bytes)
[    0.000000] Dentry cache hash table entries: 131072 (order: 7, 524288 bytes)
[    0.000000] Inode-cache hash table entries: 65536 (order: 6, 262144 bytes)
[    0.000000] Memory: 1994372K/2097148K available (10240K kernel code, 1631K rwdata, 4504K rodata, 2048K init, 406K bss, 37240K reserved, 65536K cma-reserved, 1245180K highmem)
[    0.000000] Virtual kernel memory layout:
[    0.000000]     vector  : 0xffff0000 - 0xffff1000   (   4 kB)
[    0.000000]     fixmap  : 0xffc00000 - 0xfff00000   (3072 kB)
[    0.000000]     vmalloc : 0xf0800000 - 0xff800000   ( 240 MB)
[    0.000000]     lowmem  : 0xc0000000 - 0xf0000000   ( 768 MB)
[    0.000000]     pkmap   : 0xbfe00000 - 0xc0000000   (   2 MB)
[    0.000000]     modules : 0xbf000000 - 0xbfe00000   (  14 MB)
[    0.000000]       .text : 0xc0208000 - 0xc0d00000   (11232 kB)
[    0.000000]       .init : 0xc1200000 - 0xc1400000   (2048 kB)
[    0.000000]       .data : 0xc1400000 - 0xc1597f28   (1632 kB)
[    0.000000]        .bss : 0xc15a0b9c - 0xc16064fc   ( 407 kB)
[    0.000000] SLUB: HWalign=64, Order=0-3, MinObjects=0, CPUs=4, Nodes=1
[    0.000000] Hierarchical RCU implementation.
[    0.000000] 	RCU event tracing is enabled.
[    0.000000] 	RCU restricting CPUs from NR_CPUS=16 to nr_cpu_ids=4.
[    0.000000] RCU: Adjusting geometry for rcu_fanout_leaf=16, nr_cpu_ids=4
[    0.000000] NR_IRQS: 16, nr_irqs: 16, preallocated irqs: 16
[    0.000000] /interrupt-controller@60004000: 160 interrupts forwarded to /interrupt-controller@50041000
[    0.000000] Tegra clk 127: register failed with -17
[    0.000003] sched_clock: 32 bits at 1000kHz, resolution 1000ns, wraps every 2147483647500ns
[    0.000011] clocksource: timer_us: mask: 0xffffffff max_cycles: 0xffffffff, max_idle_ns: 1911260446275 ns
[    0.000017] Switching to timer-based delay loop, resolution 1000ns
[    0.001731] arch_timer: cp15 timer(s) running at 12.00MHz (virt).
[    0.001738] clocksource: arch_sys_counter: mask: 0xffffffffffffff max_cycles: 0x2c47f4ee7, max_idle_ns: 440795202497 ns
[    0.001746] sched_clock: 56 bits at 12MHz, resolution 83ns, wraps every 4398046511096ns
[    0.001750] Switching to timer-based delay loop, resolution 83ns
[    0.001970] Console: colour dummy device 80x30
[    0.001986] Calibrating delay loop (skipped), value calculated using timer frequency.. 24.00 BogoMIPS (lpj=120000)
[    0.001992] pid_max: default: 32768 minimum: 301
[    0.002034] Mount-cache hash table entries: 2048 (order: 1, 8192 bytes)
[    0.002039] Mountpoint-cache hash table entries: 2048 (order: 1, 8192 bytes)
[    0.002244] CPU: Testing write buffer coherency: ok
[    0.002369] /cpus/cpu@0 missing clock-frequency property
[    0.002384] /cpus/cpu@1 missing clock-frequency property
[    0.002399] /cpus/cpu@2 missing clock-frequency property
[    0.002414] /cpus/cpu@3 missing clock-frequency property
[    0.002419] CPU0: thread -1, cpu 0, socket 0, mpidr 80000000
[    0.002539] Setting up static identity map for 0x80300000 - 0x803000a0
[    0.003234] Hierarchical SRCU implementation.
[    0.003910] Tegra Revision: A01 SKU: 131 CPU Process: 1 SoC Process: 1
[    0.004178] EFI services will not be available.
[    0.004237] smp: Bringing up secondary CPUs ...
[    0.004465] CPU1: thread -1, cpu 1, socket 0, mpidr 80000001
[    0.011942] CPU2: thread -1, cpu 2, socket 0, mpidr 80000002
[    0.021954] CPU3: thread -1, cpu 3, socket 0, mpidr 80000003
[    0.031731] smp: Brought up 1 node, 4 CPUs
[    0.031739] SMP: Total of 4 processors activated (96.00 BogoMIPS).
[    0.031743] CPU: All CPU(s) started in SVC mode.
[    0.032302] devtmpfs: initialized
[    0.037229] VFP support v0.3: implementor 41 architecture 4 part 30 variant f rev 0
[    0.037428] clocksource: jiffies: mask: 0xffffffff max_cycles: 0xffffffff, max_idle_ns: 19112604462750000 ns
[    0.037436] futex hash table entries: 1024 (order: 4, 65536 bytes)
[    0.038008] pinctrl core: initialized pinctrl subsystem
[    0.038632] DMI not present or invalid.
[    0.038736] NET: Registered protocol family 16
[    0.039488] DMA: preallocated 256 KiB pool for atomic coherent allocations
[    0.040351] cpuidle: using governor menu
[    0.048608] No ATAGs?
[    0.048663] hw-breakpoint: found 5 (+1 reserved) breakpoint and 4 watchpoint registers.
[    0.048670] hw-breakpoint: maximum watchpoint size is 8 bytes.
[    0.051436] Serial: AMBA PL011 UART driver
[    0.051800] tegra-mc 70019000.memory-controller: no memory timings for RAM code 0 registered
[    0.051911] iommu: Adding device reg-dummy to group 0
[    0.051938] iommu: Adding device 50000000.host1x to group 1
[    0.051963] iommu: Adding device 54200000.dc to group 2
[    0.051992] iommu: Adding device 54240000.dc to group 3
[    0.052005] iommu: Adding device 54280000.hdmi to group 4
[    0.052016] iommu: Adding device 54540000.sor to group 5
[    0.052029] iommu: Adding device 545c0000.dpaux to group 6
[    0.052053] iommu: Adding device 57000000.gpu to group 7
[    0.052064] iommu: Adding device 60005000.timer to group 8
[    0.052074] iommu: Adding device 60007000.flow-controller to group 9
[    0.052084] iommu: Adding device 6000c800.actmon to group 10
[    0.052095] iommu: Adding device 6000d000.gpio to group 11
[    0.052107] iommu: Adding device 60020000.dma to group 12
[    0.052117] iommu: Adding device 70000800.apbmisc to group 13
[    0.052128] iommu: Adding device 70000868.pinmux to group 14
[    0.052138] iommu: Adding device 70006000.serial to group 15
[    0.052151] iommu: Adding device 7000a000.pwm to group 16
[    0.052161] iommu: Adding device 7000c000.i2c to group 17
[    0.052171] iommu: Adding device 7000c400.i2c to group 18
[    0.052181] iommu: Adding device 7000c500.i2c to group 19
[    0.052194] iommu: Adding device 7000c700.i2c to group 20
[    0.052205] iommu: Adding device 7000d000.i2c to group 21
[    0.052217] iommu: Adding device 7000d400.spi to group 22
[    0.052227] iommu: Adding device 7000da00.spi to group 23
[    0.052238] iommu: Adding device 7000e000.rtc to group 24
[    0.052249] iommu: Adding device 7000e400.pmc to group 25
[    0.052259] iommu: Adding device 7000f800.fuse to group 26
[    0.052272] iommu: Adding device 70019000.memory-controller to group 27
[    0.052283] iommu: Adding device 7001b000.emc to group 28
[    0.052294] iommu: Adding device 70030000.hda to group 29
[    0.052305] iommu: Adding device 70090000.usb to group 30
[    0.052316] iommu: Adding device 7009f000.padctl to group 31
[    0.052327] iommu: Adding device 700b0000.sdhci to group 32
[    0.052337] iommu: Adding device 700b0400.sdhci to group 33
[    0.052348] iommu: Adding device 700b0600.sdhci to group 34
[    0.052358] iommu: Adding device 700e2000.thermal-sensor to group 35
[    0.052369] iommu: Adding device 70300000.ahub to group 36
[    0.052381] iommu: Adding device pmu to group 37
[    0.052394] iommu: Adding device timer to group 38
[    0.052404] iommu: Adding device sdhci0_pwrseq to group 39
[    0.052415] iommu: Adding device backlight to group 40
[    0.052425] iommu: Adding device clocks to group 41
[    0.052435] iommu: Adding device gpio-keys to group 42
[    0.052445] iommu: Adding device regulators to group 43
[    0.052455] iommu: Adding device regulators:regulator@0 to group 44
[    0.052465] iommu: Adding device regulators:regulator@1 to group 45
[    0.052478] iommu: Adding device regulators:regulator@2 to group 46
[    0.052488] iommu: Adding device regulators:regulator@3 to group 47
[    0.052501] iommu: Adding device regulators:regulator@4 to group 48
[    0.052511] iommu: Adding device regulators:regulator@5 to group 49
[    0.052522] iommu: Adding device regulators:regulator@6 to group 50
[    0.052532] iommu: Adding device regulators:regulator@7 to group 51
[    0.052543] iommu: Adding device regulators:regulator@8 to group 52
[    0.052555] iommu: Adding device regulators:regulator@9 to group 53
[    0.052567] iommu: Adding device regulators:regulator@10 to group 54
[    0.052578] iommu: Adding device regulators:regulator@11 to group 55
[    0.052588] iommu: Adding device regulators:regulator@12 to group 56
[    0.052599] iommu: Adding device sound to group 57
[    0.052609] iommu: Adding device gpio-restart to group 58
[    0.052622] iommu: Adding device panel to group 59
[    0.057679] AT91: Could not find identification node
[    0.057887] +5V_SYS: supplied by +VDD_MUX
[    0.057985] +3.3V_SYS: supplied by +VDD_MUX
[    0.058200] +VDD_LED: Failed to request enable GPIO122: -517
[    0.058206] reg-fixed-voltage regulators:regulator@5: Failed to register regulator: -517
[    0.058240] +5V_VDD_TS_SW: Failed to request enable GPIO81: -517
[    0.058245] reg-fixed-voltage regulators:regulator@6: Failed to register regulator: -517
[    0.058278] +5V_USB_HS: Failed to request enable GPIO108: -517
[    0.058282] reg-fixed-voltage regulators:regulator@7: Failed to register regulator: -517
[    0.058314] +5V_USB_SS: Failed to request enable GPIO109: -517
[    0.058319] reg-fixed-voltage regulators:regulator@8: Failed to register regulator: -517
[    0.058409] +1.05V_RUN_AVDD_HDMI_PLL: Failed to request enable GPIO63: -517
[    0.058413] reg-fixed-voltage regulators:regulator@11: Failed to register regulator: -517
[    0.058446] +5V_HDMI_CON: Failed to request enable GPIO86: -517
[    0.058450] reg-fixed-voltage regulators:regulator@12: Failed to register regulator: -517
[    0.059435] vgaarb: loaded
[    0.059692] SCSI subsystem initialized
[    0.059762] libata version 3.00 loaded.
[    0.059838] usbcore: registered new interface driver usbfs
[    0.059855] usbcore: registered new interface driver hub
[    0.059877] usbcore: registered new device driver usb
[    0.061161] pps_core: LinuxPPS API ver. 1 registered
[    0.061164] pps_core: Software ver. 5.3.6 - Copyright 2005-2007 Rodolfo Giometti <giometti@linux.it>
[    0.061172] PTP clock support registered
[    0.061237] EDAC MC: Ver: 3.0.0
[    0.061342] dmi: Firmware registration failed.
[    0.061640] tegra-emc 7001b000.emc: no memory timings for RAM code 0 found in DT
[    0.061650] tegra-emc: probe of 7001b000.emc failed with error -2
[    0.062095] clocksource: Switched to clocksource arch_sys_counter
[    0.081306] NET: Registered protocol family 2
[    0.081499] TCP established hash table entries: 8192 (order: 3, 32768 bytes)
[    0.081533] TCP bind hash table entries: 8192 (order: 4, 65536 bytes)
[    0.081595] TCP: Hash tables configured (established 8192 bind 8192)
[    0.081628] UDP hash table entries: 512 (order: 2, 16384 bytes)
[    0.081643] UDP-Lite hash table entries: 512 (order: 2, 16384 bytes)
[    0.081703] NET: Registered protocol family 1
[    0.081853] RPC: Registered named UNIX socket transport module.
[    0.081857] RPC: Registered udp transport module.
[    0.081860] RPC: Registered tcp transport module.
[    0.081863] RPC: Registered tcp NFSv4.1 backchannel transport module.
[    0.081869] PCI: CLS 0 bytes, default 64
[    0.082455] hw perfevents: enabled with armv7_cortex_a15 PMU driver, 7 counters available
[    0.082734] iommu: Adding device alarmtimer to group 60
[    0.083088] workingset: timestamp_bits=30 max_order=19 bucket_order=0
[    0.085083] squashfs: version 4.0 (2009/01/31) Phillip Lougher
[    0.085297] NFS: Registering the id_resolver key type
[    0.085313] Key type id_resolver registered
[    0.085317] Key type id_legacy registered
[    0.085332] ntfs: driver 2.1.32 [Flags: R/O].
[    0.085826] bounce: pool size: 64 pages
[    0.085847] Block layer SCSI generic (bsg) driver version 0.4 loaded (major 248)
[    0.085852] io scheduler noop registered
[    0.085855] io scheduler deadline registered
[    0.085928] io scheduler cfq registered (default)
[    0.085932] io scheduler mq-deadline registered
[    0.085935] io scheduler kyber registered
[    0.087195] tegra-xusb-padctl 7009f000.padctl: failed to setup XUSB ports: -517
[    0.097659] tegra-apbdma 60020000.dma: Tegra20 APB DMA driver register 32 channels
[    0.098665] tegra-pmc 7000e400.pmc: i2c-thermtrip node not found, emergency thermal reset disabled.
[    0.115346] Serial: 8250/16550 driver, 4 ports, IRQ sharing disabled
[    0.115392] iommu: Adding device serial8250 to group 61
[    0.116411] console [ttyS0] disabled
[    0.116429] 70006000.serial: ttyS0 at MMIO 0x70006000 (irq = 333, base_baud = 25500000) is a Tegra
[    1.363898] console [ttyS0] enabled
[    1.367673] SuperH (H)SCI(F) driver initialized
[    1.372564] msm_serial: driver initialized
[    1.376710] STMicroelectronics ASC driver initialized
[    1.384093] tegra-hdmi 54280000.hdmi: failed to get HDMI regulator
[    1.390630] tegra-dpaux 545c0000.dpaux: failed to get VDD supply: -517
[    1.398059] panel-simple panel: panel supply power not found, using dummy regulator
[    1.408364] brd: module loaded
[    1.413774] loop: module loaded
[    1.417811] as3722 4-0040: AS3722 with revision 0x1 found
[    1.424324] iommu: Adding device as3722-pinctrl to group 62
[    1.431206] iommu: Adding device as3722-regulator to group 63
[    1.439047] as3722-sd2: supplied by +5V_SYS
[    1.443459] as3722-sd3: supplied by +5V_SYS
[    1.447784] +1.35V_LP0(sd3): Bringing 0uV into 1350000-1350000uV
[    1.453998] as3722-sd4: supplied by +5V_SYS
[    1.458327] +1.05V_RUN: Bringing 0uV into 1050000-1050000uV
[    1.464055] as3722-sd5: supplied by +5V_SYS
[    1.469608] as3722-ldo0: supplied by +1.35V_LP0(sd2)
[    1.475328] +1.8V_RUN_CAM: Bringing 0uV into 1800000-1800000uV
[    1.481326] as3722-ldo2: supplied by +1.8V_VDDIO
[    1.486929] as3722-ldo3: supplied by +3.3V_SYS
[    1.491373] +1.00V_LP0_VDD_RTC: Bringing 1100000uV into 1000000-1000000uV
[    1.498934] as3722-ldo4: supplied by +3.3V_SYS
[    1.503537] +3.3V_RUN_CAM: Bringing 0uV into 2800000-2800000uV
[    1.509535] as3722-ldo5: supplied by +1.8V_VDDIO
[    1.514307] +1.2V_RUN_CAM_FRONT: Bringing 0uV into 1200000-1200000uV
[    1.520976] +VDDIO_SDMMC3: Bringing 0uV into 1800000-1800000uV
[    1.526992] as3722-ldo7: supplied by +1.8V_VDDIO
[    1.531756] +1.05V_RUN_CAM_REAR: Bringing 0uV into 1050000-1050000uV
[    1.538296] as3722-ldo9: supplied by +5V_SYS
[    1.542866] +2.8V_RUN_TOUCH: Bringing 0uV into 2800000-2800000uV
[    1.549052] as3722-ldo10: supplied by +5V_SYS
[    1.553562] +2.8V_RUN_CAM_AF: Bringing 0uV into 2800000-2800000uV
[    1.559983] +1.8V_RUN_VPP_FUSE: Bringing 0uV into 1800000-1800000uV
[    1.566479] iommu: Adding device as3722-rtc to group 64
[    1.571831] iommu: Adding device as3722-adc to group 65
[    1.577156] iommu: Adding device as3722-power-off to group 66
[    1.583000] iommu: Adding device as3722-wdt to group 67
[    1.599886] m25p80 spi1.0: w25q32dw (4096 Kbytes)
[    1.605383] iommu: Adding device Fixed MDIO bus.0 to group 68
[    1.611257] libphy: Fixed MDIO Bus: probed
[    1.615671] CAN device driver interface
[    1.619809] bgmac_bcma: Broadcom 47xx GBit MAC driver loaded
[    1.625917] e1000e: Intel(R) PRO/1000 Network Driver - 3.2.6-k
[    1.631733] e1000e: Copyright(c) 1999 - 2015 Intel Corporation.
[    1.637659] igb: Intel(R) Gigabit Ethernet Network Driver - version 5.4.0-k
[    1.644608] igb: Copyright (c) 2007-2014 Intel Corporation.
[    1.651426] pegasus: v0.9.3 (2013/04/25), Pegasus/Pegasus II USB Ethernet driver
[    1.658831] usbcore: registered new interface driver pegasus
[    1.664495] usbcore: registered new interface driver asix
[    1.669889] usbcore: registered new interface driver ax88179_178a
[    1.675982] usbcore: registered new interface driver cdc_ether
[    1.681811] usbcore: registered new interface driver smsc75xx
[    1.687561] usbcore: registered new interface driver smsc95xx
[    1.693306] usbcore: registered new interface driver net1080
[    1.698960] usbcore: registered new interface driver cdc_subset
[    1.704878] usbcore: registered new interface driver zaurus
[    1.710450] usbcore: registered new interface driver cdc_ncm
[    1.716766] ehci_hcd: USB 2.0 'Enhanced' Host Controller (EHCI) Driver
[    1.723283] ehci-pci: EHCI PCI platform driver
[    1.727723] ehci-platform: EHCI generic platform driver
[    1.733010] ehci-orion: EHCI orion driver
[    1.737060] SPEAr-ehci: EHCI SPEAr driver
[    1.741105] ehci-st: EHCI STMicroelectronics driver
[    1.746021] ehci-exynos: EHCI EXYNOS driver
[    1.750244] ehci-atmel: EHCI Atmel driver
[    1.754291] tegra-ehci: Tegra EHCI driver
[    1.758349] ohci_hcd: USB 1.1 'Open' Host Controller (OHCI) Driver
[    1.764523] ohci-pci: OHCI PCI platform driver
[    1.768965] ohci-platform: OHCI generic platform driver
[    1.774242] SPEAr-ohci: OHCI SPEAr driver
[    1.778284] ohci-st: OHCI STMicroelectronics driver
[    1.783200] ohci-atmel: OHCI Atmel driver
[    1.787445] usbcore: registered new interface driver usb-storage
[    1.794442] elan_i2c 1-0015: 1-0015 supply vcc not found, using dummy regulator
[    1.801797] as3722-rtc as3722-rtc: rtc core: registered as3722-rtc as rtc0
[    1.808672] as3722-rtc as3722-rtc: RTC interrupt 372
[    1.815608] tegra_rtc 7000e000.rtc: rtc core: registered 7000e000.rtc as rtc1
[    1.822748] tegra_rtc 7000e000.rtc: Tegra internal Real Time Clock
[    1.829095] i2c /dev entries driver
[    1.833883] IR NEC protocol handler initialized
[    1.838400] IR RC5(x/sz) protocol handler initialized
[    1.843447] IR RC6 protocol handler initialized
[    1.847964] IR JVC protocol handler initialized
[    1.852486] IR Sony protocol handler initialized
[    1.857089] IR SANYO protocol handler initialized
[    1.861779] IR Sharp protocol handler initialized
[    1.866473] IR MCE Keyboard/mouse protocol handler initialized
[    1.872293] IR XMP protocol handler initialized
[    1.877913] lm90 0-004c: 0-004c supply vcc not found, using dummy regulator
[    1.888214] iommu: Adding device cpufreq-tegra124 to group 69
[    1.895017] sdhci: Secure Digital Host Controller Interface driver
[    1.901181] sdhci: Copyright(c) Pierre Ossman
[    1.906087] Synopsys Designware Multimedia Card Interface Driver
[    1.912529] sdhci-pltfm: SDHCI platform and OF driver helper
[    1.918459] sdhci-tegra 700b0000.sdhci: allocated mmc-pwrseq
[    1.932229] sdhci-tegra 700b0400.sdhci: Got CD GPIO
[    1.937110] sdhci-tegra 700b0400.sdhci: Got WP GPIO
[    1.958140] mmc0: Unknown controller version (3). You may experience problems.
[    1.965391] mmc0: Invalid maximum block size, assuming 512 bytes
[    1.994298] elan_i2c 1-0015: Elan Touchpad: Module ID: 0x002a, Firmware: 0x0005, Sample: 0x0007, IAP: 0x0009
[    2.004233] input: Elan Touchpad as /devices/soc0/7000c400.i2c/i2c-1/1-0015/input/input0
[    2.032104] mmc0: SDHCI controller on 700b0600.sdhci [700b0600.sdhci] using ADMA
[    2.040228] ledtrig-cpu: registered to indicate activity on CPUs
[    2.046402] usbcore: registered new interface driver usbhid
[    2.051959] usbhid: USB HID core driver
[    2.057136] NET: Registered protocol family 10
[    2.061893] Segment Routing with IPv6
[    2.065586] sit: IPv6, IPv4 and MPLS over IPv4 tunneling driver
[    2.071683] NET: Registered protocol family 17
[    2.076126] can: controller area network core (rev 20170425 abi 9)
[    2.082315] NET: Registered protocol family 29
[    2.086745] can: raw protocol (rev 20170425)
[    2.091001] can: broadcast manager protocol (rev 20170425 t)
[    2.096652] can: netlink gateway (rev 20170425) max_hops=1
[    2.102244] Key type dns_resolver registered
[    2.106700] ThumbEE CPU extension supported.
[    2.110958] Registering SWP/SWPB emulation handler
[    2.121590] +3.3V_RUN: supplied by +3.3V_SYS
[    2.126691] +VDD_LED: supplied by +VDD_MUX
[    2.130939] +3.3V_AVDD_HDMI_AP_GATED: supplied by +3.3V_RUN
[    2.136564] +1.8V_RUN_CAM: supplied by +3.3V_RUN
[    2.141197] +VDDIO_SDMMC3: supplied by +3.3V_RUN
[    2.145841] +1.8V_RUN_VPP_FUSE: supplied by +3.3V_RUN
[    2.151097] +5V_VDD_TS_SW: supplied by +5V_SYS
[    2.155898] +5V_USB_HS: supplied by +5V_SYS
[    2.160239] +5V_USB_SS: supplied by +5V_SYS
[    2.165385] +3.3V_PANEL: supplied by +3.3V_RUN
[    2.170570] +3.3V_LP0: supplied by +3.3V_SYS
[    2.173086] mmc0: new high speed MMC card at address 0001
[    2.173312] mmcblk0: mmc0:0001 MMC16G 14.4 GiB 
[    2.173382] mmcblk0boot0: mmc0:0001 MMC16G partition 1 2.00 MiB
[    2.173623] mmcblk0boot1: mmc0:0001 MMC16G partition 2 2.00 MiB
[    2.173919] mmcblk0rpmb: mmc0:0001 MMC16G partition 3 128 KiB
[    2.177916]  mmcblk0: p1 p2 p3 p4 p5 p6 p7 p8 p9 p10 p11 p12
[    2.208794] +1.05V_RUN_AVDD_HDMI_PLL: supplied by +1.05V_RUN
[    2.209023] elan_i2c 1-0015: failed to read report data: -121
[    2.209393] elan_i2c 1-0015: failed to read report data: -121
[    2.226292] +5V_HDMI_CON: supplied by +5V_SYS
[    2.231226]  usb3-0: usb3-0 supply vbus not found, using dummy regulator
[    2.238028]  usb3-1: usb3-1 supply vbus not found, using dummy regulator
[    2.248358] tegra-sor 54540000.sor: failed to probe output: -517
[    2.255137] panel-simple panel: panel supply power not found, using dummy regulator
[    2.263884] sdhci-tegra 700b0000.sdhci: allocated mmc-pwrseq
[    2.276312] mmc1: Unknown controller version (3). You may experience problems.
[    2.283573] mmc1: Invalid maximum block size, assuming 512 bytes
[    2.289918] mmc1: Switching to 3.3V signalling voltage failed
[    2.352184] mmc1: SDHCI controller on 700b0000.sdhci [700b0000.sdhci] using ADMA
[    2.360398] sdhci-tegra 700b0400.sdhci: Got CD GPIO
[    2.363922] elan_i2c 1-0015: invalid report id data (ff)
[    2.370613] sdhci-tegra 700b0400.sdhci: Got WP GPIO
[    2.384027] mmc2: Unknown controller version (3). You may experience problems.
[    2.391324] mmc2: Invalid maximum block size, assuming 512 bytes
[    2.424078] mmc1: new high speed SDIO card at address 0001
[    2.462401] mmc2: SDHCI controller on 700b0400.sdhci [700b0400.sdhci] using ADMA
[    2.565950] [drm] Supports vblank timestamp caching Rev 2 (21.10.2013).
[    2.572577] [drm] No driver support for vblank timestamp query.
[    2.612676] mmc2: new high speed SDHC card at address 0007
[    2.612889] mmcblk2: mmc2:0007 SD08G 7.42 GiB 
[    2.621406] GPT:Primary header alternate_lba != Alt. header my_lba
[    2.621410] GPT:3014591 != 15564799
[    2.621411] GPT:Primary header thinks Alt. header is not at the end of the disk.
[    2.621413] GPT:3014591 != 15564799
[    2.621414] GPT: Use GNU Parted to correct GPT errors.
[    2.621438]  mmcblk2: p1 p2 p3 p4 p5 p6 p7 p8 p9 p10 p11 p12
[    2.660902] Console: switching to colour frame buffer device 170x48
[    2.725099] drm drm: fb0:  frame buffer device
[    2.729582] [drm] Initialized tegra 0.0.0 20120330 for drm on minor 0
[    2.737072] input: gpio-keys as /devices/soc0/gpio-keys/input/input1
[    2.744756] as3722-rtc as3722-rtc: setting system clock to 2000-01-06 06:53:58 UTC (947141638)
[    2.753769] +1.8V_RUN_CAM: disabling
[    2.757549] +3.3V_RUN_CAM: disabling
[    2.761282] +1.2V_RUN_CAM_FRONT: disabling
[    2.765656] +1.05V_RUN_CAM_REAR: disabling
[    2.769911] +2.8V_RUN_TOUCH: disabling
[    2.773902] +2.8V_RUN_CAM_AF: disabling
[    2.777895] +1.8V_RUN_VPP_FUSE: disabling
[    2.782058] +5V_VDD_TS_SW: disabling
[    2.785672] +5V_USB_HS: disabling
[    2.788985] +5V_USB_SS: disabling
[    2.793255] EXT4-fs (mmcblk0p3): couldn't mount as ext3 due to feature incompatibilities
[    2.801884] EXT4-fs (mmcblk0p3): couldn't mount as ext2 due to feature incompatibilities
[    2.925502] EXT4-fs (mmcblk0p3): recovery complete
[    2.931026] EXT4-fs (mmcblk0p3): mounted filesystem with ordered data mode. Opts: (null)
[    2.939163] VFS: Mounted root (ext4 filesystem) on device 179:3.
[    2.945878] devtmpfs: mounted
[    2.949544] Freeing unused kernel memory: 2048K
bash: cannot set terminal process group (-1): Inappropriate ioctl for device
bash: no job control in this shell
root@(none):/# mount -t sysfs none /sys
root@(none):/# 
root@(none):/# mount -t debugfs none /sys/kernel/debug
root@(none):/# 
root@(none):/# rtcwake -d rtc1 -m mem -s 3
rtcwake: assuming RTC uses UTC ...
rtcwake: wakeup from "mem" using /dev/rtc1 at Thu Jan  1 00:00:28 1970
[    5.781116] PM: suspend entry (deep)
[    5.784707] PM: Syncing filesystems ... done.
[    5.810631] Freezing user space processes ... (elapsed 0.001 seconds) done.
[    5.818744] OOM killer disabled.
[    5.821969] Freezing remaining freezable tasks ... (elapsed 0.001 seconds) done.
[    5.830545] Suspending console(s) (use no_console_suspend to debug)
[    5.876871] Disabling non-boot CPUs ...
[    6.022775] Entering suspend state LP1
[    6.022789] Enabling non-boot CPUs ...
[    6.023091] CPU1 is up
[    6.023332] CPU2 is up
[    6.023610] CPU3 is up
[    6.183457] mmc1: Switching to 3.3V signalling voltage failed
[    6.442169] tegra-sor 54540000.sor: failed to attach SOR: -110
[    6.502409] OOM killer enabled.
[    6.505538] Restarting tasks ... done.
[    6.521334] PM: suspend exit
root@(none):/# 
root@(none):/# rtcwake -d rtc1 -m mem -s 3
rtcwake: assuming RTC uses UTC ...
rtcwake: wakeup from "mem" using /dev/rtc1 at Thu Jan  1 00:00:32 1970
[    6.982097] PM: suspend entry (deep)
[    6.985670] PM: Syncing filesystems ... done.
[    7.004926] Freezing user space processes ... (elapsed 0.001 seconds) done.
[    7.013062] OOM killer disabled.
[    7.016281] Freezing remaining freezable tasks ... (elapsed 0.001 seconds) done.
[    7.024916] Suspending console(s) (use no_console_suspend to debug)
[    7.070748] Disabling non-boot CPUs ...
[    7.182236] IRQ17 no longer affine to CPU2
[    7.242669] Entering suspend state LP1
[    7.242683] Enabling non-boot CPUs ...
[    7.242990] CPU1 is up
[    7.243233] CPU2 is up
[    7.243507] CPU3 is up
[    7.403874] mmc1: Switching to 3.3V signalling voltage failed
[    7.662114] tegra-sor 54540000.sor: failed to attach SOR: -110
[    7.726759] OOM killer enabled.
[    7.729891] Restarting tasks ... done.
[    7.741730] PM: suspend exit
root@(none):/# 
root@(none):/# rtcwake -d rtc1 -m mem -s 3
rtcwake: assuming RTC uses UTC ...
rtcwake: wakeup from "mem" using /dev/rtc1 at Thu Jan  1 00:00:36 1970
[    8.202191] PM: suspend entry (deep)
[    8.205777] PM: Syncing filesystems ... done.
[    8.225214] Freezing user space processes ... (elapsed 0.001 seconds) done.
[    8.233352] OOM killer disabled.
[    8.236571] Freezing remaining freezable tasks ... (elapsed 0.001 seconds) done.
[    8.245194] Suspending console(s) (use no_console_suspend to debug)
[    8.291280] Disabling non-boot CPUs ...
[    8.462193] IRQ17 no longer affine to CPU3
[    8.462652] Entering suspend state LP1
[    8.462666] Enabling non-boot CPUs ...
[    8.462973] CPU1 is up
[    8.463216] CPU2 is up
[    8.463492] CPU3 is up
[    8.623469] mmc1: Switching to 3.3V signalling voltage failed
[    8.882130] tegra-sor 54540000.sor: failed to attach SOR: -110
[    8.946517] OOM killer enabled.
[    8.949646] Restarting tasks ... done.
[    8.961283] PM: suspend exit
root@(none):/# 
root@(none):/# rtcwake -d rtc1 -m mem -s 3
rtcwake: assuming RTC uses UTC ...
rtcwake: wakeup from "mem" using /dev/rtc1 at Thu Jan  1 00:00:40 1970
[    9.421879] PM: suspend entry (deep)
[    9.425492] PM: Syncing filesystems ... done.
[    9.444807] Freezing user space processes ... (elapsed 0.001 seconds) done.
[    9.452850] OOM killer disabled.
[    9.456066] Freezing remaining freezable tasks ... (elapsed 0.001 seconds) done.
[    9.464644] Suspending console(s) (use no_console_suspend to debug)
[    9.511142] Disabling non-boot CPUs ...
[    9.662172] IRQ17 no longer affine to CPU3
[    9.662624] Entering suspend state LP1
[    9.662638] Enabling non-boot CPUs ...
[    9.662948] CPU1 is up
[    9.663190] CPU2 is up
[    9.663468] CPU3 is up
[    9.823397] mmc1: Switching to 3.3V signalling voltage failed
[   10.082071] tegra-sor 54540000.sor: failed to attach SOR: -110
[   10.146552] OOM killer enabled.
[   10.149684] Restarting tasks ... done.
[   10.161315] PM: suspend exit
root@(none):/# 
root@(none):/# rtcwake -d rtc1 -m mem -s 3
rtcwake: assuming RTC uses UTC ...
rtcwake: wakeup from "mem" using /dev/rtc1 at Thu Jan  1 00:00:44 1970
[   10.622318] PM: suspend entry (deep)
[   10.625892] PM: Syncing filesystems ... done.
[   10.644849] Freezing user space processes ... (elapsed 0.001 seconds) done.
[   10.652984] OOM killer disabled.
[   10.656203] Freezing remaining freezable tasks ... (elapsed 0.001 seconds) done.
[   10.664836] Suspending console(s) (use no_console_suspend to debug)
[   10.711062] Disabling non-boot CPUs ...
[   10.832174] IRQ17 no longer affine to CPU2
[   10.892600] Entering suspend state LP1
[   10.892614] Enabling non-boot CPUs ...
[   10.892924] CPU1 is up
[   10.893170] CPU2 is up
[   10.893451] CPU3 is up
[   11.053451] mmc1: Switching to 3.3V signalling voltage failed
[   11.312030] tegra-sor 54540000.sor: failed to attach SOR: -110
[   11.376509] OOM killer enabled.
[   11.379641] Restarting tasks ... done.
[   11.391298] PM: suspend exit
root@(none):/# 
root@(none):/# rtcwake -d rtc1 -m mem -s 3
rtcwake: assuming RTC uses UTC ...
rtcwake: wakeup from "mem" using /dev/rtc1 at Thu Jan  1 00:00:48 1970
[   11.851732] PM: suspend entry (deep)
[   11.855329] PM: Syncing filesystems ... done.
[   11.874837] Freezing user space processes ... (elapsed 0.001 seconds) done.
[   11.882890] OOM killer disabled.
[   11.886106] Freezing remaining freezable tasks ... (elapsed 0.001 seconds) done.
[   11.894674] Suspending console(s) (use no_console_suspend to debug)
[   11.941027] Disabling non-boot CPUs ...
[   11.992147] IRQ17 no longer affine to CPU1
[   12.092599] Entering suspend state LP1
[   12.092612] Enabling non-boot CPUs ...
[   12.092958] CPU1 is up
[   12.093205] CPU2 is up
[   12.093479] CPU3 is up
[   12.253758] mmc1: Switching to 3.3V signalling voltage failed
[   12.512000] tegra-sor 54540000.sor: failed to attach SOR: -110
[   12.576717] OOM killer enabled.
[   12.579850] Restarting tasks ... done.
[   12.591601] PM: suspend exit
root@(none):/# 
root@(none):/# rtcwake -d rtc1 -m mem -s 3
rtcwake: assuming RTC uses UTC ...
rtcwake: wakeup from "mem" using /dev/rtc1 at Thu Jan  1 00:00:52 1970
[   13.051711] PM: suspend entry (deep)
[   13.055292] PM: Syncing filesystems ... done.
[   13.075113] Freezing user space processes ... (elapsed 0.001 seconds) done.
[   13.083184] OOM killer disabled.
[   13.086404] Freezing remaining freezable tasks ... (elapsed 0.001 seconds) done.
[   13.095023] Suspending console(s) (use no_console_suspend to debug)
[   13.141227] Disabling non-boot CPUs ...
[   13.312116] IRQ17 no longer affine to CPU3
[   13.312572] Entering suspend state LP1
[   13.312585] Enabling non-boot CPUs ...
[   13.312894] CPU1 is up
[   13.313141] CPU2 is up
[   13.313420] CPU3 is up
[   13.473399] mmc1: Switching to 3.3V signalling voltage failed
[   13.732035] tegra-sor 54540000.sor: failed to attach SOR: -110
[   13.796397] OOM killer enabled.
[   13.799530] Restarting tasks ... done.
[   13.811190] PM: suspend exit
root@(none):/# 
root@(none):/# rtcwake -d rtc1 -m mem -s 3
rtcwake: assuming RTC uses UTC ...
rtcwake: wakeup from "mem" using /dev/rtc1 at Thu Jan  1 00:00:56 1970
[   14.271747] PM: suspend entry (deep)
[   14.275360] PM: Syncing filesystems ... done.
[   14.294754] Freezing user space processes ... (elapsed 0.001 seconds) done.
[   14.302889] OOM killer disabled.
[   14.306108] Freezing remaining freezable tasks ... (elapsed 0.001 seconds) done.
[   14.314725] Suspending console(s) (use no_console_suspend to debug)
[   14.361115] Disabling non-boot CPUs ...
[   14.512098] IRQ17 no longer affine to CPU3
[   14.512564] Entering suspend state LP1
[   14.512578] Enabling non-boot CPUs ...
[   14.512885] CPU1 is up
[   14.513130] CPU2 is up
[   14.513404] CPU3 is up
[   14.674066] mmc1: Switching to 3.3V signalling voltage failed
[   14.931956] tegra-sor 54540000.sor: failed to attach SOR: -110
[   14.996976] OOM killer enabled.
[   15.000105] Restarting tasks ... done.
[   15.011858] PM: suspend exit
root@(none):/# 
root@(none):/# rtcwake -d rtc1 -m mem -s 3
rtcwake: assuming RTC uses UTC ...
rtcwake: wakeup from "mem" using /dev/rtc1 at Thu Jan  1 00:01:00 1970
[   15.472243] PM: suspend entry (deep)
[   15.475818] PM: Syncing filesystems ... done.
[   15.495500] Freezing user space processes ... (elapsed 0.001 seconds) done.
[   15.503642] OOM killer disabled.
[   15.506861] Freezing remaining freezable tasks ... (elapsed 0.001 seconds) done.
[   15.515491] Suspending console(s) (use no_console_suspend to debug)
[   15.561310] Disabling non-boot CPUs ...
[   15.702079] IRQ17 no longer affine to CPU3
[   15.702532] Entering suspend state LP1
[   15.702545] Enabling non-boot CPUs ...
[   15.702855] CPU1 is up
[   15.703101] CPU2 is up
[   15.703380] CPU3 is up
[   15.864107] mmc1: Switching to 3.3V signalling voltage failed
[   16.121961] tegra-sor 54540000.sor: failed to attach SOR: -110
[   16.187113] OOM killer enabled.
[   16.190242] Restarting tasks ... done.
[   16.201903] PM: suspend exit
root@(none):/# 
root@(none):/# rtcwake -d rtc1 -m mem -s 3
rtcwake: assuming RTC uses UTC ...
rtcwake: wakeup from "mem" using /dev/rtc1 at Thu Jan  1 00:01:04 1970
[   16.661147] PM: suspend entry (deep)
[   16.664731] PM: Syncing filesystems ... done.
[   16.685541] Freezing user space processes ... (elapsed 0.001 seconds) done.
[   16.693594] OOM killer disabled.
[   16.696810] Freezing remaining freezable tasks ... (elapsed 0.001 seconds) done.
[   16.705379] Suspending console(s) (use no_console_suspend to debug)
[   16.751650] Disabling non-boot CPUs ...
[   16.792068] IRQ17 no longer affine to CPU1
[   16.892509] Entering suspend state LP1
[   16.892522] Enabling non-boot CPUs ...
[   16.892832] CPU1 is up
[   16.893078] CPU2 is up
[   16.893354] CPU3 is up
[   17.053279] mmc1: Switching to 3.3V signalling voltage failed
[   17.311941] tegra-sor 54540000.sor: failed to attach SOR: -110
[   17.376285] OOM killer enabled.
[   17.379415] Restarting tasks ... done.
[   17.391064] PM: suspend exit
root@(none):/# 
root@(none):/# NVTB SYSTEM SUSPEND TEST COMPLETE
