

U-Boot 2015.04-00466-gedec83e90172 (Mar 14 2016 - 10:42:01)

TEGRA124
Model: Acer Chromebook 13 CB5-311
DRAM:  4 GiB
:   Tegra SD/MMC: 0, Tegra SD/MMC: 1, Tegra SD/MMC: 2
MMC init failed
Using default environment

In:    serial
Out:   serial
Err:   serial
Net:   Net Initialization Skipped
No ethernet found.
Hit any key to stop autoboot:  2  0 
Tegra124 (Nyan-big) # 
Tegra124 (Nyan-big) # usb start
starting USB...
USB0:   USB EHCI 1.10
scanning bus 0 for devices... 2 USB Device(s) found
USB1:   USB EHCI 1.10
scanning bus 1 for devices... 2 USB Device(s) found
       scanning usb for storage devices... 1 Storage Device(s) found
       scanning usb for ethernet devices... 
Warning: asx0 using MAC address from net device
1 Ethernet Device(s) found
Tegra124 (Nyan-big) # mw 0x7000e4a0 0x00080000
Tegra124 (Nyan-big) # setenv bootargs 'ignore_loglevel console=ttyS0,115200n8 rw root=PARTUUID=4d36e82a-b3c0-4b4b-bfcd-afe5217ac023 rootwait gpt debug noinitrd earlyprintk init=/bin/bash'
Tegra124 (Nyan-big) # setenv ipaddr 192.168.100.102; setenv serverip 192.168.100.1; setenv tftpserverip 192.168.100.1
Tegra124 (Nyan-big) # tftpboot 0x82000000 zImage.tegra_defconfig
Using asx0 device
TFTP from server 192.168.100.1; our IP address is 192.168.100.102
Filename 'zImage.tegra_defconfig'.
Load address: 0x82000000
Loading: *#################################################################
	 #################################################################
	 #################################################################
	 #################################################################
	 #################################################################
	 #################################################################
	 ########################################
	 3.2 MiB/s
done
Bytes transferred = 6299560 (601fa8 hex)
Tegra124 (Nyan-big) # tftpboot 0x83000000 tegra124-nyan-big.dtb
Using asx0 device
TFTP from server 192.168.100.1; our IP address is 192.168.100.102
Filename 'tegra124-nyan-big.dtb'.
Load address: 0x83000000
Loading: *#####
	 2.7 MiB/s
done
Bytes transferred = 68203 (10a6b hex)
Tegra124 (Nyan-big) # bootz 0x82000000 - 0x83000000
Kernel image @ 0x82000000 [ 0x000000 - 0x601fa8 ]
## Flattened Device Tree blob at 83000000
   Booting using the fdt blob at 0x83000000
   Using Device Tree in place at 83000000, end 83013a6a

Starting kernel ...

Uncompressing Linux... done, booting the kernel.
[    0.000000] Booting Linux on physical CPU 0x0
[    0.000000] Linux version 4.14.0-rc8-201588-g39dae59 (jonathanh@kaivo) (gcc version 4.7.3 20130328 (prerelease) (crosstool-NG linaro-1.13.1-4.7-2013.04-20130415 - Linaro GCC 2013.04)) #1 SMP PREEMPT Sun Nov 5 13:36:04 PST 2017
[    0.000000] CPU: ARMv7 Processor [413fc0f3] revision 3 (ARMv7), cr=10c5387d
[    0.000000] CPU: div instructions available: patching division code
[    0.000000] CPU: PIPT / VIPT nonaliasing data cache, PIPT instruction cache
[    0.000000] OF: fdt: Machine model: Acer Chromebook 13 CB5-311
[    0.000000] OF: fdt: Ignoring memory range 0x100000000 - 0x17ffff000
[    0.000000] debug: ignoring loglevel setting.
[    0.000000] bootconsole [earlycon0] enabled
[    0.000000] Memory policy: Data cache writealloc
[    0.000000] cma: Reserved 64 MiB at 0xfbc00000
[    0.000000] On node 0 totalpages: 524287
[    0.000000] free_area_init_node: node 0, pgdat c0fb9880, node_mem_map eeff7000
[    0.000000]   Normal zone: 1536 pages used for memmap
[    0.000000]   Normal zone: 0 pages reserved
[    0.000000]   Normal zone: 196608 pages, LIFO batch:31
[    0.000000]   HighMem zone: 327679 pages, LIFO batch:31
[    0.000000] random: fast init done
[    0.000000] percpu: Embedded 17 pages/cpu @eef80000 s39488 r8192 d21952 u69632
[    0.000000] pcpu-alloc: s39488 r8192 d21952 u69632 alloc=17*4096
[    0.000000] pcpu-alloc: [0] 0 [0] 1 [0] 2 [0] 3 
[    0.000000] Built 1 zonelists, mobility grouping on.  Total pages: 522751
[    0.000000] Kernel command line: ignore_loglevel console=ttyS0,115200n8 rw root=PARTUUID=4d36e82a-b3c0-4b4b-bfcd-afe5217ac023 rootwait gpt debug noinitrd earlyprintk init=/bin/bash
[    0.000000] PID hash table entries: 4096 (order: 2, 16384 bytes)
[    0.000000] Dentry cache hash table entries: 131072 (order: 7, 524288 bytes)
[    0.000000] Inode-cache hash table entries: 65536 (order: 6, 262144 bytes)
[    0.000000] Memory: 1998388K/2097148K available (9216K kernel code, 786K rwdata, 2800K rodata, 1024K init, 300K bss, 33224K reserved, 65536K cma-reserved, 1245180K highmem)
[    0.000000] Virtual kernel memory layout:
[    0.000000]     vector  : 0xffff0000 - 0xffff1000   (   4 kB)
[    0.000000]     fixmap  : 0xffc00000 - 0xfff00000   (3072 kB)
[    0.000000]     vmalloc : 0xf0800000 - 0xff800000   ( 240 MB)
[    0.000000]     lowmem  : 0xc0000000 - 0xf0000000   ( 768 MB)
[    0.000000]     pkmap   : 0xbfe00000 - 0xc0000000   (   2 MB)
[    0.000000]     modules : 0xbf000000 - 0xbfe00000   (  14 MB)
[    0.000000]       .text : 0xc0008000 - 0xc0a00000   (10208 kB)
[    0.000000]       .init : 0xc0e00000 - 0xc0f00000   (1024 kB)
[    0.000000]       .data : 0xc0f00000 - 0xc0fc49a0   ( 787 kB)
[    0.000000]        .bss : 0xc0fce520 - 0xc101987c   ( 301 kB)
[    0.000000] Preemptible hierarchical RCU implementation.
[    0.000000] 	Tasks RCU enabled.
[    0.000000] NR_IRQS: 16, nr_irqs: 16, preallocated irqs: 16
[    0.000000] /interrupt-controller@60004000: 160 interrupts forwarded to /interrupt-controller@50041000
[    0.000000] Tegra clk 127: register failed with -17
[    0.000004] sched_clock: 32 bits at 1000kHz, resolution 1000ns, wraps every 2147483647500ns
[    0.008089] clocksource: timer_us: mask: 0xffffffff max_cycles: 0xffffffff, max_idle_ns: 1911260446275 ns
[    0.017707] Switching to timer-based delay loop, resolution 1000ns
[    0.024341] arch_timer: cp15 timer(s) running at 12.00MHz (virt).
[    0.030101] clocksource: arch_sys_counter: mask: 0xffffffffffffff max_cycles: 0x2c47f4ee7, max_idle_ns: 440795202497 ns
[    0.040935] sched_clock: 56 bits at 12MHz, resolution 83ns, wraps every 4398046511096ns
[    0.048992] Switching to timer-based delay loop, resolution 83ns
[    0.055251] Console: colour dummy device 80x30
[    0.059574] Calibrating delay loop (skipped), value calculated using timer frequency.. 24.00 BogoMIPS (lpj=120000)
[    0.069970] pid_max: default: 32768 minimum: 301
[    0.074830] Mount-cache hash table entries: 2048 (order: 1, 8192 bytes)
[    0.081325] Mountpoint-cache hash table entries: 2048 (order: 1, 8192 bytes)
[    0.088756] CPU: Testing write buffer coherency: ok
[    0.093504] /cpus/cpu@0 missing clock-frequency property
[    0.098749] /cpus/cpu@1 missing clock-frequency property
[    0.104131] /cpus/cpu@2 missing clock-frequency property
[    0.109496] /cpus/cpu@3 missing clock-frequency property
[    0.114864] CPU0: thread -1, cpu 0, socket 0, mpidr 80000000
[    0.154908] Setting up static identity map for 0x80100000 - 0x801000a0
[    0.159649] Hierarchical SRCU implementation.
[    0.175130] Tegra Revision: A01 SKU: 131 CPU Process: 1 SoC Process: 1
[    0.194912] smp: Bringing up secondary CPUs ...
[    0.245159] CPU1: thread -1, cpu 1, socket 0, mpidr 80000001
[    0.325184] CPU2: thread -1, cpu 2, socket 0, mpidr 80000002
[    0.405223] CPU3: thread -1, cpu 3, socket 0, mpidr 80000003
[    0.415052] smp: Brought up 1 node, 4 CPUs
[    0.434477] SMP: Total of 4 processors activated (96.00 BogoMIPS).
[    0.440721] CPU: All CPU(s) started in SVC mode.
[    0.446092] devtmpfs: initialized
[    0.455435] VFP support v0.3: implementor 41 architecture 4 part 30 variant f rev 0
[    0.461375] clocksource: jiffies: mask: 0xffffffff max_cycles: 0xffffffff, max_idle_ns: 19112604462750000 ns
[    0.471144] futex hash table entries: 1024 (order: 4, 65536 bytes)
[    0.477900] pinctrl core: initialized pinctrl subsystem
[    0.483140] NET: Registered protocol family 16
[    0.487731] DMA: preallocated 256 KiB pool for atomic coherent allocations
[    0.494564] cpuidle: using governor menu
[    0.505847] No ATAGs?
[    0.505904] hw-breakpoint: found 5 (+1 reserved) breakpoint and 4 watchpoint registers.
[    0.514417] hw-breakpoint: maximum watchpoint size is 8 bytes.
[    0.521259] tegra-mc 70019000.memory-controller: no memory timings for RAM code 0 registered
[    0.528937] iommu: Adding device reg-dummy to group 0
[    0.533934] iommu: Adding device 50000000.host1x to group 1
[    0.539576] iommu: Adding device 54200000.dc to group 2
[    0.544854] iommu: Adding device 54240000.dc to group 3
[    0.550132] iommu: Adding device 54280000.hdmi to group 4
[    0.555585] iommu: Adding device 54540000.sor to group 5
[    0.560965] iommu: Adding device 545c0000.dpaux to group 6
[    0.566519] iommu: Adding device 57000000.gpu to group 7
[    0.571883] iommu: Adding device 60005000.timer to group 8
[    0.577425] iommu: Adding device 60007000.flow-controller to group 9
[    0.583845] iommu: Adding device 6000c800.actmon to group 10
[    0.589558] iommu: Adding device 6000d000.gpio to group 11
[    0.595112] iommu: Adding device 60020000.dma to group 12
[    0.600564] iommu: Adding device 70000800.apbmisc to group 13
[    0.606378] iommu: Adding device 70000868.pinmux to group 14
[    0.612090] iommu: Adding device 70006000.serial to group 15
[    0.617816] iommu: Adding device 7000a000.pwm to group 16
[    0.623273] iommu: Adding device 7000c000.i2c to group 17
[    0.628736] iommu: Adding device 7000c400.i2c to group 18
[    0.634191] iommu: Adding device 7000c500.i2c to group 19
[    0.639657] iommu: Adding device 7000c700.i2c to group 20
[    0.645111] iommu: Adding device 7000d000.i2c to group 21
[    0.650581] iommu: Adding device 7000d400.spi to group 22
[    0.656031] iommu: Adding device 7000da00.spi to group 23
[    0.661498] iommu: Adding device 7000e000.rtc to group 24
[    0.666951] iommu: Adding device 7000e400.pmc to group 25
[    0.672416] iommu: Adding device 7000f800.fuse to group 26
[    0.677959] iommu: Adding device 70019000.memory-controller to group 27
[    0.684636] iommu: Adding device 7001b000.emc to group 28
[    0.690091] iommu: Adding device 70030000.hda to group 29
[    0.695557] iommu: Adding device 70090000.usb to group 30
[    0.701014] iommu: Adding device 7009f000.padctl to group 31
[    0.706736] iommu: Adding device 700b0000.sdhci to group 32
[    0.712371] iommu: Adding device 700b0400.sdhci to group 33
[    0.718003] iommu: Adding device 700b0600.sdhci to group 34
[    0.723631] iommu: Adding device 700e2000.thermal-sensor to group 35
[    0.730049] iommu: Adding device 70300000.ahub to group 36
[    0.735591] iommu: Adding device pmu to group 37
[    0.740281] iommu: Adding device timer to group 38
[    0.745124] iommu: Adding device sdhci0_pwrseq to group 39
[    0.750677] iommu: Adding device backlight to group 40
[    0.755871] iommu: Adding device clocks to group 41
[    0.760817] iommu: Adding device gpio-keys to group 42
[    0.766011] iommu: Adding device regulators to group 43
[    0.771306] iommu: Adding device regulators:regulator@0 to group 44
[    0.777624] iommu: Adding device regulators:regulator@1 to group 45
[    0.783959] iommu: Adding device regulators:regulator@2 to group 46
[    0.790277] iommu: Adding device regulators:regulator@3 to group 47
[    0.796609] iommu: Adding device regulators:regulator@4 to group 48
[    0.802931] iommu: Adding device regulators:regulator@5 to group 49
[    0.809262] iommu: Adding device regulators:regulator@6 to group 50
[    0.815584] iommu: Adding device regulators:regulator@7 to group 51
[    0.821916] iommu: Adding device regulators:regulator@8 to group 52
[    0.828243] iommu: Adding device regulators:regulator@9 to group 53
[    0.834572] iommu: Adding device regulators:regulator@10 to group 54
[    0.840978] iommu: Adding device regulators:regulator@11 to group 55
[    0.847396] iommu: Adding device regulators:regulator@12 to group 56
[    0.853804] iommu: Adding device sound to group 57
[    0.858663] iommu: Adding device gpio-restart to group 58
[    0.864117] iommu: Adding device panel to group 59
[    0.874769] +5V_SYS: supplied by +VDD_MUX
[    0.877083] +3.3V_SYS: supplied by +VDD_MUX
[    0.881494] +VDD_LED: Failed to request enable GPIO122: -517
[    0.886914] reg-fixed-voltage regulators:regulator@5: Failed to register regulator: -517
[    0.895104] +5V_VDD_TS_SW: Failed to request enable GPIO81: -517
[    0.901127] reg-fixed-voltage regulators:regulator@6: Failed to register regulator: -517
[    0.909330] +5V_USB_HS: Failed to request enable GPIO108: -517
[    0.915167] reg-fixed-voltage regulators:regulator@7: Failed to register regulator: -517
[    0.923353] +5V_USB_SS: Failed to request enable GPIO109: -517
[    0.929207] reg-fixed-voltage regulators:regulator@8: Failed to register regulator: -517
[    0.937457] +1.05V_RUN_AVDD_HDMI_PLL: Failed to request enable GPIO63: -517
[    0.944374] reg-fixed-voltage regulators:regulator@11: Failed to register regulator: -517
[    0.952647] +5V_HDMI_CON: Failed to request enable GPIO86: -517
[    0.958587] reg-fixed-voltage regulators:regulator@12: Failed to register regulator: -517
[    0.967261] vgaarb: loaded
[    0.969857] SCSI subsystem initialized
[    0.973496] libata version 3.00 loaded.
[    0.977432] usbcore: registered new interface driver usbfs
[    0.982874] usbcore: registered new interface driver hub
[    0.988266] usbcore: registered new device driver usb
[    0.994588] Linux video capture interface: v2.00
[    0.998059] pps_core: LinuxPPS API ver. 1 registered
[    1.003053] pps_core: Software ver. 5.3.6 - Copyright 2005-2007 Rodolfo Giometti <giometti@linux.it>
[    1.012248] PTP clock support registered
[    1.016367] tegra-emc 7001b000.emc: no memory timings for RAM code 0 found in DT
[    1.023679] tegra-emc: probe of 7001b000.emc failed with error -2
[    1.029941] Advanced Linux Sound Architecture Driver Initialized.
[    1.036218] Bluetooth: Core ver 2.22
[    1.039637] NET: Registered protocol family 31
[    1.044134] Bluetooth: HCI device and connection manager initialized
[    1.050542] Bluetooth: HCI socket layer initialized
[    1.055486] Bluetooth: L2CAP socket layer initialized
[    1.060608] Bluetooth: SCO socket layer initialized
[    1.065692] iommu: Adding device regulatory.0 to group 60
[    1.071321] clocksource: Switched to clocksource arch_sys_counter
[    1.110122] NET: Registered protocol family 2
[    1.113049] TCP established hash table entries: 8192 (order: 3, 32768 bytes)
[    1.119785] TCP bind hash table entries: 8192 (order: 4, 65536 bytes)
[    1.126323] TCP: Hash tables configured (established 8192 bind 8192)
[    1.132848] UDP hash table entries: 512 (order: 2, 16384 bytes)
[    1.138660] UDP-Lite hash table entries: 512 (order: 2, 16384 bytes)
[    1.145184] NET: Registered protocol family 1
[    1.149766] RPC: Registered named UNIX socket transport module.
[    1.155470] RPC: Registered udp transport module.
[    1.160227] RPC: Registered tcp transport module.
[    1.164999] RPC: Registered tcp NFSv4.1 backchannel transport module.
[    1.171500] PCI: CLS 0 bytes, default 64
[    1.176186] hw perfevents: enabled with armv7_cortex_a15 PMU driver, 7 counters available
[    1.183999] iommu: Adding device alarmtimer to group 61
[    1.189466] workingset: timestamp_bits=30 max_order=19 bucket_order=0
[    1.195989] squashfs: version 4.0 (2009/01/31) Phillip Lougher
[    1.201689] NFS: Registering the id_resolver key type
[    1.206518] Key type id_resolver registered
[    1.210753] Key type id_legacy registered
[    1.216585] bounce: pool size: 64 pages
[    1.218754] io scheduler noop registered (default)
[    1.223590] io scheduler mq-deadline registered
[    1.228174] io scheduler kyber registered
[    1.232899] tegra-xusb-padctl 7009f000.padctl: failed to setup XUSB ports: -517
[    1.245448] tegra-apbdma 60020000.dma: Tegra20 APB DMA driver register 32 channels
[    1.251637] tegra-pmc 7000e400.pmc: i2c-thermtrip node not found, emergency thermal reset disabled.
[    1.260485] Serial: 8250/16550 driver, 4 ports, IRQ sharing disabled
[    1.266749] iommu: Adding device serial8250 to group 62
[    1.272633] console [ttyS0] disabled
[    1.275637] 70006000.serial: ttyS0 at MMIO 0x70006000 (irq = 333, base_baud = 25500000) is a Tegra
[    1.284695] console [ttyS0] enabled
[    1.284695] console [ttyS0] enabled
[    1.290965] bootconsole [earlycon0] disabled
[    1.290965] bootconsole [earlycon0] disabled
[    1.301004] tegra-hdmi 54280000.hdmi: failed to get HDMI regulator
[    1.308696] tegra-dpaux 545c0000.dpaux: failed to get VDD supply: -517
[    1.316109] panel-simple panel: panel supply power not found, using dummy regulator
[    1.327404] loop: module loaded
[    1.331088] as3722 4-0040: AS3722 with revision 0x1 found
[    1.337711] iommu: Adding device as3722-pinctrl to group 63
[    1.344649] iommu: Adding device as3722-regulator to group 64
[    1.352485] as3722-sd2: supplied by +5V_SYS
[    1.356906] as3722-sd3: supplied by +5V_SYS
[    1.361241] +1.35V_LP0(sd3): Bringing 0uV into 1350000-1350000uV
[    1.367433] as3722-sd4: supplied by +5V_SYS
[    1.371779] +1.05V_RUN: Bringing 0uV into 1050000-1050000uV
[    1.377520] as3722-sd5: supplied by +5V_SYS
[    1.383131] as3722-ldo0: supplied by +1.35V_LP0(sd2)
[    1.388873] +1.8V_RUN_CAM: Bringing 0uV into 1800000-1800000uV
[    1.394896] as3722-ldo2: supplied by +1.8V_VDDIO
[    1.400524] as3722-ldo3: supplied by +3.3V_SYS
[    1.404981] +1.00V_LP0_VDD_RTC: Bringing 1100000uV into 1000000-1000000uV
[    1.412570] as3722-ldo4: supplied by +3.3V_SYS
[    1.417168] +3.3V_RUN_CAM: Bringing 0uV into 2800000-2800000uV
[    1.423199] as3722-ldo5: supplied by +1.8V_VDDIO
[    1.427970] +1.2V_RUN_CAM_FRONT: Bringing 0uV into 1200000-1200000uV
[    1.434669] +VDDIO_SDMMC3: Bringing 0uV into 1800000-1800000uV
[    1.440700] as3722-ldo7: supplied by +1.8V_VDDIO
[    1.445479] +1.05V_RUN_CAM_REAR: Bringing 0uV into 1050000-1050000uV
[    1.452037] as3722-ldo9: supplied by +5V_SYS
[    1.456613] +2.8V_RUN_TOUCH: Bringing 0uV into 2800000-2800000uV
[    1.462825] as3722-ldo10: supplied by +5V_SYS
[    1.467336] +2.8V_RUN_CAM_AF: Bringing 0uV into 2800000-2800000uV
[    1.473788] +1.8V_RUN_VPP_FUSE: Bringing 0uV into 1800000-1800000uV
[    1.480300] iommu: Adding device as3722-rtc to group 65
[    1.485580] iommu: Adding device as3722-adc to group 66
[    1.490844] iommu: Adding device as3722-power-off to group 67
[    1.496636] iommu: Adding device as3722-wdt to group 68
[    1.518400] cros-ec-spi spi0.0: packet too long (249 bytes, expected 4)
[    1.533640] iommu: Adding device cros-ec-ctl.0.auto to group 69
[    1.539616] iommu: Adding device 7000d400.spi:cros-ec@0:i2c-tunnel to group 70
[    1.546950] iommu: Adding device 7000d400.spi:cros-ec@0:keyboard-controller to group 71
[    1.557838] cros-ec-spi spi0.0: Chrome EC device registered
[    1.572678] m25p80 spi1.0: w25q32dw (4096 Kbytes)
[    1.578118] iommu: Adding device Fixed MDIO bus.0 to group 72
[    1.583937] libphy: Fixed MDIO Bus: probed
[    1.588022] CAN device driver interface
[    1.591873] igb: Intel(R) Gigabit Ethernet Network Driver - version 5.4.0-k
[    1.598816] igb: Copyright (c) 2007-2014 Intel Corporation.
[    1.604428] pegasus: v0.9.3 (2013/04/25), Pegasus/Pegasus II USB Ethernet driver
[    1.611849] usbcore: registered new interface driver pegasus
[    1.617517] usbcore: registered new interface driver asix
[    1.622926] usbcore: registered new interface driver ax88179_178a
[    1.629020] usbcore: registered new interface driver cdc_ether
[    1.634867] usbcore: registered new interface driver smsc75xx
[    1.640623] usbcore: registered new interface driver smsc95xx
[    1.646379] usbcore: registered new interface driver net1080
[    1.652048] usbcore: registered new interface driver cdc_subset
[    1.657968] usbcore: registered new interface driver zaurus
[    1.663560] usbcore: registered new interface driver cdc_ncm
[    1.669293] ehci_hcd: USB 2.0 'Enhanced' Host Controller (EHCI) Driver
[    1.675812] ehci-pci: EHCI PCI platform driver
[    1.680263] tegra-ehci: Tegra EHCI driver
[    1.684528] usbcore: registered new interface driver cdc_acm
[    1.690172] cdc_acm: USB Abstract Control Model driver for USB modems and ISDN adapters
[    1.698181] usbcore: registered new interface driver cdc_wdm
[    1.703858] usbcore: registered new interface driver usb-storage
[    1.710515] input: cros_ec as /devices/soc0/7000d400.spi/spi_master/spi0/spi0.0/7000d400.spi:cros-ec@0:keyboard-controller/input/input0
[    1.729873] as3722-rtc as3722-rtc: rtc core: registered as3722-rtc as rtc0
[    1.736739] as3722-rtc as3722-rtc: RTC interrupt 372
[    1.743504] tegra_rtc 7000e000.rtc: rtc core: registered 7000e000.rtc as rtc1
[    1.750639] tegra_rtc 7000e000.rtc: Tegra internal Real Time Clock
[    1.756923] i2c /dev entries driver
[    1.760848] IR NEC protocol handler initialized
[    1.765371] IR RC5(x/sz) protocol handler initialized
[    1.770408] IR RC6 protocol handler initialized
[    1.774928] IR JVC protocol handler initialized
[    1.779445] IR Sony protocol handler initialized
[    1.784053] IR SANYO protocol handler initialized
[    1.788743] IR Sharp protocol handler initialized
[    1.793438] IR MCE Keyboard/mouse protocol handler initialized
[    1.799254] IR XMP protocol handler initialized
[    1.803806] usbcore: registered new interface driver uvcvideo
[    1.809536] USB Video Class driver (1.1.1)
[    1.813624] gspca_main: v2.14.0 registered
[    1.817942] lm90 0-004c: 0-004c supply vcc not found, using dummy regulator
[    1.826607] tegra-wdt 60005000.timer: initialized (heartbeat = 120 sec, nowayout = 0)
[    1.834639] iommu: Adding device cpufreq-tegra124 to group 73
[    1.840693] sdhci: Secure Digital Host Controller Interface driver
[    1.846868] sdhci: Copyright(c) Pierre Ossman
[    1.851211] sdhci-pltfm: SDHCI platform and OF driver helper
[    1.856987] sdhci-tegra 700b0000.sdhci: allocated mmc-pwrseq
[    1.870799] sdhci-tegra 700b0400.sdhci: Got CD GPIO
[    1.875684] sdhci-tegra 700b0400.sdhci: Got WP GPIO
[    1.895353] mmc0: Unknown controller version (3). You may experience problems.
[    1.902592] mmc0: Invalid maximum block size, assuming 512 bytes
[    1.971351] mmc0: SDHCI controller on 700b0600.sdhci [700b0600.sdhci] using ADMA
[    1.979063] usbcore: registered new interface driver usbhid
[    1.985755] usbhid: USB HID core driver
[    1.992635] iommu: Adding device snd-soc-dummy to group 74
[    1.999530] iommu: Adding device 70301100.i2s to group 75
[    2.005472] tegra30-i2s 70301100.i2s: DMA channels sourced from device 70300000.ahub
[    2.051813] max98090 0-0010: MAX98090 REVID=0x43
[    2.058350] max98090 0-0010: use default 2.8v micbias
[    2.065871] tegra-snd-max98090 sound: HiFi <-> 70301100.i2s mapping ok
[    2.073157] mmc0: new high speed MMC card at address 0001
[    2.078779] mmcblk0: mmc0:0001 MMC16G 14.4 GiB 
[    2.083479] mmcblk0boot0: mmc0:0001 MMC16G partition 1 2.00 MiB
[    2.089595] input: GoogleNyanBig Headphones as /devices/soc0/sound/sound/card1/input1
[    2.097565] mmcblk0boot1: mmc0:0001 MMC16G partition 2 2.00 MiB
[    2.103577] input: GoogleNyanBig Mic Jack as /devices/soc0/sound/sound/card1/input2
[    2.103639] mmcblk0rpmb: mmc0:0001 MMC16G partition 3 128 KiB
[    2.114098]  mmcblk0: p1 p2 p3 p4 p5 p6 p7 p8 p9 p10 p11 p12
[    2.123160] NET: Registered protocol family 10
[    2.128086] Segment Routing with IPv6
[    2.131806] mip6: Mobile IPv6
[    2.134763] sit: IPv6, IPv4 and MPLS over IPv4 tunneling driver
[    2.141212] NET: Registered protocol family 17
[    2.145657] NET: Registered protocol family 15
[    2.150087] can: controller area network core (rev 20170425 abi 9)
[    2.156336] NET: Registered protocol family 29
[    2.160768] can: raw protocol (rev 20170425)
[    2.165068] can: broadcast manager protocol (rev 20170425 t)
[    2.170717] can: netlink gateway (rev 20170425) max_hops=1
[    2.176269] Bluetooth: RFCOMM socket layer initialized
[    2.181413] Bluetooth: RFCOMM ver 1.11
[    2.185155] Bluetooth: BNEP (Ethernet Emulation) ver 1.3
[    2.190455] Bluetooth: BNEP socket layer initialized
[    2.195409] Bluetooth: HIDP (Human Interface Emulation) ver 1.2
[    2.201319] Bluetooth: HIDP socket layer initialized
[    2.206357] Key type dns_resolver registered
[    2.210812] Registering SWP/SWPB emulation handler
[    2.222219] +3.3V_RUN: supplied by +3.3V_SYS
[    2.227173] +VDD_LED: supplied by +VDD_MUX
[    2.231399] +3.3V_AVDD_HDMI_AP_GATED: supplied by +3.3V_RUN
[    2.236996] +1.8V_RUN_CAM: supplied by +3.3V_RUN
[    2.241752] +VDDIO_SDMMC3: supplied by +3.3V_RUN
[    2.246457] +1.8V_RUN_VPP_FUSE: supplied by +3.3V_RUN
[    2.251723] +5V_VDD_TS_SW: supplied by +5V_SYS
[    2.256328] +5V_USB_HS: supplied by +5V_SYS
[    2.260640] +5V_USB_SS: supplied by +5V_SYS
[    2.265777] +3.3V_PANEL: supplied by +3.3V_RUN
[    2.271095] +3.3V_LP0: supplied by +3.3V_SYS
[    2.276113] +1.05V_RUN_AVDD_HDMI_PLL: supplied by +1.05V_RUN
[    2.282057] +5V_HDMI_CON: supplied by +5V_SYS
[    2.287012]  usb3-0: usb3-0 supply vbus not found, using dummy regulator
[    2.293759]  usb3-1: usb3-1 supply vbus not found, using dummy regulator
[    2.302927] tegra-sor 54540000.sor: failed to probe output: -517
[    2.309089] panel-simple panel: panel supply power not found, using dummy regulator
[    2.382039] tegra-xusb 70090000.usb: Firmware timestamp: 2014-09-16 02:10:07 UTC
[    2.389436] tegra-xusb 70090000.usb: xHCI Host Controller
[    2.394845] tegra-xusb 70090000.usb: new USB bus registered, assigned bus number 1
[    2.404415] tegra-xusb 70090000.usb: hcc params 0x0184f525 hci version 0x100 quirks 0x00010010
[    2.413047] tegra-xusb 70090000.usb: irq 344, io mem 0x70090000
[    2.419531] hub 1-0:1.0: USB hub found
[    2.423349] hub 1-0:1.0: 6 ports detected
[    2.427718] tegra-xusb 70090000.usb: xHCI Host Controller
[    2.433144] tegra-xusb 70090000.usb: new USB bus registered, assigned bus number 2
[    2.440828] usb usb2: We don't know the algorithms for LPM for this host, disabling LPM.
[    2.449507] hub 2-0:1.0: USB hub found
[    2.453319] hub 2-0:1.0: 2 ports detected
[    2.458381] sdhci-tegra 700b0000.sdhci: allocated mmc-pwrseq
[    2.471602] mmc1: Unknown controller version (3). You may experience problems.
[    2.478863] mmc1: Invalid maximum block size, assuming 512 bytes
[    2.485314] mmc1: Switching to 3.3V signalling voltage failed
[    2.541423] mmc1: SDHCI controller on 700b0000.sdhci [700b0000.sdhci] using ADMA
[    2.549051] sdhci-tegra 700b0400.sdhci: Got CD GPIO
[    2.553952] sdhci-tegra 700b0400.sdhci: Got WP GPIO
[    2.567331] mmc2: Unknown controller version (3). You may experience problems.
[    2.574671] mmc2: Invalid maximum block size, assuming 512 bytes
[    2.607457] mmc1: new high speed SDIO card at address 0001
[    2.641430] mmc2: SDHCI controller on 700b0400.sdhci [700b0400.sdhci] using ADMA
[    2.746073] [drm] Supports vblank timestamp caching Rev 2 (21.10.2013).
[    2.752696] [drm] No driver support for vblank timestamp query.
[    2.772049] input: tegra-hda HDMI/DP,pcm=3 as /devices/soc0/70030000.hda/sound/card0/input3
[    2.801378] usb 1-2: new high-speed USB device number 2 using tegra-xusb
[    2.802949] mmc2: new high speed SDHC card at address 0007
[    2.803315] mmcblk2: mmc2:0007 SD08G 7.42 GiB 
[    2.811777] GPT:Primary header alternate_lba != Alt. header my_lba
[    2.811780] GPT:3014591 != 15564799
[    2.811781] GPT:Primary header thinks Alt. header is not at the end of the disk.
[    2.811783] GPT:3014591 != 15564799
[    2.811784] GPT: Use GNU Parted to correct GPT errors.
[    2.811808]  mmcblk2: p1 p2 p3 p4 p5 p6 p7 p8 p9 p10 p11 p12
[    2.841798] Console: switching to colour frame buffer device 170x48
[    2.920763] drm drm: fb0:  frame buffer device
[    2.925279] [drm] Initialized tegra 0.0.0 20120330 for drm on minor 0
[    2.932238] input: gpio-keys as /devices/soc0/gpio-keys/input/input4
[    2.939748] as3722-rtc as3722-rtc: setting system clock to 2000-01-06 06:52:30 UTC (947141550)
[    2.948754] +1.8V_RUN_CAM: disabling
[    2.952666] +1.2V_RUN_CAM_FRONT: disabling
[    2.957022] +1.05V_RUN_CAM_REAR: disabling
[    2.961292] +2.8V_RUN_TOUCH: disabling
[    2.965306] +2.8V_RUN_CAM_AF: disabling
[    2.969318] +1.8V_RUN_VPP_FUSE: disabling
[    2.973565] +5V_VDD_TS_SW: disabling
[    2.977141] ALSA device list:
[    2.980100]   #0: tegra-hda at 0x70038000 irq 343
[    2.984855]   #1: GoogleNyanBig
[    2.988814] EXT4-fs (mmcblk0p3): couldn't mount as ext3 due to feature incompatibilities
[    3.082487] EXT4-fs (mmcblk0p3): recovery complete
[    3.088028] EXT4-fs (mmcblk0p3): mounted filesystem with ordered data mode. Opts: (null)
[    3.096171] VFS: Mounted root (ext4 filesystem) on device 179:3.
[    3.103405] devtmpfs: mounted
[    3.106815] Freeing unused kernel memory: 1024K
[    3.135332] uvcvideo: Found UVC 1.00 device HD WebCam (1bcf:2c67)
[    3.150096] input: HD WebCam: HD WebCam as /devices/soc0/70090000.usb/usb1/1-2/1-2:1.0/input/input5
bash: cannot set terminal process group (-1): Inappropriate ioctl for device
bash: no job control in this shell
root@(none):/# mount -t sysfs none /sys
[    3.511410] usb 1-3: new high-speed USB device number 3 using tegra-xusb
root@(none):/# 
root@(none):/# [    4.170678] asix 1-3:1.0 eth0: register 'asix' at usb-70090000.usb-3, ASIX AX88772 USB 2.0 Ethernet, c8:d7:19:90:fa:65
mount -t debugfs none /sys/kernel/debug
[    4.531377] usb 1-1: new high-speed USB device number 4 using tegra-xusb
root@(none):/# 
root@(none):/# [    4.719731] usb-storage 1-1:1.0: USB Mass Storage device detected
[    4.726463] scsi host0: usb-storage 1-1:1.0
rtcwake -d rtc1 -m mem -s 3
rtcwake: assuming RTC uses UTC ...
rtcwake: wakeup from "mem" using /dev/rtc1 at Thu Jan  1 00:00:28 1970
[    5.563396] PM: suspend entry (deep)
[    5.566967] PM: Syncing filesystems ... done.
[    5.573298] Freezing user space processes ... (elapsed 0.001 seconds) done.
[    5.574463] OOM killer disabled.
[    5.574465] Freezing remaining freezable tasks ... (elapsed 0.001 seconds) done.
[    5.575622] Suspending console(s) (use no_console_suspend to debug)
[    5.814908] Disabling non-boot CPUs ...
[    5.931563] IRQ17 no longer affine to CPU2
[    5.992145] Entering suspend state LP1
[    5.992156] Enabling non-boot CPUs ...
[    5.992842] CPU1 is up
[    5.993437] CPU2 is up
[    5.994075] CPU3 is up
[    6.052148] mmc1: Switching to 3.3V signalling voltage failed
[    6.271728] usb 1-1: reset high-speed USB device number 4 using tegra-xusb
[    6.311307] tegra-sor 54540000.sor: failed to attach SOR: -110
[    6.626182] OOM killer enabled.
[    6.629312] Restarting tasks ... done.
root@(none):/# 
[    6.634011] PM: suspend exit
[    6.634161] scsi 0:0:0:0: Direct-Access     SanDisk  SDDR-113         9412 PQ: 0 ANSI: 0
root@(none):/# [    6.806821] sd 0:0:0:0: [sda] 15523840 512-byte logical blocks: (7.95 GB/7.40 GiB)
[    6.815207] sd 0:0:0:0: [sda] Write Protect is off
[    6.819998] sd 0:0:0:0: [sda] Mode Sense: 03 00 00 00
[    6.826327] sd 0:0:0:0: [sda] No Caching mode page found
[    6.831668] sd 0:0:0:0: [sda] Assuming drive cache: write through
[    6.856358]  sda: sda1 sda2 sda3 sda4 sda5 sda6 sda7 sda8 sda9 sda10 sda11 sda12 sda13
[    6.868949] sd 0:0:0:0: [sda] Attached SCSI removable disk
rtcwake -d rtc1 -m mem -s 3
rtcwake: assuming RTC uses UTC ...
rtcwake: wakeup from "mem" using /dev/rtc1 at Thu Jan  1 00:00:33 1970
[    7.931598] PM: suspend entry (deep)
[    7.935168] PM: Syncing filesystems ... done.
[    7.940715] Freezing user space processes ... (elapsed 0.001 seconds) done.
[    7.941846] OOM killer disabled.
[    7.941847] Freezing remaining freezable tasks ... (elapsed 0.001 seconds) done.
[    7.943036] Suspending console(s) (use no_console_suspend to debug)
[    8.184443] Disabling non-boot CPUs ...
[    8.261487] IRQ17 no longer affine to CPU2
[    8.321958] Entering suspend state LP1
[    8.321983] Enabling non-boot CPUs ...
[    8.322689] CPU1 is up
[    8.323291] CPU2 is up
[    8.323942] CPU3 is up
[    8.382654] mmc1: Switching to 3.3V signalling voltage failed
[    8.601693] usb 1-1: reset high-speed USB device number 4 using tegra-xusb
[    8.641333] tegra-sor 54540000.sor: failed to attach SOR: -110
[    8.957823] OOM killer enabled.
[    8.960952] Restarting tasks ... done.
[    8.970305] PM: suspend exit
root@(none):/# 
root@(none):/# rtcwake -d rtc1 -m mem -s 3
rtcwake: assuming RTC uses UTC ...
rtcwake: wakeup from "mem" using /dev/rtc1 at Thu Jan  1 00:00:38 1970
[   10.261318] PM: suspend entry (deep)
[   10.264886] PM: Syncing filesystems ... done.
[   10.270744] Freezing user space processes ... (elapsed 0.001 seconds) done.
[   10.271959] OOM killer disabled.
[   10.271960] Freezing remaining freezable tasks ... (elapsed 0.001 seconds) done.
[   10.273152] Suspending console(s) (use no_console_suspend to debug)
[   10.514686] Disabling non-boot CPUs ...
[   10.661974] Entering suspend state LP1
[   10.661999] Enabling non-boot CPUs ...
[   10.662708] CPU1 is up
[   10.663309] CPU2 is up
[   10.663969] CPU3 is up
[   10.722842] mmc1: Switching to 3.3V signalling voltage failed
[   10.981337] tegra-sor 54540000.sor: failed to attach SOR: -110
[   11.284822] OOM killer enabled.
[   11.287956] Restarting tasks ... done.
root@(none):/# 
[   11.292401] PM: suspend exit
root@(none):/# rtcwake -d rtc1 -m mem -s 3
rtcwake: assuming RTC uses UTC ...
rtcwake: wakeup from "mem" using /dev/rtc1 at Thu Jan  1 00:00:43 1970
[   12.601594] PM: suspend entry (deep)
[   12.605163] PM: Syncing filesystems ... done.
[   12.611033] Freezing user space processes ... (elapsed 0.001 seconds) done.
[   12.612249] OOM killer disabled.
[   12.612250] Freezing remaining freezable tasks ... (elapsed 0.001 seconds) done.
[   12.613439] Suspending console(s) (use no_console_suspend to debug)
[   12.854684] Disabling non-boot CPUs ...
[   13.011969] Entering suspend state LP1
[   13.011993] Enabling non-boot CPUs ...
[   13.012715] CPU1 is up
[   13.013313] CPU2 is up
[   13.013973] CPU3 is up
[   13.072804] mmc1: Switching to 3.3V signalling voltage failed
[   13.301612] usb 1-1: reset high-speed USB device number 4 using tegra-xusb
[   13.331316] tegra-sor 54540000.sor: failed to attach SOR: -110
[   13.653227] OOM killer enabled.
[   13.656356] Restarting tasks ... done.
root@(none):/# 
[   13.660852] PM: suspend exit
root@(none):/# rtcwake -d rtc1 -m mem -s 3
rtcwake: assuming RTC uses UTC ...
rtcwake: wakeup from "mem" using /dev/rtc1 at Thu Jan  1 00:00:48 1970
[   14.951550] PM: suspend entry (deep)
[   14.955119] PM: Syncing filesystems ... done.
[   14.960996] Freezing user space processes ... (elapsed 0.001 seconds) done.
[   14.962211] OOM killer disabled.
[   14.962213] Freezing remaining freezable tasks ... (elapsed 0.001 seconds) done.
[   14.963403] Suspending console(s) (use no_console_suspend to debug)
[   15.204942] Disabling non-boot CPUs ...
[   15.381945] Entering suspend state LP1
[   15.381970] Enabling non-boot CPUs ...
[   15.382698] CPU1 is up
[   15.383296] CPU2 is up
[   15.383965] CPU3 is up
[   15.442439] mmc1: Switching to 3.3V signalling voltage failed
[   15.661600] usb 1-1: reset high-speed USB device number 4 using tegra-xusb
[   15.701210] tegra-sor 54540000.sor: failed to attach SOR: -110
[   16.013140] OOM killer enabled.
[   16.016272] Restarting tasks ... done.
root@(none):/# 
[   16.020661] PM: suspend exit
root@(none):/# rtcwake -d rtc1 -m mem -s 3
rtcwake: assuming RTC uses UTC ...
rtcwake: wakeup from "mem" using /dev/rtc1 at Thu Jan  1 00:00:53 1970
[   17.321519] PM: suspend entry (deep)
[   17.325087] PM: Syncing filesystems ... done.
[   17.330861] Freezing user space processes ... (elapsed 0.001 seconds) done.
[   17.331996] OOM killer disabled.
[   17.331997] Freezing remaining freezable tasks ... (elapsed 0.001 seconds) done.
[   17.333103] Suspending console(s) (use no_console_suspend to debug)
[   17.574630] Disabling non-boot CPUs ...
[   17.741851] Entering suspend state LP1
[   17.741876] Enabling non-boot CPUs ...
[   17.742608] CPU1 is up
[   17.743209] CPU2 is up
[   17.743869] CPU3 is up
[   17.802564] mmc1: Switching to 3.3V signalling voltage failed
[   18.061271] tegra-sor 54540000.sor: failed to attach SOR: -110
[   18.364385] OOM killer enabled.
[   18.367514] Restarting tasks ... done.
root@(none):/# 
[   18.372073] PM: suspend exit
root@(none):/# rtcwake -d rtc1 -m mem -s 3
rtcwake: assuming RTC uses UTC ...
rtcwake: wakeup from "mem" using /dev/rtc1 at Thu Jan  1 00:00:58 1970
[   19.681529] PM: suspend entry (deep)
[   19.685098] PM: Syncing filesystems ... done.
[   19.690999] Freezing user space processes ... (elapsed 0.001 seconds) done.
[   19.692135] OOM killer disabled.
[   19.692136] Freezing remaining freezable tasks ... (elapsed 0.001 seconds) done.
[   19.693321] Suspending console(s) (use no_console_suspend to debug)
[   19.934452] Disabling non-boot CPUs ...
[   20.091882] Entering suspend state LP1
[   20.091907] Enabling non-boot CPUs ...
[   20.092641] CPU1 is up
[   20.093235] CPU2 is up
[   20.093893] CPU3 is up
[   20.152400] mmc1: Switching to 3.3V signalling voltage failed
[   20.411210] tegra-sor 54540000.sor: failed to attach SOR: -110
[   20.716134] OOM killer enabled.
[   20.719263] Restarting tasks ... done.
root@(none):/# 
[   20.723622] PM: suspend exit
root@(none):/# rtcwake -d rtc1 -m mem -s 3
rtcwake: assuming RTC uses UTC ...
rtcwake: wakeup from "mem" using /dev/rtc1 at Thu Jan  1 00:01:03 1970
[   22.030990] PM: suspend entry (deep)
[   22.034593] PM: Syncing filesystems ... done.
[   22.040420] Freezing user space processes ... (elapsed 0.001 seconds) done.
[   22.041551] OOM killer disabled.
[   22.041552] Freezing remaining freezable tasks ... (elapsed 0.001 seconds) done.
[   22.042742] Suspending console(s) (use no_console_suspend to debug)
[   22.284292] Disabling non-boot CPUs ...
[   22.321364] IRQ17 no longer affine to CPU1
[   22.431810] Entering suspend state LP1
[   22.431834] Enabling non-boot CPUs ...
[   22.432568] CPU1 is up
[   22.433168] CPU2 is up
[   22.433835] CPU3 is up
[   22.492457] mmc1: Switching to 3.3V signalling voltage failed
[   22.711538] usb 1-1: reset high-speed USB device number 4 using tegra-xusb
[   22.751152] tegra-sor 54540000.sor: failed to attach SOR: -110
[   23.067308] OOM killer enabled.
[   23.070437] Restarting tasks ... done.
root@(none):/# 
[   23.074769] PM: suspend exit
root@(none):/# rtcwake -d rtc1 -m mem -s 3
rtcwake: assuming RTC uses UTC ...
rtcwake: wakeup from "mem" using /dev/rtc1 at Thu Jan  1 00:01:08 1970
[   24.370959] PM: suspend entry (deep)
[   24.374562] PM: Syncing filesystems ... done.
[   24.380400] Freezing user space processes ... (elapsed 0.001 seconds) done.
[   24.381618] OOM killer disabled.
[   24.381620] Freezing remaining freezable tasks ... (elapsed 0.001 seconds) done.
[   24.382814] Suspending console(s) (use no_console_suspend to debug)
[   24.624273] Disabling non-boot CPUs ...
[   24.771293] IRQ17 no longer affine to CPU3
[   24.771797] Entering suspend state LP1
[   24.771822] Enabling non-boot CPUs ...
[   24.772558] CPU1 is up
[   24.773160] CPU2 is up
[   24.773822] CPU3 is up
[   24.832632] mmc1: Switching to 3.3V signalling voltage failed
[   25.091139] tegra-sor 54540000.sor: failed to attach SOR: -110
[   25.398449] OOM killer enabled.
[   25.401619] Restarting tasks ... done.
[   25.420535] PM: suspend exit
root@(none):/# 
root@(none):/# rtcwake -d rtc1 -m mem -s 3
rtcwake: assuming RTC uses UTC ...
rtcwake: wakeup from "mem" using /dev/rtc1 at Thu Jan  1 00:01:13 1970
[   26.711512] PM: suspend entry (deep)
[   26.715081] PM: Syncing filesystems ... done.
[   26.720984] Freezing user space processes ... (elapsed 0.001 seconds) done.
[   26.722207] OOM killer disabled.
[   26.722208] Freezing remaining freezable tasks ... (elapsed 0.001 seconds) done.
[   26.723402] Suspending console(s) (use no_console_suspend to debug)
[   26.964535] Disabling non-boot CPUs ...
[   27.121851] Entering suspend state LP1
[   27.121876] Enabling non-boot CPUs ...
[   27.122611] CPU1 is up
[   27.123206] CPU2 is up
[   27.123859] CPU3 is up
[   27.182151] mmc1: Switching to 3.3V signalling voltage failed
[   27.401493] usb 1-1: reset high-speed USB device number 4 using tegra-xusb
[   27.441158] tegra-sor 54540000.sor: failed to attach SOR: -110
[   27.752019] OOM killer enabled.
[   27.755148] Restarting tasks ... done.
root@(none):/# 
[   27.759644] PM: suspend exit
root@(none):/# NVTB SYSTEM SUSPEND TEST COMPLETE
