

U-Boot 2015.04-00466-gedec83e90172 (Mar 14 2016 - 10:42:01)

TEGRA124
Model: Acer Chromebook 13 CB5-311
DRAM:  4 GiB
:   Tegra SD/MMC: 0, Tegra SD/MMC: 1, Tegra SD/MMC: 2
MMC init failed
Using default environment

In:    serial
Out:   serial
Err:   serial
Net:   Net Initialization Skipped
No ethernet found.
Hit any key to stop autoboot:  2  0 
Tegra124 (Nyan-big) # 
Tegra124 (Nyan-big) # usb start
starting USB...
USB0:   USB EHCI 1.10
scanning bus 0 for devices... 2 USB Device(s) found
USB1:   USB EHCI 1.10
scanning bus 1 for devices... 2 USB Device(s) found
       scanning usb for storage devices... 1 Storage Device(s) found
       scanning usb for ethernet devices... 
Warning: asx0 using MAC address from net device
1 Ethernet Device(s) found
Tegra124 (Nyan-big) # setenv bootargs 'ignore_loglevel console=ttyS0,115200n8 rw root=PARTUUID=4d36e82a-b3c0-4b4b-bfcd-afe5217ac023 rootwait gpt debug noinitrd earlyprintk init=/bin/bash'
Tegra124 (Nyan-big) # setenv ipaddr 192.168.100.102; setenv serverip 192.168.100.1; setenv tftpserverip 192.168.100.1
Tegra124 (Nyan-big) # tftpboot 0x82000000 zImage.multi_v7_defconfig
Using asx0 device
TFTP from server 192.168.100.1; our IP address is 192.168.100.102
Filename 'zImage.multi_v7_defconfig'.
Load address: 0x82000000
Loading: *#################################################################
	 #################################################################
	 #################################################################
	 #################################################################
	 #################################################################
	 #################################################################
	 #################################################################
	 #######################################
	 2.8 MiB/s
done
Bytes transferred = 7239360 (6e76c0 hex)
Tegra124 (Nyan-big) # tftpboot 0x83000000 tegra124-nyan-big.dtb
Using asx0 device
TFTP from server 192.168.100.1; our IP address is 192.168.100.102
Filename 'tegra124-nyan-big.dtb'.
Load address: 0x83000000
Loading: *#####
	 2.8 MiB/s
done
Bytes transferred = 66901 (10555 hex)
Tegra124 (Nyan-big) # bootz 0x82000000 - 0x83000000
Kernel image @ 0x82000000 [ 0x000000 - 0x6e76c0 ]
## Flattened Device Tree blob at 83000000
   Booting using the fdt blob at 0x83000000
   Using Device Tree in place at 83000000, end 83013554

Starting kernel ...

[    0.000000] Booting Linux on physical CPU 0x0
[    0.000000] Linux version 4.7.0-rc4-96064-g33688ab (pwalmsley@sellafield) (gcc version 4.7.3 20130328 (prerelease) (crosstool-NG linaro-1.13.1-4.7-2013.04-20130415 - Linaro GCC 2013.04) ) #1 SMP Sun Jun 19 22:04:28 PDT 2016
[    0.000000] CPU: ARMv7 Processor [413fc0f3] revision 3 (ARMv7), cr=10c5387d
[    0.000000] CPU: div instructions available: patching division code
[    0.000000] CPU: PIPT / VIPT nonaliasing data cache, PIPT instruction cache
[    0.000000] Machine model: Acer Chromebook 13 CB5-311
[    0.000000] Ignoring memory range 0x100000000 - 0x17ffff000
[    0.000000] debug: ignoring loglevel setting.
[    0.000000] cma: Reserved 64 MiB at 0xfb800000
[    0.000000] Memory policy: Data cache writealloc
[    0.000000] On node 0 totalpages: 524287
[    0.000000] free_area_init_node: node 0, pgdat c141bb40, node_mem_map eeff8000
[    0.000000]   DMA zone: 1536 pages used for memmap
[    0.000000]   DMA zone: 0 pages reserved
[    0.000000]   DMA zone: 196608 pages, LIFO batch:31
[    0.000000]   HighMem zone: 327679 pages, LIFO batch:31
[    0.000000] percpu: Embedded 13 pages/cpu @eef89000 s23808 r8192 d21248 u53248
[    0.000000] pcpu-alloc: s23808 r8192 d21248 u53248 alloc=13*4096
[    0.000000] pcpu-alloc: [0] 0 [0] 1 [0] 2 [0] 3 
[    0.000000] Built 1 zonelists in Zone order, mobility grouping on.  Total pages: 522751
[    0.000000] Kernel command line: ignore_loglevel console=ttyS0,115200n8 rw root=PARTUUID=4d36e82a-b3c0-4b4b-bfcd-afe5217ac023 rootwait gpt debug noinitrd earlyprintk init=/bin/bash
[    0.000000] PID hash table entries: 4096 (order: 2, 16384 bytes)
[    0.000000] Dentry cache hash table entries: 131072 (order: 7, 524288 bytes)
[    0.000000] Inode-cache hash table entries: 65536 (order: 6, 262144 bytes)
[    0.000000] Memory: 1996016K/2097148K available (9529K kernel code, 1142K rwdata, 4476K rodata, 2048K init, 343K bss, 35596K reserved, 65536K cma-reserved, 1245180K highmem)
[    0.000000] Virtual kernel memory layout:
[    0.000000]     vector  : 0xffff0000 - 0xffff1000   (   4 kB)
[    0.000000]     fixmap  : 0xffc00000 - 0xfff00000   (3072 kB)
[    0.000000]     vmalloc : 0xf0800000 - 0xff800000   ( 240 MB)
[    0.000000]     lowmem  : 0xc0000000 - 0xf0000000   ( 768 MB)
[    0.000000]     pkmap   : 0xbfe00000 - 0xc0000000   (   2 MB)
[    0.000000]     modules : 0xbf000000 - 0xbfe00000   (  14 MB)
[    0.000000]       .text : 0xc0208000 - 0xc10ad50c   (14998 kB)
[    0.000000]       .init : 0xc1100000 - 0xc1300000   (2048 kB)
[    0.000000]       .data : 0xc1300000 - 0xc141dba0   (1143 kB)
[    0.000000]        .bss : 0xc141f000 - 0xc1474ca0   ( 344 kB)
[    0.000000] SLUB: HWalign=64, Order=0-3, MinObjects=0, CPUs=4, Nodes=1
[    0.000000] Hierarchical RCU implementation.
[    0.000000] 	Build-time adjustment of leaf fanout to 32.
[    0.000000] 	RCU restricting CPUs from NR_CPUS=16 to nr_cpu_ids=4.
[    0.000000] RCU: Adjusting geometry for rcu_fanout_leaf=32, nr_cpu_ids=4
[    0.000000] NR_IRQS:16 nr_irqs:16 16
[    0.000000] /interrupt-controller@60004000: 160 interrupts forwarded to /interrupt-controller@0,50041000
[    0.000000] Tegra clk 127: register failed with -17
[    0.000003] sched_clock: 32 bits at 1000kHz, resolution 1000ns, wraps every 2147483647500ns
[    0.000013] clocksource: timer_us: mask: 0xffffffff max_cycles: 0xffffffff, max_idle_ns: 1911260446275 ns
[    0.000019] Switching to timer-based delay loop, resolution 1000ns
[    0.001777] Architected cp15 timer(s) running at 12.00MHz (virt).
[    0.001784] clocksource: arch_sys_counter: mask: 0xffffffffffffff max_cycles: 0x2c47f4ee7, max_idle_ns: 440795202497 ns
[    0.001791] sched_clock: 56 bits at 12MHz, resolution 83ns, wraps every 4398046511096ns
[    0.001795] Switching to timer-based delay loop, resolution 83ns
[    0.001997] Console: colour dummy device 80x30
[    0.002009] Calibrating delay loop (skipped), value calculated using timer frequency.. 24.00 BogoMIPS (lpj=60000)
[    0.002014] pid_max: default: 32768 minimum: 301
[    0.002053] Mount-cache hash table entries: 2048 (order: 1, 8192 bytes)
[    0.002058] Mountpoint-cache hash table entries: 2048 (order: 1, 8192 bytes)
[    0.002302] CPU: Testing write buffer coherency: ok
[    0.002415] /cpus/cpu@0 missing clock-frequency property
[    0.002429] /cpus/cpu@1 missing clock-frequency property
[    0.002443] /cpus/cpu@2 missing clock-frequency property
[    0.002457] /cpus/cpu@3 missing clock-frequency property
[    0.002462] CPU0: thread -1, cpu 0, socket 0, mpidr 80000000
[    0.002471] Setting up static identity map for 0x80300000 - 0x80300098
[    0.003739] Tegra Revision: A01 SKU: 131 CPU Process: 1 SoC Process: 1
[    0.004337] CPU1: thread -1, cpu 1, socket 0, mpidr 80000001
[    0.006955] CPU2: thread -1, cpu 2, socket 0, mpidr 80000002
[    0.011948] CPU3: thread -1, cpu 3, socket 0, mpidr 80000003
[    0.016673] Brought up 4 CPUs
[    0.016681] SMP: Total of 4 processors activated (96.00 BogoMIPS).
[    0.016684] CPU: All CPU(s) started in SVC mode.
[    0.017221] devtmpfs: initialized
[    0.023594] VFP support v0.3: implementor 41 architecture 4 part 30 variant f rev 0
[    0.023864] clocksource: jiffies: mask: 0xffffffff max_cycles: 0xffffffff, max_idle_ns: 9556302231375000 ns
[    0.024395] pinctrl core: initialized pinctrl subsystem
[    0.025071] NET: Registered protocol family 16
[    0.025747] DMA: preallocated 256 KiB pool for atomic coherent allocations
[    0.036707] cpuidle: using governor menu
[    0.043115] No ATAGs?
[    0.043126] hw-breakpoint: found 5 (+1 reserved) breakpoint and 4 watchpoint registers.
[    0.043130] hw-breakpoint: maximum watchpoint size is 8 bytes.
[    0.045238] Serial: AMBA PL011 UART driver
[    0.046206] tegra-mc 70019000.memory-controller: no memory timings for RAM code 0 registered
[    0.063446] +5V_SYS: supplied by +VDD_MUX
[    0.063552] +3.3V_SYS: supplied by +VDD_MUX
[    0.063773] +VDD_LED: Failed to request enable GPIO122: -517
[    0.063778] reg-fixed-voltage regulators:regulator@5: Failed to register regulator: -517
[    0.063809] +5V_VDD_TS_SW: Failed to request enable GPIO81: -517
[    0.063813] reg-fixed-voltage regulators:regulator@6: Failed to register regulator: -517
[    0.063843] +5V_USB_HS: Failed to request enable GPIO108: -517
[    0.063848] reg-fixed-voltage regulators:regulator@7: Failed to register regulator: -517
[    0.063878] +5V_USB_SS: Failed to request enable GPIO109: -517
[    0.063882] reg-fixed-voltage regulators:regulator@8: Failed to register regulator: -517
[    0.063961] +1.05V_RUN_AVDD_HDMI_PLL: Failed to request enable GPIO63: -517
[    0.063966] reg-fixed-voltage regulators:regulator@11: Failed to register regulator: -517
[    0.063994] +5V_HDMI_CON: Failed to request enable GPIO86: -517
[    0.063998] reg-fixed-voltage regulators:regulator@12: Failed to register regulator: -517
[    0.065125] vgaarb: loaded
[    0.065412] SCSI subsystem initialized
[    0.065485] libata version 3.00 loaded.
[    0.065587] usbcore: registered new interface driver usbfs
[    0.065609] usbcore: registered new interface driver hub
[    0.065635] usbcore: registered new device driver usb
[    0.067039] pps_core: LinuxPPS API ver. 1 registered
[    0.067043] pps_core: Software ver. 5.3.6 - Copyright 2005-2007 Rodolfo Giometti <giometti@linux.it>
[    0.067051] PTP clock support registered
[    0.067123] EDAC MC: Ver: 3.0.0
[    0.067557] tegra-emc 7001b000.emc: no memory timings for RAM code 0 found in DT
[    0.067566] tegra-emc: probe of 7001b000.emc failed with error -2
[    0.068053] clocksource: Switched to clocksource arch_sys_counter
[    0.071726] NET: Registered protocol family 2
[    0.071937] TCP established hash table entries: 8192 (order: 3, 32768 bytes)
[    0.071970] TCP bind hash table entries: 8192 (order: 4, 65536 bytes)
[    0.072033] TCP: Hash tables configured (established 8192 bind 8192)
[    0.072056] UDP hash table entries: 512 (order: 2, 16384 bytes)
[    0.072069] UDP-Lite hash table entries: 512 (order: 2, 16384 bytes)
[    0.072130] NET: Registered protocol family 1
[    0.072233] RPC: Registered named UNIX socket transport module.
[    0.072236] RPC: Registered udp transport module.
[    0.072239] RPC: Registered tcp transport module.
[    0.072241] RPC: Registered tcp NFSv4.1 backchannel transport module.
[    0.072246] PCI: CLS 0 bytes, default 64
[    0.072687] hw perfevents: enabled with armv7_cortex_a15 PMU driver, 7 counters available
[    0.073243] futex hash table entries: 1024 (order: 4, 65536 bytes)
[    0.073528] workingset: timestamp_bits=28 max_order=19 bucket_order=0
[    0.077324] squashfs: version 4.0 (2009/01/31) Phillip Lougher
[    0.077630] NFS: Registering the id_resolver key type
[    0.077646] Key type id_resolver registered
[    0.077649] Key type id_legacy registered
[    0.077666] ntfs: driver 2.1.32 [Flags: R/O].
[    0.078158] bounce: pool size: 64 pages
[    0.078232] Block layer SCSI generic (bsg) driver version 0.4 loaded (major 248)
[    0.078237] io scheduler noop registered
[    0.078240] io scheduler deadline registered
[    0.078251] io scheduler cfq registered (default)
[    0.080166] tegra-xusb-padctl 7009f000.padctl: failed to setup XUSB ports: -517
[    0.089116] tegra-apbdma 60020000.dma: Tegra20 APB DMA driver register 32 channels
[    0.089809] tegra-pmc 7000e400.pmc: i2c-thermtrip node not found, emergency thermal reset disabled.
[    0.110736] Serial: 8250/16550 driver, 4 ports, IRQ sharing disabled
[    0.111885] console [ttyS0] disabled
[    0.111901] 70006000.serial: ttyS0 at MMIO 0x70006000 (irq = 331, base_baud = 25500000) is a Tegra
[    0.964874] console [ttyS0] enabled
[    0.968669] SuperH (H)SCI(F) driver initialized
[    0.973553] msm_serial: driver initialized
[    0.977703] STMicroelectronics ASC driver initialized
[    0.984182] [drm] Initialized drm 1.1.0 20060810
[    0.990217] tegra-hdmi 54280000.hdmi: failed to get HDMI regulator
[    0.996770] tegra-dpaux 545c0000.dpaux: failed to get VDD supply: -517
[    1.003989] panel supply power not found, using dummy regulator
[    1.013729] brd: module loaded
[    1.018862] loop: module loaded
[    1.022904] as3722 4-0040: AS3722 with revision 0x1 found
[    1.032627] as3722-sd2: supplied by +5V_SYS
[    1.037076] as3722-sd3: supplied by +5V_SYS
[    1.041413] +1.35V_LP0(sd3): Bringing 0uV into 1350000-1350000uV
[    1.047604] as3722-sd4: supplied by +5V_SYS
[    1.051940] +1.05V_RUN: Bringing 0uV into 1050000-1050000uV
[    1.057686] as3722-sd5: supplied by +5V_SYS
[    1.063284] as3722-ldo0: supplied by +1.35V_LP0(sd2)
[    1.069020] +1.8V_RUN_CAM: Bringing 0uV into 1800000-1800000uV
[    1.075049] as3722-ldo2: supplied by +1.8V_VDDIO
[    1.080669] as3722-ldo3: supplied by +3.3V_SYS
[    1.085119] +1.00V_LP0_VDD_RTC: Bringing 1100000uV into 1000000-1000000uV
[    1.092696] as3722-ldo4: supplied by +3.3V_SYS
[    1.097293] +3.3V_RUN_CAM: Bringing 0uV into 2800000-2800000uV
[    1.103319] as3722-ldo5: supplied by +1.8V_VDDIO
[    1.108080] +1.2V_RUN_CAM_FRONT: Bringing 0uV into 1200000-1200000uV
[    1.114775] +VDDIO_SDMMC3: Bringing 0uV into 1800000-1800000uV
[    1.120809] as3722-ldo7: supplied by +1.8V_VDDIO
[    1.125579] +1.05V_RUN_CAM_REAR: Bringing 0uV into 1050000-1050000uV
[    1.132141] as3722-ldo9: supplied by +5V_SYS
[    1.136706] +2.8V_RUN_TOUCH: Bringing 0uV into 2800000-2800000uV
[    1.142915] as3722-ldo10: supplied by +5V_SYS
[    1.147423] +2.8V_RUN_CAM_AF: Bringing 0uV into 2800000-2800000uV
[    1.153872] +1.8V_RUN_VPP_FUSE: Bringing 0uV into 1800000-1800000uV
[    1.172160] m25p80 spi32765.0: w25q32dw (4096 Kbytes)
[    1.178443] libphy: Fixed MDIO Bus: probed
[    1.182770] CAN device driver interface
[    1.187322] igb: Intel(R) Gigabit Ethernet Network Driver - version 5.3.0-k
[    1.194272] igb: Copyright (c) 2007-2014 Intel Corporation.
[    1.201001] pegasus: v0.9.3 (2013/04/25), Pegasus/Pegasus II USB Ethernet driver
[    1.208411] usbcore: registered new interface driver pegasus
[    1.214081] usbcore: registered new interface driver asix
[    1.219485] usbcore: registered new interface driver ax88179_178a
[    1.225582] usbcore: registered new interface driver cdc_ether
[    1.231425] usbcore: registered new interface driver smsc75xx
[    1.237181] usbcore: registered new interface driver smsc95xx
[    1.242931] usbcore: registered new interface driver net1080
[    1.248596] usbcore: registered new interface driver cdc_subset
[    1.254521] usbcore: registered new interface driver zaurus
[    1.260110] usbcore: registered new interface driver cdc_ncm
[    1.266483] ehci_hcd: USB 2.0 'Enhanced' Host Controller (EHCI) Driver
[    1.272999] ehci-pci: EHCI PCI platform driver
[    1.277449] ehci-platform: EHCI generic platform driver
[    1.282739] ehci-omap: OMAP-EHCI Host Controller driver
[    1.288005] ehci-orion: EHCI orion driver
[    1.292057] SPEAr-ehci: EHCI SPEAr driver
[    1.296113] ehci-st: EHCI STMicroelectronics driver
[    1.301033] ehci-exynos: EHCI EXYNOS driver
[    1.305269] ehci-atmel: EHCI Atmel driver
[    1.309323] tegra-ehci: Tegra EHCI driver
[    1.313391] ohci_hcd: USB 1.1 'Open' Host Controller (OHCI) Driver
[    1.319565] ohci-pci: OHCI PCI platform driver
[    1.324016] ohci-platform: OHCI generic platform driver
[    1.329290] ohci-omap3: OHCI OMAP3 driver
[    1.333342] SPEAr-ohci: OHCI SPEAr driver
[    1.337390] ohci-st: OHCI STMicroelectronics driver
[    1.342310] ohci-atmel: OHCI Atmel driver
[    1.346585] usbcore: registered new interface driver usb-storage
[    1.353184] mousedev: PS/2 mouse device common for all mice
[    1.359159] 1-0015 supply vcc not found, using dummy regulator
[    1.360992] as3722-rtc as3722-rtc: rtc core: registered as3722-rtc as rtc0
[    1.360995] as3722-rtc as3722-rtc: RTC interrupt 370
[    1.363290] tegra_rtc 7000e000.rtc: rtc core: registered 7000e000.rtc as rtc1
[    1.363314] tegra_rtc 7000e000.rtc: Tegra internal Real Time Clock
[    1.363599] i2c /dev entries driver
[    1.366967] 0-004c supply vcc not found, using dummy regulator
[    1.402121] sdhci: Secure Digital Host Controller Interface driver
[    1.408294] sdhci: Copyright(c) Pierre Ossman
[    1.413210] Synopsys Designware Multimedia Card Interface Driver
[    1.419608] sdhci-pltfm: SDHCI platform and OF driver helper
[    1.425555] sdhci-tegra 700b0000.sdhci: allocated mmc-pwrseq
[    1.431221] mmc0: Unknown controller version (3). You may experience problems.
[    1.438579] sdhci-tegra 700b0400.sdhci: Got CD GPIO
[    1.443455] sdhci-tegra 700b0400.sdhci: Got WP GPIO
[    1.448344] mmc0: Unknown controller version (3). You may experience problems.
[    1.455666] mmc0: Unknown controller version (3). You may experience problems.
[    1.462905] mmc0: Invalid maximum block size, assuming 512 bytes
[    1.503065] mmc0: SDHCI controller on 700b0600.sdhci [700b0600.sdhci] using ADMA 64-bit
[    1.511665] ledtrig-cpu: registered to indicate activity on CPUs
[    1.517794] usbcore: registered new interface driver usbhid
[    1.523365] usbhid: USB HID core driver
[    1.529293] NET: Registered protocol family 10
[    1.534032] sit: IPv6 over IPv4 tunneling driver
[    1.538977] NET: Registered protocol family 17
[    1.543427] can: controller area network core (rev 20120528 abi 9)
[    1.549629] NET: Registered protocol family 29
[    1.554073] can: raw protocol (rev 20120528)
[    1.558342] can: broadcast manager protocol (rev 20120528 t)
[    1.563998] can: netlink gateway (rev 20130117) max_hops=1
[    1.569634] Key type dns_resolver registered
[    1.574144] ThumbEE CPU extension supported.
[    1.578419] Registering SWP/SWPB emulation handler
[    1.585180] +3.3V_RUN: supplied by +3.3V_SYS
[    1.590222] +3.3V_AVDD_HDMI_AP_GATED: supplied by +3.3V_RUN
[    1.595961] +1.8V_RUN_CAM: supplied by +3.3V_RUN
[    1.597855] input: Elan Touchpad as /devices/soc0/7000c400.i2c/i2c-1/1-0015/input/input0
[    1.608785] +VDDIO_SDMMC3: supplied by +3.3V_RUN
[    1.613526] +1.8V_RUN_VPP_FUSE: supplied by +3.3V_RUN
[    1.618860] +VDD_LED: supplied by +VDD_MUX
[    1.623245] +5V_VDD_TS_SW: supplied by +5V_SYS
[    1.627991] +5V_USB_HS: supplied by +5V_SYS
[    1.632524] +5V_USB_SS: supplied by +5V_SYS
[    1.634796] mmc0: new high speed MMC card at address 0001
[    1.635506] mmcblk0: mmc0:0001 MMC16G 14.4 GiB 
[    1.636116] mmcblk0boot0: mmc0:0001 MMC16G partition 1 2.00 MiB
[    1.636565] mmcblk0boot1: mmc0:0001 MMC16G partition 2 2.00 MiB
[    1.636964] mmcblk0rpmb: mmc0:0001 MMC16G partition 3 128 KiB
[    1.640881]  mmcblk0: p1 p2 p3 p4 p5 p6 p7 p8 p9 p10 p11 p12
[    1.671017] +3.3V_PANEL: supplied by +3.3V_RUN
[    1.676236] +3.3V_LP0: supplied by +3.3V_SYS
[    1.681211] +1.05V_RUN_AVDD_HDMI_PLL: supplied by +1.05V_RUN
[    1.681475] elan_i2c 1-0015: failed to read report data: -121
[    1.692986] +5V_HDMI_CON: supplied by +5V_SYS
[    1.698384] usb3-0 supply vbus not found, using dummy regulator
[    1.704413] usb3-1 supply vbus not found, using dummy regulator
[    1.713731] tegra-sor 54540000.sor: failed to probe output: -517
[    1.720481] panel supply power not found, using dummy regulator
[    1.727435] sdhci-tegra 700b0000.sdhci: allocated mmc-pwrseq
[    1.733143] mmc1: Unknown controller version (3). You may experience problems.
[    1.740596] mmc1: Invalid maximum block size, assuming 512 bytes
[    1.746923] +1.8V_VDDIO: voltage operation not allowed
[    1.752091] mmc1: Switching to 3.3V signalling voltage failed
[    1.783143] mmc1: SDHCI controller on 700b0000.sdhci [700b0000.sdhci] using ADMA 64-bit
[    1.791886] sdhci-tegra 700b0400.sdhci: Got CD GPIO
[    1.796784] sdhci-tegra 700b0400.sdhci: Got WP GPIO
[    1.801698] mmc2: Unknown controller version (3). You may experience problems.
[    1.809111] mmc2: Invalid maximum block size, assuming 512 bytes
[    1.821394] elan_i2c 1-0015: invalid report id data (ff)
[    1.848612] mmc2: SDHCI controller on 700b0400.sdhci [700b0400.sdhci] using ADMA 64-bit
[    1.875059] mmc1: new high speed SDIO card at address 0001
[    1.951597] [drm] Supports vblank timestamp caching Rev 2 (21.10.2013).
[    1.958219] [drm] No driver support for vblank timestamp query.
[    2.005518] mmc2: new high speed SDHC card at address 0007
[    2.006089] mmcblk2: mmc2:0007 SD08G 7.42 GiB 
[    2.014544] GPT:Primary header alternate_lba != Alt. header my_lba
[    2.014547] GPT:3014591 != 15564799
[    2.014549] GPT:Primary header thinks Alt. header is not at the end of the disk.
[    2.014550] GPT:3014591 != 15564799
[    2.014551] GPT: Use GNU Parted to correct GPT errors.
[    2.014575]  mmcblk2: p1 p2 p3 p4 p5 p6 p7 p8 p9 p10 p11 p12
[    2.019560] Console: switching to colour frame buffer device 170x48
[    2.070963] drm drm: fb0:  frame buffer device
[    2.088140] [drm] Initialized tegra 0.0.0 20120330 on minor 0
[    2.095055] input: gpio-keys as /devices/soc0/gpio-keys/input/input1
[    2.102518] as3722-rtc as3722-rtc: setting system clock to 2000-01-01 00:00:22 UTC (946684822)
[    2.115137] +1.8V_RUN_CAM: disabling
[    2.118936] +3.3V_RUN_CAM: disabling
[    2.122711] +1.2V_RUN_CAM_FRONT: disabling
[    2.126986] +1.05V_RUN_CAM_REAR: disabling
[    2.131286] +2.8V_RUN_TOUCH: disabling
[    2.135208] +2.8V_RUN_CAM_AF: disabling
[    2.139220] +1.8V_RUN_VPP_FUSE: disabling
[    2.143439] +5V_VDD_TS_SW: disabling
[    2.147012] +5V_USB_HS: disabling
[    2.150343] +5V_USB_SS: disabling
[    2.154669] EXT4-fs (mmcblk0p3): couldn't mount as ext3 due to feature incompatibilities
[    2.163306] EXT4-fs (mmcblk0p3): couldn't mount as ext2 due to feature incompatibilities
[    2.395953] EXT4-fs (mmcblk0p3): recovery complete
[    2.401501] EXT4-fs (mmcblk0p3): mounted filesystem with ordered data mode. Opts: (null)
[    2.409630] VFS: Mounted root (ext4 filesystem) on device 179:3.
[    2.416279] devtmpfs: mounted
[    2.419964] Freeing unused kernel memory: 2048K (c1100000 - c1300000)
bash: cannot set terminal process group (-1): Inappropriate ioctl for device
bash: no job control in this shell
root@(none):/# mount -t sysfs none /sys
root@(none):/# 
root@(none):/# mount -t debugfs none /sys/kernel/debug
root@(none):/# 
root@(none):/# rtcwake -d rtc1 -m mem -s 3
rtcwake: assuming RTC uses UTC ...
rtcwake: wakeup from "mem" using /dev/rtc1 at Thu Jan  1 00:00:27 1970
[    5.773436] PM: Syncing filesystems ... done.
[    5.782859] Freezing user space processes ... (elapsed 0.001 seconds) done.
[    5.791008] Freezing remaining freezable tasks ... (elapsed 0.001 seconds) done.
[    5.799675] Suspending console(s) (use no_console_suspend to debug)
[    5.844638] PM: suspend of devices complete after 38.160 msecs
[    5.845457] PM: late suspend of devices complete after 0.814 msecs
[    5.846122] PM: noirq suspend of devices complete after 0.662 msecs
[    5.846123] Disabling non-boot CPUs ...
[    5.846552] CPU1: shutdown
[    5.859128] CPU2: shutdown
[    5.873968] CPU3: shutdown
[    5.888501] Entering suspend state LP1
[    5.888515] Enabling non-boot CPUs ...
[    5.913735] CPU1 is up
[    5.938748] CPU2 is up
[    5.963854] CPU3 is up
[    5.964356] PM: noirq resume of devices complete after 0.496 msecs
[    5.965925] PM: early resume of devices complete after 1.263 msecs
[    6.109981] +1.8V_VDDIO: voltage operation not allowed
[    6.109985] mmc1: Switching to 3.3V signalling voltage failed
[    6.170771] PM: resume of devices complete after 204.835 msecs
[    6.245326] Restarting tasks ... done.
root@(none):/# 
root@(none):/# rtcwake -d rtc1 -m mem -s 3
rtcwake: assuming RTC uses UTC ...
rtcwake: wakeup from "mem" using /dev/rtc1 at Thu Jan  1 00:00:31 1970
[    6.797792] PM: Syncing filesystems ... done.
[    6.807365] Freezing user space processes ... (elapsed 0.001 seconds) done.
[    6.815571] Freezing remaining freezable tasks ... (elapsed 0.001 seconds) done.
[    6.824204] Suspending console(s) (use no_console_suspend to debug)
[    6.884615] PM: suspend of devices complete after 53.586 msecs
[    6.885728] PM: late suspend of devices complete after 1.104 msecs
[    6.886467] PM: noirq suspend of devices complete after 0.733 msecs
[    6.886469] Disabling non-boot CPUs ...
[    6.886840] CPU1: shutdown
[    6.899047] CPU2: shutdown
[    6.923940] CPU3: shutdown
[    6.938476] Entering suspend state LP1
[    6.938490] Enabling non-boot CPUs ...
[    6.963709] CPU1 is up
[    6.988729] CPU2 is up
[    7.013822] CPU3 is up
[    7.014307] PM: noirq resume of devices complete after 0.480 msecs
[    7.015626] PM: early resume of devices complete after 1.016 msecs
[    7.159960] +1.8V_VDDIO: voltage operation not allowed
[    7.159965] mmc1: Switching to 3.3V signalling voltage failed
[    7.221357] PM: resume of devices complete after 205.721 msecs
[    7.295908] Restarting tasks ... done.
root@(none):/# 
root@(none):/# rtcwake -d rtc1 -m mem -s 3
rtcwake: assuming RTC uses UTC ...
rtcwake: wakeup from "mem" using /dev/rtc1 at Thu Jan  1 00:00:35 1970
[    7.847613] PM: Syncing filesystems ... done.
[    7.856909] Freezing user space processes ... (elapsed 0.001 seconds) done.
[    7.865111] Freezing remaining freezable tasks ... (elapsed 0.001 seconds) done.
[    7.873742] Suspending console(s) (use no_console_suspend to debug)
[    7.929560] PM: suspend of devices complete after 48.993 msecs
[    7.930377] PM: late suspend of devices complete after 0.813 msecs
[    7.931039] PM: noirq suspend of devices complete after 0.659 msecs
[    7.931041] Disabling non-boot CPUs ...
[    7.931417] CPU1: shutdown
[    7.944025] CPU2: shutdown
[    7.968732] IRQ17 no longer affine to CPU3
[    7.968916] CPU3: shutdown
[    7.983449] Entering suspend state LP1
[    7.983463] Enabling non-boot CPUs ...
[    8.008682] CPU1 is up
[    8.033708] CPU2 is up
[    8.058815] CPU3 is up
[    8.059323] PM: noirq resume of devices complete after 0.504 msecs
[    8.060687] PM: early resume of devices complete after 1.049 msecs
[    8.205051] +1.8V_VDDIO: voltage operation not allowed
[    8.205054] mmc1: Switching to 3.3V signalling voltage failed
[    8.267044] PM: resume of devices complete after 206.345 msecs
[    8.345728] Restarting tasks ... done.
root@(none):/# 
root@(none):/# rtcwake -d rtc1 -m mem -s 3
rtcwake: assuming RTC uses UTC ...
rtcwake: wakeup from "mem" using /dev/rtc1 at Thu Jan  1 00:00:39 1970
[    8.892807] PM: Syncing filesystems ... done.
[    8.902389] Freezing user space processes ... (elapsed 0.001 seconds) done.
[    8.910596] Freezing remaining freezable tasks ... (elapsed 0.001 seconds) done.
[    8.919210] Suspending console(s) (use no_console_suspend to debug)
[    8.984595] PM: suspend of devices complete after 58.561 msecs
[    8.985846] PM: late suspend of devices complete after 1.241 msecs
[    8.986600] PM: noirq suspend of devices complete after 0.749 msecs
[    8.986602] Disabling non-boot CPUs ...
[    8.986972] CPU1: shutdown
[    9.008836] IRQ17 no longer affine to CPU2
[    9.009024] CPU2: shutdown
[    9.033867] CPU3: shutdown
[    9.048437] Entering suspend state LP1
[    9.048451] Enabling non-boot CPUs ...
[    9.073664] CPU1 is up
[    9.098682] CPU2 is up
[    9.123784] CPU3 is up
[    9.124267] PM: noirq resume of devices complete after 0.478 msecs
[    9.125438] PM: early resume of devices complete after 0.875 msecs
[    9.269933] +1.8V_VDDIO: voltage operation not allowed
[    9.269937] mmc1: Switching to 3.3V signalling voltage failed
[    9.332549] PM: resume of devices complete after 207.098 msecs
[    9.411246] Restarting tasks ... done.
root@(none):/# 
root@(none):/# rtcwake -d rtc1 -m mem -s 3
rtcwake: assuming RTC uses UTC ...
rtcwake: wakeup from "mem" using /dev/rtc1 at Thu Jan  1 00:00:43 1970
[    9.957581] PM: Syncing filesystems ... done.
[    9.966881] Freezing user space processes ... (elapsed 0.001 seconds) done.
[    9.975096] Freezing remaining freezable tasks ... (elapsed 0.001 seconds) done.
[    9.983783] Suspending console(s) (use no_console_suspend to debug)
[   10.044659] PM: suspend of devices complete after 54.051 msecs
[   10.045704] PM: late suspend of devices complete after 1.037 msecs
[   10.046588] PM: noirq suspend of devices complete after 0.876 msecs
[   10.046590] Disabling non-boot CPUs ...
[   10.046796] IRQ17 no longer affine to CPU1
[   10.046975] CPU1: shutdown
[   10.063983] CPU2: shutdown
[   10.088875] CPU3: shutdown
[   10.103405] Entering suspend state LP1
[   10.103418] Enabling non-boot CPUs ...
[   10.128641] CPU1 is up
[   10.153661] CPU2 is up
[   10.178761] CPU3 is up
[   10.179239] PM: noirq resume of devices complete after 0.474 msecs
[   10.180588] PM: early resume of devices complete after 1.048 msecs
[   10.324992] +1.8V_VDDIO: voltage operation not allowed
[   10.324995] mmc1: Switching to 3.3V signalling voltage failed
[   10.388048] PM: resume of devices complete after 207.448 msecs
[   10.466680] Restarting tasks ... done.
root@(none):/# 
root@(none):/# rtcwake -d rtc1 -m mem -s 3
rtcwake: assuming RTC uses UTC ...
rtcwake: wakeup from "mem" using /dev/rtc1 at Thu Jan  1 00:00:47 1970
[   11.012689] PM: Syncing filesystems ... done.
[   11.022111] Freezing user space processes ... (elapsed 0.001 seconds) done.
[   11.030317] Freezing remaining freezable tasks ... (elapsed 0.001 seconds) done.
[   11.038944] Suspending console(s) (use no_console_suspend to debug)
[   11.099632] PM: suspend of devices complete after 53.862 msecs
[   11.100682] PM: late suspend of devices complete after 1.041 msecs
[   11.101566] PM: noirq suspend of devices complete after 0.877 msecs
[   11.101568] Disabling non-boot CPUs ...
[   11.101954] CPU1: shutdown
[   11.123960] CPU2: shutdown
[   11.148869] CPU3: shutdown
[   11.163380] Entering suspend state LP1
[   11.163393] Enabling non-boot CPUs ...
[   11.188616] CPU1 is up
[   11.213636] CPU2 is up
[   11.238736] CPU3 is up
[   11.239222] PM: noirq resume of devices complete after 0.481 msecs
[   11.240590] PM: early resume of devices complete after 1.052 msecs
[   11.385800] +1.8V_VDDIO: voltage operation not allowed
[   11.385804] mmc1: Switching to 3.3V signalling voltage failed
[   11.447703] PM: resume of devices complete after 207.103 msecs
[   11.522454] Restarting tasks ... done.
root@(none):/# 
root@(none):/# rtcwake -d rtc1 -m mem -s 3
rtcwake: assuming RTC uses UTC ...
rtcwake: wakeup from "mem" using /dev/rtc1 at Thu Jan  1 00:00:51 1970
[   12.072739] PM: Syncing filesystems ... done.
[   12.082317] Freezing user space processes ... (elapsed 0.001 seconds) done.
[   12.090527] Freezing remaining freezable tasks ... (elapsed 0.001 seconds) done.
[   12.099144] Suspending console(s) (use no_console_suspend to debug)
[   12.159493] PM: suspend of devices complete after 53.529 msecs
[   12.160706] PM: late suspend of devices complete after 1.204 msecs
[   12.161459] PM: noirq suspend of devices complete after 0.747 msecs
[   12.161460] Disabling non-boot CPUs ...
[   12.161841] CPU1: shutdown
[   12.188757] IRQ17 no longer affine to CPU2
[   12.188945] CPU2: shutdown
[   12.213799] CPU3: shutdown
[   12.228370] Entering suspend state LP1
[   12.228384] Enabling non-boot CPUs ...
[   12.253597] CPU1 is up
[   12.278616] CPU2 is up
[   12.303719] CPU3 is up
[   12.304192] PM: noirq resume of devices complete after 0.468 msecs
[   12.305483] PM: early resume of devices complete after 0.980 msecs
[   12.449974] +1.8V_VDDIO: voltage operation not allowed
[   12.449976] mmc1: Switching to 3.3V signalling voltage failed
[   12.512015] PM: resume of devices complete after 206.519 msecs
[   12.590726] Restarting tasks ... done.
root@(none):/# 
root@(none):/# rtcwake -d rtc1 -m mem -s 3
rtcwake: assuming RTC uses UTC ...
rtcwake: wakeup from "mem" using /dev/rtc1 at Thu Jan  1 00:00:55 1970
[   13.137724] PM: Syncing filesystems ... done.
[   13.147156] Freezing user space processes ... (elapsed 0.001 seconds) done.
[   13.155364] Freezing remaining freezable tasks ... (elapsed 0.001 seconds) done.
[   13.163975] Suspending console(s) (use no_console_suspend to debug)
[   13.224475] PM: suspend of devices complete after 53.674 msecs
[   13.225680] PM: late suspend of devices complete after 1.196 msecs
[   13.226334] PM: noirq suspend of devices complete after 0.650 msecs
[   13.226336] Disabling non-boot CPUs ...
[   13.226533] IRQ17 no longer affine to CPU1
[   13.226713] CPU1: shutdown
[   13.253927] CPU2: shutdown
[   13.278780] CPU3: shutdown
[   13.293349] Entering suspend state LP1
[   13.293363] Enabling non-boot CPUs ...
[   13.318571] CPU1 is up
[   13.343599] CPU2 is up
[   13.368699] CPU3 is up
[   13.369168] PM: noirq resume of devices complete after 0.464 msecs
[   13.370046] PM: early resume of devices complete after 0.575 msecs
[   13.515085] +1.8V_VDDIO: voltage operation not allowed
[   13.515088] mmc1: Switching to 3.3V signalling voltage failed
[   13.577126] PM: resume of devices complete after 207.070 msecs
[   13.655767] Restarting tasks ... done.
root@(none):/# 
root@(none):/# rtcwake -d rtc1 -m mem -s 3
rtcwake: assuming RTC uses UTC ...
rtcwake: wakeup from "mem" using /dev/rtc1 at Thu Jan  1 00:00:59 1970
[   14.207674] PM: Syncing filesystems ... done.
[   14.217130] Freezing user space processes ... (elapsed 0.001 seconds) done.
[   14.225243] Freezing remaining freezable tasks ... (elapsed 0.001 seconds) done.
[   14.233880] Suspending console(s) (use no_console_suspend to debug)
[   14.289569] PM: suspend of devices complete after 48.879 msecs
[   14.290607] PM: late suspend of devices complete after 1.029 msecs
[   14.291483] PM: noirq suspend of devices complete after 0.869 msecs
[   14.291486] Disabling non-boot CPUs ...
[   14.291692] IRQ17 no longer affine to CPU1
[   14.291873] CPU1: shutdown
[   14.313903] CPU2: shutdown
[   14.338786] CPU3: shutdown
[   14.353317] Entering suspend state LP1
[   14.353330] Enabling non-boot CPUs ...
[   14.378551] CPU1 is up
[   14.403576] CPU2 is up
[   14.428677] CPU3 is up
[   14.429160] PM: noirq resume of devices complete after 0.478 msecs
[   14.430500] PM: early resume of devices complete after 1.025 msecs
[   14.575425] +1.8V_VDDIO: voltage operation not allowed
[   14.575428] mmc1: Switching to 3.3V signalling voltage failed
[   14.637163] PM: resume of devices complete after 206.653 msecs
[   14.715855] Restarting tasks ... done.
root@(none):/# 
root@(none):/# rtcwake -d rtc1 -m mem -s 3
rtcwake: assuming RTC uses UTC ...
rtcwake: wakeup from "mem" using /dev/rtc1 at Thu Jan  1 00:01:03 1970
[   15.266923] PM: Syncing filesystems ... done.
[   15.276420] Freezing user space processes ... (elapsed 0.001 seconds) done.
[   15.284533] Freezing remaining freezable tasks ... (elapsed 0.001 seconds) done.
[   15.293169] Suspending console(s) (use no_console_suspend to debug)
[   15.349331] PM: suspend of devices complete after 49.354 msecs
[   15.350586] PM: late suspend of devices complete after 1.246 msecs
[   15.351341] PM: noirq suspend of devices complete after 0.750 msecs
[   15.351343] Disabling non-boot CPUs ...
[   15.351536] IRQ17 no longer affine to CPU1
[   15.351714] CPU1: shutdown
[   15.363876] CPU2: shutdown
[   15.388765] CPU3: shutdown
[   15.403296] Entering suspend state LP1
[   15.403310] Enabling non-boot CPUs ...
[   15.428529] CPU1 is up
[   15.453552] CPU2 is up
[   15.478652] CPU3 is up
[   15.479131] PM: noirq resume of devices complete after 0.474 msecs
[   15.480306] PM: early resume of devices complete after 0.877 msecs
[   15.625667] +1.8V_VDDIO: voltage operation not allowed
[   15.625670] mmc1: Switching to 3.3V signalling voltage failed
[   15.688142] PM: resume of devices complete after 207.826 msecs
[   15.767492] Restarting tasks ... done.
root@(none):/# 
root@(none):/# NVTB SYSTEM SUSPEND TEST COMPLETE
