

U-Boot 2015.04-00466-gedec83e90172 (Mar 14 2016 - 10:42:01)

TEGRA124
Model: Acer Chromebook 13 CB5-311
DRAM:  4 GiB
:   Tegra SD/MMC: 0, Tegra SD/MMC: 1, Tegra SD/MMC: 2
MMC init failed
Using default environment

In:    serial
Out:   serial
Err:   serial
Net:   Net Initialization Skipped
No ethernet found.
Hit any key to stop autoboot:  2  0 
Tegra124 (Nyan-big) # 
Tegra124 (Nyan-big) # usb start
starting USB...
USB0:   USB EHCI 1.10
scanning bus 0 for devices... 2 USB Device(s) found
USB1:   USB EHCI 1.10
scanning bus 1 for devices... 2 USB Device(s) found
       scanning usb for storage devices... 1 Storage Device(s) found
       scanning usb for ethernet devices... 
Warning: asx0 using MAC address from net device
1 Ethernet Device(s) found
Tegra124 (Nyan-big) # setenv bootargs 'ignore_loglevel console=ttyS0,115200n8 rw root=PARTUUID=4d36e82a-b3c0-4b4b-bfcd-afe5217ac023 rootwait gpt debug noinitrd earlyprintk init=/bin/bash'
Tegra124 (Nyan-big) # setenv ipaddr 192.168.100.102; setenv serverip 192.168.100.1; setenv tftpserverip 192.168.100.1
Tegra124 (Nyan-big) # tftpboot 0x82000000 zImage.tegra_defconfig
Using asx0 device
TFTP from server 192.168.100.1; our IP address is 192.168.100.102
Filename 'zImage.tegra_defconfig'.
Load address: 0x82000000
Loading: *#################################################################
	 #################################################################
	 #################################################################
	 #################################################################
	 #################################################################
	 #####################################################
	 3.6 MiB/s
done
Bytes transferred = 5545488 (549e10 hex)
Tegra124 (Nyan-big) # tftpboot 0x83000000 tegra124-nyan-big.dtb
Using asx0 device
TFTP from server 192.168.100.1; our IP address is 192.168.100.102
Filename 'tegra124-nyan-big.dtb'.
Load address: 0x83000000
Loading: *#####
	 3.4 MiB/s
done
Bytes transferred = 66901 (10555 hex)
Tegra124 (Nyan-big) # bootz 0x82000000 - 0x83000000
Kernel image @ 0x82000000 [ 0x000000 - 0x549e10 ]
## Flattened Device Tree blob at 83000000
   Booting using the fdt blob at 0x83000000
   Using Device Tree in place at 83000000, end 83013554

Starting kernel ...

[    2.515611] console [ttyS0] enabled
[    2.519087] bootconsole [earlycon0] disabled
[    2.524435] [drm] Initialized drm 1.1.0 20060810
[    2.529769] tegra-hdmi 54280000.hdmi: failed to get HDMI regulator
[    2.536370] tegra-dpaux 545c0000.dpaux: failed to get VDD supply: -517
[    2.543667] panel supply power not found, using dummy regulator
[    2.575055] loop: module loaded
[    2.578800] as3722 4-0040: AS3722 with revision 0x1 found
[    2.589019] as3722-sd2: supplied by +5V_SYS
[    2.593528] as3722-sd3: supplied by +5V_SYS
[    2.597878] +1.35V_LP0(sd3): Bringing 0uV into 1350000-1350000uV
[    2.604140] as3722-sd4: supplied by +5V_SYS
[    2.608484] +1.05V_RUN: Bringing 0uV into 1050000-1050000uV
[    2.614311] as3722-sd5: supplied by +5V_SYS
[    2.620100] as3722-ldo0: supplied by +1.35V_LP0(sd2)
[    2.625939] +1.8V_RUN_CAM: Bringing 0uV into 1800000-1800000uV
[    2.632048] as3722-ldo2: supplied by +1.8V_VDDIO
[    2.637780] as3722-ldo3: supplied by +3.3V_SYS
[    2.642231] +1.00V_LP0_VDD_RTC: Bringing 1100000uV into 1000000-1000000uV
[    2.649900] as3722-ldo4: supplied by +3.3V_SYS
[    2.654498] +3.3V_RUN_CAM: Bringing 0uV into 2800000-2800000uV
[    2.660611] as3722-ldo5: supplied by +1.8V_VDDIO
[    2.665394] +1.2V_RUN_CAM_FRONT: Bringing 0uV into 1200000-1200000uV
[    2.672175] +VDDIO_SDMMC3: Bringing 0uV into 1800000-1800000uV
[    2.678311] as3722-ldo7: supplied by +1.8V_VDDIO
[    2.683084] +1.05V_RUN_CAM_REAR: Bringing 0uV into 1050000-1050000uV
[    2.689733] as3722-ldo9: supplied by +5V_SYS
[    2.694304] +2.8V_RUN_TOUCH: Bringing 0uV into 2800000-2800000uV
[    2.700609] as3722-ldo10: supplied by +5V_SYS
[    2.705126] +2.8V_RUN_CAM_AF: Bringing 0uV into 2800000-2800000uV
[    2.711663] +1.8V_RUN_VPP_FUSE: Bringing 0uV into 1800000-1800000uV
[    2.751761] cros-ec-spi spi32766.0: Chrome EC device registered
[    2.767251] m25p80 spi32765.0: w25q32dw (4096 Kbytes)
[    2.773441] CAN device driver interface
[    2.777323] igb: Intel(R) Gigabit Ethernet Network Driver - version 5.3.0-k
[    2.784266] igb: Copyright (c) 2007-2014 Intel Corporation.
[    2.789952] pegasus: v0.9.3 (2013/04/25), Pegasus/Pegasus II USB Ethernet driver
[    2.797402] usbcore: registered new interface driver pegasus
[    2.803100] usbcore: registered new interface driver asix
[    2.808541] usbcore: registered new interface driver ax88179_178a
[    2.814674] usbcore: registered new interface driver cdc_ether
[    2.820545] usbcore: registered new interface driver smsc75xx
[    2.826340] usbcore: registered new interface driver smsc95xx
[    2.832108] usbcore: registered new interface driver net1080
[    2.837798] usbcore: registered new interface driver cdc_subset
[    2.843740] usbcore: registered new interface driver zaurus
[    2.849361] usbcore: registered new interface driver cdc_ncm
[    2.855113] ehci_hcd: USB 2.0 'Enhanced' Host Controller (EHCI) Driver
[    2.861623] ehci-pci: EHCI PCI platform driver
[    2.866104] tegra-ehci: Tegra EHCI driver
[    2.870446] usbcore: registered new interface driver cdc_acm
[    2.876097] cdc_acm: USB Abstract Control Model driver for USB modems and ISDN adapters
[    2.884120] usbcore: registered new interface driver cdc_wdm
[    2.889824] usbcore: registered new interface driver usb-storage
[    2.896096] mousedev: PS/2 mouse device common for all mice
[    2.901969] input: cros_ec as /devices/soc0/7000d400.spi/spi_master/spi32766/spi32766.0/7000d400.spi:cros-ec@0:keyboard-controller/input/input0
[    2.917012] as3722-rtc as3722-rtc: rtc core: registered as3722-rtc as rtc0
[    2.923870] as3722-rtc as3722-rtc: RTC interrupt 370
[    2.930695] tegra_rtc 7000e000.rtc: rtc core: registered 7000e000.rtc as rtc1
[    2.937852] tegra_rtc 7000e000.rtc: Tegra internal Real Time Clock
[    2.944157] i2c /dev entries driver
[    2.948411] usbcore: registered new interface driver uvcvideo
[    2.954141] USB Video Class driver (1.1.1)
[    2.958233] gspca_main: v2.14.0 registered
[    2.962618] 0-004c supply vcc not found, using dummy regulator
[    2.970406] tegra-wdt 60005000.timer: initialized (heartbeat = 120 sec, nowayout = 0)
[    2.978834] sdhci: Secure Digital Host Controller Interface driver
[    2.985008] sdhci: Copyright(c) Pierre Ossman
[    2.989352] sdhci-pltfm: SDHCI platform and OF driver helper
[    2.995156] sdhci-tegra 700b0000.sdhci: allocated mmc-pwrseq
[    3.000814] mmc0: Unknown controller version (3). You may experience problems.
[    3.008216] sdhci-tegra 700b0400.sdhci: Got CD GPIO
[    3.013087] sdhci-tegra 700b0400.sdhci: Got WP GPIO
[    3.017985] mmc0: Unknown controller version (3). You may experience problems.
[    3.025339] mmc0: Unknown controller version (3). You may experience problems.
[    3.032577] mmc0: Invalid maximum block size, assuming 512 bytes
[    3.074637] mmc0: SDHCI controller on 700b0600.sdhci [700b0600.sdhci] using ADMA 64-bit
[    3.085182] usbcore: registered new interface driver usbhid
[    3.093802] usbhid: USB HID core driver
[    3.104694] tegra30-i2s 70301100.i2s: DMA channels sourced from device 70300000.ahub
[    3.135087] max98090 0-0010: MAX98090 REVID=0x43
[    3.142445] max98090 0-0010: use default 2.8v micbias
[    3.145110] mmc0: new high speed MMC card at address 0001
[    3.147658] mmcblk0: mmc0:0001 MMC16G 14.4 GiB 
[    3.147881] mmcblk0boot0: mmc0:0001 MMC16G partition 1 2.00 MiB
[    3.148073] mmcblk0boot1: mmc0:0001 MMC16G partition 2 2.00 MiB
[    3.148245] mmcblk0rpmb: mmc0:0001 MMC16G partition 3 128 KiB
[    3.155883]  mmcblk0: p1 p2 p3 p4 p5 p6 p7 p8 p9 p10 p11 p12
[    3.183503] tegra-snd-max98090 sound: HiFi <-> 70301100.i2s mapping ok
[    3.191317] input: GoogleNyanBig Headphones as /devices/soc0/sound/sound/card1/input1
[    3.199420] input: GoogleNyanBig Mic Jack as /devices/soc0/sound/sound/card1/input2
[    3.414609] NET: Registered protocol family 10
[    3.554620] mip6: Mobile IPv6
[    3.557580] sit: IPv6 over IPv4 tunneling driver
[    3.563245] NET: Registered protocol family 17
[    3.567696] NET: Registered protocol family 15
[    3.572126] can: controller area network core (rev 20120528 abi 9)
[    3.604649] NET: Registered protocol family 29
[    3.609109] can: raw protocol (rev 20120528)
[    3.613387] can: broadcast manager protocol (rev 20120528 t)
[    3.613617] input: tegra-hda HDMI/DP,pcm=3 as /devices/soc0/70030000.hda/sound/card0/input3
[    3.627404] can: netlink gateway (rev 20130117) max_hops=1
[    3.654653] Bluetooth: RFCOMM socket layer initialized
[    3.659782] Bluetooth: RFCOMM ver 1.11
[    3.663522] Bluetooth: BNEP (Ethernet Emulation) ver 1.3
[    3.668854] Bluetooth: BNEP socket layer initialized
[    3.673804] Bluetooth: HIDP (Human Interface Emulation) ver 1.2
[    3.679719] Bluetooth: HIDP socket layer initialized
[    3.684815] Key type dns_resolver registered
[    3.689535] Registering SWP/SWPB emulation handler
[    3.705397] +3.3V_RUN: supplied by +3.3V_SYS
[    3.710249] +3.3V_AVDD_HDMI_AP_GATED: supplied by +3.3V_RUN
[    3.715988] +1.8V_RUN_CAM: supplied by +3.3V_RUN
[    3.720642] +VDDIO_SDMMC3: supplied by +3.3V_RUN
[    3.725394] +1.8V_RUN_VPP_FUSE: supplied by +3.3V_RUN
[    3.730637] +VDD_LED: supplied by +VDD_MUX
[    3.735124] +5V_VDD_TS_SW: supplied by +5V_SYS
[    3.739795] +5V_USB_HS: supplied by +5V_SYS
[    3.744185] +5V_USB_SS: supplied by +5V_SYS
[    3.749298] +3.3V_PANEL: supplied by +3.3V_RUN
[    3.754383] +3.3V_LP0: supplied by +3.3V_SYS
[    3.759312] +1.05V_RUN_AVDD_HDMI_PLL: supplied by +1.05V_RUN
[    3.765217] +5V_HDMI_CON: supplied by +5V_SYS
[    3.770701] usb3-0 supply vbus not found, using dummy regulator
[    3.776719] usb3-1 supply vbus not found, using dummy regulator
[    3.785152] tegra-sor 54540000.sor: failed to probe output: -517
[    3.791305] panel supply power not found, using dummy regulator
[    3.855326] tegra-xusb 70090000.usb: Firmware timestamp: 2014-09-16 02:10:07 UTC
[    3.862735] tegra-xusb 70090000.usb: xHCI Host Controller
[    3.868155] tegra-xusb 70090000.usb: new USB bus registered, assigned bus number 1
[    3.877735] tegra-xusb 70090000.usb: hcc params 0x0184f525 hci version 0x100 quirks 0x00010010
[    3.886372] tegra-xusb 70090000.usb: irq 342, io mem 0x70090000
[    3.893107] hub 1-0:1.0: USB hub found
[    3.896925] hub 1-0:1.0: 6 ports detected
[    3.901625] tegra-xusb 70090000.usb: xHCI Host Controller
[    3.907071] tegra-xusb 70090000.usb: new USB bus registered, assigned bus number 2
[    3.914772] usb usb2: We don't know the algorithms for LPM for this host, disabling LPM.
[    3.923685] hub 2-0:1.0: USB hub found
[    3.927499] hub 2-0:1.0: 2 ports detected
[    3.932694] sdhci-tegra 700b0000.sdhci: allocated mmc-pwrseq
[    3.938408] mmc1: Unknown controller version (3). You may experience problems.
[    3.945873] mmc1: Invalid maximum block size, assuming 512 bytes
[    3.952371] +1.8V_VDDIO: voltage operation not allowed
[    3.957536] mmc1: Switching to 3.3V signalling voltage failed
[    3.994886] mmc1: SDHCI controller on 700b0000.sdhci [700b0000.sdhci] using ADMA 64-bit
[    4.003199] sdhci-tegra 700b0400.sdhci: Got CD GPIO
[    4.010305] sdhci-tegra 700b0400.sdhci: Got WP GPIO
[    4.018353] mmc2: Unknown controller version (3). You may experience problems.
[    4.026043] mmc2: Invalid maximum block size, assuming 512 bytes
[    4.063340] mmc1: new high speed SDIO card at address 0001
[    4.074745] mmc2: SDHCI controller on 700b0400.sdhci [700b0400.sdhci] using ADMA 64-bit
[    4.179845] [drm] Supports vblank timestamp caching Rev 2 (21.10.2013).
[    4.186468] [drm] No driver support for vblank timestamp query.
[    4.224618] usb 1-2: new high-speed USB device number 2 using tegra-xusb
[    4.226062] mmc2: new high speed SDHC card at address 0007
[    4.226718] mmcblk2: mmc2:0007 SD08G 7.42 GiB 
[    4.236593] GPT:Primary header alternate_lba != Alt. header my_lba
[    4.236596] GPT:3014591 != 15564799
[    4.236598] GPT:Primary header thinks Alt. header is not at the end of the disk.
[    4.236599] GPT:3014591 != 15564799
[    4.236600] GPT: Use GNU Parted to correct GPT errors.
[    4.236628]  mmcblk2: p1 p2 p3 p4 p5 p6 p7 p8 p9 p10 p11 p12
[    4.248093] Console: switching to colour frame buffer device 170x48
[    4.306372] drm drm: fb0:  frame buffer device
[    4.334650] [drm] Initialized tegra 0.0.0 20120330 on minor 0
[    4.341154] input: gpio-keys as /devices/soc0/gpio-keys/input/input4
[    4.348444] as3722-rtc as3722-rtc: setting system clock to 2000-01-01 00:00:23 UTC (946684823)
[    4.362788] +1.8V_RUN_CAM: disabling
[    4.366598] +1.2V_RUN_CAM_FRONT: disabling
[    4.370899] +1.05V_RUN_CAM_REAR: disabling
[    4.375229] +2.8V_RUN_TOUCH: disabling
[    4.379180] +2.8V_RUN_CAM_AF: disabling
[    4.383171] +1.8V_RUN_VPP_FUSE: disabling
[    4.387384] +5V_VDD_TS_SW: disabling
[    4.391147] ALSA device list:
[    4.394107]   #0: tegra-hda at 0x70038000 irq 341
[    4.398827]   #1: GoogleNyanBig
[    4.402762] EXT4-fs (mmcblk0p3): couldn't mount as ext3 due to feature incompatibilities
[    4.505139] uvcvideo: Found UVC 1.00 device HD WebCam (1bcf:2c67)
[    4.520103] input: HD WebCam as /devices/soc0/70090000.usb/usb1/1-2/1-2:1.0/input/input5
[    4.664958] EXT4-fs (mmcblk0p3): recovery complete
[    4.669745] EXT4-fs (mmcblk0p3): mounted filesystem with ordered data mode. Opts: (null)
[    4.677896] VFS: Mounted root (ext4 filesystem) on device 179:3.
[    4.685060] devtmpfs: mounted
[    4.688469] Freeing unused kernel memory: 1024K (c0c00000 - c0d00000)
bash: cannot set terminal process group (-1): Inappropriate ioctl for device
bash: no job control in this shell
root@(none):/# [    4.814707] usb 1-3: new high-speed USB device number 3 using tegra-xusb
[    5.807988] asix 1-3:1.0 eth0: register 'asix' at usb-70090000.usb-3, ASIX AX88772 USB 2.0 Ethernet, c8:d7:19:90:fa:65
[    6.094698] usb 1-1: new high-speed USB device number 4 using tegra-xusb
[    6.253277] usb-storage 1-1:1.0: USB Mass Storage device detected
[    6.260186] scsi host0: usb-storage 1-1:1.0
[    7.316329] scsi 0:0:0:0: Direct-Access     SanDisk  SDDR-113         9412 PQ: 0 ANSI: 0
[    7.488544] sd 0:0:0:0: [sda] 15523840 512-byte logical blocks: (7.95 GB/7.40 GiB)
[    7.496958] sd 0:0:0:0: [sda] Write Protect is off
[    7.501738] sd 0:0:0:0: [sda] Mode Sense: 03 00 00 00
[    7.507674] sd 0:0:0:0: [sda] No Caching mode page found
[    7.512975] sd 0:0:0:0: [sda] Assuming drive cache: write through
[    7.537888]  sda: sda1 sda2 sda3 sda4 sda5 sda6 sda7 sda8 sda9 sda10 sda11 sda12 sda13
[    7.551414] sd 0:0:0:0: [sda] Attached SCSI removable disk
mount -t sysfs none /sys
root@(none):/# 
root@(none):/# mount -t debugfs none /sys/kernel/debug
root@(none):/# 
root@(none):/# rtcwake -d rtc1 -m mem -s 3
rtcwake: assuming RTC uses UTC ...
rtcwake: wakeup from "mem" using /dev/rtc1 at Thu Jan  1 00:00:52 1970
[   31.905595] PM: Syncing filesystems ... done.
[   31.915474] Freezing user space processes ... (elapsed 0.001 seconds) done.
[   31.923627] Freezing remaining freezable tasks ... (elapsed 0.001 seconds) done.
[   31.932324] Suspending console(s) (use no_console_suspend to debug)
[   32.126070] PM: suspend of devices complete after 186.879 msecs
[   32.127667] PM: late suspend of devices complete after 1.588 msecs
[   32.128482] PM: noirq suspend of devices complete after 0.810 msecs
[   32.128483] Disabling non-boot CPUs ...
[   32.164950] CPU1: shutdown
[   32.245026] CPU2: shutdown
[   32.314973] CPU3: shutdown
[   32.345430] Entering suspend state LP1
[   32.345444] Enabling non-boot CPUs ...
[   32.395766] CPU1 is up
[   32.445920] CPU2 is up
[   32.496167] CPU3 is up
[   32.496881] PM: noirq resume of devices complete after 0.709 msecs
[   32.498708] PM: early resume of devices complete after 1.312 msecs
[   32.529334] +1.8V_VDDIO: voltage operation not allowed
[   32.529336] mmc1: Switching to 3.3V signalling voltage failed
[   32.685011] usb 1-1: reset high-speed USB device number 4 using tegra-xusb
[   32.831400] PM: resume of devices complete after 332.681 msecs
[   32.912883] Restarting tasks ... done.
root@(none):/# 
root@(none):/# rtcwake -d rtc1 -m mem -s 3
rtcwake: assuming RTC uses UTC ...
rtcwake: wakeup from "mem" using /dev/rtc1 at Thu Jan  1 00:00:57 1970
[   33.993527] PM: Syncing filesystems ... done.
[   34.003029] Freezing user space processes ... (elapsed 0.001 seconds) done.
[   34.011247] Freezing remaining freezable tasks ... (elapsed 0.001 seconds) done.
[   34.019973] Suspending console(s) (use no_console_suspend to debug)
[   34.195999] PM: suspend of devices complete after 169.162 msecs
[   34.196895] PM: late suspend of devices complete after 0.892 msecs
[   34.197721] PM: noirq suspend of devices complete after 0.823 msecs
[   34.197723] Disabling non-boot CPUs ...
[   34.234950] CPU1: shutdown
[   34.294763] IRQ17 no longer affine to CPU2
[   34.294942] CPU2: shutdown
[   34.354912] CPU3: shutdown
[   34.385401] Entering suspend state LP1
[   34.385427] Enabling non-boot CPUs ...
[   34.435740] CPU1 is up
[   34.485902] CPU2 is up
[   34.536144] CPU3 is up
[   34.536722] PM: noirq resume of devices complete after 0.573 msecs
[   34.538678] PM: early resume of devices complete after 1.465 msecs
[   34.569773] +1.8V_VDDIO: voltage operation not allowed
[   34.569776] mmc1: Switching to 3.3V signalling voltage failed
[   34.640814] PM: resume of devices complete after 102.127 msecs
[   34.719566] Restarting tasks ... done.
root@(none):/# 
root@(none):/# rtcwake -d rtc1 -m mem -s 3
rtcwake: assuming RTC uses UTC ...
rtcwake: wakeup from "mem" using /dev/rtc1 at Thu Jan  1 00:01:01 1970
[   35.033980] PM: Syncing filesystems ... done.
[   35.043526] Freezing user space processes ... (elapsed 0.001 seconds) done.
[   35.051773] Freezing remaining freezable tasks ... (elapsed 0.001 seconds) done.
[   35.060487] Suspending console(s) (use no_console_suspend to debug)
[   35.246017] PM: suspend of devices complete after 178.665 msecs
[   35.247241] PM: late suspend of devices complete after 1.214 msecs
[   35.248127] PM: noirq suspend of devices complete after 0.882 msecs
[   35.248129] Disabling non-boot CPUs ...
[   35.274928] CPU1: shutdown
[   35.344916] CPU2: shutdown
[   35.404877] CPU3: shutdown
[   35.435375] Entering suspend state LP1
[   35.435401] Enabling non-boot CPUs ...
[   35.485711] CPU1 is up
[   35.535877] CPU2 is up
[   35.586120] CPU3 is up
[   35.586690] PM: noirq resume of devices complete after 0.566 msecs
[   35.588501] PM: early resume of devices complete after 1.320 msecs
[   35.619561] +1.8V_VDDIO: voltage operation not allowed
[   35.619564] mmc1: Switching to 3.3V signalling voltage failed
[   35.774959] usb 1-1: reset high-speed USB device number 4 using tegra-xusb
[   35.921593] PM: resume of devices complete after 333.083 msecs
[   36.003049] Restarting tasks ... done.
root@(none):/# 
root@(none):/# rtcwake -d rtc1 -m mem -s 3
rtcwake: assuming RTC uses UTC ...
rtcwake: wakeup from "mem" using /dev/rtc1 at Thu Jan  1 00:01:06 1970
[   37.084377] PM: Syncing filesystems ... done.
[   37.093770] Freezing user space processes ... (elapsed 0.001 seconds) done.
[   37.101973] Freezing remaining freezable tasks ... (elapsed 0.001 seconds) done.
[   37.110686] Suspending console(s) (use no_console_suspend to debug)
[   37.295937] PM: suspend of devices complete after 178.392 msecs
[   37.296835] PM: late suspend of devices complete after 0.894 msecs
[   37.297660] PM: noirq suspend of devices complete after 0.822 msecs
[   37.297662] Disabling non-boot CPUs ...
[   37.324899] CPU1: shutdown
[   37.384885] CPU2: shutdown
[   37.444848] CPU3: shutdown
[   37.475353] Entering suspend state LP1
[   37.475379] Enabling non-boot CPUs ...
[   37.525688] CPU1 is up
[   37.575858] CPU2 is up
[   37.626090] CPU3 is up
[   37.626638] PM: noirq resume of devices complete after 0.544 msecs
[   37.628387] PM: early resume of devices complete after 1.260 msecs
[   37.659831] +1.8V_VDDIO: voltage operation not allowed
[   37.659834] mmc1: Switching to 3.3V signalling voltage failed
[   37.726569] PM: resume of devices complete after 98.172 msecs
[   37.801240] Restarting tasks ... done.
root@(none):/# 
root@(none):/# rtcwake -d rtc1 -m mem -s 3
rtcwake: assuming RTC uses UTC ...
rtcwake: wakeup from "mem" using /dev/rtc1 at Thu Jan  1 00:01:10 1970
[   38.123550] PM: Syncing filesystems ... done.
[   38.132928] Freezing user space processes ... (elapsed 0.001 seconds) done.
[   38.141154] Freezing remaining freezable tasks ... (elapsed 0.001 seconds) done.
[   38.149884] Suspending console(s) (use no_console_suspend to debug)
[   38.335913] PM: suspend of devices complete after 179.167 msecs
[   38.336814] PM: late suspend of devices complete after 0.896 msecs
[   38.337640] PM: noirq suspend of devices complete after 0.823 msecs
[   38.337642] Disabling non-boot CPUs ...
[   38.364702] IRQ17 no longer affine to CPU1
[   38.364879] CPU1: shutdown
[   38.434862] CPU2: shutdown
[   38.494830] CPU3: shutdown
[   38.525325] Entering suspend state LP1
[   38.525352] Enabling non-boot CPUs ...
[   38.575660] CPU1 is up
[   38.625830] CPU2 is up
[   38.676072] CPU3 is up
[   38.676646] PM: noirq resume of devices complete after 0.569 msecs
[   38.678491] PM: early resume of devices complete after 1.330 msecs
[   38.709359] +1.8V_VDDIO: voltage operation not allowed
[   38.709364] mmc1: Switching to 3.3V signalling voltage failed
[   38.864894] usb 1-1: reset high-speed USB device number 4 using tegra-xusb
[   39.010789] PM: resume of devices complete after 332.289 msecs
[   39.096579] Restarting tasks ... done.
root@(none):/# 
root@(none):/# rtcwake -d rtc1 -m mem -s 3
rtcwake: assuming RTC uses UTC ...
rtcwake: wakeup from "mem" using /dev/rtc1 at Thu Jan  1 00:01:15 1970
[   40.183464] PM: Syncing filesystems ... done.
[   40.192604] Freezing user space processes ... (elapsed 0.001 seconds) done.
[   40.200802] Freezing remaining freezable tasks ... (elapsed 0.001 seconds) done.
[   40.209526] Suspending console(s) (use no_console_suspend to debug)
[   40.395897] PM: suspend of devices complete after 179.498 msecs
[   40.396794] PM: late suspend of devices complete after 0.893 msecs
[   40.397621] PM: noirq suspend of devices complete after 0.824 msecs
[   40.397623] Disabling non-boot CPUs ...
[   40.424679] IRQ17 no longer affine to CPU1
[   40.424854] CPU1: shutdown
[   40.484836] CPU2: shutdown
[   40.544803] CPU3: shutdown
[   40.575300] Entering suspend state LP1
[   40.575327] Enabling non-boot CPUs ...
[   40.625640] CPU1 is up
[   40.675805] CPU2 is up
[   40.726044] CPU3 is up
[   40.726599] PM: noirq resume of devices complete after 0.549 msecs
[   40.728307] PM: early resume of devices complete after 1.207 msecs
[   40.759841] +1.8V_VDDIO: voltage operation not allowed
[   40.759848] mmc1: Switching to 3.3V signalling voltage failed
[   40.914885] usb 1-1: reset high-speed USB device number 4 using tegra-xusb
[   41.061453] PM: resume of devices complete after 333.136 msecs
[   41.147025] Restarting tasks ... done.
root@(none):/# 
root@(none):/# rtcwake -d rtc1 -m mem -s 3
rtcwake: assuming RTC uses UTC ...
rtcwake: wakeup from "mem" using /dev/rtc1 at Thu Jan  1 00:01:20 1970
[   42.234217] PM: Syncing filesystems ... done.
[   42.243673] Freezing user space processes ... (elapsed 0.001 seconds) done.
[   42.251808] Freezing remaining freezable tasks ... (elapsed 0.001 seconds) done.
[   42.260447] Suspending console(s) (use no_console_suspend to debug)
[   42.445918] PM: suspend of devices complete after 178.603 msecs
[   42.447686] PM: late suspend of devices complete after 1.759 msecs
[   42.448499] PM: noirq suspend of devices complete after 0.808 msecs
[   42.448501] Disabling non-boot CPUs ...
[   42.474818] CPU1: shutdown
[   42.534810] CPU2: shutdown
[   42.594779] CPU3: shutdown
[   42.625274] Entering suspend state LP1
[   42.625301] Enabling non-boot CPUs ...
[   42.675615] CPU1 is up
[   42.725776] CPU2 is up
[   42.776022] CPU3 is up
[   42.776551] PM: noirq resume of devices complete after 0.524 msecs
[   42.778328] PM: early resume of devices complete after 1.279 msecs
[   42.809848] +1.8V_VDDIO: voltage operation not allowed
[   42.809850] mmc1: Switching to 3.3V signalling voltage failed
[   42.878980] PM: resume of devices complete after 100.641 msecs
[   42.953622] Restarting tasks ... done.
root@(none):/# 
root@(none):/# rtcwake -d rtc1 -m mem -s 3
rtcwake: assuming RTC uses UTC ...
rtcwake: wakeup from "mem" using /dev/rtc1 at Thu Jan  1 00:01:24 1970
[   43.293473] PM: Syncing filesystems ... done.
[   43.302938] Freezing user space processes ... (elapsed 0.001 seconds) done.
[   43.311174] Freezing remaining freezable tasks ... (elapsed 0.001 seconds) done.
[   43.319895] Suspending console(s) (use no_console_suspend to debug)
[   43.515887] PM: suspend of devices complete after 189.134 msecs
[   43.517035] PM: late suspend of devices complete after 1.138 msecs
[   43.517820] PM: noirq suspend of devices complete after 0.780 msecs
[   43.517822] Disabling non-boot CPUs ...
[   43.544797] CPU1: shutdown
[   43.604787] CPU2: shutdown
[   43.664751] CPU3: shutdown
[   43.695251] Entering suspend state LP1
[   43.695277] Enabling non-boot CPUs ...
[   43.745582] CPU1 is up
[   43.795753] CPU2 is up
[   43.845993] CPU3 is up
[   43.846529] PM: noirq resume of devices complete after 0.531 msecs
[   43.848199] PM: early resume of devices complete after 1.174 msecs
[   43.879704] +1.8V_VDDIO: voltage operation not allowed
[   43.879708] mmc1: Switching to 3.3V signalling voltage failed
[   44.034829] usb 1-1: reset high-speed USB device number 4 using tegra-xusb
[   44.181384] PM: resume of devices complete after 333.176 msecs
[   44.262875] Restarting tasks ... done.
root@(none):/# 
root@(none):/# [   44.314458] random: nonblocking pool is initialized
rtcwake -d rtc1 -m mem -s 3
rtcwake: assuming RTC uses UTC ...
rtcwake: wakeup from "mem" using /dev/rtc1 at Thu Jan  1 00:01:29 1970
[   45.353952] PM: Syncing filesystems ... done.
[   45.363332] Freezing user space processes ... (elapsed 0.001 seconds) done.
[   45.371554] Freezing remaining freezable tasks ... (elapsed 0.001 seconds) done.
[   45.380283] Suspending console(s) (use no_console_suspend to debug)
[   45.565867] PM: suspend of devices complete after 178.722 msecs
[   45.567494] PM: late suspend of devices complete after 1.617 msecs
[   45.568305] PM: noirq suspend of devices complete after 0.806 msecs
[   45.568307] Disabling non-boot CPUs ...
[   45.604772] CPU1: shutdown
[   45.664760] CPU2: shutdown
[   45.724552] IRQ17 no longer affine to CPU3
[   45.724730] CPU3: shutdown
[   45.755221] Entering suspend state LP1
[   45.755247] Enabling non-boot CPUs ...
[   45.805562] CPU1 is up
[   45.855729] CPU2 is up
[   45.905968] CPU3 is up
[   45.906498] PM: noirq resume of devices complete after 0.525 msecs
[   45.908280] PM: early resume of devices complete after 1.284 msecs
[   45.939570] +1.8V_VDDIO: voltage operation not allowed
[   45.939574] mmc1: Switching to 3.3V signalling voltage failed
[   46.008978] PM: resume of devices complete after 100.687 msecs
[   46.087768] Restarting tasks ... done.
root@(none):/# 
root@(none):/# rtcwake -d rtc1 -m mem -s 3
rtcwake: assuming RTC uses UTC ...
rtcwake: wakeup from "mem" using /dev/rtc1 at Thu Jan  1 00:01:33 1970
[   46.413443] PM: Syncing filesystems ... done.
[   46.422939] Freezing user space processes ... (elapsed 0.001 seconds) done.
[   46.431085] Freezing remaining freezable tasks ... (elapsed 0.001 seconds) done.
[   46.439716] Suspending console(s) (use no_console_suspend to debug)
[   46.625836] PM: suspend of devices complete after 179.246 msecs
[   46.626947] PM: late suspend of devices complete after 1.101 msecs
[   46.627742] PM: noirq suspend of devices complete after 0.790 msecs
[   46.627744] Disabling non-boot CPUs ...
[   46.664743] CPU1: shutdown
[   46.724735] CPU2: shutdown
[   46.784701] CPU3: shutdown
[   46.815195] Entering suspend state LP1
[   46.815222] Enabling non-boot CPUs ...
[   46.865536] CPU1 is up
[   46.915700] CPU2 is up
[   46.965947] CPU3 is up
[   46.966490] PM: noirq resume of devices complete after 0.538 msecs
[   46.968268] PM: early resume of devices complete after 1.267 msecs
[   46.999528] +1.8V_VDDIO: voltage operation not allowed
[   46.999532] mmc1: Switching to 3.3V signalling voltage failed
[   47.154775] usb 1-1: reset high-speed USB device number 4 using tegra-xusb
[   47.301328] PM: resume of devices complete after 333.051 msecs
[   47.382808] Restarting tasks ... done.
root@(none):/# 
root@(none):/# NVTB SYSTEM SUSPEND TEST COMPLETE
