Diff for ./qemu-vexpress64/__internal/defconfig_log.txt
--- /tmp/fooa	2016-10-02 17:13:10.240417166 -0700
+++ /tmp/foob	2016-10-02 17:13:10.244417175 -0700
@@ -1,5 +1,5 @@
 Booting Linux on physical CPU 0x0
-Linux version 4.8.0-rc8-135972-g08895a8 (pwalmsley@tamien) (gcc version 4.9.2 20140904 (prerelease) (crosstool-NG linaro-1.13.1-4.9-2014.09 - Linaro GCC 4.9-2014.09) ) #1 SMP PREEMPT Sun Sep 25 19:08:49 PDT 2016
+Linux version 4.8.0-136064-gc8d2bc9 (pwalmsley@tamien) (gcc version 4.9.2 20140904 (prerelease) (crosstool-NG linaro-1.13.1-4.9-2014.09 - Linaro GCC 4.9-2014.09) ) #1 SMP PREEMPT Sun Oct 2 17:08:58 PDT 2016
 Boot CPU: AArch64 Processor [411fd070]
 Memory limited to 1024MB
 efi: Getting EFI parameters from FDT:
@@ -100,7 +100,7 @@
 kvm [1]: HYP mode not available
 futex hash table entries: 256 (order: 3, 32768 bytes)
 audit: initializing netlink subsys (disabled)
-audit: type=2000 audit(0.696:1): initialized
+audit: type=2000 audit(0.756:1): initialized
 workingset: timestamp_bits=46 max_order=18 bucket_order=0
 squashfs: version 4.0 (2009/01/31) Phillip Lougher
 NFS: Registering the id_resolver key type
@@ -165,7 +165,7 @@
 Key type dns_resolver registered
 registered taskstats version 1
 input: gpio-keys as /devices/platform/gpio-keys/input/input0
-rtc-pl031 9010000.pl031: setting system clock to 2016-09-26 02:09:25 UTC (1474855765)
+rtc-pl031 9010000.pl031: setting system clock to 2016-10-03 00:09:34 UTC (1475453374)
 ALSA device list:
   No soundcards found.
 uart-pl011 9000000.pl011: no DMA platform data
Diff for ./tegra114-dalmore-a04/tegra114-dalmore/multi_v7_defconfig_log.txt
--- /tmp/fooa	2016-10-02 17:13:10.256417198 -0700
+++ /tmp/foob	2016-10-02 17:13:10.260417207 -0700
@@ -41,18 +41,18 @@
 	 #############################
 	 3.2 MiB/s
 done
-Bytes transferred = 7100312 (6c5798 hex)
+Bytes transferred = 7101528 (6c5c58 hex)
 Tegra114 (Dalmore) # tftpboot 0x82000000 tegra114-dalmore.dtb
 Using asx0 device
 TFTP from server 192.168.100.1; our IP address is 192.168.100.100
 Filename 'tegra114-dalmore.dtb'.
 Load address: 0x82000000
 Loading: *###
-	 3 MiB/s
+	 2.6 MiB/s
 done
 Bytes transferred = 34956 (888c hex)
 Tegra114 (Dalmore) # bootz 0x81000000 - 0x82000000
-Kernel image @ 0x81000000 [ 0x000000 - 0x6c5798 ]
+Kernel image @ 0x81000000 [ 0x000000 - 0x6c5c58 ]
 ## Flattened Device Tree blob at 82000000
    Booting using the fdt blob at 0x82000000
    Loading Device Tree to 8fff4000, end 8ffff88b ... OK
@@ -60,7 +60,7 @@
 Starting kernel ...
 
 Booting Linux on physical CPU 0x0
-Linux version 4.8.0-rc8-111539-g08895a8 (pwalmsley@sellafield) (gcc version 4.7.3 20130328 (prerelease) (crosstool-NG linaro-1.13.1-4.7-2013.04-20130415 - Linaro GCC 2013.04) ) #1 SMP Sun Sep 25 19:05:05 PDT 2016
+Linux version 4.8.0-111631-gc8d2bc9 (pwalmsley@sellafield) (gcc version 4.7.3 20130328 (prerelease) (crosstool-NG linaro-1.13.1-4.7-2013.04-20130415 - Linaro GCC 2013.04) ) #1 SMP Sun Oct 2 17:05:04 PDT 2016
 CPU: ARMv7 Processor [412fc0f2] revision 2 (ARMv7), cr=10c5387d
 CPU: div instructions available: patching division code
 CPU: PIPT / VIPT nonaliasing data cache, PIPT instruction cache
@@ -302,9 +302,9 @@
 usb2_vbus: supplied by vdd-sys-5v0
 mmc0: new high speed SDHC card at address aaaa
 VDD_5V0_HDMI_CON: supplied by vdd-sys-5v0
-mmcblk0: mmc0:aaaa SL16G 14.8 GiB 
 [drm] Supports vblank timestamp caching Rev 2 (21.10.2013).
 [drm] No driver support for vblank timestamp query.
+mmcblk0: mmc0:aaaa SL16G 14.8 GiB 
  mmcblk0: p1 p2 p3
 mmc1: new high speed MMC card at address 0001
 mmcblk1: mmc1:0001 SEM32G 29.1 GiB 
@@ -322,7 +322,7 @@
 hub 1-0:1.0: USB hub found
 hub 1-0:1.0: 1 port detected
 input: gpio-keys as /devices/soc0/gpio-keys/input/input0
-palmas-rtc 7000d000.i2c:tps65913@58:rtc: setting system clock to 2000-07-20 13:30:27 UTC (964099827)
+palmas-rtc 7000d000.i2c:tps65913@58:rtc: setting system clock to 2000-07-27 11:30:46 UTC (964697446)
 dvdd_ts: disabling
 usb1_vbus: disabling
 vdd_cam_1v8_reg: disabling
@@ -334,4 +334,4 @@
 Freeing unused kernel memory: 2048K (c1100000 - c1300000)
 bash: cannot set terminal process group (-1): Inappropriate ioctl for device
 bash: no job control in this shell
-root@(none):/# [    2.410144] usb 1-1: new high-speed USB device number 2 using tegra-ehci
+root@(none):/# [    2.415266] usb 1-1: new high-speed USB device number 2 using tegra-ehci
Diff for ./tegra114-dalmore-a04/tegra114-dalmore/tegra_defconfig_log.txt
--- /tmp/fooa	2016-10-02 17:13:10.268417222 -0700
+++ /tmp/foob	2016-10-02 17:13:10.268417222 -0700
@@ -37,20 +37,20 @@
 	 #################################################################
 	 #################################################################
 	 ############################################
-	 3.1 MiB/s
+	 3 MiB/s
 done
-Bytes transferred = 5410984 (5290a8 hex)
+Bytes transferred = 5411296 (5291e0 hex)
 Tegra114 (Dalmore) # tftpboot 0x82000000 tegra114-dalmore.dtb
 Using asx0 device
 TFTP from server 192.168.100.1; our IP address is 192.168.100.100
 Filename 'tegra114-dalmore.dtb'.
 Load address: 0x82000000
 Loading: *###
-	 643.6 KiB/s
+	 2.8 MiB/s
 done
 Bytes transferred = 34956 (888c hex)
 Tegra114 (Dalmore) # bootz 0x81000000 - 0x82000000
-Kernel image @ 0x81000000 [ 0x000000 - 0x5290a8 ]
+Kernel image @ 0x81000000 [ 0x000000 - 0x5291e0 ]
 ## Flattened Device Tree blob at 82000000
    Booting using the fdt blob at 0x82000000
    Loading Device Tree to 8fff4000, end 8ffff88b ... OK
@@ -59,7 +59,7 @@
 
 Uncompressing Linux... done, booting the kernel.
 Booting Linux on physical CPU 0x0
-Linux version 4.8.0-rc8-111539-g08895a8 (pwalmsley@kaivo) (gcc version 4.7.3 20130328 (prerelease) (crosstool-NG linaro-1.13.1-4.7-2013.04-20130415 - Linaro GCC 2013.04) ) #1 SMP PREEMPT Sun Sep 25 19:05:04 PDT 2016
+Linux version 4.8.0-111631-gc8d2bc9 (pwalmsley@kaivo) (gcc version 4.7.3 20130328 (prerelease) (crosstool-NG linaro-1.13.1-4.7-2013.04-20130415 - Linaro GCC 2013.04) ) #1 SMP PREEMPT Sun Oct 2 17:05:11 PDT 2016
 CPU: ARMv7 Processor [412fc0f2] revision 2 (ARMv7), cr=10c5387d
 CPU: div instructions available: patching division code
 CPU: PIPT / VIPT nonaliasing data cache, PIPT instruction cache
@@ -321,7 +321,7 @@
 hub 1-0:1.0: USB hub found
 hub 1-0:1.0: 1 port detected
 input: gpio-keys as /devices/soc0/gpio-keys/input/input1
-palmas-rtc 7000d000.i2c:tps65913@58:rtc: setting system clock to 2000-07-20 13:33:03 UTC (964099983)
+palmas-rtc 7000d000.i2c:tps65913@58:rtc: setting system clock to 2000-07-27 11:33:10 UTC (964697590)
 dvdd_ts: disabling
 usb1_vbus: disabling
 vdd_cam_1v8_reg: disabling
Diff for ./tegra124-jetson-tk1/tegra124-jetson-tk1/multi_v7_defconfig_log.txt
--- /tmp/fooa	2016-10-02 17:13:10.284417255 -0700
+++ /tmp/foob	2016-10-02 17:13:10.288417263 -0700
@@ -9,7 +9,7 @@
 Model: NVIDIA Jetson TK1
 Board: NVIDIA Jetson TK1
 DRAM:  2 GiB
-MC:   Tegra SD/MMC: 0, Tegra SD/MMC: 1
+MMC:   Tegra SD/MMC: 0, Tegra SD/MMC: 1
 In:    serial
 Out:   serial
 Err:   serial
@@ -36,18 +36,18 @@
 	 #############################
 	 4 MiB/s
 done
-Bytes transferred = 7100312 (6c5798 hex)
+Bytes transferred = 7101528 (6c5c58 hex)
 Tegra124 (Jetson TK1) # tftpboot 0x83000000 tegra124-jetson-tk1.dtb
 Using eth_rtl8169 device
 TFTP from server 192.168.100.1; our IP address is 192.168.100.102
 Filename 'tegra124-jetson-tk1.dtb'.
 Load address: 0x83000000
 Loading: *#####
-	 3.7 MiB/s
+	 4 MiB/s
 done
 Bytes transferred = 66405 (10365 hex)
 Tegra124 (Jetson TK1) # bootz 0x82000000 - 0x83000000
-Kernel image @ 0x82000000 [ 0x000000 - 0x6c5798 ]
+Kernel image @ 0x82000000 [ 0x000000 - 0x6c5c58 ]
 ## Flattened Device Tree blob at 83000000
    Booting using the fdt blob at 0x83000000
    Using Device Tree in place at 83000000, end 83013364
@@ -55,7 +55,7 @@
 Starting kernel ...
 
 Booting Linux on physical CPU 0x0
-Linux version 4.8.0-rc8-111539-g08895a8 (pwalmsley@sellafield) (gcc version 4.7.3 20130328 (prerelease) (crosstool-NG linaro-1.13.1-4.7-2013.04-20130415 - Linaro GCC 2013.04) ) #1 SMP Sun Sep 25 19:05:05 PDT 2016
+Linux version 4.8.0-111631-gc8d2bc9 (pwalmsley@sellafield) (gcc version 4.7.3 20130328 (prerelease) (crosstool-NG linaro-1.13.1-4.7-2013.04-20130415 - Linaro GCC 2013.04) ) #1 SMP Sun Oct 2 17:05:04 PDT 2016
 CPU: ARMv7 Processor [413fc0f3] revision 3 (ARMv7), cr=10c5387d
 CPU: div instructions available: patching division code
 CPU: PIPT / VIPT nonaliasing data cache, PIPT instruction cache
@@ -305,13 +305,13 @@
 +5V_HDMI_CON: supplied by +5V_SYS
 +5V_SATA: supplied by +5V_SYS
 +12V_SATA: supplied by +VDD_MUX
-usb2-0 supply vbus not found, using dummy regulator
 mmc0: new high speed MMC card at address 0001
 mmcblk0: mmc0:0001 SEM16G 14.7 GiB 
 mmcblk0boot0: mmc0:0001 SEM16G partition 1 4.00 MiB
 mmcblk0boot1: mmc0:0001 SEM16G partition 2 4.00 MiB
 mmcblk0rpmb: mmc0:0001 SEM16G partition 3 4.00 MiB
  mmcblk0: p1
+usb2-0 supply vbus not found, using dummy regulator
 usb2-1 supply vbus not found, using dummy regulator
 usb3-0 supply vbus not found, using dummy regulator
 tegra-pcie 1003000.pcie-controller: 2x1, 1x1 configuration
@@ -375,8 +375,8 @@
 pci 0000:01:00.0: reg 0x10: [mem 0x00000000-0x00001fff 64bit]
 pci 0000:01:00.0: PME# supported from D0 D3hot D3cold
 PCI: bus1: Fast back to back transfers disabled
-ata1: SATA link down (SStatus 0 SControl 300)
 pci_bus 0000:01: busn_res: [bus 01-ff] end is updated to 01
+ata1: SATA link down (SStatus 0 SControl 300)
 pci 0000:02:00.0: [10ec:8168] type 00 class 0x020000
 pci 0000:02:00.0: reg 0x10: [io  0x0000-0x00ff]
 pci 0000:02:00.0: reg 0x18: [mem 0x00000000-0x00000fff 64bit]
@@ -398,8 +398,6 @@
 pci 0000:00:02.0: PCI bridge to [bus 02]
 pci 0000:00:02.0:   bridge window [io  0x1000-0x1fff]
 pci 0000:00:02.0:   bridge window [mem 0x13100000-0x131fffff]
-mmc1: new high speed SDHC card at address aaaa
-mmcblk1: mmc1:aaaa SD04G 3.69 GiB 
 pci 0000:00:02.0:   bridge window [mem 0x20000000-0x200fffff 64bit pref]
 pci 0000:00:01.0: nv_msi_ht_cap_quirk didn't locate host bridge
 pcieport 0000:00:01.0: enabling device (0140 -> 0142)
@@ -413,13 +411,16 @@
 pcie_pme 0000:00:02.0:pcie001: service driver pcie_pme loaded
 r8169 Gigabit Ethernet driver 2.3LK-NAPI loaded
 r8169 0000:02:00.0: enabling device (0140 -> 0143)
- mmcblk1: p1 p2 p3
-r8169 0000:02:00.0 eth0: RTL8168g/8111g at 0xf0a5a000, 00:04:4b:3a:d9:81, XID 0c000800 IRQ 395
+r8169 0000:02:00.0 eth0: RTL8168g/8111g at 0xf0a50000, 00:04:4b:3a:d9:81, XID 0c000800 IRQ 395
 r8169 0000:02:00.0 eth0: jumbo features [frames: 9200 bytes, tx checksumming: ko]
+mmc1: new high speed SDHC card at address aaaa
+mmcblk1: mmc1:aaaa SD04G 3.69 GiB 
 [drm] Supports vblank timestamp caching Rev 2 (21.10.2013).
 [drm] No driver support for vblank timestamp query.
-tegra-hdmi 54280000.hdmi: cannot set audio to 48000 Hz at 297000000 Hz pixel clock
-Console: switching to colour frame buffer device 512x135
+drm drm: No connectors reported connected with modes
+[drm] Cannot find any crtc or sizes - going 1024x768
+ mmcblk1: p1 p2 p3
+Console: switching to colour frame buffer device 128x48
 drm drm: fb0:  frame buffer device
 [drm] Initialized tegra 0.0.0 20120330 on minor 0
 of: dev_pm_opp_of_cpumask_add_table: couldn't find opp table for cpu:0, -19
Diff for ./tegra124-jetson-tk1/tegra124-jetson-tk1/tegra_defconfig_log.txt
--- /tmp/fooa	2016-10-02 17:13:10.300417287 -0700
+++ /tmp/foob	2016-10-02 17:13:10.300417287 -0700
@@ -34,18 +34,18 @@
 	 ############################################
 	 4 MiB/s
 done
-Bytes transferred = 5410984 (5290a8 hex)
+Bytes transferred = 5411296 (5291e0 hex)
 Tegra124 (Jetson TK1) # tftpboot 0x83000000 tegra124-jetson-tk1.dtb
 Using eth_rtl8169 device
 TFTP from server 192.168.100.1; our IP address is 192.168.100.102
 Filename 'tegra124-jetson-tk1.dtb'.
 Load address: 0x83000000
 Loading: *#####
-	 3.5 MiB/s
+	 3.7 MiB/s
 done
 Bytes transferred = 66405 (10365 hex)
 Tegra124 (Jetson TK1) # bootz 0x82000000 - 0x83000000
-Kernel image @ 0x82000000 [ 0x000000 - 0x5290a8 ]
+Kernel image @ 0x82000000 [ 0x000000 - 0x5291e0 ]
 ## Flattened Device Tree blob at 83000000
    Booting using the fdt blob at 0x83000000
    Using Device Tree in place at 83000000, end 83013364
@@ -54,7 +54,7 @@
 
 Uncompressing Linux... done, booting the kernel.
 Booting Linux on physical CPU 0x0
-Linux version 4.8.0-rc8-111539-g08895a8 (pwalmsley@kaivo) (gcc version 4.7.3 20130328 (prerelease) (crosstool-NG linaro-1.13.1-4.7-2013.04-20130415 - Linaro GCC 2013.04) ) #1 SMP PREEMPT Sun Sep 25 19:05:04 PDT 2016
+Linux version 4.8.0-111631-gc8d2bc9 (pwalmsley@kaivo) (gcc version 4.7.3 20130328 (prerelease) (crosstool-NG linaro-1.13.1-4.7-2013.04-20130415 - Linaro GCC 2013.04) ) #1 SMP PREEMPT Sun Oct 2 17:05:11 PDT 2016
 CPU: ARMv7 Processor [413fc0f3] revision 3 (ARMv7), cr=10c5387d
 CPU: div instructions available: patching division code
 CPU: PIPT / VIPT nonaliasing data cache, PIPT instruction cache
@@ -370,8 +370,8 @@
 mmc1: Unknown controller version (3). You may experience problems.
 mmc1: Invalid maximum block size, assuming 512 bytes
 mmc1: SDHCI controller on 700b0400.sdhci [700b0400.sdhci] using ADMA 64-bit
-tegra-pcie 1003000.pcie-controller: 2x1, 1x1 configuration
 ata1: SATA link down (SStatus 0 SControl 300)
+tegra-pcie 1003000.pcie-controller: 2x1, 1x1 configuration
 tegra-pcie 1003000.pcie-controller: probing port 0, using 2 lanes
 tegra-pcie 1003000.pcie-controller: Slot present pin change, signature: 00000008
 tegra-pcie 1003000.pcie-controller: probing port 1, using 1 lanes
@@ -400,9 +400,9 @@
 pci 0000:02:00.0: supports D1 D2
 pci 0000:02:00.0: PME# supported from D0 D1 D2 D3hot D3cold
 mmc1: new high speed SDHC card at address aaaa
-mmcblk1: mmc1:aaaa SD04G 3.69 GiB 
 PCI: bus2: Fast back to back transfers disabled
 pci_bus 0000:02: busn_res: [bus 02-ff] end is updated to 02
+mmcblk1: mmc1:aaaa SD04G 3.69 GiB 
 pci 0000:00:01.0: BAR 8: assigned [mem 0x13000000-0x130fffff]
 pci 0000:00:02.0: BAR 8: assigned [mem 0x13100000-0x131fffff]
 pci 0000:00:02.0: BAR 9: assigned [mem 0x20000000-0x200fffff 64bit pref]
@@ -410,7 +410,6 @@
 pci 0000:01:00.0: BAR 0: assigned [mem 0x13000000-0x13001fff 64bit]
 pci 0000:00:01.0: PCI bridge to [bus 01]
 pci 0000:00:01.0:   bridge window [mem 0x13000000-0x130fffff]
- mmcblk1: p1 p2 p3
 pci 0000:02:00.0: BAR 4: assigned [mem 0x20000000-0x20003fff 64bit pref]
 pci 0000:02:00.0: BAR 2: assigned [mem 0x13100000-0x13100fff 64bit]
 pci 0000:02:00.0: BAR 0: assigned [io  0x1000-0x10ff]
@@ -423,6 +422,7 @@
 pcieport 0000:00:01.0: Signaling PME through PCIe PME interrupt
 pci 0000:01:00.0: Signaling PME through PCIe PME interrupt
 pcie_pme 0000:00:01.0:pcie001: service driver pcie_pme loaded
+ mmcblk1: p1 p2 p3
 pci 0000:00:02.0: nv_msi_ht_cap_quirk didn't locate host bridge
 pcieport 0000:00:02.0: enabling device (0140 -> 0143)
 pcieport 0000:00:02.0: Signaling PME through PCIe PME interrupt
@@ -442,7 +442,7 @@
 cpufreq: cpufreq_online: CPU0: Running at unlisted freq: 696000 KHz
 cpufreq: cpufreq_online: CPU0: Unlisted initial frequency changed to: 714000 KHz
 input: gpio-keys as /devices/soc0/gpio-keys/input/input2
-as3722-rtc as3722-rtc: setting system clock to 2000-01-01 00:02:04 UTC (946684924)
+as3722-rtc as3722-rtc: setting system clock to 2000-01-01 00:02:08 UTC (946684928)
 +USB0_VBUS_SW: disabling
 +1.8V_RUN_CAM: disabling
 +2.8V_RUN_CAM: disabling
Diff for ./tegra124-nyan-big/tegra124-nyan-big/multi_v7_defconfig_log.txt
--- /tmp/fooa	2016-10-02 17:13:10.308417303 -0700
+++ /tmp/foob	2016-10-02 17:13:10.312417311 -0700
@@ -14,7 +14,7 @@
 Err:   serial
 Net:   Net Initialization Skipped
 No ethernet found.
-Hit any key to stop autoboot:  2  0 
+Hit any key to stop autoboot:  2  1  0 
 Tegra124 (Nyan-big) # 
 Tegra124 (Nyan-big) # usb start
 starting USB...
@@ -41,20 +41,20 @@
 	 #################################################################
 	 #################################################################
 	 #############################
-	 2.8 MiB/s
+	 3.5 MiB/s
 done
-Bytes transferred = 7100312 (6c5798 hex)
+Bytes transferred = 7101528 (6c5c58 hex)
 Tegra124 (Nyan-big) # tftpboot 0x83000000 tegra124-nyan-big.dtb
 Using asx0 device
 TFTP from server 192.168.100.1; our IP address is 192.168.100.102
 Filename 'tegra124-nyan-big.dtb'.
 Load address: 0x83000000
 Loading: *#####
-	 2.7 MiB/s
+	 3.4 MiB/s
 done
 Bytes transferred = 66821 (10505 hex)
 Tegra124 (Nyan-big) # bootz 0x82000000 - 0x83000000
-Kernel image @ 0x82000000 [ 0x000000 - 0x6c5798 ]
+Kernel image @ 0x82000000 [ 0x000000 - 0x6c5c58 ]
 ## Flattened Device Tree blob at 83000000
    Booting using the fdt blob at 0x83000000
    Using Device Tree in place at 83000000, end 83013504
@@ -62,7 +62,7 @@
 Starting kernel ...
 
 Booting Linux on physical CPU 0x0
-Linux version 4.8.0-rc8-111539-g08895a8 (pwalmsley@sellafield) (gcc version 4.7.3 20130328 (prerelease) (crosstool-NG linaro-1.13.1-4.7-2013.04-20130415 - Linaro GCC 2013.04) ) #1 SMP Sun Sep 25 19:05:05 PDT 2016
+Linux version 4.8.0-111631-gc8d2bc9 (pwalmsley@sellafield) (gcc version 4.7.3 20130328 (prerelease) (crosstool-NG linaro-1.13.1-4.7-2013.04-20130415 - Linaro GCC 2013.04) ) #1 SMP Sun Oct 2 17:05:04 PDT 2016
 CPU: ARMv7 Processor [413fc0f3] revision 3 (ARMv7), cr=10c5387d
 CPU: div instructions available: patching division code
 CPU: PIPT / VIPT nonaliasing data cache, PIPT instruction cache
@@ -303,9 +303,9 @@
 ThumbEE CPU extension supported.
 Registering SWP/SWPB emulation handler
 +3.3V_RUN: supplied by +3.3V_SYS
+input: Elan Touchpad as /devices/soc0/7000c400.i2c/i2c-1/1-0015/input/input0
 +3.3V_AVDD_HDMI_AP_GATED: supplied by +3.3V_RUN
 +1.8V_RUN_CAM: supplied by +3.3V_RUN
-input: Elan Touchpad as /devices/soc0/7000c400.i2c/i2c-1/1-0015/input/input0
 +VDDIO_SDMMC3: supplied by +3.3V_RUN
 +1.8V_RUN_VPP_FUSE: supplied by +3.3V_RUN
 +VDD_LED: supplied by +VDD_MUX
@@ -343,17 +343,17 @@
 [drm] No driver support for vblank timestamp query.
 mmc2: new high speed SDHC card at address 0007
 mmcblk2: mmc2:0007 SD08G 7.42 GiB 
+Console: switching to colour frame buffer device 170x48
+drm drm: fb0:  frame buffer device
 GPT:Primary header alternate_lba != Alt. header my_lba
 GPT:3014591 != 15564799
 GPT:Primary header thinks Alt. header is not at the end of the disk.
 GPT:3014591 != 15564799
 GPT: Use GNU Parted to correct GPT errors.
  mmcblk2: p1 p2 p3 p4 p5 p6 p7 p8 p9 p10 p11 p12
-Console: switching to colour frame buffer device 170x48
-drm drm: fb0:  frame buffer device
 [drm] Initialized tegra 0.0.0 20120330 on minor 0
 input: gpio-keys as /devices/soc0/gpio-keys/input/input1
-as3722-rtc as3722-rtc: setting system clock to 2000-01-01 00:00:22 UTC (946684822)
+as3722-rtc as3722-rtc: setting system clock to 2000-01-01 00:00:23 UTC (946684823)
 +1.8V_RUN_CAM: disabling
 +3.3V_RUN_CAM: disabling
 +1.2V_RUN_CAM_FRONT: disabling
Diff for ./tegra124-nyan-big/tegra124-nyan-big/tegra_defconfig_log.txt
--- /tmp/fooa	2016-10-02 17:13:10.332417352 -0700
+++ /tmp/foob	2016-10-02 17:13:10.332417352 -0700
@@ -5,7 +5,7 @@
 TEGRA124
 Model: Acer Chromebook 13 CB5-311
 DRAM:  4 GiB
-:   Tegra SD/MMC: 0, Tegra SD/MMC: 1, Tegra SD/MMC: 2
+C:   Tegra SD/MMC: 0, Tegra SD/MMC: 1, Tegra SD/MMC: 2
 MMC init failed
 Using default environment
 
@@ -14,7 +14,7 @@
 Err:   serial
 Net:   Net Initialization Skipped
 No ethernet found.
-Hit any key to stop autoboot:  2  1  0 
+Hit any key to stop autoboot:  2  0 
 Tegra124 (Nyan-big) # 
 Tegra124 (Nyan-big) # usb start
 starting USB...
@@ -39,20 +39,20 @@
 	 #################################################################
 	 #################################################################
 	 ############################################
-	 3.5 MiB/s
+	 3.3 MiB/s
 done
-Bytes transferred = 5410984 (5290a8 hex)
+Bytes transferred = 5411296 (5291e0 hex)
 Tegra124 (Nyan-big) # tftpboot 0x83000000 tegra124-nyan-big.dtb
 Using asx0 device
 TFTP from server 192.168.100.1; our IP address is 192.168.100.102
 Filename 'tegra124-nyan-big.dtb'.
 Load address: 0x83000000
 Loading: *#####
-	 3.4 MiB/s
+	 3.2 MiB/s
 done
 Bytes transferred = 66821 (10505 hex)
 Tegra124 (Nyan-big) # bootz 0x82000000 - 0x83000000
-Kernel image @ 0x82000000 [ 0x000000 - 0x5290a8 ]
+Kernel image @ 0x82000000 [ 0x000000 - 0x5291e0 ]
 ## Flattened Device Tree blob at 83000000
    Booting using the fdt blob at 0x83000000
    Using Device Tree in place at 83000000, end 83013504
@@ -175,9 +175,9 @@
 +1.8V_RUN_VPP_FUSE: supplied by +3.3V_RUN
 +VDD_LED: supplied by +VDD_MUX
 +5V_VDD_TS_SW: supplied by +5V_SYS
+input: tegra-hda HDMI/DP,pcm=3 as /devices/soc0/70030000.hda/sound/card0/input3
 +5V_USB_HS: supplied by +5V_SYS
 +5V_USB_SS: supplied by +5V_SYS
-input: tegra-hda HDMI/DP,pcm=3 as /devices/soc0/70030000.hda/sound/card0/input3
 +3.3V_PANEL: supplied by +3.3V_RUN
 +3.3V_LP0: supplied by +3.3V_SYS
 +1.05V_RUN_AVDD_HDMI_PLL: supplied by +1.05V_RUN
@@ -224,7 +224,7 @@
 drm drm: fb0:  frame buffer device
 [drm] Initialized tegra 0.0.0 20120330 on minor 0
 input: gpio-keys as /devices/soc0/gpio-keys/input/input4
-as3722-rtc as3722-rtc: setting system clock to 2000-01-01 00:00:24 UTC (946684824)
+as3722-rtc as3722-rtc: setting system clock to 2000-01-01 00:00:23 UTC (946684823)
 +1.8V_RUN_CAM: disabling
 +1.2V_RUN_CAM_FRONT: disabling
 +1.05V_RUN_CAM_REAR: disabling
@@ -238,15 +238,15 @@
 EXT4-fs (mmcblk0p3): couldn't mount as ext3 due to feature incompatibilities
 uvcvideo: Found UVC 1.00 device HD WebCam (1bcf:2c67)
 input: HD WebCam as /devices/soc0/70090000.usb/usb1/1-2/1-2:1.0/input/input5
+usb 1-3: new high-speed USB device number 3 using tegra-xusb
 EXT4-fs (mmcblk0p3): recovery complete
 EXT4-fs (mmcblk0p3): mounted filesystem with ordered data mode. Opts: (null)
 VFS: Mounted root (ext4 filesystem) on device 179:3.
-usb 1-3: new high-speed USB device number 3 using tegra-xusb
 devtmpfs: mounted
 Freeing unused kernel memory: 1024K (c0c00000 - c0d00000)
 bash: cannot set terminal process group (-1): Inappropriate ioctl for device
 bash: no job control in this shell
-root@(none):/# [    6.778451] asix 1-3:1.0 eth0: register 'asix' at usb-70090000.usb-3, ASIX AX88772 USB 2.0 Ethernet, c8:d7:19:90:fa:65
+root@(none):/# [    6.747560] asix 1-3:1.0 eth0: register 'asix' at usb-70090000.usb-3, ASIX AX88772 USB 2.0 Ethernet, c8:d7:19:90:fa:65
 usb 1-1: new high-speed USB device number 4 using tegra-xusb
 usb-storage 1-1:1.0: USB Mass Storage device detected
 scsi host0: usb-storage 1-1:1.0
Diff for ./tegra132-norrin/tegra132-norrin/defconfig_log.txt
--- /tmp/fooa	2016-10-02 17:13:10.356417400 -0700
+++ /tmp/foob	2016-10-02 17:13:10.360417409 -0700
@@ -31,7 +31,7 @@
 MSENC clock is set to  79200 KHz
 Vde clock is set to 204000 KHz
 
-Bootloader-Cpu Init at (time stamp): 1800902 us
+Bootloader-Cpu Init at (time stamp): 1801557 us
 
 Pinmux changes applied in kernel way
 
@@ -62,22 +62,22 @@
 Board Id Read Time: 3 us
 Power Rail enable Time: 1 us
 
-Miscellaneous avp time: 1800876  us
-Bootloader (AosInit) time: 734233 us
-Bootloader Main Init time: 180074 us
-BlockDevMgrInit time: 157544 us
+Miscellaneous avp time: 1801531  us
+Bootloader (AosInit) time: 733500 us
+Bootloader Main Init time: 180179 us
+BlockDevMgrInit time: 157535 us
 PartMgrInit time: 8 us
-StorMgrInit time: 31 us
+StorMgrInit time: 30 us
 FsMgrInit time: 2 us
-Partition Table load: 76640 us 
-Display init time: 574849 us
-Kernel read time: 374 msec
+Partition Table load: 77085 us 
+Display init time: 574341 us
+Kernel read time: 373 msec
 Load Kernel Size:   16218112 Bytes
-Bl Kernel ReadSpeed: 43363000 Bytes/sec
-Pre-Kernel Jump time: 1729045 us
-Clearing 32 Bit State and Warm resetting to 64bit mode: 5827961 us
+Bl Kernel ReadSpeed: 43480000 Bytes/sec
+Pre-Kernel Jump time: 1728640 us
+Clearing 32 Bit State and Warm resetting to 64bit mode: 5825538 us
 Booting Linux on physical CPU 0x0
-Linux version 4.8.0-rc8-135972-g08895a8 (pwalmsley@tamien) (gcc version 4.9.2 20140904 (prerelease) (crosstool-NG linaro-1.13.1-4.9-2014.09 - Linaro GCC 4.9-2014.09) ) #1 SMP PREEMPT Sun Sep 25 19:08:49 PDT 2016
+Linux version 4.8.0-136064-gc8d2bc9 (pwalmsley@tamien) (gcc version 4.9.2 20140904 (prerelease) (crosstool-NG linaro-1.13.1-4.9-2014.09 - Linaro GCC 4.9-2014.09) ) #1 SMP PREEMPT Sun Oct 2 17:08:58 PDT 2016
 Boot CPU: AArch64 Processor [4e0f0000]
 Memory limited to 1734MB
 efi: Getting EFI parameters from FDT:
@@ -184,7 +184,7 @@
 kvm [1]: HYP mode not available
 futex hash table entries: 256 (order: 3, 32768 bytes)
 audit: initializing netlink subsys (disabled)
-audit: type=2000 audit(1.127:1): initialized
+audit: type=2000 audit(1.115:1): initialized
 workingset: timestamp_bits=46 max_order=19 bucket_order=0
 squashfs: version 4.0 (2009/01/31) Phillip Lougher
 NFS: Registering the id_resolver key type
@@ -247,8 +247,8 @@
 NET: Registered protocol family 17
 9pnet: Installing 9P2000 support
 Key type dns_resolver registered
-registered taskstats version 1
 mmc0: new high speed MMC card at address 0001
+registered taskstats version 1
 +VDD_LED: supplied by +VDD_MUX
 +5V_USB_HS: supplied by +5V_SYS
 +5V_USB_SS: supplied by +5V_SYS
Diff for ./tegra20-trimslice/tegra20-trimslice/multi_v7_defconfig_log.txt
--- /tmp/fooa	2016-10-02 17:13:10.376417441 -0700
+++ /tmp/foob	2016-10-02 17:13:10.380417449 -0700
@@ -47,20 +47,20 @@
 	 #################################################################
 	 #################################################################
 	 #############################
-	 4.1 MiB/s
+	 4 MiB/s
 done
-Bytes transferred = 7100312 (6c5798 hex)
+Bytes transferred = 7101528 (6c5c58 hex)
 Tegra20 (TrimSlice) # tftpboot 0x02408000 tegra20-trimslice.dtb
 Using RTL8169#0 device
 TFTP from server 192.168.100.1; our IP address is 192.168.100.103
 Filename 'tegra20-trimslice.dtb'.
 Load address: 0x2408000
 Loading: *##
-	 3.4 MiB/s
+	 4 MiB/s
 done
 Bytes transferred = 21172 (52b4 hex)
 Tegra20 (TrimSlice) # bootz 0x00408000 - 0x02408000
-Kernel image @ 0x408000 [ 0x000000 - 0x6c5798 ]
+Kernel image @ 0x408000 [ 0x000000 - 0x6c5c58 ]
 ## Flattened Device Tree blob at 02408000
    Booting using the fdt blob at 0x2408000
    Using Device Tree in place at 02408000, end 024102b3
@@ -68,7 +68,7 @@
 Starting kernel ...
 
 Booting Linux on physical CPU 0x0
-Linux version 4.8.0-rc8-111539-g08895a8 (pwalmsley@sellafield) (gcc version 4.7.3 20130328 (prerelease) (crosstool-NG linaro-1.13.1-4.7-2013.04-20130415 - Linaro GCC 2013.04) ) #1 SMP Sun Sep 25 19:05:05 PDT 2016
+Linux version 4.8.0-111631-gc8d2bc9 (pwalmsley@sellafield) (gcc version 4.7.3 20130328 (prerelease) (crosstool-NG linaro-1.13.1-4.7-2013.04-20130415 - Linaro GCC 2013.04) ) #1 SMP Sun Oct 2 17:05:04 PDT 2016
 CPU: ARMv7 Processor [411fc090] revision 0 (ARMv7), cr=10c5387d
 CPU: PIPT / VIPT nonaliasing data cache, VIPT aliasing instruction cache
 OF: fdt:Machine model: Compulab TrimSlice board
@@ -320,26 +320,26 @@
 tegra-ehci c5000000.usb: EHCI Host Controller
 tegra-ehci c5000000.usb: new USB bus registered, assigned bus number 2
 tegra-ehci c5000000.usb: irq 288, io mem 0xc5000000
-usb 1-1: new high-speed USB device number 2 using tegra-ehci
-tegra-ehci c5000000.usb: USB 2.0 started, EHCI 1.00
-hub 2-0:1.0: USB hub found
 mmc0: host does not support reading read-only switch, assuming write-enable
 mmc0: new high speed SDHC card at address b368
 mmcblk0: mmc0:b368 NCard 3.70 GiB 
+usb 1-1: new high-speed USB device number 2 using tegra-ehci
  mmcblk0: p1
+tegra-ehci c5000000.usb: USB 2.0 started, EHCI 1.00
+hub 2-0:1.0: USB hub found
+hub 2-0:1.0: 1 port detected
 mmc1: new high speed SD card at address b368
+input: gpio-keys as /devices/soc0/gpio-keys/input/input0
 mmcblk1: mmc1:b368 NCard 1.83 GiB (ro)
+rtc-em3027 2-0056: setting system clock to 2015-02-05 18:34:18 UTC (1423161258)
  mmcblk1: p1 p2
-hub 2-0:1.0: 1 port detected
-input: gpio-keys as /devices/soc0/gpio-keys/input/input0
-rtc-em3027 2-0056: setting system clock to 2015-02-05 18:18:38 UTC (1423160318)
 EXT4-fs (mmcblk0p1): mounting ext3 file system using the ext4 subsystem
 hub 1-1:1.0: USB hub found
 hub 1-1:1.0: 4 ports detected
 usb 1-1.2: new high-speed USB device number 3 using tegra-ehci
 random: fast init done
-asix 1-1.2:1.0 eth1: register 'asix' at usb-c5008000.usb-1.2, ASIX AX88772 USB 2.0 Ethernet, 00:60:6e:60:6c:68
 EXT4-fs (mmcblk0p1): recovery complete
+asix 1-1.2:1.0 eth1: register 'asix' at usb-c5008000.usb-1.2, ASIX AX88772 USB 2.0 Ethernet, 00:60:6e:60:6c:68
 EXT4-fs (mmcblk0p1): mounted filesystem with ordered data mode. Opts: (null)
 VFS: Mounted root (ext3 filesystem) on device 179:1.
 devtmpfs: mounted
Diff for ./tegra20-trimslice/tegra20-trimslice/tegra_defconfig_log.txt
--- /tmp/fooa	2016-10-02 17:13:10.384417456 -0700
+++ /tmp/foob	2016-10-02 17:13:10.388417465 -0700
@@ -45,20 +45,20 @@
 	 #################################################################
 	 #################################################################
 	 ############################################
-	 905.3 KiB/s
+	 4.1 MiB/s
 done
-Bytes transferred = 5410984 (5290a8 hex)
+Bytes transferred = 5411296 (5291e0 hex)
 Tegra20 (TrimSlice) # tftpboot 0x02408000 tegra20-trimslice.dtb
 Using RTL8169#0 device
 TFTP from server 192.168.100.1; our IP address is 192.168.100.103
 Filename 'tegra20-trimslice.dtb'.
 Load address: 0x2408000
 Loading: *##
-	 607.4 KiB/s
+	 4 MiB/s
 done
 Bytes transferred = 21172 (52b4 hex)
 Tegra20 (TrimSlice) # bootz 0x00408000 - 0x02408000
-Kernel image @ 0x408000 [ 0x000000 - 0x5290a8 ]
+Kernel image @ 0x408000 [ 0x000000 - 0x5291e0 ]
 ## Flattened Device Tree blob at 02408000
    Booting using the fdt blob at 0x2408000
    Using Device Tree in place at 02408000, end 024102b3
@@ -67,7 +67,7 @@
 
 Uncompressing Linux... done, booting the kernel.
 Booting Linux on physical CPU 0x0
-Linux version 4.8.0-rc8-111539-g08895a8 (pwalmsley@kaivo) (gcc version 4.7.3 20130328 (prerelease) (crosstool-NG linaro-1.13.1-4.7-2013.04-20130415 - Linaro GCC 2013.04) ) #1 SMP PREEMPT Sun Sep 25 19:05:04 PDT 2016
+Linux version 4.8.0-111631-gc8d2bc9 (pwalmsley@kaivo) (gcc version 4.7.3 20130328 (prerelease) (crosstool-NG linaro-1.13.1-4.7-2013.04-20130415 - Linaro GCC 2013.04) ) #1 SMP PREEMPT Sun Oct 2 17:05:11 PDT 2016
 CPU: ARMv7 Processor [411fc090] revision 0 (ARMv7), cr=10c5387d
 CPU: PIPT / VIPT nonaliasing data cache, VIPT aliasing instruction cache
 OF: fdt:Machine model: Compulab TrimSlice board
@@ -342,7 +342,7 @@
 hub 2-0:1.0: USB hub found
 hub 2-0:1.0: 1 port detected
 input: gpio-keys as /devices/soc0/gpio-keys/input/input0
-rtc-em3027 2-0056: setting system clock to 2015-02-05 18:20:12 UTC (1423160412)
+rtc-em3027 2-0056: setting system clock to 2015-02-05 18:35:46 UTC (1423161346)
 ALSA device list:
   #0: tegra-trimslice
 asix 1-1.2:1.0 eth1: register 'asix' at usb-c5008000.usb-1.2, ASIX AX88772 USB 2.0 Ethernet, 00:60:6e:60:6c:68
Diff for ./tegra210-p2371-0000/tegra210-p2371-0000/defconfig_log.txt
--- /tmp/fooa	2016-10-02 17:13:10.412417513 -0700
+++ /tmp/foob	2016-10-02 17:13:10.412417513 -0700
@@ -64,17 +64,17 @@
 Loading and Validation of Secure OS Successful
 NvTbootPackSdramParams: start. 
 NvTbootPackSdramParams: done. 
-Tegraboot started after 745267 us
-Basic modules init took 348460 us
+Tegraboot started after 721484 us
+Basic modules init took 348739 us
 Sec Bootdevice Read Time = 202 ms, Read Size = 8459 KB
-Next stage binary read took 14371 us
-Carveout took 252716 us
-CPU initialization took 92313 us
-Total time taken by TegraBoot 707860 us
+Next stage binary read took 14370 us
+Carveout took 252967 us
+CPU initialization took 92329 us
+Total time taken by TegraBoot 708405 us
 
 Starting CPU & Halting co-processor 
 
-64b[0001.584] LPDDR4 Training: Number of tables = 10
+64b[0001.561] LPDDR4 Training: Number of tables = 10
 EMC Training (SRC-freq: 204000; DST-freq: 408000)
 EMC Training Successful
 EMC Training (SRC-freq: 204000; DST-freq: 665600)
@@ -104,11 +104,11 @@
 Err:   serial
 Net:   Net Initialization Skipped
 No ethernet found.
-Hit any key to stop autoboot:  2  0 
+Hit any key to stop autoboot:  2  1  0 
 Tegra210 (P2371-0000) # 
 Tegra210 (P2371-0000) # ums 0 mmc 0
 UMS: disk start sector: 0x0, count: 0x1d5a000
-|/-\|/-\/-\|/-\/-\|/-\/-\|/-\/-\|/-\/-\|/-\/-\|/-\/-\|/-\/-CTRL+C - Operation aborted
+|/-\|/-\/-\|/-\/-\|/-\/-\|/-\/-\|/-\/-\|/-\/-\|/-\/-\|/-\/-\CTRL+C - Operation aborted
 Tegra210 (P2371-0000) # 
 Tegra210 (P2371-0000) # env set fdt_copy_node_names /cpus:/psci
 Tegra210 (P2371-0000) # setenv rootpart 1
@@ -119,9 +119,9 @@
 Tegra210 (P2371-0000) # load ${devtype} ${devnum}:${rootpart} ${kernel_addr_r} /boot/Image.defconfig
 13790208 bytes read in 768 ms (17.1 MiB/s)
 Tegra210 (P2371-0000) # load ${devtype} ${devnum}:${rootpart} ${fdt_addr_r} /boot/tegra210-p2371-0000.dtb
-41182 bytes read in 454 ms (87.9 KiB/s)
+41182 bytes read in 455 ms (87.9 KiB/s)
 Tegra210 (P2371-0000) # load ${devtype} ${devnum}:${rootpart} ${ramdisk_addr_r} /boot/tegra-ramdisk.img
-1627787 bytes read in 499 ms (3.1 MiB/s)
+1627787 bytes read in 495 ms (3.1 MiB/s)
 Tegra210 (P2371-0000) # ramdisk_size=${filesize}
 Tegra210 (P2371-0000) # booti ${kernel_addr_r} - ${fdt_addr_r}
 ## Flattened Device Tree blob at 82000000
@@ -131,7 +131,7 @@
 Starting kernel ...
 
 Booting Linux on physical CPU 0x0
-Linux version 4.8.0-rc8-135972-g08895a8 (pwalmsley@tamien) (gcc version 4.9.2 20140904 (prerelease) (crosstool-NG linaro-1.13.1-4.9-2014.09 - Linaro GCC 4.9-2014.09) ) #1 SMP PREEMPT Sun Sep 25 19:08:49 PDT 2016
+Linux version 4.8.0-136064-gc8d2bc9 (pwalmsley@tamien) (gcc version 4.9.2 20140904 (prerelease) (crosstool-NG linaro-1.13.1-4.9-2014.09 - Linaro GCC 4.9-2014.09) ) #1 SMP PREEMPT Sun Oct 2 17:08:58 PDT 2016
 Boot CPU: AArch64 Processor [411fd071]
 debug: ignoring loglevel setting.
 earlycon: uart8250 at MMIO32 0x0000000070006000 (options '')
@@ -161,7 +161,7 @@
 log_buf_len total cpu_extra contributions: 12288 bytes
 log_buf_len min size: 16384 bytes
 log_buf_len: 32768 bytes
-early log buf free: 14272(87%)
+early log buf free: 14276(87%)
 PID hash table entries: 4096 (order: 3, 32768 bytes)
 Dentry cache hash table entries: 524288 (order: 10, 4194304 bytes)
 Inode-cache hash table entries: 262144 (order: 9, 2097152 bytes)
@@ -266,7 +266,7 @@
 kvm [1]: virtual timer IRQ4
 futex hash table entries: 1024 (order: 5, 131072 bytes)
 audit: initializing netlink subsys (disabled)
-audit: type=2000 audit(0.451:1): initialized
+audit: type=2000 audit(0.467:1): initialized
 workingset: timestamp_bits=46 max_order=20 bucket_order=0
 squashfs: version 4.0 (2009/01/31) Phillip Lougher
 NFS: Registering the id_resolver key type
@@ -345,6 +345,6 @@
 devtmpfs: mounted
 Freeing unused kernel memory: 960K (ffff800000bf0000 - ffff800000ce0000)
 bash: cannot set terminal process group (-1): Inappropriate ioctl for device
-bash: no job contr[    1.326074] random: fast init done
+bash: no job contr[    1.333210] random: fast init done
 ol in this shell
 root@(none):/# 
\ No newline at end of file
Diff for ./tegra210-smaug/tegra210-smaug/defconfig_log.txt
--- /tmp/fooa	2016-10-02 17:13:10.432417554 -0700
+++ /tmp/foob	2016-10-02 17:13:10.432417554 -0700
@@ -1,4 +1,3 @@
-eserved 16 MiB at 0x00000000f5400000
 psci: probing for conduit method from DT.
 psci: PSCIv1.0 detected in firmware.
 psci: Using standard PSCI v0.2 function IDs
@@ -13,7 +12,7 @@
 log_buf_len total cpu_extra contributions: 12288 bytes
 log_buf_len min size: 16384 bytes
 log_buf_len: 32768 bytes
-early log buf free: 14420(88%)
+early log buf free: 14424(88%)
 PID hash table entries: 4096 (order: 3, 32768 bytes)
 Dentry cache hash table entries: 524288 (order: 10, 4194304 bytes)
 Inode-cache hash table entries: 262144 (order: 9, 2097152 bytes)
@@ -55,7 +54,7 @@
  (comparison mask = 0xf8000000)
 boot misc2 0x0: expected 0xf400f0da
  (comparison mask = 0xffffffff)
-boot misc3 0x3ab8: expected 0x2004f400
+boot misc3 0x3ab0: expected 0x2004f400
  (comparison mask = 0xffffffff)
 PLL_P already enabled. Postponing set full defaults
 PLL_X already enabled. Postponing set full defaults
@@ -68,7 +67,7 @@
 console [tty0] enabled
 bootconsole [uart0] disabled
 Booting Linux on physical CPU 0x0
-Linux version 4.8.0-rc8-135972-g08895a8 (pwalmsley@tamien) (gcc version 4.9.2 20140904 (prerelease) (crosstool-NG linaro-1.13.1-4.9-2014.09 - Linaro GCC 4.9-2014.09) ) #1 SMP PREEMPT Sun Sep 25 19:08:49 PDT 2016
+Linux version 4.8.0-136064-gc8d2bc9 (pwalmsley@tamien) (gcc version 4.9.2 20140904 (prerelease) (crosstool-NG linaro-1.13.1-4.9-2014.09 - Linaro GCC 4.9-2014.09) ) #1 SMP PREEMPT Sun Oct 2 17:08:58 PDT 2016
 Boot CPU: AArch64 Processor [411fd071]
 earlycon: uart0 at MMIO 0x0000000070006000 (options '115200n8')
 bootconsole [uart0] enabled
@@ -89,7 +88,7 @@
 log_buf_len total cpu_extra contributions: 12288 bytes
 log_buf_len min size: 16384 bytes
 log_buf_len: 32768 bytes
-early log buf free: 14420(88%)
+early log buf free: 14424(88%)
 PID hash table entries: 4096 (order: 3, 32768 bytes)
 Dentry cache hash table entries: 524288 (order: 10, 4194304 bytes)
 Inode-cache hash table entries: 262144 (order: 9, 2097152 bytes)
@@ -131,7 +130,7 @@
  (comparison mask = 0xf8000000)
 boot misc2 0x0: expected 0xf400f0da
  (comparison mask = 0xffffffff)
-boot misc3 0x3ab8: expected 0x2004f400
+boot misc3 0x3ab0: expected 0x2004f400
  (comparison mask = 0xffffffff)
 PLL_P already enabled. Postponing set full defaults
 PLL_X already enabled. Postponing set full defaults
@@ -217,7 +216,7 @@
 kvm [1]: virtual timer IRQ4
 futex hash table entries: 1024 (order: 5, 131072 bytes)
 audit: initializing netlink subsys (disabled)
-audit: type=2000 audit(0.279:1): initialized
+audit: type=2000 audit(0.287:1): initialized
 workingset: timestamp_bits=46 max_order=20 bucket_order=0
 squashfs: version 4.0 (2009/01/31) Phillip Lougher
 NFS: Registering the id_resolver key type
@@ -287,8 +286,8 @@
 Key type dns_resolver registered
 registered taskstats version 1
 input: gpio-keys as /devices/platform/gpio-keys/input/input0
+max77686-rtc max77620-rtc: setting system clock to 2000-07-14 05:38:23 UTC (963553103)
 mmc0: new high speed MMC card at address 0001
-max77686-rtc max77620-rtc: setting system clock to 2000-07-07 07:38:30 UTC (962955510)
 mmcblk0: mmc0:0001 BGND3R 29.1 GiB 
 mmcblk0boot0: mmc0:0001 BGND3R partition 1 4.00 MiB
 mmcblk0boot1: mmc0:0001 BGND3R partition 2 4.00 MiB
Diff for ./tegra30-beaver/tegra30-beaver/multi_v7_defconfig_log.txt
--- /tmp/fooa	2016-10-02 17:13:10.440417569 -0700
+++ /tmp/foob	2016-10-02 17:13:10.444417578 -0700
@@ -41,7 +41,7 @@
 	 #############################
 	 3.2 MiB/s
 done
-Bytes transferred = 7100312 (6c5798 hex)
+Bytes transferred = 7101528 (6c5c58 hex)
 Tegra30 (Beaver) # tftpboot 0x82000000 tegra30-beaver.dtb
 Using asx0 device
 TFTP from server 192.168.100.1; our IP address is 192.168.100.101
@@ -52,7 +52,7 @@
 done
 Bytes transferred = 51572 (c974 hex)
 Tegra30 (Beaver) # bootz 0x81000000 - 0x82000000
-Kernel image @ 0x81000000 [ 0x000000 - 0x6c5798 ]
+Kernel image @ 0x81000000 [ 0x000000 - 0x6c5c58 ]
 ## Flattened Device Tree blob at 82000000
    Booting using the fdt blob at 0x82000000
    Loading Device Tree to 8fff0000, end 8ffff973 ... OK
@@ -60,7 +60,7 @@
 Starting kernel ...
 
 Booting Linux on physical CPU 0x0
-Linux version 4.8.0-rc8-111539-g08895a8 (pwalmsley@sellafield) (gcc version 4.7.3 20130328 (prerelease) (crosstool-NG linaro-1.13.1-4.7-2013.04-20130415 - Linaro GCC 2013.04) ) #1 SMP Sun Sep 25 19:05:05 PDT 2016
+Linux version 4.8.0-111631-gc8d2bc9 (pwalmsley@sellafield) (gcc version 4.7.3 20130328 (prerelease) (crosstool-NG linaro-1.13.1-4.7-2013.04-20130415 - Linaro GCC 2013.04) ) #1 SMP Sun Oct 2 17:05:04 PDT 2016
 CPU: ARMv7 Processor [412fc099] revision 9 (ARMv7), cr=10c5387d
 CPU: PIPT / VIPT nonaliasing data cache, VIPT aliasing instruction cache
 OF: fdt:Machine model: NVIDIA Tegra30 Beaver evaluation board
@@ -299,17 +299,17 @@
 +VDD_5V_HDMI: supplied by sys_3v3,vdd_3v3_alw
 sys_3v3_pexs: supplied by sys_3v3,vdd_3v3_alw
 tegra-pcie 3000.pcie-controller: 2x3 configuration
-tegra-pcie 3000.pcie-controller: probing port 0, using 2 lanes
 mmc1: new high speed MMC card at address 0001
+tegra-pcie 3000.pcie-controller: probing port 0, using 2 lanes
 mmcblk1: mmc1:0001 SEM16G 14.8 GiB 
 mmcblk1boot0: mmc1:0001 SEM16G partition 1 1.00 MiB
 mmcblk1boot1: mmc1:0001 SEM16G partition 2 1.00 MiB
 mmcblk1rpmb: mmc1:0001 SEM16G partition 3 128 KiB
 Primary GPT is invalid, using alternate GPT.
-tegra-pcie 3000.pcie-controller: probing port 2, using 2 lanes
  mmcblk1: p1 p2 p3 p4 p5
 mmc0: new ultra high speed DDR50 SDHC card at address aaaa
 mmcblk0: mmc0:aaaa SS04G 3.69 GiB 
+tegra-pcie 3000.pcie-controller: probing port 2, using 2 lanes
  mmcblk0: p1 p2 p3
 tegra-pcie 3000.pcie-controller: link 2 down, retrying
 tegra-pcie 3000.pcie-controller: link 2 down, retrying
@@ -381,4 +381,4 @@
 Freeing unused kernel memory: 2048K (c1100000 - c1300000)
 bash: cannot set terminal process group (-1): Inappropriate ioctl for device
 bash: no job control in this shell
-root@(none):/# [    3.853613] usb 2-1: new high-speed USB device number 2 using tegra-ehci
+root@(none):/# [    3.863998] usb 2-1: new high-speed USB device number 2 using tegra-ehci
Diff for ./tegra30-beaver/tegra30-beaver/tegra_defconfig_log.txt
--- /tmp/fooa	2016-10-02 17:13:10.456417601 -0700
+++ /tmp/foob	2016-10-02 17:13:10.456417601 -0700
@@ -37,20 +37,20 @@
 	 #################################################################
 	 #################################################################
 	 ############################################
-	 3 MiB/s
+	 3.2 MiB/s
 done
-Bytes transferred = 5410984 (5290a8 hex)
+Bytes transferred = 5411296 (5291e0 hex)
 Tegra30 (Beaver) # tftpboot 0x82000000 tegra30-beaver.dtb
 Using asx0 device
 TFTP from server 192.168.100.1; our IP address is 192.168.100.101
 Filename 'tegra30-beaver.dtb'.
 Load address: 0x82000000
 Loading: *####
-	 2.2 MiB/s
+	 3.3 MiB/s
 done
 Bytes transferred = 51572 (c974 hex)
 Tegra30 (Beaver) # bootz 0x81000000 - 0x82000000
-Kernel image @ 0x81000000 [ 0x000000 - 0x5290a8 ]
+Kernel image @ 0x81000000 [ 0x000000 - 0x5291e0 ]
 ## Flattened Device Tree blob at 82000000
    Booting using the fdt blob at 0x82000000
    Loading Device Tree to 8fff0000, end 8ffff973 ... OK
@@ -59,7 +59,7 @@
 
 Uncompressing Linux... done, booting the kernel.
 Booting Linux on physical CPU 0x0
-Linux version 4.8.0-rc8-111539-g08895a8 (pwalmsley@kaivo) (gcc version 4.7.3 20130328 (prerelease) (crosstool-NG linaro-1.13.1-4.7-2013.04-20130415 - Linaro GCC 2013.04) ) #1 SMP PREEMPT Sun Sep 25 19:05:04 PDT 2016
+Linux version 4.8.0-111631-gc8d2bc9 (pwalmsley@kaivo) (gcc version 4.7.3 20130328 (prerelease) (crosstool-NG linaro-1.13.1-4.7-2013.04-20130415 - Linaro GCC 2013.04) ) #1 SMP PREEMPT Sun Oct 2 17:05:11 PDT 2016
 CPU: ARMv7 Processor [412fc099] revision 9 (ARMv7), cr=10c5387d
 CPU: PIPT / VIPT nonaliasing data cache, VIPT aliasing instruction cache
 OF: fdt:Machine model: NVIDIA Tegra30 Beaver evaluation board
@@ -273,8 +273,8 @@
 mmcblk1: mmc1:0001 SEM16G 14.8 GiB 
 mmcblk1boot0: mmc1:0001 SEM16G partition 1 1.00 MiB
 mmcblk1boot1: mmc1:0001 SEM16G partition 2 1.00 MiB
-mmc0: new ultra high speed DDR50 SDHC card at address aaaa
 mmcblk1rpmb: mmc1:0001 SEM16G partition 3 128 KiB
+mmc0: new ultra high speed DDR50 SDHC card at address aaaa
 mmcblk0: mmc0:aaaa SS04G 3.69 GiB 
 Primary GPT is invalid, using alternate GPT.
  mmcblk1: p1 p2 p3 p4 p5
@@ -382,5 +382,4 @@
 Freeing unused kernel memory: 1024K (c0c00000 - c0d00000)
 bash: cannot set terminal process group (-1): Inappropriate ioctl for device
 bash: no job control in this shell
-usb 2-1: new high-speed USB device number 2 using tegra-ehci
-root@(none):/# 
\ No newline at end of file
+root@(none):/# [    7.661015] usb 2-1: new high-speed USB device number 2 using tegra-ehci
