

U-Boot 2015.04-00466-gedec83e90172 (Mar 14 2016 - 10:42:01)

TEGRA124
Model: Acer Chromebook 13 CB5-311
DRAM:  4 GiB
C:   Tegra SD/MMC: 0, Tegra SD/MMC: 1, Tegra SD/MMC: 2
MMC init failed
Using default environment

In:    serial
Out:   serial
Err:   serial
Net:   Net Initialization Skipped
No ethernet found.
Hit any key to stop autoboot:  2  0 
Tegra124 (Nyan-big) # 
Tegra124 (Nyan-big) # usb start
starting USB...
USB0:   USB EHCI 1.10
scanning bus 0 for devices... 2 USB Device(s) found
USB1:   USB EHCI 1.10
scanning bus 1 for devices... 2 USB Device(s) found
       scanning usb for storage devices... 1 Storage Device(s) found
       scanning usb for ethernet devices... 
Warning: asx0 using MAC address from net device
1 Ethernet Device(s) found
Tegra124 (Nyan-big) # mw 0x7000e4a0 0x00080000
Tegra124 (Nyan-big) # setenv bootargs 'ignore_loglevel console=ttyS0,115200n8 rw root=PARTUUID=4d36e82a-b3c0-4b4b-bfcd-afe5217ac023 rootwait gpt debug noinitrd earlyprintk init=/bin/bash'
Tegra124 (Nyan-big) # setenv ipaddr 192.168.100.104; setenv serverip 192.168.100.1; setenv tftpserverip 192.168.100.1
Tegra124 (Nyan-big) # tftpboot 0x82000000 zImage.multi_v7_defconfig
Using asx0 device
TFTP from server 192.168.100.1; our IP address is 192.168.100.104
Filename 'zImage.multi_v7_defconfig'.
Load address: 0x82000000
Loading: *#################################################################
	 #################################################################
	 #################################################################
	 #################################################################
	 #################################################################
	 #################################################################
	 #################################################################
	 #################################################################
	 ##############################
	 3 MiB/s
done
Bytes transferred = 8065536 (7b1200 hex)
Tegra124 (Nyan-big) # tftpboot 0x83000000 tegra124-nyan-big.dtb
Using asx0 device
TFTP from server 192.168.100.1; our IP address is 192.168.100.104
Filename 'tegra124-nyan-big.dtb'.
Load address: 0x83000000
Loading: *#####
	 2.7 MiB/s
done
Bytes transferred = 67482 (1079a hex)
Tegra124 (Nyan-big) # bootz 0x82000000 - 0x83000000
Kernel image @ 0x82000000 [ 0x000000 - 0x7b1200 ]
## Flattened Device Tree blob at 83000000
   Booting using the fdt blob at 0x83000000
   Using Device Tree in place at 83000000, end 83013799

Starting kernel ...

[    0.000000] Booting Linux on physical CPU 0x0
[    0.000000] Linux version 4.15.0-rc6-335362-g30a7acd57389 (jonathanh@tamien) (gcc version 4.7.3 20130328 (prerelease) (crosstool-NG linaro-1.13.1-4.7-2013.04-20130415 - Linaro GCC 2013.04)) #1 SMP Tue Jan 2 07:31:59 PST 2018
[    0.000000] CPU: ARMv7 Processor [413fc0f3] revision 3 (ARMv7), cr=10c5387d
[    0.000000] CPU: div instructions available: patching division code
[    0.000000] CPU: PIPT / VIPT nonaliasing data cache, PIPT instruction cache
[    0.000000] OF: fdt: Machine model: Acer Chromebook 13 CB5-311
[    0.000000] OF: fdt: Ignoring memory range 0x100000000 - 0x17ffff000
[    0.000000] debug: ignoring loglevel setting.
[    0.000000] Memory policy: Data cache writealloc
[    0.000000] efi: Getting EFI parameters from FDT:
[    0.000000] efi: UEFI not found.
[    0.000000] cma: Reserved 64 MiB at 0xfb800000
[    0.000000] On node 0 totalpages: 524287
[    0.000000]   DMA zone: 1536 pages used for memmap
[    0.000000]   DMA zone: 0 pages reserved
[    0.000000]   DMA zone: 196608 pages, LIFO batch:31
[    0.000000]   HighMem zone: 327679 pages, LIFO batch:31
[    0.000000] random: fast init done
[    0.000000] percpu: Embedded 17 pages/cpu @(ptrval) s39104 r8192 d22336 u69632
[    0.000000] pcpu-alloc: s39104 r8192 d22336 u69632 alloc=17*4096
[    0.000000] pcpu-alloc: [0] 0 [0] 1 [0] 2 [0] 3 
[    0.000000] Built 1 zonelists, mobility grouping on.  Total pages: 522751
[    0.000000] Kernel command line: ignore_loglevel console=ttyS0,115200n8 rw root=PARTUUID=4d36e82a-b3c0-4b4b-bfcd-afe5217ac023 rootwait gpt debug noinitrd earlyprintk init=/bin/bash
[    0.000000] Dentry cache hash table entries: 131072 (order: 7, 524288 bytes)
[    0.000000] Inode-cache hash table entries: 65536 (order: 6, 262144 bytes)
[    0.000000] Memory: 1993456K/2097148K available (11264K kernel code, 1602K rwdata, 4296K rodata, 2048K init, 404K bss, 38156K reserved, 65536K cma-reserved, 1245180K highmem)
[    0.000000] Virtual kernel memory layout:
[    0.000000]     vector  : 0xffff0000 - 0xffff1000   (   4 kB)
[    0.000000]     fixmap  : 0xffc00000 - 0xfff00000   (3072 kB)
[    0.000000]     vmalloc : 0xf0800000 - 0xff800000   ( 240 MB)
[    0.000000]     lowmem  : 0xc0000000 - 0xf0000000   ( 768 MB)
[    0.000000]     pkmap   : 0xbfe00000 - 0xc0000000   (   2 MB)
[    0.000000]     modules : 0xbf000000 - 0xbfe00000   (  14 MB)
[    0.000000]       .text : 0x(ptrval) - 0x(ptrval)   (12256 kB)
[    0.000000]       .init : 0x(ptrval) - 0x(ptrval)   (2048 kB)
[    0.000000]       .data : 0x(ptrval) - 0x(ptrval)   (1603 kB)
[    0.000000]        .bss : 0x(ptrval) - 0x(ptrval)   ( 405 kB)
[    0.000000] SLUB: HWalign=64, Order=0-3, MinObjects=0, CPUs=4, Nodes=1
[    0.000000] Hierarchical RCU implementation.
[    0.000000] 	RCU event tracing is enabled.
[    0.000000] 	RCU restricting CPUs from NR_CPUS=16 to nr_cpu_ids=4.
[    0.000000] RCU: Adjusting geometry for rcu_fanout_leaf=16, nr_cpu_ids=4
[    0.000000] NR_IRQS: 16, nr_irqs: 16, preallocated irqs: 16
[    0.000000] /interrupt-controller@60004000: 160 interrupts forwarded to /interrupt-controller@50041000
[    0.000000] Tegra clk 127: register failed with -17
[    0.000004] sched_clock: 32 bits at 1000kHz, resolution 1000ns, wraps every 2147483647500ns
[    0.000011] clocksource: timer_us: mask: 0xffffffff max_cycles: 0xffffffff, max_idle_ns: 1911260446275 ns
[    0.000017] Switching to timer-based delay loop, resolution 1000ns
[    0.001878] arch_timer: cp15 timer(s) running at 12.00MHz (virt).
[    0.001885] clocksource: arch_sys_counter: mask: 0xffffffffffffff max_cycles: 0x2c47f4ee7, max_idle_ns: 440795202497 ns
[    0.001892] sched_clock: 56 bits at 12MHz, resolution 83ns, wraps every 4398046511096ns
[    0.001897] Switching to timer-based delay loop, resolution 83ns
[    0.002104] Console: colour dummy device 80x30
[    0.002121] Calibrating delay loop (skipped), value calculated using timer frequency.. 24.00 BogoMIPS (lpj=120000)
[    0.002127] pid_max: default: 32768 minimum: 301
[    0.002166] Mount-cache hash table entries: 2048 (order: 1, 8192 bytes)
[    0.002172] Mountpoint-cache hash table entries: 2048 (order: 1, 8192 bytes)
[    0.002381] CPU: Testing write buffer coherency: ok
[    0.002508] /cpus/cpu@0 missing clock-frequency property
[    0.002523] /cpus/cpu@1 missing clock-frequency property
[    0.002538] /cpus/cpu@2 missing clock-frequency property
[    0.002554] /cpus/cpu@3 missing clock-frequency property
[    0.002559] CPU0: thread -1, cpu 0, socket 0, mpidr 80000000
[    0.002679] Setting up static identity map for 0x80300000 - 0x803000a0
[    0.003400] Hierarchical SRCU implementation.
[    0.004105] Tegra Revision: A01 SKU: 131 CPU Process: 1 SoC Process: 1
[    0.004391] EFI services will not be available.
[    0.004454] smp: Bringing up secondary CPUs ...
[    0.004731] CPU1: thread -1, cpu 1, socket 0, mpidr 80000001
[    0.012149] CPU2: thread -1, cpu 2, socket 0, mpidr 80000002
[    0.022157] CPU3: thread -1, cpu 3, socket 0, mpidr 80000003
[    0.031883] smp: Brought up 1 node, 4 CPUs
[    0.031890] SMP: Total of 4 processors activated (96.00 BogoMIPS).
[    0.031894] CPU: All CPU(s) started in SVC mode.
[    0.032445] devtmpfs: initialized
[    0.037292] VFP support v0.3: implementor 41 architecture 4 part 30 variant f rev 0
[    0.037472] clocksource: jiffies: mask: 0xffffffff max_cycles: 0xffffffff, max_idle_ns: 19112604462750000 ns
[    0.037480] futex hash table entries: 1024 (order: 4, 65536 bytes)
[    0.038062] pinctrl core: initialized pinctrl subsystem
[    0.038693] DMI not present or invalid.
[    0.038803] NET: Registered protocol family 16
[    0.039568] DMA: preallocated 256 KiB pool for atomic coherent allocations
[    0.040457] cpuidle: using governor menu
[    0.048744] No ATAGs?
[    0.048798] hw-breakpoint: found 5 (+1 reserved) breakpoint and 4 watchpoint registers.
[    0.048805] hw-breakpoint: maximum watchpoint size is 8 bytes.
[    0.051590] Serial: AMBA PL011 UART driver
[    0.052027] tegra-mc 70019000.memory-controller: no memory timings for RAM code 0 registered
[    0.052141] iommu: Adding device reg-dummy to group 0
[    0.052174] iommu: Adding device 50000000.host1x to group 1
[    0.052199] iommu: Adding device 54200000.dc to group 2
[    0.052225] iommu: Adding device 54240000.dc to group 3
[    0.052237] iommu: Adding device 54280000.hdmi to group 4
[    0.052248] iommu: Adding device 54540000.sor to group 5
[    0.052259] iommu: Adding device 545c0000.dpaux to group 6
[    0.052283] iommu: Adding device 57000000.gpu to group 7
[    0.052294] iommu: Adding device 60005000.timer to group 8
[    0.052306] iommu: Adding device 60007000.flow-controller to group 9
[    0.052319] iommu: Adding device 6000c800.actmon to group 10
[    0.052332] iommu: Adding device 6000d000.gpio to group 11
[    0.052343] iommu: Adding device 60020000.dma to group 12
[    0.052353] iommu: Adding device 70000800.apbmisc to group 13
[    0.052364] iommu: Adding device 70000868.pinmux to group 14
[    0.052375] iommu: Adding device 70006000.serial to group 15
[    0.052388] iommu: Adding device 7000a000.pwm to group 16
[    0.052399] iommu: Adding device 7000c000.i2c to group 17
[    0.052409] iommu: Adding device 7000c400.i2c to group 18
[    0.052420] iommu: Adding device 7000c500.i2c to group 19
[    0.052433] iommu: Adding device 7000c700.i2c to group 20
[    0.052446] iommu: Adding device 7000d000.i2c to group 21
[    0.052457] iommu: Adding device 7000d400.spi to group 22
[    0.052467] iommu: Adding device 7000da00.spi to group 23
[    0.052477] iommu: Adding device 7000e000.rtc to group 24
[    0.052488] iommu: Adding device 7000e400.pmc to group 25
[    0.052498] iommu: Adding device 7000f800.fuse to group 26
[    0.052509] iommu: Adding device 70019000.memory-controller to group 27
[    0.052522] iommu: Adding device 7001b000.emc to group 28
[    0.052533] iommu: Adding device 70030000.hda to group 29
[    0.052544] iommu: Adding device 70090000.usb to group 30
[    0.052555] iommu: Adding device 7009f000.padctl to group 31
[    0.052569] iommu: Adding device 700b0000.sdhci to group 32
[    0.052580] iommu: Adding device 700b0400.sdhci to group 33
[    0.052591] iommu: Adding device 700b0600.sdhci to group 34
[    0.052602] iommu: Adding device 700e2000.thermal-sensor to group 35
[    0.052614] iommu: Adding device 70300000.ahub to group 36
[    0.052625] iommu: Adding device pmu to group 37
[    0.052635] iommu: Adding device timer to group 38
[    0.052645] iommu: Adding device sdhci0_pwrseq to group 39
[    0.052657] iommu: Adding device backlight to group 40
[    0.052667] iommu: Adding device clocks to group 41
[    0.052680] iommu: Adding device gpio-keys to group 42
[    0.052691] iommu: Adding device regulators to group 43
[    0.052702] iommu: Adding device regulators:regulator@0 to group 44
[    0.052714] iommu: Adding device regulators:regulator@1 to group 45
[    0.052725] iommu: Adding device regulators:regulator@2 to group 46
[    0.052737] iommu: Adding device regulators:regulator@3 to group 47
[    0.052748] iommu: Adding device regulators:regulator@4 to group 48
[    0.052759] iommu: Adding device regulators:regulator@5 to group 49
[    0.052770] iommu: Adding device regulators:regulator@6 to group 50
[    0.052780] iommu: Adding device regulators:regulator@7 to group 51
[    0.052791] iommu: Adding device regulators:regulator@8 to group 52
[    0.052806] iommu: Adding device regulators:regulator@9 to group 53
[    0.052816] iommu: Adding device regulators:regulator@10 to group 54
[    0.052827] iommu: Adding device regulators:regulator@11 to group 55
[    0.052838] iommu: Adding device regulators:regulator@12 to group 56
[    0.052849] iommu: Adding device sound to group 57
[    0.052859] iommu: Adding device gpio-restart to group 58
[    0.052869] iommu: Adding device panel to group 59
[    0.058029] AT91: Could not find identification node
[    0.058233] +5V_SYS: supplied by +VDD_MUX
[    0.058332] +3.3V_SYS: supplied by +VDD_MUX
[    0.058550] +VDD_LED: Failed to request enable GPIO122: -517
[    0.058556] reg-fixed-voltage regulators:regulator@5: Failed to register regulator: -517
[    0.058590] +5V_VDD_TS_SW: Failed to request enable GPIO81: -517
[    0.058595] reg-fixed-voltage regulators:regulator@6: Failed to register regulator: -517
[    0.058628] +5V_USB_HS: Failed to request enable GPIO108: -517
[    0.058633] reg-fixed-voltage regulators:regulator@7: Failed to register regulator: -517
[    0.058665] +5V_USB_SS: Failed to request enable GPIO109: -517
[    0.058670] reg-fixed-voltage regulators:regulator@8: Failed to register regulator: -517
[    0.058757] +1.05V_RUN_AVDD_HDMI_PLL: Failed to request enable GPIO63: -517
[    0.058762] reg-fixed-voltage regulators:regulator@11: Failed to register regulator: -517
[    0.058795] +5V_HDMI_CON: Failed to request enable GPIO86: -517
[    0.058799] reg-fixed-voltage regulators:regulator@12: Failed to register regulator: -517
[    0.059781] vgaarb: loaded
[    0.060049] SCSI subsystem initialized
[    0.060119] libata version 3.00 loaded.
[    0.060195] usbcore: registered new interface driver usbfs
[    0.060213] usbcore: registered new interface driver hub
[    0.060238] usbcore: registered new device driver usb
[    0.061517] pps_core: LinuxPPS API ver. 1 registered
[    0.061522] pps_core: Software ver. 5.3.6 - Copyright 2005-2007 Rodolfo Giometti <giometti@linux.it>
[    0.061530] PTP clock support registered
[    0.061596] EDAC MC: Ver: 3.0.0
[    0.061702] dmi: Firmware registration failed.
[    0.062016] tegra-emc 7001b000.emc: no memory timings for RAM code 0 found in DT
[    0.062025] tegra-emc: probe of 7001b000.emc failed with error -2
[    0.062452] clocksource: Switched to clocksource arch_sys_counter
[    0.080297] NET: Registered protocol family 2
[    0.080485] TCP established hash table entries: 8192 (order: 3, 32768 bytes)
[    0.080519] TCP bind hash table entries: 8192 (order: 4, 65536 bytes)
[    0.080582] TCP: Hash tables configured (established 8192 bind 8192)
[    0.080617] UDP hash table entries: 512 (order: 2, 16384 bytes)
[    0.080632] UDP-Lite hash table entries: 512 (order: 2, 16384 bytes)
[    0.080692] NET: Registered protocol family 1
[    0.080864] RPC: Registered named UNIX socket transport module.
[    0.080868] RPC: Registered udp transport module.
[    0.080871] RPC: Registered tcp transport module.
[    0.080874] RPC: Registered tcp NFSv4.1 backchannel transport module.
[    0.080879] PCI: CLS 0 bytes, default 64
[    0.081441] hw perfevents: enabled with armv7_cortex_a15 PMU driver, 7 counters available
[    0.081732] iommu: Adding device alarmtimer to group 60
[    0.082043] Initialise system trusted keyrings
[    0.082108] workingset: timestamp_bits=30 max_order=19 bucket_order=0
[    0.084175] squashfs: version 4.0 (2009/01/31) Phillip Lougher
[    0.084390] NFS: Registering the id_resolver key type
[    0.084401] Key type id_resolver registered
[    0.084404] Key type id_legacy registered
[    0.084421] ntfs: driver 2.1.32 [Flags: R/O].
[    0.084920] Key type asymmetric registered
[    0.084925] Asymmetric key parser 'x509' registered
[    0.084944] bounce: pool size: 64 pages
[    0.084962] Block layer SCSI generic (bsg) driver version 0.4 loaded (major 247)
[    0.084966] io scheduler noop registered
[    0.084970] io scheduler deadline registered
[    0.085044] io scheduler cfq registered (default)
[    0.085048] io scheduler mq-deadline registered
[    0.085051] io scheduler kyber registered
[    0.086450] tegra-xusb-padctl 7009f000.padctl: failed to setup XUSB ports: -517
[    0.097069] tegra-apbdma 60020000.dma: Tegra20 APB DMA driver register 32 channels
[    0.098220] tegra-pmc 7000e400.pmc: i2c-thermtrip node not found, emergency thermal reset disabled.
[    0.115172] Serial: 8250/16550 driver, 4 ports, IRQ sharing disabled
[    0.115215] iommu: Adding device serial8250 to group 61
[    0.116240] console [ttyS0] disabled
[    0.116259] 70006000.serial: ttyS0 at MMIO 0x70006000 (irq = 333, base_baud = 25500000) is a Tegra
[    1.363991] console [ttyS0] enabled
[    1.367773] SuperH (H)SCI(F) driver initialized
[    1.372660] msm_serial: driver initialized
[    1.376807] STMicroelectronics ASC driver initialized
[    1.400265] tegra-hdmi 54280000.hdmi: failed to get HDMI regulator
[    1.406813] tegra-dpaux 545c0000.dpaux: failed to get VDD supply: -517
[    1.414261] panel-simple panel: panel supply power not found, using dummy regulator
[    1.424573] brd: module loaded
[    1.430046] loop: module loaded
[    1.434133] as3722 4-0040: AS3722 with revision 0x1 found
[    1.440633] iommu: Adding device as3722-pinctrl to group 62
[    1.447538] iommu: Adding device as3722-regulator to group 63
[    1.455399] as3722-sd2: supplied by +5V_SYS
[    1.459799] as3722-sd3: supplied by +5V_SYS
[    1.464135] +1.35V_LP0(sd3): Bringing 0uV into 1350000-1350000uV
[    1.470291] as3722-sd4: supplied by +5V_SYS
[    1.474668] +1.05V_RUN: Bringing 0uV into 1050000-1050000uV
[    1.480393] as3722-sd5: supplied by +5V_SYS
[    1.485955] as3722-ldo0: supplied by +1.35V_LP0(sd2)
[    1.491668] +1.8V_RUN_CAM: Bringing 0uV into 1800000-1800000uV
[    1.497669] as3722-ldo2: supplied by +1.8V_VDDIO
[    1.503274] as3722-ldo3: supplied by +3.3V_SYS
[    1.507720] +1.00V_LP0_VDD_RTC: Bringing 1100000uV into 1000000-1000000uV
[    1.515278] as3722-ldo4: supplied by +3.3V_SYS
[    1.519866] +3.3V_RUN_CAM: Bringing 0uV into 2800000-2800000uV
[    1.525874] as3722-ldo5: supplied by +1.8V_VDDIO
[    1.530637] +1.2V_RUN_CAM_FRONT: Bringing 0uV into 1200000-1200000uV
[    1.537313] +VDDIO_SDMMC3: Bringing 0uV into 1800000-1800000uV
[    1.543329] as3722-ldo7: supplied by +1.8V_VDDIO
[    1.548093] +1.05V_RUN_CAM_REAR: Bringing 0uV into 1050000-1050000uV
[    1.554633] as3722-ldo9: supplied by +5V_SYS
[    1.559192] +2.8V_RUN_TOUCH: Bringing 0uV into 2800000-2800000uV
[    1.565384] as3722-ldo10: supplied by +5V_SYS
[    1.569886] +2.8V_RUN_CAM_AF: Bringing 0uV into 2800000-2800000uV
[    1.576317] +1.8V_RUN_VPP_FUSE: Bringing 0uV into 1800000-1800000uV
[    1.582812] iommu: Adding device as3722-rtc to group 64
[    1.588162] iommu: Adding device as3722-adc to group 65
[    1.593487] iommu: Adding device as3722-power-off to group 66
[    1.599320] iommu: Adding device as3722-wdt to group 67
[    1.616179] m25p80 spi1.0: w25q32dw (4096 Kbytes)
[    1.621668] iommu: Adding device Fixed MDIO bus.0 to group 68
[    1.627557] libphy: Fixed MDIO Bus: probed
[    1.631976] CAN device driver interface
[    1.636126] bgmac_bcma: Broadcom 47xx GBit MAC driver loaded
[    1.642227] e1000e: Intel(R) PRO/1000 Network Driver - 3.2.6-k
[    1.648049] e1000e: Copyright(c) 1999 - 2015 Intel Corporation.
[    1.653974] igb: Intel(R) Gigabit Ethernet Network Driver - version 5.4.0-k
[    1.660918] igb: Copyright (c) 2007-2014 Intel Corporation.
[    1.667808] pegasus: v0.9.3 (2013/04/25), Pegasus/Pegasus II USB Ethernet driver
[    1.675213] usbcore: registered new interface driver pegasus
[    1.680870] usbcore: registered new interface driver asix
[    1.686270] usbcore: registered new interface driver ax88179_178a
[    1.692359] usbcore: registered new interface driver cdc_ether
[    1.698196] usbcore: registered new interface driver smsc75xx
[    1.703946] usbcore: registered new interface driver smsc95xx
[    1.709686] usbcore: registered new interface driver net1080
[    1.715345] usbcore: registered new interface driver cdc_subset
[    1.721257] usbcore: registered new interface driver zaurus
[    1.726838] usbcore: registered new interface driver cdc_ncm
[    1.733166] ehci_hcd: USB 2.0 'Enhanced' Host Controller (EHCI) Driver
[    1.739676] ehci-pci: EHCI PCI platform driver
[    1.744126] ehci-platform: EHCI generic platform driver
[    1.749406] ehci-orion: EHCI orion driver
[    1.753463] SPEAr-ehci: EHCI SPEAr driver
[    1.757508] ehci-st: EHCI STMicroelectronics driver
[    1.762419] ehci-exynos: EHCI EXYNOS driver
[    1.766651] ehci-atmel: EHCI Atmel driver
[    1.770695] tegra-ehci: Tegra EHCI driver
[    1.774762] ohci_hcd: USB 1.1 'Open' Host Controller (OHCI) Driver
[    1.780930] ohci-pci: OHCI PCI platform driver
[    1.785378] ohci-platform: OHCI generic platform driver
[    1.790650] SPEAr-ohci: OHCI SPEAr driver
[    1.794701] ohci-st: OHCI STMicroelectronics driver
[    1.799611] ohci-atmel: OHCI Atmel driver
[    1.803874] usbcore: registered new interface driver usb-storage
[    1.810952] elan_i2c 1-0015: 1-0015 supply vcc not found, using dummy regulator
[    1.812606] as3722-rtc as3722-rtc: rtc core: registered as3722-rtc as rtc0
[    1.812609] as3722-rtc as3722-rtc: RTC interrupt 372
[    1.814914] tegra_rtc 7000e000.rtc: rtc core: registered 7000e000.rtc as rtc1
[    1.814937] tegra_rtc 7000e000.rtc: Tegra internal Real Time Clock
[    1.815197] i2c /dev entries driver
[    1.818448] lm90 0-004c: 0-004c supply vcc not found, using dummy regulator
[    1.855744] iommu: Adding device cpufreq-tegra124 to group 69
[    1.862579] sdhci: Secure Digital Host Controller Interface driver
[    1.868742] sdhci: Copyright(c) Pierre Ossman
[    1.873668] Synopsys Designware Multimedia Card Interface Driver
[    1.880163] sdhci-pltfm: SDHCI platform and OF driver helper
[    1.886102] sdhci-tegra 700b0000.sdhci: allocated mmc-pwrseq
[    1.899887] sdhci-tegra 700b0400.sdhci: Got CD GPIO
[    1.904768] sdhci-tegra 700b0400.sdhci: Got WP GPIO
[    1.924588] mmc0: Unknown controller version (3). You may experience problems.
[    1.931821] mmc0: Invalid maximum block size, assuming 512 bytes
[    2.002459] mmc0: SDHCI controller on 700b0600.sdhci [700b0600.sdhci] using ADMA
[    2.010610] ledtrig-cpu: registered to indicate activity on CPUs
[    2.016792] usbcore: registered new interface driver usbhid
[    2.022354] usbhid: USB HID core driver
[    2.027633] NET: Registered protocol family 10
[    2.032403] Segment Routing with IPv6
[    2.036111] sit: IPv6, IPv4 and MPLS over IPv4 tunneling driver
[    2.042220] NET: Registered protocol family 17
[    2.046669] can: controller area network core (rev 20170425 abi 9)
[    2.052872] NET: Registered protocol family 29
[    2.057310] can: raw protocol (rev 20170425)
[    2.061574] can: broadcast manager protocol (rev 20170425 t)
[    2.067232] can: netlink gateway (rev 20170425) max_hops=1
[    2.072841] Key type dns_resolver registered
[    2.077301] ThumbEE CPU extension supported.
[    2.081567] Registering SWP/SWPB emulation handler
[    2.086681] Loading compiled-in X.509 certificates
[    2.097472] +3.3V_RUN: supplied by +3.3V_SYS
[    2.102519] +VDD_LED: supplied by +VDD_MUX
[    2.106780] +3.3V_AVDD_HDMI_AP_GATED: supplied by +3.3V_RUN
[    2.108968] elan_i2c 1-0015: Elan Touchpad: Module ID: 0x002a, Firmware: 0x0005, Sample: 0x0007, IAP: 0x0009
[    2.109197] input: Elan Touchpad as /devices/soc0/7000c400.i2c/i2c-1/1-0015/input/input0
[    2.130357] +1.8V_RUN_CAM: supplied by +3.3V_RUN
[    2.135127] +VDDIO_SDMMC3: supplied by +3.3V_RUN
[    2.139829] +1.8V_RUN_VPP_FUSE: supplied by +3.3V_RUN
[    2.145194] +5V_VDD_TS_SW: supplied by +5V_SYS
[    2.150000] +5V_USB_HS: supplied by +5V_SYS
[    2.153170] mmc0: new high speed MMC card at address 0001
[    2.153577] mmcblk0: mmc0:0001 MMC16G 14.4 GiB 
[    2.153896] mmcblk0boot0: mmc0:0001 MMC16G partition 1 2.00 MiB
[    2.154211] mmcblk0boot1: mmc0:0001 MMC16G partition 2 2.00 MiB
[    2.154540] mmcblk0rpmb: mmc0:0001 MMC16G partition 3 128 KiB, chardev (237:0)
[    2.157629]  mmcblk0: p1 p2 p3 p4 p5 p6 p7 p8 p9 p10 p11 p12
[    2.189184] +5V_USB_SS: supplied by +5V_SYS
[    2.194428] +3.3V_PANEL: supplied by +3.3V_RUN
[    2.199623] +3.3V_LP0: supplied by +3.3V_SYS
[    2.204737] +1.05V_RUN_AVDD_HDMI_PLL: supplied by +1.05V_RUN
[    2.204986] elan_i2c 1-0015: failed to read report data: -121
[    2.216559] +5V_HDMI_CON: supplied by +5V_SYS
[    2.221549]  usb3-0: usb3-0 supply vbus not found, using dummy regulator
[    2.228351]  usb3-1: usb3-1 supply vbus not found, using dummy regulator
[    2.238779] tegra-sor 54540000.sor: failed to probe output: -517
[    2.245634] panel-simple panel: panel supply power not found, using dummy regulator
[    2.254114] sdhci-tegra 700b0000.sdhci: allocated mmc-pwrseq
[    2.266679] mmc1: Unknown controller version (3). You may experience problems.
[    2.274132] mmc1: Invalid maximum block size, assuming 512 bytes
[    2.280467] mmc1: Switching to 3.3V signalling voltage failed
[    2.342103] elan_i2c 1-0015: invalid report id data (ff)
[    2.342558] mmc1: SDHCI controller on 700b0000.sdhci [700b0000.sdhci] using ADMA
[    2.343622] sdhci-tegra 700b0400.sdhci: Got CD GPIO
[    2.343631] sdhci-tegra 700b0400.sdhci: Got WP GPIO
[    2.352301] mmc2: Unknown controller version (3). You may experience problems.
[    2.352396] mmc2: Invalid maximum block size, assuming 512 bytes
[    2.380302] mmc1: new high speed SDIO card at address 0001
[    2.412543] mmc2: SDHCI controller on 700b0400.sdhci [700b0400.sdhci] using ADMA
[    2.516931] [drm] Supports vblank timestamp caching Rev 2 (21.10.2013).
[    2.523553] [drm] No driver support for vblank timestamp query.
