
U-Boot SPL 2013.04-rc2-06423-gf2e8a87-dirty (May 15 2013 - 09:45:39)


U-Boot 2013.04-rc2-06423-gf2e8a87-dirty (May 15 2013 - 09:45:39)

TEGRA30
Board: NVIDIA Beaver
DRAM:  2 GiB
MMC:   Tegra SD/MMC: 0, Tegra SD/MMC: 1
*** Warning - bad CRC, using default environment

In:    serial
Out:   serial
Err:   serial
Hit any key to stop autoboot:  2  0 
Tegra30 (Beaver) # 
Tegra30 (Beaver) # setenv bootargs 'console=ttyS0,230400n8 noinitrd root=/dev/mmcblk0p1 rw rootwait gpt ignore_loglevel debug'
Tegra30 (Beaver) # loady 0x81000000
## Ready for binary (ymodem) download to 0x81000000 at 230400 bps...
CSending: zImage
Sending: 

Transfer complete
yzModem - CRC mode, 9(SOH)/3871(STX)/0(CAN) packets, 3 retries
## Total Size      = 0x003c7f48 = 3964744 Bytes
Tegra30 (Beaver) # loady 0x82000000
## Ready for binary (ymodem) download to 0x82000000 at 230400 bps...
CSending: tegra30-beaver.dtb
Sending: 

Transfer complete
xyzModem - CRC mode, 2(SOH)/17(STX)/0(CAN) packets, 3 retries
## Total Size      = 0x0000439d = 17309 Bytes
Tegra30 (Beaver) # bootz 0x81000000 - 0x82000000
## Flattened Device Tree blob at 82000000
   Booting using the fdt blob at 0x82000000
   Loading Device Tree to 8fff8000, end 8ffff39c ... OK

Starting kernel ...

[    0.000000] Booting Linux on physical CPU 0x0
[    0.000000] Linux version 3.11.0-rc3-11408-g5ae90d8 (pwalmsley@tamien) (gcc version 4.5.1 (Sourcery G++ Lite 2010.09-50) ) #1 SMP Mon Jul 29 21:28:11 PDT 2013
[    0.000000] CPU: ARMv7 Processor [412fc099] revision 9 (ARMv7), cr=10c5387d
[    0.000000] CPU: PIPT / VIPT nonaliasing data cache, VIPT aliasing instruction cache
[    0.000000] Machine: NVIDIA Tegra SoC (Flattened Device Tree), model: NVIDIA Tegra30 Beaver evaluation board
[    0.000000] debug: ignoring loglevel setting.
[    0.000000] Memory policy: ECC disabled, Data cache writealloc
[    0.000000] On node 0 totalpages: 524032
[    0.000000] free_area_init_node: node 0, pgdat c07b4a00, node_mem_map c07fc000
[    0.000000]   DMA zone: 1520 pages used for memmap
[    0.000000]   DMA zone: 0 pages reserved
[    0.000000]   DMA zone: 194560 pages, LIFO batch:31
[    0.000000]   HighMem zone: 2574 pages used for memmap
[    0.000000]   HighMem zone: 329472 pages, LIFO batch:31
[    0.000000] fuse_speedo_calib: ATE prog ver 3.3
[    0.000000] Tegra30: CPU Speedo ID 5, Soc Speedo ID 2
[    0.000000] Tegra Revision: A03 SKU: 128 CPU Process: 4 Core Process: 0
[    0.000000] L310 cache controller enabled
[    0.000000] l2x0: 8 ways, CACHE_ID 0x410000c7, AUX_CTRL 0x7e480001, Cache size: 1048576 B
[    0.000000] PERCPU: Embedded 5 pages/cpu @c180e000 s7168 r0 d13312 u32768
[    0.000000] pcpu-alloc: s7168 r0 d13312 u32768 alloc=8*4096
[    0.000000] pcpu-alloc: [0] 0 [0] 1 [0] 2 [0] 3 
[    0.000000] Built 1 zonelists in Zone order, mobility grouping on.  Total pages: 522512
[    0.000000] Kernel command line: console=ttyS0,230400n8 noinitrd root=/dev/mmcblk0p1 rw rootwait gpt ignore_loglevel debug
[    0.000000] PID hash table entries: 4096 (order: 2, 16384 bytes)
[    0.000000] Dentry cache hash table entries: 131072 (order: 7, 524288 bytes)
[    0.000000] Inode-cache hash table entries: 65536 (order: 6, 262144 bytes)
[    0.000000] Memory: 2070584K/2096128K available (5379K kernel code, 584K rwdata, 1412K rodata, 479K init, 279K bss, 25544K reserved, 1317888K highmem)
[    0.000000] Virtual kernel memory layout:
[    0.000000]     vector  : 0xffff0000 - 0xffff1000   (   4 kB)
[    0.000000]     fixmap  : 0xfff00000 - 0xfffe0000   ( 896 kB)
[    0.000000]     vmalloc : 0xf0000000 - 0xff000000   ( 240 MB)
[    0.000000]     lowmem  : 0xc0000000 - 0xef800000   ( 760 MB)
[    0.000000]     pkmap   : 0xbfe00000 - 0xc0000000   (   2 MB)
[    0.000000]       .text : 0xc0008000 - 0xc06aa034   (6793 kB)
[    0.000000]       .init : 0xc06ab000 - 0xc0722c00   ( 479 kB)
[    0.000000]       .data : 0xc0724000 - 0xc07b6140   ( 585 kB)
[    0.000000]        .bss : 0xc07b6140 - 0xc07fbe14   ( 280 kB)
[    0.000000] SLUB: HWalign=64, Order=0-3, MinObjects=0, CPUs=4, Nodes=1
[    0.000000] Hierarchical RCU implementation.
[    0.000000] NR_IRQS:16 nr_irqs:16 16
[    0.000000] sched_clock: 32 bits at 1000kHz, resolution 1000ns, wraps every 4294967ms
[    0.000000] Console: colour dummy device 80x30
[    0.000480] Calibrating delay loop... 1397.55 BogoMIPS (lpj=6987776)
[    0.090074] pid_max: default: 32768 minimum: 301
[    0.090182] Mount-cache hash table entries: 512
[    0.092203] CPU: Testing write buffer coherency: ok
[    0.092465] CPU0: thread -1, cpu 0, socket 0, mpidr 80000000
[    0.092536] Setting up static identity map for 0xc051ba80 - 0xc051bb18
[    0.092648] unable to find compatible sirf rstc node in dtb
[    0.094001] CPU1: Booted secondary processor
[    0.132514] CPU1: thread -1, cpu 1, socket 0, mpidr 80000001
[    0.133367] CPU2: Booted secondary processor
[    0.172514] CPU2: thread -1, cpu 2, socket 0, mpidr 80000002
[    0.173360] CPU3: Booted secondary processor
[    0.212514] CPU3: thread -1, cpu 3, socket 0, mpidr 80000003
[    0.212575] Brought up 4 CPUs
[    0.212593] SMP: Total of 4 processors activated (5590.22 BogoMIPS).
[    0.212597] CPU: All CPU(s) started in SVC mode.
[    0.213137] devtmpfs: initialized
[    0.215533] pinctrl core: initialized pinctrl subsystem
[    0.215766] regulator-dummy: no parameters
[    0.216011] NET: Registered protocol family 16
[    0.217455] DMA: preallocated 256 KiB pool for atomic coherent allocations
[    0.217572] unable to find compatible sirf pwrc node in dtb
[    0.224526] Serial: AMBA PL011 UART driver
[    0.227293] bio: create slab <bio-0> at 0
[    0.228140] edma-dma-engine edma-dma-engine.0: Can't allocate PaRAM dummy slot
[    0.228158] edma-dma-engine: probe of edma-dma-engine.0 failed with error -5
[    0.228403] vdd_5v_in: 5000 mV 
[    0.228467] platform 1.regulator: Driver reg-fixed-voltage requests probe deferral
[    0.228496] platform 2.regulator: Driver reg-fixed-voltage requests probe deferral
[    0.228571] vdd_5v_sata: 5000 mV 
[    0.228591] vdd_5v_sata: supplied by vdd_5v_in
[    0.228710] usb1_vbus: 5000 mV 
[    0.228726] usb1_vbus: supplied by vdd_5v_in
[    0.228840] usb3_vbus: 5000 mV 
[    0.228870] usb3_vbus: supplied by vdd_5v_in
[    0.228934] platform 6.regulator: Driver reg-fixed-voltage requests probe deferral
[    0.229005] sys_3v3_pexs: 3300 mV 
[    0.229025] reg-fixed-voltage 7.regulator: Failed to find supply vin
[    0.229075] reg-fixed-voltage 7.regulator: Failed to register regulator: -517
[    0.229085] platform 7.regulator: Driver reg-fixed-voltage requests probe deferral
[    0.229831] vgaarb: loaded
[    0.230034] SCSI subsystem initialized
[    0.230129] libata version 3.00 loaded.
[    0.230242] usbcore: registered new interface driver usbfs
[    0.230266] usbcore: registered new interface driver hub
[    0.230321] usbcore: registered new device driver usb
[    0.232771] tps62361-vout: 500 <--> 1500 mV at 1160 mV 
[    0.232927] pps_core: LinuxPPS API ver. 1 registered
[    0.232933] pps_core: Software ver. 5.3.6 - Copyright 2005-2007 Rodolfo Giometti <giometti@linux.it>
[    0.232945] PTP clock support registered
[    0.232972] EDAC MC: Ver: 3.0.0
[    0.233600] Switched to clocksource timer_us
[    0.238213] NET: Registered protocol family 2
[    0.238557] TCP established hash table entries: 8192 (order: 4, 65536 bytes)
[    0.238636] TCP bind hash table entries: 8192 (order: 4, 65536 bytes)
[    0.238712] TCP: Hash tables configured (established 8192 bind 8192)
[    0.238796] TCP: reno registered
[    0.238811] UDP hash table entries: 512 (order: 2, 16384 bytes)
[    0.238871] UDP-Lite hash table entries: 512 (order: 2, 16384 bytes)
[    0.239071] NET: Registered protocol family 1
[    0.239340] RPC: Registered named UNIX socket transport module.
[    0.239345] RPC: Registered udp transport module.
[    0.239349] RPC: Registered tcp transport module.
[    0.239353] RPC: Registered tcp NFSv4.1 backchannel transport module.
[    0.239361] PCI: CLS 0 bytes, default 64
[    0.241147] bounce pool size: 64 pages
[    0.245605] NFS: Registering the id_resolver key type
[    0.245643] Key type id_resolver registered
[    0.245648] Key type id_legacy registered
[    0.245777] Block layer SCSI generic (bsg) driver version 0.4 loaded (major 251)
[    0.245786] io scheduler noop registered
[    0.245790] io scheduler deadline registered
[    0.245868] io scheduler cfq registered (default)
[    0.248235] tegra-apbdma 6000a000.dma: Tegra20 APB DMA driver register 32 channels
[    0.278329] Serial: 8250/16550 driver, 4 ports, IRQ sharing disabled
[    0.279132] Serial: IMX driver
[    0.279668] 70006000.serial: ttyS0 at MMIO 0x70006000 (irq = 68) is a Tegra
[    0.611820] console [ttyS0] enabled
[    0.614163] serial: Freescale lpuart driver
[    0.616424] [drm] Initialized drm 1.1.0 20060810
[    0.619907] [drm] Supports vblank timestamp caching Rev 1 (10.10.2010).
[    0.623227] [drm] No driver support for vblank timestamp query.
[    0.626234] tegra-host1x 50000000.host1x: No connectors reported connected with modes
[    0.630167] [drm] Cannot find any crtc or sizes - going 1024x768
[    0.647412] Console: switching to colour frame buffer device 128x48
[    0.657004] tegra-host1x 50000000.host1x: fb0:  frame buffer device
[    0.660148] tegra-host1x 50000000.host1x: registered panic notifier
[    0.663295] [drm] Initialized tegra 0.0.0 20120330 on minor 0
[    0.667837] ehci_hcd: USB 2.0 'Enhanced' Host Controller (EHCI) Driver
[    0.671111] ehci-pci: EHCI PCI platform driver
[    0.673356] ehci-platform: EHCI generic platform driver
[    0.676059] ehci-omap: OMAP-EHCI Host Controller driver
[    0.678724] ehci-orion: EHCI orion driver
[    0.680778] SPEAr-ehci: EHCI SPEAr driver
[    0.682832] tegra-ehci: Tegra EHCI driver
[    0.685063] usbcore: registered new interface driver usb-storage
[    0.688748] mousedev: PS/2 mouse device common for all mice
[    0.691941] tegra_rtc 7000e000.rtc: rtc core: registered 7000e000.rtc as rtc0
[    0.695545] tegra_rtc 7000e000.rtc: Tegra internal Real Time Clock
[    0.698997] sdhci: Secure Digital Host Controller Interface driver
[    0.702095] sdhci: Copyright(c) Pierre Ossman
[    0.704481] sdhci-pltfm: SDHCI platform and OF driver helper
[    0.707538] sdhci-tegra 78000000.sdhci: Got CD GPIO #69.
[    0.710212] sdhci-tegra 78000000.sdhci: Got WP GPIO #155.
[    0.713960] mmc0: no vqmmc regulator found
[    0.716016] mmc0: no vmmc regulator found
[    0.718027] mmc0: Invalid maximum block size, assuming 512 bytes
[    0.763601] mmc0: SDHCI controller on 78000000.sdhci [78000000.sdhci] using ADMA
[    0.768357] mmc1: no vqmmc regulator found
[    0.770412] mmc1: no vmmc regulator found
[    0.772422] mmc1: Invalid maximum block size, assuming 512 bytes
[    0.813598] mmc1: SDHCI controller on 78000600.sdhci [78000600.sdhci] using ADMA
[    0.817545] usbcore: registered new interface driver usbhid
[    0.820340] usbhid: USB HID core driver
[    0.822434] TCP: cubic registered
[    0.824410] NET: Registered protocol family 10
[    0.827018] sit: IPv6 over IPv4 tunneling driver
[    0.829712] Key type dns_resolver registered
[    0.832821] VFP support v0.3: implementor 41 architecture 3 part 30 variant 9 rev 4
[    0.836714] Registering SWP/SWPB emulation handler
[    0.839808] platform 1.regulator: Driver reg-fixed-voltage requests probe deferral
[    0.845852] platform 2.regulator: Driver reg-fixed-voltage requests probe deferral
[    0.849779] platform 6.regulator: Driver reg-fixed-voltage requests probe deferral
[    0.853793] sys_3v3_pexs: 3300 mV 
[    0.857541] reg-fixed-voltage 7.regulator: Failed to find supply vin
[    0.862782] reg-fixed-voltage 7.regulator: Failed to register regulator: -517
[    0.866387] platform 7.regulator: Driver reg-fixed-voltage requests probe deferral
[    0.872283] tegra_rtc 7000e000.rtc: setting system clock to 1970-01-01 00:03:24 UTC (204)
[    0.877067] Waiting for root device /dev/mmcblk0p1...
[    0.971898] mmc1: new high speed MMC card at address 0001
[    0.974892] mmcblk0: mmc1:0001 SEM16G 14.8 GiB 
[    0.977253] mmcblk0boot0: mmc1:0001 SEM16G partition 1 1.00 MiB
[    0.980312] mmcblk0boot1: mmc1:0001 SEM16G partition 2 1.00 MiB
[    0.983374] mmcblk0rpmb: mmc1:0001 SEM16G partition 3 128 KiB
[    0.990142] Primary GPT is invalid, using alternate GPT.
[    0.992826]  mmcblk0: p1 p2 p3 p4 p5
[    0.998177]  mmcblk0boot1: unknown partition table
[    1.003366]  mmcblk0boot0: unknown partition table
[    1.006020] platform 1.regulator: Driver reg-fixed-voltage requests probe deferral
[    1.010021] platform 2.regulator: Driver reg-fixed-voltage requests probe deferral
[    1.013969] platform 6.regulator: Driver reg-fixed-voltage requests probe deferral
[    1.017941] sys_3v3_pexs: 3300 mV 
[    1.019677] reg-fixed-voltage 7.regulator: Failed to find supply vin
[    1.022906] reg-fixed-voltage 7.regulator: Failed to register regulator: -517
[    1.026505] platform 7.regulator: Driver reg-fixed-voltage requests probe deferral
[    1.095479] EXT4-fs (mmcblk0p1): mounting ext3 file system using the ext4 subsystem
[    1.274490] EXT4-fs (mmcblk0p1): recovery complete
[    1.278447] EXT4-fs (mmcblk0p1): mounted filesystem with ordered data mode. Opts: (null)
[    1.282549] VFS: Mounted root (ext3 filesystem) on device 179:1.
[    1.290475] devtmpfs: mounted
[    1.292338] Freeing unused kernel memory: 476K (c06ab000 - c0722000)
 
INIT: version 2.88 booting
[info] Using makefile-style concurrent boot in runlevel S.
[....] Starting the hotplug events dispatcher: udevd[    2.142901] udevd[159]: starting version 175
[ ok .
[....] Synthesizing the initial hotplug events...[ ok done.
[....] Waiting for /dev to be fully populated...[ ok done.
[....] Activating swap...[ ok done.
[    3.130025] EXT4-fs (mmcblk0p1): re-mounted. Opts: (null)
[....] Cleaning up temporary files... /tmp[ ok .
[....] Activating lvm and md swap...[ ok done.
[....] Checking file systems...fsck from util-linux 2.20.1
[ ok done.
[....] Mounting local filesystems...[ ok done.
[....] Activating swapfile swap...[ ok done.
[....] Cleaning up temporary files...[ ok .
[....] Setting kernel variables ...[ ok done.
[....] Configuring network interfaces...[ ok done.
[....] Starting rpcbind daemon...[ ok .
[....] Starting NFS common utilities: statd idmapd[ ok .
[....] Cleaning up temporary files...[ ok .
[....] Starting network benchmark server[ ok .
INIT: Entering runlevel: 2
[info] Using makefile-style concurrent boot in runlevel 2.
[....] Starting network benchmark server[FAIL failed!
[....] Starting rpcbind daemon...[....] Already running.[ ok .
[....] Starting NFS common utilities: statd idmapd[ ok .
[....] Starting system message bus: dbus[ ok .

Debian GNU/Linux wheezy/sid armel ttyS0

armel login: 