
Diff for ./tegra30-beaver/tegra30-beaver/tegra_defconfig_log.txt

U-Boot SPL 2013.04-rc2-06423-gf2e8a87-dirty (May 15 2013 - 09:45:39)


U-Boot 2013.04-rc2-06423-gf2e8a87-dirty (May 15 2013 - 09:45:39)

TEGRA30
Board: NVIDIA Beaver
DRAM:  2 GiB
MMC:   Tegra SD/MMC: 0, Tegra SD/MMC: 1
*** Warning - bad CRC, using default environment

In:    serial
Out:   serial
Err:   serial
Hit any key to stop autoboot:  2  0 
Tegra30 (Beaver) # 
Tegra30 (Beaver) # setenv bootargs 'console=ttyS0,230400n8 noinitrd root=/dev/mmcblk0p1 rw rootwait gpt ignore_loglevel debug'
Tegra30 (Beaver) # loady 0x81000000
## Ready for binary (ymodem) download to 0x81000000 at 230400 bps...
CSending: zImage
Sending: 

Transfer complete
yzModem - CRC mode, 7(SOH)/4225(STX)/0(CAN) packets, 3 retries
## Total Size      = 0x00420628 = 4326952 Bytes
Tegra30 (Beaver) # loady 0x82000000
## Ready for binary (ymodem) download to 0x82000000 at 230400 bps...
CSending: tegra30-beaver.dtb
Sending: 

Transfer complete
yzModem - CRC mode, 2(SOH)/17(STX)/0(CAN) packets, 3 retries
## Total Size      = 0x0000439d = 17309 Bytes
Tegra30 (Beaver) # bootz 0x81000000 - 0x82000000
## Flattened Device Tree blob at 82000000
   Booting using the fdt blob at 0x82000000
   Loading Device Tree to 8fff8000, end 8ffff39c ... OK

Starting kernel ...

[    0.000000] Booting Linux on physical CPU 0x0
[    0.000000] Initializing cgroup subsys cpu
[    0.000000] Initializing cgroup subsys cpuacct
[    0.000000] Linux version 3.11.0-rc1-10775-gad81f05 (pwalmsley@tamien) (gcc version 4.5.1 (Sourcery G++ Lite 2010.09-50) ) #1 SMP PREEMPT Mon Jul 29 19:25:16 PDT 2013
[    0.000000] CPU: ARMv7 Processor [412fc099] revision 9 (ARMv7), cr=10c5387d
[    0.000000] CPU: PIPT / VIPT nonaliasing data cache, VIPT aliasing instruction cache
[    0.000000] Machine: NVIDIA Tegra SoC (Flattened Device Tree), model: NVIDIA Tegra30 Beaver evaluation board
[    0.000000] debug: ignoring loglevel setting.
[    0.000000] cma: CMA: reserved 16 MiB at ae800000
[    0.000000] Memory policy: ECC disabled, Data cache writealloc
[    0.000000] On node 0 totalpages: 524032
[    0.000000] free_area_init_node: node 0, pgdat c07ff640, node_mem_map c0857000
[    0.000000]   Normal zone: 1520 pages used for memmap
[    0.000000]   Normal zone: 0 pages reserved
[    0.000000]   Normal zone: 194560 pages, LIFO batch:31
[    0.000000]   HighMem zone: 2574 pages used for memmap
[    0.000000]   HighMem zone: 329472 pages, LIFO batch:31
[    0.000000] fuse_speedo_calib: ATE prog ver 3.3
[    0.000000] Tegra30: CPU Speedo ID 5, Soc Speedo ID 2
[    0.000000] Tegra Revision: A03 SKU: 128 CPU Process: 4 Core Process: 0
[    0.000000] L310 cache controller enabled
[    0.000000] l2x0: 8 ways, CACHE_ID 0x410000c7, AUX_CTRL 0x7e480001, Cache size: 1048576 B
[    0.000000] PERCPU: Embedded 8 pages/cpu @c1869000 s9536 r8192 d15040 u32768
[    0.000000] pcpu-alloc: s9536 r8192 d15040 u32768 alloc=8*4096
[    0.000000] pcpu-alloc: [0] 0 [0] 1 [0] 2 [0] 3 
[    0.000000] Built 1 zonelists in Zone order, mobility grouping on.  Total pages: 522512
[    0.000000] Kernel command line: console=ttyS0,230400n8 noinitrd root=/dev/mmcblk0p1 rw rootwait gpt ignore_loglevel debug
[    0.000000] PID hash table entries: 4096 (order: 2, 16384 bytes)
[    0.000000] Dentry cache hash table entries: 131072 (order: 7, 524288 bytes)
[    0.000000] Inode-cache hash table entries: 65536 (order: 6, 262144 bytes)
[    0.000000] Memory: 2053756K/2096128K available (5874K kernel code, 299K rwdata, 1748K rodata, 237K init, 342K bss, 42372K reserved, 1317888K highmem)
[    0.000000] Virtual kernel memory layout:
[    0.000000]     vector  : 0xffff0000 - 0xffff1000   (   4 kB)
[    0.000000]     fixmap  : 0xfff00000 - 0xfffe0000   ( 896 kB)
[    0.000000]     vmalloc : 0xf0000000 - 0xff000000   ( 240 MB)
[    0.000000]     lowmem  : 0xc0000000 - 0xef800000   ( 760 MB)
[    0.000000]     pkmap   : 0xbfe00000 - 0xc0000000   (   2 MB)
[    0.000000]     modules : 0xbf000000 - 0xbfe00000   (  14 MB)
[    0.000000]       .text : 0xc0008000 - 0xc0779e10   (7624 kB)
[    0.000000]       .init : 0xc077a000 - 0xc07b5540   ( 238 kB)
[    0.000000]       .data : 0xc07b6000 - 0xc0800d20   ( 300 kB)
[    0.000000]        .bss : 0xc0800d20 - 0xc0856550   ( 343 kB)
[    0.000000] Preemptible hierarchical RCU implementation.
[    0.000000] NR_IRQS:16 nr_irqs:16 16
[    0.000000] sched_clock: 32 bits at 1000kHz, resolution 1000ns, wraps every 4294967ms
[    0.000000] Console: colour dummy device 80x30
[    0.000562] Calibrating delay loop... 2786.91 BogoMIPS (lpj=13934592)
[    0.059997] pid_max: default: 32768 minimum: 301
[    0.060361] Mount-cache hash table entries: 512
[    0.069004] Initializing cgroup subsys debug
[    0.069027] Initializing cgroup subsys freezer
[    0.069067] CPU: Testing write buffer coherency: ok
[    0.069433] CPU0: thread -1, cpu 0, socket 0, mpidr 80000000
[    0.069496] Setting up static identity map for 0xc0596ac8 - 0xc0596b60
[    0.130778] CPU1: Booted secondary processor
[    0.189477] CPU1: thread -1, cpu 1, socket 0, mpidr 80000001
[    0.210755] CPU2: Booted secondary processor
[    0.269476] CPU2: thread -1, cpu 2, socket 0, mpidr 80000002
[    0.290743] CPU3: Booted secondary processor
[    0.349476] CPU3: thread -1, cpu 3, socket 0, mpidr 80000003
[    0.349547] Brought up 4 CPUs
[    0.349565] SMP: Total of 4 processors activated (11167.33 BogoMIPS).
[    0.349569] CPU: All CPU(s) started in SVC mode.
[    0.350388] devtmpfs: initialized
[    0.361277] pinctrl core: initialized pinctrl subsystem
[    0.361707] regulator-dummy: no parameters
[    0.362849] NET: Registered protocol family 16
[    0.365672] DMA: preallocated 256 KiB pool for atomic coherent allocations
[    0.373909] No ATAGs?
[    0.373932] hw-breakpoint: found 5 (+1 reserved) breakpoint and 1 watchpoint registers.
[    0.373938] hw-breakpoint: maximum watchpoint size is 4 bytes.
[    0.383293] bio: create slab <bio-0> at 0
[    0.384302] vdd_5v_in: 5000 mV 
[    0.384437] platform 1.regulator: Driver reg-fixed-voltage requests probe deferral
[    0.384479] platform 2.regulator: Driver reg-fixed-voltage requests probe deferral
[    0.384637] vdd_5v_sata: 5000 mV 
[    0.384667] vdd_5v_sata: supplied by vdd_5v_in
[    0.384890] usb1_vbus: 5000 mV 
[    0.384927] usb1_vbus: supplied by vdd_5v_in
[    0.385124] usb3_vbus: 5000 mV 
[    0.385144] usb3_vbus: supplied by vdd_5v_in
[    0.385256] platform 6.regulator: Driver reg-fixed-voltage requests probe deferral
[    0.385416] sys_3v3_pexs: 3300 mV 
[    0.385440] reg-fixed-voltage 7.regulator: Failed to find supply vin
[    0.385538] reg-fixed-voltage 7.regulator: Failed to register regulator: -517
[    0.385551] platform 7.regulator: Driver reg-fixed-voltage requests probe deferral
[    0.386335] vgaarb: loaded
[    0.387202] SCSI subsystem initialized
[    0.387512] usbcore: registered new interface driver usbfs
[    0.387597] usbcore: registered new interface driver hub
[    0.387734] usbcore: registered new device driver usb
[    0.391302] tps62361-vout: 500 <--> 1500 mV at 1160 mV 
[    0.391671] tps65910 4-002d: VMBCH-Threshold not specified
[    0.391678] tps65910 4-002d: VMBCH2-Threshold not specified
[    0.397016] vdd_1v8_gen: 1800 mV 
[    0.397059] vdd_1v8_gen: supplied by vdd_5v_in
[    0.400226] vddio_ddr_1v2: 1200 mV 
[    0.400717] vddio_ddr_1v2: supplied by vdd_5v_in
[    0.404093] vdd_1v5_gen: 1500 mV 
[    0.404124] vdd_1v5_gen: supplied by vdd_5v_in
[    0.407527] vdd_cpu,vdd_sys: 1000 mV 
[    0.409984] vdd_pexa,vdd_pexb: 1050 mV 
[    0.410016] vdd_pexa,vdd_pexb: supplied by vdd_1v5_gen
[    0.412819] vdd_sata,avdd_plle: 1050 mV 
[    0.412849] vdd_sata,avdd_plle: supplied by vdd_1v5_gen
[    0.415316] vdd_rtc: 1200 mV 
[    0.415349] vdd_rtc: supplied by vdd_5v_in
[    0.417824] vddio_sdmmc,avdd_vdac: 3300 mV 
[    0.417856] vddio_sdmmc,avdd_vdac: supplied by vdd_5v_in
[    0.420653] avdd_dsi_csi,pwrdet_mipi: 1200 mV 
[    0.420684] avdd_dsi_csi,pwrdet_mipi: supplied by vdd_1v8_gen
[    0.423164] vdd_pllm,x,u,a_p_c_s: 1200 mV 
[    0.423195] vdd_pllm,x,u,a_p_c_s: supplied by vdd_1v8_gen
[    0.425996] vdd_ddr_hs: 1000 mV 
[    0.426027] vdd_ddr_hs: supplied by vdd_1v8_gen
[    0.426386] Linux video capture interface: v2.00
[    0.426974] platform 7000f010.iommu: Driver tegra-smmu requests probe deferral
[    0.427209] Advanced Linux Sound Architecture Driver Initialized.
[    0.427809] Bluetooth: Core ver 2.16
[    0.427868] NET: Registered protocol family 31
[    0.427873] Bluetooth: HCI device and connection manager initialized
[    0.427892] Bluetooth: HCI socket layer initialized
[    0.427908] Bluetooth: L2CAP socket layer initialized
[    0.427949] Bluetooth: SCO socket layer initialized
[    0.428382] cfg80211: Calling CRDA to update world regulatory domain
[    0.429162] Switched to clocksource timer_us
[    0.439377] NET: Registered protocol family 2
[    0.440063] TCP established hash table entries: 8192 (order: 4, 65536 bytes)
[    0.440162] TCP bind hash table entries: 8192 (order: 4, 65536 bytes)
[    0.440239] TCP: Hash tables configured (established 8192 bind 8192)
[    0.440763] TCP: reno registered
[    0.440776] UDP hash table entries: 512 (order: 2, 16384 bytes)
[    0.440841] UDP-Lite hash table entries: 512 (order: 2, 16384 bytes)
[    0.441220] NET: Registered protocol family 1
[    0.441854] RPC: Registered named UNIX socket transport module.
[    0.441861] RPC: Registered udp transport module.
[    0.441865] RPC: Registered tcp transport module.
[    0.441869] RPC: Registered tcp NFSv4.1 backchannel transport module.
[    0.441879] PCI: CLS 0 bytes, default 64
[    0.442851] hw perfevents: enabled with ARMv7 Cortex-A9 PMU driver, 7 counters available
[    0.445341] bounce pool size: 64 pages
[    0.446561] squashfs: version 4.0 (2009/01/31) Phillip Lougher
[    0.448285] io scheduler noop registered (default)
[    0.452368] tegra-apbdma 6000a000.dma: Tegra20 APB DMA driver register 32 channels
[    0.452769] Serial: 8250/16550 driver, 4 ports, IRQ sharing disabled
[    0.454154] 70006000.serial: ttyS0 at MMIO 0x70006000 (irq = 68) is a Tegra
[    0.847554] console [ttyS0] enabled
[    0.849945] [drm] Initialized drm 1.1.0 20060810
[    0.854070] [drm] Supports vblank timestamp caching Rev 1 (10.10.2010).
[    0.857390] [drm] No driver support for vblank timestamp query.
[    0.860395] tegra-host1x 50000000.host1x: No connectors reported connected with modes
[    0.864326] [drm] Cannot find any crtc or sizes - going 1024x768
[    0.882822] Console: switching to colour frame buffer device 128x48
[    0.892032] tegra-host1x 50000000.host1x: fb0:  frame buffer device
[    0.895177] tegra-host1x 50000000.host1x: registered panic notifier
[    0.898326] [drm] Initialized tegra 0.0.0 20120330 on minor 0
[    0.904750] loop: module loaded
[    0.909139] m25p80 spi32766.1: w25q32 (4096 Kbytes)
[    0.912697] pegasus: v0.9.3 (2013/04/25), Pegasus/Pegasus II USB Ethernet driver
[    0.916484] usbcore: registered new interface driver pegasus
[    0.919401] usbcore: registered new interface driver asix
[    0.922160] usbcore: registered new interface driver ax88179_178a
[    0.925267] usbcore: registered new interface driver cdc_ether
[    0.928242] usbcore: registered new interface driver r815x
[    0.931074] usbcore: registered new interface driver smsc75xx
[    0.934036] usbcore: registered new interface driver smsc95xx
[    0.936968] usbcore: registered new interface driver net1080
[    0.939870] usbcore: registered new interface driver cdc_subset
[    0.942889] usbcore: registered new interface driver zaurus
[    0.945757] usbcore: registered new interface driver cdc_ncm
[    0.948633] ehci_hcd: USB 2.0 'Enhanced' Host Controller (EHCI) Driver
[    0.951916] ehci-pci: EHCI PCI platform driver
[    0.954200] tegra-ehci: Tegra EHCI driver
[    0.956403] usbcore: registered new interface driver cdc_acm
[    0.959251] cdc_acm: USB Abstract Control Model driver for USB modems and ISDN adapters
[    0.963319] usbcore: registered new interface driver cdc_wdm
[    0.966223] usbcore: registered new interface driver usb-storage
[    0.969680] mousedev: PS/2 mouse device common for all mice
[    0.973470] tegra_rtc 7000e000.rtc: rtc core: registered 7000e000.rtc as rtc0
[    0.977073] tegra_rtc 7000e000.rtc: Tegra internal Real Time Clock
[    0.993122] tps65910-rtc tps65910-rtc: rtc core: registered tps65910-rtc as rtc1
[    0.998086] cpuidle: using governor ladder
[    1.000158] cpuidle: using governor menu
[    1.002178] sdhci: Secure Digital Host Controller Interface driver
[    1.005276] sdhci: Copyright(c) Pierre Ossman
[    1.007459] sdhci-pltfm: SDHCI platform and OF driver helper
[    1.010651] sdhci-tegra 78000000.sdhci: Got CD GPIO #69.
[    1.013330] sdhci-tegra 78000000.sdhci: Got WP GPIO #155.
[    1.017091] mmc0: no vqmmc regulator found
[    1.019164] mmc0: no vmmc regulator found
[    1.021177] mmc0: Invalid maximum block size, assuming 512 bytes
[    1.069176] mmc0: SDHCI controller on 78000000.sdhci [78000000.sdhci] using ADMA
[    1.073993] mmc1: no vqmmc regulator found
[    1.076050] mmc1: no vmmc regulator found
[    1.078060] mmc1: Invalid maximum block size, assuming 512 bytes
[    1.119171] mmc1: SDHCI controller on 78000600.sdhci [78000600.sdhci] using ADMA
[    1.125634] usbcore: registered new interface driver usbhid
[    1.130469] usbhid: USB HID core driver
[    1.277646] mmc1: new high speed MMC card at address 0001
[    1.280807] mmcblk0: mmc1:0001 SEM16G 14.8 GiB 
[    1.283337] mmcblk0boot0: mmc1:0001 SEM16G partition 1 1.00 MiB
[    1.286558] mmcblk0boot1: mmc1:0001 SEM16G partition 2 1.00 MiB
[    1.289768] mmcblk0rpmb: mmc1:0001 SEM16G partition 3 128 KiB
[    1.296768] Primary GPT is invalid, using alternate GPT.
[    1.299470]  mmcblk0: p1 p2 p3 p4 p5
[    1.305480]  mmcblk0boot1: unknown partition table
[    1.310890]  mmcblk0boot0: unknown partition table
[    1.564215] tegra-snd-rt5640 sound.4:  rt5640-aif1 <-> 70080400.i2s mapping ok
[    1.568771] input: NVIDIA Tegra Beaver Headphones as /devices/soc0/sound.4/sound/card0/input0
[    1.574293] TCP: cubic registered
[    1.576161] NET: Registered protocol family 10
[    1.579468] mip6: Mobile IPv6
[    1.580961] sit: IPv6 over IPv4 tunneling driver
[    1.584442] NET: Registered protocol family 17
[    1.586706] NET: Registered protocol family 15
[    1.589099] Bluetooth: RFCOMM socket layer initialized
[    1.591697] Bluetooth: RFCOMM ver 1.11
[    1.593579] Bluetooth: BNEP (Ethernet Emulation) ver 1.3
[    1.596255] Bluetooth: BNEP socket layer initialized
[    1.598745] Bluetooth: HIDP (Human Interface Emulation) ver 1.2
[    1.601734] Bluetooth: HIDP socket layer initialized
[    1.604421] VFP support v0.3: implementor 41 architecture 3 part 30 variant 9 rev 4
[    1.608541] Registering SWP/SWPB emulation handler
[    1.611452] vdd_sata,avdd_plle: disabling
[    1.615996] chargepump_5v: 5000 mV 
[    1.619282] vdd_ddr: 1500 mV 
[    1.620808] vdd_ddr: supplied by vdd_5v_in
[    1.624045] sys_3v3,vdd_3v3_alw: 3300 mV 
[    1.626078] sys_3v3,vdd_3v3_alw: supplied by vdd_5v_in
[    1.628914] sys_3v3_pexs: 3300 mV 
[    1.630731] sys_3v3_pexs: supplied by sys_3v3,vdd_3v3_alw
[    1.634270] tegra_rtc 7000e000.rtc: setting system clock to 1970-01-01 00:03:41 UTC (221)
[    1.638604] ALSA device list:
[    1.640115]   #0: NVIDIA Tegra Beaver
[    1.805927] kjournald starting.  Commit interval 5 seconds
[    1.807642] EXT3-fs (mmcblk0p1): using internal journal
[    1.809143] EXT3-fs (mmcblk0p1): recovery complete
[    1.809146] EXT3-fs (mmcblk0p1): mounted filesystem with writeback data mode
[    1.809249] VFS: Mounted root (ext3 filesystem) on device 179:1.
[    1.811573] devtmpfs: mounted
[    1.811817] Freeing unused kernel memory: 236K (c077a000 - c07b5000)
 
INIT: version 2.88 booting
[info] Using makefile-style concurrent boot in runlevel S.
[....] Starting the hotplug events dispatcher: udevd[    2.730270] udevd[178]: starting version 175
[ ok .
[....] Synthesizing the initial hotplug events...[ ok done.
[....] Waiting for /dev to be fully populated...[ ok done.
[....] Activating swap...[ ok done.
[....] Cleaning up temporary files... /tmp[ ok .
[....] Activating lvm and md swap...[ ok done.
[....] Checking file systems...fsck from util-linux 2.20.1
[ ok done.
[....] Mounting local filesystems...[ ok done.
[....] Activating swapfile swap...[ ok done.
[....] Cleaning up temporary files...[ ok .
[....] Setting kernel variables ...[ ok done.
[....] Configuring network interfaces...[ ok done.
[....] Starting rpcbind daemon...[ ok .
[....] Starting NFS common utilities: statd idmapd[FAIL failed!
[....] Cleaning up temporary files...[ ok .
[....] Starting network benchmark server[ ok .
[....] startpar: service(s) returned failure: nfs-common ...[FAIL failed!
INIT: Entering runlevel: 2
[info] Using makefile-style concurrent boot in runlevel 2.
[....] Starting network benchmark server[FAIL failed!
[....] Starting rpcbind daemon...[....] Already running.[ ok .
[....] Starting NFS common utilities: statd idmapd[FAIL failed!
[....] Starting system message bus: dbus[ ok .
[....] startpar: service(s) returned failure: nfs-common ...[FAIL failed!

Debian GNU/Linux wheezy/sid armel ttyS0

armel login: 
Diff for ./tegra30-beaver/tegra30-beaver/multi_v7_defconfig_log.txt

U-Boot SPL 2013.04-rc2-06423-gf2e8a87-dirty (May 15 2013 - 09:45:39)


U-Boot 2013.04-rc2-06423-gf2e8a87-dirty (May 15 2013 - 09:45:39)

TEGRA30
Board: NVIDIA Beaver
DRAM:  2 GiB
MMC:   Tegra SD/MMC: 0, Tegra SD/MMC: 1
*** Warning - bad CRC, using default environment

In:    serial
Out:   serial
Err:   serial
Hit any key to stop autoboot:  2  0 
Tegra30 (Beaver) # 
Tegra30 (Beaver) # setenv bootargs 'console=ttyS0,230400n8 noinitrd root=/dev/mmcblk0p1 rw rootwait gpt ignore_loglevel debug'
Tegra30 (Beaver) # loady 0x81000000
## Ready for binary (ymodem) download to 0x81000000 at 230400 bps...
CSending: zImage
Sending: 

Transfer complete
Modem - CRC mode, 2(SOH)/3855(STX)/0(CAN) packets, 3 retries
## Total Size      = 0x003c3bb8 = 3947448 Bytes
Tegra30 (Beaver) # loady 0x82000000
## Ready for binary (ymodem) download to 0x82000000 at 230400 bps...
CSending: tegra30-beaver.dtb
Sending: 

Transfer complete
yzModem - CRC mode, 2(SOH)/17(STX)/0(CAN) packets, 3 retries
## Total Size      = 0x0000439d = 17309 Bytes
Tegra30 (Beaver) # bootz 0x81000000 - 0x82000000
## Flattened Device Tree blob at 82000000
   Booting using the fdt blob at 0x82000000
   Loading Device Tree to 8fff8000, end 8ffff39c ... OK

Starting kernel ...

[    0.000000] Booting Linux on physical CPU 0x0
[    0.000000] Linux version 3.11.0-rc1-10775-gad81f05 (pwalmsley@tamien) (gcc version 4.5.1 (Sourcery G++ Lite 2010.09-50) ) #1 SMP Mon Jul 29 19:27:42 PDT 2013
[    0.000000] CPU: ARMv7 Processor [412fc099] revision 9 (ARMv7), cr=10c5387d
[    0.000000] CPU: PIPT / VIPT nonaliasing data cache, VIPT aliasing instruction cache
[    0.000000] Machine: NVIDIA Tegra SoC (Flattened Device Tree), model: NVIDIA Tegra30 Beaver evaluation board
[    0.000000] debug: ignoring loglevel setting.
[    0.000000] Memory policy: ECC disabled, Data cache writealloc
[    0.000000] On node 0 totalpages: 524032
[    0.000000] free_area_init_node: node 0, pgdat c07aa5c0, node_mem_map c07f2000
[    0.000000]   DMA zone: 1520 pages used for memmap
[    0.000000]   DMA zone: 0 pages reserved
[    0.000000]   DMA zone: 194560 pages, LIFO batch:31
[    0.000000]   HighMem zone: 2574 pages used for memmap
[    0.000000]   HighMem zone: 329472 pages, LIFO batch:31
[    0.000000] fuse_speedo_calib: ATE prog ver 3.3
[    0.000000] Tegra30: CPU Speedo ID 5, Soc Speedo ID 2
[    0.000000] Tegra Revision: A03 SKU: 128 CPU Process: 4 Core Process: 0
[    0.000000] L310 cache controller enabled
[    0.000000] l2x0: 8 ways, CACHE_ID 0x410000c7, AUX_CTRL 0x7e480001, Cache size: 1048576 B
[    0.000000] PERCPU: Embedded 5 pages/cpu @c1804000 s7168 r0 d13312 u32768
[    0.000000] pcpu-alloc: s7168 r0 d13312 u32768 alloc=8*4096
[    0.000000] pcpu-alloc: [0] 0 [0] 1 [0] 2 [0] 3 
[    0.000000] Built 1 zonelists in Zone order, mobility grouping on.  Total pages: 522512
[    0.000000] Kernel command line: console=ttyS0,230400n8 noinitrd root=/dev/mmcblk0p1 rw rootwait gpt ignore_loglevel debug
[    0.000000] PID hash table entries: 4096 (order: 2, 16384 bytes)
[    0.000000] Dentry cache hash table entries: 131072 (order: 7, 524288 bytes)
[    0.000000] Inode-cache hash table entries: 65536 (order: 6, 262144 bytes)
[    0.000000] Memory: 2070624K/2096128K available (5354K kernel code, 583K rwdata, 1404K rodata, 475K init, 278K bss, 25504K reserved, 1317888K highmem)
[    0.000000] Virtual kernel memory layout:
[    0.000000]     vector  : 0xffff0000 - 0xffff1000   (   4 kB)
[    0.000000]     fixmap  : 0xfff00000 - 0xfffe0000   ( 896 kB)
[    0.000000]     vmalloc : 0xf0000000 - 0xff000000   ( 240 MB)
[    0.000000]     lowmem  : 0xc0000000 - 0xef800000   ( 760 MB)
[    0.000000]     pkmap   : 0xbfe00000 - 0xc0000000   (   2 MB)
[    0.000000]       .text : 0xc0008000 - 0xc06a1d80   (6760 kB)
[    0.000000]       .init : 0xc06a2000 - 0xc0718c00   ( 475 kB)
[    0.000000]       .data : 0xc071a000 - 0xc07abd00   ( 584 kB)
[    0.000000]        .bss : 0xc07abd00 - 0xc07f1554   ( 279 kB)
[    0.000000] SLUB: HWalign=64, Order=0-3, MinObjects=0, CPUs=4, Nodes=1
[    0.000000] Hierarchical RCU implementation.
[    0.000000] NR_IRQS:16 nr_irqs:16 16
[    0.000000] sched_clock: 32 bits at 1000kHz, resolution 1000ns, wraps every 4294967ms
[    0.000000] Console: colour dummy device 80x30
[    0.000482] Calibrating delay loop... 1397.55 BogoMIPS (lpj=6987776)
[    0.090075] pid_max: default: 32768 minimum: 301
[    0.090170] Mount-cache hash table entries: 512
[    0.092130] CPU: Testing write buffer coherency: ok
[    0.092389] CPU0: thread -1, cpu 0, socket 0, mpidr 80000000
[    0.092455] Setting up static identity map for 0xc0515948 - 0xc05159e0
[    0.092565] unable to find compatible sirf rstc node in dtb
[    0.093919] CPU1: Booted secondary processor
[    0.132439] CPU1: thread -1, cpu 1, socket 0, mpidr 80000001
[    0.133296] CPU2: Booted secondary processor
[    0.172438] CPU2: thread -1, cpu 2, socket 0, mpidr 80000002
[    0.173285] CPU3: Booted secondary processor
[    0.212438] CPU3: thread -1, cpu 3, socket 0, mpidr 80000003
[    0.212497] Brought up 4 CPUs
[    0.212515] SMP: Total of 4 processors activated (5590.22 BogoMIPS).
[    0.212519] CPU: All CPU(s) started in SVC mode.
[    0.213062] devtmpfs: initialized
[    0.215448] pinctrl core: initialized pinctrl subsystem
[    0.215685] regulator-dummy: no parameters
[    0.215931] NET: Registered protocol family 16
[    0.217365] DMA: preallocated 256 KiB pool for atomic coherent allocations
[    0.217482] unable to find compatible sirf pwrc node in dtb
[    0.224374] Serial: AMBA PL011 UART driver
[    0.227094] bio: create slab <bio-0> at 0
[    0.227955] edma-dma-engine edma-dma-engine.0: Can't allocate PaRAM dummy slot
[    0.227971] edma-dma-engine: probe of edma-dma-engine.0 failed with error -5
[    0.228215] vdd_5v_in: 5000 mV 
[    0.228278] platform 1.regulator: Driver reg-fixed-voltage requests probe deferral
[    0.228307] platform 2.regulator: Driver reg-fixed-voltage requests probe deferral
[    0.228383] vdd_5v_sata: 5000 mV 
[    0.228403] vdd_5v_sata: supplied by vdd_5v_in
[    0.228517] usb1_vbus: 5000 mV 
[    0.228534] usb1_vbus: supplied by vdd_5v_in
[    0.228663] usb3_vbus: 5000 mV 
[    0.228680] usb3_vbus: supplied by vdd_5v_in
[    0.228754] platform 6.regulator: Driver reg-fixed-voltage requests probe deferral
[    0.228824] sys_3v3_pexs: 3300 mV 
[    0.228843] reg-fixed-voltage 7.regulator: Failed to find supply vin
[    0.228894] reg-fixed-voltage 7.regulator: Failed to register regulator: -517
[    0.228905] platform 7.regulator: Driver reg-fixed-voltage requests probe deferral
[    0.229628] vgaarb: loaded
[    0.229832] SCSI subsystem initialized
[    0.229936] libata version 3.00 loaded.
[    0.230054] usbcore: registered new interface driver usbfs
[    0.230078] usbcore: registered new interface driver hub
[    0.230132] usbcore: registered new device driver usb
[    0.232578] tps62361-vout: 500 <--> 1500 mV at 1160 mV 
[    0.232734] pps_core: LinuxPPS API ver. 1 registered
[    0.232740] pps_core: Software ver. 5.3.6 - Copyright 2005-2007 Rodolfo Giometti <giometti@linux.it>
[    0.232752] PTP clock support registered
[    0.232770] EDAC MC: Ver: 3.0.0
[    0.233417] Switched to clocksource timer_us
[    0.238208] NET: Registered protocol family 2
[    0.238557] TCP established hash table entries: 8192 (order: 4, 65536 bytes)
[    0.238644] TCP bind hash table entries: 8192 (order: 4, 65536 bytes)
[    0.238718] TCP: Hash tables configured (established 8192 bind 8192)
[    0.238794] TCP: reno registered
[    0.238808] UDP hash table entries: 512 (order: 2, 16384 bytes)
[    0.238871] UDP-Lite hash table entries: 512 (order: 2, 16384 bytes)
[    0.239092] NET: Registered protocol family 1
[    0.239302] RPC: Registered named UNIX socket transport module.
[    0.239309] RPC: Registered udp transport module.
[    0.239312] RPC: Registered tcp transport module.
[    0.239316] RPC: Registered tcp NFSv4.1 backchannel transport module.
[    0.239324] PCI: CLS 0 bytes, default 64
[    0.241114] bounce pool size: 64 pages
[    0.245740] NFS: Registering the id_resolver key type
[    0.245785] Key type id_resolver registered
[    0.245789] Key type id_legacy registered
[    0.245921] Block layer SCSI generic (bsg) driver version 0.4 loaded (major 251)
[    0.245929] io scheduler noop registered
[    0.245934] io scheduler deadline registered
[    0.246014] io scheduler cfq registered (default)
[    0.248325] tegra-apbdma 6000a000.dma: Tegra20 APB DMA driver register 32 channels
[    0.277835] Serial: 8250/16550 driver, 4 ports, IRQ sharing disabled
[    0.278658] Serial: IMX driver
[    0.279216] 70006000.serial: ttyS0 at MMIO 0x70006000 (irq = 68) is a Tegra
[    0.611351] console [ttyS0] enabled
[    0.613672] serial: Freescale lpuart driver
[    0.615908] [drm] Initialized drm 1.1.0 20060810
[    0.619426] [drm] Supports vblank timestamp caching Rev 1 (10.10.2010).
[    0.622744] [drm] No driver support for vblank timestamp query.
[    0.625737] tegra-host1x 50000000.host1x: No connectors reported connected with modes
[    0.629668] [drm] Cannot find any crtc or sizes - going 1024x768
[    0.646856] Console: switching to colour frame buffer device 128x48
[    0.656437] tegra-host1x 50000000.host1x: fb0:  frame buffer device
[    0.659581] tegra-host1x 50000000.host1x: registered panic notifier
[    0.662729] [drm] Initialized tegra 0.0.0 20120330 on minor 0
[    0.667212] ehci_hcd: USB 2.0 'Enhanced' Host Controller (EHCI) Driver
[    0.670486] ehci-pci: EHCI PCI platform driver
[    0.672738] ehci-platform: EHCI generic platform driver
[    0.675428] ehci-mxc: Freescale On-Chip EHCI Host driver
[    0.678118] ehci-omap: OMAP-EHCI Host Controller driver
[    0.680779] ehci-orion: EHCI orion driver
[    0.682831] SPEAr-ehci: EHCI SPEAr driver
[    0.684897] tegra-ehci: Tegra EHCI driver
[    0.687113] usbcore: registered new interface driver usb-storage
[    0.690625] mousedev: PS/2 mouse device common for all mice
[    0.693818] tegra_rtc 7000e000.rtc: rtc core: registered 7000e000.rtc as rtc0
[    0.697409] tegra_rtc 7000e000.rtc: Tegra internal Real Time Clock
[    0.700858] sdhci: Secure Digital Host Controller Interface driver
[    0.703966] sdhci: Copyright(c) Pierre Ossman
[    0.706342] sdhci-pltfm: SDHCI platform and OF driver helper
[    0.709397] sdhci-tegra 78000000.sdhci: Got CD GPIO #69.
[    0.712071] sdhci-tegra 78000000.sdhci: Got WP GPIO #155.
[    0.715819] mmc0: no vqmmc regulator found
[    0.717874] mmc0: no vmmc regulator found
[    0.719885] mmc0: Invalid maximum block size, assuming 512 bytes
[    0.763422] mmc0: SDHCI controller on 78000000.sdhci [78000000.sdhci] using ADMA
[    0.768182] mmc1: no vqmmc regulator found
[    0.770238] mmc1: no vmmc regulator found
[    0.772248] mmc1: Invalid maximum block size, assuming 512 bytes
[    0.813419] mmc1: SDHCI controller on 78000600.sdhci [78000600.sdhci] using ADMA
[    0.817360] usbcore: registered new interface driver usbhid
[    0.820154] usbhid: USB HID core driver
[    0.822249] TCP: cubic registered
[    0.824227] NET: Registered protocol family 10
[    0.826823] sit: IPv6 over IPv4 tunneling driver
[    0.829518] Key type dns_resolver registered
[    0.832647] VFP support v0.3: implementor 41 architecture 3 part 30 variant 9 rev 4
[    0.836546] Registering SWP/SWPB emulation handler
[    0.839643] platform 1.regulator: Driver reg-fixed-voltage requests probe deferral
[    0.843687] platform 2.regulator: Driver reg-fixed-voltage requests probe deferral
[    0.847613] platform 6.regulator: Driver reg-fixed-voltage requests probe deferral
[    0.851605] sys_3v3_pexs: 3300 mV 
[    0.853339] reg-fixed-voltage 7.regulator: Failed to find supply vin
[    0.856583] reg-fixed-voltage 7.regulator: Failed to register regulator: -517
[    0.860167] platform 7.regulator: Driver reg-fixed-voltage requests probe deferral
[    0.864086] tegra_rtc 7000e000.rtc: setting system clock to 1970-01-01 00:03:23 UTC (203)
[    0.868756] Waiting for root device /dev/mmcblk0p1...
[    0.971739] mmc1: new high speed MMC card at address 0001
[    0.974729] mmcblk0: mmc1:0001 SEM16G 14.8 GiB 
[    0.977097] mmcblk0boot0: mmc1:0001 SEM16G partition 1 1.00 MiB
[    0.980157] mmcblk0boot1: mmc1:0001 SEM16G partition 2 1.00 MiB
[    0.983219] mmcblk0rpmb: mmc1:0001 SEM16G partition 3 128 KiB
[    0.990015] Primary GPT is invalid, using alternate GPT.
[    0.992699]  mmcblk0: p1 p2 p3 p4 p5
[    0.998099]  mmcblk0boot1: unknown partition table
[    1.003300]  mmcblk0boot0: unknown partition table
[    1.005963] platform 1.regulator: Driver reg-fixed-voltage requests probe deferral
[    1.009965] platform 2.regulator: Driver reg-fixed-voltage requests probe deferral
[    1.013923] platform 6.regulator: Driver reg-fixed-voltage requests probe deferral
[    1.017902] sys_3v3_pexs: 3300 mV 
[    1.019634] reg-fixed-voltage 7.regulator: Failed to find supply vin
[    1.022862] reg-fixed-voltage 7.regulator: Failed to register regulator: -517
[    1.026457] platform 7.regulator: Driver reg-fixed-voltage requests probe deferral
[    1.085284] EXT4-fs (mmcblk0p1): mounting ext3 file system using the ext4 subsystem
[    1.263811] EXT4-fs (mmcblk0p1): recovery complete
[    1.267770] EXT4-fs (mmcblk0p1): mounted filesystem with ordered data mode. Opts: (null)
[    1.271872] VFS: Mounted root (ext3 filesystem) on device 179:1.
[    1.279813] devtmpfs: mounted
[    1.281653] Freeing unused kernel memory: 472K (c06a2000 - c0718000)
 
INIT: version 2.88 booting
[info] Using makefile-style concurrent boot in runlevel S.
[....] Starting the hotplug events dispatcher: udevd[    2.133659] udevd[159]: starting version 175
[ ok .
[....] Synthesizing the initial hotplug events...[ ok done.
[....] Waiting for /dev to be fully populated...[ ok done.
[....] Activating swap...[ ok done.
[    3.112255] EXT4-fs (mmcblk0p1): re-mounted. Opts: (null)
[....] Cleaning up temporary files... /tmp[ ok .
[....] Activating lvm and md swap...[ ok done.
[....] Checking file systems...fsck from util-linux 2.20.1
[ ok done.
[....] Mounting local filesystems...[ ok done.
[....] Activating swapfile swap...[ ok done.
[....] Cleaning up temporary files...[ ok .
[....] Setting kernel variables ...[ ok done.
[....] Configuring network interfaces...[ ok done.
[....] Starting rpcbind daemon...[ ok .
[....] Starting NFS common utilities: statd idmapd[ ok .
[....] Cleaning up temporary files...[ ok .
[....] Starting network benchmark server[ ok .
INIT: Entering runlevel: 2
[info] Using makefile-style concurrent boot in runlevel 2.
[....] Starting network benchmark server[FAIL failed!
[....] Starting rpcbind daemon...[....] Already running.[ ok .
[....] Starting NFS common utilities: statd idmapd[ ok .
[....] Starting system message bus: dbus[ ok .

Debian GNU/Linux wheezy/sid armel ttyS0

armel login: 
Diff for ./tegra114-dalmore-headless/tegra114-dalmore/tegra_defconfig_log.txt


U-Boot 2011.03 (Jun 11 2013 - 06:07:37)

T114
Board: NVIDIA Dalmore
DRAM:  2 GiB
MMC:   Tegra2 SD/MMC: 0, Tegra2 SD/MMC: 1
In:    serial
Out:   serial
Err:   serial
Net:   Net Initialization Skipped
No ethernet found.
Hit any key to stop autoboot:  2  0 
Dalmore #
Dalmore #usb reset
(Re)start USB...
USB:   Register 10011 NbrPorts 1
USB EHCI 1.10
scanning bus for devices... 2 USB Device(s) found
       scanning bus for storage devices... 0 Storage Device(s) found
       scanning bus for ethernet devices... 1 Ethernet Device(s) found
Dalmore #setenv bootargs 'ignore_loglevel console=ttyS0,115200n8 rw root=/dev/mmcblk0p1 rootwait gpt init=/bin/bash'
Dalmore #setenv ipaddr 192.168.100.100; setenv serverip 192.168.100.1; setenv tftpserverip 192.168.100.1
Dalmore #tftpboot 0x81000000 zImage.tegra_defconfig
Waiting for Ethernet connection... done.
Using asx0 device
TFTP from server 192.168.100.1; our IP address is 192.168.100.100
Filename 'zImage.tegra_defconfig'.
Load address: 0x81000000
Loading: *#################################################  2.8 MiB/s
done
Bytes transferred = 4326952 (420628 hex)
Dalmore #tftpboot 0x82000000 tegra114-dalmore.dtb
Using asx0 device
TFTP from server 192.168.100.1; our IP address is 192.168.100.100
Filename 'tegra114-dalmore.dtb'.
Load address: 0x82000000
Loading: *#################################################  2.5 MiB/s
done
Bytes transferred = 24048 (5df0 hex)
Dalmore #bootz 0x81000000 - 0x82000000
## Flattened Device Tree blob at 82000000
   Booting using the fdt blob at 0x82000000
   Loading Device Tree to 81ff7000, end 81fffdef ... OK

Starting kernel ...

Timer summary in microseconds:
       Mark    Elapsed  Stage
          0          0  awake
  2,888,455  2,888,455  usb_start
  6,891,820  4,003,365  eth_start
  6,891,817         -3  tftp start
 10,803,329  3,911,512  tftp done
 12,904,024  2,100,695  start_kernel
[    0.000000] Booting Linux on physical CPU 0x0
[    0.000000] Initializing cgroup subsys cpu
[    0.000000] Initializing cgroup subsys cpuacct
[    0.000000] Linux version 3.11.0-rc1-10775-gad81f05 (pwalmsley@tamien) (gcc version 4.5.1 (Sourcery G++ Lite 2010.09-50) ) #1 SMP PREEMPT Mon Jul 29 19:25:16 PDT 2013
[    0.000000] CPU: ARMv7 Processor [412fc0f2] revision 2 (ARMv7), cr=10c5387d
[    0.000000] CPU: PIPT / VIPT nonaliasing data cache, PIPT instruction cache
[    0.000000] Machine: NVIDIA Tegra SoC (Flattened Device Tree), model: NVIDIA Tegra114 Dalmore evaluation board
[    0.000000] debug: ignoring loglevel setting.
[    0.000000] cma: CMA: reserved 16 MiB at ae800000
[    0.000000] Memory policy: ECC disabled, Data cache writealloc
[    0.000000] On node 0 totalpages: 524032
[    0.000000] free_area_init_node: node 0, pgdat c07ff640, node_mem_map c0857000
[    0.000000]   Normal zone: 1520 pages used for memmap
[    0.000000]   Normal zone: 0 pages reserved
[    0.000000]   Normal zone: 194560 pages, LIFO batch:31
[    0.000000]   HighMem zone: 2574 pages used for memmap
[    0.000000]   HighMem zone: 329472 pages, LIFO batch:31
[    0.000000] Tegra Revision: A01 SKU: 0 CPU Process: 1 Core Process: 1
[    0.000000] PERCPU: Embedded 8 pages/cpu @c186c000 s9536 r8192 d15040 u32768
[    0.000000] pcpu-alloc: s9536 r8192 d15040 u32768 alloc=8*4096
[    0.000000] pcpu-alloc: [0] 0 [0] 1 [0] 2 [0] 3 
[    0.000000] Built 1 zonelists in Zone order, mobility grouping on.  Total pages: 522512
[    0.000000] Kernel command line: ignore_loglevel console=ttyS0,115200n8 rw root=/dev/mmcblk0p1 rootwait gpt init=/bin/bash
[    0.000000] PID hash table entries: 4096 (order: 2, 16384 bytes)
[    0.000000] Dentry cache hash table entries: 131072 (order: 7, 524288 bytes)
[    0.000000] Inode-cache hash table entries: 65536 (order: 6, 262144 bytes)
[    0.000000] Memory: 2053740K/2096128K available (5874K kernel code, 299K rwdata, 1748K rodata, 237K init, 342K bss, 42388K reserved, 1317888K highmem)
[    0.000000] Virtual kernel memory layout:
[    0.000000]     vector  : 0xffff0000 - 0xffff1000   (   4 kB)
[    0.000000]     fixmap  : 0xfff00000 - 0xfffe0000   ( 896 kB)
[    0.000000]     vmalloc : 0xf0000000 - 0xff000000   ( 240 MB)
[    0.000000]     lowmem  : 0xc0000000 - 0xef800000   ( 760 MB)
[    0.000000]     pkmap   : 0xbfe00000 - 0xc0000000   (   2 MB)
[    0.000000]     modules : 0xbf000000 - 0xbfe00000   (  14 MB)
[    0.000000]       .text : 0xc0008000 - 0xc0779e10   (7624 kB)
[    0.000000]       .init : 0xc077a000 - 0xc07b5540   ( 238 kB)
[    0.000000]       .data : 0xc07b6000 - 0xc0800d20   ( 300 kB)
[    0.000000]        .bss : 0xc0800d20 - 0xc0856550   ( 343 kB)
[    0.000000] Preemptible hierarchical RCU implementation.
[    0.000000] NR_IRQS:16 nr_irqs:16 16
[    0.000000] sched_clock: 32 bits at 1000kHz, resolution 1000ns, wraps every 4294967ms
[    0.000000] Architected local timer running at 12.00MHz (virt).
[    0.000000] Switching to timer-based delay loop
[    0.000000] sched_clock: ARM arch timer >56 bits at 12000kHz, resolution 83ns
[    0.000000] Console: colour dummy device 80x30
[   13.146252] Calibrating delay loop (skipped), value calculated using timer frequency.. 24.00 BogoMIPS (lpj=120000)
[   13.146268] pid_max: default: 32768 minimum: 301
[   13.146714] Mount-cache hash table entries: 512
[   13.162043] Initializing cgroup subsys debug
[   13.162061] Initializing cgroup subsys freezer
[   13.162110] CPU: Testing write buffer coherency: ok
[   13.162448] /cpus/cpu@0 missing clock-frequency property
[   13.162461] /cpus/cpu@1 missing clock-frequency property
[   13.162470] /cpus/cpu@2 missing clock-frequency property
[   13.162478] /cpus/cpu@3 missing clock-frequency property
[   13.162492] CPU0: thread -1, cpu 0, socket 0, mpidr 80000000
[   13.162523] Setting up static identity map for 0xc0596ac8 - 0xc0596b60
[   13.216546] CPU1: Booted secondary processor
[   13.216575] CPU1: thread -1, cpu 1, socket 0, mpidr 80000001
[   13.236463] CPU2: Booted secondary processor
[   13.236489] CPU2: thread -1, cpu 2, socket 0, mpidr 80000002
[   13.256391] CPU3: Booted secondary processor
[   13.256416] CPU3: thread -1, cpu 3, socket 0, mpidr 80000003
[   13.256522] Brought up 4 CPUs
[   13.256552] SMP: Total of 4 processors activated (96.00 BogoMIPS).
[   13.256559] CPU: All CPU(s) started in SVC mode.
[   13.257587] devtmpfs: initialized
[   13.270663] pinctrl core: initialized pinctrl subsystem
[   13.271201] regulator-dummy: no parameters
[   13.272008] NET: Registered protocol family 16
[   13.273747] DMA: preallocated 256 KiB pool for atomic coherent allocations
[   13.285033] No ATAGs?
[   13.285063] hw-breakpoint: found 5 (+1 reserved) breakpoint and 4 watchpoint registers.
[   13.285073] hw-breakpoint: maximum watchpoint size is 8 bytes.
[   13.296007] bio: create slab <bio-0> at 0
[   13.297294] vdd_ac_bat: 5000 mV 
[   13.297607] dvdd_ts: Failed to request enable GPIO61: -517
[   13.297774] reg-fixed-voltage 1.regulator: Failed to register regulator: -517
[   13.297798] platform 1.regulator: Driver reg-fixed-voltage requests probe deferral
[   13.297993] lcd_bl_en: Failed to request enable GPIO58: -517
[   13.298141] reg-fixed-voltage 2.regulator: Failed to register regulator: -517
[   13.298163] platform 2.regulator: Driver reg-fixed-voltage requests probe deferral
[   13.298357] usb1_vbus: Failed to request enable GPIO108: -517
[   13.298501] reg-fixed-voltage 3.regulator: Failed to register regulator: -517
[   13.298524] platform 3.regulator: Driver reg-fixed-voltage requests probe deferral
[   13.298716] usb2_vbus: Failed to request enable GPIO86: -517
[   13.298861] reg-fixed-voltage 4.regulator: Failed to register regulator: -517
[   13.298882] platform 4.regulator: Driver reg-fixed-voltage requests probe deferral
[   13.299075] vdd_hdmi_5v0: Failed to request enable GPIO81: -517
[   13.299218] reg-fixed-voltage 5.regulator: Failed to register regulator: -517
[   13.299240] platform 5.regulator: Driver reg-fixed-voltage requests probe deferral
[   13.300332] vgaarb: loaded
[   13.301439] SCSI subsystem initialized
[   13.301808] usbcore: registered new interface driver usbfs
[   13.301912] usbcore: registered new interface driver hub
[   13.302062] usbcore: registered new device driver usb
[   13.305938] vdd-cpu: 500 <--> 1520 mV at 1100 mV 
[   13.306600] tps65090 1-0048: No cache defaults, reading back from HW
[   13.312958] vdd-sys-5v0: no parameters
[   13.313010] vdd-sys-5v0: supplied by vdd_ac_bat
[   13.314454] vdd-sys-3v3: no parameters
[   13.314491] vdd-sys-3v3: supplied by vdd_ac_bat
[   13.315962] vdd-ao: no parameters
[   13.315999] vdd-ao: supplied by vdd_ac_bat
[   13.316261] vdd-lcd-bl: no parameters
[   13.316296] vdd-lcd-bl: supplied by vdd_ac_bat
[   13.316551] TPS65090_RAILSFET2: no parameters
[   13.316586] TPS65090_RAILSFET2: supplied by vdd_ac_bat
[   13.316833] vdd-modem-3v3: no parameters
[   13.316867] vdd-modem-3v3: supplied by vdd-sys-3v3
[   13.317125] avdd-lcd: no parameters
[   13.317157] avdd-lcd: supplied by vdd-sys-3v3
[   13.317412] vdd-lvds: no parameters
[   13.317447] vdd-lvds: supplied by vdd-sys-3v3
[   13.317699] vdd-sd-slot: no parameters
[   13.317733] vdd-sd-slot: supplied by vdd-sys-3v3
[   13.318012] vdd-com-3v3: no parameters
[   13.318046] vdd-com-3v3: supplied by vdd-sys-3v3
[   13.318290] vdd-sby-5v0: no parameters
[   13.318322] vdd-sby-5v0: supplied by vdd_ac_bat
[   13.318578] vdd-sby-3v3: no parameters
[   13.318611] vdd-sby-3v3: supplied by vdd_ac_bat
[   13.319064] Linux video capture interface: v2.00
[   13.319743] platform 7000f010.iommu: Driver tegra-smmu requests probe deferral
[   13.320048] Advanced Linux Sound Architecture Driver Initialized.
[   13.320806] Bluetooth: Core ver 2.16
[   13.320881] NET: Registered protocol family 31
[   13.320889] Bluetooth: HCI device and connection manager initialized
[   13.320914] Bluetooth: HCI socket layer initialized
[   13.320937] Bluetooth: L2CAP socket layer initialized
[   13.320983] Bluetooth: SCO socket layer initialized
[   13.321612] cfg80211: Calling CRDA to update world regulatory domain
[   13.322715] Switched to clocksource arch_sys_counter
[   13.336933] NET: Registered protocol family 2
[   13.337827] TCP established hash table entries: 8192 (order: 4, 65536 bytes)
[   13.338034] TCP bind hash table entries: 8192 (order: 4, 65536 bytes)
[   13.338211] TCP: Hash tables configured (established 8192 bind 8192)
[   13.338664] TCP: reno registered
[   13.338679] UDP hash table entries: 512 (order: 2, 16384 bytes)
[   13.338723] UDP-Lite hash table entries: 512 (order: 2, 16384 bytes)
[   13.339138] NET: Registered protocol family 1
[   13.339849] RPC: Registered named UNIX socket transport module.
[   13.339859] RPC: Registered udp transport module.
[   13.339867] RPC: Registered tcp transport module.
[   13.339874] RPC: Registered tcp NFSv4.1 backchannel transport module.
[   13.339886] PCI: CLS 0 bytes, default 64
[   13.343675] bounce pool size: 64 pages
[   13.345332] squashfs: version 4.0 (2009/01/31) Phillip Lougher
[   13.347580] io scheduler noop registered (default)
[   13.358908] tegra-apbdma 6000a000.dma: Tegra20 APB DMA driver register 32 channels
[   13.359396] Serial: 8250/16550 driver, 4 ports, IRQ sharing disabled
[   13.361411] 70006300.serial: ttyS0 at MMIO 0x70006300 (irq = 122) is a Tegra
[   14.191145] console [ttyS0] enabled
[   14.195437] [drm] Initialized drm 1.1.0 20060810
[   14.205760] loop: module loaded
[   14.212038] m25p80 spi32766.0: w25q32dw (4096 Kbytes)
[   14.218816] pegasus: v0.9.3 (2013/04/25), Pegasus/Pegasus II USB Ethernet driver
[   14.226276] usbcore: registered new interface driver pegasus
[   14.232018] usbcore: registered new interface driver asix
[   14.237452] usbcore: registered new interface driver ax88179_178a
[   14.243597] usbcore: registered new interface driver cdc_ether
[   14.249479] usbcore: registered new interface driver r815x
[   14.255030] usbcore: registered new interface driver smsc75xx
[   14.260847] usbcore: registered new interface driver smsc95xx
[   14.266626] usbcore: registered new interface driver net1080
[   14.272333] usbcore: registered new interface driver cdc_subset
[   14.278281] usbcore: registered new interface driver zaurus
[   14.283943] usbcore: registered new interface driver cdc_ncm
[   14.289625] ehci_hcd: USB 2.0 'Enhanced' Host Controller (EHCI) Driver
[   14.296115] ehci-pci: EHCI PCI platform driver
[   14.300626] tegra-ehci: Tegra EHCI driver
[   14.304821] usbcore: registered new interface driver cdc_acm
[   14.310463] cdc_acm: USB Abstract Control Model driver for USB modems and ISDN adapters
[   14.318488] usbcore: registered new interface driver cdc_wdm
[   14.324220] usbcore: registered new interface driver usb-storage
[   14.330800] mousedev: PS/2 mouse device common for all mice
[   14.337651] tegra_rtc 7000e000.rtc: rtc core: registered 7000e000.rtc as rtc0
[   14.344807] tegra_rtc 7000e000.rtc: Tegra internal Real Time Clock
[   14.352359] sbs-battery 0-000b: sbs_probe: Failed to get device status
[   14.358887] sbs-battery: probe of 0-000b failed with error -121
[   14.368369] cpuidle: using governor ladder
[   14.372465] cpuidle: using governor menu
[   14.376432] sdhci: Secure Digital Host Controller Interface driver
[   14.382589] sdhci: Copyright(c) Pierre Ossman
[   14.386920] sdhci-pltfm: SDHCI platform and OF driver helper
[   14.392976] sdhci-tegra 78000400.sdhci: Got CD GPIO #170.
[   14.399398] mmc0: no vqmmc regulator found
[   14.403475] mmc0: no vmmc regulator found
[   14.407461] mmc0: Invalid maximum block size, assuming 512 bytes
[   14.458177] mmc0: SDHCI controller on 78000400.sdhci [78000400.sdhci] using ADMA
[   14.467728] mmc1: no vqmmc regulator found
[   14.471825] mmc1: no vmmc regulator found
[   14.475812] mmc1: Invalid maximum block size, assuming 512 bytes
[   14.517934] mmc1: SDHCI controller on 78000600.sdhci [78000600.sdhci] using ADMA
[   14.525934] usbcore: registered new interface driver usbhid
[   14.533538] usbhid: USB HID core driver
[   14.649735] mmc1: BKOPS_EN bit is not set
[   14.680156] mmc1: new HS200 MMC card at address 0001
[   14.685709] mmcblk0: mmc1:0001 SEM32G 29.1 GiB 
[   14.690540] mmcblk0boot0: mmc1:0001 SEM32G partition 1 4.00 MiB
[   14.696737] mmcblk0boot1: mmc1:0001 SEM32G partition 2 4.00 MiB
[   14.702903] mmcblk0rpmb: mmc1:0001 SEM32G partition 3 4.00 MiB
[   14.711234] Primary GPT is invalid, using alternate GPT.
[   14.716539]  mmcblk0: p1 p2 p3 p4 p5
[   14.723503]  mmcblk0boot1: unknown partition table
[   14.729973]  mmcblk0boot0: unknown partition table
[   14.987359] tegra-snd-rt5640 sound.3:  rt5640-aif1 <-> 70080400.i2s mapping ok
[   14.995870] input: NVIDIA Tegra Dalmore Headphones as /devices/soc0/sound.3/sound/card0/input0
[   15.006012] TCP: cubic registered
[   15.009609] NET: Registered protocol family 10
[   15.015400] mip6: Mobile IPv6
[   15.018373] sit: IPv6 over IPv4 tunneling driver
[   15.024565] NET: Registered protocol family 17
[   15.029048] NET: Registered protocol family 15
[   15.033639] Bluetooth: RFCOMM socket layer initialized
[   15.038768] Bluetooth: RFCOMM ver 1.11
[   15.042497] Bluetooth: BNEP (Ethernet Emulation) ver 1.3
[   15.047808] Bluetooth: BNEP socket layer initialized
[   15.052744] Bluetooth: HIDP (Human Interface Emulation) ver 1.2
[   15.058659] Bluetooth: HIDP socket layer initialized
[   15.063817] VFP support v0.3: implementor 41 architecture 4 part 30 variant f rev 0
[   15.071717] Registering SWP/SWPB emulation handler
[   15.077232] vdd-com-3v3: disabling
[   15.081226] vdd-lvds: disabling
[   15.084946] avdd-lcd: disabling
[   15.088692] vdd-lcd-bl: disabling
[   15.093046] dvdd_ts: 1800 mV 
[   15.096359] lcd_bl_en: 5000 mV 
[   15.099805] usb1_vbus: 5000 mV 
[   15.102981] usb1_vbus: supplied by vdd-sys-5v0
[   15.107771] usb2_vbus: 5000 mV 
[   15.110926] usb2_vbus: supplied by vdd-sys-5v0
[   15.115727] vdd_hdmi_5v0: 5000 mV 
[   15.119139] vdd_hdmi_5v0: supplied by vdd-sys-5v0
[   15.124354] tegra_rtc 7000e000.rtc: setting system clock to 1970-01-01 00:00:16 UTC (16)
[   15.132834] ALSA device list:
[   15.135806]   #0: NVIDIA Tegra Dalmore
 
[   15.156439] kjournald starting.  Commit interval 5 seconds
[   15.163576] EXT3-fs (mmcblk0p1): using internal journal
[   15.168827] EXT3-fs (mmcblk0p1): recovery complete
[   15.173592] EXT3-fs (mmcblk0p1): mounted filesystem with writeback data mode
[   15.180696] VFS: Mounted root (ext3 filesystem) on device 179:1.
[   15.187780] devtmpfs: mounted
[   15.191004] Freeing unused kernel memory: 236K (c077a000 - c07b5000)
bash: cannot set terminal process group (-1): Inappropriate ioctl for device
bash: no job control in this shell
I have no name!@(none):/#  
I have no name!@(none):/# 
Diff for ./tegra114-dalmore-headless/tegra114-dalmore/multi_v7_defconfig_log.txt


U-Boot 2011.03 (Jun 11 2013 - 06:07:37)

T114
Board: NVIDIA Dalmore
DRAM:  2 GiB
MMC:   Tegra2 SD/MMC: 0, Tegra2 SD/MMC: 1
In:    serial
Out:   serial
Err:   serial
Net:   Net Initialization Skipped
No ethernet found.
Hit any key to stop autoboot:  2  1  0 
Dalmore #
Dalmore #usb reset
(Re)start USB...
USB:   Register 10011 NbrPorts 1
USB EHCI 1.10
scanning bus for devices... 2 USB Device(s) found
       scanning bus for storage devices... 0 Storage Device(s) found
       scanning bus for ethernet devices... 1 Ethernet Device(s) found
Dalmore #setenv bootargs 'ignore_loglevel console=ttyS0,115200n8 rw root=/dev/mmcblk0p1 rootwait gpt init=/bin/bash'
Dalmore #setenv ipaddr 192.168.100.100; setenv serverip 192.168.100.1; setenv tftpserverip 192.168.100.1
Dalmore #tftpboot 0x81000000 zImage.multi_v7_defconfig
Waiting for Ethernet connection... done.
Using asx0 device
TFTP from server 192.168.100.1; our IP address is 192.168.100.100
Filename 'zImage.multi_v7_defconfig'.
Load address: 0x81000000
Loading: *#################################################  2.8 MiB/s
done
Bytes transferred = 3947448 (3c3bb8 hex)
Dalmore #tftpboot 0x82000000 tegra114-dalmore.dtb
Using asx0 device
TFTP from server 192.168.100.1; our IP address is 192.168.100.100
Filename 'tegra114-dalmore.dtb'.
Load address: 0x82000000
Loading: *#################################################  2.5 MiB/s
done
Bytes transferred = 24048 (5df0 hex)
Dalmore #bootz 0x81000000 - 0x82000000
## Flattened Device Tree blob at 82000000
   Booting using the fdt blob at 0x82000000
   Loading Device Tree to 81ff7000, end 81fffdef ... OK

Starting kernel ...

Timer summary in microseconds:
       Mark    Elapsed  Stage
          0          0  awake
  3,103,001  3,103,001  usb_start
  7,106,722  4,003,721  eth_start
  7,106,720         -2  tftp start
 10,889,621  3,782,901  tftp done
 12,118,396  1,228,775  start_kernel
[    0.000000] Booting Linux on physical CPU 0x0
[    0.000000] Linux version 3.11.0-rc1-10775-gad81f05 (pwalmsley@tamien) (gcc version 4.5.1 (Sourcery G++ Lite 2010.09-50) ) #1 SMP Mon Jul 29 19:27:42 PDT 2013
[    0.000000] CPU: ARMv7 Processor [412fc0f2] revision 2 (ARMv7), cr=10c5387d
[    0.000000] CPU: PIPT / VIPT nonaliasing data cache, PIPT instruction cache
[    0.000000] Machine: NVIDIA Tegra SoC (Flattened Device Tree), model: NVIDIA Tegra114 Dalmore evaluation board
[    0.000000] debug: ignoring loglevel setting.
[    0.000000] Memory policy: ECC disabled, Data cache writealloc
[    0.000000] On node 0 totalpages: 524032
[    0.000000] free_area_init_node: node 0, pgdat c07aa5c0, node_mem_map c07f2000
[    0.000000]   DMA zone: 1520 pages used for memmap
[    0.000000]   DMA zone: 0 pages reserved
[    0.000000]   DMA zone: 194560 pages, LIFO batch:31
[    0.000000]   HighMem zone: 2574 pages used for memmap
[    0.000000]   HighMem zone: 329472 pages, LIFO batch:31
[    0.000000] Tegra Revision: A01 SKU: 0 CPU Process: 1 Core Process: 1
[    0.000000] PERCPU: Embedded 5 pages/cpu @c1807000 s7168 r0 d13312 u32768
[    0.000000] pcpu-alloc: s7168 r0 d13312 u32768 alloc=8*4096
[    0.000000] pcpu-alloc: [0] 0 [0] 1 [0] 2 [0] 3 
[    0.000000] Built 1 zonelists in Zone order, mobility grouping on.  Total pages: 522512
[    0.000000] Kernel command line: ignore_loglevel console=ttyS0,115200n8 rw root=/dev/mmcblk0p1 rootwait gpt init=/bin/bash
[    0.000000] PID hash table entries: 4096 (order: 2, 16384 bytes)
[    0.000000] Dentry cache hash table entries: 131072 (order: 7, 524288 bytes)
[    0.000000] Inode-cache hash table entries: 65536 (order: 6, 262144 bytes)
[    0.000000] Memory: 2070608K/2096128K available (5354K kernel code, 583K rwdata, 1404K rodata, 475K init, 278K bss, 25520K reserved, 1317888K highmem)
[    0.000000] Virtual kernel memory layout:
[    0.000000]     vector  : 0xffff0000 - 0xffff1000   (   4 kB)
[    0.000000]     fixmap  : 0xfff00000 - 0xfffe0000   ( 896 kB)
[    0.000000]     vmalloc : 0xf0000000 - 0xff000000   ( 240 MB)
[    0.000000]     lowmem  : 0xc0000000 - 0xef800000   ( 760 MB)
[    0.000000]     pkmap   : 0xbfe00000 - 0xc0000000   (   2 MB)
[    0.000000]       .text : 0xc0008000 - 0xc06a1d80   (6760 kB)
[    0.000000]       .init : 0xc06a2000 - 0xc0718c00   ( 475 kB)
[    0.000000]       .data : 0xc071a000 - 0xc07abd00   ( 584 kB)
[    0.000000]        .bss : 0xc07abd00 - 0xc07f1554   ( 279 kB)
[    0.000000] SLUB: HWalign=64, Order=0-3, MinObjects=0, CPUs=4, Nodes=1
[    0.000000] Hierarchical RCU implementation.
[    0.000000] NR_IRQS:16 nr_irqs:16 16
[    0.000000] sched_clock: 32 bits at 1000kHz, resolution 1000ns, wraps every 4294967ms
[    0.000000] Architected local timer running at 12.00MHz (virt).
[    0.000000] Switching to timer-based delay loop
[    0.000000] sched_clock: ARM arch timer >56 bits at 12000kHz, resolution 83ns
[    0.000000] Console: colour dummy device 80x30
[   12.303038] Calibrating delay loop (skipped), value calculated using timer frequency.. 24.00 BogoMIPS (lpj=120000)
[   12.303055] pid_max: default: 32768 minimum: 301
[   12.303209] Mount-cache hash table entries: 512
[   12.309692] CPU: Testing write buffer coherency: ok
[   12.309914] /cpus/cpu@0 missing clock-frequency property
[   12.309926] /cpus/cpu@1 missing clock-frequency property
[   12.309935] /cpus/cpu@2 missing clock-frequency property
[   12.309944] /cpus/cpu@3 missing clock-frequency property
[   12.309958] CPU0: thread -1, cpu 0, socket 0, mpidr 80000000
[   12.309988] Setting up static identity map for 0xc0515948 - 0xc05159e0
[   12.310164] unable to find compatible sirf rstc node in dtb
[   12.311510] CPU1: Booted secondary processor
[   12.311537] CPU1: thread -1, cpu 1, socket 0, mpidr 80000001
[   12.312226] CPU2: Booted secondary processor
[   12.312251] CPU2: thread -1, cpu 2, socket 0, mpidr 80000002
[   12.312926] CPU3: Booted secondary processor
[   12.312951] CPU3: thread -1, cpu 3, socket 0, mpidr 80000003
[   12.313039] Brought up 4 CPUs
[   12.313068] SMP: Total of 4 processors activated (96.00 BogoMIPS).
[   12.313075] CPU: All CPU(s) started in SVC mode.
[   12.313712] devtmpfs: initialized
[   12.319214] pinctrl core: initialized pinctrl subsystem
[   12.319561] regulator-dummy: no parameters
[   12.319911] NET: Registered protocol family 16
[   12.320135] DMA: preallocated 256 KiB pool for atomic coherent allocations
[   12.320324] unable to find compatible sirf pwrc node in dtb
[   12.330030] Serial: AMBA PL011 UART driver
[   12.334903] bio: create slab <bio-0> at 0
[   12.336209] edma-dma-engine edma-dma-engine.0: Can't allocate PaRAM dummy slot
[   12.336232] edma-dma-engine: probe of edma-dma-engine.0 failed with error -5
[   12.336592] vdd_ac_bat: 5000 mV 
[   12.336771] dvdd_ts: Failed to request enable GPIO61: -517
[   12.336859] reg-fixed-voltage 1.regulator: Failed to register regulator: -517
[   12.336877] platform 1.regulator: Driver reg-fixed-voltage requests probe deferral
[   12.336993] lcd_bl_en: Failed to request enable GPIO58: -517
[   12.337068] reg-fixed-voltage 2.regulator: Failed to register regulator: -517
[   12.337086] platform 2.regulator: Driver reg-fixed-voltage requests probe deferral
[   12.337200] usb1_vbus: Failed to request enable GPIO108: -517
[   12.337273] reg-fixed-voltage 3.regulator: Failed to register regulator: -517
[   12.337290] platform 3.regulator: Driver reg-fixed-voltage requests probe deferral
[   12.337403] usb2_vbus: Failed to request enable GPIO86: -517
[   12.337475] reg-fixed-voltage 4.regulator: Failed to register regulator: -517
[   12.337492] platform 4.regulator: Driver reg-fixed-voltage requests probe deferral
[   12.337605] vdd_hdmi_5v0: Failed to request enable GPIO81: -517
[   12.337677] reg-fixed-voltage 5.regulator: Failed to register regulator: -517
[   12.337695] platform 5.regulator: Driver reg-fixed-voltage requests probe deferral
[   12.338555] vgaarb: loaded
[   12.338875] SCSI subsystem initialized
[   12.339027] libata version 3.00 loaded.
[   12.339198] usbcore: registered new interface driver usbfs
[   12.339244] usbcore: registered new interface driver hub
[   12.339332] usbcore: registered new device driver usb
[   12.341980] vdd-cpu: 500 <--> 1520 mV at 1100 mV 
[   12.342238] pps_core: LinuxPPS API ver. 1 registered
[   12.342247] pps_core: Software ver. 5.3.6 - Copyright 2005-2007 Rodolfo Giometti <giometti@linux.it>
[   12.342269] PTP clock support registered
[   12.342311] EDAC MC: Ver: 3.0.0
[   12.343198] Switched to clocksource arch_sys_counter
[   12.350387] NET: Registered protocol family 2
[   12.350871] TCP established hash table entries: 8192 (order: 4, 65536 bytes)
[   12.351061] TCP bind hash table entries: 8192 (order: 4, 65536 bytes)
[   12.351238] TCP: Hash tables configured (established 8192 bind 8192)
[   12.351296] TCP: reno registered
[   12.351311] UDP hash table entries: 512 (order: 2, 16384 bytes)
[   12.351353] UDP-Lite hash table entries: 512 (order: 2, 16384 bytes)
[   12.351615] NET: Registered protocol family 1
[   12.351883] RPC: Registered named UNIX socket transport module.
[   12.351893] RPC: Registered udp transport module.
[   12.351900] RPC: Registered tcp transport module.
[   12.351907] RPC: Registered tcp NFSv4.1 backchannel transport module.
[   12.351918] PCI: CLS 0 bytes, default 64
[   12.353840] bounce pool size: 64 pages
[   12.361340] NFS: Registering the id_resolver key type
[   12.361379] Key type id_resolver registered
[   12.361389] Key type id_legacy registered
[   12.361623] Block layer SCSI generic (bsg) driver version 0.4 loaded (major 251)
[   12.361634] io scheduler noop registered
[   12.361643] io scheduler deadline registered
[   12.361783] io scheduler cfq registered (default)
[   12.370144] tegra-apbdma 6000a000.dma: Tegra20 APB DMA driver register 32 channels
[   12.412745] Serial: 8250/16550 driver, 4 ports, IRQ sharing disabled
[   12.413849] Serial: IMX driver
[   12.414802] 70006300.serial: ttyS0 at MMIO 0x70006300 (irq = 122) is a Tegra
[   13.126186] console [ttyS0] enabled
[   13.130500] serial: Freescale lpuart driver
[   13.134856] [drm] Initialized drm 1.1.0 20060810
[   13.141720] ehci_hcd: USB 2.0 'Enhanced' Host Controller (EHCI) Driver
[   13.148213] ehci-pci: EHCI PCI platform driver
[   13.152687] ehci-platform: EHCI generic platform driver
[   13.157967] ehci-mxc: Freescale On-Chip EHCI Host driver
[   13.163318] ehci-omap: OMAP-EHCI Host Controller driver
[   13.168587] ehci-orion: EHCI orion driver
[   13.172662] SPEAr-ehci: EHCI SPEAr driver
[   13.176723] tegra-ehci: Tegra EHCI driver
[   13.181056] usbcore: registered new interface driver usb-storage
[   13.187849] mousedev: PS/2 mouse device common for all mice
[   13.194062] tegra_rtc 7000e000.rtc: rtc core: registered 7000e000.rtc as rtc0
[   13.201193] tegra_rtc 7000e000.rtc: Tegra internal Real Time Clock
[   13.207892] sdhci: Secure Digital Host Controller Interface driver
[   13.214047] sdhci: Copyright(c) Pierre Ossman
[   13.218667] sdhci-pltfm: SDHCI platform and OF driver helper
[   13.224605] sdhci-tegra 78000400.sdhci: Got CD GPIO #170.
[   13.231024] mmc0: no vqmmc regulator found
[   13.235099] mmc0: no vmmc regulator found
[   13.239086] mmc0: Invalid maximum block size, assuming 512 bytes
[   13.289409] mmc0: SDHCI controller on 78000400.sdhci [78000400.sdhci] using ADMA
[   13.296877] mmc1: no vqmmc regulator found
[   13.300974] mmc1: no vmmc regulator found
[   13.304960] mmc1: Invalid maximum block size, assuming 512 bytes
[   13.349166] mmc1: SDHCI controller on 78000600.sdhci [78000600.sdhci] using ADMA
[   13.356923] usbcore: registered new interface driver usbhid
[   13.362477] usbhid: USB HID core driver
[   13.366519] TCP: cubic registered
[   13.370298] NET: Registered protocol family 10
[   13.375341] sit: IPv6 over IPv4 tunneling driver
[   13.380511] Key type dns_resolver registered
[   13.384867] VFP support v0.3: implementor 41 architecture 4 part 30 variant f rev 0
[   13.392530] Registering SWP/SWPB emulation handler
[   13.398182] dvdd_ts: 1800 mV 
[   13.401422] lcd_bl_en: 5000 mV 
[   13.404806] usb1_vbus: 5000 mV 
[   13.407966] reg-fixed-voltage 3.regulator: Failed to find supply vin
[   13.414404] reg-fixed-voltage 3.regulator: Failed to register regulator: -517
[   13.421523] platform 3.regulator: Driver reg-fixed-voltage requests probe deferral
[   13.429475] usb2_vbus: 5000 mV 
[   13.432623] reg-fixed-voltage 4.regulator: Failed to find supply vin
[   13.439040] reg-fixed-voltage 4.regulator: Failed to register regulator: -517
[   13.446143] platform 4.regulator: Driver reg-fixed-voltage requests probe deferral
[   13.454031] vdd_hdmi_5v0: 5000 mV 
[   13.457438] reg-fixed-voltage 5.regulator: Failed to find supply vin
[   13.463849] reg-fixed-voltage 5.regulator: Failed to register regulator: -517
[   13.470971] platform 5.regulator: Driver reg-fixed-voltage requests probe deferral
[   13.470986] mmc1: BKOPS_EN bit is not set
[   13.482682] tegra_rtc 7000e000.rtc: setting system clock to 1970-01-01 00:00:14 UTC (14)
[   13.491864] Waiting for root device /dev/mmcblk0p1...
 
[   13.497376] mmc1: new HS200 MMC card at address 0001
[   13.502863] mmcblk0: mmc1:0001 SEM32G 29.1 GiB 
[   13.507514] mmcblk0boot0: mmc1:0001 SEM32G partition 1 4.00 MiB
[   13.513556] mmcblk0boot1: mmc1:0001 SEM32G partition 2 4.00 MiB
[   13.519600] mmcblk0rpmb: mmc1:0001 SEM32G partition 3 4.00 MiB
[   13.527584] Primary GPT is invalid, using alternate GPT.
[   13.532903]  mmcblk0: p1 p2 p3 p4 p5
[   13.538939]  mmcblk0boot1: unknown partition table
[   13.545117]  mmcblk0boot0: unknown partition table
[   13.550341] usb1_vbus: 5000 mV 
[   13.553501] reg-fixed-voltage 3.regulator: Failed to find supply vin
[   13.559919] reg-fixed-voltage 3.regulator: Failed to register regulator: -517
[   13.567023] platform 3.regulator: Driver reg-fixed-voltage requests probe deferral
[   13.574950] usb2_vbus: 5000 mV 
[   13.578100] reg-fixed-voltage 4.regulator: Failed to find supply vin
[   13.584511] reg-fixed-voltage 4.regulator: Failed to register regulator: -517
[   13.591627] platform 4.regulator: Driver reg-fixed-voltage requests probe deferral
[   13.599515] vdd_hdmi_5v0: 5000 mV 
[   13.602924] reg-fixed-voltage 5.regulator: Failed to find supply vin
[   13.609330] reg-fixed-voltage 5.regulator: Failed to register regulator: -517
[   13.616433] platform 5.regulator: Driver reg-fixed-voltage requests probe deferral
[   13.721391] EXT4-fs (mmcblk0p1): mounting ext3 file system using the ext4 subsystem
[   13.754825] EXT4-fs (mmcblk0p1): recovery complete
[   13.759625] EXT4-fs (mmcblk0p1): mounted filesystem with ordered data mode. Opts: (null)
[   13.767721] VFS: Mounted root (ext3 filesystem) on device 179:1.
[   13.780903] devtmpfs: mounted
[   13.784286] Freeing unused kernel memory: 472K (c06a2000 - c0718000)
bash: cannot set terminal process group (-1): Inappropriate ioctl for device
bash: no job control in this shell
I have no name!@(none):/#  
I have no name!@(none):/# 