

U-Boot 2015.04-00466-gedec83e90172 (Mar 14 2016 - 10:42:01)

TEGRA124
Model: Acer Chromebook 13 CB5-311
DRAM:  4 GiB
C:   Tegra SD/MMC: 0, Tegra SD/MMC: 1, Tegra SD/MMC: 2
MMC init failed
Using default environment

In:    serial
Out:   serial
Err:   serial
Net:   Net Initialization Skipped
No ethernet found.
Hit any key to stop autoboot:  2  0 
Tegra124 (Nyan-big) # 
Tegra124 (Nyan-big) # usb start
starting USB...
USB0:   USB EHCI 1.10
scanning bus 0 for devices... 2 USB Device(s) found
USB1:   USB EHCI 1.10
scanning bus 1 for devices... 2 USB Device(s) found
       scanning usb for storage devices... 1 Storage Device(s) found
       scanning usb for ethernet devices... 
Warning: asx0 using MAC address from net device
1 Ethernet Device(s) found
Tegra124 (Nyan-big) # mw 0x7000e4a0 0x00080000
Tegra124 (Nyan-big) # setenv bootargs 'ignore_loglevel console=ttyS0,115200n8 rw root=PARTUUID=4d36e82a-b3c0-4b4b-bfcd-afe5217ac023 rootwait gpt debug noinitrd earlyprintk init=/bin/bash'
Tegra124 (Nyan-big) # setenv ipaddr 192.168.100.102; setenv serverip 192.168.100.1; setenv tftpserverip 192.168.100.1
Tegra124 (Nyan-big) # tftpboot 0x82000000 zImage.multi_v7_defconfig
Using asx0 device
TFTP from server 192.168.100.1; our IP address is 192.168.100.102
Filename 'zImage.multi_v7_defconfig'.
Load address: 0x82000000
Loading: *#################################################################
	 #################################################################
	 #################################################################
	 #################################################################
	 #################################################################
	 #################################################################
	 #################################################################
	 ###########################################################
	 2.8 MiB/s
done
Bytes transferred = 7541928 (7314a8 hex)
Tegra124 (Nyan-big) # tftpboot 0x83000000 tegra124-nyan-big.dtb
Using asx0 device
TFTP from server 192.168.100.1; our IP address is 192.168.100.102
Filename 'tegra124-nyan-big.dtb'.
Load address: 0x83000000
Loading: *#####
	 2.8 MiB/s
done
Bytes transferred = 68155 (10a3b hex)
Tegra124 (Nyan-big) # bootz 0x82000000 - 0x83000000
Kernel image @ 0x82000000 [ 0x000000 - 0x7314a8 ]
## Flattened Device Tree blob at 83000000
   Booting using the fdt blob at 0x83000000
   Using Device Tree in place at 83000000, end 83013a3a

Starting kernel ...

[    0.000000] Booting Linux on physical CPU 0x0
[    0.000000] Linux version 4.11.0-rc8-157047-g5a7ad11 (jonathanh@sellafield) (gcc version 4.7.3 20130328 (prerelease) (crosstool-NG linaro-1.13.1-4.7-2013.04-20130415 - Linaro GCC 2013.04) ) #1 SMP Sun Apr 23 17:34:49 PDT 2017
[    0.000000] CPU: ARMv7 Processor [413fc0f3] revision 3 (ARMv7), cr=10c5387d
[    0.000000] CPU: div instructions available: patching division code
[    0.000000] CPU: PIPT / VIPT nonaliasing data cache, PIPT instruction cache
[    0.000000] OF: fdt: Machine model: Acer Chromebook 13 CB5-311
[    0.000000] OF: fdt: Ignoring memory range 0x100000000 - 0x17ffff000
[    0.000000] debug: ignoring loglevel setting.
[    0.000000] efi: Getting EFI parameters from FDT:
[    0.000000] efi: UEFI not found.
[    0.000000] cma: Reserved 64 MiB at 0xfb800000
[    0.000000] Memory policy: Data cache writealloc
[    0.000000] On node 0 totalpages: 524287
[    0.000000] free_area_init_node: node 0, pgdat c1538200, node_mem_map eeff8000
[    0.000000]   DMA zone: 1536 pages used for memmap
[    0.000000]   DMA zone: 0 pages reserved
[    0.000000]   DMA zone: 196608 pages, LIFO batch:31
[    0.000000]   HighMem zone: 327679 pages, LIFO batch:31
[    0.000000] percpu: Embedded 16 pages/cpu @eef85000 s34432 r8192 d22912 u65536
[    0.000000] pcpu-alloc: s34432 r8192 d22912 u65536 alloc=16*4096
[    0.000000] pcpu-alloc: [0] 0 [0] 1 [0] 2 [0] 3 
[    0.000000] Built 1 zonelists in Zone order, mobility grouping on.  Total pages: 522751
[    0.000000] Kernel command line: ignore_loglevel console=ttyS0,115200n8 rw root=PARTUUID=4d36e82a-b3c0-4b4b-bfcd-afe5217ac023 rootwait gpt debug noinitrd earlyprintk init=/bin/bash
[    0.000000] PID hash table entries: 4096 (order: 2, 16384 bytes)
[    0.000000] Dentry cache hash table entries: 131072 (order: 7, 524288 bytes)
[    0.000000] Inode-cache hash table entries: 65536 (order: 6, 262144 bytes)
[    0.000000] Memory: 1994668K/2097148K available (10240K kernel code, 1254K rwdata, 4212K rodata, 2048K init, 536K bss, 36944K reserved, 65536K cma-reserved, 1245180K highmem)
[    0.000000] Virtual kernel memory layout:
[    0.000000]     vector  : 0xffff0000 - 0xffff1000   (   4 kB)
[    0.000000]     fixmap  : 0xffc00000 - 0xfff00000   (3072 kB)
[    0.000000]     vmalloc : 0xf0800000 - 0xff800000   ( 240 MB)
[    0.000000]     lowmem  : 0xc0000000 - 0xf0000000   ( 768 MB)
[    0.000000]     pkmap   : 0xbfe00000 - 0xc0000000   (   2 MB)
[    0.000000]     modules : 0xbf000000 - 0xbfe00000   (  14 MB)
[    0.000000]       .text : 0xc0208000 - 0xc0d00000   (11232 kB)
[    0.000000]       .init : 0xc1200000 - 0xc1400000   (2048 kB)
[    0.000000]       .data : 0xc1400000 - 0xc1539b20   (1255 kB)
[    0.000000]        .bss : 0xc153b000 - 0xc15c12b8   ( 537 kB)
[    0.000000] SLUB: HWalign=64, Order=0-3, MinObjects=0, CPUs=4, Nodes=1
[    0.000000] Hierarchical RCU implementation.
[    0.000000] 	RCU debugfs-based tracing is enabled.
[    0.000000] 	Build-time adjustment of leaf fanout to 32.
[    0.000000] 	RCU restricting CPUs from NR_CPUS=16 to nr_cpu_ids=4.
[    0.000000] RCU: Adjusting geometry for rcu_fanout_leaf=32, nr_cpu_ids=4
[    0.000000] NR_IRQS:16 nr_irqs:16 16
[    0.000000] /interrupt-controller@60004000: 160 interrupts forwarded to /interrupt-controller@50041000
[    0.000000] Tegra clk 127: register failed with -17
[    0.000003] sched_clock: 32 bits at 1000kHz, resolution 1000ns, wraps every 2147483647500ns
[    0.000012] clocksource: timer_us: mask: 0xffffffff max_cycles: 0xffffffff, max_idle_ns: 1911260446275 ns
[    0.000019] Switching to timer-based delay loop, resolution 1000ns
[    0.001882] arm_arch_timer: Architected cp15 timer(s) running at 12.00MHz (virt).
[    0.001890] clocksource: arch_sys_counter: mask: 0xffffffffffffff max_cycles: 0x2c47f4ee7, max_idle_ns: 440795202497 ns
[    0.001897] sched_clock: 56 bits at 12MHz, resolution 83ns, wraps every 4398046511096ns
[    0.001901] Switching to timer-based delay loop, resolution 83ns
[    0.002118] Console: colour dummy device 80x30
[    0.002132] Calibrating delay loop (skipped), value calculated using timer frequency.. 24.00 BogoMIPS (lpj=120000)
[    0.002138] pid_max: default: 32768 minimum: 301
[    0.002182] Mount-cache hash table entries: 2048 (order: 1, 8192 bytes)
[    0.002187] Mountpoint-cache hash table entries: 2048 (order: 1, 8192 bytes)
[    0.002384] CPU: Testing write buffer coherency: ok
[    0.002508] /cpus/cpu@0 missing clock-frequency property
[    0.002523] /cpus/cpu@1 missing clock-frequency property
[    0.002538] /cpus/cpu@2 missing clock-frequency property
[    0.002553] /cpus/cpu@3 missing clock-frequency property
[    0.002558] CPU0: thread -1, cpu 0, socket 0, mpidr 80000000
[    0.002674] Setting up static identity map for 0x80300000 - 0x80300098
[    0.004031] Tegra Revision: A01 SKU: 131 CPU Process: 1 SoC Process: 1
[    0.004268] EFI services will not be available.
[    0.004365] smp: Bringing up secondary CPUs ...
[    0.004658] CPU1: thread -1, cpu 1, socket 0, mpidr 80000001
[    0.012049] CPU2: thread -1, cpu 2, socket 0, mpidr 80000002
[    0.022050] CPU3: thread -1, cpu 3, socket 0, mpidr 80000003
[    0.031775] smp: Brought up 1 node, 4 CPUs
[    0.031783] SMP: Total of 4 processors activated (96.00 BogoMIPS).
[    0.031787] CPU: All CPU(s) started in SVC mode.
[    0.032338] devtmpfs: initialized
[    0.037838] VFP support v0.3: implementor 41 architecture 4 part 30 variant f rev 0
[    0.038027] clocksource: jiffies: mask: 0xffffffff max_cycles: 0xffffffff, max_idle_ns: 19112604462750000 ns
[    0.038035] futex hash table entries: 1024 (order: 4, 65536 bytes)
[    0.038592] pinctrl core: initialized pinctrl subsystem
[    0.039366] NET: Registered protocol family 16
[    0.040106] DMA: preallocated 256 KiB pool for atomic coherent allocations
[    0.041004] cpuidle: using governor menu
[    0.049988] No ATAGs?
[    0.050042] hw-breakpoint: found 5 (+1 reserved) breakpoint and 4 watchpoint registers.
[    0.050048] hw-breakpoint: maximum watchpoint size is 8 bytes.
[    0.052622] Serial: AMBA PL011 UART driver
[    0.052971] tegra-mc 70019000.memory-controller: no memory timings for RAM code 0 registered
[    0.058201] +5V_SYS: supplied by +VDD_MUX
[    0.058293] +3.3V_SYS: supplied by +VDD_MUX
[    0.058495] +VDD_LED: Failed to request enable GPIO122: -517
[    0.058501] reg-fixed-voltage regulators:regulator@5: Failed to register regulator: -517
[    0.058532] +5V_VDD_TS_SW: Failed to request enable GPIO81: -517
[    0.058538] reg-fixed-voltage regulators:regulator@6: Failed to register regulator: -517
[    0.058568] +5V_USB_HS: Failed to request enable GPIO108: -517
[    0.058573] reg-fixed-voltage regulators:regulator@7: Failed to register regulator: -517
[    0.058602] +5V_USB_SS: Failed to request enable GPIO109: -517
[    0.058607] reg-fixed-voltage regulators:regulator@8: Failed to register regulator: -517
[    0.058685] +1.05V_RUN_AVDD_HDMI_PLL: Failed to request enable GPIO63: -517
[    0.058689] reg-fixed-voltage regulators:regulator@11: Failed to register regulator: -517
[    0.058719] +5V_HDMI_CON: Failed to request enable GPIO86: -517
[    0.058724] reg-fixed-voltage regulators:regulator@12: Failed to register regulator: -517
[    0.059781] vgaarb: loaded
[    0.060052] SCSI subsystem initialized
[    0.060120] libata version 3.00 loaded.
[    0.060209] usbcore: registered new interface driver usbfs
[    0.060230] usbcore: registered new interface driver hub
[    0.060252] usbcore: registered new device driver usb
[    0.061518] pps_core: LinuxPPS API ver. 1 registered
[    0.061523] pps_core: Software ver. 5.3.6 - Copyright 2005-2007 Rodolfo Giometti <giometti@linux.it>
[    0.061531] PTP clock support registered
[    0.061593] EDAC MC: Ver: 3.0.0
[    0.062009] tegra-emc 7001b000.emc: no memory timings for RAM code 0 found in DT
[    0.062018] tegra-emc: probe of 7001b000.emc failed with error -2
[    0.062446] clocksource: Switched to clocksource arch_sys_counter
[    0.065566] NET: Registered protocol family 2
[    0.065754] TCP established hash table entries: 8192 (order: 3, 32768 bytes)
[    0.065787] TCP bind hash table entries: 8192 (order: 4, 65536 bytes)
[    0.065850] TCP: Hash tables configured (established 8192 bind 8192)
[    0.065883] UDP hash table entries: 512 (order: 2, 16384 bytes)
[    0.065898] UDP-Lite hash table entries: 512 (order: 2, 16384 bytes)
[    0.065957] NET: Registered protocol family 1
[    0.066075] RPC: Registered named UNIX socket transport module.
[    0.066079] RPC: Registered udp transport module.
[    0.066082] RPC: Registered tcp transport module.
[    0.066085] RPC: Registered tcp NFSv4.1 backchannel transport module.
[    0.066089] PCI: CLS 0 bytes, default 64
[    0.066522] hw perfevents: enabled with armv7_cortex_a15 PMU driver, 7 counters available
[    0.067169] workingset: timestamp_bits=30 max_order=19 bucket_order=0
[    0.069895] squashfs: version 4.0 (2009/01/31) Phillip Lougher
[    0.070137] NFS: Registering the id_resolver key type
[    0.070150] Key type id_resolver registered
[    0.070153] Key type id_legacy registered
[    0.070169] ntfs: driver 2.1.32 [Flags: R/O].
[    0.070741] bounce: pool size: 64 pages
[    0.070758] Block layer SCSI generic (bsg) driver version 0.4 loaded (major 248)
[    0.070762] io scheduler noop registered
[    0.070766] io scheduler deadline registered
[    0.070819] io scheduler cfq registered (default)
[    0.070823] io scheduler mq-deadline registered
[    0.072606] tegra-xusb-padctl 7009f000.padctl: failed to setup XUSB ports: -517
[    0.082013] tegra-apbdma 60020000.dma: Tegra20 APB DMA driver register 32 channels
[    0.082708] tegra-pmc 7000e400.pmc: i2c-thermtrip node not found, emergency thermal reset disabled.
[    0.100450] Serial: 8250/16550 driver, 4 ports, IRQ sharing disabled
[    0.101460] console [ttyS0] disabled
[    0.101476] 70006000.serial: ttyS0 at MMIO 0x70006000 (irq = 333, base_baud = 25500000) is a Tegra
[    0.984820] console [ttyS0] enabled
[    0.988582] SuperH (H)SCI(F) driver initialized
[    0.993436] msm_serial: driver initialized
[    0.997581] STMicroelectronics ASC driver initialized
[    1.005111] tegra-hdmi 54280000.hdmi: failed to get HDMI regulator
[    1.011634] tegra-dpaux 545c0000.dpaux: failed to get VDD supply: -517
[    1.018936] panel-simple panel: panel supply power not found, using dummy regulator
[    1.030090] brd: module loaded
[    1.035783] loop: module loaded
[    1.039807] as3722 4-0040: AS3722 with revision 0x1 found
[    1.049763] as3722-sd2: supplied by +5V_SYS
[    1.054180] as3722-sd3: supplied by +5V_SYS
[    1.058506] +1.35V_LP0(sd3): Bringing 0uV into 1350000-1350000uV
[    1.064722] as3722-sd4: supplied by +5V_SYS
[    1.069050] +1.05V_RUN: Bringing 0uV into 1050000-1050000uV
[    1.074788] as3722-sd5: supplied by +5V_SYS
[    1.080358] as3722-ldo0: supplied by +1.35V_LP0(sd2)
[    1.086083] +1.8V_RUN_CAM: Bringing 0uV into 1800000-1800000uV
[    1.092091] as3722-ldo2: supplied by +1.8V_VDDIO
[    1.097704] as3722-ldo3: supplied by +3.3V_SYS
[    1.102148] +1.00V_LP0_VDD_RTC: Bringing 1100000uV into 1000000-1000000uV
[    1.109716] as3722-ldo4: supplied by +3.3V_SYS
[    1.114324] +3.3V_RUN_CAM: Bringing 0uV into 2800000-2800000uV
[    1.120332] as3722-ldo5: supplied by +1.8V_VDDIO
[    1.125103] +1.2V_RUN_CAM_FRONT: Bringing 0uV into 1200000-1200000uV
[    1.131775] +VDDIO_SDMMC3: Bringing 0uV into 1800000-1800000uV
[    1.137795] as3722-ldo7: supplied by +1.8V_VDDIO
[    1.142561] +1.05V_RUN_CAM_REAR: Bringing 0uV into 1050000-1050000uV
[    1.149097] as3722-ldo9: supplied by +5V_SYS
[    1.153663] +2.8V_RUN_TOUCH: Bringing 0uV into 2800000-2800000uV
[    1.159848] as3722-ldo10: supplied by +5V_SYS
[    1.164357] +2.8V_RUN_CAM_AF: Bringing 0uV into 2800000-2800000uV
[    1.170780] +1.8V_RUN_VPP_FUSE: Bringing 0uV into 1800000-1800000uV
[    1.183094] random: fast init done
[    1.188971] m25p80 spi32765.0: w25q32dw (4096 Kbytes)
[    1.195049] libphy: Fixed MDIO Bus: probed
[    1.199520] CAN device driver interface
[    1.203668] bgmac_bcma: Broadcom 47xx GBit MAC driver loaded
[    1.209765] e1000e: Intel(R) PRO/1000 Network Driver - 3.2.6-k
[    1.215587] e1000e: Copyright(c) 1999 - 2015 Intel Corporation.
[    1.221512] igb: Intel(R) Gigabit Ethernet Network Driver - version 5.4.0-k
[    1.228461] igb: Copyright (c) 2007-2014 Intel Corporation.
[    1.235201] pegasus: v0.9.3 (2013/04/25), Pegasus/Pegasus II USB Ethernet driver
[    1.242605] usbcore: registered new interface driver pegasus
[    1.248263] usbcore: registered new interface driver asix
[    1.253666] usbcore: registered new interface driver ax88179_178a
[    1.259752] usbcore: registered new interface driver cdc_ether
[    1.265592] usbcore: registered new interface driver smsc75xx
[    1.271337] usbcore: registered new interface driver smsc95xx
[    1.277083] usbcore: registered new interface driver net1080
[    1.282743] usbcore: registered new interface driver cdc_subset
[    1.288655] usbcore: registered new interface driver zaurus
[    1.294236] usbcore: registered new interface driver cdc_ncm
[    1.300504] ehci_hcd: USB 2.0 'Enhanced' Host Controller (EHCI) Driver
[    1.307021] ehci-pci: EHCI PCI platform driver
[    1.311464] ehci-platform: EHCI generic platform driver
[    1.316750] ehci-orion: EHCI orion driver
[    1.320791] SPEAr-ehci: EHCI SPEAr driver
[    1.324840] ehci-st: EHCI STMicroelectronics driver
[    1.329749] ehci-exynos: EHCI EXYNOS driver
[    1.333977] ehci-atmel: EHCI Atmel driver
[    1.338020] tegra-ehci: Tegra EHCI driver
[    1.342076] ohci_hcd: USB 1.1 'Open' Host Controller (OHCI) Driver
[    1.348250] ohci-pci: OHCI PCI platform driver
[    1.352698] ohci-platform: OHCI generic platform driver
[    1.357961] ohci-omap3: OHCI OMAP3 driver
[    1.362003] SPEAr-ohci: OHCI SPEAr driver
[    1.366052] ohci-st: OHCI STMicroelectronics driver
[    1.370963] ohci-atmel: OHCI Atmel driver
[    1.375217] usbcore: registered new interface driver usb-storage
[    1.382200] elan_i2c 1-0015: 1-0015 supply vcc not found, using dummy regulator
[    1.390860] as3722-rtc as3722-rtc: rtc core: registered as3722-rtc as rtc0
[    1.397727] as3722-rtc as3722-rtc: RTC interrupt 372
[    1.404606] tegra_rtc 7000e000.rtc: rtc core: registered 7000e000.rtc as rtc1
[    1.411735] tegra_rtc 7000e000.rtc: Tegra internal Real Time Clock
[    1.418086] i2c /dev entries driver
[    1.423877] lm90 0-004c: 0-004c supply vcc not found, using dummy regulator
[    1.435184] sdhci: Secure Digital Host Controller Interface driver
[    1.441349] sdhci: Copyright(c) Pierre Ossman
[    1.446248] Synopsys Designware Multimedia Card Interface Driver
[    1.452634] sdhci-pltfm: SDHCI platform and OF driver helper
[    1.458545] sdhci-tegra 700b0000.sdhci: allocated mmc-pwrseq
[    1.464309] sdhci-tegra 700b0400.sdhci: Got CD GPIO
[    1.469179] sdhci-tegra 700b0400.sdhci: Got WP GPIO
[    1.474165] mmc0: Unknown controller version (3). You may experience problems.
[    1.481401] mmc0: Invalid maximum block size, assuming 512 bytes
[    1.548906] elan_i2c 1-0015: Elan Touchpad: Module ID: 0x002a, Firmware: 0x0005, Sample: 0x0007, IAP: 0x0009
[    1.552456] mmc0: SDHCI controller on 700b0600.sdhci [700b0600.sdhci] using ADMA
[    1.566241] ledtrig-cpu: registered to indicate activity on CPUs
[    1.566360] input: Elan Touchpad as /devices/soc0/7000c400.i2c/i2c-1/1-0015/input/input0
[    1.580424] usbcore: registered new interface driver usbhid
[    1.585988] usbhid: USB HID core driver
[    1.591180] NET: Registered protocol family 10
[    1.595952] Segment Routing with IPv6
[    1.599625] sit: IPv6, IPv4 and MPLS over IPv4 tunneling driver
[    1.605746] NET: Registered protocol family 17
[    1.610180] can: controller area network core (rev 20120528 abi 9)
[    1.616413] NET: Registered protocol family 29
[    1.620843] can: raw protocol (rev 20120528)
[    1.625105] can: broadcast manager protocol (rev 20161123 t)
[    1.630751] can: netlink gateway (rev 20130117) max_hops=1
[    1.636350] Key type dns_resolver registered
[    1.640812] ThumbEE CPU extension supported.
[    1.645078] Registering SWP/SWPB emulation handler
[    1.654843] +3.3V_RUN: supplied by +3.3V_SYS
[    1.659831] +VDD_LED: supplied by +VDD_MUX
[    1.664142] +3.3V_AVDD_HDMI_AP_GATED: supplied by +3.3V_RUN
[    1.669793] +1.8V_RUN_CAM: supplied by +3.3V_RUN
[    1.674488] +VDDIO_SDMMC3: supplied by +3.3V_RUN
[    1.679190] +1.8V_RUN_VPP_FUSE: supplied by +3.3V_RUN
[    1.684465] +5V_VDD_TS_SW: supplied by +5V_SYS
[    1.689083] +5V_USB_HS: supplied by +5V_SYS
[    1.693676] +5V_USB_SS: supplied by +5V_SYS
[    1.698901] +3.3V_PANEL: supplied by +3.3V_RUN
[    1.704442] +3.3V_LP0: supplied by +3.3V_SYS
[    1.709559] +1.05V_RUN_AVDD_HDMI_PLL: supplied by +1.05V_RUN
[    1.715454] mmc0: new high speed MMC card at address 0001
[    1.715770] +5V_HDMI_CON: supplied by +5V_SYS
[    1.716703]  usb3-0: usb3-0 supply vbus not found, using dummy regulator
[    1.716760]  usb3-1: usb3-1 supply vbus not found, using dummy regulator
[    1.716865] elan_i2c 1-0015: failed to read report data: -121
[    1.720425] tegra-sor 54540000.sor: failed to probe output: -517
[    1.721153] panel-simple panel: panel supply power not found, using dummy regulator
[    1.722043] sdhci-tegra 700b0000.sdhci: allocated mmc-pwrseq
[    1.722143] mmc1: Unknown controller version (3). You may experience problems.
[    1.722183] mmc1: Invalid maximum block size, assuming 512 bytes
[    1.722557] mmc1: Switching to 3.3V signalling voltage failed
[    1.782528] mmc1: SDHCI controller on 700b0000.sdhci [700b0000.sdhci] using ADMA
[    1.783510] sdhci-tegra 700b0400.sdhci: Got CD GPIO
[    1.783526] sdhci-tegra 700b0400.sdhci: Got WP GPIO
[    1.783650] mmc2: Unknown controller version (3). You may experience problems.
[    1.783702] mmc2: Invalid maximum block size, assuming 512 bytes
[    1.813606] mmcblk0: mmc0:0001 MMC16G 14.4 GiB 
[    1.818597] mmcblk0boot0: mmc0:0001 MMC16G partition 1 2.00 MiB
[    1.824907] mmcblk0boot1: mmc0:0001 MMC16G partition 2 2.00 MiB
[    1.831385] mmcblk0rpmb: mmc0:0001 MMC16G partition 3 128 KiB
[    1.839993] mmc1: new high speed SDIO card at address 0001
[    1.841665]  mmcblk0: p1 p2 p3 p4 p5 p6 p7 p8 p9 p10 p11 p12
[    1.851512] mmc2: SDHCI controller on 700b0400.sdhci [700b0400.sdhci] using ADMA
[    1.859540] elan_i2c 1-0015: invalid report id data (ff)
[    1.955920] [drm] Supports vblank timestamp caching Rev 2 (21.10.2013).
[    1.962542] [drm] No driver support for vblank timestamp query.
[    2.015330] mmc2: new high speed SDHC card at address 0007
[    2.015822] mmcblk2: mmc2:0007 SD08G 7.42 GiB 
[    2.025696] GPT:Primary header alternate_lba != Alt. header my_lba
[    2.025700] GPT:3014591 != 15564799
[    2.025702] GPT:Primary header thinks Alt. header is not at the end of the disk.
[    2.025703] GPT:3014591 != 15564799
[    2.025704] GPT: Use GNU Parted to correct GPT errors.
[    2.025732]  mmcblk2: p1 p2 p3 p4 p5 p6 p7 p8 p9 p10 p11 p12
[    2.050937] Console: switching to colour frame buffer device 170x48
[    2.115143] drm drm: fb0:  frame buffer device
[    2.119635] [drm] Initialized tegra 0.0.0 20120330 for drm on minor 0
[    2.126796] input: gpio-keys as /devices/soc0/gpio-keys/input/input1
[    2.134296] as3722-rtc as3722-rtc: setting system clock to 2000-01-01 00:00:23 UTC (946684823)
[    2.143449] +1.8V_RUN_CAM: disabling
[    2.147236] +3.3V_RUN_CAM: disabling
[    2.150964] +1.2V_RUN_CAM_FRONT: disabling
[    2.155337] +1.05V_RUN_CAM_REAR: disabling
[    2.159590] +2.8V_RUN_TOUCH: disabling
[    2.163607] +2.8V_RUN_CAM_AF: disabling
[    2.167599] +1.8V_RUN_VPP_FUSE: disabling
[    2.171763] +5V_VDD_TS_SW: disabling
[    2.175376] +5V_USB_HS: disabling
[    2.178691] +5V_USB_SS: disabling
[    2.182829] EXT4-fs (mmcblk0p3): couldn't mount as ext3 due to feature incompatibilities
[    2.191416] EXT4-fs (mmcblk0p3): couldn't mount as ext2 due to feature incompatibilities
[    2.290706] EXT4-fs (mmcblk0p3): recovery complete
[    2.295524] EXT4-fs (mmcblk0p3): mounted filesystem with ordered data mode. Opts: (null)
[    2.303644] VFS: Mounted root (ext4 filesystem) on device 179:3.
[    2.310824] devtmpfs: mounted
[    2.314595] Freeing unused kernel memory: 2048K
bash: cannot set terminal process group (-1): Inappropriate ioctl for device
bash: no job control in this shell
root@(none):/# 