
U-Boot SPL 2015.04-rc3-00209-ga74ef40 (Mar 16 2015 - 14:43:39)


U-Boot 2015.04-rc3-00209-ga74ef40 (Mar 16 2015 - 14:43:39)

TEGRA20
Model: Compulab TrimSlice board
DRAM:  1 GiB
MMC:   Tegra SD/MMC: 0, Tegra SD/MMC: 1
SF: Detected W25Q80BL with page size 256 Bytes, erase size 4 KiB, total 1 MiB
tegra-pcie: PCI regions:
tegra-pcie:   I/O: 0x82000000-0x82010000
tegra-pcie:   non-prefetchable memory: 0xa0000000-0xa8000000
tegra-pcie:   prefetchable memory: 0xa8000000-0xc0000000
tegra-pcie: dual-mode configuration
tegra-pcie: probing port 0, using 2 lanes
In:    serial
Out:   serial
Err:   serial
Net:   RTL8169#0
Hit any key to stop autoboot:  2  0 
Tegra20 (TrimSlice) # 
Tegra20 (TrimSlice) # usb reset
resetting USB...
USB0:   USB EHCI 1.00
scanning bus 0 for devices... 3 USB Device(s) found
USB1:   USB EHCI 1.00
scanning bus 1 for devices... 1 USB Device(s) found
USB2:   lowlevel init failed
       scanning usb for storage devices... 0 Storage Device(s) found
       scanning usb for ethernet devices... 
Warning: asx0 using MAC address from net device
1 Ethernet Device(s) found
Tegra20 (TrimSlice) # setenv bootargs 'ignore_loglevel console=ttyS0,115200n8 rw root=PARTUUID=11eb23c1-01 rootwait gpt debug noinitrd earlyprintk init=/bin/bash'
Tegra20 (TrimSlice) # setenv ipaddr 192.168.100.103; setenv serverip 192.168.100.1; setenv tftpserverip 192.168.100.1
Tegra20 (TrimSlice) # tftpboot 0x00408000 zImage.multi_v7_defconfig
Using RTL8169#0 device
TFTP from server 192.168.100.1; our IP address is 192.168.100.103
Filename 'zImage.multi_v7_defconfig'.
Load address: 0x408000
Loading: *#################################################################
	 #################################################################
	 #################################################################
	 #################################################################
	 #################################################################
	 #################################################################
	 #################################################################
	 #######################################
	 4 MiB/s
done
Bytes transferred = 7239360 (6e76c0 hex)
Tegra20 (TrimSlice) # tftpboot 0x02408000 tegra20-trimslice.dtb
Using RTL8169#0 device
TFTP from server 192.168.100.1; our IP address is 192.168.100.103
Filename 'tegra20-trimslice.dtb'.
Load address: 0x2408000
Loading: *##
	 3.4 MiB/s
done
Bytes transferred = 21172 (52b4 hex)
Tegra20 (TrimSlice) # bootz 0x00408000 - 0x02408000
Kernel image @ 0x408000 [ 0x000000 - 0x6e76c0 ]
## Flattened Device Tree blob at 02408000
   Booting using the fdt blob at 0x2408000
   Using Device Tree in place at 02408000, end 024102b3

Starting kernel ...

[    0.000000] Booting Linux on physical CPU 0x0
[    0.000000] Linux version 4.7.0-rc4-96064-g33688ab (pwalmsley@sellafield) (gcc version 4.7.3 20130328 (prerelease) (crosstool-NG linaro-1.13.1-4.7-2013.04-20130415 - Linaro GCC 2013.04) ) #1 SMP Sun Jun 19 22:04:28 PDT 2016
[    0.000000] CPU: ARMv7 Processor [411fc090] revision 0 (ARMv7), cr=10c5387d
[    0.000000] CPU: PIPT / VIPT nonaliasing data cache, VIPT aliasing instruction cache
[    0.000000] Machine model: Compulab TrimSlice board
[    0.000000] debug: ignoring loglevel setting.
[    0.000000] cma: Reserved 64 MiB at 0x3c000000
[    0.000000] Memory policy: Data cache writealloc
[    0.000000] On node 0 totalpages: 262144
[    0.000000] free_area_init_node: node 0, pgdat c141bb40, node_mem_map ef7f8000
[    0.000000]   DMA zone: 1536 pages used for memmap
[    0.000000]   DMA zone: 0 pages reserved
[    0.000000]   DMA zone: 196608 pages, LIFO batch:31
[    0.000000]   HighMem zone: 65536 pages, LIFO batch:15
[    0.000000] percpu: Embedded 13 pages/cpu @ef7c9000 s23808 r8192 d21248 u53248
[    0.000000] pcpu-alloc: s23808 r8192 d21248 u53248 alloc=13*4096
[    0.000000] pcpu-alloc: [0] 0 [0] 1 
[    0.000000] Built 1 zonelists in Zone order, mobility grouping on.  Total pages: 260608
[    0.000000] Kernel command line: ignore_loglevel console=ttyS0,115200n8 rw root=PARTUUID=11eb23c1-01 rootwait gpt debug noinitrd earlyprintk init=/bin/bash
[    0.000000] PID hash table entries: 4096 (order: 2, 16384 bytes)
[    0.000000] Dentry cache hash table entries: 131072 (order: 7, 524288 bytes)
[    0.000000] Inode-cache hash table entries: 65536 (order: 6, 262144 bytes)
[    0.000000] Memory: 955932K/1048576K available (9529K kernel code, 1142K rwdata, 4476K rodata, 2048K init, 343K bss, 27108K reserved, 65536K cma-reserved, 196608K highmem)
[    0.000000] Virtual kernel memory layout:
[    0.000000]     vector  : 0xffff0000 - 0xffff1000   (   4 kB)
[    0.000000]     fixmap  : 0xffc00000 - 0xfff00000   (3072 kB)
[    0.000000]     vmalloc : 0xf0800000 - 0xff800000   ( 240 MB)
[    0.000000]     lowmem  : 0xc0000000 - 0xf0000000   ( 768 MB)
[    0.000000]     pkmap   : 0xbfe00000 - 0xc0000000   (   2 MB)
[    0.000000]     modules : 0xbf000000 - 0xbfe00000   (  14 MB)
[    0.000000]       .text : 0xc0208000 - 0xc10ad50c   (14998 kB)
[    0.000000]       .init : 0xc1100000 - 0xc1300000   (2048 kB)
[    0.000000]       .data : 0xc1300000 - 0xc141dba0   (1143 kB)
[    0.000000]        .bss : 0xc141f000 - 0xc1474ca0   ( 344 kB)
[    0.000000] SLUB: HWalign=64, Order=0-3, MinObjects=0, CPUs=2, Nodes=1
[    0.000000] Hierarchical RCU implementation.
[    0.000000] 	Build-time adjustment of leaf fanout to 32.
[    0.000000] 	RCU restricting CPUs from NR_CPUS=16 to nr_cpu_ids=2.
[    0.000000] RCU: Adjusting geometry for rcu_fanout_leaf=32, nr_cpu_ids=2
[    0.000000] NR_IRQS:16 nr_irqs:16 16
[    0.000000] /interrupt-controller@60004000: 128 interrupts forwarded to /interrupt-controller@50041000
[    0.000000] L2C: platform modifies aux control register: 0x02080000 -> 0x3e480001
[    0.000000] L2C: DT/platform modifies aux control register: 0x02080000 -> 0x3e480001
[    0.000000] L2C-310 errata 727915 769419 enabled
[    0.000000] L2C-310 enabling early BRESP for Cortex-A9
[    0.000000] L2C-310: enabling full line of zeros but not enabled in Cortex-A9
[    0.000000] L2C-310 ID prefetch enabled, offset 1 lines
[    0.000000] L2C-310 cache controller enabled, 8 ways, 1024 kB
[    0.000000] L2C-310: CACHE_ID 0x410000c4, AUX_CTRL 0x7e480001
[    0.000010] sched_clock: 32 bits at 1000kHz, resolution 1000ns, wraps every 2147483647500ns
[    0.000027] clocksource: timer_us: mask: 0xffffffff max_cycles: 0xffffffff, max_idle_ns: 1911260446275 ns
[    0.000037] Switching to timer-based delay loop, resolution 1000ns
[    0.001648] Console: colour dummy device 80x30
[    0.001670] Calibrating delay loop (skipped), value calculated using timer frequency.. 2.00 BogoMIPS (lpj=5000)
[    0.001680] pid_max: default: 32768 minimum: 301
[    0.001756] Mount-cache hash table entries: 2048 (order: 1, 8192 bytes)
[    0.001764] Mountpoint-cache hash table entries: 2048 (order: 1, 8192 bytes)
[    0.002249] CPU: Testing write buffer coherency: ok
[    0.002431] CPU0: thread -1, cpu 0, socket 0, mpidr 80000000
[    0.002455] Setting up static identity map for 0x300000 - 0x300098
[    0.003954] Tegra Revision: A03 prime SKU: 8 CPU Process: 1 SoC Process: 2
[    0.004985] CPU1: thread -1, cpu 1, socket 0, mpidr 80000001
[    0.005051] Brought up 2 CPUs
[    0.005063] SMP: Total of 2 processors activated (4.00 BogoMIPS).
[    0.005068] CPU: All CPU(s) started in SVC mode.
[    0.005708] devtmpfs: initialized
[    0.009654] VFP support v0.3: implementor 41 architecture 3 part 30 variant 9 rev 1
[    0.009994] clocksource: jiffies: mask: 0xffffffff max_cycles: 0xffffffff, max_idle_ns: 9556302231375000 ns
[    0.012924] pinctrl core: initialized pinctrl subsystem
[    0.014075] NET: Registered protocol family 16
[    0.016256] DMA: preallocated 256 KiB pool for atomic coherent allocations
[    0.029922] cpuidle: using governor menu
[    0.041554] No ATAGs?
[    0.041575] hw-breakpoint: found 5 (+1 reserved) breakpoint and 1 watchpoint registers.
[    0.041582] hw-breakpoint: maximum watchpoint size is 4 bytes.
[    0.045050] Serial: AMBA PL011 UART driver
[    0.068233] usb1_vbus: Failed to request enable GPIO170: -517
[    0.068248] reg-fixed-voltage regulators:regulator@2: Failed to register regulator: -517
[    0.071924] vgaarb: loaded
[    0.072491] SCSI subsystem initialized
[    0.072610] libata version 3.00 loaded.
[    0.072811] usbcore: registered new interface driver usbfs
[    0.072857] usbcore: registered new interface driver hub
[    0.072896] usbcore: registered new device driver usb
[    0.075019] pps_core: LinuxPPS API ver. 1 registered
[    0.075026] pps_core: Software ver. 5.3.6 - Copyright 2005-2007 Rodolfo Giometti <giometti@linux.it>
[    0.075043] PTP clock support registered
[    0.075191] EDAC MC: Ver: 3.0.0
[    0.076969] clocksource: Switched to clocksource timer_us
[    0.084661] NET: Registered protocol family 2
[    0.085096] TCP established hash table entries: 8192 (order: 3, 32768 bytes)
[    0.085170] TCP bind hash table entries: 8192 (order: 4, 65536 bytes)
[    0.085276] TCP: Hash tables configured (established 8192 bind 8192)
[    0.085363] UDP hash table entries: 512 (order: 2, 16384 bytes)
[    0.085412] UDP-Lite hash table entries: 512 (order: 2, 16384 bytes)
[    0.085545] NET: Registered protocol family 1
[    0.085767] RPC: Registered named UNIX socket transport module.
[    0.085775] RPC: Registered udp transport module.
[    0.085781] RPC: Registered tcp transport module.
[    0.085786] RPC: Registered tcp NFSv4.1 backchannel transport module.
[    0.085794] PCI: CLS 0 bytes, default 64
[    0.086594] hw perfevents: enabled with armv7_cortex_a9 PMU driver, 7 counters available
[    0.087580] futex hash table entries: 512 (order: 3, 32768 bytes)
[    0.088151] workingset: timestamp_bits=28 max_order=18 bucket_order=0
[    0.095674] squashfs: version 4.0 (2009/01/31) Phillip Lougher
[    0.096261] NFS: Registering the id_resolver key type
[    0.096299] Key type id_resolver registered
[    0.096305] Key type id_legacy registered
[    0.096337] ntfs: driver 2.1.32 [Flags: R/O].
[    0.097291] bounce: pool size: 64 pages
[    0.097446] Block layer SCSI generic (bsg) driver version 0.4 loaded (major 248)
[    0.097456] io scheduler noop registered
[    0.097462] io scheduler deadline registered
[    0.097488] io scheduler cfq registered (default)
[    0.108859] tegra-pcie 80003000.pcie-controller: dual-mode configuration
[    0.109569] tegra-pcie 80003000.pcie-controller: probing port 0, using 2 lanes
[    0.193178] tegra-pcie 80003000.pcie-controller: PCI host bridge to bus 0000:00
[    0.193191] pci_bus 0000:00: root bus resource [io  0x0000-0xffff]
[    0.193199] pci_bus 0000:00: root bus resource [mem 0xa0000000-0xa7ffffff]
[    0.193208] pci_bus 0000:00: root bus resource [mem 0xa8000000-0xbfffffff pref]
[    0.193216] pci_bus 0000:00: root bus resource [bus 00-ff]
[    0.193248] pci 0000:00:01.0: [10de:0bf0] type 01 class 0x060000
[    0.193307] pci 0000:00:01.0: PME# supported from D0 D1 D2 D3hot D3cold
[    0.193501] PCI: bus0: Fast back to back transfers disabled
[    0.193512] pci 0000:00:01.0: bridge configuration invalid ([bus 00-00]), reconfiguring
[    0.193639] pci 0000:01:00.0: [10ec:8168] type 00 class 0x020000
[    0.193661] pci 0000:01:00.0: reg 0x10: [io  0x0000-0x00ff]
[    0.193683] pci 0000:01:00.0: reg 0x18: [mem 0x00000000-0x00000fff 64bit pref]
[    0.193700] pci 0000:01:00.0: reg 0x20: [mem 0x00000000-0x00003fff 64bit pref]
[    0.193712] pci 0000:01:00.0: reg 0x30: [mem 0x00000000-0x0001ffff pref]
[    0.193787] pci 0000:01:00.0: supports D1 D2
[    0.193794] pci 0000:01:00.0: PME# supported from D0 D1 D2 D3hot D3cold
[    0.202004] PCI: bus1: Fast back to back transfers disabled
[    0.202016] pci_bus 0000:01: busn_res: [bus 01-ff] end is updated to 01
[    0.202028] Disabling cpuidle LP2 state, since PCIe IRQs are in use
[    0.202085] pci 0000:00:01.0: BAR 8: assigned [mem 0xa0000000-0xa00fffff]
[    0.202097] pci 0000:00:01.0: BAR 9: assigned [mem 0xa8000000-0xa80fffff 64bit pref]
[    0.202106] pci 0000:00:01.0: BAR 7: assigned [io  0x1000-0x1fff]
[    0.202118] pci 0000:01:00.0: BAR 6: assigned [mem 0xa0000000-0xa001ffff pref]
[    0.202128] pci 0000:01:00.0: BAR 4: assigned [mem 0xa8000000-0xa8003fff 64bit pref]
[    0.202145] pci 0000:01:00.0: BAR 2: assigned [mem 0xa8004000-0xa8004fff 64bit pref]
[    0.202161] pci 0000:01:00.0: BAR 0: assigned [io  0x1000-0x10ff]
[    0.202171] pci 0000:00:01.0: PCI bridge to [bus 01]
[    0.202179] pci 0000:00:01.0:   bridge window [io  0x1000-0x1fff]
[    0.202187] pci 0000:00:01.0:   bridge window [mem 0xa0000000-0xa00fffff]
[    0.202196] pci 0000:00:01.0:   bridge window [mem 0xa8000000-0xa80fffff 64bit pref]
[    0.202216] pci 0000:00:01.0: nv_msi_ht_cap_quirk didn't locate host bridge
[    0.202282] pcieport 0000:00:01.0: enabling device (0140 -> 0143)
[    0.202428] pcieport 0000:00:01.0: Signaling PME through PCIe PME interrupt
[    0.202437] pci 0000:01:00.0: Signaling PME through PCIe PME interrupt
[    0.202447] pcie_pme 0000:00:01.0:pcie001: service driver pcie_pme loaded
[    0.206184] tegra-apbdma 6000a000.dma: Tegra20 APB DMA driver register 16 channels
[    0.252123] Serial: 8250/16550 driver, 4 ports, IRQ sharing disabled
[    0.254431] console [ttyS0] disabled
[    0.254464] 70006000.serial: ttyS0 at MMIO 0x70006000 (irq = 279, base_baud = 13500000) is a Tegra
[    1.198228] console [ttyS0] enabled
[    1.202327] SuperH (H)SCI(F) driver initialized
[    1.207622] msm_serial: driver initialized
[    1.211856] STMicroelectronics ASC driver initialized
[    1.219591] [drm] Initialized drm 1.1.0 20060810
[    1.226465] 54280000.hdmi supply hdmi not found, using dummy regulator
[    1.236158] [drm] Supports vblank timestamp caching Rev 2 (21.10.2013).
[    1.242789] [drm] No driver support for vblank timestamp query.
[    1.248741] drm drm: No connectors reported connected with modes
[    1.254751] [drm] Cannot find any crtc or sizes - going 1024x768
[    1.276828] Console: switching to colour frame buffer device 128x48
[    1.291525] drm drm: fb0:  frame buffer device
[    1.306978] [drm] Initialized tegra 0.0.0 20120330 on minor 0
[    1.321358] brd: module loaded
[    1.328612] loop: module loaded
[    1.337241] m25p80 spi32766.0: found s25fl008k, expected w25q80bl
[    1.343341] m25p80 spi32766.0: s25fl008k (1024 Kbytes)
[    1.350793] libphy: Fixed MDIO Bus: probed
[    1.355414] CAN device driver interface
[    1.360703] igb: Intel(R) Gigabit Ethernet Network Driver - version 5.3.0-k
[    1.367662] igb: Copyright (c) 2007-2014 Intel Corporation.
[    1.373751] r8169 Gigabit Ethernet driver 2.3LK-NAPI loaded
[    1.379347] r8169 0000:01:00.0: enabling device (0140 -> 0143)
[    1.385942] r8169 0000:01:00.0 eth0: RTL8168d/8111d at 0xf0878000, 00:01:c0:13:7d:63, XID 081000c0 IRQ 296
[    1.395598] r8169 0000:01:00.0 eth0: jumbo features [frames: 9200 bytes, tx checksumming: ko]
[    1.406056] pegasus: v0.9.3 (2013/04/25), Pegasus/Pegasus II USB Ethernet driver
[    1.413517] usbcore: registered new interface driver pegasus
[    1.419219] usbcore: registered new interface driver asix
[    1.424651] usbcore: registered new interface driver ax88179_178a
[    1.430776] usbcore: registered new interface driver cdc_ether
[    1.436654] usbcore: registered new interface driver smsc75xx
[    1.442450] usbcore: registered new interface driver smsc95xx
[    1.448227] usbcore: registered new interface driver net1080
[    1.453923] usbcore: registered new interface driver cdc_subset
[    1.459873] usbcore: registered new interface driver zaurus
[    1.465502] usbcore: registered new interface driver cdc_ncm
[    1.471448] tegra-phy c5004000.usb-phy: no vbus regulator
[    1.477957] tegra-phy c5008000.usb-phy: no vbus regulator
[    1.484766] ehci_hcd: USB 2.0 'Enhanced' Host Controller (EHCI) Driver
[    1.491296] ehci-pci: EHCI PCI platform driver
[    1.495777] ehci-platform: EHCI generic platform driver
[    1.501164] ehci-omap: OMAP-EHCI Host Controller driver
[    1.506495] ehci-orion: EHCI orion driver
[    1.510611] SPEAr-ehci: EHCI SPEAr driver
[    1.514737] ehci-st: EHCI STMicroelectronics driver
[    1.519725] ehci-exynos: EHCI EXYNOS driver
[    1.524033] ehci-atmel: EHCI Atmel driver
[    1.528150] tegra-ehci: Tegra EHCI driver
[    1.553175] ulpi_phy_power_on: ulpi write failed
[    1.557797] tegra-ehci c5004000.usb: Failed to power on the phy
[    1.563727] tegra-ehci: probe of c5004000.usb failed with error -110
[    1.572719] tegra-ehci c5008000.usb: EHCI Host Controller
[    1.578135] tegra-ehci c5008000.usb: new USB bus registered, assigned bus number 1
[    1.585943] tegra-ehci c5008000.usb: irq 290, io mem 0xc5008000
[    1.596986] tegra-ehci c5008000.usb: USB 2.0 started, EHCI 1.00
[    1.603515] hub 1-0:1.0: USB hub found
[    1.607307] hub 1-0:1.0: 1 port detected
[    1.611527] ohci_hcd: USB 1.1 'Open' Host Controller (OHCI) Driver
[    1.617722] ohci-pci: OHCI PCI platform driver
[    1.622211] ohci-platform: OHCI generic platform driver
[    1.627589] ohci-omap3: OHCI OMAP3 driver
[    1.631698] SPEAr-ohci: OHCI SPEAr driver
[    1.635824] ohci-st: OHCI STMicroelectronics driver
[    1.640810] ohci-atmel: OHCI Atmel driver
[    1.645411] usbcore: registered new interface driver usb-storage
[    1.652695] mousedev: PS/2 mouse device common for all mice
[    1.659973] rtc-em3027 2-0056: rtc core: registered rtc-em3027 as rtc0
[    1.667683] tegra_rtc 7000e000.rtc: rtc core: registered 7000e000.rtc as rtc1
[    1.674850] tegra_rtc 7000e000.rtc: Tegra internal Real Time Clock
[    1.681445] i2c /dev entries driver
[    1.694000] sdhci: Secure Digital Host Controller Interface driver
[    1.700193] sdhci: Copyright(c) Pierre Ossman
[    1.705729] Synopsys Designware Multimedia Card Interface Driver
[    1.712598] sdhci-pltfm: SDHCI platform and OF driver helper
[    1.719114] mmc0: Invalid maximum block size, assuming 512 bytes
[    1.751989] mmc0: SDHCI controller on c8000000.sdhci [c8000000.sdhci] using ADMA
[    1.759491] sdhci-tegra c8000600.sdhci: Got CD GPIO
[    1.764386] sdhci-tegra c8000600.sdhci: Got WP GPIO
[    1.769423] mmc1: Invalid maximum block size, assuming 512 bytes
[    1.802052] mmc1: SDHCI controller on c8000600.sdhci [c8000600.sdhci] using ADMA
[    1.810645] ledtrig-cpu: registered to indicate activity on CPUs
[    1.816915] usbcore: registered new interface driver usbhid
[    1.822489] usbhid: USB HID core driver
[    1.830698] NET: Registered protocol family 10
[    1.835929] sit: IPv6 over IPv4 tunneling driver
[    1.841049] NET: Registered protocol family 17
[    1.845507] can: controller area network core (rev 20120528 abi 9)
[    1.851732] NET: Registered protocol family 29
[    1.856177] can: raw protocol (rev 20120528)
[    1.860449] can: broadcast manager protocol (rev 20120528 t)
[    1.866108] can: netlink gateway (rev 20130117) max_hops=1
[    1.871906] Key type dns_resolver registered
[    1.876545] ThumbEE CPU extension supported.
[    1.880835] Registering SWP/SWPB emulation handler
[    1.891411] utmi_phy_clk_enable: timeout waiting for phy to stabilize
[    1.897887] tegra-ehci c5000000.usb: EHCI Host Controller
[    1.903306] tegra-ehci c5000000.usb: new USB bus registered, assigned bus number 2
[    1.911147] tegra-ehci c5000000.usb: irq 288, io mem 0xc5000000
[    1.926992] usb 1-1: new high-speed USB device number 2 using tegra-ehci
[    1.941984] tegra-ehci c5000000.usb: USB 2.0 started, EHCI 1.00
[    1.948504] hub 2-0:1.0: USB hub found
[    1.952335] hub 2-0:1.0: 1 port detected
[    1.957279] input: gpio-keys as /devices/soc0/gpio-keys/input/input0
[    1.963006] mmc0: host does not support reading read-only switch, assuming write-enable
[    1.964812] mmc0: new high speed SDHC card at address b368
[    1.965150] mmcblk0: mmc0:b368 NCard 3.70 GiB 
[    1.973699]  mmcblk0: p1
[    1.984582] rtc-em3027 2-0056: hctosys: unable to read the hardware clock
[    1.995837] EXT4-fs (mmcblk0p1): mounting ext3 file system using the ext4 subsystem
[    2.007515] mmc1: new high speed SD card at address b368
[    2.013739] mmcblk1: mmc1:b368 NCard 1.83 GiB (ro)
[    2.021267]  mmcblk1: p1 p2
[    2.073294] hub 1-1:1.0: USB hub found
[    2.077222] hub 1-1:1.0: 4 ports detected
[    2.087354] EXT4-fs (mmcblk0p1): recovery complete
[    2.092174] EXT4-fs (mmcblk0p1): mounted filesystem with ordered data mode. Opts: (null)
[    2.100299] VFS: Mounted root (ext3 filesystem) on device 179:1.
[    2.114672] devtmpfs: mounted
[    2.120181] Freeing unused kernel memory: 2048K (c1100000 - c1300000)
bash: cannot set terminal process group (-1): Inappropriate ioctl for device
bash: no job control in this shell
[    2.367041] usb 1-1.2: new high-speed USB device number 3 using tegra-ehci
root@(none):/# mount -t sysfs none /sys
root@(none):/# 
root@(none):/# mount -t debugfs none /sys/kernel/debug
root@(none):/# 
root@(none):/# rtcwake -d rtc1 -m mem -s 3
rtcwake: assuming RTC uses UTC ...
rtcwake: wakeup from "mem" using /dev/rtc1 at Thu Jan  1 00:00:23 1970
[    7.534455] PM: Syncing filesystems ... done.
[    7.580888] Freezing user space processes ... (elapsed 0.001 seconds) done.
[    7.589447] Freezing remaining freezable tasks ... (elapsed 0.001 seconds) done.
[    7.598522] Suspending console(s) (use no_console_suspend to debug)
[    7.634386] PM: suspend of devices complete after 26.911 msecs
[    7.637982] PM: late suspend of devices complete after 3.563 msecs
[    7.652634] PM: noirq suspend of devices complete after 14.622 msecs
[    7.652646] Disabling non-boot CPUs ...
[    7.654515] CPU1: shutdown
[    7.670184] Entering suspend state LP1
[    7.670235] Enabling non-boot CPUs ...
[    7.696275] CPU1 is up
[    7.697225] pcieport 0000:00:01.0: nv_msi_ht_cap_quirk didn't locate host bridge
[    7.712266] PM: noirq resume of devices complete after 15.957 msecs
[    7.715860] PM: early resume of devices complete after 2.875 msecs
[    7.780511] PM: resume of devices complete after 64.618 msecs
[    7.844623] Restarting tasks ... done.
root@(none):/# 
root@(none):/# rtcwake -d rtc1 -m mem -s 3
rtcwake: assuming RTC uses UTC ...
rtcwake: wakeup from "mem" using /dev/rtc1 at Thu Jan  1 00:00:27 1970
[    8.118943] PM: Syncing filesystems ... done.
[    8.142790] Freezing user space processes ... (elapsed 0.001 seconds) done.
[    8.151048] Freezing remaining freezable tasks ... (elapsed 0.001 seconds) done.
[    8.159779] Suspending console(s) (use no_console_suspend to debug)
[    8.193982] PM: suspend of devices complete after 26.599 msecs
[    8.197569] PM: late suspend of devices complete after 3.556 msecs
[    8.212517] PM: noirq suspend of devices complete after 14.916 msecs
[    8.212528] Disabling non-boot CPUs ...
[    8.214308] CPU1: shutdown
[    8.230076] Entering suspend state LP1
[    8.230126] Enabling non-boot CPUs ...
[    8.256186] CPU1 is up
[    8.257006] pcieport 0000:00:01.0: nv_msi_ht_cap_quirk didn't locate host bridge
[    8.272186] PM: noirq resume of devices complete after 15.967 msecs
[    8.275572] PM: early resume of devices complete after 2.858 msecs
[    8.344415] PM: resume of devices complete after 68.809 msecs
[    8.408450] Restarting tasks ... done.
root@(none):/# 
root@(none):/# rtcwake -d rtc1 -m mem -s 3
rtcwake: assuming RTC uses UTC ...
rtcwake: wakeup from "mem" using /dev/rtc1 at Thu Jan  1 00:00:31 1970
[    8.678750] PM: Syncing filesystems ... done.
[    8.702596] Freezing user space processes ... (elapsed 0.001 seconds) done.
[    8.710861] Freezing remaining freezable tasks ... (elapsed 0.001 seconds) done.
[    8.719613] Suspending console(s) (use no_console_suspend to debug)
[    8.754399] PM: suspend of devices complete after 27.182 msecs
[    8.758304] PM: late suspend of devices complete after 3.873 msecs
[    8.772469] PM: noirq suspend of devices complete after 14.134 msecs
[    8.772481] Disabling non-boot CPUs ...
[    8.774370] CPU1: shutdown
[    8.800056] Entering suspend state LP1
[    8.800106] Enabling non-boot CPUs ...
[    8.826174] CPU1 is up
[    8.827158] pcieport 0000:00:01.0: nv_msi_ht_cap_quirk didn't locate host bridge
[    8.842141] PM: noirq resume of devices complete after 15.932 msecs
[    8.845845] PM: early resume of devices complete after 2.982 msecs
[    8.910316] PM: resume of devices complete after 64.437 msecs
[    8.974388] Restarting tasks ... done.
root@(none):/# 
root@(none):/# rtcwake -d rtc1 -m mem -s 3
rtcwake: assuming RTC uses UTC ...
rtcwake: wakeup from "mem" using /dev/rtc1 at Thu Jan  1 00:00:35 1970
[    9.248644] PM: Syncing filesystems ... done.
[    9.272542] Freezing user space processes ... (elapsed 0.001 seconds) done.
[    9.280801] Freezing remaining freezable tasks ... (elapsed 0.001 seconds) done.
[    9.289552] Suspending console(s) (use no_console_suspend to debug)
[    9.324098] PM: suspend of devices complete after 26.948 msecs
[    9.327812] PM: late suspend of devices complete after 3.682 msecs
[    9.342401] PM: noirq suspend of devices complete after 14.558 msecs
[    9.342412] Disabling non-boot CPUs ...
[    9.344328] CPU1: shutdown
[    9.369945] Entering suspend state LP1
[    9.369996] Enabling non-boot CPUs ...
[    9.396059] CPU1 is up
[    9.397018] pcieport 0000:00:01.0: nv_msi_ht_cap_quirk didn't locate host bridge
[    9.412070] PM: noirq resume of devices complete after 15.977 msecs
[    9.415437] PM: early resume of devices complete after 2.843 msecs
[    9.480385] PM: resume of devices complete after 64.913 msecs
[    9.544433] Restarting tasks ... done.
root@(none):/# 
root@(none):/# rtcwake -d rtc1 -m mem -s 3
rtcwake: assuming RTC uses UTC ...
rtcwake: wakeup from "mem" using /dev/rtc1 at Thu Jan  1 00:00:39 1970
[    9.823455] PM: Syncing filesystems ... done.
[    9.847315] Freezing user space processes ... (elapsed 0.001 seconds) done.
[    9.855572] Freezing remaining freezable tasks ... (elapsed 0.001 seconds) done.
[    9.864327] Suspending console(s) (use no_console_suspend to debug)
[    9.898847] PM: suspend of devices complete after 26.905 msecs
[    9.902535] PM: late suspend of devices complete after 3.657 msecs
[    9.917373] PM: noirq suspend of devices complete after 14.807 msecs
[    9.917385] Disabling non-boot CPUs ...
[    9.919369] CPU1: shutdown
[    9.934885] Entering suspend state LP1
[    9.934936] Enabling non-boot CPUs ...
[    9.961040] CPU1 is up
[    9.963569] pcieport 0000:00:01.0: nv_msi_ht_cap_quirk didn't locate host bridge
[    9.976957] PM: noirq resume of devices complete after 15.884 msecs
[    9.980694] PM: early resume of devices complete after 3.040 msecs
[   10.050756] PM: resume of devices complete after 70.028 msecs
[   10.114806] Restarting tasks ... done.
root@(none):/# 
root@(none):/# rtcwake -d rtc1 -m mem -s 3
rtcwake: assuming RTC uses UTC ...
rtcwake: wakeup from "mem" using /dev/rtc1 at Thu Jan  1 00:00:43 1970
[   10.388448] PM: Syncing filesystems ... done.
[   10.412304] Freezing user space processes ... (elapsed 0.001 seconds) done.
[   10.420563] Freezing remaining freezable tasks ... (elapsed 0.001 seconds) done.
[   10.429321] Suspending console(s) (use no_console_suspend to debug)
[   10.463497] PM: suspend of devices complete after 26.580 msecs
[   10.467129] PM: late suspend of devices complete after 3.599 msecs
[   10.482287] PM: noirq suspend of devices complete after 15.126 msecs
[   10.482298] Disabling non-boot CPUs ...
[   10.484148] CPU1: shutdown
[   10.499832] Entering suspend state LP1
[   10.499882] Enabling non-boot CPUs ...
[   10.525976] CPU1 is up
[   10.527377] pcieport 0000:00:01.0: nv_msi_ht_cap_quirk didn't locate host bridge
[   10.541971] PM: noirq resume of devices complete after 15.961 msecs
[   10.545604] PM: early resume of devices complete after 2.910 msecs
[   10.610206] PM: resume of devices complete after 64.568 msecs
[   10.674298] Restarting tasks ... done.
root@(none):/# 
root@(none):/# rtcwake -d rtc1 -m mem -s 3
rtcwake: assuming RTC uses UTC ...
rtcwake: wakeup from "mem" using /dev/rtc1 at Thu Jan  1 00:00:47 1970
[   10.953376] PM: Syncing filesystems ... done.
[   10.977238] Freezing user space processes ... (elapsed 0.001 seconds) done.
[   10.985490] Freezing remaining freezable tasks ... (elapsed 0.001 seconds) done.
[   10.994242] Suspending console(s) (use no_console_suspend to debug)
[   11.028695] PM: suspend of devices complete after 26.862 msecs
[   11.032342] PM: late suspend of devices complete after 3.615 msecs
[   11.047233] PM: noirq suspend of devices complete after 14.860 msecs
[   11.047245] Disabling non-boot CPUs ...
[   11.049108] CPU1: shutdown
[   11.074758] Entering suspend state LP1
[   11.074809] Enabling non-boot CPUs ...
[   11.100870] CPU1 is up
[   11.102094] pcieport 0000:00:01.0: nv_msi_ht_cap_quirk didn't locate host bridge
[   11.116880] PM: noirq resume of devices complete after 15.977 msecs
[   11.120254] PM: early resume of devices complete after 2.846 msecs
[   11.189336] PM: resume of devices complete after 69.049 msecs
[   11.253372] Restarting tasks ... done.
root@(none):/# 
root@(none):/# rtcwake -d rtc1 -m mem -s 3
rtcwake: assuming RTC uses UTC ...
rtcwake: wakeup from "mem" using /dev/rtc1 at Thu Jan  1 00:00:51 1970
[   11.528294] PM: Syncing filesystems ... done.
[   11.552158] Freezing user space processes ... (elapsed 0.001 seconds) done.
[   11.560416] Freezing remaining freezable tasks ... (elapsed 0.001 seconds) done.
[   11.569171] Suspending console(s) (use no_console_suspend to debug)
[   11.603656] PM: suspend of devices complete after 26.895 msecs
[   11.607329] PM: late suspend of devices complete after 3.642 msecs
[   11.622174] PM: noirq suspend of devices complete after 14.814 msecs
[   11.622185] Disabling non-boot CPUs ...
[   11.624194] CPU1: shutdown
[   11.639715] Entering suspend state LP1
[   11.639766] Enabling non-boot CPUs ...
[   11.665852] CPU1 is up
[   11.668406] pcieport 0000:00:01.0: nv_msi_ht_cap_quirk didn't locate host bridge
[   11.681766] PM: noirq resume of devices complete after 15.881 msecs
[   11.685556] PM: early resume of devices complete after 3.071 msecs
[   11.755591] PM: resume of devices complete after 70.003 msecs
[   11.817832] Restarting tasks ... done.
root@(none):/# 
root@(none):/# rtcwake -d rtc1 -m mem -s 3
rtcwake: assuming RTC uses UTC ...
rtcwake: wakeup from "mem" using /dev/rtc1 at Thu Jan  1 00:00:55 1970
[   12.093304] PM: Syncing filesystems ... done.
[   12.117199] Freezing user space processes ... (elapsed 0.001 seconds) done.
[   12.125455] Freezing remaining freezable tasks ... (elapsed 0.001 seconds) done.
[   12.134206] Suspending console(s) (use no_console_suspend to debug)
[   12.168642] PM: suspend of devices complete after 26.841 msecs
[   12.172608] PM: late suspend of devices complete after 3.934 msecs
[   12.187120] PM: noirq suspend of devices complete after 14.479 msecs
[   12.187131] Disabling non-boot CPUs ...
[   12.189062] CPU1: shutdown
[   12.214631] Entering suspend state LP1
[   12.214683] Enabling non-boot CPUs ...
[   12.240742] CPU1 is up
[   12.243264] pcieport 0000:00:01.0: nv_msi_ht_cap_quirk didn't locate host bridge
[   12.256700] PM: noirq resume of devices complete after 15.925 msecs
[   12.260428] PM: early resume of devices complete after 3.028 msecs
[   12.330068] PM: resume of devices complete after 69.608 msecs
[   12.394112] Restarting tasks ... done.
root@(none):/# 
root@(none):/# rtcwake -d rtc1 -m mem -s 3
rtcwake: assuming RTC uses UTC ...
rtcwake: wakeup from "mem" using /dev/rtc1 at Thu Jan  1 00:00:59 1970
[   12.668199] PM: Syncing filesystems ... done.
[   12.692051] Freezing user space processes ... (elapsed 0.001 seconds) done.
[   12.700310] Freezing remaining freezable tasks ... (elapsed 0.001 seconds) done.
[   12.709064] Suspending console(s) (use no_console_suspend to debug)
[   12.744015] PM: suspend of devices complete after 27.352 msecs
[   12.747918] PM: late suspend of devices complete after 3.871 msecs
[   12.762038] PM: noirq suspend of devices complete after 14.090 msecs
[   12.762049] Disabling non-boot CPUs ...
[   12.763929] CPU1: shutdown
[   12.789579] Entering suspend state LP1
[   12.789630] Enabling non-boot CPUs ...
[   12.815686] CPU1 is up
[   12.816676] pcieport 0000:00:01.0: nv_msi_ht_cap_quirk didn't locate host bridge
[   12.831696] PM: noirq resume of devices complete after 15.977 msecs
[   12.835073] PM: early resume of devices complete after 2.849 msecs
[   12.903764] PM: resume of devices complete after 68.657 msecs
[   12.967809] Restarting tasks ... done.
root@(none):/# 
root@(none):/# NVTB SYSTEM SUSPEND TEST COMPLETE
