
U-Boot SPL 2016.05-rc2 (Apr 21 2016 - 16:23:00)
Trying to boot from RAM


U-Boot 2016.05-rc2 (Apr 21 2016 - 16:23:00 -0700)

TEGRA124
Model: NVIDIA Jetson TK1
Board: NVIDIA Jetson TK1
DRAM:  2 GiB
MC:   Tegra SD/MMC: 0, Tegra SD/MMC: 1
In:    serial
Out:   serial
Err:   serial
Net:   No ethernet found.
Hit any key to stop autoboot:  2  0 
Tegra124 (Jetson TK1) # 
Tegra124 (Jetson TK1) # pci enum
Tegra124 (Jetson TK1) # setenv bootargs 'ignore_loglevel console=ttyS0,115200n8 rw root=PARTUUID=b1791faa-84e8-4e27-83a1-9fb0a77e8803 rootwait gpt debug noinitrd earlyprintk init=/bin/bash'
Tegra124 (Jetson TK1) # setenv ipaddr 192.168.100.102; setenv serverip 192.168.100.1; setenv tftpserverip 192.168.100.1
Tegra124 (Jetson TK1) # tftpboot 0x82000000 zImage.multi_v7_defconfig

Warning: eth_rtl8169 using MAC address from ROM
Using eth_rtl8169 device
TFTP from server 192.168.100.1; our IP address is 192.168.100.102
Filename 'zImage.multi_v7_defconfig'.
Load address: 0x82000000
Loading: *#################################################################
	 #################################################################
	 #################################################################
	 #################################################################
	 #################################################################
	 #################################################################
	 #################################################################
	 ##################################################
	 4 MiB/s
done
Bytes transferred = 7403096 (70f658 hex)
Tegra124 (Jetson TK1) # tftpboot 0x83000000 tegra124-jetson-tk1.dtb
Using eth_rtl8169 device
TFTP from server 192.168.100.1; our IP address is 192.168.100.102
Filename 'tegra124-jetson-tk1.dtb'.
Load address: 0x83000000
Loading: *#####
	 3.8 MiB/s
done
Bytes transferred = 67133 (1063d hex)
Tegra124 (Jetson TK1) # bootz 0x82000000 - 0x83000000
Kernel image @ 0x82000000 [ 0x000000 - 0x70f658 ]
## Flattened Device Tree blob at 83000000
   Booting using the fdt blob at 0x83000000
   Using Device Tree in place at 83000000, end 8301363c

Starting kernel ...

[    0.000000] Booting Linux on physical CPU 0x0
[    0.000000] Linux version 4.10.0-rc1-141325-g7ce7d89 (pwalmsley@sellafield) (gcc version 4.7.3 20130328 (prerelease) (crosstool-NG linaro-1.13.1-4.7-2013.04-20130415 - Linaro GCC 2013.04) ) #1 SMP Sun Dec 25 16:40:13 PST 2016
[    0.000000] CPU: ARMv7 Processor [413fc0f3] revision 3 (ARMv7), cr=10c5387d
[    0.000000] CPU: div instructions available: patching division code
[    0.000000] CPU: PIPT / VIPT nonaliasing data cache, PIPT instruction cache
[    0.000000] OF: fdt:Machine model: NVIDIA Tegra124 Jetson TK1
[    0.000000] debug: ignoring loglevel setting.
[    0.000000] efi: Getting EFI parameters from FDT:
[    0.000000] efi: UEFI not found.
[    0.000000] cma: Reserved 64 MiB at 0xfb800000
[    0.000000] Memory policy: Data cache writealloc
[    0.000000] On node 0 totalpages: 524032
[    0.000000] free_area_init_node: node 0, pgdat c142b0c0, node_mem_map eeff8000
[    0.000000]   DMA zone: 1536 pages used for memmap
[    0.000000]   DMA zone: 0 pages reserved
[    0.000000]   DMA zone: 196608 pages, LIFO batch:31
[    0.000000]   HighMem zone: 327424 pages, LIFO batch:31
[    0.000000] percpu: Embedded 14 pages/cpu @eef8e000 s26688 r8192 d22464 u57344
[    0.000000] pcpu-alloc: s26688 r8192 d22464 u57344 alloc=14*4096
[    0.000000] pcpu-alloc: [0] 0 [0] 1 [0] 2 [0] 3 
[    0.000000] Built 1 zonelists in Zone order, mobility grouping on.  Total pages: 522496
[    0.000000] Kernel command line: ignore_loglevel console=ttyS0,115200n8 rw root=PARTUUID=b1791faa-84e8-4e27-83a1-9fb0a77e8803 rootwait gpt debug noinitrd earlyprintk init=/bin/bash
[    0.000000] PID hash table entries: 4096 (order: 2, 16384 bytes)
[    0.000000] Dentry cache hash table entries: 131072 (order: 7, 524288 bytes)
[    0.000000] Inode-cache hash table entries: 65536 (order: 6, 262144 bytes)
[    0.000000] Memory: 1994824K/2096128K available (9216K kernel code, 1202K rwdata, 4140K rodata, 2048K init, 472K bss, 35768K reserved, 65536K cma-reserved, 1244160K highmem)
[    0.000000] Virtual kernel memory layout:
[    0.000000]     vector  : 0xffff0000 - 0xffff1000   (   4 kB)
[    0.000000]     fixmap  : 0xffc00000 - 0xfff00000   (3072 kB)
[    0.000000]     vmalloc : 0xf0800000 - 0xff800000   ( 240 MB)
[    0.000000]     lowmem  : 0xc0000000 - 0xf0000000   ( 768 MB)
[    0.000000]     pkmap   : 0xbfe00000 - 0xc0000000   (   2 MB)
[    0.000000]     modules : 0xbf000000 - 0xbfe00000   (  14 MB)
[    0.000000]       .text : 0xc0208000 - 0xc0c00000   (10208 kB)
[    0.000000]       .init : 0xc1100000 - 0xc1300000   (2048 kB)
[    0.000000]       .data : 0xc1300000 - 0xc142cbc0   (1203 kB)
[    0.000000]        .bss : 0xc142e000 - 0xc14a41d0   ( 473 kB)
[    0.000000] SLUB: HWalign=64, Order=0-3, MinObjects=0, CPUs=4, Nodes=1
[    0.000000] Hierarchical RCU implementation.
[    0.000000] 	Build-time adjustment of leaf fanout to 32.
[    0.000000] 	RCU restricting CPUs from NR_CPUS=16 to nr_cpu_ids=4.
[    0.000000] RCU: Adjusting geometry for rcu_fanout_leaf=32, nr_cpu_ids=4
[    0.000000] NR_IRQS:16 nr_irqs:16 16
[    0.000000] /interrupt-controller@60004000: 160 interrupts forwarded to /interrupt-controller@50041000
[    0.000000] Tegra clk 127: register failed with -17
[    0.000008] sched_clock: 32 bits at 1000kHz, resolution 1000ns, wraps every 2147483647500ns
[    0.000031] clocksource: timer_us: mask: 0xffffffff max_cycles: 0xffffffff, max_idle_ns: 1911260446275 ns
[    0.000045] Switching to timer-based delay loop, resolution 1000ns
[    0.004947] arm_arch_timer: Architected cp15 timer(s) running at 12.00MHz (virt).
[    0.004964] clocksource: arch_sys_counter: mask: 0xffffffffffffff max_cycles: 0x2c47f4ee7, max_idle_ns: 440795202497 ns
[    0.004981] sched_clock: 56 bits at 12MHz, resolution 83ns, wraps every 4398046511096ns
[    0.004993] Switching to timer-based delay loop, resolution 83ns
[    0.005440] Console: colour dummy device 80x30
[    0.005471] Calibrating delay loop (skipped), value calculated using timer frequency.. 24.00 BogoMIPS (lpj=60000)
[    0.005485] pid_max: default: 32768 minimum: 301
[    0.005584] Mount-cache hash table entries: 2048 (order: 1, 8192 bytes)
[    0.005595] Mountpoint-cache hash table entries: 2048 (order: 1, 8192 bytes)
[    0.006173] CPU: Testing write buffer coherency: ok
[    0.006423] /cpus/cpu@0 missing clock-frequency property
[    0.006465] /cpus/cpu@1 missing clock-frequency property
[    0.006505] /cpus/cpu@2 missing clock-frequency property
[    0.006547] /cpus/cpu@3 missing clock-frequency property
[    0.006558] CPU0: thread -1, cpu 0, socket 0, mpidr 80000000
[    0.006793] Setting up static identity map for 0x80300000 - 0x80300098
[    0.010336] Tegra Revision: A01 SKU: 129 CPU Process: 1 SoC Process: 1
[    0.010968] EFI services will not be available.
[    0.011207] smp: Bringing up secondary CPUs ...
[    0.011736] CPU1: thread -1, cpu 1, socket 0, mpidr 80000001
[    0.015450] CPU2: thread -1, cpu 2, socket 0, mpidr 80000002
[    0.020454] CPU3: thread -1, cpu 3, socket 0, mpidr 80000003
[    0.024959] smp: Brought up 1 node, 4 CPUs
[    0.024977] SMP: Total of 4 processors activated (96.00 BogoMIPS).
[    0.024984] CPU: All CPU(s) started in SVC mode.
[    0.026473] devtmpfs: initialized
[    0.046956] VFP support v0.3: implementor 41 architecture 4 part 30 variant f rev 0
[    0.047395] clocksource: jiffies: mask: 0xffffffff max_cycles: 0xffffffff, max_idle_ns: 9556302231375000 ns
[    0.048762] pinctrl core: initialized pinctrl subsystem
[    0.050618] NET: Registered protocol family 16
[    0.052543] DMA: preallocated 256 KiB pool for atomic coherent allocations
[    0.065077] cpuidle: using governor menu
[    0.096413] No ATAGs?
[    0.096426] hw-breakpoint: found 5 (+1 reserved) breakpoint and 4 watchpoint registers.
[    0.096440] hw-breakpoint: maximum watchpoint size is 8 bytes.
[    0.103149] Serial: AMBA PL011 UART driver
[    0.140509] +5V_SYS: supplied by +VDD_MUX
[    0.140815] +3.3V_SYS: supplied by +VDD_MUX
[    0.141472] +USB0_VBUS_SW: Failed to request enable GPIO108: -517
[    0.141486] reg-fixed-voltage regulators:regulator@7: Failed to register regulator: -517
[    0.141576] +5V_USB_HS: Failed to request enable GPIO109: -517
[    0.141589] reg-fixed-voltage regulators:regulator@8: Failed to register regulator: -517
[    0.141755] +1.05V_RUN_AVDD_HDMI_PLL: Failed to request enable GPIO63: -517
[    0.141767] reg-fixed-voltage regulators:regulator@11: Failed to register regulator: -517
[    0.141854] +5V_HDMI_CON: Failed to request enable GPIO86: -517
[    0.141865] reg-fixed-voltage regulators:regulator@12: Failed to register regulator: -517
[    0.141951] +5V_SATA: Failed to request enable GPIO242: -517
[    0.141962] reg-fixed-voltage regulators:regulator@13: Failed to register regulator: -517
[    0.142048] +12V_SATA: Failed to request enable GPIO242: -517
[    0.142059] reg-fixed-voltage regulators:regulator@14: Failed to register regulator: -517
[    0.145370] vgaarb: loaded
[    0.146195] SCSI subsystem initialized
[    0.146356] libata version 3.00 loaded.
[    0.146626] usbcore: registered new interface driver usbfs
[    0.146691] usbcore: registered new interface driver hub
[    0.146760] usbcore: registered new device driver usb
[    0.150456] pps_core: LinuxPPS API ver. 1 registered
[    0.150466] pps_core: Software ver. 5.3.6 - Copyright 2005-2007 Rodolfo Giometti <giometti@linux.it>
[    0.150491] PTP clock support registered
[    0.150685] EDAC MC: Ver: 3.0.0
[    0.153963] clocksource: Switched to clocksource arch_sys_counter
[    0.164772] NET: Registered protocol family 2
[    0.165281] TCP established hash table entries: 8192 (order: 3, 32768 bytes)
[    0.165380] TCP bind hash table entries: 8192 (order: 4, 65536 bytes)
[    0.165566] TCP: Hash tables configured (established 8192 bind 8192)
[    0.165615] UDP hash table entries: 512 (order: 2, 16384 bytes)
[    0.165659] UDP-Lite hash table entries: 512 (order: 2, 16384 bytes)
[    0.165813] NET: Registered protocol family 1
[    0.166173] RPC: Registered named UNIX socket transport module.
[    0.166182] RPC: Registered udp transport module.
[    0.166189] RPC: Registered tcp transport module.
[    0.166196] RPC: Registered tcp NFSv4.1 backchannel transport module.
[    0.166206] PCI: CLS 0 bytes, default 64
[    0.167391] hw perfevents: enabled with armv7_cortex_a15 PMU driver, 7 counters available
[    0.168897] futex hash table entries: 1024 (order: 4, 65536 bytes)
[    0.169688] workingset: timestamp_bits=30 max_order=19 bucket_order=0
[    0.180876] squashfs: version 4.0 (2009/01/31) Phillip Lougher
[    0.181707] NFS: Registering the id_resolver key type
[    0.181736] Key type id_resolver registered
[    0.181744] Key type id_legacy registered
[    0.181785] ntfs: driver 2.1.32 [Flags: R/O].
[    0.183389] bounce: pool size: 64 pages
[    0.183589] Block layer SCSI generic (bsg) driver version 0.4 loaded (major 248)
[    0.183599] io scheduler noop registered
[    0.183606] io scheduler deadline registered
[    0.183800] io scheduler cfq registered (default)
[    0.188997] usb2-0 supply vbus not found, using dummy regulator
[    0.189143] usb2-1 supply vbus not found, using dummy regulator
[    0.189557] tegra-xusb-padctl 7009f000.padctl: failed to setup XUSB ports: -517
[    0.206432] tegra-pcie 1003000.pcie-controller: 2x1, 1x1 configuration
[    0.206486] tegra-pcie 1003000.pcie-controller: Failed to get supply 'avddio-pex': -517
[    0.212753] tegra124-dfll 70110000.clock: couldn't get vdd_cpu regulator
[    0.221270] tegra-apbdma 60020000.dma: Tegra20 APB DMA driver register 32 channels
[    0.223355] tegra-pmc 7000e400.pmc: emergency thermal reset enabled
[    0.290342] Serial: 8250/16550 driver, 4 ports, IRQ sharing disabled
[    0.293383] console [ttyS0] disabled
[    0.293417] 70006300.serial: ttyS0 at MMIO 0x70006300 (irq = 335, base_baud = 25500000) is a Tegra
[    1.171109] console [ttyS0] enabled
[    1.175485] SuperH (H)SCI(F) driver initialized
[    1.181083] msm_serial: driver initialized
[    1.185388] STMicroelectronics ASC driver initialized
[    1.191346] 70006000.serial: ttyTHS1 at MMIO 0x70006000 (irq = 333, base_baud = 0) is a TEGRA_UART
[    1.200671] 70006040.serial: ttyTHS2 at MMIO 0x70006040 (irq = 334, base_baud = 0) is a TEGRA_UART
[    1.213061] [drm] Initialized
[    1.219397] tegra-hdmi 54280000.hdmi: failed to get HDMI regulator
[    1.239860] brd: module loaded
[    1.249476] loop: module loaded
[    1.253861] at24 0-0056: 256 byte 24c02 EEPROM, writable, 8 bytes/write
[    1.262197] as3722 4-0040: AS3722 with revision 0x1 found
[    1.274556] as3722-sd2: supplied by +5V_SYS
[    1.279203] as3722-sd3: supplied by +5V_SYS
[    1.283595] +1.35V_LP0(sd3): Bringing 0uV into 1350000-1350000uV
[    1.289981] as3722-sd4: supplied by +5V_SYS
[    1.294637] as3722-sd5: supplied by +5V_SYS
[    1.300719] as3722-ldo0: supplied by +1.35V_LP0(sd2)
[    1.306826] +1.8V_RUN_CAM: Bringing 0uV into 1800000-1800000uV
[    1.313077] as3722-ldo2: supplied by +1.8V_VDDIO
[    1.319027] as3722-ldo3: supplied by +3.3V_SYS
[    1.323501] +1.05V_LP0_VDD_RTC: Bringing 1100000uV into 1000000-1000000uV
[    1.331318] as3722-ldo4: supplied by +3.3V_SYS
[    1.335992] +2.8V_RUN_CAM: Bringing 0uV into 2800000-2800000uV
[    1.342263] as3722-ldo5: supplied by +1.8V_VDDIO
[    1.347111] +1.2V_RUN_CAM_FRONT: Bringing 0uV into 1200000-1200000uV
[    1.354086] +VDDIO_SDMMC3: bypassed regulator has no supply!
[    1.359757] +VDDIO_SDMMC3: failed to get the current voltage(-517)
[    1.365947] as3722-regulator as3722-regulator: regulator 13 register failed -517
[    1.378722] tegra-ahci 70027000.sata: couldn't get PHY in node sata: -517
[    1.398531] random: fast init done
[    1.402072] m25p80 spi32765.0: w25q32dw (4096 Kbytes)
[    1.410509] libphy: Fixed MDIO Bus: probed
[    1.415819] CAN device driver interface
[    1.420635] bgmac_bcma: Broadcom 47xx GBit MAC driver loaded
[    1.427734] e1000e: Intel(R) PRO/1000 Network Driver - 3.2.6-k
[    1.433573] e1000e: Copyright(c) 1999 - 2015 Intel Corporation.
[    1.439565] igb: Intel(R) Gigabit Ethernet Network Driver - version 5.4.0-k
[    1.446524] igb: Copyright (c) 2007-2014 Intel Corporation.
[    1.455887] pegasus: v0.9.3 (2013/04/25), Pegasus/Pegasus II USB Ethernet driver
[    1.463343] usbcore: registered new interface driver pegasus
[    1.469067] usbcore: registered new interface driver asix
[    1.474511] usbcore: registered new interface driver ax88179_178a
[    1.480652] usbcore: registered new interface driver cdc_ether
[    1.486549] usbcore: registered new interface driver smsc75xx
[    1.492364] usbcore: registered new interface driver smsc95xx
[    1.498153] usbcore: registered new interface driver net1080
[    1.503861] usbcore: registered new interface driver cdc_subset
[    1.509828] usbcore: registered new interface driver zaurus
[    1.515466] usbcore: registered new interface driver cdc_ncm
[    1.521358] tegra-phy 7d004000.usb-phy: no vbus regulator
[    1.528835] ehci_hcd: USB 2.0 'Enhanced' Host Controller (EHCI) Driver
[    1.535367] ehci-pci: EHCI PCI platform driver
[    1.539866] ehci-platform: EHCI generic platform driver
[    1.545313] ehci-orion: EHCI orion driver
[    1.549485] SPEAr-ehci: EHCI SPEAr driver
[    1.553638] ehci-st: EHCI STMicroelectronics driver
[    1.558671] ehci-exynos: EHCI EXYNOS driver
[    1.563041] ehci-atmel: EHCI Atmel driver
[    1.567204] tegra-ehci: Tegra EHCI driver
[    1.574059] tegra-ehci 7d004000.usb: EHCI Host Controller
[    1.579486] tegra-ehci 7d004000.usb: new USB bus registered, assigned bus number 1
[    1.587260] tegra-ehci 7d004000.usb: irq 354, io mem 0x7d004000
[    1.603980] tegra-ehci 7d004000.usb: USB 2.0 started, EHCI 1.10
[    1.610750] hub 1-0:1.0: USB hub found
[    1.614559] hub 1-0:1.0: 1 port detected
[    1.619134] ohci_hcd: USB 1.1 'Open' Host Controller (OHCI) Driver
[    1.625331] ohci-pci: OHCI PCI platform driver
[    1.629835] ohci-platform: OHCI generic platform driver
[    1.635253] ohci-omap3: OHCI OMAP3 driver
[    1.639424] SPEAr-ohci: OHCI SPEAr driver
[    1.643578] ohci-st: OHCI STMicroelectronics driver
[    1.648612] ohci-atmel: OHCI Atmel driver
[    1.653461] usbcore: registered new interface driver usb-storage
[    1.661135] mousedev: PS/2 mouse device common for all mice
[    1.669996] as3722-rtc as3722-rtc: rtc core: registered as3722-rtc as rtc0
[    1.676886] as3722-rtc as3722-rtc: RTC interrupt 377
[    1.685322] tegra_rtc 7000e000.rtc: rtc core: registered 7000e000.rtc as rtc1
[    1.692511] tegra_rtc 7000e000.rtc: Tegra internal Real Time Clock
[    1.699298] i2c /dev entries driver
[    1.710022] 0-004c supply vcc not found, using dummy regulator
[    1.725968] sdhci: Secure Digital Host Controller Interface driver
[    1.732163] sdhci: Copyright(c) Pierre Ossman
[    1.738205] Synopsys Designware Multimedia Card Interface Driver
[    1.745417] sdhci-pltfm: SDHCI platform and OF driver helper
[    1.751863] sdhci-tegra 700b0400.sdhci: Got CD GPIO
[    1.756773] sdhci-tegra 700b0400.sdhci: Got WP GPIO
[    1.761910] mmc0: Unknown controller version (3). You may experience problems.
[    1.769218] mmc0: Invalid maximum block size, assuming 512 bytes
[    1.818983] mmc0: SDHCI controller on 700b0600.sdhci [700b0600.sdhci] using ADMA
[    1.828281] ledtrig-cpu: registered to indicate activity on CPUs
[    1.834633] usbcore: registered new interface driver usbhid
[    1.840215] usbhid: USB HID core driver
[    1.848166] NET: Registered protocol family 10
[    1.853544] Segment Routing with IPv6
[    1.857283] sit: IPv6, IPv4 and MPLS over IPv4 tunneling driver
[    1.863898] NET: Registered protocol family 17
[    1.868365] can: controller area network core (rev 20120528 abi 9)
[    1.874612] NET: Registered protocol family 29
[    1.879068] can: raw protocol (rev 20120528)
[    1.883331] can: broadcast manager protocol (rev 20161123 t)
[    1.889002] can: netlink gateway (rev 20130117) max_hops=1
[    1.894873] Key type dns_resolver registered
[    1.899805] ThumbEE CPU extension supported.
[    1.904099] Registering SWP/SWPB emulation handler
[    1.922944] +3.3V_RUN: supplied by +3.3V_SYS
[    1.928322] +3.3V_AVDD_HDMI_AP_GATED: supplied by +3.3V_RUN
[    1.934531] +USB0_VBUS_SW: supplied by +5V_SYS
[    1.939741] +5V_USB_HS: supplied by +5V_SYS
[    1.946053] +3.3V_LP0: supplied by +3.3V_SYS
[    1.952309] +5V_HDMI_CON: supplied by +5V_SYS
[    1.957410] +5V_SATA: supplied by +5V_SYS
[    1.962143] +12V_SATA: supplied by +VDD_MUX
[    1.966019] mmc0: new high speed MMC card at address 0001
[    1.967403] mmcblk0: mmc0:0001 SEM16G 14.7 GiB 
[    1.968011] mmcblk0boot0: mmc0:0001 SEM16G partition 1 4.00 MiB
[    1.968662] mmcblk0boot1: mmc0:0001 SEM16G partition 2 4.00 MiB
[    1.969565] mmcblk0rpmb: mmc0:0001 SEM16G partition 3 4.00 MiB
[    1.974070]  mmcblk0: p1
[    1.998493] usb2-0 supply vbus not found, using dummy regulator
[    2.004650] usb2-1 supply vbus not found, using dummy regulator
[    2.010983] usb3-0 supply vbus not found, using dummy regulator
[    2.018231] tegra-pcie 1003000.pcie-controller: 2x1, 1x1 configuration
[    2.024871] tegra-pcie 1003000.pcie-controller: Failed to get supply 'avddio-pex': -517
[    2.036045] tegra124-dfll 70110000.clock: couldn't get vdd_cpu regulator
[    2.046859] tegra-hdmi 54280000.hdmi: failed to get PLL regulator
[    2.057924] as3722-sd2: supplied by +5V_SYS
[    2.062579] as3722-sd3: supplied by +5V_SYS
[    2.067139] as3722-sd4: supplied by +5V_SYS
[    2.071663] +1.05V_RUN_AVDD_HDMI_PLL: supplied by +1.05V_RUN
[    2.077431] as3722-sd5: supplied by +5V_SYS
[    2.083437] as3722-ldo0: supplied by +1.35V_LP0(sd2)
[    2.089652] as3722-ldo1: supplied by +3.3V_RUN
[    2.094497] as3722-ldo2: supplied by +1.8V_VDDIO
[    2.100092] as3722-ldo3: supplied by +3.3V_SYS
[    2.105587] as3722-ldo4: supplied by +3.3V_SYS
[    2.110342] as3722-ldo5: supplied by +1.8V_VDDIO
[    2.115349] as3722-ldo6: supplied by +3.3V_RUN
[    2.120088] as3722-ldo7: supplied by +1.8V_VDDIO
[    2.125501] +1.05V_RUN_CAM_REAR: Bringing 0uV into 1050000-1050000uV
[    2.132651] as3722-ldo9: supplied by +5V_SYS
[    2.138253] +3.3V_RUN_TOUCH: Bringing 0uV into 2800000-2800000uV
[    2.144853] as3722-ldo10: supplied by +5V_SYS
[    2.149799] +2.8V_RUN_CAM_AF: Bringing 0uV into 2800000-2800000uV
[    2.156658] as3722-ldo11: supplied by +3.3V_RUN
[    2.161992] +1.8V_RUN_VPP_FUSE: Bringing 0uV into 1800000-1800000uV
[    2.171732] tegra-ahci 70027000.sata: AHCI 0001.0301 32 slots 2 ports 3 Gbps 0x1 impl platform mode
[    2.180807] tegra-ahci 70027000.sata: flags: 64bit ncq sntf pm led pio slum part sadm sds apst 
[    2.191761] scsi host0: tegra-ahci
[    2.196489] scsi host1: tegra-ahci
[    2.200287] ata1: SATA max UDMA/133 mmio [mem 0x70027000-0x70028fff] port 0x100 irq 345
[    2.208298] ata2: DUMMY
[    2.214166] tegra-ehci 7d008000.usb: EHCI Host Controller
[    2.219601] tegra-ehci 7d008000.usb: new USB bus registered, assigned bus number 2
[    2.227369] tegra-ehci 7d008000.usb: irq 355, io mem 0x7d008000
[    2.244080] tegra-ehci 7d008000.usb: USB 2.0 started, EHCI 1.10
[    2.251211] hub 2-0:1.0: USB hub found
[    2.255061] hub 2-0:1.0: 1 port detected
[    2.261637] sdhci-tegra 700b0400.sdhci: Got CD GPIO
[    2.266587] sdhci-tegra 700b0400.sdhci: Got WP GPIO
[    2.271720] mmc1: Unknown controller version (3). You may experience problems.
[    2.279058] mmc1: Invalid maximum block size, assuming 512 bytes
[    2.329551] mmc1: SDHCI controller on 700b0400.sdhci [700b0400.sdhci] using ADMA
[    2.337713] tegra-pcie 1003000.pcie-controller: 2x1, 1x1 configuration
[    2.346332] tegra-pcie 1003000.pcie-controller: probing port 0, using 2 lanes
[    2.355724] tegra-pcie 1003000.pcie-controller: Slot present pin change, signature: 00000008
[    2.380227] tegra-pcie 1003000.pcie-controller: probing port 1, using 1 lanes
[    2.389465] tegra-pcie 1003000.pcie-controller: Slot present pin change, signature: 00000000
[    2.404241] tegra-pcie 1003000.pcie-controller: PCI host bridge to bus 0000:00
[    2.411494] pci_bus 0000:00: root bus resource [io  0x0000-0xffff]
[    2.417690] pci_bus 0000:00: root bus resource [mem 0x13000000-0x1fffffff]
[    2.424604] pci_bus 0000:00: root bus resource [mem 0x20000000-0x3fffffff pref]
[    2.431950] pci_bus 0000:00: root bus resource [bus 00-ff]
[    2.437512] pci 0000:00:01.0: [10de:0e12] type 01 class 0x060400
[    2.443624] pci_bus 0000:00: 2-byte config write to 0000:00:01.0 offset 0x52 may corrupt adjacent RW1C bits
[    2.453442] pci 0000:00:01.0: PME# supported from D0 D1 D2 D3hot D3cold
[    2.460109] pci_bus 0000:00: 2-byte config write to 0000:00:01.0 offset 0x4c may corrupt adjacent RW1C bits
[    2.470257] pci 0000:00:02.0: [10de:0e13] type 01 class 0x060400
[    2.476373] pci_bus 0000:00: 2-byte config write to 0000:00:02.0 offset 0x52 may corrupt adjacent RW1C bits
[    2.486206] pci 0000:00:02.0: PME# supported from D0 D1 D2 D3hot D3cold
[    2.492861] pci_bus 0000:00: 2-byte config write to 0000:00:02.0 offset 0x4c may corrupt adjacent RW1C bits
[    2.502962] pci_bus 0000:00: 2-byte config write to 0000:00:01.0 offset 0x3e may corrupt adjacent RW1C bits
[    2.512743] pci_bus 0000:00: 2-byte config write to 0000:00:02.0 offset 0x3e may corrupt adjacent RW1C bits
[    2.522514] pci_bus 0000:00: 2-byte config write to 0000:00:01.0 offset 0x4 may corrupt adjacent RW1C bits
[    2.527721] ata1: SATA link down (SStatus 0 SControl 300)
[    2.537603] pci_bus 0000:00: 1-byte config write to 0000:00:01.0 offset 0xc may corrupt adjacent RW1C bits
[    2.547294] pci_bus 0000:00: 2-byte config write to 0000:00:02.0 offset 0x4 may corrupt adjacent RW1C bits
[    2.556954] pci_bus 0000:00: 1-byte config write to 0000:00:02.0 offset 0xc may corrupt adjacent RW1C bits
[    2.566608] PCI: bus0: Fast back to back transfers disabled
[    2.572191] pci 0000:00:01.0: bridge configuration invalid ([bus 00-00]), reconfiguring
[    2.580210] pci 0000:00:02.0: bridge configuration invalid ([bus 00-00]), reconfiguring
[    2.588463] pci 0000:01:00.0: [8086:4232] type 00 class 0x028000
[    2.594526] pci 0000:01:00.0: reg 0x10: [mem 0x00000000-0x00001fff 64bit]
[    2.601523] pci 0000:01:00.0: PME# supported from D0 D3hot D3cold
[    2.619057] PCI: bus1: Fast back to back transfers disabled
[    2.624695] pci_bus 0000:01: busn_res: [bus 01-ff] end is updated to 01
[    2.631600] pci 0000:02:00.0: [10ec:8168] type 00 class 0x020000
[    2.637646] pci 0000:02:00.0: reg 0x10: [io  0x0000-0x00ff]
[    2.643265] pci 0000:02:00.0: reg 0x18: [mem 0x00000000-0x00000fff 64bit]
[    2.650113] pci 0000:02:00.0: reg 0x20: [mem 0x00000000-0x00003fff 64bit pref]
[    2.657496] pci 0000:02:00.0: supports D1 D2
[    2.661777] pci 0000:02:00.0: PME# supported from D0 D1 D2 D3hot D3cold
[    2.672789] mmc1: new high speed SDHC card at address aaaa
[    2.679085] PCI: bus2: Fast back to back transfers disabled
[    2.684714] pci_bus 0000:02: busn_res: [bus 02-ff] end is updated to 02
[    2.691519] pci 0000:00:01.0: BAR 8: assigned [mem 0x13000000-0x130fffff]
[    2.698348] pci 0000:00:02.0: BAR 8: assigned [mem 0x13100000-0x131fffff]
[    2.705151] pci 0000:00:02.0: BAR 9: assigned [mem 0x20000000-0x200fffff 64bit pref]
[    2.712902] pci 0000:00:02.0: BAR 7: assigned [io  0x1000-0x1fff]
[    2.719011] pci 0000:01:00.0: BAR 0: assigned [mem 0x13000000-0x13001fff 64bit]
[    2.726354] pci 0000:00:01.0: PCI bridge to [bus 01]
[    2.731335] pci 0000:00:01.0:   bridge window [mem 0x13000000-0x130fffff]
[    2.738144] pci 0000:02:00.0: BAR 4: assigned [mem 0x20000000-0x20003fff 64bit pref]
[    2.745915] pci 0000:02:00.0: BAR 2: assigned [mem 0x13100000-0x13100fff 64bit]
[    2.753250] pci 0000:02:00.0: BAR 0: assigned [io  0x1000-0x10ff]
[    2.759359] pci 0000:00:02.0: PCI bridge to [bus 02]
[    2.764335] pci 0000:00:02.0:   bridge window [io  0x1000-0x1fff]
[    2.770440] pci 0000:00:02.0:   bridge window [mem 0x13100000-0x131fffff]
[    2.777237] pci 0000:00:02.0:   bridge window [mem 0x20000000-0x200fffff 64bit pref]
[    2.785019] pci 0000:00:01.0: nv_msi_ht_cap_quirk didn't locate host bridge
[    2.792086] pcieport 0000:00:01.0: enabling device (0140 -> 0142)
[    2.798475] pcieport 0000:00:01.0: Signaling PME with IRQ 393
[    2.804330] pci 0000:00:02.0: nv_msi_ht_cap_quirk didn't locate host bridge
[    2.811369] pcieport 0000:00:02.0: enabling device (0140 -> 0143)
[    2.817721] pcieport 0000:00:02.0: Signaling PME with IRQ 394
[    2.823772] r8169 Gigabit Ethernet driver 2.3LK-NAPI loaded
[    2.829376] r8169 0000:02:00.0: enabling device (0140 -> 0143)
[    2.835999] mmcblk1: mmc1:aaaa SD04G 3.69 GiB 
[    2.850913] r8169 0000:02:00.0 eth0: RTL8168g/8111g at 0xf0b4b000, 00:04:4b:3a:d9:81, XID 0c000800 IRQ 395
[    2.860620] r8169 0000:02:00.0 eth0: jumbo features [frames: 9200 bytes, tx checksumming: ko]
[    2.876064] [drm] Supports vblank timestamp caching Rev 2 (21.10.2013).
[    2.882716] [drm] No driver support for vblank timestamp query.
[    2.890233]  mmcblk1: p1 p2 p3
[    3.015758] tegra-hdmi 54280000.hdmi: cannot set audio to 48000 Hz at 297000000 Hz pixel clock
[    3.183697] Console: switching to colour frame buffer device 512x135
[    3.279233] drm drm: fb0:  frame buffer device
[    3.299108] [drm] Initialized tegra 0.0.0 20120330 on minor 0
[    3.306638] of: dev_pm_opp_of_cpumask_add_table: couldn't find opp table for cpu:0, -19
[    3.314711] cpufreq: cpufreq_online: CPU0: Running at unlisted freq: 696000 KHz
[    3.322043] cpufreq: cpufreq_online: CPU0: Unlisted initial frequency changed to: 714000 KHz
[    3.331306] input: gpio-keys as /devices/soc0/gpio-keys/input/input0
[    3.338589] as3722-rtc as3722-rtc: setting system clock to 2000-01-01 00:00:14 UTC (946684814)
[    3.347680] +USB0_VBUS_SW: disabling
[    3.351300] +1.8V_RUN_CAM: disabling
[    3.355124] +2.8V_RUN_CAM: disabling
[    3.358893] +1.2V_RUN_CAM_FRONT: disabling
[    3.363168] +1.05V_RUN_CAM_REAR: disabling
[    3.367480] +3.3V_RUN_TOUCH: disabling
[    3.371403] +2.8V_RUN_CAM_AF: disabling
[    3.375456] +1.8V_RUN_VPP_FUSE: disabling
[    3.380561] EXT4-fs (mmcblk0p1): mounting ext3 file system using the ext4 subsystem
[    3.402229] EXT4-fs (mmcblk0p1): recovery complete
[    3.407050] EXT4-fs (mmcblk0p1): mounted filesystem with ordered data mode. Opts: (null)
[    3.415168] VFS: Mounted root (ext3 filesystem) on device 179:1.
[    3.425430] devtmpfs: mounted
[    3.429062] Freeing unused kernel memory: 2048K
bash: cannot set terminal process group (-1): Inappropriate ioctl for device
bash: no job control in this shell
root@(none):/# mount -t sysfs none /sys
root@(none):/# 
root@(none):/# mount -t debugfs none /sys/kernel/debug
root@(none):/# 
root@(none):/# rtcwake -d rtc1 -m mem -s 3
rtcwake: assuming RTC uses UTC ...
rtcwake: wakeup from "mem" using /dev/rtc1 at Thu Jan  1 00:00:20 1970
[    6.452817] PM: Syncing filesystems ... done.
[    6.629572] Freezing user space processes ... (elapsed 0.001 seconds) done.
[    6.637890] Freezing remaining freezable tasks ... (elapsed 0.001 seconds) done.
[    6.646498] Suspending console(s) (use no_console_suspend to debug)
[    6.775569] PM: suspend of devices complete after 122.254 msecs
[    6.777255] PM: late suspend of devices complete after 1.676 msecs
[    6.795094] PM: noirq suspend of devices complete after 17.834 msecs
[    6.795096] Disabling non-boot CPUs ...
[    6.795522] CPU1: shutdown
[    6.825427] IRQ17 no longer affine to CPU2
[    6.825672] CPU2: shutdown
[    6.855333] CPU3: shutdown
[    6.879760] Entering suspend state LP1
[    6.879760] Suspended for 3.059 seconds
[    6.879770] Enabling non-boot CPUs ...
[    6.894977] CPU1: shutdown
[    6.909484] Error taking CPU1 up: -2
[    6.924712] IRQ17 no longer affine to CPU2
[    6.924927] CPU2: shutdown
[    6.939482] Error taking CPU2 up: -2
[    6.954923] CPU3: shutdown
[    6.969484] Error taking CPU3 up: -2
[    6.970178] pcieport 0000:00:01.0: nv_msi_ht_cap_quirk didn't locate host bridge
[    6.970243] pcieport 0000:00:02.0: nv_msi_ht_cap_quirk didn't locate host bridge
[    6.989043] PM: noirq resume of devices complete after 19.553 msecs
[    6.990118] PM: early resume of devices complete after 0.751 msecs
[    6.992994] tegra-hdmi 54280000.hdmi: cannot set audio to 48000 Hz at 297000000 Hz pixel clock
[    7.071925] PM: resume of devices complete after 81.799 msecs
[    7.182844] Restarting tasks ... done.
root@(none):/# 
root@(none):/# [    7.319518] ata1: SATA link down (SStatus 0 SControl 300)
rtcwake -d rtc1 -m mem -s 3
rtcwake: assuming RTC uses UTC ...
rtcwake: wakeup from "mem" using /dev/rtc1 at Thu Jan  1 00:00:25 1970
[    8.407474] PM: Syncing filesystems ... done.
[    8.581240] Freezing user space processes ... (elapsed 0.001 seconds) done.
[    8.589694] Freezing remaining freezable tasks ... (elapsed 0.001 seconds) done.
[    8.598434] Suspending console(s) (use no_console_suspend to debug)
[    8.623829] pci_generic_config_write32: 116 callbacks suppressed
[    8.623834] pci_bus 0000:00: 2-byte config write to 0000:00:02.0 offset 0x9c may corrupt adjacent RW1C bits
[    8.623847] pci_bus 0000:00: 2-byte config write to 0000:00:01.0 offset 0x9c may corrupt adjacent RW1C bits
[    8.705318] PM: suspend of devices complete after 100.172 msecs
[    8.706643] PM: late suspend of devices complete after 1.321 msecs
[    8.706912] pci_bus 0000:02: 2-byte config write to 0000:02:00.0 offset 0x44 may corrupt adjacent RW1C bits
[    8.706924] pci_bus 0000:02: 2-byte config write to 0000:02:00.0 offset 0x44 may corrupt adjacent RW1C bits
[    8.724862] PM: noirq suspend of devices complete after 18.214 msecs
[    8.724864] Disabling non-boot CPUs ...
[    8.724866] Entering suspend state LP1
[    8.724866] Suspended for 3.154 seconds
[    8.725476] pci_bus 0000:00: 2-byte config write to 0000:00:01.0 offset 0x4c may corrupt adjacent RW1C bits
[    8.725485] pci_bus 0000:00: 2-byte config write to 0000:00:01.0 offset 0x88 may corrupt adjacent RW1C bits
[    8.725489] pci_bus 0000:00: 2-byte config write to 0000:00:01.0 offset 0x90 may corrupt adjacent RW1C bits
[    8.725494] pci_bus 0000:00: 2-byte config write to 0000:00:01.0 offset 0x98 may corrupt adjacent RW1C bits
[    8.725499] pci_bus 0000:00: 2-byte config write to 0000:00:01.0 offset 0x9c may corrupt adjacent RW1C bits
[    8.725503] pci_bus 0000:00: 2-byte config write to 0000:00:01.0 offset 0xa8 may corrupt adjacent RW1C bits
[    8.725556] pcieport 0000:00:01.0: nv_msi_ht_cap_quirk didn't locate host bridge
[    8.725619] pcieport 0000:00:02.0: nv_msi_ht_cap_quirk didn't locate host bridge
[    8.744010] PM: noirq resume of devices complete after 19.130 msecs
[    8.745069] PM: early resume of devices complete after 0.740 msecs
[    8.748321] tegra-hdmi 54280000.hdmi: cannot set audio to 48000 Hz at 297000000 Hz pixel clock
[    8.824706] PM: resume of devices complete after 79.632 msecs
[    8.999982] Restarting tasks ... done.
root@(none):/# 
root@(none):/# [    9.062524] ata1: SATA link down (SStatus 0 SControl 300)
rtcwake -d rtc1 -m mem -s 3
rtcwake: assuming RTC uses UTC ...
rtcwake: wakeup from "mem" using /dev/rtc1 at Thu Jan  1 00:00:30 1970
[   10.250653] PM: Syncing filesystems ... done.
[   10.424414] Freezing user space processes ... (elapsed 0.001 seconds) done.
[   10.432623] Freezing remaining freezable tasks ... (elapsed 0.001 seconds) done.
[   10.441137] Suspending console(s) (use no_console_suspend to debug)
[   10.540348] PM: suspend of devices complete after 92.401 msecs
[   10.542061] PM: late suspend of devices complete after 1.708 msecs
[   10.560159] PM: noirq suspend of devices complete after 18.093 msecs
[   10.560162] Disabling non-boot CPUs ...
[   10.560164] Entering suspend state LP1
[   10.560164] Suspended for 3.164 seconds
[   10.560876] pcieport 0000:00:01.0: nv_msi_ht_cap_quirk didn't locate host bridge
[   10.560941] pcieport 0000:00:02.0: nv_msi_ht_cap_quirk didn't locate host bridge
[   10.578979] PM: noirq resume of devices complete after 18.800 msecs
[   10.580077] PM: early resume of devices complete after 0.788 msecs
[   10.583804] tegra-hdmi 54280000.hdmi: cannot set audio to 48000 Hz at 297000000 Hz pixel clock
[   10.663448] PM: resume of devices complete after 83.366 msecs
[   10.735462] Restarting tasks ... done.
root@(none):/# 
root@(none):/# [   10.897876] ata1: SATA link down (SStatus 0 SControl 300)
rtcwake -d rtc1 -m mem -s 3
rtcwake: assuming RTC uses UTC ...
rtcwake: wakeup from "mem" using /dev/rtc1 at Thu Jan  1 00:00:34 1970
[   11.073143] PM: Syncing filesystems ... done.
[   11.111936] Freezing user space processes ... (elapsed 0.001 seconds) done.
[   11.120006] Freezing remaining freezable tasks ... (elapsed 0.001 seconds) done.
[   11.128537] Suspending console(s) (use no_console_suspend to debug)
[   11.250340] PM: suspend of devices complete after 114.946 msecs
[   11.252205] PM: late suspend of devices complete after 1.859 msecs
[   11.270258] PM: noirq suspend of devices complete after 18.047 msecs
[   11.270261] Disabling non-boot CPUs ...
[   11.270263] Entering suspend state LP1
[   11.270263] Suspended for 3.289 seconds
[   11.270973] pcieport 0000:00:01.0: nv_msi_ht_cap_quirk didn't locate host bridge
[   11.271038] pcieport 0000:00:02.0: nv_msi_ht_cap_quirk didn't locate host bridge
[   11.288950] PM: noirq resume of devices complete after 18.672 msecs
[   11.290055] PM: early resume of devices complete after 0.789 msecs
[   11.293790] tegra-hdmi 54280000.hdmi: cannot set audio to 48000 Hz at 297000000 Hz pixel clock
[   11.372579] PM: resume of devices complete after 82.519 msecs
[   11.444675] Restarting tasks ... done.
root@(none):/# 
root@(none):/# [   11.607860] ata1: SATA link down (SStatus 0 SControl 300)
rtcwake -d rtc1 -m mem -s 3
rtcwake: assuming RTC uses UTC ...
rtcwake: wakeup from "mem" using /dev/rtc1 at Thu Jan  1 00:00:38 1970
[   11.789245] PM: Syncing filesystems ... done.
[   11.828030] Freezing user space processes ... (elapsed 0.001 seconds) done.
[   11.836104] Freezing remaining freezable tasks ... (elapsed 0.001 seconds) done.
[   11.844633] Suspending console(s) (use no_console_suspend to debug)
[   11.960310] PM: suspend of devices complete after 108.819 msecs
[   11.962175] PM: late suspend of devices complete after 1.859 msecs
[   11.980223] PM: noirq suspend of devices complete after 18.043 msecs
[   11.980226] Disabling non-boot CPUs ...
[   11.980228] Entering suspend state LP1
[   11.980228] Suspended for 3.290 seconds
[   11.980942] pcieport 0000:00:01.0: nv_msi_ht_cap_quirk didn't locate host bridge
[   11.981006] pcieport 0000:00:02.0: nv_msi_ht_cap_quirk didn't locate host bridge
[   11.998918] PM: noirq resume of devices complete after 18.675 msecs
[   12.000025] PM: early resume of devices complete after 0.789 msecs
[   12.003751] tegra-hdmi 54280000.hdmi: cannot set audio to 48000 Hz at 297000000 Hz pixel clock
[   12.082653] PM: resume of devices complete after 82.619 msecs
[   12.154802] Restarting tasks ... done.
root@(none):/# 
root@(none):/# [   12.317805] ata1: SATA link down (SStatus 0 SControl 300)
rtcwake -d rtc1 -m mem -s 3
rtcwake: assuming RTC uses UTC ...
rtcwake: wakeup from "mem" using /dev/rtc1 at Thu Jan  1 00:00:42 1970
[   12.493689] PM: Syncing filesystems ... done.
[   12.532496] Freezing user space processes ... (elapsed 0.001 seconds) done.
[   12.540569] Freezing remaining freezable tasks ... (elapsed 0.001 seconds) done.
[   12.549101] Suspending console(s) (use no_console_suspend to debug)
[   12.670281] PM: suspend of devices complete after 114.324 msecs
[   12.672148] PM: late suspend of devices complete after 1.861 msecs
[   12.690190] PM: noirq suspend of devices complete after 18.036 msecs
[   12.690192] Disabling non-boot CPUs ...
[   12.690195] Entering suspend state LP1
[   12.690195] Suspended for 3.289 seconds
[   12.690908] pcieport 0000:00:01.0: nv_msi_ht_cap_quirk didn't locate host bridge
[   12.690974] pcieport 0000:00:02.0: nv_msi_ht_cap_quirk didn't locate host bridge
[   12.708886] PM: noirq resume of devices complete after 18.677 msecs
[   12.709989] PM: early resume of devices complete after 0.791 msecs
[   12.713733] tegra-hdmi 54280000.hdmi: cannot set audio to 48000 Hz at 297000000 Hz pixel clock
[   12.793363] PM: resume of devices complete after 83.369 msecs
[   12.865473] Restarting tasks ... done.
root@(none):/# 
root@(none):/# [   13.026794] ata1: SATA link down (SStatus 0 SControl 300)
rtcwake -d rtc1 -m mem -s 3
rtcwake: assuming RTC uses UTC ...
rtcwake: wakeup from "mem" using /dev/rtc1 at Thu Jan  1 00:00:46 1970
[   13.203201] PM: Syncing filesystems ... done.
[   13.242017] Freezing user space processes ... (elapsed 0.001 seconds) done.
[   13.250093] Freezing remaining freezable tasks ... (elapsed 0.001 seconds) done.
[   13.258624] Suspending console(s) (use no_console_suspend to debug)
[   13.380244] PM: suspend of devices complete after 114.757 msecs
[   13.382104] PM: late suspend of devices complete after 1.854 msecs
[   13.400155] PM: noirq suspend of devices complete after 18.046 msecs
[   13.400158] Disabling non-boot CPUs ...
[   13.400161] Entering suspend state LP1
[   13.400161] Suspended for 3.289 seconds
[   13.400873] pcieport 0000:00:01.0: nv_msi_ht_cap_quirk didn't locate host bridge
[   13.400937] pcieport 0000:00:02.0: nv_msi_ht_cap_quirk didn't locate host bridge
[   13.418854] PM: noirq resume of devices complete after 18.679 msecs
[   13.419951] PM: early resume of devices complete after 0.788 msecs
[   13.423662] tegra-hdmi 54280000.hdmi: cannot set audio to 48000 Hz at 297000000 Hz pixel clock
[   13.502462] PM: resume of devices complete after 82.506 msecs
[   13.574556] Restarting tasks ... done.
root@(none):/# 
root@(none):/# [   13.737742] ata1: SATA link down (SStatus 0 SControl 300)
rtcwake -d rtc1 -m mem -s 3
rtcwake: assuming RTC uses UTC ...
rtcwake: wakeup from "mem" using /dev/rtc1 at Thu Jan  1 00:00:50 1970
[   13.917937] PM: Syncing filesystems ... done.
[   13.956706] Freezing user space processes ... (elapsed 0.001 seconds) done.
[   13.964782] Freezing remaining freezable tasks ... (elapsed 0.001 seconds) done.
[   13.973315] Suspending console(s) (use no_console_suspend to debug)
[   14.009313] pci_generic_config_write32: 242 callbacks suppressed
[   14.009320] pci_bus 0000:00: 2-byte config write to 0000:00:02.0 offset 0x9c may corrupt adjacent RW1C bits
[   14.009336] pci_bus 0000:00: 2-byte config write to 0000:00:01.0 offset 0x9c may corrupt adjacent RW1C bits
[   14.090207] PM: suspend of devices complete after 110.036 msecs
[   14.092078] PM: late suspend of devices complete after 1.865 msecs
[   14.092418] pci_bus 0000:02: 2-byte config write to 0000:02:00.0 offset 0x44 may corrupt adjacent RW1C bits
[   14.092431] pci_bus 0000:02: 2-byte config write to 0000:02:00.0 offset 0x44 may corrupt adjacent RW1C bits
[   14.110126] PM: noirq suspend of devices complete after 18.042 msecs
[   14.110129] Disabling non-boot CPUs ...
[   14.110132] Entering suspend state LP1
[   14.110132] Suspended for 3.289 seconds
[   14.110782] pci_bus 0000:00: 2-byte config write to 0000:00:01.0 offset 0x4c may corrupt adjacent RW1C bits
[   14.110791] pci_bus 0000:00: 2-byte config write to 0000:00:01.0 offset 0x88 may corrupt adjacent RW1C bits
[   14.110796] pci_bus 0000:00: 2-byte config write to 0000:00:01.0 offset 0x90 may corrupt adjacent RW1C bits
[   14.110801] pci_bus 0000:00: 2-byte config write to 0000:00:01.0 offset 0x98 may corrupt adjacent RW1C bits
[   14.110806] pci_bus 0000:00: 2-byte config write to 0000:00:01.0 offset 0x9c may corrupt adjacent RW1C bits
[   14.110811] pci_bus 0000:00: 2-byte config write to 0000:00:01.0 offset 0xa8 may corrupt adjacent RW1C bits
[   14.110866] pcieport 0000:00:01.0: nv_msi_ht_cap_quirk didn't locate host bridge
[   14.110930] pcieport 0000:00:02.0: nv_msi_ht_cap_quirk didn't locate host bridge
[   14.128822] PM: noirq resume of devices complete after 18.676 msecs
[   14.129924] PM: early resume of devices complete after 0.789 msecs
[   14.133632] tegra-hdmi 54280000.hdmi: cannot set audio to 48000 Hz at 297000000 Hz pixel clock
[   14.212398] PM: resume of devices complete after 82.469 msecs
[   14.387712] Restarting tasks ... done.
root@(none):/# 
root@(none):/# [   14.451081] ata1: SATA link down (SStatus 0 SControl 300)
rtcwake -d rtc1 -m mem -s 3
rtcwake: assuming RTC uses UTC ...
rtcwake: wakeup from "mem" using /dev/rtc1 at Thu Jan  1 00:00:55 1970
[   15.641807] PM: Syncing filesystems ... done.
[   15.759946] Freezing user space processes ... (elapsed 0.001 seconds) done.
[   15.768253] Freezing remaining freezable tasks ... (elapsed 0.001 seconds) done.
[   15.777055] Suspending console(s) (use no_console_suspend to debug)
[   15.885808] PM: suspend of devices complete after 100.719 msecs
[   15.891694] PM: late suspend of devices complete after 5.868 msecs
[   15.913323] PM: noirq suspend of devices complete after 21.611 msecs
[   15.913330] Disabling non-boot CPUs ...
[   15.913337] Entering suspend state LP1
[   15.913337] Suspended for 3.196 seconds
[   15.914068] pcieport 0000:00:01.0: nv_msi_ht_cap_quirk didn't locate host bridge
[   15.914133] pcieport 0000:00:02.0: nv_msi_ht_cap_quirk didn't locate host bridge
[   15.933797] PM: noirq resume of devices complete after 20.445 msecs
[   15.934900] PM: early resume of devices complete after 0.788 msecs
[   15.938606] tegra-hdmi 54280000.hdmi: cannot set audio to 48000 Hz at 297000000 Hz pixel clock
[   16.017402] PM: resume of devices complete after 82.498 msecs
[   16.089495] Restarting tasks ... done.
root@(none):/# 
root@(none):/# [   16.252681] ata1: SATA link down (SStatus 0 SControl 300)
rtcwake -d rtc1 -m mem -s 3
rtcwake: assuming RTC uses UTC ...
rtcwake: wakeup from "mem" using /dev/rtc1 at Thu Jan  1 00:00:59 1970
[   16.427491] PM: Syncing filesystems ... done.
[   16.466274] Freezing user space processes ... (elapsed 0.001 seconds) done.
[   16.474347] Freezing remaining freezable tasks ... (elapsed 0.001 seconds) done.
[   16.482879] Suspending console(s) (use no_console_suspend to debug)
[   16.605146] PM: suspend of devices complete after 115.411 msecs
[   16.607004] PM: late suspend of devices complete after 1.852 msecs
[   16.625057] PM: noirq suspend of devices complete after 18.047 msecs
[   16.625059] Disabling non-boot CPUs ...
[   16.625061] Entering suspend state LP1
[   16.625061] Suspended for 3.288 seconds
[   16.625771] pcieport 0000:00:01.0: nv_msi_ht_cap_quirk didn't locate host bridge
[   16.625836] pcieport 0000:00:02.0: nv_msi_ht_cap_quirk didn't locate host bridge
[   16.643756] PM: noirq resume of devices complete after 18.681 msecs
[   16.644850] PM: early resume of devices complete after 0.786 msecs
[   16.648557] tegra-hdmi 54280000.hdmi: cannot set audio to 48000 Hz at 297000000 Hz pixel clock
[   16.727353] PM: resume of devices complete after 82.498 msecs
[   16.799449] Restarting tasks ... done.
root@(none):/# 
NVTB SYSTEM SUSPEND TEST COMPLETE
root@(none):/# [   16.962654] ata1: SATA link down (SStatus 0 SControl 300)
