
U-Boot SPL 2013.04-rc2-06423-gf2e8a87-dirty (May 15 2013 - 09:45:39)


U-Boot 2013.04-rc2-06423-gf2e8a87-dirty (May 15 2013 - 09:45:39)

TEGRA30
Board: NVIDIA Beaver
DRAM:  2 GiB
MMC:   Tegra SD/MMC: 0, Tegra SD/MMC: 1
*** Warning - bad CRC, using default environment

In:    serial
Out:   serial
Err:   serial
Hit any key to stop autoboot:  2  0 
Tegra30 (Beaver) # 
Tegra30 (Beaver) # setenv bootargs 'console=ttyS0,230400n8 noinitrd root=/dev/mmcblk0p1 rw rootwait gpt ignore_loglevel debug'
Tegra30 (Beaver) # loady 0x81000000
## Ready for binary (ymodem) download to 0x81000000 at 230400 bps...
CSending: zImage
Sending: 

Transfer complete
yzModem - CRC mode, 2(SOH)/3872(STX)/0(CAN) packets, 3 retries
## Total Size      = 0x003c8000 = 3964928 Bytes
Tegra30 (Beaver) # loady 0x82000000
## Ready for binary (ymodem) download to 0x82000000 at 230400 bps...
CSending: tegra30-beaver.dtb
Sending: 

Transfer complete
yzModem - CRC mode, 2(SOH)/17(STX)/0(CAN) packets, 3 retries
## Total Size      = 0x0000439d = 17309 Bytes
Tegra30 (Beaver) # bootz 0x81000000 - 0x82000000
## Flattened Device Tree blob at 82000000
   Booting using the fdt blob at 0x82000000
   Loading Device Tree to 8fff8000, end 8ffff39c ... OK

Starting kernel ...

[    0.000000] Booting Linux on physical CPU 0x0
[    0.000000] Linux version 3.11.0-rc4-11803-gc095ba7 (pwalmsley@tamien) (gcc version 4.5.1 (Sourcery G++ Lite 2010.09-50) ) #1 SMP Tue Aug 6 09:27:13 PDT 2013
[    0.000000] CPU: ARMv7 Processor [412fc099] revision 9 (ARMv7), cr=10c5387d
[    0.000000] CPU: PIPT / VIPT nonaliasing data cache, VIPT aliasing instruction cache
[    0.000000] Machine: NVIDIA Tegra SoC (Flattened Device Tree), model: NVIDIA Tegra30 Beaver evaluation board
[    0.000000] debug: ignoring loglevel setting.
[    0.000000] Memory policy: ECC disabled, Data cache writealloc
[    0.000000] On node 0 totalpages: 524032
[    0.000000] free_area_init_node: node 0, pgdat c07b4a00, node_mem_map c07fc000
[    0.000000]   DMA zone: 1520 pages used for memmap
[    0.000000]   DMA zone: 0 pages reserved
[    0.000000]   DMA zone: 194560 pages, LIFO batch:31
[    0.000000]   HighMem zone: 2574 pages used for memmap
[    0.000000]   HighMem zone: 329472 pages, LIFO batch:31
[    0.000000] fuse_speedo_calib: ATE prog ver 3.3
[    0.000000] Tegra30: CPU Speedo ID 5, Soc Speedo ID 2
[    0.000000] Tegra Revision: A03 SKU: 128 CPU Process: 4 Core Process: 0
[    0.000000] L310 cache controller enabled
[    0.000000] l2x0: 8 ways, CACHE_ID 0x410000c7, AUX_CTRL 0x7e480001, Cache size: 1048576 B
[    0.000000] PERCPU: Embedded 5 pages/cpu @c180e000 s7168 r0 d13312 u32768
[    0.000000] pcpu-alloc: s7168 r0 d13312 u32768 alloc=8*4096
[    0.000000] pcpu-alloc: [0] 0 [0] 1 [0] 2 [0] 3 
[    0.000000] Built 1 zonelists in Zone order, mobility grouping on.  Total pages: 522512
[    0.000000] Kernel command line: console=ttyS0,230400n8 noinitrd root=/dev/mmcblk0p1 rw rootwait gpt ignore_loglevel debug
[    0.000000] PID hash table entries: 4096 (order: 2, 16384 bytes)
[    0.000000] Dentry cache hash table entries: 131072 (order: 7, 524288 bytes)
[    0.000000] Inode-cache hash table entries: 65536 (order: 6, 262144 bytes)
[    0.000000] Memory: 2070580K/2096128K available (5383K kernel code, 584K rwdata, 1412K rodata, 479K init, 279K bss, 25548K reserved, 1317888K highmem)
[    0.000000] Virtual kernel memory layout:
[    0.000000]     vector  : 0xffff0000 - 0xffff1000   (   4 kB)
[    0.000000]     fixmap  : 0xfff00000 - 0xfffe0000   ( 896 kB)
[    0.000000]     vmalloc : 0xf0000000 - 0xff000000   ( 240 MB)
[    0.000000]     lowmem  : 0xc0000000 - 0xef800000   ( 760 MB)
[    0.000000]     pkmap   : 0xbfe00000 - 0xc0000000   (   2 MB)
[    0.000000]       .text : 0xc0008000 - 0xc06ab024   (6797 kB)
[    0.000000]       .init : 0xc06ac000 - 0xc0723c00   ( 479 kB)
[    0.000000]       .data : 0xc0724000 - 0xc07b6140   ( 585 kB)
[    0.000000]        .bss : 0xc07b6140 - 0xc07fbe14   ( 280 kB)
[    0.000000] SLUB: HWalign=64, Order=0-3, MinObjects=0, CPUs=4, Nodes=1
[    0.000000] Hierarchical RCU implementation.
[    0.000000] NR_IRQS:16 nr_irqs:16 16
[    0.000000] sched_clock: 32 bits at 1000kHz, resolution 1000ns, wraps every 4294967ms
[    0.000000] Console: colour dummy device 80x30
[    0.000514] Calibrating delay loop... 1397.55 BogoMIPS (lpj=6987776)
[    0.090073] pid_max: default: 32768 minimum: 301
[    0.090182] Mount-cache hash table entries: 512
[    0.092193] CPU: Testing write buffer coherency: ok
[    0.092460] CPU0: thread -1, cpu 0, socket 0, mpidr 80000000
[    0.092528] Setting up static identity map for 0xc051c128 - 0xc051c1c0
[    0.092643] unable to find compatible sirf rstc node in dtb
[    0.093989] CPU1: Booted secondary processor
[    0.132509] CPU1: thread -1, cpu 1, socket 0, mpidr 80000001
[    0.133372] CPU2: Booted secondary processor
[    0.172508] CPU2: thread -1, cpu 2, socket 0, mpidr 80000002
[    0.173342] CPU3: Booted secondary processor
[    0.212509] CPU3: thread -1, cpu 3, socket 0, mpidr 80000003
[    0.212569] Brought up 4 CPUs
[    0.212585] SMP: Total of 4 processors activated (5590.22 BogoMIPS).
[    0.212591] CPU: All CPU(s) started in SVC mode.
[    0.213135] devtmpfs: initialized
[    0.215542] pinctrl core: initialized pinctrl subsystem
[    0.215778] regulator-dummy: no parameters
[    0.216024] NET: Registered protocol family 16
[    0.217462] DMA: preallocated 256 KiB pool for atomic coherent allocations
[    0.217580] unable to find compatible sirf pwrc node in dtb
[    0.224600] Serial: AMBA PL011 UART driver
[    0.227341] bio: create slab <bio-0> at 0
[    0.228194] edma-dma-engine edma-dma-engine.0: Can't allocate PaRAM dummy slot
[    0.228212] edma-dma-engine: probe of edma-dma-engine.0 failed with error -5
[    0.228461] vdd_5v_in: 5000 mV 
[    0.228526] platform 1.regulator: Driver reg-fixed-voltage requests probe deferral
[    0.228555] platform 2.regulator: Driver reg-fixed-voltage requests probe deferral
[    0.228630] vdd_5v_sata: 5000 mV 
[    0.228651] vdd_5v_sata: supplied by vdd_5v_in
[    0.228772] usb1_vbus: 5000 mV 
[    0.228790] usb1_vbus: supplied by vdd_5v_in
[    0.228904] usb3_vbus: 5000 mV 
[    0.228934] usb3_vbus: supplied by vdd_5v_in
[    0.229001] platform 6.regulator: Driver reg-fixed-voltage requests probe deferral
[    0.229072] sys_3v3_pexs: 3300 mV 
[    0.229091] reg-fixed-voltage 7.regulator: Failed to find supply vin
[    0.229140] reg-fixed-voltage 7.regulator: Failed to register regulator: -517
[    0.229151] platform 7.regulator: Driver reg-fixed-voltage requests probe deferral
[    0.229915] vgaarb: loaded
[    0.230115] SCSI subsystem initialized
[    0.230216] libata version 3.00 loaded.
[    0.230328] usbcore: registered new interface driver usbfs
[    0.230352] usbcore: registered new interface driver hub
[    0.230407] usbcore: registered new device driver usb
[    0.232852] tps62361-vout: 500 <--> 1500 mV at 1160 mV 
[    0.233010] pps_core: LinuxPPS API ver. 1 registered
[    0.233015] pps_core: Software ver. 5.3.6 - Copyright 2005-2007 Rodolfo Giometti <giometti@linux.it>
[    0.233027] PTP clock support registered
[    0.233053] EDAC MC: Ver: 3.0.0
[    0.233680] Switched to clocksource timer_us
[    0.238405] NET: Registered protocol family 2
[    0.238754] TCP established hash table entries: 8192 (order: 4, 65536 bytes)
[    0.238838] TCP bind hash table entries: 8192 (order: 4, 65536 bytes)
[    0.238909] TCP: Hash tables configured (established 8192 bind 8192)
[    0.238986] TCP: reno registered
[    0.238999] UDP hash table entries: 512 (order: 2, 16384 bytes)
[    0.239059] UDP-Lite hash table entries: 512 (order: 2, 16384 bytes)
[    0.239268] NET: Registered protocol family 1
[    0.239478] RPC: Registered named UNIX socket transport module.
[    0.239485] RPC: Registered udp transport module.
[    0.239489] RPC: Registered tcp transport module.
[    0.239493] RPC: Registered tcp NFSv4.1 backchannel transport module.
[    0.239501] PCI: CLS 0 bytes, default 64
[    0.241272] bounce pool size: 64 pages
[    0.245659] NFS: Registering the id_resolver key type
[    0.245696] Key type id_resolver registered
[    0.245701] Key type id_legacy registered
[    0.245828] Block layer SCSI generic (bsg) driver version 0.4 loaded (major 251)
[    0.245836] io scheduler noop registered
[    0.245840] io scheduler deadline registered
[    0.245920] io scheduler cfq registered (default)
[    0.248269] tegra-apbdma 6000a000.dma: Tegra20 APB DMA driver register 32 channels
[    0.277288] Serial: 8250/16550 driver, 4 ports, IRQ sharing disabled
[    0.278103] Serial: IMX driver
[    0.278643] 70006000.serial: ttyS0 at MMIO 0x70006000 (irq = 68) is a Tegra
[    0.610738] console [ttyS0] enabled
[    0.613046] serial: Freescale lpuart driver
[    0.615307] [drm] Initialized drm 1.1.0 20060810
[    0.618812] [drm] Supports vblank timestamp caching Rev 1 (10.10.2010).
[    0.622131] [drm] No driver support for vblank timestamp query.
[    0.625124] tegra-host1x 50000000.host1x: No connectors reported connected with modes
[    0.629056] [drm] Cannot find any crtc or sizes - going 1024x768
[    0.646244] Console: switching to colour frame buffer device 128x48
[    0.655826] tegra-host1x 50000000.host1x: fb0:  frame buffer device
[    0.658971] tegra-host1x 50000000.host1x: registered panic notifier
[    0.662119] [drm] Initialized tegra 0.0.0 20120330 on minor 0
[    0.666666] ehci_hcd: USB 2.0 'Enhanced' Host Controller (EHCI) Driver
[    0.669941] ehci-pci: EHCI PCI platform driver
[    0.672186] ehci-platform: EHCI generic platform driver
[    0.674875] ehci-omap: OMAP-EHCI Host Controller driver
[    0.677538] ehci-orion: EHCI orion driver
[    0.679591] SPEAr-ehci: EHCI SPEAr driver
[    0.681644] tegra-ehci: Tegra EHCI driver
[    0.683872] usbcore: registered new interface driver usb-storage
[    0.687560] mousedev: PS/2 mouse device common for all mice
[    0.690735] tegra_rtc 7000e000.rtc: rtc core: registered 7000e000.rtc as rtc0
[    0.694337] tegra_rtc 7000e000.rtc: Tegra internal Real Time Clock
[    0.697792] sdhci: Secure Digital Host Controller Interface driver
[    0.700891] sdhci: Copyright(c) Pierre Ossman
[    0.703253] sdhci-pltfm: SDHCI platform and OF driver helper
[    0.706321] sdhci-tegra 78000000.sdhci: Got CD GPIO #69.
[    0.708994] sdhci-tegra 78000000.sdhci: Got WP GPIO #155.
[    0.712727] mmc0: no vqmmc regulator found
[    0.714795] mmc0: no vmmc regulator found
[    0.716807] mmc0: Invalid maximum block size, assuming 512 bytes
[    0.763686] mmc0: SDHCI controller on 78000000.sdhci [78000000.sdhci] using ADMA
[    0.768446] mmc1: no vqmmc regulator found
[    0.770501] mmc1: no vmmc regulator found
[    0.772511] mmc1: Invalid maximum block size, assuming 512 bytes
[    0.813683] mmc1: SDHCI controller on 78000600.sdhci [78000600.sdhci] using ADMA
[    0.817628] usbcore: registered new interface driver usbhid
[    0.820421] usbhid: USB HID core driver
[    0.822517] TCP: cubic registered
[    0.824481] NET: Registered protocol family 10
[    0.827089] sit: IPv6 over IPv4 tunneling driver
[    0.829772] Key type dns_resolver registered
[    0.832904] VFP support v0.3: implementor 41 architecture 3 part 30 variant 9 rev 4
[    0.836799] Registering SWP/SWPB emulation handler
[    0.839901] platform 1.regulator: Driver reg-fixed-voltage requests probe deferral
[    0.843937] platform 2.regulator: Driver reg-fixed-voltage requests probe deferral
[    0.847865] platform 6.regulator: Driver reg-fixed-voltage requests probe deferral
[    0.851861] sys_3v3_pexs: 3300 mV 
[    0.853595] reg-fixed-voltage 7.regulator: Failed to find supply vin
[    0.856839] reg-fixed-voltage 7.regulator: Failed to register regulator: -517
[    0.860425] platform 7.regulator: Driver reg-fixed-voltage requests probe deferral
[    0.864345] tegra_rtc 7000e000.rtc: setting system clock to 1970-01-01 00:03:24 UTC (204)
[    0.869011] Waiting for root device /dev/mmcblk0p1...
[    0.972039] mmc1: new high speed MMC card at address 0001
[    0.975040] mmcblk0: mmc1:0001 SEM16G 14.8 GiB 
[    0.977407] mmcblk0boot0: mmc1:0001 SEM16G partition 1 1.00 MiB
[    0.980469] mmcblk0boot1: mmc1:0001 SEM16G partition 2 1.00 MiB
[    0.983531] mmcblk0rpmb: mmc1:0001 SEM16G partition 3 128 KiB
[    0.990325] Primary GPT is invalid, using alternate GPT.
[    0.993010]  mmcblk0: p1 p2 p3 p4 p5
[    0.998354]  mmcblk0boot1: unknown partition table
[    1.003547]  mmcblk0boot0: unknown partition table
[    1.006204] platform 1.regulator: Driver reg-fixed-voltage requests probe deferral
[    1.010204] platform 2.regulator: Driver reg-fixed-voltage requests probe deferral
[    1.014158] platform 6.regulator: Driver reg-fixed-voltage requests probe deferral
[    1.018135] sys_3v3_pexs: 3300 mV 
[    1.019870] reg-fixed-voltage 7.regulator: Failed to find supply vin
[    1.023101] reg-fixed-voltage 7.regulator: Failed to register regulator: -517
[    1.026695] platform 7.regulator: Driver reg-fixed-voltage requests probe deferral
[    1.085555] EXT4-fs (mmcblk0p1): mounting ext3 file system using the ext4 subsystem
[    1.264661] EXT4-fs (mmcblk0p1): recovery complete
[    1.268626] EXT4-fs (mmcblk0p1): mounted filesystem with ordered data mode. Opts: (null)
[    1.272726] VFS: Mounted root (ext3 filesystem) on device 179:1.
[    1.280642] devtmpfs: mounted
[    1.282531] Freeing unused kernel memory: 476K (c06ac000 - c0723000)
 
INIT: version 2.88 booting
[info] Using makefile-style concurrent boot in runlevel S.
[....] Starting the hotplug events dispatcher: udevd[    2.135130] udevd[159]: starting version 175
[ ok .
[....] Synthesizing the initial hotplug events...[ ok done.
[....] Waiting for /dev to be fully populated...[ ok done.
[....] Activating swap...[ ok done.
[    3.152297] EXT4-fs (mmcblk0p1): re-mounted. Opts: (null)
[....] Cleaning up temporary files... /tmp[ ok .
[....] Activating lvm and md swap...[ ok done.
[....] Checking file systems...fsck from util-linux 2.20.1
[ ok done.
[....] Mounting local filesystems...[ ok done.
[....] Activating swapfile swap...[ ok done.
[....] Cleaning up temporary files...[ ok .
[....] Setting kernel variables ...[ ok done.
[....] Configuring network interfaces...[ ok done.
[....] Starting rpcbind daemon...[ ok .
[....] Starting NFS common utilities: statd idmapd[ ok .
[....] Cleaning up temporary files...[ ok .
[....] Starting network benchmark server[ ok .
INIT: Entering runlevel: 2
[info] Using makefile-style concurrent boot in runlevel 2.
[....] Starting network benchmark server[FAIL failed!
[....] Starting rpcbind daemon...[....] Already running.[ ok .
[....] Starting NFS common utilities: statd idmapd[ ok .
[....] Starting system message bus: dbus[ ok .

Debian GNU/Linux wheezy/sid armel ttyS0

armel login: 