
U-Boot SPL 2014.01-00219-gc4d376f (Feb 18 2014 - 19:57:32)


U-Boot 2014.01-00219-gc4d376f (Feb 18 2014 - 19:57:32)

TEGRA114
Board: NVIDIA Dalmore
I2C:   ready
DRAM:  2 GiB
MMC:   Tegra SD/MMC: 0, Tegra SD/MMC: 1
In:    serial
Out:   serial
Err:   serial
Net:   Net Initialization Skipped
No ethernet found.
Hit any key to stop autoboot:  2  0 
Tegra114 (Dalmore) # 
Tegra114 (Dalmore) # usb reset
(Re)start USB...
USB0:   USB EHCI 1.10
scanning bus 0 for devices... 2 USB Device(s) found
       scanning usb for storage devices... 0 Storage Device(s) found
       scanning usb for ethernet devices... 
Warning: asx0 using MAC address from net device
1 Ethernet Device(s) found
Tegra114 (Dalmore) # setenv bootargs 'ignore_loglevel console=ttyS0,115200n8 rw root=/dev/mmcblk0p1 rootwait gpt debug earlyprintk init=/bin/bash'
Tegra114 (Dalmore) # setenv ipaddr 192.168.100.100; setenv serverip 192.168.100.1; setenv tftpserverip 192.168.100.1
Tegra114 (Dalmore) # tftpboot 0x81000000 zImage.multi_v7_defconfig
Using asx0 device
TFTP from server 192.168.100.1; our IP address is 192.168.100.100
Filename 'zImage.multi_v7_defconfig'.
Load address: 0x81000000
Loading: *#################################################################
	 #################################################################
	 #################################################################
	 #################################################################
	 #################################################################
	 #################################################################
	 #################################################################
	 #######
	 3.3 MiB/s
done
Bytes transferred = 6774488 (675ed8 hex)
Tegra114 (Dalmore) # tftpboot 0x82000000 tegra114-dalmore.dtb
Using asx0 device
TFTP from server 192.168.100.1; our IP address is 192.168.100.100
Filename 'tegra114-dalmore.dtb'.
Load address: 0x82000000
Loading: *###
	 3 MiB/s
done
Bytes transferred = 34894 (884e hex)
Tegra114 (Dalmore) # bootz 0x81000000 - 0x82000000
Kernel image @ 0x81000000 [ 0x000000 - 0x675ed8 ]
## Flattened Device Tree blob at 82000000
   Booting using the fdt blob at 0x82000000
   Loading Device Tree to 8fff4000, end 8ffff84d ... OK

Starting kernel ...

[    0.000000] Booting Linux on physical CPU 0x0
[    0.000000] Linux version 4.5.0-rc2-67202-g36f90b0 (pwalmsley@sellafield) (gcc version 4.7.3 20130328 (prerelease) (crosstool-NG linaro-1.13.1-4.7-2013.04-20130415 - Linaro GCC 2013.04) ) #1 SMP Sun Jan 31 18:33:21 PST 2016
[    0.000000] CPU: ARMv7 Processor [412fc0f2] revision 2 (ARMv7), cr=10c5387d
[    0.000000] CPU: div instructions available: patching division code
[    0.000000] CPU: PIPT / VIPT nonaliasing data cache, PIPT instruction cache
[    0.000000] Machine model: NVIDIA Tegra114 Dalmore evaluation board
[    0.000000] debug: ignoring loglevel setting.
[    0.000000] cma: Reserved 64 MiB at 0xfb800000
[    0.000000] Memory policy: Data cache writealloc
[    0.000000] On node 0 totalpages: 524032
[    0.000000] free_area_init_node: node 0, pgdat c106c480, node_mem_map eeff8000
[    0.000000]   DMA zone: 1536 pages used for memmap
[    0.000000]   DMA zone: 0 pages reserved
[    0.000000]   DMA zone: 196608 pages, LIFO batch:31
[    0.000000]   HighMem zone: 327424 pages, LIFO batch:31
[    0.000000] PERCPU: Embedded 12 pages/cpu @eefa3000 s18880 r8192 d22080 u49152
[    0.000000] pcpu-alloc: s18880 r8192 d22080 u49152 alloc=12*4096
[    0.000000] pcpu-alloc: [0] 0 [0] 1 [0] 2 [0] 3 
[    0.000000] Built 1 zonelists in Zone order, mobility grouping on.  Total pages: 522496
[    0.000000] Kernel command line: ignore_loglevel console=ttyS0,115200n8 rw root=/dev/mmcblk0p1 rootwait gpt debug earlyprintk init=/bin/bash
[    0.000000] PID hash table entries: 4096 (order: 2, 16384 bytes)
[    0.000000] Dentry cache hash table entries: 131072 (order: 7, 524288 bytes)
[    0.000000] Inode-cache hash table entries: 65536 (order: 6, 262144 bytes)
[    0.000000] Memory: 1997908K/2096128K available (8491K kernel code, 1113K rwdata, 4040K rodata, 1096K init, 345K bss, 32684K reserved, 65536K cma-reserved, 1244160K highmem)
[    0.000000] Virtual kernel memory layout:
[    0.000000]     vector  : 0xffff0000 - 0xffff1000   (   4 kB)
[    0.000000]     fixmap  : 0xffc00000 - 0xfff00000   (3072 kB)
[    0.000000]     vmalloc : 0xf0800000 - 0xff800000   ( 240 MB)
[    0.000000]     lowmem  : 0xc0000000 - 0xf0000000   ( 768 MB)
[    0.000000]     pkmap   : 0xbfe00000 - 0xc0000000   (   2 MB)
[    0.000000]     modules : 0xbf000000 - 0xbfe00000   (  14 MB)
[    0.000000]       .text : 0xc0208000 - 0xc0e45cc4   (12536 kB)
[    0.000000]       .init : 0xc0e46000 - 0xc0f58000   (1096 kB)
[    0.000000]       .data : 0xc0f58000 - 0xc106e440   (1114 kB)
[    0.000000]        .bss : 0xc1071000 - 0xc10c75a0   ( 346 kB)
[    0.000000] SLUB: HWalign=64, Order=0-3, MinObjects=0, CPUs=4, Nodes=1
[    0.000000] Hierarchical RCU implementation.
[    0.000000] 	Build-time adjustment of leaf fanout to 32.
[    0.000000] 	RCU restricting CPUs from NR_CPUS=16 to nr_cpu_ids=4.
[    0.000000] RCU: Adjusting geometry for rcu_fanout_leaf=32, nr_cpu_ids=4
[    0.000000] NR_IRQS:16 nr_irqs:16 16
[    0.000000] /interrupt-controller@60004000: 160 interrupts forwarded to /interrupt-controller@50041000
[    0.000000] L2C: failed to init: -19
[    0.000000] Tegra clk 127: register failed with -17
[    0.000009] sched_clock: 32 bits at 1000kHz, resolution 1000ns, wraps every 2147483647500ns
[    0.000028] clocksource: timer_us: mask: 0xffffffff max_cycles: 0xffffffff, max_idle_ns: 1911260446275 ns
[    0.000042] Switching to timer-based delay loop, resolution 1000ns
[    0.002955] Architected cp15 timer(s) running at 12.00MHz (virt).
[    0.002974] clocksource: arch_sys_counter: mask: 0xffffffffffffff max_cycles: 0x2c47f4ee7, max_idle_ns: 440795202497 ns
[    0.002993] sched_clock: 56 bits at 12MHz, resolution 83ns, wraps every 4398046511096ns
[    0.003005] Switching to timer-based delay loop, resolution 83ns
[    0.003377] Console: colour dummy device 80x30
[    0.003404] Calibrating delay loop (skipped), value calculated using timer frequency.. 24.00 BogoMIPS (lpj=60000)
[    0.003418] pid_max: default: 32768 minimum: 301
[    0.003525] Mount-cache hash table entries: 2048 (order: 1, 8192 bytes)
[    0.003537] Mountpoint-cache hash table entries: 2048 (order: 1, 8192 bytes)
[    0.004145] CPU: Testing write buffer coherency: ok
[    0.004356] /cpus/cpu@0 missing clock-frequency property
[    0.004384] /cpus/cpu@1 missing clock-frequency property
[    0.004412] /cpus/cpu@2 missing clock-frequency property
[    0.004440] /cpus/cpu@3 missing clock-frequency property
[    0.004453] CPU0: thread -1, cpu 0, socket 0, mpidr 80000000
[    0.004501] Setting up static identity map for 0x80209000 - 0x80209098
[    0.006757] Tegra Revision: A01 SKU: 0 CPU Process: 1 SoC Process: 0
[    0.008049] CPU1: thread -1, cpu 1, socket 0, mpidr 80000001
[    0.008681] CPU2: thread -1, cpu 2, socket 0, mpidr 80000002
[    0.009307] CPU3: thread -1, cpu 3, socket 0, mpidr 80000003
[    0.009374] Brought up 4 CPUs
[    0.009395] SMP: Total of 4 processors activated (96.00 BogoMIPS).
[    0.009403] CPU: All CPU(s) started in SVC mode.
[    0.010808] devtmpfs: initialized
[    0.021393] VFP support v0.3: implementor 41 architecture 4 part 30 variant f rev 0
[    0.022006] clocksource: jiffies: mask: 0xffffffff max_cycles: 0xffffffff, max_idle_ns: 9556302231375000 ns
[    0.023596] pinctrl core: initialized pinctrl subsystem
[    0.025252] NET: Registered protocol family 16
[    0.027416] DMA: preallocated 256 KiB pool for atomic coherent allocations
[    0.042882] cpuidle: using governor menu
[    0.057318] No ATAGs?
[    0.057354] hw-breakpoint: found 5 (+1 reserved) breakpoint and 4 watchpoint registers.
[    0.057364] hw-breakpoint: maximum watchpoint size is 8 bytes.
[    0.062497] Serial: AMBA PL011 UART driver
[    0.063804] tegra-mc 70019000.memory-controller: no memory timings for RAM code 3 registered
[    0.092534] dvdd_ts: Failed to request enable GPIO61: -517
[    0.092657] reg-fixed-voltage regulators:regulator@1: Failed to register regulator: -517
[    0.092879] usb1_vbus: Failed to request enable GPIO108: -517
[    0.092988] reg-fixed-voltage regulators:regulator@3: Failed to register regulator: -517
[    0.093232] usb2_vbus: Failed to request enable GPIO86: -517
[    0.093341] reg-fixed-voltage regulators:regulator@4: Failed to register regulator: -517
[    0.093854] VDD_5V0_HDMI_CON: Failed to request enable GPIO81: -517
[    0.093967] reg-fixed-voltage regulators:regulator@7: Failed to register regulator: -517
[    0.097032] vgaarb: loaded
[    0.098088] SCSI subsystem initialized
[    0.098253] libata version 3.00 loaded.
[    0.098578] usbcore: registered new interface driver usbfs
[    0.098649] usbcore: registered new interface driver hub
[    0.098724] usbcore: registered new device driver usb
[    0.102403] tps65090 2-0048: No cache defaults, reading back from HW
[    0.108595] genirq: Setting trigger mode 8 for irq 341 failed (irq_chip_set_type_parent+0x0/0x28)
[    0.108617] palmas 2-0058: Irq flag is 0x00000000
[    0.111816] palmas 2-0058: Muxing GPIO ff, PWM 0, LED 0
[    0.121478] sdhci-vdd-sd-slot: ramp_delay not set
[    0.146142] pps_core: LinuxPPS API ver. 1 registered
[    0.146152] pps_core: Software ver. 5.3.6 - Copyright 2005-2007 Rodolfo Giometti <giometti@linux.it>
[    0.146181] PTP clock support registered
[    0.146415] EDAC MC: Ver: 3.0.0
[    0.148970] clocksource: Switched to clocksource arch_sys_counter
[    0.159888] NET: Registered protocol family 2
[    0.160411] TCP established hash table entries: 8192 (order: 3, 32768 bytes)
[    0.160511] TCP bind hash table entries: 8192 (order: 4, 65536 bytes)
[    0.160698] TCP: Hash tables configured (established 8192 bind 8192)
[    0.160753] UDP hash table entries: 512 (order: 2, 16384 bytes)
[    0.160796] UDP-Lite hash table entries: 512 (order: 2, 16384 bytes)
[    0.160973] NET: Registered protocol family 1
[    0.161268] RPC: Registered named UNIX socket transport module.
[    0.161278] RPC: Registered udp transport module.
[    0.161285] RPC: Registered tcp transport module.
[    0.161293] RPC: Registered tcp NFSv4.1 backchannel transport module.
[    0.161311] PCI: CLS 0 bytes, default 64
[    0.163545] futex hash table entries: 1024 (order: 4, 65536 bytes)
[    0.176190] squashfs: version 4.0 (2009/01/31) Phillip Lougher
[    0.177201] NFS: Registering the id_resolver key type
[    0.177230] Key type id_resolver registered
[    0.177238] Key type id_legacy registered
[    0.177305] ntfs: driver 2.1.32 [Flags: R/O].
[    0.178726] bounce: pool size: 64 pages
[    0.178944] Block layer SCSI generic (bsg) driver version 0.4 loaded (major 249)
[    0.178993] io scheduler noop registered
[    0.179008] io scheduler deadline registered
[    0.179048] io scheduler cfq registered (default)
[    0.200743] vdd-lcd-bl: supplied by vdd_ac_bat
[    0.207443] tegra-apbdma 6000a000.dma: Tegra20 APB DMA driver register 32 channels
[    0.209057] tegra-pmc 7000e400.pmc: i2c-thermtrip node not found, emergency thermal reset disabled.
[    0.276265] Serial: 8250/16550 driver, 4 ports, IRQ sharing disabled
[    0.279409] console [ttyS0] disabled
[    0.279446] 70006300.serial: ttyS0 at MMIO 0x70006300 (irq = 329, base_baud = 25500000) is a Tegra
[    1.090513] console [ttyS0] enabled
[    1.094821] SuperH (H)SCI(F) driver initialized
[    1.100331] msm_serial: driver initialized
[    1.104647] STMicroelectronics ASC driver initialized
[    1.112046] [drm] Initialized drm 1.1.0 20060810
[    1.118662] tegra-hdmi 54280000.hdmi: failed to get HDMI regulator
[    1.125409] vdd-ao: supplied by vdd_ac_bat
[    1.129738] vddio-1v8: supplied by vdd-ao
[    1.134138] avdd-dsi-csi: supplied by vddio-1v8
[    1.142420] vdd-sys-3v3: supplied by vdd_ac_bat
[    1.147191] avdd-lcd: supplied by vdd-sys-3v3
[    1.163255] brd: module loaded
[    1.172567] loop: module loaded
[    1.182860] m25p80 spi32766.0: w25q32dw (4096 Kbytes)
[    1.191534] libphy: Fixed MDIO Bus: probed
[    1.196442] CAN device driver interface
[    1.202267] igb: Intel(R) Gigabit Ethernet Network Driver - version 5.3.0-k
[    1.209236] igb: Copyright (c) 2007-2014 Intel Corporation.
[    1.217961] pegasus: v0.9.3 (2013/04/25), Pegasus/Pegasus II USB Ethernet driver
[    1.225423] usbcore: registered new interface driver pegasus
[    1.231165] usbcore: registered new interface driver asix
[    1.236629] usbcore: registered new interface driver ax88179_178a
[    1.242782] usbcore: registered new interface driver cdc_ether
[    1.248695] usbcore: registered new interface driver smsc75xx
[    1.254522] usbcore: registered new interface driver smsc95xx
[    1.260329] usbcore: registered new interface driver net1080
[    1.266050] usbcore: registered new interface driver cdc_subset
[    1.272029] usbcore: registered new interface driver zaurus
[    1.277707] usbcore: registered new interface driver cdc_ncm
[    1.285299] ehci_hcd: USB 2.0 'Enhanced' Host Controller (EHCI) Driver
[    1.291839] ehci-pci: EHCI PCI platform driver
[    1.296342] ehci-platform: EHCI generic platform driver
[    1.301779] ehci-omap: OMAP-EHCI Host Controller driver
[    1.307153] ehci-orion: EHCI orion driver
[    1.311310] SPEAr-ehci: EHCI SPEAr driver
[    1.315474] ehci-st: EHCI STMicroelectronics driver
[    1.320505] ehci-exynos: EHCI EXYNOS driver
[    1.324858] ehci-atmel: EHCI Atmel driver
[    1.329020] tegra-ehci: Tegra EHCI driver
[    1.333330] ohci_hcd: USB 1.1 'Open' Host Controller (OHCI) Driver
[    1.339536] ohci-pci: OHCI PCI platform driver
[    1.344044] ohci-platform: OHCI generic platform driver
[    1.349442] ohci-omap3: OHCI OMAP3 driver
[    1.353584] SPEAr-ohci: OHCI SPEAr driver
[    1.357747] ohci-st: OHCI STMicroelectronics driver
[    1.362777] ohci-atmel: OHCI Atmel driver
[    1.367328] usbcore: registered new interface driver usb-storage
[    1.374902] mousedev: PS/2 mouse device common for all mice
[    1.385529] palmas-rtc 7000d000.i2c:tps65913@58:rtc: rtc core: registered 7000d000.i2c:tps659 as rtc0
[    1.396668] tegra_rtc 7000e000.rtc: rtc core: registered 7000e000.rtc as rtc1
[    1.403855] tegra_rtc 7000e000.rtc: Tegra internal Real Time Clock
[    1.410605] i2c /dev entries driver
[    1.418023] sbs-battery 0-000b: sbs_probe: Failed to get device status
[    1.424579] sbs-battery: probe of 0-000b failed with error -121
[    1.433639] vdd-sensor-2v85: supplied by vdd-sys-3v3
[    1.446661] sdhci: Secure Digital Host Controller Interface driver
[    1.452855] sdhci: Copyright(c) Pierre Ossman
[    1.458778] Synopsys Designware Multimedia Card Interface Driver
[    1.465910] sdhci-pltfm: SDHCI platform and OF driver helper
[    1.472320] sdhci-tegra 78000400.sdhci: Got CD GPIO
[    1.477227] sdhci-tegra 78000400.sdhci: Got WP GPIO
[    1.483304] mmc0: Invalid maximum block size, assuming 512 bytes
[    1.524225] mmc0: SDHCI controller on 78000400.sdhci [78000400.sdhci] using ADMA
[    1.531880] mmc1: Invalid maximum block size, assuming 512 bytes
[    1.573993] mmc1: SDHCI controller on 78000600.sdhci [78000600.sdhci] using ADMA
[    1.583006] ledtrig-cpu: registered to indicate activity on CPUs
[    1.589246] usbcore: registered new interface driver usbhid
[    1.594827] usbhid: USB HID core driver
[    1.603668] NET: Registered protocol family 10
[    1.608848] sit: IPv6 over IPv4 tunneling driver
[    1.616223] NET: Registered protocol family 17
[    1.620696] can: controller area network core (rev 20120528 abi 9)
[    1.626947] NET: Registered protocol family 29
[    1.631409] can: raw protocol (rev 20120528)
[    1.635693] can: broadcast manager protocol (rev 20120528 t)
[    1.641375] can: netlink gateway (rev 20130117) max_hops=1
[    1.647259] Key type dns_resolver registered
[    1.652183] ThumbEE CPU extension supported.
[    1.656487] Registering SWP/SWPB emulation handler
[    1.673750] vdd-sys-5v0: supplied by vdd_ac_bat
[    1.679869] VDD_5V0_HDMI_CON: supplied by vdd-sys-5v0
[    1.689744] vdd_hdmi_5v0: supplied by vdd-sys-5v0
[    1.698521] [drm] Supports vblank timestamp caching Rev 2 (21.10.2013).
[    1.705179] [drm] No driver support for vblank timestamp query.
[    1.722694] mmc1: MAN_BKOPS_EN bit is not set
[    1.737642] mmc1: new HS200 MMC card at address 0001
[    1.738638] mmcblk0: mmc1:0001 SEM32G 29.1 GiB 
[    1.739581] mmcblk0boot0: mmc1:0001 SEM32G partition 1 4.00 MiB
[    1.740525] mmcblk0boot1: mmc1:0001 SEM32G partition 2 4.00 MiB
[    1.741296] mmcblk0rpmb: mmc1:0001 SEM32G partition 3 4.00 MiB
[    1.746493]  mmcblk0: p1 p2 p3 p4 p5 p6 p7 p8
[    1.770651] Console: switching to colour frame buffer device 240x75
[    1.830065] drm drm: fb0:  frame buffer device
[    1.849084] [drm] Initialized tegra 0.0.0 20120330 on minor 0
[    1.856145] usb2_vbus: supplied by vdd-sys-5v0
[    1.862919] tegra-ehci 7d008000.usb: EHCI Host Controller
[    1.868398] tegra-ehci 7d008000.usb: new USB bus registered, assigned bus number 1
[    1.876111] ------------[ cut here ]------------
[    1.880745] WARNING: CPU: 2 PID: 6 at kernel/workqueue.c:2361 check_flush_dependency+0xc8/0x124()
[    1.889627] workqueue: WQ_MEM_RECLAIM deferwq:deferred_probe_work_func is flushing !WQ_MEM_RECLAIM events:lru_add_drain_per_cpu
[    1.900919] Modules linked in:
[    1.904167] CPU: 2 PID: 6 Comm: kworker/u8:0 Not tainted 4.5.0-rc2-67202-g36f90b0 #1
[    1.911895] Hardware name: NVIDIA Tegra SoC (Flattened Device Tree)
[    1.918170] Workqueue: deferwq deferred_probe_work_func
[    1.923420] [<c02188b0>] (unwind_backtrace) from [<c0213f90>] (show_stack+0x10/0x14)
[    1.931160] [<c0213f90>] (show_stack) from [<c048842c>] (dump_stack+0x78/0x94)
[    1.938399] [<c048842c>] (dump_stack) from [<c024ab38>] (warn_slowpath_common+0x74/0xb0)
[    1.946485] [<c024ab38>] (warn_slowpath_common) from [<c024ac08>] (warn_slowpath_fmt+0x30/0x40)
[    1.955196] [<c024ac08>] (warn_slowpath_fmt) from [<c025dc20>] (check_flush_dependency+0xc8/0x124)
[    1.964145] [<c025dc20>] (check_flush_dependency) from [<c025dd34>] (flush_work+0x54/0x144)
[    1.972509] [<c025dd34>] (flush_work) from [<c02da2d8>] (lru_add_drain_all+0x124/0x180)
[    1.980510] [<c02da2d8>] (lru_add_drain_all) from [<c030bda0>] (migrate_prep+0x8/0x10)
[    1.988440] [<c030bda0>] (migrate_prep) from [<c02d52f0>] (alloc_contig_range+0xc4/0x2f8)
[    1.996610] [<c02d52f0>] (alloc_contig_range) from [<c030d6cc>] (cma_alloc+0xd8/0x1a0)
[    2.004539] [<c030d6cc>] (cma_alloc) from [<c021e39c>] (__alloc_from_contiguous+0x38/0xdc)
[    2.012798] [<c021e39c>] (__alloc_from_contiguous) from [<c021ff8c>] (__dma_alloc+0x21c/0x250)
[    2.021398] [<c021ff8c>] (__dma_alloc) from [<c0220044>] (arm_dma_alloc+0x48/0x54)
[    2.028961] [<c0220044>] (arm_dma_alloc) from [<c03062f0>] (dma_pool_alloc+0x1dc/0x210)
[    2.036961] [<c03062f0>] (dma_pool_alloc) from [<c07c699c>] (ehci_qh_alloc+0x3c/0xb4)
[    2.044785] [<c07c699c>] (ehci_qh_alloc) from [<c07caf94>] (ehci_setup+0x154/0x478)
[    2.052431] [<c07caf94>] (ehci_setup) from [<c07d104c>] (tegra_ehci_reset+0xc/0x50)
[    2.060081] [<c07d104c>] (tegra_ehci_reset) from [<c07a1410>] (usb_add_hcd+0x300/0x830)
[    2.068075] [<c07a1410>] (usb_add_hcd) from [<c07d09c4>] (tegra_ehci_probe+0x3b8/0x504)
[    2.076072] [<c07d09c4>] (tegra_ehci_probe) from [<c0658af0>] (platform_drv_probe+0x50/0xb0)
[    2.084503] [<c0658af0>] (platform_drv_probe) from [<c065745c>] (driver_probe_device+0x1f4/0x2b0)
[    2.093366] [<c065745c>] (driver_probe_device) from [<c06559ec>] (bus_for_each_drv+0x44/0x8c)
[    2.101881] [<c06559ec>] (bus_for_each_drv) from [<c06571e0>] (__device_attach+0x9c/0x100)
[    2.110135] [<c06571e0>] (__device_attach) from [<c065686c>] (bus_probe_device+0x84/0x8c)
[    2.118302] [<c065686c>] (bus_probe_device) from [<c0656ca0>] (deferred_probe_work_func+0x60/0x8c)
[    2.127251] [<c0656ca0>] (deferred_probe_work_func) from [<c025eb7c>] (process_one_work+0x134/0x338)
[    2.136372] [<c025eb7c>] (process_one_work) from [<c025ede4>] (worker_thread+0x2c/0x4f0)
[    2.144454] [<c025ede4>] (worker_thread) from [<c0263f70>] (kthread+0xd8/0xf4)
[    2.151671] [<c0263f70>] (kthread) from [<c0210e78>] (ret_from_fork+0x14/0x3c)
[    2.158882] ---[ end trace 1fa8ac7e08b0e9b1 ]---
[    2.163817] tegra-ehci 7d008000.usb: irq 339, io mem 0x7d008000
[    2.179095] tegra-ehci 7d008000.usb: USB 2.0 started, EHCI 1.10
[    2.186378] hub 1-0:1.0: USB hub found
[    2.190242] hub 1-0:1.0: 1 port detected
[    2.196279] input: gpio-keys as /devices/soc0/gpio-keys/input/input0
[    2.205146] palmas-rtc 7000d000.i2c:tps65913@58:rtc: setting system clock to 2000-01-12 07:43:44 UTC (947663024)
[    2.230654] dvdd_ts: disabling
[    2.233713] usb1_vbus: disabling
[    2.236976] vdd_cam_1v8_reg: disabling
[    2.242673] EXT4-fs (mmcblk0p1): mounting ext3 file system using the ext4 subsystem
[    2.263842] EXT4-fs (mmcblk0p1): recovery complete
[    2.268702] EXT4-fs (mmcblk0p1): mounted filesystem with ordered data mode. Opts: (null)
[    2.276869] VFS: Mounted root (ext3 filesystem) on device 179:1.
[    2.285510] devtmpfs: mounted
[    2.289412] Freeing unused kernel memory: 1096K (c0e46000 - c0f58000)
bash: cannot set terminal process group (-1): Inappropriate ioctl for device
bash: no job control in this shell
root@(none):/# [    2.504099] usb 1-1: new high-speed USB device number 2 using tegra-ehci
mount -t sysfs none /sys
root@(none):/# 
root@(none):/# [    3.452057] asix 1-1:1.0 eth0: register 'asix' at usb-7d008000.usb-1, ASIX AX88772 USB 2.0 Ethernet, 00:50:b6:0d:b5:16
mount -t debugfs none /sys/kernel/debug
root@(none):/# 
root@(none):/# rtcwake -d rtc1 -m mem -s 3
rtcwake: assuming RTC uses UTC ...
rtcwake: wakeup from "mem" using /dev/rtc1 at Thu Jan  1 00:00:20 1970
[    5.362573] PM: Syncing filesystems ... done.
[    5.390563] Freezing user space processes ... (elapsed 0.001 seconds) done.
[    5.398891] Freezing remaining freezable tasks ... (elapsed 0.001 seconds) done.
[    5.407701] Suspending console(s) (use no_console_suspend to debug)
[    5.456465] PM: suspend of devices complete after 41.098 msecs
[    5.459354] PM: late suspend of devices complete after 2.871 msecs
[    5.461483] PM: noirq suspend of devices complete after 2.118 msecs
[    5.461488] Disabling non-boot CPUs ...
[    5.462378] CPU1: shutdown
[    5.491211] IRQ16 no longer affine to CPU2
[    5.491615] CPU2: shutdown
[    5.516236] CPU3: shutdown
[    5.530181] Entering suspend state LP1
[    5.530205] Enabling non-boot CPUs ...
[    5.555641] CPU1 is up
[    5.580872] CPU2 is up
[    5.606172] CPU3 is up
[    5.607462] PM: noirq resume of devices complete after 1.279 msecs
[    5.610112] PM: early resume of devices complete after 2.205 msecs
[    5.706076] PM: resume of devices complete after 95.944 msecs
[    5.774841] Restarting tasks ... done.
root@(none):/# 
root@(none):/# rtcwake -d rtc1 -m mem -s 3
rtcwake: assuming RTC uses UTC ...
rtcwake: wakeup from "mem" using /dev/rtc1 at Thu Jan  1 00:00:29 1970
[    6.565124] PM: Syncing filesystems ... done.
[    6.591744] Freezing user space processes ... (elapsed 0.001 seconds) done.
[    6.600110] Freezing remaining freezable tasks ... (elapsed 0.001 seconds) done.
[    6.608975] Suspending console(s) (use no_console_suspend to debug)
[    6.656006] PM: suspend of devices complete after 39.388 msecs
[    6.658470] PM: late suspend of devices complete after 2.447 msecs
[    6.660415] PM: noirq suspend of devices complete after 1.937 msecs
[    6.660419] Disabling non-boot CPUs ...
[    6.660843] IRQ16 no longer affine to CPU1
[    6.661229] CPU1: shutdown
[    6.686613] CPU2: shutdown
[    6.716174] CPU3: shutdown
[    6.730164] Entering suspend state LP1
[    6.730187] Enabling non-boot CPUs ...
[    6.755594] CPU1 is up
[    6.780838] CPU2 is up
[    6.806145] CPU3 is up
[    6.807365] PM: noirq resume of devices complete after 1.209 msecs
[    6.810305] PM: early resume of devices complete after 2.509 msecs
[    6.906072] PM: resume of devices complete after 95.749 msecs
[    6.974835] Restarting tasks ... done.
root@(none):/# 
root@(none):/# rtcwake -d rtc1 -m mem -s 3
rtcwake: assuming RTC uses UTC ...
rtcwake: wakeup from "mem" using /dev/rtc1 at Thu Jan  1 00:00:38 1970
[    7.739849] PM: Syncing filesystems ... done.
[    7.766707] Freezing user space processes ... (elapsed 0.001 seconds) done.
[    7.775098] Freezing remaining freezable tasks ... (elapsed 0.001 seconds) done.
[    7.783984] Suspending console(s) (use no_console_suspend to debug)
[    7.830994] PM: suspend of devices complete after 39.387 msecs
[    7.833714] PM: late suspend of devices complete after 2.702 msecs
[    7.835666] PM: noirq suspend of devices complete after 1.942 msecs
[    7.835670] Disabling non-boot CPUs ...
[    7.836462] CPU1: shutdown
[    7.861145] IRQ16 no longer affine to CPU2
[    7.861548] CPU2: shutdown
[    7.886134] CPU3: shutdown
[    7.900126] Entering suspend state LP1
[    7.900150] Enabling non-boot CPUs ...
[    7.925557] CPU1 is up
[    7.950807] CPU2 is up
[    7.976147] CPU3 is up
[    7.977375] PM: noirq resume of devices complete after 1.218 msecs
[    7.980339] PM: early resume of devices complete after 2.501 msecs
[    8.076040] PM: resume of devices complete after 95.683 msecs
[    8.144763] Restarting tasks ... done.
root@(none):/# 
root@(none):/# rtcwake -d rtc1 -m mem -s 3
rtcwake: assuming RTC uses UTC ...
rtcwake: wakeup from "mem" using /dev/rtc1 at Thu Jan  1 00:00:47 1970
[    8.912084] PM: Syncing filesystems ... done.
[    8.939024] Freezing user space processes ... (elapsed 0.001 seconds) done.
[    8.947346] Freezing remaining freezable tasks ... (elapsed 0.001 seconds) done.
[    8.956225] Suspending console(s) (use no_console_suspend to debug)
[    9.003795] PM: suspend of devices complete after 39.950 msecs
[    9.006470] PM: late suspend of devices complete after 2.659 msecs
[    9.008384] PM: noirq suspend of devices complete after 1.903 msecs
[    9.008388] Disabling non-boot CPUs ...
[    9.008807] IRQ16 no longer affine to CPU1
[    9.009203] CPU1: shutdown
[    9.036517] CPU2: shutdown
[    9.061121] CPU3: shutdown
[    9.075069] Entering suspend state LP1
[    9.075092] Enabling non-boot CPUs ...
[    9.100503] CPU1 is up
[    9.125751] CPU2 is up
[    9.151069] CPU3 is up
[    9.152290] PM: noirq resume of devices complete after 1.210 msecs
[    9.154879] PM: early resume of devices complete after 2.142 msecs
[    9.251036] PM: resume of devices complete after 96.140 msecs
[    9.319752] Restarting tasks ... done.
root@(none):/# 
root@(none):/# rtcwake -d rtc1 -m mem -s 3
rtcwake: assuming RTC uses UTC ...
rtcwake: wakeup from "mem" using /dev/rtc1 at Thu Jan  1 00:00:56 1970
[   10.088590] PM: Syncing filesystems ... done.
[   10.115270] Freezing user space processes ... (elapsed 0.001 seconds) done.
[   10.123600] Freezing remaining freezable tasks ... (elapsed 0.001 seconds) done.
[   10.132456] Suspending console(s) (use no_console_suspend to debug)
[   10.180367] PM: suspend of devices complete after 40.260 msecs
[   10.183105] PM: late suspend of devices complete after 2.721 msecs
[   10.185088] PM: noirq suspend of devices complete after 1.973 msecs
[   10.185092] Disabling non-boot CPUs ...
[   10.185881] CPU1: shutdown
[   10.211127] IRQ16 no longer affine to CPU2
[   10.211530] CPU2: shutdown
[   10.236069] CPU3: shutdown
[   10.250058] Entering suspend state LP1
[   10.250082] Enabling non-boot CPUs ...
[   10.275489] CPU1 is up
[   10.300731] CPU2 is up
[   10.326047] CPU3 is up
[   10.327265] PM: noirq resume of devices complete after 1.207 msecs
[   10.329841] PM: early resume of devices complete after 2.134 msecs
[   10.425968] PM: resume of devices complete after 96.109 msecs
[   10.494694] Restarting tasks ... done.
root@(none):/# 
root@(none):/# NVTB SYSTEM SUSPEND TEST COMPLETE
