
U-Boot SPL 2015.04-rc3-00209-ga74ef40 (Mar 16 2015 - 14:43:39)


U-Boot 2015.04-rc3-00209-ga74ef40 (Mar 16 2015 - 14:43:39)

TEGRA20
Model: Compulab TrimSlice board
DRAM:  1 GiB
MMC:   Tegra SD/MMC: 0, Tegra SD/MMC: 1
SF: Detected W25Q80BL with page size 256 Bytes, erase size 4 KiB, total 1 MiB
tegra-pcie: PCI regions:
tegra-pcie:   I/O: 0x82000000-0x82010000
tegra-pcie:   non-prefetchable memory: 0xa0000000-0xa8000000
tegra-pcie:   prefetchable memory: 0xa8000000-0xc0000000
tegra-pcie: dual-mode configuration
tegra-pcie: probing port 0, using 2 lanes
In:    serial
Out:   serial
Err:   serial
Net:   RTL8169#0
Hit any key to stop autoboot:  2  1  0 
Tegra20 (TrimSlice) # 
Tegra20 (TrimSlice) # usb reset
resetting USB...
USB0:   USB EHCI 1.00
scanning bus 0 for devices... 3 USB Device(s) found
USB1:   USB EHCI 1.00
scanning bus 1 for devices... 1 USB Device(s) found
USB2:   lowlevel init failed
       scanning usb for storage devices... 0 Storage Device(s) found
       scanning usb for ethernet devices... 
Warning: asx0 using MAC address from net device
1 Ethernet Device(s) found
Tegra20 (TrimSlice) # setenv bootargs 'ignore_loglevel console=ttyS0,115200n8 rw root=PARTUUID=11eb23c1-01 rootwait gpt debug noinitrd earlyprintk init=/bin/bash'
Tegra20 (TrimSlice) # setenv ipaddr 192.168.100.103; setenv serverip 192.168.100.1; setenv tftpserverip 192.168.100.1
Tegra20 (TrimSlice) # tftpboot 0x00408000 zImage.multi_v7_defconfig
Using RTL8169#0 device
TFTP from server 192.168.100.1; our IP address is 192.168.100.103
Filename 'zImage.multi_v7_defconfig'.
Load address: 0x408000
Loading: *#################################################################
	 #################################################################
	 #################################################################
	 #################################################################
	 #################################################################
	 #################################################################
	 #################################################################
	 #############################
	 4 MiB/s
done
Bytes transferred = 7100312 (6c5798 hex)
Tegra20 (TrimSlice) # tftpboot 0x02408000 tegra20-trimslice.dtb
Using RTL8169#0 device
TFTP from server 192.168.100.1; our IP address is 192.168.100.103
Filename 'tegra20-trimslice.dtb'.
Load address: 0x2408000
Loading: *##
	 308.6 KiB/s
done
Bytes transferred = 21172 (52b4 hex)
Tegra20 (TrimSlice) # bootz 0x00408000 - 0x02408000
Kernel image @ 0x408000 [ 0x000000 - 0x6c5798 ]
## Flattened Device Tree blob at 02408000
   Booting using the fdt blob at 0x2408000
   Using Device Tree in place at 02408000, end 024102b3

Starting kernel ...

[    0.000000] Booting Linux on physical CPU 0x0
[    0.000000] Linux version 4.8.0-rc8-111539-g08895a8 (pwalmsley@sellafield) (gcc version 4.7.3 20130328 (prerelease) (crosstool-NG linaro-1.13.1-4.7-2013.04-20130415 - Linaro GCC 2013.04) ) #1 SMP Sun Sep 25 19:05:05 PDT 2016
[    0.000000] CPU: ARMv7 Processor [411fc090] revision 0 (ARMv7), cr=10c5387d
[    0.000000] CPU: PIPT / VIPT nonaliasing data cache, VIPT aliasing instruction cache
[    0.000000] OF: fdt:Machine model: Compulab TrimSlice board
[    0.000000] debug: ignoring loglevel setting.
[    0.000000] cma: Reserved 64 MiB at 0x3c000000
[    0.000000] Memory policy: Data cache writealloc
[    0.000000] On node 0 totalpages: 262144
[    0.000000] free_area_init_node: node 0, pgdat c141d380, node_mem_map ef7f8000
[    0.000000]   DMA zone: 1536 pages used for memmap
[    0.000000]   DMA zone: 0 pages reserved
[    0.000000]   DMA zone: 196608 pages, LIFO batch:31
[    0.000000]   HighMem zone: 65536 pages, LIFO batch:15
[    0.000000] percpu: Embedded 14 pages/cpu @ef7c7000 s25984 r8192 d23168 u57344
[    0.000000] pcpu-alloc: s25984 r8192 d23168 u57344 alloc=14*4096
[    0.000000] pcpu-alloc: [0] 0 [0] 1 
[    0.000000] Built 1 zonelists in Zone order, mobility grouping on.  Total pages: 260608
[    0.000000] Kernel command line: ignore_loglevel console=ttyS0,115200n8 rw root=PARTUUID=11eb23c1-01 rootwait gpt debug noinitrd earlyprintk init=/bin/bash
[    0.000000] PID hash table entries: 4096 (order: 2, 16384 bytes)
[    0.000000] Dentry cache hash table entries: 131072 (order: 7, 524288 bytes)
[    0.000000] Inode-cache hash table entries: 65536 (order: 6, 262144 bytes)
[    0.000000] Memory: 955916K/1048576K available (9216K kernel code, 1148K rwdata, 3972K rodata, 2048K init, 343K bss, 27124K reserved, 65536K cma-reserved, 196608K highmem)
[    0.000000] Virtual kernel memory layout:
[    0.000000]     vector  : 0xffff0000 - 0xffff1000   (   4 kB)
[    0.000000]     fixmap  : 0xffc00000 - 0xfff00000   (3072 kB)
[    0.000000]     vmalloc : 0xf0800000 - 0xff800000   ( 240 MB)
[    0.000000]     lowmem  : 0xc0000000 - 0xf0000000   ( 768 MB)
[    0.000000]     pkmap   : 0xbfe00000 - 0xc0000000   (   2 MB)
[    0.000000]     modules : 0xbf000000 - 0xbfe00000   (  14 MB)
[    0.000000]       .text : 0xc0208000 - 0xc0c00000   (10208 kB)
[    0.000000]       .init : 0xc1100000 - 0xc1300000   (2048 kB)
[    0.000000]       .data : 0xc1300000 - 0xc141f200   (1149 kB)
[    0.000000]        .bss : 0xc1421000 - 0xc1476c48   ( 344 kB)
[    0.000000] SLUB: HWalign=64, Order=0-3, MinObjects=0, CPUs=2, Nodes=1
[    0.000000] Hierarchical RCU implementation.
[    0.000000] 	Build-time adjustment of leaf fanout to 32.
[    0.000000] 	RCU restricting CPUs from NR_CPUS=16 to nr_cpu_ids=2.
[    0.000000] RCU: Adjusting geometry for rcu_fanout_leaf=32, nr_cpu_ids=2
[    0.000000] NR_IRQS:16 nr_irqs:16 16
[    0.000000] /interrupt-controller@60004000: 128 interrupts forwarded to /interrupt-controller@50041000
[    0.000000] L2C: platform modifies aux control register: 0x02080000 -> 0x3e480001
[    0.000000] L2C: DT/platform modifies aux control register: 0x02080000 -> 0x3e480001
[    0.000000] L2C-310 errata 727915 769419 enabled
[    0.000000] L2C-310 enabling early BRESP for Cortex-A9
[    0.000000] L2C-310: enabling full line of zeros but not enabled in Cortex-A9
[    0.000000] L2C-310 ID prefetch enabled, offset 1 lines
[    0.000000] L2C-310 cache controller enabled, 8 ways, 1024 kB
[    0.000000] L2C-310: CACHE_ID 0x410000c4, AUX_CTRL 0x7e480001
[    0.000010] sched_clock: 32 bits at 1000kHz, resolution 1000ns, wraps every 2147483647500ns
[    0.000026] clocksource: timer_us: mask: 0xffffffff max_cycles: 0xffffffff, max_idle_ns: 1911260446275 ns
[    0.000036] Switching to timer-based delay loop, resolution 1000ns
[    0.001691] Console: colour dummy device 80x30
[    0.001715] Calibrating delay loop (skipped), value calculated using timer frequency.. 2.00 BogoMIPS (lpj=5000)
[    0.001725] pid_max: default: 32768 minimum: 301
[    0.001800] Mount-cache hash table entries: 2048 (order: 1, 8192 bytes)
[    0.001809] Mountpoint-cache hash table entries: 2048 (order: 1, 8192 bytes)
[    0.002298] CPU: Testing write buffer coherency: ok
[    0.002479] CPU0: thread -1, cpu 0, socket 0, mpidr 80000000
[    0.002502] Setting up static identity map for 0x300000 - 0x300098
[    0.004031] Tegra Revision: A03 prime SKU: 8 CPU Process: 1 SoC Process: 2
[    0.005074] CPU1: thread -1, cpu 1, socket 0, mpidr 80000001
[    0.005138] Brought up 2 CPUs
[    0.005151] SMP: Total of 2 processors activated (4.00 BogoMIPS).
[    0.005156] CPU: All CPU(s) started in SVC mode.
[    0.005797] devtmpfs: initialized
[    0.010194] VFP support v0.3: implementor 41 architecture 3 part 30 variant 9 rev 1
[    0.010445] clocksource: jiffies: mask: 0xffffffff max_cycles: 0xffffffff, max_idle_ns: 9556302231375000 ns
[    0.013361] pinctrl core: initialized pinctrl subsystem
[    0.014518] NET: Registered protocol family 16
[    0.016697] DMA: preallocated 256 KiB pool for atomic coherent allocations
[    0.029907] cpuidle: using governor menu
[    0.041060] No ATAGs?
[    0.041082] hw-breakpoint: found 5 (+1 reserved) breakpoint and 1 watchpoint registers.
[    0.041090] hw-breakpoint: maximum watchpoint size is 4 bytes.
[    0.044637] Serial: AMBA PL011 UART driver
[    0.073329] usb1_vbus: Failed to request enable GPIO170: -517
[    0.073343] reg-fixed-voltage regulators:regulator@2: Failed to register regulator: -517
[    0.076991] vgaarb: loaded
[    0.077597] SCSI subsystem initialized
[    0.077727] libata version 3.00 loaded.
[    0.077925] usbcore: registered new interface driver usbfs
[    0.077972] usbcore: registered new interface driver hub
[    0.078020] usbcore: registered new device driver usb
[    0.080082] pps_core: LinuxPPS API ver. 1 registered
[    0.080090] pps_core: Software ver. 5.3.6 - Copyright 2005-2007 Rodolfo Giometti <giometti@linux.it>
[    0.080108] PTP clock support registered
[    0.080255] EDAC MC: Ver: 3.0.0
[    0.082084] clocksource: Switched to clocksource timer_us
[    0.089982] NET: Registered protocol family 2
[    0.090409] TCP established hash table entries: 8192 (order: 3, 32768 bytes)
[    0.090480] TCP bind hash table entries: 8192 (order: 4, 65536 bytes)
[    0.090594] TCP: Hash tables configured (established 8192 bind 8192)
[    0.090679] UDP hash table entries: 512 (order: 2, 16384 bytes)
[    0.090724] UDP-Lite hash table entries: 512 (order: 2, 16384 bytes)
[    0.090874] NET: Registered protocol family 1
[    0.091191] RPC: Registered named UNIX socket transport module.
[    0.091199] RPC: Registered udp transport module.
[    0.091205] RPC: Registered tcp transport module.
[    0.091210] RPC: Registered tcp NFSv4.1 backchannel transport module.
[    0.091219] PCI: CLS 0 bytes, default 64
[    0.092006] hw perfevents: enabled with armv7_cortex_a9 PMU driver, 7 counters available
[    0.093001] futex hash table entries: 512 (order: 3, 32768 bytes)
[    0.093537] workingset: timestamp_bits=30 max_order=18 bucket_order=0
[    0.101175] squashfs: version 4.0 (2009/01/31) Phillip Lougher
[    0.101815] NFS: Registering the id_resolver key type
[    0.101835] Key type id_resolver registered
[    0.101841] Key type id_legacy registered
[    0.101873] ntfs: driver 2.1.32 [Flags: R/O].
[    0.102797] bounce: pool size: 64 pages
[    0.102954] Block layer SCSI generic (bsg) driver version 0.4 loaded (major 248)
[    0.102963] io scheduler noop registered
[    0.102969] io scheduler deadline registered
[    0.103097] io scheduler cfq registered (default)
[    0.106157] libphy: mdio_driver_register: phy-bcm-ns2-pci
[    0.114802] tegra-pcie 80003000.pcie-controller: dual-mode configuration
[    0.115537] tegra-pcie 80003000.pcie-controller: probing port 0, using 2 lanes
[    0.198186] tegra-pcie 80003000.pcie-controller: PCI host bridge to bus 0000:00
[    0.198197] pci_bus 0000:00: root bus resource [io  0x0000-0xffff]
[    0.198206] pci_bus 0000:00: root bus resource [mem 0xa0000000-0xa7ffffff]
[    0.198214] pci_bus 0000:00: root bus resource [mem 0xa8000000-0xbfffffff pref]
[    0.198223] pci_bus 0000:00: root bus resource [bus 00-ff]
[    0.198250] pci 0000:00:01.0: [10de:0bf0] type 01 class 0x060000
[    0.198310] pci 0000:00:01.0: PME# supported from D0 D1 D2 D3hot D3cold
[    0.198503] PCI: bus0: Fast back to back transfers disabled
[    0.198514] pci 0000:00:01.0: bridge configuration invalid ([bus 00-00]), reconfiguring
[    0.198653] pci 0000:01:00.0: [10ec:8168] type 00 class 0x020000
[    0.198675] pci 0000:01:00.0: reg 0x10: [io  0x0000-0x00ff]
[    0.198697] pci 0000:01:00.0: reg 0x18: [mem 0x00000000-0x00000fff 64bit pref]
[    0.198714] pci 0000:01:00.0: reg 0x20: [mem 0x00000000-0x00003fff 64bit pref]
[    0.198726] pci 0000:01:00.0: reg 0x30: [mem 0x00000000-0x0001ffff pref]
[    0.198803] pci 0000:01:00.0: supports D1 D2
[    0.198811] pci 0000:01:00.0: PME# supported from D0 D1 D2 D3hot D3cold
[    0.212142] PCI: bus1: Fast back to back transfers disabled
[    0.212155] pci_bus 0000:01: busn_res: [bus 01-ff] end is updated to 01
[    0.212167] Disabling cpuidle LP2 state, since PCIe IRQs are in use
[    0.212224] pci 0000:00:01.0: BAR 8: assigned [mem 0xa0000000-0xa00fffff]
[    0.212236] pci 0000:00:01.0: BAR 9: assigned [mem 0xa8000000-0xa80fffff 64bit pref]
[    0.212245] pci 0000:00:01.0: BAR 7: assigned [io  0x1000-0x1fff]
[    0.212266] pci 0000:01:00.0: BAR 6: assigned [mem 0xa0000000-0xa001ffff pref]
[    0.212277] pci 0000:01:00.0: BAR 4: assigned [mem 0xa8000000-0xa8003fff 64bit pref]
[    0.212294] pci 0000:01:00.0: BAR 2: assigned [mem 0xa8004000-0xa8004fff 64bit pref]
[    0.212310] pci 0000:01:00.0: BAR 0: assigned [io  0x1000-0x10ff]
[    0.212322] pci 0000:00:01.0: PCI bridge to [bus 01]
[    0.212331] pci 0000:00:01.0:   bridge window [io  0x1000-0x1fff]
[    0.212339] pci 0000:00:01.0:   bridge window [mem 0xa0000000-0xa00fffff]
[    0.212348] pci 0000:00:01.0:   bridge window [mem 0xa8000000-0xa80fffff 64bit pref]
[    0.212369] pci 0000:00:01.0: nv_msi_ht_cap_quirk didn't locate host bridge
[    0.212419] pcieport 0000:00:01.0: enabling device (0140 -> 0143)
[    0.212587] pcieport 0000:00:01.0: Signaling PME through PCIe PME interrupt
[    0.212595] pci 0000:01:00.0: Signaling PME through PCIe PME interrupt
[    0.212605] pcie_pme 0000:00:01.0:pcie001: service driver pcie_pme loaded
[    0.216359] tegra-apbdma 6000a000.dma: Tegra20 APB DMA driver register 16 channels
[    0.268123] Serial: 8250/16550 driver, 4 ports, IRQ sharing disabled
[    0.270513] console [ttyS0] disabled
[    0.270547] 70006000.serial: ttyS0 at MMIO 0x70006000 (irq = 279, base_baud = 13500000) is a Tegra
[    1.220407] console [ttyS0] enabled
[    1.224527] SuperH (H)SCI(F) driver initialized
[    1.229816] msm_serial: driver initialized
[    1.234070] STMicroelectronics ASC driver initialized
[    1.241803] [drm] Initialized drm 1.1.0 20060810
[    1.248767] 54280000.hdmi supply hdmi not found, using dummy regulator
[    1.257497] [drm] Supports vblank timestamp caching Rev 2 (21.10.2013).
[    1.264112] [drm] No driver support for vblank timestamp query.
[    1.270058] drm drm: No connectors reported connected with modes
[    1.276065] [drm] Cannot find any crtc or sizes - going 1024x768
[    1.298168] Console: switching to colour frame buffer device 128x48
[    1.312852] drm drm: fb0:  frame buffer device
[    1.337094] [drm] Initialized tegra 0.0.0 20120330 on minor 0
[    1.351929] brd: module loaded
[    1.359370] loop: module loaded
[    1.368132] m25p80 spi32766.0: found s25fl008k, expected w25q80bl
[    1.374243] m25p80 spi32766.0: s25fl008k (1024 Kbytes)
[    1.381876] libphy: Fixed MDIO Bus: probed
[    1.386616] CAN device driver interface
[    1.392053] igb: Intel(R) Gigabit Ethernet Network Driver - version 5.3.0-k
[    1.399013] igb: Copyright (c) 2007-2014 Intel Corporation.
[    1.405115] r8169 Gigabit Ethernet driver 2.3LK-NAPI loaded
[    1.410709] r8169 0000:01:00.0: enabling device (0140 -> 0143)
[    1.417346] r8169 0000:01:00.0 eth0: RTL8168d/8111d at 0xf0878000, 00:01:c0:13:7d:63, XID 081000c0 IRQ 296
[    1.426998] r8169 0000:01:00.0 eth0: jumbo features [frames: 9200 bytes, tx checksumming: ko]
[    1.437538] pegasus: v0.9.3 (2013/04/25), Pegasus/Pegasus II USB Ethernet driver
[    1.444990] usbcore: registered new interface driver pegasus
[    1.450700] usbcore: registered new interface driver asix
[    1.456135] usbcore: registered new interface driver ax88179_178a
[    1.462267] usbcore: registered new interface driver cdc_ether
[    1.468149] usbcore: registered new interface driver smsc75xx
[    1.473941] usbcore: registered new interface driver smsc95xx
[    1.479718] usbcore: registered new interface driver net1080
[    1.485407] usbcore: registered new interface driver cdc_subset
[    1.491356] usbcore: registered new interface driver zaurus
[    1.496982] usbcore: registered new interface driver cdc_ncm
[    1.502907] tegra-phy c5004000.usb-phy: no vbus regulator
[    1.509347] tegra-phy c5008000.usb-phy: no vbus regulator
[    1.516063] ehci_hcd: USB 2.0 'Enhanced' Host Controller (EHCI) Driver
[    1.522593] ehci-pci: EHCI PCI platform driver
[    1.527063] ehci-platform: EHCI generic platform driver
[    1.532453] ehci-orion: EHCI orion driver
[    1.536557] SPEAr-ehci: EHCI SPEAr driver
[    1.540678] ehci-st: EHCI STMicroelectronics driver
[    1.545665] ehci-exynos: EHCI EXYNOS driver
[    1.549974] ehci-atmel: EHCI Atmel driver
[    1.554091] tegra-ehci: Tegra EHCI driver
[    1.588293] ulpi_phy_power_on: ulpi write failed
[    1.592914] tegra-ehci c5004000.usb: Failed to power on the phy
[    1.598844] tegra-ehci: probe of c5004000.usb failed with error -110
[    1.607829] tegra-ehci c5008000.usb: EHCI Host Controller
[    1.613248] tegra-ehci c5008000.usb: new USB bus registered, assigned bus number 1
[    1.621068] tegra-ehci c5008000.usb: irq 290, io mem 0xc5008000
[    1.637102] tegra-ehci c5008000.usb: USB 2.0 started, EHCI 1.00
[    1.643663] hub 1-0:1.0: USB hub found
[    1.647443] hub 1-0:1.0: 1 port detected
[    1.651660] ohci_hcd: USB 1.1 'Open' Host Controller (OHCI) Driver
[    1.657850] ohci-pci: OHCI PCI platform driver
[    1.662338] ohci-platform: OHCI generic platform driver
[    1.667721] ohci-omap3: OHCI OMAP3 driver
[    1.671828] SPEAr-ohci: OHCI SPEAr driver
[    1.675949] ohci-st: OHCI STMicroelectronics driver
[    1.680931] ohci-atmel: OHCI Atmel driver
[    1.685552] usbcore: registered new interface driver usb-storage
[    1.692790] mousedev: PS/2 mouse device common for all mice
[    1.700105] rtc-em3027 2-0056: rtc core: registered rtc-em3027 as rtc0
[    1.707820] tegra_rtc 7000e000.rtc: rtc core: registered 7000e000.rtc as rtc1
[    1.714986] tegra_rtc 7000e000.rtc: Tegra internal Real Time Clock
[    1.721578] i2c /dev entries driver
[    1.734530] sdhci: Secure Digital Host Controller Interface driver
[    1.740724] sdhci: Copyright(c) Pierre Ossman
[    1.746272] Synopsys Designware Multimedia Card Interface Driver
[    1.753116] sdhci-pltfm: SDHCI platform and OF driver helper
[    1.759635] mmc0: Invalid maximum block size, assuming 512 bytes
[    1.802107] mmc0: SDHCI controller on c8000000.sdhci [c8000000.sdhci] using ADMA
[    1.809602] sdhci-tegra c8000600.sdhci: Got CD GPIO
[    1.814495] sdhci-tegra c8000600.sdhci: Got WP GPIO
[    1.819534] mmc1: Invalid maximum block size, assuming 512 bytes
[    1.862277] mmc1: SDHCI controller on c8000600.sdhci [c8000600.sdhci] using ADMA
[    1.871129] ledtrig-cpu: registered to indicate activity on CPUs
[    1.877432] usbcore: registered new interface driver usbhid
[    1.883024] usbhid: USB HID core driver
[    1.891677] NET: Registered protocol family 10
[    1.896970] sit: IPv6, IPv4 and MPLS over IPv4 tunneling driver
[    1.903388] NET: Registered protocol family 17
[    1.907845] can: controller area network core (rev 20120528 abi 9)
[    1.914075] NET: Registered protocol family 29
[    1.918518] can: raw protocol (rev 20120528)
[    1.922787] can: broadcast manager protocol (rev 20160617 t)
[    1.928444] can: netlink gateway (rev 20130117) max_hops=1
[    1.934239] Key type dns_resolver registered
[    1.938879] ThumbEE CPU extension supported.
[    1.943158] Registering SWP/SWPB emulation handler
[    1.952735] utmi_phy_clk_enable: timeout waiting for phy to stabilize
[    1.959205] tegra-ehci c5000000.usb: EHCI Host Controller
[    1.964622] tegra-ehci c5000000.usb: new USB bus registered, assigned bus number 2
[    1.972530] tegra-ehci c5000000.usb: irq 288, io mem 0xc5000000
[    1.982110] usb 1-1: new high-speed USB device number 2 using tegra-ehci
[    2.002108] tegra-ehci c5000000.usb: USB 2.0 started, EHCI 1.00
[    2.004358] mmc0: host does not support reading read-only switch, assuming write-enable
[    2.006139] mmc1: new high speed SD card at address b368
[    2.006440] mmc0: new high speed SDHC card at address b368
[    2.006726] mmcblk1: mmc1:b368 NCard 1.83 GiB (ro)
[    2.007251] mmcblk0: mmc0:b368 NCard 3.70 GiB 
[    2.009106]  mmcblk0: p1
[    2.009304]  mmcblk1: p1 p2
[    2.042897] hub 2-0:1.0: USB hub found
[    2.046691] hub 2-0:1.0: 1 port detected
[    2.052025] input: gpio-keys as /devices/soc0/gpio-keys/input/input0
[    2.059119] rtc-em3027 2-0056: setting system clock to 2015-02-05 18:19:02 UTC (1423160342)
[    2.073905] EXT4-fs (mmcblk0p1): mounting ext3 file system using the ext4 subsystem
[    2.153414] hub 1-1:1.0: USB hub found
[    2.157341] hub 1-1:1.0: 4 ports detected
[    2.320183] EXT4-fs (mmcblk0p1): recovery complete
[    2.394236] EXT4-fs (mmcblk0p1): mounted filesystem with ordered data mode. Opts: (null)
[    2.402428] VFS: Mounted root (ext3 filesystem) on device 179:17.
[    2.412671] devtmpfs: mounted
[    2.421392] Freeing unused kernel memory: 2048K (c1100000 - c1300000)
[    2.452079] random: fast init done
[    2.455645] usb 1-1.2: new high-speed USB device number 3 using tegra-ehci
bash: cannot set terminal process group (-1): Inappropriate ioctl for device
bash: no job control in this shell
root@(none):/# mount -t sysfs none /sys
root@(none):/# 
root@(none):/# mount -t debugfs none /sys/kernel/debug
root@(none):/# 
root@(none):/# rtcwake -d rtc1 -m mem -s 3
rtcwake: assuming RTC uses UTC ...
rtcwake: wakeup from "mem" using /dev/rtc1 at Thu Jan  1 00:00:23 1970
[    7.112242] PM: Syncing filesystems ... done.
[    7.158672] Freezing user space processes ... (elapsed 0.001 seconds) done.
[    7.167224] Double checking all user space processes after OOM killer disable... (elapsed 0.000 seconds) 
[    7.176990] Freezing remaining freezable tasks ... (elapsed 0.001 seconds) done.
[    7.186005] Suspending console(s) (use no_console_suspend to debug)
[    7.225403] PM: suspend of devices complete after 30.491 msecs
[    7.229335] PM: late suspend of devices complete after 3.900 msecs
[    7.252761] PM: noirq suspend of devices complete after 23.396 msecs
[    7.252773] Disabling non-boot CPUs ...
[    7.254713] CPU1: shutdown
[    7.285300] Entering suspend state LP1
[    7.285349] Enabling non-boot CPUs ...
[    7.316527] CPU1 is up
[    7.317491] pcieport 0000:00:01.0: nv_msi_ht_cap_quirk didn't locate host bridge
[    7.337354] PM: noirq resume of devices complete after 20.795 msecs
[    7.340733] PM: early resume of devices complete after 2.845 msecs
[    7.405655] PM: resume of devices complete after 64.889 msecs
[    7.469556] Restarting tasks ... done.
root@(none):/# 
root@(none):/# rtcwake -d rtc1 -m mem -s 3
rtcwake: assuming RTC uses UTC ...
rtcwake: wakeup from "mem" using /dev/rtc1 at Thu Jan  1 00:00:27 1970
[    7.902920] PM: Syncing filesystems ... done.
[    7.935682] Freezing user space processes ... (elapsed 0.001 seconds) done.
[    7.944109] Double checking all user space processes after OOM killer disable... (elapsed 0.000 seconds) 
[    7.953856] Freezing remaining freezable tasks ... (elapsed 0.001 seconds) done.
[    7.962766] Suspending console(s) (use no_console_suspend to debug)
[    7.999102] PM: suspend of devices complete after 28.231 msecs
[    8.002749] PM: late suspend of devices complete after 3.618 msecs
[    8.022673] PM: noirq suspend of devices complete after 19.892 msecs
[    8.022684] Disabling non-boot CPUs ...
[    8.024485] CPU1: shutdown
[    8.045250] Entering suspend state LP1
[    8.045301] Enabling non-boot CPUs ...
[    8.076565] CPU1 is up
[    8.077819] pcieport 0000:00:01.0: nv_msi_ht_cap_quirk didn't locate host bridge
[    8.097314] PM: noirq resume of devices complete after 20.716 msecs
[    8.100971] PM: early resume of devices complete after 2.948 msecs
[    8.170585] PM: resume of devices complete after 69.582 msecs
[    8.234502] Restarting tasks ... done.
root@(none):/# 
root@(none):/# rtcwake -d rtc1 -m mem -s 3
rtcwake: assuming RTC uses UTC ...
rtcwake: wakeup from "mem" using /dev/rtc1 at Thu Jan  1 00:00:31 1970
[    8.662619] PM: Syncing filesystems ... done.
[    8.695325] Freezing user space processes ... (elapsed 0.001 seconds) done.
[    8.703751] Double checking all user space processes after OOM killer disable... (elapsed 0.000 seconds) 
[    8.713494] Freezing remaining freezable tasks ... (elapsed 0.001 seconds) done.
[    8.722397] Suspending console(s) (use no_console_suspend to debug)
[    8.749196] PM: suspend of devices complete after 18.698 msecs
[    8.752808] PM: late suspend of devices complete after 3.582 msecs
[    8.772588] PM: noirq suspend of devices complete after 19.749 msecs
[    8.772600] Disabling non-boot CPUs ...
[    8.774360] CPU1: shutdown
[    8.790194] Entering suspend state LP1
[    8.790244] Enabling non-boot CPUs ...
[    8.821483] CPU1 is up
[    8.823109] pcieport 0000:00:01.0: nv_msi_ht_cap_quirk didn't locate host bridge
[    8.842262] PM: noirq resume of devices complete after 20.745 msecs
[    8.845849] PM: early resume of devices complete after 2.885 msecs
[    8.920462] PM: resume of devices complete after 74.581 msecs
[    8.984372] Restarting tasks ... done.
root@(none):/# 
root@(none):/# rtcwake -d rtc1 -m mem -s 3
rtcwake: assuming RTC uses UTC ...
rtcwake: wakeup from "mem" using /dev/rtc1 at Thu Jan  1 00:00:35 1970
[    9.409561] PM: Syncing filesystems ... done.
[    9.433369] Freezing user space processes ... (elapsed 0.001 seconds) done.
[    9.441628] Double checking all user space processes after OOM killer disable... (elapsed 0.000 seconds) 
[    9.451308] Freezing remaining freezable tasks ... (elapsed 0.001 seconds) done.
[    9.460043] Suspending console(s) (use no_console_suspend to debug)
[    9.498946] PM: suspend of devices complete after 31.307 msecs
[    9.502848] PM: late suspend of devices complete after 3.871 msecs
[    9.522543] PM: noirq suspend of devices complete after 19.663 msecs
[    9.522554] Disabling non-boot CPUs ...
[    9.524328] CPU1: shutdown
[    9.550149] Entering suspend state LP1
[    9.550199] Enabling non-boot CPUs ...
[    9.581431] CPU1 is up
[    9.582265] pcieport 0000:00:01.0: nv_msi_ht_cap_quirk didn't locate host bridge
[    9.602198] PM: noirq resume of devices complete after 20.734 msecs
[    9.605838] PM: early resume of devices complete after 2.919 msecs
[    9.680446] PM: resume of devices complete after 74.576 msecs
[    9.744378] Restarting tasks ... done.
root@(none):/# 
root@(none):/# rtcwake -d rtc1 -m mem -s 3
rtcwake: assuming RTC uses UTC ...
rtcwake: wakeup from "mem" using /dev/rtc1 at Thu Jan  1 00:00:39 1970
[   10.172572] PM: Syncing filesystems ... done.
[   10.205296] Freezing user space processes ... (elapsed 0.001 seconds) done.
[   10.213712] Double checking all user space processes after OOM killer disable... (elapsed 0.000 seconds) 
[   10.223462] Freezing remaining freezable tasks ... (elapsed 0.001 seconds) done.
[   10.232368] Suspending console(s) (use no_console_suspend to debug)
[   10.258592] PM: suspend of devices complete after 18.124 msecs
[   10.262446] PM: late suspend of devices complete after 3.822 msecs
[   10.282472] PM: noirq suspend of devices complete after 19.995 msecs
[   10.282484] Disabling non-boot CPUs ...
[   10.284358] CPU1: shutdown
[   10.300087] Entering suspend state LP1
[   10.300137] Enabling non-boot CPUs ...
[   10.331383] CPU1 is up
[   10.332190] pcieport 0000:00:01.0: nv_msi_ht_cap_quirk didn't locate host bridge
[   10.352134] PM: noirq resume of devices complete after 20.719 msecs
[   10.355765] PM: early resume of devices complete after 2.905 msecs
[   10.430567] PM: resume of devices complete after 74.769 msecs
[   10.494487] Restarting tasks ... done.
root@(none):/# 
root@(none):/# rtcwake -d rtc1 -m mem -s 3
rtcwake: assuming RTC uses UTC ...
rtcwake: wakeup from "mem" using /dev/rtc1 at Thu Jan  1 00:00:43 1970
[   10.922624] PM: Syncing filesystems ... done.
[   10.955289] Freezing user space processes ... (elapsed 0.001 seconds) done.
[   10.963713] Double checking all user space processes after OOM killer disable... (elapsed 0.000 seconds) 
[   10.973458] Freezing remaining freezable tasks ... (elapsed 0.001 seconds) done.
[   10.982363] Suspending console(s) (use no_console_suspend to debug)
[   11.019311] PM: suspend of devices complete after 28.845 msecs
[   11.023111] PM: late suspend of devices complete after 3.769 msecs
[   11.042491] PM: noirq suspend of devices complete after 19.350 msecs
[   11.042502] Disabling non-boot CPUs ...
[   11.044266] CPU1: shutdown
[   11.075031] Entering suspend state LP1
[   11.075081] Enabling non-boot CPUs ...
[   11.106283] CPU1 is up
[   11.107817] pcieport 0000:00:01.0: nv_msi_ht_cap_quirk didn't locate host bridge
[   11.127067] PM: noirq resume of devices complete after 20.752 msecs
[   11.130692] PM: early resume of devices complete after 2.892 msecs
[   11.205285] PM: resume of devices complete after 74.561 msecs
[   11.269211] Restarting tasks ... done.
root@(none):/# 
root@(none):/# rtcwake -d rtc1 -m mem -s 3
rtcwake: assuming RTC uses UTC ...
rtcwake: wakeup from "mem" using /dev/rtc1 at Thu Jan  1 00:00:47 1970
[   11.694362] PM: Syncing filesystems ... done.
[   11.718165] Freezing user space processes ... (elapsed 0.001 seconds) done.
[   11.726423] Double checking all user space processes after OOM killer disable... (elapsed 0.000 seconds) 
[   11.736105] Freezing remaining freezable tasks ... (elapsed 0.001 seconds) done.
[   11.744836] Suspending console(s) (use no_console_suspend to debug)
[   11.783850] PM: suspend of devices complete after 31.413 msecs
[   11.787468] PM: late suspend of devices complete after 3.588 msecs
[   11.807390] PM: noirq suspend of devices complete after 19.891 msecs
[   11.807402] Disabling non-boot CPUs ...
[   11.809167] CPU1: shutdown
[   11.829951] Entering suspend state LP1
[   11.830002] Enabling non-boot CPUs ...
[   11.861239] CPU1 is up
[   11.863779] pcieport 0000:00:01.0: nv_msi_ht_cap_quirk didn't locate host bridge
[   11.882010] PM: noirq resume of devices complete after 20.737 msecs
[   11.885630] PM: early resume of devices complete after 2.909 msecs
[   11.960365] PM: resume of devices complete after 74.704 msecs
[   12.024301] Restarting tasks ... done.
root@(none):/# 
root@(none):/# rtcwake -d rtc1 -m mem -s 3
rtcwake: assuming RTC uses UTC ...
rtcwake: wakeup from "mem" using /dev/rtc1 at Thu Jan  1 00:00:51 1970
[   12.452527] PM: Syncing filesystems ... done.
[   12.485203] Freezing user space processes ... (elapsed 0.001 seconds) done.
[   12.493627] Double checking all user space processes after OOM killer disable... (elapsed 0.000 seconds) 
[   12.503373] Freezing remaining freezable tasks ... (elapsed 0.001 seconds) done.
[   12.512280] Suspending console(s) (use no_console_suspend to debug)
[   12.549050] PM: suspend of devices complete after 28.672 msecs
[   12.552729] PM: late suspend of devices complete after 3.648 msecs
[   12.572309] PM: noirq suspend of devices complete after 19.549 msecs
[   12.572319] Disabling non-boot CPUs ...
[   12.574208] CPU1: shutdown
[   12.599902] Entering suspend state LP1
[   12.599953] Enabling non-boot CPUs ...
[   12.631165] CPU1 is up
[   12.632661] pcieport 0000:00:01.0: nv_msi_ht_cap_quirk didn't locate host bridge
[   12.651956] PM: noirq resume of devices complete after 20.757 msecs
[   12.655556] PM: early resume of devices complete after 2.884 msecs
[   12.730250] PM: resume of devices complete after 74.660 msecs
[   12.794171] Restarting tasks ... done.
root@(none):/# 
root@(none):/# rtcwake -d rtc1 -m mem -s 3
rtcwake: assuming RTC uses UTC ...
rtcwake: wakeup from "mem" using /dev/rtc1 at Thu Jan  1 00:00:55 1970
[   13.222327] PM: Syncing filesystems ... done.
[   13.255052] Freezing user space processes ... (elapsed 0.001 seconds) done.
[   13.263475] Double checking all user space processes after OOM killer disable... (elapsed 0.000 seconds) 
[   13.273221] Freezing remaining freezable tasks ... (elapsed 0.001 seconds) done.
[   13.282130] Suspending console(s) (use no_console_suspend to debug)
[   13.308380] PM: suspend of devices complete after 18.148 msecs
[   13.312399] PM: late suspend of devices complete after 3.987 msecs
[   13.332210] PM: noirq suspend of devices complete after 19.779 msecs
[   13.332221] Disabling non-boot CPUs ...
[   13.334100] CPU1: shutdown
[   13.349845] Entering suspend state LP1
[   13.349896] Enabling non-boot CPUs ...
[   13.381124] CPU1 is up
[   13.382139] pcieport 0000:00:01.0: nv_msi_ht_cap_quirk didn't locate host bridge
[   13.401894] PM: noirq resume of devices complete after 20.738 msecs
[   13.405520] PM: early resume of devices complete after 2.905 msecs
[   13.480079] PM: resume of devices complete after 74.527 msecs
[   13.543994] Restarting tasks ... done.
root@(none):/# 
root@(none):/# rtcwake -d rtc1 -m mem -s 3
rtcwake: assuming RTC uses UTC ...
rtcwake: wakeup from "mem" using /dev/rtc1 at Thu Jan  1 00:00:59 1970
[   13.969126] PM: Syncing filesystems ... done.
[   13.992931] Freezing user space processes ... (elapsed 0.001 seconds) done.
[   14.001179] Double checking all user space processes after OOM killer disable... (elapsed 0.000 seconds) 
[   14.010860] Freezing remaining freezable tasks ... (elapsed 0.001 seconds) done.
[   14.019593] Suspending console(s) (use no_console_suspend to debug)
[   14.058093] PM: suspend of devices complete after 30.901 msecs
[   14.061732] PM: late suspend of devices complete after 3.609 msecs
[   14.082243] PM: noirq suspend of devices complete after 20.481 msecs
[   14.082255] Disabling non-boot CPUs ...
[   14.084024] CPU1: shutdown
[   14.104761] Entering suspend state LP1
[   14.104811] Enabling non-boot CPUs ...
[   14.136024] CPU1 is up
[   14.137606] pcieport 0000:00:01.0: nv_msi_ht_cap_quirk didn't locate host bridge
[   14.156822] PM: noirq resume of devices complete after 20.765 msecs
[   14.160429] PM: early resume of devices complete after 2.896 msecs
[   14.235113] PM: resume of devices complete after 74.652 msecs
[   14.299036] Restarting tasks ... done.
root@(none):/# 
root@(none):/# NVTB SYSTEM SUSPEND TEST COMPLETE
