
U-Boot SPL 2016.05-rc2 (Apr 21 2016 - 16:23:00)
Trying to boot from RAM


U-Boot 2016.05-rc2 (Apr 21 2016 - 16:23:00 -0700)

TEGRA124
Model: NVIDIA Jetson TK1
Board: NVIDIA Jetson TK1
DRAM:  2 GiB
MC:   Tegra SD/MMC: 0, Tegra SD/MMC: 1
In:    serial
Out:   serial
Err:   serial
Net:   No ethernet found.
Hit any key to stop autoboot:  2  0 
Tegra124 (Jetson TK1) # 
Tegra124 (Jetson TK1) # pci enum
Tegra124 (Jetson TK1) # setenv bootargs 'ignore_loglevel console=ttyS0,115200n8 rw root=PARTUUID=b1791faa-84e8-4e27-83a1-9fb0a77e8803 rootwait gpt debug noinitrd earlyprintk init=/bin/bash'
Tegra124 (Jetson TK1) # setenv ipaddr 192.168.100.102; setenv serverip 192.168.100.1; setenv tftpserverip 192.168.100.1
Tegra124 (Jetson TK1) # tftpboot 0x82000000 zImage.multi_v7_defconfig

Warning: eth_rtl8169 using MAC address from ROM
Using eth_rtl8169 device
TFTP from server 192.168.100.1; our IP address is 192.168.100.102
Filename 'zImage.multi_v7_defconfig'.
Load address: 0x82000000
Loading: *#################################################################
	 #################################################################
	 #################################################################
	 #################################################################
	 #################################################################
	 #################################################################
	 #################################################################
	 ###########################################################
	 3.1 MiB/s
done
Bytes transferred = 7540760 (731018 hex)
Tegra124 (Jetson TK1) # tftpboot 0x83000000 tegra124-jetson-tk1.dtb
Using eth_rtl8169 device
TFTP from server 192.168.100.1; our IP address is 192.168.100.102
Filename 'tegra124-jetson-tk1.dtb'.
Load address: 0x83000000
Loading: *#####
	 3 MiB/s
done
Bytes transferred = 67133 (1063d hex)
Tegra124 (Jetson TK1) # bootz 0x82000000 - 0x83000000
Kernel image @ 0x82000000 [ 0x000000 - 0x731018 ]
## Flattened Device Tree blob at 83000000
   Booting using the fdt blob at 0x83000000
   Using Device Tree in place at 83000000, end 8301363c

Starting kernel ...

[    0.000000] Booting Linux on physical CPU 0x0
[    0.000000] Linux version 4.11.0-rc7-156921-g4f7d029 (jonathanh@sellafield) (gcc version 4.7.3 20130328 (prerelease) (crosstool-NG linaro-1.13.1-4.7-2013.04-20130415 - Linaro GCC 2013.04) ) #1 SMP Sun Apr 16 13:35:42 PDT 2017
[    0.000000] CPU: ARMv7 Processor [413fc0f3] revision 3 (ARMv7), cr=10c5387d
[    0.000000] CPU: div instructions available: patching division code
[    0.000000] CPU: PIPT / VIPT nonaliasing data cache, PIPT instruction cache
[    0.000000] OF: fdt: Machine model: NVIDIA Tegra124 Jetson TK1
[    0.000000] debug: ignoring loglevel setting.
[    0.000000] efi: Getting EFI parameters from FDT:
[    0.000000] efi: UEFI not found.
[    0.000000] cma: Reserved 64 MiB at 0xfb800000
[    0.000000] Memory policy: Data cache writealloc
[    0.000000] On node 0 totalpages: 524032
[    0.000000] free_area_init_node: node 0, pgdat c15381c0, node_mem_map eeff8000
[    0.000000]   DMA zone: 1536 pages used for memmap
[    0.000000]   DMA zone: 0 pages reserved
[    0.000000]   DMA zone: 196608 pages, LIFO batch:31
[    0.000000]   HighMem zone: 327424 pages, LIFO batch:31
[    0.000000] percpu: Embedded 16 pages/cpu @eef86000 s34432 r8192 d22912 u65536
[    0.000000] pcpu-alloc: s34432 r8192 d22912 u65536 alloc=16*4096
[    0.000000] pcpu-alloc: [0] 0 [0] 1 [0] 2 [0] 3 
[    0.000000] Built 1 zonelists in Zone order, mobility grouping on.  Total pages: 522496
[    0.000000] Kernel command line: ignore_loglevel console=ttyS0,115200n8 rw root=PARTUUID=b1791faa-84e8-4e27-83a1-9fb0a77e8803 rootwait gpt debug noinitrd earlyprintk init=/bin/bash
[    0.000000] PID hash table entries: 4096 (order: 2, 16384 bytes)
[    0.000000] Dentry cache hash table entries: 131072 (order: 7, 524288 bytes)
[    0.000000] Inode-cache hash table entries: 65536 (order: 6, 262144 bytes)
[    0.000000] Memory: 1993652K/2096128K available (10240K kernel code, 1254K rwdata, 4212K rodata, 2048K init, 536K bss, 36940K reserved, 65536K cma-reserved, 1244160K highmem)
[    0.000000] Virtual kernel memory layout:
[    0.000000]     vector  : 0xffff0000 - 0xffff1000   (   4 kB)
[    0.000000]     fixmap  : 0xffc00000 - 0xfff00000   (3072 kB)
[    0.000000]     vmalloc : 0xf0800000 - 0xff800000   ( 240 MB)
[    0.000000]     lowmem  : 0xc0000000 - 0xf0000000   ( 768 MB)
[    0.000000]     pkmap   : 0xbfe00000 - 0xc0000000   (   2 MB)
[    0.000000]     modules : 0xbf000000 - 0xbfe00000   (  14 MB)
[    0.000000]       .text : 0xc0208000 - 0xc0d00000   (11232 kB)
[    0.000000]       .init : 0xc1200000 - 0xc1400000   (2048 kB)
[    0.000000]       .data : 0xc1400000 - 0xc1539ae0   (1255 kB)
[    0.000000]        .bss : 0xc153b000 - 0xc15c12b8   ( 537 kB)
[    0.000000] SLUB: HWalign=64, Order=0-3, MinObjects=0, CPUs=4, Nodes=1
[    0.000000] Hierarchical RCU implementation.
[    0.000000] 	RCU debugfs-based tracing is enabled.
[    0.000000] 	Build-time adjustment of leaf fanout to 32.
[    0.000000] 	RCU restricting CPUs from NR_CPUS=16 to nr_cpu_ids=4.
[    0.000000] RCU: Adjusting geometry for rcu_fanout_leaf=32, nr_cpu_ids=4
[    0.000000] NR_IRQS:16 nr_irqs:16 16
[    0.000000] /interrupt-controller@60004000: 160 interrupts forwarded to /interrupt-controller@50041000
[    0.000000] Tegra clk 127: register failed with -17
[    0.000008] sched_clock: 32 bits at 1000kHz, resolution 1000ns, wraps every 2147483647500ns
[    0.000032] clocksource: timer_us: mask: 0xffffffff max_cycles: 0xffffffff, max_idle_ns: 1911260446275 ns
[    0.000048] Switching to timer-based delay loop, resolution 1000ns
[    0.005509] arm_arch_timer: Architected cp15 timer(s) running at 12.00MHz (virt).
[    0.005529] clocksource: arch_sys_counter: mask: 0xffffffffffffff max_cycles: 0x2c47f4ee7, max_idle_ns: 440795202497 ns
[    0.005548] sched_clock: 56 bits at 12MHz, resolution 83ns, wraps every 4398046511096ns
[    0.005563] Switching to timer-based delay loop, resolution 83ns
[    0.006029] Console: colour dummy device 80x30
[    0.006059] Calibrating delay loop (skipped), value calculated using timer frequency.. 24.00 BogoMIPS (lpj=120000)
[    0.006077] pid_max: default: 32768 minimum: 301
[    0.006184] Mount-cache hash table entries: 2048 (order: 1, 8192 bytes)
[    0.006196] Mountpoint-cache hash table entries: 2048 (order: 1, 8192 bytes)
[    0.006678] CPU: Testing write buffer coherency: ok
[    0.006925] /cpus/cpu@0 missing clock-frequency property
[    0.006969] /cpus/cpu@1 missing clock-frequency property
[    0.007013] /cpus/cpu@2 missing clock-frequency property
[    0.007057] /cpus/cpu@3 missing clock-frequency property
[    0.007071] CPU0: thread -1, cpu 0, socket 0, mpidr 80000000
[    0.007369] Setting up static identity map for 0x80300000 - 0x80300098
[    0.011178] Tegra Revision: A01 SKU: 129 CPU Process: 1 SoC Process: 1
[    0.011844] EFI services will not be available.
[    0.012089] smp: Bringing up secondary CPUs ...
[    0.012691] CPU1: thread -1, cpu 1, socket 0, mpidr 80000001
[    0.015740] CPU2: thread -1, cpu 2, socket 0, mpidr 80000002
[    0.025747] CPU3: thread -1, cpu 3, socket 0, mpidr 80000003
[    0.035183] smp: Brought up 1 node, 4 CPUs
[    0.035206] SMP: Total of 4 processors activated (96.00 BogoMIPS).
[    0.035215] CPU: All CPU(s) started in SVC mode.
[    0.036689] devtmpfs: initialized
[    0.052655] VFP support v0.3: implementor 41 architecture 4 part 30 variant f rev 0
[    0.053053] clocksource: jiffies: mask: 0xffffffff max_cycles: 0xffffffff, max_idle_ns: 19112604462750000 ns
[    0.053072] futex hash table entries: 1024 (order: 4, 65536 bytes)
[    0.054482] pinctrl core: initialized pinctrl subsystem
[    0.056405] NET: Registered protocol family 16
[    0.058475] DMA: preallocated 256 KiB pool for atomic coherent allocations
[    0.060965] cpuidle: using governor menu
[    0.087942] No ATAGs?
[    0.088072] hw-breakpoint: found 5 (+1 reserved) breakpoint and 4 watchpoint registers.
[    0.088088] hw-breakpoint: maximum watchpoint size is 8 bytes.
[    0.094635] Serial: AMBA PL011 UART driver
[    0.110804] +5V_SYS: supplied by +VDD_MUX
[    0.111074] +3.3V_SYS: supplied by +VDD_MUX
[    0.111669] +USB0_VBUS_SW: Failed to request enable GPIO108: -517
[    0.111687] reg-fixed-voltage regulators:regulator@7: Failed to register regulator: -517
[    0.111775] +5V_USB_HS: Failed to request enable GPIO109: -517
[    0.111789] reg-fixed-voltage regulators:regulator@8: Failed to register regulator: -517
[    0.111951] +1.05V_RUN_AVDD_HDMI_PLL: Failed to request enable GPIO63: -517
[    0.111965] reg-fixed-voltage regulators:regulator@11: Failed to register regulator: -517
[    0.112052] +5V_HDMI_CON: Failed to request enable GPIO86: -517
[    0.112065] reg-fixed-voltage regulators:regulator@12: Failed to register regulator: -517
[    0.112151] +5V_SATA: Failed to request enable GPIO242: -517
[    0.112164] reg-fixed-voltage regulators:regulator@13: Failed to register regulator: -517
[    0.112250] +12V_SATA: Failed to request enable GPIO242: -517
[    0.112263] reg-fixed-voltage regulators:regulator@14: Failed to register regulator: -517
[    0.115406] vgaarb: loaded
[    0.116173] SCSI subsystem initialized
[    0.116340] libata version 3.00 loaded.
[    0.116580] usbcore: registered new interface driver usbfs
[    0.116639] usbcore: registered new interface driver hub
[    0.116700] usbcore: registered new device driver usb
[    0.120123] pps_core: LinuxPPS API ver. 1 registered
[    0.120134] pps_core: Software ver. 5.3.6 - Copyright 2005-2007 Rodolfo Giometti <giometti@linux.it>
[    0.120161] PTP clock support registered
[    0.120346] EDAC MC: Ver: 3.0.0
[    0.123202] clocksource: Switched to clocksource arch_sys_counter
[    0.132695] NET: Registered protocol family 2
[    0.133210] TCP established hash table entries: 8192 (order: 3, 32768 bytes)
[    0.133310] TCP bind hash table entries: 8192 (order: 4, 65536 bytes)
[    0.133498] TCP: Hash tables configured (established 8192 bind 8192)
[    0.133580] UDP hash table entries: 512 (order: 2, 16384 bytes)
[    0.133625] UDP-Lite hash table entries: 512 (order: 2, 16384 bytes)
[    0.133774] NET: Registered protocol family 1
[    0.134064] RPC: Registered named UNIX socket transport module.
[    0.134075] RPC: Registered udp transport module.
[    0.134085] RPC: Registered tcp transport module.
[    0.134093] RPC: Registered tcp NFSv4.1 backchannel transport module.
[    0.134105] PCI: CLS 0 bytes, default 64
[    0.135294] hw perfevents: enabled with armv7_cortex_a15 PMU driver, 7 counters available
[    0.137026] workingset: timestamp_bits=30 max_order=19 bucket_order=0
[    0.145200] squashfs: version 4.0 (2009/01/31) Phillip Lougher
[    0.145893] NFS: Registering the id_resolver key type
[    0.145915] Key type id_resolver registered
[    0.145925] Key type id_legacy registered
[    0.145969] ntfs: driver 2.1.32 [Flags: R/O].
[    0.147473] bounce: pool size: 64 pages
[    0.147515] Block layer SCSI generic (bsg) driver version 0.4 loaded (major 248)
[    0.147526] io scheduler noop registered
[    0.147536] io scheduler deadline registered
[    0.147699] io scheduler cfq registered (default)
[    0.147710] io scheduler mq-deadline registered
[    0.152842]  usb2-0: usb2-0 supply vbus not found, using dummy regulator
[    0.152967]  usb2-1: usb2-1 supply vbus not found, using dummy regulator
[    0.153380] tegra-xusb-padctl 7009f000.padctl: failed to setup XUSB ports: -517
[    0.169198] tegra-pcie 1003000.pcie-controller: 2x1, 1x1 configuration
[    0.169253] tegra-pcie 1003000.pcie-controller: Failed to get supply 'avddio-pex': -517
[    0.175423] tegra124-dfll 70110000.clock: couldn't get vdd_cpu regulator
[    0.182637] tegra-apbdma 60020000.dma: Tegra20 APB DMA driver register 32 channels
[    0.184643] tegra-pmc 7000e400.pmc: emergency thermal reset enabled
[    0.238555] Serial: 8250/16550 driver, 4 ports, IRQ sharing disabled
[    0.241074] console [ttyS0] disabled
[    0.241113] 70006300.serial: ttyS0 at MMIO 0x70006300 (irq = 335, base_baud = 25500000) is a Tegra
[    1.129254] console [ttyS0] enabled
[    1.133581] SuperH (H)SCI(F) driver initialized
[    1.139069] msm_serial: driver initialized
[    1.143381] STMicroelectronics ASC driver initialized
[    1.149261] 70006000.serial: ttyTHS1 at MMIO 0x70006000 (irq = 333, base_baud = 0) is a TEGRA_UART
[    1.158549] 70006040.serial: ttyTHS2 at MMIO 0x70006040 (irq = 334, base_baud = 0) is a TEGRA_UART
[    1.173933] tegra-hdmi 54280000.hdmi: failed to get HDMI regulator
[    1.192709] brd: module loaded
[    1.202791] loop: module loaded
[    1.207138] at24 0-0056: 256 byte 24c02 EEPROM, writable, 8 bytes/write
[    1.215376] as3722 4-0040: AS3722 with revision 0x1 found
[    1.227045] as3722-sd2: supplied by +5V_SYS
[    1.231657] as3722-sd3: supplied by +5V_SYS
[    1.236163] +1.35V_LP0(sd3): Bringing 0uV into 1350000-1350000uV
[    1.242505] as3722-sd4: supplied by +5V_SYS
[    1.247156] as3722-sd5: supplied by +5V_SYS
[    1.253158] as3722-ldo0: supplied by +1.35V_LP0(sd2)
[    1.259233] +1.8V_RUN_CAM: Bringing 0uV into 1800000-1800000uV
[    1.265468] as3722-ldo2: supplied by +1.8V_VDDIO
[    1.271351] as3722-ldo3: supplied by +3.3V_SYS
[    1.275847] +1.05V_LP0_VDD_RTC: Bringing 1100000uV into 1000000-1000000uV
[    1.283598] as3722-ldo4: supplied by +3.3V_SYS
[    1.288263] +2.8V_RUN_CAM: Bringing 0uV into 2800000-2800000uV
[    1.294465] as3722-ldo5: supplied by +1.8V_VDDIO
[    1.299291] +1.2V_RUN_CAM_FRONT: Bringing 0uV into 1200000-1200000uV
[    1.306215] +VDDIO_SDMMC3: bypassed regulator has no supply!
[    1.311867] +VDDIO_SDMMC3: failed to get the current voltage(-517)
[    1.318063] as3722-regulator as3722-regulator: regulator 13 register failed -517
[    1.330461] tegra-ahci 70027000.sata: couldn't get PHY in node sata: -517
[    1.349371] random: fast init done
[    1.352890] m25p80 spi32765.0: w25q32dw (4096 Kbytes)
[    1.360653] libphy: Fixed MDIO Bus: probed
[    1.365901] CAN device driver interface
[    1.370638] bgmac_bcma: Broadcom 47xx GBit MAC driver loaded
[    1.377661] e1000e: Intel(R) PRO/1000 Network Driver - 3.2.6-k
[    1.383502] e1000e: Copyright(c) 1999 - 2015 Intel Corporation.
[    1.389467] igb: Intel(R) Gigabit Ethernet Network Driver - version 5.4.0-k
[    1.396429] igb: Copyright (c) 2007-2014 Intel Corporation.
[    1.405559] pegasus: v0.9.3 (2013/04/25), Pegasus/Pegasus II USB Ethernet driver
[    1.412994] usbcore: registered new interface driver pegasus
[    1.418709] usbcore: registered new interface driver asix
[    1.424154] usbcore: registered new interface driver ax88179_178a
[    1.430271] usbcore: registered new interface driver cdc_ether
[    1.436159] usbcore: registered new interface driver smsc75xx
[    1.441950] usbcore: registered new interface driver smsc95xx
[    1.447740] usbcore: registered new interface driver net1080
[    1.453440] usbcore: registered new interface driver cdc_subset
[    1.459384] usbcore: registered new interface driver zaurus
[    1.465021] usbcore: registered new interface driver cdc_ncm
[    1.470883] tegra-phy 7d004000.usb-phy: no vbus regulator
[    1.478237] ehci_hcd: USB 2.0 'Enhanced' Host Controller (EHCI) Driver
[    1.484775] ehci-pci: EHCI PCI platform driver
[    1.489252] ehci-platform: EHCI generic platform driver
[    1.494690] ehci-orion: EHCI orion driver
[    1.498832] SPEAr-ehci: EHCI SPEAr driver
[    1.502975] ehci-st: EHCI STMicroelectronics driver
[    1.508012] ehci-exynos: EHCI EXYNOS driver
[    1.512345] ehci-atmel: EHCI Atmel driver
[    1.516500] tegra-ehci: Tegra EHCI driver
[    1.523331] tegra-ehci 7d004000.usb: EHCI Host Controller
[    1.528745] tegra-ehci 7d004000.usb: new USB bus registered, assigned bus number 1
[    1.536526] tegra-ehci 7d004000.usb: irq 354, io mem 0x7d004000
[    1.563228] tegra-ehci 7d004000.usb: USB 2.0 started, EHCI 1.10
[    1.569933] hub 1-0:1.0: USB hub found
[    1.573737] hub 1-0:1.0: 1 port detected
[    1.578227] ohci_hcd: USB 1.1 'Open' Host Controller (OHCI) Driver
[    1.584443] ohci-pci: OHCI PCI platform driver
[    1.588927] ohci-platform: OHCI generic platform driver
[    1.594335] ohci-omap3: OHCI OMAP3 driver
[    1.598473] SPEAr-ohci: OHCI SPEAr driver
[    1.602614] ohci-st: OHCI STMicroelectronics driver
[    1.607638] ohci-atmel: OHCI Atmel driver
[    1.612406] usbcore: registered new interface driver usb-storage
[    1.622600] as3722-rtc as3722-rtc: rtc core: registered as3722-rtc as rtc0
[    1.629497] as3722-rtc as3722-rtc: RTC interrupt 377
[    1.637679] tegra_rtc 7000e000.rtc: rtc core: registered 7000e000.rtc as rtc1
[    1.644860] tegra_rtc 7000e000.rtc: Tegra internal Real Time Clock
[    1.651549] i2c /dev entries driver
[    1.661645] lm90 0-004c: 0-004c supply vcc not found, using dummy regulator
[    1.678841] sdhci: Secure Digital Host Controller Interface driver
[    1.685039] sdhci: Copyright(c) Pierre Ossman
[    1.690975] Synopsys Designware Multimedia Card Interface Driver
[    1.698143] sdhci-pltfm: SDHCI platform and OF driver helper
[    1.704555] sdhci-tegra 700b0400.sdhci: Got CD GPIO
[    1.709442] sdhci-tegra 700b0400.sdhci: Got WP GPIO
[    1.714578] mmc0: Unknown controller version (3). You may experience problems.
[    1.721869] mmc0: Invalid maximum block size, assuming 512 bytes
[    1.793223] mmc0: SDHCI controller on 700b0600.sdhci [700b0600.sdhci] using ADMA
[    1.802514] ledtrig-cpu: registered to indicate activity on CPUs
[    1.808840] usbcore: registered new interface driver usbhid
[    1.814425] usbhid: USB HID core driver
[    1.822296] NET: Registered protocol family 10
[    1.827603] Segment Routing with IPv6
[    1.831313] sit: IPv6, IPv4 and MPLS over IPv4 tunneling driver
[    1.837787] NET: Registered protocol family 17
[    1.842234] can: controller area network core (rev 20120528 abi 9)
[    1.848586] NET: Registered protocol family 29
[    1.853026] can: raw protocol (rev 20120528)
[    1.857308] can: broadcast manager protocol (rev 20161123 t)
[    1.862964] can: netlink gateway (rev 20130117) max_hops=1
[    1.868762] Key type dns_resolver registered
[    1.873577] ThumbEE CPU extension supported.
[    1.877847] Registering SWP/SWPB emulation handler
[    1.896330] +3.3V_RUN: supplied by +3.3V_SYS
[    1.901856] +USB0_VBUS_SW: supplied by +5V_SYS
[    1.906633] +3.3V_AVDD_HDMI_AP_GATED: supplied by +3.3V_RUN
[    1.912618] +5V_USB_HS: supplied by +5V_SYS
[    1.918577] +3.3V_LP0: supplied by +3.3V_SYS
[    1.925072] +5V_HDMI_CON: supplied by +5V_SYS
[    1.930102] +5V_SATA: supplied by +5V_SYS
[    1.934632] +12V_SATA: supplied by +VDD_MUX
[    1.940754]  usb2-0: usb2-0 supply vbus not found, using dummy regulator
[    1.944864] mmc0: new high speed MMC card at address 0001
[    1.945887] mmcblk0: mmc0:0001 SEM16G 14.7 GiB 
[    1.946640] mmcblk0boot0: mmc0:0001 SEM16G partition 1 4.00 MiB
[    1.947324] mmcblk0boot1: mmc0:0001 SEM16G partition 2 4.00 MiB
[    1.948060] mmcblk0rpmb: mmc0:0001 SEM16G partition 3 4.00 MiB
[    1.954995]  mmcblk0: p1
[    1.977850]  usb2-1: usb2-1 supply vbus not found, using dummy regulator
[    1.984939]  usb3-0: usb3-0 supply vbus not found, using dummy regulator
[    1.992851] tegra-pcie 1003000.pcie-controller: 2x1, 1x1 configuration
[    1.999494] tegra-pcie 1003000.pcie-controller: Failed to get supply 'avddio-pex': -517
[    2.010608] tegra124-dfll 70110000.clock: couldn't get vdd_cpu regulator
[    2.021352] tegra-hdmi 54280000.hdmi: failed to get PLL regulator
[    2.032167] as3722-sd2: supplied by +5V_SYS
[    2.036728] as3722-sd3: supplied by +5V_SYS
[    2.041132] as3722-sd4: supplied by +5V_SYS
[    2.045673] as3722-sd5: supplied by +5V_SYS
[    2.051555] as3722-ldo0: supplied by +1.35V_LP0(sd2)
[    2.057426] as3722-ldo1: supplied by +3.3V_RUN
[    2.062207] as3722-ldo2: supplied by +1.8V_VDDIO
[    2.067754] as3722-ldo3: supplied by +3.3V_SYS
[    2.073059] as3722-ldo4: supplied by +3.3V_SYS
[    2.077916] as3722-ldo5: supplied by +1.8V_VDDIO
[    2.082873] as3722-ldo6: supplied by +3.3V_RUN
[    2.087700] as3722-ldo7: supplied by +1.8V_VDDIO
[    2.093163] +1.05V_RUN_CAM_REAR: Bringing 0uV into 1050000-1050000uV
[    2.100288] as3722-ldo9: supplied by +5V_SYS
[    2.106071] +3.3V_RUN_TOUCH: Bringing 0uV into 2800000-2800000uV
[    2.112600] as3722-ldo10: supplied by +5V_SYS
[    2.117553] +2.8V_RUN_CAM_AF: Bringing 0uV into 2800000-2800000uV
[    2.124410] as3722-ldo11: supplied by +3.3V_RUN
[    2.129706] +1.8V_RUN_VPP_FUSE: Bringing 0uV into 1800000-1800000uV
[    2.139649] tegra-ahci 70027000.sata: AHCI 0001.0301 32 slots 2 ports 3 Gbps 0x1 impl platform mode
[    2.148723] tegra-ahci 70027000.sata: flags: 64bit ncq sntf pm led pio slum part sadm sds apst 
[    2.159232] scsi host0: tegra-ahci
[    2.163773] scsi host1: tegra-ahci
[    2.167468] ata1: SATA max UDMA/133 mmio [mem 0x70027000-0x70028fff] port 0x100 irq 345
[    2.175506] ata2: DUMMY
[    2.180810] tegra-ehci 7d008000.usb: EHCI Host Controller
[    2.186260] tegra-ehci 7d008000.usb: new USB bus registered, assigned bus number 2
[    2.194057] tegra-ehci 7d008000.usb: irq 355, io mem 0x7d008000
[    2.223320] tegra-ehci 7d008000.usb: USB 2.0 started, EHCI 1.10
[    2.230374] hub 2-0:1.0: USB hub found
[    2.234228] hub 2-0:1.0: 1 port detected
[    2.240542] sdhci-tegra 700b0400.sdhci: Got CD GPIO
[    2.245493] sdhci-tegra 700b0400.sdhci: Got WP GPIO
[    2.250564] mmc1: Unknown controller version (3). You may experience problems.
[    2.257896] mmc1: Invalid maximum block size, assuming 512 bytes
[    2.323781] mmc1: SDHCI controller on 700b0400.sdhci [700b0400.sdhci] using ADMA
[    2.331872] tegra-pcie 1003000.pcie-controller: 2x1, 1x1 configuration
[    2.340397] tegra-pcie 1003000.pcie-controller: probing port 0, using 2 lanes
[    2.349901] tegra-pcie 1003000.pcie-controller: Slot present pin change, signature: 00000008
[    2.373283] tegra-pcie 1003000.pcie-controller: probing port 1, using 1 lanes
[    2.382493] tegra-pcie 1003000.pcie-controller: Slot present pin change, signature: 00000000
[    2.397302] tegra-pcie 1003000.pcie-controller: PCI host bridge to bus 0000:00
[    2.404572] pci_bus 0000:00: root bus resource [io  0x0000-0xffff]
[    2.410760] pci_bus 0000:00: root bus resource [mem 0x13000000-0x1fffffff]
[    2.417670] pci_bus 0000:00: root bus resource [mem 0x20000000-0x3fffffff pref]
[    2.425024] pci_bus 0000:00: root bus resource [bus 00-ff]
[    2.430553] pci 0000:00:01.0: [10de:0e12] type 01 class 0x060400
[    2.436648] pci_bus 0000:00: 2-byte config write to 0000:00:01.0 offset 0x88 may corrupt adjacent RW1C bits
[    2.446469] pci_bus 0000:00: 2-byte config write to 0000:00:01.0 offset 0x52 may corrupt adjacent RW1C bits
[    2.456291] pci 0000:00:01.0: PME# supported from D0 D1 D2 D3hot D3cold
[    2.462920] pci_bus 0000:00: 2-byte config write to 0000:00:01.0 offset 0x4c may corrupt adjacent RW1C bits
[    2.472970] pci 0000:00:02.0: [10de:0e13] type 01 class 0x060400
[    2.479067] pci_bus 0000:00: 2-byte config write to 0000:00:02.0 offset 0x88 may corrupt adjacent RW1C bits
[    2.488878] pci_bus 0000:00: 2-byte config write to 0000:00:02.0 offset 0x52 may corrupt adjacent RW1C bits
[    2.498686] pci 0000:00:02.0: PME# supported from D0 D1 D2 D3hot D3cold
[    2.505350] pci_bus 0000:00: 2-byte config write to 0000:00:02.0 offset 0x4c may corrupt adjacent RW1C bits
[    2.515372] pci_bus 0000:00: 2-byte config write to 0000:00:01.0 offset 0x3e may corrupt adjacent RW1C bits
[    2.516984] ata1: SATA link down (SStatus 0 SControl 300)
[    2.530543] pci_bus 0000:00: 2-byte config write to 0000:00:02.0 offset 0x3e may corrupt adjacent RW1C bits
[    2.540289] pci_bus 0000:00: 2-byte config write to 0000:00:01.0 offset 0x4 may corrupt adjacent RW1C bits
[    2.549949] pci_bus 0000:00: 1-byte config write to 0000:00:01.0 offset 0xc may corrupt adjacent RW1C bits
[    2.559641] PCI: bus0: Fast back to back transfers disabled
[    2.565230] pci 0000:00:01.0: bridge configuration invalid ([bus 00-00]), reconfiguring
[    2.573256] pci 0000:00:02.0: bridge configuration invalid ([bus 00-00]), reconfiguring
[    2.581488] pci 0000:01:00.0: [8086:4232] type 00 class 0x028000
[    2.587572] pci 0000:01:00.0: reg 0x10: [mem 0x00000000-0x00001fff 64bit]
[    2.594573] pci 0000:01:00.0: PME# supported from D0 D3hot D3cold
[    2.616803] mmc1: new high speed SDHC card at address aaaa
[    2.623050] mmcblk1: mmc1:aaaa SD04G 3.69 GiB 
[    2.627855] PCI: bus1: Fast back to back transfers disabled
[    2.633487] pci_bus 0000:01: busn_res: [bus 01-ff] end is updated to 01
[    2.640304] pci 0000:02:00.0: [10ec:8168] type 00 class 0x020000
[    2.646349] pci 0000:02:00.0: reg 0x10: [io  0x0000-0x00ff]
[    2.651946] pci 0000:02:00.0: reg 0x18: [mem 0x00000000-0x00000fff 64bit]
[    2.658772] pci 0000:02:00.0: reg 0x20: [mem 0x00000000-0x00003fff 64bit pref]
[    2.666150] pci 0000:02:00.0: supports D1 D2
[    2.670415] pci 0000:02:00.0: PME# supported from D0 D1 D2 D3hot D3cold
[    2.690502]  mmcblk1: p1 p2 p3
[    2.703367] PCI: bus2: Fast back to back transfers disabled
[    2.708956] pci_bus 0000:02: busn_res: [bus 02-ff] end is updated to 02
[    2.715763] pci 0000:00:01.0: BAR 8: assigned [mem 0x13000000-0x130fffff]
[    2.722546] pci 0000:00:02.0: BAR 8: assigned [mem 0x13100000-0x131fffff]
[    2.729373] pci 0000:00:02.0: BAR 9: assigned [mem 0x20000000-0x200fffff 64bit pref]
[    2.737130] pci 0000:00:02.0: BAR 7: assigned [io  0x1000-0x1fff]
[    2.743245] pci 0000:01:00.0: BAR 0: assigned [mem 0x13000000-0x13001fff 64bit]
[    2.750586] pci 0000:00:01.0: PCI bridge to [bus 01]
[    2.755591] pci 0000:00:01.0:   bridge window [mem 0x13000000-0x130fffff]
[    2.762386] pci 0000:02:00.0: BAR 4: assigned [mem 0x20000000-0x20003fff 64bit pref]
[    2.770183] pci 0000:02:00.0: BAR 2: assigned [mem 0x13100000-0x13100fff 64bit]
[    2.777526] pci 0000:02:00.0: BAR 0: assigned [io  0x1000-0x10ff]
[    2.783659] pci 0000:00:02.0: PCI bridge to [bus 02]
[    2.788624] pci 0000:00:02.0:   bridge window [io  0x1000-0x1fff]
[    2.794733] pci 0000:00:02.0:   bridge window [mem 0x13100000-0x131fffff]
[    2.801515] pci 0000:00:02.0:   bridge window [mem 0x20000000-0x200fffff 64bit pref]
[    2.809319] pci 0000:00:01.0: nv_msi_ht_cap_quirk didn't locate host bridge
[    2.816387] pcieport 0000:00:01.0: enabling device (0140 -> 0142)
[    2.822722] pcieport 0000:00:01.0: Signaling PME with IRQ 393
[    2.828619] pci 0000:00:02.0: nv_msi_ht_cap_quirk didn't locate host bridge
[    2.835678] pcieport 0000:00:02.0: enabling device (0140 -> 0143)
[    2.842000] pcieport 0000:00:02.0: Signaling PME with IRQ 394
[    2.848097] r8169 Gigabit Ethernet driver 2.3LK-NAPI loaded
[    2.853711] r8169 0000:02:00.0: enabling device (0140 -> 0143)
[    2.884912] r8169 0000:02:00.0 eth0: RTL8168g/8111g at 0xf0b56000, 00:04:4b:3a:d9:81, XID 0c000800 IRQ 395
[    2.894602] r8169 0000:02:00.0 eth0: jumbo features [frames: 9200 bytes, tx checksumming: ko]
[    2.907393] +1.05V_RUN_AVDD_HDMI_PLL: supplied by +1.05V_RUN
[    2.915145] [drm] Supports vblank timestamp caching Rev 2 (21.10.2013).
[    2.921759] [drm] No driver support for vblank timestamp query.
[    3.049085] tegra-hdmi 54280000.hdmi: cannot set audio to 48000 Hz at 297000000 Hz pixel clock
[    3.295610] Console: switching to colour frame buffer device 512x135
[    3.394200] drm drm: fb0:  frame buffer device
[    3.398728] [drm] Initialized tegra 0.0.0 20120330 for drm on minor 0
[    3.406610] of: dev_pm_opp_of_cpumask_add_table: couldn't find opp table for cpu:0, -19
[    3.414691] cpufreq: cpufreq_online: CPU0: Running at unlisted freq: 696000 KHz
[    3.422004] cpufreq: cpufreq_online: CPU0: Unlisted initial frequency changed to: 714000 KHz
[    3.431237] input: gpio-keys as /devices/soc0/gpio-keys/input/input0
[    3.438522] as3722-rtc as3722-rtc: setting system clock to 2000-01-01 00:02:33 UTC (946684953)
[    3.447658] +USB0_VBUS_SW: disabling
[    3.451234] +1.8V_RUN_CAM: disabling
[    3.455071] +2.8V_RUN_CAM: disabling
[    3.458847] +1.2V_RUN_CAM_FRONT: disabling
[    3.463102] +1.05V_RUN_CAM_REAR: disabling
[    3.467459] +3.3V_RUN_TOUCH: disabling
[    3.471367] +2.8V_RUN_CAM_AF: disabling
[    3.475441] +1.8V_RUN_VPP_FUSE: disabling
[    3.480554] EXT4-fs (mmcblk0p1): mounting ext3 file system using the ext4 subsystem
[    3.502446] EXT4-fs (mmcblk0p1): recovery complete
[    3.507268] EXT4-fs (mmcblk0p1): mounted filesystem with ordered data mode. Opts: (null)
[    3.515397] VFS: Mounted root (ext3 filesystem) on device 179:1.
[    3.525611] devtmpfs: mounted
[    3.529317] Freeing unused kernel memory: 2048K
bash: cannot set terminal process group (-1): Inappropriate ioctl for device
bash: no job control in this shell
root@(none):/# mount -t sysfs none /sys
root@(none):/# 
root@(none):/# mount -t debugfs none /sys/kernel/debug
root@(none):/# 
root@(none):/# rtcwake -d rtc1 -m mem -s 3
rtcwake: assuming RTC uses UTC ...
rtcwake: wakeup from "mem" using /dev/rtc1 at Thu Jan  1 00:00:20 1970
[    6.410947] PM: Syncing filesystems ... done.
[    6.646661] Freezing user space processes ... (elapsed 0.001 seconds) done.
[    6.655023] Freezing remaining freezable tasks ... (elapsed 0.001 seconds) done.
[    6.663652] Suspending console(s) (use no_console_suspend to debug)
[    6.794785] PM: suspend of devices complete after 124.308 msecs
[    6.796778] PM: late suspend of devices complete after 1.984 msecs
[    6.824100] PM: noirq suspend of devices complete after 27.316 msecs
[    6.824102] Disabling non-boot CPUs ...
[    6.955352] IRQ17 no longer affine to CPU3
[    6.994862] Entering suspend state LP1
[    6.994862] Suspended for 2.864 seconds
[    6.994874] Enabling non-boot CPUs ...
[    7.025126] CPU1 is up
[    7.064834] CPU2 is up
[    7.105088] CPU3 is up
[    7.105689] pcieport 0000:00:01.0: nv_msi_ht_cap_quirk didn't locate host bridge
[    7.105858] pcieport 0000:00:02.0: nv_msi_ht_cap_quirk didn't locate host bridge
[    7.133292] PM: noirq resume of devices complete after 28.198 msecs
[    7.134565] PM: early resume of devices complete after 0.942 msecs
[    7.137654] tegra-hdmi 54280000.hdmi: cannot set audio to 48000 Hz at 297000000 Hz pixel clock
[    7.255569] PM: resume of devices complete after 120.993 msecs
[    7.342574] Restarting tasks ... done.
root@(none):/# 
root@(none):/# [    7.465917] ata1: SATA link down (SStatus 0 SControl 300)
rtcwake -d rtc1 -m mem -s 3
rtcwake: assuming RTC uses UTC ...
rtcwake: wakeup from "mem" using /dev/rtc1 at Thu Jan  1 00:00:25 1970
[    8.614321] PM: Syncing filesystems ... done.
[    8.811653] Freezing user space processes ... (elapsed 0.001 seconds) done.
[    8.819983] Freezing remaining freezable tasks ... (elapsed 0.001 seconds) done.
[    8.828606] Suspending console(s) (use no_console_suspend to debug)
[    8.852108] pci_generic_config_write32: 118 callbacks suppressed
[    8.852115] pci_bus 0000:00: 2-byte config write to 0000:00:02.0 offset 0x9c may corrupt adjacent RW1C bits
[    8.852256] pci_bus 0000:00: 2-byte config write to 0000:00:01.0 offset 0x9c may corrupt adjacent RW1C bits
[    8.964767] PM: suspend of devices complete after 129.403 msecs
[    8.966758] PM: late suspend of devices complete after 1.981 msecs
[    8.967178] pci_bus 0000:02: 2-byte config write to 0000:02:00.0 offset 0x44 may corrupt adjacent RW1C bits
[    8.967200] pci_bus 0000:02: 2-byte config write to 0000:02:00.0 offset 0x44 may corrupt adjacent RW1C bits
[    8.994257] PM: noirq suspend of devices complete after 27.493 msecs
[    8.994260] Disabling non-boot CPUs ...
[    9.124998] Entering suspend state LP1
[    9.124998] Suspended for 2.869 seconds
[    9.125009] Enabling non-boot CPUs ...
[    9.155303] CPU1 is up
[    9.194989] CPU2 is up
[    9.235276] CPU3 is up
[    9.235849] pci_bus 0000:00: 2-byte config write to 0000:00:01.0 offset 0x4c may corrupt adjacent RW1C bits
[    9.235857] pci_bus 0000:00: 2-byte config write to 0000:00:02.0 offset 0x4c may corrupt adjacent RW1C bits
[    9.235869] pci_bus 0000:00: 2-byte config write to 0000:00:01.0 offset 0x88 may corrupt adjacent RW1C bits
[    9.235876] pci_bus 0000:00: 2-byte config write to 0000:00:02.0 offset 0x88 may corrupt adjacent RW1C bits
[    9.235882] pci_bus 0000:00: 2-byte config write to 0000:00:01.0 offset 0x90 may corrupt adjacent RW1C bits
[    9.235888] pci_bus 0000:00: 2-byte config write to 0000:00:02.0 offset 0x90 may corrupt adjacent RW1C bits
[    9.235993] pcieport 0000:00:01.0: nv_msi_ht_cap_quirk didn't locate host bridge
[    9.235995] pcieport 0000:00:02.0: nv_msi_ht_cap_quirk didn't locate host bridge
[    9.263258] PM: noirq resume of devices complete after 27.976 msecs
[    9.265003] PM: early resume of devices complete after 1.431 msecs
[    9.268352] tegra-hdmi 54280000.hdmi: cannot set audio to 48000 Hz at 297000000 Hz pixel clock
[    9.390012] PM: resume of devices complete after 125.001 msecs
[    9.576461] Restarting tasks ... done.
[    9.595939] ata1: SATA link down (SStatus 0 SControl 300)
root@(none):/# 
root@(none):/# rtcwake -d rtc1 -m mem -s 3
rtcwake: assuming RTC uses UTC ...
rtcwake: wakeup from "mem" using /dev/rtc1 at Thu Jan  1 00:00:30 1970
[   10.742579] PM: Syncing filesystems ... done.
[   10.940520] Freezing user space processes ... (elapsed 0.001 seconds) done.
[   10.949132] Freezing remaining freezable tasks ... (elapsed 0.001 seconds) done.
[   10.958356] Suspending console(s) (use no_console_suspend to debug)
[   11.096850] PM: suspend of devices complete after 129.774 msecs
[   11.108555] PM: late suspend of devices complete after 11.663 msecs
[   11.139647] PM: noirq suspend of devices complete after 31.063 msecs
[   11.139662] Disabling non-boot CPUs ...
[   11.141020] IRQ17 no longer affine to CPU1
[   11.323215] Entering suspend state LP1
[   11.323215] Suspended for 2.801 seconds
[   11.323226] Enabling non-boot CPUs ...
[   11.345262] CPU1 is up
[   11.384950] CPU2 is up
[   11.425240] CPU3 is up
[   11.425964] pcieport 0000:00:02.0: nv_msi_ht_cap_quirk didn't locate host bridge
[   11.425966] pcieport 0000:00:01.0: nv_msi_ht_cap_quirk didn't locate host bridge
[   11.453224] PM: noirq resume of devices complete after 27.978 msecs
[   11.455034] PM: early resume of devices complete after 1.485 msecs
[   11.458444] tegra-hdmi 54280000.hdmi: cannot set audio to 48000 Hz at 297000000 Hz pixel clock
[   11.580042] PM: resume of devices complete after 124.999 msecs
[   11.667239] Restarting tasks ... done.
root@(none):/# 
root@(none):/# [   11.785798] ata1: SATA link down (SStatus 0 SControl 300)
rtcwake -d rtc1 -m mem -s 3
rtcwake: assuming RTC uses UTC ...
rtcwake: wakeup from "mem" using /dev/rtc1 at Thu Jan  1 00:00:35 1970
[   12.941040] PM: Syncing filesystems ... done.
[   13.132448] Freezing user space processes ... (elapsed 0.001 seconds) done.
[   13.140761] Freezing remaining freezable tasks ... (elapsed 0.001 seconds) done.
[   13.149376] Suspending console(s) (use no_console_suspend to debug)
[   13.284716] PM: suspend of devices complete after 128.612 msecs
[   13.286239] PM: late suspend of devices complete after 1.512 msecs
[   13.314119] PM: noirq suspend of devices complete after 27.875 msecs
[   13.314122] Disabling non-boot CPUs ...
[   13.314371] IRQ17 no longer affine to CPU1
[   13.444803] Entering suspend state LP1
[   13.444803] Suspended for 2.878 seconds
[   13.444815] Enabling non-boot CPUs ...
[   13.475245] CPU1 is up
[   13.514921] CPU2 is up
[   13.555216] CPU3 is up
[   13.555910] pcieport 0000:00:02.0: nv_msi_ht_cap_quirk didn't locate host bridge
[   13.555912] pcieport 0000:00:01.0: nv_msi_ht_cap_quirk didn't locate host bridge
[   13.583189] PM: noirq resume of devices complete after 27.966 msecs
[   13.585085] PM: early resume of devices complete after 1.555 msecs
[   13.588181] tegra-hdmi 54280000.hdmi: cannot set audio to 48000 Hz at 297000000 Hz pixel clock
[   13.709852] PM: resume of devices complete after 124.758 msecs
[   13.796985] Restarting tasks ... done.
root@(none):/# 
root@(none):/# [   13.915769] ata1: SATA link down (SStatus 0 SControl 300)
rtcwake -d rtc1 -m mem -s 3
rtcwake: assuming RTC uses UTC ...
rtcwake: wakeup from "mem" using /dev/rtc1 at Thu Jan  1 00:00:40 1970
[   15.067243] PM: Syncing filesystems ... done.
[   15.262233] Freezing user space processes ... (elapsed 0.001 seconds) done.
[   15.270560] Freezing remaining freezable tasks ... (elapsed 0.001 seconds) done.
[   15.279181] Suspending console(s) (use no_console_suspend to debug)
[   15.302683] pci_generic_config_write32: 116 callbacks suppressed
[   15.302690] pci_bus 0000:00: 2-byte config write to 0000:00:02.0 offset 0x9c may corrupt adjacent RW1C bits
[   15.302701] pci_bus 0000:00: 2-byte config write to 0000:00:01.0 offset 0x9c may corrupt adjacent RW1C bits
[   15.414469] PM: suspend of devices complete after 128.529 msecs
[   15.416075] PM: late suspend of devices complete after 1.597 msecs
[   15.416501] pci_bus 0000:02: 2-byte config write to 0000:02:00.0 offset 0x44 may corrupt adjacent RW1C bits
[   15.416523] pci_bus 0000:02: 2-byte config write to 0000:02:00.0 offset 0x44 may corrupt adjacent RW1C bits
[   15.444163] PM: noirq suspend of devices complete after 28.082 msecs
[   15.444165] Disabling non-boot CPUs ...
[   15.444427] IRQ17 no longer affine to CPU1
[   15.574863] Entering suspend state LP1
[   15.574863] Suspended for 2.869 seconds
[   15.574875] Enabling non-boot CPUs ...
[   15.605208] CPU1 is up
[   15.644923] CPU2 is up
[   15.685178] CPU3 is up
[   15.685756] pci_bus 0000:00: 2-byte config write to 0000:00:01.0 offset 0x4c may corrupt adjacent RW1C bits
[   15.685764] pci_bus 0000:00: 2-byte config write to 0000:00:02.0 offset 0x4c may corrupt adjacent RW1C bits
[   15.685777] pci_bus 0000:00: 2-byte config write to 0000:00:01.0 offset 0x88 may corrupt adjacent RW1C bits
[   15.685783] pci_bus 0000:00: 2-byte config write to 0000:00:02.0 offset 0x88 may corrupt adjacent RW1C bits
[   15.685789] pci_bus 0000:00: 2-byte config write to 0000:00:01.0 offset 0x90 may corrupt adjacent RW1C bits
[   15.685795] pci_bus 0000:00: 2-byte config write to 0000:00:02.0 offset 0x90 may corrupt adjacent RW1C bits
[   15.685900] pcieport 0000:00:01.0: nv_msi_ht_cap_quirk didn't locate host bridge
[   15.685902] pcieport 0000:00:02.0: nv_msi_ht_cap_quirk didn't locate host bridge
[   15.713165] PM: noirq resume of devices complete after 27.981 msecs
[   15.715163] PM: early resume of devices complete after 1.663 msecs
[   15.718096] tegra-hdmi 54280000.hdmi: cannot set audio to 48000 Hz at 297000000 Hz pixel clock
[   15.839707] PM: resume of devices complete after 124.535 msecs
[   16.030275] Restarting tasks ... done.
[   16.045783] ata1: SATA link down (SStatus 0 SControl 300)
root@(none):/# 
root@(none):/# rtcwake -d rtc1 -m mem -s 3
rtcwake: assuming RTC uses UTC ...
rtcwake: wakeup from "mem" using /dev/rtc1 at Thu Jan  1 00:00:45 1970
[   17.193358] PM: Syncing filesystems ... done.
[   17.390191] Freezing user space processes ... (elapsed 0.001 seconds) done.
[   17.398545] Freezing remaining freezable tasks ... (elapsed 0.001 seconds) done.
[   17.407201] Suspending console(s) (use no_console_suspend to debug)
[   17.544655] PM: suspend of devices complete after 130.594 msecs
[   17.546630] PM: late suspend of devices complete after 1.963 msecs
[   17.574406] PM: noirq suspend of devices complete after 27.768 msecs
[   17.574409] Disabling non-boot CPUs ...
[   17.574738] IRQ17 no longer affine to CPU1
[   17.755445] Entering suspend state LP1
[   17.755445] Suspended for 2.819 seconds
[   17.755457] Enabling non-boot CPUs ...
[   17.784952] CPU1 is up
[   17.824879] CPU2 is up
[   17.865149] CPU3 is up
[   17.865850] pcieport 0000:00:01.0: nv_msi_ht_cap_quirk didn't locate host bridge
[   17.865852] pcieport 0000:00:02.0: nv_msi_ht_cap_quirk didn't locate host bridge
[   17.893129] PM: noirq resume of devices complete after 27.973 msecs
[   17.894773] PM: early resume of devices complete after 1.329 msecs
[   17.897809] tegra-hdmi 54280000.hdmi: cannot set audio to 48000 Hz at 297000000 Hz pixel clock
[   18.019433] PM: resume of devices complete after 124.651 msecs
[   18.106579] Restarting tasks ... done.
root@(none):/# 
root@(none):/# [   18.225685] ata1: SATA link down (SStatus 0 SControl 300)
rtcwake -d rtc1 -m mem -s 3
rtcwake: assuming RTC uses UTC ...
rtcwake: wakeup from "mem" using /dev/rtc1 at Thu Jan  1 00:00:50 1970
[   19.373842] PM: Syncing filesystems ... done.
[   19.571523] Freezing user space processes ... (elapsed 0.001 seconds) done.
[   19.579883] Freezing remaining freezable tasks ... (elapsed 0.001 seconds) done.
[   19.588535] Suspending console(s) (use no_console_suspend to debug)
[   19.724762] PM: suspend of devices complete after 129.403 msecs
[   19.727448] PM: late suspend of devices complete after 2.675 msecs
[   19.754266] PM: noirq suspend of devices complete after 26.810 msecs
[   19.754269] Disabling non-boot CPUs ...
[   19.754566] IRQ17 no longer affine to CPU1
[   19.915225] Entering suspend state LP1
[   19.915225] Suspended for 2.839 seconds
[   19.915237] Enabling non-boot CPUs ...
[   19.944928] CPU1 is up
[   19.984844] CPU2 is up
[   20.025143] CPU3 is up
[   20.025830] pcieport 0000:00:01.0: nv_msi_ht_cap_quirk didn't locate host bridge
[   20.025832] pcieport 0000:00:02.0: nv_msi_ht_cap_quirk didn't locate host bridge
[   20.053105] PM: noirq resume of devices complete after 27.956 msecs
[   20.054850] PM: early resume of devices complete after 1.418 msecs
[   20.057829] tegra-hdmi 54280000.hdmi: cannot set audio to 48000 Hz at 297000000 Hz pixel clock
[   20.179461] PM: resume of devices complete after 124.601 msecs
[   20.266600] Restarting tasks ... done.
root@(none):/# 
root@(none):/# [   20.385664] ata1: SATA link down (SStatus 0 SControl 300)
rtcwake -d rtc1 -m mem -s 3
rtcwake: assuming RTC uses UTC ...
rtcwake: wakeup from "mem" using /dev/rtc1 at Thu Jan  1 00:00:55 1970
[   21.529104] PM: Syncing filesystems ... done.
[   21.731674] Freezing user space processes ... (elapsed 0.001 seconds) done.
[   21.740005] Freezing remaining freezable tasks ... (elapsed 0.001 seconds) done.
[   21.748626] Suspending console(s) (use no_console_suspend to debug)
[   21.773863] pci_generic_config_write32: 116 callbacks suppressed
[   21.773870] pci_bus 0000:00: 2-byte config write to 0000:00:02.0 offset 0x9c may corrupt adjacent RW1C bits
[   21.773885] pci_bus 0000:00: 2-byte config write to 0000:00:01.0 offset 0x9c may corrupt adjacent RW1C bits
[   21.884608] PM: suspend of devices complete after 129.253 msecs
[   21.886828] PM: late suspend of devices complete after 2.211 msecs
[   21.887242] pci_bus 0000:02: 2-byte config write to 0000:02:00.0 offset 0x44 may corrupt adjacent RW1C bits
[   21.887257] pci_bus 0000:02: 2-byte config write to 0000:02:00.0 offset 0x44 may corrupt adjacent RW1C bits
[   21.913972] PM: noirq suspend of devices complete after 27.137 msecs
[   21.913975] Disabling non-boot CPUs ...
[   22.074798] Entering suspend state LP1
[   22.074798] Suspended for 2.840 seconds
[   22.074810] Enabling non-boot CPUs ...
[   22.104894] CPU1 is up
[   22.144817] CPU2 is up
[   22.185109] CPU3 is up
[   22.185701] pci_bus 0000:00: 2-byte config write to 0000:00:02.0 offset 0x4c may corrupt adjacent RW1C bits
[   22.185710] pci_bus 0000:00: 2-byte config write to 0000:00:01.0 offset 0x4c may corrupt adjacent RW1C bits
[   22.185722] pci_bus 0000:00: 2-byte config write to 0000:00:02.0 offset 0x88 may corrupt adjacent RW1C bits
[   22.185728] pci_bus 0000:00: 2-byte config write to 0000:00:01.0 offset 0x88 may corrupt adjacent RW1C bits
[   22.185734] pci_bus 0000:00: 2-byte config write to 0000:00:02.0 offset 0x90 may corrupt adjacent RW1C bits
[   22.185740] pci_bus 0000:00: 2-byte config write to 0000:00:01.0 offset 0x90 may corrupt adjacent RW1C bits
[   22.185846] pcieport 0000:00:02.0: nv_msi_ht_cap_quirk didn't locate host bridge
[   22.185847] pcieport 0000:00:01.0: nv_msi_ht_cap_quirk didn't locate host bridge
[   22.213068] PM: noirq resume of devices complete after 27.953 msecs
[   22.214747] PM: early resume of devices complete after 1.344 msecs
[   22.217457] tegra-hdmi 54280000.hdmi: cannot set audio to 48000 Hz at 297000000 Hz pixel clock
[   22.339075] PM: resume of devices complete after 124.320 msecs
[   22.525525] Restarting tasks ... done.
[   22.545744] ata1: SATA link down (SStatus 0 SControl 300)
root@(none):/# 
root@(none):/# rtcwake -d rtc1 -m mem -s 3
rtcwake: assuming RTC uses UTC ...
rtcwake: wakeup from "mem" using /dev/rtc1 at Thu Jan  1 00:01:00 1970
[   23.692128] PM: Syncing filesystems ... done.
[   23.891364] Freezing user space processes ... (elapsed 0.001 seconds) done.
[   23.899715] Freezing remaining freezable tasks ... (elapsed 0.001 seconds) done.
[   23.908379] Suspending console(s) (use no_console_suspend to debug)
[   24.044738] PM: suspend of devices complete after 129.490 msecs
[   24.047524] PM: late suspend of devices complete after 2.774 msecs
[   24.074305] PM: noirq suspend of devices complete after 26.773 msecs
[   24.074308] Disabling non-boot CPUs ...
[   24.074633] IRQ17 no longer affine to CPU1
[   24.235363] Entering suspend state LP1
[   24.235363] Suspended for 2.839 seconds
[   24.235374] Enabling non-boot CPUs ...
[   24.264874] CPU1 is up
[   24.304786] CPU2 is up
[   24.345090] CPU3 is up
[   24.345732] pcieport 0000:00:02.0: nv_msi_ht_cap_quirk didn't locate host bridge
[   24.345836] pcieport 0000:00:01.0: nv_msi_ht_cap_quirk didn't locate host bridge
[   24.373043] PM: noirq resume of devices complete after 27.947 msecs
[   24.374831] PM: early resume of devices complete after 1.470 msecs
[   24.377669] tegra-hdmi 54280000.hdmi: cannot set audio to 48000 Hz at 297000000 Hz pixel clock
[   24.499382] PM: resume of devices complete after 124.541 msecs
[   24.586510] Restarting tasks ... done.
root@(none):/# 
root@(none):/# [   24.705599] ata1: SATA link down (SStatus 0 SControl 300)
rtcwake -d rtc1 -m mem -s 3
rtcwake: assuming RTC uses UTC ...
rtcwake: wakeup from "mem" using /dev/rtc1 at Thu Jan  1 00:01:05 1970
[   25.853246] PM: Syncing filesystems ... done.
[   26.051448] Freezing user space processes ... (elapsed 0.001 seconds) done.
[   26.059796] Freezing remaining freezable tasks ... (elapsed 0.001 seconds) done.
[   26.068423] Suspending console(s) (use no_console_suspend to debug)
[   26.204632] PM: suspend of devices complete after 129.450 msecs
[   26.206975] PM: late suspend of devices complete after 2.333 msecs
[   26.234010] PM: noirq suspend of devices complete after 27.028 msecs
[   26.234013] Disabling non-boot CPUs ...
[   26.394842] Entering suspend state LP1
[   26.394842] Suspended for 2.840 seconds
[   26.394854] Enabling non-boot CPUs ...
[   26.424844] CPU1 is up
[   26.464752] CPU2 is up
[   26.505053] CPU3 is up
[   26.505685] pcieport 0000:00:02.0: nv_msi_ht_cap_quirk didn't locate host bridge
[   26.505793] pcieport 0000:00:01.0: nv_msi_ht_cap_quirk didn't locate host bridge
[   26.533014] PM: noirq resume of devices complete after 27.954 msecs
[   26.534699] PM: early resume of devices complete after 1.370 msecs
[   26.537285] tegra-hdmi 54280000.hdmi: cannot set audio to 48000 Hz at 297000000 Hz pixel clock
[   26.658917] PM: resume of devices complete after 124.210 msecs
[   26.741928] Restarting tasks ... done.
root@(none):/# 
root@(none):/# [   26.865600] ata1: SATA link down (SStatus 0 SControl 300)
NVTB SYSTEM SUSPEND TEST COMPLETE
