Diff for ./qemu-vexpress64/__internal/defconfig_log.txt
--- /tmp/fooa	1969-12-31 16:00:00.000000000 -0800
+++ /tmp/foob	2015-03-04 01:30:42.103517076 -0800
@@ -0,0 +1,128 @@
+Booting Linux on physical CPU 0x0
+Initializing cgroup subsys cpu
+Linux version 4.0.0-rc2+ (pwalmsley@kaivo) (gcc version 4.9.2 20140904 (prerelease) (crosstool-NG linaro-1.13.1-4.9-2014.09 - Linaro GCC 4.9-2014.09) ) #1 SMP PREEMPT Wed Mar 4 01:23:37 PST 2015
+CPU: AArch64 Processor [411fd070] revision 0
+Detected PIPT I-cache on CPU0
+Memory limited to 1024MB
+efi: Getting EFI parameters from FDT:
+efi: UEFI not found.
+cma: Reserved 16 MiB at 0x000000007f000000
+psci: probing for conduit method from DT.
+psci: PSCIv0.2 detected in firmware.
+psci: Using standard PSCI v0.2 function IDs
+PERCPU: Embedded 14 pages/cpu @ffffffc03efe1000 s19456 r8192 d29696 u57344
+Built 1 zonelists in Zone order, mobility grouping on.  Total pages: 258048
+Kernel command line: root=/dev/vda2 rw rootwait mem=1024M console=ttyAMA0,38400n8 init=/bin/bash
+PID hash table entries: 4096 (order: 3, 32768 bytes)
+Dentry cache hash table entries: 131072 (order: 8, 1048576 bytes)
+Inode-cache hash table entries: 65536 (order: 7, 524288 bytes)
+software IO TLB [mem 0x79c00000-0x7dc00000] (64MB) mapped at [ffffffc039c00000-ffffffc03dbfffff]
+Memory: 940360K/1048576K available (5013K kernel code, 341K rwdata, 1880K rodata, 256K init, 201K bss, 91832K reserved, 16384K cma-reserved)
+Virtual kernel memory layout:
+    vmalloc : 0xffffff8000000000 - 0xffffffbdbfff0000   (   246 GB)
+    vmemmap : 0xffffffbdc0000000 - 0xffffffbfc0000000   (     8 GB maximum)
+              0xffffffbdc1000000 - 0xffffffbdc2000000   (    16 MB actual)
+    fixed   : 0xffffffbffabfe000 - 0xffffffbffac00000   (     8 KB)
+    PCI I/O : 0xffffffbffae00000 - 0xffffffbffbe00000   (    16 MB)
+    modules : 0xffffffbffc000000 - 0xffffffc000000000   (    64 MB)
+    memory  : 0xffffffc000000000 - 0xffffffc040000000   (  1024 MB)
+      .init : 0xffffffc00073e000 - 0xffffffc00077e000   (   256 KB)
+      .text : 0xffffffc000080000 - 0xffffffc00073d4e4   (  6902 KB)
+      .data : 0xffffffc000782000 - 0xffffffc0007d7600   (   342 KB)
+SLUB: HWalign=64, Order=0-3, MinObjects=0, CPUs=1, Nodes=1
+Preemptible hierarchical RCU implementation.
+	Additional per-CPU info printed with stalls.
+	RCU restricting CPUs from NR_CPUS=64 to nr_cpu_ids=1.
+RCU: Adjusting geometry for rcu_fanout_leaf=16, nr_cpu_ids=1
+NR_IRQS:64 nr_irqs:64 0
+GIC CPU mask not found - kernel will fail to boot.
+GIC CPU mask not found - kernel will fail to boot.
+Architected cp15 timer(s) running at 62.50MHz (virt).
+sched_clock: 56 bits at 62MHz, resolution 16ns, wraps every 2199023255552ns
+Console: colour dummy device 80x25
+Calibrating delay loop (skipped), value calculated using timer frequency.. 125.00 BogoMIPS (lpj=625000)
+pid_max: default: 32768 minimum: 301
+Security Framework initialized
+Mount-cache hash table entries: 2048 (order: 2, 16384 bytes)
+Mountpoint-cache hash table entries: 2048 (order: 2, 16384 bytes)
+Initializing cgroup subsys memory
+Initializing cgroup subsys hugetlb
+hw perfevents: no hardware support available
+EFI services will not be available.
+Brought up 1 CPUs
+SMP: Total of 1 processors activated.
+devtmpfs: initialized
+DMI not present or invalid.
+NET: Registered protocol family 16
+cpuidle: using governor ladder
+cpuidle: using governor menu
+vdso: 2 pages (1 code @ ffffffc000789000, 1 data @ ffffffc000788000)
+hw-breakpoint: found 6 breakpoint and 4 watchpoint registers.
+DMA: preallocated 256 KiB pool for atomic allocations
+Serial: AMBA PL011 UART driver
+9000000.pl011: ttyAMA0 at MMIO 0x9000000 (irq = 38, base_baud = 0) is a PL011 rev1
+console [ttyAMA0] enabled
+vgaarb: loaded
+SCSI subsystem initialized
+usbcore: registered new interface driver usbfs
+usbcore: registered new interface driver hub
+usbcore: registered new device driver usb
+Switched to clocksource arch_sys_counter
+NET: Registered protocol family 2
+TCP established hash table entries: 8192 (order: 4, 65536 bytes)
+TCP bind hash table entries: 8192 (order: 5, 131072 bytes)
+TCP: Hash tables configured (established 8192 bind 8192)
+TCP: reno registered
+UDP hash table entries: 512 (order: 2, 16384 bytes)
+UDP-Lite hash table entries: 512 (order: 2, 16384 bytes)
+NET: Registered protocol family 1
+RPC: Registered named UNIX socket transport module.
+RPC: Registered udp transport module.
+RPC: Registered tcp transport module.
+RPC: Registered tcp NFSv4.1 backchannel transport module.
+kvm [1]: HYP mode not available
+futex hash table entries: 256 (order: 2, 16384 bytes)
+audit: initializing netlink subsys (disabled)
+audit: type=2000 audit(0.590:1): initialized
+HugeTLB registered 2 MB page size, pre-allocated 0 pages
+VFS: Disk quotas dquot_6.5.2
+VFS: Dquot-cache hash table entries: 512 (order 0, 4096 bytes)
+fuse init (API version 7.23)
+9p: Installing v9fs 9p2000 file system support
+io scheduler noop registered
+io scheduler cfq registered (default)
+Serial: 8250/16550 driver, 4 ports, IRQ sharing disabled
+loop: module loaded
+ vda: vda1 vda2
+tun: Universal TUN/TAP device driver, 1.6
+tun: (C) 1999-2004 Max Krasnyansky <maxk@qualcomm.com>
+ehci_hcd: USB 2.0 'Enhanced' Host Controller (EHCI) Driver
+ehci-pci: EHCI PCI platform driver
+ehci-platform: EHCI generic platform driver
+ohci_hcd: USB 1.1 'Open' Host Controller (OHCI) Driver
+ohci-pci: OHCI PCI platform driver
+ohci-platform: OHCI generic platform driver
+usbcore: registered new interface driver usb-storage
+mousedev: PS/2 mouse device common for all mice
+Driver 'mmcblk' needs updating - please use bus_type methods
+sdhci: Secure Digital Host Controller Interface driver
+sdhci: Copyright(c) Pierre Ossman
+sdhci-pltfm: SDHCI platform and OF driver helper
+usbcore: registered new interface driver usbhid
+usbhid: USB HID core driver
+TCP: cubic registered
+NET: Registered protocol family 17
+9pnet: Installing 9P2000 support
+registered taskstats version 1
+drivers/rtc/hctosys.c: unable to open rtc device (rtc0)
+EXT3-fs (vda2): error: couldn't mount because of unsupported optional features (240)
+EXT2-fs (vda2): error: couldn't mount because of unsupported optional features (244)
+EXT4-fs (vda2): recovery complete
+EXT4-fs (vda2): mounted filesystem with ordered data mode. Opts: (null)
+VFS: Mounted root (ext4 filesystem) on device 254:2.
+devtmpfs: mounted
+Freeing unused kernel memory: 256K (ffffffc00073e000 - ffffffc00077e000)
+Freeing alternatives memory: 8K (ffffffc00077e000 - ffffffc000780000)
+bash: cannot set terminal process group (-1): Inappropriate ioctl for device
+bash: no job control in this shell
+bash-4.3# 
\ No newline at end of file
Diff for ./tegra114-dalmore-a04/tegra114-dalmore/multi_v7_defconfig_log.txt
--- /tmp/fooa	2015-03-04 01:30:42.111517072 -0800
+++ /tmp/foob	2015-03-04 01:30:42.115517070 -0800
@@ -37,21 +37,21 @@
 	 #################################################################
 	 #################################################################
 	 #################################################################
-	 ########
-	 3.3 MiB/s
+	 ########################
+	 3.5 MiB/s
 done
-Bytes transferred = 5842632 (5926c8 hex)
+Bytes transferred = 6076544 (5cb880 hex)
 Tegra114 (Dalmore) # tftpboot 0x82000000 tegra114-dalmore.dtb
 Using asx0 device
 TFTP from server 192.168.100.1; our IP address is 192.168.100.100
 Filename 'tegra114-dalmore.dtb'.
 Load address: 0x82000000
 Loading: *###
-	 3 MiB/s
+	 2.8 MiB/s
 done
 Bytes transferred = 34638 (874e hex)
 Tegra114 (Dalmore) # bootz 0x81000000 - 0x82000000
-Kernel image @ 0x81000000 [ 0x000000 - 0x5926c8 ]
+Kernel image @ 0x81000000 [ 0x000000 - 0x5cb880 ]
 ## Flattened Device Tree blob at 82000000
    Booting using the fdt blob at 0x82000000
    Loading Device Tree to 8fff4000, end 8ffff74d ... OK
@@ -59,7 +59,7 @@
 Starting kernel ...
 
 Booting Linux on physical CPU 0x0
-Linux version 4.0.0-rc1-23494-gc517d83 (pwalmsley@tamien) (gcc version 4.7.3 20130328 (prerelease) (crosstool-NG linaro-1.13.1-4.7-2013.04-20130415 - Linaro GCC 2013.04) ) #1 SMP Mon Mar 2 14:40:36 PST 2015
+Linux version 4.0.0-rc2-23674-g13a7a6a (pwalmsley@tamien) (gcc version 4.7.3 20130328 (prerelease) (crosstool-NG linaro-1.13.1-4.7-2013.04-20130415 - Linaro GCC 2013.04) ) #1 SMP Wed Mar 4 01:22:22 PST 2015
 CPU: ARMv7 Processor [412fc0f2] revision 2 (ARMv7), cr=10c5387d
 CPU: PIPT / VIPT nonaliasing data cache, PIPT instruction cache
 Machine model: NVIDIA Tegra114 Dalmore evaluation board
@@ -67,7 +67,7 @@
 cma: Reserved 64 MiB at 0xfb800000
 Memory policy: Data cache writealloc
 On node 0 totalpages: 524032
-free_area_init_node: node 0, pgdat c0e34ac0, node_mem_map ee7f8000
+free_area_init_node: node 0, pgdat c0ec7f00, node_mem_map ee7f8000
   DMA zone: 1520 pages used for memmap
   DMA zone: 0 pages reserved
   DMA zone: 194560 pages, LIFO batch:31
@@ -80,7 +80,7 @@
 PID hash table entries: 4096 (order: 2, 16384 bytes)
 Dentry cache hash table entries: 131072 (order: 7, 524288 bytes)
 Inode-cache hash table entries: 65536 (order: 6, 262144 bytes)
-Memory: 2000240K/2096128K available (7602K kernel code, 922K rwdata, 3168K rodata, 780K init, 307K bss, 30352K reserved, 65536K cma-reserved, 1252352K highmem)
+Memory: 1999648K/2096128K available (7826K kernel code, 1015K rwdata, 3412K rodata, 804K init, 314K bss, 30944K reserved, 65536K cma-reserved, 1252352K highmem)
 Virtual kernel memory layout:
     vector  : 0xffff0000 - 0xffff1000   (   4 kB)
     fixmap  : 0xffc00000 - 0xfff00000   (3072 kB)
@@ -88,10 +88,10 @@
     lowmem  : 0xc0000000 - 0xef800000   ( 760 MB)
     pkmap   : 0xbfe00000 - 0xc0000000   (   2 MB)
     modules : 0xbf000000 - 0xbfe00000   (  14 MB)
-      .text : 0xc0208000 - 0xc0c8cb18   (10771 kB)
-      .init : 0xc0c8d000 - 0xc0d50000   ( 780 kB)
-      .data : 0xc0d50000 - 0xc0e36a20   ( 923 kB)
-       .bss : 0xc0e36a20 - 0xc0e838e8   ( 308 kB)
+      .text : 0xc0208000 - 0xc0d02a80   (11243 kB)
+      .init : 0xc0d03000 - 0xc0dcc000   ( 804 kB)
+      .data : 0xc0dcc000 - 0xc0ec9e60   (1016 kB)
+       .bss : 0xc0ec9e60 - 0xc0f18968   ( 315 kB)
 SLUB: HWalign=64, Order=0-3, MinObjects=0, CPUs=4, Nodes=1
 Hierarchical RCU implementation.
 	Additional per-CPU info printed with stalls.
@@ -115,7 +115,7 @@
 /cpus/cpu@2 missing clock-frequency property
 /cpus/cpu@3 missing clock-frequency property
 CPU0: thread -1, cpu 0, socket 0, mpidr 80000000
-Setting up static identity map for 0x8092fc90 - 0x8092fd28
+Setting up static identity map for 0x809668f8 - 0x80966990
 Tegra Revision: A01 SKU: 0 CPU Process: 1 Core Process: 0
 CPU1: thread -1, cpu 1, socket 0, mpidr 80000001
 CPU2: thread -1, cpu 2, socket 0, mpidr 80000002
@@ -189,6 +189,7 @@
 vddio-sdmmc-2: supplied by sdhci-vdd-sd-slot
 hvdd-usb: supplied by vdd-sys-5v0
 avdd-usb: supplied by vdd-sys-5v0
+media: Linux media interface: v0.10
 Linux video capture interface: v2.00
 pps_core: LinuxPPS API ver. 1 registered
 pps_core: Software ver. 5.3.6 - Copyright 2005-2007 Rodolfo Giometti <giometti@linux.it>
@@ -216,13 +217,14 @@
 Key type id_legacy registered
 ntfs: driver 2.1.31 [Flags: R/O].
 bounce: pool size: 64 pages
-Block layer SCSI generic (bsg) driver version 0.4 loaded (major 249)
+Block layer SCSI generic (bsg) driver version 0.4 loaded (major 248)
 io scheduler noop registered
 io scheduler deadline registered
 io scheduler cfq registered (default)
 tegra-apbdma 6000a000.dma: Tegra20 APB DMA driver register 32 channels
 tegra-pmc 7000e400.pmc: i2c-thermtrip node not found, emergency thermal reset disabled.
 Serial: 8250/16550 driver, 4 ports, IRQ sharing disabled
+SuperH (H)SCI(F) driver initialized
 msm_serial: driver initialized
 console [ttyS0] disabled
 70006300.serial: ttyS0 at MMIO 0x70006300 (irq = 329, base_baud = 25500000) is a Tegra
@@ -332,7 +334,7 @@
 hub 1-0:1.0: USB hub found
 hub 1-0:1.0: 1 port detected
 input: gpio-keys as /devices/soc0/gpio-keys/input/input1
-palmas-rtc 7000d000.i2c:tps65913@58:rtc: setting system clock to 2000-08-07 18:02:32 UTC (965671352)
+palmas-rtc 7000d000.i2c:tps65913@58:rtc: setting system clock to 2000-08-09 04:44:08 UTC (965796248)
 vdd_cam_1v8_reg: disabling
 usb1_vbus: disabling
 dvdd_ts: disabling
@@ -343,7 +345,7 @@
 EXT4-fs (mmcblk0p1): mounted filesystem with ordered data mode. Opts: (null)
 VFS: Mounted root (ext3 filesystem) on device 179:1.
 devtmpfs: mounted
-Freeing unused kernel memory: 780K (c0c8d000 - c0d50000)
+Freeing unused kernel memory: 804K (c0d03000 - c0dcc000)
 bash: cannot set terminal process group (-1): Inappropriate ioctl for device
 bash: no job control in this shell
-root@(none):/# [    2.818171] usb 1-1: new high-speed USB device number 2 using tegra-ehci
+root@(none):/# [    2.768805] usb 1-1: new high-speed USB device number 2 using tegra-ehci
Diff for ./tegra114-dalmore-a04/tegra114-dalmore/tegra_defconfig_log.txt
--- /tmp/fooa	2015-03-04 01:30:42.119517068 -0800
+++ /tmp/foob	2015-03-04 01:30:42.119517068 -0800
@@ -37,20 +37,20 @@
 	 #################################################################
 	 #################################################################
 	 ####
-	 2.9 MiB/s
+	 3.3 MiB/s
 done
-Bytes transferred = 4825392 (49a130 hex)
+Bytes transferred = 4825296 (49a0d0 hex)
 Tegra114 (Dalmore) # tftpboot 0x82000000 tegra114-dalmore.dtb
 Using asx0 device
 TFTP from server 192.168.100.1; our IP address is 192.168.100.100
 Filename 'tegra114-dalmore.dtb'.
 Load address: 0x82000000
 Loading: *###
-	 2.4 MiB/s
+	 2.8 MiB/s
 done
 Bytes transferred = 34638 (874e hex)
 Tegra114 (Dalmore) # bootz 0x81000000 - 0x82000000
-Kernel image @ 0x81000000 [ 0x000000 - 0x49a130 ]
+Kernel image @ 0x81000000 [ 0x000000 - 0x49a0d0 ]
 ## Flattened Device Tree blob at 82000000
    Booting using the fdt blob at 0x82000000
    Loading Device Tree to 8fff4000, end 8ffff74d ... OK
@@ -61,7 +61,7 @@
 Booting Linux on physical CPU 0x0
 Initializing cgroup subsys cpu
 Initializing cgroup subsys cpuacct
-Linux version 4.0.0-rc1-128710-gc517d83 (pwalmsley@kaivo) (gcc version 4.7.3 20130328 (prerelease) (crosstool-NG linaro-1.13.1-4.7-2013.04-20130415 - Linaro GCC 2013.04) ) #1 SMP PREEMPT Mon Mar 2 14:39:56 PST 2015
+Linux version 4.0.0-rc2-128890-g13a7a6a (pwalmsley@kaivo) (gcc version 4.7.3 20130328 (prerelease) (crosstool-NG linaro-1.13.1-4.7-2013.04-20130415 - Linaro GCC 2013.04) ) #1 SMP PREEMPT Wed Mar 4 01:21:17 PST 2015
 CPU: ARMv7 Processor [412fc0f2] revision 2 (ARMv7), cr=10c5387d
 CPU: PIPT / VIPT nonaliasing data cache, PIPT instruction cache
 Machine model: NVIDIA Tegra114 Dalmore evaluation board
@@ -90,7 +90,7 @@
     lowmem  : 0xc0000000 - 0xef800000   ( 760 MB)
     pkmap   : 0xbfe00000 - 0xc0000000   (   2 MB)
     modules : 0xbf000000 - 0xbfe00000   (  14 MB)
-      .text : 0xc0008000 - 0xc08a9bf8   (8839 kB)
+      .text : 0xc0008000 - 0xc08a9c00   (8839 kB)
       .init : 0xc08aa000 - 0xc08f6000   ( 304 kB)
       .data : 0xc08f6000 - 0xc09457a0   ( 318 kB)
        .bss : 0xc09457a0 - 0xc099d3b0   ( 352 kB)
@@ -116,7 +116,7 @@
 /cpus/cpu@2 missing clock-frequency property
 /cpus/cpu@3 missing clock-frequency property
 CPU0: thread -1, cpu 0, socket 0, mpidr 80000000
-Setting up static identity map for 0x80643760 - 0x806437f8
+Setting up static identity map for 0x806437f0 - 0x80643888
 Tegra Revision: A01 SKU: 0 CPU Process: 1 Core Process: 0
 CPU1: thread -1, cpu 1, socket 0, mpidr 80000001
 CPU2: thread -1, cpu 2, socket 0, mpidr 80000002
@@ -325,7 +325,7 @@
 hub 1-0:1.0: USB hub found
 hub 1-0:1.0: 1 port detected
 input: gpio-keys as /devices/soc0/gpio-keys/input/input1
-palmas-rtc 7000d000.i2c:tps65913@58:rtc: setting system clock to 2000-08-07 18:02:01 UTC (965671321)
+palmas-rtc 7000d000.i2c:tps65913@58:rtc: setting system clock to 2000-08-09 04:43:22 UTC (965796202)
 vdd_cam_1v8_reg: disabling
 usb1_vbus: disabling
 dvdd_ts: disabling
@@ -340,4 +340,4 @@
 Freeing unused kernel memory: 304K (c08aa000 - c08f6000)
 bash: cannot set terminal process group (-1): Inappropriate ioctl for device
 bash: no job control in this shell
-root@(none):/# [    2.979658] usb 1-1: new high-speed USB device number 2 using tegra-ehci
+root@(none):/# [    2.939572] usb 1-1: new high-speed USB device number 2 using tegra-ehci
Diff for ./tegra124-jetson-tk1/tegra124-jetson-tk1/multi_v7_defconfig_log.txt
--- /tmp/fooa	2015-03-04 01:30:42.127517065 -0800
+++ /tmp/foob	2015-03-04 01:30:42.127517065 -0800
@@ -39,21 +39,21 @@
 	 #################################################################
 	 #################################################################
 	 #################################################################
-	 ########
-	 3.2 MiB/s
+	 ########################
+	 3.3 MiB/s
 done
-Bytes transferred = 5842632 (5926c8 hex)
+Bytes transferred = 6076544 (5cb880 hex)
 Tegra124 (Jetson TK1) # tftpboot 0x82000000 tegra124-jetson-tk1.dtb
 Using asx0 device
 TFTP from server 192.168.100.1; our IP address is 192.168.100.102
 Filename 'tegra124-jetson-tk1.dtb'.
 Load address: 0x82000000
 Loading: *####
-	 2.8 MiB/s
+	 2.9 MiB/s
 done
 Bytes transferred = 49059 (bfa3 hex)
 Tegra124 (Jetson TK1) # bootz 0x81000000 - 0x82000000
-Kernel image @ 0x81000000 [ 0x000000 - 0x5926c8 ]
+Kernel image @ 0x81000000 [ 0x000000 - 0x5cb880 ]
 ## Flattened Device Tree blob at 82000000
    Booting using the fdt blob at 0x82000000
    Using Device Tree in place at 82000000, end 8200efa2
@@ -61,7 +61,7 @@
 Starting kernel ...
 
 Booting Linux on physical CPU 0x0
-Linux version 4.0.0-rc1-23494-gc517d83 (pwalmsley@tamien) (gcc version 4.7.3 20130328 (prerelease) (crosstool-NG linaro-1.13.1-4.7-2013.04-20130415 - Linaro GCC 2013.04) ) #1 SMP Mon Mar 2 14:40:36 PST 2015
+Linux version 4.0.0-rc2-23674-g13a7a6a (pwalmsley@tamien) (gcc version 4.7.3 20130328 (prerelease) (crosstool-NG linaro-1.13.1-4.7-2013.04-20130415 - Linaro GCC 2013.04) ) #1 SMP Wed Mar 4 01:22:22 PST 2015
 CPU: ARMv7 Processor [413fc0f3] revision 3 (ARMv7), cr=10c5387d
 CPU: PIPT / VIPT nonaliasing data cache, PIPT instruction cache
 Machine model: NVIDIA Tegra124 Jetson TK1
@@ -69,7 +69,7 @@
 cma: Reserved 64 MiB at 0xfb800000
 Memory policy: Data cache writealloc
 On node 0 totalpages: 524032
-free_area_init_node: node 0, pgdat c0e34ac0, node_mem_map ee7f8000
+free_area_init_node: node 0, pgdat c0ec7f00, node_mem_map ee7f8000
   DMA zone: 1520 pages used for memmap
   DMA zone: 0 pages reserved
   DMA zone: 194560 pages, LIFO batch:31
@@ -82,7 +82,7 @@
 PID hash table entries: 4096 (order: 2, 16384 bytes)
 Dentry cache hash table entries: 131072 (order: 7, 524288 bytes)
 Inode-cache hash table entries: 65536 (order: 6, 262144 bytes)
-Memory: 2000172K/2096128K available (7602K kernel code, 922K rwdata, 3168K rodata, 780K init, 307K bss, 30420K reserved, 65536K cma-reserved, 1252352K highmem)
+Memory: 1999580K/2096128K available (7826K kernel code, 1015K rwdata, 3412K rodata, 804K init, 314K bss, 31012K reserved, 65536K cma-reserved, 1252352K highmem)
 Virtual kernel memory layout:
     vector  : 0xffff0000 - 0xffff1000   (   4 kB)
     fixmap  : 0xffc00000 - 0xfff00000   (3072 kB)
@@ -90,10 +90,10 @@
     lowmem  : 0xc0000000 - 0xef800000   ( 760 MB)
     pkmap   : 0xbfe00000 - 0xc0000000   (   2 MB)
     modules : 0xbf000000 - 0xbfe00000   (  14 MB)
-      .text : 0xc0208000 - 0xc0c8cb18   (10771 kB)
-      .init : 0xc0c8d000 - 0xc0d50000   ( 780 kB)
-      .data : 0xc0d50000 - 0xc0e36a20   ( 923 kB)
-       .bss : 0xc0e36a20 - 0xc0e838e8   ( 308 kB)
+      .text : 0xc0208000 - 0xc0d02a80   (11243 kB)
+      .init : 0xc0d03000 - 0xc0dcc000   ( 804 kB)
+      .data : 0xc0dcc000 - 0xc0ec9e60   (1016 kB)
+       .bss : 0xc0ec9e60 - 0xc0f18968   ( 315 kB)
 SLUB: HWalign=64, Order=0-3, MinObjects=0, CPUs=4, Nodes=1
 Hierarchical RCU implementation.
 	Additional per-CPU info printed with stalls.
@@ -117,7 +117,7 @@
 /cpus/cpu@2 missing clock-frequency property
 /cpus/cpu@3 missing clock-frequency property
 CPU0: thread -1, cpu 0, socket 0, mpidr 80000000
-Setting up static identity map for 0x8092fc90 - 0x8092fd28
+Setting up static identity map for 0x809668f8 - 0x80966990
 Tegra Revision: A01 SKU: 129 CPU Process: 1 Core Process: 1
 CPU1: thread -1, cpu 1, socket 0, mpidr 80000001
 CPU2: thread -1, cpu 2, socket 0, mpidr 80000002
@@ -167,6 +167,7 @@
 usbcore: registered new interface driver usbfs
 usbcore: registered new interface driver hub
 usbcore: registered new device driver usb
+media: Linux media interface: v0.10
 Linux video capture interface: v2.00
 pps_core: LinuxPPS API ver. 1 registered
 pps_core: Software ver. 5.3.6 - Copyright 2005-2007 Rodolfo Giometti <giometti@linux.it>
@@ -194,7 +195,7 @@
 Key type id_legacy registered
 ntfs: driver 2.1.31 [Flags: R/O].
 bounce: pool size: 64 pages
-Block layer SCSI generic (bsg) driver version 0.4 loaded (major 249)
+Block layer SCSI generic (bsg) driver version 0.4 loaded (major 248)
 io scheduler noop registered
 io scheduler deadline registered
 io scheduler cfq registered (default)
@@ -204,6 +205,7 @@
 tegra-apbdma 60020000.dma: Tegra20 APB DMA driver register 32 channels
 tegra-pmc 7000e400.pmc: emergency thermal reset enabled
 Serial: 8250/16550 driver, 4 ports, IRQ sharing disabled
+SuperH (H)SCI(F) driver initialized
 msm_serial: driver initialized
 console [ttyS0] disabled
 70006300.serial: ttyS0 at MMIO 0x70006300 (irq = 330, base_baud = 25500000) is a Tegra
@@ -372,42 +374,16 @@
 tegra-pcie 1003000.pcie-controller: link 0 down, ignoring
 tegra-pcie 1003000.pcie-controller: probing port 1, using 1 lanes
 tegra-pcie 1003000.pcie-controller: Slot present pin change, signature: 00000000
+tegra-pcie 1003000.pcie-controller: link 1 down, retrying
+tegra-pcie 1003000.pcie-controller: link 1 down, retrying
+tegra-pcie 1003000.pcie-controller: link 1 down, retrying
+tegra-pcie 1003000.pcie-controller: link 1 down, ignoring
 tegra-pcie 1003000.pcie-controller: PCI host bridge to bus 0000:00
 pci_bus 0000:00: root bus resource [mem 0x13000000-0x1fffffff]
 pci_bus 0000:00: root bus resource [mem 0x20000000-0x3fffffff pref]
 pci_bus 0000:00: root bus resource [bus 00-ff]
 pci_bus 0000:00: root bus resource [io  0x1000-0xffff]
-pci 0000:00:02.0: [10de:0e13] type 01 class 0x060400
-pci 0000:00:02.0: PME# supported from D0 D1 D2 D3hot D3cold
-PCI: bus0: Fast back to back transfers disabled
-pci 0000:00:02.0: bridge configuration invalid ([bus 00-00]), reconfiguring
-pci 0000:01:00.0: [10ec:8168] type 00 class 0x020000
-pci 0000:01:00.0: reg 0x10: [io  0x0000-0x00ff]
-pci 0000:01:00.0: reg 0x18: [mem 0x00000000-0x00000fff 64bit]
-pci 0000:01:00.0: reg 0x20: [mem 0x00000000-0x00003fff 64bit pref]
-pci 0000:01:00.0: supports D1 D2
-pci 0000:01:00.0: PME# supported from D0 D1 D2 D3hot D3cold
-PCI: bus1: Fast back to back transfers disabled
-pci_bus 0000:01: busn_res: [bus 01-ff] end is updated to 01
-pci 0000:00:02.0: BAR 8: assigned [mem 0x13000000-0x130fffff]
-pci 0000:00:02.0: BAR 9: assigned [mem 0x20000000-0x200fffff 64bit pref]
-pci 0000:00:02.0: BAR 7: assigned [io  0x1000-0x1fff]
-pci 0000:01:00.0: BAR 4: assigned [mem 0x20000000-0x20003fff 64bit pref]
-pci 0000:01:00.0: BAR 2: assigned [mem 0x13000000-0x13000fff 64bit]
-pci 0000:01:00.0: BAR 0: assigned [io  0x1000-0x10ff]
-pci 0000:00:02.0: PCI bridge to [bus 01]
-pci 0000:00:02.0:   bridge window [io  0x1000-0x1fff]
-pci 0000:00:02.0:   bridge window [mem 0x13000000-0x130fffff]
-pci 0000:00:02.0:   bridge window [mem 0x20000000-0x200fffff 64bit pref]
-pci 0000:00:02.0: nv_msi_ht_cap_quirk didn't locate host bridge
-pcieport 0000:00:02.0: enabling device (0140 -> 0143)
-pcieport 0000:00:02.0: Signaling PME through PCIe PME interrupt
-pci 0000:01:00.0: Signaling PME through PCIe PME interrupt
-pcie_pme 0000:00:02.0:pcie01: service driver pcie_pme loaded
-r8169 Gigabit Ethernet driver 2.3LK-NAPI loaded
-r8169 0000:01:00.0: enabling device (0140 -> 0143)
-r8169 0000:01:00.0 eth0: RTL8168g/8111g at 0xf017e000, 00:04:4b:25:b3:b4, XID 0c000800 IRQ 381
-r8169 0000:01:00.0 eth0: jumbo features [frames: 9200 bytes, tx checksumming: ko]
+PCI: bus0: Fast back to back transfers enabled
 [drm] Supports vblank timestamp caching Rev 2 (21.10.2013).
 [drm] No driver support for vblank timestamp query.
 drm drm: No connectors reported connected with modes
@@ -423,7 +399,7 @@
 hub 2-0:1.0: USB hub found
 hub 2-0:1.0: 1 port detected
 input: gpio-keys as /devices/soc0/gpio-keys/input/input1
-as3722-rtc as3722-rtc: setting system clock to 2000-02-01 00:00:48 UTC (949363248)
+as3722-rtc as3722-rtc: setting system clock to 2000-02-01 00:00:18 UTC (949363218)
 +1.8V_RUN_VPP_FUSE: disabling
 +2.8V_RUN_CAM_AF: disabling
 +3.3V_RUN_TOUCH: disabling
@@ -440,7 +416,7 @@
 EXT4-fs (mmcblk0p1): mounted filesystem with ordered data mode. Opts: (null)
 VFS: Mounted root (ext4 filesystem) on device 179:1.
 devtmpfs: mounted
-Freeing unused kernel memory: 780K (c0c8d000 - c0d50000)
+Freeing unused kernel memory: 804K (c0d03000 - c0dcc000)
 bash: cannot set terminal process group (-1): Inappropriate ioctl for device
 bash: no job control in this shell
-root@(none):/# [    4.589660] usb 2-1: new high-speed USB device number 2 using tegra-ehci
+root@(none):/# [    5.720801] usb 2-1: new high-speed USB device number 2 using tegra-ehci
Diff for ./tegra124-jetson-tk1/tegra124-jetson-tk1/tegra_defconfig_log.txt
--- /tmp/fooa	2015-03-04 01:30:42.135517062 -0800
+++ /tmp/foob	2015-03-04 01:30:42.135517062 -0800
@@ -39,20 +39,20 @@
 	 #################################################################
 	 #################################################################
 	 ####
-	 2.9 MiB/s
+	 3.3 MiB/s
 done
-Bytes transferred = 4825392 (49a130 hex)
+Bytes transferred = 4825296 (49a0d0 hex)
 Tegra124 (Jetson TK1) # tftpboot 0x82000000 tegra124-jetson-tk1.dtb
 Using asx0 device
 TFTP from server 192.168.100.1; our IP address is 192.168.100.102
 Filename 'tegra124-jetson-tk1.dtb'.
 Load address: 0x82000000
 Loading: *####
-	 2.6 MiB/s
+	 3.1 MiB/s
 done
 Bytes transferred = 49059 (bfa3 hex)
 Tegra124 (Jetson TK1) # bootz 0x81000000 - 0x82000000
-Kernel image @ 0x81000000 [ 0x000000 - 0x49a130 ]
+Kernel image @ 0x81000000 [ 0x000000 - 0x49a0d0 ]
 ## Flattened Device Tree blob at 82000000
    Booting using the fdt blob at 0x82000000
    Using Device Tree in place at 82000000, end 8200efa2
@@ -63,7 +63,7 @@
 Booting Linux on physical CPU 0x0
 Initializing cgroup subsys cpu
 Initializing cgroup subsys cpuacct
-Linux version 4.0.0-rc1-128710-gc517d83 (pwalmsley@kaivo) (gcc version 4.7.3 20130328 (prerelease) (crosstool-NG linaro-1.13.1-4.7-2013.04-20130415 - Linaro GCC 2013.04) ) #1 SMP PREEMPT Mon Mar 2 14:39:56 PST 2015
+Linux version 4.0.0-rc2-128890-g13a7a6a (pwalmsley@kaivo) (gcc version 4.7.3 20130328 (prerelease) (crosstool-NG linaro-1.13.1-4.7-2013.04-20130415 - Linaro GCC 2013.04) ) #1 SMP PREEMPT Wed Mar 4 01:21:17 PST 2015
 CPU: ARMv7 Processor [413fc0f3] revision 3 (ARMv7), cr=10c5387d
 CPU: PIPT / VIPT nonaliasing data cache, PIPT instruction cache
 Machine model: NVIDIA Tegra124 Jetson TK1
@@ -92,7 +92,7 @@
     lowmem  : 0xc0000000 - 0xef800000   ( 760 MB)
     pkmap   : 0xbfe00000 - 0xc0000000   (   2 MB)
     modules : 0xbf000000 - 0xbfe00000   (  14 MB)
-      .text : 0xc0008000 - 0xc08a9bf8   (8839 kB)
+      .text : 0xc0008000 - 0xc08a9c00   (8839 kB)
       .init : 0xc08aa000 - 0xc08f6000   ( 304 kB)
       .data : 0xc08f6000 - 0xc09457a0   ( 318 kB)
        .bss : 0xc09457a0 - 0xc099d3b0   ( 352 kB)
@@ -118,7 +118,7 @@
 /cpus/cpu@2 missing clock-frequency property
 /cpus/cpu@3 missing clock-frequency property
 CPU0: thread -1, cpu 0, socket 0, mpidr 80000000
-Setting up static identity map for 0x80643760 - 0x806437f8
+Setting up static identity map for 0x806437f0 - 0x80643888
 Tegra Revision: A01 SKU: 129 CPU Process: 1 Core Process: 1
 CPU1: thread -1, cpu 1, socket 0, mpidr 80000001
 CPU2: thread -1, cpu 2, socket 0, mpidr 80000002
@@ -390,7 +390,7 @@
 hub 2-0:1.0: USB hub found
 hub 2-0:1.0: 1 port detected
 input: gpio-keys as /devices/soc0/gpio-keys/input/input1
-as3722-rtc as3722-rtc: setting system clock to 2000-02-01 00:00:18 UTC (949363218)
+as3722-rtc as3722-rtc: setting system clock to 2000-02-01 00:00:17 UTC (949363217)
 +1.8V_RUN_VPP_FUSE: disabling
 +2.8V_RUN_CAM_AF: disabling
 +3.3V_RUN_TOUCH: disabling
@@ -410,4 +410,4 @@
 Freeing unused kernel memory: 304K (c08aa000 - c08f6000)
 bash: cannot set terminal process group (-1): Inappropriate ioctl for device
 bash: no job control in this shell
-root@(none):/# [    5.862332] usb 2-1: new high-speed USB device number 2 using tegra-ehci
+root@(none):/# [    5.832296] usb 2-1: new high-speed USB device number 2 using tegra-ehci
Diff for ./tegra30-beaver/tegra30-beaver/multi_v7_defconfig_log.txt
--- /tmp/fooa	2015-03-04 01:30:42.143517058 -0800
+++ /tmp/foob	2015-03-04 01:30:42.143517058 -0800
@@ -37,21 +37,21 @@
 	 #################################################################
 	 #################################################################
 	 #################################################################
-	 ########
-	 3.5 MiB/s
+	 ########################
+	 3.2 MiB/s
 done
-Bytes transferred = 5842632 (5926c8 hex)
+Bytes transferred = 6076544 (5cb880 hex)
 Tegra30 (Beaver) # tftpboot 0x82000000 tegra30-beaver.dtb
 Using asx0 device
 TFTP from server 192.168.100.1; our IP address is 192.168.100.101
 Filename 'tegra30-beaver.dtb'.
 Load address: 0x82000000
 Loading: *##
-	 2.9 MiB/s
+	 2.6 MiB/s
 done
 Bytes transferred = 24641 (6041 hex)
 Tegra30 (Beaver) # bootz 0x81000000 - 0x82000000
-Kernel image @ 0x81000000 [ 0x000000 - 0x5926c8 ]
+Kernel image @ 0x81000000 [ 0x000000 - 0x5cb880 ]
 ## Flattened Device Tree blob at 82000000
    Booting using the fdt blob at 0x82000000
    Loading Device Tree to 8fff6000, end 8ffff040 ... OK
@@ -59,7 +59,7 @@
 Starting kernel ...
 
 Booting Linux on physical CPU 0x0
-Linux version 4.0.0-rc1-23494-gc517d83 (pwalmsley@tamien) (gcc version 4.7.3 20130328 (prerelease) (crosstool-NG linaro-1.13.1-4.7-2013.04-20130415 - Linaro GCC 2013.04) ) #1 SMP Mon Mar 2 14:40:36 PST 2015
+Linux version 4.0.0-rc2-23674-g13a7a6a (pwalmsley@tamien) (gcc version 4.7.3 20130328 (prerelease) (crosstool-NG linaro-1.13.1-4.7-2013.04-20130415 - Linaro GCC 2013.04) ) #1 SMP Wed Mar 4 01:22:22 PST 2015
 CPU: ARMv7 Processor [412fc099] revision 9 (ARMv7), cr=10c5387d
 CPU: PIPT / VIPT nonaliasing data cache, VIPT aliasing instruction cache
 Machine model: NVIDIA Tegra30 Beaver evaluation board
@@ -67,7 +67,7 @@
 cma: Reserved 64 MiB at 0xfb800000
 Memory policy: Data cache writealloc
 On node 0 totalpages: 524032
-free_area_init_node: node 0, pgdat c0e34ac0, node_mem_map ee7f8000
+free_area_init_node: node 0, pgdat c0ec7f00, node_mem_map ee7f8000
   DMA zone: 1520 pages used for memmap
   DMA zone: 0 pages reserved
   DMA zone: 194560 pages, LIFO batch:31
@@ -80,7 +80,7 @@
 PID hash table entries: 4096 (order: 2, 16384 bytes)
 Dentry cache hash table entries: 131072 (order: 7, 524288 bytes)
 Inode-cache hash table entries: 65536 (order: 6, 262144 bytes)
-Memory: 2000288K/2096128K available (7602K kernel code, 922K rwdata, 3168K rodata, 780K init, 307K bss, 30304K reserved, 65536K cma-reserved, 1252352K highmem)
+Memory: 1999696K/2096128K available (7826K kernel code, 1015K rwdata, 3412K rodata, 804K init, 314K bss, 30896K reserved, 65536K cma-reserved, 1252352K highmem)
 Virtual kernel memory layout:
     vector  : 0xffff0000 - 0xffff1000   (   4 kB)
     fixmap  : 0xffc00000 - 0xfff00000   (3072 kB)
@@ -88,10 +88,10 @@
     lowmem  : 0xc0000000 - 0xef800000   ( 760 MB)
     pkmap   : 0xbfe00000 - 0xc0000000   (   2 MB)
     modules : 0xbf000000 - 0xbfe00000   (  14 MB)
-      .text : 0xc0208000 - 0xc0c8cb18   (10771 kB)
-      .init : 0xc0c8d000 - 0xc0d50000   ( 780 kB)
-      .data : 0xc0d50000 - 0xc0e36a20   ( 923 kB)
-       .bss : 0xc0e36a20 - 0xc0e838e8   ( 308 kB)
+      .text : 0xc0208000 - 0xc0d02a80   (11243 kB)
+      .init : 0xc0d03000 - 0xc0dcc000   ( 804 kB)
+      .data : 0xc0dcc000 - 0xc0ec9e60   (1016 kB)
+       .bss : 0xc0ec9e60 - 0xc0f18968   ( 315 kB)
 SLUB: HWalign=64, Order=0-3, MinObjects=0, CPUs=4, Nodes=1
 Hierarchical RCU implementation.
 	Additional per-CPU info printed with stalls.
@@ -116,7 +116,7 @@
 Mountpoint-cache hash table entries: 2048 (order: 1, 8192 bytes)
 CPU: Testing write buffer coherency: ok
 CPU0: thread -1, cpu 0, socket 0, mpidr 80000000
-Setting up static identity map for 0x8092fc90 - 0x8092fd28
+Setting up static identity map for 0x809668f8 - 0x80966990
 Tegra Revision: A03 SKU: 128 CPU Process: 4 Core Process: 0
 CPU1: thread -1, cpu 1, socket 0, mpidr 80000001
 CPU2: thread -1, cpu 2, socket 0, mpidr 80000002
@@ -171,6 +171,7 @@
 avdd_dsi_csi,pwrdet_mipi: supplied by vdd_1v8_gen
 vdd_pllm,x,u,a_p_c_s: supplied by vdd_1v8_gen
 vdd_ddr_hs: supplied by vdd_1v8_gen
+media: Linux media interface: v0.10
 Linux video capture interface: v2.00
 pps_core: LinuxPPS API ver. 1 registered
 pps_core: Software ver. 5.3.6 - Copyright 2005-2007 Rodolfo Giometti <giometti@linux.it>
@@ -199,7 +200,7 @@
 Key type id_legacy registered
 ntfs: driver 2.1.31 [Flags: R/O].
 bounce: pool size: 64 pages
-Block layer SCSI generic (bsg) driver version 0.4 loaded (major 249)
+Block layer SCSI generic (bsg) driver version 0.4 loaded (major 248)
 io scheduler noop registered
 io scheduler deadline registered
 io scheduler cfq registered (default)
@@ -209,6 +210,7 @@
 tegra-apbdma 6000a000.dma: Tegra20 APB DMA driver register 32 channels
 tegra-pmc 7000e400.pmc: i2c-thermtrip node not found, emergency thermal reset disabled.
 Serial: 8250/16550 driver, 4 ports, IRQ sharing disabled
+SuperH (H)SCI(F) driver initialized
 msm_serial: driver initialized
 console [ttyS0] disabled
 70006000.serial: ttyS0 at MMIO 0x70006000 (irq = 331, base_baud = 25500000) is a Tegra
@@ -382,7 +384,7 @@
 EXT4-fs (mmcblk0p1): mounted filesystem with ordered data mode. Opts: (null)
 VFS: Mounted root (ext3 filesystem) on device 179:1.
 devtmpfs: mounted
-Freeing unused kernel memory: 780K (c0c8d000 - c0d50000)
+Freeing unused kernel memory: 804K (c0d03000 - c0dcc000)
 bash: cannot set terminal process group (-1): Inappropriate ioctl for device
 bash: no job control in this shell
-root@(none):/# [    4.193114] usb 2-1: new high-speed USB device number 2 using tegra-ehci
+root@(none):/# [    4.228456] usb 2-1: new high-speed USB device number 2 using tegra-ehci
Diff for ./tegra30-beaver/tegra30-beaver/tegra_defconfig_log.txt
--- /tmp/fooa	2015-03-04 01:30:42.151517055 -0800
+++ /tmp/foob	2015-03-04 01:30:42.151517055 -0800
@@ -37,9 +37,9 @@
 	 #################################################################
 	 #################################################################
 	 ####
-	 2.8 MiB/s
+	 3.4 MiB/s
 done
-Bytes transferred = 4825392 (49a130 hex)
+Bytes transferred = 4825296 (49a0d0 hex)
 Tegra30 (Beaver) # tftpboot 0x82000000 tegra30-beaver.dtb
 Using asx0 device
 TFTP from server 192.168.100.1; our IP address is 192.168.100.101
@@ -50,7 +50,7 @@
 done
 Bytes transferred = 24641 (6041 hex)
 Tegra30 (Beaver) # bootz 0x81000000 - 0x82000000
-Kernel image @ 0x81000000 [ 0x000000 - 0x49a130 ]
+Kernel image @ 0x81000000 [ 0x000000 - 0x49a0d0 ]
 ## Flattened Device Tree blob at 82000000
    Booting using the fdt blob at 0x82000000
    Loading Device Tree to 8fff6000, end 8ffff040 ... OK
@@ -61,7 +61,7 @@
 Booting Linux on physical CPU 0x0
 Initializing cgroup subsys cpu
 Initializing cgroup subsys cpuacct
-Linux version 4.0.0-rc1-128710-gc517d83 (pwalmsley@kaivo) (gcc version 4.7.3 20130328 (prerelease) (crosstool-NG linaro-1.13.1-4.7-2013.04-20130415 - Linaro GCC 2013.04) ) #1 SMP PREEMPT Mon Mar 2 14:39:56 PST 2015
+Linux version 4.0.0-rc2-128890-g13a7a6a (pwalmsley@kaivo) (gcc version 4.7.3 20130328 (prerelease) (crosstool-NG linaro-1.13.1-4.7-2013.04-20130415 - Linaro GCC 2013.04) ) #1 SMP PREEMPT Wed Mar 4 01:21:17 PST 2015
 CPU: ARMv7 Processor [412fc099] revision 9 (ARMv7), cr=10c5387d
 CPU: PIPT / VIPT nonaliasing data cache, VIPT aliasing instruction cache
 Machine model: NVIDIA Tegra30 Beaver evaluation board
@@ -90,7 +90,7 @@
     lowmem  : 0xc0000000 - 0xef800000   ( 760 MB)
     pkmap   : 0xbfe00000 - 0xc0000000   (   2 MB)
     modules : 0xbf000000 - 0xbfe00000   (  14 MB)
-      .text : 0xc0008000 - 0xc08a9bf8   (8839 kB)
+      .text : 0xc0008000 - 0xc08a9c00   (8839 kB)
       .init : 0xc08aa000 - 0xc08f6000   ( 304 kB)
       .data : 0xc08f6000 - 0xc09457a0   ( 318 kB)
        .bss : 0xc09457a0 - 0xc099d3b0   ( 352 kB)
@@ -117,7 +117,7 @@
 Initializing cgroup subsys debug
 CPU: Testing write buffer coherency: ok
 CPU0: thread -1, cpu 0, socket 0, mpidr 80000000
-Setting up static identity map for 0x80643760 - 0x806437f8
+Setting up static identity map for 0x806437f0 - 0x80643888
 Tegra Revision: A03 SKU: 128 CPU Process: 4 Core Process: 0
 CPU1: thread -1, cpu 1, socket 0, mpidr 80000001
 CPU2: thread -1, cpu 2, socket 0, mpidr 80000002
@@ -369,8 +369,8 @@
 vdd_sata,avdd_plle: disabling
 ALSA device list:
   #0: NVIDIA Tegra Beaver
-EXT3-fs (mmcblk0p1): warning: mounting fs with errors, running e2fsck is recommended
 kjournald starting.  Commit interval 5 seconds
+EXT3-fs (mmcblk0p1): warning: mounting fs with errors, running e2fsck is recommended
 EXT3-fs (mmcblk0p1): using internal journal
 EXT3-fs (mmcblk0p1): recovery complete
 EXT3-fs (mmcblk0p1): mounted filesystem with writeback data mode
@@ -379,4 +379,4 @@
 Freeing unused kernel memory: 304K (c08aa000 - c08f6000)
 bash: cannot set terminal process group (-1): Inappropriate ioctl for device
 bash: no job control in this shell
-root@(none):/# [    4.456033] usb 2-1: new high-speed USB device number 2 using tegra-ehci
+root@(none):/# [    4.476362] usb 2-1: new high-speed USB device number 2 using tegra-ehci
