

U-Boot 2015.04-00466-gedec83e90172 (Mar 14 2016 - 10:42:01)

TEGRA124
Model: Acer Chromebook 13 CB5-311
DRAM:  4 GiB
:   Tegra SD/MMC: 0, Tegra SD/MMC: 1, Tegra SD/MMC: 2
MMC init failed
Using default environment

In:    serial
Out:   serial
Err:   serial
Net:   Net Initialization Skipped
No ethernet found.
Hit any key to stop autoboot:  2  1  0 
Tegra124 (Nyan-big) # 
Tegra124 (Nyan-big) # usb start
starting USB...
USB0:   USB EHCI 1.10
scanning bus 0 for devices... 2 USB Device(s) found
USB1:   USB EHCI 1.10
scanning bus 1 for devices... 2 USB Device(s) found
       scanning usb for storage devices... 1 Storage Device(s) found
       scanning usb for ethernet devices... 
Warning: asx0 using MAC address from net device
1 Ethernet Device(s) found
Tegra124 (Nyan-big) # setenv bootargs 'ignore_loglevel console=ttyS0,115200n8 rw root=PARTUUID=4d36e82a-b3c0-4b4b-bfcd-afe5217ac023 rootwait gpt debug noinitrd earlyprintk init=/bin/bash'
Tegra124 (Nyan-big) # setenv ipaddr 192.168.100.102; setenv serverip 192.168.100.1; setenv tftpserverip 192.168.100.1
Tegra124 (Nyan-big) # tftpboot 0x82000000 zImage.multi_v7_defconfig
Using asx0 device
TFTP from server 192.168.100.1; our IP address is 192.168.100.102
Filename 'zImage.multi_v7_defconfig'.
Load address: 0x82000000
Loading: *#################################################################
	 #################################################################
	 #################################################################
	 #################################################################
	 #################################################################
	 #################################################################
	 #################################################################
	 #######################################
	 3.6 MiB/s
done
Bytes transferred = 7239896 (6e78d8 hex)
Tegra124 (Nyan-big) # tftpboot 0x83000000 tegra124-nyan-big.dtb
Using asx0 device
TFTP from server 192.168.100.1; our IP address is 192.168.100.102
Filename 'tegra124-nyan-big.dtb'.
Load address: 0x83000000
Loading: *#####
	 3.4 MiB/s
done
Bytes transferred = 66901 (10555 hex)
Tegra124 (Nyan-big) # bootz 0x82000000 - 0x83000000
Kernel image @ 0x82000000 [ 0x000000 - 0x6e78d8 ]
## Flattened Device Tree blob at 83000000
   Booting using the fdt blob at 0x83000000
   Using Device Tree in place at 83000000, end 83013554

Starting kernel ...

[    0.000000] Booting Linux on physical CPU 0x0
[    0.000000] Linux version 4.7.0-rc2-95420-gaf8c34c (pwalmsley@sellafield) (gcc version 4.7.3 20130328 (prerelease) (crosstool-NG linaro-1.13.1-4.7-2013.04-20130415 - Linaro GCC 2013.04) ) #1 SMP Sun Jun 5 15:04:22 PDT 2016
[    0.000000] CPU: ARMv7 Processor [413fc0f3] revision 3 (ARMv7), cr=10c5387d
[    0.000000] CPU: div instructions available: patching division code
[    0.000000] CPU: PIPT / VIPT nonaliasing data cache, PIPT instruction cache
[    0.000000] Machine model: Acer Chromebook 13 CB5-311
[    0.000000] Ignoring memory range 0x100000000 - 0x17ffff000
[    0.000000] debug: ignoring loglevel setting.
[    0.000000] cma: Reserved 64 MiB at 0xfb800000
[    0.000000] Memory policy: Data cache writealloc
[    0.000000] On node 0 totalpages: 524287
[    0.000000] free_area_init_node: node 0, pgdat c141bb40, node_mem_map eeff8000
[    0.000000]   DMA zone: 1536 pages used for memmap
[    0.000000]   DMA zone: 0 pages reserved
[    0.000000]   DMA zone: 196608 pages, LIFO batch:31
[    0.000000]   HighMem zone: 327679 pages, LIFO batch:31
[    0.000000] percpu: Embedded 13 pages/cpu @eef89000 s23808 r8192 d21248 u53248
[    0.000000] pcpu-alloc: s23808 r8192 d21248 u53248 alloc=13*4096
[    0.000000] pcpu-alloc: [0] 0 [0] 1 [0] 2 [0] 3 
[    0.000000] Built 1 zonelists in Zone order, mobility grouping on.  Total pages: 522751
[    0.000000] Kernel command line: ignore_loglevel console=ttyS0,115200n8 rw root=PARTUUID=4d36e82a-b3c0-4b4b-bfcd-afe5217ac023 rootwait gpt debug noinitrd earlyprintk init=/bin/bash
[    0.000000] PID hash table entries: 4096 (order: 2, 16384 bytes)
[    0.000000] Dentry cache hash table entries: 131072 (order: 7, 524288 bytes)
[    0.000000] Inode-cache hash table entries: 65536 (order: 6, 262144 bytes)
[    0.000000] Memory: 1996016K/2097148K available (9529K kernel code, 1142K rwdata, 4476K rodata, 2048K init, 343K bss, 35596K reserved, 65536K cma-reserved, 1245180K highmem)
[    0.000000] Virtual kernel memory layout:
[    0.000000]     vector  : 0xffff0000 - 0xffff1000   (   4 kB)
[    0.000000]     fixmap  : 0xffc00000 - 0xfff00000   (3072 kB)
[    0.000000]     vmalloc : 0xf0800000 - 0xff800000   ( 240 MB)
[    0.000000]     lowmem  : 0xc0000000 - 0xf0000000   ( 768 MB)
[    0.000000]     pkmap   : 0xbfe00000 - 0xc0000000   (   2 MB)
[    0.000000]     modules : 0xbf000000 - 0xbfe00000   (  14 MB)
[    0.000000]       .text : 0xc0208000 - 0xc10ad594   (14998 kB)
[    0.000000]       .init : 0xc1100000 - 0xc1300000   (2048 kB)
[    0.000000]       .data : 0xc1300000 - 0xc141dba0   (1143 kB)
[    0.000000]        .bss : 0xc141f000 - 0xc1474ca0   ( 344 kB)
[    0.000000] SLUB: HWalign=64, Order=0-3, MinObjects=0, CPUs=4, Nodes=1
[    0.000000] Hierarchical RCU implementation.
[    0.000000] 	Build-time adjustment of leaf fanout to 32.
[    0.000000] 	RCU restricting CPUs from NR_CPUS=16 to nr_cpu_ids=4.
[    0.000000] RCU: Adjusting geometry for rcu_fanout_leaf=32, nr_cpu_ids=4
[    0.000000] NR_IRQS:16 nr_irqs:16 16
[    0.000000] /interrupt-controller@60004000: 160 interrupts forwarded to /interrupt-controller@0,50041000
[    0.000000] Tegra clk 127: register failed with -17
[    0.000003] sched_clock: 32 bits at 1000kHz, resolution 1000ns, wraps every 2147483647500ns
[    0.000012] clocksource: timer_us: mask: 0xffffffff max_cycles: 0xffffffff, max_idle_ns: 1911260446275 ns
[    0.000018] Switching to timer-based delay loop, resolution 1000ns
[    0.001738] Architected cp15 timer(s) running at 12.00MHz (virt).
[    0.001744] clocksource: arch_sys_counter: mask: 0xffffffffffffff max_cycles: 0x2c47f4ee7, max_idle_ns: 440795202497 ns
[    0.001751] sched_clock: 56 bits at 12MHz, resolution 83ns, wraps every 4398046511096ns
[    0.001755] Switching to timer-based delay loop, resolution 83ns
[    0.001955] Console: colour dummy device 80x30
[    0.001968] Calibrating delay loop (skipped), value calculated using timer frequency.. 24.00 BogoMIPS (lpj=60000)
[    0.001974] pid_max: default: 32768 minimum: 301
[    0.002012] Mount-cache hash table entries: 2048 (order: 1, 8192 bytes)
[    0.002016] Mountpoint-cache hash table entries: 2048 (order: 1, 8192 bytes)
[    0.002262] CPU: Testing write buffer coherency: ok
[    0.002375] /cpus/cpu@0 missing clock-frequency property
[    0.002389] /cpus/cpu@1 missing clock-frequency property
[    0.002404] /cpus/cpu@2 missing clock-frequency property
[    0.002418] /cpus/cpu@3 missing clock-frequency property
[    0.002422] CPU0: thread -1, cpu 0, socket 0, mpidr 80000000
[    0.002432] Setting up static identity map for 0x80300000 - 0x80300098
[    0.003675] Tegra Revision: A01 SKU: 131 CPU Process: 1 SoC Process: 1
[    0.004273] CPU1: thread -1, cpu 1, socket 0, mpidr 80000001
[    0.006913] CPU2: thread -1, cpu 2, socket 0, mpidr 80000002
[    0.011911] CPU3: thread -1, cpu 3, socket 0, mpidr 80000003
[    0.016635] Brought up 4 CPUs
[    0.016642] SMP: Total of 4 processors activated (96.00 BogoMIPS).
[    0.016645] CPU: All CPU(s) started in SVC mode.
[    0.017181] devtmpfs: initialized
[    0.023443] VFP support v0.3: implementor 41 architecture 4 part 30 variant f rev 0
[    0.023712] clocksource: jiffies: mask: 0xffffffff max_cycles: 0xffffffff, max_idle_ns: 9556302231375000 ns
[    0.024238] pinctrl core: initialized pinctrl subsystem
[    0.024903] NET: Registered protocol family 16
[    0.025572] DMA: preallocated 256 KiB pool for atomic coherent allocations
[    0.036668] cpuidle: using governor menu
[    0.043011] No ATAGs?
[    0.043024] hw-breakpoint: found 5 (+1 reserved) breakpoint and 4 watchpoint registers.
[    0.043028] hw-breakpoint: maximum watchpoint size is 8 bytes.
[    0.045118] Serial: AMBA PL011 UART driver
[    0.046086] tegra-mc 70019000.memory-controller: no memory timings for RAM code 0 registered
[    0.063414] +5V_SYS: supplied by +VDD_MUX
[    0.063520] +3.3V_SYS: supplied by +VDD_MUX
[    0.063743] +VDD_LED: Failed to request enable GPIO122: -517
[    0.063748] reg-fixed-voltage regulators:regulator@5: Failed to register regulator: -517
[    0.063779] +5V_VDD_TS_SW: Failed to request enable GPIO81: -517
[    0.063783] reg-fixed-voltage regulators:regulator@6: Failed to register regulator: -517
[    0.063813] +5V_USB_HS: Failed to request enable GPIO108: -517
[    0.063817] reg-fixed-voltage regulators:regulator@7: Failed to register regulator: -517
[    0.063847] +5V_USB_SS: Failed to request enable GPIO109: -517
[    0.063851] reg-fixed-voltage regulators:regulator@8: Failed to register regulator: -517
[    0.063931] +1.05V_RUN_AVDD_HDMI_PLL: Failed to request enable GPIO63: -517
[    0.063935] reg-fixed-voltage regulators:regulator@11: Failed to register regulator: -517
[    0.063964] +5V_HDMI_CON: Failed to request enable GPIO86: -517
[    0.063968] reg-fixed-voltage regulators:regulator@12: Failed to register regulator: -517
[    0.065091] vgaarb: loaded
[    0.065376] SCSI subsystem initialized
[    0.065441] libata version 3.00 loaded.
[    0.065540] usbcore: registered new interface driver usbfs
[    0.065563] usbcore: registered new interface driver hub
[    0.065590] usbcore: registered new device driver usb
[    0.066991] pps_core: LinuxPPS API ver. 1 registered
[    0.066996] pps_core: Software ver. 5.3.6 - Copyright 2005-2007 Rodolfo Giometti <giometti@linux.it>
[    0.067004] PTP clock support registered
[    0.067074] EDAC MC: Ver: 3.0.0
[    0.067507] tegra-emc 7001b000.emc: no memory timings for RAM code 0 found in DT
[    0.067516] tegra-emc: probe of 7001b000.emc failed with error -2
[    0.067997] clocksource: Switched to clocksource arch_sys_counter
[    0.071639] NET: Registered protocol family 2
[    0.071849] TCP established hash table entries: 8192 (order: 3, 32768 bytes)
[    0.071882] TCP bind hash table entries: 8192 (order: 4, 65536 bytes)
[    0.071945] TCP: Hash tables configured (established 8192 bind 8192)
[    0.071967] UDP hash table entries: 512 (order: 2, 16384 bytes)
[    0.071981] UDP-Lite hash table entries: 512 (order: 2, 16384 bytes)
[    0.072042] NET: Registered protocol family 1
[    0.072145] RPC: Registered named UNIX socket transport module.
[    0.072149] RPC: Registered udp transport module.
[    0.072151] RPC: Registered tcp transport module.
[    0.072154] RPC: Registered tcp NFSv4.1 backchannel transport module.
[    0.072158] PCI: CLS 0 bytes, default 64
[    0.072602] hw perfevents: enabled with armv7_cortex_a15 PMU driver, 7 counters available
[    0.073155] futex hash table entries: 1024 (order: 4, 65536 bytes)
[    0.073434] workingset: timestamp_bits=28 max_order=19 bucket_order=0
[    0.077208] squashfs: version 4.0 (2009/01/31) Phillip Lougher
[    0.077508] NFS: Registering the id_resolver key type
[    0.077521] Key type id_resolver registered
[    0.077525] Key type id_legacy registered
[    0.077541] ntfs: driver 2.1.32 [Flags: R/O].
[    0.078029] bounce: pool size: 64 pages
[    0.078102] Block layer SCSI generic (bsg) driver version 0.4 loaded (major 248)
[    0.078107] io scheduler noop registered
[    0.078109] io scheduler deadline registered
[    0.078120] io scheduler cfq registered (default)
[    0.080032] tegra-xusb-padctl 7009f000.padctl: failed to setup XUSB ports: -517
[    0.088878] tegra-apbdma 60020000.dma: Tegra20 APB DMA driver register 32 channels
[    0.089569] tegra-pmc 7000e400.pmc: i2c-thermtrip node not found, emergency thermal reset disabled.
[    0.110669] Serial: 8250/16550 driver, 4 ports, IRQ sharing disabled
[    0.111807] console [ttyS0] disabled
[    0.111823] 70006000.serial: ttyS0 at MMIO 0x70006000 (irq = 331, base_baud = 25500000) is a Tegra
[    0.964719] console [ttyS0] enabled
[    0.968508] SuperH (H)SCI(F) driver initialized
[    0.973392] msm_serial: driver initialized
[    0.977542] STMicroelectronics ASC driver initialized
[    0.984025] [drm] Initialized drm 1.1.0 20060810
[    0.990055] tegra-hdmi 54280000.hdmi: failed to get HDMI regulator
[    0.996606] tegra-dpaux 545c0000.dpaux: failed to get VDD supply: -517
[    1.003822] panel supply power not found, using dummy regulator
[    1.013514] brd: module loaded
[    1.018654] loop: module loaded
[    1.022690] as3722 4-0040: AS3722 with revision 0x1 found
[    1.032407] as3722-sd2: supplied by +5V_SYS
[    1.036854] as3722-sd3: supplied by +5V_SYS
[    1.041192] +1.35V_LP0(sd3): Bringing 0uV into 1350000-1350000uV
[    1.047380] as3722-sd4: supplied by +5V_SYS
[    1.051715] +1.05V_RUN: Bringing 0uV into 1050000-1050000uV
[    1.057461] as3722-sd5: supplied by +5V_SYS
[    1.063060] as3722-ldo0: supplied by +1.35V_LP0(sd2)
[    1.068794] +1.8V_RUN_CAM: Bringing 0uV into 1800000-1800000uV
[    1.074821] as3722-ldo2: supplied by +1.8V_VDDIO
[    1.080441] as3722-ldo3: supplied by +3.3V_SYS
[    1.084891] +1.00V_LP0_VDD_RTC: Bringing 1100000uV into 1000000-1000000uV
[    1.092469] as3722-ldo4: supplied by +3.3V_SYS
[    1.097067] +3.3V_RUN_CAM: Bringing 0uV into 2800000-2800000uV
[    1.103095] as3722-ldo5: supplied by +1.8V_VDDIO
[    1.107857] +1.2V_RUN_CAM_FRONT: Bringing 0uV into 1200000-1200000uV
[    1.114549] +VDDIO_SDMMC3: Bringing 0uV into 1800000-1800000uV
[    1.120582] as3722-ldo7: supplied by +1.8V_VDDIO
[    1.125352] +1.05V_RUN_CAM_REAR: Bringing 0uV into 1050000-1050000uV
[    1.131917] as3722-ldo9: supplied by +5V_SYS
[    1.136481] +2.8V_RUN_TOUCH: Bringing 0uV into 2800000-2800000uV
[    1.142689] as3722-ldo10: supplied by +5V_SYS
[    1.147196] +2.8V_RUN_CAM_AF: Bringing 0uV into 2800000-2800000uV
[    1.153642] +1.8V_RUN_VPP_FUSE: Bringing 0uV into 1800000-1800000uV
[    1.171900] m25p80 spi32765.0: w25q32dw (4096 Kbytes)
[    1.178202] libphy: Fixed MDIO Bus: probed
[    1.182528] CAN device driver interface
[    1.187074] igb: Intel(R) Gigabit Ethernet Network Driver - version 5.3.0-k
[    1.194024] igb: Copyright (c) 2007-2014 Intel Corporation.
[    1.200743] pegasus: v0.9.3 (2013/04/25), Pegasus/Pegasus II USB Ethernet driver
[    1.208153] usbcore: registered new interface driver pegasus
[    1.213823] usbcore: registered new interface driver asix
[    1.219226] usbcore: registered new interface driver ax88179_178a
[    1.225322] usbcore: registered new interface driver cdc_ether
[    1.231165] usbcore: registered new interface driver smsc75xx
[    1.236921] usbcore: registered new interface driver smsc95xx
[    1.242670] usbcore: registered new interface driver net1080
[    1.248336] usbcore: registered new interface driver cdc_subset
[    1.254260] usbcore: registered new interface driver zaurus
[    1.259849] usbcore: registered new interface driver cdc_ncm
[    1.266220] ehci_hcd: USB 2.0 'Enhanced' Host Controller (EHCI) Driver
[    1.272739] ehci-pci: EHCI PCI platform driver
[    1.277189] ehci-platform: EHCI generic platform driver
[    1.282478] ehci-omap: OMAP-EHCI Host Controller driver
[    1.287746] ehci-orion: EHCI orion driver
[    1.291799] SPEAr-ehci: EHCI SPEAr driver
[    1.295856] ehci-st: EHCI STMicroelectronics driver
[    1.300777] ehci-exynos: EHCI EXYNOS driver
[    1.305010] ehci-atmel: EHCI Atmel driver
[    1.309063] tegra-ehci: Tegra EHCI driver
[    1.313131] ohci_hcd: USB 1.1 'Open' Host Controller (OHCI) Driver
[    1.319305] ohci-pci: OHCI PCI platform driver
[    1.323756] ohci-platform: OHCI generic platform driver
[    1.329031] ohci-omap3: OHCI OMAP3 driver
[    1.333083] SPEAr-ohci: OHCI SPEAr driver
[    1.337130] ohci-st: OHCI STMicroelectronics driver
[    1.342049] ohci-atmel: OHCI Atmel driver
[    1.346323] usbcore: registered new interface driver usb-storage
[    1.352917] mousedev: PS/2 mouse device common for all mice
[    1.358938] 1-0015 supply vcc not found, using dummy regulator
[    1.360756] as3722-rtc as3722-rtc: rtc core: registered as3722-rtc as rtc0
[    1.360760] as3722-rtc as3722-rtc: RTC interrupt 370
[    1.363018] tegra_rtc 7000e000.rtc: rtc core: registered 7000e000.rtc as rtc1
[    1.363040] tegra_rtc 7000e000.rtc: Tegra internal Real Time Clock
[    1.363324] i2c /dev entries driver
[    1.366662] 0-004c supply vcc not found, using dummy regulator
[    1.401874] sdhci: Secure Digital Host Controller Interface driver
[    1.408047] sdhci: Copyright(c) Pierre Ossman
[    1.412952] Synopsys Designware Multimedia Card Interface Driver
[    1.419347] sdhci-pltfm: SDHCI platform and OF driver helper
[    1.425291] sdhci-tegra 700b0000.sdhci: allocated mmc-pwrseq
[    1.430955] mmc0: Unknown controller version (3). You may experience problems.
[    1.438314] sdhci-tegra 700b0400.sdhci: Got CD GPIO
[    1.443190] sdhci-tegra 700b0400.sdhci: Got WP GPIO
[    1.448079] mmc0: Unknown controller version (3). You may experience problems.
[    1.455403] mmc0: Unknown controller version (3). You may experience problems.
[    1.462642] mmc0: Invalid maximum block size, assuming 512 bytes
[    1.503010] mmc0: SDHCI controller on 700b0600.sdhci [700b0600.sdhci] using ADMA 64-bit
[    1.511606] ledtrig-cpu: registered to indicate activity on CPUs
[    1.517736] usbcore: registered new interface driver usbhid
[    1.523306] usbhid: USB HID core driver
[    1.529222] NET: Registered protocol family 10
[    1.533967] sit: IPv6 over IPv4 tunneling driver
[    1.538904] NET: Registered protocol family 17
[    1.543354] can: controller area network core (rev 20120528 abi 9)
[    1.549556] NET: Registered protocol family 29
[    1.553998] can: raw protocol (rev 20120528)
[    1.558268] can: broadcast manager protocol (rev 20120528 t)
[    1.563928] can: netlink gateway (rev 20130117) max_hops=1
[    1.569566] Key type dns_resolver registered
[    1.574076] ThumbEE CPU extension supported.
[    1.578356] Registering SWP/SWPB emulation handler
[    1.585802] +3.3V_RUN: supplied by +3.3V_SYS
[    1.590703] +3.3V_AVDD_HDMI_AP_GATED: supplied by +3.3V_RUN
[    1.596386] +1.8V_RUN_CAM: supplied by +3.3V_RUN
[    1.601133] +VDDIO_SDMMC3: supplied by +3.3V_RUN
[    1.605862] +1.8V_RUN_VPP_FUSE: supplied by +3.3V_RUN
[    1.607387] input: Elan Touchpad as /devices/soc0/7000c400.i2c/i2c-1/1-0015/input/input0
[    1.619296] +VDD_LED: supplied by +VDD_MUX
[    1.623824] +5V_VDD_TS_SW: supplied by +5V_SYS
[    1.628634] +5V_USB_HS: supplied by +5V_SYS
[    1.632980] +5V_USB_SS: supplied by +5V_SYS
[    1.637924] +3.3V_PANEL: supplied by +3.3V_RUN
[    1.643415] +3.3V_LP0: supplied by +3.3V_SYS
[    1.644569] mmc0: new high speed MMC card at address 0001
[    1.645311] mmcblk0: mmc0:0001 MMC16G 14.4 GiB 
[    1.645739] mmcblk0boot0: mmc0:0001 MMC16G partition 1 2.00 MiB
[    1.645986] mmcblk0boot1: mmc0:0001 MMC16G partition 2 2.00 MiB
[    1.646631] mmcblk0rpmb: mmc0:0001 MMC16G partition 3 128 KiB
[    1.652541]  mmcblk0: p1 p2 p3 p4 p5 p6 p7 p8 p9 p10 p11 p12
[    1.681551] +1.05V_RUN_AVDD_HDMI_PLL: supplied by +1.05V_RUN
[    1.681816] elan_i2c 1-0015: failed to read report data: -121
[    1.682175] elan_i2c 1-0015: failed to read report data: -121
[    1.699079] +5V_HDMI_CON: supplied by +5V_SYS
[    1.704316] usb3-0 supply vbus not found, using dummy regulator
[    1.710339] usb3-1 supply vbus not found, using dummy regulator
[    1.719702] tegra-sor 54540000.sor: failed to probe output: -517
[    1.726451] panel supply power not found, using dummy regulator
[    1.733629] sdhci-tegra 700b0000.sdhci: allocated mmc-pwrseq
[    1.739329] mmc1: Unknown controller version (3). You may experience problems.
[    1.746795] mmc1: Invalid maximum block size, assuming 512 bytes
[    1.753077] +1.8V_VDDIO: voltage operation not allowed
[    1.758230] mmc1: Switching to 3.3V signalling voltage failed
[    1.793087] mmc1: SDHCI controller on 700b0000.sdhci [700b0000.sdhci] using ADMA 64-bit
[    1.801835] sdhci-tegra 700b0400.sdhci: Got CD GPIO
[    1.806735] sdhci-tegra 700b0400.sdhci: Got WP GPIO
[    1.811648] mmc2: Unknown controller version (3). You may experience problems.
[    1.819067] mmc2: Invalid maximum block size, assuming 512 bytes
[    1.840058] elan_i2c 1-0015: invalid report id data (ff)
[    1.859133] mmc2: SDHCI controller on 700b0400.sdhci [700b0400.sdhci] using ADMA 64-bit
[    1.887026] mmc1: new high speed SDIO card at address 0001
[    1.961987] [drm] Supports vblank timestamp caching Rev 2 (21.10.2013).
[    1.968612] [drm] No driver support for vblank timestamp query.
[    2.015573] mmc2: new high speed SDHC card at address 0007
[    2.016026] mmcblk2: mmc2:0007 SD08G 7.42 GiB 
[    2.024707] GPT:Primary header alternate_lba != Alt. header my_lba
[    2.024711] GPT:3014591 != 15564799
[    2.024712] GPT:Primary header thinks Alt. header is not at the end of the disk.
[    2.024713] GPT:3014591 != 15564799
[    2.024714] GPT: Use GNU Parted to correct GPT errors.
[    2.024743]  mmcblk2: p1 p2 p3 p4 p5 p6 p7 p8 p9 p10 p11 p12
[    2.030342] Console: switching to colour frame buffer device 170x48
[    2.081789] drm drm: fb0:  frame buffer device
[    2.103085] [drm] Initialized tegra 0.0.0 20120330 on minor 0
[    2.109852] input: gpio-keys as /devices/soc0/gpio-keys/input/input1
[    2.116806] as3722-rtc as3722-rtc: setting system clock to 2000-01-01 00:00:23 UTC (946684823)
[    2.129480] +1.8V_RUN_CAM: disabling
[    2.133288] +3.3V_RUN_CAM: disabling
[    2.137061] +1.2V_RUN_CAM_FRONT: disabling
[    2.141378] +1.05V_RUN_CAM_REAR: disabling
[    2.145701] +2.8V_RUN_TOUCH: disabling
[    2.149670] +2.8V_RUN_CAM_AF: disabling
[    2.153689] +1.8V_RUN_VPP_FUSE: disabling
[    2.157801] +5V_VDD_TS_SW: disabling
[    2.161400] +5V_USB_HS: disabling
[    2.164711] +5V_USB_SS: disabling
[    2.169023] EXT4-fs (mmcblk0p3): couldn't mount as ext3 due to feature incompatibilities
[    2.177572] EXT4-fs (mmcblk0p3): couldn't mount as ext2 due to feature incompatibilities
[    2.643156] EXT4-fs (mmcblk0p3): recovery complete
[    2.648680] EXT4-fs (mmcblk0p3): mounted filesystem with ordered data mode. Opts: (null)
[    2.656805] VFS: Mounted root (ext4 filesystem) on device 179:3.
[    2.663437] devtmpfs: mounted
[    2.667101] Freeing unused kernel memory: 2048K (c1100000 - c1300000)
bash: cannot set terminal process group (-1): Inappropriate ioctl for device
bash: no job control in this shell
root@(none):/# 