Diff for ./tegra114-dalmore-a04/tegra114-dalmore/multi_v7_defconfig_log.txt
--- /tmp/fooa	2014-03-09 21:51:15.762239691 -0700
+++ /tmp/foob	2014-03-09 21:51:15.766239692 -0700
@@ -35,21 +35,21 @@
 	 #################################################################
 	 #################################################################
 	 #################################################################
-	 ###############################################
-	 3.3 MiB/s
+	 ################################################
+	 3.4 MiB/s
 done
-Bytes transferred = 4506752 (44c480 hex)
+Bytes transferred = 4507776 (44c880 hex)
 Tegra114 (Dalmore) # tftpboot 0x82000000 tegra114-dalmore.dtb
 Using asx0 device
 TFTP from server 192.168.100.1; our IP address is 192.168.100.100
 Filename 'tegra114-dalmore.dtb'.
 Load address: 0x82000000
 Loading: *###
-	 3 MiB/s
+	 3.2 MiB/s
 done
 Bytes transferred = 34059 (850b hex)
 Tegra114 (Dalmore) # bootz 0x81000000 - 0x82000000
-Kernel image @ 0x81000000 [ 0x000000 - 0x44c480 ]
+Kernel image @ 0x81000000 [ 0x000000 - 0x44c880 ]
 ## Flattened Device Tree blob at 82000000
    Booting using the fdt blob at 0x82000000
    Loading Device Tree to 8fff4000, end 8ffff50a ... OK
@@ -57,7 +57,7 @@
 Starting kernel ...
 
 Booting Linux on physical CPU 0x0
-Linux version 3.14.0-rc5-50364-g0414855 (pwalmsley@kaivo) (gcc version 4.7.3 20130328 (prerelease) (crosstool-NG linaro-1.13.1-4.7-2013.04-20130415 - Linaro GCC 2013.04) ) #1 SMP Sun Mar 2 19:33:17 PST 2014
+Linux version 3.14.0-rc6-50714-gfa389e2 (pwalmsley@kaivo) (gcc version 4.7.3 20130328 (prerelease) (crosstool-NG linaro-1.13.1-4.7-2013.04-20130415 - Linaro GCC 2013.04) ) #1 SMP Sun Mar 9 21:33:22 PDT 2014
 CPU: ARMv7 Processor [412fc0f2] revision 2 (ARMv7), cr=10c5387d
 CPU: PIPT / VIPT nonaliasing data cache, PIPT instruction cache
 Machine model: NVIDIA Tegra114 Dalmore evaluation board
@@ -65,7 +65,7 @@
 cma: CMA: reserved 16 MiB at ae800000
 Memory policy: Data cache writealloc
 On node 0 totalpages: 524032
-free_area_init_node: node 0, pgdat c0934dc0, node_mem_map ed7f1000
+free_area_init_node: node 0, pgdat c0934fc0, node_mem_map ed7f1000
   DMA zone: 1520 pages used for memmap
   DMA zone: 0 pages reserved
   DMA zone: 194560 pages, LIFO batch:31
@@ -88,10 +88,10 @@
     lowmem  : 0xc0000000 - 0xef800000   ( 760 MB)
     pkmap   : 0xbfe00000 - 0xc0000000   (   2 MB)
     modules : 0xbf000000 - 0xbfe00000   (  14 MB)
-      .text : 0xc0008000 - 0xc0805f9c   (8184 kB)
+      .text : 0xc0008000 - 0xc0805fe8   (8184 kB)
       .init : 0xc0806000 - 0xc0886000   ( 512 kB)
-      .data : 0xc0886000 - 0xc0936940   ( 707 kB)
-       .bss : 0xc0936948 - 0xc097da80   ( 285 kB)
+      .data : 0xc0886000 - 0xc0936b40   ( 707 kB)
+       .bss : 0xc0936b48 - 0xc097dc40   ( 285 kB)
 SLUB: HWalign=64, Order=0-3, MinObjects=0, CPUs=4, Nodes=1
 Hierarchical RCU implementation.
 NR_IRQS:16 nr_irqs:16 16
@@ -109,7 +109,7 @@
 /cpus/cpu@2 missing clock-frequency property
 /cpus/cpu@3 missing clock-frequency property
 CPU0: thread -1, cpu 0, socket 0, mpidr 80000000
-Setting up static identity map for 0x805857a8 - 0x80585840
+Setting up static identity map for 0x80585d78 - 0x80585e10
 unable to find compatible sirf rstc node in dtb
 CPU1: Booted secondary processor
 CPU1: thread -1, cpu 1, socket 0, mpidr 80000001
@@ -326,6 +326,7 @@
 NET: Registered protocol family 17
 Key type dns_resolver registered
 Registering SWP/SWPB emulation handler
+regulator-dummy: disabling
 dvdd_ts: 1800 mV 
 usb1_vbus: 5000 mV 
 usb1_vbus: supplied by vdd-sys-5v0
@@ -348,7 +349,7 @@
 hub 1-0:1.0: USB hub found
 hub 1-0:1.0: 1 port detected
 input: gpio-keys.3 as /devices/soc0/gpio-keys.3/input/input1
-palmas-rtc rtc.8: setting system clock to 2000-01-16 18:45:07 UTC (948048307)
+palmas-rtc rtc.8: setting system clock to 2000-01-23 19:45:26 UTC (948656726)
 spear_cpufreq: Invalid cpufreq_tbl
 ALSA device list:
   #0: NVIDIA Tegra Dalmore
Diff for ./tegra114-dalmore-a04/tegra114-dalmore/tegra_defconfig_log.txt
--- /tmp/fooa	2014-03-09 21:51:15.786239698 -0700
+++ /tmp/foob	2014-03-09 21:51:15.790239700 -0700
@@ -36,9 +36,9 @@
 	 #################################################################
 	 #################################################################
 	 #############################
-	 3.3 MiB/s
+	 3.5 MiB/s
 done
-Bytes transferred = 4230616 (408dd8 hex)
+Bytes transferred = 4240280 (40b398 hex)
 Tegra114 (Dalmore) # tftpboot 0x82000000 tegra114-dalmore.dtb
 Using asx0 device
 TFTP from server 192.168.100.1; our IP address is 192.168.100.100
@@ -49,7 +49,7 @@
 done
 Bytes transferred = 34059 (850b hex)
 Tegra114 (Dalmore) # bootz 0x81000000 - 0x82000000
-Kernel image @ 0x81000000 [ 0x000000 - 0x408dd8 ]
+Kernel image @ 0x81000000 [ 0x000000 - 0x40b398 ]
 ## Flattened Device Tree blob at 82000000
    Booting using the fdt blob at 0x82000000
    Loading Device Tree to 8fff4000, end 8ffff50a ... OK
@@ -60,7 +60,7 @@
 Booting Linux on physical CPU 0x0
 Initializing cgroup subsys cpu
 Initializing cgroup subsys cpuacct
-Linux version 3.14.0-rc5-50364-g0414855 (pwalmsley@tamien) (gcc version 4.7.3 20130328 (prerelease) (crosstool-NG linaro-1.13.1-4.7-2013.04-20130415 - Linaro GCC 2013.04) ) #1 SMP PREEMPT Sun Mar 2 19:34:32 PST 2014
+Linux version 3.14.0-rc6-50714-gfa389e2 (pwalmsley@tamien) (gcc version 4.7.3 20130328 (prerelease) (crosstool-NG linaro-1.13.1-4.7-2013.04-20130415 - Linaro GCC 2013.04) ) #1 SMP PREEMPT Sun Mar 9 21:34:37 PDT 2014
 CPU: ARMv7 Processor [412fc0f2] revision 2 (ARMv7), cr=10c5387d
 CPU: PIPT / VIPT nonaliasing data cache, PIPT instruction cache
 Machine model: NVIDIA Tegra114 Dalmore evaluation board
@@ -68,7 +68,7 @@
 cma: CMA: reserved 16 MiB at ae800000
 Memory policy: Data cache writealloc
 On node 0 totalpages: 524032
-free_area_init_node: node 0, pgdat c0817c80, node_mem_map ed7f0000
+free_area_init_node: node 0, pgdat c081e1c0, node_mem_map ed7f0000
   Normal zone: 1520 pages used for memmap
   Normal zone: 0 pages reserved
   Normal zone: 194560 pages, LIFO batch:31
@@ -83,7 +83,7 @@
 PID hash table entries: 4096 (order: 2, 16384 bytes)
 Dentry cache hash table entries: 131072 (order: 7, 524288 bytes)
 Inode-cache hash table entries: 65536 (order: 6, 262144 bytes)
-Memory: 2053636K/2096128K available (5751K kernel code, 316K rwdata, 1936K rodata, 248K init, 340K bss, 42492K reserved, 1317888K highmem)
+Memory: 2053612K/2096128K available (5763K kernel code, 318K rwdata, 1944K rodata, 248K init, 340K bss, 42516K reserved, 1317888K highmem)
 Virtual kernel memory layout:
     vector  : 0xffff0000 - 0xffff1000   (   4 kB)
     fixmap  : 0xfff00000 - 0xfffe0000   ( 896 kB)
@@ -91,10 +91,10 @@
     lowmem  : 0xc0000000 - 0xef800000   ( 760 MB)
     pkmap   : 0xbfe00000 - 0xc0000000   (   2 MB)
     modules : 0xbf000000 - 0xbfe00000   (  14 MB)
-      .text : 0xc0008000 - 0xc078a064   (7689 kB)
-      .init : 0xc078b000 - 0xc07c93c0   ( 249 kB)
-      .data : 0xc07ca000 - 0xc08193e0   ( 317 kB)
-       .bss : 0xc08193ec - 0xc086e758   ( 341 kB)
+      .text : 0xc0008000 - 0xc078f360   (7709 kB)
+      .init : 0xc0790000 - 0xc07ce3c0   ( 249 kB)
+      .data : 0xc07d0000 - 0xc081f920   ( 319 kB)
+       .bss : 0xc081f92c - 0xc0874cd8   ( 341 kB)
 Preemptible hierarchical RCU implementation.
 NR_IRQS:16 nr_irqs:16 16
 sched_clock: 32 bits at 1000kHz, resolution 1000ns, wraps every 2147483648000ns
@@ -113,7 +113,7 @@
 /cpus/cpu@2 missing clock-frequency property
 /cpus/cpu@3 missing clock-frequency property
 CPU0: thread -1, cpu 0, socket 0, mpidr 80000000
-Setting up static identity map for 0x80573d58 - 0x80573df0
+Setting up static identity map for 0x80576d20 - 0x80576db8
 CPU1: Booted secondary processor
 CPU1: thread -1, cpu 1, socket 0, mpidr 80000001
 CPU2: Booted secondary processor
@@ -250,7 +250,7 @@
 futex hash table entries: 1024 (order: 4, 65536 bytes)
 bounce pool size: 64 pages
 squashfs: version 4.0 (2009/01/31) Phillip Lougher
-msgmni has been set to 1469
+msgmni has been set to 1468
 io scheduler noop registered (default)
 tegra-apbdma 6000a000.dma: Tegra20 APB DMA driver register 32 channels
 Serial: 8250/16550 driver, 4 ports, IRQ sharing disabled
@@ -328,6 +328,7 @@
 Bluetooth: HIDP (Human Interface Emulation) ver 1.2
 Bluetooth: HIDP socket layer initialized
 Registering SWP/SWPB emulation handler
+regulator-dummy: disabling
 dvdd_ts: 1800 mV 
 usb1_vbus: 5000 mV 
 usb1_vbus: supplied by vdd-sys-5v0
@@ -350,7 +351,7 @@
 hub 1-0:1.0: USB hub found
 hub 1-0:1.0: 1 port detected
 input: gpio-keys.3 as /devices/soc0/gpio-keys.3/input/input1
-palmas-rtc rtc.8: setting system clock to 2000-01-16 18:46:04 UTC (948048364)
+palmas-rtc rtc.8: setting system clock to 2000-01-23 19:46:24 UTC (948656784)
 ALSA device list:
   #0: NVIDIA Tegra Dalmore
 kjournald starting.  Commit interval 5 seconds
@@ -359,7 +360,7 @@
 EXT3-fs (mmcblk0p1): mounted filesystem with writeback data mode
 VFS: Mounted root (ext3 filesystem) on device 179:1.
 devtmpfs: mounted
-Freeing unused kernel memory: 248K (c078b000 - c07c9000)
+Freeing unused kernel memory: 248K (c0790000 - c07ce000)
 bash: cannot set terminal process group (-1): Inappropriate ioctl for device
 bash: no job control in this shell
-root@(none):/# [    2.772354] usb 1-1: new high-speed USB device number 2 using tegra-ehci
+root@(none):/# [    2.799581] usb 1-1: new high-speed USB device number 2 using tegra-ehci
Diff for ./tegra30-beaver/tegra30-beaver/multi_v7_defconfig_log.txt
--- /tmp/fooa	2014-03-09 21:51:15.806239705 -0700
+++ /tmp/foob	2014-03-09 21:51:15.814239707 -0700
@@ -35,10 +35,10 @@
 	 #################################################################
 	 #################################################################
 	 #################################################################
-	 ###############################################
+	 ################################################
 	 3.3 MiB/s
 done
-Bytes transferred = 4506752 (44c480 hex)
+Bytes transferred = 4507776 (44c880 hex)
 Tegra30 (Beaver) # tftpboot 0x82000000 tegra30-beaver.dtb
 Using asx0 device
 TFTP from server 192.168.100.1; our IP address is 192.168.100.101
@@ -49,7 +49,7 @@
 done
 Bytes transferred = 23852 (5d2c hex)
 Tegra30 (Beaver) # bootz 0x81000000 - 0x82000000
-Kernel image @ 0x81000000 [ 0x000000 - 0x44c480 ]
+Kernel image @ 0x81000000 [ 0x000000 - 0x44c880 ]
 ## Flattened Device Tree blob at 82000000
    Booting using the fdt blob at 0x82000000
    Loading Device Tree to 8fff7000, end 8ffffd2b ... OK
@@ -57,7 +57,7 @@
 Starting kernel ...
 
 Booting Linux on physical CPU 0x0
-Linux version 3.14.0-rc5-50364-g0414855 (pwalmsley@kaivo) (gcc version 4.7.3 20130328 (prerelease) (crosstool-NG linaro-1.13.1-4.7-2013.04-20130415 - Linaro GCC 2013.04) ) #1 SMP Sun Mar 2 19:33:17 PST 2014
+Linux version 3.14.0-rc6-50714-gfa389e2 (pwalmsley@kaivo) (gcc version 4.7.3 20130328 (prerelease) (crosstool-NG linaro-1.13.1-4.7-2013.04-20130415 - Linaro GCC 2013.04) ) #1 SMP Sun Mar 9 21:33:22 PDT 2014
 CPU: ARMv7 Processor [412fc099] revision 9 (ARMv7), cr=10c5387d
 CPU: PIPT / VIPT nonaliasing data cache, VIPT aliasing instruction cache
 Machine model: NVIDIA Tegra30 Beaver evaluation board
@@ -65,7 +65,7 @@
 cma: CMA: reserved 16 MiB at ae800000
 Memory policy: Data cache writealloc
 On node 0 totalpages: 524032
-free_area_init_node: node 0, pgdat c0934dc0, node_mem_map ed7f1000
+free_area_init_node: node 0, pgdat c0934fc0, node_mem_map ed7f1000
   DMA zone: 1520 pages used for memmap
   DMA zone: 0 pages reserved
   DMA zone: 194560 pages, LIFO batch:31
@@ -92,10 +92,10 @@
     lowmem  : 0xc0000000 - 0xef800000   ( 760 MB)
     pkmap   : 0xbfe00000 - 0xc0000000   (   2 MB)
     modules : 0xbf000000 - 0xbfe00000   (  14 MB)
-      .text : 0xc0008000 - 0xc0805f9c   (8184 kB)
+      .text : 0xc0008000 - 0xc0805fe8   (8184 kB)
       .init : 0xc0806000 - 0xc0886000   ( 512 kB)
-      .data : 0xc0886000 - 0xc0936940   ( 707 kB)
-       .bss : 0xc0936948 - 0xc097da80   ( 285 kB)
+      .data : 0xc0886000 - 0xc0936b40   ( 707 kB)
+       .bss : 0xc0936b48 - 0xc097dc40   ( 285 kB)
 SLUB: HWalign=64, Order=0-3, MinObjects=0, CPUs=4, Nodes=1
 Hierarchical RCU implementation.
 NR_IRQS:16 nr_irqs:16 16
@@ -106,7 +106,7 @@
 Mount-cache hash table entries: 512
 CPU: Testing write buffer coherency: ok
 CPU0: thread -1, cpu 0, socket 0, mpidr 80000000
-Setting up static identity map for 0x805857a8 - 0x80585840
+Setting up static identity map for 0x80585d78 - 0x80585e10
 unable to find compatible sirf rstc node in dtb
 CPU1: Booted secondary processor
 CPU1: thread -1, cpu 1, socket 0, mpidr 80000001
@@ -277,6 +277,8 @@
 Key type dns_resolver registered
 Registering SWP/SWPB emulation handler
 vdd_sata,avdd_plle: disabling
+usb1_vbus: disabling
+regulator-dummy: disabling
 chargepump_5v: 5000 mV 
 vdd_ddr: 1500 mV 
 vdd_ddr: supplied by vdd_5v_in
@@ -356,4 +358,4 @@
 usb 1-1: new high-speed USB device number 2 using tegra-ehci
 bash: cannot set terminal process group (-1): Inappropriate ioctl for device
 bash: no job control in this shell
-root@(none):/# [    4.513818] asix 1-1:1.0 eth1: register 'asix' at usb-7d008000.usb-1, ASIX AX88772 USB 2.0 Ethernet, 00:50:b6:0f:68:6d
+root@(none):/# [    4.574431] asix 1-1:1.0 eth1: register 'asix' at usb-7d008000.usb-1, ASIX AX88772 USB 2.0 Ethernet, 00:50:b6:0f:68:6d
Diff for ./tegra30-beaver/tegra30-beaver/tegra_defconfig_log.txt
--- /tmp/fooa	2014-03-09 21:51:15.842239716 -0700
+++ /tmp/foob	2014-03-09 21:51:15.846239717 -0700
@@ -38,18 +38,18 @@
 	 #############################
 	 3.5 MiB/s
 done
-Bytes transferred = 4230616 (408dd8 hex)
+Bytes transferred = 4240280 (40b398 hex)
 Tegra30 (Beaver) # tftpboot 0x82000000 tegra30-beaver.dtb
 Using asx0 device
 TFTP from server 192.168.100.1; our IP address is 192.168.100.101
 Filename 'tegra30-beaver.dtb'.
 Load address: 0x82000000
 Loading: *##
-	 2.8 MiB/s
+	 3.2 MiB/s
 done
 Bytes transferred = 23852 (5d2c hex)
 Tegra30 (Beaver) # bootz 0x81000000 - 0x82000000
-Kernel image @ 0x81000000 [ 0x000000 - 0x408dd8 ]
+Kernel image @ 0x81000000 [ 0x000000 - 0x40b398 ]
 ## Flattened Device Tree blob at 82000000
    Booting using the fdt blob at 0x82000000
    Loading Device Tree to 8fff7000, end 8ffffd2b ... OK
@@ -60,7 +60,7 @@
 Booting Linux on physical CPU 0x0
 Initializing cgroup subsys cpu
 Initializing cgroup subsys cpuacct
-Linux version 3.14.0-rc5-50364-g0414855 (pwalmsley@tamien) (gcc version 4.7.3 20130328 (prerelease) (crosstool-NG linaro-1.13.1-4.7-2013.04-20130415 - Linaro GCC 2013.04) ) #1 SMP PREEMPT Sun Mar 2 19:34:32 PST 2014
+Linux version 3.14.0-rc6-50714-gfa389e2 (pwalmsley@tamien) (gcc version 4.7.3 20130328 (prerelease) (crosstool-NG linaro-1.13.1-4.7-2013.04-20130415 - Linaro GCC 2013.04) ) #1 SMP PREEMPT Sun Mar 9 21:34:37 PDT 2014
 CPU: ARMv7 Processor [412fc099] revision 9 (ARMv7), cr=10c5387d
 CPU: PIPT / VIPT nonaliasing data cache, VIPT aliasing instruction cache
 Machine model: NVIDIA Tegra30 Beaver evaluation board
@@ -68,7 +68,7 @@
 cma: CMA: reserved 16 MiB at ae800000
 Memory policy: Data cache writealloc
 On node 0 totalpages: 524032
-free_area_init_node: node 0, pgdat c0817c80, node_mem_map ed7f0000
+free_area_init_node: node 0, pgdat c081e1c0, node_mem_map ed7f0000
   Normal zone: 1520 pages used for memmap
   Normal zone: 0 pages reserved
   Normal zone: 194560 pages, LIFO batch:31
@@ -87,7 +87,7 @@
 PID hash table entries: 4096 (order: 2, 16384 bytes)
 Dentry cache hash table entries: 131072 (order: 7, 524288 bytes)
 Inode-cache hash table entries: 65536 (order: 6, 262144 bytes)
-Memory: 2053668K/2096128K available (5751K kernel code, 316K rwdata, 1936K rodata, 248K init, 340K bss, 42460K reserved, 1317888K highmem)
+Memory: 2053644K/2096128K available (5763K kernel code, 318K rwdata, 1944K rodata, 248K init, 340K bss, 42484K reserved, 1317888K highmem)
 Virtual kernel memory layout:
     vector  : 0xffff0000 - 0xffff1000   (   4 kB)
     fixmap  : 0xfff00000 - 0xfffe0000   ( 896 kB)
@@ -95,10 +95,10 @@
     lowmem  : 0xc0000000 - 0xef800000   ( 760 MB)
     pkmap   : 0xbfe00000 - 0xc0000000   (   2 MB)
     modules : 0xbf000000 - 0xbfe00000   (  14 MB)
-      .text : 0xc0008000 - 0xc078a064   (7689 kB)
-      .init : 0xc078b000 - 0xc07c93c0   ( 249 kB)
-      .data : 0xc07ca000 - 0xc08193e0   ( 317 kB)
-       .bss : 0xc08193ec - 0xc086e758   ( 341 kB)
+      .text : 0xc0008000 - 0xc078f360   (7709 kB)
+      .init : 0xc0790000 - 0xc07ce3c0   ( 249 kB)
+      .data : 0xc07d0000 - 0xc081f920   ( 319 kB)
+       .bss : 0xc081f92c - 0xc0874cd8   ( 341 kB)
 Preemptible hierarchical RCU implementation.
 NR_IRQS:16 nr_irqs:16 16
 sched_clock: 32 bits at 1000kHz, resolution 1000ns, wraps every 2147483648000ns
@@ -110,7 +110,7 @@
 Initializing cgroup subsys freezer
 CPU: Testing write buffer coherency: ok
 CPU0: thread -1, cpu 0, socket 0, mpidr 80000000
-Setting up static identity map for 0x80573d58 - 0x80573df0
+Setting up static identity map for 0x80576d20 - 0x80576db8
 CPU1: Booted secondary processor
 CPU1: thread -1, cpu 1, socket 0, mpidr 80000001
 CPU2: Booted secondary processor
@@ -280,6 +280,8 @@
 Bluetooth: HIDP socket layer initialized
 Registering SWP/SWPB emulation handler
 vdd_sata,avdd_plle: disabling
+usb1_vbus: disabling
+regulator-dummy: disabling
 chargepump_5v: 5000 mV 
 vdd_ddr: 1500 mV 
 vdd_ddr: supplied by vdd_5v_in
@@ -358,8 +360,8 @@
 EXT3-fs (mmcblk0p1): mounted filesystem with writeback data mode
 VFS: Mounted root (ext3 filesystem) on device 179:1.
 devtmpfs: mounted
-Freeing unused kernel memory: 248K (c078b000 - c07c9000)
+Freeing unused kernel memory: 248K (c0790000 - c07ce000)
 usb 1-1: new high-speed USB device number 2 using tegra-ehci
 bash: cannot set terminal process group (-1): Inappropriate ioctl for device
 bash: no job control in this shell
-root@(none):/# [    4.771380] asix 1-1:1.0 eth1: register 'asix' at usb-7d008000.usb-1, ASIX AX88772 USB 2.0 Ethernet, 00:50:b6:0f:68:6d
+root@(none):/# [    4.828822] asix 1-1:1.0 eth1: register 'asix' at usb-7d008000.usb-1, ASIX AX88772 USB 2.0 Ethernet, 00:50:b6:0f:68:6d
