Diff for ./tegra114-dalmore-a04/tegra114-dalmore/multi_v7_defconfig_log.txt
--- /tmp/fooa	2014-10-01 11:25:47.166106345 -0700
+++ /tmp/foob	2014-10-01 11:25:47.170106343 -0700
@@ -39,18 +39,18 @@
 	 ##########################
 	 3 MiB/s
 done
-Bytes transferred = 5149944 (4e94f8 hex)
+Bytes transferred = 5150624 (4e97a0 hex)
 Tegra114 (Dalmore) # tftpboot 0x82000000 tegra114-dalmore.dtb
 Using asx0 device
 TFTP from server 192.168.100.1; our IP address is 192.168.100.100
 Filename 'tegra114-dalmore.dtb'.
 Load address: 0x82000000
 Loading: *###
-	 2.5 MiB/s
+	 3 MiB/s
 done
 Bytes transferred = 34674 (8772 hex)
 Tegra114 (Dalmore) # bootz 0x81000000 - 0x82000000
-Kernel image @ 0x81000000 [ 0x000000 - 0x4e94f8 ]
+Kernel image @ 0x81000000 [ 0x000000 - 0x4e97a0 ]
 ## Flattened Device Tree blob at 82000000
    Booting using the fdt blob at 0x82000000
    Loading Device Tree to 8fff4000, end 8ffff771 ... OK
@@ -58,7 +58,7 @@
 Starting kernel ...
 
 Booting Linux on physical CPU 0x0
-Linux version 3.17.0-rc6-92667-g0f33be0 (pwalmsley@kaivo) (gcc version 4.7.3 20130328 (prerelease) (crosstool-NG linaro-1.13.1-4.7-2013.04-20130415 - Linaro GCC 2013.04) ) #1 SMP Wed Oct 1 10:50:40 PDT 2014
+Linux version 3.17.0-rc7-93005-gfe82dce (pwalmsley@kaivo) (gcc version 4.7.3 20130328 (prerelease) (crosstool-NG linaro-1.13.1-4.7-2013.04-20130415 - Linaro GCC 2013.04) ) #1 SMP Wed Oct 1 11:20:02 PDT 2014
 CPU: ARMv7 Processor [412fc0f2] revision 2 (ARMv7), cr=10c5387d
 CPU: PIPT / VIPT nonaliasing data cache, PIPT instruction cache
 Machine model: NVIDIA Tegra114 Dalmore evaluation board
@@ -88,7 +88,7 @@
     lowmem  : 0xc0000000 - 0xef800000   ( 760 MB)
     pkmap   : 0xbfe00000 - 0xc0000000   (   2 MB)
     modules : 0xbf000000 - 0xbfe00000   (  14 MB)
-      .text : 0xc0208000 - 0xc0b2a2b8   (9353 kB)
+      .text : 0xc0208000 - 0xc0b2a2d0   (9353 kB)
       .init : 0xc0b2b000 - 0xc0bd9100   ( 697 kB)
       .data : 0xc0bda000 - 0xc0cc0c40   ( 924 kB)
        .bss : 0xc0cc0c40 - 0xc0d0d158   ( 306 kB)
@@ -114,7 +114,7 @@
 /cpus/cpu@2 missing clock-frequency property
 /cpus/cpu@3 missing clock-frequency property
 CPU0: thread -1, cpu 0, socket 0, mpidr 80000000
-Setting up static identity map for 0x8084c738 - 0x8084c7d0
+Setting up static identity map for 0x8084c998 - 0x8084ca30
 Tegra Revision: A01 SKU: 0 CPU Process: 1 Core Process: 0
 CPU1: Booted secondary processor
 CPU1: thread -1, cpu 1, socket 0, mpidr 80000001
@@ -381,7 +381,7 @@
 hub 1-0:1.0: USB hub found
 hub 1-0:1.0: 1 port detected
 input: gpio-keys as /devices/soc0/gpio-keys/input/input1
-palmas-rtc 7000d000.i2c:tps65913@58:rtc: setting system clock to 2000-03-08 13:05:41 UTC (952520741)
+palmas-rtc 7000d000.i2c:tps65913@58:rtc: setting system clock to 2000-03-08 13:35:17 UTC (952522517)
 vdd_cam_1v8_reg: disabling
 vdd_hdmi_5v0: disabling
 usb1_vbus: disabling
@@ -396,4 +396,4 @@
 Freeing unused kernel memory: 696K (c0b2b000 - c0bd9000)
 bash: cannot set terminal process group (-1): Inappropriate ioctl for device
 bash: no job control in this shell
-root@(none):/# [    2.878373] usb 1-1: new high-speed USB device number 2 using tegra-ehci
+root@(none):/# [    2.878409] usb 1-1: new high-speed USB device number 2 using tegra-ehci
Diff for ./tegra114-dalmore-a04/tegra114-dalmore/tegra_defconfig_log.txt
--- /tmp/fooa	2014-10-01 11:25:47.174106341 -0700
+++ /tmp/foob	2014-10-01 11:25:47.178106339 -0700
@@ -36,9 +36,9 @@
 	 #################################################################
 	 #################################################################
 	 ####################################################
-	 3 MiB/s
+	 2.9 MiB/s
 done
-Bytes transferred = 4572216 (45c438 hex)
+Bytes transferred = 4571672 (45c218 hex)
 Tegra114 (Dalmore) # tftpboot 0x82000000 tegra114-dalmore.dtb
 Using asx0 device
 TFTP from server 192.168.100.1; our IP address is 192.168.100.100
@@ -49,7 +49,7 @@
 done
 Bytes transferred = 34674 (8772 hex)
 Tegra114 (Dalmore) # bootz 0x81000000 - 0x82000000
-Kernel image @ 0x81000000 [ 0x000000 - 0x45c438 ]
+Kernel image @ 0x81000000 [ 0x000000 - 0x45c218 ]
 ## Flattened Device Tree blob at 82000000
    Booting using the fdt blob at 0x82000000
    Loading Device Tree to 8fff4000, end 8ffff771 ... OK
@@ -60,7 +60,7 @@
 Booting Linux on physical CPU 0x0
 Initializing cgroup subsys cpu
 Initializing cgroup subsys cpuacct
-Linux version 3.17.0-rc6-92667-g0f33be0 (pwalmsley@tamien) (gcc version 4.7.3 20130328 (prerelease) (crosstool-NG linaro-1.13.1-4.7-2013.04-20130415 - Linaro GCC 2013.04) ) #1 SMP PREEMPT Wed Oct 1 10:50:19 PDT 2014
+Linux version 3.17.0-rc7-93005-gfe82dce (pwalmsley@tamien) (gcc version 4.7.3 20130328 (prerelease) (crosstool-NG linaro-1.13.1-4.7-2013.04-20130415 - Linaro GCC 2013.04) ) #1 SMP PREEMPT Wed Oct 1 11:20:32 PDT 2014
 CPU: ARMv7 Processor [412fc0f2] revision 2 (ARMv7), cr=10c5387d
 CPU: PIPT / VIPT nonaliasing data cache, PIPT instruction cache
 Machine model: NVIDIA Tegra114 Dalmore evaluation board
@@ -90,7 +90,7 @@
     lowmem  : 0xc0000000 - 0xef800000   ( 760 MB)
     pkmap   : 0xbfe00000 - 0xc0000000   (   2 MB)
     modules : 0xbf000000 - 0xbfe00000   (  14 MB)
-      .text : 0xc0008000 - 0xc0825ce0   (8312 kB)
+      .text : 0xc0008000 - 0xc0825ccc   (8312 kB)
       .init : 0xc0826000 - 0xc086a280   ( 273 kB)
       .data : 0xc086c000 - 0xc08c0c20   ( 340 kB)
        .bss : 0xc08c0c20 - 0xc091a340   ( 358 kB)
@@ -115,7 +115,7 @@
 /cpus/cpu@2 missing clock-frequency property
 /cpus/cpu@3 missing clock-frequency property
 CPU0: thread -1, cpu 0, socket 0, mpidr 80000000
-Setting up static identity map for 0x805ef4a0 - 0x805ef538
+Setting up static identity map for 0x805ef4f8 - 0x805ef590
 Tegra Revision: A01 SKU: 0 CPU Process: 1 Core Process: 0
 CPU1: Booted secondary processor
 CPU1: thread -1, cpu 1, socket 0, mpidr 80000001
@@ -375,7 +375,7 @@
 hub 1-0:1.0: USB hub found
 hub 1-0:1.0: 1 port detected
 input: gpio-keys as /devices/soc0/gpio-keys/input/input1
-palmas-rtc 7000d000.i2c:tps65913@58:rtc: setting system clock to 2000-03-08 13:05:12 UTC (952520712)
+palmas-rtc 7000d000.i2c:tps65913@58:rtc: setting system clock to 2000-03-08 13:35:44 UTC (952522544)
 vdd_cam_1v8_reg: disabling
 vdd_hdmi_5v0: disabling
 usb1_vbus: disabling
Diff for ./tegra124-jetson-tk1/tegra124-jetson-tk1/multi_v7_defconfig_log.txt
--- /tmp/fooa	2014-10-01 11:25:47.182106337 -0700
+++ /tmp/foob	2014-10-01 11:25:47.186106335 -0700
@@ -39,20 +39,20 @@
 	 #################################################################
 	 #################################################################
 	 ##########################
-	 2.8 MiB/s
+	 3 MiB/s
 done
-Bytes transferred = 5149944 (4e94f8 hex)
+Bytes transferred = 5150624 (4e97a0 hex)
 Tegra124 (Jetson TK1) # tftpboot 0x82000000 tegra124-jetson-tk1.dtb
 Using asx0 device
 TFTP from server 192.168.100.1; our IP address is 192.168.100.102
 Filename 'tegra124-jetson-tk1.dtb'.
 Load address: 0x82000000
 Loading: *####
-	 2.2 MiB/s
+	 2.6 MiB/s
 done
 Bytes transferred = 44415 (ad7f hex)
 Tegra124 (Jetson TK1) # bootz 0x81000000 - 0x82000000
-Kernel image @ 0x81000000 [ 0x000000 - 0x4e94f8 ]
+Kernel image @ 0x81000000 [ 0x000000 - 0x4e97a0 ]
 ## Flattened Device Tree blob at 82000000
    Booting using the fdt blob at 0x82000000
    Using Device Tree in place at 82000000, end 8200dd7e
@@ -60,7 +60,7 @@
 Starting kernel ...
 
 Booting Linux on physical CPU 0x0
-Linux version 3.17.0-rc6-92667-g0f33be0 (pwalmsley@kaivo) (gcc version 4.7.3 20130328 (prerelease) (crosstool-NG linaro-1.13.1-4.7-2013.04-20130415 - Linaro GCC 2013.04) ) #1 SMP Wed Oct 1 10:50:40 PDT 2014
+Linux version 3.17.0-rc7-93005-gfe82dce (pwalmsley@kaivo) (gcc version 4.7.3 20130328 (prerelease) (crosstool-NG linaro-1.13.1-4.7-2013.04-20130415 - Linaro GCC 2013.04) ) #1 SMP Wed Oct 1 11:20:02 PDT 2014
 CPU: ARMv7 Processor [413fc0f3] revision 3 (ARMv7), cr=10c5387d
 CPU: PIPT / VIPT nonaliasing data cache, PIPT instruction cache
 Machine model: NVIDIA Tegra124 Jetson TK1
@@ -90,7 +90,7 @@
     lowmem  : 0xc0000000 - 0xef800000   ( 760 MB)
     pkmap   : 0xbfe00000 - 0xc0000000   (   2 MB)
     modules : 0xbf000000 - 0xbfe00000   (  14 MB)
-      .text : 0xc0208000 - 0xc0b2a2b8   (9353 kB)
+      .text : 0xc0208000 - 0xc0b2a2d0   (9353 kB)
       .init : 0xc0b2b000 - 0xc0bd9100   ( 697 kB)
       .data : 0xc0bda000 - 0xc0cc0c40   ( 924 kB)
        .bss : 0xc0cc0c40 - 0xc0d0d158   ( 306 kB)
@@ -116,7 +116,7 @@
 /cpus/cpu@2 missing clock-frequency property
 /cpus/cpu@3 missing clock-frequency property
 CPU0: thread -1, cpu 0, socket 0, mpidr 80000000
-Setting up static identity map for 0x8084c738 - 0x8084c7d0
+Setting up static identity map for 0x8084c998 - 0x8084ca30
 Tegra Revision: A01 SKU: 129 CPU Process: 1 Core Process: 1
 CPU1: Booted secondary processor
 CPU1: thread -1, cpu 1, socket 0, mpidr 80000001
@@ -395,7 +395,7 @@
 hub 2-0:1.0: USB hub found
 hub 2-0:1.0: 1 port detected
 input: gpio-keys as /devices/soc0/gpio-keys/input/input1
-as3722-rtc as3722-rtc: setting system clock to 2000-02-01 00:00:49 UTC (949363249)
+as3722-rtc as3722-rtc: setting system clock to 2000-02-01 00:00:15 UTC (949363215)
 +1.05V_RUN_AVDD_HDMI_PLL: disabling
 +1.8V_RUN_VPP_FUSE: disabling
 +2.8V_RUN_CAM_AF: disabling
@@ -418,4 +418,4 @@
 Freeing unused kernel memory: 696K (c0b2b000 - c0bd9000)
 bash: cannot set terminal process group (-1): Inappropriate ioctl for device
 bash: no job control in this shell
-root@(none):/# [    2.933079] usb 2-1: new high-speed USB device number 2 using tegra-ehci
+root@(none):/# [    2.933279] usb 2-1: new high-speed USB device number 2 using tegra-ehci
Diff for ./tegra124-jetson-tk1/tegra124-jetson-tk1/tegra_defconfig_log.txt
--- /tmp/fooa	2014-10-01 11:25:47.190106333 -0700
+++ /tmp/foob	2014-10-01 11:25:47.194106331 -0700
@@ -40,18 +40,18 @@
 	 ####################################################
 	 3.1 MiB/s
 done
-Bytes transferred = 4572216 (45c438 hex)
+Bytes transferred = 4571672 (45c218 hex)
 Tegra124 (Jetson TK1) # tftpboot 0x82000000 tegra124-jetson-tk1.dtb
 Using asx0 device
 TFTP from server 192.168.100.1; our IP address is 192.168.100.102
 Filename 'tegra124-jetson-tk1.dtb'.
 Load address: 0x82000000
 Loading: *####
-	 2.4 MiB/s
+	 2.6 MiB/s
 done
 Bytes transferred = 44415 (ad7f hex)
 Tegra124 (Jetson TK1) # bootz 0x81000000 - 0x82000000
-Kernel image @ 0x81000000 [ 0x000000 - 0x45c438 ]
+Kernel image @ 0x81000000 [ 0x000000 - 0x45c218 ]
 ## Flattened Device Tree blob at 82000000
    Booting using the fdt blob at 0x82000000
    Using Device Tree in place at 82000000, end 8200dd7e
@@ -62,7 +62,7 @@
 Booting Linux on physical CPU 0x0
 Initializing cgroup subsys cpu
 Initializing cgroup subsys cpuacct
-Linux version 3.17.0-rc6-92667-g0f33be0 (pwalmsley@tamien) (gcc version 4.7.3 20130328 (prerelease) (crosstool-NG linaro-1.13.1-4.7-2013.04-20130415 - Linaro GCC 2013.04) ) #1 SMP PREEMPT Wed Oct 1 10:50:19 PDT 2014
+Linux version 3.17.0-rc7-93005-gfe82dce (pwalmsley@tamien) (gcc version 4.7.3 20130328 (prerelease) (crosstool-NG linaro-1.13.1-4.7-2013.04-20130415 - Linaro GCC 2013.04) ) #1 SMP PREEMPT Wed Oct 1 11:20:32 PDT 2014
 CPU: ARMv7 Processor [413fc0f3] revision 3 (ARMv7), cr=10c5387d
 CPU: PIPT / VIPT nonaliasing data cache, PIPT instruction cache
 Machine model: NVIDIA Tegra124 Jetson TK1
@@ -92,7 +92,7 @@
     lowmem  : 0xc0000000 - 0xef800000   ( 760 MB)
     pkmap   : 0xbfe00000 - 0xc0000000   (   2 MB)
     modules : 0xbf000000 - 0xbfe00000   (  14 MB)
-      .text : 0xc0008000 - 0xc0825ce0   (8312 kB)
+      .text : 0xc0008000 - 0xc0825ccc   (8312 kB)
       .init : 0xc0826000 - 0xc086a280   ( 273 kB)
       .data : 0xc086c000 - 0xc08c0c20   ( 340 kB)
        .bss : 0xc08c0c20 - 0xc091a340   ( 358 kB)
@@ -117,7 +117,7 @@
 /cpus/cpu@2 missing clock-frequency property
 /cpus/cpu@3 missing clock-frequency property
 CPU0: thread -1, cpu 0, socket 0, mpidr 80000000
-Setting up static identity map for 0x805ef4a0 - 0x805ef538
+Setting up static identity map for 0x805ef4f8 - 0x805ef590
 Tegra Revision: A01 SKU: 129 CPU Process: 1 Core Process: 1
 CPU1: Booted secondary processor
 CPU1: thread -1, cpu 1, socket 0, mpidr 80000001
@@ -389,7 +389,7 @@
 hub 2-0:1.0: USB hub found
 hub 2-0:1.0: 1 port detected
 input: gpio-keys as /devices/soc0/gpio-keys/input/input1
-as3722-rtc as3722-rtc: setting system clock to 2000-02-01 00:00:15 UTC (949363215)
+as3722-rtc as3722-rtc: setting system clock to 2000-02-01 00:00:47 UTC (949363247)
 +1.05V_RUN_AVDD_HDMI_PLL: disabling
 +1.8V_RUN_VPP_FUSE: disabling
 +2.8V_RUN_CAM_AF: disabling
@@ -413,4 +413,4 @@
 bash: cannot set terminal process group (-1): Inappropriate ioctl for device
 bash: no job control in this shell
 usb 2-1: new high-speed USB device number 2 using tegra-ehci
-root@(none):/# [    3.576587] asix 2-1:1.0 eth0: register 'asix' at usb-7d008000.usb-1, ASIX AX88772 USB 2.0 Ethernet, 00:50:b6:11:31:3b
+root@(none):/# [    3.576582] asix 2-1:1.0 eth0: register 'asix' at usb-7d008000.usb-1, ASIX AX88772 USB 2.0 Ethernet, 00:50:b6:11:31:3b
Diff for ./tegra30-beaver/tegra30-beaver/multi_v7_defconfig_log.txt
--- /tmp/fooa	2014-10-01 11:25:47.202106328 -0700
+++ /tmp/foob	2014-10-01 11:25:47.202106328 -0700
@@ -37,9 +37,9 @@
 	 #################################################################
 	 #################################################################
 	 ##########################
-	 2.9 MiB/s
+	 3.2 MiB/s
 done
-Bytes transferred = 5149944 (4e94f8 hex)
+Bytes transferred = 5150624 (4e97a0 hex)
 Tegra30 (Beaver) # tftpboot 0x82000000 tegra30-beaver.dtb
 Using asx0 device
 TFTP from server 192.168.100.1; our IP address is 192.168.100.101
@@ -50,7 +50,7 @@
 done
 Bytes transferred = 24801 (60e1 hex)
 Tegra30 (Beaver) # bootz 0x81000000 - 0x82000000
-Kernel image @ 0x81000000 [ 0x000000 - 0x4e94f8 ]
+Kernel image @ 0x81000000 [ 0x000000 - 0x4e97a0 ]
 ## Flattened Device Tree blob at 82000000
    Booting using the fdt blob at 0x82000000
    Loading Device Tree to 8fff6000, end 8ffff0e0 ... OK
@@ -58,7 +58,7 @@
 Starting kernel ...
 
 Booting Linux on physical CPU 0x0
-Linux version 3.17.0-rc6-92667-g0f33be0 (pwalmsley@kaivo) (gcc version 4.7.3 20130328 (prerelease) (crosstool-NG linaro-1.13.1-4.7-2013.04-20130415 - Linaro GCC 2013.04) ) #1 SMP Wed Oct 1 10:50:40 PDT 2014
+Linux version 3.17.0-rc7-93005-gfe82dce (pwalmsley@kaivo) (gcc version 4.7.3 20130328 (prerelease) (crosstool-NG linaro-1.13.1-4.7-2013.04-20130415 - Linaro GCC 2013.04) ) #1 SMP Wed Oct 1 11:20:02 PDT 2014
 CPU: ARMv7 Processor [412fc099] revision 9 (ARMv7), cr=10c5387d
 CPU: PIPT / VIPT nonaliasing data cache, VIPT aliasing instruction cache
 Machine model: NVIDIA Tegra30 Beaver evaluation board
@@ -88,7 +88,7 @@
     lowmem  : 0xc0000000 - 0xef800000   ( 760 MB)
     pkmap   : 0xbfe00000 - 0xc0000000   (   2 MB)
     modules : 0xbf000000 - 0xbfe00000   (  14 MB)
-      .text : 0xc0208000 - 0xc0b2a2b8   (9353 kB)
+      .text : 0xc0208000 - 0xc0b2a2d0   (9353 kB)
       .init : 0xc0b2b000 - 0xc0bd9100   ( 697 kB)
       .data : 0xc0bda000 - 0xc0cc0c40   ( 924 kB)
        .bss : 0xc0cc0c40 - 0xc0d0d158   ( 306 kB)
@@ -115,7 +115,7 @@
 Mountpoint-cache hash table entries: 2048 (order: 1, 8192 bytes)
 CPU: Testing write buffer coherency: ok
 CPU0: thread -1, cpu 0, socket 0, mpidr 80000000
-Setting up static identity map for 0x8084c738 - 0x8084c7d0
+Setting up static identity map for 0x8084c998 - 0x8084ca30
 Tegra Revision: A03 SKU: 128 CPU Process: 4 Core Process: 0
 CPU1: Booted secondary processor
 CPU1: thread -1, cpu 1, socket 0, mpidr 80000001
@@ -404,5 +404,5 @@
 Freeing unused kernel memory: 696K (c0b2b000 - c0bd9000)
 bash: cannot set terminal process group (-1): Inappropriate ioctl for device
 bash: no job control in this shell
-root@(none):/# [    4.193841] usb 2-1: new high-speed USB device number 2 using tegra-ehci
+root@(none):/# [    4.198451] usb 2-1: new high-speed USB device number 2 using tegra-ehci
 asix 2-1:1.0 eth1: register 'asix' at usb-7d008000.usb-1, ASIX AX88772 USB 2.0 Ethernet, 00:50:b6:0f:68:6d
Diff for ./tegra30-beaver/tegra30-beaver/tegra_defconfig_log.txt
--- /tmp/fooa	2014-10-01 11:25:47.210106324 -0700
+++ /tmp/foob	2014-10-01 11:25:47.214106322 -0700
@@ -38,7 +38,7 @@
 	 ####################################################
 	 3.1 MiB/s
 done
-Bytes transferred = 4572216 (45c438 hex)
+Bytes transferred = 4571672 (45c218 hex)
 Tegra30 (Beaver) # tftpboot 0x82000000 tegra30-beaver.dtb
 Using asx0 device
 TFTP from server 192.168.100.1; our IP address is 192.168.100.101
@@ -49,7 +49,7 @@
 done
 Bytes transferred = 24801 (60e1 hex)
 Tegra30 (Beaver) # bootz 0x81000000 - 0x82000000
-Kernel image @ 0x81000000 [ 0x000000 - 0x45c438 ]
+Kernel image @ 0x81000000 [ 0x000000 - 0x45c218 ]
 ## Flattened Device Tree blob at 82000000
    Booting using the fdt blob at 0x82000000
    Loading Device Tree to 8fff6000, end 8ffff0e0 ... OK
@@ -60,7 +60,7 @@
 Booting Linux on physical CPU 0x0
 Initializing cgroup subsys cpu
 Initializing cgroup subsys cpuacct
-Linux version 3.17.0-rc6-92667-g0f33be0 (pwalmsley@tamien) (gcc version 4.7.3 20130328 (prerelease) (crosstool-NG linaro-1.13.1-4.7-2013.04-20130415 - Linaro GCC 2013.04) ) #1 SMP PREEMPT Wed Oct 1 10:50:19 PDT 2014
+Linux version 3.17.0-rc7-93005-gfe82dce (pwalmsley@tamien) (gcc version 4.7.3 20130328 (prerelease) (crosstool-NG linaro-1.13.1-4.7-2013.04-20130415 - Linaro GCC 2013.04) ) #1 SMP PREEMPT Wed Oct 1 11:20:32 PDT 2014
 CPU: ARMv7 Processor [412fc099] revision 9 (ARMv7), cr=10c5387d
 CPU: PIPT / VIPT nonaliasing data cache, VIPT aliasing instruction cache
 Machine model: NVIDIA Tegra30 Beaver evaluation board
@@ -90,7 +90,7 @@
     lowmem  : 0xc0000000 - 0xef800000   ( 760 MB)
     pkmap   : 0xbfe00000 - 0xc0000000   (   2 MB)
     modules : 0xbf000000 - 0xbfe00000   (  14 MB)
-      .text : 0xc0008000 - 0xc0825ce0   (8312 kB)
+      .text : 0xc0008000 - 0xc0825ccc   (8312 kB)
       .init : 0xc0826000 - 0xc086a280   ( 273 kB)
       .data : 0xc086c000 - 0xc08c0c20   ( 340 kB)
        .bss : 0xc08c0c20 - 0xc091a340   ( 358 kB)
@@ -116,7 +116,7 @@
 Initializing cgroup subsys debug
 CPU: Testing write buffer coherency: ok
 CPU0: thread -1, cpu 0, socket 0, mpidr 80000000
-Setting up static identity map for 0x805ef4a0 - 0x805ef538
+Setting up static identity map for 0x805ef4f8 - 0x805ef590
 Tegra Revision: A03 SKU: 128 CPU Process: 4 Core Process: 0
 CPU1: Booted secondary processor
 CPU1: thread -1, cpu 1, socket 0, mpidr 80000001
@@ -402,5 +402,5 @@
 Freeing unused kernel memory: 272K (c0826000 - c086a000)
 bash: cannot set terminal process group (-1): Inappropriate ioctl for device
 bash: no job control in this shell
-root@(none):/# [    4.467180] usb 2-1: new high-speed USB device number 2 using tegra-ehci
+root@(none):/# [    4.467161] usb 2-1: new high-speed USB device number 2 using tegra-ehci
 asix 2-1:1.0 eth1: register 'asix' at usb-7d008000.usb-1, ASIX AX88772 USB 2.0 Ethernet, 00:50:b6:0f:68:6d
