Diff for ./tegra30-beaver/tegra30-beaver/tegra_defconfig_log.txt
--- /tmp/fooa	2013-10-19 23:48:44.110447605 -0700
+++ /tmp/foob	2013-10-19 23:48:44.114447608 -0700
@@ -22,15 +22,15 @@
 Sending: 
 
 Transfer complete
-yzModem - CRC mode, 7(SOH)/4225(STX)/0(CAN) packets, 3 retries
-## Total Size      = 0x00420648 = 4326984 Bytes
+yzModem - CRC mode, 8(SOH)/4225(STX)/0(CAN) packets, 3 retries
+## Total Size      = 0x004206b8 = 4327096 Bytes
 Tegra30 (Beaver) # loady 0x82000000
 ## Ready for binary (ymodem) download to 0x82000000 at 230400 bps...
 CSending: tegra30-beaver.dtb
 Sending: 
 
 Transfer complete
-xyzModem - CRC mode, 2(SOH)/17(STX)/0(CAN) packets, 3 retries
+yzModem - CRC mode, 2(SOH)/17(STX)/0(CAN) packets, 3 retries
 ## Total Size      = 0x0000439d = 17309 Bytes
 Tegra30 (Beaver) # bootz 0x81000000 - 0x82000000
 ## Flattened Device Tree blob at 82000000
@@ -42,7 +42,7 @@
 Booting Linux on physical CPU 0x0
 Initializing cgroup subsys cpu
 Initializing cgroup subsys cpuacct
-Linux version 3.11.5-12866-ga145cb9 (pwalmsley@tamien) (gcc version 4.5.1 (Sourcery G++ Lite 2010.09-50) ) #1 SMP PREEMPT Mon Oct 14 12:36:33 PDT 2013
+Linux version 3.11.6-12917-g5070441 (pwalmsley@tamien) (gcc version 4.5.1 (Sourcery G++ Lite 2010.09-50) ) #1 SMP PREEMPT Sat Oct 19 23:41:36 PDT 2013
 CPU: ARMv7 Processor [412fc099] revision 9 (ARMv7), cr=10c5387d
 CPU: PIPT / VIPT nonaliasing data cache, VIPT aliasing instruction cache
 Machine: NVIDIA Tegra SoC (Flattened Device Tree), model: NVIDIA Tegra30 Beaver evaluation board
@@ -92,7 +92,7 @@
 Initializing cgroup subsys freezer
 CPU: Testing write buffer coherency: ok
 CPU0: thread -1, cpu 0, socket 0, mpidr 80000000
-Setting up static identity map for 0xc0598220 - 0xc05982b8
+Setting up static identity map for 0xc0598258 - 0xc05982f0
 CPU1: Booted secondary processor
 CPU1: thread -1, cpu 1, socket 0, mpidr 80000001
 CPU2: Booted secondary processor
@@ -285,7 +285,7 @@
  
 INIT: version 2.88 booting
 Using makefile-style concurrent boot in runlevel S.
-Starting the hotplug events dispatcher: udevd[    2.657418] udevd[177]: starting version 175
+Starting the hotplug events dispatcher: udevd[    2.725123] udevd[177]: starting version 175
 [ ok .
 Synthesizing the initial hotplug events...[ ok done.
 Waiting for /dev to be fully populated...[ ok done.
Diff for ./tegra30-beaver/tegra30-beaver/multi_v7_defconfig_log.txt
--- /tmp/fooa	2013-10-19 23:48:44.118447612 -0700
+++ /tmp/foob	2013-10-19 23:48:44.118447612 -0700
@@ -23,7 +23,7 @@
 
 Transfer complete
 yzModem - CRC mode, 8(SOH)/3883(STX)/0(CAN) packets, 3 retries
-## Total Size      = 0x003caef0 = 3976944 Bytes
+## Total Size      = 0x003caf00 = 3976960 Bytes
 Tegra30 (Beaver) # loady 0x82000000
 ## Ready for binary (ymodem) download to 0x82000000 at 230400 bps...
 CSending: tegra30-beaver.dtb
@@ -40,7 +40,7 @@
 Starting kernel ...
 
 Booting Linux on physical CPU 0x0
-Linux version 3.11.5-12866-ga145cb9 (pwalmsley@tamien) (gcc version 4.5.1 (Sourcery G++ Lite 2010.09-50) ) #1 SMP Mon Oct 14 12:40:18 PDT 2013
+Linux version 3.11.6-12917-g5070441 (pwalmsley@kaivo) (gcc version 4.5.1 (Sourcery G++ Lite 2010.09-50) ) #1 SMP Sat Oct 19 23:40:15 PDT 2013
 CPU: ARMv7 Processor [412fc099] revision 9 (ARMv7), cr=10c5387d
 CPU: PIPT / VIPT nonaliasing data cache, VIPT aliasing instruction cache
 Machine: NVIDIA Tegra SoC (Flattened Device Tree), model: NVIDIA Tegra30 Beaver evaluation board
@@ -73,7 +73,7 @@
     vmalloc : 0xf0000000 - 0xff000000   ( 240 MB)
     lowmem  : 0xc0000000 - 0xef800000   ( 760 MB)
     pkmap   : 0xbfe00000 - 0xc0000000   (   2 MB)
-      .text : 0xc0008000 - 0xc06ad0a0   (6805 kB)
+      .text : 0xc0008000 - 0xc06ad094   (6805 kB)
       .init : 0xc06ae000 - 0xc0725c00   ( 479 kB)
       .data : 0xc0726000 - 0xc07b8180   ( 585 kB)
        .bss : 0xc07b8180 - 0xc07fde54   ( 280 kB)
@@ -87,7 +87,7 @@
 Mount-cache hash table entries: 512
 CPU: Testing write buffer coherency: ok
 CPU0: thread -1, cpu 0, socket 0, mpidr 80000000
-Setting up static identity map for 0xc051d4d8 - 0xc051d570
+Setting up static identity map for 0xc051d540 - 0xc051d5d8
 unable to find compatible sirf rstc node in dtb
 CPU1: Booted secondary processor
 CPU1: thread -1, cpu 1, socket 0, mpidr 80000001
@@ -236,7 +236,7 @@
  
 INIT: version 2.88 booting
 Using makefile-style concurrent boot in runlevel S.
-Starting the hotplug events dispatcher: udevd[    2.136386] udevd[159]: starting version 175
+Starting the hotplug events dispatcher: udevd[    2.137150] udevd[159]: starting version 175
 [ ok .
 Synthesizing the initial hotplug events...[ ok done.
 Waiting for /dev to be fully populated...[ ok done.
Diff for ./tegra114-dalmore-headless/tegra114-dalmore/tegra_defconfig_log.txt
--- /tmp/fooa	2013-10-19 23:48:44.122447615 -0700
+++ /tmp/foob	2013-10-19 23:48:44.126447618 -0700
@@ -30,13 +30,13 @@
 Load address: 0x81000000
 Loading: *#################################################  2.8 MiB/s
 done
-Bytes transferred = 4326984 (420648 hex)
+Bytes transferred = 4327096 (4206b8 hex)
 Dalmore #tftpboot 0x82000000 tegra114-dalmore.dtb
 Using asx0 device
 TFTP from server 192.168.100.1; our IP address is 192.168.100.100
 Filename 'tegra114-dalmore.dtb'.
 Load address: 0x82000000
-Loading: *#################################################  17.6 KiB/s
+Loading: *#################################################  2.5 MiB/s
 done
 Bytes transferred = 24048 (5df0 hex)
 Dalmore #bootz 0x81000000 - 0x82000000
@@ -49,15 +49,15 @@
 Timer summary in microseconds:
        Mark    Elapsed  Stage
           0          0  awake
-  2,349,126  2,349,126  usb_start
-  6,352,465  4,003,339  eth_start
-  6,352,463         -2  tftp start
- 10,261,628  3,909,165  tftp done
- 13,365,320  3,103,692  start_kernel
+  2,136,507  2,136,507  usb_start
+  6,139,873  4,003,366  eth_start
+  6,139,871         -2  tftp start
+ 10,051,632  3,911,761  tftp done
+ 12,152,164  2,100,532  start_kernel
 Booting Linux on physical CPU 0x0
 Initializing cgroup subsys cpu
 Initializing cgroup subsys cpuacct
-Linux version 3.11.5-12866-ga145cb9 (pwalmsley@tamien) (gcc version 4.5.1 (Sourcery G++ Lite 2010.09-50) ) #1 SMP PREEMPT Mon Oct 14 12:36:33 PDT 2013
+Linux version 3.11.6-12917-g5070441 (pwalmsley@tamien) (gcc version 4.5.1 (Sourcery G++ Lite 2010.09-50) ) #1 SMP PREEMPT Sat Oct 19 23:41:36 PDT 2013
 CPU: ARMv7 Processor [412fc0f2] revision 2 (ARMv7), cr=10c5387d
 CPU: PIPT / VIPT nonaliasing data cache, PIPT instruction cache
 Machine: NVIDIA Tegra SoC (Flattened Device Tree), model: NVIDIA Tegra114 Dalmore evaluation board
@@ -110,7 +110,7 @@
 /cpus/cpu@2 missing clock-frequency property
 /cpus/cpu@3 missing clock-frequency property
 CPU0: thread -1, cpu 0, socket 0, mpidr 80000000
-Setting up static identity map for 0xc0598220 - 0xc05982b8
+Setting up static identity map for 0xc0598258 - 0xc05982f0
 CPU1: Booted secondary processor
 CPU1: thread -1, cpu 1, socket 0, mpidr 80000001
 CPU2: Booted secondary processor
@@ -290,7 +290,7 @@
 usb2_vbus: supplied by vdd-sys-5v0
 vdd_hdmi_5v0: 5000 mV 
 vdd_hdmi_5v0: supplied by vdd-sys-5v0
-tegra_rtc 7000e000.rtc: setting system clock to 1970-01-01 00:00:16 UTC (16)
+tegra_rtc 7000e000.rtc: setting system clock to 1970-01-01 00:00:15 UTC (15)
 ALSA device list:
   #0: NVIDIA Tegra Dalmore
 kjournald starting.  Commit interval 5 seconds
Diff for ./tegra114-dalmore-headless/tegra114-dalmore/multi_v7_defconfig_log.txt
--- /tmp/fooa	2013-10-19 23:48:44.130447622 -0700
+++ /tmp/foob	2013-10-19 23:48:44.130447622 -0700
@@ -30,7 +30,7 @@
 Load address: 0x81000000
 Loading: *#################################################  2.8 MiB/s
 done
-Bytes transferred = 3976944 (3caef0 hex)
+Bytes transferred = 3976960 (3caf00 hex)
 Dalmore #tftpboot 0x82000000 tegra114-dalmore.dtb
 Using asx0 device
 TFTP from server 192.168.100.1; our IP address is 192.168.100.100
@@ -49,13 +49,13 @@
 Timer summary in microseconds:
        Mark    Elapsed  Stage
           0          0  awake
-  2,957,673  2,957,673  usb_start
-  6,961,378  4,003,705  eth_start
-  6,961,375         -3  tftp start
- 10,897,544  3,936,169  tftp done
- 12,973,380  2,075,836  start_kernel
+  3,080,263  3,080,263  usb_start
+  7,083,559  4,003,296  eth_start
+  7,083,557         -2  tftp start
+ 10,874,009  3,790,452  tftp done
+ 12,095,347  1,221,338  start_kernel
 Booting Linux on physical CPU 0x0
-Linux version 3.11.5-12866-ga145cb9 (pwalmsley@tamien) (gcc version 4.5.1 (Sourcery G++ Lite 2010.09-50) ) #1 SMP Mon Oct 14 12:40:18 PDT 2013
+Linux version 3.11.6-12917-g5070441 (pwalmsley@kaivo) (gcc version 4.5.1 (Sourcery G++ Lite 2010.09-50) ) #1 SMP Sat Oct 19 23:40:15 PDT 2013
 CPU: ARMv7 Processor [412fc0f2] revision 2 (ARMv7), cr=10c5387d
 CPU: PIPT / VIPT nonaliasing data cache, PIPT instruction cache
 Machine: NVIDIA Tegra SoC (Flattened Device Tree), model: NVIDIA Tegra114 Dalmore evaluation board
@@ -84,7 +84,7 @@
     vmalloc : 0xf0000000 - 0xff000000   ( 240 MB)
     lowmem  : 0xc0000000 - 0xef800000   ( 760 MB)
     pkmap   : 0xbfe00000 - 0xc0000000   (   2 MB)
-      .text : 0xc0008000 - 0xc06ad0a0   (6805 kB)
+      .text : 0xc0008000 - 0xc06ad094   (6805 kB)
       .init : 0xc06ae000 - 0xc0725c00   ( 479 kB)
       .data : 0xc0726000 - 0xc07b8180   ( 585 kB)
        .bss : 0xc07b8180 - 0xc07fde54   ( 280 kB)
@@ -105,7 +105,7 @@
 /cpus/cpu@2 missing clock-frequency property
 /cpus/cpu@3 missing clock-frequency property
 CPU0: thread -1, cpu 0, socket 0, mpidr 80000000
-Setting up static identity map for 0xc051d4d8 - 0xc051d570
+Setting up static identity map for 0xc051d540 - 0xc051d5d8
 unable to find compatible sirf rstc node in dtb
 CPU1: Booted secondary processor
 CPU1: thread -1, cpu 1, socket 0, mpidr 80000001
@@ -226,9 +226,9 @@
 vdd_hdmi_5v0: 5000 mV 
 reg-fixed-voltage 5.regulator: Failed to find supply vin
 reg-fixed-voltage 5.regulator: Failed to register regulator: -517
-mmc1: BKOPS_EN bit is not set
 platform 5.regulator: Driver reg-fixed-voltage requests probe deferral
-tegra_rtc 7000e000.rtc: setting system clock to 1970-01-01 00:00:15 UTC (15)
+mmc1: BKOPS_EN bit is not set
+tegra_rtc 7000e000.rtc: setting system clock to 1970-01-01 00:00:14 UTC (14)
 Waiting for root device /dev/mmcblk0p1...
 mmc1: new HS200 MMC card at address 0001
 mmcblk0: mmc1:0001 SEM32G 29.1 GiB 
