
U-Boot SPL 2014.01-00219-gc4d376f (Feb 18 2014 - 19:57:18)


U-Boot 2014.01-00219-gc4d376f (Feb 18 2014 - 19:57:18)

TEGRA30
Board: NVIDIA Beaver
I2C:   ready
DRAM:  2 GiB
MMC:   Tegra SD/MMC: 0, Tegra SD/MMC: 1
In:    serial
Out:   serial
Err:   serial
Net:   Net Initialization Skipped
No ethernet found.
Hit any key to stop autoboot:  2  0 
Tegra30 (Beaver) # 
Tegra30 (Beaver) # usb reset
(Re)start USB...
USB0:   USB EHCI 1.00
scanning bus 0 for devices... 2 USB Device(s) found
       scanning usb for storage devices... 0 Storage Device(s) found
       scanning usb for ethernet devices... 
Warning: asx0 using MAC address from net device
1 Ethernet Device(s) found
Tegra30 (Beaver) # setenv bootargs 'ignore_loglevel console=ttyS0,115200n8 rw root=/dev/mmcblk0p1 rootwait gpt debug init=/bin/bash noinitrd'
Tegra30 (Beaver) # setenv ipaddr 192.168.100.101; setenv serverip 192.168.100.1; setenv tftpserverip 192.168.100.1
Tegra30 (Beaver) # tftpboot 0x81000000 zImage.multi_v7_defconfig
Using asx0 device
TFTP from server 192.168.100.1; our IP address is 192.168.100.101
Filename 'zImage.multi_v7_defconfig'.
Load address: 0x81000000
Loading: *#################################################################
	 #################################################################
	 #################################################################
	 #################################################################
	 #################################################################
	 #####################################
	 2.8 MiB/s
done
Bytes transferred = 5306480 (50f870 hex)
Tegra30 (Beaver) # tftpboot 0x82000000 tegra30-beaver.dtb
Using asx0 device
TFTP from server 192.168.100.1; our IP address is 192.168.100.101
Filename 'tegra30-beaver.dtb'.
Load address: 0x82000000
Loading: *##
	 2.6 MiB/s
done
Bytes transferred = 24733 (609d hex)
Tegra30 (Beaver) # bootz 0x81000000 - 0x82000000
Kernel image @ 0x81000000 [ 0x000000 - 0x50f870 ]
## Flattened Device Tree blob at 82000000
   Booting using the fdt blob at 0x82000000
   Loading Device Tree to 8fff6000, end 8ffff09c ... OK

Starting kernel ...

[    0.000000] Booting Linux on physical CPU 0x0
[    0.000000] Linux version 3.18.0-00251-gb2776bf (pwalmsley@tamien) (gcc version 4.7.3 20130328 (prerelease) (crosstool-NG linaro-1.13.1-4.7-2013.04-20130415 - Linaro GCC 2013.04) ) #1 SMP Mon Dec 8 12:24:31 PST 2014
[    0.000000] CPU: ARMv7 Processor [412fc099] revision 9 (ARMv7), cr=10c5387d
[    0.000000] CPU: PIPT / VIPT nonaliasing data cache, VIPT aliasing instruction cache
[    0.000000] Machine model: NVIDIA Tegra30 Beaver evaluation board
[    0.000000] debug: ignoring loglevel setting.
[    0.000000] cma: Reserved 64 MiB at 0xfb800000
[    0.000000] Memory policy: Data cache writealloc
[    0.000000] On node 0 totalpages: 524032
[    0.000000] free_area_init_node: node 0, pgdat c0d1ef40, node_mem_map ee7f8000
[    0.000000]   DMA zone: 1520 pages used for memmap
[    0.000000]   DMA zone: 0 pages reserved
[    0.000000]   DMA zone: 194560 pages, LIFO batch:31
[    0.000000]   HighMem zone: 2574 pages used for memmap
[    0.000000]   HighMem zone: 329472 pages, LIFO batch:31
[    0.000000] PERCPU: Embedded 10 pages/cpu @ee7b4000 s8512 r8192 d24256 u40960
[    0.000000] pcpu-alloc: s8512 r8192 d24256 u40960 alloc=10*4096
[    0.000000] pcpu-alloc: [0] 0 [0] 1 [0] 2 [0] 3 
[    0.000000] Built 1 zonelists in Zone order, mobility grouping on.  Total pages: 522512
[    0.000000] Kernel command line: ignore_loglevel console=ttyS0,115200n8 rw root=/dev/mmcblk0p1 rootwait gpt debug init=/bin/bash noinitrd
[    0.000000] PID hash table entries: 4096 (order: 2, 16384 bytes)
[    0.000000] Dentry cache hash table entries: 131072 (order: 7, 524288 bytes)
[    0.000000] Inode-cache hash table entries: 65536 (order: 6, 262144 bytes)
[    0.000000] Memory: 2001408K/2096128K available (6858K kernel code, 963K rwdata, 2812K rodata, 728K init, 308K bss, 94720K reserved, 1252352K highmem)
[    0.000000] Virtual kernel memory layout:
[    0.000000]     vector  : 0xffff0000 - 0xffff1000   (   4 kB)
[    0.000000]     fixmap  : 0xffc00000 - 0xffe00000   (2048 kB)
[    0.000000]     vmalloc : 0xf0000000 - 0xff000000   ( 240 MB)
[    0.000000]     lowmem  : 0xc0000000 - 0xef800000   ( 760 MB)
[    0.000000]     pkmap   : 0xbfe00000 - 0xc0000000   (   2 MB)
[    0.000000]     modules : 0xbf000000 - 0xbfe00000   (  14 MB)
[    0.000000]       .text : 0xc0208000 - 0xc0b79de4   (9672 kB)
[    0.000000]       .init : 0xc0b7a000 - 0xc0c30000   ( 728 kB)
[    0.000000]       .data : 0xc0c30000 - 0xc0d20dc0   ( 964 kB)
[    0.000000]        .bss : 0xc0d20dc0 - 0xc0d6e068   ( 309 kB)
[    0.000000] SLUB: HWalign=64, Order=0-3, MinObjects=0, CPUs=4, Nodes=1
[    0.000000] Hierarchical RCU implementation.
[    0.000000] 	RCU restricting CPUs from NR_CPUS=8 to nr_cpu_ids=4.
[    0.000000] RCU: Adjusting geometry for rcu_fanout_leaf=16, nr_cpu_ids=4
[    0.000000] NR_IRQS:16 nr_irqs:16 16
[    0.000000] L2C: platform modifies aux control register: 0x02080000 -> 0x3e480001
[    0.000000] L2C: DT/platform modifies aux control register: 0x02080000 -> 0x3e480001
[    0.000000] L2C-310 erratum 769419 enabled
[    0.000000] L2C-310 enabling early BRESP for Cortex-A9
[    0.000000] L2C-310: enabling full line of zeros but not enabled in Cortex-A9
[    0.000000] L2C-310 ID prefetch enabled, offset 1 lines
[    0.000000] L2C-310 dynamic clock gating enabled, standby mode enabled
[    0.000000] L2C-310 cache controller enabled, 8 ways, 1024 kB
[    0.000000] L2C-310: CACHE_ID 0x410000c7, AUX_CTRL 0x7e480001
[    0.000013] sched_clock: 32 bits at 1000kHz, resolution 1000ns, wraps every 2147483648000ns
[    0.000032] Switching to timer-based delay loop, resolution 1000ns
[    0.001134] Console: colour dummy device 80x30
[    0.001155] Calibrating delay loop (skipped), value calculated using timer frequency.. 2.00 BogoMIPS (lpj=5000)
[    0.001163] pid_max: default: 32768 minimum: 301
[    0.001256] Mount-cache hash table entries: 2048 (order: 1, 8192 bytes)
[    0.001262] Mountpoint-cache hash table entries: 2048 (order: 1, 8192 bytes)
[    0.001629] CPU: Testing write buffer coherency: ok
[    0.001827] CPU0: thread -1, cpu 0, socket 0, mpidr 80000000
[    0.001889] Setting up static identity map for 0x8087aba8 - 0x8087ac40
[    0.002864] Tegra Revision: A03 SKU: 128 CPU Process: 4 Core Process: 0
[    0.004031] CPU1: Booted secondary processor
[    0.004047] CPU1: thread -1, cpu 1, socket 0, mpidr 80000001
[    0.004873] CPU2: Booted secondary processor
[    0.004887] CPU2: thread -1, cpu 2, socket 0, mpidr 80000002
[    0.005758] CPU3: Booted secondary processor
[    0.005771] CPU3: thread -1, cpu 3, socket 0, mpidr 80000003
[    0.005811] Brought up 4 CPUs
[    0.005826] SMP: Total of 4 processors activated.
[    0.005831] CPU: All CPU(s) started in SVC mode.
[    0.006256] devtmpfs: initialized
[    0.008576] VFP support v0.3: implementor 41 architecture 3 part 30 variant 9 rev 4
[    0.012143] pinctrl core: initialized pinctrl subsystem
[    0.012458] regulator-dummy: no parameters
[    0.015789] NET: Registered protocol family 16
[    0.018440] DMA: preallocated 256 KiB pool for atomic coherent allocations
[    0.029962] cpuidle: using governor ladder
[    0.044956] cpuidle: using governor menu
[    0.052179] No ATAGs?
[    0.052209] hw-breakpoint: found 5 (+1 reserved) breakpoint and 1 watchpoint registers.
[    0.052216] hw-breakpoint: maximum watchpoint size is 4 bytes.
[    0.052323] EXYNOS: PMU not supported
[    0.053691] Serial: AMBA PL011 UART driver
[    0.072166] vdd_5v_in: 5000 mV 
[    0.072254] platform regulators:regulator@1: Driver reg-fixed-voltage requests probe deferral
[    0.072289] platform regulators:regulator@2: Driver reg-fixed-voltage requests probe deferral
[    0.072379] vdd_5v_sata: Failed to request enable GPIO30: -517
[    0.072430] reg-fixed-voltage regulators:regulator@3: Failed to register regulator: -517
[    0.072441] platform regulators:regulator@3: Driver reg-fixed-voltage requests probe deferral
[    0.072525] usb1_vbus: Failed to request enable GPIO238: -517
[    0.072567] reg-fixed-voltage regulators:regulator@4: Failed to register regulator: -517
[    0.072577] platform regulators:regulator@4: Driver reg-fixed-voltage requests probe deferral
[    0.072661] usb3_vbus: Failed to request enable GPIO236: -517
[    0.072702] reg-fixed-voltage regulators:regulator@5: Failed to register regulator: -517
[    0.072712] platform regulators:regulator@5: Driver reg-fixed-voltage requests probe deferral
[    0.072748] platform regulators:regulator@6: Driver reg-fixed-voltage requests probe deferral
[    0.072830] sys_3v3_pexs: Failed to request enable GPIO95: -517
[    0.072870] reg-fixed-voltage regulators:regulator@7: Failed to register regulator: -517
[    0.072881] platform regulators:regulator@7: Driver reg-fixed-voltage requests probe deferral
[    0.072960] +VDD_5V_HDMI: 5000 mV 
[    0.072986] reg-fixed-voltage regulators:regulator@8: Failed to find supply vin
[    0.073032] reg-fixed-voltage regulators:regulator@8: Failed to register regulator: -517
[    0.073042] platform regulators:regulator@8: Driver reg-fixed-voltage requests probe deferral
[    0.074459] vgaarb: loaded
[    0.074866] SCSI subsystem initialized
[    0.075034] libata version 3.00 loaded.
[    0.075237] usbcore: registered new interface driver usbfs
[    0.075274] usbcore: registered new interface driver hub
[    0.075311] usbcore: registered new device driver usb
[    0.082309] vrtc: no parameters
[    0.082795] vrtc: supplied by vdd_5v_in
[    0.089957] vdd_1v8_gen: 1800 mV 
[    0.090000] vdd_1v8_gen: supplied by vdd_5v_in
[    0.094957] vddio_ddr_1v2: 1200 mV 
[    0.094989] vddio_ddr_1v2: supplied by vdd_5v_in
[    0.099956] vdd_1v5_gen: 1500 mV 
[    0.099996] vdd_1v5_gen: supplied by vdd_5v_in
[    0.104956] vdd_cpu,vdd_sys: 1000 mV 
[    0.107288] vdd_pexa,vdd_pexb: 1050 mV 
[    0.107317] vdd_pexa,vdd_pexb: supplied by vdd_1v5_gen
[    0.109984] vdd_sata,avdd_plle: 1050 mV 
[    0.110013] vdd_sata,avdd_plle: supplied by vdd_1v5_gen
[    0.112322] ldo3: at 1000 mV 
[    0.112352] ldo3: supplied by vdd_5v_in
[    0.114955] vdd_rtc: 1200 mV 
[    0.114987] vdd_rtc: supplied by vdd_5v_in
[    0.119956] vddio_sdmmc,avdd_vdac: 3300 mV 
[    0.119987] vddio_sdmmc,avdd_vdac: supplied by vdd_5v_in
[    0.122628] avdd_dsi_csi,pwrdet_mipi: 1200 mV 
[    0.122667] avdd_dsi_csi,pwrdet_mipi: supplied by vdd_1v8_gen
[    0.129954] vdd_pllm,x,u,a_p_c_s: 1200 mV 
[    0.129984] vdd_pllm,x,u,a_p_c_s: supplied by vdd_1v8_gen
[    0.134955] vdd_ddr_hs: 1000 mV 
[    0.134995] vdd_ddr_hs: supplied by vdd_1v8_gen
[    0.136771] tps62361-vout: 500 <--> 1500 mV at 1160 mV 
[    0.136915] Linux video capture interface: v2.00
[    0.136949] pps_core: LinuxPPS API ver. 1 registered
[    0.136954] pps_core: Software ver. 5.3.6 - Copyright 2005-2007 Rodolfo Giometti <giometti@linux.it>
[    0.136975] PTP clock support registered
[    0.137134] EDAC MC: Ver: 3.0.0
[    0.137555] platform 7000f010.iommu: Driver tegra-smmu requests probe deferral
[    0.137687] Advanced Linux Sound Architecture Driver Initialized.
[    0.138421] Switched to clocksource timer_us
[    0.144141] NET: Registered protocol family 2
[    0.144560] TCP established hash table entries: 8192 (order: 3, 32768 bytes)
[    0.144611] TCP bind hash table entries: 8192 (order: 4, 65536 bytes)
[    0.144693] TCP: Hash tables configured (established 8192 bind 8192)
[    0.144765] TCP: reno registered
[    0.144776] UDP hash table entries: 512 (order: 2, 16384 bytes)
[    0.144838] UDP-Lite hash table entries: 512 (order: 2, 16384 bytes)
[    0.145024] NET: Registered protocol family 1
[    0.145272] RPC: Registered named UNIX socket transport module.
[    0.145279] RPC: Registered udp transport module.
[    0.145282] RPC: Registered tcp transport module.
[    0.145286] RPC: Registered tcp NFSv4.1 backchannel transport module.
[    0.145304] PCI: CLS 0 bytes, default 64
[    0.145979] hw perfevents: enabled with armv7_cortex_a9 PMU driver, 7 counters available
[    0.146887] futex hash table entries: 1024 (order: 4, 65536 bytes)
[    0.153253] squashfs: version 4.0 (2009/01/31) Phillip Lougher
[    0.153723] NFS: Registering the id_resolver key type
[    0.153763] Key type id_resolver registered
[    0.153768] Key type id_legacy registered
[    0.153811] msgmni has been set to 1463
[    0.154099] bounce: pool size: 64 pages
[    0.154219] Block layer SCSI generic (bsg) driver version 0.4 loaded (major 249)
[    0.154232] io scheduler noop registered
[    0.154240] io scheduler deadline registered
[    0.154331] io scheduler cfq registered (default)
[    0.158969] tegra-pcie 3000.pcie-controller: 2x3 configuration
[    0.159048] tegra-pcie 3000.pcie-controller: Failed to get supply 'hvdd-pex': -517
[    0.159103] platform 3000.pcie-controller: Driver tegra-pcie requests probe deferral
[    0.161661] tegra-apbdma 6000a000.dma: Tegra20 APB DMA driver register 32 channels
[    0.195825] Serial: 8250/16550 driver, 4 ports, IRQ sharing disabled
[    0.197052] Serial: IMX driver
[    0.197337] msm_serial: driver initialized
[    0.197925] console [ttyS0] disabled
[    0.197971] of_serial 70006000.serial: ttyS0 at MMIO 0x70006000 (irq = 68, base_baud = 25500000) is a Tegra
[    1.189536] console [ttyS0] enabled
[    1.193541] STMicroelectronics ASC driver initialized
[    1.199077] serial: Freescale lpuart driver
[    1.203406] [drm] Initialized drm 1.1.0 20060810
[    1.208838] tegra-hdmi 54280000.hdmi: failed to get HDMI regulator
[    1.215026] platform 54280000.hdmi: Driver tegra-hdmi requests probe deferral
[    1.225800] loop: module loaded
[    1.232293] m25p80 spi32766.1: w25q32 (4096 Kbytes)
[    1.238080] CAN device driver interface
[    1.242479] igb: Intel(R) Gigabit Ethernet Network Driver - version 5.2.15-k
[    1.249519] igb: Copyright (c) 2007-2014 Intel Corporation.
[    1.255997] pegasus: v0.9.3 (2013/04/25), Pegasus/Pegasus II USB Ethernet driver
[    1.263435] usbcore: registered new interface driver pegasus
[    1.269119] usbcore: registered new interface driver asix
[    1.274544] usbcore: registered new interface driver ax88179_178a
[    1.280655] usbcore: registered new interface driver cdc_ether
[    1.286514] usbcore: registered new interface driver smsc75xx
[    1.292286] usbcore: registered new interface driver smsc95xx
[    1.298049] usbcore: registered new interface driver net1080
[    1.303738] usbcore: registered new interface driver cdc_subset
[    1.309676] usbcore: registered new interface driver zaurus
[    1.315308] usbcore: registered new interface driver cdc_ncm
[    1.321178] ehci_hcd: USB 2.0 'Enhanced' Host Controller (EHCI) Driver
[    1.327700] ehci-pci: EHCI PCI platform driver
[    1.332166] ehci-platform: EHCI generic platform driver
[    1.337488] ehci-omap: OMAP-EHCI Host Controller driver
[    1.342776] ehci-orion: EHCI orion driver
[    1.346850] SPEAr-ehci: EHCI SPEAr driver
[    1.350923] tegra-ehci: Tegra EHCI driver
[    1.355085] platform 7d004000.usb: Driver tegra-ehci requests probe deferral
[    1.362174] platform 7d008000.usb: Driver tegra-ehci requests probe deferral
[    1.369251] ohci_hcd: USB 1.1 'Open' Host Controller (OHCI) Driver
[    1.375436] ohci-pci: OHCI PCI platform driver
[    1.379907] ohci-platform: OHCI generic platform driver
[    1.385204] ohci-omap3: OHCI OMAP3 driver
[    1.389288] SPEAr-ohci: OHCI SPEAr driver
[    1.393579] usbcore: registered new interface driver usb-storage
[    1.399733] platform 7d004000.usb-phy: Driver tegra-phy requests probe deferral
[    1.407084] platform 7d008000.usb-phy: Driver tegra-phy requests probe deferral
[    1.415186] mousedev: PS/2 mouse device common for all mice
[    1.422372] tegra_rtc 7000e000.rtc: rtc core: registered 7000e000.rtc as rtc1
[    1.429525] tegra_rtc 7000e000.rtc: Tegra internal Real Time Clock
[    1.448309] tps65910-rtc tps65910-rtc: rtc core: registered tps65910-rtc as rtc0
[    1.455822] i2c /dev entries driver
[    1.460518] usbcore: registered new interface driver uvcvideo
[    1.466259] USB Video Class driver (1.1.1)
[    1.470355] gspca_main: v2.14.0 registered
[    1.476490] sdhci: Secure Digital Host Controller Interface driver
[    1.482663] sdhci: Copyright(c) Pierre Ossman
[    1.487539] Synopsys Designware Multimedia Card Interface Driver
[    1.493979] sdhci-pltfm: SDHCI platform and OF driver helper
[    1.500045] sdhci-tegra 78000000.sdhci: Got CD GPIO
[    1.504928] sdhci-tegra 78000000.sdhci: Got WP GPIO
[    1.510933] sdhci-tegra 78000000.sdhci: No vmmc regulator found
[    1.516846] sdhci-tegra 78000000.sdhci: No vqmmc regulator found
[    1.522842] mmc0: Invalid maximum block size, assuming 512 bytes
[    1.563521] mmc0: SDHCI controller on 78000000.sdhci [78000000.sdhci] using ADMA
[    1.572081] sdhci-tegra 78000600.sdhci: No vmmc regulator found
[    1.578001] sdhci-tegra 78000600.sdhci: No vqmmc regulator found
[    1.583999] mmc1: Invalid maximum block size, assuming 512 bytes
[    1.623429] mmc1: SDHCI controller on 78000600.sdhci [78000600.sdhci] using ADMA
[    1.631462] ledtrig-cpu: registered to indicate activity on CPUs
[    1.637612] usbcore: registered new interface driver usbhid
[    1.643179] usbhid: USB HID core driver
[    1.708619] mmc1: new high speed MMC card at address 0001
[    1.714275] mmcblk0: mmc1:0001 SEM16G 14.8 GiB 
[    1.718875] mmcblk0boot0: mmc1:0001 SEM16G partition 1 1.00 MiB
[    1.724872] mmcblk0boot1: mmc1:0001 SEM16G partition 2 1.00 MiB
[    1.730856] mmcblk0rpmb: mmc1:0001 SEM16G partition 3 128 KiB
[    1.739328] Primary GPT is invalid, using alternate GPT.
[    1.744653]  mmcblk0: p1 p2 p3 p4 p5
[    2.064534] tegra30-i2s 70080400.i2s: DMA channels sourced from device 70080000.ahub
[    2.080232] tegra-snd-rt5640 sound: rt5640-aif1 <-> 70080400.i2s mapping ok
[    2.089373] input: NVIDIA Tegra Beaver Headphones as /devices/soc0/sound/sound/card0/input0
[    2.098704] TCP: cubic registered
[    2.102015] NET: Registered protocol family 17
[    2.106476] can: controller area network core (rev 20120528 abi 9)
[    2.112692] NET: Registered protocol family 29
[    2.117136] can: raw protocol (rev 20120528)
[    2.121403] can: broadcast manager protocol (rev 20120528 t)
[    2.127059] can: netlink gateway (rev 20130117) max_hops=1
[    2.132818] Key type dns_resolver registered
[    2.137444] ThumbEE CPU extension supported.
[    2.141728] Registering SWP/SWPB emulation handler
[    2.149522] chargepump_5v: 5000 mV 
[    2.155692] vdd_ddr: 1500 mV 
[    2.158699] vdd_ddr: supplied by vdd_5v_in
[    2.163000] vdd_5v_sata: 5000 mV 
[    2.166351] vdd_5v_sata: supplied by vdd_5v_in
[    2.170978] usb1_vbus: 5000 mV 
[    2.174139] usb1_vbus: supplied by vdd_5v_in
[    2.178581] usb3_vbus: 5000 mV 
[    2.181728] usb3_vbus: supplied by vdd_5v_in
[    2.189908] sys_3v3,vdd_3v3_alw: 3300 mV 
[    2.193938] sys_3v3,vdd_3v3_alw: supplied by vdd_5v_in
[    2.199249] sys_3v3_pexs: 3300 mV 
[    2.202656] sys_3v3_pexs: supplied by sys_3v3,vdd_3v3_alw
[    2.208224] +VDD_5V_HDMI: 5000 mV 
[    2.211642] +VDD_5V_HDMI: supplied by sys_3v3,vdd_3v3_alw
[    2.217536] tegra-pcie 3000.pcie-controller: 2x3 configuration
[    2.226236] tegra-pcie 3000.pcie-controller: probing port 0, using 2 lanes
[    2.291390] tegra-pcie 3000.pcie-controller: probing port 2, using 2 lanes
[    2.702120] tegra-pcie 3000.pcie-controller: link 2 down, retrying
[    3.112162] tegra-pcie 3000.pcie-controller: link 2 down, retrying
[    3.521561] tegra-pcie 3000.pcie-controller: link 2 down, retrying
[    3.529748] tegra-pcie 3000.pcie-controller: link 2 down, ignoring
[    3.536047] tegra-pcie 3000.pcie-controller: PCI host bridge to bus 0000:00
[    3.543008] pci_bus 0000:00: root bus resource [mem 0x20000000-0x27ffffff]
[    3.549875] pci_bus 0000:00: root bus resource [mem 0x28000000-0x3fffffff pref]
[    3.557173] pci_bus 0000:00: root bus resource [bus 00-ff]
[    3.562650] pci_bus 0000:00: root bus resource [io  0x1000-0xffff]
[    3.568842] pci 0000:00:01.0: [10de:0e1c] type 01 class 0x060400
[    3.574892] pci 0000:00:01.0: PME# supported from D0 D1 D2 D3hot D3cold
[    3.581627] PCI: bus0: Fast back to back transfers disabled
[    3.587197] pci 0000:00:01.0: bridge configuration invalid ([bus 00-00]), reconfiguring
[    3.595298] pci 0000:01:00.0: [10ec:8168] type 00 class 0x020000
[    3.601315] pci 0000:01:00.0: reg 0x10: [io  0x0000-0x00ff]
[    3.606894] pci 0000:01:00.0: reg 0x18: [mem 0x00000000-0x00000fff 64bit pref]
[    3.614114] pci 0000:01:00.0: reg 0x20: [mem 0x00000000-0x00003fff 64bit pref]
[    3.621393] pci 0000:01:00.0: supports D1 D2
[    3.625658] pci 0000:01:00.0: PME# supported from D0 D1 D2 D3hot D3cold
[    3.638450] PCI: bus1: Fast back to back transfers disabled
[    3.644021] pci_bus 0000:01: busn_res: [bus 01-ff] end is updated to 01
[    3.650679] pci 0000:00:01.0: BAR 9: assigned [mem 0x28000000-0x280fffff 64bit pref]
[    3.658419] pci 0000:00:01.0: BAR 7: assigned [io  0x1000-0x1fff]
[    3.664518] pci 0000:01:00.0: BAR 4: assigned [mem 0x28000000-0x28003fff 64bit pref]
[    3.672261] pci 0000:01:00.0: BAR 2: assigned [mem 0x28004000-0x28004fff 64bit pref]
[    3.680002] pci 0000:01:00.0: BAR 0: assigned [io  0x1000-0x10ff]
[    3.686091] pci 0000:00:01.0: PCI bridge to [bus 01]
[    3.691049] pci 0000:00:01.0:   bridge window [io  0x1000-0x1fff]
[    3.697134] pci 0000:00:01.0:   bridge window [mem 0x28000000-0x280fffff 64bit pref]
[    3.704877] pci 0000:00:01.0: nv_msi_ht_cap_quirk didn't locate host bridge
[    3.712039] pcieport 0000:00:01.0: Signaling PME through PCIe PME interrupt
[    3.719000] pci 0000:01:00.0: Signaling PME through PCIe PME interrupt
[    3.725520] pcie_pme 0000:00:01.0:pcie01: service driver pcie_pme loaded
[    3.732363] r8169 Gigabit Ethernet driver 2.3LK-NAPI loaded
[    3.737951] r8169 0000:01:00.0: enabling device (0140 -> 0143)
[    3.744442] r8169 0000:01:00.0 eth0: RTL8168evl/8111evl at 0xf00d2000, 02:04:4b:01:60:a6, XID 0c900800 IRQ 473
[    3.754439] r8169 0000:01:00.0 eth0: jumbo features [frames: 9200 bytes, tx checksumming: ko]
[    3.765042] [drm] Supports vblank timestamp caching Rev 2 (21.10.2013).
[    3.771688] [drm] No driver support for vblank timestamp query.
[    3.777618] host1x drm: No connectors reported connected with modes
[    3.783882] [drm] Cannot find any crtc or sizes - going 1024x768
[    3.808455] Console: switching to colour frame buffer device 128x48
[    3.820735] host1x drm: fb0:  frame buffer device
[    3.825432] host1x drm: registered panic notifier
[    3.843434] [drm] Initialized tegra 0.0.0 20120330 on minor 0
[    3.849786] platform 7d004000.usb: Driver tegra-ehci requests probe deferral
[    3.857339] platform 7d008000.usb: Driver tegra-ehci requests probe deferral
[    3.867870] utmi_phy_clk_enable: timeout waiting for phy to stabilize
[    3.874329] tegra-ehci 7d004000.usb: EHCI Host Controller
[    3.879736] tegra-ehci 7d004000.usb: new USB bus registered, assigned bus number 1
[    3.887999] tegra-ehci 7d004000.usb: irq 53, io mem 0x7d004000
[    3.903433] tegra-ehci 7d004000.usb: USB 2.0 started, EHCI 1.00
[    3.909801] hub 1-0:1.0: USB hub found
[    3.913579] hub 1-0:1.0: 1 port detected
[    3.918051] tegra-ehci 7d008000.usb: EHCI Host Controller
[    3.923467] tegra-ehci 7d008000.usb: new USB bus registered, assigned bus number 2
[    3.931262] tegra-ehci 7d008000.usb: irq 129, io mem 0x7d008000
[    3.943828] tegra-ehci 7d008000.usb: USB 2.0 started, EHCI 1.00
[    3.950150] hub 2-0:1.0: USB hub found
[    3.953924] hub 2-0:1.0: 1 port detected
[    3.962303] tps65910-rtc tps65910-rtc: setting system clock to 2000-01-01 00:00:02 UTC (946684802)
[    3.975687] usb1_vbus: disabling
[    3.978977] vdd_sata,avdd_plle: disabling
[    3.983528] ALSA device list:
[    3.986488]   #0: NVIDIA Tegra Beaver
[    3.991893] EXT4-fs (mmcblk0p1): mounting ext3 file system using the ext4 subsystem
[    4.007620] EXT4-fs (mmcblk0p1): warning: mounting fs with errors, running e2fsck is recommended
[    4.017890] EXT4-fs (mmcblk0p1): recovery complete
[    4.022694] EXT4-fs (mmcblk0p1): mounted filesystem with ordered data mode. Opts: (null)
[    4.030803] VFS: Mounted root (ext3 filesystem) on device 179:1.
[    4.046280] devtmpfs: mounted
[    4.049874] Freeing unused kernel memory: 728K (c0b7a000 - c0c30000)
bash: cannot set terminal process group (-1): Inappropriate ioctl for device
bash: no job control in this shell
root@(none):/# [    4.263876] usb 2-1: new high-speed USB device number 2 using tegra-ehci
