 0.000000] cma: Reserved 16 MiB at 0x00000000f5400000
[    0.000000] psci: probing for conduit method from DT.
[    0.000000] psci: PSCIv1.0 detected in firmware.
[    0.000000] psci: Using standard PSCI v0.2 function IDs
[    0.000000] psci: MIGRATE_INFO_UP_CPU reported invalid physical ID (0x80000000)
[    0.000000] percpu: Embedded 21 pages/cpu @ffff8000bff40000 s47488 r8192 d30336 u86016
[    0.000000] Detected PIPT I-cache on CPU0
[    0.000000] CPU features: enabling workaround for ARM erratum 832075
[    0.000000] CPU features: enabling workaround for ARM erratum 834220
[    0.000000] Built 1 zonelists in Zone order, mobility grouping on.  Total pages: 735336
[    0.000000] Kernel command line: cros_secure vpr=0x08000000@0xf6800000 earlycon
[    0.000000] log_buf_len individual max cpu contribution: 4096 bytes
[    0.000000] log_buf_len total cpu_extra contributions: 12288 bytes
[    0.000000] log_buf_len min size: 16384 bytes
[    0.000000] log_buf_len: 32768 bytes
[    0.000000] early log buf free: 14420(88%)
[    0.000000] PID hash table entries: 4096 (order: 3, 32768 bytes)
[    0.000000] Dentry cache hash table entries: 524288 (order: 10, 4194304 bytes)
[    0.000000] Inode-cache hash table entries: 262144 (order: 9, 2097152 bytes)
[    0.000000] software IO TLB [mem 0xf1400000-0xf5400000] (64MB) mapped at [ffff800071400000-ffff8000753fffff]
[    0.000000] Memory: 2833360K/2988032K available (7932K kernel code, 794K rwdata, 3704K rodata, 960K init, 274K bss, 138288K reserved, 16384K cma-reserved)
[    0.000000] Virtual kernel memory layout:
[    0.000000]     modules : 0xffff000000000000 - 0xffff000008000000   (   128 MB)
[    0.000000]     vmalloc : 0xffff000008000000 - 0xffff7dffbfff0000   (129022 GB)
[    0.000000]       .text : 0xffff000008080000 - 0xffff000008840000   (  7936 KB)
[    0.000000]     .rodata : 0xffff000008840000 - 0xffff000008bf0000   (  3776 KB)
[    0.000000]       .init : 0xffff000008bf0000 - 0xffff000008ce0000   (   960 KB)
[    0.000000]       .data : 0xffff000008ce0000 - 0xffff000008da6800   (   794 KB)
[    0.000000]        .bss : 0xffff000008da6800 - 0xffff000008deb138   (   275 KB)
[    0.000000]     fixed   : 0xffff7dfffe7fd000 - 0xffff7dfffec00000   (  4108 KB)
[    0.000000]     PCI I/O : 0xffff7dfffee00000 - 0xffff7dffffe00000   (    16 MB)
[    0.000000]     vmemmap : 0xffff7e0000000000 - 0xffff800000000000   (  2048 GB maximum)
[    0.000000]               0xffff7e0000000000 - 0xffff7e0003000000   (    48 MB actual)
[    0.000000]     memory  : 0xffff800000000000 - 0xffff8000c0000000   (  3072 MB)
[    0.000000] SLUB: HWalign=64, Order=0-3, MinObjects=0, CPUs=4, Nodes=1
[    0.000000] Preemptible hierarchical RCU implementation.
[    0.000000] 	Build-time adjustment of leaf fanout to 64.
[    0.000000] 	RCU restricting CPUs from NR_CPUS=64 to nr_cpu_ids=4.
[    0.000000] RCU: Adjusting geometry for rcu_fanout_leaf=64, nr_cpu_ids=4
[    0.000000] NR_IRQS:64 nr_irqs:64 0
[    0.000000] GIC: Using split EOI/Deactivate mode
[    0.000000] /interrupt-controller@60004000: 192 interrupts forwarded to /interrupt-controller@50041000
[    0.000000] boot misc0 0x0: expected 0x80000
[    0.000000]  (comparison mask = 0x400ffffb)
[    0.000000] boot misc2 0x1f720005: expected 0x1f720f05
[    0.000000]  (comparison mask = 0xffffff17)
[    0.000000] PLL_C already enabled. Postponing set full defaults
[    0.000000] PLL_MB already enabled. Postponing set full defaults
[    0.000000] PLL_U already enabled. Postponing set full defaults
[    0.000000] PLL_D already enabled. Postponing set full defaults
[    0.000000] PLL_DP already enabled. Postponing set full defaults
[    0.000000] boot misc0 0x0: expected 0x20
[    0.000000]  (comparison mask = 0x7ffffff)
[    0.000000] boot misc1 0x90000000: expected 0xc0000000
[    0.000000]  (comparison mask = 0xf8000000)
[    0.000000] boot misc2 0x0: expected 0xf400f0da
[    0.000000]  (comparison mask = 0xffffffff)
[    0.000000] boot misc3 0x36f0: expected 0x2004f400
[    0.000000]  (comparison mask = 0xffffffff)
[    0.000000] PLL_P already enabled. Postponing set full defaults
[    0.000000] PLL_X already enabled. Postponing set full defaults
[    0.000000] boot misc1 0x0: expected 0x20
[    0.000000]  (comparison mask = 0xffffff)
[    0.000000] arm_arch_timer: Architected cp15 timer(s) running at 19.20MHz (phys).
[    0.000000] clocksource: arch_sys_counter: mask: 0xffffffffffffff max_cycles: 0x46d987e47, max_idle_ns: 440795202767 ns
[    0.000002] sched_clock: 56 bits at 19MHz, resolution 52ns, wraps every 4398046511078ns
[    0.008326] Console: colour dummy device 80x25
[    0.012895] console [tty0] enabled
[    0.016389] bootconsole [uart0] disabled
[    0.000000] Booting Linux on physical CPU 0x0
[    0.000000] Linux version 4.8.0-rc3-134580-gfa8410b (pwalmsley@tamien) (gcc version 4.9.2 20140904 (prerelease) (crosstool-NG linaro-1.13.1-4.9-2014.09 - Linaro GCC 4.9-2014.09) ) #1 SMP PREEMPT Sun Aug 21 16:38:57 PDT 2016
[    0.000000] Boot CPU: AArch64 Processor [411fd071]
[    0.000000] earlycon: uart0 at MMIO 0x0000000070006000 (options '115200n8')
[    0.000000] bootconsole [uart0] enabled
[    0.000000] efi: Getting EFI parameters from FDT:
[    0.000000] efi: UEFI not found.
[    0.000000] cma: Reserved 16 MiB at 0x00000000f5400000
[    0.000000] psci: probing for conduit method from DT.
[    0.000000] psci: PSCIv1.0 detected in firmware.
[    0.000000] psci: Using standard PSCI v0.2 function IDs
[    0.000000] psci: MIGRATE_INFO_UP_CPU reported invalid physical ID (0x80000000)
[    0.000000] percpu: Embedded 21 pages/cpu @ffff8000bff40000 s47488 r8192 d30336 u86016
[    0.000000] Detected PIPT I-cache on CPU0
[    0.000000] CPU features: enabling workaround for ARM erratum 832075
[    0.000000] CPU features: enabling workaround for ARM erratum 834220
[    0.000000] Built 1 zonelists in Zone order, mobility grouping on.  Total pages: 735336
[    0.000000] Kernel command line: cros_secure vpr=0x08000000@0xf6800000 earlycon
[    0.000000] log_buf_len individual max cpu contribution: 4096 bytes
[    0.000000] log_buf_len total cpu_extra contributions: 12288 bytes
[    0.000000] log_buf_len min size: 16384 bytes
[    0.000000] log_buf_len: 32768 bytes
[    0.000000] early log buf free: 14420(88%)
[    0.000000] PID hash table entries: 4096 (order: 3, 32768 bytes)
[    0.000000] Dentry cache hash table entries: 524288 (order: 10, 4194304 bytes)
[    0.000000] Inode-cache hash table entries: 262144 (order: 9, 2097152 bytes)
[    0.000000] software IO TLB [mem 0xf1400000-0xf5400000] (64MB) mapped at [ffff800071400000-ffff8000753fffff]
[    0.000000] Memory: 2833360K/2988032K available (7932K kernel code, 794K rwdata, 3704K rodata, 960K init, 274K bss, 138288K reserved, 16384K cma-reserved)
[    0.000000] Virtual kernel memory layout:
[    0.000000]     modules : 0xffff000000000000 - 0xffff000008000000   (   128 MB)
[    0.000000]     vmalloc : 0xffff000008000000 - 0xffff7dffbfff0000   (129022 GB)
[    0.000000]       .text : 0xffff000008080000 - 0xffff000008840000   (  7936 KB)
[    0.000000]     .rodata : 0xffff000008840000 - 0xffff000008bf0000   (  3776 KB)
[    0.000000]       .init : 0xffff000008bf0000 - 0xffff000008ce0000   (   960 KB)
[    0.000000]       .data : 0xffff000008ce0000 - 0xffff000008da6800   (   794 KB)
[    0.000000]        .bss : 0xffff000008da6800 - 0xffff000008deb138   (   275 KB)
[    0.000000]     fixed   : 0xffff7dfffe7fd000 - 0xffff7dfffec00000   (  4108 KB)
[    0.000000]     PCI I/O : 0xffff7dfffee00000 - 0xffff7dffffe00000   (    16 MB)
[    0.000000]     vmemmap : 0xffff7e0000000000 - 0xffff800000000000   (  2048 GB maximum)
[    0.000000]               0xffff7e0000000000 - 0xffff7e0003000000   (    48 MB actual)
[    0.000000]     memory  : 0xffff800000000000 - 0xffff8000c0000000   (  3072 MB)
[    0.000000] SLUB: HWalign=64, Order=0-3, MinObjects=0, CPUs=4, Nodes=1
[    0.000000] Preemptible hierarchical RCU implementation.
[    0.000000] 	Build-time adjustment of leaf fanout to 64.
[    0.000000] 	RCU restricting CPUs from NR_CPUS=64 to nr_cpu_ids=4.
[    0.000000] RCU: Adjusting geometry for rcu_fanout_leaf=64, nr_cpu_ids=4
[    0.000000] NR_IRQS:64 nr_irqs:64 0
[    0.000000] GIC: Using split EOI/Deactivate mode
[    0.000000] /interrupt-controller@60004000: 192 interrupts forwarded to /interrupt-controller@50041000
[    0.000000] boot misc0 0x0: expected 0x80000
[    0.000000]  (comparison mask = 0x400ffffb)
[    0.000000] boot misc2 0x1f720005: expected 0x1f720f05
[    0.000000]  (comparison mask = 0xffffff17)
[    0.000000] PLL_C already enabled. Postponing set full defaults
[    0.000000] PLL_MB already enabled. Postponing set full defaults
[    0.000000] PLL_U already enabled. Postponing set full defaults
[    0.000000] PLL_D already enabled. Postponing set full defaults
[    0.000000] PLL_DP already enabled. Postponing set full defaults
[    0.000000] boot misc0 0x0: expected 0x20
[    0.000000]  (comparison mask = 0x7ffffff)
[    0.000000] boot misc1 0x90000000: expected 0xc0000000
[    0.000000]  (comparison mask = 0xf8000000)
[    0.000000] boot misc2 0x0: expected 0xf400f0da
[    0.000000]  (comparison mask = 0xffffffff)
[    0.000000] boot misc3 0x36f0: expected 0x2004f400
[    0.000000]  (comparison mask = 0xffffffff)
[    0.000000] PLL_P already enabled. Postponing set full defaults
[    0.000000] PLL_X already enabled. Postponing set full defaults
[    0.000000] boot misc1 0x0: expected 0x20
[    0.000000]  (comparison mask = 0xffffff)
[    0.000000] arm_arch_timer: Architected cp15 timer(s) running at 19.20MHz (phys).
[    0.000000] clocksource: arch_sys_counter: mask: 0xffffffffffffff max_cycles: 0x46d987e47, max_idle_ns: 440795202767 ns
[    0.000002] sched_clock: 56 bits at 19MHz, resolution 52ns, wraps every 4398046511078ns
[    0.008326] Console: colour dummy device 80x25
[    0.012895] console [tty0] enabled
[    0.016389] bootconsole [uart0] disabled
[    0.020432] Calibrating delay loop (skipped), value calculated using timer frequency.. 38.40 BogoMIPS (lpj=76800)
[    0.020445] pid_max: default: 32768 minimum: 301
[    0.020492] Security Framework initialized
[    0.020521] Mount-cache hash table entries: 8192 (order: 4, 65536 bytes)
[    0.020530] Mountpoint-cache hash table entries: 8192 (order: 4, 65536 bytes)
[    0.021127] ASID allocator initialised with 65536 entries
[    0.045089] Speedo Revision 4
[    0.045107] Tegra Revision: A02 SKU: 19 CPU Process: 0 SoC Process: 0
[    0.092585] EFI services will not be available.
[    0.116644] Detected PIPT I-cache on CPU1
[    0.116672] CPU1: Booted secondary processor [411fd071]
[    0.132651] Detected PIPT I-cache on CPU2
[    0.132669] CPU2: Booted secondary processor [411fd071]
[    0.148673] Detected PIPT I-cache on CPU3
[    0.148691] CPU3: Booted secondary processor [411fd071]
[    0.148730] Brought up 4 CPUs
[    0.148760] SMP: Total of 4 processors activated.
[    0.148767] CPU features: detected feature: 32-bit EL0 Support
[    0.148776] CPU: All CPU(s) started at EL2
[    0.148793] alternatives: patching kernel code
[    0.150828] devtmpfs: initialized
[    0.156924] DMI not present or invalid.
[    0.157065] clocksource: jiffies: mask: 0xffffffff max_cycles: 0xffffffff, max_idle_ns: 7645041785100000 ns
[    0.157316] pinctrl core: initialized pinctrl subsystem
[    0.158144] NET: Registered protocol family 16
[    0.168658] cpuidle: using governor menu
[    0.168753] vdso: 2 pages (1 code @ ffff000008846000, 1 data @ ffff000008ce4000)
[    0.168775] hw-breakpoint: found 6 breakpoint and 4 watchpoint registers.
[    0.169203] DMA: preallocated 256 KiB pool for atomic allocations
[    0.169345] Serial: AMBA PL011 UART driver
[    0.192994] HugeTLB registered 2 MB page size, pre-allocated 0 pages
[    0.193546] ACPI: Interpreter disabled.
[    0.193813] PPLCD_VDD: Failed to request enable GPIO172: -517
[    0.193829] reg-fixed-voltage regulators:regulator@1: Failed to register regulator: -517
[    0.194156] PP1800_LCDIO: Failed to request enable GPIO171: -517
[    0.194170] reg-fixed-voltage regulators:regulator@5: Failed to register regulator: -517
[    0.194217] PP1800_CAM: Failed to request enable GPIO83: -517
[    0.194230] reg-fixed-voltage regulators:regulator@6: Failed to register regulator: -517
[    0.194904] vgaarb: loaded
[    0.195057] SCSI subsystem initialized
[    0.195303] usbcore: registered new interface driver usbfs
[    0.195341] usbcore: registered new interface driver hub
[    0.195394] usbcore: registered new device driver usb
[    0.196041] pps_core: LinuxPPS API ver. 1 registered
[    0.196053] pps_core: Software ver. 5.3.6 - Copyright 2005-2007 Rodolfo Giometti <giometti@linux.it>
[    0.196076] PTP clock support registered
[    0.196167] dmi: Firmware registration failed.
[    0.196647] Advanced Linux Sound Architecture Driver Initialized.
[    0.197303] clocksource: Switched to clocksource arch_sys_counter
[    0.197393] VFS: Disk quotas dquot_6.6.0
[    0.197429] VFS: Dquot-cache hash table entries: 512 (order 0, 4096 bytes)
[    0.197568] pnp: PnP ACPI: disabled
[    0.201604] NET: Registered protocol family 2
[    0.201909] TCP established hash table entries: 32768 (order: 6, 262144 bytes)
[    0.202037] TCP bind hash table entries: 32768 (order: 7, 524288 bytes)
[    0.202237] TCP: Hash tables configured (established 32768 bind 32768)
[    0.202295] UDP hash table entries: 2048 (order: 4, 65536 bytes)
[    0.202326] UDP-Lite hash table entries: 2048 (order: 4, 65536 bytes)
[    0.202433] NET: Registered protocol family 1
[    0.202607] RPC: Registered named UNIX socket transport module.
[    0.202620] RPC: Registered udp transport module.
[    0.202628] RPC: Registered tcp transport module.
[    0.202637] RPC: Registered tcp NFSv4.1 backchannel transport module.
[    0.202765] Unpacking initramfs...
[    0.286882] Freeing initrd memory: 2360K (ffff800009fcf000 - ffff80000a21d000)
[    0.287166] kvm [1]: IDMAP page: 80829000
[    0.287179] kvm [1]: HYP VA range: 800000000000:ffffffffffff
[    0.287667] kvm [1]: 8-bit VMID
[    0.287677] kvm [1]: Hyp mode initialized successfully
[    0.287716] kvm [1]: vgic-v2@50044000
[    0.287799] kvm [1]: vgic interrupt IRQ1
[    0.287867] kvm [1]: virtual timer IRQ4
[    0.289080] futex hash table entries: 1024 (order: 5, 131072 bytes)
[    0.289147] audit: initializing netlink subsys (disabled)
[    0.289179] audit: type=2000 audit(0.275:1): initialized
[    0.289506] workingset: timestamp_bits=46 max_order=20 bucket_order=0
[    0.294865] squashfs: version 4.0 (2009/01/31) Phillip Lougher
[    0.295336] NFS: Registering the id_resolver key type
[    0.295361] Key type id_resolver registered
[    0.295371] Key type id_legacy registered
[    0.295386] nfs4filelayout_init: NFSv4 File Layout Driver Registering...
[    0.295510] 9p: Installing v9fs 9p2000 file system support
[    0.296754] io scheduler noop registered
[    0.296855] io scheduler cfq registered (default)
[    0.297465] libphy: mdio_driver_register: phy-bcm-ns2-pci
[    0.303129] tegra-apbdma 60020000.dma: Tegra20 APB DMA driver register 32 channels
[    0.303531] tegra-pmc 7000e400.pmc: i2c-thermtrip node not found, emergency thermal reset disabled.
[    0.303680] xenfs: not registering filesystem on non-xen platform
[    0.305669] Serial: 8250/16550 driver, 4 ports, IRQ sharing disabled
[    0.306639] 70006000.serial: ttyS0 at MMIO 0x70006000 (irq = 312, base_baud = 25500000) is a Tegra
[    1.258552] console [ttyS0] enabled
[    1.262340] SuperH (H)SCI(F) driver initialized
[    1.267048] msm_serial: driver initialized
[    1.271365] Unable to detect cache hierarchy from DT for CPU 0
[    1.280000] loop: module loaded
[    1.285165] cros-ec-i2c 0-001e: Chrome EC device registered
[    1.291334] max77620 1-003c: PMIC Version OTP:0x35 and ES:0x8
[    1.304468] PP1200_RCAM: Bringing 1050000uV into 1200000-1200000uV
[    1.311652] PP2800L_RCAM: Bringing 3100000uV into 2800000-2800000uV
[    1.318371] PP1100_SOC_RTC: Bringing 1000000uV into 850000-850000uV
[    1.325227] PP2800L_FCAM: Bringing 3100000uV into 2800000-2800000uV
[    1.331957] PP_LDO6: Bringing 2800000uV into 1800000-1800000uV
[    1.339625] random: fast init done
[    1.345057] libphy: Fixed MDIO Bus: probed
[    1.349539] tun: Universal TUN/TAP device driver, 1.6
[    1.354594] tun: (C) 1999-2004 Max Krasnyansky <maxk@qualcomm.com>
[    1.361119] e1000e: Intel(R) PRO/1000 Network Driver - 3.2.6-k
[    1.366952] e1000e: Copyright(c) 1999 - 2015 Intel Corporation.
[    1.372899] igb: Intel(R) Gigabit Ethernet Network Driver - version 5.3.0-k
[    1.379859] igb: Copyright (c) 2007-2014 Intel Corporation.
[    1.385459] igbvf: Intel(R) Gigabit Virtual Function Network Driver - version 2.0.2-k
[    1.393288] igbvf: Copyright (c) 2009 - 2012 Intel Corporation.
[    1.399229] sky2: driver version 1.30
[    1.403153] VFIO - User Level meta-driver version: 0.3
[    1.409466] ehci_hcd: USB 2.0 'Enhanced' Host Controller (EHCI) Driver
[    1.415997] ehci-pci: EHCI PCI platform driver
[    1.420465] ehci-platform: EHCI generic platform driver
[    1.425752] ehci-exynos: EHCI EXYNOS driver
[    1.429984] ehci-msm: Qualcomm On-Chip EHCI Host Controller
[    1.435599] ohci_hcd: USB 1.1 'Open' Host Controller (OHCI) Driver
[    1.441785] ohci-pci: OHCI PCI platform driver
[    1.446252] ohci-platform: OHCI generic platform driver
[    1.451528] ohci-exynos: OHCI EXYNOS driver
[    1.455949] usbcore: registered new interface driver usb-storage
[    1.462497] mousedev: PS/2 mouse device common for all mice
[    1.597906] max77686-rtc max77620-rtc: rtc core: registered max77620-rtc as rtc0
[    1.605809] tegra_rtc 7000e000.rtc: rtc core: registered 7000e000.rtc as rtc1
[    1.612966] tegra_rtc 7000e000.rtc: Tegra internal Real Time Clock
[    1.619217] i2c /dev entries driver
[    1.623740] bq27xxx-battery 2-0055: support ver. 1.2.0 enabled
[    1.647975] sdhci: Secure Digital Host Controller Interface driver
[    1.654181] sdhci: Copyright(c) Pierre Ossman
[    1.658568] Synopsys Designware Multimedia Card Interface Driver
[    1.664827] sdhci-pltfm: SDHCI platform and OF driver helper
[    1.670657] mmc0: Unknown controller version (3). You may experience problems.
[    1.721317] mmc0: SDHCI controller on 700b0600.sdhci [700b0600.sdhci] using ADMA 64-bit
[    1.729795] ledtrig-cpu: registered to indicate activity on CPUs
[    1.736203] usbcore: registered new interface driver usbhid
[    1.741777] usbhid: USB HID core driver
[    1.746859] NET: Registered protocol family 17
[    1.751362] 9pnet: Installing 9P2000 support
[    1.755671] Key type dns_resolver registered
[    1.760275] registered taskstats version 1
[    1.765486] input: gpio-keys as /devices/platform/gpio-keys/input/input0
[    1.781768] mmc0: new high speed MMC card at address 0001
[    1.787433] mmcblk0: mmc0:0001 BGND3R 29.1 GiB 
[    1.792072] mmcblk0boot0: mmc0:0001 BGND3R partition 1 4.00 MiB
[    1.798088] mmcblk0boot1: mmc0:0001 BGND3R partition 2 4.00 MiB
[    1.804104] mmcblk0rpmb: mmc0:0001 BGND3R partition 3 4.00 MiB
[    1.809936] max77686-rtc max77620-rtc: setting system clock to 2000-06-02 05:09:00 UTC (959922540)
[    1.812371]  mmcblk0: p1 p2 p3 p4 p5 p6 p7 p8 p9 p10 p11
[    1.828384] USBC_VBUS: disabling
[    1.831638] PP1200_AVDD: disabling
[    1.835115] PP1200_RCAM: disabling
[    1.838574] PP2800L_RCAM: disabling
[    1.842114] PP2800L_FCAM: disabling
[    1.845653] PP_LDO6: disabling
[    1.848751] AVDDIO_1V05: disabling
[    1.852201] PPLCD_VDD: disabling
[    1.855433] PP1800_LCDIO: disabling
[    1.858920] PP1800_CAM: disabling
[    1.862515] ALSA device list:
[    1.865483]   No soundcards found.
[    1.869406] Freeing unused kernel memory: 960K (ffff800000bf0000 - ffff800000ce0000)

System initialization...

Mounting /proc :[SUCCESS]
Mounting /sys :[SUCCESS]
Mounting /dev :[SUCCESS]
Mounting /dev/pts :[SUCCESS]
Mounting /sys/kernel/debug :[SUCCESS]
Mounting other filesystems :[SUCCESS]
Enabling hot-plug :[SUCCESS]
Populating /dev :[SUCCESS]
Starting syslogd :[SUCCESS]
Starting telnetd :[SUCCESS]

System initialization complete.

Please press Enter to activate this console. 