
U-Boot SPL 2015.04-rc3-00209-ga74ef40 (Mar 16 2015 - 14:43:39)


U-Boot 2015.04-rc3-00209-ga74ef40 (Mar 16 2015 - 14:43:39)

TEGRA20
Model: Compulab TrimSlice board
DRAM:  1 GiB
MMC:   Tegra SD/MMC: 0, Tegra SD/MMC: 1
SF: Detected W25Q80BL with page size 256 Bytes, erase size 4 KiB, total 1 MiB
tegra-pcie: PCI regions:
tegra-pcie:   I/O: 0x82000000-0x82010000
tegra-pcie:   non-prefetchable memory: 0xa0000000-0xa8000000
tegra-pcie:   prefetchable memory: 0xa8000000-0xc0000000
tegra-pcie: dual-mode configuration
tegra-pcie: probing port 0, using 2 lanes
In:    serial
Out:   serial
Err:   serial
Net:   RTL8169#0
Hit any key to stop autoboot:  2  0 
Tegra20 (TrimSlice) # 
Tegra20 (TrimSlice) # usb reset
resetting USB...
USB0:   USB EHCI 1.00
scanning bus 0 for devices... 3 USB Device(s) found
USB1:   USB EHCI 1.00
scanning bus 1 for devices... 1 USB Device(s) found
USB2:   lowlevel init failed
       scanning usb for storage devices... 0 Storage Device(s) found
       scanning usb for ethernet devices... 
Warning: asx0 using MAC address from net device
1 Ethernet Device(s) found
Tegra20 (TrimSlice) # setenv bootargs 'ignore_loglevel console=ttyS0,115200n8 rw root=PARTUUID=11eb23c1-01 rootwait gpt debug noinitrd earlyprintk init=/bin/bash'
Tegra20 (TrimSlice) # setenv ipaddr 192.168.100.103; setenv serverip 192.168.100.1; setenv tftpserverip 192.168.100.1
Tegra20 (TrimSlice) # tftpboot 0x00408000 zImage.multi_v7_defconfig
Using RTL8169#0 device
TFTP from server 192.168.100.1; our IP address is 192.168.100.103
Filename 'zImage.multi_v7_defconfig'.
Load address: 0x408000
Loading: *#################################################################
	 #################################################################
	 #################################################################
	 #################################################################
	 #################################################################
	 #################################################################
	 #################################################################
	 #################################################################
	 #####################################
	 3.3 MiB/s
done
Bytes transferred = 8167936 (7ca200 hex)
Tegra20 (TrimSlice) # tftpboot 0x02408000 tegra20-trimslice.dtb
Using RTL8169#0 device
TFTP from server 192.168.100.1; our IP address is 192.168.100.103
Filename 'tegra20-trimslice.dtb'.
Load address: 0x2408000
Loading: *##
	 3.4 MiB/s
done
Bytes transferred = 21454 (53ce hex)
Tegra20 (TrimSlice) # bootz 0x00408000 - 0x02408000
Kernel image @ 0x408000 [ 0x000000 - 0x7ca200 ]
## Flattened Device Tree blob at 02408000
   Booting using the fdt blob at 0x2408000
   Using Device Tree in place at 02408000, end 024103cd

Starting kernel ...

[    0.000000] Booting Linux on physical CPU 0x0
[    0.000000] Linux version 4.14.0-rc8-201588-g39dae59 (jonathanh@sellafield) (gcc version 4.7.3 20130328 (prerelease) (crosstool-NG linaro-1.13.1-4.7-2013.04-20130415 - Linaro GCC 2013.04)) #1 SMP Sun Nov 5 13:36:06 PST 2017
[    0.000000] CPU: ARMv7 Processor [411fc090] revision 0 (ARMv7), cr=10c5387d
[    0.000000] CPU: PIPT / VIPT nonaliasing data cache, VIPT aliasing instruction cache
[    0.000000] OF: fdt: Machine model: Compulab TrimSlice board
[    0.000000] debug: ignoring loglevel setting.
[    0.000000] Memory policy: Data cache writealloc
[    0.000000] efi: Getting EFI parameters from FDT:
[    0.000000] efi: UEFI not found.
[    0.000000] cma: Reserved 64 MiB at 0x3c000000
[    0.000000] On node 0 totalpages: 262144
[    0.000000] free_area_init_node: node 0, pgdat c158fa80, node_mem_map ef7f8000
[    0.000000]   DMA zone: 1536 pages used for memmap
[    0.000000]   DMA zone: 0 pages reserved
[    0.000000]   DMA zone: 196608 pages, LIFO batch:31
[    0.000000]   HighMem zone: 65536 pages, LIFO batch:15
[    0.000000] random: fast init done
[    0.000000] percpu: Embedded 17 pages/cpu @ef7c4000 s39424 r8192 d22016 u69632
[    0.000000] pcpu-alloc: s39424 r8192 d22016 u69632 alloc=17*4096
[    0.000000] pcpu-alloc: [0] 0 [0] 1 
[    0.000000] Built 1 zonelists, mobility grouping on.  Total pages: 260608
[    0.000000] Kernel command line: ignore_loglevel console=ttyS0,115200n8 rw root=PARTUUID=11eb23c1-01 rootwait gpt debug noinitrd earlyprintk init=/bin/bash
[    0.000000] PID hash table entries: 4096 (order: 2, 16384 bytes)
[    0.000000] Dentry cache hash table entries: 131072 (order: 7, 524288 bytes)
[    0.000000] Inode-cache hash table entries: 65536 (order: 6, 262144 bytes)
[    0.000000] Memory: 954308K/1048576K available (10240K kernel code, 1631K rwdata, 4504K rodata, 2048K init, 406K bss, 28732K reserved, 65536K cma-reserved, 196608K highmem)
[    0.000000] Virtual kernel memory layout:
[    0.000000]     vector  : 0xffff0000 - 0xffff1000   (   4 kB)
[    0.000000]     fixmap  : 0xffc00000 - 0xfff00000   (3072 kB)
[    0.000000]     vmalloc : 0xf0800000 - 0xff800000   ( 240 MB)
[    0.000000]     lowmem  : 0xc0000000 - 0xf0000000   ( 768 MB)
[    0.000000]     pkmap   : 0xbfe00000 - 0xc0000000   (   2 MB)
[    0.000000]     modules : 0xbf000000 - 0xbfe00000   (  14 MB)
[    0.000000]       .text : 0xc0208000 - 0xc0d00000   (11232 kB)
[    0.000000]       .init : 0xc1200000 - 0xc1400000   (2048 kB)
[    0.000000]       .data : 0xc1400000 - 0xc1597f28   (1632 kB)
[    0.000000]        .bss : 0xc15a0b9c - 0xc16064fc   ( 407 kB)
[    0.000000] SLUB: HWalign=64, Order=0-3, MinObjects=0, CPUs=2, Nodes=1
[    0.000000] Hierarchical RCU implementation.
[    0.000000] 	RCU event tracing is enabled.
[    0.000000] 	RCU restricting CPUs from NR_CPUS=16 to nr_cpu_ids=2.
[    0.000000] RCU: Adjusting geometry for rcu_fanout_leaf=16, nr_cpu_ids=2
[    0.000000] NR_IRQS: 16, nr_irqs: 16, preallocated irqs: 16
[    0.000000] /interrupt-controller@60004000: 128 interrupts forwarded to /interrupt-controller@50041000
[    0.000000] L2C: platform modifies aux control register: 0x02080000 -> 0x3e480001
[    0.000000] L2C: DT/platform modifies aux control register: 0x02080000 -> 0x3e480001
[    0.000000] L2C-310 errata 727915 769419 enabled
[    0.000000] L2C-310 enabling early BRESP for Cortex-A9
[    0.000000] L2C-310: enabling full line of zeros but not enabled in Cortex-A9
[    0.000000] L2C-310 ID prefetch enabled, offset 1 lines
[    0.000000] L2C-310 cache controller enabled, 8 ways, 1024 kB
[    0.000000] L2C-310: CACHE_ID 0x410000c4, AUX_CTRL 0x7e480001
[    0.000010] sched_clock: 32 bits at 1000kHz, resolution 1000ns, wraps every 2147483647500ns
[    0.000027] clocksource: timer_us: mask: 0xffffffff max_cycles: 0xffffffff, max_idle_ns: 1911260446275 ns
[    0.000037] Switching to timer-based delay loop, resolution 1000ns
[    0.001766] Console: colour dummy device 80x30
[    0.001796] Calibrating delay loop (skipped), value calculated using timer frequency.. 2.00 BogoMIPS (lpj=10000)
[    0.001807] pid_max: default: 32768 minimum: 301
[    0.001900] Mount-cache hash table entries: 2048 (order: 1, 8192 bytes)
[    0.001911] Mountpoint-cache hash table entries: 2048 (order: 1, 8192 bytes)
[    0.002345] CPU: Testing write buffer coherency: ok
[    0.002552] CPU0: thread -1, cpu 0, socket 0, mpidr 80000000
[    0.002786] Setting up static identity map for 0x300000 - 0x3000a0
[    0.003450] Hierarchical SRCU implementation.
[    0.004324] Tegra Revision: A03 prime SKU: 8 CPU Process: 1 SoC Process: 2
[    0.004781] EFI services will not be available.
[    0.004873] smp: Bringing up secondary CPUs ...
[    0.005388] CPU1: thread -1, cpu 1, socket 0, mpidr 80000001
[    0.005470] smp: Brought up 1 node, 2 CPUs
[    0.005481] SMP: Total of 2 processors activated (4.00 BogoMIPS).
[    0.005486] CPU: All CPU(s) started in SVC mode.
[    0.006146] devtmpfs: initialized
[    0.009839] VFP support v0.3: implementor 41 architecture 3 part 30 variant 9 rev 1
[    0.010097] clocksource: jiffies: mask: 0xffffffff max_cycles: 0xffffffff, max_idle_ns: 19112604462750000 ns
[    0.010115] futex hash table entries: 512 (order: 3, 32768 bytes)
[    0.013055] pinctrl core: initialized pinctrl subsystem
[    0.013984] DMI not present or invalid.
[    0.014211] NET: Registered protocol family 16
[    0.016274] DMA: preallocated 256 KiB pool for atomic coherent allocations
[    0.017594] cpuidle: using governor menu
[    0.033108] No ATAGs?
[    0.033172] hw-breakpoint: found 5 (+1 reserved) breakpoint and 1 watchpoint registers.
[    0.033183] hw-breakpoint: maximum watchpoint size is 4 bytes.
[    0.037965] Serial: AMBA PL011 UART driver
[    0.048198] AT91: Could not find identification node
[    0.048699] usb1_vbus: Failed to request enable GPIO170: -517
[    0.048715] reg-fixed-voltage regulators:regulator@2: Failed to register regulator: -517
[    0.052246] vgaarb: loaded
[    0.052789] SCSI subsystem initialized
[    0.052918] libata version 3.00 loaded.
[    0.053094] usbcore: registered new interface driver usbfs
[    0.053132] usbcore: registered new interface driver hub
[    0.053182] usbcore: registered new device driver usb
[    0.055173] pps_core: LinuxPPS API ver. 1 registered
[    0.055180] pps_core: Software ver. 5.3.6 - Copyright 2005-2007 Rodolfo Giometti <giometti@linux.it>
[    0.055197] PTP clock support registered
[    0.055346] EDAC MC: Ver: 3.0.0
[    0.055591] dmi: Firmware registration failed.
[    0.057005] clocksource: Switched to clocksource timer_us
[    0.094682] NET: Registered protocol family 2
[    0.095118] TCP established hash table entries: 8192 (order: 3, 32768 bytes)
[    0.095189] TCP bind hash table entries: 8192 (order: 4, 65536 bytes)
[    0.095302] TCP: Hash tables configured (established 8192 bind 8192)
[    0.095416] UDP hash table entries: 512 (order: 2, 16384 bytes)
[    0.095467] UDP-Lite hash table entries: 512 (order: 2, 16384 bytes)
[    0.095630] NET: Registered protocol family 1
[    0.095932] RPC: Registered named UNIX socket transport module.
[    0.095940] RPC: Registered udp transport module.
[    0.095945] RPC: Registered tcp transport module.
[    0.095950] RPC: Registered tcp NFSv4.1 backchannel transport module.
[    0.095960] PCI: CLS 0 bytes, default 64
[    0.096769] hw perfevents: no interrupt-affinity property for /pmu, guessing.
[    0.096937] hw perfevents: enabled with armv7_cortex_a9 PMU driver, 7 counters available
[    0.098123] workingset: timestamp_bits=30 max_order=18 bucket_order=0
[    0.102375] squashfs: version 4.0 (2009/01/31) Phillip Lougher
[    0.102842] NFS: Registering the id_resolver key type
[    0.102867] Key type id_resolver registered
[    0.102873] Key type id_legacy registered
[    0.102904] ntfs: driver 2.1.32 [Flags: R/O].
[    0.104006] bounce: pool size: 64 pages
[    0.104056] Block layer SCSI generic (bsg) driver version 0.4 loaded (major 248)
[    0.104064] io scheduler noop registered
[    0.104070] io scheduler deadline registered
[    0.104235] io scheduler cfq registered (default)
[    0.104242] io scheduler mq-deadline registered
[    0.104248] io scheduler kyber registered
[    0.116010] tegra-pcie 80003000.pcie: dual-mode configuration
[    0.116712] tegra-pcie 80003000.pcie: probing port 0, using 2 lanes
[    0.199130] tegra-pcie 80003000.pcie: PCI host bridge to bus 0000:00
[    0.199142] pci_bus 0000:00: root bus resource [io  0x0000-0xffff]
[    0.199151] pci_bus 0000:00: root bus resource [mem 0xa0000000-0xa7ffffff]
[    0.199160] pci_bus 0000:00: root bus resource [mem 0xa8000000-0xbfffffff pref]
[    0.199168] pci_bus 0000:00: root bus resource [bus 00-ff]
[    0.199195] pci 0000:00:01.0: [10de:0bf0] type 01 class 0x060000
[    0.199214] pci_bus 0000:00: 2-byte config write to 0000:00:01.0 offset 0x4 may corrupt adjacent RW1C bits
[    0.199225] pci_bus 0000:00: 2-byte config write to 0000:00:01.0 offset 0x4 may corrupt adjacent RW1C bits
[    0.199244] pci 0000:00:01.0: enabling Extended Tags
[    0.199254] pci_bus 0000:00: 2-byte config write to 0000:00:01.0 offset 0x88 may corrupt adjacent RW1C bits
[    0.199279] pci_bus 0000:00: 2-byte config write to 0000:00:01.0 offset 0x52 may corrupt adjacent RW1C bits
[    0.199304] pci 0000:00:01.0: PME# supported from D0 D1 D2 D3hot D3cold
[    0.199314] pci_bus 0000:00: 2-byte config write to 0000:00:01.0 offset 0x4c may corrupt adjacent RW1C bits
[    0.199467] pci_bus 0000:00: 2-byte config write to 0000:00:01.0 offset 0x3e may corrupt adjacent RW1C bits
[    0.199479] pci_bus 0000:00: 2-byte config write to 0000:00:01.0 offset 0x4 may corrupt adjacent RW1C bits
[    0.199489] pci_bus 0000:00: 1-byte config write to 0000:00:01.0 offset 0xc may corrupt adjacent RW1C bits
[    0.199495] PCI: bus0: Fast back to back transfers disabled
[    0.199505] pci 0000:00:01.0: bridge configuration invalid ([bus 00-00]), reconfiguring
[    0.199514] pci_bus 0000:00: 2-byte config write to 0000:00:01.0 offset 0x3e may corrupt adjacent RW1C bits
[    0.199524] pci_bus 0000:00: 2-byte config write to 0000:00:01.0 offset 0x3e may corrupt adjacent RW1C bits
[    0.199634] pci 0000:01:00.0: [10ec:8168] type 00 class 0x020000
[    0.199668] pci 0000:01:00.0: reg 0x10: [io  0x0000-0x00ff]
[    0.199692] pci 0000:01:00.0: reg 0x18: [mem 0x00000000-0x00000fff 64bit pref]
[    0.199710] pci 0000:01:00.0: reg 0x20: [mem 0x00000000-0x00003fff 64bit pref]
[    0.199723] pci 0000:01:00.0: reg 0x30: [mem 0x00000000-0x0001ffff pref]
[    0.199798] pci 0000:01:00.0: supports D1 D2
[    0.199806] pci 0000:01:00.0: PME# supported from D0 D1 D2 D3hot D3cold
[    0.227055] PCI: bus1: Fast back to back transfers disabled
[    0.227068] pci_bus 0000:01: busn_res: [bus 01-ff] end is updated to 01
[    0.227096] pci 0000:00:01.0: BAR 8: assigned [mem 0xa0000000-0xa00fffff]
[    0.227107] pci 0000:00:01.0: BAR 9: assigned [mem 0xa8000000-0xa80fffff 64bit pref]
[    0.227116] pci 0000:00:01.0: BAR 7: assigned [io  0x1000-0x1fff]
[    0.227128] pci 0000:01:00.0: BAR 6: assigned [mem 0xa0000000-0xa001ffff pref]
[    0.227137] pci 0000:01:00.0: BAR 4: assigned [mem 0xa8000000-0xa8003fff 64bit pref]
[    0.227156] pci 0000:01:00.0: BAR 2: assigned [mem 0xa8004000-0xa8004fff 64bit pref]
[    0.227174] pci 0000:01:00.0: BAR 0: assigned [io  0x1000-0x10ff]
[    0.227185] pci 0000:00:01.0: PCI bridge to [bus 01]
[    0.227193] pci 0000:00:01.0:   bridge window [io  0x1000-0x1fff]
[    0.227202] pci 0000:00:01.0:   bridge window [mem 0xa0000000-0xa00fffff]
[    0.227210] pci 0000:00:01.0:   bridge window [mem 0xa8000000-0xa80fffff 64bit pref]
[    0.227233] pci 0000:00:01.0: nv_msi_ht_cap_quirk didn't locate host bridge
[    0.227285] Disabling cpuidle LP2 state, since PCIe IRQs are in use
[    0.227320] pcieport 0000:00:01.0: enabling device (0140 -> 0143)
[    0.227500] pcieport 0000:00:01.0: Signaling PME with IRQ 295
[    0.233521] tegra-apbdma 6000a000.dma: Tegra20 APB DMA driver register 16 channels
[    0.276790] Serial: 8250/16550 driver, 4 ports, IRQ sharing disabled
[    0.279014] console [ttyS0] disabled
[    0.279053] 70006000.serial: ttyS0 at MMIO 0x70006000 (irq = 279, base_baud = 13500000) is a Tegra
[    1.361932] console [ttyS0] enabled
[    1.366012] SuperH (H)SCI(F) driver initialized
[    1.371325] msm_serial: driver initialized
[    1.375550] STMicroelectronics ASC driver initialized
[    1.385022] tegra-hdmi 54280000.hdmi: 54280000.hdmi supply hdmi not found, using dummy regulator
[    1.396089] [drm] Supports vblank timestamp caching Rev 2 (21.10.2013).
[    1.402706] [drm] No driver support for vblank timestamp query.
[    1.408649] [drm] Cannot find any crtc or sizes
[    1.413185] [drm] Initialized tegra 0.0.0 20120330 for drm on minor 0
[    1.421252] [drm] Cannot find any crtc or sizes
[    1.431386] brd: module loaded
[    1.439644] loop: module loaded
[    1.448853] m25p80 spi0.0: found s25fl008k, expected w25q80bl
[    1.454654] m25p80 spi0.0: s25fl008k (1024 Kbytes)
[    1.461366] libphy: Fixed MDIO Bus: probed
[    1.466141] CAN device driver interface
[    1.470667] bgmac_bcma: Broadcom 47xx GBit MAC driver loaded
[    1.477361] e1000e: Intel(R) PRO/1000 Network Driver - 3.2.6-k
[    1.483178] e1000e: Copyright(c) 1999 - 2015 Intel Corporation.
[    1.489143] igb: Intel(R) Gigabit Ethernet Network Driver - version 5.4.0-k
[    1.496086] igb: Copyright (c) 2007-2014 Intel Corporation.
[    1.502227] r8169 Gigabit Ethernet driver 2.3LK-NAPI loaded
[    1.507823] r8169 0000:01:00.0: enabling device (0140 -> 0143)
[    1.514282] r8169 0000:01:00.0 eth0: RTL8168d/8111d at 0xf0a5c000, 00:01:c0:13:7d:63, XID 081000c0 IRQ 296
[    1.523944] r8169 0000:01:00.0 eth0: jumbo features [frames: 9200 bytes, tx checksumming: ko]
[    1.534713] pegasus: v0.9.3 (2013/04/25), Pegasus/Pegasus II USB Ethernet driver
[    1.542167] usbcore: registered new interface driver pegasus
[    1.547862] usbcore: registered new interface driver asix
[    1.553270] usbcore: registered new interface driver ax88179_178a
[    1.559387] usbcore: registered new interface driver cdc_ether
[    1.565242] usbcore: registered new interface driver smsc75xx
[    1.571025] usbcore: registered new interface driver smsc95xx
[    1.576778] usbcore: registered new interface driver net1080
[    1.582459] usbcore: registered new interface driver cdc_subset
[    1.588400] usbcore: registered new interface driver zaurus
[    1.593993] usbcore: registered new interface driver cdc_ncm
[    1.599928] tegra-phy c5004000.usb-phy: no vbus regulator
[    1.606422] tegra-phy c5008000.usb-phy: no vbus regulator
[    1.613171] ehci_hcd: USB 2.0 'Enhanced' Host Controller (EHCI) Driver
[    1.619704] ehci-pci: EHCI PCI platform driver
[    1.624165] ehci-platform: EHCI generic platform driver
[    1.629546] ehci-orion: EHCI orion driver
[    1.633657] SPEAr-ehci: EHCI SPEAr driver
[    1.637774] ehci-st: EHCI STMicroelectronics driver
[    1.642738] ehci-exynos: EHCI EXYNOS driver
[    1.647039] ehci-atmel: EHCI Atmel driver
[    1.651140] tegra-ehci: Tegra EHCI driver
[    1.708210] ulpi_phy_power_on: ulpi write failed
[    1.712817] tegra-ehci c5004000.usb: Failed to power on the phy
[    1.718753] tegra-ehci: probe of c5004000.usb failed with error -110
[    1.727726] tegra-ehci c5008000.usb: EHCI Host Controller
[    1.733134] tegra-ehci c5008000.usb: new USB bus registered, assigned bus number 1
[    1.740856] tegra-ehci c5008000.usb: irq 290, io mem 0xc5008000
[    1.767024] tegra-ehci c5008000.usb: USB 2.0 started, EHCI 1.00
[    1.773466] hub 1-0:1.0: USB hub found
[    1.777250] hub 1-0:1.0: 1 port detected
[    1.781472] ohci_hcd: USB 1.1 'Open' Host Controller (OHCI) Driver
[    1.787666] ohci-pci: OHCI PCI platform driver
[    1.792136] ohci-platform: OHCI generic platform driver
[    1.797531] SPEAr-ohci: OHCI SPEAr driver
[    1.801633] ohci-st: OHCI STMicroelectronics driver
[    1.806595] ohci-atmel: OHCI Atmel driver
[    1.811183] usbcore: registered new interface driver usb-storage
[    1.820241] rtc-em3027 2-0056: rtc core: registered rtc-em3027 as rtc0
[    1.827890] tegra_rtc 7000e000.rtc: rtc core: registered 7000e000.rtc as rtc1
[    1.835043] tegra_rtc 7000e000.rtc: Tegra internal Real Time Clock
[    1.841642] i2c /dev entries driver
[    1.847773] IR NEC protocol handler initialized
[    1.852291] IR RC5(x/sz) protocol handler initialized
[    1.857343] IR RC6 protocol handler initialized
[    1.861859] IR JVC protocol handler initialized
[    1.866374] IR Sony protocol handler initialized
[    1.870985] IR SANYO protocol handler initialized
[    1.875674] IR Sharp protocol handler initialized
[    1.880372] IR MCE Keyboard/mouse protocol handler initialized
[    1.886187] IR XMP protocol handler initialized
[    1.897716] sdhci: Secure Digital Host Controller Interface driver
[    1.903880] sdhci: Copyright(c) Pierre Ossman
[    1.909431] Synopsys Designware Multimedia Card Interface Driver
[    1.916370] sdhci-pltfm: SDHCI platform and OF driver helper
[    1.930809] mmc0: Invalid maximum block size, assuming 512 bytes
[    1.997179] mmc0: SDHCI controller on c8000000.sdhci [c8000000.sdhci] using ADMA
[    2.005058] sdhci-tegra c8000600.sdhci: Got CD GPIO
[    2.010121] sdhci-tegra c8000600.sdhci: Got WP GPIO
[    2.023514] mmc1: Invalid maximum block size, assuming 512 bytes
[    2.087593] mmc1: SDHCI controller on c8000600.sdhci [c8000600.sdhci] using ADMA
[    2.103731] ledtrig-cpu: registered to indicate activity on CPUs
[    2.110040] usbcore: registered new interface driver usbhid
[    2.115598] usbhid: USB HID core driver
[    2.122913] NET: Registered protocol family 10
[    2.130645] Segment Routing with IPv6
[    2.134345] sit: IPv6, IPv4 and MPLS over IPv4 tunneling driver
[    2.140692] NET: Registered protocol family 17
[    2.145130] can: controller area network core (rev 20170425 abi 9)
[    2.151363] NET: Registered protocol family 29
[    2.155795] can: raw protocol (rev 20170425)
[    2.160071] can: broadcast manager protocol (rev 20170425 t)
[    2.165720] can: netlink gateway (rev 20170425) max_hops=1
[    2.171487] Key type dns_resolver registered
[    2.176099] ThumbEE CPU extension supported.
[    2.180385] Registering SWP/SWPB emulation handler
[    2.194662] utmi_phy_clk_enable: timeout waiting for phy to stabilize
[    2.201144] tegra-ehci c5000000.usb: EHCI Host Controller
[    2.206546] tegra-ehci c5000000.usb: new USB bus registered, assigned bus number 2
[    2.207022] usb 1-1: new high-speed USB device number 2 using tegra-ehci
[    2.220991] tegra-ehci c5000000.usb: irq 288, io mem 0xc5000000
[    2.236054] mmc1: new high speed SD card at address b368
[    2.242145] mmcblk1: mmc1:b368 NCard 1.83 GiB (ro)
[    2.250311]  mmcblk1: p1 p2
[    2.377174] tegra-ehci c5000000.usb: USB 2.0 started, EHCI 1.00
[    2.385403] hub 2-0:1.0: USB hub found
[    2.389445] hub 2-0:1.0: 1 port detected
[    2.396660] input: gpio-keys as /devices/soc0/gpio-keys/input/input0
[    2.404524] rtc-em3027 2-0056: hctosys: unable to read the hardware clock
[   2.411763] hub 1-1:1.0: USB hub found
[    2.415501] hub 1-1:1.0: 4 ports detected
[    2.421085] Waiting for root device PARTUUID=11eb23c1-01...
[    2.737155] usb 1-1.2: new high-speed USB device number 3 using tegra-ehci
[    3.274945] mmc0: host does not support reading read-only switch, assuming write-enable
[    3.284887] mmc0: new high speed SDHC card at address b368
[    3.290701] mmcblk0: mmc0:b368 NCard 3.70 GiB 
[    3.297112]  mmcblk0: p1
[    3.360785] asix 1-1.2:1.0 eth1: register 'asix' at usb-c5008000.usb-1.2, ASIX AX88772 USB 2.0 Ethernet, 00:60:6e:60:6c:68
[    3.377749] EXT4-fs (mmcblk0p1): mounting ext3 file system using the ext4 subsystem
[    3.619069] EXT4-fs (mmcblk0p1): recovery complete
[    3.695265] EXT4-fs (mmcblk0p1): mounted filesystem with ordered data mode. Opts: (null)
[    3.703547] VFS: Mounted root (ext3 filesystem) on device 179:17.
[    3.718344] devtmpfs: mounted
[    3.724930] Freeing unused kernel memory: 2048K
bash: cannot set terminal process group (-1): Inappropriate ioctl for device
bash: no job control in this shell
root@(none):/#  
root@(none):/# mount -t sysfs none /sys
root@(none):/# 
root@(none):/# mount -t debugfs none /sys/kernel/debug
root@(none):/# 
root@(none):/# rtcwake -d rtc1 -m mem -s 3
rtcwake: assuming RTC uses UTC ...
rtcwake: wakeup from "mem" using /dev/rtc1 at Thu Jan  1 00:00:32 1970
[   14.659463] PM: suspend entry (deep)
[   14.663065] PM: Syncing filesystems ... done.
[   14.669829] Freezing user space processes ... (elapsed 0.001 seconds) done.
[   14.677962] OOM killer disabled.
[   14.681178] Freezing remaining freezable tasks ... (elapsed 0.001 seconds) done.
[   14.689669] Suspending console(s) (use no_console_suspend to debug)
[   14.733508] pci_generic_config_write32: 43 callbacks suppressed
[   14.733550] pci_bus 0000:00: 2-byte config write to 0000:00:01.0 offset 0x9c may corrupt adjacent RW1C bits
[   14.753959] pci_bus 0000:01: 2-byte config write to 0000:01:00.0 offset 0x44 may corrupt adjacent RW1C bits
[   14.777698] Disabling non-boot CPUs ...
[   14.820648] Entering suspend state LP1
[   14.820697] Enabling non-boot CPUs ...
[   14.822400] CPU1 is up
[   14.823179] pci_bus 0000:00: 2-byte config write to 0000:00:01.0 offset 0x4c may corrupt adjacent RW1C bits
[   14.823229] pci_bus 0000:00: 2-byte config write to 0000:00:01.0 offset 0x88 may corrupt adjacent RW1C bits
[   14.823259] pci_bus 0000:00: 2-byte config write to 0000:00:01.0 offset 0x90 may corrupt adjacent RW1C bits
[   14.823285] pci_bus 0000:00: 2-byte config write to 0000:00:01.0 offset 0x98 may corrupt adjacent RW1C bits
[   14.823314] pci_bus 0000:00: 2-byte config write to 0000:00:01.0 offset 0x9c may corrupt adjacent RW1C bits
[   14.823395] pci_bus 0000:00: 2-byte config write to 0000:00:01.0 offset 0x52 may corrupt adjacent RW1C bits
[   14.823427] pci_bus 0000:00: 2-byte config write to 0000:00:01.0 offset 0x52 may corrupt adjacent RW1C bits
[   14.823458] pci_bus 0000:00: 2-byte config write to 0000:00:01.0 offset 0x5c may corrupt adjacent RW1C bits
[   14.823529] pcieport 0000:00:01.0: nv_msi_ht_cap_quirk didn't locate host bridge
[   15.533917] OOM killer enabled.
[   15.537065] Restarting tasks ... done.
[   15.541070] PM: suspend exit
root@(none):/# 
root@(none):/# rtcwake -d rtc1 -m mem -s 3
rtcwake: assuming RTC uses UTC ...
rtcwake: wakeup from "mem" using /dev/rtc1 at Thu Jan  1 00:00:37 1970
[   16.357782] PM: suspend entry (deep)
[   16.361352] PM: Syncing filesystems ... done.
[   16.367019] Freezing user space processes ... (elapsed 0.001 seconds) done.
[   16.375154] OOM killer disabled.
[   16.378441] Freezing remaining freezable tasks ... (elapsed 0.001 seconds) done.
[   16.386997] Suspending console(s) (use no_console_suspend to debug)
[   16.467592] Disabling non-boot CPUs ...
[   16.519771] Entering suspend state LP1
[   16.519820] Enabling non-boot CPUs ...
[   16.521579] CPU1 is up
[   16.522890] pcieport 0000:00:01.0: nv_msi_ht_cap_quirk didn't locate host bridge
[   17.126522] OOM killer enabled.
[   17.129676] Restarting tasks ... done.
[   17.134482] PM: suspend exit
root@(none):/# 
root@(none):/# rtcwake -d rtc1 -m mem -s 3
rtcwake: assuming RTC uses UTC ...
rtcwake: wakeup from "mem" using /dev/rtc1 at Thu Jan  1 00:00:42 1970
[   18.057583] PM: suspend entry (deep)
[   18.061152] PM: Syncing filesystems ... done.
[   18.066756] Freezing user space processes ... (elapsed 0.001 seconds) done.
[   18.074897] OOM killer disabled.
[   18.078183] Freezing remaining freezable tasks ... (elapsed 0.001 seconds) done.
[   18.086720] Suspending console(s) (use no_console_suspend to debug)
[   18.167562] Disabling non-boot CPUs ...
[   18.209599] Entering suspend state LP1
[   18.209648] Enabling non-boot CPUs ...
[   18.211413] CPU1 is up
[   18.212615] pcieport 0000:00:01.0: nv_msi_ht_cap_quirk didn't locate host bridge
[   18.820742] OOM killer enabled.
[   18.823877] Restarting tasks ... done.
[   18.828685] PM: suspend exit
root@(none):/# 
root@(none):/# rtcwake -d rtc1 -m mem -s 3
rtcwake: assuming RTC uses UTC ...
rtcwake: wakeup from "mem" using /dev/rtc1 at Thu Jan  1 00:00:47 1970
[   19.747985] PM: suspend entry (deep)
[   19.751587] PM: Syncing filesystems ... done.
[   19.757558] Freezing user space processes ... (elapsed 0.001 seconds) done.
[   19.765708] OOM killer disabled.
[   19.768949] Freezing remaining freezable tasks ... (elapsed 0.001 seconds) done.
[   19.777458] Suspending console(s) (use no_console_suspend to debug)
[   19.812311] pci_generic_config_write32: 65 callbacks suppressed
[   19.812354] pci_bus 0000:00: 2-byte config write to 0000:00:01.0 offset 0x9c may corrupt adjacent RW1C bits
[   19.834120] pci_bus 0000:01: 2-byte config write to 0000:01:00.0 offset 0x44 may corrupt adjacent RW1C bits
[   19.857545] Disabling non-boot CPUs ...
[   19.909567] Entering suspend state LP1
[   19.909616] Enabling non-boot CPUs ...
[   19.911373] CPU1 is up
[   19.912561] pci_bus 0000:00: 2-byte config write to 0000:00:01.0 offset 0x4c may corrupt adjacent RW1C bits
[   19.912608] pci_bus 0000:00: 2-byte config write to 0000:00:01.0 offset 0x88 may corrupt adjacent RW1C bits
[   19.912639] pci_bus 0000:00: 2-byte config write to 0000:00:01.0 offset 0x90 may corrupt adjacent RW1C bits
[   19.912669] pci_bus 0000:00: 2-byte config write to 0000:00:01.0 offset 0x98 may corrupt adjacent RW1C bits
[   19.912696] pci_bus 0000:00: 2-byte config write to 0000:00:01.0 offset 0x9c may corrupt adjacent RW1C bits
[   19.912778] pci_bus 0000:00: 2-byte config write to 0000:00:01.0 offset 0x52 may corrupt adjacent RW1C bits
[   19.912810] pci_bus 0000:00: 2-byte config write to 0000:00:01.0 offset 0x52 may corrupt adjacent RW1C bits
[   19.912842] pci_bus 0000:00: 2-byte config write to 0000:00:01.0 offset 0x5c may corrupt adjacent RW1C bits
[   19.912911] pcieport 0000:00:01.0: nv_msi_ht_cap_quirk didn't locate host bridge
[   20.604122] OOM killer enabled.
[   20.607266] Restarting tasks ... done.
[   20.612023] PM: suspend exit
root@(none):/# 
root@(none):/# rtcwake -d rtc1 -m mem -s 3
rtcwake: assuming RTC uses UTC ...
rtcwake: wakeup from "mem" using /dev/rtc1 at Thu Jan  1 00:00:52 1970
[   21.449589] PM: suspend entry (deep)
[   21.453177] PM: Syncing filesystems ... done.
[   21.458693] Freezing user space processes ... (elapsed 0.001 seconds) done.
[   21.466830] OOM killer disabled.
[   21.470046] Freezing remaining freezable tasks ... (elapsed 0.001 seconds) done.
[   21.478548] Suspending console(s) (use no_console_suspend to debug)
[   21.557477] Disabling non-boot CPUs ...
[   21.609542] Entering suspend state LP1
[   21.609592] Enabling non-boot CPUs ...
[   21.611340] CPU1 is up
[   21.612593] pcieport 0000:00:01.0: nv_msi_ht_cap_quirk didn't locate host bridge
[   22.216288] OOM killer enabled.
[   22.219441] Restarting tasks ... done.
[   22.223437] PM: suspend exit
root@(none):/# 
root@(none):/# rtcwake -d rtc1 -m mem -s 3
rtcwake: assuming RTC uses UTC ...
rtcwake: wakeup from "mem" using /dev/rtc1 at Thu Jan  1 00:00:57 1970
[   23.146795] PM: suspend entry (deep)
[   23.150364] PM: Syncing filesystems ... done.
[   23.155974] Freezing user space processes ... (elapsed 0.000 seconds) done.
[   23.163768] OOM killer disabled.
[   23.167055] Freezing remaining freezable tasks ... (elapsed 0.001 seconds) done.
[   23.175583] Suspending console(s) (use no_console_suspend to debug)
[   23.257415] Disabling non-boot CPUs ...
[   23.309363] Entering suspend state LP1
[   23.309412] Enabling non-boot CPUs ...
[   23.311189] CPU1 is up
[   23.312139] pcieport 0000:00:01.0: nv_msi_ht_cap_quirk didn't locate host bridge
[   23.910660] OOM killer enabled.
[   23.913795] Restarting tasks ... done.
[   23.918671] PM: suspend exit
root@(none):/# 
root@(none):/# rtcwake -d rtc1 -m mem -s 3
rtcwake: assuming RTC uses UTC ...
rtcwake: wakeup from "mem" using /dev/rtc1 at Thu Jan  1 00:01:02 1970
[   24.851839] PM: suspend entry (deep)
[   24.855437] PM: Syncing filesystems ... done.
[   24.861448] Freezing user space processes ... (elapsed 0.001 seconds) done.
[   24.869626] OOM killer disabled.
[   24.872842] Freezing remaining freezable tasks ... (elapsed 0.001 seconds) done.
[   24.881346] Suspending console(s) (use no_console_suspend to debug)
[   24.922253] pci_generic_config_write32: 65 callbacks suppressed
[   24.922297] pci_bus 0000:00: 2-byte config write to 0000:00:01.0 offset 0x9c may corrupt adjacent RW1C bits
[   24.943012] pci_bus 0000:01: 2-byte config write to 0000:01:00.0 offset 0x44 may corrupt adjacent RW1C bits
[   24.967309] Disabling non-boot CPUs ...
[   25.009306] Entering suspend state LP1
[   25.009355] Enabling non-boot CPUs ...
[   25.011116] CPU1 is up
[   25.012388] pci_bus 0000:00: 2-byte config write to 0000:00:01.0 offset 0x4c may corrupt adjacent RW1C bits
[   25.012436] pci_bus 0000:00: 2-byte config write to 0000:00:01.0 offset 0x88 may corrupt adjacent RW1C bits
[   25.012466] pci_bus 0000:00: 2-byte config write to 0000:00:01.0 offset 0x90 may corrupt adjacent RW1C bits
[   25.012493] pci_bus 0000:00: 2-byte config write to 0000:00:01.0 offset 0x98 may corrupt adjacent RW1C bits
[   25.012520] pci_bus 0000:00: 2-byte config write to 0000:00:01.0 offset 0x9c may corrupt adjacent RW1C bits
[   25.012600] pci_bus 0000:00: 2-byte config write to 0000:00:01.0 offset 0x52 may corrupt adjacent RW1C bits
[   25.012631] pci_bus 0000:00: 2-byte config write to 0000:00:01.0 offset 0x52 may corrupt adjacent RW1C bits
[   25.012662] pci_bus 0000:00: 2-byte config write to 0000:00:01.0 offset 0x5c may corrupt adjacent RW1C bits
[   25.012733] pcieport 0000:00:01.0: nv_msi_ht_cap_quirk didn't locate host bridge
[   25.713957] OOM killer enabled.
[   25.717106] Restarting tasks ... done.
[   25.721903] PM: suspend exit
root@(none):/# 
root@(none):/# rtcwake -d rtc1 -m mem -s 3
rtcwake: assuming RTC uses UTC ...
rtcwake: wakeup from "mem" using /dev/rtc1 at Thu Jan  1 00:01:07 1970
[   26.547846] PM: suspend entry (deep)
[   26.551447] PM: Syncing filesystems ... done.
[   26.557402] Freezing user space processes ... (elapsed 0.001 seconds) done.
[   26.565549] OOM killer disabled.
[   26.568799] Freezing remaining freezable tasks ... (elapsed 0.001 seconds) done.
[   26.577307] Suspending console(s) (use no_console_suspend to debug)
[   26.657285] Disabling non-boot CPUs ...
[   26.709338] Entering suspend state LP1
[   26.709387] Enabling non-boot CPUs ...
[   26.711158] CPU1 is up
[   26.712119] pcieport 0000:00:01.0: nv_msi_ht_cap_quirk didn't locate host bridge
[   27.310126] OOM killer enabled.
[   27.313262] Restarting tasks ... done.
[   27.317348] PM: suspend exit
root@(none):/# 
root@(none):/# rtcwake -d rtc1 -m mem -s 3
rtcwake: assuming RTC uses UTC ...
rtcwake: wakeup from "mem" using /dev/rtc1 at Thu Jan  1 00:01:12 1970
[   28.249376] PM: suspend entry (deep)
[   28.252965] PM: Syncing filesystems ... done.
[   28.258475] Freezing user space processes ... (elapsed 0.001 seconds) done.
[   28.266612] OOM killer disabled.
[   28.269828] Freezing remaining freezable tasks ... (elapsed 0.001 seconds) done.
[   28.278333] Suspending console(s) (use no_console_suspend to debug)
[   28.357182] Disabling non-boot CPUs ...
[   28.409285] Entering suspend state LP1
[   28.409335] Enabling non-boot CPUs ...
[   28.411089] CPU1 is up
[   28.411835] pcieport 0000:00:01.0: nv_msi_ht_cap_quirk didn't locate host bridge
[   29.020457] OOM killer enabled.
[   29.023592] Restarting tasks ... done.
[   29.027635] PM: suspend exit
root@(none):/# 
root@(none):/# rtcwake -d rtc1 -m mem -s 3
rtcwake: assuming RTC uses UTC ...
rtcwake: wakeup from "mem" using /dev/rtc1 at Thu Jan  1 00:01:17 1970
[   29.948291] PM: suspend entry (deep)
[   29.951878] PM: Syncing filesystems ... done.
[   29.957369] Freezing user space processes ... (elapsed 0.001 seconds) done.
[   29.965505] OOM killer disabled.
[   29.968755] Freezing remaining freezable tasks ... (elapsed 0.001 seconds) done.
[   29.977253] Suspending console(s) (use no_console_suspend to debug)
[   29.993446] pci_generic_config_write32: 65 callbacks suppressed
[   29.993489] pci_bus 0000:00: 2-byte config write to 0000:00:01.0 offset 0x9c may corrupt adjacent RW1C bits
[   30.019700] pci_bus 0000:01: 2-byte config write to 0000:01:00.0 offset 0x44 may corrupt adjacent RW1C bits
[   30.047093] Disabling non-boot CPUs ...
[   30.109283] Entering suspend state LP1
[   30.109333] Enabling non-boot CPUs ...
[   30.111237] CPU1 is up
[   30.112130] pci_bus 0000:00: 2-byte config write to 0000:00:01.0 offset 0x4c may corrupt adjacent RW1C bits
[   30.112177] pci_bus 0000:00: 2-byte config write to 0000:00:01.0 offset 0x88 may corrupt adjacent RW1C bits
[   30.112209] pci_bus 0000:00: 2-byte config write to 0000:00:01.0 offset 0x90 may corrupt adjacent RW1C bits
[   30.112237] pci_bus 0000:00: 2-byte config write to 0000:00:01.0 offset 0x98 may corrupt adjacent RW1C bits
[   30.112264] pci_bus 0000:00: 2-byte config write to 0000:00:01.0 offset 0x9c may corrupt adjacent RW1C bits
[   30.112346] pci_bus 0000:00: 2-byte config write to 0000:00:01.0 offset 0x52 may corrupt adjacent RW1C bits
[   30.112379] pci_bus 0000:00: 2-byte config write to 0000:00:01.0 offset 0x52 may corrupt adjacent RW1C bits
[   30.112411] pci_bus 0000:00: 2-byte config write to 0000:00:01.0 offset 0x5c may corrupt adjacent RW1C bits
[   30.112482] pcieport 0000:00:01.0: nv_msi_ht_cap_quirk didn't locate host bridge
[   30.820020] OOM killer enabled.
[   30.823150] Restarting tasks ... done.
[   30.828038] PM: suspend exit
root@(none):/# 
root@(none):/# NVTB SYSTEM SUSPEND TEST COMPLETE
