Rebooting device after flashing.
[0000.000] TegraBoot Init
[0000.002] Processing in cold boot mode
NVRM Initialized shmoo database
NVRM CLOCKS: PLLX0:      0 Khz
NVRM CLOCKS: PLLM0:      792000 Khz
NVRM CLOCKS: PLLC0:      0 Khz
NVRM CLOCKS: PLLP0:      408000 Khz
NVRM CLOCKS: PLLA0:      11289 Khz
NVRM CLOCKS: CPU:        12000 Khz
NVRM CLOCKS: AVP:        48000 Khz
NVRM CLOCKS: System Bus: 48000 Khz
NVRM CLOCKS: Memory Controller: 792000
NVRM CLOCKS: External Memory Controller: 792000
0x00 BoardInfo: 0x0001:0x0007:0x065c:0x03e8:0x00:0x42:0x00:0xff:0xff:0xff:0xff:0xff:0xff
 0x01 BoardInfo: 0x0001:0x0007:0x0162:0x0001:0x00:0x42:0x00:0x00:0x00:0x00:0x00:0x00:0x00
 0x02 BoardInfo: 0x0000:0x0000:0x0000:0x0000:0x00:0x00:0x00:0x00:0x00:0x00:0x00:0x00:0x00
 0x03 BoardInfo: 0x0000:0x0000:0x0000:0x0000:0x00:0x00:0x00:0x00:0x00:0x00:0x00:0x00:0x00
 0x04 BoardInfo: 0x0001:0x0007:0x0713:0x03e8:0x00:0x42:0x00:0xff:0xff:0xff:0xff:0xff:0xff
 0x05 BoardInfo: 0x0000:0x0000:0x0000:0x0000:0x00:0x00:0x00:0x00:0x00:0x00:0x00:0x00:0x00
 0x06 BoardInfo: 0x0001:0x0007:0x0176:0x0001:0x01:0x43:0x00:0xff:0xff:0xff:0xff:0xff:0xff
 0x07 BoardInfo: 0x0001:0x0007:0x0156:0x0000:0x00:0x46:0x05:0xff:0xff:0xff:0xff:0xff:0xff
 ADJUSTED CLOCKS:
MC clock is set to 792000 KHz
EMC clock is set to 792000 KHz (DDR clock is at 396000 KHz)
PLLX0 clock is set to      0 KHz
PLLC0 clock is set to      0 KHz
CPU clock is set to  12000 KHz
System and AVP clock is set to  48000 KHz
GraphicsHost clock is set to 163200 KHz
MSENC clock is set to  79200 KHz
Vde clock is set to 204000 KHz

Bootloader-Cpu Init at (time stamp): 1800756 us

Pinmux changes applied in kernel way

[bootloader] (version UNDEF_BUILD)
Platform Pre Boot configuration...
The proc BoardInfo: 0x0176:0x0001:0x01:0x43:0x00
Initializing Display
This Pmu Module is not present.

[bootloader] (version UNDEF_BUILD)

Device - Unlocked 



Serial Number  17418A202140000000A078300 

Checking for android ota recovery 
[NvPartMgrGetIdByName]:Could not find a match for given partition name[NvPartMgrGetIdByName]:Could not find a match for given partition name(FastbootBMPRead) Unsuccesful attempt to read BMP image
Could not render BMP on screen
Cold-booting Linux
Platform Pre OS Boot configuration...
Setting VddId=2 to 1150 mV
FastbootAddAtag: setting ATAG (1413545985)
The proc BoardInfo: 0x0176:0x0001:0x01:0x43:0x00
FastbootAddAtag: setting ATAG (0)

Board Id Read Time: 3 us
Power Rail enable Time: 1 us

Miscellaneous avp time: 1800730  us
Bootloader (AosInit) time: 734259 us
Bootloader Main Init time: 180096 us
BlockDevMgrInit time: 157540 us
PartMgrInit time: 8 us
StorMgrInit time: 31 us
FsMgrInit time: 2 us
Partition Table load: 76683 us 
Display init time: 574814 us
Kernel read time: 395 msec
Load Kernel Size:   17063936 Bytes
Bl Kernel ReadSpeed: 43199000 Bytes/sec
Pre-Kernel Jump time: 1798622 us
Clearing 32 Bit State and Warm resetting to 64bit mode: 5923531 us
[    0.000000] Booting Linux on physical CPU 0x0
[    0.000000] Linux version 4.12.0-rc4-290082-g3c2993b (jonathanh@tamien) (gcc version 4.9.2 20140904 (prerelease) (crosstool-NG linaro-1.13.1-4.9-2014.09 - Linaro GCC 4.9-2014.09) ) #1 SMP PREEMPT Sun Jun 4 17:10:42 PDT 2017
[    0.000000] Boot CPU: AArch64 Processor [4e0f0000]
[    0.000000] Machine model: NVIDIA Tegra132 Norrin
[    0.000000] Memory limited to 1734MB
[    0.000000] efi: Getting EFI parameters from FDT:
[    0.000000] efi: UEFI not found.
[    0.000000] cma: Reserved 16 MiB at 0x00000000eb400000
[    0.000000] NUMA: No NUMA configuration found
[    0.000000] NUMA: Faking a node at [mem 0x0000000000000000-0x00000000ec5fffff]
[    0.000000] NUMA: Adding memblock [0x80000000 - 0xec5fffff] on node 0
[    0.000000] NUMA: Initmem setup node 0 [mem 0x80000000-0xec5fffff]
[    0.000000] NUMA: NODE_DATA [mem 0xec5bfe00-0xec5c18ff]
[    0.000000] Zone ranges:
[    0.000000]   DMA      [mem 0x0000000080000000-0x00000000ec5fffff]
[    0.000000]   Normal   empty
[    0.000000] Movable zone start for each node
[    0.000000] Early memory node ranges
[    0.000000]   node   0: [mem 0x0000000080000000-0x00000000ec5fffff]
[    0.000000] Initmem setup node 0 [mem 0x0000000080000000-0x00000000ec5fffff]
[    0.000000] /cpus/cpu@1: missing enable-method property
[    0.000000] percpu: Embedded 24 pages/cpu @ffff80006c5a2000 s59264 r8192 d30848 u98304
[    0.000000] Detected PIPT I-cache on CPU0
[    0.000000] Built 1 zonelists in Node order, mobility grouping on.  Total pages: 436968
[    0.000000] Policy zone: DMA
[    0.000000] Kernel command line: tegraid=13.1.3.0.0 mem=1734M@2048M memtype=255 vpr=151M@3817M ddr_die=2048M@2048M section=256M commchip_id=0 usb_port_owner_info=0 lane_owner_info=0 emc_max_dvfs=0 touch_id=0@0 video=tegrafb no_console_suspend=1 console=ttyS0,115200n8 debug_uartport=lsport,0 earlyprintk=uart8250-32bit,0x70006000 usbcore.old_scheme_first=1 lp0_vec=0@0x0 tegra_fbmem=32899072@0xad012000 core_edp_mv=1150 core_edp_ma=4000 pmuboard=0x0176:0x0001:0x01:0x43:0x00 displayboard=0x0162:0x0001:0x00:0x42:0x00 power_supply=Adapter audio_codec=rt5640 board_info=0x0176:0x0001:0x01:0x43:0x00 tegraboot=sdmmc gpt gpt_sector=192511 modem_id=0 android.kerneltype=normal
[    0.000000] PID hash table entries: 4096 (order: 3, 32768 bytes)
[    0.000000] Memory: 1708936K/1775616K available (8828K kernel code, 1102K rwdata, 4276K rodata, 1088K init, 404K bss, 50296K reserved, 16384K cma-reserved)
[    0.000000] Virtual kernel memory layout:
[    0.000000]     modules : 0xffff000000000000 - 0xffff000008000000   (   128 MB)
[    0.000000]     vmalloc : 0xffff000008000000 - 0xffff7dffbfff0000   (129022 GB)
[    0.000000]       .text : 0xffff000008080000 - 0xffff000008920000   (  8832 KB)
[    0.000000]     .rodata : 0xffff000008920000 - 0xffff000008d60000   (  4352 KB)
[    0.000000]       .init : 0xffff000008d60000 - 0xffff000008e70000   (  1088 KB)
[    0.000000]       .data : 0xffff000008e70000 - 0xffff000008f83a00   (  1103 KB)
[    0.000000]        .bss : 0xffff000008f83a00 - 0xffff000008fe8bc0   (   405 KB)
[    0.000000]     fixed   : 0xffff7dfffe7fd000 - 0xffff7dfffec00000   (  4108 KB)
[    0.000000]     PCI I/O : 0xffff7dfffee00000 - 0xffff7dffffe00000   (    16 MB)
[    0.000000]     vmemmap : 0xffff7e0000000000 - 0xffff800000000000   (  2048 GB maximum)
[    0.000000]               0xffff7e0000000000 - 0xffff7e0001b18000   (    27 MB actual)
[    0.000000]     memory  : 0xffff800000000000 - 0xffff80006c600000   (  1734 MB)
[    0.000000] SLUB: HWalign=64, Order=0-3, MinObjects=0, CPUs=1, Nodes=1
[    0.000000] Preemptible hierarchical RCU implementation.
[    0.000000] 	RCU restricting CPUs from NR_CPUS=64 to nr_cpu_ids=1.
[    0.000000] RCU: Adjusting geometry for rcu_fanout_leaf=16, nr_cpu_ids=1
[    0.000000] NR_IRQS:64 nr_irqs:64 0
[    0.000000] /interrupt-controller@60004000: 160 interrupts forwarded to /interrupt-controller@50041000
[    0.000000] Tegra clk 127: register failed with -17
[    0.000000] arch_timer: cp15 timer(s) running at 12.00MHz (virt).
[    0.000000] clocksource: arch_sys_counter: mask: 0xffffffffffffff max_cycles: 0x2c47f4ee7, max_idle_ns: 440795202497 ns
[    0.000019] sched_clock: 56 bits at 12MHz, resolution 83ns, wraps every 4398046511096ns
[    0.000551] Console: colour dummy device 80x25
[    0.000725] Calibrating delay loop (skipped), value calculated using timer frequency.. 24.00 BogoMIPS (lpj=48000)
[    0.000784] pid_max: default: 32768 minimum: 301
[    0.001197] Security Framework initialized
[    0.004682] Dentry cache hash table entries: 262144 (order: 9, 2097152 bytes)
[    0.015171] Inode-cache hash table entries: 131072 (order: 8, 1048576 bytes)
[    0.020447] Mount-cache hash table entries: 4096 (order: 3, 32768 bytes)
[    0.020539] Mountpoint-cache hash table entries: 4096 (order: 3, 32768 bytes)
[    0.042336] ASID allocator initialised with 256 entries
[    0.063011] EFI services will not be available.
[    0.078805] smp: Bringing up secondary CPUs ...
[    0.078856] smp: Brought up 1 node, 1 CPU
[    0.078889] SMP: Total of 1 processors activated.
[    0.078933] CPU features: detected feature: 32-bit EL0 Support
[    0.079275] CPU: All CPU(s) started at EL1
[    0.085569] devtmpfs: initialized
[    0.136428] DMI not present or invalid.
[    0.138001] clocksource: jiffies: mask: 0xffffffff max_cycles: 0xffffffff, max_idle_ns: 7645041785100000 ns
[    0.138127] futex hash table entries: 256 (order: 3, 32768 bytes)
[    0.142164] pinctrl core: initialized pinctrl subsystem
[    0.155396] NET: Registered protocol family 16
[    0.180421] cpuidle: using governor menu
[    0.186485] vdso: 2 pages (1 code @ ffff000008927000, 1 data @ ffff000008e75000)
[    0.186586] hw-breakpoint: found 6 breakpoint and 4 watchpoint registers.
[    0.191898] DMA: preallocated 256 KiB pool for atomic allocations
[    0.198657] Serial: AMBA PL011 UART driver
[    0.433293] HugeTLB registered 2 MB page size, pre-allocated 0 pages
[    0.453903] ACPI: Interpreter disabled.
[    0.456732] +5V_SYS: supplied by +VDD_MUX
[    0.461957] +3.3V_SYS: supplied by +VDD_MUX
[    0.464615] +VDD_LED: Failed to request enable GPIO122: -517
[    0.464675] reg-fixed-voltage regulators:regulator@5: Failed to register regulator: -517
[    0.465415] +5V_USB_HS: Failed to request enable GPIO108: -517
[    0.465467] reg-fixed-voltage regulators:regulator@6: Failed to register regulator: -517
[    0.465794] +5V_USB_SS: Failed to request enable GPIO109: -517
[    0.465837] reg-fixed-voltage regulators:regulator@7: Failed to register regulator: -517
[    0.466445] +1.05V_RUN_AVDD_HDMI_PLL_AP_GATE: Failed to request enable GPIO63: -517
[    0.466490] reg-fixed-voltage regulators:regulator@9: Failed to register regulator: -517
[    0.466792] +5V_HDMI_CON: Failed to request enable GPIO86: -517
[    0.466835] reg-fixed-voltage regulators:regulator@10: Failed to register regulator: -517
[    0.467217] +5V_VDD_TS: Failed to request enable GPIO81: -517
[    0.467260] reg-fixed-voltage regulators:regulator@11: Failed to register regulator: -517
[    0.470581] vgaarb: loaded
[    0.473607] SCSI subsystem initialized
[    0.481964] usbcore: registered new interface driver usbfs
[    0.482361] usbcore: registered new interface driver hub
[    0.482691] usbcore: registered new device driver usb
[    0.497121] pps_core: LinuxPPS API ver. 1 registered
[    0.497162] pps_core: Software ver. 5.3.6 - Copyright 2005-2007 Rodolfo Giometti <giometti@linux.it>
[    0.497395] PTP clock support registered
[    0.498703] dmi: Firmware registration failed.
[    0.500404] Advanced Linux Sound Architecture Driver Initialized.
[    0.511698] clocksource: Switched to clocksource arch_sys_counter
[    0.512147] VFS: Disk quotas dquot_6.6.0
[    0.513148] VFS: Dquot-cache hash table entries: 512 (order 0, 4096 bytes)
[    0.514247] pnp: PnP ACPI: disabled
[    0.577131] NET: Registered protocol family 2
[    0.580322] TCP established hash table entries: 16384 (order: 5, 131072 bytes)
[    0.581862] TCP bind hash table entries: 16384 (order: 6, 262144 bytes)
[    0.582646] TCP: Hash tables configured (established 16384 bind 16384)
[    0.583260] UDP hash table entries: 1024 (order: 3, 32768 bytes)
[    0.583481] UDP-Lite hash table entries: 1024 (order: 3, 32768 bytes)
[    0.584355] NET: Registered protocol family 1
[    0.595041] RPC: Registered named UNIX socket transport module.
[    0.595086] RPC: Registered udp transport module.
[    0.595120] RPC: Registered tcp transport module.
[    0.595149] RPC: Registered tcp NFSv4.1 backchannel transport module.
[    0.596083] Unpacking initramfs...
[    0.940661] Freeing initrd memory: 1284K
[    0.944380] kvm [1]: HYP mode not available
[    0.953972] audit: initializing netlink subsys (disabled)
[    0.958467] audit: type=2000 audit(0.933:1): state=initialized audit_enabled=0 res=1
[    0.958682] workingset: timestamp_bits=44 max_order=19 bucket_order=0
[    1.031043] squashfs: version 4.0 (2009/01/31) Phillip Lougher
[    1.042297] NFS: Registering the id_resolver key type
[    1.042390] Key type id_resolver registered
[    1.042425] Key type id_legacy registered
[    1.042575] nfs4filelayout_init: NFSv4 File Layout Driver Registering...
[    1.043800] 9p: Installing v9fs 9p2000 file system support
[    1.058269] Block layer SCSI generic (bsg) driver version 0.4 loaded (major 247)
[    1.058318] io scheduler noop registered
[    1.059466] io scheduler cfq registered (default)
[    1.059505] io scheduler mq-deadline registered
[    1.059536] io scheduler kyber registered
[    1.074527] tegra-xusb-padctl 7009f000.padctl: deprecated DT, using legacy driver
[    1.174427] tegra-apbdma 60020000.dma: Tegra20 APB DMA driver register 32 channels
[    1.185859] tegra-pmc 7000e400.pmc: i2c-thermtrip node not found, emergency thermal reset disabled.
[    1.189215] xenfs: not registering filesystem on non-xen platform
[    1.222319] Serial: 8250/16550 driver, 4 ports, IRQ sharing enabled
[    1.236052] console [ttyS0] disabled
[    1.236240] 70006000.serial: ttyS0 at MMIO 0x70006000 (irq = 317, base_baud = 25500000) is a Tegra
[    2.142100] console [ttyS0] enabled
[    2.148454] SuperH (H)SCI(F) driver initialized
[    2.155943] msm_serial: driver initialized
[    2.165824] cacheinfo: Unable to detect cache hierarchy for CPU 0
[    2.240346] loop: module loaded
[    2.248293] hisi_sas: driver version v1.6
[    2.278366] libphy: Fixed MDIO Bus: probed
[    2.286482] tun: Universal TUN/TAP device driver, 1.6
[    2.302073] e1000e: Intel(R) PRO/1000 Network Driver - 3.2.6-k
[    2.309453] e1000e: Copyright(c) 1999 - 2015 Intel Corporation.
[    2.316310] igb: Intel(R) Gigabit Ethernet Network Driver - version 5.4.0-k
[    2.323789] igb: Copyright (c) 2007-2014 Intel Corporation.
[    2.329983] igbvf: Intel(R) Gigabit Virtual Function Network Driver - version 2.4.0-k
[    2.338221] igbvf: Copyright (c) 2009 - 2012 Intel Corporation.
[    2.346320] sky2: driver version 1.30
[    2.354433] VFIO - User Level meta-driver version: 0.3
[    2.375423] ehci_hcd: USB 2.0 'Enhanced' Host Controller (EHCI) Driver
[    2.383050] ehci-pci: EHCI PCI platform driver
[    2.388303] ehci-platform: EHCI generic platform driver
[    2.394900] ehci-orion: EHCI orion driver
[    2.400155] ehci-exynos: EHCI EXYNOS driver
[    2.405345] ehci-msm: Qualcomm On-Chip EHCI Host Controller
[    2.412030] ohci_hcd: USB 1.1 'Open' Host Controller (OHCI) Driver
[    2.418642] ohci-pci: OHCI PCI platform driver
[    2.423816] ohci-platform: OHCI generic platform driver
[    2.430193] ohci-exynos: OHCI EXYNOS driver
[    2.438637] usbcore: registered new interface driver usb-storage
[    2.462802] tegra_rtc 7000e000.rtc: rtc core: registered 7000e000.rtc as rtc1
[    2.470690] tegra_rtc 7000e000.rtc: Tegra internal Real Time Clock
[    2.478591] i2c /dev entries driver
[    2.510058] cpu cpu0: cpu0 supply vdd-cpu not found, using dummy regulator
[    2.518267] cpufreq-tegra124: probe of cpufreq-tegra124 failed with error -22
[    2.527285] sdhci: Secure Digital Host Controller Interface driver
[    2.534515] sdhci: Copyright(c) Pierre Ossman
[    2.541195] Synopsys Designware Multimedia Card Interface Driver
[    2.554475] sdhci-pltfm: SDHCI platform and OF driver helper
[    2.562267] sdhci-tegra 700b0400.sdhci: Got CD GPIO
[    2.568084] sdhci-tegra 700b0400.sdhci: Got WP GPIO
[    2.588723] mmc0: Unknown controller version (3). You may experience problems.
[    2.597135] mmc0: Invalid maximum block size, assuming 512 bytes
[    2.651770] mmc0: SDHCI controller on 700b0600.sdhci [700b0600.sdhci] using ADMA
[    2.676230] ledtrig-cpu: registered to indicate activity on CPUs
[    2.690573] usbcore: registered new interface driver usbhid
[    2.699841] usbhid: USB HID core driver
[    2.713115] mmc0: new high speed MMC card at address 0001
[    2.724744] NET: Registered protocol family 17
[    2.731250] 9pnet: Installing 9P2000 support
[    2.736515] mmcblk0: mmc0:0001 SEM16G 14.7 GiB 
[    2.742042] Key type dns_resolver registered
[    2.747239] mmcblk0boot0: mmc0:0001 SEM16G partition 1 4.00 MiB
[    2.755901] mmcblk0boot1: mmc0:0001 SEM16G partition 2 4.00 MiB
[    2.764192] registered taskstats version 1
[    2.787845] mmcblk0rpmb: mmc0:0001 SEM16G partition 3 4.00 MiB
[    2.804487]  mmcblk0: p1 p2 p3 p4 p5 p6 p7 p8
[    2.842926] +VDD_LED: supplied by +VDD_MUX
[    2.849034] +5V_USB_HS: supplied by +5V_SYS
[    2.855395] +5V_USB_SS: supplied by +5V_SYS
[    2.865422] +5V_HDMI_CON: supplied by +5V_SYS
[    2.874952] sdhci-tegra 700b0400.sdhci: Got CD GPIO
[    2.880533] sdhci-tegra 700b0400.sdhci: Got WP GPIO
[    2.901233] input: gpio-keys as /devices/platform/gpio-keys/input/input0
[    2.911903] sdhci-tegra 700b0400.sdhci: Got CD GPIO
[    2.917300] hctosys: unable to open rtc device (rtc0)
[    2.919452] +3.3V_AVDD_HDMI_AP_GATED: disabling
[    2.919470] +VDD_LED: disabling
[    2.919486] +5V_USB_HS: disabling
[    2.919500] +5V_USB_SS: disabling
[    2.919515] +1.05V_RUN_AVDD_HDMI_PLL_AP_GATE: disabling
[    2.919531] +5V_HDMI_CON: disabling
[    2.919548] ALSA device list:
[    2.919559]   No soundcards found.
[    2.957568] Freeing unused kernel memory: 1088K
[    2.962367] sdhci-tegra 700b0400.sdhci: Got WP GPIO

System initialization...

Mounting /proc :[SUCCESS]
Mounting /sys :[SUCCESS]
Mounting /dev :[SUCCESS]
Mounting /dev/pts :[SUCCESS]
Mounting /sys/kernel/debug :[SUCCESS]
Mounting other filesystems :[SUCCESS]
Enabling hot-plug :[SUCCESS]
Populating /dev :[SUCCESS]
Starting syslogd :[SUCCESS]
Starting telnetd :[SUCCESS]

System initialization complete.

Please press Enter to activate this console. 