
U-Boot SPL 2014.07-00097-g772e173 (Jul 25 2014 - 20:02:52)


U-Boot 2014.07-00097-g772e173 (Jul 25 2014 - 20:02:52)

TEGRA124
Board: NVIDIA Jetson TK1
I2C:   ready
DRAM:  2 GiB
MMC:   Tegra SD/MMC: 0, Tegra SD/MMC: 1
In:    serial
Out:   serial
Err:   serial
Net:   Net Initialization Skipped
No ethernet found.
Hit any key to stop autoboot:  2  0 
Tegra124 (Jetson TK1) # 
Tegra124 (Jetson TK1) # usb reset
(Re)start USB...
USB0:   USB EHCI 1.10
scanning bus 0 for devices... 1 USB Device(s) found
USB1:   USB EHCI 1.10
scanning bus 1 for devices... 2 USB Device(s) found
       scanning usb for storage devices... 0 Storage Device(s) found
       scanning usb for ethernet devices... 
Warning: asx0 using MAC address from net device
1 Ethernet Device(s) found
Tegra124 (Jetson TK1) # setenv bootargs 'ignore_loglevel console=ttyS0,115200n8 rw root=PARTUUID=8683e640-b305-6c03-ae83-3c34ba91e1b7 rootwait gpt debug noinitrd earlyprintk init=/bin/bash'
Tegra124 (Jetson TK1) # setenv ipaddr 192.168.100.102; setenv serverip 192.168.100.1; setenv tftpserverip 192.168.100.1
Tegra124 (Jetson TK1) # tftpboot 0x82000000 zImage.multi_v7_defconfig
Using asx0 device
TFTP from server 192.168.100.1; our IP address is 192.168.100.102
Filename 'zImage.multi_v7_defconfig'.
Load address: 0x82000000
Loading: *#################################################################
	 #################################################################
	 #################################################################
	 #################################################################
	 #################################################################
	 #################################################################
	 #################################################################
	 #################
	 3.2 MiB/s
done
Bytes transferred = 6916368 (698910 hex)
Tegra124 (Jetson TK1) # tftpboot 0x83000000 tegra124-jetson-tk1.dtb
Using asx0 device
TFTP from server 192.168.100.1; our IP address is 192.168.100.102
Filename 'tegra124-jetson-tk1.dtb'.
Load address: 0x83000000
Loading: *#####
	 2.9 MiB/s
done
Bytes transferred = 64138 (fa8a hex)
Tegra124 (Jetson TK1) # bootz 0x82000000 - 0x83000000
Kernel image @ 0x82000000 [ 0x000000 - 0x698910 ]
## Flattened Device Tree blob at 83000000
   Booting using the fdt blob at 0x83000000
   Using Device Tree in place at 83000000, end 83012a89

Starting kernel ...

[    0.000000] Booting Linux on physical CPU 0x0
[    0.000000] Linux version 4.6.0-rc4-82725-gc3b46c7 (pwalmsley@sellafield) (gcc version 4.7.3 20130328 (prerelease) (crosstool-NG linaro-1.13.1-4.7-2013.04-20130415 - Linaro GCC 2013.04) ) #1 SMP Sun Apr 17 19:34:23 PDT 2016
[    0.000000] CPU: ARMv7 Processor [413fc0f3] revision 3 (ARMv7), cr=10c5387d
[    0.000000] CPU: div instructions available: patching division code
[    0.000000] CPU: PIPT / VIPT nonaliasing data cache, PIPT instruction cache
[    0.000000] Machine model: NVIDIA Tegra124 Jetson TK1
[    0.000000] debug: ignoring loglevel setting.
[    0.000000] cma: Reserved 64 MiB at 0xfb800000
[    0.000000] Memory policy: Data cache writealloc
[    0.000000] On node 0 totalpages: 524032
[    0.000000] free_area_init_node: node 0, pgdat c141b3c0, node_mem_map eeff8000
[    0.000000]   DMA zone: 1536 pages used for memmap
[    0.000000]   DMA zone: 0 pages reserved
[    0.000000]   DMA zone: 196608 pages, LIFO batch:31
[    0.000000]   HighMem zone: 327424 pages, LIFO batch:31
[    0.000000] percpu: Embedded 12 pages/cpu @eef8f000 s19776 r8192 d21184 u49152
[    0.000000] pcpu-alloc: s19776 r8192 d21184 u49152 alloc=12*4096
[    0.000000] pcpu-alloc: [0] 0 [0] 1 [0] 2 [0] 3 
[    0.000000] Built 1 zonelists in Zone order, mobility grouping on.  Total pages: 522496
[    0.000000] Kernel command line: ignore_loglevel console=ttyS0,115200n8 rw root=PARTUUID=8683e640-b305-6c03-ae83-3c34ba91e1b7 rootwait gpt debug noinitrd earlyprintk init=/bin/bash
[    0.000000] PID hash table entries: 4096 (order: 2, 16384 bytes)
[    0.000000] Dentry cache hash table entries: 131072 (order: 7, 524288 bytes)
[    0.000000] Inode-cache hash table entries: 65536 (order: 6, 262144 bytes)
[    0.000000] Memory: 1995024K/2096128K available (9522K kernel code, 1141K rwdata, 4108K rodata, 2048K init, 341K bss, 35568K reserved, 65536K cma-reserved, 1244160K highmem)
[    0.000000] Virtual kernel memory layout:
[    0.000000]     vector  : 0xffff0000 - 0xffff1000   (   4 kB)
[    0.000000]     fixmap  : 0xffc00000 - 0xfff00000   (3072 kB)
[    0.000000]     vmalloc : 0xf0800000 - 0xff800000   ( 240 MB)
[    0.000000]     lowmem  : 0xc0000000 - 0xf0000000   ( 768 MB)
[    0.000000]     pkmap   : 0xbfe00000 - 0xc0000000   (   2 MB)
[    0.000000]     modules : 0xbf000000 - 0xbfe00000   (  14 MB)
[    0.000000]       .text : 0xc0208000 - 0xc104fa4c   (14623 kB)
[    0.000000]       .init : 0xc1100000 - 0xc1300000   (2048 kB)
[    0.000000]       .data : 0xc1300000 - 0xc141d400   (1141 kB)
[    0.000000]        .bss : 0xc141f000 - 0xc1474518   ( 342 kB)
[    0.000000] SLUB: HWalign=64, Order=0-3, MinObjects=0, CPUs=4, Nodes=1
[    0.000000] Hierarchical RCU implementation.
[    0.000000] 	Build-time adjustment of leaf fanout to 32.
[    0.000000] 	RCU restricting CPUs from NR_CPUS=16 to nr_cpu_ids=4.
[    0.000000] RCU: Adjusting geometry for rcu_fanout_leaf=32, nr_cpu_ids=4
[    0.000000] NR_IRQS:16 nr_irqs:16 16
[    0.000000] /interrupt-controller@60004000: 160 interrupts forwarded to /interrupt-controller@0,50041000
[    0.000000] Tegra clk 127: register failed with -17
[    0.000008] sched_clock: 32 bits at 1000kHz, resolution 1000ns, wraps every 2147483647500ns
[    0.000033] clocksource: timer_us: mask: 0xffffffff max_cycles: 0xffffffff, max_idle_ns: 1911260446275 ns
[    0.000047] Switching to timer-based delay loop, resolution 1000ns
[    0.005013] Architected cp15 timer(s) running at 12.00MHz (virt).
[    0.005032] clocksource: arch_sys_counter: mask: 0xffffffffffffff max_cycles: 0x2c47f4ee7, max_idle_ns: 440795202497 ns
[    0.005051] sched_clock: 56 bits at 12MHz, resolution 83ns, wraps every 4398046511096ns
[    0.005064] Switching to timer-based delay loop, resolution 83ns
[    0.005482] Console: colour dummy device 80x30
[    0.005507] Calibrating delay loop (skipped), value calculated using timer frequency.. 24.00 BogoMIPS (lpj=60000)
[    0.005521] pid_max: default: 32768 minimum: 301
[    0.005620] Mount-cache hash table entries: 2048 (order: 1, 8192 bytes)
[    0.005632] Mountpoint-cache hash table entries: 2048 (order: 1, 8192 bytes)
[    0.006240] CPU: Testing write buffer coherency: ok
[    0.006463] /cpus/cpu@0 missing clock-frequency property
[    0.006501] /cpus/cpu@1 missing clock-frequency property
[    0.006539] /cpus/cpu@2 missing clock-frequency property
[    0.006577] /cpus/cpu@3 missing clock-frequency property
[    0.006590] CPU0: thread -1, cpu 0, socket 0, mpidr 80000000
[    0.006638] Setting up static identity map for 0x80300000 - 0x80300098
[    0.009678] Tegra Revision: A01 SKU: 129 CPU Process: 1 SoC Process: 1
[    0.011077] CPU1: thread -1, cpu 1, socket 0, mpidr 80000001
[    0.011675] CPU2: thread -1, cpu 2, socket 0, mpidr 80000002
[    0.012250] CPU3: thread -1, cpu 3, socket 0, mpidr 80000003
[    0.012332] Brought up 4 CPUs
[    0.012352] SMP: Total of 4 processors activated (96.00 BogoMIPS).
[    0.012359] CPU: All CPU(s) started in SVC mode.
[    0.013825] devtmpfs: initialized
[    0.032031] VFP support v0.3: implementor 41 architecture 4 part 30 variant f rev 0
[    0.032793] clocksource: jiffies: mask: 0xffffffff max_cycles: 0xffffffff, max_idle_ns: 9556302231375000 ns
[    0.034337] pinctrl core: initialized pinctrl subsystem
[    0.036155] NET: Registered protocol family 16
[    0.038220] DMA: preallocated 256 KiB pool for atomic coherent allocations
[    0.054820] cpuidle: using governor menu
[    0.072373] No ATAGs?
[    0.072408] hw-breakpoint: found 5 (+1 reserved) breakpoint and 4 watchpoint registers.
[    0.072418] hw-breakpoint: maximum watchpoint size is 8 bytes.
[    0.078472] Serial: AMBA PL011 UART driver
[    0.110781] +USB0_VBUS_SW: Failed to request enable GPIO108: -517
[    0.110798] reg-fixed-voltage regulators:regulator@7: Failed to register regulator: -517
[    0.110887] +5V_USB_HS: Failed to request enable GPIO109: -517
[    0.110901] reg-fixed-voltage regulators:regulator@8: Failed to register regulator: -517
[    0.111066] +1.05V_RUN_AVDD_HDMI_PLL: Failed to request enable GPIO63: -517
[    0.111079] reg-fixed-voltage regulators:regulator@11: Failed to register regulator: -517
[    0.111164] +5V_HDMI_CON: Failed to request enable GPIO86: -517
[    0.111177] reg-fixed-voltage regulators:regulator@12: Failed to register regulator: -517
[    0.111261] +5V_SATA: Failed to request enable GPIO242: -517
[    0.111274] reg-fixed-voltage regulators:regulator@13: Failed to register regulator: -517
[    0.111358] +12V_SATA: Failed to request enable GPIO242: -517
[    0.111370] reg-fixed-voltage regulators:regulator@14: Failed to register regulator: -517
[    0.114864] vgaarb: loaded
[    0.115914] SCSI subsystem initialized
[    0.116089] libata version 3.00 loaded.
[    0.116389] usbcore: registered new interface driver usbfs
[    0.116462] usbcore: registered new interface driver hub
[    0.116537] usbcore: registered new device driver usb
[    0.120231] pps_core: LinuxPPS API ver. 1 registered
[    0.120240] pps_core: Software ver. 5.3.6 - Copyright 2005-2007 Rodolfo Giometti <giometti@linux.it>
[    0.120269] PTP clock support registered
[    0.120494] EDAC MC: Ver: 3.0.0
[    0.123788] clocksource: Switched to clocksource arch_sys_counter
[    0.135250] NET: Registered protocol family 2
[    0.135771] TCP established hash table entries: 8192 (order: 3, 32768 bytes)
[    0.135870] TCP bind hash table entries: 8192 (order: 4, 65536 bytes)
[    0.136056] TCP: Hash tables configured (established 8192 bind 8192)
[    0.136109] UDP hash table entries: 512 (order: 2, 16384 bytes)
[    0.136151] UDP-Lite hash table entries: 512 (order: 2, 16384 bytes)
[    0.136332] NET: Registered protocol family 1
[    0.136580] RPC: Registered named UNIX socket transport module.
[    0.136589] RPC: Registered udp transport module.
[    0.136596] RPC: Registered tcp transport module.
[    0.136603] RPC: Registered tcp NFSv4.1 backchannel transport module.
[    0.136622] PCI: CLS 0 bytes, default 64
[    0.137638] hw perfevents: enabled with armv7_cortex_a15 PMU driver, 7 counters available
[    0.139288] futex hash table entries: 1024 (order: 4, 65536 bytes)
[    0.140106] workingset: timestamp_bits=28 max_order=19 bucket_order=0
[    0.151939] squashfs: version 4.0 (2009/01/31) Phillip Lougher
[    0.152823] NFS: Registering the id_resolver key type
[    0.152851] Key type id_resolver registered
[    0.152859] Key type id_legacy registered
[    0.152926] ntfs: driver 2.1.32 [Flags: R/O].
[    0.154300] bounce: pool size: 64 pages
[    0.154519] Block layer SCSI generic (bsg) driver version 0.4 loaded (major 248)
[    0.154536] io scheduler noop registered
[    0.154550] io scheduler deadline registered
[    0.154587] io scheduler cfq registered (default)
[    0.174947] tegra-pcie 1003000.pcie-controller: 2x1, 1x1 configuration
[    0.175000] tegra-pcie 1003000.pcie-controller: Failed to get supply 'avddio-pex': -517
[    0.182327] tegra-apbdma 60020000.dma: Tegra20 APB DMA driver register 32 channels
[    0.184339] tegra-pmc 7000e400.pmc: emergency thermal reset enabled
[    0.248042] Serial: 8250/16550 driver, 4 ports, IRQ sharing disabled
[    0.251085] console [ttyS0] disabled
[    0.251120] 70006300.serial: ttyS0 at MMIO 0x70006300 (irq = 331, base_baud = 25500000) is a Tegra
[    1.074445] console [ttyS0] enabled
[    1.078845] SuperH (H)SCI(F) driver initialized
[    1.084434] msm_serial: driver initialized
[    1.088727] STMicroelectronics ASC driver initialized
[    1.096322] [drm] Initialized drm 1.1.0 20060810
[    1.103980] tegra-hdmi 54280000.hdmi: failed to get HDMI regulator
[    1.123373] brd: module loaded
[    1.132469] loop: module loaded
[    1.136181] at24 0-0056: 256 byte 24c02 EEPROM, writable, 8 bytes/write
[    1.144446] as3722 4-0040: AS3722 with revision 0x1 found
[    1.168089] +5V_SYS: supplied by +VDD_MUX
[    1.172157] +1.05V_RUN: supplied by +5V_SYS
[    1.176471] tegra-ahci 70027000.sata: Failed to get supply 'hvdd': -517
[    1.183144] tegra-ahci 70027000.sata: Failed to get regulators
[    1.203628] m25p80 spi32765.0: w25q32dw (4096 Kbytes)
[    1.212172] libphy: Fixed MDIO Bus: probed
[    1.217024] CAN device driver interface
[    1.223034] igb: Intel(R) Gigabit Ethernet Network Driver - version 5.3.0-k
[    1.230001] igb: Copyright (c) 2007-2014 Intel Corporation.
[    1.239154] pegasus: v0.9.3 (2013/04/25), Pegasus/Pegasus II USB Ethernet driver
[    1.246606] usbcore: registered new interface driver pegasus
[    1.252342] usbcore: registered new interface driver asix
[    1.257796] usbcore: registered new interface driver ax88179_178a
[    1.263944] usbcore: registered new interface driver cdc_ether
[    1.269850] usbcore: registered new interface driver smsc75xx
[    1.275676] usbcore: registered new interface driver smsc95xx
[    1.281476] usbcore: registered new interface driver net1080
[    1.287190] usbcore: registered new interface driver cdc_subset
[    1.293167] usbcore: registered new interface driver zaurus
[    1.298840] usbcore: registered new interface driver cdc_ncm
[    1.304767] tegra-phy 7d004000.usb-phy: no vbus regulator
[    1.312192] ehci_hcd: USB 2.0 'Enhanced' Host Controller (EHCI) Driver
[    1.318733] ehci-pci: EHCI PCI platform driver
[    1.323233] ehci-platform: EHCI generic platform driver
[    1.328688] ehci-omap: OMAP-EHCI Host Controller driver
[    1.334071] ehci-orion: EHCI orion driver
[    1.338223] SPEAr-ehci: EHCI SPEAr driver
[    1.342398] ehci-st: EHCI STMicroelectronics driver
[    1.347440] ehci-exynos: EHCI EXYNOS driver
[    1.351817] ehci-atmel: EHCI Atmel driver
[    1.355990] tegra-ehci: Tegra EHCI driver
[    1.360344] tegra-ehci 7d004000.usb: EHCI Host Controller
[    1.365775] tegra-ehci 7d004000.usb: new USB bus registered, assigned bus number 1
[    1.373522] tegra-ehci 7d004000.usb: irq 348, io mem 0x7d004000
[    1.388812] tegra-ehci 7d004000.usb: USB 2.0 started, EHCI 1.10
[    1.395598] hub 1-0:1.0: USB hub found
[    1.399396] hub 1-0:1.0: 1 port detected
[    1.403957] ohci_hcd: USB 1.1 'Open' Host Controller (OHCI) Driver
[    1.410159] ohci-pci: OHCI PCI platform driver
[    1.414668] ohci-platform: OHCI generic platform driver
[    1.420087] ohci-omap3: OHCI OMAP3 driver
[    1.424260] SPEAr-ohci: OHCI SPEAr driver
[    1.428419] ohci-st: OHCI STMicroelectronics driver
[    1.433471] ohci-atmel: OHCI Atmel driver
[    1.438320] usbcore: registered new interface driver usb-storage
[    1.446105] mousedev: PS/2 mouse device common for all mice
[    1.455261] as3722-rtc as3722-rtc: rtc core: registered as3722-rtc as rtc0
[    1.462147] as3722-rtc as3722-rtc: RTC interrupt 371
[    1.470551] tegra_rtc 7000e000.rtc: rtc core: registered 7000e000.rtc as rtc1
[    1.477741] tegra_rtc 7000e000.rtc: Tegra internal Real Time Clock
[    1.484532] i2c /dev entries driver
[    1.494535] 0-004c supply vcc not found, using dummy regulator
[    1.508697] sdhci: Secure Digital Host Controller Interface driver
[    1.514899] sdhci: Copyright(c) Pierre Ossman
[    1.521017] Synopsys Designware Multimedia Card Interface Driver
[    1.528262] sdhci-pltfm: SDHCI platform and OF driver helper
[    1.534738] sdhci-tegra 700b0400.sdhci: Got CD GPIO
[    1.539647] sdhci-tegra 700b0400.sdhci: Got WP GPIO
[    1.544584] mmc0: Unknown controller version (3). You may experience problems.
[    1.552200] mmc0: Unknown controller version (3). You may experience problems.
[    1.559552] mmc0: Invalid maximum block size, assuming 512 bytes
[    1.598812] mmc0: SDHCI controller on 700b0600.sdhci [700b0600.sdhci] using ADMA 64-bit
[    1.608819] ledtrig-cpu: registered to indicate activity on CPUs
[    1.615214] usbcore: registered new interface driver usbhid
[    1.620799] usbhid: USB HID core driver
[    1.633834] NET: Registered protocol family 10
[    1.639010] sit: IPv6 over IPv4 tunneling driver
[    1.644309] NET: Registered protocol family 17
[    1.648758] can: controller area network core (rev 20120528 abi 9)
[    1.655018] NET: Registered protocol family 29
[    1.659482] can: raw protocol (rev 20120528)
[    1.663749] can: broadcast manager protocol (rev 20120528 t)
[    1.669427] can: netlink gateway (rev 20130117) max_hops=1
[    1.675305] Key type dns_resolver registered
[    1.680222] ThumbEE CPU extension supported.
[    1.684521] Registering SWP/SWPB emulation handler
[    1.704924] tegra-pcie 1003000.pcie-controller: 2x1, 1x1 configuration
[    1.711920] +3.3V_SYS: supplied by +VDD_MUX
[    1.716194] +3.3V_LP0: supplied by +3.3V_SYS
[    1.720849] +1.35V_LP0(sd2): supplied by +5V_SYS
[    1.725604] +1.05V_RUN_AVDD: supplied by +1.35V_LP0(sd2)
[    1.733110] tegra-pcie 1003000.pcie-controller: probing port 0, using 2 lanes
[    1.742403] tegra-pcie 1003000.pcie-controller: Slot present pin change, signature: 00000008
[    1.757622] mmc0: new high speed MMC card at address 0001
[    1.764096] mmcblk0: mmc0:0001 SEM16G 14.7 GiB 
[    1.769361] mmcblk0boot0: mmc0:0001 SEM16G partition 1 4.00 MiB
[    1.775969] mmcblk0boot1: mmc0:0001 SEM16G partition 2 4.00 MiB
[    1.782811] mmcblk0rpmb: mmc0:0001 SEM16G partition 3 4.00 MiB
[    1.792530] Primary GPT is invalid, using alternate GPT.
[    1.797912]  mmcblk0: p1 p2 p3 p4 p5 p6 p7 p8 p9
[    2.169784] tegra-pcie 1003000.pcie-controller: link 0 down, retrying
[    2.599576] tegra-pcie 1003000.pcie-controller: link 0 down, retrying
[    3.029378] tegra-pcie 1003000.pcie-controller: link 0 down, retrying
[    3.037957] tegra-pcie 1003000.pcie-controller: link 0 down, ignoring
[    3.044451] tegra-pcie 1003000.pcie-controller: probing port 1, using 1 lanes
[    3.053712] tegra-pcie 1003000.pcie-controller: Slot present pin change, signature: 00000000
[    3.068718] tegra-pcie 1003000.pcie-controller: PCI host bridge to bus 0000:00
[    3.075973] pci_bus 0000:00: root bus resource [io  0x0000-0xffff]
[    3.082162] pci_bus 0000:00: root bus resource [mem 0x13000000-0x1fffffff]
[    3.089043] pci_bus 0000:00: root bus resource [mem 0x20000000-0x3fffffff pref]
[    3.096361] pci_bus 0000:00: root bus resource [bus 00-ff]
[    3.101887] pci 0000:00:02.0: [10de:0e13] type 01 class 0x060400
[    3.108001] pci 0000:00:02.0: PME# supported from D0 D1 D2 D3hot D3cold
[    3.114907] PCI: bus0: Fast back to back transfers disabled
[    3.120503] pci 0000:00:02.0: bridge configuration invalid ([bus 00-00]), reconfiguring
[    3.128703] pci 0000:01:00.0: [10ec:8168] type 00 class 0x020000
[    3.134745] pci 0000:01:00.0: reg 0x10: [io  0x0000-0x00ff]
[    3.140353] pci 0000:01:00.0: reg 0x18: [mem 0x00000000-0x00000fff 64bit]
[    3.147166] pci 0000:01:00.0: reg 0x20: [mem 0x00000000-0x00003fff 64bit pref]
[    3.154525] pci 0000:01:00.0: supports D1 D2
[    3.158805] pci 0000:01:00.0: PME# supported from D0 D1 D2 D3hot D3cold
[    3.173933] PCI: bus1: Fast back to back transfers disabled
[    3.179533] pci_bus 0000:01: busn_res: [bus 01-ff] end is updated to 01
[    3.186245] pci 0000:00:02.0: BAR 8: assigned [mem 0x13000000-0x130fffff]
[    3.193047] pci 0000:00:02.0: BAR 9: assigned [mem 0x20000000-0x200fffff 64bit pref]
[    3.200796] pci 0000:00:02.0: BAR 7: assigned [io  0x1000-0x1fff]
[    3.206904] pci 0000:01:00.0: BAR 4: assigned [mem 0x20000000-0x20003fff 64bit pref]
[    3.214672] pci 0000:01:00.0: BAR 2: assigned [mem 0x13000000-0x13000fff 64bit]
[    3.222004] pci 0000:01:00.0: BAR 0: assigned [io  0x1000-0x10ff]
[    3.228110] pci 0000:00:02.0: PCI bridge to [bus 01]
[    3.233085] pci 0000:00:02.0:   bridge window [io  0x1000-0x1fff]
[    3.239189] pci 0000:00:02.0:   bridge window [mem 0x13000000-0x130fffff]
[    3.245983] pci 0000:00:02.0:   bridge window [mem 0x20000000-0x200fffff 64bit pref]
[    3.253752] pci 0000:00:02.0: nv_msi_ht_cap_quirk didn't locate host bridge
[    3.260832] pcieport 0000:00:02.0: enabling device (0140 -> 0143)
[    3.267160] pcieport 0000:00:02.0: Signaling PME through PCIe PME interrupt
[    3.274131] pci 0000:01:00.0: Signaling PME through PCIe PME interrupt
[    3.280668] pcie_pme 0000:00:02.0:pcie01: service driver pcie_pme loaded
[    3.287560] r8169 Gigabit Ethernet driver 2.3LK-NAPI loaded
[    3.293160] r8169 0000:01:00.0: enabling device (0140 -> 0143)
[    3.310644] r8169 0000:01:00.0 eth0: RTL8168g/8111g at 0xf0a1c000, 00:04:4b:25:b3:b4, XID 0c000800 IRQ 388
[    3.320334] r8169 0000:01:00.0 eth0: jumbo features [frames: 9200 bytes, tx checksumming: ko]
[    3.329841] +5V_HDMI_CON: supplied by +5V_SYS
[    3.334376] +1.05V_RUN_AVDD_HDMI_PLL: supplied by +1.05V_RUN
[    3.340307] +3.3V_RUN: supplied by +3.3V_SYS
[    3.344681] +3.3V_AVDD_HDMI_AP_GATED: supplied by +3.3V_RUN
[    3.353116] [drm] Supports vblank timestamp caching Rev 2 (21.10.2013).
[    3.359789] [drm] No driver support for vblank timestamp query.
[    3.466473] tegra-hdmi 54280000.hdmi: cannot set audio to 44100 at 297000000 pclk
[    3.618264] Console: switching to colour frame buffer device 512x135
[    3.713523] drm drm: fb0:  frame buffer device
[    3.728928] [drm] Initialized tegra 0.0.0 20120330 on minor 0
[    3.736033] +5V_SATA: supplied by +5V_SYS
[    3.740199] +12V_SATA: supplied by +VDD_MUX
[    3.745164] tegra-ahci 70027000.sata: AHCI 0001.0301 32 slots 2 ports 3 Gbps 0x1 impl platform mode
[    3.754240] tegra-ahci 70027000.sata: flags: 64bit ncq sntf pm led pio slum part sadm sds apst 
[    3.765500] scsi host0: tegra-ahci
[    3.770128] scsi host1: tegra-ahci
[    3.773930] ata1: SATA max UDMA/133 mmio [mem 0x70027000-0x70028fff] port 0x100 irq 341
[    3.781942] ata2: DUMMY
[    3.786105] +5V_USB_HS: supplied by +5V_SYS
[    3.791925] tegra-ehci 7d008000.usb: EHCI Host Controller
[    3.797383] tegra-ehci 7d008000.usb: new USB bus registered, assigned bus number 2
[    3.805191] tegra-ehci 7d008000.usb: irq 349, io mem 0x7d008000
[    3.818910] tegra-ehci 7d008000.usb: USB 2.0 started, EHCI 1.10
[    3.826052] hub 2-0:1.0: USB hub found
[    3.829934] hub 2-0:1.0: 1 port detected
[    3.835842] cpu: dev_pm_opp_of_cpumask_add_table: couldn't find opp table for cpu:0, -19
[    3.844038] cpu cpu0: dev_pm_opp_get_max_volt_latency: Invalid regulator (-6)
[    3.851220] cpufreq: cpufreq_online: CPU0: Running at unlisted freq: 696000 KHz
[    3.858601] cpufreq: cpufreq_online: CPU0: Unlisted initial frequency changed to: 714000 KHz
[    3.868514] sdhci-tegra 700b0400.sdhci: Got CD GPIO
[    3.873434] sdhci-tegra 700b0400.sdhci: Got WP GPIO
[    3.878383] mmc1: Unknown controller version (3). You may experience problems.
[    3.885839] +VDDIO_SDMMC3: supplied by +3.3V_RUN
[    3.890522] mmc1: Invalid maximum block size, assuming 512 bytes
[    3.929050] mmc1: SDHCI controller on 700b0400.sdhci [700b0400.sdhci] using ADMA 64-bit
[    3.938752] input: gpio-keys as /devices/soc0/gpio-keys/input/input0
[    3.945930] as3722-rtc as3722-rtc: setting system clock to 2000-01-01 00:02:53 UTC (946684973)
[    3.957983] +1.8V_RUN_CAM: disabling
[    3.961818] +2.8V_RUN_CAM: disabling
[    3.965604] +1.2V_RUN_CAM_FRONT: disabling
[    3.969883] +1.05V_RUN_CAM_REAR: disabling
[    3.974145] +3.3V_RUN_TOUCH: disabling
[    3.978080] +2.8V_RUN_CAM_AF: disabling
[    3.982132] +1.8V_RUN_VPP_FUSE: disabling
[    3.986312] +USB0_VBUS_SW: disabling
[    4.096382] ata1: SATA link down (SStatus 0 SControl 300)
[    4.102612] EXT4-fs (mmcblk0p1): couldn't mount as ext3 due to feature incompatibilities
[    4.111219] EXT4-fs (mmcblk0p1): couldn't mount as ext2 due to feature incompatibilities
[    4.143798] usb 2-1: new high-speed USB device number 2 using tegra-ehci
[    4.155041] EXT4-fs (mmcblk0p1): warning: mounting fs with errors, running e2fsck is recommended
[    4.165613] EXT4-fs (mmcblk0p1): recovery complete
[    4.171380] EXT4-fs (mmcblk0p1): mounted filesystem with ordered data mode. Opts: (null)
[    4.179514] VFS: Mounted root (ext4 filesystem) on device 179:1.
[    4.189268] devtmpfs: mounted
[    4.193351] Freeing unused kernel memory: 2048K (c1100000 - c1300000)
bash: cannot set terminal process group (-1): Inappropriate ioctl for device
bash: no job control in this shell
root@(none):/# 