
U-Boot SPL 2016.05-rc2 (Apr 21 2016 - 16:23:00)
Trying to boot from RAM


U-Boot 2016.05-rc2 (Apr 21 2016 - 16:23:00 -0700)

TEGRA124
Model: NVIDIA Jetson TK1
Board: NVIDIA Jetson TK1
DRAM:  2 GiB
MC:   Tegra SD/MMC: 0, Tegra SD/MMC: 1
In:    serial
Out:   serial
Err:   serial
Net:   No ethernet found.
Hit any key to stop autoboot:  2  0 
Tegra124 (Jetson TK1) # 
Tegra124 (Jetson TK1) # pci enum
Tegra124 (Jetson TK1) # setenv bootargs 'ignore_loglevel console=ttyS0,115200n8 rw root=PARTUUID=b1791faa-84e8-4e27-83a1-9fb0a77e8803 rootwait gpt debug noinitrd earlyprintk init=/bin/bash'
Tegra124 (Jetson TK1) # setenv ipaddr 192.168.100.102; setenv serverip 192.168.100.1; setenv tftpserverip 192.168.100.1
Tegra124 (Jetson TK1) # tftpboot 0x82000000 zImage.multi_v7_defconfig

Warning: eth_rtl8169 using MAC address from ROM
Using eth_rtl8169 device
TFTP from server 192.168.100.1; our IP address is 192.168.100.102
Filename 'zImage.multi_v7_defconfig'.
Load address: 0x82000000
Loading: *#################################################################
	 #################################################################
	 #################################################################
	 #################################################################
	 #################################################################
	 #################################################################
	 #################################################################
	 ##################################################
	 4 MiB/s
done
Bytes transferred = 7412512 (711b20 hex)
Tegra124 (Jetson TK1) # tftpboot 0x83000000 tegra124-jetson-tk1.dtb
Using eth_rtl8169 device
TFTP from server 192.168.100.1; our IP address is 192.168.100.102
Filename 'tegra124-jetson-tk1.dtb'.
Load address: 0x83000000
Loading: *#####
	 3.8 MiB/s
done
Bytes transferred = 67133 (1063d hex)
Tegra124 (Jetson TK1) # bootz 0x82000000 - 0x83000000
Kernel image @ 0x82000000 [ 0x000000 - 0x711b20 ]
## Flattened Device Tree blob at 83000000
   Booting using the fdt blob at 0x83000000
   Using Device Tree in place at 83000000, end 8301363c

Starting kernel ...

[    0.000000] Booting Linux on physical CPU 0x0
[    0.000000] Linux version 4.10.0-rc6-142786-g566cf87 (pwalmsley@sellafield) (gcc version 4.7.3 20130328 (prerelease) (crosstool-NG linaro-1.13.1-4.7-2013.04-20130415 - Linaro GCC 2013.04) ) #1 SMP Sun Jan 29 15:05:05 PST 2017
[    0.000000] CPU: ARMv7 Processor [413fc0f3] revision 3 (ARMv7), cr=10c5387d
[    0.000000] CPU: div instructions available: patching division code
[    0.000000] CPU: PIPT / VIPT nonaliasing data cache, PIPT instruction cache
[    0.000000] OF: fdt:Machine model: NVIDIA Tegra124 Jetson TK1
[    0.000000] debug: ignoring loglevel setting.
[    0.000000] efi: Getting EFI parameters from FDT:
[    0.000000] efi: UEFI not found.
[    0.000000] cma: Reserved 64 MiB at 0xfb800000
[    0.000000] Memory policy: Data cache writealloc
[    0.000000] On node 0 totalpages: 524032
[    0.000000] free_area_init_node: node 0, pgdat c142b5c0, node_mem_map eeff8000
[    0.000000]   DMA zone: 1536 pages used for memmap
[    0.000000]   DMA zone: 0 pages reserved
[    0.000000]   DMA zone: 196608 pages, LIFO batch:31
[    0.000000]   HighMem zone: 327424 pages, LIFO batch:31
[    0.000000] percpu: Embedded 14 pages/cpu @eef8e000 s26176 r8192 d22976 u57344
[    0.000000] pcpu-alloc: s26176 r8192 d22976 u57344 alloc=14*4096
[    0.000000] pcpu-alloc: [0] 0 [0] 1 [0] 2 [0] 3 
[    0.000000] Built 1 zonelists in Zone order, mobility grouping on.  Total pages: 522496
[    0.000000] Kernel command line: ignore_loglevel console=ttyS0,115200n8 rw root=PARTUUID=b1791faa-84e8-4e27-83a1-9fb0a77e8803 rootwait gpt debug noinitrd earlyprintk init=/bin/bash
[    0.000000] PID hash table entries: 4096 (order: 2, 16384 bytes)
[    0.000000] Dentry cache hash table entries: 131072 (order: 7, 524288 bytes)
[    0.000000] Inode-cache hash table entries: 65536 (order: 6, 262144 bytes)
[    0.000000] Memory: 1994756K/2096128K available (9216K kernel code, 1204K rwdata, 4148K rodata, 2048K init, 536K bss, 35836K reserved, 65536K cma-reserved, 1244160K highmem)
[    0.000000] Virtual kernel memory layout:
[    0.000000]     vector  : 0xffff0000 - 0xffff1000   (   4 kB)
[    0.000000]     fixmap  : 0xffc00000 - 0xfff00000   (3072 kB)
[    0.000000]     vmalloc : 0xf0800000 - 0xff800000   ( 240 MB)
[    0.000000]     lowmem  : 0xc0000000 - 0xf0000000   ( 768 MB)
[    0.000000]     pkmap   : 0xbfe00000 - 0xc0000000   (   2 MB)
[    0.000000]     modules : 0xbf000000 - 0xbfe00000   (  14 MB)
[    0.000000]       .text : 0xc0208000 - 0xc0c00000   (10208 kB)
[    0.000000]       .init : 0xc1100000 - 0xc1300000   (2048 kB)
[    0.000000]       .data : 0xc1300000 - 0xc142d0c0   (1205 kB)
[    0.000000]        .bss : 0xc142f000 - 0xc14b51d0   ( 537 kB)
[    0.000000] SLUB: HWalign=64, Order=0-3, MinObjects=0, CPUs=4, Nodes=1
[    0.000000] Hierarchical RCU implementation.
[    0.000000] 	Build-time adjustment of leaf fanout to 32.
[    0.000000] 	RCU restricting CPUs from NR_CPUS=16 to nr_cpu_ids=4.
[    0.000000] RCU: Adjusting geometry for rcu_fanout_leaf=32, nr_cpu_ids=4
[    0.000000] NR_IRQS:16 nr_irqs:16 16
[    0.000000] /interrupt-controller@60004000: 160 interrupts forwarded to /interrupt-controller@50041000
[    0.000000] Tegra clk 127: register failed with -17
[    0.000008] sched_clock: 32 bits at 1000kHz, resolution 1000ns, wraps every 2147483647500ns
[    0.000031] clocksource: timer_us: mask: 0xffffffff max_cycles: 0xffffffff, max_idle_ns: 1911260446275 ns
[    0.000044] Switching to timer-based delay loop, resolution 1000ns
[    0.004906] arm_arch_timer: Architected cp15 timer(s) running at 12.00MHz (virt).
[    0.004924] clocksource: arch_sys_counter: mask: 0xffffffffffffff max_cycles: 0x2c47f4ee7, max_idle_ns: 440795202497 ns
[    0.004941] sched_clock: 56 bits at 12MHz, resolution 83ns, wraps every 4398046511096ns
[    0.004953] Switching to timer-based delay loop, resolution 83ns
[    0.005397] Console: colour dummy device 80x30
[    0.005428] Calibrating delay loop (skipped), value calculated using timer frequency.. 24.00 BogoMIPS (lpj=120000)
[    0.005442] pid_max: default: 32768 minimum: 301
[    0.005542] Mount-cache hash table entries: 2048 (order: 1, 8192 bytes)
[    0.005553] Mountpoint-cache hash table entries: 2048 (order: 1, 8192 bytes)
[    0.006137] CPU: Testing write buffer coherency: ok
[    0.006387] /cpus/cpu@0 missing clock-frequency property
[    0.006429] /cpus/cpu@1 missing clock-frequency property
[    0.006469] /cpus/cpu@2 missing clock-frequency property
[    0.006512] /cpus/cpu@3 missing clock-frequency property
[    0.006524] CPU0: thread -1, cpu 0, socket 0, mpidr 80000000
[    0.006762] Setting up static identity map for 0x80300000 - 0x80300098
[    0.010283] Tegra Revision: A01 SKU: 129 CPU Process: 1 SoC Process: 1
[    0.010913] EFI services will not be available.
[    0.011145] smp: Bringing up secondary CPUs ...
[    0.011744] CPU1: thread -1, cpu 1, socket 0, mpidr 80000001
[    0.015157] CPU2: thread -1, cpu 2, socket 0, mpidr 80000002
[    0.025154] CPU3: thread -1, cpu 3, socket 0, mpidr 80000003
[    0.034593] smp: Brought up 1 node, 4 CPUs
[    0.034611] SMP: Total of 4 processors activated (96.00 BogoMIPS).
[    0.034618] CPU: All CPU(s) started in SVC mode.
[    0.036086] devtmpfs: initialized
[    0.056486] VFP support v0.3: implementor 41 architecture 4 part 30 variant f rev 0
[    0.056929] clocksource: jiffies: mask: 0xffffffff max_cycles: 0xffffffff, max_idle_ns: 19112604462750000 ns
[    0.058294] pinctrl core: initialized pinctrl subsystem
[    0.060103] NET: Registered protocol family 16
[    0.062039] DMA: preallocated 256 KiB pool for atomic coherent allocations
[    0.084666] cpuidle: using governor menu
[    0.115418] No ATAGs?
[    0.115554] hw-breakpoint: found 5 (+1 reserved) breakpoint and 4 watchpoint registers.
[    0.115567] hw-breakpoint: maximum watchpoint size is 8 bytes.
[    0.122316] Serial: AMBA PL011 UART driver
[    0.169970] +5V_SYS: supplied by +VDD_MUX
[    0.170266] +3.3V_SYS: supplied by +VDD_MUX
[    0.170910] +USB0_VBUS_SW: Failed to request enable GPIO108: -517
[    0.170925] reg-fixed-voltage regulators:regulator@7: Failed to register regulator: -517
[    0.171013] +5V_USB_HS: Failed to request enable GPIO109: -517
[    0.171025] reg-fixed-voltage regulators:regulator@8: Failed to register regulator: -517
[    0.171190] +1.05V_RUN_AVDD_HDMI_PLL: Failed to request enable GPIO63: -517
[    0.171202] reg-fixed-voltage regulators:regulator@11: Failed to register regulator: -517
[    0.171289] +5V_HDMI_CON: Failed to request enable GPIO86: -517
[    0.171300] reg-fixed-voltage regulators:regulator@12: Failed to register regulator: -517
[    0.171384] +5V_SATA: Failed to request enable GPIO242: -517
[    0.171395] reg-fixed-voltage regulators:regulator@13: Failed to register regulator: -517
[    0.171480] +12V_SATA: Failed to request enable GPIO242: -517
[    0.171491] reg-fixed-voltage regulators:regulator@14: Failed to register regulator: -517
[    0.174807] vgaarb: loaded
[    0.175659] SCSI subsystem initialized
[    0.175821] libata version 3.00 loaded.
[    0.176090] usbcore: registered new interface driver usbfs
[    0.176152] usbcore: registered new interface driver hub
[    0.176212] usbcore: registered new device driver usb
[    0.179813] pps_core: LinuxPPS API ver. 1 registered
[    0.179821] pps_core: Software ver. 5.3.6 - Copyright 2005-2007 Rodolfo Giometti <giometti@linux.it>
[    0.179847] PTP clock support registered
[    0.180041] EDAC MC: Ver: 3.0.0
[    0.183259] clocksource: Switched to clocksource arch_sys_counter
[    0.194185] NET: Registered protocol family 2
[    0.194702] TCP established hash table entries: 8192 (order: 3, 32768 bytes)
[    0.194800] TCP bind hash table entries: 8192 (order: 4, 65536 bytes)
[    0.194987] TCP: Hash tables configured (established 8192 bind 8192)
[    0.195040] UDP hash table entries: 512 (order: 2, 16384 bytes)
[    0.195081] UDP-Lite hash table entries: 512 (order: 2, 16384 bytes)
[    0.195236] NET: Registered protocol family 1
[    0.195550] RPC: Registered named UNIX socket transport module.
[    0.195558] RPC: Registered udp transport module.
[    0.195564] RPC: Registered tcp transport module.
[    0.195571] RPC: Registered tcp NFSv4.1 backchannel transport module.
[    0.195581] PCI: CLS 0 bytes, default 64
[    0.196781] hw perfevents: enabled with armv7_cortex_a15 PMU driver, 7 counters available
[    0.198218] futex hash table entries: 1024 (order: 4, 65536 bytes)
[    0.198942] workingset: timestamp_bits=30 max_order=19 bucket_order=0
[    0.210088] squashfs: version 4.0 (2009/01/31) Phillip Lougher
[    0.210931] NFS: Registering the id_resolver key type
[    0.210952] Key type id_resolver registered
[    0.210959] Key type id_legacy registered
[    0.211004] ntfs: driver 2.1.32 [Flags: R/O].
[    0.212609] bounce: pool size: 64 pages
[    0.212805] Block layer SCSI generic (bsg) driver version 0.4 loaded (major 248)
[    0.212814] io scheduler noop registered
[    0.212821] io scheduler deadline registered
[    0.213003] io scheduler cfq registered (default)
[    0.218216] usb2-0 supply vbus not found, using dummy regulator
[    0.218338] usb2-1 supply vbus not found, using dummy regulator
[    0.218727] tegra-xusb-padctl 7009f000.padctl: failed to setup XUSB ports: -517
[    0.235540] tegra-pcie 1003000.pcie-controller: 2x1, 1x1 configuration
[    0.235593] tegra-pcie 1003000.pcie-controller: Failed to get supply 'avddio-pex': -517
[    0.241828] tegra124-dfll 70110000.clock: couldn't get vdd_cpu regulator
[    0.250199] tegra-apbdma 60020000.dma: Tegra20 APB DMA driver register 32 channels
[    0.252275] tegra-pmc 7000e400.pmc: emergency thermal reset enabled
[    0.313918] Serial: 8250/16550 driver, 4 ports, IRQ sharing disabled
[    0.316933] console [ttyS0] disabled
[    0.316967] 70006300.serial: ttyS0 at MMIO 0x70006300 (irq = 335, base_baud = 25500000) is a Tegra
[    1.194168] console [ttyS0] enabled
[    1.198540] SuperH (H)SCI(F) driver initialized
[    1.204133] msm_serial: driver initialized
[    1.208418] STMicroelectronics ASC driver initialized
[    1.214369] 70006000.serial: ttyTHS1 at MMIO 0x70006000 (irq = 333, base_baud = 0) is a TEGRA_UART
[    1.223693] 70006040.serial: ttyTHS2 at MMIO 0x70006040 (irq = 334, base_baud = 0) is a TEGRA_UART
[    1.236080] [drm] Initialized
[    1.242354] tegra-hdmi 54280000.hdmi: failed to get HDMI regulator
[    1.262542] brd: module loaded
[    1.271945] loop: module loaded
[    1.276347] at24 0-0056: 256 byte 24c02 EEPROM, writable, 8 bytes/write
[    1.284667] as3722 4-0040: AS3722 with revision 0x1 found
[    1.296772] as3722-sd2: supplied by +5V_SYS
[    1.301400] as3722-sd3: supplied by +5V_SYS
[    1.305898] +1.35V_LP0(sd3): Bringing 0uV into 1350000-1350000uV
[    1.312259] as3722-sd4: supplied by +5V_SYS
[    1.316913] as3722-sd5: supplied by +5V_SYS
[    1.322961] as3722-ldo0: supplied by +1.35V_LP0(sd2)
[    1.329055] +1.8V_RUN_CAM: Bringing 0uV into 1800000-1800000uV
[    1.335322] as3722-ldo2: supplied by +1.8V_VDDIO
[    1.341235] as3722-ldo3: supplied by +3.3V_SYS
[    1.345734] +1.05V_LP0_VDD_RTC: Bringing 1100000uV into 1000000-1000000uV
[    1.353531] as3722-ldo4: supplied by +3.3V_SYS
[    1.358179] +2.8V_RUN_CAM: Bringing 0uV into 2800000-2800000uV
[    1.364437] as3722-ldo5: supplied by +1.8V_VDDIO
[    1.369261] +1.2V_RUN_CAM_FRONT: Bringing 0uV into 1200000-1200000uV
[    1.376228] +VDDIO_SDMMC3: bypassed regulator has no supply!
[    1.381878] +VDDIO_SDMMC3: failed to get the current voltage(-517)
[    1.388074] as3722-regulator as3722-regulator: regulator 13 register failed -517
[    1.400807] tegra-ahci 70027000.sata: couldn't get PHY in node sata: -517
[    1.420216] random: fast init done
[    1.423754] m25p80 spi32765.0: w25q32dw (4096 Kbytes)
[    1.431937] libphy: Fixed MDIO Bus: probed
[    1.437318] CAN device driver interface
[    1.442117] bgmac_bcma: Broadcom 47xx GBit MAC driver loaded
[    1.449218] e1000e: Intel(R) PRO/1000 Network Driver - 3.2.6-k
[    1.455056] e1000e: Copyright(c) 1999 - 2015 Intel Corporation.
[    1.461029] igb: Intel(R) Gigabit Ethernet Network Driver - version 5.4.0-k
[    1.467988] igb: Copyright (c) 2007-2014 Intel Corporation.
[    1.477340] pegasus: v0.9.3 (2013/04/25), Pegasus/Pegasus II USB Ethernet driver
[    1.484790] usbcore: registered new interface driver pegasus
[    1.490500] usbcore: registered new interface driver asix
[    1.495948] usbcore: registered new interface driver ax88179_178a
[    1.502068] usbcore: registered new interface driver cdc_ether
[    1.507961] usbcore: registered new interface driver smsc75xx
[    1.513777] usbcore: registered new interface driver smsc95xx
[    1.519551] usbcore: registered new interface driver net1080
[    1.525252] usbcore: registered new interface driver cdc_subset
[    1.531199] usbcore: registered new interface driver zaurus
[    1.536841] usbcore: registered new interface driver cdc_ncm
[    1.542707] tegra-phy 7d004000.usb-phy: no vbus regulator
[    1.550187] ehci_hcd: USB 2.0 'Enhanced' Host Controller (EHCI) Driver
[    1.556725] ehci-pci: EHCI PCI platform driver
[    1.561204] ehci-platform: EHCI generic platform driver
[    1.566650] ehci-orion: EHCI orion driver
[    1.570804] SPEAr-ehci: EHCI SPEAr driver
[    1.574975] ehci-st: EHCI STMicroelectronics driver
[    1.579991] ehci-exynos: EHCI EXYNOS driver
[    1.584351] ehci-atmel: EHCI Atmel driver
[    1.588499] tegra-ehci: Tegra EHCI driver
[    1.595332] tegra-ehci 7d004000.usb: EHCI Host Controller
[    1.600748] tegra-ehci 7d004000.usb: new USB bus registered, assigned bus number 1
[    1.608529] tegra-ehci 7d004000.usb: irq 354, io mem 0x7d004000
[    1.643280] tegra-ehci 7d004000.usb: USB 2.0 started, EHCI 1.10
[    1.650035] hub 1-0:1.0: USB hub found
[    1.653835] hub 1-0:1.0: 1 port detected
[    1.658357] ohci_hcd: USB 1.1 'Open' Host Controller (OHCI) Driver
[    1.664573] ohci-pci: OHCI PCI platform driver
[    1.669059] ohci-platform: OHCI generic platform driver
[    1.674477] ohci-omap3: OHCI OMAP3 driver
[    1.678627] SPEAr-ohci: OHCI SPEAr driver
[    1.682783] ohci-st: OHCI STMicroelectronics driver
[    1.687819] ohci-atmel: OHCI Atmel driver
[    1.692656] usbcore: registered new interface driver usb-storage
[    1.700333] mousedev: PS/2 mouse device common for all mice
[    1.709108] as3722-rtc as3722-rtc: rtc core: registered as3722-rtc as rtc0
[    1.715996] as3722-rtc as3722-rtc: RTC interrupt 377
[    1.724374] tegra_rtc 7000e000.rtc: rtc core: registered 7000e000.rtc as rtc1
[    1.731540] tegra_rtc 7000e000.rtc: Tegra internal Real Time Clock
[    1.738302] i2c /dev entries driver
[    1.748942] 0-004c supply vcc not found, using dummy regulator
[    1.764956] sdhci: Secure Digital Host Controller Interface driver
[    1.771127] sdhci: Copyright(c) Pierre Ossman
[    1.777178] Synopsys Designware Multimedia Card Interface Driver
[    1.784398] sdhci-pltfm: SDHCI platform and OF driver helper
[    1.790823] sdhci-tegra 700b0400.sdhci: Got CD GPIO
[    1.795733] sdhci-tegra 700b0400.sdhci: Got WP GPIO
[    1.800850] mmc0: Unknown controller version (3). You may experience problems.
[    1.808155] mmc0: Invalid maximum block size, assuming 512 bytes
[    1.873279] mmc0: SDHCI controller on 700b0600.sdhci [700b0600.sdhci] using ADMA
[    1.882697] ledtrig-cpu: registered to indicate activity on CPUs
[    1.889059] usbcore: registered new interface driver usbhid
[    1.894643] usbhid: USB HID core driver
[    1.902589] NET: Registered protocol family 10
[    1.907954] Segment Routing with IPv6
[    1.911660] sit: IPv6, IPv4 and MPLS over IPv4 tunneling driver
[    1.918275] NET: Registered protocol family 17
[    1.922721] can: controller area network core (rev 20120528 abi 9)
[    1.928971] NET: Registered protocol family 29
[    1.933426] can: raw protocol (rev 20120528)
[    1.937689] can: broadcast manager protocol (rev 20161123 t)
[    1.943360] can: netlink gateway (rev 20130117) max_hops=1
[    1.949189] Key type dns_resolver registered
[    1.954101] ThumbEE CPU extension supported.
[    1.958369] Registering SWP/SWPB emulation handler
[    1.979348] +3.3V_RUN: supplied by +3.3V_SYS
[    1.984738] +3.3V_AVDD_HDMI_AP_GATED: supplied by +3.3V_RUN
[    1.990750] +USB0_VBUS_SW: supplied by +5V_SYS
[    1.995960] +5V_USB_HS: supplied by +5V_SYS
[    2.001654] +3.3V_LP0: supplied by +3.3V_SYS
[    2.007736] +5V_HDMI_CON: supplied by +5V_SYS
[    2.012608] +5V_SATA: supplied by +5V_SYS
[    2.017542] +12V_SATA: supplied by +VDD_MUX
[    2.023553] usb2-0 supply vbus not found, using dummy regulator
[    2.029654] usb2-1 supply vbus not found, using dummy regulator
[    2.035215] mmc0: new high speed MMC card at address 0001
[    2.036336] mmcblk0: mmc0:0001 SEM16G 14.7 GiB 
[    2.037117] mmcblk0boot0: mmc0:0001 SEM16G partition 1 4.00 MiB
[    2.037879] mmcblk0boot1: mmc0:0001 SEM16G partition 2 4.00 MiB
[    2.038638] mmcblk0rpmb: mmc0:0001 SEM16G partition 3 4.00 MiB
[    2.047861]  mmcblk0: p1
[    2.066197] usb3-0 supply vbus not found, using dummy regulator
[    2.073381] tegra-pcie 1003000.pcie-controller: 2x1, 1x1 configuration
[    2.079976] tegra-pcie 1003000.pcie-controller: Failed to get supply 'avddio-pex': -517
[    2.091196] tegra124-dfll 70110000.clock: couldn't get vdd_cpu regulator
[    2.102006] tegra-hdmi 54280000.hdmi: failed to get PLL regulator
[    2.112845] as3722-sd2: supplied by +5V_SYS
[    2.117524] as3722-sd3: supplied by +5V_SYS
[    2.122004] as3722-sd4: supplied by +5V_SYS
[    2.126528] +1.05V_RUN_AVDD_HDMI_PLL: supplied by +1.05V_RUN
[    2.132286] as3722-sd5: supplied by +5V_SYS
[    2.138514] as3722-ldo0: supplied by +1.35V_LP0(sd2)
[    2.144563] as3722-ldo1: supplied by +3.3V_RUN
[    2.149318] as3722-ldo2: supplied by +1.8V_VDDIO
[    2.155035] as3722-ldo3: supplied by +3.3V_SYS
[    2.160344] as3722-ldo4: supplied by +3.3V_SYS
[    2.165165] as3722-ldo5: supplied by +1.8V_VDDIO
[    2.170059] as3722-ldo6: supplied by +3.3V_RUN
[    2.174787] as3722-ldo7: supplied by +1.8V_VDDIO
[    2.179891] +1.05V_RUN_CAM_REAR: Bringing 0uV into 1050000-1050000uV
[    2.186827] as3722-ldo9: supplied by +5V_SYS
[    2.192153] +3.3V_RUN_TOUCH: Bringing 0uV into 2800000-2800000uV
[    2.198734] as3722-ldo10: supplied by +5V_SYS
[    2.203648] +2.8V_RUN_CAM_AF: Bringing 0uV into 2800000-2800000uV
[    2.210270] as3722-ldo11: supplied by +3.3V_RUN
[    2.215610] +1.8V_RUN_VPP_FUSE: Bringing 0uV into 1800000-1800000uV
[    2.225404] tegra-ahci 70027000.sata: AHCI 0001.0301 32 slots 2 ports 3 Gbps 0x1 impl platform mode
[    2.234481] tegra-ahci 70027000.sata: flags: 64bit ncq sntf pm led pio slum part sadm sds apst 
[    2.245240] scsi host0: tegra-ahci
[    2.249813] scsi host1: tegra-ahci
[    2.253598] ata1: SATA max UDMA/133 mmio [mem 0x70027000-0x70028fff] port 0x100 irq 345
[    2.261590] ata2: DUMMY
[    2.267389] tegra-ehci 7d008000.usb: EHCI Host Controller
[    2.272806] tegra-ehci 7d008000.usb: new USB bus registered, assigned bus number 2
[    2.280598] tegra-ehci 7d008000.usb: irq 355, io mem 0x7d008000
[    2.313379] tegra-ehci 7d008000.usb: USB 2.0 started, EHCI 1.10
[    2.320477] hub 2-0:1.0: USB hub found
[    2.324330] hub 2-0:1.0: 1 port detected
[    2.330804] sdhci-tegra 700b0400.sdhci: Got CD GPIO
[    2.335753] sdhci-tegra 700b0400.sdhci: Got WP GPIO
[    2.340825] mmc1: Unknown controller version (3). You may experience problems.
[    2.348155] mmc1: Invalid maximum block size, assuming 512 bytes
[    2.413852] mmc1: SDHCI controller on 700b0400.sdhci [700b0400.sdhci] using ADMA
[    2.421970] tegra-pcie 1003000.pcie-controller: 2x1, 1x1 configuration
[    2.430596] tegra-pcie 1003000.pcie-controller: probing port 0, using 2 lanes
[    2.439962] tegra-pcie 1003000.pcie-controller: Slot present pin change, signature: 00000008
[    2.464344] tegra-pcie 1003000.pcie-controller: probing port 1, using 1 lanes
[    2.473557] tegra-pcie 1003000.pcie-controller: Slot present pin change, signature: 00000000
[    2.487727] tegra-pcie 1003000.pcie-controller: PCI host bridge to bus 0000:00
[    2.494993] pci_bus 0000:00: root bus resource [io  0x0000-0xffff]
[    2.501177] pci_bus 0000:00: root bus resource [mem 0x13000000-0x1fffffff]
[    2.508084] pci_bus 0000:00: root bus resource [mem 0x20000000-0x3fffffff pref]
[    2.515432] pci_bus 0000:00: root bus resource [bus 00-ff]
[    2.520958] pci 0000:00:01.0: [10de:0e12] type 01 class 0x060400
[    2.527089] pci_bus 0000:00: 2-byte config write to 0000:00:01.0 offset 0x52 may corrupt adjacent RW1C bits
[    2.536897] pci 0000:00:01.0: PME# supported from D0 D1 D2 D3hot D3cold
[    2.543564] pci_bus 0000:00: 2-byte config write to 0000:00:01.0 offset 0x4c may corrupt adjacent RW1C bits
[    2.553655] pci 0000:00:02.0: [10de:0e13] type 01 class 0x060400
[    2.559738] pci_bus 0000:00: 2-byte config write to 0000:00:02.0 offset 0x52 may corrupt adjacent RW1C bits
[    2.569561] pci 0000:00:02.0: PME# supported from D0 D1 D2 D3hot D3cold
[    2.576226] pci_bus 0000:00: 2-byte config write to 0000:00:02.0 offset 0x4c may corrupt adjacent RW1C bits
[    2.586358] pci_bus 0000:00: 2-byte config write to 0000:00:01.0 offset 0x3e may corrupt adjacent RW1C bits
[    2.596141] pci_bus 0000:00: 2-byte config write to 0000:00:02.0 offset 0x3e may corrupt adjacent RW1C bits
[    2.596996] ata1: SATA link down (SStatus 0 SControl 300)
[    2.611304] pci_bus 0000:00: 2-byte config write to 0000:00:01.0 offset 0x4 may corrupt adjacent RW1C bits
[    2.620960] pci_bus 0000:00: 1-byte config write to 0000:00:01.0 offset 0xc may corrupt adjacent RW1C bits
[    2.630617] pci_bus 0000:00: 2-byte config write to 0000:00:02.0 offset 0x4 may corrupt adjacent RW1C bits
[    2.640273] pci_bus 0000:00: 1-byte config write to 0000:00:02.0 offset 0xc may corrupt adjacent RW1C bits
[    2.649955] PCI: bus0: Fast back to back transfers disabled
[    2.655544] pci 0000:00:01.0: bridge configuration invalid ([bus 00-00]), reconfiguring
[    2.663593] pci 0000:00:02.0: bridge configuration invalid ([bus 00-00]), reconfiguring
[    2.671839] pci 0000:01:00.0: [8086:4232] type 00 class 0x028000
[    2.677900] pci 0000:01:00.0: reg 0x10: [mem 0x00000000-0x00001fff 64bit]
[    2.684897] pci 0000:01:00.0: PME# supported from D0 D3hot D3cold
[    2.706995] mmc1: new high speed SDHC card at address aaaa
[    2.713401] PCI: bus1: Fast back to back transfers disabled
[    2.718997] pci_bus 0000:01: busn_res: [bus 01-ff] end is updated to 01
[    2.725901] pci 0000:02:00.0: [10ec:8168] type 00 class 0x020000
[    2.731932] pci 0000:02:00.0: reg 0x10: [io  0x0000-0x00ff]
[    2.737578] pci 0000:02:00.0: reg 0x18: [mem 0x00000000-0x00000fff 64bit]
[    2.744439] pci 0000:02:00.0: reg 0x20: [mem 0x00000000-0x00003fff 64bit pref]
[    2.751806] pci 0000:02:00.0: supports D1 D2
[    2.756089] pci 0000:02:00.0: PME# supported from D0 D1 D2 D3hot D3cold
[    2.763070] mmcblk1: mmc1:aaaa SD04G 3.69 GiB 
[    2.781381]  mmcblk1: p1 p2 p3
[    2.784718] PCI: bus2: Fast back to back transfers disabled
[    2.790315] pci_bus 0000:02: busn_res: [bus 02-ff] end is updated to 02
[    2.797168] pci 0000:00:01.0: BAR 8: assigned [mem 0x13000000-0x130fffff]
[    2.804001] pci 0000:00:02.0: BAR 8: assigned [mem 0x13100000-0x131fffff]
[    2.810785] pci 0000:00:02.0: BAR 9: assigned [mem 0x20000000-0x200fffff 64bit pref]
[    2.818561] pci 0000:00:02.0: BAR 7: assigned [io  0x1000-0x1fff]
[    2.824681] pci 0000:01:00.0: BAR 0: assigned [mem 0x13000000-0x13001fff 64bit]
[    2.832020] pci 0000:00:01.0: PCI bridge to [bus 01]
[    2.837026] pci 0000:00:01.0:   bridge window [mem 0x13000000-0x130fffff]
[    2.843843] pci 0000:02:00.0: BAR 4: assigned [mem 0x20000000-0x20003fff 64bit pref]
[    2.851595] pci 0000:02:00.0: BAR 2: assigned [mem 0x13100000-0x13100fff 64bit]
[    2.858957] pci 0000:02:00.0: BAR 0: assigned [io  0x1000-0x10ff]
[    2.865072] pci 0000:00:02.0: PCI bridge to [bus 02]
[    2.870033] pci 0000:00:02.0:   bridge window [io  0x1000-0x1fff]
[    2.876162] pci 0000:00:02.0:   bridge window [mem 0x13100000-0x131fffff]
[    2.882945] pci 0000:00:02.0:   bridge window [mem 0x20000000-0x200fffff 64bit pref]
[    2.890730] pci 0000:00:01.0: nv_msi_ht_cap_quirk didn't locate host bridge
[    2.897824] pcieport 0000:00:01.0: enabling device (0140 -> 0142)
[    2.904214] pcieport 0000:00:01.0: Signaling PME with IRQ 393
[    2.910052] pci 0000:00:02.0: nv_msi_ht_cap_quirk didn't locate host bridge
[    2.917141] pcieport 0000:00:02.0: enabling device (0140 -> 0143)
[    2.923565] pcieport 0000:00:02.0: Signaling PME with IRQ 394
[    2.929639] r8169 Gigabit Ethernet driver 2.3LK-NAPI loaded
[    2.935271] r8169 0000:02:00.0: enabling device (0140 -> 0143)
[    2.965076] r8169 0000:02:00.0 eth0: RTL8168g/8111g at 0xf0b54000, 00:04:4b:3a:d9:81, XID 0c000800 IRQ 395
[    2.974786] r8169 0000:02:00.0 eth0: jumbo features [frames: 9200 bytes, tx checksumming: ko]
[    2.989986] [drm] Supports vblank timestamp caching Rev 2 (21.10.2013).
[    2.996644] [drm] No driver support for vblank timestamp query.
[    3.125373] tegra-hdmi 54280000.hdmi: cannot set audio to 48000 Hz at 297000000 Hz pixel clock
[    3.295661] Console: switching to colour frame buffer device 512x135
[    3.393412] drm drm: fb0:  frame buffer device
[    3.433413] [drm] Initialized tegra 0.0.0 20120330 on minor 0
[    3.440779] of: dev_pm_opp_of_cpumask_add_table: couldn't find opp table for cpu:0, -19
[    3.448879] cpufreq: cpufreq_online: CPU0: Running at unlisted freq: 696000 KHz
[    3.456243] cpufreq: cpufreq_online: CPU0: Unlisted initial frequency changed to: 714000 KHz
[    3.465381] input: gpio-keys as /devices/soc0/gpio-keys/input/input0
[    3.472750] as3722-rtc as3722-rtc: setting system clock to 2000-01-01 00:02:26 UTC (946684946)
[    3.481820] +USB0_VBUS_SW: disabling
[    3.485435] +1.8V_RUN_CAM: disabling
[    3.489202] +2.8V_RUN_CAM: disabling
[    3.492970] +1.2V_RUN_CAM_FRONT: disabling
[    3.497315] +1.05V_RUN_CAM_REAR: disabling
[    3.501606] +3.3V_RUN_TOUCH: disabling
[    3.505572] +2.8V_RUN_CAM_AF: disabling
[    3.509559] +1.8V_RUN_VPP_FUSE: disabling
[    3.514703] EXT4-fs (mmcblk0p1): mounting ext3 file system using the ext4 subsystem
[    3.536150] EXT4-fs (mmcblk0p1): recovery complete
[    3.540935] EXT4-fs (mmcblk0p1): mounted filesystem with ordered data mode. Opts: (null)
[    3.549058] VFS: Mounted root (ext3 filesystem) on device 179:1.
[    3.559335] devtmpfs: mounted
[    3.562936] Freeing unused kernel memory: 2048K
bash: cannot set terminal process group (-1): Inappropriate ioctl for device
bash: no job control in this shell
root@(none):/# mount -t sysfs none /sys
root@(none):/# 
root@(none):/# mount -t debugfs none /sys/kernel/debug
root@(none):/# 
root@(none):/# rtcwake -d rtc1 -m mem -s 3
rtcwake: assuming RTC uses UTC ...
rtcwake: wakeup from "mem" using /dev/rtc1 at Thu Jan  1 00:00:20 1970
[    6.488092] PM: Syncing filesystems ... done.
[    6.664825] Freezing user space processes ... (elapsed 0.001 seconds) done.
[    6.673106] Freezing remaining freezable tasks ... (elapsed 0.001 seconds) done.
[    6.681706] Suspending console(s) (use no_console_suspend to debug)
[    6.824934] PM: suspend of devices complete after 136.371 msecs
[    6.826723] PM: late suspend of devices complete after 1.780 msecs
[    6.854499] PM: noirq suspend of devices complete after 27.770 msecs
[    6.854501] Disabling non-boot CPUs ...
[    6.854767] IRQ17 no longer affine to CPU1
[    6.854982] CPU1: shutdown
[    6.895110] CPU2: shutdown
[    6.954703] CPU3: shutdown
[    7.004149] Entering suspend state LP1
[    7.004149] Suspended for 2.874 seconds
[    7.004160] Enabling non-boot CPUs ...
[    7.034102] CPU1 is up
[    7.074144] CPU2 is up
[    7.114282] CPU3 is up
[    7.114992] pcieport 0000:00:02.0: nv_msi_ht_cap_quirk didn't locate host bridge
[    7.115105] pcieport 0000:00:01.0: nv_msi_ht_cap_quirk didn't locate host bridge
[    7.143351] PM: noirq resume of devices complete after 29.064 msecs
[    7.144904] PM: early resume of devices complete after 1.234 msecs
[    7.148783] tegra-hdmi 54280000.hdmi: cannot set audio to 48000 Hz at 297000000 Hz pixel clock
[    7.228710] PM: resume of devices complete after 83.797 msecs
[    7.323907] Restarting tasks ... done.
root@(none):/# 
root@(none):/# [    7.485629] ata1: SATA link down (SStatus 0 SControl 300)
rtcwake -d rtc1 -m mem -s 3
rtcwake: assuming RTC uses UTC ...
rtcwake: wakeup from "mem" using /dev/rtc1 at Thu Jan  1 00:00:25 1970
[    8.657683] PM: Syncing filesystems ... done.
[    8.832134] Freezing user space processes ... (elapsed 0.001 seconds) done.
[    8.840437] Freezing remaining freezable tasks ... (elapsed 0.001 seconds) done.
[    8.849045] Suspending console(s) (use no_console_suspend to debug)
[    8.865355] pci_generic_config_write32: 116 callbacks suppressed
[    8.865361] pci_bus 0000:00: 2-byte config write to 0000:00:02.0 offset 0x9c may corrupt adjacent RW1C bits
[    8.865376] pci_bus 0000:00: 2-byte config write to 0000:00:01.0 offset 0x9c may corrupt adjacent RW1C bits
[    8.975012] PM: suspend of devices complete after 119.175 msecs
[    8.976827] PM: late suspend of devices complete after 1.805 msecs
[    8.977270] pci_bus 0000:02: 2-byte config write to 0000:02:00.0 offset 0x44 may corrupt adjacent RW1C bits
[    8.977291] pci_bus 0000:02: 2-byte config write to 0000:02:00.0 offset 0x44 may corrupt adjacent RW1C bits
[    9.004515] PM: noirq suspend of devices complete after 27.681 msecs
[    9.004517] Disabling non-boot CPUs ...
[    9.004945] CPU1: shutdown
[    9.094761] CPU2: shutdown
[    9.154308] IRQ17 no longer affine to CPU3
[    9.154547] CPU3: shutdown
[    9.203907] Entering suspend state LP1
[    9.203907] Suspended for 2.800 seconds
[    9.203917] Enabling non-boot CPUs ...
[    9.234096] CPU1 is up
[    9.274132] CPU2 is up
[    9.314263] CPU3 is up
[    9.314922] pci_bus 0000:00: 2-byte config write to 0000:00:02.0 offset 0x4c may corrupt adjacent RW1C bits
[    9.314930] pci_bus 0000:00: 2-byte config write to 0000:00:01.0 offset 0x4c may corrupt adjacent RW1C bits
[    9.314941] pci_bus 0000:00: 2-byte config write to 0000:00:02.0 offset 0x88 may corrupt adjacent RW1C bits
[    9.314947] pci_bus 0000:00: 2-byte config write to 0000:00:01.0 offset 0x88 may corrupt adjacent RW1C bits
[    9.314953] pci_bus 0000:00: 2-byte config write to 0000:00:02.0 offset 0x90 may corrupt adjacent RW1C bits
[    9.314958] pci_bus 0000:00: 2-byte config write to 0000:00:01.0 offset 0x90 may corrupt adjacent RW1C bits
[    9.315065] pcieport 0000:00:02.0: nv_msi_ht_cap_quirk didn't locate host bridge
[    9.315067] pcieport 0000:00:01.0: nv_msi_ht_cap_quirk didn't locate host bridge
[    9.343327] PM: noirq resume of devices complete after 29.059 msecs
[    9.344985] PM: early resume of devices complete after 1.330 msecs
[    9.348389] tegra-hdmi 54280000.hdmi: cannot set audio to 48000 Hz at 297000000 Hz pixel clock
[    9.428284] PM: resume of devices complete after 83.289 msecs
[    9.626760] Restarting tasks ... done.
root@(none):/# 
[    9.676042] ata1: SATA link down (SStatus 0 SControl 300)
root@(none):/# rtcwake -d rtc1 -m mem -s 3
rtcwake: assuming RTC uses UTC ...
rtcwake: wakeup from "mem" using /dev/rtc1 at Thu Jan  1 00:00:30 1970
[   10.860544] PM: Syncing filesystems ... done.
[   10.980190] Freezing user space processes ... (elapsed 0.001 seconds) done.
[   10.988629] Freezing remaining freezable tasks ... (elapsed 0.001 seconds) done.
[   10.997579] Suspending console(s) (use no_console_suspend to debug)
[   11.136108] PM: suspend of devices complete after 130.428 msecs
[   11.144732] PM: late suspend of devices complete after 8.598 msecs
[   11.177963] PM: noirq suspend of devices complete after 33.210 msecs
[   11.177970] Disabling non-boot CPUs ...
[   11.178895] IRQ17 no longer affine to CPU1
[   11.179566] CPU1: shutdown
[   11.238522] CPU2: shutdown
[   11.297918] CPU3: shutdown
[   11.345926] Entering suspend state LP1
[   11.345926] Suspended for 2.857 seconds
[   11.345937] Enabling non-boot CPUs ...
[   11.374059] CPU1 is up
[   11.414095] CPU2 is up
[   11.454235] CPU3 is up
[   11.454980] pcieport 0000:00:02.0: nv_msi_ht_cap_quirk didn't locate host bridge
[   11.454982] pcieport 0000:00:01.0: nv_msi_ht_cap_quirk didn't locate host bridge
[   11.483287] PM: noirq resume of devices complete after 29.047 msecs
[   11.484856] PM: early resume of devices complete after 1.237 msecs
[   11.488287] tegra-hdmi 54280000.hdmi: cannot set audio to 48000 Hz at 297000000 Hz pixel clock
[   11.568209] PM: resume of devices complete after 83.343 msecs
[   11.663342] Restarting tasks ... done.
root@(none):/# 
root@(none):/# [   11.825579] ata1: SATA link down (SStatus 0 SControl 300)
rtcwake -d rtc1 -m mem -s 3
rtcwake: assuming RTC uses UTC ...
rtcwake: wakeup from "mem" using /dev/rtc1 at Thu Jan  1 00:00:35 1970
[   13.004378] PM: Syncing filesystems ... done.
[   13.180479] Freezing user space processes ... (elapsed 0.001 seconds) done.
[   13.188791] Freezing remaining freezable tasks ... (elapsed 0.001 seconds) done.
[   13.197398] Suspending console(s) (use no_console_suspend to debug)
[   13.354707] PM: suspend of devices complete after 150.535 msecs
[   13.356928] PM: late suspend of devices complete after 2.212 msecs
[   13.384237] PM: noirq suspend of devices complete after 27.303 msecs
[   13.384239] Disabling non-boot CPUs ...
[   13.384485] IRQ17 no longer affine to CPU1
[   13.384680] CPU1: shutdown
[   13.454520] CPU2: shutdown
[   13.514370] CPU3: shutdown
[   13.563820] Entering suspend state LP1
[   13.563820] Suspended for 2.782 seconds
[   13.563830] Enabling non-boot CPUs ...
[   13.594033] CPU1 is up
[   13.634069] CPU2 is up
[   13.674203] CPU3 is up
[   13.674944] pcieport 0000:00:01.0: nv_msi_ht_cap_quirk didn't locate host bridge
[   13.674946] pcieport 0000:00:02.0: nv_msi_ht_cap_quirk didn't locate host bridge
[   13.703262] PM: noirq resume of devices complete after 29.054 msecs
[   13.705232] PM: early resume of devices complete after 1.642 msecs
[   13.708218] tegra-hdmi 54280000.hdmi: cannot set audio to 48000 Hz at 297000000 Hz pixel clock
[   13.788106] PM: resume of devices complete after 82.865 msecs
[   13.883263] Restarting tasks ... done.
root@(none):/# 
root@(none):/# [   14.045510] ata1: SATA link down (SStatus 0 SControl 300)
rtcwake -d rtc1 -m mem -s 3
rtcwake: assuming RTC uses UTC ...
rtcwake: wakeup from "mem" using /dev/rtc1 at Thu Jan  1 00:00:40 1970
[   15.228236] PM: Syncing filesystems ... done.
[   15.348199] Freezing user space processes ... (elapsed 0.001 seconds) done.
[   15.356625] Freezing remaining freezable tasks ... (elapsed 0.001 seconds) done.
[   15.365576] Suspending console(s) (use no_console_suspend to debug)
[   15.382611] pci_generic_config_write32: 116 callbacks suppressed
[   15.382629] pci_bus 0000:00: 2-byte config write to 0000:00:02.0 offset 0x9c may corrupt adjacent RW1C bits
[   15.382673] pci_bus 0000:00: 2-byte config write to 0000:00:01.0 offset 0x9c may corrupt adjacent RW1C bits
[   15.495956] PM: suspend of devices complete after 122.275 msecs
[   15.503052] PM: late suspend of devices complete after 7.070 msecs
[   15.504228] pci_bus 0000:02: 2-byte config write to 0000:02:00.0 offset 0x44 may corrupt adjacent RW1C bits
[   15.504274] pci_bus 0000:02: 2-byte config write to 0000:02:00.0 offset 0x44 may corrupt adjacent RW1C bits
[   15.537785] PM: noirq suspend of devices complete after 34.712 msecs
[   15.537792] Disabling non-boot CPUs ...
[   15.538727] IRQ17 no longer affine to CPU1
[   15.539414] CPU1: shutdown
[   15.578538] CPU2: shutdown
[   15.637829] CPU3: shutdown
[   15.685808] Entering suspend state LP1
[   15.685808] Suspended for 2.877 seconds
[   15.685818] Enabling non-boot CPUs ...
[   15.713998] CPU1 is up
[   15.754034] CPU2 is up
[   15.794157] CPU3 is up
[   15.794775] pci_bus 0000:00: 2-byte config write to 0000:00:01.0 offset 0x4c may corrupt adjacent RW1C bits
[   15.794783] pci_bus 0000:00: 2-byte config write to 0000:00:02.0 offset 0x4c may corrupt adjacent RW1C bits
[   15.794795] pci_bus 0000:00: 2-byte config write to 0000:00:01.0 offset 0x88 may corrupt adjacent RW1C bits
[   15.794801] pci_bus 0000:00: 2-byte config write to 0000:00:02.0 offset 0x88 may corrupt adjacent RW1C bits
[   15.794806] pci_bus 0000:00: 2-byte config write to 0000:00:01.0 offset 0x90 may corrupt adjacent RW1C bits
[   15.794812] pci_bus 0000:00: 2-byte config write to 0000:00:02.0 offset 0x90 may corrupt adjacent RW1C bits
[   15.794918] pcieport 0000:00:01.0: nv_msi_ht_cap_quirk didn't locate host bridge
[   15.794920] pcieport 0000:00:02.0: nv_msi_ht_cap_quirk didn't locate host bridge
[   15.823221] PM: noirq resume of devices complete after 29.058 msecs
[   15.824460] PM: early resume of devices complete after 1.075 msecs
[   15.827721] tegra-hdmi 54280000.hdmi: cannot set audio to 48000 Hz at 297000000 Hz pixel clock
[   15.908461] PM: resume of devices complete after 83.992 msecs
[   16.107010] Restarting tasks ... done.
root@(none):/# 
[   16.156008] ata1: SATA link down (SStatus 0 SControl 300)
root@(none):/# rtcwake -d rtc1 -m mem -s 3
rtcwake: assuming RTC uses UTC ...
rtcwake: wakeup from "mem" using /dev/rtc1 at Thu Jan  1 00:00:45 1970
[   17.348429] PM: Syncing filesystems ... done.
[   17.467263] Freezing user space processes ... (elapsed 0.001 seconds) done.
[   17.475681] Freezing remaining freezable tasks ... (elapsed 0.001 seconds) done.
[   17.484624] Suspending console(s) (use no_console_suspend to debug)
[   17.616376] PM: suspend of devices complete after 123.670 msecs
[   17.622989] PM: late suspend of devices complete after 6.587 msecs
[   17.657925] PM: noirq suspend of devices complete after 34.913 msecs
[   17.657932] Disabling non-boot CPUs ...
[   17.659558] CPU1: shutdown
[   17.717935] IRQ17 no longer affine to CPU2
[   17.718662] CPU2: shutdown
[   17.778002] CPU3: shutdown
[   17.805806] Entering suspend state LP1
[   17.805806] Suspended for 2.879 seconds
[   17.805816] Enabling non-boot CPUs ...
[   17.833983] CPU1 is up
[   17.873997] CPU2 is up
[   17.914126] CPU3 is up
[   17.914815] pcieport 0000:00:01.0: nv_msi_ht_cap_quirk didn't locate host bridge
[   17.914879] pcieport 0000:00:02.0: nv_msi_ht_cap_quirk didn't locate host bridge
[   17.943197] PM: noirq resume of devices complete after 29.065 msecs
[   17.944294] PM: early resume of devices complete after 0.771 msecs
[   17.947499] tegra-hdmi 54280000.hdmi: cannot set audio to 48000 Hz at 297000000 Hz pixel clock
[   18.027335] PM: resume of devices complete after 83.033 msecs
[   18.122542] Restarting tasks ... done.
root@(none):/# 
root@(none):/# [   18.285442] ata1: SATA link down (SStatus 0 SControl 300)
rtcwake -d rtc1 -m mem -s 3
rtcwake: assuming RTC uses UTC ...
rtcwake: wakeup from "mem" using /dev/rtc1 at Thu Jan  1 00:00:50 1970
[   19.472945] PM: Syncing filesystems ... done.
[   19.648687] Freezing user space processes ... (elapsed 0.001 seconds) done.
[   19.657009] Freezing remaining freezable tasks ... (elapsed 0.001 seconds) done.
[   19.665628] Suspending console(s) (use no_console_suspend to debug)
[   19.814572] PM: suspend of devices complete after 142.155 msecs
[   19.816660] PM: late suspend of devices complete after 2.079 msecs
[   19.844214] PM: noirq suspend of devices complete after 27.548 msecs
[   19.844216] Disabling non-boot CPUs ...
[   19.844473] IRQ17 no longer affine to CPU1
[   19.844677] CPU1: shutdown
[   19.914487] CPU2: shutdown
[   19.974313] CPU3: shutdown
[   20.023760] Entering suspend state LP1
[   20.023760] Suspended for 2.781 seconds
[   20.023770] Enabling non-boot CPUs ...
[   20.053942] CPU1 is up
[   20.093987] CPU2 is up
[   20.134114] CPU3 is up
[   20.134861] pcieport 0000:00:01.0: nv_msi_ht_cap_quirk didn't locate host bridge
[   20.134863] pcieport 0000:00:02.0: nv_msi_ht_cap_quirk didn't locate host bridge
[   20.163162] PM: noirq resume of devices complete after 29.042 msecs
[   20.164946] PM: early resume of devices complete after 1.446 msecs
[   20.168193] tegra-hdmi 54280000.hdmi: cannot set audio to 48000 Hz at 297000000 Hz pixel clock
[   20.248053] PM: resume of devices complete after 83.098 msecs
[   20.343191] Restarting tasks ... done.
root@(none):/# 
root@(none):/# [   20.505405] ata1: SATA link down (SStatus 0 SControl 300)
rtcwake -d rtc1 -m mem -s 3
rtcwake: assuming RTC uses UTC ...
rtcwake: wakeup from "mem" using /dev/rtc1 at Thu Jan  1 00:00:55 1970
[   21.683718] PM: Syncing filesystems ... done.
[   21.859180] Freezing user space processes ... (elapsed 0.001 seconds) done.
[   21.867504] Freezing remaining freezable tasks ... (elapsed 0.001 seconds) done.
[   21.876112] Suspending console(s) (use no_console_suspend to debug)
[   21.924282] pci_generic_config_write32: 116 callbacks suppressed
[   21.924289] pci_bus 0000:00: 2-byte config write to 0000:00:02.0 offset 0x9c may corrupt adjacent RW1C bits
[   21.924303] pci_bus 0000:00: 2-byte config write to 0000:00:01.0 offset 0x9c may corrupt adjacent RW1C bits
[   22.034703] PM: suspend of devices complete after 151.839 msecs
[   22.036962] PM: late suspend of devices complete after 2.250 msecs
[   22.037356] pci_bus 0000:02: 2-byte config write to 0000:02:00.0 offset 0x44 may corrupt adjacent RW1C bits
[   22.037380] pci_bus 0000:02: 2-byte config write to 0000:02:00.0 offset 0x44 may corrupt adjacent RW1C bits
[   22.064107] PM: noirq suspend of devices complete after 27.140 msecs
[   22.064109] Disabling non-boot CPUs ...
[   22.064354] IRQ17 no longer affine to CPU1
[   22.064550] CPU1: shutdown
[   22.134375] CPU2: shutdown
[   22.194227] CPU3: shutdown
[   22.243697] Entering suspend state LP1
[   22.243697] Suspended for 2.779 seconds
[   22.243707] Enabling non-boot CPUs ...
[   22.273909] CPU1 is up
[   22.313943] CPU2 is up
[   22.354075] CPU3 is up
[   22.354702] pci_bus 0000:00: 2-byte config write to 0000:00:02.0 offset 0x4c may corrupt adjacent RW1C bits
[   22.354712] pci_bus 0000:00: 2-byte config write to 0000:00:01.0 offset 0x4c may corrupt adjacent RW1C bits
[   22.354721] pci_bus 0000:00: 2-byte config write to 0000:00:02.0 offset 0x88 may corrupt adjacent RW1C bits
[   22.354728] pci_bus 0000:00: 2-byte config write to 0000:00:02.0 offset 0x90 may corrupt adjacent RW1C bits
[   22.354734] pci_bus 0000:00: 2-byte config write to 0000:00:01.0 offset 0x88 may corrupt adjacent RW1C bits
[   22.354739] pci_bus 0000:00: 2-byte config write to 0000:00:02.0 offset 0x98 may corrupt adjacent RW1C bits
[   22.354845] pcieport 0000:00:02.0: nv_msi_ht_cap_quirk didn't locate host bridge
[   22.354847] pcieport 0000:00:01.0: nv_msi_ht_cap_quirk didn't locate host bridge
[   22.383131] PM: noirq resume of devices complete after 29.050 msecs
[   22.384996] PM: early resume of devices complete after 1.533 msecs
[   22.387920] tegra-hdmi 54280000.hdmi: cannot set audio to 48000 Hz at 297000000 Hz pixel clock
[   22.467800] PM: resume of devices complete after 82.795 msecs
[   22.666329] Restarting tasks ... done.
root@(none):/# 
[   22.715881] ata1: SATA link down (SStatus 0 SControl 300)
root@(none):/# rtcwake -d rtc1 -m mem -s 3
rtcwake: assuming RTC uses UTC ...
rtcwake: wakeup from "mem" using /dev/rtc1 at Thu Jan  1 00:01:00 1970
[   23.899750] PM: Syncing filesystems ... done.
[   24.019487] Freezing user space processes ... (elapsed 0.001 seconds) done.
[   24.027912] Freezing remaining freezable tasks ... (elapsed 0.001 seconds) done.
[   24.036860] Suspending console(s) (use no_console_suspend to debug)
[   24.175358] PM: suspend of devices complete after 130.397 msecs
[   24.183660] PM: late suspend of devices complete after 8.276 msecs
[   24.217656] PM: noirq suspend of devices complete after 33.975 msecs
[   24.217663] Disabling non-boot CPUs ...
[   24.219206] CPU1: shutdown
[   24.278352] CPU2: shutdown
[   24.336947] IRQ17 no longer affine to CPU3
[   24.337658] CPU3: shutdown
[   24.385726] Entering suspend state LP1
[   24.385726] Suspended for 2.857 seconds
[   24.385736] Enabling non-boot CPUs ...
[   24.413881] CPU1 is up
[   24.453907] CPU2 is up
[   24.494047] CPU3 is up
[   24.494795] pcieport 0000:00:01.0: nv_msi_ht_cap_quirk didn't locate host bridge
[   24.494797] pcieport 0000:00:02.0: nv_msi_ht_cap_quirk didn't locate host bridge
[   24.523094] PM: noirq resume of devices complete after 29.042 msecs
[   24.525088] PM: early resume of devices complete after 1.668 msecs
[   24.528290] tegra-hdmi 54280000.hdmi: cannot set audio to 48000 Hz at 297000000 Hz pixel clock
[   24.608154] PM: resume of devices complete after 83.057 msecs
[   24.703292] Restarting tasks ... done.
root@(none):/# 
root@(none):/# [   24.865361] ata1: SATA link down (SStatus 0 SControl 300)
rtcwake -d rtc1 -m mem -s 3
rtcwake: assuming RTC uses UTC ...
rtcwake: wakeup from "mem" using /dev/rtc1 at Thu Jan  1 00:01:05 1970
[   26.053575] PM: Syncing filesystems ... done.
[   26.229296] Freezing user space processes ... (elapsed 0.001 seconds) done.
[   26.237643] Freezing remaining freezable tasks ... (elapsed 0.001 seconds) done.
[   26.246284] Suspending console(s) (use no_console_suspend to debug)
[   26.394475] PM: suspend of devices complete after 141.326 msecs
[   26.396790] PM: late suspend of devices complete after 2.305 msecs
[   26.424333] PM: noirq suspend of devices complete after 27.536 msecs
[   26.424335] Disabling non-boot CPUs ...
[   26.424847] CPU1: shutdown
[   26.494607] CPU2: shutdown
[   26.554402] CPU3: shutdown
[   26.603767] Entering suspend state LP1
[   26.603767] Suspended for 2.781 seconds
[   26.603778] Enabling non-boot CPUs ...
[   26.633844] CPU1 is up
[   26.673877] CPU2 is up
[   26.714011] CPU3 is up
[   26.714750] pcieport 0000:00:02.0: nv_msi_ht_cap_quirk didn't locate host bridge
[   26.714753] pcieport 0000:00:01.0: nv_msi_ht_cap_quirk didn't locate host bridge
[   26.743064] PM: noirq resume of devices complete after 29.048 msecs
[   26.744725] PM: early resume of devices complete after 1.345 msecs
[   26.747822] tegra-hdmi 54280000.hdmi: cannot set audio to 48000 Hz at 297000000 Hz pixel clock
[   26.827622] PM: resume of devices complete after 82.887 msecs
[   26.918732] Restarting tasks ... done.
root@(none):/# 
root@(none):/# [   27.075631] ata1: SATA link down (SStatus 0 SControl 300)
NVTB SYSTEM SUSPEND TEST COMPLETE
