

U-Boot 2015.04-00466-gedec83e90172 (Mar 14 2016 - 10:42:01)

TEGRA124
Model: Acer Chromebook 13 CB5-311
DRAM:  4 GiB
C:   Tegra SD/MMC: 0, Tegra SD/MMC: 1, Tegra SD/MMC: 2
MMC init failed
Using default environment

In:    serial
Out:   serial
Err:   serial
Net:   Net Initialization Skipped
No ethernet found.
Hit any key to stop autoboot:  2  0 
Tegra124 (Nyan-big) # 
Tegra124 (Nyan-big) # usb start
starting USB...
USB0:   USB EHCI 1.10
scanning bus 0 for devices... 2 USB Device(s) found
USB1:   USB EHCI 1.10
scanning bus 1 for devices... 2 USB Device(s) found
       scanning usb for storage devices... 1 Storage Device(s) found
       scanning usb for ethernet devices... 
Warning: asx0 using MAC address from net device
1 Ethernet Device(s) found
Tegra124 (Nyan-big) # mw 0x7000e4a0 0x00080000
Tegra124 (Nyan-big) # setenv bootargs 'ignore_loglevel console=ttyS0,115200n8 rw root=PARTUUID=4d36e82a-b3c0-4b4b-bfcd-afe5217ac023 rootwait gpt debug noinitrd earlyprintk init=/bin/bash'
Tegra124 (Nyan-big) # setenv ipaddr 192.168.100.102; setenv serverip 192.168.100.1; setenv tftpserverip 192.168.100.1
Tegra124 (Nyan-big) # tftpboot 0x82000000 zImage.multi_v7_defconfig
Using asx0 device
TFTP from server 192.168.100.1; our IP address is 192.168.100.102
Filename 'zImage.multi_v7_defconfig'.
Load address: 0x82000000
Loading: *#################################################################
	 #################################################################
	 #################################################################
	 #################################################################
	 #################################################################
	 #################################################################
	 #################################################################
	 ##########################################
	 2.9 MiB/s
done
Bytes transferred = 7284752 (6f2810 hex)
Tegra124 (Nyan-big) # tftpboot 0x83000000 tegra124-nyan-big.dtb
Using asx0 device
TFTP from server 192.168.100.1; our IP address is 192.168.100.102
Filename 'tegra124-nyan-big.dtb'.
Load address: 0x83000000
Loading: *#####
	 2.7 MiB/s
done
Bytes transferred = 67899 (1093b hex)
Tegra124 (Nyan-big) # bootz 0x82000000 - 0x83000000
Kernel image @ 0x82000000 [ 0x000000 - 0x6f2810 ]
## Flattened Device Tree blob at 83000000
   Booting using the fdt blob at 0x83000000
   Using Device Tree in place at 83000000, end 8301393a

Starting kernel ...

[    0.000000] Booting Linux on physical CPU 0x0
[    0.000000] Linux version 4.9.0-rc3-127352-ga909d3e (pwalmsley@sellafield) (gcc version 4.7.3 20130328 (prerelease) (crosstool-NG linaro-1.13.1-4.7-2013.04-20130415 - Linaro GCC 2013.04) ) #1 SMP Wed Nov 2 06:03:37 PDT 2016
[    0.000000] CPU: ARMv7 Processor [413fc0f3] revision 3 (ARMv7), cr=10c5387d
[    0.000000] CPU: div instructions available: patching division code
[    0.000000] CPU: PIPT / VIPT nonaliasing data cache, PIPT instruction cache
[    0.000000] OF: fdt:Machine model: Acer Chromebook 13 CB5-311
[    0.000000] OF: fdt:Ignoring memory range 0x100000000 - 0x17ffff000
[    0.000000] debug: ignoring loglevel setting.
[    0.000000] efi: Getting EFI parameters from FDT:
[    0.000000] efi: UEFI not found.
[    0.000000] cma: Reserved 64 MiB at 0xfb800000
[    0.000000] Memory policy: Data cache writealloc
[    0.000000] On node 0 totalpages: 524287
[    0.000000] free_area_init_node: node 0, pgdat c1427f80, node_mem_map eeff8000
[    0.000000]   DMA zone: 1536 pages used for memmap
[    0.000000]   DMA zone: 0 pages reserved
[    0.000000]   DMA zone: 196608 pages, LIFO batch:31
[    0.000000]   HighMem zone: 327679 pages, LIFO batch:31
[    0.000000] percpu: Embedded 14 pages/cpu @eef8d000 s26624 r8192 d22528 u57344
[    0.000000] pcpu-alloc: s26624 r8192 d22528 u57344 alloc=14*4096
[    0.000000] pcpu-alloc: [0] 0 [0] 1 [0] 2 [0] 3 
[    0.000000] Built 1 zonelists in Zone order, mobility grouping on.  Total pages: 522751
[    0.000000] Kernel command line: ignore_loglevel console=ttyS0,115200n8 rw root=PARTUUID=4d36e82a-b3c0-4b4b-bfcd-afe5217ac023 rootwait gpt debug noinitrd earlyprintk init=/bin/bash
[    0.000000] PID hash table entries: 4096 (order: 2, 16384 bytes)
[    0.000000] Dentry cache hash table entries: 131072 (order: 7, 524288 bytes)
[    0.000000] Inode-cache hash table entries: 65536 (order: 6, 262144 bytes)
[    0.000000] Memory: 1995984K/2097148K available (9216K kernel code, 1190K rwdata, 4068K rodata, 2048K init, 343K bss, 35628K reserved, 65536K cma-reserved, 1245180K highmem)
[    0.000000] Virtual kernel memory layout:
[    0.000000]     vector  : 0xffff0000 - 0xffff1000   (   4 kB)
[    0.000000]     fixmap  : 0xffc00000 - 0xfff00000   (3072 kB)
[    0.000000]     vmalloc : 0xf0800000 - 0xff800000   ( 240 MB)
[    0.000000]     lowmem  : 0xc0000000 - 0xf0000000   ( 768 MB)
[    0.000000]     pkmap   : 0xbfe00000 - 0xc0000000   (   2 MB)
[    0.000000]     modules : 0xbf000000 - 0xbfe00000   (  14 MB)
[    0.000000]       .text : 0xc0208000 - 0xc0c00000   (10208 kB)
[    0.000000]       .init : 0xc1100000 - 0xc1300000   (2048 kB)
[    0.000000]       .data : 0xc1300000 - 0xc1429a60   (1191 kB)
[    0.000000]        .bss : 0xc142b000 - 0xc1480fc8   ( 344 kB)
[    0.000000] SLUB: HWalign=64, Order=0-3, MinObjects=0, CPUs=4, Nodes=1
[    0.000000] Hierarchical RCU implementation.
[    0.000000] 	Build-time adjustment of leaf fanout to 32.
[    0.000000] 	RCU restricting CPUs from NR_CPUS=16 to nr_cpu_ids=4.
[    0.000000] RCU: Adjusting geometry for rcu_fanout_leaf=32, nr_cpu_ids=4
[    0.000000] NR_IRQS:16 nr_irqs:16 16
[    0.000000] /interrupt-controller@60004000: 160 interrupts forwarded to /interrupt-controller@50041000
[    0.000000] Tegra clk 127: register failed with -17
[    0.000004] sched_clock: 32 bits at 1000kHz, resolution 1000ns, wraps every 2147483647500ns
[    0.000013] clocksource: timer_us: mask: 0xffffffff max_cycles: 0xffffffff, max_idle_ns: 1911260446275 ns
[    0.000018] Switching to timer-based delay loop, resolution 1000ns
[    0.001862] arm_arch_timer: Architected cp15 timer(s) running at 12.00MHz (virt).
[    0.001868] clocksource: arch_sys_counter: mask: 0xffffffffffffff max_cycles: 0x2c47f4ee7, max_idle_ns: 440795202497 ns
[    0.001875] sched_clock: 56 bits at 12MHz, resolution 83ns, wraps every 4398046511096ns
[    0.001879] Switching to timer-based delay loop, resolution 83ns
[    0.002088] Console: colour dummy device 80x30
[    0.002101] Calibrating delay loop (skipped), value calculated using timer frequency.. 24.00 BogoMIPS (lpj=60000)
[    0.002107] pid_max: default: 32768 minimum: 301
[    0.002146] Mount-cache hash table entries: 2048 (order: 1, 8192 bytes)
[    0.002150] Mountpoint-cache hash table entries: 2048 (order: 1, 8192 bytes)
[    0.002395] CPU: Testing write buffer coherency: ok
[    0.002506] /cpus/cpu@0 missing clock-frequency property
[    0.002520] /cpus/cpu@1 missing clock-frequency property
[    0.002534] /cpus/cpu@2 missing clock-frequency property
[    0.002548] /cpus/cpu@3 missing clock-frequency property
[    0.002553] CPU0: thread -1, cpu 0, socket 0, mpidr 80000000
[    0.002563] Setting up static identity map for 0x80300000 - 0x80300098
[    0.003898] Tegra Revision: A01 SKU: 131 CPU Process: 1 SoC Process: 1
[    0.004133] EFI services will not be available.
[    0.004466] CPU1: thread -1, cpu 1, socket 0, mpidr 80000001
[    0.006988] CPU2: thread -1, cpu 2, socket 0, mpidr 80000002
[    0.011980] CPU3: thread -1, cpu 3, socket 0, mpidr 80000003
[    0.016756] Brought up 4 CPUs
[    0.016763] SMP: Total of 4 processors activated (96.00 BogoMIPS).
[    0.016766] CPU: All CPU(s) started in SVC mode.
[    0.017312] devtmpfs: initialized
[    0.024404] VFP support v0.3: implementor 41 architecture 4 part 30 variant f rev 0
[    0.024605] clocksource: jiffies: mask: 0xffffffff max_cycles: 0xffffffff, max_idle_ns: 9556302231375000 ns
[    0.025134] pinctrl core: initialized pinctrl subsystem
[    0.025836] NET: Registered protocol family 16
[    0.026502] DMA: preallocated 256 KiB pool for atomic coherent allocations
[    0.041794] cpuidle: using governor menu
[    0.051817] No ATAGs?
[    0.051830] hw-breakpoint: found 5 (+1 reserved) breakpoint and 4 watchpoint registers.
[    0.051834] hw-breakpoint: maximum watchpoint size is 8 bytes.
[    0.054502] Serial: AMBA PL011 UART driver
[    0.054847] tegra-mc 70019000.memory-controller: no memory timings for RAM code 0 registered
[    0.073622] +5V_SYS: supplied by +VDD_MUX
[    0.073728] +3.3V_SYS: supplied by +VDD_MUX
[    0.073953] +VDD_LED: Failed to request enable GPIO122: -517
[    0.073958] reg-fixed-voltage regulators:regulator@5: Failed to register regulator: -517
[    0.073989] +5V_VDD_TS_SW: Failed to request enable GPIO81: -517
[    0.073993] reg-fixed-voltage regulators:regulator@6: Failed to register regulator: -517
[    0.074022] +5V_USB_HS: Failed to request enable GPIO108: -517
[    0.074026] reg-fixed-voltage regulators:regulator@7: Failed to register regulator: -517
[    0.074054] +5V_USB_SS: Failed to request enable GPIO109: -517
[    0.074058] reg-fixed-voltage regulators:regulator@8: Failed to register regulator: -517
[    0.074135] +1.05V_RUN_AVDD_HDMI_PLL: Failed to request enable GPIO63: -517
[    0.074139] reg-fixed-voltage regulators:regulator@11: Failed to register regulator: -517
[    0.074168] +5V_HDMI_CON: Failed to request enable GPIO86: -517
[    0.074171] reg-fixed-voltage regulators:regulator@12: Failed to register regulator: -517
[    0.075255] vgaarb: loaded
[    0.075554] SCSI subsystem initialized
[    0.075620] libata version 3.00 loaded.
[    0.075726] usbcore: registered new interface driver usbfs
[    0.075750] usbcore: registered new interface driver hub
[    0.075773] usbcore: registered new device driver usb
[    0.077101] pps_core: LinuxPPS API ver. 1 registered
[    0.077104] pps_core: Software ver. 5.3.6 - Copyright 2005-2007 Rodolfo Giometti <giometti@linux.it>
[    0.077113] PTP clock support registered
[    0.077181] EDAC MC: Ver: 3.0.0
[    0.077618] tegra-emc 7001b000.emc: no memory timings for RAM code 0 found in DT
[    0.077627] tegra-emc: probe of 7001b000.emc failed with error -2
[    0.078113] clocksource: Switched to clocksource arch_sys_counter
[    0.081810] NET: Registered protocol family 2
[    0.082018] TCP established hash table entries: 8192 (order: 3, 32768 bytes)
[    0.082051] TCP bind hash table entries: 8192 (order: 4, 65536 bytes)
[    0.082113] TCP: Hash tables configured (established 8192 bind 8192)
[    0.082133] UDP hash table entries: 512 (order: 2, 16384 bytes)
[    0.082147] UDP-Lite hash table entries: 512 (order: 2, 16384 bytes)
[    0.082208] NET: Registered protocol family 1
[    0.082338] RPC: Registered named UNIX socket transport module.
[    0.082341] RPC: Registered udp transport module.
[    0.082344] RPC: Registered tcp transport module.
[    0.082346] RPC: Registered tcp NFSv4.1 backchannel transport module.
[    0.082351] PCI: CLS 0 bytes, default 64
[    0.082804] hw perfevents: enabled with armv7_cortex_a15 PMU driver, 7 counters available
[    0.083350] futex hash table entries: 1024 (order: 4, 65536 bytes)
[    0.083639] workingset: timestamp_bits=30 max_order=19 bucket_order=0
[    0.087378] squashfs: version 4.0 (2009/01/31) Phillip Lougher
[    0.087686] NFS: Registering the id_resolver key type
[    0.087697] Key type id_resolver registered
[    0.087700] Key type id_legacy registered
[    0.087717] ntfs: driver 2.1.32 [Flags: R/O].
[    0.088178] bounce: pool size: 64 pages
[    0.088247] Block layer SCSI generic (bsg) driver version 0.4 loaded (major 248)
[    0.088252] io scheduler noop registered
[    0.088255] io scheduler deadline registered
[    0.088318] io scheduler cfq registered (default)
[    0.090152] tegra-xusb-padctl 7009f000.padctl: failed to setup XUSB ports: -517
[    0.090329] libphy: mdio_driver_register: phy-bcm-ns2-pci
[    0.100090] tegra-apbdma 60020000.dma: Tegra20 APB DMA driver register 32 channels
[    0.100746] tegra-pmc 7000e400.pmc: i2c-thermtrip node not found, emergency thermal reset disabled.
[    0.122181] Serial: 8250/16550 driver, 4 ports, IRQ sharing disabled
[    0.123355] console [ttyS0] disabled
[    0.123371] 70006000.serial: ttyS0 at MMIO 0x70006000 (irq = 331, base_baud = 25500000) is a Tegra
[    0.996793] console [ttyS0] enabled
[    1.000595] SuperH (H)SCI(F) driver initialized
[    1.005470] msm_serial: driver initialized
[    1.009627] STMicroelectronics ASC driver initialized
[    1.016072] [drm] Initialized
[    1.020157] tegra-hdmi 54280000.hdmi: failed to get HDMI regulator
[    1.026696] tegra-dpaux 545c0000.dpaux: failed to get VDD supply: -517
[    1.033931] panel supply power not found, using dummy regulator
[    1.043664] brd: module loaded
[    1.048853] loop: module loaded
[    1.052895] as3722 4-0040: AS3722 with revision 0x1 found
[    1.063007] as3722-sd2: supplied by +5V_SYS
[    1.067459] as3722-sd3: supplied by +5V_SYS
[    1.071795] +1.35V_LP0(sd3): Bringing 0uV into 1350000-1350000uV
[    1.077898] +1.35V_LP0(sd3): ramp_delay not set
[    1.082503] as3722-sd4: supplied by +5V_SYS
[    1.086846] +1.05V_RUN: Bringing 0uV into 1050000-1050000uV
[    1.092509] +1.05V_RUN: ramp_delay not set
[    1.096682] as3722-sd5: supplied by +5V_SYS
[    1.102274] as3722-ldo0: supplied by +1.35V_LP0(sd2)
[    1.108017] +1.8V_RUN_CAM: Bringing 0uV into 1800000-1800000uV
[    1.113941] +1.8V_RUN_CAM: ramp_delay not set
[    1.118384] as3722-ldo2: supplied by +1.8V_VDDIO
[    1.123998] as3722-ldo3: supplied by +3.3V_SYS
[    1.128453] +1.00V_LP0_VDD_RTC: Bringing 1100000uV into 1000000-1000000uV
[    1.135330] +1.00V_LP0_VDD_RTC: ramp_delay not set
[    1.140812] as3722-ldo4: supplied by +3.3V_SYS
[    1.145410] +3.3V_RUN_CAM: Bringing 0uV into 2800000-2800000uV
[    1.151335] +3.3V_RUN_CAM: ramp_delay not set
[    1.155781] as3722-ldo5: supplied by +1.8V_VDDIO
[    1.160551] +1.2V_RUN_CAM_FRONT: Bringing 0uV into 1200000-1200000uV
[    1.166995] +1.2V_RUN_CAM_FRONT: ramp_delay not set
[    1.172112] +VDDIO_SDMMC3: Bringing 0uV into 1800000-1800000uV
[    1.178035] +VDDIO_SDMMC3: ramp_delay not set
[    1.182501] as3722-ldo7: supplied by +1.8V_VDDIO
[    1.187270] +1.05V_RUN_CAM_REAR: Bringing 0uV into 1050000-1050000uV
[    1.193714] +1.05V_RUN_CAM_REAR: ramp_delay not set
[    1.198694] as3722-ldo9: supplied by +5V_SYS
[    1.203256] +2.8V_RUN_TOUCH: Bringing 0uV into 2800000-2800000uV
[    1.209352] +2.8V_RUN_TOUCH: ramp_delay not set
[    1.213987] as3722-ldo10: supplied by +5V_SYS
[    1.218500] +2.8V_RUN_CAM_AF: Bringing 0uV into 2800000-2800000uV
[    1.224683] +2.8V_RUN_CAM_AF: ramp_delay not set
[    1.229558] +1.8V_RUN_VPP_FUSE: Bringing 0uV into 1800000-1800000uV
[    1.235915] +1.8V_RUN_VPP_FUSE: ramp_delay not set
[    1.247276] random: fast init done
[    1.252719] m25p80 spi32765.0: w25q32dw (4096 Kbytes)
[    1.258876] libphy: Fixed MDIO Bus: probed
[    1.263380] CAN device driver interface
[    1.267958] e1000e: Intel(R) PRO/1000 Network Driver - 3.2.6-k
[    1.273781] e1000e: Copyright(c) 1999 - 2015 Intel Corporation.
[    1.279711] igb: Intel(R) Gigabit Ethernet Network Driver - version 5.4.0-k
[    1.286658] igb: Copyright (c) 2007-2014 Intel Corporation.
[    1.293452] pegasus: v0.9.3 (2013/04/25), Pegasus/Pegasus II USB Ethernet driver
[    1.300857] usbcore: registered new interface driver pegasus
[    1.306526] usbcore: registered new interface driver asix
[    1.311930] usbcore: registered new interface driver ax88179_178a
[    1.318025] usbcore: registered new interface driver cdc_ether
[    1.323870] usbcore: registered new interface driver smsc75xx
[    1.329626] usbcore: registered new interface driver smsc95xx
[    1.335376] usbcore: registered new interface driver net1080
[    1.341039] usbcore: registered new interface driver cdc_subset
[    1.346961] usbcore: registered new interface driver zaurus
[    1.352545] usbcore: registered new interface driver cdc_ncm
[    1.358872] ehci_hcd: USB 2.0 'Enhanced' Host Controller (EHCI) Driver
[    1.365389] ehci-pci: EHCI PCI platform driver
[    1.369840] ehci-platform: EHCI generic platform driver
[    1.375131] ehci-orion: EHCI orion driver
[    1.379182] SPEAr-ehci: EHCI SPEAr driver
[    1.383234] ehci-st: EHCI STMicroelectronics driver
[    1.388154] ehci-exynos: EHCI EXYNOS driver
[    1.392379] ehci-atmel: EHCI Atmel driver
[    1.396431] tegra-ehci: Tegra EHCI driver
[    1.400497] ohci_hcd: USB 1.1 'Open' Host Controller (OHCI) Driver
[    1.406670] ohci-pci: OHCI PCI platform driver
[    1.411123] ohci-platform: OHCI generic platform driver
[    1.416396] ohci-omap3: OHCI OMAP3 driver
[    1.420448] SPEAr-ohci: OHCI SPEAr driver
[    1.424500] ohci-st: OHCI STMicroelectronics driver
[    1.429421] ohci-atmel: OHCI Atmel driver
[    1.433684] usbcore: registered new interface driver usb-storage
[    1.440252] mousedev: PS/2 mouse device common for all mice
[    1.446191] 1-0015 supply vcc not found, using dummy regulator
[    1.452080] as3722-rtc as3722-rtc: rtc core: registered as3722-rtc as rtc0
[    1.458953] as3722-rtc as3722-rtc: RTC interrupt 370
[    1.465880] tegra_rtc 7000e000.rtc: rtc core: registered 7000e000.rtc as rtc1
[    1.473020] tegra_rtc 7000e000.rtc: Tegra internal Real Time Clock
[    1.479385] i2c /dev entries driver
[    1.485286] 0-004c supply vcc not found, using dummy regulator
[    1.495349] sdhci: Secure Digital Host Controller Interface driver
[    1.501527] sdhci: Copyright(c) Pierre Ossman
[    1.506435] Synopsys Designware Multimedia Card Interface Driver
[    1.512830] sdhci-pltfm: SDHCI platform and OF driver helper
[    1.518760] sdhci-tegra 700b0000.sdhci: allocated mmc-pwrseq
[    1.524526] sdhci-tegra 700b0400.sdhci: Got CD GPIO
[    1.529402] sdhci-tegra 700b0400.sdhci: Got WP GPIO
[    1.534391] mmc0: Unknown controller version (3). You may experience problems.
[    1.541626] mmc0: Invalid maximum block size, assuming 512 bytes
[    1.593121] mmc0: SDHCI controller on 700b0600.sdhci [700b0600.sdhci] using ADMA
[    1.601224] ledtrig-cpu: registered to indicate activity on CPUs
[    1.607427] usbcore: registered new interface driver usbhid
[    1.612997] usbhid: USB HID core driver
[    1.618128] NET: Registered protocol family 10
[    1.622923] sit: IPv6, IPv4 and MPLS over IPv4 tunneling driver
[    1.629098] NET: Registered protocol family 17
[    1.633545] can: controller area network core (rev 20120528 abi 9)
[    1.639753] NET: Registered protocol family 29
[    1.644195] can: raw protocol (rev 20120528)
[    1.648461] can: broadcast manager protocol (rev 20160617 t)
[    1.654117] can: netlink gateway (rev 20130117) max_hops=1
[    1.659746] Key type dns_resolver registered
[    1.664257] ThumbEE CPU extension supported.
[    1.668530] Registering SWP/SWPB emulation handler
[    1.678067] +3.3V_RUN: supplied by +3.3V_SYS
[    1.682882] +3.3V_AVDD_HDMI_AP_GATED: supplied by +3.3V_RUN
[    1.687572] input: Elan Touchpad as /devices/soc0/7000c400.i2c/i2c-1/1-0015/input/input0
[    1.696684] +1.8V_RUN_CAM: supplied by +3.3V_RUN
[    1.701400] +VDDIO_SDMMC3: supplied by +3.3V_RUN
[    1.706045] +1.8V_RUN_VPP_FUSE: supplied by +3.3V_RUN
[    1.711429] +VDD_LED: supplied by +VDD_MUX
[    1.715879] +5V_VDD_TS_SW: supplied by +5V_SYS
[    1.720675] +5V_USB_HS: supplied by +5V_SYS
[    1.725292] +5V_USB_SS: supplied by +5V_SYS
[    1.729890] mmc0: new high speed MMC card at address 0001
[    1.735622] +3.3V_PANEL: supplied by +3.3V_RUN
[    1.736126] mmcblk0: mmc0:0001 MMC16G 14.4 GiB 
[    1.736812] mmcblk0boot0: mmc0:0001 MMC16G partition 1 2.00 MiB
[    1.737476] mmcblk0boot1: mmc0:0001 MMC16G partition 2 2.00 MiB
[    1.737981] mmcblk0rpmb: mmc0:0001 MMC16G partition 3 128 KiB
[    1.744090]  mmcblk0: p1 p2 p3 p4 p5 p6 p7 p8 p9 p10 p11 p12
[    1.768976] +3.3V_LP0: supplied by +3.3V_SYS
[    1.774048] +1.05V_RUN_AVDD_HDMI_PLL: supplied by +1.05V_RUN
[    1.774302] elan_i2c 1-0015: failed to read report data: -121
[    1.785824] +5V_HDMI_CON: supplied by +5V_SYS
[    1.791040] usb3-0 supply vbus not found, using dummy regulator
[    1.797070] usb3-1 supply vbus not found, using dummy regulator
[    1.806678] tegra-sor 54540000.sor: failed to probe output: -517
[    1.813586] panel supply power not found, using dummy regulator
[    1.820591] sdhci-tegra 700b0000.sdhci: allocated mmc-pwrseq
[    1.826325] mmc1: Unknown controller version (3). You may experience problems.
[    1.833651] mmc1: Invalid maximum block size, assuming 512 bytes
[    1.840072] mmc1: Switching to 3.3V signalling voltage failed
[    1.883201] mmc1: SDHCI controller on 700b0000.sdhci [700b0000.sdhci] using ADMA
[    1.891352] sdhci-tegra 700b0400.sdhci: Got CD GPIO
[    1.896227] sdhci-tegra 700b0400.sdhci: Got WP GPIO
[    1.901194] mmc2: Unknown controller version (3). You may experience problems.
[    1.908444] mmc2: Invalid maximum block size, assuming 512 bytes
[    1.915205] +VDDIO_SDMMC3: ramp_delay not set
[    1.916120] elan_i2c 1-0015: invalid report id data (ff)
[    1.964127] mmc1: new high speed SDIO card at address 0001
[    1.969921] mmc2: SDHCI controller on 700b0400.sdhci [700b0400.sdhci] using ADMA
[    2.073162] [drm] Supports vblank timestamp caching Rev 2 (21.10.2013).
[    2.079773] [drm] No driver support for vblank timestamp query.
[    2.114976] mmc2: new high speed SDHC card at address 0007
[    2.115605] mmcblk2: mmc2:0007 SD08G 7.42 GiB 
[    2.125665] GPT:Primary header alternate_lba != Alt. header my_lba
[    2.125669] GPT:3014591 != 15564799
[    2.125670] GPT:Primary header thinks Alt. header is not at the end of the disk.
[    2.125671] GPT:3014591 != 15564799
[    2.125672] GPT: Use GNU Parted to correct GPT errors.
[    2.125701]  mmcblk2: p1 p2 p3 p4 p5 p6 p7 p8 p9 p10 p11 p12
[    2.140517] Console: switching to colour frame buffer device 170x48
[    2.191890] drm drm: fb0:  frame buffer device
[    2.213193] [drm] Initialized tegra 0.0.0 20120330 on minor 0
[    2.220120] input: gpio-keys as /devices/soc0/gpio-keys/input/input1
[    2.227786] as3722-rtc as3722-rtc: setting system clock to 2000-01-01 21:43:21 UTC (946763001)
[    2.236924] +1.8V_RUN_CAM: disabling
[    2.240669] +3.3V_RUN_CAM: disabling
[    2.244499] +1.2V_RUN_CAM_FRONT: disabling
[    2.248863] +1.05V_RUN_CAM_REAR: disabling
[    2.253143] +2.8V_RUN_TOUCH: disabling
[    2.257049] +2.8V_RUN_CAM_AF: disabling
[    2.261068] +1.8V_RUN_VPP_FUSE: disabling
[    2.265314] +5V_VDD_TS_SW: disabling
[    2.268923] +5V_USB_HS: disabling
[    2.272235] +5V_USB_SS: disabling
[    2.276453] EXT4-fs (mmcblk0p3): couldn't mount as ext3 due to feature incompatibilities
[    2.285102] EXT4-fs (mmcblk0p3): couldn't mount as ext2 due to feature incompatibilities
[    2.624172] EXT4-fs (mmcblk0p3): recovery complete
[    2.629712] EXT4-fs (mmcblk0p3): mounted filesystem with ordered data mode. Opts: (null)
[    2.637846] VFS: Mounted root (ext4 filesystem) on device 179:3.
[    2.644524] devtmpfs: mounted
[    2.648232] Freeing unused kernel memory: 2048K (c1100000 - c1300000)
bash: cannot set terminal process group (-1): Inappropriate ioctl for device
bash: no job control in this shell
root@(none):/# mount -t sysfs none /sys
root@(none):/# 
root@(none):/# mount -t debugfs none /sys/kernel/debug
root@(none):/# 
root@(none):/# rtcwake -d rtc1 -m mem -s 3
rtcwake: assuming RTC uses UTC ...
rtcwake: wakeup from "mem" using /dev/rtc1 at Thu Jan  1 00:00:28 1970
[    5.776814] PM: Syncing filesystems ... done.
[    5.786848] Freezing user space processes ... (elapsed 0.001 seconds) done.
[    5.795040] Freezing remaining freezable tasks ... (elapsed 0.001 seconds) done.
[    5.803681] Suspending console(s) (use no_console_suspend to debug)
[    5.859671] PM: suspend of devices complete after 49.183 msecs
[    5.860807] PM: late suspend of devices complete after 1.127 msecs
[    5.861557] PM: noirq suspend of devices complete after 0.745 msecs
[    5.861559] Disabling non-boot CPUs ...
[    5.861963] CPU1: shutdown
[    5.899389] CPU2: shutdown
[    5.929181] CPU3: shutdown
[    5.953643] Entering suspend state LP1
[    5.953643] Suspended for 2.988 seconds
[    5.953653] Enabling non-boot CPUs ...
[    5.968719] CPU1 is up
[    5.988738] CPU2 is up
[    6.008834] CPU3 is up
[    6.009347] PM: noirq resume of devices complete after 0.509 msecs
[    6.010538] PM: early resume of devices complete after 0.885 msecs
[    6.162248] mmc1: Switching to 3.3V signalling voltage failed
[    6.418149] tegra-sor 54540000.sor: failed to attach SOR: -110
[    6.433324] PM: resume of devices complete after 422.781 msecs
[    6.512770] Restarting tasks ... done.
root@(none):/# 
root@(none):/# rtcwake -d rtc1 -m mem -s 3
rtcwake: assuming RTC uses UTC ...
rtcwake: wakeup from "mem" using /dev/rtc1 at Thu Jan  1 00:00:32 1970
[    6.847976] PM: Syncing filesystems ... done.
[    6.857532] Freezing user space processes ... (elapsed 0.001 seconds) done.
[    6.865720] Freezing remaining freezable tasks ... (elapsed 0.001 seconds) done.
[    6.874348] Suspending console(s) (use no_console_suspend to debug)
[    6.939610] PM: suspend of devices complete after 58.437 msecs
[    6.940640] PM: late suspend of devices complete after 1.022 msecs
[    6.941380] PM: noirq suspend of devices complete after 0.737 msecs
[    6.941382] Disabling non-boot CPUs ...
[    6.941726] CPU1: shutdown
[    6.964219] CPU2: shutdown
[    6.994059] CPU3: shutdown
[    7.018599] Entering suspend state LP1
[    7.018599] Suspended for 2.934 seconds
[    7.018609] Enabling non-boot CPUs ...
[    7.033704] CPU1 is up
[    7.053708] CPU2 is up
[    7.073820] CPU3 is up
[    7.074297] PM: noirq resume of devices complete after 0.473 msecs
[    7.075754] PM: early resume of devices complete after 1.148 msecs
[    7.228164] mmc1: Switching to 3.3V signalling voltage failed
[    7.483104] tegra-sor 54540000.sor: failed to attach SOR: -110
[    7.499125] PM: resume of devices complete after 423.365 msecs
[    7.578631] Restarting tasks ... done.
root@(none):/# 
root@(none):/# rtcwake -d rtc1 -m mem -s 3
rtcwake: assuming RTC uses UTC ...
rtcwake: wakeup from "mem" using /dev/rtc1 at Thu Jan  1 00:00:36 1970
[    7.912992] PM: Syncing filesystems ... done.
[    7.922546] Freezing user space processes ... (elapsed 0.001 seconds) done.
[    7.930654] Freezing remaining freezable tasks ... (elapsed 0.001 seconds) done.
[    7.939342] Suspending console(s) (use no_console_suspend to debug)
[    8.004574] PM: suspend of devices complete after 58.410 msecs
[    8.005823] PM: late suspend of devices complete after 1.241 msecs
[    8.006575] PM: noirq suspend of devices complete after 0.748 msecs
[    8.006577] Disabling non-boot CPUs ...
[    8.006930] CPU1: shutdown
[    8.038938] IRQ17 no longer affine to CPU2
[    8.039122] CPU2: shutdown
[    8.069046] CPU3: shutdown
[    8.093577] Entering suspend state LP1
[    8.093577] Suspended for 2.924 seconds
[    8.093587] Enabling non-boot CPUs ...
[    8.108670] CPU1 is up
[    8.128684] CPU2 is up
[    8.148785] CPU3 is up
[    8.149265] PM: noirq resume of devices complete after 0.475 msecs
[    8.150630] PM: early resume of devices complete after 1.046 msecs
[    8.302338] mmc1: Switching to 3.3V signalling voltage failed
[    8.558122] tegra-sor 54540000.sor: failed to attach SOR: -110
[    8.573368] PM: resume of devices complete after 422.728 msecs
[    8.656924] Restarting tasks ... done.
root@(none):/# 
root@(none):/# rtcwake -d rtc1 -m mem -s 3
rtcwake: assuming RTC uses UTC ...
rtcwake: wakeup from "mem" using /dev/rtc1 at Thu Jan  1 00:00:40 1970
[    8.987545] PM: Syncing filesystems ... done.
[    8.996898] Freezing user space processes ... (elapsed 0.001 seconds) done.
[    9.005097] Freezing remaining freezable tasks ... (elapsed 0.001 seconds) done.
[    9.013729] Suspending console(s) (use no_console_suspend to debug)
[    9.079622] PM: suspend of devices complete after 59.072 msecs
[    9.080846] PM: late suspend of devices complete after 1.216 msecs
[    9.081595] PM: noirq suspend of devices complete after 0.744 msecs
[    9.081596] Disabling non-boot CPUs ...
[    9.081960] CPU1: shutdown
[    9.123914] IRQ17 no longer affine to CPU2
[    9.124100] CPU2: shutdown
[    9.154010] CPU3: shutdown
[    9.178535] Entering suspend state LP1
[    9.178535] Suspended for 2.914 seconds
[    9.178545] Enabling non-boot CPUs ...
[    9.193645] CPU1 is up
[    9.213652] CPU2 is up
[    9.233750] CPU3 is up
[    9.234226] PM: noirq resume of devices complete after 0.471 msecs
[    9.235438] PM: early resume of devices complete after 0.894 msecs
[    9.388561] mmc1: Switching to 3.3V signalling voltage failed
[    9.648072] tegra-sor 54540000.sor: failed to attach SOR: -110
[    9.659672] PM: resume of devices complete after 424.226 msecs
[    9.743445] Restarting tasks ... done.
root@(none):/# 
root@(none):/# rtcwake -d rtc1 -m mem -s 3
rtcwake: assuming RTC uses UTC ...
rtcwake: wakeup from "mem" using /dev/rtc1 at Thu Jan  1 00:00:44 1970
[   10.072204] PM: Syncing filesystems ... done.
[   10.081572] Freezing user space processes ... (elapsed 0.001 seconds) done.
[   10.089667] Freezing remaining freezable tasks ... (elapsed 0.001 seconds) done.
[   10.098299] Suspending console(s) (use no_console_suspend to debug)
[   10.149640] PM: suspend of devices complete after 44.537 msecs
[   10.150894] PM: late suspend of devices complete after 1.246 msecs
[   10.151646] PM: noirq suspend of devices complete after 0.748 msecs
[   10.151648] Disabling non-boot CPUs ...
[   10.152020] CPU1: shutdown
[   10.193944] IRQ17 no longer affine to CPU2
[   10.194129] CPU2: shutdown
[   10.223976] CPU3: shutdown
[   10.248501] Entering suspend state LP1
[   10.248501] Suspended for 2.929 seconds
[   10.248511] Enabling non-boot CPUs ...
[   10.263616] CPU1 is up
[   10.283622] CPU2 is up
[   10.303723] CPU3 is up
[   10.304205] PM: noirq resume of devices complete after 0.478 msecs
[   10.305402] PM: early resume of devices complete after 0.892 msecs
[   10.457395] mmc1: Switching to 3.3V signalling voltage failed
[   10.713060] tegra-sor 54540000.sor: failed to attach SOR: -110
[   10.728456] PM: resume of devices complete after 423.049 msecs
[   10.811908] Restarting tasks ... done.
root@(none):/# 
root@(none):/# rtcwake -d rtc1 -m mem -s 3
rtcwake: assuming RTC uses UTC ...
rtcwake: wakeup from "mem" using /dev/rtc1 at Thu Jan  1 00:00:48 1970
[   11.142031] PM: Syncing filesystems ... done.
[   11.151374] Freezing user space processes ... (elapsed 0.001 seconds) done.
[   11.159468] Freezing remaining freezable tasks ... (elapsed 0.001 seconds) done.
[   11.168088] Suspending console(s) (use no_console_suspend to debug)
[   11.234563] PM: suspend of devices complete after 59.655 msecs
[   11.235836] PM: late suspend of devices complete after 1.264 msecs
[   11.236586] PM: noirq suspend of devices complete after 0.745 msecs
[   11.236588] Disabling non-boot CPUs ...
[   11.236945] CPU1: shutdown
[   11.278862] IRQ17 no longer affine to CPU2
[   11.279043] CPU2: shutdown
[   11.308954] CPU3: shutdown
[   11.333479] Entering suspend state LP1
[   11.333479] Suspended for 2.914 seconds
[   11.333489] Enabling non-boot CPUs ...
[   11.348590] CPU1 is up
[   11.368597] CPU2 is up
[   11.388696] CPU3 is up
[   11.389171] PM: noirq resume of devices complete after 0.470 msecs
[   11.390367] PM: early resume of devices complete after 0.873 msecs
[   11.542180] mmc1: Switching to 3.3V signalling voltage failed
[   11.798037] tegra-sor 54540000.sor: failed to attach SOR: -110
[   11.813132] PM: resume of devices complete after 422.759 msecs
[   11.896683] Restarting tasks ... done.
root@(none):/# 
root@(none):/# rtcwake -d rtc1 -m mem -s 3
rtcwake: assuming RTC uses UTC ...
rtcwake: wakeup from "mem" using /dev/rtc1 at Thu Jan  1 00:00:52 1970
[   12.232830] PM: Syncing filesystems ... done.
[   12.242234] Freezing user space processes ... (elapsed 0.001 seconds) done.
[   12.250360] Freezing remaining freezable tasks ... (elapsed 0.001 seconds) done.
[   12.258883] Suspending console(s) (use no_console_suspend to debug)
[   12.319534] PM: suspend of devices complete after 53.822 msecs
[   12.320583] PM: late suspend of devices complete after 1.040 msecs
[   12.321466] PM: noirq suspend of devices complete after 0.876 msecs
[   12.321468] Disabling non-boot CPUs ...
[   12.321662] IRQ17 no longer affine to CPU1
[   12.321830] CPU1: shutdown
[   12.359061] CPU2: shutdown
[   12.388924] CPU3: shutdown
[   12.413448] Entering suspend state LP1
[   12.413448] Suspended for 2.919 seconds
[   12.413458] Enabling non-boot CPUs ...
[   12.428560] CPU1 is up
[   12.448565] CPU2 is up
[   12.468666] CPU3 is up
[   12.469147] PM: noirq resume of devices complete after 0.476 msecs
[   12.470485] PM: early resume of devices complete after 1.029 msecs
[   12.622238] mmc1: Switching to 3.3V signalling voltage failed
[   12.877955] tegra-sor 54540000.sor: failed to attach SOR: -110
[   12.893308] PM: resume of devices complete after 422.817 msecs
[   12.976870] Restarting tasks ... done.
root@(none):/# 
root@(none):/# rtcwake -d rtc1 -m mem -s 3
rtcwake: assuming RTC uses UTC ...
rtcwake: wakeup from "mem" using /dev/rtc1 at Thu Jan  1 00:00:56 1970
[   13.307552] PM: Syncing filesystems ... done.
[   13.316921] Freezing user space processes ... (elapsed 0.001 seconds) done.
[   13.325116] Freezing remaining freezable tasks ... (elapsed 0.001 seconds) done.
[   13.333746] Suspending console(s) (use no_console_suspend to debug)
[   13.399545] PM: suspend of devices complete after 58.981 msecs
[   13.400793] PM: late suspend of devices complete after 1.240 msecs
[   13.401542] PM: noirq suspend of devices complete after 0.744 msecs
[   13.401543] Disabling non-boot CPUs ...
[   13.401899] CPU1: shutdown
[   13.438984] CPU2: shutdown
[   13.473712] IRQ17 no longer affine to CPU3
[   13.473892] CPU3: shutdown
[   13.498420] Entering suspend state LP1
[   13.498420] Suspended for 2.914 seconds
[   13.498430] Enabling non-boot CPUs ...
[   13.513530] CPU1 is up
[   13.533536] CPU2 is up
[   13.553637] CPU3 is up
[   13.554122] PM: noirq resume of devices complete after 0.481 msecs
[   13.555460] PM: early resume of devices complete after 1.031 msecs
[   13.707229] mmc1: Switching to 3.3V signalling voltage failed
[   13.962986] tegra-sor 54540000.sor: failed to attach SOR: -110
[   13.978206] PM: resume of devices complete after 422.740 msecs
[   14.061781] Restarting tasks ... done.
root@(none):/# 
root@(none):/# rtcwake -d rtc1 -m mem -s 3
rtcwake: assuming RTC uses UTC ...
rtcwake: wakeup from "mem" using /dev/rtc1 at Thu Jan  1 00:01:00 1970
[   14.397067] PM: Syncing filesystems ... done.
[   14.406441] Freezing user space processes ... (elapsed 0.001 seconds) done.
[   14.414629] Freezing remaining freezable tasks ... (elapsed 0.001 seconds) done.
[   14.423258] Suspending console(s) (use no_console_suspend to debug)
[   14.484489] PM: suspend of devices complete after 54.409 msecs
[   14.485717] PM: late suspend of devices complete after 1.219 msecs
[   14.486472] PM: noirq suspend of devices complete after 0.751 msecs
[   14.486473] Disabling non-boot CPUs ...
[   14.486685] IRQ17 no longer affine to CPU1
[   14.486844] CPU1: shutdown
[   14.518966] CPU2: shutdown
[   14.548868] CPU3: shutdown
[   14.573388] Entering suspend state LP1
[   14.573388] Suspended for 2.924 seconds
[   14.573399] Enabling non-boot CPUs ...
[   14.588506] CPU1 is up
[   14.608512] CPU2 is up
[   14.628617] CPU3 is up
[   14.629090] PM: noirq resume of devices complete after 0.468 msecs
[   14.630240] PM: early resume of devices complete after 0.835 msecs
[   14.782158] mmc1: Switching to 3.3V signalling voltage failed
[   15.037906] tegra-sor 54540000.sor: failed to attach SOR: -110
[   15.053195] PM: resume of devices complete after 422.949 msecs
[   15.136747] Restarting tasks ... done.
root@(none):/# 
root@(none):/# rtcwake -d rtc1 -m mem -s 3
rtcwake: assuming RTC uses UTC ...
rtcwake: wakeup from "mem" using /dev/rtc1 at Thu Jan  1 00:01:04 1970
[   15.472778] PM: Syncing filesystems ... done.
[   15.482130] Freezing user space processes ... (elapsed 0.001 seconds) done.
[   15.490225] Freezing remaining freezable tasks ... (elapsed 0.001 seconds) done.
[   15.498846] Suspending console(s) (use no_console_suspend to debug)
[   15.559518] PM: suspend of devices complete after 53.852 msecs
[   15.560771] PM: late suspend of devices complete after 1.245 msecs
[   15.561522] PM: noirq suspend of devices complete after 0.746 msecs
[   15.561523] Disabling non-boot CPUs ...
[   15.561880] CPU1: shutdown
[   15.593757] IRQ17 no longer affine to CPU2
[   15.593939] CPU2: shutdown
[   15.623853] CPU3: shutdown
[   15.648383] Entering suspend state LP1
[   15.648383] Suspended for 2.924 seconds
[   15.648393] Enabling non-boot CPUs ...
[   15.663480] CPU1 is up
[   15.683492] CPU2 is up
[   15.703590] CPU3 is up
[   15.704063] PM: noirq resume of devices complete after 0.469 msecs
[   15.705273] PM: early resume of devices complete after 0.910 msecs
[   15.857156] mmc1: Switching to 3.3V signalling voltage failed
[   16.112903] tegra-sor 54540000.sor: failed to attach SOR: -110
[   16.128108] PM: resume of devices complete after 422.829 msecs
[   16.211664] Restarting tasks ... done.
root@(none):/# 
root@(none):/# NVTB SYSTEM SUSPEND TEST COMPLETE
