

U-Boot 2015.04-00466-gedec83e90172 (Mar 14 2016 - 10:42:01)

TEGRA124
Model: Acer Chromebook 13 CB5-311
DRAM:  4 GiB
C:   Tegra SD/MMC: 0, Tegra SD/MMC: 1, Tegra SD/MMC: 2
MMC init failed
Using default environment

In:    serial
Out:   serial
Err:   serial
Net:   Net Initialization Skipped
No ethernet found.
Hit any key to stop autoboot:  2  1  0 
Tegra124 (Nyan-big) # 
Tegra124 (Nyan-big) # usb start
starting USB...
USB0:   USB EHCI 1.10
scanning bus 0 for devices... 2 USB Device(s) found
USB1:   USB EHCI 1.10
scanning bus 1 for devices... 2 USB Device(s) found
       scanning usb for storage devices... 1 Storage Device(s) found
       scanning usb for ethernet devices... 
Warning: asx0 using MAC address from net device
1 Ethernet Device(s) found
Tegra124 (Nyan-big) # mw 0x7000e4a0 0x00080000
Tegra124 (Nyan-big) # setenv bootargs 'ignore_loglevel console=ttyS0,115200n8 rw root=PARTUUID=4d36e82a-b3c0-4b4b-bfcd-afe5217ac023 rootwait gpt debug noinitrd earlyprintk init=/bin/bash'
Tegra124 (Nyan-big) # setenv ipaddr 192.168.100.102; setenv serverip 192.168.100.1; setenv tftpserverip 192.168.100.1
Tegra124 (Nyan-big) # tftpboot 0x82000000 zImage.tegra_defconfig
Using asx0 device
TFTP from server 192.168.100.1; our IP address is 192.168.100.102
Filename 'zImage.tegra_defconfig'.
Load address: 0x82000000
Loading: *#################################################################
	 #################################################################
	 #################################################################
	 #################################################################
	 #################################################################
	 ###############################################
	 3.5 MiB/s
done
Bytes transferred = 5452880 (533450 hex)
Tegra124 (Nyan-big) # tftpboot 0x83000000 tegra124-nyan-big.dtb
Using asx0 device
TFTP from server 192.168.100.1; our IP address is 192.168.100.102
Filename 'tegra124-nyan-big.dtb'.
Load address: 0x83000000
Loading: *#####
	 3.4 MiB/s
done
Bytes transferred = 67899 (1093b hex)
Tegra124 (Nyan-big) # bootz 0x82000000 - 0x83000000
Kernel image @ 0x82000000 [ 0x000000 - 0x533450 ]
## Flattened Device Tree blob at 83000000
   Booting using the fdt blob at 0x83000000
   Using Device Tree in place at 83000000, end 8301393a

Starting kernel ...

Uncompressing Linux... done, booting the kernel.
[    0.000000] Booting Linux on physical CPU 0x0
[    0.000000] Linux version 4.9.0-rc3-127352-ga909d3e (pwalmsley@kaivo) (gcc version 4.7.3 20130328 (prerelease) (crosstool-NG linaro-1.13.1-4.7-2013.04-20130415 - Linaro GCC 2013.04) ) #1 SMP PREEMPT Wed Nov 2 06:03:38 PDT 2016
[    0.000000] CPU: ARMv7 Processor [413fc0f3] revision 3 (ARMv7), cr=10c5387d
[    0.000000] CPU: div instructions available: patching division code
[    0.000000] CPU: PIPT / VIPT nonaliasing data cache, PIPT instruction cache
[    0.000000] OF: fdt:Machine model: Acer Chromebook 13 CB5-311
[    0.000000] OF: fdt:Ignoring memory range 0x100000000 - 0x17ffff000
[    0.000000] debug: ignoring loglevel setting.
[    0.000000] bootconsole [earlycon0] enabled
[    0.000000] cma: Reserved 64 MiB at 0xfbc00000
[    0.000000] Memory policy: Data cache writealloc
[    0.000000] On node 0 totalpages: 524287
[    0.000000] free_area_init_node: node 0, pgdat c0d5d780, node_mem_map eeff7000
[    0.000000]   Normal zone: 1536 pages used for memmap
[    0.000000]   Normal zone: 0 pages reserved
[    0.000000]   Normal zone: 196608 pages, LIFO batch:31
[    0.000000]   HighMem zone: 327679 pages, LIFO batch:31
[    0.000000] percpu: Embedded 14 pages/cpu @eef8c000 s26176 r8192 d22976 u57344
[    0.000000] pcpu-alloc: s26176 r8192 d22976 u57344 alloc=14*4096
[    0.000000] pcpu-alloc: [0] 0 [0] 1 [0] 2 [0] 3 
[    0.000000] Built 1 zonelists in Zone order, mobility grouping on.  Total pages: 522751
[    0.000000] Kernel command line: ignore_loglevel console=ttyS0,115200n8 rw root=PARTUUID=4d36e82a-b3c0-4b4b-bfcd-afe5217ac023 rootwait gpt debug noinitrd earlyprintk init=/bin/bash
[    0.000000] PID hash table entries: 4096 (order: 2, 16384 bytes)
[    0.000000] Dentry cache hash table entries: 131072 (order: 7, 524288 bytes)
[    0.000000] Inode-cache hash table entries: 65536 (order: 6, 262144 bytes)
[    0.000000] Memory: 2000860K/2097148K available (8192K kernel code, 379K rwdata, 2448K rodata, 1024K init, 370K bss, 30752K reserved, 65536K cma-reserved, 1245180K highmem)
[    0.000000] Virtual kernel memory layout:
[    0.000000]     vector  : 0xffff0000 - 0xffff1000   (   4 kB)
[    0.000000]     fixmap  : 0xffc00000 - 0xfff00000   (3072 kB)
[    0.000000]     vmalloc : 0xf0800000 - 0xff800000   ( 240 MB)
[    0.000000]     lowmem  : 0xc0000000 - 0xf0000000   ( 768 MB)
[    0.000000]     pkmap   : 0xbfe00000 - 0xc0000000   (   2 MB)
[    0.000000]     modules : 0xbf000000 - 0xbfe00000   (  14 MB)
[    0.000000]       .text : 0xc0008000 - 0xc0900000   (9184 kB)
[    0.000000]       .init : 0xc0c00000 - 0xc0d00000   (1024 kB)
[    0.000000]       .data : 0xc0d00000 - 0xc0d5ee20   ( 380 kB)
[    0.000000]        .bss : 0xc0d60000 - 0xc0dbca90   ( 371 kB)
[    0.000000] Preemptible hierarchical RCU implementation.
[    0.000000] 	Build-time adjustment of leaf fanout to 32.
[    0.000000] NR_IRQS:16 nr_irqs:16 16
[    0.000000] /interrupt-controller@60004000: 160 interrupts forwarded to /interrupt-controller@50041000
[    0.000000] Tegra clk 127: register failed with -17
[    0.000003] sched_clock: 32 bits at 1000kHz, resolution 1000ns, wraps every 2147483647500ns
[    0.008040] clocksource: timer_us: mask: 0xffffffff max_cycles: 0xffffffff, max_idle_ns: 1911260446275 ns
[    0.017657] Switching to timer-based delay loop, resolution 1000ns
[    0.024335] arm_arch_timer: Architected cp15 timer(s) running at 12.00MHz (virt).
[    0.031436] clocksource: arch_sys_counter: mask: 0xffffffffffffff max_cycles: 0x2c47f4ee7, max_idle_ns: 440795202497 ns
[    0.042270] sched_clock: 56 bits at 12MHz, resolution 83ns, wraps every 4398046511096ns
[    0.050328] Switching to timer-based delay loop, resolution 83ns
[    0.056581] Console: colour dummy device 80x30
[    0.060908] Calibrating delay loop (skipped), value calculated using timer frequency.. 24.00 BogoMIPS (lpj=120000)
[    0.071300] pid_max: default: 32768 minimum: 301
[    0.076179] Mount-cache hash table entries: 2048 (order: 1, 8192 bytes)
[    0.082660] Mountpoint-cache hash table entries: 2048 (order: 1, 8192 bytes)
[    0.090296] CPU: Testing write buffer coherency: ok
[    0.094834] /cpus/cpu@0 missing clock-frequency property
[    0.100084] /cpus/cpu@1 missing clock-frequency property
[    0.105467] /cpus/cpu@2 missing clock-frequency property
[    0.110831] /cpus/cpu@3 missing clock-frequency property
[    0.116199] CPU0: thread -1, cpu 0, socket 0, mpidr 80000000
[    0.121921] Setting up static identity map for 0x80100000 - 0x80100098
[    0.208755] Tegra Revision: A01 SKU: 131 CPU Process: 1 SoC Process: 1
[    0.278804] CPU1: thread -1, cpu 1, socket 0, mpidr 80000001
[    0.358838] CPU2: thread -1, cpu 2, socket 0, mpidr 80000002
[    0.438880] CPU3: thread -1, cpu 3, socket 0, mpidr 80000003
[    0.448687] Brought up 4 CPUs
[    0.466984] SMP: Total of 4 processors activated (96.00 BogoMIPS).
[    0.473223] CPU: All CPU(s) started in SVC mode.
[    0.478609] devtmpfs: initialized
[    0.499934] VFP support v0.3: implementor 41 architecture 4 part 30 variant f rev 0
[    0.505967] clocksource: jiffies: mask: 0xffffffff max_cycles: 0xffffffff, max_idle_ns: 19112604462750000 ns
[    0.516123] pinctrl core: initialized pinctrl subsystem
[    0.521593] NET: Registered protocol family 16
[    0.525883] DMA: preallocated 256 KiB pool for atomic coherent allocations
[    0.555669] cpuidle: using governor menu
[    0.576466] No ATAGs?[    0.576658] hw-breakpoint: found 5 (+1 reserved) breakpoint and 4 watchpoint registers.
[    0.584711] hw-breakpoint: maximum watchpoint size is 8 bytes.
[    0.591570] tegra-mc 70019000.memory-controller: no memory timings for RAM code 0 registered
[    0.631774] +5V_SYS: supplied by +VDD_MUX
[    0.634149] +3.3V_SYS: supplied by +VDD_MUX
[    0.638606] +VDD_LED: Failed to request enable GPIO122: -517
[    0.643941] reg-fixed-voltage regulators:regulator@5: Failed to register regulator: -517
[    0.652107] +5V_VDD_TS_SW: Failed to request enable GPIO81: -517
[    0.658139] reg-fixed-voltage regulators:regulator@6: Failed to register regulator: -517
[    0.666318] +5V_USB_HS: Failed to request enable GPIO108: -517
[    0.672179] reg-fixed-voltage regulators:regulator@7: Failed to register regulator: -517
[    0.680358] +5V_USB_SS: Failed to request enable GPIO109: -517
[    0.686219] reg-fixed-voltage regulators:regulator@8: Failed to register regulator: -517
[    0.694470] +1.05V_RUN_AVDD_HDMI_PLL: Failed to request enable GPIO63: -517
[    0.701386] reg-fixed-voltage regulators:regulator@11: Failed to register regulator: -517
[    0.709651] +5V_HDMI_CON: Failed to request enable GPIO86: -517
[    0.715598] reg-fixed-voltage regulators:regulator@12: Failed to register regulator: -517
[    0.724467] vgaarb: loaded
[    0.726989] SCSI subsystem initialized
[    0.730516] libata version 3.00 loaded.
[    0.734533] usbcore: registered new interface driver usbfs
[    0.739922] usbcore: registered new interface driver hub
[    0.745282] usbcore: registered new device driver usb
[    0.752062] Linux video capture interface: v2.00
[    0.755061] pps_core: LinuxPPS API ver. 1 registered
[    0.760051] pps_core: Software ver. 5.3.6 - Copyright 2005-2007 Rodolfo Giometti <giometti@linux.it>
[    0.769280] PTP clock support registered
[    0.773434] tegra-emc 7001b000.emc: no memory timings for RAM code 0 found in DT
[    0.780692] tegra-emc: probe of 7001b000.emc failed with error -2
[    0.787001] Advanced Linux Sound Architecture Driver Initialized.
[    0.793567] Bluetooth: Core ver 2.22
[    0.796647] NET: Registered protocol family 31
[    0.801131] Bluetooth: HCI device and connection manager initialized
[    0.807557] Bluetooth: HCI socket layer initialized
[    0.812489] Bluetooth: L2CAP socket layer initialized
[    0.817622] Bluetooth: SCO socket layer initialized
[    0.823115] clocksource: Switched to clocksource arch_sys_counter
[    0.836869] NET: Registered protocol family 2
[    0.839872] TCP established hash table entries: 8192 (order: 3, 32768 bytes)
[    0.846543] TCP bind hash table entries: 8192 (order: 4, 65536 bytes)
[    0.853058] TCP: Hash tables configured (established 8192 bind 8192)
[    0.859571] UDP hash table entries: 512 (order: 2, 16384 bytes)
[    0.865412] UDP-Lite hash table entries: 512 (order: 2, 16384 bytes)
[    0.871955] NET: Registered protocol family 1
[    0.876540] RPC: Registered named UNIX socket transport module.
[    0.882206] RPC: Registered udp transport module.
[    0.886982] RPC: Registered tcp transport module.
[    0.891739] RPC: Registered tcp NFSv4.1 backchannel transport module.
[    0.898246] PCI: CLS 0 bytes, default 64
[    0.902989] hw perfevents: enabled with armv7_cortex_a15 PMU driver, 7 counters available
[    0.911427] futex hash table entries: 1024 (order: 4, 65536 bytes)
[    0.917321] workingset: timestamp_bits=30 max_order=19 bucket_order=0
[    0.923744] squashfs: version 4.0 (2009/01/31) Phillip Lougher
[    0.929400] NFS: Registering the id_resolver key type
[    0.934241] Key type id_resolver registered
[    0.938452] Key type id_legacy registered
[    0.944051] bounce: pool size: 64 pages
[    0.946427] io scheduler noop registered (default)
[    0.952210] tegra-xusb-padctl 7009f000.padctl: failed to setup XUSB ports: -517
[    0.967104] tegra-apbdma 60020000.dma: Tegra20 APB DMA driver register 32 channels
[    0.973160] tegra-pmc 7000e400.pmc: i2c-thermtrip node not found, emergency thermal reset disabled.
[    0.982205] Serial: 8250/16550 driver, 4 ports, IRQ sharing disabled
[    0.989633] console [ttyS0] disabled
[    0.992005] 70006000.serial: ttyS0 at MMIO 0x70006000 (irq = 331, base_baud = 25500000) is a Tegra
[    1.001028] console [ttyS0] enabled
[    1.001028] console [ttyS0] enabled
[    1.007347] bootconsole [earlycon0] disabled
[    1.007347] bootconsole [earlycon0] disabled
[    1.016920] [drm] Initialized
[    1.021875] tegra-hdmi 54280000.hdmi: failed to get HDMI regulator
[    1.028468] tegra-dpaux 545c0000.dpaux: failed to get VDD supply: -517
[    1.035780] panel supply power not found, using dummy regulator
[    1.047229] loop: module loaded
[    1.051027] as3722 4-0040: AS3722 with revision 0x1 found
[    1.062253] as3722-sd2: supplied by +5V_SYS
[    1.066788] as3722-sd3: supplied by +5V_SYS
[    1.071124] +1.35V_LP0(sd3): Bringing 0uV into 1350000-1350000uV
[    1.077229] +1.35V_LP0(sd3): ramp_delay not set
[    1.081915] as3722-sd4: supplied by +5V_SYS
[    1.086270] +1.05V_RUN: Bringing 0uV into 1050000-1050000uV
[    1.091928] +1.05V_RUN: ramp_delay not set
[    1.096190] as3722-sd5: supplied by +5V_SYS
[    1.101974] as3722-ldo0: supplied by +1.35V_LP0(sd2)
[    1.107810] +1.8V_RUN_CAM: Bringing 0uV into 1800000-1800000uV
[    1.113736] +1.8V_RUN_CAM: ramp_delay not set
[    1.118272] as3722-ldo2: supplied by +1.8V_VDDIO
[    1.123997] as3722-ldo3: supplied by +3.3V_SYS
[    1.128447] +1.00V_LP0_VDD_RTC: Bringing 1100000uV into 1000000-1000000uV
[    1.135328] +1.00V_LP0_VDD_RTC: ramp_delay not set
[    1.140888] as3722-ldo4: supplied by +3.3V_SYS
[    1.145497] +3.3V_RUN_CAM: Bringing 0uV into 2800000-2800000uV
[    1.151414] +3.3V_RUN_CAM: ramp_delay not set
[    1.155952] as3722-ldo5: supplied by +1.8V_VDDIO
[    1.160728] +1.2V_RUN_CAM_FRONT: Bringing 0uV into 1200000-1200000uV
[    1.167175] +1.2V_RUN_CAM_FRONT: ramp_delay not set
[    1.172379] +VDDIO_SDMMC3: Bringing 0uV into 1800000-1800000uV
[    1.178306] +VDDIO_SDMMC3: ramp_delay not set
[    1.182857] as3722-ldo7: supplied by +1.8V_VDDIO
[    1.187641] +1.05V_RUN_CAM_REAR: Bringing 0uV into 1050000-1050000uV
[    1.194087] +1.05V_RUN_CAM_REAR: ramp_delay not set
[    1.199152] as3722-ldo9: supplied by +5V_SYS
[    1.203733] +2.8V_RUN_TOUCH: Bringing 0uV into 2800000-2800000uV
[    1.209823] +2.8V_RUN_TOUCH: ramp_delay not set
[    1.214546] as3722-ldo10: supplied by +5V_SYS
[    1.219055] +2.8V_RUN_CAM_AF: Bringing 0uV into 2800000-2800000uV
[    1.225242] +2.8V_RUN_CAM_AF: ramp_delay not set
[    1.230206] +1.8V_RUN_VPP_FUSE: Bringing 0uV into 1800000-1800000uV
[    1.236566] +1.8V_RUN_VPP_FUSE: ramp_delay not set
[    1.252368] cros-ec-spi spi32766.0: Chrome EC device registered
[    1.261957] random: fast init done
[    1.267724] m25p80 spi32765.0: w25q32dw (4096 Kbytes)
[    1.274143] libphy: Fixed MDIO Bus: probed
[    1.278228] CAN device driver interface
[    1.282085] igb: Intel(R) Gigabit Ethernet Network Driver - version 5.4.0-k
[    1.289039] igb: Copyright (c) 2007-2014 Intel Corporation.
[    1.294732] pegasus: v0.9.3 (2013/04/25), Pegasus/Pegasus II USB Ethernet driver
[    1.302155] usbcore: registered new interface driver pegasus
[    1.307869] usbcore: registered new interface driver asix
[    1.313310] usbcore: registered new interface driver ax88179_178a
[    1.319424] usbcore: registered new interface driver cdc_ether
[    1.325303] usbcore: registered new interface driver smsc75xx
[    1.331094] usbcore: registered new interface driver smsc95xx
[    1.336880] usbcore: registered new interface driver net1080
[    1.342563] usbcore: registered new interface driver cdc_subset
[    1.348514] usbcore: registered new interface driver zaurus
[    1.354142] usbcore: registered new interface driver cdc_ncm
[    1.359885] ehci_hcd: USB 2.0 'Enhanced' Host Controller (EHCI) Driver
[    1.366402] ehci-pci: EHCI PCI platform driver
[    1.370878] tegra-ehci: Tegra EHCI driver
[    1.375214] usbcore: registered new interface driver cdc_acm
[    1.380857] cdc_acm: USB Abstract Control Model driver for USB modems and ISDN adapters
[    1.388888] usbcore: registered new interface driver cdc_wdm
[    1.394599] usbcore: registered new interface driver usb-storage
[    1.400859] mousedev: PS/2 mouse device common for all mice
[    1.406736] input: cros_ec as /devices/soc0/7000d400.spi/spi_master/spi32766/spi32766.0/7000d400.spi:cros-ec@0:keyboard-controller/input/input0
[    1.421607] as3722-rtc as3722-rtc: rtc core: registered as3722-rtc as rtc0
[    1.428481] as3722-rtc as3722-rtc: RTC interrupt 370
[    1.435392] tegra_rtc 7000e000.rtc: rtc core: registered 7000e000.rtc as rtc1
[    1.442543] tegra_rtc 7000e000.rtc: Tegra internal Real Time Clock
[    1.448859] i2c /dev entries driver
[    1.453108] usbcore: registered new interface driver uvcvideo
[    1.458846] USB Video Class driver (1.1.1)
[    1.462929] gspca_main: v2.14.0 registered
[    1.467312] 0-004c supply vcc not found, using dummy regulator
[    1.475141] tegra-wdt 60005000.timer: initialized (heartbeat = 120 sec, nowayout = 0)
[    1.483555] sdhci: Secure Digital Host Controller Interface driver
[    1.489718] sdhci: Copyright(c) Pierre Ossman
[    1.494078] sdhci-pltfm: SDHCI platform and OF driver helper
[    1.499865] sdhci-tegra 700b0000.sdhci: allocated mmc-pwrseq
[    1.505667] sdhci-tegra 700b0400.sdhci: Got CD GPIO
[    1.510537] sdhci-tegra 700b0400.sdhci: Got WP GPIO
[    1.515571] mmc0: Unknown controller version (3). You may experience problems.
[    1.522805] mmc0: Invalid maximum block size, assuming 512 bytes
[    1.593150] mmc0: SDHCI controller on 700b0600.sdhci [700b0600.sdhci] using ADMA
[    1.603079] usbcore: registered new interface driver usbhid
[    1.611708] usbhid: USB HID core driver
[    1.620053] tegra30-i2s 70301100.i2s: DMA channels sourced from device 70300000.ahub
[    1.673607] max98090 0-0010: MAX98090 REVID=0x43
[    1.680984] max98090 0-0010: use default 2.8v micbias
[    1.683620] mmc0: new high speed MMC card at address 0001
[    1.684097] mmcblk0: mmc0:0001 MMC16G 14.4 GiB 
[    1.684299] mmcblk0boot0: mmc0:0001 MMC16G partition 1 2.00 MiB
[    1.684496] mmcblk0boot1: mmc0:0001 MMC16G partition 2 2.00 MiB
[    1.684675] mmcblk0rpmb: mmc0:0001 MMC16G partition 3 128 KiB
[    1.687868]  mmcblk0: p1 p2 p3 p4 p5 p6 p7 p8 p9 p10 p11 p12
[    1.721771] tegra-snd-max98090 sound: HiFi <-> 70301100.i2s mapping ok
[    1.729586] input: GoogleNyanBig Headphones as /devices/soc0/sound/sound/card1/input1
[    1.737699] input: GoogleNyanBig Mic Jack as /devices/soc0/sound/sound/card1/input2
[    1.745842] NET: Registered protocol family 10
[    1.750861] mip6: Mobile IPv6
[    1.753828] sit: IPv6, IPv4 and MPLS over IPv4 tunneling driver
[    1.760792] NET: Registered protocol family 17
[    1.765246] NET: Registered protocol family 15
[    1.769675] can: controller area network core (rev 20120528 abi 9)
[    1.775909] NET: Registered protocol family 29
[    1.780339] can: raw protocol (rev 20120528)
[    1.784601] can: broadcast manager protocol (rev 20160617 t)
[    1.790250] can: netlink gateway (rev 20130117) max_hops=1
[    1.795797] Bluetooth: RFCOMM socket layer initialized
[    1.800931] Bluetooth: RFCOMM ver 1.11
[    1.804680] Bluetooth: BNEP (Ethernet Emulation) ver 1.3
[    1.809985] Bluetooth: BNEP socket layer initialized
[    1.814939] Bluetooth: HIDP (Human Interface Emulation) ver 1.2
[    1.820846] Bluetooth: HIDP socket layer initialized
[    1.825932] Key type dns_resolver registered
[    1.830656] Registering SWP/SWPB emulation handler
[    1.842038] +3.3V_RUN: supplied by +3.3V_SYS
[    1.846946] +3.3V_AVDD_HDMI_AP_GATED: supplied by +3.3V_RUN
[    1.852549] +1.8V_RUN_CAM: supplied by +3.3V_RUN
[    1.857235] +VDDIO_SDMMC3: supplied by +3.3V_RUN
[    1.861880] +1.8V_RUN_VPP_FUSE: supplied by +3.3V_RUN
[    1.867060] +VDD_LED: supplied by +VDD_MUX
[    1.871363] +5V_VDD_TS_SW: supplied by +5V_SYS
[    1.876169] +5V_USB_HS: supplied by +5V_SYS
[    1.880558] +5V_USB_SS: supplied by +5V_SYS
[    1.886007] +3.3V_PANEL: supplied by +3.3V_RUN
[    1.891533] +3.3V_LP0: supplied by +3.3V_SYS
[    1.896525] +1.05V_RUN_AVDD_HDMI_PLL: supplied by +1.05V_RUN
[    1.902416] +5V_HDMI_CON: supplied by +5V_SYS
[    1.908035] usb3-0 supply vbus not found, using dummy regulator
[    1.914041] usb3-1 supply vbus not found, using dummy regulator
[    1.922645] tegra-sor 54540000.sor: failed to probe output: -517
[    1.928880] panel supply power not found, using dummy regulator
[    2.003838] tegra-xusb 70090000.usb: Firmware timestamp: 2014-09-16 02:10:07 UTC
[    2.011246] tegra-xusb 70090000.usb: xHCI Host Controller
[    2.016667] tegra-xusb 70090000.usb: new USB bus registered, assigned bus number 1
[    2.026291] tegra-xusb 70090000.usb: hcc params 0x0184f525 hci version 0x100 quirks 0x00010010
[    2.034940] tegra-xusb 70090000.usb: irq 342, io mem 0x70090000
[    2.041704] hub 1-0:1.0: USB hub found
[    2.045549] hub 1-0:1.0: 6 ports detected
[    2.050243] tegra-xusb 70090000.usb: xHCI Host Controller
[    2.055675] tegra-xusb 70090000.usb: new USB bus registered, assigned bus number 2
[    2.063408] usb usb2: We don't know the algorithms for LPM for this host, disabling LPM.
[    2.072313] hub 2-0:1.0: USB hub found
[    2.076124] hub 2-0:1.0: 2 ports detected
[    2.081361] sdhci-tegra 700b0000.sdhci: allocated mmc-pwrseq
[    2.087241] mmc1: Unknown controller version (3). You may experience problems.
[    2.094524] mmc1: Invalid maximum block size, assuming 512 bytes
[    2.101090] mmc1: Switching to 3.3V signalling voltage failed
[    2.163205] mmc1: SDHCI controller on 700b0000.sdhci [700b0000.sdhci] using ADMA
[    2.170794] sdhci-tegra 700b0400.sdhci: Got CD GPIO
[    2.175677] sdhci-tegra 700b0400.sdhci: Got WP GPIO
[    2.180654] mmc2: Unknown controller version (3). You may experience problems.
[    2.187968] mmc2: Invalid maximum block size, assuming 512 bytes
[    2.195020] +VDDIO_SDMMC3: ramp_delay not set
[    2.237800] mmc1: new high speed SDIO card at address 0001
[    2.263289] mmc2: SDHCI controller on 700b0400.sdhci [700b0400.sdhci] using ADMA
[    2.371193] [drm] Supports vblank timestamp caching Rev 2 (21.10.2013).
[    2.377850] [drm] No driver support for vblank timestamp query.
[    2.395065] input: tegra-hda HDMI/DP,pcm=3 as /devices/soc0/70030000.hda/sound/card0/input3
[    2.413183] usb 1-2: new high-speed USB device number 2 using tegra-xusb
[    2.425161] mmc2: new high speed SDHC card at address 0007
[    2.426027] mmcblk2: mmc2:0007 SD08G 7.42 GiB 
[    2.435239] GPT:Primary header alternate_lba != Alt. header my_lba
[    2.435243] GPT:3014591 != 15564799
[    2.435244] GPT:Primary header thinks Alt. header is not at the end of the disk.
[    2.435245] GPT:3014591 != 15564799
[    2.435246] GPT: Use GNU Parted to correct GPT errors.
[    2.435271]  mmcblk2: p1 p2 p3 p4 p5 p6 p7 p8 p9 p10 p11 p12
[    2.448449] Console: switching to colour frame buffer device 170x48
[    2.506573] drm drm: fb0:  frame buffer device
[    2.543218] [drm] Initialized tegra 0.0.0 20120330 on minor 0
[    2.549645] input: gpio-keys as /devices/soc0/gpio-keys/input/input4
[    2.557308] as3722-rtc as3722-rtc: setting system clock to 2000-01-01 21:41:40 UTC (946762900)
[    2.566280] +1.8V_RUN_CAM: disabling
[    2.570072] +1.2V_RUN_CAM_FRONT: disabling
[    2.574466] +1.05V_RUN_CAM_REAR: disabling
[    2.578787] +2.8V_RUN_TOUCH: disabling
[    2.582718] +2.8V_RUN_CAM_AF: disabling
[    2.586803] +1.8V_RUN_VPP_FUSE: disabling
[    2.591030] +5V_VDD_TS_SW: disabling
[    2.594698] ALSA device list:
[    2.597664]   #0: tegra-hda at 0x70038000 irq 341
[    2.602354]   #1: GoogleNyanBig
[    2.606293] EXT4-fs (mmcblk0p3): couldn't mount as ext3 due to feature incompatibilities
[    2.730709] uvcvideo: Found UVC 1.00 device HD WebCam (1bcf:2c67)
[    2.745803] input: HD WebCam as /devices/soc0/70090000.usb/usb1/1-2/1-2:1.0/input/input5
[    2.934748] EXT4-fs (mmcblk0p3): recovery complete
[    2.940252] EXT4-fs (mmcblk0p3): mounted filesystem with ordered data mode. Opts: (null)
[    2.948387] VFS: Mounted root (ext4 filesystem) on device 179:3.
[    2.957028] devtmpfs: mounted
[    2.960428] Freeing unused kernel memory: 1024K (c0c00000 - c0d00000)
bash: cannot set terminal process group (-1): Inappropriate ioctl for device
bash: no job control in this shell
root@(none):/# [    3.093222] usb 1-3: new high-speed USB device number 3 using tegra-xusb
mount -t sysfs none /sys
root@(none):/# 
root@(none):/# [    3.743802] asix 1-3:1.0 eth0: register 'asix' at usb-70090000.usb-3, ASIX AX88772 USB 2.0 Ethernet, c8:d7:19:90:fa:65
[    4.093224] usb 1-1: new high-speed USB device number 4 using tegra-xusb
[    4.271951] usb-storage 1-1:1.0: USB Mass Storage device detected
[    4.278906] scsi host0: usb-storage 1-1:1.0
mount -t debugfs none /sys/kernel/debug
root@(none):/# 
root@(none):/# [    5.335091] scsi 0:0:0:0: Direct-Access     SanDisk  SDDR-113         9412 PQ: 0 ANSI: 0
[    5.508231] sd 0:0:0:0: [sda] 15523840 512-byte logical blocks: (7.95 GB/7.40 GiB)
[    5.517368] sd 0:0:0:0: [sda] Write Protect is off
[    5.522151] sd 0:0:0:0: [sda] Mode Sense: 03 00 00 00
[    5.528383] sd 0:0:0:0: [sda] No Caching mode page found
[    5.533723] sd 0:0:0:0: [sda] Assuming drive cache: write through
[    5.559179]  sda: sda1 sda2 sda3 sda4 sda5 sda6 sda7 sda8 sda9 sda10 sda11 sda12 sda13
rtcwake -d rtc1 -m mem -s 3
[    5.573100] sd 0:0:0:0: [sda] Attached SCSI removable disk
rtcwake: assuming RTC uses UTC ...
rtcwake: wakeup from "mem" using /dev/rtc1 at Thu Jan  1 00:00:28 1970
[    5.634039] PM: Syncing filesystems ... done.
[    5.643808] Freezing user space processes ... (elapsed 0.001 seconds) done.
[    5.651964] Freezing remaining freezable tasks ... (elapsed 0.001 seconds) done.
[    5.660586] Suspending console(s) (use no_console_suspend to debug)
[    5.667608] asix 1-3:1.0 eth0: Failed to read reg index 0x0000: -19
[    5.667612] asix 1-3:1.0 eth0: Error reading Medium Status register: ffffffed
[    5.667615] asix 1-3:1.0 eth0: Failed to write reg index 0x0000: -19
[    5.667618] asix 1-3:1.0 eth0: Failed to write Medium Mode mode to 0xfeed: ffffffed
[    5.863538] PM: suspend of devices complete after 196.097 msecs
[    5.864541] PM: late suspend of devices complete after 0.994 msecs
[    5.865332] PM: noirq suspend of devices complete after 0.785 msecs
[    5.865334] Disabling non-boot CPUs ...
[    5.903530] CPU1: shutdown
[    6.013300] IRQ17 no longer affine to CPU2
[    6.013472] CPU2: shutdown
[    6.113492] CPU3: shutdown
[    6.164192] Entering suspend state LP1
[    6.164192] Suspended for 2.963 seconds
[    6.164202] Enabling non-boot CPUs ...
[    6.194239] CPU1 is up
[    6.234408] CPU2 is up
[    6.274628] CPU3 is up
[    6.275148] PM: noirq resume of devices complete after 0.515 msecs
[    6.276426] PM: early resume of devices complete after 0.782 msecs
[    6.328962] mmc1: Switching to 3.3V signalling voltage failed
[    6.583152] tegra-sor 54540000.sor: failed to attach SOR: -110
[    6.857005] PM: resume of devices complete after 580.571 msecs
[    6.967672] Restarting tasks ... done.
root@(none):/# 
root@(none):/# rtcwake -d rtc1 -m mem -s 3
rtcwake: assuming RTC uses UTC ...
rtcwake: wakeup from "mem" using /dev/rtc1 at Thu Jan  1 00:00:33 1970
[    7.733128] PM: Syncing filesystems ... done.
[    7.742586] Freezing user space processes ... (elapsed 0.001 seconds) done.
[    7.750798] Freezing remaining freezable tasks ... (elapsed 0.001 seconds) done.
[    7.759421] Suspending console(s) (use no_console_suspend to debug)
[    7.766471] asix 1-3:1.0 eth0: Failed to read reg index 0x0000: -19
[    7.766474] asix 1-3:1.0 eth0: Error reading Medium Status register: ffffffed
[    7.766478] asix 1-3:1.0 eth0: Failed to write reg index 0x0000: -19
[    7.766481] asix 1-3:1.0 eth0: Failed to write Medium Mode mode to 0xfeed: ffffffed
[    7.974489] PM: suspend of devices complete after 208.193 msecs
[    7.975381] PM: late suspend of devices complete after 0.888 msecs
[    7.976213] PM: noirq suspend of devices complete after 0.829 msecs
[    7.976215] Disabling non-boot CPUs ...
[    8.013438] CPU1: shutdown
[    8.113442] CPU2: shutdown
[    8.223407] CPU3: shutdown
[    8.274075] Entering suspend state LP1
[    8.274075] Suspended for 2.889 seconds
[    8.274099] Enabling non-boot CPUs ...
[    8.304231] CPU1 is up
[    8.344376] CPU2 is up
[    8.384605] CPU3 is up
[    8.385141] PM: noirq resume of devices complete after 0.531 msecs
[    8.386918] PM: early resume of devices complete after 1.270 msecs
[    8.428256] mmc1: Switching to 3.3V signalling voltage failed
[    8.633441] usb 1-1: reset high-speed USB device number 4 using tegra-xusb
[    8.683083] tegra-sor 54540000.sor: failed to attach SOR: -110
[    8.955628] PM: resume of devices complete after 568.702 msecs
[    9.069058] Restarting tasks ... done.
root@(none):/# 
root@(none):/# rtcwake -d rtc1 -m mem -s 3
rtcwake: assuming RTC uses UTC ...
rtcwake: wakeup from "mem" using /dev/rtc1 at Thu Jan  1 00:00:38 1970
[    9.843962] PM: Syncing filesystems ... done.
[    9.853581] Freezing user space processes ... (elapsed 0.001 seconds) done.
[    9.861771] Freezing remaining freezable tasks ... (elapsed 0.001 seconds) done.
[    9.870396] Suspending console(s) (use no_console_suspend to debug)
[    9.877412] asix 1-3:1.0 eth0: Failed to read reg index 0x0000: -19
[    9.877414] asix 1-3:1.0 eth0: Error reading Medium Status register: ffffffed
[    9.877418] asix 1-3:1.0 eth0: Failed to write reg index 0x0000: -19
[    9.877421] asix 1-3:1.0 eth0: Failed to write Medium Mode mode to 0xfeed: ffffffed
[   10.074458] PM: suspend of devices complete after 197.214 msecs
[   10.075356] PM: late suspend of devices complete after 0.894 msecs
[   10.076194] PM: noirq suspend of devices complete after 0.835 msecs
[   10.076196] Disabling non-boot CPUs ...
[   10.113414] CPU1: shutdown
[   10.223406] CPU2: shutdown
[   10.333372] CPU3: shutdown
[   10.384021] Entering suspend state LP1
[   10.384021] Suspended for 2.889 seconds
[   10.384044] Enabling non-boot CPUs ...
[   10.414202] CPU1 is up
[   10.454370] CPU2 is up
[   10.494574] CPU3 is up
[   10.495166] PM: noirq resume of devices complete after 0.588 msecs
[   10.496890] PM: early resume of devices complete after 1.232 msecs
[   10.548460] mmc1: Switching to 3.3V signalling voltage failed
[   10.753407] usb 1-1: reset high-speed USB device number 4 using tegra-xusb
[   10.803072] tegra-sor 54540000.sor: failed to attach SOR: -110
[   11.077340] PM: resume of devices complete after 580.441 msecs
[   11.190783] Restarting tasks ... done.
root@(none):/# 
root@(none):/# rtcwake -d rtc1 -m mem -s 3
rtcwake: assuming RTC uses UTC ...
rtcwake: wakeup from "mem" using /dev/rtc1 at Thu Jan  1 00:00:43 1970
[   11.953921] PM: Syncing filesystems ... done.
[   11.963328] Freezing user space processes ... (elapsed 0.001 seconds) done.
[   11.971539] Freezing remaining freezable tasks ... (elapsed 0.001 seconds) done.
[   11.980167] Suspending console(s) (use no_console_suspend to debug)
[   11.987232] asix 1-3:1.0 eth0: Failed to read reg index 0x0000: -19
[   11.987236] asix 1-3:1.0 eth0: Error reading Medium Status register: ffffffed
[   11.987239] asix 1-3:1.0 eth0: Failed to write reg index 0x0000: -19
[   11.987242] asix 1-3:1.0 eth0: Failed to write Medium Mode mode to 0xfeed: ffffffed
[   12.194429] PM: suspend of devices complete after 207.387 msecs
[   12.195322] PM: late suspend of devices complete after 0.889 msecs
[   12.196158] PM: noirq suspend of devices complete after 0.832 msecs
[   12.196159] Disabling non-boot CPUs ...
[   12.243379] CPU1: shutdown
[   12.343386] CPU2: shutdown
[   12.453341] CPU3: shutdown
[   12.503965] Entering suspend state LP1
[   12.503965] Suspended for 2.879 seconds
[   12.503989] Enabling non-boot CPUs ...
[   12.534176] CPU1 is up
[   12.574311] CPU2 is up
[   12.614543] CPU3 is up
[   12.615134] PM: noirq resume of devices complete after 0.586 msecs
[   12.616924] PM: early resume of devices complete after 1.287 msecs
[   12.668441] mmc1: Switching to 3.3V signalling voltage failed
[   12.873378] usb 1-1: reset high-speed USB device number 4 using tegra-xusb
[   12.923071] tegra-sor 54540000.sor: failed to attach SOR: -110
[   13.196171] PM: resume of devices complete after 579.238 msecs
[   13.309675] Restarting tasks ... done.
root@(none):/# 
root@(none):/# rtcwake -d rtc1 -m mem -s 3
rtcwake: assuming RTC uses UTC ...
rtcwake: wakeup from "mem" using /dev/rtc1 at Thu Jan  1 00:00:48 1970
[   14.072915] PM: Syncing filesystems ... done.
[   14.082405] Freezing user space processes ... (elapsed 0.001 seconds) done.
[   14.090636] Freezing remaining freezable tasks ... (elapsed 0.001 seconds) done.
[   14.099266] Suspending console(s) (use no_console_suspend to debug)
[   14.106386] asix 1-3:1.0 eth0: Failed to read reg index 0x0000: -19
[   14.106390] asix 1-3:1.0 eth0: Error reading Medium Status register: ffffffed
[   14.106394] asix 1-3:1.0 eth0: Failed to write reg index 0x0000: -19
[   14.106396] asix 1-3:1.0 eth0: Failed to write Medium Mode mode to 0xfeed: ffffffed
[   14.314395] PM: suspend of devices complete after 208.253 msecs
[   14.315283] PM: late suspend of devices complete after 0.884 msecs
[   14.316117] PM: noirq suspend of devices complete after 0.830 msecs
[   14.316119] Disabling non-boot CPUs ...
[   14.353352] CPU1: shutdown
[   14.463344] CPU2: shutdown
[   14.563318] CPU3: shutdown
[   14.613935] Entering suspend state LP1
[   14.613935] Suspended for 2.889 seconds
[   14.613959] Enabling non-boot CPUs ...
[   14.644149] CPU1 is up
[   14.684277] CPU2 is up
[   14.724507] CPU3 is up
[   14.725056] PM: noirq resume of devices complete after 0.544 msecs
[   14.726878] PM: early resume of devices complete after 1.333 msecs
[   14.768307] mmc1: Switching to 3.3V signalling voltage failed
[   15.023041] tegra-sor 54540000.sor: failed to attach SOR: -110
[   15.297130] PM: resume of devices complete after 570.243 msecs
[   15.403725] Restarting tasks ... done.
root@(none):/# 
root@(none):/# rtcwake -d rtc1 -m mem -s 3
rtcwake: assuming RTC uses UTC ...
rtcwake: wakeup from "mem" using /dev/rtc1 at Thu Jan  1 00:00:53 1970
[   16.183277] PM: Syncing filesystems ... done.
[   16.192531] Freezing user space processes ... (elapsed 0.001 seconds) done.
[   16.200727] Freezing remaining freezable tasks ... (elapsed 0.001 seconds) done.
[   16.209357] Suspending console(s) (use no_console_suspend to debug)
[   16.216504] asix 1-3:1.0 eth0: Failed to read reg index 0x0000: -19
[   16.216508] asix 1-3:1.0 eth0: Error reading Medium Status register: ffffffed
[   16.216511] asix 1-3:1.0 eth0: Failed to write reg index 0x0000: -19
[   16.216514] asix 1-3:1.0 eth0: Failed to write Medium Mode mode to 0xfeed: ffffffed
[   16.414364] PM: suspend of devices complete after 198.058 msecs
[   16.415256] PM: late suspend of devices complete after 0.887 msecs
[   16.416092] PM: noirq suspend of devices complete after 0.832 msecs
[   16.416094] Disabling non-boot CPUs ...
[   16.463316] CPU1: shutdown
[   16.543147] IRQ17 no longer affine to CPU2
[   16.543322] CPU2: shutdown
[   16.643285] CPU3: shutdown
[   16.693930] Entering suspend state LP1
[   16.693930] Suspended for 2.919 seconds
[   16.693954] Enabling non-boot CPUs ...
[   16.724116] CPU1 is up
[   16.764248] CPU2 is up
[   16.804483] CPU3 is up
[   16.805035] PM: noirq resume of devices complete after 0.547 msecs
[   16.806860] PM: early resume of devices complete after 1.321 msecs
[   16.848326] mmc1: Switching to 3.3V signalling voltage failed
[   17.102978] tegra-sor 54540000.sor: failed to attach SOR: -110
[   17.377152] PM: resume of devices complete after 570.283 msecs
[   17.488014] Restarting tasks ... done.
root@(none):/# 
root@(none):/# rtcwake -d rtc1 -m mem -s 3
rtcwake: assuming RTC uses UTC ...
rtcwake: wakeup from "mem" using /dev/rtc1 at Thu Jan  1 00:00:58 1970
[   18.263386] PM: Syncing filesystems ... done.
[   18.272824] Freezing user space processes ... (elapsed 0.001 seconds) done.
[   18.281045] Freezing remaining freezable tasks ... (elapsed 0.001 seconds) done.
[   18.289677] Suspending console(s) (use no_console_suspend to debug)
[   18.296706] asix 1-3:1.0 eth0: Failed to read reg index 0x0000: -19
[   18.296708] asix 1-3:1.0 eth0: Error reading Medium Status register: ffffffed
[   18.296711] asix 1-3:1.0 eth0: Failed to write reg index 0x0000: -19
[   18.296714] asix 1-3:1.0 eth0: Failed to write Medium Mode mode to 0xfeed: ffffffed
[   18.494334] PM: suspend of devices complete after 197.805 msecs
[   18.495228] PM: late suspend of devices complete after 0.890 msecs
[   18.496063] PM: noirq suspend of devices complete after 0.832 msecs
[   18.496065] Disabling non-boot CPUs ...
[   18.553292] CPU1: shutdown
[   18.643287] CPU2: shutdown
[   18.743258] CPU3: shutdown
[   18.793884] Entering suspend state LP1
[   18.793884] Suspended for 2.899 seconds
[   18.793908] Enabling non-boot CPUs ...
[   18.824086] CPU1 is up
[   18.864219] CPU2 is up
[   18.904453] CPU3 is up
[   18.904986] PM: noirq resume of devices complete after 0.529 msecs
[   18.906717] PM: early resume of devices complete after 1.223 msecs
[   18.947916] mmc1: Switching to 3.3V signalling voltage failed
[   19.153292] usb 1-1: reset high-speed USB device number 4 using tegra-xusb
[   19.202924] tegra-sor 54540000.sor: failed to attach SOR: -110
[   19.477031] PM: resume of devices complete after 570.306 msecs
[   19.590483] Restarting tasks ... done.
root@(none):/# 
root@(none):/# rtcwake -d rtc1 -m mem -s 3
rtcwake: assuming RTC uses UTC ...
rtcwake: wakeup from "mem" using /dev/rtc1 at Thu Jan  1 00:01:03 1970
[   20.363331] PM: Syncing filesystems ... done.
[   20.372769] Freezing user space processes ... (elapsed 0.001 seconds) done.
[   20.380990] Freezing remaining freezable tasks ... (elapsed 0.001 seconds) done.
[   20.389622] Suspending console(s) (use no_console_suspend to debug)
[   20.396651] asix 1-3:1.0 eth0: Failed to read reg index 0x0000: -19
[   20.396654] asix 1-3:1.0 eth0: Error reading Medium Status register: ffffffed
[   20.396658] asix 1-3:1.0 eth0: Failed to write reg index 0x0000: -19
[   20.396660] asix 1-3:1.0 eth0: Failed to write Medium Mode mode to 0xfeed: ffffffed
[   20.594303] PM: suspend of devices complete after 197.829 msecs
[   20.595196] PM: late suspend of devices complete after 0.889 msecs
[   20.596030] PM: noirq suspend of devices complete after 0.830 msecs
[   20.596031] Disabling non-boot CPUs ...
[   20.633261] CPU1: shutdown
[   20.743251] CPU2: shutdown
[   20.843224] CPU3: shutdown
[   20.893850] Entering suspend state LP1
[   20.893850] Suspended for 2.899 seconds
[   20.893874] Enabling non-boot CPUs ...
[   20.924056] CPU1 is up
[   20.964190] CPU2 is up
[   21.004417] CPU3 is up
[   21.004952] PM: noirq resume of devices complete after 0.531 msecs
[   21.006603] PM: early resume of devices complete after 1.143 msecs
[   21.048025] mmc1: Switching to 3.3V signalling voltage failed
[   21.253272] usb 1-1: reset high-speed USB device number 4 using tegra-xusb
[   21.302882] tegra-sor 54540000.sor: failed to attach SOR: -110
[   21.576909] PM: resume of devices complete after 570.297 msecs
[   21.690347] Restarting tasks ... done.
root@(none):/# 
root@(none):/# rtcwake -d rtc1 -m mem -s 3
rtcwake: assuming RTC uses UTC ...
rtcwake: wakeup from "mem" using /dev/rtc1 at Thu Jan  1 00:01:08 1970
[   22.463310] PM: Syncing filesystems ... done.
[   22.472822] Freezing user space processes ... (elapsed 0.001 seconds) done.
[   22.481043] Freezing remaining freezable tasks ... (elapsed 0.001 seconds) done.
[   22.489674] Suspending console(s) (use no_console_suspend to debug)
[   22.496679] asix 1-3:1.0 eth0: Failed to read reg index 0x0000: -19
[   22.496683] asix 1-3:1.0 eth0: Error reading Medium Status register: ffffffed
[   22.496688] asix 1-3:1.0 eth0: Failed to write reg index 0x0000: -19
[   22.496691] asix 1-3:1.0 eth0: Failed to write Medium Mode mode to 0xfeed: ffffffed
[   22.694270] PM: suspend of devices complete after 197.746 msecs
[   22.695163] PM: late suspend of devices complete after 0.889 msecs
[   22.695996] PM: noirq suspend of devices complete after 0.829 msecs
[   22.695998] Disabling non-boot CPUs ...
[   22.733228] CPU1: shutdown
[   22.843218] CPU2: shutdown
[   22.943193] CPU3: shutdown
[   22.993819] Entering suspend state LP1
[   22.993819] Suspended for 2.899 seconds
[   22.993843] Enabling non-boot CPUs ...
[   23.024020] CPU1 is up
[   23.064169] CPU2 is up
[   23.104380] CPU3 is up
[   23.104914] PM: noirq resume of devices complete after 0.529 msecs
[   23.106463] PM: early resume of devices complete after 1.042 msecs
[   23.147933] mmc1: Switching to 3.3V signalling voltage failed
[   23.353151] usb 1-1: reset high-speed USB device number 4 using tegra-xusb
[   23.402925] tegra-sor 54540000.sor: failed to attach SOR: -110
[   23.677081] PM: resume of devices complete after 570.609 msecs
[   23.790527] Restarting tasks ... done.
root@(none):/# 
root@(none):/# rtcwake -d rtc1 -m mem -s 3
rtcwake: assuming RTC uses UTC ...
rtcwake: wakeup from "mem" using /dev/rtc1 at Thu Jan  1 00:01:13 1970
[   24.563270] PM: Syncing filesystems ... done.
[   24.572775] Freezing user space processes ... (elapsed 0.001 seconds) done.
[   24.580992] Freezing remaining freezable tasks ... (elapsed 0.001 seconds) done.
[   24.589620] Suspending console(s) (use no_console_suspend to debug)
[   24.596637] asix 1-3:1.0 eth0: Failed to read reg index 0x0000: -19
[   24.596640] asix 1-3:1.0 eth0: Error reading Medium Status register: ffffffed
[   24.596645] asix 1-3:1.0 eth0: Failed to write reg index 0x0000: -19
[   24.596648] asix 1-3:1.0 eth0: Failed to write Medium Mode mode to 0xfeed: ffffffed
[   24.814239] PM: suspend of devices complete after 217.767 msecs
[   24.815134] PM: late suspend of devices complete after 0.891 msecs
[   24.815963] PM: noirq suspend of devices complete after 0.826 msecs
[   24.815965] Disabling non-boot CPUs ...
[   24.853197] CPU1: shutdown
[   24.963190] CPU2: shutdown
[   25.063160] CPU3: shutdown
[   25.113780] Entering suspend state LP1
[   25.113780] Suspended for 2.879 seconds
[   25.113803] Enabling non-boot CPUs ...
[   25.143995] CPU1 is up
[   25.184121] CPU2 is up
[   25.224356] CPU3 is up
[   25.224888] PM: noirq resume of devices complete after 0.527 msecs
[   25.226568] PM: early resume of devices complete after 1.171 msecs
[   25.267995] mmc1: Switching to 3.3V signalling voltage failed
[   25.522832] tegra-sor 54540000.sor: failed to attach SOR: -110
[   25.796931] PM: resume of devices complete after 570.353 msecs
[   25.903523] Restarting tasks ... done.
root@(none):/# 
root@(none):/# NVTB SYSTEM SUSPEND TEST COMPLETE
