
U-Boot SPL 2014.01-00219-gc4d376f (Feb 18 2014 - 19:57:18)


U-Boot 2014.01-00219-gc4d376f (Feb 18 2014 - 19:57:18)

TEGRA30
Board: NVIDIA Beaver
I2C:   ready
DRAM:  2 GiB
MMC:   Tegra SD/MMC: 0, Tegra SD/MMC: 1
In:    serial
Out:   serial
Err:   serial
Net:   Net Initialization Skipped
No ethernet found.
Hit any key to stop autoboot:  2  0 
Tegra30 (Beaver) # 
Tegra30 (Beaver) # usb reset
(Re)start USB...
USB0:   USB EHCI 1.00
scanning bus 0 for devices... 2 USB Device(s) found
       scanning usb for storage devices... 0 Storage Device(s) found
       scanning usb for ethernet devices... 
Warning: asx0 using MAC address from net device
1 Ethernet Device(s) found
Tegra30 (Beaver) # setenv bootargs 'ignore_loglevel console=ttyS0,115200n8 rw root=PARTUUID=edbe1840-3633-c751-7993-b0ac834f81e0 rootwait gpt debug noinitrd earlyprintk init=/bin/bash'
Tegra30 (Beaver) # setenv ipaddr 192.168.100.101; setenv serverip 192.168.100.1; setenv tftpserverip 192.168.100.1
Tegra30 (Beaver) # tftpboot 0x81000000 zImage.multi_v7_defconfig
Using asx0 device
TFTP from server 192.168.100.1; our IP address is 192.168.100.101
Filename 'zImage.multi_v7_defconfig'.
Load address: 0x81000000
Loading: *#################################################################
	 #################################################################
	 #################################################################
	 #################################################################
	 #################################################################
	 #################################################################
	 #################################################################
	 ##########################################
	 3.2 MiB/s
done
Bytes transferred = 7288568 (6f36f8 hex)
Tegra30 (Beaver) # tftpboot 0x82000000 tegra30-beaver.dtb
Using asx0 device
TFTP from server 192.168.100.1; our IP address is 192.168.100.101
Filename 'tegra30-beaver.dtb'.
Load address: 0x82000000
Loading: *####
	 2.9 MiB/s
done
Bytes transferred = 51572 (c974 hex)
Tegra30 (Beaver) # bootz 0x81000000 - 0x82000000
Kernel image @ 0x81000000 [ 0x000000 - 0x6f36f8 ]
## Flattened Device Tree blob at 82000000
   Booting using the fdt blob at 0x82000000
   Loading Device Tree to 8fff0000, end 8ffff973 ... OK

Starting kernel ...

[    0.000000] Booting Linux on physical CPU 0x0
[    0.000000] Linux version 4.9.0-129023-g69973b8 (pwalmsley@sellafield) (gcc version 4.7.3 20130328 (prerelease) (crosstool-NG linaro-1.13.1-4.7-2013.04-20130415 - Linaro GCC 2013.04) ) #1 SMP Sun Dec 11 12:34:17 PST 2016
[    0.000000] CPU: ARMv7 Processor [412fc099] revision 9 (ARMv7), cr=10c5387d
[    0.000000] CPU: PIPT / VIPT nonaliasing data cache, VIPT aliasing instruction cache
[    0.000000] OF: fdt:Machine model: NVIDIA Tegra30 Beaver evaluation board
[    0.000000] debug: ignoring loglevel setting.
[    0.000000] efi: Getting EFI parameters from FDT:
[    0.000000] efi: UEFI not found.
[    0.000000] cma: Reserved 64 MiB at 0xfb800000
[    0.000000] Memory policy: Data cache writealloc
[    0.000000] On node 0 totalpages: 524032
[    0.000000] free_area_init_node: node 0, pgdat c1427fc0, node_mem_map eeff8000
[    0.000000]   DMA zone: 1536 pages used for memmap
[    0.000000]   DMA zone: 0 pages reserved
[    0.000000]   DMA zone: 196608 pages, LIFO batch:31
[    0.000000]   HighMem zone: 327424 pages, LIFO batch:31
[    0.000000] percpu: Embedded 14 pages/cpu @eef94000 s26624 r8192 d22528 u57344
[    0.000000] pcpu-alloc: s26624 r8192 d22528 u57344 alloc=14*4096
[    0.000000] pcpu-alloc: [0] 0 [0] 1 [0] 2 [0] 3 
[    0.000000] Built 1 zonelists in Zone order, mobility grouping on.  Total pages: 522496
[    0.000000] Kernel command line: ignore_loglevel console=ttyS0,115200n8 rw root=PARTUUID=edbe1840-3633-c751-7993-b0ac834f81e0 rootwait gpt debug noinitrd earlyprintk init=/bin/bash
[    0.000000] PID hash table entries: 4096 (order: 2, 16384 bytes)
[    0.000000] Dentry cache hash table entries: 131072 (order: 7, 524288 bytes)
[    0.000000] Inode-cache hash table entries: 65536 (order: 6, 262144 bytes)
[    0.000000] Memory: 1995008K/2096128K available (9216K kernel code, 1190K rwdata, 4068K rodata, 2048K init, 343K bss, 35584K reserved, 65536K cma-reserved, 1244160K highmem)
[    0.000000] Virtual kernel memory layout:
[    0.000000]     vector  : 0xffff0000 - 0xffff1000   (   4 kB)
[    0.000000]     fixmap  : 0xffc00000 - 0xfff00000   (3072 kB)
[    0.000000]     vmalloc : 0xf0800000 - 0xff800000   ( 240 MB)
[    0.000000]     lowmem  : 0xc0000000 - 0xf0000000   ( 768 MB)
[    0.000000]     pkmap   : 0xbfe00000 - 0xc0000000   (   2 MB)
[    0.000000]     modules : 0xbf000000 - 0xbfe00000   (  14 MB)
[    0.000000]       .text : 0xc0208000 - 0xc0c00000   (10208 kB)
[    0.000000]       .init : 0xc1100000 - 0xc1300000   (2048 kB)
[    0.000000]       .data : 0xc1300000 - 0xc1429aa0   (1191 kB)
[    0.000000]        .bss : 0xc142b000 - 0xc1480fc8   ( 344 kB)
[    0.000000] SLUB: HWalign=64, Order=0-3, MinObjects=0, CPUs=4, Nodes=1
[    0.000000] Hierarchical RCU implementation.
[    0.000000] 	Build-time adjustment of leaf fanout to 32.
[    0.000000] 	RCU restricting CPUs from NR_CPUS=16 to nr_cpu_ids=4.
[    0.000000] RCU: Adjusting geometry for rcu_fanout_leaf=32, nr_cpu_ids=4
[    0.000000] NR_IRQS:16 nr_irqs:16 16
[    0.000000] /interrupt-controller@60004000: 160 interrupts forwarded to /interrupt-controller@50041000
[    0.000000] L2C: platform modifies aux control register: 0x02080000 -> 0x3e480001
[    0.000000] L2C: DT/platform modifies aux control register: 0x02080000 -> 0x3e480001
[    0.000000] L2C-310 erratum 769419 enabled
[    0.000000] L2C-310 enabling early BRESP for Cortex-A9
[    0.000000] L2C-310: enabling full line of zeros but not enabled in Cortex-A9
[    0.000000] L2C-310 dynamic clock gating enabled, standby mode enabled
[    0.000000] L2C-310 cache controller enabled, 8 ways, 1024 kB
[    0.000000] L2C-310: CACHE_ID 0x410000c7, AUX_CTRL 0x4e480001
[    0.000014] sched_clock: 32 bits at 1000kHz, resolution 1000ns, wraps every 2147483647500ns
[    0.000031] clocksource: timer_us: mask: 0xffffffff max_cycles: 0xffffffff, max_idle_ns: 1911260446275 ns
[    0.000039] Switching to timer-based delay loop, resolution 1000ns
[    0.002729] Console: colour dummy device 80x30
[    0.002755] Calibrating delay loop (skipped), value calculated using timer frequency.. 2.00 BogoMIPS (lpj=5000)
[    0.002764] pid_max: default: 32768 minimum: 301
[    0.002850] Mount-cache hash table entries: 2048 (order: 1, 8192 bytes)
[    0.002857] Mountpoint-cache hash table entries: 2048 (order: 1, 8192 bytes)
[    0.003277] CPU: Testing write buffer coherency: ok
[    0.003565] CPU0: thread -1, cpu 0, socket 0, mpidr 80000000
[    0.003607] Setting up static identity map for 0x80300000 - 0x80300098
[    0.006116] Tegra Revision: A03 SKU: 128 CPU Process: 4 SoC Process: 0
[    0.006604] EFI services will not be available.
[    0.010358] CPU1: thread -1, cpu 1, socket 0, mpidr 80000001
[    0.015335] CPU2: thread -1, cpu 2, socket 0, mpidr 80000002
[    0.020334] CPU3: thread -1, cpu 3, socket 0, mpidr 80000003
[    0.020379] Brought up 4 CPUs
[    0.020391] SMP: Total of 4 processors activated (8.00 BogoMIPS).
[    0.020396] CPU: All CPU(s) started in SVC mode.
[    0.021090] devtmpfs: initialized
[    0.030185] VFP support v0.3: implementor 41 architecture 3 part 30 variant 9 rev 4
[    0.030629] clocksource: jiffies: mask: 0xffffffff max_cycles: 0xffffffff, max_idle_ns: 9556302231375000 ns
[    0.033875] pinctrl core: initialized pinctrl subsystem
[    0.035523] NET: Registered protocol family 16
[    0.037595] DMA: preallocated 256 KiB pool for atomic coherent allocations
[    0.049925] cpuidle: using governor menu
[    0.064164] No ATAGs?
[    0.064193] hw-breakpoint: found 5 (+1 reserved) breakpoint and 1 watchpoint registers.
[    0.064200] hw-breakpoint: maximum watchpoint size is 4 bytes.
[    0.068182] Serial: AMBA PL011 UART driver
[    0.068632] tegra-mc 7000f000.memory-controller: no memory timings for RAM code 3 registered
[    0.087929] vdd_5v_sata: Failed to request enable GPIO30: -517
[    0.087943] reg-fixed-voltage regulators:regulator@3: Failed to register regulator: -517
[    0.087986] usb1_vbus: Failed to request enable GPIO238: -517
[    0.087994] reg-fixed-voltage regulators:regulator@4: Failed to register regulator: -517
[    0.088037] usb3_vbus: Failed to request enable GPIO236: -517
[    0.088044] reg-fixed-voltage regulators:regulator@5: Failed to register regulator: -517
[    0.088131] sys_3v3_pexs: Failed to request enable GPIO95: -517
[    0.088139] reg-fixed-voltage regulators:regulator@7: Failed to register regulator: -517
[    0.090030] vgaarb: loaded
[    0.090520] SCSI subsystem initialized
[    0.090665] libata version 3.00 loaded.
[    0.090838] usbcore: registered new interface driver usbfs
[    0.090874] usbcore: registered new interface driver hub
[    0.090908] usbcore: registered new device driver usb
[    0.098025] vrtc: supplied by vdd_5v_in
[    0.101321] vio: supplied by vdd_5v_in
[    0.106819] vdd1: supplied by vdd_5v_in
[    0.108175] vddio_ddr_1v2: Bringing 600000uV into 1200000-1200000uV
[    0.111835] vdd2: supplied by vdd_5v_in
[    0.121817] ldo1: supplied by vdd_1v5_gen
[    0.124200] ldo2: supplied by vdd_1v5_gen
[    0.124670] vdd_sata,avdd_plle: Bringing 1200000uV into 1050000-1050000uV
[    0.126906] ldo3: supplied by vdd_5v_in
[    0.129270] ldo4: supplied by vdd_5v_in
[    0.131823] ldo5: supplied by vdd_5v_in
[    0.136818] ldo6: supplied by vdd_1v8_gen
[    0.137286] avdd_dsi_csi,pwrdet_mipi: Bringing 1000000uV into 1200000-1200000uV
[    0.139528] ldo7: supplied by vdd_1v8_gen
[    0.146829] ldo8: supplied by vdd_1v8_gen
[    0.151859] pps_core: LinuxPPS API ver. 1 registered
[    0.151864] pps_core: Software ver. 5.3.6 - Copyright 2005-2007 Rodolfo Giometti <giometti@linux.it>
[    0.151881] PTP clock support registered
[    0.152013] EDAC MC: Ver: 3.0.0
[    0.153538] clocksource: Switched to clocksource timer_us
[    0.159380] NET: Registered protocol family 2
[    0.159782] TCP established hash table entries: 8192 (order: 3, 32768 bytes)
[    0.159837] TCP bind hash table entries: 8192 (order: 4, 65536 bytes)
[    0.159920] TCP: Hash tables configured (established 8192 bind 8192)
[    0.160003] UDP hash table entries: 512 (order: 2, 16384 bytes)
[    0.160063] UDP-Lite hash table entries: 512 (order: 2, 16384 bytes)
[    0.160227] NET: Registered protocol family 1
[    0.160488] RPC: Registered named UNIX socket transport module.
[    0.160495] RPC: Registered udp transport module.
[    0.160499] RPC: Registered tcp transport module.
[    0.160503] RPC: Registered tcp NFSv4.1 backchannel transport module.
[    0.160512] PCI: CLS 0 bytes, default 64
[    0.161286] hw perfevents: enabled with armv7_cortex_a9 PMU driver, 7 counters available
[    0.162149] futex hash table entries: 1024 (order: 4, 65536 bytes)
[    0.162617] workingset: timestamp_bits=30 max_order=19 bucket_order=0
[    0.167851] squashfs: version 4.0 (2009/01/31) Phillip Lougher
[    0.168330] NFS: Registering the id_resolver key type
[    0.168355] Key type id_resolver registered
[    0.168360] Key type id_legacy registered
[    0.168390] ntfs: driver 2.1.32 [Flags: R/O].
[    0.169173] bounce: pool size: 64 pages
[    0.169298] Block layer SCSI generic (bsg) driver version 0.4 loaded (major 248)
[    0.169307] io scheduler noop registered
[    0.169311] io scheduler deadline registered
[    0.169401] io scheduler cfq registered (default)
[    0.171611] libphy: mdio_driver_register: phy-bcm-ns2-pci
[    0.175052] tegra30-pinctrl 70000868.pinmux: invalid group "sdmmc3_dat6_pd3" for function "rsvd1"
[    0.175065] tegra30-pinctrl 70000868.pinmux: invalid group "sdmmc3_dat7_pd4" for function "rsvd1"
[    0.175079] tegra30-pinctrl 70000868.pinmux: invalid group "vi_vsync_pd6" for function "rsvd1"
[    0.175089] tegra30-pinctrl 70000868.pinmux: invalid group "vi_hsync_pd7" for function "rsvd1"
[    0.175555] tegra30-pinctrl 70000868.pinmux: invalid group "hdmi_int_pn7" for function "rsvd1"
[    0.175598] tegra30-pinctrl 70000868.pinmux: invalid group "ulpi_data3_po4" for function "rsvd1"
[    0.175928] tegra30-pinctrl 70000868.pinmux: invalid group "vi_d10_pt2" for function "rsvd1"
[    0.175940] tegra30-pinctrl 70000868.pinmux: invalid group "vi_d11_pt3" for function "rsvd1"
[    0.175952] tegra30-pinctrl 70000868.pinmux: invalid group "vi_d0_pt4" for function "rsvd1"
[    0.175993] tegra30-pinctrl 70000868.pinmux: invalid group "pu0" for function "rsvd1"
[    0.176024] tegra30-pinctrl 70000868.pinmux: invalid group "pu3" for function "rsvd1"
[    0.176053] tegra30-pinctrl 70000868.pinmux: invalid group "pu6" for function "rsvd1"
[    0.176093] tegra30-pinctrl 70000868.pinmux: invalid group "pv3" for function "rsvd1"
[    0.176591] tegra30-pinctrl 70000868.pinmux: invalid group "pbb0" for function "rsvd1"
[    0.176704] tegra30-pinctrl 70000868.pinmux: invalid group "pcc1" for function "rsvd1"
[    0.181877] tegra-pcie 3000.pcie-controller: 2x3 configuration
[    0.182026] tegra-pcie 3000.pcie-controller: Failed to get supply 'hvdd-pex': -517
[    0.187483] tegra-apbdma 6000a000.dma: Tegra20 APB DMA driver register 32 channels
[    0.188564] tegra-pmc 7000e400.pmc: i2c-thermtrip node not found, emergency thermal reset disabled.
[    0.221278] Serial: 8250/16550 driver, 4 ports, IRQ sharing disabled
[    0.223383] console [ttyS0] disabled
[    0.223420] 70006000.serial: ttyS0 at MMIO 0x70006000 (irq = 331, base_baud = 25500000) is a Tegra
[    1.222886] console [ttyS0] enabled
[    1.226876] SuperH (H)SCI(F) driver initialized
[    1.231990] msm_serial: driver initialized
[    1.236193] STMicroelectronics ASC driver initialized
[    1.243370] [drm] Initialized
[    1.248258] tegra-hdmi 54280000.hdmi: failed to get HDMI regulator
[    1.262299] brd: module loaded
[    1.269275] loop: module loaded
[    1.277514] m25p80 spi32766.1: w25q32 (4096 Kbytes)
[    1.284204] libphy: Fixed MDIO Bus: probed
[    1.288924] CAN device driver interface
[    1.293952] e1000e: Intel(R) PRO/1000 Network Driver - 3.2.6-k
[    1.299778] e1000e: Copyright(c) 1999 - 2015 Intel Corporation.
[    1.305734] igb: Intel(R) Gigabit Ethernet Network Driver - version 5.4.0-k
[    1.312686] igb: Copyright (c) 2007-2014 Intel Corporation.
[    1.320138] pegasus: v0.9.3 (2013/04/25), Pegasus/Pegasus II USB Ethernet driver
[    1.327581] usbcore: registered new interface driver pegasus
[    1.333263] usbcore: registered new interface driver asix
[    1.338678] usbcore: registered new interface driver ax88179_178a
[    1.344786] usbcore: registered new interface driver cdc_ether
[    1.350644] usbcore: registered new interface driver smsc75xx
[    1.356414] usbcore: registered new interface driver smsc95xx
[    1.362186] usbcore: registered new interface driver net1080
[    1.367863] usbcore: registered new interface driver cdc_subset
[    1.373798] usbcore: registered new interface driver zaurus
[    1.379401] usbcore: registered new interface driver cdc_ncm
[    1.386433] ehci_hcd: USB 2.0 'Enhanced' Host Controller (EHCI) Driver
[    1.392961] ehci-pci: EHCI PCI platform driver
[    1.397428] ehci-platform: EHCI generic platform driver
[    1.402767] ehci-orion: EHCI orion driver
[    1.406850] SPEAr-ehci: EHCI SPEAr driver
[    1.410932] ehci-st: EHCI STMicroelectronics driver
[    1.415886] ehci-exynos: EHCI EXYNOS driver
[    1.420156] ehci-atmel: EHCI Atmel driver
[    1.424238] tegra-ehci: Tegra EHCI driver
[    1.428537] ohci_hcd: USB 1.1 'Open' Host Controller (OHCI) Driver
[    1.434719] ohci-pci: OHCI PCI platform driver
[    1.439189] ohci-platform: OHCI generic platform driver
[    1.444508] ohci-omap3: OHCI OMAP3 driver
[    1.448592] SPEAr-ohci: OHCI SPEAr driver
[    1.452665] ohci-st: OHCI STMicroelectronics driver
[    1.457613] ohci-atmel: OHCI Atmel driver
[    1.462049] usbcore: registered new interface driver usb-storage
[    1.469000] mousedev: PS/2 mouse device common for all mice
[    1.476267] tegra_rtc 7000e000.rtc: rtc core: registered 7000e000.rtc as rtc1
[    1.483450] tegra_rtc 7000e000.rtc: Tegra internal Real Time Clock
[    1.492279] random: fast init done
[    1.505580] tps65910-rtc tps65910-rtc: rtc core: registered tps65910-rtc as rtc0
[    1.513160] i2c /dev entries driver
[    1.524110] sdhci: Secure Digital Host Controller Interface driver
[    1.530289] sdhci: Copyright(c) Pierre Ossman
[    1.535506] Synopsys Designware Multimedia Card Interface Driver
[    1.542146] sdhci-pltfm: SDHCI platform and OF driver helper
[    1.548297] sdhci-tegra 78000000.sdhci: Got CD GPIO
[    1.553185] sdhci-tegra 78000000.sdhci: Got WP GPIO
[    1.559298] mmc0: Invalid maximum block size, assuming 512 bytes
[    1.608621] mmc0: SDHCI controller on 78000000.sdhci [78000000.sdhci] using ADMA
[    1.617223] mmc1: Invalid maximum block size, assuming 512 bytes
[    1.663549] mmc1: SDHCI controller on 78000600.sdhci [78000600.sdhci] using ADMA
[    1.672236] ledtrig-cpu: registered to indicate activity on CPUs
[    1.678470] usbcore: registered new interface driver usbhid
[    1.684039] usbhid: USB HID core driver
[    1.689937] NET: Registered protocol family 10
[    1.695003] sit: IPv6, IPv4 and MPLS over IPv4 tunneling driver
[    1.701353] NET: Registered protocol family 17
[    1.705806] can: controller area network core (rev 20120528 abi 9)
[    1.712017] NET: Registered protocol family 29
[    1.716457] can: raw protocol (rev 20120528)
[    1.720721] can: broadcast manager protocol (rev 20161123 t)
[    1.726379] can: netlink gateway (rev 20130117) max_hops=1
[    1.732131] Key type dns_resolver registered
[    1.736802] ThumbEE CPU extension supported.
[    1.741078] Registering SWP/SWPB emulation handler
[    1.771119] vdd_ddr: supplied by vdd_5v_in
[    1.776832] vdd_5v_sata: supplied by vdd_5v_in
[    1.781579] usb1_vbus: supplied by vdd_5v_in
[    1.786131] usb3_vbus: supplied by vdd_5v_in
[    1.792816] sys_3v3,vdd_3v3_alw: supplied by vdd_5v_in
[    1.798548] +VDD_5V_HDMI: supplied by sys_3v3,vdd_3v3_alw
[    1.804160] sys_3v3_pexs: supplied by sys_3v3,vdd_3v3_alw
[    1.810259] tegra-pcie 3000.pcie-controller: 2x3 configuration
[    1.816298] mmc0: new ultra high speed DDR50 SDHC card at address aaaa
[    1.818546] tegra-pcie 3000.pcie-controller: probing port 0, using 2 lanes
[    1.830087] mmcblk0: mmc0:aaaa SS04G 3.69 GiB 
[    1.848776] mmc1: new high speed MMC card at address 0001
[    1.854999] mmcblk1: mmc1:0001 SEM16G 14.8 GiB 
[    1.860178] mmcblk1boot0: mmc1:0001 SEM16G partition 1 1.00 MiB
[    1.866745] mmcblk1boot1: mmc1:0001 SEM16G partition 2 1.00 MiB
[    1.873264] mmcblk1rpmb: mmc1:0001 SEM16G partition 3 128 KiB
[    1.876874] tegra-pcie 3000.pcie-controller: probing port 2, using 2 lanes
[    1.887943]  mmcblk0: p1 p2 p3
[    1.892267] Primary GPT is invalid, using alternate GPT.
[    1.897597]  mmcblk1: p1 p2 p3 p4 p5
[    2.280744] tegra-pcie 3000.pcie-controller: link 2 down, retrying
[    2.690772] tegra-pcie 3000.pcie-controller: link 2 down, retrying
[    3.100785] tegra-pcie 3000.pcie-controller: link 2 down, retrying
[    3.108976] tegra-pcie 3000.pcie-controller: link 2 down, ignoring
[    3.115281] tegra-pcie 3000.pcie-controller: PCI host bridge to bus 0000:00
[    3.122244] pci_bus 0000:00: root bus resource [io  0x0000-0xffff]
[    3.128416] pci_bus 0000:00: root bus resource [mem 0x20000000-0x27ffffff]
[    3.135281] pci_bus 0000:00: root bus resource [mem 0x28000000-0x3fffffff pref]
[    3.142581] pci_bus 0000:00: root bus resource [bus 00-ff]
[    3.148083] pci 0000:00:01.0: [10de:0e1c] type 01 class 0x060400
[    3.154149] pci 0000:00:01.0: PME# supported from D0 D1 D2 D3hot D3cold
[    3.160906] PCI: bus0: Fast back to back transfers disabled
[    3.166479] pci 0000:00:01.0: bridge configuration invalid ([bus 00-00]), reconfiguring
[    3.174574] pci 0000:01:00.0: [10ec:8168] type 00 class 0x020000
[    3.180592] pci 0000:01:00.0: reg 0x10: [io  0x0000-0x00ff]
[    3.186171] pci 0000:01:00.0: reg 0x18: [mem 0x00000000-0x00000fff 64bit pref]
[    3.193391] pci 0000:01:00.0: reg 0x20: [mem 0x00000000-0x00003fff 64bit pref]
[    3.200675] pci 0000:01:00.0: supports D1 D2
[    3.204941] pci 0000:01:00.0: PME# supported from D0 D1 D2 D3hot D3cold
[    3.223561] PCI: bus1: Fast back to back transfers disabled
[    3.229132] pci_bus 0000:01: busn_res: [bus 01-ff] end is updated to 01
[    3.235807] pci 0000:00:01.0: BAR 9: assigned [mem 0x28000000-0x280fffff 64bit pref]
[    3.243544] pci 0000:00:01.0: BAR 7: assigned [io  0x1000-0x1fff]
[    3.249634] pci 0000:01:00.0: BAR 4: assigned [mem 0x28000000-0x28003fff 64bit pref]
[    3.257375] pci 0000:01:00.0: BAR 2: assigned [mem 0x28004000-0x28004fff 64bit pref]
[    3.265116] pci 0000:01:00.0: BAR 0: assigned [io  0x1000-0x10ff]
[    3.271205] pci 0000:00:01.0: PCI bridge to [bus 01]
[    3.276163] pci 0000:00:01.0:   bridge window [io  0x1000-0x1fff]
[    3.282249] pci 0000:00:01.0:   bridge window [mem 0x28000000-0x280fffff 64bit pref]
[    3.289994] pci 0000:00:01.0: nv_msi_ht_cap_quirk didn't locate host bridge
[    3.297007] pcieport 0000:00:01.0: enabling device (0140 -> 0143)
[    3.303314] pcieport 0000:00:01.0: Signaling PME through PCIe PME interrupt
[    3.310273] pci 0000:01:00.0: Signaling PME through PCIe PME interrupt
[    3.316793] pcie_pme 0000:00:01.0:pcie001: service driver pcie_pme loaded
[    3.323767] r8169 Gigabit Ethernet driver 2.3LK-NAPI loaded
[    3.329356] r8169 0000:01:00.0: enabling device (0140 -> 0143)
[    3.336524] r8169 0000:01:00.0 eth0: RTL8168evl/8111evl at 0xf09f8000, 02:04:4b:01:60:a6, XID 0c900800 IRQ 375
[    3.346524] r8169 0000:01:00.0 eth0: jumbo features [frames: 9200 bytes, tx checksumming: ko]
[    3.358636] [drm] Supports vblank timestamp caching Rev 2 (21.10.2013).
[    3.365251] [drm] No driver support for vblank timestamp query.
[    3.371185] drm drm: No connectors reported connected with modes
[    3.377190] [drm] Cannot find any crtc or sizes - going 1024x768
[    3.402938] Console: switching to colour frame buffer device 128x48
[    3.415264] drm drm: fb0:  frame buffer device
[    3.433932] [drm] Initialized tegra 0.0.0 20120330 on minor 0
[    3.445139] utmi_phy_clk_enable: timeout waiting for phy to stabilize
[    3.451612] tegra-ehci 7d004000.usb: EHCI Host Controller
[    3.457023] tegra-ehci 7d004000.usb: new USB bus registered, assigned bus number 1
[    3.464853] tegra-ehci 7d004000.usb: irq 343, io mem 0x7d004000
[    3.483942] tegra-ehci 7d004000.usb: USB 2.0 started, EHCI 1.00
[    3.490826] hub 1-0:1.0: USB hub found
[    3.494598] hub 1-0:1.0: 1 port detected
[    3.499706] tegra-ehci 7d008000.usb: EHCI Host Controller
[    3.505121] tegra-ehci 7d008000.usb: new USB bus registered, assigned bus number 2
[    3.512861] tegra-ehci 7d008000.usb: irq 344, io mem 0x7d008000
[    3.533937] tegra-ehci 7d008000.usb: USB 2.0 started, EHCI 1.00
[    3.540749] hub 2-0:1.0: USB hub found
[    3.544517] hub 2-0:1.0: 1 port detected
[    3.554485] tps65910-rtc tps65910-rtc: setting system clock to 2000-01-01 00:00:02 UTC (946684802)
[    3.564099] vdd_sata,avdd_plle: disabling
[    3.568850] usb1_vbus: disabling
[    3.573682] EXT4-fs (mmcblk1p1): mounting ext3 file system using the ext4 subsystem
[    3.587430] EXT4-fs (mmcblk1p1): warning: mounting fs with errors, running e2fsck is recommended
[    3.597667] EXT4-fs (mmcblk1p1): recovery complete
[    3.602485] EXT4-fs (mmcblk1p1): mounted filesystem with ordered data mode. Opts: (null)
[    3.610596] VFS: Mounted root (ext3 filesystem) on device 179:17.
[    3.627897] devtmpfs: mounted
[    3.633345] Freeing unused kernel memory: 2048K (c1100000 - c1300000)
bash: cannot set terminal process group (-1): Inappropriate ioctl for device
bash: no job control in this shell
root@(none):/# [    3.873571] usb 2-1: new high-speed USB device number 2 using tegra-ehci
mount -t sysfs none /sys
[    4.481680] asix 2-1:1.0 eth1: register 'asix' at usb-7d008000.usb-1, ASIX AX88772 USB 2.0 Ethernet, 00:50:b6:0f:67:60
root@(none):/# 
root@(none):/# mount -t debugfs none /sys/kernel/debug
root@(none):/# 
root@(none):/# rtcwake -d rtc1 -m mem -s 3
rtcwake: wakeup from "mem" using /dev/rtc1 at Thu Jan  1 00:00:21 1970
[    6.508865] PM: Syncing filesystems ... done.
[    6.521179] Freezing user space processes ... (elapsed 0.001 seconds) done.
[    6.529318] Freezing remaining freezable tasks ... (elapsed 0.001 seconds) done.
[    6.537946] Suspending console(s) (use no_console_suspend to debug)
[    6.597534] PM: suspend of devices complete after 52.304 msecs
[    6.598418] PM: late suspend of devices complete after 0.876 msecs
[    6.619183] PM: noirq suspend of devices complete after 20.757 msecs
[    6.619186] Disabling non-boot CPUs ...
[    6.619830] CPU1: shutdown
[    6.660019] IRQ17 no longer affine to CPU2
[    6.660249] CPU2: shutdown
[    6.689890] CPU3: shutdown
[    6.714214] Entering suspend state LP1
[    6.714214] Suspended for 3.188 seconds
[    6.714227] Enabling non-boot CPUs ...
[    6.729540] CPU1 is up
[    6.749616] CPU2 is up
[    6.769749] CPU3 is up
[    6.770383] pcieport 0000:00:01.0: nv_msi_ht_cap_quirk didn't locate host bridge
[    6.788586] PM: noirq resume of devices complete after 18.831 msecs
[    6.789672] PM: early resume of devices complete after 0.688 msecs
[    7.297532] PM: resume of devices complete after 507.852 msecs
[    7.376709] Restarting tasks ... done.
root@(none):/# 
root@(none):/# rtcwake -d rtc1 -m mem -s 3
rtcwake: wakeup from "mem" using /dev/rtc1 at Thu Jan  1 00:00:26 1970
[    8.387699] PM: Syncing filesystems ... done.
[    8.398936] Freezing user space processes ... (elapsed 0.001 seconds) done.
[    8.407035] Freezing remaining freezable tasks ... (elapsed 0.001 seconds) done.
[    8.415663] Suspending console(s) (use no_console_suspend to debug)
[    8.471279] PM: suspend of devices complete after 48.425 msecs
[    8.472935] PM: late suspend of devices complete after 1.648 msecs
[    8.494142] PM: noirq suspend of devices complete after 21.200 msecs
[    8.494146] Disabling non-boot CPUs ...
[    8.494804] CPU1: shutdown
[    8.519912] IRQ17 no longer affine to CPU2
[    8.520132] CPU2: shutdown
[    8.549590] CPU3: shutdown
[    8.574107] Entering suspend state LP1
[    8.574107] Suspended for 3.140 seconds
[    8.574123] Enabling non-boot CPUs ...
[    8.589693] CPU1 is up
[    8.609762] CPU2 is up
[    8.629853] CPU3 is up
[    8.630639] pcieport 0000:00:01.0: nv_msi_ht_cap_quirk didn't locate host bridge
[    8.648582] PM: noirq resume of devices complete after 18.720 msecs
[    8.650869] PM: early resume of devices complete after 1.809 msecs
[    9.170496] PM: resume of devices complete after 519.615 msecs
[    9.249940] Restarting tasks ... done.
root@(none):/# 
root@(none):/# rtcwake -d rtc1 -m mem -s 3
rtcwake: wakeup from "mem" using /dev/rtc1 at Thu Jan  1 00:00:31 1970
[   10.243634] PM: Syncing filesystems ... done.
[   10.256809] Freezing user space processes ... (elapsed 0.001 seconds) done.
[   10.264993] Freezing remaining freezable tasks ... (elapsed 0.001 seconds) done.
[   10.273678] Suspending console(s) (use no_console_suspend to debug)
[   10.334008] PM: suspend of devices complete after 52.856 msecs
[   10.336114] PM: late suspend of devices complete after 2.096 msecs
[   10.354260] PM: noirq suspend of devices complete after 18.138 msecs
[   10.354265] Disabling non-boot CPUs ...
[   10.355077] CPU1: shutdown
[   10.380101] IRQ17 no longer affine to CPU2
[   10.380385] CPU2: shutdown
[   10.409735] CPU3: shutdown
[   10.434143] Entering suspend state LP1
[   10.434143] Suspended for 3.139 seconds
[   10.434158] Enabling non-boot CPUs ...
[   10.449678] CPU1 is up
[   10.469746] CPU2 is up
[   10.489851] CPU3 is up
[   10.490608] pcieport 0000:00:01.0: nv_msi_ht_cap_quirk didn't locate host bridge
[   10.508548] PM: noirq resume of devices complete after 18.688 msecs
[   10.510274] PM: early resume of devices complete after 1.277 msecs
[   11.030998] PM: resume of devices complete after 520.714 msecs
[   11.110431] Restarting tasks ... done.
root@(none):/# 
root@(none):/# rtcwake -d rtc1 -m mem -s 3
rtcwake: wakeup from "mem" using /dev/rtc1 at Thu Jan  1 00:00:36 1970
[   12.116802] PM: Syncing filesystems ... done.
[   12.131010] Freezing user space processes ... (elapsed 0.001 seconds) done.
[   12.139187] Freezing remaining freezable tasks ... (elapsed 0.001 seconds) done.
[   12.147864] Suspending console(s) (use no_console_suspend to debug)
[   12.207972] PM: suspend of devices complete after 52.641 msecs
[   12.209109] PM: late suspend of devices complete after 1.128 msecs
[   12.229214] PM: noirq suspend of devices complete after 20.097 msecs
[   12.229219] Disabling non-boot CPUs ...
[   12.230027] CPU1: shutdown
[   12.255082] IRQ17 no longer affine to CPU2
[   12.255357] CPU2: shutdown
[   12.284680] CPU3: shutdown
[   12.309088] Entering suspend state LP1
[   12.309088] Suspended for 3.125 seconds
[   12.309102] Enabling non-boot CPUs ...
[   12.324644] CPU1 is up
[   12.344685] CPU2 is up
[   12.364780] CPU3 is up
[   12.365535] pcieport 0000:00:01.0: nv_msi_ht_cap_quirk didn't locate host bridge
[   12.383517] PM: noirq resume of devices complete after 18.728 msecs
[   12.384762] PM: early resume of devices complete after 0.786 msecs
[   12.910901] PM: resume of devices complete after 526.128 msecs
[   12.990310] Restarting tasks ... done.
root@(none):/# 
root@(none):/# rtcwake -d rtc1 -m mem -s 3
rtcwake: wakeup from "mem" using /dev/rtc1 at Thu Jan  1 00:00:41 1970
[   13.979129] PM: Syncing filesystems ... done.
[   13.993351] Freezing user space processes ... (elapsed 0.001 seconds) done.
[   14.001513] Freezing remaining freezable tasks ... (elapsed 0.001 seconds) done.
[   14.010219] Suspending console(s) (use no_console_suspend to debug)
[   14.068971] PM: suspend of devices complete after 51.276 msecs
[   14.071051] PM: late suspend of devices complete after 2.070 msecs
[   14.089192] PM: noirq suspend of devices complete after 18.133 msecs
[   14.089195] Disabling non-boot CPUs ...
[   14.090015] CPU1: shutdown
[   14.125073] IRQ17 no longer affine to CPU2
[   14.125346] CPU2: shutdown
[   14.154648] CPU3: shutdown
[   14.179054] Entering suspend state LP1
[   14.179054] Suspended for 3.130 seconds
[   14.179068] Enabling non-boot CPUs ...
[   14.194605] CPU1 is up
[   14.214661] CPU2 is up
[   14.234761] CPU3 is up
[   14.235513] pcieport 0000:00:01.0: nv_msi_ht_cap_quirk didn't locate host bridge
[   14.253483] PM: noirq resume of devices complete after 18.713 msecs
[   14.255185] PM: early resume of devices complete after 1.249 msecs
[   14.777160] PM: resume of devices complete after 521.962 msecs
[   14.856565] Restarting tasks ... done.
root@(none):/# 
root@(none):/# rtcwake -d rtc1 -m mem -s 3
rtcwake: wakeup from "mem" using /dev/rtc1 at Thu Jan  1 00:00:46 1970
[   15.849288] PM: Syncing filesystems ... done.
[   15.863517] Freezing user space processes ... (elapsed 0.001 seconds) done.
[   15.871654] Freezing remaining freezable tasks ... (elapsed 0.001 seconds) done.
[   15.880346] Suspending console(s) (use no_console_suspend to debug)
[   15.938914] PM: suspend of devices complete after 51.102 msecs
[   15.942032] PM: late suspend of devices complete after 3.106 msecs
[   15.959165] PM: noirq suspend of devices complete after 17.126 msecs
[   15.959169] Disabling non-boot CPUs ...
[   15.960003] CPU1: shutdown
[   15.990021] IRQ17 no longer affine to CPU2
[   15.990294] CPU2: shutdown
[   16.019606] CPU3: shutdown
[   16.044042] Entering suspend state LP1
[   16.044042] Suspended for 3.134 seconds
[   16.044055] Enabling non-boot CPUs ...
[   16.059582] CPU1 is up
[   16.079627] CPU2 is up
[   16.099756] CPU3 is up
[   16.100490] pcieport 0000:00:01.0: nv_msi_ht_cap_quirk didn't locate host bridge
[   16.118453] PM: noirq resume of devices complete after 18.688 msecs
[   16.120620] PM: early resume of devices complete after 1.732 msecs
[   16.642086] PM: resume of devices complete after 521.456 msecs
[   16.721517] Restarting tasks ... done.
root@(none):/# 
root@(none):/# rtcwake -d rtc1 -m mem -s 3
rtcwake: wakeup from "mem" using /dev/rtc1 at Thu Jan  1 00:00:51 1970
[   17.714091] PM: Syncing filesystems ... done.
[   17.727298] Freezing user space processes ... (elapsed 0.001 seconds) done.
[   17.735487] Freezing remaining freezable tasks ... (elapsed 0.001 seconds) done.
[   17.744173] Suspending console(s) (use no_console_suspend to debug)
[   17.803408] PM: suspend of devices complete after 51.765 msecs
[   17.804513] PM: late suspend of devices complete after 1.095 msecs
[   17.824140] PM: noirq suspend of devices complete after 19.617 msecs
[   17.824146] Disabling non-boot CPUs ...
[   17.824968] CPU1: shutdown
[   17.865277] CPU2: shutdown
[   17.894374] IRQ17 no longer affine to CPU3
[   17.894585] CPU3: shutdown
[   17.919005] Entering suspend state LP1
[   17.919005] Suspended for 3.125 seconds
[   17.919019] Enabling non-boot CPUs ...
[   17.934549] CPU1 is up
[   17.954595] CPU2 is up
[   17.974711] CPU3 is up
[   17.975473] pcieport 0000:00:01.0: nv_msi_ht_cap_quirk didn't locate host bridge
[   17.993428] PM: noirq resume of devices complete after 18.708 msecs
[   17.994645] PM: early resume of devices complete after 0.786 msecs
[   18.515256] PM: resume of devices complete after 520.597 msecs
[   18.594725] Restarting tasks ... done.
root@(none):/# 
root@(none):/# rtcwake -d rtc1 -m mem -s 3
rtcwake: wakeup from "mem" using /dev/rtc1 at Thu Jan  1 00:00:56 1970
[   19.594229] PM: Syncing filesystems ... done.
[   19.608437] Freezing user space processes ... (elapsed 0.001 seconds) done.
[   19.616583] Freezing remaining freezable tasks ... (elapsed 0.001 seconds) done.
[   19.625275] Suspending console(s) (use no_console_suspend to debug)
[   19.682873] PM: suspend of devices complete after 50.115 msecs
[   19.684002] PM: late suspend of devices complete after 1.119 msecs
[   19.704106] PM: noirq suspend of devices complete after 20.094 msecs
[   19.704111] Disabling non-boot CPUs ...
[   19.704931] CPU1: shutdown
[   19.729986] IRQ17 no longer affine to CPU2
[   19.730264] CPU2: shutdown
[   19.749539] CPU3: shutdown
[   19.773982] Entering suspend state LP1
[   19.773982] Suspended for 3.144 seconds
[   19.773997] Enabling non-boot CPUs ...
[   19.789514] CPU1 is up
[   19.809568] CPU2 is up
[   19.829680] CPU3 is up
[   19.830444] pcieport 0000:00:01.0: nv_msi_ht_cap_quirk didn't locate host bridge
[   19.848403] PM: noirq resume of devices complete after 18.714 msecs
[   19.850601] PM: early resume of devices complete after 1.765 msecs
[   20.375804] PM: resume of devices complete after 525.192 msecs
[   20.455230] Restarting tasks ... done.
root@(none):/# 
root@(none):/# rtcwake -d rtc1 -m mem -s 3
rtcwake: wakeup from "mem" using /dev/rtc1 at Thu Jan  1 00:01:01 1970
[   21.447883] PM: Syncing filesystems ... done.
[   21.462261] Freezing user space processes ... (elapsed 0.001 seconds) done.
[   21.470439] Freezing remaining freezable tasks ... (elapsed 0.001 seconds) done.
[   21.479125] Suspending console(s) (use no_console_suspend to debug)
[   21.538389] PM: suspend of devices complete after 51.798 msecs
[   21.541476] PM: late suspend of devices complete after 3.077 msecs
[   21.559094] PM: noirq suspend of devices complete after 17.608 msecs
[   21.559098] Disabling non-boot CPUs ...
[   21.559922] CPU1: shutdown
[   21.584957] IRQ17 no longer affine to CPU2
[   21.585235] CPU2: shutdown
[   21.614531] CPU3: shutdown
[   21.638993] Entering suspend state LP1
[   21.638993] Suspended for 3.134 seconds
[   21.639008] Enabling non-boot CPUs ...
[   21.654514] CPU1 is up
[   21.674556] CPU2 is up
[   21.694661] CPU3 is up
[   21.695419] pcieport 0000:00:01.0: nv_msi_ht_cap_quirk didn't locate host bridge
[   21.713372] PM: noirq resume of devices complete after 18.703 msecs
[   21.714625] PM: early resume of devices complete after 0.797 msecs
[   22.240146] PM: resume of devices complete after 525.509 msecs
[   22.319581] Restarting tasks ... done.
root@(none):/# 
root@(none):/# rtcwake -d rtc1 -m mem -s 3
rtcwake: wakeup from "mem" using /dev/rtc1 at Thu Jan  1 00:01:06 1970
[   23.314182] PM: Syncing filesystems ... done.
[   23.328392] Freezing user space processes ... (elapsed 0.001 seconds) done.
[   23.336539] Freezing remaining freezable tasks ... (elapsed 0.001 seconds) done.
[   23.345237] Suspending console(s) (use no_console_suspend to debug)
[   23.402807] PM: suspend of devices complete after 50.099 msecs
[   23.403951] PM: late suspend of devices complete after 1.133 msecs
[   23.424060] PM: noirq suspend of devices complete after 20.098 msecs
[   23.424065] Disabling non-boot CPUs ...
[   23.424893] CPU1: shutdown
[   23.454935] IRQ17 no longer affine to CPU2
[   23.455215] CPU2: shutdown
[   23.484493] CPU3: shutdown
[   23.508930] Entering suspend state LP1
[   23.508930] Suspended for 3.130 seconds
[   23.508946] Enabling non-boot CPUs ...
[   23.524451] CPU1 is up
[   23.544513] CPU2 is up
[   23.564640] CPU3 is up
[   23.565403] pcieport 0000:00:01.0: nv_msi_ht_cap_quirk didn't locate host bridge
[   23.583350] PM: noirq resume of devices complete after 18.701 msecs
[   23.586077] PM: early resume of devices complete after 2.264 msecs
[   24.107047] PM: resume of devices complete after 520.960 msecs
[   24.186451] Restarting tasks ... done.
root@(none):/# 
root@(none):/# NVTB SYSTEM SUSPEND TEST COMPLETE
