
U-Boot SPL 2014.01-00219-gc4d376f (Feb 18 2014 - 19:57:18)


U-Boot 2014.01-00219-gc4d376f (Feb 18 2014 - 19:57:18)

TEGRA30
Board: NVIDIA Beaver
I2C:   ready
DRAM:  2 GiB
MMC:   Tegra SD/MMC: 0, Tegra SD/MMC: 1
In:    serial
Out:   serial
Err:   serial
Net:   Net Initialization Skipped
No ethernet found.
Hit any key to stop autoboot:  2  0 
Tegra30 (Beaver) # 
Tegra30 (Beaver) # usb reset
(Re)start USB...
USB0:   USB EHCI 1.00
scanning bus 0 for devices... 2 USB Device(s) found
       scanning usb for storage devices... 0 Storage Device(s) found
       scanning usb for ethernet devices... 
Warning: asx0 using MAC address from net device
1 Ethernet Device(s) found
Tegra30 (Beaver) # setenv bootargs 'ignore_loglevel console=ttyS0,115200n8 rw root=/dev/mmcblk0p1 rootwait gpt debug init=/bin/bash noinitrd'
Tegra30 (Beaver) # setenv ipaddr 192.168.100.101; setenv serverip 192.168.100.1; setenv tftpserverip 192.168.100.1
Tegra30 (Beaver) # tftpboot 0x81000000 zImage.multi_v7_defconfig
Using asx0 device
TFTP from server 192.168.100.1; our IP address is 192.168.100.101
Filename 'zImage.multi_v7_defconfig'.
Load address: 0x81000000
Loading: *#################################################################
	 #################################################################
	 #################################################################
	 #################################################################
	 #################################################################
	 ##########################T #
	 468.8 KiB/s
done
Bytes transferred = 5154752 (4ea7c0 hex)
Tegra30 (Beaver) # tftpboot 0x82000000 tegra30-beaver.dtb
Using asx0 device
TFTP from server 192.168.100.1; our IP address is 192.168.100.101
Filename 'tegra30-beaver.dtb'.
Load address: 0x82000000
Loading: *##
	 864.3 KiB/s
done
Bytes transferred = 24801 (60e1 hex)
Tegra30 (Beaver) # bootz 0x81000000 - 0x82000000
Kernel image @ 0x81000000 [ 0x000000 - 0x4ea7c0 ]
## Flattened Device Tree blob at 82000000
   Booting using the fdt blob at 0x82000000
   Loading Device Tree to 8fff6000, end 8ffff0e0 ... OK

Starting kernel ...

[    0.000000] Booting Linux on physical CPU 0x0
[    0.000000] Linux version 3.17.0-rc2-91571-g52addcf (pwalmsley@kaivo) (gcc version 4.7.3 20130328 (prerelease) (crosstool-NG linaro-1.13.1-4.7-2013.04-20130415 - Linaro GCC 2013.04) ) #1 SMP Tue Sep 16 15:08:59 PDT 2014
[    0.000000] CPU: ARMv7 Processor [412fc099] revision 9 (ARMv7), cr=10c5387d
[    0.000000] CPU: PIPT / VIPT nonaliasing data cache, VIPT aliasing instruction cache
[    0.000000] Machine model: NVIDIA Tegra30 Beaver evaluation board
[    0.000000] debug: ignoring loglevel setting.
[    0.000000] cma: Reserved 64 MiB at ab800000
[    0.000000] Memory policy: Data cache writealloc
[    0.000000] On node 0 totalpages: 524032
[    0.000000] free_area_init_node: node 0, pgdat c0cc0f40, node_mem_map ea7d8000
[    0.000000]   DMA zone: 1520 pages used for memmap
[    0.000000]   DMA zone: 0 pages reserved
[    0.000000]   DMA zone: 194560 pages, LIFO batch:31
[    0.000000]   HighMem zone: 2574 pages used for memmap
[    0.000000]   HighMem zone: 329472 pages, LIFO batch:31
[    0.000000] PERCPU: Embedded 8 pages/cpu @ea79c000 s8512 r8192 d16064 u32768
[    0.000000] pcpu-alloc: s8512 r8192 d16064 u32768 alloc=8*4096
[    0.000000] pcpu-alloc: [0] 0 [0] 1 [0] 2 [0] 3 
[    0.000000] Built 1 zonelists in Zone order, mobility grouping on.  Total pages: 522512
[    0.000000] Kernel command line: ignore_loglevel console=ttyS0,115200n8 rw root=/dev/mmcblk0p1 rootwait gpt debug init=/bin/bash noinitrd
[    0.000000] PID hash table entries: 4096 (order: 2, 16384 bytes)
[    0.000000] Dentry cache hash table entries: 131072 (order: 7, 524288 bytes)
[    0.000000] Inode-cache hash table entries: 65536 (order: 6, 262144 bytes)
[    0.000000] Memory: 2001692K/2096128K available (6676K kernel code, 923K rwdata, 2684K rodata, 696K init, 305K bss, 94436K reserved, 1317888K highmem)
[    0.000000] Virtual kernel memory layout:
[    0.000000]     vector  : 0xffff0000 - 0xffff1000   (   4 kB)
[    0.000000]     fixmap  : 0xffc00000 - 0xffe00000   (2048 kB)
[    0.000000]     vmalloc : 0xf0000000 - 0xff000000   ( 240 MB)
[    0.000000]     lowmem  : 0xc0000000 - 0xef800000   ( 760 MB)
[    0.000000]     pkmap   : 0xbfe00000 - 0xc0000000   (   2 MB)
[    0.000000]     modules : 0xbf000000 - 0xbfe00000   (  14 MB)
[    0.000000]       .text : 0xc0208000 - 0xc0b2c3ac   (9361 kB)
[    0.000000]       .init : 0xc0b2d000 - 0xc0bdb140   ( 697 kB)
[    0.000000]       .data : 0xc0bdc000 - 0xc0cc2d40   ( 924 kB)
[    0.000000]        .bss : 0xc0cc2d40 - 0xc0d0f258   ( 306 kB)
[    0.000000] SLUB: HWalign=64, Order=0-3, MinObjects=0, CPUs=4, Nodes=1
[    0.000000] Hierarchical RCU implementation.
[    0.000000] 	RCU restricting CPUs from NR_CPUS=8 to nr_cpu_ids=4.
[    0.000000] RCU: Adjusting geometry for rcu_fanout_leaf=16, nr_cpu_ids=4
[    0.000000] NR_IRQS:16 nr_irqs:16 16
[    0.000000] L2C: platform modifies aux control register: 0x02080000 -> 0x3e480001
[    0.000000] L2C: DT/platform modifies aux control register: 0x02080000 -> 0x3e480001
[    0.000000] L2C-310 erratum 769419 enabled
[    0.000000] L2C-310 enabling early BRESP for Cortex-A9
[    0.000000] L2C-310: enabling full line of zeros but not enabled in Cortex-A9
[    0.000000] L2C-310 ID prefetch enabled, offset 1 lines
[    0.000000] L2C-310 dynamic clock gating enabled, standby mode enabled
[    0.000000] L2C-310 cache controller enabled, 8 ways, 1024 kB
[    0.000000] L2C-310: CACHE_ID 0x410000c7, AUX_CTRL 0x7e480001
[    0.000013] sched_clock: 32 bits at 1000kHz, resolution 1000ns, wraps every 2147483648000ns
[    0.000032] Switching to timer-based delay loop, resolution 1000ns
[    0.001081] Console: colour dummy device 80x30
[    0.001101] Calibrating delay loop (skipped), value calculated using timer frequency.. 2.00 BogoMIPS (lpj=5000)
[    0.001109] pid_max: default: 32768 minimum: 301
[    0.001202] Mount-cache hash table entries: 2048 (order: 1, 8192 bytes)
[    0.001209] Mountpoint-cache hash table entries: 2048 (order: 1, 8192 bytes)
[    0.001575] CPU: Testing write buffer coherency: ok
[    0.001771] CPU0: thread -1, cpu 0, socket 0, mpidr 80000000
[    0.001837] Setting up static identity map for 0x8084e890 - 0x8084e928
[    0.002779] Tegra Revision: A03 SKU: 128 CPU Process: 4 Core Process: 0
[    0.003945] CPU1: Booted secondary processor
[    0.003961] CPU1: thread -1, cpu 1, socket 0, mpidr 80000001
[    0.004785] CPU2: Booted secondary processor
[    0.004798] CPU2: thread -1, cpu 2, socket 0, mpidr 80000002
[    0.005671] CPU3: Booted secondary processor
[    0.005684] CPU3: thread -1, cpu 3, socket 0, mpidr 80000003
[    0.005725] Brought up 4 CPUs
[    0.005739] SMP: Total of 4 processors activated.
[    0.005744] CPU: All CPU(s) started in SVC mode.
[    0.006161] devtmpfs: initialized
[    0.008535] VFP support v0.3: implementor 41 architecture 3 part 30 variant 9 rev 4
[    0.012031] pinctrl core: initialized pinctrl subsystem
[    0.012345] regulator-dummy: no parameters
[    0.015622] NET: Registered protocol family 16
[    0.018463] DMA: preallocated 256 KiB pool for atomic coherent allocations
[    0.019355] cpuidle: using governor ladder
[    0.019363] cpuidle: using governor menu
[    0.026334] No ATAGs?
[    0.026364] hw-breakpoint: found 5 (+1 reserved) breakpoint and 1 watchpoint registers.
[    0.026370] hw-breakpoint: maximum watchpoint size is 4 bytes.
[    0.026477] EXYNOS: PMU not supported
[    0.027782] Serial: AMBA PL011 UART driver
[    0.046885] edma-dma-engine edma-dma-engine.0: Can't allocate PaRAM dummy slot
[    0.046904] edma-dma-engine: probe of edma-dma-engine.0 failed with error -22
[    0.047271] vdd_5v_in: 5000 mV 
[    0.047354] platform regulators:regulator@1: Driver reg-fixed-voltage requests probe deferral
[    0.047388] platform regulators:regulator@2: Driver reg-fixed-voltage requests probe deferral
[    0.047478] vdd_5v_sata: Failed to request enable GPIO30: -517
[    0.047526] reg-fixed-voltage regulators:regulator@3: Failed to register regulator: -517
[    0.047537] platform regulators:regulator@3: Driver reg-fixed-voltage requests probe deferral
[    0.047621] usb1_vbus: Failed to request enable GPIO238: -517
[    0.047663] reg-fixed-voltage regulators:regulator@4: Failed to register regulator: -517
[    0.047673] platform regulators:regulator@4: Driver reg-fixed-voltage requests probe deferral
[    0.047756] usb3_vbus: Failed to request enable GPIO236: -517
[    0.047798] reg-fixed-voltage regulators:regulator@5: Failed to register regulator: -517
[    0.047808] platform regulators:regulator@5: Driver reg-fixed-voltage requests probe deferral
[    0.047844] platform regulators:regulator@6: Driver reg-fixed-voltage requests probe deferral
[    0.047927] sys_3v3_pexs: Failed to request enable GPIO95: -517
[    0.047968] reg-fixed-voltage regulators:regulator@7: Failed to register regulator: -517
[    0.047979] platform regulators:regulator@7: Driver reg-fixed-voltage requests probe deferral
[    0.048060] +VDD_5V_HDMI: 5000 mV 
[    0.048086] reg-fixed-voltage regulators:regulator@8: Failed to find supply vin
[    0.048132] reg-fixed-voltage regulators:regulator@8: Failed to register regulator: -517
[    0.048142] platform regulators:regulator@8: Driver reg-fixed-voltage requests probe deferral
[    0.049536] vgaarb: loaded
[    0.049931] SCSI subsystem initialized
[    0.050073] libata version 3.00 loaded.
[    0.050247] usbcore: registered new interface driver usbfs
[    0.050293] usbcore: registered new interface driver hub
[    0.050358] usbcore: registered new device driver usb
[    0.059960] vdd_1v8_gen: 1800 mV 
[    0.060006] vdd_1v8_gen: supplied by vdd_5v_in
[    0.064957] vddio_ddr_1v2: 1200 mV 
[    0.064989] vddio_ddr_1v2: supplied by vdd_5v_in
[    0.069957] vdd_1v5_gen: 1500 mV 
[    0.069998] vdd_1v5_gen: supplied by vdd_5v_in
[    0.074956] vdd_cpu,vdd_sys: 1000 mV 
[    0.077274] vdd_pexa,vdd_pexb: 1050 mV 
[    0.077302] vdd_pexa,vdd_pexb: supplied by vdd_1v5_gen
[    0.079977] vdd_sata,avdd_plle: 1050 mV 
[    0.080006] vdd_sata,avdd_plle: supplied by vdd_1v5_gen
[    0.084957] vdd_rtc: 1200 mV 
[    0.084987] vdd_rtc: supplied by vdd_5v_in
[    0.089957] vddio_sdmmc,avdd_vdac: 3300 mV 
[    0.089987] vddio_sdmmc,avdd_vdac: supplied by vdd_5v_in
[    0.092655] avdd_dsi_csi,pwrdet_mipi: 1200 mV 
[    0.092684] avdd_dsi_csi,pwrdet_mipi: supplied by vdd_1v8_gen
[    0.099955] vdd_pllm,x,u,a_p_c_s: 1200 mV 
[    0.099984] vdd_pllm,x,u,a_p_c_s: supplied by vdd_1v8_gen
[    0.104956] vdd_ddr_hs: 1000 mV 
[    0.104985] vdd_ddr_hs: supplied by vdd_1v8_gen
[    0.106747] tps62361-vout: 500 <--> 1500 mV at 1160 mV 
[    0.106892] Linux video capture interface: v2.00
[    0.106937] pps_core: LinuxPPS API ver. 1 registered
[    0.106942] pps_core: Software ver. 5.3.6 - Copyright 2005-2007 Rodolfo Giometti <giometti@linux.it>
[    0.106959] PTP clock support registered
[    0.107129] EDAC MC: Ver: 3.0.0
[    0.107552] platform 7000f010.iommu: Driver tegra-smmu requests probe deferral
[    0.107682] Advanced Linux Sound Architecture Driver Initialized.
[    0.108384] Switched to clocksource timer_us
[    0.114281] NET: Registered protocol family 2
[    0.114715] TCP established hash table entries: 8192 (order: 3, 32768 bytes)
[    0.114763] TCP bind hash table entries: 8192 (order: 4, 65536 bytes)
[    0.114845] TCP: Hash tables configured (established 8192 bind 8192)
[    0.114921] TCP: reno registered
[    0.114933] UDP hash table entries: 512 (order: 2, 16384 bytes)
[    0.114985] UDP-Lite hash table entries: 512 (order: 2, 16384 bytes)
[    0.115187] NET: Registered protocol family 1
[    0.115464] RPC: Registered named UNIX socket transport module.
[    0.115470] RPC: Registered udp transport module.
[    0.115474] RPC: Registered tcp transport module.
[    0.115477] RPC: Registered tcp NFSv4.1 backchannel transport module.
[    0.115496] PCI: CLS 0 bytes, default 64
[    0.116192] hw perfevents: enabled with armv7_cortex_a9 PMU driver, 7 counters available
[    0.117094] futex hash table entries: 1024 (order: 4, 65536 bytes)
[    0.123456] squashfs: version 4.0 (2009/01/31) Phillip Lougher
[    0.123909] NFS: Registering the id_resolver key type
[    0.123945] Key type id_resolver registered
[    0.123950] Key type id_legacy registered
[    0.123995] msgmni has been set to 1463
[    0.124372] bounce: pool size: 64 pages
[    0.124498] Block layer SCSI generic (bsg) driver version 0.4 loaded (major 249)
[    0.124512] io scheduler noop registered
[    0.124520] io scheduler deadline registered
[    0.124617] io scheduler cfq registered (default)
[    0.128927] tegra-pcie 3000.pcie-controller: 2x3 configuration
[    0.129023] tegra-pcie 3000.pcie-controller: Failed to get supply 'hvdd-pex': -517
[    0.129077] platform 3000.pcie-controller: Driver tegra-pcie requests probe deferral
[    0.131598] tegra-apbdma 6000a000.dma: Tegra20 APB DMA driver register 32 channels
[    0.165057] Serial: 8250/16550 driver, 4 ports, IRQ sharing disabled
[    0.166252] Serial: IMX driver
[    0.166457] msm_serial: driver initialized
[    0.167021] console [ttyS0] disabled
[    0.167056] 70006000.serial: ttyS0 at MMIO 0x70006000 (irq = 68, base_baud = 25500000) is a Tegra
[    1.158532] console [ttyS0] enabled
[    1.162472] STMicroelectronics ASC driver initialized
[    1.167987] serial: Freescale lpuart driver
[    1.172329] [drm] Initialized drm 1.1.0 20060810
[    1.177728] tegra-hdmi 54280000.hdmi: failed to get HDMI regulator
[    1.183918] platform 54280000.hdmi: Driver tegra-hdmi requests probe deferral
[    1.194684] loop: module loaded
[    1.201205] CAN device driver interface
[    1.205510] igb: Intel(R) Gigabit Ethernet Network Driver - version 5.2.13-k
[    1.212550] igb: Copyright (c) 2007-2014 Intel Corporation.
[    1.218878] pegasus: v0.9.3 (2013/04/25), Pegasus/Pegasus II USB Ethernet driver
[    1.226307] usbcore: registered new interface driver pegasus
[    1.232005] usbcore: registered new interface driver asix
[    1.237424] usbcore: registered new interface driver ax88179_178a
[    1.243532] usbcore: registered new interface driver cdc_ether
[    1.249391] usbcore: registered new interface driver smsc75xx
[    1.255162] usbcore: registered new interface driver smsc95xx
[    1.260932] usbcore: registered new interface driver net1080
[    1.266609] usbcore: registered new interface driver cdc_subset
[    1.272545] usbcore: registered new interface driver zaurus
[    1.278163] usbcore: registered new interface driver cdc_ncm
[    1.283838] ehci_hcd: USB 2.0 'Enhanced' Host Controller (EHCI) Driver
[    1.290357] ehci-pci: EHCI PCI platform driver
[    1.294821] ehci-platform: EHCI generic platform driver
[    1.300146] ehci-omap: OMAP-EHCI Host Controller driver
[    1.305432] ehci-orion: EHCI orion driver
[    1.309503] SPEAr-ehci: EHCI SPEAr driver
[    1.313575] tegra-ehci: Tegra EHCI driver
[    1.317722] platform 7d004000.usb: Driver tegra-ehci requests probe deferral
[    1.324810] platform 7d008000.usb: Driver tegra-ehci requests probe deferral
[    1.331885] ohci_hcd: USB 1.1 'Open' Host Controller (OHCI) Driver
[    1.338071] ohci-pci: OHCI PCI platform driver
[    1.342550] ohci-platform: OHCI generic platform driver
[    1.347848] ohci-omap3: OHCI OMAP3 driver
[    1.351921] SPEAr-ohci: OHCI SPEAr driver
[    1.356391] usbcore: registered new interface driver usb-storage
[    1.362730] platform 7d004000.usb-phy: Driver tegra-phy requests probe deferral
[    1.370083] platform 7d008000.usb-phy: Driver tegra-phy requests probe deferral
[    1.378173] mousedev: PS/2 mouse device common for all mice
[    1.385187] tegra_rtc 7000e000.rtc: rtc core: registered 7000e000.rtc as rtc1
[    1.392344] tegra_rtc 7000e000.rtc: Tegra internal Real Time Clock
[    1.411186] tps65910-rtc tps65910-rtc: rtc core: registered tps65910-rtc as rtc0
[    1.418685] i2c /dev entries driver
[    1.423269] usbcore: registered new interface driver uvcvideo
[    1.429014] USB Video Class driver (1.1.1)
[    1.433102] gspca_main: v2.14.0 registered
[    1.438963] sdhci: Secure Digital Host Controller Interface driver
[    1.445134] sdhci: Copyright(c) Pierre Ossman
[    1.449979] Synopsys Designware Multimedia Card Interface Driver
[    1.456336] sdhci-pltfm: SDHCI platform and OF driver helper
[    1.462523] sdhci-tegra 78000000.sdhci: Got CD GPIO #69.
[    1.467842] sdhci-tegra 78000000.sdhci: Got WP GPIO #155.
[    1.474363] sdhci-tegra 78000000.sdhci: No vmmc regulator found
[    1.480279] sdhci-tegra 78000000.sdhci: No vqmmc regulator found
[    1.486277] mmc0: Invalid maximum block size, assuming 512 bytes
[    1.528415] mmc0: SDHCI controller on 78000000.sdhci [78000000.sdhci] using ADMA
[    1.536967] sdhci-tegra 78000600.sdhci: No vmmc regulator found
[    1.542886] sdhci-tegra 78000600.sdhci: No vqmmc regulator found
[    1.548883] mmc1: Invalid maximum block size, assuming 512 bytes
[    1.588393] mmc1: SDHCI controller on 78000600.sdhci [78000600.sdhci] using ADMA
[    1.600317] usbcore: registered new interface driver usbhid
[    1.605890] usbhid: USB HID core driver
[    1.689490] mmc1: new high speed MMC card at address 0001
[    1.695110] mmcblk0: mmc1:0001 SEM16G 14.8 GiB 
[    1.699709] mmcblk0boot0: mmc1:0001 SEM16G partition 1 1.00 MiB
[    1.705688] mmcblk0boot1: mmc1:0001 SEM16G partition 2 1.00 MiB
[    1.711664] mmcblk0rpmb: mmc1:0001 SEM16G partition 3 128 KiB
[    1.720120] Primary GPT is invalid, using alternate GPT.
[    1.725447]  mmcblk0: p1 p2 p3 p4 p5
[    1.732275]  mmcblk0boot1: unknown partition table
[    1.739316]  mmcblk0boot0: unknown partition table
[    2.024452] tegra30-i2s 70080400.i2s: DMA channels sourced from device 70080000.ahub
[    2.040006] tegra-snd-rt5640 sound: rt5640-aif1 <-> 70080400.i2s mapping ok
[    2.049105] input: NVIDIA Tegra Beaver Headphones as /devices/soc0/sound/sound/card0/input0
[    2.058353] TCP: cubic registered
[    2.061680] NET: Registered protocol family 17
[    2.066134] can: controller area network core (rev 20120528 abi 9)
[    2.072358] NET: Registered protocol family 29
[    2.076802] can: raw protocol (rev 20120528)
[    2.081070] can: broadcast manager protocol (rev 20120528 t)
[    2.086725] can: netlink gateway (rev 20130117) max_hops=1
[    2.092448] Key type dns_resolver registered
[    2.097085] ThumbEE CPU extension supported.
[    2.101369] Registering SWP/SWPB emulation handler
[    2.109516] chargepump_5v: 5000 mV 
[    2.117273] vdd_ddr: 1500 mV 
[    2.120281] vdd_ddr: supplied by vdd_5v_in
[    2.124582] vdd_5v_sata: 5000 mV 
[    2.127905] vdd_5v_sata: supplied by vdd_5v_in
[    2.132514] usb1_vbus: 5000 mV 
[    2.135672] usb1_vbus: supplied by vdd_5v_in
[    2.140137] usb3_vbus: 5000 mV 
[    2.143294] usb3_vbus: supplied by vdd_5v_in
[    2.151445] sys_3v3,vdd_3v3_alw: 3300 mV 
[    2.155476] sys_3v3,vdd_3v3_alw: supplied by vdd_5v_in
[    2.160785] sys_3v3_pexs: 3300 mV 
[    2.164203] sys_3v3_pexs: supplied by sys_3v3,vdd_3v3_alw
[    2.169787] +VDD_5V_HDMI: 5000 mV 
[    2.173191] +VDD_5V_HDMI: supplied by sys_3v3,vdd_3v3_alw
[    2.179033] tegra-pcie 3000.pcie-controller: 2x3 configuration
[    2.188816] tegra-pcie 3000.pcie-controller: probing port 0, using 2 lanes
[    2.253961] tegra-pcie 3000.pcie-controller: probing port 2, using 2 lanes
[    2.664605] tegra-pcie 3000.pcie-controller: link 2 down, retrying
[    3.074590] tegra-pcie 3000.pcie-controller: link 2 down, retrying
[    3.484552] tegra-pcie 3000.pcie-controller: link 2 down, retrying
[    3.492742] tegra-pcie 3000.pcie-controller: link 2 down, ignoring
[    3.499040] tegra-pcie 3000.pcie-controller: PCI host bridge to bus 0000:00
[    3.506005] pci_bus 0000:00: root bus resource [mem 0x20000000-0x27ffffff]
[    3.512873] pci_bus 0000:00: root bus resource [mem 0x28000000-0x3fffffff pref]
[    3.520173] pci_bus 0000:00: root bus resource [bus 00-ff]
[    3.525649] pci_bus 0000:00: root bus resource [io  0x1000-0xffff]
[    3.531842] pci 0000:00:01.0: [10de:0e1c] type 01 class 0x060400
[    3.537892] pci 0000:00:01.0: PME# supported from D0 D1 D2 D3hot D3cold
[    3.544630] PCI: bus0: Fast back to back transfers disabled
[    3.550201] pci 0000:00:01.0: bridge configuration invalid ([bus 00-00]), reconfiguring
[    3.558308] pci 0000:01:00.0: [10ec:8168] type 00 class 0x020000
[    3.564323] pci 0000:01:00.0: reg 0x10: [io  0x0000-0x00ff]
[    3.569904] pci 0000:01:00.0: reg 0x18: [mem 0x00000000-0x00000fff 64bit pref]
[    3.577123] pci 0000:01:00.0: reg 0x20: [mem 0x00000000-0x00003fff 64bit pref]
[    3.584389] pci 0000:01:00.0: supports D1 D2
[    3.588654] pci 0000:01:00.0: PME# supported from D0 D1 D2 D3hot D3cold
[    3.595372] PCI: bus1: Fast back to back transfers disabled
[    3.600943] pci_bus 0000:01: busn_res: [bus 01-ff] end is updated to 01
[    3.607599] pci 0000:00:01.0: BAR 9: assigned [mem 0x28000000-0x280fffff 64bit pref]
[    3.615336] pci 0000:00:01.0: BAR 7: assigned [io  0x1000-0x1fff]
[    3.621425] pci 0000:01:00.0: BAR 4: assigned [mem 0x28000000-0x28003fff 64bit pref]
[    3.629168] pci 0000:01:00.0: BAR 2: assigned [mem 0x28004000-0x28004fff 64bit pref]
[    3.636908] pci 0000:01:00.0: BAR 0: assigned [io  0x1000-0x10ff]
[    3.642995] pci 0000:00:01.0: PCI bridge to [bus 01]
[    3.647953] pci 0000:00:01.0:   bridge window [io  0x1000-0x1fff]
[    3.654039] pci 0000:00:01.0:   bridge window [mem 0x28000000-0x280fffff 64bit pref]
[    3.661782] pci 0000:00:01.0: nv_msi_ht_cap_quirk didn't locate host bridge
[    3.668898] r8169 Gigabit Ethernet driver 2.3LK-NAPI loaded
[    3.674491] r8169 0000:01:00.0: enabling device (0140 -> 0143)
[    3.680856] r8169 0000:01:00.0 eth0: RTL8168evl/8111evl at 0xf0032000, 02:04:4b:01:60:a6, XID 0c900800 IRQ 472
[    3.690852] r8169 0000:01:00.0 eth0: jumbo features [frames: 9200 bytes, tx checksumming: ko]
[    3.700623] [drm] Supports vblank timestamp caching Rev 2 (21.10.2013).
[    3.707256] [drm] No driver support for vblank timestamp query.
[    3.713185] host1x drm: No connectors reported connected with modes
[    3.719459] [drm] Cannot find any crtc or sizes - going 1024x768
[    3.742790] Console: switching to colour frame buffer device 128x48
[    3.755087] host1x drm: fb0:  frame buffer device
[    3.759784] host1x drm: registered panic notifier
[    3.778400] [drm] Initialized tegra 0.0.0 20120330 on minor 0
[    3.784721] platform 7d004000.usb: Driver tegra-ehci requests probe deferral
[    3.792241] platform 7d008000.usb: Driver tegra-ehci requests probe deferral
[    3.802717] utmi_phy_clk_enable: timeout waiting for phy to stabilize
[    3.809175] tegra-ehci 7d004000.usb: EHCI Host Controller
[    3.814580] tegra-ehci 7d004000.usb: new USB bus registered, assigned bus number 1
[    3.822422] tegra-ehci 7d004000.usb: irq 53, io mem 0x7d004000
[    3.833398] tegra-ehci 7d004000.usb: USB 2.0 started, EHCI 1.00
[    3.839749] hub 1-0:1.0: USB hub found
[    3.843528] hub 1-0:1.0: 1 port detected
[    3.847975] tegra-ehci 7d008000.usb: EHCI Host Controller
[    3.853396] tegra-ehci 7d008000.usb: new USB bus registered, assigned bus number 2
[    3.861214] tegra-ehci 7d008000.usb: irq 129, io mem 0x7d008000
[    3.873397] tegra-ehci 7d008000.usb: USB 2.0 started, EHCI 1.00
[    3.879700] hub 2-0:1.0: USB hub found
[    3.883476] hub 2-0:1.0: 1 port detected
[    3.891393] tps65910-rtc tps65910-rtc: setting system clock to 2000-01-01 00:00:02 UTC (946684802)
[    3.904261] usb1_vbus: disabling
[    3.907502] vdd_sata,avdd_plle: disabling
[    3.912080] ALSA device list:
[    3.915053]   #0: NVIDIA Tegra Beaver
[    3.921111] EXT4-fs (mmcblk0p1): mounting ext3 file system using the ext4 subsystem
[    3.936805] EXT4-fs (mmcblk0p1): warning: mounting fs with errors, running e2fsck is recommended
[    3.947052] EXT4-fs (mmcblk0p1): recovery complete
[    3.951856] EXT4-fs (mmcblk0p1): mounted filesystem with ordered data mode. Opts: (null)
[    3.959972] VFS: Mounted root (ext3 filesystem) on device 179:1.
[    3.975434] devtmpfs: mounted
[    3.978959] Freeing unused kernel memory: 696K (c0b2d000 - c0bdb000)
bash: cannot set terminal process group (-1): Inappropriate ioctl for device
bash: no job control in this shell
root@(none):/# [    4.193444] usb 2-1: new high-speed USB device number 2 using tegra-ehci
[    4.654694] asix 2-1:1.0 eth1: register 'asix' at usb-7d008000.usb-1, ASIX AX88772 USB 2.0 Ethernet, 00:50:b6:0f:68:6d
