Diff for ./tegra114-dalmore-a04/tegra114-dalmore/multi_v7_defconfig_log.txt
--- /tmp/fooa	2014-11-09 15:08:37.743135688 -0800
+++ /tmp/foob	2014-11-09 15:08:37.747135693 -0800
@@ -36,21 +36,21 @@
 	 #################################################################
 	 #################################################################
 	 #################################################################
-	 ###################################
-	 2.9 MiB/s
+	 #####################################
+	 2.8 MiB/s
 done
-Bytes transferred = 5281680 (509790 hex)
+Bytes transferred = 5301952 (50e6c0 hex)
 Tegra114 (Dalmore) # tftpboot 0x82000000 tegra114-dalmore.dtb
 Using asx0 device
 TFTP from server 192.168.100.1; our IP address is 192.168.100.100
 Filename 'tegra114-dalmore.dtb'.
 Load address: 0x82000000
 Loading: *###
-	 2.8 MiB/s
+	 2.6 MiB/s
 done
 Bytes transferred = 34770 (87d2 hex)
 Tegra114 (Dalmore) # bootz 0x81000000 - 0x82000000
-Kernel image @ 0x81000000 [ 0x000000 - 0x509790 ]
+Kernel image @ 0x81000000 [ 0x000000 - 0x50e6c0 ]
 ## Flattened Device Tree blob at 82000000
    Booting using the fdt blob at 0x82000000
    Loading Device Tree to 8fff4000, end 8ffff7d1 ... OK
@@ -58,15 +58,15 @@
 Starting kernel ...
 
 Booting Linux on physical CPU 0x0
-Linux version 3.18.0-rc3-104475-g0df1f24 (pwalmsley@tamien) (gcc version 4.7.3 20130328 (prerelease) (crosstool-NG linaro-1.13.1-4.7-2013.04-20130415 - Linaro GCC 2013.04) ) #1 SMP Sun Nov 2 15:34:21 PST 2014
+Linux version 3.18.0-rc4-104679-g206c5f6 (pwalmsley@tamien) (gcc version 4.7.3 20130328 (prerelease) (crosstool-NG linaro-1.13.1-4.7-2013.04-20130415 - Linaro GCC 2013.04) ) #1 SMP Sun Nov 9 15:03:59 PST 2014
 CPU: ARMv7 Processor [412fc0f2] revision 2 (ARMv7), cr=10c5387d
 CPU: PIPT / VIPT nonaliasing data cache, PIPT instruction cache
 Machine model: NVIDIA Tegra114 Dalmore evaluation board
 debug: ignoring loglevel setting.
-cma: Reserved 64 MiB at fb800000
+cma: Reserved 64 MiB at 0xfb800000
 Memory policy: Data cache writealloc
 On node 0 totalpages: 524032
-free_area_init_node: node 0, pgdat c0d0b580, node_mem_map ee7f8000
+free_area_init_node: node 0, pgdat c0d1cc80, node_mem_map ee7f8000
   DMA zone: 1520 pages used for memmap
   DMA zone: 0 pages reserved
   DMA zone: 194560 pages, LIFO batch:31
@@ -80,7 +80,7 @@
 PID hash table entries: 4096 (order: 2, 16384 bytes)
 Dentry cache hash table entries: 131072 (order: 7, 524288 bytes)
 Inode-cache hash table entries: 65536 (order: 6, 262144 bytes)
-Memory: 2001444K/2096128K available (6846K kernel code, 933K rwdata, 2780K rodata, 724K init, 308K bss, 94684K reserved, 1252352K highmem)
+Memory: 2001376K/2096128K available (6854K kernel code, 962K rwdata, 2808K rodata, 728K init, 308K bss, 94752K reserved, 1252352K highmem)
 Virtual kernel memory layout:
     vector  : 0xffff0000 - 0xffff1000   (   4 kB)
     fixmap  : 0xffc00000 - 0xffe00000   (2048 kB)
@@ -88,10 +88,10 @@
     lowmem  : 0xc0000000 - 0xef800000   ( 760 MB)
     pkmap   : 0xbfe00000 - 0xc0000000   (   2 MB)
     modules : 0xbf000000 - 0xbfe00000   (  14 MB)
-      .text : 0xc0208000 - 0xc0b6ebe8   (9627 kB)
-      .init : 0xc0b6f000 - 0xc0c24000   ( 724 kB)
-      .data : 0xc0c24000 - 0xc0d0d400   ( 933 kB)
-       .bss : 0xc0d0d400 - 0xc0d5a668   ( 309 kB)
+      .text : 0xc0208000 - 0xc0b77d44   (9664 kB)
+      .init : 0xc0b78000 - 0xc0c2e000   ( 728 kB)
+      .data : 0xc0c2e000 - 0xc0d1eb00   ( 963 kB)
+       .bss : 0xc0d1eb00 - 0xc0d6bda8   ( 309 kB)
 SLUB: HWalign=64, Order=0-3, MinObjects=0, CPUs=4, Nodes=1
 Hierarchical RCU implementation.
 	RCU restricting CPUs from NR_CPUS=8 to nr_cpu_ids=4.
@@ -114,7 +114,7 @@
 /cpus/cpu@2 missing clock-frequency property
 /cpus/cpu@3 missing clock-frequency property
 CPU0: thread -1, cpu 0, socket 0, mpidr 80000000
-Setting up static identity map for 0x80877a10 - 0x80877aa8
+Setting up static identity map for 0x808792f8 - 0x80879390
 Tegra Revision: A01 SKU: 0 CPU Process: 1 Core Process: 0
 CPU1: Booted secondary processor
 CPU1: thread -1, cpu 1, socket 0, mpidr 80000001
@@ -138,8 +138,6 @@
 hw-breakpoint: maximum watchpoint size is 8 bytes.
 EXYNOS: PMU not supported
 Serial: AMBA PL011 UART driver
-edma-dma-engine edma-dma-engine.0: Can't allocate PaRAM dummy slot
-edma-dma-engine: probe of edma-dma-engine.0 failed with error -22
 vdd_ac_bat: 5000 mV 
 dvdd_ts: Failed to request enable GPIO61: -517
 reg-fixed-voltage regulators:regulator@1: Failed to register regulator: -517
@@ -260,7 +258,7 @@
 NFS: Registering the id_resolver key type
 Key type id_resolver registered
 Key type id_legacy registered
-msgmni has been set to 1463
+msgmni has been set to 1462
 bounce: pool size: 64 pages
 Block layer SCSI generic (bsg) driver version 0.4 loaded (major 249)
 io scheduler noop registered
@@ -381,7 +379,7 @@
 hub 1-0:1.0: USB hub found
 hub 1-0:1.0: 1 port detected
 input: gpio-keys as /devices/soc0/gpio-keys/input/input1
-palmas-rtc 7000d000.i2c:tps65913@58:rtc: setting system clock to 2000-04-09 18:50:35 UTC (955306235)
+palmas-rtc 7000d000.i2c:tps65913@58:rtc: setting system clock to 2000-04-16 18:20:35 UTC (955909235)
 vdd_cam_1v8_reg: disabling
 vdd_hdmi_5v0: disabling
 usb1_vbus: disabling
@@ -393,7 +391,7 @@
 EXT4-fs (mmcblk0p1): mounted filesystem with ordered data mode. Opts: (null)
 VFS: Mounted root (ext3 filesystem) on device 179:1.
 devtmpfs: mounted
-Freeing unused kernel memory: 724K (c0b6f000 - c0c24000)
+Freeing unused kernel memory: 728K (c0b78000 - c0c2e000)
 bash: cannot set terminal process group (-1): Inappropriate ioctl for device
 bash: no job control in this shell
-root@(none):/# [    2.933595] usb 1-1: new high-speed USB device number 2 using tegra-ehci
+root@(none):/# [    2.918609] usb 1-1: new high-speed USB device number 2 using tegra-ehci
Diff for ./tegra114-dalmore-a04/tegra114-dalmore/tegra_defconfig_log.txt
--- /tmp/fooa	2014-11-09 15:08:37.755135830 -0800
+++ /tmp/foob	2014-11-09 15:08:37.755135830 -0800
@@ -36,9 +36,9 @@
 	 #################################################################
 	 #################################################################
 	 ##############################################################
-	 2.9 MiB/s
+	 2.8 MiB/s
 done
-Bytes transferred = 4713648 (47ecb0 hex)
+Bytes transferred = 4713592 (47ec78 hex)
 Tegra114 (Dalmore) # tftpboot 0x82000000 tegra114-dalmore.dtb
 Using asx0 device
 TFTP from server 192.168.100.1; our IP address is 192.168.100.100
@@ -49,7 +49,7 @@
 done
 Bytes transferred = 34770 (87d2 hex)
 Tegra114 (Dalmore) # bootz 0x81000000 - 0x82000000
-Kernel image @ 0x81000000 [ 0x000000 - 0x47ecb0 ]
+Kernel image @ 0x81000000 [ 0x000000 - 0x47ec78 ]
 ## Flattened Device Tree blob at 82000000
    Booting using the fdt blob at 0x82000000
    Loading Device Tree to 8fff4000, end 8ffff7d1 ... OK
@@ -60,12 +60,12 @@
 Booting Linux on physical CPU 0x0
 Initializing cgroup subsys cpu
 Initializing cgroup subsys cpuacct
-Linux version 3.18.0-rc3-104475-g0df1f24 (pwalmsley@kaivo) (gcc version 4.7.3 20130328 (prerelease) (crosstool-NG linaro-1.13.1-4.7-2013.04-20130415 - Linaro GCC 2013.04) ) #1 SMP PREEMPT Sun Nov 2 15:33:28 PST 2014
+Linux version 3.18.0-rc4-104679-g206c5f6 (pwalmsley@kaivo) (gcc version 4.7.3 20130328 (prerelease) (crosstool-NG linaro-1.13.1-4.7-2013.04-20130415 - Linaro GCC 2013.04) ) #1 SMP PREEMPT Sun Nov 9 15:03:07 PST 2014
 CPU: ARMv7 Processor [412fc0f2] revision 2 (ARMv7), cr=10c5387d
 CPU: PIPT / VIPT nonaliasing data cache, PIPT instruction cache
 Machine model: NVIDIA Tegra114 Dalmore evaluation board
 debug: ignoring loglevel setting.
-cma: Reserved 64 MiB at fbc00000
+cma: Reserved 64 MiB at 0xfbc00000
 Memory policy: Data cache writealloc
 On node 0 totalpages: 524032
 free_area_init_node: node 0, pgdat c0905d00, node_mem_map ee7f7000
@@ -90,7 +90,7 @@
     lowmem  : 0xc0000000 - 0xef800000   ( 760 MB)
     pkmap   : 0xbfe00000 - 0xc0000000   (   2 MB)
     modules : 0xbf000000 - 0xbfe00000   (  14 MB)
-      .text : 0xc0008000 - 0xc08692d8   (8581 kB)
+      .text : 0xc0008000 - 0xc08692c8   (8581 kB)
       .init : 0xc086a000 - 0xc08b2000   ( 288 kB)
       .data : 0xc08b2000 - 0xc09077a0   ( 342 kB)
        .bss : 0xc09077a0 - 0xc096211c   ( 363 kB)
@@ -115,7 +115,7 @@
 /cpus/cpu@2 missing clock-frequency property
 /cpus/cpu@3 missing clock-frequency property
 CPU0: thread -1, cpu 0, socket 0, mpidr 80000000
-Setting up static identity map for 0x8061b9e8 - 0x8061ba80
+Setting up static identity map for 0x8061bc28 - 0x8061bcc0
 Tegra Revision: A01 SKU: 0 CPU Process: 1 Core Process: 0
 CPU1: Booted secondary processor
 CPU1: thread -1, cpu 1, socket 0, mpidr 80000001
@@ -374,7 +374,7 @@
 hub 1-0:1.0: USB hub found
 hub 1-0:1.0: 1 port detected
 input: gpio-keys as /devices/soc0/gpio-keys/input/input1
-palmas-rtc 7000d000.i2c:tps65913@58:rtc: setting system clock to 2000-04-09 18:50:09 UTC (955306209)
+palmas-rtc 7000d000.i2c:tps65913@58:rtc: setting system clock to 2000-04-16 18:20:00 UTC (955909200)
 vdd_cam_1v8_reg: disabling
 vdd_hdmi_5v0: disabling
 usb1_vbus: disabling
Diff for ./tegra124-jetson-tk1/tegra124-jetson-tk1/multi_v7_defconfig_log.txt
--- /tmp/fooa	2014-11-09 15:08:37.763135902 -0800
+++ /tmp/foob	2014-11-09 15:08:37.763135902 -0800
@@ -29,6 +29,7 @@
 Tegra124 (Jetson TK1) # setenv bootargs 'ignore_loglevel console=ttyS0,115200n8 rw root=/dev/mmcblk0p1 rootwait gpt debug init=/bin/bash noinitrd'
 Tegra124 (Jetson TK1) # setenv ipaddr 192.168.100.102; setenv serverip 192.168.100.1; setenv tftpserverip 192.168.100.1
 Tegra124 (Jetson TK1) # tftpboot 0x81000000 zImage.multi_v7_defconfig
+Waiting for Ethernet connection... done.
 Using asx0 device
 TFTP from server 192.168.100.1; our IP address is 192.168.100.102
 Filename 'zImage.multi_v7_defconfig'.
@@ -38,11 +39,12 @@
 	 #################################################################
 	 #################################################################
 	 #################################################################
-	 ###################################
-	 2.8 MiB/s
+	 #####################################
+	 760.7 KiB/s
 done
-Bytes transferred = 5281680 (509790 hex)
+Bytes transferred = 5301952 (50e6c0 hex)
 Tegra124 (Jetson TK1) # tftpboot 0x82000000 tegra124-jetson-tk1.dtb
+Waiting for Ethernet connection... done.
 Using asx0 device
 TFTP from server 192.168.100.1; our IP address is 192.168.100.102
 Filename 'tegra124-jetson-tk1.dtb'.
@@ -52,7 +54,7 @@
 done
 Bytes transferred = 47577 (b9d9 hex)
 Tegra124 (Jetson TK1) # bootz 0x81000000 - 0x82000000
-Kernel image @ 0x81000000 [ 0x000000 - 0x509790 ]
+Kernel image @ 0x81000000 [ 0x000000 - 0x50e6c0 ]
 ## Flattened Device Tree blob at 82000000
    Booting using the fdt blob at 0x82000000
    Using Device Tree in place at 82000000, end 8200e9d8
@@ -60,15 +62,15 @@
 Starting kernel ...
 
 Booting Linux on physical CPU 0x0
-Linux version 3.18.0-rc3-104475-g0df1f24 (pwalmsley@tamien) (gcc version 4.7.3 20130328 (prerelease) (crosstool-NG linaro-1.13.1-4.7-2013.04-20130415 - Linaro GCC 2013.04) ) #1 SMP Sun Nov 2 15:34:21 PST 2014
+Linux version 3.18.0-rc4-104679-g206c5f6 (pwalmsley@tamien) (gcc version 4.7.3 20130328 (prerelease) (crosstool-NG linaro-1.13.1-4.7-2013.04-20130415 - Linaro GCC 2013.04) ) #1 SMP Sun Nov 9 15:03:59 PST 2014
 CPU: ARMv7 Processor [413fc0f3] revision 3 (ARMv7), cr=10c5387d
 CPU: PIPT / VIPT nonaliasing data cache, PIPT instruction cache
 Machine model: NVIDIA Tegra124 Jetson TK1
 debug: ignoring loglevel setting.
-cma: Reserved 64 MiB at fb800000
+cma: Reserved 64 MiB at 0xfb800000
 Memory policy: Data cache writealloc
 On node 0 totalpages: 524032
-free_area_init_node: node 0, pgdat c0d0b580, node_mem_map ee7f8000
+free_area_init_node: node 0, pgdat c0d1cc80, node_mem_map ee7f8000
   DMA zone: 1520 pages used for memmap
   DMA zone: 0 pages reserved
   DMA zone: 194560 pages, LIFO batch:31
@@ -82,7 +84,7 @@
 PID hash table entries: 4096 (order: 2, 16384 bytes)
 Dentry cache hash table entries: 131072 (order: 7, 524288 bytes)
 Inode-cache hash table entries: 65536 (order: 6, 262144 bytes)
-Memory: 2001384K/2096128K available (6846K kernel code, 933K rwdata, 2780K rodata, 724K init, 308K bss, 94744K reserved, 1252352K highmem)
+Memory: 2001316K/2096128K available (6854K kernel code, 962K rwdata, 2808K rodata, 728K init, 308K bss, 94812K reserved, 1252352K highmem)
 Virtual kernel memory layout:
     vector  : 0xffff0000 - 0xffff1000   (   4 kB)
     fixmap  : 0xffc00000 - 0xffe00000   (2048 kB)
@@ -90,10 +92,10 @@
     lowmem  : 0xc0000000 - 0xef800000   ( 760 MB)
     pkmap   : 0xbfe00000 - 0xc0000000   (   2 MB)
     modules : 0xbf000000 - 0xbfe00000   (  14 MB)
-      .text : 0xc0208000 - 0xc0b6ebe8   (9627 kB)
-      .init : 0xc0b6f000 - 0xc0c24000   ( 724 kB)
-      .data : 0xc0c24000 - 0xc0d0d400   ( 933 kB)
-       .bss : 0xc0d0d400 - 0xc0d5a668   ( 309 kB)
+      .text : 0xc0208000 - 0xc0b77d44   (9664 kB)
+      .init : 0xc0b78000 - 0xc0c2e000   ( 728 kB)
+      .data : 0xc0c2e000 - 0xc0d1eb00   ( 963 kB)
+       .bss : 0xc0d1eb00 - 0xc0d6bda8   ( 309 kB)
 SLUB: HWalign=64, Order=0-3, MinObjects=0, CPUs=4, Nodes=1
 Hierarchical RCU implementation.
 	RCU restricting CPUs from NR_CPUS=8 to nr_cpu_ids=4.
@@ -116,7 +118,7 @@
 /cpus/cpu@2 missing clock-frequency property
 /cpus/cpu@3 missing clock-frequency property
 CPU0: thread -1, cpu 0, socket 0, mpidr 80000000
-Setting up static identity map for 0x80877a10 - 0x80877aa8
+Setting up static identity map for 0x808792f8 - 0x80879390
 Tegra Revision: A01 SKU: 129 CPU Process: 1 Core Process: 1
 CPU1: Booted secondary processor
 CPU1: thread -1, cpu 1, socket 0, mpidr 80000001
@@ -140,8 +142,6 @@
 hw-breakpoint: maximum watchpoint size is 8 bytes.
 EXYNOS: PMU not supported
 Serial: AMBA PL011 UART driver
-edma-dma-engine edma-dma-engine.0: Can't allocate PaRAM dummy slot
-edma-dma-engine: probe of edma-dma-engine.0 failed with error -22
 +VDD_MUX: 12000 mV 
 +5V_SYS: 5000 mV 
 +5V_SYS: supplied by +VDD_MUX
@@ -465,7 +465,7 @@
 hub 2-0:1.0: USB hub found
 hub 2-0:1.0: 1 port detected
 input: gpio-keys as /devices/soc0/gpio-keys/input/input1
-as3722-rtc as3722-rtc: setting system clock to 2000-02-01 00:00:49 UTC (949363249)
+as3722-rtc as3722-rtc: setting system clock to 2000-02-01 00:00:55 UTC (949363255)
 +1.05V_RUN_AVDD_HDMI_PLL: disabling
 +1.8V_RUN_VPP_FUSE: disabling
 +2.8V_RUN_CAM_AF: disabling
@@ -484,7 +484,7 @@
 EXT4-fs (mmcblk0p1): mounted filesystem with ordered data mode. Opts: (null)
 VFS: Mounted root (ext4 filesystem) on device 179:1.
 devtmpfs: mounted
-Freeing unused kernel memory: 724K (c0b6f000 - c0c24000)
+Freeing unused kernel memory: 728K (c0b78000 - c0c2e000)
 bash: cannot set terminal process group (-1): Inappropriate ioctl for device
 bash: no job control in this shell
-root@(none):/# [    4.739570] usb 2-1: new high-speed USB device number 2 using tegra-ehci
+root@(none):/# [    4.719405] usb 2-1: new high-speed USB device number 2 using tegra-ehci
Diff for ./tegra124-jetson-tk1/tegra124-jetson-tk1/tegra_defconfig_log.txt
--- /tmp/fooa	2014-11-09 15:08:37.771135866 -0800
+++ /tmp/foob	2014-11-09 15:08:37.771135866 -0800
@@ -38,9 +38,9 @@
 	 #################################################################
 	 #################################################################
 	 ##############################################################
-	 3.2 MiB/s
+	 2.7 MiB/s
 done
-Bytes transferred = 4713648 (47ecb0 hex)
+Bytes transferred = 4713592 (47ec78 hex)
 Tegra124 (Jetson TK1) # tftpboot 0x82000000 tegra124-jetson-tk1.dtb
 Using asx0 device
 TFTP from server 192.168.100.1; our IP address is 192.168.100.102
@@ -51,7 +51,7 @@
 done
 Bytes transferred = 47577 (b9d9 hex)
 Tegra124 (Jetson TK1) # bootz 0x81000000 - 0x82000000
-Kernel image @ 0x81000000 [ 0x000000 - 0x47ecb0 ]
+Kernel image @ 0x81000000 [ 0x000000 - 0x47ec78 ]
 ## Flattened Device Tree blob at 82000000
    Booting using the fdt blob at 0x82000000
    Using Device Tree in place at 82000000, end 8200e9d8
@@ -62,12 +62,12 @@
 Booting Linux on physical CPU 0x0
 Initializing cgroup subsys cpu
 Initializing cgroup subsys cpuacct
-Linux version 3.18.0-rc3-104475-g0df1f24 (pwalmsley@kaivo) (gcc version 4.7.3 20130328 (prerelease) (crosstool-NG linaro-1.13.1-4.7-2013.04-20130415 - Linaro GCC 2013.04) ) #1 SMP PREEMPT Sun Nov 2 15:33:28 PST 2014
+Linux version 3.18.0-rc4-104679-g206c5f6 (pwalmsley@kaivo) (gcc version 4.7.3 20130328 (prerelease) (crosstool-NG linaro-1.13.1-4.7-2013.04-20130415 - Linaro GCC 2013.04) ) #1 SMP PREEMPT Sun Nov 9 15:03:07 PST 2014
 CPU: ARMv7 Processor [413fc0f3] revision 3 (ARMv7), cr=10c5387d
 CPU: PIPT / VIPT nonaliasing data cache, PIPT instruction cache
 Machine model: NVIDIA Tegra124 Jetson TK1
 debug: ignoring loglevel setting.
-cma: Reserved 64 MiB at fbc00000
+cma: Reserved 64 MiB at 0xfbc00000
 Memory policy: Data cache writealloc
 On node 0 totalpages: 524032
 free_area_init_node: node 0, pgdat c0905d00, node_mem_map ee7f7000
@@ -92,7 +92,7 @@
     lowmem  : 0xc0000000 - 0xef800000   ( 760 MB)
     pkmap   : 0xbfe00000 - 0xc0000000   (   2 MB)
     modules : 0xbf000000 - 0xbfe00000   (  14 MB)
-      .text : 0xc0008000 - 0xc08692d8   (8581 kB)
+      .text : 0xc0008000 - 0xc08692c8   (8581 kB)
       .init : 0xc086a000 - 0xc08b2000   ( 288 kB)
       .data : 0xc08b2000 - 0xc09077a0   ( 342 kB)
        .bss : 0xc09077a0 - 0xc096211c   ( 363 kB)
@@ -117,7 +117,7 @@
 /cpus/cpu@2 missing clock-frequency property
 /cpus/cpu@3 missing clock-frequency property
 CPU0: thread -1, cpu 0, socket 0, mpidr 80000000
-Setting up static identity map for 0x8061b9e8 - 0x8061ba80
+Setting up static identity map for 0x8061bc28 - 0x8061bcc0
 Tegra Revision: A01 SKU: 129 CPU Process: 1 Core Process: 1
 CPU1: Booted secondary processor
 CPU1: thread -1, cpu 1, socket 0, mpidr 80000001
Diff for ./tegra30-beaver/tegra30-beaver/multi_v7_defconfig_log.txt
--- /tmp/fooa	2014-11-09 15:08:37.779135795 -0800
+++ /tmp/foob	2014-11-09 15:08:37.779135795 -0800
@@ -36,10 +36,10 @@
 	 #################################################################
 	 #################################################################
 	 #################################################################
-	 ###################################
+	 #####################################
 	 2.9 MiB/s
 done
-Bytes transferred = 5281680 (509790 hex)
+Bytes transferred = 5301952 (50e6c0 hex)
 Tegra30 (Beaver) # tftpboot 0x82000000 tegra30-beaver.dtb
 Using asx0 device
 TFTP from server 192.168.100.1; our IP address is 192.168.100.101
@@ -50,7 +50,7 @@
 done
 Bytes transferred = 24893 (613d hex)
 Tegra30 (Beaver) # bootz 0x81000000 - 0x82000000
-Kernel image @ 0x81000000 [ 0x000000 - 0x509790 ]
+Kernel image @ 0x81000000 [ 0x000000 - 0x50e6c0 ]
 ## Flattened Device Tree blob at 82000000
    Booting using the fdt blob at 0x82000000
    Loading Device Tree to 8fff6000, end 8ffff13c ... OK
@@ -58,15 +58,15 @@
 Starting kernel ...
 
 Booting Linux on physical CPU 0x0
-Linux version 3.18.0-rc3-104475-g0df1f24 (pwalmsley@tamien) (gcc version 4.7.3 20130328 (prerelease) (crosstool-NG linaro-1.13.1-4.7-2013.04-20130415 - Linaro GCC 2013.04) ) #1 SMP Sun Nov 2 15:34:21 PST 2014
+Linux version 3.18.0-rc4-104679-g206c5f6 (pwalmsley@tamien) (gcc version 4.7.3 20130328 (prerelease) (crosstool-NG linaro-1.13.1-4.7-2013.04-20130415 - Linaro GCC 2013.04) ) #1 SMP Sun Nov 9 15:03:59 PST 2014
 CPU: ARMv7 Processor [412fc099] revision 9 (ARMv7), cr=10c5387d
 CPU: PIPT / VIPT nonaliasing data cache, VIPT aliasing instruction cache
 Machine model: NVIDIA Tegra30 Beaver evaluation board
 debug: ignoring loglevel setting.
-cma: Reserved 64 MiB at fb800000
+cma: Reserved 64 MiB at 0xfb800000
 Memory policy: Data cache writealloc
 On node 0 totalpages: 524032
-free_area_init_node: node 0, pgdat c0d0b580, node_mem_map ee7f8000
+free_area_init_node: node 0, pgdat c0d1cc80, node_mem_map ee7f8000
   DMA zone: 1520 pages used for memmap
   DMA zone: 0 pages reserved
   DMA zone: 194560 pages, LIFO batch:31
@@ -80,7 +80,7 @@
 PID hash table entries: 4096 (order: 2, 16384 bytes)
 Dentry cache hash table entries: 131072 (order: 7, 524288 bytes)
 Inode-cache hash table entries: 65536 (order: 6, 262144 bytes)
-Memory: 2001488K/2096128K available (6846K kernel code, 933K rwdata, 2780K rodata, 724K init, 308K bss, 94640K reserved, 1252352K highmem)
+Memory: 2001420K/2096128K available (6854K kernel code, 962K rwdata, 2808K rodata, 728K init, 308K bss, 94708K reserved, 1252352K highmem)
 Virtual kernel memory layout:
     vector  : 0xffff0000 - 0xffff1000   (   4 kB)
     fixmap  : 0xffc00000 - 0xffe00000   (2048 kB)
@@ -88,10 +88,10 @@
     lowmem  : 0xc0000000 - 0xef800000   ( 760 MB)
     pkmap   : 0xbfe00000 - 0xc0000000   (   2 MB)
     modules : 0xbf000000 - 0xbfe00000   (  14 MB)
-      .text : 0xc0208000 - 0xc0b6ebe8   (9627 kB)
-      .init : 0xc0b6f000 - 0xc0c24000   ( 724 kB)
-      .data : 0xc0c24000 - 0xc0d0d400   ( 933 kB)
-       .bss : 0xc0d0d400 - 0xc0d5a668   ( 309 kB)
+      .text : 0xc0208000 - 0xc0b77d44   (9664 kB)
+      .init : 0xc0b78000 - 0xc0c2e000   ( 728 kB)
+      .data : 0xc0c2e000 - 0xc0d1eb00   ( 963 kB)
+       .bss : 0xc0d1eb00 - 0xc0d6bda8   ( 309 kB)
 SLUB: HWalign=64, Order=0-3, MinObjects=0, CPUs=4, Nodes=1
 Hierarchical RCU implementation.
 	RCU restricting CPUs from NR_CPUS=8 to nr_cpu_ids=4.
@@ -115,7 +115,7 @@
 Mountpoint-cache hash table entries: 2048 (order: 1, 8192 bytes)
 CPU: Testing write buffer coherency: ok
 CPU0: thread -1, cpu 0, socket 0, mpidr 80000000
-Setting up static identity map for 0x80877a10 - 0x80877aa8
+Setting up static identity map for 0x808792f8 - 0x80879390
 Tegra Revision: A03 SKU: 128 CPU Process: 4 Core Process: 0
 CPU1: Booted secondary processor
 CPU1: thread -1, cpu 1, socket 0, mpidr 80000001
@@ -139,8 +139,6 @@
 hw-breakpoint: maximum watchpoint size is 4 bytes.
 EXYNOS: PMU not supported
 Serial: AMBA PL011 UART driver
-edma-dma-engine edma-dma-engine.0: Can't allocate PaRAM dummy slot
-edma-dma-engine: probe of edma-dma-engine.0 failed with error -22
 vdd_5v_in: 5000 mV 
 platform regulators:regulator@1: Driver reg-fixed-voltage requests probe deferral
 platform regulators:regulator@2: Driver reg-fixed-voltage requests probe deferral
@@ -408,8 +406,8 @@
 EXT4-fs (mmcblk0p1): mounted filesystem with ordered data mode. Opts: (null)
 VFS: Mounted root (ext3 filesystem) on device 179:1.
 devtmpfs: mounted
-Freeing unused kernel memory: 724K (c0b6f000 - c0c24000)
+Freeing unused kernel memory: 728K (c0b78000 - c0c2e000)
 bash: cannot set terminal process group (-1): Inappropriate ioctl for device
 bash: no job control in this shell
-root@(none):/# [    4.283864] usb 2-1: new high-speed USB device number 2 using tegra-ehci
+root@(none):/# [    4.263900] usb 2-1: new high-speed USB device number 2 using tegra-ehci
 asix 2-1:1.0 eth1: register 'asix' at usb-7d008000.usb-1, ASIX AX88772 USB 2.0 Ethernet, 00:50:b6:0f:67:60
Diff for ./tegra30-beaver/tegra30-beaver/tegra_defconfig_log.txt
--- /tmp/fooa	2014-11-09 15:08:37.787135793 -0800
+++ /tmp/foob	2014-11-09 15:08:37.787135793 -0800
@@ -38,7 +38,7 @@
 	 ##############################################################
 	 2.8 MiB/s
 done
-Bytes transferred = 4713648 (47ecb0 hex)
+Bytes transferred = 4713592 (47ec78 hex)
 Tegra30 (Beaver) # tftpboot 0x82000000 tegra30-beaver.dtb
 Using asx0 device
 TFTP from server 192.168.100.1; our IP address is 192.168.100.101
@@ -49,7 +49,7 @@
 done
 Bytes transferred = 24893 (613d hex)
 Tegra30 (Beaver) # bootz 0x81000000 - 0x82000000
-Kernel image @ 0x81000000 [ 0x000000 - 0x47ecb0 ]
+Kernel image @ 0x81000000 [ 0x000000 - 0x47ec78 ]
 ## Flattened Device Tree blob at 82000000
    Booting using the fdt blob at 0x82000000
    Loading Device Tree to 8fff6000, end 8ffff13c ... OK
@@ -60,12 +60,12 @@
 Booting Linux on physical CPU 0x0
 Initializing cgroup subsys cpu
 Initializing cgroup subsys cpuacct
-Linux version 3.18.0-rc3-104475-g0df1f24 (pwalmsley@kaivo) (gcc version 4.7.3 20130328 (prerelease) (crosstool-NG linaro-1.13.1-4.7-2013.04-20130415 - Linaro GCC 2013.04) ) #1 SMP PREEMPT Sun Nov 2 15:33:28 PST 2014
+Linux version 3.18.0-rc4-104679-g206c5f6 (pwalmsley@kaivo) (gcc version 4.7.3 20130328 (prerelease) (crosstool-NG linaro-1.13.1-4.7-2013.04-20130415 - Linaro GCC 2013.04) ) #1 SMP PREEMPT Sun Nov 9 15:03:07 PST 2014
 CPU: ARMv7 Processor [412fc099] revision 9 (ARMv7), cr=10c5387d
 CPU: PIPT / VIPT nonaliasing data cache, VIPT aliasing instruction cache
 Machine model: NVIDIA Tegra30 Beaver evaluation board
 debug: ignoring loglevel setting.
-cma: Reserved 64 MiB at fbc00000
+cma: Reserved 64 MiB at 0xfbc00000
 Memory policy: Data cache writealloc
 On node 0 totalpages: 524032
 free_area_init_node: node 0, pgdat c0905d00, node_mem_map ee7f7000
@@ -90,7 +90,7 @@
     lowmem  : 0xc0000000 - 0xef800000   ( 760 MB)
     pkmap   : 0xbfe00000 - 0xc0000000   (   2 MB)
     modules : 0xbf000000 - 0xbfe00000   (  14 MB)
-      .text : 0xc0008000 - 0xc08692d8   (8581 kB)
+      .text : 0xc0008000 - 0xc08692c8   (8581 kB)
       .init : 0xc086a000 - 0xc08b2000   ( 288 kB)
       .data : 0xc08b2000 - 0xc09077a0   ( 342 kB)
        .bss : 0xc09077a0 - 0xc096211c   ( 363 kB)
@@ -116,7 +116,7 @@
 Initializing cgroup subsys debug
 CPU: Testing write buffer coherency: ok
 CPU0: thread -1, cpu 0, socket 0, mpidr 80000000
-Setting up static identity map for 0x8061b9e8 - 0x8061ba80
+Setting up static identity map for 0x8061bc28 - 0x8061bcc0
 Tegra Revision: A03 SKU: 128 CPU Process: 4 Core Process: 0
 CPU1: Booted secondary processor
 CPU1: thread -1, cpu 1, socket 0, mpidr 80000001
@@ -405,5 +405,5 @@
 Freeing unused kernel memory: 288K (c086a000 - c08b2000)
 bash: cannot set terminal process group (-1): Inappropriate ioctl for device
 bash: no job control in this shell
-root@(none):/# [    4.557210] usb 2-1: new high-speed USB device number 2 using tegra-ehci
+root@(none):/# [    4.557189] usb 2-1: new high-speed USB device number 2 using tegra-ehci
 asix 2-1:1.0 eth1: register 'asix' at usb-7d008000.usb-1, ASIX AX88772 USB 2.0 Ethernet, 00:50:b6:0f:67:60
