
U-Boot SPL 2016.05-rc2 (Apr 21 2016 - 16:23:00)
Trying to boot from RAM


U-Boot 2016.05-rc2 (Apr 21 2016 - 16:23:00 -0700)

TEGRA124
Model: NVIDIA Jetson TK1
Board: NVIDIA Jetson TK1
DRAM:  2 GiB
MC:   Tegra SD/MMC: 0, Tegra SD/MMC: 1
In:    serial
Out:   serial
Err:   serial
Net:   No ethernet found.
Hit any key to stop autoboot:  2  0 
Tegra124 (Jetson TK1) # 
Tegra124 (Jetson TK1) # pci enum
Tegra124 (Jetson TK1) # setenv bootargs 'ignore_loglevel console=ttyS0,115200n8 rw root=PARTUUID=b1791faa-84e8-4e27-83a1-9fb0a77e8803 rootwait gpt debug noinitrd earlyprintk init=/bin/bash'
Tegra124 (Jetson TK1) # setenv ipaddr 192.168.100.102; setenv serverip 192.168.100.1; setenv tftpserverip 192.168.100.1
Tegra124 (Jetson TK1) # tftpboot 0x82000000 zImage.multi_v7_defconfig

Warning: eth_rtl8169 using MAC address from ROM
Using eth_rtl8169 device
TFTP from server 192.168.100.1; our IP address is 192.168.100.102
Filename 'zImage.multi_v7_defconfig'.
Load address: 0x82000000
Loading: *#################################################################
	 #################################################################
	 #################################################################
	 #################################################################
	 #################################################################
	 #################################################################
	 #################################################################
	 ##################################################
	 3.9 MiB/s
done
Bytes transferred = 7403088 (70f650 hex)
Tegra124 (Jetson TK1) # tftpboot 0x83000000 tegra124-jetson-tk1.dtb
Using eth_rtl8169 device
TFTP from server 192.168.100.1; our IP address is 192.168.100.102
Filename 'tegra124-jetson-tk1.dtb'.
Load address: 0x83000000
Loading: *#####
	 3.8 MiB/s
done
Bytes transferred = 67133 (1063d hex)
Tegra124 (Jetson TK1) # bootz 0x82000000 - 0x83000000
Kernel image @ 0x82000000 [ 0x000000 - 0x70f650 ]
## Flattened Device Tree blob at 83000000
   Booting using the fdt blob at 0x83000000
   Using Device Tree in place at 83000000, end 8301363c

Starting kernel ...

[    0.000000] Booting Linux on physical CPU 0x0
[    0.000000] Linux version 4.10.0-rc2-141358-g0c744ea (pwalmsley@sellafield) (gcc version 4.7.3 20130328 (prerelease) (crosstool-NG linaro-1.13.1-4.7-2013.04-20130415 - Linaro GCC 2013.04) ) #1 SMP Sun Jan 1 15:05:44 PST 2017
[    0.000000] CPU: ARMv7 Processor [413fc0f3] revision 3 (ARMv7), cr=10c5387d
[    0.000000] CPU: div instructions available: patching division code
[    0.000000] CPU: PIPT / VIPT nonaliasing data cache, PIPT instruction cache
[    0.000000] OF: fdt:Machine model: NVIDIA Tegra124 Jetson TK1
[    0.000000] debug: ignoring loglevel setting.
[    0.000000] efi: Getting EFI parameters from FDT:
[    0.000000] efi: UEFI not found.
[    0.000000] cma: Reserved 64 MiB at 0xfb800000
[    0.000000] Memory policy: Data cache writealloc
[    0.000000] On node 0 totalpages: 524032
[    0.000000] free_area_init_node: node 0, pgdat c142b0c0, node_mem_map eeff8000
[    0.000000]   DMA zone: 1536 pages used for memmap
[    0.000000]   DMA zone: 0 pages reserved
[    0.000000]   DMA zone: 196608 pages, LIFO batch:31
[    0.000000]   HighMem zone: 327424 pages, LIFO batch:31
[    0.000000] percpu: Embedded 14 pages/cpu @eef8e000 s26688 r8192 d22464 u57344
[    0.000000] pcpu-alloc: s26688 r8192 d22464 u57344 alloc=14*4096
[    0.000000] pcpu-alloc: [0] 0 [0] 1 [0] 2 [0] 3 
[    0.000000] Built 1 zonelists in Zone order, mobility grouping on.  Total pages: 522496
[    0.000000] Kernel command line: ignore_loglevel console=ttyS0,115200n8 rw root=PARTUUID=b1791faa-84e8-4e27-83a1-9fb0a77e8803 rootwait gpt debug noinitrd earlyprintk init=/bin/bash
[    0.000000] PID hash table entries: 4096 (order: 2, 16384 bytes)
[    0.000000] Dentry cache hash table entries: 131072 (order: 7, 524288 bytes)
[    0.000000] Inode-cache hash table entries: 65536 (order: 6, 262144 bytes)
[    0.000000] Memory: 1994824K/2096128K available (9216K kernel code, 1202K rwdata, 4140K rodata, 2048K init, 472K bss, 35768K reserved, 65536K cma-reserved, 1244160K highmem)
[    0.000000] Virtual kernel memory layout:
[    0.000000]     vector  : 0xffff0000 - 0xffff1000   (   4 kB)
[    0.000000]     fixmap  : 0xffc00000 - 0xfff00000   (3072 kB)
[    0.000000]     vmalloc : 0xf0800000 - 0xff800000   ( 240 MB)
[    0.000000]     lowmem  : 0xc0000000 - 0xf0000000   ( 768 MB)
[    0.000000]     pkmap   : 0xbfe00000 - 0xc0000000   (   2 MB)
[    0.000000]     modules : 0xbf000000 - 0xbfe00000   (  14 MB)
[    0.000000]       .text : 0xc0208000 - 0xc0c00000   (10208 kB)
[    0.000000]       .init : 0xc1100000 - 0xc1300000   (2048 kB)
[    0.000000]       .data : 0xc1300000 - 0xc142cbc0   (1203 kB)
[    0.000000]        .bss : 0xc142e000 - 0xc14a41d0   ( 473 kB)
[    0.000000] SLUB: HWalign=64, Order=0-3, MinObjects=0, CPUs=4, Nodes=1
[    0.000000] Hierarchical RCU implementation.
[    0.000000] 	Build-time adjustment of leaf fanout to 32.
[    0.000000] 	RCU restricting CPUs from NR_CPUS=16 to nr_cpu_ids=4.
[    0.000000] RCU: Adjusting geometry for rcu_fanout_leaf=32, nr_cpu_ids=4
[    0.000000] NR_IRQS:16 nr_irqs:16 16
[    0.000000] /interrupt-controller@60004000: 160 interrupts forwarded to /interrupt-controller@50041000
[    0.000000] Tegra clk 127: register failed with -17
[    0.000008] sched_clock: 32 bits at 1000kHz, resolution 1000ns, wraps every 2147483647500ns
[    0.000030] clocksource: timer_us: mask: 0xffffffff max_cycles: 0xffffffff, max_idle_ns: 1911260446275 ns
[    0.000043] Switching to timer-based delay loop, resolution 1000ns
[    0.004882] arm_arch_timer: Architected cp15 timer(s) running at 12.00MHz (virt).
[    0.004899] clocksource: arch_sys_counter: mask: 0xffffffffffffff max_cycles: 0x2c47f4ee7, max_idle_ns: 440795202497 ns
[    0.004916] sched_clock: 56 bits at 12MHz, resolution 83ns, wraps every 4398046511096ns
[    0.004928] Switching to timer-based delay loop, resolution 83ns
[    0.005369] Console: colour dummy device 80x30
[    0.005399] Calibrating delay loop (skipped), value calculated using timer frequency.. 24.00 BogoMIPS (lpj=60000)
[    0.005414] pid_max: default: 32768 minimum: 301
[    0.005513] Mount-cache hash table entries: 2048 (order: 1, 8192 bytes)
[    0.005524] Mountpoint-cache hash table entries: 2048 (order: 1, 8192 bytes)
[    0.006099] CPU: Testing write buffer coherency: ok
[    0.006350] /cpus/cpu@0 missing clock-frequency property
[    0.006391] /cpus/cpu@1 missing clock-frequency property
[    0.006432] /cpus/cpu@2 missing clock-frequency property
[    0.006474] /cpus/cpu@3 missing clock-frequency property
[    0.006486] CPU0: thread -1, cpu 0, socket 0, mpidr 80000000
[    0.006723] Setting up static identity map for 0x80300000 - 0x80300098
[    0.010288] Tegra Revision: A01 SKU: 129 CPU Process: 1 SoC Process: 1
[    0.010921] EFI services will not be available.
[    0.011158] smp: Bringing up secondary CPUs ...
[    0.011682] CPU1: thread -1, cpu 1, socket 0, mpidr 80000001
[    0.015387] CPU2: thread -1, cpu 2, socket 0, mpidr 80000002
[    0.020393] CPU3: thread -1, cpu 3, socket 0, mpidr 80000003
[    0.024905] smp: Brought up 1 node, 4 CPUs
[    0.024924] SMP: Total of 4 processors activated (96.00 BogoMIPS).
[    0.024931] CPU: All CPU(s) started in SVC mode.
[    0.026415] devtmpfs: initialized
[    0.046838] VFP support v0.3: implementor 41 architecture 4 part 30 variant f rev 0
[    0.047286] clocksource: jiffies: mask: 0xffffffff max_cycles: 0xffffffff, max_idle_ns: 9556302231375000 ns
[    0.048648] pinctrl core: initialized pinctrl subsystem
[    0.050498] NET: Registered protocol family 16
[    0.052441] DMA: preallocated 256 KiB pool for atomic coherent allocations
[    0.070027] cpuidle: using governor menu
[    0.101370] No ATAGs?
[    0.101497] hw-breakpoint: found 5 (+1 reserved) breakpoint and 4 watchpoint registers.
[    0.101511] hw-breakpoint: maximum watchpoint size is 8 bytes.
[    0.108222] Serial: AMBA PL011 UART driver
[    0.140460] +5V_SYS: supplied by +VDD_MUX
[    0.140767] +3.3V_SYS: supplied by +VDD_MUX
[    0.141425] +USB0_VBUS_SW: Failed to request enable GPIO108: -517
[    0.141439] reg-fixed-voltage regulators:regulator@7: Failed to register regulator: -517
[    0.141528] +5V_USB_HS: Failed to request enable GPIO109: -517
[    0.141540] reg-fixed-voltage regulators:regulator@8: Failed to register regulator: -517
[    0.141705] +1.05V_RUN_AVDD_HDMI_PLL: Failed to request enable GPIO63: -517
[    0.141716] reg-fixed-voltage regulators:regulator@11: Failed to register regulator: -517
[    0.141802] +5V_HDMI_CON: Failed to request enable GPIO86: -517
[    0.141813] reg-fixed-voltage regulators:regulator@12: Failed to register regulator: -517
[    0.141899] +5V_SATA: Failed to request enable GPIO242: -517
[    0.141910] reg-fixed-voltage regulators:regulator@13: Failed to register regulator: -517
[    0.141995] +12V_SATA: Failed to request enable GPIO242: -517
[    0.142006] reg-fixed-voltage regulators:regulator@14: Failed to register regulator: -517
[    0.145315] vgaarb: loaded
[    0.146133] SCSI subsystem initialized
[    0.146293] libata version 3.00 loaded.
[    0.146560] usbcore: registered new interface driver usbfs
[    0.146622] usbcore: registered new interface driver hub
[    0.146691] usbcore: registered new device driver usb
[    0.150379] pps_core: LinuxPPS API ver. 1 registered
[    0.150388] pps_core: Software ver. 5.3.6 - Copyright 2005-2007 Rodolfo Giometti <giometti@linux.it>
[    0.150413] PTP clock support registered
[    0.150609] EDAC MC: Ver: 3.0.0
[    0.153815] clocksource: Switched to clocksource arch_sys_counter
[    0.165378] NET: Registered protocol family 2
[    0.165893] TCP established hash table entries: 8192 (order: 3, 32768 bytes)
[    0.165991] TCP bind hash table entries: 8192 (order: 4, 65536 bytes)
[    0.166177] TCP: Hash tables configured (established 8192 bind 8192)
[    0.166230] UDP hash table entries: 512 (order: 2, 16384 bytes)
[    0.166271] UDP-Lite hash table entries: 512 (order: 2, 16384 bytes)
[    0.166423] NET: Registered protocol family 1
[    0.166740] RPC: Registered named UNIX socket transport module.
[    0.166749] RPC: Registered udp transport module.
[    0.166755] RPC: Registered tcp transport module.
[    0.166762] RPC: Registered tcp NFSv4.1 backchannel transport module.
[    0.166772] PCI: CLS 0 bytes, default 64
[    0.167988] hw perfevents: enabled with armv7_cortex_a15 PMU driver, 7 counters available
[    0.169524] futex hash table entries: 1024 (order: 4, 65536 bytes)
[    0.170282] workingset: timestamp_bits=30 max_order=19 bucket_order=0
[    0.181383] squashfs: version 4.0 (2009/01/31) Phillip Lougher
[    0.182208] NFS: Registering the id_resolver key type
[    0.182231] Key type id_resolver registered
[    0.182239] Key type id_legacy registered
[    0.182284] ntfs: driver 2.1.32 [Flags: R/O].
[    0.183947] bounce: pool size: 64 pages
[    0.184151] Block layer SCSI generic (bsg) driver version 0.4 loaded (major 248)
[    0.184161] io scheduler noop registered
[    0.184169] io scheduler deadline registered
[    0.184354] io scheduler cfq registered (default)
[    0.189627] usb2-0 supply vbus not found, using dummy regulator
[    0.189757] usb2-1 supply vbus not found, using dummy regulator
[    0.190155] tegra-xusb-padctl 7009f000.padctl: failed to setup XUSB ports: -517
[    0.207033] tegra-pcie 1003000.pcie-controller: 2x1, 1x1 configuration
[    0.207086] tegra-pcie 1003000.pcie-controller: Failed to get supply 'avddio-pex': -517
[    0.213318] tegra124-dfll 70110000.clock: couldn't get vdd_cpu regulator
[    0.221861] tegra-apbdma 60020000.dma: Tegra20 APB DMA driver register 32 channels
[    0.223955] tegra-pmc 7000e400.pmc: emergency thermal reset enabled
[    0.286242] Serial: 8250/16550 driver, 4 ports, IRQ sharing disabled
[    0.289256] console [ttyS0] disabled
[    0.289290] 70006300.serial: ttyS0 at MMIO 0x70006300 (irq = 335, base_baud = 25500000) is a Tegra
[    1.166988] console [ttyS0] enabled
[    1.171368] SuperH (H)SCI(F) driver initialized
[    1.176965] msm_serial: driver initialized
[    1.181271] STMicroelectronics ASC driver initialized
[    1.187220] 70006000.serial: ttyTHS1 at MMIO 0x70006000 (irq = 333, base_baud = 0) is a TEGRA_UART
[    1.196533] 70006040.serial: ttyTHS2 at MMIO 0x70006040 (irq = 334, base_baud = 0) is a TEGRA_UART
[    1.208931] [drm] Initialized
[    1.215243] tegra-hdmi 54280000.hdmi: failed to get HDMI regulator
[    1.235628] brd: module loaded
[    1.245179] loop: module loaded
[    1.249566] at24 0-0056: 256 byte 24c02 EEPROM, writable, 8 bytes/write
[    1.257967] as3722 4-0040: AS3722 with revision 0x1 found
[    1.270343] as3722-sd2: supplied by +5V_SYS
[    1.275005] as3722-sd3: supplied by +5V_SYS
[    1.279431] +1.35V_LP0(sd3): Bringing 0uV into 1350000-1350000uV
[    1.285818] as3722-sd4: supplied by +5V_SYS
[    1.290471] as3722-sd5: supplied by +5V_SYS
[    1.296558] as3722-ldo0: supplied by +1.35V_LP0(sd2)
[    1.302666] +1.8V_RUN_CAM: Bringing 0uV into 1800000-1800000uV
[    1.308943] as3722-ldo2: supplied by +1.8V_VDDIO
[    1.314878] as3722-ldo3: supplied by +3.3V_SYS
[    1.319372] +1.05V_LP0_VDD_RTC: Bringing 1100000uV into 1000000-1000000uV
[    1.327187] as3722-ldo4: supplied by +3.3V_SYS
[    1.331861] +2.8V_RUN_CAM: Bringing 0uV into 2800000-2800000uV
[    1.338128] as3722-ldo5: supplied by +1.8V_VDDIO
[    1.342976] +1.2V_RUN_CAM_FRONT: Bringing 0uV into 1200000-1200000uV
[    1.349942] +VDDIO_SDMMC3: bypassed regulator has no supply!
[    1.355615] +VDDIO_SDMMC3: failed to get the current voltage(-517)
[    1.361805] as3722-regulator as3722-regulator: regulator 13 register failed -517
[    1.374580] tegra-ahci 70027000.sata: couldn't get PHY in node sata: -517
[    1.394807] random: fast init done
[    1.398401] m25p80 spi32765.0: w25q32dw (4096 Kbytes)
[    1.406708] libphy: Fixed MDIO Bus: probed
[    1.411984] CAN device driver interface
[    1.416807] bgmac_bcma: Broadcom 47xx GBit MAC driver loaded
[    1.423923] e1000e: Intel(R) PRO/1000 Network Driver - 3.2.6-k
[    1.429761] e1000e: Copyright(c) 1999 - 2015 Intel Corporation.
[    1.435754] igb: Intel(R) Gigabit Ethernet Network Driver - version 5.4.0-k
[    1.442720] igb: Copyright (c) 2007-2014 Intel Corporation.
[    1.452064] pegasus: v0.9.3 (2013/04/25), Pegasus/Pegasus II USB Ethernet driver
[    1.459527] usbcore: registered new interface driver pegasus
[    1.465254] usbcore: registered new interface driver asix
[    1.470702] usbcore: registered new interface driver ax88179_178a
[    1.476844] usbcore: registered new interface driver cdc_ether
[    1.482743] usbcore: registered new interface driver smsc75xx
[    1.488556] usbcore: registered new interface driver smsc95xx
[    1.494352] usbcore: registered new interface driver net1080
[    1.500064] usbcore: registered new interface driver cdc_subset
[    1.506031] usbcore: registered new interface driver zaurus
[    1.511683] usbcore: registered new interface driver cdc_ncm
[    1.517570] tegra-phy 7d004000.usb-phy: no vbus regulator
[    1.525067] ehci_hcd: USB 2.0 'Enhanced' Host Controller (EHCI) Driver
[    1.531602] ehci-pci: EHCI PCI platform driver
[    1.536097] ehci-platform: EHCI generic platform driver
[    1.541547] ehci-orion: EHCI orion driver
[    1.545713] SPEAr-ehci: EHCI SPEAr driver
[    1.549885] ehci-st: EHCI STMicroelectronics driver
[    1.554921] ehci-exynos: EHCI EXYNOS driver
[    1.559286] ehci-atmel: EHCI Atmel driver
[    1.563439] tegra-ehci: Tegra EHCI driver
[    1.570296] tegra-ehci 7d004000.usb: EHCI Host Controller
[    1.575727] tegra-ehci 7d004000.usb: new USB bus registered, assigned bus number 1
[    1.583469] tegra-ehci 7d004000.usb: irq 354, io mem 0x7d004000
[    1.603838] tegra-ehci 7d004000.usb: USB 2.0 started, EHCI 1.10
[    1.610597] hub 1-0:1.0: USB hub found
[    1.614406] hub 1-0:1.0: 1 port detected
[    1.618978] ohci_hcd: USB 1.1 'Open' Host Controller (OHCI) Driver
[    1.625173] ohci-pci: OHCI PCI platform driver
[    1.629677] ohci-platform: OHCI generic platform driver
[    1.635091] ohci-omap3: OHCI OMAP3 driver
[    1.639262] SPEAr-ohci: OHCI SPEAr driver
[    1.643417] ohci-st: OHCI STMicroelectronics driver
[    1.648456] ohci-atmel: OHCI Atmel driver
[    1.653300] usbcore: registered new interface driver usb-storage
[    1.660972] mousedev: PS/2 mouse device common for all mice
[    1.669699] as3722-rtc as3722-rtc: rtc core: registered as3722-rtc as rtc0
[    1.676591] as3722-rtc as3722-rtc: RTC interrupt 377
[    1.685030] tegra_rtc 7000e000.rtc: rtc core: registered 7000e000.rtc as rtc1
[    1.692220] tegra_rtc 7000e000.rtc: Tegra internal Real Time Clock
[    1.699011] i2c /dev entries driver
[    1.709751] 0-004c supply vcc not found, using dummy regulator
[    1.725685] sdhci: Secure Digital Host Controller Interface driver
[    1.731878] sdhci: Copyright(c) Pierre Ossman
[    1.737918] Synopsys Designware Multimedia Card Interface Driver
[    1.745131] sdhci-pltfm: SDHCI platform and OF driver helper
[    1.751581] sdhci-tegra 700b0400.sdhci: Got CD GPIO
[    1.756492] sdhci-tegra 700b0400.sdhci: Got WP GPIO
[    1.761629] mmc0: Unknown controller version (3). You may experience problems.
[    1.768935] mmc0: Invalid maximum block size, assuming 512 bytes
[    1.818840] mmc0: SDHCI controller on 700b0600.sdhci [700b0600.sdhci] using ADMA
[    1.828260] ledtrig-cpu: registered to indicate activity on CPUs
[    1.834622] usbcore: registered new interface driver usbhid
[    1.840206] usbhid: USB HID core driver
[    1.848144] NET: Registered protocol family 10
[    1.853509] Segment Routing with IPv6
[    1.857241] sit: IPv6, IPv4 and MPLS over IPv4 tunneling driver
[    1.863867] NET: Registered protocol family 17
[    1.868312] can: controller area network core (rev 20120528 abi 9)
[    1.874562] NET: Registered protocol family 29
[    1.879017] can: raw protocol (rev 20120528)
[    1.883281] can: broadcast manager protocol (rev 20161123 t)
[    1.888951] can: netlink gateway (rev 20130117) max_hops=1
[    1.894815] Key type dns_resolver registered
[    1.899753] ThumbEE CPU extension supported.
[    1.904044] Registering SWP/SWPB emulation handler
[    1.924877] +3.3V_RUN: supplied by +3.3V_SYS
[    1.930279] +3.3V_AVDD_HDMI_AP_GATED: supplied by +3.3V_RUN
[    1.936456] +USB0_VBUS_SW: supplied by +5V_SYS
[    1.941629] +5V_USB_HS: supplied by +5V_SYS
[    1.947375] +3.3V_LP0: supplied by +3.3V_SYS
[    1.953582] +5V_HDMI_CON: supplied by +5V_SYS
[    1.958919] +5V_SATA: supplied by +5V_SYS
[    1.963730] +12V_SATA: supplied by +VDD_MUX
[    1.970081] usb2-0 supply vbus not found, using dummy regulator
[    1.976163] usb2-1 supply vbus not found, using dummy regulator
[    1.982522] usb3-0 supply vbus not found, using dummy regulator
[    1.989941] tegra-pcie 1003000.pcie-controller: 2x1, 1x1 configuration
[    1.996650] tegra-pcie 1003000.pcie-controller: Failed to get supply 'avddio-pex': -517
[    2.007652] mmc0: new high speed MMC card at address 0001
[    2.008913] tegra124-dfll 70110000.clock: couldn't get vdd_cpu regulator
[    2.014105] tegra-hdmi 54280000.hdmi: failed to get PLL regulator
[    2.018146] as3722-sd2: supplied by +5V_SYS
[    2.018490] as3722-sd3: supplied by +5V_SYS
[    2.018895] as3722-sd4: supplied by +5V_SYS
[    2.019200] +1.05V_RUN_AVDD_HDMI_PLL: supplied by +1.05V_RUN
[    2.019288] as3722-sd5: supplied by +5V_SYS
[    2.020918] as3722-ldo0: supplied by +1.35V_LP0(sd2)
[    2.021482] as3722-ldo1: supplied by +3.3V_RUN
[    2.021841] as3722-ldo2: supplied by +1.8V_VDDIO
[    2.022808] as3722-ldo3: supplied by +3.3V_SYS
[    2.023759] as3722-ldo4: supplied by +3.3V_SYS
[    2.024166] as3722-ldo5: supplied by +1.8V_VDDIO
[    2.024508] as3722-ldo6: supplied by +3.3V_RUN
[    2.024880] as3722-ldo7: supplied by +1.8V_VDDIO
[    2.025117] +1.05V_RUN_CAM_REAR: Bringing 0uV into 1050000-1050000uV
[    2.025543] as3722-ldo9: supplied by +5V_SYS
[    2.025950] +3.3V_RUN_TOUCH: Bringing 0uV into 2800000-2800000uV
[    2.026390] as3722-ldo10: supplied by +5V_SYS
[    2.026631] +2.8V_RUN_CAM_AF: Bringing 0uV into 2800000-2800000uV
[    2.027063] as3722-ldo11: supplied by +3.3V_RUN
[    2.027292] +1.8V_RUN_VPP_FUSE: Bringing 0uV into 1800000-1800000uV
[    2.030886] tegra-ahci 70027000.sata: AHCI 0001.0301 32 slots 2 ports 3 Gbps 0x1 impl platform mode
[    2.030898] tegra-ahci 70027000.sata: flags: 64bit ncq sntf pm led pio slum part sadm sds apst 
[    2.085000] scsi host0: tegra-ahci
[    2.086522] scsi host1: tegra-ahci
[    2.086990] ata1: SATA max UDMA/133 mmio [mem 0x70027000-0x70028fff] port 0x100 irq 345
[    2.086995] ata2: DUMMY
[    2.091075] tegra-ehci 7d008000.usb: EHCI Host Controller
[    2.091107] tegra-ehci 7d008000.usb: new USB bus registered, assigned bus number 2
[    2.091405] tegra-ehci 7d008000.usb: irq 355, io mem 0x7d008000
[    2.103957] tegra-ehci 7d008000.usb: USB 2.0 started, EHCI 1.10
[    2.104978] hub 2-0:1.0: USB hub found
[    2.105022] hub 2-0:1.0: 1 port detected
[    2.108189] sdhci-tegra 700b0400.sdhci: Got CD GPIO
[    2.108211] sdhci-tegra 700b0400.sdhci: Got WP GPIO
[    2.108425] mmc1: Unknown controller version (3). You may experience problems.
[    2.108521] mmc1: Invalid maximum block size, assuming 512 bytes
[    2.154136] mmc1: SDHCI controller on 700b0400.sdhci [700b0400.sdhci] using ADMA
[    2.155028] tegra-pcie 1003000.pcie-controller: 2x1, 1x1 configuration
[    2.162821] tegra-pcie 1003000.pcie-controller: probing port 0, using 2 lanes
[    2.164882] tegra-pcie 1003000.pcie-controller: Slot present pin change, signature: 00000008
[    2.195973] tegra-pcie 1003000.pcie-controller: probing port 1, using 1 lanes
[    2.198106] tegra-pcie 1003000.pcie-controller: Slot present pin change, signature: 00000000
[    2.212548] tegra-pcie 1003000.pcie-controller: PCI host bridge to bus 0000:00
[    2.212558] pci_bus 0000:00: root bus resource [io  0x0000-0xffff]
[    2.212565] pci_bus 0000:00: root bus resource [mem 0x13000000-0x1fffffff]
[    2.212579] pci_bus 0000:00: root bus resource [mem 0x20000000-0x3fffffff pref]
[    2.212587] pci_bus 0000:00: root bus resource [bus 00-ff]
[    2.212629] pci 0000:00:01.0: [10de:0e12] type 01 class 0x060400
[    2.212714] pci_bus 0000:00: 2-byte config write to 0000:00:01.0 offset 0x52 may corrupt adjacent RW1C bits
[    2.212765] pci 0000:00:01.0: PME# supported from D0 D1 D2 D3hot D3cold
[    2.212776] pci_bus 0000:00: 2-byte config write to 0000:00:01.0 offset 0x4c may corrupt adjacent RW1C bits
[    2.213142] pci 0000:00:02.0: [10de:0e13] type 01 class 0x060400
[    2.213219] pci_bus 0000:00: 2-byte config write to 0000:00:02.0 offset 0x52 may corrupt adjacent RW1C bits
[    2.213268] pci 0000:00:02.0: PME# supported from D0 D1 D2 D3hot D3cold
[    2.213278] pci_bus 0000:00: 2-byte config write to 0000:00:02.0 offset 0x4c may corrupt adjacent RW1C bits
[    2.213636] pci_bus 0000:00: 2-byte config write to 0000:00:01.0 offset 0x3e may corrupt adjacent RW1C bits
[    2.213648] pci_bus 0000:00: 2-byte config write to 0000:00:02.0 offset 0x3e may corrupt adjacent RW1C bits
[    2.213660] pci_bus 0000:00: 2-byte config write to 0000:00:01.0 offset 0x4 may corrupt adjacent RW1C bits
[    2.213670] pci_bus 0000:00: 1-byte config write to 0000:00:01.0 offset 0xc may corrupt adjacent RW1C bits
[    2.213680] pci_bus 0000:00: 2-byte config write to 0000:00:02.0 offset 0x4 may corrupt adjacent RW1C bits
[    2.213689] pci_bus 0000:00: 1-byte config write to 0000:00:02.0 offset 0xc may corrupt adjacent RW1C bits
[    2.213695] PCI: bus0: Fast back to back transfers disabled
[    2.213705] pci 0000:00:01.0: bridge configuration invalid ([bus 00-00]), reconfiguring
[    2.213724] pci 0000:00:02.0: bridge configuration invalid ([bus 00-00]), reconfiguring
[    2.214034] pci 0000:01:00.0: [8086:4232] type 00 class 0x028000
[    2.214089] pci 0000:01:00.0: reg 0x10: [mem 0x00000000-0x00001fff 64bit]
[    2.214316] pci 0000:01:00.0: PME# supported from D0 D3hot D3cold
[    2.229015] PCI: bus1: Fast back to back transfers disabled
[    2.229030] pci_bus 0000:01: busn_res: [bus 01-ff] end is updated to 01
[    2.229354] pci 0000:02:00.0: [10ec:8168] type 00 class 0x020000
[    2.229389] pci 0000:02:00.0: reg 0x10: [io  0x0000-0x00ff]
[    2.229431] pci 0000:02:00.0: reg 0x18: [mem 0x00000000-0x00000fff 64bit]
[    2.229459] pci 0000:02:00.0: reg 0x20: [mem 0x00000000-0x00003fff 64bit pref]
[    2.229637] pci 0000:02:00.0: supports D1 D2
[    2.229643] pci 0000:02:00.0: PME# supported from D0 D1 D2 D3hot D3cold
[    2.243988] PCI: bus2: Fast back to back transfers disabled
[    2.244002] pci_bus 0000:02: busn_res: [bus 02-ff] end is updated to 02
[    2.244196] pci 0000:00:01.0: BAR 8: assigned [mem 0x13000000-0x130fffff]
[    2.244204] pci 0000:00:02.0: BAR 8: assigned [mem 0x13100000-0x131fffff]
[    2.244214] pci 0000:00:02.0: BAR 9: assigned [mem 0x20000000-0x200fffff 64bit pref]
[    2.244222] pci 0000:00:02.0: BAR 7: assigned [io  0x1000-0x1fff]
[    2.244233] pci 0000:01:00.0: BAR 0: assigned [mem 0x13000000-0x13001fff 64bit]
[    2.244268] pci 0000:00:01.0: PCI bridge to [bus 01]
[    2.244280] pci 0000:00:01.0:   bridge window [mem 0x13000000-0x130fffff]
[    2.244301] pci 0000:02:00.0: BAR 4: assigned [mem 0x20000000-0x20003fff 64bit pref]
[    2.244331] pci 0000:02:00.0: BAR 2: assigned [mem 0x13100000-0x13100fff 64bit]
[    2.244361] pci 0000:02:00.0: BAR 0: assigned [io  0x1000-0x10ff]
[    2.244372] pci 0000:00:02.0: PCI bridge to [bus 02]
[    2.244379] pci 0000:00:02.0:   bridge window [io  0x1000-0x1fff]
[    2.244391] pci 0000:00:02.0:   bridge window [mem 0x13100000-0x131fffff]
[    2.244399] pci 0000:00:02.0:   bridge window [mem 0x20000000-0x200fffff 64bit pref]
[    2.244444] pci 0000:00:01.0: nv_msi_ht_cap_quirk didn't locate host bridge
[    2.244563] pcieport 0000:00:01.0: enabling device (0140 -> 0142)
[    2.244911] pcieport 0000:00:01.0: Signaling PME with IRQ 393
[    2.245035] pci 0000:00:02.0: nv_msi_ht_cap_quirk didn't locate host bridge
[    2.245121] pcieport 0000:00:02.0: enabling device (0140 -> 0143)
[    2.245438] pcieport 0000:00:02.0: Signaling PME with IRQ 394
[    2.245794] r8169 Gigabit Ethernet driver 2.3LK-NAPI loaded
[    2.245818] r8169 0000:02:00.0: enabling device (0140 -> 0143)
[    2.260826] r8169 0000:02:00.0 eth0: RTL8168g/8111g at 0xf0b41000, 00:04:4b:3a:d9:81, XID 0c000800 IRQ 395
[    2.260835] r8169 0000:02:00.0 eth0: jumbo features [frames: 9200 bytes, tx checksumming: ko]
[    2.268674] [drm] Supports vblank timestamp caching Rev 2 (21.10.2013).
[    2.268678] [drm] No driver support for vblank timestamp query.
[    2.268708] [drm] Cannot find any crtc or sizes - going 1024x768
[    2.392480] mmc1: new high speed SDHC card at address aaaa
[    2.393916] mmcblk1: mmc1:aaaa SD04G 3.69 GiB 
[    2.402104] ata1: SATA link down (SStatus 0 SControl 300)
[    2.406383]  mmcblk1: p1 p2 p3
[    2.721728] Console: switching to colour frame buffer device 128x48
[    2.735445] drm drm: fb0:  frame buffer device
[    2.740180] mmcblk0: mmc0:0001 SEM16G 14.7 GiB 
[    2.745877] mmcblk0boot0: mmc0:0001 SEM16G partition 1 4.00 MiB
[    2.752874] mmcblk0boot1: mmc0:0001 SEM16G partition 2 4.00 MiB
[    2.759499] mmcblk0rpmb: mmc0:0001 SEM16G partition 3 4.00 MiB
[    2.768039]  mmcblk0: p1
[    2.768934] [drm] Initialized tegra 0.0.0 20120330 on minor 0
[    2.770931] of: dev_pm_opp_of_cpumask_add_table: couldn't find opp table for cpu:0, -19
[    2.770975] cpufreq: cpufreq_online: CPU0: Running at unlisted freq: 696000 KHz
[    2.770994] cpufreq: cpufreq_online: CPU0: Unlisted initial frequency changed to: 714000 KHz
[    2.771618] input: gpio-keys as /devices/soc0/gpio-keys/input/input0
[    2.776337] as3722-rtc as3722-rtc: setting system clock to 2000-01-01 00:02:09 UTC (946684929)
[    2.776852] +USB0_VBUS_SW: disabling
[    2.776867] +1.8V_RUN_CAM: disabling
[    2.777113] +2.8V_RUN_CAM: disabling
[    2.777337] +1.2V_RUN_CAM_FRONT: disabling
[    2.777562] +1.05V_RUN_CAM_REAR: disabling
[    2.777786] +3.3V_RUN_TOUCH: disabling
[    2.777900] +2.8V_RUN_CAM_AF: disabling
[    2.778008] +1.8V_RUN_VPP_FUSE: disabling
[    2.847090] EXT4-fs (mmcblk0p1): mounting ext3 file system using the ext4 subsystem
[    2.888628] EXT4-fs (mmcblk0p1): recovery complete
[    2.894136] EXT4-fs (mmcblk0p1): mounted filesystem with ordered data mode. Opts: (null)
[    2.902237] VFS: Mounted root (ext3 filesystem) on device 179:17.
[    2.912554] devtmpfs: mounted
[    2.916199] Freeing unused kernel memory: 2048K
bash: cannot set terminal process group (-1): Inappropriate ioctl for device
bash: no job control in this shell
root@(none):/# 