
U-Boot SPL 2016.05-rc2 (Apr 21 2016 - 16:23:00)
Trying to boot from RAM


U-Boot 2016.05-rc2 (Apr 21 2016 - 16:23:00 -0700)

TEGRA124
Model: NVIDIA Jetson TK1
Board: NVIDIA Jetson TK1
DRAM:  2 GiB
MC:   Tegra SD/MMC: 0, Tegra SD/MMC: 1
In:    serial
Out:   serial
Err:   serial
Net:   No ethernet found.
Hit any key to stop autoboot:  2  0 
Tegra124 (Jetson TK1) # 
Tegra124 (Jetson TK1) # pci enum
Tegra124 (Jetson TK1) # setenv bootargs 'ignore_loglevel console=ttyS0,115200n8 rw root=PARTUUID=b1791faa-84e8-4e27-83a1-9fb0a77e8803 rootwait gpt debug noinitrd earlyprintk init=/bin/bash'
Tegra124 (Jetson TK1) # setenv ipaddr 192.168.100.102; setenv serverip 192.168.100.1; setenv tftpserverip 192.168.100.1
Tegra124 (Jetson TK1) # tftpboot 0x82000000 zImage.tegra_defconfig

Warning: eth_rtl8169 using MAC address from ROM
Using eth_rtl8169 device
TFTP from server 192.168.100.1; our IP address is 192.168.100.102
Filename 'zImage.tegra_defconfig'.
Load address: 0x82000000
Loading: *#################################################################
	 #################################################################
	 #################################################################
	 #################################################################
	 #################################################################
	 #################################################################
	 ###############################
	 3.7 MiB/s
done
Bytes transferred = 6168816 (5e20f0 hex)
Tegra124 (Jetson TK1) # tftpboot 0x83000000 tegra124-jetson-tk1.dtb
Using eth_rtl8169 device
TFTP from server 192.168.100.1; our IP address is 192.168.100.102
Filename 'tegra124-jetson-tk1.dtb'.
Load address: 0x83000000
Loading: *#####
	 3.7 MiB/s
done
Bytes transferred = 66544 (103f0 hex)
Tegra124 (Jetson TK1) # bootz 0x82000000 - 0x83000000
Kernel image @ 0x82000000 [ 0x000000 - 0x5e20f0 ]
## Flattened Device Tree blob at 83000000
   Booting using the fdt blob at 0x83000000
   Using Device Tree in place at 83000000, end 830133ef

Starting kernel ...

[    0.000000] Booting Linux on physical CPU 0x0
[    0.000000] Linux version 4.15.0-rc6-15413-g30a7acd (jonathanh@kaivo) (gcc version 4.7.3 20130328 (prerelease) (crosstool-NG linaro-1.13.1-4.7-2013.04-20130415 - Linaro GCC 2013.04)) #1 SMP PREEMPT Tue Jan 2 07:31:20 PST 2018
[    0.000000] CPU: ARMv7 Processor [413fc0f3] revision 3 (ARMv7), cr=10c5387d
[    0.000000] CPU: div instructions available: patching division code
[    0.000000] CPU: PIPT / VIPT nonaliasing data cache, PIPT instruction cache
[    0.000000] OF: fdt: Machine model: NVIDIA Tegra124 Jetson TK1
[    0.000000] debug: ignoring loglevel setting.
[    0.000000] bootconsole [earlycon0] enabled
[    0.000000] Memory policy: Data cache writealloc
[    0.000000] cma: Reserved 64 MiB at 0xfbc00000
[    0.000000] On node 0 totalpages: 524032
[    0.000000]   Normal zone: 1536 pages used for memmap
[    0.000000]   Normal zone: 0 pages reserved
[    0.000000]   Normal zone: 196608 pages, LIFO batch:31
[    0.000000]   HighMem zone: 327424 pages, LIFO batch:31
[    0.000000] random: fast init done
[    0.000000] percpu: Embedded 17 pages/cpu @(ptrval) s39168 r8192 d22272 u69632
[    0.000000] pcpu-alloc: s39168 r8192 d22272 u69632 alloc=17*4096
[    0.000000] pcpu-alloc: [0] 0 [0] 1 [0] 2 [0] 3 
[    0.000000] Built 1 zonelists, mobility grouping on.  Total pages: 522496
[    0.000000] Kernel command line: ignore_loglevel console=ttyS0,115200n8 rw root=PARTUUID=b1791faa-84e8-4e27-83a1-9fb0a77e8803 rootwait gpt debug noinitrd earlyprintk init=/bin/bash
[    0.000000] Dentry cache hash table entries: 131072 (order: 7, 524288 bytes)
[    0.000000] Inode-cache hash table entries: 65536 (order: 6, 262144 bytes)
[    0.000000] Memory: 1998492K/2096128K available (9216K kernel code, 778K rwdata, 2560K rodata, 1024K init, 299K bss, 32100K reserved, 65536K cma-reserved, 1244160K highmem)
[    0.000000] Virtual kernel memory layout:
[    0.000000]     vector  : 0xffff0000 - 0xffff1000   (   4 kB)
[    0.000000]     fixmap  : 0xffc00000 - 0xfff00000   (3072 kB)
[    0.000000]     vmalloc : 0xf0800000 - 0xff800000   ( 240 MB)
[    0.000000]     lowmem  : 0xc0000000 - 0xf0000000   ( 768 MB)
[    0.000000]     pkmap   : 0xbfe00000 - 0xc0000000   (   2 MB)
[    0.000000]     modules : 0xbf000000 - 0xbfe00000   (  14 MB)
[    0.000000]       .text : 0x(ptrval) - 0x(ptrval)   (10208 kB)
[    0.000000]       .init : 0x(ptrval) - 0x(ptrval)   (1024 kB)
[    0.000000]       .data : 0x(ptrval) - 0x(ptrval)   ( 779 kB)
[    0.000000]        .bss : 0x(ptrval) - 0x(ptrval)   ( 300 kB)
[    0.000000] Preemptible hierarchical RCU implementation.
[    0.000000] 	Tasks RCU enabled.
[    0.000000] NR_IRQS: 16, nr_irqs: 16, preallocated irqs: 16
[    0.000000] /interrupt-controller@60004000: 160 interrupts forwarded to /interrupt-controller@50041000
[    0.000000] Tegra clk 127: register failed with -17
[    0.000009] sched_clock: 32 bits at 1000kHz, resolution 1000ns, wraps every 2147483647500ns
[    0.007462] clocksource: timer_us: mask: 0xffffffff max_cycles: 0xffffffff, max_idle_ns: 1911260446275 ns
[    0.016991] Switching to timer-based delay loop, resolution 1000ns
[    0.024180] arch_timer: cp15 timer(s) running at 12.00MHz (virt).
[    0.029215] clocksource: arch_sys_counter: mask: 0xffffffffffffff max_cycles: 0x2c47f4ee7, max_idle_ns: 440795202497 ns
[    0.039961] sched_clock: 56 bits at 12MHz, resolution 83ns, wraps every 4398046511096ns
[    0.047930] Switching to timer-based delay loop, resolution 83ns
[    0.054377] Console: colour dummy device 80x30
[    0.058344] Calibrating delay loop (skipped), value calculated using timer frequency.. 24.00 BogoMIPS (lpj=120000)
[    0.068654] pid_max: default: 32768 minimum: 301
[    0.073716] Mount-cache hash table entries: 2048 (order: 1, 8192 bytes)
[    0.079840] Mountpoint-cache hash table entries: 2048 (order: 1, 8192 bytes)
[    0.087679] CPU: Testing write buffer coherency: ok
[    0.091997] /cpus/cpu@0 missing clock-frequency property
[    0.097014] /cpus/cpu@1 missing clock-frequency property
[    0.102322] /cpus/cpu@2 missing clock-frequency property
[    0.107587] /cpus/cpu@3 missing clock-frequency property
[    0.112859] CPU0: thread -1, cpu 0, socket 0, mpidr 80000000
[    0.152973] Setting up static identity map for 0x80100000 - 0x801000a0
[    0.157727] Hierarchical SRCU implementation.
[    0.173494] Tegra Revision: A01 SKU: 129 CPU Process: 1 SoC Process: 1
[    0.192995] smp: Bringing up secondary CPUs ...
[    0.243623] CPU1: thread -1, cpu 1, socket 0, mpidr 80000001
[    0.323741] CPU2: thread -1, cpu 2, socket 0, mpidr 80000002
[    0.403859] CPU3: thread -1, cpu 3, socket 0, mpidr 80000003
[    0.413433] smp: Brought up 1 node, 4 CPUs
[    0.432521] SMP: Total of 4 processors activated (96.00 BogoMIPS).
[    0.438689] CPU: All CPU(s) started in SVC mode.
[    0.445122] devtmpfs: initialized
[    0.465430] VFP support v0.3: implementor 41 architecture 4 part 30 variant f rev 0
[    0.471531] clocksource: jiffies: mask: 0xffffffff max_cycles: 0xffffffff, max_idle_ns: 19112604462750000 ns
[    0.480986] futex hash table entries: 1024 (order: 4, 65536 bytes)
[    0.488490] pinctrl core: initialized pinctrl subsystem
[    0.493527] NET: Registered protocol family 16
[    0.498208] DMA: preallocated 256 KiB pool for atomic coherent allocations
[    0.504912] cpuidle: using governor menu
[    0.530809] No ATAGs?
[    0.530945] hw-breakpoint: found 5 (+1 reserved) breakpoint and 4 watchpoint registers.
[    0.539306] hw-breakpoint: maximum watchpoint size is 8 bytes.
[    0.546996] iommu: Adding device reg-dummy to group 0
[    0.550200] iommu: Adding device 1003000.pcie to group 1
[    0.555502] iommu: Adding device 50000000.host1x to group 2
[    0.561056] iommu: Adding device 54200000.dc to group 3
[    0.566239] iommu: Adding device 54240000.dc to group 4
[    0.571423] iommu: Adding device 54280000.hdmi to group 5
[    0.576812] iommu: Adding device 57000000.gpu to group 6
[    0.582082] iommu: Adding device 60005000.timer to group 7
[    0.587516] iommu: Adding device 60007000.flow-controller to group 8
[    0.593863] iommu: Adding device 6000c800.actmon to group 9
[    0.599391] iommu: Adding device 6000d000.gpio to group 10
[    0.604868] iommu: Adding device 60020000.dma to group 11
[    0.610240] iommu: Adding device 70000800.apbmisc to group 12
[    0.615964] iommu: Adding device 70000868.pinmux to group 13
[    0.621582] iommu: Adding device 70006000.serial to group 14
[    0.627228] iommu: Adding device 70006040.serial to group 15
[    0.632842] iommu: Adding device 70006300.serial to group 16
[    0.638497] iommu: Adding device 7000c000.i2c to group 17
[    0.643849] iommu: Adding device 7000c400.i2c to group 18
[    0.649241] iommu: Adding device 7000c500.i2c to group 19
[    0.654598] iommu: Adding device 7000c700.i2c to group 20
[    0.659994] iommu: Adding device 7000d000.i2c to group 21
[    0.665343] iommu: Adding device 7000d400.spi to group 22
[    0.670742] iommu: Adding device 7000da00.spi to group 23
[    0.676092] iommu: Adding device 7000e000.rtc to group 24
[    0.681484] iommu: Adding device 7000e400.pmc to group 25
[    0.686835] iommu: Adding device 7000f800.fuse to group 26
[    0.692315] iommu: Adding device 70019000.memory-controller to group 27
[    0.698885] iommu: Adding device 7001b000.emc to group 28
[    0.704280] iommu: Adding device 70027000.sata to group 29
[    0.709716] iommu: Adding device 70030000.hda to group 30
[    0.715112] iommu: Adding device 70090000.usb to group 31
[    0.720465] iommu: Adding device 7009f000.padctl to group 32
[    0.726131] iommu: Adding device 700b0400.sdhci to group 33
[    0.731644] iommu: Adding device 700b0600.sdhci to group 34
[    0.737209] iommu: Adding device 70015000.cec to group 35
[    0.742576] iommu: Adding device 700e2000.thermal-sensor to group 36
[    0.748912] iommu: Adding device 70110000.clock to group 37
[    0.754437] iommu: Adding device 70300000.ahub to group 38
[    0.759916] iommu: Adding device 7d000000.usb to group 39
[    0.765270] iommu: Adding device 7d000000.usb-phy to group 40
[    0.771009] iommu: Adding device 7d004000.usb to group 41
[    0.776364] iommu: Adding device 7d004000.usb-phy to group 42
[    0.782106] iommu: Adding device 7d008000.usb to group 43
[    0.787463] iommu: Adding device 7d008000.usb-phy to group 44
[    0.793194] iommu: Adding device pmu to group 45
[    0.797771] iommu: Adding device timer to group 46
[    0.802537] iommu: Adding device clocks to group 47
[    0.807408] iommu: Adding device gpio-keys to group 48
[    0.812505] iommu: Adding device regulators to group 49
[    0.817730] iommu: Adding device regulators:regulator@0 to group 50
[    0.823943] iommu: Adding device regulators:regulator@1 to group 51
[    0.830203] iommu: Adding device regulators:regulator@2 to group 52
[    0.836424] iommu: Adding device regulators:regulator@3 to group 53
[    0.842680] iommu: Adding device regulators:regulator@4 to group 54
[    0.848909] iommu: Adding device regulators:regulator@7 to group 55
[    0.855160] iommu: Adding device regulators:regulator@8 to group 56
[    0.861391] iommu: Adding device regulators:regulator@10 to group 57
[    0.867729] iommu: Adding device regulators:regulator@11 to group 58
[    0.874036] iommu: Adding device regulators:regulator@12 to group 59
[    0.880382] iommu: Adding device regulators:regulator@13 to group 60
[    0.886690] iommu: Adding device regulators:regulator@14 to group 61
[    0.893034] iommu: Adding device sound to group 62
[    0.914663] +5V_SYS: supplied by +VDD_MUX
[    0.917155] +3.3V_SYS: supplied by +VDD_MUX
[    0.921713] +USB0_VBUS_SW: Failed to request enable GPIO108: -517
[    0.927037] reg-fixed-voltage regulators:regulator@7: Failed to register regulator: -517
[    0.935161] +5V_USB_HS: Failed to request enable GPIO109: -517
[    0.940881] reg-fixed-voltage regulators:regulator@8: Failed to register regulator: -517
[    0.949121] +1.05V_RUN_AVDD_HDMI_PLL: Failed to request enable GPIO63: -517
[    0.955901] reg-fixed-voltage regulators:regulator@11: Failed to register regulator: -517
[    0.964104] +5V_HDMI_CON: Failed to request enable GPIO86: -517
[    0.969914] reg-fixed-voltage regulators:regulator@12: Failed to register regulator: -517
[    0.978143] +5V_SATA: Failed to request enable GPIO242: -517
[    0.983694] reg-fixed-voltage regulators:regulator@13: Failed to register regulator: -517
[    0.991924] +12V_SATA: Failed to request enable GPIO242: -517
[    0.997559] reg-fixed-voltage regulators:regulator@14: Failed to register regulator: -517
[    1.007001] vgaarb: loaded
[    1.009155] SCSI subsystem initialized
[    1.012337] libata version 3.00 loaded.
[    1.016233] usbcore: registered new interface driver usbfs
[    1.021457] usbcore: registered new interface driver hub
[    1.026764] usbcore: registered new device driver usb
[    1.034987] Linux video capture interface: v2.00
[    1.037769] pps_core: LinuxPPS API ver. 1 registered
[    1.042669] pps_core: Software ver. 5.3.6 - Copyright 2005-2007 Rodolfo Giometti <giometti@linux.it>
[    1.051773] PTP clock support registered
[    1.057082] Advanced Linux Sound Architecture Driver Initialized.
[    1.062352] Bluetooth: Core ver 2.22
[    1.065304] NET: Registered protocol family 31
[    1.069703] Bluetooth: HCI device and connection manager initialized
[    1.076006] Bluetooth: HCI socket layer initialized
[    1.080879] Bluetooth: L2CAP socket layer initialized
[    1.085914] Bluetooth: SCO socket layer initialized
[    1.091393] clocksource: Switched to clocksource arch_sys_counter
[    1.186905] NET: Registered protocol family 2
[    1.190355] TCP established hash table entries: 8192 (order: 3, 32768 bytes)
[    1.196494] TCP bind hash table entries: 8192 (order: 4, 65536 bytes)
[    1.202982] TCP: Hash tables configured (established 8192 bind 8192)
[    1.209598] UDP hash table entries: 512 (order: 2, 16384 bytes)
[    1.215065] UDP-Lite hash table entries: 512 (order: 2, 16384 bytes)
[    1.221668] NET: Registered protocol family 1
[    1.226393] RPC: Registered named UNIX socket transport module.
[    1.231585] RPC: Registered udp transport module.
[    1.236238] RPC: Registered tcp transport module.
[    1.240918] RPC: Registered tcp NFSv4.1 backchannel transport module.
[    1.247796] iommu: Adding device regulatory.0 to group 63
[    1.252934] PCI: CLS 0 bytes, default 64
[    1.258432] hw perfevents: enabled with armv7_cortex_a15 PMU driver, 7 counters available
[    1.265493] iommu: Adding device alarmtimer to group 64
[    1.271104] Initialise system trusted keyrings
[    1.274588] workingset: timestamp_bits=30 max_order=19 bucket_order=0
[    1.282220] squashfs: version 4.0 (2009/01/31) Phillip Lougher
[    1.287355] NFS: Registering the id_resolver key type
[    1.291665] Key type id_resolver registered
[    1.295779] Key type id_legacy registered
[    1.304659] Key type asymmetric registered
[    1.306846] Asymmetric key parser 'x509' registered
[    1.311853] bounce: pool size: 64 pages
[    1.315585] io scheduler noop registered (default)
[    1.320280] io scheduler mq-deadline registered
[    1.324804] io scheduler kyber registered
[    1.330613]  usb2-0: usb2-0 supply vbus not found, using dummy regulator
[    1.335602]  usb2-1: usb2-1 supply vbus not found, using dummy regulator
[    1.342564] tegra-xusb-padctl 7009f000.padctl: failed to setup XUSB ports: -517
[    1.358657] tegra-pcie 1003000.pcie: 2x1, 1x1 configuration
[    1.362392] tegra-pcie 1003000.pcie: Failed to get supply 'avddio-pex': -517
[    1.372260] tegra124-dfll 70110000.clock: couldn't get vdd_cpu regulator
[    1.382977] tegra-apbdma 60020000.dma: Tegra20 APB DMA driver register 32 channels
[    1.389952] tegra-pmc 7000e400.pmc: emergency thermal reset enabled
[    1.395512] Serial: 8250/16550 driver, 4 ports, IRQ sharing disabled
[    1.401312] iommu: Adding device serial8250 to group 65
[    1.408292] console [ttyS0] disabled
[    1.410003] 70006300.serial: ttyS0 at MMIO 0x70006300 (irq = 335, base_baud = 25500000) is a Tegra
[    1.418952] console [ttyS0] enabled
[    1.418952] console [ttyS0] enabled
[    1.425524] bootconsole [earlycon0] disabled
[    1.425524] bootconsole [earlycon0] disabled
[    1.434527] 70006000.serial: ttyTHS1 at MMIO 0x70006000 (irq = 333, base_baud = 0) is a TEGRA_UART
[    1.445566] 70006040.serial: ttyTHS2 at MMIO 0x70006040 (irq = 334, base_baud = 0) is a TEGRA_UART
[    1.474210] tegra-hdmi 54280000.hdmi: failed to get HDMI regulator
[    1.493865] loop: module loaded
[    1.498361] at24 0-0056: 256 byte 24c02 EEPROM, writable, 8 bytes/write
[    1.505812] as3722 4-0040: AS3722 with revision 0x1 found
[    1.513468] iommu: Adding device as3722-pinctrl to group 66
[    1.520751] iommu: Adding device as3722-regulator to group 67
[    1.529504] as3722-sd2: supplied by +5V_SYS
[    1.534209] as3722-sd3: supplied by +5V_SYS
[    1.538641] +1.35V_LP0(sd3): Bringing 0uV into 1350000-1350000uV
[    1.545031] as3722-sd4: supplied by +5V_SYS
[    1.549687] as3722-sd5: supplied by +5V_SYS
[    1.555801] as3722-ldo0: supplied by +1.35V_LP0(sd2)
[    1.561912] +1.8V_RUN_CAM: Bringing 0uV into 1800000-1800000uV
[    1.568150] as3722-ldo2: supplied by +1.8V_VDDIO
[    1.574117] as3722-ldo3: supplied by +3.3V_SYS
[    1.578611] +1.05V_LP0_VDD_RTC: Bringing 1100000uV into 1000000-1000000uV
[    1.586447] as3722-ldo4: supplied by +3.3V_SYS
[    1.591122] +2.8V_RUN_CAM: Bringing 0uV into 2800000-2800000uV
[    1.597396] as3722-ldo5: supplied by +1.8V_VDDIO
[    1.602267] +1.2V_RUN_CAM_FRONT: Bringing 0uV into 1200000-1200000uV
[    1.609204] +VDDIO_SDMMC3: bypassed regulator has no supply!
[    1.614880] +VDDIO_SDMMC3: failed to get the current voltage(-517)
[    1.621058] as3722-regulator as3722-regulator: regulator 13 register failed -517
[    1.631318] iommu: Adding device as3722-rtc to group 68
[    1.636732] iommu: Adding device as3722-adc to group 69
[    1.642127] iommu: Adding device as3722-power-off to group 70
[    1.648018] iommu: Adding device as3722-wdt to group 71
[    1.654027] tegra-ahci 70027000.sata: couldn't get PHY in node sata: -517
[    1.672675] m25p80 spi1.0: w25q32dw (4096 Kbytes)
[    1.679395] iommu: Adding device Fixed MDIO bus.0 to group 72
[    1.685350] libphy: Fixed MDIO Bus: probed
[    1.689443] CAN device driver interface
[    1.693353] igb: Intel(R) Gigabit Ethernet Network Driver - version 5.4.0-k
[    1.700304] igb: Copyright (c) 2007-2014 Intel Corporation.
[    1.706036] pegasus: v0.9.3 (2013/04/25), Pegasus/Pegasus II USB Ethernet driver
[    1.713511] usbcore: registered new interface driver pegasus
[    1.719231] usbcore: registered new interface driver asix
[    1.724715] usbcore: registered new interface driver ax88179_178a
[    1.730851] usbcore: registered new interface driver cdc_ether
[    1.736775] usbcore: registered new interface driver smsc75xx
[    1.742603] usbcore: registered new interface driver smsc95xx
[    1.748391] usbcore: registered new interface driver net1080
[    1.754121] usbcore: registered new interface driver cdc_subset
[    1.760080] usbcore: registered new interface driver zaurus
[    1.765764] usbcore: registered new interface driver cdc_ncm
[    1.771687] tegra-phy 7d000000.usb-phy: no vbus regulator
[    1.777311] tegra-phy 7d004000.usb-phy: no vbus regulator
[    1.783030] ehci_hcd: USB 2.0 'Enhanced' Host Controller (EHCI) Driver
[    1.789548] ehci-pci: EHCI PCI platform driver
[    1.794066] tegra-ehci: Tegra EHCI driver
[    1.800922] tegra-ehci 7d004000.usb: EHCI Host Controller
[    1.806359] tegra-ehci 7d004000.usb: new USB bus registered, assigned bus number 1
[    1.814179] tegra-ehci 7d004000.usb: irq 356, io mem 0x7d004000
[    1.841427] tegra-ehci 7d004000.usb: USB 2.0 started, EHCI 1.10
[    1.848254] hub 1-0:1.0: USB hub found
[    1.852064] hub 1-0:1.0: 1 port detected
[    1.857240] usbcore: registered new interface driver cdc_acm
[    1.862913] cdc_acm: USB Abstract Control Model driver for USB modems and ISDN adapters
[    1.870964] usbcore: registered new interface driver cdc_wdm
[    1.876720] usbcore: registered new interface driver usb-storage
[    1.884379] iommu: Adding device ci_hdrc.0 to group 73
[    1.896171] as3722-rtc as3722-rtc: rtc core: registered as3722-rtc as rtc0
[    1.903071] as3722-rtc as3722-rtc: RTC interrupt 379
[    1.910862] tegra_rtc 7000e000.rtc: rtc core: registered 7000e000.rtc as rtc1
[    1.918064] tegra_rtc 7000e000.rtc: Tegra internal Real Time Clock
[    1.924600] i2c /dev entries driver
[    1.929354] usbcore: registered new interface driver uvcvideo
[    1.935115] USB Video Class driver (1.1.1)
[    1.939206] gspca_main: v2.14.0 registered
[    1.943965] lm90 0-004c: 0-004c supply vcc not found, using dummy regulator
[    1.954268] tegra-wdt 60005000.timer: initialized (heartbeat = 120 sec, nowayout = 0)
[    1.962763] iommu: Adding device cpufreq-tegra124 to group 74
[    1.969069] sdhci: Secure Digital Host Controller Interface driver
[    1.975262] sdhci: Copyright(c) Pierre Ossman
[    1.979612] sdhci-pltfm: SDHCI platform and OF driver helper
[    1.985606] sdhci-tegra 700b0400.sdhci: Got CD GPIO
[    1.990497] sdhci-tegra 700b0400.sdhci: Got WP GPIO
[    2.011449] mmc0: Unknown controller version (3). You may experience problems.
[    2.018707] mmc0: Invalid maximum block size, assuming 512 bytes
[    2.081466] mmc0: SDHCI controller on 700b0600.sdhci [700b0600.sdhci] using ADMA
[    2.092966] usbcore: registered new interface driver usbhid
[    2.098638] usbhid: USB HID core driver
[    2.105532] iommu: Adding device snd-soc-dummy to group 75
[    2.157850] mmc0: new high speed MMC card at address 0001
[    2.163855] mmcblk0: mmc0:0001 SEM16G 14.7 GiB 
[    2.168776] mmcblk0boot0: mmc0:0001 SEM16G partition 1 4.00 MiB
[    2.175159] mmcblk0boot1: mmc0:0001 SEM16G partition 2 4.00 MiB
[    2.181259] mmcblk0rpmb: mmc0:0001 SEM16G partition 3 4.00 MiB, chardev (247:0)
[    2.190283]  mmcblk0: p1
[    2.551868] iommu: Adding device 70301100.i2s to group 76
[    2.558135] tegra30-i2s 70301100.i2s: DMA channels sourced from device 70300000.ahub
[    2.578481] tegra-snd-rt5640 sound: rt5640-aif1 <-> 70301100.i2s mapping ok
[    2.589317] input: NVIDIA Tegra Jetson TK1 Headphones as /devices/soc0/sound/sound/card1/input0
[    2.600526] NET: Registered protocol family 10
[    2.606341] Segment Routing with IPv6
[    2.610179] mip6: Mobile IPv6
[    2.613170] sit: IPv6, IPv4 and MPLS over IPv4 tunneling driver
[    2.620588] NET: Registered protocol family 17
[    2.625104] NET: Registered protocol family 15
[    2.629556] can: controller area network core (rev 20170425 abi 9)
[    2.635956] NET: Registered protocol family 29
[    2.640397] can: raw protocol (rev 20170425)
[    2.644678] can: broadcast manager protocol (rev 20170425 t)
[    2.650343] can: netlink gateway (rev 20170425) max_hops=1
[    2.656075] Bluetooth: RFCOMM socket layer initialized
[    2.661223] Bluetooth: RFCOMM ver 1.11
[    2.665008] Bluetooth: BNEP (Ethernet Emulation) ver 1.3
[    2.670320] Bluetooth: BNEP socket layer initialized
[    2.675296] Bluetooth: HIDP (Human Interface Emulation) ver 1.2
[    2.681213] Bluetooth: HIDP socket layer initialized
[    2.686446] Key type dns_resolver registered
[    2.691213] Registering SWP/SWPB emulation handler
[    2.696818] Loading compiled-in X.509 certificates
[    2.719244] +3.3V_RUN: supplied by +3.3V_SYS
[    2.724392] +USB0_VBUS_SW: supplied by +5V_SYS
[    2.729094] +3.3V_AVDD_HDMI_AP_GATED: supplied by +3.3V_RUN
[    2.735129] +5V_USB_HS: supplied by +5V_SYS
[    2.740231] +3.3V_LP0: supplied by +3.3V_SYS
[    2.745582] +5V_HDMI_CON: supplied by +5V_SYS
[    2.750366] +5V_SATA: supplied by +5V_SYS
[    2.755048] +12V_SATA: supplied by +VDD_MUX
[    2.760674]  usb2-0: usb2-0 supply vbus not found, using dummy regulator
[    2.767550]  usb2-1: usb2-1 supply vbus not found, using dummy regulator
[    2.774745]  usb3-0: usb3-0 supply vbus not found, using dummy regulator
[    2.782273] tegra-pcie 1003000.pcie: 2x1, 1x1 configuration
[    2.787884] tegra-pcie 1003000.pcie: Failed to get supply 'avddio-pex': -517
[    2.796992] tegra124-dfll 70110000.clock: couldn't get vdd_cpu regulator
[    2.806046] tegra-hdmi 54280000.hdmi: failed to get PLL regulator
[    2.814617] as3722-sd2: supplied by +5V_SYS
[    2.819115] as3722-sd3: supplied by +5V_SYS
[    2.823643] as3722-sd4: supplied by +5V_SYS
[    2.828127] as3722-sd5: supplied by +5V_SYS
[    2.834080] as3722-ldo0: supplied by +1.35V_LP0(sd2)
[    2.839563] as3722-ldo1: supplied by +3.3V_RUN
[    2.844759] as3722-ldo2: supplied by +1.8V_VDDIO
[    2.850302] as3722-ldo3: supplied by +3.3V_SYS
[    2.855851] as3722-ldo4: supplied by +3.3V_SYS
[    2.860601] as3722-ldo5: supplied by +1.8V_VDDIO
[    2.866427] input: tegra-hda HDMI/DP,pcm=3 as /devices/soc0/70030000.hda/sound/card0/input1
[    2.875044] as3722-ldo6: supplied by +3.3V_RUN
[    2.880036] as3722-ldo7: supplied by +1.8V_VDDIO
[    2.885500] +1.05V_RUN_CAM_REAR: Bringing 0uV into 1050000-1050000uV
[    2.892634] as3722-ldo9: supplied by +5V_SYS
[    2.898096] +3.3V_RUN_TOUCH: Bringing 0uV into 2800000-2800000uV
[    2.904858] as3722-ldo10: supplied by +5V_SYS
[    2.909963] +2.8V_RUN_CAM_AF: Bringing 0uV into 2800000-2800000uV
[    2.916823] as3722-ldo11: supplied by +3.3V_RUN
[    2.922137] +1.8V_RUN_VPP_FUSE: Bringing 0uV into 1800000-1800000uV
[    2.931374] tegra-ahci 70027000.sata: AHCI 0001.0301 32 slots 2 ports 3 Gbps 0x1 impl platform mode
[    2.940451] tegra-ahci 70027000.sata: flags: 64bit ncq sntf pm led pio slum part sadm sds apst 
[    2.950988] scsi host0: tegra-ahci
[    2.955455] scsi host1: tegra-ahci
[    2.959162] ata1: SATA max UDMA/133 mmio [mem 0x70027000-0x70028fff] port 0x100 irq 345
[    2.967208] ata2: DUMMY
[    2.970819] tegra-ehci 7d008000.usb: EHCI Host Controller
[    2.976301] tegra-ehci 7d008000.usb: new USB bus registered, assigned bus number 2
[    2.984154] tegra-ehci 7d008000.usb: irq 357, io mem 0x7d008000
[    3.011525] tegra-ehci 7d008000.usb: USB 2.0 started, EHCI 1.10
[    3.018635] hub 2-0:1.0: USB hub found
[    3.022509] hub 2-0:1.0: 1 port detected
[    3.039409] tegra-xusb 70090000.usb: Direct firmware load for nvidia/tegra124/xusb.bin failed with error -2
[    3.049218] tegra-xusb 70090000.usb: failed to request firmware: -2
[    3.055535] tegra-xusb 70090000.usb: failed to load firmware: -2
[    3.062264] tegra-xusb: probe of 70090000.usb failed with error -2
[    3.069293] sdhci-tegra 700b0400.sdhci: Got CD GPIO
[    3.074242] sdhci-tegra 700b0400.sdhci: Got WP GPIO
[    3.085673] mmc1: Unknown controller version (3). You may experience problems.
[    3.093014] mmc1: Invalid maximum block size, assuming 512 bytes
[    3.162039] mmc1: SDHCI controller on 700b0400.sdhci [700b0400.sdhci] using ADMA
[    3.169725] tegra-pcie 1003000.pcie: 2x1, 1x1 configuration
[    3.180650] tegra-pcie 1003000.pcie: probing port 0, using 2 lanes
[    3.189013] tegra-pcie 1003000.pcie: Slot present pin change, signature: 00000008
[    3.212326] tegra-pcie 1003000.pcie: probing port 1, using 1 lanes
[    3.220627] tegra-pcie 1003000.pcie: Slot present pin change, signature: 00000000
[    3.234673] tegra-pcie 1003000.pcie: PCI host bridge to bus 0000:00
[    3.240956] pci_bus 0000:00: root bus resource [io  0x0000-0xffff]
[    3.247193] pci_bus 0000:00: root bus resource [mem 0x13000000-0x1fffffff]
[    3.254177] pci_bus 0000:00: root bus resource [mem 0x20000000-0x3fffffff pref]
[    3.261630] pci_bus 0000:00: root bus resource [bus 00-ff]
[    3.267256] pci 0000:00:01.0: [10de:0e12] type 01 class 0x060400
[    3.273334] pci_bus 0000:00: 2-byte config write to 0000:00:01.0 offset 0x4 may corrupt adjacent RW1C bits
[    3.283045] pci_bus 0000:00: 2-byte config write to 0000:00:01.0 offset 0x4 may corrupt adjacent RW1C bits
[    3.292837] pci 0000:00:01.0: enabling Extended Tags
[    3.294907] ata1: SATA link down (SStatus 0 SControl 300)
[    3.303452] pci_bus 0000:00: 2-byte config write to 0000:00:01.0 offset 0x88 may corrupt adjacent RW1C bits
[    3.313233] pci_bus 0000:00: 2-byte config write to 0000:00:01.0 offset 0x52 may corrupt adjacent RW1C bits
[    3.323022] pci 0000:00:01.0: PME# supported from D0 D1 D2 D3hot D3cold
[    3.329635] pci_bus 0000:00: 2-byte config write to 0000:00:01.0 offset 0x4c may corrupt adjacent RW1C bits
[    3.339787] pci 0000:00:02.0: [10de:0e13] type 01 class 0x060400
[    3.345862] pci_bus 0000:00: 2-byte config write to 0000:00:02.0 offset 0x4 may corrupt adjacent RW1C bits
[    3.355529] pci_bus 0000:00: 2-byte config write to 0000:00:02.0 offset 0x4 may corrupt adjacent RW1C bits
[    3.365217] pci 0000:00:02.0: enabling Extended Tags
[    3.370182] pci_bus 0000:00: 2-byte config write to 0000:00:02.0 offset 0x88 may corrupt adjacent RW1C bits
[    3.379984] pci_bus 0000:00: 2-byte config write to 0000:00:02.0 offset 0x52 may corrupt adjacent RW1C bits
[    3.389826] pci 0000:00:02.0: PME# supported from D0 D1 D2 D3hot D3cold
[    3.396498] pci_bus 0000:00: 2-byte config write to 0000:00:02.0 offset 0x4c may corrupt adjacent RW1C bits
[    3.406512] PCI: bus0: Fast back to back transfers disabled
[    3.412104] pci 0000:00:01.0: bridge configuration invalid ([bus 00-00]), reconfiguring
[    3.420109] pci 0000:00:02.0: bridge configuration invalid ([bus 00-00]), reconfiguring
[    3.428392] pci 0000:01:00.0: [8086:4232] type 00 class 0x028000
[    3.434519] pci 0000:01:00.0: reg 0x10: [mem 0x00000000-0x00001fff 64bit]
[    3.441653] PCI: bus1: Fast back to back transfers disabled
[    3.447303] pci_bus 0000:01: busn_res: [bus 01-ff] end is updated to 01
[    3.454195] pci 0000:02:00.0: [10ec:8168] type 00 class 0x020000
[    3.460291] pci 0000:02:00.0: reg 0x10: [io  0x0000-0x00ff]
[    3.465967] pci 0000:02:00.0: reg 0x18: [mem 0x00000000-0x00000fff 64bit]
[    3.472852] pci 0000:02:00.0: reg 0x20: [mem 0x00000000-0x00003fff 64bit pref]
[    3.480331] PCI: bus2: Fast back to back transfers disabled
[    3.485984] pci_bus 0000:02: busn_res: [bus 02-ff] end is updated to 02
[    3.492715] pci 0000:00:01.0: BAR 8: assigned [mem 0x13000000-0x130fffff]
[    3.499567] pci 0000:00:02.0: BAR 8: assigned [mem 0x13100000-0x131fffff]
[    3.506567] mmc1: new high speed SDHC card at address aaaa
[    3.512659] mmcblk1: mmc1:aaaa SD04G 3.69 GiB 
[    3.517733] pci 0000:00:02.0: BAR 9: assigned [mem 0x20000000-0x200fffff 64bit pref]
[    3.525583] pci 0000:00:02.0: BAR 7: assigned [io  0x1000-0x1fff]
[    3.531985] pci 0000:01:00.0: BAR 0: assigned [mem 0x13000000-0x13001fff 64bit]
[    3.539383] pci 0000:00:01.0: PCI bridge to [bus 01]
[    3.544555] pci 0000:00:01.0:   bridge window [mem 0x13000000-0x130fffff]
[    3.551624] pci 0000:02:00.0: BAR 4: assigned [mem 0x20000000-0x20003fff 64bit pref]
[    3.559451] pci 0000:02:00.0: BAR 2: assigned [mem 0x13100000-0x13100fff 64bit]
[    3.566981] pci 0000:02:00.0: BAR 0: assigned [io  0x1000-0x10ff]
[    3.573193] pci 0000:00:02.0: PCI bridge to [bus 02]
[    3.578394] pci 0000:00:02.0:   bridge window [io  0x1000-0x1fff]
[    3.584603] pci 0000:00:02.0:   bridge window [mem 0x13100000-0x131fffff]
[    3.591677] pci 0000:00:02.0:   bridge window [mem 0x20000000-0x200fffff 64bit pref]
[    3.599527] pci 0000:00:01.0: nv_msi_ht_cap_quirk didn't locate host bridge
[    3.606861] pcieport 0000:00:01.0: enabling device (0140 -> 0142)
[    3.613580] pcieport 0000:00:01.0: Signaling PME with IRQ 395
[    3.619805] pci 0000:00:02.0: nv_msi_ht_cap_quirk didn't locate host bridge
[    3.627122]  mmcblk1: p1 p2 p3
[    3.630441] pcieport 0000:00:02.0: enabling device (0140 -> 0143)
[    3.637365] pcieport 0000:00:02.0: Signaling PME with IRQ 396
[    3.644190] r8169 Gigabit Ethernet driver 2.3LK-NAPI loaded
[    3.649808] r8169 0000:02:00.0: enabling device (0140 -> 0143)
[    3.655741] r8169 0000:02:00.0 (unnamed net_device) (uninitialized): not PCI Express
[    3.693214] r8169 0000:02:00.0 eth0: RTL8168g/8111g at 0x37933a0f, 00:04:4b:3a:d9:81, XID 0c000800 IRQ 22
[    3.702844] r8169 0000:02:00.0 eth0: jumbo features [frames: 9200 bytes, tx checksumming: ko]
[    3.715065] +1.05V_RUN_AVDD_HDMI_PLL: supplied by +1.05V_RUN
[    3.724493] [drm] Supports vblank timestamp caching Rev 2 (21.10.2013).
[    3.731119] [drm] No driver support for vblank timestamp query.
[    3.864909] tegra-hdmi 54280000.hdmi: cannot set audio to 48000 Hz at 297000000 Hz pixel clock
[    4.113066] Console: switching to colour frame buffer device 512x135
[    4.208994] drm drm: fb0:  frame buffer device
[    4.213537] [drm] Initialized tegra 0.0.0 20120330 for drm on minor 0
[    4.220849] iommu: Adding device cpufreq-dt.0 to group 77
[    4.226596] cpufreq: cpufreq_online: CPU0: Running at unlisted freq: 696000 KHz
[    4.233941] cpufreq: cpufreq_online: CPU0: Unlisted initial frequency changed to: 714000 KHz
[    4.242972] input: gpio-keys as /devices/soc0/gpio-keys/input/input2
[    4.250061] as3722-rtc as3722-rtc: setting system clock to 2000-01-01 00:02:33 UTC (946684953)
[    4.258895] cfg80211: Loading compiled-in X.509 certificates for regulatory database
[    4.268534] cfg80211: Loaded X.509 cert 'sforshee: 00b28ddf47aef9cea7'
[    4.275188] platform regulatory.0: Direct firmware load for regulatory.db failed with error -2
[    4.283870] cfg80211: failed to load regulatory.db
[    4.288905] +USB0_VBUS_SW: disabling
[    4.292513] +1.8V_RUN_CAM: disabling
[    4.296201] +2.8V_RUN_CAM: disabling
[    4.299871] +1.2V_RUN_CAM_FRONT: disabling
[    4.304123] +1.05V_RUN_CAM_REAR: disabling
[    4.308315] +3.3V_RUN_TOUCH: disabling
[    4.312245] +2.8V_RUN_CAM_AF: disabling
[    4.316185] +1.8V_RUN_VPP_FUSE: disabling
[    4.320287] ALSA device list:
[    4.323276]   #0: tegra-hda at 0x70038000 irq 346
[    4.327978]   #1: NVIDIA Tegra Jetson TK1
[    4.332682] EXT4-fs (mmcblk0p1): mounting ext3 file system using the ext4 subsystem
[    4.354098] EXT4-fs (mmcblk0p1): recovery complete
[    4.358889] EXT4-fs (mmcblk0p1): mounted filesystem with ordered data mode. Opts: (null)
[    4.367064] VFS: Mounted root (ext3 filesystem) on device 179:1.
[    4.377827] devtmpfs: mounted
[    4.381204] Freeing unused kernel memory: 1024K
bash: cannot set terminal process group (-1): Inappropriate ioctl for device
bash: no job control in this shell
root@(none):/# mount -t sysfs none /sys
root@(none):/# 
root@(none):/# mount -t debugfs none /sys/kernel/debug
root@(none):/# 
root@(none):/# rtcwake -d rtc1 -m mem -s 3
rtcwake: assuming RTC uses UTC ...
rtcwake: wakeup from "mem" using /dev/rtc1 at Thu Jan  1 00:00:20 1970
[    7.243873] PM: suspend entry (deep)
[    7.247459] PM: Syncing filesystems ... done.
[    7.255034] Freezing user space processes ... (elapsed 0.001 seconds) done.
[    7.256273] OOM killer disabled.
[    7.256276] Freezing remaining freezable tasks ... (elapsed 0.001 seconds) done.
[    7.257534] Suspending console(s) (use no_console_suspend to debug)
[    7.627509] Disabling non-boot CPUs ...
[    7.791675] IRQ17 no longer affine to CPU3
[    7.793055] Entering suspend state LP1
[    7.793082] Enabling non-boot CPUs ...
[    7.793984] CPU1 is up
[    7.794787] CPU2 is up
[    7.795671] CPU3 is up
[    7.796271] pcieport 0000:00:01.0: nv_msi_ht_cap_quirk didn't locate host bridge
[    7.796273] pcieport 0000:00:02.0: nv_msi_ht_cap_quirk didn't locate host bridge
[    7.841852] tegra-hdmi 54280000.hdmi: cannot set audio to 48000 Hz at 297000000 Hz pixel clock
[    8.144267] ata1: SATA link down (SStatus 0 SControl 300)
[   10.823244] OOM killer enabled.
[   10.826373] Restarting tasks ... done.
[   10.881622] PM: suspend exit
root@(none):/# 
root@(none):/# rtcwake -d rtc1 -m mem -s 3
rtcwake: assuming RTC uses UTC ...
rtcwake: wakeup from "mem" using /dev/rtc1 at Thu Jan  1 00:00:27 1970
[   11.364111] PM: suspend entry (deep)
[   11.367701] PM: Syncing filesystems ... done.
[   11.373801] Freezing user space processes ... (elapsed 0.001 seconds) done.
[   11.374994] OOM killer disabled.
[   11.374996] Freezing remaining freezable tasks ... (elapsed 0.001 seconds) done.
[   11.376221] Suspending console(s) (use no_console_suspend to debug)
[   11.480988] pci_generic_config_write32: 78 callbacks suppressed
[   11.481000] pci_bus 0000:00: 2-byte config write to 0000:00:02.0 offset 0x9c may corrupt adjacent RW1C bits
[   11.481028] pci_bus 0000:00: 2-byte config write to 0000:00:01.0 offset 0x9c may corrupt adjacent RW1C bits
[   11.695361] Disabling non-boot CPUs ...
[   11.741663] IRQ17 no longer affine to CPU1
[   11.872404] Entering suspend state LP1
[   11.872431] Enabling non-boot CPUs ...
[   11.873349] CPU1 is up
[   11.874168] CPU2 is up
[   11.875061] CPU3 is up
[   11.875611] pci_bus 0000:00: 2-byte config write to 0000:00:01.0 offset 0x4c may corrupt adjacent RW1C bits
[   11.875623] pci_bus 0000:00: 2-byte config write to 0000:00:02.0 offset 0x4c may corrupt adjacent RW1C bits
[   11.875633] pci_bus 0000:00: 2-byte config write to 0000:00:01.0 offset 0x88 may corrupt adjacent RW1C bits
[   11.875639] pci_bus 0000:00: 2-byte config write to 0000:00:01.0 offset 0x90 may corrupt adjacent RW1C bits
[   11.875646] pci_bus 0000:00: 2-byte config write to 0000:00:02.0 offset 0x88 may corrupt adjacent RW1C bits
[   11.875651] pci_bus 0000:00: 2-byte config write to 0000:00:01.0 offset 0x98 may corrupt adjacent RW1C bits
[   11.875657] pci_bus 0000:00: 2-byte config write to 0000:00:02.0 offset 0x90 may corrupt adjacent RW1C bits
[   11.875662] pci_bus 0000:00: 2-byte config write to 0000:00:01.0 offset 0x9c may corrupt adjacent RW1C bits
[   11.875770] pcieport 0000:00:01.0: nv_msi_ht_cap_quirk didn't locate host bridge
[   11.875772] pcieport 0000:00:02.0: nv_msi_ht_cap_quirk didn't locate host bridge
[   11.921831] tegra-hdmi 54280000.hdmi: cannot set audio to 48000 Hz at 297000000 Hz pixel clock
[   12.224226] ata1: SATA link down (SStatus 0 SControl 300)
[   15.006509] OOM killer enabled.
[   15.009638] Restarting tasks ... done.
root@(none):/# 
root@(none):/# [   15.013962] PM: suspend exit
rtcwake -d rtc1 -m mem -s 3
rtcwake: assuming RTC uses UTC ...
rtcwake: wakeup from "mem" using /dev/rtc1 at Thu Jan  1 00:00:34 1970
[   15.448490] PM: suspend entry (deep)
[   15.452411] PM: Syncing filesystems ... done.
[   15.458083] Freezing user space processes ... (elapsed 0.001 seconds) done.
[   15.459353] OOM killer disabled.
[   15.459356] Freezing remaining freezable tasks ... (elapsed 0.001 seconds) done.
[   15.460666] Suspending console(s) (use no_console_suspend to debug)
[   15.817799] Disabling non-boot CPUs ...
[   15.851740] IRQ17 no longer affine to CPU1
[   15.972712] Entering suspend state LP1
[   15.972738] Enabling non-boot CPUs ...
[   15.973661] CPU1 is up
[   15.974483] CPU2 is up
[   15.975379] CPU3 is up
[   15.976053] pcieport 0000:00:02.0: nv_msi_ht_cap_quirk didn't locate host bridge
[   15.976055] pcieport 0000:00:01.0: nv_msi_ht_cap_quirk didn't locate host bridge
[   16.021810] tegra-hdmi 54280000.hdmi: cannot set audio to 48000 Hz at 297000000 Hz pixel clock
[   16.324191] ata1: SATA link down (SStatus 0 SControl 300)
[   19.003320] OOM killer enabled.
[   19.006449] Restarting tasks ... done.
root@(none):/# 
root@(none):/# [   19.010882] PM: suspend exit
rtcwake -d rtc1 -m mem -s 3
rtcwake: assuming RTC uses UTC ...
rtcwake: wakeup from "mem" using /dev/rtc1 at Thu Jan  1 00:00:41 1970
[   19.543968] PM: suspend entry (deep)
[   19.547557] PM: Syncing filesystems ... done.
[   19.553599] Freezing user space processes ... (elapsed 0.001 seconds) done.
[   19.554794] OOM killer disabled.
[   19.554796] Freezing remaining freezable tasks ... (elapsed 0.001 seconds) done.
[   19.556026] Suspending console(s) (use no_console_suspend to debug)
[   19.660922] pci_generic_config_write32: 46 callbacks suppressed
[   19.660931] pci_bus 0000:00: 2-byte config write to 0000:00:01.0 offset 0x9c may corrupt adjacent RW1C bits
[   19.660945] pci_bus 0000:00: 2-byte config write to 0000:00:02.0 offset 0x9c may corrupt adjacent RW1C bits
[   19.875327] Disabling non-boot CPUs ...
[   20.001574] IRQ17 no longer affine to CPU2
[   20.062349] Entering suspend state LP1
[   20.062376] Enabling non-boot CPUs ...
[   20.063307] CPU1 is up
[   20.064132] CPU2 is up
[   20.065027] CPU3 is up
[   20.065548] pci_bus 0000:00: 2-byte config write to 0000:00:02.0 offset 0x4c may corrupt adjacent RW1C bits
[   20.065557] pci_bus 0000:00: 2-byte config write to 0000:00:01.0 offset 0x4c may corrupt adjacent RW1C bits
[   20.065569] pci_bus 0000:00: 2-byte config write to 0000:00:02.0 offset 0x88 may corrupt adjacent RW1C bits
[   20.065575] pci_bus 0000:00: 2-byte config write to 0000:00:01.0 offset 0x88 may corrupt adjacent RW1C bits
[   20.065581] pci_bus 0000:00: 2-byte config write to 0000:00:02.0 offset 0x90 may corrupt adjacent RW1C bits
[   20.065587] pci_bus 0000:00: 2-byte config write to 0000:00:01.0 offset 0x90 may corrupt adjacent RW1C bits
[   20.065593] pci_bus 0000:00: 2-byte config write to 0000:00:02.0 offset 0x98 may corrupt adjacent RW1C bits
[   20.065598] pci_bus 0000:00: 2-byte config write to 0000:00:01.0 offset 0x98 may corrupt adjacent RW1C bits
[   20.065706] pcieport 0000:00:02.0: nv_msi_ht_cap_quirk didn't locate host bridge
[   20.065708] pcieport 0000:00:01.0: nv_msi_ht_cap_quirk didn't locate host bridge
[   20.111806] tegra-hdmi 54280000.hdmi: cannot set audio to 48000 Hz at 297000000 Hz pixel clock
[   20.414090] ata1: SATA link down (SStatus 0 SControl 300)
[   23.206412] OOM killer enabled.
[   23.209546] Restarting tasks ... done.
root@(none):/# 
root@(none):/# [   23.213871] PM: suspend exit
rtcwake -d rtc1 -m mem -s 3
rtcwake: assuming RTC uses UTC ...
rtcwake: wakeup from "mem" using /dev/rtc1 at Thu Jan  1 00:00:48 1970
[   23.649939] PM: suspend entry (deep)
[   23.653606] PM: Syncing filesystems ... done.
[   23.660266] Freezing user space processes ... (elapsed 0.001 seconds) done.
[   23.661715] OOM killer disabled.
[   23.661721] Freezing remaining freezable tasks ... (elapsed 0.001 seconds) done.
[   23.663206] Suspending console(s) (use no_console_suspend to debug)
[   24.044637] Disabling non-boot CPUs ...
[   24.201971] Entering suspend state LP1
[   24.201994] Enabling non-boot CPUs ...
[   24.202722] CPU1 is up
[   24.203340] CPU2 is up
[   24.204005] CPU3 is up
[   24.204514] pcieport 0000:00:01.0: nv_msi_ht_cap_quirk didn't locate host bridge
[   24.204516] pcieport 0000:00:02.0: nv_msi_ht_cap_quirk didn't locate host bridge
[   24.251736] tegra-hdmi 54280000.hdmi: cannot set audio to 48000 Hz at 297000000 Hz pixel clock
[   24.554004] ata1: SATA link down (SStatus 0 SControl 300)
[   27.219014] OOM killer enabled.
[   27.222166] Restarting tasks ... done.
root@(none):/# 
root@(none):/# [   27.226495] PM: suspend exit
rtcwake -d rtc1 -m mem -s 3
rtcwake: assuming RTC uses UTC ...
rtcwake: wakeup from "mem" using /dev/rtc1 at Thu Jan  1 00:00:55 1970
[   27.777957] PM: suspend entry (deep)
[   27.781733] PM: Syncing filesystems ... done.
[   27.787260] Freezing user space processes ... (elapsed 0.001 seconds) done.
[   27.788544] OOM killer disabled.
[   27.788547] Freezing remaining freezable tasks ... (elapsed 0.001 seconds) done.
[   27.789845] Suspending console(s) (use no_console_suspend to debug)
[   27.931740] pci_generic_config_write32: 46 callbacks suppressed
[   27.931752] pci_bus 0000:00: 2-byte config write to 0000:00:02.0 offset 0x9c may corrupt adjacent RW1C bits
[   27.931788] pci_bus 0000:00: 2-byte config write to 0000:00:01.0 offset 0x9c may corrupt adjacent RW1C bits
[   28.147015] Disabling non-boot CPUs ...
[   28.191674] IRQ17 no longer affine to CPU1
[   28.322511] Entering suspend state LP1
[   28.322523] Enabling non-boot CPUs ...
[   28.323466] CPU1 is up
[   28.324294] CPU2 is up
[   28.325195] CPU3 is up
[   28.325681] pci_bus 0000:00: 2-byte config write to 0000:00:01.0 offset 0x4c may corrupt adjacent RW1C bits
[   28.325692] pci_bus 0000:00: 2-byte config write to 0000:00:01.0 offset 0x88 may corrupt adjacent RW1C bits
[   28.325698] pci_bus 0000:00: 2-byte config write to 0000:00:01.0 offset 0x90 may corrupt adjacent RW1C bits
[   28.325703] pci_bus 0000:00: 2-byte config write to 0000:00:01.0 offset 0x98 may corrupt adjacent RW1C bits
[   28.325709] pci_bus 0000:00: 2-byte config write to 0000:00:01.0 offset 0x9c may corrupt adjacent RW1C bits
[   28.325714] pci_bus 0000:00: 2-byte config write to 0000:00:01.0 offset 0xa8 may corrupt adjacent RW1C bits
[   28.325719] pci_bus 0000:00: 2-byte config write to 0000:00:01.0 offset 0xb0 may corrupt adjacent RW1C bits
[   28.325748] pci_bus 0000:00: 2-byte config write to 0000:00:01.0 offset 0x52 may corrupt adjacent RW1C bits
[   28.325779] pcieport 0000:00:01.0: nv_msi_ht_cap_quirk didn't locate host bridge
[   28.325899] pcieport 0000:00:02.0: nv_msi_ht_cap_quirk didn't locate host bridge
[   28.381732] tegra-hdmi 54280000.hdmi: cannot set audio to 48000 Hz at 297000000 Hz pixel clock
[   28.674144] ata1: SATA link down (SStatus 0 SControl 300)
[   31.456441] OOM killer enabled.
[   31.459570] Restarting tasks ... done.
root@(none):/# 
root@(none):/# [   31.463941] PM: suspend exit
rtcwake -d rtc1 -m mem -s 3
rtcwake: assuming RTC uses UTC ...
rtcwake: wakeup from "mem" using /dev/rtc1 at Thu Jan  1 00:01:02 1970
[   31.905939] PM: suspend entry (deep)
[   31.909521] PM: Syncing filesystems ... done.
[   31.915798] Freezing user space processes ... (elapsed 0.001 seconds) done.
[   31.917133] OOM killer disabled.
[   31.917137] Freezing remaining freezable tasks ... (elapsed 0.001 seconds) done.
[   31.918496] Suspending console(s) (use no_console_suspend to debug)
[   32.288196] Disabling non-boot CPUs ...
[   32.321746] IRQ17 no longer affine to CPU1
[   32.432673] Entering suspend state LP1
[   32.432685] Enabling non-boot CPUs ...
[   32.433630] CPU1 is up
[   32.434447] CPU2 is up
[   32.435349] CPU3 is up
[   32.435989] pcieport 0000:00:01.0: nv_msi_ht_cap_quirk didn't locate host bridge
[   32.435991] pcieport 0000:00:02.0: nv_msi_ht_cap_quirk didn't locate host bridge
[   32.481709] tegra-hdmi 54280000.hdmi: cannot set audio to 48000 Hz at 297000000 Hz pixel clock
[   32.784123] ata1: SATA link down (SStatus 0 SControl 300)
[   35.463160] OOM killer enabled.
[   35.466289] Restarting tasks ... done.
root@(none):/# 
root@(none):/# [   35.470601] PM: suspend exit
rtcwake -d rtc1 -m mem -s 3
rtcwake: assuming RTC uses UTC ...
rtcwake: wakeup from "mem" using /dev/rtc1 at Thu Jan  1 00:01:09 1970
[   35.999235] PM: suspend entry (deep)
[   36.003003] PM: Syncing filesystems ... done.
[   36.008728] Freezing user space processes ... (elapsed 0.001 seconds) done.
[   36.010015] OOM killer disabled.
[   36.010018] Freezing remaining freezable tasks ... (elapsed 0.001 seconds) done.
[   36.011343] Suspending console(s) (use no_console_suspend to debug)
[   36.161425] pci_generic_config_write32: 46 callbacks suppressed
[   36.161437] pci_bus 0000:00: 2-byte config write to 0000:00:02.0 offset 0x9c may corrupt adjacent RW1C bits
[   36.161467] pci_bus 0000:00: 2-byte config write to 0000:00:01.0 offset 0x9c may corrupt adjacent RW1C bits
[   36.377131] Disabling non-boot CPUs ...
[   36.441599] IRQ17 no longer affine to CPU1
[   36.552393] Entering suspend state LP1
[   36.552405] Enabling non-boot CPUs ...
[   36.553345] CPU1 is up
[   36.554162] CPU2 is up
[   36.555061] CPU3 is up
[   36.555562] pci_bus 0000:00: 2-byte config write to 0000:00:01.0 offset 0x4c may corrupt adjacent RW1C bits
[   36.555573] pci_bus 0000:00: 2-byte config write to 0000:00:02.0 offset 0x4c may corrupt adjacent RW1C bits
[   36.555583] pci_bus 0000:00: 2-byte config write to 0000:00:01.0 offset 0x88 may corrupt adjacent RW1C bits
[   36.555589] pci_bus 0000:00: 2-byte config write to 0000:00:01.0 offset 0x90 may corrupt adjacent RW1C bits
[   36.555596] pci_bus 0000:00: 2-byte config write to 0000:00:02.0 offset 0x88 may corrupt adjacent RW1C bits
[   36.555601] pci_bus 0000:00: 2-byte config write to 0000:00:01.0 offset 0x98 may corrupt adjacent RW1C bits
[   36.555607] pci_bus 0000:00: 2-byte config write to 0000:00:02.0 offset 0x90 may corrupt adjacent RW1C bits
[   36.555613] pci_bus 0000:00: 2-byte config write to 0000:00:01.0 offset 0x9c may corrupt adjacent RW1C bits
[   36.555721] pcieport 0000:00:01.0: nv_msi_ht_cap_quirk didn't locate host bridge
[   36.555722] pcieport 0000:00:02.0: nv_msi_ht_cap_quirk didn't locate host bridge
[   36.601682] tegra-hdmi 54280000.hdmi: cannot set audio to 48000 Hz at 297000000 Hz pixel clock
[   36.904094] ata1: SATA link down (SStatus 0 SControl 300)
[   39.686305] OOM killer enabled.
[   39.689435] Restarting tasks ... done.
root@(none):/# 
root@(none):/# [   39.693766] PM: suspend exit
rtcwake -d rtc1 -m mem -s 3
rtcwake: assuming RTC uses UTC ...
rtcwake: wakeup from "mem" using /dev/rtc1 at Thu Jan  1 00:01:16 1970
[   40.135629] PM: suspend entry (deep)
[   40.139210] PM: Syncing filesystems ... done.
[   40.145212] Freezing user space processes ... (elapsed 0.001 seconds) done.
[   40.146549] OOM killer disabled.
[   40.146553] Freezing remaining freezable tasks ... (elapsed 0.001 seconds) done.
[   40.147908] Suspending console(s) (use no_console_suspend to debug)
[   40.498284] Disabling non-boot CPUs ...
[   40.541717] IRQ17 no longer affine to CPU1
[   40.672692] Entering suspend state LP1
[   40.672704] Enabling non-boot CPUs ...
[   40.673647] CPU1 is up
[   40.674462] CPU2 is up
[   40.675358] CPU3 is up
[   40.675994] pcieport 0000:00:02.0: nv_msi_ht_cap_quirk didn't locate host bridge
[   40.675996] pcieport 0000:00:01.0: nv_msi_ht_cap_quirk didn't locate host bridge
[   40.721648] tegra-hdmi 54280000.hdmi: cannot set audio to 48000 Hz at 297000000 Hz pixel clock
[   41.024078] ata1: SATA link down (SStatus 0 SControl 300)
[   43.713070] OOM killer enabled.
[   43.716199] Restarting tasks ... done.
root@(none):/# 
root@(none):/# [   43.720401] PM: suspend exit
rtcwake -d rtc1 -m mem -s 3
rtcwake: assuming RTC uses UTC ...
rtcwake: wakeup from "mem" using /dev/rtc1 at Thu Jan  1 00:01:23 1970
[   44.247712] PM: suspend entry (deep)
[   44.251373] PM: Syncing filesystems ... done.
[   44.258014] Freezing user space processes ... (elapsed 0.001 seconds) done.
[   44.259457] OOM killer disabled.
[   44.259463] Freezing remaining freezable tasks ... (elapsed 0.001 seconds) done.
[   44.260957] Suspending console(s) (use no_console_suspend to debug)
[   44.443607] pci_generic_config_write32: 46 callbacks suppressed
[   44.443614] pci_bus 0000:00: 2-byte config write to 0000:00:01.0 offset 0x9c may corrupt adjacent RW1C bits
[   44.443622] pci_bus 0000:00: 2-byte config write to 0000:00:02.0 offset 0x9c may corrupt adjacent RW1C bits
[   44.654568] Disabling non-boot CPUs ...
[   44.701359] IRQ17 no longer affine to CPU1
[   44.831859] Entering suspend state LP1
[   44.831869] Enabling non-boot CPUs ...
[   44.832642] CPU1 is up
[   44.833288] CPU2 is up
[   44.833997] CPU3 is up
[   44.834415] pci_bus 0000:00: 2-byte config write to 0000:00:02.0 offset 0x4c may corrupt adjacent RW1C bits
[   44.834424] pci_bus 0000:00: 2-byte config write to 0000:00:02.0 offset 0x88 may corrupt adjacent RW1C bits
[   44.834428] pci_bus 0000:00: 2-byte config write to 0000:00:02.0 offset 0x90 may corrupt adjacent RW1C bits
[   44.834433] pci_bus 0000:00: 2-byte config write to 0000:00:02.0 offset 0x98 may corrupt adjacent RW1C bits
[   44.834437] pci_bus 0000:00: 2-byte config write to 0000:00:02.0 offset 0x9c may corrupt adjacent RW1C bits
[   44.834442] pci_bus 0000:00: 2-byte config write to 0000:00:02.0 offset 0xa8 may corrupt adjacent RW1C bits
[   44.834446] pci_bus 0000:00: 2-byte config write to 0000:00:02.0 offset 0xb0 may corrupt adjacent RW1C bits
[   44.834472] pci_bus 0000:00: 2-byte config write to 0000:00:02.0 offset 0x52 may corrupt adjacent RW1C bits
[   44.834500] pcieport 0000:00:02.0: nv_msi_ht_cap_quirk didn't locate host bridge
[   44.834594] pcieport 0000:00:01.0: nv_msi_ht_cap_quirk didn't locate host bridge
[   44.881596] tegra-hdmi 54280000.hdmi: cannot set audio to 48000 Hz at 297000000 Hz pixel clock
[   45.183802] ata1: SATA link down (SStatus 0 SControl 300)
[   47.966084] OOM killer enabled.
[   47.969213] Restarting tasks ... done.
root@(none):/# 
root@(none):/# [   47.973504] PM: suspend exit
NVTB SYSTEM SUSPEND TEST COMPLETE
