
U-Boot SPL 2015.04-rc3-00209-ga74ef40 (Mar 16 2015 - 14:43:39)


U-Boot 2015.04-rc3-00209-ga74ef40 (Mar 16 2015 - 14:43:39)

TEGRA20
Model: Compulab TrimSlice board
DRAM:  1 GiB
MMC:   Tegra SD/MMC: 0, Tegra SD/MMC: 1
SF: Detected W25Q80BL with page size 256 Bytes, erase size 4 KiB, total 1 MiB
tegra-pcie: PCI regions:
tegra-pcie:   I/O: 0x82000000-0x82010000
tegra-pcie:   non-prefetchable memory: 0xa0000000-0xa8000000
tegra-pcie:   prefetchable memory: 0xa8000000-0xc0000000
tegra-pcie: dual-mode configuration
tegra-pcie: probing port 0, using 2 lanes
In:    serial
Out:   serial
Err:   serial
Net:   RTL8169#0
Hit any key to stop autoboot:  2  1  0 
Tegra20 (TrimSlice) # 
Tegra20 (TrimSlice) # usb reset
resetting USB...
USB0:   USB EHCI 1.00
scanning bus 0 for devices... 3 USB Device(s) found
USB1:   USB EHCI 1.00
scanning bus 1 for devices... 1 USB Device(s) found
USB2:   lowlevel init failed
       scanning usb for storage devices... 0 Storage Device(s) found
       scanning usb for ethernet devices... 
Warning: asx0 using MAC address from net device
1 Ethernet Device(s) found
Tegra20 (TrimSlice) # setenv bootargs 'ignore_loglevel console=ttyS0,115200n8 rw root=PARTUUID=11eb23c1-01 rootwait gpt debug noinitrd earlyprintk init=/bin/bash'
Tegra20 (TrimSlice) # setenv ipaddr 192.168.100.103; setenv serverip 192.168.100.1; setenv tftpserverip 192.168.100.1
Tegra20 (TrimSlice) # tftpboot 0x00408000 zImage.multi_v7_defconfig
Using RTL8169#0 device
TFTP from server 192.168.100.1; our IP address is 192.168.100.103
Filename 'zImage.multi_v7_defconfig'.
Load address: 0x408000
Loading: *#################################################################
	 #################################################################
	 #################################################################
	 #################################################################
	 #################################################################
	 #################################################################
	 #################################################################
	 #############################
	 4.1 MiB/s
done
Bytes transferred = 7092848 (6c3a70 hex)
Tegra20 (TrimSlice) # tftpboot 0x02408000 tegra20-trimslice.dtb
Using RTL8169#0 device
TFTP from server 192.168.100.1; our IP address is 192.168.100.103
Filename 'tegra20-trimslice.dtb'.
Load address: 0x2408000
Loading: *##
	 3.4 MiB/s
done
Bytes transferred = 21172 (52b4 hex)
Tegra20 (TrimSlice) # bootz 0x00408000 - 0x02408000
Kernel image @ 0x408000 [ 0x000000 - 0x6c3a70 ]
## Flattened Device Tree blob at 02408000
   Booting using the fdt blob at 0x2408000
   Using Device Tree in place at 02408000, end 024102b3

Starting kernel ...

[    0.000000] Booting Linux on physical CPU 0x0
[    0.000000] Linux version 4.8.0-rc3-110147-gfa8410b (pwalmsley@sellafield) (gcc version 4.7.3 20130328 (prerelease) (crosstool-NG linaro-1.13.1-4.7-2013.04-20130415 - Linaro GCC 2013.04) ) #1 SMP Sun Aug 21 16:34:34 PDT 2016
[    0.000000] CPU: ARMv7 Processor [411fc090] revision 0 (ARMv7), cr=10c5387d
[    0.000000] CPU: PIPT / VIPT nonaliasing data cache, VIPT aliasing instruction cache
[    0.000000] OF: fdt:Machine model: Compulab TrimSlice board
[    0.000000] debug: ignoring loglevel setting.
[    0.000000] cma: Reserved 64 MiB at 0x3c000000
[    0.000000] Memory policy: Data cache writealloc
[    0.000000] On node 0 totalpages: 262144
[    0.000000] free_area_init_node: node 0, pgdat c141cf40, node_mem_map ef7f8000
[    0.000000]   DMA zone: 1536 pages used for memmap
[    0.000000]   DMA zone: 0 pages reserved
[    0.000000]   DMA zone: 196608 pages, LIFO batch:31
[    0.000000]   HighMem zone: 65536 pages, LIFO batch:15
[    0.000000] percpu: Embedded 14 pages/cpu @ef7c7000 s25984 r8192 d23168 u57344
[    0.000000] pcpu-alloc: s25984 r8192 d23168 u57344 alloc=14*4096
[    0.000000] pcpu-alloc: [0] 0 [0] 1 
[    0.000000] Built 1 zonelists in Zone order, mobility grouping on.  Total pages: 260608
[    0.000000] Kernel command line: ignore_loglevel console=ttyS0,115200n8 rw root=PARTUUID=11eb23c1-01 rootwait gpt debug noinitrd earlyprintk init=/bin/bash
[    0.000000] PID hash table entries: 4096 (order: 2, 16384 bytes)
[    0.000000] Dentry cache hash table entries: 131072 (order: 7, 524288 bytes)
[    0.000000] Inode-cache hash table entries: 65536 (order: 6, 262144 bytes)
[    0.000000] Memory: 955920K/1048576K available (9216K kernel code, 1147K rwdata, 3968K rodata, 2048K init, 343K bss, 27120K reserved, 65536K cma-reserved, 196608K highmem)
[    0.000000] Virtual kernel memory layout:
[    0.000000]     vector  : 0xffff0000 - 0xffff1000   (   4 kB)
[    0.000000]     fixmap  : 0xffc00000 - 0xfff00000   (3072 kB)
[    0.000000]     vmalloc : 0xf0800000 - 0xff800000   ( 240 MB)
[    0.000000]     lowmem  : 0xc0000000 - 0xf0000000   ( 768 MB)
[    0.000000]     pkmap   : 0xbfe00000 - 0xc0000000   (   2 MB)
[    0.000000]     modules : 0xbf000000 - 0xbfe00000   (  14 MB)
[    0.000000]       .text : 0xc0208000 - 0xc0c00000   (10208 kB)
[    0.000000]       .init : 0xc1100000 - 0xc1300000   (2048 kB)
[    0.000000]       .data : 0xc1300000 - 0xc141edc0   (1148 kB)
[    0.000000]        .bss : 0xc1420000 - 0xc1475c88   ( 344 kB)
[    0.000000] SLUB: HWalign=64, Order=0-3, MinObjects=0, CPUs=2, Nodes=1
[    0.000000] Hierarchical RCU implementation.
[    0.000000] 	Build-time adjustment of leaf fanout to 32.
[    0.000000] 	RCU restricting CPUs from NR_CPUS=16 to nr_cpu_ids=2.
[    0.000000] RCU: Adjusting geometry for rcu_fanout_leaf=32, nr_cpu_ids=2
[    0.000000] NR_IRQS:16 nr_irqs:16 16
[    0.000000] /interrupt-controller@60004000: 128 interrupts forwarded to /interrupt-controller@50041000
[    0.000000] L2C: platform modifies aux control register: 0x02080000 -> 0x3e480001
[    0.000000] L2C: DT/platform modifies aux control register: 0x02080000 -> 0x3e480001
[    0.000000] L2C-310 errata 727915 769419 enabled
[    0.000000] L2C-310 enabling early BRESP for Cortex-A9
[    0.000000] L2C-310: enabling full line of zeros but not enabled in Cortex-A9
[    0.000000] L2C-310 ID prefetch enabled, offset 1 lines
[    0.000000] L2C-310 cache controller enabled, 8 ways, 1024 kB
[    0.000000] L2C-310: CACHE_ID 0x410000c4, AUX_CTRL 0x7e480001
[    0.000010] sched_clock: 32 bits at 1000kHz, resolution 1000ns, wraps every 2147483647500ns
[    0.000025] clocksource: timer_us: mask: 0xffffffff max_cycles: 0xffffffff, max_idle_ns: 1911260446275 ns
[    0.000035] Switching to timer-based delay loop, resolution 1000ns
[    0.001665] Console: colour dummy device 80x30
[    0.001688] Calibrating delay loop (skipped), value calculated using timer frequency.. 2.00 BogoMIPS (lpj=5000)
[    0.001699] pid_max: default: 32768 minimum: 301
[    0.001774] Mount-cache hash table entries: 2048 (order: 1, 8192 bytes)
[    0.001782] Mountpoint-cache hash table entries: 2048 (order: 1, 8192 bytes)
[    0.002272] CPU: Testing write buffer coherency: ok
[    0.002452] CPU0: thread -1, cpu 0, socket 0, mpidr 80000000
[    0.002475] Setting up static identity map for 0x300000 - 0x300098
[    0.003994] Tegra Revision: A03 prime SKU: 8 CPU Process: 1 SoC Process: 2
[    0.005037] CPU1: thread -1, cpu 1, socket 0, mpidr 80000001
[    0.005100] Brought up 2 CPUs
[    0.005112] SMP: Total of 2 processors activated (4.00 BogoMIPS).
[    0.005118] CPU: All CPU(s) started in SVC mode.
[    0.005771] devtmpfs: initialized
[    0.010059] VFP support v0.3: implementor 41 architecture 3 part 30 variant 9 rev 1
[    0.010307] clocksource: jiffies: mask: 0xffffffff max_cycles: 0xffffffff, max_idle_ns: 9556302231375000 ns
[    0.013193] pinctrl core: initialized pinctrl subsystem
[    0.014336] NET: Registered protocol family 16
[    0.016260] DMA: preallocated 256 KiB pool for atomic coherent allocations
[    0.029907] cpuidle: using governor menu
[    0.041078] No ATAGs?
[    0.041100] hw-breakpoint: found 5 (+1 reserved) breakpoint and 1 watchpoint registers.
[    0.041107] hw-breakpoint: maximum watchpoint size is 4 bytes.
[    0.044573] Serial: AMBA PL011 UART driver
[    0.073288] usb1_vbus: Failed to request enable GPIO170: -517
[    0.073302] reg-fixed-voltage regulators:regulator@2: Failed to register regulator: -517
[    0.076902] vgaarb: loaded
[    0.077489] SCSI subsystem initialized
[    0.077608] libata version 3.00 loaded.
[    0.077807] usbcore: registered new interface driver usbfs
[    0.077853] usbcore: registered new interface driver hub
[    0.077901] usbcore: registered new device driver usb
[    0.079929] pps_core: LinuxPPS API ver. 1 registered
[    0.079937] pps_core: Software ver. 5.3.6 - Copyright 2005-2007 Rodolfo Giometti <giometti@linux.it>
[    0.079954] PTP clock support registered
[    0.080101] EDAC MC: Ver: 3.0.0
[    0.081900] clocksource: Switched to clocksource timer_us
[    0.089737] NET: Registered protocol family 2
[    0.090151] TCP established hash table entries: 8192 (order: 3, 32768 bytes)
[    0.090225] TCP bind hash table entries: 8192 (order: 4, 65536 bytes)
[    0.090339] TCP: Hash tables configured (established 8192 bind 8192)
[    0.090423] UDP hash table entries: 512 (order: 2, 16384 bytes)
[    0.090472] UDP-Lite hash table entries: 512 (order: 2, 16384 bytes)
[    0.090628] NET: Registered protocol family 1
[    0.090940] RPC: Registered named UNIX socket transport module.
[    0.090948] RPC: Registered udp transport module.
[    0.090954] RPC: Registered tcp transport module.
[    0.090958] RPC: Registered tcp NFSv4.1 backchannel transport module.
[    0.090967] PCI: CLS 0 bytes, default 64
[    0.091753] hw perfevents: enabled with armv7_cortex_a9 PMU driver, 7 counters available
[    0.092731] futex hash table entries: 512 (order: 3, 32768 bytes)
[    0.093268] workingset: timestamp_bits=30 max_order=18 bucket_order=0
[    0.101080] squashfs: version 4.0 (2009/01/31) Phillip Lougher
[    0.101692] NFS: Registering the id_resolver key type
[    0.101713] Key type id_resolver registered
[    0.101719] Key type id_legacy registered
[    0.101751] ntfs: driver 2.1.32 [Flags: R/O].
[    0.102689] bounce: pool size: 64 pages
[    0.102844] Block layer SCSI generic (bsg) driver version 0.4 loaded (major 248)
[    0.102853] io scheduler noop registered
[    0.102859] io scheduler deadline registered
[    0.102995] io scheduler cfq registered (default)
[    0.106009] libphy: mdio_driver_register: phy-bcm-ns2-pci
[    0.114523] tegra-pcie 80003000.pcie-controller: dual-mode configuration
[    0.115245] tegra-pcie 80003000.pcie-controller: probing port 0, using 2 lanes
[    0.197368] tegra-pcie 80003000.pcie-controller: PCI host bridge to bus 0000:00
[    0.197380] pci_bus 0000:00: root bus resource [io  0x0000-0xffff]
[    0.197388] pci_bus 0000:00: root bus resource [mem 0xa0000000-0xa7ffffff]
[    0.197397] pci_bus 0000:00: root bus resource [mem 0xa8000000-0xbfffffff pref]
[    0.197406] pci_bus 0000:00: root bus resource [bus 00-ff]
[    0.197433] pci 0000:00:01.0: [10de:0bf0] type 01 class 0x060000
[    0.197492] pci 0000:00:01.0: PME# supported from D0 D1 D2 D3hot D3cold
[    0.197693] PCI: bus0: Fast back to back transfers disabled
[    0.197704] pci 0000:00:01.0: bridge configuration invalid ([bus 00-00]), reconfiguring
[    0.197834] pci 0000:01:00.0: [10ec:8168] type 00 class 0x020000
[    0.197856] pci 0000:01:00.0: reg 0x10: [io  0x0000-0x00ff]
[    0.197878] pci 0000:01:00.0: reg 0x18: [mem 0x00000000-0x00000fff 64bit pref]
[    0.197894] pci 0000:01:00.0: reg 0x20: [mem 0x00000000-0x00003fff 64bit pref]
[    0.197906] pci 0000:01:00.0: reg 0x30: [mem 0x00000000-0x0001ffff pref]
[    0.197982] pci 0000:01:00.0: supports D1 D2
[    0.197989] pci 0000:01:00.0: PME# supported from D0 D1 D2 D3hot D3cold
[    0.211935] PCI: bus1: Fast back to back transfers disabled
[    0.211948] pci_bus 0000:01: busn_res: [bus 01-ff] end is updated to 01
[    0.211960] Disabling cpuidle LP2 state, since PCIe IRQs are in use
[    0.212018] pci 0000:00:01.0: BAR 8: assigned [mem 0xa0000000-0xa00fffff]
[    0.212029] pci 0000:00:01.0: BAR 9: assigned [mem 0xa8000000-0xa80fffff 64bit pref]
[    0.212038] pci 0000:00:01.0: BAR 7: assigned [io  0x1000-0x1fff]
[    0.212058] pci 0000:01:00.0: BAR 6: assigned [mem 0xa0000000-0xa001ffff pref]
[    0.212068] pci 0000:01:00.0: BAR 4: assigned [mem 0xa8000000-0xa8003fff 64bit pref]
[    0.212085] pci 0000:01:00.0: BAR 2: assigned [mem 0xa8004000-0xa8004fff 64bit pref]
[    0.212101] pci 0000:01:00.0: BAR 0: assigned [io  0x1000-0x10ff]
[    0.212112] pci 0000:00:01.0: PCI bridge to [bus 01]
[    0.212121] pci 0000:00:01.0:   bridge window [io  0x1000-0x1fff]
[    0.212129] pci 0000:00:01.0:   bridge window [mem 0xa0000000-0xa00fffff]
[    0.212137] pci 0000:00:01.0:   bridge window [mem 0xa8000000-0xa80fffff 64bit pref]
[    0.212158] pci 0000:00:01.0: nv_msi_ht_cap_quirk didn't locate host bridge
[    0.212208] pcieport 0000:00:01.0: enabling device (0140 -> 0143)
[    0.212366] pcieport 0000:00:01.0: Signaling PME through PCIe PME interrupt
[    0.212375] pci 0000:01:00.0: Signaling PME through PCIe PME interrupt
[    0.212385] pcie_pme 0000:00:01.0:pcie001: service driver pcie_pme loaded
[    0.216044] tegra-apbdma 6000a000.dma: Tegra20 APB DMA driver register 16 channels
[    0.267106] Serial: 8250/16550 driver, 4 ports, IRQ sharing disabled
[    0.269476] console [ttyS0] disabled
[    0.269533] 70006000.serial: ttyS0 at MMIO 0x70006000 (irq = 279, base_baud = 13500000) is a Tegra
[    1.219388] console [ttyS0] enabled
[    1.223505] SuperH (H)SCI(F) driver initialized
[    1.228787] msm_serial: driver initialized
[    1.233032] STMicroelectronics ASC driver initialized
[    1.240713] [drm] Initialized drm 1.1.0 20060810
[    1.247624] 54280000.hdmi supply hdmi not found, using dummy regulator
[    1.256322] [drm] Supports vblank timestamp caching Rev 2 (21.10.2013).
[    1.262939] [drm] No driver support for vblank timestamp query.
[    1.268886] drm drm: No connectors reported connected with modes
[    1.274893] [drm] Cannot find any crtc or sizes - going 1024x768
[    1.296942] Console: switching to colour frame buffer device 128x48
[    1.311625] drm drm: fb0:  frame buffer device
[    1.331910] [drm] Initialized tegra 0.0.0 20120330 on minor 0
[    1.346650] brd: module loaded
[    1.354096] loop: module loaded
[    1.362692] m25p80 spi32766.0: found s25fl008k, expected w25q80bl
[    1.368804] m25p80 spi32766.0: s25fl008k (1024 Kbytes)
[    1.376379] libphy: Fixed MDIO Bus: probed
[    1.381099] CAN device driver interface
[    1.386506] igb: Intel(R) Gigabit Ethernet Network Driver - version 5.3.0-k
[    1.393468] igb: Copyright (c) 2007-2014 Intel Corporation.
[    1.399556] r8169 Gigabit Ethernet driver 2.3LK-NAPI loaded
[    1.405152] r8169 0000:01:00.0: enabling device (0140 -> 0143)
[    1.411765] r8169 0000:01:00.0 eth0: RTL8168d/8111d at 0xf0878000, 00:01:c0:13:7d:63, XID 081000c0 IRQ 296
[    1.421421] r8169 0000:01:00.0 eth0: jumbo features [frames: 9200 bytes, tx checksumming: ko]
[    1.431874] pegasus: v0.9.3 (2013/04/25), Pegasus/Pegasus II USB Ethernet driver
[    1.439327] usbcore: registered new interface driver pegasus
[    1.445037] usbcore: registered new interface driver asix
[    1.450477] usbcore: registered new interface driver ax88179_178a
[    1.456605] usbcore: registered new interface driver cdc_ether
[    1.462487] usbcore: registered new interface driver smsc75xx
[    1.468278] usbcore: registered new interface driver smsc95xx
[    1.474054] usbcore: registered new interface driver net1080
[    1.479744] usbcore: registered new interface driver cdc_subset
[    1.485693] usbcore: registered new interface driver zaurus
[    1.491321] usbcore: registered new interface driver cdc_ncm
[    1.497243] tegra-phy c5004000.usb-phy: no vbus regulator
[    1.503683] tegra-phy c5008000.usb-phy: no vbus regulator
[    1.510375] ehci_hcd: USB 2.0 'Enhanced' Host Controller (EHCI) Driver
[    1.516906] ehci-pci: EHCI PCI platform driver
[    1.521376] ehci-platform: EHCI generic platform driver
[    1.526762] ehci-orion: EHCI orion driver
[    1.530880] SPEAr-ehci: EHCI SPEAr driver
[    1.534999] ehci-st: EHCI STMicroelectronics driver
[    1.539982] ehci-exynos: EHCI EXYNOS driver
[    1.544290] ehci-atmel: EHCI Atmel driver
[    1.548406] tegra-ehci: Tegra EHCI driver
[    1.583108] ulpi_phy_power_on: ulpi write failed
[    1.587730] tegra-ehci c5004000.usb: Failed to power on the phy
[    1.593660] tegra-ehci: probe of c5004000.usb failed with error -110
[    1.602644] tegra-ehci c5008000.usb: EHCI Host Controller
[    1.608063] tegra-ehci c5008000.usb: new USB bus registered, assigned bus number 1
[    1.615881] tegra-ehci c5008000.usb: irq 290, io mem 0xc5008000
[    1.631917] tegra-ehci c5008000.usb: USB 2.0 started, EHCI 1.00
[    1.638441] hub 1-0:1.0: USB hub found
[    1.642221] hub 1-0:1.0: 1 port detected
[    1.646434] ohci_hcd: USB 1.1 'Open' Host Controller (OHCI) Driver
[    1.652625] ohci-pci: OHCI PCI platform driver
[    1.657114] ohci-platform: OHCI generic platform driver
[    1.662494] ohci-omap3: OHCI OMAP3 driver
[    1.666595] SPEAr-ohci: OHCI SPEAr driver
[    1.670716] ohci-st: OHCI STMicroelectronics driver
[    1.675696] ohci-atmel: OHCI Atmel driver
[    1.680305] usbcore: registered new interface driver usb-storage
[    1.687520] mousedev: PS/2 mouse device common for all mice
[    1.694832] rtc-em3027 2-0056: rtc core: registered rtc-em3027 as rtc0
[    1.702530] tegra_rtc 7000e000.rtc: rtc core: registered 7000e000.rtc as rtc1
[    1.709698] tegra_rtc 7000e000.rtc: Tegra internal Real Time Clock
[    1.716279] i2c /dev entries driver
[    1.729019] sdhci: Secure Digital Host Controller Interface driver
[    1.735214] sdhci: Copyright(c) Pierre Ossman
[    1.740742] Synopsys Designware Multimedia Card Interface Driver
[    1.747589] sdhci-pltfm: SDHCI platform and OF driver helper
[    1.754074] mmc0: Invalid maximum block size, assuming 512 bytes
[    1.796923] mmc0: SDHCI controller on c8000000.sdhci [c8000000.sdhci] using ADMA
[    1.804420] sdhci-tegra c8000600.sdhci: Got CD GPIO
[    1.809315] sdhci-tegra c8000600.sdhci: Got WP GPIO
[    1.814355] mmc1: Invalid maximum block size, assuming 512 bytes
[    1.856995] mmc1: SDHCI controller on c8000600.sdhci [c8000600.sdhci] using ADMA
[    1.865766] ledtrig-cpu: registered to indicate activity on CPUs
[    1.872118] usbcore: registered new interface driver usbhid
[    1.877725] usbhid: USB HID core driver
[    1.886609] NET: Registered protocol family 10
[    1.891873] sit: IPv6, IPv4 and MPLS over IPv4 tunneling driver
[    1.898326] NET: Registered protocol family 17
[    1.902795] can: controller area network core (rev 20120528 abi 9)
[    1.909042] NET: Registered protocol family 29
[    1.913512] can: raw protocol (rev 20120528)
[    1.917794] can: broadcast manager protocol (rev 20160617 t)
[    1.923455] can: netlink gateway (rev 20130117) max_hops=1
[    1.929266] Key type dns_resolver registered
[    1.933931] ThumbEE CPU extension supported.
[    1.938221] Registering SWP/SWPB emulation handler
[    1.947793] utmi_phy_clk_enable: timeout waiting for phy to stabilize
[    1.954276] tegra-ehci c5000000.usb: EHCI Host Controller
[    1.959707] tegra-ehci c5000000.usb: new USB bus registered, assigned bus number 2
[    1.967600] tegra-ehci c5000000.usb: irq 288, io mem 0xc5000000
[    1.983925] mmc0: host does not support reading read-only switch, assuming write-enable
[    1.993748] mmc0: new high speed SDHC card at address b368
[    1.999621] mmcblk0: mmc0:b368 NCard 3.70 GiB 
[    2.001930] usb 1-1: new high-speed USB device number 2 using tegra-ehci
[    2.012720]  mmcblk0: p1
[    2.016925] tegra-ehci c5000000.usb: USB 2.0 started, EHCI 1.00
[    2.023497] hub 2-0:1.0: USB hub found
[    2.027297] hub 2-0:1.0: 1 port detected
[    2.031259] mmc1: new high speed SD card at address b368
[    2.037409] input: gpio-keys as /devices/soc0/gpio-keys/input/input0
[    2.044537] mmcblk1: mmc1:b368 NCard 1.83 GiB (ro)
[    2.049342] rtc-em3027 2-0056: setting system clock to 2015-02-05 16:43:27 UTC (1423154607)
[    2.060451]  mmcblk1: p1 p2
[    2.064988] EXT4-fs (mmcblk0p1): mounting ext3 file system using the ext4 subsystem
[    2.153196] EXT4-fs (mmcblk0p1): recovery complete
[    2.158025] EXT4-fs (mmcblk0p1): mounted filesystem with ordered data mode. Opts: (null)
[    2.166146] VFS: Mounted root (ext3 filesystem) on device 179:1.
[    2.173738] hub 1-1:1.0: USB hub found
[    2.177724] hub 1-1:1.0: 4 ports detected
[    2.182854] devtmpfs: mounted
[    2.188645] Freeing unused kernel memory: 2048K (c1100000 - c1300000)
[    2.261396] random: fast init done
bash: cannot set terminal process group (-1): Inappropriate ioctl for device
bash: no job control in this shell
[    2.471977] usb 1-1.2: new high-speed USB device number 3 using tegra-ehci
root@(none):/# mount -t sysfs none /sys
root@(none):/# 
root@(none):/# mount -t debugfs none /sys/kernel/debug
root@(none):/# 
root@(none):/# rtcwake -d rtc1 -m mem -s 3
rtcwake: assuming RTC uses UTC ...
rtcwake: wakeup from "mem" using /dev/rtc1 at Thu Jan  1 00:00:23 1970
[    7.490187] PM: Syncing filesystems ... done.
[    7.536665] Freezing user space processes ... (elapsed 0.001 seconds) done.
[    7.545157] Double checking all user space processes after OOM killer disable... (elapsed 0.000 seconds) 
[    7.554965] Freezing remaining freezable tasks ... (elapsed 0.001 seconds) done.
[    7.564057] Suspending console(s) (use no_console_suspend to debug)
[    7.603945] PM: suspend of devices complete after 30.913 msecs
[    7.607850] PM: late suspend of devices complete after 3.873 msecs
[    7.627573] PM: noirq suspend of devices complete after 19.693 msecs
[    7.627584] Disabling non-boot CPUs ...
[    7.629571] CPU1: shutdown
[    7.660084] Entering suspend state LP1
[    7.660134] Enabling non-boot CPUs ...
[    7.691311] CPU1 is up
[    7.692315] pcieport 0000:00:01.0: nv_msi_ht_cap_quirk didn't locate host bridge
[    7.712171] PM: noirq resume of devices complete after 20.828 msecs
[    7.715572] PM: early resume of devices complete after 2.866 msecs
[    7.780542] PM: resume of devices complete after 64.937 msecs
[    7.844484] Restarting tasks ... done.
root@(none):/# 
root@(none):/# rtcwake -d rtc1 -m mem -s 3
rtcwake: assuming RTC uses UTC ...
rtcwake: wakeup from "mem" using /dev/rtc1 at Thu Jan  1 00:00:27 1970
[    8.282508] PM: Syncing filesystems ... done.
[    8.315215] Freezing user space processes ... (elapsed 0.001 seconds) done.
[    8.323624] Double checking all user space processes after OOM killer disable... (elapsed 0.000 seconds) 
[    8.333361] Freezing remaining freezable tasks ... (elapsed 0.001 seconds) done.
[    8.342252] Suspending console(s) (use no_console_suspend to debug)
[    8.378445] PM: suspend of devices complete after 28.090 msecs
[    8.381994] PM: late suspend of devices complete after 3.518 msecs
[    8.402493] PM: noirq suspend of devices complete after 20.467 msecs
[    8.402504] Disabling non-boot CPUs ...
[    8.404356] CPU1: shutdown
[    8.430055] Entering suspend state LP1
[    8.430106] Enabling non-boot CPUs ...
[    8.461253] CPU1 is up
[    8.462054] pcieport 0000:00:01.0: nv_msi_ht_cap_quirk didn't locate host bridge
[    8.482107] PM: noirq resume of devices complete after 20.822 msecs
[    8.485449] PM: early resume of devices complete after 2.814 msecs
[    8.550543] PM: resume of devices complete after 65.062 msecs
[    8.614433] Restarting tasks ... done.
root@(none):/# 
root@(none):/# rtcwake -d rtc1 -m mem -s 3
rtcwake: assuming RTC uses UTC ...
rtcwake: wakeup from "mem" using /dev/rtc1 at Thu Jan  1 00:00:31 1970
[    9.049252] PM: Syncing filesystems ... done.
[    9.073033] Freezing user space processes ... (elapsed 0.001 seconds) done.
[    9.081281] Double checking all user space processes after OOM killer disable... (elapsed 0.000 seconds) 
[    9.090970] Freezing remaining freezable tasks ... (elapsed 0.001 seconds) done.
[    9.099703] Suspending console(s) (use no_console_suspend to debug)
[    9.138596] PM: suspend of devices complete after 31.293 msecs
[    9.142307] PM: late suspend of devices complete after 3.679 msecs
[    9.162390] PM: noirq suspend of devices complete after 20.050 msecs
[    9.162401] Disabling non-boot CPUs ...
[    9.164264] CPU1: shutdown
[    9.179977] Entering suspend state LP1
[    9.180028] Enabling non-boot CPUs ...
[    9.211257] CPU1 is up
[    9.213813] pcieport 0000:00:01.0: nv_msi_ht_cap_quirk didn't locate host bridge
[    9.232090] PM: noirq resume of devices complete after 20.801 msecs
[    9.235980] PM: early resume of devices complete after 3.170 msecs
[    9.305380] PM: resume of devices complete after 69.367 msecs
[    9.369277] Restarting tasks ... done.
root@(none):/# 
root@(none):/# rtcwake -d rtc1 -m mem -s 3
rtcwake: assuming RTC uses UTC ...
rtcwake: wakeup from "mem" using /dev/rtc1 at Thu Jan  1 00:00:35 1970
[    9.802380] PM: Syncing filesystems ... done.
[    9.835106] Freezing user space processes ... (elapsed 0.001 seconds) done.
[    9.843526] Double checking all user space processes after OOM killer disable... (elapsed 0.000 seconds) 
[    9.853271] Freezing remaining freezable tasks ... (elapsed 0.001 seconds) done.
[    9.862179] Suspending console(s) (use no_console_suspend to debug)
[    9.889764] PM: suspend of devices complete after 19.485 msecs
[    9.893324] PM: late suspend of devices complete after 3.529 msecs
[    9.912345] PM: noirq suspend of devices complete after 18.988 msecs
[    9.912356] Disabling non-boot CPUs ...
[    9.914138] CPU1: shutdown
[    9.939918] Entering suspend state LP1
[    9.939968] Enabling non-boot CPUs ...
[    9.971158] CPU1 is up
[    9.972400] pcieport 0000:00:01.0: nv_msi_ht_cap_quirk didn't locate host bridge
[    9.992007] PM: noirq resume of devices complete after 20.818 msecs
[    9.995656] PM: early resume of devices complete after 2.933 msecs
[   10.065326] PM: resume of devices complete after 69.638 msecs
[   10.129275] Restarting tasks ... done.
root@(none):/# 
root@(none):/# rtcwake -d rtc1 -m mem -s 3
rtcwake: assuming RTC uses UTC ...
rtcwake: wakeup from "mem" using /dev/rtc1 at Thu Jan  1 00:00:39 1970
[   10.562323] PM: Syncing filesystems ... done.
[   10.595043] Freezing user space processes ... (elapsed 0.001 seconds) done.
[   10.603464] Double checking all user space processes after OOM killer disable... (elapsed 0.000 seconds) 
[   10.613207] Freezing remaining freezable tasks ... (elapsed 0.001 seconds) done.
[   10.622112] Suspending console(s) (use no_console_suspend to debug)
[   10.648629] PM: suspend of devices complete after 18.418 msecs
[   10.652181] PM: late suspend of devices complete after 3.519 msecs
[   10.672308] PM: noirq suspend of devices complete after 20.096 msecs
[   10.672319] Disabling non-boot CPUs ...
[   10.674181] CPU1: shutdown
[   10.699842] Entering suspend state LP1
[   10.699892] Enabling non-boot CPUs ...
[   10.731091] CPU1 is up
[   10.732195] pcieport 0000:00:01.0: nv_msi_ht_cap_quirk didn't locate host bridge
[   10.751947] PM: noirq resume of devices complete after 20.824 msecs
[   10.755602] PM: early resume of devices complete after 2.925 msecs
[   10.825299] PM: resume of devices complete after 69.664 msecs
[   10.889210] Restarting tasks ... done.
root@(none):/# 
root@(none):/# rtcwake -d rtc1 -m mem -s 3
rtcwake: assuming RTC uses UTC ...
rtcwake: wakeup from "mem" using /dev/rtc1 at Thu Jan  1 00:00:43 1970
[   11.319175] PM: Syncing filesystems ... done.
[   11.342997] Freezing user space processes ... (elapsed 0.001 seconds) done.
[   11.351255] Double checking all user space processes after OOM killer disable... (elapsed 0.000 seconds) 
[   11.360931] Freezing remaining freezable tasks ... (elapsed 0.001 seconds) done.
[   11.369658] Suspending console(s) (use no_console_suspend to debug)
[   11.408605] PM: suspend of devices complete after 31.351 msecs
[   11.412250] PM: late suspend of devices complete after 3.613 msecs
[   11.432245] PM: noirq suspend of devices complete after 19.964 msecs
[   11.432256] Disabling non-boot CPUs ...
[   11.434019] CPU1: shutdown
[   11.459792] Entering suspend state LP1
[   11.459843] Enabling non-boot CPUs ...
[   11.491072] CPU1 is up
[   11.492299] pcieport 0000:00:01.0: nv_msi_ht_cap_quirk didn't locate host bridge
[   11.511896] PM: noirq resume of devices complete after 20.792 msecs
[   11.515496] PM: early resume of devices complete after 2.874 msecs
[   11.590131] PM: resume of devices complete after 74.603 msecs
[   11.654086] Restarting tasks ... done.
root@(none):/# 
root@(none):/# rtcwake -d rtc1 -m mem -s 3
rtcwake: assuming RTC uses UTC ...
rtcwake: wakeup from "mem" using /dev/rtc1 at Thu Jan  1 00:00:47 1970
[   12.082287] PM: Syncing filesystems ... done.
[   12.114998] Freezing user space processes ... (elapsed 0.001 seconds) done.
[   12.123421] Double checking all user space processes after OOM killer disable... (elapsed 0.000 seconds) 
[   12.133165] Freezing remaining freezable tasks ... (elapsed 0.001 seconds) done.
[   12.142072] Suspending console(s) (use no_console_suspend to debug)
[   12.178577] PM: suspend of devices complete after 28.399 msecs
[   12.182196] PM: late suspend of devices complete after 3.588 msecs
[   12.202151] PM: noirq suspend of devices complete after 19.925 msecs
[   12.202162] Disabling non-boot CPUs ...
[   12.204050] CPU1: shutdown
[   12.219743] Entering suspend state LP1
[   12.219794] Enabling non-boot CPUs ...
[   12.251005] CPU1 is up
[   12.253551] pcieport 0000:00:01.0: nv_msi_ht_cap_quirk didn't locate host bridge
[   12.271825] PM: noirq resume of devices complete after 20.789 msecs
[   12.275452] PM: early resume of devices complete after 2.906 msecs
[   12.350050] PM: resume of devices complete after 74.564 msecs
[   12.413992] Restarting tasks ... done.
root@(none):/# 
root@(none):/# rtcwake -d rtc1 -m mem -s 3
rtcwake: assuming RTC uses UTC ...
rtcwake: wakeup from "mem" using /dev/rtc1 at Thu Jan  1 00:00:51 1970
[   12.842131] PM: Syncing filesystems ... done.
[   12.874834] Freezing user space processes ... (elapsed 0.001 seconds) done.
[   12.883257] Double checking all user space processes after OOM killer disable... (elapsed 0.000 seconds) 
[   12.892998] Freezing remaining freezable tasks ... (elapsed 0.001 seconds) done.
[   12.901901] Suspending console(s) (use no_console_suspend to debug)
[   12.929760] PM: suspend of devices complete after 19.761 msecs
[   12.933307] PM: late suspend of devices complete after 3.517 msecs
[   12.957090] PM: noirq suspend of devices complete after 23.751 msecs
[   12.957101] Disabling non-boot CPUs ...
[   12.958873] CPU1: shutdown
[   12.989688] Entering suspend state LP1
[   12.989738] Enabling non-boot CPUs ...
[   13.020922] CPU1 is up
[   13.022254] pcieport 0000:00:01.0: nv_msi_ht_cap_quirk didn't locate host bridge
[   13.041761] PM: noirq resume of devices complete after 20.807 msecs
[   13.045392] PM: early resume of devices complete after 2.897 msecs
[   13.120029] PM: resume of devices complete after 74.605 msecs
[   13.183952] Restarting tasks ... done.
root@(none):/# 
root@(none):/# rtcwake -d rtc1 -m mem -s 3
rtcwake: assuming RTC uses UTC ...
rtcwake: wakeup from "mem" using /dev/rtc1 at Thu Jan  1 00:00:55 1970
[   13.612194] PM: Syncing filesystems ... done.
[   13.644911] Freezing user space processes ... (elapsed 0.001 seconds) done.
[   13.653331] Double checking all user space processes after OOM killer disable... (elapsed 0.000 seconds) 
[   13.663076] Freezing remaining freezable tasks ... (elapsed 0.001 seconds) done.
[   13.671981] Suspending console(s) (use no_console_suspend to debug)
[   13.699982] PM: suspend of devices complete after 19.900 msecs
[   13.703520] PM: late suspend of devices complete after 3.507 msecs
[   13.727082] PM: noirq suspend of devices complete after 23.530 msecs
[   13.727092] Disabling non-boot CPUs ...
[   13.728990] CPU1: shutdown
[   13.759580] Entering suspend state LP1
[   13.759629] Enabling non-boot CPUs ...
[   13.790889] CPU1 is up
[   13.791956] pcieport 0000:00:01.0: nv_msi_ht_cap_quirk didn't locate host bridge
[   13.811689] PM: noirq resume of devices complete after 20.767 msecs
[   13.815312] PM: early resume of devices complete after 2.900 msecs
[   13.889946] PM: resume of devices complete after 74.602 msecs
[   13.953870] Restarting tasks ... done.
root@(none):/# 
root@(none):/# rtcwake -d rtc1 -m mem -s 3
rtcwake: assuming RTC uses UTC ...
rtcwake: wakeup from "mem" using /dev/rtc1 at Thu Jan  1 00:00:59 1970
[   14.378929] PM: Syncing filesystems ... done.
[   14.402743] Freezing user space processes ... (elapsed 0.001 seconds) done.
[   14.410993] Double checking all user space processes after OOM killer disable... (elapsed 0.000 seconds) 
[   14.420667] Freezing remaining freezable tasks ... (elapsed 0.001 seconds) done.
[   14.429404] Suspending console(s) (use no_console_suspend to debug)
[   14.468165] PM: suspend of devices complete after 31.162 msecs
[   14.471681] PM: late suspend of devices complete after 3.486 msecs
[   14.492004] PM: noirq suspend of devices complete after 20.291 msecs
[   14.492015] Disabling non-boot CPUs ...
[   14.493882] CPU1: shutdown
[   14.519544] Entering suspend state LP1
[   14.519594] Enabling non-boot CPUs ...
[   14.550790] CPU1 is up
[   14.552186] pcieport 0000:00:01.0: nv_msi_ht_cap_quirk didn't locate host bridge
[   14.571640] PM: noirq resume of devices complete after 20.818 msecs
[   14.575242] PM: early resume of devices complete after 2.895 msecs
[   14.649972] PM: resume of devices complete after 74.698 msecs
[   14.713893] Restarting tasks ... done.
root@(none):/# 
root@(none):/# NVTB SYSTEM SUSPEND TEST COMPLETE
