Diff for ./tegra114-dalmore-a04/tegra114-dalmore/multi_v7_defconfig_log.txt
--- /tmp/fooa	2014-10-26 17:08:52.538711663 -0700
+++ /tmp/foob	2014-10-26 17:08:52.542711661 -0700
@@ -36,10 +36,10 @@
 	 #################################################################
 	 #################################################################
 	 #################################################################
-	 ###################################
-	 3.3 MiB/s
+	 ####################################
+	 3 MiB/s
 done
-Bytes transferred = 5282760 (509bc8 hex)
+Bytes transferred = 5288264 (50b148 hex)
 Tegra114 (Dalmore) # tftpboot 0x82000000 tegra114-dalmore.dtb
 Using asx0 device
 TFTP from server 192.168.100.1; our IP address is 192.168.100.100
@@ -50,7 +50,7 @@
 done
 Bytes transferred = 34770 (87d2 hex)
 Tegra114 (Dalmore) # bootz 0x81000000 - 0x82000000
-Kernel image @ 0x81000000 [ 0x000000 - 0x509bc8 ]
+Kernel image @ 0x81000000 [ 0x000000 - 0x50b148 ]
 ## Flattened Device Tree blob at 82000000
    Booting using the fdt blob at 0x82000000
    Loading Device Tree to 8fff4000, end 8ffff7d1 ... OK
@@ -58,7 +58,7 @@
 Starting kernel ...
 
 Booting Linux on physical CPU 0x0
-Linux version 3.18.0-rc1-103469-gf114040 (pwalmsley@tamien) (gcc version 4.7.3 20130328 (prerelease) (crosstool-NG linaro-1.13.1-4.7-2013.04-20130415 - Linaro GCC 2013.04) ) #1 SMP Sun Oct 19 18:34:32 PDT 2014
+Linux version 3.18.0-rc2-103936-gcac7f24 (pwalmsley@tamien) (gcc version 4.7.3 20130328 (prerelease) (crosstool-NG linaro-1.13.1-4.7-2013.04-20130415 - Linaro GCC 2013.04) ) #1 SMP Sun Oct 26 17:04:36 PDT 2014
 CPU: ARMv7 Processor [412fc0f2] revision 2 (ARMv7), cr=10c5387d
 CPU: PIPT / VIPT nonaliasing data cache, PIPT instruction cache
 Machine model: NVIDIA Tegra114 Dalmore evaluation board
@@ -66,7 +66,7 @@
 cma: Reserved 64 MiB at fb800000
 Memory policy: Data cache writealloc
 On node 0 totalpages: 524032
-free_area_init_node: node 0, pgdat c0d09440, node_mem_map ee7f8000
+free_area_init_node: node 0, pgdat c0d0d5c0, node_mem_map ee7f8000
   DMA zone: 1520 pages used for memmap
   DMA zone: 0 pages reserved
   DMA zone: 194560 pages, LIFO batch:31
@@ -80,7 +80,7 @@
 PID hash table entries: 4096 (order: 2, 16384 bytes)
 Dentry cache hash table entries: 131072 (order: 7, 524288 bytes)
 Inode-cache hash table entries: 65536 (order: 6, 262144 bytes)
-Memory: 2001452K/2096128K available (6846K kernel code, 932K rwdata, 2776K rodata, 720K init, 308K bss, 94676K reserved, 1252352K highmem)
+Memory: 2001436K/2096128K available (6854K kernel code, 933K rwdata, 2780K rodata, 724K init, 308K bss, 94692K reserved, 1252352K highmem)
 Virtual kernel memory layout:
     vector  : 0xffff0000 - 0xffff1000   (   4 kB)
     fixmap  : 0xffc00000 - 0xffe00000   (2048 kB)
@@ -88,10 +88,10 @@
     lowmem  : 0xc0000000 - 0xef800000   ( 760 MB)
     pkmap   : 0xbfe00000 - 0xc0000000   (   2 MB)
     modules : 0xbf000000 - 0xbfe00000   (  14 MB)
-      .text : 0xc0208000 - 0xc0b6dbf4   (9623 kB)
-      .init : 0xc0b6e000 - 0xc0c22000   ( 720 kB)
-      .data : 0xc0c22000 - 0xc0d0b2c0   ( 933 kB)
-       .bss : 0xc0d0b2c0 - 0xc0d58568   ( 309 kB)
+      .text : 0xc0208000 - 0xc0b70d00   (9636 kB)
+      .init : 0xc0b71000 - 0xc0c26000   ( 724 kB)
+      .data : 0xc0c26000 - 0xc0d0f440   ( 934 kB)
+       .bss : 0xc0d0f440 - 0xc0d5c6e8   ( 309 kB)
 SLUB: HWalign=64, Order=0-3, MinObjects=0, CPUs=4, Nodes=1
 Hierarchical RCU implementation.
 	RCU restricting CPUs from NR_CPUS=8 to nr_cpu_ids=4.
@@ -111,7 +111,7 @@
 /cpus/cpu@2 missing clock-frequency property
 /cpus/cpu@3 missing clock-frequency property
 CPU0: thread -1, cpu 0, socket 0, mpidr 80000000
-Setting up static identity map for 0x80877c48 - 0x80877ce0
+Setting up static identity map for 0x80879d18 - 0x80879db0
 Tegra Revision: A01 SKU: 0 CPU Process: 1 Core Process: 0
 CPU1: Booted secondary processor
 CPU1: thread -1, cpu 1, socket 0, mpidr 80000001
@@ -378,7 +378,7 @@
 hub 1-0:1.0: USB hub found
 hub 1-0:1.0: 1 port detected
 input: gpio-keys as /devices/soc0/gpio-keys/input/input1
-palmas-rtc 7000d000.i2c:tps65913@58:rtc: setting system clock to 2000-03-26 20:50:06 UTC (954103806)
+palmas-rtc 7000d000.i2c:tps65913@58:rtc: setting system clock to 2000-04-02 19:20:29 UTC (954703229)
 vdd_cam_1v8_reg: disabling
 vdd_hdmi_5v0: disabling
 usb1_vbus: disabling
@@ -390,8 +390,8 @@
 EXT4-fs (mmcblk0p1): mounted filesystem with ordered data mode. Opts: (null)
 VFS: Mounted root (ext3 filesystem) on device 179:1.
 devtmpfs: mounted
-Freeing unused kernel memory: 720K (c0b6e000 - c0c22000)
+Freeing unused kernel memory: 724K (c0b71000 - c0c26000)
 bash: cannot set terminal process group (-1): Inappropriate ioctl for device
-bash: no job contr[    2.913542] usb 1-1: new high-speed USB device number 2 using tegra-ehci
-ol in this shell
+bash: no job control in this shell
+usb 1-1: new high-speed USB device number 2 using tegra-ehci
 root@(none):/# 
\ No newline at end of file
Diff for ./tegra114-dalmore-a04/tegra114-dalmore/tegra_defconfig_log.txt
--- /tmp/fooa	2014-10-26 17:08:52.570711649 -0700
+++ /tmp/foob	2014-10-26 17:08:52.570711649 -0700
@@ -36,9 +36,9 @@
 	 #################################################################
 	 #################################################################
 	 ##############################################################
-	 3.4 MiB/s
+	 3.2 MiB/s
 done
-Bytes transferred = 4712496 (47e830 hex)
+Bytes transferred = 4719464 (480368 hex)
 Tegra114 (Dalmore) # tftpboot 0x82000000 tegra114-dalmore.dtb
 Using asx0 device
 TFTP from server 192.168.100.1; our IP address is 192.168.100.100
@@ -49,7 +49,7 @@
 done
 Bytes transferred = 34770 (87d2 hex)
 Tegra114 (Dalmore) # bootz 0x81000000 - 0x82000000
-Kernel image @ 0x81000000 [ 0x000000 - 0x47e830 ]
+Kernel image @ 0x81000000 [ 0x000000 - 0x480368 ]
 ## Flattened Device Tree blob at 82000000
    Booting using the fdt blob at 0x82000000
    Loading Device Tree to 8fff4000, end 8ffff7d1 ... OK
@@ -60,7 +60,7 @@
 Booting Linux on physical CPU 0x0
 Initializing cgroup subsys cpu
 Initializing cgroup subsys cpuacct
-Linux version 3.18.0-rc1-103469-gf114040 (pwalmsley@kaivo) (gcc version 4.7.3 20130328 (prerelease) (crosstool-NG linaro-1.13.1-4.7-2013.04-20130415 - Linaro GCC 2013.04) ) #1 SMP PREEMPT Sun Oct 19 18:33:41 PDT 2014
+Linux version 3.18.0-rc2-103936-gcac7f24 (pwalmsley@kaivo) (gcc version 4.7.3 20130328 (prerelease) (crosstool-NG linaro-1.13.1-4.7-2013.04-20130415 - Linaro GCC 2013.04) ) #1 SMP PREEMPT Sun Oct 26 17:03:24 PDT 2014
 CPU: ARMv7 Processor [412fc0f2] revision 2 (ARMv7), cr=10c5387d
 CPU: PIPT / VIPT nonaliasing data cache, PIPT instruction cache
 Machine model: NVIDIA Tegra114 Dalmore evaluation board
@@ -68,7 +68,7 @@
 cma: Reserved 64 MiB at fbc00000
 Memory policy: Data cache writealloc
 On node 0 totalpages: 524032
-free_area_init_node: node 0, pgdat c0905c80, node_mem_map ee7f7000
+free_area_init_node: node 0, pgdat c0907d00, node_mem_map ee7f7000
   Normal zone: 1520 pages used for memmap
   Normal zone: 0 pages reserved
   Normal zone: 194560 pages, LIFO batch:31
@@ -82,7 +82,7 @@
 PID hash table entries: 4096 (order: 2, 16384 bytes)
 Dentry cache hash table entries: 131072 (order: 7, 524288 bytes)
 Inode-cache hash table entries: 65536 (order: 6, 262144 bytes)
-Memory: 2003456K/2096128K available (6447K kernel code, 341K rwdata, 2132K rodata, 288K init, 362K bss, 92672K reserved, 1252352K highmem)
+Memory: 2003448K/2096128K available (6451K kernel code, 341K rwdata, 2132K rodata, 292K init, 362K bss, 92680K reserved, 1252352K highmem)
 Virtual kernel memory layout:
     vector  : 0xffff0000 - 0xffff1000   (   4 kB)
     fixmap  : 0xffc00000 - 0xffe00000   (2048 kB)
@@ -90,10 +90,10 @@
     lowmem  : 0xc0000000 - 0xef800000   ( 760 MB)
     pkmap   : 0xbfe00000 - 0xc0000000   (   2 MB)
     modules : 0xbf000000 - 0xbfe00000   (  14 MB)
-      .text : 0xc0008000 - 0xc08693c0   (8581 kB)
-      .init : 0xc086a000 - 0xc08b2000   ( 288 kB)
-      .data : 0xc08b2000 - 0xc0907720   ( 342 kB)
-       .bss : 0xc0907720 - 0xc096209c   ( 363 kB)
+      .text : 0xc0008000 - 0xc086a3e4   (8585 kB)
+      .init : 0xc086b000 - 0xc08b4000   ( 292 kB)
+      .data : 0xc08b4000 - 0xc09097a0   ( 342 kB)
+       .bss : 0xc09097a0 - 0xc096411c   ( 363 kB)
 Preemptible hierarchical RCU implementation.
 NR_IRQS:16 nr_irqs:16 16
 L2C: failed to init: -19
@@ -112,7 +112,7 @@
 /cpus/cpu@2 missing clock-frequency property
 /cpus/cpu@3 missing clock-frequency property
 CPU0: thread -1, cpu 0, socket 0, mpidr 80000000
-Setting up static identity map for 0x8061c9a8 - 0x8061ca40
+Setting up static identity map for 0x8061de28 - 0x8061dec0
 Tegra Revision: A01 SKU: 0 CPU Process: 1 Core Process: 0
 CPU1: Booted secondary processor
 CPU1: thread -1, cpu 1, socket 0, mpidr 80000001
@@ -257,7 +257,7 @@
 PCI: CLS 0 bytes, default 64
 futex hash table entries: 1024 (order: 4, 65536 bytes)
 squashfs: version 4.0 (2009/01/31) Phillip Lougher
-msgmni has been set to 1467
+msgmni has been set to 1466
 bounce: pool size: 64 pages
 io scheduler noop registered (default)
 tegra-apbdma 6000a000.dma: Tegra20 APB DMA driver register 32 channels
@@ -371,7 +371,7 @@
 hub 1-0:1.0: USB hub found
 hub 1-0:1.0: 1 port detected
 input: gpio-keys as /devices/soc0/gpio-keys/input/input1
-palmas-rtc 7000d000.i2c:tps65913@58:rtc: setting system clock to 2000-03-26 20:49:40 UTC (954103780)
+palmas-rtc 7000d000.i2c:tps65913@58:rtc: setting system clock to 2000-04-02 19:19:42 UTC (954703182)
 vdd_cam_1v8_reg: disabling
 vdd_hdmi_5v0: disabling
 usb1_vbus: disabling
@@ -384,7 +384,7 @@
 EXT3-fs (mmcblk0p1): mounted filesystem with writeback data mode
 VFS: Mounted root (ext3 filesystem) on device 179:1.
 devtmpfs: mounted
-Freeing unused kernel memory: 288K (c086a000 - c08b2000)
+Freeing unused kernel memory: 292K (c086b000 - c08b4000)
 bash: cannot set terminal process group (-1): Inappropriate ioctl for device
 bash: no job control in this shell
 root@(none):/# 
\ No newline at end of file
Diff for ./tegra124-jetson-tk1/tegra124-jetson-tk1/multi_v7_defconfig_log.txt
--- /tmp/fooa	2014-10-26 17:08:52.578711646 -0700
+++ /tmp/foob	2014-10-26 17:08:52.578711646 -0700
@@ -38,21 +38,21 @@
 	 #################################################################
 	 #################################################################
 	 #################################################################
-	 ###################################
-	 3.1 MiB/s
+	 ####################################
+	 2.8 MiB/s
 done
-Bytes transferred = 5282760 (509bc8 hex)
+Bytes transferred = 5288264 (50b148 hex)
 Tegra124 (Jetson TK1) # tftpboot 0x82000000 tegra124-jetson-tk1.dtb
 Using asx0 device
 TFTP from server 192.168.100.1; our IP address is 192.168.100.102
 Filename 'tegra124-jetson-tk1.dtb'.
 Load address: 0x82000000
 Loading: *####
-	 3 MiB/s
+	 2.5 MiB/s
 done
 Bytes transferred = 47577 (b9d9 hex)
 Tegra124 (Jetson TK1) # bootz 0x81000000 - 0x82000000
-Kernel image @ 0x81000000 [ 0x000000 - 0x509bc8 ]
+Kernel image @ 0x81000000 [ 0x000000 - 0x50b148 ]
 ## Flattened Device Tree blob at 82000000
    Booting using the fdt blob at 0x82000000
    Using Device Tree in place at 82000000, end 8200e9d8
@@ -60,7 +60,7 @@
 Starting kernel ...
 
 Booting Linux on physical CPU 0x0
-Linux version 3.18.0-rc1-103469-gf114040 (pwalmsley@tamien) (gcc version 4.7.3 20130328 (prerelease) (crosstool-NG linaro-1.13.1-4.7-2013.04-20130415 - Linaro GCC 2013.04) ) #1 SMP Sun Oct 19 18:34:32 PDT 2014
+Linux version 3.18.0-rc2-103936-gcac7f24 (pwalmsley@tamien) (gcc version 4.7.3 20130328 (prerelease) (crosstool-NG linaro-1.13.1-4.7-2013.04-20130415 - Linaro GCC 2013.04) ) #1 SMP Sun Oct 26 17:04:36 PDT 2014
 CPU: ARMv7 Processor [413fc0f3] revision 3 (ARMv7), cr=10c5387d
 CPU: PIPT / VIPT nonaliasing data cache, PIPT instruction cache
 Machine model: NVIDIA Tegra124 Jetson TK1
@@ -68,7 +68,7 @@
 cma: Reserved 64 MiB at fb800000
 Memory policy: Data cache writealloc
 On node 0 totalpages: 524032
-free_area_init_node: node 0, pgdat c0d09440, node_mem_map ee7f8000
+free_area_init_node: node 0, pgdat c0d0d5c0, node_mem_map ee7f8000
   DMA zone: 1520 pages used for memmap
   DMA zone: 0 pages reserved
   DMA zone: 194560 pages, LIFO batch:31
@@ -82,7 +82,7 @@
 PID hash table entries: 4096 (order: 2, 16384 bytes)
 Dentry cache hash table entries: 131072 (order: 7, 524288 bytes)
 Inode-cache hash table entries: 65536 (order: 6, 262144 bytes)
-Memory: 2001392K/2096128K available (6846K kernel code, 932K rwdata, 2776K rodata, 720K init, 308K bss, 94736K reserved, 1252352K highmem)
+Memory: 2001376K/2096128K available (6854K kernel code, 933K rwdata, 2780K rodata, 724K init, 308K bss, 94752K reserved, 1252352K highmem)
 Virtual kernel memory layout:
     vector  : 0xffff0000 - 0xffff1000   (   4 kB)
     fixmap  : 0xffc00000 - 0xffe00000   (2048 kB)
@@ -90,10 +90,10 @@
     lowmem  : 0xc0000000 - 0xef800000   ( 760 MB)
     pkmap   : 0xbfe00000 - 0xc0000000   (   2 MB)
     modules : 0xbf000000 - 0xbfe00000   (  14 MB)
-      .text : 0xc0208000 - 0xc0b6dbf4   (9623 kB)
-      .init : 0xc0b6e000 - 0xc0c22000   ( 720 kB)
-      .data : 0xc0c22000 - 0xc0d0b2c0   ( 933 kB)
-       .bss : 0xc0d0b2c0 - 0xc0d58568   ( 309 kB)
+      .text : 0xc0208000 - 0xc0b70d00   (9636 kB)
+      .init : 0xc0b71000 - 0xc0c26000   ( 724 kB)
+      .data : 0xc0c26000 - 0xc0d0f440   ( 934 kB)
+       .bss : 0xc0d0f440 - 0xc0d5c6e8   ( 309 kB)
 SLUB: HWalign=64, Order=0-3, MinObjects=0, CPUs=4, Nodes=1
 Hierarchical RCU implementation.
 	RCU restricting CPUs from NR_CPUS=8 to nr_cpu_ids=4.
@@ -113,7 +113,7 @@
 /cpus/cpu@2 missing clock-frequency property
 /cpus/cpu@3 missing clock-frequency property
 CPU0: thread -1, cpu 0, socket 0, mpidr 80000000
-Setting up static identity map for 0x80877c48 - 0x80877ce0
+Setting up static identity map for 0x80879d18 - 0x80879db0
 Tegra Revision: A01 SKU: 129 CPU Process: 1 Core Process: 1
 CPU1: Booted secondary processor
 CPU1: thread -1, cpu 1, socket 0, mpidr 80000001
@@ -412,41 +412,16 @@
 tegra-pcie 1003000.pcie-controller: link 0 down, ignoring
 tegra-pcie 1003000.pcie-controller: probing port 1, using 1 lanes
 tegra-pcie 1003000.pcie-controller: Slot present pin change, signature: 00000000
+tegra-pcie 1003000.pcie-controller: link 1 down, retrying
+tegra-pcie 1003000.pcie-controller: link 1 down, retrying
+tegra-pcie 1003000.pcie-controller: link 1 down, retrying
+tegra-pcie 1003000.pcie-controller: link 1 down, ignoring
 tegra-pcie 1003000.pcie-controller: PCI host bridge to bus 0000:00
 pci_bus 0000:00: root bus resource [mem 0x13000000-0x1fffffff]
 pci_bus 0000:00: root bus resource [mem 0x20000000-0x3fffffff pref]
 pci_bus 0000:00: root bus resource [bus 00-ff]
 pci_bus 0000:00: root bus resource [io  0x1000-0xffff]
-pci 0000:00:02.0: [10de:0e13] type 01 class 0x060400
-pci 0000:00:02.0: PME# supported from D0 D1 D2 D3hot D3cold
-PCI: bus0: Fast back to back transfers disabled
-pci 0000:00:02.0: bridge configuration invalid ([bus 00-00]), reconfiguring
-pci 0000:01:00.0: [10ec:8168] type 00 class 0x020000
-pci 0000:01:00.0: reg 0x10: [io  0x0000-0x00ff]
-pci 0000:01:00.0: reg 0x18: [mem 0x00000000-0x00000fff 64bit]
-pci 0000:01:00.0: reg 0x20: [mem 0x00000000-0x00003fff 64bit pref]
-pci 0000:01:00.0: supports D1 D2
-pci 0000:01:00.0: PME# supported from D0 D1 D2 D3hot D3cold
-PCI: bus1: Fast back to back transfers disabled
-pci_bus 0000:01: busn_res: [bus 01-ff] end is updated to 01
-pci 0000:00:02.0: BAR 8: assigned [mem 0x13000000-0x130fffff]
-pci 0000:00:02.0: BAR 9: assigned [mem 0x20000000-0x200fffff 64bit pref]
-pci 0000:00:02.0: BAR 7: assigned [io  0x1000-0x1fff]
-pci 0000:01:00.0: BAR 4: assigned [mem 0x20000000-0x20003fff 64bit pref]
-pci 0000:01:00.0: BAR 2: assigned [mem 0x13000000-0x13000fff 64bit]
-pci 0000:01:00.0: BAR 0: assigned [io  0x1000-0x10ff]
-pci 0000:00:02.0: PCI bridge to [bus 01]
-pci 0000:00:02.0:   bridge window [io  0x1000-0x1fff]
-pci 0000:00:02.0:   bridge window [mem 0x13000000-0x130fffff]
-pci 0000:00:02.0:   bridge window [mem 0x20000000-0x200fffff 64bit pref]
-pci 0000:00:02.0: nv_msi_ht_cap_quirk didn't locate host bridge
-pcieport 0000:00:02.0: Signaling PME through PCIe PME interrupt
-pci 0000:01:00.0: Signaling PME through PCIe PME interrupt
-pcie_pme 0000:00:02.0:pcie01: service driver pcie_pme loaded
-r8169 Gigabit Ethernet driver 2.3LK-NAPI loaded
-r8169 0000:01:00.0: enabling device (0140 -> 0143)
-r8169 0000:01:00.0 eth0: RTL8168g/8111g at 0xf0158000, 00:04:4b:25:b3:b4, XID 0c000800 IRQ 481
-r8169 0000:01:00.0 eth0: jumbo features [frames: 9200 bytes, tx checksumming: ko]
+PCI: bus0: Fast back to back transfers enabled
 [drm] Supports vblank timestamp caching Rev 2 (21.10.2013).
 [drm] No driver support for vblank timestamp query.
 host1x drm: No connectors reported connected with modes
@@ -462,7 +437,7 @@
 hub 2-0:1.0: USB hub found
 hub 2-0:1.0: 1 port detected
 input: gpio-keys as /devices/soc0/gpio-keys/input/input1
-as3722-rtc as3722-rtc: setting system clock to 2000-02-01 00:00:55 UTC (949363255)
+as3722-rtc as3722-rtc: setting system clock to 2000-02-01 00:00:20 UTC (949363220)
 +1.05V_RUN_AVDD_HDMI_PLL: disabling
 +1.8V_RUN_VPP_FUSE: disabling
 +2.8V_RUN_CAM_AF: disabling
@@ -481,7 +456,7 @@
 EXT4-fs (mmcblk0p1): mounted filesystem with ordered data mode. Opts: (null)
 VFS: Mounted root (ext4 filesystem) on device 179:1.
 devtmpfs: mounted
-Freeing unused kernel memory: 720K (c0b6e000 - c0c22000)
+Freeing unused kernel memory: 724K (c0b71000 - c0c26000)
 usb 2-1: new high-speed USB device number 2 using tegra-ehci
 bash: cannot set terminal process group (-1): Inappropriate ioctl for device
 bash: no job control in this shell
Diff for ./tegra124-jetson-tk1/tegra124-jetson-tk1/tegra_defconfig_log.txt
--- /tmp/fooa	2014-10-26 17:08:52.618711629 -0700
+++ /tmp/foob	2014-10-26 17:08:52.622711628 -0700
@@ -39,11 +39,10 @@
 	 #################################################################
 	 #################################################################
 	 ##############################################################
-	 700.2 KiB/s
+	 3.2 MiB/s
 done
-Bytes transferred = 4712496 (47e830 hex)
+Bytes transferred = 4719464 (480368 hex)
 Tegra124 (Jetson TK1) # tftpboot 0x82000000 tegra124-jetson-tk1.dtb
-Waiting for Ethernet connection... done.
 Using asx0 device
 TFTP from server 192.168.100.1; our IP address is 192.168.100.102
 Filename 'tegra124-jetson-tk1.dtb'.
@@ -53,7 +52,7 @@
 done
 Bytes transferred = 47577 (b9d9 hex)
 Tegra124 (Jetson TK1) # bootz 0x81000000 - 0x82000000
-Kernel image @ 0x81000000 [ 0x000000 - 0x47e830 ]
+Kernel image @ 0x81000000 [ 0x000000 - 0x480368 ]
 ## Flattened Device Tree blob at 82000000
    Booting using the fdt blob at 0x82000000
    Using Device Tree in place at 82000000, end 8200e9d8
@@ -64,7 +63,7 @@
 Booting Linux on physical CPU 0x0
 Initializing cgroup subsys cpu
 Initializing cgroup subsys cpuacct
-Linux version 3.18.0-rc1-103469-gf114040 (pwalmsley@kaivo) (gcc version 4.7.3 20130328 (prerelease) (crosstool-NG linaro-1.13.1-4.7-2013.04-20130415 - Linaro GCC 2013.04) ) #1 SMP PREEMPT Sun Oct 19 18:33:41 PDT 2014
+Linux version 3.18.0-rc2-103936-gcac7f24 (pwalmsley@kaivo) (gcc version 4.7.3 20130328 (prerelease) (crosstool-NG linaro-1.13.1-4.7-2013.04-20130415 - Linaro GCC 2013.04) ) #1 SMP PREEMPT Sun Oct 26 17:03:24 PDT 2014
 CPU: ARMv7 Processor [413fc0f3] revision 3 (ARMv7), cr=10c5387d
 CPU: PIPT / VIPT nonaliasing data cache, PIPT instruction cache
 Machine model: NVIDIA Tegra124 Jetson TK1
@@ -72,7 +71,7 @@
 cma: Reserved 64 MiB at fbc00000
 Memory policy: Data cache writealloc
 On node 0 totalpages: 524032
-free_area_init_node: node 0, pgdat c0905c80, node_mem_map ee7f7000
+free_area_init_node: node 0, pgdat c0907d00, node_mem_map ee7f7000
   Normal zone: 1520 pages used for memmap
   Normal zone: 0 pages reserved
   Normal zone: 194560 pages, LIFO batch:31
@@ -86,7 +85,7 @@
 PID hash table entries: 4096 (order: 2, 16384 bytes)
 Dentry cache hash table entries: 131072 (order: 7, 524288 bytes)
 Inode-cache hash table entries: 65536 (order: 6, 262144 bytes)
-Memory: 2003396K/2096128K available (6447K kernel code, 341K rwdata, 2132K rodata, 288K init, 362K bss, 92732K reserved, 1252352K highmem)
+Memory: 2003388K/2096128K available (6451K kernel code, 341K rwdata, 2132K rodata, 292K init, 362K bss, 92740K reserved, 1252352K highmem)
 Virtual kernel memory layout:
     vector  : 0xffff0000 - 0xffff1000   (   4 kB)
     fixmap  : 0xffc00000 - 0xffe00000   (2048 kB)
@@ -94,10 +93,10 @@
     lowmem  : 0xc0000000 - 0xef800000   ( 760 MB)
     pkmap   : 0xbfe00000 - 0xc0000000   (   2 MB)
     modules : 0xbf000000 - 0xbfe00000   (  14 MB)
-      .text : 0xc0008000 - 0xc08693c0   (8581 kB)
-      .init : 0xc086a000 - 0xc08b2000   ( 288 kB)
-      .data : 0xc08b2000 - 0xc0907720   ( 342 kB)
-       .bss : 0xc0907720 - 0xc096209c   ( 363 kB)
+      .text : 0xc0008000 - 0xc086a3e4   (8585 kB)
+      .init : 0xc086b000 - 0xc08b4000   ( 292 kB)
+      .data : 0xc08b4000 - 0xc09097a0   ( 342 kB)
+       .bss : 0xc09097a0 - 0xc096411c   ( 363 kB)
 Preemptible hierarchical RCU implementation.
 NR_IRQS:16 nr_irqs:16 16
 L2C: failed to init: -19
@@ -116,7 +115,7 @@
 /cpus/cpu@2 missing clock-frequency property
 /cpus/cpu@3 missing clock-frequency property
 CPU0: thread -1, cpu 0, socket 0, mpidr 80000000
-Setting up static identity map for 0x8061c9a8 - 0x8061ca40
+Setting up static identity map for 0x8061de28 - 0x8061dec0
 Tegra Revision: A01 SKU: 129 CPU Process: 1 Core Process: 1
 CPU1: Booted secondary processor
 CPU1: thread -1, cpu 1, socket 0, mpidr 80000001
@@ -432,7 +431,7 @@
 hub 2-0:1.0: USB hub found
 hub 2-0:1.0: 1 port detected
 input: gpio-keys as /devices/soc0/gpio-keys/input/input1
-as3722-rtc as3722-rtc: setting system clock to 2000-02-01 00:00:25 UTC (949363225)
+as3722-rtc as3722-rtc: setting system clock to 2000-02-01 00:00:20 UTC (949363220)
 +1.05V_RUN_AVDD_HDMI_PLL: disabling
 +1.8V_RUN_VPP_FUSE: disabling
 +2.8V_RUN_CAM_AF: disabling
@@ -451,8 +450,8 @@
 EXT4-fs (mmcblk0p1): mounted filesystem with ordered data mode. Opts: (null)
 VFS: Mounted root (ext4 filesystem) on device 179:1.
 devtmpfs: mounted
-Freeing unused kernel memory: 288K (c086a000 - c08b2000)
+Freeing unused kernel memory: 292K (c086b000 - c08b4000)
 usb 2-1: new high-speed USB device number 2 using tegra-ehci
 bash: cannot set terminal process group (-1): Inappropriate ioctl for device
 bash: no job control in this shell
-root@(none):/# [    6.488462] asix 2-1:1.0 eth0: register 'asix' at usb-7d008000.usb-1, ASIX AX88772 USB 2.0 Ethernet, 00:50:b6:11:31:3b
+root@(none):/# [    6.478265] asix 2-1:1.0 eth0: register 'asix' at usb-7d008000.usb-1, ASIX AX88772 USB 2.0 Ethernet, 00:50:b6:11:31:3b
Diff for ./tegra30-beaver/tegra30-beaver/multi_v7_defconfig_log.txt
--- /tmp/fooa	2014-10-26 17:08:52.654711614 -0700
+++ /tmp/foob	2014-10-26 17:08:52.658711613 -0700
@@ -36,21 +36,21 @@
 	 #################################################################
 	 #################################################################
 	 #################################################################
-	 ###################################
-	 3.2 MiB/s
+	 ####################################
+	 2.8 MiB/s
 done
-Bytes transferred = 5282760 (509bc8 hex)
+Bytes transferred = 5288264 (50b148 hex)
 Tegra30 (Beaver) # tftpboot 0x82000000 tegra30-beaver.dtb
 Using asx0 device
 TFTP from server 192.168.100.1; our IP address is 192.168.100.101
 Filename 'tegra30-beaver.dtb'.
 Load address: 0x82000000
 Loading: *##
-	 3.4 MiB/s
+	 3 MiB/s
 done
 Bytes transferred = 24893 (613d hex)
 Tegra30 (Beaver) # bootz 0x81000000 - 0x82000000
-Kernel image @ 0x81000000 [ 0x000000 - 0x509bc8 ]
+Kernel image @ 0x81000000 [ 0x000000 - 0x50b148 ]
 ## Flattened Device Tree blob at 82000000
    Booting using the fdt blob at 0x82000000
    Loading Device Tree to 8fff6000, end 8ffff13c ... OK
@@ -58,7 +58,7 @@
 Starting kernel ...
 
 Booting Linux on physical CPU 0x0
-Linux version 3.18.0-rc1-103469-gf114040 (pwalmsley@tamien) (gcc version 4.7.3 20130328 (prerelease) (crosstool-NG linaro-1.13.1-4.7-2013.04-20130415 - Linaro GCC 2013.04) ) #1 SMP Sun Oct 19 18:34:32 PDT 2014
+Linux version 3.18.0-rc2-103936-gcac7f24 (pwalmsley@tamien) (gcc version 4.7.3 20130328 (prerelease) (crosstool-NG linaro-1.13.1-4.7-2013.04-20130415 - Linaro GCC 2013.04) ) #1 SMP Sun Oct 26 17:04:36 PDT 2014
 CPU: ARMv7 Processor [412fc099] revision 9 (ARMv7), cr=10c5387d
 CPU: PIPT / VIPT nonaliasing data cache, VIPT aliasing instruction cache
 Machine model: NVIDIA Tegra30 Beaver evaluation board
@@ -66,7 +66,7 @@
 cma: Reserved 64 MiB at fb800000
 Memory policy: Data cache writealloc
 On node 0 totalpages: 524032
-free_area_init_node: node 0, pgdat c0d09440, node_mem_map ee7f8000
+free_area_init_node: node 0, pgdat c0d0d5c0, node_mem_map ee7f8000
   DMA zone: 1520 pages used for memmap
   DMA zone: 0 pages reserved
   DMA zone: 194560 pages, LIFO batch:31
@@ -80,7 +80,7 @@
 PID hash table entries: 4096 (order: 2, 16384 bytes)
 Dentry cache hash table entries: 131072 (order: 7, 524288 bytes)
 Inode-cache hash table entries: 65536 (order: 6, 262144 bytes)
-Memory: 2001496K/2096128K available (6846K kernel code, 932K rwdata, 2776K rodata, 720K init, 308K bss, 94632K reserved, 1252352K highmem)
+Memory: 2001480K/2096128K available (6854K kernel code, 933K rwdata, 2780K rodata, 724K init, 308K bss, 94648K reserved, 1252352K highmem)
 Virtual kernel memory layout:
     vector  : 0xffff0000 - 0xffff1000   (   4 kB)
     fixmap  : 0xffc00000 - 0xffe00000   (2048 kB)
@@ -88,10 +88,10 @@
     lowmem  : 0xc0000000 - 0xef800000   ( 760 MB)
     pkmap   : 0xbfe00000 - 0xc0000000   (   2 MB)
     modules : 0xbf000000 - 0xbfe00000   (  14 MB)
-      .text : 0xc0208000 - 0xc0b6dbf4   (9623 kB)
-      .init : 0xc0b6e000 - 0xc0c22000   ( 720 kB)
-      .data : 0xc0c22000 - 0xc0d0b2c0   ( 933 kB)
-       .bss : 0xc0d0b2c0 - 0xc0d58568   ( 309 kB)
+      .text : 0xc0208000 - 0xc0b70d00   (9636 kB)
+      .init : 0xc0b71000 - 0xc0c26000   ( 724 kB)
+      .data : 0xc0c26000 - 0xc0d0f440   ( 934 kB)
+       .bss : 0xc0d0f440 - 0xc0d5c6e8   ( 309 kB)
 SLUB: HWalign=64, Order=0-3, MinObjects=0, CPUs=4, Nodes=1
 Hierarchical RCU implementation.
 	RCU restricting CPUs from NR_CPUS=8 to nr_cpu_ids=4.
@@ -117,7 +117,7 @@
 Mountpoint-cache hash table entries: 2048 (order: 1, 8192 bytes)
 CPU: Testing write buffer coherency: ok
 CPU0: thread -1, cpu 0, socket 0, mpidr 80000000
-Setting up static identity map for 0x80877c48 - 0x80877ce0
+Setting up static identity map for 0x80879d18 - 0x80879db0
 Tegra Revision: A03 SKU: 128 CPU Process: 4 Core Process: 0
 CPU1: Booted secondary processor
 CPU1: thread -1, cpu 1, socket 0, mpidr 80000001
@@ -410,8 +410,8 @@
 EXT4-fs (mmcblk0p1): mounted filesystem with ordered data mode. Opts: (null)
 VFS: Mounted root (ext3 filesystem) on device 179:1.
 devtmpfs: mounted
-Freeing unused kernel memory: 720K (c0b6e000 - c0c22000)
+Freeing unused kernel memory: 724K (c0b71000 - c0c26000)
 usb 2-1: new high-speed USB device number 2 using tegra-ehci
 bash: cannot set terminal process group (-1): Inappropriate ioctl for device
 bash: no job control in this shell
-root@(none):/# [    4.763060] asix 2-1:1.0 eth1: register 'asix' at usb-7d008000.usb-1, ASIX AX88772 USB 2.0 Ethernet, 00:50:b6:0f:67:60
+root@(none):/# [    4.758007] asix 2-1:1.0 eth1: register 'asix' at usb-7d008000.usb-1, ASIX AX88772 USB 2.0 Ethernet, 00:50:b6:0f:67:60
Diff for ./tegra30-beaver/tegra30-beaver/tegra_defconfig_log.txt
--- /tmp/fooa	2014-10-26 17:08:52.666711610 -0700
+++ /tmp/foob	2014-10-26 17:08:52.666711610 -0700
@@ -36,20 +36,20 @@
 	 #################################################################
 	 #################################################################
 	 ##############################################################
-	 3.4 MiB/s
+	 3 MiB/s
 done
-Bytes transferred = 4712496 (47e830 hex)
+Bytes transferred = 4719464 (480368 hex)
 Tegra30 (Beaver) # tftpboot 0x82000000 tegra30-beaver.dtb
 Using asx0 device
 TFTP from server 192.168.100.1; our IP address is 192.168.100.101
 Filename 'tegra30-beaver.dtb'.
 Load address: 0x82000000
 Loading: *##
-	 3 MiB/s
+	 2.6 MiB/s
 done
 Bytes transferred = 24893 (613d hex)
 Tegra30 (Beaver) # bootz 0x81000000 - 0x82000000
-Kernel image @ 0x81000000 [ 0x000000 - 0x47e830 ]
+Kernel image @ 0x81000000 [ 0x000000 - 0x480368 ]
 ## Flattened Device Tree blob at 82000000
    Booting using the fdt blob at 0x82000000
    Loading Device Tree to 8fff6000, end 8ffff13c ... OK
@@ -60,7 +60,7 @@
 Booting Linux on physical CPU 0x0
 Initializing cgroup subsys cpu
 Initializing cgroup subsys cpuacct
-Linux version 3.18.0-rc1-103469-gf114040 (pwalmsley@kaivo) (gcc version 4.7.3 20130328 (prerelease) (crosstool-NG linaro-1.13.1-4.7-2013.04-20130415 - Linaro GCC 2013.04) ) #1 SMP PREEMPT Sun Oct 19 18:33:41 PDT 2014
+Linux version 3.18.0-rc2-103936-gcac7f24 (pwalmsley@kaivo) (gcc version 4.7.3 20130328 (prerelease) (crosstool-NG linaro-1.13.1-4.7-2013.04-20130415 - Linaro GCC 2013.04) ) #1 SMP PREEMPT Sun Oct 26 17:03:24 PDT 2014
 CPU: ARMv7 Processor [412fc099] revision 9 (ARMv7), cr=10c5387d
 CPU: PIPT / VIPT nonaliasing data cache, VIPT aliasing instruction cache
 Machine model: NVIDIA Tegra30 Beaver evaluation board
@@ -68,7 +68,7 @@
 cma: Reserved 64 MiB at fbc00000
 Memory policy: Data cache writealloc
 On node 0 totalpages: 524032
-free_area_init_node: node 0, pgdat c0905c80, node_mem_map ee7f7000
+free_area_init_node: node 0, pgdat c0907d00, node_mem_map ee7f7000
   Normal zone: 1520 pages used for memmap
   Normal zone: 0 pages reserved
   Normal zone: 194560 pages, LIFO batch:31
@@ -82,7 +82,7 @@
 PID hash table entries: 4096 (order: 2, 16384 bytes)
 Dentry cache hash table entries: 131072 (order: 7, 524288 bytes)
 Inode-cache hash table entries: 65536 (order: 6, 262144 bytes)
-Memory: 2003500K/2096128K available (6447K kernel code, 341K rwdata, 2132K rodata, 288K init, 362K bss, 92628K reserved, 1252352K highmem)
+Memory: 2003492K/2096128K available (6451K kernel code, 341K rwdata, 2132K rodata, 292K init, 362K bss, 92636K reserved, 1252352K highmem)
 Virtual kernel memory layout:
     vector  : 0xffff0000 - 0xffff1000   (   4 kB)
     fixmap  : 0xffc00000 - 0xffe00000   (2048 kB)
@@ -90,10 +90,10 @@
     lowmem  : 0xc0000000 - 0xef800000   ( 760 MB)
     pkmap   : 0xbfe00000 - 0xc0000000   (   2 MB)
     modules : 0xbf000000 - 0xbfe00000   (  14 MB)
-      .text : 0xc0008000 - 0xc08693c0   (8581 kB)
-      .init : 0xc086a000 - 0xc08b2000   ( 288 kB)
-      .data : 0xc08b2000 - 0xc0907720   ( 342 kB)
-       .bss : 0xc0907720 - 0xc096209c   ( 363 kB)
+      .text : 0xc0008000 - 0xc086a3e4   (8585 kB)
+      .init : 0xc086b000 - 0xc08b4000   ( 292 kB)
+      .data : 0xc08b4000 - 0xc09097a0   ( 342 kB)
+       .bss : 0xc09097a0 - 0xc096411c   ( 363 kB)
 Preemptible hierarchical RCU implementation.
 NR_IRQS:16 nr_irqs:16 16
 L2C: platform modifies aux control register: 0x02080000 -> 0x3e480001
@@ -118,7 +118,7 @@
 Initializing cgroup subsys debug
 CPU: Testing write buffer coherency: ok
 CPU0: thread -1, cpu 0, socket 0, mpidr 80000000
-Setting up static identity map for 0x8061c9a8 - 0x8061ca40
+Setting up static identity map for 0x8061de28 - 0x8061dec0
 Tegra Revision: A03 SKU: 128 CPU Process: 4 Core Process: 0
 CPU1: Booted secondary processor
 CPU1: thread -1, cpu 1, socket 0, mpidr 80000001
@@ -404,8 +404,8 @@
 EXT3-fs (mmcblk0p1): mounted filesystem with writeback data mode
 VFS: Mounted root (ext3 filesystem) on device 179:1.
 devtmpfs: mounted
-Freeing unused kernel memory: 288K (c086a000 - c08b2000)
+Freeing unused kernel memory: 292K (c086b000 - c08b4000)
 bash: cannot set terminal process group (-1): Inappropriate ioctl for device
 bash: no job control in this shell
-root@(none):/# [    4.577248] usb 2-1: new high-speed USB device number 2 using tegra-ehci
+root@(none):/# [    4.556901] usb 2-1: new high-speed USB device number 2 using tegra-ehci
 asix 2-1:1.0 eth1: register 'asix' at usb-7d008000.usb-1, ASIX AX88772 USB 2.0 Ethernet, 00:50:b6:0f:67:60
