

U-Boot 2015.04-00466-gedec83e90172 (Mar 14 2016 - 10:42:01)

TEGRA124
Model: Acer Chromebook 13 CB5-311
DRAM:  4 GiB
:   Tegra SD/MMC: 0, Tegra SD/MMC: 1, Tegra SD/MMC: 2
MMC init failed
Using default environment

In:    serial
Out:   serial
Err:   serial
Net:   Net Initialization Skipped
No ethernet found.
Hit any key to stop autoboot:  2  0 
Tegra124 (Nyan-big) # 
Tegra124 (Nyan-big) # usb start
starting USB...
USB0:   USB EHCI 1.10
scanning bus 0 for devices... 2 USB Device(s) found
USB1:   USB EHCI 1.10
scanning bus 1 for devices... 2 USB Device(s) found
       scanning usb for storage devices... 1 Storage Device(s) found
       scanning usb for ethernet devices... 
Warning: asx0 using MAC address from net device
1 Ethernet Device(s) found
Tegra124 (Nyan-big) # mw 0x7000e4a0 0x00080000
Tegra124 (Nyan-big) # setenv bootargs 'ignore_loglevel console=ttyS0,115200n8 rw root=PARTUUID=4d36e82a-b3c0-4b4b-bfcd-afe5217ac023 rootwait gpt debug noinitrd earlyprintk init=/bin/bash'
Tegra124 (Nyan-big) # setenv ipaddr 192.168.100.102; setenv serverip 192.168.100.1; setenv tftpserverip 192.168.100.1
Tegra124 (Nyan-big) # tftpboot 0x82000000 zImage.multi_v7_defconfig
Using asx0 device
TFTP from server 192.168.100.1; our IP address is 192.168.100.102
Filename 'zImage.multi_v7_defconfig'.
Load address: 0x82000000
Loading: *#################################################################
	 #################################################################
	 #################################################################
	 #################################################################
	 #################################################################
	 #################################################################
	 #################################################################
	 #################################################################
	 ####################################
	 3.6 MiB/s
done
Bytes transferred = 8159752 (7c8208 hex)
Tegra124 (Nyan-big) # tftpboot 0x83000000 tegra124-nyan-big.dtb
Using asx0 device
TFTP from server 192.168.100.1; our IP address is 192.168.100.102
Filename 'tegra124-nyan-big.dtb'.
Load address: 0x83000000
Loading: *#####
	 3.4 MiB/s
done
Bytes transferred = 68203 (10a6b hex)
Tegra124 (Nyan-big) # bootz 0x82000000 - 0x83000000
Kernel image @ 0x82000000 [ 0x000000 - 0x7c8200 ]
## Flattened Device Tree blob at 83000000
   Booting using the fdt blob at 0x83000000
   Using Device Tree in place at 83000000, end 83013a6a

Starting kernel ...

[    0.000000] Booting Linux on physical CPU 0x0
[    0.000000] Linux version 4.14.0-rc5-200827-g33d930e (jonathanh@sellafield) (gcc version 4.7.3 20130328 (prerelease) (crosstool-NG linaro-1.13.1-4.7-2013.04-20130415 - Linaro GCC 2013.04)) #1 SMP Sun Oct 15 18:35:51 PDT 2017
[    0.000000] CPU: ARMv7 Processor [413fc0f3] revision 3 (ARMv7), cr=10c5387d
[    0.000000] CPU: div instructions available: patching division code
[    0.000000] CPU: PIPT / VIPT nonaliasing data cache, PIPT instruction cache
[    0.000000] OF: fdt: Machine model: Acer Chromebook 13 CB5-311
[    0.000000] OF: fdt: Ignoring memory range 0x100000000 - 0x17ffff000
[    0.000000] debug: ignoring loglevel setting.
[    0.000000] Memory policy: Data cache writealloc
[    0.000000] efi: Getting EFI parameters from FDT:
[    0.000000] efi: UEFI not found.
[    0.000000] cma: Reserved 64 MiB at 0xfb800000
[    0.000000] On node 0 totalpages: 524287
[    0.000000] free_area_init_node: node 0, pgdat c158fa40, node_mem_map eeff8000
[    0.000000]   DMA zone: 1536 pages used for memmap
[    0.000000]   DMA zone: 0 pages reserved
[    0.000000]   DMA zone: 196608 pages, LIFO batch:31
[    0.000000]   HighMem zone: 327679 pages, LIFO batch:31
[    0.000000] random: fast init done
[    0.000000] percpu: Embedded 17 pages/cpu @eef81000 s39424 r8192 d22016 u69632
[    0.000000] pcpu-alloc: s39424 r8192 d22016 u69632 alloc=17*4096
[    0.000000] pcpu-alloc: [0] 0 [0] 1 [0] 2 [0] 3 
[    0.000000] Built 1 zonelists, mobility grouping on.  Total pages: 522751
[    0.000000] Kernel command line: ignore_loglevel console=ttyS0,115200n8 rw root=PARTUUID=4d36e82a-b3c0-4b4b-bfcd-afe5217ac023 rootwait gpt debug noinitrd earlyprintk init=/bin/bash
[    0.000000] PID hash table entries: 4096 (order: 2, 16384 bytes)
[    0.000000] Dentry cache hash table entries: 131072 (order: 7, 524288 bytes)
[    0.000000] Inode-cache hash table entries: 65536 (order: 6, 262144 bytes)
[    0.000000] Memory: 1994372K/2097148K available (10240K kernel code, 1631K rwdata, 4504K rodata, 2048K init, 406K bss, 37240K reserved, 65536K cma-reserved, 1245180K highmem)
[    0.000000] Virtual kernel memory layout:
[    0.000000]     vector  : 0xffff0000 - 0xffff1000   (   4 kB)
[    0.000000]     fixmap  : 0xffc00000 - 0xfff00000   (3072 kB)
[    0.000000]     vmalloc : 0xf0800000 - 0xff800000   ( 240 MB)
[    0.000000]     lowmem  : 0xc0000000 - 0xf0000000   ( 768 MB)
[    0.000000]     pkmap   : 0xbfe00000 - 0xc0000000   (   2 MB)
[    0.000000]     modules : 0xbf000000 - 0xbfe00000   (  14 MB)
[    0.000000]       .text : 0xc0208000 - 0xc0d00000   (11232 kB)
[    0.000000]       .init : 0xc1200000 - 0xc1400000   (2048 kB)
[    0.000000]       .data : 0xc1400000 - 0xc1597ee8   (1632 kB)
[    0.000000]        .bss : 0xc15a0b90 - 0xc16064bc   ( 407 kB)
[    0.000000] SLUB: HWalign=64, Order=0-3, MinObjects=0, CPUs=4, Nodes=1
[    0.000000] Hierarchical RCU implementation.
[    0.000000] 	RCU event tracing is enabled.
[    0.000000] 	RCU restricting CPUs from NR_CPUS=16 to nr_cpu_ids=4.
[    0.000000] RCU: Adjusting geometry for rcu_fanout_leaf=16, nr_cpu_ids=4
[    0.000000] NR_IRQS: 16, nr_irqs: 16, preallocated irqs: 16
[    0.000000] /interrupt-controller@60004000: 160 interrupts forwarded to /interrupt-controller@50041000
[    0.000000] Tegra clk 127: register failed with -17
[    0.000003] sched_clock: 32 bits at 1000kHz, resolution 1000ns, wraps every 2147483647500ns
[    0.000011] clocksource: timer_us: mask: 0xffffffff max_cycles: 0xffffffff, max_idle_ns: 1911260446275 ns
[    0.000017] Switching to timer-based delay loop, resolution 1000ns
[    0.001876] arch_timer: cp15 timer(s) running at 12.00MHz (virt).
[    0.001883] clocksource: arch_sys_counter: mask: 0xffffffffffffff max_cycles: 0x2c47f4ee7, max_idle_ns: 440795202497 ns
[    0.001890] sched_clock: 56 bits at 12MHz, resolution 83ns, wraps every 4398046511096ns
[    0.001894] Switching to timer-based delay loop, resolution 83ns
[    0.002105] Console: colour dummy device 80x30
[    0.002120] Calibrating delay loop (skipped), value calculated using timer frequency.. 24.00 BogoMIPS (lpj=120000)
[    0.002126] pid_max: default: 32768 minimum: 301
[    0.002167] Mount-cache hash table entries: 2048 (order: 1, 8192 bytes)
[    0.002173] Mountpoint-cache hash table entries: 2048 (order: 1, 8192 bytes)
[    0.002378] CPU: Testing write buffer coherency: ok
[    0.002501] /cpus/cpu@0 missing clock-frequency property
[    0.002515] /cpus/cpu@1 missing clock-frequency property
[    0.002530] /cpus/cpu@2 missing clock-frequency property
[    0.002545] /cpus/cpu@3 missing clock-frequency property
[    0.002551] CPU0: thread -1, cpu 0, socket 0, mpidr 80000000
[    0.002672] Setting up static identity map for 0x80300000 - 0x803000a0
[    0.003391] Hierarchical SRCU implementation.
[    0.004091] Tegra Revision: A01 SKU: 131 CPU Process: 1 SoC Process: 1
[    0.004371] EFI services will not be available.
[    0.004430] smp: Bringing up secondary CPUs ...
[    0.004659] CPU1: thread -1, cpu 1, socket 0, mpidr 80000001
[    0.012089] CPU2: thread -1, cpu 2, socket 0, mpidr 80000002
[    0.022101] CPU3: thread -1, cpu 3, socket 0, mpidr 80000003
[    0.031876] smp: Brought up 1 node, 4 CPUs
[    0.031884] SMP: Total of 4 processors activated (96.00 BogoMIPS).
[    0.031887] CPU: All CPU(s) started in SVC mode.
[    0.032441] devtmpfs: initialized
[    0.037330] VFP support v0.3: implementor 41 architecture 4 part 30 variant f rev 0
[    0.037528] clocksource: jiffies: mask: 0xffffffff max_cycles: 0xffffffff, max_idle_ns: 19112604462750000 ns
[    0.037535] futex hash table entries: 1024 (order: 4, 65536 bytes)
[    0.038107] pinctrl core: initialized pinctrl subsystem
[    0.038729] DMI not present or invalid.
[    0.038834] NET: Registered protocol family 16
[    0.039588] DMA: preallocated 256 KiB pool for atomic coherent allocations
[    0.040473] cpuidle: using governor menu
[    0.048802] No ATAGs?
[    0.048857] hw-breakpoint: found 5 (+1 reserved) breakpoint and 4 watchpoint registers.
[    0.048864] hw-breakpoint: maximum watchpoint size is 8 bytes.
[    0.051653] Serial: AMBA PL011 UART driver
[    0.052021] tegra-mc 70019000.memory-controller: no memory timings for RAM code 0 registered
[    0.052135] iommu: Adding device reg-dummy to group 0
[    0.052162] iommu: Adding device 50000000.host1x to group 1
[    0.052186] iommu: Adding device 54200000.dc to group 2
[    0.052209] iommu: Adding device 54240000.dc to group 3
[    0.052223] iommu: Adding device 54280000.hdmi to group 4
[    0.052235] iommu: Adding device 54540000.sor to group 5
[    0.052248] iommu: Adding device 545c0000.dpaux to group 6
[    0.052273] iommu: Adding device 57000000.gpu to group 7
[    0.052284] iommu: Adding device 60005000.timer to group 8
[    0.052295] iommu: Adding device 60007000.flow-controller to group 9
[    0.052306] iommu: Adding device 6000c800.actmon to group 10
[    0.052316] iommu: Adding device 6000d000.gpio to group 11
[    0.052328] iommu: Adding device 60020000.dma to group 12
[    0.052339] iommu: Adding device 70000800.apbmisc to group 13
[    0.052350] iommu: Adding device 70000868.pinmux to group 14
[    0.052360] iommu: Adding device 70006000.serial to group 15
[    0.052374] iommu: Adding device 7000a000.pwm to group 16
[    0.052384] iommu: Adding device 7000c000.i2c to group 17
[    0.052395] iommu: Adding device 7000c400.i2c to group 18
[    0.052406] iommu: Adding device 7000c500.i2c to group 19
[    0.052418] iommu: Adding device 7000c700.i2c to group 20
[    0.052429] iommu: Adding device 7000d000.i2c to group 21
[    0.052441] iommu: Adding device 7000d400.spi to group 22
[    0.052451] iommu: Adding device 7000da00.spi to group 23
[    0.052462] iommu: Adding device 7000e000.rtc to group 24
[    0.052472] iommu: Adding device 7000e400.pmc to group 25
[    0.052483] iommu: Adding device 7000f800.fuse to group 26
[    0.052496] iommu: Adding device 70019000.memory-controller to group 27
[    0.052507] iommu: Adding device 7001b000.emc to group 28
[    0.052520] iommu: Adding device 70030000.hda to group 29
[    0.052532] iommu: Adding device 70090000.usb to group 30
[    0.052542] iommu: Adding device 7009f000.padctl to group 31
[    0.052553] iommu: Adding device 700b0000.sdhci to group 32
[    0.052564] iommu: Adding device 700b0400.sdhci to group 33
[    0.052574] iommu: Adding device 700b0600.sdhci to group 34
[    0.052585] iommu: Adding device 700e2000.thermal-sensor to group 35
[    0.052595] iommu: Adding device 70300000.ahub to group 36
[    0.052608] iommu: Adding device pmu to group 37
[    0.052620] iommu: Adding device timer to group 38
[    0.052631] iommu: Adding device sdhci0_pwrseq to group 39
[    0.052642] iommu: Adding device backlight to group 40
[    0.052653] iommu: Adding device clocks to group 41
[    0.052663] iommu: Adding device gpio-keys to group 42
[    0.052674] iommu: Adding device regulators to group 43
[    0.052685] iommu: Adding device regulators:regulator@0 to group 44
[    0.052696] iommu: Adding device regulators:regulator@1 to group 45
[    0.052709] iommu: Adding device regulators:regulator@2 to group 46
[    0.052720] iommu: Adding device regulators:regulator@3 to group 47
[    0.052733] iommu: Adding device regulators:regulator@4 to group 48
[    0.052744] iommu: Adding device regulators:regulator@5 to group 49
[    0.052754] iommu: Adding device regulators:regulator@6 to group 50
[    0.052765] iommu: Adding device regulators:regulator@7 to group 51
[    0.052776] iommu: Adding device regulators:regulator@8 to group 52
[    0.052789] iommu: Adding device regulators:regulator@9 to group 53
[    0.052802] iommu: Adding device regulators:regulator@10 to group 54
[    0.052813] iommu: Adding device regulators:regulator@11 to group 55
[    0.052823] iommu: Adding device regulators:regulator@12 to group 56
[    0.052834] iommu: Adding device sound to group 57
[    0.052844] iommu: Adding device gpio-restart to group 58
[    0.052857] iommu: Adding device panel to group 59
[    0.057855] AT91: Could not find identification node
[    0.058066] +5V_SYS: supplied by +VDD_MUX
[    0.058167] +3.3V_SYS: supplied by +VDD_MUX
[    0.058380] +VDD_LED: Failed to request enable GPIO122: -517
[    0.058385] reg-fixed-voltage regulators:regulator@5: Failed to register regulator: -517
[    0.058419] +5V_VDD_TS_SW: Failed to request enable GPIO81: -517
[    0.058424] reg-fixed-voltage regulators:regulator@6: Failed to register regulator: -517
[    0.058457] +5V_USB_HS: Failed to request enable GPIO108: -517
[    0.058462] reg-fixed-voltage regulators:regulator@7: Failed to register regulator: -517
[    0.058494] +5V_USB_SS: Failed to request enable GPIO109: -517
[    0.058499] reg-fixed-voltage regulators:regulator@8: Failed to register regulator: -517
[    0.058589] +1.05V_RUN_AVDD_HDMI_PLL: Failed to request enable GPIO63: -517
[    0.058594] reg-fixed-voltage regulators:regulator@11: Failed to register regulator: -517
[    0.058628] +5V_HDMI_CON: Failed to request enable GPIO86: -517
[    0.058632] reg-fixed-voltage regulators:regulator@12: Failed to register regulator: -517
[    0.059615] vgaarb: loaded
[    0.059871] SCSI subsystem initialized
[    0.059941] libata version 3.00 loaded.
[    0.060016] usbcore: registered new interface driver usbfs
[    0.060033] usbcore: registered new interface driver hub
[    0.060054] usbcore: registered new device driver usb
[    0.061326] pps_core: LinuxPPS API ver. 1 registered
[    0.061331] pps_core: Software ver. 5.3.6 - Copyright 2005-2007 Rodolfo Giometti <giometti@linux.it>
[    0.061338] PTP clock support registered
[    0.061402] EDAC MC: Ver: 3.0.0
[    0.061503] dmi: Firmware registration failed.
[    0.061799] tegra-emc 7001b000.emc: no memory timings for RAM code 0 found in DT
[    0.061808] tegra-emc: probe of 7001b000.emc failed with error -2
[    0.062248] clocksource: Switched to clocksource arch_sys_counter
[    0.081793] NET: Registered protocol family 2
[    0.081985] TCP established hash table entries: 8192 (order: 3, 32768 bytes)
[    0.082019] TCP bind hash table entries: 8192 (order: 4, 65536 bytes)
[    0.082081] TCP: Hash tables configured (established 8192 bind 8192)
[    0.082114] UDP hash table entries: 512 (order: 2, 16384 bytes)
[    0.082129] UDP-Lite hash table entries: 512 (order: 2, 16384 bytes)
[    0.082191] NET: Registered protocol family 1
[    0.082362] RPC: Registered named UNIX socket transport module.
[    0.082367] RPC: Registered udp transport module.
[    0.082369] RPC: Registered tcp transport module.
[    0.082373] RPC: Registered tcp NFSv4.1 backchannel transport module.
[    0.082378] PCI: CLS 0 bytes, default 64
[    0.082943] hw perfevents: enabled with armv7_cortex_a15 PMU driver, 7 counters available
[    0.083222] iommu: Adding device alarmtimer to group 60
[    0.083570] workingset: timestamp_bits=30 max_order=19 bucket_order=0
[    0.085547] squashfs: version 4.0 (2009/01/31) Phillip Lougher
[    0.085756] NFS: Registering the id_resolver key type
[    0.085769] Key type id_resolver registered
[    0.085772] Key type id_legacy registered
[    0.085789] ntfs: driver 2.1.32 [Flags: R/O].
[    0.086283] bounce: pool size: 64 pages
[    0.086305] Block layer SCSI generic (bsg) driver version 0.4 loaded (major 248)
[    0.086309] io scheduler noop registered
[    0.086313] io scheduler deadline registered
[    0.086385] io scheduler cfq registered (default)
[    0.086389] io scheduler mq-deadline registered
[    0.086392] io scheduler kyber registered
[    0.087653] tegra-xusb-padctl 7009f000.padctl: failed to setup XUSB ports: -517
[    0.098071] tegra-apbdma 60020000.dma: Tegra20 APB DMA driver register 32 channels
[    0.099085] tegra-pmc 7000e400.pmc: i2c-thermtrip node not found, emergency thermal reset disabled.
[    0.115107] Serial: 8250/16550 driver, 4 ports, IRQ sharing disabled
[    0.115152] iommu: Adding device serial8250 to group 61
[    0.116156] console [ttyS0] disabled
[    0.116175] 70006000.serial: ttyS0 at MMIO 0x70006000 (irq = 333, base_baud = 25500000) is a Tegra
[    1.363724] console [ttyS0] enabled
[    1.367508] SuperH (H)SCI(F) driver initialized
[    1.372399] msm_serial: driver initialized
[    1.376543] STMicroelectronics ASC driver initialized
[    1.383921] tegra-hdmi 54280000.hdmi: failed to get HDMI regulator
[    1.390457] tegra-dpaux 545c0000.dpaux: failed to get VDD supply: -517
[    1.397874] panel-simple panel: panel supply power not found, using dummy regulator
[    1.408157] brd: module loaded
[    1.413564] loop: module loaded
[    1.417609] as3722 4-0040: AS3722 with revision 0x1 found
[    1.424120] iommu: Adding device as3722-pinctrl to group 62
[    1.430999] iommu: Adding device as3722-regulator to group 63
[    1.438850] as3722-sd2: supplied by +5V_SYS
[    1.443260] as3722-sd3: supplied by +5V_SYS
[    1.447586] +1.35V_LP0(sd3): Bringing 0uV into 1350000-1350000uV
[    1.453799] as3722-sd4: supplied by +5V_SYS
[    1.458129] +1.05V_RUN: Bringing 0uV into 1050000-1050000uV
[    1.463856] as3722-sd5: supplied by +5V_SYS
[    1.469409] as3722-ldo0: supplied by +1.35V_LP0(sd2)
[    1.475126] +1.8V_RUN_CAM: Bringing 0uV into 1800000-1800000uV
[    1.481126] as3722-ldo2: supplied by +1.8V_VDDIO
[    1.486728] as3722-ldo3: supplied by +3.3V_SYS
[    1.491171] +1.00V_LP0_VDD_RTC: Bringing 1100000uV into 1000000-1000000uV
[    1.498734] as3722-ldo4: supplied by +3.3V_SYS
[    1.503336] +3.3V_RUN_CAM: Bringing 0uV into 2800000-2800000uV
[    1.509333] as3722-ldo5: supplied by +1.8V_VDDIO
[    1.514103] +1.2V_RUN_CAM_FRONT: Bringing 0uV into 1200000-1200000uV
[    1.520772] +VDDIO_SDMMC3: Bringing 0uV into 1800000-1800000uV
[    1.526786] as3722-ldo7: supplied by +1.8V_VDDIO
[    1.531551] +1.05V_RUN_CAM_REAR: Bringing 0uV into 1050000-1050000uV
[    1.538089] as3722-ldo9: supplied by +5V_SYS
[    1.542658] +2.8V_RUN_TOUCH: Bringing 0uV into 2800000-2800000uV
[    1.548844] as3722-ldo10: supplied by +5V_SYS
[    1.553354] +2.8V_RUN_CAM_AF: Bringing 0uV into 2800000-2800000uV
[    1.559771] +1.8V_RUN_VPP_FUSE: Bringing 0uV into 1800000-1800000uV
[    1.566264] iommu: Adding device as3722-rtc to group 64
[    1.571613] iommu: Adding device as3722-adc to group 65
[    1.576937] iommu: Adding device as3722-power-off to group 66
[    1.582779] iommu: Adding device as3722-wdt to group 67
[    1.599754] m25p80 spi1.0: w25q32dw (4096 Kbytes)
[    1.605232] iommu: Adding device Fixed MDIO bus.0 to group 68
[    1.611103] libphy: Fixed MDIO Bus: probed
[    1.615518] CAN device driver interface
[    1.619652] bgmac_bcma: Broadcom 47xx GBit MAC driver loaded
[    1.625759] e1000e: Intel(R) PRO/1000 Network Driver - 3.2.6-k
[    1.631575] e1000e: Copyright(c) 1999 - 2015 Intel Corporation.
[    1.637500] igb: Intel(R) Gigabit Ethernet Network Driver - version 5.4.0-k
[    1.644448] igb: Copyright (c) 2007-2014 Intel Corporation.
[    1.651270] pegasus: v0.9.3 (2013/04/25), Pegasus/Pegasus II USB Ethernet driver
[    1.658673] usbcore: registered new interface driver pegasus
[    1.664341] usbcore: registered new interface driver asix
[    1.669735] usbcore: registered new interface driver ax88179_178a
[    1.675827] usbcore: registered new interface driver cdc_ether
[    1.681656] usbcore: registered new interface driver smsc75xx
[    1.687405] usbcore: registered new interface driver smsc95xx
[    1.693151] usbcore: registered new interface driver net1080
[    1.698805] usbcore: registered new interface driver cdc_subset
[    1.704723] usbcore: registered new interface driver zaurus
[    1.710296] usbcore: registered new interface driver cdc_ncm
[    1.716610] ehci_hcd: USB 2.0 'Enhanced' Host Controller (EHCI) Driver
[    1.723127] ehci-pci: EHCI PCI platform driver
[    1.727569] ehci-platform: EHCI generic platform driver
[    1.732854] ehci-orion: EHCI orion driver
[    1.736903] SPEAr-ehci: EHCI SPEAr driver
[    1.740948] ehci-st: EHCI STMicroelectronics driver
[    1.745865] ehci-exynos: EHCI EXYNOS driver
[    1.750088] ehci-atmel: EHCI Atmel driver
[    1.754136] tegra-ehci: Tegra EHCI driver
[    1.758196] ohci_hcd: USB 1.1 'Open' Host Controller (OHCI) Driver
[    1.764371] ohci-pci: OHCI PCI platform driver
[    1.768812] ohci-platform: OHCI generic platform driver
[    1.774089] SPEAr-ohci: OHCI SPEAr driver
[    1.778132] ohci-st: OHCI STMicroelectronics driver
[    1.783048] ohci-atmel: OHCI Atmel driver
[    1.787295] usbcore: registered new interface driver usb-storage
[    1.794302] elan_i2c 1-0015: 1-0015 supply vcc not found, using dummy regulator
[    1.801658] as3722-rtc as3722-rtc: rtc core: registered as3722-rtc as rtc0
[    1.808534] as3722-rtc as3722-rtc: RTC interrupt 372
[    1.815475] tegra_rtc 7000e000.rtc: rtc core: registered 7000e000.rtc as rtc1
[    1.822617] tegra_rtc 7000e000.rtc: Tegra internal Real Time Clock
[    1.828965] i2c /dev entries driver
[    1.833758] IR NEC protocol handler initialized
[    1.838274] IR RC5(x/sz) protocol handler initialized
[    1.843318] IR RC6 protocol handler initialized
[    1.847835] IR JVC protocol handler initialized
[    1.852356] IR Sony protocol handler initialized
[    1.856960] IR SANYO protocol handler initialized
[    1.861649] IR Sharp protocol handler initialized
[    1.866343] IR MCE Keyboard/mouse protocol handler initialized
[    1.872159] IR XMP protocol handler initialized
[    1.877788] lm90 0-004c: 0-004c supply vcc not found, using dummy regulator
[    1.888085] iommu: Adding device cpufreq-tegra124 to group 69
[    1.894915] sdhci: Secure Digital Host Controller Interface driver
[    1.901078] sdhci: Copyright(c) Pierre Ossman
[    1.905987] Synopsys Designware Multimedia Card Interface Driver
[    1.912431] sdhci-pltfm: SDHCI platform and OF driver helper
[    1.918361] sdhci-tegra 700b0000.sdhci: allocated mmc-pwrseq
[    1.932171] sdhci-tegra 700b0400.sdhci: Got CD GPIO
[    1.937065] sdhci-tegra 700b0400.sdhci: Got WP GPIO
[    1.956274] mmc0: Unknown controller version (3). You may experience problems.
[    1.963528] mmc0: Invalid maximum block size, assuming 512 bytes
[    1.994441] elan_i2c 1-0015: Elan Touchpad: Module ID: 0x002a, Firmware: 0x0005, Sample: 0x0007, IAP: 0x0009
[    2.004375] input: Elan Touchpad as /devices/soc0/7000c400.i2c/i2c-1/1-0015/input/input0
[    2.032256] mmc0: SDHCI controller on 700b0600.sdhci [700b0600.sdhci] using ADMA
[    2.040374] ledtrig-cpu: registered to indicate activity on CPUs
[    2.046546] usbcore: registered new interface driver usbhid
[    2.052102] usbhid: USB HID core driver
[    2.057286] NET: Registered protocol family 10
[    2.062042] Segment Routing with IPv6
[    2.065735] sit: IPv6, IPv4 and MPLS over IPv4 tunneling driver
[    2.071830] NET: Registered protocol family 17
[    2.076274] can: controller area network core (rev 20170425 abi 9)
[    2.082463] NET: Registered protocol family 29
[    2.086894] can: raw protocol (rev 20170425)
[    2.091150] can: broadcast manager protocol (rev 20170425 t)
[    2.096801] can: netlink gateway (rev 20170425) max_hops=1
[    2.102393] Key type dns_resolver registered
[    2.106842] ThumbEE CPU extension supported.
[    2.111102] Registering SWP/SWPB emulation handler
[    2.121809] +3.3V_RUN: supplied by +3.3V_SYS
[    2.126908] +VDD_LED: supplied by +VDD_MUX
[    2.131156] +3.3V_AVDD_HDMI_AP_GATED: supplied by +3.3V_RUN
[    2.136781] +1.8V_RUN_CAM: supplied by +3.3V_RUN
[    2.141413] +VDDIO_SDMMC3: supplied by +3.3V_RUN
[    2.146057] +1.8V_RUN_VPP_FUSE: supplied by +3.3V_RUN
[    2.151312] +5V_VDD_TS_SW: supplied by +5V_SYS
[    2.156106] +5V_USB_HS: supplied by +5V_SYS
[    2.160443] +5V_USB_SS: supplied by +5V_SYS
[    2.165576] +3.3V_PANEL: supplied by +3.3V_RUN
[    2.170737] +3.3V_LP0: supplied by +3.3V_SYS
[    2.173076] mmc0: new high speed MMC card at address 0001
[    2.173317] mmcblk0: mmc0:0001 MMC16G 14.4 GiB 
[    2.173409] mmcblk0boot0: mmc0:0001 MMC16G partition 1 2.00 MiB
[    2.173645] mmcblk0boot1: mmc0:0001 MMC16G partition 2 2.00 MiB
[    2.173933] mmcblk0rpmb: mmc0:0001 MMC16G partition 3 128 KiB
[    2.178303]  mmcblk0: p1 p2 p3 p4 p5 p6 p7 p8 p9 p10 p11 p12
[    2.208963] +1.05V_RUN_AVDD_HDMI_PLL: supplied by +1.05V_RUN
[    2.209196] elan_i2c 1-0015: failed to read report data: -121
[    2.209565] elan_i2c 1-0015: failed to read report data: -121
[    2.226465] +5V_HDMI_CON: supplied by +5V_SYS
[    2.231392]  usb3-0: usb3-0 supply vbus not found, using dummy regulator
[    2.238190]  usb3-1: usb3-1 supply vbus not found, using dummy regulator
[    2.248518] tegra-sor 54540000.sor: failed to probe output: -517
[    2.255299] panel-simple panel: panel supply power not found, using dummy regulator
[    2.264048] sdhci-tegra 700b0000.sdhci: allocated mmc-pwrseq
[    2.276460] mmc1: Unknown controller version (3). You may experience problems.
[    2.283722] mmc1: Invalid maximum block size, assuming 512 bytes
[    2.290067] mmc1: Switching to 3.3V signalling voltage failed
[    2.352334] mmc1: SDHCI controller on 700b0000.sdhci [700b0000.sdhci] using ADMA
[    2.360541] sdhci-tegra 700b0400.sdhci: Got CD GPIO
[    2.365212] elan_i2c 1-0015: invalid report id data (ff)
[    2.370754] sdhci-tegra 700b0400.sdhci: Got WP GPIO
[    2.384186] mmc2: Unknown controller version (3). You may experience problems.
[    2.391484] mmc2: Invalid maximum block size, assuming 512 bytes
[    2.424299] mmc1: new high speed SDIO card at address 0001
[    2.462553] mmc2: SDHCI controller on 700b0400.sdhci [700b0400.sdhci] using ADMA
[    2.566093] [drm] Supports vblank timestamp caching Rev 2 (21.10.2013).
[    2.572720] [drm] No driver support for vblank timestamp query.
[    2.612828] mmc2: new high speed SDHC card at address 0007
[    2.613039] mmcblk2: mmc2:0007 SD08G 7.42 GiB 
[    2.621520] GPT:Primary header alternate_lba != Alt. header my_lba
[    2.621524] GPT:3014591 != 15564799
[    2.621525] GPT:Primary header thinks Alt. header is not at the end of the disk.
[    2.621526] GPT:3014591 != 15564799
[    2.621528] GPT: Use GNU Parted to correct GPT errors.
[    2.621552]  mmcblk2: p1 p2 p3 p4 p5 p6 p7 p8 p9 p10 p11 p12
[    2.661042] Console: switching to colour frame buffer device 170x48
[    2.725260] drm drm: fb0:  frame buffer device
[    2.729743] [drm] Initialized tegra 0.0.0 20120330 for drm on minor 0
[    2.737224] input: gpio-keys as /devices/soc0/gpio-keys/input/input1
[    2.744903] as3722-rtc as3722-rtc: setting system clock to 2000-01-01 00:00:23 UTC (946684823)
[    2.753897] +1.8V_RUN_CAM: disabling
[    2.757676] +3.3V_RUN_CAM: disabling
[    2.761407] +1.2V_RUN_CAM_FRONT: disabling
[    2.765781] +1.05V_RUN_CAM_REAR: disabling
[    2.770033] +2.8V_RUN_TOUCH: disabling
[    2.774032] +2.8V_RUN_CAM_AF: disabling
[    2.778023] +1.8V_RUN_VPP_FUSE: disabling
[    2.782187] +5V_VDD_TS_SW: disabling
[    2.785800] +5V_USB_HS: disabling
[    2.789113] +5V_USB_SS: disabling
[    2.793370] EXT4-fs (mmcblk0p3): couldn't mount as ext3 due to feature incompatibilities
[    2.801985] EXT4-fs (mmcblk0p3): couldn't mount as ext2 due to feature incompatibilities
[    3.175123] EXT4-fs (mmcblk0p3): recovery complete
[    3.183144] EXT4-fs (mmcblk0p3): mounted filesystem with ordered data mode. Opts: (null)
[    3.191250] VFS: Mounted root (ext4 filesystem) on device 179:3.
[    3.197955] devtmpfs: mounted
[    3.201622] Freeing unused kernel memory: 2048K
bash: cannot set terminal process group (-1): Inappropriate ioctl for device
bash: no job control in this shell
root@(none):/# mount -t sysfs none /sys
root@(none):/# 
root@(none):/# mount -t debugfs none /sys/kernel/debug
root@(none):/# 
root@(none):/# rtcwake -d rtc1 -m mem -s 3
rtcwake: assuming RTC uses UTC ...
rtcwake: wakeup from "mem" using /dev/rtc1 at Thu Jan  1 00:00:28 1970
[    5.861149] PM: suspend entry (deep)
[    5.864738] PM: Syncing filesystems ... done.
[    5.877428] Freezing user space processes ... (elapsed 0.001 seconds) done.
[    5.885545] OOM killer disabled.
[    5.888764] Freezing remaining freezable tasks ... (elapsed 0.001 seconds) done.
[    5.897372] Suspending console(s) (use no_console_suspend to debug)
[    5.943047] Disabling non-boot CPUs ...
[    5.982460] IRQ17 no longer affine to CPU1
[    6.102923] Entering suspend state LP1
[    6.102936] Enabling non-boot CPUs ...
[    6.103276] CPU1 is up
[    6.103516] CPU2 is up
[    6.103797] CPU3 is up
[    6.264169] mmc1: Switching to 3.3V signalling voltage failed
[    6.522269] tegra-sor 54540000.sor: failed to attach SOR: -110
[    6.586898] OOM killer enabled.
[    6.590037] Restarting tasks ... done.
[    6.601766] PM: suspend exit
root@(none):/# 
root@(none):/# rtcwake -d rtc1 -m mem -s 3
rtcwake: assuming RTC uses UTC ...
rtcwake: wakeup from "mem" using /dev/rtc1 at Thu Jan  1 00:00:32 1970
[    6.951513] PM: suspend entry (deep)
[    6.955111] PM: Syncing filesystems ... done.
[    6.968784] Freezing user space processes ... (elapsed 0.001 seconds) done.
[    6.976849] OOM killer disabled.
[    6.980065] Freezing remaining freezable tasks ... (elapsed 0.001 seconds) done.
[    6.988635] Suspending console(s) (use no_console_suspend to debug)
[    7.035128] Disabling non-boot CPUs ...
[    7.202380] IRQ17 no longer affine to CPU3
[    7.202848] Entering suspend state LP1
[    7.202861] Enabling non-boot CPUs ...
[    7.203169] CPU1 is up
[    7.203414] CPU2 is up
[    7.203691] CPU3 is up
[    7.364832] mmc1: Switching to 3.3V signalling voltage failed
[    7.622234] tegra-sor 54540000.sor: failed to attach SOR: -110
[    7.687784] OOM killer enabled.
[    7.690922] Restarting tasks ... done.
[    7.702539] PM: suspend exit
root@(none):/# 
root@(none):/# rtcwake -d rtc1 -m mem -s 3
rtcwake: assuming RTC uses UTC ...
rtcwake: wakeup from "mem" using /dev/rtc1 at Thu Jan  1 00:00:36 1970
[    8.051507] PM: suspend entry (deep)
[    8.055107] PM: Syncing filesystems ... done.
[    8.069388] Freezing user space processes ... (elapsed 0.001 seconds) done.
[    8.077542] OOM killer disabled.
[    8.080767] Freezing remaining freezable tasks ... (elapsed 0.001 seconds) done.
[    8.089391] Suspending console(s) (use no_console_suspend to debug)
[    8.135718] Disabling non-boot CPUs ...
[    8.232383] IRQ17 no longer affine to CPU2
[    8.272828] Entering suspend state LP1
[    8.272841] Enabling non-boot CPUs ...
[    8.273151] CPU1 is up
[    8.273396] CPU2 is up
[    8.273677] CPU3 is up
[    8.433749] mmc1: Switching to 3.3V signalling voltage failed
[    8.692263] tegra-sor 54540000.sor: failed to attach SOR: -110
[    8.756576] OOM killer enabled.
[    8.759705] Restarting tasks ... done.
[    8.771272] PM: suspend exit
root@(none):/# 
root@(none):/# rtcwake -d rtc1 -m mem -s 3
rtcwake: assuming RTC uses UTC ...
rtcwake: wakeup from "mem" using /dev/rtc1 at Thu Jan  1 00:00:40 1970
[    9.121329] PM: suspend entry (deep)
[    9.124916] PM: Syncing filesystems ... done.
[    9.138270] Freezing user space processes ... (elapsed 0.001 seconds) done.
[    9.146400] OOM killer disabled.
[    9.149616] Freezing remaining freezable tasks ... (elapsed 0.001 seconds) done.
[    9.158189] Suspending console(s) (use no_console_suspend to debug)
[    9.204293] Disabling non-boot CPUs ...
[    9.362800] Entering suspend state LP1
[    9.362813] Enabling non-boot CPUs ...
[    9.363124] CPU1 is up
[    9.363370] CPU2 is up
[    9.363650] CPU3 is up
[    9.524421] mmc1: Switching to 3.3V signalling voltage failed
[    9.782258] tegra-sor 54540000.sor: failed to attach SOR: -110
[    9.843330] OOM killer enabled.
[    9.846460] Restarting tasks ... done.
[    9.862332] PM: suspend exit
root@(none):/# 
root@(none):/# rtcwake -d rtc1 -m mem -s 3
rtcwake: assuming RTC uses UTC ...
rtcwake: wakeup from "mem" using /dev/rtc1 at Thu Jan  1 00:00:44 1970
[   10.211225] PM: suspend entry (deep)
[   10.214810] PM: Syncing filesystems ... done.
[   10.229295] Freezing user space processes ... (elapsed 0.001 seconds) done.
[   10.237362] OOM killer disabled.
[   10.240578] Freezing remaining freezable tasks ... (elapsed 0.001 seconds) done.
[   10.249137] Suspending console(s) (use no_console_suspend to debug)
[   10.295579] Disabling non-boot CPUs ...
[   10.432317] IRQ17 no longer affine to CPU3
[   10.432738] Entering suspend state LP1
[   10.432751] Enabling non-boot CPUs ...
[   10.433063] CPU1 is up
[   10.433311] CPU2 is up
[   10.433597] CPU3 is up
[   10.593675] mmc1: Switching to 3.3V signalling voltage failed
[   10.852259] tegra-sor 54540000.sor: failed to attach SOR: -110
[   10.916626] OOM killer enabled.
[   10.919756] Restarting tasks ... done.
[   10.931414] PM: suspend exit
root@(none):/# 
root@(none):/# rtcwake -d rtc1 -m mem -s 3
rtcwake: assuming RTC uses UTC ...
rtcwake: wakeup from "mem" using /dev/rtc1 at Thu Jan  1 00:00:48 1970
[   11.290510] PM: suspend entry (deep)
[   11.294093] PM: Syncing filesystems ... done.
[   11.314980] Freezing user space processes ... (elapsed 0.001 seconds) done.
[   11.323111] OOM killer disabled.
[   11.326327] Freezing remaining freezable tasks ... (elapsed 0.001 seconds) done.
[   11.334895] Suspending console(s) (use no_console_suspend to debug)
[   11.381011] Disabling non-boot CPUs ...
[   11.542295] IRQ17 no longer affine to CPU3
[   11.542733] Entering suspend state LP1
[   11.542746] Enabling non-boot CPUs ...
[   11.543057] CPU1 is up
[   11.543302] CPU2 is up
[   11.543584] CPU3 is up
[   11.703567] mmc1: Switching to 3.3V signalling voltage failed
[   11.962191] tegra-sor 54540000.sor: failed to attach SOR: -110
[   12.026665] OOM killer enabled.
[   12.029795] Restarting tasks ... done.
[   12.041369] PM: suspend exit
root@(none):/# 
root@(none):/# rtcwake -d rtc1 -m mem -s 3
rtcwake: assuming RTC uses UTC ...
rtcwake: wakeup from "mem" using /dev/rtc1 at Thu Jan  1 00:00:52 1970
[   12.391494] PM: suspend entry (deep)
[   12.395092] PM: Syncing filesystems ... done.
[   12.408435] Freezing user space processes ... (elapsed 0.001 seconds) done.
[   12.416570] OOM killer disabled.
[   12.419786] Freezing remaining freezable tasks ... (elapsed 0.001 seconds) done.
[   12.428389] Suspending console(s) (use no_console_suspend to debug)
[   12.474523] Disabling non-boot CPUs ...
[   12.652731] Entering suspend state LP1
[   12.652744] Enabling non-boot CPUs ...
[   12.653054] CPU1 is up
[   12.653302] CPU2 is up
[   12.653587] CPU3 is up
[   12.813595] mmc1: Switching to 3.3V signalling voltage failed
[   13.072172] tegra-sor 54540000.sor: failed to attach SOR: -110
[   13.132631] OOM killer enabled.
[   13.135760] Restarting tasks ... done.
[   13.151392] PM: suspend exit
root@(none):/# 
root@(none):/# rtcwake -d rtc1 -m mem -s 3
rtcwake: assuming RTC uses UTC ...
rtcwake: wakeup from "mem" using /dev/rtc1 at Thu Jan  1 00:00:56 1970
[   13.501374] PM: suspend entry (deep)
[   13.504961] PM: Syncing filesystems ... done.
[   13.518321] Freezing user space processes ... (elapsed 0.001 seconds) done.
[   13.526389] OOM killer disabled.
[   13.529605] Freezing remaining freezable tasks ... (elapsed 0.001 seconds) done.
[   13.538178] Suspending console(s) (use no_console_suspend to debug)
[   13.584660] Disabling non-boot CPUs ...
[   13.742714] Entering suspend state LP1
[   13.742727] Enabling non-boot CPUs ...
[   13.743036] CPU1 is up
[   13.743282] CPU2 is up
[   13.743562] CPU3 is up
[   13.903517] mmc1: Switching to 3.3V signalling voltage failed
[   14.162209] tegra-sor 54540000.sor: failed to attach SOR: -110
[   14.222558] OOM killer enabled.
[   14.225690] Restarting tasks ... done.
[   14.241361] PM: suspend exit
root@(none):/# 
root@(none):/# rtcwake -d rtc1 -m mem -s 3
rtcwake: assuming RTC uses UTC ...
rtcwake: wakeup from "mem" using /dev/rtc1 at Thu Jan  1 00:01:00 1970
[   14.591281] PM: suspend entry (deep)
[   14.594868] PM: Syncing filesystems ... done.
[   14.608290] Freezing user space processes ... (elapsed 0.001 seconds) done.
[   14.616356] OOM killer disabled.
[   14.619572] Freezing remaining freezable tasks ... (elapsed 0.001 seconds) done.
[   14.628136] Suspending console(s) (use no_console_suspend to debug)
[   14.674296] Disabling non-boot CPUs ...
[   14.812231] IRQ17 no longer affine to CPU3
[   14.812645] Entering suspend state LP1
[   14.812658] Enabling non-boot CPUs ...
[   14.812971] CPU1 is up
[   14.813218] CPU2 is up
[   14.813501] CPU3 is up
[   14.973624] mmc1: Switching to 3.3V signalling voltage failed
[   15.232164] tegra-sor 54540000.sor: failed to attach SOR: -110
[   15.296456] OOM killer enabled.
[   15.299586] Restarting tasks ... done.
[   15.311136] PM: suspend exit
root@(none):/# 
root@(none):/# rtcwake -d rtc1 -m mem -s 3
rtcwake: assuming RTC uses UTC ...
rtcwake: wakeup from "mem" using /dev/rtc1 at Thu Jan  1 00:01:04 1970
[   15.661274] PM: suspend entry (deep)
[   15.664860] PM: Syncing filesystems ... done.
[   15.678132] Freezing user space processes ... (elapsed 0.001 seconds) done.
[   15.686268] OOM killer disabled.
[   15.689484] Freezing remaining freezable tasks ... (elapsed 0.001 seconds) done.
[   15.698057] Suspending console(s) (use no_console_suspend to debug)
[   15.744045] Disabling non-boot CPUs ...
[   15.902673] Entering suspend state LP1
[   15.902686] Enabling non-boot CPUs ...
[   15.902996] CPU1 is up
[   15.903239] CPU2 is up
[   15.903521] CPU3 is up
[   16.063849] mmc1: Switching to 3.3V signalling voltage failed
[   16.322072] tegra-sor 54540000.sor: failed to attach SOR: -110
[   16.382749] OOM killer enabled.
[   16.385879] Restarting tasks ... done.
[   16.401699] PM: suspend exit
root@(none):/# 
NVTB SYSTEM SUSPEND TEST COMPLETE
root@(none):/# 