
U-Boot SPL 2014.01-00219-gc4d376f (Feb 18 2014 - 19:57:18)


U-Boot 2014.01-00219-gc4d376f (Feb 18 2014 - 19:57:18)

TEGRA30
Board: NVIDIA Beaver
I2C:   ready
DRAM:  2 GiB
MMC:   Tegra SD/MMC: 0, Tegra SD/MMC: 1
In:    serial
Out:   serial
Err:   serial
Net:   Net Initialization Skipped
No ethernet found.
Hit any key to stop autoboot:  2  0 
Tegra30 (Beaver) # 
Tegra30 (Beaver) # usb reset
(Re)start USB...
USB0:   USB EHCI 1.00
scanning bus 0 for devices... 2 USB Device(s) found
       scanning usb for storage devices... 0 Storage Device(s) found
       scanning usb for ethernet devices... 
Warning: asx0 using MAC address from net device
1 Ethernet Device(s) found
Tegra30 (Beaver) # setenv bootargs 'ignore_loglevel console=ttyS0,115200n8 rw root=PARTUUID=edbe1840-3633-c751-7993-b0ac834f81e0 rootwait gpt debug noinitrd earlyprintk init=/bin/bash'
Tegra30 (Beaver) # setenv ipaddr 192.168.100.101; setenv serverip 192.168.100.1; setenv tftpserverip 192.168.100.1
Tegra30 (Beaver) # tftpboot 0x81000000 zImage.multi_v7_defconfig
Using asx0 device
TFTP from server 192.168.100.1; our IP address is 192.168.100.101
Filename 'zImage.multi_v7_defconfig'.
Load address: 0x81000000
Loading: *#################################################################
	 #################################################################
	 #################################################################
	 #################################################################
	 #################################################################
	 #################################################################
	 #################################################################
	 ###########################################################
	 3.2 MiB/s
done
Bytes transferred = 7535296 (72fac0 hex)
Tegra30 (Beaver) # tftpboot 0x82000000 tegra30-beaver.dtb
Using asx0 device
TFTP from server 192.168.100.1; our IP address is 192.168.100.101
Filename 'tegra30-beaver.dtb'.
Load address: 0x82000000
Loading: *####
	 3.1 MiB/s
done
Bytes transferred = 51804 (ca5c hex)
Tegra30 (Beaver) # bootz 0x81000000 - 0x82000000
Kernel image @ 0x81000000 [ 0x000000 - 0x72fac0 ]
## Flattened Device Tree blob at 82000000
   Booting using the fdt blob at 0x82000000
   Loading Device Tree to 8fff0000, end 8ffffa5b ... OK

Starting kernel ...

[    0.000000] Booting Linux on physical CPU 0x0
[    0.000000] Linux version 4.11.0-rc2-155355-g4495c08 (pwalmsley@sellafield) (gcc version 4.7.3 20130328 (prerelease) (crosstool-NG linaro-1.13.1-4.7-2013.04-20130415 - Linaro GCC 2013.04) ) #1 SMP Sun Mar 12 15:05:38 PDT 2017
[    0.000000] CPU: ARMv7 Processor [412fc099] revision 9 (ARMv7), cr=10c5387d
[    0.000000] CPU: PIPT / VIPT nonaliasing data cache, VIPT aliasing instruction cache
[    0.000000] OF: fdt: Machine model: NVIDIA Tegra30 Beaver evaluation board
[    0.000000] debug: ignoring loglevel setting.
[    0.000000] efi: Getting EFI parameters from FDT:
[    0.000000] efi: UEFI not found.
[    0.000000] cma: Reserved 64 MiB at 0xfb800000
[    0.000000] Memory policy: Data cache writealloc
[    0.000000] On node 0 totalpages: 524032
[    0.000000] free_area_init_node: node 0, pgdat c1538180, node_mem_map eeff8000
[    0.000000]   DMA zone: 1536 pages used for memmap
[    0.000000]   DMA zone: 0 pages reserved
[    0.000000]   DMA zone: 196608 pages, LIFO batch:31
[    0.000000]   HighMem zone: 327424 pages, LIFO batch:31
[    0.000000] percpu: Embedded 16 pages/cpu @eef8c000 s34432 r8192 d22912 u65536
[    0.000000] pcpu-alloc: s34432 r8192 d22912 u65536 alloc=16*4096
[    0.000000] pcpu-alloc: [0] 0 [0] 1 [0] 2 [0] 3 
[    0.000000] Built 1 zonelists in Zone order, mobility grouping on.  Total pages: 522496
[    0.000000] Kernel command line: ignore_loglevel console=ttyS0,115200n8 rw root=PARTUUID=edbe1840-3633-c751-7993-b0ac834f81e0 rootwait gpt debug noinitrd earlyprintk init=/bin/bash
[    0.000000] PID hash table entries: 4096 (order: 2, 16384 bytes)
[    0.000000] Dentry cache hash table entries: 131072 (order: 7, 524288 bytes)
[    0.000000] Inode-cache hash table entries: 65536 (order: 6, 262144 bytes)
[    0.000000] Memory: 1993692K/2096128K available (10240K kernel code, 1254K rwdata, 4212K rodata, 2048K init, 536K bss, 36900K reserved, 65536K cma-reserved, 1244160K highmem)
[    0.000000] Virtual kernel memory layout:
[    0.000000]     vector  : 0xffff0000 - 0xffff1000   (   4 kB)
[    0.000000]     fixmap  : 0xffc00000 - 0xfff00000   (3072 kB)
[    0.000000]     vmalloc : 0xf0800000 - 0xff800000   ( 240 MB)
[    0.000000]     lowmem  : 0xc0000000 - 0xf0000000   ( 768 MB)
[    0.000000]     pkmap   : 0xbfe00000 - 0xc0000000   (   2 MB)
[    0.000000]     modules : 0xbf000000 - 0xbfe00000   (  14 MB)
[    0.000000]       .text : 0xc0208000 - 0xc0d00000   (11232 kB)
[    0.000000]       .init : 0xc1200000 - 0xc1400000   (2048 kB)
[    0.000000]       .data : 0xc1400000 - 0xc1539aa0   (1255 kB)
[    0.000000]        .bss : 0xc153b000 - 0xc15c12b8   ( 537 kB)
[    0.000000] SLUB: HWalign=64, Order=0-3, MinObjects=0, CPUs=4, Nodes=1
[    0.000000] Hierarchical RCU implementation.
[    0.000000] 	RCU debugfs-based tracing is enabled.
[    0.000000] 	Build-time adjustment of leaf fanout to 32.
[    0.000000] 	RCU restricting CPUs from NR_CPUS=16 to nr_cpu_ids=4.
[    0.000000] RCU: Adjusting geometry for rcu_fanout_leaf=32, nr_cpu_ids=4
[    0.000000] NR_IRQS:16 nr_irqs:16 16
[    0.000000] /interrupt-controller@60004000: 160 interrupts forwarded to /interrupt-controller@50041000
[    0.000000] L2C: platform modifies aux control register: 0x02080000 -> 0x3e480001
[    0.000000] L2C: DT/platform modifies aux control register: 0x02080000 -> 0x3e480001
[    0.000000] L2C-310 erratum 769419 enabled
[    0.000000] L2C-310 enabling early BRESP for Cortex-A9
[    0.000000] L2C-310: enabling full line of zeros but not enabled in Cortex-A9
[    0.000000] L2C-310 dynamic clock gating enabled, standby mode enabled
[    0.000000] L2C-310 cache controller enabled, 8 ways, 1024 kB
[    0.000000] L2C-310: CACHE_ID 0x410000c7, AUX_CTRL 0x4e480001
[    0.000013] sched_clock: 32 bits at 1000kHz, resolution 1000ns, wraps every 2147483647500ns
[    0.000028] clocksource: timer_us: mask: 0xffffffff max_cycles: 0xffffffff, max_idle_ns: 1911260446275 ns
[    0.000037] Switching to timer-based delay loop, resolution 1000ns
[    0.002838] Console: colour dummy device 80x30
[    0.002866] Calibrating delay loop (skipped), value calculated using timer frequency.. 2.00 BogoMIPS (lpj=10000)
[    0.002876] pid_max: default: 32768 minimum: 301
[    0.002951] Mount-cache hash table entries: 2048 (order: 1, 8192 bytes)
[    0.002958] Mountpoint-cache hash table entries: 2048 (order: 1, 8192 bytes)
[    0.003347] CPU: Testing write buffer coherency: ok
[    0.003658] CPU0: thread -1, cpu 0, socket 0, mpidr 80000000
[    0.003815] Setting up static identity map for 0x80300000 - 0x80300098
[    0.006420] Tegra Revision: A03 SKU: 128 CPU Process: 4 SoC Process: 0
[    0.006914] EFI services will not be available.
[    0.007069] smp: Bringing up secondary CPUs ...
[    0.010367] CPU1: thread -1, cpu 1, socket 0, mpidr 80000001
[    0.020328] CPU2: thread -1, cpu 2, socket 0, mpidr 80000002
[    0.030326] CPU3: thread -1, cpu 3, socket 0, mpidr 80000003
[    0.030369] smp: Brought up 1 node, 4 CPUs
[    0.030383] SMP: Total of 4 processors activated (8.00 BogoMIPS).
[    0.030388] CPU: All CPU(s) started in SVC mode.
[    0.031075] devtmpfs: initialized
[    0.039430] VFP support v0.3: implementor 41 architecture 3 part 30 variant 9 rev 4
[    0.039841] clocksource: jiffies: mask: 0xffffffff max_cycles: 0xffffffff, max_idle_ns: 19112604462750000 ns
[    0.039860] futex hash table entries: 1024 (order: 4, 65536 bytes)
[    0.043234] pinctrl core: initialized pinctrl subsystem
[    0.045022] NET: Registered protocol family 16
[    0.047884] DMA: preallocated 256 KiB pool for atomic coherent allocations
[    0.049593] cpuidle: using governor menu
[    0.064076] No ATAGs?
[    0.064173] hw-breakpoint: found 5 (+1 reserved) breakpoint and 1 watchpoint registers.
[    0.064184] hw-breakpoint: maximum watchpoint size is 4 bytes.
[    0.068128] Serial: AMBA PL011 UART driver
[    0.068597] tegra-mc 7000f000.memory-controller: no memory timings for RAM code 3 registered
[    0.077766] vdd_5v_sata: Failed to request enable GPIO30: -517
[    0.077780] reg-fixed-voltage regulators:regulator@3: Failed to register regulator: -517
[    0.077824] usb1_vbus: Failed to request enable GPIO238: -517
[    0.077832] reg-fixed-voltage regulators:regulator@4: Failed to register regulator: -517
[    0.077874] usb3_vbus: Failed to request enable GPIO236: -517
[    0.077881] reg-fixed-voltage regulators:regulator@5: Failed to register regulator: -517
[    0.077969] sys_3v3_pexs: Failed to request enable GPIO95: -517
[    0.077977] reg-fixed-voltage regulators:regulator@7: Failed to register regulator: -517
[    0.079853] vgaarb: loaded
[    0.080336] SCSI subsystem initialized
[    0.080474] libata version 3.00 loaded.
[    0.080616] usbcore: registered new interface driver usbfs
[    0.080649] usbcore: registered new interface driver hub
[    0.080686] usbcore: registered new device driver usb
[    0.087740] vrtc: supplied by vdd_5v_in
[    0.091049] vio: supplied by vdd_5v_in
[    0.101817] vdd1: supplied by vdd_5v_in
[    0.103175] vddio_ddr_1v2: Bringing 600000uV into 1200000-1200000uV
[    0.111824] vdd2: supplied by vdd_5v_in
[    0.131806] ldo1: supplied by vdd_1v5_gen
[    0.134187] ldo2: supplied by vdd_1v5_gen
[    0.134656] vdd_sata,avdd_plle: Bringing 1200000uV into 1050000-1050000uV
[    0.136881] ldo3: supplied by vdd_5v_in
[    0.139240] ldo4: supplied by vdd_5v_in
[    0.141812] ldo5: supplied by vdd_5v_in
[    0.151811] ldo6: supplied by vdd_1v8_gen
[    0.152281] avdd_dsi_csi,pwrdet_mipi: Bringing 1000000uV into 1200000-1200000uV
[    0.154542] ldo7: supplied by vdd_1v8_gen
[    0.161807] ldo8: supplied by vdd_1v8_gen
[    0.171904] pps_core: LinuxPPS API ver. 1 registered
[    0.171910] pps_core: Software ver. 5.3.6 - Copyright 2005-2007 Rodolfo Giometti <giometti@linux.it>
[    0.171924] PTP clock support registered
[    0.172065] EDAC MC: Ver: 3.0.0
[    0.173597] clocksource: Switched to clocksource timer_us
[    0.178797] NET: Registered protocol family 2
[    0.179178] TCP established hash table entries: 8192 (order: 3, 32768 bytes)
[    0.179231] TCP bind hash table entries: 8192 (order: 4, 65536 bytes)
[    0.179313] TCP: Hash tables configured (established 8192 bind 8192)
[    0.179435] UDP hash table entries: 512 (order: 2, 16384 bytes)
[    0.179493] UDP-Lite hash table entries: 512 (order: 2, 16384 bytes)
[    0.179646] NET: Registered protocol family 1
[    0.179877] RPC: Registered named UNIX socket transport module.
[    0.179885] RPC: Registered udp transport module.
[    0.179889] RPC: Registered tcp transport module.
[    0.179893] RPC: Registered tcp NFSv4.1 backchannel transport module.
[    0.179951] PCI: CLS 0 bytes, default 64
[    0.180707] hw perfevents: enabled with armv7_cortex_a9 PMU driver, 7 counters available
[    0.181920] workingset: timestamp_bits=30 max_order=19 bucket_order=0
[    0.186654] squashfs: version 4.0 (2009/01/31) Phillip Lougher
[    0.187069] NFS: Registering the id_resolver key type
[    0.187093] Key type id_resolver registered
[    0.187098] Key type id_legacy registered
[    0.187126] ntfs: driver 2.1.32 [Flags: R/O].
[    0.188148] bounce: pool size: 64 pages
[    0.188182] Block layer SCSI generic (bsg) driver version 0.4 loaded (major 248)
[    0.188190] io scheduler noop registered
[    0.188195] io scheduler deadline registered
[    0.188296] io scheduler cfq registered (default)
[    0.188301] io scheduler mq-deadline registered
[    0.194236] tegra30-pinctrl 70000868.pinmux: invalid group "sdmmc3_dat6_pd3" for function "rsvd1"
[    0.194250] tegra30-pinctrl 70000868.pinmux: invalid group "sdmmc3_dat7_pd4" for function "rsvd1"
[    0.194264] tegra30-pinctrl 70000868.pinmux: invalid group "vi_vsync_pd6" for function "rsvd1"
[    0.194273] tegra30-pinctrl 70000868.pinmux: invalid group "vi_hsync_pd7" for function "rsvd1"
[    0.194716] tegra30-pinctrl 70000868.pinmux: invalid group "hdmi_int_pn7" for function "rsvd1"
[    0.194759] tegra30-pinctrl 70000868.pinmux: invalid group "ulpi_data3_po4" for function "rsvd1"
[    0.195093] tegra30-pinctrl 70000868.pinmux: invalid group "vi_d10_pt2" for function "rsvd1"
[    0.195106] tegra30-pinctrl 70000868.pinmux: invalid group "vi_d11_pt3" for function "rsvd1"
[    0.195118] tegra30-pinctrl 70000868.pinmux: invalid group "vi_d0_pt4" for function "rsvd1"
[    0.195157] tegra30-pinctrl 70000868.pinmux: invalid group "pu0" for function "rsvd1"
[    0.195187] tegra30-pinctrl 70000868.pinmux: invalid group "pu3" for function "rsvd1"
[    0.195217] tegra30-pinctrl 70000868.pinmux: invalid group "pu6" for function "rsvd1"
[    0.195257] tegra30-pinctrl 70000868.pinmux: invalid group "pv3" for function "rsvd1"
[    0.195739] tegra30-pinctrl 70000868.pinmux: invalid group "pbb0" for function "rsvd1"
[    0.195852] tegra30-pinctrl 70000868.pinmux: invalid group "pcc1" for function "rsvd1"
[    0.201070] tegra-pcie 3000.pcie-controller: 2x3 configuration
[    0.201212] tegra-pcie 3000.pcie-controller: Failed to get supply 'hvdd-pex': -517
[    0.206653] tegra-apbdma 6000a000.dma: Tegra20 APB DMA driver register 32 channels
[    0.207816] tegra-pmc 7000e400.pmc: i2c-thermtrip node not found, emergency thermal reset disabled.
[    0.239468] Serial: 8250/16550 driver, 4 ports, IRQ sharing disabled
[    0.241597] console [ttyS0] disabled
[    0.241637] 70006000.serial: ttyS0 at MMIO 0x70006000 (irq = 331, base_baud = 25500000) is a Tegra
[    1.251055] console [ttyS0] enabled
[    1.255087] SuperH (H)SCI(F) driver initialized
[    1.260178] msm_serial: driver initialized
[    1.264386] STMicroelectronics ASC driver initialized
[    1.273643] tegra-hdmi 54280000.hdmi: failed to get HDMI regulator
[    1.287903] brd: module loaded
[    1.296726] loop: module loaded
[    1.305158] m25p80 spi32766.1: w25q32 (4096 Kbytes)
[    1.311893] libphy: Fixed MDIO Bus: probed
[    1.316689] CAN device driver interface
[    1.321072] bgmac_bcma: Broadcom 47xx GBit MAC driver loaded
[    1.327496] e1000e: Intel(R) PRO/1000 Network Driver - 3.2.6-k
[    1.333312] e1000e: Copyright(c) 1999 - 2015 Intel Corporation.
[    1.339267] igb: Intel(R) Gigabit Ethernet Network Driver - version 5.4.0-k
[    1.346217] igb: Copyright (c) 2007-2014 Intel Corporation.
[    1.353738] pegasus: v0.9.3 (2013/04/25), Pegasus/Pegasus II USB Ethernet driver
[    1.361171] usbcore: registered new interface driver pegasus
[    1.366852] usbcore: registered new interface driver asix
[    1.372254] usbcore: registered new interface driver ax88179_178a
[    1.378365] usbcore: registered new interface driver cdc_ether
[    1.384217] usbcore: registered new interface driver smsc75xx
[    1.389973] usbcore: registered new interface driver smsc95xx
[    1.395732] usbcore: registered new interface driver net1080
[    1.401399] usbcore: registered new interface driver cdc_subset
[    1.407329] usbcore: registered new interface driver zaurus
[    1.412917] usbcore: registered new interface driver cdc_ncm
[    1.419938] ehci_hcd: USB 2.0 'Enhanced' Host Controller (EHCI) Driver
[    1.426461] ehci-pci: EHCI PCI platform driver
[    1.430914] ehci-platform: EHCI generic platform driver
[    1.436256] ehci-orion: EHCI orion driver
[    1.440327] SPEAr-ehci: EHCI SPEAr driver
[    1.444410] ehci-st: EHCI STMicroelectronics driver
[    1.449352] ehci-exynos: EHCI EXYNOS driver
[    1.453623] ehci-atmel: EHCI Atmel driver
[    1.457694] tegra-ehci: Tegra EHCI driver
[    1.461988] ohci_hcd: USB 1.1 'Open' Host Controller (OHCI) Driver
[    1.468172] ohci-pci: OHCI PCI platform driver
[    1.472631] ohci-platform: OHCI generic platform driver
[    1.477954] ohci-omap3: OHCI OMAP3 driver
[    1.482027] SPEAr-ohci: OHCI SPEAr driver
[    1.486109] ohci-st: OHCI STMicroelectronics driver
[    1.491048] ohci-atmel: OHCI Atmel driver
[    1.495486] usbcore: registered new interface driver usb-storage
[    1.503889] tegra_rtc 7000e000.rtc: rtc core: registered 7000e000.rtc as rtc1
[    1.511039] tegra_rtc 7000e000.rtc: Tegra internal Real Time Clock
[    1.519890] random: fast init done
[    1.533235] tps65910-rtc tps65910-rtc: rtc core: registered tps65910-rtc as rtc0
[    1.540835] i2c /dev entries driver
[    1.552327] sdhci: Secure Digital Host Controller Interface driver
[    1.558516] sdhci: Copyright(c) Pierre Ossman
[    1.563783] Synopsys Designware Multimedia Card Interface Driver
[    1.570438] sdhci-pltfm: SDHCI platform and OF driver helper
[    1.576594] sdhci-tegra 78000000.sdhci: Got CD GPIO
[    1.581467] sdhci-tegra 78000000.sdhci: Got WP GPIO
[    1.587590] mmc0: Invalid maximum block size, assuming 512 bytes
[    1.653680] mmc0: SDHCI controller on 78000000.sdhci [78000000.sdhci] using ADMA
[    1.662259] mmc1: Invalid maximum block size, assuming 512 bytes
[    1.723599] mmc1: SDHCI controller on 78000600.sdhci [78000600.sdhci] using ADMA
[    1.732284] ledtrig-cpu: registered to indicate activity on CPUs
[    1.742565] usbcore: registered new interface driver usbhid
[    1.748145] usbhid: USB HID core driver
[    1.756443] NET: Registered protocol family 10
[    1.765558] Segment Routing with IPv6
[    1.769255] sit: IPv6, IPv4 and MPLS over IPv4 tunneling driver
[    1.775580] NET: Registered protocol family 17
[    1.780018] can: controller area network core (rev 20120528 abi 9)
[    1.786318] NET: Registered protocol family 29
[    1.790750] can: raw protocol (rev 20120528)
[    1.795019] can: broadcast manager protocol (rev 20161123 t)
[    1.800665] can: netlink gateway (rev 20130117) max_hops=1
[    1.806407] Key type dns_resolver registered
[    1.811069] ThumbEE CPU extension supported.
[    1.815346] Registering SWP/SWPB emulation handler
[    1.841456] vdd_ddr: supplied by vdd_5v_in
[    1.846411] vdd_5v_sata: supplied by vdd_5v_in
[    1.851175] usb1_vbus: supplied by vdd_5v_in
[    1.855773] usb3_vbus: supplied by vdd_5v_in
[    1.861249] sys_3v3,vdd_3v3_alw: supplied by vdd_5v_in
[    1.867188] sys_3v3_pexs: supplied by sys_3v3,vdd_3v3_alw
[    1.872727] +VDD_5V_HDMI: supplied by sys_3v3,vdd_3v3_alw
[    1.878769] tegra-pcie 3000.pcie-controller: 2x3 configuration
[    1.887846] tegra-pcie 3000.pcie-controller: probing port 0, using 2 lanes
[    1.901091] mmc1: new high speed MMC card at address 0001
[    1.908292] mmcblk1: mmc1:0001 SEM16G 14.8 GiB 
[    1.914883] mmcblk1boot0: mmc1:0001 SEM16G partition 1 1.00 MiB
[    1.922326] mmcblk1boot1: mmc1:0001 SEM16G partition 2 1.00 MiB
[    1.929322] mmcblk1rpmb: mmc1:0001 SEM16G partition 3 128 KiB
[    1.941706] Primary GPT is invalid, using alternate GPT.
[    1.947034]  mmcblk1: p1 p2 p3 p4 p5
[    1.953602] tegra-pcie 3000.pcie-controller: probing port 2, using 2 lanes
[    1.960874] mmc0: new ultra high speed DDR50 SDHC card at address aaaa
[    1.969637] mmcblk0: mmc0:aaaa SS04G 3.69 GiB 
[    2.002019]  mmcblk0: p1 p2 p3
[    2.364377] tegra-pcie 3000.pcie-controller: link 2 down, retrying
[    2.774372] tegra-pcie 3000.pcie-controller: link 2 down, retrying
[    3.183881] tegra-pcie 3000.pcie-controller: link 2 down, retrying
[    3.192057] tegra-pcie 3000.pcie-controller: link 2 down, ignoring
[    3.198350] tegra-pcie 3000.pcie-controller: PCI host bridge to bus 0000:00
[    3.205312] pci_bus 0000:00: root bus resource [io  0x0000-0xffff]
[    3.211476] pci_bus 0000:00: root bus resource [mem 0x20000000-0x27ffffff]
[    3.218342] pci_bus 0000:00: root bus resource [mem 0x28000000-0x3fffffff pref]
[    3.225642] pci_bus 0000:00: root bus resource [bus 00-ff]
[    3.231137] pci 0000:00:01.0: [10de:0e1c] type 01 class 0x060400
[    3.237162] pci_bus 0000:00: 2-byte config write to 0000:00:01.0 offset 0x88 may corrupt adjacent RW1C bits
[    3.246920] pci_bus 0000:00: 2-byte config write to 0000:00:01.0 offset 0x52 may corrupt adjacent RW1C bits
[    3.256662] pci 0000:00:01.0: PME# supported from D0 D1 D2 D3hot D3cold
[    3.263263] pci_bus 0000:00: 2-byte config write to 0000:00:01.0 offset 0x4c may corrupt adjacent RW1C bits
[    3.273139] pci_bus 0000:00: 2-byte config write to 0000:00:01.0 offset 0x3e may corrupt adjacent RW1C bits
[    3.282872] pci_bus 0000:00: 2-byte config write to 0000:00:01.0 offset 0x4 may corrupt adjacent RW1C bits
[    3.292513] pci_bus 0000:00: 1-byte config write to 0000:00:01.0 offset 0xc may corrupt adjacent RW1C bits
[    3.302150] PCI: bus0: Fast back to back transfers disabled
[    3.307716] pci 0000:00:01.0: bridge configuration invalid ([bus 00-00]), reconfiguring
[    3.315709] pci_bus 0000:00: 2-byte config write to 0000:00:01.0 offset 0x3e may corrupt adjacent RW1C bits
[    3.325435] pci_bus 0000:00: 2-byte config write to 0000:00:01.0 offset 0x3e may corrupt adjacent RW1C bits
[    3.335162] pci_bus 0000:00: 2-byte config write to 0000:00:01.0 offset 0x3e may corrupt adjacent RW1C bits
[    3.344888] pci_bus 0000:00: 2-byte config write to 0000:00:01.0 offset 0x6 may corrupt adjacent RW1C bits
[    3.354633] pci 0000:01:00.0: [10ec:8168] type 00 class 0x020000
[    3.360639] pci 0000:01:00.0: reg 0x10: [io  0x0000-0x00ff]
[    3.366225] pci 0000:01:00.0: reg 0x18: [mem 0x00000000-0x00000fff 64bit pref]
[    3.373439] pci 0000:01:00.0: reg 0x20: [mem 0x00000000-0x00003fff 64bit pref]
[    3.380726] pci 0000:01:00.0: supports D1 D2
[    3.384993] pci 0000:01:00.0: PME# supported from D0 D1 D2 D3hot D3cold
[    3.413624] PCI: bus1: Fast back to back transfers disabled
[    3.419185] pci_bus 0000:01: busn_res: [bus 01-ff] end is updated to 01
[    3.425861] pci 0000:00:01.0: BAR 9: assigned [mem 0x28000000-0x280fffff 64bit pref]
[    3.433599] pci 0000:00:01.0: BAR 7: assigned [io  0x1000-0x1fff]
[    3.439680] pci 0000:01:00.0: BAR 4: assigned [mem 0x28000000-0x28003fff 64bit pref]
[    3.447425] pci 0000:01:00.0: BAR 2: assigned [mem 0x28004000-0x28004fff 64bit pref]
[    3.455169] pci 0000:01:00.0: BAR 0: assigned [io  0x1000-0x10ff]
[    3.461251] pci 0000:00:01.0: PCI bridge to [bus 01]
[    3.466210] pci 0000:00:01.0:   bridge window [io  0x1000-0x1fff]
[    3.472289] pci 0000:00:01.0:   bridge window [mem 0x28000000-0x280fffff 64bit pref]
[    3.480038] pci 0000:00:01.0: nv_msi_ht_cap_quirk didn't locate host bridge
[    3.487054] pcieport 0000:00:01.0: enabling device (0140 -> 0143)
[    3.493330] pcieport 0000:00:01.0: Signaling PME with IRQ 374
[    3.499270] r8169 Gigabit Ethernet driver 2.3LK-NAPI loaded
[    3.504861] r8169 0000:01:00.0: enabling device (0140 -> 0143)
[    3.511636] r8169 0000:01:00.0 eth0: RTL8168evl/8111evl at 0xf0afe000, 02:04:4b:01:60:a6, XID 0c900800 IRQ 375
[    3.521639] r8169 0000:01:00.0 eth0: jumbo features [frames: 9200 bytes, tx checksumming: ko]
[    3.533170] [drm] Supports vblank timestamp caching Rev 2 (21.10.2013).
[    3.539790] [drm] No driver support for vblank timestamp query.
[    3.545729] [drm] Cannot find any crtc or sizes - going 1024x768
[    3.570543] Console: switching to colour frame buffer device 128x48
[    3.583061] drm drm: fb0:  frame buffer device
[    3.587561] [drm] Initialized tegra 0.0.0 20120330 for drm on minor 0
[    3.599539] utmi_phy_clk_enable: timeout waiting for phy to stabilize
[    3.606035] tegra-ehci 7d004000.usb: EHCI Host Controller
[    3.611439] tegra-ehci 7d004000.usb: new USB bus registered, assigned bus number 1
[    3.619267] tegra-ehci 7d004000.usb: irq 343, io mem 0x7d004000
[    3.653612] tegra-ehci 7d004000.usb: USB 2.0 started, EHCI 1.00
[    3.660531] hub 1-0:1.0: USB hub found
[    3.664305] hub 1-0:1.0: 1 port detected
[    3.669418] tegra-ehci 7d008000.usb: EHCI Host Controller
[    3.674834] tegra-ehci 7d008000.usb: new USB bus registered, assigned bus number 2
[    3.682561] tegra-ehci 7d008000.usb: irq 344, io mem 0x7d008000
[    3.713604] tegra-ehci 7d008000.usb: USB 2.0 started, EHCI 1.00
[    3.720388] hub 2-0:1.0: USB hub found
[    3.724158] hub 2-0:1.0: 1 port detected
[    3.732649] tps65910-rtc tps65910-rtc: setting system clock to 2000-01-01 00:00:02 UTC (946684802)
[    3.742268] vdd_sata,avdd_plle: disabling
[    3.746639] usb1_vbus: disabling
[    3.752158] EXT4-fs (mmcblk1p1): mounting ext3 file system using the ext4 subsystem
[    3.769653] EXT4-fs (mmcblk1p1): warning: mounting fs with errors, running e2fsck is recommended
[    3.781098] EXT4-fs (mmcblk1p1): recovery complete
[    3.785899] EXT4-fs (mmcblk1p1): mounted filesystem with ordered data mode. Opts: (null)
[    3.794012] VFS: Mounted root (ext3 filesystem) on device 179:1.
[    3.804833] devtmpfs: mounted
[    3.810294] Freeing unused kernel memory: 2048K
bash: cannot set terminal process group (-1): Inappropriate ioctl for device
bash: no job control in this shell
root@(none):/# [    4.083631] usb 2-1: new high-speed USB device number 2 using tegra-ehci
[    4.743295] asix 2-1:1.0 eth1: register 'asix' at usb-7d008000.usb-1, ASIX AX88772 USB 2.0 Ethernet, 00:50:b6:0f:67:60
mount -t sysfs none /sys
root@(none):/# 
root@(none):/# mount -t debugfs none /sys/kernel/debug
root@(none):/# 
root@(none):/# rtcwake -d rtc1 -m mem -s 3
rtcwake: wakeup from "mem" using /dev/rtc1 at Thu Jan  1 00:00:22 1970
[    7.539338] PM: Syncing filesystems ... done.
[    7.551484] Freezing user space processes ... (elapsed 0.001 seconds) done.
[    7.559581] Freezing remaining freezable tasks ... (elapsed 0.001 seconds) done.
[    7.568205] Suspending console(s) (use no_console_suspend to debug)
[    7.657561] PM: suspend of devices complete after 82.134 msecs
[    7.658544] PM: late suspend of devices complete after 0.974 msecs
[    7.684314] PM: noirq suspend of devices complete after 25.763 msecs
[    7.684317] Disabling non-boot CPUs ...
[    7.684688] IRQ17 no longer affine to CPU1
[    7.855415] Entering suspend state LP1
[    7.855415] Suspended for 3.077 seconds
[    7.855429] Enabling non-boot CPUs ...
[    7.885468] CPU1 is up
[    7.925633] CPU2 is up
[    7.965877] CPU3 is up
[    7.966622] pcieport 0000:00:01.0: nv_msi_ht_cap_quirk didn't locate host bridge
[    7.993662] PM: noirq resume of devices complete after 27.775 msecs
[    7.995775] PM: early resume of devices complete after 1.851 msecs
[    8.547200] PM: resume of devices complete after 551.415 msecs
[    8.618383] Restarting tasks ... done.
root@(none):/# 
root@(none):/# rtcwake -d rtc1 -m mem -s 3
rtcwake: wakeup from "mem" using /dev/rtc1 at Thu Jan  1 00:00:27 1970
[    9.535293] PM: Syncing filesystems ... done.
[    9.547192] Freezing user space processes ... (elapsed 0.001 seconds) done.
[    9.555299] Freezing remaining freezable tasks ... (elapsed 0.001 seconds) done.
[    9.563905] Suspending console(s) (use no_console_suspend to debug)
[    9.604483] pci_generic_config_write32: 63 callbacks suppressed
[    9.604495] pci_bus 0000:00: 2-byte config write to 0000:00:01.0 offset 0x9c may corrupt adjacent RW1C bits
[    9.646724] PM: suspend of devices complete after 75.672 msecs
[    9.648113] PM: late suspend of devices complete after 1.381 msecs
[    9.648575] pci_bus 0000:01: 2-byte config write to 0000:01:00.0 offset 0x44 may corrupt adjacent RW1C bits
[    9.648591] pci_bus 0000:01: 2-byte config write to 0000:01:00.0 offset 0x44 may corrupt adjacent RW1C bits
[    9.674269] PM: noirq suspend of devices complete after 26.149 msecs
[    9.674273] Disabling non-boot CPUs ...
[    9.746776] IRQ17 no longer affine to CPU2
[    9.835057] Entering suspend state LP1
[    9.835057] Suspended for 3.020 seconds
[    9.835072] Enabling non-boot CPUs ...
[    9.865824] CPU1 is up
[    9.905958] CPU2 is up
[    9.946256] CPU3 is up
[    9.947148] pci_bus 0000:00: 2-byte config write to 0000:00:01.0 offset 0x4c may corrupt adjacent RW1C bits
[    9.947164] pci_bus 0000:00: 2-byte config write to 0000:00:01.0 offset 0x88 may corrupt adjacent RW1C bits
[    9.947171] pci_bus 0000:00: 2-byte config write to 0000:00:01.0 offset 0x90 may corrupt adjacent RW1C bits
[    9.947176] pci_bus 0000:00: 2-byte config write to 0000:00:01.0 offset 0x98 may corrupt adjacent RW1C bits
[    9.947181] pci_bus 0000:00: 2-byte config write to 0000:00:01.0 offset 0x9c may corrupt adjacent RW1C bits
[    9.947206] pci_bus 0000:00: 2-byte config write to 0000:00:01.0 offset 0x52 may corrupt adjacent RW1C bits
[    9.947215] pci_bus 0000:00: 2-byte config write to 0000:00:01.0 offset 0x52 may corrupt adjacent RW1C bits
[    9.947245] pcieport 0000:00:01.0: nv_msi_ht_cap_quirk didn't locate host bridge
[    9.973636] PM: noirq resume of devices complete after 27.367 msecs
[    9.976524] PM: early resume of devices complete after 2.354 msecs
[   10.536020] PM: resume of devices complete after 559.485 msecs
[   10.710636] Restarting tasks ... done.
root@(none):/# 
root@(none):/# rtcwake -d rtc1 -m mem -s 3
rtcwake: wakeup from "mem" using /dev/rtc1 at Thu Jan  1 00:00:32 1970
[   11.511985] PM: Syncing filesystems ... done.
[   11.526089] Freezing user space processes ... (elapsed 0.001 seconds) done.
[   11.534237] Freezing remaining freezable tasks ... (elapsed 0.001 seconds) done.
[   11.542901] Suspending console(s) (use no_console_suspend to debug)
[   11.628095] PM: suspend of devices complete after 77.773 msecs
[   11.632373] PM: late suspend of devices complete after 4.268 msecs
[   11.654396] PM: noirq suspend of devices complete after 22.014 msecs
[   11.654402] Disabling non-boot CPUs ...
[   11.654859] IRQ17 no longer affine to CPU1
[   11.795555] Entering suspend state LP1
[   11.795555] Suspended for 3.039 seconds
[   11.795575] Enabling non-boot CPUs ...
[   11.826154] CPU1 is up
[   11.865998] CPU2 is up
[   11.906164] CPU3 is up
[   11.907087] pcieport 0000:00:01.0: nv_msi_ht_cap_quirk didn't locate host bridge
[   11.933603] PM: noirq resume of devices complete after 27.427 msecs
[   11.936096] PM: early resume of devices complete after 1.982 msecs
[   12.489587] PM: resume of devices complete after 553.475 msecs
[   12.561090] Restarting tasks ... done.
root@(none):/# 
root@(none):/# rtcwake -d rtc1 -m mem -s 3
rtcwake: wakeup from "mem" using /dev/rtc1 at Thu Jan  1 00:00:37 1970
[   13.476212] PM: Syncing filesystems ... done.
[   13.490303] Freezing user space processes ... (elapsed 0.001 seconds) done.
[   13.498457] Freezing remaining freezable tasks ... (elapsed 0.001 seconds) done.
[   13.507140] Suspending console(s) (use no_console_suspend to debug)
[   13.599546] PM: suspend of devices complete after 84.981 msecs
[   13.603287] PM: late suspend of devices complete after 3.733 msecs
[   13.634356] PM: noirq suspend of devices complete after 31.059 msecs
[   13.634359] Disabling non-boot CPUs ...
[   13.697473] IRQ17 no longer affine to CPU2
[   13.785558] Entering suspend state LP1
[   13.785558] Suspended for 3.009 seconds
[   13.785578] Enabling non-boot CPUs ...
[   13.816201] CPU1 is up
[   13.856054] CPU2 is up
[   13.896232] CPU3 is up
[   13.897173] pcieport 0000:00:01.0: nv_msi_ht_cap_quirk didn't locate host bridge
[   13.923556] PM: noirq resume of devices complete after 27.311 msecs
[   13.926056] PM: early resume of devices complete after 1.974 msecs
[   14.480133] PM: resume of devices complete after 554.064 msecs
[   14.551642] Restarting tasks ... done.
root@(none):/# 
root@(none):/# rtcwake -d rtc1 -m mem -s 3
rtcwake: wakeup from "mem" using /dev/rtc1 at Thu Jan  1 00:00:42 1970
[   15.463763] PM: Syncing filesystems ... done.
[   15.478369] Freezing user space processes ... (elapsed 0.001 seconds) done.
[   15.486524] Freezing remaining freezable tasks ... (elapsed 0.001 seconds) done.
[   15.495189] Suspending console(s) (use no_console_suspend to debug)
[   15.534199] pci_generic_config_write32: 65 callbacks suppressed
[   15.534214] pci_bus 0000:00: 2-byte config write to 0000:00:01.0 offset 0x9c may corrupt adjacent RW1C bits
[   15.579511] PM: suspend of devices complete after 76.905 msecs
[   15.582777] PM: late suspend of devices complete after 3.256 msecs
[   15.583523] pci_bus 0000:01: 2-byte config write to 0000:01:00.0 offset 0x44 may corrupt adjacent RW1C bits
[   15.583539] pci_bus 0000:01: 2-byte config write to 0000:01:00.0 offset 0x44 may corrupt adjacent RW1C bits
[   15.614346] PM: noirq suspend of devices complete after 31.562 msecs
[   15.614350] Disabling non-boot CPUs ...
[   15.614805] IRQ17 no longer affine to CPU1
[   15.785769] Entering suspend state LP1
[   15.785769] Suspended for 2.999 seconds
[   15.785786] Enabling non-boot CPUs ...
[   15.815840] CPU1 is up
[   15.855897] CPU2 is up
[   15.896130] CPU3 is up
[   15.896991] pci_bus 0000:00: 2-byte config write to 0000:00:01.0 offset 0x4c may corrupt adjacent RW1C bits
[   15.897011] pci_bus 0000:00: 2-byte config write to 0000:00:01.0 offset 0x88 may corrupt adjacent RW1C bits
[   15.897018] pci_bus 0000:00: 2-byte config write to 0000:00:01.0 offset 0x90 may corrupt adjacent RW1C bits
[   15.897025] pci_bus 0000:00: 2-byte config write to 0000:00:01.0 offset 0x98 may corrupt adjacent RW1C bits
[   15.897029] pci_bus 0000:00: 2-byte config write to 0000:00:01.0 offset 0x9c may corrupt adjacent RW1C bits
[   15.897054] pci_bus 0000:00: 2-byte config write to 0000:00:01.0 offset 0x52 may corrupt adjacent RW1C bits
[   15.897060] pci_bus 0000:00: 2-byte config write to 0000:00:01.0 offset 0x52 may corrupt adjacent RW1C bits
[   15.897089] pcieport 0000:00:01.0: nv_msi_ht_cap_quirk didn't locate host bridge
[   15.923526] PM: noirq resume of devices complete after 27.383 msecs
[   15.926072] PM: early resume of devices complete after 2.020 msecs
[   16.485422] PM: resume of devices complete after 559.339 msecs
[   16.660065] Restarting tasks ... done.
root@(none):/# 
root@(none):/# rtcwake -d rtc1 -m mem -s 3
rtcwake: wakeup from "mem" using /dev/rtc1 at Thu Jan  1 00:00:47 1970
[   17.454011] PM: Syncing filesystems ... done.
[   17.468103] Freezing user space processes ... (elapsed 0.001 seconds) done.
[   17.476249] Freezing remaining freezable tasks ... (elapsed 0.001 seconds) done.
[   17.484918] Suspending console(s) (use no_console_suspend to debug)
[   17.569458] PM: suspend of devices complete after 77.113 msecs
[   17.571664] PM: late suspend of devices complete after 2.197 msecs
[   17.594270] PM: noirq suspend of devices complete after 22.597 msecs
[   17.594275] Disabling non-boot CPUs ...
[   17.594732] IRQ17 no longer affine to CPU1
[   17.755423] Entering suspend state LP1
[   17.755423] Suspended for 3.030 seconds
[   17.755440] Enabling non-boot CPUs ...
[   17.786087] CPU1 is up
[   17.825899] CPU2 is up
[   17.866128] CPU3 is up
[   17.867068] pcieport 0000:00:01.0: nv_msi_ht_cap_quirk didn't locate host bridge
[   17.893495] PM: noirq resume of devices complete after 27.355 msecs
[   17.896016] PM: early resume of devices complete after 2.001 msecs
[   18.450656] PM: resume of devices complete after 554.626 msecs
[   18.522182] Restarting tasks ... done.
root@(none):/# 
root@(none):/# rtcwake -d rtc1 -m mem -s 3
rtcwake: wakeup from "mem" using /dev/rtc1 at Thu Jan  1 00:00:52 1970
[   19.452666] PM: Syncing filesystems ... done.
[   19.467267] Freezing user space processes ... (elapsed 0.001 seconds) done.
[   19.475410] Freezing remaining freezable tasks ... (elapsed 0.001 seconds) done.
[   19.484072] Suspending console(s) (use no_console_suspend to debug)
[   19.568927] PM: suspend of devices complete after 77.477 msecs
[   19.572161] PM: late suspend of devices complete after 3.224 msecs
[   19.594271] PM: noirq suspend of devices complete after 22.100 msecs
[   19.594276] Disabling non-boot CPUs ...
[   19.594721] IRQ17 no longer affine to CPU1
[   19.775651] Entering suspend state LP1
[   19.775651] Suspended for 2.979 seconds
[   19.775668] Enabling non-boot CPUs ...
[   19.805747] CPU1 is up
[   19.845859] CPU2 is up
[   19.886075] CPU3 is up
[   19.886999] pcieport 0000:00:01.0: nv_msi_ht_cap_quirk didn't locate host bridge
[   19.913457] PM: noirq resume of devices complete after 27.368 msecs
[   19.915978] PM: early resume of devices complete after 2.012 msecs
[   20.469985] PM: resume of devices complete after 553.996 msecs
[   20.541510] Restarting tasks ... done.
root@(none):/# 
root@(none):/# rtcwake -d rtc1 -m mem -s 3
rtcwake: wakeup from "mem" using /dev/rtc1 at Thu Jan  1 00:00:57 1970
[   21.452384] PM: Syncing filesystems ... done.
[   21.467000] Freezing user space processes ... (elapsed 0.001 seconds) done.
[   21.475152] Freezing remaining freezable tasks ... (elapsed 0.001 seconds) done.
[   21.483827] Suspending console(s) (use no_console_suspend to debug)
[   21.525061] pci_generic_config_write32: 65 callbacks suppressed
[   21.525076] pci_bus 0000:00: 2-byte config write to 0000:00:01.0 offset 0x9c may corrupt adjacent RW1C bits
[   21.568409] PM: suspend of devices complete after 77.174 msecs
[   21.572642] PM: late suspend of devices complete after 4.222 msecs
[   21.573161] pci_bus 0000:01: 2-byte config write to 0000:01:00.0 offset 0x44 may corrupt adjacent RW1C bits
[   21.573178] pci_bus 0000:01: 2-byte config write to 0000:01:00.0 offset 0x44 may corrupt adjacent RW1C bits
[   21.594250] PM: noirq suspend of devices complete after 21.601 msecs
[   21.594253] Disabling non-boot CPUs ...
[   21.594697] IRQ17 no longer affine to CPU1
[   21.775640] Entering suspend state LP1
[   21.775640] Suspended for 2.999 seconds
[   21.775661] Enabling non-boot CPUs ...
[   21.805748] CPU1 is up
[   21.845848] CPU2 is up
[   21.886104] CPU3 is up
[   21.886960] pci_bus 0000:00: 2-byte config write to 0000:00:01.0 offset 0x4c may corrupt adjacent RW1C bits
[   21.886980] pci_bus 0000:00: 2-byte config write to 0000:00:01.0 offset 0x88 may corrupt adjacent RW1C bits
[   21.886987] pci_bus 0000:00: 2-byte config write to 0000:00:01.0 offset 0x90 may corrupt adjacent RW1C bits
[   21.886992] pci_bus 0000:00: 2-byte config write to 0000:00:01.0 offset 0x98 may corrupt adjacent RW1C bits
[   21.886997] pci_bus 0000:00: 2-byte config write to 0000:00:01.0 offset 0x9c may corrupt adjacent RW1C bits
[   21.887023] pci_bus 0000:00: 2-byte config write to 0000:00:01.0 offset 0x52 may corrupt adjacent RW1C bits
[   21.887031] pci_bus 0000:00: 2-byte config write to 0000:00:01.0 offset 0x52 may corrupt adjacent RW1C bits
[   21.887062] pcieport 0000:00:01.0: nv_msi_ht_cap_quirk didn't locate host bridge
[   21.923446] PM: noirq resume of devices complete after 37.329 msecs
[   21.925685] PM: early resume of devices complete after 1.892 msecs
[   22.480308] PM: resume of devices complete after 554.610 msecs
[   22.654882] Restarting tasks ... done.
root@(none):/# 
root@(none):/# rtcwake -d rtc1 -m mem -s 3
rtcwake: wakeup from "mem" using /dev/rtc1 at Thu Jan  1 00:01:02 1970
[   23.459385] PM: Syncing filesystems ... done.
[   23.472965] Freezing user space processes ... (elapsed 0.001 seconds) done.
[   23.481103] Freezing remaining freezable tasks ... (elapsed 0.001 seconds) done.
[   23.489793] Suspending console(s) (use no_console_suspend to debug)
[   23.576856] PM: suspend of devices complete after 79.640 msecs
[   23.579072] PM: late suspend of devices complete after 2.206 msecs
[   23.604179] PM: noirq suspend of devices complete after 25.095 msecs
[   23.604184] Disabling non-boot CPUs ...
[   23.604649] IRQ17 no longer affine to CPU1
[   23.765148] Entering suspend state LP1
[   23.765148] Suspended for 3.010 seconds
[   23.765166] Enabling non-boot CPUs ...
[   23.795567] CPU1 is up
[   23.835733] CPU2 is up
[   23.876053] CPU3 is up
[   23.876962] pcieport 0000:00:01.0: nv_msi_ht_cap_quirk didn't locate host bridge
[   23.903380] PM: noirq resume of devices complete after 27.314 msecs
[   23.906305] PM: early resume of devices complete after 2.412 msecs
[   24.465733] PM: resume of devices complete after 559.416 msecs
[   24.537234] Restarting tasks ... done.
root@(none):/# 
root@(none):/# rtcwake -d rtc1 -m mem -s 3
rtcwake: wakeup from "mem" using /dev/rtc1 at Thu Jan  1 00:01:07 1970
[   25.440668] PM: Syncing filesystems ... done.
[   25.453741] Freezing user space processes ... (elapsed 0.001 seconds) done.
[   25.461876] Freezing remaining freezable tasks ... (elapsed 0.001 seconds) done.
[   25.470560] Suspending console(s) (use no_console_suspend to debug)
[   25.556828] PM: suspend of devices complete after 78.851 msecs
[   25.558080] PM: late suspend of devices complete after 1.240 msecs
[   25.584132] PM: noirq suspend of devices complete after 26.044 msecs
[   25.584138] Disabling non-boot CPUs ...
[   25.657342] IRQ17 no longer affine to CPU2
[   25.765569] Entering suspend state LP1
[   25.765569] Suspended for 2.999 seconds
[   25.765587] Enabling non-boot CPUs ...
[   25.795596] CPU1 is up
[   25.835820] CPU2 is up
[   25.876015] CPU3 is up
[   25.876930] pcieport 0000:00:01.0: nv_msi_ht_cap_quirk didn't locate host bridge
[   25.903345] PM: noirq resume of devices complete after 27.319 msecs
[   25.905276] PM: early resume of devices complete after 1.421 msecs
[   26.456855] PM: resume of devices complete after 551.569 msecs
[   26.528380] Restarting tasks ... done.
root@(none):/# 
root@(none):/# NVTB SYSTEM SUSPEND TEST COMPLETE
