
U-Boot SPL 2014.01-00219-gc4d376f (Feb 18 2014 - 19:57:18)


U-Boot 2014.01-00219-gc4d376f (Feb 18 2014 - 19:57:18)

TEGRA30
Board: NVIDIA Beaver
I2C:   ready
DRAM:  2 GiB
MMC:   Tegra SD/MMC: 0, Tegra SD/MMC: 1
In:    serial
Out:   serial
Err:   serial
Net:   Net Initialization Skipped
No ethernet found.
Hit any key to stop autoboot:  2  0 
Tegra30 (Beaver) # 
Tegra30 (Beaver) # usb reset
(Re)start USB...
USB0:   USB EHCI 1.00
scanning bus 0 for devices... 2 USB Device(s) found
       scanning usb for storage devices... 0 Storage Device(s) found
       scanning usb for ethernet devices... 
Warning: asx0 using MAC address from net device
1 Ethernet Device(s) found
Tegra30 (Beaver) # setenv bootargs 'ignore_loglevel console=ttyS0,115200n8 rw root=PARTUUID=edbe1840-3633-c751-7993-b0ac834f81e0 rootwait gpt debug noinitrd earlyprintk init=/bin/bash'
Tegra30 (Beaver) # setenv ipaddr 192.168.100.101; setenv serverip 192.168.100.1; setenv tftpserverip 192.168.100.1
Tegra30 (Beaver) # tftpboot 0x81000000 zImage.tegra_defconfig
Using asx0 device
TFTP from server 192.168.100.1; our IP address is 192.168.100.101
Filename 'zImage.tegra_defconfig'.
Load address: 0x81000000
Loading: *#################################################################
	 #################################################################
	 #################################################################
	 #################################################################
	 #################################################################
	 ######################################################
	 3.2 MiB/s
done
Bytes transferred = 5559488 (54d4c0 hex)
Tegra30 (Beaver) # tftpboot 0x82000000 tegra30-beaver.dtb
Using asx0 device
TFTP from server 192.168.100.1; our IP address is 192.168.100.101
Filename 'tegra30-beaver.dtb'.
Load address: 0x82000000
Loading: *####
	 2.9 MiB/s
done
Bytes transferred = 51804 (ca5c hex)
Tegra30 (Beaver) # bootz 0x81000000 - 0x82000000
Kernel image @ 0x81000000 [ 0x000000 - 0x54d4c0 ]
## Flattened Device Tree blob at 82000000
   Booting using the fdt blob at 0x82000000
   Loading Device Tree to 8fff0000, end 8ffffa5b ... OK

Starting kernel ...

Uncompressing Linux... done, booting the kernel.
[    0.000000] Booting Linux on physical CPU 0x0
[    0.000000] Linux version 4.11.0-rc2-155355-g4495c08 (pwalmsley@kaivo) (gcc version 4.7.3 20130328 (prerelease) (crosstool-NG linaro-1.13.1-4.7-2013.04-20130415 - Linaro GCC 2013.04) ) #1 SMP PREEMPT Sun Mar 12 15:04:54 PDT 2017
[    0.000000] CPU: ARMv7 Processor [412fc099] revision 9 (ARMv7), cr=10c5387d
[    0.000000] CPU: PIPT / VIPT nonaliasing data cache, VIPT aliasing instruction cache
[    0.000000] OF: fdt: Machine model: NVIDIA Tegra30 Beaver evaluation board
[    0.000000] debug: ignoring loglevel setting.
[    0.000000] bootconsole [earlycon0] enabled
[    0.000000] cma: Reserved 64 MiB at 0xfbc00000
[    0.000000] Memory policy: Data cache writealloc
[    0.000000] On node 0 totalpages: 524032
[    0.000000] free_area_init_node: node 0, pgdat c0d5de40, node_mem_map eeff7000
[    0.000000]   Normal zone: 1536 pages used for memmap
[    0.000000]   Normal zone: 0 pages reserved
[    0.000000]   Normal zone: 196608 pages, LIFO batch:31
[    0.000000]   HighMem zone: 327424 pages, LIFO batch:31
[    0.000000] percpu: Embedded 16 pages/cpu @eef8b000 s34368 r8192 d22976 u65536
[    0.000000] pcpu-alloc: s34368 r8192 d22976 u65536 alloc=16*4096
[    0.000000] pcpu-alloc: [0] 0 [0] 1 [0] 2 [0] 3 
[    0.000000] Built 1 zonelists in Zone order, mobility grouping on.  Total pages: 522496
[    0.000000] Kernel command line: ignore_loglevel console=ttyS0,115200n8 rw root=PARTUUID=edbe1840-3633-c751-7993-b0ac834f81e0 rootwait gpt debug noinitrd earlyprintk init=/bin/bash
[    0.000000] PID hash table entries: 4096 (order: 2, 16384 bytes)
[    0.000000] Dentry cache hash table entries: 131072 (order: 7, 524288 bytes)
[    0.000000] Inode-cache hash table entries: 65536 (order: 6, 262144 bytes)
[    0.000000] Memory: 1999912K/2096128K available (8192K kernel code, 380K rwdata, 2492K rodata, 1024K init, 305K bss, 30680K reserved, 65536K cma-reserved, 1244160K highmem)
[    0.000000] Virtual kernel memory layout:
[    0.000000]     vector  : 0xffff0000 - 0xffff1000   (   4 kB)
[    0.000000]     fixmap  : 0xffc00000 - 0xfff00000   (3072 kB)
[    0.000000]     vmalloc : 0xf0800000 - 0xff800000   ( 240 MB)
[    0.000000]     lowmem  : 0xc0000000 - 0xf0000000   ( 768 MB)
[    0.000000]     pkmap   : 0xbfe00000 - 0xc0000000   (   2 MB)
[    0.000000]     modules : 0xbf000000 - 0xbfe00000   (  14 MB)
[    0.000000]       .text : 0xc0008000 - 0xc0900000   (9184 kB)
[    0.000000]       .init : 0xc0c00000 - 0xc0d00000   (1024 kB)
[    0.000000]       .data : 0xc0d00000 - 0xc0d5f320   ( 381 kB)
[    0.000000]        .bss : 0xc0d61000 - 0xc0dad40c   ( 306 kB)
[    0.000000] Preemptible hierarchical RCU implementation.
[    0.000000] 	Build-time adjustment of leaf fanout to 32.
[    0.000000] NR_IRQS:16 nr_irqs:16 16
[    0.000000] /interrupt-controller@60004000: 160 interrupts forwarded to /interrupt-controller@50041000
[    0.000000] L2C: platform modifies aux control register: 0x02080000 -> 0x3e480001
[    0.000000] L2C: DT/platform modifies aux control register: 0x02080000 -> 0x3e480001
[    0.000000] L2C-310 erratum 769419 enabled
[    0.000000] L2C-310 enabling early BRESP for Cortex-A9
[    0.000000] L2C-310: enabling full line of zeros but not enabled in Cortex-A9
[    0.000000] L2C-310 dynamic clock gating enabled, standby mode enabled
[    0.000000] L2C-310 cache controller enabled, 8 ways, 1024 kB
[    0.000000] L2C-310: CACHE_ID 0x410000c7, AUX_CTRL 0x4e480001
[    0.000012] sched_clock: 32 bits at 1000kHz, resolution 1000ns, wraps every 2147483647500ns
[    0.006538] clocksource: timer_us: mask: 0xffffffff max_cycles: 0xffffffff, max_idle_ns: 1911260446275 ns
[    0.016153] Switching to timer-based delay loop, resolution 1000ns
[    0.023204] Console: colour dummy device 80x30
[    0.026920] Calibrating delay loop (skipped), value calculated using timer frequency.. 2.00 BogoMIPS (lpj=10000)
[    0.037131] pid_max: default: 32768 minimum: 301
[    0.042156] Mount-cache hash table entries: 2048 (order: 1, 8192 bytes)
[    0.048477] Mountpoint-cache hash table entries: 2048 (order: 1, 8192 bytes)
[    0.056267] CPU: Testing write buffer coherency: ok
[    0.060865] CPU0: thread -1, cpu 0, socket 0, mpidr 80000000
[    0.089995] Setting up static identity map for 0x80100000 - 0x80100098
[    0.120396] Tegra Revision: A03 SKU: 128 CPU Process: 4 SoC Process: 0
[    0.125794] smp: Bringing up secondary CPUs ...
[    0.200390] CPU1: thread -1, cpu 1, socket 0, mpidr 80000001
[    0.280380] CPU2: thread -1, cpu 2, socket 0, mpidr 80000002
[    0.360380] CPU3: thread -1, cpu 3, socket 0, mpidr 80000003
[    0.360426] smp: Brought up 1 node, 4 CPUs
[    0.379853] SMP: Total of 4 processors activated (8.00 BogoMIPS).
[    0.386011] CPU: All CPU(s) started in SVC mode.
[    0.391741] devtmpfs: initialized
[    0.406910] VFP support v0.3: implementor 41 architecture 3 part 30 variant 9 rev 4
[    0.413054] clocksource: jiffies: mask: 0xffffffff max_cycles: 0xffffffff, max_idle_ns: 19112604462750000 ns
[    0.422654] futex hash table entries: 1024 (order: 4, 65536 bytes)
[    0.432088] pinctrl core: initialized pinctrl subsystem
[    0.436709] NET: Registered protocol family 16
[    0.442452] DMA: preallocated 256 KiB pool for atomic coherent allocations
[    0.448757] cpuidle: using governor menu
[    0.467660] No ATAGs?
[    0.467783] hw-breakpoint: found 5 (+1 reserved) breakpoint and 1 watchpoint registers.
[    0.476315] hw-breakpoint: maximum watchpoint size is 4 bytes.
[    0.483864] tegra-mc 7000f000.memory-controller: no memory timings for RAM code 3 registered
[    0.503840] vdd_5v_sata: Failed to request enable GPIO30: -517
[    0.507845] reg-fixed-voltage regulators:regulator@3: Failed to register regulator: -517
[    0.516070] usb1_vbus: Failed to request enable GPIO238: -517
[    0.521806] reg-fixed-voltage regulators:regulator@4: Failed to register regulator: -517
[    0.530005] usb3_vbus: Failed to request enable GPIO236: -517
[    0.535750] reg-fixed-voltage regulators:regulator@5: Failed to register regulator: -517
[    0.544014] sys_3v3_pexs: Failed to request enable GPIO95: -517
[    0.549876] reg-fixed-voltage regulators:regulator@7: Failed to register regulator: -517
[    0.559177] vgaarb: loaded
[    0.561463] SCSI subsystem initialized
[    0.564820] libata version 3.00 loaded.
[    0.568831] usbcore: registered new interface driver usbfs
[    0.574130] usbcore: registered new interface driver hub
[    0.579501] usbcore: registered new device driver usb
[    0.592193] vrtc: supplied by vdd_5v_in
[    0.597535] vio: supplied by vdd_5v_in
[    0.601952] vdd1: supplied by vdd_5v_in
[    0.605336] vddio_ddr_1v2: Bringing 600000uV into 1200000-1200000uV
[    0.621921] vdd2: supplied by vdd_5v_in
[    0.641928] ldo1: supplied by vdd_1v5_gen
[    0.646558] ldo2: supplied by vdd_1v5_gen
[    0.649224] vdd_sata,avdd_plle: Bringing 1200000uV into 1050000-1050000uV
[    0.657891] ldo3: supplied by vdd_5v_in
[    0.662342] ldo4: supplied by vdd_5v_in
[    0.671941] ldo5: supplied by vdd_5v_in
[    0.681927] ldo6: supplied by vdd_1v8_gen
[    0.684604] avdd_dsi_csi,pwrdet_mipi: Bringing 1000000uV into 1200000-1200000uV
[    0.693784] ldo7: supplied by vdd_1v8_gen
[    0.701934] ldo8: supplied by vdd_1v8_gen
[    0.712173] Linux video capture interface: v2.00
[    0.715032] pps_core: LinuxPPS API ver. 1 registered
[    0.720001] pps_core: Software ver. 5.3.6 - Copyright 2005-2007 Rodolfo Giometti <giometti@linux.it>
[    0.729208] PTP clock support registered
[    0.733696] Advanced Linux Sound Architecture Driver Initialized.
[    0.739990] Bluetooth: Core ver 2.22
[    0.743000] NET: Registered protocol family 31
[    0.747458] Bluetooth: HCI device and connection manager initialized
[    0.753893] Bluetooth: HCI socket layer initialized
[    0.758815] Bluetooth: L2CAP socket layer initialized
[    0.763965] Bluetooth: SCO socket layer initialized
[    0.770022] clocksource: Switched to clocksource timer_us
[    0.785225] NET: Registered protocol family 2
[    0.788692] TCP established hash table entries: 8192 (order: 3, 32768 bytes)
[    0.794939] TCP bind hash table entries: 8192 (order: 4, 65536 bytes)
[    0.801450] TCP: Hash tables configured (established 8192 bind 8192)
[    0.808323] UDP hash table entries: 512 (order: 2, 16384 bytes)
[    0.813837] UDP-Lite hash table entries: 512 (order: 2, 16384 bytes)
[    0.820470] NET: Registered protocol family 1
[    0.825175] RPC: Registered named UNIX socket transport module.
[    0.830587] RPC: Registered udp transport module.
[    0.835333] RPC: Registered tcp transport module.
[    0.840109] RPC: Registered tcp NFSv4.1 backchannel transport module.
[    0.846605] PCI: CLS 0 bytes, default 64
[    0.852419] hw perfevents: enabled with armv7_cortex_a9 PMU driver, 7 counters available
[    0.860531] workingset: timestamp_bits=30 max_order=19 bucket_order=0
[    0.866259] squashfs: version 4.0 (2009/01/31) Phillip Lougher
[    0.871708] NFS: Registering the id_resolver key type
[    0.876286] Key type id_resolver registered
[    0.880542] Key type id_legacy registered
[    0.888201] bounce: pool size: 64 pages
[    0.890252] io scheduler noop registered (default)
[    0.895064] io scheduler mq-deadline registered
[    0.904112] tegra30-pinctrl 70000868.pinmux: invalid group "sdmmc3_dat6_pd3" for function "rsvd1"
[    0.911192] tegra30-pinctrl 70000868.pinmux: invalid group "sdmmc3_dat7_pd4" for function "rsvd1"
[    0.920124] tegra30-pinctrl 70000868.pinmux: invalid group "vi_vsync_pd6" for function "rsvd1"
[    0.928746] tegra30-pinctrl 70000868.pinmux: invalid group "vi_hsync_pd7" for function "rsvd1"
[    0.937917] tegra30-pinctrl 70000868.pinmux: invalid group "hdmi_int_pn7" for function "rsvd1"
[    0.946148] tegra30-pinctrl 70000868.pinmux: invalid group "ulpi_data3_po4" for function "rsvd1"
[    0.955268] tegra30-pinctrl 70000868.pinmux: invalid group "vi_d10_pt2" for function "rsvd1"
[    0.963441] tegra30-pinctrl 70000868.pinmux: invalid group "vi_d11_pt3" for function "rsvd1"
[    0.971921] tegra30-pinctrl 70000868.pinmux: invalid group "vi_d0_pt4" for function "rsvd1"
[    0.980368] tegra30-pinctrl 70000868.pinmux: invalid group "pu0" for function "rsvd1"
[    0.988228] tegra30-pinctrl 70000868.pinmux: invalid group "pu3" for function "rsvd1"
[    0.996120] tegra30-pinctrl 70000868.pinmux: invalid group "pu6" for function "rsvd1"
[    1.004027] tegra30-pinctrl 70000868.pinmux: invalid group "pv3" for function "rsvd1"
[    1.012362] tegra30-pinctrl 70000868.pinmux: invalid group "pbb0" for function "rsvd1"
[    1.019939] tegra30-pinctrl 70000868.pinmux: invalid group "pcc1" for function "rsvd1"
[    1.029527] tegra-pcie 3000.pcie-controller: 2x3 configuration
[    1.033880] tegra-pcie 3000.pcie-controller: Failed to get supply 'hvdd-pex': -517
[    1.045499] tegra-apbdma 6000a000.dma: Tegra20 APB DMA driver register 32 channels
[    1.051819] tegra-pmc 7000e400.pmc: i2c-thermtrip node not found, emergency thermal reset disabled.
[    1.060784] Serial: 8250/16550 driver, 4 ports, IRQ sharing disabled
[    1.068321] console [ttyS0] disabled
[    1.070460] 70006000.serial: ttyS0 at MMIO 0x70006000 (irq = 331, base_baud = 25500000) is a Tegra
[    1.079432] console [ttyS0] enabled
[    1.079432] console [ttyS0] enabled
[    1.085748] bootconsole [earlycon0] disabled
[    1.085748] bootconsole [earlycon0] disabled
[    1.096380] tegra-hdmi 54280000.hdmi: failed to get HDMI regulator
[    1.114794] loop: module loaded
[    1.120751] m25p80 spi32766.1: w25q32 (4096 Kbytes)
[    1.137242] libphy: Fixed MDIO Bus: probed
[    1.141372] CAN device driver interface
[    1.145249] igb: Intel(R) Gigabit Ethernet Network Driver - version 5.4.0-k
[    1.152203] igb: Copyright (c) 2007-2014 Intel Corporation.
[    1.157903] pegasus: v0.9.3 (2013/04/25), Pegasus/Pegasus II USB Ethernet driver
[    1.165386] usbcore: registered new interface driver pegasus
[    1.171117] usbcore: registered new interface driver asix
[    1.176548] usbcore: registered new interface driver ax88179_178a
[    1.182702] usbcore: registered new interface driver cdc_ether
[    1.188591] usbcore: registered new interface driver smsc75xx
[    1.194396] usbcore: registered new interface driver smsc95xx
[    1.200200] usbcore: registered new interface driver net1080
[    1.205891] usbcore: registered new interface driver cdc_subset
[    1.211855] usbcore: registered new interface driver zaurus
[    1.217486] usbcore: registered new interface driver cdc_ncm
[    1.223645] ehci_hcd: USB 2.0 'Enhanced' Host Controller (EHCI) Driver
[    1.230173] ehci-pci: EHCI PCI platform driver
[    1.234662] tegra-ehci: Tegra EHCI driver
[    1.239252] usbcore: registered new interface driver cdc_acm
[    1.244910] cdc_acm: USB Abstract Control Model driver for USB modems and ISDN adapters
[    1.252953] usbcore: registered new interface driver cdc_wdm
[    1.258670] usbcore: registered new interface driver usb-storage
[    1.265919] tegra_rtc 7000e000.rtc: rtc core: registered 7000e000.rtc as rtc1
[    1.273086] tegra_rtc 7000e000.rtc: Tegra internal Real Time Clock
[    1.282025] random: fast init done
[    1.295677] tps65910-rtc tps65910-rtc: rtc core: registered tps65910-rtc as rtc0
[    1.303111] i2c /dev entries driver
[    1.307622] usbcore: registered new interface driver uvcvideo
[    1.313366] USB Video Class driver (1.1.1)
[    1.317448] gspca_main: v2.14.0 registered
[    1.322301] tegra-wdt 60005000.timer: initialized (heartbeat = 120 sec, nowayout = 0)
[    1.330578] sdhci: Secure Digital Host Controller Interface driver
[    1.336741] sdhci: Copyright(c) Pierre Ossman
[    1.341097] sdhci-pltfm: SDHCI platform and OF driver helper
[    1.346959] sdhci-tegra 78000000.sdhci: Got CD GPIO
[    1.351848] sdhci-tegra 78000000.sdhci: Got WP GPIO
[    1.357991] mmc0: Invalid maximum block size, assuming 512 bytes
[    1.430180] mmc0: SDHCI controller on 78000000.sdhci [78000000.sdhci] using ADMA
[    1.443063] mmc1: Invalid maximum block size, assuming 512 bytes
[    1.510051] mmc1: SDHCI controller on 78000600.sdhci [78000600.sdhci] using ADMA
[    1.529449] usbcore: registered new interface driver usbhid
[    1.537047] usbhid: USB HID core driver
[    1.590946] mmc1: new high speed MMC card at address 0001
[    1.596922] mmcblk1: mmc1:0001 SEM16G 14.8 GiB 
[    1.601830] mmcblk1boot0: mmc1:0001 SEM16G partition 1 1.00 MiB
[    1.608057] mmcblk1boot1: mmc1:0001 SEM16G partition 2 1.00 MiB
[    1.618330] mmcblk1rpmb: mmc1:0001 SEM16G partition 3 128 KiB
[    1.627067] Primary GPT is invalid, using alternate GPT.
[    1.632434]  mmcblk1: p1 p2 p3 p4 p5
[    1.644064] mmc0: new ultra high speed DDR50 SDHC card at address aaaa
[    1.651143] mmcblk0: mmc0:aaaa SS04G 3.69 GiB 
[    1.677423]  mmcblk0: p1 p2 p3
[    1.982178] tegra30-i2s 70080400.i2s: DMA channels sourced from device 70080000.ahub
[    1.997778] tegra-snd-rt5640 sound: rt5640-aif1 <-> 70080400.i2s mapping ok
[    2.007892] input: NVIDIA Tegra Beaver Headphones as /devices/soc0/sound/sound/card0/input0
[    2.017911] NET: Registered protocol family 10
[    2.023466] Segment Routing with IPv6
[    2.027234] mip6: Mobile IPv6
[    2.030210] sit: IPv6, IPv4 and MPLS over IPv4 tunneling driver
[    2.037372] NET: Registered protocol family 17
[    2.041858] NET: Registered protocol family 15
[    2.046289] can: controller area network core (rev 20120528 abi 9)
[    2.052547] NET: Registered protocol family 29
[    2.056978] can: raw protocol (rev 20120528)
[    2.061260] can: broadcast manager protocol (rev 20161123 t)
[    2.066909] can: netlink gateway (rev 20130117) max_hops=1
[    2.072518] Bluetooth: RFCOMM socket layer initialized
[    2.077660] Bluetooth: RFCOMM ver 1.11
[    2.081515] Bluetooth: BNEP (Ethernet Emulation) ver 1.3
[    2.086818] Bluetooth: BNEP socket layer initialized
[    2.091780] Bluetooth: HIDP (Human Interface Emulation) ver 1.2
[    2.097687] Bluetooth: HIDP socket layer initialized
[    2.102845] Key type dns_resolver registered
[    2.107534] Registering SWP/SWPB emulation handler
[    2.125279] vdd_ddr: supplied by vdd_5v_in
[    2.130177] vdd_5v_sata: supplied by vdd_5v_in
[    2.134914] usb1_vbus: supplied by vdd_5v_in
[    2.139459] usb3_vbus: supplied by vdd_5v_in
[    2.144978] sys_3v3,vdd_3v3_alw: supplied by vdd_5v_in
[    2.150888] sys_3v3_pexs: supplied by sys_3v3,vdd_3v3_alw
[    2.156462] +VDD_5V_HDMI: supplied by sys_3v3,vdd_3v3_alw
[    2.162131] tegra-pcie 3000.pcie-controller: 2x3 configuration
[    2.170512] tegra-pcie 3000.pcie-controller: probing port 0, using 2 lanes
[    2.235659] tegra-pcie 3000.pcie-controller: probing port 2, using 2 lanes
[    2.646407] tegra-pcie 3000.pcie-controller: link 2 down, retrying
[    3.056461] tegra-pcie 3000.pcie-controller: link 2 down, retrying
[    3.465652] tegra-pcie 3000.pcie-controller: link 2 down, retrying
[    3.473842] tegra-pcie 3000.pcie-controller: link 2 down, ignoring
[    3.480192] tegra-pcie 3000.pcie-controller: PCI host bridge to bus 0000:00
[    3.487141] pci_bus 0000:00: root bus resource [io  0x0000-0xffff]
[    3.493321] pci_bus 0000:00: root bus resource [mem 0x20000000-0x27ffffff]
[    3.500190] pci_bus 0000:00: root bus resource [mem 0x28000000-0x3fffffff pref]
[    3.507484] pci_bus 0000:00: root bus resource [bus 00-ff]
[    3.513005] pci 0000:00:01.0: [10de:0e1c] type 01 class 0x060400
[    3.519020] pci_bus 0000:00: 2-byte config write to 0000:00:01.0 offset 0x88 may corrupt adjacent RW1C bits
[    3.528780] pci_bus 0000:00: 2-byte config write to 0000:00:01.0 offset 0x52 may corrupt adjacent RW1C bits
[    3.538528] pci 0000:00:01.0: PME# supported from D0 D1 D2 D3hot D3cold
[    3.545138] pci_bus 0000:00: 2-byte config write to 0000:00:01.0 offset 0x4c may corrupt adjacent RW1C bits
[    3.555077] pci_bus 0000:00: 2-byte config write to 0000:00:01.0 offset 0x3e may corrupt adjacent RW1C bits
[    3.564812] pci_bus 0000:00: 2-byte config write to 0000:00:01.0 offset 0x4 may corrupt adjacent RW1C bits
[    3.574454] pci_bus 0000:00: 1-byte config write to 0000:00:01.0 offset 0xc may corrupt adjacent RW1C bits
[    3.584091] PCI: bus0: Fast back to back transfers disabled
[    3.589651] pci 0000:00:01.0: bridge configuration invalid ([bus 00-00]), reconfiguring
[    3.597645] pci_bus 0000:00: 2-byte config write to 0000:00:01.0 offset 0x3e may corrupt adjacent RW1C bits
[    3.607373] pci_bus 0000:00: 2-byte config write to 0000:00:01.0 offset 0x3e may corrupt adjacent RW1C bits
[    3.617100] pci_bus 0000:00: 2-byte config write to 0000:00:01.0 offset 0x3e may corrupt adjacent RW1C bits
[    3.626827] pci_bus 0000:00: 2-byte config write to 0000:00:01.0 offset 0x6 may corrupt adjacent RW1C bits
[    3.636615] pci 0000:01:00.0: [10ec:8168] type 00 class 0x020000
[    3.642633] pci 0000:01:00.0: reg 0x10: [io  0x0000-0x00ff]
[    3.648207] pci 0000:01:00.0: reg 0x18: [mem 0x00000000-0x00000fff 64bit pref]
[    3.655431] pci 0000:01:00.0: reg 0x20: [mem 0x00000000-0x00003fff 64bit pref]
[    3.662727] pci 0000:01:00.0: supports D1 D2
[    3.666984] pci 0000:01:00.0: PME# supported from D0 D1 D2 D3hot D3cold
[    3.700057] PCI: bus1: Fast back to back transfers disabled
[    3.705619] pci_bus 0000:01: busn_res: [bus 01-ff] end is updated to 01
[    3.712293] pci 0000:00:01.0: BAR 9: assigned [mem 0x28000000-0x280fffff 64bit pref]
[    3.720031] pci 0000:00:01.0: BAR 7: assigned [io  0x1000-0x1fff]
[    3.726116] pci 0000:01:00.0: BAR 4: assigned [mem 0x28000000-0x28003fff 64bit pref]
[    3.733862] pci 0000:01:00.0: BAR 2: assigned [mem 0x28004000-0x28004fff 64bit pref]
[    3.741606] pci 0000:01:00.0: BAR 0: assigned [io  0x1000-0x10ff]
[    3.747688] pci 0000:00:01.0: PCI bridge to [bus 01]
[    3.752648] pci 0000:00:01.0:   bridge window [io  0x1000-0x1fff]
[    3.758728] pci 0000:00:01.0:   bridge window [mem 0x28000000-0x280fffff 64bit pref]
[    3.766477] pci 0000:00:01.0: nv_msi_ht_cap_quirk didn't locate host bridge
[    3.773512] pcieport 0000:00:01.0: enabling device (0140 -> 0143)
[    3.779866] pcieport 0000:00:01.0: Signaling PME with IRQ 374
[    3.785830] r8169 Gigabit Ethernet driver 2.3LK-NAPI loaded
[    3.791445] r8169 0000:01:00.0: enabling device (0140 -> 0143)
[    3.798475] r8169 0000:01:00.0 eth0: RTL8168evl/8111evl at 0xf0a10000, 02:04:4b:01:60:a6, XID 0c900800 IRQ 375
[    3.808479] r8169 0000:01:00.0 eth0: jumbo features [frames: 9200 bytes, tx checksumming: ko]
[    3.819769] [drm] Supports vblank timestamp caching Rev 2 (21.10.2013).
[    3.826410] [drm] No driver support for vblank timestamp query.
[    3.832379] [drm] Cannot find any crtc or sizes - going 1024x768
[    3.858462] Console: switching to colour frame buffer device 128x48
[    3.870852] drm drm: fb0:  frame buffer device
[    3.875354] [drm] Initialized tegra 0.0.0 20120330 for drm on minor 0
[    3.885269] utmi_phy_clk_enable: timeout waiting for phy to stabilize
[    3.891744] tegra-ehci 7d004000.usb: EHCI Host Controller
[    3.897155] tegra-ehci 7d004000.usb: new USB bus registered, assigned bus number 1
[    3.905046] tegra-ehci 7d004000.usb: irq 343, io mem 0x7d004000
[    3.940033] tegra-ehci 7d004000.usb: USB 2.0 started, EHCI 1.00
[    3.947205] hub 1-0:1.0: USB hub found
[    3.951008] hub 1-0:1.0: 1 port detected
[    3.955475] tegra-ehci 7d008000.usb: EHCI Host Controller
[    3.960896] tegra-ehci 7d008000.usb: new USB bus registered, assigned bus number 2
[    3.968710] tegra-ehci 7d008000.usb: irq 344, io mem 0x7d008000
[    4.000029] tegra-ehci 7d008000.usb: USB 2.0 started, EHCI 1.00
[    4.007091] hub 2-0:1.0: USB hub found
[    4.010884] hub 2-0:1.0: 1 port detected
[    4.018832] tps65910-rtc tps65910-rtc: setting system clock to 2000-01-01 00:00:02 UTC (946684802)
[    4.028359] vdd_sata,avdd_plle: disabling
[    4.032769] usb1_vbus: disabling
[    4.035990] ALSA device list:
[    4.038945]   #0: NVIDIA Tegra Beaver
[    4.044462] EXT4-fs (mmcblk1p1): mounting ext3 file system using the ext4 subsystem
[    4.061030] EXT4-fs (mmcblk1p1): warning: mounting fs with errors, running e2fsck is recommended
[    4.071690] EXT4-fs (mmcblk1p1): recovery complete
[    4.076477] EXT4-fs (mmcblk1p1): mounted filesystem with ordered data mode. Opts: (null)
[    4.084749] VFS: Mounted root (ext3 filesystem) on device 179:1.
[    4.101971] devtmpfs: mounted
[    4.106454] Freeing unused kernel memory: 1024K
bash: cannot set terminal process group (-1): Inappropriate ioctl for device
bash: no job control in this shell
root@(none):/# [    4.370052] usb 2-1: new high-speed USB device number 2 using tegra-ehci
mount -t sysfs none /sys
root@(none):/# 
root@(none):/# mount -t debugfs none /sys/kernel/debug
root@(none):/# 
root@(none):/# rtcwake -d rtc1 -m mem -s 3
rtcwake: wakeup from "mem" using /dev/rtc1 at Thu Jan  1 00:00:21 1970
[    7.358277] PM: Syncing filesystems ... done.
[    7.370616] Freezing user space processes ... (elapsed 0.001 seconds) done.
[    7.378708] Freezing remaining freezable tasks ... (elapsed 0.001 seconds) done.
[    7.387269] Suspending console(s) (use no_console_suspend to debug)
[    7.463591] PM: suspend of devices complete after 69.692 msecs
[    7.464540] PM: late suspend of devices complete after 0.941 msecs
[    7.490390] PM: noirq suspend of devices complete after 25.843 msecs
[    7.490393] Disabling non-boot CPUs ...
[    7.540392] IRQ17 no longer affine to CPU1
[    7.772133] Entering suspend state LP1
[    7.772133] Suspended for 3.043 seconds
[    7.772159] Enabling non-boot CPUs ...
[    7.802838] CPU1 is up
[    7.843137] CPU2 is up
[    7.883545] CPU3 is up
[    7.884174] pcieport 0000:00:01.0: nv_msi_ht_cap_quirk didn't locate host bridge
[    7.910102] PM: noirq resume of devices complete after 26.546 msecs
[    7.911890] PM: early resume of devices complete after 1.142 msecs
[    8.470488] PM: resume of devices complete after 558.586 msecs
[    8.541144] Restarting tasks ... done.
root@(none):/# 
root@(none):/# rtcwake -d rtc1 -m mem -s 3
rtcwake: wakeup from "mem" using /dev/rtc1 at Thu Jan  1 00:00:26 1970
[    9.468115] PM: Syncing filesystems ... done.
[    9.480565] Freezing user space processes ... (elapsed 0.001 seconds) done.
[    9.488632] Freezing remaining freezable tasks ... (elapsed 0.001 seconds) done.
[    9.497197] Suspending console(s) (use no_console_suspend to debug)
[    9.540545] pci_generic_config_write32: 63 callbacks suppressed
[    9.540558] pci_bus 0000:00: 2-byte config write to 0000:00:01.0 offset 0x9c may corrupt adjacent RW1C bits
[    9.584718] PM: suspend of devices complete after 80.920 msecs
[    9.585997] PM: late suspend of devices complete after 1.272 msecs
[    9.586510] pci_bus 0000:01: 2-byte config write to 0000:01:00.0 offset 0x44 may corrupt adjacent RW1C bits
[    9.586524] pci_bus 0000:01: 2-byte config write to 0000:01:00.0 offset 0x44 may corrupt adjacent RW1C bits
[    9.610339] PM: noirq suspend of devices complete after 24.337 msecs
[    9.610343] Disabling non-boot CPUs ...
[    9.860231] IRQ17 no longer affine to CPU3
[    9.912003] Entering suspend state LP1
[    9.912003] Suspended for 2.860 seconds
[    9.912035] Enabling non-boot CPUs ...
[    9.943221] CPU1 is up
[    9.983490] CPU2 is up
[   10.023905] CPU3 is up
[   10.024392] pci_bus 0000:00: 2-byte config write to 0000:00:01.0 offset 0x4c may corrupt adjacent RW1C bits
[   10.024408] pci_bus 0000:00: 2-byte config write to 0000:00:01.0 offset 0x88 may corrupt adjacent RW1C bits
[   10.024415] pci_bus 0000:00: 2-byte config write to 0000:00:01.0 offset 0x90 may corrupt adjacent RW1C bits
[   10.024420] pci_bus 0000:00: 2-byte config write to 0000:00:01.0 offset 0x98 may corrupt adjacent RW1C bits
[   10.024427] pci_bus 0000:00: 2-byte config write to 0000:00:01.0 offset 0x9c may corrupt adjacent RW1C bits
[   10.024449] pci_bus 0000:00: 2-byte config write to 0000:00:01.0 offset 0x52 may corrupt adjacent RW1C bits
[   10.024457] pci_bus 0000:00: 2-byte config write to 0000:00:01.0 offset 0x52 may corrupt adjacent RW1C bits
[   10.024488] pcieport 0000:00:01.0: nv_msi_ht_cap_quirk didn't locate host bridge
[   10.060097] PM: noirq resume of devices complete after 36.180 msecs
[   10.061693] PM: early resume of devices complete after 1.240 msecs
[   10.633064] PM: resume of devices complete after 571.361 msecs
[   10.806949] Restarting tasks ... done.
root@(none):/# 
root@(none):/# rtcwake -d rtc1 -m mem -s 3
rtcwake: wakeup from "mem" using /dev/rtc1 at Thu Jan  1 00:00:31 1970
[   11.516212] PM: Syncing filesystems ... done.
[   11.528977] Freezing user space processes ... (elapsed 0.001 seconds) done.
[   11.537088] Freezing remaining freezable tasks ... (elapsed 0.001 seconds) done.
[   11.545697] Suspending console(s) (use no_console_suspend to debug)
[   11.633483] PM: suspend of devices complete after 81.077 msecs
[   11.635102] PM: late suspend of devices complete after 1.610 msecs
[   11.660357] PM: noirq suspend of devices complete after 25.246 msecs
[   11.660362] Disabling non-boot CPUs ...
[   11.730421] IRQ17 no longer affine to CPU1
[   11.972371] Entering suspend state LP1
[   11.972371] Suspended for 2.939 seconds
[   11.972408] Enabling non-boot CPUs ...
[   12.003253] CPU1 is up
[   12.043558] CPU2 is up
[   12.084142] CPU3 is up
[   12.084707] pcieport 0000:00:01.0: nv_msi_ht_cap_quirk didn't locate host bridge
[   12.110024] PM: noirq resume of devices complete after 25.871 msecs
[   12.112029] PM: early resume of devices complete after 1.273 msecs
[   12.675713] PM: resume of devices complete after 563.668 msecs
[   12.746521] Restarting tasks ... done.
root@(none):/# 
root@(none):/# rtcwake -d rtc1 -m mem -s 3
rtcwake: wakeup from "mem" using /dev/rtc1 at Thu Jan  1 00:00:36 1970
[   13.579568] PM: Syncing filesystems ... done.
[   13.590305] Freezing user space processes ... (elapsed 0.001 seconds) done.
[   13.591511] Freezing remaining freezable tasks ... (elapsed 0.001 seconds) done.
[   13.592734] Suspending console(s) (use no_console_suspend to debug)
[   13.693941] PM: suspend of devices complete after 79.017 msecs
[   13.695752] PM: late suspend of devices complete after 1.801 msecs
[   13.720310] PM: noirq suspend of devices complete after 24.550 msecs
[   13.720316] Disabling non-boot CPUs ...
[   13.960218] IRQ17 no longer affine to CPU3
[   14.012308] Entering suspend state LP1
[   14.012308] Suspended for 2.960 seconds
[   14.012342] Enabling non-boot CPUs ...
[   14.043229] CPU1 is up
[   14.083742] CPU2 is up
[   14.123938] CPU3 is up
[   14.124559] pcieport 0000:00:01.0: nv_msi_ht_cap_quirk didn't locate host bridge
[   14.149994] PM: noirq resume of devices complete after 26.044 msecs
[   14.152675] PM: early resume of devices complete after 1.980 msecs
[   14.716775] PM: resume of devices complete after 564.082 msecs
[   14.787551] Restarting tasks ... done.
root@(none):/# 
root@(none):/# rtcwake -d rtc1 -m mem -s 3
rtcwake: wakeup from "mem" using /dev/rtc1 at Thu Jan  1 00:00:41 1970
[   15.609417] PM: Syncing filesystems ... done.
[   15.622225] Freezing user space processes ... (elapsed 0.001 seconds) done.
[   15.630354] Freezing remaining freezable tasks ... (elapsed 0.001 seconds) done.
[   15.638939] Suspending console(s) (use no_console_suspend to debug)
[   15.681639] pci_generic_config_write32: 65 callbacks suppressed
[   15.681659] pci_bus 0000:00: 2-byte config write to 0000:00:01.0 offset 0x9c may corrupt adjacent RW1C bits
[   15.722900] PM: suspend of devices complete after 77.254 msecs
[   15.725081] PM: late suspend of devices complete after 2.172 msecs
[   15.725699] pci_bus 0000:01: 2-byte config write to 0000:01:00.0 offset 0x44 may corrupt adjacent RW1C bits
[   15.725716] pci_bus 0000:01: 2-byte config write to 0000:01:00.0 offset 0x44 may corrupt adjacent RW1C bits
[   15.750276] PM: noirq suspend of devices complete after 25.185 msecs
[   15.750279] Disabling non-boot CPUs ...
[   15.880607] IRQ17 no longer affine to CPU2
[   16.032273] Entering suspend state LP1
[   16.032273] Suspended for 2.979 seconds
[   16.032307] Enabling non-boot CPUs ...
[   16.063207] CPU1 is up
[   16.103522] CPU2 is up
[   16.143849] CPU3 is up
[   16.144322] pci_bus 0000:00: 2-byte config write to 0000:00:01.0 offset 0x4c may corrupt adjacent RW1C bits
[   16.144334] pci_bus 0000:00: 2-byte config write to 0000:00:01.0 offset 0x88 may corrupt adjacent RW1C bits
[   16.144340] pci_bus 0000:00: 2-byte config write to 0000:00:01.0 offset 0x90 may corrupt adjacent RW1C bits
[   16.144345] pci_bus 0000:00: 2-byte config write to 0000:00:01.0 offset 0x98 may corrupt adjacent RW1C bits
[   16.144350] pci_bus 0000:00: 2-byte config write to 0000:00:01.0 offset 0x9c may corrupt adjacent RW1C bits
[   16.144376] pci_bus 0000:00: 2-byte config write to 0000:00:01.0 offset 0x52 may corrupt adjacent RW1C bits
[   16.144385] pci_bus 0000:00: 2-byte config write to 0000:00:01.0 offset 0x52 may corrupt adjacent RW1C bits
[   16.144415] pcieport 0000:00:01.0: nv_msi_ht_cap_quirk didn't locate host bridge
[   16.169962] PM: noirq resume of devices complete after 26.101 msecs
[   16.171926] PM: early resume of devices complete after 1.261 msecs
[   16.735147] PM: resume of devices complete after 563.207 msecs
[   16.909076] Restarting tasks ... done.
root@(none):/# 
root@(none):/# rtcwake -d rtc1 -m mem -s 3
rtcwake: wakeup from "mem" using /dev/rtc1 at Thu Jan  1 00:00:46 1970
[   17.630533] PM: Syncing filesystems ... done.
[   17.644335] Freezing user space processes ... (elapsed 0.001 seconds) done.
[   17.652461] Freezing remaining freezable tasks ... (elapsed 0.001 seconds) done.
[   17.661077] Suspending console(s) (use no_console_suspend to debug)
[   17.753373] PM: suspend of devices complete after 85.602 msecs
[   17.755064] PM: late suspend of devices complete after 1.681 msecs
[   17.780287] PM: noirq suspend of devices complete after 25.212 msecs
[   17.780293] Disabling non-boot CPUs ...
[   17.850289] IRQ17 no longer affine to CPU1
[   18.092293] Entering suspend state LP1
[   18.092293] Suspended for 2.939 seconds
[   18.092326] Enabling non-boot CPUs ...
[   18.123169] CPU1 is up
[   18.163414] CPU2 is up
[   18.203821] CPU3 is up
[   18.204359] pcieport 0000:00:01.0: nv_msi_ht_cap_quirk didn't locate host bridge
[   18.229927] PM: noirq resume of devices complete after 26.094 msecs
[   18.232087] PM: early resume of devices complete after 1.438 msecs
[   18.787027] PM: resume of devices complete after 554.923 msecs
[   18.857856] Restarting tasks ... done.
root@(none):/# 
root@(none):/# rtcwake -d rtc1 -m mem -s 3
rtcwake: wakeup from "mem" using /dev/rtc1 at Thu Jan  1 00:00:51 1970
[   19.707251] PM: Syncing filesystems ... done.
[   19.721571] Freezing user space processes ... (elapsed 0.001 seconds) done.
[   19.729680] Freezing remaining freezable tasks ... (elapsed 0.001 seconds) done.
[   19.738298] Suspending console(s) (use no_console_suspend to debug)
[   19.824358] PM: suspend of devices complete after 79.348 msecs
[   19.826960] PM: late suspend of devices complete after 2.593 msecs
[   19.850222] PM: noirq suspend of devices complete after 23.252 msecs
[   19.850225] Disabling non-boot CPUs ...
[   20.090108] IRQ17 no longer affine to CPU3
[   20.142234] Entering suspend state LP1
[   20.142234] Suspended for 2.950 seconds
[   20.142265] Enabling non-boot CPUs ...
[   20.173148] CPU1 is up
[   20.213378] CPU2 is up
[   20.253784] CPU3 is up
[   20.254330] pcieport 0000:00:01.0: nv_msi_ht_cap_quirk didn't locate host bridge
[   20.279877] PM: noirq resume of devices complete after 26.083 msecs
[   20.281277] PM: early resume of devices complete after 0.688 msecs
[   20.845634] PM: resume of devices complete after 564.342 msecs
[   20.916454] Restarting tasks ... done.
root@(none):/# 
root@(none):/# rtcwake -d rtc1 -m mem -s 3
rtcwake: wakeup from "mem" using /dev/rtc1 at Thu Jan  1 00:00:56 1970
[   21.756695] PM: Syncing filesystems ... done.
[   21.771016] Freezing user space processes ... (elapsed 0.001 seconds) done.
[   21.779132] Freezing remaining freezable tasks ... (elapsed 0.001 seconds) done.
[   21.787732] Suspending console(s) (use no_console_suspend to debug)
[   21.831514] pci_generic_config_write32: 65 callbacks suppressed
[   21.831531] pci_bus 0000:00: 2-byte config write to 0000:00:01.0 offset 0x9c may corrupt adjacent RW1C bits
[   21.873319] PM: suspend of devices complete after 78.876 msecs
[   21.875962] PM: late suspend of devices complete after 2.632 msecs
[   21.876497] pci_bus 0000:01: 2-byte config write to 0000:01:00.0 offset 0x44 may corrupt adjacent RW1C bits
[   21.876516] pci_bus 0000:01: 2-byte config write to 0000:01:00.0 offset 0x44 may corrupt adjacent RW1C bits
[   21.900188] PM: noirq suspend of devices complete after 24.216 msecs
[   21.900193] Disabling non-boot CPUs ...
[   21.950232] IRQ17 no longer affine to CPU1
[   22.192257] Entering suspend state LP1
[   22.192257] Suspended for 2.949 seconds
[   22.192291] Enabling non-boot CPUs ...
[   22.223092] CPU1 is up
[   22.263361] CPU2 is up
[   22.303745] CPU3 is up
[   22.304221] pci_bus 0000:00: 2-byte config write to 0000:00:01.0 offset 0x4c may corrupt adjacent RW1C bits
[   22.304241] pci_bus 0000:00: 2-byte config write to 0000:00:01.0 offset 0x88 may corrupt adjacent RW1C bits
[   22.304247] pci_bus 0000:00: 2-byte config write to 0000:00:01.0 offset 0x90 may corrupt adjacent RW1C bits
[   22.304253] pci_bus 0000:00: 2-byte config write to 0000:00:01.0 offset 0x98 may corrupt adjacent RW1C bits
[   22.304259] pci_bus 0000:00: 2-byte config write to 0000:00:01.0 offset 0x9c may corrupt adjacent RW1C bits
[   22.304287] pci_bus 0000:00: 2-byte config write to 0000:00:01.0 offset 0x52 may corrupt adjacent RW1C bits
[   22.304294] pci_bus 0000:00: 2-byte config write to 0000:00:01.0 offset 0x52 may corrupt adjacent RW1C bits
[   22.304322] pcieport 0000:00:01.0: nv_msi_ht_cap_quirk didn't locate host bridge
[   22.329847] PM: noirq resume of devices complete after 26.090 msecs
[   22.331755] PM: early resume of devices complete after 1.204 msecs
[   22.903497] PM: resume of devices complete after 571.727 msecs
[   23.077364] Restarting tasks ... done.
root@(none):/# 
root@(none):/# rtcwake -d rtc1 -m mem -s 3
rtcwake: wakeup from "mem" using /dev/rtc1 at Thu Jan  1 00:01:01 1970
[   23.808172] PM: Syncing filesystems ... done.
[   23.822999] Freezing user space processes ... (elapsed 0.001 seconds) done.
[   23.831128] Freezing remaining freezable tasks ... (elapsed 0.001 seconds) done.
[   23.839748] Suspending console(s) (use no_console_suspend to debug)
[   23.923276] PM: suspend of devices complete after 76.828 msecs
[   23.925666] PM: late suspend of devices complete after 2.380 msecs
[   23.950130] PM: noirq suspend of devices complete after 24.456 msecs
[   23.950133] Disabling non-boot CPUs ...
[   24.090185] IRQ17 no longer affine to CPU2
[   24.252212] Entering suspend state LP1
[   24.252212] Suspended for 2.940 seconds
[   24.252248] Enabling non-boot CPUs ...
[   24.283046] CPU1 is up
[   24.323339] CPU2 is up
[   24.363705] CPU3 is up
[   24.364277] pcieport 0000:00:01.0: nv_msi_ht_cap_quirk didn't locate host bridge
[   24.389809] PM: noirq resume of devices complete after 26.091 msecs
[   24.391289] PM: early resume of devices complete after 0.754 msecs
[   24.957045] PM: resume of devices complete after 565.741 msecs
[   25.027861] Restarting tasks ... done.
root@(none):/# 
root@(none):/# rtcwake -d rtc1 -m mem -s 3
rtcwake: wakeup from "mem" using /dev/rtc1 at Thu Jan  1 00:01:06 1970
[   25.866783] PM: Syncing filesystems ... done.
[   25.881625] Freezing user space processes ... (elapsed 0.001 seconds) done.
[   25.889754] Freezing remaining freezable tasks ... (elapsed 0.001 seconds) done.
[   25.898348] Suspending console(s) (use no_console_suspend to debug)
[   25.983249] PM: suspend of devices complete after 78.181 msecs
[   25.984880] PM: late suspend of devices complete after 1.621 msecs
[   26.010116] PM: noirq suspend of devices complete after 25.227 msecs
[   26.010121] Disabling non-boot CPUs ...
[   26.140120] IRQ17 no longer affine to CPU2
[   26.302118] Entering suspend state LP1
[   26.302118] Suspended for 2.950 seconds
[   26.302156] Enabling non-boot CPUs ...
[   26.333070] CPU1 is up
[   26.373300] CPU2 is up
[   26.413711] CPU3 is up
[   26.414245] pcieport 0000:00:01.0: nv_msi_ht_cap_quirk didn't locate host bridge
[   26.439777] PM: noirq resume of devices complete after 26.053 msecs
[   26.442393] PM: early resume of devices complete after 1.886 msecs
[   27.011271] PM: resume of devices complete after 568.864 msecs
[   27.082086] Restarting tasks ... done.
root@(none):/# 
root@(none):/# NVTB SYSTEM SUSPEND TEST COMPLETE
