Diff for ./qemu-vexpress64/__internal/defconfig_log.txt
--- /tmp/fooa	2017-03-12 15:16:31.761930646 -0700
+++ /tmp/foob	2017-03-12 15:16:31.765930663 -0700
@@ -1,5 +1,5 @@
 Booting Linux on physical CPU 0x0
-Linux version 4.11.0-rc1-179452-gc1ae3cf (pwalmsley@tamien) (gcc version 4.9.2 20140904 (prerelease) (crosstool-NG linaro-1.13.1-4.9-2014.09 - Linaro GCC 4.9-2014.09) ) #1 SMP PREEMPT Sun Mar 5 13:40:14 PST 2017
+Linux version 4.11.0-rc2-179788-g4495c08 (pwalmsley@tamien) (gcc version 4.9.2 20140904 (prerelease) (crosstool-NG linaro-1.13.1-4.9-2014.09 - Linaro GCC 4.9-2014.09) ) #1 SMP PREEMPT Sun Mar 12 15:09:02 PDT 2017
 Boot CPU: AArch64 Processor [411fd070]
 Memory limited to 1024MB
 efi: Getting EFI parameters from FDT:
@@ -21,7 +21,7 @@
 psci: PSCIv0.2 detected in firmware.
 psci: Using standard PSCI v0.2 function IDs
 psci: Trusted OS migration not required
-percpu: Embedded 23 pages/cpu @ffff80003efd0000 s56832 r8192 d29184 u94208
+percpu: Embedded 23 pages/cpu @ffff80003efd0000 s56960 r8192 d29056 u94208
 Detected PIPT I-cache on CPU0
 CPU features: enabling workaround for ARM erratum 832075
 CPU features: enabling workaround for ARM erratum 834220
@@ -29,7 +29,7 @@
 Policy zone: DMA
 Kernel command line: root=/dev/vda2 rw rootwait mem=1024M console=ttyAMA0,38400n8 init=/bin/bash
 PID hash table entries: 4096 (order: 3, 32768 bytes)
-Memory: 1000128K/1048576K available (8700K kernel code, 962K rwdata, 4200K rodata, 1088K init, 395K bss, 32064K reserved, 16384K cma-reserved)
+Memory: 1000128K/1048576K available (8700K kernel code, 962K rwdata, 4204K rodata, 1088K init, 395K bss, 32064K reserved, 16384K cma-reserved)
 Virtual kernel memory layout:
     modules : 0xffff000000000000 - 0xffff000008000000   (   128 MB)
     vmalloc : 0xffff000008000000 - 0xffff7dffbfff0000   (129022 GB)
@@ -37,7 +37,7 @@
     .rodata : 0xffff000008900000 - 0xffff000008d20000   (  4224 KB)
       .init : 0xffff000008d20000 - 0xffff000008e30000   (  1088 KB)
       .data : 0xffff000008e30000 - 0xffff000008f20a00   (   963 KB)
-       .bss : 0xffff000008f20a00 - 0xffff000008f83738   (   396 KB)
+       .bss : 0xffff000008f20a00 - 0xffff000008f83638   (   396 KB)
     fixed   : 0xffff7dfffe7fd000 - 0xffff7dfffec00000   (  4108 KB)
     PCI I/O : 0xffff7dfffee00000 - 0xffff7dffffe00000   (    16 MB)
     vmemmap : 0xffff7e0000000000 - 0xffff800000000000   (  2048 GB maximum)
@@ -114,7 +114,7 @@
 RPC: Registered tcp NFSv4.1 backchannel transport module.
 kvm [1]: HYP mode not available
 audit: initializing netlink subsys (disabled)
-audit: type=2000 audit(0.700:1): state=initialized audit_enabled=0 res=1
+audit: type=2000 audit(0.800:1): state=initialized audit_enabled=0 res=1
 workingset: timestamp_bits=44 max_order=18 bucket_order=0
 squashfs: version 4.0 (2009/01/31) Phillip Lougher
 NFS: Registering the id_resolver key type
@@ -180,7 +180,7 @@
 Key type dns_resolver registered
 registered taskstats version 1
 input: gpio-keys as /devices/platform/gpio-keys/input/input0
-rtc-pl031 9010000.pl031: setting system clock to 2017-03-05 21:40:57 UTC (1488750057)
+rtc-pl031 9010000.pl031: setting system clock to 2017-03-12 22:09:43 UTC (1489356583)
 ALSA device list:
   No soundcards found.
 uart-pl011 9000000.pl011: no DMA platform data
Diff for ./tegra114-dalmore-a04/tegra114-dalmore/multi_v7_defconfig_log.txt
--- /tmp/fooa	2017-03-12 15:16:31.781930726 -0700
+++ /tmp/foob	2017-03-12 15:16:31.785930742 -0700
@@ -39,9 +39,9 @@
 	 #################################################################
 	 #################################################################
 	 ###########################################################
-	 3.4 MiB/s
+	 3.1 MiB/s
 done
-Bytes transferred = 7537352 (7302c8 hex)
+Bytes transferred = 7535296 (72fac0 hex)
 Tegra114 (Dalmore) # tftpboot 0x82000000 tegra114-dalmore.dtb
 Using asx0 device
 TFTP from server 192.168.100.1; our IP address is 192.168.100.100
@@ -52,7 +52,7 @@
 done
 Bytes transferred = 35044 (88e4 hex)
 Tegra114 (Dalmore) # bootz 0x81000000 - 0x82000000
-Kernel image @ 0x81000000 [ 0x000000 - 0x7302c8 ]
+Kernel image @ 0x81000000 [ 0x000000 - 0x72fac0 ]
 ## Flattened Device Tree blob at 82000000
    Booting using the fdt blob at 0x82000000
    Loading Device Tree to 8fff4000, end 8ffff8e3 ... OK
@@ -60,7 +60,7 @@
 Starting kernel ...
 
 Booting Linux on physical CPU 0x0
-Linux version 4.11.0-rc1-155019-gc1ae3cf (pwalmsley@sellafield) (gcc version 4.7.3 20130328 (prerelease) (crosstool-NG linaro-1.13.1-4.7-2013.04-20130415 - Linaro GCC 2013.04) ) #1 SMP Sun Mar 5 13:36:32 PST 2017
+Linux version 4.11.0-rc2-155355-g4495c08 (pwalmsley@sellafield) (gcc version 4.7.3 20130328 (prerelease) (crosstool-NG linaro-1.13.1-4.7-2013.04-20130415 - Linaro GCC 2013.04) ) #1 SMP Sun Mar 12 15:05:38 PDT 2017
 CPU: ARMv7 Processor [412fc0f2] revision 2 (ARMv7), cr=10c5387d
 CPU: div instructions available: patching division code
 CPU: PIPT / VIPT nonaliasing data cache, PIPT instruction cache
@@ -76,8 +76,8 @@
   DMA zone: 0 pages reserved
   DMA zone: 196608 pages, LIFO batch:31
   HighMem zone: 327424 pages, LIFO batch:31
-percpu: Embedded 16 pages/cpu @eef9c000 s34304 r8192 d23040 u65536
-pcpu-alloc: s34304 r8192 d23040 u65536 alloc=16*4096
+percpu: Embedded 16 pages/cpu @eef9c000 s34432 r8192 d22912 u65536
+pcpu-alloc: s34432 r8192 d22912 u65536 alloc=16*4096
 pcpu-alloc: [0] 0 [0] 1 [0] 2 [0] 3 
 Built 1 zonelists in Zone order, mobility grouping on.  Total pages: 522496
 Kernel command line: ignore_loglevel console=ttyS0,115200n8 rw root=PARTUUID=7369c667-ff51-ec4a-29cd-baabf2fbe346 rootwait gpt debug earlyprintk init=/bin/bash
@@ -95,7 +95,7 @@
       .text : 0xc0208000 - 0xc0d00000   (11232 kB)
       .init : 0xc1200000 - 0xc1400000   (2048 kB)
       .data : 0xc1400000 - 0xc1539aa0   (1255 kB)
-       .bss : 0xc153b000 - 0xc15c13b8   ( 537 kB)
+       .bss : 0xc153b000 - 0xc15c12b8   ( 537 kB)
 SLUB: HWalign=64, Order=0-3, MinObjects=0, CPUs=4, Nodes=1
 Hierarchical RCU implementation.
 	RCU debugfs-based tracing is enabled.
@@ -304,17 +304,17 @@
 Key type dns_resolver registered
 ThumbEE CPU extension supported.
 Registering SWP/SWPB emulation handler
-mmc0: new high speed SDHC card at address aaaa
 usb1_vbus: supplied by vdd-sys-5v0
 usb2_vbus: supplied by vdd-sys-5v0
-VDD_5V0_HDMI_CON: supplied by vdd-sys-5v0
+mmc0: new high speed SDHC card at address aaaa
 mmcblk0: mmc0:aaaa SL16G 14.8 GiB 
+VDD_5V0_HDMI_CON: supplied by vdd-sys-5v0
 [drm] Supports vblank timestamp caching Rev 2 (21.10.2013).
+ mmcblk0: p1 p2 p3
 [drm] No driver support for vblank timestamp query.
 mmc1: new high speed MMC card at address 0001
 mmcblk1: mmc1:0001 SEM32G 29.1 GiB 
 mmcblk1boot0: mmc1:0001 SEM32G partition 1 4.00 MiB
- mmcblk0: p1 p2 p3
 mmcblk1boot1: mmc1:0001 SEM32G partition 2 4.00 MiB
 mmcblk1rpmb: mmc1:0001 SEM32G partition 3 4.00 MiB
  mmcblk1: p1 p2 p3 p4 p5 p6 p7 p8
@@ -328,7 +328,7 @@
 hub 1-0:1.0: USB hub found
 hub 1-0:1.0: 1 port detected
 input: gpio-keys as /devices/soc0/gpio-keys/input/input0
-palmas-rtc 7000d000.i2c:tps65913@58:rtc: setting system clock to 2000-12-28 09:11:36 UTC (977994696)
+palmas-rtc 7000d000.i2c:tps65913@58:rtc: setting system clock to 2001-01-04 09:40:45 UTC (978601245)
 dvdd_ts: disabling
 usb1_vbus: disabling
 vdd_cam_1v8_reg: disabling
@@ -340,4 +340,4 @@
 Freeing unused kernel memory: 2048K
 bash: cannot set terminal process group (-1): Inappropriate ioctl for device
 bash: no job control in this shell
-root@(none):/# [    2.519382] usb 1-1: new high-speed USB device number 2 using tegra-ehci
+root@(none):/# [    2.519407] usb 1-1: new high-speed USB device number 2 using tegra-ehci
Diff for ./tegra114-dalmore-a04/tegra114-dalmore/tegra_defconfig_log.txt
--- /tmp/fooa	2017-03-12 15:16:31.789930758 -0700
+++ /tmp/foob	2017-03-12 15:16:31.793930774 -0700
@@ -37,20 +37,20 @@
 	 #################################################################
 	 #################################################################
 	 ######################################################
-	 3.2 MiB/s
+	 3.1 MiB/s
 done
-Bytes transferred = 5557856 (54ce60 hex)
+Bytes transferred = 5559488 (54d4c0 hex)
 Tegra114 (Dalmore) # tftpboot 0x82000000 tegra114-dalmore.dtb
 Using asx0 device
 TFTP from server 192.168.100.1; our IP address is 192.168.100.100
 Filename 'tegra114-dalmore.dtb'.
 Load address: 0x82000000
 Loading: *###
-	 3 MiB/s
+	 2.8 MiB/s
 done
 Bytes transferred = 35044 (88e4 hex)
 Tegra114 (Dalmore) # bootz 0x81000000 - 0x82000000
-Kernel image @ 0x81000000 [ 0x000000 - 0x54ce60 ]
+Kernel image @ 0x81000000 [ 0x000000 - 0x54d4c0 ]
 ## Flattened Device Tree blob at 82000000
    Booting using the fdt blob at 0x82000000
    Loading Device Tree to 8fff4000, end 8ffff8e3 ... OK
@@ -59,7 +59,7 @@
 
 Uncompressing Linux... done, booting the kernel.
 Booting Linux on physical CPU 0x0
-Linux version 4.11.0-rc1-155019-gc1ae3cf (pwalmsley@kaivo) (gcc version 4.7.3 20130328 (prerelease) (crosstool-NG linaro-1.13.1-4.7-2013.04-20130415 - Linaro GCC 2013.04) ) #1 SMP PREEMPT Sun Mar 5 13:36:08 PST 2017
+Linux version 4.11.0-rc2-155355-g4495c08 (pwalmsley@kaivo) (gcc version 4.7.3 20130328 (prerelease) (crosstool-NG linaro-1.13.1-4.7-2013.04-20130415 - Linaro GCC 2013.04) ) #1 SMP PREEMPT Sun Mar 12 15:04:54 PDT 2017
 CPU: ARMv7 Processor [412fc0f2] revision 2 (ARMv7), cr=10c5387d
 CPU: div instructions available: patching division code
 CPU: PIPT / VIPT nonaliasing data cache, PIPT instruction cache
@@ -69,13 +69,13 @@
 cma: Reserved 64 MiB at 0xfbc00000
 Memory policy: Data cache writealloc
 On node 0 totalpages: 524032
-free_area_init_node: node 0, pgdat c0d5de00, node_mem_map eeff7000
+free_area_init_node: node 0, pgdat c0d5de40, node_mem_map eeff7000
   Normal zone: 1536 pages used for memmap
   Normal zone: 0 pages reserved
   Normal zone: 196608 pages, LIFO batch:31
   HighMem zone: 327424 pages, LIFO batch:31
-percpu: Embedded 16 pages/cpu @eef9b000 s34240 r8192 d23104 u65536
-pcpu-alloc: s34240 r8192 d23104 u65536 alloc=16*4096
+percpu: Embedded 16 pages/cpu @eef9b000 s34368 r8192 d22976 u65536
+pcpu-alloc: s34368 r8192 d22976 u65536 alloc=16*4096
 pcpu-alloc: [0] 0 [0] 1 [0] 2 [0] 3 
 Built 1 zonelists in Zone order, mobility grouping on.  Total pages: 522496
 Kernel command line: ignore_loglevel console=ttyS0,115200n8 rw root=PARTUUID=7369c667-ff51-ec4a-29cd-baabf2fbe346 rootwait gpt debug earlyprintk init=/bin/bash
@@ -92,8 +92,8 @@
     modules : 0xbf000000 - 0xbfe00000   (  14 MB)
       .text : 0xc0008000 - 0xc0900000   (9184 kB)
       .init : 0xc0c00000 - 0xc0d00000   (1024 kB)
-      .data : 0xc0d00000 - 0xc0d5f2e0   ( 381 kB)
-       .bss : 0xc0d61000 - 0xc0dad50c   ( 306 kB)
+      .data : 0xc0d00000 - 0xc0d5f320   ( 381 kB)
+       .bss : 0xc0d61000 - 0xc0dad40c   ( 306 kB)
 Preemptible hierarchical RCU implementation.
 	Build-time adjustment of leaf fanout to 32.
 NR_IRQS:16 nr_irqs:16 16
@@ -321,7 +321,7 @@
 hub 1-0:1.0: USB hub found
 hub 1-0:1.0: 1 port detected
 input: gpio-keys as /devices/soc0/gpio-keys/input/input1
-palmas-rtc 7000d000.i2c:tps65913@58:rtc: setting system clock to 2000-12-28 09:09:00 UTC (977994540)
+palmas-rtc 7000d000.i2c:tps65913@58:rtc: setting system clock to 2001-01-04 09:38:06 UTC (978601086)
 dvdd_ts: disabling
 usb1_vbus: disabling
 vdd_cam_1v8_reg: disabling
@@ -335,4 +335,4 @@
 Freeing unused kernel memory: 1024K
 bash: cannot set terminal process group (-1): Inappropriate ioctl for device
 bash: no job control in this shell
-root@(none):/# [    2.746697] usb 1-1: new high-speed USB device number 2 using tegra-ehci
+root@(none):/# [    2.736382] usb 1-1: new high-speed USB device number 2 using tegra-ehci
Diff for ./tegra124-jetson-tk1/tegra124-jetson-tk1/multi_v7_defconfig_log.txt
--- /tmp/fooa	2017-03-12 15:16:31.829930919 -0700
+++ /tmp/foob	2017-03-12 15:16:31.833930935 -0700
@@ -9,7 +9,7 @@
 Model: NVIDIA Jetson TK1
 Board: NVIDIA Jetson TK1
 DRAM:  2 GiB
-MMC:   Tegra SD/MMC: 0, Tegra SD/MMC: 1
+MC:   Tegra SD/MMC: 0, Tegra SD/MMC: 1
 In:    serial
 Out:   serial
 Err:   serial
@@ -34,9 +34,9 @@
 	 #################################################################
 	 #################################################################
 	 ###########################################################
-	 3.9 MiB/s
+	 4 MiB/s
 done
-Bytes transferred = 7537352 (7302c8 hex)
+Bytes transferred = 7535296 (72fac0 hex)
 Tegra124 (Jetson TK1) # tftpboot 0x83000000 tegra124-jetson-tk1.dtb
 Using eth_rtl8169 device
 TFTP from server 192.168.100.1; our IP address is 192.168.100.102
@@ -47,7 +47,7 @@
 done
 Bytes transferred = 67133 (1063d hex)
 Tegra124 (Jetson TK1) # bootz 0x82000000 - 0x83000000
-Kernel image @ 0x82000000 [ 0x000000 - 0x7302c8 ]
+Kernel image @ 0x82000000 [ 0x000000 - 0x72fac0 ]
 ## Flattened Device Tree blob at 83000000
    Booting using the fdt blob at 0x83000000
    Using Device Tree in place at 83000000, end 8301363c
@@ -55,7 +55,7 @@
 Starting kernel ...
 
 Booting Linux on physical CPU 0x0
-Linux version 4.11.0-rc1-155019-gc1ae3cf (pwalmsley@sellafield) (gcc version 4.7.3 20130328 (prerelease) (crosstool-NG linaro-1.13.1-4.7-2013.04-20130415 - Linaro GCC 2013.04) ) #1 SMP Sun Mar 5 13:36:32 PST 2017
+Linux version 4.11.0-rc2-155355-g4495c08 (pwalmsley@sellafield) (gcc version 4.7.3 20130328 (prerelease) (crosstool-NG linaro-1.13.1-4.7-2013.04-20130415 - Linaro GCC 2013.04) ) #1 SMP Sun Mar 12 15:05:38 PDT 2017
 CPU: ARMv7 Processor [413fc0f3] revision 3 (ARMv7), cr=10c5387d
 CPU: div instructions available: patching division code
 CPU: PIPT / VIPT nonaliasing data cache, PIPT instruction cache
@@ -71,8 +71,8 @@
   DMA zone: 0 pages reserved
   DMA zone: 196608 pages, LIFO batch:31
   HighMem zone: 327424 pages, LIFO batch:31
-percpu: Embedded 16 pages/cpu @eef86000 s34304 r8192 d23040 u65536
-pcpu-alloc: s34304 r8192 d23040 u65536 alloc=16*4096
+percpu: Embedded 16 pages/cpu @eef86000 s34432 r8192 d22912 u65536
+pcpu-alloc: s34432 r8192 d22912 u65536 alloc=16*4096
 pcpu-alloc: [0] 0 [0] 1 [0] 2 [0] 3 
 Built 1 zonelists in Zone order, mobility grouping on.  Total pages: 522496
 Kernel command line: ignore_loglevel console=ttyS0,115200n8 rw root=PARTUUID=b1791faa-84e8-4e27-83a1-9fb0a77e8803 rootwait gpt debug noinitrd earlyprintk init=/bin/bash
@@ -90,7 +90,7 @@
       .text : 0xc0208000 - 0xc0d00000   (11232 kB)
       .init : 0xc1200000 - 0xc1400000   (2048 kB)
       .data : 0xc1400000 - 0xc1539aa0   (1255 kB)
-       .bss : 0xc153b000 - 0xc15c13b8   ( 537 kB)
+       .bss : 0xc153b000 - 0xc15c12b8   ( 537 kB)
 SLUB: HWalign=64, Order=0-3, MinObjects=0, CPUs=4, Nodes=1
 Hierarchical RCU implementation.
 	RCU debugfs-based tracing is enabled.
@@ -313,16 +313,11 @@
 +5V_SATA: supplied by +5V_SYS
 +12V_SATA: supplied by +VDD_MUX
  usb2-0: usb2-0 supply vbus not found, using dummy regulator
-mmc0: new high speed MMC card at address 0001
-mmcblk0: mmc0:0001 SEM16G 14.7 GiB 
-mmcblk0boot0: mmc0:0001 SEM16G partition 1 4.00 MiB
-mmcblk0boot1: mmc0:0001 SEM16G partition 2 4.00 MiB
-mmcblk0rpmb: mmc0:0001 SEM16G partition 3 4.00 MiB
- mmcblk0: p1
  usb2-1: usb2-1 supply vbus not found, using dummy regulator
  usb3-0: usb3-0 supply vbus not found, using dummy regulator
 tegra-pcie 1003000.pcie-controller: 2x1, 1x1 configuration
 tegra-pcie 1003000.pcie-controller: Failed to get supply 'avddio-pex': -517
+mmc0: new high speed MMC card at address 0001
 tegra124-dfll 70110000.clock: couldn't get vdd_cpu regulator
 tegra-hdmi 54280000.hdmi: failed to get PLL regulator
 as3722-sd2: supplied by +5V_SYS
@@ -381,7 +376,6 @@
 pci_bus 0000:00: 2-byte config write to 0000:00:02.0 offset 0x52 may corrupt adjacent RW1C bits
 pci 0000:00:02.0: PME# supported from D0 D1 D2 D3hot D3cold
 pci_bus 0000:00: 2-byte config write to 0000:00:02.0 offset 0x4c may corrupt adjacent RW1C bits
-ata1: SATA link down (SStatus 0 SControl 300)
 pci_bus 0000:00: 2-byte config write to 0000:00:01.0 offset 0x3e may corrupt adjacent RW1C bits
 pci_bus 0000:00: 2-byte config write to 0000:00:02.0 offset 0x3e may corrupt adjacent RW1C bits
 pci_bus 0000:00: 2-byte config write to 0000:00:01.0 offset 0x4 may corrupt adjacent RW1C bits
@@ -392,7 +386,6 @@
 pci 0000:01:00.0: [8086:4232] type 00 class 0x028000
 pci 0000:01:00.0: reg 0x10: [mem 0x00000000-0x00001fff 64bit]
 pci 0000:01:00.0: PME# supported from D0 D3hot D3cold
-mmc1: new high speed SDHC card at address aaaa
 PCI: bus1: Fast back to back transfers disabled
 pci_bus 0000:01: busn_res: [bus 01-ff] end is updated to 01
 pci 0000:02:00.0: [10ec:8168] type 00 class 0x020000
@@ -401,8 +394,6 @@
 pci 0000:02:00.0: reg 0x20: [mem 0x00000000-0x00003fff 64bit pref]
 pci 0000:02:00.0: supports D1 D2
 pci 0000:02:00.0: PME# supported from D0 D1 D2 D3hot D3cold
-mmcblk1: mmc1:aaaa SD04G 3.69 GiB 
- mmcblk1: p1 p2 p3
 PCI: bus2: Fast back to back transfers disabled
 pci_bus 0000:02: busn_res: [bus 02-ff] end is updated to 02
 pci 0000:00:01.0: BAR 8: assigned [mem 0x13000000-0x130fffff]
@@ -427,20 +418,29 @@
 pcieport 0000:00:02.0: Signaling PME with IRQ 394
 r8169 Gigabit Ethernet driver 2.3LK-NAPI loaded
 r8169 0000:02:00.0: enabling device (0140 -> 0143)
-r8169 0000:02:00.0 eth0: RTL8168g/8111g at 0xf0b56000, 00:04:4b:3a:d9:81, XID 0c000800 IRQ 395
+r8169 0000:02:00.0 eth0: RTL8168g/8111g at 0xf0b41000, 00:04:4b:3a:d9:81, XID 0c000800 IRQ 395
 r8169 0000:02:00.0 eth0: jumbo features [frames: 9200 bytes, tx checksumming: ko]
 +1.05V_RUN_AVDD_HDMI_PLL: supplied by +1.05V_RUN
 [drm] Supports vblank timestamp caching Rev 2 (21.10.2013).
 [drm] No driver support for vblank timestamp query.
-tegra-hdmi 54280000.hdmi: cannot set audio to 48000 Hz at 297000000 Hz pixel clock
-Console: switching to colour frame buffer device 512x135
+[drm] Cannot find any crtc or sizes - going 1024x768
+ata1: SATA link down (SStatus 0 SControl 300)
+mmc1: new high speed SDHC card at address aaaa
+mmcblk1: mmc1:aaaa SD04G 3.69 GiB 
+ mmcblk1: p1 p2 p3
+mmcblk0: mmc0:0001 SEM16G 14.7 GiB 
+mmcblk0boot0: mmc0:0001 SEM16G partition 1 4.00 MiB
+mmcblk0boot1: mmc0:0001 SEM16G partition 2 4.00 MiB
+mmcblk0rpmb: mmc0:0001 SEM16G partition 3 4.00 MiB
+ mmcblk0: p1
+Console: switching to colour frame buffer device 128x48
 drm drm: fb0:  frame buffer device
 [drm] Initialized tegra 0.0.0 20120330 for drm on minor 0
 of: dev_pm_opp_of_cpumask_add_table: couldn't find opp table for cpu:0, -19
 cpufreq: cpufreq_online: CPU0: Running at unlisted freq: 696000 KHz
 cpufreq: cpufreq_online: CPU0: Unlisted initial frequency changed to: 714000 KHz
 input: gpio-keys as /devices/soc0/gpio-keys/input/input0
-as3722-rtc as3722-rtc: setting system clock to 2000-01-01 00:02:04 UTC (946684924)
+as3722-rtc as3722-rtc: setting system clock to 2000-01-01 00:02:36 UTC (946684956)
 +USB0_VBUS_SW: disabling
 +1.8V_RUN_CAM: disabling
 +2.8V_RUN_CAM: disabling
@@ -452,7 +452,7 @@
 EXT4-fs (mmcblk0p1): mounting ext3 file system using the ext4 subsystem
 EXT4-fs (mmcblk0p1): recovery complete
 EXT4-fs (mmcblk0p1): mounted filesystem with ordered data mode. Opts: (null)
-VFS: Mounted root (ext3 filesystem) on device 179:1.
+VFS: Mounted root (ext3 filesystem) on device 179:17.
 devtmpfs: mounted
 Freeing unused kernel memory: 2048K
 bash: cannot set terminal process group (-1): Inappropriate ioctl for device
Diff for ./tegra124-jetson-tk1/tegra124-jetson-tk1/tegra_defconfig_log.txt
--- /tmp/fooa	2017-03-12 15:16:31.837930950 -0700
+++ /tmp/foob	2017-03-12 15:16:31.841930966 -0700
@@ -32,9 +32,9 @@
 	 #################################################################
 	 #################################################################
 	 ######################################################
-	 3.9 MiB/s
+	 4 MiB/s
 done
-Bytes transferred = 5557856 (54ce60 hex)
+Bytes transferred = 5559488 (54d4c0 hex)
 Tegra124 (Jetson TK1) # tftpboot 0x83000000 tegra124-jetson-tk1.dtb
 Using eth_rtl8169 device
 TFTP from server 192.168.100.1; our IP address is 192.168.100.102
@@ -45,7 +45,7 @@
 done
 Bytes transferred = 67133 (1063d hex)
 Tegra124 (Jetson TK1) # bootz 0x82000000 - 0x83000000
-Kernel image @ 0x82000000 [ 0x000000 - 0x54ce60 ]
+Kernel image @ 0x82000000 [ 0x000000 - 0x54d4c0 ]
 ## Flattened Device Tree blob at 83000000
    Booting using the fdt blob at 0x83000000
    Using Device Tree in place at 83000000, end 8301363c
@@ -54,7 +54,7 @@
 
 Uncompressing Linux... done, booting the kernel.
 Booting Linux on physical CPU 0x0
-Linux version 4.11.0-rc1-155019-gc1ae3cf (pwalmsley@kaivo) (gcc version 4.7.3 20130328 (prerelease) (crosstool-NG linaro-1.13.1-4.7-2013.04-20130415 - Linaro GCC 2013.04) ) #1 SMP PREEMPT Sun Mar 5 13:36:08 PST 2017
+Linux version 4.11.0-rc2-155355-g4495c08 (pwalmsley@kaivo) (gcc version 4.7.3 20130328 (prerelease) (crosstool-NG linaro-1.13.1-4.7-2013.04-20130415 - Linaro GCC 2013.04) ) #1 SMP PREEMPT Sun Mar 12 15:04:54 PDT 2017
 CPU: ARMv7 Processor [413fc0f3] revision 3 (ARMv7), cr=10c5387d
 CPU: div instructions available: patching division code
 CPU: PIPT / VIPT nonaliasing data cache, PIPT instruction cache
@@ -64,13 +64,13 @@
 cma: Reserved 64 MiB at 0xfbc00000
 Memory policy: Data cache writealloc
 On node 0 totalpages: 524032
-free_area_init_node: node 0, pgdat c0d5de00, node_mem_map eeff7000
+free_area_init_node: node 0, pgdat c0d5de40, node_mem_map eeff7000
   Normal zone: 1536 pages used for memmap
   Normal zone: 0 pages reserved
   Normal zone: 196608 pages, LIFO batch:31
   HighMem zone: 327424 pages, LIFO batch:31
-percpu: Embedded 16 pages/cpu @eef85000 s34240 r8192 d23104 u65536
-pcpu-alloc: s34240 r8192 d23104 u65536 alloc=16*4096
+percpu: Embedded 16 pages/cpu @eef85000 s34368 r8192 d22976 u65536
+pcpu-alloc: s34368 r8192 d22976 u65536 alloc=16*4096
 pcpu-alloc: [0] 0 [0] 1 [0] 2 [0] 3 
 Built 1 zonelists in Zone order, mobility grouping on.  Total pages: 522496
 Kernel command line: ignore_loglevel console=ttyS0,115200n8 rw root=PARTUUID=b1791faa-84e8-4e27-83a1-9fb0a77e8803 rootwait gpt debug noinitrd earlyprintk init=/bin/bash
@@ -87,8 +87,8 @@
     modules : 0xbf000000 - 0xbfe00000   (  14 MB)
       .text : 0xc0008000 - 0xc0900000   (9184 kB)
       .init : 0xc0c00000 - 0xc0d00000   (1024 kB)
-      .data : 0xc0d00000 - 0xc0d5f2e0   ( 381 kB)
-       .bss : 0xc0d61000 - 0xc0dad50c   ( 306 kB)
+      .data : 0xc0d00000 - 0xc0d5f320   ( 381 kB)
+       .bss : 0xc0d61000 - 0xc0dad40c   ( 306 kB)
 Preemptible hierarchical RCU implementation.
 	Build-time adjustment of leaf fanout to 32.
 NR_IRQS:16 nr_irqs:16 16
@@ -408,6 +408,7 @@
 pci 0000:02:00.0: reg 0x20: [mem 0x00000000-0x00003fff 64bit pref]
 pci 0000:02:00.0: supports D1 D2
 pci 0000:02:00.0: PME# supported from D0 D1 D2 D3hot D3cold
+ mmcblk1: p1 p2 p3
 PCI: bus2: Fast back to back transfers disabled
 pci_bus 0000:02: busn_res: [bus 02-ff] end is updated to 02
 pci 0000:00:01.0: BAR 8: assigned [mem 0x13000000-0x130fffff]
@@ -432,14 +433,13 @@
 pcieport 0000:00:02.0: Signaling PME with IRQ 394
 r8169 Gigabit Ethernet driver 2.3LK-NAPI loaded
 r8169 0000:02:00.0: enabling device (0140 -> 0143)
-r8169 0000:02:00.0 eth0: RTL8168g/8111g at 0xf0af7000, 00:04:4b:3a:d9:81, XID 0c000800 IRQ 395
+r8169 0000:02:00.0 eth0: RTL8168g/8111g at 0xf0c01000, 00:04:4b:3a:d9:81, XID 0c000800 IRQ 395
 r8169 0000:02:00.0 eth0: jumbo features [frames: 9200 bytes, tx checksumming: ko]
 +1.05V_RUN_AVDD_HDMI_PLL: supplied by +1.05V_RUN
 [drm] Supports vblank timestamp caching Rev 2 (21.10.2013).
 [drm] No driver support for vblank timestamp query.
-[drm] Cannot find any crtc or sizes - going 1024x768
- mmcblk1: p1 p2 p3
-Console: switching to colour frame buffer device 128x48
+tegra-hdmi 54280000.hdmi: cannot set audio to 48000 Hz at 297000000 Hz pixel clock
+Console: switching to colour frame buffer device 512x135
 drm drm: fb0:  frame buffer device
 [drm] Initialized tegra 0.0.0 20120330 for drm on minor 0
 of: dev_pm_opp_of_cpumask_add_table: couldn't find opp table for cpu:0, -19
Diff for ./tegra124-nyan-big/tegra124-nyan-big/multi_v7_defconfig_log.txt
--- /tmp/fooa	2017-03-12 15:16:31.849930998 -0700
+++ /tmp/foob	2017-03-12 15:16:31.849930998 -0700
@@ -5,7 +5,7 @@
 TEGRA124
 Model: Acer Chromebook 13 CB5-311
 DRAM:  4 GiB
-:   Tegra SD/MMC: 0, Tegra SD/MMC: 1, Tegra SD/MMC: 2
+C:   Tegra SD/MMC: 0, Tegra SD/MMC: 1, Tegra SD/MMC: 2
 MMC init failed
 Using default environment
 
@@ -14,7 +14,7 @@
 Err:   serial
 Net:   Net Initialization Skipped
 No ethernet found.
-Hit any key to stop autoboot:  2  1  0 
+Hit any key to stop autoboot:  2  0 
 Tegra124 (Nyan-big) # 
 Tegra124 (Nyan-big) # usb start
 starting USB...
@@ -42,20 +42,20 @@
 	 #################################################################
 	 #################################################################
 	 ###########################################################
-	 3.5 MiB/s
+	 3.6 MiB/s
 done
-Bytes transferred = 7537352 (7302c8 hex)
+Bytes transferred = 7535296 (72fac0 hex)
 Tegra124 (Nyan-big) # tftpboot 0x83000000 tegra124-nyan-big.dtb
 Using asx0 device
 TFTP from server 192.168.100.1; our IP address is 192.168.100.102
 Filename 'tegra124-nyan-big.dtb'.
 Load address: 0x83000000
 Loading: *#####
-	 3.4 MiB/s
+	 3.2 MiB/s
 done
 Bytes transferred = 68155 (10a3b hex)
 Tegra124 (Nyan-big) # bootz 0x82000000 - 0x83000000
-Kernel image @ 0x82000000 [ 0x000000 - 0x7302c8 ]
+Kernel image @ 0x82000000 [ 0x000000 - 0x72fac0 ]
 ## Flattened Device Tree blob at 83000000
    Booting using the fdt blob at 0x83000000
    Using Device Tree in place at 83000000, end 83013a3a
@@ -63,7 +63,7 @@
 Starting kernel ...
 
 Booting Linux on physical CPU 0x0
-Linux version 4.11.0-rc1-155019-gc1ae3cf (pwalmsley@sellafield) (gcc version 4.7.3 20130328 (prerelease) (crosstool-NG linaro-1.13.1-4.7-2013.04-20130415 - Linaro GCC 2013.04) ) #1 SMP Sun Mar 5 13:36:32 PST 2017
+Linux version 4.11.0-rc2-155355-g4495c08 (pwalmsley@sellafield) (gcc version 4.7.3 20130328 (prerelease) (crosstool-NG linaro-1.13.1-4.7-2013.04-20130415 - Linaro GCC 2013.04) ) #1 SMP Sun Mar 12 15:05:38 PDT 2017
 CPU: ARMv7 Processor [413fc0f3] revision 3 (ARMv7), cr=10c5387d
 CPU: div instructions available: patching division code
 CPU: PIPT / VIPT nonaliasing data cache, PIPT instruction cache
@@ -80,8 +80,8 @@
   DMA zone: 0 pages reserved
   DMA zone: 196608 pages, LIFO batch:31
   HighMem zone: 327679 pages, LIFO batch:31
-percpu: Embedded 16 pages/cpu @eef85000 s34304 r8192 d23040 u65536
-pcpu-alloc: s34304 r8192 d23040 u65536 alloc=16*4096
+percpu: Embedded 16 pages/cpu @eef85000 s34432 r8192 d22912 u65536
+pcpu-alloc: s34432 r8192 d22912 u65536 alloc=16*4096
 pcpu-alloc: [0] 0 [0] 1 [0] 2 [0] 3 
 Built 1 zonelists in Zone order, mobility grouping on.  Total pages: 522751
 Kernel command line: ignore_loglevel console=ttyS0,115200n8 rw root=PARTUUID=4d36e82a-b3c0-4b4b-bfcd-afe5217ac023 rootwait gpt debug noinitrd earlyprintk init=/bin/bash
@@ -99,7 +99,7 @@
       .text : 0xc0208000 - 0xc0d00000   (11232 kB)
       .init : 0xc1200000 - 0xc1400000   (2048 kB)
       .data : 0xc1400000 - 0xc1539aa0   (1255 kB)
-       .bss : 0xc153b000 - 0xc15c13b8   ( 537 kB)
+       .bss : 0xc153b000 - 0xc15c12b8   ( 537 kB)
 SLUB: HWalign=64, Order=0-3, MinObjects=0, CPUs=4, Nodes=1
 Hierarchical RCU implementation.
 	RCU debugfs-based tracing is enabled.
@@ -362,7 +362,7 @@
 drm drm: fb0:  frame buffer device
 [drm] Initialized tegra 0.0.0 20120330 for drm on minor 0
 input: gpio-keys as /devices/soc0/gpio-keys/input/input1
-as3722-rtc as3722-rtc: setting system clock to 2000-01-01 00:00:24 UTC (946684824)
+as3722-rtc as3722-rtc: setting system clock to 2000-01-01 00:01:12 UTC (946684872)
 +1.8V_RUN_CAM: disabling
 +3.3V_RUN_CAM: disabling
 +1.2V_RUN_CAM_FRONT: disabling
Diff for ./tegra124-nyan-big/tegra124-nyan-big/tegra_defconfig_log.txt
--- /tmp/fooa	2017-03-12 15:16:31.857931030 -0700
+++ /tmp/foob	2017-03-12 15:16:31.857931030 -0700
@@ -14,7 +14,7 @@
 Err:   serial
 Net:   Net Initialization Skipped
 No ethernet found.
-Hit any key to stop autoboot:  2  0 
+Hit any key to stop autoboot:  2  1  0 
 Tegra124 (Nyan-big) # 
 Tegra124 (Nyan-big) # usb start
 starting USB...
@@ -35,14 +35,16 @@
 Filename 'zImage.tegra_defconfig'.
 Load address: 0x82000000
 Loading: *#################################################################
-	 #################################################################
+	 #############################################EHCI timed out on TD - token=0x8008d80
+T EHCI timed out on TD - token=0x8008d80
+T ####################
 	 #################################################################
 	 #################################################################
 	 #################################################################
 	 ######################################################
-	 3.6 MiB/s
+	 471.7 KiB/s
 done
-Bytes transferred = 5557856 (54ce60 hex)
+Bytes transferred = 5559488 (54d4c0 hex)
 Tegra124 (Nyan-big) # tftpboot 0x83000000 tegra124-nyan-big.dtb
 Using asx0 device
 TFTP from server 192.168.100.1; our IP address is 192.168.100.102
@@ -53,7 +55,7 @@
 done
 Bytes transferred = 68155 (10a3b hex)
 Tegra124 (Nyan-big) # bootz 0x82000000 - 0x83000000
-Kernel image @ 0x82000000 [ 0x000000 - 0x54ce60 ]
+Kernel image @ 0x82000000 [ 0x000000 - 0x54d4c0 ]
 ## Flattened Device Tree blob at 83000000
    Booting using the fdt blob at 0x83000000
    Using Device Tree in place at 83000000, end 83013a3a
@@ -62,7 +64,7 @@
 
 Uncompressing Linux... done, booting the kernel.
 Booting Linux on physical CPU 0x0
-Linux version 4.11.0-rc1-155019-gc1ae3cf (pwalmsley@kaivo) (gcc version 4.7.3 20130328 (prerelease) (crosstool-NG linaro-1.13.1-4.7-2013.04-20130415 - Linaro GCC 2013.04) ) #1 SMP PREEMPT Sun Mar 5 13:36:08 PST 2017
+Linux version 4.11.0-rc2-155355-g4495c08 (pwalmsley@kaivo) (gcc version 4.7.3 20130328 (prerelease) (crosstool-NG linaro-1.13.1-4.7-2013.04-20130415 - Linaro GCC 2013.04) ) #1 SMP PREEMPT Sun Mar 12 15:04:54 PDT 2017
 CPU: ARMv7 Processor [413fc0f3] revision 3 (ARMv7), cr=10c5387d
 CPU: div instructions available: patching division code
 CPU: PIPT / VIPT nonaliasing data cache, PIPT instruction cache
@@ -73,13 +75,13 @@
 cma: Reserved 64 MiB at 0xfbc00000
 Memory policy: Data cache writealloc
 On node 0 totalpages: 524287
-free_area_init_node: node 0, pgdat c0d5de00, node_mem_map eeff7000
+free_area_init_node: node 0, pgdat c0d5de40, node_mem_map eeff7000
   Normal zone: 1536 pages used for memmap
   Normal zone: 0 pages reserved
   Normal zone: 196608 pages, LIFO batch:31
   HighMem zone: 327679 pages, LIFO batch:31
-percpu: Embedded 16 pages/cpu @eef84000 s34240 r8192 d23104 u65536
-pcpu-alloc: s34240 r8192 d23104 u65536 alloc=16*4096
+percpu: Embedded 16 pages/cpu @eef84000 s34368 r8192 d22976 u65536
+pcpu-alloc: s34368 r8192 d22976 u65536 alloc=16*4096
 pcpu-alloc: [0] 0 [0] 1 [0] 2 [0] 3 
 Built 1 zonelists in Zone order, mobility grouping on.  Total pages: 522751
 Kernel command line: ignore_loglevel console=ttyS0,115200n8 rw root=PARTUUID=4d36e82a-b3c0-4b4b-bfcd-afe5217ac023 rootwait gpt debug noinitrd earlyprintk init=/bin/bash
@@ -96,8 +98,8 @@
     modules : 0xbf000000 - 0xbfe00000   (  14 MB)
       .text : 0xc0008000 - 0xc0900000   (9184 kB)
       .init : 0xc0c00000 - 0xc0d00000   (1024 kB)
-      .data : 0xc0d00000 - 0xc0d5f2e0   ( 381 kB)
-       .bss : 0xc0d61000 - 0xc0dad50c   ( 306 kB)
+      .data : 0xc0d00000 - 0xc0d5f320   ( 381 kB)
+       .bss : 0xc0d61000 - 0xc0dad40c   ( 306 kB)
 Preemptible hierarchical RCU implementation.
 	Build-time adjustment of leaf fanout to 32.
 NR_IRQS:16 nr_irqs:16 16
@@ -356,6 +358,7 @@
 mmc2: SDHCI controller on 700b0400.sdhci [700b0400.sdhci] using ADMA
 [drm] Supports vblank timestamp caching Rev 2 (21.10.2013).
 [drm] No driver support for vblank timestamp query.
+input: tegra-hda HDMI/DP,pcm=3 as /devices/soc0/70030000.hda/sound/card0/input3
 usb 1-2: new high-speed USB device number 2 using tegra-xusb
 mmc2: new high speed SDHC card at address 0007
 mmcblk2: mmc2:0007 SD08G 7.42 GiB 
@@ -365,12 +368,11 @@
 GPT:3014591 != 15564799
 GPT: Use GNU Parted to correct GPT errors.
  mmcblk2: p1 p2 p3 p4 p5 p6 p7 p8 p9 p10 p11 p12
-input: tegra-hda HDMI/DP,pcm=3 as /devices/soc0/70030000.hda/sound/card0/input3
 Console: switching to colour frame buffer device 170x48
 drm drm: fb0:  frame buffer device
 [drm] Initialized tegra 0.0.0 20120330 for drm on minor 0
 input: gpio-keys as /devices/soc0/gpio-keys/input/input4
-as3722-rtc as3722-rtc: setting system clock to 2000-01-01 00:00:23 UTC (946684823)
+as3722-rtc as3722-rtc: setting system clock to 2000-01-01 00:00:33 UTC (946684833)
 +1.8V_RUN_CAM: disabling
 +1.2V_RUN_CAM_FRONT: disabling
 +1.05V_RUN_CAM_REAR: disabling
@@ -384,12 +386,12 @@
 EXT4-fs (mmcblk0p3): couldn't mount as ext3 due to feature incompatibilities
 uvcvideo: Found UVC 1.00 device HD WebCam (1bcf:2c67)
 input: HD WebCam as /devices/soc0/70090000.usb/usb1/1-2/1-2:1.0/input/input5
+usb 1-3: new high-speed USB device number 3 using tegra-xusb
 EXT4-fs (mmcblk0p3): recovery complete
 EXT4-fs (mmcblk0p3): mounted filesystem with ordered data mode. Opts: (null)
 VFS: Mounted root (ext4 filesystem) on device 179:3.
 devtmpfs: mounted
 Freeing unused kernel memory: 1024K
-usb 1-3: new high-speed USB device number 3 using tegra-xusb
 bash: cannot set terminal process group (-1): Inappropriate ioctl for device
 bash: no job control in this shell
 root@(none):/# 
\ No newline at end of file
Diff for ./tegra132-norrin/tegra132-norrin/defconfig_log.txt
--- /tmp/fooa	2017-03-12 15:16:31.881931126 -0700
+++ /tmp/foob	2017-03-12 15:16:31.885931142 -0700
@@ -31,7 +31,7 @@
 MSENC clock is set to  79200 KHz
 Vde clock is set to 204000 KHz
 
-Bootloader-Cpu Init at (time stamp): 1800661 us
+Bootloader-Cpu Init at (time stamp): 1800549 us
 
 Pinmux changes applied in kernel way
 
@@ -62,20 +62,20 @@
 Board Id Read Time: 3 us
 Power Rail enable Time: 1 us
 
-Miscellaneous avp time: 1800635  us
-Bootloader (AosInit) time: 733476 us
-Bootloader Main Init time: 180255 us
-BlockDevMgrInit time: 157516 us
-PartMgrInit time: 8 us
+Miscellaneous avp time: 1800523  us
+Bootloader (AosInit) time: 733483 us
+Bootloader Main Init time: 180202 us
+BlockDevMgrInit time: 157526 us
+PartMgrInit time: 9 us
 StorMgrInit time: 30 us
 FsMgrInit time: 2 us
-Partition Table load: 77038 us 
-Display init time: 574463 us
+Partition Table load: 77054 us 
+Display init time: 574666 us
 Kernel read time: 378 msec
 Load Kernel Size:   16304128 Bytes
 Bl Kernel ReadSpeed: 43132000 Bytes/sec
-Pre-Kernel Jump time: 1740343 us
-Clearing 32 Bit State and Warm resetting to 64bit mode: 5844481 us
+Pre-Kernel Jump time: 1740631 us
+Clearing 32 Bit State and Warm resetting to 64bit mode: 5844755 us
 Booting Linux on physical CPU 0x0
 Linux version 4.8.0-239303-g3477d16 (pwalmsley@tamien) (gcc version 4.9.2 20140904 (prerelease) (crosstool-NG linaro-1.13.1-4.9-2014.09 - Linaro GCC 4.9-2014.09) ) #1 SMP PREEMPT Fri Oct 7 01:12:37 PDT 2016
 Boot CPU: AArch64 Processor [4e0f0000]
@@ -184,7 +184,7 @@
 kvm [1]: HYP mode not available
 futex hash table entries: 256 (order: 3, 32768 bytes)
 audit: initializing netlink subsys (disabled)
-audit: type=2000 audit(1.155:1): initialized
+audit: type=2000 audit(1.135:1): initialized
 workingset: timestamp_bits=46 max_order=19 bucket_order=0
 squashfs: version 4.0 (2009/01/31) Phillip Lougher
 NFS: Registering the id_resolver key type
Diff for ./tegra20-trimslice/tegra20-trimslice/multi_v7_defconfig_log.txt
--- /tmp/fooa	2017-03-12 15:16:31.889931158 -0700
+++ /tmp/foob	2017-03-12 15:16:31.893931174 -0700
@@ -47,9 +47,9 @@
 	 #################################################################
 	 #################################################################
 	 ###########################################################
-	 4 MiB/s
+	 3.9 MiB/s
 done
-Bytes transferred = 7537352 (7302c8 hex)
+Bytes transferred = 7535296 (72fac0 hex)
 Tegra20 (TrimSlice) # tftpboot 0x02408000 tegra20-trimslice.dtb
 Using RTL8169#0 device
 TFTP from server 192.168.100.1; our IP address is 192.168.100.103
@@ -60,7 +60,7 @@
 done
 Bytes transferred = 21426 (53b2 hex)
 Tegra20 (TrimSlice) # bootz 0x00408000 - 0x02408000
-Kernel image @ 0x408000 [ 0x000000 - 0x7302c8 ]
+Kernel image @ 0x408000 [ 0x000000 - 0x72fac0 ]
 ## Flattened Device Tree blob at 02408000
    Booting using the fdt blob at 0x2408000
    Using Device Tree in place at 02408000, end 024103b1
@@ -68,7 +68,7 @@
 Starting kernel ...
 
 Booting Linux on physical CPU 0x0
-Linux version 4.11.0-rc1-155019-gc1ae3cf (pwalmsley@sellafield) (gcc version 4.7.3 20130328 (prerelease) (crosstool-NG linaro-1.13.1-4.7-2013.04-20130415 - Linaro GCC 2013.04) ) #1 SMP Sun Mar 5 13:36:32 PST 2017
+Linux version 4.11.0-rc2-155355-g4495c08 (pwalmsley@sellafield) (gcc version 4.7.3 20130328 (prerelease) (crosstool-NG linaro-1.13.1-4.7-2013.04-20130415 - Linaro GCC 2013.04) ) #1 SMP Sun Mar 12 15:05:38 PDT 2017
 CPU: ARMv7 Processor [411fc090] revision 0 (ARMv7), cr=10c5387d
 CPU: PIPT / VIPT nonaliasing data cache, VIPT aliasing instruction cache
 OF: fdt: Machine model: Compulab TrimSlice board
@@ -83,8 +83,8 @@
   DMA zone: 0 pages reserved
   DMA zone: 196608 pages, LIFO batch:31
   HighMem zone: 65536 pages, LIFO batch:15
-percpu: Embedded 16 pages/cpu @ef7c6000 s34304 r8192 d23040 u65536
-pcpu-alloc: s34304 r8192 d23040 u65536 alloc=16*4096
+percpu: Embedded 16 pages/cpu @ef7c6000 s34432 r8192 d22912 u65536
+pcpu-alloc: s34432 r8192 d22912 u65536 alloc=16*4096
 pcpu-alloc: [0] 0 [0] 1 
 Built 1 zonelists in Zone order, mobility grouping on.  Total pages: 260608
 Kernel command line: ignore_loglevel console=ttyS0,115200n8 rw root=PARTUUID=11eb23c1-01 rootwait gpt debug noinitrd earlyprintk init=/bin/bash
@@ -102,7 +102,7 @@
       .text : 0xc0208000 - 0xc0d00000   (11232 kB)
       .init : 0xc1200000 - 0xc1400000   (2048 kB)
       .data : 0xc1400000 - 0xc1539aa0   (1255 kB)
-       .bss : 0xc153b000 - 0xc15c13b8   ( 537 kB)
+       .bss : 0xc153b000 - 0xc15c12b8   ( 537 kB)
 SLUB: HWalign=64, Order=0-3, MinObjects=0, CPUs=2, Nodes=1
 Hierarchical RCU implementation.
 	RCU debugfs-based tracing is enabled.
Diff for ./tegra20-trimslice/tegra20-trimslice/tegra_defconfig_log.txt
--- /tmp/fooa	2017-03-12 15:16:31.905931222 -0700
+++ /tmp/foob	2017-03-12 15:16:31.909931238 -0700
@@ -47,7 +47,7 @@
 	 ######################################################
 	 4 MiB/s
 done
-Bytes transferred = 5557856 (54ce60 hex)
+Bytes transferred = 5559488 (54d4c0 hex)
 Tegra20 (TrimSlice) # tftpboot 0x02408000 tegra20-trimslice.dtb
 Using RTL8169#0 device
 TFTP from server 192.168.100.1; our IP address is 192.168.100.103
@@ -58,7 +58,7 @@
 done
 Bytes transferred = 21426 (53b2 hex)
 Tegra20 (TrimSlice) # bootz 0x00408000 - 0x02408000
-Kernel image @ 0x408000 [ 0x000000 - 0x54ce60 ]
+Kernel image @ 0x408000 [ 0x000000 - 0x54d4c0 ]
 ## Flattened Device Tree blob at 02408000
    Booting using the fdt blob at 0x2408000
    Using Device Tree in place at 02408000, end 024103b1
@@ -67,7 +67,7 @@
 
 Uncompressing Linux... done, booting the kernel.
 Booting Linux on physical CPU 0x0
-Linux version 4.11.0-rc1-155019-gc1ae3cf (pwalmsley@kaivo) (gcc version 4.7.3 20130328 (prerelease) (crosstool-NG linaro-1.13.1-4.7-2013.04-20130415 - Linaro GCC 2013.04) ) #1 SMP PREEMPT Sun Mar 5 13:36:08 PST 2017
+Linux version 4.11.0-rc2-155355-g4495c08 (pwalmsley@kaivo) (gcc version 4.7.3 20130328 (prerelease) (crosstool-NG linaro-1.13.1-4.7-2013.04-20130415 - Linaro GCC 2013.04) ) #1 SMP PREEMPT Sun Mar 12 15:04:54 PDT 2017
 CPU: ARMv7 Processor [411fc090] revision 0 (ARMv7), cr=10c5387d
 CPU: PIPT / VIPT nonaliasing data cache, VIPT aliasing instruction cache
 OF: fdt: Machine model: Compulab TrimSlice board
@@ -76,13 +76,13 @@
 cma: Reserved 64 MiB at 0x3c000000
 Memory policy: Data cache writealloc
 On node 0 totalpages: 262144
-free_area_init_node: node 0, pgdat c0d5de00, node_mem_map ef7f7000
+free_area_init_node: node 0, pgdat c0d5de40, node_mem_map ef7f7000
   Normal zone: 1536 pages used for memmap
   Normal zone: 0 pages reserved
   Normal zone: 196608 pages, LIFO batch:31
   HighMem zone: 65536 pages, LIFO batch:15
-percpu: Embedded 16 pages/cpu @ef7c5000 s34240 r8192 d23104 u65536
-pcpu-alloc: s34240 r8192 d23104 u65536 alloc=16*4096
+percpu: Embedded 16 pages/cpu @ef7c5000 s34368 r8192 d22976 u65536
+pcpu-alloc: s34368 r8192 d22976 u65536 alloc=16*4096
 pcpu-alloc: [0] 0 [0] 1 
 Built 1 zonelists in Zone order, mobility grouping on.  Total pages: 260608
 Kernel command line: ignore_loglevel console=ttyS0,115200n8 rw root=PARTUUID=11eb23c1-01 rootwait gpt debug noinitrd earlyprintk init=/bin/bash
@@ -99,8 +99,8 @@
     modules : 0xbf000000 - 0xbfe00000   (  14 MB)
       .text : 0xc0008000 - 0xc0900000   (9184 kB)
       .init : 0xc0c00000 - 0xc0d00000   (1024 kB)
-      .data : 0xc0d00000 - 0xc0d5f2e0   ( 381 kB)
-       .bss : 0xc0d61000 - 0xc0dad50c   ( 306 kB)
+      .data : 0xc0d00000 - 0xc0d5f320   ( 381 kB)
+       .bss : 0xc0d61000 - 0xc0dad40c   ( 306 kB)
 Preemptible hierarchical RCU implementation.
 	Build-time adjustment of leaf fanout to 32.
 	RCU restricting CPUs from NR_CPUS=4 to nr_cpu_ids=2.
@@ -313,16 +313,18 @@
 tlv320aic23-codec 2-001a: ASoC: Failed to add route MICIN -> NULL -> Mic Input
 tegra-snd-trimslice sound: tlv320aic23-hifi <-> 70002800.i2s mapping ok
 NET: Registered protocol family 10
+Segment Routing with IPv6
 mmc0: host does not support reading read-only switch, assuming write-enable
 usb 1-1: new high-speed USB device number 2 using tegra-ehci
 mmc0: new high speed SDHC card at address b368
 mmcblk0: mmc0:b368 NCard 3.70 GiB 
  mmcblk0: p1
-mmc1: new high speed SD card at address b368
-Segment Routing with IPv6
 mip6: Mobile IPv6
 sit: IPv6, IPv4 and MPLS over IPv4 tunneling driver
+mmc1: new high speed SD card at address b368
+mmcblk1: mmc1:b368 NCard 1.83 GiB (ro)
 NET: Registered protocol family 17
+ mmcblk1: p1 p2
 NET: Registered protocol family 15
 can: controller area network core (rev 20120528 abi 9)
 NET: Registered protocol family 29
@@ -341,17 +343,15 @@
 tegra-ehci c5000000.usb: EHCI Host Controller
 tegra-ehci c5000000.usb: new USB bus registered, assigned bus number 2
 tegra-ehci c5000000.usb: irq 288, io mem 0xc5000000
-mmcblk1: mmc1:b368 NCard 1.83 GiB (ro)
- mmcblk1: p1 p2
 tegra-ehci c5000000.usb: USB 2.0 started, EHCI 1.00
 hub 2-0:1.0: USB hub found
 hub 2-0:1.0: 1 port detected
+hub 1-1:1.0: USB hub found
+hub 1-1:1.0: 4 ports detected
 input: gpio-keys as /devices/soc0/gpio-keys/input/input0
 rtc-em3027 2-0056: hctosys: unable to read the hardware clock
 ALSA device list:
   #0: tegra-trimslice
-hub 1-1:1.0: USB hub found
-hub 1-1:1.0: 4 ports detected
 EXT4-fs (mmcblk0p1): mounting ext3 file system using the ext4 subsystem
 usb 1-1.2: new high-speed USB device number 3 using tegra-ehci
 random: fast init done
Diff for ./tegra210-p2371-0000/tegra210-p2371-0000/defconfig_log.txt
--- /tmp/fooa	2017-03-12 15:16:31.913931254 -0700
+++ /tmp/foob	2017-03-12 15:16:31.917931270 -0700
@@ -64,17 +64,17 @@
 Loading and Validation of Secure OS Successful
 NvTbootPackSdramParams: start. 
 NvTbootPackSdramParams: done. 
-Tegraboot started after 802084 us
-Basic modules init took 348506 us
+Tegraboot started after 766641 us
+Basic modules init took 348713 us
 Sec Bootdevice Read Time = 202 ms, Read Size = 8459 KB
-Next stage binary read took 14368 us
-Carveout took 252793 us
-CPU initialization took 92304 us
-Total time taken by TegraBoot 707971 us
+Next stage binary read took 14387 us
+Carveout took 252722 us
+CPU initialization took 92324 us
+Total time taken by TegraBoot 708146 us
 
 Starting CPU & Halting co-processor 
 
-64b[0001.639] LPDDR4 Training: Number of tables = 10
+64b[0001.605] LPDDR4 Training: Number of tables = 10
 EMC Training (SRC-freq: 204000; DST-freq: 408000)
 EMC Training Successful
 EMC Training (SRC-freq: 204000; DST-freq: 665600)
@@ -104,11 +104,11 @@
 Err:   serial
 Net:   Net Initialization Skipped
 No ethernet found.
-Hit any key to stop autoboot:  2  1  0 
+Hit any key to stop autoboot:  2  0 
 Tegra210 (P2371-0000) # 
 Tegra210 (P2371-0000) # ums 0 mmc 0
 UMS: disk start sector: 0x0, count: 0x1d5a000
-|/-\|/-\/-\|/-\/-\|/-\/-\|/-\/-\|/-\/-\|/-\/-\|/-\/-\|/-\/-\|CTRL+C - Operation aborted
+|/-\|/-\/-\|/-\/-\|/-\/-\|/-\/-\|/-\/-\|/-\/-\|/-\/-\|/-\/-\|/-\/-\|/-\/-\|/-\/-\CTRL+C - Operation aborted
 Tegra210 (P2371-0000) # 
 Tegra210 (P2371-0000) # env set fdt_copy_node_names /cpus:/psci
 Tegra210 (P2371-0000) # setenv rootpart 1
@@ -119,7 +119,7 @@
 Tegra210 (P2371-0000) # load ${devtype} ${devnum}:${rootpart} ${kernel_addr_r} /boot/Image.defconfig
 15337984 bytes read in 803 ms (18.2 MiB/s)
 Tegra210 (P2371-0000) # load ${devtype} ${devnum}:${rootpart} ${fdt_addr_r} /boot/tegra210-p2371-0000.dtb
-44882 bytes read in 460 ms (94.7 KiB/s)
+44882 bytes read in 465 ms (93.8 KiB/s)
 Tegra210 (P2371-0000) # load ${devtype} ${devnum}:${rootpart} ${ramdisk_addr_r} /boot/tegra-ramdisk.img
 1627787 bytes read in 495 ms (3.1 MiB/s)
 Tegra210 (P2371-0000) # ramdisk_size=${filesize}
@@ -131,7 +131,7 @@
 Starting kernel ...
 
 Booting Linux on physical CPU 0x0
-Linux version 4.11.0-rc1-179452-gc1ae3cf (pwalmsley@tamien) (gcc version 4.9.2 20140904 (prerelease) (crosstool-NG linaro-1.13.1-4.9-2014.09 - Linaro GCC 4.9-2014.09) ) #1 SMP PREEMPT Sun Mar 5 13:40:14 PST 2017
+Linux version 4.11.0-rc2-179788-g4495c08 (pwalmsley@tamien) (gcc version 4.9.2 20140904 (prerelease) (crosstool-NG linaro-1.13.1-4.9-2014.09 - Linaro GCC 4.9-2014.09) ) #1 SMP PREEMPT Sun Mar 12 15:09:02 PDT 2017
 Boot CPU: AArch64 Processor [411fd071]
 debug: ignoring loglevel setting.
 earlycon: uart8250 at MMIO32 0x0000000070006000 (options '')
@@ -163,8 +163,8 @@
 psci: PSCIv0.2 detected in firmware.
 psci: Using standard PSCI v0.2 function IDs
 psci: MIGRATE_INFO_TYPE not supported.
-percpu: Embedded 23 pages/cpu @ffff8000bff4e000 s56832 r8192 d29184 u94208
-pcpu-alloc: s56832 r8192 d29184 u94208 alloc=23*4096
+percpu: Embedded 23 pages/cpu @ffff8000bff4e000 s56960 r8192 d29056 u94208
+pcpu-alloc: s56960 r8192 d29056 u94208 alloc=23*4096
 pcpu-alloc: [0] 0 [0] 1 [0] 2 [0] 3 
 Detected PIPT I-cache on CPU0
 CPU features: enabling workaround for ARM erratum 832075
@@ -174,7 +174,7 @@
 Kernel command line: ignore_loglevel console=ttyS0,115200n8 earlycon=uart8250,mmio32,0x70006000 rw root=PARTUUID=00000000-0001-0000-788f-a75600000000 rootwait debug earlyprintk init=/bin/bash
 PID hash table entries: 4096 (order: 3, 32768 bytes)
 software IO TLB [mem 0xfa000000-0xfe000000] (64MB) mapped at [ffff80007a000000-ffff80007dffffff]
-Memory: 2983716K/3131392K available (8700K kernel code, 962K rwdata, 4200K rodata, 1088K init, 395K bss, 131292K reserved, 16384K cma-reserved)
+Memory: 2983716K/3131392K available (8700K kernel code, 962K rwdata, 4204K rodata, 1088K init, 395K bss, 131292K reserved, 16384K cma-reserved)
 Virtual kernel memory layout:
     modules : 0xffff000000000000 - 0xffff000008000000   (   128 MB)
     vmalloc : 0xffff000008000000 - 0xffff7dffbfff0000   (129022 GB)
@@ -182,7 +182,7 @@
     .rodata : 0xffff000008900000 - 0xffff000008d20000   (  4224 KB)
       .init : 0xffff000008d20000 - 0xffff000008e30000   (  1088 KB)
       .data : 0xffff000008e30000 - 0xffff000008f20a00   (   963 KB)
-       .bss : 0xffff000008f20a00 - 0xffff000008f83738   (   396 KB)
+       .bss : 0xffff000008f20a00 - 0xffff000008f83638   (   396 KB)
     fixed   : 0xffff7dfffe7fd000 - 0xffff7dfffec00000   (  4108 KB)
     PCI I/O : 0xffff7dfffee00000 - 0xffff7dffffe00000   (    16 MB)
     vmemmap : 0xffff7e0000000000 - 0xffff800000000000   (  2048 GB maximum)
@@ -277,7 +277,7 @@
 kvm [1]: vgic interrupt IRQ1
 kvm [1]: virtual timer IRQ4
 audit: initializing netlink subsys (disabled)
-audit: type=2000 audit(0.535:1): state=initialized audit_enabled=0 res=1
+audit: type=2000 audit(0.527:1): state=initialized audit_enabled=0 res=1
 workingset: timestamp_bits=44 max_order=20 bucket_order=0
 squashfs: version 4.0 (2009/01/31) Phillip Lougher
 NFS: Registering the id_resolver key type
@@ -357,6 +357,6 @@
 devtmpfs: mounted
 Freeing unused kernel memory: 1088K
 bash: cannot set terminal process group (-1): Inappropriate ioctl for device
-bash: no job contr[    1.361598] random: fast init done
+bash: no job contr[    1.316072] random: fast init done
 ol in this shell
 root@(none):/# 
\ No newline at end of file
Diff for ./tegra210-smaug/tegra210-smaug/defconfig_log.txt
--- /tmp/fooa	2017-03-12 15:16:31.921931286 -0700
+++ /tmp/foob	2017-03-12 15:16:31.925931302 -0700
@@ -1,4 +1,8 @@
-5200n8')
+ch64 Processor [411fd071]
+efi: Getting EFI parameters from FDT:
+efi: UEFI not found.
+cma: Reserved 16 MiB at 0x00000000f5400000
+earlycon: uart0 at MMIO 0x0000000070006000 (options '115200n8')
 bootconsole [uart0] enabled
 NUMA: No NUMA configuration found
 NUMA: Faking a node at [mem 0x0000000000000000-0x000000013fffffff]
@@ -18,7 +22,7 @@
 psci: PSCIv1.0 detected in firmware.
 psci: Using standard PSCI v0.2 function IDs
 psci: MIGRATE_INFO_UP_CPU reported invalid physical ID (0x80000000)
-percpu: Embedded 23 pages/cpu @ffff8000bff42000 s56832 r8192 d29184 u94208
+percpu: Embedded 23 pages/cpu @ffff8000bff42000 s56960 r8192 d29056 u94208
 Detected PIPT I-cache on CPU0
 CPU features: enabling workaround for ARM erratum 832075
 CPU features: enabling workaround for ARM erratum 834220
@@ -27,7 +31,7 @@
 Kernel command line: cros_secure vpr=0x08000000@0xf6800000 earlycon
 PID hash table entries: 4096 (order: 3, 32768 bytes)
 software IO TLB [mem 0xf1400000-0xf5400000] (64MB) mapped at [ffff800071400000-ffff8000753fffff]
-Memory: 2837900K/2988032K available (8700K kernel code, 962K rwdata, 4200K rodata, 1088K init, 395K bss, 133748K reserved, 16384K cma-reserved)
+Memory: 2837900K/2988032K available (8700K kernel code, 962K rwdata, 4204K rodata, 1088K init, 395K bss, 133748K reserved, 16384K cma-reserved)
 Virtual kernel memory layout:
     modules : 0xffff000000000000 - 0xffff000008000000   (   128 MB)
     vmalloc : 0xffff000008000000 - 0xffff7dffbfff0000   (129022 GB)
@@ -35,7 +39,7 @@
     .rodata : 0xffff000008900000 - 0xffff000008d20000   (  4224 KB)
       .init : 0xffff000008d20000 - 0xffff000008e30000   (  1088 KB)
       .data : 0xffff000008e30000 - 0xffff000008f20a00   (   963 KB)
-       .bss : 0xffff000008f20a00 - 0xffff000008f83738   (   396 KB)
+       .bss : 0xffff000008f20a00 - 0xffff000008f83638   (   396 KB)
     fixed   : 0xffff7dfffe7fd000 - 0xffff7dfffec00000   (  4108 KB)
     PCI I/O : 0xffff7dfffee00000 - 0xffff7dffffe00000   (    16 MB)
     vmemmap : 0xffff7e0000000000 - 0xffff800000000000   (  2048 GB maximum)
@@ -64,7 +68,91 @@
  (comparison mask = 0xf8000000)
 boot misc2 0x0: expected 0xf400f0da
  (comparison mask = 0xffffffff)
-boot misc3 0x63e8: expected 0x2004f400
+boot misc3 0x64b8: expected 0x2004f400
+ (comparison mask = 0xffffffff)
+PLL_P already enabled. Postponing set full defaults
+PLL_X already enabled. Postponing set full defaults
+boot misc1 0x0: expected 0x20
+ (comparison mask = 0xffffff)
+arm_arch_timer: Architected cp15 timer(s) running at 19.20MHz (phys).
+clocksource: arch_sys_counter: mask: 0xffffffffffffff max_cycles: 0x46d987e47, max_idle_ns: 440795202767 ns
+sched_clock: 56 bits at 19MHz, resolution 52ns, wraps every 4398046511078ns
+Console: colour dummy device 80x25
+console [tty0] enabled
+bootconsole [uart0] disabled
+Booting Linux on physical CPU 0x0
+Linux version 4.11.0-rc2-179788-g4495c08 (pwalmsley@tamien) (gcc version 4.9.2 20140904 (prerelease) (crosstool-NG linaro-1.13.1-4.9-2014.09 - Linaro GCC 4.9-2014.09) ) #1 SMP PREEMPT Sun Mar 12 15:09:02 PDT 2017
+Boot CPU: AArch64 Processor [411fd071]
+efi: Getting EFI parameters from FDT:
+efi: UEFI not found.
+cma: Reserved 16 MiB at 0x00000000f5400000
+earlycon: uart0 at MMIO 0x0000000070006000 (options '115200n8')
+bootconsole [uart0] enabled
+NUMA: No NUMA configuration found
+NUMA: Faking a node at [mem 0x0000000000000000-0x000000013fffffff]
+NUMA: Adding memblock [0x80000000 - 0xf65fffff] on node 0
+NUMA: Adding memblock [0x100000000 - 0x13fffffff] on node 0
+NUMA: Initmem setup node 0 [mem 0x80000000-0x13fffffff]
+NUMA: NODE_DATA [mem 0x13ffa1400-0x13ffa2eff]
+Zone ranges:
+  DMA      [mem 0x0000000080000000-0x00000000ffffffff]
+  Normal   [mem 0x0000000100000000-0x000000013fffffff]
+Movable zone start for each node
+Early memory node ranges
+  node   0: [mem 0x0000000080000000-0x00000000f65fffff]
+  node   0: [mem 0x0000000100000000-0x000000013fffffff]
+Initmem setup node 0 [mem 0x0000000080000000-0x000000013fffffff]
+psci: probing for conduit method from DT.
+psci: PSCIv1.0 detected in firmware.
+psci: Using standard PSCI v0.2 function IDs
+psci: MIGRATE_INFO_UP_CPU reported invalid physical ID (0x80000000)
+percpu: Embedded 23 pages/cpu @ffff8000bff42000 s56960 r8192 d29056 u94208
+Detected PIPT I-cache on CPU0
+CPU features: enabling workaround for ARM erratum 832075
+CPU features: enabling workaround for ARM erratum 834220
+Built 1 zonelists in Node order, mobility grouping on.  Total pages: 735336
+Policy zone: Normal
+Kernel command line: cros_secure vpr=0x08000000@0xf6800000 earlycon
+PID hash table entries: 4096 (order: 3, 32768 bytes)
+software IO TLB [mem 0xf1400000-0xf5400000] (64MB) mapped at [ffff800071400000-ffff8000753fffff]
+Memory: 2837900K/2988032K available (8700K kernel code, 962K rwdata, 4204K rodata, 1088K init, 395K bss, 133748K reserved, 16384K cma-reserved)
+Virtual kernel memory layout:
+    modules : 0xffff000000000000 - 0xffff000008000000   (   128 MB)
+    vmalloc : 0xffff000008000000 - 0xffff7dffbfff0000   (129022 GB)
+      .text : 0xffff000008080000 - 0xffff000008900000   (  8704 KB)
+    .rodata : 0xffff000008900000 - 0xffff000008d20000   (  4224 KB)
+      .init : 0xffff000008d20000 - 0xffff000008e30000   (  1088 KB)
+      .data : 0xffff000008e30000 - 0xffff000008f20a00   (   963 KB)
+       .bss : 0xffff000008f20a00 - 0xffff000008f83638   (   396 KB)
+    fixed   : 0xffff7dfffe7fd000 - 0xffff7dfffec00000   (  4108 KB)
+    PCI I/O : 0xffff7dfffee00000 - 0xffff7dffffe00000   (    16 MB)
+    vmemmap : 0xffff7e0000000000 - 0xffff800000000000   (  2048 GB maximum)
+              0xffff7e0000000000 - 0xffff7e0003000000   (    48 MB actual)
+    memory  : 0xffff800000000000 - 0xffff8000c0000000   (  3072 MB)
+SLUB: HWalign=64, Order=0-3, MinObjects=0, CPUs=4, Nodes=1
+Preemptible hierarchical RCU implementation.
+	Build-time adjustment of leaf fanout to 64.
+	RCU restricting CPUs from NR_CPUS=64 to nr_cpu_ids=4.
+RCU: Adjusting geometry for rcu_fanout_leaf=64, nr_cpu_ids=4
+NR_IRQS:64 nr_irqs:64 0
+GIC: Using split EOI/Deactivate mode
+/interrupt-controller@60004000: 192 interrupts forwarded to /interrupt-controller@50041000
+boot misc0 0x0: expected 0x80000
+ (comparison mask = 0x400ffffb)
+boot misc2 0x1f720005: expected 0x1f720f05
+ (comparison mask = 0xffffff17)
+PLL_C already enabled. Postponing set full defaults
+PLL_MB already enabled. Postponing set full defaults
+PLL_U already enabled. Postponing set full defaults
+PLL_D already enabled. Postponing set full defaults
+PLL_DP already enabled. Postponing set full defaults
+boot misc0 0x0: expected 0x20
+ (comparison mask = 0x7ffffff)
+boot misc1 0x90000000: expected 0xc0000000
+ (comparison mask = 0xf8000000)
+boot misc2 0x0: expected 0xf400f0da
+ (comparison mask = 0xffffffff)
+boot misc3 0x64b8: expected 0x2004f400
  (comparison mask = 0xffffffff)
 PLL_P already enabled. Postponing set full defaults
 PLL_X already enabled. Postponing set full defaults
@@ -183,8 +271,8 @@
 PP2800L_RCAM: Bringing 3100000uV into 2800000-2800000uV
 PP1100_SOC_RTC: Bringing 1000000uV into 850000-850000uV
 PP2800L_FCAM: Bringing 3100000uV into 2800000-2800000uV
-random: fast init done
 PP_LDO6: Bringing 2800000uV into 1800000-1800000uV
+random: fast init done
 hisi_sas: driver version v1.6
 libphy: Fixed MDIO Bus: probed
 tun: Universal TUN/TAP device driver, 1.6
@@ -245,8 +333,10 @@
 mmcblk0: mmc0:0001 BGND3R 29.1 GiB 
 mmcblk0boot0: mmc0:0001 BGND3R partition 1 4.00 MiB
 mmcblk0boot1: mmc0:0001 BGND3R partition 2 4.00 MiB
-max77686-rtc max77620-rtc: setting system clock to 2000-12-15 03:07:34 UTC (976849654)
+max77686-rtc max77620-rtc: setting system clock to 2000-12-22 03:36:17 UTC (977456177)
 mmcblk0rpmb: mmc0:0001 BGND3R partition 3 4.00 MiB
+ mmcblk0: p1 p2 p3 p4 p5 p6 p7 p8 p9 p10 p11
+tegra-i2c 7000d100.i2c: could not find pctldev for node /host1x@50000000/dpaux@545c0000/pinmux-i2c, deferring probe
 PP1200_AVDD: disabling
 PP1200_RCAM: disabling
 PP2800L_RCAM: disabling
@@ -258,8 +348,6 @@
 ALSA device list:
   No soundcards found.
 Freeing unused kernel memory: 1088K
- mmcblk0: p1 p2 p3 p4 p5 p6 p7 p8 p9 p10 p11
-tegra-i2c 7000d100.i2c: could not find pctldev for node /host1x@50000000/dpaux@545c0000/pinmux-i2c, deferring probe
 
 System initialization...
 
Diff for ./tegra30-beaver/tegra30-beaver/multi_v7_defconfig_log.txt
--- /tmp/fooa	2017-03-12 15:16:31.933931334 -0700
+++ /tmp/foob	2017-03-12 15:16:31.933931334 -0700
@@ -39,20 +39,20 @@
 	 #################################################################
 	 #################################################################
 	 ###########################################################
-	 3.3 MiB/s
+	 3.2 MiB/s
 done
-Bytes transferred = 7537352 (7302c8 hex)
+Bytes transferred = 7535296 (72fac0 hex)
 Tegra30 (Beaver) # tftpboot 0x82000000 tegra30-beaver.dtb
 Using asx0 device
 TFTP from server 192.168.100.1; our IP address is 192.168.100.101
 Filename 'tegra30-beaver.dtb'.
 Load address: 0x82000000
 Loading: *####
-	 2.9 MiB/s
+	 3.3 MiB/s
 done
 Bytes transferred = 51804 (ca5c hex)
 Tegra30 (Beaver) # bootz 0x81000000 - 0x82000000
-Kernel image @ 0x81000000 [ 0x000000 - 0x7302c8 ]
+Kernel image @ 0x81000000 [ 0x000000 - 0x72fac0 ]
 ## Flattened Device Tree blob at 82000000
    Booting using the fdt blob at 0x82000000
    Loading Device Tree to 8fff0000, end 8ffffa5b ... OK
@@ -60,7 +60,7 @@
 Starting kernel ...
 
 Booting Linux on physical CPU 0x0
-Linux version 4.11.0-rc1-155019-gc1ae3cf (pwalmsley@sellafield) (gcc version 4.7.3 20130328 (prerelease) (crosstool-NG linaro-1.13.1-4.7-2013.04-20130415 - Linaro GCC 2013.04) ) #1 SMP Sun Mar 5 13:36:32 PST 2017
+Linux version 4.11.0-rc2-155355-g4495c08 (pwalmsley@sellafield) (gcc version 4.7.3 20130328 (prerelease) (crosstool-NG linaro-1.13.1-4.7-2013.04-20130415 - Linaro GCC 2013.04) ) #1 SMP Sun Mar 12 15:05:38 PDT 2017
 CPU: ARMv7 Processor [412fc099] revision 9 (ARMv7), cr=10c5387d
 CPU: PIPT / VIPT nonaliasing data cache, VIPT aliasing instruction cache
 OF: fdt: Machine model: NVIDIA Tegra30 Beaver evaluation board
@@ -75,8 +75,8 @@
   DMA zone: 0 pages reserved
   DMA zone: 196608 pages, LIFO batch:31
   HighMem zone: 327424 pages, LIFO batch:31
-percpu: Embedded 16 pages/cpu @eef8c000 s34304 r8192 d23040 u65536
-pcpu-alloc: s34304 r8192 d23040 u65536 alloc=16*4096
+percpu: Embedded 16 pages/cpu @eef8c000 s34432 r8192 d22912 u65536
+pcpu-alloc: s34432 r8192 d22912 u65536 alloc=16*4096
 pcpu-alloc: [0] 0 [0] 1 [0] 2 [0] 3 
 Built 1 zonelists in Zone order, mobility grouping on.  Total pages: 522496
 Kernel command line: ignore_loglevel console=ttyS0,115200n8 rw root=PARTUUID=edbe1840-3633-c751-7993-b0ac834f81e0 rootwait gpt debug noinitrd earlyprintk init=/bin/bash
@@ -94,7 +94,7 @@
       .text : 0xc0208000 - 0xc0d00000   (11232 kB)
       .init : 0xc1200000 - 0xc1400000   (2048 kB)
       .data : 0xc1400000 - 0xc1539aa0   (1255 kB)
-       .bss : 0xc153b000 - 0xc15c13b8   ( 537 kB)
+       .bss : 0xc153b000 - 0xc15c12b8   ( 537 kB)
 SLUB: HWalign=64, Order=0-3, MinObjects=0, CPUs=4, Nodes=1
 Hierarchical RCU implementation.
 	RCU debugfs-based tracing is enabled.
@@ -305,19 +305,19 @@
 sys_3v3,vdd_3v3_alw: supplied by vdd_5v_in
 sys_3v3_pexs: supplied by sys_3v3,vdd_3v3_alw
 +VDD_5V_HDMI: supplied by sys_3v3,vdd_3v3_alw
+mmc1: new high speed MMC card at address 0001
 tegra-pcie 3000.pcie-controller: 2x3 configuration
 tegra-pcie 3000.pcie-controller: probing port 0, using 2 lanes
-mmc1: new high speed MMC card at address 0001
+mmc0: new ultra high speed DDR50 SDHC card at address aaaa
 mmcblk1: mmc1:0001 SEM16G 14.8 GiB 
+mmcblk0: mmc0:aaaa SS04G 3.69 GiB 
 mmcblk1boot0: mmc1:0001 SEM16G partition 1 1.00 MiB
 mmcblk1boot1: mmc1:0001 SEM16G partition 2 1.00 MiB
 mmcblk1rpmb: mmc1:0001 SEM16G partition 3 128 KiB
-mmc0: new ultra high speed DDR50 SDHC card at address aaaa
-mmcblk0: mmc0:aaaa SS04G 3.69 GiB 
 Primary GPT is invalid, using alternate GPT.
  mmcblk1: p1 p2 p3 p4 p5
-tegra-pcie 3000.pcie-controller: probing port 2, using 2 lanes
  mmcblk0: p1 p2 p3
+tegra-pcie 3000.pcie-controller: probing port 2, using 2 lanes
 tegra-pcie 3000.pcie-controller: link 2 down, retrying
 tegra-pcie 3000.pcie-controller: link 2 down, retrying
 tegra-pcie 3000.pcie-controller: link 2 down, retrying
@@ -362,7 +362,7 @@
 pcieport 0000:00:01.0: Signaling PME with IRQ 374
 r8169 Gigabit Ethernet driver 2.3LK-NAPI loaded
 r8169 0000:01:00.0: enabling device (0140 -> 0143)
-r8169 0000:01:00.0 eth0: RTL8168evl/8111evl at 0xf0b01000, 02:04:4b:01:60:a6, XID 0c900800 IRQ 375
+r8169 0000:01:00.0 eth0: RTL8168evl/8111evl at 0xf0afe000, 02:04:4b:01:60:a6, XID 0c900800 IRQ 375
 r8169 0000:01:00.0 eth0: jumbo features [frames: 9200 bytes, tx checksumming: ko]
 [drm] Supports vblank timestamp caching Rev 2 (21.10.2013).
 [drm] No driver support for vblank timestamp query.
@@ -395,5 +395,5 @@
 Freeing unused kernel memory: 2048K
 bash: cannot set terminal process group (-1): Inappropriate ioctl for device
 bash: no job control in this shell
-root@(none):/# [    4.094004] usb 2-1: new high-speed USB device number 2 using tegra-ehci
+root@(none):/# [    4.084042] usb 2-1: new high-speed USB device number 2 using tegra-ehci
 asix 2-1:1.0 eth1: register 'asix' at usb-7d008000.usb-1, ASIX AX88772 USB 2.0 Ethernet, 00:50:b6:0f:67:60
Diff for ./tegra30-beaver/tegra30-beaver/tegra_defconfig_log.txt
--- /tmp/fooa	2017-03-12 15:16:31.941931366 -0700
+++ /tmp/foob	2017-03-12 15:16:31.945931382 -0700
@@ -39,7 +39,7 @@
 	 ######################################################
 	 3.2 MiB/s
 done
-Bytes transferred = 5557856 (54ce60 hex)
+Bytes transferred = 5559488 (54d4c0 hex)
 Tegra30 (Beaver) # tftpboot 0x82000000 tegra30-beaver.dtb
 Using asx0 device
 TFTP from server 192.168.100.1; our IP address is 192.168.100.101
@@ -50,7 +50,7 @@
 done
 Bytes transferred = 51804 (ca5c hex)
 Tegra30 (Beaver) # bootz 0x81000000 - 0x82000000
-Kernel image @ 0x81000000 [ 0x000000 - 0x54ce60 ]
+Kernel image @ 0x81000000 [ 0x000000 - 0x54d4c0 ]
 ## Flattened Device Tree blob at 82000000
    Booting using the fdt blob at 0x82000000
    Loading Device Tree to 8fff0000, end 8ffffa5b ... OK
@@ -59,7 +59,7 @@
 
 Uncompressing Linux... done, booting the kernel.
 Booting Linux on physical CPU 0x0
-Linux version 4.11.0-rc1-155019-gc1ae3cf (pwalmsley@kaivo) (gcc version 4.7.3 20130328 (prerelease) (crosstool-NG linaro-1.13.1-4.7-2013.04-20130415 - Linaro GCC 2013.04) ) #1 SMP PREEMPT Sun Mar 5 13:36:08 PST 2017
+Linux version 4.11.0-rc2-155355-g4495c08 (pwalmsley@kaivo) (gcc version 4.7.3 20130328 (prerelease) (crosstool-NG linaro-1.13.1-4.7-2013.04-20130415 - Linaro GCC 2013.04) ) #1 SMP PREEMPT Sun Mar 12 15:04:54 PDT 2017
 CPU: ARMv7 Processor [412fc099] revision 9 (ARMv7), cr=10c5387d
 CPU: PIPT / VIPT nonaliasing data cache, VIPT aliasing instruction cache
 OF: fdt: Machine model: NVIDIA Tegra30 Beaver evaluation board
@@ -68,13 +68,13 @@
 cma: Reserved 64 MiB at 0xfbc00000
 Memory policy: Data cache writealloc
 On node 0 totalpages: 524032
-free_area_init_node: node 0, pgdat c0d5de00, node_mem_map eeff7000
+free_area_init_node: node 0, pgdat c0d5de40, node_mem_map eeff7000
   Normal zone: 1536 pages used for memmap
   Normal zone: 0 pages reserved
   Normal zone: 196608 pages, LIFO batch:31
   HighMem zone: 327424 pages, LIFO batch:31
-percpu: Embedded 16 pages/cpu @eef8b000 s34240 r8192 d23104 u65536
-pcpu-alloc: s34240 r8192 d23104 u65536 alloc=16*4096
+percpu: Embedded 16 pages/cpu @eef8b000 s34368 r8192 d22976 u65536
+pcpu-alloc: s34368 r8192 d22976 u65536 alloc=16*4096
 pcpu-alloc: [0] 0 [0] 1 [0] 2 [0] 3 
 Built 1 zonelists in Zone order, mobility grouping on.  Total pages: 522496
 Kernel command line: ignore_loglevel console=ttyS0,115200n8 rw root=PARTUUID=edbe1840-3633-c751-7993-b0ac834f81e0 rootwait gpt debug noinitrd earlyprintk init=/bin/bash
@@ -91,8 +91,8 @@
     modules : 0xbf000000 - 0xbfe00000   (  14 MB)
       .text : 0xc0008000 - 0xc0900000   (9184 kB)
       .init : 0xc0c00000 - 0xc0d00000   (1024 kB)
-      .data : 0xc0d00000 - 0xc0d5f2e0   ( 381 kB)
-       .bss : 0xc0d61000 - 0xc0dad50c   ( 306 kB)
+      .data : 0xc0d00000 - 0xc0d5f320   ( 381 kB)
+       .bss : 0xc0d61000 - 0xc0dad40c   ( 306 kB)
 Preemptible hierarchical RCU implementation.
 	Build-time adjustment of leaf fanout to 32.
 NR_IRQS:16 nr_irqs:16 16
@@ -390,4 +390,4 @@
 Freeing unused kernel memory: 1024K
 bash: cannot set terminal process group (-1): Inappropriate ioctl for device
 bash: no job control in this shell
-root@(none):/# [    4.370040] usb 2-1: new high-speed USB device number 2 using tegra-ehci
+root@(none):/# [    4.370034] usb 2-1: new high-speed USB device number 2 using tegra-ehci
