
U-Boot SPL 2015.04-rc3-00209-ga74ef40 (Mar 16 2015 - 14:43:39)


U-Boot 2015.04-rc3-00209-ga74ef40 (Mar 16 2015 - 14:43:39)

TEGRA20
Model: Compulab TrimSlice board
DRAM:  1 GiB
MMC:   Tegra SD/MMC: 0, Tegra SD/MMC: 1
SF: Detected W25Q80BL with page size 256 Bytes, erase size 4 KiB, total 1 MiB
tegra-pcie: PCI regions:
tegra-pcie:   I/O: 0x82000000-0x82010000
tegra-pcie:   non-prefetchable memory: 0xa0000000-0xa8000000
tegra-pcie:   prefetchable memory: 0xa8000000-0xc0000000
tegra-pcie: dual-mode configuration
tegra-pcie: probing port 0, using 2 lanes
In:    serial
Out:   serial
Err:   serial
Net:   RTL8169#0
Hit any key to stop autoboot:  2  0 
Tegra20 (TrimSlice) # 
Tegra20 (TrimSlice) # usb reset
resetting USB...
USB0:   USB EHCI 1.00
scanning bus 0 for devices... 3 USB Device(s) found
USB1:   USB EHCI 1.00
scanning bus 1 for devices... 1 USB Device(s) found
USB2:   lowlevel init failed
       scanning usb for storage devices... 0 Storage Device(s) found
       scanning usb for ethernet devices... 
Warning: asx0 using MAC address from net device
1 Ethernet Device(s) found
Tegra20 (TrimSlice) # setenv bootargs 'ignore_loglevel console=ttyS0,115200n8 rw root=PARTUUID=11eb23c1-01 rootwait gpt debug noinitrd earlyprintk init=/bin/bash'
Tegra20 (TrimSlice) # setenv ipaddr 192.168.100.103; setenv serverip 192.168.100.1; setenv tftpserverip 192.168.100.1
Tegra20 (TrimSlice) # tftpboot 0x00408000 zImage.multi_v7_defconfig
Using RTL8169#0 device
TFTP from server 192.168.100.1; our IP address is 192.168.100.103
Filename 'zImage.multi_v7_defconfig'.
Load address: 0x408000
Loading: *#################################################################
	 #################################################################
	 #################################################################
	 #################################################################
	 #################################################################
	 #################################################################
	 #################################################################
	 #######################################
	 4 MiB/s
done
Bytes transferred = 7239896 (6e78d8 hex)
Tegra20 (TrimSlice) # tftpboot 0x02408000 tegra20-trimslice.dtb
Using RTL8169#0 device
TFTP from server 192.168.100.1; our IP address is 192.168.100.103
Filename 'tegra20-trimslice.dtb'.
Load address: 0x2408000
Loading: *##
	 3.4 MiB/s
done
Bytes transferred = 21172 (52b4 hex)
Tegra20 (TrimSlice) # bootz 0x00408000 - 0x02408000
Kernel image @ 0x408000 [ 0x000000 - 0x6e78d8 ]
## Flattened Device Tree blob at 02408000
   Booting using the fdt blob at 0x2408000
   Using Device Tree in place at 02408000, end 024102b3

Starting kernel ...

[    0.000000] Booting Linux on physical CPU 0x0
[    0.000000] Linux version 4.7.0-rc2-95420-gaf8c34c (pwalmsley@sellafield) (gcc version 4.7.3 20130328 (prerelease) (crosstool-NG linaro-1.13.1-4.7-2013.04-20130415 - Linaro GCC 2013.04) ) #1 SMP Sun Jun 5 15:04:22 PDT 2016
[    0.000000] CPU: ARMv7 Processor [411fc090] revision 0 (ARMv7), cr=10c5387d
[    0.000000] CPU: PIPT / VIPT nonaliasing data cache, VIPT aliasing instruction cache
[    0.000000] Machine model: Compulab TrimSlice board
[    0.000000] debug: ignoring loglevel setting.
[    0.000000] cma: Reserved 64 MiB at 0x3c000000
[    0.000000] Memory policy: Data cache writealloc
[    0.000000] On node 0 totalpages: 262144
[    0.000000] free_area_init_node: node 0, pgdat c141bb40, node_mem_map ef7f8000
[    0.000000]   DMA zone: 1536 pages used for memmap
[    0.000000]   DMA zone: 0 pages reserved
[    0.000000]   DMA zone: 196608 pages, LIFO batch:31
[    0.000000]   HighMem zone: 65536 pages, LIFO batch:15
[    0.000000] percpu: Embedded 13 pages/cpu @ef7c9000 s23808 r8192 d21248 u53248
[    0.000000] pcpu-alloc: s23808 r8192 d21248 u53248 alloc=13*4096
[    0.000000] pcpu-alloc: [0] 0 [0] 1 
[    0.000000] Built 1 zonelists in Zone order, mobility grouping on.  Total pages: 260608
[    0.000000] Kernel command line: ignore_loglevel console=ttyS0,115200n8 rw root=PARTUUID=11eb23c1-01 rootwait gpt debug noinitrd earlyprintk init=/bin/bash
[    0.000000] PID hash table entries: 4096 (order: 2, 16384 bytes)
[    0.000000] Dentry cache hash table entries: 131072 (order: 7, 524288 bytes)
[    0.000000] Inode-cache hash table entries: 65536 (order: 6, 262144 bytes)
[    0.000000] Memory: 955932K/1048576K available (9529K kernel code, 1142K rwdata, 4476K rodata, 2048K init, 343K bss, 27108K reserved, 65536K cma-reserved, 196608K highmem)
[    0.000000] Virtual kernel memory layout:
[    0.000000]     vector  : 0xffff0000 - 0xffff1000   (   4 kB)
[    0.000000]     fixmap  : 0xffc00000 - 0xfff00000   (3072 kB)
[    0.000000]     vmalloc : 0xf0800000 - 0xff800000   ( 240 MB)
[    0.000000]     lowmem  : 0xc0000000 - 0xf0000000   ( 768 MB)
[    0.000000]     pkmap   : 0xbfe00000 - 0xc0000000   (   2 MB)
[    0.000000]     modules : 0xbf000000 - 0xbfe00000   (  14 MB)
[    0.000000]       .text : 0xc0208000 - 0xc10ad594   (14998 kB)
[    0.000000]       .init : 0xc1100000 - 0xc1300000   (2048 kB)
[    0.000000]       .data : 0xc1300000 - 0xc141dba0   (1143 kB)
[    0.000000]        .bss : 0xc141f000 - 0xc1474ca0   ( 344 kB)
[    0.000000] SLUB: HWalign=64, Order=0-3, MinObjects=0, CPUs=2, Nodes=1
[    0.000000] Hierarchical RCU implementation.
[    0.000000] 	Build-time adjustment of leaf fanout to 32.
[    0.000000] 	RCU restricting CPUs from NR_CPUS=16 to nr_cpu_ids=2.
[    0.000000] RCU: Adjusting geometry for rcu_fanout_leaf=32, nr_cpu_ids=2
[    0.000000] NR_IRQS:16 nr_irqs:16 16
[    0.000000] /interrupt-controller@60004000: 128 interrupts forwarded to /interrupt-controller@50041000
[    0.000000] L2C: platform modifies aux control register: 0x02080000 -> 0x3e480001
[    0.000000] L2C: DT/platform modifies aux control register: 0x02080000 -> 0x3e480001
[    0.000000] L2C-310 errata 727915 769419 enabled
[    0.000000] L2C-310 enabling early BRESP for Cortex-A9
[    0.000000] L2C-310: enabling full line of zeros but not enabled in Cortex-A9
[    0.000000] L2C-310 ID prefetch enabled, offset 1 lines
[    0.000000] L2C-310 cache controller enabled, 8 ways, 1024 kB
[    0.000000] L2C-310: CACHE_ID 0x410000c4, AUX_CTRL 0x7e480001
[    0.000010] sched_clock: 32 bits at 1000kHz, resolution 1000ns, wraps every 2147483647500ns
[    0.000027] clocksource: timer_us: mask: 0xffffffff max_cycles: 0xffffffff, max_idle_ns: 1911260446275 ns
[    0.000037] Switching to timer-based delay loop, resolution 1000ns
[    0.001609] Console: colour dummy device 80x30
[    0.001630] Calibrating delay loop (skipped), value calculated using timer frequency.. 2.00 BogoMIPS (lpj=5000)
[    0.001641] pid_max: default: 32768 minimum: 301
[    0.001715] Mount-cache hash table entries: 2048 (order: 1, 8192 bytes)
[    0.001723] Mountpoint-cache hash table entries: 2048 (order: 1, 8192 bytes)
[    0.002208] CPU: Testing write buffer coherency: ok
[    0.002389] CPU0: thread -1, cpu 0, socket 0, mpidr 80000000
[    0.002413] Setting up static identity map for 0x300000 - 0x300098
[    0.003861] Tegra Revision: A03 prime SKU: 8 CPU Process: 1 SoC Process: 2
[    0.004877] CPU1: thread -1, cpu 1, socket 0, mpidr 80000001
[    0.004943] Brought up 2 CPUs
[    0.004955] SMP: Total of 2 processors activated (4.00 BogoMIPS).
[    0.004961] CPU: All CPU(s) started in SVC mode.
[    0.005603] devtmpfs: initialized
[    0.009380] VFP support v0.3: implementor 41 architecture 3 part 30 variant 9 rev 1
[    0.009686] clocksource: jiffies: mask: 0xffffffff max_cycles: 0xffffffff, max_idle_ns: 9556302231375000 ns
[    0.012614] pinctrl core: initialized pinctrl subsystem
[    0.013772] NET: Registered protocol family 16
[    0.015878] DMA: preallocated 256 KiB pool for atomic coherent allocations
[    0.029924] cpuidle: using governor menu
[    0.041543] No ATAGs?
[    0.041564] hw-breakpoint: found 5 (+1 reserved) breakpoint and 1 watchpoint registers.
[    0.041571] hw-breakpoint: maximum watchpoint size is 4 bytes.
[    0.045118] Serial: AMBA PL011 UART driver
[    0.068269] usb1_vbus: Failed to request enable GPIO170: -517
[    0.068283] reg-fixed-voltage regulators:regulator@2: Failed to register regulator: -517
[    0.071938] vgaarb: loaded
[    0.072511] SCSI subsystem initialized
[    0.072630] libata version 3.00 loaded.
[    0.072826] usbcore: registered new interface driver usbfs
[    0.072871] usbcore: registered new interface driver hub
[    0.072910] usbcore: registered new device driver usb
[    0.075030] pps_core: LinuxPPS API ver. 1 registered
[    0.075038] pps_core: Software ver. 5.3.6 - Copyright 2005-2007 Rodolfo Giometti <giometti@linux.it>
[    0.075055] PTP clock support registered
[    0.075205] EDAC MC: Ver: 3.0.0
[    0.076996] clocksource: Switched to clocksource timer_us
[    0.084648] NET: Registered protocol family 2
[    0.085084] TCP established hash table entries: 8192 (order: 3, 32768 bytes)
[    0.085155] TCP bind hash table entries: 8192 (order: 4, 65536 bytes)
[    0.085268] TCP: Hash tables configured (established 8192 bind 8192)
[    0.085354] UDP hash table entries: 512 (order: 2, 16384 bytes)
[    0.085401] UDP-Lite hash table entries: 512 (order: 2, 16384 bytes)
[    0.085538] NET: Registered protocol family 1
[    0.085760] RPC: Registered named UNIX socket transport module.
[    0.085768] RPC: Registered udp transport module.
[    0.085773] RPC: Registered tcp transport module.
[    0.085778] RPC: Registered tcp NFSv4.1 backchannel transport module.
[    0.085786] PCI: CLS 0 bytes, default 64
[    0.086579] hw perfevents: enabled with armv7_cortex_a9 PMU driver, 7 counters available
[    0.087546] futex hash table entries: 512 (order: 3, 32768 bytes)
[    0.088111] workingset: timestamp_bits=28 max_order=18 bucket_order=0
[    0.095480] squashfs: version 4.0 (2009/01/31) Phillip Lougher
[    0.096070] NFS: Registering the id_resolver key type
[    0.096104] Key type id_resolver registered
[    0.096110] Key type id_legacy registered
[    0.096142] ntfs: driver 2.1.32 [Flags: R/O].
[    0.097076] bounce: pool size: 64 pages
[    0.097227] Block layer SCSI generic (bsg) driver version 0.4 loaded (major 248)
[    0.097237] io scheduler noop registered
[    0.097243] io scheduler deadline registered
[    0.097268] io scheduler cfq registered (default)
[    0.108813] tegra-pcie 80003000.pcie-controller: dual-mode configuration
[    0.109521] tegra-pcie 80003000.pcie-controller: probing port 0, using 2 lanes
[    0.193204] tegra-pcie 80003000.pcie-controller: PCI host bridge to bus 0000:00
[    0.193216] pci_bus 0000:00: root bus resource [io  0x0000-0xffff]
[    0.193225] pci_bus 0000:00: root bus resource [mem 0xa0000000-0xa7ffffff]
[    0.193233] pci_bus 0000:00: root bus resource [mem 0xa8000000-0xbfffffff pref]
[    0.193241] pci_bus 0000:00: root bus resource [bus 00-ff]
[    0.193273] pci 0000:00:01.0: [10de:0bf0] type 01 class 0x060000
[    0.193332] pci 0000:00:01.0: PME# supported from D0 D1 D2 D3hot D3cold
[    0.193523] PCI: bus0: Fast back to back transfers disabled
[    0.193534] pci 0000:00:01.0: bridge configuration invalid ([bus 00-00]), reconfiguring
[    0.193659] pci 0000:01:00.0: [10ec:8168] type 00 class 0x020000
[    0.193681] pci 0000:01:00.0: reg 0x10: [io  0x0000-0x00ff]
[    0.193703] pci 0000:01:00.0: reg 0x18: [mem 0x00000000-0x00000fff 64bit pref]
[    0.193719] pci 0000:01:00.0: reg 0x20: [mem 0x00000000-0x00003fff 64bit pref]
[    0.193731] pci 0000:01:00.0: reg 0x30: [mem 0x00000000-0x0001ffff pref]
[    0.193807] pci 0000:01:00.0: supports D1 D2
[    0.193815] pci 0000:01:00.0: PME# supported from D0 D1 D2 D3hot D3cold
[    0.202032] PCI: bus1: Fast back to back transfers disabled
[    0.202045] pci_bus 0000:01: busn_res: [bus 01-ff] end is updated to 01
[    0.202057] Disabling cpuidle LP2 state, since PCIe IRQs are in use
[    0.202113] pci 0000:00:01.0: BAR 8: assigned [mem 0xa0000000-0xa00fffff]
[    0.202125] pci 0000:00:01.0: BAR 9: assigned [mem 0xa8000000-0xa80fffff 64bit pref]
[    0.202134] pci 0000:00:01.0: BAR 7: assigned [io  0x1000-0x1fff]
[    0.202147] pci 0000:01:00.0: BAR 6: assigned [mem 0xa0000000-0xa001ffff pref]
[    0.202156] pci 0000:01:00.0: BAR 4: assigned [mem 0xa8000000-0xa8003fff 64bit pref]
[    0.202172] pci 0000:01:00.0: BAR 2: assigned [mem 0xa8004000-0xa8004fff 64bit pref]
[    0.202188] pci 0000:01:00.0: BAR 0: assigned [io  0x1000-0x10ff]
[    0.202198] pci 0000:00:01.0: PCI bridge to [bus 01]
[    0.202206] pci 0000:00:01.0:   bridge window [io  0x1000-0x1fff]
[    0.202214] pci 0000:00:01.0:   bridge window [mem 0xa0000000-0xa00fffff]
[    0.202222] pci 0000:00:01.0:   bridge window [mem 0xa8000000-0xa80fffff 64bit pref]
[    0.202242] pci 0000:00:01.0: nv_msi_ht_cap_quirk didn't locate host bridge
[    0.202311] pcieport 0000:00:01.0: enabling device (0140 -> 0143)
[    0.202458] pcieport 0000:00:01.0: Signaling PME through PCIe PME interrupt
[    0.202467] pci 0000:01:00.0: Signaling PME through PCIe PME interrupt
[    0.202476] pcie_pme 0000:00:01.0:pcie001: service driver pcie_pme loaded
[    0.206236] tegra-apbdma 6000a000.dma: Tegra20 APB DMA driver register 16 channels
[    0.251575] Serial: 8250/16550 driver, 4 ports, IRQ sharing disabled
[    0.253910] console [ttyS0] disabled
[    0.253944] 70006000.serial: ttyS0 at MMIO 0x70006000 (irq = 279, base_baud = 13500000) is a Tegra
[    1.197567] console [ttyS0] enabled
[    1.201637] SuperH (H)SCI(F) driver initialized
[    1.206936] msm_serial: driver initialized
[    1.211189] STMicroelectronics ASC driver initialized
[    1.218973] [drm] Initialized drm 1.1.0 20060810
[    1.225885] 54280000.hdmi supply hdmi not found, using dummy regulator
[    1.235589] [drm] Supports vblank timestamp caching Rev 2 (21.10.2013).
[    1.242219] [drm] No driver support for vblank timestamp query.
[    1.248171] drm drm: No connectors reported connected with modes
[    1.254181] [drm] Cannot find any crtc or sizes - going 1024x768
[    1.276288] Console: switching to colour frame buffer device 128x48
[    1.290985] drm drm: fb0:  frame buffer device
[    1.307008] [drm] Initialized tegra 0.0.0 20120330 on minor 0
[    1.321247] brd: module loaded
[    1.328453] loop: module loaded
[    1.337122] m25p80 spi32766.0: found s25fl008k, expected w25q80bl
[    1.343222] m25p80 spi32766.0: s25fl008k (1024 Kbytes)
[    1.350677] libphy: Fixed MDIO Bus: probed
[    1.355303] CAN device driver interface
[    1.360595] igb: Intel(R) Gigabit Ethernet Network Driver - version 5.3.0-k
[    1.367555] igb: Copyright (c) 2007-2014 Intel Corporation.
[    1.373665] r8169 Gigabit Ethernet driver 2.3LK-NAPI loaded
[    1.379261] r8169 0000:01:00.0: enabling device (0140 -> 0143)
[    1.385844] r8169 0000:01:00.0 eth0: RTL8168d/8111d at 0xf0878000, 00:01:c0:13:7d:63, XID 081000c0 IRQ 296
[    1.395502] r8169 0000:01:00.0 eth0: jumbo features [frames: 9200 bytes, tx checksumming: ko]
[    1.405983] pegasus: v0.9.3 (2013/04/25), Pegasus/Pegasus II USB Ethernet driver
[    1.413443] usbcore: registered new interface driver pegasus
[    1.419144] usbcore: registered new interface driver asix
[    1.424575] usbcore: registered new interface driver ax88179_178a
[    1.430701] usbcore: registered new interface driver cdc_ether
[    1.436576] usbcore: registered new interface driver smsc75xx
[    1.442370] usbcore: registered new interface driver smsc95xx
[    1.448146] usbcore: registered new interface driver net1080
[    1.453840] usbcore: registered new interface driver cdc_subset
[    1.459790] usbcore: registered new interface driver zaurus
[    1.465418] usbcore: registered new interface driver cdc_ncm
[    1.471371] tegra-phy c5004000.usb-phy: no vbus regulator
[    1.477880] tegra-phy c5008000.usb-phy: no vbus regulator
[    1.484702] ehci_hcd: USB 2.0 'Enhanced' Host Controller (EHCI) Driver
[    1.491233] ehci-pci: EHCI PCI platform driver
[    1.495713] ehci-platform: EHCI generic platform driver
[    1.501102] ehci-omap: OMAP-EHCI Host Controller driver
[    1.506437] ehci-orion: EHCI orion driver
[    1.510556] SPEAr-ehci: EHCI SPEAr driver
[    1.514686] ehci-st: EHCI STMicroelectronics driver
[    1.519677] ehci-exynos: EHCI EXYNOS driver
[    1.523987] ehci-atmel: EHCI Atmel driver
[    1.528106] tegra-ehci: Tegra EHCI driver
[    1.532304] ------------[ cut here ]------------
[    1.536921] WARNING: CPU: 1 PID: 1 at drivers/reset/core.c:187 __of_reset_control_get+0x1bc/0x228
[    1.545786] Modules linked in:
[    1.548849] CPU: 1 PID: 1 Comm: swapper/0 Not tainted 4.7.0-rc2-95420-gaf8c34c #1
[    1.556312] Hardware name: NVIDIA Tegra SoC (Flattened Device Tree)
[    1.562588] [<c030f9d0>] (unwind_backtrace) from [<c030b0c0>] (show_stack+0x10/0x14)
[    1.570320] [<c030b0c0>] (show_stack) from [<c0585a68>] (dump_stack+0x84/0xa4)
[    1.577533] [<c0585a68>] (dump_stack) from [<c0341b5c>] (__warn+0xd4/0x100)
[    1.584481] [<c0341b5c>] (__warn) from [<c0341ba8>] (warn_slowpath_null+0x20/0x28)
[    1.592036] [<c0341ba8>] (warn_slowpath_null) from [<c069ffac>] (__of_reset_control_get+0x1bc/0x228)
[    1.601156] [<c069ffac>] (__of_reset_control_get) from [<c091216c>] (tegra_ehci_probe+0x2d0/0x51c)
[    1.610100] [<c091216c>] (tegra_ehci_probe) from [<c07792b8>] (platform_drv_probe+0x50/0xb0)
[    1.618526] [<c07792b8>] (platform_drv_probe) from [<c0777c1c>] (driver_probe_device+0x1f4/0x2b0)
[    1.627382] [<c0777c1c>] (driver_probe_device) from [<c0777d84>] (__driver_attach+0xac/0xb0)
[    1.635802] [<c0777d84>] (__driver_attach) from [<c0776230>] (bus_for_each_dev+0x54/0x88)
[    1.643963] [<c0776230>] (bus_for_each_dev) from [<c0777210>] (bus_add_driver+0xe8/0x1f4)
[    1.652124] [<c0777210>] (bus_add_driver) from [<c07785a0>] (driver_register+0x78/0xf4)
[    1.660111] [<c07785a0>] (driver_register) from [<c0301e7c>] (do_one_initcall+0x3c/0x16c)
[    1.668277] [<c0301e7c>] (do_one_initcall) from [<c1100d80>] (kernel_init_freeable+0x120/0x1ec)
[    1.676968] [<c1100d80>] (kernel_init_freeable) from [<c0b5b998>] (kernel_init+0x8/0x118)
[    1.685131] [<c0b5b998>] (kernel_init) from [<c0307fb8>] (ret_from_fork+0x14/0x3c)
[    1.692713] ---[ end trace 856f19c494851f6a ]---
[    1.697332] tegra-ehci c5000000.usb: can't get utmi-pads reset from the PHY
[    1.704288] tegra-ehci c5000000.usb: continuing, but please update your DT
[    1.728204] ulpi_phy_power_on: ulpi write failed
[    1.732825] tegra-ehci c5004000.usb: Failed to power on the phy
[    1.738754] tegra-ehci: probe of c5004000.usb failed with error -110
[    1.747747] tegra-ehci c5008000.usb: EHCI Host Controller
[    1.753162] tegra-ehci c5008000.usb: new USB bus registered, assigned bus number 1
[    1.760971] tegra-ehci c5008000.usb: irq 290, io mem 0xc5008000
[    1.772015] tegra-ehci c5008000.usb: USB 2.0 started, EHCI 1.00
[    1.778545] hub 1-0:1.0: USB hub found
[    1.782337] hub 1-0:1.0: 1 port detected
[    1.786555] ohci_hcd: USB 1.1 'Open' Host Controller (OHCI) Driver
[    1.792750] ohci-pci: OHCI PCI platform driver
[    1.797239] ohci-platform: OHCI generic platform driver
[    1.802629] ohci-omap3: OHCI OMAP3 driver
[    1.806740] SPEAr-ohci: OHCI SPEAr driver
[    1.810869] ohci-st: OHCI STMicroelectronics driver
[    1.815860] ohci-atmel: OHCI Atmel driver
[    1.820461] usbcore: registered new interface driver usb-storage
[    1.827727] mousedev: PS/2 mouse device common for all mice
[    1.835195] rtc-em3027 2-0056: rtc core: registered rtc-em3027 as rtc0
[    1.842923] tegra_rtc 7000e000.rtc: rtc core: registered 7000e000.rtc as rtc1
[    1.850087] tegra_rtc 7000e000.rtc: Tegra internal Real Time Clock
[    1.856685] i2c /dev entries driver
[    1.869377] sdhci: Secure Digital Host Controller Interface driver
[    1.875570] sdhci: Copyright(c) Pierre Ossman
[    1.881125] Synopsys Designware Multimedia Card Interface Driver
[    1.887982] sdhci-pltfm: SDHCI platform and OF driver helper
[    1.894581] mmc0: Invalid maximum block size, assuming 512 bytes
[    1.927016] mmc0: SDHCI controller on c8000000.sdhci [c8000000.sdhci] using ADMA
[    1.934522] sdhci-tegra c8000600.sdhci: Got CD GPIO
[    1.939417] sdhci-tegra c8000600.sdhci: Got WP GPIO
[    1.944454] mmc1: Invalid maximum block size, assuming 512 bytes
[    1.977097] mmc1: SDHCI controller on c8000600.sdhci [c8000600.sdhci] using ADMA
[    1.985707] ledtrig-cpu: registered to indicate activity on CPUs
[    1.992008] usbcore: registered new interface driver usbhid
[    1.997578] usbhid: USB HID core driver
[    2.005864] NET: Registered protocol family 10
[    2.011025] sit: IPv6 over IPv4 tunneling driver
[    2.016119] NET: Registered protocol family 17
[    2.020577] can: controller area network core (rev 20120528 abi 9)
[    2.026806] NET: Registered protocol family 29
[    2.031252] can: raw protocol (rev 20120528)
[    2.035522] can: broadcast manager protocol (rev 20120528 t)
[    2.041180] can: netlink gateway (rev 20130117) max_hops=1
[    2.047003] Key type dns_resolver registered
[    2.051614] ThumbEE CPU extension supported.
[    2.055894] Registering SWP/SWPB emulation handler
[    2.065649] utmi_phy_clk_enable: timeout waiting for phy to stabilize
[    2.072139] tegra-ehci c5000000.usb: EHCI Host Controller
[    2.077583] tegra-ehci c5000000.usb: new USB bus registered, assigned bus number 2
[    2.085487] tegra-ehci c5000000.usb: irq 288, io mem 0xc5000000
[    2.104040] mmc0: host does not support reading read-only switch, assuming write-enable
[    2.113864] mmc0: new high speed SDHC card at address b368
[    2.119690] mmcblk0: mmc0:b368 NCard 3.70 GiB 
[    2.126045]  mmcblk0: p1
[    2.167019] usb 1-1: new high-speed USB device number 2 using tegra-ehci
[    2.177056] tegra-ehci c5000000.usb: USB 2.0 started, EHCI 1.00
[    2.183988] hub 2-0:1.0: USB hub found
[    2.187831] hub 2-0:1.0: 1 port detected
[    2.193178] input: gpio-keys as /devices/soc0/gpio-keys/input/input0
[    2.199856] mmc1: new high speed SD card at address b368
[    2.200291] rtc-em3027 2-0056: hctosys: unable to read the hardware clock
[    2.212607] mmcblk1: mmc1:b368 NCard 1.83 GiB (ro)
[    2.220067]  mmcblk1: p1 p2
[    2.224616] EXT4-fs (mmcblk0p1): mounting ext3 file system using the ext4 subsystem
[    2.313313] hub 1-1:1.0: USB hub found
[    2.317251] hub 1-1:1.0: 4 ports detected
[    2.607084] usb 1-1.2: new high-speed USB device number 3 using tegra-ehci
[    2.815860] EXT4-fs (mmcblk0p1): recovery complete
[    2.894442] EXT4-fs (mmcblk0p1): mounted filesystem with ordered data mode. Opts: (null)
[    2.902743] VFS: Mounted root (ext3 filesystem) on device 179:1.
[    2.919788] devtmpfs: mounted
[    2.929987] Freeing unused kernel memory: 2048K (c1100000 - c1300000)
bash: cannot set terminal process group (-1): Inappropriate ioctl for device
bash: no job control in this shell
root@(none):/# [    3.527632] asix 1-1.2:1.0 eth1: register 'asix' at usb-c5008000.usb-1.2, ASIX AX88772 USB 2.0 Ethernet, 00:60:6e:60:6c:68
mount -t sysfs none /sys
root@(none):/# 
root@(none):/# mount -t debugfs none /sys/kernel/debug
root@(none):/# 
root@(none):/# rtcwake -d rtc1 -m mem -s 3
rtcwake: assuming RTC uses UTC ...
rtcwake: wakeup from "mem" using /dev/rtc1 at Thu Jan  1 00:00:23 1970
[    7.632690] PM: Syncing filesystems ... done.
[    7.679264] Freezing user space processes ... (elapsed 0.001 seconds) done.
[    7.687725] Freezing remaining freezable tasks ... (elapsed 0.001 seconds) done.
[    7.696577] Suspending console(s) (use no_console_suspend to debug)
[    7.724459] PM: suspend of devices complete after 19.721 msecs
[    7.728155] PM: late suspend of devices complete after 3.665 msecs
[    7.742671] PM: noirq suspend of devices complete after 14.484 msecs
[    7.742683] Disabling non-boot CPUs ...
[    7.744627] CPU1: shutdown
[    7.770142] Entering suspend state LP1
[    7.770192] Enabling non-boot CPUs ...
[    7.796268] CPU1 is up
[    7.797245] pcieport 0000:00:01.0: nv_msi_ht_cap_quirk didn't locate host bridge
[    7.812293] PM: noirq resume of devices complete after 15.990 msecs
[    7.815965] PM: early resume of devices complete after 2.960 msecs
[    7.880812] PM: resume of devices complete after 64.815 msecs
[    7.944869] Restarting tasks ... done.
root@(none):/# 
root@(none):/# rtcwake -d rtc1 -m mem -s 3
rtcwake: assuming RTC uses UTC ...
rtcwake: wakeup from "mem" using /dev/rtc1 at Thu Jan  1 00:00:27 1970
[    8.601747] PM: Syncing filesystems ... done.
[    8.647245] Freezing user space processes ... (elapsed 0.001 seconds) done.
[    8.655730] Freezing remaining freezable tasks ... (elapsed 0.001 seconds) done.
[    8.664845] Suspending console(s) (use no_console_suspend to debug)
[    8.699229] PM: suspend of devices complete after 25.475 msecs
[    8.702979] PM: late suspend of devices complete after 3.719 msecs
[    8.717568] PM: noirq suspend of devices complete after 14.557 msecs
[    8.717579] Disabling non-boot CPUs ...
[    8.719473] CPU1: shutdown
[    8.745098] Entering suspend state LP1
[    8.745147] Enabling non-boot CPUs ...
[    8.771188] CPU1 is up
[    8.772709] pcieport 0000:00:01.0: nv_msi_ht_cap_quirk didn't locate host bridge
[    8.787255] PM: noirq resume of devices complete after 16.033 msecs
[    8.790985] PM: early resume of devices complete after 3.024 msecs
[    8.860457] PM: resume of devices complete after 69.440 msecs
[    8.924559] Restarting tasks ... done.
root@(none):/# 
root@(none):/# rtcwake -d rtc1 -m mem -s 3
rtcwake: assuming RTC uses UTC ...
rtcwake: wakeup from "mem" using /dev/rtc1 at Thu Jan  1 00:00:31 1970
[    9.576701] PM: Syncing filesystems ... done.
[    9.609516] Freezing user space processes ... (elapsed 0.001 seconds) done.
[    9.617939] Freezing remaining freezable tasks ... (elapsed 0.001 seconds) done.
[    9.626799] Suspending console(s) (use no_console_suspend to debug)
[    9.653667] PM: suspend of devices complete after 18.741 msecs
[    9.657330] PM: late suspend of devices complete after 3.631 msecs
[    9.672533] PM: noirq suspend of devices complete after 15.171 msecs
[    9.672545] Disabling non-boot CPUs ...
[    9.674440] CPU1: shutdown
[    9.690048] Entering suspend state LP1
[    9.690098] Enabling non-boot CPUs ...
[    9.716274] CPU1 is up
[    9.718814] pcieport 0000:00:01.0: nv_msi_ht_cap_quirk didn't locate host bridge
[    9.732122] PM: noirq resume of devices complete after 15.817 msecs
[    9.736070] PM: early resume of devices complete after 3.218 msecs
[    9.800413] PM: resume of devices complete after 64.310 msecs
[    9.864480] Restarting tasks ... done.
root@(none):/# 
root@(none):/# rtcwake -d rtc1 -m mem -s 3
rtcwake: assuming RTC uses UTC ...
rtcwake: wakeup from "mem" using /dev/rtc1 at Thu Jan  1 00:00:35 1970
[   10.521645] PM: Syncing filesystems ... done.
[   10.554428] Freezing user space processes ... (elapsed 0.001 seconds) done.
[   10.562850] Freezing remaining freezable tasks ... (elapsed 0.001 seconds) done.
[   10.571709] Suspending console(s) (use no_console_suspend to debug)
[   10.599284] PM: suspend of devices complete after 19.450 msecs
[   10.602951] PM: late suspend of devices complete after 3.637 msecs
[   10.617490] PM: noirq suspend of devices complete after 14.509 msecs
[   10.617501] Disabling non-boot CPUs ...
[   10.619299] CPU1: shutdown
[   10.634974] Entering suspend state LP1
[   10.635023] Enabling non-boot CPUs ...
[   10.661065] CPU1 is up
[   10.661881] pcieport 0000:00:01.0: nv_msi_ht_cap_quirk didn't locate host bridge
[   10.677086] PM: noirq resume of devices complete after 15.988 msecs
[   10.680856] PM: early resume of devices complete after 3.049 msecs
[   10.750242] PM: resume of devices complete after 69.353 msecs
[   10.814313] Restarting tasks ... done.
root@(none):/# 
root@(none):/# rtcwake -d rtc1 -m mem -s 3
rtcwake: assuming RTC uses UTC ...
rtcwake: wakeup from "mem" using /dev/rtc1 at Thu Jan  1 00:00:39 1970
[   11.470323] PM: Syncing filesystems ... done.
[   11.515717] Freezing user space processes ... (elapsed 0.001 seconds) done.
[   11.524314] Freezing remaining freezable tasks ... (elapsed 0.001 seconds) done.
[   11.533438] Suspending console(s) (use no_console_suspend to debug)
[   11.568951] PM: suspend of devices complete after 26.595 msecs
[   11.572611] PM: late suspend of devices complete after 3.628 msecs
[   11.587440] PM: noirq suspend of devices complete after 14.798 msecs
[   11.587452] Disabling non-boot CPUs ...
[   11.589344] CPU1: shutdown
[   11.614925] Entering suspend state LP1
[   11.614975] Enabling non-boot CPUs ...
[   11.641065] CPU1 is up
[   11.642563] pcieport 0000:00:01.0: nv_msi_ht_cap_quirk didn't locate host bridge
[   11.657038] PM: noirq resume of devices complete after 15.939 msecs
[   11.660788] PM: early resume of devices complete after 3.028 msecs
[   11.725290] PM: resume of devices complete after 64.468 msecs
[   11.789356] Restarting tasks ... done.
root@(none):/# 
root@(none):/# rtcwake -d rtc1 -m mem -s 3
rtcwake: assuming RTC uses UTC ...
rtcwake: wakeup from "mem" using /dev/rtc1 at Thu Jan  1 00:00:43 1970
[   12.450214] PM: Syncing filesystems ... done.
[   12.495596] Freezing user space processes ... (elapsed 0.001 seconds) done.
[   12.504195] Freezing remaining freezable tasks ... (elapsed 0.001 seconds) done.
[   12.513311] Suspending console(s) (use no_console_suspend to debug)
[   12.549251] PM: suspend of devices complete after 27.002 msecs
[   12.552848] PM: late suspend of devices complete after 3.565 msecs
[   12.567318] PM: noirq suspend of devices complete after 14.438 msecs
[   12.567330] Disabling non-boot CPUs ...
[   12.569103] CPU1: shutdown
[   12.594850] Entering suspend state LP1
[   12.594900] Enabling non-boot CPUs ...
[   12.620969] CPU1 is up
[   12.621790] pcieport 0000:00:01.0: nv_msi_ht_cap_quirk didn't locate host bridge
[   12.636934] PM: noirq resume of devices complete after 15.934 msecs
[   12.640462] PM: early resume of devices complete after 3.001 msecs
[   12.705255] PM: resume of devices complete after 64.760 msecs
[   12.769287] Restarting tasks ... done.
root@(none):/# 
root@(none):/# rtcwake -d rtc1 -m mem -s 3
rtcwake: assuming RTC uses UTC ...
rtcwake: wakeup from "mem" using /dev/rtc1 at Thu Jan  1 00:00:47 1970
[   13.430683] PM: Syncing filesystems ... done.
[   13.476219] Freezing user space processes ... (elapsed 0.001 seconds) done.
[   13.484772] Freezing remaining freezable tasks ... (elapsed 0.001 seconds) done.
[   13.493903] Suspending console(s) (use no_console_suspend to debug)
[   13.529180] PM: suspend of devices complete after 26.369 msecs
[   13.532767] PM: late suspend of devices complete after 3.556 msecs
[   13.547286] PM: noirq suspend of devices complete after 14.486 msecs
[   13.547298] Disabling non-boot CPUs ...
[   13.549086] CPU1: shutdown
[   13.564812] Entering suspend state LP1
[   13.564862] Enabling non-boot CPUs ...
[   13.590929] CPU1 is up
[   13.591750] pcieport 0000:00:01.0: nv_msi_ht_cap_quirk didn't locate host bridge
[   13.606869] PM: noirq resume of devices complete after 15.908 msecs
[   13.610341] PM: early resume of devices complete after 2.943 msecs
[   13.670198] PM: resume of devices complete after 59.824 msecs
[   13.734221] Restarting tasks ... done.
root@(none):/# 
root@(none):/# rtcwake -d rtc1 -m mem -s 3
rtcwake: assuming RTC uses UTC ...
rtcwake: wakeup from "mem" using /dev/rtc1 at Thu Jan  1 00:00:51 1970
[   14.396472] PM: Syncing filesystems ... done.
[   14.442069] Freezing user space processes ... (elapsed 0.001 seconds) done.
[   14.450606] Freezing remaining freezable tasks ... (elapsed 0.001 seconds) done.
[   14.459698] Suspending console(s) (use no_console_suspend to debug)
[   14.488281] PM: suspend of devices complete after 19.660 msecs
[   14.491872] PM: late suspend of devices complete after 3.558 msecs
[   14.507194] PM: noirq suspend of devices complete after 15.290 msecs
[   14.507206] Disabling non-boot CPUs ...
[   14.509088] CPU1: shutdown
[   14.534743] Entering suspend state LP1
[   14.534794] Enabling non-boot CPUs ...
[   14.560912] CPU1 is up
[   14.563520] pcieport 0000:00:01.0: nv_msi_ht_cap_quirk didn't locate host bridge
[   14.576831] PM: noirq resume of devices complete after 15.886 msecs
[   14.580727] PM: early resume of devices complete after 3.193 msecs
[   14.645011] PM: resume of devices complete after 64.251 msecs
[   14.709112] Restarting tasks ... done.
root@(none):/# 
root@(none):/# rtcwake -d rtc1 -m mem -s 3
rtcwake: assuming RTC uses UTC ...
rtcwake: wakeup from "mem" using /dev/rtc1 at Thu Jan  1 00:00:55 1970
[   15.366087] PM: Syncing filesystems ... done.
[   15.398876] Freezing user space processes ... (elapsed 0.001 seconds) done.
[   15.407292] Freezing remaining freezable tasks ... (elapsed 0.001 seconds) done.
[   15.416146] Suspending console(s) (use no_console_suspend to debug)
[   15.448456] PM: suspend of devices complete after 24.184 msecs
[   15.452210] PM: late suspend of devices complete after 3.723 msecs
[   15.467179] PM: noirq suspend of devices complete after 14.937 msecs
[   15.467190] Disabling non-boot CPUs ...
[   15.469074] CPU1: shutdown
[   15.484650] Entering suspend state LP1
[   15.484700] Enabling non-boot CPUs ...
[   15.510800] CPU1 is up
[   15.511892] pcieport 0000:00:01.0: nv_msi_ht_cap_quirk didn't locate host bridge
[   15.526837] PM: noirq resume of devices complete after 16.004 msecs
[   15.530585] PM: early resume of devices complete after 3.040 msecs
[   15.595087] PM: resume of devices complete after 64.469 msecs
[   15.659175] Restarting tasks ... done.
root@(none):/# 
root@(none):/# rtcwake -d rtc1 -m mem -s 3
rtcwake: assuming RTC uses UTC ...
rtcwake: wakeup from "mem" using /dev/rtc1 at Thu Jan  1 00:00:59 1970
[   16.318177] PM: Syncing filesystems ... done.
[   16.363599] Freezing user space processes ... (elapsed 0.001 seconds) done.
[   16.372214] Freezing remaining freezable tasks ... (elapsed 0.001 seconds) done.
[   16.381267] Suspending console(s) (use no_console_suspend to debug)
[   16.408817] PM: suspend of devices complete after 18.672 msecs
[   16.412363] PM: late suspend of devices complete after 3.514 msecs
[   16.427100] PM: noirq suspend of devices complete after 14.707 msecs
[   16.427112] Disabling non-boot CPUs ...
[   16.428873] CPU1: shutdown
[   16.449617] Entering suspend state LP1
[   16.449667] Enabling non-boot CPUs ...
[   16.475706] CPU1 is up
[   16.476721] pcieport 0000:00:01.0: nv_msi_ht_cap_quirk didn't locate host bridge
[   16.491749] PM: noirq resume of devices complete after 16.010 msecs
[   16.495501] PM: early resume of devices complete after 3.050 msecs
[   16.559925] PM: resume of devices complete after 64.391 msecs
[   16.623995] Restarting tasks ... done.
root@(none):/# 
root@(none):/# NVTB SYSTEM SUSPEND TEST COMPLETE
