

U-Boot 2015.04-00466-gedec83e90172 (Mar 14 2016 - 10:42:01)

TEGRA124
Model: Acer Chromebook 13 CB5-311
DRAM:  4 GiB
C:   Tegra SD/MMC: 0, Tegra SD/MMC: 1, Tegra SD/MMC: 2
MMC init failed
Using default environment

In:    serial
Out:   serial
Err:   serial
Net:   Net Initialization Skipped
No ethernet found.
Hit any key to stop autoboot:  2  0 
Tegra124 (Nyan-big) # 
Tegra124 (Nyan-big) # usb start
starting USB...
USB0:   USB EHCI 1.10
scanning bus 0 for devices... 2 USB Device(s) found
USB1:   USB EHCI 1.10
scanning bus 1 for devices... 2 USB Device(s) found
       scanning usb for storage devices... 1 Storage Device(s) found
       scanning usb for ethernet devices... 
Warning: asx0 using MAC address from net device
1 Ethernet Device(s) found
Tegra124 (Nyan-big) # mw 0x7000e4a0 0x00080000
Tegra124 (Nyan-big) # setenv bootargs 'ignore_loglevel console=ttyS0,115200n8 rw root=PARTUUID=4d36e82a-b3c0-4b4b-bfcd-afe5217ac023 rootwait gpt debug noinitrd earlyprintk init=/bin/bash'
Tegra124 (Nyan-big) # setenv ipaddr 192.168.100.104; setenv serverip 192.168.100.1; setenv tftpserverip 192.168.100.1
Tegra124 (Nyan-big) # tftpboot 0x82000000 zImage.tegra_defconfig
Using asx0 device
TFTP from server 192.168.100.1; our IP address is 192.168.100.104
Filename 'zImage.tegra_defconfig'.
Load address: 0x82000000
Loading: *#################################################################
	 #################################################################
	 #################################################################
	 #################################################################
	 #################################################################
	 #################################################################
	 ###############################
	 3.6 MiB/s
done
Bytes transferred = 6167344 (5e1b30 hex)
Tegra124 (Nyan-big) # tftpboot 0x83000000 tegra124-nyan-big.dtb
Using asx0 device
TFTP from server 192.168.100.1; our IP address is 192.168.100.104
Filename 'tegra124-nyan-big.dtb'.
Load address: 0x83000000
Loading: *#####
	 3.4 MiB/s
done
Bytes transferred = 67482 (1079a hex)
Tegra124 (Nyan-big) # bootz 0x82000000 - 0x83000000
Kernel image @ 0x82000000 [ 0x000000 - 0x5e1b30 ]
## Flattened Device Tree blob at 83000000
   Booting using the fdt blob at 0x83000000
   Using Device Tree in place at 83000000, end 83013799

Starting kernel ...

[    0.000000] Booting Linux on physical CPU 0x0
[    0.000000] Linux version 4.15.0-rc3-14535-g50c4c4e (jonathanh@kaivo) (gcc version 4.7.3 20130328 (prerelease) (crosstool-NG linaro-1.13.1-4.7-2013.04-20130415 - Linaro GCC 2013.04)) #1 SMP PREEMPT Tue Dec 12 08:01:16 PST 2017
[    0.000000] CPU: ARMv7 Processor [413fc0f3] revision 3 (ARMv7), cr=10c5387d
[    0.000000] CPU: div instructions available: patching division code
[    0.000000] CPU: PIPT / VIPT nonaliasing data cache, PIPT instruction cache
[    0.000000] OF: fdt: Machine model: Acer Chromebook 13 CB5-311
[    0.000000] OF: fdt: Ignoring memory range 0x100000000 - 0x17ffff000
[    0.000000] debug: ignoring loglevel setting.
[    0.000000] bootconsole [earlycon0] enabled
[    0.000000] Memory policy: Data cache writealloc
[    0.000000] cma: Reserved 64 MiB at 0xfbc00000
[    0.000000] On node 0 totalpages: 524287
[    0.000000]   Normal zone: 1536 pages used for memmap
[    0.000000]   Normal zone: 0 pages reserved
[    0.000000]   Normal zone: 196608 pages, LIFO batch:31
[    0.000000]   HighMem zone: 327679 pages, LIFO batch:31
[    0.000000] random: fast init done
[    0.000000] percpu: Embedded 17 pages/cpu @(ptrval) s39104 r8192 d22336 u69632
[    0.000000] pcpu-alloc: s39104 r8192 d22336 u69632 alloc=17*4096
[    0.000000] pcpu-alloc: [0] 0 [0] 1 [0] 2 [0] 3 
[    0.000000] Built 1 zonelists, mobility grouping on.  Total pages: 522751
[    0.000000] Kernel command line: ignore_loglevel console=ttyS0,115200n8 rw root=PARTUUID=4d36e82a-b3c0-4b4b-bfcd-afe5217ac023 rootwait gpt debug noinitrd earlyprintk init=/bin/bash
[    0.000000] Dentry cache hash table entries: 131072 (order: 7, 524288 bytes)
[    0.000000] Inode-cache hash table entries: 65536 (order: 6, 262144 bytes)
[    0.000000] Memory: 1999512K/2097148K available (9216K kernel code, 777K rwdata, 2560K rodata, 1024K init, 299K bss, 32100K reserved, 65536K cma-reserved, 1245180K highmem)
[    0.000000] Virtual kernel memory layout:
[    0.000000]     vector  : 0xffff0000 - 0xffff1000   (   4 kB)
[    0.000000]     fixmap  : 0xffc00000 - 0xfff00000   (3072 kB)
[    0.000000]     vmalloc : 0xf0800000 - 0xff800000   ( 240 MB)
[    0.000000]     lowmem  : 0xc0000000 - 0xf0000000   ( 768 MB)
[    0.000000]     pkmap   : 0xbfe00000 - 0xc0000000   (   2 MB)
[    0.000000]     modules : 0xbf000000 - 0xbfe00000   (  14 MB)
[    0.000000]       .text : 0x(ptrval) - 0x(ptrval)   (10208 kB)
[    0.000000]       .init : 0x(ptrval) - 0x(ptrval)   (1024 kB)
[    0.000000]       .data : 0x(ptrval) - 0x(ptrval)   ( 778 kB)
[    0.000000]        .bss : 0x(ptrval) - 0x(ptrval)   ( 300 kB)
[    0.000000] Preemptible hierarchical RCU implementation.
[    0.000000] 	Tasks RCU enabled.
[    0.000000] NR_IRQS: 16, nr_irqs: 16, preallocated irqs: 16
[    0.000000] /interrupt-controller@60004000: 160 interrupts forwarded to /interrupt-controller@50041000
[    0.000000] Tegra clk 127: register failed with -17
[    0.000004] sched_clock: 32 bits at 1000kHz, resolution 1000ns, wraps every 2147483647500ns
[    0.008023] clocksource: timer_us: mask: 0xffffffff max_cycles: 0xffffffff, max_idle_ns: 1911260446275 ns
[    0.017554] Switching to timer-based delay loop, resolution 1000ns
[    0.024077] arch_timer: cp15 timer(s) running at 12.00MHz (virt).
[    0.029776] clocksource: arch_sys_counter: mask: 0xffffffffffffff max_cycles: 0x2c47f4ee7, max_idle_ns: 440795202497 ns
[    0.040522] sched_clock: 56 bits at 12MHz, resolution 83ns, wraps every 4398046511096ns
[    0.048493] Switching to timer-based delay loop, resolution 83ns
[    0.054672] Console: colour dummy device 80x30
[    0.058902] Calibrating delay loop (skipped), value calculated using timer frequency.. 24.00 BogoMIPS (lpj=120000)
[    0.069211] pid_max: default: 32768 minimum: 301
[    0.073975] Mount-cache hash table entries: 2048 (order: 1, 8192 bytes)
[    0.080393] Mountpoint-cache hash table entries: 2048 (order: 1, 8192 bytes)
[    0.087739] CPU: Testing write buffer coherency: ok
[    0.092403] /cpus/cpu@0 missing clock-frequency property
[    0.097556] /cpus/cpu@1 missing clock-frequency property
[    0.102852] /cpus/cpu@2 missing clock-frequency property
[    0.108130] /cpus/cpu@3 missing clock-frequency property
[    0.113412] CPU0: thread -1, cpu 0, socket 0, mpidr 80000000
[    0.153454] Setting up static identity map for 0x80100000 - 0x801000a0
[    0.158109] Hierarchical SRCU implementation.
[    0.173664] Tegra Revision: A01 SKU: 131 CPU Process: 1 SoC Process: 1
[    0.193458] smp: Bringing up secondary CPUs ...
[    0.243756] CPU1: thread -1, cpu 1, socket 0, mpidr 80000001
[    0.323782] CPU2: thread -1, cpu 2, socket 0, mpidr 80000002
[    0.403821] CPU3: thread -1, cpu 3, socket 0, mpidr 80000003
[    0.413598] smp: Brought up 1 node, 4 CPUs
[    0.432676] SMP: Total of 4 processors activated (96.00 BogoMIPS).
[    0.438834] CPU: All CPU(s) started in SVC mode.
[    0.444118] devtmpfs: initialized
[    0.453135] VFP support v0.3: implementor 41 architecture 4 part 30 variant f rev 0
[    0.459030] clocksource: jiffies: mask: 0xffffffff max_cycles: 0xffffffff, max_idle_ns: 19112604462750000 ns
[    0.468671] futex hash table entries: 1024 (order: 4, 65536 bytes)
[    0.475355] pinctrl core: initialized pinctrl subsystem
[    0.480495] NET: Registered protocol family 16
[    0.484992] DMA: preallocated 256 KiB pool for atomic coherent allocations
[    0.491739] cpuidle: using governor menu
[    0.502739] No ATAGs?
[    0.502800] hw-breakpoint: found 5 (+1 reserved) breakpoint and 4 watchpoint registers.
[    0.511139] hw-breakpoint: maximum watchpoint size is 8 bytes.
[    0.517805] tegra-mc 70019000.memory-controller: no memory timings for RAM code 0 registered
[    0.525485] iommu: Adding device reg-dummy to group 0
[    0.530397] iommu: Adding device 50000000.host1x to group 1
[    0.535949] iommu: Adding device 54200000.dc to group 2
[    0.541140] iommu: Adding device 54240000.dc to group 3
[    0.546334] iommu: Adding device 54280000.hdmi to group 4
[    0.551702] iommu: Adding device 54540000.sor to group 5
[    0.556993] iommu: Adding device 545c0000.dpaux to group 6
[    0.562461] iommu: Adding device 57000000.gpu to group 7
[    0.567739] iommu: Adding device 60005000.timer to group 8
[    0.573196] iommu: Adding device 60007000.flow-controller to group 9
[    0.579527] iommu: Adding device 6000c800.actmon to group 10
[    0.585155] iommu: Adding device 6000d000.gpio to group 11
[    0.590622] iommu: Adding device 60020000.dma to group 12
[    0.595987] iommu: Adding device 70000800.apbmisc to group 13
[    0.601712] iommu: Adding device 70000868.pinmux to group 14
[    0.607340] iommu: Adding device 70006000.serial to group 15
[    0.612979] iommu: Adding device 7000a000.pwm to group 16
[    0.618346] iommu: Adding device 7000c000.i2c to group 17
[    0.623725] iommu: Adding device 7000c400.i2c to group 18
[    0.629095] iommu: Adding device 7000c500.i2c to group 19
[    0.634475] iommu: Adding device 7000c700.i2c to group 20
[    0.639839] iommu: Adding device 7000d000.i2c to group 21
[    0.645222] iommu: Adding device 7000d400.spi to group 22
[    0.650586] iommu: Adding device 7000da00.spi to group 23
[    0.655966] iommu: Adding device 7000e000.rtc to group 24
[    0.661333] iommu: Adding device 7000e400.pmc to group 25
[    0.666714] iommu: Adding device 7000f800.fuse to group 26
[    0.672166] iommu: Adding device 70019000.memory-controller to group 27
[    0.678759] iommu: Adding device 7001b000.emc to group 28
[    0.684125] iommu: Adding device 70030000.hda to group 29
[    0.689509] iommu: Adding device 70090000.usb to group 30
[    0.694873] iommu: Adding device 7009f000.padctl to group 31
[    0.700512] iommu: Adding device 700b0000.sdhci to group 32
[    0.706055] iommu: Adding device 700b0400.sdhci to group 33
[    0.711611] iommu: Adding device 700b0600.sdhci to group 34
[    0.717146] iommu: Adding device 700e2000.thermal-sensor to group 35
[    0.723479] iommu: Adding device 70300000.ahub to group 36
[    0.728935] iommu: Adding device pmu to group 37
[    0.733535] iommu: Adding device timer to group 38
[    0.738292] iommu: Adding device sdhci0_pwrseq to group 39
[    0.743759] iommu: Adding device backlight to group 40
[    0.748870] iommu: Adding device clocks to group 41
[    0.753719] iommu: Adding device gpio-keys to group 42
[    0.758838] iommu: Adding device regulators to group 43
[    0.764033] iommu: Adding device regulators:regulator@0 to group 44
[    0.770278] iommu: Adding device regulators:regulator@1 to group 45
[    0.776513] iommu: Adding device regulators:regulator@2 to group 46
[    0.782759] iommu: Adding device regulators:regulator@3 to group 47
[    0.788995] iommu: Adding device regulators:regulator@4 to group 48
[    0.795240] iommu: Adding device regulators:regulator@5 to group 49
[    0.801473] iommu: Adding device regulators:regulator@6 to group 50
[    0.807719] iommu: Adding device regulators:regulator@7 to group 51
[    0.813955] iommu: Adding device regulators:regulator@8 to group 52
[    0.820201] iommu: Adding device regulators:regulator@9 to group 53
[    0.826434] iommu: Adding device regulators:regulator@10 to group 54
[    0.832767] iommu: Adding device regulators:regulator@11 to group 55
[    0.839087] iommu: Adding device regulators:regulator@12 to group 56
[    0.845420] iommu: Adding device sound to group 57
[    0.850179] iommu: Adding device gpio-restart to group 58
[    0.855557] iommu: Adding device panel to group 59
[    0.866064] +5V_SYS: supplied by +VDD_MUX
[    0.868294] +3.3V_SYS: supplied by +VDD_MUX
[    0.872591] +VDD_LED: Failed to request enable GPIO122: -517
[    0.877961] reg-fixed-voltage regulators:regulator@5: Failed to register regulator: -517
[    0.886045] +5V_VDD_TS_SW: Failed to request enable GPIO81: -517
[    0.892008] reg-fixed-voltage regulators:regulator@6: Failed to register regulator: -517
[    0.900085] +5V_USB_HS: Failed to request enable GPIO108: -517
[    0.905866] reg-fixed-voltage regulators:regulator@7: Failed to register regulator: -517
[    0.913950] +5V_USB_SS: Failed to request enable GPIO109: -517
[    0.919730] reg-fixed-voltage regulators:regulator@8: Failed to register regulator: -517
[    0.927877] +1.05V_RUN_AVDD_HDMI_PLL: Failed to request enable GPIO63: -517
[    0.934722] reg-fixed-voltage regulators:regulator@11: Failed to register regulator: -517
[    0.942897] +5V_HDMI_CON: Failed to request enable GPIO86: -517
[    0.948762] reg-fixed-voltage regulators:regulator@12: Failed to register regulator: -517
[    0.957335] vgaarb: loaded
[    0.959859] SCSI subsystem initialized
[    0.963412] libata version 3.00 loaded.
[    0.967241] usbcore: registered new interface driver usbfs
[    0.972619] usbcore: registered new interface driver hub
[    0.977910] usbcore: registered new device driver usb
[    0.984154] Linux video capture interface: v2.00
[    0.987520] pps_core: LinuxPPS API ver. 1 registered
[    0.992435] pps_core: Software ver. 5.3.6 - Copyright 2005-2007 Rodolfo Giometti <giometti@linux.it>
[    1.001560] PTP clock support registered
[    1.005581] tegra-emc 7001b000.emc: no memory timings for RAM code 0 found in DT
[    1.012816] tegra-emc: probe of 7001b000.emc failed with error -2
[    1.018971] Advanced Linux Sound Architecture Driver Initialized.
[    1.025186] Bluetooth: Core ver 2.22
[    1.028507] NET: Registered protocol family 31
[    1.032908] Bluetooth: HCI device and connection manager initialized
[    1.039247] Bluetooth: HCI socket layer initialized
[    1.044090] Bluetooth: L2CAP socket layer initialized
[    1.049131] Bluetooth: SCO socket layer initialized
[    1.054225] clocksource: Switched to clocksource arch_sys_counter
[    1.091473] NET: Registered protocol family 2
[    1.094309] TCP established hash table entries: 8192 (order: 3, 32768 bytes)
[    1.100962] TCP bind hash table entries: 8192 (order: 4, 65536 bytes)
[    1.107411] TCP: Hash tables configured (established 8192 bind 8192)
[    1.113846] UDP hash table entries: 512 (order: 2, 16384 bytes)
[    1.119587] UDP-Lite hash table entries: 512 (order: 2, 16384 bytes)
[    1.126015] NET: Registered protocol family 1
[    1.130514] RPC: Registered named UNIX socket transport module.
[    1.136128] RPC: Registered udp transport module.
[    1.140798] RPC: Registered tcp transport module.
[    1.145483] RPC: Registered tcp NFSv4.1 backchannel transport module.
[    1.152065] iommu: Adding device regulatory.0 to group 60
[    1.157355] PCI: CLS 0 bytes, default 64
[    1.161853] hw perfevents: enabled with armv7_cortex_a15 PMU driver, 7 counters available
[    1.169585] iommu: Adding device alarmtimer to group 61
[    1.174922] Initialise system trusted keyrings
[    1.179009] workingset: timestamp_bits=30 max_order=19 bucket_order=0
[    1.185843] squashfs: version 4.0 (2009/01/31) Phillip Lougher
[    1.191427] NFS: Registering the id_resolver key type
[    1.196199] Key type id_resolver registered
[    1.200338] Key type id_legacy registered
[    1.206089] Key type asymmetric registered
[    1.208399] Asymmetric key parser 'x509' registered
[    1.213305] bounce: pool size: 64 pages
[    1.217100] io scheduler noop registered (default)
[    1.221832] io scheduler mq-deadline registered
[    1.226344] io scheduler kyber registered
[    1.230967] tegra-xusb-padctl 7009f000.padctl: failed to setup XUSB ports: -517
[    1.243369] tegra-apbdma 60020000.dma: Tegra20 APB DMA driver register 32 channels
[    1.249456] tegra-pmc 7000e400.pmc: i2c-thermtrip node not found, emergency thermal reset disabled.
[    1.258249] Serial: 8250/16550 driver, 4 ports, IRQ sharing disabled
[    1.264406] iommu: Adding device serial8250 to group 62
[    1.270200] console [ttyS0] disabled
[    1.273126] 70006000.serial: ttyS0 at MMIO 0x70006000 (irq = 333, base_baud = 25500000) is a Tegra
[    1.282080] console [ttyS0] enabled
[    1.282080] console [ttyS0] enabled
[    1.288283] bootconsole [earlycon0] disabled
[    1.288283] bootconsole [earlycon0] disabled
[    1.314343] tegra-hdmi 54280000.hdmi: failed to get HDMI regulator
[    1.320886] tegra-dpaux 545c0000.dpaux: failed to get VDD supply: -517
[    1.328342] panel-simple panel: panel supply power not found, using dummy regulator
[    1.339635] loop: module loaded
[    1.343327] as3722 4-0040: AS3722 with revision 0x1 found
[    1.349950] iommu: Adding device as3722-pinctrl to group 63
[    1.356894] iommu: Adding device as3722-regulator to group 64
[    1.364716] as3722-sd2: supplied by +5V_SYS
[    1.369143] as3722-sd3: supplied by +5V_SYS
[    1.373477] +1.35V_LP0(sd3): Bringing 0uV into 1350000-1350000uV
[    1.379670] as3722-sd4: supplied by +5V_SYS
[    1.384006] +1.05V_RUN: Bringing 0uV into 1050000-1050000uV
[    1.389763] as3722-sd5: supplied by +5V_SYS
[    1.395363] as3722-ldo0: supplied by +1.35V_LP0(sd2)
[    1.401104] +1.8V_RUN_CAM: Bringing 0uV into 1800000-1800000uV
[    1.407130] as3722-ldo2: supplied by +1.8V_VDDIO
[    1.412754] as3722-ldo3: supplied by +3.3V_SYS
[    1.417215] +1.00V_LP0_VDD_RTC: Bringing 1100000uV into 1000000-1000000uV
[    1.424795] as3722-ldo4: supplied by +3.3V_SYS
[    1.429394] +3.3V_RUN_CAM: Bringing 0uV into 2800000-2800000uV
[    1.435420] as3722-ldo5: supplied by +1.8V_VDDIO
[    1.440192] +1.2V_RUN_CAM_FRONT: Bringing 0uV into 1200000-1200000uV
[    1.446888] +VDDIO_SDMMC3: Bringing 0uV into 1800000-1800000uV
[    1.452917] as3722-ldo7: supplied by +1.8V_VDDIO
[    1.457698] +1.05V_RUN_CAM_REAR: Bringing 0uV into 1050000-1050000uV
[    1.464257] as3722-ldo9: supplied by +5V_SYS
[    1.468827] +2.8V_RUN_TOUCH: Bringing 0uV into 2800000-2800000uV
[    1.475038] as3722-ldo10: supplied by +5V_SYS
[    1.479556] +2.8V_RUN_CAM_AF: Bringing 0uV into 2800000-2800000uV
[    1.486002] +1.8V_RUN_VPP_FUSE: Bringing 0uV into 1800000-1800000uV
[    1.492517] iommu: Adding device as3722-rtc to group 65
[    1.497800] iommu: Adding device as3722-adc to group 66
[    1.503064] iommu: Adding device as3722-power-off to group 67
[    1.508857] iommu: Adding device as3722-wdt to group 68
[    1.530613] cros-ec-spi spi0.0: packet too long (249 bytes, expected 4)
[    1.545774] iommu: Adding device cros-ec-ctl.0.auto to group 69
[    1.551752] iommu: Adding device 7000d400.spi:cros-ec@0:i2c-tunnel to group 70
[    1.559084] iommu: Adding device 7000d400.spi:cros-ec@0:keyboard-controller to group 71
[    1.569880] cros-ec-spi spi0.0: Chrome EC device registered
[    1.584734] m25p80 spi1.0: w25q32dw (4096 Kbytes)
[    1.590182] iommu: Adding device Fixed MDIO bus.0 to group 72
[    1.595987] libphy: Fixed MDIO Bus: probed
[    1.600071] CAN device driver interface
[    1.603913] igb: Intel(R) Gigabit Ethernet Network Driver - version 5.4.0-k
[    1.610862] igb: Copyright (c) 2007-2014 Intel Corporation.
[    1.616477] pegasus: v0.9.3 (2013/04/25), Pegasus/Pegasus II USB Ethernet driver
[    1.623881] usbcore: registered new interface driver pegasus
[    1.629553] usbcore: registered new interface driver asix
[    1.634968] usbcore: registered new interface driver ax88179_178a
[    1.641063] usbcore: registered new interface driver cdc_ether
[    1.646910] usbcore: registered new interface driver smsc75xx
[    1.652662] usbcore: registered new interface driver smsc95xx
[    1.658417] usbcore: registered new interface driver net1080
[    1.664080] usbcore: registered new interface driver cdc_subset
[    1.670008] usbcore: registered new interface driver zaurus
[    1.675596] usbcore: registered new interface driver cdc_ncm
[    1.681329] ehci_hcd: USB 2.0 'Enhanced' Host Controller (EHCI) Driver
[    1.687846] ehci-pci: EHCI PCI platform driver
[    1.692296] tegra-ehci: Tegra EHCI driver
[    1.696568] usbcore: registered new interface driver cdc_acm
[    1.702211] cdc_acm: USB Abstract Control Model driver for USB modems and ISDN adapters
[    1.710222] usbcore: registered new interface driver cdc_wdm
[    1.715895] usbcore: registered new interface driver usb-storage
[    1.722546] input: cros_ec as /devices/soc0/7000d400.spi/spi_master/spi0/spi0.0/7000d400.spi:cros-ec@0:keyboard-controller/input/input0
[    1.741929] as3722-rtc as3722-rtc: rtc core: registered as3722-rtc as rtc0
[    1.748795] as3722-rtc as3722-rtc: RTC interrupt 372
[    1.755561] tegra_rtc 7000e000.rtc: rtc core: registered 7000e000.rtc as rtc1
[    1.762697] tegra_rtc 7000e000.rtc: Tegra internal Real Time Clock
[    1.768981] i2c /dev entries driver
[    1.772881] usbcore: registered new interface driver uvcvideo
[    1.778619] USB Video Class driver (1.1.1)
[    1.782702] gspca_main: v2.14.0 registered
[    1.787024] lm90 0-004c: 0-004c supply vcc not found, using dummy regulator
[    1.795677] tegra-wdt 60005000.timer: initialized (heartbeat = 120 sec, nowayout = 0)
[    1.803707] iommu: Adding device cpufreq-tegra124 to group 73
[    1.809771] sdhci: Secure Digital Host Controller Interface driver
[    1.815946] sdhci: Copyright(c) Pierre Ossman
[    1.820289] sdhci-pltfm: SDHCI platform and OF driver helper
[    1.826063] sdhci-tegra 700b0000.sdhci: allocated mmc-pwrseq
[    1.838357] sdhci-tegra 700b0400.sdhci: Got CD GPIO
[    1.843228] sdhci-tegra 700b0400.sdhci: Got WP GPIO
[    1.862358] mmc0: Unknown controller version (3). You may experience problems.
[    1.869600] mmc0: Invalid maximum block size, assuming 512 bytes
[    1.934260] mmc0: SDHCI controller on 700b0600.sdhci [700b0600.sdhci] using ADMA
[    1.941968] usbcore: registered new interface driver usbhid
[    1.948659] usbhid: USB HID core driver
[    1.955540] iommu: Adding device snd-soc-dummy to group 74
[    1.962422] iommu: Adding device 70301100.i2s to group 75
[    1.968375] tegra30-i2s 70301100.i2s: DMA channels sourced from device 70300000.ahub
[    2.014720] max98090 0-0010: MAX98090 REVID=0x43
[    2.021255] max98090 0-0010: use default 2.8v micbias
[    2.028782] tegra-snd-max98090 sound: HiFi <-> 70301100.i2s mapping ok
[    2.036059] mmc0: new high speed MMC card at address 0001
[    2.041673] mmcblk0: mmc0:0001 MMC16G 14.4 GiB 
[    2.046375] mmcblk0boot0: mmc0:0001 MMC16G partition 1 2.00 MiB
[    2.052486] input: GoogleNyanBig Headphones as /devices/soc0/sound/sound/card1/input1
[    2.060455] mmcblk0boot1: mmc0:0001 MMC16G partition 2 2.00 MiB
[    2.066450] mmcblk0rpmb: mmc0:0001 MMC16G partition 3 128 KiB, chardev (247:0)
[    2.066550] input: GoogleNyanBig Mic Jack as /devices/soc0/sound/sound/card1/input2
[    2.074160] NET: Registered protocol family 10
[    2.074720] Segment Routing with IPv6
[    2.074791] mip6: Mobile IPv6
[    2.074794] sit: IPv6, IPv4 and MPLS over IPv4 tunneling driver
[    2.075430] NET: Registered protocol family 17
[    2.075441] NET: Registered protocol family 15
[    2.075444] can: controller area network core (rev 20170425 abi 9)
[    2.075524] NET: Registered protocol family 29
[    2.075528] can: raw protocol (rev 20170425)
[    2.075531] can: broadcast manager protocol (rev 20170425 t)
[    2.075538] can: netlink gateway (rev 20170425) max_hops=1
[    2.075633] Bluetooth: RFCOMM socket layer initialized
[    2.075653] Bluetooth: RFCOMM ver 1.11
[    2.075661] Bluetooth: BNEP (Ethernet Emulation) ver 1.3
[    2.075668] Bluetooth: BNEP socket layer initialized
[    2.075671] Bluetooth: HIDP (Human Interface Emulation) ver 1.2
[    2.075676] Bluetooth: HIDP socket layer initialized
[    2.075788] Key type dns_resolver registered
[    2.081453] Registering SWP/SWPB emulation handler
[    2.081801] Loading compiled-in X.509 certificates
[    2.098473] +3.3V_RUN: supplied by +3.3V_SYS
[    2.107707] +VDD_LED: supplied by +VDD_MUX
[    2.107828] +3.3V_AVDD_HDMI_AP_GATED: supplied by +3.3V_RUN
[    2.107875] +1.8V_RUN_CAM: supplied by +3.3V_RUN
[    2.107925] +VDDIO_SDMMC3: supplied by +3.3V_RUN
[    2.107970] +1.8V_RUN_VPP_FUSE: supplied by +3.3V_RUN
[    2.108089] +5V_VDD_TS_SW: supplied by +5V_SYS
[    2.108286] +5V_USB_HS: supplied by +5V_SYS
[    2.108474] +5V_USB_SS: supplied by +5V_SYS
[    2.128084] +3.3V_PANEL: supplied by +3.3V_RUN
[    2.147834] +3.3V_LP0: supplied by +3.3V_SYS
[    2.164012] +1.05V_RUN_AVDD_HDMI_PLL: supplied by +1.05V_RUN
[    2.164250] +5V_HDMI_CON: supplied by +5V_SYS
[    2.165048]  usb3-0: usb3-0 supply vbus not found, using dummy regulator
[    2.165118]  usb3-1: usb3-1 supply vbus not found, using dummy regulator
[    2.167550] tegra-sor 54540000.sor: failed to probe output: -517
[    2.167767] panel-simple panel: panel supply power not found, using dummy regulator
[    2.169922] tegra-xusb 70090000.usb: Direct firmware load for nvidia/tegra124/xusb.bin failed with error -2
[    2.169927] tegra-xusb 70090000.usb: failed to request firmware: -2
[    2.169929] tegra-xusb 70090000.usb: failed to load firmware: -2
[    2.177987] tegra-xusb: probe of 70090000.usb failed with error -2
[    2.178494] sdhci-tegra 700b0000.sdhci: allocated mmc-pwrseq
[    2.186831] mmc1: Unknown controller version (3). You may experience problems.
[    2.186876] mmc1: Invalid maximum block size, assuming 512 bytes
[    2.187164] mmc1: Switching to 3.3V signalling voltage failed
[    2.244340] mmc1: SDHCI controller on 700b0000.sdhci [700b0000.sdhci] using ADMA
[    2.244633] sdhci-tegra 700b0400.sdhci: Got CD GPIO
[    2.244643] sdhci-tegra 700b0400.sdhci: Got WP GPIO
[    2.252979] mmc2: Unknown controller version (3). You may experience problems.
[    2.253036] mmc2: Invalid maximum block size, assuming 512 bytes
[    2.324463] mmc2: SDHCI controller on 700b0400.sdhci [700b0400.sdhci] using ADMA
[    2.359949]  mmcblk0: p1 p2 p3 p4 p5 p6 p7 p8 p9 p10 p11 p12
[    2.388378] mmc1: new high speed SDIO card at address 0001
[    2.433589] [drm] Supports vblank timestamp caching Rev 2 (21.10.2013).
[    2.440230] [drm] No driver support for vblank timestamp query.
