

U-Boot 2015.04-00466-gedec83e90172 (Mar 14 2016 - 10:42:01)

TEGRA124
Model: Acer Chromebook 13 CB5-311
DRAM:  4 GiB
C:   Tegra SD/MMC: 0, Tegra SD/MMC: 1, Tegra SD/MMC: 2
MMC init failed
Using default environment

In:    serial
Out:   serial
Err:   serial
Net:   Net Initialization Skipped
No ethernet found.
Hit any key to stop autoboot:  2  0 
Tegra124 (Nyan-big) # 
Tegra124 (Nyan-big) # usb start
starting USB...
USB0:   USB EHCI 1.10
scanning bus 0 for devices... 2 USB Device(s) found
USB1:   USB EHCI 1.10
scanning bus 1 for devices... 2 USB Device(s) found
       scanning usb for storage devices... 1 Storage Device(s) found
       scanning usb for ethernet devices... 
Warning: asx0 using MAC address from net device
1 Ethernet Device(s) found
Tegra124 (Nyan-big) # setenv bootargs 'ignore_loglevel console=ttyS0,115200n8 rw root=PARTUUID=4d36e82a-b3c0-4b4b-bfcd-afe5217ac023 rootwait gpt debug noinitrd earlyprintk init=/bin/bash'
Tegra124 (Nyan-big) # setenv ipaddr 192.168.100.102; setenv serverip 192.168.100.1; setenv tftpserverip 192.168.100.1
Tegra124 (Nyan-big) # tftpboot 0x82000000 zImage.tegra_defconfig
Using asx0 device
TFTP from server 192.168.100.1; our IP address is 192.168.100.102
Filename 'zImage.tegra_defconfig'.
Load address: 0x82000000
Loading: *#################################################################
	 #################################################################
	 #################################################################
	 #################################################################
	 #################################################################
	 ############################################
	 3.7 MiB/s
done
Bytes transferred = 5409448 (528aa8 hex)
Tegra124 (Nyan-big) # tftpboot 0x83000000 tegra124-nyan-big.dtb
Using asx0 device
TFTP from server 192.168.100.1; our IP address is 192.168.100.102
Filename 'tegra124-nyan-big.dtb'.
Load address: 0x83000000
Loading: *#####
	 2.8 MiB/s
done
Bytes transferred = 66821 (10505 hex)
Tegra124 (Nyan-big) # bootz 0x82000000 - 0x83000000
Kernel image @ 0x82000000 [ 0x000000 - 0x528aa8 ]
## Flattened Device Tree blob at 83000000
   Booting using the fdt blob at 0x83000000
   Using Device Tree in place at 83000000, end 83013504

Starting kernel ...

[    3.135550] console [ttyS0] enabled
[    3.139026] bootconsole [earlycon0] disabled
[    3.144287] [drm] Initialized drm 1.1.0 20060810
[    3.149317] tegra-hdmi 54280000.hdmi: failed to get HDMI regulator
[    3.155913] tegra-dpaux 545c0000.dpaux: failed to get VDD supply: -517
[    3.163220] panel supply power not found, using dummy regulator
[    3.174594] loop: module loaded
[    3.178375] as3722 4-0040: AS3722 with revision 0x1 found
[    3.188492] as3722-sd2: supplied by +5V_SYS
[    3.192994] as3722-sd3: supplied by +5V_SYS
[    3.197353] +1.35V_LP0(sd3): Bringing 0uV into 1350000-1350000uV
[    3.203614] as3722-sd4: supplied by +5V_SYS
[    3.207960] +1.05V_RUN: Bringing 0uV into 1050000-1050000uV
[    3.213785] as3722-sd5: supplied by +5V_SYS
[    3.219585] as3722-ldo0: supplied by +1.35V_LP0(sd2)
[    3.225415] +1.8V_RUN_CAM: Bringing 0uV into 1800000-1800000uV
[    3.231531] as3722-ldo2: supplied by +1.8V_VDDIO
[    3.237268] as3722-ldo3: supplied by +3.3V_SYS
[    3.241721] +1.00V_LP0_VDD_RTC: Bringing 1100000uV into 1000000-1000000uV
[    3.249385] as3722-ldo4: supplied by +3.3V_SYS
[    3.253982] +3.3V_RUN_CAM: Bringing 0uV into 2800000-2800000uV
[    3.260100] as3722-ldo5: supplied by +1.8V_VDDIO
[    3.264884] +1.2V_RUN_CAM_FRONT: Bringing 0uV into 1200000-1200000uV
[    3.271666] +VDDIO_SDMMC3: Bringing 0uV into 1800000-1800000uV
[    3.277798] as3722-ldo7: supplied by +1.8V_VDDIO
[    3.282571] +1.05V_RUN_CAM_REAR: Bringing 0uV into 1050000-1050000uV
[    3.289222] as3722-ldo9: supplied by +5V_SYS
[    3.293794] +2.8V_RUN_TOUCH: Bringing 0uV into 2800000-2800000uV
[    3.300098] as3722-ldo10: supplied by +5V_SYS
[    3.304611] +2.8V_RUN_CAM_AF: Bringing 0uV into 2800000-2800000uV
[    3.311148] +1.8V_RUN_VPP_FUSE: Bringing 0uV into 1800000-1800000uV
[    3.361659] cros-ec-spi spi32766.0: Chrome EC device registered
[    3.371767] random: fast init done
[    3.377066] m25p80 spi32765.0: w25q32dw (4096 Kbytes)
[    3.383460] libphy: Fixed MDIO Bus: probed
[    3.387565] CAN device driver interface
[    3.391422] igb: Intel(R) Gigabit Ethernet Network Driver - version 5.3.0-k
[    3.398371] igb: Copyright (c) 2007-2014 Intel Corporation.
[    3.404042] pegasus: v0.9.3 (2013/04/25), Pegasus/Pegasus II USB Ethernet driver
[    3.411481] usbcore: registered new interface driver pegasus
[    3.417193] usbcore: registered new interface driver asix
[    3.422617] usbcore: registered new interface driver ax88179_178a
[    3.428752] usbcore: registered new interface driver cdc_ether
[    3.434634] usbcore: registered new interface driver smsc75xx
[    3.440418] usbcore: registered new interface driver smsc95xx
[    3.446204] usbcore: registered new interface driver net1080
[    3.451886] usbcore: registered new interface driver cdc_subset
[    3.457836] usbcore: registered new interface driver zaurus
[    3.463452] usbcore: registered new interface driver cdc_ncm
[    3.469210] ehci_hcd: USB 2.0 'Enhanced' Host Controller (EHCI) Driver
[    3.475727] ehci-pci: EHCI PCI platform driver
[    3.480199] tegra-ehci: Tegra EHCI driver
[    3.484530] usbcore: registered new interface driver cdc_acm
[    3.490180] cdc_acm: USB Abstract Control Model driver for USB modems and ISDN adapters
[    3.498210] usbcore: registered new interface driver cdc_wdm
[    3.503911] usbcore: registered new interface driver usb-storage
[    3.510176] mousedev: PS/2 mouse device common for all mice
[    3.516053] input: cros_ec as /devices/soc0/7000d400.spi/spi_master/spi32766/spi32766.0/7000d400.spi:cros-ec@0:keyboard-controller/input/input0
[    3.530994] as3722-rtc as3722-rtc: rtc core: registered as3722-rtc as rtc0
[    3.537861] as3722-rtc as3722-rtc: RTC interrupt 370
[    3.544691] tegra_rtc 7000e000.rtc: rtc core: registered 7000e000.rtc as rtc1
[    3.551840] tegra_rtc 7000e000.rtc: Tegra internal Real Time Clock
[    3.558148] i2c /dev entries driver
[    3.562394] usbcore: registered new interface driver uvcvideo
[    3.568132] USB Video Class driver (1.1.1)
[    3.572214] gspca_main: v2.14.0 registered
[    3.576598] 0-004c supply vcc not found, using dummy regulator
[    3.584369] tegra-wdt 60005000.timer: initialized (heartbeat = 120 sec, nowayout = 0)
[    3.592788] sdhci: Secure Digital Host Controller Interface driver
[    3.598963] sdhci: Copyright(c) Pierre Ossman
[    3.603305] sdhci-pltfm: SDHCI platform and OF driver helper
[    3.609097] sdhci-tegra 700b0000.sdhci: allocated mmc-pwrseq
[    3.614897] sdhci-tegra 700b0400.sdhci: Got CD GPIO
[    3.619768] sdhci-tegra 700b0400.sdhci: Got WP GPIO
[    3.624792] mmc0: Unknown controller version (3). You may experience problems.
[    3.632025] mmc0: Invalid maximum block size, assuming 512 bytes
[    3.694645] mmc0: SDHCI controller on 700b0600.sdhci [700b0600.sdhci] using ADMA 64-bit
[    3.705089] usbcore: registered new interface driver usbhid
[    3.713570] usbhid: USB HID core driver
[    3.724664] tegra30-i2s 70301100.i2s: DMA channels sourced from device 70300000.ahub
[    3.765098] max98090 0-0010: MAX98090 REVID=0x43
[    3.772386] max98090 0-0010: use default 2.8v micbias
[    3.775049] mmc0: new high speed MMC card at address 0001
[    3.775517] mmcblk0: mmc0:0001 MMC16G 14.4 GiB 
[    3.775711] mmcblk0boot0: mmc0:0001 MMC16G partition 1 2.00 MiB
[    3.775906] mmcblk0boot1: mmc0:0001 MMC16G partition 2 2.00 MiB
[    3.776066] mmcblk0rpmb: mmc0:0001 MMC16G partition 3 128 KiB
[    3.779257]  mmcblk0: p1 p2 p3 p4 p5 p6 p7 p8 p9 p10 p11 p12
[    3.813169] tegra-snd-max98090 sound: HiFi <-> 70301100.i2s mapping ok
[    3.820956] input: GoogleNyanBig Headphones as /devices/soc0/sound/sound/card1/input1
[    3.829072] input: GoogleNyanBig Mic Jack as /devices/soc0/sound/sound/card1/input2
[    4.124617] NET: Registered protocol family 10
[    4.294625] mip6: Mobile IPv6
[    4.297585] sit: IPv6, IPv4 and MPLS over IPv4 tunneling driver
[    4.304539] NET: Registered protocol family 17
[    4.308994] NET: Registered protocol family 15
[    4.313423] can: controller area network core (rev 20120528 abi 9)
[    4.354650] NET: Registered protocol family 29
[    4.359082] can: raw protocol (rev 20120528)
[    4.363339] can: broadcast manager protocol (rev 20160617 t)
[    4.368995] can: netlink gateway (rev 20130117) max_hops=1
[    4.404657] Bluetooth: RFCOMM socket layer initialized
[    4.409790] Bluetooth: RFCOMM ver 1.11
[    4.413531] Bluetooth: BNEP (Ethernet Emulation) ver 1.3
[    4.418864] Bluetooth: BNEP socket layer initialized
[    4.423814] Bluetooth: HIDP (Human Interface Emulation) ver 1.2
[    4.429728] Bluetooth: HIDP socket layer initialized
[    4.434832] Key type dns_resolver registered
[    4.439547] Registering SWP/SWPB emulation handler
[    4.455623] +3.3V_RUN: supplied by +3.3V_SYS
[    4.460407] +3.3V_AVDD_HDMI_AP_GATED: supplied by +3.3V_RUN
[    4.466107] +1.8V_RUN_CAM: supplied by +3.3V_RUN
[    4.470758] +VDDIO_SDMMC3: supplied by +3.3V_RUN
[    4.475521] +1.8V_RUN_VPP_FUSE: supplied by +3.3V_RUN
[    4.480766] +VDD_LED: supplied by +VDD_MUX
[    4.485787] input: tegra-hda HDMI/DP,pcm=3 as /devices/soc0/70030000.hda/sound/card0/input3
[    4.494503] +5V_VDD_TS_SW: supplied by +5V_SYS
[    4.499402] +5V_USB_HS: supplied by +5V_SYS
[    4.503800] +5V_USB_SS: supplied by +5V_SYS
[    4.508792] +3.3V_PANEL: supplied by +3.3V_RUN
[    4.513811] +3.3V_LP0: supplied by +3.3V_SYS
[    4.518691] +1.05V_RUN_AVDD_HDMI_PLL: supplied by +1.05V_RUN
[    4.524567] +5V_HDMI_CON: supplied by +5V_SYS
[    4.530047] usb3-0 supply vbus not found, using dummy regulator
[    4.536045] usb3-1 supply vbus not found, using dummy regulator
[    4.544531] tegra-sor 54540000.sor: failed to probe output: -517
[    4.550708] panel supply power not found, using dummy regulator
[    4.625326] tegra-xusb 70090000.usb: Firmware timestamp: 2014-09-16 02:10:07 UTC
[    4.632735] tegra-xusb 70090000.usb: xHCI Host Controller
[    4.638174] tegra-xusb 70090000.usb: new USB bus registered, assigned bus number 1
[    4.647759] tegra-xusb 70090000.usb: hcc params 0x0184f525 hci version 0x100 quirks 0x00010010
[    4.656399] tegra-xusb 70090000.usb: irq 342, io mem 0x70090000
[    4.663134] hub 1-0:1.0: USB hub found
[    4.666988] hub 1-0:1.0: 6 ports detected
[    4.671733] tegra-xusb 70090000.usb: xHCI Host Controller
[    4.677174] tegra-xusb 70090000.usb: new USB bus registered, assigned bus number 2
[    4.684849] usb usb2: We don't know the algorithms for LPM for this host, disabling LPM.
[    4.693755] hub 2-0:1.0: USB hub found
[    4.697594] hub 2-0:1.0: 2 ports detected
[    4.702838] sdhci-tegra 700b0000.sdhci: allocated mmc-pwrseq
[    4.708730] mmc1: Unknown controller version (3). You may experience problems.
[    4.716029] mmc1: Invalid maximum block size, assuming 512 bytes
[    4.722583] mmc1: Switching to 3.3V signalling voltage failed
[    4.784735] mmc1: SDHCI controller on 700b0000.sdhci [700b0000.sdhci] using ADMA 64-bit
[    4.792977] sdhci-tegra 700b0400.sdhci: Got CD GPIO
[    4.799910] sdhci-tegra 700b0400.sdhci: Got WP GPIO
[    4.807884] mmc2: Unknown controller version (3). You may experience problems.
[    4.815246] mmc2: Invalid maximum block size, assuming 512 bytes
[    4.851900] mmc1: new high speed SDIO card at address 0001
[    4.884792] mmc2: SDHCI controller on 700b0400.sdhci [700b0400.sdhci] using ADMA 64-bit
[    4.990221] [drm] Supports vblank timestamp caching Rev 2 (21.10.2013).
[    4.996849] [drm] No driver support for vblank timestamp query.
[    5.034646] usb 1-2: new high-speed USB device number 2 using tegra-xusb
[    5.036988] mmc2: new high speed SDHC card at address 0007
[    5.047734] mmcblk2: mmc2:0007 SD08G 7.42 GiB 
[    5.059173] Console: switching to colour frame buffer device 170x48
[    5.079806] GPT:Primary header alternate_lba != Alt. header my_lba
[    5.079810] GPT:3014591 != 15564799
[    5.079812] GPT:Primary header thinks Alt. header is not at the end of the disk.
[    5.079813] GPT:3014591 != 15564799
[    5.079814] GPT: Use GNU Parted to correct GPT errors.
[    5.079840]  mmcblk2: p1 p2 p3 p4 p5 p6 p7 p8 p9 p10 p11 p12
[    5.118978] drm drm: fb0:  frame buffer device
[    5.184737] [drm] Initialized tegra 0.0.0 20120330 on minor 0
[    5.191178] input: gpio-keys as /devices/soc0/gpio-keys/input/input4
[    5.198571] as3722-rtc as3722-rtc: setting system clock to 2000-01-01 00:24:23 UTC (946686263)
[    5.212918] +1.8V_RUN_CAM: disabling
[    5.216747] +1.2V_RUN_CAM_FRONT: disabling
[    5.221046] +1.05V_RUN_CAM_REAR: disabling
[    5.225376] +2.8V_RUN_TOUCH: disabling
[    5.229329] +2.8V_RUN_CAM_AF: disabling
[    5.233325] +1.8V_RUN_VPP_FUSE: disabling
[    5.237515] +5V_VDD_TS_SW: disabling
[    5.241271] ALSA device list:
[    5.244230]   #0: tegra-hda at 0x70038000 irq 341
[    5.248953]   #1: GoogleNyanBig
[    5.252885] EXT4-fs (mmcblk0p3): couldn't mount as ext3 due to feature incompatibilities
[    5.344977] uvcvideo: Found UVC 1.00 device HD WebCam (1bcf:2c67)
[    5.359940] input: HD WebCam as /devices/soc0/70090000.usb/usb1/1-2/1-2:1.0/input/input5
[    5.384953] EXT4-fs (mmcblk0p3): recovery complete
[    5.390710] EXT4-fs (mmcblk0p3): mounted filesystem with ordered data mode. Opts: (null)
[    5.398860] VFS: Mounted root (ext4 filesystem) on device 179:3.
[    5.406105] devtmpfs: mounted
[    5.409512] Freeing unused kernel memory: 1024K (c0c00000 - c0d00000)
bash: cannot set terminal process group (-1): Inappropriate ioctl for device
bash: no job control in this shell
root@(none):/# [    5.704697] usb 1-3: new high-speed USB device number 3 using tegra-xusb
[    6.777521] asix 1-3:1.0 eth0: register 'asix' at usb-70090000.usb-3, ASIX AX88772 USB 2.0 Ethernet, c8:d7:19:90:fa:65
[    7.124708] usb 1-1: new high-speed USB device number 4 using tegra-xusb
[    7.303104] usb-storage 1-1:1.0: USB Mass Storage device detected
[    7.310024] scsi host0: usb-storage 1-1:1.0
[    7.384802] scsi host0: runtime PM trying to activate child device host0 but parent (1-1:1.0) is not active
[    8.406533] scsi 0:0:0:0: Direct-Access     SanDisk  SDDR-113         9412 PQ: 0 ANSI: 0
[    8.579492] sd 0:0:0:0: [sda] 15523840 512-byte logical blocks: (7.95 GB/7.40 GiB)
[    8.588352] sd 0:0:0:0: [sda] Write Protect is off
[    8.593136] sd 0:0:0:0: [sda] Mode Sense: 03 00 00 00
[    8.599325] sd 0:0:0:0: [sda] No Caching mode page found
[    8.604656] sd 0:0:0:0: [sda] Assuming drive cache: write through
[    8.630555]  sda: sda1 sda2 sda3 sda4 sda5 sda6 sda7 sda8 sda9 sda10 sda11 sda12 sda13
[    8.643224] sd 0:0:0:0: [sda] Attached SCSI removable disk
mount -t sysfs none /sys
root@(none):/# 
root@(none):/# mount -t debugfs none /sys/kernel/debug
root@(none):/# 
root@(none):/# rtcwake -d rtc1 -m mem -s 3
rtcwake: assuming RTC uses UTC ...
rtcwake: wakeup from "mem" using /dev/rtc1 at Thu Jan  1 00:00:52 1970
[   31.905471] PM: Syncing filesystems ... done.
[   31.915704] Freezing user space processes ... (elapsed 0.001 seconds) done.
[   31.923861] Double checking all user space processes after OOM killer disable... (elapsed 0.000 seconds) 
[   31.933547] Freezing remaining freezable tasks ... (elapsed 0.001 seconds) done.
[   31.942240] Suspending console(s) (use no_console_suspend to debug)
[   32.166069] PM: suspend of devices complete after 216.959 msecs
[   32.167701] PM: late suspend of devices complete after 1.622 msecs
[   32.168534] PM: noirq suspend of devices complete after 0.828 msecs
[   32.168535] Disabling non-boot CPUs ...
[   32.224968] CPU1: shutdown
[   32.304861] IRQ17 no longer affine to CPU2
[   32.305039] CPU2: shutdown
[   32.384929] CPU3: shutdown
[   32.435434] Entering suspend state LP1
[   32.435460] Enabling non-boot CPUs ...
[   32.495823] CPU1 is up
[   32.555971] CPU2 is up
[   32.616213] CPU3 is up
[   32.616752] PM: noirq resume of devices complete after 0.535 msecs
[   32.618233] PM: early resume of devices complete after 0.972 msecs
[   32.659957] mmc1: Switching to 3.3V signalling voltage failed
[   32.914601] tegra-sor 54540000.sor: failed to attach SOR: -110
[   32.931308] PM: resume of devices complete after 313.069 msecs
[   33.010729] Restarting tasks ... done.
root@(none):/# 
root@(none):/# rtcwake -d rtc1 -m mem -s 3
rtcwake: assuming RTC uses UTC ...
rtcwake: wakeup from "mem" using /dev/rtc1 at Thu Jan  1 00:00:57 1970
[   34.255416] PM: Syncing filesystems ... done.
[   34.264960] Freezing user space processes ... (elapsed 0.001 seconds) done.
[   34.273137] Double checking all user space processes after OOM killer disable... (elapsed 0.000 seconds) 
[   34.282795] Freezing remaining freezable tasks ... (elapsed 0.001 seconds) done.
[   34.291445] Suspending console(s) (use no_console_suspend to debug)
[   34.515989] PM: suspend of devices complete after 217.671 msecs
[   34.516894] PM: late suspend of devices complete after 0.901 msecs
[   34.517731] PM: noirq suspend of devices complete after 0.834 msecs
[   34.517733] Disabling non-boot CPUs ...
[   34.554949] CPU1: shutdown
[   34.654936] CPU2: shutdown
[   34.754906] CPU3: shutdown
[   34.805403] Entering suspend state LP1
[   34.805430] Enabling non-boot CPUs ...
[   34.865807] CPU1 is up
[   34.925964] CPU2 is up
[   34.986194] CPU3 is up
[   34.986754] PM: noirq resume of devices complete after 0.555 msecs
[   34.988297] PM: early resume of devices complete after 1.055 msecs
[   35.029752] mmc1: Switching to 3.3V signalling voltage failed
[   35.284649] tegra-sor 54540000.sor: failed to attach SOR: -110
[   35.300808] PM: resume of devices complete after 312.505 msecs
[   35.376116] Restarting tasks ... done.
root@(none):/# 
root@(none):/# rtcwake -d rtc1 -m mem -s 3
rtcwake: assuming RTC uses UTC ...
rtcwake: wakeup from "mem" using /dev/rtc1 at Thu Jan  1 00:01:02 1970
[   36.625394] PM: Syncing filesystems ... done.
[   36.635102] Freezing user space processes ... (elapsed 0.001 seconds) done.
[   36.643288] Double checking all user space processes after OOM killer disable... (elapsed 0.000 seconds) 
[   36.652950] Freezing remaining freezable tasks ... (elapsed 0.001 seconds) done.
[   36.661608] Suspending console(s) (use no_console_suspend to debug)
[   36.885965] PM: suspend of devices complete after 217.484 msecs
[   36.886878] PM: late suspend of devices complete after 0.909 msecs
[   36.887712] PM: noirq suspend of devices complete after 0.831 msecs
[   36.887714] Disabling non-boot CPUs ...
[   36.924928] CPU1: shutdown
[   37.024915] CPU2: shutdown
[   37.134877] CPU3: shutdown
[   37.185384] Entering suspend state LP1
[   37.185411] Enabling non-boot CPUs ...
[   37.245787] CPU1 is up
[   37.305938] CPU2 is up
[   37.366166] CPU3 is up
[   37.366770] PM: noirq resume of devices complete after 0.600 msecs
[   37.368549] PM: early resume of devices complete after 1.270 msecs
[   37.409612] mmc1: Switching to 3.3V signalling voltage failed
[   37.664554] tegra-sor 54540000.sor: failed to attach SOR: -110
[   37.680865] PM: resume of devices complete after 312.311 msecs
[   37.756177] Restarting tasks ... done.
root@(none):/# 
root@(none):/# rtcwake -d rtc1 -m mem -s 3
rtcwake: assuming RTC uses UTC ...
rtcwake: wakeup from "mem" using /dev/rtc1 at Thu Jan  1 00:01:07 1970
[   39.005350] PM: Syncing filesystems ... done.
[   39.015006] Freezing user space processes ... (elapsed 0.001 seconds) done.
[   39.023198] Double checking all user space processes after OOM killer disable... (elapsed 0.000 seconds) 
[   39.032862] Freezing remaining freezable tasks ... (elapsed 0.001 seconds) done.
[   39.041526] Suspending console(s) (use no_console_suspend to debug)
[   39.265973] PM: suspend of devices complete after 217.558 msecs
[   39.267237] PM: late suspend of devices complete after 1.254 msecs
[   39.268031] PM: noirq suspend of devices complete after 0.790 msecs
[   39.268033] Disabling non-boot CPUs ...
[   39.304901] CPU1: shutdown
[   39.404892] CPU2: shutdown
[   39.504852] CPU3: shutdown
[   39.555360] Entering suspend state LP1
[   39.555387] Enabling non-boot CPUs ...
[   39.615765] CPU1 is up
[   39.675920] CPU2 is up
[   39.736144] CPU3 is up
[   39.736693] PM: noirq resume of devices complete after 0.544 msecs
[   39.738386] PM: early resume of devices complete after 1.189 msecs
[   39.779720] mmc1: Switching to 3.3V signalling voltage failed
[   40.034515] tegra-sor 54540000.sor: failed to attach SOR: -110
[   40.050757] PM: resume of devices complete after 312.366 msecs
[   40.126226] Restarting tasks ... done.
root@(none):/# 
root@(none):/# rtcwake -d rtc1 -m mem -s 3
rtcwake: assuming RTC uses UTC ...
rtcwake: wakeup from "mem" using /dev/rtc1 at Thu Jan  1 00:01:12 1970
[   41.375343] PM: Syncing filesystems ... done.
[   41.385059] Freezing user space processes ... (elapsed 0.001 seconds) done.
[   41.393253] Double checking all user space processes after OOM killer disable... (elapsed 0.000 seconds) 
[   41.402919] Freezing remaining freezable tasks ... (elapsed 0.001 seconds) done.
[   41.411583] Suspending console(s) (use no_console_suspend to debug)
[   41.635914] PM: suspend of devices complete after 217.456 msecs
[   41.636821] PM: late suspend of devices complete after 0.903 msecs
[   41.637655] PM: noirq suspend of devices complete after 0.830 msecs
[   41.637657] Disabling non-boot CPUs ...
[   41.674883] CPU1: shutdown
[   41.774859] CPU2: shutdown
[   41.874830] CPU3: shutdown
[   41.925343] Entering suspend state LP1
[   41.925370] Enabling non-boot CPUs ...
[   41.985748] CPU1 is up
[   42.045893] CPU2 is up
[   42.106131] CPU3 is up
[   42.106669] PM: noirq resume of devices complete after 0.533 msecs
[   42.108415] PM: early resume of devices complete after 1.239 msecs
[   42.149604] mmc1: Switching to 3.3V signalling voltage failed
[   42.334753] usb 1-1: reset high-speed USB device number 4 using tegra-xusb
[   42.404524] tegra-sor 54540000.sor: failed to attach SOR: -110
[   42.510755] PM: resume of devices complete after 402.331 msecs
[   42.592976] Restarting tasks ... done.
root@(none):/# 
root@(none):/# rtcwake -d rtc1 -m mem -s 3
rtcwake: assuming RTC uses UTC ...
rtcwake: wakeup from "mem" using /dev/rtc1 at Thu Jan  1 00:01:17 1970
[   43.745321] PM: Syncing filesystems ... done.
[   43.754883] Freezing user space processes ... (elapsed 0.001 seconds) done.
[   43.763077] Double checking all user space processes after OOM killer disable... (elapsed 0.000 seconds) 
[   43.772743] Freezing remaining freezable tasks ... (elapsed 0.001 seconds) done.
[   43.781409] Suspending console(s) (use no_console_suspend to debug)
[   44.005888] PM: suspend of devices complete after 217.606 msecs
[   44.006792] PM: late suspend of devices complete after 0.900 msecs
[   44.007626] PM: noirq suspend of devices complete after 0.831 msecs
[   44.007628] Disabling non-boot CPUs ...
[   44.044858] CPU1: shutdown
[   44.154832] CPU2: shutdown
[   44.264805] CPU3: shutdown
[   44.315306] Entering suspend state LP1
[   44.315332] Enabling non-boot CPUs ...
[   44.375723] CPU1 is up
[   44.435868] CPU2 is up
[   44.496097] CPU3 is up
[   44.496632] PM: noirq resume of devices complete after 0.530 msecs
[   44.498474] PM: early resume of devices complete after 1.329 msecs
[   44.539315] mmc1: Switching to 3.3V signalling voltage failed
[   44.794529] tegra-sor 54540000.sor: failed to attach SOR: -110
[   44.810533] PM: resume of devices complete after 312.054 msecs
[   44.885854] Restarting tasks ... done.
root@(none):/# 
root@(none):/# rtcwake -d rtc1 -m mem -s 3
rtcwake: assuming RTC uses UTC ...
rtcwake: wakeup from "mem" using /dev/rtc1 at Thu Jan  1 00:01:22 1970
[   46.135252] PM: Syncing filesystems ... done.
[   46.144795] Freezing user space processes ... (elapsed 0.001 seconds) done.
[   46.152997] Double checking all user space processes after OOM killer disable... (elapsed 0.000 seconds) 
[   46.162663] Freezing remaining freezable tasks ... (elapsed 0.001 seconds) done.
[   46.171387] Suspending console(s) (use no_console_suspend to debug)
[   46.395867] PM: suspend of devices complete after 217.607 msecs
[   46.396780] PM: late suspend of devices complete after 0.909 msecs
[   46.397615] PM: noirq suspend of devices complete after 0.832 msecs
[   46.397617] Disabling non-boot CPUs ...
[   46.434831] CPU1: shutdown
[   46.534825] CPU2: shutdown
[   46.634780] CPU3: shutdown
[   46.685279] Entering suspend state LP1
[   46.685305] Enabling non-boot CPUs ...
[   46.745692] CPU1 is up
[   46.805846] CPU2 is up
[   46.866067] CPU3 is up
[   46.866603] PM: noirq resume of devices complete after 0.532 msecs
[   46.868180] PM: early resume of devices complete after 1.067 msecs
[   46.919897] mmc1: Switching to 3.3V signalling voltage failed
[   47.174538] tegra-sor 54540000.sor: failed to attach SOR: -110
[   47.190949] PM: resume of devices complete after 322.763 msecs
[   47.266272] Restarting tasks ... done.
root@(none):/# 
root@(none):/# rtcwake -d rtc1 -m mem -s 3
rtcwake: assuming RTC uses UTC ...
rtcwake: wakeup from "mem" using /dev/rtc1 at Thu Jan  1 00:01:27 1970
[   48.505175] PM: Syncing filesystems ... done.
[   48.514851] Freezing user space processes ... (elapsed 0.001 seconds) done.
[   48.523051] Double checking all user space processes after OOM killer disable... (elapsed 0.000 seconds) 
[   48.532719] Freezing remaining freezable tasks ... (elapsed 0.001 seconds) done.
[   48.541437] Suspending console(s) (use no_console_suspend to debug)
[   48.755894] PM: suspend of devices complete after 207.594 msecs
[   48.756875] PM: late suspend of devices complete after 0.972 msecs
[   48.757745] PM: noirq suspend of devices complete after 0.866 msecs
[   48.757747] Disabling non-boot CPUs ...
[   48.794820] CPU1: shutdown
[   48.894797] CPU2: shutdown
[   49.004753] CPU3: shutdown
[   49.055256] Entering suspend state LP1
[   49.055283] Enabling non-boot CPUs ...
[   49.115694] CPU1 is up
[   49.175820] CPU2 is up
[   49.236046] CPU3 is up
[   49.236574] PM: noirq resume of devices complete after 0.523 msecs
[   49.238352] PM: early resume of devices complete after 1.264 msecs
[   49.289851] mmc1: Switching to 3.3V signalling voltage failed
[   49.544480] tegra-sor 54540000.sor: failed to attach SOR: -110
[   49.560968] PM: resume of devices complete after 322.611 msecs
[   49.636283] Restarting tasks ... done.
root@(none):/# 
root@(none):/# rtcwake -d rtc1 -m mem -s 3
rtcwake: assuming RTC uses UTC ...
rtcwake: wakeup from "mem" using /dev/rtc1 at Thu Jan  1 00:01:32 1970
[   50.875241] PM: Syncing filesystems ... done.
[   50.884797] Freezing user space processes ... (elapsed 0.001 seconds) done.
[   50.892994] Double checking all user space processes after OOM killer disable... (elapsed 0.000 seconds) 
[   50.902661] Freezing remaining freezable tasks ... (elapsed 0.001 seconds) done.
[   50.911292] Suspending console(s) (use no_console_suspend to debug)
[   51.125864] PM: suspend of devices complete after 207.719 msecs
[   51.126777] PM: late suspend of devices complete after 0.910 msecs
[   51.127608] PM: noirq suspend of devices complete after 0.828 msecs
[   51.127610] Disabling non-boot CPUs ...
[   51.164787] CPU1: shutdown
[   51.274757] CPU2: shutdown
[   51.384729] CPU3: shutdown
[   51.435243] Entering suspend state LP1
[   51.435269] Enabling non-boot CPUs ...
[   51.495648] CPU1 is up
[   51.555794] CPU2 is up
[   51.616023] CPU3 is up
[   51.616554] PM: noirq resume of devices complete after 0.526 msecs
[   51.618453] PM: early resume of devices complete after 1.409 msecs
[   51.659330] mmc1: Switching to 3.3V signalling voltage failed
[   51.844773] usb 1-1: reset high-speed USB device number 4 using tegra-xusb
[   51.914479] tegra-sor 54540000.sor: failed to attach SOR: -110
[   52.021338] PM: resume of devices complete after 402.876 msecs
[   52.103679] Restarting tasks ... done.
root@(none):/# 
root@(none):/# rtcwake -d rtc1 -m mem -s 3
rtcwake: assuming RTC uses UTC ...
rtcwake: wakeup from "mem" using /dev/rtc1 at Thu Jan  1 00:01:37 1970
[   53.255229] PM: Syncing filesystems ... done.
[   53.264797] Freezing user space processes ... (elapsed 0.001 seconds) done.
[   53.272989] Double checking all user space processes after OOM killer disable... (elapsed 0.000 seconds) 
[   53.282655] Freezing remaining freezable tasks ... (elapsed 0.001 seconds) done.
[   53.291216] Suspending console(s) (use no_console_suspend to debug)
[   53.515790] PM: suspend of devices complete after 217.698 msecs
[   53.516698] PM: late suspend of devices complete after 0.903 msecs
[   53.517530] PM: noirq suspend of devices complete after 0.829 msecs
[   53.517532] Disabling non-boot CPUs ...
[   53.554758] CPU1: shutdown
[   53.664732] CPU2: shutdown
[   53.764709] CPU3: shutdown
[   53.815207] Entering suspend state LP1
[   53.815233] Enabling non-boot CPUs ...
[   53.875616] CPU1 is up
[   53.935770] CPU2 is up
[   53.995995] CPU3 is up
[   53.996522] PM: noirq resume of devices complete after 0.522 msecs
[   53.998155] PM: early resume of devices complete after 1.114 msecs
[   54.040053] mmc1: Switching to 3.3V signalling voltage failed
[   54.224626] usb 1-1: reset high-speed USB device number 4 using tegra-xusb
[   54.294399] tegra-sor 54540000.sor: failed to attach SOR: -110
[   54.400890] PM: resume of devices complete after 402.726 msecs
[   54.483117] Restarting tasks ... done.
root@(none):/# 
root@(none):/# NVTB SYSTEM SUSPEND TEST COMPLETE
