
U-Boot SPL 2014.01-00219-gc4d376f (Feb 18 2014 - 19:57:32)


U-Boot 2014.01-00219-gc4d376f (Feb 18 2014 - 19:57:32)

TEGRA114
Board: NVIDIA Dalmore
I2C:   ready
DRAM:  2 GiB
MMC:   Tegra SD/MMC: 0, Tegra SD/MMC: 1
In:    serial
Out:   serial
Err:   serial
Net:   Net Initialization Skipped
No ethernet found.
Hit any key to stop autoboot:  2  0 
Tegra114 (Dalmore) # 
Tegra114 (Dalmore) # usb reset
(Re)start USB...
USB0:   USB EHCI 1.10
scanning bus 0 for devices... 2 USB Device(s) found
       scanning usb for storage devices... 0 Storage Device(s) found
       scanning usb for ethernet devices... 
Warning: asx0 using MAC address from net device
1 Ethernet Device(s) found
Tegra114 (Dalmore) # setenv bootargs 'ignore_loglevel console=ttyS0,115200n8 rw root=PARTUUID=7369c667-ff51-ec4a-29cd-baabf2fbe346 rootwait gpt debug earlyprintk init=/bin/bash'
Tegra114 (Dalmore) # setenv ipaddr 192.168.100.100; setenv serverip 192.168.100.1; setenv tftpserverip 192.168.100.1
Tegra114 (Dalmore) # tftpboot 0x81000000 zImage.multi_v7_defconfig
Using asx0 device
TFTP from server 192.168.100.1; our IP address is 192.168.100.100
Filename 'zImage.multi_v7_defconfig'.
Load address: 0x81000000
Loading: *#################################################################
	 #################################################################
	 #################################################################
	 #################################################################
	 #################################################################
	 #################################################################
	 #################################################################
	 #################
	 3.3 MiB/s
done
Bytes transferred = 6918256 (699070 hex)
Tegra114 (Dalmore) # tftpboot 0x82000000 tegra114-dalmore.dtb
Using asx0 device
TFTP from server 192.168.100.1; our IP address is 192.168.100.100
Filename 'tegra114-dalmore.dtb'.
Load address: 0x82000000
Loading: *###
	 2.6 MiB/s
done
Bytes transferred = 34894 (884e hex)
Tegra114 (Dalmore) # bootz 0x81000000 - 0x82000000
Kernel image @ 0x81000000 [ 0x000000 - 0x699070 ]
## Flattened Device Tree blob at 82000000
   Booting using the fdt blob at 0x82000000
   Loading Device Tree to 8fff4000, end 8ffff84d ... OK

Starting kernel ...

[    0.000000] Booting Linux on physical CPU 0x0
[    0.000000] Linux version 4.6.0-rc2-82191-g9735a22 (pwalmsley@sellafield) (gcc version 4.7.3 20130328 (prerelease) (crosstool-NG linaro-1.13.1-4.7-2013.04-20130415 - Linaro GCC 2013.04) ) #1 SMP Sun Apr 3 07:34:13 PDT 2016
[    0.000000] CPU: ARMv7 Processor [412fc0f2] revision 2 (ARMv7), cr=10c5387d
[    0.000000] CPU: div instructions available: patching division code
[    0.000000] CPU: PIPT / VIPT nonaliasing data cache, PIPT instruction cache
[    0.000000] Machine model: NVIDIA Tegra114 Dalmore evaluation board
[    0.000000] debug: ignoring loglevel setting.
[    0.000000] cma: Reserved 64 MiB at 0xfb800000
[    0.000000] Memory policy: Data cache writealloc
[    0.000000] On node 0 totalpages: 524032
[    0.000000] free_area_init_node: node 0, pgdat c141b3c0, node_mem_map eeff8000
[    0.000000]   DMA zone: 1536 pages used for memmap
[    0.000000]   DMA zone: 0 pages reserved
[    0.000000]   DMA zone: 196608 pages, LIFO batch:31
[    0.000000]   HighMem zone: 327424 pages, LIFO batch:31
[    0.000000] percpu: Embedded 12 pages/cpu @eefa3000 s19776 r8192 d21184 u49152
[    0.000000] pcpu-alloc: s19776 r8192 d21184 u49152 alloc=12*4096
[    0.000000] pcpu-alloc: [0] 0 [0] 1 [0] 2 [0] 3 
[    0.000000] Built 1 zonelists in Zone order, mobility grouping on.  Total pages: 522496
[    0.000000] Kernel command line: ignore_loglevel console=ttyS0,115200n8 rw root=PARTUUID=7369c667-ff51-ec4a-29cd-baabf2fbe346 rootwait gpt debug earlyprintk init=/bin/bash
[    0.000000] PID hash table entries: 4096 (order: 2, 16384 bytes)
[    0.000000] Dentry cache hash table entries: 131072 (order: 7, 524288 bytes)
[    0.000000] Inode-cache hash table entries: 65536 (order: 6, 262144 bytes)
[    0.000000] Memory: 1995132K/2096128K available (9522K kernel code, 1141K rwdata, 4108K rodata, 2048K init, 341K bss, 35460K reserved, 65536K cma-reserved, 1244160K highmem)
[    0.000000] Virtual kernel memory layout:
[    0.000000]     vector  : 0xffff0000 - 0xffff1000   (   4 kB)
[    0.000000]     fixmap  : 0xffc00000 - 0xfff00000   (3072 kB)
[    0.000000]     vmalloc : 0xf0800000 - 0xff800000   ( 240 MB)
[    0.000000]     lowmem  : 0xc0000000 - 0xf0000000   ( 768 MB)
[    0.000000]     pkmap   : 0xbfe00000 - 0xc0000000   (   2 MB)
[    0.000000]     modules : 0xbf000000 - 0xbfe00000   (  14 MB)
[    0.000000]       .text : 0xc0208000 - 0xc104fa5c   (14623 kB)
[    0.000000]       .init : 0xc1100000 - 0xc1300000   (2048 kB)
[    0.000000]       .data : 0xc1300000 - 0xc141d400   (1141 kB)
[    0.000000]        .bss : 0xc141f000 - 0xc1474558   ( 342 kB)
[    0.000000] SLUB: HWalign=64, Order=0-3, MinObjects=0, CPUs=4, Nodes=1
[    0.000000] Hierarchical RCU implementation.
[    0.000000] 	Build-time adjustment of leaf fanout to 32.
[    0.000000] 	RCU restricting CPUs from NR_CPUS=16 to nr_cpu_ids=4.
[    0.000000] RCU: Adjusting geometry for rcu_fanout_leaf=32, nr_cpu_ids=4
[    0.000000] NR_IRQS:16 nr_irqs:16 16
[    0.000000] /interrupt-controller@60004000: 160 interrupts forwarded to /interrupt-controller@50041000
[    0.000000] Tegra clk 127: register failed with -17
[    0.000008] sched_clock: 32 bits at 1000kHz, resolution 1000ns, wraps every 2147483647500ns
[    0.000027] clocksource: timer_us: mask: 0xffffffff max_cycles: 0xffffffff, max_idle_ns: 1911260446275 ns
[    0.000040] Switching to timer-based delay loop, resolution 1000ns
[    0.003163] Architected cp15 timer(s) running at 12.00MHz (virt).
[    0.003182] clocksource: arch_sys_counter: mask: 0xffffffffffffff max_cycles: 0x2c47f4ee7, max_idle_ns: 440795202497 ns
[    0.003201] sched_clock: 56 bits at 12MHz, resolution 83ns, wraps every 4398046511096ns
[    0.003214] Switching to timer-based delay loop, resolution 83ns
[    0.003592] Console: colour dummy device 80x30
[    0.003617] Calibrating delay loop (skipped), value calculated using timer frequency.. 24.00 BogoMIPS (lpj=60000)
[    0.003632] pid_max: default: 32768 minimum: 301
[    0.003731] Mount-cache hash table entries: 2048 (order: 1, 8192 bytes)
[    0.003743] Mountpoint-cache hash table entries: 2048 (order: 1, 8192 bytes)
[    0.004373] CPU: Testing write buffer coherency: ok
[    0.004591] /cpus/cpu@0 missing clock-frequency property
[    0.004620] /cpus/cpu@1 missing clock-frequency property
[    0.004649] /cpus/cpu@2 missing clock-frequency property
[    0.004678] /cpus/cpu@3 missing clock-frequency property
[    0.004692] CPU0: thread -1, cpu 0, socket 0, mpidr 80000000
[    0.004740] Setting up static identity map for 0x80300000 - 0x80300098
[    0.007011] Tegra Revision: A01 SKU: 0 CPU Process: 1 SoC Process: 0
[    0.008368] CPU1: thread -1, cpu 1, socket 0, mpidr 80000001
[    0.008992] CPU2: thread -1, cpu 2, socket 0, mpidr 80000002
[    0.009595] CPU3: thread -1, cpu 3, socket 0, mpidr 80000003
[    0.009685] Brought up 4 CPUs
[    0.009704] SMP: Total of 4 processors activated (96.00 BogoMIPS).
[    0.009712] CPU: All CPU(s) started in SVC mode.
[    0.011178] devtmpfs: initialized
[    0.021774] VFP support v0.3: implementor 41 architecture 4 part 30 variant f rev 0
[    0.022392] clocksource: jiffies: mask: 0xffffffff max_cycles: 0xffffffff, max_idle_ns: 9556302231375000 ns
[    0.024021] pinctrl core: initialized pinctrl subsystem
[    0.025765] NET: Registered protocol family 16
[    0.027932] DMA: preallocated 256 KiB pool for atomic coherent allocations
[    0.043260] cpuidle: using governor menu
[    0.058197] No ATAGs?
[    0.058233] hw-breakpoint: found 5 (+1 reserved) breakpoint and 4 watchpoint registers.
[    0.058243] hw-breakpoint: maximum watchpoint size is 8 bytes.
[    0.063528] Serial: AMBA PL011 UART driver
[    0.064948] tegra-mc 70019000.memory-controller: no memory timings for RAM code 3 registered
[    0.093041] dvdd_ts: Failed to request enable GPIO61: -517
[    0.093058] reg-fixed-voltage regulators:regulator@1: Failed to register regulator: -517
[    0.093152] usb1_vbus: Failed to request enable GPIO108: -517
[    0.093166] reg-fixed-voltage regulators:regulator@3: Failed to register regulator: -517
[    0.093257] usb2_vbus: Failed to request enable GPIO86: -517
[    0.093271] reg-fixed-voltage regulators:regulator@4: Failed to register regulator: -517
[    0.093708] VDD_5V0_HDMI_CON: Failed to request enable GPIO81: -517
[    0.093724] reg-fixed-voltage regulators:regulator@7: Failed to register regulator: -517
[    0.096796] vgaarb: loaded
[    0.097829] SCSI subsystem initialized
[    0.098005] libata version 3.00 loaded.
[    0.098321] usbcore: registered new interface driver usbfs
[    0.098414] usbcore: registered new interface driver hub
[    0.098494] usbcore: registered new device driver usb
[    0.102176] tps65090 2-0048: No cache defaults, reading back from HW
[    0.108387] genirq: Setting trigger mode 8 for irq 341 failed (irq_chip_set_type_parent+0x0/0x28)
[    0.108410] palmas 2-0058: Irq flag is 0x00000000
[    0.111642] palmas 2-0058: Muxing GPIO ff, PWM 0, LED 0
[    0.121494] sdhci-vdd-sd-slot: ramp_delay not set
[    0.146504] pps_core: LinuxPPS API ver. 1 registered
[    0.146515] pps_core: Software ver. 5.3.6 - Copyright 2005-2007 Rodolfo Giometti <giometti@linux.it>
[    0.146545] PTP clock support registered
[    0.146777] EDAC MC: Ver: 3.0.0
[    0.149379] clocksource: Switched to clocksource arch_sys_counter
[    0.160307] NET: Registered protocol family 2
[    0.160842] TCP established hash table entries: 8192 (order: 3, 32768 bytes)
[    0.160943] TCP bind hash table entries: 8192 (order: 4, 65536 bytes)
[    0.161130] TCP: Hash tables configured (established 8192 bind 8192)
[    0.161182] UDP hash table entries: 512 (order: 2, 16384 bytes)
[    0.161223] UDP-Lite hash table entries: 512 (order: 2, 16384 bytes)
[    0.161399] NET: Registered protocol family 1
[    0.161666] RPC: Registered named UNIX socket transport module.
[    0.161676] RPC: Registered udp transport module.
[    0.161683] RPC: Registered tcp transport module.
[    0.161691] RPC: Registered tcp NFSv4.1 backchannel transport module.
[    0.161712] PCI: CLS 0 bytes, default 64
[    0.164047] futex hash table entries: 1024 (order: 4, 65536 bytes)
[    0.164671] workingset: timestamp_bits=28 max_order=19 bucket_order=0
[    0.176771] squashfs: version 4.0 (2009/01/31) Phillip Lougher
[    0.177690] NFS: Registering the id_resolver key type
[    0.177720] Key type id_resolver registered
[    0.177729] Key type id_legacy registered
[    0.177795] ntfs: driver 2.1.32 [Flags: R/O].
[    0.179216] bounce: pool size: 64 pages
[    0.179473] Block layer SCSI generic (bsg) driver version 0.4 loaded (major 248)
[    0.179490] io scheduler noop registered
[    0.179504] io scheduler deadline registered
[    0.179542] io scheduler cfq registered (default)
[    0.201862] vdd-lcd-bl: supplied by vdd_ac_bat
[    0.208535] tegra-apbdma 6000a000.dma: Tegra20 APB DMA driver register 32 channels
[    0.210485] tegra-pmc 7000e400.pmc: i2c-thermtrip node not found, emergency thermal reset disabled.
[    0.276370] Serial: 8250/16550 driver, 4 ports, IRQ sharing disabled
[    0.279455] console [ttyS0] disabled
[    0.279492] 70006300.serial: ttyS0 at MMIO 0x70006300 (irq = 329, base_baud = 25500000) is a Tegra
[    1.096171] console [ttyS0] enabled
[    1.100457] SuperH (H)SCI(F) driver initialized
[    1.105988] msm_serial: driver initialized
[    1.110294] STMicroelectronics ASC driver initialized
[    1.117689] [drm] Initialized drm 1.1.0 20060810
[    1.125352] tegra-hdmi 54280000.hdmi: failed to get HDMI regulator
[    1.132098] vdd-ao: supplied by vdd_ac_bat
[    1.136421] vddio-1v8: supplied by vdd-ao
[    1.140818] avdd-dsi-csi: supplied by vddio-1v8
[    1.149237] vdd-sys-3v3: supplied by vdd_ac_bat
[    1.154005] avdd-lcd: supplied by vdd-sys-3v3
[    1.170127] brd: module loaded
[    1.179354] loop: module loaded
[    1.199037] m25p80 spi32766.0: w25q32dw (4096 Kbytes)
[    1.207725] libphy: Fixed MDIO Bus: probed
[    1.212563] CAN device driver interface
[    1.218349] igb: Intel(R) Gigabit Ethernet Network Driver - version 5.3.0-k
[    1.225318] igb: Copyright (c) 2007-2014 Intel Corporation.
[    1.234107] pegasus: v0.9.3 (2013/04/25), Pegasus/Pegasus II USB Ethernet driver
[    1.241565] usbcore: registered new interface driver pegasus
[    1.247303] usbcore: registered new interface driver asix
[    1.252760] usbcore: registered new interface driver ax88179_178a
[    1.258908] usbcore: registered new interface driver cdc_ether
[    1.264815] usbcore: registered new interface driver smsc75xx
[    1.270636] usbcore: registered new interface driver smsc95xx
[    1.276437] usbcore: registered new interface driver net1080
[    1.282152] usbcore: registered new interface driver cdc_subset
[    1.288132] usbcore: registered new interface driver zaurus
[    1.293793] usbcore: registered new interface driver cdc_ncm
[    1.301379] ehci_hcd: USB 2.0 'Enhanced' Host Controller (EHCI) Driver
[    1.307922] ehci-pci: EHCI PCI platform driver
[    1.312426] ehci-platform: EHCI generic platform driver
[    1.317858] ehci-omap: OMAP-EHCI Host Controller driver
[    1.323232] ehci-orion: EHCI orion driver
[    1.327393] SPEAr-ehci: EHCI SPEAr driver
[    1.331558] ehci-st: EHCI STMicroelectronics driver
[    1.336589] ehci-exynos: EHCI EXYNOS driver
[    1.340944] ehci-atmel: EHCI Atmel driver
[    1.345114] tegra-ehci: Tegra EHCI driver
[    1.349457] ohci_hcd: USB 1.1 'Open' Host Controller (OHCI) Driver
[    1.355659] ohci-pci: OHCI PCI platform driver
[    1.360165] ohci-platform: OHCI generic platform driver
[    1.365564] ohci-omap3: OHCI OMAP3 driver
[    1.369725] SPEAr-ohci: OHCI SPEAr driver
[    1.373871] ohci-st: OHCI STMicroelectronics driver
[    1.378904] ohci-atmel: OHCI Atmel driver
[    1.383661] usbcore: registered new interface driver usb-storage
[    1.391356] mousedev: PS/2 mouse device common for all mice
[    1.402020] palmas-rtc 7000d000.i2c:tps65913@58:rtc: rtc core: registered 7000d000.i2c:tps659 as rtc0
[    1.413179] tegra_rtc 7000e000.rtc: rtc core: registered 7000e000.rtc as rtc1
[    1.420372] tegra_rtc 7000e000.rtc: Tegra internal Real Time Clock
[    1.427137] i2c /dev entries driver
[    1.434747] sbs-battery 0-000b: sbs_probe: Failed to get device status
[    1.441298] sbs-battery: probe of 0-000b failed with error -121
[    1.450610] vdd-sensor-2v85: supplied by vdd-sys-3v3
[    1.463983] sdhci: Secure Digital Host Controller Interface driver
[    1.470175] sdhci: Copyright(c) Pierre Ossman
[    1.476114] Synopsys Designware Multimedia Card Interface Driver
[    1.483251] sdhci-pltfm: SDHCI platform and OF driver helper
[    1.489689] sdhci-tegra 78000400.sdhci: Got CD GPIO
[    1.494596] sdhci-tegra 78000400.sdhci: Got WP GPIO
[    1.500657] mmc0: Invalid maximum block size, assuming 512 bytes
[    1.539520] mmc0: SDHCI controller on 78000400.sdhci [78000400.sdhci] using ADMA
[    1.547238] mmc1: Invalid maximum block size, assuming 512 bytes
[    1.589403] mmc1: SDHCI controller on 78000600.sdhci [78000600.sdhci] using ADMA
[    1.598623] ledtrig-cpu: registered to indicate activity on CPUs
[    1.604995] usbcore: registered new interface driver usbhid
[    1.610576] usbhid: USB HID core driver
[    1.620129] NET: Registered protocol family 10
[    1.625324] sit: IPv6 over IPv4 tunneling driver
[    1.630688] NET: Registered protocol family 17
[    1.635164] can: controller area network core (rev 20120528 abi 9)
[    1.641416] NET: Registered protocol family 29
[    1.645880] can: raw protocol (rev 20120528)
[    1.650171] can: broadcast manager protocol (rev 20120528 t)
[    1.655848] can: netlink gateway (rev 20130117) max_hops=1
[    1.661746] Key type dns_resolver registered
[    1.666681] ThumbEE CPU extension supported.
[    1.670981] Registering SWP/SWPB emulation handler
[    1.686403] vdd-sys-5v0: supplied by vdd_ac_bat
[    1.693222] VDD_5V0_HDMI_CON: supplied by vdd-sys-5v0
[    1.703433] vdd_hdmi_5v0: supplied by vdd-sys-5v0
[    1.712136] [drm] Supports vblank timestamp caching Rev 2 (21.10.2013).
[    1.718793] [drm] No driver support for vblank timestamp query.
[    1.719196] mmc0: new high speed SDHC card at address aaaa
[    1.720824] mmcblk0: mmc0:aaaa SL16G 14.8 GiB 
[    1.741317] mmc1: new high speed MMC card at address 0001
[    1.748044] mmcblk1: mmc1:0001 SEM32G 29.1 GiB 
[    1.753093] mmcblk1boot0: mmc1:0001 SEM32G partition 1 4.00 MiB
[    1.759417]  mmcblk0: p1 p2 p3
[    1.761219] mmcblk1boot1: mmc1:0001 SEM32G partition 2 4.00 MiB
[    1.762318] mmcblk1rpmb: mmc1:0001 SEM32G partition 3 4.00 MiB
[    1.766662]  mmcblk1: p1 p2 p3 p4 p5 p6 p7 p8
[    1.798469] Console: switching to colour frame buffer device 240x75
[    1.845362] drm drm: fb0:  frame buffer device
[    1.864505] [drm] Initialized tegra 0.0.0 20120330 on minor 0
[    1.871655] usb2_vbus: supplied by vdd-sys-5v0
[    1.878567] tegra-ehci 7d008000.usb: EHCI Host Controller
[    1.884040] tegra-ehci 7d008000.usb: new USB bus registered, assigned bus number 1
[    1.891989] tegra-ehci 7d008000.usb: irq 339, io mem 0x7d008000
[    1.904508] tegra-ehci 7d008000.usb: USB 2.0 started, EHCI 1.10
[    1.911754] hub 1-0:1.0: USB hub found
[    1.915619] hub 1-0:1.0: 1 port detected
[    1.921361] input: gpio-keys as /devices/soc0/gpio-keys/input/input0
[    1.930333] palmas-rtc 7000d000.i2c:tps65913@58:rtc: setting system clock to 2000-01-27 01:54:52 UTC (948938092)
[    1.955251] dvdd_ts: disabling
[    1.958309] usb1_vbus: disabling
[    1.961583] vdd_cam_1v8_reg: disabling
[    1.967249] EXT4-fs (mmcblk1p1): mounting ext3 file system using the ext4 subsystem
[    1.989541] EXT4-fs (mmcblk1p1): recovery complete
[    1.994347] EXT4-fs (mmcblk1p1): mounted filesystem with ordered data mode. Opts: (null)
[    2.002520] VFS: Mounted root (ext3 filesystem) on device 179:17.
[    2.011225] devtmpfs: mounted
[    2.016120] Freeing unused kernel memory: 2048K (c1100000 - c1300000)
bash: cannot set terminal process group (-1): Inappropriate ioctl for device
bash: no job control in this shell
root@(none):/# [    2.234505] usb 1-1: new high-speed USB device number 2 using tegra-ehci
[    3.180575] asix 1-1:1.0 eth0: register 'asix' at usb-7d008000.usb-1, ASIX AX88772 USB 2.0 Ethernet, 00:50:b6:0d:b5:16
mount -t sysfs none /sys
root@(none):/# 
root@(none):/# mount -t debugfs none /sys/kernel/debug
root@(none):/# 
root@(none):/# rtcwake -d rtc1 -m mem -s 3
rtcwake: assuming RTC uses UTC ...
rtcwake: wakeup from "mem" using /dev/rtc1 at Thu Jan  1 00:00:20 1970
[    5.344131] PM: Syncing filesystems ... done.
[    5.371851] Freezing user space processes ... (elapsed 0.001 seconds) done.
[    5.380247] Freezing remaining freezable tasks ... (elapsed 0.001 seconds) done.
[    5.389062] Suspending console(s) (use no_console_suspend to debug)
[    5.433468] PM: suspend of devices complete after 36.719 msecs
[    5.435936] PM: late suspend of devices complete after 2.453 msecs
[    5.437878] PM: noirq suspend of devices complete after 1.933 msecs
[    5.437881] Disabling non-boot CPUs ...
[    5.438750] CPU1: shutdown
[    5.462011] CPU2: shutdown
[    5.486702] CPU3: shutdown
[    5.500584] Entering suspend state LP1
[    5.500608] Enabling non-boot CPUs ...
[    5.525978] CPU1 is up
[    5.551208] CPU2 is up
[    5.576539] CPU3 is up
[    5.577872] PM: noirq resume of devices complete after 1.322 msecs
[    5.581049] PM: early resume of devices complete after 2.672 msecs
[    5.676496] PM: resume of devices complete after 95.429 msecs
[    5.741144] Restarting tasks ... done.
root@(none):/# 
root@(none):/# rtcwake -d rtc1 -m mem -s 3
rtcwake: assuming RTC uses UTC ...
rtcwake: wakeup from "mem" using /dev/rtc1 at Thu Jan  1 00:00:29 1970
[    6.518272] PM: Syncing filesystems ... done.
[    6.545274] Freezing user space processes ... (elapsed 0.001 seconds) done.
[    6.553626] Freezing remaining freezable tasks ... (elapsed 0.001 seconds) done.
[    6.562542] Suspending console(s) (use no_console_suspend to debug)
[    6.608002] PM: suspend of devices complete after 37.780 msecs
[    6.610402] PM: late suspend of devices complete after 2.384 msecs
[    6.612394] PM: noirq suspend of devices complete after 1.983 msecs
[    6.612398] Disabling non-boot CPUs ...
[    6.613275] CPU1: shutdown
[    6.637005] CPU2: shutdown
[    6.661662] CPU3: shutdown
[    6.675569] Entering suspend state LP1
[    6.675593] Enabling non-boot CPUs ...
[    6.700949] CPU1 is up
[    6.726192] CPU2 is up
[    6.751507] CPU3 is up
[    6.752814] PM: noirq resume of devices complete after 1.296 msecs
[    6.755855] PM: early resume of devices complete after 2.552 msecs
[    6.851465] PM: resume of devices complete after 95.594 msecs
[    6.916110] Restarting tasks ... done.
root@(none):/# 
root@(none):/# rtcwake -d rtc1 -m mem -s 3
rtcwake: assuming RTC uses UTC ...
rtcwake: wakeup from "mem" using /dev/rtc1 at Thu Jan  1 00:00:38 1970
[    7.683134] PM: Syncing filesystems ... done.
[    7.710369] Freezing user space processes ... (elapsed 0.001 seconds) done.
[    7.718745] Freezing remaining freezable tasks ... (elapsed 0.001 seconds) done.
[    7.727603] Suspending console(s) (use no_console_suspend to debug)
[    7.771214] PM: suspend of devices complete after 35.915 msecs
[    7.773479] PM: late suspend of devices complete after 2.255 msecs
[    7.775466] PM: noirq suspend of devices complete after 1.979 msecs
[    7.775470] Disabling non-boot CPUs ...
[    7.775976] IRQ16 no longer affine to CPU1
[    7.776371] CPU1: shutdown
[    7.801956] CPU2: shutdown
[    7.826639] CPU3: shutdown
[    7.840521] Entering suspend state LP1
[    7.840545] Enabling non-boot CPUs ...
[    7.865897] CPU1 is up
[    7.891126] CPU2 is up
[    7.916434] CPU3 is up
[    7.917743] PM: noirq resume of devices complete after 1.299 msecs
[    7.920726] PM: early resume of devices complete after 2.503 msecs
[    8.016199] PM: resume of devices complete after 95.455 msecs
[    8.084987] Restarting tasks ... done.
root@(none):/# 
root@(none):/# rtcwake -d rtc1 -m mem -s 3
rtcwake: assuming RTC uses UTC ...
rtcwake: wakeup from "mem" using /dev/rtc1 at Thu Jan  1 00:00:47 1970
[    8.847589] PM: Syncing filesystems ... done.
[    8.874928] Freezing user space processes ... (elapsed 0.001 seconds) done.
[    8.883293] Freezing remaining freezable tasks ... (elapsed 0.001 seconds) done.
[    8.892158] Suspending console(s) (use no_console_suspend to debug)
[    8.936326] PM: suspend of devices complete after 36.477 msecs
[    8.938956] PM: late suspend of devices complete after 2.614 msecs
[    8.941022] PM: noirq suspend of devices complete after 2.056 msecs
[    8.941026] Disabling non-boot CPUs ...
[    8.941895] CPU1: shutdown
[    8.966519] IRQ16 no longer affine to CPU2
[    8.966926] CPU2: shutdown
[    8.991635] CPU3: shutdown
[    9.005492] Entering suspend state LP1
[    9.005517] Enabling non-boot CPUs ...
[    9.030871] CPU1 is up
[    9.056109] CPU2 is up
[    9.081427] CPU3 is up
[    9.082707] PM: noirq resume of devices complete after 1.269 msecs
[    9.085728] PM: early resume of devices complete after 2.534 msecs
[    9.181376] PM: resume of devices complete after 95.631 msecs
[    9.250110] Restarting tasks ... done.
root@(none):/# 
root@(none):/# rtcwake -d rtc1 -m mem -s 3
rtcwake: assuming RTC uses UTC ...
rtcwake: wakeup from "mem" using /dev/rtc1 at Thu Jan  1 00:00:56 1970
[   10.011592] PM: Syncing filesystems ... done.
[   10.038504] Freezing user space processes ... (elapsed 0.001 seconds) done.
[   10.046925] Freezing remaining freezable tasks ... (elapsed 0.001 seconds) done.
[   10.055787] Suspending console(s) (use no_console_suspend to debug)
[   10.101297] PM: suspend of devices complete after 37.836 msecs
[   10.103717] PM: late suspend of devices complete after 2.405 msecs
[   10.105724] PM: noirq suspend of devices complete after 1.998 msecs
[   10.105728] Disabling non-boot CPUs ...
[   10.106608] CPU1: shutdown
[   10.131499] IRQ16 no longer affine to CPU2
[   10.131910] CPU2: shutdown
[   10.156591] CPU3: shutdown
[   10.170427] Entering suspend state LP1
[   10.170451] Enabling non-boot CPUs ...
[   10.195822] CPU1 is up
[   10.221063] CPU2 is up
[   10.246377] CPU3 is up
[   10.247645] PM: noirq resume of devices complete after 1.257 msecs
[   10.250691] PM: early resume of devices complete after 2.563 msecs
[   10.345952] PM: resume of devices complete after 95.244 msecs
[   10.414707] Restarting tasks ... done.
root@(none):/# 
root@(none):/# rtcwake -d rtc1 -m mem -s 3
rtcwake: assuming RTC uses UTC ...
rtcwake: wakeup from "mem" using /dev/rtc1 at Thu Jan  1 00:01:05 1970
[   11.175592] PM: Syncing filesystems ... done.
[   11.202271] Freezing user space processes ... (elapsed 0.001 seconds) done.
[   11.210699] Freezing remaining freezable tasks ... (elapsed 0.001 seconds) done.
[   11.219571] Suspending console(s) (use no_console_suspend to debug)
[   11.266787] PM: suspend of devices complete after 39.543 msecs
[   11.269287] PM: late suspend of devices complete after 2.483 msecs
[   11.271378] PM: noirq suspend of devices complete after 2.079 msecs
[   11.271382] Disabling non-boot CPUs ...
[   11.272285] CPU1: shutdown
[   11.296828] CPU2: shutdown
[   11.321164] IRQ16 no longer affine to CPU3
[   11.321573] CPU3: shutdown
[   11.335415] Entering suspend state LP1
[   11.335439] Enabling non-boot CPUs ...
[   11.360788] CPU1 is up
[   11.386026] CPU2 is up
[   11.411335] CPU3 is up
[   11.412607] PM: noirq resume of devices complete after 1.262 msecs
[   11.415575] PM: early resume of devices complete after 2.491 msecs
[   11.511240] PM: resume of devices complete after 95.648 msecs
[   11.580132] Restarting tasks ... done.
root@(none):/# 
root@(none):/# rtcwake -d rtc1 -m mem -s 3
rtcwake: assuming RTC uses UTC ...
rtcwake: wakeup from "mem" using /dev/rtc1 at Thu Jan  1 00:01:14 1970
[   12.338660] PM: Syncing filesystems ... done.
[   12.365631] Freezing user space processes ... (elapsed 0.001 seconds) done.
[   12.374034] Freezing remaining freezable tasks ... (elapsed 0.001 seconds) done.
[   12.382892] Suspending console(s) (use no_console_suspend to debug)
[   12.426579] PM: suspend of devices complete after 36.018 msecs
[   12.428848] PM: late suspend of devices complete after 2.260 msecs
[   12.430818] PM: noirq suspend of devices complete after 1.961 msecs
[   12.430822] Disabling non-boot CPUs ...
[   12.431327] IRQ16 no longer affine to CPU1
[   12.431720] CPU1: shutdown
[   12.456809] CPU2: shutdown
[   12.481492] CPU3: shutdown
[   12.495376] Entering suspend state LP1
[   12.495399] Enabling non-boot CPUs ...
[   12.520780] CPU1 is up
[   12.545998] CPU2 is up
[   12.571325] CPU3 is up
[   12.572618] PM: noirq resume of devices complete after 1.282 msecs
[   12.575311] PM: early resume of devices complete after 2.204 msecs
[   12.671251] PM: resume of devices complete after 95.922 msecs
[   12.740010] Restarting tasks ... done.
root@(none):/# 
root@(none):/# rtcwake -d rtc1 -m mem -s 3
rtcwake: assuming RTC uses UTC ...
rtcwake: wakeup from "mem" using /dev/rtc1 at Thu Jan  1 00:01:23 1970
[   13.495054] PM: Syncing filesystems ... done.
[   13.521928] Freezing user space processes ... (elapsed 0.001 seconds) done.
[   13.530358] Freezing remaining freezable tasks ... (elapsed 0.001 seconds) done.
[   13.539147] Suspending console(s) (use no_console_suspend to debug)
[   13.586475] PM: suspend of devices complete after 39.610 msecs
[   13.589066] PM: late suspend of devices complete after 2.576 msecs
[   13.590952] PM: noirq suspend of devices complete after 1.876 msecs
[   13.590956] Disabling non-boot CPUs ...
[   13.591805] CPU1: shutdown
[   13.621413] IRQ16 no longer affine to CPU2
[   13.621792] CPU2: shutdown
[   13.646371] CPU3: shutdown
[   13.660359] Entering suspend state LP1
[   13.660383] Enabling non-boot CPUs ...
[   13.685714] CPU1 is up
[   13.710950] CPU2 is up
[   13.736266] CPU3 is up
[   13.737547] PM: noirq resume of devices complete after 1.270 msecs
[   13.740230] PM: early resume of devices complete after 2.201 msecs
[   13.836187] PM: resume of devices complete after 95.939 msecs
[   13.904928] Restarting tasks ... done.
root@(none):/# 
root@(none):/# rtcwake -d rtc1 -m mem -s 3
rtcwake: assuming RTC uses UTC ...
rtcwake: wakeup from "mem" using /dev/rtc1 at Thu Jan  1 00:01:32 1970
[   14.664998] PM: Syncing filesystems ... done.
[   14.691933] Freezing user space processes ... (elapsed 0.001 seconds) done.
[   14.700362] Freezing remaining freezable tasks ... (elapsed 0.001 seconds) done.
[   14.709231] Suspending console(s) (use no_console_suspend to debug)
[   14.751148] PM: suspend of devices complete after 34.244 msecs
[   14.753524] PM: late suspend of devices complete after 2.360 msecs
[   14.755497] PM: noirq suspend of devices complete after 1.963 msecs
[   14.755502] Disabling non-boot CPUs ...
[   14.756382] CPU1: shutdown
[   14.781799] CPU2: shutdown
[   14.806397] CPU3: shutdown
[   14.820282] Entering suspend state LP1
[   14.820306] Enabling non-boot CPUs ...
[   14.845676] CPU1 is up
[   14.870909] CPU2 is up
[   14.896238] CPU3 is up
[   14.897509] PM: noirq resume of devices complete after 1.260 msecs
[   14.900257] PM: early resume of devices complete after 2.424 msecs
[   15.001042] PM: resume of devices complete after 100.768 msecs
[   15.065787] Restarting tasks ... done.
root@(none):/# 
root@(none):/# rtcwake -d rtc1 -m mem -s 3
rtcwake: assuming RTC uses UTC ...
rtcwake: wakeup from "mem" using /dev/rtc1 at Thu Jan  1 00:01:41 1970
[   15.825026] PM: Syncing filesystems ... done.
[   15.851943] Freezing user space processes ... (elapsed 0.001 seconds) done.
[   15.860357] Freezing remaining freezable tasks ... (elapsed 0.001 seconds) done.
[   15.869224] Suspending console(s) (use no_console_suspend to debug)
[   15.911833] PM: suspend of devices complete after 34.934 msecs
[   15.914416] PM: late suspend of devices complete after 2.566 msecs
[   15.916552] PM: noirq suspend of devices complete after 2.122 msecs
[   15.916556] Disabling non-boot CPUs ...
[   15.917475] CPU1: shutdown
[   15.941711] CPU2: shutdown
[   15.966022] IRQ16 no longer affine to CPU3
[   15.966394] CPU3: shutdown
[   15.980264] Entering suspend state LP1
[   15.980288] Enabling non-boot CPUs ...
[   16.005688] CPU1 is up
[   16.030892] CPU2 is up
[   16.056214] CPU3 is up
[   16.057484] PM: noirq resume of devices complete after 1.260 msecs
[   16.059878] PM: early resume of devices complete after 1.912 msecs
[   16.155843] PM: resume of devices complete after 95.950 msecs
[   16.224612] Restarting tasks ... done.
root@(none):/# 
root@(none):/# NVTB SYSTEM SUSPEND TEST COMPLETE
