

U-Boot 2011.03 (Jun 11 2013 - 06:07:37)

T114
Board: NVIDIA Dalmore
DRAM:  2 GiB
MMC:   Tegra2 SD/MMC: 0, Tegra2 SD/MMC: 1
In:    serial
Out:   serial
Err:   serial
Net:   Net Initialization Skipped
No ethernet found.
Hit any key to stop autoboot:  2  0 
Dalmore #
Dalmore #usb reset
(Re)start USB...
USB:   Register 10011 NbrPorts 1
USB EHCI 1.10
scanning bus for devices... 2 USB Device(s) found
       scanning bus for storage devices... 0 Storage Device(s) found
       scanning bus for ethernet devices... 1 Ethernet Device(s) found
Dalmore #setenv bootargs 'ignore_loglevel console=ttyS0,115200n8 rw root=/dev/mmcblk0p1 rootwait gpt init=/bin/bash'
Dalmore #setenv ipaddr 192.168.100.100; setenv serverip 192.168.100.1; setenv tftpserverip 192.168.100.1
Dalmore #tftpboot 0x81000000 zImage.multi_v7_defconfig
Waiting for Ethernet connection... done.
Using asx0 device
TFTP from server 192.168.100.1; our IP address is 192.168.100.100
Filename 'zImage.multi_v7_defconfig'.
Load address: 0x81000000
Loading: *#################################################  2.8 MiB/s
done
Bytes transferred = 3976960 (3caf00 hex)
Dalmore #tftpboot 0x82000000 tegra114-dalmore.dtb
Using asx0 device
TFTP from server 192.168.100.1; our IP address is 192.168.100.100
Filename 'tegra114-dalmore.dtb'.
Load address: 0x82000000
Loading: *#################################################  2.5 MiB/s
done
Bytes transferred = 24048 (5df0 hex)
Dalmore #bootz 0x81000000 - 0x82000000
## Flattened Device Tree blob at 82000000
   Booting using the fdt blob at 0x82000000
   Loading Device Tree to 81ff7000, end 81fffdef ... OK

Starting kernel ...

Timer summary in microseconds:
       Mark    Elapsed  Stage
          0          0  awake
  2,483,065  2,483,065  usb_start
  6,486,406  4,003,341  eth_start
  6,486,403         -3  tftp start
 10,295,810  3,809,407  tftp done
 12,498,236  2,202,426  start_kernel
[    0.000000] Booting Linux on physical CPU 0x0
[    0.000000] Linux version 3.11.6-12917-g5070441 (pwalmsley@kaivo) (gcc version 4.5.1 (Sourcery G++ Lite 2010.09-50) ) #1 SMP Mon Nov 4 10:35:38 PST 2013
[    0.000000] CPU: ARMv7 Processor [412fc0f2] revision 2 (ARMv7), cr=10c5387d
[    0.000000] CPU: PIPT / VIPT nonaliasing data cache, PIPT instruction cache
[    0.000000] Machine: NVIDIA Tegra SoC (Flattened Device Tree), model: NVIDIA Tegra114 Dalmore evaluation board
[    0.000000] debug: ignoring loglevel setting.
[    0.000000] Memory policy: ECC disabled, Data cache writealloc
[    0.000000] On node 0 totalpages: 524032
[    0.000000] free_area_init_node: node 0, pgdat c07b6a40, node_mem_map c07fe000
[    0.000000]   DMA zone: 1520 pages used for memmap
[    0.000000]   DMA zone: 0 pages reserved
[    0.000000]   DMA zone: 194560 pages, LIFO batch:31
[    0.000000]   HighMem zone: 2574 pages used for memmap
[    0.000000]   HighMem zone: 329472 pages, LIFO batch:31
[    0.000000] Tegra Revision: A01 SKU: 0 CPU Process: 1 Core Process: 1
[    0.000000] PERCPU: Embedded 5 pages/cpu @c1813000 s7168 r0 d13312 u32768
[    0.000000] pcpu-alloc: s7168 r0 d13312 u32768 alloc=8*4096
[    0.000000] pcpu-alloc: [0] 0 [0] 1 [0] 2 [0] 3 
[    0.000000] Built 1 zonelists in Zone order, mobility grouping on.  Total pages: 522512
[    0.000000] Kernel command line: ignore_loglevel console=ttyS0,115200n8 rw root=/dev/mmcblk0p1 rootwait gpt init=/bin/bash
[    0.000000] PID hash table entries: 4096 (order: 2, 16384 bytes)
[    0.000000] Dentry cache hash table entries: 131072 (order: 7, 524288 bytes)
[    0.000000] Inode-cache hash table entries: 65536 (order: 6, 262144 bytes)
[    0.000000] Memory: 2070556K/2096128K available (5387K kernel code, 584K rwdata, 1416K rodata, 479K init, 279K bss, 25572K reserved, 1317888K highmem)
[    0.000000] Virtual kernel memory layout:
[    0.000000]     vector  : 0xffff0000 - 0xffff1000   (   4 kB)
[    0.000000]     fixmap  : 0xfff00000 - 0xfffe0000   ( 896 kB)
[    0.000000]     vmalloc : 0xf0000000 - 0xff000000   ( 240 MB)
[    0.000000]     lowmem  : 0xc0000000 - 0xef800000   ( 760 MB)
[    0.000000]     pkmap   : 0xbfe00000 - 0xc0000000   (   2 MB)
[    0.000000]       .text : 0xc0008000 - 0xc06ad094   (6805 kB)
[    0.000000]       .init : 0xc06ae000 - 0xc0725c00   ( 479 kB)
[    0.000000]       .data : 0xc0726000 - 0xc07b8180   ( 585 kB)
[    0.000000]        .bss : 0xc07b8180 - 0xc07fde54   ( 280 kB)
[    0.000000] SLUB: HWalign=64, Order=0-3, MinObjects=0, CPUs=4, Nodes=1
[    0.000000] Hierarchical RCU implementation.
[    0.000000] NR_IRQS:16 nr_irqs:16 16
[    0.000000] sched_clock: 32 bits at 1000kHz, resolution 1000ns, wraps every 4294967ms
[    0.000000] Architected local timer running at 12.00MHz (virt).
[    0.000000] Switching to timer-based delay loop
[    0.000000] sched_clock: ARM arch timer >56 bits at 12000kHz, resolution 83ns
[    0.000000] Console: colour dummy device 80x30
[   12.677500] Calibrating delay loop (skipped), value calculated using timer frequency.. 24.00 BogoMIPS (lpj=120000)
[   12.677516] pid_max: default: 32768 minimum: 301
[   12.677667] Mount-cache hash table entries: 512
[   12.684174] CPU: Testing write buffer coherency: ok
[   12.684398] /cpus/cpu@0 missing clock-frequency property
[   12.684410] /cpus/cpu@1 missing clock-frequency property
[   12.684419] /cpus/cpu@2 missing clock-frequency property
[   12.684428] /cpus/cpu@3 missing clock-frequency property
[   12.684443] CPU0: thread -1, cpu 0, socket 0, mpidr 80000000
[   12.684470] Setting up static identity map for 0xc051d540 - 0xc051d5d8
[   12.684652] unable to find compatible sirf rstc node in dtb
[   12.686077] CPU1: Booted secondary processor
[   12.686105] CPU1: thread -1, cpu 1, socket 0, mpidr 80000001
[   12.686884] CPU2: Booted secondary processor
[   12.686909] CPU2: thread -1, cpu 2, socket 0, mpidr 80000002
[   12.687680] CPU3: Booted secondary processor
[   12.687705] CPU3: thread -1, cpu 3, socket 0, mpidr 80000003
[   12.687796] Brought up 4 CPUs
[   12.687823] SMP: Total of 4 processors activated (96.00 BogoMIPS).
[   12.687830] CPU: All CPU(s) started in SVC mode.
[   12.688471] devtmpfs: initialized
[   12.693962] pinctrl core: initialized pinctrl subsystem
[   12.694304] regulator-dummy: no parameters
[   12.694661] NET: Registered protocol family 16
[   12.694891] DMA: preallocated 256 KiB pool for atomic coherent allocations
[   12.695076] unable to find compatible sirf pwrc node in dtb
[   12.704668] Serial: AMBA PL011 UART driver
[   12.709529] bio: create slab <bio-0> at 0
[   12.710829] edma-dma-engine edma-dma-engine.0: Can't allocate PaRAM dummy slot
[   12.710852] edma-dma-engine: probe of edma-dma-engine.0 failed with error -5
[   12.711212] vdd_ac_bat: 5000 mV 
[   12.711396] dvdd_ts: Failed to request enable GPIO61: -517
[   12.711490] reg-fixed-voltage 1.regulator: Failed to register regulator: -517
[   12.711512] platform 1.regulator: Driver reg-fixed-voltage requests probe deferral
[   12.711630] lcd_bl_en: Failed to request enable GPIO58: -517
[   12.711714] reg-fixed-voltage 2.regulator: Failed to register regulator: -517
[   12.711734] platform 2.regulator: Driver reg-fixed-voltage requests probe deferral
[   12.711850] usb1_vbus: Failed to request enable GPIO108: -517
[   12.711930] reg-fixed-voltage 3.regulator: Failed to register regulator: -517
[   12.711950] platform 3.regulator: Driver reg-fixed-voltage requests probe deferral
[   12.712064] usb2_vbus: Failed to request enable GPIO86: -517
[   12.712143] reg-fixed-voltage 4.regulator: Failed to register regulator: -517
[   12.712162] platform 4.regulator: Driver reg-fixed-voltage requests probe deferral
[   12.712276] vdd_hdmi_5v0: Failed to request enable GPIO81: -517
[   12.712356] reg-fixed-voltage 5.regulator: Failed to register regulator: -517
[   12.712375] platform 5.regulator: Driver reg-fixed-voltage requests probe deferral
[   12.713268] vgaarb: loaded
[   12.713592] SCSI subsystem initialized
[   12.713745] libata version 3.00 loaded.
[   12.713913] usbcore: registered new interface driver usbfs
[   12.713956] usbcore: registered new interface driver hub
[   12.714040] usbcore: registered new device driver usb
[   12.716688] vdd-cpu: 500 <--> 1520 mV at 1100 mV 
[   12.716946] pps_core: LinuxPPS API ver. 1 registered
[   12.716955] pps_core: Software ver. 5.3.6 - Copyright 2005-2007 Rodolfo Giometti <giometti@linux.it>
[   12.716977] PTP clock support registered
[   12.717017] EDAC MC: Ver: 3.0.0
[   12.717902] Switched to clocksource arch_sys_counter
[   12.725335] NET: Registered protocol family 2
[   12.725815] TCP established hash table entries: 8192 (order: 4, 65536 bytes)
[   12.726006] TCP bind hash table entries: 8192 (order: 4, 65536 bytes)
[   12.726183] TCP: Hash tables configured (established 8192 bind 8192)
[   12.726241] TCP: reno registered
[   12.726255] UDP hash table entries: 512 (order: 2, 16384 bytes)
[   12.726296] UDP-Lite hash table entries: 512 (order: 2, 16384 bytes)
[   12.726523] NET: Registered protocol family 1
[   12.726786] RPC: Registered named UNIX socket transport module.
[   12.726796] RPC: Registered udp transport module.
[   12.726803] RPC: Registered tcp transport module.
[   12.726811] RPC: Registered tcp NFSv4.1 backchannel transport module.
[   12.726822] PCI: CLS 0 bytes, default 64
[   12.728746] bounce pool size: 64 pages
[   12.736138] NFS: Registering the id_resolver key type
[   12.736177] Key type id_resolver registered
[   12.736187] Key type id_legacy registered
[   12.736421] Block layer SCSI generic (bsg) driver version 0.4 loaded (major 251)
[   12.736433] io scheduler noop registered
[   12.736441] io scheduler deadline registered
[   12.736580] io scheduler cfq registered (default)
[   12.744918] tegra-apbdma 6000a000.dma: Tegra20 APB DMA driver register 32 channels
[   12.791978] Serial: 8250/16550 driver, 4 ports, IRQ sharing disabled
[   12.793101] Serial: IMX driver
[   12.794062] 70006300.serial: ttyS0 at MMIO 0x70006300 (irq = 122) is a Tegra
[   13.504810] console [ttyS0] enabled
[   13.509087] serial: Freescale lpuart driver
[   13.513437] [drm] Initialized drm 1.1.0 20060810
[   13.520396] ehci_hcd: USB 2.0 'Enhanced' Host Controller (EHCI) Driver
[   13.526905] ehci-pci: EHCI PCI platform driver
[   13.531355] ehci-platform: EHCI generic platform driver
[   13.536658] ehci-omap: OMAP-EHCI Host Controller driver
[   13.541929] ehci-orion: EHCI orion driver
[   13.546006] SPEAr-ehci: EHCI SPEAr driver
[   13.550068] tegra-ehci: Tegra EHCI driver
[   13.554388] usbcore: registered new interface driver usb-storage
[   13.561513] mousedev: PS/2 mouse device common for all mice
[   13.567686] tegra_rtc 7000e000.rtc: rtc core: registered 7000e000.rtc as rtc0
[   13.574818] tegra_rtc 7000e000.rtc: Tegra internal Real Time Clock
[   13.581524] sdhci: Secure Digital Host Controller Interface driver
[   13.587679] sdhci: Copyright(c) Pierre Ossman
[   13.592309] sdhci-pltfm: SDHCI platform and OF driver helper
[   13.598260] sdhci-tegra 78000400.sdhci: Got CD GPIO #170.
[   13.604665] mmc0: no vqmmc regulator found
[   13.608741] mmc0: no vmmc regulator found
[   13.612727] mmc0: Invalid maximum block size, assuming 512 bytes
[   13.664113] mmc0: SDHCI controller on 78000400.sdhci [78000400.sdhci] using ADMA
[   13.671576] mmc1: no vqmmc regulator found
[   13.675670] mmc1: no vmmc regulator found
[   13.679656] mmc1: Invalid maximum block size, assuming 512 bytes
[   13.723870] mmc1: SDHCI controller on 78000600.sdhci [78000600.sdhci] using ADMA
[   13.731620] usbcore: registered new interface driver usbhid
[   13.737172] usbhid: USB HID core driver
[   13.741221] TCP: cubic registered
[   13.745011] NET: Registered protocol family 10
[   13.750039] sit: IPv6 over IPv4 tunneling driver
[   13.755226] Key type dns_resolver registered
[   13.759586] VFP support v0.3: implementor 41 architecture 4 part 30 variant f rev 0
[   13.767250] Registering SWP/SWPB emulation handler
[   13.772927] dvdd_ts: 1800 mV 
[   13.776196] lcd_bl_en: 5000 mV 
[   13.779569] usb1_vbus: 5000 mV 
[   13.782730] reg-fixed-voltage 3.regulator: Failed to find supply vin
[   13.789158] reg-fixed-voltage 3.regulator: Failed to register regulator: -517
[   13.796279] platform 3.regulator: Driver reg-fixed-voltage requests probe deferral
[   13.804241] usb2_vbus: 5000 mV 
[   13.807391] reg-fixed-voltage 4.regulator: Failed to find supply vin
[   13.813807] reg-fixed-voltage 4.regulator: Failed to register regulator: -517
[   13.820911] platform 4.regulator: Driver reg-fixed-voltage requests probe deferral
[   13.828811] vdd_hdmi_5v0: 5000 mV 
[   13.832218] reg-fixed-voltage 5.regulator: Failed to find supply vin
[   13.838631] reg-fixed-voltage 5.regulator: Failed to register regulator: -517
[   13.845697] mmc1: BKOPS_EN bit is not set
[   13.849728] platform 5.regulator: Driver reg-fixed-voltage requests probe deferral
[   13.857504] tegra_rtc 7000e000.rtc: setting system clock to 1970-01-01 00:00:14 UTC (14)
[   13.866718] Waiting for root device /dev/mmcblk0p1...
[   13.872320] mmc1: new HS200 MMC card at address 0001
[   13.877644] mmcblk0: mmc1:0001 SEM32G 29.1 GiB 
[   13.882307] mmcblk0boot0: mmc1:0001 SEM32G partition 1 4.00 MiB
[   13.888353] mmcblk0boot1: mmc1:0001 SEM32G partition 2 4.00 MiB
[   13.894395] mmcblk0rpmb: mmc1:0001 SEM32G partition 3 4.00 MiB
[   13.902392] Primary GPT is invalid, using alternate GPT.
[   13.907713]  mmcblk0: p1 p2 p3 p4 p5
[   13.913764]  mmcblk0boot1: unknown partition table
[   13.919948]  mmcblk0boot0: unknown partition table
[   13.925207] usb1_vbus: 5000 mV 
[   13.928366] reg-fixed-voltage 3.regulator: Failed to find supply vin
[   13.934805] reg-fixed-voltage 3.regulator: Failed to register regulator: -517
[   13.941911] platform 3.regulator: Driver reg-fixed-voltage requests probe deferral
[   13.949847] usb2_vbus: 5000 mV 
[   13.953012] reg-fixed-voltage 4.regulator: Failed to find supply vin
[   13.959411] reg-fixed-voltage 4.regulator: Failed to register regulator: -517
[   13.966526] platform 4.regulator: Driver reg-fixed-voltage requests probe deferral
[   13.974412] vdd_hdmi_5v0: 5000 mV 
[   13.977820] reg-fixed-voltage 5.regulator: Failed to find supply vin
[   13.984229] reg-fixed-voltage 5.regulator: Failed to register regulator: -517
[   13.991332] platform 5.regulator: Driver reg-fixed-voltage requests probe deferral
[   14.086149] EXT4-fs (mmcblk0p1): mounting ext3 file system using the ext4 subsystem
[   14.127161] EXT4-fs (mmcblk0p1): recovery complete
[   14.131940] EXT4-fs (mmcblk0p1): mounted filesystem with ordered data mode. Opts: (null)
[   14.140036] VFS: Mounted root (ext3 filesystem) on device 179:1.
[   14.147915] devtmpfs: mounted
[   14.151295] Freeing unused kernel memory: 476K (c06ae000 - c0725000)
bash: cannot set terminal process group (-1): Inappropriate ioctl for device
bash: no job control in this shell
I have no name!@(none):/# 