
U-Boot SPL 2014.01-00219-gc4d376f (Feb 18 2014 - 19:57:32)


U-Boot 2014.01-00219-gc4d376f (Feb 18 2014 - 19:57:32)

TEGRA114
Board: NVIDIA Dalmore
I2C:   ready
DRAM:  2 GiB
MMC:   Tegra SD/MMC: 0, Tegra SD/MMC: 1
In:    serial
Out:   serial
Err:   serial
Net:   Net Initialization Skipped
No ethernet found.
Hit any key to stop autoboot:  2  0 
Tegra114 (Dalmore) # 
Tegra114 (Dalmore) # usb reset
(Re)start USB...
USB0:   USB EHCI 1.10
scanning bus 0 for devices... 2 USB Device(s) found
       scanning usb for storage devices... 0 Storage Device(s) found
       scanning usb for ethernet devices... 
Warning: asx0 using MAC address from net device
1 Ethernet Device(s) found
Tegra114 (Dalmore) # setenv bootargs 'ignore_loglevel console=ttyS0,115200n8 rw root=PARTUUID=7369c667-ff51-ec4a-29cd-baabf2fbe346 rootwait gpt debug earlyprintk init=/bin/bash'
Tegra114 (Dalmore) # setenv ipaddr 192.168.100.100; setenv serverip 192.168.100.1; setenv tftpserverip 192.168.100.1
Tegra114 (Dalmore) # tftpboot 0x81000000 zImage.multi_v7_defconfig
Using asx0 device
TFTP from server 192.168.100.1; our IP address is 192.168.100.100
Filename 'zImage.multi_v7_defconfig'.
Load address: 0x81000000
Loading: *#################################################################
	 #################################################################
	 #################################################################
	 #################################################################
	 #################################################################
	 #################################################################
	 #################################################################
	 #######################################
	 3.1 MiB/s
done
Bytes transferred = 7239360 (6e76c0 hex)
Tegra114 (Dalmore) # tftpboot 0x82000000 tegra114-dalmore.dtb
Using asx0 device
TFTP from server 192.168.100.1; our IP address is 192.168.100.100
Filename 'tegra114-dalmore.dtb'.
Load address: 0x82000000
Loading: *###
	 2.8 MiB/s
done
Bytes transferred = 34956 (888c hex)
Tegra114 (Dalmore) # bootz 0x81000000 - 0x82000000
Kernel image @ 0x81000000 [ 0x000000 - 0x6e76c0 ]
## Flattened Device Tree blob at 82000000
   Booting using the fdt blob at 0x82000000
   Loading Device Tree to 8fff4000, end 8ffff88b ... OK

Starting kernel ...

[    0.000000] Booting Linux on physical CPU 0x0
[    0.000000] Linux version 4.7.0-rc4-96064-g33688ab (pwalmsley@sellafield) (gcc version 4.7.3 20130328 (prerelease) (crosstool-NG linaro-1.13.1-4.7-2013.04-20130415 - Linaro GCC 2013.04) ) #1 SMP Sun Jun 19 22:04:28 PDT 2016
[    0.000000] CPU: ARMv7 Processor [412fc0f2] revision 2 (ARMv7), cr=10c5387d
[    0.000000] CPU: div instructions available: patching division code
[    0.000000] CPU: PIPT / VIPT nonaliasing data cache, PIPT instruction cache
[    0.000000] Machine model: NVIDIA Tegra114 Dalmore evaluation board
[    0.000000] debug: ignoring loglevel setting.
[    0.000000] cma: Reserved 64 MiB at 0xfb800000
[    0.000000] Memory policy: Data cache writealloc
[    0.000000] On node 0 totalpages: 524032
[    0.000000] free_area_init_node: node 0, pgdat c141bb40, node_mem_map eeff8000
[    0.000000]   DMA zone: 1536 pages used for memmap
[    0.000000]   DMA zone: 0 pages reserved
[    0.000000]   DMA zone: 196608 pages, LIFO batch:31
[    0.000000]   HighMem zone: 327424 pages, LIFO batch:31
[    0.000000] percpu: Embedded 13 pages/cpu @eef9f000 s23808 r8192 d21248 u53248
[    0.000000] pcpu-alloc: s23808 r8192 d21248 u53248 alloc=13*4096
[    0.000000] pcpu-alloc: [0] 0 [0] 1 [0] 2 [0] 3 
[    0.000000] Built 1 zonelists in Zone order, mobility grouping on.  Total pages: 522496
[    0.000000] Kernel command line: ignore_loglevel console=ttyS0,115200n8 rw root=PARTUUID=7369c667-ff51-ec4a-29cd-baabf2fbe346 rootwait gpt debug earlyprintk init=/bin/bash
[    0.000000] PID hash table entries: 4096 (order: 2, 16384 bytes)
[    0.000000] Dentry cache hash table entries: 131072 (order: 7, 524288 bytes)
[    0.000000] Inode-cache hash table entries: 65536 (order: 6, 262144 bytes)
[    0.000000] Memory: 1995116K/2096128K available (9529K kernel code, 1142K rwdata, 4476K rodata, 2048K init, 343K bss, 35476K reserved, 65536K cma-reserved, 1244160K highmem)
[    0.000000] Virtual kernel memory layout:
[    0.000000]     vector  : 0xffff0000 - 0xffff1000   (   4 kB)
[    0.000000]     fixmap  : 0xffc00000 - 0xfff00000   (3072 kB)
[    0.000000]     vmalloc : 0xf0800000 - 0xff800000   ( 240 MB)
[    0.000000]     lowmem  : 0xc0000000 - 0xf0000000   ( 768 MB)
[    0.000000]     pkmap   : 0xbfe00000 - 0xc0000000   (   2 MB)
[    0.000000]     modules : 0xbf000000 - 0xbfe00000   (  14 MB)
[    0.000000]       .text : 0xc0208000 - 0xc10ad50c   (14998 kB)
[    0.000000]       .init : 0xc1100000 - 0xc1300000   (2048 kB)
[    0.000000]       .data : 0xc1300000 - 0xc141dba0   (1143 kB)
[    0.000000]        .bss : 0xc141f000 - 0xc1474ca0   ( 344 kB)
[    0.000000] SLUB: HWalign=64, Order=0-3, MinObjects=0, CPUs=4, Nodes=1
[    0.000000] Hierarchical RCU implementation.
[    0.000000] 	Build-time adjustment of leaf fanout to 32.
[    0.000000] 	RCU restricting CPUs from NR_CPUS=16 to nr_cpu_ids=4.
[    0.000000] RCU: Adjusting geometry for rcu_fanout_leaf=32, nr_cpu_ids=4
[    0.000000] NR_IRQS:16 nr_irqs:16 16
[    0.000000] /interrupt-controller@60004000: 160 interrupts forwarded to /interrupt-controller@50041000
[    0.000000] Tegra clk 127: register failed with -17
[    0.000008] sched_clock: 32 bits at 1000kHz, resolution 1000ns, wraps every 2147483647500ns
[    0.000027] clocksource: timer_us: mask: 0xffffffff max_cycles: 0xffffffff, max_idle_ns: 1911260446275 ns
[    0.000042] Switching to timer-based delay loop, resolution 1000ns
[    0.003094] Architected cp15 timer(s) running at 12.00MHz (virt).
[    0.003112] clocksource: arch_sys_counter: mask: 0xffffffffffffff max_cycles: 0x2c47f4ee7, max_idle_ns: 440795202497 ns
[    0.003131] sched_clock: 56 bits at 12MHz, resolution 83ns, wraps every 4398046511096ns
[    0.003144] Switching to timer-based delay loop, resolution 83ns
[    0.003525] Console: colour dummy device 80x30
[    0.003553] Calibrating delay loop (skipped), value calculated using timer frequency.. 24.00 BogoMIPS (lpj=60000)
[    0.003568] pid_max: default: 32768 minimum: 301
[    0.003665] Mount-cache hash table entries: 2048 (order: 1, 8192 bytes)
[    0.003677] Mountpoint-cache hash table entries: 2048 (order: 1, 8192 bytes)
[    0.004299] CPU: Testing write buffer coherency: ok
[    0.004515] /cpus/cpu@0 missing clock-frequency property
[    0.004545] /cpus/cpu@1 missing clock-frequency property
[    0.004574] /cpus/cpu@2 missing clock-frequency property
[    0.004605] /cpus/cpu@3 missing clock-frequency property
[    0.004617] CPU0: thread -1, cpu 0, socket 0, mpidr 80000000
[    0.004640] Setting up static identity map for 0x80300000 - 0x80300098
[    0.007161] Tegra Revision: A01 SKU: 0 CPU Process: 1 SoC Process: 0
[    0.008575] CPU1: thread -1, cpu 1, socket 0, mpidr 80000001
[    0.009286] CPU2: thread -1, cpu 2, socket 0, mpidr 80000002
[    0.009975] CPU3: thread -1, cpu 3, socket 0, mpidr 80000003
[    0.010061] Brought up 4 CPUs
[    0.010082] SMP: Total of 4 processors activated (96.00 BogoMIPS).
[    0.010091] CPU: All CPU(s) started in SVC mode.
[    0.011553] devtmpfs: initialized
[    0.022167] VFP support v0.3: implementor 41 architecture 4 part 30 variant f rev 0
[    0.022691] clocksource: jiffies: mask: 0xffffffff max_cycles: 0xffffffff, max_idle_ns: 9556302231375000 ns
[    0.024098] pinctrl core: initialized pinctrl subsystem
[    0.025706] NET: Registered protocol family 16
[    0.027723] DMA: preallocated 256 KiB pool for atomic coherent allocations
[    0.043045] cpuidle: using governor menu
[    0.058825] No ATAGs?
[    0.058852] hw-breakpoint: found 5 (+1 reserved) breakpoint and 4 watchpoint registers.
[    0.058863] hw-breakpoint: maximum watchpoint size is 8 bytes.
[    0.063950] Serial: AMBA PL011 UART driver
[    0.065314] tegra-mc 70019000.memory-controller: no memory timings for RAM code 3 registered
[    0.092503] dvdd_ts: Failed to request enable GPIO61: -517
[    0.092520] reg-fixed-voltage regulators:regulator@1: Failed to register regulator: -517
[    0.092617] usb1_vbus: Failed to request enable GPIO108: -517
[    0.092631] reg-fixed-voltage regulators:regulator@3: Failed to register regulator: -517
[    0.092723] usb2_vbus: Failed to request enable GPIO86: -517
[    0.092737] reg-fixed-voltage regulators:regulator@4: Failed to register regulator: -517
[    0.093181] VDD_5V0_HDMI_CON: Failed to request enable GPIO81: -517
[    0.093195] reg-fixed-voltage regulators:regulator@7: Failed to register regulator: -517
[    0.095958] vgaarb: loaded
[    0.096767] SCSI subsystem initialized
[    0.096940] libata version 3.00 loaded.
[    0.097238] usbcore: registered new interface driver usbfs
[    0.097311] usbcore: registered new interface driver hub
[    0.097390] usbcore: registered new device driver usb
[    0.101066] tps65090 2-0048: No cache defaults, reading back from HW
[    0.102985] TPS65090_RAILSDCDC1: supplied by vdd_ac_bat
[    0.103549] vdd_hdmi_5v0: supplied by vdd-sys-5v0
[    0.104315] TPS65090_RAILSDCDC2: supplied by vdd_ac_bat
[    0.105407] TPS65090_RAILSDCDC3: supplied by vdd_ac_bat
[    0.105952] TPS65090_RAILSFET1: supplied by vdd_ac_bat
[    0.106338] TPS65090_RAILSFET2: supplied by vdd_ac_bat
[    0.106713] TPS65090_RAILSFET3: supplied by vdd-sys-3v3
[    0.107249] TPS65090_RAILSFET4: supplied by vdd-sys-3v3
[    0.107797] TPS65090_RAILSFET5: supplied by vdd-sys-3v3
[    0.108350] TPS65090_RAILSFET6: supplied by vdd-sys-3v3
[    0.109196] TPS65090_RAILSFET7: supplied by vdd-sys-3v3
[    0.109761] TPS65090_RAILSLDO1: supplied by vdd_ac_bat
[    0.109980] TPS65090_RAILSLDO2: supplied by vdd_ac_bat
[    0.110839] genirq: Setting trigger mode 8 for irq 341 failed (irq_chip_set_type_parent+0x0/0x28)
[    0.110863] palmas 2-0058: Irq flag is 0x00000000
[    0.114075] palmas 2-0058: Muxing GPIO ff, PWM 0, LED 0
[    0.116675] SMPS12: supplied by vdd-ao
[    0.118316] SMPS3: supplied by vdd-ao
[    0.120093] SMPS457: supplied by vdd-sys-3v3
[    0.123033] SMPS8: supplied by vdd-sys-3v3
[    0.124678] SMPS9: supplied by vdd-sys-3v3
[    0.125190] sdhci-vdd-sd-slot: Bringing 2840000uV into 2800000-2800000uV
[    0.125933] sdhci-vdd-sd-slot: ramp_delay not set
[    0.127958] LDO1: supplied by vdd-sys-3v3
[    0.129178] LDO2: supplied by vdd-sys-3v3
[    0.130389] LDO3: supplied by vddio-1v8
[    0.131615] LDO4: supplied by vdd-sys-3v3
[    0.132838] LDO5: supplied by vdd_ac_bat
[    0.133622] LDO6: supplied by vdd-sys-3v3
[    0.134147] vdd-sensor-2v85: Bringing 2900000uV into 2850000-2850000uV
[    0.135450] LDO7: supplied by vdd-sys-3v3
[    0.137200] LDO8: supplied by vdd-ao
[    0.137712] vdd-rtc: Bringing 675000uV into 900000-900000uV
[    0.144067] LDO9: supplied by sdhci-vdd-sd-slot
[    0.149375] LDOLN: supplied by vdd-sys-5v0
[    0.150617] LDOUSB: supplied by vdd-sys-5v0
[    0.157319] pps_core: LinuxPPS API ver. 1 registered
[    0.157329] pps_core: Software ver. 5.3.6 - Copyright 2005-2007 Rodolfo Giometti <giometti@linux.it>
[    0.157353] PTP clock support registered
[    0.157557] EDAC MC: Ver: 3.0.0
[    0.160008] clocksource: Switched to clocksource arch_sys_counter
[    0.170827] NET: Registered protocol family 2
[    0.171359] TCP established hash table entries: 8192 (order: 3, 32768 bytes)
[    0.171457] TCP bind hash table entries: 8192 (order: 4, 65536 bytes)
[    0.171644] TCP: Hash tables configured (established 8192 bind 8192)
[    0.171698] UDP hash table entries: 512 (order: 2, 16384 bytes)
[    0.171740] UDP-Lite hash table entries: 512 (order: 2, 16384 bytes)
[    0.171902] NET: Registered protocol family 1
[    0.172149] RPC: Registered named UNIX socket transport module.
[    0.172159] RPC: Registered udp transport module.
[    0.172166] RPC: Registered tcp transport module.
[    0.172174] RPC: Registered tcp NFSv4.1 backchannel transport module.
[    0.172185] PCI: CLS 0 bytes, default 64
[    0.174364] futex hash table entries: 1024 (order: 4, 65536 bytes)
[    0.174864] workingset: timestamp_bits=28 max_order=19 bucket_order=0
[    0.186663] squashfs: version 4.0 (2009/01/31) Phillip Lougher
[    0.187554] NFS: Registering the id_resolver key type
[    0.187583] Key type id_resolver registered
[    0.187592] Key type id_legacy registered
[    0.187638] ntfs: driver 2.1.32 [Flags: R/O].
[    0.189004] bounce: pool size: 64 pages
[    0.189228] Block layer SCSI generic (bsg) driver version 0.4 loaded (major 248)
[    0.189239] io scheduler noop registered
[    0.189247] io scheduler deadline registered
[    0.189281] io scheduler cfq registered (default)
[    0.218091] tegra-apbdma 6000a000.dma: Tegra20 APB DMA driver register 32 channels
[    0.219972] tegra-pmc 7000e400.pmc: i2c-thermtrip node not found, emergency thermal reset disabled.
[    0.285998] Serial: 8250/16550 driver, 4 ports, IRQ sharing disabled
[    0.289059] console [ttyS0] disabled
[    0.289098] 70006300.serial: ttyS0 at MMIO 0x70006300 (irq = 329, base_baud = 25500000) is a Tegra
[    1.251200] console [ttyS0] enabled
[    1.255502] SuperH (H)SCI(F) driver initialized
[    1.261009] msm_serial: driver initialized
[    1.265308] STMicroelectronics ASC driver initialized
[    1.274009] [drm] Initialized drm 1.1.0 20060810
[    1.282036] tegra-hdmi 54280000.hdmi: failed to get HDMI regulator
[    1.303862] brd: module loaded
[    1.313161] loop: module loaded
[    1.332681] m25p80 spi32766.0: w25q32dw (4096 Kbytes)
[    1.341321] libphy: Fixed MDIO Bus: probed
[    1.346138] CAN device driver interface
[    1.351861] igb: Intel(R) Gigabit Ethernet Network Driver - version 5.3.0-k
[    1.358831] igb: Copyright (c) 2007-2014 Intel Corporation.
[    1.367517] pegasus: v0.9.3 (2013/04/25), Pegasus/Pegasus II USB Ethernet driver
[    1.374976] usbcore: registered new interface driver pegasus
[    1.380706] usbcore: registered new interface driver asix
[    1.386156] usbcore: registered new interface driver ax88179_178a
[    1.392301] usbcore: registered new interface driver cdc_ether
[    1.398204] usbcore: registered new interface driver smsc75xx
[    1.404028] usbcore: registered new interface driver smsc95xx
[    1.409826] usbcore: registered new interface driver net1080
[    1.415536] usbcore: registered new interface driver cdc_subset
[    1.421505] usbcore: registered new interface driver zaurus
[    1.427159] usbcore: registered new interface driver cdc_ncm
[    1.434917] ehci_hcd: USB 2.0 'Enhanced' Host Controller (EHCI) Driver
[    1.441458] ehci-pci: EHCI PCI platform driver
[    1.445957] ehci-platform: EHCI generic platform driver
[    1.451397] ehci-omap: OMAP-EHCI Host Controller driver
[    1.456769] ehci-orion: EHCI orion driver
[    1.460927] SPEAr-ehci: EHCI SPEAr driver
[    1.465087] ehci-st: EHCI STMicroelectronics driver
[    1.470115] ehci-exynos: EHCI EXYNOS driver
[    1.474447] ehci-atmel: EHCI Atmel driver
[    1.478605] tegra-ehci: Tegra EHCI driver
[    1.482937] ohci_hcd: USB 1.1 'Open' Host Controller (OHCI) Driver
[    1.489140] ohci-pci: OHCI PCI platform driver
[    1.493643] ohci-platform: OHCI generic platform driver
[    1.499039] ohci-omap3: OHCI OMAP3 driver
[    1.503197] SPEAr-ohci: OHCI SPEAr driver
[    1.507358] ohci-st: OHCI STMicroelectronics driver
[    1.512395] ohci-atmel: OHCI Atmel driver
[    1.517131] usbcore: registered new interface driver usb-storage
[    1.524764] mousedev: PS/2 mouse device common for all mice
[    1.535207] palmas-rtc 7000d000.i2c:tps65913@58:rtc: rtc core: registered 7000d000.i2c:tps659 as rtc0
[    1.546345] tegra_rtc 7000e000.rtc: rtc core: registered 7000e000.rtc as rtc1
[    1.553542] tegra_rtc 7000e000.rtc: Tegra internal Real Time Clock
[    1.560315] i2c /dev entries driver
[    1.568041] sbs-battery 0-000b: sbs_probe: Failed to get device status
[    1.574594] sbs-battery: probe of 0-000b failed with error -121
[    1.592571] sdhci: Secure Digital Host Controller Interface driver
[    1.598767] sdhci: Copyright(c) Pierre Ossman
[    1.604626] Synopsys Designware Multimedia Card Interface Driver
[    1.611707] sdhci-pltfm: SDHCI platform and OF driver helper
[    1.618125] sdhci-tegra 78000400.sdhci: Got CD GPIO
[    1.623036] sdhci-tegra 78000400.sdhci: Got WP GPIO
[    1.629137] mmc0: Invalid maximum block size, assuming 512 bytes
[    1.670148] mmc0: SDHCI controller on 78000400.sdhci [78000400.sdhci] using ADMA
[    1.677854] mmc1: Invalid maximum block size, assuming 512 bytes
[    1.720029] mmc1: SDHCI controller on 78000600.sdhci [78000600.sdhci] using ADMA
[    1.728967] ledtrig-cpu: registered to indicate activity on CPUs
[    1.735335] usbcore: registered new interface driver usbhid
[    1.740919] usbhid: USB HID core driver
[    1.750551] NET: Registered protocol family 10
[    1.755714] sit: IPv6 over IPv4 tunneling driver
[    1.761042] NET: Registered protocol family 17
[    1.765516] can: controller area network core (rev 20120528 abi 9)
[    1.771770] NET: Registered protocol family 29
[    1.776228] can: raw protocol (rev 20120528)
[    1.780508] can: broadcast manager protocol (rev 20120528 t)
[    1.786181] can: netlink gateway (rev 20130117) max_hops=1
[    1.792075] Key type dns_resolver registered
[    1.797004] ThumbEE CPU extension supported.
[    1.801298] Registering SWP/SWPB emulation handler
[    1.808415] usb1_vbus: supplied by vdd-sys-5v0
[    1.814565] usb2_vbus: supplied by vdd-sys-5v0
[    1.828979] VDD_5V0_HDMI_CON: supplied by vdd-sys-5v0
[    1.840932] [drm] Supports vblank timestamp caching Rev 2 (21.10.2013).
[    1.847614] [drm] No driver support for vblank timestamp query.
[    1.874710] mmc0: new high speed SDHC card at address aaaa
[    1.879716] mmcblk0: mmc0:aaaa SL16G 14.8 GiB 
[    1.904594]  mmcblk0: p1 p2 p3
[    1.911918] mmc1: new high speed MMC card at address 0001
[    1.912967] mmcblk1: mmc1:0001 SEM32G 29.1 GiB 
[    1.913815] mmcblk1boot0: mmc1:0001 SEM32G partition 1 4.00 MiB
[    1.913918] Console: switching to colour frame buffer device 240x75
[    1.914813] mmcblk1boot1: mmc1:0001 SEM32G partition 2 4.00 MiB
[    1.915666] mmcblk1rpmb: mmc1:0001 SEM32G partition 3 4.00 MiB
[    1.923934]  mmcblk1: p1 p2 p3 p4 p5 p6 p7 p8
[    1.987782] drm drm: fb0:  frame buffer device
[    2.005153] [drm] Initialized tegra 0.0.0 20120330 on minor 0
[    2.016051] tegra-ehci 7d008000.usb: EHCI Host Controller
[    2.021530] tegra-ehci 7d008000.usb: new USB bus registered, assigned bus number 1
[    2.029422] tegra-ehci 7d008000.usb: irq 339, io mem 0x7d008000
[    2.045134] tegra-ehci 7d008000.usb: USB 2.0 started, EHCI 1.10
[    2.052331] hub 1-0:1.0: USB hub found
[    2.056241] hub 1-0:1.0: 1 port detected
[    2.061912] input: gpio-keys as /devices/soc0/gpio-keys/input/input0
[    2.070921] palmas-rtc 7000d000.i2c:tps65913@58:rtc: setting system clock to 2000-04-13 16:26:04 UTC (955643164)
[    2.096066] dvdd_ts: disabling
[    2.099124] usb1_vbus: disabling
[    2.102391] vdd_cam_1v8_reg: disabling
[    2.108020] EXT4-fs (mmcblk1p1): mounting ext3 file system using the ext4 subsystem
[    2.144503] EXT4-fs (mmcblk1p1): recovery complete
[    2.149357] EXT4-fs (mmcblk1p1): mounted filesystem with ordered data mode. Opts: (null)
[    2.157510] VFS: Mounted root (ext3 filesystem) on device 179:17.
[    2.168277] devtmpfs: mounted
[    2.173158] Freeing unused kernel memory: 2048K (c1100000 - c1300000)
bash: cannot set terminal process group (-1): Inappropriate ioctl for device
bash: no job control in this shell
root@(none):/# [    2.370159] usb 1-1: new high-speed USB device number 2 using tegra-ehci
mount -t sysfs none /sys
[    3.318547] asix 1-1:1.0 eth0: register 'asix' at usb-7d008000.usb-1, ASIX AX88772 USB 2.0 Ethernet, 00:50:b6:0d:b5:16
root@(none):/# 
root@(none):/# mount -t debugfs none /sys/kernel/debug
root@(none):/# 
root@(none):/# rtcwake -d rtc1 -m mem -s 3
rtcwake: assuming RTC uses UTC ...
rtcwake: wakeup from "mem" using /dev/rtc1 at Thu Jan  1 00:00:20 1970
[    5.370476] PM: Syncing filesystems ... done.
[    5.398874] Freezing user space processes ... (elapsed 0.001 seconds) done.
[    5.407259] Freezing remaining freezable tasks ... (elapsed 0.001 seconds) done.
[    5.416162] Suspending console(s) (use no_console_suspend to debug)
[    5.464308] PM: suspend of devices complete after 40.478 msecs
[    5.466677] PM: late suspend of devices complete after 2.352 msecs
[    5.468646] PM: noirq suspend of devices complete after 1.960 msecs
[    5.468651] Disabling non-boot CPUs ...
[    5.469522] CPU1: shutdown
[    5.502590] CPU2: shutdown
[    5.526970] IRQ17 no longer affine to CPU3
[    5.527339] CPU3: shutdown
[    5.541228] Entering suspend state LP1
[    5.541252] Enabling non-boot CPUs ...
[    5.566703] CPU1 is up
[    5.591954] CPU2 is up
[    5.617273] CPU3 is up
[    5.618555] PM: noirq resume of devices complete after 1.271 msecs
[    5.620874] PM: early resume of devices complete after 1.877 msecs
[    5.717164] PM: resume of devices complete after 96.272 msecs
[    5.785893] Restarting tasks ... done.
root@(none):/# 
root@(none):/# rtcwake -d rtc1 -m mem -s 3
rtcwake: assuming RTC uses UTC ...
rtcwake: wakeup from "mem" using /dev/rtc1 at Thu Jan  1 00:00:29 1970
[    6.457534] PM: Syncing filesystems ... done.
[    6.484937] Freezing user space processes ... (elapsed 0.001 seconds) done.
[    6.493313] Freezing remaining freezable tasks ... (elapsed 0.001 seconds) done.
[    6.502258] Suspending console(s) (use no_console_suspend to debug)
[    6.549037] PM: suspend of devices complete after 39.115 msecs
[    6.551436] PM: late suspend of devices complete after 2.383 msecs
[    6.553404] PM: noirq suspend of devices complete after 1.959 msecs
[    6.553408] Disabling non-boot CPUs ...
[    6.554262] CPU1: shutdown
[    6.582586] CPU2: shutdown
[    6.606950] IRQ17 no longer affine to CPU3
[    6.607319] CPU3: shutdown
[    6.621199] Entering suspend state LP1
[    6.621224] Enabling non-boot CPUs ...
[    6.646680] CPU1 is up
[    6.671912] CPU2 is up
[    6.697218] CPU3 is up
[    6.698501] PM: noirq resume of devices complete after 1.273 msecs
[    6.701553] PM: early resume of devices complete after 2.608 msecs
[    6.797025] PM: resume of devices complete after 95.454 msecs
[    6.865765] Restarting tasks ... done.
root@(none):/# 
root@(none):/# rtcwake -d rtc1 -m mem -s 3
rtcwake: assuming RTC uses UTC ...
rtcwake: wakeup from "mem" using /dev/rtc1 at Thu Jan  1 00:00:38 1970
[    7.519464] PM: Syncing filesystems ... done.
[    7.547141] Freezing user space processes ... (elapsed 0.001 seconds) done.
[    7.555531] Freezing remaining freezable tasks ... (elapsed 0.001 seconds) done.
[    7.564439] Suspending console(s) (use no_console_suspend to debug)
[    7.612460] PM: suspend of devices complete after 40.285 msecs
[    7.615342] PM: late suspend of devices complete after 2.865 msecs
[    7.617434] PM: noirq suspend of devices complete after 2.082 msecs
[    7.617438] Disabling non-boot CPUs ...
[    7.618331] CPU1: shutdown
[    7.647571] CPU2: shutdown
[    7.671914] IRQ17 no longer affine to CPU3
[    7.672285] CPU3: shutdown
[    7.686170] Entering suspend state LP1
[    7.686195] Enabling non-boot CPUs ...
[    7.711638] CPU1 is up
[    7.736871] CPU2 is up
[    7.762180] CPU3 is up
[    7.763463] PM: noirq resume of devices complete after 1.272 msecs
[    7.766138] PM: early resume of devices complete after 2.234 msecs
[    7.861994] PM: resume of devices complete after 95.838 msecs
[    7.930773] Restarting tasks ... done.
root@(none):/# 
root@(none):/# rtcwake -d rtc1 -m mem -s 3
rtcwake: assuming RTC uses UTC ...
rtcwake: wakeup from "mem" using /dev/rtc1 at Thu Jan  1 00:00:47 1970
[    8.582568] PM: Syncing filesystems ... done.
[    8.610316] Freezing user space processes ... (elapsed 0.001 seconds) done.
[    8.618670] Freezing remaining freezable tasks ... (elapsed 0.001 seconds) done.
[    8.627632] Suspending console(s) (use no_console_suspend to debug)
[    8.677778] PM: suspend of devices complete after 42.491 msecs
[    8.680575] PM: late suspend of devices complete after 2.780 msecs
[    8.682611] PM: noirq suspend of devices complete after 2.026 msecs
[    8.682615] Disabling non-boot CPUs ...
[    8.683481] CPU1: shutdown
[    8.707548] CPU2: shutdown
[    8.731858] IRQ17 no longer affine to CPU3
[    8.732230] CPU3: shutdown
[    8.746118] Entering suspend state LP1
[    8.746141] Enabling non-boot CPUs ...
[    8.771584] CPU1 is up
[    8.796819] CPU2 is up
[    8.822135] CPU3 is up
[    8.823398] PM: noirq resume of devices complete after 1.252 msecs
[    8.826455] PM: early resume of devices complete after 2.603 msecs
[    8.921950] PM: resume of devices complete after 95.477 msecs
[    8.990689] Restarting tasks ... done.
root@(none):/# 
root@(none):/# rtcwake -d rtc1 -m mem -s 3
rtcwake: assuming RTC uses UTC ...
rtcwake: wakeup from "mem" using /dev/rtc1 at Thu Jan  1 00:00:56 1970
[    9.646057] PM: Syncing filesystems ... done.
[    9.673654] Freezing user space processes ... (elapsed 0.001 seconds) done.
[    9.682059] Freezing remaining freezable tasks ... (elapsed 0.001 seconds) done.
[    9.690983] Suspending console(s) (use no_console_suspend to debug)
[    9.737854] PM: suspend of devices complete after 39.211 msecs
[    9.740411] PM: late suspend of devices complete after 2.541 msecs
[    9.742462] PM: noirq suspend of devices complete after 2.041 msecs
[    9.742466] Disabling non-boot CPUs ...
[    9.743315] CPU1: shutdown
[    9.772482] CPU2: shutdown
[    9.796824] IRQ17 no longer affine to CPU3
[    9.797199] CPU3: shutdown
[    9.811089] Entering suspend state LP1
[    9.811113] Enabling non-boot CPUs ...
[    9.836567] CPU1 is up
[    9.861786] CPU2 is up
[    9.887096] CPU3 is up
[    9.888359] PM: noirq resume of devices complete after 1.252 msecs
[    9.891282] PM: early resume of devices complete after 2.485 msecs
[    9.986951] PM: resume of devices complete after 95.651 msecs
[   10.055699] Restarting tasks ... done.
root@(none):/# 
root@(none):/# rtcwake -d rtc1 -m mem -s 3
rtcwake: assuming RTC uses UTC ...
rtcwake: wakeup from "mem" using /dev/rtc1 at Thu Jan  1 00:01:05 1970
[   10.710394] PM: Syncing filesystems ... done.
[   10.737703] Freezing user space processes ... (elapsed 0.001 seconds) done.
[   10.746111] Freezing remaining freezable tasks ... (elapsed 0.001 seconds) done.
[   10.755040] Suspending console(s) (use no_console_suspend to debug)
[   10.801989] PM: suspend of devices complete after 39.238 msecs
[   10.804402] PM: late suspend of devices complete after 2.397 msecs
[   10.806563] PM: noirq suspend of devices complete after 2.147 msecs
[   10.806568] Disabling non-boot CPUs ...
[   10.807442] CPU1: shutdown
[   10.832456] CPU2: shutdown
[   10.856791] IRQ17 no longer affine to CPU3
[   10.857164] CPU3: shutdown
[   10.871064] Entering suspend state LP1
[   10.871089] Enabling non-boot CPUs ...
[   10.896550] CPU1 is up
[   10.921781] CPU2 is up
[   10.947080] CPU3 is up
[   10.948358] PM: noirq resume of devices complete after 1.267 msecs
[   10.950966] PM: early resume of devices complete after 2.168 msecs
[   11.046905] PM: resume of devices complete after 95.921 msecs
[   11.115627] Restarting tasks ... done.
root@(none):/# 
root@(none):/# rtcwake -d rtc1 -m mem -s 3
rtcwake: assuming RTC uses UTC ...
rtcwake: wakeup from "mem" using /dev/rtc1 at Thu Jan  1 00:01:14 1970
[   11.767580] PM: Syncing filesystems ... done.
[   11.794657] Freezing user space processes ... (elapsed 0.001 seconds) done.
[   11.803018] Freezing remaining freezable tasks ... (elapsed 0.001 seconds) done.
[   11.811981] Suspending console(s) (use no_console_suspend to debug)
[   11.861458] PM: suspend of devices complete after 41.832 msecs
[   11.863719] PM: late suspend of devices complete after 2.251 msecs
[   11.865657] PM: noirq suspend of devices complete after 1.929 msecs
[   11.865661] Disabling non-boot CPUs ...
[   11.866509] CPU1: shutdown
[   11.892427] CPU2: shutdown
[   11.916762] IRQ17 no longer affine to CPU3
[   11.917135] CPU3: shutdown
[   11.931009] Entering suspend state LP1
[   11.931033] Enabling non-boot CPUs ...
[   11.956489] CPU1 is up
[   11.981724] CPU2 is up
[   12.007025] CPU3 is up
[   12.008342] PM: noirq resume of devices complete after 1.305 msecs
[   12.011257] PM: early resume of devices complete after 2.452 msecs
[   12.106799] PM: resume of devices complete after 95.524 msecs
[   12.175539] Restarting tasks ... done.
root@(none):/# 
root@(none):/# rtcwake -d rtc1 -m mem -s 3
rtcwake: assuming RTC uses UTC ...
rtcwake: wakeup from "mem" using /dev/rtc1 at Thu Jan  1 00:01:23 1970
[   12.831092] PM: Syncing filesystems ... done.
[   12.857993] Freezing user space processes ... (elapsed 0.001 seconds) done.
[   12.866404] Freezing remaining freezable tasks ... (elapsed 0.001 seconds) done.
[   12.875326] Suspending console(s) (use no_console_suspend to debug)
[   12.922438] PM: suspend of devices complete after 39.449 msecs
[   12.924922] PM: late suspend of devices complete after 2.469 msecs
[   12.927095] PM: noirq suspend of devices complete after 2.159 msecs
[   12.927100] Disabling non-boot CPUs ...
[   12.927587] IRQ17 no longer affine to CPU1
[   12.928003] CPU1: shutdown
[   12.952391] CPU2: shutdown
[   12.967085] CPU3: shutdown
[   12.980994] Entering suspend state LP1
[   12.981018] Enabling non-boot CPUs ...
[   13.006438] CPU1 is up
[   13.031680] CPU2 is up
[   13.056983] CPU3 is up
[   13.058257] PM: noirq resume of devices complete after 1.263 msecs
[   13.061459] PM: early resume of devices complete after 2.761 msecs
[   13.156855] PM: resume of devices complete after 95.380 msecs
[   13.225592] Restarting tasks ... done.
root@(none):/# 
root@(none):/# rtcwake -d rtc1 -m mem -s 3
rtcwake: assuming RTC uses UTC ...
rtcwake: wakeup from "mem" using /dev/rtc1 at Thu Jan  1 00:01:32 1970
[   13.878005] PM: Syncing filesystems ... done.
[   13.905470] Freezing user space processes ... (elapsed 0.001 seconds) done.
[   13.913836] Freezing remaining freezable tasks ... (elapsed 0.001 seconds) done.
[   13.922762] Suspending console(s) (use no_console_suspend to debug)
[   13.971805] PM: suspend of devices complete after 41.372 msecs
[   13.974215] PM: late suspend of devices complete after 2.395 msecs
[   13.976416] PM: noirq suspend of devices complete after 2.187 msecs
[   13.976421] Disabling non-boot CPUs ...
[   13.977269] CPU1: shutdown
[   14.002354] CPU2: shutdown
[   14.026678] IRQ17 no longer affine to CPU3
[   14.027051] CPU3: shutdown
[   14.040939] Entering suspend state LP1
[   14.040964] Enabling non-boot CPUs ...
[   14.066408] CPU1 is up
[   14.091652] CPU2 is up
[   14.116935] CPU3 is up
[   14.118212] PM: noirq resume of devices complete after 1.267 msecs
[   14.121236] PM: early resume of devices complete after 2.595 msecs
[   14.216816] PM: resume of devices complete after 95.563 msecs
[   14.285598] Restarting tasks ... done.
root@(none):/# 
root@(none):/# rtcwake -d rtc1 -m mem -s 3
rtcwake: assuming RTC uses UTC ...
rtcwake: wakeup from "mem" using /dev/rtc1 at Thu Jan  1 00:01:41 1970
[   14.940079] PM: Syncing filesystems ... done.
[   14.967238] Freezing user space processes ... (elapsed 0.001 seconds) done.
[   14.975638] Freezing remaining freezable tasks ... (elapsed 0.001 seconds) done.
[   14.984555] Suspending console(s) (use no_console_suspend to debug)
[   15.032649] PM: suspend of devices complete after 40.360 msecs
[   15.035183] PM: late suspend of devices complete after 2.518 msecs
[   15.037242] PM: noirq suspend of devices complete after 2.050 msecs
[   15.037246] Disabling non-boot CPUs ...
[   15.038098] CPU1: shutdown
[   15.062303] CPU2: shutdown
[   15.086666] IRQ17 no longer affine to CPU3
[   15.087036] CPU3: shutdown
[   15.100909] Entering suspend state LP1
[   15.100933] Enabling non-boot CPUs ...
[   15.126355] CPU1 is up
[   15.151601] CPU2 is up
[   15.176894] CPU3 is up
[   15.178135] PM: noirq resume of devices complete after 1.230 msecs
[   15.181426] PM: early resume of devices complete after 2.844 msecs
[   15.276819] PM: resume of devices complete after 95.376 msecs
[   15.345601] Restarting tasks ... done.
root@(none):/# 
root@(none):/# NVTB SYSTEM SUSPEND TEST COMPLETE
