
U-Boot SPL 2014.01-00219-gc4d376f (Feb 18 2014 - 19:57:18)


U-Boot 2014.01-00219-gc4d376f (Feb 18 2014 - 19:57:18)

TEGRA30
Board: NVIDIA Beaver
I2C:   ready
DRAM:  2 GiB
MMC:   Tegra SD/MMC: 0, Tegra SD/MMC: 1
In:    serial
Out:   serial
Err:   serial
Net:   Net Initialization Skipped
No ethernet found.
Hit any key to stop autoboot:  2  0 
Tegra30 (Beaver) # 
Tegra30 (Beaver) # usb reset
(Re)start USB...
USB0:   USB EHCI 1.00
scanning bus 0 for devices... 2 USB Device(s) found
       scanning usb for storage devices... 0 Storage Device(s) found
       scanning usb for ethernet devices... 
Warning: asx0 using MAC address from net device
1 Ethernet Device(s) found
Tegra30 (Beaver) # setenv bootargs 'ignore_loglevel console=ttyS0,115200n8 rw root=PARTUUID=edbe1840-3633-c751-7993-b0ac834f81e0 rootwait gpt debug noinitrd earlyprintk init=/bin/bash'
Tegra30 (Beaver) # setenv ipaddr 192.168.100.101; setenv serverip 192.168.100.1; setenv tftpserverip 192.168.100.1
Tegra30 (Beaver) # tftpboot 0x81000000 zImage.multi_v7_defconfig
Using asx0 device
TFTP from server 192.168.100.1; our IP address is 192.168.100.101
Filename 'zImage.multi_v7_defconfig'.
Load address: 0x81000000
Loading: *#################################################################
	 #################################################################
	 #################################################################
	 #################################################################
	 #################################################################
	 #################################################################
	 #################################################################
	 ##########################################
	 3.2 MiB/s
done
Bytes transferred = 7286920 (6f3088 hex)
Tegra30 (Beaver) # tftpboot 0x82000000 tegra30-beaver.dtb
Using asx0 device
TFTP from server 192.168.100.1; our IP address is 192.168.100.101
Filename 'tegra30-beaver.dtb'.
Load address: 0x82000000
Loading: *####
	 3.1 MiB/s
done
Bytes transferred = 51572 (c974 hex)
Tegra30 (Beaver) # bootz 0x81000000 - 0x82000000
Kernel image @ 0x81000000 [ 0x000000 - 0x6f3088 ]
## Flattened Device Tree blob at 82000000
   Booting using the fdt blob at 0x82000000
   Loading Device Tree to 8fff0000, end 8ffff973 ... OK

Starting kernel ...

[    0.000000] Booting Linux on physical CPU 0x0
[    0.000000] Linux version 4.9.0-rc6-128439-g9c76358 (pwalmsley@sellafield) (gcc version 4.7.3 20130328 (prerelease) (crosstool-NG linaro-1.13.1-4.7-2013.04-20130415 - Linaro GCC 2013.04) ) #1 SMP Mon Nov 21 03:34:34 PST 2016
[    0.000000] CPU: ARMv7 Processor [412fc099] revision 9 (ARMv7), cr=10c5387d
[    0.000000] CPU: PIPT / VIPT nonaliasing data cache, VIPT aliasing instruction cache
[    0.000000] OF: fdt:Machine model: NVIDIA Tegra30 Beaver evaluation board
[    0.000000] debug: ignoring loglevel setting.
[    0.000000] efi: Getting EFI parameters from FDT:
[    0.000000] efi: UEFI not found.
[    0.000000] cma: Reserved 64 MiB at 0xfb800000
[    0.000000] Memory policy: Data cache writealloc
[    0.000000] On node 0 totalpages: 524032
[    0.000000] free_area_init_node: node 0, pgdat c1427fc0, node_mem_map eeff8000
[    0.000000]   DMA zone: 1536 pages used for memmap
[    0.000000]   DMA zone: 0 pages reserved
[    0.000000]   DMA zone: 196608 pages, LIFO batch:31
[    0.000000]   HighMem zone: 327424 pages, LIFO batch:31
[    0.000000] percpu: Embedded 14 pages/cpu @eef94000 s26624 r8192 d22528 u57344
[    0.000000] pcpu-alloc: s26624 r8192 d22528 u57344 alloc=14*4096
[    0.000000] pcpu-alloc: [0] 0 [0] 1 [0] 2 [0] 3 
[    0.000000] Built 1 zonelists in Zone order, mobility grouping on.  Total pages: 522496
[    0.000000] Kernel command line: ignore_loglevel console=ttyS0,115200n8 rw root=PARTUUID=edbe1840-3633-c751-7993-b0ac834f81e0 rootwait gpt debug noinitrd earlyprintk init=/bin/bash
[    0.000000] PID hash table entries: 4096 (order: 2, 16384 bytes)
[    0.000000] Dentry cache hash table entries: 131072 (order: 7, 524288 bytes)
[    0.000000] Inode-cache hash table entries: 65536 (order: 6, 262144 bytes)
[    0.000000] Memory: 1995008K/2096128K available (9216K kernel code, 1190K rwdata, 4068K rodata, 2048K init, 343K bss, 35584K reserved, 65536K cma-reserved, 1244160K highmem)
[    0.000000] Virtual kernel memory layout:
[    0.000000]     vector  : 0xffff0000 - 0xffff1000   (   4 kB)
[    0.000000]     fixmap  : 0xffc00000 - 0xfff00000   (3072 kB)
[    0.000000]     vmalloc : 0xf0800000 - 0xff800000   ( 240 MB)
[    0.000000]     lowmem  : 0xc0000000 - 0xf0000000   ( 768 MB)
[    0.000000]     pkmap   : 0xbfe00000 - 0xc0000000   (   2 MB)
[    0.000000]     modules : 0xbf000000 - 0xbfe00000   (  14 MB)
[    0.000000]       .text : 0xc0208000 - 0xc0c00000   (10208 kB)
[    0.000000]       .init : 0xc1100000 - 0xc1300000   (2048 kB)
[    0.000000]       .data : 0xc1300000 - 0xc1429aa0   (1191 kB)
[    0.000000]        .bss : 0xc142b000 - 0xc1480fc8   ( 344 kB)
[    0.000000] SLUB: HWalign=64, Order=0-3, MinObjects=0, CPUs=4, Nodes=1
[    0.000000] Hierarchical RCU implementation.
[    0.000000] 	Build-time adjustment of leaf fanout to 32.
[    0.000000] 	RCU restricting CPUs from NR_CPUS=16 to nr_cpu_ids=4.
[    0.000000] RCU: Adjusting geometry for rcu_fanout_leaf=32, nr_cpu_ids=4
[    0.000000] NR_IRQS:16 nr_irqs:16 16
[    0.000000] /interrupt-controller@60004000: 160 interrupts forwarded to /interrupt-controller@50041000
[    0.000000] L2C: platform modifies aux control register: 0x02080000 -> 0x3e480001
[    0.000000] L2C: DT/platform modifies aux control register: 0x02080000 -> 0x3e480001
[    0.000000] L2C-310 erratum 769419 enabled
[    0.000000] L2C-310 enabling early BRESP for Cortex-A9
[    0.000000] L2C-310: enabling full line of zeros but not enabled in Cortex-A9
[    0.000000] L2C-310 dynamic clock gating enabled, standby mode enabled
[    0.000000] L2C-310 cache controller enabled, 8 ways, 1024 kB
[    0.000000] L2C-310: CACHE_ID 0x410000c7, AUX_CTRL 0x4e480001
[    0.000014] sched_clock: 32 bits at 1000kHz, resolution 1000ns, wraps every 2147483647500ns
[    0.000031] clocksource: timer_us: mask: 0xffffffff max_cycles: 0xffffffff, max_idle_ns: 1911260446275 ns
[    0.000040] Switching to timer-based delay loop, resolution 1000ns
[    0.002832] Console: colour dummy device 80x30
[    0.002859] Calibrating delay loop (skipped), value calculated using timer frequency.. 2.00 BogoMIPS (lpj=5000)
[    0.002868] pid_max: default: 32768 minimum: 301
[    0.002956] Mount-cache hash table entries: 2048 (order: 1, 8192 bytes)
[    0.002962] Mountpoint-cache hash table entries: 2048 (order: 1, 8192 bytes)
[    0.003394] CPU: Testing write buffer coherency: ok
[    0.003688] CPU0: thread -1, cpu 0, socket 0, mpidr 80000000
[    0.003732] Setting up static identity map for 0x80300000 - 0x80300098
[    0.006265] Tegra Revision: A03 SKU: 128 CPU Process: 4 SoC Process: 0
[    0.006761] EFI services will not be available.
[    0.010357] CPU1: thread -1, cpu 1, socket 0, mpidr 80000001
[    0.015335] CPU2: thread -1, cpu 2, socket 0, mpidr 80000002
[    0.020335] CPU3: thread -1, cpu 3, socket 0, mpidr 80000003
[    0.020380] Brought up 4 CPUs
[    0.020393] SMP: Total of 4 processors activated (8.00 BogoMIPS).
[    0.020397] CPU: All CPU(s) started in SVC mode.
[    0.021090] devtmpfs: initialized
[    0.029686] VFP support v0.3: implementor 41 architecture 3 part 30 variant 9 rev 4
[    0.030142] clocksource: jiffies: mask: 0xffffffff max_cycles: 0xffffffff, max_idle_ns: 9556302231375000 ns
[    0.033383] pinctrl core: initialized pinctrl subsystem
[    0.035020] NET: Registered protocol family 16
[    0.037283] DMA: preallocated 256 KiB pool for atomic coherent allocations
[    0.054920] cpuidle: using governor menu
[    0.068755] No ATAGs?
[    0.068784] hw-breakpoint: found 5 (+1 reserved) breakpoint and 1 watchpoint registers.
[    0.068791] hw-breakpoint: maximum watchpoint size is 4 bytes.
[    0.072710] Serial: AMBA PL011 UART driver
[    0.073146] tegra-mc 7000f000.memory-controller: no memory timings for RAM code 3 registered
[    0.092859] vdd_5v_sata: Failed to request enable GPIO30: -517
[    0.092873] reg-fixed-voltage regulators:regulator@3: Failed to register regulator: -517
[    0.092915] usb1_vbus: Failed to request enable GPIO238: -517
[    0.092923] reg-fixed-voltage regulators:regulator@4: Failed to register regulator: -517
[    0.092963] usb3_vbus: Failed to request enable GPIO236: -517
[    0.092970] reg-fixed-voltage regulators:regulator@5: Failed to register regulator: -517
[    0.093054] sys_3v3_pexs: Failed to request enable GPIO95: -517
[    0.093061] reg-fixed-voltage regulators:regulator@7: Failed to register regulator: -517
[    0.094900] vgaarb: loaded
[    0.095408] SCSI subsystem initialized
[    0.095549] libata version 3.00 loaded.
[    0.095716] usbcore: registered new interface driver usbfs
[    0.095751] usbcore: registered new interface driver hub
[    0.095784] usbcore: registered new device driver usb
[    0.102846] vrtc: supplied by vdd_5v_in
[    0.106138] vio: supplied by vdd_5v_in
[    0.111816] vdd1: supplied by vdd_5v_in
[    0.113169] vddio_ddr_1v2: Bringing 600000uV into 1200000-1200000uV
[    0.116832] vdd2: supplied by vdd_5v_in
[    0.126812] ldo1: supplied by vdd_1v5_gen
[    0.129196] ldo2: supplied by vdd_1v5_gen
[    0.129667] vdd_sata,avdd_plle: Bringing 1200000uV into 1050000-1050000uV
[    0.131898] ldo3: supplied by vdd_5v_in
[    0.134261] ldo4: supplied by vdd_5v_in
[    0.136818] ldo5: supplied by vdd_5v_in
[    0.141813] ldo6: supplied by vdd_1v8_gen
[    0.142283] avdd_dsi_csi,pwrdet_mipi: Bringing 1000000uV into 1200000-1200000uV
[    0.144520] ldo7: supplied by vdd_1v8_gen
[    0.151824] ldo8: supplied by vdd_1v8_gen
[    0.156848] pps_core: LinuxPPS API ver. 1 registered
[    0.156854] pps_core: Software ver. 5.3.6 - Copyright 2005-2007 Rodolfo Giometti <giometti@linux.it>
[    0.156870] PTP clock support registered
[    0.157001] EDAC MC: Ver: 3.0.0
[    0.158499] clocksource: Switched to clocksource timer_us
[    0.164251] NET: Registered protocol family 2
[    0.164652] TCP established hash table entries: 8192 (order: 3, 32768 bytes)
[    0.164708] TCP bind hash table entries: 8192 (order: 4, 65536 bytes)
[    0.164792] TCP: Hash tables configured (established 8192 bind 8192)
[    0.164881] UDP hash table entries: 512 (order: 2, 16384 bytes)
[    0.164939] UDP-Lite hash table entries: 512 (order: 2, 16384 bytes)
[    0.165101] NET: Registered protocol family 1
[    0.165360] RPC: Registered named UNIX socket transport module.
[    0.165366] RPC: Registered udp transport module.
[    0.165370] RPC: Registered tcp transport module.
[    0.165374] RPC: Registered tcp NFSv4.1 backchannel transport module.
[    0.165382] PCI: CLS 0 bytes, default 64
[    0.166136] hw perfevents: enabled with armv7_cortex_a9 PMU driver, 7 counters available
[    0.166980] futex hash table entries: 1024 (order: 4, 65536 bytes)
[    0.167448] workingset: timestamp_bits=30 max_order=19 bucket_order=0
[    0.172595] squashfs: version 4.0 (2009/01/31) Phillip Lougher
[    0.173078] NFS: Registering the id_resolver key type
[    0.173102] Key type id_resolver registered
[    0.173106] Key type id_legacy registered
[    0.173136] ntfs: driver 2.1.32 [Flags: R/O].
[    0.173920] bounce: pool size: 64 pages
[    0.174046] Block layer SCSI generic (bsg) driver version 0.4 loaded (major 248)
[    0.174055] io scheduler noop registered
[    0.174059] io scheduler deadline registered
[    0.174149] io scheduler cfq registered (default)
[    0.176300] libphy: mdio_driver_register: phy-bcm-ns2-pci
[    0.179790] tegra30-pinctrl 70000868.pinmux: invalid group "sdmmc3_dat6_pd3" for function "rsvd1"
[    0.179804] tegra30-pinctrl 70000868.pinmux: invalid group "sdmmc3_dat7_pd4" for function "rsvd1"
[    0.179818] tegra30-pinctrl 70000868.pinmux: invalid group "vi_vsync_pd6" for function "rsvd1"
[    0.179827] tegra30-pinctrl 70000868.pinmux: invalid group "vi_hsync_pd7" for function "rsvd1"
[    0.180287] tegra30-pinctrl 70000868.pinmux: invalid group "hdmi_int_pn7" for function "rsvd1"
[    0.180331] tegra30-pinctrl 70000868.pinmux: invalid group "ulpi_data3_po4" for function "rsvd1"
[    0.180662] tegra30-pinctrl 70000868.pinmux: invalid group "vi_d10_pt2" for function "rsvd1"
[    0.180674] tegra30-pinctrl 70000868.pinmux: invalid group "vi_d11_pt3" for function "rsvd1"
[    0.180686] tegra30-pinctrl 70000868.pinmux: invalid group "vi_d0_pt4" for function "rsvd1"
[    0.180727] tegra30-pinctrl 70000868.pinmux: invalid group "pu0" for function "rsvd1"
[    0.180756] tegra30-pinctrl 70000868.pinmux: invalid group "pu3" for function "rsvd1"
[    0.180786] tegra30-pinctrl 70000868.pinmux: invalid group "pu6" for function "rsvd1"
[    0.180826] tegra30-pinctrl 70000868.pinmux: invalid group "pv3" for function "rsvd1"
[    0.181321] tegra30-pinctrl 70000868.pinmux: invalid group "pbb0" for function "rsvd1"
[    0.181434] tegra30-pinctrl 70000868.pinmux: invalid group "pcc1" for function "rsvd1"
[    0.186456] tegra-pcie 3000.pcie-controller: 2x3 configuration
[    0.186601] tegra-pcie 3000.pcie-controller: Failed to get supply 'hvdd-pex': -517
[    0.191936] tegra-apbdma 6000a000.dma: Tegra20 APB DMA driver register 32 channels
[    0.192961] tegra-pmc 7000e400.pmc: i2c-thermtrip node not found, emergency thermal reset disabled.
[    0.224989] Serial: 8250/16550 driver, 4 ports, IRQ sharing disabled
[    0.227058] console [ttyS0] disabled
[    0.227097] 70006000.serial: ttyS0 at MMIO 0x70006000 (irq = 331, base_baud = 25500000) is a Tegra
[    1.226880] console [ttyS0] enabled
[    1.230865] SuperH (H)SCI(F) driver initialized
[    1.235971] msm_serial: driver initialized
[    1.240172] STMicroelectronics ASC driver initialized
[    1.247294] [drm] Initialized
[    1.252151] tegra-hdmi 54280000.hdmi: failed to get HDMI regulator
[    1.266143] brd: module loaded
[    1.272974] loop: module loaded
[    1.281121] m25p80 spi32766.1: w25q32 (4096 Kbytes)
[    1.287734] libphy: Fixed MDIO Bus: probed
[    1.292438] CAN device driver interface
[    1.297456] e1000e: Intel(R) PRO/1000 Network Driver - 3.2.6-k
[    1.303282] e1000e: Copyright(c) 1999 - 2015 Intel Corporation.
[    1.309236] igb: Intel(R) Gigabit Ethernet Network Driver - version 5.4.0-k
[    1.316189] igb: Copyright (c) 2007-2014 Intel Corporation.
[    1.323601] pegasus: v0.9.3 (2013/04/25), Pegasus/Pegasus II USB Ethernet driver
[    1.331037] usbcore: registered new interface driver pegasus
[    1.336719] usbcore: registered new interface driver asix
[    1.342133] usbcore: registered new interface driver ax88179_178a
[    1.348240] usbcore: registered new interface driver cdc_ether
[    1.354097] usbcore: registered new interface driver smsc75xx
[    1.359865] usbcore: registered new interface driver smsc95xx
[    1.365633] usbcore: registered new interface driver net1080
[    1.371306] usbcore: registered new interface driver cdc_subset
[    1.377245] usbcore: registered new interface driver zaurus
[    1.382846] usbcore: registered new interface driver cdc_ncm
[    1.389852] ehci_hcd: USB 2.0 'Enhanced' Host Controller (EHCI) Driver
[    1.396379] ehci-pci: EHCI PCI platform driver
[    1.400843] ehci-platform: EHCI generic platform driver
[    1.406181] ehci-orion: EHCI orion driver
[    1.410261] SPEAr-ehci: EHCI SPEAr driver
[    1.414344] ehci-st: EHCI STMicroelectronics driver
[    1.419296] ehci-exynos: EHCI EXYNOS driver
[    1.423562] ehci-atmel: EHCI Atmel driver
[    1.427631] tegra-ehci: Tegra EHCI driver
[    1.431918] ohci_hcd: USB 1.1 'Open' Host Controller (OHCI) Driver
[    1.438103] ohci-pci: OHCI PCI platform driver
[    1.442572] ohci-platform: OHCI generic platform driver
[    1.447889] ohci-omap3: OHCI OMAP3 driver
[    1.451971] SPEAr-ohci: OHCI SPEAr driver
[    1.456052] ohci-st: OHCI STMicroelectronics driver
[    1.460998] ohci-atmel: OHCI Atmel driver
[    1.465425] usbcore: registered new interface driver usb-storage
[    1.472341] mousedev: PS/2 mouse device common for all mice
[    1.479587] tegra_rtc 7000e000.rtc: rtc core: registered 7000e000.rtc as rtc1
[    1.486763] tegra_rtc 7000e000.rtc: Tegra internal Real Time Clock
[    1.495632] random: fast init done
[    1.508925] tps65910-rtc tps65910-rtc: rtc core: registered tps65910-rtc as rtc0
[    1.516509] i2c /dev entries driver
[    1.527324] sdhci: Secure Digital Host Controller Interface driver
[    1.533513] sdhci: Copyright(c) Pierre Ossman
[    1.538730] Synopsys Designware Multimedia Card Interface Driver
[    1.545354] sdhci-pltfm: SDHCI platform and OF driver helper
[    1.551502] sdhci-tegra 78000000.sdhci: Got CD GPIO
[    1.556391] sdhci-tegra 78000000.sdhci: Got WP GPIO
[    1.562501] mmc0: Invalid maximum block size, assuming 512 bytes
[    1.613582] mmc0: SDHCI controller on 78000000.sdhci [78000000.sdhci] using ADMA
[    1.622189] mmc1: Invalid maximum block size, assuming 512 bytes
[    1.668510] mmc1: SDHCI controller on 78000600.sdhci [78000600.sdhci] using ADMA
[    1.677197] ledtrig-cpu: registered to indicate activity on CPUs
[    1.683433] usbcore: registered new interface driver usbhid
[    1.689004] usbhid: USB HID core driver
[    1.694878] NET: Registered protocol family 10
[    1.699939] sit: IPv6, IPv4 and MPLS over IPv4 tunneling driver
[    1.706289] NET: Registered protocol family 17
[    1.710745] can: controller area network core (rev 20120528 abi 9)
[    1.716957] NET: Registered protocol family 29
[    1.721399] can: raw protocol (rev 20120528)
[    1.725665] can: broadcast manager protocol (rev 20160617 t)
[    1.731323] can: netlink gateway (rev 20130117) max_hops=1
[    1.737070] Key type dns_resolver registered
[    1.741734] ThumbEE CPU extension supported.
[    1.746012] Registering SWP/SWPB emulation handler
[    1.776784] vdd_ddr: supplied by vdd_5v_in
[    1.782481] vdd_5v_sata: supplied by vdd_5v_in
[    1.787212] usb1_vbus: supplied by vdd_5v_in
[    1.791755] usb3_vbus: supplied by vdd_5v_in
[    1.798427] sys_3v3,vdd_3v3_alw: supplied by vdd_5v_in
[    1.804165] +VDD_5V_HDMI: supplied by sys_3v3,vdd_3v3_alw
[    1.809783] sys_3v3_pexs: supplied by sys_3v3,vdd_3v3_alw
[    1.815896] tegra-pcie 3000.pcie-controller: 2x3 configuration
[    1.817067] mmc1: new high speed MMC card at address 0001
[    1.818995] mmcblk1: mmc1:0001 SEM16G 14.8 GiB 
[    1.820314] mmcblk1boot0: mmc1:0001 SEM16G partition 1 1.00 MiB
[    1.821317] mmcblk1boot1: mmc1:0001 SEM16G partition 2 1.00 MiB
[    1.822355] mmcblk1rpmb: mmc1:0001 SEM16G partition 3 128 KiB
[    1.827107] Primary GPT is invalid, using alternate GPT.
[    1.827123]  mmcblk1: p1 p2 p3 p4 p5
[    1.831444] mmc0: new ultra high speed DDR50 SDHC card at address aaaa
[    1.831784] mmcblk0: mmc0:aaaa SS04G 3.69 GiB 
[    1.853277]  mmcblk0: p1 p2 p3
[    1.874669] tegra-pcie 3000.pcie-controller: probing port 0, using 2 lanes
[    1.939814] tegra-pcie 3000.pcie-controller: probing port 2, using 2 lanes
[    2.350508] tegra-pcie 3000.pcie-controller: link 2 down, retrying
[    2.760493] tegra-pcie 3000.pcie-controller: link 2 down, retrying
[    3.170467] tegra-pcie 3000.pcie-controller: link 2 down, retrying
[    3.178658] tegra-pcie 3000.pcie-controller: link 2 down, ignoring
[    3.184959] tegra-pcie 3000.pcie-controller: PCI host bridge to bus 0000:00
[    3.191920] pci_bus 0000:00: root bus resource [io  0x0000-0xffff]
[    3.198095] pci_bus 0000:00: root bus resource [mem 0x20000000-0x27ffffff]
[    3.204961] pci_bus 0000:00: root bus resource [mem 0x28000000-0x3fffffff pref]
[    3.212260] pci_bus 0000:00: root bus resource [bus 00-ff]
[    3.217761] pci 0000:00:01.0: [10de:0e1c] type 01 class 0x060400
[    3.223825] pci 0000:00:01.0: PME# supported from D0 D1 D2 D3hot D3cold
[    3.230581] PCI: bus0: Fast back to back transfers disabled
[    3.236153] pci 0000:00:01.0: bridge configuration invalid ([bus 00-00]), reconfiguring
[    3.244245] pci 0000:01:00.0: [10ec:8168] type 00 class 0x020000
[    3.250261] pci 0000:01:00.0: reg 0x10: [io  0x0000-0x00ff]
[    3.255841] pci 0000:01:00.0: reg 0x18: [mem 0x00000000-0x00000fff 64bit pref]
[    3.263061] pci 0000:01:00.0: reg 0x20: [mem 0x00000000-0x00003fff 64bit pref]
[    3.270346] pci 0000:01:00.0: supports D1 D2
[    3.274612] pci 0000:01:00.0: PME# supported from D0 D1 D2 D3hot D3cold
[    3.293523] PCI: bus1: Fast back to back transfers disabled
[    3.299095] pci_bus 0000:01: busn_res: [bus 01-ff] end is updated to 01
[    3.305763] pci 0000:00:01.0: BAR 9: assigned [mem 0x28000000-0x280fffff 64bit pref]
[    3.313500] pci 0000:00:01.0: BAR 7: assigned [io  0x1000-0x1fff]
[    3.319590] pci 0000:01:00.0: BAR 4: assigned [mem 0x28000000-0x28003fff 64bit pref]
[    3.327332] pci 0000:01:00.0: BAR 2: assigned [mem 0x28004000-0x28004fff 64bit pref]
[    3.335073] pci 0000:01:00.0: BAR 0: assigned [io  0x1000-0x10ff]
[    3.341162] pci 0000:00:01.0: PCI bridge to [bus 01]
[    3.346121] pci 0000:00:01.0:   bridge window [io  0x1000-0x1fff]
[    3.352207] pci 0000:00:01.0:   bridge window [mem 0x28000000-0x280fffff 64bit pref]
[    3.359954] pci 0000:00:01.0: nv_msi_ht_cap_quirk didn't locate host bridge
[    3.366961] pcieport 0000:00:01.0: enabling device (0140 -> 0143)
[    3.373246] pcieport 0000:00:01.0: Signaling PME through PCIe PME interrupt
[    3.380204] pci 0000:01:00.0: Signaling PME through PCIe PME interrupt
[    3.386725] pcie_pme 0000:00:01.0:pcie001: service driver pcie_pme loaded
[    3.393695] r8169 Gigabit Ethernet driver 2.3LK-NAPI loaded
[    3.399282] r8169 0000:01:00.0: enabling device (0140 -> 0143)
[    3.406449] r8169 0000:01:00.0 eth0: RTL8168evl/8111evl at 0xf09f8000, 02:04:4b:01:60:a6, XID 0c900800 IRQ 375
[    3.416451] r8169 0000:01:00.0 eth0: jumbo features [frames: 9200 bytes, tx checksumming: ko]
[    3.428440] [drm] Supports vblank timestamp caching Rev 2 (21.10.2013).
[    3.435058] [drm] No driver support for vblank timestamp query.
[    3.440990] drm drm: No connectors reported connected with modes
[    3.446993] [drm] Cannot find any crtc or sizes - going 1024x768
[    3.472773] Console: switching to colour frame buffer device 128x48
[    3.485088] drm drm: fb0:  frame buffer device
[    3.503893] [drm] Initialized tegra 0.0.0 20120330 on minor 0
[    3.515052] utmi_phy_clk_enable: timeout waiting for phy to stabilize
[    3.521525] tegra-ehci 7d004000.usb: EHCI Host Controller
[    3.526939] tegra-ehci 7d004000.usb: new USB bus registered, assigned bus number 1
[    3.534763] tegra-ehci 7d004000.usb: irq 343, io mem 0x7d004000
[    3.553899] tegra-ehci 7d004000.usb: USB 2.0 started, EHCI 1.00
[    3.560769] hub 1-0:1.0: USB hub found
[    3.564553] hub 1-0:1.0: 1 port detected
[    3.569647] tegra-ehci 7d008000.usb: EHCI Host Controller
[    3.575063] tegra-ehci 7d008000.usb: new USB bus registered, assigned bus number 2
[    3.582806] tegra-ehci 7d008000.usb: irq 344, io mem 0x7d008000
[    3.603898] tegra-ehci 7d008000.usb: USB 2.0 started, EHCI 1.00
[    3.610675] hub 2-0:1.0: USB hub found
[    3.614442] hub 2-0:1.0: 1 port detected
[    3.624390] tps65910-rtc tps65910-rtc: setting system clock to 2000-01-01 00:00:02 UTC (946684802)
[    3.634004] vdd_sata,avdd_plle: disabling
[    3.638749] usb1_vbus: disabling
[    3.643556] EXT4-fs (mmcblk1p1): mounting ext3 file system using the ext4 subsystem
[    3.659296] EXT4-fs (mmcblk1p1): warning: mounting fs with errors, running e2fsck is recommended
[    3.669506] EXT4-fs (mmcblk1p1): recovery complete
[    3.674309] EXT4-fs (mmcblk1p1): mounted filesystem with ordered data mode. Opts: (null)
[    3.682417] VFS: Mounted root (ext3 filesystem) on device 179:1.
[    3.692595] devtmpfs: mounted
[    3.698100] Freeing unused kernel memory: 2048K (c1100000 - c1300000)
bash: cannot set terminal process group (-1): Inappropriate ioctl for device
bash: no job control in this shell
root@(none):/# [    3.953911] usb 2-1: new high-speed USB device number 2 using tegra-ehci
mount -t sysfs none /sys
root@(none):/# 
root@(none):/# [    4.559470] asix 2-1:1.0 eth1: register 'asix' at usb-7d008000.usb-1, ASIX AX88772 USB 2.0 Ethernet, 00:50:b6:0f:67:60
mount -t debugfs none /sys/kernel/debug
root@(none):/# 
root@(none):/# rtcwake -d rtc1 -m mem -s 3
rtcwake: wakeup from "mem" using /dev/rtc1 at Thu Jan  1 00:00:21 1970
[    6.459070] PM: Syncing filesystems ... done.
[    6.472625] Freezing user space processes ... (elapsed 0.001 seconds) done.
[    6.480751] Freezing remaining freezable tasks ... (elapsed 0.001 seconds) done.
[    6.489386] Suspending console(s) (use no_console_suspend to debug)
[    6.497120] asix 2-1:1.0 eth1: Failed to read reg index 0x0000: -19
[    6.497125] asix 2-1:1.0 eth1: Error reading Medium Status register: ffffffed
[    6.497130] asix 2-1:1.0 eth1: Failed to write reg index 0x0000: -19
[    6.497134] asix 2-1:1.0 eth1: Failed to write Medium Mode mode to 0xfeed: ffffffed
[    6.547426] PM: suspend of devices complete after 50.765 msecs
[    6.548307] PM: late suspend of devices complete after 0.873 msecs
[    6.569156] PM: noirq suspend of devices complete after 20.841 msecs
[    6.569160] Disabling non-boot CPUs ...
[    6.569916] CPU1: shutdown
[    6.604954] IRQ17 no longer affine to CPU2
[    6.605185] CPU2: shutdown
[    6.634837] CPU3: shutdown
[    6.659183] Entering suspend state LP1
[    6.659183] Suspended for 3.323 seconds
[    6.659195] Enabling non-boot CPUs ...
[    6.674494] CPU1 is up
[    6.694557] CPU2 is up
[    6.714687] CPU3 is up
[    6.715325] pcieport 0000:00:01.0: nv_msi_ht_cap_quirk didn't locate host bridge
[    6.733549] PM: noirq resume of devices complete after 18.854 msecs
[    6.734584] PM: early resume of devices complete after 0.633 msecs
[    7.246146] PM: resume of devices complete after 511.554 msecs
[    7.352678] Restarting tasks ... done.
root@(none):/# 
root@(none):/# rtcwake -d rtc1 -m mem -s 3
rtcwake: wakeup from "mem" using /dev/rtc1 at Thu Jan  1 00:00:26 1970
[    8.208909] PM: Syncing filesystems ... done.
[    8.221324] Freezing user space processes ... (elapsed 0.001 seconds) done.
[    8.229444] Freezing remaining freezable tasks ... (elapsed 0.001 seconds) done.
[    8.238057] Suspending console(s) (use no_console_suspend to debug)
[    8.245712] asix 2-1:1.0 eth1: Failed to read reg index 0x0000: -19
[    8.245716] asix 2-1:1.0 eth1: Error reading Medium Status register: ffffffed
[    8.245721] asix 2-1:1.0 eth1: Failed to write reg index 0x0000: -19
[    8.245725] asix 2-1:1.0 eth1: Failed to write Medium Mode mode to 0xfeed: ffffffed
[    8.292790] PM: suspend of devices complete after 47.534 msecs
[    8.293659] PM: late suspend of devices complete after 0.863 msecs
[    8.314128] PM: noirq suspend of devices complete after 20.463 msecs
[    8.314132] Disabling non-boot CPUs ...
[    8.314780] CPU1: shutdown
[    8.350056] CPU2: shutdown
[    8.379331] IRQ17 no longer affine to CPU3
[    8.379507] CPU3: shutdown
[    8.404072] Entering suspend state LP1
[    8.404072] Suspended for 3.255 seconds
[    8.404087] Enabling non-boot CPUs ...
[    8.419650] CPU1 is up
[    8.439696] CPU2 is up
[    8.459816] CPU3 is up
[    8.460610] pcieport 0000:00:01.0: nv_msi_ht_cap_quirk didn't locate host bridge
[    8.478550] PM: noirq resume of devices complete after 18.725 msecs
[    8.480298] PM: early resume of devices complete after 1.310 msecs
[    8.995955] PM: resume of devices complete after 515.644 msecs
[    9.102745] Restarting tasks ... done.
root@(none):/# 
root@(none):/# rtcwake -d rtc1 -m mem -s 3
rtcwake: wakeup from "mem" using /dev/rtc1 at Thu Jan  1 00:00:31 1970
[    9.958102] PM: Syncing filesystems ... done.
[    9.972850] Freezing user space processes ... (elapsed 0.001 seconds) done.
[    9.981019] Freezing remaining freezable tasks ... (elapsed 0.001 seconds) done.
[    9.989711] Suspending console(s) (use no_console_suspend to debug)
[    9.997794] asix 2-1:1.0 eth1: Failed to read reg index 0x0000: -19
[    9.997801] asix 2-1:1.0 eth1: Error reading Medium Status register: ffffffed
[    9.997806] asix 2-1:1.0 eth1: Failed to write reg index 0x0000: -19
[    9.997810] asix 2-1:1.0 eth1: Failed to write Medium Mode mode to 0xfeed: ffffffed
[   10.048533] PM: suspend of devices complete after 51.338 msecs
[   10.052657] PM: late suspend of devices complete after 4.116 msecs
[   10.069241] PM: noirq suspend of devices complete after 16.573 msecs
[   10.069246] Disabling non-boot CPUs ...
[   10.069657] IRQ17 no longer affine to CPU1
[   10.070055] CPU1: shutdown
[   10.100356] CPU2: shutdown
[   10.129650] CPU3: shutdown
[   10.154142] Entering suspend state LP1
[   10.154142] Suspended for 3.249 seconds
[   10.154157] Enabling non-boot CPUs ...
[   10.169623] CPU1 is up
[   10.189650] CPU2 is up
[   10.209772] CPU3 is up
[   10.210519] pcieport 0000:00:01.0: nv_msi_ht_cap_quirk didn't locate host bridge
[   10.228507] PM: noirq resume of devices complete after 18.727 msecs
[   10.229728] PM: early resume of devices complete after 0.763 msecs
[   10.751618] PM: resume of devices complete after 521.880 msecs
[   10.858391] Restarting tasks ... done.
root@(none):/# 
root@(none):/# rtcwake -d rtc1 -m mem -s 3
rtcwake: wakeup from "mem" using /dev/rtc1 at Thu Jan  1 00:00:36 1970
[   11.741938] PM: Syncing filesystems ... done.
[   11.756167] Freezing user space processes ... (elapsed 0.001 seconds) done.
[   11.764339] Freezing remaining freezable tasks ... (elapsed 0.001 seconds) done.
[   11.773001] Suspending console(s) (use no_console_suspend to debug)
[   11.781083] asix 2-1:1.0 eth1: Failed to read reg index 0x0000: -19
[   11.781089] asix 2-1:1.0 eth1: Error reading Medium Status register: ffffffed
[   11.781095] asix 2-1:1.0 eth1: Failed to write reg index 0x0000: -19
[   11.781099] asix 2-1:1.0 eth1: Failed to write Medium Mode mode to 0xfeed: ffffffed
[   11.833491] PM: suspend of devices complete after 53.008 msecs
[   11.836567] PM: late suspend of devices complete after 3.064 msecs
[   11.854215] PM: noirq suspend of devices complete after 17.640 msecs
[   11.854220] Disabling non-boot CPUs ...
[   11.855015] CPU1: shutdown
[   11.890326] CPU2: shutdown
[   11.919397] IRQ17 no longer affine to CPU3
[   11.919609] CPU3: shutdown
[   11.944070] Entering suspend state LP1
[   11.944070] Suspended for 3.210 seconds
[   11.944085] Enabling non-boot CPUs ...
[   11.959595] CPU1 is up
[   11.979632] CPU2 is up
[   11.999752] CPU3 is up
[   12.000509] pcieport 0000:00:01.0: nv_msi_ht_cap_quirk didn't locate host bridge
[   12.018480] PM: noirq resume of devices complete after 18.718 msecs
[   12.021738] PM: early resume of devices complete after 2.811 msecs
[   12.542594] PM: resume of devices complete after 520.847 msecs
[   12.649362] Restarting tasks ... done.
root@(none):/# 
root@(none):/# rtcwake -d rtc1 -m mem -s 3
rtcwake: wakeup from "mem" using /dev/rtc1 at Thu Jan  1 00:00:41 1970
[   13.489603] PM: Syncing filesystems ... done.
[   13.503811] Freezing user space processes ... (elapsed 0.001 seconds) done.
[   13.511949] Freezing remaining freezable tasks ... (elapsed 0.001 seconds) done.
[   13.520641] Suspending console(s) (use no_console_suspend to debug)
[   13.528714] asix 2-1:1.0 eth1: Failed to read reg index 0x0000: -19
[   13.528721] asix 2-1:1.0 eth1: Error reading Medium Status register: ffffffed
[   13.528726] asix 2-1:1.0 eth1: Failed to write reg index 0x0000: -19
[   13.528730] asix 2-1:1.0 eth1: Failed to write Medium Mode mode to 0xfeed: ffffffed
[   13.578927] PM: suspend of devices complete after 50.814 msecs
[   13.583047] PM: late suspend of devices complete after 4.108 msecs
[   13.604167] PM: noirq suspend of devices complete after 21.112 msecs
[   13.604172] Disabling non-boot CPUs ...
[   13.604973] CPU1: shutdown
[   13.650045] IRQ17 no longer affine to CPU2
[   13.650330] CPU2: shutdown
[   13.679664] CPU3: shutdown
[   13.704090] Entering suspend state LP1
[   13.704090] Suspended for 3.239 seconds
[   13.704105] Enabling non-boot CPUs ...
[   13.719578] CPU1 is up
[   13.739617] CPU2 is up
[   13.759721] CPU3 is up
[   13.760476] pcieport 0000:00:01.0: nv_msi_ht_cap_quirk didn't locate host bridge
[   13.778452] PM: noirq resume of devices complete after 18.724 msecs
[   13.780630] PM: early resume of devices complete after 1.724 msecs
[   14.305926] PM: resume of devices complete after 525.286 msecs
[   14.412717] Restarting tasks ... done.
root@(none):/# 
root@(none):/# rtcwake -d rtc1 -m mem -s 3
rtcwake: wakeup from "mem" using /dev/rtc1 at Thu Jan  1 00:00:46 1970
[   15.248493] PM: Syncing filesystems ... done.
[   15.262684] Freezing user space processes ... (elapsed 0.001 seconds) done.
[   15.270857] Freezing remaining freezable tasks ... (elapsed 0.001 seconds) done.
[   15.279549] Suspending console(s) (use no_console_suspend to debug)
[   15.287631] asix 2-1:1.0 eth1: Failed to read reg index 0x0000: -19
[   15.287638] asix 2-1:1.0 eth1: Error reading Medium Status register: ffffffed
[   15.287643] asix 2-1:1.0 eth1: Failed to write reg index 0x0000: -19
[   15.287647] asix 2-1:1.0 eth1: Failed to write Medium Mode mode to 0xfeed: ffffffed
[   15.338908] PM: suspend of devices complete after 51.880 msecs
[   15.341996] PM: late suspend of devices complete after 3.078 msecs
[   15.359145] PM: noirq suspend of devices complete after 17.138 msecs
[   15.359150] Disabling non-boot CPUs ...
[   15.359959] CPU1: shutdown
[   15.380248] CPU2: shutdown
[   15.409318] IRQ17 no longer affine to CPU3
[   15.409529] CPU3: shutdown
[   15.434019] Entering suspend state LP1
[   15.434019] Suspended for 3.270 seconds
[   15.434033] Enabling non-boot CPUs ...
[   15.449543] CPU1 is up
[   15.469582] CPU2 is up
[   15.489712] CPU3 is up
[   15.490469] pcieport 0000:00:01.0: nv_msi_ht_cap_quirk didn't locate host bridge
[   15.508423] PM: noirq resume of devices complete after 18.702 msecs
[   15.510602] PM: early resume of devices complete after 1.731 msecs
[   16.035675] PM: resume of devices complete after 525.061 msecs
[   16.142427] Restarting tasks ... done.
root@(none):/# 
root@(none):/# rtcwake -d rtc1 -m mem -s 3
rtcwake: wakeup from "mem" using /dev/rtc1 at Thu Jan  1 00:00:51 1970
[   16.977434] PM: Syncing filesystems ... done.
[   16.991670] Freezing user space processes ... (elapsed 0.001 seconds) done.
[   16.999839] Freezing remaining freezable tasks ... (elapsed 0.001 seconds) done.
[   17.008522] Suspending console(s) (use no_console_suspend to debug)
[   17.016588] asix 2-1:1.0 eth1: Failed to read reg index 0x0000: -19
[   17.016595] asix 2-1:1.0 eth1: Error reading Medium Status register: ffffffed
[   17.016601] asix 2-1:1.0 eth1: Failed to write reg index 0x0000: -19
[   17.016605] asix 2-1:1.0 eth1: Failed to write Medium Mode mode to 0xfeed: ffffffed
[   17.068405] PM: suspend of devices complete after 52.405 msecs
[   17.071507] PM: late suspend of devices complete after 3.092 msecs
[   17.089111] PM: noirq suspend of devices complete after 17.593 msecs
[   17.089116] Disabling non-boot CPUs ...
[   17.089935] CPU1: shutdown
[   17.130226] CPU2: shutdown
[   17.159302] IRQ17 no longer affine to CPU3
[   17.159514] CPU3: shutdown
[   17.184031] Entering suspend state LP1
[   17.184031] Suspended for 3.249 seconds
[   17.184044] Enabling non-boot CPUs ...
[   17.199500] CPU1 is up
[   17.219546] CPU2 is up
[   17.239651] CPU3 is up
[   17.240391] pcieport 0000:00:01.0: nv_msi_ht_cap_quirk didn't locate host bridge
[   17.258395] PM: noirq resume of devices complete after 18.735 msecs
[   17.260088] PM: early resume of devices complete after 1.238 msecs
[   17.785257] PM: resume of devices complete after 525.157 msecs
[   17.892039] Restarting tasks ... done.
root@(none):/# 
root@(none):/# rtcwake -d rtc1 -m mem -s 3
rtcwake: wakeup from "mem" using /dev/rtc1 at Thu Jan  1 00:00:56 1970
[   18.728402] PM: Syncing filesystems ... done.
[   18.742606] Freezing user space processes ... (elapsed 0.001 seconds) done.
[   18.750783] Freezing remaining freezable tasks ... (elapsed 0.001 seconds) done.
[   18.759452] Suspending console(s) (use no_console_suspend to debug)
[   18.767527] asix 2-1:1.0 eth1: Failed to read reg index 0x0000: -19
[   18.767533] asix 2-1:1.0 eth1: Error reading Medium Status register: ffffffed
[   18.767539] asix 2-1:1.0 eth1: Failed to write reg index 0x0000: -19
[   18.767543] asix 2-1:1.0 eth1: Failed to write Medium Mode mode to 0xfeed: ffffffed
[   18.817827] PM: suspend of devices complete after 50.897 msecs
[   18.818960] PM: late suspend of devices complete after 1.125 msecs
[   18.839091] PM: noirq suspend of devices complete after 20.121 msecs
[   18.839096] Disabling non-boot CPUs ...
[   18.839921] CPU1: shutdown
[   18.865199] CPU2: shutdown
[   18.894269] IRQ17 no longer affine to CPU3
[   18.894481] CPU3: shutdown
[   18.918972] Entering suspend state LP1
[   18.918972] Suspended for 3.265 seconds
[   18.918988] Enabling non-boot CPUs ...
[   18.934497] CPU1 is up
[   18.954512] CPU2 is up
[   18.974630] CPU3 is up
[   18.975371] pcieport 0000:00:01.0: nv_msi_ht_cap_quirk didn't locate host bridge
[   18.993355] PM: noirq resume of devices complete after 18.715 msecs
[   18.995030] PM: early resume of devices complete after 1.235 msecs
[   19.517033] PM: resume of devices complete after 521.992 msecs
[   19.623805] Restarting tasks ... done.
root@(none):/# 
root@(none):/# rtcwake -d rtc1 -m mem -s 3
rtcwake: wakeup from "mem" using /dev/rtc1 at Thu Jan  1 00:01:01 1970
[   20.472890] PM: Syncing filesystems ... done.
[   20.487645] Freezing user space processes ... (elapsed 0.001 seconds) done.
[   20.495815] Freezing remaining freezable tasks ... (elapsed 0.001 seconds) done.
[   20.504490] Suspending console(s) (use no_console_suspend to debug)
[   20.512571] asix 2-1:1.0 eth1: Failed to read reg index 0x0000: -19
[   20.512578] asix 2-1:1.0 eth1: Error reading Medium Status register: ffffffed
[   20.512585] asix 2-1:1.0 eth1: Failed to write reg index 0x0000: -19
[   20.512589] asix 2-1:1.0 eth1: Failed to write Medium Mode mode to 0xfeed: ffffffed
[   20.563838] PM: suspend of devices complete after 51.866 msecs
[   20.566003] PM: late suspend of devices complete after 2.156 msecs
[   20.584044] PM: noirq suspend of devices complete after 18.033 msecs
[   20.584049] Disabling non-boot CPUs ...
[   20.584877] CPU1: shutdown
[   20.619942] CPU2: shutdown
[   20.649380] IRQ17 no longer affine to CPU3
[   20.649613] CPU3: shutdown
[   20.673971] Entering suspend state LP1
[   20.673971] Suspended for 3.244 seconds
[   20.673986] Enabling non-boot CPUs ...
[   20.689455] CPU1 is up
[   20.709496] CPU2 is up
[   20.729609] CPU3 is up
[   20.730356] pcieport 0000:00:01.0: nv_msi_ht_cap_quirk didn't locate host bridge
[   20.748335] PM: noirq resume of devices complete after 18.717 msecs
[   20.749547] PM: early resume of devices complete after 0.761 msecs
[   21.272000] PM: resume of devices complete after 522.442 msecs
[   21.378765] Restarting tasks ... done.
root@(none):/# 
root@(none):/# rtcwake -d rtc1 -m mem -s 3
rtcwake: wakeup from "mem" using /dev/rtc1 at Thu Jan  1 00:01:06 1970
[   22.218345] PM: Syncing filesystems ... done.
[   22.232529] Freezing user space processes ... (elapsed 0.001 seconds) done.
[   22.240698] Freezing remaining freezable tasks ... (elapsed 0.001 seconds) done.
[   22.249383] Suspending console(s) (use no_console_suspend to debug)
[   22.257454] asix 2-1:1.0 eth1: Failed to read reg index 0x0000: -19
[   22.257460] asix 2-1:1.0 eth1: Error reading Medium Status register: ffffffed
[   22.257465] asix 2-1:1.0 eth1: Failed to write reg index 0x0000: -19
[   22.257470] asix 2-1:1.0 eth1: Failed to write Medium Mode mode to 0xfeed: ffffffed
[   22.307787] PM: suspend of devices complete after 50.930 msecs
[   22.308939] PM: late suspend of devices complete after 1.143 msecs
[   22.329056] PM: noirq suspend of devices complete after 20.108 msecs
[   22.329058] Disabling non-boot CPUs ...
[   22.329877] CPU1: shutdown
[   22.355132] CPU2: shutdown
[   22.384213] IRQ17 no longer affine to CPU3
[   22.384422] CPU3: shutdown
[   22.408908] Entering suspend state LP1
[   22.408908] Suspended for 3.265 seconds
[   22.408924] Enabling non-boot CPUs ...
[   22.424411] CPU1 is up
[   22.444452] CPU2 is up
[   22.464559] CPU3 is up
[   22.465305] pcieport 0000:00:01.0: nv_msi_ht_cap_quirk didn't locate host bridge
[   22.483310] PM: noirq resume of devices complete after 18.742 msecs
[   22.485482] PM: early resume of devices complete after 1.747 msecs
[   23.010766] PM: resume of devices complete after 525.272 msecs
[   23.117511] Restarting tasks ... done.
root@(none):/# 
root@(none):/# NVTB SYSTEM SUSPEND TEST COMPLETE
