

U-Boot 2015.04-00466-gedec83e90172 (Mar 14 2016 - 10:42:01)

TEGRA124
Model: Acer Chromebook 13 CB5-311
DRAM:  4 GiB
:   Tegra SD/MMC: 0, Tegra SD/MMC: 1, Tegra SD/MMC: 2
MMC init failed
Using default environment

In:    serial
Out:   serial
Err:   serial
Net:   Net Initialization Skipped
No ethernet found.
Hit any key to stop autoboot:  2  1  0 
Tegra124 (Nyan-big) # 
Tegra124 (Nyan-big) # usb start
starting USB...
USB0:   USB EHCI 1.10
scanning bus 0 for devices... 2 USB Device(s) found
USB1:   USB EHCI 1.10
scanning bus 1 for devices... 2 USB Device(s) found
       scanning usb for storage devices... 1 Storage Device(s) found
       scanning usb for ethernet devices... 
Warning: asx0 using MAC address from net device
1 Ethernet Device(s) found
Tegra124 (Nyan-big) # setenv bootargs 'ignore_loglevel console=ttyS0,115200n8 rw root=PARTUUID=4d36e82a-b3c0-4b4b-bfcd-afe5217ac023 rootwait gpt debug noinitrd earlyprintk init=/bin/bash'
Tegra124 (Nyan-big) # setenv ipaddr 192.168.100.102; setenv serverip 192.168.100.1; setenv tftpserverip 192.168.100.1
Tegra124 (Nyan-big) # tftpboot 0x82000000 zImage.tegra_defconfig
Using asx0 device
TFTP from server 192.168.100.1; our IP address is 192.168.100.102
Filename 'zImage.tegra_defconfig'.
Load address: 0x82000000
Loading: *######T EHCI timed out on TD - token=0x88008d80
T ###########################################################
	 #################################################################
	 #################################################################
	 #################################################################
	 #################################################################
	 ############################################
	 406.3 KiB/s
done
Bytes transferred = 5410288 (528df0 hex)
Tegra124 (Nyan-big) # tftpboot 0x83000000 tegra124-nyan-big.dtb
Using asx0 device
TFTP from server 192.168.100.1; our IP address is 192.168.100.102
Filename 'tegra124-nyan-big.dtb'.
Load address: 0x83000000
Loading: *#####
	 3.4 MiB/s
done
Bytes transferred = 66821 (10505 hex)
Tegra124 (Nyan-big) # bootz 0x82000000 - 0x83000000
Kernel image @ 0x82000000 [ 0x000000 - 0x528df0 ]
## Flattened Device Tree blob at 83000000
   Booting using the fdt blob at 0x83000000
   Using Device Tree in place at 83000000, end 83013504

Starting kernel ...

[    3.115566] console [ttyS0] enabled
[    3.119042] bootconsole [earlycon0] disabled
[    3.124305] [drm] Initialized drm 1.1.0 20060810
[    3.129369] tegra-hdmi 54280000.hdmi: failed to get HDMI regulator
[    3.135963] tegra-dpaux 545c0000.dpaux: failed to get VDD supply: -517
[    3.143280] panel supply power not found, using dummy regulator
[    3.154613] loop: module loaded
[    3.158392] as3722 4-0040: AS3722 with revision 0x1 found
[    3.168517] as3722-sd2: supplied by +5V_SYS
[    3.173019] as3722-sd3: supplied by +5V_SYS
[    3.177377] +1.35V_LP0(sd3): Bringing 0uV into 1350000-1350000uV
[    3.183637] as3722-sd4: supplied by +5V_SYS
[    3.187982] +1.05V_RUN: Bringing 0uV into 1050000-1050000uV
[    3.193809] as3722-sd5: supplied by +5V_SYS
[    3.199616] as3722-ldo0: supplied by +1.35V_LP0(sd2)
[    3.205450] +1.8V_RUN_CAM: Bringing 0uV into 1800000-1800000uV
[    3.211564] as3722-ldo2: supplied by +1.8V_VDDIO
[    3.217301] as3722-ldo3: supplied by +3.3V_SYS
[    3.221753] +1.00V_LP0_VDD_RTC: Bringing 1100000uV into 1000000-1000000uV
[    3.229419] as3722-ldo4: supplied by +3.3V_SYS
[    3.234018] +3.3V_RUN_CAM: Bringing 0uV into 2800000-2800000uV
[    3.240136] as3722-ldo5: supplied by +1.8V_VDDIO
[    3.244920] +1.2V_RUN_CAM_FRONT: Bringing 0uV into 1200000-1200000uV
[    3.251703] +VDDIO_SDMMC3: Bringing 0uV into 1800000-1800000uV
[    3.257834] as3722-ldo7: supplied by +1.8V_VDDIO
[    3.262609] +1.05V_RUN_CAM_REAR: Bringing 0uV into 1050000-1050000uV
[    3.269258] as3722-ldo9: supplied by +5V_SYS
[    3.273830] +2.8V_RUN_TOUCH: Bringing 0uV into 2800000-2800000uV
[    3.280139] as3722-ldo10: supplied by +5V_SYS
[    3.284650] +2.8V_RUN_CAM_AF: Bringing 0uV into 2800000-2800000uV
[    3.291186] +1.8V_RUN_VPP_FUSE: Bringing 0uV into 1800000-1800000uV
[    3.341700] cros-ec-spi spi32766.0: Chrome EC device registered
[    3.351459] random: fast init done
[    3.357159] m25p80 spi32765.0: w25q32dw (4096 Kbytes)
[    3.363560] libphy: Fixed MDIO Bus: probed
[    3.367664] CAN device driver interface
[    3.371521] igb: Intel(R) Gigabit Ethernet Network Driver - version 5.3.0-k
[    3.378470] igb: Copyright (c) 2007-2014 Intel Corporation.
[    3.384144] pegasus: v0.9.3 (2013/04/25), Pegasus/Pegasus II USB Ethernet driver
[    3.391583] usbcore: registered new interface driver pegasus
[    3.397290] usbcore: registered new interface driver asix
[    3.402711] usbcore: registered new interface driver ax88179_178a
[    3.408845] usbcore: registered new interface driver cdc_ether
[    3.414727] usbcore: registered new interface driver smsc75xx
[    3.420511] usbcore: registered new interface driver smsc95xx
[    3.426295] usbcore: registered new interface driver net1080
[    3.431977] usbcore: registered new interface driver cdc_subset
[    3.437927] usbcore: registered new interface driver zaurus
[    3.443543] usbcore: registered new interface driver cdc_ncm
[    3.449303] ehci_hcd: USB 2.0 'Enhanced' Host Controller (EHCI) Driver
[    3.455820] ehci-pci: EHCI PCI platform driver
[    3.460292] tegra-ehci: Tegra EHCI driver
[    3.464618] usbcore: registered new interface driver cdc_acm
[    3.470268] cdc_acm: USB Abstract Control Model driver for USB modems and ISDN adapters
[    3.478298] usbcore: registered new interface driver cdc_wdm
[    3.484000] usbcore: registered new interface driver usb-storage
[    3.490261] mousedev: PS/2 mouse device common for all mice
[    3.496139] input: cros_ec as /devices/soc0/7000d400.spi/spi_master/spi32766/spi32766.0/7000d400.spi:cros-ec@0:keyboard-controller/input/input0
[    3.511170] as3722-rtc as3722-rtc: rtc core: registered as3722-rtc as rtc0
[    3.518038] as3722-rtc as3722-rtc: RTC interrupt 370
[    3.524869] tegra_rtc 7000e000.rtc: rtc core: registered 7000e000.rtc as rtc1
[    3.532019] tegra_rtc 7000e000.rtc: Tegra internal Real Time Clock
[    3.538326] i2c /dev entries driver
[    3.542564] usbcore: registered new interface driver uvcvideo
[    3.548304] USB Video Class driver (1.1.1)
[    3.552387] gspca_main: v2.14.0 registered
[    3.556771] 0-004c supply vcc not found, using dummy regulator
[    3.564546] tegra-wdt 60005000.timer: initialized (heartbeat = 120 sec, nowayout = 0)
[    3.572967] sdhci: Secure Digital Host Controller Interface driver
[    3.579142] sdhci: Copyright(c) Pierre Ossman
[    3.583485] sdhci-pltfm: SDHCI platform and OF driver helper
[    3.589280] sdhci-tegra 700b0000.sdhci: allocated mmc-pwrseq
[    3.595079] sdhci-tegra 700b0400.sdhci: Got CD GPIO
[    3.599949] sdhci-tegra 700b0400.sdhci: Got WP GPIO
[    3.604973] mmc0: Unknown controller version (3). You may experience problems.
[    3.612206] mmc0: Invalid maximum block size, assuming 512 bytes
[    3.674676] mmc0: SDHCI controller on 700b0600.sdhci [700b0600.sdhci] using ADMA 64-bit
[    3.685121] usbcore: registered new interface driver usbhid
[    3.693602] usbhid: USB HID core driver
[    3.704664] tegra30-i2s 70301100.i2s: DMA channels sourced from device 70300000.ahub
[    3.745130] max98090 0-0010: MAX98090 REVID=0x43
[    3.752405] max98090 0-0010: use default 2.8v micbias
[    3.755072] mmc0: new high speed MMC card at address 0001
[    3.755527] mmcblk0: mmc0:0001 MMC16G 14.4 GiB 
[    3.755721] mmcblk0boot0: mmc0:0001 MMC16G partition 1 2.00 MiB
[    3.755904] mmcblk0boot1: mmc0:0001 MMC16G partition 2 2.00 MiB
[    3.756073] mmcblk0rpmb: mmc0:0001 MMC16G partition 3 128 KiB
[    3.759216]  mmcblk0: p1 p2 p3 p4 p5 p6 p7 p8 p9 p10 p11 p12
[    3.793150] tegra-snd-max98090 sound: HiFi <-> 70301100.i2s mapping ok
[    3.800969] input: GoogleNyanBig Headphones as /devices/soc0/sound/sound/card1/input1
[    3.809089] input: GoogleNyanBig Mic Jack as /devices/soc0/sound/sound/card1/input2
[    4.124648] NET: Registered protocol family 10
[    4.284657] mip6: Mobile IPv6
[    4.287616] sit: IPv6, IPv4 and MPLS over IPv4 tunneling driver
[    4.294593] NET: Registered protocol family 17
[    4.299048] NET: Registered protocol family 15
[    4.303479] can: controller area network core (rev 20120528 abi 9)
[    4.344686] NET: Registered protocol family 29
[    4.349116] can: raw protocol (rev 20120528)
[    4.353373] can: broadcast manager protocol (rev 20160617 t)
[    4.359030] can: netlink gateway (rev 20130117) max_hops=1
[    4.404698] Bluetooth: RFCOMM socket layer initialized
[    4.409833] Bluetooth: RFCOMM ver 1.11
[    4.413574] Bluetooth: BNEP (Ethernet Emulation) ver 1.3
[    4.418885] Bluetooth: BNEP socket layer initialized
[    4.423834] Bluetooth: HIDP (Human Interface Emulation) ver 1.2
[    4.429749] Bluetooth: HIDP socket layer initialized
[    4.434844] Key type dns_resolver registered
[    4.439564] Registering SWP/SWPB emulation handler
[    4.445466] +3.3V_RUN: supplied by +3.3V_SYS
[    4.450241] +3.3V_AVDD_HDMI_AP_GATED: supplied by +3.3V_RUN
[    4.455904] +1.8V_RUN_CAM: supplied by +3.3V_RUN
[    4.460552] +VDDIO_SDMMC3: supplied by +3.3V_RUN
[    4.465220] +1.8V_RUN_VPP_FUSE: supplied by +3.3V_RUN
[    4.466000] input: tegra-hda HDMI/DP,pcm=3 as /devices/soc0/70030000.hda/sound/card0/input3
[    4.478796] +VDD_LED: supplied by +VDD_MUX
[    4.483117] +5V_VDD_TS_SW: supplied by +5V_SYS
[    4.487777] +5V_USB_HS: supplied by +5V_SYS
[    4.492162] +5V_USB_SS: supplied by +5V_SYS
[    4.497202] +3.3V_PANEL: supplied by +3.3V_RUN
[    4.502699] +3.3V_LP0: supplied by +3.3V_SYS
[    4.507799] +1.05V_RUN_AVDD_HDMI_PLL: supplied by +1.05V_RUN
[    4.513685] +5V_HDMI_CON: supplied by +5V_SYS
[    4.519186] usb3-0 supply vbus not found, using dummy regulator
[    4.525184] usb3-1 supply vbus not found, using dummy regulator
[    4.533674] tegra-sor 54540000.sor: failed to probe output: -517
[    4.539855] panel supply power not found, using dummy regulator
[    4.615401] tegra-xusb 70090000.usb: Firmware timestamp: 2014-09-16 02:10:07 UTC
[    4.622810] tegra-xusb 70090000.usb: xHCI Host Controller
[    4.628238] tegra-xusb 70090000.usb: new USB bus registered, assigned bus number 1
[    4.637823] tegra-xusb 70090000.usb: hcc params 0x0184f525 hci version 0x100 quirks 0x00010010
[    4.646495] tegra-xusb 70090000.usb: irq 342, io mem 0x70090000
[    4.653257] hub 1-0:1.0: USB hub found
[    4.657107] hub 1-0:1.0: 6 ports detected
[    4.661842] tegra-xusb 70090000.usb: xHCI Host Controller
[    4.667275] tegra-xusb 70090000.usb: new USB bus registered, assigned bus number 2
[    4.674997] usb usb2: We don't know the algorithms for LPM for this host, disabling LPM.
[    4.683876] hub 2-0:1.0: USB hub found
[    4.687687] hub 2-0:1.0: 2 ports detected
[    4.692923] sdhci-tegra 700b0000.sdhci: allocated mmc-pwrseq
[    4.698797] mmc1: Unknown controller version (3). You may experience problems.
[    4.706088] mmc1: Invalid maximum block size, assuming 512 bytes
[    4.712638] mmc1: Switching to 3.3V signalling voltage failed
[    4.774763] mmc1: SDHCI controller on 700b0000.sdhci [700b0000.sdhci] using ADMA 64-bit
[    4.783006] sdhci-tegra 700b0400.sdhci: Got CD GPIO
[    4.789940] sdhci-tegra 700b0400.sdhci: Got WP GPIO
[    4.798068] mmc2: Unknown controller version (3). You may experience problems.
[    4.805437] mmc2: Invalid maximum block size, assuming 512 bytes
[    4.847068] mmc1: new high speed SDIO card at address 0001
[    4.874778] mmc2: SDHCI controller on 700b0400.sdhci [700b0400.sdhci] using ADMA 64-bit
[    4.982717] [drm] Supports vblank timestamp caching Rev 2 (21.10.2013).
[    4.989374] [drm] No driver support for vblank timestamp query.
[    5.024702] usb 1-2: new high-speed USB device number 2 using tegra-xusb
[    5.036084] mmc2: new high speed SDHC card at address 0007
[    5.036743] mmcblk2: mmc2:0007 SD08G 7.42 GiB 
[    5.045794] GPT:Primary header alternate_lba != Alt. header my_lba
[    5.045797] GPT:3014591 != 15564799
[    5.045799] GPT:Primary header thinks Alt. header is not at the end of the disk.
[    5.045800] GPT:3014591 != 15564799
[    5.045801] GPT: Use GNU Parted to correct GPT errors.
[    5.045827]  mmcblk2: p1 p2 p3 p4 p5 p6 p7 p8 p9 p10 p11 p12
[    5.053228] Console: switching to colour frame buffer device 170x48
[    5.111502] drm drm: fb0:  frame buffer device
[    5.154731] [drm] Initialized tegra 0.0.0 20120330 on minor 0
[    5.161160] input: gpio-keys as /devices/soc0/gpio-keys/input/input4
[    5.168641] as3722-rtc as3722-rtc: setting system clock to 2000-01-01 00:00:36 UTC (946684836)
[    5.182936] +1.8V_RUN_CAM: disabling
[    5.186786] +1.2V_RUN_CAM_FRONT: disabling
[    5.191085] +1.05V_RUN_CAM_REAR: disabling
[    5.195463] +2.8V_RUN_TOUCH: disabling
[    5.199469] +2.8V_RUN_CAM_AF: disabling
[    5.203511] +1.8V_RUN_VPP_FUSE: disabling
[    5.207738] +5V_VDD_TS_SW: disabling
[    5.211498] ALSA device list:
[    5.214458]   #0: tegra-hda at 0x70038000 irq 341
[    5.219209]   #1: GoogleNyanBig
[    5.223115] EXT4-fs (mmcblk0p3): couldn't mount as ext3 due to feature incompatibilities
[    5.339375] uvcvideo: Found UVC 1.00 device HD WebCam (1bcf:2c67)
[    5.354453] input: HD WebCam as /devices/soc0/70090000.usb/usb1/1-2/1-2:1.0/input/input5
[    5.544962] EXT4-fs (mmcblk0p3): recovery complete
[    5.550507] EXT4-fs (mmcblk0p3): mounted filesystem with ordered data mode. Opts: (null)
[    5.558718] VFS: Mounted root (ext4 filesystem) on device 179:3.
[    5.567172] devtmpfs: mounted
[    5.570579] Freeing unused kernel memory: 1024K (c0c00000 - c0d00000)
bash: cannot set terminal process group (-1): Inappropriate ioctl for device
bash: no job control in this shell
root@(none):/# [    5.704746] usb 1-3: new high-speed USB device number 3 using tegra-xusb
[    6.779053] asix 1-3:1.0 eth0: register 'asix' at usb-70090000.usb-3, ASIX AX88772 USB 2.0 Ethernet, c8:d7:19:90:fa:65
[    7.124707] usb 1-1: new high-speed USB device number 4 using tegra-xusb
[    7.303440] usb-storage 1-1:1.0: USB Mass Storage device detected
[    7.310451] scsi host0: usb-storage 1-1:1.0
[    7.394838] scsi host0: runtime PM trying to activate child device host0 but parent (1-1:1.0) is not active
[    8.486642] scsi 0:0:0:0: Direct-Access     SanDisk  SDDR-113         9412 PQ: 0 ANSI: 0
[    8.659391] sd 0:0:0:0: [sda] 15523840 512-byte logical blocks: (7.95 GB/7.40 GiB)
[    8.668219] sd 0:0:0:0: [sda] Write Protect is off
[    8.673003] sd 0:0:0:0: [sda] Mode Sense: 03 00 00 00
[    8.679376] sd 0:0:0:0: [sda] No Caching mode page found
[    8.684698] sd 0:0:0:0: [sda] Assuming drive cache: write through
[    8.710245]  sda: sda1 sda2 sda3 sda4 sda5 sda6 sda7 sda8 sda9 sda10 sda11 sda12 sda13
[    8.723647] sd 0:0:0:0: [sda] Attached SCSI removable disk
