[    0.000000] Booting Linux on physical CPU 0x0000000000 [0x411fd070]
[    0.000000] Linux version 4.15.0-rc6-335362-g30a7acd57389 (jonathanh@tamien) (gcc version 4.9.2 20140904 (prerelease) (crosstool-NG linaro-1.13.1-4.9-2014.09 - Linaro GCC 4.9-2014.09)) #1 SMP PREEMPT Tue Jan 2 07:37:43 PST 2018
[    0.000000] Machine model: linux,dummy-virt
[    0.000000] Memory limited to 1024MB
[    0.000000] efi: Getting EFI parameters from FDT:
[    0.000000] efi: UEFI not found.
[    0.000000] cma: Reserved 16 MiB at 0x000000007f000000
[    0.000000] NUMA: No NUMA configuration found
[    0.000000] NUMA: Faking a node at [mem 0x0000000000000000-0x000000007fffffff]
[    0.000000] NUMA: NODE_DATA [mem 0x7efeb000-0x7efecaff]
[    0.000000] Zone ranges:
[    0.000000]   DMA      [mem 0x0000000040000000-0x000000007fffffff]
[    0.000000]   Normal   empty
[    0.000000] Movable zone start for each node
[    0.000000] Early memory node ranges
[    0.000000]   node   0: [mem 0x0000000040000000-0x000000007fffffff]
[    0.000000] Initmem setup node 0 [mem 0x0000000040000000-0x000000007fffffff]
[    0.000000] psci: probing for conduit method from DT.
[    0.000000] psci: PSCIv0.2 detected in firmware.
[    0.000000] psci: Using standard PSCI v0.2 function IDs
[    0.000000] psci: Trusted OS migration not required
[    0.000000] random: fast init done
[    0.000000] percpu: Embedded 23 pages/cpu @        (ptrval) s55168 r8192 d30848 u94208
[    0.000000] Detected PIPT I-cache on CPU0
[    0.000000] CPU features: enabling workaround for ARM erratum 832075
[    0.000000] CPU features: enabling workaround for ARM erratum 834220
[    0.000000] Built 1 zonelists, mobility grouping on.  Total pages: 258048
[    0.000000] Policy zone: DMA
[    0.000000] Kernel command line: root=/dev/vda2 rw rootwait mem=1024M console=ttyAMA0,38400n8 init=/bin/bash
[    0.000000] Memory: 998996K/1048576K available (9404K kernel code, 1150K rwdata, 4460K rodata, 1088K init, 395K bss, 33196K reserved, 16384K cma-reserved)
[    0.000000] Virtual kernel memory layout:
[    0.000000]     modules : 0xffff000000000000 - 0xffff000008000000   (   128 MB)
[    0.000000]     vmalloc : 0xffff000008000000 - 0xffff7dffbfff0000   (129022 GB)
[    0.000000]       .text : 0x        (ptrval) - 0x        (ptrval)   (  9408 KB)
[    0.000000]     .rodata : 0x        (ptrval) - 0x        (ptrval)   (  4480 KB)
[    0.000000]       .init : 0x        (ptrval) - 0x        (ptrval)   (  1088 KB)
[    0.000000]       .data : 0x        (ptrval) - 0x        (ptrval)   (  1151 KB)
[    0.000000]        .bss : 0x        (ptrval) - 0x        (ptrval)   (   396 KB)
[    0.000000]     fixed   : 0xffff7dfffe7fb000 - 0xffff7dfffec00000   (  4116 KB)
[    0.000000]     PCI I/O : 0xffff7dfffee00000 - 0xffff7dffffe00000   (    16 MB)
[    0.000000]     vmemmap : 0xffff7e0000000000 - 0xffff800000000000   (  2048 GB maximum)
[    0.000000]               0xffff7e0000000000 - 0xffff7e0001000000   (    16 MB actual)
[    0.000000]     memory  : 0xffff800000000000 - 0xffff800040000000   (  1024 MB)
[    0.000000] SLUB: HWalign=64, Order=0-3, MinObjects=0, CPUs=1, Nodes=1
[    0.000000] Preemptible hierarchical RCU implementation.
[    0.000000] 	RCU restricting CPUs from NR_CPUS=64 to nr_cpu_ids=1.
[    0.000000] 	Tasks RCU enabled.
[    0.000000] RCU: Adjusting geometry for rcu_fanout_leaf=16, nr_cpu_ids=1
[    0.000000] NR_IRQS: 64, nr_irqs: 64, preallocated irqs: 0
[    0.000000] GICv2m: range[mem 0x08020000-0x08020fff], SPI[80:143]
[    0.000000] arch_timer: cp15 timer(s) running at 62.50MHz (virt).
[    0.000000] clocksource: arch_sys_counter: mask: 0xffffffffffffff max_cycles: 0x1cd42e208c, max_idle_ns: 881590405314 ns
[    0.000193] sched_clock: 56 bits at 62MHz, resolution 16ns, wraps every 4398046511096ns
[    0.012770] Console: colour dummy device 80x25
[    0.015398] Calibrating delay loop (skipped), value calculated using timer frequency.. 125.00 BogoMIPS (lpj=250000)
[    0.015712] pid_max: default: 32768 minimum: 301
[    0.019395] Security Framework initialized
[    0.024488] Dentry cache hash table entries: 131072 (order: 8, 1048576 bytes)
[    0.027360] Inode-cache hash table entries: 65536 (order: 7, 524288 bytes)
[    0.027946] Mount-cache hash table entries: 2048 (order: 2, 16384 bytes)
[    0.028128] Mountpoint-cache hash table entries: 2048 (order: 2, 16384 bytes)
[    0.120687] ASID allocator initialised with 65536 entries
[    0.123317] Hierarchical SRCU implementation.
[    0.141004] EFI services will not be available.
[    0.147141] smp: Bringing up secondary CPUs ...
[    0.147352] smp: Brought up 1 node, 1 CPU
[    0.147436] SMP: Total of 1 processors activated.
[    0.147651] CPU features: detected feature: 32-bit EL0 Support
[    0.152519] CPU: All CPU(s) started at EL1
[    0.153871] alternatives: patching kernel code
[    0.186500] devtmpfs: initialized
[    0.224025] clocksource: jiffies: mask: 0xffffffff max_cycles: 0xffffffff, max_idle_ns: 7645041785100000 ns
[    0.224386] futex hash table entries: 256 (order: 3, 32768 bytes)
[    0.241842] pinctrl core: initialized pinctrl subsystem
[    0.296157] DMI not present or invalid.
[    0.305117] NET: Registered protocol family 16
[    0.309083] audit: initializing netlink subsys (disabled)
[    0.313709] audit: type=2000 audit(0.260:1): state=initialized audit_enabled=0 res=1
[    0.346764] cpuidle: using governor menu
[    0.351947] vdso: 2 pages (1 code @ 00000000f6890051, 1 data @ 000000009c5b0765)
[    0.352457] hw-breakpoint: found 6 breakpoint and 4 watchpoint registers.
[    0.371521] DMA: preallocated 256 KiB pool for atomic allocations
[    0.392992] Serial: AMBA PL011 UART driver
[    0.569554] 9000000.pl011: ttyAMA0 at MMIO 0x9000000 (irq = 39, base_baud = 0) is a PL011 rev1
[    0.610053] console [ttyAMA0] enabled
[    1.126657] HugeTLB registered 2.00 MiB page size, pre-allocated 0 pages
[    1.159349] ACPI: Interpreter disabled.
[    1.190053] vgaarb: loaded
[    1.200315] SCSI subsystem initialized
[    1.223579] usbcore: registered new interface driver usbfs
[    1.225500] usbcore: registered new interface driver hub
[    1.228583] usbcore: registered new device driver usb
[    1.252962] pps_core: LinuxPPS API ver. 1 registered
[    1.253506] pps_core: Software ver. 5.3.6 - Copyright 2005-2007 Rodolfo Giometti <giometti@linux.it>
[    1.256016] PTP clock support registered
[    1.262016] EDAC MC: Ver: 3.0.0
[    1.279741] dmi: Firmware registration failed.
[    1.291876] Advanced Linux Sound Architecture Driver Initialized.
[    1.313848] clocksource: Switched to clocksource arch_sys_counter
[    1.315528] VFS: Disk quotas dquot_6.6.0
[    1.318703] VFS: Dquot-cache hash table entries: 512 (order 0, 4096 bytes)
[    1.322177] pnp: PnP ACPI: disabled
[    1.493684] NET: Registered protocol family 2
[    1.506580] TCP established hash table entries: 8192 (order: 4, 65536 bytes)
[    1.507432] TCP bind hash table entries: 8192 (order: 5, 131072 bytes)
[    1.508095] TCP: Hash tables configured (established 8192 bind 8192)
[    1.510925] UDP hash table entries: 512 (order: 2, 16384 bytes)
[    1.511669] UDP-Lite hash table entries: 512 (order: 2, 16384 bytes)
[    1.514557] NET: Registered protocol family 1
[    1.530047] RPC: Registered named UNIX socket transport module.
[    1.530708] RPC: Registered udp transport module.
[    1.531185] RPC: Registered tcp transport module.
[    1.531642] RPC: Registered tcp NFSv4.1 backchannel transport module.
[    1.548505] hw perfevents: enabled with armv8_pmuv3 PMU driver, 1 counters available
[    1.552135] kvm [1]: HYP mode not available
[    1.588355] Initialise system trusted keyrings
[    1.591747] workingset: timestamp_bits=44 max_order=18 bucket_order=0
[    1.695873] squashfs: version 4.0 (2009/01/31) Phillip Lougher
[    1.715466] NFS: Registering the id_resolver key type
[    1.716476] Key type id_resolver registered
[    1.716950] Key type id_legacy registered
[    1.718738] nfs4filelayout_init: NFSv4 File Layout Driver Registering...
[    1.722623] 9p: Installing v9fs 9p2000 file system support
[    1.760791] Key type asymmetric registered
[    1.761387] Asymmetric key parser 'x509' registered
[    1.765084] Block layer SCSI generic (bsg) driver version 0.4 loaded (major 245)
[    1.766666] io scheduler noop registered
[    1.772144] io scheduler cfq registered (default)
[    1.772734] io scheduler mq-deadline registered
[    1.773221] io scheduler kyber registered
[    1.899408] pl061_gpio 9030000.pl061: PL061 GPIO chip @0x0000000009030000 registered
[    1.923419] OF: PCI: host bridge /pcie@10000000 ranges:
[    1.924246] OF: PCI:    IO 0x3eff0000..0x3effffff -> 0x00000000
[    1.924926] OF: PCI:   MEM 0x10000000..0x3efeffff -> 0x10000000
[    1.925301] OF: PCI:   MEM 0x8000000000..0xffffffffff -> 0x8000000000
[    1.928519] pci-host-generic 3f000000.pcie: ECAM at [mem 0x3f000000-0x3fffffff] for [bus 00-0f]
[    1.933513] pci-host-generic 3f000000.pcie: PCI host bridge to bus 0000:00
[    1.935495] pci_bus 0000:00: root bus resource [bus 00-0f]
[    1.936045] pci_bus 0000:00: root bus resource [io  0x0000-0xffff]
[    1.936506] pci_bus 0000:00: root bus resource [mem 0x10000000-0x3efeffff]
[    1.937001] pci_bus 0000:00: root bus resource [mem 0x8000000000-0xffffffffff]
[    2.175748] Serial: 8250/16550 driver, 4 ports, IRQ sharing enabled
[    2.206363] SuperH (H)SCI(F) driver initialized
[    2.212951] msm_serial: driver initialized
[    2.224332] cacheinfo: Unable to detect cache hierarchy for CPU 0
[    2.324801] loop: module loaded
[    2.653294]  vda: vda1 vda2
[    2.735885] libphy: Fixed MDIO Bus: probed
[    2.748104] tun: Universal TUN/TAP device driver, 1.6
[    2.771421] thunder-xcv, ver 1.0
[    2.772536] thunder-BGX, ver 1.0
[    2.773415] thunder-nic, ver 1.0
[    2.779146] e1000e: Intel(R) PRO/1000 Network Driver - 3.2.6-k
[    2.779496] e1000e: Copyright(c) 1999 - 2015 Intel Corporation.
[    2.780645] igb: Intel(R) Gigabit Ethernet Network Driver - version 5.4.0-k
[    2.781039] igb: Copyright (c) 2007-2014 Intel Corporation.
[    2.783446] igbvf: Intel(R) Gigabit Virtual Function Network Driver - version 2.4.0-k
[    2.784176] igbvf: Copyright (c) 2009 - 2012 Intel Corporation.
[    2.793380] sky2: driver version 1.30
[    2.800465] VFIO - User Level meta-driver version: 0.3
[    2.830524] ehci_hcd: USB 2.0 'Enhanced' Host Controller (EHCI) Driver
[    2.831272] ehci-pci: EHCI PCI platform driver
[    2.834660] ehci-platform: EHCI generic platform driver
[    2.837136] ehci-orion: EHCI orion driver
[    2.839994] ehci-exynos: EHCI EXYNOS driver
[    2.844045] ohci_hcd: USB 1.1 'Open' Host Controller (OHCI) Driver
[    2.844873] ohci-pci: OHCI PCI platform driver
[    2.847097] ohci-platform: OHCI generic platform driver
[    2.849310] ohci-exynos: OHCI EXYNOS driver
[    2.862809] usbcore: registered new interface driver usb-storage
[    2.928345] rtc-pl031 9010000.pl031: rtc core: registered pl031 as rtc0
[    2.946571] i2c /dev entries driver
[    3.039030] sdhci: Secure Digital Host Controller Interface driver
[    3.039656] sdhci: Copyright(c) Pierre Ossman
[    3.048072] Synopsys Designware Multimedia Card Interface Driver
[    3.068613] sdhci-pltfm: SDHCI platform and OF driver helper
[    3.090976] ledtrig-cpu: registered to indicate activity on CPUs
[    3.113396] usbcore: registered new interface driver usbhid
[    3.115119] usbhid: USB HID core driver
[    3.157371] NET: Registered protocol family 17
[    3.163250] 9pnet: Installing 9P2000 support
[    3.164990] Key type dns_resolver registered
[    3.174944] registered taskstats version 1
[    3.175434] Loading compiled-in X.509 certificates
[    3.194398] input: gpio-keys as /devices/platform/gpio-keys/input/input0
[    3.199952] rtc-pl031 9010000.pl031: setting system clock to 2018-01-02 15:46:30 UTC (1514907990)
[    3.201555] ALSA device list:
[    3.203079]   No soundcards found.
[    3.207346] uart-pl011 9000000.pl011: no DMA platform data
[    3.443438] EXT4-fs (vda2): couldn't mount as ext3 due to feature incompatibilities
[    3.743583] EXT4-fs (vda2): recovery complete
[    3.745084] EXT4-fs (vda2): mounted filesystem with ordered data mode. Opts: (null)
[    3.746637] VFS: Mounted root (ext4 filesystem) on device 254:2.
[    3.808191] devtmpfs: mounted
[    3.978433] Freeing unused kernel memory: 1088K
bash: cannot set terminal process group (-1): Inappropriate ioctl for device
bash: no job control in this shell
bash-4.3# 