
U-Boot SPL 2014.01-00219-gc4d376f (Feb 18 2014 - 19:57:32)


U-Boot 2014.01-00219-gc4d376f (Feb 18 2014 - 19:57:32)

TEGRA114
Board: NVIDIA Dalmore
I2C:   ready
DRAM:  2 GiB
MMC:   Tegra SD/MMC: 0, Tegra SD/MMC: 1
In:    serial
Out:   serial
Err:   serial
Net:   Net Initialization Skipped
No ethernet found.
Hit any key to stop autoboot:  2  0 
Tegra114 (Dalmore) # 
Tegra114 (Dalmore) # usb reset
(Re)start USB...
USB0:   USB EHCI 1.10
scanning bus 0 for devices... 2 USB Device(s) found
       scanning usb for storage devices... 0 Storage Device(s) found
       scanning usb for ethernet devices... 
Warning: asx0 using MAC address from net device
1 Ethernet Device(s) found
Tegra114 (Dalmore) # setenv bootargs 'ignore_loglevel console=ttyS0,115200n8 rw root=PARTUUID=7369c667-ff51-ec4a-29cd-baabf2fbe346 rootwait gpt debug earlyprintk init=/bin/bash'
Tegra114 (Dalmore) # setenv ipaddr 192.168.100.100; setenv serverip 192.168.100.1; setenv tftpserverip 192.168.100.1
Tegra114 (Dalmore) # tftpboot 0x81000000 zImage.multi_v7_defconfig
Using asx0 device
TFTP from server 192.168.100.1; our IP address is 192.168.100.100
Filename 'zImage.multi_v7_defconfig'.
Load address: 0x81000000
Loading: *#################################################################
	 #################################################################
	 #################################################################
	 #################################################################
	 #################################################################
	 #################################################################
	 #################################################################
	 #################################################################
	 ##############################
	 3.3 MiB/s
done
Bytes transferred = 8061440 (7b0200 hex)
Tegra114 (Dalmore) # tftpboot 0x82000000 tegra114-dalmore.dtb
Using asx0 device
TFTP from server 192.168.100.1; our IP address is 192.168.100.100
Filename 'tegra114-dalmore.dtb'.
Load address: 0x82000000
Loading: *###
	 2.7 MiB/s
done
Bytes transferred = 34502 (86c6 hex)
Tegra114 (Dalmore) # bootz 0x81000000 - 0x82000000
Kernel image @ 0x81000000 [ 0x000000 - 0x7b0200 ]
## Flattened Device Tree blob at 82000000
   Booting using the fdt blob at 0x82000000
   Loading Device Tree to 8fff4000, end 8ffff6c5 ... OK

Starting kernel ...

[    0.000000] Booting Linux on physical CPU 0x0
[    0.000000] Linux version 4.15.0-rc3-334484-g50c4c4e268a2 (jonathanh@tamien) (gcc version 4.7.3 20130328 (prerelease) (crosstool-NG linaro-1.13.1-4.7-2013.04-20130415 - Linaro GCC 2013.04)) #1 SMP Tue Dec 12 08:01:37 PST 2017
[    0.000000] CPU: ARMv7 Processor [412fc0f2] revision 2 (ARMv7), cr=10c5387d
[    0.000000] CPU: div instructions available: patching division code
[    0.000000] CPU: PIPT / VIPT nonaliasing data cache, PIPT instruction cache
[    0.000000] OF: fdt: Machine model: NVIDIA Tegra114 Dalmore evaluation board
[    0.000000] debug: ignoring loglevel setting.
[    0.000000] Memory policy: Data cache writealloc
[    0.000000] efi: Getting EFI parameters from FDT:
[    0.000000] efi: UEFI not found.
[    0.000000] cma: Reserved 64 MiB at 0xfb800000
[    0.000000] On node 0 totalpages: 524032
[    0.000000]   DMA zone: 1536 pages used for memmap
[    0.000000]   DMA zone: 0 pages reserved
[    0.000000]   DMA zone: 196608 pages, LIFO batch:31
[    0.000000]   HighMem zone: 327424 pages, LIFO batch:31
[    0.000000] random: fast init done
[    0.000000] percpu: Embedded 17 pages/cpu @(ptrval) s39040 r8192 d22400 u69632
[    0.000000] pcpu-alloc: s39040 r8192 d22400 u69632 alloc=17*4096
[    0.000000] pcpu-alloc: [0] 0 [0] 1 [0] 2 [0] 3 
[    0.000000] Built 1 zonelists, mobility grouping on.  Total pages: 522496
[    0.000000] Kernel command line: ignore_loglevel console=ttyS0,115200n8 rw root=PARTUUID=7369c667-ff51-ec4a-29cd-baabf2fbe346 rootwait gpt debug earlyprintk init=/bin/bash
[    0.000000] Dentry cache hash table entries: 131072 (order: 7, 524288 bytes)
[    0.000000] Inode-cache hash table entries: 65536 (order: 6, 262144 bytes)
[    0.000000] Memory: 1992548K/2096128K available (11264K kernel code, 1602K rwdata, 4296K rodata, 2048K init, 404K bss, 38044K reserved, 65536K cma-reserved, 1244160K highmem)
[    0.000000] Virtual kernel memory layout:
[    0.000000]     vector  : 0xffff0000 - 0xffff1000   (   4 kB)
[    0.000000]     fixmap  : 0xffc00000 - 0xfff00000   (3072 kB)
[    0.000000]     vmalloc : 0xf0800000 - 0xff800000   ( 240 MB)
[    0.000000]     lowmem  : 0xc0000000 - 0xf0000000   ( 768 MB)
[    0.000000]     pkmap   : 0xbfe00000 - 0xc0000000   (   2 MB)
[    0.000000]     modules : 0xbf000000 - 0xbfe00000   (  14 MB)
[    0.000000]       .text : 0x(ptrval) - 0x(ptrval)   (12256 kB)
[    0.000000]       .init : 0x(ptrval) - 0x(ptrval)   (2048 kB)
[    0.000000]       .data : 0x(ptrval) - 0x(ptrval)   (1603 kB)
[    0.000000]        .bss : 0x(ptrval) - 0x(ptrval)   ( 405 kB)
[    0.000000] SLUB: HWalign=64, Order=0-3, MinObjects=0, CPUs=4, Nodes=1
[    0.000000] Hierarchical RCU implementation.
[    0.000000] 	RCU event tracing is enabled.
[    0.000000] 	RCU restricting CPUs from NR_CPUS=16 to nr_cpu_ids=4.
[    0.000000] RCU: Adjusting geometry for rcu_fanout_leaf=16, nr_cpu_ids=4
[    0.000000] NR_IRQS: 16, nr_irqs: 16, preallocated irqs: 16
[    0.000000] /interrupt-controller@60004000: 160 interrupts forwarded to /interrupt-controller@50041000
[    0.000000] Tegra clk 127: register failed with -17
[    0.000008] sched_clock: 32 bits at 1000kHz, resolution 1000ns, wraps every 2147483647500ns
[    0.000028] clocksource: timer_us: mask: 0xffffffff max_cycles: 0xffffffff, max_idle_ns: 1911260446275 ns
[    0.000044] Switching to timer-based delay loop, resolution 1000ns
[    0.003321] arch_timer: cp15 timer(s) running at 12.00MHz (virt).
[    0.003341] clocksource: arch_sys_counter: mask: 0xffffffffffffff max_cycles: 0x2c47f4ee7, max_idle_ns: 440795202497 ns
[    0.003361] sched_clock: 56 bits at 12MHz, resolution 83ns, wraps every 4398046511096ns
[    0.003376] Switching to timer-based delay loop, resolution 83ns
[    0.003803] Console: colour dummy device 80x30
[    0.003838] Calibrating delay loop (skipped), value calculated using timer frequency.. 24.00 BogoMIPS (lpj=120000)
[    0.003858] pid_max: default: 32768 minimum: 301
[    0.003957] Mount-cache hash table entries: 2048 (order: 1, 8192 bytes)
[    0.003972] Mountpoint-cache hash table entries: 2048 (order: 1, 8192 bytes)
[    0.004507] CPU: Testing write buffer coherency: ok
[    0.004754] /cpus/cpu@0 missing clock-frequency property
[    0.004786] /cpus/cpu@1 missing clock-frequency property
[    0.004817] /cpus/cpu@2 missing clock-frequency property
[    0.004849] /cpus/cpu@3 missing clock-frequency property
[    0.004864] CPU0: thread -1, cpu 0, socket 0, mpidr 80000000
[    0.005176] Setting up static identity map for 0x80300000 - 0x803000a0
[    0.006420] Hierarchical SRCU implementation.
[    0.007791] Tegra Revision: A01 SKU: 0 CPU Process: 1 SoC Process: 0
[    0.008450] EFI services will not be available.
[    0.008609] smp: Bringing up secondary CPUs ...
[    0.009205] CPU1: thread -1, cpu 1, socket 0, mpidr 80000001
[    0.009895] CPU2: thread -1, cpu 2, socket 0, mpidr 80000002
[    0.010587] CPU3: thread -1, cpu 3, socket 0, mpidr 80000003
[    0.010695] smp: Brought up 1 node, 4 CPUs
[    0.010717] SMP: Total of 4 processors activated (96.00 BogoMIPS).
[    0.010727] CPU: All CPU(s) started in SVC mode.
[    0.012215] devtmpfs: initialized
[    0.020258] VFP support v0.3: implementor 41 architecture 4 part 30 variant f rev 0
[    0.020558] clocksource: jiffies: mask: 0xffffffff max_cycles: 0xffffffff, max_idle_ns: 19112604462750000 ns
[    0.020577] futex hash table entries: 1024 (order: 4, 65536 bytes)
[    0.022025] pinctrl core: initialized pinctrl subsystem
[    0.023363] DMI not present or invalid.
[    0.023620] NET: Registered protocol family 16
[    0.025881] DMA: preallocated 256 KiB pool for atomic coherent allocations
[    0.027861] cpuidle: using governor menu
[    0.049432] No ATAGs?
[    0.049565] hw-breakpoint: found 5 (+1 reserved) breakpoint and 4 watchpoint registers.
[    0.049582] hw-breakpoint: maximum watchpoint size is 8 bytes.
[    0.055153] Serial: AMBA PL011 UART driver
[    0.056064] tegra-mc 70019000.memory-controller: no memory timings for RAM code 3 registered
[    0.056197] iommu: Adding device reg-dummy to group 0
[    0.056233] iommu: Adding device 50000000.host1x to group 1
[    0.056269] iommu: Adding device 54140000.gr2d to group 2
[    0.056304] iommu: Adding device 54180000.gr3d to group 3
[    0.056375] iommu: Adding device 54200000.dc to group 4
[    0.056446] iommu: Adding device 54240000.dc to group 5
[    0.056489] iommu: Adding device 54280000.hdmi to group 6
[    0.056523] iommu: Adding device 54300000.dsi to group 7
[    0.056556] iommu: Adding device 60005000.timer to group 8
[    0.056588] iommu: Adding device 60007000.flow-controller to group 9
[    0.056622] iommu: Adding device 6000a000.dma to group 10
[    0.056655] iommu: Adding device 6000c000.ahb to group 11
[    0.056687] iommu: Adding device 6000d000.gpio to group 12
[    0.056720] iommu: Adding device 70000800.apbmisc to group 13
[    0.056756] iommu: Adding device 70000868.pinmux to group 14
[    0.056788] iommu: Adding device 70006300.serial to group 15
[    0.056820] iommu: Adding device 7000a000.pwm to group 16
[    0.056859] iommu: Adding device 7000c000.i2c to group 17
[    0.056892] iommu: Adding device 7000c700.i2c to group 18
[    0.056926] iommu: Adding device 7000d000.i2c to group 19
[    0.056958] iommu: Adding device 7000da00.spi to group 20
[    0.056993] iommu: Adding device 7000e000.rtc to group 21
[    0.057029] iommu: Adding device 7000e400.pmc to group 22
[    0.057063] iommu: Adding device 7000f800.fuse to group 23
[    0.057095] iommu: Adding device 70019000.memory-controller to group 24
[    0.057128] iommu: Adding device 70080000.ahub to group 25
[    0.057160] iommu: Adding device 700e3000.mipi to group 26
[    0.057193] iommu: Adding device 78000400.sdhci to group 27
[    0.057231] iommu: Adding device 78000600.sdhci to group 28
[    0.057265] iommu: Adding device 7d000000.usb to group 29
[    0.057298] iommu: Adding device 7d000000.usb-phy to group 30
[    0.057335] iommu: Adding device 7d008000.usb to group 31
[    0.057369] iommu: Adding device 7d008000.usb-phy to group 32
[    0.057401] iommu: Adding device timer to group 33
[    0.057433] iommu: Adding device backlight to group 34
[    0.057464] iommu: Adding device clocks to group 35
[    0.057498] iommu: Adding device gpio-keys to group 36
[    0.057532] iommu: Adding device regulators to group 37
[    0.057569] iommu: Adding device regulators:regulator@0 to group 38
[    0.057606] iommu: Adding device regulators:regulator@1 to group 39
[    0.057638] iommu: Adding device regulators:regulator@3 to group 40
[    0.057672] iommu: Adding device regulators:regulator@4 to group 41
[    0.057705] iommu: Adding device regulators:regulator@5 to group 42
[    0.057738] iommu: Adding device regulators:regulator@6 to group 43
[    0.057770] iommu: Adding device regulators:regulator@7 to group 44
[    0.057803] iommu: Adding device sound to group 45
[    0.071760] AT91: Could not find identification node
[    0.072243] dvdd_ts: Failed to request enable GPIO61: -517
[    0.072263] reg-fixed-voltage regulators:regulator@1: Failed to register regulator: -517
[    0.072369] usb1_vbus: Failed to request enable GPIO108: -517
[    0.072384] reg-fixed-voltage regulators:regulator@3: Failed to register regulator: -517
[    0.072486] usb2_vbus: Failed to request enable GPIO86: -517
[    0.072501] reg-fixed-voltage regulators:regulator@4: Failed to register regulator: -517
[    0.072913] VDD_5V0_HDMI_CON: Failed to request enable GPIO81: -517
[    0.072928] reg-fixed-voltage regulators:regulator@7: Failed to register regulator: -517
[    0.075370] vgaarb: loaded
[    0.076080] SCSI subsystem initialized
[    0.076254] libata version 3.00 loaded.
[    0.076455] usbcore: registered new interface driver usbfs
[    0.076506] usbcore: registered new interface driver hub
[    0.076567] usbcore: registered new device driver usb
[    0.079831] tps65090 2-0048: No cache defaults, reading back from HW
[    0.080836] iommu: Adding device tps65090-pmic to group 46
[    0.081777] TPS65090_RAILSDCDC1: supplied by vdd_ac_bat
[    0.082837] TPS65090_RAILSDCDC2: supplied by vdd_ac_bat
[    0.083920] TPS65090_RAILSDCDC3: supplied by vdd_ac_bat
[    0.084435] TPS65090_RAILSFET1: supplied by vdd_ac_bat
[    0.084796] TPS65090_RAILSFET2: supplied by vdd_ac_bat
[    0.085154] TPS65090_RAILSFET3: supplied by vdd-sys-3v3
[    0.085668] TPS65090_RAILSFET4: supplied by vdd-sys-3v3
[    0.086192] TPS65090_RAILSFET5: supplied by vdd-sys-3v3
[    0.086697] TPS65090_RAILSFET6: supplied by vdd-sys-3v3
[    0.087529] TPS65090_RAILSFET7: supplied by vdd-sys-3v3
[    0.088041] TPS65090_RAILSLDO1: supplied by vdd_ac_bat
[    0.088227] TPS65090_RAILSLDO2: supplied by vdd_ac_bat
[    0.088551] iommu: Adding device tps65090-charger to group 47
[    0.089172] palmas 2-0058: Irq flag is 0x00000004
[    0.091144] palmas 2-0058: Muxing GPIO ff, PWM 0, LED 0
[    0.091378] iommu: Adding device 7000d000.i2c:tps65913@58:gpio to group 48
[    0.091913] iommu: Adding device 7000d000.i2c:tps65913@58:pmic to group 49
[    0.093735] SMPS12: supplied by vdd-ao
[    0.094736] vdd_hdmi_5v0: supplied by vdd-sys-5v0
[    0.095553] SMPS3: supplied by vdd-ao
[    0.097274] SMPS457: supplied by vdd-sys-3v3
[    0.098909] SMPS6: supplied by regulator-dummy
[    0.100309] SMPS8: supplied by vdd-sys-3v3
[    0.101891] SMPS9: supplied by vdd-sys-3v3
[    0.102411] sdhci-vdd-sd-slot: Bringing 2840000uV into 2800000-2800000uV
[    0.103850] SMPS10_OUT2: supplied by regulator-dummy
[    0.104679] SMPS10_OUT1: supplied by regulator-dummy
[    0.105512] LDO1: supplied by vdd-sys-3v3
[    0.106621] LDO2: supplied by vdd-sys-3v3
[    0.107736] LDO3: supplied by vddio-1v8
[    0.108836] LDO4: supplied by vdd-sys-3v3
[    0.109939] LDO5: supplied by vdd_ac_bat
[    0.110617] LDO6: supplied by vdd-sys-3v3
[    0.111142] vdd-sensor-2v85: Bringing 2900000uV into 2850000-2850000uV
[    0.112464] LDO7: supplied by vdd-sys-3v3
[    0.114096] LDO8: supplied by vdd-ao
[    0.114629] vdd-rtc: Bringing 675000uV into 900000-900000uV
[    0.124086] LDO9: supplied by sdhci-vdd-sd-slot
[    0.134408] LDOLN: supplied by vdd-sys-5v0
[    0.135522] LDOUSB: supplied by vdd-sys-5v0
[    0.145846] iommu: Adding device 7000d000.i2c:tps65913@58:rtc to group 50
[    0.146268] iommu: Adding device 7000d000.i2c:tps65913@58:pinmux to group 51
[    0.146831] pps_core: LinuxPPS API ver. 1 registered
[    0.146842] pps_core: Software ver. 5.3.6 - Copyright 2005-2007 Rodolfo Giometti <giometti@linux.it>
[    0.146864] PTP clock support registered
[    0.147049] EDAC MC: Ver: 3.0.0
[    0.147332] dmi: Firmware registration failed.
[    0.149128] clocksource: Switched to clocksource arch_sys_counter
[    0.201200] NET: Registered protocol family 2
[    0.201705] TCP established hash table entries: 8192 (order: 3, 32768 bytes)
[    0.201807] TCP bind hash table entries: 8192 (order: 4, 65536 bytes)
[    0.201995] TCP: Hash tables configured (established 8192 bind 8192)
[    0.202081] UDP hash table entries: 512 (order: 2, 16384 bytes)
[    0.202126] UDP-Lite hash table entries: 512 (order: 2, 16384 bytes)
[    0.202283] NET: Registered protocol family 1
[    0.202666] RPC: Registered named UNIX socket transport module.
[    0.202678] RPC: Registered udp transport module.
[    0.202687] RPC: Registered tcp transport module.
[    0.202697] RPC: Registered tcp NFSv4.1 backchannel transport module.
[    0.202710] PCI: CLS 0 bytes, default 64
[    0.204154] iommu: Adding device alarmtimer to group 52
[    0.204874] Initialise system trusted keyrings
[    0.205028] workingset: timestamp_bits=30 max_order=19 bucket_order=0
[    0.210986] squashfs: version 4.0 (2009/01/31) Phillip Lougher
[    0.211590] NFS: Registering the id_resolver key type
[    0.211621] Key type id_resolver registered
[    0.211631] Key type id_legacy registered
[    0.211675] ntfs: driver 2.1.32 [Flags: R/O].
[    0.213134] Key type asymmetric registered
[    0.213146] Asymmetric key parser 'x509' registered
[    0.213201] bounce: pool size: 64 pages
[    0.213249] Block layer SCSI generic (bsg) driver version 0.4 loaded (major 247)
[    0.213262] io scheduler noop registered
[    0.213272] io scheduler deadline registered
[    0.213489] io scheduler cfq registered (default)
[    0.213500] io scheduler mq-deadline registered
[    0.213510] io scheduler kyber registered
[    0.245824] tegra-apbdma 6000a000.dma: Tegra20 APB DMA driver register 32 channels
[    0.248732] tegra-pmc 7000e400.pmc: i2c-thermtrip node not found, emergency thermal reset disabled.
[    0.300547] Serial: 8250/16550 driver, 4 ports, IRQ sharing disabled
[    0.300649] iommu: Adding device serial8250 to group 53
[    0.303232] console [ttyS0] disabled
[    0.303274] 70006300.serial: ttyS0 at MMIO 0x70006300 (irq = 329, base_baud = 25500000) is a Tegra
[    1.618561] console [ttyS0] enabled
[    1.622845] SuperH (H)SCI(F) driver initialized
[    1.628356] msm_serial: driver initialized
[    1.632649] STMicroelectronics ASC driver initialized
[    1.659666] tegra-hdmi 54280000.hdmi: failed to get HDMI regulator
[    1.681738] brd: module loaded
[    1.691514] loop: module loaded
[    1.712025] m25p80 spi0.0: w25q32dw (4096 Kbytes)
[    1.718897] iommu: Adding device Fixed MDIO bus.0 to group 54
[    1.725101] libphy: Fixed MDIO Bus: probed
[    1.730246] CAN device driver interface
[    1.734884] bgmac_bcma: Broadcom 47xx GBit MAC driver loaded
[    1.741769] e1000e: Intel(R) PRO/1000 Network Driver - 3.2.6-k
[    1.747592] e1000e: Copyright(c) 1999 - 2015 Intel Corporation.
[    1.753569] igb: Intel(R) Gigabit Ethernet Network Driver - version 5.4.0-k
[    1.760534] igb: Copyright (c) 2007-2014 Intel Corporation.
[    1.769634] pegasus: v0.9.3 (2013/04/25), Pegasus/Pegasus II USB Ethernet driver
[    1.777060] usbcore: registered new interface driver pegasus
[    1.782766] usbcore: registered new interface driver asix
[    1.788186] usbcore: registered new interface driver ax88179_178a
[    1.794318] usbcore: registered new interface driver cdc_ether
[    1.800197] usbcore: registered new interface driver smsc75xx
[    1.805978] usbcore: registered new interface driver smsc95xx
[    1.811764] usbcore: registered new interface driver net1080
[    1.817442] usbcore: registered new interface driver cdc_subset
[    1.823396] usbcore: registered new interface driver zaurus
[    1.829004] usbcore: registered new interface driver cdc_ncm
[    1.834900] tegra-phy 7d000000.usb-phy: no vbus regulator
[    1.842331] ehci_hcd: USB 2.0 'Enhanced' Host Controller (EHCI) Driver
[    1.848850] ehci-pci: EHCI PCI platform driver
[    1.853344] ehci-platform: EHCI generic platform driver
[    1.858745] ehci-orion: EHCI orion driver
[    1.862909] SPEAr-ehci: EHCI SPEAr driver
[    1.867046] ehci-st: EHCI STMicroelectronics driver
[    1.872067] ehci-exynos: EHCI EXYNOS driver
[    1.876386] ehci-atmel: EHCI Atmel driver
[    1.880530] tegra-ehci: Tegra EHCI driver
[    1.884827] ohci_hcd: USB 1.1 'Open' Host Controller (OHCI) Driver
[    1.891031] ohci-pci: OHCI PCI platform driver
[    1.895507] ohci-platform: OHCI generic platform driver
[    1.900908] SPEAr-ohci: OHCI SPEAr driver
[    1.905039] ohci-st: OHCI STMicroelectronics driver
[    1.910059] ohci-atmel: OHCI Atmel driver
[    1.914758] usbcore: registered new interface driver usb-storage
[    1.924862] iommu: Adding device ci_hdrc.0 to group 55
[    1.938645] palmas-rtc 7000d000.i2c:tps65913@58:rtc: rtc core: registered 7000d000.i2c:tps65913@58:rtc as rtc0
[    1.950460] tegra_rtc 7000e000.rtc: rtc core: registered 7000e000.rtc as rtc1
[    1.957626] tegra_rtc 7000e000.rtc: Tegra internal Real Time Clock
[    1.964331] i2c /dev entries driver
[    1.974272] sbs-battery 0-000b: sbs_probe: Failed to get device status
[    1.980828] sbs-battery: probe of 0-000b failed with error -121
[    1.997112] sdhci: Secure Digital Host Controller Interface driver
[    2.003319] sdhci: Copyright(c) Pierre Ossman
[    2.009234] Synopsys Designware Multimedia Card Interface Driver
[    2.016585] sdhci-pltfm: SDHCI platform and OF driver helper
[    2.022985] sdhci-tegra 78000400.sdhci: Got CD GPIO
[    2.027873] sdhci-tegra 78000400.sdhci: Got WP GPIO
[    2.041009] mmc0: Invalid maximum block size, assuming 512 bytes
[    2.109287] mmc0: SDHCI controller on 78000400.sdhci [78000400.sdhci] using ADMA
[    2.125992] mmc1: Invalid maximum block size, assuming 512 bytes
[    2.189171] mmc1: SDHCI controller on 78000600.sdhci [78000600.sdhci] using ADMA
[    2.198577] ledtrig-cpu: registered to indicate activity on CPUs
[    2.204962] usbcore: registered new interface driver usbhid
[    2.210550] usbhid: USB HID core driver
[    2.218254] NET: Registered protocol family 10
[    2.223614] Segment Routing with IPv6
[    2.227343] sit: IPv6, IPv4 and MPLS over IPv4 tunneling driver
[    2.233815] NET: Registered protocol family 17
[    2.238261] can: controller area network core (rev 20170425 abi 9)
[    2.244515] NET: Registered protocol family 29
[    2.248953] can: raw protocol (rev 20170425)
[    2.253242] can: broadcast manager protocol (rev 20170425 t)
[    2.258900] can: netlink gateway (rev 20170425) max_hops=1
[    2.264670] Key type dns_resolver registered
[    2.269471] ThumbEE CPU extension supported.
[    2.273742] Registering SWP/SWPB emulation handler
[    2.279042] Loading compiled-in X.509 certificates
[    2.295051] mmc0: new high speed SDHC card at address aaaa
[    2.297242] usb1_vbus: supplied by vdd-sys-5v0
[    2.305744] usb2_vbus: supplied by vdd-sys-5v0
[    2.309412] mmcblk0: mmc0:aaaa SL16G 14.8 GiB 
[    2.317810] VDD_5V0_HDMI_CON: supplied by vdd-sys-5v0
[    2.327613]  mmcblk0: p1 p2 p3
[    2.331923] [drm] Supports vblank timestamp caching Rev 2 (21.10.2013).
[    2.338545] [drm] No driver support for vblank timestamp query.
[    2.347871] mmc1: new high speed MMC card at address 0001
[    2.353817] mmcblk1: mmc1:0001 SEM32G 29.1 GiB 
[    2.358640] mmcblk1boot0: mmc1:0001 SEM32G partition 1 4.00 MiB
[    2.364929] mmcblk1boot1: mmc1:0001 SEM32G partition 2 4.00 MiB
[    2.371550] mmcblk1rpmb: mmc1:0001 SEM32G partition 3 4.00 MiB, chardev (237:0)
[    2.374467]  mmcblk1: p1 p2 p3 p4 p5 p6 p7 p8
[    2.440076] Console: switching to colour frame buffer device 240x75
[    2.491368] drm drm: fb0:  frame buffer device
[    2.495909] [drm] Initialized tegra 0.0.0 20120330 for drm on minor 0
[    2.505876] tegra-ehci 7d008000.usb: EHCI Host Controller
[    2.511341] tegra-ehci 7d008000.usb: new USB bus registered, assigned bus number 1
[    2.519724] tegra-ehci 7d008000.usb: irq 340, io mem 0x7d008000
[    2.549257] tegra-ehci 7d008000.usb: USB 2.0 started, EHCI 1.10
[    2.556335] hub 1-0:1.0: USB hub found
[    2.560208] hub 1-0:1.0: 1 port detected
[    2.565934] input: gpio-keys as /devices/soc0/gpio-keys/input/input0
[    2.574919] palmas-rtc 7000d000.i2c:tps65913@58:rtc: setting system clock to 2000-05-04 23:04:56 UTC (957481496)
[    2.591057] dvdd_ts: disabling
[    2.594116] usb1_vbus: disabling
[    2.597341] vdd_cam_1v8_reg: disabling
[    2.602840] EXT4-fs (mmcblk1p1): mounting ext3 file system using the ext4 subsystem
[    2.687852] EXT4-fs (mmcblk1p1): recovery complete
[    2.693988] EXT4-fs (mmcblk1p1): mounted filesystem with ordered data mode. Opts: (null)
[    2.702206] VFS: Mounted root (ext3 filesystem) on device 179:17.
[    2.712686] devtmpfs: mounted
[    2.717548] Freeing unused kernel memory: 2048K
bash: cannot set terminal process group (-1): Inappropriate ioctl for device
bash: no job control in this shell
root@(none):/# 