
U-Boot SPL 2014.01-00219-gc4d376f (Feb 18 2014 - 19:57:32)


U-Boot 2014.01-00219-gc4d376f (Feb 18 2014 - 19:57:32)

TEGRA114
Board: NVIDIA Dalmore
I2C:   ready
DRAM:  2 GiB
MMC:   Tegra SD/MMC: 0, Tegra SD/MMC: 1
In:    serial
Out:   serial
Err:   serial
Net:   Net Initialization Skipped
No ethernet found.
Hit any key to stop autoboot:  2  0 
Tegra114 (Dalmore) # 
Tegra114 (Dalmore) # usb reset
(Re)start USB...
USB0:   USB EHCI 1.10
scanning bus 0 for devices... 2 USB Device(s) found
       scanning usb for storage devices... 0 Storage Device(s) found
       scanning usb for ethernet devices... 
Warning: asx0 using MAC address from net device
1 Ethernet Device(s) found
Tegra114 (Dalmore) # setenv bootargs 'ignore_loglevel console=ttyS0,115200n8 rw root=PARTUUID=7369c667-ff51-ec4a-29cd-baabf2fbe346 rootwait gpt debug earlyprintk init=/bin/bash'
Tegra114 (Dalmore) # setenv ipaddr 192.168.100.100; setenv serverip 192.168.100.1; setenv tftpserverip 192.168.100.1
Tegra114 (Dalmore) # tftpboot 0x81000000 zImage.tegra_defconfig
Using asx0 device
TFTP from server 192.168.100.1; our IP address is 192.168.100.100
Filename 'zImage.tegra_defconfig'.
Load address: 0x81000000
Loading: *#################################################################
	 #################################################################
	 #################################################################
	 #################################################################
	 #################################################################
	 #################################################################
	 ###############################
	 3.2 MiB/s
done
Bytes transferred = 6167344 (5e1b30 hex)
Tegra114 (Dalmore) # tftpboot 0x82000000 tegra114-dalmore.dtb
Using asx0 device
TFTP from server 192.168.100.1; our IP address is 192.168.100.100
Filename 'tegra114-dalmore.dtb'.
Load address: 0x82000000
Loading: *###
	 3 MiB/s
done
Bytes transferred = 34502 (86c6 hex)
Tegra114 (Dalmore) # bootz 0x81000000 - 0x82000000
Kernel image @ 0x81000000 [ 0x000000 - 0x5e1b30 ]
## Flattened Device Tree blob at 82000000
   Booting using the fdt blob at 0x82000000
   Loading Device Tree to 8fff4000, end 8ffff6c5 ... OK

Starting kernel ...

[    0.000000] Booting Linux on physical CPU 0x0
[    0.000000] Linux version 4.15.0-rc3-14535-g50c4c4e (jonathanh@kaivo) (gcc version 4.7.3 20130328 (prerelease) (crosstool-NG linaro-1.13.1-4.7-2013.04-20130415 - Linaro GCC 2013.04)) #1 SMP PREEMPT Tue Dec 12 08:01:16 PST 2017
[    0.000000] CPU: ARMv7 Processor [412fc0f2] revision 2 (ARMv7), cr=10c5387d
[    0.000000] CPU: div instructions available: patching division code
[    0.000000] CPU: PIPT / VIPT nonaliasing data cache, PIPT instruction cache
[    0.000000] OF: fdt: Machine model: NVIDIA Tegra114 Dalmore evaluation board
[    0.000000] debug: ignoring loglevel setting.
[    0.000000] bootconsole [earlycon0] enabled
[    0.000000] Memory policy: Data cache writealloc
[    0.000000] cma: Reserved 64 MiB at 0xfbc00000
[    0.000000] On node 0 totalpages: 524032
[    0.000000]   Normal zone: 1536 pages used for memmap
[    0.000000]   Normal zone: 0 pages reserved
[    0.000000]   Normal zone: 196608 pages, LIFO batch:31
[    0.000000]   HighMem zone: 327424 pages, LIFO batch:31
[    0.000000] random: fast init done
[    0.000000] percpu: Embedded 17 pages/cpu @(ptrval) s39104 r8192 d22336 u69632
[    0.000000] pcpu-alloc: s39104 r8192 d22336 u69632 alloc=17*4096
[    0.000000] pcpu-alloc: [0] 0 [0] 1 [0] 2 [0] 3 
[    0.000000] Built 1 zonelists, mobility grouping on.  Total pages: 522496
[    0.000000] Kernel command line: ignore_loglevel console=ttyS0,115200n8 rw root=PARTUUID=7369c667-ff51-ec4a-29cd-baabf2fbe346 rootwait gpt debug earlyprintk init=/bin/bash
[    0.000000] Dentry cache hash table entries: 131072 (order: 7, 524288 bytes)
[    0.000000] Inode-cache hash table entries: 65536 (order: 6, 262144 bytes)
[    0.000000] Memory: 1998600K/2096128K available (9216K kernel code, 777K rwdata, 2560K rodata, 1024K init, 299K bss, 31992K reserved, 65536K cma-reserved, 1244160K highmem)
[    0.000000] Virtual kernel memory layout:
[    0.000000]     vector  : 0xffff0000 - 0xffff1000   (   4 kB)
[    0.000000]     fixmap  : 0xffc00000 - 0xfff00000   (3072 kB)
[    0.000000]     vmalloc : 0xf0800000 - 0xff800000   ( 240 MB)
[    0.000000]     lowmem  : 0xc0000000 - 0xf0000000   ( 768 MB)
[    0.000000]     pkmap   : 0xbfe00000 - 0xc0000000   (   2 MB)
[    0.000000]     modules : 0xbf000000 - 0xbfe00000   (  14 MB)
[    0.000000]       .text : 0x(ptrval) - 0x(ptrval)   (10208 kB)
[    0.000000]       .init : 0x(ptrval) - 0x(ptrval)   (1024 kB)
[    0.000000]       .data : 0x(ptrval) - 0x(ptrval)   ( 778 kB)
[    0.000000]        .bss : 0x(ptrval) - 0x(ptrval)   ( 300 kB)
[    0.000000] Preemptible hierarchical RCU implementation.
[    0.000000] 	Tasks RCU enabled.
[    0.000000] NR_IRQS: 16, nr_irqs: 16, preallocated irqs: 16
[    0.000000] /interrupt-controller@60004000: 160 interrupts forwarded to /interrupt-controller@50041000
[    0.000000] Tegra clk 127: register failed with -17
[    0.000008] sched_clock: 32 bits at 1000kHz, resolution 1000ns, wraps every 2147483647500ns
[    0.007672] clocksource: timer_us: mask: 0xffffffff max_cycles: 0xffffffff, max_idle_ns: 1911260446275 ns
[    0.017200] Switching to timer-based delay loop, resolution 1000ns
[    0.024040] arch_timer: cp15 timer(s) running at 12.00MHz (virt).
[    0.029425] clocksource: arch_sys_counter: mask: 0xffffffffffffff max_cycles: 0x2c47f4ee7, max_idle_ns: 440795202497 ns
[    0.040171] sched_clock: 56 bits at 12MHz, resolution 83ns, wraps every 4398046511096ns
[    0.048139] Switching to timer-based delay loop, resolution 83ns
[    0.054610] Console: colour dummy device 80x30
[    0.058555] Calibrating delay loop (skipped), value calculated using timer frequency.. 24.00 BogoMIPS (lpj=120000)
[    0.068864] pid_max: default: 32768 minimum: 301
[    0.073942] Mount-cache hash table entries: 2048 (order: 1, 8192 bytes)
[    0.080050] Mountpoint-cache hash table entries: 2048 (order: 1, 8192 bytes)
[    0.087915] CPU: Testing write buffer coherency: ok
[    0.092208] /cpus/cpu@0 missing clock-frequency property
[    0.097208] /cpus/cpu@1 missing clock-frequency property
[    0.102517] /cpus/cpu@2 missing clock-frequency property
[    0.107783] /cpus/cpu@3 missing clock-frequency property
[    0.113067] CPU0: thread -1, cpu 0, socket 0, mpidr 80000000
[    0.153179] Setting up static identity map for 0x80100000 - 0x801000a0
[    0.157935] Hierarchical SRCU implementation.
[    0.173611] Tegra Revision: A01 SKU: 0 CPU Process: 1 SoC Process: 0
[    0.193203] smp: Bringing up secondary CPUs ...
[    0.243857] CPU1: thread -1, cpu 1, socket 0, mpidr 80000001
[    0.313962] CPU2: thread -1, cpu 2, socket 0, mpidr 80000002
[    0.384046] CPU3: thread -1, cpu 3, socket 0, mpidr 80000003
[    0.384160] smp: Brought up 1 node, 4 CPUs
[    0.403250] SMP: Total of 4 processors activated (96.00 BogoMIPS).
[    0.409439] CPU: All CPU(s) started in SVC mode.
[    0.415859] devtmpfs: initialized
[    0.428091] VFP support v0.3: implementor 41 architecture 4 part 30 variant f rev 0
[    0.434229] clocksource: jiffies: mask: 0xffffffff max_cycles: 0xffffffff, max_idle_ns: 19112604462750000 ns
[    0.443648] futex hash table entries: 1024 (order: 4, 65536 bytes)
[    0.451156] pinctrl core: initialized pinctrl subsystem
[    0.456248] NET: Registered protocol family 16
[    0.460937] DMA: preallocated 256 KiB pool for atomic coherent allocations
[    0.467566] cpuidle: using governor menu
[    0.489994] No ATAGs?
[    0.490137] hw-breakpoint: found 5 (+1 reserved) breakpoint and 4 watchpoint registers.
[    0.498477] hw-breakpoint: maximum watchpoint size is 8 bytes.
[    0.505267] tegra-mc 70019000.memory-controller: no memory timings for RAM code 3 registered
[    0.512860] iommu: Adding device reg-dummy to group 0
[    0.517773] iommu: Adding device 50000000.host1x to group 1
[    0.523293] iommu: Adding device 54140000.gr2d to group 2
[    0.528685] iommu: Adding device 54180000.gr3d to group 3
[    0.534077] iommu: Adding device 54200000.dc to group 4
[    0.539300] iommu: Adding device 54240000.dc to group 5
[    0.544443] iommu: Adding device 54280000.hdmi to group 6
[    0.549831] iommu: Adding device 54300000.dsi to group 7
[    0.555099] iommu: Adding device 60005000.timer to group 8
[    0.560575] iommu: Adding device 60007000.flow-controller to group 9
[    0.566885] iommu: Adding device 6000a000.dma to group 10
[    0.572279] iommu: Adding device 6000c000.ahb to group 11
[    0.577635] iommu: Adding device 6000d000.gpio to group 12
[    0.583118] iommu: Adding device 70000800.apbmisc to group 13
[    0.588810] iommu: Adding device 70000868.pinmux to group 14
[    0.594464] iommu: Adding device 70006300.serial to group 15
[    0.600083] iommu: Adding device 7000a000.pwm to group 16
[    0.605470] iommu: Adding device 7000c000.i2c to group 17
[    0.610824] iommu: Adding device 7000c700.i2c to group 18
[    0.616216] iommu: Adding device 7000d000.i2c to group 19
[    0.621571] iommu: Adding device 7000da00.spi to group 20
[    0.626970] iommu: Adding device 7000e000.rtc to group 21
[    0.632318] iommu: Adding device 7000e400.pmc to group 22
[    0.637707] iommu: Adding device 7000f800.fuse to group 23
[    0.643154] iommu: Adding device 70019000.memory-controller to group 24
[    0.649763] iommu: Adding device 70080000.ahub to group 25
[    0.655199] iommu: Adding device 700e3000.mipi to group 26
[    0.660690] iommu: Adding device 78000400.sdhci to group 27
[    0.666208] iommu: Adding device 78000600.sdhci to group 28
[    0.671771] iommu: Adding device 7d000000.usb to group 29
[    0.677127] iommu: Adding device 7d000000.usb-phy to group 30
[    0.682865] iommu: Adding device 7d008000.usb to group 31
[    0.688219] iommu: Adding device 7d008000.usb-phy to group 32
[    0.693955] iommu: Adding device timer to group 33
[    0.698706] iommu: Adding device backlight to group 34
[    0.703823] iommu: Adding device clocks to group 35
[    0.708698] iommu: Adding device gpio-keys to group 36
[    0.713790] iommu: Adding device regulators to group 37
[    0.719009] iommu: Adding device regulators:regulator@0 to group 38
[    0.725224] iommu: Adding device regulators:regulator@1 to group 39
[    0.731484] iommu: Adding device regulators:regulator@3 to group 40
[    0.737706] iommu: Adding device regulators:regulator@4 to group 41
[    0.743969] iommu: Adding device regulators:regulator@5 to group 42
[    0.750186] iommu: Adding device regulators:regulator@6 to group 43
[    0.756443] iommu: Adding device regulators:regulator@7 to group 44
[    0.762666] iommu: Adding device sound to group 45
[    0.784333] dvdd_ts: Failed to request enable GPIO61: -517
[    0.787941] reg-fixed-voltage regulators:regulator@1: Failed to register regulator: -517
[    0.796081] usb1_vbus: Failed to request enable GPIO108: -517
[    0.801744] reg-fixed-voltage regulators:regulator@3: Failed to register regulator: -517
[    0.809858] usb2_vbus: Failed to request enable GPIO86: -517
[    0.815411] reg-fixed-voltage regulators:regulator@4: Failed to register regulator: -517
[    0.823968] VDD_5V0_HDMI_CON: Failed to request enable GPIO81: -517
[    0.829718] reg-fixed-voltage regulators:regulator@7: Failed to register regulator: -517
[    0.838920] vgaarb: loaded
[    0.841218] SCSI subsystem initialized
[    0.844417] libata version 3.00 loaded.
[    0.848310] usbcore: registered new interface driver usbfs
[    0.853523] usbcore: registered new interface driver hub
[    0.858815] usbcore: registered new device driver usb
[    0.866908] tps65090 2-0048: No cache defaults, reading back from HW
[    0.872461] iommu: Adding device tps65090-pmic to group 46
[    0.877759] TPS65090_RAILSDCDC1: supplied by vdd_ac_bat
[    0.883148] TPS65090_RAILSDCDC2: supplied by vdd_ac_bat
[    0.888349] TPS65090_RAILSDCDC3: supplied by vdd_ac_bat
[    0.893000] TPS65090_RAILSFET1: supplied by vdd_ac_bat
[    0.897972] TPS65090_RAILSFET2: supplied by vdd_ac_bat
[    0.903045] TPS65090_RAILSFET3: supplied by vdd-sys-3v3
[    0.908459] TPS65090_RAILSFET4: supplied by vdd-sys-3v3
[    0.913608] TPS65090_RAILSFET5: supplied by vdd-sys-3v3
[    0.918844] TPS65090_RAILSFET6: supplied by vdd-sys-3v3
[    0.924333] TPS65090_RAILSFET7: supplied by vdd-sys-3v3
[    0.929253] TPS65090_RAILSLDO1: supplied by vdd_ac_bat
[    0.934004] TPS65090_RAILSLDO2: supplied by vdd_ac_bat
[    0.939316] iommu: Adding device tps65090-charger to group 47
[    0.945005] palmas 2-0058: Irq flag is 0x00000004
[    0.951476] palmas 2-0058: Muxing GPIO ff, PWM 0, LED 0
[    0.955036] iommu: Adding device 7000d000.i2c:tps65913@58:gpio to group 48
[    0.962241] iommu: Adding device 7000d000.i2c:tps65913@58:pmic to group 49
[    0.970152] SMPS12: supplied by vdd-ao
[    0.973297] vdd_hdmi_5v0: supplied by vdd-sys-5v0
[    0.977730] SMPS3: supplied by vdd-ao
[    0.982357] SMPS457: supplied by vdd-sys-3v3
[    0.986495] SMPS6: supplied by regulator-dummy
[    0.990659] SMPS8: supplied by vdd-sys-3v3
[    0.994942] SMPS9: supplied by vdd-sys-3v3
[    0.997877] sdhci-vdd-sd-slot: Bringing 2840000uV into 2800000-2800000uV
[    1.005479] SMPS10_OUT2: supplied by regulator-dummy
[    1.009851] SMPS10_OUT1: supplied by regulator-dummy
[    1.014825] LDO1: supplied by vdd-sys-3v3
[    1.019067] LDO2: supplied by vdd-sys-3v3
[    1.023056] LDO3: supplied by vddio-1v8
[    1.026877] LDO4: supplied by vdd-sys-3v3
[    1.030847] LDO5: supplied by vdd_ac_bat
[    1.034320] LDO6: supplied by vdd-sys-3v3
[    1.038112] vdd-sensor-2v85: Bringing 2900000uV into 2850000-2850000uV
[    1.045438] LDO7: supplied by vdd-sys-3v3
[    1.049770] LDO8: supplied by vdd-ao
[    1.052124] vdd-rtc: Bringing 675000uV into 900000-900000uV
[    1.058750] LDO9: supplied by sdhci-vdd-sd-slot
[    1.069076] LDOLN: supplied by vdd-sys-5v0
[    1.072441] LDOUSB: supplied by vdd-sys-5v0
[    1.080823] iommu: Adding device 7000d000.i2c:tps65913@58:rtc to group 50
[    1.085887] iommu: Adding device 7000d000.i2c:tps65913@58:pinmux to group 51
[    1.093139] Linux video capture interface: v2.00
[    1.097387] pps_core: LinuxPPS API ver. 1 registered
[    1.102248] pps_core: Software ver. 5.3.6 - Copyright 2005-2007 Rodolfo Giometti <giometti@linux.it>
[    1.111411] PTP clock support registered
[    1.115854] Advanced Linux Sound Architecture Driver Initialized.
[    1.121994] Bluetooth: Core ver 2.22
[    1.124922] NET: Registered protocol family 31
[    1.129288] Bluetooth: HCI device and connection manager initialized
[    1.135640] Bluetooth: HCI socket layer initialized
[    1.140472] Bluetooth: L2CAP socket layer initialized
[    1.145530] Bluetooth: SCO socket layer initialized
[    1.151045] clocksource: Switched to clocksource arch_sys_counter
[    1.251376] NET: Registered protocol family 2
[    1.254866] TCP established hash table entries: 8192 (order: 3, 32768 bytes)
[    1.260936] TCP bind hash table entries: 8192 (order: 4, 65536 bytes)
[    1.267461] TCP: Hash tables configured (established 8192 bind 8192)
[    1.274135] UDP hash table entries: 512 (order: 2, 16384 bytes)
[    1.279514] UDP-Lite hash table entries: 512 (order: 2, 16384 bytes)
[    1.286162] NET: Registered protocol family 1
[    1.290870] RPC: Registered named UNIX socket transport module.
[    1.296057] RPC: Registered udp transport module.
[    1.300711] RPC: Registered tcp transport module.
[    1.305406] RPC: Registered tcp NFSv4.1 backchannel transport module.
[    1.312278] iommu: Adding device regulatory.0 to group 52
[    1.317393] PCI: CLS 0 bytes, default 64
[    1.322745] iommu: Adding device alarmtimer to group 53
[    1.327277] Initialise system trusted keyrings
[    1.330883] workingset: timestamp_bits=30 max_order=19 bucket_order=0
[    1.338542] squashfs: version 4.0 (2009/01/31) Phillip Lougher
[    1.343747] NFS: Registering the id_resolver key type
[    1.347960] Key type id_resolver registered
[    1.352133] Key type id_legacy registered
[    1.360864] Key type asymmetric registered
[    1.363083] Asymmetric key parser 'x509' registered
[    1.368041] bounce: pool size: 64 pages
[    1.371804] io scheduler noop registered (default)
[    1.376485] io scheduler mq-deadline registered
[    1.380992] io scheduler kyber registered
[    1.402309] tegra-apbdma 6000a000.dma: Tegra20 APB DMA driver register 32 channels
[    1.409126] tegra-pmc 7000e400.pmc: i2c-thermtrip node not found, emergency thermal reset disabled.
[    1.417582] Serial: 8250/16550 driver, 4 ports, IRQ sharing disabled
[    1.423445] iommu: Adding device serial8250 to group 54
[    1.430383] console [ttyS0] disabled
[    1.432124] 70006300.serial: ttyS0 at MMIO 0x70006300 (irq = 329, base_baud = 25500000) is a Tegra
[    1.441023] console [ttyS0] enabled
[    1.441023] console [ttyS0] enabled
[    1.447246] bootconsole [earlycon0] disabled
[    1.447246] bootconsole [earlycon0] disabled
[    1.475043] tegra-hdmi 54280000.hdmi: failed to get HDMI regulator
[    1.500340] loop: module loaded
[    1.515466] m25p80 spi0.0: w25q32dw (4096 Kbytes)
[    1.522208] iommu: Adding device Fixed MDIO bus.0 to group 55
[    1.528153] libphy: Fixed MDIO Bus: probed
[    1.532273] CAN device driver interface
[    1.536159] igb: Intel(R) Gigabit Ethernet Network Driver - version 5.4.0-k
[    1.543140] igb: Copyright (c) 2007-2014 Intel Corporation.
[    1.548844] pegasus: v0.9.3 (2013/04/25), Pegasus/Pegasus II USB Ethernet driver
[    1.556336] usbcore: registered new interface driver pegasus
[    1.562094] usbcore: registered new interface driver asix
[    1.567538] usbcore: registered new interface driver ax88179_178a
[    1.573705] usbcore: registered new interface driver cdc_ether
[    1.579595] usbcore: registered new interface driver smsc75xx
[    1.585430] usbcore: registered new interface driver smsc95xx
[    1.591246] usbcore: registered new interface driver net1080
[    1.596948] usbcore: registered new interface driver cdc_subset
[    1.602935] usbcore: registered new interface driver zaurus
[    1.608569] usbcore: registered new interface driver cdc_ncm
[    1.614476] tegra-phy 7d000000.usb-phy: no vbus regulator
[    1.620333] ehci_hcd: USB 2.0 'Enhanced' Host Controller (EHCI) Driver
[    1.626873] ehci-pci: EHCI PCI platform driver
[    1.631392] tegra-ehci: Tegra EHCI driver
[    1.636067] usbcore: registered new interface driver cdc_acm
[    1.641746] cdc_acm: USB Abstract Control Model driver for USB modems and ISDN adapters
[    1.649794] usbcore: registered new interface driver cdc_wdm
[    1.655545] usbcore: registered new interface driver usb-storage
[    1.665485] iommu: Adding device ci_hdrc.0 to group 56
[    1.678867] palmas-rtc 7000d000.i2c:tps65913@58:rtc: rtc core: registered 7000d000.i2c:tps65913@58:rtc as rtc0
[    1.690386] tegra_rtc 7000e000.rtc: rtc core: registered 7000e000.rtc as rtc1
[    1.697592] tegra_rtc 7000e000.rtc: Tegra internal Real Time Clock
[    1.704106] i2c /dev entries driver
[    1.708523] usbcore: registered new interface driver uvcvideo
[    1.714286] USB Video Class driver (1.1.1)
[    1.718377] gspca_main: v2.14.0 registered
[    1.723416] sbs-battery 0-000b: sbs_probe: Failed to get device status
[    1.729951] sbs-battery: probe of 0-000b failed with error -121
[    1.741177] tegra-wdt 60005000.timer: initialized (heartbeat = 120 sec, nowayout = 0)
[    1.749681] sdhci: Secure Digital Host Controller Interface driver
[    1.755954] sdhci: Copyright(c) Pierre Ossman
[    1.760304] sdhci-pltfm: SDHCI platform and OF driver helper
[    1.766282] sdhci-tegra 78000400.sdhci: Got CD GPIO
[    1.771195] sdhci-tegra 78000400.sdhci: Got WP GPIO
[    1.784312] mmc0: Invalid maximum block size, assuming 512 bytes
[    1.851281] mmc0: SDHCI controller on 78000400.sdhci [78000400.sdhci] using ADMA
[    1.868481] mmc1: Invalid maximum block size, assuming 512 bytes
[    1.931128] mmc1: SDHCI controller on 78000600.sdhci [78000600.sdhci] using ADMA
[    1.942601] usbcore: registered new interface driver usbhid
[    1.948272] usbhid: USB HID core driver
[    1.954436] iommu: Adding device snd-soc-dummy to group 57
[    1.975325] mmc0: new high speed SDHC card at address aaaa
[    1.981411] mmcblk0: mmc0:aaaa SL16G 14.8 GiB 
[    2.002810]  mmcblk0: p1 p2 p3
[    2.019862] mmc1: new high speed MMC card at address 0001
[    2.025869] mmcblk1: mmc1:0001 SEM32G 29.1 GiB 
[    2.030820] mmcblk1boot0: mmc1:0001 SEM32G partition 1 4.00 MiB
[    2.037181] mmcblk1boot1: mmc1:0001 SEM32G partition 2 4.00 MiB
[    2.043312] mmcblk1rpmb: mmc1:0001 SEM32G partition 3 4.00 MiB, chardev (247:0)
[    2.053444]  mmcblk1: p1 p2 p3 p4 p5 p6 p7 p8
[    2.393832] iommu: Adding device 70080400.i2s to group 58
[    2.400184] tegra30-i2s 70080400.i2s: DMA channels sourced from device 70080000.ahub
[    2.416783] tegra-snd-rt5640 sound: rt5640-aif1 <-> 70080400.i2s mapping ok
[    2.428351] input: NVIDIA Tegra Dalmore Headphones as /devices/soc0/sound/sound/card0/input0
[    2.439164] NET: Registered protocol family 10
[    2.445014] Segment Routing with IPv6
[    2.448845] mip6: Mobile IPv6
[    2.451835] sit: IPv6, IPv4 and MPLS over IPv4 tunneling driver
[    2.459277] NET: Registered protocol family 17
[    2.463755] NET: Registered protocol family 15
[    2.468193] can: controller area network core (rev 20170425 abi 9)
[    2.474581] NET: Registered protocol family 29
[    2.479021] can: raw protocol (rev 20170425)
[    2.483302] can: broadcast manager protocol (rev 20170425 t)
[    2.488961] can: netlink gateway (rev 20170425) max_hops=1
[    2.494654] Bluetooth: RFCOMM socket layer initialized
[    2.499805] Bluetooth: RFCOMM ver 1.11
[    2.503585] Bluetooth: BNEP (Ethernet Emulation) ver 1.3
[    2.508895] Bluetooth: BNEP socket layer initialized
[    2.513871] Bluetooth: HIDP (Human Interface Emulation) ver 1.2
[    2.519788] Bluetooth: HIDP socket layer initialized
[    2.524980] Key type dns_resolver registered
[    2.529732] Registering SWP/SWPB emulation handler
[    2.535352] Loading compiled-in X.509 certificates
[    2.557368] usb1_vbus: supplied by vdd-sys-5v0
[    2.562702] usb2_vbus: supplied by vdd-sys-5v0
[    2.568516] VDD_5V0_HDMI_CON: supplied by vdd-sys-5v0
[    2.578314] [drm] Supports vblank timestamp caching Rev 2 (21.10.2013).
[    2.584991] [drm] No driver support for vblank timestamp query.
[    2.685399] Console: switching to colour frame buffer device 240x75
[    2.723950] drm drm: fb0:  frame buffer device
[    2.728488] [drm] Initialized tegra 0.0.0 20120330 for drm on minor 0
[    2.736100] tegra-ehci 7d008000.usb: EHCI Host Controller
[    2.741545] tegra-ehci 7d008000.usb: new USB bus registered, assigned bus number 1
[    2.749506] tegra-ehci 7d008000.usb: irq 340, io mem 0x7d008000
[    2.781130] tegra-ehci 7d008000.usb: USB 2.0 started, EHCI 1.10
[    2.788341] hub 1-0:1.0: USB hub found
[    2.792231] hub 1-0:1.0: 1 port detected
[    2.797640] input: gpio-keys as /devices/soc0/gpio-keys/input/input1
[    2.806678] palmas-rtc 7000d000.i2c:tps65913@58:rtc: setting system clock to 2000-05-04 23:02:18 UTC (957481338)
[    2.817186] cfg80211: Loading compiled-in X.509 certificates for regulatory database
[    2.828384] cfg80211: Loaded X.509 cert 'sforshee: 00b28ddf47aef9cea7'
[    2.835299] platform regulatory.0: Direct firmware load for regulatory.db failed with error -2
[    2.843974] cfg80211: failed to load regulatory.db
[    2.850644] dvdd_ts: disabling
[    2.853818] usb1_vbus: disabling
[    2.857047] vdd_cam_1v8_reg: disabling
[    2.860793] ALSA device list:
[    2.863867]   #0: NVIDIA Tegra Dalmore
[    2.868920] EXT4-fs (mmcblk1p1): mounting ext3 file system using the ext4 subsystem
[    2.954022] EXT4-fs (mmcblk1p1): recovery complete
[    2.960242] EXT4-fs (mmcblk1p1): mounted filesystem with ordered data mode. Opts: (null)
[    2.968460] VFS: Mounted root (ext3 filesystem) on device 179:17.
[    2.980146] devtmpfs: mounted
[    2.984193] Freeing unused kernel memory: 1024K
bash: cannot set terminal process group (-1): Inappropriate ioctl for device
bash: no job control in this shell
root@(none):/# [    3.161233] usb 1-1: new high-speed USB device number 2 using tegra-ehci
