Diff for ./qemu-vexpress64/__internal/defconfig_log.txt
--- /tmp/fooa	2015-09-12 17:09:19.500011085 -0700
+++ /tmp/foob	2015-09-12 17:09:19.504011082 -0700
@@ -1,6 +1,6 @@
 Booting Linux on physical CPU 0x0
 Initializing cgroup subsys cpu
-Linux version 4.2.0+ (pwalmsley@tamien) (gcc version 4.9.2 20140904 (prerelease) (crosstool-NG linaro-1.13.1-4.9-2014.09 - Linaro GCC 4.9-2014.09) ) #1 SMP PREEMPT Sun Aug 30 12:04:41 PDT 2015
+Linux version 4.3.0-rc1+ (pwalmsley@tamien) (gcc version 4.9.2 20140904 (prerelease) (crosstool-NG linaro-1.13.1-4.9-2014.09 - Linaro GCC 4.9-2014.09) ) #1 SMP PREEMPT Sat Sep 12 17:04:38 PDT 2015
 CPU: AArch64 Processor [411fd070] revision 0
 Detected PIPT I-cache on CPU0
 alternatives: enabling workaround for ARM erratum 832075
@@ -8,18 +8,19 @@
 efi: Getting EFI parameters from FDT:
 efi: UEFI not found.
 cma: Reserved 16 MiB at 0x000000007f000000
+Moving initrd from [4040000000-403fffffff] to [7eff8000-7eff7fff]
 psci: probing for conduit method from DT.
 psci: PSCIv0.2 detected in firmware.
 psci: Using standard PSCI v0.2 function IDs
 psci: Trusted OS migration not required
-PERCPU: Embedded 15 pages/cpu @ffffffc03efe0000 s23744 r8192 d29504 u61440
+PERCPU: Embedded 15 pages/cpu @ffffffc03efe0000 s24064 r8192 d29184 u61440
 Built 1 zonelists in Zone order, mobility grouping on.  Total pages: 258048
 Kernel command line: root=/dev/vda2 rw rootwait mem=1024M console=ttyAMA0,38400n8 init=/bin/bash
 PID hash table entries: 4096 (order: 3, 32768 bytes)
 Dentry cache hash table entries: 131072 (order: 8, 1048576 bytes)
 Inode-cache hash table entries: 65536 (order: 7, 524288 bytes)
 software IO TLB [mem 0x79c00000-0x7dc00000] (64MB) mapped at [ffffffc039c00000-ffffffc03dbfffff]
-Memory: 939236K/1048576K available (5481K kernel code, 446K rwdata, 2216K rodata, 452K init, 203K bss, 92956K reserved, 16384K cma-reserved)
+Memory: 939208K/1048576K available (5365K kernel code, 468K rwdata, 2248K rodata, 504K init, 202K bss, 92984K reserved, 16384K cma-reserved)
 Virtual kernel memory layout:
     vmalloc : 0xffffff8000000000 - 0xffffffbdbfff0000   (   246 GB)
     vmemmap : 0xffffffbdc0000000 - 0xffffffbfc0000000   (     8 GB maximum)
@@ -28,12 +29,11 @@
     PCI I/O : 0xffffffbffae00000 - 0xffffffbffbe00000   (    16 MB)
     modules : 0xffffffbffc000000 - 0xffffffc000000000   (    64 MB)
     memory  : 0xffffffc000000000 - 0xffffffc040000000   (  1024 MB)
-      .init : 0xffffffc000807000 - 0xffffffc000878000   (   452 KB)
-      .text : 0xffffffc000080000 - 0xffffffc0008065f4   (  7706 KB)
-      .data : 0xffffffc00087e000 - 0xffffffc0008ed800   (   446 KB)
+      .init : 0xffffffc0007f2000 - 0xffffffc000870000   (   504 KB)
+      .text : 0xffffffc000080000 - 0xffffffc0007f1524   (  7622 KB)
+      .data : 0xffffffc000880000 - 0xffffffc0008f5000   (   468 KB)
 SLUB: HWalign=64, Order=0-3, MinObjects=0, CPUs=1, Nodes=1
 Preemptible hierarchical RCU implementation.
-	Additional per-CPU info printed with stalls.
 	Build-time adjustment of leaf fanout to 64.
 	RCU restricting CPUs from NR_CPUS=64 to nr_cpu_ids=1.
 RCU: Adjusting geometry for rcu_fanout_leaf=64, nr_cpu_ids=1
@@ -86,10 +86,11 @@
 RPC: Registered udp transport module.
 RPC: Registered tcp transport module.
 RPC: Registered tcp NFSv4.1 backchannel transport module.
+Unpacking initramfs...
 kvm [1]: HYP mode not available
 futex hash table entries: 256 (order: 2, 16384 bytes)
 audit: initializing netlink subsys (disabled)
-audit: type=2000 audit(0.470:1): initialized
+audit: type=2000 audit(0.640:1): initialized
 HugeTLB registered 2 MB page size, pre-allocated 0 pages
 VFS: Disk quotas dquot_6.6.0
 VFS: Dquot-cache hash table entries: 512 (order 0, 4096 bytes)
@@ -127,14 +128,14 @@
 Key type dns_resolver registered
 registered taskstats version 1
 hctosys: unable to open rtc device (rtc0)
-EXT3-fs (vda2): error: couldn't mount because of unsupported optional features (240)
 EXT2-fs (vda2): error: couldn't mount because of unsupported optional features (244)
+EXT4-fs (vda2): couldn't mount as ext3 due to feature incompatibilities
 EXT4-fs (vda2): recovery complete
 EXT4-fs (vda2): mounted filesystem with ordered data mode. Opts: (null)
 VFS: Mounted root (ext4 filesystem) on device 254:2.
 devtmpfs: mounted
-Freeing unused kernel memory: 452K (ffffffc000807000 - ffffffc000878000)
-Freeing alternatives memory: 12K (ffffffc000878000 - ffffffc00087b000)
+Freeing unused kernel memory: 504K (ffffffc0007f2000 - ffffffc000870000)
+Freeing alternatives memory: 44K (ffffffc000870000 - ffffffc00087b000)
 bash: cannot set terminal process group (-1): Inappropriate ioctl for device
 bash: no job control in this shell
 bash-4.3# 
\ No newline at end of file
Diff for ./tegra114-dalmore-a04/tegra114-dalmore/multi_v7_defconfig_log.txt
--- /tmp/fooa	2015-09-12 17:09:19.516011072 -0700
+++ /tmp/foob	2015-09-12 17:09:19.516011072 -0700
@@ -37,29 +37,29 @@
 	 #################################################################
 	 #################################################################
 	 #################################################################
-	 ##############################
-	 3.2 MiB/s
+	 ################################################
+	 3.3 MiB/s
 done
-Bytes transferred = 6156048 (5def10 hex)
+Bytes transferred = 6422544 (620010 hex)
 Tegra114 (Dalmore) # tftpboot 0x82000000 tegra114-dalmore.dtb
 Using asx0 device
 TFTP from server 192.168.100.1; our IP address is 192.168.100.100
 Filename 'tegra114-dalmore.dtb'.
 Load address: 0x82000000
 Loading: *###
-	 2.8 MiB/s
+	 3 MiB/s
 done
-Bytes transferred = 34894 (884e hex)
+Bytes transferred = 34966 (8896 hex)
 Tegra114 (Dalmore) # bootz 0x81000000 - 0x82000000
-Kernel image @ 0x81000000 [ 0x000000 - 0x5def10 ]
+Kernel image @ 0x81000000 [ 0x000000 - 0x620010 ]
 ## Flattened Device Tree blob at 82000000
    Booting using the fdt blob at 0x82000000
-   Loading Device Tree to 8fff4000, end 8ffff84d ... OK
+   Loading Device Tree to 8fff4000, end 8ffff895 ... OK
 
 Starting kernel ...
 
 Booting Linux on physical CPU 0x0
-Linux version 4.2.0-28491-g64291f7 (pwalmsley@sellafield) (gcc version 4.7.3 20130328 (prerelease) (crosstool-NG linaro-1.13.1-4.7-2013.04-20130415 - Linaro GCC 2013.04) ) #1 SMP Sun Aug 30 12:03:08 PDT 2015
+Linux version 4.3.0-rc1-39922-g6ff33f3 (pwalmsley@sellafield) (gcc version 4.7.3 20130328 (prerelease) (crosstool-NG linaro-1.13.1-4.7-2013.04-20130415 - Linaro GCC 2013.04) ) #1 SMP Sat Sep 12 17:03:24 PDT 2015
 CPU: ARMv7 Processor [412fc0f2] revision 2 (ARMv7), cr=10c5387d
 CPU: PIPT / VIPT nonaliasing data cache, PIPT instruction cache
 Machine model: NVIDIA Tegra114 Dalmore evaluation board
@@ -67,20 +67,20 @@
 cma: Reserved 64 MiB at 0xfb800000
 Memory policy: Data cache writealloc
 On node 0 totalpages: 524032
-free_area_init_node: node 0, pgdat c0efdb00, node_mem_map ee7f8000
+free_area_init_node: node 0, pgdat c0f773c0, node_mem_map ee7f8000
   DMA zone: 1520 pages used for memmap
   DMA zone: 0 pages reserved
   DMA zone: 194560 pages, LIFO batch:31
   HighMem zone: 329472 pages, LIFO batch:31
-PERCPU: Embedded 11 pages/cpu @ee7a7000 s14784 r8192 d22080 u45056
-pcpu-alloc: s14784 r8192 d22080 u45056 alloc=11*4096
+PERCPU: Embedded 12 pages/cpu @ee7a3000 s19136 r8192 d21824 u49152
+pcpu-alloc: s19136 r8192 d21824 u49152 alloc=12*4096
 pcpu-alloc: [0] 0 [0] 1 [0] 2 [0] 3 
 Built 1 zonelists in Zone order, mobility grouping on.  Total pages: 522512
 Kernel command line: ignore_loglevel console=ttyS0,115200n8 rw root=/dev/mmcblk0p1 rootwait gpt debug init=/bin/bash
 PID hash table entries: 4096 (order: 2, 16384 bytes)
 Dentry cache hash table entries: 131072 (order: 7, 524288 bytes)
 Inode-cache hash table entries: 65536 (order: 6, 262144 bytes)
-Memory: 1999412K/2096128K available (7782K kernel code, 1038K rwdata, 3508K rodata, 944K init, 327K bss, 31180K reserved, 65536K cma-reserved, 1252352K highmem)
+Memory: 1998892K/2096128K available (8095K kernel code, 1012K rwdata, 3624K rodata, 1028K init, 340K bss, 31700K reserved, 65536K cma-reserved, 1252352K highmem)
 Virtual kernel memory layout:
     vector  : 0xffff0000 - 0xffff1000   (   4 kB)
     fixmap  : 0xffc00000 - 0xfff00000   (3072 kB)
@@ -88,13 +88,12 @@
     lowmem  : 0xc0000000 - 0xef800000   ( 760 MB)
     pkmap   : 0xbfe00000 - 0xc0000000   (   2 MB)
     modules : 0xbf000000 - 0xbfe00000   (  14 MB)
-      .text : 0xc0208000 - 0xc0d0fa90   (11295 kB)
-      .init : 0xc0d10000 - 0xc0dfc000   ( 944 kB)
-      .data : 0xc0dfc000 - 0xc0effb00   (1039 kB)
-       .bss : 0xc0f02000 - 0xc0f53c28   ( 328 kB)
+      .text : 0xc0208000 - 0xc0d7ae78   (11724 kB)
+      .init : 0xc0d7b000 - 0xc0e7c000   (1028 kB)
+      .data : 0xc0e7c000 - 0xc0f793a0   (1013 kB)
+       .bss : 0xc0f7c000 - 0xc0fd12e8   ( 341 kB)
 SLUB: HWalign=64, Order=0-3, MinObjects=0, CPUs=4, Nodes=1
 Hierarchical RCU implementation.
-	Additional per-CPU info printed with stalls.
 	Build-time adjustment of leaf fanout to 32.
 	RCU restricting CPUs from NR_CPUS=16 to nr_cpu_ids=4.
 RCU: Adjusting geometry for rcu_fanout_leaf=32, nr_cpu_ids=4
@@ -120,7 +119,7 @@
 /cpus/cpu@3 missing clock-frequency property
 CPU0: thread -1, cpu 0, socket 0, mpidr 80000000
 Setting up static identity map for 0x80209000 - 0x80209098
-Tegra Revision: A01 SKU: 0 CPU Process: 1 Core Process: 0
+Tegra Revision: A01 SKU: 0 CPU Process: 1 SoC Process: 0
 CPU1: thread -1, cpu 1, socket 0, mpidr 80000001
 CPU2: thread -1, cpu 2, socket 0, mpidr 80000002
 CPU3: thread -1, cpu 3, socket 0, mpidr 80000003
@@ -135,26 +134,18 @@
 DMA: preallocated 256 KiB pool for atomic coherent allocations
 cpuidle: using governor ladder
 cpuidle: using governor menu
+gpiochip_add: GPIOs 0..255 (tegra-gpio) failed to register
 No ATAGs?
 hw-breakpoint: found 5 (+1 reserved) breakpoint and 4 watchpoint registers.
 hw-breakpoint: maximum watchpoint size is 8 bytes.
 Serial: AMBA PL011 UART driver
 tegra-mc 70019000.memory-controller: no memory timings for RAM code 3 registered
-dvdd_ts: Failed to request enable GPIO61: -517
-reg-fixed-voltage regulators:regulator@1: Failed to register regulator: -517
-usb1_vbus: Failed to request enable GPIO108: -517
-reg-fixed-voltage regulators:regulator@3: Failed to register regulator: -517
-usb2_vbus: Failed to request enable GPIO86: -517
-reg-fixed-voltage regulators:regulator@4: Failed to register regulator: -517
-VDD_5V0_HDMI_CON: Failed to request enable GPIO81: -517
-reg-fixed-voltage regulators:regulator@7: Failed to register regulator: -517
 vgaarb: loaded
 SCSI subsystem initialized
 libata version 3.00 loaded.
 usbcore: registered new interface driver usbfs
 usbcore: registered new interface driver hub
 usbcore: registered new device driver usb
-tps65090 2-0048: No cache defaults, reading back from HW
 palmas 2-0058: Irq flag is 0x00000000
 palmas 2-0058: Muxing GPIO ff, PWM 0, LED 0
 sdhci-vdd-sd-slot: ramp_delay not set
@@ -186,28 +177,23 @@
 io scheduler noop registered
 io scheduler deadline registered
 io scheduler cfq registered (default)
-vdd-lcd-bl: supplied by vdd_ac_bat
-tegra-ahb 6000c004.ahb: incorrect AHB base address in DT data - enabling workaround
 tegra-apbdma 6000a000.dma: Tegra20 APB DMA driver register 32 channels
 tegra-pmc 7000e400.pmc: i2c-thermtrip node not found, emergency thermal reset disabled.
 Serial: 8250/16550 driver, 4 ports, IRQ sharing disabled
 SuperH (H)SCI(F) driver initialized
 msm_serial: driver initialized
 console [ttyS0] disabled
-70006300.serial: ttyS0 at MMIO 0x70006300 (irq = 329, base_baud = 25500000) is a Tegra
+70006300.serial: ttyS0 at MMIO 0x70006300 (irq = 73, base_baud = 25500000) is a Tegra
 console [ttyS0] enabled
 STMicroelectronics ASC driver initialized
 [drm] Initialized drm 1.1.0 20060810
-vdd-ao: supplied by vdd_ac_bat
-vddio-1v8: supplied by vdd-ao
+vddio-1v8: supplied by regulator-dummy
 avdd-dsi-csi: supplied by vddio-1v8
 tegra-hdmi 54280000.hdmi: failed to get HDMI regulator
-vdd-sys-3v3: supplied by vdd_ac_bat
-avdd-lcd: supplied by vdd-sys-3v3
 loop: module loaded
 m25p80 spi32766.0: w25q32dw (4096 Kbytes)
 CAN device driver interface
-igb: Intel(R) Gigabit Ethernet Network Driver - version 5.2.18-k
+igb: Intel(R) Gigabit Ethernet Network Driver - version 5.3.0-k
 igb: Copyright (c) 2007-2014 Intel Corporation.
 pegasus: v0.9.3 (2013/04/25), Pegasus/Pegasus II USB Ethernet driver
 usbcore: registered new interface driver pegasus
@@ -245,24 +231,19 @@
 i2c /dev entries driver
 sbs-battery 0-000b: sbs_probe: Failed to get device status
 sbs-battery: probe of 0-000b failed with error -121
-vdd-sensor-2v85: supplied by vdd-sys-3v3
 sdhci: Secure Digital Host Controller Interface driver
 sdhci: Copyright(c) Pierre Ossman
 Synopsys Designware Multimedia Card Interface Driver
 sdhci-pltfm: SDHCI platform and OF driver helper
-sdhci-tegra 78000400.sdhci: Got CD GPIO
-sdhci-tegra 78000400.sdhci: Got WP GPIO
-sdhci-tegra 78000400.sdhci: No vmmc regulator found
-sdhci-tegra 78000400.sdhci: No vqmmc regulator found
-mmc0: Invalid maximum block size, assuming 512 bytes
-mmc0: SDHCI controller on 78000400.sdhci [78000400.sdhci] using ADMA
 sdhci-tegra 78000600.sdhci: No vmmc regulator found
 sdhci-tegra 78000600.sdhci: No vqmmc regulator found
-mmc1: Invalid maximum block size, assuming 512 bytes
-mmc1: SDHCI controller on 78000600.sdhci [78000600.sdhci] using ADMA
+mmc0: Invalid maximum block size, assuming 512 bytes
+mmc0: SDHCI controller on 78000600.sdhci [78000600.sdhci] using ADMA
 ledtrig-cpu: registered to indicate activity on CPUs
 usbcore: registered new interface driver usbhid
 usbhid: USB HID core driver
+NET: Registered protocol family 10
+sit: IPv6 over IPv4 tunneling driver
 NET: Registered protocol family 17
 can: controller area network core (rev 20120528 abi 9)
 NET: Registered protocol family 29
@@ -272,40 +253,53 @@
 Key type dns_resolver registered
 ThumbEE CPU extension supported.
 Registering SWP/SWPB emulation handler
+tps65090 2-0048: No cache defaults, reading back from HW
+vdd-lcd-bl: supplied by vdd_ac_bat
+mmc0: MAN_BKOPS_EN bit is not set
+mmc0: new high speed MMC card at address 0001
+mmcblk0: mmc0:0001 SEM32G 29.1 GiB 
+mmcblk0boot0: mmc0:0001 SEM32G partition 1 4.00 MiB
+mmcblk0boot1: mmc0:0001 SEM32G partition 2 4.00 MiB
+mmcblk0rpmb: mmc0:0001 SEM32G partition 3 4.00 MiB
+ mmcblk0: p1 p2 p3 p4 p5 p6 p7 p8
 vdd-sys-5v0: supplied by vdd_ac_bat
 VDD_5V0_HDMI_CON: supplied by vdd-sys-5v0
 vdd_hdmi_5v0: supplied by vdd-sys-5v0
 [drm] Supports vblank timestamp caching Rev 2 (21.10.2013).
 [drm] No driver support for vblank timestamp query.
-mmc1: MAN_BKOPS_EN bit is not set
-mmc1: new high speed MMC card at address 0001
-mmcblk0: mmc1:0001 SEM32G 29.1 GiB 
-mmcblk0boot0: mmc1:0001 SEM32G partition 1 4.00 MiB
-mmcblk0boot1: mmc1:0001 SEM32G partition 2 4.00 MiB
-mmcblk0rpmb: mmc1:0001 SEM32G partition 3 4.00 MiB
- mmcblk0: p1 p2 p3 p4 p5 p6 p7 p8
-Console: switching to colour frame buffer device 240x75
+drm drm: No connectors reported connected with modes
+[drm] Cannot find any crtc or sizes - going 1024x768
+Console: switching to colour frame buffer device 128x48
 drm drm: fb0:  frame buffer device
-drm drm: registered panic notifier
 [drm] Initialized tegra 0.0.0 20120330 on minor 0
+vdd-sys-3v3: supplied by vdd_ac_bat
+avdd-lcd: supplied by vdd-sys-3v3
 usb2_vbus: supplied by vdd-sys-5v0
 tegra-ehci 7d008000.usb: EHCI Host Controller
 tegra-ehci 7d008000.usb: new USB bus registered, assigned bus number 1
-tegra-ehci 7d008000.usb: irq 339, io mem 0x7d008000
+tegra-ehci 7d008000.usb: irq 83, io mem 0x7d008000
 tegra-ehci 7d008000.usb: USB 2.0 started, EHCI 1.10
 hub 1-0:1.0: USB hub found
 hub 1-0:1.0: 1 port detected
+vdd-sensor-2v85: supplied by vdd-sys-3v3
+sdhci-tegra 78000400.sdhci: Got CD GPIO
+sdhci-tegra 78000400.sdhci: Got WP GPIO
+sdhci-tegra 78000400.sdhci: No vmmc regulator found
+sdhci-tegra 78000400.sdhci: No vqmmc regulator found
+mmc1: Invalid maximum block size, assuming 512 bytes
+mmc1: SDHCI controller on 78000400.sdhci [78000400.sdhci] using ADMA
 input: gpio-keys as /devices/soc0/gpio-keys/input/input0
-palmas-rtc 7000d000.i2c:tps65913@58:rtc: setting system clock to 2000-03-12 03:57:31 UTC (952833451)
-vdd_cam_1v8_reg: disabling
-usb1_vbus: disabling
+palmas-rtc 7000d000.i2c:tps65913@58:rtc: setting system clock to 2000-03-25 08:58:19 UTC (953974699)
 dvdd_ts: disabling
+usb1_vbus: disabling
+vdd_cam_1v8_reg: disabling
 EXT4-fs (mmcblk0p1): mounting ext3 file system using the ext4 subsystem
 EXT4-fs (mmcblk0p1): recovery complete
 EXT4-fs (mmcblk0p1): mounted filesystem with ordered data mode. Opts: (null)
 VFS: Mounted root (ext3 filesystem) on device 179:1.
 devtmpfs: mounted
-Freeing unused kernel memory: 944K (c0d10000 - c0dfc000)
+Freeing unused kernel memory: 1028K (c0d7b000 - c0e7c000)
+usb 1-1: new high-speed USB device number 2 using tegra-ehci
 bash: cannot set terminal process group (-1): Inappropriate ioctl for device
 bash: no job control in this shell
-root@(none):/# [    2.193900] usb 1-1: new high-speed USB device number 2 using tegra-ehci
+root@(none):/# 
\ No newline at end of file
Diff for ./tegra114-dalmore-a04/tegra114-dalmore/tegra_defconfig_log.txt
--- /tmp/fooa	2015-09-12 17:09:19.520011069 -0700
+++ /tmp/foob	2015-09-12 17:09:19.524011066 -0700
@@ -36,10 +36,10 @@
 	 #################################################################
 	 #################################################################
 	 #################################################################
-	 ####################
-	 3.2 MiB/s
+	 ###################
+	 3.3 MiB/s
 done
-Bytes transferred = 5062664 (4d4008 hex)
+Bytes transferred = 5049784 (4d0db8 hex)
 Tegra114 (Dalmore) # tftpboot 0x82000000 tegra114-dalmore.dtb
 Using asx0 device
 TFTP from server 192.168.100.1; our IP address is 192.168.100.100
@@ -48,12 +48,12 @@
 Loading: *###
 	 3 MiB/s
 done
-Bytes transferred = 34894 (884e hex)
+Bytes transferred = 34966 (8896 hex)
 Tegra114 (Dalmore) # bootz 0x81000000 - 0x82000000
-Kernel image @ 0x81000000 [ 0x000000 - 0x4d4008 ]
+Kernel image @ 0x81000000 [ 0x000000 - 0x4d0db8 ]
 ## Flattened Device Tree blob at 82000000
    Booting using the fdt blob at 0x82000000
-   Loading Device Tree to 8fff4000, end 8ffff84d ... OK
+   Loading Device Tree to 8fff4000, end 8ffff895 ... OK
 
 Starting kernel ...
 
@@ -61,7 +61,7 @@
 Booting Linux on physical CPU 0x0
 Initializing cgroup subsys cpu
 Initializing cgroup subsys cpuacct
-Linux version 4.2.0-28491-g64291f7 (pwalmsley@kaivo) (gcc version 4.7.3 20130328 (prerelease) (crosstool-NG linaro-1.13.1-4.7-2013.04-20130415 - Linaro GCC 2013.04) ) #1 SMP PREEMPT Sun Aug 30 12:03:29 PDT 2015
+Linux version 4.3.0-rc1-39922-g6ff33f3 (pwalmsley@kaivo) (gcc version 4.7.3 20130328 (prerelease) (crosstool-NG linaro-1.13.1-4.7-2013.04-20130415 - Linaro GCC 2013.04) ) #1 SMP PREEMPT Sat Sep 12 17:03:38 PDT 2015
 CPU: ARMv7 Processor [412fc0f2] revision 2 (ARMv7), cr=10c5387d
 CPU: PIPT / VIPT nonaliasing data cache, PIPT instruction cache
 Machine model: NVIDIA Tegra114 Dalmore evaluation board
@@ -69,20 +69,20 @@
 cma: Reserved 64 MiB at 0xfbc00000
 Memory policy: Data cache writealloc
 On node 0 totalpages: 524032
-free_area_init_node: node 0, pgdat c09c2e80, node_mem_map ee7f7000
+free_area_init_node: node 0, pgdat c09c1880, node_mem_map ee7f7000
   Normal zone: 1520 pages used for memmap
   Normal zone: 0 pages reserved
   Normal zone: 194560 pages, LIFO batch:31
   HighMem zone: 329472 pages, LIFO batch:31
-PERCPU: Embedded 11 pages/cpu @ee7a6000 s15104 r8192 d21760 u45056
-pcpu-alloc: s15104 r8192 d21760 u45056 alloc=11*4096
+PERCPU: Embedded 12 pages/cpu @ee7a2000 s19392 r8192 d21568 u49152
+pcpu-alloc: s19392 r8192 d21568 u49152 alloc=12*4096
 pcpu-alloc: [0] 0 [0] 1 [0] 2 [0] 3 
 Built 1 zonelists in Zone order, mobility grouping on.  Total pages: 522512
 Kernel command line: ignore_loglevel console=ttyS0,115200n8 rw root=/dev/mmcblk0p1 rootwait gpt debug init=/bin/bash
 PID hash table entries: 4096 (order: 2, 16384 bytes)
 Dentry cache hash table entries: 131072 (order: 7, 524288 bytes)
 Inode-cache hash table entries: 65536 (order: 6, 262144 bytes)
-Memory: 2002676K/2096128K available (6933K kernel code, 346K rwdata, 2376K rodata, 312K init, 363K bss, 27916K reserved, 65536K cma-reserved, 1252352K highmem)
+Memory: 2002664K/2096128K available (6908K kernel code, 341K rwdata, 2388K rodata, 324K init, 363K bss, 27928K reserved, 65536K cma-reserved, 1252352K highmem)
 Virtual kernel memory layout:
     vector  : 0xffff0000 - 0xffff1000   (   4 kB)
     fixmap  : 0xffc00000 - 0xfff00000   (3072 kB)
@@ -90,12 +90,11 @@
     lowmem  : 0xc0000000 - 0xef800000   ( 760 MB)
     pkmap   : 0xbfe00000 - 0xc0000000   (   2 MB)
     modules : 0xbf000000 - 0xbfe00000   (  14 MB)
-      .text : 0xc0008000 - 0xc091f86c   (9311 kB)
-      .init : 0xc0920000 - 0xc096e000   ( 312 kB)
-      .data : 0xc096e000 - 0xc09c4a40   ( 347 kB)
-       .bss : 0xc09c7000 - 0xc0a21c58   ( 364 kB)
+      .text : 0xc0008000 - 0xc091c654   (9298 kB)
+      .init : 0xc091d000 - 0xc096e000   ( 324 kB)
+      .data : 0xc096e000 - 0xc09c3400   ( 341 kB)
+       .bss : 0xc09c6000 - 0xc0a20d20   ( 364 kB)
 Preemptible hierarchical RCU implementation.
-	Additional per-CPU info printed with stalls.
 	Build-time adjustment of leaf fanout to 32.
 NR_IRQS:16 nr_irqs:16 16
 /interrupt-controller@60004000: 160 interrupts forwarded to /interrupt-controller@50041000
@@ -121,7 +120,7 @@
 /cpus/cpu@3 missing clock-frequency property
 CPU0: thread -1, cpu 0, socket 0, mpidr 80000000
 Setting up static identity map for 0x80008440 - 0x800084d8
-Tegra Revision: A01 SKU: 0 CPU Process: 1 Core Process: 0
+Tegra Revision: A01 SKU: 0 CPU Process: 1 SoC Process: 0
 CPU1: thread -1, cpu 1, socket 0, mpidr 80000001
 CPU2: thread -1, cpu 2, socket 0, mpidr 80000002
 CPU3: thread -1, cpu 3, socket 0, mpidr 80000003
@@ -136,25 +135,17 @@
 DMA: preallocated 256 KiB pool for atomic coherent allocations
 cpuidle: using governor ladder
 cpuidle: using governor menu
+gpiochip_add: GPIOs 0..255 (tegra-gpio) failed to register
 No ATAGs?
 hw-breakpoint: found 5 (+1 reserved) breakpoint and 4 watchpoint registers.
 hw-breakpoint: maximum watchpoint size is 8 bytes.
 tegra-mc 70019000.memory-controller: no memory timings for RAM code 3 registered
-dvdd_ts: Failed to request enable GPIO61: -517
-reg-fixed-voltage regulators:regulator@1: Failed to register regulator: -517
-usb1_vbus: Failed to request enable GPIO108: -517
-reg-fixed-voltage regulators:regulator@3: Failed to register regulator: -517
-usb2_vbus: Failed to request enable GPIO86: -517
-reg-fixed-voltage regulators:regulator@4: Failed to register regulator: -517
-VDD_5V0_HDMI_CON: Failed to request enable GPIO81: -517
-reg-fixed-voltage regulators:regulator@7: Failed to register regulator: -517
 vgaarb: loaded
 SCSI subsystem initialized
 libata version 3.00 loaded.
 usbcore: registered new interface driver usbfs
 usbcore: registered new interface driver hub
 usbcore: registered new device driver usb
-tps65090 2-0048: No cache defaults, reading back from HW
 palmas 2-0058: Irq flag is 0x00000000
 palmas 2-0058: Muxing GPIO ff, PWM 0, LED 0
 sdhci-vdd-sd-slot: ramp_delay not set
@@ -186,25 +177,20 @@
 squashfs: version 4.0 (2009/01/31) Phillip Lougher
 bounce: pool size: 64 pages
 io scheduler noop registered (default)
-vdd-lcd-bl: supplied by vdd_ac_bat
-tegra-ahb 6000c004.ahb: incorrect AHB base address in DT data - enabling workaround
 tegra-apbdma 6000a000.dma: Tegra20 APB DMA driver register 32 channels
 tegra-pmc 7000e400.pmc: i2c-thermtrip node not found, emergency thermal reset disabled.
 Serial: 8250/16550 driver, 4 ports, IRQ sharing disabled
 console [ttyS0] disabled
-70006300.serial: ttyS0 at MMIO 0x70006300 (irq = 329, base_baud = 25500000) is a Tegra
+70006300.serial: ttyS0 at MMIO 0x70006300 (irq = 73, base_baud = 25500000) is a Tegra
 console [ttyS0] enabled
 [drm] Initialized drm 1.1.0 20060810
-vdd-ao: supplied by vdd_ac_bat
-vddio-1v8: supplied by vdd-ao
+vddio-1v8: supplied by regulator-dummy
 avdd-dsi-csi: supplied by vddio-1v8
 tegra-hdmi 54280000.hdmi: failed to get HDMI regulator
-vdd-sys-3v3: supplied by vdd_ac_bat
-avdd-lcd: supplied by vdd-sys-3v3
 loop: module loaded
 m25p80 spi32766.0: w25q32dw (4096 Kbytes)
 CAN device driver interface
-igb: Intel(R) Gigabit Ethernet Network Driver - version 5.2.18-k
+igb: Intel(R) Gigabit Ethernet Network Driver - version 5.3.0-k
 igb: Copyright (c) 2007-2014 Intel Corporation.
 pegasus: v0.9.3 (2013/04/25), Pegasus/Pegasus II USB Ethernet driver
 usbcore: registered new interface driver pegasus
@@ -234,32 +220,16 @@
 gspca_main: v2.14.0 registered
 sbs-battery 0-000b: sbs_probe: Failed to get device status
 sbs-battery: probe of 0-000b failed with error -121
-vdd-sensor-2v85: supplied by vdd-sys-3v3
 sdhci: Secure Digital Host Controller Interface driver
 sdhci: Copyright(c) Pierre Ossman
 sdhci-pltfm: SDHCI platform and OF driver helper
-sdhci-tegra 78000400.sdhci: Got CD GPIO
-sdhci-tegra 78000400.sdhci: Got WP GPIO
-sdhci-tegra 78000400.sdhci: No vmmc regulator found
-sdhci-tegra 78000400.sdhci: No vqmmc regulator found
-mmc0: Invalid maximum block size, assuming 512 bytes
-mmc0: SDHCI controller on 78000400.sdhci [78000400.sdhci] using ADMA
 sdhci-tegra 78000600.sdhci: No vmmc regulator found
 sdhci-tegra 78000600.sdhci: No vqmmc regulator found
-mmc1: Invalid maximum block size, assuming 512 bytes
-mmc1: SDHCI controller on 78000600.sdhci [78000600.sdhci] using ADMA
+mmc0: Invalid maximum block size, assuming 512 bytes
+mmc0: SDHCI controller on 78000600.sdhci [78000600.sdhci] using ADMA
 usbcore: registered new interface driver usbhid
 usbhid: USB HID core driver
-mmc1: MAN_BKOPS_EN bit is not set
-mmc1: new high speed MMC card at address 0001
-mmcblk0: mmc1:0001 SEM32G 29.1 GiB 
-mmcblk0boot0: mmc1:0001 SEM32G partition 1 4.00 MiB
-mmcblk0boot1: mmc1:0001 SEM32G partition 2 4.00 MiB
-mmcblk0rpmb: mmc1:0001 SEM32G partition 3 4.00 MiB
- mmcblk0: p1 p2 p3 p4 p5 p6 p7 p8
 tegra30-i2s 70080400.i2s: DMA channels sourced from device 70080000.ahub
-tegra-snd-rt5640 sound: rt5640-aif1 <-> 70080400.i2s mapping ok
-input: NVIDIA Tegra Dalmore Headphones as /devices/soc0/sound/sound/card0/input0
 NET: Registered protocol family 10
 mip6: Mobile IPv6
 sit: IPv6 over IPv4 tunneling driver
@@ -271,42 +241,65 @@
 can: broadcast manager protocol (rev 20120528 t)
 can: netlink gateway (rev 20130117) max_hops=1
 Bluetooth: RFCOMM socket layer initialized
+mmc0: MAN_BKOPS_EN bit is not set
 Bluetooth: RFCOMM ver 1.11
 Bluetooth: BNEP (Ethernet Emulation) ver 1.3
 Bluetooth: BNEP socket layer initialized
 Bluetooth: HIDP (Human Interface Emulation) ver 1.2
 Bluetooth: HIDP socket layer initialized
 Registering SWP/SWPB emulation handler
+tps65090 2-0048: No cache defaults, reading back from HW
+vdd-lcd-bl: supplied by vdd_ac_bat
 vdd-sys-5v0: supplied by vdd_ac_bat
 VDD_5V0_HDMI_CON: supplied by vdd-sys-5v0
 vdd_hdmi_5v0: supplied by vdd-sys-5v0
 [drm] Supports vblank timestamp caching Rev 2 (21.10.2013).
 [drm] No driver support for vblank timestamp query.
-Console: switching to colour frame buffer device 240x75
+drm drm: No connectors reported connected with modes
+[drm] Cannot find any crtc or sizes - going 1024x768
+mmc0: new high speed MMC card at address 0001
+Console: switching to colour frame buffer device 128x48
+mmcblk0: mmc0:0001 SEM32G 29.1 GiB 
+mmcblk0boot0: mmc0:0001 SEM32G partition 1 4.00 MiB
+mmcblk0boot1: mmc0:0001 SEM32G partition 2 4.00 MiB
+mmcblk0rpmb: mmc0:0001 SEM32G partition 3 4.00 MiB
 drm drm: fb0:  frame buffer device
-drm drm: registered panic notifier
+ mmcblk0: p1 p2 p3 p4 p5 p6 p7 p8
 [drm] Initialized tegra 0.0.0 20120330 on minor 0
+vdd-sys-3v3: supplied by vdd_ac_bat
+avdd-lcd: supplied by vdd-sys-3v3
 usb2_vbus: supplied by vdd-sys-5v0
 tegra-ehci 7d008000.usb: EHCI Host Controller
 tegra-ehci 7d008000.usb: new USB bus registered, assigned bus number 1
-tegra-ehci 7d008000.usb: irq 339, io mem 0x7d008000
+tegra-ehci 7d008000.usb: irq 83, io mem 0x7d008000
 tegra-ehci 7d008000.usb: USB 2.0 started, EHCI 1.10
 hub 1-0:1.0: USB hub found
 hub 1-0:1.0: 1 port detected
+vdd-sensor-2v85: supplied by vdd-sys-3v3
+sdhci-tegra 78000400.sdhci: Got CD GPIO
+sdhci-tegra 78000400.sdhci: Got WP GPIO
+sdhci-tegra 78000400.sdhci: No vmmc regulator found
+sdhci-tegra 78000400.sdhci: No vqmmc regulator found
+mmc1: Invalid maximum block size, assuming 512 bytes
+mmc1: SDHCI controller on 78000400.sdhci [78000400.sdhci] using ADMA
+usb 1-1: new high-speed USB device number 2 using tegra-ehci
+tegra-snd-rt5640 sound: rt5640-aif1 <-> 70080400.i2s mapping ok
+input: NVIDIA Tegra Dalmore Headphones as /devices/soc0/sound/sound/card0/input0
 input: gpio-keys as /devices/soc0/gpio-keys/input/input1
-palmas-rtc 7000d000.i2c:tps65913@58:rtc: setting system clock to 2000-03-12 03:58:02 UTC (952833482)
-vdd_cam_1v8_reg: disabling
-usb1_vbus: disabling
+palmas-rtc 7000d000.i2c:tps65913@58:rtc: setting system clock to 2000-03-25 08:58:50 UTC (953974730)
 dvdd_ts: disabling
+usb1_vbus: disabling
+vdd_cam_1v8_reg: disabling
 ALSA device list:
   #0: NVIDIA Tegra Dalmore
-kjournald starting.  Commit interval 5 seconds
-EXT3-fs (mmcblk0p1): using internal journal
-EXT3-fs (mmcblk0p1): recovery complete
-EXT3-fs (mmcblk0p1): mounted filesystem with writeback data mode
+asix 1-1:1.0 eth0: register 'asix' at usb-7d008000.usb-1, ASIX AX88772 USB 2.0 Ethernet, 00:50:b6:0d:b5:16
+EXT2-fs (mmcblk0p1): error: couldn't mount because of unsupported optional features (4)
+EXT4-fs (mmcblk0p1): mounting ext3 file system using the ext4 subsystem
+EXT4-fs (mmcblk0p1): recovery complete
+EXT4-fs (mmcblk0p1): mounted filesystem with ordered data mode. Opts: (null)
 VFS: Mounted root (ext3 filesystem) on device 179:1.
 devtmpfs: mounted
-Freeing unused kernel memory: 312K (c0920000 - c096e000)
+Freeing unused kernel memory: 324K (c091d000 - c096e000)
 bash: cannot set terminal process group (-1): Inappropriate ioctl for device
 bash: no job control in this shell
-root@(none):/# [    2.740036] usb 1-1: new high-speed USB device number 2 using tegra-ehci
+root@(none):/# 
\ No newline at end of file
Diff for ./tegra124-jetson-tk1/tegra124-jetson-tk1/multi_v7_defconfig_log.txt
--- /tmp/fooa	2015-09-12 17:09:19.528011063 -0700
+++ /tmp/foob	2015-09-12 17:09:19.532011059 -0700
@@ -29,7 +29,6 @@
 Tegra124 (Jetson TK1) # setenv bootargs 'ignore_loglevel console=ttyS0,115200n8 rw root=/dev/mmcblk0p1 rootwait gpt debug init=/bin/bash noinitrd'
 Tegra124 (Jetson TK1) # setenv ipaddr 192.168.100.102; setenv serverip 192.168.100.1; setenv tftpserverip 192.168.100.1
 Tegra124 (Jetson TK1) # tftpboot 0x81000000 zImage.multi_v7_defconfig
-Waiting for Ethernet connection... done.
 Using asx0 device
 TFTP from server 192.168.100.1; our IP address is 192.168.100.102
 Filename 'zImage.multi_v7_defconfig'.
@@ -40,10 +39,10 @@
 	 #################################################################
 	 #################################################################
 	 #################################################################
-	 ##############################
-	 3.1 MiB/s
+	 ################################################
+	 3.2 MiB/s
 done
-Bytes transferred = 6156048 (5def10 hex)
+Bytes transferred = 6422544 (620010 hex)
 Tegra124 (Jetson TK1) # tftpboot 0x82000000 tegra124-jetson-tk1.dtb
 Using asx0 device
 TFTP from server 192.168.100.1; our IP address is 192.168.100.102
@@ -52,17 +51,17 @@
 Loading: *#####
 	 2.9 MiB/s
 done
-Bytes transferred = 62999 (f617 hex)
+Bytes transferred = 64210 (fad2 hex)
 Tegra124 (Jetson TK1) # bootz 0x81000000 - 0x82000000
-Kernel image @ 0x81000000 [ 0x000000 - 0x5def10 ]
+Kernel image @ 0x81000000 [ 0x000000 - 0x620010 ]
 ## Flattened Device Tree blob at 82000000
    Booting using the fdt blob at 0x82000000
-   Using Device Tree in place at 82000000, end 82012616
+   Using Device Tree in place at 82000000, end 82012ad1
 
 Starting kernel ...
 
 Booting Linux on physical CPU 0x0
-Linux version 4.2.0-28491-g64291f7 (pwalmsley@sellafield) (gcc version 4.7.3 20130328 (prerelease) (crosstool-NG linaro-1.13.1-4.7-2013.04-20130415 - Linaro GCC 2013.04) ) #1 SMP Sun Aug 30 12:03:08 PDT 2015
+Linux version 4.3.0-rc1-39922-g6ff33f3 (pwalmsley@sellafield) (gcc version 4.7.3 20130328 (prerelease) (crosstool-NG linaro-1.13.1-4.7-2013.04-20130415 - Linaro GCC 2013.04) ) #1 SMP Sat Sep 12 17:03:24 PDT 2015
 CPU: ARMv7 Processor [413fc0f3] revision 3 (ARMv7), cr=10c5387d
 CPU: PIPT / VIPT nonaliasing data cache, PIPT instruction cache
 Machine model: NVIDIA Tegra124 Jetson TK1
@@ -70,20 +69,20 @@
 cma: Reserved 64 MiB at 0xfb800000
 Memory policy: Data cache writealloc
 On node 0 totalpages: 524032
-free_area_init_node: node 0, pgdat c0efdb00, node_mem_map ee7f8000
+free_area_init_node: node 0, pgdat c0f773c0, node_mem_map ee7f8000
   DMA zone: 1520 pages used for memmap
   DMA zone: 0 pages reserved
   DMA zone: 194560 pages, LIFO batch:31
   HighMem zone: 329472 pages, LIFO batch:31
-PERCPU: Embedded 11 pages/cpu @ee794000 s14784 r8192 d22080 u45056
-pcpu-alloc: s14784 r8192 d22080 u45056 alloc=11*4096
+PERCPU: Embedded 12 pages/cpu @ee78f000 s19136 r8192 d21824 u49152
+pcpu-alloc: s19136 r8192 d21824 u49152 alloc=12*4096
 pcpu-alloc: [0] 0 [0] 1 [0] 2 [0] 3 
 Built 1 zonelists in Zone order, mobility grouping on.  Total pages: 522512
 Kernel command line: ignore_loglevel console=ttyS0,115200n8 rw root=/dev/mmcblk0p1 rootwait gpt debug init=/bin/bash noinitrd
 PID hash table entries: 4096 (order: 2, 16384 bytes)
 Dentry cache hash table entries: 131072 (order: 7, 524288 bytes)
 Inode-cache hash table entries: 65536 (order: 6, 262144 bytes)
-Memory: 1999308K/2096128K available (7782K kernel code, 1038K rwdata, 3508K rodata, 944K init, 327K bss, 31284K reserved, 65536K cma-reserved, 1252352K highmem)
+Memory: 1998784K/2096128K available (8095K kernel code, 1012K rwdata, 3624K rodata, 1028K init, 340K bss, 31808K reserved, 65536K cma-reserved, 1252352K highmem)
 Virtual kernel memory layout:
     vector  : 0xffff0000 - 0xffff1000   (   4 kB)
     fixmap  : 0xffc00000 - 0xfff00000   (3072 kB)
@@ -91,13 +90,12 @@
     lowmem  : 0xc0000000 - 0xef800000   ( 760 MB)
     pkmap   : 0xbfe00000 - 0xc0000000   (   2 MB)
     modules : 0xbf000000 - 0xbfe00000   (  14 MB)
-      .text : 0xc0208000 - 0xc0d0fa90   (11295 kB)
-      .init : 0xc0d10000 - 0xc0dfc000   ( 944 kB)
-      .data : 0xc0dfc000 - 0xc0effb00   (1039 kB)
-       .bss : 0xc0f02000 - 0xc0f53c28   ( 328 kB)
+      .text : 0xc0208000 - 0xc0d7ae78   (11724 kB)
+      .init : 0xc0d7b000 - 0xc0e7c000   (1028 kB)
+      .data : 0xc0e7c000 - 0xc0f793a0   (1013 kB)
+       .bss : 0xc0f7c000 - 0xc0fd12e8   ( 341 kB)
 SLUB: HWalign=64, Order=0-3, MinObjects=0, CPUs=4, Nodes=1
 Hierarchical RCU implementation.
-	Additional per-CPU info printed with stalls.
 	Build-time adjustment of leaf fanout to 32.
 	RCU restricting CPUs from NR_CPUS=16 to nr_cpu_ids=4.
 RCU: Adjusting geometry for rcu_fanout_leaf=32, nr_cpu_ids=4
@@ -123,7 +121,7 @@
 /cpus/cpu@3 missing clock-frequency property
 CPU0: thread -1, cpu 0, socket 0, mpidr 80000000
 Setting up static identity map for 0x80209000 - 0x80209098
-Tegra Revision: A01 SKU: 129 CPU Process: 1 Core Process: 1
+Tegra Revision: A01 SKU: 129 CPU Process: 1 SoC Process: 1
 CPU1: thread -1, cpu 1, socket 0, mpidr 80000001
 CPU2: thread -1, cpu 2, socket 0, mpidr 80000002
 CPU3: thread -1, cpu 3, socket 0, mpidr 80000003
@@ -138,22 +136,11 @@
 DMA: preallocated 256 KiB pool for atomic coherent allocations
 cpuidle: using governor ladder
 cpuidle: using governor menu
+gpiochip_add: GPIOs 0..255 (tegra-gpio) failed to register
 No ATAGs?
 hw-breakpoint: found 5 (+1 reserved) breakpoint and 4 watchpoint registers.
 hw-breakpoint: maximum watchpoint size is 8 bytes.
 Serial: AMBA PL011 UART driver
-+USB0_VBUS_SW: Failed to request enable GPIO108: -517
-reg-fixed-voltage regulators:regulator@7: Failed to register regulator: -517
-+5V_USB_HS: Failed to request enable GPIO109: -517
-reg-fixed-voltage regulators:regulator@8: Failed to register regulator: -517
-+1.05V_RUN_AVDD_HDMI_PLL: Failed to request enable GPIO63: -517
-reg-fixed-voltage regulators:regulator@11: Failed to register regulator: -517
-+5V_HDMI_CON: Failed to request enable GPIO86: -517
-reg-fixed-voltage regulators:regulator@12: Failed to register regulator: -517
-+5V_SATA: Failed to request enable GPIO242: -517
-reg-fixed-voltage regulators:regulator@13: Failed to register regulator: -517
-+12V_SATA: Failed to request enable GPIO242: -517
-reg-fixed-voltage regulators:regulator@14: Failed to register regulator: -517
 vgaarb: loaded
 SCSI subsystem initialized
 libata version 3.00 loaded.
@@ -177,6 +164,7 @@
 RPC: Registered tcp transport module.
 RPC: Registered tcp NFSv4.1 backchannel transport module.
 PCI: CLS 0 bytes, default 64
+hw perfevents: enabled with armv7_cortex_a15 PMU driver, 7 counters available
 futex hash table entries: 1024 (order: 4, 65536 bytes)
 squashfs: version 4.0 (2009/01/31) Phillip Lougher
 NFS: Registering the id_resolver key type
@@ -196,7 +184,7 @@
 SuperH (H)SCI(F) driver initialized
 msm_serial: driver initialized
 console [ttyS0] disabled
-70006300.serial: ttyS0 at MMIO 0x70006300 (irq = 331, base_baud = 25500000) is a Tegra
+70006300.serial: ttyS0 at MMIO 0x70006300 (irq = 75, base_baud = 25500000) is a Tegra
 console [ttyS0] enabled
 STMicroelectronics ASC driver initialized
 [drm] Initialized drm 1.1.0 20060810
@@ -210,7 +198,7 @@
 tegra-ahci 70027000.sata: Failed to get regulators
 m25p80 spi32765.0: w25q32dw (4096 Kbytes)
 CAN device driver interface
-igb: Intel(R) Gigabit Ethernet Network Driver - version 5.2.18-k
+igb: Intel(R) Gigabit Ethernet Network Driver - version 5.3.0-k
 igb: Copyright (c) 2007-2014 Intel Corporation.
 pegasus: v0.9.3 (2013/04/25), Pegasus/Pegasus II USB Ethernet driver
 usbcore: registered new interface driver pegasus
@@ -236,7 +224,7 @@
 tegra-ehci: Tegra EHCI driver
 tegra-ehci 7d004000.usb: EHCI Host Controller
 tegra-ehci 7d004000.usb: new USB bus registered, assigned bus number 1
-tegra-ehci 7d004000.usb: irq 347, io mem 0x7d004000
+tegra-ehci 7d004000.usb: irq 92, io mem 0x7d004000
 tegra-ehci 7d004000.usb: USB 2.0 started, EHCI 1.10
 hub 1-0:1.0: USB hub found
 hub 1-0:1.0: 1 port detected
@@ -250,30 +238,25 @@
 usbcore: registered new interface driver usb-storage
 mousedev: PS/2 mouse device common for all mice
 as3722-rtc as3722-rtc: rtc core: registered as3722-rtc as rtc0
-as3722-rtc as3722-rtc: RTC interrupt 366
+as3722-rtc as3722-rtc: RTC interrupt 115
 tegra_rtc 7000e000.rtc: rtc core: registered 7000e000.rtc as rtc1
 tegra_rtc 7000e000.rtc: Tegra internal Real Time Clock
 i2c /dev entries driver
-0-004c supply vcc not found, using dummy regulator
 sdhci: Secure Digital Host Controller Interface driver
 sdhci: Copyright(c) Pierre Ossman
 Synopsys Designware Multimedia Card Interface Driver
 sdhci-pltfm: SDHCI platform and OF driver helper
-sdhci-tegra 700b0400.sdhci: Got CD GPIO
-sdhci-tegra 700b0400.sdhci: Got WP GPIO
 mmc0: Unknown controller version (3). You may experience problems.
-+VDDIO_SDMMC3: supplied by regulator-dummy
-sdhci-tegra 700b0400.sdhci: No vmmc regulator found
-mmc0: Invalid maximum block size, assuming 512 bytes
-mmc0: SDHCI controller on 700b0400.sdhci [700b0400.sdhci] using ADMA 64-bit
-mmc1: Unknown controller version (3). You may experience problems.
 sdhci-tegra 700b0600.sdhci: No vmmc regulator found
 sdhci-tegra 700b0600.sdhci: No vqmmc regulator found
-mmc1: Invalid maximum block size, assuming 512 bytes
-mmc1: SDHCI controller on 700b0600.sdhci [700b0600.sdhci] using ADMA 64-bit
+mmc0: Invalid maximum block size, assuming 512 bytes
+mmc0: SDHCI controller on 700b0600.sdhci [700b0600.sdhci] using ADMA 64-bit
 ledtrig-cpu: registered to indicate activity on CPUs
 usbcore: registered new interface driver usbhid
 usbhid: USB HID core driver
+NET: Registered protocol family 10
+sit: IPv6 over IPv4 tunneling driver
+mmc0: MAN_BKOPS_EN bit is not set
 NET: Registered protocol family 17
 can: controller area network core (rev 20120528 abi 9)
 NET: Registered protocol family 29
@@ -284,20 +267,19 @@
 ThumbEE CPU extension supported.
 Registering SWP/SWPB emulation handler
 tegra-pcie 1003000.pcie-controller: 2x1, 1x1 configuration
+mmc0: new high speed MMC card at address 0001
+mmcblk0: mmc0:0001 SEM16G 14.6 GiB 
+mmcblk0boot0: mmc0:0001 SEM16G partition 1 4.00 MiB
+mmcblk0boot1: mmc0:0001 SEM16G partition 2 4.00 MiB
+mmcblk0rpmb: mmc0:0001 SEM16G partition 3 4.00 MiB
+Primary GPT is invalid, using alternate GPT.
+ mmcblk0: p1 p2 p3 p4 p5 p6 p7 p8 p9
 +3.3V_SYS: supplied by +VDD_MUX
 +3.3V_LP0: supplied by +3.3V_SYS
 +1.35V_LP0(sd2): supplied by +5V_SYS
 +1.05V_RUN_AVDD: supplied by +1.35V_LP0(sd2)
 tegra-pcie 1003000.pcie-controller: probing port 0, using 2 lanes
 tegra-pcie 1003000.pcie-controller: Slot present pin change, signature: 00000008
-mmc1: MAN_BKOPS_EN bit is not set
-mmc1: new high speed MMC card at address 0001
-mmcblk0: mmc1:0001 SEM16G 14.6 GiB 
-mmcblk0boot0: mmc1:0001 SEM16G partition 1 4.00 MiB
-mmcblk0boot1: mmc1:0001 SEM16G partition 2 4.00 MiB
-mmcblk0rpmb: mmc1:0001 SEM16G partition 3 4.00 MiB
-Primary GPT is invalid, using alternate GPT.
- mmcblk0: p1 p2 p3 p4 p5 p6 p7 p8 p9
 tegra-pcie 1003000.pcie-controller: link 0 down, retrying
 tegra-pcie 1003000.pcie-controller: link 0 down, retrying
 tegra-pcie 1003000.pcie-controller: link 0 down, retrying
@@ -323,7 +305,6 @@
 tegra-hdmi 54280000.hdmi: cannot set audio to 44100 at 297000000 pclk
 Console: switching to colour frame buffer device 512x135
 drm drm: fb0:  frame buffer device
-drm drm: registered panic notifier
 [drm] Initialized tegra 0.0.0 20120330 on minor 0
 +5V_SATA: supplied by +5V_SYS
 +12V_SATA: supplied by +VDD_MUX
@@ -331,25 +312,36 @@
 tegra-ahci 70027000.sata: flags: 64bit ncq sntf pm led pio slum part sadm sds apst 
 scsi host0: tegra-ahci
 scsi host1: tegra-ahci
-ata1: SATA max UDMA/133 mmio [mem 0x70027000-0x70028fff] port 0x100 irq 341
+ata1: SATA max UDMA/133 mmio [mem 0x70027000-0x70028fff] port 0x100 irq 85
 ata2: DUMMY
 +5V_USB_HS: supplied by +5V_SYS
 tegra-ehci 7d008000.usb: EHCI Host Controller
 tegra-ehci 7d008000.usb: new USB bus registered, assigned bus number 2
-tegra-ehci 7d008000.usb: irq 348, io mem 0x7d008000
+tegra-ehci 7d008000.usb: irq 93, io mem 0x7d008000
 tegra-ehci 7d008000.usb: USB 2.0 started, EHCI 1.10
 hub 2-0:1.0: USB hub found
 hub 2-0:1.0: 1 port detected
+0-004c supply vcc not found, using dummy regulator
+of_cpumask_init_opp_table: couldn't find opp table for cpu:0, -19
+cpufreq: cpufreq_online: CPU0: Running at unlisted freq: 696000 KHz
+cpufreq: cpufreq_online: CPU0: Unlisted initial frequency changed to: 714000 KHz
+sdhci-tegra 700b0400.sdhci: Got CD GPIO
+sdhci-tegra 700b0400.sdhci: Got WP GPIO
+mmc1: Unknown controller version (3). You may experience problems.
++VDDIO_SDMMC3: supplied by +3.3V_RUN
+sdhci-tegra 700b0400.sdhci: No vmmc regulator found
+mmc1: Invalid maximum block size, assuming 512 bytes
+mmc1: SDHCI controller on 700b0400.sdhci [700b0400.sdhci] using ADMA 64-bit
 input: gpio-keys as /devices/soc0/gpio-keys/input/input0
-as3722-rtc as3722-rtc: setting system clock to 2000-02-01 00:00:19 UTC (949363219)
-+USB0_VBUS_SW: disabling
-+1.8V_RUN_VPP_FUSE: disabling
-+2.8V_RUN_CAM_AF: disabling
-+3.3V_RUN_TOUCH: disabling
-+1.05V_RUN_CAM_REAR: disabling
-+1.2V_RUN_CAM_FRONT: disabling
-+2.8V_RUN_CAM: disabling
+as3722-rtc as3722-rtc: setting system clock to 2000-01-01 00:00:18 UTC (946684818)
 +1.8V_RUN_CAM: disabling
++2.8V_RUN_CAM: disabling
++1.2V_RUN_CAM_FRONT: disabling
++1.05V_RUN_CAM_REAR: disabling
++3.3V_RUN_TOUCH: disabling
++2.8V_RUN_CAM_AF: disabling
++1.8V_RUN_VPP_FUSE: disabling
++USB0_VBUS_SW: disabling
 ata1: SATA link down (SStatus 0 SControl 300)
 EXT4-fs (mmcblk0p1): couldn't mount as ext3 due to feature incompatibilities
 EXT4-fs (mmcblk0p1): couldn't mount as ext2 due to feature incompatibilities
@@ -358,7 +350,7 @@
 EXT4-fs (mmcblk0p1): mounted filesystem with ordered data mode. Opts: (null)
 VFS: Mounted root (ext4 filesystem) on device 179:1.
 devtmpfs: mounted
-Freeing unused kernel memory: 944K (c0d10000 - c0dfc000)
+Freeing unused kernel memory: 1028K (c0d7b000 - c0e7c000)
 bash: cannot set terminal process group (-1): Inappropriate ioctl for device
 bash: no job control in this shell
 root@(none):/# 
\ No newline at end of file
Diff for ./tegra124-jetson-tk1/tegra124-jetson-tk1/tegra_defconfig_log.txt
--- /tmp/fooa	2015-09-12 17:09:19.536011057 -0700
+++ /tmp/foob	2015-09-12 17:09:19.540011053 -0700
@@ -38,24 +38,24 @@
 	 #################################################################
 	 #################################################################
 	 #################################################################
-	 ####################
-	 3.2 MiB/s
+	 ###################
+	 3.1 MiB/s
 done
-Bytes transferred = 5062664 (4d4008 hex)
+Bytes transferred = 5049784 (4d0db8 hex)
 Tegra124 (Jetson TK1) # tftpboot 0x82000000 tegra124-jetson-tk1.dtb
 Using asx0 device
 TFTP from server 192.168.100.1; our IP address is 192.168.100.102
 Filename 'tegra124-jetson-tk1.dtb'.
 Load address: 0x82000000
 Loading: *#####
-	 3.2 MiB/s
+	 2.9 MiB/s
 done
-Bytes transferred = 62999 (f617 hex)
+Bytes transferred = 64210 (fad2 hex)
 Tegra124 (Jetson TK1) # bootz 0x81000000 - 0x82000000
-Kernel image @ 0x81000000 [ 0x000000 - 0x4d4008 ]
+Kernel image @ 0x81000000 [ 0x000000 - 0x4d0db8 ]
 ## Flattened Device Tree blob at 82000000
    Booting using the fdt blob at 0x82000000
-   Using Device Tree in place at 82000000, end 82012616
+   Using Device Tree in place at 82000000, end 82012ad1
 
 Starting kernel ...
 
@@ -63,7 +63,7 @@
 Booting Linux on physical CPU 0x0
 Initializing cgroup subsys cpu
 Initializing cgroup subsys cpuacct
-Linux version 4.2.0-28491-g64291f7 (pwalmsley@kaivo) (gcc version 4.7.3 20130328 (prerelease) (crosstool-NG linaro-1.13.1-4.7-2013.04-20130415 - Linaro GCC 2013.04) ) #1 SMP PREEMPT Sun Aug 30 12:03:29 PDT 2015
+Linux version 4.3.0-rc1-39922-g6ff33f3 (pwalmsley@kaivo) (gcc version 4.7.3 20130328 (prerelease) (crosstool-NG linaro-1.13.1-4.7-2013.04-20130415 - Linaro GCC 2013.04) ) #1 SMP PREEMPT Sat Sep 12 17:03:38 PDT 2015
 CPU: ARMv7 Processor [413fc0f3] revision 3 (ARMv7), cr=10c5387d
 CPU: PIPT / VIPT nonaliasing data cache, PIPT instruction cache
 Machine model: NVIDIA Tegra124 Jetson TK1
@@ -71,20 +71,20 @@
 cma: Reserved 64 MiB at 0xfbc00000
 Memory policy: Data cache writealloc
 On node 0 totalpages: 524032
-free_area_init_node: node 0, pgdat c09c2e80, node_mem_map ee7f7000
+free_area_init_node: node 0, pgdat c09c1880, node_mem_map ee7f7000
   Normal zone: 1520 pages used for memmap
   Normal zone: 0 pages reserved
   Normal zone: 194560 pages, LIFO batch:31
   HighMem zone: 329472 pages, LIFO batch:31
-PERCPU: Embedded 11 pages/cpu @ee793000 s15104 r8192 d21760 u45056
-pcpu-alloc: s15104 r8192 d21760 u45056 alloc=11*4096
+PERCPU: Embedded 12 pages/cpu @ee78e000 s19392 r8192 d21568 u49152
+pcpu-alloc: s19392 r8192 d21568 u49152 alloc=12*4096
 pcpu-alloc: [0] 0 [0] 1 [0] 2 [0] 3 
 Built 1 zonelists in Zone order, mobility grouping on.  Total pages: 522512
 Kernel command line: ignore_loglevel console=ttyS0,115200n8 rw root=/dev/mmcblk0p1 rootwait gpt debug init=/bin/bash noinitrd
 PID hash table entries: 4096 (order: 2, 16384 bytes)
 Dentry cache hash table entries: 131072 (order: 7, 524288 bytes)
 Inode-cache hash table entries: 65536 (order: 6, 262144 bytes)
-Memory: 2002572K/2096128K available (6933K kernel code, 346K rwdata, 2376K rodata, 312K init, 363K bss, 28020K reserved, 65536K cma-reserved, 1252352K highmem)
+Memory: 2002556K/2096128K available (6908K kernel code, 341K rwdata, 2388K rodata, 324K init, 363K bss, 28036K reserved, 65536K cma-reserved, 1252352K highmem)
 Virtual kernel memory layout:
     vector  : 0xffff0000 - 0xffff1000   (   4 kB)
     fixmap  : 0xffc00000 - 0xfff00000   (3072 kB)
@@ -92,12 +92,11 @@
     lowmem  : 0xc0000000 - 0xef800000   ( 760 MB)
     pkmap   : 0xbfe00000 - 0xc0000000   (   2 MB)
     modules : 0xbf000000 - 0xbfe00000   (  14 MB)
-      .text : 0xc0008000 - 0xc091f86c   (9311 kB)
-      .init : 0xc0920000 - 0xc096e000   ( 312 kB)
-      .data : 0xc096e000 - 0xc09c4a40   ( 347 kB)
-       .bss : 0xc09c7000 - 0xc0a21c58   ( 364 kB)
+      .text : 0xc0008000 - 0xc091c654   (9298 kB)
+      .init : 0xc091d000 - 0xc096e000   ( 324 kB)
+      .data : 0xc096e000 - 0xc09c3400   ( 341 kB)
+       .bss : 0xc09c6000 - 0xc0a20d20   ( 364 kB)
 Preemptible hierarchical RCU implementation.
-	Additional per-CPU info printed with stalls.
 	Build-time adjustment of leaf fanout to 32.
 NR_IRQS:16 nr_irqs:16 16
 /interrupt-controller@60004000: 160 interrupts forwarded to /interrupt-controller@0,50041000
@@ -123,7 +122,7 @@
 /cpus/cpu@3 missing clock-frequency property
 CPU0: thread -1, cpu 0, socket 0, mpidr 80000000
 Setting up static identity map for 0x80008440 - 0x800084d8
-Tegra Revision: A01 SKU: 129 CPU Process: 1 Core Process: 1
+Tegra Revision: A01 SKU: 129 CPU Process: 1 SoC Process: 1
 CPU1: thread -1, cpu 1, socket 0, mpidr 80000001
 CPU2: thread -1, cpu 2, socket 0, mpidr 80000002
 CPU3: thread -1, cpu 3, socket 0, mpidr 80000003
@@ -138,21 +137,10 @@
 DMA: preallocated 256 KiB pool for atomic coherent allocations
 cpuidle: using governor ladder
 cpuidle: using governor menu
+gpiochip_add: GPIOs 0..255 (tegra-gpio) failed to register
 No ATAGs?
 hw-breakpoint: found 5 (+1 reserved) breakpoint and 4 watchpoint registers.
 hw-breakpoint: maximum watchpoint size is 8 bytes.
-+USB0_VBUS_SW: Failed to request enable GPIO108: -517
-reg-fixed-voltage regulators:regulator@7: Failed to register regulator: -517
-+5V_USB_HS: Failed to request enable GPIO109: -517
-reg-fixed-voltage regulators:regulator@8: Failed to register regulator: -517
-+1.05V_RUN_AVDD_HDMI_PLL: Failed to request enable GPIO63: -517
-reg-fixed-voltage regulators:regulator@11: Failed to register regulator: -517
-+5V_HDMI_CON: Failed to request enable GPIO86: -517
-reg-fixed-voltage regulators:regulator@12: Failed to register regulator: -517
-+5V_SATA: Failed to request enable GPIO242: -517
-reg-fixed-voltage regulators:regulator@13: Failed to register regulator: -517
-+12V_SATA: Failed to request enable GPIO242: -517
-reg-fixed-voltage regulators:regulator@14: Failed to register regulator: -517
 vgaarb: loaded
 SCSI subsystem initialized
 libata version 3.00 loaded.
@@ -183,6 +171,7 @@
 RPC: Registered tcp transport module.
 RPC: Registered tcp NFSv4.1 backchannel transport module.
 PCI: CLS 0 bytes, default 64
+hw perfevents: enabled with armv7_cortex_a15 PMU driver, 7 counters available
 futex hash table entries: 1024 (order: 4, 65536 bytes)
 squashfs: version 4.0 (2009/01/31) Phillip Lougher
 bounce: pool size: 64 pages
@@ -193,7 +182,7 @@
 tegra-pmc 7000e400.pmc: emergency thermal reset enabled
 Serial: 8250/16550 driver, 4 ports, IRQ sharing disabled
 console [ttyS0] disabled
-70006300.serial: ttyS0 at MMIO 0x70006300 (irq = 331, base_baud = 25500000) is a Tegra
+70006300.serial: ttyS0 at MMIO 0x70006300 (irq = 75, base_baud = 25500000) is a Tegra
 console [ttyS0] enabled
 [drm] Initialized drm 1.1.0 20060810
 tegra-hdmi 54280000.hdmi: failed to get HDMI regulator
@@ -206,7 +195,7 @@
 tegra-ahci 70027000.sata: Failed to get regulators
 m25p80 spi32765.0: w25q32dw (4096 Kbytes)
 CAN device driver interface
-igb: Intel(R) Gigabit Ethernet Network Driver - version 5.2.18-k
+igb: Intel(R) Gigabit Ethernet Network Driver - version 5.3.0-k
 igb: Copyright (c) 2007-2014 Intel Corporation.
 pegasus: v0.9.3 (2013/04/25), Pegasus/Pegasus II USB Ethernet driver
 usbcore: registered new interface driver pegasus
@@ -225,7 +214,7 @@
 tegra-ehci: Tegra EHCI driver
 tegra-ehci 7d004000.usb: EHCI Host Controller
 tegra-ehci 7d004000.usb: new USB bus registered, assigned bus number 1
-tegra-ehci 7d004000.usb: irq 347, io mem 0x7d004000
+tegra-ehci 7d004000.usb: irq 92, io mem 0x7d004000
 tegra-ehci 7d004000.usb: USB 2.0 started, EHCI 1.10
 hub 1-0:1.0: USB hub found
 hub 1-0:1.0: 1 port detected
@@ -235,43 +224,33 @@
 usbcore: registered new interface driver usb-storage
 mousedev: PS/2 mouse device common for all mice
 as3722-rtc as3722-rtc: rtc core: registered as3722-rtc as rtc0
-as3722-rtc as3722-rtc: RTC interrupt 366
+as3722-rtc as3722-rtc: RTC interrupt 115
 tegra_rtc 7000e000.rtc: rtc core: registered 7000e000.rtc as rtc1
 tegra_rtc 7000e000.rtc: Tegra internal Real Time Clock
 i2c /dev entries driver
 usbcore: registered new interface driver uvcvideo
 USB Video Class driver (1.1.1)
 gspca_main: v2.14.0 registered
-0-004c supply vcc not found, using dummy regulator
 sdhci: Secure Digital Host Controller Interface driver
 sdhci: Copyright(c) Pierre Ossman
 sdhci-pltfm: SDHCI platform and OF driver helper
-sdhci-tegra 700b0400.sdhci: Got CD GPIO
-sdhci-tegra 700b0400.sdhci: Got WP GPIO
 mmc0: Unknown controller version (3). You may experience problems.
-+VDDIO_SDMMC3: supplied by regulator-dummy
-sdhci-tegra 700b0400.sdhci: No vmmc regulator found
-mmc0: Invalid maximum block size, assuming 512 bytes
-mmc0: SDHCI controller on 700b0400.sdhci [700b0400.sdhci] using ADMA 64-bit
-mmc1: Unknown controller version (3). You may experience problems.
 sdhci-tegra 700b0600.sdhci: No vmmc regulator found
 sdhci-tegra 700b0600.sdhci: No vqmmc regulator found
-mmc1: Invalid maximum block size, assuming 512 bytes
-mmc1: SDHCI controller on 700b0600.sdhci [700b0600.sdhci] using ADMA 64-bit
+mmc0: Invalid maximum block size, assuming 512 bytes
+mmc0: SDHCI controller on 700b0600.sdhci [700b0600.sdhci] using ADMA 64-bit
 usbcore: registered new interface driver usbhid
 usbhid: USB HID core driver
-mmc1: MAN_BKOPS_EN bit is not set
-mmc1: new high speed MMC card at address 0001
-mmcblk0: mmc1:0001 SEM16G 14.6 GiB 
-mmcblk0boot0: mmc1:0001 SEM16G partition 1 4.00 MiB
-mmcblk0boot1: mmc1:0001 SEM16G partition 2 4.00 MiB
-mmcblk0rpmb: mmc1:0001 SEM16G partition 3 4.00 MiB
+mmc0: MAN_BKOPS_EN bit is not set
+mmc0: new high speed MMC card at address 0001
+mmcblk0: mmc0:0001 SEM16G 14.6 GiB 
+mmcblk0boot0: mmc0:0001 SEM16G partition 1 4.00 MiB
+mmcblk0boot1: mmc0:0001 SEM16G partition 2 4.00 MiB
+mmcblk0rpmb: mmc0:0001 SEM16G partition 3 4.00 MiB
 Primary GPT is invalid, using alternate GPT.
  mmcblk0: p1 p2 p3 p4 p5 p6 p7 p8 p9
 input: tegra-hda HDMI/DP,pcm=3 as /devices/soc0/70030000.hda/sound/card0/input0
 tegra30-i2s 70301100.i2s: DMA channels sourced from device 70300000.ahub
-tegra-snd-rt5640 sound: rt5640-aif1 <-> 70301100.i2s mapping ok
-input: NVIDIA Tegra Jetson TK1 Headphones as /devices/soc0/sound/sound/card1/input1
 NET: Registered protocol family 10
 mip6: Mobile IPv6
 sit: IPv6 over IPv4 tunneling driver
@@ -302,44 +281,16 @@
 tegra-pcie 1003000.pcie-controller: link 0 down, ignoring
 tegra-pcie 1003000.pcie-controller: probing port 1, using 1 lanes
 tegra-pcie 1003000.pcie-controller: Slot present pin change, signature: 00000000
+tegra-pcie 1003000.pcie-controller: link 1 down, retrying
+tegra-pcie 1003000.pcie-controller: link 1 down, retrying
+tegra-pcie 1003000.pcie-controller: link 1 down, retrying
+tegra-pcie 1003000.pcie-controller: link 1 down, ignoring
 tegra-pcie 1003000.pcie-controller: PCI host bridge to bus 0000:00
 pci_bus 0000:00: root bus resource [mem 0x13000000-0x1fffffff]
 pci_bus 0000:00: root bus resource [mem 0x20000000-0x3fffffff pref]
 pci_bus 0000:00: root bus resource [bus 00-ff]
 pci_bus 0000:00: root bus resource [io  0x1000-0xffff]
-pci 0000:00:02.0: [10de:0e13] type 01 class 0x060400
-pci 0000:00:02.0: IOMMU is currently not supported for PCI
-pci 0000:00:02.0: PME# supported from D0 D1 D2 D3hot D3cold
-PCI: bus0: Fast back to back transfers disabled
-pci 0000:00:02.0: bridge configuration invalid ([bus 00-00]), reconfiguring
-pci 0000:01:00.0: [10ec:8168] type 00 class 0x020000
-pci 0000:01:00.0: reg 0x10: [io  0x0000-0x00ff]
-pci 0000:01:00.0: reg 0x18: [mem 0x00000000-0x00000fff 64bit]
-pci 0000:01:00.0: reg 0x20: [mem 0x00000000-0x00003fff 64bit pref]
-pci 0000:01:00.0: IOMMU is currently not supported for PCI
-pci 0000:01:00.0: supports D1 D2
-pci 0000:01:00.0: PME# supported from D0 D1 D2 D3hot D3cold
-PCI: bus1: Fast back to back transfers disabled
-pci_bus 0000:01: busn_res: [bus 01-ff] end is updated to 01
-pci 0000:00:02.0: BAR 8: assigned [mem 0x13000000-0x130fffff]
-pci 0000:00:02.0: BAR 9: assigned [mem 0x20000000-0x200fffff 64bit pref]
-pci 0000:00:02.0: BAR 7: assigned [io  0x1000-0x1fff]
-pci 0000:01:00.0: BAR 4: assigned [mem 0x20000000-0x20003fff 64bit pref]
-pci 0000:01:00.0: BAR 2: assigned [mem 0x13000000-0x13000fff 64bit]
-pci 0000:01:00.0: BAR 0: assigned [io  0x1000-0x10ff]
-pci 0000:00:02.0: PCI bridge to [bus 01]
-pci 0000:00:02.0:   bridge window [io  0x1000-0x1fff]
-pci 0000:00:02.0:   bridge window [mem 0x13000000-0x130fffff]
-pci 0000:00:02.0:   bridge window [mem 0x20000000-0x200fffff 64bit pref]
-pci 0000:00:02.0: nv_msi_ht_cap_quirk didn't locate host bridge
-pcieport 0000:00:02.0: enabling device (0140 -> 0143)
-pcieport 0000:00:02.0: Signaling PME through PCIe PME interrupt
-pci 0000:01:00.0: Signaling PME through PCIe PME interrupt
-pcie_pme 0000:00:02.0:pcie01: service driver pcie_pme loaded
-r8169 Gigabit Ethernet driver 2.3LK-NAPI loaded
-r8169 0000:01:00.0: enabling device (0140 -> 0143)
-r8169 0000:01:00.0 eth0: RTL8168g/8111g at 0xf0142000, 00:04:4b:25:b3:b4, XID 0c000800 IRQ 383
-r8169 0000:01:00.0 eth0: jumbo features [frames: 9200 bytes, tx checksumming: ko]
+PCI: bus0: Fast back to back transfers enabled
 +5V_HDMI_CON: supplied by +5V_SYS
 +1.05V_RUN_AVDD_HDMI_PLL: supplied by +1.05V_RUN
 +3.3V_RUN: supplied by +3.3V_SYS
@@ -349,7 +300,6 @@
 tegra-hdmi 54280000.hdmi: cannot set audio to 44100 at 297000000 pclk
 Console: switching to colour frame buffer device 512x135
 drm drm: fb0:  frame buffer device
-drm drm: registered panic notifier
 [drm] Initialized tegra 0.0.0 20120330 on minor 0
 +5V_SATA: supplied by +5V_SYS
 +12V_SATA: supplied by +VDD_MUX
@@ -357,37 +307,51 @@
 tegra-ahci 70027000.sata: flags: 64bit ncq sntf pm led pio slum part sadm sds apst 
 scsi host0: tegra-ahci
 scsi host1: tegra-ahci
-ata1: SATA max UDMA/133 mmio [mem 0x70027000-0x70028fff] port 0x100 irq 341
+ata1: SATA max UDMA/133 mmio [mem 0x70027000-0x70028fff] port 0x100 irq 85
 ata2: DUMMY
 +5V_USB_HS: supplied by +5V_SYS
 tegra-ehci 7d008000.usb: EHCI Host Controller
 tegra-ehci 7d008000.usb: new USB bus registered, assigned bus number 2
-tegra-ehci 7d008000.usb: irq 348, io mem 0x7d008000
+tegra-ehci 7d008000.usb: irq 93, io mem 0x7d008000
 tegra-ehci 7d008000.usb: USB 2.0 started, EHCI 1.10
 hub 2-0:1.0: USB hub found
 hub 2-0:1.0: 1 port detected
+0-004c supply vcc not found, using dummy regulator
+of_cpumask_init_opp_table: couldn't find opp table for cpu:0, -19
+cpufreq: cpufreq_online: CPU0: Running at unlisted freq: 696000 KHz
+cpufreq: cpufreq_online: CPU0: Unlisted initial frequency changed to: 714000 KHz
+sdhci-tegra 700b0400.sdhci: Got CD GPIO
+sdhci-tegra 700b0400.sdhci: Got WP GPIO
+mmc1: Unknown controller version (3). You may experience problems.
++VDDIO_SDMMC3: supplied by +3.3V_RUN
+sdhci-tegra 700b0400.sdhci: No vmmc regulator found
+mmc1: Invalid maximum block size, assuming 512 bytes
+mmc1: SDHCI controller on 700b0400.sdhci [700b0400.sdhci] using ADMA 64-bit
+ata1: SATA link down (SStatus 0 SControl 300)
+usb 2-1: new high-speed USB device number 2 using tegra-ehci
+tegra-snd-rt5640 sound: rt5640-aif1 <-> 70301100.i2s mapping ok
+input: NVIDIA Tegra Jetson TK1 Headphones as /devices/soc0/sound/sound/card1/input1
 input: gpio-keys as /devices/soc0/gpio-keys/input/input2
-as3722-rtc as3722-rtc: setting system clock to 2000-02-01 00:00:56 UTC (949363256)
-+USB0_VBUS_SW: disabling
-+1.8V_RUN_VPP_FUSE: disabling
-+2.8V_RUN_CAM_AF: disabling
-+3.3V_RUN_TOUCH: disabling
-+1.05V_RUN_CAM_REAR: disabling
-+1.2V_RUN_CAM_FRONT: disabling
-+2.8V_RUN_CAM: disabling
+as3722-rtc as3722-rtc: setting system clock to 2000-01-01 00:00:57 UTC (946684857)
 +1.8V_RUN_CAM: disabling
++2.8V_RUN_CAM: disabling
++1.2V_RUN_CAM_FRONT: disabling
++1.05V_RUN_CAM_REAR: disabling
++3.3V_RUN_TOUCH: disabling
++2.8V_RUN_CAM_AF: disabling
++1.8V_RUN_VPP_FUSE: disabling
++USB0_VBUS_SW: disabling
 ALSA device list:
-  #0: tegra-hda at 0x70038000 irq 342
+  #0: tegra-hda at 0x70038000 irq 86
   #1: NVIDIA Tegra Jetson TK1
-ata1: SATA link down (SStatus 0 SControl 300)
-EXT3-fs (mmcblk0p1): error: couldn't mount because of unsupported optional features (240)
-usb 2-1: new high-speed USB device number 2 using tegra-ehci
+asix 2-1:1.0 eth0: register 'asix' at usb-7d008000.usb-1, ASIX AX88772 USB 2.0 Ethernet, 00:50:b6:11:31:3b
 EXT2-fs (mmcblk0p1): error: couldn't mount because of unsupported optional features (244)
+EXT4-fs (mmcblk0p1): couldn't mount as ext3 due to feature incompatibilities
 EXT4-fs (mmcblk0p1): recovery complete
 EXT4-fs (mmcblk0p1): mounted filesystem with ordered data mode. Opts: (null)
 VFS: Mounted root (ext4 filesystem) on device 179:1.
 devtmpfs: mounted
-Freeing unused kernel memory: 312K (c0920000 - c096e000)
+Freeing unused kernel memory: 324K (c091d000 - c096e000)
 bash: cannot set terminal process group (-1): Inappropriate ioctl for device
 bash: no job control in this shell
 root@(none):/# 
\ No newline at end of file
Diff for ./tegra20-trimslice/tegra20-trimslice/multi_v7_defconfig_log.txt
--- /tmp/fooa	2015-09-12 17:09:19.556011040 -0700
+++ /tmp/foob	2015-09-12 17:09:19.556011040 -0700
@@ -45,10 +45,10 @@
 	 #################################################################
 	 #################################################################
 	 #################################################################
-	 ##############################
+	 ################################################
 	 4.1 MiB/s
 done
-Bytes transferred = 6156048 (5def10 hex)
+Bytes transferred = 6422544 (620010 hex)
 Tegra20 (TrimSlice) # tftpboot 0x02408000 tegra20-trimslice.dtb
 Using RTL8169#0 device
 TFTP from server 192.168.100.1; our IP address is 192.168.100.103
@@ -57,17 +57,17 @@
 Loading: *##
 	 3.4 MiB/s
 done
-Bytes transferred = 21130 (528a hex)
+Bytes transferred = 21202 (52d2 hex)
 Tegra20 (TrimSlice) # bootz 0x00408000 - 0x02408000
-Kernel image @ 0x408000 [ 0x000000 - 0x5def10 ]
+Kernel image @ 0x408000 [ 0x000000 - 0x620010 ]
 ## Flattened Device Tree blob at 02408000
    Booting using the fdt blob at 0x2408000
-   Using Device Tree in place at 02408000, end 02410289
+   Using Device Tree in place at 02408000, end 024102d1
 
 Starting kernel ...
 
 Booting Linux on physical CPU 0x0
-Linux version 4.2.0-28491-g64291f7 (pwalmsley@sellafield) (gcc version 4.7.3 20130328 (prerelease) (crosstool-NG linaro-1.13.1-4.7-2013.04-20130415 - Linaro GCC 2013.04) ) #1 SMP Sun Aug 30 12:03:08 PDT 2015
+Linux version 4.3.0-rc1-39922-g6ff33f3 (pwalmsley@sellafield) (gcc version 4.7.3 20130328 (prerelease) (crosstool-NG linaro-1.13.1-4.7-2013.04-20130415 - Linaro GCC 2013.04) ) #1 SMP Sat Sep 12 17:03:24 PDT 2015
 CPU: ARMv7 Processor [411fc090] revision 0 (ARMv7), cr=10c5387d
 CPU: PIPT / VIPT nonaliasing data cache, VIPT aliasing instruction cache
 Machine model: Compulab TrimSlice board
@@ -75,20 +75,20 @@
 cma: Reserved 64 MiB at 0x3c000000
 Memory policy: Data cache writealloc
 On node 0 totalpages: 262144
-free_area_init_node: node 0, pgdat c0efdb00, node_mem_map eeff8000
+free_area_init_node: node 0, pgdat c0f773c0, node_mem_map eeff8000
   DMA zone: 1520 pages used for memmap
   DMA zone: 0 pages reserved
   DMA zone: 194560 pages, LIFO batch:31
   HighMem zone: 67584 pages, LIFO batch:15
-PERCPU: Embedded 11 pages/cpu @eefcc000 s14784 r8192 d22080 u45056
-pcpu-alloc: s14784 r8192 d22080 u45056 alloc=11*4096
+PERCPU: Embedded 12 pages/cpu @eefca000 s19136 r8192 d21824 u49152
+pcpu-alloc: s19136 r8192 d21824 u49152 alloc=12*4096
 pcpu-alloc: [0] 0 [0] 1 
 Built 1 zonelists in Zone order, mobility grouping on.  Total pages: 260624
 Kernel command line: ignore_loglevel console=ttyS0,115200n8 rw root=/dev/mmcblk0p1 rootwait gpt debug noinitrd earlyprintk init=/bin/bash
 PID hash table entries: 4096 (order: 2, 16384 bytes)
 Dentry cache hash table entries: 131072 (order: 7, 524288 bytes)
 Inode-cache hash table entries: 65536 (order: 6, 262144 bytes)
-Memory: 960212K/1048576K available (7782K kernel code, 1038K rwdata, 3508K rodata, 944K init, 327K bss, 22828K reserved, 65536K cma-reserved, 204800K highmem)
+Memory: 959700K/1048576K available (8095K kernel code, 1012K rwdata, 3624K rodata, 1028K init, 340K bss, 23340K reserved, 65536K cma-reserved, 204800K highmem)
 Virtual kernel memory layout:
     vector  : 0xffff0000 - 0xffff1000   (   4 kB)
     fixmap  : 0xffc00000 - 0xfff00000   (3072 kB)
@@ -96,13 +96,12 @@
     lowmem  : 0xc0000000 - 0xef800000   ( 760 MB)
     pkmap   : 0xbfe00000 - 0xc0000000   (   2 MB)
     modules : 0xbf000000 - 0xbfe00000   (  14 MB)
-      .text : 0xc0208000 - 0xc0d0fa90   (11295 kB)
-      .init : 0xc0d10000 - 0xc0dfc000   ( 944 kB)
-      .data : 0xc0dfc000 - 0xc0effb00   (1039 kB)
-       .bss : 0xc0f02000 - 0xc0f53c28   ( 328 kB)
+      .text : 0xc0208000 - 0xc0d7ae78   (11724 kB)
+      .init : 0xc0d7b000 - 0xc0e7c000   (1028 kB)
+      .data : 0xc0e7c000 - 0xc0f793a0   (1013 kB)
+       .bss : 0xc0f7c000 - 0xc0fd12e8   ( 341 kB)
 SLUB: HWalign=64, Order=0-3, MinObjects=0, CPUs=2, Nodes=1
 Hierarchical RCU implementation.
-	Additional per-CPU info printed with stalls.
 	Build-time adjustment of leaf fanout to 32.
 	RCU restricting CPUs from NR_CPUS=16 to nr_cpu_ids=2.
 RCU: Adjusting geometry for rcu_fanout_leaf=32, nr_cpu_ids=2
@@ -127,7 +126,7 @@
 CPU: Testing write buffer coherency: ok
 CPU0: thread -1, cpu 0, socket 0, mpidr 80000000
 Setting up static identity map for 0x209000 - 0x209098
-Tegra Revision: A03 prime SKU: 8 CPU Process: 1 Core Process: 2
+Tegra Revision: A03 prime SKU: 8 CPU Process: 1 SoC Process: 2
 CPU1: thread -1, cpu 1, socket 0, mpidr 80000001
 Brought up 2 CPUs
 SMP: Total of 2 processors activated (4.00 BogoMIPS).
@@ -140,12 +139,11 @@
 DMA: preallocated 256 KiB pool for atomic coherent allocations
 cpuidle: using governor ladder
 cpuidle: using governor menu
+gpiochip_add: GPIOs 0..223 (tegra-gpio) failed to register
 No ATAGs?
 hw-breakpoint: found 5 (+1 reserved) breakpoint and 1 watchpoint registers.
 hw-breakpoint: maximum watchpoint size is 4 bytes.
 Serial: AMBA PL011 UART driver
-usb1_vbus: Failed to request enable GPIO170: -517
-reg-fixed-voltage regulators:regulator@2: Failed to register regulator: -517
 vgaarb: loaded
 SCSI subsystem initialized
 libata version 3.00 loaded.
@@ -169,7 +167,6 @@
 RPC: Registered tcp transport module.
 RPC: Registered tcp NFSv4.1 backchannel transport module.
 PCI: CLS 0 bytes, default 64
-hw perfevents: Failed to parse /pmu/interrupt-affinity[0]
 hw perfevents: enabled with armv7_cortex_a9 PMU driver, 7 counters available
 futex hash table entries: 512 (order: 3, 32768 bytes)
 squashfs: version 4.0 (2009/01/31) Phillip Lougher
@@ -190,16 +187,16 @@
 pci_bus 0000:00: root bus resource [bus 00-ff]
 pci_bus 0000:00: root bus resource [io  0x1000-0xffff]
 pci 0000:00:01.0: [10de:0bf0] type 01 class 0x060000
-pci 0000:00:01.0: IOMMU is currently not supported for PCI
 pci 0000:00:01.0: PME# supported from D0 D1 D2 D3hot D3cold
 PCI: bus0: Fast back to back transfers disabled
 pci 0000:00:01.0: bridge configuration invalid ([bus 00-00]), reconfiguring
+pci 0000:00:01.0: PCI bridge to [bus 01-ff]
+pci 0000:00:01.0:   bridge window [io  0x0000-0x0fff]
 pci 0000:01:00.0: [10ec:8168] type 00 class 0x020000
 pci 0000:01:00.0: reg 0x10: [io  0x0000-0x00ff]
 pci 0000:01:00.0: reg 0x18: [mem 0x00000000-0x00000fff 64bit pref]
 pci 0000:01:00.0: reg 0x20: [mem 0x00000000-0x00003fff 64bit pref]
 pci 0000:01:00.0: reg 0x30: [mem 0x00000000-0x0001ffff pref]
-pci 0000:01:00.0: IOMMU is currently not supported for PCI
 pci 0000:01:00.0: supports D1 D2
 pci 0000:01:00.0: PME# supported from D0 D1 D2 D3hot D3cold
 PCI: bus1: Fast back to back transfers disabled
@@ -221,13 +218,12 @@
 pcieport 0000:00:01.0: Signaling PME through PCIe PME interrupt
 pci 0000:01:00.0: Signaling PME through PCIe PME interrupt
 pcie_pme 0000:00:01.0:pcie01: service driver pcie_pme loaded
-tegra-ahb 6000c004.ahb: incorrect AHB base address in DT data - enabling workaround
 tegra-apbdma 6000a000.dma: Tegra20 APB DMA driver register 16 channels
 Serial: 8250/16550 driver, 4 ports, IRQ sharing disabled
 SuperH (H)SCI(F) driver initialized
 msm_serial: driver initialized
 console [ttyS0] disabled
-70006000.serial: ttyS0 at MMIO 0x70006000 (irq = 279, base_baud = 13500000) is a Tegra
+70006000.serial: ttyS0 at MMIO 0x70006000 (irq = 55, base_baud = 13500000) is a Tegra
 console [ttyS0] enabled
 STMicroelectronics ASC driver initialized
 [drm] Initialized drm 1.1.0 20060810
@@ -238,17 +234,16 @@
 [drm] Cannot find any crtc or sizes - going 1024x768
 Console: switching to colour frame buffer device 128x48
 drm drm: fb0:  frame buffer device
-drm drm: registered panic notifier
 [drm] Initialized tegra 0.0.0 20120330 on minor 0
 loop: module loaded
 m25p80 spi32766.0: found s25fl008k, expected w25q80bl
 m25p80 spi32766.0: s25fl008k (1024 Kbytes)
 CAN device driver interface
-igb: Intel(R) Gigabit Ethernet Network Driver - version 5.2.18-k
+igb: Intel(R) Gigabit Ethernet Network Driver - version 5.3.0-k
 igb: Copyright (c) 2007-2014 Intel Corporation.
 r8169 Gigabit Ethernet driver 2.3LK-NAPI loaded
 r8169 0000:01:00.0: enabling device (0140 -> 0143)
-r8169 0000:01:00.0 eth0: RTL8168d/8111d at 0xf005c000, 00:01:c0:13:7d:63, XID 081000c0 IRQ 296
+r8169 0000:01:00.0 eth0: RTL8168d/8111d at 0xf005e000, 00:01:c0:13:7d:63, XID 081000c0 IRQ 72
 r8169 0000:01:00.0 eth0: jumbo features [frames: 9200 bytes, tx checksumming: ko]
 pegasus: v0.9.3 (2013/04/25), Pegasus/Pegasus II USB Ethernet driver
 usbcore: registered new interface driver pegasus
@@ -261,7 +256,7 @@
 usbcore: registered new interface driver cdc_subset
 usbcore: registered new interface driver zaurus
 usbcore: registered new interface driver cdc_ncm
-tegra-phy c5004000.usb-phy: no vbus regulator
+tegra-phy c5004000.usb-phy: invalid gpio: -517
 tegra-phy c5008000.usb-phy: no vbus regulator
 ehci_hcd: USB 2.0 'Enhanced' Host Controller (EHCI) Driver
 ehci-pci: EHCI PCI platform driver
@@ -273,12 +268,9 @@
 ehci-exynos: EHCI EXYNOS driver
 ehci-atmel: EHCI Atmel driver
 tegra-ehci: Tegra EHCI driver
-ulpi_phy_power_on: ulpi write failed
-tegra-ehci c5004000.usb: Failed to power on the phy
-tegra-ehci: probe of c5004000.usb failed with error -110
 tegra-ehci c5008000.usb: EHCI Host Controller
 tegra-ehci c5008000.usb: new USB bus registered, assigned bus number 1
-tegra-ehci c5008000.usb: irq 290, io mem 0xc5008000
+tegra-ehci c5008000.usb: irq 66, io mem 0xc5008000
 tegra-ehci c5008000.usb: USB 2.0 started, EHCI 1.00
 hub 1-0:1.0: USB hub found
 hub 1-0:1.0: 1 port detected
@@ -303,15 +295,11 @@
 sdhci-tegra c8000000.sdhci: No vqmmc regulator found
 mmc0: Invalid maximum block size, assuming 512 bytes
 mmc0: SDHCI controller on c8000000.sdhci [c8000000.sdhci] using ADMA
-sdhci-tegra c8000600.sdhci: Got CD GPIO
-sdhci-tegra c8000600.sdhci: Got WP GPIO
-sdhci-tegra c8000600.sdhci: No vmmc regulator found
-sdhci-tegra c8000600.sdhci: No vqmmc regulator found
-mmc1: Invalid maximum block size, assuming 512 bytes
-mmc1: SDHCI controller on c8000600.sdhci [c8000600.sdhci] using ADMA
 ledtrig-cpu: registered to indicate activity on CPUs
 usbcore: registered new interface driver usbhid
 usbhid: USB HID core driver
+NET: Registered protocol family 10
+sit: IPv6 over IPv4 tunneling driver
 NET: Registered protocol family 17
 can: controller area network core (rev 20120528 abi 9)
 NET: Registered protocol family 29
@@ -321,32 +309,42 @@
 Key type dns_resolver registered
 ThumbEE CPU extension supported.
 Registering SWP/SWPB emulation handler
+tegra-phy c5004000.usb-phy: no vbus regulator
 utmi_phy_clk_enable: timeout waiting for phy to stabilize
 tegra-ehci c5000000.usb: EHCI Host Controller
 tegra-ehci c5000000.usb: new USB bus registered, assigned bus number 2
-usb 1-1: new high-speed USB device number 2 using tegra-ehci
-tegra-ehci c5000000.usb: irq 288, io mem 0xc5000000
+tegra-ehci c5000000.usb: irq 64, io mem 0xc5000000
 mmc0: host does not support reading read-only switch, assuming write-enable
+usb 1-1: new high-speed USB device number 2 using tegra-ehci
 mmc0: new high speed SDHC card at address b368
-mmcblk0: mmc0:b368 NCard 3.70 GiB 
- mmcblk0: p1
 tegra-ehci c5000000.usb: USB 2.0 started, EHCI 1.00
+mmcblk0: mmc0:b368 NCard 3.70 GiB 
 hub 2-0:1.0: USB hub found
 hub 2-0:1.0: 1 port detected
+ mmcblk0: p1
+ulpi_phy_power_on: ulpi write failed
+tegra-ehci c5004000.usb: Failed to power on the phy
+tegra-ehci: probe of c5004000.usb failed with error -110
+sdhci-tegra c8000600.sdhci: Got CD GPIO
+sdhci-tegra c8000600.sdhci: Got WP GPIO
+sdhci-tegra c8000600.sdhci: No vmmc regulator found
+sdhci-tegra c8000600.sdhci: No vqmmc regulator found
+mmc1: Invalid maximum block size, assuming 512 bytes
+mmc1: SDHCI controller on c8000600.sdhci [c8000600.sdhci] using ADMA
 input: gpio-keys as /devices/soc0/gpio-keys/input/input0
+rtc-em3027 2-0056: setting system clock to 2014-12-26 22:40:30 UTC (1419633630)
+EXT4-fs (mmcblk0p1): mounting ext3 file system using the ext4 subsystem
 hub 1-1:1.0: USB hub found
 hub 1-1:1.0: 4 ports detected
-rtc-em3027 2-0056: setting system clock to 2014-12-26 21:33:45 UTC (1419629625)
-EXT4-fs (mmcblk0p1): mounting ext3 file system using the ext4 subsystem
 mmc1: new high speed SD card at address b368
-mmcblk1: mmc1:b368 NCard 1.83 GiB (ro)
- mmcblk1: p1 p2
 EXT4-fs (mmcblk0p1): recovery complete
 EXT4-fs (mmcblk0p1): mounted filesystem with ordered data mode. Opts: (null)
+mmcblk1: mmc1:b368 NCard 1.83 GiB (ro)
+ mmcblk1: p1 p2
 VFS: Mounted root (ext3 filesystem) on device 179:1.
 devtmpfs: mounted
-Freeing unused kernel memory: 944K (c0d10000 - c0dfc000)
+Freeing unused kernel memory: 1028K (c0d7b000 - c0e7c000)
 usb 1-1.2: new high-speed USB device number 3 using tegra-ehci
 bash: cannot set terminal process group (-1): Inappropriate ioctl for device
 bash: no job control in this shell
-root@(none):/# 
\ No newline at end of file
+root@(none):/# [    3.290390] asix 1-1.2:1.0 eth1: register 'asix' at usb-c5008000.usb-1.2, ASIX AX88772 USB 2.0 Ethernet, 00:60:6e:60:6c:68
Diff for ./tegra20-trimslice/tegra20-trimslice/tegra_defconfig_log.txt
--- /tmp/fooa	2015-09-12 17:09:19.564011034 -0700
+++ /tmp/foob	2015-09-12 17:09:19.568011031 -0700
@@ -44,24 +44,24 @@
 	 #################################################################
 	 #################################################################
 	 #################################################################
-	 ####################
-	 4 MiB/s
+	 ###################
+	 4.1 MiB/s
 done
-Bytes transferred = 5062664 (4d4008 hex)
+Bytes transferred = 5049784 (4d0db8 hex)
 Tegra20 (TrimSlice) # tftpboot 0x02408000 tegra20-trimslice.dtb
 Using RTL8169#0 device
 TFTP from server 192.168.100.1; our IP address is 192.168.100.103
 Filename 'tegra20-trimslice.dtb'.
 Load address: 0x2408000
 Loading: *##
-	 4 MiB/s
+	 3.4 MiB/s
 done
-Bytes transferred = 21130 (528a hex)
+Bytes transferred = 21202 (52d2 hex)
 Tegra20 (TrimSlice) # bootz 0x00408000 - 0x02408000
-Kernel image @ 0x408000 [ 0x000000 - 0x4d4008 ]
+Kernel image @ 0x408000 [ 0x000000 - 0x4d0db8 ]
 ## Flattened Device Tree blob at 02408000
    Booting using the fdt blob at 0x2408000
-   Using Device Tree in place at 02408000, end 02410289
+   Using Device Tree in place at 02408000, end 024102d1
 
 Starting kernel ...
 
@@ -69,7 +69,7 @@
 Booting Linux on physical CPU 0x0
 Initializing cgroup subsys cpu
 Initializing cgroup subsys cpuacct
-Linux version 4.2.0-28491-g64291f7 (pwalmsley@kaivo) (gcc version 4.7.3 20130328 (prerelease) (crosstool-NG linaro-1.13.1-4.7-2013.04-20130415 - Linaro GCC 2013.04) ) #1 SMP PREEMPT Sun Aug 30 12:03:29 PDT 2015
+Linux version 4.3.0-rc1-39922-g6ff33f3 (pwalmsley@kaivo) (gcc version 4.7.3 20130328 (prerelease) (crosstool-NG linaro-1.13.1-4.7-2013.04-20130415 - Linaro GCC 2013.04) ) #1 SMP PREEMPT Sat Sep 12 17:03:38 PDT 2015
 CPU: ARMv7 Processor [411fc090] revision 0 (ARMv7), cr=10c5387d
 CPU: PIPT / VIPT nonaliasing data cache, VIPT aliasing instruction cache
 Machine model: Compulab TrimSlice board
@@ -78,20 +78,20 @@
 cma: Reserved 64 MiB at 0x3c000000
 Memory policy: Data cache writealloc
 On node 0 totalpages: 262144
-free_area_init_node: node 0, pgdat c09c2e80, node_mem_map eeff7000
+free_area_init_node: node 0, pgdat c09c1880, node_mem_map eeff7000
   Normal zone: 1520 pages used for memmap
   Normal zone: 0 pages reserved
   Normal zone: 194560 pages, LIFO batch:31
   HighMem zone: 67584 pages, LIFO batch:15
-PERCPU: Embedded 11 pages/cpu @eefcb000 s15104 r8192 d21760 u45056
-pcpu-alloc: s15104 r8192 d21760 u45056 alloc=11*4096
+PERCPU: Embedded 12 pages/cpu @eefc9000 s19392 r8192 d21568 u49152
+pcpu-alloc: s19392 r8192 d21568 u49152 alloc=12*4096
 pcpu-alloc: [0] 0 [0] 1 
 Built 1 zonelists in Zone order, mobility grouping on.  Total pages: 260624
 Kernel command line: ignore_loglevel console=ttyS0,115200n8 rw root=/dev/mmcblk0p1 rootwait gpt debug noinitrd earlyprintk init=/bin/bash
 PID hash table entries: 4096 (order: 2, 16384 bytes)
 Dentry cache hash table entries: 131072 (order: 7, 524288 bytes)
 Inode-cache hash table entries: 65536 (order: 6, 262144 bytes)
-Memory: 963476K/1048576K available (6933K kernel code, 346K rwdata, 2376K rodata, 312K init, 363K bss, 19564K reserved, 65536K cma-reserved, 204800K highmem)
+Memory: 963472K/1048576K available (6908K kernel code, 341K rwdata, 2388K rodata, 324K init, 363K bss, 19568K reserved, 65536K cma-reserved, 204800K highmem)
 Virtual kernel memory layout:
     vector  : 0xffff0000 - 0xffff1000   (   4 kB)
     fixmap  : 0xffc00000 - 0xfff00000   (3072 kB)
@@ -99,12 +99,11 @@
     lowmem  : 0xc0000000 - 0xef800000   ( 760 MB)
     pkmap   : 0xbfe00000 - 0xc0000000   (   2 MB)
     modules : 0xbf000000 - 0xbfe00000   (  14 MB)
-      .text : 0xc0008000 - 0xc091f86c   (9311 kB)
-      .init : 0xc0920000 - 0xc096e000   ( 312 kB)
-      .data : 0xc096e000 - 0xc09c4a40   ( 347 kB)
-       .bss : 0xc09c7000 - 0xc0a21c58   ( 364 kB)
+      .text : 0xc0008000 - 0xc091c654   (9298 kB)
+      .init : 0xc091d000 - 0xc096e000   ( 324 kB)
+      .data : 0xc096e000 - 0xc09c3400   ( 341 kB)
+       .bss : 0xc09c6000 - 0xc0a20d20   ( 364 kB)
 Preemptible hierarchical RCU implementation.
-	Additional per-CPU info printed with stalls.
 	Build-time adjustment of leaf fanout to 32.
 	RCU restricting CPUs from NR_CPUS=4 to nr_cpu_ids=2.
 RCU: Adjusting geometry for rcu_fanout_leaf=32, nr_cpu_ids=2
@@ -131,7 +130,7 @@
 CPU: Testing write buffer coherency: ok
 CPU0: thread -1, cpu 0, socket 0, mpidr 80000000
 Setting up static identity map for 0x8440 - 0x84d8
-Tegra Revision: A03 prime SKU: 8 CPU Process: 1 Core Process: 2
+Tegra Revision: A03 prime SKU: 8 CPU Process: 1 SoC Process: 2
 CPU1: thread -1, cpu 1, socket 0, mpidr 80000001
 Brought up 2 CPUs
 SMP: Total of 2 processors activated (4.00 BogoMIPS).
@@ -144,11 +143,10 @@
 DMA: preallocated 256 KiB pool for atomic coherent allocations
 cpuidle: using governor ladder
 cpuidle: using governor menu
+gpiochip_add: GPIOs 0..223 (tegra-gpio) failed to register
 No ATAGs?
 hw-breakpoint: found 5 (+1 reserved) breakpoint and 1 watchpoint registers.
 hw-breakpoint: maximum watchpoint size is 4 bytes.
-usb1_vbus: Failed to request enable GPIO170: -517
-reg-fixed-voltage regulators:regulator@2: Failed to register regulator: -517
 vgaarb: loaded
 SCSI subsystem initialized
 libata version 3.00 loaded.
@@ -179,7 +177,6 @@
 RPC: Registered tcp transport module.
 RPC: Registered tcp NFSv4.1 backchannel transport module.
 PCI: CLS 0 bytes, default 64
-hw perfevents: Failed to parse /pmu/interrupt-affinity[0]
 hw perfevents: enabled with armv7_cortex_a9 PMU driver, 7 counters available
 futex hash table entries: 512 (order: 3, 32768 bytes)
 squashfs: version 4.0 (2009/01/31) Phillip Lougher
@@ -193,16 +190,16 @@
 pci_bus 0000:00: root bus resource [bus 00-ff]
 pci_bus 0000:00: root bus resource [io  0x1000-0xffff]
 pci 0000:00:01.0: [10de:0bf0] type 01 class 0x060000
-pci 0000:00:01.0: IOMMU is currently not supported for PCI
 pci 0000:00:01.0: PME# supported from D0 D1 D2 D3hot D3cold
 PCI: bus0: Fast back to back transfers disabled
 pci 0000:00:01.0: bridge configuration invalid ([bus 00-00]), reconfiguring
+pci 0000:00:01.0: PCI bridge to [bus 01-ff]
+pci 0000:00:01.0:   bridge window [io  0x0000-0x0fff]
 pci 0000:01:00.0: [10ec:8168] type 00 class 0x020000
 pci 0000:01:00.0: reg 0x10: [io  0x0000-0x00ff]
 pci 0000:01:00.0: reg 0x18: [mem 0x00000000-0x00000fff 64bit pref]
 pci 0000:01:00.0: reg 0x20: [mem 0x00000000-0x00003fff 64bit pref]
 pci 0000:01:00.0: reg 0x30: [mem 0x00000000-0x0001ffff pref]
-pci 0000:01:00.0: IOMMU is currently not supported for PCI
 pci 0000:01:00.0: supports D1 D2
 pci 0000:01:00.0: PME# supported from D0 D1 D2 D3hot D3cold
 PCI: bus1: Fast back to back transfers disabled
@@ -224,11 +221,10 @@
 pcieport 0000:00:01.0: Signaling PME through PCIe PME interrupt
 pci 0000:01:00.0: Signaling PME through PCIe PME interrupt
 pcie_pme 0000:00:01.0:pcie01: service driver pcie_pme loaded
-tegra-ahb 6000c004.ahb: incorrect AHB base address in DT data - enabling workaround
 tegra-apbdma 6000a000.dma: Tegra20 APB DMA driver register 16 channels
 Serial: 8250/16550 driver, 4 ports, IRQ sharing disabled
 console [ttyS0] disabled
-70006000.serial: ttyS0 at MMIO 0x70006000 (irq = 279, base_baud = 13500000) is a Tegra
+70006000.serial: ttyS0 at MMIO 0x70006000 (irq = 55, base_baud = 13500000) is a Tegra
 console [ttyS0] enabled
 console [ttyS0] enabled
 bootconsole [earlycon0] disabled
@@ -241,17 +237,16 @@
 [drm] Cannot find any crtc or sizes - going 1024x768
 Console: switching to colour frame buffer device 128x48
 drm drm: fb0:  frame buffer device
-drm drm: registered panic notifier
 [drm] Initialized tegra 0.0.0 20120330 on minor 0
 loop: module loaded
 m25p80 spi32766.0: found s25fl008k, expected w25q80bl
 m25p80 spi32766.0: s25fl008k (1024 Kbytes)
 CAN device driver interface
-igb: Intel(R) Gigabit Ethernet Network Driver - version 5.2.18-k
+igb: Intel(R) Gigabit Ethernet Network Driver - version 5.3.0-k
 igb: Copyright (c) 2007-2014 Intel Corporation.
 r8169 Gigabit Ethernet driver 2.3LK-NAPI loaded
 r8169 0000:01:00.0: enabling device (0140 -> 0143)
-r8169 0000:01:00.0 eth0: RTL8168d/8111d at 0xf005c000, 00:01:c0:13:7d:63, XID 081000c0 IRQ 296
+r8169 0000:01:00.0 eth0: RTL8168d/8111d at 0xf005e000, 00:01:c0:13:7d:63, XID 081000c0 IRQ 72
 r8169 0000:01:00.0 eth0: jumbo features [frames: 9200 bytes, tx checksumming: ko]
 pegasus: v0.9.3 (2013/04/25), Pegasus/Pegasus II USB Ethernet driver
 usbcore: registered new interface driver pegasus
@@ -264,17 +259,14 @@
 usbcore: registered new interface driver cdc_subset
 usbcore: registered new interface driver zaurus
 usbcore: registered new interface driver cdc_ncm
-tegra-phy c5004000.usb-phy: no vbus regulator
+tegra-phy c5004000.usb-phy: invalid gpio: -517
 tegra-phy c5008000.usb-phy: no vbus regulator
 ehci_hcd: USB 2.0 'Enhanced' Host Controller (EHCI) Driver
 ehci-pci: EHCI PCI platform driver
 tegra-ehci: Tegra EHCI driver
-ulpi_phy_power_on: ulpi write failed
-tegra-ehci c5004000.usb: Failed to power on the phy
-tegra-ehci: probe of c5004000.usb failed with error -110
 tegra-ehci c5008000.usb: EHCI Host Controller
 tegra-ehci c5008000.usb: new USB bus registered, assigned bus number 1
-tegra-ehci c5008000.usb: irq 290, io mem 0xc5008000
+tegra-ehci c5008000.usb: irq 66, io mem 0xc5008000
 tegra-ehci c5008000.usb: USB 2.0 started, EHCI 1.00
 hub 1-0:1.0: USB hub found
 hub 1-0:1.0: 1 port detected
@@ -297,12 +289,6 @@
 sdhci-tegra c8000000.sdhci: No vqmmc regulator found
 mmc0: Invalid maximum block size, assuming 512 bytes
 mmc0: SDHCI controller on c8000000.sdhci [c8000000.sdhci] using ADMA
-sdhci-tegra c8000600.sdhci: Got CD GPIO
-sdhci-tegra c8000600.sdhci: Got WP GPIO
-sdhci-tegra c8000600.sdhci: No vmmc regulator found
-sdhci-tegra c8000600.sdhci: No vqmmc regulator found
-mmc1: Invalid maximum block size, assuming 512 bytes
-mmc1: SDHCI controller on c8000600.sdhci [c8000600.sdhci] using ADMA
 usbcore: registered new interface driver usbhid
 usbhid: USB HID core driver
 tlv320aic23-codec 2-001a: Control not supported for path LLINEIN -> [NULL] -> Line Input
@@ -314,13 +300,10 @@
 tlv320aic23-codec 2-001a: Control not supported for path MICIN -> [NULL] -> Mic Input
 tlv320aic23-codec 2-001a: ASoC: no dapm match for MICIN --> NULL --> Mic Input
 tlv320aic23-codec 2-001a: ASoC: Failed to add route MICIN -> NULL -> Mic Input
-usb 1-1: new high-speed USB device number 2 using tegra-ehci
 tegra-snd-trimslice sound: tlv320aic23-hifi <-> 70002800.i2s mapping ok
 NET: Registered protocol family 10
-mmc0: host does not support reading read-only switch, assuming write-enable
 mip6: Mobile IPv6
 sit: IPv6 over IPv4 tunneling driver
-mmc0: new high speed SDHC card at address b368
 NET: Registered protocol family 17
 NET: Registered protocol family 15
 can: controller area network core (rev 20120528 abi 9)
@@ -328,39 +311,52 @@
 can: raw protocol (rev 20120528)
 can: broadcast manager protocol (rev 20120528 t)
 can: netlink gateway (rev 20130117) max_hops=1
+usb 1-1: new high-speed USB device number 2 using tegra-ehci
 Bluetooth: RFCOMM socket layer initialized
-mmcblk0: mmc0:b368 NCard 3.70 GiB 
 Bluetooth: RFCOMM ver 1.11
- mmcblk0: p1
 Bluetooth: BNEP (Ethernet Emulation) ver 1.3
 Bluetooth: BNEP socket layer initialized
 Bluetooth: HIDP (Human Interface Emulation) ver 1.2
 Bluetooth: HIDP socket layer initialized
 Registering SWP/SWPB emulation handler
+mmc0: host does not support reading read-only switch, assuming write-enable
+mmc0: new high speed SDHC card at address b368
+tegra-phy c5004000.usb-phy: no vbus regulator
 utmi_phy_clk_enable: timeout waiting for phy to stabilize
 tegra-ehci c5000000.usb: EHCI Host Controller
 tegra-ehci c5000000.usb: new USB bus registered, assigned bus number 2
-tegra-ehci c5000000.usb: irq 288, io mem 0xc5000000
-hub 1-1:1.0: USB hub found
-hub 1-1:1.0: 4 ports detected
+tegra-ehci c5000000.usb: irq 64, io mem 0xc5000000
+mmcblk0: mmc0:b368 NCard 3.70 GiB 
+ mmcblk0: p1
 tegra-ehci c5000000.usb: USB 2.0 started, EHCI 1.00
 hub 2-0:1.0: USB hub found
 hub 2-0:1.0: 1 port detected
+hub 1-1:1.0: USB hub found
+hub 1-1:1.0: 4 ports detected
+ulpi_phy_power_on: ulpi write failed
+tegra-ehci c5004000.usb: Failed to power on the phy
+tegra-ehci: probe of c5004000.usb failed with error -110
+sdhci-tegra c8000600.sdhci: Got CD GPIO
+sdhci-tegra c8000600.sdhci: Got WP GPIO
+sdhci-tegra c8000600.sdhci: No vmmc regulator found
+sdhci-tegra c8000600.sdhci: No vqmmc regulator found
+mmc1: Invalid maximum block size, assuming 512 bytes
+mmc1: SDHCI controller on c8000600.sdhci [c8000600.sdhci] using ADMA
 input: gpio-keys as /devices/soc0/gpio-keys/input/input0
-rtc-em3027 2-0056: setting system clock to 2014-12-26 21:34:04 UTC (1419629644)
-mmc1: new high speed SD card at address b368
+rtc-em3027 2-0056: setting system clock to 2014-12-26 22:40:49 UTC (1419633649)
 ALSA device list:
   #0: tegra-trimslice
+EXT2-fs (mmcblk0p1): error: couldn't mount because of unsupported optional features (4)
+EXT4-fs (mmcblk0p1): mounting ext3 file system using the ext4 subsystem
+mmc1: new high speed SD card at address b368
 mmcblk1: mmc1:b368 NCard 1.83 GiB (ro)
-kjournald starting.  Commit interval 5 seconds
  mmcblk1: p1 p2
-EXT3-fs (mmcblk0p1): using internal journal
-EXT3-fs (mmcblk0p1): recovery complete
-EXT3-fs (mmcblk0p1): mounted filesystem with writeback data mode
+EXT4-fs (mmcblk0p1): recovery complete
+EXT4-fs (mmcblk0p1): mounted filesystem with ordered data mode. Opts: (null)
+usb 1-1.2: new high-speed USB device number 3 using tegra-ehci
 VFS: Mounted root (ext3 filesystem) on device 179:1.
 devtmpfs: mounted
-Freeing unused kernel memory: 312K (c0920000 - c096e000)
-usb 1-1.2: new high-speed USB device number 3 using tegra-ehci
+Freeing unused kernel memory: 324K (c091d000 - c096e000)
 bash: cannot set terminal process group (-1): Inappropriate ioctl for device
 bash: no job control in this shell
 root@(none):/# 
\ No newline at end of file
Diff for ./tegra30-beaver/tegra30-beaver/multi_v7_defconfig_log.txt
--- /tmp/fooa	2015-09-12 17:09:19.576011024 -0700
+++ /tmp/foob	2015-09-12 17:09:19.580011021 -0700
@@ -37,10 +37,10 @@
 	 #################################################################
 	 #################################################################
 	 #################################################################
-	 ##############################
-	 3.4 MiB/s
+	 ################################################
+	 3.3 MiB/s
 done
-Bytes transferred = 6156048 (5def10 hex)
+Bytes transferred = 6422544 (620010 hex)
 Tegra30 (Beaver) # tftpboot 0x82000000 tegra30-beaver.dtb
 Using asx0 device
 TFTP from server 192.168.100.1; our IP address is 192.168.100.101
@@ -49,17 +49,17 @@
 Loading: *####
 	 3.1 MiB/s
 done
-Bytes transferred = 51467 (c90b hex)
+Bytes transferred = 51539 (c953 hex)
 Tegra30 (Beaver) # bootz 0x81000000 - 0x82000000
-Kernel image @ 0x81000000 [ 0x000000 - 0x5def10 ]
+Kernel image @ 0x81000000 [ 0x000000 - 0x620010 ]
 ## Flattened Device Tree blob at 82000000
    Booting using the fdt blob at 0x82000000
-   Loading Device Tree to 8fff0000, end 8ffff90a ... OK
+   Loading Device Tree to 8fff0000, end 8ffff952 ... OK
 
 Starting kernel ...
 
 Booting Linux on physical CPU 0x0
-Linux version 4.2.0-28491-g64291f7 (pwalmsley@sellafield) (gcc version 4.7.3 20130328 (prerelease) (crosstool-NG linaro-1.13.1-4.7-2013.04-20130415 - Linaro GCC 2013.04) ) #1 SMP Sun Aug 30 12:03:08 PDT 2015
+Linux version 4.3.0-rc1-39922-g6ff33f3 (pwalmsley@sellafield) (gcc version 4.7.3 20130328 (prerelease) (crosstool-NG linaro-1.13.1-4.7-2013.04-20130415 - Linaro GCC 2013.04) ) #1 SMP Sat Sep 12 17:03:24 PDT 2015
 CPU: ARMv7 Processor [412fc099] revision 9 (ARMv7), cr=10c5387d
 CPU: PIPT / VIPT nonaliasing data cache, VIPT aliasing instruction cache
 Machine model: NVIDIA Tegra30 Beaver evaluation board
@@ -67,20 +67,20 @@
 cma: Reserved 64 MiB at 0xfb800000
 Memory policy: Data cache writealloc
 On node 0 totalpages: 524032
-free_area_init_node: node 0, pgdat c0efdb00, node_mem_map ee7f8000
+free_area_init_node: node 0, pgdat c0f773c0, node_mem_map ee7f8000
   DMA zone: 1520 pages used for memmap
   DMA zone: 0 pages reserved
   DMA zone: 194560 pages, LIFO batch:31
   HighMem zone: 329472 pages, LIFO batch:31
-PERCPU: Embedded 11 pages/cpu @ee797000 s14784 r8192 d22080 u45056
-pcpu-alloc: s14784 r8192 d22080 u45056 alloc=11*4096
+PERCPU: Embedded 12 pages/cpu @ee793000 s19136 r8192 d21824 u49152
+pcpu-alloc: s19136 r8192 d21824 u49152 alloc=12*4096
 pcpu-alloc: [0] 0 [0] 1 [0] 2 [0] 3 
 Built 1 zonelists in Zone order, mobility grouping on.  Total pages: 522512
 Kernel command line: ignore_loglevel console=ttyS0,115200n8 rw root=/dev/mmcblk0p1 rootwait gpt debug init=/bin/bash noinitrd
 PID hash table entries: 4096 (order: 2, 16384 bytes)
 Dentry cache hash table entries: 131072 (order: 7, 524288 bytes)
 Inode-cache hash table entries: 65536 (order: 6, 262144 bytes)
-Memory: 1999332K/2096128K available (7782K kernel code, 1038K rwdata, 3508K rodata, 944K init, 327K bss, 31260K reserved, 65536K cma-reserved, 1252352K highmem)
+Memory: 1998812K/2096128K available (8095K kernel code, 1012K rwdata, 3624K rodata, 1028K init, 340K bss, 31780K reserved, 65536K cma-reserved, 1252352K highmem)
 Virtual kernel memory layout:
     vector  : 0xffff0000 - 0xffff1000   (   4 kB)
     fixmap  : 0xffc00000 - 0xfff00000   (3072 kB)
@@ -88,13 +88,12 @@
     lowmem  : 0xc0000000 - 0xef800000   ( 760 MB)
     pkmap   : 0xbfe00000 - 0xc0000000   (   2 MB)
     modules : 0xbf000000 - 0xbfe00000   (  14 MB)
-      .text : 0xc0208000 - 0xc0d0fa90   (11295 kB)
-      .init : 0xc0d10000 - 0xc0dfc000   ( 944 kB)
-      .data : 0xc0dfc000 - 0xc0effb00   (1039 kB)
-       .bss : 0xc0f02000 - 0xc0f53c28   ( 328 kB)
+      .text : 0xc0208000 - 0xc0d7ae78   (11724 kB)
+      .init : 0xc0d7b000 - 0xc0e7c000   (1028 kB)
+      .data : 0xc0e7c000 - 0xc0f793a0   (1013 kB)
+       .bss : 0xc0f7c000 - 0xc0fd12e8   ( 341 kB)
 SLUB: HWalign=64, Order=0-3, MinObjects=0, CPUs=4, Nodes=1
 Hierarchical RCU implementation.
-	Additional per-CPU info printed with stalls.
 	Build-time adjustment of leaf fanout to 32.
 	RCU restricting CPUs from NR_CPUS=16 to nr_cpu_ids=4.
 RCU: Adjusting geometry for rcu_fanout_leaf=32, nr_cpu_ids=4
@@ -119,7 +118,7 @@
 CPU: Testing write buffer coherency: ok
 CPU0: thread -1, cpu 0, socket 0, mpidr 80000000
 Setting up static identity map for 0x80209000 - 0x80209098
-Tegra Revision: A03 SKU: 128 CPU Process: 4 Core Process: 0
+Tegra Revision: A03 SKU: 128 CPU Process: 4 SoC Process: 0
 CPU1: thread -1, cpu 1, socket 0, mpidr 80000001
 CPU2: thread -1, cpu 2, socket 0, mpidr 80000002
 CPU3: thread -1, cpu 3, socket 0, mpidr 80000003
@@ -134,19 +133,12 @@
 DMA: preallocated 256 KiB pool for atomic coherent allocations
 cpuidle: using governor ladder
 cpuidle: using governor menu
+gpiochip_add: GPIOs 0..255 (tegra-gpio) failed to register
 No ATAGs?
 hw-breakpoint: found 5 (+1 reserved) breakpoint and 1 watchpoint registers.
 hw-breakpoint: maximum watchpoint size is 4 bytes.
 Serial: AMBA PL011 UART driver
 tegra-mc 7000f000.memory-controller: no memory timings for RAM code 3 registered
-vdd_5v_sata: Failed to request enable GPIO30: -517
-reg-fixed-voltage regulators:regulator@3: Failed to register regulator: -517
-usb1_vbus: Failed to request enable GPIO238: -517
-reg-fixed-voltage regulators:regulator@4: Failed to register regulator: -517
-usb3_vbus: Failed to request enable GPIO236: -517
-reg-fixed-voltage regulators:regulator@5: Failed to register regulator: -517
-sys_3v3_pexs: Failed to request enable GPIO95: -517
-reg-fixed-voltage regulators:regulator@7: Failed to register regulator: -517
 vgaarb: loaded
 SCSI subsystem initialized
 libata version 3.00 loaded.
@@ -170,7 +162,6 @@
 RPC: Registered tcp transport module.
 RPC: Registered tcp NFSv4.1 backchannel transport module.
 PCI: CLS 0 bytes, default 64
-hw perfevents: Failed to parse /pmu/interrupt-affinity[0]
 hw perfevents: enabled with armv7_cortex_a9 PMU driver, 7 counters available
 futex hash table entries: 1024 (order: 4, 65536 bytes)
 squashfs: version 4.0 (2009/01/31) Phillip Lougher
@@ -202,14 +193,13 @@
 vdd_1v5_gen: supplied by vdd_5v_in
 vdd_pexa,vdd_pexb: supplied by vdd_1v5_gen
 tegra-pcie 3000.pcie-controller: Failed to get supply 'hvdd-pex': -517
-tegra-ahb 6000c004.ahb: incorrect AHB base address in DT data - enabling workaround
 tegra-apbdma 6000a000.dma: Tegra20 APB DMA driver register 32 channels
 tegra-pmc 7000e400.pmc: i2c-thermtrip node not found, emergency thermal reset disabled.
 Serial: 8250/16550 driver, 4 ports, IRQ sharing disabled
 SuperH (H)SCI(F) driver initialized
 msm_serial: driver initialized
 console [ttyS0] disabled
-70006000.serial: ttyS0 at MMIO 0x70006000 (irq = 331, base_baud = 25500000) is a Tegra
+70006000.serial: ttyS0 at MMIO 0x70006000 (irq = 75, base_baud = 25500000) is a Tegra
 console [ttyS0] enabled
 STMicroelectronics ASC driver initialized
 [drm] Initialized drm 1.1.0 20060810
@@ -219,7 +209,7 @@
 loop: module loaded
 m25p80 spi32766.1: w25q32 (4096 Kbytes)
 CAN device driver interface
-igb: Intel(R) Gigabit Ethernet Network Driver - version 5.2.18-k
+igb: Intel(R) Gigabit Ethernet Network Driver - version 5.3.0-k
 igb: Copyright (c) 2007-2014 Intel Corporation.
 pegasus: v0.9.3 (2013/04/25), Pegasus/Pegasus II USB Ethernet driver
 usbcore: registered new interface driver pegasus
@@ -259,19 +249,15 @@
 sdhci: Copyright(c) Pierre Ossman
 Synopsys Designware Multimedia Card Interface Driver
 sdhci-pltfm: SDHCI platform and OF driver helper
-sdhci-tegra 78000000.sdhci: Got CD GPIO
-sdhci-tegra 78000000.sdhci: Got WP GPIO
-sdhci-tegra 78000000.sdhci: No vmmc regulator found
-sdhci-tegra 78000000.sdhci: No vqmmc regulator found
-mmc0: Invalid maximum block size, assuming 512 bytes
-mmc0: SDHCI controller on 78000000.sdhci [78000000.sdhci] using ADMA
 sdhci-tegra 78000600.sdhci: No vmmc regulator found
 sdhci-tegra 78000600.sdhci: No vqmmc regulator found
-mmc1: Invalid maximum block size, assuming 512 bytes
-mmc1: SDHCI controller on 78000600.sdhci [78000600.sdhci] using ADMA
+mmc0: Invalid maximum block size, assuming 512 bytes
+mmc0: SDHCI controller on 78000600.sdhci [78000600.sdhci] using ADMA
 ledtrig-cpu: registered to indicate activity on CPUs
 usbcore: registered new interface driver usbhid
 usbhid: USB HID core driver
+NET: Registered protocol family 10
+sit: IPv6 over IPv4 tunneling driver
 NET: Registered protocol family 17
 can: controller area network core (rev 20120528 abi 9)
 NET: Registered protocol family 29
@@ -285,14 +271,14 @@
 sys_3v3,vdd_3v3_alw: supplied by vdd_5v_in
 sys_3v3_pexs: supplied by sys_3v3,vdd_3v3_alw
 tegra-pcie 3000.pcie-controller: probing port 0, using 2 lanes
-mmc1: new high speed MMC card at address 0001
-mmcblk0: mmc1:0001 SEM16G 14.8 GiB 
-mmcblk0boot0: mmc1:0001 SEM16G partition 1 1.00 MiB
-mmcblk0boot1: mmc1:0001 SEM16G partition 2 1.00 MiB
-mmcblk0rpmb: mmc1:0001 SEM16G partition 3 128 KiB
+mmc0: new high speed MMC card at address 0001
+mmcblk0: mmc0:0001 SEM16G 14.8 GiB 
+mmcblk0boot0: mmc0:0001 SEM16G partition 1 1.00 MiB
+mmcblk0boot1: mmc0:0001 SEM16G partition 2 1.00 MiB
+mmcblk0rpmb: mmc0:0001 SEM16G partition 3 128 KiB
+tegra-pcie 3000.pcie-controller: probing port 2, using 2 lanes
 Primary GPT is invalid, using alternate GPT.
  mmcblk0: p1 p2 p3 p4 p5
-tegra-pcie 3000.pcie-controller: probing port 2, using 2 lanes
 tegra-pcie 3000.pcie-controller: link 2 down, retrying
 tegra-pcie 3000.pcie-controller: link 2 down, retrying
 tegra-pcie 3000.pcie-controller: link 2 down, retrying
@@ -303,15 +289,15 @@
 pci_bus 0000:00: root bus resource [bus 00-ff]
 pci_bus 0000:00: root bus resource [io  0x1000-0xffff]
 pci 0000:00:01.0: [10de:0e1c] type 01 class 0x060400
-pci 0000:00:01.0: IOMMU is currently not supported for PCI
 pci 0000:00:01.0: PME# supported from D0 D1 D2 D3hot D3cold
 PCI: bus0: Fast back to back transfers disabled
 pci 0000:00:01.0: bridge configuration invalid ([bus 00-00]), reconfiguring
+pci 0000:00:01.0: PCI bridge to [bus 01-ff]
+pci 0000:00:01.0:   bridge window [io  0x0000-0x0fff]
 pci 0000:01:00.0: [10ec:8168] type 00 class 0x020000
 pci 0000:01:00.0: reg 0x10: [io  0x0000-0x00ff]
 pci 0000:01:00.0: reg 0x18: [mem 0x00000000-0x00000fff 64bit pref]
 pci 0000:01:00.0: reg 0x20: [mem 0x00000000-0x00003fff 64bit pref]
-pci 0000:01:00.0: IOMMU is currently not supported for PCI
 pci 0000:01:00.0: supports D1 D2
 pci 0000:01:00.0: PME# supported from D0 D1 D2 D3hot D3cold
 PCI: bus1: Fast back to back transfers disabled
@@ -331,7 +317,7 @@
 pcie_pme 0000:00:01.0:pcie01: service driver pcie_pme loaded
 r8169 Gigabit Ethernet driver 2.3LK-NAPI loaded
 r8169 0000:01:00.0: enabling device (0140 -> 0143)
-r8169 0000:01:00.0 eth0: RTL8168evl/8111evl at 0xf00d6000, 02:04:4b:01:60:a6, XID 0c900800 IRQ 375
+r8169 0000:01:00.0 eth0: RTL8168evl/8111evl at 0xf007e000, 02:04:4b:01:60:a6, XID 0c900800 IRQ 375
 r8169 0000:01:00.0 eth0: jumbo features [frames: 9200 bytes, tx checksumming: ko]
 [drm] Supports vblank timestamp caching Rev 2 (21.10.2013).
 [drm] No driver support for vblank timestamp query.
@@ -339,32 +325,38 @@
 [drm] Cannot find any crtc or sizes - going 1024x768
