
U-Boot SPL 2014.01-00219-gc4d376f (Feb 18 2014 - 19:57:18)


U-Boot 2014.01-00219-gc4d376f (Feb 18 2014 - 19:57:18)

TEGRA30
Board: NVIDIA Beaver
I2C:   ready
DRAM:  2 GiB
MMC:   Tegra SD/MMC: 0, Tegra SD/MMC: 1
In:    serial
Out:   serial
Err:   serial
Net:   Net Initialization Skipped
No ethernet found.
Hit any key to stop autoboot:  2  0 
Tegra30 (Beaver) # 
Tegra30 (Beaver) # usb reset
(Re)start USB...
USB0:   USB EHCI 1.00
scanning bus 0 for devices... 2 USB Device(s) found
       scanning usb for storage devices... 0 Storage Device(s) found
       scanning usb for ethernet devices... 
Warning: asx0 using MAC address from net device
1 Ethernet Device(s) found
Tegra30 (Beaver) # setenv bootargs 'ignore_loglevel console=ttyS0,115200n8 rw root=/dev/mmcblk0p1 rootwait gpt debug init=/bin/bash noinitrd'
Tegra30 (Beaver) # setenv ipaddr 192.168.100.101; setenv serverip 192.168.100.1; setenv tftpserverip 192.168.100.1
Tegra30 (Beaver) # tftpboot 0x81000000 zImage.multi_v7_defconfig
Using asx0 device
TFTP from server 192.168.100.1; our IP address is 192.168.100.101
Filename 'zImage.multi_v7_defconfig'.
Load address: 0x81000000
Loading: *#################################################################
	 #################################################################
	 #################################################################
	 #################################################################
	 #################################################################
	 #################################################################
	 ########
	 3.5 MiB/s
done
Bytes transferred = 5842632 (5926c8 hex)
Tegra30 (Beaver) # tftpboot 0x82000000 tegra30-beaver.dtb
Using asx0 device
TFTP from server 192.168.100.1; our IP address is 192.168.100.101
Filename 'tegra30-beaver.dtb'.
Load address: 0x82000000
Loading: *##
	 2.9 MiB/s
done
Bytes transferred = 24641 (6041 hex)
Tegra30 (Beaver) # bootz 0x81000000 - 0x82000000
Kernel image @ 0x81000000 [ 0x000000 - 0x5926c8 ]
## Flattened Device Tree blob at 82000000
   Booting using the fdt blob at 0x82000000
   Loading Device Tree to 8fff6000, end 8ffff040 ... OK

Starting kernel ...

[    0.000000] Booting Linux on physical CPU 0x0
[    0.000000] Linux version 4.0.0-rc1-23494-gc517d83 (pwalmsley@tamien) (gcc version 4.7.3 20130328 (prerelease) (crosstool-NG linaro-1.13.1-4.7-2013.04-20130415 - Linaro GCC 2013.04) ) #1 SMP Mon Mar 2 14:40:36 PST 2015
[    0.000000] CPU: ARMv7 Processor [412fc099] revision 9 (ARMv7), cr=10c5387d
[    0.000000] CPU: PIPT / VIPT nonaliasing data cache, VIPT aliasing instruction cache
[    0.000000] Machine model: NVIDIA Tegra30 Beaver evaluation board
[    0.000000] debug: ignoring loglevel setting.
[    0.000000] cma: Reserved 64 MiB at 0xfb800000
[    0.000000] Memory policy: Data cache writealloc
[    0.000000] On node 0 totalpages: 524032
[    0.000000] free_area_init_node: node 0, pgdat c0e34ac0, node_mem_map ee7f8000
[    0.000000]   DMA zone: 1520 pages used for memmap
[    0.000000]   DMA zone: 0 pages reserved
[    0.000000]   DMA zone: 194560 pages, LIFO batch:31
[    0.000000]   HighMem zone: 329472 pages, LIFO batch:31
[    0.000000] PERCPU: Embedded 11 pages/cpu @ee7b1000 s12480 r8192 d24384 u45056
[    0.000000] pcpu-alloc: s12480 r8192 d24384 u45056 alloc=11*4096
[    0.000000] pcpu-alloc: [0] 0 [0] 1 [0] 2 [0] 3 
[    0.000000] Built 1 zonelists in Zone order, mobility grouping on.  Total pages: 522512
[    0.000000] Kernel command line: ignore_loglevel console=ttyS0,115200n8 rw root=/dev/mmcblk0p1 rootwait gpt debug init=/bin/bash noinitrd
[    0.000000] PID hash table entries: 4096 (order: 2, 16384 bytes)
[    0.000000] Dentry cache hash table entries: 131072 (order: 7, 524288 bytes)
[    0.000000] Inode-cache hash table entries: 65536 (order: 6, 262144 bytes)
[    0.000000] Memory: 2000288K/2096128K available (7602K kernel code, 922K rwdata, 3168K rodata, 780K init, 307K bss, 30304K reserved, 65536K cma-reserved, 1252352K highmem)
[    0.000000] Virtual kernel memory layout:
[    0.000000]     vector  : 0xffff0000 - 0xffff1000   (   4 kB)
[    0.000000]     fixmap  : 0xffc00000 - 0xfff00000   (3072 kB)
[    0.000000]     vmalloc : 0xf0000000 - 0xff000000   ( 240 MB)
[    0.000000]     lowmem  : 0xc0000000 - 0xef800000   ( 760 MB)
[    0.000000]     pkmap   : 0xbfe00000 - 0xc0000000   (   2 MB)
[    0.000000]     modules : 0xbf000000 - 0xbfe00000   (  14 MB)
[    0.000000]       .text : 0xc0208000 - 0xc0c8cb18   (10771 kB)
[    0.000000]       .init : 0xc0c8d000 - 0xc0d50000   ( 780 kB)
[    0.000000]       .data : 0xc0d50000 - 0xc0e36a20   ( 923 kB)
[    0.000000]        .bss : 0xc0e36a20 - 0xc0e838e8   ( 308 kB)
[    0.000000] SLUB: HWalign=64, Order=0-3, MinObjects=0, CPUs=4, Nodes=1
[    0.000000] Hierarchical RCU implementation.
[    0.000000] 	Additional per-CPU info printed with stalls.
[    0.000000] 	RCU restricting CPUs from NR_CPUS=8 to nr_cpu_ids=4.
[    0.000000] RCU: Adjusting geometry for rcu_fanout_leaf=16, nr_cpu_ids=4
[    0.000000] NR_IRQS:16 nr_irqs:16 16
[    0.000000] L2C: platform modifies aux control register: 0x02080000 -> 0x3e480001
[    0.000000] L2C: DT/platform modifies aux control register: 0x02080000 -> 0x3e480001
[    0.000000] L2C-310 erratum 769419 enabled
[    0.000000] L2C-310 enabling early BRESP for Cortex-A9
[    0.000000] L2C-310: enabling full line of zeros but not enabled in Cortex-A9
[    0.000000] L2C-310 ID prefetch enabled, offset 1 lines
[    0.000000] L2C-310 dynamic clock gating enabled, standby mode enabled
[    0.000000] L2C-310 cache controller enabled, 8 ways, 1024 kB
[    0.000000] L2C-310: CACHE_ID 0x410000c7, AUX_CTRL 0x7e480001
[    0.000013] sched_clock: 32 bits at 1000kHz, resolution 1000ns, wraps every 2147483648000ns
[    0.000031] Switching to timer-based delay loop, resolution 1000ns
[    0.001167] Console: colour dummy device 80x30
[    0.001188] Calibrating delay loop (skipped), value calculated using timer frequency.. 2.00 BogoMIPS (lpj=5000)
[    0.001196] pid_max: default: 32768 minimum: 301
[    0.001283] Mount-cache hash table entries: 2048 (order: 1, 8192 bytes)
[    0.001290] Mountpoint-cache hash table entries: 2048 (order: 1, 8192 bytes)
[    0.001695] CPU: Testing write buffer coherency: ok
[    0.001897] CPU0: thread -1, cpu 0, socket 0, mpidr 80000000
[    0.001962] Setting up static identity map for 0x8092fc90 - 0x8092fd28
[    0.003059] Tegra Revision: A03 SKU: 128 CPU Process: 4 Core Process: 0
[    0.004223] CPU1: thread -1, cpu 1, socket 0, mpidr 80000001
[    0.005088] CPU2: thread -1, cpu 2, socket 0, mpidr 80000002
[    0.005956] CPU3: thread -1, cpu 3, socket 0, mpidr 80000003
[    0.005996] Brought up 4 CPUs
[    0.006008] SMP: Total of 4 processors activated (8.00 BogoMIPS).
[    0.006013] CPU: All CPU(s) started in SVC mode.
[    0.006430] devtmpfs: initialized
[    0.006964] VFP support v0.3: implementor 41 architecture 3 part 30 variant 9 rev 4
[    0.010486] pinctrl core: initialized pinctrl subsystem
[    0.014570] NET: Registered protocol family 16
[    0.017559] DMA: preallocated 256 KiB pool for atomic coherent allocations
[    0.029969] cpuidle: using governor ladder
[    0.044959] cpuidle: using governor menu
[    0.052410] No ATAGs?
[    0.052438] hw-breakpoint: found 5 (+1 reserved) breakpoint and 1 watchpoint registers.
[    0.052445] hw-breakpoint: maximum watchpoint size is 4 bytes.
[    0.054133] Serial: AMBA PL011 UART driver
[    0.072149] platform regulators:regulator@1: Driver reg-fixed-voltage requests probe deferral
[    0.072188] platform regulators:regulator@2: Driver reg-fixed-voltage requests probe deferral
[    0.072286] vdd_5v_sata: Failed to request enable GPIO30: -517
[    0.072343] reg-fixed-voltage regulators:regulator@3: Failed to register regulator: -517
[    0.072354] platform regulators:regulator@3: Driver reg-fixed-voltage requests probe deferral
[    0.072444] usb1_vbus: Failed to request enable GPIO238: -517
[    0.072492] reg-fixed-voltage regulators:regulator@4: Failed to register regulator: -517
[    0.072502] platform regulators:regulator@4: Driver reg-fixed-voltage requests probe deferral
[    0.072592] usb3_vbus: Failed to request enable GPIO236: -517
[    0.072639] reg-fixed-voltage regulators:regulator@5: Failed to register regulator: -517
[    0.072648] platform regulators:regulator@5: Driver reg-fixed-voltage requests probe deferral
[    0.072687] platform regulators:regulator@6: Driver reg-fixed-voltage requests probe deferral
[    0.072778] sys_3v3_pexs: Failed to request enable GPIO95: -517
[    0.072826] reg-fixed-voltage regulators:regulator@7: Failed to register regulator: -517
[    0.072835] platform regulators:regulator@7: Driver reg-fixed-voltage requests probe deferral
[    0.072937] reg-fixed-voltage regulators:regulator@8: Failed to find supply vin
[    0.072986] reg-fixed-voltage regulators:regulator@8: Failed to register regulator: -517
[    0.072996] platform regulators:regulator@8: Driver reg-fixed-voltage requests probe deferral
[    0.074511] vgaarb: loaded
[    0.074924] SCSI subsystem initialized
[    0.075097] libata version 3.00 loaded.
[    0.075310] usbcore: registered new interface driver usbfs
[    0.075347] usbcore: registered new interface driver hub
[    0.075384] usbcore: registered new device driver usb
[    0.082551] vrtc: supplied by vdd_5v_in
[    0.089962] vdd_1v8_gen: supplied by vdd_5v_in
[    0.094961] vddio_ddr_1v2: supplied by vdd_5v_in
[    0.099961] vdd_1v5_gen: supplied by vdd_5v_in
[    0.107263] vdd_pexa,vdd_pexb: supplied by vdd_1v5_gen
[    0.109947] vdd_sata,avdd_plle: supplied by vdd_1v5_gen
[    0.112287] ldo3: supplied by vdd_5v_in
[    0.114961] vdd_rtc: supplied by vdd_5v_in
[    0.119962] vddio_sdmmc,avdd_vdac: supplied by vdd_5v_in
[    0.122628] avdd_dsi_csi,pwrdet_mipi: supplied by vdd_1v8_gen
[    0.129956] vdd_pllm,x,u,a_p_c_s: supplied by vdd_1v8_gen
[    0.134958] vdd_ddr_hs: supplied by vdd_1v8_gen
[    0.136732] Linux video capture interface: v2.00
[    0.136765] pps_core: LinuxPPS API ver. 1 registered
[    0.136769] pps_core: Software ver. 5.3.6 - Copyright 2005-2007 Rodolfo Giometti <giometti@linux.it>
[    0.136796] PTP clock support registered
[    0.136970] EDAC MC: Ver: 3.0.0
[    0.137303] Advanced Linux Sound Architecture Driver Initialized.
[    0.138053] Switched to clocksource timer_us
[    0.144209] NET: Registered protocol family 2
[    0.144659] TCP established hash table entries: 8192 (order: 3, 32768 bytes)
[    0.144707] TCP bind hash table entries: 8192 (order: 4, 65536 bytes)
[    0.144789] TCP: Hash tables configured (established 8192 bind 8192)
[    0.144865] TCP: reno registered
[    0.144876] UDP hash table entries: 512 (order: 2, 16384 bytes)
[    0.144931] UDP-Lite hash table entries: 512 (order: 2, 16384 bytes)
[    0.145096] NET: Registered protocol family 1
[    0.145338] RPC: Registered named UNIX socket transport module.
[    0.145344] RPC: Registered udp transport module.
[    0.145347] RPC: Registered tcp transport module.
[    0.145351] RPC: Registered tcp NFSv4.1 backchannel transport module.
[    0.145368] PCI: CLS 0 bytes, default 64
[    0.146055] hw perfevents: enabled with armv7_cortex_a9 PMU driver, 7 counters available
[    0.146946] futex hash table entries: 1024 (order: 4, 65536 bytes)
[    0.153208] squashfs: version 4.0 (2009/01/31) Phillip Lougher
[    0.153716] NFS: Registering the id_resolver key type
[    0.153755] Key type id_resolver registered
[    0.153759] Key type id_legacy registered
[    0.153801] ntfs: driver 2.1.31 [Flags: R/O].
[    0.154487] bounce: pool size: 64 pages
[    0.154609] Block layer SCSI generic (bsg) driver version 0.4 loaded (major 249)
[    0.154621] io scheduler noop registered
[    0.154630] io scheduler deadline registered
[    0.154720] io scheduler cfq registered (default)
[    0.160323] tegra-pcie 3000.pcie-controller: 2x3 configuration
[    0.160427] tegra-pcie 3000.pcie-controller: Failed to get supply 'hvdd-pex': -517
[    0.160485] platform 3000.pcie-controller: Driver tegra-pcie requests probe deferral
[    0.163294] tegra-apbdma 6000a000.dma: Tegra20 APB DMA driver register 32 channels
[    0.163735] tegra-pmc 7000e400.pmc: i2c-thermtrip node not found, emergency thermal reset disabled.
[    0.196171] Serial: 8250/16550 driver, 4 ports, IRQ sharing disabled
[    0.197782] msm_serial: driver initialized
[    0.198454] console [ttyS0] disabled
[    0.198487] 70006000.serial: ttyS0 at MMIO 0x70006000 (irq = 331, base_baud = 25500000) is a Tegra
[    1.114047] console [ttyS0] enabled
[    1.118013] STMicroelectronics ASC driver initialized
[    1.124431] [drm] Initialized drm 1.1.0 20060810
[    1.130011] tegra-hdmi 54280000.hdmi: failed to get HDMI regulator
[    1.136204] platform 54280000.hdmi: Driver tegra-hdmi requests probe deferral
[    1.147657] loop: module loaded
[    1.154409] m25p80 spi32766.1: w25q32 (4096 Kbytes)
[    1.160646] CAN device driver interface
[    1.165107] igb: Intel(R) Gigabit Ethernet Network Driver - version 5.2.15-k
[    1.172146] igb: Copyright (c) 2007-2014 Intel Corporation.
[    1.178714] pegasus: v0.9.3 (2013/04/25), Pegasus/Pegasus II USB Ethernet driver
[    1.186151] usbcore: registered new interface driver pegasus
[    1.191839] usbcore: registered new interface driver asix
[    1.197258] usbcore: registered new interface driver ax88179_178a
[    1.203370] usbcore: registered new interface driver cdc_ether
[    1.209243] usbcore: registered new interface driver smsc75xx
[    1.215019] usbcore: registered new interface driver smsc95xx
[    1.220793] usbcore: registered new interface driver net1080
[    1.226472] usbcore: registered new interface driver cdc_subset
[    1.232409] usbcore: registered new interface driver zaurus
[    1.238033] usbcore: registered new interface driver cdc_ncm
[    1.244313] ehci_hcd: USB 2.0 'Enhanced' Host Controller (EHCI) Driver
[    1.250837] ehci-pci: EHCI PCI platform driver
[    1.255306] ehci-platform: EHCI generic platform driver
[    1.260640] ehci-omap: OMAP-EHCI Host Controller driver
[    1.265930] ehci-orion: EHCI orion driver
[    1.270005] SPEAr-ehci: EHCI SPEAr driver
[    1.274083] ehci-st: EHCI STMicroelectronics driver
[    1.279027] ehci-exynos: EHCI EXYNOS driver
[    1.283291] tegra-ehci: Tegra EHCI driver
[    1.287453] platform 7d004000.usb: Driver tegra-ehci requests probe deferral
[    1.294551] platform 7d008000.usb: Driver tegra-ehci requests probe deferral
[    1.301629] ohci_hcd: USB 1.1 'Open' Host Controller (OHCI) Driver
[    1.307814] ohci-pci: OHCI PCI platform driver
[    1.312287] ohci-platform: OHCI generic platform driver
[    1.317612] ohci-omap3: OHCI OMAP3 driver
[    1.321692] SPEAr-ohci: OHCI SPEAr driver
[    1.325777] ohci-st: OHCI STMicroelectronics driver
[    1.330775] usbcore: registered new interface driver usb-storage
[    1.336934] platform 7d004000.usb-phy: Driver tegra-phy requests probe deferral
[    1.344289] platform 7d008000.usb-phy: Driver tegra-phy requests probe deferral
[    1.352551] mousedev: PS/2 mouse device common for all mice
[    1.359956] tegra_rtc 7000e000.rtc: rtc core: registered 7000e000.rtc as rtc1
[    1.367121] tegra_rtc 7000e000.rtc: Tegra internal Real Time Clock
[    1.385909] tps65910-rtc tps65910-rtc: rtc core: registered tps65910-rtc as rtc0
[    1.393430] i2c /dev entries driver
[    1.398217] usbcore: registered new interface driver uvcvideo
[    1.403960] USB Video Class driver (1.1.1)
[    1.408055] gspca_main: v2.14.0 registered
[    1.414204] Driver 'mmcblk' needs updating - please use bus_type methods
[    1.420943] sdhci: Secure Digital Host Controller Interface driver
[    1.427114] sdhci: Copyright(c) Pierre Ossman
[    1.431909] Synopsys Designware Multimedia Card Interface Driver
[    1.438422] sdhci-pltfm: SDHCI platform and OF driver helper
[    1.444493] sdhci-tegra 78000000.sdhci: Got CD GPIO
[    1.449380] sdhci-tegra 78000000.sdhci: Got WP GPIO
[    1.455383] sdhci-tegra 78000000.sdhci: No vmmc regulator found
[    1.461299] sdhci-tegra 78000000.sdhci: No vqmmc regulator found
[    1.467298] mmc0: Invalid maximum block size, assuming 512 bytes
[    1.508153] mmc0: SDHCI controller on 78000000.sdhci [78000000.sdhci] using ADMA
[    1.516699] sdhci-tegra 78000600.sdhci: No vmmc regulator found
[    1.522618] sdhci-tegra 78000600.sdhci: No vqmmc regulator found
[    1.528615] mmc1: Invalid maximum block size, assuming 512 bytes
[    1.568062] mmc1: SDHCI controller on 78000600.sdhci [78000600.sdhci] using ADMA
[    1.580160] ledtrig-cpu: registered to indicate activity on CPUs
[    1.586315] usbcore: registered new interface driver usbhid
[    1.591888] usbhid: USB HID core driver
[    1.597626] usbcore: registered new interface driver snd-usb-audio
[    1.679250] mmc1: new high speed MMC card at address 0001
[    1.684906] mmcblk0: mmc1:0001 SEM16G 14.8 GiB 
[    1.689510] mmcblk0boot0: mmc1:0001 SEM16G partition 1 1.00 MiB
[    1.695495] mmcblk0boot1: mmc1:0001 SEM16G partition 2 1.00 MiB
[    1.701484] mmcblk0rpmb: mmc1:0001 SEM16G partition 3 128 KiB
[    1.709955] Primary GPT is invalid, using alternate GPT.
[    1.715280]  mmcblk0: p1 p2 p3 p4 p5
[    2.019299] tegra30-i2s 70080400.i2s: DMA channels sourced from device 70080000.ahub
[    2.034953] tegra-snd-rt5640 sound: rt5640-aif1 <-> 70080400.i2s mapping ok
[    2.043870] input: NVIDIA Tegra Beaver Headphones as /devices/soc0/sound/sound/card0/input0
[    2.053299] TCP: cubic registered
[    2.056611] NET: Registered protocol family 17
[    2.061072] can: controller area network core (rev 20120528 abi 9)
[    2.067298] NET: Registered protocol family 29
[    2.071745] can: raw protocol (rev 20120528)
[    2.076015] can: broadcast manager protocol (rev 20120528 t)
[    2.081672] can: netlink gateway (rev 20130117) max_hops=1
[    2.087416] Key type dns_resolver registered
[    2.092057] ThumbEE CPU extension supported.
[    2.096341] Registering SWP/SWPB emulation handler
[    2.105749] vdd_ddr: supplied by vdd_5v_in
[    2.110098] vdd_5v_sata: supplied by vdd_5v_in
[    2.114756] usb1_vbus: supplied by vdd_5v_in
[    2.119288] usb3_vbus: supplied by vdd_5v_in
[    2.125141] sys_3v3,vdd_3v3_alw: supplied by vdd_5v_in
[    2.130484] sys_3v3_pexs: supplied by sys_3v3,vdd_3v3_alw
[    2.136103] +VDD_5V_HDMI: supplied by sys_3v3,vdd_3v3_alw
[    2.141883] tegra-pcie 3000.pcie-controller: 2x3 configuration
[    2.150335] tegra-pcie 3000.pcie-controller: probing port 0, using 2 lanes
[    2.215487] tegra-pcie 3000.pcie-controller: probing port 2, using 2 lanes
[    2.625623] tegra-pcie 3000.pcie-controller: link 2 down, retrying
[    3.035612] tegra-pcie 3000.pcie-controller: link 2 down, retrying
[    3.445606] tegra-pcie 3000.pcie-controller: link 2 down, retrying
[    3.453799] tegra-pcie 3000.pcie-controller: link 2 down, ignoring
[    3.460107] tegra-pcie 3000.pcie-controller: PCI host bridge to bus 0000:00
[    3.467069] pci_bus 0000:00: root bus resource [mem 0x20000000-0x27ffffff]
[    3.473935] pci_bus 0000:00: root bus resource [mem 0x28000000-0x3fffffff pref]
[    3.481234] pci_bus 0000:00: root bus resource [bus 00-ff]
[    3.486711] pci_bus 0000:00: root bus resource [io  0x1000-0xffff]
[    3.492907] pci 0000:00:01.0: [10de:0e1c] type 01 class 0x060400
[    3.498961] pci 0000:00:01.0: PME# supported from D0 D1 D2 D3hot D3cold
[    3.505721] PCI: bus0: Fast back to back transfers disabled
[    3.511295] pci 0000:00:01.0: bridge configuration invalid ([bus 00-00]), reconfiguring
[    3.519394] pci 0000:01:00.0: [10ec:8168] type 00 class 0x020000
[    3.525411] pci 0000:01:00.0: reg 0x10: [io  0x0000-0x00ff]
[    3.530992] pci 0000:01:00.0: reg 0x18: [mem 0x00000000-0x00000fff 64bit pref]
[    3.538215] pci 0000:01:00.0: reg 0x20: [mem 0x00000000-0x00003fff 64bit pref]
[    3.545495] pci 0000:01:00.0: supports D1 D2
[    3.549762] pci 0000:01:00.0: PME# supported from D0 D1 D2 D3hot D3cold
[    3.563078] PCI: bus1: Fast back to back transfers disabled
[    3.568649] pci_bus 0000:01: busn_res: [bus 01-ff] end is updated to 01
[    3.575309] pci 0000:00:01.0: BAR 9: assigned [mem 0x28000000-0x280fffff 64bit pref]
[    3.583050] pci 0000:00:01.0: BAR 7: assigned [io  0x1000-0x1fff]
[    3.589139] pci 0000:01:00.0: BAR 4: assigned [mem 0x28000000-0x28003fff 64bit pref]
[    3.596881] pci 0000:01:00.0: BAR 2: assigned [mem 0x28004000-0x28004fff 64bit pref]
[    3.604621] pci 0000:01:00.0: BAR 0: assigned [io  0x1000-0x10ff]
[    3.610708] pci 0000:00:01.0: PCI bridge to [bus 01]
[    3.615666] pci 0000:00:01.0:   bridge window [io  0x1000-0x1fff]
[    3.621751] pci 0000:00:01.0:   bridge window [mem 0x28000000-0x280fffff 64bit pref]
[    3.629496] pci 0000:00:01.0: nv_msi_ht_cap_quirk didn't locate host bridge
[    3.636516] pcieport 0000:00:01.0: enabling device (0140 -> 0143)
[    3.642732] pcieport 0000:00:01.0: Signaling PME through PCIe PME interrupt
[    3.649689] pci 0000:01:00.0: Signaling PME through PCIe PME interrupt
[    3.656209] pcie_pme 0000:00:01.0:pcie01: service driver pcie_pme loaded
[    3.663080] r8169 Gigabit Ethernet driver 2.3LK-NAPI loaded
[    3.668666] r8169 0000:01:00.0: enabling device (0140 -> 0143)
[    3.675169] r8169 0000:01:00.0 eth0: RTL8168evl/8111evl at 0xf00e8000, 02:04:4b:01:60:a6, XID 0c900800 IRQ 375
[    3.685169] r8169 0000:01:00.0 eth0: jumbo features [frames: 9200 bytes, tx checksumming: ko]
[    3.695430] [drm] Supports vblank timestamp caching Rev 2 (21.10.2013).
[    3.702070] [drm] No driver support for vblank timestamp query.
[    3.708004] drm drm: No connectors reported connected with modes
[    3.714012] [drm] Cannot find any crtc or sizes - going 1024x768
[    3.739551] Console: switching to colour frame buffer device 128x48
[    3.752076] drm drm: fb0:  frame buffer device
[    3.756517] drm drm: registered panic notifier
[    3.773068] [drm] Initialized tegra 0.0.0 20120330 on minor 0
[    3.779546] platform 7d004000.usb: Driver tegra-ehci requests probe deferral
[    3.787262] platform 7d008000.usb: Driver tegra-ehci requests probe deferral
[    3.798085] utmi_phy_clk_enable: timeout waiting for phy to stabilize
[    3.804540] tegra-ehci 7d004000.usb: EHCI Host Controller
[    3.809947] tegra-ehci 7d004000.usb: new USB bus registered, assigned bus number 1
[    3.818205] tegra-ehci 7d004000.usb: irq 343, io mem 0x7d004000
[    3.833068] tegra-ehci 7d004000.usb: USB 2.0 started, EHCI 1.00
[    3.839455] hub 1-0:1.0: USB hub found
[    3.843259] hub 1-0:1.0: 1 port detected
[    3.847867] tegra-ehci 7d008000.usb: EHCI Host Controller
[    3.853293] tegra-ehci 7d008000.usb: new USB bus registered, assigned bus number 2
[    3.861060] tegra-ehci 7d008000.usb: irq 344, io mem 0x7d008000
[    3.873067] tegra-ehci 7d008000.usb: USB 2.0 started, EHCI 1.00
[    3.879377] hub 2-0:1.0: USB hub found
[    3.883163] hub 2-0:1.0: 1 port detected
[    3.892115] tps65910-rtc tps65910-rtc: setting system clock to 2000-01-01 00:00:02 UTC (946684802)
[    3.905521] usb1_vbus: disabling
[    3.908821] vdd_sata,avdd_plle: disabling
[    3.913363] ALSA device list:
[    3.916321]   #0: NVIDIA Tegra Beaver
[    3.921820] EXT4-fs (mmcblk0p1): mounting ext3 file system using the ext4 subsystem
[    3.935915] EXT4-fs (mmcblk0p1): warning: mounting fs with errors, running e2fsck is recommended
[    3.946194] EXT4-fs (mmcblk0p1): recovery complete
[    3.950998] EXT4-fs (mmcblk0p1): mounted filesystem with ordered data mode. Opts: (null)
[    3.959107] VFS: Mounted root (ext3 filesystem) on device 179:1.
[    3.974589] devtmpfs: mounted
[    3.978219] Freeing unused kernel memory: 780K (c0c8d000 - c0d50000)
bash: cannot set terminal process group (-1): Inappropriate ioctl for device
bash: no job control in this shell
root@(none):/# [    4.193114] usb 2-1: new high-speed USB device number 2 using tegra-ehci
