
U-Boot SPL 2013.04-rc2-06423-gf2e8a87-dirty (May 15 2013 - 09:45:39)


U-Boot 2013.04-rc2-06423-gf2e8a87-dirty (May 15 2013 - 09:45:39)

TEGRA30
Board: NVIDIA Beaver
DRAM:  2 GiB
MMC:   Tegra SD/MMC: 0, Tegra SD/MMC: 1
*** Warning - bad CRC, using default environment

In:    serial
Out:   serial
Err:   serial
Hit any key to stop autoboot:  2  0 
Tegra30 (Beaver) # 
Tegra30 (Beaver) # setenv bootargs 'console=ttyS0,230400n8 noinitrd root=/dev/mmcblk0p1 rw rootwait gpt ignore_loglevel debug'
Tegra30 (Beaver) # loady 0x81000000
## Ready for binary (ymodem) download to 0x81000000 at 230400 bps...
CSending: zImage
Sending: 

Transfer complete
yzModem - CRC mode, 7(SOH)/4225(STX)/0(CAN) packets, 3 retries
## Total Size      = 0x00420628 = 4326952 Bytes
Tegra30 (Beaver) # loady 0x82000000
## Ready for binary (ymodem) download to 0x82000000 at 230400 bps...
CSending: tegra30-beaver.dtb
Sending: 

Transfer complete
yzModem - CRC mode, 2(SOH)/17(STX)/0(CAN) packets, 3 retries
## Total Size      = 0x0000439d = 17309 Bytes
Tegra30 (Beaver) # bootz 0x81000000 - 0x82000000
## Flattened Device Tree blob at 82000000
   Booting using the fdt blob at 0x82000000
   Loading Device Tree to 8fff8000, end 8ffff39c ... OK

Starting kernel ...

[    0.000000] Booting Linux on physical CPU 0x0
[    0.000000] Initializing cgroup subsys cpu
[    0.000000] Initializing cgroup subsys cpuacct
[    0.000000] Linux version 3.11.0-rc1-10775-gad81f05 (pwalmsley@tamien) (gcc version 4.5.1 (Sourcery G++ Lite 2010.09-50) ) #1 SMP PREEMPT Mon Jul 29 19:25:16 PDT 2013
[    0.000000] CPU: ARMv7 Processor [412fc099] revision 9 (ARMv7), cr=10c5387d
[    0.000000] CPU: PIPT / VIPT nonaliasing data cache, VIPT aliasing instruction cache
[    0.000000] Machine: NVIDIA Tegra SoC (Flattened Device Tree), model: NVIDIA Tegra30 Beaver evaluation board
[    0.000000] debug: ignoring loglevel setting.
[    0.000000] cma: CMA: reserved 16 MiB at ae800000
[    0.000000] Memory policy: ECC disabled, Data cache writealloc
[    0.000000] On node 0 totalpages: 524032
[    0.000000] free_area_init_node: node 0, pgdat c07ff640, node_mem_map c0857000
[    0.000000]   Normal zone: 1520 pages used for memmap
[    0.000000]   Normal zone: 0 pages reserved
[    0.000000]   Normal zone: 194560 pages, LIFO batch:31
[    0.000000]   HighMem zone: 2574 pages used for memmap
[    0.000000]   HighMem zone: 329472 pages, LIFO batch:31
[    0.000000] fuse_speedo_calib: ATE prog ver 3.3
[    0.000000] Tegra30: CPU Speedo ID 5, Soc Speedo ID 2
[    0.000000] Tegra Revision: A03 SKU: 128 CPU Process: 4 Core Process: 0
[    0.000000] L310 cache controller enabled
[    0.000000] l2x0: 8 ways, CACHE_ID 0x410000c7, AUX_CTRL 0x7e480001, Cache size: 1048576 B
[    0.000000] PERCPU: Embedded 8 pages/cpu @c1869000 s9536 r8192 d15040 u32768
[    0.000000] pcpu-alloc: s9536 r8192 d15040 u32768 alloc=8*4096
[    0.000000] pcpu-alloc: [0] 0 [0] 1 [0] 2 [0] 3 
[    0.000000] Built 1 zonelists in Zone order, mobility grouping on.  Total pages: 522512
[    0.000000] Kernel command line: console=ttyS0,230400n8 noinitrd root=/dev/mmcblk0p1 rw rootwait gpt ignore_loglevel debug
[    0.000000] PID hash table entries: 4096 (order: 2, 16384 bytes)
[    0.000000] Dentry cache hash table entries: 131072 (order: 7, 524288 bytes)
[    0.000000] Inode-cache hash table entries: 65536 (order: 6, 262144 bytes)
[    0.000000] Memory: 2053756K/2096128K available (5874K kernel code, 299K rwdata, 1748K rodata, 237K init, 342K bss, 42372K reserved, 1317888K highmem)
[    0.000000] Virtual kernel memory layout:
[    0.000000]     vector  : 0xffff0000 - 0xffff1000   (   4 kB)
[    0.000000]     fixmap  : 0xfff00000 - 0xfffe0000   ( 896 kB)
[    0.000000]     vmalloc : 0xf0000000 - 0xff000000   ( 240 MB)
[    0.000000]     lowmem  : 0xc0000000 - 0xef800000   ( 760 MB)
[    0.000000]     pkmap   : 0xbfe00000 - 0xc0000000   (   2 MB)
[    0.000000]     modules : 0xbf000000 - 0xbfe00000   (  14 MB)
[    0.000000]       .text : 0xc0008000 - 0xc0779e10   (7624 kB)
[    0.000000]       .init : 0xc077a000 - 0xc07b5540   ( 238 kB)
[    0.000000]       .data : 0xc07b6000 - 0xc0800d20   ( 300 kB)
[    0.000000]        .bss : 0xc0800d20 - 0xc0856550   ( 343 kB)
[    0.000000] Preemptible hierarchical RCU implementation.
[    0.000000] NR_IRQS:16 nr_irqs:16 16
[    0.000000] sched_clock: 32 bits at 1000kHz, resolution 1000ns, wraps every 4294967ms
[    0.000000] Console: colour dummy device 80x30
[    0.000562] Calibrating delay loop... 2786.91 BogoMIPS (lpj=13934592)
[    0.059997] pid_max: default: 32768 minimum: 301
[    0.060361] Mount-cache hash table entries: 512
[    0.069004] Initializing cgroup subsys debug
[    0.069027] Initializing cgroup subsys freezer
[    0.069067] CPU: Testing write buffer coherency: ok
[    0.069433] CPU0: thread -1, cpu 0, socket 0, mpidr 80000000
[    0.069496] Setting up static identity map for 0xc0596ac8 - 0xc0596b60
[    0.130778] CPU1: Booted secondary processor
[    0.189477] CPU1: thread -1, cpu 1, socket 0, mpidr 80000001
[    0.210755] CPU2: Booted secondary processor
[    0.269476] CPU2: thread -1, cpu 2, socket 0, mpidr 80000002
[    0.290743] CPU3: Booted secondary processor
[    0.349476] CPU3: thread -1, cpu 3, socket 0, mpidr 80000003
[    0.349547] Brought up 4 CPUs
[    0.349565] SMP: Total of 4 processors activated (11167.33 BogoMIPS).
[    0.349569] CPU: All CPU(s) started in SVC mode.
[    0.350388] devtmpfs: initialized
[    0.361277] pinctrl core: initialized pinctrl subsystem
[    0.361707] regulator-dummy: no parameters
[    0.362849] NET: Registered protocol family 16
[    0.365672] DMA: preallocated 256 KiB pool for atomic coherent allocations
[    0.373909] No ATAGs?
[    0.373932] hw-breakpoint: found 5 (+1 reserved) breakpoint and 1 watchpoint registers.
[    0.373938] hw-breakpoint: maximum watchpoint size is 4 bytes.
[    0.383293] bio: create slab <bio-0> at 0
[    0.384302] vdd_5v_in: 5000 mV 
[    0.384437] platform 1.regulator: Driver reg-fixed-voltage requests probe deferral
[    0.384479] platform 2.regulator: Driver reg-fixed-voltage requests probe deferral
[    0.384637] vdd_5v_sata: 5000 mV 
[    0.384667] vdd_5v_sata: supplied by vdd_5v_in
[    0.384890] usb1_vbus: 5000 mV 
[    0.384927] usb1_vbus: supplied by vdd_5v_in
[    0.385124] usb3_vbus: 5000 mV 
[    0.385144] usb3_vbus: supplied by vdd_5v_in
[    0.385256] platform 6.regulator: Driver reg-fixed-voltage requests probe deferral
[    0.385416] sys_3v3_pexs: 3300 mV 
[    0.385440] reg-fixed-voltage 7.regulator: Failed to find supply vin
[    0.385538] reg-fixed-voltage 7.regulator: Failed to register regulator: -517
[    0.385551] platform 7.regulator: Driver reg-fixed-voltage requests probe deferral
[    0.386335] vgaarb: loaded
[    0.387202] SCSI subsystem initialized
[    0.387512] usbcore: registered new interface driver usbfs
[    0.387597] usbcore: registered new interface driver hub
[    0.387734] usbcore: registered new device driver usb
[    0.391302] tps62361-vout: 500 <--> 1500 mV at 1160 mV 
[    0.391671] tps65910 4-002d: VMBCH-Threshold not specified
[    0.391678] tps65910 4-002d: VMBCH2-Threshold not specified
[    0.397016] vdd_1v8_gen: 1800 mV 
[    0.397059] vdd_1v8_gen: supplied by vdd_5v_in
[    0.400226] vddio_ddr_1v2: 1200 mV 
[    0.400717] vddio_ddr_1v2: supplied by vdd_5v_in
[    0.404093] vdd_1v5_gen: 1500 mV 
[    0.404124] vdd_1v5_gen: supplied by vdd_5v_in
[    0.407527] vdd_cpu,vdd_sys: 1000 mV 
[    0.409984] vdd_pexa,vdd_pexb: 1050 mV 
[    0.410016] vdd_pexa,vdd_pexb: supplied by vdd_1v5_gen
[    0.412819] vdd_sata,avdd_plle: 1050 mV 
[    0.412849] vdd_sata,avdd_plle: supplied by vdd_1v5_gen
[    0.415316] vdd_rtc: 1200 mV 
[    0.415349] vdd_rtc: supplied by vdd_5v_in
[    0.417824] vddio_sdmmc,avdd_vdac: 3300 mV 
[    0.417856] vddio_sdmmc,avdd_vdac: supplied by vdd_5v_in
[    0.420653] avdd_dsi_csi,pwrdet_mipi: 1200 mV 
[    0.420684] avdd_dsi_csi,pwrdet_mipi: supplied by vdd_1v8_gen
[    0.423164] vdd_pllm,x,u,a_p_c_s: 1200 mV 
[    0.423195] vdd_pllm,x,u,a_p_c_s: supplied by vdd_1v8_gen
[    0.425996] vdd_ddr_hs: 1000 mV 
[    0.426027] vdd_ddr_hs: supplied by vdd_1v8_gen
[    0.426386] Linux video capture interface: v2.00
[    0.426974] platform 7000f010.iommu: Driver tegra-smmu requests probe deferral
[    0.427209] Advanced Linux Sound Architecture Driver Initialized.
[    0.427809] Bluetooth: Core ver 2.16
[    0.427868] NET: Registered protocol family 31
[    0.427873] Bluetooth: HCI device and connection manager initialized
[    0.427892] Bluetooth: HCI socket layer initialized
[    0.427908] Bluetooth: L2CAP socket layer initialized
[    0.427949] Bluetooth: SCO socket layer initialized
[    0.428382] cfg80211: Calling CRDA to update world regulatory domain
[    0.429162] Switched to clocksource timer_us
[    0.439377] NET: Registered protocol family 2
[    0.440063] TCP established hash table entries: 8192 (order: 4, 65536 bytes)
[    0.440162] TCP bind hash table entries: 8192 (order: 4, 65536 bytes)
[    0.440239] TCP: Hash tables configured (established 8192 bind 8192)
[    0.440763] TCP: reno registered
[    0.440776] UDP hash table entries: 512 (order: 2, 16384 bytes)
[    0.440841] UDP-Lite hash table entries: 512 (order: 2, 16384 bytes)
[    0.441220] NET: Registered protocol family 1
[    0.441854] RPC: Registered named UNIX socket transport module.
[    0.441861] RPC: Registered udp transport module.
[    0.441865] RPC: Registered tcp transport module.
[    0.441869] RPC: Registered tcp NFSv4.1 backchannel transport module.
[    0.441879] PCI: CLS 0 bytes, default 64
[    0.442851] hw perfevents: enabled with ARMv7 Cortex-A9 PMU driver, 7 counters available
[    0.445341] bounce pool size: 64 pages
[    0.446561] squashfs: version 4.0 (2009/01/31) Phillip Lougher
[    0.448285] io scheduler noop registered (default)
[    0.452368] tegra-apbdma 6000a000.dma: Tegra20 APB DMA driver register 32 channels
[    0.452769] Serial: 8250/16550 driver, 4 ports, IRQ sharing disabled
[    0.454154] 70006000.serial: ttyS0 at MMIO 0x70006000 (irq = 68) is a Tegra
[    0.847554] console [ttyS0] enabled
[    0.849945] [drm] Initialized drm 1.1.0 20060810
[    0.854070] [drm] Supports vblank timestamp caching Rev 1 (10.10.2010).
[    0.857390] [drm] No driver support for vblank timestamp query.
[    0.860395] tegra-host1x 50000000.host1x: No connectors reported connected with modes
[    0.864326] [drm] Cannot find any crtc or sizes - going 1024x768
[    0.882822] Console: switching to colour frame buffer device 128x48
[    0.892032] tegra-host1x 50000000.host1x: fb0:  frame buffer device
[    0.895177] tegra-host1x 50000000.host1x: registered panic notifier
[    0.898326] [drm] Initialized tegra 0.0.0 20120330 on minor 0
[    0.904750] loop: module loaded
[    0.909139] m25p80 spi32766.1: w25q32 (4096 Kbytes)
[    0.912697] pegasus: v0.9.3 (2013/04/25), Pegasus/Pegasus II USB Ethernet driver
[    0.916484] usbcore: registered new interface driver pegasus
[    0.919401] usbcore: registered new interface driver asix
[    0.922160] usbcore: registered new interface driver ax88179_178a
[    0.925267] usbcore: registered new interface driver cdc_ether
[    0.928242] usbcore: registered new interface driver r815x
[    0.931074] usbcore: registered new interface driver smsc75xx
[    0.934036] usbcore: registered new interface driver smsc95xx
[    0.936968] usbcore: registered new interface driver net1080
[    0.939870] usbcore: registered new interface driver cdc_subset
[    0.942889] usbcore: registered new interface driver zaurus
[    0.945757] usbcore: registered new interface driver cdc_ncm
[    0.948633] ehci_hcd: USB 2.0 'Enhanced' Host Controller (EHCI) Driver
[    0.951916] ehci-pci: EHCI PCI platform driver
[    0.954200] tegra-ehci: Tegra EHCI driver
[    0.956403] usbcore: registered new interface driver cdc_acm
[    0.959251] cdc_acm: USB Abstract Control Model driver for USB modems and ISDN adapters
[    0.963319] usbcore: registered new interface driver cdc_wdm
[    0.966223] usbcore: registered new interface driver usb-storage
[    0.969680] mousedev: PS/2 mouse device common for all mice
[    0.973470] tegra_rtc 7000e000.rtc: rtc core: registered 7000e000.rtc as rtc0
[    0.977073] tegra_rtc 7000e000.rtc: Tegra internal Real Time Clock
[    0.993122] tps65910-rtc tps65910-rtc: rtc core: registered tps65910-rtc as rtc1
[    0.998086] cpuidle: using governor ladder
[    1.000158] cpuidle: using governor menu
[    1.002178] sdhci: Secure Digital Host Controller Interface driver
[    1.005276] sdhci: Copyright(c) Pierre Ossman
[    1.007459] sdhci-pltfm: SDHCI platform and OF driver helper
[    1.010651] sdhci-tegra 78000000.sdhci: Got CD GPIO #69.
[    1.013330] sdhci-tegra 78000000.sdhci: Got WP GPIO #155.
[    1.017091] mmc0: no vqmmc regulator found
[    1.019164] mmc0: no vmmc regulator found
[    1.021177] mmc0: Invalid maximum block size, assuming 512 bytes
[    1.069176] mmc0: SDHCI controller on 78000000.sdhci [78000000.sdhci] using ADMA
[    1.073993] mmc1: no vqmmc regulator found
[    1.076050] mmc1: no vmmc regulator found
[    1.078060] mmc1: Invalid maximum block size, assuming 512 bytes
[    1.119171] mmc1: SDHCI controller on 78000600.sdhci [78000600.sdhci] using ADMA
[    1.125634] usbcore: registered new interface driver usbhid
[    1.130469] usbhid: USB HID core driver
[    1.277646] mmc1: new high speed MMC card at address 0001
[    1.280807] mmcblk0: mmc1:0001 SEM16G 14.8 GiB 
[    1.283337] mmcblk0boot0: mmc1:0001 SEM16G partition 1 1.00 MiB
[    1.286558] mmcblk0boot1: mmc1:0001 SEM16G partition 2 1.00 MiB
[    1.289768] mmcblk0rpmb: mmc1:0001 SEM16G partition 3 128 KiB
[    1.296768] Primary GPT is invalid, using alternate GPT.
[    1.299470]  mmcblk0: p1 p2 p3 p4 p5
[    1.305480]  mmcblk0boot1: unknown partition table
[    1.310890]  mmcblk0boot0: unknown partition table
[    1.564215] tegra-snd-rt5640 sound.4:  rt5640-aif1 <-> 70080400.i2s mapping ok
[    1.568771] input: NVIDIA Tegra Beaver Headphones as /devices/soc0/sound.4/sound/card0/input0
[    1.574293] TCP: cubic registered
[    1.576161] NET: Registered protocol family 10
[    1.579468] mip6: Mobile IPv6
[    1.580961] sit: IPv6 over IPv4 tunneling driver
[    1.584442] NET: Registered protocol family 17
[    1.586706] NET: Registered protocol family 15
[    1.589099] Bluetooth: RFCOMM socket layer initialized
[    1.591697] Bluetooth: RFCOMM ver 1.11
[    1.593579] Bluetooth: BNEP (Ethernet Emulation) ver 1.3
[    1.596255] Bluetooth: BNEP socket layer initialized
[    1.598745] Bluetooth: HIDP (Human Interface Emulation) ver 1.2
[    1.601734] Bluetooth: HIDP socket layer initialized
[    1.604421] VFP support v0.3: implementor 41 architecture 3 part 30 variant 9 rev 4
[    1.608541] Registering SWP/SWPB emulation handler
[    1.611452] vdd_sata,avdd_plle: disabling
[    1.615996] chargepump_5v: 5000 mV 
[    1.619282] vdd_ddr: 1500 mV 
[    1.620808] vdd_ddr: supplied by vdd_5v_in
[    1.624045] sys_3v3,vdd_3v3_alw: 3300 mV 
[    1.626078] sys_3v3,vdd_3v3_alw: supplied by vdd_5v_in
[    1.628914] sys_3v3_pexs: 3300 mV 
[    1.630731] sys_3v3_pexs: supplied by sys_3v3,vdd_3v3_alw
[    1.634270] tegra_rtc 7000e000.rtc: setting system clock to 1970-01-01 00:03:41 UTC (221)
[    1.638604] ALSA device list:
[    1.640115]   #0: NVIDIA Tegra Beaver
[    1.805927] kjournald starting.  Commit interval 5 seconds
[    1.807642] EXT3-fs (mmcblk0p1): using internal journal
[    1.809143] EXT3-fs (mmcblk0p1): recovery complete
[    1.809146] EXT3-fs (mmcblk0p1): mounted filesystem with writeback data mode
[    1.809249] VFS: Mounted root (ext3 filesystem) on device 179:1.
[    1.811573] devtmpfs: mounted
[    1.811817] Freeing unused kernel memory: 236K (c077a000 - c07b5000)
 
INIT: version 2.88 booting
[info] Using makefile-style concurrent boot in runlevel S.
[....] Starting the hotplug events dispatcher: udevd[    2.730270] udevd[178]: starting version 175
[ ok .
[....] Synthesizing the initial hotplug events...[ ok done.
[....] Waiting for /dev to be fully populated...[ ok done.
[....] Activating swap...[ ok done.
[....] Cleaning up temporary files... /tmp[ ok .
[....] Activating lvm and md swap...[ ok done.
[....] Checking file systems...fsck from util-linux 2.20.1
[ ok done.
[....] Mounting local filesystems...[ ok done.
[....] Activating swapfile swap...[ ok done.
[....] Cleaning up temporary files...[ ok .
[....] Setting kernel variables ...[ ok done.
[....] Configuring network interfaces...[ ok done.
[....] Starting rpcbind daemon...[ ok .
[....] Starting NFS common utilities: statd idmapd[FAIL failed!
[....] Cleaning up temporary files...[ ok .
[....] Starting network benchmark server[ ok .
[....] startpar: service(s) returned failure: nfs-common ...[FAIL failed!
INIT: Entering runlevel: 2
[info] Using makefile-style concurrent boot in runlevel 2.
[....] Starting network benchmark server[FAIL failed!
[....] Starting rpcbind daemon...[....] Already running.[ ok .
[....] Starting NFS common utilities: statd idmapd[FAIL failed!
[....] Starting system message bus: dbus[ ok .
[....] startpar: service(s) returned failure: nfs-common ...[FAIL failed!

Debian GNU/Linux wheezy/sid armel ttyS0

armel login: 