
U-Boot SPL 2014.01-00219-gc4d376f (Feb 18 2014 - 19:57:32)


U-Boot 2014.01-00219-gc4d376f (Feb 18 2014 - 19:57:32)

TEGRA114
Board: NVIDIA Dalmore
I2C:   ready
DRAM:  2 GiB
MMC:   Tegra SD/MMC: 0, Tegra SD/MMC: 1
In:    serial
Out:   serial
Err:   serial
Net:   Net Initialization Skipped
No ethernet found.
Hit any key to stop autoboot:  2  0 
Tegra114 (Dalmore) # 
Tegra114 (Dalmore) # usb reset
(Re)start USB...
USB0:   USB EHCI 1.10
scanning bus 0 for devices... 2 USB Device(s) found
       scanning usb for storage devices... 0 Storage Device(s) found
       scanning usb for ethernet devices... 
Warning: asx0 using MAC address from net device
1 Ethernet Device(s) found
Tegra114 (Dalmore) # setenv bootargs 'ignore_loglevel console=ttyS0,115200n8 rw root=PARTUUID=7369c667-ff51-ec4a-29cd-baabf2fbe346 rootwait gpt debug earlyprintk init=/bin/bash'
Tegra114 (Dalmore) # setenv ipaddr 192.168.100.100; setenv serverip 192.168.100.1; setenv tftpserverip 192.168.100.1
Tegra114 (Dalmore) # tftpboot 0x81000000 zImage.multi_v7_defconfig
Using asx0 device
TFTP from server 192.168.100.1; our IP address is 192.168.100.100
Filename 'zImage.multi_v7_defconfig'.
Load address: 0x81000000
Loading: *#################################################################
	 #################################################################
	 #################################################################
	 #################################################################
	 #################################################################
	 #################################################################
	 #################################################################
	 #################################################################
	 ####################
	 3.1 MiB/s
done
Bytes transferred = 7917080 (78ce18 hex)
Tegra114 (Dalmore) # tftpboot 0x82000000 tegra114-dalmore.dtb
Using asx0 device
TFTP from server 192.168.100.1; our IP address is 192.168.100.100
Filename 'tegra114-dalmore.dtb'.
Load address: 0x82000000
Loading: *###
	 3 MiB/s
done
Bytes transferred = 35044 (88e4 hex)
Tegra114 (Dalmore) # bootz 0x81000000 - 0x82000000
Kernel image @ 0x81000000 [ 0x000000 - 0x78ce18 ]
## Flattened Device Tree blob at 82000000
   Booting using the fdt blob at 0x82000000
   Loading Device Tree to 8fff4000, end 8ffff8e3 ... OK

Starting kernel ...

[    0.000000] Booting Linux on physical CPU 0x0
[    0.000000] Linux version 4.12.0-rc4-171841-g3c2993b (jonathanh@sellafield) (gcc version 4.7.3 20130328 (prerelease) (crosstool-NG linaro-1.13.1-4.7-2013.04-20130415 - Linaro GCC 2013.04) ) #1 SMP Sun Jun 4 17:05:41 PDT 2017
[    0.000000] CPU: ARMv7 Processor [412fc0f2] revision 2 (ARMv7), cr=10c5387d
[    0.000000] CPU: div instructions available: patching division code
[    0.000000] CPU: PIPT / VIPT nonaliasing data cache, PIPT instruction cache
[    0.000000] OF: fdt: Machine model: NVIDIA Tegra114 Dalmore evaluation board
[    0.000000] debug: ignoring loglevel setting.
[    0.000000] Memory policy: Data cache writealloc
[    0.000000] efi: Getting EFI parameters from FDT:
[    0.000000] efi: UEFI not found.
[    0.000000] cma: Reserved 64 MiB at 0xfb800000
[    0.000000] On node 0 totalpages: 524032
[    0.000000] free_area_init_node: node 0, pgdat c157fd40, node_mem_map eeff8000
[    0.000000]   DMA zone: 1536 pages used for memmap
[    0.000000]   DMA zone: 0 pages reserved
[    0.000000]   DMA zone: 196608 pages, LIFO batch:31
[    0.000000]   HighMem zone: 327424 pages, LIFO batch:31
[    0.000000] percpu: Embedded 17 pages/cpu @eef98000 s39168 r8192 d22272 u69632
[    0.000000] pcpu-alloc: s39168 r8192 d22272 u69632 alloc=17*4096
[    0.000000] pcpu-alloc: [0] 0 [0] 1 [0] 2 [0] 3 
[    0.000000] Built 1 zonelists in Zone order, mobility grouping on.  Total pages: 522496
[    0.000000] Kernel command line: ignore_loglevel console=ttyS0,115200n8 rw root=PARTUUID=7369c667-ff51-ec4a-29cd-baabf2fbe346 rootwait gpt debug earlyprintk init=/bin/bash
[    0.000000] PID hash table entries: 4096 (order: 2, 16384 bytes)
[    0.000000] Dentry cache hash table entries: 131072 (order: 7, 524288 bytes)
[    0.000000] Inode-cache hash table entries: 65536 (order: 6, 262144 bytes)
[    0.000000] Memory: 1993540K/2096128K available (10240K kernel code, 1566K rwdata, 4388K rodata, 2048K init, 409K bss, 37052K reserved, 65536K cma-reserved, 1244160K highmem)
[    0.000000] Virtual kernel memory layout:
[    0.000000]     vector  : 0xffff0000 - 0xffff1000   (   4 kB)
[    0.000000]     fixmap  : 0xffc00000 - 0xfff00000   (3072 kB)
[    0.000000]     vmalloc : 0xf0800000 - 0xff800000   ( 240 MB)
[    0.000000]     lowmem  : 0xc0000000 - 0xf0000000   ( 768 MB)
[    0.000000]     pkmap   : 0xbfe00000 - 0xc0000000   (   2 MB)
[    0.000000]     modules : 0xbf000000 - 0xbfe00000   (  14 MB)
[    0.000000]       .text : 0xc0208000 - 0xc0d00000   (11232 kB)
[    0.000000]       .init : 0xc1200000 - 0xc1400000   (2048 kB)
[    0.000000]       .data : 0xc1400000 - 0xc15879b0   (1567 kB)
[    0.000000]        .bss : 0xc1590d04 - 0xc15f74d8   ( 410 kB)
[    0.000000] SLUB: HWalign=64, Order=0-3, MinObjects=0, CPUs=4, Nodes=1
[    0.000000] Hierarchical RCU implementation.
[    0.000000] 	RCU debugfs-based tracing is enabled.
[    0.000000] 	RCU restricting CPUs from NR_CPUS=16 to nr_cpu_ids=4.
[    0.000000] RCU: Adjusting geometry for rcu_fanout_leaf=16, nr_cpu_ids=4
[    0.000000] NR_IRQS:16 nr_irqs:16 16
[    0.000000] /interrupt-controller@60004000: 160 interrupts forwarded to /interrupt-controller@50041000
[    0.000000] Tegra clk 127: register failed with -17
[    0.000009] sched_clock: 32 bits at 1000kHz, resolution 1000ns, wraps every 2147483647500ns
[    0.000029] clocksource: timer_us: mask: 0xffffffff max_cycles: 0xffffffff, max_idle_ns: 1911260446275 ns
[    0.000044] Switching to timer-based delay loop, resolution 1000ns
[    0.003125] arch_timer: cp15 timer(s) running at 12.00MHz (virt).
[    0.003145] clocksource: arch_sys_counter: mask: 0xffffffffffffff max_cycles: 0x2c47f4ee7, max_idle_ns: 440795202497 ns
[    0.003165] sched_clock: 56 bits at 12MHz, resolution 83ns, wraps every 4398046511096ns
[    0.003180] Switching to timer-based delay loop, resolution 83ns
[    0.003582] Console: colour dummy device 80x30
[    0.003611] Calibrating delay loop (skipped), value calculated using timer frequency.. 24.00 BogoMIPS (lpj=120000)
[    0.003629] pid_max: default: 32768 minimum: 301
[    0.003723] Mount-cache hash table entries: 2048 (order: 1, 8192 bytes)
[    0.003736] Mountpoint-cache hash table entries: 2048 (order: 1, 8192 bytes)
[    0.004247] CPU: Testing write buffer coherency: ok
[    0.004482] /cpus/cpu@0 missing clock-frequency property
[    0.004513] /cpus/cpu@1 missing clock-frequency property
[    0.004543] /cpus/cpu@2 missing clock-frequency property
[    0.004575] /cpus/cpu@3 missing clock-frequency property
[    0.004588] CPU0: thread -1, cpu 0, socket 0, mpidr 80000000
[    0.004886] Setting up static identity map for 0x80300000 - 0x803000a0
[    0.007390] Tegra Revision: A01 SKU: 0 CPU Process: 1 SoC Process: 0
[    0.008010] EFI services will not be available.
[    0.008244] smp: Bringing up secondary CPUs ...
[    0.008874] CPU1: thread -1, cpu 1, socket 0, mpidr 80000001
[    0.009587] CPU2: thread -1, cpu 2, socket 0, mpidr 80000002
[    0.010292] CPU3: thread -1, cpu 3, socket 0, mpidr 80000003
[    0.010380] smp: Brought up 1 node, 4 CPUs
[    0.010403] SMP: Total of 4 processors activated (96.00 BogoMIPS).
[    0.010412] CPU: All CPU(s) started in SVC mode.
[    0.011895] devtmpfs: initialized
[    0.020861] VFP support v0.3: implementor 41 architecture 4 part 30 variant f rev 0
[    0.021200] clocksource: jiffies: mask: 0xffffffff max_cycles: 0xffffffff, max_idle_ns: 19112604462750000 ns
[    0.021219] futex hash table entries: 1024 (order: 4, 65536 bytes)
[    0.022689] pinctrl core: initialized pinctrl subsystem
[    0.024431] NET: Registered protocol family 16
[    0.026600] DMA: preallocated 256 KiB pool for atomic coherent allocations
[    0.028716] cpuidle: using governor menu
[    0.051620] No ATAGs?
[    0.051747] hw-breakpoint: found 5 (+1 reserved) breakpoint and 4 watchpoint registers.
[    0.051764] hw-breakpoint: maximum watchpoint size is 8 bytes.
[    0.057262] Serial: AMBA PL011 UART driver
[    0.057994] tegra-mc 70019000.memory-controller: no memory timings for RAM code 3 registered
[    0.072568] AT91: Could not find identification node
[    0.073056] dvdd_ts: Failed to request enable GPIO61: -517
[    0.073079] reg-fixed-voltage regulators:regulator@1: Failed to register regulator: -517
[    0.073213] usb1_vbus: Failed to request enable GPIO108: -517
[    0.073230] reg-fixed-voltage regulators:regulator@3: Failed to register regulator: -517
[    0.073337] usb2_vbus: Failed to request enable GPIO86: -517
[    0.073352] reg-fixed-voltage regulators:regulator@4: Failed to register regulator: -517
[    0.073790] VDD_5V0_HDMI_CON: Failed to request enable GPIO81: -517
[    0.073805] reg-fixed-voltage regulators:regulator@7: Failed to register regulator: -517
[    0.076215] vgaarb: loaded
[    0.076953] SCSI subsystem initialized
[    0.077117] libata version 3.00 loaded.
[    0.077335] usbcore: registered new interface driver usbfs
[    0.077390] usbcore: registered new interface driver hub
[    0.077461] usbcore: registered new device driver usb
[    0.080657] tps65090 2-0048: No cache defaults, reading back from HW
[    0.082548] TPS65090_RAILSDCDC1: supplied by vdd_ac_bat
[    0.083605] TPS65090_RAILSDCDC2: supplied by vdd_ac_bat
[    0.084670] TPS65090_RAILSDCDC3: supplied by vdd_ac_bat
[    0.085198] TPS65090_RAILSFET1: supplied by vdd_ac_bat
[    0.085569] TPS65090_RAILSFET2: supplied by vdd_ac_bat
[    0.085925] TPS65090_RAILSFET3: supplied by vdd-sys-3v3
[    0.086441] TPS65090_RAILSFET4: supplied by vdd-sys-3v3
[    0.086964] TPS65090_RAILSFET5: supplied by vdd-sys-3v3
[    0.087479] TPS65090_RAILSFET6: supplied by vdd-sys-3v3
[    0.088313] TPS65090_RAILSFET7: supplied by vdd-sys-3v3
[    0.088832] TPS65090_RAILSLDO1: supplied by vdd_ac_bat
[    0.089040] TPS65090_RAILSLDO2: supplied by vdd_ac_bat
[    0.089955] palmas 2-0058: Irq flag is 0x00000004
[    0.091907] palmas 2-0058: Muxing GPIO ff, PWM 0, LED 0
[    0.094376] SMPS12: supplied by vdd-ao
[    0.095391] vdd_hdmi_5v0: supplied by vdd-sys-5v0
[    0.096199] SMPS3: supplied by vdd-ao
[    0.097918] SMPS457: supplied by vdd-sys-3v3
[    0.099548] SMPS6: supplied by regulator-dummy
[    0.100944] SMPS8: supplied by vdd-sys-3v3
[    0.101601] random: fast init done
[    0.102542] SMPS9: supplied by vdd-sys-3v3
[    0.103055] sdhci-vdd-sd-slot: Bringing 2840000uV into 2800000-2800000uV
[    0.104463] SMPS10_OUT2: supplied by regulator-dummy
[    0.105305] SMPS10_OUT1: supplied by regulator-dummy
[    0.106154] LDO1: supplied by vdd-sys-3v3
[    0.107263] LDO2: supplied by vdd-sys-3v3
[    0.108390] LDO3: supplied by vddio-1v8
[    0.109499] LDO4: supplied by vdd-sys-3v3
[    0.110616] LDO5: supplied by vdd_ac_bat
[    0.111308] LDO6: supplied by vdd-sys-3v3
[    0.111815] vdd-sensor-2v85: Bringing 2900000uV into 2850000-2850000uV
[    0.113151] LDO7: supplied by vdd-sys-3v3
[    0.114784] LDO8: supplied by vdd-ao
[    0.115305] vdd-rtc: Bringing 675000uV into 900000-900000uV
[    0.123875] LDO9: supplied by sdhci-vdd-sd-slot
[    0.134199] LDOLN: supplied by vdd-sys-5v0
[    0.135321] LDOUSB: supplied by vdd-sys-5v0
[    0.146494] pps_core: LinuxPPS API ver. 1 registered
[    0.146505] pps_core: Software ver. 5.3.6 - Copyright 2005-2007 Rodolfo Giometti <giometti@linux.it>
[    0.146529] PTP clock support registered
[    0.146710] EDAC MC: Ver: 3.0.0
[    0.148817] clocksource: Switched to clocksource arch_sys_counter
[    0.205000] NET: Registered protocol family 2
[    0.205521] TCP established hash table entries: 8192 (order: 3, 32768 bytes)
[    0.205623] TCP bind hash table entries: 8192 (order: 4, 65536 bytes)
[    0.205811] TCP: Hash tables configured (established 8192 bind 8192)
[    0.205898] UDP hash table entries: 512 (order: 2, 16384 bytes)
[    0.205943] UDP-Lite hash table entries: 512 (order: 2, 16384 bytes)
[    0.206096] NET: Registered protocol family 1
[    0.206418] RPC: Registered named UNIX socket transport module.
[    0.206429] RPC: Registered udp transport module.
[    0.206439] RPC: Registered tcp transport module.
[    0.206448] RPC: Registered tcp NFSv4.1 backchannel transport module.
[    0.206462] PCI: CLS 0 bytes, default 64
[    0.208898] workingset: timestamp_bits=30 max_order=19 bucket_order=0
[    0.217473] squashfs: version 4.0 (2009/01/31) Phillip Lougher
[    0.218197] NFS: Registering the id_resolver key type
[    0.218221] Key type id_resolver registered
[    0.218231] Key type id_legacy registered
[    0.218277] ntfs: driver 2.1.32 [Flags: R/O].
[    0.219995] bounce: pool size: 64 pages
[    0.220039] Block layer SCSI generic (bsg) driver version 0.4 loaded (major 248)
[    0.220050] io scheduler noop registered
[    0.220060] io scheduler deadline registered
[    0.220091] io scheduler cfq registered (default)
[    0.220101] io scheduler mq-deadline registered
[    0.220111] io scheduler kyber registered
[    0.249928] tegra-apbdma 6000a000.dma: Tegra20 APB DMA driver register 32 channels
[    0.252419] tegra-pmc 7000e400.pmc: i2c-thermtrip node not found, emergency thermal reset disabled.
[    0.307132] Serial: 8250/16550 driver, 4 ports, IRQ sharing disabled
[    0.309801] console [ttyS0] disabled
[    0.309842] 70006300.serial: ttyS0 at MMIO 0x70006300 (irq = 329, base_baud = 25500000) is a Tegra
[    1.307545] console [ttyS0] enabled
[    1.311768] SuperH (H)SCI(F) driver initialized
[    1.317164] msm_serial: driver initialized
[    1.321459] STMicroelectronics ASC driver initialized
[    1.331726] tegra-hdmi 54280000.hdmi: failed to get HDMI regulator
[    1.355692] brd: module loaded
[    1.366160] loop: module loaded
[    1.385767] m25p80 spi32766.0: w25q32dw (4096 Kbytes)
[    1.393725] libphy: Fixed MDIO Bus: probed
[    1.398881] CAN device driver interface
[    1.403498] bgmac_bcma: Broadcom 47xx GBit MAC driver loaded
[    1.410422] e1000e: Intel(R) PRO/1000 Network Driver - 3.2.6-k
[    1.416246] e1000e: Copyright(c) 1999 - 2015 Intel Corporation.
[    1.422226] igb: Intel(R) Gigabit Ethernet Network Driver - version 5.4.0-k
[    1.429194] igb: Copyright (c) 2007-2014 Intel Corporation.
[    1.437878] pegasus: v0.9.3 (2013/04/25), Pegasus/Pegasus II USB Ethernet driver
[    1.445327] usbcore: registered new interface driver pegasus
[    1.451044] usbcore: registered new interface driver asix
[    1.456474] usbcore: registered new interface driver ax88179_178a
[    1.462612] usbcore: registered new interface driver cdc_ether
[    1.468483] usbcore: registered new interface driver smsc75xx
[    1.474289] usbcore: registered new interface driver smsc95xx
[    1.480072] usbcore: registered new interface driver net1080
[    1.485757] usbcore: registered new interface driver cdc_subset
[    1.491719] usbcore: registered new interface driver zaurus
[    1.497341] usbcore: registered new interface driver cdc_ncm
[    1.504858] ehci_hcd: USB 2.0 'Enhanced' Host Controller (EHCI) Driver
[    1.511399] ehci-pci: EHCI PCI platform driver
[    1.515875] ehci-platform: EHCI generic platform driver
[    1.521287] ehci-orion: EHCI orion driver
[    1.525431] SPEAr-ehci: EHCI SPEAr driver
[    1.529578] ehci-st: EHCI STMicroelectronics driver
[    1.534571] ehci-exynos: EHCI EXYNOS driver
[    1.538904] ehci-atmel: EHCI Atmel driver
[    1.543028] tegra-ehci: Tegra EHCI driver
[    1.547321] ohci_hcd: USB 1.1 'Open' Host Controller (OHCI) Driver
[    1.553523] ohci-pci: OHCI PCI platform driver
[    1.558003] ohci-platform: OHCI generic platform driver
[    1.563378] ohci-omap3: OHCI OMAP3 driver
[    1.567509] SPEAr-ohci: OHCI SPEAr driver
[    1.571660] ohci-st: OHCI STMicroelectronics driver
[    1.576655] ohci-atmel: OHCI Atmel driver
[    1.581334] usbcore: registered new interface driver usb-storage
[    1.592951] palmas-rtc 7000d000.i2c:tps65913@58:rtc: rtc core: registered 7000d000.i2c:tps659 as rtc0
[    1.603982] tegra_rtc 7000e000.rtc: rtc core: registered 7000e000.rtc as rtc1
[    1.611167] tegra_rtc 7000e000.rtc: Tegra internal Real Time Clock
[    1.617819] i2c /dev entries driver
[    1.627495] sbs-battery 0-000b: sbs_probe: Failed to get device status
[    1.634053] sbs-battery: probe of 0-000b failed with error -121
[    1.650146] sdhci: Secure Digital Host Controller Interface driver
[    1.656318] sdhci: Copyright(c) Pierre Ossman
[    1.662058] Synopsys Designware Multimedia Card Interface Driver
[    1.669213] sdhci-pltfm: SDHCI platform and OF driver helper
[    1.675551] sdhci-tegra 78000400.sdhci: Got CD GPIO
[    1.680462] sdhci-tegra 78000400.sdhci: Got WP GPIO
[    1.693606] mmc0: Invalid maximum block size, assuming 512 bytes
[    1.758951] mmc0: SDHCI controller on 78000400.sdhci [78000400.sdhci] using ADMA
[    1.775605] mmc1: Invalid maximum block size, assuming 512 bytes
[    1.838862] mmc1: SDHCI controller on 78000600.sdhci [78000600.sdhci] using ADMA
[    1.847994] ledtrig-cpu: registered to indicate activity on CPUs
[    1.854393] usbcore: registered new interface driver usbhid
[    1.859980] usbhid: USB HID core driver
[    1.867402] NET: Registered protocol family 10
[    1.872777] Segment Routing with IPv6
[    1.876493] sit: IPv6, IPv4 and MPLS over IPv4 tunneling driver
[    1.883033] NET: Registered protocol family 17
[    1.887478] can: controller area network core (rev 20170425 abi 9)
[    1.893727] NET: Registered protocol family 29
[    1.898167] can: raw protocol (rev 20170425)
[    1.902456] can: broadcast manager protocol (rev 20170425 t)
[    1.908115] can: netlink gateway (rev 20170425) max_hops=1
[    1.913922] Key type dns_resolver registered
[    1.918749] ThumbEE CPU extension supported.
[    1.923042] Registering SWP/SWPB emulation handler
[    1.941809] usb1_vbus: supplied by vdd-sys-5v0
[    1.944470] mmc0: new high speed SDHC card at address aaaa
[    1.945459] mmcblk0: mmc0:aaaa SL16G 14.8 GiB 
[    1.957232] usb2_vbus: supplied by vdd-sys-5v0
[    1.965253] VDD_5V0_HDMI_CON: supplied by vdd-sys-5v0
[    1.973088]  mmcblk0: p1 p2 p3
[    1.983273] tegra-ehci 7d008000.usb: EHCI Host Controller
[    1.986251] mmc1: new high speed MMC card at address 0001
[    1.987111] mmcblk1: mmc1:0001 SEM32G 29.1 GiB 
[    1.987700] mmcblk1boot0: mmc1:0001 SEM32G partition 1 4.00 MiB
[    1.988147] mmcblk1boot1: mmc1:0001 SEM32G partition 2 4.00 MiB
[    1.988495] mmcblk1rpmb: mmc1:0001 SEM32G partition 3 4.00 MiB
[    1.993227]  mmcblk1: p1 p2 p3 p4 p5 p6 p7 p8
[    2.020782] tegra-ehci 7d008000.usb: new USB bus registered, assigned bus number 1
[    2.028566] tegra-ehci 7d008000.usb: irq 339, io mem 0x7d008000
[    2.058956] tegra-ehci 7d008000.usb: USB 2.0 started, EHCI 1.10
[    2.066052] hub 1-0:1.0: USB hub found
[    2.069917] hub 1-0:1.0: 1 port detected
[    2.075558] input: gpio-keys as /devices/soc0/gpio-keys/input/input0
[    2.084534] palmas-rtc 7000d000.i2c:tps65913@58:rtc: setting system clock to 2001-03-29 11:43:22 UTC (985866202)
[    2.095293] vdd_hdmi_5v0: disabling
[    2.105730] dvdd_ts: disabling
[    2.108795] usb1_vbus: disabling
[    2.112081] vdd_cam_1v8_reg: disabling
[    2.115828] VDD_5V0_HDMI_CON: disabling
[    2.121347] EXT4-fs (mmcblk1p1): mounting ext3 file system using the ext4 subsystem
[    2.144422] EXT4-fs (mmcblk1p1): recovery complete
[    2.149300] EXT4-fs (mmcblk1p1): mounted filesystem with ordered data mode. Opts: (null)
[    2.157428] VFS: Mounted root (ext3 filesystem) on device 179:17.
[    2.166067] devtmpfs: mounted
[    2.171035] Freeing unused kernel memory: 2048K
bash: cannot set terminal process group (-1): Inappropriate ioctl for device
bash: no job control in this shell
root@(none):/# [    2.428961] usb 1-1: new high-speed USB device number 2 using tegra-ehci
[    3.103545] asix 1-1:1.0 eth0: register 'asix' at usb-7d008000.usb-1, ASIX AX88772 USB 2.0 Ethernet, 00:50:b6:0d:b5:16
mount -t sysfs none /sys
root@(none):/# 
root@(none):/# mount -t debugfs none /sys/kernel/debug
root@(none):/# 
root@(none):/# rtcwake -d rtc1 -m mem -s 3
rtcwake: assuming RTC uses UTC ...
rtcwake: wakeup from "mem" using /dev/rtc1 at Thu Jan  1 00:00:20 1970
[    5.387528] PM: Syncing filesystems ... done.
[    5.393624] Freezing user space processes ... (elapsed 0.001 seconds) done.
[    5.401960] OOM killer disabled.
[    5.405184] Freezing remaining freezable tasks ... (elapsed 0.001 seconds) done.
[    5.413995] Suspending console(s) (use no_console_suspend to debug)
[    5.471112] PM: suspend of devices complete after 49.625 msecs
[    5.474194] PM: late suspend of devices complete after 3.064 msecs
[    5.476177] PM: noirq suspend of devices complete after 1.972 msecs
[    5.476182] Disabling non-boot CPUs ...
[    5.584174] IRQ17 no longer affine to CPU3
[    5.612862] Entering suspend state LP1
[    5.612862] Suspended for 7.765 seconds
[    5.612883] Enabling non-boot CPUs ...
[    5.642845] CPU1 is up
[    5.682985] CPU2 is up
[    5.723686] CPU3 is up
[    5.724833] PM: noirq resume of devices complete after 1.135 msecs
[    5.727655] PM: early resume of devices complete after 2.373 msecs
[    6.278477] PM: resume of devices complete after 550.805 msecs
[    6.342895] OOM killer enabled.
[    6.346030] Restarting tasks ... done.
root@(none):/# 
root@(none):/# rtcwake -d rtc1 -m mem -s 3
rtcwake: assuming RTC uses UTC ...
rtcwake: wakeup from "mem" using /dev/rtc1 at Thu Jan  1 00:00:30 1970
[    7.630594] PM: Syncing filesystems ... done.
[    7.636194] Freezing user space processes ... (elapsed 0.001 seconds) done.
[    7.644560] OOM killer disabled.
[    7.647784] Freezing remaining freezable tasks ... (elapsed 0.001 seconds) done.
[    7.656591] Suspending console(s) (use no_console_suspend to debug)
[    7.711198] PM: suspend of devices complete after 47.098 msecs
[    7.714013] PM: late suspend of devices complete after 2.799 msecs
[    7.716180] PM: noirq suspend of devices complete after 2.152 msecs
[    7.716186] Disabling non-boot CPUs ...
[    7.873191] Entering suspend state LP1
[    7.873191] Suspended for 8.323 seconds
[    7.873212] Enabling non-boot CPUs ...
[    7.902832] CPU1 is up
[    7.942987] CPU2 is up
[    7.983629] CPU3 is up
[    7.984769] PM: noirq resume of devices complete after 1.128 msecs
[    7.987168] PM: early resume of devices complete after 1.951 msecs
[    8.530196] PM: resume of devices complete after 543.007 msecs
[    8.590560] OOM killer enabled.
[    8.593695] Restarting tasks ... done.
root@(none):/# 
root@(none):/# rtcwake -d rtc1 -m mem -s 3
rtcwake: assuming RTC uses UTC ...
rtcwake: wakeup from "mem" using /dev/rtc1 at Thu Jan  1 00:00:40 1970
[    9.280194] PM: Syncing filesystems ... done.
[    9.285819] Freezing user space processes ... (elapsed 0.001 seconds) done.
[    9.294184] OOM killer disabled.
[    9.297409] Freezing remaining freezable tasks ... (elapsed 0.001 seconds) done.
[    9.306247] Suspending console(s) (use no_console_suspend to debug)
[    9.361097] PM: suspend of devices complete after 47.358 msecs
[    9.364070] PM: late suspend of devices complete after 2.955 msecs
[    9.366087] PM: noirq suspend of devices complete after 2.006 msecs
[    9.366092] Disabling non-boot CPUs ...
[    9.513184] Entering suspend state LP1
[    9.513184] Suspended for 7.776 seconds
[    9.513206] Enabling non-boot CPUs ...
[    9.542772] CPU1 is up
[    9.582906] CPU2 is up
[    9.623550] CPU3 is up
[    9.624677] PM: noirq resume of devices complete after 1.116 msecs
[    9.626675] PM: early resume of devices complete after 1.561 msecs
[   10.168944] PM: resume of devices complete after 542.252 msecs
[   10.229226] OOM killer enabled.
[   10.232361] Restarting tasks ... done.
root@(none):/# 
root@(none):/# rtcwake -d rtc1 -m mem -s 3
rtcwake: assuming RTC uses UTC ...
rtcwake: wakeup from "mem" using /dev/rtc1 at Thu Jan  1 00:00:50 1970
[   11.528024] PM: Syncing filesystems ... done.
[   11.533700] Freezing user space processes ... (elapsed 0.001 seconds) done.
[   11.542060] OOM killer disabled.
[   11.545284] Freezing remaining freezable tasks ... (elapsed 0.001 seconds) done.
[   11.554128] Suspending console(s) (use no_console_suspend to debug)
[   11.611284] PM: suspend of devices complete after 49.665 msecs
[   11.614046] PM: late suspend of devices complete after 2.745 msecs
[   11.616156] PM: noirq suspend of devices complete after 2.098 msecs
[   11.616161] Disabling non-boot CPUs ...
[   11.616664] IRQ17 no longer affine to CPU1
[   11.763180] Entering suspend state LP1
[   11.763180] Suspended for 8.333 seconds
[   11.763201] Enabling non-boot CPUs ...
[   11.792727] CPU1 is up
[   11.832874] CPU2 is up
[   11.873523] CPU3 is up
[   11.874659] PM: noirq resume of devices complete after 1.125 msecs
[   11.877090] PM: early resume of devices complete after 1.976 msecs
[   12.419685] PM: resume of devices complete after 542.577 msecs
[   12.484077] OOM killer enabled.
[   12.487211] Restarting tasks ... done.
root@(none):/# 
root@(none):/# rtcwake -d rtc1 -m mem -s 3
rtcwake: assuming RTC uses UTC ...
rtcwake: wakeup from "mem" using /dev/rtc1 at Thu Jan  1 00:01:00 1970
[   13.203096] PM: Syncing filesystems ... done.
[   13.208660] Freezing user space processes ... (elapsed 0.001 seconds) done.
[   13.216982] OOM killer disabled.
[   13.220237] Freezing remaining freezable tasks ... (elapsed 0.001 seconds) done.
[   13.229059] Suspending console(s) (use no_console_suspend to debug)
[   13.280954] PM: suspend of devices complete after 44.417 msecs
[   13.284009] PM: late suspend of devices complete after 3.037 msecs
[   13.286020] PM: noirq suspend of devices complete after 1.999 msecs
[   13.286025] Disabling non-boot CPUs ...
[   13.286522] IRQ17 no longer affine to CPU1
[   13.412330] Entering suspend state LP1
[   13.412330] Suspended for 7.767 seconds
[   13.412352] Enabling non-boot CPUs ...
[   13.443124] CPU1 is up
[   13.482781] CPU2 is up
[   13.523458] CPU3 is up
[   13.524586] PM: noirq resume of devices complete after 1.117 msecs
[   13.527335] PM: early resume of devices complete after 2.306 msecs
[   14.069253] PM: resume of devices complete after 541.900 msecs
[   14.133734] OOM killer enabled.
[   14.136869] Restarting tasks ... done.
root@(none):/# 
root@(none):/# rtcwake -d rtc1 -m mem -s 3
rtcwake: assuming RTC uses UTC ...
rtcwake: wakeup from "mem" using /dev/rtc1 at Thu Jan  1 00:01:10 1970
[   15.430306] PM: Syncing filesystems ... done.
[   15.435936] Freezing user space processes ... (elapsed 0.001 seconds) done.
[   15.444308] OOM killer disabled.
[   15.447531] Freezing remaining freezable tasks ... (elapsed 0.001 seconds) done.
[   15.456347] Suspending console(s) (use no_console_suspend to debug)
[   15.510880] PM: suspend of devices complete after 47.027 msecs
[   15.513565] PM: late suspend of devices complete after 2.668 msecs
[   15.515535] PM: noirq suspend of devices complete after 1.960 msecs
[   15.515540] Disabling non-boot CPUs ...
[   15.516052] IRQ17 no longer affine to CPU1
[   15.663038] Entering suspend state LP1
[   15.663038] Suspended for 8.332 seconds
[   15.663060] Enabling non-boot CPUs ...
[   15.692633] CPU1 is up
[   15.732752] CPU2 is up
[   15.773428] CPU3 is up
[   15.774558] PM: noirq resume of devices complete after 1.118 msecs
[   15.776960] PM: early resume of devices complete after 1.956 msecs
[   16.320390] PM: resume of devices complete after 543.413 msecs
[   16.384782] OOM killer enabled.
[   16.387917] Restarting tasks ... done.
root@(none):/# 
root@(none):/# rtcwake -d rtc1 -m mem -s 3
rtcwake: assuming RTC uses UTC ...
rtcwake: wakeup from "mem" using /dev/rtc1 at Thu Jan  1 00:01:20 1970
[   17.088674] PM: Syncing filesystems ... done.
[   17.094180] Freezing user space processes ... (elapsed 0.001 seconds) done.
[   17.102536] OOM killer disabled.
[   17.105760] Freezing remaining freezable tasks ... (elapsed 0.001 seconds) done.
[   17.114586] Suspending console(s) (use no_console_suspend to debug)
[   17.170603] PM: suspend of devices complete after 48.497 msecs
[   17.173607] PM: late suspend of devices complete after 2.987 msecs
[   17.175647] PM: noirq suspend of devices complete after 2.028 msecs
[   17.175652] Disabling non-boot CPUs ...
[   17.273422] IRQ17 no longer affine to CPU3
[   17.302220] Entering suspend state LP1
[   17.302220] Suspended for 7.777 seconds
[   17.302241] Enabling non-boot CPUs ...
[   17.333079] CPU1 is up
[   17.372708] CPU2 is up
[   17.413375] CPU3 is up
[   17.414499] PM: noirq resume of devices complete after 1.112 msecs
[   17.416888] PM: early resume of devices complete after 1.938 msecs
[   17.957759] PM: resume of devices complete after 540.851 msecs
[   18.022229] OOM killer enabled.
[   18.025364] Restarting tasks ... done.
root@(none):/# 
root@(none):/# rtcwake -d rtc1 -m mem -s 3
rtcwake: assuming RTC uses UTC ...
rtcwake: wakeup from "mem" using /dev/rtc1 at Thu Jan  1 00:01:30 1970
[   19.322564] PM: Syncing filesystems ... done.
[   19.328089] Freezing user space processes ... (elapsed 0.001 seconds) done.
[   19.336421] OOM killer disabled.
[   19.339674] Freezing remaining freezable tasks ... (elapsed 0.001 seconds) done.
[   19.348497] Suspending console(s) (use no_console_suspend to debug)
[   19.400871] PM: suspend of devices complete after 44.897 msecs
[   19.403633] PM: late suspend of devices complete after 2.746 msecs
[   19.405714] PM: noirq suspend of devices complete after 2.069 msecs
[   19.405719] Disabling non-boot CPUs ...
[   19.542130] Entering suspend state LP1
[   19.542130] Suspended for 8.343 seconds
[   19.542151] Enabling non-boot CPUs ...
[   19.572983] CPU1 is up
[   19.612659] CPU2 is up
[   19.653317] CPU3 is up
[   19.654443] PM: noirq resume of devices complete after 1.115 msecs
[   19.656860] PM: early resume of devices complete after 1.973 msecs
[   20.200539] PM: resume of devices complete after 543.660 msecs
[   20.260855] OOM killer enabled.
[   20.263990] Restarting tasks ... done.
root@(none):/# 
root@(none):/# rtcwake -d rtc1 -m mem -s 3
rtcwake: assuming RTC uses UTC ...
rtcwake: wakeup from "mem" using /dev/rtc1 at Thu Jan  1 00:01:40 1970
[   20.969901] PM: Syncing filesystems ... done.
[   20.975411] Freezing user space processes ... (elapsed 0.001 seconds) done.
[   20.983783] OOM killer disabled.
[   20.987008] Freezing remaining freezable tasks ... (elapsed 0.001 seconds) done.
[   20.995824] Suspending console(s) (use no_console_suspend to debug)
[   21.050585] PM: suspend of devices complete after 47.268 msecs
[   21.053624] PM: late suspend of devices complete after 3.021 msecs
[   21.055624] PM: noirq suspend of devices complete after 1.989 msecs
[   21.055629] Disabling non-boot CPUs ...
[   21.056117] IRQ17 no longer affine to CPU1
[   21.182115] Entering suspend state LP1
[   21.182115] Suspended for 7.777 seconds
[   21.182136] Enabling non-boot CPUs ...
[   21.212977] CPU1 is up
[   21.252607] CPU2 is up
[   21.293252] CPU3 is up
[   21.294373] PM: noirq resume of devices complete after 1.111 msecs
[   21.296817] PM: early resume of devices complete after 1.993 msecs
[   21.838472] PM: resume of devices complete after 541.637 msecs
[   21.902850] OOM killer enabled.
[   21.905985] Restarting tasks ... done.
root@(none):/# 
root@(none):/# rtcwake -d rtc1 -m mem -s 3
rtcwake: assuming RTC uses UTC ...
rtcwake: wakeup from "mem" using /dev/rtc1 at Thu Jan  1 00:01:50 1970
[   23.200107] PM: Syncing filesystems ... done.
[   23.205836] Freezing user space processes ... (elapsed 0.001 seconds) done.
[   23.214210] OOM killer disabled.
[   23.217434] Freezing remaining freezable tasks ... (elapsed 0.001 seconds) done.
[   23.226241] Suspending console(s) (use no_console_suspend to debug)
[   23.280813] PM: suspend of devices complete after 47.062 msecs
[   23.283877] PM: late suspend of devices complete after 3.048 msecs
[   23.285882] PM: noirq suspend of devices complete after 1.993 msecs
[   23.285887] Disabling non-boot CPUs ...
[   23.383133] IRQ17 no longer affine to CPU3
[   23.432887] Entering suspend state LP1
[   23.432887] Suspended for 8.332 seconds
[   23.432908] Enabling non-boot CPUs ...
[   23.462500] CPU1 is up
[   23.502612] CPU2 is up
[   23.543282] CPU3 is up
[   23.544400] PM: noirq resume of devices complete after 1.106 msecs
[   23.547073] PM: early resume of devices complete after 2.222 msecs
[   24.089220] PM: resume of devices complete after 542.129 msecs
[   24.153675] OOM killer enabled.
[   24.156810] Restarting tasks ... done.
root@(none):/# 
root@(none):/# NVTB SYSTEM SUSPEND TEST COMPLETE
