

U-Boot 2015.04-00466-gedec83e90172 (Mar 14 2016 - 10:42:01)

TEGRA124
Model: Acer Chromebook 13 CB5-311
DRAM:  4 GiB
:   Tegra SD/MMC: 0, Tegra SD/MMC: 1, Tegra SD/MMC: 2
MMC init failed
Using default environment

In:    serial
Out:   serial
Err:   serial
Net:   Net Initialization Skipped
No ethernet found.
Hit any key to stop autoboot:  2  0 
Tegra124 (Nyan-big) # 
Tegra124 (Nyan-big) # usb start
starting USB...
USB0:   USB EHCI 1.10
scanning bus 0 for devices... 2 USB Device(s) found
USB1:   USB EHCI 1.10
scanning bus 1 for devices... 2 USB Device(s) found
       scanning usb for storage devices... 1 Storage Device(s) found
       scanning usb for ethernet devices... 
Warning: asx0 using MAC address from net device
1 Ethernet Device(s) found
Tegra124 (Nyan-big) # mw 0x7000e4a0 0x00080000
Tegra124 (Nyan-big) # setenv bootargs 'ignore_loglevel console=ttyS0,115200n8 rw root=PARTUUID=4d36e82a-b3c0-4b4b-bfcd-afe5217ac023 rootwait gpt debug noinitrd earlyprintk init=/bin/bash'
Tegra124 (Nyan-big) # setenv ipaddr 192.168.100.102; setenv serverip 192.168.100.1; setenv tftpserverip 192.168.100.1
Tegra124 (Nyan-big) # tftpboot 0x82000000 zImage.multi_v7_defconfig
Using asx0 device
TFTP from server 192.168.100.1; our IP address is 192.168.100.102
Filename 'zImage.multi_v7_defconfig'.
Load address: 0x82000000
Loading: *#################################################################
	 #################################################################
	 #################################################################
	 #################################################################
	 #################################################################
	 #################################################################
	 #################################################################
	 #################################################################
	 ####################################
	 2.8 MiB/s
done
Bytes transferred = 8159752 (7c8208 hex)
Tegra124 (Nyan-big) # tftpboot 0x83000000 tegra124-nyan-big.dtb
Using asx0 device
TFTP from server 192.168.100.1; our IP address is 192.168.100.102
Filename 'tegra124-nyan-big.dtb'.
Load address: 0x83000000
Loading: *#####
	 2.7 MiB/s
done
Bytes transferred = 68203 (10a6b hex)
Tegra124 (Nyan-big) # bootz 0x82000000 - 0x83000000
Kernel image @ 0x82000000 [ 0x000000 - 0x7c8200 ]
## Flattened Device Tree blob at 83000000
   Booting using the fdt blob at 0x83000000
   Using Device Tree in place at 83000000, end 83013a6a

Starting kernel ...

[    0.000000] Booting Linux on physical CPU 0x0
[    0.000000] Linux version 4.14.0-rc4-200558-g8a5776a (jonathanh@sellafield) (gcc version 4.7.3 20130328 (prerelease) (crosstool-NG linaro-1.13.1-4.7-2013.04-20130415 - Linaro GCC 2013.04)) #1 SMP Sun Oct 8 21:37:02 PDT 2017
[    0.000000] CPU: ARMv7 Processor [413fc0f3] revision 3 (ARMv7), cr=10c5387d
[    0.000000] CPU: div instructions available: patching division code
[    0.000000] CPU: PIPT / VIPT nonaliasing data cache, PIPT instruction cache
[    0.000000] OF: fdt: Machine model: Acer Chromebook 13 CB5-311
[    0.000000] OF: fdt: Ignoring memory range 0x100000000 - 0x17ffff000
[    0.000000] debug: ignoring loglevel setting.
[    0.000000] Memory policy: Data cache writealloc
[    0.000000] efi: Getting EFI parameters from FDT:
[    0.000000] efi: UEFI not found.
[    0.000000] cma: Reserved 64 MiB at 0xfb800000
[    0.000000] On node 0 totalpages: 524287
[    0.000000] free_area_init_node: node 0, pgdat c158fa80, node_mem_map eeff8000
[    0.000000]   DMA zone: 1536 pages used for memmap
[    0.000000]   DMA zone: 0 pages reserved
[    0.000000]   DMA zone: 196608 pages, LIFO batch:31
[    0.000000]   HighMem zone: 327679 pages, LIFO batch:31
[    0.000000] random: fast init done
[    0.000000] percpu: Embedded 17 pages/cpu @eef81000 s39424 r8192 d22016 u69632
[    0.000000] pcpu-alloc: s39424 r8192 d22016 u69632 alloc=17*4096
[    0.000000] pcpu-alloc: [0] 0 [0] 1 [0] 2 [0] 3 
[    0.000000] Built 1 zonelists, mobility grouping on.  Total pages: 522751
[    0.000000] Kernel command line: ignore_loglevel console=ttyS0,115200n8 rw root=PARTUUID=4d36e82a-b3c0-4b4b-bfcd-afe5217ac023 rootwait gpt debug noinitrd earlyprintk init=/bin/bash
[    0.000000] PID hash table entries: 4096 (order: 2, 16384 bytes)
[    0.000000] Dentry cache hash table entries: 131072 (order: 7, 524288 bytes)
[    0.000000] Inode-cache hash table entries: 65536 (order: 6, 262144 bytes)
[    0.000000] Memory: 1994372K/2097148K available (10240K kernel code, 1631K rwdata, 4504K rodata, 2048K init, 405K bss, 37240K reserved, 65536K cma-reserved, 1245180K highmem)
[    0.000000] Virtual kernel memory layout:
[    0.000000]     vector  : 0xffff0000 - 0xffff1000   (   4 kB)
[    0.000000]     fixmap  : 0xffc00000 - 0xfff00000   (3072 kB)
[    0.000000]     vmalloc : 0xf0800000 - 0xff800000   ( 240 MB)
[    0.000000]     lowmem  : 0xc0000000 - 0xf0000000   ( 768 MB)
[    0.000000]     pkmap   : 0xbfe00000 - 0xc0000000   (   2 MB)
[    0.000000]     modules : 0xbf000000 - 0xbfe00000   (  14 MB)
[    0.000000]       .text : 0xc0208000 - 0xc0d00000   (11232 kB)
[    0.000000]       .init : 0xc1200000 - 0xc1400000   (2048 kB)
[    0.000000]       .data : 0xc1400000 - 0xc1597f28   (1632 kB)
[    0.000000]        .bss : 0xc15a0b90 - 0xc16062fc   ( 406 kB)
[    0.000000] SLUB: HWalign=64, Order=0-3, MinObjects=0, CPUs=4, Nodes=1
[    0.000000] Hierarchical RCU implementation.
[    0.000000] 	RCU event tracing is enabled.
[    0.000000] 	RCU restricting CPUs from NR_CPUS=16 to nr_cpu_ids=4.
[    0.000000] RCU: Adjusting geometry for rcu_fanout_leaf=16, nr_cpu_ids=4
[    0.000000] NR_IRQS: 16, nr_irqs: 16, preallocated irqs: 16
[    0.000000] /interrupt-controller@60004000: 160 interrupts forwarded to /interrupt-controller@50041000
[    0.000000] Tegra clk 127: register failed with -17
[    0.000003] sched_clock: 32 bits at 1000kHz, resolution 1000ns, wraps every 2147483647500ns
[    0.000011] clocksource: timer_us: mask: 0xffffffff max_cycles: 0xffffffff, max_idle_ns: 1911260446275 ns
[    0.000017] Switching to timer-based delay loop, resolution 1000ns
[    0.001905] arch_timer: cp15 timer(s) running at 12.00MHz (virt).
[    0.001912] clocksource: arch_sys_counter: mask: 0xffffffffffffff max_cycles: 0x2c47f4ee7, max_idle_ns: 440795202497 ns
[    0.001919] sched_clock: 56 bits at 12MHz, resolution 83ns, wraps every 4398046511096ns
[    0.001923] Switching to timer-based delay loop, resolution 83ns
[    0.002142] Console: colour dummy device 80x30
[    0.002158] Calibrating delay loop (skipped), value calculated using timer frequency.. 24.00 BogoMIPS (lpj=120000)
[    0.002165] pid_max: default: 32768 minimum: 301
[    0.002206] Mount-cache hash table entries: 2048 (order: 1, 8192 bytes)
[    0.002211] Mountpoint-cache hash table entries: 2048 (order: 1, 8192 bytes)
[    0.002415] CPU: Testing write buffer coherency: ok
[    0.002539] /cpus/cpu@0 missing clock-frequency property
[    0.002554] /cpus/cpu@1 missing clock-frequency property
[    0.002568] /cpus/cpu@2 missing clock-frequency property
[    0.002583] /cpus/cpu@3 missing clock-frequency property
[    0.002588] CPU0: thread -1, cpu 0, socket 0, mpidr 80000000
[    0.002709] Setting up static identity map for 0x80300000 - 0x803000a0
[    0.003438] Hierarchical SRCU implementation.
[    0.004146] Tegra Revision: A01 SKU: 131 CPU Process: 1 SoC Process: 1
[    0.004424] EFI services will not be available.
[    0.004483] smp: Bringing up secondary CPUs ...
[    0.004712] CPU1: thread -1, cpu 1, socket 0, mpidr 80000001
[    0.012124] CPU2: thread -1, cpu 2, socket 0, mpidr 80000002
[    0.022130] CPU3: thread -1, cpu 3, socket 0, mpidr 80000003
[    0.031907] smp: Brought up 1 node, 4 CPUs
[    0.031914] SMP: Total of 4 processors activated (96.00 BogoMIPS).
[    0.031918] CPU: All CPU(s) started in SVC mode.
[    0.032478] devtmpfs: initialized
[    0.037474] VFP support v0.3: implementor 41 architecture 4 part 30 variant f rev 0
[    0.037667] clocksource: jiffies: mask: 0xffffffff max_cycles: 0xffffffff, max_idle_ns: 19112604462750000 ns
[    0.037676] futex hash table entries: 1024 (order: 4, 65536 bytes)
[    0.038246] pinctrl core: initialized pinctrl subsystem
[    0.038868] DMI not present or invalid.
[    0.038973] NET: Registered protocol family 16
[    0.039718] DMA: preallocated 256 KiB pool for atomic coherent allocations
[    0.040604] cpuidle: using governor menu
[    0.049062] No ATAGs?
[    0.049119] hw-breakpoint: found 5 (+1 reserved) breakpoint and 4 watchpoint registers.
[    0.049125] hw-breakpoint: maximum watchpoint size is 8 bytes.
[    0.051932] Serial: AMBA PL011 UART driver
[    0.052290] tegra-mc 70019000.memory-controller: no memory timings for RAM code 0 registered
[    0.052401] iommu: Adding device reg-dummy to group 0
[    0.052428] iommu: Adding device 50000000.host1x to group 1
[    0.052453] iommu: Adding device 54200000.dc to group 2
[    0.052476] iommu: Adding device 54240000.dc to group 3
[    0.052489] iommu: Adding device 54280000.hdmi to group 4
[    0.052500] iommu: Adding device 54540000.sor to group 5
[    0.052513] iommu: Adding device 545c0000.dpaux to group 6
[    0.052537] iommu: Adding device 57000000.gpu to group 7
[    0.052547] iommu: Adding device 60005000.timer to group 8
[    0.052558] iommu: Adding device 60007000.flow-controller to group 9
[    0.052568] iommu: Adding device 6000c800.actmon to group 10
[    0.052579] iommu: Adding device 6000d000.gpio to group 11
[    0.052591] iommu: Adding device 60020000.dma to group 12
[    0.052601] iommu: Adding device 70000800.apbmisc to group 13
[    0.052612] iommu: Adding device 70000868.pinmux to group 14
[    0.052622] iommu: Adding device 70006000.serial to group 15
[    0.052635] iommu: Adding device 7000a000.pwm to group 16
[    0.052645] iommu: Adding device 7000c000.i2c to group 17
[    0.052656] iommu: Adding device 7000c400.i2c to group 18
[    0.052666] iommu: Adding device 7000c500.i2c to group 19
[    0.052679] iommu: Adding device 7000c700.i2c to group 20
[    0.052689] iommu: Adding device 7000d000.i2c to group 21
[    0.052701] iommu: Adding device 7000d400.spi to group 22
[    0.052711] iommu: Adding device 7000da00.spi to group 23
[    0.052721] iommu: Adding device 7000e000.rtc to group 24
[    0.052731] iommu: Adding device 7000e400.pmc to group 25
[    0.052741] iommu: Adding device 7000f800.fuse to group 26
[    0.052754] iommu: Adding device 70019000.memory-controller to group 27
[    0.052765] iommu: Adding device 7001b000.emc to group 28
[    0.052777] iommu: Adding device 70030000.hda to group 29
[    0.052788] iommu: Adding device 70090000.usb to group 30
[    0.052799] iommu: Adding device 7009f000.padctl to group 31
[    0.052809] iommu: Adding device 700b0000.sdhci to group 32
[    0.052820] iommu: Adding device 700b0400.sdhci to group 33
[    0.052830] iommu: Adding device 700b0600.sdhci to group 34
[    0.052840] iommu: Adding device 700e2000.thermal-sensor to group 35
[    0.052851] iommu: Adding device 70300000.ahub to group 36
[    0.052862] iommu: Adding device pmu to group 37
[    0.052875] iommu: Adding device timer to group 38
[    0.052885] iommu: Adding device sdhci0_pwrseq to group 39
[    0.052896] iommu: Adding device backlight to group 40
[    0.052906] iommu: Adding device clocks to group 41
[    0.052916] iommu: Adding device gpio-keys to group 42
[    0.052926] iommu: Adding device regulators to group 43
[    0.052937] iommu: Adding device regulators:regulator@0 to group 44
[    0.052948] iommu: Adding device regulators:regulator@1 to group 45
[    0.052960] iommu: Adding device regulators:regulator@2 to group 46
[    0.052971] iommu: Adding device regulators:regulator@3 to group 47
[    0.052984] iommu: Adding device regulators:regulator@4 to group 48
[    0.052994] iommu: Adding device regulators:regulator@5 to group 49
[    0.053006] iommu: Adding device regulators:regulator@6 to group 50
[    0.053017] iommu: Adding device regulators:regulator@7 to group 51
[    0.053027] iommu: Adding device regulators:regulator@8 to group 52
[    0.053040] iommu: Adding device regulators:regulator@9 to group 53
[    0.053052] iommu: Adding device regulators:regulator@10 to group 54
[    0.053063] iommu: Adding device regulators:regulator@11 to group 55
[    0.053073] iommu: Adding device regulators:regulator@12 to group 56
[    0.053083] iommu: Adding device sound to group 57
[    0.053093] iommu: Adding device gpio-restart to group 58
[    0.053106] iommu: Adding device panel to group 59
[    0.058134] AT91: Could not find identification node
[    0.058344] +5V_SYS: supplied by +VDD_MUX
[    0.058444] +3.3V_SYS: supplied by +VDD_MUX
[    0.058658] +VDD_LED: Failed to request enable GPIO122: -517
[    0.058664] reg-fixed-voltage regulators:regulator@5: Failed to register regulator: -517
[    0.058698] +5V_VDD_TS_SW: Failed to request enable GPIO81: -517
[    0.058703] reg-fixed-voltage regulators:regulator@6: Failed to register regulator: -517
[    0.058735] +5V_USB_HS: Failed to request enable GPIO108: -517
[    0.058740] reg-fixed-voltage regulators:regulator@7: Failed to register regulator: -517
[    0.058773] +5V_USB_SS: Failed to request enable GPIO109: -517
[    0.058777] reg-fixed-voltage regulators:regulator@8: Failed to register regulator: -517
[    0.058867] +1.05V_RUN_AVDD_HDMI_PLL: Failed to request enable GPIO63: -517
[    0.058872] reg-fixed-voltage regulators:regulator@11: Failed to register regulator: -517
[    0.058905] +5V_HDMI_CON: Failed to request enable GPIO86: -517
[    0.058910] reg-fixed-voltage regulators:regulator@12: Failed to register regulator: -517
[    0.059891] vgaarb: loaded
[    0.060147] SCSI subsystem initialized
[    0.060216] libata version 3.00 loaded.
[    0.060290] usbcore: registered new interface driver usbfs
[    0.060308] usbcore: registered new interface driver hub
[    0.060328] usbcore: registered new device driver usb
[    0.061604] pps_core: LinuxPPS API ver. 1 registered
[    0.061608] pps_core: Software ver. 5.3.6 - Copyright 2005-2007 Rodolfo Giometti <giometti@linux.it>
[    0.061616] PTP clock support registered
[    0.061681] EDAC MC: Ver: 3.0.0
[    0.061781] dmi: Firmware registration failed.
[    0.062091] tegra-emc 7001b000.emc: no memory timings for RAM code 0 found in DT
[    0.062101] tegra-emc: probe of 7001b000.emc failed with error -2
[    0.062526] clocksource: Switched to clocksource arch_sys_counter
[    0.081785] NET: Registered protocol family 2
[    0.081980] TCP established hash table entries: 8192 (order: 3, 32768 bytes)
[    0.082014] TCP bind hash table entries: 8192 (order: 4, 65536 bytes)
[    0.082076] TCP: Hash tables configured (established 8192 bind 8192)
[    0.082110] UDP hash table entries: 512 (order: 2, 16384 bytes)
[    0.082124] UDP-Lite hash table entries: 512 (order: 2, 16384 bytes)
[    0.082185] NET: Registered protocol family 1
[    0.082333] RPC: Registered named UNIX socket transport module.
[    0.082337] RPC: Registered udp transport module.
[    0.082340] RPC: Registered tcp transport module.
[    0.082343] RPC: Registered tcp NFSv4.1 backchannel transport module.
[    0.082348] PCI: CLS 0 bytes, default 64
[    0.082944] hw perfevents: enabled with armv7_cortex_a15 PMU driver, 7 counters available
[    0.083230] iommu: Adding device alarmtimer to group 60
[    0.083587] workingset: timestamp_bits=30 max_order=19 bucket_order=0
[    0.085612] squashfs: version 4.0 (2009/01/31) Phillip Lougher
[    0.085825] NFS: Registering the id_resolver key type
[    0.085837] Key type id_resolver registered
[    0.085840] Key type id_legacy registered
[    0.085857] ntfs: driver 2.1.32 [Flags: R/O].
[    0.086398] bounce: pool size: 64 pages
[    0.086417] Block layer SCSI generic (bsg) driver version 0.4 loaded (major 248)
[    0.086421] io scheduler noop registered
[    0.086424] io scheduler deadline registered
[    0.086496] io scheduler cfq registered (default)
[    0.086500] io scheduler mq-deadline registered
[    0.086504] io scheduler kyber registered
[    0.087774] tegra-xusb-padctl 7009f000.padctl: failed to setup XUSB ports: -517
[    0.098280] tegra-apbdma 60020000.dma: Tegra20 APB DMA driver register 32 channels
[    0.099294] tegra-pmc 7000e400.pmc: i2c-thermtrip node not found, emergency thermal reset disabled.
[    0.116487] Serial: 8250/16550 driver, 4 ports, IRQ sharing disabled
[    0.116529] iommu: Adding device serial8250 to group 61
[    0.117556] console [ttyS0] disabled
[    0.117575] 70006000.serial: ttyS0 at MMIO 0x70006000 (irq = 333, base_baud = 25500000) is a Tegra
[    1.365049] console [ttyS0] enabled
[    1.368832] SuperH (H)SCI(F) driver initialized
[    1.373727] msm_serial: driver initialized
[    1.377871] STMicroelectronics ASC driver initialized
[    1.385253] tegra-hdmi 54280000.hdmi: failed to get HDMI regulator
[    1.391790] tegra-dpaux 545c0000.dpaux: failed to get VDD supply: -517
[    1.399210] panel-simple panel: panel supply power not found, using dummy regulator
[    1.409520] brd: module loaded
[    1.414953] loop: module loaded
[    1.418998] as3722 4-0040: AS3722 with revision 0x1 found
[    1.425523] iommu: Adding device as3722-pinctrl to group 62
[    1.432403] iommu: Adding device as3722-regulator to group 63
[    1.440254] as3722-sd2: supplied by +5V_SYS
[    1.444665] as3722-sd3: supplied by +5V_SYS
[    1.448991] +1.35V_LP0(sd3): Bringing 0uV into 1350000-1350000uV
[    1.455208] as3722-sd4: supplied by +5V_SYS
[    1.459537] +1.05V_RUN: Bringing 0uV into 1050000-1050000uV
[    1.465268] as3722-sd5: supplied by +5V_SYS
[    1.470822] as3722-ldo0: supplied by +1.35V_LP0(sd2)
[    1.476542] +1.8V_RUN_CAM: Bringing 0uV into 1800000-1800000uV
[    1.482551] as3722-ldo2: supplied by +1.8V_VDDIO
[    1.488144] as3722-ldo3: supplied by +3.3V_SYS
[    1.492594] +1.00V_LP0_VDD_RTC: Bringing 1100000uV into 1000000-1000000uV
[    1.500149] as3722-ldo4: supplied by +3.3V_SYS
[    1.504752] +3.3V_RUN_CAM: Bringing 0uV into 2800000-2800000uV
[    1.510750] as3722-ldo5: supplied by +1.8V_VDDIO
[    1.515524] +1.2V_RUN_CAM_FRONT: Bringing 0uV into 1200000-1200000uV
[    1.522192] +VDDIO_SDMMC3: Bringing 0uV into 1800000-1800000uV
[    1.528209] as3722-ldo7: supplied by +1.8V_VDDIO
[    1.532981] +1.05V_RUN_CAM_REAR: Bringing 0uV into 1050000-1050000uV
[    1.539513] as3722-ldo9: supplied by +5V_SYS
[    1.544081] +2.8V_RUN_TOUCH: Bringing 0uV into 2800000-2800000uV
[    1.550268] as3722-ldo10: supplied by +5V_SYS
[    1.554778] +2.8V_RUN_CAM_AF: Bringing 0uV into 2800000-2800000uV
[    1.561195] +1.8V_RUN_VPP_FUSE: Bringing 0uV into 1800000-1800000uV
[    1.567689] iommu: Adding device as3722-rtc to group 64
[    1.573051] iommu: Adding device as3722-adc to group 65
[    1.578362] iommu: Adding device as3722-power-off to group 66
[    1.584205] iommu: Adding device as3722-wdt to group 67
[    1.601224] m25p80 spi1.0: w25q32dw (4096 Kbytes)
[    1.606719] iommu: Adding device Fixed MDIO bus.0 to group 68
[    1.612602] libphy: Fixed MDIO Bus: probed
[    1.617000] CAN device driver interface
[    1.621138] bgmac_bcma: Broadcom 47xx GBit MAC driver loaded
[    1.627248] e1000e: Intel(R) PRO/1000 Network Driver - 3.2.6-k
[    1.633071] e1000e: Copyright(c) 1999 - 2015 Intel Corporation.
[    1.638990] igb: Intel(R) Gigabit Ethernet Network Driver - version 5.4.0-k
[    1.645939] igb: Copyright (c) 2007-2014 Intel Corporation.
[    1.652772] pegasus: v0.9.3 (2013/04/25), Pegasus/Pegasus II USB Ethernet driver
[    1.660168] usbcore: registered new interface driver pegasus
[    1.665832] usbcore: registered new interface driver asix
[    1.671226] usbcore: registered new interface driver ax88179_178a
[    1.677323] usbcore: registered new interface driver cdc_ether
[    1.683159] usbcore: registered new interface driver smsc75xx
[    1.688903] usbcore: registered new interface driver smsc95xx
[    1.694648] usbcore: registered new interface driver net1080
[    1.700303] usbcore: registered new interface driver cdc_subset
[    1.706222] usbcore: registered new interface driver zaurus
[    1.711794] usbcore: registered new interface driver cdc_ncm
[    1.718112] ehci_hcd: USB 2.0 'Enhanced' Host Controller (EHCI) Driver
[    1.724630] ehci-pci: EHCI PCI platform driver
[    1.729072] ehci-platform: EHCI generic platform driver
[    1.734357] ehci-orion: EHCI orion driver
[    1.738406] SPEAr-ehci: EHCI SPEAr driver
[    1.742451] ehci-st: EHCI STMicroelectronics driver
[    1.747368] ehci-exynos: EHCI EXYNOS driver
[    1.751590] ehci-atmel: EHCI Atmel driver
[    1.755639] tegra-ehci: Tegra EHCI driver
[    1.759697] ohci_hcd: USB 1.1 'Open' Host Controller (OHCI) Driver
[    1.765869] ohci-pci: OHCI PCI platform driver
[    1.770310] ohci-platform: OHCI generic platform driver
[    1.775587] SPEAr-ohci: OHCI SPEAr driver
[    1.779631] ohci-st: OHCI STMicroelectronics driver
[    1.784547] ohci-atmel: OHCI Atmel driver
[    1.788793] usbcore: registered new interface driver usb-storage
[    1.795803] elan_i2c 1-0015: 1-0015 supply vcc not found, using dummy regulator
[    1.797549] as3722-rtc as3722-rtc: rtc core: registered as3722-rtc as rtc0
[    1.797552] as3722-rtc as3722-rtc: RTC interrupt 372
[    1.799850] tegra_rtc 7000e000.rtc: rtc core: registered 7000e000.rtc as rtc1
[    1.799873] tegra_rtc 7000e000.rtc: Tegra internal Real Time Clock
[    1.800134] i2c /dev entries driver
[    1.801912] IR NEC protocol handler initialized
[    1.801915] IR RC5(x/sz) protocol handler initialized
[    1.801917] IR RC6 protocol handler initialized
[    1.801919] IR JVC protocol handler initialized
[    1.801920] IR Sony protocol handler initialized
[    1.801922] IR SANYO protocol handler initialized
[    1.801924] IR Sharp protocol handler initialized
[    1.801925] IR MCE Keyboard/mouse protocol handler initialized
[    1.801927] IR XMP protocol handler initialized
[    1.803446] lm90 0-004c: 0-004c supply vcc not found, using dummy regulator
[    1.807512] iommu: Adding device cpufreq-tegra124 to group 69
[    1.808834] sdhci: Secure Digital Host Controller Interface driver
[    1.808836] sdhci: Copyright(c) Pierre Ossman
[    1.809540] Synopsys Designware Multimedia Card Interface Driver
[    1.810152] sdhci-pltfm: SDHCI platform and OF driver helper
[    1.810502] sdhci-tegra 700b0000.sdhci: allocated mmc-pwrseq
[    1.818709] sdhci-tegra 700b0400.sdhci: Got CD GPIO
[    1.818720] sdhci-tegra 700b0400.sdhci: Got WP GPIO
[    1.834700] mmc0: Unknown controller version (3). You may experience problems.
[    1.834737] mmc0: Invalid maximum block size, assuming 512 bytes
[    1.892536] mmc0: SDHCI controller on 700b0600.sdhci [700b0600.sdhci] using ADMA
[    1.945369] ledtrig-cpu: registered to indicate activity on CPUs
[    1.951500] usbcore: registered new interface driver usbhid
[    1.957073] usbhid: USB HID core driver
[    1.962260] NET: Registered protocol family 10
[    1.967030] Segment Routing with IPv6
[    1.970721] sit: IPv6, IPv4 and MPLS over IPv4 tunneling driver
[    1.976831] NET: Registered protocol family 17
[    1.981264] can: controller area network core (rev 20170425 abi 9)
[    1.987460] NET: Registered protocol family 29
[    1.991892] can: raw protocol (rev 20170425)
[    1.996155] can: broadcast manager protocol (rev 20170425 t)
[    2.001800] can: netlink gateway (rev 20170425) max_hops=1
[    2.007399] Key type dns_resolver registered
[    2.011858] ThumbEE CPU extension supported.
[    2.016124] Registering SWP/SWPB emulation handler
[    2.025942] +3.3V_RUN: supplied by +3.3V_SYS
[    2.030786] +VDD_LED: supplied by +VDD_MUX
[    2.035082] +3.3V_AVDD_HDMI_AP_GATED: supplied by +3.3V_RUN
[    2.040726] +1.8V_RUN_CAM: supplied by +3.3V_RUN
[    2.045398] +VDDIO_SDMMC3: supplied by +3.3V_RUN
[    2.050098] +1.8V_RUN_VPP_FUSE: supplied by +3.3V_RUN
[    2.055494] +5V_VDD_TS_SW: supplied by +5V_SYS
[    2.060183] +5V_USB_HS: supplied by +5V_SYS
[    2.064781] +5V_USB_SS: supplied by +5V_SYS
[    2.069557] +3.3V_PANEL: supplied by +3.3V_RUN
[    2.074861] +3.3V_LP0: supplied by +3.3V_SYS
[    2.079690] +1.05V_RUN_AVDD_HDMI_PLL: supplied by +1.05V_RUN
[    2.085754] elan_i2c 1-0015: fetching report descriptor failed.: -121
[    2.085896] +5V_HDMI_CON: supplied by +5V_SYS
[    2.086750]  usb3-0: usb3-0 supply vbus not found, using dummy regulator
[    2.086807]  usb3-1: usb3-1 supply vbus not found, using dummy regulator
[    2.088746] mmc0: new high speed MMC card at address 0001
[    2.090169] mmcblk0: mmc0:0001 MMC16G 14.4 GiB 
[    2.091161] tegra-sor 54540000.sor: failed to probe output: -517
[    2.091946] panel-simple panel: panel supply power not found, using dummy regulator
[    2.092349] mmcblk0boot0: mmc0:0001 MMC16G partition 1 2.00 MiB
[    2.093657] sdhci-tegra 700b0000.sdhci: allocated mmc-pwrseq
[    2.093724] mmcblk0boot1: mmc0:0001 MMC16G partition 2 2.00 MiB
[    2.094062] mmcblk0rpmb: mmc0:0001 MMC16G partition 3 128 KiB
[    2.099079]  mmcblk0: p1 p2 p3 p4 p5 p6 p7 p8 p9 p10 p11 p12
[    2.101853] mmc1: Unknown controller version (3). You may experience problems.
[    2.101889] mmc1: Invalid maximum block size, assuming 512 bytes
[    2.103612] mmc1: Switching to 3.3V signalling voltage failed
[    2.172643] mmc1: SDHCI controller on 700b0000.sdhci [700b0000.sdhci] using ADMA
[    2.173732] sdhci-tegra 700b0400.sdhci: Got CD GPIO
[    2.173742] sdhci-tegra 700b0400.sdhci: Got WP GPIO
[    2.182258] mmc2: Unknown controller version (3). You may experience problems.
[    2.182310] mmc2: Invalid maximum block size, assuming 512 bytes
[    2.209378] mmc1: new high speed SDIO card at address 0001
[    2.217227] elan_i2c 1-0015: device initialize failed: -121
[    2.242848] mmc2: SDHCI controller on 700b0400.sdhci [700b0400.sdhci] using ADMA
[    2.346637] [drm] Supports vblank timestamp caching Rev 2 (21.10.2013).
[    2.353258] [drm] No driver support for vblank timestamp query.
[    2.383162] mmc2: new high speed SDHC card at address 0007
[    2.383376] mmcblk2: mmc2:0007 SD08G 7.42 GiB 
[    2.393528] GPT:Primary header alternate_lba != Alt. header my_lba
[    2.393532] GPT:3014591 != 15564799
[    2.393533] GPT:Primary header thinks Alt. header is not at the end of the disk.
[    2.393534] GPT:3014591 != 15564799
[    2.393536] GPT: Use GNU Parted to correct GPT errors.
[    2.393560]  mmcblk2: p1 p2 p3 p4 p5 p6 p7 p8 p9 p10 p11 p12
[    2.441449] Console: switching to colour frame buffer device 170x48
[    2.446852] elan_i2c 1-0015: Elan Touchpad: Module ID: 0x002a, Firmware: 0x0005, Sample: 0x0007, IAP: 0x0009
[    2.447209] input: Elan Touchpad as /devices/soc0/7000c400.i2c/i2c-1/1-0015/input/input0
[    2.523455] drm drm: fb0:  frame buffer device
[    2.527939] [drm] Initialized tegra 0.0.0 20120330 for drm on minor 0
[    2.535330] input: gpio-keys as /devices/soc0/gpio-keys/input/input1
[    2.542740] as3722-rtc as3722-rtc: setting system clock to 2000-01-01 00:00:24 UTC (946684824)
[    2.551681] +1.8V_RUN_CAM: disabling
[    2.555505] +3.3V_RUN_CAM: disabling
[    2.559177] +1.2V_RUN_CAM_FRONT: disabling
[    2.563437] +1.05V_RUN_CAM_REAR: disabling
[    2.567628] +2.8V_RUN_TOUCH: disabling
[    2.571476] +2.8V_RUN_CAM_AF: disabling
[    2.575504] +1.8V_RUN_VPP_FUSE: disabling
[    2.579613] +5V_VDD_TS_SW: disabling
[    2.583203] +5V_USB_HS: disabling
[    2.586516] +5V_USB_SS: disabling
[    2.590634] EXT4-fs (mmcblk0p3): couldn't mount as ext3 due to feature incompatibilities
[    2.599274] EXT4-fs (mmcblk0p3): couldn't mount as ext2 due to feature incompatibilities
[    2.830458] EXT4-fs (mmcblk0p3): recovery complete
[    2.838685] EXT4-fs (mmcblk0p3): mounted filesystem with ordered data mode. Opts: (null)
[    2.846815] VFS: Mounted root (ext4 filesystem) on device 179:3.
[    2.853492] devtmpfs: mounted
[    2.857178] Freeing unused kernel memory: 2048K
bash: cannot set terminal process group (-1): Inappropriate ioctl for device
bash: no job control in this shell
root@(none):/# mount -t sysfs none /sys
root@(none):/# 
root@(none):/# mount -t debugfs none /sys/kernel/debug
root@(none):/# 
root@(none):/# rtcwake -d rtc1 -m mem -s 3
rtcwake: assuming RTC uses UTC ...
rtcwake: wakeup from "mem" using /dev/rtc1 at Thu Jan  1 00:00:29 1970
[    5.774889] PM: suspend entry (deep)
[    5.778461] PM: Syncing filesystems ... done.
[    5.791036] Freezing user space processes ... (elapsed 0.001 seconds) done.
[    5.799166] OOM killer disabled.
[    5.802392] Freezing remaining freezable tasks ... (elapsed 0.001 seconds) done.
[    5.810979] Suspending console(s) (use no_console_suspend to debug)
[    5.856956] Disabling non-boot CPUs ...
[    5.912704] IRQ17 no longer affine to CPU1
[    6.033211] Entering suspend state LP1
[    6.033224] Enabling non-boot CPUs ...
[    6.033520] CPU1 is up
[    6.033761] CPU2 is up
[    6.034039] CPU3 is up
[    6.193891] mmc1: Switching to 3.3V signalling voltage failed
[    6.452575] tegra-sor 54540000.sor: failed to attach SOR: -110
[    6.516964] OOM killer enabled.
[    6.520097] Restarting tasks ... done.
[    6.531723] PM: suspend exit
root@(none):/# 
root@(none):/# rtcwake -d rtc1 -m mem -s 3
rtcwake: assuming RTC uses UTC ...
rtcwake: wakeup from "mem" using /dev/rtc1 at Thu Jan  1 00:00:34 1970
[    7.642258] PM: suspend entry (deep)
[    7.645872] PM: Syncing filesystems ... done.
[    7.665176] Freezing user space processes ... (elapsed 0.001 seconds) done.
[    7.673310] OOM killer disabled.
[    7.676529] Freezing remaining freezable tasks ... (elapsed 0.001 seconds) done.
[    7.685155] Suspending console(s) (use no_console_suspend to debug)
[    7.731381] Disabling non-boot CPUs ...
[    7.772676] IRQ17 no longer affine to CPU1
[    7.893101] Entering suspend state LP1
[    7.893115] Enabling non-boot CPUs ...
[    7.893415] CPU1 is up
[    7.893658] CPU2 is up
[    7.893941] CPU3 is up
[    8.054294] mmc1: Switching to 3.3V signalling voltage failed
[    8.312484] tegra-sor 54540000.sor: failed to attach SOR: -110
[    8.377113] OOM killer enabled.
[    8.380246] Restarting tasks ... done.
[    8.391901] PM: suspend exit
root@(none):/# 
root@(none):/# rtcwake -d rtc1 -m mem -s 3
rtcwake: assuming RTC uses UTC ...
rtcwake: wakeup from "mem" using /dev/rtc1 at Thu Jan  1 00:00:39 1970
[    9.502331] PM: suspend entry (deep)
[    9.505946] PM: Syncing filesystems ... done.
[    9.525376] Freezing user space processes ... (elapsed 0.001 seconds) done.
[    9.533509] OOM killer disabled.
[    9.536728] Freezing remaining freezable tasks ... (elapsed 0.001 seconds) done.
[    9.545354] Suspending console(s) (use no_console_suspend to debug)
[    9.591255] Disabling non-boot CPUs ...
[    9.753086] Entering suspend state LP1
[    9.753099] Enabling non-boot CPUs ...
[    9.753401] CPU1 is up
[    9.753644] CPU2 is up
[    9.753928] CPU3 is up
[    9.913941] mmc1: Switching to 3.3V signalling voltage failed
[   10.172507] tegra-sor 54540000.sor: failed to attach SOR: -110
[   10.232835] OOM killer enabled.
[   10.235967] Restarting tasks ... done.
[   10.251698] PM: suspend exit
root@(none):/# 
root@(none):/# rtcwake -d rtc1 -m mem -s 3
rtcwake: assuming RTC uses UTC ...
rtcwake: wakeup from "mem" using /dev/rtc1 at Thu Jan  1 00:00:44 1970
[   11.362252] PM: suspend entry (deep)
[   11.365868] PM: Syncing filesystems ... done.
[   11.385134] Freezing user space processes ... (elapsed 0.001 seconds) done.
[   11.393271] OOM killer disabled.
[   11.396490] Freezing remaining freezable tasks ... (elapsed 0.001 seconds) done.
[   11.405118] Suspending console(s) (use no_console_suspend to debug)
[   11.451010] Disabling non-boot CPUs ...
[   11.613067] Entering suspend state LP1
[   11.613081] Enabling non-boot CPUs ...
[   11.613384] CPU1 is up
[   11.613627] CPU2 is up
[   11.613909] CPU3 is up
[   11.774037] mmc1: Switching to 3.3V signalling voltage failed
[   12.032498] tegra-sor 54540000.sor: failed to attach SOR: -110
[   12.092952] OOM killer enabled.
[   12.096085] Restarting tasks ... done.
[   12.111780] PM: suspend exit
root@(none):/# 
root@(none):/# rtcwake -d rtc1 -m mem -s 3
rtcwake: assuming RTC uses UTC ...
rtcwake: wakeup from "mem" using /dev/rtc1 at Thu Jan  1 00:00:49 1970
[   13.222206] PM: suspend entry (deep)
[   13.225822] PM: Syncing filesystems ... done.
[   13.245220] Freezing user space processes ... (elapsed 0.001 seconds) done.
[   13.253353] OOM killer disabled.
[   13.256573] Freezing remaining freezable tasks ... (elapsed 0.001 seconds) done.
[   13.265199] Suspending console(s) (use no_console_suspend to debug)
[   13.311055] Disabling non-boot CPUs ...
[   13.362608] IRQ17 no longer affine to CPU1
[   13.503039] Entering suspend state LP1
[   13.503052] Enabling non-boot CPUs ...
[   13.503355] CPU1 is up
[   13.503600] CPU2 is up
[   13.503880] CPU3 is up
[   13.663931] mmc1: Switching to 3.3V signalling voltage failed
[   13.922459] tegra-sor 54540000.sor: failed to attach SOR: -110
[   13.986805] OOM killer enabled.
[   13.989938] Restarting tasks ... done.
[   14.001612] PM: suspend exit
root@(none):/# 
root@(none):/# rtcwake -d rtc1 -m mem -s 3
rtcwake: assuming RTC uses UTC ...
rtcwake: wakeup from "mem" using /dev/rtc1 at Thu Jan  1 00:00:54 1970
[   15.112282] PM: suspend entry (deep)
[   15.115915] PM: Syncing filesystems ... done.
[   15.134999] Freezing user space processes ... (elapsed 0.001 seconds) done.
[   15.143137] OOM killer disabled.
[   15.146357] Freezing remaining freezable tasks ... (elapsed 0.001 seconds) done.
[   15.154983] Suspending console(s) (use no_console_suspend to debug)
[   15.200617] Disabling non-boot CPUs ...
[   15.242589] IRQ17 no longer affine to CPU1
[   15.363010] Entering suspend state LP1
[   15.363023] Enabling non-boot CPUs ...
[   15.363327] CPU1 is up
[   15.363571] CPU2 is up
[   15.363852] CPU3 is up
[   15.524355] mmc1: Switching to 3.3V signalling voltage failed
[   15.782446] tegra-sor 54540000.sor: failed to attach SOR: -110
[   15.847167] OOM killer enabled.
[   15.850306] Restarting tasks ... done.
[   15.861956] PM: suspend exit
root@(none):/# 
root@(none):/# rtcwake -d rtc1 -m mem -s 3
rtcwake: assuming RTC uses UTC ...
rtcwake: wakeup from "mem" using /dev/rtc1 at Thu Jan  1 00:00:59 1970
[   16.982257] PM: suspend entry (deep)
[   16.985860] PM: Syncing filesystems ... done.
[   17.012104] Freezing user space processes ... (elapsed 0.001 seconds) done.
[   17.020214] OOM killer disabled.
[   17.023447] Freezing remaining freezable tasks ... (elapsed 0.001 seconds) done.
[   17.032002] Suspending console(s) (use no_console_suspend to debug)
[   17.077961] Disabling non-boot CPUs ...
[   17.232540] IRQ17 no longer affine to CPU3
[   17.232993] Entering suspend state LP1
[   17.233006] Enabling non-boot CPUs ...
[   17.233310] CPU1 is up
[   17.233555] CPU2 is up
[   17.233837] CPU3 is up
[   17.393904] mmc1: Switching to 3.3V signalling voltage failed
[   17.652435] tegra-sor 54540000.sor: failed to attach SOR: -110
[   17.716749] OOM killer enabled.
[   17.719882] Restarting tasks ... done.
[   17.731501] PM: suspend exit
root@(none):/# 
root@(none):/# rtcwake -d rtc1 -m mem -s 3
rtcwake: assuming RTC uses UTC ...
rtcwake: wakeup from "mem" using /dev/rtc1 at Thu Jan  1 00:01:04 1970
[   18.852144] PM: suspend entry (deep)
[   18.855746] PM: Syncing filesystems ... done.
[   18.881608] Freezing user space processes ... (elapsed 0.001 seconds) done.
[   18.889716] OOM killer disabled.
[   18.892951] Freezing remaining freezable tasks ... (elapsed 0.001 seconds) done.
[   18.901506] Suspending console(s) (use no_console_suspend to debug)
[   18.947657] Disabling non-boot CPUs ...
[   19.102520] IRQ17 no longer affine to CPU3
[   19.102976] Entering suspend state LP1
[   19.102990] Enabling non-boot CPUs ...
[   19.103293] CPU1 is up
[   19.103536] CPU2 is up
[   19.103817] CPU3 is up
[   19.263845] mmc1: Switching to 3.3V signalling voltage failed
[   19.522443] tegra-sor 54540000.sor: failed to attach SOR: -110
[   19.586825] OOM killer enabled.
[   19.589958] Restarting tasks ... done.
[   19.601575] PM: suspend exit
root@(none):/# 
root@(none):/# rtcwake -d rtc1 -m mem -s 3
rtcwake: assuming RTC uses UTC ...
rtcwake: wakeup from "mem" using /dev/rtc1 at Thu Jan  1 00:01:09 1970
[   20.722154] PM: suspend entry (deep)
[   20.725756] PM: Syncing filesystems ... done.
[   20.751683] Freezing user space processes ... (elapsed 0.001 seconds) done.
[   20.759790] OOM killer disabled.
[   20.763024] Freezing remaining freezable tasks ... (elapsed 0.001 seconds) done.
[   20.771579] Suspending console(s) (use no_console_suspend to debug)
[   20.817669] Disabling non-boot CPUs ...
[   20.972503] IRQ17 no longer affine to CPU3
[   20.972958] Entering suspend state LP1
[   20.972971] Enabling non-boot CPUs ...
[   20.973275] CPU1 is up
[   20.973518] CPU2 is up
[   20.973801] CPU3 is up
[   21.134902] mmc1: Switching to 3.3V signalling voltage failed
[   21.392362] tegra-sor 54540000.sor: failed to attach SOR: -110
[   21.458026] OOM killer enabled.
[   21.461164] Restarting tasks ... done.
[   21.472755] PM: suspend exit
root@(none):/# 
root@(none):/# rtcwake -d rtc1 -m mem -s 3
rtcwake: assuming RTC uses UTC ...
rtcwake: wakeup from "mem" using /dev/rtc1 at Thu Jan  1 00:01:14 1970
[   22.592116] PM: suspend entry (deep)
[   22.595718] PM: Syncing filesystems ... done.
[   22.606079] Freezing user space processes ... (elapsed 0.001 seconds) done.
[   22.614225] OOM killer disabled.
[   22.617444] Freezing remaining freezable tasks ... (elapsed 0.001 seconds) done.
[   22.626066] Suspending console(s) (use no_console_suspend to debug)
[   22.671589] Disabling non-boot CPUs ...
[   22.832925] Entering suspend state LP1
[   22.832938] Enabling non-boot CPUs ...
[   22.833249] CPU1 is up
[   22.833495] CPU2 is up
[   22.833775] CPU3 is up
[   22.993906] mmc1: Switching to 3.3V signalling voltage failed
[   23.252386] tegra-sor 54540000.sor: failed to attach SOR: -110
[   23.312748] OOM killer enabled.
[   23.315880] Restarting tasks ... done.
[   23.331610] PM: suspend exit
root@(none):/# 
root@(none):/# NVTB SYSTEM SUSPEND TEST COMPLETE
