
U-Boot SPL 2014.01-00219-gc4d376f (Feb 18 2014 - 19:57:18)


U-Boot 2014.01-00219-gc4d376f (Feb 18 2014 - 19:57:18)

TEGRA30
Board: NVIDIA Beaver
I2C:   ready
DRAM:  2 GiB
MMC:   Tegra SD/MMC: 0, Tegra SD/MMC: 1
In:    serial
Out:   serial
Err:   serial
Net:   Net Initialization Skipped
No ethernet found.
Hit any key to stop autoboot:  2  0 
Tegra30 (Beaver) # 
Tegra30 (Beaver) # usb reset
(Re)start USB...
USB0:   USB EHCI 1.00
scanning bus 0 for devices... 2 USB Device(s) found
       scanning usb for storage devices... 0 Storage Device(s) found
       scanning usb for ethernet devices... 
Warning: asx0 using MAC address from net device
1 Ethernet Device(s) found
Tegra30 (Beaver) # setenv bootargs 'ignore_loglevel console=ttyS0,115200n8 rw root=PARTUUID=edbe1840-3633-c751-7993-b0ac834f81e0 rootwait gpt debug noinitrd earlyprintk init=/bin/bash'
Tegra30 (Beaver) # setenv ipaddr 192.168.100.101; setenv serverip 192.168.100.1; setenv tftpserverip 192.168.100.1
Tegra30 (Beaver) # tftpboot 0x81000000 zImage.multi_v7_defconfig
Using asx0 device
TFTP from server 192.168.100.1; our IP address is 192.168.100.101
Filename 'zImage.multi_v7_defconfig'.
Load address: 0x81000000
Loading: *#################################################################
	 #################################################################
	 #################################################################
	 #################################################################
	 #################################################################
	 #################################################################
	 #################################################################
	 #################################################################
	 ##############################
	 2.8 MiB/s
done
Bytes transferred = 8061440 (7b0200 hex)
Tegra30 (Beaver) # tftpboot 0x82000000 tegra30-beaver.dtb
Using asx0 device
TFTP from server 192.168.100.1; our IP address is 192.168.100.101
Filename 'tegra30-beaver.dtb'.
Load address: 0x82000000
Loading: *####
	 2.7 MiB/s
done
Bytes transferred = 51470 (c90e hex)
Tegra30 (Beaver) # bootz 0x81000000 - 0x82000000
Kernel image @ 0x81000000 [ 0x000000 - 0x7b0200 ]
## Flattened Device Tree blob at 82000000
   Booting using the fdt blob at 0x82000000
   Loading Device Tree to 8fff0000, end 8ffff90d ... OK

Starting kernel ...

[    0.000000] Booting Linux on physical CPU 0x0
[    0.000000] Linux version 4.15.0-rc2-333901-gae64f9bd1d36 (jonathanh@tamien) (gcc version 4.7.3 20130328 (prerelease) (crosstool-NG linaro-1.13.1-4.7-2013.04-20130415 - Linaro GCC 2013.04)) #1 SMP Mon Dec 4 14:01:38 PST 2017
[    0.000000] CPU: ARMv7 Processor [412fc099] revision 9 (ARMv7), cr=10c5387d
[    0.000000] CPU: PIPT / VIPT nonaliasing data cache, VIPT aliasing instruction cache
[    0.000000] OF: fdt: Machine model: NVIDIA Tegra30 Beaver evaluation board
[    0.000000] debug: ignoring loglevel setting.
[    0.000000] Memory policy: Data cache writealloc
[    0.000000] efi: Getting EFI parameters from FDT:
[    0.000000] efi: UEFI not found.
[    0.000000] cma: Reserved 64 MiB at 0xfb800000
[    0.000000] On node 0 totalpages: 524032
[    0.000000]   DMA zone: 1536 pages used for memmap
[    0.000000]   DMA zone: 0 pages reserved
[    0.000000]   DMA zone: 196608 pages, LIFO batch:31
[    0.000000]   HighMem zone: 327424 pages, LIFO batch:31
[    0.000000] random: fast init done
[    0.000000] percpu: Embedded 17 pages/cpu @(ptrval) s39040 r8192 d22400 u69632
[    0.000000] pcpu-alloc: s39040 r8192 d22400 u69632 alloc=17*4096
[    0.000000] pcpu-alloc: [0] 0 [0] 1 [0] 2 [0] 3 
[    0.000000] Built 1 zonelists, mobility grouping on.  Total pages: 522496
[    0.000000] Kernel command line: ignore_loglevel console=ttyS0,115200n8 rw root=PARTUUID=edbe1840-3633-c751-7993-b0ac834f81e0 rootwait gpt debug noinitrd earlyprintk init=/bin/bash
[    0.000000] Dentry cache hash table entries: 131072 (order: 7, 524288 bytes)
[    0.000000] Inode-cache hash table entries: 65536 (order: 6, 262144 bytes)
[    0.000000] Memory: 1992476K/2096128K available (11264K kernel code, 1602K rwdata, 4296K rodata, 2048K init, 404K bss, 38116K reserved, 65536K cma-reserved, 1244160K highmem)
[    0.000000] Virtual kernel memory layout:
[    0.000000]     vector  : 0xffff0000 - 0xffff1000   (   4 kB)
[    0.000000]     fixmap  : 0xffc00000 - 0xfff00000   (3072 kB)
[    0.000000]     vmalloc : 0xf0800000 - 0xff800000   ( 240 MB)
[    0.000000]     lowmem  : 0xc0000000 - 0xf0000000   ( 768 MB)
[    0.000000]     pkmap   : 0xbfe00000 - 0xc0000000   (   2 MB)
[    0.000000]     modules : 0xbf000000 - 0xbfe00000   (  14 MB)
[    0.000000]       .text : 0x(ptrval) - 0x(ptrval)   (12256 kB)
[    0.000000]       .init : 0x(ptrval) - 0x(ptrval)   (2048 kB)
[    0.000000]       .data : 0x(ptrval) - 0x(ptrval)   (1603 kB)
[    0.000000]        .bss : 0x(ptrval) - 0x(ptrval)   ( 405 kB)
[    0.000000] SLUB: HWalign=64, Order=0-3, MinObjects=0, CPUs=4, Nodes=1
[    0.000000] Hierarchical RCU implementation.
[    0.000000] 	RCU event tracing is enabled.
[    0.000000] 	RCU restricting CPUs from NR_CPUS=16 to nr_cpu_ids=4.
[    0.000000] RCU: Adjusting geometry for rcu_fanout_leaf=16, nr_cpu_ids=4
[    0.000000] NR_IRQS: 16, nr_irqs: 16, preallocated irqs: 16
[    0.000000] /interrupt-controller@60004000: 160 interrupts forwarded to /interrupt-controller@50041000
[    0.000000] L2C: platform modifies aux control register: 0x02080000 -> 0x3e480001
[    0.000000] L2C: DT/platform modifies aux control register: 0x02080000 -> 0x3e480001
[    0.000000] L2C-310 erratum 769419 enabled
[    0.000000] L2C-310 enabling early BRESP for Cortex-A9
[    0.000000] L2C-310: enabling full line of zeros but not enabled in Cortex-A9
[    0.000000] L2C-310 dynamic clock gating enabled, standby mode enabled
[    0.000000] L2C-310 cache controller enabled, 8 ways, 1024 kB
[    0.000000] L2C-310: CACHE_ID 0x410000c7, AUX_CTRL 0x4e480001
[    0.000012] sched_clock: 32 bits at 1000kHz, resolution 1000ns, wraps every 2147483647500ns
[    0.000030] clocksource: timer_us: mask: 0xffffffff max_cycles: 0xffffffff, max_idle_ns: 1911260446275 ns
[    0.000039] Switching to timer-based delay loop, resolution 1000ns
[    0.002946] Console: colour dummy device 80x30
[    0.002978] Calibrating delay loop (skipped), value calculated using timer frequency.. 2.00 BogoMIPS (lpj=10000)
[    0.002987] pid_max: default: 32768 minimum: 301
[    0.003063] Mount-cache hash table entries: 2048 (order: 1, 8192 bytes)
[    0.003072] Mountpoint-cache hash table entries: 2048 (order: 1, 8192 bytes)
[    0.003484] CPU: Testing write buffer coherency: ok
[    0.003788] CPU0: thread -1, cpu 0, socket 0, mpidr 80000000
[    0.004015] Setting up static identity map for 0x80300000 - 0x803000a0
[    0.005356] Hierarchical SRCU implementation.
[    0.006700] Tegra Revision: A03 SKU: 128 CPU Process: 4 SoC Process: 0
[    0.007272] EFI services will not be available.
[    0.007382] smp: Bringing up secondary CPUs ...
[    0.010379] CPU1: thread -1, cpu 1, socket 0, mpidr 80000001
[    0.020357] CPU2: thread -1, cpu 2, socket 0, mpidr 80000002
[    0.030337] CPU3: thread -1, cpu 3, socket 0, mpidr 80000003
[    0.030392] smp: Brought up 1 node, 4 CPUs
[    0.030403] SMP: Total of 4 processors activated (8.00 BogoMIPS).
[    0.030408] CPU: All CPU(s) started in SVC mode.
[    0.031133] devtmpfs: initialized
[    0.038110] VFP support v0.3: implementor 41 architecture 3 part 30 variant 9 rev 4
[    0.038535] clocksource: jiffies: mask: 0xffffffff max_cycles: 0xffffffff, max_idle_ns: 19112604462750000 ns
[    0.038554] futex hash table entries: 1024 (order: 4, 65536 bytes)
[    0.041991] pinctrl core: initialized pinctrl subsystem
[    0.043379] DMI not present or invalid.
[    0.043625] NET: Registered protocol family 16
[    0.046135] DMA: preallocated 256 KiB pool for atomic coherent allocations
[    0.047798] cpuidle: using governor menu
[    0.061110] No ATAGs?
[    0.061212] hw-breakpoint: found 5 (+1 reserved) breakpoint and 1 watchpoint registers.
[    0.061223] hw-breakpoint: maximum watchpoint size is 4 bytes.
[    0.065434] Serial: AMBA PL011 UART driver
[    0.066025] tegra-mc 7000f000.memory-controller: no memory timings for RAM code 3 registered
[    0.066118] iommu: Adding device reg-dummy to group 0
[    0.066143] iommu: Adding device 3000.pcie to group 1
[    0.066162] iommu: Adding device 50000000.host1x to group 2
[    0.066180] iommu: Adding device 54040000.mpe to group 3
[    0.066204] iommu: Adding device 54080000.vi to group 4
[    0.066223] iommu: Adding device 540c0000.epp to group 5
[    0.066247] iommu: Adding device 54100000.isp to group 6
[    0.066265] iommu: Adding device 54140000.gr2d to group 7
[    0.066283] iommu: Adding device 54180000.gr3d to group 8
[    0.066349] iommu: Adding device 54200000.dc to group 9
[    0.066389] iommu: Adding device 54240000.dc to group 10
[    0.066414] iommu: Adding device 54280000.hdmi to group 11
[    0.066432] iommu: Adding device 50040600.timer to group 12
[    0.066451] iommu: Adding device 50043000.cache-controller to group 13
[    0.066468] iommu: Adding device 60005000.timer to group 14
[    0.066485] iommu: Adding device 60007000.flow-controller to group 15
[    0.066509] iommu: Adding device 6000a000.dma to group 16
[    0.066526] iommu: Adding device 6000c000.ahb to group 17
[    0.066544] iommu: Adding device 6000d000.gpio to group 18
[    0.066560] iommu: Adding device 70000800.apbmisc to group 19
[    0.066582] iommu: Adding device 70000868.pinmux to group 20
[    0.066600] iommu: Adding device 70006000.serial to group 21
[    0.066617] iommu: Adding device 7000e000.rtc to group 22
[    0.066636] iommu: Adding device 7000c000.i2c to group 23
[    0.066653] iommu: Adding device 7000c400.i2c to group 24
[    0.066672] iommu: Adding device 7000c500.i2c to group 25
[    0.066694] iommu: Adding device 7000c700.i2c to group 26
[    0.066718] iommu: Adding device 7000d000.i2c to group 27
[    0.066740] iommu: Adding device 7000da00.spi to group 28
[    0.066759] iommu: Adding device 7000e400.pmc to group 29
[    0.066776] iommu: Adding device 7000f000.memory-controller to group 30
[    0.066794] iommu: Adding device 7000f800.fuse to group 31
[    0.066811] iommu: Adding device 70080000.ahub to group 32
[    0.066830] iommu: Adding device 78000000.sdhci to group 33
[    0.066848] iommu: Adding device 78000600.sdhci to group 34
[    0.066864] iommu: Adding device 7d000000.usb to group 35
[    0.066885] iommu: Adding device 7d000000.usb-phy to group 36
[    0.066912] iommu: Adding device 7d004000.usb to group 37
[    0.066932] iommu: Adding device 7d004000.usb-phy to group 38
[    0.066950] iommu: Adding device 7d008000.usb to group 39
[    0.066967] iommu: Adding device 7d008000.usb-phy to group 40
[    0.066984] iommu: Adding device pmu to group 41
[    0.067000] iommu: Adding device clocks to group 42
[    0.067016] iommu: Adding device gpio-leds to group 43
[    0.067033] iommu: Adding device regulators to group 44
[    0.067055] iommu: Adding device regulators:regulator@0 to group 45
[    0.067089] iommu: Adding device regulators:regulator@1 to group 46
[    0.067107] iommu: Adding device regulators:regulator@2 to group 47
[    0.067133] iommu: Adding device regulators:regulator@3 to group 48
[    0.067151] iommu: Adding device regulators:regulator@4 to group 49
[    0.067170] iommu: Adding device regulators:regulator@5 to group 50
[    0.067189] iommu: Adding device regulators:regulator@6 to group 51
[    0.067205] iommu: Adding device regulators:regulator@7 to group 52
[    0.067227] iommu: Adding device regulators:regulator@8 to group 53
[    0.067244] iommu: Adding device sound to group 54
[    0.075685] AT91: Could not find identification node
[    0.076191] vdd_5v_sata: Failed to request enable GPIO30: -517
[    0.076206] reg-fixed-voltage regulators:regulator@3: Failed to register regulator: -517
[    0.076259] usb1_vbus: Failed to request enable GPIO238: -517
[    0.076266] reg-fixed-voltage regulators:regulator@4: Failed to register regulator: -517
[    0.076317] usb3_vbus: Failed to request enable GPIO236: -517
[    0.076324] reg-fixed-voltage regulators:regulator@5: Failed to register regulator: -517
[    0.076436] sys_3v3_pexs: Failed to request enable GPIO95: -517
[    0.076443] reg-fixed-voltage regulators:regulator@7: Failed to register regulator: -517
[    0.078230] vgaarb: loaded
[    0.078691] SCSI subsystem initialized
[    0.078840] libata version 3.00 loaded.
[    0.078974] usbcore: registered new interface driver usbfs
[    0.079002] usbcore: registered new interface driver hub
[    0.079037] usbcore: registered new device driver usb
[    0.083406] iommu: Adding device tps65910-gpio to group 55
[    0.083677] iommu: Adding device tps65910-pmic to group 56
[    0.086178] vrtc: supplied by vdd_5v_in
[    0.089450] vio: supplied by vdd_5v_in
[    0.101828] vdd1: supplied by vdd_5v_in
[    0.103185] vddio_ddr_1v2: Bringing 600000uV into 1200000-1200000uV
[    0.111825] vdd2: supplied by vdd_5v_in
[    0.131812] ldo1: supplied by vdd_1v5_gen
[    0.134176] ldo2: supplied by vdd_1v5_gen
[    0.134646] vdd_sata,avdd_plle: Bringing 1200000uV into 1050000-1050000uV
[    0.136868] ldo3: supplied by vdd_5v_in
[    0.139206] ldo4: supplied by vdd_5v_in
[    0.141812] ldo5: supplied by vdd_5v_in
[    0.151806] ldo6: supplied by vdd_1v8_gen
[    0.152276] avdd_dsi_csi,pwrdet_mipi: Bringing 1000000uV into 1200000-1200000uV
[    0.154511] ldo7: supplied by vdd_1v8_gen
[    0.161803] ldo8: supplied by vdd_1v8_gen
[    0.170088] iommu: Adding device tps65910-rtc to group 57
[    0.170207] iommu: Adding device tps65910-power to group 58
[    0.171960] pps_core: LinuxPPS API ver. 1 registered
[    0.171968] pps_core: Software ver. 5.3.6 - Copyright 2005-2007 Rodolfo Giometti <giometti@linux.it>
[    0.171984] PTP clock support registered
[    0.172120] EDAC MC: Ver: 3.0.0
[    0.172310] dmi: Firmware registration failed.
[    0.173648] clocksource: Switched to clocksource timer_us
[    0.203555] NET: Registered protocol family 2
[    0.203991] TCP established hash table entries: 8192 (order: 3, 32768 bytes)
[    0.204048] TCP bind hash table entries: 8192 (order: 4, 65536 bytes)
[    0.204134] TCP: Hash tables configured (established 8192 bind 8192)
[    0.204275] UDP hash table entries: 512 (order: 2, 16384 bytes)
[    0.204340] UDP-Lite hash table entries: 512 (order: 2, 16384 bytes)
[    0.204507] NET: Registered protocol family 1
[    0.204856] RPC: Registered named UNIX socket transport module.
[    0.204864] RPC: Registered udp transport module.
[    0.204868] RPC: Registered tcp transport module.
[    0.204873] RPC: Registered tcp NFSv4.1 backchannel transport module.
[    0.204883] PCI: CLS 0 bytes, default 64
[    0.205698] hw perfevents: no interrupt-affinity property for /pmu, guessing.
[    0.205944] hw perfevents: enabled with armv7_cortex_a9 PMU driver, 7 counters available
[    0.206447] iommu: Adding device alarmtimer to group 59
[    0.207026] Initialise system trusted keyrings
[    0.207147] workingset: timestamp_bits=30 max_order=19 bucket_order=0
[    0.210386] squashfs: version 4.0 (2009/01/31) Phillip Lougher
[    0.210784] NFS: Registering the id_resolver key type
[    0.210808] Key type id_resolver registered
[    0.210812] Key type id_legacy registered
[    0.210840] ntfs: driver 2.1.32 [Flags: R/O].
[    0.211770] Key type asymmetric registered
[    0.211779] Asymmetric key parser 'x509' registered
[    0.211813] bounce: pool size: 64 pages
[    0.211856] Block layer SCSI generic (bsg) driver version 0.4 loaded (major 247)
[    0.211865] io scheduler noop registered
[    0.211869] io scheduler deadline registered
[    0.212023] io scheduler cfq registered (default)
[    0.212029] io scheduler mq-deadline registered
[    0.212034] io scheduler kyber registered
[    0.219143] tegra30-pinctrl 70000868.pinmux: invalid group "sdmmc3_dat6_pd3" for function "rsvd1"
[    0.219157] tegra30-pinctrl 70000868.pinmux: invalid group "sdmmc3_dat7_pd4" for function "rsvd1"
[    0.219171] tegra30-pinctrl 70000868.pinmux: invalid group "vi_vsync_pd6" for function "rsvd1"
[    0.219180] tegra30-pinctrl 70000868.pinmux: invalid group "vi_hsync_pd7" for function "rsvd1"
[    0.219642] tegra30-pinctrl 70000868.pinmux: invalid group "hdmi_int_pn7" for function "rsvd1"
[    0.219685] tegra30-pinctrl 70000868.pinmux: invalid group "ulpi_data3_po4" for function "rsvd1"
[    0.220016] tegra30-pinctrl 70000868.pinmux: invalid group "vi_d10_pt2" for function "rsvd1"
[    0.220028] tegra30-pinctrl 70000868.pinmux: invalid group "vi_d11_pt3" for function "rsvd1"
[    0.220040] tegra30-pinctrl 70000868.pinmux: invalid group "vi_d0_pt4" for function "rsvd1"
[    0.220080] tegra30-pinctrl 70000868.pinmux: invalid group "pu0" for function "rsvd1"
[    0.220110] tegra30-pinctrl 70000868.pinmux: invalid group "pu3" for function "rsvd1"
[    0.220140] tegra30-pinctrl 70000868.pinmux: invalid group "pu6" for function "rsvd1"
[    0.220180] tegra30-pinctrl 70000868.pinmux: invalid group "pv3" for function "rsvd1"
[    0.220683] tegra30-pinctrl 70000868.pinmux: invalid group "pbb0" for function "rsvd1"
[    0.220798] tegra30-pinctrl 70000868.pinmux: invalid group "pcc1" for function "rsvd1"
[    0.226086] tegra-pcie 3000.pcie: 2x3 configuration
[    0.226236] tegra-pcie 3000.pcie: Failed to get supply 'hvdd-pex': -517
[    0.231831] tegra-apbdma 6000a000.dma: Tegra20 APB DMA driver register 32 channels
[    0.233990] tegra-pmc 7000e400.pmc: i2c-thermtrip node not found, emergency thermal reset disabled.
[    0.263198] Serial: 8250/16550 driver, 4 ports, IRQ sharing disabled
[    0.263284] iommu: Adding device serial8250 to group 60
[    0.265364] console [ttyS0] disabled
[    0.265400] 70006000.serial: ttyS0 at MMIO 0x70006000 (irq = 331, base_baud = 25500000) is a Tegra
[    1.638843] console [ttyS0] enabled
[    1.642859] SuperH (H)SCI(F) driver initialized
[    1.648007] msm_serial: driver initialized
[    1.652222] STMicroelectronics ASC driver initialized
[    1.677179] tegra-hdmi 54280000.hdmi: failed to get HDMI regulator
[    1.690154] brd: module loaded
[    1.698733] loop: module loaded
[    1.707651] m25p80 spi0.1: w25q32 (4096 Kbytes)
[    1.713434] iommu: Adding device Fixed MDIO bus.0 to group 61
[    1.719624] libphy: Fixed MDIO Bus: probed
[    1.724349] CAN device driver interface
[    1.728726] bgmac_bcma: Broadcom 47xx GBit MAC driver loaded
[    1.735130] e1000e: Intel(R) PRO/1000 Network Driver - 3.2.6-k
[    1.740946] e1000e: Copyright(c) 1999 - 2015 Intel Corporation.
[    1.746894] igb: Intel(R) Gigabit Ethernet Network Driver - version 5.4.0-k
[    1.753845] igb: Copyright (c) 2007-2014 Intel Corporation.
[    1.761518] pegasus: v0.9.3 (2013/04/25), Pegasus/Pegasus II USB Ethernet driver
[    1.768966] usbcore: registered new interface driver pegasus
[    1.774645] usbcore: registered new interface driver asix
[    1.780048] usbcore: registered new interface driver ax88179_178a
[    1.786156] usbcore: registered new interface driver cdc_ether
[    1.791994] usbcore: registered new interface driver smsc75xx
[    1.797757] usbcore: registered new interface driver smsc95xx
[    1.803507] usbcore: registered new interface driver net1080
[    1.809178] usbcore: registered new interface driver cdc_subset
[    1.815106] usbcore: registered new interface driver zaurus
[    1.820693] usbcore: registered new interface driver cdc_ncm
[    1.826540] tegra-phy 7d000000.usb-phy: no vbus regulator
[    1.834332] ehci_hcd: USB 2.0 'Enhanced' Host Controller (EHCI) Driver
[    1.840843] ehci-pci: EHCI PCI platform driver
[    1.845312] ehci-platform: EHCI generic platform driver
[    1.850642] ehci-orion: EHCI orion driver
[    1.854738] SPEAr-ehci: EHCI SPEAr driver
[    1.858807] ehci-st: EHCI STMicroelectronics driver
[    1.863757] ehci-exynos: EHCI EXYNOS driver
[    1.868013] ehci-atmel: EHCI Atmel driver
[    1.872081] tegra-ehci: Tegra EHCI driver
[    1.876386] ohci_hcd: USB 1.1 'Open' Host Controller (OHCI) Driver
[    1.882561] ohci-pci: OHCI PCI platform driver
[    1.887031] ohci-platform: OHCI generic platform driver
[    1.892354] SPEAr-ohci: OHCI SPEAr driver
[    1.896443] ohci-st: OHCI STMicroelectronics driver
[    1.901382] ohci-atmel: OHCI Atmel driver
[    1.905831] usbcore: registered new interface driver usb-storage
[    1.915353] iommu: Adding device ci_hdrc.0 to group 62
[    1.925993] tegra_rtc 7000e000.rtc: rtc core: registered 7000e000.rtc as rtc1
[    1.933151] tegra_rtc 7000e000.rtc: Tegra internal Real Time Clock
[    1.951934] tps65910-rtc tps65910-rtc: rtc core: registered tps65910-rtc as rtc0
[    1.959526] i2c /dev entries driver
[    1.971156] sdhci: Secure Digital Host Controller Interface driver
[    1.977344] sdhci: Copyright(c) Pierre Ossman
[    1.982648] Synopsys Designware Multimedia Card Interface Driver
[    1.989481] sdhci-pltfm: SDHCI platform and OF driver helper
[    1.995670] sdhci-tegra 78000000.sdhci: Got CD GPIO
[    2.000545] sdhci-tegra 78000000.sdhci: Got WP GPIO
[    2.013707] mmc0: Invalid maximum block size, assuming 512 bytes
[    2.083765] mmc0: SDHCI controller on 78000000.sdhci [78000000.sdhci] using ADMA
[    2.100144] mmc1: Invalid maximum block size, assuming 512 bytes
[    2.163669] mmc1: SDHCI controller on 78000600.sdhci [78000600.sdhci] using ADMA
[    2.172529] ledtrig-cpu: registered to indicate activity on CPUs
[    2.178795] usbcore: registered new interface driver usbhid
[    2.184366] usbhid: USB HID core driver
[    2.190717] NET: Registered protocol family 10
[    2.195860] Segment Routing with IPv6
[    2.199558] sit: IPv6, IPv4 and MPLS over IPv4 tunneling driver
[    2.205853] NET: Registered protocol family 17
[    2.210290] can: controller area network core (rev 20170425 abi 9)
[    2.216519] NET: Registered protocol family 29
[    2.220949] can: raw protocol (rev 20170425)
[    2.225222] can: broadcast manager protocol (rev 20170425 t)
[    2.230870] can: netlink gateway (rev 20170425) max_hops=1
[    2.236621] Key type dns_resolver registered
[    2.241248] ThumbEE CPU extension supported.
[    2.245528] Registering SWP/SWPB emulation handler
[    2.250702] Loading compiled-in X.509 certificates
[    2.266185] vdd_ddr: supplied by vdd_5v_in
[    2.271138] vdd_5v_sata: supplied by vdd_5v_in
[    2.275930] usb1_vbus: supplied by vdd_5v_in
[    2.280507] usb3_vbus: supplied by vdd_5v_in
[    2.286427] sys_3v3,vdd_3v3_alw: supplied by vdd_5v_in
[    2.292345] sys_3v3_pexs: supplied by sys_3v3,vdd_3v3_alw
[    2.297351] mmc1: new high speed MMC card at address 0001
[    2.298128] mmcblk1: mmc1:0001 SEM16G 14.8 GiB 
[    2.298631] mmcblk1boot0: mmc1:0001 SEM16G partition 1 1.00 MiB
[    2.299089] mmcblk1boot1: mmc1:0001 SEM16G partition 2 1.00 MiB
[    2.301092] mmc0: new ultra high speed DDR50 SDHC card at address aaaa
[    2.301314] mmcblk0: mmc0:aaaa SS04G 3.69 GiB 
[    2.308223] mmcblk1rpmb: mmc1:0001 SEM16G partition 3 128 KiB, chardev (237:0)
[    2.311871] Primary GPT is invalid, using alternate GPT.
[    2.311889]  mmcblk1: p1 p2 p3 p4 p5
[    2.329983]  mmcblk0: p1 p2 p3
[    2.349785] +VDD_5V_HDMI: supplied by sys_3v3,vdd_3v3_alw
[    2.355985] tegra-pcie 3000.pcie: 2x3 configuration
[    2.363290] tegra-pcie 3000.pcie: probing port 0, using 2 lanes
[    2.427494] tegra-pcie 3000.pcie: probing port 2, using 2 lanes
[    2.837282] tegra-pcie 3000.pcie: link 2 down, retrying
[    3.246374] tegra-pcie 3000.pcie: link 2 down, retrying
[    3.655468] tegra-pcie 3000.pcie: link 2 down, retrying
[    3.662690] tegra-pcie 3000.pcie: link 2 down, ignoring
[    3.668024] tegra-pcie 3000.pcie: PCI host bridge to bus 0000:00
[    3.674034] pci_bus 0000:00: root bus resource [io  0x0000-0xffff]
[    3.680198] pci_bus 0000:00: root bus resource [mem 0x20000000-0x27ffffff]
[    3.687065] pci_bus 0000:00: root bus resource [mem 0x28000000-0x3fffffff pref]
[    3.694366] pci_bus 0000:00: root bus resource [bus 00-ff]
[    3.699861] pci 0000:00:01.0: [10de:0e1c] type 01 class 0x060400
[    3.705876] pci_bus 0000:00: 2-byte config write to 0000:00:01.0 offset 0x4 may corrupt adjacent RW1C bits
[    3.715516] pci_bus 0000:00: 2-byte config write to 0000:00:01.0 offset 0x4 may corrupt adjacent RW1C bits
[    3.725170] pci 0000:00:01.0: enabling Extended Tags
[    3.730122] pci_bus 0000:00: 2-byte config write to 0000:00:01.0 offset 0x88 may corrupt adjacent RW1C bits
[    3.739869] pci_bus 0000:00: 2-byte config write to 0000:00:01.0 offset 0x52 may corrupt adjacent RW1C bits
[    3.749612] pci 0000:00:01.0: PME# supported from D0 D1 D2 D3hot D3cold
[    3.756221] pci_bus 0000:00: 2-byte config write to 0000:00:01.0 offset 0x4c may corrupt adjacent RW1C bits
[    3.766082] pci_bus 0000:00: 2-byte config write to 0000:00:01.0 offset 0x3e may corrupt adjacent RW1C bits
[    3.775815] pci_bus 0000:00: 2-byte config write to 0000:00:01.0 offset 0x4 may corrupt adjacent RW1C bits
[    3.785456] pci_bus 0000:00: 1-byte config write to 0000:00:01.0 offset 0xc may corrupt adjacent RW1C bits
[    3.795093] PCI: bus0: Fast back to back transfers disabled
[    3.800653] pci 0000:00:01.0: bridge configuration invalid ([bus 00-00]), reconfiguring
[    3.808646] pci_bus 0000:00: 2-byte config write to 0000:00:01.0 offset 0x3e may corrupt adjacent RW1C bits
[    3.818374] pci_bus 0000:00: 2-byte config write to 0000:00:01.0 offset 0x3e may corrupt adjacent RW1C bits
[    3.828174] pci 0000:01:00.0: [10ec:8168] type 00 class 0x020000
[    3.834196] pci 0000:01:00.0: reg 0x10: [io  0x0000-0x00ff]
[    3.839769] pci 0000:01:00.0: reg 0x18: [mem 0x00000000-0x00000fff 64bit pref]
[    3.846994] pci 0000:01:00.0: reg 0x20: [mem 0x00000000-0x00003fff 64bit pref]
[    3.854307] PCI: bus1: Fast back to back transfers disabled
[    3.859868] pci_bus 0000:01: busn_res: [bus 01-ff] end is updated to 01
[    3.866500] pci 0000:00:01.0: BAR 9: assigned [mem 0x28000000-0x280fffff 64bit pref]
[    3.874235] pci 0000:00:01.0: BAR 7: assigned [io  0x1000-0x1fff]
[    3.880316] pci 0000:01:00.0: BAR 4: assigned [mem 0x28000000-0x28003fff 64bit pref]
[    3.888059] pci 0000:01:00.0: BAR 2: assigned [mem 0x28004000-0x28004fff 64bit pref]
[    3.895800] pci 0000:01:00.0: BAR 0: assigned [io  0x1000-0x10ff]
[    3.901880] pci 0000:00:01.0: PCI bridge to [bus 01]
[    3.906839] pci 0000:00:01.0:   bridge window [io  0x1000-0x1fff]
[    3.912919] pci 0000:00:01.0:   bridge window [mem 0x28000000-0x280fffff 64bit pref]
[    3.920669] pci 0000:00:01.0: nv_msi_ht_cap_quirk didn't locate host bridge
[    3.927716] pcieport 0000:00:01.0: enabling device (0140 -> 0143)
[    3.934014] pcieport 0000:00:01.0: Signaling PME with IRQ 375
[    3.939983] r8169 Gigabit Ethernet driver 2.3LK-NAPI loaded
[    3.945577] r8169 0000:01:00.0: enabling device (0140 -> 0143)
[    3.951420] r8169 0000:01:00.0 (unnamed net_device) (uninitialized): not PCI Express
[    3.960040] r8169 0000:01:00.0 eth0: RTL8168evl/8111evl at 0xb7983cb6, 02:04:4b:01:60:a6, XID 0c900800 IRQ 18
[    3.969959] r8169 0000:01:00.0 eth0: jumbo features [frames: 9200 bytes, tx checksumming: ko]
[    3.982632] [drm] Supports vblank timestamp caching Rev 2 (21.10.2013).
[    3.989249] [drm] No driver support for vblank timestamp query.
[    3.995195] [drm] Cannot find any crtc or sizes
[    3.999772] [drm] Initialized tegra 0.0.0 20120330 for drm on minor 0
[    4.009089] tegra-ehci 7d004000.usb: EHCI Host Controller
[    4.014509] tegra-ehci 7d004000.usb: new USB bus registered, assigned bus number 1
[    4.022265] tegra-ehci 7d004000.usb: irq 344, io mem 0x7d004000
[    4.028220] [drm] Cannot find any crtc or sizes
[    4.054045] tegra-ehci 7d004000.usb: USB 2.0 started, EHCI 1.00
[    4.061264] hub 1-0:1.0: USB hub found
[    4.065041] hub 1-0:1.0: 1 port detected
[    4.070162] tegra-ehci 7d008000.usb: EHCI Host Controller
[    4.075576] tegra-ehci 7d008000.usb: new USB bus registered, assigned bus number 2
[    4.083317] tegra-ehci 7d008000.usb: irq 345, io mem 0x7d008000
[    4.114042] tegra-ehci 7d008000.usb: USB 2.0 started, EHCI 1.00
[    4.121158] hub 2-0:1.0: USB hub found
[    4.124931] hub 2-0:1.0: 1 port detected
[    4.135280] tps65910-rtc tps65910-rtc: setting system clock to 2000-01-01 00:00:02 UTC (946684802)
[    4.144800] vdd_sata,avdd_plle: disabling
[    4.149548] usb1_vbus: disabling
[    4.154341] EXT4-fs (mmcblk1p1): mounting ext3 file system using the ext4 subsystem
[    4.215769] EXT4-fs (mmcblk1p1): warning: mounting fs with errors, running e2fsck is recommended
[    4.225981] EXT4-fs (mmcblk1p1): recovery complete
[    4.231955] EXT4-fs (mmcblk1p1): mounted filesystem with ordered data mode. Opts: (null)
[    4.240092] VFS: Mounted root (ext3 filesystem) on device 179:1.
[    4.250327] devtmpfs: mounted
[    4.255817] Freeing unused kernel memory: 2048K
bash: cannot set terminal process group (-1): Inappropriate ioctl for device
bash: no job control in this shell
root@(none):/# [    4.504062] usb 2-1: new high-speed USB device number 2 using tegra-ehci
