[    0.000000] Booting Linux on physical CPU 0x0
[    0.000000] Linux version 4.8.0-rc3-134580-gfa8410b (pwalmsley@tamien) (gcc version 4.9.2 20140904 (prerelease) (crosstool-NG linaro-1.13.1-4.9-2014.09 - Linaro GCC 4.9-2014.09) ) #1 SMP PREEMPT Sun Aug 21 16:38:57 PDT 2016
[    0.000000] Boot CPU: AArch64 Processor [411fd070]
[    0.000000] Memory limited to 1024MB
[    0.000000] efi: Getting EFI parameters from FDT:
[    0.000000] efi: UEFI not found.
[    0.000000] cma: Reserved 16 MiB at 0x000000007f000000
[    0.000000] psci: probing for conduit method from DT.
[    0.000000] psci: PSCIv0.2 detected in firmware.
[    0.000000] psci: Using standard PSCI v0.2 function IDs
[    0.000000] psci: Trusted OS migration not required
[    0.000000] percpu: Embedded 21 pages/cpu @ffff80003efcf000 s47488 r8192 d30336 u86016
[    0.000000] Detected PIPT I-cache on CPU0
[    0.000000] CPU features: enabling workaround for ARM erratum 832075
[    0.000000] CPU features: enabling workaround for ARM erratum 834220
[    0.000000] Built 1 zonelists in Zone order, mobility grouping on.  Total pages: 258048
[    0.000000] Kernel command line: root=/dev/vda2 rw rootwait mem=1024M console=ttyAMA0,38400n8 init=/bin/bash
[    0.000000] PID hash table entries: 4096 (order: 3, 32768 bytes)
[    0.000000] Dentry cache hash table entries: 131072 (order: 8, 1048576 bytes)
[    0.000000] Inode-cache hash table entries: 65536 (order: 7, 524288 bytes)
[    0.000000] Memory: 1000212K/1048576K available (7932K kernel code, 794K rwdata, 3704K rodata, 960K init, 274K bss, 31980K reserved, 16384K cma-reserved)
[    0.000000] Virtual kernel memory layout:
[    0.000000]     modules : 0xffff000000000000 - 0xffff000008000000   (   128 MB)
[    0.000000]     vmalloc : 0xffff000008000000 - 0xffff7dffbfff0000   (129022 GB)
[    0.000000]       .text : 0xffff000008080000 - 0xffff000008840000   (  7936 KB)
[    0.000000]     .rodata : 0xffff000008840000 - 0xffff000008bf0000   (  3776 KB)
[    0.000000]       .init : 0xffff000008bf0000 - 0xffff000008ce0000   (   960 KB)
[    0.000000]       .data : 0xffff000008ce0000 - 0xffff000008da6800   (   794 KB)
[    0.000000]        .bss : 0xffff000008da6800 - 0xffff000008deb138   (   275 KB)
[    0.000000]     fixed   : 0xffff7dfffe7fd000 - 0xffff7dfffec00000   (  4108 KB)
[    0.000000]     PCI I/O : 0xffff7dfffee00000 - 0xffff7dffffe00000   (    16 MB)
[    0.000000]     vmemmap : 0xffff7e0000000000 - 0xffff800000000000   (  2048 GB maximum)
[    0.000000]               0xffff7e0000000000 - 0xffff7e0001000000   (    16 MB actual)
[    0.000000]     memory  : 0xffff800000000000 - 0xffff800040000000   (  1024 MB)
[    0.000000] SLUB: HWalign=64, Order=0-3, MinObjects=0, CPUs=1, Nodes=1
[    0.000000] Preemptible hierarchical RCU implementation.
[    0.000000] 	Build-time adjustment of leaf fanout to 64.
[    0.000000] 	RCU restricting CPUs from NR_CPUS=64 to nr_cpu_ids=1.
[    0.000000] RCU: Adjusting geometry for rcu_fanout_leaf=64, nr_cpu_ids=1
[    0.000000] NR_IRQS:64 nr_irqs:64 0
[    0.000000] GICv2m: range[mem 0x08020000-0x08020fff], SPI[80:143]
[    0.000000] arm_arch_timer: WARNING: Invalid trigger for IRQ3, assuming level low
[    0.000000] arm_arch_timer: WARNING: Please fix your firmware
[    0.000000] arm_arch_timer: Architected cp15 timer(s) running at 62.50MHz (virt).
[    0.000000] clocksource: arch_sys_counter: mask: 0xffffffffffffff max_cycles: 0x1cd42e208c, max_idle_ns: 881590405314 ns
[    0.000184] sched_clock: 56 bits at 62MHz, resolution 16ns, wraps every 4398046511096ns
[    0.007183] Console: colour dummy device 80x25
[    0.007994] Calibrating delay loop (skipped), value calculated using timer frequency.. 125.00 BogoMIPS (lpj=250000)
[    0.008299] pid_max: default: 32768 minimum: 301
[    0.009521] Security Framework initialized
[    0.010083] Mount-cache hash table entries: 2048 (order: 2, 16384 bytes)
[    0.010129] Mountpoint-cache hash table entries: 2048 (order: 2, 16384 bytes)
[    0.041396] ASID allocator initialised with 65536 entries
[    0.068188] EFI services will not be available.
[    0.074423] Brought up 1 CPUs
[    0.074502] SMP: Total of 1 processors activated.
[    0.074612] CPU features: detected feature: 32-bit EL0 Support
[    0.074896] CPU: All CPU(s) started at EL1
[    0.075853] alternatives: patching kernel code
[    0.092886] devtmpfs: initialized
[    0.109781] DMI not present or invalid.
[    0.112017] clocksource: jiffies: mask: 0xffffffff max_cycles: 0xffffffff, max_idle_ns: 7645041785100000 ns
[    0.115483] pinctrl core: initialized pinctrl subsystem
[    0.150583] NET: Registered protocol family 16
[    0.185942] cpuidle: using governor menu
[    0.187465] vdso: 2 pages (1 code @ ffff000008846000, 1 data @ ffff000008ce4000)
[    0.187772] hw-breakpoint: found 6 breakpoint and 4 watchpoint registers.
[    0.195833] DMA: preallocated 256 KiB pool for atomic allocations
[    0.201165] Serial: AMBA PL011 UART driver
[    0.285010] 9000000.pl011: ttyAMA0 at MMIO 0x9000000 (irq = 39, base_baud = 0) is a PL011 rev1
[    0.310976] console [ttyAMA0] enabled
[    0.319266] irq: type mismatch, failed to map hwirq-27 for /intc!
[    0.518658] HugeTLB registered 2 MB page size, pre-allocated 0 pages
[    0.535180] ACPI: Interpreter disabled.
[    0.545505] vgaarb: loaded
[    0.550047] SCSI subsystem initialized
[    0.562104] usbcore: registered new interface driver usbfs
[    0.564938] usbcore: registered new interface driver hub
[    0.566020] usbcore: registered new device driver usb
[    0.573694] pps_core: LinuxPPS API ver. 1 registered
[    0.574017] pps_core: Software ver. 5.3.6 - Copyright 2005-2007 Rodolfo Giometti <giometti@linux.it>
[    0.574944] PTP clock support registered
[    0.579249] dmi: Firmware registration failed.
[    0.585092] Advanced Linux Sound Architecture Driver Initialized.
[    0.603272] clocksource: Switched to clocksource arch_sys_counter
[    0.604810] VFS: Disk quotas dquot_6.6.0
[    0.607088] VFS: Dquot-cache hash table entries: 512 (order 0, 4096 bytes)
[    0.613762] pnp: PnP ACPI: disabled
[    0.777920] NET: Registered protocol family 2
[    0.792735] TCP established hash table entries: 8192 (order: 4, 65536 bytes)
[    0.793866] TCP bind hash table entries: 8192 (order: 5, 131072 bytes)
[    0.794942] TCP: Hash tables configured (established 8192 bind 8192)
[    0.798191] UDP hash table entries: 512 (order: 2, 16384 bytes)
[    0.799105] UDP-Lite hash table entries: 512 (order: 2, 16384 bytes)
[    0.802959] NET: Registered protocol family 1
[    0.817383] RPC: Registered named UNIX socket transport module.
[    0.817794] RPC: Registered udp transport module.
[    0.818047] RPC: Registered tcp transport module.
[    0.818285] RPC: Registered tcp NFSv4.1 backchannel transport module.
[    0.826081] kvm [1]: HYP mode not available
[    0.845361] futex hash table entries: 256 (order: 3, 32768 bytes)
[    0.846532] audit: initializing netlink subsys (disabled)
[    0.848523] audit: type=2000 audit(0.808:1): initialized
[    0.858742] workingset: timestamp_bits=46 max_order=18 bucket_order=0
[    0.956456] squashfs: version 4.0 (2009/01/31) Phillip Lougher
[    0.969577] NFS: Registering the id_resolver key type
[    0.970652] Key type id_resolver registered
[    0.970895] Key type id_legacy registered
[    0.972310] nfs4filelayout_init: NFSv4 File Layout Driver Registering...
[    0.974704] 9p: Installing v9fs 9p2000 file system support
[    0.992032] io scheduler noop registered
[    0.993608] io scheduler cfq registered (default)
[    1.009018] libphy: mdio_driver_register: phy-bcm-ns2-pci
[    1.030794] pl061_gpio 9030000.pl061: PL061 GPIO chip @0x0000000009030000 registered
[    1.042608] OF: PCI: host bridge /pcie@10000000 ranges:
[    1.044724] OF: PCI:    IO 0x3eff0000..0x3effffff -> 0x00000000
[    1.045638] OF: PCI:   MEM 0x10000000..0x3efeffff -> 0x10000000
[    1.046208] OF: PCI:   MEM 0x8000000000..0xffffffffff -> 0x8000000000
[    1.048333] pci-host-generic 3f000000.pcie: ECAM at [mem 0x3f000000-0x3fffffff] for [bus 00-0f]
[    1.050898] pci-host-generic 3f000000.pcie: PCI host bridge to bus 0000:00
[    1.052440] pci_bus 0000:00: root bus resource [bus 00-0f]
[    1.053055] pci_bus 0000:00: root bus resource [io  0x0000-0xffff]
[    1.053626] pci_bus 0000:00: root bus resource [mem 0x10000000-0x3efeffff]
[    1.054200] pci_bus 0000:00: root bus resource [mem 0x8000000000-0xffffffffff]
[    1.102595] xenfs: not registering filesystem on non-xen platform
[    1.157294] Serial: 8250/16550 driver, 4 ports, IRQ sharing disabled
[    1.176751] SuperH (H)SCI(F) driver initialized
[    1.181653] msm_serial: driver initialized
[    1.189048] Unable to detect cache hierarchy from DT for CPU 0
[    1.269800] loop: module loaded
[    1.306580]  vda: vda1 vda2
[    1.346781] libphy: Fixed MDIO Bus: probed
[    1.358371] tun: Universal TUN/TAP device driver, 1.6
[    1.358781] tun: (C) 1999-2004 Max Krasnyansky <maxk@qualcomm.com>
[    1.376391] e1000e: Intel(R) PRO/1000 Network Driver - 3.2.6-k
[    1.376876] e1000e: Copyright(c) 1999 - 2015 Intel Corporation.
[    1.378691] igb: Intel(R) Gigabit Ethernet Network Driver - version 5.3.0-k
[    1.380366] igb: Copyright (c) 2007-2014 Intel Corporation.
[    1.381637] igbvf: Intel(R) Gigabit Virtual Function Network Driver - version 2.0.2-k
[    1.382307] igbvf: Copyright (c) 2009 - 2012 Intel Corporation.
[    1.384592] sky2: driver version 1.30
[    1.392040] VFIO - User Level meta-driver version: 0.3
[    1.413662] ehci_hcd: USB 2.0 'Enhanced' Host Controller (EHCI) Driver
[    1.414328] ehci-pci: EHCI PCI platform driver
[    1.417169] ehci-platform: EHCI generic platform driver
[    1.418790] ehci-exynos: EHCI EXYNOS driver
[    1.421017] ehci-msm: Qualcomm On-Chip EHCI Host Controller
[    1.422815] ohci_hcd: USB 1.1 'Open' Host Controller (OHCI) Driver
[    1.424449] ohci-pci: OHCI PCI platform driver
[    1.426035] ohci-platform: OHCI generic platform driver
[    1.429828] ohci-exynos: OHCI EXYNOS driver
[    1.442300] usbcore: registered new interface driver usb-storage
[    1.459916] mousedev: PS/2 mouse device common for all mice
[    1.476842] rtc-pl031 9010000.pl031: rtc core: registered pl031 as rtc0
[    1.485215] i2c /dev entries driver
[    1.516718] sdhci: Secure Digital Host Controller Interface driver
[    1.517069] sdhci: Copyright(c) Pierre Ossman
[    1.518038] Synopsys Designware Multimedia Card Interface Driver
[    1.524478] sdhci-pltfm: SDHCI platform and OF driver helper
[    1.534200] ledtrig-cpu: registered to indicate activity on CPUs
[    1.549767] usbcore: registered new interface driver usbhid
[    1.550319] usbhid: USB HID core driver
[    1.585058] NET: Registered protocol family 17
[    1.586858] 9pnet: Installing 9P2000 support
[    1.588651] Key type dns_resolver registered
[    1.596118] registered taskstats version 1
[    1.612157] input: gpio-keys as /devices/platform/gpio-keys/input/input0
[    1.617552] rtc-pl031 9010000.pl031: setting system clock to 2016-08-21 23:39:35 UTC (1471822775)
[    1.620988] ALSA device list:
[    1.621286]   No soundcards found.
[    1.625842] uart-pl011 9000000.pl011: no DMA platform data
[    1.634550] EXT4-fs (vda2): couldn't mount as ext3 due to feature incompatibilities
[    1.705942] EXT4-fs (vda2): recovery complete
[    1.708655] EXT4-fs (vda2): mounted filesystem with ordered data mode. Opts: (null)
[    1.709788] VFS: Mounted root (ext4 filesystem) on device 254:2.
[    1.713850] devtmpfs: mounted
[    1.765260] Freeing unused kernel memory: 960K (ffff800000bf0000 - ffff800000ce0000)
bash: cannot set terminal process group (-1): Inappropriate ioctl for device
bash: no job control in this shell
bash-4.3# 