 Reserved 16 MiB at 0x00000000f5400000
[    0.000000] earlycon: uart0 at MMIO 0x0000000070006000 (options '115200n8')
[    0.000000] bootconsole [uart0] enabled
[    0.000000] psci: probing for conduit method from DT.
[    0.000000] psci: PSCIv1.0 detected in firmware.
[    0.000000] psci: Using standard PSCI v0.2 function IDs
[    0.000000] psci: MIGRATE_INFO_UP_CPU reported invalid physical ID (0x80000000)
[    0.000000] percpu: Embedded 21 pages/cpu @ffff8000bff4b000 s48128 r8192 d29696 u86016
[    0.000000] Detected PIPT I-cache on CPU0
[    0.000000] CPU features: enabling workaround for ARM erratum 832075
[    0.000000] CPU features: enabling workaround for ARM erratum 834220
[    0.000000] Built 1 zonelists in Zone order, mobility grouping on.  Total pages: 735336
[    0.000000] Kernel command line: cros_secure vpr=0x08000000@0xf6800000 earlycon
[    0.000000] PID hash table entries: 4096 (order: 3, 32768 bytes)
[    0.000000] Dentry cache hash table entries: 524288 (order: 10, 4194304 bytes)
[    0.000000] Inode-cache hash table entries: 262144 (order: 9, 2097152 bytes)
[    0.000000] software IO TLB [mem 0xf1400000-0xf5400000] (64MB) mapped at [ffff800071400000-ffff8000753fffff]
[    0.000000] Memory: 2832136K/2988032K available (8508K kernel code, 944K rwdata, 4108K rodata, 1024K init, 395K bss, 139512K reserved, 16384K cma-reserved)
[    0.000000] Virtual kernel memory layout:
[    0.000000]     modules : 0xffff000000000000 - 0xffff000008000000   (   128 MB)
[    0.000000]     vmalloc : 0xffff000008000000 - 0xffff7dffbfff0000   (129022 GB)
[    0.000000]       .text : 0xffff000008080000 - 0xffff0000088d0000   (  8512 KB)
[    0.000000]     .rodata : 0xffff0000088d0000 - 0xffff000008ce0000   (  4160 KB)
[    0.000000]       .init : 0xffff000008ce0000 - 0xffff000008de0000   (  1024 KB)
[    0.000000]       .data : 0xffff000008de0000 - 0xffff000008ecc200   (   945 KB)
[    0.000000]        .bss : 0xffff000008ecc200 - 0xffff000008f2ee50   (   396 KB)
[    0.000000]     fixed   : 0xffff7dfffe7fd000 - 0xffff7dfffec00000   (  4108 KB)
[    0.000000]     PCI I/O : 0xffff7dfffee00000 - 0xffff7dffffe00000   (    16 MB)
[    0.000000]     vmemmap : 0xffff7e0000000000 - 0xffff800000000000   (  2048 GB maximum)
[    0.000000]               0xffff7e0000000000 - 0xffff7e0003000000   (    48 MB actual)
[    0.000000]     memory  : 0xffff800000000000 - 0xffff8000c0000000   (  3072 MB)
[    0.000000] SLUB: HWalign=64, Order=0-3, MinObjects=0, CPUs=4, Nodes=1
[    0.000000] Preemptible hierarchical RCU implementation.
[    0.000000] 	Build-time adjustment of leaf fanout to 64.
[    0.000000] 	RCU restricting CPUs from NR_CPUS=64 to nr_cpu_ids=4.
[    0.000000] RCU: Adjusting geometry for rcu_fanout_leaf=64, nr_cpu_ids=4
[    0.000000] NR_IRQS:64 nr_irqs:64 0
[    0.000000] GIC: Using split EOI/Deactivate mode
[    0.000000] /interrupt-controller@60004000: 192 interrupts forwarded to /interrupt-controller@50041000
[    0.000000] boot misc0 0x0: expected 0x80000
[    0.000000]  (comparison mask = 0x400ffffb)
[    0.000000] boot misc2 0x1f720005: expected 0x1f720f05
[    0.000000]  (comparison mask = 0xffffff17)
[    0.000000] PLL_C already enabled. Postponing set full defaults
[    0.000000] PLL_MB already enabled. Postponing set full defaults
[    0.000000] PLL_U already enabled. Postponing set full defaults
[    0.000000] PLL_D already enabled. Postponing set full defaults
[    0.000000] PLL_DP already enabled. Postponing set full defaults
[    0.000000] boot misc0 0x0: expected 0x20
[    0.000000]  (comparison mask = 0x7ffffff)
[    0.000000] boot misc1 0x90000000: expected 0xc0000000
[    0.000000]  (comparison mask = 0xf8000000)
[    0.000000] boot misc2 0x0: expected 0xf400f0da
[    0.000000]  (comparison mask = 0xffffffff)
[    0.000000] boot misc3 0x34f0: expected 0x2004f400
[    0.000000]  (comparison mask = 0xffffffff)
[    0.000000] PLL_P already enabled. Postponing set full defaults
[    0.000000] PLL_X already enabled. Postponing set full defaults
[    0.000000] boot misc1 0x0: expected 0x20
[    0.000000]  (comparison mask = 0xffffff)
[    0.000000] arm_arch_timer: Architected cp15 timer(s) running at 19.20MHz (phys).
[    0.000000] clocksource: arch_sys_counter: mask: 0xffffffffffffff max_cycles: 0x46d987e47, max_idle_ns: 440795202767 ns
[    0.000002] sched_clock: 56 bits at 19MHz, resolution 52ns, wraps every 4398046511078ns
[    0.008343] Console: colour dummy device 80x25
[    0.012913] console [tty0] enabled
[    0.016406] bootconsole [uart0] disabled
[    0.000000] Booting Linux on physical CPU 0x0
[    0.000000] Linux version 4.10.0-rc2-165791-g0c744ea (pwalmsley@tamien) (gcc version 4.9.2 20140904 (prerelease) (crosstool-NG linaro-1.13.1-4.9-2014.09 - Linaro GCC 4.9-2014.09) ) #1 SMP PREEMPT Sun Jan 1 15:09:11 PST 2017
[    0.000000] Boot CPU: AArch64 Processor [411fd071]
[    0.000000] efi: Getting EFI parameters from FDT:
[    0.000000] efi: UEFI not found.
[    0.000000] cma: Reserved 16 MiB at 0x00000000f5400000
[    0.000000] earlycon: uart0 at MMIO 0x0000000070006000 (options '115200n8')
[    0.000000] bootconsole [uart0] enabled
[    0.000000] psci: probing for conduit method from DT.
[    0.000000] psci: PSCIv1.0 detected in firmware.
[    0.000000] psci: Using standard PSCI v0.2 function IDs
[    0.000000] psci: MIGRATE_INFO_UP_CPU reported invalid physical ID (0x80000000)
[    0.000000] percpu: Embedded 21 pages/cpu @ffff8000bff4b000 s48128 r8192 d29696 u86016
[    0.000000] Detected PIPT I-cache on CPU0
[    0.000000] CPU features: enabling workaround for ARM erratum 832075
[    0.000000] CPU features: enabling workaround for ARM erratum 834220
[    0.000000] Built 1 zonelists in Zone order, mobility grouping on.  Total pages: 735336
[    0.000000] Kernel command line: cros_secure vpr=0x08000000@0xf6800000 earlycon
[    0.000000] PID hash table entries: 4096 (order: 3, 32768 bytes)
[    0.000000] Dentry cache hash table entries: 524288 (order: 10, 4194304 bytes)
[    0.000000] Inode-cache hash table entries: 262144 (order: 9, 2097152 bytes)
[    0.000000] software IO TLB [mem 0xf1400000-0xf5400000] (64MB) mapped at [ffff800071400000-ffff8000753fffff]
[    0.000000] Memory: 2832136K/2988032K available (8508K kernel code, 944K rwdata, 4108K rodata, 1024K init, 395K bss, 139512K reserved, 16384K cma-reserved)
[    0.000000] Virtual kernel memory layout:
[    0.000000]     modules : 0xffff000000000000 - 0xffff000008000000   (   128 MB)
[    0.000000]     vmalloc : 0xffff000008000000 - 0xffff7dffbfff0000   (129022 GB)
[    0.000000]       .text : 0xffff000008080000 - 0xffff0000088d0000   (  8512 KB)
[    0.000000]     .rodata : 0xffff0000088d0000 - 0xffff000008ce0000   (  4160 KB)
[    0.000000]       .init : 0xffff000008ce0000 - 0xffff000008de0000   (  1024 KB)
[    0.000000]       .data : 0xffff000008de0000 - 0xffff000008ecc200   (   945 KB)
[    0.000000]        .bss : 0xffff000008ecc200 - 0xffff000008f2ee50   (   396 KB)
[    0.000000]     fixed   : 0xffff7dfffe7fd000 - 0xffff7dfffec00000   (  4108 KB)
[    0.000000]     PCI I/O : 0xffff7dfffee00000 - 0xffff7dffffe00000   (    16 MB)
[    0.000000]     vmemmap : 0xffff7e0000000000 - 0xffff800000000000   (  2048 GB maximum)
[    0.000000]               0xffff7e0000000000 - 0xffff7e0003000000   (    48 MB actual)
[    0.000000]     memory  : 0xffff800000000000 - 0xffff8000c0000000   (  3072 MB)
[    0.000000] SLUB: HWalign=64, Order=0-3, MinObjects=0, CPUs=4, Nodes=1
[    0.000000] Preemptible hierarchical RCU implementation.
[    0.000000] 	Build-time adjustment of leaf fanout to 64.
[    0.000000] 	RCU restricting CPUs from NR_CPUS=64 to nr_cpu_ids=4.
[    0.000000] RCU: Adjusting geometry for rcu_fanout_leaf=64, nr_cpu_ids=4
[    0.000000] NR_IRQS:64 nr_irqs:64 0
[    0.000000] GIC: Using split EOI/Deactivate mode
[    0.000000] /interrupt-controller@60004000: 192 interrupts forwarded to /interrupt-controller@50041000
[    0.000000] boot misc0 0x0: expected 0x80000
[    0.000000]  (comparison mask = 0x400ffffb)
[    0.000000] boot misc2 0x1f720005: expected 0x1f720f05
[    0.000000]  (comparison mask = 0xffffff17)
[    0.000000] PLL_C already enabled. Postponing set full defaults
[    0.000000] PLL_MB already enabled. Postponing set full defaults
[    0.000000] PLL_U already enabled. Postponing set full defaults
[    0.000000] PLL_D already enabled. Postponing set full defaults
[    0.000000] PLL_DP already enabled. Postponing set full defaults
[    0.000000] boot misc0 0x0: expected 0x20
[    0.000000]  (comparison mask = 0x7ffffff)
[    0.000000] boot misc1 0x90000000: expected 0xc0000000
[    0.000000]  (comparison mask = 0xf8000000)
[    0.000000] boot misc2 0x0: expected 0xf400f0da
[    0.000000]  (comparison mask = 0xffffffff)
[    0.000000] boot misc3 0x34f0: expected 0x2004f400
[    0.000000]  (comparison mask = 0xffffffff)
[    0.000000] PLL_P already enabled. Postponing set full defaults
[    0.000000] PLL_X already enabled. Postponing set full defaults
[    0.000000] boot misc1 0x0: expected 0x20
[    0.000000]  (comparison mask = 0xffffff)
[    0.000000] arm_arch_timer: Architected cp15 timer(s) running at 19.20MHz (phys).
[    0.000000] clocksource: arch_sys_counter: mask: 0xffffffffffffff max_cycles: 0x46d987e47, max_idle_ns: 440795202767 ns
[    0.000002] sched_clock: 56 bits at 19MHz, resolution 52ns, wraps every 4398046511078ns
[    0.008343] Console: colour dummy device 80x25
[    0.012913] console [tty0] enabled
[    0.016406] bootconsole [uart0] disabled
[    0.020449] Calibrating delay loop (skipped), value calculated using timer frequency.. 38.40 BogoMIPS (lpj=76800)
[    0.020461] pid_max: default: 32768 minimum: 301
[    0.020508] Security Framework initialized
[    0.020535] Mount-cache hash table entries: 8192 (order: 4, 65536 bytes)
[    0.020543] Mountpoint-cache hash table entries: 8192 (order: 4, 65536 bytes)
[    0.032472] ASID allocator initialised with 65536 entries
[    0.053176] Speedo Revision 4
[    0.053193] Tegra Revision: A02 SKU: 19 CPU Process: 0 SoC Process: 0
[    0.100609] EFI services will not be available.
[    0.116563] smp: Bringing up secondary CPUs ...
[    0.148693] Detected PIPT I-cache on CPU1
[    0.148720] CPU1: Booted secondary processor [411fd071]
[    0.180718] Detected PIPT I-cache on CPU2
[    0.180736] CPU2: Booted secondary processor [411fd071]
[    0.212759] Detected PIPT I-cache on CPU3
[    0.212776] CPU3: Booted secondary processor [411fd071]
[    0.212809] smp: Brought up 1 node, 4 CPUs
[    0.212839] SMP: Total of 4 processors activated.
[    0.212846] CPU features: detected feature: 32-bit EL0 Support
[    0.212882] CPU: All CPU(s) started at EL2
[    0.212896] alternatives: patching kernel code
[    0.215302] devtmpfs: initialized
[    0.221552] DMI not present or invalid.
[    0.221698] clocksource: jiffies: mask: 0xffffffff max_cycles: 0xffffffff, max_idle_ns: 7645041785100000 ns
[    0.221938] pinctrl core: initialized pinctrl subsystem
[    0.222920] NET: Registered protocol family 16
[    0.240779] cpuidle: using governor menu
[    0.241238] vdso: 2 pages (1 code @ ffff0000088d7000, 1 data @ ffff000008de5000)
[    0.241261] hw-breakpoint: found 6 breakpoint and 4 watchpoint registers.
[    0.241730] DMA: preallocated 256 KiB pool for atomic allocations
[    0.242696] Serial: AMBA PL011 UART driver
[    0.273366] HugeTLB registered 2 MB page size, pre-allocated 0 pages
[    0.273950] ACPI: Interpreter disabled.
[    0.274336] PPLCD_VDD: Failed to request enable GPIO172: -517
[    0.274352] reg-fixed-voltage regulators:regulator@1: Failed to register regulator: -517
[    0.274683] PP1800_LCDIO: Failed to request enable GPIO171: -517
[    0.274696] reg-fixed-voltage regulators:regulator@5: Failed to register regulator: -517
[    0.274743] PP1800_CAM: Failed to request enable GPIO83: -517
[    0.274755] reg-fixed-voltage regulators:regulator@6: Failed to register regulator: -517
[    0.275127] vgaarb: loaded
[    0.275282] SCSI subsystem initialized
[    0.277008] usbcore: registered new interface driver usbfs
[    0.277044] usbcore: registered new interface driver hub
[    0.277085] usbcore: registered new device driver usb
[    0.277719] tegra-i2c 7000d100.i2c: could not find pctldev for node /host1x@50000000/dpaux@545c0000/pinmux-i2c, deferring probe
[    0.277804] pps_core: LinuxPPS API ver. 1 registered
[    0.277814] pps_core: Software ver. 5.3.6 - Copyright 2005-2007 Rodolfo Giometti <giometti@linux.it>
[    0.277837] PTP clock support registered
[    0.277919] dmi: Firmware registration failed.
[    0.278376] Advanced Linux Sound Architecture Driver Initialized.
[    0.278779] clocksource: Switched to clocksource arch_sys_counter
[    0.278864] VFS: Disk quotas dquot_6.6.0
[    0.278901] VFS: Dquot-cache hash table entries: 512 (order 0, 4096 bytes)
[    0.279036] pnp: PnP ACPI: disabled
[    0.283584] NET: Registered protocol family 2
[    0.283910] TCP established hash table entries: 32768 (order: 6, 262144 bytes)
[    0.284035] TCP bind hash table entries: 32768 (order: 7, 524288 bytes)
[    0.284236] TCP: Hash tables configured (established 32768 bind 32768)
[    0.284299] UDP hash table entries: 2048 (order: 4, 65536 bytes)
[    0.284329] UDP-Lite hash table entries: 2048 (order: 4, 65536 bytes)
[    0.284437] NET: Registered protocol family 1
[    0.284613] RPC: Registered named UNIX socket transport module.
[    0.284625] RPC: Registered udp transport module.
[    0.284634] RPC: Registered tcp transport module.
[    0.284642] RPC: Registered tcp NFSv4.1 backchannel transport module.
[    0.284757] Unpacking initramfs...
[    0.373283] Freeing initrd memory: 2360K
[    0.373627] kvm [1]: 8-bit VMID
[    0.373640] kvm [1]: IDMAP page: 808bb000
[    0.373650] kvm [1]: HYP VA range: 800000000000:ffffffffffff
[    0.374305] kvm [1]: Hyp mode initialized successfully
[    0.374346] kvm [1]: vgic-v2@50044000
[    0.374416] kvm [1]: vgic interrupt IRQ1
[    0.374433] kvm [1]: virtual timer IRQ4
[    0.375833] futex hash table entries: 1024 (order: 5, 131072 bytes)
[    0.375895] audit: initializing netlink subsys (disabled)
[    0.375965] audit: type=2000 audit(0.363:1): initialized
[    0.376240] workingset: timestamp_bits=46 max_order=20 bucket_order=0
[    0.382725] squashfs: version 4.0 (2009/01/31) Phillip Lougher
[    0.383354] NFS: Registering the id_resolver key type
[    0.383379] Key type id_resolver registered
[    0.383388] Key type id_legacy registered
[    0.383403] nfs4filelayout_init: NFSv4 File Layout Driver Registering...
[    0.383526] 9p: Installing v9fs 9p2000 file system support
[    0.384927] Block layer SCSI generic (bsg) driver version 0.4 loaded (major 247)
[    0.384947] io scheduler noop registered
[    0.385127] io scheduler cfq registered (default)
[    0.386674] usb3-0 supply vbus not found, using dummy regulator
[    0.396418] tegra-apbdma 60020000.dma: Tegra20 APB DMA driver register 32 channels
[    0.397424] tegra-pmc 7000e400.pmc: i2c-thermtrip node not found, emergency thermal reset disabled.
[    0.397668] xenfs: not registering filesystem on non-xen platform
[    0.400625] Serial: 8250/16550 driver, 4 ports, IRQ sharing enabled
[    0.401964] 70006000.serial: ttyS0 at MMIO 0x70006000 (irq = 313, base_baud = 25500000) is a Tegra
[    1.351175] console [ttyS0] enabled
[    1.355035] SuperH (H)SCI(F) driver initialized
[    1.359840] msm_serial: driver initialized
[    1.364270] cacheinfo: Unable to detect cache hierarchy for CPU 0
[    1.373475] loop: module loaded
[    1.379474] cros-ec-i2c 0-001e: Chrome EC device registered
[    1.385675] max77620 1-003c: PMIC Version OTP:0x35 and ES:0x8
[    1.398766] PP1200_RCAM: Bringing 1050000uV into 1200000-1200000uV
[    1.405922] PP2800L_RCAM: Bringing 3100000uV into 2800000-2800000uV
[    1.412629] PP1100_SOC_RTC: Bringing 1000000uV into 850000-850000uV
[    1.419468] PP2800L_FCAM: Bringing 3100000uV into 2800000-2800000uV
[    1.426188] PP_LDO6: Bringing 2800000uV into 1800000-1800000uV
[    1.432065] random: fast init done
[    1.438563] hisi_sas: driver version v1.6
[    1.444464] libphy: Fixed MDIO Bus: probed
[    1.448991] tun: Universal TUN/TAP device driver, 1.6
[    1.454043] tun: (C) 1999-2004 Max Krasnyansky <maxk@qualcomm.com>
[    1.461000] e1000e: Intel(R) PRO/1000 Network Driver - 3.2.6-k
[    1.466834] e1000e: Copyright(c) 1999 - 2015 Intel Corporation.
[    1.472799] igb: Intel(R) Gigabit Ethernet Network Driver - version 5.4.0-k
[    1.479757] igb: Copyright (c) 2007-2014 Intel Corporation.
[    1.485373] igbvf: Intel(R) Gigabit Virtual Function Network Driver - version 2.4.0-k
[    1.493201] igbvf: Copyright (c) 2009 - 2012 Intel Corporation.
[    1.499157] sky2: driver version 1.30
[    1.503215] VFIO - User Level meta-driver version: 0.3
[    1.509732] ehci_hcd: USB 2.0 'Enhanced' Host Controller (EHCI) Driver
[    1.516266] ehci-pci: EHCI PCI platform driver
[    1.520754] ehci-platform: EHCI generic platform driver
[    1.526068] ehci-exynos: EHCI EXYNOS driver
[    1.530325] ehci-msm: Qualcomm On-Chip EHCI Host Controller
[    1.535963] ohci_hcd: USB 1.1 'Open' Host Controller (OHCI) Driver
[    1.542146] ohci-pci: OHCI PCI platform driver
[    1.546630] ohci-platform: OHCI generic platform driver
[    1.551926] ohci-exynos: OHCI EXYNOS driver
[    1.615426] tegra-xusb 70090000.usb: Firmware timestamp: 2015-08-10 09:47:54 UTC
[    1.622838] tegra-xusb 70090000.usb: xHCI Host Controller
[    1.628244] tegra-xusb 70090000.usb: new USB bus registered, assigned bus number 1
[    1.636747] tegra-xusb 70090000.usb: hcc params 0x0184f525 hci version 0x100 quirks 0x00010010
[    1.645386] tegra-xusb 70090000.usb: irq 319, io mem 0x70090000
[    1.651704] hub 1-0:1.0: USB hub found
[    1.655474] hub 1-0:1.0: 5 ports detected
[    1.659799] tegra-xusb 70090000.usb: xHCI Host Controller
[    1.665202] tegra-xusb 70090000.usb: new USB bus registered, assigned bus number 2
[    1.672815] usb usb2: We don't know the algorithms for LPM for this host, disabling LPM.
[    1.681185] hub 2-0:1.0: USB hub found
[    1.684955] hub 2-0:1.0: 4 ports detected
[    1.689442] usbcore: registered new interface driver usb-storage
[    1.696074] mousedev: PS/2 mouse device common for all mice
[    1.823462] max77686-rtc max77620-rtc: rtc core: registered max77620-rtc as rtc0
[    1.831418] tegra_rtc 7000e000.rtc: rtc core: registered 7000e000.rtc as rtc1
[    1.838582] tegra_rtc 7000e000.rtc: Tegra internal Real Time Clock
[    1.844843] i2c /dev entries driver
[    1.849687] (NULL device *): hwmon_device_register() is deprecated. Please convert the driver to use hwmon_device_register_with_info().
[    1.861916] bq27xxx-battery 2-0055: support ver. 1.2.0 enabled
[    1.884107] sdhci: Secure Digital Host Controller Interface driver
[    1.890313] sdhci: Copyright(c) Pierre Ossman
[    1.894872] Synopsys Designware Multimedia Card Interface Driver
[    1.901262] sdhci-pltfm: SDHCI platform and OF driver helper
[    1.907095] mmc0: Unknown controller version (3). You may experience problems.
[    1.958794] mmc0: SDHCI controller on 700b0600.sdhci [700b0600.sdhci] using ADMA 64-bit
[    1.969328] ledtrig-cpu: registered to indicate activity on CPUs
[    1.979089] usbcore: registered new interface driver usbhid
[    1.984677] usbhid: USB HID core driver
[    1.989550] NET: Registered protocol family 17
[    1.994063] 9pnet: Installing 9P2000 support
[    1.998386] Key type dns_resolver registered
[    2.003012] registered taskstats version 1
[    2.015281] tegra-i2c 7000d100.i2c: could not find pctldev for node /host1x@50000000/dpaux@545c0000/pinmux-i2c, deferring probe
[    2.027699] input: gpio-keys as /devices/platform/gpio-keys/input/input0
[    2.034620] tegra-i2c 7000d100.i2c: could not find pctldev for node /host1x@50000000/dpaux@545c0000/pinmux-i2c, deferring probe
[    2.062584] mmc0: new high speed MMC card at address 0001
[    2.067983] max77686-rtc max77620-rtc: setting system clock to 2000-10-13 04:37:27 UTC (971411847)
[    2.068222] mmcblk0: mmc0:0001 BGND3R 29.1 GiB 
[    2.068325] mmcblk0boot0: mmc0:0001 BGND3R partition 1 4.00 MiB
[    2.068421] mmcblk0boot1: mmc0:0001 BGND3R partition 2 4.00 MiB
[    2.068511] mmcblk0rpmb: mmc0:0001 BGND3R partition 3 4.00 MiB
[    2.070984]  mmcblk0: p1 p2 p3 p4 p5 p6 p7 p8 p9 p10 p11
[    2.072648] tegra-i2c 7000d100.i2c: could not find pctldev for node /host1x@50000000/dpaux@545c0000/pinmux-i2c, deferring probe
[    2.116345] PP1200_AVDD: disabling
[    2.119827] PP1200_RCAM: disabling
[    2.123292] PP2800L_RCAM: disabling
[    2.126844] PP2800L_FCAM: disabling
[    2.130384] PP_LDO6: disabling
[    2.133499] PPLCD_VDD: disabling
[    2.136730] PP1800_LCDIO: disabling
[    2.140217] PP1800_CAM: disabling
[    2.143531] ALSA device list:
[    2.146492]   No soundcards found.
[    2.150415] Freeing unused kernel memory: 1024K

System initialization...

Mounting /proc :[SUCCESS]
Mounting /sys :[SUCCESS]
Mounting /dev :[SUCCESS]
Mounting /dev/pts :[SUCCESS]
Mounting /sys/kernel/debug :[SUCCESS]
Mounting other filesystems :[SUCCESS]
Enabling hot-plug :[SUCCESS]
Populating /dev :[SUCCESS]
Starting syslogd :[SUCCESS]
Starting telnetd :[SUCCESS]

System initialization complete.

Please press Enter to activate this console. 