

Pass: Linux Boot Test 1
	Test Owner(s): N/A
	Execution Time 56.58 sec
	Percent passed so far: 50.0
	


Pass: Linux Boot Test 2
	Test Owner(s): N/A
	Execution Time 56.01 sec
	Percent passed so far: 100.0
	

Final Score: 100.0
[0005.839] I> Welcome to MB1 recovery(prd-version : 10.02.161215-t186-M-00.00-f24525c4)
[0005.847] I> rst_source : 0x0
[0005.850] I> rst_level : 0x0
[0005.853] I> Boot-device: eMMC
[0005.905] I> sdmmc ddr50 mode
[0005.908] I> Entering into 3p server..
[0005.912] I> Transport interface is USB
[0006.359] I> transport_usbf_priv_open USB configuration success
[0011.851] I> Populate eeprom info for module cvm
[0047.993] I> bit @ 0xd480000
[0047.997] I> Downloading bct_bootrom at 0x000000004004e800
[0048.004] I> downloaded image bct_bootrom successfully
[0048.012] I> Downloading bct_mb1 at 0x0000000040041000
[0048.022] I> MB1-BCT relocated to 0xd48bc00 from 0x40041000
[0048.028] I> Supported mb1-bct versions 9-12
[0048.032] I> Version of mb1 bct binary 12
[0048.036] W> MB1 BCT does not have controller prod config data
[0048.041] I> Bootrom patch version : 7 (correctly patched)
[0048.047] I> ATE fuse revision : 0xd020
[0048.051] I> chip revision : A02P
[0048.054] I> disabled_core_mask: 0xffffff0c
[0048.058] I> Enabled Cores: 0xf3
[0048.061] I> TPC disable fuse status: 0
[0048.065] I> Booting Parker Sku
[0048.068] I> Ram repair fuse : 0x0
[0048.071] I> allocated(CO:30) base:0xf8000000 size:0x8000000 align: 0x8000000
[0048.078] I> allocated(CO:23) base:0xf7ff0000 size:0x10000 align: 0x10000
[0048.085] I> allocated(CO:31) base:0x0 size:0x0 align: 0x0
[0048.090] I> allocated(CO:1) base:0xf7e00000 size:0x100000 align: 0x100000
[0048.097] I> allocated(CO:2) base:0xf7d00000 size:0x100000 align: 0x100000
[0048.104] I> allocated(CO:3) base:0xf7c00000 size:0x100000 align: 0x100000
[0048.110] I> allocated(CO:4) base:0xf7b00000 size:0x100000 align: 0x100000
[0048.117] I> allocated(CO:5) base:0xf7a00000 size:0x100000 align: 0x100000
[0048.124] I> allocated(CO:8) base:0xf7900000 size:0x100000 align: 0x100000
[0048.131] I> allocated(CO:27) base:0x0 size:0x0 align: 0x0
[0048.136] I> allocated(CO:6) base:0xf7600000 size:0x200000 align: 0x200000
[0048.143] I> allocated(CO:7) base:0xf7000000 size:0x400000 align: 0x400000
[0048.150] I> allocated(CO:9) base:0xf7800000 size:0x100000 align: 0x100000
[0048.157] I> allocated(CO:10) base:0xf6800000 size:0x800000 align: 0x800000
[0048.163] I> allocated(CO:11) base:0x30000000 size:0x40000 align: 0x0
[0048.170] I> allocated(CO:12) base:0xf7500000 size:0x100000 align: 0x100000
[0048.177] I> allocated(CO:13) base:0x30040000 size:0x1000 align: 0x0
[0048.183] I> allocated(CO:14) base:0x30048000 size:0x1000 align: 0x0
[0048.189] I> allocated(CO:15) base:0x30049000 size:0x1000 align: 0x0
[0048.195] I> allocated(CO:16) base:0x3004a000 size:0x1000 align: 0x0
[0048.202] I> allocated(CO:17) base:0x3004b000 size:0x1000 align: 0x0
[0048.208] I> allocated(CO:19) base:0x3004d000 size:0x1000 align: 0x0
[0048.214] I> allocated(CO:18) base:0x3004c000 size:0x1000 align: 0x0
[0048.220] I> allocated(CO:20) base:0x3004e000 size:0x1000 align: 0x0
[0048.227] I> allocated(CO:21) base:0x3004f000 size:0x1000 align: 0x0
[0048.233] I> allocated(CO:22) base:0x0 size:0x0 align: 0x0
[0048.238] I> allocated(CO:32) base:0xf6000000 size:0x600000 align: 0x400000
[0048.245] I> allocated(CO:24) base:0x0 size:0x0 align: 0x0
[0048.250] I> allocated(CO:25) base:0x0 size:0x0 align: 0x0
[0048.256] I> allocated(CO:26) base:0x0 size:0x0 align: 0x0
[0048.261] I> allocated(CO:39) base:0x96000000 size:0x2000000 align: 0x2000000
[0048.268] I> allocated(CO:38) base:0x84000000 size:0x400000 align: 0x400000
[0048.275] I> allocated(CO:37) base:0xf7fc0000 size:0x20000 align: 0x20000
[0048.282] I> allocated(CO:40) base:0x84800000 size:0xb00000 align: 0x800000
[0048.289] I> allocated(CO:41) base:0xf7f00000 size:0x80000 align: 0x80000
[0048.295] I> allocated(CO:28) base:0x84400000 size:0x400000 align: 0x400000
[0048.303] I> Boot-device: eMMC
[0048.306] I> sdmmc bdev is already initialized
[0048.310] W> MB1 PMIC CFG is version 1.2
[0048.314] W> Rail ID 7 is not found on MB1 BCT
[0048.318] W> MB1 PMIC CFG is version 1.2
[0048.325] W> MB1 PMIC CFG is version 1.2
[0048.332] W> MB1 PMIC CFG is version 1.2
[0048.336] I> sdram slot : 1
[0048.339] I> Initializing SDRAM
[0048.345] I> mss encrypt status check successful
[0048.350] I> downloaded image bct_mb1 successfully
[0048.568] I> Downloading blob at 0x0000000085300000
[0048.971] I> downloaded image blob successfully
[0048.986] I> exiting nv3p server
[0048.989] I> disabled_core_mask: 0xffffff0c
[0048.993] I> Enabled Cores: 0xf3
[0048.996] I> TPC disable fuse status: 0
[0049.000] I> Booting Parker Sku
[0049.003] I> Setup temp. GSC#29 (base:0x30000000, size:0x00010000)
[0049.009] I> Loading preboot
[0049.014] I> Binary(1) of size 59024 is loaded @ 0x40000000
[0049.019] I> Restrict GSC#29 access to DPMU only
[0049.024] I> Updated LSR_DVCOMP_PARAMS: 0xc07a0f45c
[0049.029] I> Updated LSR_DVCOMP_PARAMS: 0xc07e0fc5c
[0049.033] I> WP0 triggered
[0049.036] I> Waypoint-0 ACK received :)
[0049.040] I> WP0.5 triggered
[0049.043] I> Initialized SCRs
[0049.046] W> MB1 PMIC CFG is version 1.2
[0049.054] W> MB1 PMIC CFG is version 1.2
[0049.104] I> Waypoint-0.5 ACK received :)
[0049.108] I> Setup temp. GSC#28 (base:0x84400000, size:0x00400000)
[0049.114] I> Loading MTS-DMCE
[0049.128] I> Binary(2) of size 266624 is loaded @ 0x84400000
[0049.134] I> disabled_core_mask: 0xffffff0c
[0049.138] I> Loading MTS-PROPER
[0049.141] I> Binary(3) of size 1809872 is loaded @ 0x0
[0049.146] I> Restrict GSC#28 access to DPMU only
[0049.150] I> disabled_core_mask: 0xffffff0c
[0049.154] I> WP1 triggered
[0049.157] I> Loading MB2
[0049.160] I> Binary(8) of size 59696 is loaded @ 0x84000000
[0049.165] W> MB1 PMIC CFG is version 1.2
[0049.170] I> Configure DMCE carveout GSC#13
[0049.174] I> CPU reset vector: 0x96000000
[0049.178] I> MB2-params @ 0xf7f00000
[0049.182] I> Waypoint-1 ACK received :)
[0049.186] I> Configure SC7 carveout GSC#23
[0049.190] I> MB1 recovery done

[0049.196] I> Welcome to MB2(TBoot-BPMP) Recovery(version: 01.00.160913-t186-M-00.00-mobile-597f2c10)
[0049.205] I> Default Heap @ [0xd486400 - 0xd488400]
[0049.209] I> DMA Heap @ [0x84900000 - 0x85300000]
[0049.214] I> bit @ 0xd480000
[0049.217] I> BR-BCT relocated to 0xf7f20000
[0049.221] I> Boot-device: eMMC
[0049.225] I> pmic: reset reason (nverc)	: 0x10
[0049.230] I> Reading GPT from 512 for device 00000003
[0049.235] I> Reading GPT from 8388096 for device 00000003
[0049.243] I> Found 14 partitions in 00000003 device
[0049.247] I> Reading GPT from 512 for device 00010003
[0049.255] I> Found 49 partitions in 00010003 device
[0049.263] I> Binary(16) of size 524480 is loaded @ 0xf7600000
[0049.270] I> Binary(17) of size 326672 is loaded @ 0xf77b03e0
[0049.397] I> BPMP-FW load address = 0xf7600000
[0049.401] I> BPMP-FW DTB load address = 0x501b03e0
[0049.406] I> Copy BTCM section
[0049.410] I> Binary(13) of size 143872 is loaded @ 0x96000000
[0049.415] I> MB2-params @ 0xf7f00000
[0049.419] I> CPUBL-params @ 0xf7f00000
[0049.422] I> CPU-BL loaded at : 0x96000000
[0049.426] I> Loading TOS ...
[0049.430] I> Binary(14) of size 54384 is loaded @ 0x8490f400
[0049.436] I> Copying Monitor (length: 0xd270) from 0x8490f600 to 0x40000000
[0049.443] I> Erasing Monitor @ 0x8490f600
[0049.447] I> Unhalting SCE
[0049.451] I> Waypoint2-ACK: 0x5200b694
[0049.455] I> MB2(TBoot-BPMP) Recovery done

NOTICE:  BL31: v1.2(release):ff7a644
NOTICE:  BL31: Built : 21:06:35, Mar  1 2017
NOTICE:  Trusty image missing.
ERROR:   Error initializing runtime service trusty_fast
[0049.817] I> Welcome to TBoot-CPU Recovery(version: 01.00.160913-t186-M-00.00-mobile-e9641362)
[0049.826] I> gpio framework initialized
[0049.829] I> tegrabl_gpio_driver_register: register 'tegra_gpio_main_driver' driver
[0049.837] I> tegrabl_gpio_driver_register: register 'tegra_gpio_aon_driver' driver
[0049.844] I> tegrabl_tca9539_init: i2c bus: 0, slave addr: 0xee
[0049.853] I> tegrabl_gpio_driver_register: register 'tca9539_gpio_driver' driver
[0049.860] I> tegrabl_tca9539_init: i2c bus: 0, slave addr: 0xe8
[0049.868] I> tegrabl_gpio_driver_register: register 'tca9539_gpio_driver' driver
[0049.875] I> CPU: ARM Cortex A57
[0049.878] I> CPU: MIDR: 0x411fd073, MPIDR: 0x80000100
[0049.883] I> L2 ECC enabled : yes
[0049.886] I> CPU-BL Params @ 0xf7f00000
[0049.890] I>  0) Base:0x00000000 Size:0x00000000
[0049.894] I>  1) Base:0xf7e00000 Size:0x00100000
[0049.899] I>  2) Base:0xf7d00000 Size:0x00100000
[0049.903] I>  3) Base:0xf7c00000 Size:0x00100000
[0049.908] I>  4) Base:0xf7b00000 Size:0x00100000
[0049.912] I>  5) Base:0xf7a00000 Size:0x00100000
[0049.916] I>  6) Base:0xf7600000 Size:0x00200000
[0049.921] I>  7) Base:0xf7000000 Size:0x00400000
[0049.925] I>  8) Base:0xf7900000 Size:0x00100000
[0049.930] I>  9) Base:0xf7800000 Size:0x00100000
[0049.934] I> 10) Base:0xf6800000 Size:0x00800000
[0049.939] I> 11) Base:0x30000000 Size:0x00040000
[0049.943] I> 12) Base:0xf7500000 Size:0x00100000
[0049.947] I> 13) Base:0x30040000 Size:0x00001000
[0049.952] I> 14) Base:0x30048000 Size:0x00001000
[0049.956] I> 15) Base:0x30049000 Size:0x00001000
[0049.961] I> 16) Base:0x3004a000 Size:0x00001000
[0049.965] I> 17) Base:0x3004b000 Size:0x00001000
[0049.970] I> 18) Base:0x3004c000 Size:0x00001000
[0049.974] I> 19) Base:0x3004d000 Size:0x00001000
[0049.978] I> 20) Base:0x3004e000 Size:0x00001000
[0049.983] I> 21) Base:0x3004f000 Size:0x00001000
[0049.987] I> 22) Base:0x00000000 Size:0x00000000
[0049.992] I> 23) Base:0xf7ff0000 Size:0x00010000
[0049.996] I> 24) Base:0x00000000 Size:0x00000000
[0050.001] I> 25) Base:0x00000000 Size:0x00000000
[0050.005] I> 26) Base:0x00000000 Size:0x00000000
[0050.010] I> 27) Base:0x00000000 Size:0x00000000
[0050.014] I> 28) Base:0x84400000 Size:0x00400000
[0050.018] I> 29) Base:0x30000000 Size:0x00010000
[0050.023] I> 30) Base:0xf8000000 Size:0x08000000
[0050.027] I> 31) Base:0x00000000 Size:0x00000000
[0050.032] I> 32) Base:0xf6000000 Size:0x00600000
[0050.036] I> 33) Base:0x80000000 Size:0x76000000
[0050.041] I> 34) Base:0x100000000 Size:0x180000000
[0050.045] I> 35) Base:0x00000000 Size:0x00000000
[0050.050] I> 36) Base:0x00000000 Size:0x00000000
[0050.054] I> 37) Base:0xf7fc0000 Size:0x00020000
[0050.058] I> 38) Base:0x84000000 Size:0x00400000
[0050.063] I> 39) Base:0x96000000 Size:0x02000000
[0050.067] I> 40) Base:0x84800000 Size:0x00b00000
[0050.072] I> 41) Base:0xf7f00000 Size:0x00080000
[0050.076] I> 42) Base:0x00000000 Size:0x00000000
[0050.081] I> 43) Base:0x00000000 Size:0x00000000
[0050.085] I> Boot-device: eMMC
[0050.121] I> sdmmc ddr50 mode
[0050.124] I> sdmmc bdev is already initialized
[0050.128] I> Reading GPT from 512 for device 00000003
[0050.134] I> Reading GPT from 8388096 for device 00000003
[0050.140] I> Found 14 partitions in 00000003 device
[0050.145] I> Reading GPT from 512 for device 00010003
[0050.151] I> Found 49 partitions in 00010003 device
[0050.156] I> Recovery boot_type: 0
[0050.159] I> Entering 3p server
[0050.162] I> Entering into 3p server..
[0050.166] I> Transport interface is USB
[0050.647] I> transport_usbf_priv_open USB configuration success
[0054.058] I> Populate storage info
[0054.075] I> Erasing device 0: 3
[0054.079] I> Erasing device 16384 blocks from block 0
[0054.109] I> Erase successful.
[0054.114] I> Writing device 0: 3
[0054.117] I> Total write size is 16896 bytes
[0054.166] I> Reading GPT from 512 for device 00000003
[0054.172] I> Reading GPT from 8388096 for device 00000003
[0054.178] I> Found 6 partitions in 00000003 device
[0054.183] I> Write successful.
[0054.188] I> Erasing device 1: 3
[0054.192] I> Erasing device 61071360 blocks from block 0
[0055.677] I> Erase successful.
[0055.682] I> Writing device 1: 3
[0055.685] I> Total write size is 512 bytes
[0055.692] I> Write successful.
[0055.697] I> Writing device 1: 3
[0055.700] I> Total write size is 2688 bytes
[0055.707] I> Reading GPT from 512 for device 00010003
[0055.713] I> Found 17 partitions in 00010003 device
[0055.718] I> Write successful.
[0055.723] I> Writing device 1: 3
[0055.726] I> Total write size is 16896 bytes
[0055.733] I> Reading GPT from 512 for device 00010003
[0055.739] I> Found 17 partitions in 00010003 device
[0055.744] I> Write successful.
[0055.749] I> Writing mb1 partition
[0055.752] I> Total write size is 88368 bytes
[0055.791] I> Write successful.
[0055.796] I> Writing spe-fw partition
[0055.799] I> Total write size is 57184 bytes
[0055.834] I> Write successful.
[0055.839] I> Writing mb2 partition
[0055.843] I> Total write size is 60720 bytes
[0055.882] I> Write successful.
[0055.888] I> Writing mts-preboot partition
[0055.892] I> Total write size is 59824 bytes
[0055.937] I> Write successful.
[0055.942] I> Writing device 1: 3
[0055.945] I> Total write size is 512 bytes
[0055.952] I> Write successful.
[0055.957] I> Writing APP partition
[0055.960] I> Total write size is 27608268 bytes
[0057.319] I> Write successful.
[0057.325] I> Writing mts-bootpack partition
[0057.329] I> Total write size is 2077344 bytes
[0057.431] I> Write successful.
[0057.436] I> Writing cpu-bootloader partition
[0057.440] I> Total write size is 196176 bytes
[0057.457] I> Write successful.
[0057.463] I> Writing bootloader-dtb partition
[0057.467] I> Total write size is 248528 bytes
[0057.487] I> Write successful.
[0057.492] I> Writing secure-os partition
[0057.496] I> Total write size is 54784 bytes
[0057.505] I> Write successful.
[0057.511] I> Writing eks partition
[0057.514] I> Total write size is 1488 bytes
[0057.521] I> Write successful.
[0057.526] I> Writing bpmp-fw partition
[0057.530] I> Total write size is 524880 bytes
[0057.564] I> Write successful.
[0057.570] I> Writing bpmp-fw-dtb partition
[0057.574] I> Total write size is 327072 bytes
[0057.597] I> Write successful.
[0057.603] I> Writing sce-fw partition
[0057.606] I> Total write size is 65488 bytes
[0057.617] I> Write successful.
[0057.622] I> Writing sc7 partition
[0057.625] I> Total write size is 20848 bytes
[0057.634] I> Write successful.
[0057.639] I> Writing kernel partition
[0057.643] I> Total write size is 6735872 bytes
[0057.987] I> Write successful.
[0057.992] I> Writing kernel-dtb partition
[0057.996] I> Total write size is 248128 bytes
[0058.017] I> Write successful.
[0058.029] I> Writing BCT partition
[0058.033] I> Total write size is 3584 bytes
[0058.083] I> Write successful.
[0058.101] I> Writing MB1_BCT partition
[0058.104] I> Total write size is 49968 bytes
[0058.150] I> Write successful.
[0058.162] I> Rebooting : reset-coldboot


[0000.180] I> Welcome to MB2(TBoot-BPMP)(version: 01.00.160913-t186-M-00.00-mobile-f4c42291)
[0000.188] I> Default Heap @ [0xd486400 - 0xd488400]
[0000.193] I> DMA Heap @ [0x84900000 - 0x85300000]
[0000.198] I> bit @ 0xd480000
[0000.201] I> BR-BCT relocated to 0xf7f20000
[0000.205] I> Boot-device: eMMC
[0000.209] I> pmic: reset reason (nverc)	: 0x0
[0000.213] I> Reading GPT from 512 for device 00000003
[0000.219] I> Reading GPT from 8388096 for device 00000003
[0000.226] I> Found 6 partitions in 00000003 device
[0000.231] I> Reading GPT from 512 for device 00010003
[0000.237] I> Found 17 partitions in 00010003 device
[0000.243] W> No valid slot number is found in scratch register
[0000.248] W> Return default slot: _a
[0000.252] I> A/B: bin_type (16) slot 0
[0000.255] I> Select partition: bpmp-fw
[0000.259] I> Loading partition bpmp-fw at 0xf7600000
[0000.264] I> Reading two headers - addr:0xf7600000 blocks:1
[0000.269] I> Addr: 0xf7600000, start-block: 58739717, num_blocks: 1
[0000.284] I> Binary(16) of size 524480 is loaded @ 0xf7600000
[0000.290] W> No valid slot number is found in scratch register
[0000.295] W> Return default slot: _a
[0000.299] I> A/B: bin_type (17) slot 0
[0000.302] I> Select partition: bpmp-fw-dtb
[0000.306] I> Loading partition bpmp-fw-dtb at 0xf77f0000
[0000.311] I> Reading two headers - addr:0xf77f0000 blocks:1
[0000.317] I> Addr: 0xf77f0000, start-block: 58740925, num_blocks: 1
[0000.329] I> Binary(17) of size 326672 is loaded @ 0xf77b0200
[0000.456] I> BPMP-FW load address = 0xf7600000
[0000.460] I> BPMP-FW DTB load address = 0x501b0200
[0000.465] I> Loading SCE-FW ...
[0000.468] W> No valid slot number is found in scratch register
[0000.473] W> Return default slot: _a
[0000.477] I> A/B: bin_type (12) slot 0
[0000.480] I> Select partition: sce-fw
[0000.484] I> Loading partition sce-fw at 0xf7800000
[0000.489] I> Reading two headers - addr:0xf7800000 blocks:1
[0000.494] I> Addr: 0xf7800000, start-block: 58741925, num_blocks: 1
[0000.503] I> Binary(12) of size 65088 is loaded @ 0xf7800000
[0000.508] I> Init SCE
[0000.510] I> Copy BTCM section
[0000.513] W> No valid slot number is found in scratch register
[0000.519] W> Return default slot: _a
[0000.522] I> A/B: bin_type (13) slot 0
[0000.526] I> Select partition: cpu-bootloader
[0000.530] I> Loading partition cpu-bootloader at 0x96000000
[0000.536] I> Reading two headers - addr:0x96000000 blocks:1
[0000.541] I> Addr: 0x96000000, start-block: 58732545, num_blocks: 1
[0000.551] I> Binary(13) of size 195776 is loaded @ 0x96000000
[0000.557] W> No valid slot number is found in scratch register
[0000.563] W> Return default slot: _a
[0000.566] I> A/B: bin_type (20) slot 0
[0000.570] I> Select partition: bootloader-dtb
[0000.574] I> Loading partition bootloader-dtb at 0x85300000
[0000.579] I> Reading two headers - addr:0x85300000 blocks:1
[0000.585] I> Addr: 0x85300000, start-block: 58733057, num_blocks: 1
[0000.596] I> Binary(20) of size 248128 is loaded @ 0x85300000
[0000.601] I> MB2-params @ 0xf7f00000
[0000.605] I> CPUBL-params @ 0xf7f00000
[0000.609] I> CPU-BL loaded at : 0x96000000
[0000.613] I> Loading TOS ...
[0000.615] W> No valid slot number is found in scratch register
[0000.621] W> Return default slot: _a
[0000.624] I> A/B: bin_type (14) slot 0
[0000.628] I> Select partition: secure-os
[0000.632] I> Loading partition secure-os at 0x8490f400
[0000.637] I> Reading two headers - addr:0x8490f400 blocks:1
[0000.642] I> Addr: 0x8490f400, start-block: 58733569, num_blocks: 1
[0000.650] I> Binary(14) of size 54384 is loaded @ 0x8490f400
[0000.656] I> Copying Monitor (length: 0xd270) from 0x8490f600 to 0x40000000
[0000.663] I> Erasing Monitor @ 0x8490f600
[0000.668] I> Unhalting SCE
[0000.671] I> Waypoint2-ACK: 0x5200b8d0
[0000.675] I> MB2(TBoot-BPMP) done

NOTICE:  BL31: v1.2(release):ff7a644
NOTICE:  BL31: Built : 21:06:35, Mar  1 2017
NOTICE:  Trusty image missing.
ERROR:   Error initializing runtime service trusty_fast
[0001.037] I> Welcome to Cboot
[0001.040] I> Cboot Version: 00.00.2014.50-t186-fabbc56c
[0001.045] I> CPU-BL Params @ 0xf7f00000
[0001.048] I>  0) Base:0x00000000 Size:0x00000000
[0001.053] I>  1) Base:0xf7e00000 Size:0x00100000
[0001.057] I>  2) Base:0xf7d00000 Size:0x00100000
[0001.062] I>  3) Base:0xf7c00000 Size:0x00100000
[0001.066] I>  4) Base:0xf7b00000 Size:0x00100000
[0001.071] I>  5) Base:0xf7a00000 Size:0x00100000
[0001.075] I>  6) Base:0xf7600000 Size:0x00200000
[0001.079] I>  7) Base:0xf7000000 Size:0x00400000
[0001.084] I>  8) Base:0xf7900000 Size:0x00100000
[0001.088] I>  9) Base:0xf7800000 Size:0x00100000
[0001.093] I> 10) Base:0xf6800000 Size:0x00800000
[0001.097] I> 11) Base:0x30000000 Size:0x00040000
[0001.102] I> 12) Base:0xf7500000 Size:0x00100000
[0001.106] I> 13) Base:0x30040000 Size:0x00001000
[0001.110] I> 14) Base:0x30048000 Size:0x00001000
[0001.115] I> 15) Base:0x30049000 Size:0x00001000
[0001.119] I> 16) Base:0x3004a000 Size:0x00001000
[0001.124] I> 17) Base:0x3004b000 Size:0x00001000
[0001.128] I> 18) Base:0x3004c000 Size:0x00001000
[0001.133] I> 19) Base:0x3004d000 Size:0x00001000
[0001.137] I> 20) Base:0x3004e000 Size:0x00001000
[0001.141] I> 21) Base:0x3004f000 Size:0x00001000
[0001.146] I> 22) Base:0x00000000 Size:0x00000000
[0001.150] I> 23) Base:0xf7ff0000 Size:0x00010000
[0001.155] I> 24) Base:0x00000000 Size:0x00000000
[0001.159] I> 25) Base:0x00000000 Size:0x00000000
[0001.164] I> 26) Base:0x00000000 Size:0x00000000
[0001.168] I> 27) Base:0x00000000 Size:0x00000000
[0001.173] I> 28) Base:0x84400000 Size:0x00400000
[0001.177] I> 29) Base:0x30000000 Size:0x00010000
[0001.181] I> 30) Base:0xf8000000 Size:0x08000000
[0001.186] I> 31) Base:0x00000000 Size:0x00000000
[0001.190] I> 32) Base:0xf6000000 Size:0x00600000
[0001.195] I> 33) Base:0x80000000 Size:0x76000000
[0001.199] I> 34) Base:0x100000000 Size:0x180000000
[0001.204] I> 35) Base:0x00000000 Size:0x00000000
[0001.208] I> 36) Base:0x00000000 Size:0x00000000
[0001.213] I> 37) Base:0xf7fc0000 Size:0x00020000
[0001.217] I> 38) Base:0x84000000 Size:0x00400000
[0001.221] I> 39) Base:0x96000000 Size:0x02000000
[0001.226] I> 40) Base:0x84800000 Size:0x00b00000
[0001.230] I> 41) Base:0xf7f00000 Size:0x00080000
[0001.235] I> 42) Base:0x00000000 Size:0x00000000
[0001.239] I> 43) Base:0x00000000 Size:0x00000000
[0001.244] platform_init_interrupts-121, 1*
[0001.248] Interrupts Init done
[0001.251] calling constructors
[0001.254] initializing heap
[0001.257] initializing threads
[0001.260] initializing timers
[0001.263] creating bootstrap completion thread
[0001.268] top of bootstrap2()
[0001.271] CPU: ARM Cortex A57
[0001.274] CPU: MIDR: 0x411FD073, MPIDR: 0x80000100
[0001.279] initializing platform
[0001.282] I> Boot-device: eMMC
[0001.286] I> odm data is 1090000
[0001.289] I> Reading GPT from 512 for device 00000003
[0001.294] I> Reading GPT from 8388096 for device 00000003
[0001.301] I> Found 6 partitions in 00000003 device
[0001.306] I> Reading GPT from 512 for device 00010003
[0001.311] I> Found 17 partitions in 00010003 device
[0001.316] W> No valid slot number is found in scratch register
[0001.322] W> Return default slot: _a
[0001.325] I> A/B: bin_type (1) slot 0
[0001.329] I> Select partition: kernel-dtb
[0001.332] I> Loading partition kernel-dtb at 0x92000000
[0001.341] I> Kernel_dtb @0x92000000
[0001.345] I> Bl_dtb @0x85300000
[0001.348] I> gpio framework initialized
[0001.351] I> tegrabl_gpio_driver_register: register 'tegra_gpio_main_driver' driver
[0001.359] I> tegrabl_gpio_driver_register: register 'tegra_gpio_aon_driver' driver
[0001.366] I> tegrabl_tca9539_init: i2c bus: 0, slave addr: 0xee
[0001.375] I> tegrabl_gpio_driver_register: register 'tca9539_gpio_driver' driver
[0001.382] I> tegrabl_tca9539_init: i2c bus: 0, slave addr: 0xe8
[0001.390] I> tegrabl_gpio_driver_register: register 'tca9539_gpio_driver' driver
[0001.398] E> tegrabl_blob_init: BMP partition does not have valid Blob
[0001.404] E> tegrabl_load_bmp_blob: BMP blob initialization failed
[0001.410] W> Loading bmp blob to memory failed
[0001.418] I> Find /i2c@c250000's alias i2c7
[0001.422] I> Reading eeprom i2c=7 address=0x50
[0001.452] I> Device at /i2c@c250000:0x50
[0001.456] I> Reading eeprom i2c=7 address=0x57
[0001.485] I> Device at /i2c@c250000:0x57
[0001.489] I> Find /i2c@c240000's alias i2c1
[0001.493] I> Reading eeprom i2c=1 address=0x51
[0001.499] I> Eeprom read failed 0x1a800027
[0001.503] I> Find /i2c@3160000's alias i2c0
[0001.507] I> Reading eeprom i2c=0 address=0x50
[0001.536] I> Device at /i2c@3160000:0x50
[0001.541] I> Find /i2c@3180000's alias i2c2
[0001.545] I> Reading eeprom i2c=2 address=0x54
[0001.549] I> Enabling gpio chip_id = 2, gpio pin = 9
[0001.580] I> Disabling gpio chip_id = 2, gpio pin = 9
[0001.585] I> Device at /i2c@3180000:0x54
[0001.589] I> create_pm_ids: id: 3310-1000-B00-A, len: 15
[0001.594] I> config: mem-type:00,power-config:00,misc-config:00,modem-config:00,touch-config:00,display-config:00,, len: 93
[0001.605] I> create_pm_ids: id: 2597-0000-500-C, len: 15
[0001.610] I> config: mem-type:00,power-config:00,misc-config:00,modem-config:00,touch-config:00,display-config:00,, len: 93
[0001.621] I> create_pm_ids: id: 2614-0000-100-J, len: 15
[0001.626] I> config: mem-type:00,power-config:00,misc-config:00,modem-config:00,touch-config:00,display-config:00,, len: 93
[0001.637] I> create_pm_ids: id: 3326-1000-100-M, len: 15
[0001.642] I> config: mem-type:ff,power-config:ff,misc-config:ff,modem-config:ff,touch-config:ff,display-config:ff,, len: 93
[0001.653] initializing target
[0001.656] calling apps_init()
[0001.659] starting app android_boot_app
[0001.663] I> Gpio keyboard init success
[0001.667] I> Kernel type = Normal
[0001.670] I> Loading kernel/boot.img ...
[0001.674] W> No valid slot number is found in scratch register
[0001.680] W> Return default slot: _a
[0001.683] I> A/B: bin_type (0) slot 0
[0001.686] I> Select partition: kernel
[0001.690] I> Loading partition kernel at 0xa8000000
[0001.771] W> No valid slot number is found in scratch register
[0001.777] W> Return default slot: _a
[0001.780] I> A/B: bin_type (1) slot 0
[0001.784] I> Select partition: kernel-dtb
[0001.787] I> Loading partition kernel-dtb at 0x92000000
[0001.796] I> Kernel DTB @ 0x92000000
[0001.800] I> Verified boot state = Orange
[0001.804] E> tegrabl_display_clear: display is not initialized
[0001.809] I> Checking boot.img header magic ... [0001.813] I> [OK]
[0001.815] I> Valid boot.img @ 0xa8000000
[0001.819] I> decompressor handler not found
[0001.823] I> Copying kernel image (465664 bytes) from 0xa8000800 to 0x80080000 ... [0001.830] I> Done
[0001.832] I> Move ramdisk (len: 6265174) from 0xa8072800 to 0x98000000
[0001.842] I> Updated bpmp info to DTB
[0001.847] I> Ramdisk: Base: 0x98000000; Size: 0x5f9956
[0001.852] I> Updated initrd info to DTB
[0001.856] I> disabled_core_mask: 0xffffff0c
[0001.860] I> Kernel type = Normal
[0001.863] I> add_serialno: Serial Num = 0334916010285
[0001.868] W> No valid slot number is found in scratch register
[0001.873] W> Return default slot: _a
[0001.877] I> Linux Cmdline: root=/dev/nfs rw netdevwait ip=192.168.99.2:192.168.99.1:192.168.99.1:255.255.255.0::eth0:off nfsroot=192.168.99.1:/home/ausvrl2617/nfsroot fbcon=map:0 net.ifnames=0 console=tty0 OS=l4t console=ttyS0,115200n8 memtype=0 video=tegrafb no_console_suspend=1 earlycon=uart8250,mmio32,0x03100000 nvdumper_reserved=0xf7fc0000 gpt androidboot.secureos=none tegraid=18.1.2.0.0 tegra_keep_boot_clocks maxcpus=6 android.kerneltype=normal androidboot.serialno=0334916010285 androidboot.security=non-secure sdhci_tegra.en_boot_part_access=1 
[0001.925] I> Updated bootarg info to DTB
[0001.930] I> eeprom_get_mac_addr: MAC (type: 0): 00:04:4b:80:e6:32
[0001.937] I> eeprom_get_mac_addr: MAC (type: 1): 00:04:4b:80:e6:33
[0001.943] I> eeprom_get_mac_addr: MAC (type: 2): 00:04:4b:80:e6:34
[0001.949] E> "ids" doesn't exist, creating 
[0001.953] E> "connection" doesn't exist, creating 
[0001.957] E> "configs" doesn't exist, creating 
[0001.962] I> create_pm_ids: id: 3310-1000-B00-A, len: 15
[0001.967] I> config: mem-type:00,power-config:00,misc-config:00,modem-config:00,touch-config:00,display-config:00,, len: 93
[0001.978] I> create_pm_ids: id: 2597-0000-500-C, len: 15
[0001.983] I> config: mem-type:00,power-config:00,misc-config:00,modem-config:00,touch-config:00,display-config:00,, len: 93
[0001.994] I> create_pm_ids: id: 2614-0000-100-J, len: 15
[0001.999] I> config: mem-type:00,power-config:00,misc-config:00,modem-config:00,touch-config:00,display-config:00,, len: 93
[0002.010] I> create_pm_ids: id: 3326-1000-100-M, len: 15
[0002.015] I> config: mem-type:ff,power-config:ff,misc-config:ff,modem-config:ff,touch-config:ff,display-config:ff,, len: 93
[0002.026] I> Adding plugin-manager/ids/3310-1000-B00=/i2c@c250000:module@0x50
[0002.033] E> "i2c@c250000" doesn't exist, creating 
[0002.038] E> "module@0x50" doesn't exist, creating 
[0002.043] I> Adding plugin-manager/ids/2597-0000-500=/i2c@c250000:module@0x57
[0002.050] E> "module@0x57" doesn't exist, creating 
[0002.054] I> Adding plugin-manager/ids/2614-0000-100=/i2c@3160000:module@0x50
[0002.062] E> "i2c@3160000" doesn't exist, creating 
[0002.066] E> "module@0x50" doesn't exist, creating 
[0002.071] I> Adding plugin-manager/ids/3326-1000-100=/i2c@3180000:module@0x54
[0002.078] E> "i2c@3180000" doesn't exist, creating 
[0002.083] E> "module@0x54" doesn't exist, creating 
[0002.090] I> Adding plugin-manager/ids/3310-1000-B00-A
[0002.096] I> Adding plugin-manager/configs/3310-mem-type 00
[0002.102] I> Adding plugin-manager/configs/3310-power-config 00
[0002.108] I> Adding plugin-manager/configs/3310-misc-config 00
[0002.113] I> Adding plugin-manager/configs/3310-modem-config 00
[0002.119] I> Adding plugin-manager/configs/3310-touch-config 00
[0002.125] I> Adding plugin-manager/configs/3310-display-config 00
[0002.131] E> "chip-id" doesn't exist, creating 
[0002.135] I> Adding plugin-manager/chip-id/A02P
[0002.142] I> Updated memory info to DTB
[0002.147] E> "reset" doesn't exist, creating 
[0002.152] E> "pmc-reset-reason" doesn't exist, creating 
[0002.157] E> "pmic-reset-reason" doesn't exist, creating 
[0002.162] I> disabled_core_mask: 0xffffff0c
[0002.173] I> tegrabl_load_kernel_and_dtb: Done


U-Boot 2017.03-g8537ddd769f4 (Oct 04 2017 - 08:46:37 -0700)

TEGRA186
Model: NVIDIA P2771-0000-500
DRAM:  7.8 GiB
MMC:   Tegra SD/MMC: 0, Tegra SD/MMC: 1
*** Warning - bad CRC, using default environment

In:    serial
Out:   serial
Err:   serial
Net:   eth0: ethernet@2490000
Hit any key to stop autoboot:  2 [0000.183] I> Welcome to MB2(TBoot-BPMP)(version: 01.00.160913-t186-M-00.00-mobile-f4c42291)
[0000.191] I> Default Heap @ [0xd486400 - 0xd488400]
[0000.196] I> DMA Heap @ [0x84900000 - 0x85300000]
[0000.200] I> bit @ 0xd480000
[0000.203] I> BR-BCT relocated to 0xf7f20000
[0000.207] I> Boot-device: eMMC
[0000.211] I> pmic: reset reason (nverc)	: 0x10
[0000.216] I> Reading GPT from 512 for device 00000003
[0000.222] I> Reading GPT from 8388096 for device 00000003
[0000.229] I> Found 6 partitions in 00000003 device
[0000.233] I> Reading GPT from 512 for device 00010003
[0000.240] I> Found 17 partitions in 00010003 device
[0000.245] W> No valid slot number is found in scratch register
[0000.251] W> Return default slot: _a
[0000.254] I> A/B: bin_type (16) slot 0
[0000.258] I> Select partition: bpmp-fw
[0000.261] I> Loading partition bpmp-fw at 0xf7600000
[0000.266] I> Reading two headers - addr:0xf7600000 blocks:1
[0000.272] I> Addr: 0xf7600000, start-block: 58739717, num_blocks: 1
[0000.287] I> Binary(16) of size 524480 is loaded @ 0xf7600000
[0000.292] W> No valid slot number is found in scratch register
[0000.298] W> Return default slot: _a
[0000.301] I> A/B: bin_type (17) slot 0
[0000.305] I> Select partition: bpmp-fw-dtb
[0000.309] I> Loading partition bpmp-fw-dtb at 0xf77f0000
[0000.314] I> Reading two headers - addr:0xf77f0000 blocks:1
[0000.320] I> Addr: 0xf77f0000, start-block: 58740925, num_blocks: 1
[0000.331] I> Binary(17) of size 326672 is loaded @ 0xf77b0200
[0000.459] I> BPMP-FW load address = 0xf7600000
[0000.463] I> BPMP-FW DTB load address = 0x501b0200
[0000.468] I> Loading SCE-FW ...
[0000.471] W> No valid slot number is found in scratch register
[0000.477] W> Return default slot: _a
[0000.480] I> A/B: bin_type (12) slot 0
[0000.484] I> Select partition: sce-fw
[0000.487] I> Loading partition sce-fw at 0xf7800000
[0000.492] I> Reading two headers - addr:0xf7800000 blocks:1
[0000.498] I> Addr: 0xf7800000, start-block: 58741925, num_blocks: 1
[0000.506] I> Binary(12) of size 65088 is loaded @ 0xf7800000
[0000.512] I> Init SCE
[0000.514] I> Copy BTCM section
[0000.517] W> No valid slot number is found in scratch register
[0000.523] W> Return default slot: _a
[0000.526] I> A/B: bin_type (13) slot 0
[0000.530] I> Select partition: cpu-bootloader
[0000.534] I> Loading partition cpu-bootloader at 0x96000000
[0000.539] I> Reading two headers - addr:0x96000000 blocks:1
[0000.545] I> Addr: 0x96000000, start-block: 58732545, num_blocks: 1
[0000.555] I> Binary(13) of size 195776 is loaded @ 0x96000000
[0000.560] W> No valid slot number is found in scratch register
[0000.566] W> Return default slot: _a
[0000.570] I> A/B: bin_type (20) slot 0
[0000.573] I> Select partition: bootloader-dtb
[0000.577] I> Loading partition bootloader-dtb at 0x85300000
[0000.583] I> Reading two headers - addr:0x85300000 blocks:1
[0000.588] I> Addr: 0x85300000, start-block: 58733057, num_blocks: 1
[0000.599] I> Binary(20) of size 248128 is loaded @ 0x85300000
[0000.605] I> MB2-params @ 0xf7f00000
[0000.608] I> CPUBL-params @ 0xf7f00000
[0000.612] I> CPU-BL loaded at : 0x96000000
[0000.616] I> Loading TOS ...
[0000.619] W> No valid slot number is found in scratch register
[0000.624] W> Return default slot: _a
[0000.628] I> A/B: bin_type (14) slot 0
[0000.631] I> Select partition: secure-os
[0000.635] I> Loading partition secure-os at 0x8490f400
[0000.640] I> Reading two headers - addr:0x8490f400 blocks:1
[0000.646] I> Addr: 0x8490f400, start-block: 58733569, num_blocks: 1
[0000.654] I> Binary(14) of size 54384 is loaded @ 0x8490f400
[0000.660] I> Copying Monitor (length: 0xd270) from 0x8490f600 to 0x40000000
[0000.667] I> Erasing Monitor @ 0x8490f600
[0000.671] I> Unhalting SCE
[0000.675] I> Waypoint2-ACK: 0x5200b8d0
[0000.679] I> MB2(TBoot-BPMP) done

NOTICE:  BL31: v1.2(release):ff7a644
NOTICE:  BL31: Built : 21:06:35, Mar  1 2017
NOTICE:  Trusty image missing.
ERROR:   Error initializing runtime service trusty_fast
[0001.041] I> Welcome to Cboot
[0001.044] I> Cboot Version: 00.00.2014.50-t186-fabbc56c
[0001.049] I> CPU-BL Params @ 0xf7f00000
[0001.052] I>  0) Base:0x00000000 Size:0x00000000
[0001.057] I>  1) Base:0xf7e00000 Size:0x00100000
[0001.061] I>  2) Base:0xf7d00000 Size:0x00100000
[0001.066] I>  3) Base:0xf7c00000 Size:0x00100000
[0001.070] I>  4) Base:0xf7b00000 Size:0x00100000
[0001.074] I>  5) Base:0xf7a00000 Size:0x00100000
[0001.079] I>  6) Base:0xf7600000 Size:0x00200000
[0001.083] I>  7) Base:0xf7000000 Size:0x00400000
[0001.088] I>  8) Base:0xf7900000 Size:0x00100000
[0001.092] I>  9) Base:0xf7800000 Size:0x00100000
[0001.097] I> 10) Base:0xf6800000 Size:0x00800000
[0001.101] I> 11) Base:0x30000000 Size:0x00040000
[0001.105] I> 12) Base:0xf7500000 Size:0x00100000
[0001.110] I> 13) Base:0x30040000 Size:0x00001000
[0001.114] I> 14) Base:0x30048000 Size:0x00001000
[0001.119] I> 15) Base:0x30049000 Size:0x00001000
[0001.123] I> 16) Base:0x3004a000 Size:0x00001000
[0001.128] I> 17) Base:0x3004b000 Size:0x00001000
[0001.132] I> 18) Base:0x3004c000 Size:0x00001000
[0001.136] I> 19) Base:0x3004d000 Size:0x00001000
[0001.141] I> 20) Base:0x3004e000 Size:0x00001000
[0001.145] I> 21) Base:0x3004f000 Size:0x00001000
[0001.150] I> 22) Base:0x00000000 Size:0x00000000
[0001.154] I> 23) Base:0xf7ff0000 Size:0x00010000
[0001.159] I> 24) Base:0x00000000 Size:0x00000000
[0001.163] I> 25) Base:0x00000000 Size:0x00000000
[0001.167] I> 26) Base:0x00000000 Size:0x00000000
[0001.172] I> 27) Base:0x00000000 Size:0x00000000
[0001.176] I> 28) Base:0x84400000 Size:0x00400000
[0001.181] I> 29) Base:0x30000000 Size:0x00010000
[0001.185] I> 30) Base:0xf8000000 Size:0x08000000
[0001.190] I> 31) Base:0x00000000 Size:0x00000000
[0001.194] I> 32) Base:0xf6000000 Size:0x00600000
[0001.198] I> 33) Base:0x80000000 Size:0x76000000
[0001.203] I> 34) Base:0x100000000 Size:0x180000000
[0001.207] I> 35) Base:0x00000000 Size:0x00000000
[0001.212] I> 36) Base:0x00000000 Size:0x00000000
[0001.216] I> 37) Base:0xf7fc0000 Size:0x00020000
[0001.221] I> 38) Base:0x84000000 Size:0x00400000
[0001.225] I> 39) Base:0x96000000 Size:0x02000000
[0001.230] I> 40) Base:0x84800000 Size:0x00b00000
[0001.234] I> 41) Base:0xf7f00000 Size:0x00080000
[0001.238] I> 42) Base:0x00000000 Size:0x00000000
[0001.243] I> 43) Base:0x00000000 Size:0x00000000
[0001.247] platform_init_interrupts-121, 1*
[0001.252] Interrupts Init done
[0001.255] calling constructors
[0001.258] initializing heap
[0001.260] initializing threads
[0001.264] initializing timers
[0001.267] creating bootstrap completion thread
[0001.271] top of bootstrap2()
[0001.274] CPU: ARM Cortex A57
[0001.277] CPU: MIDR: 0x411FD073, MPIDR: 0x80000100
[0001.283] initializing platform
[0001.286] I> Boot-device: eMMC
[0001.289] I> odm data is 1090000
[0001.292] I> Reading GPT from 512 for device 00000003
[0001.298] I> Reading GPT from 8388096 for device 00000003
[0001.305] I> Found 6 partitions in 00000003 device
[0001.309] I> Reading GPT from 512 for device 00010003
[0001.315] I> Found 17 partitions in 00010003 device
[0001.320] W> No valid slot number is found in scratch register
[0001.325] W> Return default slot: _a
[0001.329] I> A/B: bin_type (1) slot 0
[0001.332] I> Select partition: kernel-dtb
[0001.336] I> Loading partition kernel-dtb at 0x92000000
[0001.345] I> Kernel_dtb @0x92000000
[0001.348] I> Bl_dtb @0x85300000
[0001.351] I> gpio framework initialized
[0001.355] I> tegrabl_gpio_driver_register: register 'tegra_gpio_main_driver' driver
[0001.362] I> tegrabl_gpio_driver_register: register 'tegra_gpio_aon_driver' driver
[0001.370] I> tegrabl_tca9539_init: i2c bus: 0, slave addr: 0xee
[0001.378] I> tegrabl_gpio_driver_register: register 'tca9539_gpio_driver' driver
[0001.385] I> tegrabl_tca9539_init: i2c bus: 0, slave addr: 0xe8
[0001.394] I> tegrabl_gpio_driver_register: register 'tca9539_gpio_driver' driver
[0001.402] E> tegrabl_blob_init: BMP partition does not have valid Blob
[0001.408] E> tegrabl_load_bmp_blob: BMP blob initialization failed
[0001.414] W> Loading bmp blob to memory failed
[0001.422] I> Find /i2c@c250000's alias i2c7
[0001.426] I> Reading eeprom i2c=7 address=0x50
[0001.456] I> Device at /i2c@c250000:0x50
[0001.459] I> Reading eeprom i2c=7 address=0x57
[0001.488] I> Device at /i2c@c250000:0x57
[0001.493] I> Find /i2c@c240000's alias i2c1
[0001.497] I> Reading eeprom i2c=1 address=0x51
[0001.503] I> Eeprom read failed 0x1a800027
[0001.507] I> Find /i2c@3160000's alias i2c0
[0001.511] I> Reading eeprom i2c=0 address=0x50
[0001.540] I> Device at /i2c@3160000:0x50
[0001.545] I> Find /i2c@3180000's alias i2c2
[0001.549] I> Reading eeprom i2c=2 address=0x54
[0001.553] I> Enabling gpio chip_id = 2, gpio pin = 9
[0001.584] I> Disabling gpio chip_id = 2, gpio pin = 9
[0001.589] I> Device at /i2c@3180000:0x54
[0001.593] I> create_pm_ids: id: 3310-1000-B00-A, len: 15
[0001.598] I> config: mem-type:00,power-config:00,misc-config:00,modem-config:00,touch-config:00,display-config:00,, len: 93
[0001.609] I> create_pm_ids: id: 2597-0000-500-C, len: 15
[0001.614] I> config: mem-type:00,power-config:00,misc-config:00,modem-config:00,touch-config:00,display-config:00,, len: 93
[0001.625] I> create_pm_ids: id: 2614-0000-100-J, len: 15
[0001.630] I> config: mem-type:00,power-config:00,misc-config:00,modem-config:00,touch-config:00,display-config:00,, len: 93
[0001.641] I> create_pm_ids: id: 3326-1000-100-M, len: 15
[0001.646] I> config: mem-type:ff,power-config:ff,misc-config:ff,modem-config:ff,touch-config:ff,display-config:ff,, len: 93
[0001.657] initializing target
[0001.660] calling apps_init()
[0001.663] starting app android_boot_app
[0001.667] I> Gpio keyboard init success
[0001.671] I> Kernel type = Normal
[0001.674] I> Loading kernel/boot.img ...
[0001.678] W> No valid slot number is found in scratch register
[0001.683] W> Return default slot: _a
[0001.687] I> A/B: bin_type (0) slot 0
[0001.690] I> Select partition: kernel
[0001.694] I> Loading partition kernel at 0xa8000000
[0001.775] W> No valid slot number is found in scratch register
[0001.781] W> Return default slot: _a
[0001.784] I> A/B: bin_type (1) slot 0
[0001.787] I> Select partition: kernel-dtb
[0001.791] I> Loading partition kernel-dtb at 0x92000000
[0001.800] I> Kernel DTB @ 0x92000000
[0001.803] I> Verified boot state = Orange
[0001.807] E> tegrabl_display_clear: display is not initialized
[0001.813] I> Checking boot.img header magic ... [0001.817] I> [OK]
[0001.819] I> Valid boot.img @ 0xa8000000
[0001.823] I> decompressor handler not found
[0001.827] I> Copying kernel image (465664 bytes) from 0xa8000800 to 0x80080000 ... [0001.834] I> Done
[0001.836] I> Move ramdisk (len: 6265174) from 0xa8072800 to 0x98000000
[0001.845] I> Updated bpmp info to DTB
[0001.851] I> Ramdisk: Base: 0x98000000; Size: 0x5f9956
[0001.856] I> Updated initrd info to DTB
[0001.860] I> disabled_core_mask: 0xffffff0c
[0001.864] I> Kernel type = Normal
[0001.867] I> add_serialno: Serial Num = 0334916010285
[0001.872] W> No valid slot number is found in scratch register
[0001.877] W> Return default slot: _a
[0001.881] I> Linux Cmdline: root=/dev/nfs rw netdevwait ip=192.168.99.2:192.168.99.1:192.168.99.1:255.255.255.0::eth0:off nfsroot=192.168.99.1:/home/ausvrl2617/nfsroot fbcon=map:0 net.ifnames=0 console=tty0 OS=l4t console=ttyS0,115200n8 memtype=0 video=tegrafb no_console_suspend=1 earlycon=uart8250,mmio32,0x03100000 nvdumper_reserved=0xf7fc0000 gpt androidboot.secureos=none tegraid=18.1.2.0.0 tegra_keep_boot_clocks maxcpus=6 android.kerneltype=normal androidboot.serialno=0334916010285 androidboot.security=non-secure sdhci_tegra.en_boot_part_access=1 
[0001.929] I> Updated bootarg info to DTB
[0001.934] I> eeprom_get_mac_addr: MAC (type: 0): 00:04:4b:80:e6:32
[0001.940] I> eeprom_get_mac_addr: MAC (type: 1): 00:04:4b:80:e6:33
[0001.946] I> eeprom_get_mac_addr: MAC (type: 2): 00:04:4b:80:e6:34
[0001.953] E> "ids" doesn't exist, creating 
[0001.957] E> "connection" doesn't exist, creating 
[0001.961] E> "configs" doesn't exist, creating 
[0001.966] I> create_pm_ids: id: 3310-1000-B00-A, len: 15
[0001.971] I> config: mem-type:00,power-config:00,misc-config:00,modem-config:00,touch-config:00,display-config:00,, len: 93
[0001.982] I> create_pm_ids: id: 2597-0000-500-C, len: 15
[0001.987] I> config: mem-type:00,power-config:00,misc-config:00,modem-config:00,touch-config:00,display-config:00,, len: 93
[0001.998] I> create_pm_ids: id: 2614-0000-100-J, len: 15
[0002.003] I> config: mem-type:00,power-config:00,misc-config:00,modem-config:00,touch-config:00,display-config:00,, len: 93
[0002.014] I> create_pm_ids: id: 3326-1000-100-M, len: 15
[0002.019] I> config: mem-type:ff,power-config:ff,misc-config:ff,modem-config:ff,touch-config:ff,display-config:ff,, len: 93
[0002.030] I> Adding plugin-manager/ids/3310-1000-B00=/i2c@c250000:module@0x50
[0002.037] E> "i2c@c250000" doesn't exist, creating 
[0002.042] E> "module@0x50" doesn't exist, creating 
[0002.046] I> Adding plugin-manager/ids/2597-0000-500=/i2c@c250000:module@0x57
[0002.053] E> "module@0x57" doesn't exist, creating 
[0002.058] I> Adding plugin-manager/ids/2614-0000-100=/i2c@3160000:module@0x50
[0002.065] E> "i2c@3160000" doesn't exist, creating 
[0002.070] E> "module@0x50" doesn't exist, creating 
[0002.075] I> Adding plugin-manager/ids/3326-1000-100=/i2c@3180000:module@0x54
[0002.082] E> "i2c@3180000" doesn't exist, creating 
[0002.087] E> "module@0x54" doesn't exist, creating 
[0002.093] I> Adding plugin-manager/ids/3310-1000-B00-A
[0002.100] I> Adding plugin-manager/configs/3310-mem-type 00
[0002.106] I> Adding plugin-manager/configs/3310-power-config 00
[0002.111] I> Adding plugin-manager/configs/3310-misc-config 00
[0002.117] I> Adding plugin-manager/configs/3310-modem-config 00
[0002.123] I> Adding plugin-manager/configs/3310-touch-config 00
[0002.129] I> Adding plugin-manager/configs/3310-display-config 00
[0002.135] E> "chip-id" doesn't exist, creating 
[0002.139] I> Adding plugin-manager/chip-id/A02P
[0002.146] I> Updated memory info to DTB
[0002.151] E> "reset" doesn't exist, creating 
[0002.155] E> "pmc-reset-reason" doesn't exist, creating 
[0002.161] E> "pmic-reset-reason" doesn't exist, creating 
[0002.166] I> disabled_core_mask: 0xffffff0c
[0002.176] I> tegrabl_load_kernel_and_dtb: Done


U-Boot 2017.03-g8537ddd769f4 (Oct 04 2017 - 08:46:37 -0700)

TEGRA186
Model: NVIDIA P2771-0000-500
DRAM:  7.8 GiB
MMC:   Tegra SD/MMC: 0, Tegra SD/MMC: 1
*** Warning - bad CRC, using default environment

In:    serial
Out:   serial
Err:   serial
Net:   eth0: ethernet@2490000
Hit any key to stop autoboot:  2  1  0 
MMC: no card present
mmc_init: -123, time 0
switch to partitions #0, OK
mmc0(part 0) is current device
Scanning mmc 0:1...
Found /boot/extlinux/extlinux.conf
Retrieving file: /boot/extlinux/extlinux.conf
431 bytes read in 74 ms (4.9 KiB/s)
p2771-0000 NFS boot options
1:	primary kernel
Enter choice: 1:	primary kernel
Retrieving file: /boot/initrd
6265174 bytes read in 205 ms (29.1 MiB/s)
Retrieving file: /boot/Image
16646656 bytes read in 441 ms (36 MiB/s)
append: console=ttyS0,115200n8 earlycon ignore_loglevel root=/dev/nfs rw netdevwait ip=192.168.99.2:192.168.99.1:192.168.99.1:255.255.255.0::eth0:off nfsroot=192.168.99.1:/home/ausvrl2617/nfsroot,nolock,nfsvers=2 rootwait
Retrieving file: /boot/tegra186-p2771-0000.dtb
17547 bytes read in 52 ms (329.1 KiB/s)
## Flattened Device Tree blob at 82000000
   Booting using the fdt blob at 0x82000000
   Using Device Tree in place at 0000000082000000, end 000000008200748a

Starting kernel ...

[    1.541813] console [ttyS0] enabled
[    1.541813] console [ttyS0] enabled
[    1.548913] bootconsole [uart0] disabled
[    1.548913] bootconsole [uart0] disabled
[    1.557246] SuperH (H)SCI(F) driver initialized
[    1.561948] msm_serial: driver initialized
[    1.566391] cacheinfo: Unable to detect cache hierarchy for CPU 0
[    1.575765] loop: module loaded
[    1.580669] libphy: Fixed MDIO Bus: probed
[    1.585013] tun: Universal TUN/TAP device driver, 1.6
[    1.590409] thunder-xcv, ver 1.0
[    1.593661] thunder-BGX, ver 1.0
[    1.596909] thunder-nic, ver 1.0
[    1.600280] e1000e: Intel(R) PRO/1000 Network Driver - 3.2.6-k
[    1.606109] e1000e: Copyright(c) 1999 - 2015 Intel Corporation.
[    1.612048] igb: Intel(R) Gigabit Ethernet Network Driver - version 5.4.0-k
[    1.618998] igb: Copyright (c) 2007-2014 Intel Corporation.
[    1.624586] igbvf: Intel(R) Gigabit Virtual Function Network Driver - version 2.4.0-k
[    1.632402] igbvf: Copyright (c) 2009 - 2012 Intel Corporation.
[    1.638465] sky2: driver version 1.30
[    1.642639] dwc-eth-dwmac 2490000.ethernet: Cannot get CSR clock
[    1.648665] dwc-eth-dwmac 2490000.ethernet: no reset control found
[    1.667964] stmmac - user ID: 0x10, Synopsys ID: 0x41
[    1.673017] dwc-eth-dwmac 2490000.ethernet: DMA HW capability register supported
[    1.680405] dwc-eth-dwmac 2490000.ethernet: RX Checksum Offload Engine supported
[    1.687789] dwc-eth-dwmac 2490000.ethernet: TX Checksum insertion supported
[    1.694741] dwc-eth-dwmac 2490000.ethernet: Wake-Up On Lan supported
[    1.701102] dwc-eth-dwmac 2490000.ethernet: TSO supported
[    1.706494] dwc-eth-dwmac 2490000.ethernet: TSO feature enabled
[    1.712405] dwc-eth-dwmac 2490000.ethernet: Enable RX Mitigation via HW Watchdog Timer
[    1.720350] libphy: stmmac: probed
[    1.724629] VFIO - User Level meta-driver version: 0.3
[    1.730298] ehci_hcd: USB 2.0 'Enhanced' Host Controller (EHCI) Driver
[    1.736821] ehci-pci: EHCI PCI platform driver
[    1.741280] ehci-platform: EHCI generic platform driver
[    1.746549] ehci-orion: EHCI orion driver
[    1.750600] ehci-exynos: EHCI EXYNOS driver
[    1.754821] ohci_hcd: USB 1.1 'Open' Host Controller (OHCI) Driver
[    1.760999] ohci-pci: OHCI PCI platform driver
[    1.765457] ohci-platform: OHCI generic platform driver
[    1.770719] ohci-exynos: OHCI EXYNOS driver
[    1.775119] usbcore: registered new interface driver usb-storage
[    1.782273] i2c /dev entries driver
[    1.787662] max77620 0-003c: PMIC Version OTP:0x45 and ES:0x8
[    1.798052] max77620-sd0: supplied by regulator-dummy
[    1.803251] VDD_DDR_1V1_PMIC: Bringing 1125000uV into 1100000-1100000uV
[    1.811827] max77620-sd1: supplied by regulator-dummy
[    1.818241] max77620-sd2: supplied by regulator-dummy
[    1.824680] max77620-sd3: supplied by regulator-dummy
[    1.831250] max77620-ldo0: supplied by regulator-dummy
[    1.837208] max77620-ldo1: supplied by regulator-dummy
[    1.843126] max77620-ldo2: supplied by regulator-dummy
[    1.849363] max77620-ldo3: supplied by regulator-dummy
[    1.855130] max77620-ldo4: supplied by regulator-dummy
[    1.860292] VDD_RTC: Bringing 800000uV into 1000000-1000000uV
[    1.866795] max77620-ldo5: supplied by regulator-dummy
[    1.871945] VDDIO_SDMMC3_AP: Bringing 1800000uV into 2800000-2800000uV
[    1.878983] max77620-ldo6: supplied by regulator-dummy
[    1.884733] max77620-ldo7: supplied by regulator-dummy
[    1.889894] VDD_HDMI_1V05: Bringing 1000000uV into 1050000-1050000uV
[    1.897467] max77620-ldo8: supplied by regulator-dummy
[    1.902614] VDD_PEX_1V05: Bringing 1000000uV into 1050000-1050000uV
[    3.084268] max77686-rtc max77620-rtc: rtc core: registered max77620-rtc as rtc0
[    3.093586] sdhci: Secure Digital Host Controller Interface driver
[    3.099762] sdhci: Copyright(c) Pierre Ossman
[    3.104219] Synopsys Designware Multimedia Card Interface Driver
[    3.110579] sdhci-pltfm: SDHCI platform and OF driver helper
[    3.116375] sdhci-tegra 3400000.sdhci: Got CD GPIO
[    3.121173] sdhci-tegra 3400000.sdhci: Got WP GPIO
[    3.142883] mmc0: Unknown controller version (4). You may experience problems.
[    3.196165] mmc0: SDHCI controller on 3440000.sdhci [3440000.sdhci] using ADMA
[    3.213626] ledtrig-cpu: registered to indicate activity on CPUs
[    3.221922] usbcore: registered new interface driver usbhid
[    3.227510] usbhid: USB HID core driver
[    3.232296] NET: Registered protocol family 17
[    3.236779] 9pnet: Installing 9P2000 support
[    3.241076] Key type dns_resolver registered
[    3.246083] registered taskstats version 1
[    3.250177] Loading compiled-in X.509 certificates
[    3.260958] VDD_1V8_AP: supplied by VDD_1V8
[    3.265631] SD_CARD_SW_PWR: supplied by VDD_3V3_SYS
[    3.271058] pca953x 1-0074: 1-0074 supply vcc not found, using dummy regulator
[    3.297315] pca953x 1-0077: 1-0077 supply vcc not found, using dummy regulator
[    3.314640] tegra-pcie 10003000.pcie: 4x1, 1x1 configuration
[    3.321046] tegra-pcie 10003000.pcie: probing port 0, using 4 lanes
[    3.329340] tegra-pcie 10003000.pcie: Slot present pin change, signature: 00000018
[    3.745971] tegra-pcie 10003000.pcie: link 0 down, retrying
[    4.154715] tegra-pcie 10003000.pcie: link 0 down, retrying
[    4.563454] tegra-pcie 10003000.pcie: link 0 down, retrying
[    4.571030] tegra-pcie 10003000.pcie: link 0 down, ignoring
[    4.576667] tegra-pcie 10003000.pcie: PCI host bridge to bus 0000:00
[    4.583022] pci_bus 0000:00: root bus resource [io  0x0000-0xffff]
[    4.589196] pci_bus 0000:00: root bus resource [mem 0x50100000-0x57ffffff]
[    4.596063] pci_bus 0000:00: root bus resource [mem 0x58000000-0x7fffffff pref]
[    4.603366] pci_bus 0000:00: root bus resource [bus 00-ff]
[    4.609301] sdhci-tegra 3400000.sdhci: Got CD GPIO
[    4.614107] sdhci-tegra 3400000.sdhci: Got WP GPIO
[    4.627195] mmc1: Unknown controller version (4). You may experience problems.
[    4.680163] mmc1: SDHCI controller on 3400000.sdhci [3400000.sdhci] using ADMA
[    4.697432] mmc2: Unknown controller version (4). You may experience problems.
[    4.705164] mmc2: Switching to 3.3V signalling voltage failed
[    4.748051] mmc2: SDHCI controller on 3460000.sdhci [3460000.sdhci] using ADMA
[    4.755967] input: gpio-keys as /devices/platform/gpio-keys/input/input0
[    4.788276] max77686-rtc max77620-rtc: setting system clock to 2017-02-26 21:41:20 UTC (1488145280)
[    4.797500] dwc-eth-dwmac 2490000.ethernet eth0: device MAC address 82:46:e4:64:17:fc
[    4.805860] Generic PHY stmmac-0:00: attached PHY driver [Generic PHY] (mii_bus:phy_addr=stmmac-0:00, irq=POLL)
[    4.816698] dwmac4: Master AXI performs any burst length
[    4.822157] dwc-eth-dwmac 2490000.ethernet eth0: IEEE 1588-2008 Advanced Timestamp supported
[    4.830693] dwc-eth-dwmac 2490000.ethernet eth0: registered PTP clock
[    4.840785] mmc2: new high speed MMC card at address 0001
[    4.846373] mmcblk2: mmc2:0001 032G34 29.1 GiB 
[    4.851018] mmcblk2boot0: mmc2:0001 032G34 partition 1 4.00 MiB
[    4.857010] mmcblk2boot1: mmc2:0001 032G34 partition 2 4.00 MiB
[    4.862988] mmcblk2rpmb: mmc2:0001 032G34 partition 3 4.00 MiB, chardev (240:0)
[    4.872101]  mmcblk2: p1 p2 p3 p4 p5 p6 p7 p8 p9 p10 p11 p12 p13 p14 p15 p16 p17
[    7.904867] dwc-eth-dwmac 2490000.ethernet eth0: Link is Up - 1Gbps/Full - flow control rx/tx
[    7.928046] IP-Config: Complete:
[    7.931267]      device=eth0, hwaddr=82:46:e4:64:17:fc, ipaddr=192.168.99.2, mask=255.255.255.0, gw=192.168.99.1
[    7.941427]      host=192.168.99.2, domain=, nis-domain=(none)
[    7.947251]      bootserver=192.168.99.1, rootserver=192.168.99.1, rootpath=
[    7.972229] VDD_RTC: disabling
[    7.975279] VDDIO_SDMMC3_AP: disabling
[    7.979168] SD_CARD_SW_PWR: disabling
[    7.982828] ALSA device list:
[    7.985793]   No soundcards found.
[    7.989665] Freeing unused kernel memory: 1088K
/init: line 58: chmod: command not found
[ 21:41:23 ] L4T-INITRD Build DATE: Sun Feb 26 21:41:23 UTC 2017
[ 21:41:23 ] Root device found: nfs
[ 21:41:23 ] Ethernet interfaces: eth0
[ 21:41:23 ] IP Address: 192.168.99.2
[ 21:41:23 ] Rootfs mounted over nfs
[ 21:41:23 ] Switching from initrd to actual rootfs
[    8.807993] systemd[1]: systemd 229 running in system mode. (+PAM +AUDIT +SELINUX +IMA +APPARMOR +SMACK +SYSVINIT +UTMP +LIBCRYPTSETUP +GCRYPT +GNUTLS +ACL +XZ -LZ4 +SECCOMP +BLKID +ELFUTILS +KMOD -IDN)
[    8.826749] systemd[1]: Detected architecture arm64.

Welcome to [1mUbuntu 16.04 LTS[0m!

[    8.871025] systemd[1]: Set hostname to <tegra-ubuntu>.
[    9.683675] systemd[1]: Started Forward Password Requests to Wall Directory Watch.
[[0;32m  OK  [0m] Started Forward Password Requests to Wall Directory Watch.
[    9.704661] systemd[1]: Created slice System Slice.
[[0;32m  OK  [0m] Created slice System Slice.
[    9.720480] systemd[1]: Created slice system-getty.slice.
[[0;32m  OK  [0m] Created slice system-getty.slice.
[    9.736442] systemd[1]: Listening on Journal Socket.
[[0;32m  OK  [0m] Listening on Journal Socket.
[    9.753937] systemd[1]: Mounting RPC Pipe File System...
         Mounting RPC Pipe File System...
[    9.774568] systemd[1]: Starting Create Static Device Nodes in /dev...
         Starting Create Static Device Nodes in /dev...
[    9.792365] systemd[1]: Listening on Journal Socket (/dev/log).
[[0;32m  OK  [0m] Listening on Journal Socket (/dev/log).
         Starting Remount Root and Kernel File Systems...
         Starting Load Kernel Modules...
[[0;32m  OK  [0m] Listening on /dev/initctl Compatibility Named Pipe.
[[0;32m  OK  [0m] Created slice system-serial\x2dgetty.slice.
[[0;32m  OK  [0m] Reached target Encrypted Volumes.
[[0;32m  OK  [0m] Listening on Journal Audit Socket.
[[0;32m  OK  [0m] Started Dispatch Password Requests to Console Directory Watch.
[[0;32m  OK  [0m] Reached target Paths.
[[0;32m  OK  [0m] Listening on udev Control Socket.
         Mounting Huge Pages File System...
[[0;32m  OK  [0m] Reached target Swap.
[[0;32m  OK  [0m] Listening on udev Kernel Socket.
[[0;32m  OK  [0m] Listening on Syslog Socket.
         Mounting POSIX Message Queue File System...
         Mounting Debug File System...
[[0;32m  OK  [0m] Created slice User and Session Slice.
[[0;32m  OK  [0m] Reached target Slices.
         Starting Journal Service...
[[0;32m  OK  [0m] Mounted Huge Pages File System.
[[0;32m  OK  [0m] Mounted Debug File System.
[[0;32m  OK  [0m] Mounted POSIX Message Queue File System.
[[0;32m  OK  [0m] Mounted RPC Pipe File System.
[[0;32m  OK  [0m] Started Create Static Device Nodes in /dev.
[[0;32m  OK  [0m] Started Remount Root and Kernel File Systems.
[[0;32m  OK  [0m] Started Load Kernel Modules.
[[0;32m  OK  [0m] Started Journal Service.
         Starting Apply Kernel Variables...
         Mounting Configuration File System...
         Starting Load/Save Random Seed...
         Starting udev Coldplug all Devices...
         Starting Flush Journal to Persistent Storage...
         Starting udev Kernel Device Manager...
[[0;32m  OK  [0m] Reached target Local File Systems (Pre).
[[0;32m  OK  [0m] Reached target Local File Systems.
         Starting Set console keymap...
         Starting Preprocess NFS configuration...
[[0;32m  OK  [0m] Mounted Configuration File System.
[[0;32m  OK  [0m] Started Apply Kernel Variables.
[[0;32m  OK  [0m] Started Load/Save Random Seed.
[[0;1;31mFAILED[0m] Failed to start Set console keymap.
See 'systemctl status console-setup.service' for details.
[   10.517543] systemd-journald[1497]: Received request to flush runtime journal from PID 1
         Starting Raise network interfaces...
[[0;32m  OK  [0m] Started Flush Journal to Persistent Storage.
         Starting Create Volatile Files and Directories...
[[0;32m  OK  [0m] Started Preprocess NFS configuration.
[[0;32m  OK  [0m] Started udev Coldplug all Devices.
[[0;32m  OK  [0m] Reached target NFS client services.
[[0;32m  OK  [0m] Reached target Remote File Systems (Pre).
[[0;32m  OK  [0m] Reached target Remote File Systems.
[[0;32m  OK  [0m] Started Create Volatile Files and Directories.
[[0;32m  OK  [0m] Reached target System Time Synchronized.
         Starting Update UTMP about System Boot/Shutdown...
[[0;32m  OK  [0m] Started udev Kernel Device Manager.
[[0;32m  OK  [0m] Started Update UTMP about System Boot/Shutdown.
[[0;32m  OK  [0m] Reached target System Initialization.
[[0;32m  OK  [0m] Listening on RPCbind Server Activation Socket.
[[0;32m  OK  [0m] Started Daily apt activities.
[[0;32m  OK  [0m] Listening on D-Bus System Message Bus Socket.
[[0;32m  OK  [0m] Reached target Sockets.
[[0;32m  OK  [0m] Reached target Basic System.
         Starting LSB: Set the CPU Frequency Scaling governor to "ondemand"...
         Starting System Logging Service...
         Starting Login Service...
         Starting Permit User Sessions...
[[0;32m  OK  [0m] Started D-Bus System Message Bus.
[[0;32m  OK  [0m] Started Daily Cleanup of Temporary Directories.
[[0;32m  OK  [0m] Reached target Timers.
[[0;32m  OK  [0m] Started Regular background program processing daemon.
[[0;32m  OK  [0m] Started System Logging Service.
[[0;32m  OK  [0m] Started Permit User Sessions.
[[0;32m  OK  [0m] Found device /dev/ttyS0.
[[0;32m  OK  [0m] Started LSB: Set the CPU Frequency Scaling governor to "ondemand".
[[0;32m  OK  [0m] Started Raise network interfaces.
[[0;32m  OK  [0m] Reached target Network.
         Starting OpenBSD Secure Shell server...
[[0;32m  OK  [0m] Reached target Network is Online.
         Starting LSB: Start NTP daemon...
         Starting /etc/rc.local Compatibility...
[[0;32m  OK  [0m] Started Login Service.
[[0;32m  OK  [0m] Started /etc/rc.local Compatibility.
[[0;32m  OK  [0m] Started Serial Getty on ttyS0.
[[0;32m  OK  [0m] Started Getty on tty1.
[[0;32m  OK  [0m] Reached target Login Prompts.
[[0;32m  OK  [0m] Started OpenBSD Secure Shell server.
[[0;32m  OK  [0m] Started LSB: Start NTP daemon.
[[0;32m  OK  [0m] Reached target Multi-User System.
[[0;32m  OK  [0m] Reached target Graphical Interface.
         Starting Update UTMP about System Runlevel Changes...
[[0;32m  OK  [0m] Started Update UTMP about System Runlevel Changes.

Ubuntu 16.04 LTS tegra-ubuntu ttyS0

tegra-ubuntu login: [0000.183] I> Welcome to MB2(TBoot-BPMP)(version: 01.00.160913-t186-M-00.00-mobile-f4c42291)
[0000.191] I> Default Heap @ [0xd486400 - 0xd488400]
[0000.196] I> DMA Heap @ [0x84900000 - 0x85300000]
[0000.200] I> bit @ 0xd480000
[0000.203] I> BR-BCT relocated to 0xf7f20000
[0000.207] I> Boot-device: eMMC
[0000.211] I> pmic: reset reason (nverc)	: 0x10
[0000.216] I> Reading GPT from 512 for device 00000003
[0000.222] I> Reading GPT from 8388096 for device 00000003
[0000.229] I> Found 6 partitions in 00000003 device
[0000.233] I> Reading GPT from 512 for device 00010003
[0000.240] I> Found 17 partitions in 00010003 device
[0000.245] W> No valid slot number is found in scratch register
[0000.251] W> Return default slot: _a
[0000.254] I> A/B: bin_type (16) slot 0
[0000.258] I> Select partition: bpmp-fw
[0000.261] I> Loading partition bpmp-fw at 0xf7600000
[0000.266] I> Reading two headers - addr:0xf7600000 blocks:1
[0000.272] I> Addr: 0xf7600000, start-block: 58739717, num_blocks: 1
[0000.286] I> Binary(16) of size 524480 is loaded @ 0xf7600000
[0000.292] W> No valid slot number is found in scratch register
[0000.298] W> Return default slot: _a
[0000.301] I> A/B: bin_type (17) slot 0
[0000.305] I> Select partition: bpmp-fw-dtb
[0000.309] I> Loading partition bpmp-fw-dtb at 0xf77f0000
[0000.314] I> Reading two headers - addr:0xf77f0000 blocks:1
[0000.319] I> Addr: 0xf77f0000, start-block: 58740925, num_blocks: 1
[0000.331] I> Binary(17) of size 326672 is loaded @ 0xf77b0200
[0000.458] I> BPMP-FW load address = 0xf7600000
[0000.463] I> BPMP-FW DTB load address = 0x501b0200
[0000.467] I> Loading SCE-FW ...
[0000.470] W> No valid slot number is found in scratch register
[0000.476] W> Return default slot: _a
[0000.479] I> A/B: bin_type (12) slot 0
[0000.483] I> Select partition: sce-fw
[0000.487] I> Loading partition sce-fw at 0xf7800000
[0000.491] I> Reading two headers - addr:0xf7800000 blocks:1
[0000.497] I> Addr: 0xf7800000, start-block: 58741925, num_blocks: 1
[0000.505] I> Binary(12) of size 65088 is loaded @ 0xf7800000
[0000.511] I> Init SCE
[0000.513] I> Copy BTCM section
[0000.516] W> No valid slot number is found in scratch register
[0000.522] W> Return default slot: _a
[0000.525] I> A/B: bin_type (13) slot 0
[0000.529] I> Select partition: cpu-bootloader
[0000.533] I> Loading partition cpu-bootloader at 0x96000000
[0000.538] I> Reading two headers - addr:0x96000000 blocks:1
[0000.544] I> Addr: 0x96000000, start-block: 58732545, num_blocks: 1
[0000.554] I> Binary(13) of size 195776 is loaded @ 0x96000000
[0000.560] W> No valid slot number is found in scratch register
[0000.565] W> Return default slot: _a
[0000.569] I> A/B: bin_type (20) slot 0
[0000.572] I> Select partition: bootloader-dtb
[0000.577] I> Loading partition bootloader-dtb at 0x85300000
[0000.582] I> Reading two headers - addr:0x85300000 blocks:1
[0000.587] I> Addr: 0x85300000, start-block: 58733057, num_blocks: 1
[0000.598] I> Binary(20) of size 248128 is loaded @ 0x85300000
[0000.604] I> MB2-params @ 0xf7f00000
[0000.607] I> CPUBL-params @ 0xf7f00000
[0000.611] I> CPU-BL loaded at : 0x96000000
[0000.615] I> Loading TOS ...
[0000.618] W> No valid slot number is found in scratch register
[0000.624] W> Return default slot: _a
[0000.627] I> A/B: bin_type (14) slot 0
[0000.631] I> Select partition: secure-os
[0000.634] I> Loading partition secure-os at 0x8490f400
[0000.639] I> Reading two headers - addr:0x8490f400 blocks:1
[0000.645] I> Addr: 0x8490f400, start-block: 58733569, num_blocks: 1
[0000.653] I> Binary(14) of size 54384 is loaded @ 0x8490f400
[0000.659] I> Copying Monitor (length: 0xd270) from 0x8490f600 to 0x40000000
[0000.666] I> Erasing Monitor @ 0x8490f600
[0000.670] I> Unhalting SCE
[0000.674] I> Waypoint2-ACK: 0x5200b8d0
[0000.678] I> MB2(TBoot-BPMP) done

NOTICE:  BL31: v1.2(release):ff7a644
NOTICE:  BL31: Built : 21:06:35, Mar  1 2017
NOTICE:  Trusty image missing.
ERROR:   Error initializing runtime service trusty_fast
[0001.040] I> Welcome to Cboot
[0001.043] I> Cboot Version: 00.00.2014.50-t186-fabbc56c
[0001.048] I> CPU-BL Params @ 0xf7f00000
[0001.051] I>  0) Base:0x00000000 Size:0x00000000
[0001.056] I>  1) Base:0xf7e00000 Size:0x00100000
[0001.060] I>  2) Base:0xf7d00000 Size:0x00100000
[0001.065] I>  3) Base:0xf7c00000 Size:0x00100000
[0001.069] I>  4) Base:0xf7b00000 Size:0x00100000
[0001.074] I>  5) Base:0xf7a00000 Size:0x00100000
[0001.078] I>  6) Base:0xf7600000 Size:0x00200000
[0001.082] I>  7) Base:0xf7000000 Size:0x00400000
[0001.087] I>  8) Base:0xf7900000 Size:0x00100000
[0001.091] I>  9) Base:0xf7800000 Size:0x00100000
[0001.096] I> 10) Base:0xf6800000 Size:0x00800000
[0001.100] I> 11) Base:0x30000000 Size:0x00040000
[0001.105] I> 12) Base:0xf7500000 Size:0x00100000
[0001.109] I> 13) Base:0x30040000 Size:0x00001000
[0001.113] I> 14) Base:0x30048000 Size:0x00001000
[0001.118] I> 15) Base:0x30049000 Size:0x00001000
[0001.122] I> 16) Base:0x3004a000 Size:0x00001000
[0001.127] I> 17) Base:0x3004b000 Size:0x00001000
[0001.131] I> 18) Base:0x3004c000 Size:0x00001000
[0001.136] I> 19) Base:0x3004d000 Size:0x00001000
[0001.140] I> 20) Base:0x3004e000 Size:0x00001000
[0001.144] I> 21) Base:0x3004f000 Size:0x00001000
[0001.149] I> 22) Base:0x00000000 Size:0x00000000
[0001.153] I> 23) Base:0xf7ff0000 Size:0x00010000
[0001.158] I> 24) Base:0x00000000 Size:0x00000000
[0001.162] I> 25) Base:0x00000000 Size:0x00000000
[0001.167] I> 26) Base:0x00000000 Size:0x00000000
[0001.171] I> 27) Base:0x00000000 Size:0x00000000
[0001.175] I> 28) Base:0x84400000 Size:0x00400000
[0001.180] I> 29) Base:0x30000000 Size:0x00010000
[0001.184] I> 30) Base:0xf8000000 Size:0x08000000
[0001.189] I> 31) Base:0x00000000 Size:0x00000000
[0001.193] I> 32) Base:0xf6000000 Size:0x00600000
[0001.198] I> 33) Base:0x80000000 Size:0x76000000
[0001.202] I> 34) Base:0x100000000 Size:0x180000000
[0001.207] I> 35) Base:0x00000000 Size:0x00000000
[0001.211] I> 36) Base:0x00000000 Size:0x00000000
[0001.215] I> 37) Base:0xf7fc0000 Size:0x00020000
[0001.220] I> 38) Base:0x84000000 Size:0x00400000
[0001.224] I> 39) Base:0x96000000 Size:0x02000000
[0001.229] I> 40) Base:0x84800000 Size:0x00b00000
[0001.233] I> 41) Base:0xf7f00000 Size:0x00080000
[0001.238] I> 42) Base:0x00000000 Size:0x00000000
[0001.242] I> 43) Base:0x00000000 Size:0x00000000
[0001.246] platform_init_interrupts-121, 1*
[0001.251] Interrupts Init done
[0001.254] calling constructors
[0001.257] initializing heap
[0001.260] initializing threads
[0001.263] initializing timers
[0001.266] creating bootstrap completion thread
[0001.271] top of bootstrap2()
[0001.274] CPU: ARM Cortex A57
[0001.277] CPU: MIDR: 0x411FD073, MPIDR: 0x80000100
[0001.282] initializing platform
[0001.285] I> Boot-device: eMMC
[0001.289] I> odm data is 1090000
[0001.292] I> Reading GPT from 512 for device 00000003
[0001.297] I> Reading GPT from 8388096 for device 00000003
[0001.304] I> Found 6 partitions in 00000003 device
[0001.308] I> Reading GPT from 512 for device 00010003
[0001.314] I> Found 17 partitions in 00010003 device
[0001.319] W> No valid slot number is found in scratch register
[0001.325] W> Return default slot: _a
[0001.328] I> A/B: bin_type (1) slot 0
[0001.332] I> Select partition: kernel-dtb
[0001.335] I> Loading partition kernel-dtb at 0x92000000
[0001.344] I> Kernel_dtb @0x92000000
[0001.347] I> Bl_dtb @0x85300000
[0001.350] I> gpio framework initialized
[0001.354] I> tegrabl_gpio_driver_register: register 'tegra_gpio_main_driver' driver
[0001.362] I> tegrabl_gpio_driver_register: register 'tegra_gpio_aon_driver' driver
[0001.369] I> tegrabl_tca9539_init: i2c bus: 0, slave addr: 0xee
[0001.377] I> tegrabl_gpio_driver_register: register 'tca9539_gpio_driver' driver
[0001.385] I> tegrabl_tca9539_init: i2c bus: 0, slave addr: 0xe8
[0001.393] I> tegrabl_gpio_driver_register: register 'tca9539_gpio_driver' driver
[0001.401] E> tegrabl_blob_init: BMP partition does not have valid Blob
[0001.407] E> tegrabl_load_bmp_blob: BMP blob initialization failed
[0001.413] W> Loading bmp blob to memory failed
[0001.421] I> Find /i2c@c250000's alias i2c7
[0001.425] I> Reading eeprom i2c=7 address=0x50
[0001.455] I> Device at /i2c@c250000:0x50
[0001.459] I> Reading eeprom i2c=7 address=0x57
[0001.488] I> Device at /i2c@c250000:0x57
[0001.492] I> Find /i2c@c240000's alias i2c1
[0001.496] I> Reading eeprom i2c=1 address=0x51
[0001.502] I> Eeprom read failed 0x1a800027
[0001.506] I> Find /i2c@3160000's alias i2c0
[0001.510] I> Reading eeprom i2c=0 address=0x50
[0001.539] I> Device at /i2c@3160000:0x50
[0001.544] I> Find /i2c@3180000's alias i2c2
[0001.548] I> Reading eeprom i2c=2 address=0x54
[0001.552] I> Enabling gpio chip_id = 2, gpio pin = 9
[0001.583] I> Disabling gpio chip_id = 2, gpio pin = 9
[0001.588] I> Device at /i2c@3180000:0x54
[0001.592] I> create_pm_ids: id: 3310-1000-B00-A, len: 15
[0001.597] I> config: mem-type:00,power-config:00,misc-config:00,modem-config:00,touch-config:00,display-config:00,, len: 93
[0001.608] I> create_pm_ids: id: 2597-0000-500-C, len: 15
[0001.613] I> config: mem-type:00,power-config:00,misc-config:00,modem-config:00,touch-config:00,display-config:00,, len: 93
[0001.624] I> create_pm_ids: id: 2614-0000-100-J, len: 15
[0001.629] I> config: mem-type:00,power-config:00,misc-config:00,modem-config:00,touch-config:00,display-config:00,, len: 93
[0001.640] I> create_pm_ids: id: 3326-1000-100-M, len: 15
[0001.645] I> config: mem-type:ff,power-config:ff,misc-config:ff,modem-config:ff,touch-config:ff,display-config:ff,, len: 93
[0001.656] initializing target
[0001.659] calling apps_init()
[0001.662] starting app android_boot_app
[0001.666] I> Gpio keyboard init success
[0001.670] I> Kernel type = Normal
[0001.673] I> Loading kernel/boot.img ...
[0001.677] W> No valid slot number is found in scratch register
[0001.682] W> Return default slot: _a
[0001.686] I> A/B: bin_type (0) slot 0
[0001.689] I> Select partition: kernel
[0001.693] I> Loading partition kernel at 0xa8000000
[0001.774] W> No valid slot number is found in scratch register
[0001.780] W> Return default slot: _a
[0001.783] I> A/B: bin_type (1) slot 0
[0001.787] I> Select partition: kernel-dtb
[0001.790] I> Loading partition kernel-dtb at 0x92000000
[0001.799] I> Kernel DTB @ 0x92000000
[0001.803] I> Verified boot state = Orange
[0001.806] E> tegrabl_display_clear: display is not initialized
[0001.812] I> Checking boot.img header magic ... [0001.816] I> [OK]
[0001.818] I> Valid boot.img @ 0xa8000000
[0001.822] I> decompressor handler not found
[0001.826] I> Copying kernel image (465664 bytes) from 0xa8000800 to 0x80080000 ... [0001.833] I> Done
[0001.835] I> Move ramdisk (len: 6265174) from 0xa8072800 to 0x98000000
[0001.844] I> Updated bpmp info to DTB
[0001.850] I> Ramdisk: Base: 0x98000000; Size: 0x5f9956
[0001.855] I> Updated initrd info to DTB
[0001.859] I> disabled_core_mask: 0xffffff0c
[0001.863] I> Kernel type = Normal
[0001.866] I> add_serialno: Serial Num = 0334916010285
[0001.871] W> No valid slot number is found in scratch register
[0001.876] W> Return default slot: _a
[0001.880] I> Linux Cmdline: root=/dev/nfs rw netdevwait ip=192.168.99.2:192.168.99.1:192.168.99.1:255.255.255.0::eth0:off nfsroot=192.168.99.1:/home/ausvrl2617/nfsroot fbcon=map:0 net.ifnames=0 console=tty0 OS=l4t console=ttyS0,115200n8 memtype=0 video=tegrafb no_console_suspend=1 earlycon=uart8250,mmio32,0x03100000 nvdumper_reserved=0xf7fc0000 gpt androidboot.secureos=none tegraid=18.1.2.0.0 tegra_keep_boot_clocks maxcpus=6 android.kerneltype=normal androidboot.serialno=0334916010285 androidboot.security=non-secure sdhci_tegra.en_boot_part_access=1 
[0001.928] I> Updated bootarg info to DTB
[0001.933] I> eeprom_get_mac_addr: MAC (type: 0): 00:04:4b:80:e6:32
[0001.940] I> eeprom_get_mac_addr: MAC (type: 1): 00:04:4b:80:e6:33
[0001.946] I> eeprom_get_mac_addr: MAC (type: 2): 00:04:4b:80:e6:34
[0001.952] E> "ids" doesn't exist, creating 
[0001.956] E> "connection" doesn't exist, creating 
[0001.960] E> "configs" doesn't exist, creating 
[0001.965] I> create_pm_ids: id: 3310-1000-B00-A, len: 15
[0001.970] I> config: mem-type:00,power-config:00,misc-config:00,modem-config:00,touch-config:00,display-config:00,, len: 93
[0001.981] I> create_pm_ids: id: 2597-0000-500-C, len: 15
[0001.986] I> config: mem-type:00,power-config:00,misc-config:00,modem-config:00,touch-config:00,display-config:00,, len: 93
[0001.997] I> create_pm_ids: id: 2614-0000-100-J, len: 15
[0002.002] I> config: mem-type:00,power-config:00,misc-config:00,modem-config:00,touch-config:00,display-config:00,, len: 93
[0002.013] I> create_pm_ids: id: 3326-1000-100-M, len: 15
[0002.018] I> config: mem-type:ff,power-config:ff,misc-config:ff,modem-config:ff,touch-config:ff,display-config:ff,, len: 93
[0002.029] I> Adding plugin-manager/ids/3310-1000-B00=/i2c@c250000:module@0x50
[0002.036] E> "i2c@c250000" doesn't exist, creating 
[0002.041] E> "module@0x50" doesn't exist, creating 
[0002.046] I> Adding plugin-manager/ids/2597-0000-500=/i2c@c250000:module@0x57
[0002.053] E> "module@0x57" doesn't exist, creating 
[0002.057] I> Adding plugin-manager/ids/2614-0000-100=/i2c@3160000:module@0x50
[0002.064] E> "i2c@3160000" doesn't exist, creating 
[0002.069] E> "module@0x50" doesn't exist, creating 
[0002.074] I> Adding plugin-manager/ids/3326-1000-100=/i2c@3180000:module@0x54
[0002.081] E> "i2c@3180000" doesn't exist, creating 
[0002.086] E> "module@0x54" doesn't exist, creating 
[0002.092] I> Adding plugin-manager/ids/3310-1000-B00-A
[0002.099] I> Adding plugin-manager/configs/3310-mem-type 00
[0002.105] I> Adding plugin-manager/configs/3310-power-config 00
[0002.111] I> Adding plugin-manager/configs/3310-misc-config 00
[0002.116] I> Adding plugin-manager/configs/3310-modem-config 00
[0002.122] I> Adding plugin-manager/configs/3310-touch-config 00
[0002.128] I> Adding plugin-manager/configs/3310-display-config 00
[0002.134] E> "chip-id" doesn't exist, creating 
[0002.138] I> Adding plugin-manager/chip-id/A02P
[0002.145] I> Updated memory info to DTB
[0002.150] E> "reset" doesn't exist, creating 
[0002.154] E> "pmc-reset-reason" doesn't exist, creating 
[0002.160] E> "pmic-reset-reason" doesn't exist, creating 
[0002.165] I> disabled_core_mask: 0xffffff0c
[0002.176] I> tegrabl_load_kernel_and_dtb: Done


U-Boot 2017.03-g8537ddd769f4 (Oct 04 2017 - 08:46:37 -0700)

TEGRA186
Model: NVIDIA P2771-0000-500
DRAM:  7.8 GiB
MMC:   Tegra SD/MMC: 0, Tegra SD/MMC: 1
*** Warning - bad CRC, using default environment

In:    serial
Out:   serial
Err:   serial
Net:   eth0: ethernet@2490000
Hit any key to stop autoboot:  2  1  0 
MMC: no card present
mmc_init: -123, time 1
switch to partitions #0, OK
mmc0(part 0) is current device
Scanning mmc 0:1...
Found /boot/extlinux/extlinux.conf
Retrieving file: /boot/extlinux/extlinux.conf
431 bytes read in 74 ms (4.9 KiB/s)
p2771-0000 NFS boot options
1:	primary kernel
Enter choice: 1:	primary kernel
Retrieving file: /boot/initrd
6265174 bytes read in 205 ms (29.1 MiB/s)
Retrieving file: /boot/Image
16646656 bytes read in 441 ms (36 MiB/s)
append: console=ttyS0,115200n8 earlycon ignore_loglevel root=/dev/nfs rw netdevwait ip=192.168.99.2:192.168.99.1:192.168.99.1:255.255.255.0::eth0:off nfsroot=192.168.99.1:/home/ausvrl2617/nfsroot,nolock,nfsvers=2 rootwait
Retrieving file: /boot/tegra186-p2771-0000.dtb
17547 bytes read in 52 ms (329.1 KiB/s)
## Flattened Device Tree blob at 82000000
   Booting using the fdt blob at 0x82000000
   Using Device Tree in place at 0000000082000000, end 000000008200748a

Starting kernel ...

[    1.527127] console [ttyS0] enabled
[    1.527127] console [ttyS0] enabled
[    1.534239] bootconsole [uart0] disabled
[    1.534239] bootconsole [uart0] disabled
[    1.542532] SuperH (H)SCI(F) driver initialized
[    1.547306] msm_serial: driver initialized
[    1.551744] cacheinfo: Unable to detect cache hierarchy for CPU 0
[    1.561131] loop: module loaded
[    1.566039] libphy: Fixed MDIO Bus: probed
[    1.570368] tun: Universal TUN/TAP device driver, 1.6
[    1.575765] thunder-xcv, ver 1.0
[    1.579014] thunder-BGX, ver 1.0
[    1.582262] thunder-nic, ver 1.0
[    1.585625] e1000e: Intel(R) PRO/1000 Network Driver - 3.2.6-k
[    1.591450] e1000e: Copyright(c) 1999 - 2015 Intel Corporation.
[    1.597386] igb: Intel(R) Gigabit Ethernet Network Driver - version 5.4.0-k
[    1.604337] igb: Copyright (c) 2007-2014 Intel Corporation.
[    1.609924] igbvf: Intel(R) Gigabit Virtual Function Network Driver - version 2.4.0-k
[    1.617742] igbvf: Copyright (c) 2009 - 2012 Intel Corporation.
[    1.623805] sky2: driver version 1.30
[    1.627961] dwc-eth-dwmac 2490000.ethernet: Cannot get CSR clock
[    1.633989] dwc-eth-dwmac 2490000.ethernet: no reset control found
[    1.653313] stmmac - user ID: 0x10, Synopsys ID: 0x41
[    1.658365] dwc-eth-dwmac 2490000.ethernet: DMA HW capability register supported
[    1.665752] dwc-eth-dwmac 2490000.ethernet: RX Checksum Offload Engine supported
[    1.673136] dwc-eth-dwmac 2490000.ethernet: TX Checksum insertion supported
[    1.680089] dwc-eth-dwmac 2490000.ethernet: Wake-Up On Lan supported
[    1.686451] dwc-eth-dwmac 2490000.ethernet: TSO supported
[    1.691842] dwc-eth-dwmac 2490000.ethernet: TSO feature enabled
[    1.697754] dwc-eth-dwmac 2490000.ethernet: Enable RX Mitigation via HW Watchdog Timer
[    1.705706] libphy: stmmac: probed
[    1.709975] VFIO - User Level meta-driver version: 0.3
[    1.715651] ehci_hcd: USB 2.0 'Enhanced' Host Controller (EHCI) Driver
[    1.722176] ehci-pci: EHCI PCI platform driver
[    1.726634] ehci-platform: EHCI generic platform driver
[    1.731905] ehci-orion: EHCI orion driver
[    1.735952] ehci-exynos: EHCI EXYNOS driver
[    1.740174] ohci_hcd: USB 1.1 'Open' Host Controller (OHCI) Driver
[    1.746350] ohci-pci: OHCI PCI platform driver
[    1.750813] ohci-platform: OHCI generic platform driver
[    1.756077] ohci-exynos: OHCI EXYNOS driver
[    1.760466] usbcore: registered new interface driver usb-storage
[    1.767579] i2c /dev entries driver
[    1.772910] max77620 0-003c: PMIC Version OTP:0x45 and ES:0x8
[    1.783265] max77620-sd0: supplied by regulator-dummy
[    1.788474] VDD_DDR_1V1_PMIC: Bringing 1125000uV into 1100000-1100000uV
[    1.797018] max77620-sd1: supplied by regulator-dummy
[    1.803418] max77620-sd2: supplied by regulator-dummy
[    1.809871] max77620-sd3: supplied by regulator-dummy
[    1.816448] max77620-ldo0: supplied by regulator-dummy
[    1.822406] max77620-ldo1: supplied by regulator-dummy
[    1.828331] max77620-ldo2: supplied by regulator-dummy
[    1.834587] max77620-ldo3: supplied by regulator-dummy
[    1.840371] max77620-ldo4: supplied by regulator-dummy
[    1.845533] VDD_RTC: Bringing 800000uV into 1000000-1000000uV
[    1.852014] max77620-ldo5: supplied by regulator-dummy
[    1.857165] VDDIO_SDMMC3_AP: Bringing 1800000uV into 2800000-2800000uV
[    1.864216] max77620-ldo6: supplied by regulator-dummy
[    1.869995] max77620-ldo7: supplied by regulator-dummy
[    1.875154] VDD_HDMI_1V05: Bringing 1000000uV into 1050000-1050000uV
[    1.882722] max77620-ldo8: supplied by regulator-dummy
[    1.887870] VDD_PEX_1V05: Bringing 1000000uV into 1050000-1050000uV
[    3.068640] max77686-rtc max77620-rtc: rtc core: registered max77620-rtc as rtc0
[    3.077986] sdhci: Secure Digital Host Controller Interface driver
[    3.084161] sdhci: Copyright(c) Pierre Ossman
[    3.088611] Synopsys Designware Multimedia Card Interface Driver
[    3.094983] sdhci-pltfm: SDHCI platform and OF driver helper
[    3.100779] sdhci-tegra 3400000.sdhci: Got CD GPIO
[    3.105579] sdhci-tegra 3400000.sdhci: Got WP GPIO
[    3.125427] mmc0: Unknown controller version (4). You may experience problems.
[    3.177531] mmc0: SDHCI controller on 3440000.sdhci [3440000.sdhci] using ADMA
[    3.194188] ledtrig-cpu: registered to indicate activity on CPUs
[    3.200696] usbcore: registered new interface driver usbhid
[    3.206263] usbhid: USB HID core driver
[    3.211060] NET: Registered protocol family 17
[    3.215543] 9pnet: Installing 9P2000 support
[    3.219841] Key type dns_resolver registered
[    3.224423] registered taskstats version 1
[    3.228520] Loading compiled-in X.509 certificates
[    3.239251] VDD_1V8_AP: supplied by VDD_1V8
[    3.243788] SD_CARD_SW_PWR: supplied by VDD_3V3_SYS
[    3.248856] pca953x 1-0074: 1-0074 supply vcc not found, using dummy regulator
[    3.267765] pca953x 1-0077: 1-0077 supply vcc not found, using dummy regulator
[    3.285057] tegra-pcie 10003000.pcie: 4x1, 1x1 configuration
[    3.291499] tegra-pcie 10003000.pcie: probing port 0, using 4 lanes
[    3.299778] tegra-pcie 10003000.pcie: Slot present pin change, signature: 00000018
[    3.701303] tegra-pcie 10003000.pcie: link 0 down, retrying
[    4.110037] tegra-pcie 10003000.pcie: link 0 down, retrying
[    4.518760] tegra-pcie 10003000.pcie: link 0 down, retrying
[    4.526336] tegra-pcie 10003000.pcie: link 0 down, ignoring
[    4.531974] tegra-pcie 10003000.pcie: PCI host bridge to bus 0000:00
[    4.538327] pci_bus 0000:00: root bus resource [io  0x0000-0xffff]
[    4.544504] pci_bus 0000:00: root bus resource [mem 0x50100000-0x57ffffff]
[    4.551371] pci_bus 0000:00: root bus resource [mem 0x58000000-0x7fffffff pref]
[    4.558674] pci_bus 0000:00: root bus resource [bus 00-ff]
[    4.564647] sdhci-tegra 3400000.sdhci: Got CD GPIO
[    4.569450] sdhci-tegra 3400000.sdhci: Got WP GPIO
[    4.582533] mmc1: Unknown controller version (4). You may experience problems.
[    4.633510] mmc1: SDHCI controller on 3400000.sdhci [3400000.sdhci] using ADMA
[    4.650766] mmc2: Unknown controller version (4). You may experience problems.
[    4.658495] mmc2: Switching to 3.3V signalling voltage failed
[    4.701413] mmc2: SDHCI controller on 3460000.sdhci [3460000.sdhci] using ADMA
[    4.709355] input: gpio-keys as /devices/platform/gpio-keys/input/input0
[    4.745621] max77686-rtc max77620-rtc: setting system clock to 2017-02-26 21:42:22 UTC (1488145342)
[    4.754806] dwc-eth-dwmac 2490000.ethernet eth0: device MAC address 52:aa:13:7c:23:1e
[    4.763137] Generic PHY stmmac-0:00: attached PHY driver [Generic PHY] (mii_bus:phy_addr=stmmac-0:00, irq=POLL)
[    4.773937] dwmac4: Master AXI performs any burst length
[    4.779369] dwc-eth-dwmac 2490000.ethernet eth0: IEEE 1588-2008 Advanced Timestamp supported
[    4.787914] dwc-eth-dwmac 2490000.ethernet eth0: registered PTP clock
[    4.796529] mmc2: new high speed MMC card at address 0001
[    4.802114] mmcblk2: mmc2:0001 032G34 29.1 GiB 
[    4.806744] mmcblk2boot0: mmc2:0001 032G34 partition 1 4.00 MiB
[    4.812739] mmcblk2boot1: mmc2:0001 032G34 partition 2 4.00 MiB
[    4.818724] mmcblk2rpmb: mmc2:0001 032G34 partition 3 4.00 MiB, chardev (240:0)
[    4.827848]  mmcblk2: p1 p2 p3 p4 p5 p6 p7 p8 p9 p10 p11 p12 p13 p14 p15 p16 p17
[    7.870229] dwc-eth-dwmac 2490000.ethernet eth0: Link is Up - 1Gbps/Full - flow control rx/tx
[    7.897411] IP-Config: Complete:
[    7.900633]      device=eth0, hwaddr=52:aa:13:7c:23:1e, ipaddr=192.168.99.2, mask=255.255.255.0, gw=192.168.99.1
[    7.910794]      host=192.168.99.2, domain=, nis-domain=(none)
[    7.916618]      bootserver=192.168.99.1, rootserver=192.168.99.1, rootpath=
[    7.938203] VDD_RTC: disabling
[    7.941251] VDDIO_SDMMC3_AP: disabling
[    7.945139] SD_CARD_SW_PWR: disabling
[    7.948800] ALSA device list:
[    7.951764]   No soundcards found.
[    7.955641] Freeing unused kernel memory: 1088K
/init: line 58: chmod: command not found
[ 21:42:25 ] L4T-INITRD Build DATE: Sun Feb 26 21:42:25 UTC 2017
[ 21:42:25 ] Root device found: nfs
[ 21:42:25 ] Ethernet interfaces: eth0
[ 21:42:25 ] IP Address: 192.168.99.2
[ 21:42:25 ] Rootfs mounted over nfs
[ 21:42:25 ] Switching from initrd to actual rootfs
[    8.284956] systemd[1]: systemd 229 running in system mode. (+PAM +AUDIT +SELINUX +IMA +APPARMOR +SMACK +SYSVINIT +UTMP +LIBCRYPTSETUP +GCRYPT +GNUTLS +ACL +XZ -LZ4 +SECCOMP +BLKID +ELFUTILS +KMOD -IDN)
[    8.303858] systemd[1]: Detected architecture arm64.

Welcome to [1mUbuntu 16.04 LTS[0m!

[    8.327073] systemd[1]: Set hostname to <tegra-ubuntu>.
[    8.764959] systemd[1]: Created slice System Slice.
[[0;32m  OK  [0m] Created slice System Slice.
[    8.781744] systemd[1]: Listening on Syslog Socket.
[[0;32m  OK  [0m] Listening on Syslog Socket.
[    8.797685] systemd[1]: Listening on Journal Socket.
[[0;32m  OK  [0m] Listening on Journal Socket.
[    8.815602] systemd[1]: Mounting Huge Pages File System...
         Mounting Huge Pages File System...
[    8.833972] systemd[1]: Started Forward Password Requests to Wall Directory Watch.
[[0;32m  OK  [0m] Started Forward Password Requests to Wall Directory Watch.
[    8.857947] systemd[1]: Listening on Journal Audit Socket.
[[0;32m  OK  [0m] Listening on Journal Audit Socket.
[    8.882816] systemd[1]: Created slice system-getty.slice.
[[0;32m  OK  [0m] Created slice system-getty.slice.
         Starting Remount Root and Kernel File Systems...
[[0;32m  OK  [0m] Created slice system-serial\x2dgetty.slice.
         Starting Load Kernel Modules...
         Mounting RPC Pipe File System...
[[0;32m  OK  [0m] Created slice User and Session Slice.
         Mounting Debug File System...
[[0;32m  OK  [0m] Listening on Journal Socket (/dev/log).
         Starting Journal Service...
[[0;32m  OK  [0m] Reached target Slices.
         Mounting POSIX Message Queue File System...
[[0;32m  OK  [0m] Listening on udev Kernel Socket.
[[0;32m  OK  [0m] Listening on udev Control Socket.
[[0;32m  OK  [0m] Reached target Encrypted Volumes.
         Starting Create Static Device Nodes in /dev...
[[0;32m  OK  [0m] Listening on /dev/initctl Compatibility Named Pipe.
[[0;32m  OK  [0m] Started Dispatch Password Requests to Console Directory Watch.
[[0;32m  OK  [0m] Reached target Paths.
[[0;32m  OK  [0m] Reached target Swap.
[[0;32m  OK  [0m] Mounted Huge Pages File System.
[[0;32m  OK  [0m] Mounted Debug File System.
[[0;32m  OK  [0m] Mounted POSIX Message Queue File System.
[[0;32m  OK  [0m] Mounted RPC Pipe File System.
[[0;32m  OK  [0m] Started Journal Service.
[[0;32m  OK  [0m] Started Remount Root and Kernel File Systems.
[[0;32m  OK  [0m] Started Load Kernel Modules.
[[0;32m  OK  [0m] Started Create Static Device Nodes in /dev.
         Starting udev Kernel Device Manager...
         Mounting Configuration File System...
         Starting Apply Kernel Variables...
         Starting udev Coldplug all Devices...
[[0;32m  OK  [0m] Reached target Local File Systems (Pre).
[[0;32m  OK  [0m] Reached target Local File Systems.
         Starting Set console keymap...
         Starting Preprocess NFS configuration...
         Starting Load/Save Random Seed...
         Starting Flush Journal to Persistent Storage...
[[0;32m  OK  [0m] Mounted Configuration File System.
[[0;32m  OK  [0m] Started udev Kernel Device Manager.
[[0;32m  OK  [0m] Started Apply Kernel Variables.
[[0;1;31mFAILED[0m] Failed to start Set console keymap.
See 'systemctl status console-setup.service' for details.
[[0;32m  OK  [0m] Started Preprocess NFS configuration.
[[0;32m  OK  [0m] Started Load/Save Random Seed.
[    9.578978] systemd-journald[1491]: Received request to flush runtime journal from PID 1
[[0;32m  OK  [0m] Reached target NFS client services.
[[0;32m  OK  [0m] Reached target Remote File Systems (Pre).
[[0;32m  OK  [0m] Reached target Remote File Systems.
         Starting Raise network interfaces...
[[0;32m  OK  [0m] Started Flush Journal to Persistent Storage.
[[0;32m  OK  [0m] Started udev Coldplug all Devices.
[[0;32m  OK  [0m] Found device /dev/ttyS0.
[[0;32m  OK  [0m] Started Raise network interfaces.
[[0;32m  OK  [0m] Reached target Network.
[[0;32m  OK  [0m] Reached target Network is Online.
         Starting Create Volatile Files and Directories...
[[0;32m  OK  [0m] Started Create Volatile Files and Directories.
[[0;32m  OK  [0m] Reached target System Time Synchronized.
         Starting Update UTMP about System Boot/Shutdown...
[[0;32m  OK  [0m] Started Update UTMP about System Boot/Shutdown.
[[0;32m  OK  [0m] Reached target System Initialization.
[[0;32m  OK  [0m] Started Daily apt activities.
[[0;32m  OK  [0m] Started Daily Cleanup of Temporary Directories.
[[0;32m  OK  [0m] Reached target Timers.
[[0;32m  OK  [0m] Listening on D-Bus System Message Bus Socket.
[[0;32m  OK  [0m] Listening on RPCbind Server Activation Socket.
[[0;32m  OK  [0m] Reached target Sockets.
[[0;32m  OK  [0m] Reached target Basic System.
         Starting Login Service...
         Starting System Logging Service...
         Starting LSB: Start NTP daemon...
         Starting LSB: Set the CPU Frequency Scaling governor to "ondemand"...
         Starting Permit User Sessions...
[[0;32m  OK  [0m] Started D-Bus System Message Bus.
         Starting /etc/rc.local Compatibility...
[[0;32m  OK  [0m] Started Regular background program processing daemon.
         Starting OpenBSD Secure Shell server...
[[0;32m  OK  [0m] Started System Logging Service.
[[0;32m  OK  [0m] Started Permit User Sessions.
[[0;32m  OK  [0m] Started /etc/rc.local Compatibility.
[[0;32m  OK  [0m] Started Serial Getty on ttyS0.
[[0;32m  OK  [0m] Started Getty on tty1.
[[0;32m  OK  [0m] Reached target Login Prompts.
[[0;32m  OK  [0m] Started LSB: Set the CPU Frequency Scaling governor to "ondemand".
[[0;32m  OK  [0m] Started Login Service.
[   11.287941] ntpd[2568]: undefined instruction: pc=000000007cd80e3e
[   11.294134] Code: d2800004 17ffffa5 97ffd188 d503201f (b9402844) 
[[0;32m  OK  [0m] Started OpenBSD Secure Shell server.
[[0;1;31mFAILED[0m] Failed to start LSB: Start NTP daemon.
See 'systemctl status ntp.service' for details.
[[0;32m  OK  [0m] Reached target Multi-User System.
[[0;32m  OK  [0m] Reached target Graphical Interface.
         Starting Update UTMP about System Runlevel Changes...
[[0;32m  OK  [0m] Started Update UTMP about System Runlevel Changes.

Ubuntu 16.04 LTS tegra-ubuntu ttyS0

tegra-ubuntu login: 