

U-Boot 2011.03 (Jun 11 2013 - 06:07:37)

T114
Board: NVIDIA Dalmore
DRAM:  2 GiB
MMC:   Tegra2 SD/MMC: 0, Tegra2 SD/MMC: 1
In:    serial
Out:   serial
Err:   serial
Net:   Net Initialization Skipped
No ethernet found.
Hit any key to stop autoboot:  2  0 
Dalmore #
Dalmore #usb reset
(Re)start USB...
USB:   Register 10011 NbrPorts 1
USB EHCI 1.10
scanning bus for devices... 2 USB Device(s) found
       scanning bus for storage devices... 0 Storage Device(s) found
       scanning bus for ethernet devices... 1 Ethernet Device(s) found
Dalmore #setenv bootargs 'ignore_loglevel console=ttyS0,115200n8 rw root=/dev/mmcblk0p1 rootwait gpt init=/bin/bash'
Dalmore #setenv ipaddr 192.168.100.100; setenv serverip 192.168.100.1; setenv tftpserverip 192.168.100.1
Dalmore #tftpboot 0x81000000 zImage.tegra_defconfig
Waiting for Ethernet connection... done.
Using asx0 device
TFTP from server 192.168.100.1; our IP address is 192.168.100.100
Filename 'zImage.tegra_defconfig'.
Load address: 0x81000000
Loading: *#################################################  2.7 MiB/s
done
Bytes transferred = 4140232 (3f2cc8 hex)
Dalmore #tftpboot 0x82000000 tegra114-dalmore.dtb
Using asx0 device
TFTP from server 192.168.100.1; our IP address is 192.168.100.100
Filename 'tegra114-dalmore.dtb'.
Load address: 0x82000000
Loading: *#################################################  2.3 MiB/s
done
Bytes transferred = 29436 (72fc hex)
Dalmore #bootz 0x81000000 - 0x82000000
## Flattened Device Tree blob at 82000000
   Booting using the fdt blob at 0x82000000
   Loading Device Tree to 81ff5000, end 81fff2fb ... OK

Starting kernel ...

Timer summary in microseconds:
       Mark    Elapsed  Stage
          0          0  awake
  2,129,545  2,129,545  usb_start
  6,132,589  4,003,044  eth_start
  6,132,586         -3  tftp start
 10,058,918  3,926,332  tftp done
 12,144,655  2,085,737  start_kernel
Uncompressing Linux... done, booting the kernel.
[    0.000000] Booting Linux on physical CPU 0x0
[    0.000000] Initializing cgroup subsys cpu
[    0.000000] Initializing cgroup subsys cpuacct
[    0.000000] Linux version 3.13.0-rc8-37576-g7e22e91 (pwalmsley@tamien) (gcc version 4.6.3 (Ubuntu/Linaro 4.6.3-1ubuntu5) ) #1 SMP PREEMPT Sun Jan 12 02:34:18 PST 2014
[    0.000000] CPU: ARMv7 Processor [412fc0f2] revision 2 (ARMv7), cr=10c5387d
[    0.000000] CPU: PIPT / VIPT nonaliasing data cache, PIPT instruction cache
[    0.000000] Machine model: NVIDIA Tegra114 Dalmore evaluation board
[    0.000000] debug: ignoring loglevel setting.
[    0.000000] cma: CMA: reserved 16 MiB at ae800000
[    0.000000] Memory policy: Data cache writealloc
[    0.000000] On node 0 totalpages: 524032
[    0.000000] free_area_init_node: node 0, pgdat c07e72c0, node_mem_map c0840000
[    0.000000]   Normal zone: 1520 pages used for memmap
[    0.000000]   Normal zone: 0 pages reserved
[    0.000000]   Normal zone: 194560 pages, LIFO batch:31
[    0.000000]   HighMem zone: 2574 pages used for memmap
[    0.000000]   HighMem zone: 329472 pages, LIFO batch:31
[    0.000000] Tegra Revision: A01 SKU: 0 CPU Process: 1 Core Process: 1
[    0.000000] PERCPU: Embedded 8 pages/cpu @c1858000 s9088 r8192 d15488 u32768
[    0.000000] pcpu-alloc: s9088 r8192 d15488 u32768 alloc=8*4096
[    0.000000] pcpu-alloc: [0] 0 [0] 1 [0] 2 [0] 3 
[    0.000000] Built 1 zonelists in Zone order, mobility grouping on.  Total pages: 522512
[    0.000000] Kernel command line: ignore_loglevel console=ttyS0,115200n8 rw root=/dev/mmcblk0p1 rootwait gpt init=/bin/bash
[    0.000000] PID hash table entries: 4096 (order: 2, 16384 bytes)
[    0.000000] Dentry cache hash table entries: 131072 (order: 7, 524288 bytes)
[    0.000000] Inode-cache hash table entries: 65536 (order: 6, 262144 bytes)
[    0.000000] Memory: 2053808K/2096128K available (5662K kernel code, 306K rwdata, 1844K rodata, 244K init, 347K bss, 42320K reserved, 1317888K highmem)
[    0.000000] Virtual kernel memory layout:
[    0.000000]     vector  : 0xffff0000 - 0xffff1000   (   4 kB)
[    0.000000]     fixmap  : 0xfff00000 - 0xfffe0000   ( 896 kB)
[    0.000000]     vmalloc : 0xf0000000 - 0xff000000   ( 240 MB)
[    0.000000]     lowmem  : 0xc0000000 - 0xef800000   ( 760 MB)
[    0.000000]     pkmap   : 0xbfe00000 - 0xc0000000   (   2 MB)
[    0.000000]     modules : 0xbf000000 - 0xbfe00000   (  14 MB)
[    0.000000]       .text : 0xc0008000 - 0xc075ce38   (7508 kB)
[    0.000000]       .init : 0xc075d000 - 0xc079a380   ( 245 kB)
[    0.000000]       .data : 0xc079c000 - 0xc07e8a20   ( 307 kB)
[    0.000000]        .bss : 0xc07e8a2c - 0xc083f770   ( 348 kB)
[    0.000000] Preemptible hierarchical RCU implementation.
[    0.000000] NR_IRQS:16 nr_irqs:16 16
[    0.000000] sched_clock: 32 bits at 1000kHz, resolution 1000ns, wraps every 2147483648000ns
[    0.000000] Architected cp15 timer(s) running at 12.00MHz (virt).
[    0.000000] sched_clock: 56 bits at 12MHz, resolution 83ns, wraps every 2863311536128ns
[    0.000000] Switching to timer-based delay loop
[    0.000000] Console: colour dummy device 80x30
[    0.000491] Calibrating delay loop (skipped), value calculated using timer frequency.. 24.00 BogoMIPS (lpj=120000)
[    0.000506] pid_max: default: 32768 minimum: 301
[    0.000950] Mount-cache hash table entries: 512
[    0.019796] Initializing cgroup subsys debug
[    0.019816] Initializing cgroup subsys freezer
[    0.019904] CPU: Testing write buffer coherency: ok
[    0.020237] /cpus/cpu@0 missing clock-frequency property
[    0.020260] /cpus/cpu@1 missing clock-frequency property
[    0.020282] /cpus/cpu@2 missing clock-frequency property
[    0.020305] /cpus/cpu@3 missing clock-frequency property
[    0.020318] CPU0: thread -1, cpu 0, socket 0, mpidr 80000000
[    0.020345] Setting up static identity map for 0x8055ee98 - 0x8055ef30
[    0.080771] CPU1: Booted secondary processor
[    0.080801] CPU1: thread -1, cpu 1, socket 0, mpidr 80000001
[    0.100779] CPU2: Booted secondary processor
[    0.100805] CPU2: thread -1, cpu 2, socket 0, mpidr 80000002
[    0.120800] CPU3: Booted secondary processor
[    0.120824] CPU3: thread -1, cpu 3, socket 0, mpidr 80000003
[    0.121001] Brought up 4 CPUs
[    0.121028] SMP: Total of 4 processors activated.
[    0.121036] CPU: All CPU(s) started in SVC mode.
[    0.122065] devtmpfs: initialized
[    0.135382] VFP support v0.3: implementor 41 architecture 4 part 30 variant f rev 0
[    0.135804] pinctrl core: initialized pinctrl subsystem
[    0.136335] regulator-dummy: no parameters
[    0.137142] NET: Registered protocol family 16
[    0.138471] DMA: preallocated 256 KiB pool for atomic coherent allocations
[    0.139243] cpuidle: using governor ladder
[    0.139254] cpuidle: using governor menu
[    0.150813] No ATAGs?
[    0.150844] hw-breakpoint: found 5 (+1 reserved) breakpoint and 4 watchpoint registers.
[    0.150856] hw-breakpoint: maximum watchpoint size is 8 bytes.
[    0.162026] bio: create slab <bio-0> at 0
[    0.163503] vdd_ac_bat: 5000 mV 
[    0.163831] dvdd_ts: Failed to request enable GPIO61: -517
[    0.163992] reg-fixed-voltage 1.regulator: Failed to register regulator: -517
[    0.164018] platform 1.regulator: Driver reg-fixed-voltage requests probe deferral
[    0.164220] lcd_bl_en: Failed to request enable GPIO58: -517
[    0.164366] reg-fixed-voltage 2.regulator: Failed to register regulator: -517
[    0.164390] platform 2.regulator: Driver reg-fixed-voltage requests probe deferral
[    0.164591] usb1_vbus: Failed to request enable GPIO108: -517
[    0.164736] reg-fixed-voltage 3.regulator: Failed to register regulator: -517
[    0.164758] platform 3.regulator: Driver reg-fixed-voltage requests probe deferral
[    0.164958] usb2_vbus: Failed to request enable GPIO86: -517
[    0.165102] reg-fixed-voltage 4.regulator: Failed to register regulator: -517
[    0.165125] platform 4.regulator: Driver reg-fixed-voltage requests probe deferral
[    0.165323] vdd_hdmi_5v0: Failed to request enable GPIO81: -517
[    0.165467] reg-fixed-voltage 5.regulator: Failed to register regulator: -517
[    0.165489] platform 5.regulator: Driver reg-fixed-voltage requests probe deferral
[    0.165570] platform 6.regulator: Driver reg-fixed-voltage requests probe deferral
[    0.166587] vgaarb: loaded
[    0.167668] SCSI subsystem initialized
[    0.168040] usbcore: registered new interface driver usbfs
[    0.168149] usbcore: registered new interface driver hub
[    0.168302] usbcore: registered new device driver usb
[    0.172592] vdd-cpu: 500 <--> 1520 mV at 1100 mV 
[    0.173228] tps65090 1-0048: No cache defaults, reading back from HW
[    0.179632] vdd-sys-5v0: no parameters
[    0.179683] vdd-sys-5v0: supplied by vdd_ac_bat
[    0.181135] vdd-sys-3v3: no parameters
[    0.181173] vdd-sys-3v3: supplied by vdd_ac_bat
[    0.182599] vdd-ao: no parameters
[    0.182637] vdd-ao: supplied by vdd_ac_bat
[    0.182901] vdd-lcd-bl: no parameters
[    0.182938] vdd-lcd-bl: supplied by vdd_ac_bat
[    0.183194] TPS65090_RAILSFET2: no parameters
[    0.183230] TPS65090_RAILSFET2: supplied by vdd_ac_bat
[    0.183476] vdd-modem-3v3: no parameters
[    0.183510] vdd-modem-3v3: supplied by vdd-sys-3v3
[    0.183763] avdd-lcd: no parameters
[    0.183797] avdd-lcd: supplied by vdd-sys-3v3
[    0.184043] vdd-lvds: no parameters
[    0.184076] vdd-lvds: supplied by vdd-sys-3v3
[    0.184341] vdd-sd-slot: no parameters
[    0.184375] vdd-sd-slot: supplied by vdd-sys-3v3
[    0.184628] vdd-com-3v3: no parameters
[    0.184662] vdd-com-3v3: supplied by vdd-sys-3v3
[    0.184917] vdd-sby-5v0: no parameters
[    0.184951] vdd-sby-5v0: supplied by vdd_ac_bat
[    0.185197] vdd-sby-3v3: no parameters
[    0.185230] vdd-sby-3v3: supplied by vdd_ac_bat
[    0.185600] genirq: Setting trigger mode 8 for irq 118 failed (gic_set_type+0x0/0xf0)
[    0.186031] palmas 1-0058: Irq flag is 0x00000000
[    0.200367] palmas 1-0058: Muxing GPIO ff, PWM 0, LED 0
[    0.209366] vddio-ddr: 1350 mV 
[    0.210216] vddio-ddr: supplied by vdd-ao
[    0.217207] vddio-1v8: 1800 mV 
[    0.218052] vddio-1v8: supplied by vdd-ao
[    0.225036] vdd-core: 900 <--> 1400 mV at 1100 mV 
[    0.225882] vdd-core: supplied by vdd-sys-3v3
[    0.230086] SMPS6: no parameters
[    0.237857] avdd-pll: 1050 mV 
[    0.238703] avdd-pll: supplied by vdd-sys-3v3
[    0.247044] sdhci-vdd-sd-slot: 2800 mV 
[    0.247890] sdhci-vdd-sd-slot: supplied by vdd-sys-3v3
[    0.249729] SMPS10_OUT2: at 5000 mV 
[    0.251574] SMPS10_OUT1: at 5000 mV 
[    0.254213] avdd-cam1: 2800 mV 
[    0.255058] avdd-cam1: supplied by vdd-sys-3v3
[    0.259080] avdd-cam2: 2800 mV 
[    0.259922] avdd-cam2: supplied by vdd-sys-3v3
[    0.264716] avdd-dsi-csi: 1200 mV 
[    0.265558] avdd-dsi-csi: supplied by vddio-1v8
[    0.270376] vpp-fuse: 1800 mV 
[    0.271219] vpp-fuse: supplied by vdd-sys-3v3
[    0.274441] LDO5: at 1200 mV 
[    0.275287] LDO5: supplied by vdd_ac_bat
[    0.277923] vdd-sensor-2v85: 2850 mV 
[    0.278766] vdd-sensor-2v85: supplied by vdd-sys-3v3
[    0.282812] vdd-af-cam1: 2800 mV 
[    0.283654] vdd-af-cam1: supplied by vdd-sys-3v3
[    0.291802] vdd-rtc: 900 mV 
[    0.292646] vdd-rtc: supplied by vdd-ao
[    0.296668] vddio-sdmmc-2: 1800 <--> 3300 mV at 3300 mV 
[    0.297511] vddio-sdmmc-2: supplied by sdhci-vdd-sd-slot
[    0.302321] hvdd-usb: 3300 mV 
[    0.303166] hvdd-usb: supplied by vdd-sys-5v0
[    0.307965] avdd-usb: 3300 mV 
[    0.308808] avdd-usb: supplied by vdd-sys-5v0
[    0.312113] rail-3v3: no parameters
[    0.314503] rail-5v0: no parameters
[    0.316106] REGEN3: no parameters
[    0.316301] SYSEN1: no parameters
[    0.316492] SYSEN2: no parameters
[    0.317123] Linux video capture interface: v2.00
[    0.317836] platform 70019010.iommu: Driver tegra-smmu requests probe deferral
[    0.318148] Advanced Linux Sound Architecture Driver Initialized.
[    0.318875] Bluetooth: Core ver 2.17
[    0.318947] NET: Registered protocol family 31
[    0.318956] Bluetooth: HCI device and connection manager initialized
[    0.318981] Bluetooth: HCI socket layer initialized
[    0.319003] Bluetooth: L2CAP socket layer initialized
[    0.319041] Bluetooth: SCO socket layer initialized
[    0.319632] cfg80211: Calling CRDA to update world regulatory domain
[    0.320665] Switched to clocksource arch_sys_counter
[    0.334711] NET: Registered protocol family 2
[    0.335645] TCP established hash table entries: 8192 (order: 3, 32768 bytes)
[    0.335748] TCP bind hash table entries: 8192 (order: 4, 65536 bytes)
[    0.335936] TCP: Hash tables configured (established 8192 bind 8192)
[    0.336391] TCP: reno registered
[    0.336409] UDP hash table entries: 512 (order: 2, 16384 bytes)
[    0.336452] UDP-Lite hash table entries: 512 (order: 2, 16384 bytes)
[    0.336884] NET: Registered protocol family 1
[    0.337625] RPC: Registered named UNIX socket transport module.
[    0.337637] RPC: Registered udp transport module.
[    0.337645] RPC: Registered tcp transport module.
[    0.337653] RPC: Registered tcp NFSv4.1 backchannel transport module.
[    0.337665] PCI: CLS 0 bytes, default 64
[    0.342108] bounce pool size: 64 pages
[    0.343868] squashfs: version 4.0 (2009/01/31) Phillip Lougher
[    0.344682] msgmni has been set to 1469
[    0.346460] io scheduler noop registered (default)
[    0.370154] tegra-apbdma 6000a000.dma: Tegra20 APB DMA driver register 32 channels
[    0.370731] Serial: 8250/16550 driver, 4 ports, IRQ sharing disabled
[    0.372855] 70006300.serial: ttyS0 at MMIO 0x70006300 (irq = 122, base_baud = 25500000) is a Tegra
[    1.400579] console [ttyS0] enabled
[    1.404896] [drm] Initialized drm 1.1.0 20060810
[    1.415760] loop: module loaded
[    1.421831] m25p80 spi32766.0: w25q32dw (4096 Kbytes)
[    1.428711] pegasus: v0.9.3 (2013/04/25), Pegasus/Pegasus II USB Ethernet driver
[    1.436202] usbcore: registered new interface driver pegasus
[    1.441964] usbcore: registered new interface driver asix
[    1.447422] usbcore: registered new interface driver ax88179_178a
[    1.453589] usbcore: registered new interface driver cdc_ether
[    1.459487] usbcore: registered new interface driver r815x
[    1.465069] usbcore: registered new interface driver smsc75xx
[    1.470916] usbcore: registered new interface driver smsc95xx
[    1.476716] usbcore: registered new interface driver net1080
[    1.482456] usbcore: registered new interface driver cdc_subset
[    1.488430] usbcore: registered new interface driver zaurus
[    1.494121] usbcore: registered new interface driver cdc_ncm
[    1.499810] ehci_hcd: USB 2.0 'Enhanced' Host Controller (EHCI) Driver
[    1.506342] ehci-pci: EHCI PCI platform driver
[    1.510859] tegra-ehci: Tegra EHCI driver
[    1.515069] platform 7d008000.usb: Driver tegra-ehci requests probe deferral
[    1.522399] usbcore: registered new interface driver cdc_acm
[    1.528047] cdc_acm: USB Abstract Control Model driver for USB modems and ISDN adapters
[    1.536121] usbcore: registered new interface driver cdc_wdm
[    1.541895] usbcore: registered new interface driver usb-storage
[    1.548130] platform 7d008000.usb-phy: Driver tegra-phy requests probe deferral
[    1.556095] mousedev: PS/2 mouse device common for all mice
[    1.573740] palmas-rtc rtc.7: rtc core: registered rtc.7 as rtc0
[    1.584150] tegra_rtc 7000e000.rtc: rtc core: registered 7000e000.rtc as rtc1
[    1.591335] tegra_rtc 7000e000.rtc: Tegra internal Real Time Clock
[    1.598915] sbs-battery 0-000b: sbs_probe: Failed to get device status
[    1.605466] sbs-battery: probe of 0-000b failed with error -121
[    1.629699] sdhci: Secure Digital Host Controller Interface driver
[    1.635899] sdhci: Copyright(c) Pierre Ossman
[    1.640260] sdhci-pltfm: SDHCI platform and OF driver helper
[    1.646385] sdhci-tegra 78000400.sdhci: Got CD GPIO #170.
[    1.652890] sdhci-tegra 78000400.sdhci: dummy supplies not allowed
[    1.659071] mmc0: no vqmmc regulator found
[    1.663196] sdhci-tegra 78000400.sdhci: dummy supplies not allowed
[    1.669377] mmc0: no vmmc regulator found
[    1.673405] mmc0: Invalid maximum block size, assuming 512 bytes
[    1.720701] mmc0: SDHCI controller on 78000400.sdhci [78000400.sdhci] using ADMA
[    1.730326] sdhci-tegra 78000600.sdhci: dummy supplies not allowed
[    1.736527] mmc1: no vqmmc regulator found
[    1.740639] sdhci-tegra 78000600.sdhci: dummy supplies not allowed
[    1.746834] mmc1: no vmmc regulator found
[    1.750863] mmc1: Invalid maximum block size, assuming 512 bytes
[    1.800732] mmc1: SDHCI controller on 78000600.sdhci [78000600.sdhci] using ADMA
[    1.810894] usbcore: registered new interface driver usbhid
[    1.820598] usbhid: USB HID core driver
[    1.933030] mmc1: BKOPS_EN bit is not set
[    1.963659] mmc1: new HS200 MMC card at address 0001
[    1.969139] isa bounce pool size: 16 pages
[    1.973441] mmcblk0: mmc1:0001 SEM32G 29.1 GiB 
[    1.978342] mmcblk0boot0: mmc1:0001 SEM32G partition 1 4.00 MiB
[    1.984632] mmcblk0boot1: mmc1:0001 SEM32G partition 2 4.00 MiB
[    1.990876] mmcblk0rpmb: mmc1:0001 SEM32G partition 3 4.00 MiB
[    1.999348] Primary GPT is invalid, using alternate GPT.
[    2.004796]  mmcblk0: p1 p2 p3 p4 p5
[    2.011984]  mmcblk0boot1: unknown partition table
[    2.018534]  mmcblk0boot0: unknown partition table
[    2.288191] tegra-snd-rt5640 sound.4: rt5640-aif1 <-> 70080400.i2s mapping ok
[    2.300784] input: NVIDIA Tegra Dalmore Headphones as /devices/soc0/sound.4/sound/card0/input0
[    2.311228] TCP: cubic registered
[    2.314877] NET: Registered protocol family 10
[    2.320925] mip6: Mobile IPv6
[    2.323921] sit: IPv6 over IPv4 tunneling driver
[    2.330509] NET: Registered protocol family 17
[    2.335040] NET: Registered protocol family 15
[    2.339663] Bluetooth: RFCOMM socket layer initialized
[    2.344860] Bluetooth: RFCOMM ver 1.11
[    2.348682] Bluetooth: BNEP (Ethernet Emulation) ver 1.3
[    2.354044] Bluetooth: BNEP socket layer initialized
[    2.359026] Bluetooth: HIDP (Human Interface Emulation) ver 1.2
[    2.364998] Bluetooth: HIDP socket layer initialized
[    2.370700] Registering SWP/SWPB emulation handler
[    2.380583] hvdd-usb: disabling
[    2.386787] vdd-af-cam1: disabling
[    2.393232] LDO5: disabling
[    2.399067] vpp-fuse: disabling
[    2.405392] avdd-cam2: disabling
[    2.411172] avdd-cam1: disabling
[    2.419064] vdd-com-3v3: disabling
[    2.423120] vdd-lvds: disabling
[    2.426868] avdd-lcd: disabling
[    2.430691] vdd-lcd-bl: disabling
[    2.435977] dvdd_ts: 1800 mV 
[    2.439707] lcd_bl_en: 5000 mV 
[    2.443641] usb1_vbus: 5000 mV 
[    2.446984] usb1_vbus: supplied by vdd-sys-5v0
[    2.452190] usb2_vbus: 5000 mV 
[    2.455473] usb2_vbus: supplied by vdd-sys-5v0
[    2.460571] vdd_hdmi_5v0: 5000 mV 
[    2.464166] vdd_hdmi_5v0: supplied by vdd-sys-5v0
[    2.472432] vdd_cam_1v8_reg: 1800 mV 
[    2.476964] platform 7d008000.usb: Driver tegra-ehci requests probe deferral
[    2.485341] tegra-ehci 7d008000.usb: EHCI Host Controller
[    2.490923] tegra-ehci 7d008000.usb: new USB bus registered, assigned bus number 1
[    2.499713] tegra-ehci 7d008000.usb: irq 129, io mem 0x7d008000
[    2.520826] tegra-ehci 7d008000.usb: USB 2.0 started, EHCI 1.10
[    2.528272] hub 1-0:1.0: USB hub found
[    2.532301] hub 1-0:1.0: 1 port detected
[    2.538106] input: gpio-keys.2 as /devices/soc0/gpio-keys.2/input/input1
[    2.550590] palmas-rtc rtc.7: setting system clock to 2000-04-07 13:01:52 UTC (955112512)
[    2.573817] ALSA device list:
[    2.576855]   #0: NVIDIA Tegra Dalmore
[    2.593198] kjournald starting.  Commit interval 5 seconds
[    2.598762] EXT3-fs (mmcblk0p1): using internal journal
[    2.604245] EXT3-fs (mmcblk0p1): recovery complete
[    2.609057] EXT3-fs (mmcblk0p1): mounted filesystem with writeback data mode
[    2.616238] VFS: Mounted root (ext3 filesystem) on device 179:1.
[    2.624256] devtmpfs: mounted
[    2.627586] Freeing unused kernel memory: 244K (c075d000 - c079a000)
bash: cannot set terminal process group (-1): Inappropriate ioctl for device
bash: no job control in this shell
I have no name!@(none):/# [    2.850878] usb 1-1: new high-speed USB device number 2 using tegra-ehci
