[0000.782] [TegraBoot] (version 23.00.2015.14-mobile-1ef66670)
[0000.787] Processing in cold boot mode Bootloader 2
[0000.792] A01Q Bootrom Patch rev = 3
[0000.795] Power-up reason: on button
[0000.798] No Battery Present
[0000.801] Platform has Ddr4 type ram
[0000.805] max77620 disabling SD1 Remote Sense
[0000.809] Setting Ddr voltage to 1125mv
[0000.813] Serial Number of Pmic Max77663: 0x40daf
[0000.821] Entering ramdump check
[0000.824] Get RamDumpCarveOut = 0x0
[0000.827] RamDumpCarveOut=0x0,  RamDumperFlag=0xe59ff3f8
[0000.832] Last reboot was clean, booting normally!
[0000.837] Sdram initialization is successful 
[0000.841] SecureOs Carveout Base=0xff800000 Size=0x00800000
[0000.846] GSC1 Carveout Base=0xff700000 Size=0x00100000
[0000.872] GSC2 Carveout Base=0xff600000 Size=0x00100000
[0000.898] GSC3 Carveout Base=0xff500000 Size=0x00100000
[0000.903] GSC4 Carveout Base=0xff400000 Size=0x00100000
[0000.908] GSC5 Carveout Base=0xff300000 Size=0x00100000
[0000.914] BpmpFw Carveout Base=0xff2c0000 Size=0x00040000
[0000.919] Lp0 Carveout Base=0xff2bf000 Size=0x00001000
[0000.934] RamDump Carveout Base=0xff23f000 Size=0x00080000
[0000.940] Platform-DebugCarveout: 0
[0000.943] Nck Carveout Base=0xff03f000 Size=0x00200000
[0000.992] Using GPT Primary to query partitions 
[0000.998] Loading Tboot-CPU binary
[0001.046] Verifying bootloader in OdmNonSecureSBK mode
[0001.056] Bootloader load address is 0xa0000000,                            entry address is 0xa0000258
[0001.065] Bootloader downloaded successfully.
[0001.070] Downloaded Tboot-CPU binary to 0xa0000258
[0001.075] MAX77620_GPIO1 Configured.
[0001.079] MAX77620_GPIO5 Configured.
[0001.082] CPU power rail is up
[0001.085] CPU clock enabled
[0001.089] Performing RAM repair
[0001.092] Updating A64 Warmreset Address to 0xa00002e9
[0001.111] Bootloader DTB Load Address: 0x83000000
[0001.128] Kernel DTB Load Address: 0x83080000
[0001.133] Loading cboot binary
[0001.227] Verifying bootloader in OdmNonSecureSBK mode
[0001.315] Bootloader load address is 0x8010fda8,                            entry address is 0x80110000
[0001.324] Bootloader downloaded successfully.
[0001.328] GPT: Partition NOT found ! 
[0001.332] Find Partition via GPT Failed
[0001.335] function NvTbootGetBinaryOffsets: 0x845208 error
[0001.341] Error in NvTbootLoadBinary: 0x845208 !
[0001.345] GPT: Partition NOT found ! 
[0001.348] No FB partition
[0001.351] Next binary entry address: 0x80110000 
[0001.355] BoardId: 2595
[0001.360] dram memory type is 3
[0001.366] WB0 init successful
[0001.393] Bpmp FW successfully loaded
[0001.396] Set NvDecSticky Bits
[0001.399] GSC1 address : ff700000
[0001.403] GSC2 address : ff600000
[0001.407] GSC3 address : ff500000
[0001.411] GSC4 address : ff400000
[0001.414] GSC5 address : ff300000
[0001.417] GSC MC Settings done
[0001.423] TOS old plaintext Image length 61440
[0001.429] *** Secure OS image signature not verified ***
[0001.434] Loading and Validation of Secure OS Successful
[0001.439] NvTbootPackSdramParams: start. 
[0001.444] NvTbootPackSdramParams: done. 
[0001.448] Tegraboot started after 775425 us
[0001.452] Basic modules init took 348212 us
[0001.456] Sec Bootdevice Read Time = 202 ms, Read Size = 8459 KB
[0001.462] Next stage binary read took 14365 us
[0001.466] Carveout took 252747 us
[0001.469] CPU initialization took 92336 us
[0001.473] Total time taken by TegraBoot 707660 us

[0001.478] Starting CPU & Halting co-processor 

64b[0001.613] LPDDR4 Training: Number of tables = 10
[0001.617] EMC Training (SRC-freq: 204000; DST-freq: 408000)
[0001.623] EMC Training Successful
[0001.627] EMC Training (SRC-freq: 204000; DST-freq: 665600)
[0001.632] EMC Training Successful
[0001.635] EMC Training (SRC-freq: 204000; DST-freq: 800000)
[0001.647] EMC Training Successful
[0001.650] EMC Training (SRC-freq: 204000; DST-freq: 1065600)
[0001.673] EMC Training Successful
[0001.676] EMC Training (SRC-freq: 204000; DST-freq: 1331200)
[0001.697] EMC Training Successful
[0001.700] EMC Training (SRC-freq: 204000; DST-freq: 1600000)
[0001.720] EMC Training Successful
[0001.723] Switching to 800000 KHz Success
[0001.756] LPDDR4 Training: Number of tables = 10


U-Boot 2015.07-rc2-g2ac3917 (Nov 09 2015 - 13:12:08 -0800)

TEGRA210
Model: NVIDIA P2371-0000
DRAM:  3 GiB
MC:   Tegra SD/MMC: 0, Tegra SD/MMC: 1
*** Warning - bad CRC, using default environment

In:    serial
Out:   serial
Err:   serial
Net:   Net Initialization Skipped
No ethernet found.
Hit any key to stop autoboot:  2  0 
Tegra210 (P2371-0000) # 
Tegra210 (P2371-0000) # ums 0 mmc 0
UMS: disk start sector: 0x0, count: 0x1d5a000
|/-\|/-\/-\|/-\/-\|/-\/-\|/-\/-\|/-\/-\|/-\/-\|/-\/-\|/-\/-\CTRL+C - Operation aborted
Tegra210 (P2371-0000) # 
Tegra210 (P2371-0000) # env set fdt_copy_node_names /cpus:/psci
Tegra210 (P2371-0000) # setenv rootpart 1
Tegra210 (P2371-0000) # setenv devtype mmc
Tegra210 (P2371-0000) # setenv devnum 0
Tegra210 (P2371-0000) # part uuid ${devtype} ${devnum}:${rootpart} uuid
Tegra210 (P2371-0000) # setenv bootargs ignore_loglevel console=ttyS0,115200n8 earlycon=uart8250,mmio32,0x70006000 rw root=/dev/mmcblk0p1 rootwait debug earlyprintk init=/bin/bash
Tegra210 (P2371-0000) # load ${devtype} ${devnum}:${rootpart} ${kernel_addr_r} /boot/Image.defconfig
10215424 bytes read in 686 ms (14.2 MiB/s)
Tegra210 (P2371-0000) # load ${devtype} ${devnum}:${rootpart} ${fdt_addr_r} /boot/tegra210-p2371-0000.dtb
37136 bytes read in 460 ms (78.1 KiB/s)
Tegra210 (P2371-0000) # load ${devtype} ${devnum}:${rootpart} ${ramdisk_addr_r} /boot/tegra-ramdisk.img
1627787 bytes read in 494 ms (3.1 MiB/s)
Tegra210 (P2371-0000) # ramdisk_size=${filesize}
Tegra210 (P2371-0000) # booti ${kernel_addr_r} - ${fdt_addr_r}
## Flattened Device Tree blob at 82000000
   Booting using the fdt blob at 0x82000000
   Using Device Tree in place at 0000000082000000, end 000000008200c10f

Starting kernel ...

[    0.000000] Booting Linux on physical CPU 0x0
[    0.000000] Linux version 4.5.0-rc1+ (pwalmsley@tamien) (gcc version 4.9.2 20140904 (prerelease) (crosstool-NG linaro-1.13.1-4.9-2014.09 - Linaro GCC 4.9-2014.09) ) #1 SMP PREEMPT Thu Jan 28 03:34:51 PST 2016
[    0.000000] Boot CPU: AArch64 Processor [411fd071]
[    0.000000] debug: ignoring loglevel setting.
[    0.000000] earlycon: Early serial console at MMIO32 0x70006000 (options '')
[    0.000000] bootconsole [uart0] enabled
[    0.000000] efi: Getting EFI parameters from FDT:
[    0.000000] efi: UEFI not found.
[    0.000000] cma: Reserved 16 MiB at 0x00000000fe000000
[    0.000000] On node 0 totalpages: 782848
[    0.000000]   DMA zone: 8192 pages used for memmap
[    0.000000]   DMA zone: 0 pages reserved
[    0.000000]   DMA zone: 520704 pages, LIFO batch:31
[    0.000000]   Normal zone: 4096 pages used for memmap
[    0.000000]   Normal zone: 262144 pages, LIFO batch:31
[    0.000000] psci: probing for conduit method from DT.
[    0.000000] psci: PSCIv0.2 detected in firmware.
[    0.000000] psci: Using standard PSCI v0.2 function IDs
[    0.000000] psci: MIGRATE_INFO_TYPE not supported.
[    0.000000] PERCPU: Embedded 20 pages/cpu @ffffffc0bff61000 s41216 r8192 d32512 u81920
[    0.000000] pcpu-alloc: s41216 r8192 d32512 u81920 alloc=20*4096
[    0.000000] pcpu-alloc: [0] 0 [0] 1 [0] 2 [0] 3 
[    0.000000] Detected PIPT I-cache on CPU0
[    0.000000] CPU features: enabling workaround for ARM erratum 832075
[    0.000000] CPU features: enabling workaround for ARM erratum 834220
[    0.000000] Built 1 zonelists in Zone order, mobility grouping on.  Total pages: 770560
[    0.000000] Kernel command line: ignore_loglevel console=ttyS0,115200n8 earlycon=uart8250,mmio32,0x70006000 rw root=/dev/mmcblk0p1 rootwait debug earlyprintk init=/bin/bash
[    0.000000] log_buf_len individual max cpu contribution: 4096 bytes
[    0.000000] log_buf_len total cpu_extra contributions: 12288 bytes
[    0.000000] log_buf_len min size: 16384 bytes
[    0.000000] log_buf_len: 32768 bytes
[    0.000000] early log buf free: 14320(87%)
[    0.000000] PID hash table entries: 4096 (order: 3, 32768 bytes)
[    0.000000] Dentry cache hash table entries: 524288 (order: 10, 4194304 bytes)
[    0.000000] Inode-cache hash table entries: 262144 (order: 9, 2097152 bytes)
[    0.000000] software IO TLB [mem 0xfa000000-0xfe000000] (64MB) mapped at [ffffffc07a000000-ffffffc07dffffff]
[    0.000000] Memory: 2982788K/3131392K available (5956K kernel code, 572K rwdata, 2744K rodata, 692K init, 221K bss, 132220K reserved, 16384K cma-reserved)
[    0.000000] Virtual kernel memory layout:
[    0.000000]     vmalloc : 0xffffff8000000000 - 0xffffffbdbfff0000   (   246 GB)
[    0.000000]     vmemmap : 0xffffffbdc0000000 - 0xffffffbfc0000000   (     8 GB maximum)
[    0.000000]               0xffffffbdc2000000 - 0xffffffbdc5000000   (    48 MB actual)
[    0.000000]     fixed   : 0xffffffbffa7fd000 - 0xffffffbffac00000   (  4108 KB)
[    0.000000]     PCI I/O : 0xffffffbffae00000 - 0xffffffbffbe00000   (    16 MB)
[    0.000000]     modules : 0xffffffbffc000000 - 0xffffffc000000000   (    64 MB)
[    0.000000]     memory  : 0xffffffc000000000 - 0xffffffc0c0000000   (  3072 MB)
[    0.000000]       .init : 0xffffffc000902000 - 0xffffffc0009af000   (   692 KB)
[    0.000000]       .text : 0xffffffc000080000 - 0xffffffc000901224   (  8709 KB)
[    0.000000]       .data : 0xffffffc0009af000 - 0xffffffc000a3e000   (   572 KB)
[    0.000000] SLUB: HWalign=64, Order=0-3, MinObjects=0, CPUs=4, Nodes=1
[    0.000000] Preemptible hierarchical RCU implementation.
[    0.000000] 	Build-time adjustment of leaf fanout to 64.
[    0.000000] 	RCU restricting CPUs from NR_CPUS=64 to nr_cpu_ids=4.
[    0.000000] RCU: Adjusting geometry for rcu_fanout_leaf=64, nr_cpu_ids=4
[    0.000000] NR_IRQS:64 nr_irqs:64 0
[    0.000000] GIC: Using split EOI/Deactivate mode
[    0.000000] /interrupt-controller@0,60004000: 192 interrupts forwarded to /interrupt-controller@0,50041000
[    0.000000] PLL_MB already enabled. Postponing set full defaults
[    0.000000] PLL_U already enabled. Postponing set full defaults
[    0.000000] PLL_P already enabled. Postponing set full defaults
[    0.000000] PLL_X already enabled. Postponing set full defaults
[    0.000000] boot misc1 0x0: expected 0x20
[    0.000000]  (comparison mask = 0xffffff)
[    0.000000] Architected cp15 timer(s) running at 19.20MHz (phys).
[    0.000000] clocksource: arch_sys_counter: mask: 0xffffffffffffff max_cycles: 0x46d987e47, max_idle_ns: 440795202767 ns
[    0.000005] sched_clock: 56 bits at 19MHz, resolution 52ns, wraps every 4398046511078ns
[    0.008386] Console: colour dummy device 80x25
[    0.012997] Calibrating delay loop (skipped), value calculated using timer frequency.. 38.40 BogoMIPS (lpj=76800)
[    0.023617] pid_max: default: 32768 minimum: 301
[    0.028458] Security Framework initialized
[    0.032728] Mount-cache hash table entries: 8192 (order: 4, 65536 bytes)
[    0.039662] Mountpoint-cache hash table entries: 8192 (order: 4, 65536 bytes)
[    0.047864] ASID allocator initialised with 65536 entries
[    0.074121] Speedo Revision 4
[    0.077202] Tegra Revision: A01 SKU: 1 CPU Process: -22 SoC Process: -22
[    0.084637] EFI services will not be available.
[    0.105430] Detected PIPT I-cache on CPU1
[    0.105468] CPU1: Booted secondary processor [411fd071]
[    0.117452] Detected PIPT I-cache on CPU2
[    0.117481] CPU2: Booted secondary processor [411fd071]
[    0.129480] Detected PIPT I-cache on CPU3
[    0.129509] CPU3: Booted secondary processor [411fd071]
[    0.129566] Brought up 4 CPUs
[    0.161259] SMP: Total of 4 processors activated.
[    0.166130] CPU: All CPU(s) started at EL2
[    0.170381] alternatives: patching kernel code
[    0.176340] devtmpfs: initialized
[    0.187651] DMI not present or invalid.
[    0.191846] clocksource: jiffies: mask: 0xffffffff max_cycles: 0xffffffff, max_idle_ns: 7645041785100000 ns
[    0.202447] pinctrl core: initialized pinctrl subsystem
[    0.209091] NET: Registered protocol family 16
[    0.225749] cpuidle: using governor menu
[    0.229967] vdso: 2 pages (1 code @ ffffffc0009b5000, 1 data @ ffffffc0009b4000)
[    0.237660] hw-breakpoint: found 6 breakpoint and 4 watchpoint registers.
[    0.245500] DMA: preallocated 256 KiB pool for atomic allocations
[    0.252023] Serial: AMBA PL011 UART driver
[    0.288681] HugeTLB registered 2 MB page size, pre-allocated 0 pages
[    0.296435] vgaarb: loaded
[    0.299448] SCSI subsystem initialized
[    0.303546] libata version 3.00 loaded.
[    0.307790] usbcore: registered new interface driver usbfs
[    0.313530] usbcore: registered new interface driver hub
[    0.319100] usbcore: registered new device driver usb
[    0.324475] pps_core: LinuxPPS API ver. 1 registered
[    0.329623] pps_core: Software ver. 5.3.6 - Copyright 2005-2007 Rodolfo Giometti <giometti@linux.it>
[    0.339114] PTP clock support registered
[    0.343331] dmi: Firmware registration failed.
[    0.348107] Advanced Linux Sound Architecture Driver Initialized.
[    0.355024] clocksource: Switched to clocksource arch_sys_counter
[    0.361447] VFS: Disk quotas dquot_6.6.0
[    0.365556] VFS: Dquot-cache hash table entries: 512 (order 0, 4096 bytes)
[    0.380136] NET: Registered protocol family 2
[    0.385118] TCP established hash table entries: 32768 (order: 6, 262144 bytes)
[    0.392816] TCP bind hash table entries: 32768 (order: 7, 524288 bytes)
[    0.399947] TCP: Hash tables configured (established 32768 bind 32768)
[    0.406800] UDP hash table entries: 2048 (order: 4, 65536 bytes)
[    0.413109] UDP-Lite hash table entries: 2048 (order: 4, 65536 bytes)
[    0.419978] NET: Registered protocol family 1
[    0.424766] RPC: Registered named UNIX socket transport module.
[    0.430917] RPC: Registered udp transport module.
[    0.435833] RPC: Registered tcp transport module.
[    0.440711] RPC: Registered tcp NFSv4.1 backchannel transport module.
[    0.447411] PCI: CLS 0 bytes, default 128
[    0.452570] kvm [1]: interrupt-controller@50044000 IRQ9
[    0.458405] kvm [1]: timer IRQ3
[    0.461683] kvm [1]: 8-bit VMID
[    0.464940] kvm [1]: Hyp mode initialized successfully
[    0.472813] futex hash table entries: 1024 (order: 5, 131072 bytes)
[    0.479421] audit: initializing netlink subsys (disabled)
[    0.485052] audit: type=2000 audit(0.415:1): initialized
[    0.501167] squashfs: version 4.0 (2009/01/31) Phillip Lougher
[    0.508083] NFS: Registering the id_resolver key type
[    0.513535] Key type id_resolver registered
[    0.517875] Key type id_legacy registered
[    0.522254] fuse init (API version 7.24)
[    0.526829] 9p: Installing v9fs 9p2000 file system support
[    0.533412] io scheduler noop registered
[    0.537646] io scheduler cfq registered (default)
[    0.551454] tegra-apbdma 60020000.dma: Tegra20 APB DMA driver register 32 channels
[    0.559747] tegra-pmc 7000e400.pmc: i2c-thermtrip node not found, emergency thermal reset disabled.
[    0.572351] Serial: 8250/16550 driver, 4 ports, IRQ sharing disabled
[    0.580438] console [ttyS0] disabled
[    0.584183] 70006000.serial: ttyS0 at MMIO 0x70006000 (irq = 312, base_baud = 25500000) is a Tegra
[    0.593502] console [ttyS0] enabled
[    0.593502] console [ttyS0] enabled
[    0.600593] bootconsole [uart0] disabled
[    0.600593] bootconsole [uart0] disabled
[    0.608963] SuperH (H)SCI(F) driver initialized
[    0.613680] msm_serial: driver initialized
[    0.618171] Unable to detect cache hierarchy from DT for CPU 0
[    0.628522] loop: module loaded
[    0.632821] tun: Universal TUN/TAP device driver, 1.6
[    0.637881] tun: (C) 1999-2004 Max Krasnyansky <maxk@qualcomm.com>
[    0.644343] sky2: driver version 1.30
[    0.648598] ehci_hcd: USB 2.0 'Enhanced' Host Controller (EHCI) Driver
[    0.655135] ehci-pci: EHCI PCI platform driver
[    0.659625] ehci-platform: EHCI generic platform driver
[    0.664936] ohci_hcd: USB 1.1 'Open' Host Controller (OHCI) Driver
[    0.671132] ohci-pci: OHCI PCI platform driver
[    0.675623] ohci-platform: OHCI generic platform driver
[    0.680977] usbcore: registered new interface driver usb-storage
[    0.687278] mousedev: PS/2 mouse device common for all mice
[    0.693876] sdhci: Secure Digital Host Controller Interface driver
[    0.700086] sdhci: Copyright(c) Pierre Ossman
[    0.704513] Synopsys Designware Multimedia Card Interface Driver
[    0.710700] sdhci-pltfm: SDHCI platform and OF driver helper
[    0.716636] mmc0: Unknown controller version (3). You may experience problems.
[    0.759079] mmc0: SDHCI controller on 700b0600.sdhci [700b0600.sdhci] using ADMA 64-bit
[    0.767318] ledtrig-cpu: registered to indicate activity on CPUs
[    0.775630] usbcore: registered new interface driver usbhid
[    0.781212] usbhid: USB HID core driver
[    0.785990] NET: Registered protocol family 17
[    0.790535] 9pnet: Installing 9P2000 support
[    0.794880] Key type dns_resolver registered
[    0.799739] registered taskstats version 1
[    0.804170] hctosys: unable to open rtc device (rtc0)
[    0.816216] ALSA device list:
[    0.819293]   No soundcards found.
[    0.822979] Waiting for root device /dev/mmcblk0p1...
[    0.847212] mmc0: MAN_BKOPS_EN bit is not set
[    0.871033] mmc0: new HS200 MMC card at address 0001
[    0.876385] mmcblk0: mmc0:0001 SDW16G 14.7 GiB 
[    0.885099] mmcblk0boot0: mmc0:0001 SDW16G partition 1 4.00 MiB
[    0.891192] mmcblk0boot1: mmc0:0001 SDW16G partition 2 4.00 MiB
[    0.897268] mmcblk0rpmb: mmc0:0001 SDW16G partition 3 4.00 MiB
[    0.904445]  mmcblk0: p1 p2 p3 p4 p5 p6 p7 p8 p9 p10 p11 p12 p13 p14 p15 p16 p17 p18
[    0.932064] EXT4-fs (mmcblk0p1): couldn't mount as ext3 due to feature incompatibilities
[    0.947145] EXT4-fs (mmcblk0p1): mounted filesystem with ordered data mode. Opts: (null)
[    0.955257] VFS: Mounted root (ext4 filesystem) on device 179:1.
[    0.963186] devtmpfs: mounted
[    0.966658] Freeing unused kernel memory: 692K (ffffffc000902000 - ffffffc0009af000)
bash: cannot set terminal process group (-1): Inappropriate ioctl for device
bash: no job control in this shell
root@(none):/# 