

U-Boot 2015.04-00466-gedec83e90172 (Mar 14 2016 - 10:42:01)

TEGRA124
Model: Acer Chromebook 13 CB5-311
DRAM:  4 GiB
C:   Tegra SD/MMC: 0, Tegra SD/MMC: 1, Tegra SD/MMC: 2
MMC init failed
Using default environment

In:    serial
Out:   serial
Err:   serial
Net:   Net Initialization Skipped
No ethernet found.
Hit any key to stop autoboot:  2  0 
Tegra124 (Nyan-big) # 
Tegra124 (Nyan-big) # usb start
starting USB...
USB0:   USB EHCI 1.10
scanning bus 0 for devices... 2 USB Device(s) found
USB1:   USB EHCI 1.10
scanning bus 1 for devices... 2 USB Device(s) found
       scanning usb for storage devices... 1 Storage Device(s) found
       scanning usb for ethernet devices... 
Warning: asx0 using MAC address from net device
1 Ethernet Device(s) found
Tegra124 (Nyan-big) # mw 0x7000e4a0 0x00080000
Tegra124 (Nyan-big) # setenv bootargs 'ignore_loglevel console=ttyS0,115200n8 rw root=PARTUUID=4d36e82a-b3c0-4b4b-bfcd-afe5217ac023 rootwait gpt debug noinitrd earlyprintk init=/bin/bash'
Tegra124 (Nyan-big) # setenv ipaddr 192.168.100.104; setenv serverip 192.168.100.1; setenv tftpserverip 192.168.100.1
Tegra124 (Nyan-big) # tftpboot 0x82000000 zImage.multi_v7_defconfig
Using asx0 device
TFTP from server 192.168.100.1; our IP address is 192.168.100.104
Filename 'zImage.multi_v7_defconfig'.
Load address: 0x82000000
Loading: *#################################################################
	 #################################################################
	 #################################################################
	 #################################################################
	 #################################################################
	 #################################################################
	 #################################################################
	 #################################################################
	 ##############################
	 3.4 MiB/s
done
Bytes transferred = 8065536 (7b1200 hex)
Tegra124 (Nyan-big) # tftpboot 0x83000000 tegra124-nyan-big.dtb
Using asx0 device
TFTP from server 192.168.100.1; our IP address is 192.168.100.104
Filename 'tegra124-nyan-big.dtb'.
Load address: 0x83000000
Loading: *#####
	 3.4 MiB/s
done
Bytes transferred = 67482 (1079a hex)
Tegra124 (Nyan-big) # bootz 0x82000000 - 0x83000000
Kernel image @ 0x82000000 [ 0x000000 - 0x7b1200 ]
## Flattened Device Tree blob at 83000000
   Booting using the fdt blob at 0x83000000
   Using Device Tree in place at 83000000, end 83013799

Starting kernel ...

[    0.000000] Booting Linux on physical CPU 0x0
[    0.000000] Linux version 4.15.0-rc8-335804-ga8750ddca918 (jonathanh@tamien) (gcc version 4.7.3 20130328 (prerelease) (crosstool-NG linaro-1.13.1-4.7-2013.04-20130415 - Linaro GCC 2013.04)) #1 SMP Sun Jan 14 16:34:20 PST 2018
[    0.000000] CPU: ARMv7 Processor [413fc0f3] revision 3 (ARMv7), cr=10c5387d
[    0.000000] CPU: div instructions available: patching division code
[    0.000000] CPU: PIPT / VIPT nonaliasing data cache, PIPT instruction cache
[    0.000000] OF: fdt: Machine model: Acer Chromebook 13 CB5-311
[    0.000000] OF: fdt: Ignoring memory range 0x100000000 - 0x17ffff000
[    0.000000] debug: ignoring loglevel setting.
[    0.000000] Memory policy: Data cache writealloc
[    0.000000] efi: Getting EFI parameters from FDT:
[    0.000000] efi: UEFI not found.
[    0.000000] cma: Reserved 64 MiB at 0xfb800000
[    0.000000] On node 0 totalpages: 524287
[    0.000000]   DMA zone: 1536 pages used for memmap
[    0.000000]   DMA zone: 0 pages reserved
[    0.000000]   DMA zone: 196608 pages, LIFO batch:31
[    0.000000]   HighMem zone: 327679 pages, LIFO batch:31
[    0.000000] random: fast init done
[    0.000000] percpu: Embedded 17 pages/cpu @(ptrval) s39104 r8192 d22336 u69632
[    0.000000] pcpu-alloc: s39104 r8192 d22336 u69632 alloc=17*4096
[    0.000000] pcpu-alloc: [0] 0 [0] 1 [0] 2 [0] 3 
[    0.000000] Built 1 zonelists, mobility grouping on.  Total pages: 522751
[    0.000000] Kernel command line: ignore_loglevel console=ttyS0,115200n8 rw root=PARTUUID=4d36e82a-b3c0-4b4b-bfcd-afe5217ac023 rootwait gpt debug noinitrd earlyprintk init=/bin/bash
[    0.000000] Dentry cache hash table entries: 131072 (order: 7, 524288 bytes)
[    0.000000] Inode-cache hash table entries: 65536 (order: 6, 262144 bytes)
[    0.000000] Memory: 1993456K/2097148K available (11264K kernel code, 1602K rwdata, 4296K rodata, 2048K init, 404K bss, 38156K reserved, 65536K cma-reserved, 1245180K highmem)
[    0.000000] Virtual kernel memory layout:
[    0.000000]     vector  : 0xffff0000 - 0xffff1000   (   4 kB)
[    0.000000]     fixmap  : 0xffc00000 - 0xfff00000   (3072 kB)
[    0.000000]     vmalloc : 0xf0800000 - 0xff800000   ( 240 MB)
[    0.000000]     lowmem  : 0xc0000000 - 0xf0000000   ( 768 MB)
[    0.000000]     pkmap   : 0xbfe00000 - 0xc0000000   (   2 MB)
[    0.000000]     modules : 0xbf000000 - 0xbfe00000   (  14 MB)
[    0.000000]       .text : 0x(ptrval) - 0x(ptrval)   (12256 kB)
[    0.000000]       .init : 0x(ptrval) - 0x(ptrval)   (2048 kB)
[    0.000000]       .data : 0x(ptrval) - 0x(ptrval)   (1603 kB)
[    0.000000]        .bss : 0x(ptrval) - 0x(ptrval)   ( 405 kB)
[    0.000000] SLUB: HWalign=64, Order=0-3, MinObjects=0, CPUs=4, Nodes=1
[    0.000000] Hierarchical RCU implementation.
[    0.000000] 	RCU event tracing is enabled.
[    0.000000] 	RCU restricting CPUs from NR_CPUS=16 to nr_cpu_ids=4.
[    0.000000] RCU: Adjusting geometry for rcu_fanout_leaf=16, nr_cpu_ids=4
[    0.000000] NR_IRQS: 16, nr_irqs: 16, preallocated irqs: 16
[    0.000000] /interrupt-controller@60004000: 160 interrupts forwarded to /interrupt-controller@50041000
[    0.000000] Tegra clk 127: register failed with -17
[    0.000003] sched_clock: 32 bits at 1000kHz, resolution 1000ns, wraps every 2147483647500ns
[    0.000011] clocksource: timer_us: mask: 0xffffffff max_cycles: 0xffffffff, max_idle_ns: 1911260446275 ns
[    0.000017] Switching to timer-based delay loop, resolution 1000ns
[    0.001903] arch_timer: cp15 timer(s) running at 12.00MHz (virt).
[    0.001910] clocksource: arch_sys_counter: mask: 0xffffffffffffff max_cycles: 0x2c47f4ee7, max_idle_ns: 440795202497 ns
[    0.001917] sched_clock: 56 bits at 12MHz, resolution 83ns, wraps every 4398046511096ns
[    0.001922] Switching to timer-based delay loop, resolution 83ns
[    0.002128] Console: colour dummy device 80x30
[    0.002143] Calibrating delay loop (skipped), value calculated using timer frequency.. 24.00 BogoMIPS (lpj=120000)
[    0.002150] pid_max: default: 32768 minimum: 301
[    0.002189] Mount-cache hash table entries: 2048 (order: 1, 8192 bytes)
[    0.002194] Mountpoint-cache hash table entries: 2048 (order: 1, 8192 bytes)
[    0.002401] CPU: Testing write buffer coherency: ok
[    0.002526] /cpus/cpu@0 missing clock-frequency property
[    0.002541] /cpus/cpu@1 missing clock-frequency property
[    0.002556] /cpus/cpu@2 missing clock-frequency property
[    0.002572] /cpus/cpu@3 missing clock-frequency property
[    0.002577] CPU0: thread -1, cpu 0, socket 0, mpidr 80000000
[    0.002700] Setting up static identity map for 0x80300000 - 0x803000a0
[    0.003427] Hierarchical SRCU implementation.
[    0.004137] Tegra Revision: A01 SKU: 131 CPU Process: 1 SoC Process: 1
[    0.004422] EFI services will not be available.
[    0.004484] smp: Bringing up secondary CPUs ...
[    0.004766] CPU1: thread -1, cpu 1, socket 0, mpidr 80000001
[    0.012172] CPU2: thread -1, cpu 2, socket 0, mpidr 80000002
[    0.022183] CPU3: thread -1, cpu 3, socket 0, mpidr 80000003
[    0.031905] smp: Brought up 1 node, 4 CPUs
[    0.031913] SMP: Total of 4 processors activated (96.00 BogoMIPS).
[    0.031917] CPU: All CPU(s) started in SVC mode.
[    0.032473] devtmpfs: initialized
[    0.037234] VFP support v0.3: implementor 41 architecture 4 part 30 variant f rev 0
[    0.037426] clocksource: jiffies: mask: 0xffffffff max_cycles: 0xffffffff, max_idle_ns: 19112604462750000 ns
[    0.037434] futex hash table entries: 1024 (order: 4, 65536 bytes)
[    0.038006] pinctrl core: initialized pinctrl subsystem
[    0.038642] DMI not present or invalid.
[    0.038750] NET: Registered protocol family 16
[    0.039505] DMA: preallocated 256 KiB pool for atomic coherent allocations
[    0.040391] cpuidle: using governor menu
[    0.048738] No ATAGs?
[    0.048792] hw-breakpoint: found 5 (+1 reserved) breakpoint and 4 watchpoint registers.
[    0.048798] hw-breakpoint: maximum watchpoint size is 8 bytes.
[    0.051600] Serial: AMBA PL011 UART driver
[    0.052034] tegra-mc 70019000.memory-controller: no memory timings for RAM code 0 registered
[    0.052149] iommu: Adding device reg-dummy to group 0
[    0.052178] iommu: Adding device 50000000.host1x to group 1
[    0.052208] iommu: Adding device 54200000.dc to group 2
[    0.052235] iommu: Adding device 54240000.dc to group 3
[    0.052246] iommu: Adding device 54280000.hdmi to group 4
[    0.052258] iommu: Adding device 54540000.sor to group 5
[    0.052268] iommu: Adding device 545c0000.dpaux to group 6
[    0.052292] iommu: Adding device 57000000.gpu to group 7
[    0.052303] iommu: Adding device 60005000.timer to group 8
[    0.052315] iommu: Adding device 60007000.flow-controller to group 9
[    0.052329] iommu: Adding device 6000c800.actmon to group 10
[    0.052343] iommu: Adding device 6000d000.gpio to group 11
[    0.052354] iommu: Adding device 60020000.dma to group 12
[    0.052364] iommu: Adding device 70000800.apbmisc to group 13
[    0.052375] iommu: Adding device 70000868.pinmux to group 14
[    0.052386] iommu: Adding device 70006000.serial to group 15
[    0.052398] iommu: Adding device 7000a000.pwm to group 16
[    0.052409] iommu: Adding device 7000c000.i2c to group 17
[    0.052419] iommu: Adding device 7000c400.i2c to group 18
[    0.052430] iommu: Adding device 7000c500.i2c to group 19
[    0.052443] iommu: Adding device 7000c700.i2c to group 20
[    0.052457] iommu: Adding device 7000d000.i2c to group 21
[    0.052468] iommu: Adding device 7000d400.spi to group 22
[    0.052478] iommu: Adding device 7000da00.spi to group 23
[    0.052489] iommu: Adding device 7000e000.rtc to group 24
[    0.052500] iommu: Adding device 7000e400.pmc to group 25
[    0.052510] iommu: Adding device 7000f800.fuse to group 26
[    0.052521] iommu: Adding device 70019000.memory-controller to group 27
[    0.052534] iommu: Adding device 7001b000.emc to group 28
[    0.052545] iommu: Adding device 70030000.hda to group 29
[    0.052557] iommu: Adding device 70090000.usb to group 30
[    0.052568] iommu: Adding device 7009f000.padctl to group 31
[    0.052581] iommu: Adding device 700b0000.sdhci to group 32
[    0.052592] iommu: Adding device 700b0400.sdhci to group 33
[    0.052603] iommu: Adding device 700b0600.sdhci to group 34
[    0.052614] iommu: Adding device 700e2000.thermal-sensor to group 35
[    0.052627] iommu: Adding device 70300000.ahub to group 36
[    0.052637] iommu: Adding device pmu to group 37
[    0.052648] iommu: Adding device timer to group 38
[    0.052658] iommu: Adding device sdhci0_pwrseq to group 39
[    0.052669] iommu: Adding device backlight to group 40
[    0.052680] iommu: Adding device clocks to group 41
[    0.052693] iommu: Adding device gpio-keys to group 42
[    0.052704] iommu: Adding device regulators to group 43
[    0.052715] iommu: Adding device regulators:regulator@0 to group 44
[    0.052728] iommu: Adding device regulators:regulator@1 to group 45
[    0.052739] iommu: Adding device regulators:regulator@2 to group 46
[    0.052752] iommu: Adding device regulators:regulator@3 to group 47
[    0.052763] iommu: Adding device regulators:regulator@4 to group 48
[    0.052773] iommu: Adding device regulators:regulator@5 to group 49
[    0.052784] iommu: Adding device regulators:regulator@6 to group 50
[    0.052795] iommu: Adding device regulators:regulator@7 to group 51
[    0.052806] iommu: Adding device regulators:regulator@8 to group 52
[    0.052821] iommu: Adding device regulators:regulator@9 to group 53
[    0.052832] iommu: Adding device regulators:regulator@10 to group 54
[    0.052843] iommu: Adding device regulators:regulator@11 to group 55
[    0.052854] iommu: Adding device regulators:regulator@12 to group 56
[    0.052864] iommu: Adding device sound to group 57
[    0.052875] iommu: Adding device gpio-restart to group 58
[    0.052885] iommu: Adding device panel to group 59
[    0.058021] AT91: Could not find identification node
[    0.058225] +5V_SYS: supplied by +VDD_MUX
[    0.058325] +3.3V_SYS: supplied by +VDD_MUX
[    0.058543] +VDD_LED: Failed to request enable GPIO122: -517
[    0.058549] reg-fixed-voltage regulators:regulator@5: Failed to register regulator: -517
[    0.058584] +5V_VDD_TS_SW: Failed to request enable GPIO81: -517
[    0.058589] reg-fixed-voltage regulators:regulator@6: Failed to register regulator: -517
[    0.058622] +5V_USB_HS: Failed to request enable GPIO108: -517
[    0.058627] reg-fixed-voltage regulators:regulator@7: Failed to register regulator: -517
[    0.058660] +5V_USB_SS: Failed to request enable GPIO109: -517
[    0.058665] reg-fixed-voltage regulators:regulator@8: Failed to register regulator: -517
[    0.058752] +1.05V_RUN_AVDD_HDMI_PLL: Failed to request enable GPIO63: -517
[    0.058757] reg-fixed-voltage regulators:regulator@11: Failed to register regulator: -517
[    0.058790] +5V_HDMI_CON: Failed to request enable GPIO86: -517
[    0.058794] reg-fixed-voltage regulators:regulator@12: Failed to register regulator: -517
[    0.059777] vgaarb: loaded
[    0.060044] SCSI subsystem initialized
[    0.060114] libata version 3.00 loaded.
[    0.060190] usbcore: registered new interface driver usbfs
[    0.060208] usbcore: registered new interface driver hub
[    0.060229] usbcore: registered new device driver usb
[    0.061515] pps_core: LinuxPPS API ver. 1 registered
[    0.061519] pps_core: Software ver. 5.3.6 - Copyright 2005-2007 Rodolfo Giometti <giometti@linux.it>
[    0.061527] PTP clock support registered
[    0.061592] EDAC MC: Ver: 3.0.0
[    0.061697] dmi: Firmware registration failed.
[    0.062015] tegra-emc 7001b000.emc: no memory timings for RAM code 0 found in DT
[    0.062025] tegra-emc: probe of 7001b000.emc failed with error -2
[    0.062453] clocksource: Switched to clocksource arch_sys_counter
[    0.080707] NET: Registered protocol family 2
[    0.080895] TCP established hash table entries: 8192 (order: 3, 32768 bytes)
[    0.080929] TCP bind hash table entries: 8192 (order: 4, 65536 bytes)
[    0.080992] TCP: Hash tables configured (established 8192 bind 8192)
[    0.081026] UDP hash table entries: 512 (order: 2, 16384 bytes)
[    0.081041] UDP-Lite hash table entries: 512 (order: 2, 16384 bytes)
[    0.081100] NET: Registered protocol family 1
[    0.081273] RPC: Registered named UNIX socket transport module.
[    0.081277] RPC: Registered udp transport module.
[    0.081280] RPC: Registered tcp transport module.
[    0.081283] RPC: Registered tcp NFSv4.1 backchannel transport module.
[    0.081288] PCI: CLS 0 bytes, default 64
[    0.081851] hw perfevents: enabled with armv7_cortex_a15 PMU driver, 7 counters available
[    0.082140] iommu: Adding device alarmtimer to group 60
[    0.082475] Initialise system trusted keyrings
[    0.082536] workingset: timestamp_bits=30 max_order=19 bucket_order=0
[    0.084588] squashfs: version 4.0 (2009/01/31) Phillip Lougher
[    0.084801] NFS: Registering the id_resolver key type
[    0.084810] Key type id_resolver registered
[    0.084813] Key type id_legacy registered
[    0.084830] ntfs: driver 2.1.32 [Flags: R/O].
[    0.085336] Key type asymmetric registered
[    0.085341] Asymmetric key parser 'x509' registered
[    0.085361] bounce: pool size: 64 pages
[    0.085378] Block layer SCSI generic (bsg) driver version 0.4 loaded (major 247)
[    0.085383] io scheduler noop registered
[    0.085386] io scheduler deadline registered
[    0.085460] io scheduler cfq registered (default)
[    0.085464] io scheduler mq-deadline registered
[    0.085467] io scheduler kyber registered
[    0.086878] tegra-xusb-padctl 7009f000.padctl: failed to setup XUSB ports: -517
[    0.097535] tegra-apbdma 60020000.dma: Tegra20 APB DMA driver register 32 channels
[    0.098692] tegra-pmc 7000e400.pmc: i2c-thermtrip node not found, emergency thermal reset disabled.
[    0.115693] Serial: 8250/16550 driver, 4 ports, IRQ sharing disabled
[    0.115735] iommu: Adding device serial8250 to group 61
[    0.116761] console [ttyS0] disabled
[    0.116779] 70006000.serial: ttyS0 at MMIO 0x70006000 (irq = 333, base_baud = 25500000) is a Tegra
[    1.364583] console [ttyS0] enabled
[    1.368364] SuperH (H)SCI(F) driver initialized
[    1.373253] msm_serial: driver initialized
[    1.377398] STMicroelectronics ASC driver initialized
[    1.400856] tegra-hdmi 54280000.hdmi: failed to get HDMI regulator
[    1.407407] tegra-dpaux 545c0000.dpaux: failed to get VDD supply: -517
[    1.414854] panel-simple panel: panel supply power not found, using dummy regulator
[    1.425177] brd: module loaded
[    1.430658] loop: module loaded
[    1.434759] as3722 4-0040: AS3722 with revision 0x1 found
[    1.441266] iommu: Adding device as3722-pinctrl to group 62
[    1.448179] iommu: Adding device as3722-regulator to group 63
[    1.456036] as3722-sd2: supplied by +5V_SYS
[    1.460439] as3722-sd3: supplied by +5V_SYS
[    1.464827] +1.35V_LP0(sd3): Bringing 0uV into 1350000-1350000uV
[    1.470986] as3722-sd4: supplied by +5V_SYS
[    1.475323] +1.05V_RUN: Bringing 0uV into 1050000-1050000uV
[    1.481048] as3722-sd5: supplied by +5V_SYS
[    1.486613] as3722-ldo0: supplied by +1.35V_LP0(sd2)
[    1.492327] +1.8V_RUN_CAM: Bringing 0uV into 1800000-1800000uV
[    1.498327] as3722-ldo2: supplied by +1.8V_VDDIO
[    1.503939] as3722-ldo3: supplied by +3.3V_SYS
[    1.508385] +1.00V_LP0_VDD_RTC: Bringing 1100000uV into 1000000-1000000uV
[    1.515945] as3722-ldo4: supplied by +3.3V_SYS
[    1.520534] +3.3V_RUN_CAM: Bringing 0uV into 2800000-2800000uV
[    1.526543] as3722-ldo5: supplied by +1.8V_VDDIO
[    1.531306] +1.2V_RUN_CAM_FRONT: Bringing 0uV into 1200000-1200000uV
[    1.537983] +VDDIO_SDMMC3: Bringing 0uV into 1800000-1800000uV
[    1.543999] as3722-ldo7: supplied by +1.8V_VDDIO
[    1.548762] +1.05V_RUN_CAM_REAR: Bringing 0uV into 1050000-1050000uV
[    1.555305] as3722-ldo9: supplied by +5V_SYS
[    1.559865] +2.8V_RUN_TOUCH: Bringing 0uV into 2800000-2800000uV
[    1.566059] as3722-ldo10: supplied by +5V_SYS
[    1.570562] +2.8V_RUN_CAM_AF: Bringing 0uV into 2800000-2800000uV
[    1.576992] +1.8V_RUN_VPP_FUSE: Bringing 0uV into 1800000-1800000uV
[    1.583489] iommu: Adding device as3722-rtc to group 64
[    1.588843] iommu: Adding device as3722-adc to group 65
[    1.594169] iommu: Adding device as3722-power-off to group 66
[    1.599999] iommu: Adding device as3722-wdt to group 67
[    1.616992] m25p80 spi1.0: w25q32dw (4096 Kbytes)
[    1.622502] iommu: Adding device Fixed MDIO bus.0 to group 68
[    1.628375] libphy: Fixed MDIO Bus: probed
[    1.632809] CAN device driver interface
[    1.636947] bgmac_bcma: Broadcom 47xx GBit MAC driver loaded
[    1.643055] e1000e: Intel(R) PRO/1000 Network Driver - 3.2.6-k
[    1.648871] e1000e: Copyright(c) 1999 - 2015 Intel Corporation.
[    1.654796] igb: Intel(R) Gigabit Ethernet Network Driver - version 5.4.0-k
[    1.661739] igb: Copyright (c) 2007-2014 Intel Corporation.
[    1.668621] pegasus: v0.9.3 (2013/04/25), Pegasus/Pegasus II USB Ethernet driver
[    1.676025] usbcore: registered new interface driver pegasus
[    1.681682] usbcore: registered new interface driver asix
[    1.687082] usbcore: registered new interface driver ax88179_178a
[    1.693176] usbcore: registered new interface driver cdc_ether
[    1.699007] usbcore: registered new interface driver smsc75xx
[    1.704757] usbcore: registered new interface driver smsc95xx
[    1.710496] usbcore: registered new interface driver net1080
[    1.716158] usbcore: registered new interface driver cdc_subset
[    1.722070] usbcore: registered new interface driver zaurus
[    1.727652] usbcore: registered new interface driver cdc_ncm
[    1.733979] ehci_hcd: USB 2.0 'Enhanced' Host Controller (EHCI) Driver
[    1.740490] ehci-pci: EHCI PCI platform driver
[    1.744939] ehci-platform: EHCI generic platform driver
[    1.750219] ehci-orion: EHCI orion driver
[    1.754276] SPEAr-ehci: EHCI SPEAr driver
[    1.758321] ehci-st: EHCI STMicroelectronics driver
[    1.763238] ehci-exynos: EHCI EXYNOS driver
[    1.767460] ehci-atmel: EHCI Atmel driver
[    1.771504] tegra-ehci: Tegra EHCI driver
[    1.775570] ohci_hcd: USB 1.1 'Open' Host Controller (OHCI) Driver
[    1.781738] ohci-pci: OHCI PCI platform driver
[    1.786186] ohci-platform: OHCI generic platform driver
[    1.791456] SPEAr-ohci: OHCI SPEAr driver
[    1.795506] ohci-st: OHCI STMicroelectronics driver
[    1.800416] ohci-atmel: OHCI Atmel driver
[    1.804677] usbcore: registered new interface driver usb-storage
[    1.811742] elan_i2c 1-0015: 1-0015 supply vcc not found, using dummy regulator
[    1.819111] as3722-rtc as3722-rtc: rtc core: registered as3722-rtc as rtc0
[    1.825982] as3722-rtc as3722-rtc: RTC interrupt 372
[    1.832938] tegra_rtc 7000e000.rtc: rtc core: registered 7000e000.rtc as rtc1
[    1.840070] tegra_rtc 7000e000.rtc: Tegra internal Real Time Clock
[    1.846426] i2c /dev entries driver
[    1.852294] lm90 0-004c: 0-004c supply vcc not found, using dummy regulator
[    1.862629] iommu: Adding device cpufreq-tegra124 to group 69
[    1.869443] sdhci: Secure Digital Host Controller Interface driver
[    1.875622] sdhci: Copyright(c) Pierre Ossman
[    1.880543] Synopsys Designware Multimedia Card Interface Driver
[    1.887045] sdhci-pltfm: SDHCI platform and OF driver helper
[    1.892985] sdhci-tegra 700b0000.sdhci: allocated mmc-pwrseq
[    1.906582] sdhci-tegra 700b0400.sdhci: Got CD GPIO
[    1.911452] sdhci-tegra 700b0400.sdhci: Got WP GPIO
[    1.930575] mmc0: Unknown controller version (3). You may experience problems.
[    1.937816] mmc0: Invalid maximum block size, assuming 512 bytes
[    1.995322] elan_i2c 1-0015: Elan Touchpad: Module ID: 0x002a, Firmware: 0x0005, Sample: 0x0007, IAP: 0x0009
[    2.002469] mmc0: SDHCI controller on 700b0600.sdhci [700b0600.sdhci] using ADMA
[    2.012669] input: Elan Touchpad as /devices/soc0/7000c400.i2c/i2c-1/1-0015/input/input0
[    2.020772] ledtrig-cpu: registered to indicate activity on CPUs
[    2.026884] usbcore: registered new interface driver usbhid
[    2.032440] usbhid: USB HID core driver
[    2.037717] NET: Registered protocol family 10
[    2.042464] Segment Routing with IPv6
[    2.046138] sit: IPv6, IPv4 and MPLS over IPv4 tunneling driver
[    2.052232] NET: Registered protocol family 17
[    2.056673] can: controller area network core (rev 20170425 abi 9)
[    2.062326] mmc0: new high speed MMC card at address 0001
[    2.062516] mmcblk0: mmc0:0001 MMC16G 14.4 GiB 
[    2.062593] mmcblk0boot0: mmc0:0001 MMC16G partition 1 2.00 MiB
[    2.062659] mmcblk0boot1: mmc0:0001 MMC16G partition 2 2.00 MiB
[    2.062719] mmcblk0rpmb: mmc0:0001 MMC16G partition 3 128 KiB, chardev (237:0)
[    2.065535]  mmcblk0: p1 p2 p3 p4 p5 p6 p7 p8 p9 p10 p11 p12
[    2.097421] NET: Registered protocol family 29
[    2.101852] can: raw protocol (rev 20170425)
[    2.106114] can: broadcast manager protocol (rev 20170425 t)
[    2.111760] can: netlink gateway (rev 20170425) max_hops=1
[    2.117374] Key type dns_resolver registered
[    2.121829] ThumbEE CPU extension supported.
[    2.126095] Registering SWP/SWPB emulation handler
[    2.131054] Loading compiled-in X.509 certificates
[    2.140402] +3.3V_RUN: supplied by +3.3V_SYS
[    2.145408] +VDD_LED: supplied by +VDD_MUX
[    2.149566] +3.3V_AVDD_HDMI_AP_GATED: supplied by +3.3V_RUN
[    2.155179] +1.8V_RUN_CAM: supplied by +3.3V_RUN
[    2.159811] +VDDIO_SDMMC3: supplied by +3.3V_RUN
[    2.164544] +1.8V_RUN_VPP_FUSE: supplied by +3.3V_RUN
[    2.169818] +5V_VDD_TS_SW: supplied by +5V_SYS
[    2.174451] +5V_USB_HS: supplied by +5V_SYS
[    2.178799] +5V_USB_SS: supplied by +5V_SYS
[    2.183926] +3.3V_PANEL: supplied by +3.3V_RUN
[    2.189012] +3.3V_LP0: supplied by +3.3V_SYS
[    2.193932] +1.05V_RUN_AVDD_HDMI_PLL: supplied by +1.05V_RUN
[    2.199687] elan_i2c 1-0015: failed to read report data: -121
[    2.199914] +5V_HDMI_CON: supplied by +5V_SYS
[    2.200742]  usb3-0: usb3-0 supply vbus not found, using dummy regulator
[    2.200801]  usb3-1: usb3-1 supply vbus not found, using dummy regulator
[    2.204515] tegra-sor 54540000.sor: failed to probe output: -517
[    2.205286] panel-simple panel: panel supply power not found, using dummy regulator
[    2.206300] sdhci-tegra 700b0000.sdhci: allocated mmc-pwrseq
[    2.212546] mmc1: Unknown controller version (3). You may experience problems.
[    2.212616] mmc1: Invalid maximum block size, assuming 512 bytes
[    2.213053] mmc1: Switching to 3.3V signalling voltage failed
[    2.272544] mmc1: SDHCI controller on 700b0000.sdhci [700b0000.sdhci] using ADMA
[    2.280711] sdhci-tegra 700b0400.sdhci: Got CD GPIO
[    2.285596] sdhci-tegra 700b0400.sdhci: Got WP GPIO
[    2.298861] mmc2: Unknown controller version (3). You may experience problems.
[    2.306162] mmc2: Invalid maximum block size, assuming 512 bytes
[    2.329555] elan_i2c 1-0015: invalid report id data (ff)
[    2.338483] mmc1: new high speed SDIO card at address 0001
[    2.372574] mmc2: SDHCI controller on 700b0400.sdhci [700b0400.sdhci] using ADMA
[    2.472497] [drm] Supports vblank timestamp caching Rev 2 (21.10.2013).
[    2.479118] [drm] No driver support for vblank timestamp query.
[    2.522937] mmc2: new high speed SDHC card at address 0007
[    2.523120] mmcblk2: mmc2:0007 SD08G 7.42 GiB 
[    2.531610] GPT:Primary header alternate_lba != Alt. header my_lba
[    2.531614] GPT:3014591 != 15564799
[    2.531615] GPT:Primary header thinks Alt. header is not at the end of the disk.
[    2.531616] GPT:3014591 != 15564799
[    2.531618] GPT: Use GNU Parted to correct GPT errors.
[    2.531642]  mmcblk2: p1 p2 p3 p4 p5 p6 p7 p8 p9 p10 p11 p12
[    2.567175] Console: switching to colour frame buffer device 170x48
[    2.631219] drm drm: fb0:  frame buffer device
[    2.635691] [drm] Initialized tegra 0.0.0 20120330 for drm on minor 0
[    2.642903] input: gpio-keys as /devices/soc0/gpio-keys/input/input1
[    2.649872] as3722-rtc as3722-rtc: setting system clock to 2000-01-01 00:00:23 UTC (946684823)
[    2.658893] +1.8V_RUN_CAM: disabling
[    2.662703] +3.3V_RUN_CAM: disabling
[    2.666466] +1.2V_RUN_CAM_FRONT: disabling
[    2.670659] +1.05V_RUN_CAM_REAR: disabling
[    2.675002] +2.8V_RUN_TOUCH: disabling
[    2.678848] +2.8V_RUN_CAM_AF: disabling
[    2.682868] +1.8V_RUN_VPP_FUSE: disabling
[    2.686975] +5V_VDD_TS_SW: disabling
[    2.690540] +5V_USB_HS: disabling
[    2.693891] +5V_USB_SS: disabling
[    2.697962] EXT4-fs (mmcblk0p3): couldn't mount as ext3 due to feature incompatibilities
[    2.706641] EXT4-fs (mmcblk0p3): couldn't mount as ext2 due to feature incompatibilities
[    3.178486] EXT4-fs (mmcblk0p3): recovery complete
[    3.183948] EXT4-fs (mmcblk0p3): mounted filesystem with ordered data mode. Opts: (null)
[    3.192043] VFS: Mounted root (ext4 filesystem) on device 179:3.
[    3.198528] devtmpfs: mounted
[    3.202158] Freeing unused kernel memory: 2048K
bash: cannot set terminal process group (-1): Inappropriate ioctl for device
bash: no job control in this shell
root@(none):/# mount -t sysfs none /sys
root@(none):/# 
root@(none):/# mount -t debugfs none /sys/kernel/debug
root@(none):/# 
root@(none):/# rtcwake -d rtc1 -m mem -s 3
rtcwake: assuming RTC uses UTC ...
rtcwake: wakeup from "mem" using /dev/rtc1 at Thu Jan  1 00:00:28 1970
[    5.914257] PM: suspend entry (deep)
[    5.917827] PM: Syncing filesystems ... done.
[    5.933646] Freezing user space processes ... (elapsed 0.001 seconds) done.
[    5.941738] OOM killer disabled.
[    5.944974] Freezing remaining freezable tasks ... (elapsed 0.001 seconds) done.
[    5.953531] Suspending console(s) (use no_console_suspend to debug)
[    6.000030] Disabling non-boot CPUs ...
[    6.182578] IRQ17 no longer affine to CPU3
[    6.183037] Entering suspend state LP1
[    6.183050] Enabling non-boot CPUs ...
[    6.183399] CPU1 is up
[    6.183692] CPU2 is up
[    6.184018] CPU3 is up
[    6.352874] mmc1: Switching to 3.3V signalling voltage failed
[    6.612496] tegra-sor 54540000.sor: failed to attach SOR: -110
[    6.675893] OOM killer enabled.
[    6.679026] Restarting tasks ... done.
[    6.690631] PM: suspend exit
root@(none):/# 
root@(none):/# rtcwake -d rtc1 -m mem -s 3
rtcwake: assuming RTC uses UTC ...
rtcwake: wakeup from "mem" using /dev/rtc1 at Thu Jan  1 00:00:32 1970
[    7.092676] PM: suspend entry (deep)
[    7.096247] PM: Syncing filesystems ... done.
[    7.107547] Freezing user space processes ... (elapsed 0.001 seconds) done.
[    7.115687] OOM killer disabled.
[    7.118913] Freezing remaining freezable tasks ... (elapsed 0.001 seconds) done.
[    7.127508] Suspending console(s) (use no_console_suspend to debug)
[    7.174252] Disabling non-boot CPUs ...
[    7.332988] Entering suspend state LP1
[    7.333000] Enabling non-boot CPUs ...
[    7.333353] CPU1 is up
[    7.333652] CPU2 is up
[    7.333981] CPU3 is up
[    7.502898] mmc1: Switching to 3.3V signalling voltage failed
[    7.762433] tegra-sor 54540000.sor: failed to attach SOR: -110
[    7.821783] OOM killer enabled.
[    7.824919] Restarting tasks ... done.
[    7.840683] PM: suspend exit
root@(none):/# 
root@(none):/# rtcwake -d rtc1 -m mem -s 3
rtcwake: assuming RTC uses UTC ...
rtcwake: wakeup from "mem" using /dev/rtc1 at Thu Jan  1 00:00:36 1970
[    8.242565] PM: suspend entry (deep)
[    8.246135] PM: Syncing filesystems ... done.
[    8.257604] Freezing user space processes ... (elapsed 0.001 seconds) done.
[    8.265731] OOM killer disabled.
[    8.268947] Freezing remaining freezable tasks ... (elapsed 0.001 seconds) done.
[    8.277522] Suspending console(s) (use no_console_suspend to debug)
[    8.323954] Disabling non-boot CPUs ...
[    8.422559] IRQ17 no longer affine to CPU2
[    8.483015] Entering suspend state LP1
[    8.483028] Enabling non-boot CPUs ...
[    8.483385] CPU1 is up
[    8.483679] CPU2 is up
[    8.484009] CPU3 is up
[    8.652857] mmc1: Switching to 3.3V signalling voltage failed
[    8.912483] tegra-sor 54540000.sor: failed to attach SOR: -110
[    8.975778] OOM killer enabled.
[    8.978908] Restarting tasks ... done.
[    8.990519] PM: suspend exit
root@(none):/# 
root@(none):/# rtcwake -d rtc1 -m mem -s 3
rtcwake: assuming RTC uses UTC ...
rtcwake: wakeup from "mem" using /dev/rtc1 at Thu Jan  1 00:00:40 1970
[    9.392779] PM: suspend entry (deep)
[    9.396347] PM: Syncing filesystems ... done.
[    9.407506] Freezing user space processes ... (elapsed 0.001 seconds) done.
[    9.415635] OOM killer disabled.
[    9.418852] Freezing remaining freezable tasks ... (elapsed 0.001 seconds) done.
[    9.427401] Suspending console(s) (use no_console_suspend to debug)
[    9.473980] Disabling non-boot CPUs ...
[    9.632951] Entering suspend state LP1
[    9.632964] Enabling non-boot CPUs ...
[    9.633322] CPU1 is up
[    9.633620] CPU2 is up
[    9.633949] CPU3 is up
[    9.802678] mmc1: Switching to 3.3V signalling voltage failed
[   10.062467] tegra-sor 54540000.sor: failed to attach SOR: -110
[   10.121687] OOM killer enabled.
[   10.124844] Restarting tasks ... done.
[   10.140431] PM: suspend exit
root@(none):/# 
root@(none):/# rtcwake -d rtc1 -m mem -s 3
rtcwake: assuming RTC uses UTC ...
rtcwake: wakeup from "mem" using /dev/rtc1 at Thu Jan  1 00:00:44 1970
[   10.542706] PM: suspend entry (deep)
[   10.546276] PM: Syncing filesystems ... done.
[   10.557349] Freezing user space processes ... (elapsed 0.001 seconds) done.
[   10.565477] OOM killer disabled.
[   10.568693] Freezing remaining freezable tasks ... (elapsed 0.001 seconds) done.
[   10.577243] Suspending console(s) (use no_console_suspend to debug)
[   10.624142] Disabling non-boot CPUs ...
[   10.762498] IRQ17 no longer affine to CPU3
[   10.762916] Entering suspend state LP1
[   10.762929] Enabling non-boot CPUs ...
[   10.763286] CPU1 is up
[   10.763581] CPU2 is up
[   10.763909] CPU3 is up
[   10.932873] mmc1: Switching to 3.3V signalling voltage failed
[   11.192367] tegra-sor 54540000.sor: failed to attach SOR: -110
[   11.255792] OOM killer enabled.
[   11.258924] Restarting tasks ... done.
[   11.270516] PM: suspend exit
root@(none):/# 
root@(none):/# rtcwake -d rtc1 -m mem -s 3
rtcwake: assuming RTC uses UTC ...
rtcwake: wakeup from "mem" using /dev/rtc1 at Thu Jan  1 00:00:48 1970
[   11.672731] PM: suspend entry (deep)
[   11.676300] PM: Syncing filesystems ... done.
[   11.687458] Freezing user space processes ... (elapsed 0.001 seconds) done.
[   11.695587] OOM killer disabled.
[   11.698803] Freezing remaining freezable tasks ... (elapsed 0.001 seconds) done.
[   11.707356] Suspending console(s) (use no_console_suspend to debug)
[   11.753914] Disabling non-boot CPUs ...
[   11.912903] Entering suspend state LP1
[   11.912916] Enabling non-boot CPUs ...
[   11.913274] CPU1 is up
[   11.913570] CPU2 is up
[   11.913896] CPU3 is up
[   12.083532] mmc1: Switching to 3.3V signalling voltage failed
[   12.342382] tegra-sor 54540000.sor: failed to attach SOR: -110
[   12.402285] OOM killer enabled.
[   12.405448] Restarting tasks ... done.
[   12.421151] PM: suspend exit
root@(none):/# 
root@(none):/# rtcwake -d rtc1 -m mem -s 3
rtcwake: assuming RTC uses UTC ...
rtcwake: wakeup from "mem" using /dev/rtc1 at Thu Jan  1 00:00:52 1970
[   12.822483] PM: suspend entry (deep)
[   12.826052] PM: Syncing filesystems ... done.
[   12.838068] Freezing user space processes ... (elapsed 0.001 seconds) done.
[   12.846195] OOM killer disabled.
[   12.849411] Freezing remaining freezable tasks ... (elapsed 0.001 seconds) done.
[   12.857965] Suspending console(s) (use no_console_suspend to debug)
[   12.904543] Disabling non-boot CPUs ...
[   13.062875] Entering suspend state LP1
[   13.062887] Enabling non-boot CPUs ...
[   13.063245] CPU1 is up
[   13.063539] CPU2 is up
[   13.063867] CPU3 is up
[   13.232764] mmc1: Switching to 3.3V signalling voltage failed
[   13.492323] tegra-sor 54540000.sor: failed to attach SOR: -110
[   13.551690] OOM killer enabled.
[   13.554826] Restarting tasks ... done.
[   13.570591] PM: suspend exit
root@(none):/# 
root@(none):/# rtcwake -d rtc1 -m mem -s 3
rtcwake: assuming RTC uses UTC ...
rtcwake: wakeup from "mem" using /dev/rtc1 at Thu Jan  1 00:00:56 1970
[   13.972423] PM: suspend entry (deep)
[   13.975992] PM: Syncing filesystems ... done.
[   13.987512] Freezing user space processes ... (elapsed 0.001 seconds) done.
[   13.995640] OOM killer disabled.
[   13.998857] Freezing remaining freezable tasks ... (elapsed 0.001 seconds) done.
[   14.007409] Suspending console(s) (use no_console_suspend to debug)
[   14.054030] Disabling non-boot CPUs ...
[   14.272437] IRQ17 no longer affine to CPU3
[   14.272863] Entering suspend state LP1
[   14.272876] Enabling non-boot CPUs ...
[   14.273234] CPU1 is up
[   14.273531] CPU2 is up
[   14.273860] CPU3 is up
[   14.442649] mmc1: Switching to 3.3V signalling voltage failed
[   14.702374] tegra-sor 54540000.sor: failed to attach SOR: -110
[   14.765510] OOM killer enabled.
[   14.768639] Restarting tasks ... done.
[   14.780333] PM: suspend exit
root@(none):/# 
root@(none):/# rtcwake -d rtc1 -m mem -s 3
rtcwake: assuming RTC uses UTC ...
rtcwake: wakeup from "mem" using /dev/rtc1 at Thu Jan  1 00:01:00 1970
[   15.182597] PM: suspend entry (deep)
[   15.186168] PM: Syncing filesystems ... done.
[   15.197238] Freezing user space processes ... (elapsed 0.001 seconds) done.
[   15.205364] OOM killer disabled.
[   15.208580] Freezing remaining freezable tasks ... (elapsed 0.001 seconds) done.
[   15.217130] Suspending console(s) (use no_console_suspend to debug)
[   15.263874] Disabling non-boot CPUs ...
[   15.432828] Entering suspend state LP1
[   15.432840] Enabling non-boot CPUs ...
[   15.433197] CPU1 is up
[   15.433492] CPU2 is up
[   15.433821] CPU3 is up
[   15.602709] mmc1: Switching to 3.3V signalling voltage failed
[   15.862321] tegra-sor 54540000.sor: failed to attach SOR: -110
[   15.921497] OOM killer enabled.
[   15.924654] Restarting tasks ... done.
[   15.940321] PM: suspend exit
root@(none):/# 
root@(none):/# rtcwake -d rtc1 -m mem -s 3
rtcwake: assuming RTC uses UTC ...
rtcwake: wakeup from "mem" using /dev/rtc1 at Thu Jan  1 00:01:04 1970
[   16.342634] PM: suspend entry (deep)
[   16.346203] PM: Syncing filesystems ... done.
[   16.357243] Freezing user space processes ... (elapsed 0.001 seconds) done.
[   16.365370] OOM killer disabled.
[   16.368587] Freezing remaining freezable tasks ... (elapsed 0.001 seconds) done.
[   16.377138] Suspending console(s) (use no_console_suspend to debug)
[   16.424014] Disabling non-boot CPUs ...
[   16.582816] Entering suspend state LP1
[   16.582829] Enabling non-boot CPUs ...
[   16.583187] CPU1 is up
[   16.583482] CPU2 is up
[   16.583809] CPU3 is up
[   16.752997] mmc1: Switching to 3.3V signalling voltage failed
[   17.012248] tegra-sor 54540000.sor: failed to attach SOR: -110
[   17.071788] OOM killer enabled.
[   17.074946] Restarting tasks ... done.
[   17.090667] PM: suspend exit
root@(none):/# 
root@(none):/# NVTB SYSTEM SUSPEND TEST COMPLETE
