

U-Boot 2015.04-00466-gedec83e90172 (Mar 14 2016 - 10:42:01)

TEGRA124
Model: Acer Chromebook 13 CB5-311
DRAM:  4 GiB
:   Tegra SD/MMC: 0, Tegra SD/MMC: 1, Tegra SD/MMC: 2
MMC init failed
Using default environment

In:    serial
Out:   serial
Err:   serial
Net:   Net Initialization Skipped
No ethernet found.
Hit any key to stop autoboot:  2  0 
Tegra124 (Nyan-big) # 
Tegra124 (Nyan-big) # usb start
starting USB...
USB0:   USB EHCI 1.10
scanning bus 0 for devices... 2 USB Device(s) found
USB1:   USB EHCI 1.10
scanning bus 1 for devices... 2 USB Device(s) found
       scanning usb for storage devices... 1 Storage Device(s) found
       scanning usb for ethernet devices... 
Warning: asx0 using MAC address from net device
1 Ethernet Device(s) found
Tegra124 (Nyan-big) # mw 0x7000e4a0 0x00080000
Tegra124 (Nyan-big) # setenv bootargs 'ignore_loglevel console=ttyS0,115200n8 rw root=PARTUUID=4d36e82a-b3c0-4b4b-bfcd-afe5217ac023 rootwait gpt debug noinitrd earlyprintk init=/bin/bash'
Tegra124 (Nyan-big) # setenv ipaddr 192.168.100.104; setenv serverip 192.168.100.1; setenv tftpserverip 192.168.100.1
Tegra124 (Nyan-big) # tftpboot 0x82000000 zImage.tegra_defconfig
Using asx0 device
TFTP from server 192.168.100.1; our IP address is 192.168.100.104
Filename 'zImage.tegra_defconfig'.
Load address: 0x82000000
Loading: *#################################################################
	 #################################################################
	 #################################################################
	 #################################################################
	 #################################################################
	 #################################################################
	 ###############################
	 3.2 MiB/s
done
Bytes transferred = 6168192 (5e1e80 hex)
Tegra124 (Nyan-big) # tftpboot 0x83000000 tegra124-nyan-big.dtb
Using asx0 device
TFTP from server 192.168.100.1; our IP address is 192.168.100.104
Filename 'tegra124-nyan-big.dtb'.
Load address: 0x83000000
Loading: *#####
	 3.2 MiB/s
done
Bytes transferred = 67482 (1079a hex)
Tegra124 (Nyan-big) # bootz 0x82000000 - 0x83000000
Kernel image @ 0x82000000 [ 0x000000 - 0x5e1e80 ]
## Flattened Device Tree blob at 83000000
   Booting using the fdt blob at 0x83000000
   Using Device Tree in place at 83000000, end 83013799

Starting kernel ...

[    0.000000] Booting Linux on physical CPU 0x0
[    0.000000] Linux version 4.15.0-rc8-15855-ga8750dd (jonathanh@kaivo) (gcc version 4.7.3 20130328 (prerelease) (crosstool-NG linaro-1.13.1-4.7-2013.04-20130415 - Linaro GCC 2013.04)) #1 SMP PREEMPT Sun Jan 14 16:32:59 PST 2018
[    0.000000] CPU: ARMv7 Processor [413fc0f3] revision 3 (ARMv7), cr=10c5387d
[    0.000000] CPU: div instructions available: patching division code
[    0.000000] CPU: PIPT / VIPT nonaliasing data cache, PIPT instruction cache
[    0.000000] OF: fdt: Machine model: Acer Chromebook 13 CB5-311
[    0.000000] OF: fdt: Ignoring memory range 0x100000000 - 0x17ffff000
[    0.000000] debug: ignoring loglevel setting.
[    0.000000] bootconsole [earlycon0] enabled
[    0.000000] Memory policy: Data cache writealloc
[    0.000000] cma: Reserved 64 MiB at 0xfbc00000
[    0.000000] On node 0 totalpages: 524287
[    0.000000]   Normal zone: 1536 pages used for memmap
[    0.000000]   Normal zone: 0 pages reserved
[    0.000000]   Normal zone: 196608 pages, LIFO batch:31
[    0.000000]   HighMem zone: 327679 pages, LIFO batch:31
[    0.000000] random: fast init done
[    0.000000] percpu: Embedded 17 pages/cpu @(ptrval) s39168 r8192 d22272 u69632
[    0.000000] pcpu-alloc: s39168 r8192 d22272 u69632 alloc=17*4096
[    0.000000] pcpu-alloc: [0] 0 [0] 1 [0] 2 [0] 3 
[    0.000000] Built 1 zonelists, mobility grouping on.  Total pages: 522751
[    0.000000] Kernel command line: ignore_loglevel console=ttyS0,115200n8 rw root=PARTUUID=4d36e82a-b3c0-4b4b-bfcd-afe5217ac023 rootwait gpt debug noinitrd earlyprintk init=/bin/bash
[    0.000000] Dentry cache hash table entries: 131072 (order: 7, 524288 bytes)
[    0.000000] Inode-cache hash table entries: 65536 (order: 6, 262144 bytes)
[    0.000000] Memory: 1999512K/2097148K available (9216K kernel code, 778K rwdata, 2560K rodata, 1024K init, 299K bss, 32100K reserved, 65536K cma-reserved, 1245180K highmem)
[    0.000000] Virtual kernel memory layout:
[    0.000000]     vector  : 0xffff0000 - 0xffff1000   (   4 kB)
[    0.000000]     fixmap  : 0xffc00000 - 0xfff00000   (3072 kB)
[    0.000000]     vmalloc : 0xf0800000 - 0xff800000   ( 240 MB)
[    0.000000]     lowmem  : 0xc0000000 - 0xf0000000   ( 768 MB)
[    0.000000]     pkmap   : 0xbfe00000 - 0xc0000000   (   2 MB)
[    0.000000]     modules : 0xbf000000 - 0xbfe00000   (  14 MB)
[    0.000000]       .text : 0x(ptrval) - 0x(ptrval)   (10208 kB)
[    0.000000]       .init : 0x(ptrval) - 0x(ptrval)   (1024 kB)
[    0.000000]       .data : 0x(ptrval) - 0x(ptrval)   ( 779 kB)
[    0.000000]        .bss : 0x(ptrval) - 0x(ptrval)   ( 300 kB)
[    0.000000] Preemptible hierarchical RCU implementation.
[    0.000000] 	Tasks RCU enabled.
[    0.000000] NR_IRQS: 16, nr_irqs: 16, preallocated irqs: 16
[    0.000000] /interrupt-controller@60004000: 160 interrupts forwarded to /interrupt-controller@50041000
[    0.000000] Tegra clk 127: register failed with -17
[    0.000005] sched_clock: 32 bits at 1000kHz, resolution 1000ns, wraps every 2147483647500ns
[    0.008026] clocksource: timer_us: mask: 0xffffffff max_cycles: 0xffffffff, max_idle_ns: 1911260446275 ns
[    0.017557] Switching to timer-based delay loop, resolution 1000ns
[    0.024081] arch_timer: cp15 timer(s) running at 12.00MHz (virt).
[    0.029778] clocksource: arch_sys_counter: mask: 0xffffffffffffff max_cycles: 0x2c47f4ee7, max_idle_ns: 440795202497 ns
[    0.040525] sched_clock: 56 bits at 12MHz, resolution 83ns, wraps every 4398046511096ns
[    0.048496] Switching to timer-based delay loop, resolution 83ns
[    0.054669] Console: colour dummy device 80x30
[    0.058903] Calibrating delay loop (skipped), value calculated using timer frequency.. 24.00 BogoMIPS (lpj=120000)
[    0.069214] pid_max: default: 32768 minimum: 301
[    0.073974] Mount-cache hash table entries: 2048 (order: 1, 8192 bytes)
[    0.080395] Mountpoint-cache hash table entries: 2048 (order: 1, 8192 bytes)
[    0.087731] CPU: Testing write buffer coherency: ok
[    0.092402] /cpus/cpu@0 missing clock-frequency property
[    0.097558] /cpus/cpu@1 missing clock-frequency property
[    0.102854] /cpus/cpu@2 missing clock-frequency property
[    0.108134] /cpus/cpu@3 missing clock-frequency property
[    0.113415] CPU0: thread -1, cpu 0, socket 0, mpidr 80000000
[    0.153458] Setting up static identity map for 0x80100000 - 0x801000a0
[    0.158114] Hierarchical SRCU implementation.
[    0.173667] Tegra Revision: A01 SKU: 131 CPU Process: 1 SoC Process: 1
[    0.193461] smp: Bringing up secondary CPUs ...
[    0.243760] CPU1: thread -1, cpu 1, socket 0, mpidr 80000001
[    0.323787] CPU2: thread -1, cpu 2, socket 0, mpidr 80000002
[    0.403825] CPU3: thread -1, cpu 3, socket 0, mpidr 80000003
[    0.413604] smp: Brought up 1 node, 4 CPUs
[    0.432682] SMP: Total of 4 processors activated (96.00 BogoMIPS).
[    0.438841] CPU: All CPU(s) started in SVC mode.
[    0.444129] devtmpfs: initialized
[    0.453088] VFP support v0.3: implementor 41 architecture 4 part 30 variant f rev 0
[    0.458990] clocksource: jiffies: mask: 0xffffffff max_cycles: 0xffffffff, max_idle_ns: 19112604462750000 ns
[    0.468625] futex hash table entries: 1024 (order: 4, 65536 bytes)
[    0.475297] pinctrl core: initialized pinctrl subsystem
[    0.480445] NET: Registered protocol family 16
[    0.484942] DMA: preallocated 256 KiB pool for atomic coherent allocations
[    0.491691] cpuidle: using governor menu
[    0.502793] No ATAGs?
[    0.502854] hw-breakpoint: found 5 (+1 reserved) breakpoint and 4 watchpoint registers.
[    0.511194] hw-breakpoint: maximum watchpoint size is 8 bytes.
[    0.517885] tegra-mc 70019000.memory-controller: no memory timings for RAM code 0 registered
[    0.525540] iommu: Adding device reg-dummy to group 0
[    0.530451] iommu: Adding device 50000000.host1x to group 1
[    0.536001] iommu: Adding device 54200000.dc to group 2
[    0.541194] iommu: Adding device 54240000.dc to group 3
[    0.546388] iommu: Adding device 54280000.hdmi to group 4
[    0.551756] iommu: Adding device 54540000.sor to group 5
[    0.557048] iommu: Adding device 545c0000.dpaux to group 6
[    0.562514] iommu: Adding device 57000000.gpu to group 7
[    0.567793] iommu: Adding device 60005000.timer to group 8
[    0.573250] iommu: Adding device 60007000.flow-controller to group 9
[    0.579579] iommu: Adding device 6000c800.actmon to group 10
[    0.585208] iommu: Adding device 6000d000.gpio to group 11
[    0.590676] iommu: Adding device 60020000.dma to group 12
[    0.596040] iommu: Adding device 70000800.apbmisc to group 13
[    0.601766] iommu: Adding device 70000868.pinmux to group 14
[    0.607394] iommu: Adding device 70006000.serial to group 15
[    0.613033] iommu: Adding device 7000a000.pwm to group 16
[    0.618400] iommu: Adding device 7000c000.i2c to group 17
[    0.623780] iommu: Adding device 7000c400.i2c to group 18
[    0.629148] iommu: Adding device 7000c500.i2c to group 19
[    0.634529] iommu: Adding device 7000c700.i2c to group 20
[    0.639893] iommu: Adding device 7000d000.i2c to group 21
[    0.645276] iommu: Adding device 7000d400.spi to group 22
[    0.650639] iommu: Adding device 7000da00.spi to group 23
[    0.656020] iommu: Adding device 7000e000.rtc to group 24
[    0.661387] iommu: Adding device 7000e400.pmc to group 25
[    0.666769] iommu: Adding device 7000f800.fuse to group 26
[    0.672220] iommu: Adding device 70019000.memory-controller to group 27
[    0.678813] iommu: Adding device 7001b000.emc to group 28
[    0.684180] iommu: Adding device 70030000.hda to group 29
[    0.689563] iommu: Adding device 70090000.usb to group 30
[    0.694927] iommu: Adding device 7009f000.padctl to group 31
[    0.700567] iommu: Adding device 700b0000.sdhci to group 32
[    0.706107] iommu: Adding device 700b0400.sdhci to group 33
[    0.711666] iommu: Adding device 700b0600.sdhci to group 34
[    0.717200] iommu: Adding device 700e2000.thermal-sensor to group 35
[    0.723534] iommu: Adding device 70300000.ahub to group 36
[    0.728988] iommu: Adding device pmu to group 37
[    0.733589] iommu: Adding device timer to group 38
[    0.738347] iommu: Adding device sdhci0_pwrseq to group 39
[    0.743813] iommu: Adding device backlight to group 40
[    0.748924] iommu: Adding device clocks to group 41
[    0.753773] iommu: Adding device gpio-keys to group 42
[    0.758892] iommu: Adding device regulators to group 43
[    0.764087] iommu: Adding device regulators:regulator@0 to group 44
[    0.770333] iommu: Adding device regulators:regulator@1 to group 45
[    0.776567] iommu: Adding device regulators:regulator@2 to group 46
[    0.782813] iommu: Adding device regulators:regulator@3 to group 47
[    0.789049] iommu: Adding device regulators:regulator@4 to group 48
[    0.795294] iommu: Adding device regulators:regulator@5 to group 49
[    0.801526] iommu: Adding device regulators:regulator@6 to group 50
[    0.807774] iommu: Adding device regulators:regulator@7 to group 51
[    0.814009] iommu: Adding device regulators:regulator@8 to group 52
[    0.820255] iommu: Adding device regulators:regulator@9 to group 53
[    0.826487] iommu: Adding device regulators:regulator@10 to group 54
[    0.832822] iommu: Adding device regulators:regulator@11 to group 55
[    0.839140] iommu: Adding device regulators:regulator@12 to group 56
[    0.845472] iommu: Adding device sound to group 57
[    0.850233] iommu: Adding device gpio-restart to group 58
[    0.855612] iommu: Adding device panel to group 59
[    0.866148] +5V_SYS: supplied by +VDD_MUX
[    0.868377] +3.3V_SYS: supplied by +VDD_MUX
[    0.872674] +VDD_LED: Failed to request enable GPIO122: -517
[    0.878045] reg-fixed-voltage regulators:regulator@5: Failed to register regulator: -517
[    0.886129] +5V_VDD_TS_SW: Failed to request enable GPIO81: -517
[    0.892092] reg-fixed-voltage regulators:regulator@6: Failed to register regulator: -517
[    0.900168] +5V_USB_HS: Failed to request enable GPIO108: -517
[    0.905950] reg-fixed-voltage regulators:regulator@7: Failed to register regulator: -517
[    0.914034] +5V_USB_SS: Failed to request enable GPIO109: -517
[    0.919814] reg-fixed-voltage regulators:regulator@8: Failed to register regulator: -517
[    0.927962] +1.05V_RUN_AVDD_HDMI_PLL: Failed to request enable GPIO63: -517
[    0.934807] reg-fixed-voltage regulators:regulator@11: Failed to register regulator: -517
[    0.942980] +5V_HDMI_CON: Failed to request enable GPIO86: -517
[    0.948846] reg-fixed-voltage regulators:regulator@12: Failed to register regulator: -517
[    0.957425] vgaarb: loaded
[    0.959947] SCSI subsystem initialized
[    0.963486] libata version 3.00 loaded.
[    0.967323] usbcore: registered new interface driver usbfs
[    0.972702] usbcore: registered new interface driver hub
[    0.977993] usbcore: registered new device driver usb
[    0.984247] Linux video capture interface: v2.00
[    0.987604] pps_core: LinuxPPS API ver. 1 registered
[    0.992519] pps_core: Software ver. 5.3.6 - Copyright 2005-2007 Rodolfo Giometti <giometti@linux.it>
[    1.001643] PTP clock support registered
[    1.005662] tegra-emc 7001b000.emc: no memory timings for RAM code 0 found in DT
[    1.012900] tegra-emc: probe of 7001b000.emc failed with error -2
[    1.019055] Advanced Linux Sound Architecture Driver Initialized.
[    1.025268] Bluetooth: Core ver 2.22
[    1.028590] NET: Registered protocol family 31
[    1.032992] Bluetooth: HCI device and connection manager initialized
[    1.039333] Bluetooth: HCI socket layer initialized
[    1.044174] Bluetooth: L2CAP socket layer initialized
[    1.049214] Bluetooth: SCO socket layer initialized
[    1.054306] clocksource: Switched to clocksource arch_sys_counter
[    1.091516] NET: Registered protocol family 2
[    1.094354] TCP established hash table entries: 8192 (order: 3, 32768 bytes)
[    1.101005] TCP bind hash table entries: 8192 (order: 4, 65536 bytes)
[    1.107456] TCP: Hash tables configured (established 8192 bind 8192)
[    1.113892] UDP hash table entries: 512 (order: 2, 16384 bytes)
[    1.119631] UDP-Lite hash table entries: 512 (order: 2, 16384 bytes)
[    1.126061] NET: Registered protocol family 1
[    1.130556] RPC: Registered named UNIX socket transport module.
[    1.136172] RPC: Registered udp transport module.
[    1.140842] RPC: Registered tcp transport module.
[    1.145527] RPC: Registered tcp NFSv4.1 backchannel transport module.
[    1.152111] iommu: Adding device regulatory.0 to group 60
[    1.157400] PCI: CLS 0 bytes, default 64
[    1.161911] hw perfevents: enabled with armv7_cortex_a15 PMU driver, 7 counters available
[    1.169631] iommu: Adding device alarmtimer to group 61
[    1.174967] Initialise system trusted keyrings
[    1.179051] workingset: timestamp_bits=30 max_order=19 bucket_order=0
[    1.185887] squashfs: version 4.0 (2009/01/31) Phillip Lougher
[    1.191464] NFS: Registering the id_resolver key type
[    1.196241] Key type id_resolver registered
[    1.200382] Key type id_legacy registered
[    1.206115] Key type asymmetric registered
[    1.208442] Asymmetric key parser 'x509' registered
[    1.213348] bounce: pool size: 64 pages
[    1.217138] io scheduler noop registered (default)
[    1.221876] io scheduler mq-deadline registered
[    1.226388] io scheduler kyber registered
[    1.231017] tegra-xusb-padctl 7009f000.padctl: failed to setup XUSB ports: -517
[    1.243534] tegra-apbdma 60020000.dma: Tegra20 APB DMA driver register 32 channels
[    1.249620] tegra-pmc 7000e400.pmc: i2c-thermtrip node not found, emergency thermal reset disabled.
[    1.258417] Serial: 8250/16550 driver, 4 ports, IRQ sharing disabled
[    1.264571] iommu: Adding device serial8250 to group 62
[    1.270374] console [ttyS0] disabled
[    1.273291] 70006000.serial: ttyS0 at MMIO 0x70006000 (irq = 333, base_baud = 25500000) is a Tegra
[    1.282244] console [ttyS0] enabled
[    1.282244] console [ttyS0] enabled
[    1.288448] bootconsole [earlycon0] disabled
[    1.288448] bootconsole [earlycon0] disabled
[    1.314511] tegra-hdmi 54280000.hdmi: failed to get HDMI regulator
[    1.321055] tegra-dpaux 545c0000.dpaux: failed to get VDD supply: -517
[    1.328517] panel-simple panel: panel supply power not found, using dummy regulator
[    1.339873] loop: module loaded
[    1.343568] as3722 4-0040: AS3722 with revision 0x1 found
[    1.350194] iommu: Adding device as3722-pinctrl to group 63
[    1.357136] iommu: Adding device as3722-regulator to group 64
[    1.364972] as3722-sd2: supplied by +5V_SYS
[    1.369399] as3722-sd3: supplied by +5V_SYS
[    1.373735] +1.35V_LP0(sd3): Bringing 0uV into 1350000-1350000uV
[    1.379928] as3722-sd4: supplied by +5V_SYS
[    1.384264] +1.05V_RUN: Bringing 0uV into 1050000-1050000uV
[    1.390020] as3722-sd5: supplied by +5V_SYS
[    1.395621] as3722-ldo0: supplied by +1.35V_LP0(sd2)
[    1.401365] +1.8V_RUN_CAM: Bringing 0uV into 1800000-1800000uV
[    1.407392] as3722-ldo2: supplied by +1.8V_VDDIO
[    1.413019] as3722-ldo3: supplied by +3.3V_SYS
[    1.417479] +1.00V_LP0_VDD_RTC: Bringing 1100000uV into 1000000-1000000uV
[    1.425061] as3722-ldo4: supplied by +3.3V_SYS
[    1.429659] +3.3V_RUN_CAM: Bringing 0uV into 2800000-2800000uV
[    1.435685] as3722-ldo5: supplied by +1.8V_VDDIO
[    1.440457] +1.2V_RUN_CAM_FRONT: Bringing 0uV into 1200000-1200000uV
[    1.447158] +VDDIO_SDMMC3: Bringing 0uV into 1800000-1800000uV
[    1.453187] as3722-ldo7: supplied by +1.8V_VDDIO
[    1.457969] +1.05V_RUN_CAM_REAR: Bringing 0uV into 1050000-1050000uV
[    1.464528] as3722-ldo9: supplied by +5V_SYS
[    1.469096] +2.8V_RUN_TOUCH: Bringing 0uV into 2800000-2800000uV
[    1.475308] as3722-ldo10: supplied by +5V_SYS
[    1.479824] +2.8V_RUN_CAM_AF: Bringing 0uV into 2800000-2800000uV
[    1.486271] +1.8V_RUN_VPP_FUSE: Bringing 0uV into 1800000-1800000uV
[    1.492788] iommu: Adding device as3722-rtc to group 65
[    1.498072] iommu: Adding device as3722-adc to group 66
[    1.503334] iommu: Adding device as3722-power-off to group 67
[    1.509126] iommu: Adding device as3722-wdt to group 68
[    1.527191] iommu: Adding device cros-ec-ctl.0.auto to group 69
[    1.533171] iommu: Adding device 7000d400.spi:cros-ec@0:i2c-tunnel to group 70
[    1.540508] iommu: Adding device 7000d400.spi:cros-ec@0:keyboard-controller to group 71
[    1.551413] cros-ec-spi spi0.0: Chrome EC device registered
[    1.566334] m25p80 spi1.0: w25q32dw (4096 Kbytes)
[    1.581807] iommu: Adding device Fixed MDIO bus.0 to group 72
[    1.587615] libphy: Fixed MDIO Bus: probed
[    1.591698] CAN device driver interface
[    1.595547] igb: Intel(R) Gigabit Ethernet Network Driver - version 5.4.0-k
[    1.602490] igb: Copyright (c) 2007-2014 Intel Corporation.
[    1.608105] pegasus: v0.9.3 (2013/04/25), Pegasus/Pegasus II USB Ethernet driver
[    1.615516] usbcore: registered new interface driver pegasus
[    1.621180] usbcore: registered new interface driver asix
[    1.626597] usbcore: registered new interface driver ax88179_178a
[    1.632691] usbcore: registered new interface driver cdc_ether
[    1.638539] usbcore: registered new interface driver smsc75xx
[    1.644291] usbcore: registered new interface driver smsc95xx
[    1.650044] usbcore: registered new interface driver net1080
[    1.655716] usbcore: registered new interface driver cdc_subset
[    1.661635] usbcore: registered new interface driver zaurus
[    1.667224] usbcore: registered new interface driver cdc_ncm
[    1.672959] ehci_hcd: USB 2.0 'Enhanced' Host Controller (EHCI) Driver
[    1.679476] ehci-pci: EHCI PCI platform driver
[    1.683925] tegra-ehci: Tegra EHCI driver
[    1.688198] usbcore: registered new interface driver cdc_acm
[    1.693841] cdc_acm: USB Abstract Control Model driver for USB modems and ISDN adapters
[    1.701851] usbcore: registered new interface driver cdc_wdm
[    1.707524] usbcore: registered new interface driver usb-storage
[    1.714188] input: cros_ec as /devices/soc0/7000d400.spi/spi_master/spi0/spi0.0/7000d400.spi:cros-ec@0:keyboard-controller/input/input0
[    1.733802] as3722-rtc as3722-rtc: rtc core: registered as3722-rtc as rtc0
[    1.740668] as3722-rtc as3722-rtc: RTC interrupt 372
[    1.747429] tegra_rtc 7000e000.rtc: rtc core: registered 7000e000.rtc as rtc1
[    1.754571] tegra_rtc 7000e000.rtc: Tegra internal Real Time Clock
[    1.760846] i2c /dev entries driver
[    1.764751] usbcore: registered new interface driver uvcvideo
[    1.770481] USB Video Class driver (1.1.1)
[    1.774572] gspca_main: v2.14.0 registered
[    1.778890] lm90 0-004c: 0-004c supply vcc not found, using dummy regulator
[    1.787553] tegra-wdt 60005000.timer: initialized (heartbeat = 120 sec, nowayout = 0)
[    1.795589] iommu: Adding device cpufreq-tegra124 to group 73
[    1.801638] sdhci: Secure Digital Host Controller Interface driver
[    1.807814] sdhci: Copyright(c) Pierre Ossman
[    1.812157] sdhci-pltfm: SDHCI platform and OF driver helper
[    1.817936] sdhci-tegra 700b0000.sdhci: allocated mmc-pwrseq
[    1.831729] sdhci-tegra 700b0400.sdhci: Got CD GPIO
[    1.836613] sdhci-tegra 700b0400.sdhci: Got WP GPIO
[    1.856449] mmc0: Unknown controller version (3). You may experience problems.
[    1.863681] mmc0: Invalid maximum block size, assuming 512 bytes
[    1.934340] mmc0: SDHCI controller on 700b0600.sdhci [700b0600.sdhci] using ADMA
[    1.942050] usbcore: registered new interface driver usbhid
[    1.948741] usbhid: USB HID core driver
[    1.955620] iommu: Adding device snd-soc-dummy to group 74
[    1.962493] iommu: Adding device 70301100.i2s to group 75
[    1.968447] tegra30-i2s 70301100.i2s: DMA channels sourced from device 70300000.ahub
[    2.014802] max98090 0-0010: MAX98090 REVID=0x43
[    2.021339] max98090 0-0010: use default 2.8v micbias
[    2.028865] tegra-snd-max98090 sound: HiFi <-> 70301100.i2s mapping ok
[    2.036144] mmc0: new high speed MMC card at address 0001
[    2.041757] mmcblk0: mmc0:0001 MMC16G 14.4 GiB 
[    2.046463] mmcblk0boot0: mmc0:0001 MMC16G partition 1 2.00 MiB
[    2.052578] input: GoogleNyanBig Headphones as /devices/soc0/sound/sound/card1/input1
[    2.060550] mmcblk0boot1: mmc0:0001 MMC16G partition 2 2.00 MiB
[    2.066546] mmcblk0rpmb: mmc0:0001 MMC16G partition 3 128 KiB, chardev (247:0)
[    2.066638] input: GoogleNyanBig Mic Jack as /devices/soc0/sound/sound/card1/input2
[    2.081838] NET: Registered protocol family 10
[    2.084516]  mmcblk0: p1 p2 p3 p4 p5 p6 p7 p8 p9 p10 p11 p12
[    2.092423] Segment Routing with IPv6
[    2.096148] mip6: Mobile IPv6
[    2.099107] sit: IPv6, IPv4 and MPLS over IPv4 tunneling driver
[    2.105552] NET: Registered protocol family 17
[    2.109990] NET: Registered protocol family 15
[    2.114428] can: controller area network core (rev 20170425 abi 9)
[    2.120690] NET: Registered protocol family 29
[    2.125127] can: raw protocol (rev 20170425)
[    2.129384] can: broadcast manager protocol (rev 20170425 t)
[    2.135037] can: netlink gateway (rev 20170425) max_hops=1
[    2.140579] Bluetooth: RFCOMM socket layer initialized
[    2.145719] Bluetooth: RFCOMM ver 1.11
[    2.149460] Bluetooth: BNEP (Ethernet Emulation) ver 1.3
[    2.154791] Bluetooth: BNEP socket layer initialized
[    2.159742] Bluetooth: HIDP (Human Interface Emulation) ver 1.2
[    2.165654] Bluetooth: HIDP socket layer initialized
[    2.170703] Key type dns_resolver registered
[    2.175168] Registering SWP/SWPB emulation handler
[    2.180224] Loading compiled-in X.509 certificates
[    2.191619] +3.3V_RUN: supplied by +3.3V_SYS
[    2.196616] +VDD_LED: supplied by +VDD_MUX
[    2.200812] +3.3V_AVDD_HDMI_AP_GATED: supplied by +3.3V_RUN
[    2.206504] +1.8V_RUN_CAM: supplied by +3.3V_RUN
[    2.211147] +VDDIO_SDMMC3: supplied by +3.3V_RUN
[    2.215881] +1.8V_RUN_VPP_FUSE: supplied by +3.3V_RUN
[    2.221058] +5V_VDD_TS_SW: supplied by +5V_SYS
[    2.225790] +5V_USB_HS: supplied by +5V_SYS
[    2.230107] +5V_USB_SS: supplied by +5V_SYS
[    2.235261] +3.3V_PANEL: supplied by +3.3V_RUN
[    2.240536] +3.3V_LP0: supplied by +3.3V_SYS
[    2.245571] +1.05V_RUN_AVDD_HDMI_PLL: supplied by +1.05V_RUN
[    2.251561] +5V_HDMI_CON: supplied by +5V_SYS
[    2.256749]  usb3-0: usb3-0 supply vbus not found, using dummy regulator
[    2.263495]  usb3-1: usb3-1 supply vbus not found, using dummy regulator
[    2.272791] tegra-sor 54540000.sor: failed to probe output: -517
[    2.278975] panel-simple panel: panel supply power not found, using dummy regulator
[    2.288723] tegra-xusb 70090000.usb: Direct firmware load for nvidia/tegra124/xusb.bin failed with error -2
[    2.298491] tegra-xusb 70090000.usb: failed to request firmware: -2
[    2.304782] tegra-xusb 70090000.usb: failed to load firmware: -2
[    2.311833] tegra-xusb: probe of 70090000.usb failed with error -2
[    2.318571] sdhci-tegra 700b0000.sdhci: allocated mmc-pwrseq
[    2.332416] mmc1: Unknown controller version (3). You may experience problems.
[    2.339893] mmc1: Invalid maximum block size, assuming 512 bytes
[    2.346411] mmc1: Switching to 3.3V signalling voltage failed
[    2.404397] mmc1: SDHCI controller on 700b0000.sdhci [700b0000.sdhci] using ADMA
[    2.412013] sdhci-tegra 700b0400.sdhci: Got CD GPIO
[    2.416933] sdhci-tegra 700b0400.sdhci: Got WP GPIO
[    2.430365] mmc2: Unknown controller version (3). You may experience problems.
[    2.437680] mmc2: Invalid maximum block size, assuming 512 bytes
[    2.470811] mmc1: new high speed SDIO card at address 0001
[    2.504451] mmc2: SDHCI controller on 700b0400.sdhci [700b0400.sdhci] using ADMA
[    2.609183] [drm] Supports vblank timestamp caching Rev 2 (21.10.2013).
[    2.615842] [drm] No driver support for vblank timestamp query.
[    2.655456] mmc2: new high speed SDHC card at address 0007
[    2.655789] mmcblk2: mmc2:0007 SD08G 7.42 GiB 
[    2.664471] GPT:Primary header alternate_lba != Alt. header my_lba
[    2.664475] GPT:3014591 != 15564799
[    2.664476] GPT:Primary header thinks Alt. header is not at the end of the disk.
[    2.664478] GPT:3014591 != 15564799
[    2.664479] GPT: Use GNU Parted to correct GPT errors.
[    2.664504]  mmcblk2: p1 p2 p3 p4 p5 p6 p7 p8 p9 p10 p11 p12
[    2.704703] Console: switching to colour frame buffer device 170x48
[    2.715083] input: tegra-hda HDMI/DP,pcm=3 as /devices/soc0/70030000.hda/sound/card0/input3
[    2.776904] drm drm: fb0:  frame buffer device
[    2.781399] [drm] Initialized tegra 0.0.0 20120330 for drm on minor 0
[    2.788375] input: gpio-keys as /devices/soc0/gpio-keys/input/input4
[    2.795805] as3722-rtc as3722-rtc: setting system clock to 2000-01-01 00:00:25 UTC (946684825)
[    2.804594] cfg80211: Loading compiled-in X.509 certificates for regulatory database
[    2.813695] cfg80211: Loaded X.509 cert 'sforshee: 00b28ddf47aef9cea7'
[    2.820373] platform regulatory.0: Direct firmware load for regulatory.db failed with error -2
[    2.829013] cfg80211: failed to load regulatory.db
[    2.829408] +1.8V_RUN_CAM: disabling
[    2.829677] +1.2V_RUN_CAM_FRONT: disabling
[    2.829945] +1.05V_RUN_CAM_REAR: disabling
[    2.830209] +2.8V_RUN_TOUCH: disabling
[    2.830467] +2.8V_RUN_CAM_AF: disabling
[    2.830702] +1.8V_RUN_VPP_FUSE: disabling
[    2.830936] +5V_VDD_TS_SW: disabling
[    2.830942] +5V_USB_HS: disabling
[    2.830945] +5V_USB_SS: disabling
[    2.830952] ALSA device list:
[    2.830955]   #0: tegra-hda at 0x70038000 irq 343
[    2.830957]   #1: GoogleNyanBig
[    2.879027] EXT4-fs (mmcblk0p3): couldn't mount as ext3 due to feature incompatibilities
[    3.292344] EXT4-fs (mmcblk0p3): recovery complete
[    3.297170] EXT4-fs (mmcblk0p3): mounted filesystem with ordered data mode. Opts: (null)
[    3.305303] VFS: Mounted root (ext4 filesystem) on device 179:3.
[    3.312468] devtmpfs: mounted
[    3.315901] Freeing unused kernel memory: 1024K
bash: cannot set terminal process group (-1): Inappropriate ioctl for device
bash: no job control in this shell
root@(none):/# mount -t sysfs none /sys
root@(none):/# 
root@(none):/# mount -t debugfs none /sys/kernel/debug
root@(none):/# 
root@(none):/# rtcwake -d rtc1 -m mem -s 3
rtcwake: assuming RTC uses UTC ...
rtcwake: wakeup from "mem" using /dev/rtc1 at Thu Jan  1 00:00:30 1970
[    6.708179] PM: suspend entry (deep)
[    6.711750] PM: Syncing filesystems ... done.
[    6.718022] Freezing user space processes ... (elapsed 0.001 seconds) done.
[    6.719181] OOM killer disabled.
[    6.719182] Freezing remaining freezable tasks ... (elapsed 0.001 seconds) done.
[    6.720329] Suspending console(s) (use no_console_suspend to debug)
[    6.967511] Disabling non-boot CPUs ...
[    7.104478] IRQ17 no longer affine to CPU2
[    7.164946] Entering suspend state LP1
[    7.164957] Enabling non-boot CPUs ...
[    7.165684] CPU1 is up
[    7.166329] CPU2 is up
[    7.167021] CPU3 is up
[    7.208366] cros-ec-spi spi0.0: spi transfer failed: -121
[    7.219655] mmc1: Switching to 3.3V signalling voltage failed
[    7.474298] tegra-sor 54540000.sor: failed to attach SOR: -110
[    8.284593] OOM killer enabled.
[    8.287737] Restarting tasks ... done.
[    8.307379] PM: suspend exit
root@(none):/# 
root@(none):/# rtcwake -d rtc1 -m mem -s 3
rtcwake: assuming RTC uses UTC ...
rtcwake: wakeup from "mem" using /dev/rtc1 at Thu Jan  1 00:00:35 1970
[    8.994614] PM: suspend entry (deep)
[    8.998186] PM: Syncing filesystems ... done.
[    9.004021] Freezing user space processes ... (elapsed 0.001 seconds) done.
[    9.005207] OOM killer disabled.
[    9.005208] Freezing remaining freezable tasks ... (elapsed 0.001 seconds) done.
[    9.006380] Suspending console(s) (use no_console_suspend to debug)
[    9.247507] Disabling non-boot CPUs ...
[    9.404927] Entering suspend state LP1
[    9.404952] Enabling non-boot CPUs ...
[    9.405687] CPU1 is up
[    9.406328] CPU2 is up
[    9.407014] CPU3 is up
[    9.448443] cros-ec-spi spi0.0: spi transfer failed: -121
[    9.459602] mmc1: Switching to 3.3V signalling voltage failed
[    9.714323] tegra-sor 54540000.sor: failed to attach SOR: -110
[   10.520402] OOM killer enabled.
[   10.523535] Restarting tasks ... done.
root@(none):/# 
[   10.527831] PM: suspend exit
root@(none):/# rtcwake -d rtc1 -m mem -s 3
rtcwake: assuming RTC uses UTC ...
rtcwake: wakeup from "mem" using /dev/rtc1 at Thu Jan  1 00:00:40 1970
[   11.234221] PM: suspend entry (deep)
[   11.237857] PM: Syncing filesystems ... done.
[   11.243802] Freezing user space processes ... (elapsed 0.001 seconds) done.
[   11.244909] OOM killer disabled.
[   11.244910] Freezing remaining freezable tasks ... (elapsed 0.001 seconds) done.
[   11.246070] Suspending console(s) (use no_console_suspend to debug)
[   11.487491] Disabling non-boot CPUs ...
[   11.634895] Entering suspend state LP1
[   11.634920] Enabling non-boot CPUs ...
[   11.635654] CPU1 is up
[   11.636299] CPU2 is up
[   11.636992] CPU3 is up
[   11.678202] cros-ec-spi spi0.0: spi transfer failed: -121
[   11.689483] mmc1: Switching to 3.3V signalling voltage failed
[   11.944282] tegra-sor 54540000.sor: failed to attach SOR: -110
[   12.013157] OOM killer enabled.
[   12.016329] Restarting tasks ... done.
root@(none):/# 
[   12.020592] PM: suspend exit
root@(none):/# rtcwake -d rtc1 -m mem -s 3
rtcwake: assuming RTC uses UTC ...
rtcwake: wakeup from "mem" using /dev/rtc1 at Thu Jan  1 00:00:44 1970
[   12.464445] PM: suspend entry (deep)
[   12.468013] PM: Syncing filesystems ... done.
[   12.473781] Freezing user space processes ... (elapsed 0.001 seconds) done.
[   12.474951] OOM killer disabled.
[   12.474952] Freezing remaining freezable tasks ... (elapsed 0.001 seconds) done.
[   12.476117] Suspending console(s) (use no_console_suspend to debug)
[   12.717428] Disabling non-boot CPUs ...
[   12.874869] Entering suspend state LP1
[   12.874894] Enabling non-boot CPUs ...
[   12.875630] CPU1 is up
[   12.876267] CPU2 is up
[   12.876953] CPU3 is up
[   12.918257] cros-ec-spi spi0.0: spi transfer failed: -121
[   12.929387] mmc1: Switching to 3.3V signalling voltage failed
[   13.184294] tegra-sor 54540000.sor: failed to attach SOR: -110
[   13.253038] OOM killer enabled.
[   13.256210] Restarting tasks ... done.
root@(none):/# 
[   13.260516] PM: suspend exit
root@(none):/# rtcwake -d rtc1 -m mem -s 3
rtcwake: assuming RTC uses UTC ...
rtcwake: wakeup from "mem" using /dev/rtc1 at Thu Jan  1 00:00:48 1970
[   13.704635] PM: suspend entry (deep)
[   13.708204] PM: Syncing filesystems ... done.
[   13.714113] Freezing user space processes ... (elapsed 0.001 seconds) done.
[   13.715211] OOM killer disabled.
[   13.715212] Freezing remaining freezable tasks ... (elapsed 0.001 seconds) done.
[   13.716369] Suspending console(s) (use no_console_suspend to debug)
[   13.957398] Disabling non-boot CPUs ...
[   14.114909] Entering suspend state LP1
[   14.114934] Enabling non-boot CPUs ...
[   14.115674] CPU1 is up
[   14.116319] CPU2 is up
[   14.117016] CPU3 is up
[   14.158227] cros-ec-spi spi0.0: spi transfer failed: -121
[   14.169900] mmc1: Switching to 3.3V signalling voltage failed
[   14.424231] tegra-sor 54540000.sor: failed to attach SOR: -110
[   14.493566] OOM killer enabled.
[   14.496738] Restarting tasks ... done.
root@(none):/# 
[   14.500996] PM: suspend exit
root@(none):/# rtcwake -d rtc1 -m mem -s 3
rtcwake: assuming RTC uses UTC ...
rtcwake: wakeup from "mem" using /dev/rtc1 at Thu Jan  1 00:00:52 1970
[   14.944502] PM: suspend entry (deep)
[   14.948074] PM: Syncing filesystems ... done.
[   14.957664] Freezing user space processes ... (elapsed 0.001 seconds) done.
[   14.965797] OOM killer disabled.
[   14.969013] Freezing remaining freezable tasks ... (elapsed 0.001 seconds) done.
[   14.977592] Suspending console(s) (use no_console_suspend to debug)
[   15.187382] Disabling non-boot CPUs ...
[   15.354812] Entering suspend state LP1
[   15.354837] Enabling non-boot CPUs ...
[   15.355589] CPU1 is up
[   15.356229] CPU2 is up
[   15.356925] CPU3 is up
[   15.398098] cros-ec-spi spi0.0: spi transfer failed: -121
[   15.409545] mmc1: Switching to 3.3V signalling voltage failed
[   15.664172] tegra-sor 54540000.sor: failed to attach SOR: -110
[   16.470246] OOM killer enabled.
[   16.473375] Restarting tasks ... done.
root@(none):/# 
[   16.477642] PM: suspend exit
root@(none):/# rtcwake -d rtc1 -m mem -s 3
rtcwake: assuming RTC uses UTC ...
rtcwake: wakeup from "mem" using /dev/rtc1 at Thu Jan  1 00:00:57 1970
[   17.184245] PM: suspend entry (deep)
[   17.187814] PM: Syncing filesystems ... done.
[   17.193559] Freezing user space processes ... (elapsed 0.001 seconds) done.
[   17.194676] OOM killer disabled.
[   17.194677] Freezing remaining freezable tasks ... (elapsed 0.001 seconds) done.
[   17.195833] Suspending console(s) (use no_console_suspend to debug)
[   17.437352] Disabling non-boot CPUs ...
[   17.534351] IRQ17 no longer affine to CPU2
[   17.594806] Entering suspend state LP1
[   17.594831] Enabling non-boot CPUs ...
[   17.595570] CPU1 is up
[   17.596206] CPU2 is up
[   17.596906] CPU3 is up
[   17.638176] cros-ec-spi spi0.0: spi transfer failed: -121
[   17.649341] mmc1: Switching to 3.3V signalling voltage failed
[   17.904185] tegra-sor 54540000.sor: failed to attach SOR: -110
[   17.977168] OOM killer enabled.
[   17.980298] Restarting tasks ... done.
root@(none):/# 
[   17.984564] PM: suspend exit
root@(none):/# rtcwake -d rtc1 -m mem -s 3
rtcwake: assuming RTC uses UTC ...
rtcwake: wakeup from "mem" using /dev/rtc1 at Thu Jan  1 00:01:01 1970
[   18.424181] PM: suspend entry (deep)
[   18.427749] PM: Syncing filesystems ... done.
[   18.433511] Freezing user space processes ... (elapsed 0.001 seconds) done.
[   18.434638] OOM killer disabled.
[   18.434639] Freezing remaining freezable tasks ... (elapsed 0.001 seconds) done.
[   18.435794] Suspending console(s) (use no_console_suspend to debug)
[   18.677310] Disabling non-boot CPUs ...
[   18.834762] Entering suspend state LP1
[   18.834787] Enabling non-boot CPUs ...
[   18.835541] CPU1 is up
[   18.836179] CPU2 is up
[   18.836872] CPU3 is up
[   18.878189] cros-ec-spi spi0.0: spi transfer failed: -121
[   18.889453] mmc1: Switching to 3.3V signalling voltage failed
[   19.144177] tegra-sor 54540000.sor: failed to attach SOR: -110
[   19.213002] OOM killer enabled.
[   19.216197] Restarting tasks ... done.
root@(none):/# 
[   19.220451] PM: suspend exit
root@(none):/# rtcwake -d rtc1 -m mem -s 3
rtcwake: assuming RTC uses UTC ...
rtcwake: wakeup from "mem" using /dev/rtc1 at Thu Jan  1 00:01:05 1970
[   19.663278] PM: suspend entry (deep)
[   19.666865] PM: Syncing filesystems ... done.
[   19.672362] Freezing user space processes ... (elapsed 0.004 seconds) done.
[   19.684049] OOM killer disabled.
[   19.687286] Freezing remaining freezable tasks ... (elapsed 0.001 seconds) done.
[   19.695864] Suspending console(s) (use no_console_suspend to debug)
[   19.906719] Disabling non-boot CPUs ...
[   20.064751] Entering suspend state LP1
[   20.064775] Enabling non-boot CPUs ...
[   20.065515] CPU1 is up
[   20.066153] CPU2 is up
[   20.066852] CPU3 is up
[   20.108206] cros-ec-spi spi0.0: spi transfer failed: -121
[   20.119754] mmc1: Switching to 3.3V signalling voltage failed
[   20.374101] tegra-sor 54540000.sor: failed to attach SOR: -110
[   20.443274] OOM killer enabled.
[   20.446446] Restarting tasks ... done.
root@(none):/# 
[   20.450711] PM: suspend exit
root@(none):/# rtcwake -d rtc1 -m mem -s 3
rtcwake: assuming RTC uses UTC ...
rtcwake: wakeup from "mem" using /dev/rtc1 at Thu Jan  1 00:01:09 1970
[   20.903557] PM: suspend entry (deep)
[   20.907144] PM: Syncing filesystems ... done.
[   20.912821] Freezing user space processes ... (elapsed 0.001 seconds) done.
[   20.913920] OOM killer disabled.
[   20.913921] Freezing remaining freezable tasks ... (elapsed 0.001 seconds) done.
[   20.915083] Suspending console(s) (use no_console_suspend to debug)
[   21.147258] Disabling non-boot CPUs ...
[   21.304790] Entering suspend state LP1
[   21.304816] Enabling non-boot CPUs ...
[   21.305557] CPU1 is up
[   21.306196] CPU2 is up
[   21.306894] CPU3 is up
[   21.348625] cros-ec-spi spi0.0: spi transfer failed: -121
[   21.359890] mmc1: Switching to 3.3V signalling voltage failed
[   21.614143] tegra-sor 54540000.sor: failed to attach SOR: -110
[   21.683491] OOM killer enabled.
[   21.686660] Restarting tasks ... done.
root@(no[   21.697564] PM: suspend exit
ne):/# 
root@(none):/# NVTB SYSTEM SUSPEND TEST COMPLETE
