
U-Boot SPL 2014.01-00219-gc4d376f (Feb 18 2014 - 19:57:18)


U-Boot 2014.01-00219-gc4d376f (Feb 18 2014 - 19:57:18)

TEGRA30
Board: NVIDIA Beaver
I2C:   ready
DRAM:  2 GiB
MMC:   Tegra SD/MMC: 0, Tegra SD/MMC: 1
In:    serial
Out:   serial
Err:   serial
Net:   Net Initialization Skipped
No ethernet found.
Hit any key to stop autoboot:  2  0 
Tegra30 (Beaver) # 
Tegra30 (Beaver) # usb reset
(Re)start USB...
USB0:   USB EHCI 1.00
scanning bus 0 for devices... 2 USB Device(s) found
       scanning usb for storage devices... 0 Storage Device(s) found
       scanning usb for ethernet devices... 
Warning: asx0 using MAC address from net device
1 Ethernet Device(s) found
Tegra30 (Beaver) # setenv bootargs 'ignore_loglevel console=ttyS0,115200n8 rw root=PARTUUID=edbe1840-3633-c751-7993-b0ac834f81e0 rootwait gpt debug noinitrd earlyprintk init=/bin/bash'
Tegra30 (Beaver) # setenv ipaddr 192.168.100.101; setenv serverip 192.168.100.1; setenv tftpserverip 192.168.100.1
Tegra30 (Beaver) # tftpboot 0x81000000 zImage.multi_v7_defconfig
Using asx0 device
TFTP from server 192.168.100.1; our IP address is 192.168.100.101
Filename 'zImage.multi_v7_defconfig'.
Load address: 0x81000000
Loading: *#################################################################
	 #################################################################
	 #################################################################
	 #################################################################
	 #################################################################
	 #################################################################
	 #################################################################
	 #################################################################
	 #####################################
	 2.8 MiB/s
done
Bytes transferred = 8167936 (7ca200 hex)
Tegra30 (Beaver) # tftpboot 0x82000000 tegra30-beaver.dtb
Using asx0 device
TFTP from server 192.168.100.1; our IP address is 192.168.100.101
Filename 'tegra30-beaver.dtb'.
Load address: 0x82000000
Loading: *####
	 2.9 MiB/s
done
Bytes transferred = 51860 (ca94 hex)
Tegra30 (Beaver) # bootz 0x81000000 - 0x82000000
Kernel image @ 0x81000000 [ 0x000000 - 0x7ca200 ]
## Flattened Device Tree blob at 82000000
   Booting using the fdt blob at 0x82000000
   Loading Device Tree to 8fff0000, end 8ffffa93 ... OK

Starting kernel ...

[    0.000000] Booting Linux on physical CPU 0x0
[    0.000000] Linux version 4.14.0-rc8-201588-g39dae59 (jonathanh@sellafield) (gcc version 4.7.3 20130328 (prerelease) (crosstool-NG linaro-1.13.1-4.7-2013.04-20130415 - Linaro GCC 2013.04)) #1 SMP Sun Nov 5 13:36:06 PST 2017
[    0.000000] CPU: ARMv7 Processor [412fc099] revision 9 (ARMv7), cr=10c5387d
[    0.000000] CPU: PIPT / VIPT nonaliasing data cache, VIPT aliasing instruction cache
[    0.000000] OF: fdt: Machine model: NVIDIA Tegra30 Beaver evaluation board
[    0.000000] debug: ignoring loglevel setting.
[    0.000000] Memory policy: Data cache writealloc
[    0.000000] efi: Getting EFI parameters from FDT:
[    0.000000] efi: UEFI not found.
[    0.000000] cma: Reserved 64 MiB at 0xfb800000
[    0.000000] On node 0 totalpages: 524032
[    0.000000] free_area_init_node: node 0, pgdat c158fa80, node_mem_map eeff8000
[    0.000000]   DMA zone: 1536 pages used for memmap
[    0.000000]   DMA zone: 0 pages reserved
[    0.000000]   DMA zone: 196608 pages, LIFO batch:31
[    0.000000]   HighMem zone: 327424 pages, LIFO batch:31
[    0.000000] random: fast init done
[    0.000000] percpu: Embedded 17 pages/cpu @eef88000 s39424 r8192 d22016 u69632
[    0.000000] pcpu-alloc: s39424 r8192 d22016 u69632 alloc=17*4096
[    0.000000] pcpu-alloc: [0] 0 [0] 1 [0] 2 [0] 3 
[    0.000000] Built 1 zonelists, mobility grouping on.  Total pages: 522496
[    0.000000] Kernel command line: ignore_loglevel console=ttyS0,115200n8 rw root=PARTUUID=edbe1840-3633-c751-7993-b0ac834f81e0 rootwait gpt debug noinitrd earlyprintk init=/bin/bash
[    0.000000] PID hash table entries: 4096 (order: 2, 16384 bytes)
[    0.000000] Dentry cache hash table entries: 131072 (order: 7, 524288 bytes)
[    0.000000] Inode-cache hash table entries: 65536 (order: 6, 262144 bytes)
[    0.000000] Memory: 1993396K/2096128K available (10240K kernel code, 1631K rwdata, 4504K rodata, 2048K init, 406K bss, 37196K reserved, 65536K cma-reserved, 1244160K highmem)
[    0.000000] Virtual kernel memory layout:
[    0.000000]     vector  : 0xffff0000 - 0xffff1000   (   4 kB)
[    0.000000]     fixmap  : 0xffc00000 - 0xfff00000   (3072 kB)
[    0.000000]     vmalloc : 0xf0800000 - 0xff800000   ( 240 MB)
[    0.000000]     lowmem  : 0xc0000000 - 0xf0000000   ( 768 MB)
[    0.000000]     pkmap   : 0xbfe00000 - 0xc0000000   (   2 MB)
[    0.000000]     modules : 0xbf000000 - 0xbfe00000   (  14 MB)
[    0.000000]       .text : 0xc0208000 - 0xc0d00000   (11232 kB)
[    0.000000]       .init : 0xc1200000 - 0xc1400000   (2048 kB)
[    0.000000]       .data : 0xc1400000 - 0xc1597f28   (1632 kB)
[    0.000000]        .bss : 0xc15a0b9c - 0xc16064fc   ( 407 kB)
[    0.000000] SLUB: HWalign=64, Order=0-3, MinObjects=0, CPUs=4, Nodes=1
[    0.000000] Hierarchical RCU implementation.
[    0.000000] 	RCU event tracing is enabled.
[    0.000000] 	RCU restricting CPUs from NR_CPUS=16 to nr_cpu_ids=4.
[    0.000000] RCU: Adjusting geometry for rcu_fanout_leaf=16, nr_cpu_ids=4
[    0.000000] NR_IRQS: 16, nr_irqs: 16, preallocated irqs: 16
[    0.000000] /interrupt-controller@60004000: 160 interrupts forwarded to /interrupt-controller@50041000
[    0.000000] L2C: platform modifies aux control register: 0x02080000 -> 0x3e480001
[    0.000000] L2C: DT/platform modifies aux control register: 0x02080000 -> 0x3e480001
[    0.000000] L2C-310 erratum 769419 enabled
[    0.000000] L2C-310 enabling early BRESP for Cortex-A9
[    0.000000] L2C-310: enabling full line of zeros but not enabled in Cortex-A9
[    0.000000] L2C-310 dynamic clock gating enabled, standby mode enabled
[    0.000000] L2C-310 cache controller enabled, 8 ways, 1024 kB
[    0.000000] L2C-310: CACHE_ID 0x410000c7, AUX_CTRL 0x4e480001
[    0.000014] sched_clock: 32 bits at 1000kHz, resolution 1000ns, wraps every 2147483647500ns
[    0.000032] clocksource: timer_us: mask: 0xffffffff max_cycles: 0xffffffff, max_idle_ns: 1911260446275 ns
[    0.000041] Switching to timer-based delay loop, resolution 1000ns
[    0.002884] Console: colour dummy device 80x30
[    0.002916] Calibrating delay loop (skipped), value calculated using timer frequency.. 2.00 BogoMIPS (lpj=10000)
[    0.002926] pid_max: default: 32768 minimum: 301
[    0.003011] Mount-cache hash table entries: 2048 (order: 1, 8192 bytes)
[    0.003019] Mountpoint-cache hash table entries: 2048 (order: 1, 8192 bytes)
[    0.003419] CPU: Testing write buffer coherency: ok
[    0.003723] CPU0: thread -1, cpu 0, socket 0, mpidr 80000000
[    0.003945] Setting up static identity map for 0x80300000 - 0x803000a0
[    0.005286] Hierarchical SRCU implementation.
[    0.006618] Tegra Revision: A03 SKU: 128 CPU Process: 4 SoC Process: 0
[    0.007182] EFI services will not be available.
[    0.007283] smp: Bringing up secondary CPUs ...
[    0.010376] CPU1: thread -1, cpu 1, socket 0, mpidr 80000001
[    0.020350] CPU2: thread -1, cpu 2, socket 0, mpidr 80000002
[    0.030333] CPU3: thread -1, cpu 3, socket 0, mpidr 80000003
[    0.030386] smp: Brought up 1 node, 4 CPUs
[    0.030399] SMP: Total of 4 processors activated (8.00 BogoMIPS).
[    0.030404] CPU: All CPU(s) started in SVC mode.
[    0.031121] devtmpfs: initialized
[    0.038372] VFP support v0.3: implementor 41 architecture 3 part 30 variant 9 rev 4
[    0.038812] clocksource: jiffies: mask: 0xffffffff max_cycles: 0xffffffff, max_idle_ns: 19112604462750000 ns
[    0.038832] futex hash table entries: 1024 (order: 4, 65536 bytes)
[    0.042264] pinctrl core: initialized pinctrl subsystem
[    0.043657] DMI not present or invalid.
[    0.043905] NET: Registered protocol family 16
[    0.046859] DMA: preallocated 256 KiB pool for atomic coherent allocations
[    0.048546] cpuidle: using governor menu
[    0.061779] No ATAGs?
[    0.061886] hw-breakpoint: found 5 (+1 reserved) breakpoint and 1 watchpoint registers.
[    0.061898] hw-breakpoint: maximum watchpoint size is 4 bytes.
[    0.066093] Serial: AMBA PL011 UART driver
[    0.066565] tegra-mc 7000f000.memory-controller: no memory timings for RAM code 3 registered
[    0.066665] iommu: Adding device reg-dummy to group 0
[    0.066698] iommu: Adding device 3000.pcie to group 1
[    0.066718] iommu: Adding device 50000000.host1x to group 2
[    0.066736] iommu: Adding device 54040000.mpe to group 3
[    0.066754] iommu: Adding device 54080000.vi to group 4
[    0.066773] iommu: Adding device 540c0000.epp to group 5
[    0.066792] iommu: Adding device 54100000.isp to group 6
[    0.066809] iommu: Adding device 54140000.gr2d to group 7
[    0.066827] iommu: Adding device 54180000.gr3d to group 8
[    0.066896] iommu: Adding device 54200000.dc to group 9
[    0.066944] iommu: Adding device 54240000.dc to group 10
[    0.066965] iommu: Adding device 54280000.hdmi to group 11
[    0.066983] iommu: Adding device 50040600.timer to group 12
[    0.067002] iommu: Adding device 50043000.cache-controller to group 13
[    0.067019] iommu: Adding device 60005000.timer to group 14
[    0.067036] iommu: Adding device 60007000.flow-controller to group 15
[    0.067053] iommu: Adding device 6000a000.dma to group 16
[    0.067075] iommu: Adding device 6000c000.ahb to group 17
[    0.067094] iommu: Adding device 6000d000.gpio to group 18
[    0.067111] iommu: Adding device 70000800.apbmisc to group 19
[    0.067135] iommu: Adding device 70000868.pinmux to group 20
[    0.067155] iommu: Adding device 70006000.serial to group 21
[    0.067172] iommu: Adding device 7000e000.rtc to group 22
[    0.067190] iommu: Adding device 7000c000.i2c to group 23
[    0.067208] iommu: Adding device 7000c400.i2c to group 24
[    0.067231] iommu: Adding device 7000c500.i2c to group 25
[    0.067251] iommu: Adding device 7000c700.i2c to group 26
[    0.067269] iommu: Adding device 7000d000.i2c to group 27
[    0.067287] iommu: Adding device 7000da00.spi to group 28
[    0.067305] iommu: Adding device 7000e400.pmc to group 29
[    0.067323] iommu: Adding device 7000f000.memory-controller to group 30
[    0.067348] iommu: Adding device 7000f800.fuse to group 31
[    0.067371] iommu: Adding device 70080000.ahub to group 32
[    0.067388] iommu: Adding device 78000000.sdhci to group 33
[    0.067411] iommu: Adding device 78000600.sdhci to group 34
[    0.067428] iommu: Adding device 7d000000.usb to group 35
[    0.067447] iommu: Adding device 7d000000.usb-phy to group 36
[    0.067464] iommu: Adding device 7d004000.usb to group 37
[    0.067483] iommu: Adding device 7d004000.usb-phy to group 38
[    0.067500] iommu: Adding device 7d008000.usb to group 39
[    0.067519] iommu: Adding device 7d008000.usb-phy to group 40
[    0.067536] iommu: Adding device pmu to group 41
[    0.067564] iommu: Adding device clocks to group 42
[    0.067582] iommu: Adding device gpio-leds to group 43
[    0.067599] iommu: Adding device regulators to group 44
[    0.067617] iommu: Adding device regulators:regulator@0 to group 45
[    0.067634] iommu: Adding device regulators:regulator@1 to group 46
[    0.067651] iommu: Adding device regulators:regulator@2 to group 47
[    0.067669] iommu: Adding device regulators:regulator@3 to group 48
[    0.067686] iommu: Adding device regulators:regulator@4 to group 49
[    0.067702] iommu: Adding device regulators:regulator@5 to group 50
[    0.067725] iommu: Adding device regulators:regulator@6 to group 51
[    0.067748] iommu: Adding device regulators:regulator@7 to group 52
[    0.067767] iommu: Adding device regulators:regulator@8 to group 53
[    0.067784] iommu: Adding device sound to group 54
[    0.076132] AT91: Could not find identification node
[    0.076631] vdd_5v_sata: Failed to request enable GPIO30: -517
[    0.076645] reg-fixed-voltage regulators:regulator@3: Failed to register regulator: -517
[    0.076694] usb1_vbus: Failed to request enable GPIO238: -517
[    0.076701] reg-fixed-voltage regulators:regulator@4: Failed to register regulator: -517
[    0.076748] usb3_vbus: Failed to request enable GPIO236: -517
[    0.076755] reg-fixed-voltage regulators:regulator@5: Failed to register regulator: -517
[    0.076852] sys_3v3_pexs: Failed to request enable GPIO95: -517
[    0.076859] reg-fixed-voltage regulators:regulator@7: Failed to register regulator: -517
[    0.078703] vgaarb: loaded
[    0.079159] SCSI subsystem initialized
[    0.079290] libata version 3.00 loaded.
[    0.079418] usbcore: registered new interface driver usbfs
[    0.079453] usbcore: registered new interface driver hub
[    0.079486] usbcore: registered new device driver usb
[    0.083844] iommu: Adding device tps65910-gpio to group 55
[    0.084134] iommu: Adding device tps65910-pmic to group 56
[    0.086614] vrtc: supplied by vdd_5v_in
[    0.089889] vio: supplied by vdd_5v_in
[    0.101805] vdd1: supplied by vdd_5v_in
[    0.103164] vddio_ddr_1v2: Bringing 600000uV into 1200000-1200000uV
[    0.111823] vdd2: supplied by vdd_5v_in
[    0.131806] ldo1: supplied by vdd_1v5_gen
[    0.134181] ldo2: supplied by vdd_1v5_gen
[    0.134652] vdd_sata,avdd_plle: Bringing 1200000uV into 1050000-1050000uV
[    0.136874] ldo3: supplied by vdd_5v_in
[    0.139217] ldo4: supplied by vdd_5v_in
[    0.141801] ldo5: supplied by vdd_5v_in
[    0.151805] ldo6: supplied by vdd_1v8_gen
[    0.152275] avdd_dsi_csi,pwrdet_mipi: Bringing 1000000uV into 1200000-1200000uV
[    0.154508] ldo7: supplied by vdd_1v8_gen
[    0.161804] ldo8: supplied by vdd_1v8_gen
[    0.170083] iommu: Adding device tps65910-rtc to group 57
[    0.170208] iommu: Adding device tps65910-power to group 58
[    0.171994] pps_core: LinuxPPS API ver. 1 registered
[    0.172001] pps_core: Software ver. 5.3.6 - Copyright 2005-2007 Rodolfo Giometti <giometti@linux.it>
[    0.172017] PTP clock support registered
[    0.172153] EDAC MC: Ver: 3.0.0
[    0.172347] dmi: Firmware registration failed.
[    0.173649] clocksource: Switched to clocksource timer_us
[    0.205538] NET: Registered protocol family 2
[    0.205945] TCP established hash table entries: 8192 (order: 3, 32768 bytes)
[    0.205998] TCP bind hash table entries: 8192 (order: 4, 65536 bytes)
[    0.206082] TCP: Hash tables configured (established 8192 bind 8192)
[    0.206230] UDP hash table entries: 512 (order: 2, 16384 bytes)
[    0.206298] UDP-Lite hash table entries: 512 (order: 2, 16384 bytes)
[    0.206468] NET: Registered protocol family 1
[    0.206806] RPC: Registered named UNIX socket transport module.
[    0.206814] RPC: Registered udp transport module.
[    0.206818] RPC: Registered tcp transport module.
[    0.206822] RPC: Registered tcp NFSv4.1 backchannel transport module.
[    0.206832] PCI: CLS 0 bytes, default 64
[    0.207657] hw perfevents: no interrupt-affinity property for /pmu, guessing.
[    0.207886] hw perfevents: enabled with armv7_cortex_a9 PMU driver, 7 counters available
[    0.208384] iommu: Adding device alarmtimer to group 59
[    0.209079] workingset: timestamp_bits=30 max_order=19 bucket_order=0
[    0.212347] squashfs: version 4.0 (2009/01/31) Phillip Lougher
[    0.212731] NFS: Registering the id_resolver key type
[    0.212767] Key type id_resolver registered
[    0.212772] Key type id_legacy registered
[    0.212803] ntfs: driver 2.1.32 [Flags: R/O].
[    0.213783] bounce: pool size: 64 pages
[    0.213820] Block layer SCSI generic (bsg) driver version 0.4 loaded (major 248)
[    0.213829] io scheduler noop registered
[    0.213833] io scheduler deadline registered
[    0.213985] io scheduler cfq registered (default)
[    0.213991] io scheduler mq-deadline registered
[    0.213996] io scheduler kyber registered
[    0.220337] tegra30-pinctrl 70000868.pinmux: invalid group "sdmmc3_dat6_pd3" for function "rsvd1"
[    0.220352] tegra30-pinctrl 70000868.pinmux: invalid group "sdmmc3_dat7_pd4" for function "rsvd1"
[    0.220366] tegra30-pinctrl 70000868.pinmux: invalid group "vi_vsync_pd6" for function "rsvd1"
[    0.220375] tegra30-pinctrl 70000868.pinmux: invalid group "vi_hsync_pd7" for function "rsvd1"
[    0.220809] tegra30-pinctrl 70000868.pinmux: invalid group "hdmi_int_pn7" for function "rsvd1"
[    0.220857] tegra30-pinctrl 70000868.pinmux: invalid group "ulpi_data3_po4" for function "rsvd1"
[    0.221172] tegra30-pinctrl 70000868.pinmux: invalid group "vi_d10_pt2" for function "rsvd1"
[    0.221184] tegra30-pinctrl 70000868.pinmux: invalid group "vi_d11_pt3" for function "rsvd1"
[    0.221195] tegra30-pinctrl 70000868.pinmux: invalid group "vi_d0_pt4" for function "rsvd1"
[    0.221234] tegra30-pinctrl 70000868.pinmux: invalid group "pu0" for function "rsvd1"
[    0.221262] tegra30-pinctrl 70000868.pinmux: invalid group "pu3" for function "rsvd1"
[    0.221291] tegra30-pinctrl 70000868.pinmux: invalid group "pu6" for function "rsvd1"
[    0.221329] tegra30-pinctrl 70000868.pinmux: invalid group "pv3" for function "rsvd1"
[    0.221794] tegra30-pinctrl 70000868.pinmux: invalid group "pbb0" for function "rsvd1"
[    0.221916] tegra30-pinctrl 70000868.pinmux: invalid group "pcc1" for function "rsvd1"
[    0.227179] tegra-pcie 3000.pcie: 2x3 configuration
[    0.227337] tegra-pcie 3000.pcie: Failed to get supply 'hvdd-pex': -517
[    0.233014] tegra-apbdma 6000a000.dma: Tegra20 APB DMA driver register 32 channels
[    0.234961] tegra-pmc 7000e400.pmc: i2c-thermtrip node not found, emergency thermal reset disabled.
[    0.262978] Serial: 8250/16550 driver, 4 ports, IRQ sharing disabled
[    0.263065] iommu: Adding device serial8250 to group 60
[    0.265223] console [ttyS0] disabled
[    0.265259] 70006000.serial: ttyS0 at MMIO 0x70006000 (irq = 331, base_baud = 25500000) is a Tegra
[    1.638355] console [ttyS0] enabled
[    1.642389] SuperH (H)SCI(F) driver initialized
[    1.647548] msm_serial: driver initialized
[    1.651738] STMicroelectronics ASC driver initialized
[    1.660741] tegra-hdmi 54280000.hdmi: failed to get HDMI regulator
[    1.673793] brd: module loaded
[    1.682326] loop: module loaded
[    1.691255] m25p80 spi0.1: w25q32 (4096 Kbytes)
[    1.697055] iommu: Adding device Fixed MDIO bus.0 to group 61
[    1.703270] libphy: Fixed MDIO Bus: probed
[    1.707973] CAN device driver interface
[    1.712352] bgmac_bcma: Broadcom 47xx GBit MAC driver loaded
[    1.718773] e1000e: Intel(R) PRO/1000 Network Driver - 3.2.6-k
[    1.724601] e1000e: Copyright(c) 1999 - 2015 Intel Corporation.
[    1.730539] igb: Intel(R) Gigabit Ethernet Network Driver - version 5.4.0-k
[    1.737489] igb: Copyright (c) 2007-2014 Intel Corporation.
[    1.745142] pegasus: v0.9.3 (2013/04/25), Pegasus/Pegasus II USB Ethernet driver
[    1.752566] usbcore: registered new interface driver pegasus
[    1.758248] usbcore: registered new interface driver asix
[    1.763661] usbcore: registered new interface driver ax88179_178a
[    1.769755] usbcore: registered new interface driver cdc_ether
[    1.775609] usbcore: registered new interface driver smsc75xx
[    1.781362] usbcore: registered new interface driver smsc95xx
[    1.787120] usbcore: registered new interface driver net1080
[    1.792778] usbcore: registered new interface driver cdc_subset
[    1.798706] usbcore: registered new interface driver zaurus
[    1.804309] usbcore: registered new interface driver cdc_ncm
[    1.810142] tegra-phy 7d000000.usb-phy: no vbus regulator
[    1.817905] ehci_hcd: USB 2.0 'Enhanced' Host Controller (EHCI) Driver
[    1.824432] ehci-pci: EHCI PCI platform driver
[    1.828884] ehci-platform: EHCI generic platform driver
[    1.834226] ehci-orion: EHCI orion driver
[    1.838311] SPEAr-ehci: EHCI SPEAr driver
[    1.842381] ehci-st: EHCI STMicroelectronics driver
[    1.847332] ehci-exynos: EHCI EXYNOS driver
[    1.851589] ehci-atmel: EHCI Atmel driver
[    1.855679] tegra-ehci: Tegra EHCI driver
[    1.859975] ohci_hcd: USB 1.1 'Open' Host Controller (OHCI) Driver
[    1.866164] ohci-pci: OHCI PCI platform driver
[    1.870620] ohci-platform: OHCI generic platform driver
[    1.875956] SPEAr-ohci: OHCI SPEAr driver
[    1.880028] ohci-st: OHCI STMicroelectronics driver
[    1.884984] ohci-atmel: OHCI Atmel driver
[    1.889423] usbcore: registered new interface driver usb-storage
[    1.898859] iommu: Adding device ci_hdrc.0 to group 62
[    1.909555] tegra_rtc 7000e000.rtc: rtc core: registered 7000e000.rtc as rtc1
[    1.916741] tegra_rtc 7000e000.rtc: Tegra internal Real Time Clock
[    1.935488] tps65910-rtc tps65910-rtc: rtc core: registered tps65910-rtc as rtc0
[    1.943071] i2c /dev entries driver
[    1.948754] IR NEC protocol handler initialized
[    1.953272] IR RC5(x/sz) protocol handler initialized
[    1.958325] IR RC6 protocol handler initialized
[    1.962841] IR JVC protocol handler initialized
[    1.967366] IR Sony protocol handler initialized
[    1.971967] IR SANYO protocol handler initialized
[    1.976662] IR Sharp protocol handler initialized
[    1.981351] IR MCE Keyboard/mouse protocol handler initialized
[    1.987172] IR XMP protocol handler initialized
[    1.997768] sdhci: Secure Digital Host Controller Interface driver
[    2.003957] sdhci: Copyright(c) Pierre Ossman
[    2.009235] Synopsys Designware Multimedia Card Interface Driver
[    2.015990] sdhci-pltfm: SDHCI platform and OF driver helper
[    2.022173] sdhci-tegra 78000000.sdhci: Got CD GPIO
[    2.027063] sdhci-tegra 78000000.sdhci: Got WP GPIO
[    2.040197] mmc0: Invalid maximum block size, assuming 512 bytes
[    2.103764] mmc0: SDHCI controller on 78000000.sdhci [78000000.sdhci] using ADMA
[    2.120139] mmc1: Invalid maximum block size, assuming 512 bytes
[    2.183669] mmc1: SDHCI controller on 78000600.sdhci [78000600.sdhci] using ADMA
[    2.192551] ledtrig-cpu: registered to indicate activity on CPUs
[    2.198842] usbcore: registered new interface driver usbhid
[    2.204413] usbhid: USB HID core driver
[    2.210669] NET: Registered protocol family 10
[    2.215788] Segment Routing with IPv6
[    2.219487] sit: IPv6, IPv4 and MPLS over IPv4 tunneling driver
[    2.225780] NET: Registered protocol family 17
[    2.230217] can: controller area network core (rev 20170425 abi 9)
[    2.236441] NET: Registered protocol family 29
[    2.240873] can: raw protocol (rev 20170425)
[    2.245145] can: broadcast manager protocol (rev 20170425 t)
[    2.250793] can: netlink gateway (rev 20170425) max_hops=1
[    2.256546] Key type dns_resolver registered
[    2.261181] ThumbEE CPU extension supported.
[    2.265466] Registering SWP/SWPB emulation handler
[    2.280888] vdd_ddr: supplied by vdd_5v_in
[    2.285851] vdd_5v_sata: supplied by vdd_5v_in
[    2.290626] usb1_vbus: supplied by vdd_5v_in
[    2.295222] usb3_vbus: supplied by vdd_5v_in
[    2.300727] sys_3v3,vdd_3v3_alw: supplied by vdd_5v_in
[    2.306658] sys_3v3_pexs: supplied by sys_3v3,vdd_3v3_alw
[    2.312160] +VDD_5V_HDMI: supplied by sys_3v3,vdd_3v3_alw
[    2.317333] mmc1: new high speed MMC card at address 0001
[    2.318036] mmcblk1: mmc1:0001 SEM16G 14.8 GiB 
[    2.318506] mmcblk1boot0: mmc1:0001 SEM16G partition 1 1.00 MiB
[    2.319043] mmcblk1boot1: mmc1:0001 SEM16G partition 2 1.00 MiB
[    2.319517] mmcblk1rpmb: mmc1:0001 SEM16G partition 3 128 KiB
[    2.321194] mmc0: new ultra high speed DDR50 SDHC card at address aaaa
[    2.321404] mmcblk0: mmc0:aaaa SS04G 3.69 GiB 
[    2.331187] Primary GPT is invalid, using alternate GPT.
[    2.331204]  mmcblk1: p1 p2 p3 p4 p5
[    2.349763]  mmcblk0: p1 p2 p3
[    2.368723] tegra-pcie 3000.pcie: 2x3 configuration
[    2.376048] tegra-pcie 3000.pcie: probing port 0, using 2 lanes
[    2.440220] tegra-pcie 3000.pcie: probing port 2, using 2 lanes
[    2.849959] tegra-pcie 3000.pcie: link 2 down, retrying
[    3.259001] tegra-pcie 3000.pcie: link 2 down, retrying
[    3.668035] tegra-pcie 3000.pcie: link 2 down, retrying
[    3.675259] tegra-pcie 3000.pcie: link 2 down, ignoring
[    3.680573] tegra-pcie 3000.pcie: PCI host bridge to bus 0000:00
[    3.686586] pci_bus 0000:00: root bus resource [io  0x0000-0xffff]
[    3.692750] pci_bus 0000:00: root bus resource [mem 0x20000000-0x27ffffff]
[    3.699618] pci_bus 0000:00: root bus resource [mem 0x28000000-0x3fffffff pref]
[    3.706918] pci_bus 0000:00: root bus resource [bus 00-ff]
[    3.712411] pci 0000:00:01.0: [10de:0e1c] type 01 class 0x060400
[    3.718425] pci_bus 0000:00: 2-byte config write to 0000:00:01.0 offset 0x4 may corrupt adjacent RW1C bits
[    3.728067] pci_bus 0000:00: 2-byte config write to 0000:00:01.0 offset 0x4 may corrupt adjacent RW1C bits
[    3.737718] pci 0000:00:01.0: enabling Extended Tags
[    3.742670] pci_bus 0000:00: 2-byte config write to 0000:00:01.0 offset 0x88 may corrupt adjacent RW1C bits
[    3.752414] pci_bus 0000:00: 2-byte config write to 0000:00:01.0 offset 0x52 may corrupt adjacent RW1C bits
[    3.762157] pci 0000:00:01.0: PME# supported from D0 D1 D2 D3hot D3cold
[    3.768765] pci_bus 0000:00: 2-byte config write to 0000:00:01.0 offset 0x4c may corrupt adjacent RW1C bits
[    3.778628] pci_bus 0000:00: 2-byte config write to 0000:00:01.0 offset 0x3e may corrupt adjacent RW1C bits
[    3.788362] pci_bus 0000:00: 2-byte config write to 0000:00:01.0 offset 0x4 may corrupt adjacent RW1C bits
[    3.798002] pci_bus 0000:00: 1-byte config write to 0000:00:01.0 offset 0xc may corrupt adjacent RW1C bits
[    3.807640] PCI: bus0: Fast back to back transfers disabled
[    3.813199] pci 0000:00:01.0: bridge configuration invalid ([bus 00-00]), reconfiguring
[    3.821192] pci_bus 0000:00: 2-byte config write to 0000:00:01.0 offset 0x3e may corrupt adjacent RW1C bits
[    3.830919] pci_bus 0000:00: 2-byte config write to 0000:00:01.0 offset 0x3e may corrupt adjacent RW1C bits
[    3.840726] pci 0000:01:00.0: [10ec:8168] type 00 class 0x020000
[    3.846754] pci 0000:01:00.0: reg 0x10: [io  0x0000-0x00ff]
[    3.852327] pci 0000:01:00.0: reg 0x18: [mem 0x00000000-0x00000fff 64bit pref]
[    3.859550] pci 0000:01:00.0: reg 0x20: [mem 0x00000000-0x00003fff 64bit pref]
[    3.866833] pci 0000:01:00.0: supports D1 D2
[    3.871090] pci 0000:01:00.0: PME# supported from D0 D1 D2 D3hot D3cold
[    3.903678] PCI: bus1: Fast back to back transfers disabled
[    3.909239] pci_bus 0000:01: busn_res: [bus 01-ff] end is updated to 01
[    3.915875] pci 0000:00:01.0: BAR 9: assigned [mem 0x28000000-0x280fffff 64bit pref]
[    3.923600] pci 0000:00:01.0: BAR 7: assigned [io  0x1000-0x1fff]
[    3.929690] pci 0000:01:00.0: BAR 4: assigned [mem 0x28000000-0x28003fff 64bit pref]
[    3.937436] pci 0000:01:00.0: BAR 2: assigned [mem 0x28004000-0x28004fff 64bit pref]
[    3.945178] pci 0000:01:00.0: BAR 0: assigned [io  0x1000-0x10ff]
[    3.951260] pci 0000:00:01.0: PCI bridge to [bus 01]
[    3.956219] pci 0000:00:01.0:   bridge window [io  0x1000-0x1fff]
[    3.962298] pci 0000:00:01.0:   bridge window [mem 0x28000000-0x280fffff 64bit pref]
[    3.970049] pci 0000:00:01.0: nv_msi_ht_cap_quirk didn't locate host bridge
[    3.977094] pcieport 0000:00:01.0: enabling device (0140 -> 0143)
[    3.983375] pcieport 0000:00:01.0: Signaling PME with IRQ 375
[    3.989356] r8169 Gigabit Ethernet driver 2.3LK-NAPI loaded
[    3.994949] r8169 0000:01:00.0: enabling device (0140 -> 0143)
[    4.001643] r8169 0000:01:00.0 eth0: RTL8168evl/8111evl at 0xf0a2a000, 02:04:4b:01:60:a6, XID 0c900800 IRQ 376
[    4.011647] r8169 0000:01:00.0 eth0: jumbo features [frames: 9200 bytes, tx checksumming: ko]
[    4.024288] [drm] Supports vblank timestamp caching Rev 2 (21.10.2013).
[    4.030891] [drm] No driver support for vblank timestamp query.
[    4.036849] [drm] Cannot find any crtc or sizes
[    4.041384] [drm] Initialized tegra 0.0.0 20120330 for drm on minor 0
[    4.050782] tegra-ehci 7d004000.usb: EHCI Host Controller
[    4.056207] tegra-ehci 7d004000.usb: new USB bus registered, assigned bus number 1
[    4.063995] tegra-ehci 7d004000.usb: irq 344, io mem 0x7d004000
[    4.069944] [drm] Cannot find any crtc or sizes
[    4.094046] tegra-ehci 7d004000.usb: USB 2.0 started, EHCI 1.00
[    4.101239] hub 1-0:1.0: USB hub found
[    4.105019] hub 1-0:1.0: 1 port detected
[    4.110225] tegra-ehci 7d008000.usb: EHCI Host Controller
[    4.115645] tegra-ehci 7d008000.usb: new USB bus registered, assigned bus number 2
[    4.123387] tegra-ehci 7d008000.usb: irq 345, io mem 0x7d008000
[    4.154043] tegra-ehci 7d008000.usb: USB 2.0 started, EHCI 1.00
[    4.161144] hub 2-0:1.0: USB hub found
[    4.164919] hub 2-0:1.0: 1 port detected
[    4.175269] tps65910-rtc tps65910-rtc: setting system clock to 2000-01-01 00:00:02 UTC (946684802)
[    4.184770] vdd_sata,avdd_plle: disabling
[    4.189516] usb1_vbus: disabling
[    4.194301] EXT4-fs (mmcblk1p1): mounting ext3 file system using the ext4 subsystem
[    4.209277] EXT4-fs (mmcblk1p1): warning: mounting fs with errors, running e2fsck is recommended
[    4.219507] EXT4-fs (mmcblk1p1): recovery complete
[    4.224316] EXT4-fs (mmcblk1p1): mounted filesystem with ordered data mode. Opts: (null)
[    4.232418] VFS: Mounted root (ext3 filesystem) on device 179:1.
[    4.241818] devtmpfs: mounted
[    4.247367] Freeing unused kernel memory: 2048K
bash: cannot set terminal process group (-1): Inappropriate ioctl for device
bash: no job control in this shell
root@(none):/# [    4.534063] usb 2-1: new high-speed USB device number 2 using tegra-ehci
[    5.224109] asix 2-1:1.0 eth1: register 'asix' at usb-7d008000.usb-1, ASIX AX88772 USB 2.0 Ethernet, 00:50:b6:0f:67:60
mount -t sysfs none /sys
root@(none):/# 
root@(none):/# mount -t debugfs none /sys/kernel/debug
root@(none):/# 
root@(none):/# rtcwake -d rtc1 -m mem -s 3
rtcwake: wakeup from "mem" using /dev/rtc1 at Thu Jan  1 00:00:22 1970
[    7.409098] PM: suspend entry (deep)
[    7.412676] PM: Syncing filesystems ... done.
[    7.418694] Freezing user space processes ... (elapsed 0.001 seconds) done.
[    7.426751] OOM killer disabled.
[    7.429967] Freezing remaining freezable tasks ... (elapsed 0.001 seconds) done.
[    7.438482] Suspending console(s) (use no_console_suspend to debug)
[    7.554383] Disabling non-boot CPUs ...
[    7.613949] IRQ17 no longer affine to CPU1
[    7.744298] Entering suspend state LP1
[    7.744311] Enabling non-boot CPUs ...
[    7.744953] CPU1 is up
[    7.745551] CPU2 is up
[    7.746222] CPU3 is up
[    7.746833] pcieport 0000:00:01.0: nv_msi_ht_cap_quirk didn't locate host bridge
[    8.353122] OOM killer enabled.
[    8.356260] Restarting tasks ... done.
[    8.360311] PM: suspend exit
root@(none):/# 
root@(none):/# rtcwake -d rtc1 -m mem -s 3
rtcwake: wakeup from "mem" using /dev/rtc1 at Thu Jan  1 00:00:27 1970
[    9.494933] PM: suspend entry (deep)
[    9.498507] PM: Syncing filesystems ... done.
[    9.503868] Freezing user space processes ... (elapsed 0.001 seconds) done.
[    9.511915] OOM killer disabled.
[    9.515145] Freezing remaining freezable tasks ... (elapsed 0.001 seconds) done.
[    9.523648] Suspending console(s) (use no_console_suspend to debug)
[    9.564572] pci_generic_config_write32: 68 callbacks suppressed
[    9.564585] pci_bus 0000:00: 2-byte config write to 0000:00:01.0 offset 0x9c may corrupt adjacent RW1C bits
[    9.608174] pci_bus 0000:01: 2-byte config write to 0000:01:00.0 offset 0x44 may corrupt adjacent RW1C bits
[    9.644358] Disabling non-boot CPUs ...
[    9.693922] IRQ17 no longer affine to CPU1
[    9.794175] Entering suspend state LP1
[    9.794191] Enabling non-boot CPUs ...
[    9.795021] CPU1 is up
[    9.795766] CPU2 is up
[    9.796589] CPU3 is up
[    9.797241] pci_bus 0000:00: 2-byte config write to 0000:00:01.0 offset 0x4c may corrupt adjacent RW1C bits
[    9.797255] pci_bus 0000:00: 2-byte config write to 0000:00:01.0 offset 0x88 may corrupt adjacent RW1C bits
[    9.797261] pci_bus 0000:00: 2-byte config write to 0000:00:01.0 offset 0x90 may corrupt adjacent RW1C bits
[    9.797267] pci_bus 0000:00: 2-byte config write to 0000:00:01.0 offset 0x98 may corrupt adjacent RW1C bits
[    9.797272] pci_bus 0000:00: 2-byte config write to 0000:00:01.0 offset 0x9c may corrupt adjacent RW1C bits
[    9.797291] pci_bus 0000:00: 2-byte config write to 0000:00:01.0 offset 0x52 may corrupt adjacent RW1C bits
[    9.797300] pci_bus 0000:00: 2-byte config write to 0000:00:01.0 offset 0x52 may corrupt adjacent RW1C bits
[    9.797306] pci_bus 0000:00: 2-byte config write to 0000:00:01.0 offset 0x5c may corrupt adjacent RW1C bits
[    9.797329] pcieport 0000:00:01.0: nv_msi_ht_cap_quirk didn't locate host bridge
[   10.522299] OOM killer enabled.
[   10.525435] Restarting tasks ... done.
[   10.531198] PM: suspend exit
root@(none):/# 
root@(none):/# rtcwake -d rtc1 -m mem -s 3
rtcwake: wakeup from "mem" using /dev/rtc1 at Thu Jan  1 00:00:32 1970
[   11.561755] PM: suspend entry (deep)
[   11.565365] PM: Syncing filesystems ... done.
[   11.571531] Freezing user space processes ... (elapsed 0.001 seconds) done.
[   11.579633] OOM killer disabled.
[   11.582849] Freezing remaining freezable tasks ... (elapsed 0.001 seconds) done.
[   11.591373] Suspending console(s) (use no_console_suspend to debug)
[   11.704490] Disabling non-boot CPUs ...
[   11.873780] IRQ17 no longer affine to CPU3
[   11.874273] Entering suspend state LP1
[   11.874289] Enabling non-boot CPUs ...
[   11.875113] CPU1 is up
[   11.875880] CPU2 is up
[   11.876691] CPU3 is up
[   11.877405] pcieport 0000:00:01.0: nv_msi_ht_cap_quirk didn't locate host bridge
[   12.488764] OOM killer enabled.
[   12.491894] Restarting tasks ... done.
[   12.496075] PM: suspend exit
root@(none):/# 
root@(none):/# rtcwake -d rtc1 -m mem -s 3
rtcwake: wakeup from "mem" using /dev/rtc1 at Thu Jan  1 00:00:37 1970
[   13.638509] PM: suspend entry (deep)
[   13.642089] PM: Syncing filesystems ... done.
[   13.648277] Freezing user space processes ... (elapsed 0.001 seconds) done.
[   13.656375] OOM killer disabled.
[   13.659591] Freezing remaining freezable tasks ... (elapsed 0.001 seconds) done.
[   13.668122] Suspending console(s) (use no_console_suspend to debug)
[   13.784469] Disabling non-boot CPUs ...
[   13.893816] IRQ17 no longer affine to CPU2
[   13.954239] Entering suspend state LP1
[   13.954254] Enabling non-boot CPUs ...
[   13.955066] CPU1 is up
[   13.955826] CPU2 is up
[   13.956659] CPU3 is up
[   13.957373] pcieport 0000:00:01.0: nv_msi_ht_cap_quirk didn't locate host bridge
[   14.568772] OOM killer enabled.
[   14.571901] Restarting tasks ... done.
[   14.576023] PM: suspend exit
root@(none):/# 
root@(none):/# rtcwake -d rtc1 -m mem -s 3
rtcwake: wakeup from "mem" using /dev/rtc1 at Thu Jan  1 00:00:42 1970
[   15.713440] PM: suspend entry (deep)
[   15.717049] PM: Syncing filesystems ... done.
[   15.723207] Freezing user space processes ... (elapsed 0.001 seconds) done.
[   15.731289] OOM killer disabled.
[   15.734522] Freezing remaining freezable tasks ... (elapsed 0.001 seconds) done.
[   15.743041] Suspending console(s) (use no_console_suspend to debug)
[   15.784773] pci_generic_config_write32: 65 callbacks suppressed
[   15.784789] pci_bus 0000:00: 2-byte config write to 0000:00:01.0 offset 0x9c may corrupt adjacent RW1C bits
[   15.829369] pci_bus 0000:01: 2-byte config write to 0000:01:00.0 offset 0x44 may corrupt adjacent RW1C bits
[   15.854444] Disabling non-boot CPUs ...
[   15.963798] IRQ17 no longer affine to CPU2
[   16.024195] Entering suspend state LP1
[   16.024209] Enabling non-boot CPUs ...
[   16.025028] CPU1 is up
[   16.025787] CPU2 is up
[   16.026597] CPU3 is up
[   16.027235] pci_bus 0000:00: 2-byte config write to 0000:00:01.0 offset 0x4c may corrupt adjacent RW1C bits
[   16.027249] pci_bus 0000:00: 2-byte config write to 0000:00:01.0 offset 0x88 may corrupt adjacent RW1C bits
[   16.027254] pci_bus 0000:00: 2-byte config write to 0000:00:01.0 offset 0x90 may corrupt adjacent RW1C bits
[   16.027259] pci_bus 0000:00: 2-byte config write to 0000:00:01.0 offset 0x98 may corrupt adjacent RW1C bits
[   16.027264] pci_bus 0000:00: 2-byte config write to 0000:00:01.0 offset 0x9c may corrupt adjacent RW1C bits
[   16.027285] pci_bus 0000:00: 2-byte config write to 0000:00:01.0 offset 0x52 may corrupt adjacent RW1C bits
[   16.027293] pci_bus 0000:00: 2-byte config write to 0000:00:01.0 offset 0x52 may corrupt adjacent RW1C bits
[   16.027300] pci_bus 0000:00: 2-byte config write to 0000:00:01.0 offset 0x5c may corrupt adjacent RW1C bits
[   16.027323] pcieport 0000:00:01.0: nv_msi_ht_cap_quirk didn't locate host bridge
[   16.741801] OOM killer enabled.
[   16.744941] Restarting tasks ... done.
[   16.749033] PM: suspend exit
root@(none):/# 
root@(none):/# rtcwake -d rtc1 -m mem -s 3
rtcwake: wakeup from "mem" using /dev/rtc1 at Thu Jan  1 00:00:47 1970
[   17.783349] PM: suspend entry (deep)
[   17.786956] PM: Syncing filesystems ... done.
[   17.793100] Freezing user space processes ... (elapsed 0.001 seconds) done.
[   17.801177] OOM killer disabled.
[   17.804408] Freezing remaining freezable tasks ... (elapsed 0.001 seconds) done.
[   17.812933] Suspending console(s) (use no_console_suspend to debug)
[   17.924415] Disabling non-boot CPUs ...
[   18.033776] IRQ17 no longer affine to CPU2
[   18.094191] Entering suspend state LP1
[   18.094208] Enabling non-boot CPUs ...
[   18.095077] CPU1 is up
[   18.095841] CPU2 is up
[   18.096671] CPU3 is up
[   18.097402] pcieport 0000:00:01.0: nv_msi_ht_cap_quirk didn't locate host bridge
[   18.728597] OOM killer enabled.
[   18.731726] Restarting tasks ... done.
[   18.735851] PM: suspend exit
root@(none):/# 
root@(none):/# rtcwake -d rtc1 -m mem -s 3
rtcwake: wakeup from "mem" using /dev/rtc1 at Thu Jan  1 00:00:52 1970
[   19.853453] PM: suspend entry (deep)
[   19.857055] PM: Syncing filesystems ... done.
[   19.863197] Freezing user space processes ... (elapsed 0.001 seconds) done.
[   19.871282] OOM killer disabled.
[   19.874511] Freezing remaining freezable tasks ... (elapsed 0.001 seconds) done.
[   19.883037] Suspending console(s) (use no_console_suspend to debug)
[   19.994395] Disabling non-boot CPUs ...
[   20.083753] IRQ17 no longer affine to CPU2
[   20.144148] Entering suspend state LP1
[   20.144163] Enabling non-boot CPUs ...
[   20.144981] CPU1 is up
[   20.145748] CPU2 is up
[   20.146555] CPU3 is up
[   20.147264] pcieport 0000:00:01.0: nv_msi_ht_cap_quirk didn't locate host bridge
[   20.768627] OOM killer enabled.
[   20.771759] Restarting tasks ... done.
[   20.775873] PM: suspend exit
root@(none):/# 
root@(none):/# rtcwake -d rtc1 -m mem -s 3
rtcwake: wakeup from "mem" using /dev/rtc1 at Thu Jan  1 00:00:57 1970
[   21.903857] PM: suspend entry (deep)
[   21.907435] PM: Syncing filesystems ... done.
[   21.913631] Freezing user space processes ... (elapsed 0.001 seconds) done.
[   21.921713] OOM killer disabled.
[   21.924944] Freezing remaining freezable tasks ... (elapsed 0.001 seconds) done.
[   21.933468] Suspending console(s) (use no_console_suspend to debug)
[   21.974716] pci_generic_config_write32: 65 callbacks suppressed
[   21.974731] pci_bus 0000:00: 2-byte config write to 0000:00:01.0 offset 0x9c may corrupt adjacent RW1C bits
[   22.018287] pci_bus 0000:01: 2-byte config write to 0000:01:00.0 offset 0x44 may corrupt adjacent RW1C bits
[   22.044377] Disabling non-boot CPUs ...
[   22.153733] IRQ17 no longer affine to CPU2
[   22.214122] Entering suspend state LP1
[   22.214138] Enabling non-boot CPUs ...
[   22.214967] CPU1 is up
[   22.215723] CPU2 is up
[   22.216533] CPU3 is up
[   22.217212] pci_bus 0000:00: 2-byte config write to 0000:00:01.0 offset 0x4c may corrupt adjacent RW1C bits
[   22.217223] pci_bus 0000:00: 2-byte config write to 0000:00:01.0 offset 0x88 may corrupt adjacent RW1C bits
[   22.217230] pci_bus 0000:00: 2-byte config write to 0000:00:01.0 offset 0x90 may corrupt adjacent RW1C bits
[   22.217235] pci_bus 0000:00: 2-byte config write to 0000:00:01.0 offset 0x98 may corrupt adjacent RW1C bits
[   22.217240] pci_bus 0000:00: 2-byte config write to 0000:00:01.0 offset 0x9c may corrupt adjacent RW1C bits
[   22.217259] pci_bus 0000:00: 2-byte config write to 0000:00:01.0 offset 0x52 may corrupt adjacent RW1C bits
[   22.217267] pci_bus 0000:00: 2-byte config write to 0000:00:01.0 offset 0x52 may corrupt adjacent RW1C bits
[   22.217274] pci_bus 0000:00: 2-byte config write to 0000:00:01.0 offset 0x5c may corrupt adjacent RW1C bits
[   22.217297] pcieport 0000:00:01.0: nv_msi_ht_cap_quirk didn't locate host bridge
[   22.931796] OOM killer enabled.
[   22.934934] Restarting tasks ... done.
[   22.939036] PM: suspend exit
root@(none):/# 
root@(none):/# rtcwake -d rtc1 -m mem -s 3
rtcwake: wakeup from "mem" using /dev/rtc1 at Thu Jan  1 00:01:02 1970
[   23.974366] PM: suspend entry (deep)
[   23.977950] PM: Syncing filesystems ... done.
[   23.984653] Freezing user space processes ... (elapsed 0.001 seconds) done.
[   23.992735] OOM killer disabled.
[   23.995967] Freezing remaining freezable tasks ... (elapsed 0.001 seconds) done.
[   24.004507] Suspending console(s) (use no_console_suspend to debug)
[   24.114367] Disabling non-boot CPUs ...
[   24.223703] IRQ17 no longer affine to CPU2
[   24.284148] Entering suspend state LP1
[   24.284167] Enabling non-boot CPUs ...
[   24.284993] CPU1 is up
[   24.285757] CPU2 is up
[   24.286594] CPU3 is up
[   24.287300] pcieport 0000:00:01.0: nv_msi_ht_cap_quirk didn't locate host bridge
[   24.918489] OOM killer enabled.
[   24.921617] Restarting tasks ... done.
[   24.925744] PM: suspend exit
root@(none):/# 
root@(none):/# rtcwake -d rtc1 -m mem -s 3
rtcwake: wakeup from "mem" using /dev/rtc1 at Thu Jan  1 00:01:07 1970
[   26.044357] PM: suspend entry (deep)
[   26.047936] PM: Syncing filesystems ... done.
[   26.054651] Freezing user space processes ... (elapsed 0.001 seconds) done.
[   26.062736] OOM killer disabled.
[   26.065971] Freezing remaining freezable tasks ... (elapsed 0.001 seconds) done.
[   26.074500] Suspending console(s) (use no_console_suspend to debug)
[   26.184346] Disabling non-boot CPUs ...
[   26.293692] IRQ17 no longer affine to CPU2
[   26.354116] Entering suspend state LP1
[   26.354132] Enabling non-boot CPUs ...
[   26.354975] CPU1 is up
[   26.355738] CPU2 is up
[   26.356563] CPU3 is up
[   26.357288] pcieport 0000:00:01.0: nv_msi_ht_cap_quirk didn't locate host bridge
[   26.969028] OOM killer enabled.
[   26.972157] Restarting tasks ... done.
[   26.976321] PM: suspend exit
root@(none):/# 
root@(none):/# NVTB SYSTEM SUSPEND TEST COMPLETE
