

U-Boot 2011.03 (Jun 11 2013 - 06:07:37)

T114
Board: NVIDIA Dalmore
DRAM:  2 GiB
MMC:   Tegra2 SD/MMC: 0, Tegra2 SD/MMC: 1
In:    serial
Out:   serial
Err:   serial
Net:   Net Initialization Skipped
No ethernet found.
Hit any key to stop autoboot:  2  0 
Dalmore #
Dalmore #usb reset
(Re)start USB...
USB:   Register 10011 NbrPorts 1
USB EHCI 1.10
scanning bus for devices... 2 USB Device(s) found
       scanning bus for storage devices... 0 Storage Device(s) found
       scanning bus for ethernet devices... 1 Ethernet Device(s) found
Dalmore #setenv bootargs 'ignore_loglevel console=ttyS0,115200n8 rw root=/dev/mmcblk0p1 rootwait gpt init=/bin/bash'
Dalmore #setenv ipaddr 192.168.100.100; setenv serverip 192.168.100.1; setenv tftpserverip 192.168.100.1
Dalmore #tftpboot 0x81000000 zImage.multi_v7_defconfig
Waiting for Ethernet connection... done.
Using asx0 device
TFTP from server 192.168.100.1; our IP address is 192.168.100.100
Filename 'zImage.multi_v7_defconfig'.
Load address: 0x81000000
Loading: *#################################################  2.8 MiB/s
done
Bytes transferred = 3934864 (3c0a90 hex)
Dalmore #tftpboot 0x82000000 tegra114-dalmore.dtb
Using asx0 device
TFTP from server 192.168.100.1; our IP address is 192.168.100.100
Filename 'tegra114-dalmore.dtb'.
Load address: 0x82000000
Loading: *#################################################  2.5 MiB/s
done
Bytes transferred = 29073 (7191 hex)
Dalmore #bootz 0x81000000 - 0x82000000
## Flattened Device Tree blob at 82000000
   Booting using the fdt blob at 0x82000000
   Loading Device Tree to 81ff5000, end 81fff190 ... OK

Starting kernel ...

Timer summary in microseconds:
       Mark    Elapsed  Stage
          0          0  awake
  2,399,142  2,399,142  usb_start
  6,402,438  4,003,296  eth_start
  6,402,436         -2  tftp start
 10,181,638  3,779,202  tftp done
 11,414,215  1,232,577  start_kernel
[    0.000000] Booting Linux on physical CPU 0x0
[    0.000000] Linux version 3.12.0-rc3-23257-g15c03dd (pwalmsley@tamien) (gcc version 4.5.1 (Sourcery G++ Lite 2010.09-50) ) #1 SMP Sun Sep 29 15:40:02 PDT 2013
[    0.000000] CPU: ARMv7 Processor [412fc0f2] revision 2 (ARMv7), cr=10c5387d
[    0.000000] CPU: PIPT / VIPT nonaliasing data cache, PIPT instruction cache
[    0.000000] Machine: NVIDIA Tegra SoC (Flattened Device Tree), model: NVIDIA Tegra114 Dalmore evaluation board
[    0.000000] debug: ignoring loglevel setting.
[    0.000000] Memory policy: ECC disabled, Data cache writealloc
[    0.000000] On node 0 totalpages: 524032
[    0.000000] free_area_init_node: node 0, pgdat c07a2940, node_mem_map c07ea000
[    0.000000]   DMA zone: 1520 pages used for memmap
[    0.000000]   DMA zone: 0 pages reserved
[    0.000000]   DMA zone: 194560 pages, LIFO batch:31
[    0.000000]   HighMem zone: 2574 pages used for memmap
[    0.000000]   HighMem zone: 329472 pages, LIFO batch:31
[    0.000000] Tegra Revision: A01 SKU: 0 CPU Process: 1 Core Process: 1
[    0.000000] PERCPU: Embedded 5 pages/cpu @c1802000 s6976 r0 d13504 u32768
[    0.000000] pcpu-alloc: s6976 r0 d13504 u32768 alloc=8*4096
[    0.000000] pcpu-alloc: [0] 0 [0] 1 [0] 2 [0] 3 
[    0.000000] Built 1 zonelists in Zone order, mobility grouping on.  Total pages: 522512
[    0.000000] Kernel command line: ignore_loglevel console=ttyS0,115200n8 rw root=/dev/mmcblk0p1 rootwait gpt init=/bin/bash
[    0.000000] PID hash table entries: 4096 (order: 2, 16384 bytes)
[    0.000000] Dentry cache hash table entries: 131072 (order: 7, 524288 bytes)
[    0.000000] Inode-cache hash table entries: 65536 (order: 6, 262144 bytes)
[    0.000000] Memory: 2070616K/2096128K available (5328K kernel code, 589K rwdata, 1388K rodata, 478K init, 278K bss, 25512K reserved, 1317888K highmem)
[    0.000000] Virtual kernel memory layout:
[    0.000000]     vector  : 0xffff0000 - 0xffff1000   (   4 kB)
[    0.000000]     fixmap  : 0xfff00000 - 0xfffe0000   ( 896 kB)
[    0.000000]     vmalloc : 0xf0000000 - 0xff000000   ( 240 MB)
[    0.000000]     lowmem  : 0xc0000000 - 0xef800000   ( 760 MB)
[    0.000000]     pkmap   : 0xbfe00000 - 0xc0000000   (   2 MB)
[    0.000000]       .text : 0xc0008000 - 0xc069749c   (6718 kB)
[    0.000000]       .init : 0xc0698000 - 0xc070fb40   ( 479 kB)
[    0.000000]       .data : 0xc0710000 - 0xc07a3720   ( 590 kB)
[    0.000000]        .bss : 0xc07a3728 - 0xc07e9274   ( 279 kB)
[    0.000000] SLUB: HWalign=64, Order=0-3, MinObjects=0, CPUs=4, Nodes=1
[    0.000000] Hierarchical RCU implementation.
[    0.000000] NR_IRQS:16 nr_irqs:16 16
[    0.000000] sched_clock: 32 bits at 1000kHz, resolution 1000ns, wraps every 4294967ms
[    0.000000] Architected cp15 timer(s) running at 12.00MHz (virt).
[    0.000000] Switching to timer-based delay loop
[    0.000000] sched_clock: ARM arch timer >56 bits at 12000kHz, resolution 83ns
[    0.000000] Console: colour dummy device 80x30
[   11.377134] Calibrating delay loop (skipped), value calculated using timer frequency.. 24.00 BogoMIPS (lpj=120000)
[   11.377150] pid_max: default: 32768 minimum: 301
[   11.377299] Mount-cache hash table entries: 512
[   11.385083] CPU: Testing write buffer coherency: ok
[   11.385327] /cpus/cpu@0 missing clock-frequency property
[   11.385353] /cpus/cpu@1 missing clock-frequency property
[   11.385378] /cpus/cpu@2 missing clock-frequency property
[   11.385404] /cpus/cpu@3 missing clock-frequency property
[   11.385417] CPU0: thread -1, cpu 0, socket 0, mpidr 80000000
[   11.385442] Setting up static identity map for 0xc050f120 - 0xc050f1b8
[   11.385653] unable to find compatible sirf rstc node in dtb
[   11.386842] CPU1: Booted secondary processor
[   11.386870] CPU1: thread -1, cpu 1, socket 0, mpidr 80000001
[   11.387394] CPU2: Booted secondary processor
[   11.387418] CPU2: thread -1, cpu 2, socket 0, mpidr 80000002
[   11.387925] CPU3: Booted secondary processor
[   11.387949] CPU3: thread -1, cpu 3, socket 0, mpidr 80000003
[   11.388036] Brought up 4 CPUs
[   11.388062] SMP: Total of 4 processors activated.
[   11.388070] CPU: All CPU(s) started in SVC mode.
[   11.388710] devtmpfs: initialized
[   11.394065] VFP support v0.3: implementor 41 architecture 4 part 30 variant f rev 0
[   11.394256] pinctrl core: initialized pinctrl subsystem
[   11.394611] regulator-dummy: no parameters
[   11.397196] NET: Registered protocol family 16
[   11.397436] DMA: preallocated 256 KiB pool for atomic coherent allocations
[   11.407499] Serial: AMBA PL011 UART driver
[   11.412492] bio: create slab <bio-0> at 0
[   11.413850] edma-dma-engine edma-dma-engine.0: Can't allocate PaRAM dummy slot
[   11.413872] edma-dma-engine: probe of edma-dma-engine.0 failed with error -5
[   11.414262] vdd_ac_bat: 5000 mV 
[   11.414446] dvdd_ts: Failed to request enable GPIO61: -517
[   11.414535] reg-fixed-voltage 1.regulator: Failed to register regulator: -517
[   11.414554] platform 1.regulator: Driver reg-fixed-voltage requests probe deferral
[   11.414670] lcd_bl_en: Failed to request enable GPIO58: -517
[   11.414747] reg-fixed-voltage 2.regulator: Failed to register regulator: -517
[   11.414765] platform 2.regulator: Driver reg-fixed-voltage requests probe deferral
[   11.414879] usb1_vbus: Failed to request enable GPIO108: -517
[   11.414955] reg-fixed-voltage 3.regulator: Failed to register regulator: -517
[   11.414973] platform 3.regulator: Driver reg-fixed-voltage requests probe deferral
[   11.415086] usb2_vbus: Failed to request enable GPIO86: -517
[   11.415160] reg-fixed-voltage 4.regulator: Failed to register regulator: -517
[   11.415177] platform 4.regulator: Driver reg-fixed-voltage requests probe deferral
[   11.415291] vdd_hdmi_5v0: Failed to request enable GPIO81: -517
[   11.415364] reg-fixed-voltage 5.regulator: Failed to register regulator: -517
[   11.415380] platform 5.regulator: Driver reg-fixed-voltage requests probe deferral
[   11.415436] platform 6.regulator: Driver reg-fixed-voltage requests probe deferral
[   11.416548] SCSI subsystem initialized
[   11.416702] libata version 3.00 loaded.
[   11.416879] usbcore: registered new interface driver usbfs
[   11.416917] usbcore: registered new interface driver hub
[   11.417005] usbcore: registered new device driver usb
[   11.419698] vdd-cpu: 500 <--> 1520 mV at 1100 mV 
[   11.419899] genirq: Setting trigger mode 8 for irq 118 failed (gic_set_type+0x0/0x100)
[   11.420090] pps_core: LinuxPPS API ver. 1 registered
[   11.420099] pps_core: Software ver. 5.3.6 - Copyright 2005-2007 Rodolfo Giometti <giometti@linux.it>
[   11.420121] PTP clock support registered
[   11.420153] EDAC MC: Ver: 3.0.0
[   11.421043] Switched to clocksource arch_sys_counter
[   11.428645] NET: Registered protocol family 2
[   11.429142] TCP established hash table entries: 8192 (order: 4, 65536 bytes)
[   11.429327] TCP bind hash table entries: 8192 (order: 4, 65536 bytes)
[   11.429505] TCP: Hash tables configured (established 8192 bind 8192)
[   11.429565] TCP: reno registered
[   11.429579] UDP hash table entries: 512 (order: 2, 16384 bytes)
[   11.429619] UDP-Lite hash table entries: 512 (order: 2, 16384 bytes)
[   11.429849] NET: Registered protocol family 1
[   11.430109] RPC: Registered named UNIX socket transport module.
[   11.430119] RPC: Registered udp transport module.
[   11.430127] RPC: Registered tcp transport module.
[   11.430134] RPC: Registered tcp NFSv4.1 backchannel transport module.
[   11.430607] mop500-uib: failed to get adapter i2c2
[   11.432068] bounce pool size: 64 pages
[   11.439360] NFS: Registering the id_resolver key type
[   11.439400] Key type id_resolver registered
[   11.439410] Key type id_legacy registered
[   11.439651] Block layer SCSI generic (bsg) driver version 0.4 loaded (major 251)
[   11.439662] io scheduler noop registered
[   11.439671] io scheduler deadline registered
[   11.439802] io scheduler cfq registered (default)
[   11.448284] tegra-apbdma 6000a000.dma: Tegra20 APB DMA driver register 32 channels
[   11.495770] Serial: 8250/16550 driver, 4 ports, IRQ sharing disabled
[   11.496883] Serial: IMX driver
[   11.497875] 70006300.serial: ttyS0 at MMIO 0x70006300 (irq = 122, base_baud = 25500000) is a Tegra
[   12.225393] console [ttyS0] enabled
[   12.229758] serial: Freescale lpuart driver
[   12.234197] [drm] Initialized drm 1.1.0 20060810
[   12.241249] ehci_hcd: USB 2.0 'Enhanced' Host Controller (EHCI) Driver
[   12.247758] ehci-platform: EHCI generic platform driver
[   12.253055] ehci-omap: OMAP-EHCI Host Controller driver
[   12.258347] ehci-orion: EHCI orion driver
[   12.262414] SPEAr-ehci: EHCI SPEAr driver
[   12.266480] tegra-ehci: Tegra EHCI driver
[   12.270666] platform 7d008000.usb: Driver tegra-ehci requests probe deferral
[   12.277947] usbcore: registered new interface driver usb-storage
[   12.284475] platform 7d008000.usb-phy: Driver tegra-phy requests probe deferral
[   12.292508] mousedev: PS/2 mouse device common for all mice
[   12.298736] tegra_rtc 7000e000.rtc: rtc core: registered 7000e000.rtc as rtc0
[   12.305851] tegra_rtc 7000e000.rtc: Tegra internal Real Time Clock
[   12.312615] sdhci: Secure Digital Host Controller Interface driver
[   12.318778] sdhci: Copyright(c) Pierre Ossman
[   12.323427] sdhci-pltfm: SDHCI platform and OF driver helper
[   12.329377] sdhci-tegra 78000400.sdhci: Got CD GPIO #170.
[   12.335773] mmc0: no vqmmc regulator found
[   12.339862] mmc0: no vmmc regulator found
[   12.343849] mmc0: Invalid maximum block size, assuming 512 bytes
[   12.387176] mmc0: SDHCI controller on 78000400.sdhci [78000400.sdhci] using ADMA
[   12.394632] mmc1: no vqmmc regulator found
[   12.398726] mmc1: no vmmc regulator found
[   12.402713] mmc1: Invalid maximum block size, assuming 512 bytes
[   12.446937] mmc1: SDHCI controller on 78000600.sdhci [78000600.sdhci] using ADMA
[   12.454706] usbcore: registered new interface driver usbhid
[   12.460260] usbhid: USB HID core driver
[   12.464310] TCP: cubic registered
[   12.468086] NET: Registered protocol family 10
[   12.473130] sit: IPv6 over IPv4 tunneling driver
[   12.478323] Key type dns_resolver registered
[   12.482688] Registering SWP/SWPB emulation handler
[   12.490521] dvdd_ts: 1800 mV 
[   12.493766] lcd_bl_en: 5000 mV 
[   12.497168] usb1_vbus: 5000 mV 
[   12.500323] reg-fixed-voltage 3.regulator: Failed to find supply vin
[   12.506750] reg-fixed-voltage 3.regulator: Failed to register regulator: -517
[   12.513856] platform 3.regulator: Driver reg-fixed-voltage requests probe deferral
[   12.521831] usb2_vbus: 5000 mV 
[   12.524982] reg-fixed-voltage 4.regulator: Failed to find supply vin
[   12.531397] reg-fixed-voltage 4.regulator: Failed to register regulator: -517
[   12.538520] platform 4.regulator: Driver reg-fixed-voltage requests probe deferral
[   12.546405] vdd_hdmi_5v0: 5000 mV 
[   12.549830] reg-fixed-voltage 5.regulator: Failed to find supply vin
[   12.556227] reg-fixed-voltage 5.regulator: Failed to register regulator: -517
[   12.563352] platform 5.regulator: Driver reg-fixed-voltage requests probe deferral
[   12.568718] mmc1: BKOPS_EN bit is not set
[   12.575160] platform 6.regulator: Driver reg-fixed-voltage requests probe deferral
[   12.583162] platform 7d008000.usb: Driver tegra-ehci requests probe deferral
[   12.590555] platform 7d008000.usb-phy: Driver tegra-phy requests probe deferral
[   12.595155] mmc1: new HS200 MMC card at address 0001
[   12.595587] mmcblk0: mmc1:0001 SEM32G 29.1 GiB 
[   12.595748] mmcblk0boot0: mmc1:0001 SEM32G partition 1 4.00 MiB
[   12.595904] mmcblk0boot1: mmc1:0001 SEM32G partition 2 4.00 MiB
[   12.596064] mmcblk0rpmb: mmc1:0001 SEM32G partition 3 4.00 MiB
[   12.598434] Primary GPT is invalid, using alternate GPT.
[   12.598460]  mmcblk0: p1 p2 p3 p4 p5
[   12.601272]  mmcblk0boot1: unknown partition table
[   12.602834]  mmcblk0boot0: unknown partition table
[   12.643417] usb1_vbus: 5000 mV 
[   12.646586] reg-fixed-voltage 3.regulator: Failed to find supply vin
[   12.652990] reg-fixed-voltage 3.regulator: Failed to register regulator: -517
[   12.660108] platform 3.regulator: Driver reg-fixed-voltage requests probe deferral
[   12.668023] usb2_vbus: 5000 mV 
[   12.671173] reg-fixed-voltage 4.regulator: Failed to find supply vin
[   12.677585] reg-fixed-voltage 4.regulator: Failed to register regulator: -517
[   12.684687] platform 4.regulator: Driver reg-fixed-voltage requests probe deferral
[   12.692580] vdd_hdmi_5v0: 5000 mV 
[   12.696004] reg-fixed-voltage 5.regulator: Failed to find supply vin
[   12.702400] reg-fixed-voltage 5.regulator: Failed to register regulator: -517
[   12.709517] platform 5.regulator: Driver reg-fixed-voltage requests probe deferral
[   12.717340] platform 6.regulator: Driver reg-fixed-voltage requests probe deferral
[   12.725330] platform 7d008000.usb: Driver tegra-ehci requests probe deferral
[   12.732481] tegra_rtc 7000e000.rtc: setting system clock to 1970-01-01 00:00:13 UTC (13)
[   12.745394] EXT4-fs (mmcblk0p1): mounting ext3 file system using the ext4 subsystem
[   12.787442] EXT4-fs (mmcblk0p1): recovery complete
[   12.792221] EXT4-fs (mmcblk0p1): mounted filesystem with ordered data mode. Opts: (null)
[   12.800325] VFS: Mounted root (ext3 filesystem) on device 179:1.
[   12.808369] devtmpfs: mounted
[   12.811748] Freeing unused kernel memory: 476K (c0698000 - c070f000)
bash: cannot set terminal process group (-1): Inappropriate ioctl for device
bash: no job control in this shell
I have no name!@(none):/# 