

U-Boot 2011.03 (Jun 11 2013 - 06:07:37)

T114
Board: NVIDIA Dalmore
DRAM:  2 GiB
MMC:   Tegra2 SD/MMC: 0, Tegra2 SD/MMC: 1
In:    serial
Out:   serial
Err:   serial
Net:   Net Initialization Skipped
No ethernet found.
Hit any key to stop autoboot:  2  0 
Dalmore #
Dalmore #usb reset
(Re)start USB...
USB:   Register 10011 NbrPorts 1
USB EHCI 1.10
scanning bus for devices... 2 USB Device(s) found
       scanning bus for storage devices... 0 Storage Device(s) found
       scanning bus for ethernet devices... 1 Ethernet Device(s) found
Dalmore #setenv bootargs 'ignore_loglevel console=ttyS0,115200n8 rw root=/dev/mmcblk0p1 rootwait gpt init=/bin/bash'
Dalmore #setenv ipaddr 192.168.100.100; setenv serverip 192.168.100.1; setenv tftpserverip 192.168.100.1
Dalmore #tftpboot 0x81000000 zImage.tegra_defconfig
Waiting for Ethernet connection... done.
Using asx0 device
TFTP from server 192.168.100.1; our IP address is 192.168.100.100
Filename 'zImage.tegra_defconfig'.
Load address: 0x81000000
Loading: *#################################################  2.8 MiB/s
done
Bytes transferred = 4485792 (4472a0 hex)
Dalmore #tftpboot 0x82000000 tegra114-dalmore.dtb
Using asx0 device
TFTP from server 192.168.100.1; our IP address is 192.168.100.100
Filename 'tegra114-dalmore.dtb'.
Load address: 0x82000000
Loading: *#################################################  2.5 MiB/s
done
Bytes transferred = 29073 (7191 hex)
Dalmore #bootz 0x81000000 - 0x82000000
## Flattened Device Tree blob at 82000000
   Booting using the fdt blob at 0x82000000
   Loading Device Tree to 81ff5000, end 81fff190 ... OK

Starting kernel ...

Timer summary in microseconds:
       Mark    Elapsed  Stage
          0          0  awake
  2,447,441  2,447,441  usb_start
  6,450,858  4,003,417  eth_start
  6,450,856         -2  tftp start
 10,486,440  4,035,584  tftp done
 12,463,331  1,976,891  start_kernel
Uncompressing Linux... done, booting the kernel.
[    0.000000] Booting Linux on physical CPU 0x0
[    0.000000] Initializing cgroup subsys cpu
[    0.000000] Initializing cgroup subsys cpuacct
[    0.000000] Linux version 3.12.0-rc3-23257-g15c03dd (pwalmsley@tamien) (gcc version 4.5.1 (Sourcery G++ Lite 2010.09-50) ) #1 SMP PREEMPT Sun Sep 29 15:35:50 PDT 2013
[    0.000000] CPU: ARMv7 Processor [412fc0f2] revision 2 (ARMv7), cr=10c5387d
[    0.000000] CPU: PIPT / VIPT nonaliasing data cache, PIPT instruction cache
[    0.000000] Machine: NVIDIA Tegra SoC (Flattened Device Tree), model: NVIDIA Tegra114 Dalmore evaluation board
[    0.000000] debug: ignoring loglevel setting.
[    0.000000] cma: CMA: reserved 16 MiB at ae800000
[    0.000000] Memory policy: ECC disabled, Data cache writealloc
[    0.000000] On node 0 totalpages: 524032
[    0.000000] free_area_init_node: node 0, pgdat c084cf80, node_mem_map c08a5000
[    0.000000]   Normal zone: 1520 pages used for memmap
[    0.000000]   Normal zone: 0 pages reserved
[    0.000000]   Normal zone: 194560 pages, LIFO batch:31
[    0.000000]   HighMem zone: 2574 pages used for memmap
[    0.000000]   HighMem zone: 329472 pages, LIFO batch:31
[    0.000000] Tegra Revision: A01 SKU: 0 CPU Process: 1 Core Process: 1
[    0.000000] PERCPU: Embedded 8 pages/cpu @c18bd000 s9088 r8192 d15488 u32768
[    0.000000] pcpu-alloc: s9088 r8192 d15488 u32768 alloc=8*4096
[    0.000000] pcpu-alloc: [0] 0 [0] 1 [0] 2 [0] 3 
[    0.000000] Built 1 zonelists in Zone order, mobility grouping on.  Total pages: 522512
[    0.000000] Kernel command line: ignore_loglevel console=ttyS0,115200n8 rw root=/dev/mmcblk0p1 rootwait gpt init=/bin/bash
[    0.000000] PID hash table entries: 4096 (order: 2, 16384 bytes)
[    0.000000] Dentry cache hash table entries: 131072 (order: 7, 524288 bytes)
[    0.000000] Inode-cache hash table entries: 65536 (order: 6, 262144 bytes)
[    0.000000] Memory: 2053404K/2096128K available (6108K kernel code, 305K rwdata, 1812K rodata, 236K init, 343K bss, 42724K reserved, 1317888K highmem)
[    0.000000] Virtual kernel memory layout:
[    0.000000]     vector  : 0xffff0000 - 0xffff1000   (   4 kB)
[    0.000000]     fixmap  : 0xfff00000 - 0xfffe0000   ( 896 kB)
[    0.000000]     vmalloc : 0xf0000000 - 0xff000000   ( 240 MB)
[    0.000000]     lowmem  : 0xc0000000 - 0xef800000   ( 760 MB)
[    0.000000]     pkmap   : 0xbfe00000 - 0xc0000000   (   2 MB)
[    0.000000]     modules : 0xbf000000 - 0xbfe00000   (  14 MB)
[    0.000000]       .text : 0xc0008000 - 0xc07c44b8   (7922 kB)
[    0.000000]       .init : 0xc07c5000 - 0xc0800380   ( 237 kB)
[    0.000000]       .data : 0xc0802000 - 0xc084e5c0   ( 306 kB)
[    0.000000]        .bss : 0xc084e5cc - 0xc08a441c   ( 344 kB)
[    0.000000] Preemptible hierarchical RCU implementation.
[    0.000000] NR_IRQS:16 nr_irqs:16 16
[    0.000000] sched_clock: 32 bits at 1000kHz, resolution 1000ns, wraps every 4294967ms
[    0.000000] Architected cp15 timer(s) running at 12.00MHz (virt).
[    0.000000] Switching to timer-based delay loop
[    0.000000] sched_clock: ARM arch timer >56 bits at 12000kHz, resolution 83ns
[    0.000000] Console: colour dummy device 80x30
[   12.468858] Calibrating delay loop (skipped), value calculated using timer frequency.. 24.00 BogoMIPS (lpj=120000)
[   12.468874] pid_max: default: 32768 minimum: 301
[   12.469314] Mount-cache hash table entries: 512
[   12.488158] Initializing cgroup subsys debug
[   12.488186] Initializing cgroup subsys freezer
[   12.488244] CPU: Testing write buffer coherency: ok
[   12.488591] /cpus/cpu@0 missing clock-frequency property
[   12.488617] /cpus/cpu@1 missing clock-frequency property
[   12.488643] /cpus/cpu@2 missing clock-frequency property
[   12.488670] /cpus/cpu@3 missing clock-frequency property
[   12.488683] CPU0: thread -1, cpu 0, socket 0, mpidr 80000000
[   12.488711] Setting up static identity map for 0xc05cfc28 - 0xc05cfcc0
[   12.548773] CPU1: Booted secondary processor
[   12.548802] CPU1: thread -1, cpu 1, socket 0, mpidr 80000001
[   12.568702] CPU2: Booted secondary processor
[   12.568728] CPU2: thread -1, cpu 2, socket 0, mpidr 80000002
[   12.588655] CPU3: Booted secondary processor
[   12.588680] CPU3: thread -1, cpu 3, socket 0, mpidr 80000003
[   12.588789] Brought up 4 CPUs
[   12.588817] SMP: Total of 4 processors activated.
[   12.588825] CPU: All CPU(s) started in SVC mode.
[   12.589849] devtmpfs: initialized
[   12.603151] VFP support v0.3: implementor 41 architecture 4 part 30 variant f rev 0
[   12.603531] pinctrl core: initialized pinctrl subsystem
[   12.604054] regulator-dummy: no parameters
[   12.607056] NET: Registered protocol family 16
[   12.608397] DMA: preallocated 256 KiB pool for atomic coherent allocations
[   12.609173] cpuidle: using governor ladder
[   12.609184] cpuidle: using governor menu
[   12.620087] No ATAGs?
[   12.620116] hw-breakpoint: found 5 (+1 reserved) breakpoint and 4 watchpoint registers.
[   12.620127] hw-breakpoint: maximum watchpoint size is 8 bytes.
[   12.631400] bio: create slab <bio-0> at 0
[   12.632862] vdd_ac_bat: 5000 mV 
[   12.633186] dvdd_ts: Failed to request enable GPIO61: -517
[   12.633347] reg-fixed-voltage 1.regulator: Failed to register regulator: -517
[   12.633371] platform 1.regulator: Driver reg-fixed-voltage requests probe deferral
[   12.633567] lcd_bl_en: Failed to request enable GPIO58: -517
[   12.633712] reg-fixed-voltage 2.regulator: Failed to register regulator: -517
[   12.633733] platform 2.regulator: Driver reg-fixed-voltage requests probe deferral
[   12.633928] usb1_vbus: Failed to request enable GPIO108: -517
[   12.634070] reg-fixed-voltage 3.regulator: Failed to register regulator: -517
[   12.634092] platform 3.regulator: Driver reg-fixed-voltage requests probe deferral
[   12.634288] usb2_vbus: Failed to request enable GPIO86: -517
[   12.634429] reg-fixed-voltage 4.regulator: Failed to register regulator: -517
[   12.634451] platform 4.regulator: Driver reg-fixed-voltage requests probe deferral
[   12.634644] vdd_hdmi_5v0: Failed to request enable GPIO81: -517
[   12.634784] reg-fixed-voltage 5.regulator: Failed to register regulator: -517
[   12.634806] platform 5.regulator: Driver reg-fixed-voltage requests probe deferral
[   12.634883] platform 6.regulator: Driver reg-fixed-voltage requests probe deferral
[   12.635906] vgaarb: loaded
[   12.636985] SCSI subsystem initialized
[   12.637360] usbcore: registered new interface driver usbfs
[   12.637460] usbcore: registered new interface driver hub
[   12.637625] usbcore: registered new device driver usb
[   12.641557] vdd-cpu: 500 <--> 1520 mV at 1100 mV 
[   12.642179] tps65090 1-0048: No cache defaults, reading back from HW
[   12.648563] vdd-sys-5v0: no parameters
[   12.648612] vdd-sys-5v0: supplied by vdd_ac_bat
[   12.650046] vdd-sys-3v3: no parameters
[   12.650095] vdd-sys-3v3: supplied by vdd_ac_bat
[   12.651521] vdd-ao: no parameters
[   12.651558] vdd-ao: supplied by vdd_ac_bat
[   12.651809] vdd-lcd-bl: no parameters
[   12.651846] vdd-lcd-bl: supplied by vdd_ac_bat
[   12.652092] TPS65090_RAILSFET2: no parameters
[   12.652129] TPS65090_RAILSFET2: supplied by vdd_ac_bat
[   12.652370] vdd-modem-3v3: no parameters
[   12.652404] vdd-modem-3v3: supplied by vdd-sys-3v3
[   12.652670] avdd-lcd: no parameters
[   12.652704] avdd-lcd: supplied by vdd-sys-3v3
[   12.652954] vdd-lvds: no parameters
[   12.652988] vdd-lvds: supplied by vdd-sys-3v3
[   12.653233] vdd-sd-slot: no parameters
[   12.653278] vdd-sd-slot: supplied by vdd-sys-3v3
[   12.653535] vdd-com-3v3: no parameters
[   12.653568] vdd-com-3v3: supplied by vdd-sys-3v3
[   12.653804] vdd-sby-5v0: no parameters
[   12.653837] vdd-sby-5v0: supplied by vdd_ac_bat
[   12.654086] vdd-sby-3v3: no parameters
[   12.654119] vdd-sby-3v3: supplied by vdd_ac_bat
[   12.654490] genirq: Setting trigger mode 8 for irq 118 failed (gic_set_type+0x0/0xf0)
[   12.654924] palmas 1-0058: Irq flag is 0x00000000
[   12.669237] palmas 1-0058: Muxing GPIO ff, PWM 0, LED 0
[   12.678206] vddio-ddr: 1350 mV 
[   12.679051] vddio-ddr: supplied by vdd-ao
[   12.686016] vddio-1v8: 1800 mV 
[   12.686857] vddio-1v8: supplied by vdd-ao
[   12.693795] vdd-core: 900 <--> 1400 mV at 1100 mV 
[   12.694634] vdd-core: supplied by vdd-sys-3v3
[   12.698831] SMPS6: no parameters
[   12.706532] avdd-pll: 1050 mV 
[   12.707373] avdd-pll: supplied by vdd-sys-3v3
[   12.715688] sdhci-vdd-sd-slot: 2800 mV 
[   12.716527] sdhci-vdd-sd-slot: supplied by vdd-sys-3v3
[   12.718382] SMPS10_OUT2: at 5000 mV 
[   12.720193] SMPS10_OUT1: at 5000 mV 
[   12.722803] avdd-cam1: 2800 mV 
[   12.723641] avdd-cam1: supplied by vdd-sys-3v3
[   12.727663] avdd-cam2: 2800 mV 
[   12.728500] avdd-cam2: supplied by vdd-sys-3v3
[   12.733275] avdd-dsi-csi: 1200 mV 
[   12.734113] avdd-dsi-csi: supplied by vddio-1v8
[   12.738907] vpp-fuse: 1800 mV 
[   12.739744] vpp-fuse: supplied by vdd-sys-3v3
[   12.742955] LDO5: at 1200 mV 
[   12.743797] LDO5: supplied by vdd_ac_bat
[   12.746444] vdd-sensor-2v85: 2850 mV 
[   12.747282] vdd-sensor-2v85: supplied by vdd-sys-3v3
[   12.751284] vdd-af-cam1: 2800 mV 
[   12.752124] vdd-af-cam1: supplied by vdd-sys-3v3
[   12.760215] vdd-rtc: 900 mV 
[   12.761053] vdd-rtc: supplied by vdd-ao
[   12.765048] vddio-sdmmc-2: 1800 <--> 3300 mV at 3300 mV 
[   12.765888] vddio-sdmmc-2: supplied by sdhci-vdd-sd-slot
[   12.770691] hvdd-usb: 3300 mV 
[   12.771530] hvdd-usb: supplied by vdd-sys-5v0
[   12.776306] avdd-usb: 3300 mV 
[   12.777144] avdd-usb: supplied by vdd-sys-5v0
[   12.780445] rail-3v3: no parameters
[   12.782813] rail-5v0: no parameters
[   12.784398] REGEN3: no parameters
[   12.784605] SYSEN1: no parameters
[   12.784793] SYSEN2: no parameters
[   12.785281] Linux video capture interface: v2.00
[   12.785983] platform 7000f010.iommu: Driver tegra-smmu requests probe deferral
[   12.786280] Advanced Linux Sound Architecture Driver Initialized.
[   12.787054] Bluetooth: Core ver 2.16
[   12.787125] NET: Registered protocol family 31
[   12.787133] Bluetooth: HCI device and connection manager initialized
[   12.787158] Bluetooth: HCI socket layer initialized
[   12.787181] Bluetooth: L2CAP socket layer initialized
[   12.787229] Bluetooth: SCO socket layer initialized
[   12.787980] cfg80211: Calling CRDA to update world regulatory domain
[   12.789112] Switched to clocksource arch_sys_counter
[   12.802985] NET: Registered protocol family 2
[   12.803891] TCP established hash table entries: 8192 (order: 4, 65536 bytes)
[   12.804087] TCP bind hash table entries: 8192 (order: 4, 65536 bytes)
[   12.804264] TCP: Hash tables configured (established 8192 bind 8192)
[   12.804724] TCP: reno registered
[   12.804740] UDP hash table entries: 512 (order: 2, 16384 bytes)
[   12.804781] UDP-Lite hash table entries: 512 (order: 2, 16384 bytes)
[   12.805201] NET: Registered protocol family 1
[   12.805921] RPC: Registered named UNIX socket transport module.
[   12.805932] RPC: Registered udp transport module.
[   12.805939] RPC: Registered tcp transport module.
[   12.805946] RPC: Registered tcp NFSv4.1 backchannel transport module.
[   12.805957] PCI: CLS 0 bytes, default 64
[   12.809739] bounce pool size: 64 pages
[   12.811450] squashfs: version 4.0 (2009/01/31) Phillip Lougher
[   12.812262] msgmni has been set to 1468
[   12.813967] io scheduler noop registered (default)
[   12.825681] tegra-apbdma 6000a000.dma: Tegra20 APB DMA driver register 32 channels
[   12.826232] Serial: 8250/16550 driver, 4 ports, IRQ sharing disabled
[   12.828332] 70006300.serial: ttyS0 at MMIO 0x70006300 (irq = 122, base_baud = 25500000) is a Tegra
[   13.855621] console [ttyS0] enabled
[   13.859979] [drm] Initialized drm 1.1.0 20060810
[   13.870348] loop: module loaded
[   13.876343] m25p80 spi32766.0: w25q32dw (4096 Kbytes)
[   13.883217] pegasus: v0.9.3 (2013/04/25), Pegasus/Pegasus II USB Ethernet driver
[   13.890672] usbcore: registered new interface driver pegasus
[   13.896406] usbcore: registered new interface driver asix
[   13.901843] usbcore: registered new interface driver ax88179_178a
[   13.908005] usbcore: registered new interface driver cdc_ether
[   13.913872] usbcore: registered new interface driver r815x
[   13.919433] usbcore: registered new interface driver smsc75xx
[   13.925250] usbcore: registered new interface driver smsc95xx
[   13.931029] usbcore: registered new interface driver net1080
[   13.936739] usbcore: registered new interface driver cdc_subset
[   13.942689] usbcore: registered new interface driver zaurus
[   13.948371] usbcore: registered new interface driver cdc_ncm
[   13.954038] ehci_hcd: USB 2.0 'Enhanced' Host Controller (EHCI) Driver
[   13.960543] ehci-pci: EHCI PCI platform driver
[   13.965044] tegra-ehci: Tegra EHCI driver
[   13.969239] platform 7d008000.usb: Driver tegra-ehci requests probe deferral
[   13.976548] usbcore: registered new interface driver cdc_acm
[   13.982174] cdc_acm: USB Abstract Control Model driver for USB modems and ISDN adapters
[   13.990217] usbcore: registered new interface driver cdc_wdm
[   13.995960] usbcore: registered new interface driver usb-storage
[   14.002169] platform 7d008000.usb-phy: Driver tegra-phy requests probe deferral
[   14.010021] mousedev: PS/2 mouse device common for all mice
[   14.027711] palmas-rtc rtc.7: rtc core: registered rtc.7 as rtc0
[   14.038054] tegra_rtc 7000e000.rtc: rtc core: registered 7000e000.rtc as rtc1
[   14.045216] tegra_rtc 7000e000.rtc: Tegra internal Real Time Clock
[   14.052768] sbs-battery 0-000b: sbs_probe: Failed to get device status
[   14.059291] sbs-battery: probe of 0-000b failed with error -121
[   14.068900] sdhci: Secure Digital Host Controller Interface driver
[   14.075065] sdhci: Copyright(c) Pierre Ossman
[   14.079396] sdhci-pltfm: SDHCI platform and OF driver helper
[   14.085456] sdhci-tegra 78000400.sdhci: Got CD GPIO #170.
[   14.091885] mmc0: no vqmmc regulator found
[   14.095985] mmc0: no vmmc regulator found
[   14.099973] mmc0: Invalid maximum block size, assuming 512 bytes
[   14.143694] mmc0: SDHCI controller on 78000400.sdhci [78000400.sdhci] using ADMA
[   14.153245] mmc1: no vqmmc regulator found
[   14.157345] mmc1: no vmmc regulator found
[   14.161331] mmc1: Invalid maximum block size, assuming 512 bytes
[   14.203451] mmc1: SDHCI controller on 78000600.sdhci [78000600.sdhci] using ADMA
[   14.211499] usbcore: registered new interface driver usbhid
[   14.219102] usbhid: USB HID core driver
[   14.335181] mmc1: BKOPS_EN bit is not set
[   14.365668] mmc1: new HS200 MMC card at address 0001
[   14.371181] mmcblk0: mmc1:0001 SEM32G 29.1 GiB 
[   14.376043] mmcblk0boot0: mmc1:0001 SEM32G partition 1 4.00 MiB
[   14.382265] mmcblk0boot1: mmc1:0001 SEM32G partition 2 4.00 MiB
[   14.388432] mmcblk0rpmb: mmc1:0001 SEM32G partition 3 4.00 MiB
[   14.396743] Primary GPT is invalid, using alternate GPT.
[   14.402048]  mmcblk0: p1 p2 p3 p4 p5
[   14.408933]  mmcblk0boot1: unknown partition table
[   14.415378]  mmcblk0boot0: unknown partition table
[   14.663211] tegra-snd-rt5640 sound.4:  rt5640-aif1 <-> 70080400.i2s mapping ok
[   14.675253] input: NVIDIA Tegra Dalmore Headphones as /devices/soc0/sound.4/sound/card0/input0
[   14.685453] TCP: cubic registered
[   14.689034] NET: Registered protocol family 10
[   14.694889] mip6: Mobile IPv6
[   14.697844] sit: IPv6 over IPv4 tunneling driver
[   14.704233] NET: Registered protocol family 17
[   14.708695] NET: Registered protocol family 15
[   14.713311] Bluetooth: RFCOMM socket layer initialized
[   14.718423] Bluetooth: RFCOMM ver 1.11
[   14.722168] Bluetooth: BNEP (Ethernet Emulation) ver 1.3
[   14.727466] Bluetooth: BNEP socket layer initialized
[   14.732417] Bluetooth: HIDP (Human Interface Emulation) ver 1.2
[   14.738319] Bluetooth: HIDP socket layer initialized
[   14.743867] Registering SWP/SWPB emulation handler
[   14.753308] hvdd-usb: disabling
[   14.758835] vdd-af-cam1: disabling
[   14.764947] vdd-sensor-2v85: disabling
[   14.771194] LDO5: disabling
[   14.776671] vpp-fuse: disabling
[   14.782319] avdd-cam2: disabling
[   14.788230] avdd-cam1: disabling
[   14.795277] vdd-com-3v3: disabling
[   14.799256] vdd-lvds: disabling
[   14.802989] avdd-lcd: disabling
[   14.806713] vdd-lcd-bl: disabling
[   14.811312] dvdd_ts: 1800 mV 
[   14.814846] lcd_bl_en: 5000 mV 
[   14.818395] usb1_vbus: 5000 mV 
[   14.821660] usb1_vbus: supplied by vdd-sys-5v0
[   14.826581] usb2_vbus: 5000 mV 
[   14.829756] usb2_vbus: supplied by vdd-sys-5v0
[   14.834599] vdd_hdmi_5v0: 5000 mV 
[   14.838014] vdd_hdmi_5v0: supplied by vdd-sys-5v0
[   14.845085] vdd_cam_1v8_reg: 1800 mV 
[   14.849265] platform 7d008000.usb: Driver tegra-ehci requests probe deferral
[   14.857041] tegra-ehci 7d008000.usb: EHCI Host Controller
[   14.862456] tegra-ehci 7d008000.usb: new USB bus registered, assigned bus number 1
[   14.871009] tegra-ehci 7d008000.usb: irq 129, io mem 0x7d008000
[   14.890816] tegra-ehci 7d008000.usb: USB 2.0 started, EHCI 1.10
[   14.898176] hub 1-0:1.0: USB hub found
[   14.902026] hub 1-0:1.0: 1 port detected
[   14.907458] input: gpio-keys.2 as /devices/soc0/gpio-keys.2/input/input1
[   14.918838] palmas-rtc rtc.7: setting system clock to 2000-02-24 05:44:59 UTC (951371099)
[   14.927565] ALSA device list:
[   14.930579]   #0: NVIDIA Tegra Dalmore
[   14.961092] kjournald starting.  Commit interval 5 seconds
[   14.967526] EXT3-fs (mmcblk0p1): using internal journal
[   14.972809] EXT3-fs (mmcblk0p1): recovery complete
[   14.977578] EXT3-fs (mmcblk0p1): mounted filesystem with writeback data mode
[   14.984683] VFS: Mounted root (ext3 filesystem) on device 179:1.
[   14.992650] devtmpfs: mounted
[   14.995906] Freeing unused kernel memory: 236K (c07c5000 - c0800000)
bash: cannot set terminal process group (-1): Inappropriate ioctl for device
bash: no job control in this shell
I have no name!@(none):/# [   15.219639] usb 1-1: new high-speed USB device number 2 using tegra-ehci
