
U-Boot SPL 2016.05-rc2 (Apr 21 2016 - 16:23:00)
Trying to boot from RAM


U-Boot 2016.05-rc2 (Apr 21 2016 - 16:23:00 -0700)

TEGRA124
Model: NVIDIA Jetson TK1
Board: NVIDIA Jetson TK1
DRAM:  2 GiB
MC:   Tegra SD/MMC: 0, Tegra SD/MMC: 1
In:    serial
Out:   serial
Err:   serial
Net:   No ethernet found.
Hit any key to stop autoboot:  2  0 
Tegra124 (Jetson TK1) # 
Tegra124 (Jetson TK1) # pci enum
Tegra124 (Jetson TK1) # setenv bootargs 'ignore_loglevel console=ttyS0,115200n8 rw root=PARTUUID=b1791faa-84e8-4e27-83a1-9fb0a77e8803 rootwait gpt debug noinitrd earlyprintk init=/bin/bash'
Tegra124 (Jetson TK1) # setenv ipaddr 192.168.100.102; setenv serverip 192.168.100.1; setenv tftpserverip 192.168.100.1
Tegra124 (Jetson TK1) # tftpboot 0x82000000 zImage.tegra_defconfig

Warning: eth_rtl8169 using MAC address from ROM
Using eth_rtl8169 device
TFTP from server 192.168.100.1; our IP address is 192.168.100.102
Filename 'zImage.tegra_defconfig'.
Load address: 0x82000000
Loading: *#################################################################
	 #################################################################
	 #################################################################
	 #################################################################
	 #################################################################
	 #################################################################
	 ###############################
	 3.9 MiB/s
done
Bytes transferred = 6171744 (5e2c60 hex)
Tegra124 (Jetson TK1) # tftpboot 0x83000000 tegra124-jetson-tk1.dtb
Using eth_rtl8169 device
TFTP from server 192.168.100.1; our IP address is 192.168.100.102
Filename 'tegra124-jetson-tk1.dtb'.
Load address: 0x83000000
Loading: *#####
	 3.7 MiB/s
done
Bytes transferred = 66544 (103f0 hex)
Tegra124 (Jetson TK1) # bootz 0x82000000 - 0x83000000
Kernel image @ 0x82000000 [ 0x000000 - 0x5e2c60 ]
## Flattened Device Tree blob at 83000000
   Booting using the fdt blob at 0x83000000
   Using Device Tree in place at 83000000, end 830133ef

Starting kernel ...

[    0.000000] Booting Linux on physical CPU 0x0
[    0.000000] Linux version 4.15.0-16223-gd8a5b80 (jonathanh@kaivo) (gcc version 4.7.3 20130328 (prerelease) (crosstool-NG linaro-1.13.1-4.7-2013.04-20130415 - Linaro GCC 2013.04)) #1 SMP PREEMPT Sun Jan 28 13:33:14 PST 2018
[    0.000000] CPU: ARMv7 Processor [413fc0f3] revision 3 (ARMv7), cr=10c5387d
[    0.000000] CPU: div instructions available: patching division code
[    0.000000] CPU: PIPT / VIPT nonaliasing data cache, PIPT instruction cache
[    0.000000] OF: fdt: Machine model: NVIDIA Tegra124 Jetson TK1
[    0.000000] debug: ignoring loglevel setting.
[    0.000000] bootconsole [earlycon0] enabled
[    0.000000] Memory policy: Data cache writealloc
[    0.000000] cma: Reserved 64 MiB at 0xfbc00000
[    0.000000] On node 0 totalpages: 524032
[    0.000000]   Normal zone: 1536 pages used for memmap
[    0.000000]   Normal zone: 0 pages reserved
[    0.000000]   Normal zone: 196608 pages, LIFO batch:31
[    0.000000]   HighMem zone: 327424 pages, LIFO batch:31
[    0.000000] random: fast init done
[    0.000000] percpu: Embedded 17 pages/cpu @(ptrval) s39168 r8192 d22272 u69632
[    0.000000] pcpu-alloc: s39168 r8192 d22272 u69632 alloc=17*4096
[    0.000000] pcpu-alloc: [0] 0 [0] 1 [0] 2 [0] 3 
[    0.000000] Built 1 zonelists, mobility grouping on.  Total pages: 522496
[    0.000000] Kernel command line: ignore_loglevel console=ttyS0,115200n8 rw root=PARTUUID=b1791faa-84e8-4e27-83a1-9fb0a77e8803 rootwait gpt debug noinitrd earlyprintk init=/bin/bash
[    0.000000] Dentry cache hash table entries: 131072 (order: 7, 524288 bytes)
[    0.000000] Inode-cache hash table entries: 65536 (order: 6, 262144 bytes)
[    0.000000] Memory: 1998492K/2096128K available (9216K kernel code, 778K rwdata, 2560K rodata, 1024K init, 299K bss, 32100K reserved, 65536K cma-reserved, 1244160K highmem)
[    0.000000] Virtual kernel memory layout:
[    0.000000]     vector  : 0xffff0000 - 0xffff1000   (   4 kB)
[    0.000000]     fixmap  : 0xffc00000 - 0xfff00000   (3072 kB)
[    0.000000]     vmalloc : 0xf0800000 - 0xff800000   ( 240 MB)
[    0.000000]     lowmem  : 0xc0000000 - 0xf0000000   ( 768 MB)
[    0.000000]     pkmap   : 0xbfe00000 - 0xc0000000   (   2 MB)
[    0.000000]     modules : 0xbf000000 - 0xbfe00000   (  14 MB)
[    0.000000]       .text : 0x(ptrval) - 0x(ptrval)   (10208 kB)
[    0.000000]       .init : 0x(ptrval) - 0x(ptrval)   (1024 kB)
[    0.000000]       .data : 0x(ptrval) - 0x(ptrval)   ( 779 kB)
[    0.000000]        .bss : 0x(ptrval) - 0x(ptrval)   ( 300 kB)
[    0.000000] Preemptible hierarchical RCU implementation.
[    0.000000] 	Tasks RCU enabled.
[    0.000000] NR_IRQS: 16, nr_irqs: 16, preallocated irqs: 16
[    0.000000] /interrupt-controller@60004000: 160 interrupts forwarded to /interrupt-controller@50041000
[    0.000000] Tegra clk 127: register failed with -17
[    0.000008] sched_clock: 32 bits at 1000kHz, resolution 1000ns, wraps every 2147483647500ns
[    0.007465] clocksource: timer_us: mask: 0xffffffff max_cycles: 0xffffffff, max_idle_ns: 1911260446275 ns
[    0.016993] Switching to timer-based delay loop, resolution 1000ns
[    0.024172] arch_timer: cp15 timer(s) running at 12.00MHz (virt).
[    0.029217] clocksource: arch_sys_counter: mask: 0xffffffffffffff max_cycles: 0x2c47f4ee7, max_idle_ns: 440795202497 ns
[    0.039964] sched_clock: 56 bits at 12MHz, resolution 83ns, wraps every 4398046511096ns
[    0.047933] Switching to timer-based delay loop, resolution 83ns
[    0.054393] Console: colour dummy device 80x30
[    0.058348] Calibrating delay loop (skipped), value calculated using timer frequency.. 24.00 BogoMIPS (lpj=120000)
[    0.068657] pid_max: default: 32768 minimum: 301
[    0.073722] Mount-cache hash table entries: 2048 (order: 1, 8192 bytes)
[    0.079843] Mountpoint-cache hash table entries: 2048 (order: 1, 8192 bytes)
[    0.087672] CPU: Testing write buffer coherency: ok
[    0.092002] /cpus/cpu@0 missing clock-frequency property
[    0.097015] /cpus/cpu@1 missing clock-frequency property
[    0.102326] /cpus/cpu@2 missing clock-frequency property
[    0.107590] /cpus/cpu@3 missing clock-frequency property
[    0.112861] CPU0: thread -1, cpu 0, socket 0, mpidr 80000000
[    0.152975] Setting up static identity map for 0x80100000 - 0x801000a0
[    0.157729] Hierarchical SRCU implementation.
[    0.173490] Tegra Revision: A01 SKU: 129 CPU Process: 1 SoC Process: 1
[    0.192997] smp: Bringing up secondary CPUs ...
[    0.243624] CPU1: thread -1, cpu 1, socket 0, mpidr 80000001
[    0.323737] CPU2: thread -1, cpu 2, socket 0, mpidr 80000002
[    0.403849] CPU3: thread -1, cpu 3, socket 0, mpidr 80000003
[    0.413428] smp: Brought up 1 node, 4 CPUs
[    0.432516] SMP: Total of 4 processors activated (96.00 BogoMIPS).
[    0.438684] CPU: All CPU(s) started in SVC mode.
[    0.445132] devtmpfs: initialized
[    0.465245] VFP support v0.3: implementor 41 architecture 4 part 30 variant f rev 0
[    0.471343] clocksource: jiffies: mask: 0xffffffff max_cycles: 0xffffffff, max_idle_ns: 19112604462750000 ns
[    0.480802] futex hash table entries: 1024 (order: 4, 65536 bytes)
[    0.488274] pinctrl core: initialized pinctrl subsystem
[    0.493334] NET: Registered protocol family 16
[    0.498051] DMA: preallocated 256 KiB pool for atomic coherent allocations
[    0.504702] cpuidle: using governor menu
[    0.530396] No ATAGs?
[    0.530534] hw-breakpoint: found 5 (+1 reserved) breakpoint and 4 watchpoint registers.
[    0.538895] hw-breakpoint: maximum watchpoint size is 8 bytes.
[    0.546597] iommu: Adding device reg-dummy to group 0
[    0.549800] iommu: Adding device 1003000.pcie to group 1
[    0.555101] iommu: Adding device 50000000.host1x to group 2
[    0.560657] iommu: Adding device 54200000.dc to group 3
[    0.565836] iommu: Adding device 54240000.dc to group 4
[    0.571025] iommu: Adding device 54280000.hdmi to group 5
[    0.576411] iommu: Adding device 57000000.gpu to group 6
[    0.581685] iommu: Adding device 60005000.timer to group 7
[    0.587117] iommu: Adding device 60007000.flow-controller to group 8
[    0.593464] iommu: Adding device 6000c800.actmon to group 9
[    0.598991] iommu: Adding device 6000d000.gpio to group 10
[    0.604470] iommu: Adding device 60020000.dma to group 11
[    0.609839] iommu: Adding device 70000800.apbmisc to group 12
[    0.615563] iommu: Adding device 70000868.pinmux to group 13
[    0.621183] iommu: Adding device 70006000.serial to group 14
[    0.626832] iommu: Adding device 70006040.serial to group 15
[    0.632443] iommu: Adding device 70006300.serial to group 16
[    0.638096] iommu: Adding device 7000c000.i2c to group 17
[    0.643451] iommu: Adding device 7000c400.i2c to group 18
[    0.648841] iommu: Adding device 7000c500.i2c to group 19
[    0.654197] iommu: Adding device 7000c700.i2c to group 20
[    0.659596] iommu: Adding device 7000d000.i2c to group 21
[    0.664943] iommu: Adding device 7000d400.spi to group 22
[    0.670342] iommu: Adding device 7000da00.spi to group 23
[    0.675692] iommu: Adding device 7000e000.rtc to group 24
[    0.681084] iommu: Adding device 7000e400.pmc to group 25
[    0.686437] iommu: Adding device 7000f800.fuse to group 26
[    0.691915] iommu: Adding device 70019000.memory-controller to group 27
[    0.698486] iommu: Adding device 7001b000.emc to group 28
[    0.703881] iommu: Adding device 70027000.sata to group 29
[    0.709316] iommu: Adding device 70030000.hda to group 30
[    0.714712] iommu: Adding device 70090000.usb to group 31
[    0.720063] iommu: Adding device 7009f000.padctl to group 32
[    0.725729] iommu: Adding device 700b0400.sdhci to group 33
[    0.731243] iommu: Adding device 700b0600.sdhci to group 34
[    0.736809] iommu: Adding device 70015000.cec to group 35
[    0.742176] iommu: Adding device 700e2000.thermal-sensor to group 36
[    0.748511] iommu: Adding device 70110000.clock to group 37
[    0.754037] iommu: Adding device 70300000.ahub to group 38
[    0.759517] iommu: Adding device 7d000000.usb to group 39
[    0.764871] iommu: Adding device 7d000000.usb-phy to group 40
[    0.770609] iommu: Adding device 7d004000.usb to group 41
[    0.775964] iommu: Adding device 7d004000.usb-phy to group 42
[    0.781706] iommu: Adding device 7d008000.usb to group 43
[    0.787063] iommu: Adding device 7d008000.usb-phy to group 44
[    0.792796] iommu: Adding device pmu to group 45
[    0.797370] iommu: Adding device timer to group 46
[    0.802137] iommu: Adding device clocks to group 47
[    0.807007] iommu: Adding device gpio-keys to group 48
[    0.812104] iommu: Adding device regulators to group 49
[    0.817331] iommu: Adding device regulators:regulator@0 to group 50
[    0.823543] iommu: Adding device regulators:regulator@1 to group 51
[    0.829804] iommu: Adding device regulators:regulator@2 to group 52
[    0.836024] iommu: Adding device regulators:regulator@3 to group 53
[    0.842282] iommu: Adding device regulators:regulator@4 to group 54
[    0.848510] iommu: Adding device regulators:regulator@7 to group 55
[    0.854763] iommu: Adding device regulators:regulator@8 to group 56
[    0.860991] iommu: Adding device regulators:regulator@10 to group 57
[    0.867329] iommu: Adding device regulators:regulator@11 to group 58
[    0.873636] iommu: Adding device regulators:regulator@12 to group 59
[    0.879983] iommu: Adding device regulators:regulator@13 to group 60
[    0.886290] iommu: Adding device regulators:regulator@14 to group 61
[    0.892634] iommu: Adding device sound to group 62
[    0.914212] +5V_SYS: supplied by +VDD_MUX
[    0.916703] +3.3V_SYS: supplied by +VDD_MUX
[    0.921260] +USB0_VBUS_SW: Failed to request enable GPIO108: -517
[    0.926585] reg-fixed-voltage regulators:regulator@7: Failed to register regulator: -517
[    0.934710] +5V_USB_HS: Failed to request enable GPIO109: -517
[    0.940432] reg-fixed-voltage regulators:regulator@8: Failed to register regulator: -517
[    0.948669] +1.05V_RUN_AVDD_HDMI_PLL: Failed to request enable GPIO63: -517
[    0.955449] reg-fixed-voltage regulators:regulator@11: Failed to register regulator: -517
[    0.963653] +5V_HDMI_CON: Failed to request enable GPIO86: -517
[    0.969464] reg-fixed-voltage regulators:regulator@12: Failed to register regulator: -517
[    0.977690] +5V_SATA: Failed to request enable GPIO242: -517
[    0.983243] reg-fixed-voltage regulators:regulator@13: Failed to register regulator: -517
[    0.991469] +12V_SATA: Failed to request enable GPIO242: -517
[    0.997107] reg-fixed-voltage regulators:regulator@14: Failed to register regulator: -517
[    1.006535] vgaarb: loaded
[    1.008701] SCSI subsystem initialized
[    1.011887] libata version 3.00 loaded.
[    1.015776] usbcore: registered new interface driver usbfs
[    1.021005] usbcore: registered new interface driver hub
[    1.026313] usbcore: registered new device driver usb
[    1.034491] Linux video capture interface: v2.00
[    1.037273] pps_core: LinuxPPS API ver. 1 registered
[    1.042172] pps_core: Software ver. 5.3.6 - Copyright 2005-2007 Rodolfo Giometti <giometti@linux.it>
[    1.051277] PTP clock support registered
[    1.056578] Advanced Linux Sound Architecture Driver Initialized.
[    1.061845] Bluetooth: Core ver 2.22
[    1.064809] NET: Registered protocol family 31
[    1.069206] Bluetooth: HCI device and connection manager initialized
[    1.075511] Bluetooth: HCI socket layer initialized
[    1.080384] Bluetooth: L2CAP socket layer initialized
[    1.085418] Bluetooth: SCO socket layer initialized
[    1.090886] clocksource: Switched to clocksource arch_sys_counter
[    1.185891] NET: Registered protocol family 2
[    1.189329] TCP established hash table entries: 8192 (order: 3, 32768 bytes)
[    1.195480] TCP bind hash table entries: 8192 (order: 4, 65536 bytes)
[    1.201968] TCP: Hash tables configured (established 8192 bind 8192)
[    1.208587] UDP hash table entries: 512 (order: 2, 16384 bytes)
[    1.214050] UDP-Lite hash table entries: 512 (order: 2, 16384 bytes)
[    1.220632] NET: Registered protocol family 1
[    1.225398] RPC: Registered named UNIX socket transport module.
[    1.230545] RPC: Registered udp transport module.
[    1.235250] RPC: Registered tcp transport module.
[    1.239906] RPC: Registered tcp NFSv4.1 backchannel transport module.
[    1.246780] iommu: Adding device regulatory.0 to group 63
[    1.251919] PCI: CLS 0 bytes, default 64
[    1.257402] hw perfevents: enabled with armv7_cortex_a15 PMU driver, 7 counters available
[    1.264472] iommu: Adding device alarmtimer to group 64
[    1.270070] Initialise system trusted keyrings
[    1.273570] workingset: timestamp_bits=30 max_order=19 bucket_order=0
[    1.281197] squashfs: version 4.0 (2009/01/31) Phillip Lougher
[    1.286340] NFS: Registering the id_resolver key type
[    1.290619] Key type id_resolver registered
[    1.294799] Key type id_legacy registered
[    1.303611] Key type asymmetric registered
[    1.305798] Asymmetric key parser 'x509' registered
[    1.310782] bounce: pool size: 64 pages
[    1.314558] io scheduler noop registered (default)
[    1.319231] io scheduler mq-deadline registered
[    1.323755] io scheduler kyber registered
[    1.329546]  usb2-0: usb2-0 supply vbus not found, using dummy regulator
[    1.334553]  usb2-1: usb2-1 supply vbus not found, using dummy regulator
[    1.341513] tegra-xusb-padctl 7009f000.padctl: failed to setup XUSB ports: -517
[    1.357644] tegra-pcie 1003000.pcie: 2x1, 1x1 configuration
[    1.361379] tegra-pcie 1003000.pcie: Failed to get supply 'avddio-pex': -517
[    1.371261] tegra124-dfll 70110000.clock: couldn't get vdd_cpu regulator
[    1.381906] tegra-apbdma 60020000.dma: Tegra20 APB DMA driver register 32 channels
[    1.388865] tegra-pmc 7000e400.pmc: emergency thermal reset enabled
[    1.394433] Serial: 8250/16550 driver, 4 ports, IRQ sharing disabled
[    1.400238] iommu: Adding device serial8250 to group 65
[    1.407191] console [ttyS0] disabled
[    1.408925] 70006300.serial: ttyS0 at MMIO 0x70006300 (irq = 335, base_baud = 25500000) is a Tegra
[    1.417868] console [ttyS0] enabled
[    1.417868] console [ttyS0] enabled
[    1.424069] bootconsole [earlycon0] disabled
[    1.424069] bootconsole [earlycon0] disabled
[    1.433421] 70006000.serial: ttyTHS1 at MMIO 0x70006000 (irq = 333, base_baud = 0) is a TEGRA_UART
[    1.444849] 70006040.serial: ttyTHS2 at MMIO 0x70006040 (irq = 334, base_baud = 0) is a TEGRA_UART
[    1.473436] tegra-hdmi 54280000.hdmi: failed to get HDMI regulator
[    1.492935] loop: module loaded
[    1.497427] at24 0-0056: 256 byte 24c02 EEPROM, writable, 8 bytes/write
[    1.504889] as3722 4-0040: AS3722 with revision 0x1 found
[    1.512523] iommu: Adding device as3722-pinctrl to group 66
[    1.519785] iommu: Adding device as3722-regulator to group 67
[    1.528529] as3722-sd2: supplied by +5V_SYS
[    1.533236] as3722-sd3: supplied by +5V_SYS
[    1.537661] +1.35V_LP0(sd3): Bringing 0uV into 1350000-1350000uV
[    1.544045] as3722-sd4: supplied by +5V_SYS
[    1.548703] as3722-sd5: supplied by +5V_SYS
[    1.554812] as3722-ldo0: supplied by +1.35V_LP0(sd2)
[    1.560918] +1.8V_RUN_CAM: Bringing 0uV into 1800000-1800000uV
[    1.567152] as3722-ldo2: supplied by +1.8V_VDDIO
[    1.573116] as3722-ldo3: supplied by +3.3V_SYS
[    1.577609] +1.05V_LP0_VDD_RTC: Bringing 1100000uV into 1000000-1000000uV
[    1.585439] as3722-ldo4: supplied by +3.3V_SYS
[    1.590113] +2.8V_RUN_CAM: Bringing 0uV into 2800000-2800000uV
[    1.596381] as3722-ldo5: supplied by +1.8V_VDDIO
[    1.601256] +1.2V_RUN_CAM_FRONT: Bringing 0uV into 1200000-1200000uV
[    1.608197] +VDDIO_SDMMC3: bypassed regulator has no supply!
[    1.613871] +VDDIO_SDMMC3: failed to get the current voltage(-517)
[    1.620050] as3722-regulator as3722-regulator: regulator 13 register failed -517
[    1.630320] iommu: Adding device as3722-rtc to group 68
[    1.635729] iommu: Adding device as3722-adc to group 69
[    1.641121] iommu: Adding device as3722-power-off to group 70
[    1.647008] iommu: Adding device as3722-wdt to group 71
[    1.653007] tegra-ahci 70027000.sata: couldn't get PHY in node sata: -517
[    1.671690] m25p80 spi1.0: w25q32dw (4096 Kbytes)
[    1.678383] iommu: Adding device Fixed MDIO bus.0 to group 72
[    1.684336] libphy: Fixed MDIO Bus: probed
[    1.688428] CAN device driver interface
[    1.692338] igb: Intel(R) Gigabit Ethernet Network Driver - version 5.4.0-k
[    1.699289] igb: Copyright (c) 2007-2014 Intel Corporation.
[    1.705018] pegasus: v0.9.3 (2013/04/25), Pegasus/Pegasus II USB Ethernet driver
[    1.712489] usbcore: registered new interface driver pegasus
[    1.718208] usbcore: registered new interface driver asix
[    1.723693] usbcore: registered new interface driver ax88179_178a
[    1.729828] usbcore: registered new interface driver cdc_ether
[    1.735748] usbcore: registered new interface driver smsc75xx
[    1.741576] usbcore: registered new interface driver smsc95xx
[    1.747365] usbcore: registered new interface driver net1080
[    1.753090] usbcore: registered new interface driver cdc_subset
[    1.759049] usbcore: registered new interface driver zaurus
[    1.764729] usbcore: registered new interface driver cdc_ncm
[    1.770629] tegra-phy 7d000000.usb-phy: no vbus regulator
[    1.776280] tegra-phy 7d004000.usb-phy: no vbus regulator
[    1.782004] ehci_hcd: USB 2.0 'Enhanced' Host Controller (EHCI) Driver
[    1.788522] ehci-pci: EHCI PCI platform driver
[    1.793047] tegra-ehci: Tegra EHCI driver
[    1.799893] tegra-ehci 7d004000.usb: EHCI Host Controller
[    1.805331] tegra-ehci 7d004000.usb: new USB bus registered, assigned bus number 1
[    1.813146] tegra-ehci 7d004000.usb: irq 356, io mem 0x7d004000
[    1.840918] tegra-ehci 7d004000.usb: USB 2.0 started, EHCI 1.10
[    1.847733] hub 1-0:1.0: USB hub found
[    1.851545] hub 1-0:1.0: 1 port detected
[    1.856707] usbcore: registered new interface driver cdc_acm
[    1.862379] cdc_acm: USB Abstract Control Model driver for USB modems and ISDN adapters
[    1.870436] usbcore: registered new interface driver cdc_wdm
[    1.876189] usbcore: registered new interface driver usb-storage
[    1.883824] iommu: Adding device ci_hdrc.0 to group 73
[    1.895749] as3722-rtc as3722-rtc: rtc core: registered as3722-rtc as rtc0
[    1.902648] as3722-rtc as3722-rtc: RTC interrupt 379
[    1.910453] tegra_rtc 7000e000.rtc: rtc core: registered 7000e000.rtc as rtc1
[    1.917653] tegra_rtc 7000e000.rtc: Tegra internal Real Time Clock
[    1.924193] i2c /dev entries driver
[    1.928942] usbcore: registered new interface driver uvcvideo
[    1.934705] USB Video Class driver (1.1.1)
[    1.938794] gspca_main: v2.14.0 registered
[    1.943541] lm90 0-004c: 0-004c supply vcc not found, using dummy regulator
[    1.953810] tegra-wdt 60005000.timer: initialized (heartbeat = 120 sec, nowayout = 0)
[    1.962304] iommu: Adding device cpufreq-tegra124 to group 74
[    1.968614] sdhci: Secure Digital Host Controller Interface driver
[    1.974806] sdhci: Copyright(c) Pierre Ossman
[    1.979156] sdhci-pltfm: SDHCI platform and OF driver helper
[    1.985150] sdhci-tegra 700b0400.sdhci: Got CD GPIO
[    1.990040] sdhci-tegra 700b0400.sdhci: Got WP GPIO
[    2.010943] mmc0: Unknown controller version (3). You may experience problems.
[    2.018200] mmc0: Invalid maximum block size, assuming 512 bytes
[    2.080957] mmc0: SDHCI controller on 700b0600.sdhci [700b0600.sdhci] using ADMA
[    2.092445] usbcore: registered new interface driver usbhid
[    2.098118] usbhid: USB HID core driver
[    2.105012] iommu: Adding device snd-soc-dummy to group 75
[    2.157348] mmc0: new high speed MMC card at address 0001
[    2.163351] mmcblk0: mmc0:0001 SEM16G 14.7 GiB 
[    2.168272] mmcblk0boot0: mmc0:0001 SEM16G partition 1 4.00 MiB
[    2.174653] mmcblk0boot1: mmc0:0001 SEM16G partition 2 4.00 MiB
[    2.180752] mmcblk0rpmb: mmc0:0001 SEM16G partition 3 4.00 MiB, chardev (247:0)
[    2.189787]  mmcblk0: p1
[    2.551309] iommu: Adding device 70301100.i2s to group 76
[    2.557568] tegra30-i2s 70301100.i2s: DMA channels sourced from device 70300000.ahub
[    2.577873] tegra-snd-rt5640 sound: rt5640-aif1 <-> 70301100.i2s mapping ok
[    2.588652] input: NVIDIA Tegra Jetson TK1 Headphones as /devices/soc0/sound/sound/card1/input0
[    2.599858] NET: Registered protocol family 10
[    2.605658] Segment Routing with IPv6
[    2.609492] mip6: Mobile IPv6
[    2.612483] sit: IPv6, IPv4 and MPLS over IPv4 tunneling driver
[    2.619878] NET: Registered protocol family 17
[    2.624395] NET: Registered protocol family 15
[    2.628846] can: controller area network core (rev 20170425 abi 9)
[    2.635250] NET: Registered protocol family 29
[    2.639689] can: raw protocol (rev 20170425)
[    2.643972] can: broadcast manager protocol (rev 20170425 t)
[    2.649633] can: netlink gateway (rev 20170425) max_hops=1
[    2.655365] Bluetooth: RFCOMM socket layer initialized
[    2.660513] Bluetooth: RFCOMM ver 1.11
[    2.664297] Bluetooth: BNEP (Ethernet Emulation) ver 1.3
[    2.669610] Bluetooth: BNEP socket layer initialized
[    2.674585] Bluetooth: HIDP (Human Interface Emulation) ver 1.2
[    2.680501] Bluetooth: HIDP socket layer initialized
[    2.685730] Key type dns_resolver registered
[    2.690479] Registering SWP/SWPB emulation handler
[    2.696093] Loading compiled-in X.509 certificates
[    2.718501] +3.3V_RUN: supplied by +3.3V_SYS
[    2.723643] +USB0_VBUS_SW: supplied by +5V_SYS
[    2.728339] +3.3V_AVDD_HDMI_AP_GATED: supplied by +3.3V_RUN
[    2.734378] +5V_USB_HS: supplied by +5V_SYS
[    2.739469] +3.3V_LP0: supplied by +3.3V_SYS
[    2.744813] +5V_HDMI_CON: supplied by +5V_SYS
[    2.749588] +5V_SATA: supplied by +5V_SYS
[    2.754268] +12V_SATA: supplied by +VDD_MUX
[    2.759872]  usb2-0: usb2-0 supply vbus not found, using dummy regulator
[    2.766754]  usb2-1: usb2-1 supply vbus not found, using dummy regulator
[    2.773941]  usb3-0: usb3-0 supply vbus not found, using dummy regulator
[    2.781449] tegra-pcie 1003000.pcie: 2x1, 1x1 configuration
[    2.787061] tegra-pcie 1003000.pcie: Failed to get supply 'avddio-pex': -517
[    2.796184] tegra124-dfll 70110000.clock: couldn't get vdd_cpu regulator
[    2.805197] tegra-hdmi 54280000.hdmi: failed to get PLL regulator
[    2.813749] as3722-sd2: supplied by +5V_SYS
[    2.818242] as3722-sd3: supplied by +5V_SYS
[    2.822764] as3722-sd4: supplied by +5V_SYS
[    2.827247] as3722-sd5: supplied by +5V_SYS
[    2.833194] as3722-ldo0: supplied by +1.35V_LP0(sd2)
[    2.838670] as3722-ldo1: supplied by +3.3V_RUN
[    2.843866] as3722-ldo2: supplied by +1.8V_VDDIO
[    2.849406] as3722-ldo3: supplied by +3.3V_SYS
[    2.854946] as3722-ldo4: supplied by +3.3V_SYS
[    2.859697] as3722-ldo5: supplied by +1.8V_VDDIO
[    2.865508] input: tegra-hda HDMI/DP,pcm=3 as /devices/soc0/70030000.hda/sound/card0/input1
[    2.874126] as3722-ldo6: supplied by +3.3V_RUN
[    2.879120] as3722-ldo7: supplied by +1.8V_VDDIO
[    2.884586] +1.05V_RUN_CAM_REAR: Bringing 0uV into 1050000-1050000uV
[    2.891708] as3722-ldo9: supplied by +5V_SYS
[    2.897174] +3.3V_RUN_TOUCH: Bringing 0uV into 2800000-2800000uV
[    2.903934] as3722-ldo10: supplied by +5V_SYS
[    2.909040] +2.8V_RUN_CAM_AF: Bringing 0uV into 2800000-2800000uV
[    2.915906] as3722-ldo11: supplied by +3.3V_RUN
[    2.921191] +1.8V_RUN_VPP_FUSE: Bringing 0uV into 1800000-1800000uV
[    2.930429] tegra-ahci 70027000.sata: AHCI 0001.0301 32 slots 2 ports 3 Gbps 0x1 impl platform mode
[    2.939505] tegra-ahci 70027000.sata: flags: 64bit ncq sntf pm led pio slum part sadm sds apst 
[    2.950027] scsi host0: tegra-ahci
[    2.954485] scsi host1: tegra-ahci
[    2.958185] ata1: SATA max UDMA/133 mmio [mem 0x70027000-0x70028fff] port 0x100 irq 345
[    2.966231] ata2: DUMMY
[    2.969916] tegra-ehci 7d008000.usb: EHCI Host Controller
[    2.975396] tegra-ehci 7d008000.usb: new USB bus registered, assigned bus number 2
[    2.983295] tegra-ehci 7d008000.usb: irq 357, io mem 0x7d008000
[    3.011021] tegra-ehci 7d008000.usb: USB 2.0 started, EHCI 1.10
[    3.018138] hub 2-0:1.0: USB hub found
[    3.022018] hub 2-0:1.0: 1 port detected
[    3.039265] tegra-xusb 70090000.usb: Direct firmware load for nvidia/tegra124/xusb.bin failed with error -2
[    3.049072] tegra-xusb 70090000.usb: failed to request firmware: -2
[    3.055389] tegra-xusb 70090000.usb: failed to load firmware: -2
[    3.062081] tegra-xusb: probe of 70090000.usb failed with error -2
[    3.069107] sdhci-tegra 700b0400.sdhci: Got CD GPIO
[    3.074054] sdhci-tegra 700b0400.sdhci: Got WP GPIO
[    3.087330] mmc1: Unknown controller version (3). You may experience problems.
[    3.094671] mmc1: Invalid maximum block size, assuming 512 bytes
[    3.161244] mmc1: SDHCI controller on 700b0400.sdhci [700b0400.sdhci] using ADMA
[    3.168926] tegra-pcie 1003000.pcie: 2x1, 1x1 configuration
[    3.179810] tegra-pcie 1003000.pcie: probing port 0, using 2 lanes
[    3.188177] tegra-pcie 1003000.pcie: Slot present pin change, signature: 00000008
[    3.211486] tegra-pcie 1003000.pcie: probing port 1, using 1 lanes
[    3.219784] tegra-pcie 1003000.pcie: Slot present pin change, signature: 00000000
[    3.233834] tegra-pcie 1003000.pcie: PCI host bridge to bus 0000:00
[    3.240115] pci_bus 0000:00: root bus resource [io  0x0000-0xffff]
[    3.246352] pci_bus 0000:00: root bus resource [mem 0x13000000-0x1fffffff]
[    3.253318] pci_bus 0000:00: root bus resource [mem 0x20000000-0x3fffffff pref]
[    3.260731] pci_bus 0000:00: root bus resource [bus 00-ff]
[    3.266390] pci 0000:00:01.0: [10de:0e12] type 01 class 0x060400
[    3.272468] pci_bus 0000:00: 2-byte config write to 0000:00:01.0 offset 0x4 may corrupt adjacent RW1C bits
[    3.282178] pci_bus 0000:00: 2-byte config write to 0000:00:01.0 offset 0x4 may corrupt adjacent RW1C bits
[    3.291969] pci 0000:00:01.0: enabling Extended Tags
[    3.294460] ata1: SATA link down (SStatus 0 SControl 300)
[    3.302587] pci_bus 0000:00: 2-byte config write to 0000:00:01.0 offset 0x88 may corrupt adjacent RW1C bits
[    3.312366] pci_bus 0000:00: 2-byte config write to 0000:00:01.0 offset 0x52 may corrupt adjacent RW1C bits
[    3.322155] pci 0000:00:01.0: PME# supported from D0 D1 D2 D3hot D3cold
[    3.328767] pci_bus 0000:00: 2-byte config write to 0000:00:01.0 offset 0x4c may corrupt adjacent RW1C bits
[    3.338854] pci 0000:00:02.0: [10de:0e13] type 01 class 0x060400
[    3.344945] pci_bus 0000:00: 2-byte config write to 0000:00:02.0 offset 0x4 may corrupt adjacent RW1C bits
[    3.354652] pci_bus 0000:00: 2-byte config write to 0000:00:02.0 offset 0x4 may corrupt adjacent RW1C bits
[    3.364344] pci 0000:00:02.0: enabling Extended Tags
[    3.369307] pci_bus 0000:00: 2-byte config write to 0000:00:02.0 offset 0x88 may corrupt adjacent RW1C bits
[    3.379076] pci_bus 0000:00: 2-byte config write to 0000:00:02.0 offset 0x52 may corrupt adjacent RW1C bits
[    3.388894] pci 0000:00:02.0: PME# supported from D0 D1 D2 D3hot D3cold
[    3.395578] pci_bus 0000:00: 2-byte config write to 0000:00:02.0 offset 0x4c may corrupt adjacent RW1C bits
[    3.405639] PCI: bus0: Fast back to back transfers disabled
[    3.411314] pci 0000:00:01.0: bridge configuration invalid ([bus 00-00]), reconfiguring
[    3.419374] pci 0000:00:02.0: bridge configuration invalid ([bus 00-00]), reconfiguring
[    3.427681] pci 0000:01:00.0: [8086:4232] type 00 class 0x028000
[    3.433811] pci 0000:01:00.0: reg 0x10: [mem 0x00000000-0x00001fff 64bit]
[    3.440956] PCI: bus1: Fast back to back transfers disabled
[    3.446591] pci_bus 0000:01: busn_res: [bus 01-ff] end is updated to 01
[    3.453486] pci 0000:02:00.0: [10ec:8168] type 00 class 0x020000
[    3.459585] pci 0000:02:00.0: reg 0x10: [io  0x0000-0x00ff]
[    3.465272] pci 0000:02:00.0: reg 0x18: [mem 0x00000000-0x00000fff 64bit]
[    3.472267] mmc1: new high speed SDHC card at address aaaa
[    3.478369] mmcblk1: mmc1:aaaa SD04G 3.69 GiB 
[    3.483445] pci 0000:02:00.0: reg 0x20: [mem 0x00000000-0x00003fff 64bit pref]
[    3.491324] PCI: bus2: Fast back to back transfers disabled
[    3.496959] pci_bus 0000:02: busn_res: [bus 02-ff] end is updated to 02
[    3.503809] pci 0000:00:01.0: BAR 8: assigned [mem 0x13000000-0x130fffff]
[    3.510659] pci 0000:00:02.0: BAR 8: assigned [mem 0x13100000-0x131fffff]
[    3.517627] pci 0000:00:02.0: BAR 9: assigned [mem 0x20000000-0x200fffff 64bit pref]
[    3.525473] pci 0000:00:02.0: BAR 7: assigned [io  0x1000-0x1fff]
[    3.531773] pci 0000:01:00.0: BAR 0: assigned [mem 0x13000000-0x13001fff 64bit]
[    3.539169] pci 0000:00:01.0: PCI bridge to [bus 01]
[    3.544417] pci 0000:00:01.0:   bridge window [mem 0x13000000-0x130fffff]
[    3.551330] pci 0000:02:00.0: BAR 4: assigned [mem 0x20000000-0x20003fff 64bit pref]
[    3.559328] pci 0000:02:00.0: BAR 2: assigned [mem 0x13100000-0x13100fff 64bit]
[    3.566760] pci 0000:02:00.0: BAR 0: assigned [io  0x1000-0x10ff]
[    3.573046] pci 0000:00:02.0: PCI bridge to [bus 02]
[    3.578074] pci 0000:00:02.0:   bridge window [io  0x1000-0x1fff]
[    3.584368] pci 0000:00:02.0:   bridge window [mem 0x13100000-0x131fffff]
[    3.591264] pci 0000:00:02.0:   bridge window [mem 0x20000000-0x200fffff 64bit pref]
[    3.599194] pci 0000:00:01.0: nv_msi_ht_cap_quirk didn't locate host bridge
[    3.606510]  mmcblk1: p1 p2 p3
[    3.609833] pcieport 0000:00:01.0: enabling device (0140 -> 0142)
[    3.616746] pcieport 0000:00:01.0: Signaling PME with IRQ 395
[    3.623369] pci 0000:00:02.0: nv_msi_ht_cap_quirk didn't locate host bridge
[    3.630454] pcieport 0000:00:02.0: enabling device (0140 -> 0143)
[    3.636991] pcieport 0000:00:02.0: Signaling PME with IRQ 396
[    3.643220] r8169 Gigabit Ethernet driver 2.3LK-NAPI loaded
[    3.648835] r8169 0000:02:00.0: enabling device (0140 -> 0143)
[    3.654769] r8169 0000:02:00.0 (unnamed net_device) (uninitialized): not PCI Express
[    3.692701] r8169 0000:02:00.0 eth0: RTL8168g/8111g at 0x3c3eaba5, 00:04:4b:3a:d9:81, XID 0c000800 IRQ 22
[    3.702291] r8169 0000:02:00.0 eth0: jumbo features [frames: 9200 bytes, tx checksumming: ko]
[    3.714463] +1.05V_RUN_AVDD_HDMI_PLL: supplied by +1.05V_RUN
[    3.723874] [drm] Supports vblank timestamp caching Rev 2 (21.10.2013).
[    3.730500] [drm] No driver support for vblank timestamp query.
[    3.863620] tegra-hdmi 54280000.hdmi: cannot set audio to 48000 Hz at 297000000 Hz pixel clock
[    4.111633] Console: switching to colour frame buffer device 512x135
[    4.207530] drm drm: fb0:  frame buffer device
[    4.212075] [drm] Initialized tegra 0.0.0 20120330 for drm on minor 0
[    4.219386] iommu: Adding device cpufreq-dt.0 to group 77
[    4.225129] cpufreq: cpufreq_online: CPU0: Running at unlisted freq: 696000 KHz
[    4.232474] cpufreq: cpufreq_online: CPU0: Unlisted initial frequency changed to: 714000 KHz
[    4.241500] input: gpio-keys as /devices/soc0/gpio-keys/input/input2
[    4.248574] as3722-rtc as3722-rtc: setting system clock to 2000-01-01 00:00:14 UTC (946684814)
[    4.257408] cfg80211: Loading compiled-in X.509 certificates for regulatory database
[    4.266904] cfg80211: Loaded X.509 cert 'sforshee: 00b28ddf47aef9cea7'
[    4.273638] platform regulatory.0: Direct firmware load for regulatory.db failed with error -2
[    4.273827] +USB0_VBUS_SW: disabling
[    4.273844] +1.8V_RUN_CAM: disabling
[    4.282346] +2.8V_RUN_CAM: disabling
[    4.285996] +1.2V_RUN_CAM_FRONT: disabling
[    4.289583] +1.05V_RUN_CAM_REAR: disabling
[    4.293187] +3.3V_RUN_TOUCH: disabling
[    4.297294] +2.8V_RUN_CAM_AF: disabling
[    4.301419] +1.8V_RUN_VPP_FUSE: disabling
[    4.305178] ALSA device list:
[    4.305182]   #0: tegra-hda at 0x70038000 irq 346
[    4.305184]   #1: NVIDIA Tegra Jetson TK1
[    4.324694] cfg80211: failed to load regulatory.db
[    4.330275] EXT4-fs (mmcblk0p1): mounting ext3 file system using the ext4 subsystem
[    4.392199] EXT4-fs (mmcblk0p1): recovery complete
[    4.398146] EXT4-fs (mmcblk0p1): mounted filesystem with ordered data mode. Opts: (null)
[    4.406321] VFS: Mounted root (ext3 filesystem) on device 179:1.
[    4.417710] devtmpfs: mounted
[    4.421268] Freeing unused kernel memory: 1024K
bash: cannot set terminal process group (-1): Inappropriate ioctl for device
bash: no job control in this shell
root@(none):/# 