[    0.000000] Booting Linux on physical CPU 0x0000000000 [0x411fd070]
[    0.000000] Linux version 4.15.0-217931-gd8a5b80 (jonathanh@sellafield) (gcc version 4.9.2 20140904 (prerelease) (crosstool-NG linaro-1.13.1-4.9-2014.09 - Linaro GCC 4.9-2014.09)) #1 SMP PREEMPT Sun Jan 28 13:41:20 PST 2018
[    0.000000] Machine model: linux,dummy-virt
[    0.000000] Memory limited to 1024MB
[    0.000000] efi: Getting EFI parameters from FDT:
[    0.000000] efi: UEFI not found.
[    0.000000] cma: Reserved 16 MiB at 0x000000007f000000
[    0.000000] NUMA: No NUMA configuration found
[    0.000000] NUMA: Faking a node at [mem 0x0000000000000000-0x000000007fffffff]
[    0.000000] NUMA: NODE_DATA [mem 0x7efeb000-0x7efecaff]
[    0.000000] Zone ranges:
[    0.000000]   DMA      [mem 0x0000000040000000-0x000000007fffffff]
[    0.000000]   Normal   empty
[    0.000000] Movable zone start for each node
[    0.000000] Early memory node ranges
[    0.000000]   node   0: [mem 0x0000000040000000-0x000000007fffffff]
[    0.000000] Initmem setup node 0 [mem 0x0000000040000000-0x000000007fffffff]
[    0.000000] psci: probing for conduit method from DT.
[    0.000000] psci: PSCIv0.2 detected in firmware.
[    0.000000] psci: Using standard PSCI v0.2 function IDs
[    0.000000] psci: Trusted OS migration not required
[    0.000000] random: fast init done
[    0.000000] percpu: Embedded 23 pages/cpu @        (ptrval) s55168 r8192 d30848 u94208
[    0.000000] Detected PIPT I-cache on CPU0
[    0.000000] CPU features: enabling workaround for ARM erratum 832075
[    0.000000] CPU features: enabling workaround for ARM erratum 834220
[    0.000000] Built 1 zonelists, mobility grouping on.  Total pages: 258048
[    0.000000] Policy zone: DMA
[    0.000000] Kernel command line: root=/dev/vda2 rw rootwait mem=1024M console=ttyAMA0,38400n8 init=/bin/bash
[    0.000000] Memory: 999004K/1048576K available (9404K kernel code, 1150K rwdata, 4460K rodata, 1088K init, 395K bss, 33188K reserved, 16384K cma-reserved)
[    0.000000] Virtual kernel memory layout:
[    0.000000]     modules : 0xffff000000000000 - 0xffff000008000000   (   128 MB)
[    0.000000]     vmalloc : 0xffff000008000000 - 0xffff7dffbfff0000   (129022 GB)
[    0.000000]       .text : 0x        (ptrval) - 0x        (ptrval)   (  9408 KB)
[    0.000000]     .rodata : 0x        (ptrval) - 0x        (ptrval)   (  4480 KB)
[    0.000000]       .init : 0x        (ptrval) - 0x        (ptrval)   (  1088 KB)
[    0.000000]       .data : 0x        (ptrval) - 0x        (ptrval)   (  1151 KB)
[    0.000000]        .bss : 0x        (ptrval) - 0x        (ptrval)   (   396 KB)
[    0.000000]     fixed   : 0xffff7dfffe7fb000 - 0xffff7dfffec00000   (  4116 KB)
[    0.000000]     PCI I/O : 0xffff7dfffee00000 - 0xffff7dffffe00000   (    16 MB)
[    0.000000]     vmemmap : 0xffff7e0000000000 - 0xffff800000000000   (  2048 GB maximum)
[    0.000000]               0xffff7e0000000000 - 0xffff7e0001000000   (    16 MB actual)
[    0.000000]     memory  : 0xffff800000000000 - 0xffff800040000000   (  1024 MB)
[    0.000000] SLUB: HWalign=64, Order=0-3, MinObjects=0, CPUs=1, Nodes=1
[    0.000000] Preemptible hierarchical RCU implementation.
[    0.000000] 	RCU restricting CPUs from NR_CPUS=64 to nr_cpu_ids=1.
[    0.000000] 	Tasks RCU enabled.
[    0.000000] RCU: Adjusting geometry for rcu_fanout_leaf=16, nr_cpu_ids=1
[    0.000000] NR_IRQS: 64, nr_irqs: 64, preallocated irqs: 0
[    0.000000] GICv2m: range[mem 0x08020000-0x08020fff], SPI[80:143]
[    0.000000] arch_timer: cp15 timer(s) running at 62.50MHz (virt).
[    0.000000] clocksource: arch_sys_counter: mask: 0xffffffffffffff max_cycles: 0x1cd42e208c, max_idle_ns: 881590405314 ns
[    0.000339] sched_clock: 56 bits at 62MHz, resolution 16ns, wraps every 4398046511096ns
[    0.020590] Console: colour dummy device 80x25
[    0.023418] Calibrating delay loop (skipped), value calculated using timer frequency.. 125.00 BogoMIPS (lpj=250000)
[    0.024052] pid_max: default: 32768 minimum: 301
[    0.026225] Security Framework initialized
[    0.031776] Dentry cache hash table entries: 131072 (order: 8, 1048576 bytes)
[    0.034872] Inode-cache hash table entries: 65536 (order: 7, 524288 bytes)
[    0.035491] Mount-cache hash table entries: 2048 (order: 2, 16384 bytes)
[    0.035681] Mountpoint-cache hash table entries: 2048 (order: 2, 16384 bytes)
[    0.121729] ASID allocator initialised with 65536 entries
[    0.124503] Hierarchical SRCU implementation.
[    0.158077] EFI services will not be available.
[    0.165827] smp: Bringing up secondary CPUs ...
[    0.166056] smp: Brought up 1 node, 1 CPU
[    0.166142] SMP: Total of 1 processors activated.
[    0.166361] CPU features: detected feature: 32-bit EL0 Support
[    0.170878] CPU: All CPU(s) started at EL1
[    0.172206] alternatives: patching kernel code
[    0.214282] devtmpfs: initialized
[    0.259709] clocksource: jiffies: mask: 0xffffffff max_cycles: 0xffffffff, max_idle_ns: 7645041785100000 ns
[    0.262271] futex hash table entries: 256 (order: 3, 32768 bytes)
[    0.307388] pinctrl core: initialized pinctrl subsystem
[    0.375358] DMI not present or invalid.
[    0.396704] NET: Registered protocol family 16
[    0.403137] audit: initializing netlink subsys (disabled)
[    0.408312] audit: type=2000 audit(0.296:1): state=initialized audit_enabled=0 res=1
[    0.455965] cpuidle: using governor menu
[    0.461315] vdso: 2 pages (1 code @ 00000000a0baae7f, 1 data @ 00000000dd9fcdda)
[    0.463900] hw-breakpoint: found 6 breakpoint and 4 watchpoint registers.
[    0.498455] DMA: preallocated 256 KiB pool for atomic allocations
[    0.522883] Serial: AMBA PL011 UART driver
[    0.694660] 9000000.pl011: ttyAMA0 at MMIO 0x9000000 (irq = 39, base_baud = 0) is a PL011 rev1
[    0.751184] console [ttyAMA0] enabled
[    1.272245] HugeTLB registered 2.00 MiB page size, pre-allocated 0 pages
[    1.309470] ACPI: Interpreter disabled.
[    1.342876] vgaarb: loaded
[    1.350542] SCSI subsystem initialized
[    1.374818] usbcore: registered new interface driver usbfs
[    1.377142] usbcore: registered new interface driver hub
[    1.378647] usbcore: registered new device driver usb
[    1.403950] pps_core: LinuxPPS API ver. 1 registered
[    1.404336] pps_core: Software ver. 5.3.6 - Copyright 2005-2007 Rodolfo Giometti <giometti@linux.it>
[    1.408649] PTP clock support registered
[    1.412698] EDAC MC: Ver: 3.0.0
[    1.426085] dmi: Firmware registration failed.
[    1.434863] Advanced Linux Sound Architecture Driver Initialized.
[    1.458928] clocksource: Switched to clocksource arch_sys_counter
[    1.460716] VFS: Disk quotas dquot_6.6.0
[    1.464307] VFS: Dquot-cache hash table entries: 512 (order 0, 4096 bytes)
[    1.469584] pnp: PnP ACPI: disabled
[    1.657801] NET: Registered protocol family 2
[    1.672957] TCP established hash table entries: 8192 (order: 4, 65536 bytes)
[    1.674129] TCP bind hash table entries: 8192 (order: 5, 131072 bytes)
[    1.675396] TCP: Hash tables configured (established 8192 bind 8192)
[    1.678554] UDP hash table entries: 512 (order: 2, 16384 bytes)
[    1.679817] UDP-Lite hash table entries: 512 (order: 2, 16384 bytes)
[    1.683709] NET: Registered protocol family 1
[    1.700040] RPC: Registered named UNIX socket transport module.
[    1.700556] RPC: Registered udp transport module.
[    1.700897] RPC: Registered tcp transport module.
[    1.701214] RPC: Registered tcp NFSv4.1 backchannel transport module.
[    1.717436] hw perfevents: enabled with armv8_pmuv3 PMU driver, 1 counters available
[    1.721070] kvm [1]: HYP mode not available
[    1.789803] Initialise system trusted keyrings
[    1.796276] workingset: timestamp_bits=44 max_order=18 bucket_order=0
[    2.000080] squashfs: version 4.0 (2009/01/31) Phillip Lougher
[    2.027411] NFS: Registering the id_resolver key type
[    2.028216] Key type id_resolver registered
[    2.028568] Key type id_legacy registered
[    2.029086] nfs4filelayout_init: NFSv4 File Layout Driver Registering...
[    2.033490] 9p: Installing v9fs 9p2000 file system support
[    2.069394] Key type asymmetric registered
[    2.069836] Asymmetric key parser 'x509' registered
[    2.073586] Block layer SCSI generic (bsg) driver version 0.4 loaded (major 245)
[    2.074364] io scheduler noop registered
[    2.082570] io scheduler cfq registered (default)
[    2.084336] io scheduler mq-deadline registered
[    2.084694] io scheduler kyber registered
[    2.240563] pl061_gpio 9030000.pl061: PL061 GPIO chip @0x0000000009030000 registered
[    2.282026] OF: PCI: host bridge /pcie@10000000 ranges:
[    2.286348] OF: PCI:    IO 0x3eff0000..0x3effffff -> 0x00000000
[    2.292089] OF: PCI:   MEM 0x10000000..0x3efeffff -> 0x10000000
[    2.292660] OF: PCI:   MEM 0x8000000000..0xffffffffff -> 0x8000000000
[    2.294342] pci-host-generic 3f000000.pcie: ECAM at [mem 0x3f000000-0x3fffffff] for [bus 00-0f]
[    2.299808] pci-host-generic 3f000000.pcie: PCI host bridge to bus 0000:00
[    2.300724] pci_bus 0000:00: root bus resource [bus 00-0f]
[    2.301290] pci_bus 0000:00: root bus resource [io  0x0000-0xffff]
[    2.301781] pci_bus 0000:00: root bus resource [mem 0x10000000-0x3efeffff]
[    2.302318] pci_bus 0000:00: root bus resource [mem 0x8000000000-0xffffffffff]
[    2.676950] Serial: 8250/16550 driver, 4 ports, IRQ sharing enabled
[    2.721607] SuperH (H)SCI(F) driver initialized
[    2.730738] msm_serial: driver initialized
[    2.751505] cacheinfo: Unable to detect cache hierarchy for CPU 0
[    2.877315] loop: module loaded
[    2.982344]  vda: vda1 vda2
[    3.137562] libphy: Fixed MDIO Bus: probed
[    3.166454] tun: Universal TUN/TAP device driver, 1.6
[    3.205445] thunder-xcv, ver 1.0
[    3.207982] thunder-BGX, ver 1.0
[    3.210072] thunder-nic, ver 1.0
[    3.218621] e1000e: Intel(R) PRO/1000 Network Driver - 3.2.6-k
[    3.221109] e1000e: Copyright(c) 1999 - 2015 Intel Corporation.
[    3.223639] igb: Intel(R) Gigabit Ethernet Network Driver - version 5.4.0-k
[    3.224091] igb: Copyright (c) 2007-2014 Intel Corporation.
[    3.225564] igbvf: Intel(R) Gigabit Virtual Function Network Driver - version 2.4.0-k
[    3.226034] igbvf: Copyright (c) 2009 - 2012 Intel Corporation.
[    3.232769] sky2: driver version 1.30
[    3.240297] VFIO - User Level meta-driver version: 0.3
[    3.260427] ehci_hcd: USB 2.0 'Enhanced' Host Controller (EHCI) Driver
[    3.260975] ehci-pci: EHCI PCI platform driver
[    3.265334] ehci-platform: EHCI generic platform driver
[    3.268258] ehci-orion: EHCI orion driver
[    3.269910] ehci-exynos: EHCI EXYNOS driver
[    3.273123] ohci_hcd: USB 1.1 'Open' Host Controller (OHCI) Driver
[    3.273815] ohci-pci: OHCI PCI platform driver
[    3.276581] ohci-platform: OHCI generic platform driver
[    3.278544] ohci-exynos: OHCI EXYNOS driver
[    3.286669] usbcore: registered new interface driver usb-storage
[    3.350099] rtc-pl031 9010000.pl031: rtc core: registered pl031 as rtc0
[    3.366521] i2c /dev entries driver
[    3.467326] sdhci: Secure Digital Host Controller Interface driver
[    3.468008] sdhci: Copyright(c) Pierre Ossman
[    3.475464] Synopsys Designware Multimedia Card Interface Driver
[    3.497886] sdhci-pltfm: SDHCI platform and OF driver helper
[    3.531451] ledtrig-cpu: registered to indicate activity on CPUs
[    3.566421] usbcore: registered new interface driver usbhid
[    3.568449] usbhid: USB HID core driver
[    3.616852] NET: Registered protocol family 17
[    3.620080] 9pnet: Installing 9P2000 support
[    3.621805] Key type dns_resolver registered
[    3.632956] registered taskstats version 1
[    3.633312] Loading compiled-in X.509 certificates
[    3.657273] input: gpio-keys as /devices/platform/gpio-keys/input/input0
[    3.668001] rtc-pl031 9010000.pl031: setting system clock to 2018-01-28 21:45:10 UTC (1517175910)
[    3.670475] ALSA device list:
[    3.672765]   No soundcards found.
[    3.680659] uart-pl011 9000000.pl011: no DMA platform data
[    3.731480] EXT4-fs (vda2): couldn't mount as ext3 due to feature incompatibilities
[    3.985508] EXT4-fs (vda2): recovery complete
[    3.987032] EXT4-fs (vda2): mounted filesystem with ordered data mode. Opts: (null)
[    3.988669] VFS: Mounted root (ext4 filesystem) on device 254:2.
[    4.012306] devtmpfs: mounted
[    4.221030] Freeing unused kernel memory: 1088K
bash: cannot set terminal process group (-1): Inappropriate ioctl for device
bash: no job control in this shell
bash-4.3# 