

U-Boot 2015.04-00466-gedec83e90172 (Mar 14 2016 - 10:42:01)

TEGRA124
Model: Acer Chromebook 13 CB5-311
DRAM:  4 GiB
:   Tegra SD/MMC: 0, Tegra SD/MMC: 1, Tegra SD/MMC: 2
MMC init failed
Using default environment

In:    serial
Out:   serial
Err:   serial
Net:   Net Initialization Skipped
No ethernet found.
Hit any key to stop autoboot:  2  0 
Tegra124 (Nyan-big) # 
Tegra124 (Nyan-big) # usb start
starting USB...
USB0:   USB EHCI 1.10
scanning bus 0 for devices... 2 USB Device(s) found
USB1:   USB EHCI 1.10
scanning bus 1 for devices... 2 USB Device(s) found
       scanning usb for storage devices... 1 Storage Device(s) found
       scanning usb for ethernet devices... 
Warning: asx0 using MAC address from net device
1 Ethernet Device(s) found
Tegra124 (Nyan-big) # setenv bootargs 'ignore_loglevel console=ttyS0,115200n8 rw root=PARTUUID=4d36e82a-b3c0-4b4b-bfcd-afe5217ac023 rootwait gpt debug noinitrd earlyprintk init=/bin/bash'
Tegra124 (Nyan-big) # setenv ipaddr 192.168.100.102; setenv serverip 192.168.100.1; setenv tftpserverip 192.168.100.1
Tegra124 (Nyan-big) # tftpboot 0x82000000 zImage.tegra_defconfig
Using asx0 device
TFTP from server 192.168.100.1; our IP address is 192.168.100.102
Filename 'zImage.tegra_defconfig'.
Load address: 0x82000000
Loading: *#################################################################
	 #################################################################
	 #################################################################
	 #################################################################
	 #################################################################
	 #####################################################
	 3.5 MiB/s
done
Bytes transferred = 5538824 (548408 hex)
Tegra124 (Nyan-big) # tftpboot 0x83000000 tegra124-nyan-big.dtb
Using asx0 device
TFTP from server 192.168.100.1; our IP address is 192.168.100.102
Filename 'tegra124-nyan-big.dtb'.
Load address: 0x83000000
Loading: *#####
	 3.4 MiB/s
done
Bytes transferred = 66901 (10555 hex)
Tegra124 (Nyan-big) # bootz 0x82000000 - 0x83000000
Kernel image @ 0x82000000 [ 0x000000 - 0x548408 ]
## Flattened Device Tree blob at 83000000
   Booting using the fdt blob at 0x83000000
   Using Device Tree in place at 83000000, end 83013554

Starting kernel ...

[    2.505571] console [ttyS0] enabled
[    2.509047] bootconsole [earlycon0] disabled
[    2.514383] [drm] Initialized drm 1.1.0 20060810
[    2.519723] tegra-hdmi 54280000.hdmi: failed to get HDMI regulator
[    2.526327] tegra-dpaux 545c0000.dpaux: failed to get VDD supply: -517
[    2.533622] panel supply power not found, using dummy regulator
[    2.565022] loop: module loaded
[    2.568773] as3722 4-0040: AS3722 with revision 0x1 found
[    2.578989] as3722-sd2: supplied by +5V_SYS
[    2.583497] as3722-sd3: supplied by +5V_SYS
[    2.587847] +1.35V_LP0(sd3): Bringing 0uV into 1350000-1350000uV
[    2.594108] as3722-sd4: supplied by +5V_SYS
[    2.598452] +1.05V_RUN: Bringing 0uV into 1050000-1050000uV
[    2.604281] as3722-sd5: supplied by +5V_SYS
[    2.610065] as3722-ldo0: supplied by +1.35V_LP0(sd2)
[    2.615904] +1.8V_RUN_CAM: Bringing 0uV into 1800000-1800000uV
[    2.622014] as3722-ldo2: supplied by +1.8V_VDDIO
[    2.627743] as3722-ldo3: supplied by +3.3V_SYS
[    2.632192] +1.00V_LP0_VDD_RTC: Bringing 1100000uV into 1000000-1000000uV
[    2.639862] as3722-ldo4: supplied by +3.3V_SYS
[    2.644459] +3.3V_RUN_CAM: Bringing 0uV into 2800000-2800000uV
[    2.650572] as3722-ldo5: supplied by +1.8V_VDDIO
[    2.655354] +1.2V_RUN_CAM_FRONT: Bringing 0uV into 1200000-1200000uV
[    2.662141] +VDDIO_SDMMC3: Bringing 0uV into 1800000-1800000uV
[    2.668276] as3722-ldo7: supplied by +1.8V_VDDIO
[    2.673049] +1.05V_RUN_CAM_REAR: Bringing 0uV into 1050000-1050000uV
[    2.679698] as3722-ldo9: supplied by +5V_SYS
[    2.684269] +2.8V_RUN_TOUCH: Bringing 0uV into 2800000-2800000uV
[    2.690577] as3722-ldo10: supplied by +5V_SYS
[    2.695097] +2.8V_RUN_CAM_AF: Bringing 0uV into 2800000-2800000uV
[    2.701635] +1.8V_RUN_VPP_FUSE: Bringing 0uV into 1800000-1800000uV
[    2.741838] cros-ec-spi spi32766.0: Chrome EC device registered
[    2.757213] m25p80 spi32765.0: w25q32dw (4096 Kbytes)
[    2.773439] CAN device driver interface
[    2.777317] igb: Intel(R) Gigabit Ethernet Network Driver - version 5.3.0-k
[    2.784260] igb: Copyright (c) 2007-2014 Intel Corporation.
[    2.789944] pegasus: v0.9.3 (2013/04/25), Pegasus/Pegasus II USB Ethernet driver
[    2.797390] usbcore: registered new interface driver pegasus
[    2.803087] usbcore: registered new interface driver asix
[    2.808528] usbcore: registered new interface driver ax88179_178a
[    2.814659] usbcore: registered new interface driver cdc_ether
[    2.820531] usbcore: registered new interface driver smsc75xx
[    2.826325] usbcore: registered new interface driver smsc95xx
[    2.832094] usbcore: registered new interface driver net1080
[    2.837783] usbcore: registered new interface driver cdc_subset
[    2.843725] usbcore: registered new interface driver zaurus
[    2.849346] usbcore: registered new interface driver cdc_ncm
[    2.855097] ehci_hcd: USB 2.0 'Enhanced' Host Controller (EHCI) Driver
[    2.861607] ehci-pci: EHCI PCI platform driver
[    2.866088] tegra-ehci: Tegra EHCI driver
[    2.870431] usbcore: registered new interface driver cdc_acm
[    2.876082] cdc_acm: USB Abstract Control Model driver for USB modems and ISDN adapters
[    2.884106] usbcore: registered new interface driver cdc_wdm
[    2.889810] usbcore: registered new interface driver usb-storage
[    2.896078] mousedev: PS/2 mouse device common for all mice
[    2.901952] input: cros_ec as /devices/soc0/7000d400.spi/spi_master/spi32766/spi32766.0/7000d400.spi:cros-ec@0:keyboard-controller/input/input0
[    2.916895] as3722-rtc as3722-rtc: rtc core: registered as3722-rtc as rtc0
[    2.923754] as3722-rtc as3722-rtc: RTC interrupt 370
[    2.930596] tegra_rtc 7000e000.rtc: rtc core: registered 7000e000.rtc as rtc1
[    2.937753] tegra_rtc 7000e000.rtc: Tegra internal Real Time Clock
[    2.944058] i2c /dev entries driver
[    2.948315] usbcore: registered new interface driver uvcvideo
[    2.954044] USB Video Class driver (1.1.1)
[    2.958136] gspca_main: v2.14.0 registered
[    2.962527] 0-004c supply vcc not found, using dummy regulator
[    2.970306] tegra-wdt 60005000.timer: initialized (heartbeat = 120 sec, nowayout = 0)
[    2.978734] sdhci: Secure Digital Host Controller Interface driver
[    2.984908] sdhci: Copyright(c) Pierre Ossman
[    2.989250] sdhci-pltfm: SDHCI platform and OF driver helper
[    2.995054] sdhci-tegra 700b0000.sdhci: allocated mmc-pwrseq
[    3.000714] mmc0: Unknown controller version (3). You may experience problems.
[    3.008103] sdhci-tegra 700b0400.sdhci: Got CD GPIO
[    3.012973] sdhci-tegra 700b0400.sdhci: Got WP GPIO
[    3.017873] mmc0: Unknown controller version (3). You may experience problems.
[    3.025226] mmc0: Unknown controller version (3). You may experience problems.
[    3.032464] mmc0: Invalid maximum block size, assuming 512 bytes
[    3.074597] mmc0: SDHCI controller on 700b0600.sdhci [700b0600.sdhci] using ADMA 64-bit
[    3.082935] usbcore: registered new interface driver usbhid
[    3.088527] usbhid: USB HID core driver
[    3.100808] tegra30-i2s 70301100.i2s: DMA channels sourced from device 70300000.ahub
[    3.135088] max98090 0-0010: MAX98090 REVID=0x43
[    3.141541] max98090 0-0010: use default 2.8v micbias
[    3.149161] tegra-snd-max98090 sound: HiFi <-> 70301100.i2s mapping ok
[    3.155148] mmc0: new high speed MMC card at address 0001
[    3.155616] mmcblk0: mmc0:0001 MMC16G 14.4 GiB 
[    3.155851] mmcblk0boot0: mmc0:0001 MMC16G partition 1 2.00 MiB
[    3.166047] mmcblk0boot1: mmc0:0001 MMC16G partition 2 2.00 MiB
[    3.166221] mmcblk0rpmb: mmc0:0001 MMC16G partition 3 128 KiB
[    3.169440]  mmcblk0: p1 p2 p3 p4 p5 p6 p7 p8 p9 p10 p11 p12
[    3.190117] input: GoogleNyanBig Headphones as /devices/soc0/sound/sound/card1/input1
[    3.198228] input: GoogleNyanBig Mic Jack as /devices/soc0/sound/sound/card1/input2
[    3.414595] NET: Registered protocol family 10
[    3.544606] mip6: Mobile IPv6
[    3.547565] sit: IPv6 over IPv4 tunneling driver
[    3.553223] NET: Registered protocol family 17
[    3.557678] NET: Registered protocol family 15
[    3.562107] can: controller area network core (rev 20120528 abi 9)
[    3.594638] NET: Registered protocol family 29
[    3.599068] can: raw protocol (rev 20120528)
[    3.603325] can: broadcast manager protocol (rev 20120528 t)
[    3.608984] can: netlink gateway (rev 20130117) max_hops=1
[    3.615224] input: tegra-hda HDMI/DP,pcm=3 as /devices/soc0/70030000.hda/sound/card0/input3
[    3.634647] Bluetooth: RFCOMM socket layer initialized
[    3.639780] Bluetooth: RFCOMM ver 1.11
[    3.643520] Bluetooth: BNEP (Ethernet Emulation) ver 1.3
[    3.648827] Bluetooth: BNEP socket layer initialized
[    3.653777] Bluetooth: HIDP (Human Interface Emulation) ver 1.2
[    3.659691] Bluetooth: HIDP socket layer initialized
[    3.664787] Key type dns_resolver registered
[    3.669510] Registering SWP/SWPB emulation handler
[    3.675470] +3.3V_RUN: supplied by +3.3V_SYS
[    3.680100] +3.3V_AVDD_HDMI_AP_GATED: supplied by +3.3V_RUN
[    3.685709] +1.8V_RUN_CAM: supplied by +3.3V_RUN
[    3.690353] +VDDIO_SDMMC3: supplied by +3.3V_RUN
[    3.695015] +1.8V_RUN_VPP_FUSE: supplied by +3.3V_RUN
[    3.700258] +VDD_LED: supplied by +VDD_MUX
[    3.704616] +5V_VDD_TS_SW: supplied by +5V_SYS
[    3.709399] +5V_USB_HS: supplied by +5V_SYS
[    3.713792] +5V_USB_SS: supplied by +5V_SYS
[    3.718775] +3.3V_PANEL: supplied by +3.3V_RUN
[    3.723789] +3.3V_LP0: supplied by +3.3V_SYS
[    3.728711] +1.05V_RUN_AVDD_HDMI_PLL: supplied by +1.05V_RUN
[    3.734606] +5V_HDMI_CON: supplied by +5V_SYS
[    3.740083] usb3-0 supply vbus not found, using dummy regulator
[    3.746102] usb3-1 supply vbus not found, using dummy regulator
[    3.754533] tegra-sor 54540000.sor: failed to probe output: -517
[    3.760712] panel supply power not found, using dummy regulator
[    3.825332] tegra-xusb 70090000.usb: Firmware timestamp: 2014-09-16 02:10:07 UTC
[    3.832741] tegra-xusb 70090000.usb: xHCI Host Controller
[    3.838162] tegra-xusb 70090000.usb: new USB bus registered, assigned bus number 1
[    3.847740] tegra-xusb 70090000.usb: hcc params 0x0184f525 hci version 0x100 quirks 0x00010010
[    3.856377] tegra-xusb 70090000.usb: irq 342, io mem 0x70090000
[    3.863113] hub 1-0:1.0: USB hub found
[    3.866933] hub 1-0:1.0: 6 ports detected
[    3.871640] tegra-xusb 70090000.usb: xHCI Host Controller
[    3.877086] tegra-xusb 70090000.usb: new USB bus registered, assigned bus number 2
[    3.884783] usb usb2: We don't know the algorithms for LPM for this host, disabling LPM.
[    3.893694] hub 2-0:1.0: USB hub found
[    3.897511] hub 2-0:1.0: 2 ports detected
[    3.902693] sdhci-tegra 700b0000.sdhci: allocated mmc-pwrseq
[    3.908407] mmc1: Unknown controller version (3). You may experience problems.
[    3.915873] mmc1: Invalid maximum block size, assuming 512 bytes
[    3.922443] +1.8V_VDDIO: voltage operation not allowed
[    3.927607] mmc1: Switching to 3.3V signalling voltage failed
[    3.964924] mmc1: SDHCI controller on 700b0000.sdhci [700b0000.sdhci] using ADMA 64-bit
[    3.973247] sdhci-tegra 700b0400.sdhci: Got CD GPIO
[    3.980324] sdhci-tegra 700b0400.sdhci: Got WP GPIO
[    3.988393] mmc2: Unknown controller version (3). You may experience problems.
[    3.996046] mmc2: Invalid maximum block size, assuming 512 bytes
[    4.033703] mmc1: new high speed SDIO card at address 0001
[    4.044749] mmc2: SDHCI controller on 700b0400.sdhci [700b0400.sdhci] using ADMA 64-bit
[    4.143941] [drm] Supports vblank timestamp caching Rev 2 (21.10.2013).
[    4.150567] [drm] No driver support for vblank timestamp query.
[    4.194619] usb 1-2: new high-speed USB device number 2 using tegra-xusb
[    4.206002] mmc2: new high speed SDHC card at address 0007
[    4.206678] mmcblk2: mmc2:0007 SD08G 7.42 GiB 
[    4.212839] Console: switching to colour frame buffer device 170x48
[    4.239910] drm drm: fb0:  frame buffer device
[    4.248333] GPT:Primary header alternate_lba != Alt. header my_lba
[    4.254511] GPT:3014591 != 15564799
[    4.258087] GPT:Primary header thinks Alt. header is not at the end of the disk.
[    4.265507] GPT:3014591 != 15564799
[    4.269010] GPT: Use GNU Parted to correct GPT errors.
[    4.274162]  mmcblk2: p1 p2 p3 p4 p5 p6 p7 p8 p9 p10 p11 p12
[    4.279860] [drm] Initialized tegra 0.0.0 20120330 on minor 0
[    4.280697] input: gpio-keys as /devices/soc0/gpio-keys/input/input4
[    4.286313] as3722-rtc as3722-rtc: setting system clock to 2000-01-01 04:00:45 UTC (946699245)
[    4.293249] +1.8V_RUN_CAM: disabling
[    4.301442] +1.2V_RUN_CAM_FRONT: disabling
[    4.305107] +1.05V_RUN_CAM_REAR: disabling
[    4.309223] +2.8V_RUN_TOUCH: disabling
[    4.313328] +2.8V_RUN_CAM_AF: disabling
[    4.317096] +1.8V_RUN_VPP_FUSE: disabling
[    4.321012] +5V_VDD_TS_SW: disabling
[    4.321261] ALSA device list:
[    4.321263]   #0: tegra-hda at 0x70038000 irq 341
[    4.321264]   #1: GoogleNyanBig
[    4.343268] EXT4-fs (mmcblk0p3): couldn't mount as ext3 due to feature incompatibilities
[    4.484901] uvcvideo: Found UVC 1.00 device HD WebCam (1bcf:2c67)
[    4.499862] input: HD WebCam as /devices/soc0/70090000.usb/usb1/1-2/1-2:1.0/input/input5
[    4.754906] EXT4-fs (mmcblk0p3): recovery complete
[    4.760607] EXT4-fs (mmcblk0p3): mounted filesystem with ordered data mode. Opts: (null)
[    4.768757] VFS: Mounted root (ext4 filesystem) on device 179:3.
[    4.775801] devtmpfs: mounted
[    4.779200] Freeing unused kernel memory: 1024K (c0b00000 - c0c00000)
[    4.784707] usb 1-3: new high-speed USB device number 3 using tegra-xusb
bash: cannot set terminal process group (-1): Inappropriate ioctl for device
bash: no job control in this shell
root@(none):/# [    5.767519] asix 1-3:1.0 eth0: register 'asix' at usb-70090000.usb-3, ASIX AX88772 USB 2.0 Ethernet, c8:d7:19:90:fa:65
[    6.054682] usb 1-1: new high-speed USB device number 4 using tegra-xusb
[    6.203274] usb-storage 1-1:1.0: USB Mass Storage device detected
[    6.210199] scsi host0: usb-storage 1-1:1.0
[    7.266518] scsi 0:0:0:0: Direct-Access     SanDisk  SDDR-113         9412 PQ: 0 ANSI: 0
[    7.438562] sd 0:0:0:0: [sda] 15523840 512-byte logical blocks: (7.95 GB/7.40 GiB)
[    7.446969] sd 0:0:0:0: [sda] Write Protect is off
[    7.451760] sd 0:0:0:0: [sda] Mode Sense: 03 00 00 00
[    7.458094] sd 0:0:0:0: [sda] No Caching mode page found
[    7.463406] sd 0:0:0:0: [sda] Assuming drive cache: write through
[    7.488501]  sda: sda1 sda2 sda3 sda4 sda5 sda6 sda7 sda8 sda9 sda10 sda11 sda12 sda13
[    7.502013] sd 0:0:0:0: [sda] Attached SCSI removable disk
mount -t sysfs none /sys
root@(none):/# 
root@(none):/# mount -t debugfs none /sys/kernel/debug
root@(none):/# 
root@(none):/# rtcwake -d rtc1 -m mem -s 3
rtcwake: assuming RTC uses UTC ...
rtcwake: wakeup from "mem" using /dev/rtc1 at Thu Jan  1 00:00:52 1970
[   31.844986] PM: Syncing filesystems ... done.
[   31.854905] Freezing user space processes ... (elapsed 0.001 seconds) done.
[   31.863063] Freezing remaining freezable tasks ... (elapsed 0.001 seconds) done.
[   31.871764] Suspending console(s) (use no_console_suspend to debug)
[   32.056059] PM: suspend of devices complete after 177.410 msecs
[   32.057653] PM: late suspend of devices complete after 1.585 msecs
[   32.058478] PM: noirq suspend of devices complete after 0.820 msecs
[   32.058479] Disabling non-boot CPUs ...
[   32.094942] CPU1: shutdown
[   32.174925] CPU2: shutdown
[   32.244960] CPU3: shutdown
[   32.275415] Entering suspend state LP1
[   32.275428] Enabling non-boot CPUs ...
[   32.325741] CPU1 is up
[   32.375904] CPU2 is up
[   32.426140] CPU3 is up
[   32.426845] PM: noirq resume of devices complete after 0.701 msecs
[   32.428723] PM: early resume of devices complete after 1.374 msecs
[   32.459562] +1.8V_VDDIO: voltage operation not allowed
[   32.459566] mmc1: Switching to 3.3V signalling voltage failed
[   32.614977] usb 1-1: reset high-speed USB device number 4 using tegra-xusb
[   32.761049] PM: resume of devices complete after 332.317 msecs
[   32.842617] Restarting tasks ... done.
root@(none):/# 
root@(none):/# rtcwake -d rtc1 -m mem -s 3
rtcwake: assuming RTC uses UTC ...
rtcwake: wakeup from "mem" using /dev/rtc1 at Thu Jan  1 00:00:57 1970
[   34.005361] PM: Syncing filesystems ... done.
[   34.015120] Freezing user space processes ... (elapsed 0.001 seconds) done.
[   34.023308] Freezing remaining freezable tasks ... (elapsed 0.001 seconds) done.
[   34.032027] Suspending console(s) (use no_console_suspend to debug)
[   34.216031] PM: suspend of devices complete after 177.153 msecs
[   34.217179] PM: late suspend of devices complete after 1.139 msecs
[   34.218036] PM: noirq suspend of devices complete after 0.853 msecs
[   34.218038] Disabling non-boot CPUs ...
[   34.244938] CPU1: shutdown
[   34.314749] IRQ17 no longer affine to CPU2
[   34.314928] CPU2: shutdown
[   34.384891] CPU3: shutdown
[   34.415382] Entering suspend state LP1
[   34.415409] Enabling non-boot CPUs ...
[   34.465718] CPU1 is up
[   34.515893] CPU2 is up
[   34.566127] CPU3 is up
[   34.566786] PM: noirq resume of devices complete after 0.654 msecs
[   34.568632] PM: early resume of devices complete after 1.345 msecs
[   34.600109] +1.8V_VDDIO: voltage operation not allowed
[   34.600113] mmc1: Switching to 3.3V signalling voltage failed
[   34.754975] usb 1-1: reset high-speed USB device number 4 using tegra-xusb
[   34.901836] PM: resume of devices complete after 333.194 msecs
[   34.987365] Restarting tasks ... done.
root@(none):/# 
root@(none):/# rtcwake -d rtc1 -m mem -s 3
rtcwake: assuming RTC uses UTC ...
rtcwake: wakeup from "mem" using /dev/rtc1 at Thu Jan  1 00:01:02 1970
[   36.144907] PM: Syncing filesystems ... done.
[   36.154396] Freezing user space processes ... (elapsed 0.001 seconds) done.
[   36.162510] Freezing remaining freezable tasks ... (elapsed 0.001 seconds) done.
[   36.171167] Suspending console(s) (use no_console_suspend to debug)
[   36.355950] PM: suspend of devices complete after 177.925 msecs
[   36.356838] PM: late suspend of devices complete after 0.884 msecs
[   36.357645] PM: noirq suspend of devices complete after 0.804 msecs
[   36.357647] Disabling non-boot CPUs ...
[   36.384908] CPU1: shutdown
[   36.444904] CPU2: shutdown
[   36.504690] IRQ17 no longer affine to CPU3
[   36.504866] CPU3: shutdown
[   36.535362] Entering suspend state LP1
[   36.535388] Enabling non-boot CPUs ...
[   36.585690] CPU1 is up
[   36.635864] CPU2 is up
[   36.686096] CPU3 is up
[   36.686711] PM: noirq resume of devices complete after 0.609 msecs
[   36.688734] PM: early resume of devices complete after 1.505 msecs
[   36.719986] +1.8V_VDDIO: voltage operation not allowed
[   36.719989] mmc1: Switching to 3.3V signalling voltage failed
[   36.874951] usb 1-1: reset high-speed USB device number 4 using tegra-xusb
[   37.021539] PM: resume of devices complete after 332.797 msecs
[   37.107216] Restarting tasks ... done.
root@(none):/# 
root@(none):/# rtcwake -d rtc1 -m mem -s 3
rtcwake: assuming RTC uses UTC ...
rtcwake: wakeup from "mem" using /dev/rtc1 at Thu Jan  1 00:01:07 1970
[   38.265163] PM: Syncing filesystems ... done.
[   38.274698] Freezing user space processes ... (elapsed 0.001 seconds) done.
[   38.282880] Freezing remaining freezable tasks ... (elapsed 0.001 seconds) done.
[   38.291596] Suspending console(s) (use no_console_suspend to debug)
[   38.475927] PM: suspend of devices complete after 177.483 msecs
[   38.476813] PM: late suspend of devices complete after 0.881 msecs
[   38.477626] PM: noirq suspend of devices complete after 0.810 msecs
[   38.477628] Disabling non-boot CPUs ...
[   38.504889] CPU1: shutdown
[   38.574876] CPU2: shutdown
[   38.634835] CPU3: shutdown
[   38.665337] Entering suspend state LP1
[   38.665364] Enabling non-boot CPUs ...
[   38.715669] CPU1 is up
[   38.765843] CPU2 is up
[   38.816077] CPU3 is up
[   38.816687] PM: noirq resume of devices complete after 0.605 msecs
[   38.818448] PM: early resume of devices complete after 1.274 msecs
[   38.849902] +1.8V_VDDIO: voltage operation not allowed
[   38.849906] mmc1: Switching to 3.3V signalling voltage failed
[   39.004925] usb 1-1: reset high-speed USB device number 4 using tegra-xusb
[   39.151608] PM: resume of devices complete after 333.150 msecs
[   39.233084] Restarting tasks ... done.
root@(none):/# 
root@(none):/# rtcwake -d rtc1 -m mem -s 3
rtcwake: assuming RTC uses UTC ...
rtcwake: wakeup from "mem" using /dev/rtc1 at Thu Jan  1 00:01:12 1970
[   40.395350] PM: Syncing filesystems ... done.
[   40.404958] Freezing user space processes ... (elapsed 0.001 seconds) done.
[   40.413148] Freezing remaining freezable tasks ... (elapsed 0.001 seconds) done.
[   40.421859] Suspending console(s) (use no_console_suspend to debug)
[   40.605903] PM: suspend of devices complete after 177.194 msecs
[   40.606785] PM: late suspend of devices complete after 0.878 msecs
[   40.607596] PM: noirq suspend of devices complete after 0.807 msecs
[   40.607598] Disabling non-boot CPUs ...
[   40.634859] CPU1: shutdown
[   40.704848] CPU2: shutdown
[   40.764819] CPU3: shutdown
[   40.795312] Entering suspend state LP1
[   40.795338] Enabling non-boot CPUs ...
[   40.845647] CPU1 is up
[   40.895822] CPU2 is up
[   40.946053] CPU3 is up
[   40.946686] PM: noirq resume of devices complete after 0.629 msecs
[   40.948485] PM: early resume of devices complete after 1.280 msecs
[   40.979642] +1.8V_VDDIO: voltage operation not allowed
[   40.979645] mmc1: Switching to 3.3V signalling voltage failed
[   41.134875] usb 1-1: reset high-speed USB device number 4 using tegra-xusb
[   41.281107] PM: resume of devices complete after 332.613 msecs
[   41.362719] Restarting tasks ... done.
root@(none):/# 
root@(none):/# rtcwake -d rtc1 -m mem -s 3
rtcwake: assuming RTC uses UTC ...
rtcwake: wakeup from "mem" using /dev/rtc1 at Thu Jan  1 00:01:17 1970
[   42.525338] PM: Syncing filesystems ... done.
[   42.535109] Freezing user space processes ... (elapsed 0.001 seconds) done.
[   42.543300] Freezing remaining freezable tasks ... (elapsed 0.001 seconds) done.
[   42.552009] Suspending console(s) (use no_console_suspend to debug)
[   42.735877] PM: suspend of devices complete after 177.017 msecs
[   42.736763] PM: late suspend of devices complete after 0.882 msecs
[   42.737576] PM: noirq suspend of devices complete after 0.810 msecs
[   42.737578] Disabling non-boot CPUs ...
[   42.764835] CPU1: shutdown
[   42.834822] CPU2: shutdown
[   42.894790] CPU3: shutdown
[   42.925291] Entering suspend state LP1
[   42.925317] Enabling non-boot CPUs ...
[   42.975619] CPU1 is up
[   43.025793] CPU2 is up
[   43.076036] CPU3 is up
[   43.076641] PM: noirq resume of devices complete after 0.600 msecs
[   43.078398] PM: early resume of devices complete after 1.237 msecs
[   43.109645] +1.8V_VDDIO: voltage operation not allowed
[   43.109648] mmc1: Switching to 3.3V signalling voltage failed
[   43.178855] PM: resume of devices complete after 100.447 msecs
[   43.253549] Restarting tasks ... done.
root@(none):/# 
root@(none):/# rtcwake -d rtc1 -m mem -s 3
rtcwake: assuming RTC uses UTC ...
rtcwake: wakeup from "mem" using /dev/rtc1 at Thu Jan  1 00:01:21 1970
[   43.593271] random: nonblocking pool is initialized
[   43.665298] PM: Syncing filesystems ... done.
[   43.675031] Freezing user space processes ... (elapsed 0.001 seconds) done.
[   43.683233] Freezing remaining freezable tasks ... (elapsed 0.001 seconds) done.
[   43.691944] Suspending console(s) (use no_console_suspend to debug)
[   43.885906] PM: suspend of devices complete after 187.098 msecs
[   43.887479] PM: late suspend of devices complete after 1.564 msecs
[   43.888292] PM: noirq suspend of devices complete after 0.808 msecs
[   43.888293] Disabling non-boot CPUs ...
[   43.914803] CPU1: shutdown
[   43.984831] CPU2: shutdown
[   44.044771] CPU3: shutdown
[   44.075277] Entering suspend state LP1
[   44.075304] Enabling non-boot CPUs ...
[   44.125592] CPU1 is up
[   44.175767] CPU2 is up
[   44.226009] CPU3 is up
[   44.226628] PM: noirq resume of devices complete after 0.614 msecs
[   44.228542] PM: early resume of devices complete after 1.395 msecs
[   44.259921] +1.8V_VDDIO: voltage operation not allowed
[   44.259924] mmc1: Switching to 3.3V signalling voltage failed
[   44.414852] usb 1-1: reset high-speed USB device number 4 using tegra-xusb
[   44.561276] PM: resume of devices complete after 332.723 msecs
[   44.642909] Restarting tasks ... done.
root@(none):/# 
root@(none):/# rtcwake -d rtc1 -m mem -s 3
rtcwake: assuming RTC uses UTC ...
rtcwake: wakeup from "mem" using /dev/rtc1 at Thu Jan  1 00:01:26 1970
[   45.805285] PM: Syncing filesystems ... done.
[   45.815042] Freezing user space processes ... (elapsed 0.001 seconds) done.
[   45.823231] Freezing remaining freezable tasks ... (elapsed 0.001 seconds) done.
[   45.831942] Suspending console(s) (use no_console_suspend to debug)
[   46.015884] PM: suspend of devices complete after 177.091 msecs
[   46.016852] PM: late suspend of devices complete after 0.960 msecs
[   46.017703] PM: noirq suspend of devices complete after 0.847 msecs
[   46.017705] Disabling non-boot CPUs ...
[   46.044790] CPU1: shutdown
[   46.114773] CPU2: shutdown
[   46.174735] CPU3: shutdown
[   46.205236] Entering suspend state LP1
[   46.205263] Enabling non-boot CPUs ...
[   46.255571] CPU1 is up
[   46.305742] CPU2 is up
[   46.355978] CPU3 is up
[   46.356564] PM: noirq resume of devices complete after 0.581 msecs
[   46.358440] PM: early resume of devices complete after 1.367 msecs
[   46.389693] +1.8V_VDDIO: voltage operation not allowed
[   46.389697] mmc1: Switching to 3.3V signalling voltage failed
[   47.414532] PM: resume of devices complete after 1056.083 msecs
[   47.489259] Restarting tasks ... done.
root@(none):/# 
root@(none):/# rtcwake -d rtc1 -m mem -s 3
rtcwake: assuming RTC uses UTC ...
rtcwake: wakeup from "mem" using /dev/rtc1 at Thu Jan  1 00:01:31 1970
[   47.935264] PM: Syncing filesystems ... done.
[   47.945008] Freezing user space processes ... (elapsed 0.001 seconds) done.
[   47.953199] Freezing remaining freezable tasks ... (elapsed 0.001 seconds) done.
[   47.961911] Suspending console(s) (use no_console_suspend to debug)
[   48.145859] PM: suspend of devices complete after 177.100 msecs
[   48.147463] PM: late suspend of devices complete after 1.594 msecs
[   48.148278] PM: noirq suspend of devices complete after 0.810 msecs
[   48.148280] Disabling non-boot CPUs ...
[   48.174755] CPU1: shutdown
[   48.244575] IRQ17 no longer affine to CPU2
[   48.244753] CPU2: shutdown
[   48.304714] CPU3: shutdown
[   48.335216] Entering suspend state LP1
[   48.335243] Enabling non-boot CPUs ...
[   48.385547] CPU1 is up
[   48.435725] CPU2 is up
[   48.485954] CPU3 is up
[   48.486545] PM: noirq resume of devices complete after 0.587 msecs
[   48.488586] PM: early resume of devices complete after 1.538 msecs
[   48.519803] +1.8V_VDDIO: voltage operation not allowed
[   48.519807] mmc1: Switching to 3.3V signalling voltage failed
[   48.674795] usb 1-1: reset high-speed USB device number 4 using tegra-xusb
[   48.821286] PM: resume of devices complete after 332.691 msecs
[   48.906856] Restarting tasks ... done.
root@(none):/# 
root@(none):/# rtcwake -d rtc1 -m mem -s 3
rtcwake: assuming RTC uses UTC ...
rtcwake: wakeup from "mem" using /dev/rtc1 at Thu Jan  1 00:01:36 1970
[   50.065218] PM: Syncing filesystems ... done.
[   50.074820] Freezing user space processes ... (elapsed 0.001 seconds) done.
[   50.083003] Freezing remaining freezable tasks ... (elapsed 0.001 seconds) done.
[   50.091713] Suspending console(s) (use no_console_suspend to debug)
[   50.275779] PM: suspend of devices complete after 177.216 msecs
[   50.276668] PM: late suspend of devices complete after 0.885 msecs
[   50.277480] PM: noirq suspend of devices complete after 0.808 msecs
[   50.277482] Disabling non-boot CPUs ...
[   50.304739] CPU1: shutdown
[   50.384730] CPU2: shutdown
[   50.444695] CPU3: shutdown
[   50.475195] Entering suspend state LP1
[   50.475221] Enabling non-boot CPUs ...
[   50.525520] CPU1 is up
[   50.575698] CPU2 is up
[   50.625927] CPU3 is up
[   50.626509] PM: noirq resume of devices complete after 0.577 msecs
[   50.628253] PM: early resume of devices complete after 1.226 msecs
[   50.659985] +1.8V_VDDIO: voltage operation not allowed
[   50.659990] mmc1: Switching to 3.3V signalling voltage failed
[   50.728746] PM: resume of devices complete after 100.482 msecs
[   50.803398] Restarting tasks ... done.
root@(none):/# 
root@(none):/# NVTB SYSTEM SUSPEND TEST COMPLETE
