Diff for ./qemu-vexpress64/__internal/defconfig_log.txt
--- /tmp/fooa	2016-08-07 18:44:39.587576150 -0700
+++ /tmp/foob	2016-08-07 18:44:39.587576150 -0700
@@ -1,5 +1,5 @@
 Booting Linux on physical CPU 0x0
-Linux version 4.7.0+ (pwalmsley@tamien) (gcc version 4.9.2 20140904 (prerelease) (crosstool-NG linaro-1.13.1-4.9-2014.09 - Linaro GCC 4.9-2014.09) ) #1 SMP PREEMPT Sun Jul 24 13:07:11 PDT 2016
+Linux version 4.8.0-rc1+ (pwalmsley@tamien) (gcc version 4.9.2 20140904 (prerelease) (crosstool-NG linaro-1.13.1-4.9-2014.09 - Linaro GCC 4.9-2014.09) ) #1 SMP PREEMPT Sun Aug 7 18:40:39 PDT 2016
 Boot CPU: AArch64 Processor [411fd070]
 Memory limited to 1024MB
 efi: Getting EFI parameters from FDT:
@@ -9,7 +9,7 @@
 psci: PSCIv0.2 detected in firmware.
 psci: Using standard PSCI v0.2 function IDs
 psci: Trusted OS migration not required
-percpu: Embedded 20 pages/cpu @ffff80003efd0000 s42880 r8192 d30848 u81920
+percpu: Embedded 21 pages/cpu @ffff80003efcf000 s48256 r8192 d29568 u86016
 Detected PIPT I-cache on CPU0
 CPU features: enabling workaround for ARM erratum 832075
 CPU features: enabling workaround for ARM erratum 834220
@@ -18,16 +18,15 @@
 PID hash table entries: 4096 (order: 3, 32768 bytes)
 Dentry cache hash table entries: 131072 (order: 8, 1048576 bytes)
 Inode-cache hash table entries: 65536 (order: 7, 524288 bytes)
-software IO TLB [mem 0x79c00000-0x7dc00000] (64MB) mapped at [ffff800039c00000-ffff80003dbfffff]
-Memory: 935196K/1048576K available (7492K kernel code, 646K rwdata, 3448K rodata, 960K init, 260K bss, 96996K reserved, 16384K cma-reserved)
+Memory: 1000428K/1048576K available (7804K kernel code, 775K rwdata, 3684K rodata, 960K init, 269K bss, 31764K reserved, 16384K cma-reserved)
 Virtual kernel memory layout:
     modules : 0xffff000000000000 - 0xffff000008000000   (   128 MB)
     vmalloc : 0xffff000008000000 - 0xffff7dffbfff0000   (129022 GB)
-      .text : 0xffff000008080000 - 0xffff0000087c0000   (  7424 KB)
-    .rodata : 0xffff0000087c0000 - 0xffff000008b30000   (  3520 KB)
-      .init : 0xffff000008b30000 - 0xffff000008c20000   (   960 KB)
-      .data : 0xffff000008c20000 - 0xffff000008cc1a00   (   647 KB)
-       .bss : 0xffff000008cc1a00 - 0xffff000008d02b40   (   261 KB)
+      .text : 0xffff000008080000 - 0xffff000008820000   (  7808 KB)
+    .rodata : 0xffff000008820000 - 0xffff000008bc0000   (  3712 KB)
+      .init : 0xffff000008bc0000 - 0xffff000008cb0000   (   960 KB)
+      .data : 0xffff000008cb0000 - 0xffff000008d71c00   (   775 KB)
+       .bss : 0xffff000008d71c00 - 0xffff000008db50b8   (   270 KB)
     fixed   : 0xffff7dfffe7fd000 - 0xffff7dfffec00000   (  4108 KB)
     PCI I/O : 0xffff7dfffee00000 - 0xffff7dffffe00000   (    16 MB)
     vmemmap : 0xffff7e0000000000 - 0xffff800000000000   (  2048 GB maximum)
@@ -62,7 +61,7 @@
 pinctrl core: initialized pinctrl subsystem
 NET: Registered protocol family 16
 cpuidle: using governor menu
-vdso: 2 pages (1 code @ ffff0000087c6000, 1 data @ ffff000008c24000)
+vdso: 2 pages (1 code @ ffff000008826000, 1 data @ ffff000008cb4000)
 hw-breakpoint: found 6 breakpoint and 4 watchpoint registers.
 DMA: preallocated 256 KiB pool for atomic allocations
 Serial: AMBA PL011 UART driver
@@ -98,21 +97,23 @@
 kvm [1]: HYP mode not available
 futex hash table entries: 256 (order: 3, 32768 bytes)
 audit: initializing netlink subsys (disabled)
-audit: type=2000 audit(0.588:1): initialized
-workingset: timestamp_bits=44 max_order=18 bucket_order=0
+audit: type=2000 audit(0.716:1): initialized
+workingset: timestamp_bits=46 max_order=18 bucket_order=0
 squashfs: version 4.0 (2009/01/31) Phillip Lougher
 NFS: Registering the id_resolver key type
 Key type id_resolver registered
 Key type id_legacy registered
+nfs4filelayout_init: NFSv4 File Layout Driver Registering...
 fuse init (API version 7.25)
 9p: Installing v9fs 9p2000 file system support
 io scheduler noop registered
 io scheduler cfq registered (default)
+libphy: mdio_driver_register: phy-bcm-ns2-pci
 pl061_gpio 9030000.pl061: PL061 GPIO chip @0x0000000009030000 registered
-PCI host bridge /pcie@10000000 ranges:
-   IO 0x3eff0000..0x3effffff -> 0x00000000
-  MEM 0x10000000..0x3efeffff -> 0x10000000
-  MEM 0x8000000000..0xffffffffff -> 0x8000000000
+OF: PCI: host bridge /pcie@10000000 ranges:
+OF: PCI:    IO 0x3eff0000..0x3effffff -> 0x00000000
+OF: PCI:   MEM 0x10000000..0x3efeffff -> 0x10000000
+OF: PCI:   MEM 0x8000000000..0xffffffffff -> 0x8000000000
 pci-host-generic 3f000000.pcie: ECAM at [mem 0x3f000000-0x3fffffff] for [bus 00-0f]
 pci-host-generic 3f000000.pcie: PCI host bridge to bus 0000:00
 pci_bus 0000:00: root bus resource [bus 00-0f]
@@ -126,6 +127,7 @@
 Unable to detect cache hierarchy from DT for CPU 0
 loop: module loaded
  vda: vda1 vda2
+libphy: Fixed MDIO Bus: probed
 tun: Universal TUN/TAP device driver, 1.6
 tun: (C) 1999-2004 Max Krasnyansky <maxk@qualcomm.com>
 e1000e: Intel(R) PRO/1000 Network Driver - 3.2.6-k
@@ -139,10 +141,12 @@
 ehci_hcd: USB 2.0 'Enhanced' Host Controller (EHCI) Driver
 ehci-pci: EHCI PCI platform driver
 ehci-platform: EHCI generic platform driver
+ehci-exynos: EHCI EXYNOS driver
 ehci-msm: Qualcomm On-Chip EHCI Host Controller
 ohci_hcd: USB 1.1 'Open' Host Controller (OHCI) Driver
 ohci-pci: OHCI PCI platform driver
 ohci-platform: OHCI generic platform driver
+ohci-exynos: OHCI EXYNOS driver
 usbcore: registered new interface driver usb-storage
 mousedev: PS/2 mouse device common for all mice
 rtc-pl031 9010000.pl031: rtc core: registered pl031 as rtc0
@@ -159,7 +163,7 @@
 Key type dns_resolver registered
 registered taskstats version 1
 input: gpio-keys as /devices/platform/gpio-keys/input/input0
-rtc-pl031 9010000.pl031: setting system clock to 2016-07-24 20:07:46 UTC (1469390866)
+rtc-pl031 9010000.pl031: setting system clock to 2016-08-08 01:41:17 UTC (1470620477)
 ALSA device list:
   No soundcards found.
 uart-pl011 9000000.pl011: no DMA platform data
@@ -168,7 +172,7 @@
 EXT4-fs (vda2): mounted filesystem with ordered data mode. Opts: (null)
 VFS: Mounted root (ext4 filesystem) on device 254:2.
 devtmpfs: mounted
-Freeing unused kernel memory: 960K (ffff800000b30000 - ffff800000c20000)
+Freeing unused kernel memory: 960K (ffff800000bc0000 - ffff800000cb0000)
 bash: cannot set terminal process group (-1): Inappropriate ioctl for device
 bash: no job control in this shell
 bash-4.3# 
\ No newline at end of file
Diff for ./tegra114-dalmore-a04/tegra114-dalmore/multi_v7_defconfig_log.txt
--- /tmp/fooa	2016-08-07 18:44:39.615576188 -0700
+++ /tmp/foob	2016-08-07 18:44:39.615576188 -0700
@@ -38,21 +38,21 @@
 	 #################################################################
 	 #################################################################
 	 #################################################################
-	 #######################################
-	 3 MiB/s
+	 ############################
+	 2.9 MiB/s
 done
-Bytes transferred = 7238568 (6e73a8 hex)
+Bytes transferred = 7089992 (6c2f48 hex)
 Tegra114 (Dalmore) # tftpboot 0x82000000 tegra114-dalmore.dtb
 Using asx0 device
 TFTP from server 192.168.100.1; our IP address is 192.168.100.100
 Filename 'tegra114-dalmore.dtb'.
 Load address: 0x82000000
 Loading: *###
-	 3 MiB/s
+	 1.2 MiB/s
 done
 Bytes transferred = 34956 (888c hex)
 Tegra114 (Dalmore) # bootz 0x81000000 - 0x82000000
-Kernel image @ 0x81000000 [ 0x000000 - 0x6e73a8 ]
+Kernel image @ 0x81000000 [ 0x000000 - 0x6c2f48 ]
 ## Flattened Device Tree blob at 82000000
    Booting using the fdt blob at 0x82000000
    Loading Device Tree to 8fff4000, end 8ffff88b ... OK
@@ -60,29 +60,29 @@
 Starting kernel ...
 
 Booting Linux on physical CPU 0x0
-Linux version 4.7.0-97079-g523d939 (pwalmsley@sellafield) (gcc version 4.7.3 20130328 (prerelease) (crosstool-NG linaro-1.13.1-4.7-2013.04-20130415 - Linaro GCC 2013.04) ) #1 SMP Sun Jul 24 13:04:08 PDT 2016
+Linux version 4.8.0-rc1-109502-g29b4817 (pwalmsley@sellafield) (gcc version 4.7.3 20130328 (prerelease) (crosstool-NG linaro-1.13.1-4.7-2013.04-20130415 - Linaro GCC 2013.04) ) #1 SMP Sun Aug 7 18:36:40 PDT 2016
 CPU: ARMv7 Processor [412fc0f2] revision 2 (ARMv7), cr=10c5387d
 CPU: div instructions available: patching division code
 CPU: PIPT / VIPT nonaliasing data cache, PIPT instruction cache
-Machine model: NVIDIA Tegra114 Dalmore evaluation board
+OF: fdt:Machine model: NVIDIA Tegra114 Dalmore evaluation board
 debug: ignoring loglevel setting.
 cma: Reserved 64 MiB at 0xfb800000
 Memory policy: Data cache writealloc
 On node 0 totalpages: 524032
-free_area_init_node: node 0, pgdat c141bb40, node_mem_map eeff8000
+free_area_init_node: node 0, pgdat c141cf40, node_mem_map eeff8000
   DMA zone: 1536 pages used for memmap
   DMA zone: 0 pages reserved
   DMA zone: 196608 pages, LIFO batch:31
   HighMem zone: 327424 pages, LIFO batch:31
-percpu: Embedded 13 pages/cpu @eef9f000 s23808 r8192 d21248 u53248
-pcpu-alloc: s23808 r8192 d21248 u53248 alloc=13*4096
+percpu: Embedded 14 pages/cpu @eef9b000 s26496 r8192 d22656 u57344
+pcpu-alloc: s26496 r8192 d22656 u57344 alloc=14*4096
 pcpu-alloc: [0] 0 [0] 1 [0] 2 [0] 3 
 Built 1 zonelists in Zone order, mobility grouping on.  Total pages: 522496
 Kernel command line: ignore_loglevel console=ttyS0,115200n8 rw root=PARTUUID=7369c667-ff51-ec4a-29cd-baabf2fbe346 rootwait gpt debug earlyprintk init=/bin/bash
 PID hash table entries: 4096 (order: 2, 16384 bytes)
 Dentry cache hash table entries: 131072 (order: 7, 524288 bytes)
 Inode-cache hash table entries: 65536 (order: 6, 262144 bytes)
-Memory: 1995116K/2096128K available (9529K kernel code, 1142K rwdata, 4476K rodata, 2048K init, 343K bss, 35476K reserved, 65536K cma-reserved, 1244160K highmem)
+Memory: 1995096K/2096128K available (9216K kernel code, 1147K rwdata, 3960K rodata, 2048K init, 343K bss, 35496K reserved, 65536K cma-reserved, 1244160K highmem)
 Virtual kernel memory layout:
     vector  : 0xffff0000 - 0xffff1000   (   4 kB)
     fixmap  : 0xffc00000 - 0xfff00000   (3072 kB)
@@ -90,10 +90,10 @@
     lowmem  : 0xc0000000 - 0xf0000000   ( 768 MB)
     pkmap   : 0xbfe00000 - 0xc0000000   (   2 MB)
     modules : 0xbf000000 - 0xbfe00000   (  14 MB)
-      .text : 0xc0208000 - 0xc10ad564   (14998 kB)
+      .text : 0xc0208000 - 0xc0c00000   (10208 kB)
       .init : 0xc1100000 - 0xc1300000   (2048 kB)
-      .data : 0xc1300000 - 0xc141dba0   (1143 kB)
-       .bss : 0xc141f000 - 0xc1474ce0   ( 344 kB)
+      .data : 0xc1300000 - 0xc141edc0   (1148 kB)
+       .bss : 0xc1420000 - 0xc1475c88   ( 344 kB)
 SLUB: HWalign=64, Order=0-3, MinObjects=0, CPUs=4, Nodes=1
 Hierarchical RCU implementation.
 	Build-time adjustment of leaf fanout to 32.
@@ -135,8 +135,7 @@
 NET: Registered protocol family 16
 DMA: preallocated 256 KiB pool for atomic coherent allocations
 cpuidle: using governor menu
-No ATAGs?
-hw-breakpoint: found 5 (+1 reserved) breakpoint and 4 watchpoint registers.
+No ATAGs?hw-breakpoint: found 5 (+1 reserved) breakpoint and 4 watchpoint registers.
 hw-breakpoint: maximum watchpoint size is 8 bytes.
 Serial: AMBA PL011 UART driver
 tegra-mc 70019000.memory-controller: no memory timings for RAM code 3 registered
@@ -168,29 +167,10 @@
 TPS65090_RAILSFET7: supplied by vdd-sys-3v3
 TPS65090_RAILSLDO1: supplied by vdd_ac_bat
 TPS65090_RAILSLDO2: supplied by vdd_ac_bat
+palmas 2-0058: Irq flag is 0x00000008
 genirq: Setting trigger mode 8 for irq 341 failed (irq_chip_set_type_parent+0x0/0x28)
-palmas 2-0058: Irq flag is 0x00000000
-palmas 2-0058: Muxing GPIO ff, PWM 0, LED 0
-SMPS12: supplied by vdd-ao
-SMPS3: supplied by vdd-ao
-SMPS457: supplied by vdd-sys-3v3
-SMPS8: supplied by vdd-sys-3v3
-SMPS9: supplied by vdd-sys-3v3
-sdhci-vdd-sd-slot: Bringing 2840000uV into 2800000-2800000uV
-sdhci-vdd-sd-slot: ramp_delay not set
-LDO1: supplied by vdd-sys-3v3
-LDO2: supplied by vdd-sys-3v3
-LDO3: supplied by vddio-1v8
-LDO4: supplied by vdd-sys-3v3
-LDO5: supplied by vdd_ac_bat
-LDO6: supplied by vdd-sys-3v3
-vdd-sensor-2v85: Bringing 2900000uV into 2850000-2850000uV
-LDO7: supplied by vdd-sys-3v3
-LDO8: supplied by vdd-ao
-vdd-rtc: Bringing 675000uV into 900000-900000uV
-LDO9: supplied by sdhci-vdd-sd-slot
-LDOLN: supplied by vdd-sys-5v0
-LDOUSB: supplied by vdd-sys-5v0
+dummy 2-0059: Failed to request IRQ 341 for palmas: -22
+palmas: probe of 2-0058 failed with error -22
 pps_core: LinuxPPS API ver. 1 registered
 pps_core: Software ver. 5.3.6 - Copyright 2005-2007 Rodolfo Giometti <giometti@linux.it>
 PTP clock support registered
@@ -209,7 +189,7 @@
 RPC: Registered tcp NFSv4.1 backchannel transport module.
 PCI: CLS 0 bytes, default 64
 futex hash table entries: 1024 (order: 4, 65536 bytes)
-workingset: timestamp_bits=28 max_order=19 bucket_order=0
+workingset: timestamp_bits=30 max_order=19 bucket_order=0
 squashfs: version 4.0 (2009/01/31) Phillip Lougher
 NFS: Registering the id_resolver key type
 Key type id_resolver registered
@@ -220,6 +200,7 @@
 io scheduler noop registered
 io scheduler deadline registered
 io scheduler cfq registered (default)
+libphy: mdio_driver_register: phy-bcm-ns2-pci
 tegra-apbdma 6000a000.dma: Tegra20 APB DMA driver register 32 channels
 tegra-pmc 7000e400.pmc: i2c-thermtrip node not found, emergency thermal reset disabled.
 Serial: 8250/16550 driver, 4 ports, IRQ sharing disabled
@@ -231,8 +212,10 @@
 STMicroelectronics ASC driver initialized
 [drm] Initialized drm 1.1.0 20060810
 tegra-hdmi 54280000.hdmi: failed to get HDMI regulator
+tegra-dsi 54300000.dsi: cannot get VDD supply
 brd: module loaded
 loop: module loaded
+random: fast init done
 m25p80 spi32766.0: w25q32dw (4096 Kbytes)
 libphy: Fixed MDIO Bus: probed
 CAN device driver interface
@@ -252,7 +235,6 @@
 ehci_hcd: USB 2.0 'Enhanced' Host Controller (EHCI) Driver
 ehci-pci: EHCI PCI platform driver
 ehci-platform: EHCI generic platform driver
-ehci-omap: OMAP-EHCI Host Controller driver
 ehci-orion: EHCI orion driver
 SPEAr-ehci: EHCI SPEAr driver
 ehci-st: EHCI STMicroelectronics driver
@@ -268,7 +250,6 @@
 ohci-atmel: OHCI Atmel driver
 usbcore: registered new interface driver usb-storage
 mousedev: PS/2 mouse device common for all mice
-palmas-rtc 7000d000.i2c:tps65913@58:rtc: rtc core: registered 7000d000.i2c:tps659 as rtc0
 tegra_rtc 7000e000.rtc: rtc core: registered 7000e000.rtc as rtc1
 tegra_rtc 7000e000.rtc: Tegra internal Real Time Clock
 i2c /dev entries driver
@@ -288,50 +269,58 @@
 usbcore: registered new interface driver usbhid
 usbhid: USB HID core driver
 NET: Registered protocol family 10
-sit: IPv6 over IPv4 tunneling driver
+sit: IPv6, IPv4 and MPLS over IPv4 tunneling driver
 NET: Registered protocol family 17
 can: controller area network core (rev 20120528 abi 9)
 NET: Registered protocol family 29
 can: raw protocol (rev 20120528)
-can: broadcast manager protocol (rev 20120528 t)
+can: broadcast manager protocol (rev 20160617 t)
 can: netlink gateway (rev 20130117) max_hops=1
 Key type dns_resolver registered
 ThumbEE CPU extension supported.
 Registering SWP/SWPB emulation handler
 usb1_vbus: supplied by vdd-sys-5v0
 usb2_vbus: supplied by vdd-sys-5v0
-VDD_5V0_HDMI_CON: supplied by vdd-sys-5v0
 mmc0: new high speed SDHC card at address aaaa
-[drm] Supports vblank timestamp caching Rev 2 (21.10.2013).
-[drm] No driver support for vblank timestamp query.
-mmcblk0: mmc0:aaaa SL16G 14.8 GiB 
- mmcblk0: p1 p2 p3
-mmc1: new high speed MMC card at address 0001
-mmcblk1: mmc1:0001 SEM32G 29.1 GiB 
-mmcblk1boot0: mmc1:0001 SEM32G partition 1 4.00 MiB
-mmcblk1boot1: mmc1:0001 SEM32G partition 2 4.00 MiB
-mmcblk1rpmb: mmc1:0001 SEM32G partition 3 4.00 MiB
- mmcblk1: p1 p2 p3 p4 p5 p6 p7 p8
-Console: switching to colour frame buffer device 240x75
-drm drm: fb0:  frame buffer device
-[drm] Initialized tegra 0.0.0 20120330 on minor 0
+VDD_5V0_HDMI_CON: supplied by vdd-sys-5v0
+tegra-hdmi 54280000.hdmi: failed to get PLL regulator
+tegra-dsi 54300000.dsi: cannot get VDD supply
 tegra-ehci 7d008000.usb: EHCI Host Controller
 tegra-ehci 7d008000.usb: new USB bus registered, assigned bus number 1
 tegra-ehci 7d008000.usb: irq 339, io mem 0x7d008000
 tegra-ehci 7d008000.usb: USB 2.0 started, EHCI 1.10
 hub 1-0:1.0: USB hub found
 hub 1-0:1.0: 1 port detected
+tegra-hdmi 54280000.hdmi: failed to get PLL regulator
+tegra-dsi 54300000.dsi: cannot get VDD supply
 input: gpio-keys as /devices/soc0/gpio-keys/input/input0
-palmas-rtc 7000d000.i2c:tps65913@58:rtc: setting system clock to 2000-05-18 07:26:44 UTC (958634804)
+hctosys: unable to open rtc device (rtc0)
+tegra-hdmi 54280000.hdmi: failed to get PLL regulator
+tegra-dsi 54300000.dsi: cannot get VDD supply
+vdd_hdmi_5v0: disabling
 dvdd_ts: disabling
 usb1_vbus: disabling
-vdd_cam_1v8_reg: disabling
+VDD_5V0_HDMI_CON: disabling
+mmcblk0: mmc0:aaaa SL16G 14.8 GiB 
+ mmcblk0: p1 p2 p3
+Waiting for root device PARTUUID=7369c667-ff51-ec4a-29cd-baabf2fbe346...
+tegra-hdmi 54280000.hdmi: failed to get PLL regulator
+tegra-dsi 54300000.dsi: cannot get VDD supply
+mmc1: new high speed MMC card at address 0001
+mmcblk1: mmc1:0001 SEM32G 29.1 GiB 
+mmcblk1boot0: mmc1:0001 SEM32G partition 1 4.00 MiB
+mmcblk1boot1: mmc1:0001 SEM32G partition 2 4.00 MiB
+mmcblk1rpmb: mmc1:0001 SEM32G partition 3 4.00 MiB
+ mmcblk1: p1 p2 p3 p4 p5 p6 p7 p8
+tegra-hdmi 54280000.hdmi: failed to get PLL regulator
+tegra-dsi 54300000.dsi: cannot get VDD supply
 EXT4-fs (mmcblk1p1): mounting ext3 file system using the ext4 subsystem
 EXT4-fs (mmcblk1p1): recovery complete
 EXT4-fs (mmcblk1p1): mounted filesystem with ordered data mode. Opts: (null)
 VFS: Mounted root (ext3 filesystem) on device 179:17.
 devtmpfs: mounted
 Freeing unused kernel memory: 2048K (c1100000 - c1300000)
+usb 1-1: new high-speed USB device number 2 using tegra-ehci
 bash: cannot set terminal process group (-1): Inappropriate ioctl for device
 bash: no job control in this shell
-root@(none):/# [    2.345184] usb 1-1: new high-speed USB device number 2 using tegra-ehci
+root@(none):/# 
\ No newline at end of file
Diff for ./tegra114-dalmore-a04/tegra114-dalmore/tegra_defconfig_log.txt
--- /tmp/fooa	2016-08-07 18:44:39.627576203 -0700
+++ /tmp/foob	2016-08-07 18:44:39.627576203 -0700
@@ -36,21 +36,21 @@
 	 #################################################################
 	 #################################################################
 	 #################################################################
-	 #####################################################
-	 3.1 MiB/s
+	 ############################################
+	 3.2 MiB/s
 done
-Bytes transferred = 5548640 (54aa60 hex)
+Bytes transferred = 5408136 (528588 hex)
 Tegra114 (Dalmore) # tftpboot 0x82000000 tegra114-dalmore.dtb
 Using asx0 device
 TFTP from server 192.168.100.1; our IP address is 192.168.100.100
 Filename 'tegra114-dalmore.dtb'.
 Load address: 0x82000000
 Loading: *###
-	 2.8 MiB/s
+	 3 MiB/s
 done
 Bytes transferred = 34956 (888c hex)
 Tegra114 (Dalmore) # bootz 0x81000000 - 0x82000000
-Kernel image @ 0x81000000 [ 0x000000 - 0x54aa60 ]
+Kernel image @ 0x81000000 [ 0x000000 - 0x528588 ]
 ## Flattened Device Tree blob at 82000000
    Booting using the fdt blob at 0x82000000
    Loading Device Tree to 8fff4000, end 8ffff88b ... OK
@@ -59,30 +59,30 @@
 
 Uncompressing Linux... done, booting the kernel.
 Booting Linux on physical CPU 0x0
-Linux version 4.7.0-97079-g523d939 (pwalmsley@kaivo) (gcc version 4.7.3 20130328 (prerelease) (crosstool-NG linaro-1.13.1-4.7-2013.04-20130415 - Linaro GCC 2013.04) ) #1 SMP PREEMPT Sun Jul 24 13:04:08 PDT 2016
+Linux version 4.8.0-rc1-109502-g29b4817 (pwalmsley@kaivo) (gcc version 4.7.3 20130328 (prerelease) (crosstool-NG linaro-1.13.1-4.7-2013.04-20130415 - Linaro GCC 2013.04) ) #1 SMP PREEMPT Sun Aug 7 18:36:29 PDT 2016
 CPU: ARMv7 Processor [412fc0f2] revision 2 (ARMv7), cr=10c5387d
 CPU: div instructions available: patching division code
 CPU: PIPT / VIPT nonaliasing data cache, PIPT instruction cache
-Machine model: NVIDIA Tegra114 Dalmore evaluation board
+OF: fdt:Machine model: NVIDIA Tegra114 Dalmore evaluation board
 debug: ignoring loglevel setting.
 bootconsole [earlycon0] enabled
 cma: Reserved 64 MiB at 0xfbc00000
 Memory policy: Data cache writealloc
 On node 0 totalpages: 524032
-free_area_init_node: node 0, pgdat c0d5be80, node_mem_map eeff7000
+free_area_init_node: node 0, pgdat c0d5c380, node_mem_map eeff7000
   Normal zone: 1536 pages used for memmap
   Normal zone: 0 pages reserved
   Normal zone: 196608 pages, LIFO batch:31
   HighMem zone: 327424 pages, LIFO batch:31
-percpu: Embedded 13 pages/cpu @eef9e000 s23936 r8192 d21120 u53248
-pcpu-alloc: s23936 r8192 d21120 u53248 alloc=13*4096
+percpu: Embedded 14 pages/cpu @eef9a000 s25984 r8192 d23168 u57344
+pcpu-alloc: s25984 r8192 d23168 u57344 alloc=14*4096
 pcpu-alloc: [0] 0 [0] 1 [0] 2 [0] 3 
 Built 1 zonelists in Zone order, mobility grouping on.  Total pages: 522496
 Kernel command line: ignore_loglevel console=ttyS0,115200n8 rw root=PARTUUID=7369c667-ff51-ec4a-29cd-baabf2fbe346 rootwait gpt debug earlyprintk init=/bin/bash
 PID hash table entries: 4096 (order: 2, 16384 bytes)
 Dentry cache hash table entries: 131072 (order: 7, 524288 bytes)
 Inode-cache hash table entries: 65536 (order: 6, 262144 bytes)
-Memory: 1999952K/2096128K available (7416K kernel code, 374K rwdata, 2824K rodata, 1024K init, 366K bss, 30640K reserved, 65536K cma-reserved, 1244160K highmem)
+Memory: 1999936K/2096128K available (8192K kernel code, 375K rwdata, 2428K rodata, 1024K init, 366K bss, 30656K reserved, 65536K cma-reserved, 1244160K highmem)
 Virtual kernel memory layout:
     vector  : 0xffff0000 - 0xffff1000   (   4 kB)
     fixmap  : 0xffc00000 - 0xfff00000   (3072 kB)
@@ -90,10 +90,10 @@
     lowmem  : 0xc0000000 - 0xf0000000   ( 768 MB)
     pkmap   : 0xbfe00000 - 0xc0000000   (   2 MB)
     modules : 0xbf000000 - 0xbfe00000   (  14 MB)
-      .text : 0xc0008000 - 0xc0b00168   (11233 kB)
+      .text : 0xc0008000 - 0xc0900000   (9184 kB)
       .init : 0xc0c00000 - 0xc0d00000   (1024 kB)
-      .data : 0xc0d00000 - 0xc0d5da00   ( 375 kB)
-       .bss : 0xc0d5f000 - 0xc0dbab18   ( 367 kB)
+      .data : 0xc0d00000 - 0xc0d5de00   ( 376 kB)
+       .bss : 0xc0d5f000 - 0xc0dbab20   ( 367 kB)
 Preemptible hierarchical RCU implementation.
 	Build-time adjustment of leaf fanout to 32.
 NR_IRQS:16 nr_irqs:16 16
@@ -132,8 +132,7 @@
 NET: Registered protocol family 16
 DMA: preallocated 256 KiB pool for atomic coherent allocations
 cpuidle: using governor menu
-No ATAGs?
-hw-breakpoint: found 5 (+1 reserved) breakpoint and 4 watchpoint registers.
+No ATAGs?hw-breakpoint: found 5 (+1 reserved) breakpoint and 4 watchpoint registers.
 hw-breakpoint: maximum watchpoint size is 8 bytes.
 tegra-mc 70019000.memory-controller: no memory timings for RAM code 3 registered
 dvdd_ts: Failed to request enable GPIO61: -517
@@ -164,29 +163,10 @@
 TPS65090_RAILSFET7: supplied by vdd-sys-3v3
 TPS65090_RAILSLDO1: supplied by vdd_ac_bat
 TPS65090_RAILSLDO2: supplied by vdd_ac_bat
+palmas 2-0058: Irq flag is 0x00000008
 genirq: Setting trigger mode 8 for irq 341 failed (irq_chip_set_type_parent+0x0/0x28)
-palmas 2-0058: Irq flag is 0x00000000
-palmas 2-0058: Muxing GPIO ff, PWM 0, LED 0
-SMPS12: supplied by vdd-ao
-SMPS3: supplied by vdd-ao
-SMPS457: supplied by vdd-sys-3v3
-SMPS8: supplied by vdd-sys-3v3
-SMPS9: supplied by vdd-sys-3v3
-sdhci-vdd-sd-slot: Bringing 2840000uV into 2800000-2800000uV
-sdhci-vdd-sd-slot: ramp_delay not set
-LDO1: supplied by vdd-sys-3v3
-LDO2: supplied by vdd-sys-3v3
-LDO3: supplied by vddio-1v8
-LDO4: supplied by vdd-sys-3v3
-LDO5: supplied by vdd_ac_bat
-LDO6: supplied by vdd-sys-3v3
-vdd-sensor-2v85: Bringing 2900000uV into 2850000-2850000uV
-LDO7: supplied by vdd-sys-3v3
-LDO8: supplied by vdd-ao
-vdd-rtc: Bringing 675000uV into 900000-900000uV
-LDO9: supplied by sdhci-vdd-sd-slot
-LDOLN: supplied by vdd-sys-5v0
-LDOUSB: supplied by vdd-sys-5v0
+dummy 2-0059: Failed to request IRQ 341 for palmas: -22
+palmas: probe of 2-0058 failed with error -22
 Linux video capture interface: v2.00
 pps_core: LinuxPPS API ver. 1 registered
 pps_core: Software ver. 5.3.6 - Copyright 2005-2007 Rodolfo Giometti <giometti@linux.it>
@@ -212,7 +192,7 @@
 RPC: Registered tcp NFSv4.1 backchannel transport module.
 PCI: CLS 0 bytes, default 64
 futex hash table entries: 1024 (order: 4, 65536 bytes)
-workingset: timestamp_bits=28 max_order=19 bucket_order=0
+workingset: timestamp_bits=30 max_order=19 bucket_order=0
 squashfs: version 4.0 (2009/01/31) Phillip Lougher
 NFS: Registering the id_resolver key type
 Key type id_resolver registered
@@ -230,8 +210,10 @@
 bootconsole [earlycon0] disabled
 [drm] Initialized drm 1.1.0 20060810
 tegra-hdmi 54280000.hdmi: failed to get HDMI regulator
+tegra-dsi 54300000.dsi: cannot get VDD supply
 loop: module loaded
 m25p80 spi32766.0: w25q32dw (4096 Kbytes)
+libphy: Fixed MDIO Bus: probed
 CAN device driver interface
 igb: Intel(R) Gigabit Ethernet Network Driver - version 5.3.0-k
 igb: Copyright (c) 2007-2014 Intel Corporation.
@@ -254,7 +236,6 @@
 usbcore: registered new interface driver cdc_wdm
 usbcore: registered new interface driver usb-storage
 mousedev: PS/2 mouse device common for all mice
-palmas-rtc 7000d000.i2c:tps65913@58:rtc: rtc core: registered 7000d000.i2c:tps659 as rtc0
 tegra_rtc 7000e000.rtc: rtc core: registered 7000e000.rtc as rtc1
 tegra_rtc 7000e000.rtc: Tegra internal Real Time Clock
 i2c /dev entries driver
@@ -263,6 +244,7 @@
 gspca_main: v2.14.0 registered
 sbs-battery 0-000b: sbs_probe: Failed to get device status
 sbs-battery: probe of 0-000b failed with error -121
+random: fast init done
 tegra-wdt 60005000.timer: initialized (heartbeat = 120 sec, nowayout = 0)
 sdhci: Secure Digital Host Controller Interface driver
 sdhci: Copyright(c) Pierre Ossman
@@ -275,27 +257,27 @@
 mmc1: SDHCI controller on 78000600.sdhci [78000600.sdhci] using ADMA
 usbcore: registered new interface driver usbhid
 usbhid: USB HID core driver
+mmc0: new high speed SDHC card at address aaaa
+mmcblk0: mmc0:aaaa SL16G 14.8 GiB 
+ mmcblk0: p1 p2 p3
 mmc1: new high speed MMC card at address 0001
 mmcblk1: mmc1:0001 SEM32G 29.1 GiB 
-mmc0: new high speed SDHC card at address aaaa
 mmcblk1boot0: mmc1:0001 SEM32G partition 1 4.00 MiB
-mmcblk0: mmc0:aaaa SL16G 14.8 GiB 
 mmcblk1boot1: mmc1:0001 SEM32G partition 2 4.00 MiB
 mmcblk1rpmb: mmc1:0001 SEM32G partition 3 4.00 MiB
  mmcblk1: p1 p2 p3 p4 p5 p6 p7 p8
- mmcblk0: p1 p2 p3
 tegra30-i2s 70080400.i2s: DMA channels sourced from device 70080000.ahub
 tegra-snd-rt5640 sound: rt5640-aif1 <-> 70080400.i2s mapping ok
 input: NVIDIA Tegra Dalmore Headphones as /devices/soc0/sound/sound/card0/input0
 NET: Registered protocol family 10
 mip6: Mobile IPv6
-sit: IPv6 over IPv4 tunneling driver
+sit: IPv6, IPv4 and MPLS over IPv4 tunneling driver
 NET: Registered protocol family 17
 NET: Registered protocol family 15
 can: controller area network core (rev 20120528 abi 9)
 NET: Registered protocol family 29
 can: raw protocol (rev 20120528)
-can: broadcast manager protocol (rev 20120528 t)
+can: broadcast manager protocol (rev 20160617 t)
 can: netlink gateway (rev 20130117) max_hops=1
 Bluetooth: RFCOMM socket layer initialized
 Bluetooth: RFCOMM ver 1.11
@@ -308,31 +290,33 @@
 usb1_vbus: supplied by vdd-sys-5v0
 usb2_vbus: supplied by vdd-sys-5v0
 VDD_5V0_HDMI_CON: supplied by vdd-sys-5v0
-[drm] Supports vblank timestamp caching Rev 2 (21.10.2013).
-[drm] No driver support for vblank timestamp query.
-Console: switching to colour frame buffer device 240x75
-drm drm: fb0:  frame buffer device
-[drm] Initialized tegra 0.0.0 20120330 on minor 0
+tegra-hdmi 54280000.hdmi: failed to get PLL regulator
+tegra-dsi 54300000.dsi: cannot get VDD supply
 tegra-ehci 7d008000.usb: EHCI Host Controller
 tegra-ehci 7d008000.usb: new USB bus registered, assigned bus number 1
 tegra-ehci 7d008000.usb: irq 339, io mem 0x7d008000
 tegra-ehci 7d008000.usb: USB 2.0 started, EHCI 1.10
 hub 1-0:1.0: USB hub found
 hub 1-0:1.0: 1 port detected
+tegra-hdmi 54280000.hdmi: failed to get PLL regulator
+tegra-dsi 54300000.dsi: cannot get VDD supply
 input: gpio-keys as /devices/soc0/gpio-keys/input/input1
-palmas-rtc 7000d000.i2c:tps65913@58:rtc: setting system clock to 2000-05-18 07:29:08 UTC (958634948)
+hctosys: unable to open rtc device (rtc0)
+tegra-hdmi 54280000.hdmi: failed to get PLL regulator
+tegra-dsi 54300000.dsi: cannot get VDD supply
+vdd_hdmi_5v0: disabling
 dvdd_ts: disabling
 usb1_vbus: disabling
-vdd_cam_1v8_reg: disabling
+VDD_5V0_HDMI_CON: disabling
 ALSA device list:
   #0: NVIDIA Tegra Dalmore
 EXT4-fs (mmcblk1p1): mounting ext3 file system using the ext4 subsystem
 EXT4-fs (mmcblk1p1): recovery complete
 EXT4-fs (mmcblk1p1): mounted filesystem with ordered data mode. Opts: (null)
-VFS: Mounted root (ext3 filesystem) on device 179:1.
+VFS: Mounted root (ext3 filesystem) on device 179:17.
 devtmpfs: mounted
 Freeing unused kernel memory: 1024K (c0c00000 - c0d00000)
-usb 1-1: new high-speed USB device number 2 using tegra-ehci
 bash: cannot set terminal process group (-1): Inappropriate ioctl for device
 bash: no job control in this shell
+usb 1-1: new high-speed USB device number 2 using tegra-ehci
 root@(none):/# 
\ No newline at end of file
Diff for ./tegra124-jetson-tk1/tegra124-jetson-tk1/multi_v7_defconfig_log.txt
--- /tmp/fooa	2016-08-07 18:44:39.639576220 -0700
+++ /tmp/foob	2016-08-07 18:44:39.643576225 -0700
@@ -33,51 +33,51 @@
 	 #################################################################
 	 #################################################################
 	 #################################################################
-	 #######################################
-	 3.9 MiB/s
+	 ############################
+	 4 MiB/s
 done
-Bytes transferred = 7238568 (6e73a8 hex)
+Bytes transferred = 7089992 (6c2f48 hex)
 Tegra124 (Jetson TK1) # tftpboot 0x83000000 tegra124-jetson-tk1.dtb
 Using eth_rtl8169 device
 TFTP from server 192.168.100.1; our IP address is 192.168.100.102
 Filename 'tegra124-jetson-tk1.dtb'.
 Load address: 0x83000000
 Loading: *#####
-	 4 MiB/s
+	 3.7 MiB/s
 done
-Bytes transferred = 66737 (104b1 hex)
+Bytes transferred = 66405 (10365 hex)
 Tegra124 (Jetson TK1) # bootz 0x82000000 - 0x83000000
-Kernel image @ 0x82000000 [ 0x000000 - 0x6e73a8 ]
+Kernel image @ 0x82000000 [ 0x000000 - 0x6c2f48 ]
 ## Flattened Device Tree blob at 83000000
    Booting using the fdt blob at 0x83000000
-   Using Device Tree in place at 83000000, end 830134b0
+   Using Device Tree in place at 83000000, end 83013364
 
 Starting kernel ...
 
 Booting Linux on physical CPU 0x0
-Linux version 4.7.0-97079-g523d939 (pwalmsley@sellafield) (gcc version 4.7.3 20130328 (prerelease) (crosstool-NG linaro-1.13.1-4.7-2013.04-20130415 - Linaro GCC 2013.04) ) #1 SMP Sun Jul 24 13:04:08 PDT 2016
+Linux version 4.8.0-rc1-109502-g29b4817 (pwalmsley@sellafield) (gcc version 4.7.3 20130328 (prerelease) (crosstool-NG linaro-1.13.1-4.7-2013.04-20130415 - Linaro GCC 2013.04) ) #1 SMP Sun Aug 7 18:36:40 PDT 2016
 CPU: ARMv7 Processor [413fc0f3] revision 3 (ARMv7), cr=10c5387d
 CPU: div instructions available: patching division code
 CPU: PIPT / VIPT nonaliasing data cache, PIPT instruction cache
-Machine model: NVIDIA Tegra124 Jetson TK1
+OF: fdt:Machine model: NVIDIA Tegra124 Jetson TK1
 debug: ignoring loglevel setting.
 cma: Reserved 64 MiB at 0xfb800000
 Memory policy: Data cache writealloc
 On node 0 totalpages: 524032
-free_area_init_node: node 0, pgdat c141bb40, node_mem_map eeff8000
+free_area_init_node: node 0, pgdat c141cf40, node_mem_map eeff8000
   DMA zone: 1536 pages used for memmap
   DMA zone: 0 pages reserved
   DMA zone: 196608 pages, LIFO batch:31
   HighMem zone: 327424 pages, LIFO batch:31
-percpu: Embedded 13 pages/cpu @eef89000 s23808 r8192 d21248 u53248
-pcpu-alloc: s23808 r8192 d21248 u53248 alloc=13*4096
+percpu: Embedded 14 pages/cpu @eef85000 s26496 r8192 d22656 u57344
+pcpu-alloc: s26496 r8192 d22656 u57344 alloc=14*4096
 pcpu-alloc: [0] 0 [0] 1 [0] 2 [0] 3 
 Built 1 zonelists in Zone order, mobility grouping on.  Total pages: 522496
 Kernel command line: ignore_loglevel console=ttyS0,115200n8 rw root=PARTUUID=b1791faa-84e8-4e27-83a1-9fb0a77e8803 rootwait gpt debug noinitrd earlyprintk init=/bin/bash
 PID hash table entries: 4096 (order: 2, 16384 bytes)
 Dentry cache hash table entries: 131072 (order: 7, 524288 bytes)
 Inode-cache hash table entries: 65536 (order: 6, 262144 bytes)
-Memory: 1994996K/2096128K available (9529K kernel code, 1142K rwdata, 4476K rodata, 2048K init, 343K bss, 35596K reserved, 65536K cma-reserved, 1244160K highmem)
+Memory: 1994976K/2096128K available (9216K kernel code, 1147K rwdata, 3960K rodata, 2048K init, 343K bss, 35616K reserved, 65536K cma-reserved, 1244160K highmem)
 Virtual kernel memory layout:
     vector  : 0xffff0000 - 0xffff1000   (   4 kB)
     fixmap  : 0xffc00000 - 0xfff00000   (3072 kB)
@@ -85,17 +85,17 @@
     lowmem  : 0xc0000000 - 0xf0000000   ( 768 MB)
     pkmap   : 0xbfe00000 - 0xc0000000   (   2 MB)
     modules : 0xbf000000 - 0xbfe00000   (  14 MB)
-      .text : 0xc0208000 - 0xc10ad564   (14998 kB)
+      .text : 0xc0208000 - 0xc0c00000   (10208 kB)
       .init : 0xc1100000 - 0xc1300000   (2048 kB)
-      .data : 0xc1300000 - 0xc141dba0   (1143 kB)
-       .bss : 0xc141f000 - 0xc1474ce0   ( 344 kB)
+      .data : 0xc1300000 - 0xc141edc0   (1148 kB)
+       .bss : 0xc1420000 - 0xc1475c88   ( 344 kB)
 SLUB: HWalign=64, Order=0-3, MinObjects=0, CPUs=4, Nodes=1
 Hierarchical RCU implementation.
 	Build-time adjustment of leaf fanout to 32.
 	RCU restricting CPUs from NR_CPUS=16 to nr_cpu_ids=4.
 RCU: Adjusting geometry for rcu_fanout_leaf=32, nr_cpu_ids=4
 NR_IRQS:16 nr_irqs:16 16
-/interrupt-controller@60004000: 160 interrupts forwarded to /interrupt-controller@0,50041000
+/interrupt-controller@60004000: 160 interrupts forwarded to /interrupt-controller@50041000
 Tegra clk 127: register failed with -17
 sched_clock: 32 bits at 1000kHz, resolution 1000ns, wraps every 2147483647500ns
 clocksource: timer_us: mask: 0xffffffff max_cycles: 0xffffffff, max_idle_ns: 1911260446275 ns
@@ -130,8 +130,7 @@
 NET: Registered protocol family 16
 DMA: preallocated 256 KiB pool for atomic coherent allocations
 cpuidle: using governor menu
-No ATAGs?
-hw-breakpoint: found 5 (+1 reserved) breakpoint and 4 watchpoint registers.
+No ATAGs?hw-breakpoint: found 5 (+1 reserved) breakpoint and 4 watchpoint registers.
 hw-breakpoint: maximum watchpoint size is 8 bytes.
 Serial: AMBA PL011 UART driver
 +5V_SYS: supplied by +VDD_MUX
@@ -173,7 +172,7 @@
 PCI: CLS 0 bytes, default 64
 hw perfevents: enabled with armv7_cortex_a15 PMU driver, 7 counters available
 futex hash table entries: 1024 (order: 4, 65536 bytes)
-workingset: timestamp_bits=28 max_order=19 bucket_order=0
+workingset: timestamp_bits=30 max_order=19 bucket_order=0
 squashfs: version 4.0 (2009/01/31) Phillip Lougher
 NFS: Registering the id_resolver key type
 Key type id_resolver registered
@@ -187,19 +186,20 @@
 usb2-0 supply vbus not found, using dummy regulator
 usb2-1 supply vbus not found, using dummy regulator
 tegra-xusb-padctl 7009f000.padctl: failed to setup XUSB ports: -517
+libphy: mdio_driver_register: phy-bcm-ns2-pci
 tegra-pcie 1003000.pcie-controller: 2x1, 1x1 configuration
 tegra-pcie 1003000.pcie-controller: Failed to get supply 'avddio-pex': -517
 tegra-apbdma 60020000.dma: Tegra20 APB DMA driver register 32 channels
 tegra-pmc 7000e400.pmc: emergency thermal reset enabled
 Serial: 8250/16550 driver, 4 ports, IRQ sharing disabled
 console [ttyS0] disabled
-70006300.serial: ttyS0 at MMIO 0x70006300 (irq = 333, base_baud = 25500000) is a Tegra
+70006300.serial: ttyS0 at MMIO 0x70006300 (irq = 335, base_baud = 25500000) is a Tegra
 console [ttyS0] enabled
 SuperH (H)SCI(F) driver initialized
 msm_serial: driver initialized
 STMicroelectronics ASC driver initialized
-serial-tegra serial@70006000: failed to get alias id, errno -19
-serial-tegra serial@70006040: failed to get alias id, errno -19
+70006000.serial: ttyTHS1 at MMIO 0x70006000 (irq = 333, base_baud = 0) is a TEGRA_UART
+70006040.serial: ttyTHS2 at MMIO 0x70006040 (irq = 334, base_baud = 0) is a TEGRA_UART
 [drm] Initialized drm 1.1.0 20060810
 tegra-hdmi 54280000.hdmi: failed to get HDMI regulator
 brd: module loaded
@@ -224,6 +224,7 @@
 +VDDIO_SDMMC3: failed to get the current voltage(-517)
 as3722-regulator as3722-regulator: regulator 13 register failed -517
 tegra-ahci 70027000.sata: couldn't get PHY in node sata: -517
+random: fast init done
 m25p80 spi32765.0: w25q32dw (4096 Kbytes)
 libphy: Fixed MDIO Bus: probed
 CAN device driver interface
@@ -244,7 +245,6 @@
 ehci_hcd: USB 2.0 'Enhanced' Host Controller (EHCI) Driver
 ehci-pci: EHCI PCI platform driver
 ehci-platform: EHCI generic platform driver
-ehci-omap: OMAP-EHCI Host Controller driver
 ehci-orion: EHCI orion driver
 SPEAr-ehci: EHCI SPEAr driver
 ehci-st: EHCI STMicroelectronics driver
@@ -253,7 +253,7 @@
 tegra-ehci: Tegra EHCI driver
 tegra-ehci 7d004000.usb: EHCI Host Controller
 tegra-ehci 7d004000.usb: new USB bus registered, assigned bus number 1
-tegra-ehci 7d004000.usb: irq 352, io mem 0x7d004000
+tegra-ehci 7d004000.usb: irq 354, io mem 0x7d004000
 tegra-ehci 7d004000.usb: USB 2.0 started, EHCI 1.10
 hub 1-0:1.0: USB hub found
 hub 1-0:1.0: 1 port detected
@@ -267,7 +267,7 @@
 usbcore: registered new interface driver usb-storage
 mousedev: PS/2 mouse device common for all mice
 as3722-rtc as3722-rtc: rtc core: registered as3722-rtc as rtc0
-as3722-rtc as3722-rtc: RTC interrupt 375
+as3722-rtc as3722-rtc: RTC interrupt 377
 tegra_rtc 7000e000.rtc: rtc core: registered 7000e000.rtc as rtc1
 tegra_rtc 7000e000.rtc: Tegra internal Real Time Clock
 i2c /dev entries driver
@@ -279,7 +279,6 @@
 sdhci-tegra 700b0400.sdhci: Got CD GPIO
 sdhci-tegra 700b0400.sdhci: Got WP GPIO
 mmc0: Unknown controller version (3). You may experience problems.
-mmc0: Unknown controller version (3). You may experience problems.
 mmc0: Invalid maximum block size, assuming 512 bytes
 mmc0: SDHCI controller on 700b0600.sdhci [700b0600.sdhci] using ADMA 64-bit
 ledtrig-cpu: registered to indicate activity on CPUs
@@ -287,12 +286,12 @@
 usbhid: USB HID core driver
 tegra124-dfll 70110000.clock: couldn't get vdd_cpu regulator
 NET: Registered protocol family 10
-sit: IPv6 over IPv4 tunneling driver
+sit: IPv6, IPv4 and MPLS over IPv4 tunneling driver
 NET: Registered protocol family 17
 can: controller area network core (rev 20120528 abi 9)
 NET: Registered protocol family 29
 can: raw protocol (rev 20120528)
-can: broadcast manager protocol (rev 20120528 t)
+can: broadcast manager protocol (rev 20160617 t)
 can: netlink gateway (rev 20130117) max_hops=1
 Key type dns_resolver registered
 ThumbEE CPU extension supported.
@@ -306,17 +305,12 @@
 +5V_SATA: supplied by +5V_SYS
 +12V_SATA: supplied by +VDD_MUX
 usb2-0 supply vbus not found, using dummy regulator
-mmc0: new high speed MMC card at address 0001
-mmcblk0: mmc0:0001 SEM16G 14.7 GiB 
-mmcblk0boot0: mmc0:0001 SEM16G partition 1 4.00 MiB
-mmcblk0boot1: mmc0:0001 SEM16G partition 2 4.00 MiB
-mmcblk0rpmb: mmc0:0001 SEM16G partition 3 4.00 MiB
- mmcblk0: p1
 usb2-1 supply vbus not found, using dummy regulator
 usb3-0 supply vbus not found, using dummy regulator
 tegra-pcie 1003000.pcie-controller: 2x1, 1x1 configuration
 tegra-pcie 1003000.pcie-controller: Failed to get supply 'avddio-pex': -517
 tegra-hdmi 54280000.hdmi: failed to get PLL regulator
+mmc0: new high speed MMC card at address 0001
 as3722-sd2: supplied by +5V_SYS
 as3722-sd3: supplied by +5V_SYS
 as3722-sd4: supplied by +5V_SYS
@@ -341,11 +335,11 @@
 tegra-ahci 70027000.sata: flags: 64bit ncq sntf pm led pio slum part sadm sds apst 
 scsi host0: tegra-ahci
 scsi host1: tegra-ahci
-ata1: SATA max UDMA/133 mmio [mem 0x70027000-0x70028fff] port 0x100 irq 343
+ata1: SATA max UDMA/133 mmio [mem 0x70027000-0x70028fff] port 0x100 irq 345
 ata2: DUMMY
 tegra-ehci 7d008000.usb: EHCI Host Controller
 tegra-ehci 7d008000.usb: new USB bus registered, assigned bus number 2
-tegra-ehci 7d008000.usb: irq 353, io mem 0x7d008000
+tegra-ehci 7d008000.usb: irq 355, io mem 0x7d008000
 tegra-ehci 7d008000.usb: USB 2.0 started, EHCI 1.10
 hub 2-0:1.0: USB hub found
 hub 2-0:1.0: 1 port detected
@@ -377,7 +371,6 @@
 PCI: bus1: Fast back to back transfers disabled
 pci_bus 0000:01: busn_res: [bus 01-ff] end is updated to 01
 pci 0000:02:00.0: [10ec:8168] type 00 class 0x020000
-ata1: SATA link down (SStatus 0 SControl 300)
 pci 0000:02:00.0: reg 0x10: [io  0x0000-0x00ff]
 pci 0000:02:00.0: reg 0x18: [mem 0x00000000-0x00000fff 64bit]
 pci 0000:02:00.0: reg 0x20: [mem 0x00000000-0x00003fff 64bit pref]
@@ -411,22 +404,29 @@
 pcie_pme 0000:00:02.0:pcie001: service driver pcie_pme loaded
 r8169 Gigabit Ethernet driver 2.3LK-NAPI loaded
 r8169 0000:02:00.0: enabling device (0140 -> 0143)
-r8169 0000:02:00.0 eth0: RTL8168g/8111g at 0xf0a52000, 00:04:4b:3a:d9:81, XID 0c000800 IRQ 393
+r8169 0000:02:00.0 eth0: RTL8168g/8111g at 0xf0a46000, 00:04:4b:3a:d9:81, XID 0c000800 IRQ 395
 r8169 0000:02:00.0 eth0: jumbo features [frames: 9200 bytes, tx checksumming: ko]
 [drm] Supports vblank timestamp caching Rev 2 (21.10.2013).
 [drm] No driver support for vblank timestamp query.
+drm drm: No connectors reported connected with modes
+[drm] Cannot find any crtc or sizes - going 1024x768
+ata1: SATA link down (SStatus 0 SControl 300)
 mmc1: new high speed SDHC card at address aaaa
 mmcblk1: mmc1:aaaa SD04G 3.69 GiB 
  mmcblk1: p1 p2 p3
-tegra-hdmi 54280000.hdmi: cannot set audio to 44100 at 297000000 pclk
-Console: switching to colour frame buffer device 512x135
+mmcblk0: mmc0:0001 SEM16G 14.7 GiB 
+mmcblk0boot0: mmc0:0001 SEM16G partition 1 4.00 MiB
+mmcblk0boot1: mmc0:0001 SEM16G partition 2 4.00 MiB
+mmcblk0rpmb: mmc0:0001 SEM16G partition 3 4.00 MiB
+ mmcblk0: p1
+Console: switching to colour frame buffer device 128x48
 drm drm: fb0:  frame buffer device
 [drm] Initialized tegra 0.0.0 20120330 on minor 0
 of: dev_pm_opp_of_cpumask_add_table: couldn't find opp table for cpu:0, -19
 cpufreq: cpufreq_online: CPU0: Running at unlisted freq: 696000 KHz
 cpufreq: cpufreq_online: CPU0: Unlisted initial frequency changed to: 714000 KHz
 input: gpio-keys as /devices/soc0/gpio-keys/input/input0
-as3722-rtc as3722-rtc: setting system clock to 2000-01-01 00:00:12 UTC (946684812)
+as3722-rtc as3722-rtc: setting system clock to 2000-01-01 00:02:43 UTC (946684963)
 +USB0_VBUS_SW: disabling
 +1.8V_RUN_CAM: disabling
 +2.8V_RUN_CAM: disabling
@@ -438,7 +438,7 @@
 EXT4-fs (mmcblk0p1): mounting ext3 file system using the ext4 subsystem
 EXT4-fs (mmcblk0p1): recovery complete
 EXT4-fs (mmcblk0p1): mounted filesystem with ordered data mode. Opts: (null)
-VFS: Mounted root (ext3 filesystem) on device 179:1.
+VFS: Mounted root (ext3 filesystem) on device 179:17.
 devtmpfs: mounted
 Freeing unused kernel memory: 2048K (c1100000 - c1300000)
 bash: cannot set terminal process group (-1): Inappropriate ioctl for device
Diff for ./tegra124-jetson-tk1/tegra124-jetson-tk1/tegra_defconfig_log.txt
--- /tmp/fooa	2016-08-07 18:44:39.655576241 -0700
+++ /tmp/foob	2016-08-07 18:44:39.659576246 -0700
@@ -31,53 +31,53 @@
 	 #################################################################
 	 #################################################################
 	 #################################################################
-	 #####################################################
-	 3.8 MiB/s
+	 ############################################
+	 4 MiB/s
 done
-Bytes transferred = 5548640 (54aa60 hex)
+Bytes transferred = 5408136 (528588 hex)
 Tegra124 (Jetson TK1) # tftpboot 0x83000000 tegra124-jetson-tk1.dtb
 Using eth_rtl8169 device
 TFTP from server 192.168.100.1; our IP address is 192.168.100.102
 Filename 'tegra124-jetson-tk1.dtb'.
 Load address: 0x83000000
 Loading: *#####
-	 3.5 MiB/s
+	 3.7 MiB/s
 done
-Bytes transferred = 66737 (104b1 hex)
+Bytes transferred = 66405 (10365 hex)
 Tegra124 (Jetson TK1) # bootz 0x82000000 - 0x83000000
-Kernel image @ 0x82000000 [ 0x000000 - 0x54aa60 ]
+Kernel image @ 0x82000000 [ 0x000000 - 0x528588 ]
 ## Flattened Device Tree blob at 83000000
    Booting using the fdt blob at 0x83000000
-   Using Device Tree in place at 83000000, end 830134b0
+   Using Device Tree in place at 83000000, end 83013364
 
 Starting kernel ...
 
 Uncompressing Linux... done, booting the kernel.
 Booting Linux on physical CPU 0x0
-Linux version 4.7.0-97079-g523d939 (pwalmsley@kaivo) (gcc version 4.7.3 20130328 (prerelease) (crosstool-NG linaro-1.13.1-4.7-2013.04-20130415 - Linaro GCC 2013.04) ) #1 SMP PREEMPT Sun Jul 24 13:04:08 PDT 2016
+Linux version 4.8.0-rc1-109502-g29b4817 (pwalmsley@kaivo) (gcc version 4.7.3 20130328 (prerelease) (crosstool-NG linaro-1.13.1-4.7-2013.04-20130415 - Linaro GCC 2013.04) ) #1 SMP PREEMPT Sun Aug 7 18:36:29 PDT 2016
 CPU: ARMv7 Processor [413fc0f3] revision 3 (ARMv7), cr=10c5387d
 CPU: div instructions available: patching division code
 CPU: PIPT / VIPT nonaliasing data cache, PIPT instruction cache
-Machine model: NVIDIA Tegra124 Jetson TK1
+OF: fdt:Machine model: NVIDIA Tegra124 Jetson TK1
 debug: ignoring loglevel setting.
 bootconsole [earlycon0] enabled
 cma: Reserved 64 MiB at 0xfbc00000
 Memory policy: Data cache writealloc
 On node 0 totalpages: 524032
-free_area_init_node: node 0, pgdat c0d5be80, node_mem_map eeff7000
+free_area_init_node: node 0, pgdat c0d5c380, node_mem_map eeff7000
   Normal zone: 1536 pages used for memmap
   Normal zone: 0 pages reserved
   Normal zone: 196608 pages, LIFO batch:31
   HighMem zone: 327424 pages, LIFO batch:31
-percpu: Embedded 13 pages/cpu @eef88000 s23936 r8192 d21120 u53248
-pcpu-alloc: s23936 r8192 d21120 u53248 alloc=13*4096
+percpu: Embedded 14 pages/cpu @eef84000 s25984 r8192 d23168 u57344
+pcpu-alloc: s25984 r8192 d23168 u57344 alloc=14*4096
 pcpu-alloc: [0] 0 [0] 1 [0] 2 [0] 3 
 Built 1 zonelists in Zone order, mobility grouping on.  Total pages: 522496
 Kernel command line: ignore_loglevel console=ttyS0,115200n8 rw root=PARTUUID=b1791faa-84e8-4e27-83a1-9fb0a77e8803 rootwait gpt debug noinitrd earlyprintk init=/bin/bash
 PID hash table entries: 4096 (order: 2, 16384 bytes)
 Dentry cache hash table entries: 131072 (order: 7, 524288 bytes)
 Inode-cache hash table entries: 65536 (order: 6, 262144 bytes)
-Memory: 1999832K/2096128K available (7416K kernel code, 374K rwdata, 2824K rodata, 1024K init, 366K bss, 30760K reserved, 65536K cma-reserved, 1244160K highmem)
+Memory: 1999816K/2096128K available (8192K kernel code, 375K rwdata, 2428K rodata, 1024K init, 366K bss, 30776K reserved, 65536K cma-reserved, 1244160K highmem)
 Virtual kernel memory layout:
     vector  : 0xffff0000 - 0xffff1000   (   4 kB)
     fixmap  : 0xffc00000 - 0xfff00000   (3072 kB)
@@ -85,14 +85,14 @@
     lowmem  : 0xc0000000 - 0xf0000000   ( 768 MB)
     pkmap   : 0xbfe00000 - 0xc0000000   (   2 MB)
     modules : 0xbf000000 - 0xbfe00000   (  14 MB)
-      .text : 0xc0008000 - 0xc0b00168   (11233 kB)
+      .text : 0xc0008000 - 0xc0900000   (9184 kB)
       .init : 0xc0c00000 - 0xc0d00000   (1024 kB)
-      .data : 0xc0d00000 - 0xc0d5da00   ( 375 kB)
-       .bss : 0xc0d5f000 - 0xc0dbab18   ( 367 kB)
+      .data : 0xc0d00000 - 0xc0d5de00   ( 376 kB)
+       .bss : 0xc0d5f000 - 0xc0dbab20   ( 367 kB)
 Preemptible hierarchical RCU implementation.
 	Build-time adjustment of leaf fanout to 32.
 NR_IRQS:16 nr_irqs:16 16
-/interrupt-controller@60004000: 160 interrupts forwarded to /interrupt-controller@0,50041000
+/interrupt-controller@60004000: 160 interrupts forwarded to /interrupt-controller@50041000
 Tegra clk 127: register failed with -17
 sched_clock: 32 bits at 1000kHz, resolution 1000ns, wraps every 2147483647500ns
 clocksource: timer_us: mask: 0xffffffff max_cycles: 0xffffffff, max_idle_ns: 1911260446275 ns
@@ -127,8 +127,7 @@
 NET: Registered protocol family 16
 DMA: preallocated 256 KiB pool for atomic coherent allocations
 cpuidle: using governor menu
-No ATAGs?
-hw-breakpoint: found 5 (+1 reserved) breakpoint and 4 watchpoint registers.
+No ATAGs?hw-breakpoint: found 5 (+1 reserved) breakpoint and 4 watchpoint registers.
 hw-breakpoint: maximum watchpoint size is 8 bytes.
 +5V_SYS: supplied by +VDD_MUX
 +3.3V_SYS: supplied by +VDD_MUX
@@ -176,7 +175,7 @@
 PCI: CLS 0 bytes, default 64
 hw perfevents: enabled with armv7_cortex_a15 PMU driver, 7 counters available
 futex hash table entries: 1024 (order: 4, 65536 bytes)
-workingset: timestamp_bits=28 max_order=19 bucket_order=0
+workingset: timestamp_bits=30 max_order=19 bucket_order=0
 squashfs: version 4.0 (2009/01/31) Phillip Lougher
 NFS: Registering the id_resolver key type
 Key type id_resolver registered
@@ -192,13 +191,13 @@
 tegra-pmc 7000e400.pmc: emergency thermal reset enabled
 Serial: 8250/16550 driver, 4 ports, IRQ sharing disabled
 console [ttyS0] disabled
-70006300.serial: ttyS0 at MMIO 0x70006300 (irq = 333, base_baud = 25500000) is a Tegra
+70006300.serial: ttyS0 at MMIO 0x70006300 (irq = 335, base_baud = 25500000) is a Tegra
 console [ttyS0] enabled
 console [ttyS0] enabled
 bootconsole [earlycon0] disabled
 bootconsole [earlycon0] disabled
-serial-tegra serial@70006000: failed to get alias id, errno -19
-serial-tegra serial@70006040: failed to get alias id, errno -19
+70006000.serial: ttyTHS1 at MMIO 0x70006000 (irq = 333, base_baud = 0) is a TEGRA_UART
+70006040.serial: ttyTHS2 at MMIO 0x70006040 (irq = 334, base_baud = 0) is a TEGRA_UART
 [drm] Initialized drm 1.1.0 20060810
 tegra-hdmi 54280000.hdmi: failed to get HDMI regulator
 loop: module loaded
@@ -223,6 +222,7 @@
 as3722-regulator as3722-regulator: regulator 13 register failed -517
 tegra-ahci 70027000.sata: couldn't get PHY in node sata: -517
 m25p80 spi32765.0: w25q32dw (4096 Kbytes)
+libphy: Fixed MDIO Bus: probed
 CAN device driver interface
 igb: Intel(R) Gigabit Ethernet Network Driver - version 5.3.0-k
 igb: Copyright (c) 2007-2014 Intel Corporation.
@@ -243,7 +243,7 @@
 tegra-ehci: Tegra EHCI driver
 tegra-ehci 7d004000.usb: EHCI Host Controller
 tegra-ehci 7d004000.usb: new USB bus registered, assigned bus number 1
-tegra-ehci 7d004000.usb: irq 352, io mem 0x7d004000
+tegra-ehci 7d004000.usb: irq 354, io mem 0x7d004000
 tegra-ehci 7d004000.usb: USB 2.0 started, EHCI 1.10
 hub 1-0:1.0: USB hub found
 hub 1-0:1.0: 1 port detected
@@ -252,8 +252,9 @@
 usbcore: registered new interface driver cdc_wdm
 usbcore: registered new interface driver usb-storage
 mousedev: PS/2 mouse device common for all mice
+random: fast init done
 as3722-rtc as3722-rtc: rtc core: registered as3722-rtc as rtc0
-as3722-rtc as3722-rtc: RTC interrupt 375
+as3722-rtc as3722-rtc: RTC interrupt 377
 tegra_rtc 7000e000.rtc: rtc core: registered 7000e000.rtc as rtc1
 tegra_rtc 7000e000.rtc: Tegra internal Real Time Clock
 i2c /dev entries driver
@@ -268,7 +269,6 @@
 sdhci-tegra 700b0400.sdhci: Got CD GPIO
 sdhci-tegra 700b0400.sdhci: Got WP GPIO
 mmc0: Unknown controller version (3). You may experience problems.
-mmc0: Unknown controller version (3). You may experience problems.
 mmc0: Invalid maximum block size, assuming 512 bytes
 mmc0: SDHCI controller on 700b0600.sdhci [700b0600.sdhci] using ADMA 64-bit
 usbcore: registered new interface driver usbhid
@@ -286,17 +286,17 @@
 rt5640 0-001c: ASoC: no source widget found for DAC R2 Power
 rt5640 0-001c: ASoC: Failed to add route DAC R2 Power -> direct -> IF2 DAC R
 tegra-snd-rt5640 sound: rt5640-aif1 <-> 70301100.i2s mapping ok
-input: NVIDIA Tegra Jetson TK1 Headphones as /devices/soc0/sound/sound/card1/input1
-input: tegra-hda HDMI/DP,pcm=3 as /devices/soc0/70030000.hda/sound/card0/input0
+input: NVIDIA Tegra Jetson TK1 Headphones as /devices/soc0/sound/sound/card1/input0
+input: tegra-hda HDMI/DP,pcm=3 as /devices/soc0/70030000.hda/sound/card0/input1
 NET: Registered protocol family 10
 mip6: Mobile IPv6
-sit: IPv6 over IPv4 tunneling driver
+sit: IPv6, IPv4 and MPLS over IPv4 tunneling driver
 NET: Registered protocol family 17
 NET: Registered protocol family 15
 can: controller area network core (rev 20120528 abi 9)
 NET: Registered protocol family 29
 can: raw protocol (rev 20120528)
-can: broadcast manager protocol (rev 20120528 t)
+can: broadcast manager protocol (rev 20160617 t)
 can: netlink gateway (rev 20130117) max_hops=1
 Bluetooth: RFCOMM socket layer initialized
 Bluetooth: RFCOMM ver 1.11
@@ -344,11 +344,11 @@
 tegra-ahci 70027000.sata: flags: 64bit ncq sntf pm led pio slum part sadm sds apst 
 scsi host0: tegra-ahci
 scsi host1: tegra-ahci
-ata1: SATA max UDMA/133 mmio [mem 0x70027000-0x70028fff] port 0x100 irq 343
+ata1: SATA max UDMA/133 mmio [mem 0x70027000-0x70028fff] port 0x100 irq 345
 ata2: DUMMY
 tegra-ehci 7d008000.usb: EHCI Host Controller
 tegra-ehci 7d008000.usb: new USB bus registered, assigned bus number 2
-tegra-ehci 7d008000.usb: irq 353, io mem 0x7d008000
+tegra-ehci 7d008000.usb: irq 355, io mem 0x7d008000
 tegra-ehci 7d008000.usb: USB 2.0 started, EHCI 1.10
 hub 2-0:1.0: USB hub found
 hub 2-0:1.0: 1 port detected
@@ -356,7 +356,7 @@
 tegra-xusb 70090000.usb: xHCI Host Controller
 tegra-xusb 70090000.usb: new USB bus registered, assigned bus number 3
 tegra-xusb 70090000.usb: hcc params 0x0184f525 hci version 0x100 quirks 0x00010010
-tegra-xusb 70090000.usb: irq 345, io mem 0x70090000
+tegra-xusb 70090000.usb: irq 347, io mem 0x70090000
 hub 3-0:1.0: USB hub found
 hub 3-0:1.0: 6 ports detected
 tegra-xusb 70090000.usb: xHCI Host Controller
@@ -370,10 +370,10 @@
 mmc1: Invalid maximum block size, assuming 512 bytes
 mmc1: SDHCI controller on 700b0400.sdhci [700b0400.sdhci] using ADMA 64-bit
 tegra-pcie 1003000.pcie-controller: 2x1, 1x1 configuration
+ata1: SATA link down (SStatus 0 SControl 300)
 tegra-pcie 1003000.pcie-controller: probing port 0, using 2 lanes
 tegra-pcie 1003000.pcie-controller: Slot present pin change, signature: 00000008
 tegra-pcie 1003000.pcie-controller: probing port 1, using 1 lanes
-ata1: SATA link down (SStatus 0 SControl 300)
 tegra-pcie 1003000.pcie-controller: Slot present pin change, signature: 00000000
 tegra-pcie 1003000.pcie-controller: PCI host bridge to bus 0000:00
 pci_bus 0000:00: root bus resource [io  0x0000-0xffff]
@@ -399,6 +399,8 @@
 pci 0000:02:00.0: supports D1 D2
 pci 0000:02:00.0: PME# supported from D0 D1 D2 D3hot D3cold
 mmc1: new high speed SDHC card at address aaaa
+mmcblk1: mmc1:aaaa SD04G 3.69 GiB 
+ mmcblk1: p1 p2 p3
 PCI: bus2: Fast back to back transfers disabled
 pci_bus 0000:02: busn_res: [bus 02-ff] end is updated to 02
 pci 0000:00:01.0: BAR 8: assigned [mem 0x13000000-0x130fffff]
@@ -427,22 +429,19 @@
 pcie_pme 0000:00:02.0:pcie001: service driver pcie_pme loaded
 r8169 Gigabit Ethernet driver 2.3LK-NAPI loaded
 r8169 0000:02:00.0: enabling device (0140 -> 0143)
-r8169 0000:02:00.0 eth0: RTL8168g/8111g at 0xf09fc000, 00:04:4b:3a:d9:81, XID 0c000800 IRQ 393
+r8169 0000:02:00.0 eth0: RTL8168g/8111g at 0xf09fa000, 00:04:4b:3a:d9:81, XID 0c000800 IRQ 395
 r8169 0000:02:00.0 eth0: jumbo features [frames: 9200 bytes, tx checksumming: ko]
 [drm] Supports vblank timestamp caching Rev 2 (21.10.2013).
 [drm] No driver support for vblank timestamp query.
-drm drm: No connectors reported connected with modes
-[drm] Cannot find any crtc or sizes - going 1024x768
-mmcblk1: mmc1:aaaa SD04G 3.69 GiB 
- mmcblk1: p1 p2 p3
-Console: switching to colour frame buffer device 128x48
+tegra-hdmi 54280000.hdmi: cannot set audio to 48000 Hz at 297000000 Hz pixel clock
+Console: switching to colour frame buffer device 512x135
 drm drm: fb0:  frame buffer device
 [drm] Initialized tegra 0.0.0 20120330 on minor 0
 of: dev_pm_opp_of_cpumask_add_table: couldn't find opp table for cpu:0, -19
 cpufreq: cpufreq_online: CPU0: Running at unlisted freq: 696000 KHz
 cpufreq: cpufreq_online: CPU0: Unlisted initial frequency changed to: 714000 KHz
 input: gpio-keys as /devices/soc0/gpio-keys/input/input2
-as3722-rtc as3722-rtc: setting system clock to 2000-01-01 00:02:22 UTC (946684942)
+as3722-rtc as3722-rtc: setting system clock to 2000-01-01 00:00:16 UTC (946684816)
 +USB0_VBUS_SW: disabling
 +1.8V_RUN_CAM: disabling
 +2.8V_RUN_CAM: disabling
@@ -452,7 +451,7 @@
 +2.8V_RUN_CAM_AF: disabling
 +1.8V_RUN_VPP_FUSE: disabling
 ALSA device list:
-  #0: tegra-hda at 0x70038000 irq 344
+  #0: tegra-hda at 0x70038000 irq 346
   #1: NVIDIA Tegra Jetson TK1
 EXT4-fs (mmcblk0p1): mounting ext3 file system using the ext4 subsystem
 EXT4-fs (mmcblk0p1): recovery complete
Diff for ./tegra124-nyan-big/tegra124-nyan-big/multi_v7_defconfig_log.txt
--- /tmp/fooa	2016-08-07 18:44:39.683576278 -0700
+++ /tmp/foob	2016-08-07 18:44:39.683576278 -0700
@@ -40,52 +40,52 @@
 	 #################################################################
 	 #################################################################
 	 #################################################################
-	 #######################################
-	 3.2 MiB/s
+	 ############################
+	 3.3 MiB/s
 done
-Bytes transferred = 7238568 (6e73a8 hex)
+Bytes transferred = 7089992 (6c2f48 hex)
 Tegra124 (Nyan-big) # tftpboot 0x83000000 tegra124-nyan-big.dtb
 Using asx0 device
 TFTP from server 192.168.100.1; our IP address is 192.168.100.102
 Filename 'tegra124-nyan-big.dtb'.
 Load address: 0x83000000
 Loading: *#####
-	 3.4 MiB/s
+	 3.2 MiB/s
 done
-Bytes transferred = 66901 (10555 hex)
+Bytes transferred = 66821 (10505 hex)
 Tegra124 (Nyan-big) # bootz 0x82000000 - 0x83000000
-Kernel image @ 0x82000000 [ 0x000000 - 0x6e73a8 ]
+Kernel image @ 0x82000000 [ 0x000000 - 0x6c2f48 ]
 ## Flattened Device Tree blob at 83000000
    Booting using the fdt blob at 0x83000000
-   Using Device Tree in place at 83000000, end 83013554
+   Using Device Tree in place at 83000000, end 83013504
 
 Starting kernel ...
 
 Booting Linux on physical CPU 0x0
-Linux version 4.7.0-97079-g523d939 (pwalmsley@sellafield) (gcc version 4.7.3 20130328 (prerelease) (crosstool-NG linaro-1.13.1-4.7-2013.04-20130415 - Linaro GCC 2013.04) ) #1 SMP Sun Jul 24 13:04:08 PDT 2016
+Linux version 4.8.0-rc1-109502-g29b4817 (pwalmsley@sellafield) (gcc version 4.7.3 20130328 (prerelease) (crosstool-NG linaro-1.13.1-4.7-2013.04-20130415 - Linaro GCC 2013.04) ) #1 SMP Sun Aug 7 18:36:40 PDT 2016
 CPU: ARMv7 Processor [413fc0f3] revision 3 (ARMv7), cr=10c5387d
 CPU: div instructions available: patching division code
 CPU: PIPT / VIPT nonaliasing data cache, PIPT instruction cache
-Machine model: Acer Chromebook 13 CB5-311
-Ignoring memory range 0x100000000 - 0x17ffff000
+OF: fdt:Machine model: Acer Chromebook 13 CB5-311
+OF: fdt:Ignoring memory range 0x100000000 - 0x17ffff000
 debug: ignoring loglevel setting.
 cma: Reserved 64 MiB at 0xfb800000
 Memory policy: Data cache writealloc
 On node 0 totalpages: 524287
-free_area_init_node: node 0, pgdat c141bb40, node_mem_map eeff8000
+free_area_init_node: node 0, pgdat c141cf40, node_mem_map eeff8000
   DMA zone: 1536 pages used for memmap
   DMA zone: 0 pages reserved
   DMA zone: 196608 pages, LIFO batch:31
   HighMem zone: 327679 pages, LIFO batch:31
-percpu: Embedded 13 pages/cpu @eef89000 s23808 r8192 d21248 u53248
-pcpu-alloc: s23808 r8192 d21248 u53248 alloc=13*4096
+percpu: Embedded 14 pages/cpu @eef85000 s26496 r8192 d22656 u57344
+pcpu-alloc: s26496 r8192 d22656 u57344 alloc=14*4096
 pcpu-alloc: [0] 0 [0] 1 [0] 2 [0] 3 
 Built 1 zonelists in Zone order, mobility grouping on.  Total pages: 522751
 Kernel command line: ignore_loglevel console=ttyS0,115200n8 rw root=PARTUUID=4d36e82a-b3c0-4b4b-bfcd-afe5217ac023 rootwait gpt debug noinitrd earlyprintk init=/bin/bash
 PID hash table entries: 4096 (order: 2, 16384 bytes)
 Dentry cache hash table entries: 131072 (order: 7, 524288 bytes)
 Inode-cache hash table entries: 65536 (order: 6, 262144 bytes)
-Memory: 1996016K/2097148K available (9529K kernel code, 1142K rwdata, 4476K rodata, 2048K init, 343K bss, 35596K reserved, 65536K cma-reserved, 1245180K highmem)
+Memory: 1995996K/2097148K available (9216K kernel code, 1147K rwdata, 3960K rodata, 2048K init, 343K bss, 35616K reserved, 65536K cma-reserved, 1245180K highmem)
 Virtual kernel memory layout:
     vector  : 0xffff0000 - 0xffff1000   (   4 kB)
     fixmap  : 0xffc00000 - 0xfff00000   (3072 kB)
@@ -93,17 +93,17 @@
     lowmem  : 0xc0000000 - 0xf0000000   ( 768 MB)
     pkmap   : 0xbfe00000 - 0xc0000000   (   2 MB)
     modules : 0xbf000000 - 0xbfe00000   (  14 MB)
-      .text : 0xc0208000 - 0xc10ad564   (14998 kB)
+      .text : 0xc0208000 - 0xc0c00000   (10208 kB)
       .init : 0xc1100000 - 0xc1300000   (2048 kB)
-      .data : 0xc1300000 - 0xc141dba0   (1143 kB)
-       .bss : 0xc141f000 - 0xc1474ce0   ( 344 kB)
+      .data : 0xc1300000 - 0xc141edc0   (1148 kB)
+       .bss : 0xc1420000 - 0xc1475c88   ( 344 kB)
 SLUB: HWalign=64, Order=0-3, MinObjects=0, CPUs=4, Nodes=1
 Hierarchical RCU implementation.
 	Build-time adjustment of leaf fanout to 32.
 	RCU restricting CPUs from NR_CPUS=16 to nr_cpu_ids=4.
 RCU: Adjusting geometry for rcu_fanout_leaf=32, nr_cpu_ids=4
 NR_IRQS:16 nr_irqs:16 16
-/interrupt-controller@60004000: 160 interrupts forwarded to /interrupt-controller@0,50041000
+/interrupt-controller@60004000: 160 interrupts forwarded to /interrupt-controller@50041000
 Tegra clk 127: register failed with -17
 sched_clock: 32 bits at 1000kHz, resolution 1000ns, wraps every 2147483647500ns
 clocksource: timer_us: mask: 0xffffffff max_cycles: 0xffffffff, max_idle_ns: 1911260446275 ns
@@ -138,8 +138,7 @@
 NET: Registered protocol family 16
 DMA: preallocated 256 KiB pool for atomic coherent allocations
 cpuidle: using governor menu
-No ATAGs?
-hw-breakpoint: found 5 (+1 reserved) breakpoint and 4 watchpoint registers.
+No ATAGs?hw-breakpoint: found 5 (+1 reserved) breakpoint and 4 watchpoint registers.
 hw-breakpoint: maximum watchpoint size is 8 bytes.
 Serial: AMBA PL011 UART driver
 tegra-mc 70019000.memory-controller: no memory timings for RAM code 0 registered
@@ -184,7 +183,7 @@
 PCI: CLS 0 bytes, default 64
 hw perfevents: enabled with armv7_cortex_a15 PMU driver, 7 counters available
 futex hash table entries: 1024 (order: 4, 65536 bytes)
-workingset: timestamp_bits=28 max_order=19 bucket_order=0
+workingset: timestamp_bits=30 max_order=19 bucket_order=0
 squashfs: version 4.0 (2009/01/31) Phillip Lougher
 NFS: Registering the id_resolver key type
 Key type id_resolver registered
@@ -196,6 +195,7 @@
 io scheduler deadline registered
 io scheduler cfq registered (default)
 tegra-xusb-padctl 7009f000.padctl: failed to setup XUSB ports: -517
+libphy: mdio_driver_register: phy-bcm-ns2-pci
 tegra-apbdma 60020000.dma: Tegra20 APB DMA driver register 32 channels
 tegra-pmc 7000e400.pmc: i2c-thermtrip node not found, emergency thermal reset disabled.
 Serial: 8250/16550 driver, 4 ports, IRQ sharing disabled
@@ -235,6 +235,7 @@
 as3722-ldo10: supplied by +5V_SYS
 +2.8V_RUN_CAM_AF: Bringing 0uV into 2800000-2800000uV
 +1.8V_RUN_VPP_FUSE: Bringing 0uV into 1800000-1800000uV
+random: fast init done
 m25p80 spi32765.0: w25q32dw (4096 Kbytes)
 libphy: Fixed MDIO Bus: probed
 CAN device driver interface
@@ -254,7 +255,6 @@
 ehci_hcd: USB 2.0 'Enhanced' Host Controller (EHCI) Driver
 ehci-pci: EHCI PCI platform driver
 ehci-platform: EHCI generic platform driver
-ehci-omap: OMAP-EHCI Host Controller driver
 ehci-orion: EHCI orion driver
 SPEAr-ehci: EHCI SPEAr driver
 ehci-st: EHCI STMicroelectronics driver
@@ -282,29 +282,28 @@
 Synopsys Designware Multimedia Card Interface Driver
 sdhci-pltfm: SDHCI platform and OF driver helper
 sdhci-tegra 700b0000.sdhci: allocated mmc-pwrseq
-mmc0: Unknown controller version (3). You may experience problems.
 sdhci-tegra 700b0400.sdhci: Got CD GPIO
 sdhci-tegra 700b0400.sdhci: Got WP GPIO
 mmc0: Unknown controller version (3). You may experience problems.
-mmc0: Unknown controller version (3). You may experience problems.
 mmc0: Invalid maximum block size, assuming 512 bytes
 mmc0: SDHCI controller on 700b0600.sdhci [700b0600.sdhci] using ADMA 64-bit
 ledtrig-cpu: registered to indicate activity on CPUs
 usbcore: registered new interface driver usbhid
 usbhid: USB HID core driver
 NET: Registered protocol family 10
-sit: IPv6 over IPv4 tunneling driver
+sit: IPv6, IPv4 and MPLS over IPv4 tunneling driver
 NET: Registered protocol family 17
 can: controller area network core (rev 20120528 abi 9)
 NET: Registered protocol family 29
 can: raw protocol (rev 20120528)
-can: broadcast manager protocol (rev 20120528 t)
+can: broadcast manager protocol (rev 20160617 t)
 can: netlink gateway (rev 20130117) max_hops=1
 Key type dns_resolver registered
 ThumbEE CPU extension supported.
 Registering SWP/SWPB emulation handler
 +3.3V_RUN: supplied by +3.3V_SYS
 +3.3V_AVDD_HDMI_AP_GATED: supplied by +3.3V_RUN
+input: Elan Touchpad as /devices/soc0/7000c400.i2c/i2c-1/1-0015/input/input0
 +1.8V_RUN_CAM: supplied by +3.3V_RUN
 +VDDIO_SDMMC3: supplied by +3.3V_RUN
 +1.8V_RUN_VPP_FUSE: supplied by +3.3V_RUN
@@ -312,9 +311,16 @@
 +5V_VDD_TS_SW: supplied by +5V_SYS
 +5V_USB_HS: supplied by +5V_SYS
 +5V_USB_SS: supplied by +5V_SYS
+mmc0: new high speed MMC card at address 0001
 +3.3V_PANEL: supplied by +3.3V_RUN
+mmcblk0: mmc0:0001 MMC16G 14.4 GiB 
+mmcblk0boot0: mmc0:0001 MMC16G partition 1 2.00 MiB
+mmcblk0boot1: mmc0:0001 MMC16G partition 2 2.00 MiB
+mmcblk0rpmb: mmc0:0001 MMC16G partition 3 128 KiB
+ mmcblk0: p1 p2 p3 p4 p5 p6 p7 p8 p9 p10 p11 p12
 +3.3V_LP0: supplied by +3.3V_SYS
 +1.05V_RUN_AVDD_HDMI_PLL: supplied by +1.05V_RUN
+elan_i2c 1-0015: failed to read report data: -121
 +5V_HDMI_CON: supplied by +5V_SYS
 usb3-0 supply vbus not found, using dummy regulator
 usb3-1 supply vbus not found, using dummy regulator
@@ -323,21 +329,15 @@
 sdhci-tegra 700b0000.sdhci: allocated mmc-pwrseq
 mmc1: Unknown controller version (3). You may experience problems.
 mmc1: Invalid maximum block size, assuming 512 bytes
-+1.8V_VDDIO: voltage operation not allowed
 mmc1: Switching to 3.3V signalling voltage failed
 mmc1: SDHCI controller on 700b0000.sdhci [700b0000.sdhci] using ADMA 64-bit
 sdhci-tegra 700b0400.sdhci: Got CD GPIO
 sdhci-tegra 700b0400.sdhci: Got WP GPIO
 mmc2: Unknown controller version (3). You may experience problems.
 mmc2: Invalid maximum block size, assuming 512 bytes
-mmc0: new high speed MMC card at address 0001
-mmcblk0: mmc0:0001 MMC16G 14.4 GiB 
-mmcblk0boot0: mmc0:0001 MMC16G partition 1 2.00 MiB
-mmcblk0boot1: mmc0:0001 MMC16G partition 2 2.00 MiB
-mmcblk0rpmb: mmc0:0001 MMC16G partition 3 128 KiB
- mmcblk0: p1 p2 p3 p4 p5 p6 p7 p8 p9 p10 p11 p12
-mmc2: SDHCI controller on 700b0400.sdhci [700b0400.sdhci] using ADMA 64-bit
+elan_i2c 1-0015: invalid report id data (ff)
 mmc1: new high speed SDIO card at address 0001
+mmc2: SDHCI controller on 700b0400.sdhci [700b0400.sdhci] using ADMA 64-bit
 [drm] Supports vblank timestamp caching Rev 2 (21.10.2013).
 [drm] No driver support for vblank timestamp query.
 mmc2: new high speed SDHC card at address 0007
@@ -351,8 +351,8 @@
 Console: switching to colour frame buffer device 170x48
 drm drm: fb0:  frame buffer device
 [drm] Initialized tegra 0.0.0 20120330 on minor 0
-input: gpio-keys as /devices/soc0/gpio-keys/input/input0
-as3722-rtc as3722-rtc: setting system clock to 2000-01-01 00:00:22 UTC (946684822)
+input: gpio-keys as /devices/soc0/gpio-keys/input/input1
+as3722-rtc as3722-rtc: setting system clock to 2000-01-01 00:00:23 UTC (946684823)
 +1.8V_RUN_CAM: disabling
 +3.3V_RUN_CAM: disabling
 +1.2V_RUN_CAM_FRONT: disabling
@@ -363,7 +363,6 @@
 +5V_VDD_TS_SW: disabling
 +5V_USB_HS: disabling
 +5V_USB_SS: disabling
-input: Elan Touchpad as /devices/soc0/7000c400.i2c/i2c-1/1-0015/input/input1
 EXT4-fs (mmcblk0p3): couldn't mount as ext3 due to feature incompatibilities
 EXT4-fs (mmcblk0p3): couldn't mount as ext2 due to feature incompatibilities
 EXT4-fs (mmcblk0p3): recovery complete
Diff for ./tegra124-nyan-big/tegra124-nyan-big/tegra_defconfig_log.txt
--- /tmp/fooa	2016-08-07 18:44:39.695576293 -0700
+++ /tmp/foob	2016-08-07 18:44:39.695576293 -0700
@@ -38,24 +38,24 @@
 	 #################################################################
 	 #################################################################
 	 #################################################################
-	 #####################################################
-	 3.6 MiB/s
+	 ############################################
+	 3.4 MiB/s
 done
-Bytes transferred = 5548640 (54aa60 hex)
+Bytes transferred = 5408136 (528588 hex)
 Tegra124 (Nyan-big) # tftpboot 0x83000000 tegra124-nyan-big.dtb
 Using asx0 device
 TFTP from server 192.168.100.1; our IP address is 192.168.100.102
 Filename 'tegra124-nyan-big.dtb'.
 Load address: 0x83000000
 Loading: *#####
-	 3.5 MiB/s
+	 3.4 MiB/s
 done
-Bytes transferred = 66901 (10555 hex)
+Bytes transferred = 66821 (10505 hex)
 Tegra124 (Nyan-big) # bootz 0x82000000 - 0x83000000
-Kernel image @ 0x82000000 [ 0x000000 - 0x54aa60 ]
+Kernel image @ 0x82000000 [ 0x000000 - 0x528588 ]
 ## Flattened Device Tree blob at 83000000
    Booting using the fdt blob at 0x83000000
-   Using Device Tree in place at 83000000, end 83013554
+   Using Device Tree in place at 83000000, end 83013504
 
 Starting kernel ...
 
@@ -91,7 +91,9 @@
 +2.8V_RUN_CAM_AF: Bringing 0uV into 2800000-2800000uV
 +1.8V_RUN_VPP_FUSE: Bringing 0uV into 1800000-1800000uV
 cros-ec-spi spi32766.0: Chrome EC device registered
+random: fast init done
 m25p80 spi32765.0: w25q32dw (4096 Kbytes)
+libphy: Fixed MDIO Bus: probed
 CAN device driver interface
 igb: Intel(R) Gigabit Ethernet Network Driver - version 5.3.0-k
 igb: Copyright (c) 2007-2014 Intel Corporation.
@@ -129,11 +131,9 @@
 sdhci: Copyright(c) Pierre Ossman
 sdhci-pltfm: SDHCI platform and OF driver helper
 sdhci-tegra 700b0000.sdhci: allocated mmc-pwrseq
-mmc0: Unknown controller version (3). You may experience problems.
 sdhci-tegra 700b0400.sdhci: Got CD GPIO
 sdhci-tegra 700b0400.sdhci: Got WP GPIO
 mmc0: Unknown controller version (3). You may experience problems.
-mmc0: Unknown controller version (3). You may experience problems.
 mmc0: Invalid maximum block size, assuming 512 bytes
 mmc0: SDHCI controller on 700b0600.sdhci [700b0600.sdhci] using ADMA 64-bit
 usbcore: registered new interface driver usbhid
@@ -141,26 +141,25 @@
 tegra30-i2s 70301100.i2s: DMA channels sourced from device 70300000.ahub
 max98090 0-0010: MAX98090 REVID=0x43
 max98090 0-0010: use default 2.8v micbias
-tegra-snd-max98090 sound: HiFi <-> 70301100.i2s mapping ok
 mmc0: new high speed MMC card at address 0001
 mmcblk0: mmc0:0001 MMC16G 14.4 GiB 
 mmcblk0boot0: mmc0:0001 MMC16G partition 1 2.00 MiB
 mmcblk0boot1: mmc0:0001 MMC16G partition 2 2.00 MiB
-input: GoogleNyanBig Headphones as /devices/soc0/sound/sound/card1/input1
-input: GoogleNyanBig Mic Jack as /devices/soc0/sound/sound/card1/input2
 mmcblk0rpmb: mmc0:0001 MMC16G partition 3 128 KiB
  mmcblk0: p1 p2 p3 p4 p5 p6 p7 p8 p9 p10 p11 p12
+tegra-snd-max98090 sound: HiFi <-> 70301100.i2s mapping ok
+input: GoogleNyanBig Headphones as /devices/soc0/sound/sound/card1/input1
+input: GoogleNyanBig Mic Jack as /devices/soc0/sound/sound/card1/input2
 NET: Registered protocol family 10
 mip6: Mobile IPv6
-sit: IPv6 over IPv4 tunneling driver
+sit: IPv6, IPv4 and MPLS over IPv4 tunneling driver
 NET: Registered protocol family 17
 NET: Registered protocol family 15
 can: controller area network core (rev 20120528 abi 9)
 NET: Registered protocol family 29
 can: raw protocol (rev 20120528)
-can: broadcast manager protocol (rev 20120528 t)
+can: broadcast manager protocol (rev 20160617 t)
 can: netlink gateway (rev 20130117) max_hops=1
-input: tegra-hda HDMI/DP,pcm=3 as /devices/soc0/70030000.hda/sound/card0/input3
 Bluetooth: RFCOMM socket layer initialized
 Bluetooth: RFCOMM ver 1.11
 Bluetooth: BNEP (Ethernet Emulation) ver 1.3
@@ -178,6 +177,7 @@
 +5V_VDD_TS_SW: supplied by +5V_SYS
 +5V_USB_HS: supplied by +5V_SYS
 +5V_USB_SS: supplied by +5V_SYS
+input: tegra-hda HDMI/DP,pcm=3 as /devices/soc0/70030000.hda/sound/card0/input3
 +3.3V_PANEL: supplied by +3.3V_RUN
 +3.3V_LP0: supplied by +3.3V_SYS
 +1.05V_RUN_AVDD_HDMI_PLL: supplied by +1.05V_RUN
@@ -201,7 +201,6 @@
 sdhci-tegra 700b0000.sdhci: allocated mmc-pwrseq
 mmc1: Unknown controller version (3). You may experience problems.
 mmc1: Invalid maximum block size, assuming 512 bytes
-+1.8V_VDDIO: voltage operation not allowed
 mmc1: Switching to 3.3V signalling voltage failed
 mmc1: SDHCI controller on 700b0000.sdhci [700b0000.sdhci] using ADMA 64-bit
 sdhci-tegra 700b0400.sdhci: Got CD GPIO
@@ -225,7 +224,7 @@
 drm drm: fb0:  frame buffer device
 [drm] Initialized tegra 0.0.0 20120330 on minor 0
 input: gpio-keys as /devices/soc0/gpio-keys/input/input4
-as3722-rtc as3722-rtc: setting system clock to 2000-01-01 00:00:23 UTC (946684823)
+as3722-rtc as3722-rtc: setting system clock to 2000-01-01 00:00:24 UTC (946684824)
 +1.8V_RUN_CAM: disabling
 +1.2V_RUN_CAM_FRONT: disabling
 +1.05V_RUN_CAM_REAR: disabling
@@ -239,18 +238,19 @@
 EXT4-fs (mmcblk0p3): couldn't mount as ext3 due to feature incompatibilities
 uvcvideo: Found UVC 1.00 device HD WebCam (1bcf:2c67)
 input: HD WebCam as /devices/soc0/70090000.usb/usb1/1-2/1-2:1.0/input/input5
+usb 1-3: new high-speed USB device number 3 using tegra-xusb
 EXT4-fs (mmcblk0p3): recovery complete
 EXT4-fs (mmcblk0p3): mounted filesystem with ordered data mode. Opts: (null)
 VFS: Mounted root (ext4 filesystem) on device 179:3.
 devtmpfs: mounted
 Freeing unused kernel memory: 1024K (c0c00000 - c0d00000)
 bash: cannot set terminal process group (-1): Inappropriate ioctl for device
-bash: no job control in this shell[    4.810886] usb 1-3: new high-speed USB device number 3 using tegra-xusb
-
-root@(none):/# [    5.804275] asix 1-3:1.0 eth0: register 'asix' at usb-70090000.usb-3, ASIX AX88772 USB 2.0 Ethernet, c8:d7:19:90:fa:65
+bash: no job control in this shell
+root@(none):/# [    6.737528] asix 1-3:1.0 eth0: register 'asix' at usb-70090000.usb-3, ASIX AX88772 USB 2.0 Ethernet, c8:d7:19:90:fa:65
 usb 1-1: new high-speed USB device number 4 using tegra-xusb
 usb-storage 1-1:1.0: USB Mass Storage device detected
 scsi host0: usb-storage 1-1:1.0
+scsi host0: runtime PM trying to activate child device host0 but parent (1-1:1.0) is not active
 scsi 0:0:0:0: Direct-Access     SanDisk  SDDR-113         9412 PQ: 0 ANSI: 0
 sd 0:0:0:0: [sda] 15523840 512-byte logical blocks: (7.95 GB/7.40 GiB)
 sd 0:0:0:0: [sda] Write Protect is off
Diff for ./tegra132-norrin/tegra132-norrin/defconfig_log.txt
--- /tmp/fooa	2016-08-07 18:44:39.707576310 -0700
+++ /tmp/foob	2016-08-07 18:44:39.711576315 -0700
@@ -31,7 +31,7 @@
 MSENC clock is set to  79200 KHz
 Vde clock is set to 204000 KHz
 
-Bootloader-Cpu Init at (time stamp): 1801111 us
+Bootloader-Cpu Init at (time stamp): 1800161 us
 
 Pinmux changes applied in kernel way
 
@@ -62,45 +62,44 @@
 Board Id Read Time: 3 us
 Power Rail enable Time: 1 us
 
-Miscellaneous avp time: 1801085  us
-Bootloader (AosInit) time: 734273 us
-Bootloader Main Init time: 180076 us
-BlockDevMgrInit time: 157547 us
+Miscellaneous avp time: 1800135  us
+Bootloader (AosInit) time: 733467 us
+Bootloader Main Init time: 180265 us
+BlockDevMgrInit time: 157570 us
 PartMgrInit time: 8 us
 StorMgrInit time: 31 us
 FsMgrInit time: 2 us
-Partition Table load: 76686 us 
-Display init time: 574684 us
-Kernel read time: 352 msec
-Load Kernel Size:   15280128 Bytes
-Bl Kernel ReadSpeed: 43409000 Bytes/sec
-Pre-Kernel Jump time: 1657578 us
-Clearing 32 Bit State and Warm resetting to 64bit mode: 5771615 us
+Partition Table load: 77022 us 
+Display init time: 574633 us
+Kernel read time: 368 msec
+Load Kernel Size:   16001024 Bytes
+Bl Kernel ReadSpeed: 43481000 Bytes/sec
+Pre-Kernel Jump time: 1712610 us
+Clearing 32 Bit State and Warm resetting to 64bit mode: 5804707 us
 Booting Linux on physical CPU 0x0
-Linux version 4.7.0+ (pwalmsley@tamien) (gcc version 4.9.2 20140904 (prerelease) (crosstool-NG linaro-1.13.1-4.9-2014.09 - Linaro GCC 4.9-2014.09) ) #1 SMP PREEMPT Sun Jul 24 13:07:11 PDT 2016
+Linux version 4.8.0-rc1+ (pwalmsley@tamien) (gcc version 4.9.2 20140904 (prerelease) (crosstool-NG linaro-1.13.1-4.9-2014.09 - Linaro GCC 4.9-2014.09) ) #1 SMP PREEMPT Sun Aug 7 18:40:39 PDT 2016
 Boot CPU: AArch64 Processor [4e0f0000]
 Memory limited to 1734MB
 efi: Getting EFI parameters from FDT:
 efi: UEFI not found.
 cma: Reserved 16 MiB at 0x00000000eb400000
 /cpus/cpu@1: missing enable-method property
-percpu: Embedded 20 pages/cpu @ffff80006c59f000 s42880 r8192 d30848 u81920
+percpu: Embedded 21 pages/cpu @ffff80006c59e000 s48256 r8192 d29568 u86016
 Detected PIPT I-cache on CPU0
 Built 1 zonelists in Zone order, mobility grouping on.  Total pages: 436968
 Kernel command line: tegraid=13.1.3.0.0 mem=1734M@2048M memtype=255 vpr=151M@3817M ddr_die=2048M@2048M section=256M commchip_id=0 usb_port_owner_info=0 lane_owner_info=0 emc_max_dvfs=0 touch_id=0@0 video=tegrafb no_console_suspend=1 console=ttyS0,115200n8 debug_uartport=lsport,0 earlyprintk=uart8250-32bit,0x70006000 usbcore.old_scheme_first=1 lp0_vec=0@0x0 tegra_fbmem=32899072@0xad012000 core_edp_mv=1150 core_edp_ma=4000 pmuboard=0x0176:0x0001:0x01:0x43:0x00 displayboard=0x0162:0x0001:0x00:0x42:0x00 power_supply=Adapter audio_codec=rt5640 board_info=0x0176:0x0001:0x01:0x43:0x00 tegraboot=sdmmc gpt gpt_sector=94207 modem_id=0 android.kerneltype=normal
 PID hash table entries: 4096 (order: 3, 32768 bytes)
 Dentry cache hash table entries: 262144 (order: 9, 2097152 bytes)
 Inode-cache hash table entries: 131072 (order: 8, 1048576 bytes)
-software IO TLB [mem 0xe5200000-0xe9200000] (64MB) mapped at [ffff800065200000-ffff8000691fffff]
-Memory: 1641788K/1775616K available (7492K kernel code, 646K rwdata, 3448K rodata, 960K init, 260K bss, 117444K reserved, 16384K cma-reserved)
+Memory: 1707020K/1775616K available (7804K kernel code, 775K rwdata, 3684K rodata, 960K init, 269K bss, 52212K reserved, 16384K cma-reserved)
 Virtual kernel memory layout:
     modules : 0xffff000000000000 - 0xffff000008000000   (   128 MB)
     vmalloc : 0xffff000008000000 - 0xffff7dffbfff0000   (129022 GB)
-      .text : 0xffff000008080000 - 0xffff0000087c0000   (  7424 KB)
-    .rodata : 0xffff0000087c0000 - 0xffff000008b30000   (  3520 KB)
-      .init : 0xffff000008b30000 - 0xffff000008c20000   (   960 KB)
-      .data : 0xffff000008c20000 - 0xffff000008cc1a00   (   647 KB)
-       .bss : 0xffff000008cc1a00 - 0xffff000008d02b40   (   261 KB)
+      .text : 0xffff000008080000 - 0xffff000008820000   (  7808 KB)
+    .rodata : 0xffff000008820000 - 0xffff000008bc0000   (  3712 KB)
+      .init : 0xffff000008bc0000 - 0xffff000008cb0000   (   960 KB)
+      .data : 0xffff000008cb0000 - 0xffff000008d71c00   (   775 KB)
+       .bss : 0xffff000008d71c00 - 0xffff000008db50b8   (   270 KB)
     fixed   : 0xffff7dfffe7fd000 - 0xffff7dfffec00000   (  4108 KB)
     PCI I/O : 0xffff7dfffee00000 - 0xffff7dffffe00000   (    16 MB)
     vmemmap : 0xffff7e0000000000 - 0xffff800000000000   (  2048 GB maximum)
@@ -135,7 +134,7 @@
 pinctrl core: initialized pinctrl subsystem
 NET: Registered protocol family 16
 cpuidle: using governor menu
-vdso: 2 pages (1 code @ ffff0000087c6000, 1 data @ ffff000008c24000)
+vdso: 2 pages (1 code @ ffff000008826000, 1 data @ ffff000008cb4000)
 hw-breakpoint: found 6 breakpoint and 4 watchpoint registers.
 DMA: preallocated 256 KiB pool for atomic allocations
 Serial: AMBA PL011 UART driver
@@ -185,16 +184,19 @@
 kvm [1]: HYP mode not available
 futex hash table entries: 256 (order: 3, 32768 bytes)
 audit: initializing netlink subsys (disabled)
-audit: type=2000 audit(1.091:1): initialized
-workingset: timestamp_bits=44 max_order=19 bucket_order=0
+audit: type=2000 audit(1.099:1): initialized
+workingset: timestamp_bits=46 max_order=19 bucket_order=0
 squashfs: version 4.0 (2009/01/31) Phillip Lougher
 NFS: Registering the id_resolver key type
 Key type id_resolver registered
 Key type id_legacy registered
+nfs4filelayout_init: NFSv4 File Layout Driver Registering...
 fuse init (API version 7.25)
 9p: Installing v9fs 9p2000 file system support
 io scheduler noop registered
 io scheduler cfq registered (default)
+tegra-xusb-padctl 7009f000.padctl: deprecated DT, using legacy driver
+libphy: mdio_driver_register: phy-bcm-ns2-pci
 tegra-apbdma 60020000.dma: Tegra20 APB DMA driver register 32 channels
 tegra-pmc 7000e400.pmc: i2c-thermtrip node not found, emergency thermal reset disabled.
 xenfs: not registering filesystem on non-xen platform
@@ -206,6 +208,7 @@
 msm_serial: driver initialized
 Unable to detect cache hierarchy from DT for CPU 0
 loop: module loaded
+libphy: Fixed MDIO Bus: probed
 tun: Universal TUN/TAP device driver, 1.6
 tun: (C) 1999-2004 Max Krasnyansky <maxk@qualcomm.com>
 e1000e: Intel(R) PRO/1000 Network Driver - 3.2.6-k
@@ -219,12 +222,16 @@
 ehci_hcd: USB 2.0 'Enhanced' Host Controller (EHCI) Driver
 ehci-pci: EHCI PCI platform driver
 ehci-platform: EHCI generic platform driver
+ehci-exynos: EHCI EXYNOS driver
 ehci-msm: Qualcomm On-Chip EHCI Host Controller
 ohci_hcd: USB 1.1 'Open' Host Controller (OHCI) Driver
 ohci-pci: OHCI PCI platform driver
 ohci-platform: OHCI generic platform driver
+ohci-exynos: OHCI EXYNOS driver
 usbcore: registered new interface driver usb-storage
 mousedev: PS/2 mouse device common for all mice
+tegra_rtc 7000e000.rtc: rtc core: registered 7000e000.rtc as rtc1
+tegra_rtc 7000e000.rtc: Tegra internal Real Time Clock
 i2c /dev entries driver
 sdhci: Secure Digital Host Controller Interface driver
 sdhci: Copyright(c) Pierre Ossman
@@ -233,7 +240,6 @@
 sdhci-tegra 700b0400.sdhci: Got CD GPIO
 sdhci-tegra 700b0400.sdhci: Got WP GPIO
 mmc0: Unknown controller version (3). You may experience problems.
-mmc0: Unknown controller version (3). You may experience problems.
 mmc0: Invalid maximum block size, assuming 512 bytes
 mmc0: SDHCI controller on 700b0600.sdhci [700b0600.sdhci] using ADMA 64-bit
 ledtrig-cpu: registered to indicate activity on CPUs
@@ -242,20 +248,20 @@
 NET: Registered protocol family 17
 9pnet: Installing 9P2000 support
 Key type dns_resolver registered
-registered taskstats version 1
 mmc0: new high speed MMC card at address 0001
+registered taskstats version 1
 +VDD_LED: supplied by +VDD_MUX
+mmcblk0: mmc0:0001 SEM16G 14.7 GiB 
+mmcblk0boot0: mmc0:0001 SEM16G partition 1 4.00 MiB
 +5V_USB_HS: supplied by +5V_SYS
 +5V_USB_SS: supplied by +5V_SYS
 +5V_HDMI_CON: supplied by +5V_SYS
 sdhci-tegra 700b0400.sdhci: Got CD GPIO
 sdhci-tegra 700b0400.sdhci: Got WP GPIO
-mmc1: Unknown controller version (3). You may experience problems.
 input: gpio-keys as /devices/platform/gpio-keys/input/input0
 hctosys: unable to open rtc device (rtc0)
 sdhci-tegra 700b0400.sdhci: Got CD GPIO
 sdhci-tegra 700b0400.sdhci: Got WP GPIO
-mmc1: Unknown controller version (3). You may experience problems.
 +3.3V_AVDD_HDMI_AP_GATED: disabling
 +VDD_LED: disabling
 +5V_USB_HS: disabling
@@ -264,15 +270,12 @@
 +5V_HDMI_CON: disabling
 ALSA device list:
   No soundcards found.
-Freeing unused kernel memory: 960K (ffff800000b30000 - ffff800000c20000)
-mmcblk0: mmc0:0001 SEM16G 14.7 GiB 
-mmcblk0boot0: mmc0:0001 SEM16G partition 1 4.00 MiB
+Freeing unused kernel memory: 960K (ffff800000bc0000 - ffff800000cb0000)
 mmcblk0boot1: mmc0:0001 SEM16G partition 2 4.00 MiB
 mmcblk0rpmb: mmc0:0001 SEM16G partition 3 4.00 MiB
  mmcblk0: p1 p2 p3 p4 p5 p6 p7 p8
 sdhci-tegra 700b0400.sdhci: Got CD GPIO
 sdhci-tegra 700b0400.sdhci: Got WP GPIO
-mmc1: Unknown controller version (3). You may experience problems.
 
 System initialization...
 
Diff for ./tegra20-trimslice/tegra20-trimslice/multi_v7_defconfig_log.txt
--- /tmp/fooa	2016-08-07 18:44:39.735576346 -0700
+++ /tmp/foob	2016-08-07 18:44:39.735576346 -0700
@@ -19,7 +19,7 @@
 Out:   serial
 Err:   serial
 Net:   RTL8169#0
-Hit any key to stop autoboot:  2  0 
+Hit any key to stop autoboot:  2  1  0 
 Tegra20 (TrimSlice) # 
 Tegra20 (TrimSlice) # usb reset
 resetting USB...
@@ -46,21 +46,21 @@
 	 #################################################################
 	 #################################################################
 	 #################################################################
-	 #######################################
-	 4 MiB/s
+	 ############################
+	 904.3 KiB/s
 done
-Bytes transferred = 7238568 (6e73a8 hex)
+Bytes transferred = 7089992 (6c2f48 hex)
 Tegra20 (TrimSlice) # tftpboot 0x02408000 tegra20-trimslice.dtb
 Using RTL8169#0 device
 TFTP from server 192.168.100.1; our IP address is 192.168.100.103
 Filename 'tegra20-trimslice.dtb'.
 Load address: 0x2408000
 Loading: *##
-	 3.4 MiB/s
+	 861.3 KiB/s
 done
 Bytes transferred = 21172 (52b4 hex)
 Tegra20 (TrimSlice) # bootz 0x00408000 - 0x02408000
-Kernel image @ 0x408000 [ 0x000000 - 0x6e73a8 ]
+Kernel image @ 0x408000 [ 0x000000 - 0x6c2f48 ]
 ## Flattened Device Tree blob at 02408000
    Booting using the fdt blob at 0x2408000
    Using Device Tree in place at 02408000, end 024102b3
@@ -68,28 +68,28 @@
 Starting kernel ...
 
 Booting Linux on physical CPU 0x0
-Linux version 4.7.0-97079-g523d939 (pwalmsley@sellafield) (gcc version 4.7.3 20130328 (prerelease) (crosstool-NG linaro-1.13.1-4.7-2013.04-20130415 - Linaro GCC 2013.04) ) #1 SMP Sun Jul 24 13:04:08 PDT 2016
+Linux version 4.8.0-rc1-109502-g29b4817 (pwalmsley@sellafield) (gcc version 4.7.3 20130328 (prerelease) (crosstool-NG linaro-1.13.1-4.7-2013.04-20130415 - Linaro GCC 2013.04) ) #1 SMP Sun Aug 7 18:36:40 PDT 2016
 CPU: ARMv7 Processor [411fc090] revision 0 (ARMv7), cr=10c5387d
 CPU: PIPT / VIPT nonaliasing data cache, VIPT aliasing instruction cache
-Machine model: Compulab TrimSlice board
+OF: fdt:Machine model: Compulab TrimSlice board
 debug: ignoring loglevel setting.
 cma: Reserved 64 MiB at 0x3c000000
 Memory policy: Data cache writealloc
 On node 0 totalpages: 262144
-free_area_init_node: node 0, pgdat c141bb40, node_mem_map ef7f8000
+free_area_init_node: node 0, pgdat c141cf40, node_mem_map ef7f8000
   DMA zone: 1536 pages used for memmap
   DMA zone: 0 pages reserved
   DMA zone: 196608 pages, LIFO batch:31
   HighMem zone: 65536 pages, LIFO batch:15
-percpu: Embedded 13 pages/cpu @ef7c9000 s23808 r8192 d21248 u53248
-pcpu-alloc: s23808 r8192 d21248 u53248 alloc=13*4096
+percpu: Embedded 14 pages/cpu @ef7c7000 s26496 r8192 d22656 u57344
+pcpu-alloc: s26496 r8192 d22656 u57344 alloc=14*4096
 pcpu-alloc: [0] 0 [0] 1 
 Built 1 zonelists in Zone order, mobility grouping on.  Total pages: 260608
 Kernel command line: ignore_loglevel console=ttyS0,115200n8 rw root=PARTUUID=11eb23c1-01 rootwait gpt debug noinitrd earlyprintk init=/bin/bash
 PID hash table entries: 4096 (order: 2, 16384 bytes)
 Dentry cache hash table entries: 131072 (order: 7, 524288 bytes)
 Inode-cache hash table entries: 65536 (order: 6, 262144 bytes)
-Memory: 955932K/1048576K available (9529K kernel code, 1142K rwdata, 4476K rodata, 2048K init, 343K bss, 27108K reserved, 65536K cma-reserved, 196608K highmem)
+Memory: 955920K/1048576K available (9216K kernel code, 1147K rwdata, 3960K rodata, 2048K init, 343K bss, 27120K reserved, 65536K cma-reserved, 196608K highmem)
 Virtual kernel memory layout:
     vector  : 0xffff0000 - 0xffff1000   (   4 kB)
     fixmap  : 0xffc00000 - 0xfff00000   (3072 kB)
@@ -97,10 +97,10 @@
     lowmem  : 0xc0000000 - 0xf0000000   ( 768 MB)
     pkmap   : 0xbfe00000 - 0xc0000000   (   2 MB)
     modules : 0xbf000000 - 0xbfe00000   (  14 MB)
-      .text : 0xc0208000 - 0xc10ad564   (14998 kB)
+      .text : 0xc0208000 - 0xc0c00000   (10208 kB)
       .init : 0xc1100000 - 0xc1300000   (2048 kB)
-      .data : 0xc1300000 - 0xc141dba0   (1143 kB)
-       .bss : 0xc141f000 - 0xc1474ce0   ( 344 kB)
+      .data : 0xc1300000 - 0xc141edc0   (1148 kB)
+       .bss : 0xc1420000 - 0xc1475c88   ( 344 kB)
 SLUB: HWalign=64, Order=0-3, MinObjects=0, CPUs=2, Nodes=1
 Hierarchical RCU implementation.
 	Build-time adjustment of leaf fanout to 32.
@@ -139,8 +139,7 @@
 NET: Registered protocol family 16
 DMA: preallocated 256 KiB pool for atomic coherent allocations
 cpuidle: using governor menu
-No ATAGs?
-hw-breakpoint: found 5 (+1 reserved) breakpoint and 1 watchpoint registers.
+No ATAGs?hw-breakpoint: found 5 (+1 reserved) breakpoint and 1 watchpoint registers.
 hw-breakpoint: maximum watchpoint size is 4 bytes.
 Serial: AMBA PL011 UART driver
 usb1_vbus: Failed to request enable GPIO170: -517
@@ -168,9 +167,11 @@
 RPC: Registered tcp transport module.
 RPC: Registered tcp NFSv4.1 backchannel transport module.
 PCI: CLS 0 bytes, default 64
-hw perfevents: enabled with armv7_cortex_a9 PMU driver, 7 counters available
+hw perfevents: /pmu: failed to probe PMU!
+hw perfevents: /pmu: failed to register PMU devices!
+armv7-pmu: probe of pmu failed with error -22
 futex hash table entries: 512 (order: 3, 32768 bytes)
-workingset: timestamp_bits=28 max_order=18 bucket_order=0
+workingset: timestamp_bits=30 max_order=18 bucket_order=0
 squashfs: version 4.0 (2009/01/31) Phillip Lougher
 NFS: Registering the id_resolver key type
 Key type id_resolver registered
@@ -181,6 +182,7 @@
 io scheduler noop registered
 io scheduler deadline registered
 io scheduler cfq registered (default)
+libphy: mdio_driver_register: phy-bcm-ns2-pci
 tegra-pcie 80003000.pcie-controller: dual-mode configuration
 tegra-pcie 80003000.pcie-controller: probing port 0, using 2 lanes
 tegra-pcie 80003000.pcie-controller: PCI host bridge to bus 0000:00
@@ -263,7 +265,6 @@
 ehci_hcd: USB 2.0 'Enhanced' Host Controller (EHCI) Driver
 ehci-pci: EHCI PCI platform driver
 ehci-platform: EHCI generic platform driver
-ehci-omap: OMAP-EHCI Host Controller driver
 ehci-orion: EHCI orion driver
 SPEAr-ehci: EHCI SPEAr driver
 ehci-st: EHCI STMicroelectronics driver
@@ -306,12 +307,12 @@
 usbcore: registered new interface driver usbhid
 usbhid: USB HID core driver
 NET: Registered protocol family 10
-sit: IPv6 over IPv4 tunneling driver
+sit: IPv6, IPv4 and MPLS over IPv4 tunneling driver
 NET: Registered protocol family 17
 can: controller area network core (rev 20120528 abi 9)
 NET: Registered protocol family 29
 can: raw protocol (rev 20120528)
-can: broadcast manager protocol (rev 20120528 t)
+can: broadcast manager protocol (rev 20160617 t)
 can: netlink gateway (rev 20130117) max_hops=1
 Key type dns_resolver registered
 ThumbEE CPU extension supported.
@@ -322,25 +323,26 @@
 tegra-ehci c5000000.usb: irq 288, io mem 0xc5000000
 mmc0: host does not support reading read-only switch, assuming write-enable
 usb 1-1: new high-speed USB device number 2 using tegra-ehci
-mmc0: new high speed SDHC card at address b368
+mmc1: new high speed SD card at address b368
 tegra-ehci c5000000.usb: USB 2.0 started, EHCI 1.00
+mmc0: new high speed SDHC card at address b368
 hub 2-0:1.0: USB hub found
 hub 2-0:1.0: 1 port detected
 input: gpio-keys as /devices/soc0/gpio-keys/input/input0
-rtc-em3027 2-0056: setting system clock to 2015-02-02 04:56:35 UTC (1422852995)
+mmcblk1: mmc1:b368 NCard 1.83 GiB (ro)
+rtc-em3027 2-0056: setting system clock to 2015-02-05 14:52:36 UTC (1423147956)
 mmcblk0: mmc0:b368 NCard 3.70 GiB 
  mmcblk0: p1
-EXT4-fs (mmcblk0p1): mounting ext3 file system using the ext4 subsystem
-mmc1: new high speed SD card at address b368
-mmcblk1: mmc1:b368 NCard 1.83 GiB (ro)
  mmcblk1: p1 p2
+EXT4-fs (mmcblk0p1): mounting ext3 file system using the ext4 subsystem
 hub 1-1:1.0: USB hub found
 hub 1-1:1.0: 4 ports detected
 usb 1-1.2: new high-speed USB device number 3 using tegra-ehci
+random: fast init done
 asix 1-1.2:1.0 eth1: register 'asix' at usb-c5008000.usb-1.2, ASIX AX88772 USB 2.0 Ethernet, 00:60:6e:60:6c:68
 EXT4-fs (mmcblk0p1): recovery complete
 EXT4-fs (mmcblk0p1): mounted filesystem with ordered data mode. Opts: (null)
-VFS: Mounted root (ext3 filesystem) on device 179:1.
+VFS: Mounted root (ext3 filesystem) on device 179:17.
 devtmpfs: mounted
 Freeing unused kernel memory: 2048K (c1100000 - c1300000)
 bash: cannot set terminal process group (-1): Inappropriate ioctl for device
Diff for ./tegra20-trimslice/tegra20-trimslice/tegra_defconfig_log.txt
--- /tmp/fooa	2016-08-07 18:44:39.743576356 -0700
+++ /tmp/foob	2016-08-07 18:44:39.743576356 -0700
@@ -44,10 +44,10 @@
 	 #################################################################
 	 #################################################################
 	 #################################################################
-	 #####################################################
-	 902.3 KiB/s
+	 ############################################
+	 903.3 KiB/s
 done
-Bytes transferred = 5548640 (54aa60 hex)
+Bytes transferred = 5408136 (528588 hex)
 Tegra20 (TrimSlice) # tftpboot 0x02408000 tegra20-trimslice.dtb
 Using RTL8169#0 device
 TFTP from server 192.168.100.1; our IP address is 192.168.100.103
@@ -58,7 +58,7 @@
 done
 Bytes transferred = 21172 (52b4 hex)
 Tegra20 (TrimSlice) # bootz 0x00408000 - 0x02408000
-Kernel image @ 0x408000 [ 0x000000 - 0x54aa60 ]
+Kernel image @ 0x408000 [ 0x000000 - 0x528588 ]
 ## Flattened Device Tree blob at 02408000
    Booting using the fdt blob at 0x2408000
    Using Device Tree in place at 02408000, end 024102b3
@@ -67,29 +67,29 @@
 
 Uncompressing Linux... done, booting the kernel.
 Booting Linux on physical CPU 0x0
-Linux version 4.7.0-97079-g523d939 (pwalmsley@kaivo) (gcc version 4.7.3 20130328 (prerelease) (crosstool-NG linaro-1.13.1-4.7-2013.04-20130415 - Linaro GCC 2013.04) ) #1 SMP PREEMPT Sun Jul 24 13:04:08 PDT 2016
+Linux version 4.8.0-rc1-109502-g29b4817 (pwalmsley@kaivo) (gcc version 4.7.3 20130328 (prerelease) (crosstool-NG linaro-1.13.1-4.7-2013.04-20130415 - Linaro GCC 2013.04) ) #1 SMP PREEMPT Sun Aug 7 18:36:29 PDT 2016
 CPU: ARMv7 Processor [411fc090] revision 0 (ARMv7), cr=10c5387d
 CPU: PIPT / VIPT nonaliasing data cache, VIPT aliasing instruction cache
-Machine model: Compulab TrimSlice board
+OF: fdt:Machine model: Compulab TrimSlice board
 debug: ignoring loglevel setting.
 bootconsole [earlycon0] enabled
 cma: Reserved 64 MiB at 0x3c000000
 Memory policy: Data cache writealloc
 On node 0 totalpages: 262144
-free_area_init_node: node 0, pgdat c0d5be80, node_mem_map ef7f7000
+free_area_init_node: node 0, pgdat c0d5c380, node_mem_map ef7f7000
   Normal zone: 1536 pages used for memmap
   Normal zone: 0 pages reserved
   Normal zone: 196608 pages, LIFO batch:31
   HighMem zone: 65536 pages, LIFO batch:15
-percpu: Embedded 13 pages/cpu @ef7c8000 s23936 r8192 d21120 u53248
-pcpu-alloc: s23936 r8192 d21120 u53248 alloc=13*4096
+percpu: Embedded 14 pages/cpu @ef7c6000 s25984 r8192 d23168 u57344
+pcpu-alloc: s25984 r8192 d23168 u57344 alloc=14*4096
 pcpu-alloc: [0] 0 [0] 1 
 Built 1 zonelists in Zone order, mobility grouping on.  Total pages: 260608
 Kernel command line: ignore_loglevel console=ttyS0,115200n8 rw root=PARTUUID=11eb23c1-01 rootwait gpt debug noinitrd earlyprintk init=/bin/bash
 PID hash table entries: 4096 (order: 2, 16384 bytes)
 Dentry cache hash table entries: 131072 (order: 7, 524288 bytes)
 Inode-cache hash table entries: 65536 (order: 6, 262144 bytes)
-Memory: 960768K/1048576K available (7416K kernel code, 374K rwdata, 2824K rodata, 1024K init, 366K bss, 22272K reserved, 65536K cma-reserved, 196608K highmem)
+Memory: 960760K/1048576K available (8192K kernel code, 375K rwdata, 2428K rodata, 1024K init, 366K bss, 22280K reserved, 65536K cma-reserved, 196608K highmem)
 Virtual kernel memory layout:
     vector  : 0xffff0000 - 0xffff1000   (   4 kB)
     fixmap  : 0xffc00000 - 0xfff00000   (3072 kB)
@@ -97,10 +97,10 @@
     lowmem  : 0xc0000000 - 0xf0000000   ( 768 MB)
     pkmap   : 0xbfe00000 - 0xc0000000   (   2 MB)
     modules : 0xbf000000 - 0xbfe00000   (  14 MB)
-      .text : 0xc0008000 - 0xc0b00168   (11233 kB)
+      .text : 0xc0008000 - 0xc0900000   (9184 kB)
       .init : 0xc0c00000 - 0xc0d00000   (1024 kB)
-      .data : 0xc0d00000 - 0xc0d5da00   ( 375 kB)
-       .bss : 0xc0d5f000 - 0xc0dbab18   ( 367 kB)
+      .data : 0xc0d00000 - 0xc0d5de00   ( 376 kB)
+       .bss : 0xc0d5f000 - 0xc0dbab20   ( 367 kB)
 Preemptible hierarchical RCU implementation.
 	Build-time adjustment of leaf fanout to 32.
 	RCU restricting CPUs from NR_CPUS=4 to nr_cpu_ids=2.
@@ -138,8 +138,7 @@
 NET: Registered protocol family 16
 DMA: preallocated 256 KiB pool for atomic coherent allocations
 cpuidle: using governor menu
-No ATAGs?
-hw-breakpoint: found 5 (+1 reserved) breakpoint and 1 watchpoint registers.
+No ATAGs?hw-breakpoint: found 5 (+1 reserved) breakpoint and 1 watchpoint registers.
 hw-breakpoint: maximum watchpoint size is 4 bytes.
 usb1_vbus: Failed to request enable GPIO170: -517
 reg-fixed-voltage regulators:regulator@2: Failed to register regulator: -517
@@ -173,9 +172,11 @@
 RPC: Registered tcp transport module.
 RPC: Registered tcp NFSv4.1 backchannel transport module.
 PCI: CLS 0 bytes, default 64
-hw perfevents: enabled with armv7_cortex_a9 PMU driver, 7 counters available
+hw perfevents: /pmu: failed to probe PMU!
+hw perfevents: /pmu: failed to register PMU devices!
+armv7-pmu: probe of pmu failed with error -22
 futex hash table entries: 512 (order: 3, 32768 bytes)
-workingset: timestamp_bits=28 max_order=18 bucket_order=0
+workingset: timestamp_bits=30 max_order=18 bucket_order=0
 squashfs: version 4.0 (2009/01/31) Phillip Lougher
 NFS: Registering the id_resolver key type
 Key type id_resolver registered
@@ -239,6 +240,7 @@
 loop: module loaded
 m25p80 spi32766.0: found s25fl008k, expected w25q80bl
 m25p80 spi32766.0: s25fl008k (1024 Kbytes)
+libphy: Fixed MDIO Bus: probed
 CAN device driver interface
 igb: Intel(R) Gigabit Ethernet Network Driver - version 5.3.0-k
 igb: Copyright (c) 2007-2014 Intel Corporation.
@@ -305,26 +307,26 @@
 tlv320aic23-codec 2-001a: ASoC: Failed to add route MICIN -> NULL -> Mic Input
 tegra-snd-trimslice sound: tlv320aic23-hifi <-> 70002800.i2s mapping ok
 usb 1-1: new high-speed USB device number 2 using tegra-ehci
+mmc1: new high speed SD card at address b368
 mmc0: host does not support reading read-only switch, assuming write-enable
 mmc0: new high speed SDHC card at address b368
-mmc1: new high speed SD card at address b368
-mmcblk1: mmc1:b368 NCard 1.83 GiB (ro)
 mmcblk0: mmc0:b368 NCard 3.70 GiB 
- mmcblk1: p1 p2
  mmcblk0: p1
+mmcblk1: mmc1:b368 NCard 1.83 GiB (ro)
+ mmcblk1: p1 p2
 hub 1-1:1.0: USB hub found
 hub 1-1:1.0: 4 ports detected
 NET: Registered protocol family 10
 mip6: Mobile IPv6
-sit: IPv6 over IPv4 tunneling driver
+sit: IPv6, IPv4 and MPLS over IPv4 tunneling driver
 NET: Registered protocol family 17
 NET: Registered protocol family 15
 can: controller area network core (rev 20120528 abi 9)
+usb 1-1.2: new high-speed USB device number 3 using tegra-ehci
 NET: Registered protocol family 29
 can: raw protocol (rev 20120528)
-can: broadcast manager protocol (rev 20120528 t)
+can: broadcast manager protocol (rev 20160617 t)
 can: netlink gateway (rev 20130117) max_hops=1
-usb 1-1.2: new high-speed USB device number 3 using tegra-ehci
 Bluetooth: RFCOMM socket layer initialized
 Bluetooth: RFCOMM ver 1.11
 Bluetooth: BNEP (Ethernet Emulation) ver 1.3
@@ -340,14 +342,15 @@
 hub 2-0:1.0: USB hub found
 hub 2-0:1.0: 1 port detected
 input: gpio-keys as /devices/soc0/gpio-keys/input/input0
-rtc-em3027 2-0056: setting system clock to 2015-02-02 04:58:08 UTC (1422853088)
+rtc-em3027 2-0056: setting system clock to 2015-02-05 14:51:03 UTC (1423147863)
 ALSA device list:
   #0: tegra-trimslice
 asix 1-1.2:1.0 eth1: register 'asix' at usb-c5008000.usb-1.2, ASIX AX88772 USB 2.0 Ethernet, 00:60:6e:60:6c:68
 EXT4-fs (mmcblk0p1): mounting ext3 file system using the ext4 subsystem
+random: fast init done
 EXT4-fs (mmcblk0p1): recovery complete
 EXT4-fs (mmcblk0p1): mounted filesystem with ordered data mode. Opts: (null)
-VFS: Mounted root (ext3 filesystem) on device 179:17.
+VFS: Mounted root (ext3 filesystem) on device 179:1.
