
U-Boot SPL 2014.01-00219-gc4d376f (Feb 18 2014 - 19:57:18)


U-Boot 2014.01-00219-gc4d376f (Feb 18 2014 - 19:57:18)

TEGRA30
Board: NVIDIA Beaver
I2C:   ready
DRAM:  2 GiB
MMC:   Tegra SD/MMC: 0, Tegra SD/MMC: 1
In:    serial
Out:   serial
Err:   serial
Net:   Net Initialization Skipped
No ethernet found.
Hit any key to stop autoboot:  2  0 
Tegra30 (Beaver) # 
Tegra30 (Beaver) # usb reset
(Re)start USB...
USB0:   USB EHCI 1.00
scanning bus 0 for devices... 2 USB Device(s) found
       scanning usb for storage devices... 0 Storage Device(s) found
       scanning usb for ethernet devices... 
Warning: asx0 using MAC address from net device
1 Ethernet Device(s) found
Tegra30 (Beaver) # setenv bootargs 'ignore_loglevel console=ttyS0,115200n8 rw root=PARTUUID=edbe1840-3633-c751-7993-b0ac834f81e0 rootwait gpt debug noinitrd earlyprintk init=/bin/bash'
Tegra30 (Beaver) # setenv ipaddr 192.168.100.101; setenv serverip 192.168.100.1; setenv tftpserverip 192.168.100.1
Tegra30 (Beaver) # tftpboot 0x81000000 zImage.tegra_defconfig
Using asx0 device
TFTP from server 192.168.100.1; our IP address is 192.168.100.101
Filename 'zImage.tegra_defconfig'.
Load address: 0x81000000
Loading: *#################################################################
	 #################################################################
	 #################################################################
	 #################################################################
	 #################################################################
	 #################################################################
	 ###############################
	 3.3 MiB/s
done
Bytes transferred = 6169040 (5e21d0 hex)
Tegra30 (Beaver) # tftpboot 0x82000000 tegra30-beaver.dtb
Using asx0 device
TFTP from server 192.168.100.1; our IP address is 192.168.100.101
Filename 'tegra30-beaver.dtb'.
Load address: 0x82000000
Loading: *####
	 3.1 MiB/s
done
Bytes transferred = 51470 (c90e hex)
Tegra30 (Beaver) # bootz 0x81000000 - 0x82000000
Kernel image @ 0x81000000 [ 0x000000 - 0x5e21d0 ]
## Flattened Device Tree blob at 82000000
   Booting using the fdt blob at 0x82000000
   Loading Device Tree to 8fff0000, end 8ffff90d ... OK

Starting kernel ...

[    0.000000] Booting Linux on physical CPU 0x0
[    0.000000] Linux version 4.15.0-rc7-15575-gb2cd1df (jonathanh@kaivo) (gcc version 4.7.3 20130328 (prerelease) (crosstool-NG linaro-1.13.1-4.7-2013.04-20130415 - Linaro GCC 2013.04)) #1 SMP PREEMPT Sun Jan 7 15:08:02 PST 2018
[    0.000000] CPU: ARMv7 Processor [412fc099] revision 9 (ARMv7), cr=10c5387d
[    0.000000] CPU: PIPT / VIPT nonaliasing data cache, VIPT aliasing instruction cache
[    0.000000] OF: fdt: Machine model: NVIDIA Tegra30 Beaver evaluation board
[    0.000000] debug: ignoring loglevel setting.
[    0.000000] bootconsole [earlycon0] enabled
[    0.000000] Memory policy: Data cache writealloc
[    0.000000] cma: Reserved 64 MiB at 0xfbc00000
[    0.000000] On node 0 totalpages: 524032
[    0.000000]   Normal zone: 1536 pages used for memmap
[    0.000000]   Normal zone: 0 pages reserved
[    0.000000]   Normal zone: 196608 pages, LIFO batch:31
[    0.000000]   HighMem zone: 327424 pages, LIFO batch:31
[    0.000000] random: fast init done
[    0.000000] percpu: Embedded 17 pages/cpu @(ptrval) s39168 r8192 d22272 u69632
[    0.000000] pcpu-alloc: s39168 r8192 d22272 u69632 alloc=17*4096
[    0.000000] pcpu-alloc: [0] 0 [0] 1 [0] 2 [0] 3 
[    0.000000] Built 1 zonelists, mobility grouping on.  Total pages: 522496
[    0.000000] Kernel command line: ignore_loglevel console=ttyS0,115200n8 rw root=PARTUUID=edbe1840-3633-c751-7993-b0ac834f81e0 rootwait gpt debug noinitrd earlyprintk init=/bin/bash
[    0.000000] Dentry cache hash table entries: 131072 (order: 7, 524288 bytes)
[    0.000000] Inode-cache hash table entries: 65536 (order: 6, 262144 bytes)
[    0.000000] Memory: 1998528K/2096128K available (9216K kernel code, 778K rwdata, 2560K rodata, 1024K init, 299K bss, 32064K reserved, 65536K cma-reserved, 1244160K highmem)
[    0.000000] Virtual kernel memory layout:
[    0.000000]     vector  : 0xffff0000 - 0xffff1000   (   4 kB)
[    0.000000]     fixmap  : 0xffc00000 - 0xfff00000   (3072 kB)
[    0.000000]     vmalloc : 0xf0800000 - 0xff800000   ( 240 MB)
[    0.000000]     lowmem  : 0xc0000000 - 0xf0000000   ( 768 MB)
[    0.000000]     pkmap   : 0xbfe00000 - 0xc0000000   (   2 MB)
[    0.000000]     modules : 0xbf000000 - 0xbfe00000   (  14 MB)
[    0.000000]       .text : 0x(ptrval) - 0x(ptrval)   (10208 kB)
[    0.000000]       .init : 0x(ptrval) - 0x(ptrval)   (1024 kB)
[    0.000000]       .data : 0x(ptrval) - 0x(ptrval)   ( 779 kB)
[    0.000000]        .bss : 0x(ptrval) - 0x(ptrval)   ( 300 kB)
[    0.000000] Preemptible hierarchical RCU implementation.
[    0.000000] 	Tasks RCU enabled.
[    0.000000] NR_IRQS: 16, nr_irqs: 16, preallocated irqs: 16
[    0.000000] /interrupt-controller@60004000: 160 interrupts forwarded to /interrupt-controller@50041000
[    0.000000] L2C: platform modifies aux control register: 0x02080000 -> 0x3e480001
[    0.000000] L2C: DT/platform modifies aux control register: 0x02080000 -> 0x3e480001
[    0.000000] L2C-310 erratum 769419 enabled
[    0.000000] L2C-310 enabling early BRESP for Cortex-A9
[    0.000000] L2C-310: enabling full line of zeros but not enabled in Cortex-A9
[    0.000000] L2C-310 dynamic clock gating enabled, standby mode enabled
[    0.000000] L2C-310 cache controller enabled, 8 ways, 1024 kB
[    0.000000] L2C-310: CACHE_ID 0x410000c7, AUX_CTRL 0x4e480001
[    0.000014] sched_clock: 32 bits at 1000kHz, resolution 1000ns, wraps every 2147483647500ns
[    0.006453] clocksource: timer_us: mask: 0xffffffff max_cycles: 0xffffffff, max_idle_ns: 1911260446275 ns
[    0.015981] Switching to timer-based delay loop, resolution 1000ns
[    0.022976] Console: colour dummy device 80x30
[    0.026569] Calibrating delay loop (skipped), value calculated using timer frequency.. 2.00 BogoMIPS (lpj=10000)
[    0.036701] pid_max: default: 32768 minimum: 301
[    0.041630] Mount-cache hash table entries: 2048 (order: 1, 8192 bytes)
[    0.047876] Mountpoint-cache hash table entries: 2048 (order: 1, 8192 bytes)
[    0.055584] CPU: Testing write buffer coherency: ok
[    0.060100] CPU0: thread -1, cpu 0, socket 0, mpidr 80000000
[    0.100014] Setting up static identity map for 0x80100000 - 0x801000a0
[    0.104723] Hierarchical SRCU implementation.
[    0.120420] Tegra Revision: A03 SKU: 128 CPU Process: 4 SoC Process: 0
[    0.139972] smp: Bringing up secondary CPUs ...
[    0.200393] CPU1: thread -1, cpu 1, socket 0, mpidr 80000001
[    0.280382] CPU2: thread -1, cpu 2, socket 0, mpidr 80000002
[    0.360381] CPU3: thread -1, cpu 3, socket 0, mpidr 80000003
[    0.360442] smp: Brought up 1 node, 4 CPUs
[    0.379524] SMP: Total of 4 processors activated (8.00 BogoMIPS).
[    0.385597] CPU: All CPU(s) started in SVC mode.
[    0.391273] devtmpfs: initialized
[    0.403906] VFP support v0.3: implementor 41 architecture 3 part 30 variant 9 rev 4
[    0.410076] clocksource: jiffies: mask: 0xffffffff max_cycles: 0xffffffff, max_idle_ns: 19112604462750000 ns
[    0.419463] futex hash table entries: 1024 (order: 4, 65536 bytes)
[    0.428855] pinctrl core: initialized pinctrl subsystem
[    0.433354] NET: Registered protocol family 16
[    0.438639] DMA: preallocated 256 KiB pool for atomic coherent allocations
[    0.444567] cpuidle: using governor menu
[    0.461271] No ATAGs?
[    0.461394] hw-breakpoint: found 5 (+1 reserved) breakpoint and 1 watchpoint registers.
[    0.469730] hw-breakpoint: maximum watchpoint size is 4 bytes.
[    0.477074] tegra-mc 7000f000.memory-controller: no memory timings for RAM code 3 registered
[    0.484112] iommu: Adding device reg-dummy to group 0
[    0.488991] iommu: Adding device 3000.pcie to group 1
[    0.494031] iommu: Adding device 50000000.host1x to group 2
[    0.499560] iommu: Adding device 54040000.mpe to group 3
[    0.504857] iommu: Adding device 54080000.vi to group 4
[    0.510062] iommu: Adding device 540c0000.epp to group 5
[    0.515341] iommu: Adding device 54100000.isp to group 6
[    0.520631] iommu: Adding device 54140000.gr2d to group 7
[    0.525992] iommu: Adding device 54180000.gr3d to group 8
[    0.531429] iommu: Adding device 54200000.dc to group 9
[    0.536593] iommu: Adding device 54240000.dc to group 10
[    0.541867] iommu: Adding device 54280000.hdmi to group 11
[    0.547321] iommu: Adding device 50040600.timer to group 12
[    0.552871] iommu: Adding device 50043000.cache-controller to group 13
[    0.559359] iommu: Adding device 60005000.timer to group 14
[    0.564924] iommu: Adding device 60007000.flow-controller to group 15
[    0.571331] iommu: Adding device 6000a000.dma to group 16
[    0.576692] iommu: Adding device 6000c000.ahb to group 17
[    0.582078] iommu: Adding device 6000d000.gpio to group 18
[    0.587533] iommu: Adding device 70000800.apbmisc to group 19
[    0.593257] iommu: Adding device 70000868.pinmux to group 20
[    0.598880] iommu: Adding device 70006000.serial to group 21
[    0.604525] iommu: Adding device 7000e000.rtc to group 22
[    0.609888] iommu: Adding device 7000c000.i2c to group 23
[    0.615270] iommu: Adding device 7000c400.i2c to group 24
[    0.620643] iommu: Adding device 7000c500.i2c to group 25
[    0.626012] iommu: Adding device 7000c700.i2c to group 26
[    0.631397] iommu: Adding device 7000d000.i2c to group 27
[    0.636754] iommu: Adding device 7000da00.spi to group 28
[    0.642137] iommu: Adding device 7000e400.pmc to group 29
[    0.647500] iommu: Adding device 7000f000.memory-controller to group 30
[    0.654109] iommu: Adding device 7000f800.fuse to group 31
[    0.659547] iommu: Adding device 70080000.ahub to group 32
[    0.665018] iommu: Adding device 78000000.sdhci to group 33
[    0.670570] iommu: Adding device 78000600.sdhci to group 34
[    0.676101] iommu: Adding device 7d000000.usb to group 35
[    0.681490] iommu: Adding device 7d000000.usb-phy to group 36
[    0.687193] iommu: Adding device 7d004000.usb to group 37
[    0.692578] iommu: Adding device 7d004000.usb-phy to group 38
[    0.698287] iommu: Adding device 7d008000.usb to group 39
[    0.703673] iommu: Adding device 7d008000.usb-phy to group 40
[    0.709386] iommu: Adding device pmu to group 41
[    0.713983] iommu: Adding device clocks to group 42
[    0.718825] iommu: Adding device gpio-leds to group 43
[    0.723951] iommu: Adding device regulators to group 44
[    0.729140] iommu: Adding device regulators:regulator@0 to group 45
[    0.735389] iommu: Adding device regulators:regulator@1 to group 46
[    0.741647] iommu: Adding device regulators:regulator@2 to group 47
[    0.747870] iommu: Adding device regulators:regulator@3 to group 48
[    0.754111] iommu: Adding device regulators:regulator@4 to group 49
[    0.760349] iommu: Adding device regulators:regulator@5 to group 50
[    0.766580] iommu: Adding device regulators:regulator@6 to group 51
[    0.772830] iommu: Adding device regulators:regulator@7 to group 52
[    0.779059] iommu: Adding device regulators:regulator@8 to group 53
[    0.785309] iommu: Adding device sound to group 54
[    0.803262] vdd_5v_sata: Failed to request enable GPIO30: -517
[    0.807184] reg-fixed-voltage regulators:regulator@3: Failed to register regulator: -517
[    0.815331] usb1_vbus: Failed to request enable GPIO238: -517
[    0.821002] reg-fixed-voltage regulators:regulator@4: Failed to register regulator: -517
[    0.829086] usb3_vbus: Failed to request enable GPIO236: -517
[    0.834775] reg-fixed-voltage regulators:regulator@5: Failed to register regulator: -517
[    0.842958] sys_3v3_pexs: Failed to request enable GPIO95: -517
[    0.848695] reg-fixed-voltage regulators:regulator@7: Failed to register regulator: -517
[    0.857884] vgaarb: loaded
[    0.860129] SCSI subsystem initialized
[    0.863376] libata version 3.00 loaded.
[    0.867268] usbcore: registered new interface driver usbfs
[    0.872507] usbcore: registered new interface driver hub
[    0.877802] usbcore: registered new device driver usb
[    0.887411] iommu: Adding device tps65910-gpio to group 55
[    0.891396] iommu: Adding device tps65910-pmic to group 56
[    0.898948] vrtc: supplied by vdd_5v_in
[    0.904212] vio: supplied by vdd_5v_in
[    0.911938] vdd1: supplied by vdd_5v_in
[    0.915236] vddio_ddr_1v2: Bringing 600000uV into 1200000-1200000uV
[    0.931925] vdd2: supplied by vdd_5v_in
[    0.951924] ldo1: supplied by vdd_1v5_gen
[    0.956450] ldo2: supplied by vdd_1v5_gen
[    0.959030] vdd_sata,avdd_plle: Bringing 1200000uV into 1050000-1050000uV
[    0.967589] ldo3: supplied by vdd_5v_in
[    0.971950] ldo4: supplied by vdd_5v_in
[    0.981919] ldo5: supplied by vdd_5v_in
[    0.991915] ldo6: supplied by vdd_1v8_gen
[    0.994505] avdd_dsi_csi,pwrdet_mipi: Bringing 1000000uV into 1200000-1200000uV
[    1.003579] ldo7: supplied by vdd_1v8_gen
[    1.011910] ldo8: supplied by vdd_1v8_gen
[    1.020222] iommu: Adding device tps65910-rtc to group 57
[    1.023796] iommu: Adding device tps65910-power to group 58
[    1.031237] Linux video capture interface: v2.00
[    1.034021] pps_core: LinuxPPS API ver. 1 registered
[    1.038875] pps_core: Software ver. 5.3.6 - Copyright 2005-2007 Rodolfo Giometti <giometti@linux.it>
[    1.048031] PTP clock support registered
[    1.052366] Advanced Linux Sound Architecture Driver Initialized.
[    1.058513] Bluetooth: Core ver 2.22
[    1.061562] NET: Registered protocol family 31
[    1.065915] Bluetooth: HCI device and connection manager initialized
[    1.072259] Bluetooth: HCI socket layer initialized
[    1.077099] Bluetooth: L2CAP socket layer initialized
[    1.082161] Bluetooth: SCO socket layer initialized
[    1.087549] clocksource: Switched to clocksource timer_us
[    1.154401] NET: Registered protocol family 2
[    1.157747] TCP established hash table entries: 8192 (order: 3, 32768 bytes)
[    1.163921] TCP bind hash table entries: 8192 (order: 4, 65536 bytes)
[    1.170383] TCP: Hash tables configured (established 8192 bind 8192)
[    1.177198] UDP hash table entries: 512 (order: 2, 16384 bytes)
[    1.182590] UDP-Lite hash table entries: 512 (order: 2, 16384 bytes)
[    1.189143] NET: Registered protocol family 1
[    1.193840] RPC: Registered named UNIX socket transport module.
[    1.199075] RPC: Registered udp transport module.
[    1.203736] RPC: Registered tcp transport module.
[    1.208427] RPC: Registered tcp NFSv4.1 backchannel transport module.
[    1.215279] iommu: Adding device regulatory.0 to group 59
[    1.220417] PCI: CLS 0 bytes, default 64
[    1.225291] hw perfevents: no interrupt-affinity property for /pmu, guessing.
[    1.231509] hw perfevents: enabled with armv7_cortex_a9 PMU driver, 7 counters available
[    1.239791] iommu: Adding device alarmtimer to group 60
[    1.245333] Initialise system trusted keyrings
[    1.249092] workingset: timestamp_bits=30 max_order=19 bucket_order=0
[    1.256192] squashfs: version 4.0 (2009/01/31) Phillip Lougher
[    1.261694] NFS: Registering the id_resolver key type
[    1.266151] Key type id_resolver registered
[    1.270315] Key type id_legacy registered
[    1.278177] Key type asymmetric registered
[    1.280360] Asymmetric key parser 'x509' registered
[    1.285482] bounce: pool size: 64 pages
[    1.289116] io scheduler noop registered (default)
[    1.293792] io scheduler mq-deadline registered
[    1.298315] io scheduler kyber registered
[    1.306672] tegra30-pinctrl 70000868.pinmux: invalid group "sdmmc3_dat6_pd3" for function "rsvd1"
[    1.313654] tegra30-pinctrl 70000868.pinmux: invalid group "sdmmc3_dat7_pd4" for function "rsvd1"
[    1.322488] tegra30-pinctrl 70000868.pinmux: invalid group "vi_vsync_pd6" for function "rsvd1"
[    1.331056] tegra30-pinctrl 70000868.pinmux: invalid group "vi_hsync_pd7" for function "rsvd1"
[    1.340142] tegra30-pinctrl 70000868.pinmux: invalid group "hdmi_int_pn7" for function "rsvd1"
[    1.348257] tegra30-pinctrl 70000868.pinmux: invalid group "ulpi_data3_po4" for function "rsvd1"
[    1.357310] tegra30-pinctrl 70000868.pinmux: invalid group "vi_d10_pt2" for function "rsvd1"
[    1.365380] tegra30-pinctrl 70000868.pinmux: invalid group "vi_d11_pt3" for function "rsvd1"
[    1.373785] tegra30-pinctrl 70000868.pinmux: invalid group "vi_d0_pt4" for function "rsvd1"
[    1.382137] tegra30-pinctrl 70000868.pinmux: invalid group "pu0" for function "rsvd1"
[    1.389924] tegra30-pinctrl 70000868.pinmux: invalid group "pu3" for function "rsvd1"
[    1.397730] tegra30-pinctrl 70000868.pinmux: invalid group "pu6" for function "rsvd1"
[    1.405527] tegra30-pinctrl 70000868.pinmux: invalid group "pv3" for function "rsvd1"
[    1.413826] tegra30-pinctrl 70000868.pinmux: invalid group "pbb0" for function "rsvd1"
[    1.421305] tegra30-pinctrl 70000868.pinmux: invalid group "pcc1" for function "rsvd1"
[    1.430803] tegra-pcie 3000.pcie: 2x3 configuration
[    1.434080] tegra-pcie 3000.pcie: Failed to get supply 'hvdd-pex': -517
[    1.444510] tegra-apbdma 6000a000.dma: Tegra20 APB DMA driver register 32 channels
[    1.451027] tegra-pmc 7000e400.pmc: i2c-thermtrip node not found, emergency thermal reset disabled.
[    1.459648] Serial: 8250/16550 driver, 4 ports, IRQ sharing disabled
[    1.465600] iommu: Adding device serial8250 to group 61
[    1.472117] console [ttyS0] disabled
[    1.474287] 70006000.serial: ttyS0 at MMIO 0x70006000 (irq = 331, base_baud = 25500000) is a Tegra
[    1.483239] console [ttyS0] enabled
[    1.483239] console [ttyS0] enabled
[    1.489434] bootconsole [earlycon0] disabled
[    1.489434] bootconsole [earlycon0] disabled
[    1.516337] tegra-hdmi 54280000.hdmi: failed to get HDMI regulator
[    1.533719] loop: module loaded
[    1.539716] m25p80 spi0.1: w25q32 (4096 Kbytes)
[    1.545763] iommu: Adding device Fixed MDIO bus.0 to group 62
[    1.551721] libphy: Fixed MDIO Bus: probed
[    1.555807] CAN device driver interface
[    1.559695] igb: Intel(R) Gigabit Ethernet Network Driver - version 5.4.0-k
[    1.566638] igb: Copyright (c) 2007-2014 Intel Corporation.
[    1.572315] pegasus: v0.9.3 (2013/04/25), Pegasus/Pegasus II USB Ethernet driver
[    1.579806] usbcore: registered new interface driver pegasus
[    1.585500] usbcore: registered new interface driver asix
[    1.590942] usbcore: registered new interface driver ax88179_178a
[    1.597061] usbcore: registered new interface driver cdc_ether
[    1.602945] usbcore: registered new interface driver smsc75xx
[    1.608749] usbcore: registered new interface driver smsc95xx
[    1.614520] usbcore: registered new interface driver net1080
[    1.620221] usbcore: registered new interface driver cdc_subset
[    1.626164] usbcore: registered new interface driver zaurus
[    1.631790] usbcore: registered new interface driver cdc_ncm
[    1.637658] tegra-phy 7d000000.usb-phy: no vbus regulator
[    1.644446] ehci_hcd: USB 2.0 'Enhanced' Host Controller (EHCI) Driver
[    1.650974] ehci-pci: EHCI PCI platform driver
[    1.655456] tegra-ehci: Tegra EHCI driver
[    1.660049] usbcore: registered new interface driver cdc_acm
[    1.665693] cdc_acm: USB Abstract Control Model driver for USB modems and ISDN adapters
[    1.673744] usbcore: registered new interface driver cdc_wdm
[    1.679455] usbcore: registered new interface driver usb-storage
[    1.688901] iommu: Adding device ci_hdrc.0 to group 63
[    1.699011] tegra_rtc 7000e000.rtc: rtc core: registered 7000e000.rtc as rtc1
[    1.706165] tegra_rtc 7000e000.rtc: Tegra internal Real Time Clock
[    1.725384] tps65910-rtc tps65910-rtc: rtc core: registered tps65910-rtc as rtc0
[    1.732853] i2c /dev entries driver
[    1.737278] usbcore: registered new interface driver uvcvideo
[    1.743026] USB Video Class driver (1.1.1)
[    1.747108] gspca_main: v2.14.0 registered
[    1.751900] tegra-wdt 60005000.timer: initialized (heartbeat = 120 sec, nowayout = 0)
[    1.760240] sdhci: Secure Digital Host Controller Interface driver
[    1.766402] sdhci: Copyright(c) Pierre Ossman
[    1.770758] sdhci-pltfm: SDHCI platform and OF driver helper
[    1.776636] sdhci-tegra 78000000.sdhci: Got CD GPIO
[    1.781526] sdhci-tegra 78000000.sdhci: Got WP GPIO
[    1.794691] mmc0: Invalid maximum block size, assuming 512 bytes
[    1.857721] mmc0: SDHCI controller on 78000000.sdhci [78000000.sdhci] using ADMA
[    1.874636] mmc1: Invalid maximum block size, assuming 512 bytes
[    1.937639] mmc1: SDHCI controller on 78000600.sdhci [78000600.sdhci] using ADMA
[    1.949177] usbcore: registered new interface driver usbhid
[    1.954796] usbhid: USB HID core driver
[    1.963323] iommu: Adding device snd-soc-dummy to group 64
[    1.999625] mmc1: new high speed MMC card at address 0001
[    2.005582] mmcblk1: mmc1:0001 SEM16G 14.8 GiB 
[    2.010495] mmcblk1boot0: mmc1:0001 SEM16G partition 1 1.00 MiB
[    2.016774] mmcblk1boot1: mmc1:0001 SEM16G partition 2 1.00 MiB
[    2.022858] mmcblk1rpmb: mmc1:0001 SEM16G partition 3 128 KiB, chardev (247:0)
[    2.035172] Primary GPT is invalid, using alternate GPT.
[    2.040532]  mmcblk1: p1 p2 p3 p4 p5
[    2.053799] mmc0: new ultra high speed DDR50 SDHC card at address aaaa
[    2.060848] mmcblk0: mmc0:aaaa SS04G 3.69 GiB 
[    2.087184]  mmcblk0: p1 p2 p3
[    2.399095] iommu: Adding device 70080400.i2s to group 65
[    2.405187] tegra30-i2s 70080400.i2s: DMA channels sourced from device 70080000.ahub
[    2.421129] tegra-snd-rt5640 sound: rt5640-aif1 <-> 70080400.i2s mapping ok
[    2.431194] input: NVIDIA Tegra Beaver Headphones as /devices/soc0/sound/sound/card0/input0
[    2.441196] NET: Registered protocol family 10
[    2.446803] Segment Routing with IPv6
[    2.450686] mip6: Mobile IPv6
[    2.453647] sit: IPv6, IPv4 and MPLS over IPv4 tunneling driver
[    2.460747] NET: Registered protocol family 17
[    2.465194] NET: Registered protocol family 15
[    2.469641] can: controller area network core (rev 20170425 abi 9)
[    2.475980] NET: Registered protocol family 29
[    2.480423] can: raw protocol (rev 20170425)
[    2.484680] can: broadcast manager protocol (rev 20170425 t)
[    2.490338] can: netlink gateway (rev 20170425) max_hops=1
[    2.495989] Bluetooth: RFCOMM socket layer initialized
[    2.501159] Bluetooth: RFCOMM ver 1.11
[    2.504903] Bluetooth: BNEP (Ethernet Emulation) ver 1.3
[    2.510216] Bluetooth: BNEP socket layer initialized
[    2.515166] Bluetooth: HIDP (Human Interface Emulation) ver 1.2
[    2.521082] Bluetooth: HIDP socket layer initialized
[    2.526237] Key type dns_resolver registered
[    2.530886] Registering SWP/SWPB emulation handler
[    2.536279] Loading compiled-in X.509 certificates
[    2.554004] vdd_ddr: supplied by vdd_5v_in
[    2.558943] vdd_5v_sata: supplied by vdd_5v_in
[    2.563700] usb1_vbus: supplied by vdd_5v_in
[    2.568317] usb3_vbus: supplied by vdd_5v_in
[    2.573786] sys_3v3,vdd_3v3_alw: supplied by vdd_5v_in
[    2.579780] sys_3v3_pexs: supplied by sys_3v3,vdd_3v3_alw
[    2.585341] +VDD_5V_HDMI: supplied by sys_3v3,vdd_3v3_alw
[    2.591051] tegra-pcie 3000.pcie: 2x3 configuration
[    2.599258] tegra-pcie 3000.pcie: probing port 0, using 2 lanes
[    2.663346] tegra-pcie 3000.pcie: probing port 2, using 2 lanes
[    3.073260] tegra-pcie 3000.pcie: link 2 down, retrying
[    3.482459] tegra-pcie 3000.pcie: link 2 down, retrying
[    3.891673] tegra-pcie 3000.pcie: link 2 down, retrying
[    3.898899] tegra-pcie 3000.pcie: link 2 down, ignoring
[    3.904258] tegra-pcie 3000.pcie: PCI host bridge to bus 0000:00
[    3.910274] pci_bus 0000:00: root bus resource [io  0x0000-0xffff]
[    3.916440] pci_bus 0000:00: root bus resource [mem 0x20000000-0x27ffffff]
[    3.923309] pci_bus 0000:00: root bus resource [mem 0x28000000-0x3fffffff pref]
[    3.930612] pci_bus 0000:00: root bus resource [bus 00-ff]
[    3.936123] pci 0000:00:01.0: [10de:0e1c] type 01 class 0x060400
[    3.942141] pci_bus 0000:00: 2-byte config write to 0000:00:01.0 offset 0x4 may corrupt adjacent RW1C bits
[    3.951784] pci_bus 0000:00: 2-byte config write to 0000:00:01.0 offset 0x4 may corrupt adjacent RW1C bits
[    3.961440] pci 0000:00:01.0: enabling Extended Tags
[    3.966392] pci_bus 0000:00: 2-byte config write to 0000:00:01.0 offset 0x88 may corrupt adjacent RW1C bits
[    3.976142] pci_bus 0000:00: 2-byte config write to 0000:00:01.0 offset 0x52 may corrupt adjacent RW1C bits
[    3.985888] pci 0000:00:01.0: PME# supported from D0 D1 D2 D3hot D3cold
[    3.992498] pci_bus 0000:00: 2-byte config write to 0000:00:01.0 offset 0x4c may corrupt adjacent RW1C bits
[    4.002394] pci_bus 0000:00: 2-byte config write to 0000:00:01.0 offset 0x3e may corrupt adjacent RW1C bits
[    4.012129] pci_bus 0000:00: 2-byte config write to 0000:00:01.0 offset 0x4 may corrupt adjacent RW1C bits
[    4.021771] pci_bus 0000:00: 1-byte config write to 0000:00:01.0 offset 0xc may corrupt adjacent RW1C bits
[    4.031410] PCI: bus0: Fast back to back transfers disabled
[    4.036971] pci 0000:00:01.0: bridge configuration invalid ([bus 00-00]), reconfiguring
[    4.044966] pci_bus 0000:00: 2-byte config write to 0000:00:01.0 offset 0x3e may corrupt adjacent RW1C bits
[    4.054695] pci_bus 0000:00: 2-byte config write to 0000:00:01.0 offset 0x3e may corrupt adjacent RW1C bits
[    4.064560] pci 0000:01:00.0: [10ec:8168] type 00 class 0x020000
[    4.070584] pci 0000:01:00.0: reg 0x10: [io  0x0000-0x00ff]
[    4.076157] pci 0000:01:00.0: reg 0x18: [mem 0x00000000-0x00000fff 64bit pref]
[    4.083382] pci 0000:01:00.0: reg 0x20: [mem 0x00000000-0x00003fff 64bit pref]
[    4.090746] PCI: bus1: Fast back to back transfers disabled
[    4.096307] pci_bus 0000:01: busn_res: [bus 01-ff] end is updated to 01
[    4.102947] pci 0000:00:01.0: BAR 9: assigned [mem 0x28000000-0x280fffff 64bit pref]
[    4.110684] pci 0000:00:01.0: BAR 7: assigned [io  0x1000-0x1fff]
[    4.116768] pci 0000:01:00.0: BAR 4: assigned [mem 0x28000000-0x28003fff 64bit pref]
[    4.124513] pci 0000:01:00.0: BAR 2: assigned [mem 0x28004000-0x28004fff 64bit pref]
[    4.132256] pci 0000:01:00.0: BAR 0: assigned [io  0x1000-0x10ff]
[    4.138348] pci 0000:00:01.0: PCI bridge to [bus 01]
[    4.143299] pci 0000:00:01.0:   bridge window [io  0x1000-0x1fff]
[    4.149389] pci 0000:00:01.0:   bridge window [mem 0x28000000-0x280fffff 64bit pref]
[    4.157133] pci 0000:00:01.0: nv_msi_ht_cap_quirk didn't locate host bridge
[    4.164180] pcieport 0000:00:01.0: enabling device (0140 -> 0143)
[    4.170551] pcieport 0000:00:01.0: Signaling PME with IRQ 375
[    4.176587] r8169 Gigabit Ethernet driver 2.3LK-NAPI loaded
[    4.182207] r8169 0000:01:00.0: enabling device (0140 -> 0143)
[    4.188061] r8169 0000:01:00.0 (unnamed net_device) (uninitialized): not PCI Express
[    4.197006] r8169 0000:01:00.0 eth0: RTL8168evl/8111evl at 0x5e4860b1, 02:04:4b:01:60:a6, XID 0c900800 IRQ 18
[    4.206927] r8169 0000:01:00.0 eth0: jumbo features [frames: 9200 bytes, tx checksumming: ko]
[    4.219569] [drm] Supports vblank timestamp caching Rev 2 (21.10.2013).
[    4.226170] [drm] No driver support for vblank timestamp query.
[    4.232150] [drm] Cannot find any crtc or sizes
[    4.236769] [drm] Initialized tegra 0.0.0 20120330 for drm on minor 0
[    4.244250] tegra-ehci 7d004000.usb: EHCI Host Controller
[    4.249675] tegra-ehci 7d004000.usb: new USB bus registered, assigned bus number 1
[    4.257509] tegra-ehci 7d004000.usb: irq 344, io mem 0x7d004000
[    4.263490] [drm] Cannot find any crtc or sizes
[    4.287567] tegra-ehci 7d004000.usb: USB 2.0 started, EHCI 1.00
[    4.294616] hub 1-0:1.0: USB hub found
[    4.298398] hub 1-0:1.0: 1 port detected
[    4.302922] tegra-ehci 7d008000.usb: EHCI Host Controller
[    4.308342] tegra-ehci 7d008000.usb: new USB bus registered, assigned bus number 2
[    4.316149] tegra-ehci 7d008000.usb: irq 345, io mem 0x7d008000
[    4.347566] tegra-ehci 7d008000.usb: USB 2.0 started, EHCI 1.00
[    4.354488] hub 2-0:1.0: USB hub found
[    4.358268] hub 2-0:1.0: 1 port detected
[    4.366292] tps65910-rtc tps65910-rtc: setting system clock to 2000-01-01 00:00:02 UTC (946684802)
[    4.375638] cfg80211: Loading compiled-in X.509 certificates for regulatory database
[    4.387085] cfg80211: Loaded X.509 cert 'sforshee: 00b28ddf47aef9cea7'
[    4.393880] platform regulatory.0: Direct firmware load for regulatory.db failed with error -2
[    4.397826] vdd_sata,avdd_plle: disabling
[    4.402924] usb1_vbus: disabling
[    4.402929] ALSA device list:
[    4.402932]   #0: NVIDIA Tegra Beaver
[    4.416319] cfg80211: failed to load regulatory.db
[    4.423854] EXT4-fs (mmcblk1p1): mounting ext3 file system using the ext4 subsystem
[    4.442672] EXT4-fs (mmcblk1p1): warning: mounting fs with errors, running e2fsck is recommended
[    4.453284] EXT4-fs (mmcblk1p1): recovery complete
[    4.458094] EXT4-fs (mmcblk1p1): mounted filesystem with ordered data mode. Opts: (null)
[    4.466223] VFS: Mounted root (ext3 filesystem) on device 179:1.
[    4.484830] devtmpfs: mounted
[    4.489272] Freeing unused kernel memory: 1024K
bash: cannot set terminal process group (-1): Inappropriate ioctl for device
bash: no job control in this shell
root@(none):/# mount -t sysfs none /sys
root@(none):/# 
root@(none):/# [    5.428621] asix 2-1:1.0 eth1: register 'asix' at usb-7d008000.usb-1, ASIX AX88772 USB 2.0 Ethernet, 00:50:b6:0f:67:60
mount -t debugfs none /sys/kernel/debug
root@(none):/# 
root@(none):/# rtcwake -d rtc1 -m mem -s 3
rtcwake: wakeup from "mem" using /dev/rtc1 at Thu Jan  1 00:00:22 1970
[    7.325936] PM: suspend entry (deep)
[    7.329534] PM: Syncing filesystems ... done.
[    7.335929] Freezing user space processes ... (elapsed 0.001 seconds) done.
[    7.343993] OOM killer disabled.
[    7.347209] Freezing remaining freezable tasks ... (elapsed 0.001 seconds) done.
[    7.355705] Suspending console(s) (use no_console_suspend to debug)
[    7.431011] Disabling non-boot CPUs ...
[    7.467953] IRQ17 no longer affine to CPU1
[    7.588767] Entering suspend state LP1
[    7.588796] Enabling non-boot CPUs ...
[    7.590350] CPU1 is up
[    7.591841] CPU2 is up
[    7.593433] CPU3 is up
[    7.594068] pcieport 0000:00:01.0: nv_msi_ht_cap_quirk didn't locate host bridge
[    8.201225] OOM killer enabled.
[    8.204355] Restarting tasks ... done.
[    8.209332] PM: suspend exit
root@(none):/# 
root@(none):/# rtcwake -d rtc1 -m mem -s 3
rtcwake: wakeup from "mem" using /dev/rtc1 at Thu Jan  1 00:00:27 1970
[    9.124541] PM: suspend entry (deep)
[    9.128196] PM: Syncing filesystems ... done.
[    9.133756] Freezing user space processes ... (elapsed 0.001 seconds) done.
[    9.141832] OOM killer disabled.
[    9.145049] Freezing remaining freezable tasks ... (elapsed 0.001 seconds) done.
[    9.153577] Suspending console(s) (use no_console_suspend to debug)
[    9.198117] pci_generic_config_write32: 32 callbacks suppressed
[    9.198130] pci_bus 0000:00: 2-byte config write to 0000:00:01.0 offset 0x9c may corrupt adjacent RW1C bits
[    9.241352] Disabling non-boot CPUs ...
[    9.277890] IRQ17 no longer affine to CPU1
[    9.398229] Entering suspend state LP1
[    9.398264] Enabling non-boot CPUs ...
[    9.400068] CPU1 is up
[    9.401744] CPU2 is up
[    9.403512] CPU3 is up
[    9.404301] pci_bus 0000:00: 2-byte config write to 0000:00:01.0 offset 0x4c may corrupt adjacent RW1C bits
[    9.404316] pci_bus 0000:00: 2-byte config write to 0000:00:01.0 offset 0x88 may corrupt adjacent RW1C bits
[    9.404324] pci_bus 0000:00: 2-byte config write to 0000:00:01.0 offset 0x90 may corrupt adjacent RW1C bits
[    9.404329] pci_bus 0000:00: 2-byte config write to 0000:00:01.0 offset 0x98 may corrupt adjacent RW1C bits
[    9.404334] pci_bus 0000:00: 2-byte config write to 0000:00:01.0 offset 0x9c may corrupt adjacent RW1C bits
[    9.404355] pci_bus 0000:00: 2-byte config write to 0000:00:01.0 offset 0x52 may corrupt adjacent RW1C bits
[    9.404363] pci_bus 0000:00: 2-byte config write to 0000:00:01.0 offset 0x52 may corrupt adjacent RW1C bits
[    9.404371] pci_bus 0000:00: 2-byte config write to 0000:00:01.0 offset 0x5c may corrupt adjacent RW1C bits
[    9.404377] pci_bus 0000:00: 2-byte config write to 0000:00:01.0 offset 0x52 may corrupt adjacent RW1C bits
[    9.404399] pcieport 0000:00:01.0: nv_msi_ht_cap_quirk didn't locate host bridge
[   10.140603] OOM killer enabled.
[   10.143734] Restarting tasks ... done.
[   10.148704] PM: suspend exit
root@(none):/# 
root@(none):/# rtcwake -d rtc1 -m mem -s 3
rtcwake: wakeup from "mem" using /dev/rtc1 at Thu Jan  1 00:00:32 1970
[   10.937698] PM: suspend entry (deep)
[   10.941277] PM: Syncing filesystems ... done.
[   10.948217] Freezing user space processes ... (elapsed 0.001 seconds) done.
[   10.956316] OOM killer disabled.
[   10.959550] Freezing remaining freezable tasks ... (elapsed 0.001 seconds) done.
[   10.968204] Suspending console(s) (use no_console_suspend to debug)
[   11.053377] Disabling non-boot CPUs ...
[   11.147809] IRQ17 no longer affine to CPU2
[   11.208539] Entering suspend state LP1
[   11.208571] Enabling non-boot CPUs ...
[   11.210372] CPU1 is up
[   11.212060] CPU2 is up
[   11.213855] CPU3 is up
[   11.214802] pcieport 0000:00:01.0: nv_msi_ht_cap_quirk didn't locate host bridge
[   11.846640] OOM killer enabled.
[   11.849779] Restarting tasks ... done.
[   11.854033] PM: suspend exit
root@(none):/# 
root@(none):/# rtcwake -d rtc1 -m mem -s 3
rtcwake: wakeup from "mem" using /dev/rtc1 at Thu Jan  1 00:00:37 1970
[   12.748051] PM: suspend entry (deep)
[   12.751635] PM: Syncing filesystems ... done.
[   12.757553] Freezing user space processes ... (elapsed 0.001 seconds) done.
[   12.765644] OOM killer disabled.
[   12.768875] Freezing remaining freezable tasks ... (elapsed 0.001 seconds) done.
[   12.777394] Suspending console(s) (use no_console_suspend to debug)
[   12.863251] Disabling non-boot CPUs ...
[   13.027707] IRQ17 no longer affine to CPU3
[   13.028305] Entering suspend state LP1
[   13.028338] Enabling non-boot CPUs ...
[   13.030142] CPU1 is up
[   13.031827] CPU2 is up
[   13.033640] CPU3 is up
[   13.034348] pcieport 0000:00:01.0: nv_msi_ht_cap_quirk didn't locate host bridge
[   13.637860] OOM killer enabled.
[   13.640993] Restarting tasks ... done.
[   13.645254] PM: suspend exit
root@(none):/# 
root@(none):/# rtcwake -d rtc1 -m mem -s 3
rtcwake: wakeup from "mem" using /dev/rtc1 at Thu Jan  1 00:00:42 1970
[   14.568158] PM: suspend entry (deep)
[   14.571736] PM: Syncing filesystems ... done.
[   14.577700] Freezing user space processes ... (elapsed 0.001 seconds) done.
[   14.585797] OOM killer disabled.
[   14.589029] Freezing remaining freezable tasks ... (elapsed 0.001 seconds) done.
[   14.597587] Suspending console(s) (use no_console_suspend to debug)
[   14.638215] pci_generic_config_write32: 26 callbacks suppressed
[   14.638231] pci_bus 0000:00: 2-byte config write to 0000:00:01.0 offset 0x9c may corrupt adjacent RW1C bits
[   14.681304] Disabling non-boot CPUs ...
[   14.767752] IRQ17 no longer affine to CPU2
[   14.828226] Entering suspend state LP1
[   14.828257] Enabling non-boot CPUs ...
[   14.830061] CPU1 is up
[   14.831741] CPU2 is up
[   14.833520] CPU3 is up
[   14.834153] pci_bus 0000:00: 2-byte config write to 0000:00:01.0 offset 0x4c may corrupt adjacent RW1C bits
[   14.834167] pci_bus 0000:00: 2-byte config write to 0000:00:01.0 offset 0x88 may corrupt adjacent RW1C bits
[   14.834172] pci_bus 0000:00: 2-byte config write to 0000:00:01.0 offset 0x90 may corrupt adjacent RW1C bits
[   14.834178] pci_bus 0000:00: 2-byte config write to 0000:00:01.0 offset 0x98 may corrupt adjacent RW1C bits
[   14.834183] pci_bus 0000:00: 2-byte config write to 0000:00:01.0 offset 0x9c may corrupt adjacent RW1C bits
[   14.834203] pci_bus 0000:00: 2-byte config write to 0000:00:01.0 offset 0x52 may corrupt adjacent RW1C bits
[   14.834212] pci_bus 0000:00: 2-byte config write to 0000:00:01.0 offset 0x52 may corrupt adjacent RW1C bits
[   14.834218] pci_bus 0000:00: 2-byte config write to 0000:00:01.0 offset 0x5c may corrupt adjacent RW1C bits
[   14.834223] pci_bus 0000:00: 2-byte config write to 0000:00:01.0 offset 0x52 may corrupt adjacent RW1C bits
[   14.834246] pcieport 0000:00:01.0: nv_msi_ht_cap_quirk didn't locate host bridge
[   15.569696] OOM killer enabled.
[   15.572826] Restarting tasks ... done.
[   15.577146] PM: suspend exit
root@(none):/# 
root@(none):/# rtcwake -d rtc1 -m mem -s 3
rtcwake: wakeup from "mem" using /dev/rtc1 at Thu Jan  1 00:00:47 1970
[   16.367988] PM: suspend entry (deep)
[   16.371571] PM: Syncing filesystems ... done.
[   16.378523] Freezing user space processes ... (elapsed 0.001 seconds) done.
[   16.386619] OOM killer disabled.
[   16.389853] Freezing remaining freezable tasks ... (elapsed 0.001 seconds) done.
[   16.398406] Suspending console(s) (use no_console_suspend to debug)
[   16.483518] Disabling non-boot CPUs ...
[   16.637653] IRQ17 no longer affine to CPU3
[   16.638498] Entering suspend state LP1
[   16.638531] Enabling non-boot CPUs ...
[   16.640365] CPU1 is up
[   16.642061] CPU2 is up
[   16.643844] CPU3 is up
[   16.644490] pcieport 0000:00:01.0: nv_msi_ht_cap_quirk didn't locate host bridge
[   17.277027] OOM killer enabled.
[   17.280168] Restarting tasks ... done.
[   17.286323] PM: suspend exit
root@(none):/# 
root@(none):/# rtcwake -d rtc1 -m mem -s 3
rtcwake: wakeup from "mem" using /dev/rtc1 at Thu Jan  1 00:00:52 1970
[   18.178696] PM: suspend entry (deep)
[   18.182280] PM: Syncing filesystems ... done.
[   18.188234] Freezing user space processes ... (elapsed 0.001 seconds) done.
[   18.196336] OOM killer disabled.
[   18.199570] Freezing remaining freezable tasks ... (elapsed 0.001 seconds) done.
[   18.208124] Suspending console(s) (use no_console_suspend to debug)
[   18.292211] Disabling non-boot CPUs ...
[   18.327866] IRQ17 no longer affine to CPU1
[   18.428184] Entering suspend state LP1
[   18.428218] Enabling non-boot CPUs ...
[   18.430033] CPU1 is up
[   18.431712] CPU2 is up
[   18.433534] CPU3 is up
[   18.434179] pcieport 0000:00:01.0: nv_msi_ht_cap_quirk didn't locate host bridge
[   19.066546] OOM killer enabled.
[   19.069688] Restarting tasks ... done.
[   19.073955] PM: suspend exit
root@(none):/# 
root@(none):/# rtcwake -d rtc1 -m mem -s 3
rtcwake: wakeup from "mem" using /dev/rtc1 at Thu Jan  1 00:00:57 1970
[   19.968437] PM: suspend entry (deep)
[   19.972015] PM: Syncing filesystems ... done.
[   19.978942] Freezing user space processes ... (elapsed 0.001 seconds) done.
[   19.987038] OOM killer disabled.
[   19.990271] Freezing remaining freezable tasks ... (elapsed 0.001 seconds) done.
[   19.998838] Suspending console(s) (use no_console_suspend to debug)
[   20.038126] pci_generic_config_write32: 26 callbacks suppressed
[   20.038142] pci_bus 0000:00: 2-byte config write to 0000:00:01.0 offset 0x9c may corrupt adjacent RW1C bits
[   20.082759] Disabling non-boot CPUs ...
[   20.167664] IRQ17 no longer affine to CPU2
[   20.228140] Entering suspend state LP1
[   20.228171] Enabling non-boot CPUs ...
[   20.229991] CPU1 is up
[   20.231680] CPU2 is up
[   20.233477] CPU3 is up
[   20.234092] pci_bus 0000:00: 2-byte config write to 0000:00:01.0 offset 0x4c may corrupt adjacent RW1C bits
[   20.234105] pci_bus 0000:00: 2-byte config write to 0000:00:01.0 offset 0x88 may corrupt adjacent RW1C bits
[   20.234111] pci_bus 0000:00: 2-byte config write to 0000:00:01.0 offset 0x90 may corrupt adjacent RW1C bits
[   20.234116] pci_bus 0000:00: 2-byte config write to 0000:00:01.0 offset 0x98 may corrupt adjacent RW1C bits
[   20.234121] pci_bus 0000:00: 2-byte config write to 0000:00:01.0 offset 0x9c may corrupt adjacent RW1C bits
[   20.234142] pci_bus 0000:00: 2-byte config write to 0000:00:01.0 offset 0x52 may corrupt adjacent RW1C bits
[   20.234150] pci_bus 0000:00: 2-byte config write to 0000:00:01.0 offset 0x52 may corrupt adjacent RW1C bits
[   20.234158] pci_bus 0000:00: 2-byte config write to 0000:00:01.0 offset 0x5c may corrupt adjacent RW1C bits
[   20.234163] pci_bus 0000:00: 2-byte config write to 0000:00:01.0 offset 0x52 may corrupt adjacent RW1C bits
[   20.234187] pcieport 0000:00:01.0: nv_msi_ht_cap_quirk didn't locate host bridge
[   20.969668] OOM killer enabled.
[   20.972799] Restarting tasks ... done.
[   20.978954] PM: suspend exit
root@(none):/# 
root@(none):/# rtcwake -d rtc1 -m mem -s 3
rtcwake: wakeup from "mem" using /dev/rtc1 at Thu Jan  1 00:01:02 1970
[   21.781371] PM: suspend entry (deep)
[   21.784951] PM: Syncing filesystems ... done.
[   21.790398] Freezing user space processes ... (elapsed 0.001 seconds) done.
[   21.798523] OOM killer disabled.
[   21.801738] Freezing remaining freezable tasks ... (elapsed 0.001 seconds) done.
[   21.810300] Suspending console(s) (use no_console_suspend to debug)
[   21.891167] Disabling non-boot CPUs ...
[   22.007643] IRQ17 no longer affine to CPU2
[   22.078358] Entering suspend state LP1
[   22.078391] Enabling non-boot CPUs ...
[   22.080216] CPU1 is up
[   22.081906] CPU2 is up
[   22.083720] CPU3 is up
[   22.084380] pcieport 0000:00:01.0: nv_msi_ht_cap_quirk didn't locate host bridge
[   22.716032] OOM killer enabled.
[   22.719169] Restarting tasks ... done.
[   22.723398] PM: suspend exit
root@(none):/# 
root@(none):/# rtcwake -d rtc1 -m mem -s 3
rtcwake: wakeup from "mem" using /dev/rtc1 at Thu Jan  1 00:01:07 1970
[   23.616919] PM: suspend entry (deep)
[   23.620521] PM: Syncing filesystems ... done.
[   23.626405] Freezing user space processes ... (elapsed 0.001 seconds) done.
[   23.634508] OOM killer disabled.
[   23.637743] Freezing remaining freezable tasks ... (elapsed 0.001 seconds) done.
[   23.646276] Suspending console(s) (use no_console_suspend to debug)
[   23.732094] Disabling non-boot CPUs ...
[   23.837597] IRQ17 no longer affine to CPU2
[   23.898123] Entering suspend state LP1
[   23.898151] Enabling non-boot CPUs ...
[   23.899959] CPU1 is up
[   23.901667] CPU2 is up
[   23.903489] CPU3 is up
[   23.904127] pcieport 0000:00:01.0: nv_msi_ht_cap_quirk didn't locate host bridge
[   24.535995] OOM killer enabled.
[   24.539137] Restarting tasks ... done.
[   24.543427] PM: suspend exit
root@(none):/# 
root@(none):/# NVTB SYSTEM SUSPEND TEST COMPLETE
