Diff for ./tegra114-dalmore-a04/tegra114-dalmore/multi_v7_defconfig_log.txt
--- /tmp/fooa	2015-02-27 01:26:17.426941861 -0800
+++ /tmp/foob	2015-02-27 01:26:17.430941859 -0800
@@ -37,21 +37,21 @@
 	 #################################################################
 	 #################################################################
 	 #################################################################
-	 ##
-	 3.3 MiB/s
+	 #########
+	 3.4 MiB/s
 done
-Bytes transferred = 5748656 (57b7b0 hex)
+Bytes transferred = 5843040 (592860 hex)
 Tegra114 (Dalmore) # tftpboot 0x82000000 tegra114-dalmore.dtb
 Using asx0 device
 TFTP from server 192.168.100.1; our IP address is 192.168.100.100
 Filename 'tegra114-dalmore.dtb'.
 Load address: 0x82000000
 Loading: *###
-	 3 MiB/s
+	 3.3 MiB/s
 done
 Bytes transferred = 34638 (874e hex)
 Tegra114 (Dalmore) # bootz 0x81000000 - 0x82000000
-Kernel image @ 0x81000000 [ 0x000000 - 0x57b7b0 ]
+Kernel image @ 0x81000000 [ 0x000000 - 0x592860 ]
 ## Flattened Device Tree blob at 82000000
    Booting using the fdt blob at 0x82000000
    Loading Device Tree to 8fff4000, end 8ffff74d ... OK
@@ -59,7 +59,7 @@
 Starting kernel ...
 
 Booting Linux on physical CPU 0x0
-Linux version 3.19.0-13903-gbfa76d49 (pwalmsley@tamien) (gcc version 4.7.3 20130328 (prerelease) (crosstool-NG linaro-1.13.1-4.7-2013.04-20130415 - Linaro GCC 2013.04) ) #1 SMP Sun Feb 8 19:34:43 PST 2015
+Linux version 4.0.0-rc1-23494-gc517d83 (pwalmsley@tamien) (gcc version 4.7.3 20130328 (prerelease) (crosstool-NG linaro-1.13.1-4.7-2013.04-20130415 - Linaro GCC 2013.04) ) #1 SMP Fri Feb 27 01:17:16 PST 2015
 CPU: ARMv7 Processor [412fc0f2] revision 2 (ARMv7), cr=10c5387d
 CPU: PIPT / VIPT nonaliasing data cache, PIPT instruction cache
 Machine model: NVIDIA Tegra114 Dalmore evaluation board
@@ -67,20 +67,20 @@
 cma: Reserved 64 MiB at 0xfb800000
 Memory policy: Data cache writealloc
 On node 0 totalpages: 524032
-free_area_init_node: node 0, pgdat c0dfd300, node_mem_map ee7f8000
+free_area_init_node: node 0, pgdat c0e34ac0, node_mem_map ee7f8000
   DMA zone: 1520 pages used for memmap
   DMA zone: 0 pages reserved
   DMA zone: 194560 pages, LIFO batch:31
   HighMem zone: 329472 pages, LIFO batch:31
-PERCPU: Embedded 9 pages/cpu @ee7af000 s7936 r8192 d20736 u36864
-pcpu-alloc: s7936 r8192 d20736 u36864 alloc=9*4096
+PERCPU: Embedded 11 pages/cpu @ee7a7000 s12480 r8192 d24384 u45056
+pcpu-alloc: s12480 r8192 d24384 u45056 alloc=11*4096
 pcpu-alloc: [0] 0 [0] 1 [0] 2 [0] 3 
 Built 1 zonelists in Zone order, mobility grouping on.  Total pages: 522512
 Kernel command line: ignore_loglevel console=ttyS0,115200n8 rw root=/dev/mmcblk0p1 rootwait gpt debug init=/bin/bash
 PID hash table entries: 4096 (order: 2, 16384 bytes)
 Dentry cache hash table entries: 131072 (order: 7, 524288 bytes)
 Inode-cache hash table entries: 65536 (order: 6, 262144 bytes)
-Memory: 2000496K/2096128K available (7477K kernel code, 956K rwdata, 3052K rodata, 764K init, 306K bss, 30096K reserved, 65536K cma-reserved, 1252352K highmem)
+Memory: 2000240K/2096128K available (7602K kernel code, 922K rwdata, 3168K rodata, 780K init, 307K bss, 30352K reserved, 65536K cma-reserved, 1252352K highmem)
 Virtual kernel memory layout:
     vector  : 0xffff0000 - 0xffff1000   (   4 kB)
     fixmap  : 0xffc00000 - 0xfff00000   (3072 kB)
@@ -88,12 +88,13 @@
     lowmem  : 0xc0000000 - 0xef800000   ( 760 MB)
     pkmap   : 0xbfe00000 - 0xc0000000   (   2 MB)
     modules : 0xbf000000 - 0xbfe00000   (  14 MB)
-      .text : 0xc0208000 - 0xc0c5090c   (10531 kB)
-      .init : 0xc0c51000 - 0xc0d10000   ( 764 kB)
-      .data : 0xc0d10000 - 0xc0dff200   ( 957 kB)
-       .bss : 0xc0dff200 - 0xc0e4bb28   ( 307 kB)
+      .text : 0xc0208000 - 0xc0c8cb18   (10771 kB)
+      .init : 0xc0c8d000 - 0xc0d50000   ( 780 kB)
+      .data : 0xc0d50000 - 0xc0e36a20   ( 923 kB)
+       .bss : 0xc0e36a20 - 0xc0e838e8   ( 308 kB)
 SLUB: HWalign=64, Order=0-3, MinObjects=0, CPUs=4, Nodes=1
 Hierarchical RCU implementation.
+	Additional per-CPU info printed with stalls.
 	RCU restricting CPUs from NR_CPUS=8 to nr_cpu_ids=4.
 RCU: Adjusting geometry for rcu_fanout_leaf=16, nr_cpu_ids=4
 NR_IRQS:16 nr_irqs:16 16
@@ -114,7 +115,7 @@
 /cpus/cpu@2 missing clock-frequency property
 /cpus/cpu@3 missing clock-frequency property
 CPU0: thread -1, cpu 0, socket 0, mpidr 80000000
-Setting up static identity map for 0x80911c60 - 0x80911cf8
+Setting up static identity map for 0x8092fc90 - 0x8092fd28
 Tegra Revision: A01 SKU: 0 CPU Process: 1 Core Process: 0
 CPU1: thread -1, cpu 1, socket 0, mpidr 80000001
 CPU2: thread -1, cpu 2, socket 0, mpidr 80000002
@@ -168,7 +169,7 @@
 vdd-com-3v3: supplied by vdd-sys-3v3
 vdd-sby-5v0: supplied by vdd_ac_bat
 vdd-sby-3v3: supplied by vdd_ac_bat
-genirq: Setting trigger mode 8 for irq 341 failed (gic_set_type+0x0/0x98)
+genirq: Setting trigger mode 8 for irq 341 failed (gic_set_type+0x0/0x9c)
 palmas 2-0058: Irq flag is 0x00000000
 palmas 2-0058: Muxing GPIO ff, PWM 0, LED 0
 vddio-ddr: supplied by vdd-ao
@@ -220,6 +221,7 @@
 io scheduler deadline registered
 io scheduler cfq registered (default)
 tegra-apbdma 6000a000.dma: Tegra20 APB DMA driver register 32 channels
+tegra-pmc 7000e400.pmc: i2c-thermtrip node not found, emergency thermal reset disabled.
 Serial: 8250/16550 driver, 4 ports, IRQ sharing disabled
 msm_serial: driver initialized
 console [ttyS0] disabled
@@ -227,7 +229,6 @@
 console [ttyS0] enabled
 STMicroelectronics ASC driver initialized
 [drm] Initialized drm 1.1.0 20060810
-platform 54300000.dsi: Driver tegra-dsi requests probe deferral
 tegra-hdmi 54280000.hdmi: failed to get HDMI regulator
 platform 54280000.hdmi: Driver tegra-hdmi requests probe deferral
 loop: module loaded
@@ -293,7 +294,7 @@
 usbcore: registered new interface driver usbhid
 usbhid: USB HID core driver
 usbcore: registered new interface driver snd-usb-audio
-mmc1: BKOPS_EN bit is not set
+mmc1: MAN_BKOPS_EN bit is not set
 mmc1: new high speed MMC card at address 0001
 mmcblk0: mmc1:0001 SEM32G 29.1 GiB 
 mmcblk0boot0: mmc1:0001 SEM32G partition 1 4.00 MiB
@@ -320,8 +321,8 @@
 [drm] Supports vblank timestamp caching Rev 2 (21.10.2013).
 [drm] No driver support for vblank timestamp query.
 Console: switching to colour frame buffer device 240x75
-host1x drm: fb0:  frame buffer device
-host1x drm: registered panic notifier
+drm drm: fb0:  frame buffer device
+drm drm: registered panic notifier
 [drm] Initialized tegra 0.0.0 20120330 on minor 0
 platform 7d008000.usb: Driver tegra-ehci requests probe deferral
 tegra-ehci 7d008000.usb: EHCI Host Controller
@@ -331,9 +332,8 @@
 hub 1-0:1.0: USB hub found
 hub 1-0:1.0: 1 port detected
 input: gpio-keys as /devices/soc0/gpio-keys/input/input1
-palmas-rtc 7000d000.i2c:tps65913@58:rtc: setting system clock to 2000-07-16 22:55:21 UTC (963788121)
+palmas-rtc 7000d000.i2c:tps65913@58:rtc: setting system clock to 2000-08-04 04:38:47 UTC (965363927)
 vdd_cam_1v8_reg: disabling
-vdd_hdmi_5v0: disabling
 usb1_vbus: disabling
 dvdd_ts: disabling
 ALSA device list:
@@ -343,7 +343,7 @@
 EXT4-fs (mmcblk0p1): mounted filesystem with ordered data mode. Opts: (null)
 VFS: Mounted root (ext3 filesystem) on device 179:1.
 devtmpfs: mounted
-Freeing unused kernel memory: 764K (c0c51000 - c0d10000)
+Freeing unused kernel memory: 780K (c0c8d000 - c0d50000)
 bash: cannot set terminal process group (-1): Inappropriate ioctl for device
 bash: no job control in this shell
-root@(none):/# [    2.753260] usb 1-1: new high-speed USB device number 2 using tegra-ehci
+root@(none):/# [    2.813155] usb 1-1: new high-speed USB device number 2 using tegra-ehci
Diff for ./tegra114-dalmore-a04/tegra114-dalmore/tegra_defconfig_log.txt
--- /tmp/fooa	2015-02-27 01:26:17.442941857 -0800
+++ /tmp/foob	2015-02-27 01:26:17.446941856 -0800
@@ -36,21 +36,21 @@
 	 #################################################################
 	 #################################################################
 	 #################################################################
-	 #
-	 3.2 MiB/s
+	 ####
+	 3.3 MiB/s
 done
-Bytes transferred = 4780160 (48f080 hex)
+Bytes transferred = 4825408 (49a140 hex)
 Tegra114 (Dalmore) # tftpboot 0x82000000 tegra114-dalmore.dtb
 Using asx0 device
 TFTP from server 192.168.100.1; our IP address is 192.168.100.100
 Filename 'tegra114-dalmore.dtb'.
 Load address: 0x82000000
 Loading: *###
-	 2.5 MiB/s
+	 3 MiB/s
 done
 Bytes transferred = 34638 (874e hex)
 Tegra114 (Dalmore) # bootz 0x81000000 - 0x82000000
-Kernel image @ 0x81000000 [ 0x000000 - 0x48f080 ]
+Kernel image @ 0x81000000 [ 0x000000 - 0x49a140 ]
 ## Flattened Device Tree blob at 82000000
    Booting using the fdt blob at 0x82000000
    Loading Device Tree to 8fff4000, end 8ffff74d ... OK
@@ -61,7 +61,7 @@
 Booting Linux on physical CPU 0x0
 Initializing cgroup subsys cpu
 Initializing cgroup subsys cpuacct
-Linux version 3.19.0-119119-gbfa76d49 (pwalmsley@kaivo) (gcc version 4.7.3 20130328 (prerelease) (crosstool-NG linaro-1.13.1-4.7-2013.04-20130415 - Linaro GCC 2013.04) ) #1 SMP PREEMPT Sun Feb 8 19:33:55 PST 2015
+Linux version 4.0.0-rc1-128710-gc517d83 (pwalmsley@kaivo) (gcc version 4.7.3 20130328 (prerelease) (crosstool-NG linaro-1.13.1-4.7-2013.04-20130415 - Linaro GCC 2013.04) ) #1 SMP PREEMPT Fri Feb 27 01:15:40 PST 2015
 CPU: ARMv7 Processor [412fc0f2] revision 2 (ARMv7), cr=10c5387d
 CPU: PIPT / VIPT nonaliasing data cache, PIPT instruction cache
 Machine model: NVIDIA Tegra114 Dalmore evaluation board
@@ -69,20 +69,20 @@
 cma: Reserved 64 MiB at 0xfbc00000
 Memory policy: Data cache writealloc
 On node 0 totalpages: 524032
-free_area_init_node: node 0, pgdat c092e880, node_mem_map ee7f7000
+free_area_init_node: node 0, pgdat c0943c80, node_mem_map ee7f7000
   Normal zone: 1520 pages used for memmap
   Normal zone: 0 pages reserved
   Normal zone: 194560 pages, LIFO batch:31
   HighMem zone: 329472 pages, LIFO batch:31
-PERCPU: Embedded 10 pages/cpu @ee7aa000 s8320 r8192 d24448 u40960
-pcpu-alloc: s8320 r8192 d24448 u40960 alloc=10*4096
+PERCPU: Embedded 11 pages/cpu @ee7a6000 s12672 r8192 d24192 u45056
+pcpu-alloc: s12672 r8192 d24192 u45056 alloc=11*4096
 pcpu-alloc: [0] 0 [0] 1 [0] 2 [0] 3 
 Built 1 zonelists in Zone order, mobility grouping on.  Total pages: 522512
 Kernel command line: ignore_loglevel console=ttyS0,115200n8 rw root=/dev/mmcblk0p1 rootwait gpt debug init=/bin/bash
 PID hash table entries: 4096 (order: 2, 16384 bytes)
 Dentry cache hash table entries: 131072 (order: 7, 524288 bytes)
 Inode-cache hash table entries: 65536 (order: 6, 262144 bytes)
-Memory: 2003308K/2096128K available (6543K kernel code, 344K rwdata, 2180K rodata, 304K init, 350K bss, 27284K reserved, 65536K cma-reserved, 1252352K highmem)
+Memory: 2003204K/2096128K available (6609K kernel code, 317K rwdata, 2228K rodata, 304K init, 351K bss, 27388K reserved, 65536K cma-reserved, 1252352K highmem)
 Virtual kernel memory layout:
     vector  : 0xffff0000 - 0xffff1000   (   4 kB)
     fixmap  : 0xffc00000 - 0xfff00000   (3072 kB)
@@ -90,11 +90,12 @@
     lowmem  : 0xc0000000 - 0xef800000   ( 760 MB)
     pkmap   : 0xbfe00000 - 0xc0000000   (   2 MB)
     modules : 0xbf000000 - 0xbfe00000   (  14 MB)
-      .text : 0xc0008000 - 0xc088d114   (8725 kB)
-      .init : 0xc088e000 - 0xc08da000   ( 304 kB)
-      .data : 0xc08da000 - 0xc09303a0   ( 345 kB)
-       .bss : 0xc09303a0 - 0xc0987ce0   ( 351 kB)
+      .text : 0xc0008000 - 0xc08a9bf8   (8839 kB)
+      .init : 0xc08aa000 - 0xc08f6000   ( 304 kB)
+      .data : 0xc08f6000 - 0xc09457a0   ( 318 kB)
+       .bss : 0xc09457a0 - 0xc099d3b0   ( 352 kB)
 Preemptible hierarchical RCU implementation.
+	Additional per-CPU info printed with stalls.
 NR_IRQS:16 nr_irqs:16 16
 L2C: failed to init: -19
 sched_clock: 32 bits at 1000kHz, resolution 1000ns, wraps every 2147483648000ns
@@ -115,7 +116,7 @@
 /cpus/cpu@2 missing clock-frequency property
 /cpus/cpu@3 missing clock-frequency property
 CPU0: thread -1, cpu 0, socket 0, mpidr 80000000
-Setting up static identity map for 0x80633c78 - 0x80633d10
+Setting up static identity map for 0x80643760 - 0x806437f8
 Tegra Revision: A01 SKU: 0 CPU Process: 1 Core Process: 0
 CPU1: thread -1, cpu 1, socket 0, mpidr 80000001
 CPU2: thread -1, cpu 2, socket 0, mpidr 80000002
@@ -168,7 +169,7 @@
 vdd-com-3v3: supplied by vdd-sys-3v3
 vdd-sby-5v0: supplied by vdd_ac_bat
 vdd-sby-3v3: supplied by vdd_ac_bat
-genirq: Setting trigger mode 8 for irq 341 failed (gic_set_type+0x0/0x84)
+genirq: Setting trigger mode 8 for irq 341 failed (gic_set_type+0x0/0x94)
 palmas 2-0058: Irq flag is 0x00000000
 palmas 2-0058: Muxing GPIO ff, PWM 0, LED 0
 vddio-ddr: supplied by vdd-ao
@@ -219,12 +220,12 @@
 bounce: pool size: 64 pages
 io scheduler noop registered (default)
 tegra-apbdma 6000a000.dma: Tegra20 APB DMA driver register 32 channels
+tegra-pmc 7000e400.pmc: i2c-thermtrip node not found, emergency thermal reset disabled.
 Serial: 8250/16550 driver, 4 ports, IRQ sharing disabled
 console [ttyS0] disabled
 70006300.serial: ttyS0 at MMIO 0x70006300 (irq = 329, base_baud = 25500000) is a Tegra
 console [ttyS0] enabled
 [drm] Initialized drm 1.1.0 20060810
-platform 54300000.dsi: Driver tegra-dsi requests probe deferral
 tegra-hdmi 54280000.hdmi: failed to get HDMI regulator
 platform 54280000.hdmi: Driver tegra-hdmi requests probe deferral
 loop: module loaded
@@ -278,7 +279,7 @@
 mmc1: SDHCI controller on 78000600.sdhci [78000600.sdhci] using ADMA
 usbcore: registered new interface driver usbhid
 usbhid: USB HID core driver
-mmc1: BKOPS_EN bit is not set
+mmc1: MAN_BKOPS_EN bit is not set
 mmc1: new high speed MMC card at address 0001
 mmcblk0: mmc1:0001 SEM32G 29.1 GiB 
 mmcblk0boot0: mmc1:0001 SEM32G partition 1 4.00 MiB
@@ -313,8 +314,8 @@
 [drm] Supports vblank timestamp caching Rev 2 (21.10.2013).
 [drm] No driver support for vblank timestamp query.
 Console: switching to colour frame buffer device 240x75
-host1x drm: fb0:  frame buffer device
-host1x drm: registered panic notifier
+drm drm: fb0:  frame buffer device
+drm drm: registered panic notifier
 [drm] Initialized tegra 0.0.0 20120330 on minor 0
 platform 7d008000.usb: Driver tegra-ehci requests probe deferral
 tegra-ehci 7d008000.usb: EHCI Host Controller
@@ -324,9 +325,8 @@
 hub 1-0:1.0: USB hub found
 hub 1-0:1.0: 1 port detected
 input: gpio-keys as /devices/soc0/gpio-keys/input/input1
-palmas-rtc 7000d000.i2c:tps65913@58:rtc: setting system clock to 2000-07-16 22:54:55 UTC (963788095)
+palmas-rtc 7000d000.i2c:tps65913@58:rtc: setting system clock to 2000-08-04 04:37:39 UTC (965363859)
 vdd_cam_1v8_reg: disabling
-vdd_hdmi_5v0: disabling
 usb1_vbus: disabling
 dvdd_ts: disabling
 ALSA device list:
@@ -337,7 +337,7 @@
 EXT3-fs (mmcblk0p1): mounted filesystem with writeback data mode
 VFS: Mounted root (ext3 filesystem) on device 179:1.
 devtmpfs: mounted
-Freeing unused kernel memory: 304K (c088e000 - c08da000)
+Freeing unused kernel memory: 304K (c08aa000 - c08f6000)
 bash: cannot set terminal process group (-1): Inappropriate ioctl for device
 bash: no job control in this shell
-root@(none):/# [    2.940297] usb 1-1: new high-speed USB device number 2 using tegra-ehci
+root@(none):/# [    2.959656] usb 1-1: new high-speed USB device number 2 using tegra-ehci
Diff for ./tegra124-jetson-tk1/tegra124-jetson-tk1/multi_v7_defconfig_log.txt
--- /tmp/fooa	2015-02-27 01:26:17.454941854 -0800
+++ /tmp/foob	2015-02-27 01:26:17.458941853 -0800
@@ -39,29 +39,29 @@
 	 #################################################################
 	 #################################################################
 	 #################################################################
-	 ##
+	 #########
 	 3.2 MiB/s
 done
-Bytes transferred = 5748656 (57b7b0 hex)
+Bytes transferred = 5843040 (592860 hex)
 Tegra124 (Jetson TK1) # tftpboot 0x82000000 tegra124-jetson-tk1.dtb
 Using asx0 device
 TFTP from server 192.168.100.1; our IP address is 192.168.100.102
 Filename 'tegra124-jetson-tk1.dtb'.
 Load address: 0x82000000
 Loading: *####
-	 3.1 MiB/s
+	 2.9 MiB/s
 done
-Bytes transferred = 48898 (bf02 hex)
+Bytes transferred = 49059 (bfa3 hex)
 Tegra124 (Jetson TK1) # bootz 0x81000000 - 0x82000000
-Kernel image @ 0x81000000 [ 0x000000 - 0x57b7b0 ]
+Kernel image @ 0x81000000 [ 0x000000 - 0x592860 ]
 ## Flattened Device Tree blob at 82000000
    Booting using the fdt blob at 0x82000000
-   Using Device Tree in place at 82000000, end 8200ef01
+   Using Device Tree in place at 82000000, end 8200efa2
 
 Starting kernel ...
 
 Booting Linux on physical CPU 0x0
-Linux version 3.19.0-13903-gbfa76d49 (pwalmsley@tamien) (gcc version 4.7.3 20130328 (prerelease) (crosstool-NG linaro-1.13.1-4.7-2013.04-20130415 - Linaro GCC 2013.04) ) #1 SMP Sun Feb 8 19:34:43 PST 2015
+Linux version 4.0.0-rc1-23494-gc517d83 (pwalmsley@tamien) (gcc version 4.7.3 20130328 (prerelease) (crosstool-NG linaro-1.13.1-4.7-2013.04-20130415 - Linaro GCC 2013.04) ) #1 SMP Fri Feb 27 01:17:16 PST 2015
 CPU: ARMv7 Processor [413fc0f3] revision 3 (ARMv7), cr=10c5387d
 CPU: PIPT / VIPT nonaliasing data cache, PIPT instruction cache
 Machine model: NVIDIA Tegra124 Jetson TK1
@@ -69,20 +69,20 @@
 cma: Reserved 64 MiB at 0xfb800000
 Memory policy: Data cache writealloc
 On node 0 totalpages: 524032
-free_area_init_node: node 0, pgdat c0dfd300, node_mem_map ee7f8000
+free_area_init_node: node 0, pgdat c0e34ac0, node_mem_map ee7f8000
   DMA zone: 1520 pages used for memmap
   DMA zone: 0 pages reserved
   DMA zone: 194560 pages, LIFO batch:31
   HighMem zone: 329472 pages, LIFO batch:31
-PERCPU: Embedded 9 pages/cpu @ee7a2000 s7936 r8192 d20736 u36864
-pcpu-alloc: s7936 r8192 d20736 u36864 alloc=9*4096
+PERCPU: Embedded 11 pages/cpu @ee79a000 s12480 r8192 d24384 u45056
+pcpu-alloc: s12480 r8192 d24384 u45056 alloc=11*4096
 pcpu-alloc: [0] 0 [0] 1 [0] 2 [0] 3 
 Built 1 zonelists in Zone order, mobility grouping on.  Total pages: 522512
 Kernel command line: ignore_loglevel console=ttyS0,115200n8 rw root=/dev/mmcblk0p1 rootwait gpt debug init=/bin/bash noinitrd
 PID hash table entries: 4096 (order: 2, 16384 bytes)
 Dentry cache hash table entries: 131072 (order: 7, 524288 bytes)
 Inode-cache hash table entries: 65536 (order: 6, 262144 bytes)
-Memory: 2000432K/2096128K available (7477K kernel code, 956K rwdata, 3052K rodata, 764K init, 306K bss, 30160K reserved, 65536K cma-reserved, 1252352K highmem)
+Memory: 2000172K/2096128K available (7602K kernel code, 922K rwdata, 3168K rodata, 780K init, 307K bss, 30420K reserved, 65536K cma-reserved, 1252352K highmem)
 Virtual kernel memory layout:
     vector  : 0xffff0000 - 0xffff1000   (   4 kB)
     fixmap  : 0xffc00000 - 0xfff00000   (3072 kB)
@@ -90,12 +90,13 @@
     lowmem  : 0xc0000000 - 0xef800000   ( 760 MB)
     pkmap   : 0xbfe00000 - 0xc0000000   (   2 MB)
     modules : 0xbf000000 - 0xbfe00000   (  14 MB)
-      .text : 0xc0208000 - 0xc0c5090c   (10531 kB)
-      .init : 0xc0c51000 - 0xc0d10000   ( 764 kB)
-      .data : 0xc0d10000 - 0xc0dff200   ( 957 kB)
-       .bss : 0xc0dff200 - 0xc0e4bb28   ( 307 kB)
+      .text : 0xc0208000 - 0xc0c8cb18   (10771 kB)
+      .init : 0xc0c8d000 - 0xc0d50000   ( 780 kB)
+      .data : 0xc0d50000 - 0xc0e36a20   ( 923 kB)
+       .bss : 0xc0e36a20 - 0xc0e838e8   ( 308 kB)
 SLUB: HWalign=64, Order=0-3, MinObjects=0, CPUs=4, Nodes=1
 Hierarchical RCU implementation.
+	Additional per-CPU info printed with stalls.
 	RCU restricting CPUs from NR_CPUS=8 to nr_cpu_ids=4.
 RCU: Adjusting geometry for rcu_fanout_leaf=16, nr_cpu_ids=4
 NR_IRQS:16 nr_irqs:16 16
@@ -116,7 +117,7 @@
 /cpus/cpu@2 missing clock-frequency property
 /cpus/cpu@3 missing clock-frequency property
 CPU0: thread -1, cpu 0, socket 0, mpidr 80000000
-Setting up static identity map for 0x80911c60 - 0x80911cf8
+Setting up static identity map for 0x8092fc90 - 0x8092fd28
 Tegra Revision: A01 SKU: 129 CPU Process: 1 Core Process: 1
 CPU1: thread -1, cpu 1, socket 0, mpidr 80000001
 CPU2: thread -1, cpu 2, socket 0, mpidr 80000002
@@ -201,6 +202,7 @@
 tegra-pcie 1003000.pcie-controller: Failed to get supply 'avddio-pex': -517
 platform 1003000.pcie-controller: Driver tegra-pcie requests probe deferral
 tegra-apbdma 60020000.dma: Tegra20 APB DMA driver register 32 channels
+tegra-pmc 7000e400.pmc: emergency thermal reset enabled
 Serial: 8250/16550 driver, 4 ports, IRQ sharing disabled
 msm_serial: driver initialized
 console [ttyS0] disabled
@@ -288,7 +290,7 @@
 usbcore: registered new interface driver usbhid
 usbhid: USB HID core driver
 usbcore: registered new interface driver snd-usb-audio
-mmc0: BKOPS_EN bit is not set
+mmc0: MAN_BKOPS_EN bit is not set
 mmc0: new high speed MMC card at address 0001
 mmcblk0: mmc0:0001 SEM16G 14.6 GiB 
 mmcblk0boot0: mmc0:0001 SEM16G partition 1 4.00 MiB
@@ -342,8 +344,8 @@
 +1.8V_RUN_VPP_FUSE: supplied by +3.3V_RUN
 tegra-ahci 70027000.sata: AHCI 0001.0301 32 slots 2 ports 3 Gbps 0x1 impl platform mode
 tegra-ahci 70027000.sata: flags: 64bit ncq sntf pm led pio slum part sadm sds apst 
-scsi host0: ahci_platform
-scsi host1: ahci_platform
+scsi host0: tegra-ahci
+scsi host1: tegra-ahci
 ata1: SATA max UDMA/133 mmio [mem 0x70027000-0x70028fff] port 0x100 irq 340
 ata2: DUMMY
 tegra-ehci 7d004000.usb: EHCI Host Controller
@@ -382,11 +384,11 @@
 PCI: bus0: Fast back to back transfers enabled
 [drm] Supports vblank timestamp caching Rev 2 (21.10.2013).
 [drm] No driver support for vblank timestamp query.
-host1x drm: No connectors reported connected with modes
+drm drm: No connectors reported connected with modes
 [drm] Cannot find any crtc or sizes - going 1024x768
 Console: switching to colour frame buffer device 128x48
-host1x drm: fb0:  frame buffer device
-host1x drm: registered panic notifier
+drm drm: fb0:  frame buffer device
+drm drm: registered panic notifier
 [drm] Initialized tegra 0.0.0 20120330 on minor 0
 tegra-ehci 7d008000.usb: EHCI Host Controller
 tegra-ehci 7d008000.usb: new USB bus registered, assigned bus number 2
@@ -395,8 +397,7 @@
 hub 2-0:1.0: USB hub found
 hub 2-0:1.0: 1 port detected
 input: gpio-keys as /devices/soc0/gpio-keys/input/input1
-as3722-rtc as3722-rtc: setting system clock to 2000-02-01 00:00:52 UTC (949363252)
-+1.05V_RUN_AVDD_HDMI_PLL: disabling
+as3722-rtc as3722-rtc: setting system clock to 2000-02-01 00:00:17 UTC (949363217)
 +1.8V_RUN_VPP_FUSE: disabling
 +2.8V_RUN_CAM_AF: disabling
 +3.3V_RUN_TOUCH: disabling
@@ -405,7 +406,6 @@
 +2.8V_RUN_CAM: disabling
 +1.8V_RUN_CAM: disabling
 +USB0_VBUS_SW: disabling
-+3.3V_AVDD_HDMI_AP_GATED: disabling
 ALSA device list:
   #0: NVIDIA Tegra Jetson TK1
 EXT4-fs (mmcblk0p1): couldn't mount as ext3 due to feature incompatibilities
@@ -414,7 +414,7 @@
 EXT4-fs (mmcblk0p1): mounted filesystem with ordered data mode. Opts: (null)
 VFS: Mounted root (ext4 filesystem) on device 179:1.
 devtmpfs: mounted
-Freeing unused kernel memory: 764K (c0c51000 - c0d10000)
+Freeing unused kernel memory: 780K (c0c8d000 - c0d50000)
 bash: cannot set terminal process group (-1): Inappropriate ioctl for device
 bash: no job control in this shell
-root@(none):/# [    5.684867] usb 2-1: new high-speed USB device number 2 using tegra-ehci
+root@(none):/# [    5.664648] usb 2-1: new high-speed USB device number 2 using tegra-ehci
Diff for ./tegra124-jetson-tk1/tegra124-jetson-tk1/tegra_defconfig_log.txt
--- /tmp/fooa	2015-02-27 01:26:17.470941850 -0800
+++ /tmp/foob	2015-02-27 01:26:17.474941849 -0800
@@ -38,24 +38,24 @@
 	 #################################################################
 	 #################################################################
 	 #################################################################
-	 #
-	 3.4 MiB/s
+	 ####
+	 3.2 MiB/s
 done
-Bytes transferred = 4780160 (48f080 hex)
+Bytes transferred = 4825408 (49a140 hex)
 Tegra124 (Jetson TK1) # tftpboot 0x82000000 tegra124-jetson-tk1.dtb
 Using asx0 device
 TFTP from server 192.168.100.1; our IP address is 192.168.100.102
 Filename 'tegra124-jetson-tk1.dtb'.
 Load address: 0x82000000
 Loading: *####
-	 2.6 MiB/s
+	 2.5 MiB/s
 done
-Bytes transferred = 48898 (bf02 hex)
+Bytes transferred = 49059 (bfa3 hex)
 Tegra124 (Jetson TK1) # bootz 0x81000000 - 0x82000000
-Kernel image @ 0x81000000 [ 0x000000 - 0x48f080 ]
+Kernel image @ 0x81000000 [ 0x000000 - 0x49a140 ]
 ## Flattened Device Tree blob at 82000000
    Booting using the fdt blob at 0x82000000
-   Using Device Tree in place at 82000000, end 8200ef01
+   Using Device Tree in place at 82000000, end 8200efa2
 
 Starting kernel ...
 
@@ -63,7 +63,7 @@
 Booting Linux on physical CPU 0x0
 Initializing cgroup subsys cpu
 Initializing cgroup subsys cpuacct
-Linux version 3.19.0-119119-gbfa76d49 (pwalmsley@kaivo) (gcc version 4.7.3 20130328 (prerelease) (crosstool-NG linaro-1.13.1-4.7-2013.04-20130415 - Linaro GCC 2013.04) ) #1 SMP PREEMPT Sun Feb 8 19:33:55 PST 2015
+Linux version 4.0.0-rc1-128710-gc517d83 (pwalmsley@kaivo) (gcc version 4.7.3 20130328 (prerelease) (crosstool-NG linaro-1.13.1-4.7-2013.04-20130415 - Linaro GCC 2013.04) ) #1 SMP PREEMPT Fri Feb 27 01:15:40 PST 2015
 CPU: ARMv7 Processor [413fc0f3] revision 3 (ARMv7), cr=10c5387d
 CPU: PIPT / VIPT nonaliasing data cache, PIPT instruction cache
 Machine model: NVIDIA Tegra124 Jetson TK1
@@ -71,20 +71,20 @@
 cma: Reserved 64 MiB at 0xfbc00000
 Memory policy: Data cache writealloc
 On node 0 totalpages: 524032
-free_area_init_node: node 0, pgdat c092e880, node_mem_map ee7f7000
+free_area_init_node: node 0, pgdat c0943c80, node_mem_map ee7f7000
   Normal zone: 1520 pages used for memmap
   Normal zone: 0 pages reserved
   Normal zone: 194560 pages, LIFO batch:31
   HighMem zone: 329472 pages, LIFO batch:31
-PERCPU: Embedded 10 pages/cpu @ee79d000 s8320 r8192 d24448 u40960
-pcpu-alloc: s8320 r8192 d24448 u40960 alloc=10*4096
+PERCPU: Embedded 11 pages/cpu @ee799000 s12672 r8192 d24192 u45056
+pcpu-alloc: s12672 r8192 d24192 u45056 alloc=11*4096
 pcpu-alloc: [0] 0 [0] 1 [0] 2 [0] 3 
 Built 1 zonelists in Zone order, mobility grouping on.  Total pages: 522512
 Kernel command line: ignore_loglevel console=ttyS0,115200n8 rw root=/dev/mmcblk0p1 rootwait gpt debug init=/bin/bash noinitrd
 PID hash table entries: 4096 (order: 2, 16384 bytes)
 Dentry cache hash table entries: 131072 (order: 7, 524288 bytes)
 Inode-cache hash table entries: 65536 (order: 6, 262144 bytes)
-Memory: 2003244K/2096128K available (6543K kernel code, 344K rwdata, 2180K rodata, 304K init, 350K bss, 27348K reserved, 65536K cma-reserved, 1252352K highmem)
+Memory: 2003136K/2096128K available (6609K kernel code, 317K rwdata, 2228K rodata, 304K init, 351K bss, 27456K reserved, 65536K cma-reserved, 1252352K highmem)
 Virtual kernel memory layout:
     vector  : 0xffff0000 - 0xffff1000   (   4 kB)
     fixmap  : 0xffc00000 - 0xfff00000   (3072 kB)
@@ -92,11 +92,12 @@
     lowmem  : 0xc0000000 - 0xef800000   ( 760 MB)
     pkmap   : 0xbfe00000 - 0xc0000000   (   2 MB)
     modules : 0xbf000000 - 0xbfe00000   (  14 MB)
-      .text : 0xc0008000 - 0xc088d114   (8725 kB)
-      .init : 0xc088e000 - 0xc08da000   ( 304 kB)
-      .data : 0xc08da000 - 0xc09303a0   ( 345 kB)
-       .bss : 0xc09303a0 - 0xc0987ce0   ( 351 kB)
+      .text : 0xc0008000 - 0xc08a9bf8   (8839 kB)
+      .init : 0xc08aa000 - 0xc08f6000   ( 304 kB)
+      .data : 0xc08f6000 - 0xc09457a0   ( 318 kB)
+       .bss : 0xc09457a0 - 0xc099d3b0   ( 352 kB)
 Preemptible hierarchical RCU implementation.
+	Additional per-CPU info printed with stalls.
 NR_IRQS:16 nr_irqs:16 16
 L2C: failed to init: -19
 sched_clock: 32 bits at 1000kHz, resolution 1000ns, wraps every 2147483648000ns
@@ -117,7 +118,7 @@
 /cpus/cpu@2 missing clock-frequency property
 /cpus/cpu@3 missing clock-frequency property
 CPU0: thread -1, cpu 0, socket 0, mpidr 80000000
-Setting up static identity map for 0x80633c78 - 0x80633d10
+Setting up static identity map for 0x80643760 - 0x806437f8
 Tegra Revision: A01 SKU: 129 CPU Process: 1 Core Process: 1
 CPU1: thread -1, cpu 1, socket 0, mpidr 80000001
 CPU2: thread -1, cpu 2, socket 0, mpidr 80000002
@@ -200,6 +201,7 @@
 tegra-pcie 1003000.pcie-controller: Failed to get supply 'avddio-pex': -517
 platform 1003000.pcie-controller: Driver tegra-pcie requests probe deferral
 tegra-apbdma 60020000.dma: Tegra20 APB DMA driver register 32 channels
+tegra-pmc 7000e400.pmc: emergency thermal reset enabled
 Serial: 8250/16550 driver, 4 ports, IRQ sharing disabled
 console [ttyS0] disabled
 70006300.serial: ttyS0 at MMIO 0x70006300 (irq = 330, base_baud = 25500000) is a Tegra
@@ -273,7 +275,7 @@
 mmc0: SDHCI controller on 700b0600.sdhci [700b0600.sdhci] using ADMA 64-bit
 usbcore: registered new interface driver usbhid
 usbhid: USB HID core driver
-mmc0: BKOPS_EN bit is not set
+mmc0: MAN_BKOPS_EN bit is not set
 mmc0: new high speed MMC card at address 0001
 mmcblk0: mmc0:0001 SEM16G 14.6 GiB 
 mmcblk0boot0: mmc0:0001 SEM16G partition 1 4.00 MiB
@@ -335,8 +337,8 @@
 +1.8V_RUN_VPP_FUSE: supplied by +3.3V_RUN
 tegra-ahci 70027000.sata: AHCI 0001.0301 32 slots 2 ports 3 Gbps 0x1 impl platform mode
 tegra-ahci 70027000.sata: flags: 64bit ncq sntf pm led pio slum part sadm sds apst 
-scsi host0: ahci_platform
-scsi host1: ahci_platform
+scsi host0: tegra-ahci
+scsi host1: tegra-ahci
 ata1: SATA max UDMA/133 mmio [mem 0x70027000-0x70028fff] port 0x100 irq 340
 ata2: DUMMY
 tegra-ehci 7d004000.usb: EHCI Host Controller
@@ -375,11 +377,11 @@
 PCI: bus0: Fast back to back transfers enabled
 [drm] Supports vblank timestamp caching Rev 2 (21.10.2013).
 [drm] No driver support for vblank timestamp query.
-host1x drm: No connectors reported connected with modes
+drm drm: No connectors reported connected with modes
 [drm] Cannot find any crtc or sizes - going 1024x768
 Console: switching to colour frame buffer device 128x48
-host1x drm: fb0:  frame buffer device
-host1x drm: registered panic notifier
+drm drm: fb0:  frame buffer device
+drm drm: registered panic notifier
 [drm] Initialized tegra 0.0.0 20120330 on minor 0
 tegra-ehci 7d008000.usb: EHCI Host Controller
 tegra-ehci 7d008000.usb: new USB bus registered, assigned bus number 2
@@ -388,8 +390,7 @@
 hub 2-0:1.0: USB hub found
 hub 2-0:1.0: 1 port detected
 input: gpio-keys as /devices/soc0/gpio-keys/input/input1
-as3722-rtc as3722-rtc: setting system clock to 2000-02-01 00:00:17 UTC (949363217)
-+1.05V_RUN_AVDD_HDMI_PLL: disabling
+as3722-rtc as3722-rtc: setting system clock to 2000-02-01 00:00:18 UTC (949363218)
 +1.8V_RUN_VPP_FUSE: disabling
 +2.8V_RUN_CAM_AF: disabling
 +3.3V_RUN_TOUCH: disabling
@@ -398,7 +399,6 @@
 +2.8V_RUN_CAM: disabling
 +1.8V_RUN_CAM: disabling
 +USB0_VBUS_SW: disabling
-+3.3V_AVDD_HDMI_AP_GATED: disabling
 ALSA device list:
   #0: NVIDIA Tegra Jetson TK1
 EXT3-fs (mmcblk0p1): error: couldn't mount because of unsupported optional features (240)
@@ -407,8 +407,7 @@
 EXT4-fs (mmcblk0p1): mounted filesystem with ordered data mode. Opts: (null)
 VFS: Mounted root (ext4 filesystem) on device 179:1.
 devtmpfs: mounted
-Freeing unused kernel memory: 304K (c088e000 - c08da000)
+Freeing unused kernel memory: 304K (c08aa000 - c08f6000)
 bash: cannot set terminal process group (-1): Inappropriate ioctl for device
 bash: no job control in this shell
-usb 2-1: new high-speed USB device number 2 using tegra-ehci
-root@(none):/# 
\ No newline at end of file
+root@(none):/# [    5.832337] usb 2-1: new high-speed USB device number 2 using tegra-ehci
Diff for ./tegra30-beaver/tegra30-beaver/multi_v7_defconfig_log.txt
--- /tmp/fooa	2015-02-27 01:26:17.482941847 -0800
+++ /tmp/foob	2015-02-27 01:26:17.482941847 -0800
@@ -37,21 +37,21 @@
 	 #################################################################
 	 #################################################################
 	 #################################################################
-	 ##
-	 3.3 MiB/s
+	 #########
+	 3.2 MiB/s
 done
-Bytes transferred = 5748656 (57b7b0 hex)
+Bytes transferred = 5843040 (592860 hex)
 Tegra30 (Beaver) # tftpboot 0x82000000 tegra30-beaver.dtb
 Using asx0 device
 TFTP from server 192.168.100.1; our IP address is 192.168.100.101
 Filename 'tegra30-beaver.dtb'.
 Load address: 0x82000000
 Loading: *##
-	 2.6 MiB/s
+	 2.9 MiB/s
 done
 Bytes transferred = 24641 (6041 hex)
 Tegra30 (Beaver) # bootz 0x81000000 - 0x82000000
-Kernel image @ 0x81000000 [ 0x000000 - 0x57b7b0 ]
+Kernel image @ 0x81000000 [ 0x000000 - 0x592860 ]
 ## Flattened Device Tree blob at 82000000
    Booting using the fdt blob at 0x82000000
    Loading Device Tree to 8fff6000, end 8ffff040 ... OK
@@ -59,7 +59,7 @@
 Starting kernel ...
 
 Booting Linux on physical CPU 0x0
-Linux version 3.19.0-13903-gbfa76d49 (pwalmsley@tamien) (gcc version 4.7.3 20130328 (prerelease) (crosstool-NG linaro-1.13.1-4.7-2013.04-20130415 - Linaro GCC 2013.04) ) #1 SMP Sun Feb 8 19:34:43 PST 2015
+Linux version 4.0.0-rc1-23494-gc517d83 (pwalmsley@tamien) (gcc version 4.7.3 20130328 (prerelease) (crosstool-NG linaro-1.13.1-4.7-2013.04-20130415 - Linaro GCC 2013.04) ) #1 SMP Fri Feb 27 01:17:16 PST 2015
 CPU: ARMv7 Processor [412fc099] revision 9 (ARMv7), cr=10c5387d
 CPU: PIPT / VIPT nonaliasing data cache, VIPT aliasing instruction cache
 Machine model: NVIDIA Tegra30 Beaver evaluation board
@@ -67,20 +67,20 @@
 cma: Reserved 64 MiB at 0xfb800000
 Memory policy: Data cache writealloc
 On node 0 totalpages: 524032
-free_area_init_node: node 0, pgdat c0dfd300, node_mem_map ee7f8000
+free_area_init_node: node 0, pgdat c0e34ac0, node_mem_map ee7f8000
   DMA zone: 1520 pages used for memmap
   DMA zone: 0 pages reserved
   DMA zone: 194560 pages, LIFO batch:31
   HighMem zone: 329472 pages, LIFO batch:31
-PERCPU: Embedded 9 pages/cpu @ee7b9000 s7936 r8192 d20736 u36864
-pcpu-alloc: s7936 r8192 d20736 u36864 alloc=9*4096
+PERCPU: Embedded 11 pages/cpu @ee7b1000 s12480 r8192 d24384 u45056
+pcpu-alloc: s12480 r8192 d24384 u45056 alloc=11*4096
 pcpu-alloc: [0] 0 [0] 1 [0] 2 [0] 3 
 Built 1 zonelists in Zone order, mobility grouping on.  Total pages: 522512
 Kernel command line: ignore_loglevel console=ttyS0,115200n8 rw root=/dev/mmcblk0p1 rootwait gpt debug init=/bin/bash noinitrd
 PID hash table entries: 4096 (order: 2, 16384 bytes)
 Dentry cache hash table entries: 131072 (order: 7, 524288 bytes)
 Inode-cache hash table entries: 65536 (order: 6, 262144 bytes)
-Memory: 2000544K/2096128K available (7477K kernel code, 956K rwdata, 3052K rodata, 764K init, 306K bss, 30048K reserved, 65536K cma-reserved, 1252352K highmem)
+Memory: 2000288K/2096128K available (7602K kernel code, 922K rwdata, 3168K rodata, 780K init, 307K bss, 30304K reserved, 65536K cma-reserved, 1252352K highmem)
 Virtual kernel memory layout:
     vector  : 0xffff0000 - 0xffff1000   (   4 kB)
     fixmap  : 0xffc00000 - 0xfff00000   (3072 kB)
@@ -88,12 +88,13 @@
     lowmem  : 0xc0000000 - 0xef800000   ( 760 MB)
     pkmap   : 0xbfe00000 - 0xc0000000   (   2 MB)
     modules : 0xbf000000 - 0xbfe00000   (  14 MB)
-      .text : 0xc0208000 - 0xc0c5090c   (10531 kB)
-      .init : 0xc0c51000 - 0xc0d10000   ( 764 kB)
-      .data : 0xc0d10000 - 0xc0dff200   ( 957 kB)
-       .bss : 0xc0dff200 - 0xc0e4bb28   ( 307 kB)
+      .text : 0xc0208000 - 0xc0c8cb18   (10771 kB)
+      .init : 0xc0c8d000 - 0xc0d50000   ( 780 kB)
+      .data : 0xc0d50000 - 0xc0e36a20   ( 923 kB)
+       .bss : 0xc0e36a20 - 0xc0e838e8   ( 308 kB)
 SLUB: HWalign=64, Order=0-3, MinObjects=0, CPUs=4, Nodes=1
 Hierarchical RCU implementation.
+	Additional per-CPU info printed with stalls.
 	RCU restricting CPUs from NR_CPUS=8 to nr_cpu_ids=4.
 RCU: Adjusting geometry for rcu_fanout_leaf=16, nr_cpu_ids=4
 NR_IRQS:16 nr_irqs:16 16
@@ -115,7 +116,7 @@
 Mountpoint-cache hash table entries: 2048 (order: 1, 8192 bytes)
 CPU: Testing write buffer coherency: ok
 CPU0: thread -1, cpu 0, socket 0, mpidr 80000000
-Setting up static identity map for 0x80911c60 - 0x80911cf8
+Setting up static identity map for 0x8092fc90 - 0x8092fd28
 Tegra Revision: A03 SKU: 128 CPU Process: 4 Core Process: 0
 CPU1: thread -1, cpu 1, socket 0, mpidr 80000001
 CPU2: thread -1, cpu 2, socket 0, mpidr 80000002
@@ -206,6 +207,7 @@
 tegra-pcie 3000.pcie-controller: Failed to get supply 'hvdd-pex': -517
 platform 3000.pcie-controller: Driver tegra-pcie requests probe deferral
 tegra-apbdma 6000a000.dma: Tegra20 APB DMA driver register 32 channels
+tegra-pmc 7000e400.pmc: i2c-thermtrip node not found, emergency thermal reset disabled.
 Serial: 8250/16550 driver, 4 ports, IRQ sharing disabled
 msm_serial: driver initialized
 console [ttyS0] disabled
@@ -338,20 +340,21 @@
 pci 0000:00:01.0:   bridge window [io  0x1000-0x1fff]
 pci 0000:00:01.0:   bridge window [mem 0x28000000-0x280fffff 64bit pref]
 pci 0000:00:01.0: nv_msi_ht_cap_quirk didn't locate host bridge
+pcieport 0000:00:01.0: enabling device (0140 -> 0143)
 pcieport 0000:00:01.0: Signaling PME through PCIe PME interrupt
 pci 0000:01:00.0: Signaling PME through PCIe PME interrupt
 pcie_pme 0000:00:01.0:pcie01: service driver pcie_pme loaded
 r8169 Gigabit Ethernet driver 2.3LK-NAPI loaded
 r8169 0000:01:00.0: enabling device (0140 -> 0143)
-r8169 0000:01:00.0 eth0: RTL8168evl/8111evl at 0xf0146000, 02:04:4b:01:60:a6, XID 0c900800 IRQ 375
+r8169 0000:01:00.0 eth0: RTL8168evl/8111evl at 0xf00e8000, 02:04:4b:01:60:a6, XID 0c900800 IRQ 375
 r8169 0000:01:00.0 eth0: jumbo features [frames: 9200 bytes, tx checksumming: ko]
 [drm] Supports vblank timestamp caching Rev 2 (21.10.2013).
 [drm] No driver support for vblank timestamp query.
-host1x drm: No connectors reported connected with modes
+drm drm: No connectors reported connected with modes
 [drm] Cannot find any crtc or sizes - going 1024x768
 Console: switching to colour frame buffer device 128x48
-host1x drm: fb0:  frame buffer device
-host1x drm: registered panic notifier
+drm drm: fb0:  frame buffer device
+drm drm: registered panic notifier
 [drm] Initialized tegra 0.0.0 20120330 on minor 0
 platform 7d004000.usb: Driver tegra-ehci requests probe deferral
 platform 7d008000.usb: Driver tegra-ehci requests probe deferral
@@ -379,7 +382,8 @@
 EXT4-fs (mmcblk0p1): mounted filesystem with ordered data mode. Opts: (null)
 VFS: Mounted root (ext3 filesystem) on device 179:1.
 devtmpfs: mounted
-Freeing unused kernel memory: 764K (c0c51000 - c0d10000)
+Freeing unused kernel memory: 780K (c0c8d000 - c0d50000)
 bash: cannot set terminal process group (-1): Inappropriate ioctl for device
 bash: no job control in this shell
-root@(none):/# 
\ No newline at end of file
+root@(none):/# [    4.193115] usb 2-1: new high-speed USB device number 2 using tegra-ehci
+[    5.
\ No newline at end of file
Diff for ./tegra30-beaver/tegra30-beaver/tegra_defconfig_log.txt
--- /tmp/fooa	2015-02-27 01:26:17.494941844 -0800
+++ /tmp/foob	2015-02-27 01:26:17.494941844 -0800
@@ -36,10 +36,10 @@
 	 #################################################################
 	 #################################################################
 	 #################################################################
-	 #
+	 ####
 	 3.3 MiB/s
 done
-Bytes transferred = 4780160 (48f080 hex)
+Bytes transferred = 4825408 (49a140 hex)
 Tegra30 (Beaver) # tftpboot 0x82000000 tegra30-beaver.dtb
 Using asx0 device
 TFTP from server 192.168.100.1; our IP address is 192.168.100.101
@@ -50,7 +50,7 @@
 done
 Bytes transferred = 24641 (6041 hex)
 Tegra30 (Beaver) # bootz 0x81000000 - 0x82000000
-Kernel image @ 0x81000000 [ 0x000000 - 0x48f080 ]
+Kernel image @ 0x81000000 [ 0x000000 - 0x49a140 ]
 ## Flattened Device Tree blob at 82000000
    Booting using the fdt blob at 0x82000000
    Loading Device Tree to 8fff6000, end 8ffff040 ... OK
@@ -61,7 +61,7 @@
 Booting Linux on physical CPU 0x0
 Initializing cgroup subsys cpu
 Initializing cgroup subsys cpuacct
-Linux version 3.19.0-119119-gbfa76d49 (pwalmsley@kaivo) (gcc version 4.7.3 20130328 (prerelease) (crosstool-NG linaro-1.13.1-4.7-2013.04-20130415 - Linaro GCC 2013.04) ) #1 SMP PREEMPT Sun Feb 8 19:33:55 PST 2015
+Linux version 4.0.0-rc1-128710-gc517d83 (pwalmsley@kaivo) (gcc version 4.7.3 20130328 (prerelease) (crosstool-NG linaro-1.13.1-4.7-2013.04-20130415 - Linaro GCC 2013.04) ) #1 SMP PREEMPT Fri Feb 27 01:15:40 PST 2015
 CPU: ARMv7 Processor [412fc099] revision 9 (ARMv7), cr=10c5387d
 CPU: PIPT / VIPT nonaliasing data cache, VIPT aliasing instruction cache
 Machine model: NVIDIA Tegra30 Beaver evaluation board
@@ -69,20 +69,20 @@
 cma: Reserved 64 MiB at 0xfbc00000
 Memory policy: Data cache writealloc
 On node 0 totalpages: 524032
-free_area_init_node: node 0, pgdat c092e880, node_mem_map ee7f7000
+free_area_init_node: node 0, pgdat c0943c80, node_mem_map ee7f7000
   Normal zone: 1520 pages used for memmap
   Normal zone: 0 pages reserved
   Normal zone: 194560 pages, LIFO batch:31
   HighMem zone: 329472 pages, LIFO batch:31
-PERCPU: Embedded 10 pages/cpu @ee7b4000 s8320 r8192 d24448 u40960
-pcpu-alloc: s8320 r8192 d24448 u40960 alloc=10*4096
+PERCPU: Embedded 11 pages/cpu @ee7b0000 s12672 r8192 d24192 u45056
+pcpu-alloc: s12672 r8192 d24192 u45056 alloc=11*4096
 pcpu-alloc: [0] 0 [0] 1 [0] 2 [0] 3 
 Built 1 zonelists in Zone order, mobility grouping on.  Total pages: 522512
 Kernel command line: ignore_loglevel console=ttyS0,115200n8 rw root=/dev/mmcblk0p1 rootwait gpt debug init=/bin/bash noinitrd
 PID hash table entries: 4096 (order: 2, 16384 bytes)
 Dentry cache hash table entries: 131072 (order: 7, 524288 bytes)
 Inode-cache hash table entries: 65536 (order: 6, 262144 bytes)
-Memory: 2003356K/2096128K available (6543K kernel code, 344K rwdata, 2180K rodata, 304K init, 350K bss, 27236K reserved, 65536K cma-reserved, 1252352K highmem)
+Memory: 2003252K/2096128K available (6609K kernel code, 317K rwdata, 2228K rodata, 304K init, 351K bss, 27340K reserved, 65536K cma-reserved, 1252352K highmem)
 Virtual kernel memory layout:
     vector  : 0xffff0000 - 0xffff1000   (   4 kB)
     fixmap  : 0xffc00000 - 0xfff00000   (3072 kB)
@@ -90,11 +90,12 @@
     lowmem  : 0xc0000000 - 0xef800000   ( 760 MB)
     pkmap   : 0xbfe00000 - 0xc0000000   (   2 MB)
     modules : 0xbf000000 - 0xbfe00000   (  14 MB)
-      .text : 0xc0008000 - 0xc088d114   (8725 kB)
-      .init : 0xc088e000 - 0xc08da000   ( 304 kB)
-      .data : 0xc08da000 - 0xc09303a0   ( 345 kB)
-       .bss : 0xc09303a0 - 0xc0987ce0   ( 351 kB)
+      .text : 0xc0008000 - 0xc08a9bf8   (8839 kB)
+      .init : 0xc08aa000 - 0xc08f6000   ( 304 kB)
+      .data : 0xc08f6000 - 0xc09457a0   ( 318 kB)
+       .bss : 0xc09457a0 - 0xc099d3b0   ( 352 kB)
 Preemptible hierarchical RCU implementation.
+	Additional per-CPU info printed with stalls.
 NR_IRQS:16 nr_irqs:16 16
 L2C: platform modifies aux control register: 0x02080000 -> 0x3e480001
 L2C: DT/platform modifies aux control register: 0x02080000 -> 0x3e480001
@@ -116,7 +117,7 @@
 Initializing cgroup subsys debug
 CPU: Testing write buffer coherency: ok
 CPU0: thread -1, cpu 0, socket 0, mpidr 80000000
-Setting up static identity map for 0x80633c78 - 0x80633d10
+Setting up static identity map for 0x80643760 - 0x806437f8
 Tegra Revision: A03 SKU: 128 CPU Process: 4 Core Process: 0
 CPU1: thread -1, cpu 1, socket 0, mpidr 80000001
 CPU2: thread -1, cpu 2, socket 0, mpidr 80000002
@@ -205,6 +206,7 @@
 tegra-pcie 3000.pcie-controller: Failed to get supply 'hvdd-pex': -517
 platform 3000.pcie-controller: Driver tegra-pcie requests probe deferral
 tegra-apbdma 6000a000.dma: Tegra20 APB DMA driver register 32 channels
+tegra-pmc 7000e400.pmc: i2c-thermtrip node not found, emergency thermal reset disabled.
 Serial: 8250/16550 driver, 4 ports, IRQ sharing disabled
 console [ttyS0] disabled
 70006000.serial: ttyS0 at MMIO 0x70006000 (irq = 331, base_baud = 25500000) is a Tegra
@@ -331,20 +333,21 @@
 pci 0000:00:01.0:   bridge window [io  0x1000-0x1fff]
 pci 0000:00:01.0:   bridge window [mem 0x28000000-0x280fffff 64bit pref]
 pci 0000:00:01.0: nv_msi_ht_cap_quirk didn't locate host bridge
+pcieport 0000:00:01.0: enabling device (0140 -> 0143)
 pcieport 0000:00:01.0: Signaling PME through PCIe PME interrupt
 pci 0000:01:00.0: Signaling PME through PCIe PME interrupt
 pcie_pme 0000:00:01.0:pcie01: service driver pcie_pme loaded
 r8169 Gigabit Ethernet driver 2.3LK-NAPI loaded
 r8169 0000:01:00.0: enabling device (0140 -> 0143)
-r8169 0000:01:00.0 eth0: RTL8168evl/8111evl at 0xf00d2000, 02:04:4b:01:60:a6, XID 0c900800 IRQ 375
+r8169 0000:01:00.0 eth0: RTL8168evl/8111evl at 0xf00b6000, 02:04:4b:01:60:a6, XID 0c900800 IRQ 375
 r8169 0000:01:00.0 eth0: jumbo features [frames: 9200 bytes, tx checksumming: ko]
 [drm] Supports vblank timestamp caching Rev 2 (21.10.2013).
 [drm] No driver support for vblank timestamp query.
-host1x drm: No connectors reported connected with modes
+drm drm: No connectors reported connected with modes
 [drm] Cannot find any crtc or sizes - going 1024x768
 Console: switching to colour frame buffer device 128x48
-host1x drm: fb0:  frame buffer device
-host1x drm: registered panic notifier
+drm drm: fb0:  frame buffer device
+drm drm: registered panic notifier
 [drm] Initialized tegra 0.0.0 20120330 on minor 0
 platform 7d004000.usb: Driver tegra-ehci requests probe deferral
 platform 7d008000.usb: Driver tegra-ehci requests probe deferral
@@ -366,14 +369,14 @@
 vdd_sata,avdd_plle: disabling
 ALSA device list:
   #0: NVIDIA Tegra Beaver
-kjournald starting.  Commit interval 5 seconds
 EXT3-fs (mmcblk0p1): warning: mounting fs with errors, running e2fsck is recommended
+kjournald starting.  Commit interval 5 seconds
 EXT3-fs (mmcblk0p1): using internal journal
 EXT3-fs (mmcblk0p1): recovery complete
 EXT3-fs (mmcblk0p1): mounted filesystem with writeback data mode
 VFS: Mounted root (ext3 filesystem) on device 179:1.
 devtmpfs: mounted
-Freeing unused kernel memory: 304K (c088e000 - c08da000)
+Freeing unused kernel memory: 304K (c08aa000 - c08f6000)
 bash: cannot set terminal process group (-1): Inappropriate ioctl for device
 bash: no job control in this shell
-root@(none):/# [    4.436820] usb 2-1: new high-speed USB device number 2 using tegra-ehci
+root@(none):/# [    4.446052] usb 2-1: new high-speed USB device number 2 using tegra-ehci
