
U-Boot SPL 2014.01-00219-gc4d376f (Feb 18 2014 - 19:57:32)


U-Boot 2014.01-00219-gc4d376f (Feb 18 2014 - 19:57:32)

TEGRA114
Board: NVIDIA Dalmore
I2C:   ready
DRAM:  2 GiB
MMC:   Tegra SD/MMC: 0, Tegra SD/MMC: 1
In:    serial
Out:   serial
Err:   serial
Net:   Net Initialization Skipped
No ethernet found.
Hit any key to stop autoboot:  2  0 
Tegra114 (Dalmore) # 
Tegra114 (Dalmore) # usb reset
(Re)start USB...
USB0:   USB EHCI 1.10
scanning bus 0 for devices... 2 USB Device(s) found
       scanning usb for storage devices... 0 Storage Device(s) found
       scanning usb for ethernet devices... 
Warning: asx0 using MAC address from net device
1 Ethernet Device(s) found
Tegra114 (Dalmore) # setenv bootargs 'ignore_loglevel console=ttyS0,115200n8 rw root=PARTUUID=7369c667-ff51-ec4a-29cd-baabf2fbe346 rootwait gpt debug earlyprintk init=/bin/bash'
Tegra114 (Dalmore) # setenv ipaddr 192.168.100.100; setenv serverip 192.168.100.1; setenv tftpserverip 192.168.100.1
Tegra114 (Dalmore) # tftpboot 0x81000000 zImage.tegra_defconfig
Using asx0 device
TFTP from server 192.168.100.1; our IP address is 192.168.100.100
Filename 'zImage.tegra_defconfig'.
Load address: 0x81000000
Loading: *#################################################################
	 #################################################################
	 #################################################################
	 #################################################################
	 #################################################################
	 #################################################################
	 ###############################
	 3.1 MiB/s
done
Bytes transferred = 6168192 (5e1e80 hex)
Tegra114 (Dalmore) # tftpboot 0x82000000 tegra114-dalmore.dtb
Using asx0 device
TFTP from server 192.168.100.1; our IP address is 192.168.100.100
Filename 'tegra114-dalmore.dtb'.
Load address: 0x82000000
Loading: *###
	 2.5 MiB/s
done
Bytes transferred = 34502 (86c6 hex)
Tegra114 (Dalmore) # bootz 0x81000000 - 0x82000000
Kernel image @ 0x81000000 [ 0x000000 - 0x5e1e80 ]
## Flattened Device Tree blob at 82000000
   Booting using the fdt blob at 0x82000000
   Loading Device Tree to 8fff4000, end 8ffff6c5 ... OK

Starting kernel ...

[    0.000000] Booting Linux on physical CPU 0x0
[    0.000000] Linux version 4.15.0-rc8-15855-ga8750dd (jonathanh@kaivo) (gcc version 4.7.3 20130328 (prerelease) (crosstool-NG linaro-1.13.1-4.7-2013.04-20130415 - Linaro GCC 2013.04)) #1 SMP PREEMPT Sun Jan 14 16:32:59 PST 2018
[    0.000000] CPU: ARMv7 Processor [412fc0f2] revision 2 (ARMv7), cr=10c5387d
[    0.000000] CPU: div instructions available: patching division code
[    0.000000] CPU: PIPT / VIPT nonaliasing data cache, PIPT instruction cache
[    0.000000] OF: fdt: Machine model: NVIDIA Tegra114 Dalmore evaluation board
[    0.000000] debug: ignoring loglevel setting.
[    0.000000] bootconsole [earlycon0] enabled
[    0.000000] Memory policy: Data cache writealloc
[    0.000000] cma: Reserved 64 MiB at 0xfbc00000
[    0.000000] On node 0 totalpages: 524032
[    0.000000]   Normal zone: 1536 pages used for memmap
[    0.000000]   Normal zone: 0 pages reserved
[    0.000000]   Normal zone: 196608 pages, LIFO batch:31
[    0.000000]   HighMem zone: 327424 pages, LIFO batch:31
[    0.000000] random: fast init done
[    0.000000] percpu: Embedded 17 pages/cpu @(ptrval) s39168 r8192 d22272 u69632
[    0.000000] pcpu-alloc: s39168 r8192 d22272 u69632 alloc=17*4096
[    0.000000] pcpu-alloc: [0] 0 [0] 1 [0] 2 [0] 3 
[    0.000000] Built 1 zonelists, mobility grouping on.  Total pages: 522496
[    0.000000] Kernel command line: ignore_loglevel console=ttyS0,115200n8 rw root=PARTUUID=7369c667-ff51-ec4a-29cd-baabf2fbe346 rootwait gpt debug earlyprintk init=/bin/bash
[    0.000000] Dentry cache hash table entries: 131072 (order: 7, 524288 bytes)
[    0.000000] Inode-cache hash table entries: 65536 (order: 6, 262144 bytes)
[    0.000000] Memory: 1998600K/2096128K available (9216K kernel code, 778K rwdata, 2560K rodata, 1024K init, 299K bss, 31992K reserved, 65536K cma-reserved, 1244160K highmem)
[    0.000000] Virtual kernel memory layout:
[    0.000000]     vector  : 0xffff0000 - 0xffff1000   (   4 kB)
[    0.000000]     fixmap  : 0xffc00000 - 0xfff00000   (3072 kB)
[    0.000000]     vmalloc : 0xf0800000 - 0xff800000   ( 240 MB)
[    0.000000]     lowmem  : 0xc0000000 - 0xf0000000   ( 768 MB)
[    0.000000]     pkmap   : 0xbfe00000 - 0xc0000000   (   2 MB)
[    0.000000]     modules : 0xbf000000 - 0xbfe00000   (  14 MB)
[    0.000000]       .text : 0x(ptrval) - 0x(ptrval)   (10208 kB)
[    0.000000]       .init : 0x(ptrval) - 0x(ptrval)   (1024 kB)
[    0.000000]       .data : 0x(ptrval) - 0x(ptrval)   ( 779 kB)
[    0.000000]        .bss : 0x(ptrval) - 0x(ptrval)   ( 300 kB)
[    0.000000] Preemptible hierarchical RCU implementation.
[    0.000000] 	Tasks RCU enabled.
[    0.000000] NR_IRQS: 16, nr_irqs: 16, preallocated irqs: 16
[    0.000000] /interrupt-controller@60004000: 160 interrupts forwarded to /interrupt-controller@50041000
[    0.000000] Tegra clk 127: register failed with -17
[    0.000008] sched_clock: 32 bits at 1000kHz, resolution 1000ns, wraps every 2147483647500ns
[    0.007675] clocksource: timer_us: mask: 0xffffffff max_cycles: 0xffffffff, max_idle_ns: 1911260446275 ns
[    0.017203] Switching to timer-based delay loop, resolution 1000ns
[    0.024046] arch_timer: cp15 timer(s) running at 12.00MHz (virt).
[    0.029427] clocksource: arch_sys_counter: mask: 0xffffffffffffff max_cycles: 0x2c47f4ee7, max_idle_ns: 440795202497 ns
[    0.040175] sched_clock: 56 bits at 12MHz, resolution 83ns, wraps every 4398046511096ns
[    0.048143] Switching to timer-based delay loop, resolution 83ns
[    0.054607] Console: colour dummy device 80x30
[    0.058558] Calibrating delay loop (skipped), value calculated using timer frequency.. 24.00 BogoMIPS (lpj=120000)
[    0.068868] pid_max: default: 32768 minimum: 301
[    0.073936] Mount-cache hash table entries: 2048 (order: 1, 8192 bytes)
[    0.080054] Mountpoint-cache hash table entries: 2048 (order: 1, 8192 bytes)
[    0.087919] CPU: Testing write buffer coherency: ok
[    0.092210] /cpus/cpu@0 missing clock-frequency property
[    0.097212] /cpus/cpu@1 missing clock-frequency property
[    0.102523] /cpus/cpu@2 missing clock-frequency property
[    0.107789] /cpus/cpu@3 missing clock-frequency property
[    0.113072] CPU0: thread -1, cpu 0, socket 0, mpidr 80000000
[    0.153186] Setting up static identity map for 0x80100000 - 0x801000a0
[    0.157942] Hierarchical SRCU implementation.
[    0.173631] Tegra Revision: A01 SKU: 0 CPU Process: 1 SoC Process: 0
[    0.193211] smp: Bringing up secondary CPUs ...
[    0.243878] CPU1: thread -1, cpu 1, socket 0, mpidr 80000001
[    0.313964] CPU2: thread -1, cpu 2, socket 0, mpidr 80000002
[    0.384063] CPU3: thread -1, cpu 3, socket 0, mpidr 80000003
[    0.384177] smp: Brought up 1 node, 4 CPUs
[    0.403265] SMP: Total of 4 processors activated (96.00 BogoMIPS).
[    0.409456] CPU: All CPU(s) started in SVC mode.
[    0.415884] devtmpfs: initialized
[    0.427895] VFP support v0.3: implementor 41 architecture 4 part 30 variant f rev 0
[    0.434034] clocksource: jiffies: mask: 0xffffffff max_cycles: 0xffffffff, max_idle_ns: 19112604462750000 ns
[    0.443451] futex hash table entries: 1024 (order: 4, 65536 bytes)
[    0.450970] pinctrl core: initialized pinctrl subsystem
[    0.456047] NET: Registered protocol family 16
[    0.460748] DMA: preallocated 256 KiB pool for atomic coherent allocations
[    0.467379] cpuidle: using governor menu
[    0.490332] No ATAGs?
[    0.490469] hw-breakpoint: found 5 (+1 reserved) breakpoint and 4 watchpoint registers.
[    0.498808] hw-breakpoint: maximum watchpoint size is 8 bytes.
[    0.505614] tegra-mc 70019000.memory-controller: no memory timings for RAM code 3 registered
[    0.513196] iommu: Adding device reg-dummy to group 0
[    0.518106] iommu: Adding device 50000000.host1x to group 1
[    0.523625] iommu: Adding device 54140000.gr2d to group 2
[    0.529021] iommu: Adding device 54180000.gr3d to group 3
[    0.534411] iommu: Adding device 54200000.dc to group 4
[    0.539635] iommu: Adding device 54240000.dc to group 5
[    0.544778] iommu: Adding device 54280000.hdmi to group 6
[    0.550164] iommu: Adding device 54300000.dsi to group 7
[    0.555434] iommu: Adding device 60005000.timer to group 8
[    0.560913] iommu: Adding device 60007000.flow-controller to group 9
[    0.567220] iommu: Adding device 6000a000.dma to group 10
[    0.572612] iommu: Adding device 6000c000.ahb to group 11
[    0.577969] iommu: Adding device 6000d000.gpio to group 12
[    0.583450] iommu: Adding device 70000800.apbmisc to group 13
[    0.589145] iommu: Adding device 70000868.pinmux to group 14
[    0.594798] iommu: Adding device 70006300.serial to group 15
[    0.600417] iommu: Adding device 7000a000.pwm to group 16
[    0.605804] iommu: Adding device 7000c000.i2c to group 17
[    0.611157] iommu: Adding device 7000c700.i2c to group 18
[    0.616550] iommu: Adding device 7000d000.i2c to group 19
[    0.621906] iommu: Adding device 7000da00.spi to group 20
[    0.627304] iommu: Adding device 7000e000.rtc to group 21
[    0.632650] iommu: Adding device 7000e400.pmc to group 22
[    0.638043] iommu: Adding device 7000f800.fuse to group 23
[    0.643487] iommu: Adding device 70019000.memory-controller to group 24
[    0.650099] iommu: Adding device 70080000.ahub to group 25
[    0.655532] iommu: Adding device 700e3000.mipi to group 26
[    0.661024] iommu: Adding device 78000400.sdhci to group 27
[    0.666542] iommu: Adding device 78000600.sdhci to group 28
[    0.672105] iommu: Adding device 7d000000.usb to group 29
[    0.677460] iommu: Adding device 7d000000.usb-phy to group 30
[    0.683198] iommu: Adding device 7d008000.usb to group 31
[    0.688553] iommu: Adding device 7d008000.usb-phy to group 32
[    0.694289] iommu: Adding device timer to group 33
[    0.699037] iommu: Adding device backlight to group 34
[    0.704158] iommu: Adding device clocks to group 35
[    0.709030] iommu: Adding device gpio-keys to group 36
[    0.714125] iommu: Adding device regulators to group 37
[    0.719344] iommu: Adding device regulators:regulator@0 to group 38
[    0.725560] iommu: Adding device regulators:regulator@1 to group 39
[    0.731817] iommu: Adding device regulators:regulator@3 to group 40
[    0.738038] iommu: Adding device regulators:regulator@4 to group 41
[    0.744304] iommu: Adding device regulators:regulator@5 to group 42
[    0.750517] iommu: Adding device regulators:regulator@6 to group 43
[    0.756774] iommu: Adding device regulators:regulator@7 to group 44
[    0.762999] iommu: Adding device sound to group 45
[    0.784737] dvdd_ts: Failed to request enable GPIO61: -517
[    0.788344] reg-fixed-voltage regulators:regulator@1: Failed to register regulator: -517
[    0.796487] usb1_vbus: Failed to request enable GPIO108: -517
[    0.802148] reg-fixed-voltage regulators:regulator@3: Failed to register regulator: -517
[    0.810265] usb2_vbus: Failed to request enable GPIO86: -517
[    0.815816] reg-fixed-voltage regulators:regulator@4: Failed to register regulator: -517
[    0.824375] VDD_5V0_HDMI_CON: Failed to request enable GPIO81: -517
[    0.830122] reg-fixed-voltage regulators:regulator@7: Failed to register regulator: -517
[    0.839323] vgaarb: loaded
[    0.841629] SCSI subsystem initialized
[    0.844804] libata version 3.00 loaded.
[    0.848704] usbcore: registered new interface driver usbfs
[    0.853924] usbcore: registered new interface driver hub
[    0.859222] usbcore: registered new device driver usb
[    0.867324] tps65090 2-0048: No cache defaults, reading back from HW
[    0.872862] iommu: Adding device tps65090-pmic to group 46
[    0.878182] TPS65090_RAILSDCDC1: supplied by vdd_ac_bat
[    0.883567] TPS65090_RAILSDCDC2: supplied by vdd_ac_bat
[    0.888766] TPS65090_RAILSDCDC3: supplied by vdd_ac_bat
[    0.893418] TPS65090_RAILSFET1: supplied by vdd_ac_bat
[    0.898389] TPS65090_RAILSFET2: supplied by vdd_ac_bat
[    0.903462] TPS65090_RAILSFET3: supplied by vdd-sys-3v3
[    0.908877] TPS65090_RAILSFET4: supplied by vdd-sys-3v3
[    0.914026] TPS65090_RAILSFET5: supplied by vdd-sys-3v3
[    0.919261] TPS65090_RAILSFET6: supplied by vdd-sys-3v3
[    0.924747] TPS65090_RAILSFET7: supplied by vdd-sys-3v3
[    0.929675] TPS65090_RAILSLDO1: supplied by vdd_ac_bat
[    0.934421] TPS65090_RAILSLDO2: supplied by vdd_ac_bat
[    0.939733] iommu: Adding device tps65090-charger to group 47
[    0.945418] palmas 2-0058: Irq flag is 0x00000004
[    0.951885] palmas 2-0058: Muxing GPIO ff, PWM 0, LED 0
[    0.955446] iommu: Adding device 7000d000.i2c:tps65913@58:gpio to group 48
[    0.962653] iommu: Adding device 7000d000.i2c:tps65913@58:pmic to group 49
[    0.970588] SMPS12: supplied by vdd-ao
[    0.973709] vdd_hdmi_5v0: supplied by vdd-sys-5v0
[    0.978141] SMPS3: supplied by vdd-ao
[    0.982771] SMPS457: supplied by vdd-sys-3v3
[    0.986911] SMPS6: supplied by regulator-dummy
[    0.991072] SMPS8: supplied by vdd-sys-3v3
[    0.995362] SMPS9: supplied by vdd-sys-3v3
[    0.998291] sdhci-vdd-sd-slot: Bringing 2840000uV into 2800000-2800000uV
[    1.005896] SMPS10_OUT2: supplied by regulator-dummy
[    1.010262] SMPS10_OUT1: supplied by regulator-dummy
[    1.015236] LDO1: supplied by vdd-sys-3v3
[    1.019484] LDO2: supplied by vdd-sys-3v3
[    1.023469] LDO3: supplied by vddio-1v8
[    1.027295] LDO4: supplied by vdd-sys-3v3
[    1.031256] LDO5: supplied by vdd_ac_bat
[    1.034730] LDO6: supplied by vdd-sys-3v3
[    1.038524] vdd-sensor-2v85: Bringing 2900000uV into 2850000-2850000uV
[    1.045847] LDO7: supplied by vdd-sys-3v3
[    1.050187] LDO8: supplied by vdd-ao
[    1.052535] vdd-rtc: Bringing 675000uV into 900000-900000uV
[    1.059163] LDO9: supplied by sdhci-vdd-sd-slot
[    1.069486] LDOLN: supplied by vdd-sys-5v0
[    1.072856] LDOUSB: supplied by vdd-sys-5v0
[    1.081249] iommu: Adding device 7000d000.i2c:tps65913@58:rtc to group 50
[    1.086316] iommu: Adding device 7000d000.i2c:tps65913@58:pinmux to group 51
[    1.093568] Linux video capture interface: v2.00
[    1.097813] pps_core: LinuxPPS API ver. 1 registered
[    1.102674] pps_core: Software ver. 5.3.6 - Copyright 2005-2007 Rodolfo Giometti <giometti@linux.it>
[    1.111836] PTP clock support registered
[    1.116278] Advanced Linux Sound Architecture Driver Initialized.
[    1.122426] Bluetooth: Core ver 2.22
[    1.125346] NET: Registered protocol family 31
[    1.129714] Bluetooth: HCI device and connection manager initialized
[    1.136068] Bluetooth: HCI socket layer initialized
[    1.140900] Bluetooth: L2CAP socket layer initialized
[    1.145957] Bluetooth: SCO socket layer initialized
[    1.151451] clocksource: Switched to clocksource arch_sys_counter
[    1.251240] NET: Registered protocol family 2
[    1.254765] TCP established hash table entries: 8192 (order: 3, 32768 bytes)
[    1.260800] TCP bind hash table entries: 8192 (order: 4, 65536 bytes)
[    1.267326] TCP: Hash tables configured (established 8192 bind 8192)
[    1.274006] UDP hash table entries: 512 (order: 2, 16384 bytes)
[    1.279378] UDP-Lite hash table entries: 512 (order: 2, 16384 bytes)
[    1.286032] NET: Registered protocol family 1
[    1.290729] RPC: Registered named UNIX socket transport module.
[    1.295922] RPC: Registered udp transport module.
[    1.300575] RPC: Registered tcp transport module.
[    1.305273] RPC: Registered tcp NFSv4.1 backchannel transport module.
[    1.312151] iommu: Adding device regulatory.0 to group 52
[    1.317263] PCI: CLS 0 bytes, default 64
[    1.322644] iommu: Adding device alarmtimer to group 53
[    1.327132] Initialise system trusted keyrings
[    1.330747] workingset: timestamp_bits=30 max_order=19 bucket_order=0
[    1.338406] squashfs: version 4.0 (2009/01/31) Phillip Lougher
[    1.343598] NFS: Registering the id_resolver key type
[    1.347825] Key type id_resolver registered
[    1.351999] Key type id_legacy registered
[    1.360773] Key type asymmetric registered
[    1.362988] Asymmetric key parser 'x509' registered
[    1.367949] bounce: pool size: 64 pages
[    1.371722] io scheduler noop registered (default)
[    1.376394] io scheduler mq-deadline registered
[    1.380899] io scheduler kyber registered
[    1.402415] tegra-apbdma 6000a000.dma: Tegra20 APB DMA driver register 32 channels
[    1.409234] tegra-pmc 7000e400.pmc: i2c-thermtrip node not found, emergency thermal reset disabled.
[    1.417683] Serial: 8250/16550 driver, 4 ports, IRQ sharing disabled
[    1.423551] iommu: Adding device serial8250 to group 54
[    1.430513] console [ttyS0] disabled
[    1.432256] 70006300.serial: ttyS0 at MMIO 0x70006300 (irq = 329, base_baud = 25500000) is a Tegra
[    1.441147] console [ttyS0] enabled
[    1.441147] console [ttyS0] enabled
[    1.447372] bootconsole [earlycon0] disabled
[    1.447372] bootconsole [earlycon0] disabled
[    1.475180] tegra-hdmi 54280000.hdmi: failed to get HDMI regulator
[    1.500518] loop: module loaded
[    1.515598] m25p80 spi0.0: w25q32dw (4096 Kbytes)
[    1.522351] iommu: Adding device Fixed MDIO bus.0 to group 55
[    1.528302] libphy: Fixed MDIO Bus: probed
[    1.532424] CAN device driver interface
[    1.536308] igb: Intel(R) Gigabit Ethernet Network Driver - version 5.4.0-k
[    1.543290] igb: Copyright (c) 2007-2014 Intel Corporation.
[    1.548995] pegasus: v0.9.3 (2013/04/25), Pegasus/Pegasus II USB Ethernet driver
[    1.556490] usbcore: registered new interface driver pegasus
[    1.562242] usbcore: registered new interface driver asix
[    1.567686] usbcore: registered new interface driver ax88179_178a
[    1.573854] usbcore: registered new interface driver cdc_ether
[    1.579743] usbcore: registered new interface driver smsc75xx
[    1.585580] usbcore: registered new interface driver smsc95xx
[    1.591370] usbcore: registered new interface driver net1080
[    1.597103] usbcore: registered new interface driver cdc_subset
[    1.603093] usbcore: registered new interface driver zaurus
[    1.608725] usbcore: registered new interface driver cdc_ncm
[    1.614630] tegra-phy 7d000000.usb-phy: no vbus regulator
[    1.620488] ehci_hcd: USB 2.0 'Enhanced' Host Controller (EHCI) Driver
[    1.627030] ehci-pci: EHCI PCI platform driver
[    1.631550] tegra-ehci: Tegra EHCI driver
[    1.636237] usbcore: registered new interface driver cdc_acm
[    1.641920] cdc_acm: USB Abstract Control Model driver for USB modems and ISDN adapters
[    1.649968] usbcore: registered new interface driver cdc_wdm
[    1.655719] usbcore: registered new interface driver usb-storage
[    1.665666] iommu: Adding device ci_hdrc.0 to group 56
[    1.679052] palmas-rtc 7000d000.i2c:tps65913@58:rtc: rtc core: registered 7000d000.i2c:tps65913@58:rtc as rtc0
[    1.690555] tegra_rtc 7000e000.rtc: rtc core: registered 7000e000.rtc as rtc1
[    1.697769] tegra_rtc 7000e000.rtc: Tegra internal Real Time Clock
[    1.704287] i2c /dev entries driver
[    1.708697] usbcore: registered new interface driver uvcvideo
[    1.714461] USB Video Class driver (1.1.1)
[    1.718552] gspca_main: v2.14.0 registered
[    1.723593] sbs-battery 0-000b: sbs_probe: Failed to get device status
[    1.730129] sbs-battery: probe of 0-000b failed with error -121
[    1.741339] tegra-wdt 60005000.timer: initialized (heartbeat = 120 sec, nowayout = 0)
[    1.749868] sdhci: Secure Digital Host Controller Interface driver
[    1.756137] sdhci: Copyright(c) Pierre Ossman
[    1.760488] sdhci-pltfm: SDHCI platform and OF driver helper
[    1.766462] sdhci-tegra 78000400.sdhci: Got CD GPIO
[    1.771353] sdhci-tegra 78000400.sdhci: Got WP GPIO
[    1.784505] mmc0: Invalid maximum block size, assuming 512 bytes
[    1.851686] mmc0: SDHCI controller on 78000400.sdhci [78000400.sdhci] using ADMA
[    1.868877] mmc1: Invalid maximum block size, assuming 512 bytes
[    1.931533] mmc1: SDHCI controller on 78000600.sdhci [78000600.sdhci] using ADMA
[    1.943004] usbcore: registered new interface driver usbhid
[    1.948671] usbhid: USB HID core driver
[    1.954837] iommu: Adding device snd-soc-dummy to group 57
[    1.975561] mmc0: new high speed SDHC card at address aaaa
[    1.981639] mmcblk0: mmc0:aaaa SL16G 14.8 GiB 
[    2.003183]  mmcblk0: p1 p2 p3
[    2.009015] mmc1: new high speed MMC card at address 0001
[    2.015027] mmcblk1: mmc1:0001 SEM32G 29.1 GiB 
[    2.019968] mmcblk1boot0: mmc1:0001 SEM32G partition 1 4.00 MiB
[    2.026305] mmcblk1boot1: mmc1:0001 SEM32G partition 2 4.00 MiB
[    2.032432] mmcblk1rpmb: mmc1:0001 SEM32G partition 3 4.00 MiB, chardev (247:0)
[    2.042513]  mmcblk1: p1 p2 p3 p4 p5 p6 p7 p8
[    2.394255] iommu: Adding device 70080400.i2s to group 58
[    2.400591] tegra30-i2s 70080400.i2s: DMA channels sourced from device 70080000.ahub
[    2.417213] tegra-snd-rt5640 sound: rt5640-aif1 <-> 70080400.i2s mapping ok
[    2.428731] input: NVIDIA Tegra Dalmore Headphones as /devices/soc0/sound/sound/card0/input0
[    2.439531] NET: Registered protocol family 10
[    2.445386] Segment Routing with IPv6
[    2.449219] mip6: Mobile IPv6
[    2.452210] sit: IPv6, IPv4 and MPLS over IPv4 tunneling driver
[    2.459669] NET: Registered protocol family 17
[    2.464148] NET: Registered protocol family 15
[    2.468588] can: controller area network core (rev 20170425 abi 9)
[    2.474985] NET: Registered protocol family 29
[    2.479425] can: raw protocol (rev 20170425)
[    2.483707] can: broadcast manager protocol (rev 20170425 t)
[    2.489367] can: netlink gateway (rev 20170425) max_hops=1
[    2.495060] Bluetooth: RFCOMM socket layer initialized
[    2.500211] Bluetooth: RFCOMM ver 1.11
[    2.503993] Bluetooth: BNEP (Ethernet Emulation) ver 1.3
[    2.509304] Bluetooth: BNEP socket layer initialized
[    2.514281] Bluetooth: HIDP (Human Interface Emulation) ver 1.2
[    2.520199] Bluetooth: HIDP socket layer initialized
[    2.525387] Key type dns_resolver registered
[    2.530139] Registering SWP/SWPB emulation handler
[    2.535756] Loading compiled-in X.509 certificates
[    2.557985] usb1_vbus: supplied by vdd-sys-5v0
[    2.563314] usb2_vbus: supplied by vdd-sys-5v0
[    2.569123] VDD_5V0_HDMI_CON: supplied by vdd-sys-5v0
[    2.578755] [drm] Supports vblank timestamp caching Rev 2 (21.10.2013).
[    2.585433] [drm] No driver support for vblank timestamp query.
[    2.684959] Console: switching to colour frame buffer device 240x75
[    2.723643] drm drm: fb0:  frame buffer device
[    2.728182] [drm] Initialized tegra 0.0.0 20120330 for drm on minor 0
[    2.735795] tegra-ehci 7d008000.usb: EHCI Host Controller
[    2.741216] tegra-ehci 7d008000.usb: new USB bus registered, assigned bus number 1
[    2.749214] tegra-ehci 7d008000.usb: irq 340, io mem 0x7d008000
[    2.781534] tegra-ehci 7d008000.usb: USB 2.0 started, EHCI 1.10
[    2.788742] hub 1-0:1.0: USB hub found
[    2.792629] hub 1-0:1.0: 1 port detected
[    2.798071] input: gpio-keys as /devices/soc0/gpio-keys/input/input1
[    2.806913] palmas-rtc 7000d000.i2c:tps65913@58:rtc: setting system clock to 2000-06-07 07:36:43 UTC (960363403)
[    2.817380] cfg80211: Loading compiled-in X.509 certificates for regulatory database
[    2.829230] cfg80211: Loaded X.509 cert 'sforshee: 00b28ddf47aef9cea7'
[    2.836141] platform regulatory.0: Direct firmware load for regulatory.db failed with error -2
[    2.844816] cfg80211: failed to load regulatory.db
[    2.851536] dvdd_ts: disabling
[    2.854591] usb1_vbus: disabling
[    2.857817] vdd_cam_1v8_reg: disabling
[    2.861625] ALSA device list:
[    2.864590]   #0: NVIDIA Tegra Dalmore
[    2.869629] EXT4-fs (mmcblk1p1): mounting ext3 file system using the ext4 subsystem
[    2.959265] EXT4-fs (mmcblk1p1): recovery complete
[    2.965836] EXT4-fs (mmcblk1p1): mounted filesystem with ordered data mode. Opts: (null)
[    2.974031] VFS: Mounted root (ext3 filesystem) on device 179:17.
[    2.985800] devtmpfs: mounted
[    2.989817] Freeing unused kernel memory: 1024K
bash: cannot set terminal process group (-1): Inappropriate ioctl for device
bash: no job control in this shell
root@(none):/# [    3.181546] usb 1-1: new high-speed USB device number 2 using tegra-ehci
