
U-Boot SPL 2015.04-rc3-00209-ga74ef40 (Mar 16 2015 - 14:43:39)


U-Boot 2015.04-rc3-00209-ga74ef40 (Mar 16 2015 - 14:43:39)

TEGRA20
Model: Compulab TrimSlice board
DRAM:  1 GiB
MMC:   Tegra SD/MMC: 0, Tegra SD/MMC: 1
SF: Detected W25Q80BL with page size 256 Bytes, erase size 4 KiB, total 1 MiB
tegra-pcie: PCI regions:
tegra-pcie:   I/O: 0x82000000-0x82010000
tegra-pcie:   non-prefetchable memory: 0xa0000000-0xa8000000
tegra-pcie:   prefetchable memory: 0xa8000000-0xc0000000
tegra-pcie: dual-mode configuration
tegra-pcie: probing port 0, using 2 lanes
In:    serial
Out:   serial
Err:   serial
Net:   RTL8169#0
Hit any key to stop autoboot:  2  0 
Tegra20 (TrimSlice) # 
Tegra20 (TrimSlice) # usb reset
resetting USB...
USB0:   USB EHCI 1.00
scanning bus 0 for devices... 3 USB Device(s) found
USB1:   USB EHCI 1.00
scanning bus 1 for devices... 1 USB Device(s) found
USB2:   lowlevel init failed
       scanning usb for storage devices... 0 Storage Device(s) found
       scanning usb for ethernet devices... 
Warning: asx0 using MAC address from net device
1 Ethernet Device(s) found
Tegra20 (TrimSlice) # setenv bootargs 'ignore_loglevel console=ttyS0,115200n8 rw root=PARTUUID=11eb23c1-01 rootwait gpt debug noinitrd earlyprintk init=/bin/bash'
Tegra20 (TrimSlice) # setenv ipaddr 192.168.100.103; setenv serverip 192.168.100.1; setenv tftpserverip 192.168.100.1
Tegra20 (TrimSlice) # tftpboot 0x00408000 zImage.multi_v7_defconfig
Using RTL8169#0 device
TFTP from server 192.168.100.1; our IP address is 192.168.100.103
Filename 'zImage.multi_v7_defconfig'.
Load address: 0x408000
Loading: *#################################################################
	 #################################################################
	 #################################################################
	 #################################################################
	 #################################################################
	 #################################################################
	 #################################################################
	 #################################################################
	 ####################################
	 3.5 MiB/s
done
Bytes transferred = 8159752 (7c8208 hex)
Tegra20 (TrimSlice) # tftpboot 0x02408000 tegra20-trimslice.dtb
Using RTL8169#0 device
TFTP from server 192.168.100.1; our IP address is 192.168.100.103
Filename 'tegra20-trimslice.dtb'.
Load address: 0x2408000
Loading: *##
	 3.4 MiB/s
done
Bytes transferred = 21454 (53ce hex)
Tegra20 (TrimSlice) # bootz 0x00408000 - 0x02408000
Kernel image @ 0x408000 [ 0x000000 - 0x7c8200 ]
## Flattened Device Tree blob at 02408000
   Booting using the fdt blob at 0x2408000
   Using Device Tree in place at 02408000, end 024103cd

Starting kernel ...

[    0.000000] Booting Linux on physical CPU 0x0
[    0.000000] Linux version 4.14.0-rc6-201169-gbb176f6 (jonathanh@sellafield) (gcc version 4.7.3 20130328 (prerelease) (crosstool-NG linaro-1.13.1-4.7-2013.04-20130415 - Linaro GCC 2013.04)) #1 SMP Mon Oct 23 13:49:41 PDT 2017
[    0.000000] CPU: ARMv7 Processor [411fc090] revision 0 (ARMv7), cr=10c5387d
[    0.000000] CPU: PIPT / VIPT nonaliasing data cache, VIPT aliasing instruction cache
[    0.000000] OF: fdt: Machine model: Compulab TrimSlice board
[    0.000000] debug: ignoring loglevel setting.
[    0.000000] Memory policy: Data cache writealloc
[    0.000000] efi: Getting EFI parameters from FDT:
[    0.000000] efi: UEFI not found.
[    0.000000] cma: Reserved 64 MiB at 0x3c000000
[    0.000000] On node 0 totalpages: 262144
[    0.000000] free_area_init_node: node 0, pgdat c158fa40, node_mem_map ef7f8000
[    0.000000]   DMA zone: 1536 pages used for memmap
[    0.000000]   DMA zone: 0 pages reserved
[    0.000000]   DMA zone: 196608 pages, LIFO batch:31
[    0.000000]   HighMem zone: 65536 pages, LIFO batch:15
[    0.000000] random: fast init done
[    0.000000] percpu: Embedded 17 pages/cpu @ef7c4000 s39424 r8192 d22016 u69632
[    0.000000] pcpu-alloc: s39424 r8192 d22016 u69632 alloc=17*4096
[    0.000000] pcpu-alloc: [0] 0 [0] 1 
[    0.000000] Built 1 zonelists, mobility grouping on.  Total pages: 260608
[    0.000000] Kernel command line: ignore_loglevel console=ttyS0,115200n8 rw root=PARTUUID=11eb23c1-01 rootwait gpt debug noinitrd earlyprintk init=/bin/bash
[    0.000000] PID hash table entries: 4096 (order: 2, 16384 bytes)
[    0.000000] Dentry cache hash table entries: 131072 (order: 7, 524288 bytes)
[    0.000000] Inode-cache hash table entries: 65536 (order: 6, 262144 bytes)
[    0.000000] Memory: 954308K/1048576K available (10240K kernel code, 1631K rwdata, 4504K rodata, 2048K init, 406K bss, 28732K reserved, 65536K cma-reserved, 196608K highmem)
[    0.000000] Virtual kernel memory layout:
[    0.000000]     vector  : 0xffff0000 - 0xffff1000   (   4 kB)
[    0.000000]     fixmap  : 0xffc00000 - 0xfff00000   (3072 kB)
[    0.000000]     vmalloc : 0xf0800000 - 0xff800000   ( 240 MB)
[    0.000000]     lowmem  : 0xc0000000 - 0xf0000000   ( 768 MB)
[    0.000000]     pkmap   : 0xbfe00000 - 0xc0000000   (   2 MB)
[    0.000000]     modules : 0xbf000000 - 0xbfe00000   (  14 MB)
[    0.000000]       .text : 0xc0208000 - 0xc0d00000   (11232 kB)
[    0.000000]       .init : 0xc1200000 - 0xc1400000   (2048 kB)
[    0.000000]       .data : 0xc1400000 - 0xc1597ee8   (1632 kB)
[    0.000000]        .bss : 0xc15a0b9c - 0xc16064fc   ( 407 kB)
[    0.000000] SLUB: HWalign=64, Order=0-3, MinObjects=0, CPUs=2, Nodes=1
[    0.000000] Hierarchical RCU implementation.
[    0.000000] 	RCU event tracing is enabled.
[    0.000000] 	RCU restricting CPUs from NR_CPUS=16 to nr_cpu_ids=2.
[    0.000000] RCU: Adjusting geometry for rcu_fanout_leaf=16, nr_cpu_ids=2
[    0.000000] NR_IRQS: 16, nr_irqs: 16, preallocated irqs: 16
[    0.000000] /interrupt-controller@60004000: 128 interrupts forwarded to /interrupt-controller@50041000
[    0.000000] L2C: platform modifies aux control register: 0x02080000 -> 0x3e480001
[    0.000000] L2C: DT/platform modifies aux control register: 0x02080000 -> 0x3e480001
[    0.000000] L2C-310 errata 727915 769419 enabled
[    0.000000] L2C-310 enabling early BRESP for Cortex-A9
[    0.000000] L2C-310: enabling full line of zeros but not enabled in Cortex-A9
[    0.000000] L2C-310 ID prefetch enabled, offset 1 lines
[    0.000000] L2C-310 cache controller enabled, 8 ways, 1024 kB
[    0.000000] L2C-310: CACHE_ID 0x410000c4, AUX_CTRL 0x7e480001
[    0.000010] sched_clock: 32 bits at 1000kHz, resolution 1000ns, wraps every 2147483647500ns
[    0.000026] clocksource: timer_us: mask: 0xffffffff max_cycles: 0xffffffff, max_idle_ns: 1911260446275 ns
[    0.000036] Switching to timer-based delay loop, resolution 1000ns
[    0.001646] Console: colour dummy device 80x30
[    0.001676] Calibrating delay loop (skipped), value calculated using timer frequency.. 2.00 BogoMIPS (lpj=10000)
[    0.001688] pid_max: default: 32768 minimum: 301
[    0.001779] Mount-cache hash table entries: 2048 (order: 1, 8192 bytes)
[    0.001789] Mountpoint-cache hash table entries: 2048 (order: 1, 8192 bytes)
[    0.002230] CPU: Testing write buffer coherency: ok
[    0.002435] CPU0: thread -1, cpu 0, socket 0, mpidr 80000000
[    0.002666] Setting up static identity map for 0x300000 - 0x3000a0
[    0.003307] Hierarchical SRCU implementation.
[    0.004144] Tegra Revision: A03 prime SKU: 8 CPU Process: 1 SoC Process: 2
[    0.004591] EFI services will not be available.
[    0.004681] smp: Bringing up secondary CPUs ...
[    0.005196] CPU1: thread -1, cpu 1, socket 0, mpidr 80000001
[    0.005281] smp: Brought up 1 node, 2 CPUs
[    0.005292] SMP: Total of 2 processors activated (4.00 BogoMIPS).
[    0.005298] CPU: All CPU(s) started in SVC mode.
[    0.005959] devtmpfs: initialized
[    0.009679] VFP support v0.3: implementor 41 architecture 3 part 30 variant 9 rev 1
[    0.009891] clocksource: jiffies: mask: 0xffffffff max_cycles: 0xffffffff, max_idle_ns: 19112604462750000 ns
[    0.009952] futex hash table entries: 512 (order: 3, 32768 bytes)
[    0.012933] pinctrl core: initialized pinctrl subsystem
[    0.013870] DMI not present or invalid.
[    0.014097] NET: Registered protocol family 16
[    0.016401] DMA: preallocated 256 KiB pool for atomic coherent allocations
[    0.017730] cpuidle: using governor menu
[    0.033391] No ATAGs?
[    0.033455] hw-breakpoint: found 5 (+1 reserved) breakpoint and 1 watchpoint registers.
[    0.033466] hw-breakpoint: maximum watchpoint size is 4 bytes.
[    0.038160] Serial: AMBA PL011 UART driver
[    0.048486] AT91: Could not find identification node
[    0.048993] usb1_vbus: Failed to request enable GPIO170: -517
[    0.049009] reg-fixed-voltage regulators:regulator@2: Failed to register regulator: -517
[    0.052444] vgaarb: loaded
[    0.052988] SCSI subsystem initialized
[    0.053115] libata version 3.00 loaded.
[    0.053299] usbcore: registered new interface driver usbfs
[    0.053337] usbcore: registered new interface driver hub
[    0.053385] usbcore: registered new device driver usb
[    0.055335] pps_core: LinuxPPS API ver. 1 registered
[    0.055343] pps_core: Software ver. 5.3.6 - Copyright 2005-2007 Rodolfo Giometti <giometti@linux.it>
[    0.055359] PTP clock support registered
[    0.055506] EDAC MC: Ver: 3.0.0
[    0.055752] dmi: Firmware registration failed.
[    0.057169] clocksource: Switched to clocksource timer_us
[    0.095371] NET: Registered protocol family 2
[    0.095803] TCP established hash table entries: 8192 (order: 3, 32768 bytes)
[    0.095874] TCP bind hash table entries: 8192 (order: 4, 65536 bytes)
[    0.095987] TCP: Hash tables configured (established 8192 bind 8192)
[    0.096106] UDP hash table entries: 512 (order: 2, 16384 bytes)
[    0.096157] UDP-Lite hash table entries: 512 (order: 2, 16384 bytes)
[    0.096317] NET: Registered protocol family 1
[    0.096624] RPC: Registered named UNIX socket transport module.
[    0.096632] RPC: Registered udp transport module.
[    0.096637] RPC: Registered tcp transport module.
[    0.096643] RPC: Registered tcp NFSv4.1 backchannel transport module.
[    0.096652] PCI: CLS 0 bytes, default 64
[    0.097501] hw perfevents: no interrupt-affinity property for /pmu, guessing.
[    0.097666] hw perfevents: enabled with armv7_cortex_a9 PMU driver, 7 counters available
[    0.098805] workingset: timestamp_bits=30 max_order=18 bucket_order=0
[    0.103226] squashfs: version 4.0 (2009/01/31) Phillip Lougher
[    0.103697] NFS: Registering the id_resolver key type
[    0.103723] Key type id_resolver registered
[    0.103730] Key type id_legacy registered
[    0.103761] ntfs: driver 2.1.32 [Flags: R/O].
[    0.104862] bounce: pool size: 64 pages
[    0.104910] Block layer SCSI generic (bsg) driver version 0.4 loaded (major 248)
[    0.104918] io scheduler noop registered
[    0.104924] io scheduler deadline registered
[    0.105094] io scheduler cfq registered (default)
[    0.105102] io scheduler mq-deadline registered
[    0.105108] io scheduler kyber registered
[    0.116659] tegra-pcie 80003000.pcie: dual-mode configuration
[    0.117391] tegra-pcie 80003000.pcie: probing port 0, using 2 lanes
[    0.201314] tegra-pcie 80003000.pcie: PCI host bridge to bus 0000:00
[    0.201327] pci_bus 0000:00: root bus resource [io  0x0000-0xffff]
[    0.201336] pci_bus 0000:00: root bus resource [mem 0xa0000000-0xa7ffffff]
[    0.201345] pci_bus 0000:00: root bus resource [mem 0xa8000000-0xbfffffff pref]
[    0.201354] pci_bus 0000:00: root bus resource [bus 00-ff]
[    0.201388] pci 0000:00:01.0: [10de:0bf0] type 01 class 0x060000
[    0.201408] pci_bus 0000:00: 2-byte config write to 0000:00:01.0 offset 0x4 may corrupt adjacent RW1C bits
[    0.201418] pci_bus 0000:00: 2-byte config write to 0000:00:01.0 offset 0x4 may corrupt adjacent RW1C bits
[    0.201436] pci 0000:00:01.0: enabling Extended Tags
[    0.201447] pci_bus 0000:00: 2-byte config write to 0000:00:01.0 offset 0x88 may corrupt adjacent RW1C bits
[    0.201473] pci_bus 0000:00: 2-byte config write to 0000:00:01.0 offset 0x52 may corrupt adjacent RW1C bits
[    0.201497] pci 0000:00:01.0: PME# supported from D0 D1 D2 D3hot D3cold
[    0.201508] pci_bus 0000:00: 2-byte config write to 0000:00:01.0 offset 0x4c may corrupt adjacent RW1C bits
[    0.201664] pci_bus 0000:00: 2-byte config write to 0000:00:01.0 offset 0x3e may corrupt adjacent RW1C bits
[    0.201676] pci_bus 0000:00: 2-byte config write to 0000:00:01.0 offset 0x4 may corrupt adjacent RW1C bits
[    0.201686] pci_bus 0000:00: 1-byte config write to 0000:00:01.0 offset 0xc may corrupt adjacent RW1C bits
[    0.201692] PCI: bus0: Fast back to back transfers disabled
[    0.201702] pci 0000:00:01.0: bridge configuration invalid ([bus 00-00]), reconfiguring
[    0.201711] pci_bus 0000:00: 2-byte config write to 0000:00:01.0 offset 0x3e may corrupt adjacent RW1C bits
[    0.201722] pci_bus 0000:00: 2-byte config write to 0000:00:01.0 offset 0x3e may corrupt adjacent RW1C bits
[    0.201835] pci 0000:01:00.0: [10ec:8168] type 00 class 0x020000
[    0.201869] pci 0000:01:00.0: reg 0x10: [io  0x0000-0x00ff]
[    0.201893] pci 0000:01:00.0: reg 0x18: [mem 0x00000000-0x00000fff 64bit pref]
[    0.201912] pci 0000:01:00.0: reg 0x20: [mem 0x00000000-0x00003fff 64bit pref]
[    0.201925] pci 0000:01:00.0: reg 0x30: [mem 0x00000000-0x0001ffff pref]
[    0.202001] pci 0000:01:00.0: supports D1 D2
[    0.202009] pci 0000:01:00.0: PME# supported from D0 D1 D2 D3hot D3cold
[    0.227195] PCI: bus1: Fast back to back transfers disabled
[    0.227209] pci_bus 0000:01: busn_res: [bus 01-ff] end is updated to 01
[    0.227237] pci 0000:00:01.0: BAR 8: assigned [mem 0xa0000000-0xa00fffff]
[    0.227248] pci 0000:00:01.0: BAR 9: assigned [mem 0xa8000000-0xa80fffff 64bit pref]
[    0.227257] pci 0000:00:01.0: BAR 7: assigned [io  0x1000-0x1fff]
[    0.227270] pci 0000:01:00.0: BAR 6: assigned [mem 0xa0000000-0xa001ffff pref]
[    0.227280] pci 0000:01:00.0: BAR 4: assigned [mem 0xa8000000-0xa8003fff 64bit pref]
[    0.227300] pci 0000:01:00.0: BAR 2: assigned [mem 0xa8004000-0xa8004fff 64bit pref]
[    0.227318] pci 0000:01:00.0: BAR 0: assigned [io  0x1000-0x10ff]
[    0.227329] pci 0000:00:01.0: PCI bridge to [bus 01]
[    0.227337] pci 0000:00:01.0:   bridge window [io  0x1000-0x1fff]
[    0.227346] pci 0000:00:01.0:   bridge window [mem 0xa0000000-0xa00fffff]
[    0.227355] pci 0000:00:01.0:   bridge window [mem 0xa8000000-0xa80fffff 64bit pref]
[    0.227378] pci 0000:00:01.0: nv_msi_ht_cap_quirk didn't locate host bridge
[    0.227431] Disabling cpuidle LP2 state, since PCIe IRQs are in use
[    0.227467] pcieport 0000:00:01.0: enabling device (0140 -> 0143)
[    0.227654] pcieport 0000:00:01.0: Signaling PME with IRQ 295
[    0.233564] tegra-apbdma 6000a000.dma: Tegra20 APB DMA driver register 16 channels
[    0.273814] Serial: 8250/16550 driver, 4 ports, IRQ sharing disabled
[    0.275958] console [ttyS0] disabled
[    0.275996] 70006000.serial: ttyS0 at MMIO 0x70006000 (irq = 279, base_baud = 13500000) is a Tegra
[    1.359178] console [ttyS0] enabled
[    1.363233] SuperH (H)SCI(F) driver initialized
[    1.368513] msm_serial: driver initialized
[    1.372731] STMicroelectronics ASC driver initialized
[    1.382067] tegra-hdmi 54280000.hdmi: 54280000.hdmi supply hdmi not found, using dummy regulator
[    1.393145] [drm] Supports vblank timestamp caching Rev 2 (21.10.2013).
[    1.399779] [drm] No driver support for vblank timestamp query.
[    1.405714] [drm] Cannot find any crtc or sizes
[    1.410280] [drm] Initialized tegra 0.0.0 20120330 for drm on minor 0
[    1.418267] [drm] Cannot find any crtc or sizes
[    1.428448] brd: module loaded
[    1.436749] loop: module loaded
[    1.445860] m25p80 spi0.0: found s25fl008k, expected w25q80bl
[    1.451695] m25p80 spi0.0: s25fl008k (1024 Kbytes)
[    1.458465] libphy: Fixed MDIO Bus: probed
[    1.463269] CAN device driver interface
[    1.467772] bgmac_bcma: Broadcom 47xx GBit MAC driver loaded
[    1.474335] e1000e: Intel(R) PRO/1000 Network Driver - 3.2.6-k
[    1.480170] e1000e: Copyright(c) 1999 - 2015 Intel Corporation.
[    1.486121] igb: Intel(R) Gigabit Ethernet Network Driver - version 5.4.0-k
[    1.493076] igb: Copyright (c) 2007-2014 Intel Corporation.
[    1.499211] r8169 Gigabit Ethernet driver 2.3LK-NAPI loaded
[    1.504793] r8169 0000:01:00.0: enabling device (0140 -> 0143)
[    1.511281] r8169 0000:01:00.0 eth0: RTL8168d/8111d at 0xf0a5c000, 00:01:c0:13:7d:63, XID 081000c0 IRQ 296
[    1.520943] r8169 0000:01:00.0 eth0: jumbo features [frames: 9200 bytes, tx checksumming: ko]
[    1.531653] pegasus: v0.9.3 (2013/04/25), Pegasus/Pegasus II USB Ethernet driver
[    1.539098] usbcore: registered new interface driver pegasus
[    1.544772] usbcore: registered new interface driver asix
[    1.550198] usbcore: registered new interface driver ax88179_178a
[    1.556304] usbcore: registered new interface driver cdc_ether
[    1.562170] usbcore: registered new interface driver smsc75xx
[    1.567952] usbcore: registered new interface driver smsc95xx
[    1.573705] usbcore: registered new interface driver net1080
[    1.579386] usbcore: registered new interface driver cdc_subset
[    1.585310] usbcore: registered new interface driver zaurus
[    1.590927] usbcore: registered new interface driver cdc_ncm
[    1.596842] tegra-phy c5004000.usb-phy: no vbus regulator
[    1.603360] tegra-phy c5008000.usb-phy: no vbus regulator
[    1.610072] ehci_hcd: USB 2.0 'Enhanced' Host Controller (EHCI) Driver
[    1.616584] ehci-pci: EHCI PCI platform driver
[    1.621065] ehci-platform: EHCI generic platform driver
[    1.626426] ehci-orion: EHCI orion driver
[    1.630554] SPEAr-ehci: EHCI SPEAr driver
[    1.634649] ehci-st: EHCI STMicroelectronics driver
[    1.639631] ehci-exynos: EHCI EXYNOS driver
[    1.643911] ehci-atmel: EHCI Atmel driver
[    1.648022] tegra-ehci: Tegra EHCI driver
[    1.708375] ulpi_phy_power_on: ulpi write failed
[    1.712983] tegra-ehci c5004000.usb: Failed to power on the phy
[    1.718919] tegra-ehci: probe of c5004000.usb failed with error -110
[    1.727892] tegra-ehci c5008000.usb: EHCI Host Controller
[    1.733295] tegra-ehci c5008000.usb: new USB bus registered, assigned bus number 1
[    1.741017] tegra-ehci c5008000.usb: irq 290, io mem 0xc5008000
[    1.767187] tegra-ehci c5008000.usb: USB 2.0 started, EHCI 1.00
[    1.773627] hub 1-0:1.0: USB hub found
[    1.777422] hub 1-0:1.0: 1 port detected
[    1.781646] ohci_hcd: USB 1.1 'Open' Host Controller (OHCI) Driver
[    1.787840] ohci-pci: OHCI PCI platform driver
[    1.792311] ohci-platform: OHCI generic platform driver
[    1.797702] SPEAr-ohci: OHCI SPEAr driver
[    1.801801] ohci-st: OHCI STMicroelectronics driver
[    1.806760] ohci-atmel: OHCI Atmel driver
[    1.811336] usbcore: registered new interface driver usb-storage
[    1.820351] rtc-em3027 2-0056: rtc core: registered rtc-em3027 as rtc0
[    1.827995] tegra_rtc 7000e000.rtc: rtc core: registered 7000e000.rtc as rtc1
[    1.835147] tegra_rtc 7000e000.rtc: Tegra internal Real Time Clock
[    1.841734] i2c /dev entries driver
[    1.847762] IR NEC protocol handler initialized
[    1.852280] IR RC5(x/sz) protocol handler initialized
[    1.857333] IR RC6 protocol handler initialized
[    1.861849] IR JVC protocol handler initialized
[    1.866363] IR Sony protocol handler initialized
[    1.870976] IR SANYO protocol handler initialized
[    1.875664] IR Sharp protocol handler initialized
[    1.880363] IR MCE Keyboard/mouse protocol handler initialized
[    1.886178] IR XMP protocol handler initialized
[    1.897536] sdhci: Secure Digital Host Controller Interface driver
[    1.903700] sdhci: Copyright(c) Pierre Ossman
[    1.909205] Synopsys Designware Multimedia Card Interface Driver
[    1.916125] sdhci-pltfm: SDHCI platform and OF driver helper
[    1.930533] mmc0: Invalid maximum block size, assuming 512 bytes
[    1.997345] mmc0: SDHCI controller on c8000000.sdhci [c8000000.sdhci] using ADMA
[    2.005231] sdhci-tegra c8000600.sdhci: Got CD GPIO
[    2.010300] sdhci-tegra c8000600.sdhci: Got WP GPIO
[    2.023681] mmc1: Invalid maximum block size, assuming 512 bytes
[    2.087794] mmc1: SDHCI controller on c8000600.sdhci [c8000600.sdhci] using ADMA
[    2.103795] ledtrig-cpu: registered to indicate activity on CPUs
[    2.110127] usbcore: registered new interface driver usbhid
[    2.115686] usbhid: USB HID core driver
[    2.123319] NET: Registered protocol family 10
[    2.131036] Segment Routing with IPv6
[    2.134738] sit: IPv6, IPv4 and MPLS over IPv4 tunneling driver
[    2.141084] NET: Registered protocol family 17
[    2.145521] can: controller area network core (rev 20170425 abi 9)
[    2.151757] NET: Registered protocol family 29
[    2.156189] can: raw protocol (rev 20170425)
[    2.160467] can: broadcast manager protocol (rev 20170425 t)
[    2.166115] can: netlink gateway (rev 20170425) max_hops=1
[    2.171876] Key type dns_resolver registered
[    2.176498] ThumbEE CPU extension supported.
[    2.177197] usb 1-1: new high-speed USB device number 2 using tegra-ehci
[    2.187496] Registering SWP/SWPB emulation handler
[    2.201930] utmi_phy_clk_enable: timeout waiting for phy to stabilize
[    2.208425] tegra-ehci c5000000.usb: EHCI Host Controller
[    2.213828] tegra-ehci c5000000.usb: new USB bus registered, assigned bus number 2
[    2.221583] tegra-ehci c5000000.usb: irq 288, io mem 0xc5000000
[    2.236713] mmc1: new high speed SD card at address b368
[    2.243196] mmcblk1: mmc1:b368 NCard 1.83 GiB (ro)
[    2.250747]  mmcblk1: p1 p2
[    2.367308] tegra-ehci c5000000.usb: USB 2.0 started, EHCI 1.00
[    2.375509] hub 2-0:1.0: USB hub found
[    2.379538] hub 2-0:1.0: 1 port detected
[    2.386741] input: gpio-keys as /devices/soc0/gpio-keys/input/input0
[    2.395249] rtc-em3027 2-0056: hctosys: unable to read the hardware clock
[    2.402644] hub 1-1:1.0: USB hub found
[    2.406531] hub 1-1:1.0: 4 ports detected
[    2.411689] Waiting for root device PARTUUID=11eb23c1-01...
[    2.727308] usb 1-1.2: new high-speed USB device number 3 using tegra-ehci
[    3.275114] mmc0: host does not support reading read-only switch, assuming write-enable
[    3.285055] mmc0: new high speed SDHC card at address b368
[    3.290881] mmcblk0: mmc0:b368 NCard 3.70 GiB 
[    3.297707]  mmcblk0: p1
[    3.351633] asix 1-1.2:1.0 eth1: register 'asix' at usb-c5008000.usb-1.2, ASIX AX88772 USB 2.0 Ethernet, 00:60:6e:60:6c:68
[    3.378120] EXT4-fs (mmcblk0p1): mounting ext3 file system using the ext4 subsystem
[    3.619218] EXT4-fs (mmcblk0p1): recovery complete
[    3.693900] EXT4-fs (mmcblk0p1): mounted filesystem with ordered data mode. Opts: (null)
[    3.702179] VFS: Mounted root (ext3 filesystem) on device 179:17.
[    3.712145] devtmpfs: mounted
[    3.716662] Freeing unused kernel memory: 2048K
bash: cannot set terminal process group (-1): Inappropriate ioctl for device
bash: no job control in this shell
root@(none):/#  
root@(none):/# mount -t sysfs none /sys
root@(none):/# 
root@(none):/# mount -t debugfs none /sys/kernel/debug
root@(none):/# 
root@(none):/# rtcwake -d rtc1 -m mem -s 3
rtcwake: assuming RTC uses UTC ...
rtcwake: wakeup from "mem" using /dev/rtc1 at Thu Jan  1 00:00:32 1970
[   14.917845] PM: suspend entry (deep)
[   14.921446] PM: Syncing filesystems ... done.
[   14.928258] Freezing user space processes ... (elapsed 0.001 seconds) done.
[   14.936370] OOM killer disabled.
[   14.939612] Freezing remaining freezable tasks ... (elapsed 0.001 seconds) done.
[   14.948111] Suspending console(s) (use no_console_suspend to debug)
[   14.994173] pci_generic_config_write32: 43 callbacks suppressed
[   14.994217] pci_bus 0000:00: 2-byte config write to 0000:00:01.0 offset 0x9c may corrupt adjacent RW1C bits
[   15.015018] pci_bus 0000:01: 2-byte config write to 0000:01:00.0 offset 0x44 may corrupt adjacent RW1C bits
[   15.037811] Disabling non-boot CPUs ...
[   15.081133] Entering suspend state LP1
[   15.081182] Enabling non-boot CPUs ...
[   15.082917] CPU1 is up
[   15.085318] pci_bus 0000:00: 2-byte config write to 0000:00:01.0 offset 0x4c may corrupt adjacent RW1C bits
[   15.085367] pci_bus 0000:00: 2-byte config write to 0000:00:01.0 offset 0x88 may corrupt adjacent RW1C bits
[   15.085420] pci_bus 0000:00: 2-byte config write to 0000:00:01.0 offset 0x90 may corrupt adjacent RW1C bits
[   15.085450] pci_bus 0000:00: 2-byte config write to 0000:00:01.0 offset 0x98 may corrupt adjacent RW1C bits
[   15.085479] pci_bus 0000:00: 2-byte config write to 0000:00:01.0 offset 0x9c may corrupt adjacent RW1C bits
[   15.085561] pci_bus 0000:00: 2-byte config write to 0000:00:01.0 offset 0x52 may corrupt adjacent RW1C bits
[   15.085593] pci_bus 0000:00: 2-byte config write to 0000:00:01.0 offset 0x52 may corrupt adjacent RW1C bits
[   15.085625] pci_bus 0000:00: 2-byte config write to 0000:00:01.0 offset 0x5c may corrupt adjacent RW1C bits
[   15.085697] pcieport 0000:00:01.0: nv_msi_ht_cap_quirk didn't locate host bridge
[   15.784512] OOM killer enabled.
[   15.787662] Restarting tasks ... done.
[   15.792378] PM: suspend exit
root@(none):/# 
root@(none):/# rtcwake -d rtc1 -m mem -s 3
rtcwake: assuming RTC uses UTC ...
rtcwake: wakeup from "mem" using /dev/rtc1 at Thu Jan  1 00:00:37 1970
[   16.648023] PM: suspend entry (deep)
[   16.651597] PM: Syncing filesystems ... done.
[   16.656588] Freezing user space processes ... (elapsed 0.001 seconds) done.
[   16.664681] OOM killer disabled.
[   16.667949] Freezing remaining freezable tasks ... (elapsed 0.001 seconds) done.
[   16.676484] Suspending console(s) (use no_console_suspend to debug)
[   16.757805] Disabling non-boot CPUs ...
[   16.809910] Entering suspend state LP1
[   16.809959] Enabling non-boot CPUs ...
[   16.811728] CPU1 is up
[   16.813072] pcieport 0000:00:01.0: nv_msi_ht_cap_quirk didn't locate host bridge
[   17.420802] OOM killer enabled.
[   17.423936] Restarting tasks ... done.
[   17.428612] PM: suspend exit
root@(none):/# 
root@(none):/# rtcwake -d rtc1 -m mem -s 3
rtcwake: assuming RTC uses UTC ...
rtcwake: wakeup from "mem" using /dev/rtc1 at Thu Jan  1 00:00:42 1970
[   18.378447] PM: suspend entry (deep)
[   18.382048] PM: Syncing filesystems ... done.
[   18.387997] Freezing user space processes ... (elapsed 0.001 seconds) done.
[   18.396149] OOM killer disabled.
[   18.399398] Freezing remaining freezable tasks ... (elapsed 0.001 seconds) done.
[   18.407908] Suspending console(s) (use no_console_suspend to debug)
[   18.467699] Disabling non-boot CPUs ...
[   18.519756] Entering suspend state LP1
[   18.519806] Enabling non-boot CPUs ...
[   18.521576] CPU1 is up
[   18.522363] pcieport 0000:00:01.0: nv_msi_ht_cap_quirk didn't locate host bridge
[   19.130506] OOM killer enabled.
[   19.133641] Restarting tasks ... done.
[   19.137718] PM: suspend exit
root@(none):/# 
root@(none):/# rtcwake -d rtc1 -m mem -s 3
rtcwake: assuming RTC uses UTC ...
rtcwake: wakeup from "mem" using /dev/rtc1 at Thu Jan  1 00:00:47 1970
[   20.089132] PM: suspend entry (deep)
[   20.092719] PM: Syncing filesystems ... done.
[   20.098237] Freezing user space processes ... (elapsed 0.001 seconds) done.
[   20.106372] OOM killer disabled.
[   20.109621] Freezing remaining freezable tasks ... (elapsed 0.001 seconds) done.
[   20.118130] Suspending console(s) (use no_console_suspend to debug)
[   20.132783] pci_generic_config_write32: 65 callbacks suppressed
[   20.132826] pci_bus 0000:00: 2-byte config write to 0000:00:01.0 offset 0x9c may corrupt adjacent RW1C bits
[   20.156825] pci_bus 0000:01: 2-byte config write to 0000:01:00.0 offset 0x44 may corrupt adjacent RW1C bits
[   20.177688] Disabling non-boot CPUs ...
[   20.219741] Entering suspend state LP1
[   20.219790] Enabling non-boot CPUs ...
[   20.221579] CPU1 is up
[   20.222617] pci_bus 0000:00: 2-byte config write to 0000:00:01.0 offset 0x4c may corrupt adjacent RW1C bits
[   20.222665] pci_bus 0000:00: 2-byte config write to 0000:00:01.0 offset 0x88 may corrupt adjacent RW1C bits
[   20.222697] pci_bus 0000:00: 2-byte config write to 0000:00:01.0 offset 0x90 may corrupt adjacent RW1C bits
[   20.222727] pci_bus 0000:00: 2-byte config write to 0000:00:01.0 offset 0x98 may corrupt adjacent RW1C bits
[   20.222756] pci_bus 0000:00: 2-byte config write to 0000:00:01.0 offset 0x9c may corrupt adjacent RW1C bits
[   20.222836] pci_bus 0000:00: 2-byte config write to 0000:00:01.0 offset 0x52 may corrupt adjacent RW1C bits
[   20.222869] pci_bus 0000:00: 2-byte config write to 0000:00:01.0 offset 0x52 may corrupt adjacent RW1C bits
[   20.222900] pci_bus 0000:00: 2-byte config write to 0000:00:01.0 offset 0x5c may corrupt adjacent RW1C bits
[   20.222972] pcieport 0000:00:01.0: nv_msi_ht_cap_quirk didn't locate host bridge
[   20.934279] OOM killer enabled.
[   20.937424] Restarting tasks ... done.
[   20.942075] PM: suspend exit
root@(none):/# 
root@(none):/# rtcwake -d rtc1 -m mem -s 3
rtcwake: assuming RTC uses UTC ...
rtcwake: wakeup from "mem" using /dev/rtc1 at Thu Jan  1 00:00:52 1970
[   21.788914] PM: suspend entry (deep)
[   21.792502] PM: Syncing filesystems ... done.
[   21.797991] Freezing user space processes ... (elapsed 0.001 seconds) done.
[   21.806102] OOM killer disabled.
[   21.809351] Freezing remaining freezable tasks ... (elapsed 0.001 seconds) done.
[   21.817860] Suspending console(s) (use no_console_suspend to debug)
[   21.897630] Disabling non-boot CPUs ...
[   21.949712] Entering suspend state LP1
[   21.949761] Enabling non-boot CPUs ...
[   21.951549] CPU1 is up
[   21.952915] pcieport 0000:00:01.0: nv_msi_ht_cap_quirk didn't locate host bridge
[   22.560688] OOM killer enabled.
[   22.563822] Restarting tasks ... done.
[   22.568419] PM: suspend exit
root@(none):/# 
root@(none):/# rtcwake -d rtc1 -m mem -s 3
rtcwake: assuming RTC uses UTC ...
rtcwake: wakeup from "mem" using /dev/rtc1 at Thu Jan  1 00:00:57 1970
[   23.518881] PM: suspend entry (deep)
[   23.522470] PM: Syncing filesystems ... done.
[   23.527978] Freezing user space processes ... (elapsed 0.001 seconds) done.
[   23.536110] OOM killer disabled.
[   23.539359] Freezing remaining freezable tasks ... (elapsed 0.001 seconds) done.
[   23.547871] Suspending console(s) (use no_console_suspend to debug)
[   23.607515] Disabling non-boot CPUs ...
[   23.659564] Entering suspend state LP1
[   23.659613] Enabling non-boot CPUs ...
[   23.661404] CPU1 is up
[   23.662187] pcieport 0000:00:01.0: nv_msi_ht_cap_quirk didn't locate host bridge
[   24.260852] OOM killer enabled.
[   24.263987] Restarting tasks ... done.
[   24.268621] PM: suspend exit
root@(none):/# 
root@(none):/# rtcwake -d rtc1 -m mem -s 3
rtcwake: assuming RTC uses UTC ...
rtcwake: wakeup from "mem" using /dev/rtc1 at Thu Jan  1 00:01:02 1970
[   25.228802] PM: suspend entry (deep)
[   25.232391] PM: Syncing filesystems ... done.
[   25.237882] Freezing user space processes ... (elapsed 0.001 seconds) done.
[   25.245992] OOM killer disabled.
[   25.249241] Freezing remaining freezable tasks ... (elapsed 0.001 seconds) done.
[   25.257748] Suspending console(s) (use no_console_suspend to debug)
[   25.273367] pci_generic_config_write32: 65 callbacks suppressed
[   25.273415] pci_bus 0000:00: 2-byte config write to 0000:00:01.0 offset 0x9c may corrupt adjacent RW1C bits
[   25.300062] pci_bus 0000:01: 2-byte config write to 0000:01:00.0 offset 0x44 may corrupt adjacent RW1C bits
[   25.327408] Disabling non-boot CPUs ...
[   25.369599] Entering suspend state LP1
[   25.369648] Enabling non-boot CPUs ...
[   25.371426] CPU1 is up
[   25.372311] pci_bus 0000:00: 2-byte config write to 0000:00:01.0 offset 0x4c may corrupt adjacent RW1C bits
[   25.372360] pci_bus 0000:00: 2-byte config write to 0000:00:01.0 offset 0x88 may corrupt adjacent RW1C bits
[   25.372391] pci_bus 0000:00: 2-byte config write to 0000:00:01.0 offset 0x90 may corrupt adjacent RW1C bits
[   25.372421] pci_bus 0000:00: 2-byte config write to 0000:00:01.0 offset 0x98 may corrupt adjacent RW1C bits
[   25.372450] pci_bus 0000:00: 2-byte config write to 0000:00:01.0 offset 0x9c may corrupt adjacent RW1C bits
[   25.372530] pci_bus 0000:00: 2-byte config write to 0000:00:01.0 offset 0x52 may corrupt adjacent RW1C bits
[   25.372563] pci_bus 0000:00: 2-byte config write to 0000:00:01.0 offset 0x52 may corrupt adjacent RW1C bits
[   25.372595] pci_bus 0000:00: 2-byte config write to 0000:00:01.0 offset 0x5c may corrupt adjacent RW1C bits
[   25.372666] pcieport 0000:00:01.0: nv_msi_ht_cap_quirk didn't locate host bridge
[   26.063725] OOM killer enabled.
[   26.066873] Restarting tasks ... done.
[   26.070948] PM: suspend exit
root@(none):/# 
root@(none):/# rtcwake -d rtc1 -m mem -s 3
rtcwake: assuming RTC uses UTC ...
rtcwake: wakeup from "mem" using /dev/rtc1 at Thu Jan  1 00:01:07 1970
[   26.938118] PM: suspend entry (deep)
[   26.941718] PM: Syncing filesystems ... done.
[   26.947648] Freezing user space processes ... (elapsed 0.001 seconds) done.
[   26.955837] OOM killer disabled.
[   26.959087] Freezing remaining freezable tasks ... (elapsed 0.001 seconds) done.
[   26.967589] Suspending console(s) (use no_console_suspend to debug)
[   27.047395] Disabling non-boot CPUs ...
[   27.089480] Entering suspend state LP1
[   27.089530] Enabling non-boot CPUs ...
[   27.091308] CPU1 is up
[   27.092083] pcieport 0000:00:01.0: nv_msi_ht_cap_quirk didn't locate host bridge
[   27.688808] OOM killer enabled.
[   27.691941] Restarting tasks ... done.
[   27.696188] PM: suspend exit
root@(none):/# 
root@(none):/# rtcwake -d rtc1 -m mem -s 3
rtcwake: assuming RTC uses UTC ...
rtcwake: wakeup from "mem" using /dev/rtc1 at Thu Jan  1 00:01:12 1970
[   28.657991] PM: suspend entry (deep)
[   28.661591] PM: Syncing filesystems ... done.
[   28.667546] Freezing user space processes ... (elapsed 0.001 seconds) done.
[   28.675698] OOM killer disabled.
[   28.678947] Freezing remaining freezable tasks ... (elapsed 0.001 seconds) done.
[   28.687456] Suspending console(s) (use no_console_suspend to debug)
[   28.767355] Disabling non-boot CPUs ...
[   28.819457] Entering suspend state LP1
[   28.819505] Enabling non-boot CPUs ...
[   28.821293] CPU1 is up
[   28.822239] pcieport 0000:00:01.0: nv_msi_ht_cap_quirk didn't locate host bridge
[   29.430728] OOM killer enabled.
[   29.433863] Restarting tasks ... done.
[   29.438606] PM: suspend exit
root@(none):/# 
root@(none):/# rtcwake -d rtc1 -m mem -s 3
rtcwake: assuming RTC uses UTC ...
rtcwake: wakeup from "mem" using /dev/rtc1 at Thu Jan  1 00:01:17 1970
[   30.388460] PM: suspend entry (deep)
[   30.392060] PM: Syncing filesystems ... done.
[   30.398064] Freezing user space processes ... (elapsed 0.001 seconds) done.
[   30.406214] OOM killer disabled.
[   30.409463] Freezing remaining freezable tasks ... (elapsed 0.001 seconds) done.
[   30.417971] Suspending console(s) (use no_console_suspend to debug)
[   30.452355] pci_generic_config_write32: 65 callbacks suppressed
[   30.452401] pci_bus 0000:00: 2-byte config write to 0000:00:01.0 offset 0x9c may corrupt adjacent RW1C bits
[   30.473725] pci_bus 0000:01: 2-byte config write to 0000:01:00.0 offset 0x44 may corrupt adjacent RW1C bits
[   30.497263] Disabling non-boot CPUs ...
[   30.539382] Entering suspend state LP1
[   30.539430] Enabling non-boot CPUs ...
[   30.541211] CPU1 is up
[   30.543587] pci_bus 0000:00: 2-byte config write to 0000:00:01.0 offset 0x4c may corrupt adjacent RW1C bits
[   30.543656] pci_bus 0000:00: 2-byte config write to 0000:00:01.0 offset 0x88 may corrupt adjacent RW1C bits
[   30.543706] pci_bus 0000:00: 2-byte config write to 0000:00:01.0 offset 0x90 may corrupt adjacent RW1C bits
[   30.543737] pci_bus 0000:00: 2-byte config write to 0000:00:01.0 offset 0x98 may corrupt adjacent RW1C bits
[   30.543765] pci_bus 0000:00: 2-byte config write to 0000:00:01.0 offset 0x9c may corrupt adjacent RW1C bits
[   30.543848] pci_bus 0000:00: 2-byte config write to 0000:00:01.0 offset 0x52 may corrupt adjacent RW1C bits
[   30.543881] pci_bus 0000:00: 2-byte config write to 0000:00:01.0 offset 0x52 may corrupt adjacent RW1C bits
[   30.543913] pci_bus 0000:00: 2-byte config write to 0000:00:01.0 offset 0x5c may corrupt adjacent RW1C bits
[   30.543985] pcieport 0000:00:01.0: nv_msi_ht_cap_quirk didn't locate host bridge
[   31.243416] OOM killer enabled.
[   31.246560] Restarting tasks ... done.
[   31.250901] PM: suspend exit
root@(none):/# 
root@(none):/# NVTB SYSTEM SUSPEND TEST COMPLETE
