
U-Boot SPL 2014.07-00097-g772e173 (Jul 25 2014 - 20:02:52)


U-Boot 2014.07-00097-g772e173 (Jul 25 2014 - 20:02:52)

TEGRA124
Board: NVIDIA Jetson TK1
I2C:   ready
DRAM:  2 GiB
MMC:   Tegra SD/MMC: 0, Tegra SD/MMC: 1
In:    serial
Out:   serial
Err:   serial
Net:   Net Initialization Skipped
No ethernet found.
Hit any key to stop autoboot:  2  0 
Tegra124 (Jetson TK1) # 
Tegra124 (Jetson TK1) # usb reset
(Re)start USB...
USB0:   USB EHCI 1.10
scanning bus 0 for devices... 1 USB Device(s) found
USB1:   USB EHCI 1.10
scanning bus 1 for devices... 2 USB Device(s) found
       scanning usb for storage devices... 0 Storage Device(s) found
       scanning usb for ethernet devices... 
Warning: asx0 using MAC address from net device
1 Ethernet Device(s) found
Tegra124 (Jetson TK1) # setenv bootargs 'ignore_loglevel console=ttyS0,115200n8 rw root=/dev/mmcblk0p1 rootwait gpt debug noinitrd earlyprintk init=/bin/bash'
Tegra124 (Jetson TK1) # setenv ipaddr 192.168.100.102; setenv serverip 192.168.100.1; setenv tftpserverip 192.168.100.1
Tegra124 (Jetson TK1) # tftpboot 0x82000000 zImage.multi_v7_defconfig
Using asx0 device
TFTP from server 192.168.100.1; our IP address is 192.168.100.102
Filename 'zImage.multi_v7_defconfig'.
Load address: 0x82000000
Loading: *#################################################################
	 #################################################################
	 #################################################################
	 #################################################################
	 #################################################################
	 #################################################################
	 #################################################################
	 #######
	 3.1 MiB/s
done
Bytes transferred = 6781104 (6778b0 hex)
Tegra124 (Jetson TK1) # tftpboot 0x83000000 tegra124-jetson-tk1.dtb
Using asx0 device
TFTP from server 192.168.100.1; our IP address is 192.168.100.102
Filename 'tegra124-jetson-tk1.dtb'.
Load address: 0x83000000
Loading: *#####
	 3.1 MiB/s
done
Bytes transferred = 64138 (fa8a hex)
Tegra124 (Jetson TK1) # bootz 0x82000000 - 0x83000000
Kernel image @ 0x82000000 [ 0x000000 - 0x6778b0 ]
## Flattened Device Tree blob at 83000000
   Booting using the fdt blob at 0x83000000
   Using Device Tree in place at 83000000, end 83012a89

Starting kernel ...

[    0.000000] Booting Linux on physical CPU 0x0
[    0.000000] Linux version 4.5.0-rc4-67957-g18558ca (pwalmsley@sellafield) (gcc version 4.7.3 20130328 (prerelease) (crosstool-NG linaro-1.13.1-4.7-2013.04-20130415 - Linaro GCC 2013.04) ) #1 SMP Sun Feb 14 13:34:24 PST 2016
[    0.000000] CPU: ARMv7 Processor [413fc0f3] revision 3 (ARMv7), cr=10c5387d
[    0.000000] CPU: div instructions available: patching division code
[    0.000000] CPU: PIPT / VIPT nonaliasing data cache, PIPT instruction cache
[    0.000000] Machine model: NVIDIA Tegra124 Jetson TK1
[    0.000000] debug: ignoring loglevel setting.
[    0.000000] cma: Reserved 64 MiB at 0xfb800000
[    0.000000] Memory policy: Data cache writealloc
[    0.000000] On node 0 totalpages: 524032
[    0.000000] free_area_init_node: node 0, pgdat c106e600, node_mem_map eeff8000
[    0.000000]   DMA zone: 1536 pages used for memmap
[    0.000000]   DMA zone: 0 pages reserved
[    0.000000]   DMA zone: 196608 pages, LIFO batch:31
[    0.000000]   HighMem zone: 327424 pages, LIFO batch:31
[    0.000000] PERCPU: Embedded 12 pages/cpu @eef8f000 s18880 r8192 d22080 u49152
[    0.000000] pcpu-alloc: s18880 r8192 d22080 u49152 alloc=12*4096
[    0.000000] pcpu-alloc: [0] 0 [0] 1 [0] 2 [0] 3 
[    0.000000] Built 1 zonelists in Zone order, mobility grouping on.  Total pages: 522496
[    0.000000] Kernel command line: ignore_loglevel console=ttyS0,115200n8 rw root=/dev/mmcblk0p1 rootwait gpt debug noinitrd earlyprintk init=/bin/bash
[    0.000000] PID hash table entries: 4096 (order: 2, 16384 bytes)
[    0.000000] Dentry cache hash table entries: 131072 (order: 7, 524288 bytes)
[    0.000000] Inode-cache hash table entries: 65536 (order: 6, 262144 bytes)
[    0.000000] Memory: 1997792K/2096128K available (8495K kernel code, 1113K rwdata, 4044K rodata, 1096K init, 345K bss, 32800K reserved, 65536K cma-reserved, 1244160K highmem)
[    0.000000] Virtual kernel memory layout:
[    0.000000]     vector  : 0xffff0000 - 0xffff1000   (   4 kB)
[    0.000000]     fixmap  : 0xffc00000 - 0xfff00000   (3072 kB)
[    0.000000]     vmalloc : 0xf0800000 - 0xff800000   ( 240 MB)
[    0.000000]     lowmem  : 0xc0000000 - 0xf0000000   ( 768 MB)
[    0.000000]     pkmap   : 0xbfe00000 - 0xc0000000   (   2 MB)
[    0.000000]     modules : 0xbf000000 - 0xbfe00000   (  14 MB)
[    0.000000]       .text : 0xc0208000 - 0xc0e47d38   (12544 kB)
[    0.000000]       .init : 0xc0e48000 - 0xc0f5a000   (1096 kB)
[    0.000000]       .data : 0xc0f5a000 - 0xc10705e0   (1114 kB)
[    0.000000]        .bss : 0xc1073000 - 0xc10c9620   ( 346 kB)
[    0.000000] SLUB: HWalign=64, Order=0-3, MinObjects=0, CPUs=4, Nodes=1
[    0.000000] Hierarchical RCU implementation.
[    0.000000] 	Build-time adjustment of leaf fanout to 32.
[    0.000000] 	RCU restricting CPUs from NR_CPUS=16 to nr_cpu_ids=4.
[    0.000000] RCU: Adjusting geometry for rcu_fanout_leaf=32, nr_cpu_ids=4
[    0.000000] NR_IRQS:16 nr_irqs:16 16
[    0.000000] /interrupt-controller@60004000: 160 interrupts forwarded to /interrupt-controller@0,50041000
[    0.000000] L2C: failed to init: -19
[    0.000000] Tegra clk 127: register failed with -17
[    0.000009] sched_clock: 32 bits at 1000kHz, resolution 1000ns, wraps every 2147483647500ns
[    0.000032] clocksource: timer_us: mask: 0xffffffff max_cycles: 0xffffffff, max_idle_ns: 1911260446275 ns
[    0.000046] Switching to timer-based delay loop, resolution 1000ns
[    0.005070] Architected cp15 timer(s) running at 12.00MHz (virt).
[    0.005088] clocksource: arch_sys_counter: mask: 0xffffffffffffff max_cycles: 0x2c47f4ee7, max_idle_ns: 440795202497 ns
[    0.005106] sched_clock: 56 bits at 12MHz, resolution 83ns, wraps every 4398046511096ns
[    0.005119] Switching to timer-based delay loop, resolution 83ns
[    0.005561] Console: colour dummy device 80x30
[    0.005586] Calibrating delay loop (skipped), value calculated using timer frequency.. 24.00 BogoMIPS (lpj=60000)
[    0.005599] pid_max: default: 32768 minimum: 301
[    0.005705] Mount-cache hash table entries: 2048 (order: 1, 8192 bytes)
[    0.005716] Mountpoint-cache hash table entries: 2048 (order: 1, 8192 bytes)
[    0.006294] CPU: Testing write buffer coherency: ok
[    0.006511] /cpus/cpu@0 missing clock-frequency property
[    0.006549] /cpus/cpu@1 missing clock-frequency property
[    0.006587] /cpus/cpu@2 missing clock-frequency property
[    0.006625] /cpus/cpu@3 missing clock-frequency property
[    0.006637] CPU0: thread -1, cpu 0, socket 0, mpidr 80000000
[    0.006685] Setting up static identity map for 0x80209000 - 0x80209098
[    0.009750] Tegra Revision: A01 SKU: 129 CPU Process: 1 SoC Process: 1
[    0.011111] CPU1: thread -1, cpu 1, socket 0, mpidr 80000001
[    0.011713] CPU2: thread -1, cpu 2, socket 0, mpidr 80000002
[    0.012303] CPU3: thread -1, cpu 3, socket 0, mpidr 80000003
[    0.012369] Brought up 4 CPUs
[    0.012389] SMP: Total of 4 processors activated (96.00 BogoMIPS).
[    0.012396] CPU: All CPU(s) started in SVC mode.
[    0.013806] devtmpfs: initialized
[    0.031664] VFP support v0.3: implementor 41 architecture 4 part 30 variant f rev 0
[    0.032411] clocksource: jiffies: mask: 0xffffffff max_cycles: 0xffffffff, max_idle_ns: 9556302231375000 ns
[    0.033941] pinctrl core: initialized pinctrl subsystem
[    0.035689] NET: Registered protocol family 16
[    0.037759] DMA: preallocated 256 KiB pool for atomic coherent allocations
[    0.049971] cpuidle: using governor menu
[    0.067045] No ATAGs?
[    0.067080] hw-breakpoint: found 5 (+1 reserved) breakpoint and 4 watchpoint registers.
[    0.067090] hw-breakpoint: maximum watchpoint size is 8 bytes.
[    0.072987] Serial: AMBA PL011 UART driver
[    0.105828] +USB0_VBUS_SW: Failed to request enable GPIO108: -517
[    0.105944] reg-fixed-voltage regulators:regulator@7: Failed to register regulator: -517
[    0.106153] +5V_USB_HS: Failed to request enable GPIO109: -517
[    0.106260] reg-fixed-voltage regulators:regulator@8: Failed to register regulator: -517
[    0.106542] +1.05V_RUN_AVDD_HDMI_PLL: Failed to request enable GPIO63: -517
[    0.106645] reg-fixed-voltage regulators:regulator@11: Failed to register regulator: -517
[    0.106848] +5V_HDMI_CON: Failed to request enable GPIO86: -517
[    0.106951] reg-fixed-voltage regulators:regulator@12: Failed to register regulator: -517
[    0.107157] +5V_SATA: Failed to request enable GPIO242: -517
[    0.107258] reg-fixed-voltage regulators:regulator@13: Failed to register regulator: -517
[    0.107461] +12V_SATA: Failed to request enable GPIO242: -517
[    0.107563] reg-fixed-voltage regulators:regulator@14: Failed to register regulator: -517
[    0.111092] vgaarb: loaded
[    0.112126] SCSI subsystem initialized
[    0.112299] libata version 3.00 loaded.
[    0.112603] usbcore: registered new interface driver usbfs
[    0.112668] usbcore: registered new interface driver hub
[    0.112731] usbcore: registered new device driver usb
[    0.116431] pps_core: LinuxPPS API ver. 1 registered
[    0.116441] pps_core: Software ver. 5.3.6 - Copyright 2005-2007 Rodolfo Giometti <giometti@linux.it>
[    0.116471] PTP clock support registered
[    0.116704] EDAC MC: Ver: 3.0.0
[    0.119896] clocksource: Switched to clocksource arch_sys_counter
[    0.131398] NET: Registered protocol family 2
[    0.131915] TCP established hash table entries: 8192 (order: 3, 32768 bytes)
[    0.132014] TCP bind hash table entries: 8192 (order: 4, 65536 bytes)
[    0.132200] TCP: Hash tables configured (established 8192 bind 8192)
[    0.132252] UDP hash table entries: 512 (order: 2, 16384 bytes)
[    0.132294] UDP-Lite hash table entries: 512 (order: 2, 16384 bytes)
[    0.132463] NET: Registered protocol family 1
[    0.132709] RPC: Registered named UNIX socket transport module.
[    0.132718] RPC: Registered udp transport module.
[    0.132725] RPC: Registered tcp transport module.
[    0.132733] RPC: Registered tcp NFSv4.1 backchannel transport module.
[    0.132752] PCI: CLS 0 bytes, default 64
[    0.133769] hw perfevents: enabled with armv7_cortex_a15 PMU driver, 7 counters available
[    0.135327] futex hash table entries: 1024 (order: 4, 65536 bytes)
[    0.147673] squashfs: version 4.0 (2009/01/31) Phillip Lougher
[    0.148549] NFS: Registering the id_resolver key type
[    0.148577] Key type id_resolver registered
[    0.148584] Key type id_legacy registered
[    0.148656] ntfs: driver 2.1.32 [Flags: R/O].
[    0.150052] bounce: pool size: 64 pages
[    0.150262] Block layer SCSI generic (bsg) driver version 0.4 loaded (major 249)
[    0.150280] io scheduler noop registered
[    0.150294] io scheduler deadline registered
[    0.150332] io scheduler cfq registered (default)
[    0.170447] tegra-pcie 1003000.pcie-controller: 2x1, 1x1 configuration
[    0.170501] tegra-pcie 1003000.pcie-controller: Failed to get supply 'avddio-pex': -517
[    0.177905] tegra-apbdma 60020000.dma: Tegra20 APB DMA driver register 32 channels
[    0.179567] tegra-pmc 7000e400.pmc: emergency thermal reset enabled
[    0.243715] Serial: 8250/16550 driver, 4 ports, IRQ sharing disabled
[    0.246724] console [ttyS0] disabled
[    0.246760] 70006300.serial: ttyS0 at MMIO 0x70006300 (irq = 331, base_baud = 25500000) is a Tegra
[    1.064542] console [ttyS0] enabled
[    1.068938] SuperH (H)SCI(F) driver initialized
[    1.074506] msm_serial: driver initialized
[    1.078822] STMicroelectronics ASC driver initialized
[    1.086452] [drm] Initialized drm 1.1.0 20060810
[    1.093072] tegra-hdmi 54280000.hdmi: failed to get HDMI regulator
[    1.112295] brd: module loaded
[    1.121387] loop: module loaded
[    1.124933] at24 0-0056: 256 byte 24c02 EEPROM, writable, 8 bytes/write
[    1.133292] as3722 4-0040: AS3722 with revision 0x1 found
[    1.156746] +5V_SYS: supplied by +VDD_MUX
[    1.160813] +1.05V_RUN: supplied by +5V_SYS
[    1.165132] tegra-ahci 70027000.sata: Failed to get supply 'hvdd': -517
[    1.171802] tegra-ahci 70027000.sata: Failed to get regulators
[    1.183216] m25p80 spi32765.0: w25q32dw (4096 Kbytes)
[    1.191816] libphy: Fixed MDIO Bus: probed
[    1.196661] CAN device driver interface
[    1.202655] igb: Intel(R) Gigabit Ethernet Network Driver - version 5.3.0-k
[    1.209623] igb: Copyright (c) 2007-2014 Intel Corporation.
[    1.218490] pegasus: v0.9.3 (2013/04/25), Pegasus/Pegasus II USB Ethernet driver
[    1.225944] usbcore: registered new interface driver pegasus
[    1.231674] usbcore: registered new interface driver asix
[    1.237127] usbcore: registered new interface driver ax88179_178a
[    1.243279] usbcore: registered new interface driver cdc_ether
[    1.249186] usbcore: registered new interface driver smsc75xx
[    1.255006] usbcore: registered new interface driver smsc95xx
[    1.260813] usbcore: registered new interface driver net1080
[    1.266529] usbcore: registered new interface driver cdc_subset
[    1.272502] usbcore: registered new interface driver zaurus
[    1.278163] usbcore: registered new interface driver cdc_ncm
[    1.284092] tegra-phy 7d004000.usb-phy: no vbus regulator
[    1.291493] ehci_hcd: USB 2.0 'Enhanced' Host Controller (EHCI) Driver
[    1.298034] ehci-pci: EHCI PCI platform driver
[    1.302536] ehci-platform: EHCI generic platform driver
[    1.307993] ehci-omap: OMAP-EHCI Host Controller driver
[    1.313375] ehci-orion: EHCI orion driver
[    1.317544] SPEAr-ehci: EHCI SPEAr driver
[    1.321718] ehci-st: EHCI STMicroelectronics driver
[    1.326766] ehci-exynos: EHCI EXYNOS driver
[    1.331130] ehci-atmel: EHCI Atmel driver
[    1.335302] tegra-ehci: Tegra EHCI driver
[    1.339630] tegra-ehci 7d004000.usb: EHCI Host Controller
[    1.345061] tegra-ehci 7d004000.usb: new USB bus registered, assigned bus number 1
[    1.352806] tegra-ehci 7d004000.usb: irq 348, io mem 0x7d004000
[    1.364919] tegra-ehci 7d004000.usb: USB 2.0 started, EHCI 1.10
[    1.371699] hub 1-0:1.0: USB hub found
[    1.375495] hub 1-0:1.0: 1 port detected
[    1.380050] ohci_hcd: USB 1.1 'Open' Host Controller (OHCI) Driver
[    1.386253] ohci-pci: OHCI PCI platform driver
[    1.390755] ohci-platform: OHCI generic platform driver
[    1.396168] ohci-omap3: OHCI OMAP3 driver
[    1.400334] SPEAr-ohci: OHCI SPEAr driver
[    1.404491] ohci-st: OHCI STMicroelectronics driver
[    1.409528] ohci-atmel: OHCI Atmel driver
[    1.414156] usbcore: registered new interface driver usb-storage
[    1.421806] mousedev: PS/2 mouse device common for all mice
[    1.430897] as3722-rtc as3722-rtc: rtc core: registered as3722-rtc as rtc0
[    1.437783] as3722-rtc as3722-rtc: RTC interrupt 371
[    1.446182] tegra_rtc 7000e000.rtc: rtc core: registered 7000e000.rtc as rtc1
[    1.453372] tegra_rtc 7000e000.rtc: Tegra internal Real Time Clock
[    1.460192] i2c /dev entries driver
[    1.469830] 0-004c supply vcc not found, using dummy regulator
[    1.483715] sdhci: Secure Digital Host Controller Interface driver
[    1.489917] sdhci: Copyright(c) Pierre Ossman
[    1.495992] Synopsys Designware Multimedia Card Interface Driver
[    1.503230] sdhci-pltfm: SDHCI platform and OF driver helper
[    1.509699] sdhci-tegra 700b0400.sdhci: Got CD GPIO
[    1.514605] sdhci-tegra 700b0400.sdhci: Got WP GPIO
[    1.519548] mmc0: Unknown controller version (3). You may experience problems.
[    1.527081] mmc0: Unknown controller version (3). You may experience problems.
[    1.534390] mmc0: Invalid maximum block size, assuming 512 bytes
[    1.574918] mmc0: SDHCI controller on 700b0600.sdhci [700b0600.sdhci] using ADMA 64-bit
[    1.584663] ledtrig-cpu: registered to indicate activity on CPUs
[    1.590886] usbcore: registered new interface driver usbhid
[    1.596466] usbhid: USB HID core driver
[    1.608865] NET: Registered protocol family 10
[    1.614046] sit: IPv6 over IPv4 tunneling driver
[    1.619441] NET: Registered protocol family 17
[    1.623915] can: controller area network core (rev 20120528 abi 9)
[    1.630163] NET: Registered protocol family 29
[    1.634608] can: raw protocol (rev 20120528)
[    1.638894] can: broadcast manager protocol (rev 20120528 t)
[    1.644575] can: netlink gateway (rev 20130117) max_hops=1
[    1.650476] Key type dns_resolver registered
[    1.655401] ThumbEE CPU extension supported.
[    1.659678] Registering SWP/SWPB emulation handler
[    1.676739] tegra-pcie 1003000.pcie-controller: 2x1, 1x1 configuration
[    1.683701] +3.3V_SYS: supplied by +VDD_MUX
[    1.688002] +3.3V_LP0: supplied by +3.3V_SYS
[    1.692731] +1.35V_LP0(sd2): supplied by +5V_SYS
[    1.697489] +1.05V_RUN_AVDD: supplied by +1.35V_LP0(sd2)
[    1.704840] tegra-pcie 1003000.pcie-controller: probing port 0, using 2 lanes
[    1.715604] tegra-pcie 1003000.pcie-controller: Slot present pin change, signature: 00000008
[    1.754739] mmc0: MAN_BKOPS_EN bit is not set
[    1.772611] mmc0: new HS200 MMC card at address 0001
[    1.778766] mmcblk0: mmc0:0001 SEM16G 14.7 GiB 
[    1.783892] mmcblk0boot0: mmc0:0001 SEM16G partition 1 4.00 MiB
[    1.790781] mmcblk0boot1: mmc0:0001 SEM16G partition 2 4.00 MiB
[    1.797402] mmcblk0rpmb: mmc0:0001 SEM16G partition 3 4.00 MiB
[    1.806981] Primary GPT is invalid, using alternate GPT.
[    1.812364]  mmcblk0: p1 p2 p3 p4 p5 p6 p7 p8 p9
[    2.133654] tegra-pcie 1003000.pcie-controller: link 0 down, retrying
[    2.562367] tegra-pcie 1003000.pcie-controller: link 0 down, retrying
[    2.991175] tegra-pcie 1003000.pcie-controller: link 0 down, retrying
[    2.999747] tegra-pcie 1003000.pcie-controller: link 0 down, ignoring
[    3.006243] tegra-pcie 1003000.pcie-controller: probing port 1, using 1 lanes
[    3.015550] tegra-pcie 1003000.pcie-controller: Slot present pin change, signature: 00000000
[    3.435714] tegra-pcie 1003000.pcie-controller: link 1 down, retrying
[    3.864535] tegra-pcie 1003000.pcie-controller: link 1 down, retrying
[    4.292395] tegra-pcie 1003000.pcie-controller: link 1 down, retrying
[    4.300984] tegra-pcie 1003000.pcie-controller: link 1 down, ignoring
[    4.307692] tegra-pcie 1003000.pcie-controller: PCI host bridge to bus 0000:00
[    4.314925] pci_bus 0000:00: root bus resource [mem 0x13000000-0x1fffffff]
[    4.321808] pci_bus 0000:00: root bus resource [mem 0x20000000-0x3fffffff pref]
[    4.329122] pci_bus 0000:00: root bus resource [bus 00-ff]
[    4.334615] pci_bus 0000:00: root bus resource [io  0x1000-0xffff]
[    4.340826] PCI: bus0: Fast back to back transfers enabled
[    4.347259] +5V_HDMI_CON: supplied by +5V_SYS
[    4.351755] +1.05V_RUN_AVDD_HDMI_PLL: supplied by +1.05V_RUN
[    4.357570] +3.3V_RUN: supplied by +3.3V_SYS
[    4.361884] +3.3V_AVDD_HDMI_AP_GATED: supplied by +3.3V_RUN
[    4.369460] [drm] Supports vblank timestamp caching Rev 2 (21.10.2013).
[    4.376129] [drm] No driver support for vblank timestamp query.
[    4.479496] tegra-hdmi 54280000.hdmi: cannot set audio to 44100 at 297000000 pclk
[    4.631558] Console: switching to colour frame buffer device 512x135
[    4.726702] drm drm: fb0:  frame buffer device
[    4.745018] [drm] Initialized tegra 0.0.0 20120330 on minor 0
[    4.752166] +5V_SATA: supplied by +5V_SYS
[    4.756422] +12V_SATA: supplied by +VDD_MUX
[    4.761371] tegra-ahci 70027000.sata: AHCI 0001.0301 32 slots 2 ports 3 Gbps 0x1 impl platform mode
[    4.770447] tegra-ahci 70027000.sata: flags: 64bit ncq sntf pm led pio slum part sadm sds apst 
[    4.781842] scsi host0: tegra-ahci
[    4.786436] scsi host1: tegra-ahci
[    4.790213] ata1: SATA max UDMA/133 mmio [mem 0x70027000-0x70028fff] port 0x100 irq 341
[    4.798223] ata2: DUMMY
[    4.802357] +5V_USB_HS: supplied by +5V_SYS
[    4.808149] tegra-ehci 7d008000.usb: EHCI Host Controller
[    4.813583] tegra-ehci 7d008000.usb: new USB bus registered, assigned bus number 2
[    4.821375] tegra-ehci 7d008000.usb: irq 349, io mem 0x7d008000
[    4.835018] tegra-ehci 7d008000.usb: USB 2.0 started, EHCI 1.10
[    4.842139] hub 2-0:1.0: USB hub found
[    4.845990] hub 2-0:1.0: 1 port detected
[    4.851531] cpu: dev_pm_opp_of_cpumask_add_table: couldn't find opp table for cpu:0, -19
[    4.859767] cpufreq: cpufreq_online: CPU0: Running at unlisted freq: 696000 KHz
[    4.867135] cpufreq: cpufreq_online: CPU0: Unlisted initial frequency changed to: 714000 KHz
[    4.876397] sdhci-tegra 700b0400.sdhci: Got CD GPIO
[    4.881303] sdhci-tegra 700b0400.sdhci: Got WP GPIO
[    4.886231] mmc1: Unknown controller version (3). You may experience problems.
[    4.893562] +VDDIO_SDMMC3: supplied by +3.3V_RUN
[    4.898250] mmc1: Invalid maximum block size, assuming 512 bytes
[    4.940165] mmc1: SDHCI controller on 700b0400.sdhci [700b0400.sdhci] using ADMA 64-bit
[    4.949732] input: gpio-keys as /devices/soc0/gpio-keys/input/input0
[    4.957076] as3722-rtc as3722-rtc: setting system clock to 2000-01-01 00:03:02 UTC (946684982)
[    4.969409] +1.8V_RUN_CAM: disabling
[    4.973192] +2.8V_RUN_CAM: disabling
[    4.976979] +1.2V_RUN_CAM_FRONT: disabling
[    4.981243] +1.05V_RUN_CAM_REAR: disabling
[    4.985506] +3.3V_RUN_TOUCH: disabling
[    4.989398] +2.8V_RUN_CAM_AF: disabling
[    4.993443] +1.8V_RUN_VPP_FUSE: disabling
[    4.997622] +USB0_VBUS_SW: disabling
[    5.112622] ata1: SATA link down (SStatus 0 SControl 300)
[    5.119060] EXT4-fs (mmcblk0p1): couldn't mount as ext3 due to feature incompatibilities
[    5.127715] EXT4-fs (mmcblk0p1): couldn't mount as ext2 due to feature incompatibilities
[    5.146587] EXT4-fs (mmcblk0p1): recovery complete
[    5.151421] EXT4-fs (mmcblk0p1): mounted filesystem with ordered data mode. Opts: (null)
[    5.159560] VFS: Mounted root (ext4 filesystem) on device 179:1.
[    5.165692] usb 2-1: new high-speed USB device number 2 using tegra-ehci
[    5.174143] devtmpfs: mounted
[    5.177668] Freeing unused kernel memory: 1096K (c0e48000 - c0f5a000)
bash: cannot set terminal process group (-1): Inappropriate ioctl for device
bash: no job control in this shell
root@(none):/# mount -t sysfs none /sys
root@(none):/# 
root@(none):/# mount -t debugfs none /sys/kernel/debug
root@(none):/# 
root@(none):/# rtcwake -d rtc1 -m mem -s 3
rtcwake: assuming RTC uses UTC ...
rtcwake: wakeup from "mem" using /dev/rtc1 at Thu Jan  1 00:00:25 1970
[    8.474242] PM: Syncing filesystems ... done.
[    8.745336] Freezing user space processes ... (elapsed 0.001 seconds) done.
[    8.753808] Freezing remaining freezable tasks ... (elapsed 0.001 seconds) done.
[    8.762430] Suspending console(s) (use no_console_suspend to debug)
[    8.855214] PM: suspend of devices complete after 85.937 msecs
[    8.856729] PM: late suspend of devices complete after 1.507 msecs
[    8.857567] PM: noirq suspend of devices complete after 0.833 msecs
[    8.857568] Disabling non-boot CPUs ...
[    8.857927] CPU1: shutdown
[    8.870819] IRQ16 no longer affine to CPU2
[    8.871007] CPU2: shutdown
[    8.895825] CPU3: shutdown
[    8.910362] Entering suspend state LP1
[    8.910375] Enabling non-boot CPUs ...
[    8.935594] CPU1 is up
[    8.960642] CPU2 is up
[    8.985766] CPU3 is up
[    8.986332] PM: noirq resume of devices complete after 0.561 msecs
[    8.987651] PM: early resume of devices complete after 1.018 msecs
[    8.989798] tegra-hdmi 54280000.hdmi: cannot set audio to 44100 at 297000000 pclk
[    9.116473] PM: resume of devices complete after 128.813 msecs
[    9.191582] Restarting tasks ... done.
root@(none):/# 
root@(none):/# [    9.377350] ata1: SATA link down (SStatus 0 SControl 300)
rtcwake -d rtc1 -m mem -s 3
rtcwake: assuming RTC uses UTC ...
rtcwake: wakeup from "mem" using /dev/rtc1 at Thu Jan  1 00:00:29 1970
[    9.530653] PM: Syncing filesystems ... done.
[    9.609980] Freezing user space processes ... (elapsed 0.001 seconds) done.
[    9.618255] Freezing remaining freezable tasks ... (elapsed 0.001 seconds) done.
[    9.627104] Suspending console(s) (use no_console_suspend to debug)
[    9.730649] PM: suspend of devices complete after 96.091 msecs
[    9.733155] PM: late suspend of devices complete after 2.492 msecs
[    9.735006] PM: noirq suspend of devices complete after 1.843 msecs
[    9.735010] Disabling non-boot CPUs ...
[    9.735726] CPU1: shutdown
[    9.762174] CPU2: shutdown
[    9.786517] IRQ16 no longer affine to CPU3
[    9.786852] CPU3: shutdown
[    9.800910] Entering suspend state LP1
[    9.800924] Enabling non-boot CPUs ...
[    9.825628] CPU1 is up
[    9.850696] CPU2 is up
[    9.875828] CPU3 is up
[    9.876397] PM: noirq resume of devices complete after 0.563 msecs
[    9.877623] PM: early resume of devices complete after 0.928 msecs
[    9.880478] tegra-hdmi 54280000.hdmi: cannot set audio to 44100 at 297000000 pclk
[   10.011432] PM: resume of devices complete after 133.800 msecs
[   10.086559] Restarting tasks ... done.
root@(none):/# 
root@(none):/# [   10.267385] ata1: SATA link down (SStatus 0 SControl 300)
rtcwake -d rtc1 -m mem -s 3
rtcwake: assuming RTC uses UTC ...
rtcwake: wakeup from "mem" using /dev/rtc1 at Thu Jan  1 00:00:33 1970
[   10.420730] PM: Syncing filesystems ... done.
[   10.453920] Freezing user space processes ... (elapsed 0.001 seconds) done.
[   10.462127] Freezing remaining freezable tasks ... (elapsed 0.001 seconds) done.
[   10.470902] Suspending console(s) (use no_console_suspend to debug)
[   10.580380] PM: suspend of devices complete after 102.018 msecs
[   10.582853] PM: late suspend of devices complete after 2.459 msecs
[   10.584584] PM: noirq suspend of devices complete after 1.724 msecs
[   10.584588] Disabling non-boot CPUs ...
[   10.585026] IRQ16 no longer affine to CPU1
[   10.585371] CPU1: shutdown
[   10.617110] CPU2: shutdown
[   10.631846] CPU3: shutdown
[   10.645889] Entering suspend state LP1
[   10.645902] Enabling non-boot CPUs ...
[   10.670596] CPU1 is up
[   10.695671] CPU2 is up
[   10.720805] CPU3 is up
[   10.721379] PM: noirq resume of devices complete after 0.568 msecs
[   10.722997] PM: early resume of devices complete after 1.295 msecs
[   10.725034] tegra-hdmi 54280000.hdmi: cannot set audio to 44100 at 297000000 pclk
[   10.856611] PM: resume of devices complete after 133.605 msecs
[   10.931833] Restarting tasks ... done.
root@(none):/# 
root@(none):/# [   11.112481] ata1: SATA link down (SStatus 0 SControl 300)
rtcwake -d rtc1 -m mem -s 3
rtcwake: assuming RTC uses UTC ...
rtcwake: wakeup from "mem" using /dev/rtc1 at Thu Jan  1 00:00:37 1970
[   11.266410] PM: Syncing filesystems ... done.
[   11.308690] Freezing user space processes ... (elapsed 0.001 seconds) done.
[   11.316918] Freezing remaining freezable tasks ... (elapsed 0.001 seconds) done.
[   11.325560] Suspending console(s) (use no_console_suspend to debug)
[   11.420191] PM: suspend of devices complete after 87.703 msecs
[   11.421497] PM: late suspend of devices complete after 1.298 msecs
[   11.422498] PM: noirq suspend of devices complete after 0.995 msecs
[   11.422500] Disabling non-boot CPUs ...
[   11.422914] CPU1: shutdown
[   11.436075] CPU2: shutdown
[   11.460687] IRQ16 no longer affine to CPU3
[   11.460889] CPU3: shutdown
[   11.475365] Entering suspend state LP1
[   11.475378] Enabling non-boot CPUs ...
[   11.500573] CPU1 is up
[   11.525646] CPU2 is up
[   11.550784] CPU3 is up
[   11.551369] PM: noirq resume of devices complete after 0.579 msecs
[   11.552937] PM: early resume of devices complete after 1.244 msecs
[   11.555221] tegra-hdmi 54280000.hdmi: cannot set audio to 44100 at 297000000 pclk
[   11.686580] PM: resume of devices complete after 133.633 msecs
[   11.761688] Restarting tasks ... done.
root@(none):/# 
root@(none):/# [   11.942269] ata1: SATA link down (SStatus 0 SControl 300)
rtcwake -d rtc1 -m mem -s 3
rtcwake: assuming RTC uses UTC ...
rtcwake: wakeup from "mem" using /dev/rtc1 at Thu Jan  1 00:00:41 1970
[   12.103163] PM: Syncing filesystems ... done.
[   12.159639] Freezing user space processes ... (elapsed 0.001 seconds) done.
[   12.167871] Freezing remaining freezable tasks ... (elapsed 0.001 seconds) done.
[   12.176585] Suspending console(s) (use no_console_suspend to debug)
[   12.295210] PM: suspend of devices complete after 111.504 msecs
[   12.296763] PM: late suspend of devices complete after 1.547 msecs
[   12.297999] PM: noirq suspend of devices complete after 1.231 msecs
[   12.298002] Disabling non-boot CPUs ...
[   12.298286] IRQ16 no longer affine to CPU1
[   12.298534] CPU1: shutdown
[   12.311453] CPU2: shutdown
[   12.336238] CPU3: shutdown
[   12.350549] Entering suspend state LP1
[   12.350562] Enabling non-boot CPUs ...
[   12.375557] CPU1 is up
[   12.400622] CPU2 is up
[   12.425761] CPU3 is up
[   12.426342] PM: noirq resume of devices complete after 0.576 msecs
[   12.427923] PM: early resume of devices complete after 1.258 msecs
[   12.430043] tegra-hdmi 54280000.hdmi: cannot set audio to 44100 at 297000000 pclk
[   12.561433] PM: resume of devices complete after 133.500 msecs
[   12.636628] Restarting tasks ... done.
root@(none):/# 
NVTB SYSTEM SUSPEND TEST COMPLETE
root@(none):/# [   12.817300] ata1: SATA link down (SStatus 0 SControl 300)
