
U-Boot SPL 2015.04-rc3-00209-ga74ef40 (Mar 16 2015 - 14:43:39)


U-Boot 2015.04-rc3-00209-ga74ef40 (Mar 16 2015 - 14:43:39)

TEGRA20
Model: Compulab TrimSlice board
DRAM:  1 GiB
MMC:   Tegra SD/MMC: 0, Tegra SD/MMC: 1
SF: Detected W25Q80BL with page size 256 Bytes, erase size 4 KiB, total 1 MiB
tegra-pcie: PCI regions:
tegra-pcie:   I/O: 0x82000000-0x82010000
tegra-pcie:   non-prefetchable memory: 0xa0000000-0xa8000000
tegra-pcie:   prefetchable memory: 0xa8000000-0xc0000000
tegra-pcie: dual-mode configuration
tegra-pcie: probing port 0, using 2 lanes
In:    serial
Out:   serial
Err:   serial
Net:   RTL8169#0
Hit any key to stop autoboot:  2  0 
Tegra20 (TrimSlice) # 
Tegra20 (TrimSlice) # usb reset
resetting USB...
USB0:   USB EHCI 1.00
scanning bus 0 for devices... 3 USB Device(s) found
USB1:   USB EHCI 1.00
scanning bus 1 for devices... 1 USB Device(s) found
USB2:   lowlevel init failed
       scanning usb for storage devices... 0 Storage Device(s) found
       scanning usb for ethernet devices... 
Warning: asx0 using MAC address from net device
1 Ethernet Device(s) found
Tegra20 (TrimSlice) # setenv bootargs 'ignore_loglevel console=ttyS0,115200n8 rw root=/dev/mmcblk0p1 rootwait gpt debug noinitrd earlyprintk init=/bin/bash'
Tegra20 (TrimSlice) # setenv ipaddr 192.168.100.103; setenv serverip 192.168.100.1; setenv tftpserverip 192.168.100.1
Tegra20 (TrimSlice) # tftpboot 0x00408000 zImage.multi_v7_defconfig
Using RTL8169#0 device
TFTP from server 192.168.100.1; our IP address is 192.168.100.103
Filename 'zImage.multi_v7_defconfig'.
Load address: 0x408000
Loading: *#################################################################
	 #################################################################
	 #################################################################
	 #################################################################
	 #################################################################
	 #################################################################
	 ##############################
	 4.1 MiB/s
done
Bytes transferred = 6153392 (5de4b0 hex)
Tegra20 (TrimSlice) # tftpboot 0x02408000 tegra20-trimslice.dtb
Using RTL8169#0 device
TFTP from server 192.168.100.1; our IP address is 192.168.100.103
Filename 'tegra20-trimslice.dtb'.
Load address: 0x2408000
Loading: *##
	 3.4 MiB/s
done
Bytes transferred = 21130 (528a hex)
Tegra20 (TrimSlice) # bootz 0x00408000 - 0x02408000
Kernel image @ 0x408000 [ 0x000000 - 0x5de4b0 ]
## Flattened Device Tree blob at 02408000
   Booting using the fdt blob at 0x2408000
   Using Device Tree in place at 02408000, end 02410289

Starting kernel ...

[    0.000000] Booting Linux on physical CPU 0x0
[    0.000000] Linux version 4.2.0-rc2-26810-gbc0195a (pwalmsley@sellafield) (gcc version 4.7.3 20130328 (prerelease) (crosstool-NG linaro-1.13.1-4.7-2013.04-20130415 - Linaro GCC 2013.04) ) #1 SMP Sun Jul 12 16:03:09 PDT 2015
[    0.000000] CPU: ARMv7 Processor [411fc090] revision 0 (ARMv7), cr=10c5387d
[    0.000000] CPU: PIPT / VIPT nonaliasing data cache, VIPT aliasing instruction cache
[    0.000000] Machine model: Compulab TrimSlice board
[    0.000000] debug: ignoring loglevel setting.
[    0.000000] cma: Reserved 64 MiB at 0x3c000000
[    0.000000] Memory policy: Data cache writealloc
[    0.000000] On node 0 totalpages: 262144
[    0.000000] free_area_init_node: node 0, pgdat c0efda80, node_mem_map eeff8000
[    0.000000]   DMA zone: 1520 pages used for memmap
[    0.000000]   DMA zone: 0 pages reserved
[    0.000000]   DMA zone: 194560 pages, LIFO batch:31
[    0.000000]   HighMem zone: 67584 pages, LIFO batch:15
[    0.000000] PERCPU: Embedded 11 pages/cpu @eefcc000 s14784 r8192 d22080 u45056
[    0.000000] pcpu-alloc: s14784 r8192 d22080 u45056 alloc=11*4096
[    0.000000] pcpu-alloc: [0] 0 [0] 1 
[    0.000000] Built 1 zonelists in Zone order, mobility grouping on.  Total pages: 260624
[    0.000000] Kernel command line: ignore_loglevel console=ttyS0,115200n8 rw root=/dev/mmcblk0p1 rootwait gpt debug noinitrd earlyprintk init=/bin/bash
[    0.000000] PID hash table entries: 4096 (order: 2, 16384 bytes)
[    0.000000] Dentry cache hash table entries: 131072 (order: 7, 524288 bytes)
[    0.000000] Inode-cache hash table entries: 65536 (order: 6, 262144 bytes)
[    0.000000] Memory: 960212K/1048576K available (7782K kernel code, 1038K rwdata, 3508K rodata, 944K init, 327K bss, 22828K reserved, 65536K cma-reserved, 204800K highmem)
[    0.000000] Virtual kernel memory layout:
[    0.000000]     vector  : 0xffff0000 - 0xffff1000   (   4 kB)
[    0.000000]     fixmap  : 0xffc00000 - 0xfff00000   (3072 kB)
[    0.000000]     vmalloc : 0xf0000000 - 0xff000000   ( 240 MB)
[    0.000000]     lowmem  : 0xc0000000 - 0xef800000   ( 760 MB)
[    0.000000]     pkmap   : 0xbfe00000 - 0xc0000000   (   2 MB)
[    0.000000]     modules : 0xbf000000 - 0xbfe00000   (  14 MB)
[    0.000000]       .text : 0xc0208000 - 0xc0d0fa60   (11295 kB)
[    0.000000]       .init : 0xc0d10000 - 0xc0dfc000   ( 944 kB)
[    0.000000]       .data : 0xc0dfc000 - 0xc0effa80   (1039 kB)
[    0.000000]        .bss : 0xc0f02000 - 0xc0f53c28   ( 328 kB)
[    0.000000] SLUB: HWalign=64, Order=0-3, MinObjects=0, CPUs=2, Nodes=1
[    0.000000] Hierarchical RCU implementation.
[    0.000000] 	Additional per-CPU info printed with stalls.
[    0.000000] 	Build-time adjustment of leaf fanout to 32.
[    0.000000] 	RCU restricting CPUs from NR_CPUS=16 to nr_cpu_ids=2.
[    0.000000] RCU: Adjusting geometry for rcu_fanout_leaf=32, nr_cpu_ids=2
[    0.000000] NR_IRQS:16 nr_irqs:16 16
[    0.000000] /interrupt-controller@60004000: 128 interrupts forwarded to /interrupt-controller@50041000
[    0.000000] L2C: platform modifies aux control register: 0x02080000 -> 0x3e480001
[    0.000000] L2C: DT/platform modifies aux control register: 0x02080000 -> 0x3e480001
[    0.000000] L2C-310 errata 727915 769419 enabled
[    0.000000] L2C-310 enabling early BRESP for Cortex-A9
[    0.000000] L2C-310: enabling full line of zeros but not enabled in Cortex-A9
[    0.000000] L2C-310 ID prefetch enabled, offset 1 lines
[    0.000000] L2C-310 cache controller enabled, 8 ways, 1024 kB
[    0.000000] L2C-310: CACHE_ID 0x410000c4, AUX_CTRL 0x7e480001
[    0.000010] sched_clock: 32 bits at 1000kHz, resolution 1000ns, wraps every 2147483647500ns
[    0.000026] clocksource: timer_us: mask: 0xffffffff max_cycles: 0xffffffff, max_idle_ns: 1911260446275 ns
[    0.000036] Switching to timer-based delay loop, resolution 1000ns
[    0.001477] Console: colour dummy device 80x30
[    0.001497] Calibrating delay loop (skipped), value calculated using timer frequency.. 2.00 BogoMIPS (lpj=5000)
[    0.001508] pid_max: default: 32768 minimum: 301
[    0.001594] Mount-cache hash table entries: 2048 (order: 1, 8192 bytes)
[    0.001603] Mountpoint-cache hash table entries: 2048 (order: 1, 8192 bytes)
[    0.002066] CPU: Testing write buffer coherency: ok
[    0.002236] CPU0: thread -1, cpu 0, socket 0, mpidr 80000000
[    0.002283] Setting up static identity map for 0x209000 - 0x209098
[    0.003474] Tegra Revision: A03 prime SKU: 8 CPU Process: 1 Core Process: 2
[    0.004343] CPU1: thread -1, cpu 1, socket 0, mpidr 80000001
[    0.004398] Brought up 2 CPUs
[    0.004409] SMP: Total of 2 processors activated (4.00 BogoMIPS).
[    0.004415] CPU: All CPU(s) started in SVC mode.
[    0.004778] devtmpfs: initialized
[    0.008893] VFP support v0.3: implementor 41 architecture 3 part 30 variant 9 rev 1
[    0.009300] clocksource: jiffies: mask: 0xffffffff max_cycles: 0xffffffff, max_idle_ns: 9556302231375000 ns
[    0.012528] pinctrl core: initialized pinctrl subsystem
[    0.013716] NET: Registered protocol family 16
[    0.015766] DMA: preallocated 256 KiB pool for atomic coherent allocations
[    0.029927] cpuidle: using governor ladder
[    0.044925] cpuidle: using governor menu
[    0.055616] No ATAGs?
[    0.055645] hw-breakpoint: found 5 (+1 reserved) breakpoint and 1 watchpoint registers.
[    0.055652] hw-breakpoint: maximum watchpoint size is 4 bytes.
[    0.058433] Serial: AMBA PL011 UART driver
[    0.083253] usb1_vbus: Failed to request enable GPIO170: -517
[    0.083336] reg-fixed-voltage regulators:regulator@2: Failed to register regulator: -517
[    0.086883] vgaarb: loaded
[    0.087460] SCSI subsystem initialized
[    0.087588] libata version 3.00 loaded.
[    0.087804] usbcore: registered new interface driver usbfs
[    0.087851] usbcore: registered new interface driver hub
[    0.087897] usbcore: registered new device driver usb
[    0.089875] pps_core: LinuxPPS API ver. 1 registered
[    0.089882] pps_core: Software ver. 5.3.6 - Copyright 2005-2007 Rodolfo Giometti <giometti@linux.it>
[    0.089920] PTP clock support registered
[    0.090085] EDAC MC: Ver: 3.0.0
[    0.091886] clocksource: Switched to clocksource timer_us
[    0.099910] NET: Registered protocol family 2
[    0.100337] TCP established hash table entries: 8192 (order: 3, 32768 bytes)
[    0.100411] TCP bind hash table entries: 8192 (order: 4, 65536 bytes)
[    0.100525] TCP: Hash tables configured (established 8192 bind 8192)
[    0.100595] UDP hash table entries: 512 (order: 2, 16384 bytes)
[    0.100643] UDP-Lite hash table entries: 512 (order: 2, 16384 bytes)
[    0.100815] NET: Registered protocol family 1
[    0.101012] RPC: Registered named UNIX socket transport module.
[    0.101019] RPC: Registered udp transport module.
[    0.101025] RPC: Registered tcp transport module.
[    0.101030] RPC: Registered tcp NFSv4.1 backchannel transport module.
[    0.101046] PCI: CLS 0 bytes, default 64
[    0.101781] hw perfevents: Failed to parse /pmu/interrupt-affinity[0]
[    0.101813] hw perfevents: enabled with armv7_cortex_a9 PMU driver, 7 counters available
[    0.102870] futex hash table entries: 512 (order: 3, 32768 bytes)
[    0.111071] squashfs: version 4.0 (2009/01/31) Phillip Lougher
[    0.111737] NFS: Registering the id_resolver key type
[    0.111765] Key type id_resolver registered
[    0.111771] Key type id_legacy registered
[    0.111821] ntfs: driver 2.1.32 [Flags: R/O].
[    0.112640] bounce: pool size: 64 pages
[    0.112811] Block layer SCSI generic (bsg) driver version 0.4 loaded (major 249)
[    0.112824] io scheduler noop registered
[    0.112834] io scheduler deadline registered
[    0.112997] io scheduler cfq registered (default)
[    0.121759] tegra-pcie 80003000.pcie-controller: dual-mode configuration
[    0.122340] tegra-pcie 80003000.pcie-controller: probing port 0, using 2 lanes
[    0.206077] tegra-pcie 80003000.pcie-controller: PCI host bridge to bus 0000:00
[    0.206090] pci_bus 0000:00: root bus resource [mem 0xa0000000-0xa7ffffff]
[    0.206100] pci_bus 0000:00: root bus resource [mem 0xa8000000-0xbfffffff pref]
[    0.206109] pci_bus 0000:00: root bus resource [bus 00-ff]
[    0.206117] pci_bus 0000:00: root bus resource [io  0x1000-0xffff]
[    0.206143] pci 0000:00:01.0: [10de:0bf0] type 01 class 0x060000
[    0.206176] pci 0000:00:01.0: IOMMU is currently not supported for PCI
[    0.206206] pci 0000:00:01.0: PME# supported from D0 D1 D2 D3hot D3cold
[    0.206393] PCI: bus0: Fast back to back transfers disabled
[    0.206403] pci 0000:00:01.0: bridge configuration invalid ([bus 00-00]), reconfiguring
[    0.206534] pci 0000:01:00.0: [10ec:8168] type 00 class 0x020000
[    0.206572] pci 0000:01:00.0: reg 0x10: [io  0x0000-0x00ff]
[    0.206594] pci 0000:01:00.0: reg 0x18: [mem 0x00000000-0x00000fff 64bit pref]
[    0.206612] pci 0000:01:00.0: reg 0x20: [mem 0x00000000-0x00003fff 64bit pref]
[    0.206625] pci 0000:01:00.0: reg 0x30: [mem 0x00000000-0x0001ffff pref]
[    0.206639] pci 0000:01:00.0: IOMMU is currently not supported for PCI
[    0.206682] pci 0000:01:00.0: supports D1 D2
[    0.206689] pci 0000:01:00.0: PME# supported from D0 D1 D2 D3hot D3cold
[    0.211914] PCI: bus1: Fast back to back transfers disabled
[    0.211927] pci_bus 0000:01: busn_res: [bus 01-ff] end is updated to 01
[    0.211939] Disabling cpuidle LP2 state, since PCIe IRQs are in use
[    0.211991] pci 0000:00:01.0: BAR 8: assigned [mem 0xa0000000-0xa00fffff]
[    0.212003] pci 0000:00:01.0: BAR 9: assigned [mem 0xa8000000-0xa80fffff 64bit pref]
[    0.212013] pci 0000:00:01.0: BAR 7: assigned [io  0x1000-0x1fff]
[    0.212025] pci 0000:01:00.0: BAR 6: assigned [mem 0xa0000000-0xa001ffff pref]
[    0.212035] pci 0000:01:00.0: BAR 4: assigned [mem 0xa8000000-0xa8003fff 64bit pref]
[    0.212052] pci 0000:01:00.0: BAR 2: assigned [mem 0xa8004000-0xa8004fff 64bit pref]
[    0.212068] pci 0000:01:00.0: BAR 0: assigned [io  0x1000-0x10ff]
[    0.212079] pci 0000:00:01.0: PCI bridge to [bus 01]
[    0.212087] pci 0000:00:01.0:   bridge window [io  0x1000-0x1fff]
[    0.212095] pci 0000:00:01.0:   bridge window [mem 0xa0000000-0xa00fffff]
[    0.212104] pci 0000:00:01.0:   bridge window [mem 0xa8000000-0xa80fffff 64bit pref]
[    0.212123] pci 0000:00:01.0: nv_msi_ht_cap_quirk didn't locate host bridge
[    0.212189] pcieport 0000:00:01.0: enabling device (0140 -> 0143)
[    0.212346] pcieport 0000:00:01.0: Signaling PME through PCIe PME interrupt
[    0.212354] pci 0000:01:00.0: Signaling PME through PCIe PME interrupt
[    0.212364] pcie_pme 0000:00:01.0:pcie01: service driver pcie_pme loaded
[    0.213646] tegra-ahb 6000c004.ahb: incorrect AHB base address in DT data - enabling workaround
[    0.215754] tegra-apbdma 6000a000.dma: Tegra20 APB DMA driver register 16 channels
[    0.260650] Serial: 8250/16550 driver, 4 ports, IRQ sharing disabled
[    0.262438] SuperH (H)SCI(F) driver initialized
[    0.263152] msm_serial: driver initialized
[    0.263789] console [ttyS0] disabled
[    0.263823] 70006000.serial: ttyS0 at MMIO 0x70006000 (irq = 279, base_baud = 13500000) is a Tegra
[    1.246758] console [ttyS0] enabled
[    1.250854] STMicroelectronics ASC driver initialized
[    1.257481] [drm] Initialized drm 1.1.0 20060810
[    1.263531] 54280000.hdmi supply hdmi not found, using dummy regulator
[    1.272675] [drm] Supports vblank timestamp caching Rev 2 (21.10.2013).
[    1.279286] [drm] No driver support for vblank timestamp query.
[    1.285215] drm drm: No connectors reported connected with modes
[    1.291221] [drm] Cannot find any crtc or sizes - going 1024x768
[    1.313129] Console: switching to colour frame buffer device 128x48
[    1.327797] drm drm: fb0:  frame buffer device
[    1.332240] drm drm: registered panic notifier
[    1.346906] [drm] Initialized tegra 0.0.0 20120330 on minor 0
[    1.357106] loop: module loaded
[    1.364755] m25p80 spi32766.0: found s25fl008k, expected w25q80bl
[    1.370858] m25p80 spi32766.0: s25fl008k (1024 Kbytes)
[    1.378284] CAN device driver interface
[    1.383075] igb: Intel(R) Gigabit Ethernet Network Driver - version 5.2.18-k
[    1.390120] igb: Copyright (c) 2007-2014 Intel Corporation.
[    1.396219] r8169 Gigabit Ethernet driver 2.3LK-NAPI loaded
[    1.401814] r8169 0000:01:00.0: enabling device (0140 -> 0143)
[    1.408278] r8169 0000:01:00.0 eth0: RTL8168d/8111d at 0xf005c000, 00:01:c0:13:7d:63, XID 081000c0 IRQ 296
[    1.417932] r8169 0000:01:00.0 eth0: jumbo features [frames: 9200 bytes, tx checksumming: ko]
[    1.428184] pegasus: v0.9.3 (2013/04/25), Pegasus/Pegasus II USB Ethernet driver
[    1.435635] usbcore: registered new interface driver pegasus
[    1.441346] usbcore: registered new interface driver asix
[    1.446787] usbcore: registered new interface driver ax88179_178a
[    1.452919] usbcore: registered new interface driver cdc_ether
[    1.458819] usbcore: registered new interface driver smsc75xx
[    1.464619] usbcore: registered new interface driver smsc95xx
[    1.470403] usbcore: registered new interface driver net1080
[    1.476100] usbcore: registered new interface driver cdc_subset
[    1.482061] usbcore: registered new interface driver zaurus
[    1.487703] usbcore: registered new interface driver cdc_ncm
[    1.493638] tegra-phy c5004000.usb-phy: no vbus regulator
[    1.500130] tegra-phy c5008000.usb-phy: no vbus regulator
[    1.506902] ehci_hcd: USB 2.0 'Enhanced' Host Controller (EHCI) Driver
[    1.513430] ehci-pci: EHCI PCI platform driver
[    1.517919] ehci-platform: EHCI generic platform driver
[    1.523306] ehci-omap: OMAP-EHCI Host Controller driver
[    1.528639] ehci-orion: EHCI orion driver
[    1.532757] SPEAr-ehci: EHCI SPEAr driver
[    1.536860] ehci-st: EHCI STMicroelectronics driver
[    1.541846] ehci-exynos: EHCI EXYNOS driver
[    1.546154] ehci-atmel: EHCI Atmel driver
[    1.550273] tegra-ehci: Tegra EHCI driver
[    1.573093] ulpi_phy_power_on: ulpi write failed
[    1.577712] tegra-ehci c5004000.usb: Failed to power on the phy
[    1.583640] tegra-ehci: probe of c5004000.usb failed with error -110
[    1.592622] tegra-ehci c5008000.usb: EHCI Host Controller
[    1.598036] tegra-ehci c5008000.usb: new USB bus registered, assigned bus number 1
[    1.605905] tegra-ehci c5008000.usb: irq 290, io mem 0xc5008000
[    1.616904] tegra-ehci c5008000.usb: USB 2.0 started, EHCI 1.00
[    1.623440] hub 1-0:1.0: USB hub found
[    1.627234] hub 1-0:1.0: 1 port detected
[    1.631459] ohci_hcd: USB 1.1 'Open' Host Controller (OHCI) Driver
[    1.637668] ohci-pci: OHCI PCI platform driver
[    1.642171] ohci-platform: OHCI generic platform driver
[    1.647543] ohci-omap3: OHCI OMAP3 driver
[    1.651646] SPEAr-ohci: OHCI SPEAr driver
[    1.655771] ohci-st: OHCI STMicroelectronics driver
[    1.660756] ohci-atmel: OHCI Atmel driver
[    1.664957] usbcore: registered new interface driver usb-storage
[    1.672092] mousedev: PS/2 mouse device common for all mice
[    1.679741] rtc-em3027 2-0056: rtc core: registered rtc-em3027 as rtc0
[    1.687473] tegra_rtc 7000e000.rtc: rtc core: registered 7000e000.rtc as rtc1
[    1.694640] tegra_rtc 7000e000.rtc: Tegra internal Real Time Clock
[    1.701232] i2c /dev entries driver
[    1.710700] sdhci: Secure Digital Host Controller Interface driver
[    1.716892] sdhci: Copyright(c) Pierre Ossman
[    1.722440] Synopsys Designware Multimedia Card Interface Driver
[    1.729271] sdhci-pltfm: SDHCI platform and OF driver helper
[    1.735679] sdhci-tegra c8000000.sdhci: No vmmc regulator found
[    1.741611] sdhci-tegra c8000000.sdhci: No vqmmc regulator found
[    1.747615] mmc0: Invalid maximum block size, assuming 512 bytes
[    1.781903] mmc0: SDHCI controller on c8000000.sdhci [c8000000.sdhci] using ADMA
[    1.789392] sdhci-tegra c8000600.sdhci: Got CD GPIO
[    1.794283] sdhci-tegra c8000600.sdhci: Got WP GPIO
[    1.799335] sdhci-tegra c8000600.sdhci: No vmmc regulator found
[    1.805257] sdhci-tegra c8000600.sdhci: No vqmmc regulator found
[    1.811260] mmc1: Invalid maximum block size, assuming 512 bytes
[    1.846979] mmc1: SDHCI controller on c8000600.sdhci [c8000600.sdhci] using ADMA
[    1.855216] ledtrig-cpu: registered to indicate activity on CPUs
[    1.861414] usbcore: registered new interface driver usbhid
[    1.866986] usbhid: USB HID core driver
[    1.873674] NET: Registered protocol family 17
[    1.878137] can: controller area network core (rev 20120528 abi 9)
[    1.884368] NET: Registered protocol family 29
[    1.888815] can: raw protocol (rev 20120528)
[    1.893086] can: broadcast manager protocol (rev 20120528 t)
[    1.898748] can: netlink gateway (rev 20130117) max_hops=1
[    1.904545] Key type dns_resolver registered
[    1.909164] ThumbEE CPU extension supported.
[    1.913453] Registering SWP/SWPB emulation handler
[    1.922848] utmi_phy_clk_enable: timeout waiting for phy to stabilize
[    1.929307] tegra-ehci c5000000.usb: EHCI Host Controller
[    1.934725] tegra-ehci c5000000.usb: new USB bus registered, assigned bus number 2
[    1.942382] usb 1-1: new high-speed USB device number 2 using tegra-ehci
[    1.949340] tegra-ehci c5000000.usb: irq 288, io mem 0xc5000000
[    1.989399] mmc0: host does not support reading read-only switch, assuming write-enable
[    1.999354] mmc0: new high speed SDHC card at address b368
[    2.005112] mmcblk0: mmc0:b368 NCard 3.70 GiB 
[    2.011410]  mmcblk0: p1
[    2.066924] tegra-ehci c5000000.usb: USB 2.0 started, EHCI 1.00
[    2.073774] hub 2-0:1.0: USB hub found
[    2.077621] hub 2-0:1.0: 1 port detected
[    2.083699] input: gpio-keys as /devices/soc0/gpio-keys/input/input0
[    2.090483] hub 1-1:1.0: USB hub found
[    2.094496] hub 1-1:1.0: 4 ports detected
[    2.098865] rtc-em3027 2-0056: setting system clock to 2014-12-26 18:59:54 UTC (1419620394)
[    2.115185] EXT4-fs (mmcblk0p1): mounting ext3 file system using the ext4 subsystem
[    2.136522] mmc1: new high speed SD card at address b368
[    2.142269] mmcblk1: mmc1:b368 NCard 1.83 GiB (ro)
[    2.149685]  mmcblk1: p1 p2
[    2.203747] EXT4-fs (mmcblk0p1): recovery complete
[    2.208567] EXT4-fs (mmcblk0p1): mounted filesystem with ordered data mode. Opts: (null)
[    2.216694] VFS: Mounted root (ext3 filesystem) on device 179:1.
[    2.231156] devtmpfs: mounted
[    2.235194] Freeing unused kernel memory: 944K (c0d10000 - c0dfc000)
[    2.406945] usb 1-1.2: new high-speed USB device number 3 using tegra-ehci
bash: cannot set terminal process group (-1): Inappropriate ioctl for device
bash: no job control in this shell
root@(none):/# 