Diff for ./qemu-vexpress64/__internal/defconfig_log.txt
--- /tmp/fooa	2017-08-20 15:13:32.863009400 -0700
+++ /tmp/foob	2017-08-20 15:13:32.863009400 -0700
@@ -1,5 +1,5 @@
 Booting Linux on physical CPU 0x0
-Linux version 4.13.0-rc5-304592-gef95484 (jonathanh@tamien) (gcc version 4.9.2 20140904 (prerelease) (crosstool-NG linaro-1.13.1-4.9-2014.09 - Linaro GCC 4.9-2014.09)) #1 SMP PREEMPT Tue Aug 15 14:38:41 PDT 2017
+Linux version 4.13.0-rc6-186564-g14ccee7 (jonathanh@kaivo) (gcc version 4.9.2 20140904 (prerelease) (crosstool-NG linaro-1.13.1-4.9-2014.09 - Linaro GCC 4.9-2014.09)) #1 SMP PREEMPT Sun Aug 20 15:10:09 PDT 2017
 Boot CPU: AArch64 Processor [411fd070]
 Machine model: linux,dummy-virt
 Memory limited to 1024MB
@@ -28,7 +28,7 @@
 Policy zone: DMA
 Kernel command line: root=/dev/vda2 rw rootwait mem=1024M console=ttyAMA0,38400n8 init=/bin/bash
 PID hash table entries: 4096 (order: 3, 32768 bytes)
-Memory: 999292K/1048576K available (9084K kernel code, 1128K rwdata, 4444K rodata, 1088K init, 403K bss, 32900K reserved, 16384K cma-reserved)
+Memory: 999292K/1048576K available (9084K kernel code, 1128K rwdata, 4448K rodata, 1088K init, 403K bss, 32900K reserved, 16384K cma-reserved)
 Virtual kernel memory layout:
     modules : 0xffff000000000000 - 0xffff000008000000   (   128 MB)
     vmalloc : 0xffff000008000000 - 0xffff7dffbfff0000   (129022 GB)
@@ -113,7 +113,7 @@
 hw perfevents: enabled with armv8_pmuv3 PMU driver, 1 counters available
 kvm [1]: HYP mode not available
 audit: initializing netlink subsys (disabled)
-audit: type=2000 audit(0.797:1): state=initialized audit_enabled=0 res=1
+audit: type=2000 audit(0.810:1): state=initialized audit_enabled=0 res=1
 workingset: timestamp_bits=44 max_order=18 bucket_order=0
 squashfs: version 4.0 (2009/01/31) Phillip Lougher
 NFS: Registering the id_resolver key type
@@ -179,7 +179,7 @@
 Key type dns_resolver registered
 registered taskstats version 1
 input: gpio-keys as /devices/platform/gpio-keys/input/input0
-rtc-pl031 9010000.pl031: setting system clock to 2017-08-15 21:39:47 UTC (1502833187)
+rtc-pl031 9010000.pl031: setting system clock to 2017-08-20 22:10:43 UTC (1503267043)
 ALSA device list:
   No soundcards found.
 uart-pl011 9000000.pl011: no DMA platform data
Diff for ./tegra114-dalmore-a04/tegra114-dalmore/multi_v7_defconfig_log.txt
--- /tmp/fooa	2017-08-20 15:13:32.883009480 -0700
+++ /tmp/foob	2017-08-20 15:13:32.883009480 -0700
@@ -39,21 +39,21 @@
 	 #################################################################
 	 #################################################################
 	 #################################################################
-	 ###########################
-	 3.3 MiB/s
+	 ##########################
+	 3 MiB/s
 done
-Bytes transferred = 8015304 (7a4dc8 hex)
+Bytes transferred = 8014792 (7a4bc8 hex)
 Tegra114 (Dalmore) # tftpboot 0x82000000 tegra114-dalmore.dtb
 Using asx0 device
 TFTP from server 192.168.100.1; our IP address is 192.168.100.100
 Filename 'tegra114-dalmore.dtb'.
 Load address: 0x82000000
 Loading: *###
-	 3 MiB/s
+	 2.8 MiB/s
 done
 Bytes transferred = 35044 (88e4 hex)
 Tegra114 (Dalmore) # bootz 0x81000000 - 0x82000000
-Kernel image @ 0x81000000 [ 0x000000 - 0x7a4dc8 ]
+Kernel image @ 0x81000000 [ 0x000000 - 0x7a4bc8 ]
 ## Flattened Device Tree blob at 82000000
    Booting using the fdt blob at 0x82000000
    Loading Device Tree to 8fff4000, end 8ffff8e3 ... OK
@@ -61,7 +61,7 @@
 Starting kernel ...
 
 Booting Linux on physical CPU 0x0
-Linux version 4.13.0-rc5-186351-gef95484 (jonathanh@sellafield) (gcc version 4.7.3 20130328 (prerelease) (crosstool-NG linaro-1.13.1-4.7-2013.04-20130415 - Linaro GCC 2013.04)) #1 SMP Tue Aug 15 14:33:49 PDT 2017
+Linux version 4.13.0-rc6-186564-g14ccee7 (jonathanh@sellafield) (gcc version 4.7.3 20130328 (prerelease) (crosstool-NG linaro-1.13.1-4.7-2013.04-20130415 - Linaro GCC 2013.04)) #1 SMP Sun Aug 20 15:06:31 PDT 2017
 CPU: ARMv7 Processor [412fc0f2] revision 2 (ARMv7), cr=10c5387d
 CPU: div instructions available: patching division code
 CPU: PIPT / VIPT nonaliasing data cache, PIPT instruction cache
@@ -72,7 +72,7 @@
 efi: UEFI not found.
 cma: Reserved 64 MiB at 0xfb800000
 On node 0 totalpages: 524032
-free_area_init_node: node 0, pgdat c157edc0, node_mem_map eeff8000
+free_area_init_node: node 0, pgdat c157ee00, node_mem_map eeff8000
   DMA zone: 1536 pages used for memmap
   DMA zone: 0 pages reserved
   DMA zone: 196608 pages, LIFO batch:31
@@ -95,7 +95,7 @@
     modules : 0xbf000000 - 0xbfe00000   (  14 MB)
       .text : 0xc0208000 - 0xc0d00000   (11232 kB)
       .init : 0xc1200000 - 0xc1400000   (2048 kB)
-      .data : 0xc1400000 - 0xc1586ba8   (1563 kB)
+      .data : 0xc1400000 - 0xc1586be8   (1563 kB)
        .bss : 0xc158fcb0 - 0xc15f46fc   ( 403 kB)
 SLUB: HWalign=64, Order=0-3, MinObjects=0, CPUs=4, Nodes=1
 Hierarchical RCU implementation.
@@ -336,7 +336,7 @@
 hub 1-0:1.0: USB hub found
 hub 1-0:1.0: 1 port detected
 input: gpio-keys as /devices/soc0/gpio-keys/input/input0
-palmas-rtc 7000d000.i2c:tps65913@58:rtc: setting system clock to 2000-01-07 04:25:48 UTC (947219148)
+palmas-rtc 7000d000.i2c:tps65913@58:rtc: setting system clock to 2000-01-12 05:00:37 UTC (947653237)
 dvdd_ts: disabling
 usb1_vbus: disabling
 vdd_cam_1v8_reg: disabling
@@ -348,4 +348,4 @@
 Freeing unused kernel memory: 2048K
 bash: cannot set terminal process group (-1): Inappropriate ioctl for device
 bash: no job control in this shell
-root@(none):/# [    2.599255] usb 1-1: new high-speed USB device number 2 using tegra-ehci
+root@(none):/# [    2.599410] usb 1-1: new high-speed USB device number 2 using tegra-ehci
Diff for ./tegra114-dalmore-a04/tegra114-dalmore/tegra_defconfig_log.txt
--- /tmp/fooa	2017-08-20 15:13:32.891009514 -0700
+++ /tmp/foob	2017-08-20 15:13:32.895009528 -0700
@@ -38,9 +38,9 @@
 	 #################################################################
 	 #################################################################
 	 #############################
-	 3.1 MiB/s
+	 2.9 MiB/s
 done
-Bytes transferred = 6145128 (5dc468 hex)
+Bytes transferred = 6147352 (5dcd18 hex)
 Tegra114 (Dalmore) # tftpboot 0x82000000 tegra114-dalmore.dtb
 Using asx0 device
 TFTP from server 192.168.100.1; our IP address is 192.168.100.100
@@ -51,7 +51,7 @@
 done
 Bytes transferred = 35044 (88e4 hex)
 Tegra114 (Dalmore) # bootz 0x81000000 - 0x82000000
-Kernel image @ 0x81000000 [ 0x000000 - 0x5dc468 ]
+Kernel image @ 0x81000000 [ 0x000000 - 0x5dcd18 ]
 ## Flattened Device Tree blob at 82000000
    Booting using the fdt blob at 0x82000000
    Loading Device Tree to 8fff4000, end 8ffff8e3 ... OK
@@ -60,7 +60,7 @@
 
 Uncompressing Linux... done, booting the kernel.
 Booting Linux on physical CPU 0x0
-Linux version 4.13.0-rc5-186351-gef95484 (jonathanh@kaivo) (gcc version 4.7.3 20130328 (prerelease) (crosstool-NG linaro-1.13.1-4.7-2013.04-20130415 - Linaro GCC 2013.04)) #1 SMP PREEMPT Tue Aug 15 14:34:01 PDT 2017
+Linux version 4.13.0-rc6-186564-g14ccee7 (jonathanh@kaivo) (gcc version 4.7.3 20130328 (prerelease) (crosstool-NG linaro-1.13.1-4.7-2013.04-20130415 - Linaro GCC 2013.04)) #1 SMP PREEMPT Sun Aug 20 15:05:42 PDT 2017
 CPU: ARMv7 Processor [412fc0f2] revision 2 (ARMv7), cr=10c5387d
 CPU: div instructions available: patching division code
 CPU: PIPT / VIPT nonaliasing data cache, PIPT instruction cache
@@ -70,7 +70,7 @@
 Memory policy: Data cache writealloc
 cma: Reserved 64 MiB at 0xfbc00000
 On node 0 totalpages: 524032
-free_area_init_node: node 0, pgdat c0eafa00, node_mem_map eeff7000
+free_area_init_node: node 0, pgdat c0eafa40, node_mem_map eeff7000
   Normal zone: 1536 pages used for memmap
   Normal zone: 0 pages reserved
   Normal zone: 196608 pages, LIFO batch:31
@@ -93,7 +93,7 @@
     modules : 0xbf000000 - 0xbfe00000   (  14 MB)
       .text : 0xc0008000 - 0xc0a00000   (10208 kB)
       .init : 0xc0d00000 - 0xc0e00000   (1024 kB)
-      .data : 0xc0e00000 - 0xc0eba208   ( 745 kB)
+      .data : 0xc0e00000 - 0xc0eba248   ( 745 kB)
        .bss : 0xc0ec45b0 - 0xc0f0f37c   ( 300 kB)
 Preemptible hierarchical RCU implementation.
 NR_IRQS: 16, nr_irqs: 16, preallocated irqs: 16
@@ -327,7 +327,7 @@
 hub 1-0:1.0: USB hub found
 hub 1-0:1.0: 1 port detected
 input: gpio-keys as /devices/soc0/gpio-keys/input/input1
-palmas-rtc 7000d000.i2c:tps65913@58:rtc: setting system clock to 2000-01-07 04:28:21 UTC (947219301)
+palmas-rtc 7000d000.i2c:tps65913@58:rtc: setting system clock to 2000-01-12 04:58:06 UTC (947653086)
 dvdd_ts: disabling
 usb1_vbus: disabling
 vdd_cam_1v8_reg: disabling
@@ -341,4 +341,5 @@
 Freeing unused kernel memory: 1024K
 bash: cannot set terminal process group (-1): Inappropriate ioctl for device
 bash: no job control in this shell
-root@(none):/# 
\ No newline at end of file
+root@(none):/# [    2.837066] usb 1-1: new high-speed USB device number 2 using tegra-ehci
+asix 1-1:1.0 eth0: register 'asix' at usb-7d008000.usb-1, ASIX AX88772 USB 2.0 Ethernet, 00:50:b6:0d:b5:16
Diff for ./tegra124-jetson-tk1/tegra124-jetson-tk1/multi_v7_defconfig_log.txt
--- /tmp/fooa	2017-08-20 15:13:32.915009612 -0700
+++ /tmp/foob	2017-08-20 15:13:32.919009628 -0700
@@ -34,10 +34,10 @@
 	 #################################################################
 	 #################################################################
 	 #################################################################
-	 ###########################
-	 4 MiB/s
+	 ##########################
+	 3.3 MiB/s
 done
-Bytes transferred = 8015304 (7a4dc8 hex)
+Bytes transferred = 8014792 (7a4bc8 hex)
 Tegra124 (Jetson TK1) # tftpboot 0x83000000 tegra124-jetson-tk1.dtb
 Using eth_rtl8169 device
 TFTP from server 192.168.100.1; our IP address is 192.168.100.102
@@ -48,7 +48,7 @@
 done
 Bytes transferred = 67161 (10659 hex)
 Tegra124 (Jetson TK1) # bootz 0x82000000 - 0x83000000
-Kernel image @ 0x82000000 [ 0x000000 - 0x7a4dc8 ]
+Kernel image @ 0x82000000 [ 0x000000 - 0x7a4bc8 ]
 ## Flattened Device Tree blob at 83000000
    Booting using the fdt blob at 0x83000000
    Using Device Tree in place at 83000000, end 83013658
@@ -56,7 +56,7 @@
 Starting kernel ...
 
 Booting Linux on physical CPU 0x0
-Linux version 4.13.0-rc5-186351-gef95484 (jonathanh@sellafield) (gcc version 4.7.3 20130328 (prerelease) (crosstool-NG linaro-1.13.1-4.7-2013.04-20130415 - Linaro GCC 2013.04)) #1 SMP Tue Aug 15 14:33:49 PDT 2017
+Linux version 4.13.0-rc6-186564-g14ccee7 (jonathanh@sellafield) (gcc version 4.7.3 20130328 (prerelease) (crosstool-NG linaro-1.13.1-4.7-2013.04-20130415 - Linaro GCC 2013.04)) #1 SMP Sun Aug 20 15:06:31 PDT 2017
 CPU: ARMv7 Processor [413fc0f3] revision 3 (ARMv7), cr=10c5387d
 CPU: div instructions available: patching division code
 CPU: PIPT / VIPT nonaliasing data cache, PIPT instruction cache
@@ -67,7 +67,7 @@
 efi: UEFI not found.
 cma: Reserved 64 MiB at 0xfb800000
 On node 0 totalpages: 524032
-free_area_init_node: node 0, pgdat c157edc0, node_mem_map eeff8000
+free_area_init_node: node 0, pgdat c157ee00, node_mem_map eeff8000
   DMA zone: 1536 pages used for memmap
   DMA zone: 0 pages reserved
   DMA zone: 196608 pages, LIFO batch:31
@@ -90,7 +90,7 @@
     modules : 0xbf000000 - 0xbfe00000   (  14 MB)
       .text : 0xc0208000 - 0xc0d00000   (11232 kB)
       .init : 0xc1200000 - 0xc1400000   (2048 kB)
-      .data : 0xc1400000 - 0xc1586ba8   (1563 kB)
+      .data : 0xc1400000 - 0xc1586be8   (1563 kB)
        .bss : 0xc158fcb0 - 0xc15f46fc   ( 403 kB)
 SLUB: HWalign=64, Order=0-3, MinObjects=0, CPUs=4, Nodes=1
 Hierarchical RCU implementation.
@@ -338,20 +338,20 @@
 as3722-ldo7: supplied by +1.8V_VDDIO
 +1.05V_RUN_CAM_REAR: Bringing 0uV into 1050000-1050000uV
 as3722-ldo9: supplied by +5V_SYS
-mmc0: new high speed MMC card at address 0001
-mmcblk0: mmc0:0001 SEM16G 14.7 GiB 
 +3.3V_RUN_TOUCH: Bringing 0uV into 2800000-2800000uV
-mmcblk0boot0: mmc0:0001 SEM16G partition 1 4.00 MiB
 as3722-ldo10: supplied by +5V_SYS
-mmcblk0boot1: mmc0:0001 SEM16G partition 2 4.00 MiB
 +2.8V_RUN_CAM_AF: Bringing 0uV into 2800000-2800000uV
-mmcblk0rpmb: mmc0:0001 SEM16G partition 3 4.00 MiB
 as3722-ldo11: supplied by +3.3V_RUN
 +1.8V_RUN_VPP_FUSE: Bringing 0uV into 1800000-1800000uV
- mmcblk0: p1
+mmc0: new high speed MMC card at address 0001
+mmcblk0: mmc0:0001 SEM16G 14.7 GiB 
+mmcblk0boot0: mmc0:0001 SEM16G partition 1 4.00 MiB
+mmcblk0boot1: mmc0:0001 SEM16G partition 2 4.00 MiB
+mmcblk0rpmb: mmc0:0001 SEM16G partition 3 4.00 MiB
 tegra-ahci 70027000.sata: AHCI 0001.0301 32 slots 2 ports 3 Gbps 0x1 impl platform mode
 tegra-ahci 70027000.sata: flags: 64bit ncq sntf pm led pio slum part sadm sds apst 
 scsi host0: tegra-ahci
+ mmcblk0: p1
 scsi host1: tegra-ahci
 ata1: SATA max UDMA/133 mmio [mem 0x70027000-0x70028fff] port 0x100 irq 345
 ata2: DUMMY
@@ -385,6 +385,7 @@
 pci_bus 0000:00: 2-byte config write to 0000:00:01.0 offset 0x4c may corrupt adjacent RW1C bits
 pci 0000:00:02.0: [10de:0e13] type 01 class 0x060400
 pci_bus 0000:00: 2-byte config write to 0000:00:02.0 offset 0x4 may corrupt adjacent RW1C bits
+ata1: SATA link down (SStatus 0 SControl 300)
 pci_bus 0000:00: 2-byte config write to 0000:00:02.0 offset 0x4 may corrupt adjacent RW1C bits
 pci_bus 0000:00: 2-byte config write to 0000:00:02.0 offset 0x88 may corrupt adjacent RW1C bits
 pci_bus 0000:00: 2-byte config write to 0000:00:02.0 offset 0x52 may corrupt adjacent RW1C bits
@@ -404,7 +405,6 @@
 pci 0000:02:00.0: reg 0x10: [io  0x0000-0x00ff]
 pci 0000:02:00.0: reg 0x18: [mem 0x00000000-0x00000fff 64bit]
 pci 0000:02:00.0: reg 0x20: [mem 0x00000000-0x00003fff 64bit pref]
-ata1: SATA link down (SStatus 0 SControl 300)
 pci 0000:02:00.0: supports D1 D2
 pci 0000:02:00.0: PME# supported from D0 D1 D2 D3hot D3cold
 mmcblk1: error -5 sending stop command, original cmd response 0x900, card status 0x900
@@ -425,6 +425,9 @@
 pci 0000:00:02.0:   bridge window [io  0x1000-0x1fff]
 pci 0000:00:02.0:   bridge window [mem 0x13100000-0x131fffff]
 pci 0000:00:02.0:   bridge window [mem 0x20000000-0x200fffff 64bit pref]
+mmcblk1: error -5 sending stop command, original cmd response 0x900, card status 0x900
+mmcblk1: error -5 transferring data, sector 7744504, nr 8, cmd response 0x900, card status 0x80000b00
+mmcblk1: retrying using single block read
 pci 0000:00:01.0: nv_msi_ht_cap_quirk didn't locate host bridge
 pcieport 0000:00:01.0: enabling device (0140 -> 0142)
 pcieport 0000:00:01.0: Signaling PME with IRQ 393
@@ -433,23 +436,23 @@
 pcieport 0000:00:02.0: Signaling PME with IRQ 394
 r8169 Gigabit Ethernet driver 2.3LK-NAPI loaded
 r8169 0000:02:00.0: enabling device (0140 -> 0143)
+ mmcblk1: p1 p2 p3
 r8169 0000:02:00.0 eth0: RTL8168g/8111g at 0xf0b72000, 00:04:4b:3a:d9:81, XID 0c000800 IRQ 395
 r8169 0000:02:00.0 eth0: jumbo features [frames: 9200 bytes, tx checksumming: ko]
 +1.05V_RUN_AVDD_HDMI_PLL: supplied by +1.05V_RUN
 [drm] Supports vblank timestamp caching Rev 2 (21.10.2013).
 [drm] No driver support for vblank timestamp query.
-[drm] Cannot find any crtc or sizes - going 1024x768
-Console: switching to colour frame buffer device 128x48
+tegra-hdmi 54280000.hdmi: cannot set audio to 48000 Hz at 297000000 Hz pixel clock
+Console: switching to colour frame buffer device 512x135
 drm drm: fb0:  frame buffer device
 [drm] Initialized tegra 0.0.0 20120330 for drm on minor 0
 of: dev_pm_opp_of_cpumask_add_table: couldn't find opp table for cpu:0, -19
 cpufreq: cpufreq_online: CPU0: Running at unlisted freq: 696000 KHz
 cpufreq: cpufreq_online: CPU0: Unlisted initial frequency changed to: 714000 KHz
 input: gpio-keys as /devices/soc0/gpio-keys/input/input0
-as3722-rtc as3722-rtc: setting system clock to 2000-01-01 00:00:13 UTC (946684813)
+as3722-rtc as3722-rtc: setting system clock to 2000-01-01 00:02:06 UTC (946684926)
 +USB0_VBUS_SW: disabling
 +1.8V_RUN_CAM: disabling
- mmcblk1: p1 p2 p3
 +2.8V_RUN_CAM: disabling
 +1.2V_RUN_CAM_FRONT: disabling
 +1.05V_RUN_CAM_REAR: disabling
Diff for ./tegra124-jetson-tk1/tegra124-jetson-tk1/tegra_defconfig_log.txt
--- /tmp/fooa	2017-08-20 15:13:32.927009658 -0700
+++ /tmp/foob	2017-08-20 15:13:32.931009673 -0700
@@ -33,20 +33,20 @@
 	 #################################################################
 	 #################################################################
 	 #############################
-	 4 MiB/s
+	 3.4 MiB/s
 done
-Bytes transferred = 6145128 (5dc468 hex)
+Bytes transferred = 6147352 (5dcd18 hex)
 Tegra124 (Jetson TK1) # tftpboot 0x83000000 tegra124-jetson-tk1.dtb
 Using eth_rtl8169 device
 TFTP from server 192.168.100.1; our IP address is 192.168.100.102
 Filename 'tegra124-jetson-tk1.dtb'.
 Load address: 0x83000000
 Loading: *#####
-	 3.8 MiB/s
+	 3.4 MiB/s
 done
 Bytes transferred = 67161 (10659 hex)
 Tegra124 (Jetson TK1) # bootz 0x82000000 - 0x83000000
-Kernel image @ 0x82000000 [ 0x000000 - 0x5dc468 ]
+Kernel image @ 0x82000000 [ 0x000000 - 0x5dcd18 ]
 ## Flattened Device Tree blob at 83000000
    Booting using the fdt blob at 0x83000000
    Using Device Tree in place at 83000000, end 83013658
@@ -55,7 +55,7 @@
 
 Uncompressing Linux... done, booting the kernel.
 Booting Linux on physical CPU 0x0
-Linux version 4.13.0-rc5-186351-gef95484 (jonathanh@kaivo) (gcc version 4.7.3 20130328 (prerelease) (crosstool-NG linaro-1.13.1-4.7-2013.04-20130415 - Linaro GCC 2013.04)) #1 SMP PREEMPT Tue Aug 15 14:34:01 PDT 2017
+Linux version 4.13.0-rc6-186564-g14ccee7 (jonathanh@kaivo) (gcc version 4.7.3 20130328 (prerelease) (crosstool-NG linaro-1.13.1-4.7-2013.04-20130415 - Linaro GCC 2013.04)) #1 SMP PREEMPT Sun Aug 20 15:05:42 PDT 2017
 CPU: ARMv7 Processor [413fc0f3] revision 3 (ARMv7), cr=10c5387d
 CPU: div instructions available: patching division code
 CPU: PIPT / VIPT nonaliasing data cache, PIPT instruction cache
@@ -65,7 +65,7 @@
 Memory policy: Data cache writealloc
 cma: Reserved 64 MiB at 0xfbc00000
 On node 0 totalpages: 524032
-free_area_init_node: node 0, pgdat c0eafa00, node_mem_map eeff7000
+free_area_init_node: node 0, pgdat c0eafa40, node_mem_map eeff7000
   Normal zone: 1536 pages used for memmap
   Normal zone: 0 pages reserved
   Normal zone: 196608 pages, LIFO batch:31
@@ -88,7 +88,7 @@
     modules : 0xbf000000 - 0xbfe00000   (  14 MB)
       .text : 0xc0008000 - 0xc0a00000   (10208 kB)
       .init : 0xc0d00000 - 0xc0e00000   (1024 kB)
-      .data : 0xc0e00000 - 0xc0eba208   ( 745 kB)
+      .data : 0xc0e00000 - 0xc0eba248   ( 745 kB)
        .bss : 0xc0ec45b0 - 0xc0f0f37c   ( 300 kB)
 Preemptible hierarchical RCU implementation.
 NR_IRQS: 16, nr_irqs: 16, preallocated irqs: 16
@@ -402,17 +402,17 @@
 pci 0000:01:00.0: reg 0x10: [mem 0x00000000-0x00001fff 64bit]
 pci 0000:01:00.0: PME# supported from D0 D3hot D3cold
 mmc1: new high speed SDHC card at address aaaa
-mmcblk1: mmc1:aaaa SD04G 3.69 GiB 
 PCI: bus1: Fast back to back transfers disabled
+mmcblk1: mmc1:aaaa SD04G 3.69 GiB 
 pci_bus 0000:01: busn_res: [bus 01-ff] end is updated to 01
 pci 0000:02:00.0: [10ec:8168] type 00 class 0x020000
-mmcblk1: error -5 sending stop command, original cmd response 0x900, card status 0x900
-mmcblk1: error -5 transferring data, sector 7744504, nr 8, cmd response 0x900, card status 0x80000b00
 pci 0000:02:00.0: reg 0x10: [io  0x0000-0x00ff]
 pci 0000:02:00.0: reg 0x18: [mem 0x00000000-0x00000fff 64bit]
 pci 0000:02:00.0: reg 0x20: [mem 0x00000000-0x00003fff 64bit pref]
 pci 0000:02:00.0: supports D1 D2
 pci 0000:02:00.0: PME# supported from D0 D1 D2 D3hot D3cold
+mmcblk1: error -5 sending stop command, original cmd response 0x900, card status 0x900
+mmcblk1: error -5 transferring data, sector 7744504, nr 8, cmd response 0x900, card status 0x80000b00
 PCI: bus2: Fast back to back transfers disabled
 pci_bus 0000:02: busn_res: [bus 02-ff] end is updated to 02
 pci 0000:00:01.0: BAR 8: assigned [mem 0x13000000-0x130fffff]
@@ -425,12 +425,15 @@
 pci 0000:02:00.0: BAR 4: assigned [mem 0x20000000-0x20003fff 64bit pref]
 pci 0000:02:00.0: BAR 2: assigned [mem 0x13100000-0x13100fff 64bit]
 pci 0000:02:00.0: BAR 0: assigned [io  0x1000-0x10ff]
- mmcblk1: p1 p2 p3
 pci 0000:00:02.0: PCI bridge to [bus 02]
 pci 0000:00:02.0:   bridge window [io  0x1000-0x1fff]
 pci 0000:00:02.0:   bridge window [mem 0x13100000-0x131fffff]
 pci 0000:00:02.0:   bridge window [mem 0x20000000-0x200fffff 64bit pref]
+mmcblk1: error -5 sending stop command, original cmd response 0x900, card status 0x900
+mmcblk1: error -5 transferring data, sector 7744504, nr 8, cmd response 0x900, card status 0x80000b00
+mmcblk1: retrying using single block read
 pci 0000:00:01.0: nv_msi_ht_cap_quirk didn't locate host bridge
+ mmcblk1: p1 p2 p3
 pcieport 0000:00:01.0: enabling device (0140 -> 0142)
 pcieport 0000:00:01.0: Signaling PME with IRQ 393
 pci 0000:00:02.0: nv_msi_ht_cap_quirk didn't locate host bridge
@@ -451,7 +454,7 @@
 cpufreq: cpufreq_online: CPU0: Running at unlisted freq: 696000 KHz
 cpufreq: cpufreq_online: CPU0: Unlisted initial frequency changed to: 714000 KHz
 input: gpio-keys as /devices/soc0/gpio-keys/input/input2
-as3722-rtc as3722-rtc: setting system clock to 2000-01-01 00:01:34 UTC (946684894)
+as3722-rtc as3722-rtc: setting system clock to 2000-01-01 00:00:13 UTC (946684813)
 +USB0_VBUS_SW: disabling
 +1.8V_RUN_CAM: disabling
 +2.8V_RUN_CAM: disabling
Diff for ./tegra124-nyan-big/tegra124-nyan-big/multi_v7_defconfig_log.txt
--- /tmp/fooa	2017-08-20 15:13:32.963009802 -0700
+++ /tmp/foob	2017-08-20 15:13:32.963009802 -0700
@@ -5,7 +5,7 @@
 TEGRA124
 Model: Acer Chromebook 13 CB5-311
 DRAM:  4 GiB
-C:   Tegra SD/MMC: 0, Tegra SD/MMC: 1, Tegra SD/MMC: 2
+:   Tegra SD/MMC: 0, Tegra SD/MMC: 1, Tegra SD/MMC: 2
 MMC init failed
 Using default environment
 
@@ -42,21 +42,21 @@
 	 #################################################################
 	 #################################################################
 	 #################################################################
-	 ###########################
-	 3.5 MiB/s
+	 ##########################
+	 2.9 MiB/s
 done
-Bytes transferred = 8015304 (7a4dc8 hex)
+Bytes transferred = 8014792 (7a4bc8 hex)
 Tegra124 (Nyan-big) # tftpboot 0x83000000 tegra124-nyan-big.dtb
 Using asx0 device
 TFTP from server 192.168.100.1; our IP address is 192.168.100.102
 Filename 'tegra124-nyan-big.dtb'.
 Load address: 0x83000000
 Loading: *#####
-	 3.4 MiB/s
+	 2.7 MiB/s
 done
 Bytes transferred = 68183 (10a57 hex)
 Tegra124 (Nyan-big) # bootz 0x82000000 - 0x83000000
-Kernel image @ 0x82000000 [ 0x000000 - 0x7a4dc8 ]
+Kernel image @ 0x82000000 [ 0x000000 - 0x7a4bc8 ]
 ## Flattened Device Tree blob at 83000000
    Booting using the fdt blob at 0x83000000
    Using Device Tree in place at 83000000, end 83013a56
@@ -64,7 +64,7 @@
 Starting kernel ...
 
 Booting Linux on physical CPU 0x0
-Linux version 4.13.0-rc5-186351-gef95484 (jonathanh@sellafield) (gcc version 4.7.3 20130328 (prerelease) (crosstool-NG linaro-1.13.1-4.7-2013.04-20130415 - Linaro GCC 2013.04)) #1 SMP Tue Aug 15 14:33:49 PDT 2017
+Linux version 4.13.0-rc6-186564-g14ccee7 (jonathanh@sellafield) (gcc version 4.7.3 20130328 (prerelease) (crosstool-NG linaro-1.13.1-4.7-2013.04-20130415 - Linaro GCC 2013.04)) #1 SMP Sun Aug 20 15:06:31 PDT 2017
 CPU: ARMv7 Processor [413fc0f3] revision 3 (ARMv7), cr=10c5387d
 CPU: div instructions available: patching division code
 CPU: PIPT / VIPT nonaliasing data cache, PIPT instruction cache
@@ -76,7 +76,7 @@
 efi: UEFI not found.
 cma: Reserved 64 MiB at 0xfb800000
 On node 0 totalpages: 524287
-free_area_init_node: node 0, pgdat c157edc0, node_mem_map eeff8000
+free_area_init_node: node 0, pgdat c157ee00, node_mem_map eeff8000
   DMA zone: 1536 pages used for memmap
   DMA zone: 0 pages reserved
   DMA zone: 196608 pages, LIFO batch:31
@@ -99,7 +99,7 @@
     modules : 0xbf000000 - 0xbfe00000   (  14 MB)
       .text : 0xc0208000 - 0xc0d00000   (11232 kB)
       .init : 0xc1200000 - 0xc1400000   (2048 kB)
-      .data : 0xc1400000 - 0xc1586ba8   (1563 kB)
+      .data : 0xc1400000 - 0xc1586be8   (1563 kB)
        .bss : 0xc158fcb0 - 0xc15f46fc   ( 403 kB)
 SLUB: HWalign=64, Order=0-3, MinObjects=0, CPUs=4, Nodes=1
 Hierarchical RCU implementation.
@@ -330,30 +330,30 @@
 mmc0: new high speed MMC card at address 0001
 +3.3V_LP0: supplied by +3.3V_SYS
 mmcblk0: mmc0:0001 MMC16G 14.4 GiB 
-mmcblk0boot0: mmc0:0001 MMC16G partition 1 2.00 MiB
-mmcblk0boot1: mmc0:0001 MMC16G partition 2 2.00 MiB
-mmcblk0rpmb: mmc0:0001 MMC16G partition 3 128 KiB
- mmcblk0: p1 p2 p3 p4 p5 p6 p7 p8 p9 p10 p11 p12
 +1.05V_RUN_AVDD_HDMI_PLL: supplied by +1.05V_RUN
-elan_i2c 1-0015: failed to read report data: -121
-elan_i2c 1-0015: failed to read report data: -121
 +5V_HDMI_CON: supplied by +5V_SYS
  usb3-0: usb3-0 supply vbus not found, using dummy regulator
  usb3-1: usb3-1 supply vbus not found, using dummy regulator
+elan_i2c 1-0015: failed to read report data: -121
 tegra-sor 54540000.sor: failed to probe output: -517
 panel-simple panel: panel supply power not found, using dummy regulator
 sdhci-tegra 700b0000.sdhci: allocated mmc-pwrseq
+elan_i2c 1-0015: failed to read report data: -121
 mmc1: Unknown controller version (3). You may experience problems.
 mmc1: Invalid maximum block size, assuming 512 bytes
 mmc1: Switching to 3.3V signalling voltage failed
+mmcblk0boot0: mmc0:0001 MMC16G partition 1 2.00 MiB
 mmc1: SDHCI controller on 700b0000.sdhci [700b0000.sdhci] using ADMA
 sdhci-tegra 700b0400.sdhci: Got CD GPIO
 sdhci-tegra 700b0400.sdhci: Got WP GPIO
-elan_i2c 1-0015: invalid report id data (ff)
 mmc2: Unknown controller version (3). You may experience problems.
 mmc2: Invalid maximum block size, assuming 512 bytes
-mmc1: new high speed SDIO card at address 0001
+mmcblk0boot1: mmc0:0001 MMC16G partition 2 2.00 MiB
+mmcblk0rpmb: mmc0:0001 MMC16G partition 3 128 KiB
+ mmcblk0: p1 p2 p3 p4 p5 p6 p7 p8 p9 p10 p11 p12
+elan_i2c 1-0015: invalid report id data (ff)
 mmc2: SDHCI controller on 700b0400.sdhci [700b0400.sdhci] using ADMA
+mmc1: new high speed SDIO card at address 0001
 [drm] Supports vblank timestamp caching Rev 2 (21.10.2013).
 [drm] No driver support for vblank timestamp query.
 mmc2: new high speed SDHC card at address 0007
Diff for ./tegra124-nyan-big/tegra124-nyan-big/tegra_defconfig_log.txt
--- /tmp/fooa	2017-08-20 15:13:32.995009933 -0700
+++ /tmp/foob	2017-08-20 15:13:32.995009933 -0700
@@ -5,7 +5,7 @@
 TEGRA124
 Model: Acer Chromebook 13 CB5-311
 DRAM:  4 GiB
-:   Tegra SD/MMC: 0, Tegra SD/MMC: 1, Tegra SD/MMC: 2
+C:   Tegra SD/MMC: 0, Tegra SD/MMC: 1, Tegra SD/MMC: 2
 MMC init failed
 Using default environment
 
@@ -14,7 +14,7 @@
 Err:   serial
 Net:   Net Initialization Skipped
 No ethernet found.
-Hit any key to stop autoboot:  2  1  0 
+Hit any key to stop autoboot:  2  0 
 Tegra124 (Nyan-big) # 
 Tegra124 (Nyan-big) # usb start
 starting USB...
@@ -41,20 +41,20 @@
 	 #################################################################
 	 #################################################################
 	 #############################
-	 3.5 MiB/s
+	 3.2 MiB/s
 done
-Bytes transferred = 6145128 (5dc468 hex)
+Bytes transferred = 6147352 (5dcd18 hex)
 Tegra124 (Nyan-big) # tftpboot 0x83000000 tegra124-nyan-big.dtb
 Using asx0 device
 TFTP from server 192.168.100.1; our IP address is 192.168.100.102
 Filename 'tegra124-nyan-big.dtb'.
 Load address: 0x83000000
 Loading: *#####
-	 3.4 MiB/s
+	 2.7 MiB/s
 done
 Bytes transferred = 68183 (10a57 hex)
 Tegra124 (Nyan-big) # bootz 0x82000000 - 0x83000000
-Kernel image @ 0x82000000 [ 0x000000 - 0x5dc468 ]
+Kernel image @ 0x82000000 [ 0x000000 - 0x5dcd18 ]
 ## Flattened Device Tree blob at 83000000
    Booting using the fdt blob at 0x83000000
    Using Device Tree in place at 83000000, end 83013a56
@@ -63,7 +63,7 @@
 
 Uncompressing Linux... done, booting the kernel.
 Booting Linux on physical CPU 0x0
-Linux version 4.13.0-rc5-186351-gef95484 (jonathanh@kaivo) (gcc version 4.7.3 20130328 (prerelease) (crosstool-NG linaro-1.13.1-4.7-2013.04-20130415 - Linaro GCC 2013.04)) #1 SMP PREEMPT Tue Aug 15 14:34:01 PDT 2017
+Linux version 4.13.0-rc6-186564-g14ccee7 (jonathanh@kaivo) (gcc version 4.7.3 20130328 (prerelease) (crosstool-NG linaro-1.13.1-4.7-2013.04-20130415 - Linaro GCC 2013.04)) #1 SMP PREEMPT Sun Aug 20 15:05:42 PDT 2017
 CPU: ARMv7 Processor [413fc0f3] revision 3 (ARMv7), cr=10c5387d
 CPU: div instructions available: patching division code
 CPU: PIPT / VIPT nonaliasing data cache, PIPT instruction cache
@@ -74,7 +74,7 @@
 Memory policy: Data cache writealloc
 cma: Reserved 64 MiB at 0xfbc00000
 On node 0 totalpages: 524287
-free_area_init_node: node 0, pgdat c0eafa00, node_mem_map eeff7000
+free_area_init_node: node 0, pgdat c0eafa40, node_mem_map eeff7000
   Normal zone: 1536 pages used for memmap
   Normal zone: 0 pages reserved
   Normal zone: 196608 pages, LIFO batch:31
@@ -97,7 +97,7 @@
     modules : 0xbf000000 - 0xbfe00000   (  14 MB)
       .text : 0xc0008000 - 0xc0a00000   (10208 kB)
       .init : 0xc0d00000 - 0xc0e00000   (1024 kB)
-      .data : 0xc0e00000 - 0xc0eba208   ( 745 kB)
+      .data : 0xc0e00000 - 0xc0eba248   ( 745 kB)
        .bss : 0xc0ec45b0 - 0xc0f0f37c   ( 300 kB)
 Preemptible hierarchical RCU implementation.
 NR_IRQS: 16, nr_irqs: 16, preallocated irqs: 16
@@ -382,15 +382,20 @@
 +5V_VDD_TS_SW: disabling
 ALSA device list:
   #1: GoogleNyanBig
-EXT4-fs (mmcblk0p3): couldn't mount as ext3 due to feature incompatibilities
-input: tegra-hda HDMI/DP,pcm=3 as /devices/soc0/70030000.hda/sound/card0/input4
 uvcvideo: Found UVC 1.00 device HD WebCam (1bcf:2c67)
 input: HD WebCam: HD WebCam as /devices/soc0/70090000.usb/usb1/1-2/1-2:1.0/input/input5
+usb 1-3: new high-speed USB device number 3 using tegra-xusb
+input: tegra-hda HDMI/DP,pcm=3 as /devices/soc0/70030000.hda/sound/card0/input4
+asix 1-3:1.0 eth0: register 'asix' at usb-70090000.usb-3, ASIX AX88772 USB 2.0 Ethernet, c8:d7:19:90:fa:65
+EXT4-fs (mmcblk0p3): couldn't mount as ext3 due to feature incompatibilities
+usb 1-1: new high-speed USB device number 4 using tegra-xusb
 EXT4-fs (mmcblk0p3): recovery complete
 EXT4-fs (mmcblk0p3): mounted filesystem with ordered data mode. Opts: (null)
 VFS: Mounted root (ext4 filesystem) on device 179:3.
 devtmpfs: mounted
 Freeing unused kernel memory: 1024K
+usb-storage 1-1:1.0: USB Mass Storage device detected
+scsi host0: usb-storage 1-1:1.0
 bash: cannot set terminal process group (-1): Inappropriate ioctl for device
 bash: no job control in this shell
-root@(none):/# [    2.777881] usb 1-3: new high-speed USB device number 3 using tegra-xusb
+root@(none):/# 
\ No newline at end of file
Diff for ./tegra132-norrin/tegra132-norrin/defconfig_log.txt
--- /tmp/fooa	2017-08-20 15:13:33.031010080 -0700
+++ /tmp/foob	2017-08-20 15:13:33.031010080 -0700
@@ -31,7 +31,7 @@
 MSENC clock is set to  79200 KHz
 Vde clock is set to 204000 KHz
 
-Bootloader-Cpu Init at (time stamp): 1800926 us
+Bootloader-Cpu Init at (time stamp): 1800979 us
 
 Pinmux changes applied in kernel way
 
@@ -62,22 +62,22 @@
 Board Id Read Time: 3 us
 Power Rail enable Time: 1 us
 
-Miscellaneous avp time: 1800900  us
-Bootloader (AosInit) time: 734259 us
-Bootloader Main Init time: 180078 us
-BlockDevMgrInit time: 157549 us
+Miscellaneous avp time: 1800953  us
+Bootloader (AosInit) time: 734246 us
+Bootloader Main Init time: 180068 us
+BlockDevMgrInit time: 157544 us
 PartMgrInit time: 8 us
 StorMgrInit time: 30 us
 FsMgrInit time: 2 us
-Partition Table load: 76664 us 
-Display init time: 574795 us
+Partition Table load: 76762 us 
+Display init time: 574685 us
 Kernel read time: 1319 msec
 Load Kernel Size:   17483776 Bytes
 Bl Kernel ReadSpeed: 13255000 Bytes/sec
-Pre-Kernel Jump time: 3772995 us
-Clearing 32 Bit State and Warm resetting to 64bit mode: 8710942 us
+Pre-Kernel Jump time: 3775706 us
+Clearing 32 Bit State and Warm resetting to 64bit mode: 8713682 us
 Booting Linux on physical CPU 0x0
-Linux version 4.13.0-rc5-304592-gef95484 (jonathanh@tamien) (gcc version 4.9.2 20140904 (prerelease) (crosstool-NG linaro-1.13.1-4.9-2014.09 - Linaro GCC 4.9-2014.09)) #1 SMP PREEMPT Tue Aug 15 14:38:41 PDT 2017
+Linux version 4.13.0-rc6-186564-g14ccee7 (jonathanh@kaivo) (gcc version 4.9.2 20140904 (prerelease) (crosstool-NG linaro-1.13.1-4.9-2014.09 - Linaro GCC 4.9-2014.09)) #1 SMP PREEMPT Sun Aug 20 15:10:09 PDT 2017
 Boot CPU: AArch64 Processor [4e0f0000]
 Machine model: NVIDIA Tegra132 Norrin
 Memory limited to 1734MB
@@ -101,7 +101,7 @@
 Policy zone: DMA
 Kernel command line: tegraid=13.1.3.0.0 mem=1734M@2048M memtype=255 vpr=151M@3817M ddr_die=2048M@2048M section=256M commchip_id=0 usb_port_owner_info=0 lane_owner_info=0 emc_max_dvfs=0 touch_id=0@0 video=tegrafb no_console_suspend=1 console=ttyS0,115200n8 debug_uartport=lsport,0 earlyprintk=uart8250-32bit,0x70006000 usbcore.old_scheme_first=1 lp0_vec=0@0x0 tegra_fbmem=32899072@0xad012000 core_edp_mv=1150 core_edp_ma=4000 pmuboard=0x0176:0x0001:0x01:0x43:0x00 displayboard=0x0162:0x0001:0x00:0x42:0x00 power_supply=Adapter audio_codec=rt5640 board_info=0x0176:0x0001:0x01:0x43:0x00 tegraboot=sdmmc gpt gpt_sector=192511 modem_id=0 android.kerneltype=normal
 PID hash table entries: 4096 (order: 3, 32768 bytes)
-Memory: 1708512K/1775616K available (9084K kernel code, 1128K rwdata, 4444K rodata, 1088K init, 403K bss, 50720K reserved, 16384K cma-reserved)
+Memory: 1708512K/1775616K available (9084K kernel code, 1128K rwdata, 4448K rodata, 1088K init, 403K bss, 50720K reserved, 16384K cma-reserved)
 Virtual kernel memory layout:
     modules : 0xffff000000000000 - 0xffff000008000000   (   128 MB)
     vmalloc : 0xffff000008000000 - 0xffff7dffbfff0000   (129022 GB)
@@ -199,7 +199,7 @@
 Freeing initrd memory: 1284K
 kvm [1]: HYP mode not available
 audit: initializing netlink subsys (disabled)
-audit: type=2000 audit(0.926:1): state=initialized audit_enabled=0 res=1
+audit: type=2000 audit(0.929:1): state=initialized audit_enabled=0 res=1
 workingset: timestamp_bits=44 max_order=19 bucket_order=0
 squashfs: version 4.0 (2009/01/31) Phillip Lougher
 NFS: Registering the id_resolver key type
@@ -264,21 +264,22 @@
 usbhid: USB HID core driver
 mmc0: new high speed MMC card at address 0001
 NET: Registered protocol family 17
-9pnet: Installing 9P2000 support
-Key type dns_resolver registered
-registered taskstats version 1
 mmcblk0: mmc0:0001 SEM16G 14.7 GiB 
 mmcblk0boot0: mmc0:0001 SEM16G partition 1 4.00 MiB
 mmcblk0boot1: mmc0:0001 SEM16G partition 2 4.00 MiB
 mmcblk0rpmb: mmc0:0001 SEM16G partition 3 4.00 MiB
-+VDD_LED: supplied by +VDD_MUX
  mmcblk0: p1 p2 p3 p4 p5 p6 p7 p8
+9pnet: Installing 9P2000 support
+Key type dns_resolver registered
+registered taskstats version 1
++VDD_LED: supplied by +VDD_MUX
 +5V_USB_HS: supplied by +5V_SYS
 +5V_USB_SS: supplied by +5V_SYS
 +5V_HDMI_CON: supplied by +5V_SYS
 sdhci-tegra 700b0400.sdhci: Got CD GPIO
 sdhci-tegra 700b0400.sdhci: Got WP GPIO
 input: gpio-keys as /devices/platform/gpio-keys/input/input0
+sdhci-tegra 700b0400.sdhci: Got CD GPIO
 hctosys: unable to open rtc device (rtc0)
 +3.3V_AVDD_HDMI_AP_GATED: disabling
 +VDD_LED: disabling
@@ -289,7 +290,6 @@
 ALSA device list:
   No soundcards found.
 Freeing unused kernel memory: 1088K
-sdhci-tegra 700b0400.sdhci: Got CD GPIO
 sdhci-tegra 700b0400.sdhci: Got WP GPIO
 
 System initialization...
Diff for ./tegra20-trimslice/tegra20-trimslice/multi_v7_defconfig_log.txt
--- /tmp/fooa	2017-08-20 15:13:33.067010227 -0700
+++ /tmp/foob	2017-08-20 15:13:33.067010227 -0700
@@ -19,7 +19,7 @@
 Out:   serial
 Err:   serial
 Net:   RTL8169#0
-Hit any key to stop autoboot:  2  1  0 
+Hit any key to stop autoboot:  2  0 
 Tegra20 (TrimSlice) # 
 Tegra20 (TrimSlice) # usb reset
 resetting USB...
@@ -47,21 +47,21 @@
 	 #################################################################
 	 #################################################################
 	 #################################################################
-	 ###########################
-	 4.1 MiB/s
+	 ##########################
+	 3.4 MiB/s
 done
-Bytes transferred = 8015304 (7a4dc8 hex)
+Bytes transferred = 8014792 (7a4bc8 hex)
 Tegra20 (TrimSlice) # tftpboot 0x02408000 tegra20-trimslice.dtb
 Using RTL8169#0 device
 TFTP from server 192.168.100.1; our IP address is 192.168.100.103
 Filename 'tegra20-trimslice.dtb'.
 Load address: 0x2408000
 Loading: *##
-	 3.4 MiB/s
+	 2.9 MiB/s
 done
 Bytes transferred = 21454 (53ce hex)
 Tegra20 (TrimSlice) # bootz 0x00408000 - 0x02408000
-Kernel image @ 0x408000 [ 0x000000 - 0x7a4dc8 ]
+Kernel image @ 0x408000 [ 0x000000 - 0x7a4bc8 ]
 ## Flattened Device Tree blob at 02408000
    Booting using the fdt blob at 0x2408000
    Using Device Tree in place at 02408000, end 024103cd
@@ -69,7 +69,7 @@
 Starting kernel ...
 
 Booting Linux on physical CPU 0x0
-Linux version 4.13.0-rc5-186351-gef95484 (jonathanh@sellafield) (gcc version 4.7.3 20130328 (prerelease) (crosstool-NG linaro-1.13.1-4.7-2013.04-20130415 - Linaro GCC 2013.04)) #1 SMP Tue Aug 15 14:33:49 PDT 2017
+Linux version 4.13.0-rc6-186564-g14ccee7 (jonathanh@sellafield) (gcc version 4.7.3 20130328 (prerelease) (crosstool-NG linaro-1.13.1-4.7-2013.04-20130415 - Linaro GCC 2013.04)) #1 SMP Sun Aug 20 15:06:31 PDT 2017
 CPU: ARMv7 Processor [411fc090] revision 0 (ARMv7), cr=10c5387d
 CPU: PIPT / VIPT nonaliasing data cache, VIPT aliasing instruction cache
 OF: fdt: Machine model: Compulab TrimSlice board
@@ -79,7 +79,7 @@
 efi: UEFI not found.
 cma: Reserved 64 MiB at 0x3c000000
 On node 0 totalpages: 262144
-free_area_init_node: node 0, pgdat c157edc0, node_mem_map ef7f8000
+free_area_init_node: node 0, pgdat c157ee00, node_mem_map ef7f8000
   DMA zone: 1536 pages used for memmap
   DMA zone: 0 pages reserved
   DMA zone: 196608 pages, LIFO batch:31
@@ -102,7 +102,7 @@
     modules : 0xbf000000 - 0xbfe00000   (  14 MB)
       .text : 0xc0208000 - 0xc0d00000   (11232 kB)
       .init : 0xc1200000 - 0xc1400000   (2048 kB)
-      .data : 0xc1400000 - 0xc1586ba8   (1563 kB)
+      .data : 0xc1400000 - 0xc1586be8   (1563 kB)
        .bss : 0xc158fcb0 - 0xc15f46fc   ( 403 kB)
 SLUB: HWalign=64, Order=0-3, MinObjects=0, CPUs=2, Nodes=1
 Hierarchical RCU implementation.
Diff for ./tegra20-trimslice/tegra20-trimslice/tegra_defconfig_log.txt
--- /tmp/fooa	2017-08-20 15:13:33.115010428 -0700
+++ /tmp/foob	2017-08-20 15:13:33.119010444 -0700
@@ -46,20 +46,20 @@
 	 #################################################################
 	 #################################################################
 	 #############################
-	 4.1 MiB/s
+	 3.3 MiB/s
 done
-Bytes transferred = 6145128 (5dc468 hex)
+Bytes transferred = 6147352 (5dcd18 hex)
 Tegra20 (TrimSlice) # tftpboot 0x02408000 tegra20-trimslice.dtb
 Using RTL8169#0 device
 TFTP from server 192.168.100.1; our IP address is 192.168.100.103
 Filename 'tegra20-trimslice.dtb'.
 Load address: 0x2408000
 Loading: *##
-	 3.4 MiB/s
+	 2.9 MiB/s
 done
 Bytes transferred = 21454 (53ce hex)
 Tegra20 (TrimSlice) # bootz 0x00408000 - 0x02408000
-Kernel image @ 0x408000 [ 0x000000 - 0x5dc468 ]
+Kernel image @ 0x408000 [ 0x000000 - 0x5dcd18 ]
 ## Flattened Device Tree blob at 02408000
    Booting using the fdt blob at 0x2408000
    Using Device Tree in place at 02408000, end 024103cd
@@ -68,7 +68,7 @@
 
 Uncompressing Linux... done, booting the kernel.
 Booting Linux on physical CPU 0x0
-Linux version 4.13.0-rc5-186351-gef95484 (jonathanh@kaivo) (gcc version 4.7.3 20130328 (prerelease) (crosstool-NG linaro-1.13.1-4.7-2013.04-20130415 - Linaro GCC 2013.04)) #1 SMP PREEMPT Tue Aug 15 14:34:01 PDT 2017
+Linux version 4.13.0-rc6-186564-g14ccee7 (jonathanh@kaivo) (gcc version 4.7.3 20130328 (prerelease) (crosstool-NG linaro-1.13.1-4.7-2013.04-20130415 - Linaro GCC 2013.04)) #1 SMP PREEMPT Sun Aug 20 15:05:42 PDT 2017
 CPU: ARMv7 Processor [411fc090] revision 0 (ARMv7), cr=10c5387d
 CPU: PIPT / VIPT nonaliasing data cache, VIPT aliasing instruction cache
 OF: fdt: Machine model: Compulab TrimSlice board
@@ -77,7 +77,7 @@
 Memory policy: Data cache writealloc
 cma: Reserved 64 MiB at 0x3c000000
 On node 0 totalpages: 262144
-free_area_init_node: node 0, pgdat c0eafa00, node_mem_map ef7f7000
+free_area_init_node: node 0, pgdat c0eafa40, node_mem_map ef7f7000
   Normal zone: 1536 pages used for memmap
   Normal zone: 0 pages reserved
   Normal zone: 196608 pages, LIFO batch:31
@@ -100,7 +100,7 @@
     modules : 0xbf000000 - 0xbfe00000   (  14 MB)
       .text : 0xc0008000 - 0xc0a00000   (10208 kB)
       .init : 0xc0d00000 - 0xc0e00000   (1024 kB)
-      .data : 0xc0e00000 - 0xc0eba208   ( 745 kB)
+      .data : 0xc0e00000 - 0xc0eba248   ( 745 kB)
        .bss : 0xc0ec45b0 - 0xc0f0f37c   ( 300 kB)
 Preemptible hierarchical RCU implementation.
 	RCU restricting CPUs from NR_CPUS=4 to nr_cpu_ids=2.
@@ -339,16 +339,16 @@
 tegra-ehci c5000000.usb: USB 2.0 started, EHCI 1.00
 hub 2-0:1.0: USB hub found
 hub 2-0:1.0: 1 port detected
-mmcblk1: error -5 sending stop command, original cmd response 0x900, card status 0x900
-mmcblk1: error -5 transferring data, sector 3839992, nr 8, cmd response 0x900, card status 0x80000b00
-mmcblk1: retrying using single block read
+input: gpio-keys as /devices/soc0/gpio-keys/input/input0
 hub 1-1:1.0: USB hub found
 hub 1-1:1.0: 4 ports detected
- mmcblk1: p1 p2
-input: gpio-keys as /devices/soc0/gpio-keys/input/input0
 rtc-em3027 2-0056: hctosys: unable to read the hardware clock
 ALSA device list:
   #0: tegra-trimslice
+mmcblk1: error -5 sending stop command, original cmd response 0x900, card status 0x900
+mmcblk1: error -5 transferring data, sector 3839992, nr 8, cmd response 0x900, card status 0x80000b00
+mmcblk1: retrying using single block read
+ mmcblk1: p1 p2
 Waiting for root device PARTUUID=11eb23c1-01...
 usb 1-1.2: new high-speed USB device number 3 using tegra-ehci
 mmc0: host does not support reading read-only switch, assuming write-enable
Diff for ./tegra210-p2371-0000/tegra210-p2371-0000/defconfig_log.txt
--- /tmp/fooa	2017-08-20 15:13:33.171010653 -0700
+++ /tmp/foob	2017-08-20 15:13:33.171010653 -0700
@@ -64,17 +64,17 @@
 Loading and Validation of Secure OS Successful
 NvTbootPackSdramParams: start. 
 NvTbootPackSdramParams: done. 
-Tegraboot started after 779407 us
-Basic modules init took 349466 us
-Sec Bootdevice Read Time = 204 ms, Read Size = 8459 KB
-Next stage binary read took 14373 us
-Carveout took 253369 us
-CPU initialization took 92439 us
-Total time taken by TegraBoot 709647 us
+Tegraboot started after 830654 us
+Basic modules init took 348775 us
+Sec Bootdevice Read Time = 202 ms, Read Size = 8459 KB
+Next stage binary read took 14386 us
+Carveout took 252654 us
+CPU initialization took 92446 us
+Total time taken by TegraBoot 708261 us
 
 Starting CPU & Halting co-processor 
 
-64b[0001.619] LPDDR4 Training: Number of tables = 10
+64b[0001.668] LPDDR4 Training: Number of tables = 10
 EMC Training (SRC-freq: 204000; DST-freq: 408000)
 EMC Training Successful
 EMC Training (SRC-freq: 204000; DST-freq: 665600)
@@ -108,7 +108,7 @@
 Tegra210 (P2371-0000) # 
 Tegra210 (P2371-0000) # ums 0 mmc 0
 UMS: disk start sector: 0x0, count: 0x1d5a000
-|/-\|/-\/-\|/-\/-\|/-\/-\|/-\/-\|/-\/-\|/-\/-\|/-\/-\|/-\/-\|/-\/-\|/-\/-\|/-\/-\CTRL+C - Operation aborted
+|/-\|/-\/-\|/-\/-\|/-\/-\|/-\/-\|/-\/-\|/-\/-\|/-\/-\|/-\/-\|/-\/-\|/-\/-\|/-\/-\|CTRL+C - Operation aborted
 Tegra210 (P2371-0000) # 
 Tegra210 (P2371-0000) # env set fdt_copy_node_names /cpus:/psci
 Tegra210 (P2371-0000) # setenv rootpart 1
@@ -117,11 +117,11 @@
 Tegra210 (P2371-0000) # part uuid ${devtype} ${devnum}:${rootpart} uuid
 Tegra210 (P2371-0000) # setenv bootargs ignore_loglevel console=ttyS0,115200n8 earlycon=uart8250,mmio32,0x70006000 rw root=PARTUUID=00000000-0001-0000-788f-a75600000000 rootwait debug earlyprintk init=/bin/bash
 Tegra210 (P2371-0000) # load ${devtype} ${devnum}:${rootpart} ${kernel_addr_r} /boot/Image.defconfig
-16163328 bytes read in 827 ms (18.6 MiB/s)
+16163328 bytes read in 823 ms (18.7 MiB/s)
 Tegra210 (P2371-0000) # load ${devtype} ${devnum}:${rootpart} ${fdt_addr_r} /boot/tegra210-p2371-0000.dtb
-45170 bytes read in 453 ms (96.7 KiB/s)
+45170 bytes read in 454 ms (96.7 KiB/s)
 Tegra210 (P2371-0000) # load ${devtype} ${devnum}:${rootpart} ${ramdisk_addr_r} /boot/tegra-ramdisk.img
-1627787 bytes read in 494 ms (3.1 MiB/s)
+1627787 bytes read in 495 ms (3.1 MiB/s)
 Tegra210 (P2371-0000) # ramdisk_size=${filesize}
 Tegra210 (P2371-0000) # booti ${kernel_addr_r} - ${fdt_addr_r}
 ## Flattened Device Tree blob at 82000000
@@ -131,7 +131,7 @@
 Starting kernel ...
 
 Booting Linux on physical CPU 0x0
-Linux version 4.13.0-rc5-304592-gef95484 (jonathanh@tamien) (gcc version 4.9.2 20140904 (prerelease) (crosstool-NG linaro-1.13.1-4.9-2014.09 - Linaro GCC 4.9-2014.09)) #1 SMP PREEMPT Tue Aug 15 14:38:41 PDT 2017
+Linux version 4.13.0-rc6-186564-g14ccee7 (jonathanh@kaivo) (gcc version 4.9.2 20140904 (prerelease) (crosstool-NG linaro-1.13.1-4.9-2014.09 - Linaro GCC 4.9-2014.09)) #1 SMP PREEMPT Sun Aug 20 15:10:09 PDT 2017
 Boot CPU: AArch64 Processor [411fd071]
 Machine model: NVIDIA Tegra210 P2371 (P2530/P2595) reference design
 debug: ignoring loglevel setting.
@@ -172,7 +172,7 @@
 Kernel command line: ignore_loglevel console=ttyS0,115200n8 earlycon=uart8250,mmio32,0x70006000 rw root=PARTUUID=00000000-0001-0000-788f-a75600000000 rootwait debug earlyprintk init=/bin/bash
 PID hash table entries: 4096 (order: 3, 32768 bytes)
 software IO TLB [mem 0xfa000000-0xfe000000] (64MB) mapped at [ffff80007a000000-ffff80007dffffff]
-Memory: 2982844K/3131392K available (9084K kernel code, 1128K rwdata, 4444K rodata, 1088K init, 403K bss, 132164K reserved, 16384K cma-reserved)
+Memory: 2982844K/3131392K available (9084K kernel code, 1128K rwdata, 4448K rodata, 1088K init, 403K bss, 132164K reserved, 16384K cma-reserved)
 Virtual kernel memory layout:
     modules : 0xffff000000000000 - 0xffff000008000000   (   128 MB)
     vmalloc : 0xffff000008000000 - 0xffff7dffbfff0000   (129022 GB)
@@ -274,7 +274,7 @@
 kvm [1]: vgic interrupt IRQ1
 kvm [1]: virtual timer IRQ4
 audit: initializing netlink subsys (disabled)
-audit: type=2000 audit(0.527:1): state=initialized audit_enabled=0 res=1
+audit: type=2000 audit(0.507:1): state=initialized audit_enabled=0 res=1
 workingset: timestamp_bits=44 max_order=20 bucket_order=0
 squashfs: version 4.0 (2009/01/31) Phillip Lougher
 NFS: Registering the id_resolver key type
Diff for ./tegra210-smaug/tegra210-smaug/defconfig_log.txt
--- /tmp/fooa	2017-08-20 15:13:33.175010670 -0700
+++ /tmp/foob	2017-08-20 15:13:33.179010688 -0700
@@ -1,6 +1,4 @@
-art0 at MMIO 0x0000000070006000 (options '115200n8')
-bootconsole [uart0] enabled
-NUMA: No NUMA configuration found
+  0.000000] NUMA: No NUMA configuration found
 NUMA: Faking a node at [mem 0x0000000000000000-0x000000013fffffff]
 NUMA: NODE_DATA [mem 0x13ff9f100-0x13ffa0bff]
 Zone ranges:
@@ -24,7 +22,7 @@
 Kernel command line: cros_secure vpr=0x08000000@0xf6800000 earlycon
 PID hash table entries: 4096 (order: 3, 32768 bytes)
 software IO TLB [mem 0xf1400000-0xf5400000] (64MB) mapped at [ffff800071400000-ffff8000753fffff]
-Memory: 2838112K/2988032K available (9084K kernel code, 1128K rwdata, 4444K rodata, 1088K init, 403K bss, 133536K reserved, 16384K cma-reserved)
+Memory: 2838112K/2988032K available (9084K kernel code, 1128K rwdata, 4448K rodata, 1088K init, 403K bss, 133536K reserved, 16384K cma-reserved)
 Virtual kernel memory layout:
     modules : 0xffff000000000000 - 0xffff000008000000   (   128 MB)
     vmalloc : 0xffff000008000000 - 0xffff7dffbfff0000   (129022 GB)
@@ -69,7 +67,7 @@
 console [tty0] enabled
 bootconsole [uart0] disabled
 Booting Linux on physical CPU 0x0
-Linux version 4.13.0-rc5-304592-gef95484 (jonathanh@tamien) (gcc version 4.9.2 20140904 (prerelease) (crosstool-NG linaro-1.13.1-4.9-2014.09 - Linaro GCC 4.9-2014.09)) #1 SMP PREEMPT Tue Aug 15 14:38:41 PDT 2017
+Linux version 4.13.0-rc6-186564-g14ccee7 (jonathanh@kaivo) (gcc version 4.9.2 20140904 (prerelease) (crosstool-NG linaro-1.13.1-4.9-2014.09 - Linaro GCC 4.9-2014.09)) #1 SMP PREEMPT Sun Aug 20 15:10:09 PDT 2017
 Boot CPU: AArch64 Processor [411fd071]
 Machine model: Google Pixel C
 efi: Getting EFI parameters from FDT:
@@ -101,7 +99,7 @@
 Kernel command line: cros_secure vpr=0x08000000@0xf6800000 earlycon
 PID hash table entries: 4096 (order: 3, 32768 bytes)
 software IO TLB [mem 0xf1400000-0xf5400000] (64MB) mapped at [ffff800071400000-ffff8000753fffff]
-Memory: 2838112K/2988032K available (9084K kernel code, 1128K rwdata, 4444K rodata, 1088K init, 403K bss, 133536K reserved, 16384K cma-reserved)
+Memory: 2838112K/2988032K available (9084K kernel code, 1128K rwdata, 4448K rodata, 1088K init, 403K bss, 133536K reserved, 16384K cma-reserved)
 Virtual kernel memory layout:
     modules : 0xffff000000000000 - 0xffff000008000000   (   128 MB)
     vmalloc : 0xffff000008000000 - 0xffff7dffbfff0000   (129022 GB)
@@ -226,7 +224,7 @@
 kvm [1]: vgic interrupt IRQ1
 kvm [1]: virtual timer IRQ4
 audit: initializing netlink subsys (disabled)
-audit: type=2000 audit(0.269:1): state=initialized audit_enabled=0 res=1
+audit: type=2000 audit(0.270:1): state=initialized audit_enabled=0 res=1
 workingset: timestamp_bits=44 max_order=20 bucket_order=0
 squashfs: version 4.0 (2009/01/31) Phillip Lougher
 NFS: Registering the id_resolver key type
@@ -331,7 +329,7 @@
 mmcblk0boot1: mmc0:0001 BGND3R partition 2 4.00 MiB
 mmcblk0rpmb: mmc0:0001 BGND3R partition 3 4.00 MiB
  mmcblk0: p1 p2 p3 p4 p5 p6 p7 p8 p9 p10 p11
-max77686-rtc max77620-rtc: setting system clock to 2001-05-27 03:03:41 UTC (990932621)
+max77686-rtc max77620-rtc: setting system clock to 2001-06-01 03:34:34 UTC (991366474)
 PP1200_AVDD: disabling
 PP1200_RCAM: disabling
 PP2800L_RCAM: disabling
Diff for ./tegra30-beaver/tegra30-beaver/multi_v7_defconfig_log.txt
--- /tmp/fooa	2017-08-20 15:13:33.187010719 -0700
+++ /tmp/foob	2017-08-20 15:13:33.187010719 -0700
@@ -27,7 +27,6 @@
 Tegra30 (Beaver) # setenv bootargs 'ignore_loglevel console=ttyS0,115200n8 rw root=PARTUUID=edbe1840-3633-c751-7993-b0ac834f81e0 rootwait gpt debug noinitrd earlyprintk init=/bin/bash'
 Tegra30 (Beaver) # setenv ipaddr 192.168.100.101; setenv serverip 192.168.100.1; setenv tftpserverip 192.168.100.1
 Tegra30 (Beaver) # tftpboot 0x81000000 zImage.multi_v7_defconfig
-Waiting for Ethernet connection... done.
 Using asx0 device
 TFTP from server 192.168.100.1; our IP address is 192.168.100.101
 Filename 'zImage.multi_v7_defconfig'.
@@ -40,21 +39,21 @@
 	 #################################################################
 	 #################################################################
 	 #################################################################
-	 ###########################
-	 3.3 MiB/s
+	 ##########################
+	 2.9 MiB/s
 done
-Bytes transferred = 8015304 (7a4dc8 hex)
+Bytes transferred = 8014792 (7a4bc8 hex)
 Tegra30 (Beaver) # tftpboot 0x82000000 tegra30-beaver.dtb
 Using asx0 device
 TFTP from server 192.168.100.1; our IP address is 192.168.100.101
 Filename 'tegra30-beaver.dtb'.
 Load address: 0x82000000
 Loading: *####
-	 2.9 MiB/s
+	 3.3 MiB/s
 done
 Bytes transferred = 51848 (ca88 hex)
 Tegra30 (Beaver) # bootz 0x81000000 - 0x82000000
-Kernel image @ 0x81000000 [ 0x000000 - 0x7a4dc8 ]
+Kernel image @ 0x81000000 [ 0x000000 - 0x7a4bc8 ]
 ## Flattened Device Tree blob at 82000000
    Booting using the fdt blob at 0x82000000
    Loading Device Tree to 8fff0000, end 8ffffa87 ... OK
@@ -62,7 +61,7 @@
 Starting kernel ...
 
 Booting Linux on physical CPU 0x0
-Linux version 4.13.0-rc5-186351-gef95484 (jonathanh@sellafield) (gcc version 4.7.3 20130328 (prerelease) (crosstool-NG linaro-1.13.1-4.7-2013.04-20130415 - Linaro GCC 2013.04)) #1 SMP Tue Aug 15 14:33:49 PDT 2017
+Linux version 4.13.0-rc6-186564-g14ccee7 (jonathanh@sellafield) (gcc version 4.7.3 20130328 (prerelease) (crosstool-NG linaro-1.13.1-4.7-2013.04-20130415 - Linaro GCC 2013.04)) #1 SMP Sun Aug 20 15:06:31 PDT 2017
 CPU: ARMv7 Processor [412fc099] revision 9 (ARMv7), cr=10c5387d
 CPU: PIPT / VIPT nonaliasing data cache, VIPT aliasing instruction cache
 OF: fdt: Machine model: NVIDIA Tegra30 Beaver evaluation board
@@ -72,7 +71,7 @@
 efi: UEFI not found.
 cma: Reserved 64 MiB at 0xfb800000
 On node 0 totalpages: 524032
-free_area_init_node: node 0, pgdat c157edc0, node_mem_map eeff8000
+free_area_init_node: node 0, pgdat c157ee00, node_mem_map eeff8000
   DMA zone: 1536 pages used for memmap
   DMA zone: 0 pages reserved
   DMA zone: 196608 pages, LIFO batch:31
@@ -95,7 +94,7 @@
     modules : 0xbf000000 - 0xbfe00000   (  14 MB)
       .text : 0xc0208000 - 0xc0d00000   (11232 kB)
       .init : 0xc1200000 - 0xc1400000   (2048 kB)
-      .data : 0xc1400000 - 0xc1586ba8   (1563 kB)
+      .data : 0xc1400000 - 0xc1586be8   (1563 kB)
        .bss : 0xc158fcb0 - 0xc15f46fc   ( 403 kB)
 SLUB: HWalign=64, Order=0-3, MinObjects=0, CPUs=4, Nodes=1
 Hierarchical RCU implementation.
@@ -313,8 +312,8 @@
 sys_3v3_pexs: supplied by sys_3v3,vdd_3v3_alw
 +VDD_5V_HDMI: supplied by sys_3v3,vdd_3v3_alw
 tegra-pcie 3000.pcie: 2x3 configuration
-mmc1: new high speed MMC card at address 0001
 tegra-pcie 3000.pcie: probing port 0, using 2 lanes
+mmc1: new high speed MMC card at address 0001
 mmcblk1: mmc1:0001 SEM16G 14.8 GiB 
 mmcblk1boot0: mmc1:0001 SEM16G partition 1 1.00 MiB
 mmcblk1boot1: mmc1:0001 SEM16G partition 2 1.00 MiB
@@ -402,5 +401,5 @@
 Freeing unused kernel memory: 2048K
 bash: cannot set terminal process group (-1): Inappropriate ioctl for device
 bash: no job control in this shell
-root@(none):/# [    4.113657] usb 2-1: new high-speed USB device number 2 using tegra-ehci
+root@(none):/# [    4.123716] usb 2-1: new high-speed USB device number 2 using tegra-ehci
 asix 2-1:1.0 eth1: register 'asix' at usb-7d008000.usb-1, ASIX AX88772 USB 2.0 Ethernet, 00:50:b6:0f:67:60
Diff for ./tegra30-beaver/tegra30-beaver/tegra_defconfig_log.txt
--- /tmp/fooa	2017-08-20 15:13:33.195010750 -0700
+++ /tmp/foob	2017-08-20 15:13:33.199010768 -0700
@@ -38,20 +38,20 @@
 	 #################################################################
 	 #################################################################
 	 #############################
-	 3.3 MiB/s
+	 2.8 MiB/s
 done
-Bytes transferred = 6145128 (5dc468 hex)
+Bytes transferred = 6147352 (5dcd18 hex)
 Tegra30 (Beaver) # tftpboot 0x82000000 tegra30-beaver.dtb
 Using asx0 device
 TFTP from server 192.168.100.1; our IP address is 192.168.100.101
 Filename 'tegra30-beaver.dtb'.
 Load address: 0x82000000
 Loading: *####
-	 3.3 MiB/s
+	 2.7 MiB/s
 done
 Bytes transferred = 51848 (ca88 hex)
 Tegra30 (Beaver) # bootz 0x81000000 - 0x82000000
-Kernel image @ 0x81000000 [ 0x000000 - 0x5dc468 ]
+Kernel image @ 0x81000000 [ 0x000000 - 0x5dcd18 ]
 ## Flattened Device Tree blob at 82000000
    Booting using the fdt blob at 0x82000000
    Loading Device Tree to 8fff0000, end 8ffffa87 ... OK
@@ -60,7 +60,7 @@
 
 Uncompressing Linux... done, booting the kernel.
 Booting Linux on physical CPU 0x0
-Linux version 4.13.0-rc5-186351-gef95484 (jonathanh@kaivo) (gcc version 4.7.3 20130328 (prerelease) (crosstool-NG linaro-1.13.1-4.7-2013.04-20130415 - Linaro GCC 2013.04)) #1 SMP PREEMPT Tue Aug 15 14:34:01 PDT 2017
+Linux version 4.13.0-rc6-186564-g14ccee7 (jonathanh@kaivo) (gcc version 4.7.3 20130328 (prerelease) (crosstool-NG linaro-1.13.1-4.7-2013.04-20130415 - Linaro GCC 2013.04)) #1 SMP PREEMPT Sun Aug 20 15:05:42 PDT 2017
 CPU: ARMv7 Processor [412fc099] revision 9 (ARMv7), cr=10c5387d
 CPU: PIPT / VIPT nonaliasing data cache, VIPT aliasing instruction cache
 OF: fdt: Machine model: NVIDIA Tegra30 Beaver evaluation board
@@ -69,7 +69,7 @@
 Memory policy: Data cache writealloc
 cma: Reserved 64 MiB at 0xfbc00000
 On node 0 totalpages: 524032
-free_area_init_node: node 0, pgdat c0eafa00, node_mem_map eeff7000
+free_area_init_node: node 0, pgdat c0eafa40, node_mem_map eeff7000
   Normal zone: 1536 pages used for memmap
   Normal zone: 0 pages reserved
   Normal zone: 196608 pages, LIFO batch:31
@@ -92,7 +92,7 @@
     modules : 0xbf000000 - 0xbfe00000   (  14 MB)
       .text : 0xc0008000 - 0xc0a00000   (10208 kB)
       .init : 0xc0d00000 - 0xc0e00000   (1024 kB)
-      .data : 0xc0e00000 - 0xc0eba208   ( 745 kB)
+      .data : 0xc0e00000 - 0xc0eba248   ( 745 kB)
        .bss : 0xc0ec45b0 - 0xc0f0f37c   ( 300 kB)
 Preemptible hierarchical RCU implementation.
 NR_IRQS: 16, nr_irqs: 16, preallocated irqs: 16
@@ -394,4 +394,4 @@
 Freeing unused kernel memory: 1024K
 bash: cannot set terminal process group (-1): Inappropriate ioctl for device
 bash: no job control in this shell
-root@(none):/# [    4.410161] usb 2-1: new high-speed USB device number 2 using tegra-ehci
+root@(none):/# [    4.400087] usb 2-1: new high-speed USB device number 2 using tegra-ehci
