
U-Boot SPL 2014.01-00219-gc4d376f (Feb 18 2014 - 19:57:32)


U-Boot 2014.01-00219-gc4d376f (Feb 18 2014 - 19:57:32)

TEGRA114
Board: NVIDIA Dalmore
I2C:   ready
DRAM:  2 GiB
MMC:   Tegra SD/MMC: 0, Tegra SD/MMC: 1
In:    serial
Out:   serial
Err:   serial
Net:   Net Initialization Skipped
No ethernet found.
Hit any key to stop autoboot:  2  0 
Tegra114 (Dalmore) # 
Tegra114 (Dalmore) # usb reset
(Re)start USB...
USB0:   USB EHCI 1.10
scanning bus 0 for devices... 2 USB Device(s) found
       scanning usb for storage devices... 0 Storage Device(s) found
       scanning usb for ethernet devices... 
Warning: asx0 using MAC address from net device
1 Ethernet Device(s) found
Tegra114 (Dalmore) # setenv bootargs 'ignore_loglevel console=ttyS0,115200n8 rw root=PARTUUID=7369c667-ff51-ec4a-29cd-baabf2fbe346 rootwait gpt debug earlyprintk init=/bin/bash'
Tegra114 (Dalmore) # setenv ipaddr 192.168.100.100; setenv serverip 192.168.100.1; setenv tftpserverip 192.168.100.1
Tegra114 (Dalmore) # tftpboot 0x81000000 zImage.multi_v7_defconfig
Using asx0 device
TFTP from server 192.168.100.1; our IP address is 192.168.100.100
Filename 'zImage.multi_v7_defconfig'.
Load address: 0x81000000
Loading: *#################################################################
	 #################################################################
	 #################################################################
	 #################################################################
	 #################################################################
	 #################################################################
	 #################################################################
	 #################
	 3.1 MiB/s
done
Bytes transferred = 6918384 (6990f0 hex)
Tegra114 (Dalmore) # tftpboot 0x82000000 tegra114-dalmore.dtb
Using asx0 device
TFTP from server 192.168.100.1; our IP address is 192.168.100.100
Filename 'tegra114-dalmore.dtb'.
Load address: 0x82000000
Loading: *###
	 2.8 MiB/s
done
Bytes transferred = 34894 (884e hex)
Tegra114 (Dalmore) # bootz 0x81000000 - 0x82000000
Kernel image @ 0x81000000 [ 0x000000 - 0x6990f0 ]
## Flattened Device Tree blob at 82000000
   Booting using the fdt blob at 0x82000000
   Loading Device Tree to 8fff4000, end 8ffff84d ... OK

Starting kernel ...

[    0.000000] Booting Linux on physical CPU 0x0
[    0.000000] Linux version 4.6.0-rc7-83433-g44549e8 (pwalmsley@sellafield) (gcc version 4.7.3 20130328 (prerelease) (crosstool-NG linaro-1.13.1-4.7-2013.04-20130415 - Linaro GCC 2013.04) ) #1 SMP Sun May 8 15:04:55 PDT 2016
[    0.000000] CPU: ARMv7 Processor [412fc0f2] revision 2 (ARMv7), cr=10c5387d
[    0.000000] CPU: div instructions available: patching division code
[    0.000000] CPU: PIPT / VIPT nonaliasing data cache, PIPT instruction cache
[    0.000000] Machine model: NVIDIA Tegra114 Dalmore evaluation board
[    0.000000] debug: ignoring loglevel setting.
[    0.000000] cma: Reserved 64 MiB at 0xfb800000
[    0.000000] Memory policy: Data cache writealloc
[    0.000000] On node 0 totalpages: 524032
[    0.000000] free_area_init_node: node 0, pgdat c141b3c0, node_mem_map eeff8000
[    0.000000]   DMA zone: 1536 pages used for memmap
[    0.000000]   DMA zone: 0 pages reserved
[    0.000000]   DMA zone: 196608 pages, LIFO batch:31
[    0.000000]   HighMem zone: 327424 pages, LIFO batch:31
[    0.000000] percpu: Embedded 12 pages/cpu @eefa3000 s19776 r8192 d21184 u49152
[    0.000000] pcpu-alloc: s19776 r8192 d21184 u49152 alloc=12*4096
[    0.000000] pcpu-alloc: [0] 0 [0] 1 [0] 2 [0] 3 
[    0.000000] Built 1 zonelists in Zone order, mobility grouping on.  Total pages: 522496
[    0.000000] Kernel command line: ignore_loglevel console=ttyS0,115200n8 rw root=PARTUUID=7369c667-ff51-ec4a-29cd-baabf2fbe346 rootwait gpt debug earlyprintk init=/bin/bash
[    0.000000] PID hash table entries: 4096 (order: 2, 16384 bytes)
[    0.000000] Dentry cache hash table entries: 131072 (order: 7, 524288 bytes)
[    0.000000] Inode-cache hash table entries: 65536 (order: 6, 262144 bytes)
[    0.000000] Memory: 1995132K/2096128K available (9522K kernel code, 1141K rwdata, 4108K rodata, 2048K init, 341K bss, 35460K reserved, 65536K cma-reserved, 1244160K highmem)
[    0.000000] Virtual kernel memory layout:
[    0.000000]     vector  : 0xffff0000 - 0xffff1000   (   4 kB)
[    0.000000]     fixmap  : 0xffc00000 - 0xfff00000   (3072 kB)
[    0.000000]     vmalloc : 0xf0800000 - 0xff800000   ( 240 MB)
[    0.000000]     lowmem  : 0xc0000000 - 0xf0000000   ( 768 MB)
[    0.000000]     pkmap   : 0xbfe00000 - 0xc0000000   (   2 MB)
[    0.000000]     modules : 0xbf000000 - 0xbfe00000   (  14 MB)
[    0.000000]       .text : 0xc0208000 - 0xc104fa10   (14623 kB)
[    0.000000]       .init : 0xc1100000 - 0xc1300000   (2048 kB)
[    0.000000]       .data : 0xc1300000 - 0xc141d400   (1141 kB)
[    0.000000]        .bss : 0xc141f000 - 0xc1474518   ( 342 kB)
[    0.000000] SLUB: HWalign=64, Order=0-3, MinObjects=0, CPUs=4, Nodes=1
[    0.000000] Hierarchical RCU implementation.
[    0.000000] 	Build-time adjustment of leaf fanout to 32.
[    0.000000] 	RCU restricting CPUs from NR_CPUS=16 to nr_cpu_ids=4.
[    0.000000] RCU: Adjusting geometry for rcu_fanout_leaf=32, nr_cpu_ids=4
[    0.000000] NR_IRQS:16 nr_irqs:16 16
[    0.000000] /interrupt-controller@60004000: 160 interrupts forwarded to /interrupt-controller@50041000
[    0.000000] Tegra clk 127: register failed with -17
[    0.000009] sched_clock: 32 bits at 1000kHz, resolution 1000ns, wraps every 2147483647500ns
[    0.000026] clocksource: timer_us: mask: 0xffffffff max_cycles: 0xffffffff, max_idle_ns: 1911260446275 ns
[    0.000039] Switching to timer-based delay loop, resolution 1000ns
[    0.003095] Architected cp15 timer(s) running at 12.00MHz (virt).
[    0.003113] clocksource: arch_sys_counter: mask: 0xffffffffffffff max_cycles: 0x2c47f4ee7, max_idle_ns: 440795202497 ns
[    0.003131] sched_clock: 56 bits at 12MHz, resolution 83ns, wraps every 4398046511096ns
[    0.003144] Switching to timer-based delay loop, resolution 83ns
[    0.003527] Console: colour dummy device 80x30
[    0.003553] Calibrating delay loop (skipped), value calculated using timer frequency.. 24.00 BogoMIPS (lpj=60000)
[    0.003567] pid_max: default: 32768 minimum: 301
[    0.003666] Mount-cache hash table entries: 2048 (order: 1, 8192 bytes)
[    0.003677] Mountpoint-cache hash table entries: 2048 (order: 1, 8192 bytes)
[    0.004305] CPU: Testing write buffer coherency: ok
[    0.004523] /cpus/cpu@0 missing clock-frequency property
[    0.004553] /cpus/cpu@1 missing clock-frequency property
[    0.004581] /cpus/cpu@2 missing clock-frequency property
[    0.004608] /cpus/cpu@3 missing clock-frequency property
[    0.004622] CPU0: thread -1, cpu 0, socket 0, mpidr 80000000
[    0.004669] Setting up static identity map for 0x80300000 - 0x80300098
[    0.006948] Tegra Revision: A01 SKU: 0 CPU Process: 1 SoC Process: 0
[    0.008391] CPU1: thread -1, cpu 1, socket 0, mpidr 80000001
[    0.009114] CPU2: thread -1, cpu 2, socket 0, mpidr 80000002
[    0.009809] CPU3: thread -1, cpu 3, socket 0, mpidr 80000003
[    0.009897] Brought up 4 CPUs
[    0.009919] SMP: Total of 4 processors activated (96.00 BogoMIPS).
[    0.009926] CPU: All CPU(s) started in SVC mode.
[    0.011389] devtmpfs: initialized
[    0.021997] VFP support v0.3: implementor 41 architecture 4 part 30 variant f rev 0
[    0.022615] clocksource: jiffies: mask: 0xffffffff max_cycles: 0xffffffff, max_idle_ns: 9556302231375000 ns
[    0.024230] pinctrl core: initialized pinctrl subsystem
[    0.026002] NET: Registered protocol family 16
[    0.028200] DMA: preallocated 256 KiB pool for atomic coherent allocations
[    0.043027] cpuidle: using governor menu
[    0.057958] No ATAGs?
[    0.057995] hw-breakpoint: found 5 (+1 reserved) breakpoint and 4 watchpoint registers.
[    0.058005] hw-breakpoint: maximum watchpoint size is 8 bytes.
[    0.063317] Serial: AMBA PL011 UART driver
[    0.064739] tegra-mc 70019000.memory-controller: no memory timings for RAM code 3 registered
[    0.092819] dvdd_ts: Failed to request enable GPIO61: -517
[    0.092835] reg-fixed-voltage regulators:regulator@1: Failed to register regulator: -517
[    0.092929] usb1_vbus: Failed to request enable GPIO108: -517
[    0.092943] reg-fixed-voltage regulators:regulator@3: Failed to register regulator: -517
[    0.093034] usb2_vbus: Failed to request enable GPIO86: -517
[    0.093047] reg-fixed-voltage regulators:regulator@4: Failed to register regulator: -517
[    0.093484] VDD_5V0_HDMI_CON: Failed to request enable GPIO81: -517
[    0.093499] reg-fixed-voltage regulators:regulator@7: Failed to register regulator: -517
[    0.096566] vgaarb: loaded
[    0.097605] SCSI subsystem initialized
[    0.097782] libata version 3.00 loaded.
[    0.098099] usbcore: registered new interface driver usbfs
[    0.098193] usbcore: registered new interface driver hub
[    0.098269] usbcore: registered new device driver usb
[    0.101953] tps65090 2-0048: No cache defaults, reading back from HW
[    0.108147] genirq: Setting trigger mode 8 for irq 341 failed (irq_chip_set_type_parent+0x0/0x28)
[    0.108169] palmas 2-0058: Irq flag is 0x00000000
[    0.111381] palmas 2-0058: Muxing GPIO ff, PWM 0, LED 0
[    0.121221] sdhci-vdd-sd-slot: ramp_delay not set
[    0.146276] pps_core: LinuxPPS API ver. 1 registered
[    0.146287] pps_core: Software ver. 5.3.6 - Copyright 2005-2007 Rodolfo Giometti <giometti@linux.it>
[    0.146317] PTP clock support registered
[    0.146548] EDAC MC: Ver: 3.0.0
[    0.149156] clocksource: Switched to clocksource arch_sys_counter
[    0.160204] NET: Registered protocol family 2
[    0.160727] TCP established hash table entries: 8192 (order: 3, 32768 bytes)
[    0.160827] TCP bind hash table entries: 8192 (order: 4, 65536 bytes)
[    0.161013] TCP: Hash tables configured (established 8192 bind 8192)
[    0.161066] UDP hash table entries: 512 (order: 2, 16384 bytes)
[    0.161107] UDP-Lite hash table entries: 512 (order: 2, 16384 bytes)
[    0.161291] NET: Registered protocol family 1
[    0.161546] RPC: Registered named UNIX socket transport module.
[    0.161556] RPC: Registered udp transport module.
[    0.161563] RPC: Registered tcp transport module.
[    0.161570] RPC: Registered tcp NFSv4.1 backchannel transport module.
[    0.161590] PCI: CLS 0 bytes, default 64
[    0.163917] futex hash table entries: 1024 (order: 4, 65536 bytes)
[    0.164537] workingset: timestamp_bits=28 max_order=19 bucket_order=0
[    0.176781] squashfs: version 4.0 (2009/01/31) Phillip Lougher
[    0.177699] NFS: Registering the id_resolver key type
[    0.177739] Key type id_resolver registered
[    0.177748] Key type id_legacy registered
[    0.177814] ntfs: driver 2.1.32 [Flags: R/O].
[    0.179276] bounce: pool size: 64 pages
[    0.179504] Block layer SCSI generic (bsg) driver version 0.4 loaded (major 248)
[    0.179521] io scheduler noop registered
[    0.179536] io scheduler deadline registered
[    0.179574] io scheduler cfq registered (default)
[    0.201704] vdd-lcd-bl: supplied by vdd_ac_bat
[    0.208398] tegra-apbdma 6000a000.dma: Tegra20 APB DMA driver register 32 channels
[    0.210338] tegra-pmc 7000e400.pmc: i2c-thermtrip node not found, emergency thermal reset disabled.
[    0.276312] Serial: 8250/16550 driver, 4 ports, IRQ sharing disabled
[    0.279440] console [ttyS0] disabled
[    0.279477] 70006300.serial: ttyS0 at MMIO 0x70006300 (irq = 329, base_baud = 25500000) is a Tegra
[    1.095981] console [ttyS0] enabled
[    1.100292] SuperH (H)SCI(F) driver initialized
[    1.105818] msm_serial: driver initialized
[    1.110131] STMicroelectronics ASC driver initialized
[    1.117524] [drm] Initialized drm 1.1.0 20060810
[    1.125171] tegra-hdmi 54280000.hdmi: failed to get HDMI regulator
[    1.131916] vdd-ao: supplied by vdd_ac_bat
[    1.136244] vddio-1v8: supplied by vdd-ao
[    1.140639] avdd-dsi-csi: supplied by vddio-1v8
[    1.149066] vdd-sys-3v3: supplied by vdd_ac_bat
[    1.153837] avdd-lcd: supplied by vdd-sys-3v3
[    1.169897] brd: module loaded
[    1.179214] loop: module loaded
[    1.198795] m25p80 spi32766.0: w25q32dw (4096 Kbytes)
[    1.207487] libphy: Fixed MDIO Bus: probed
[    1.212335] CAN device driver interface
[    1.218136] igb: Intel(R) Gigabit Ethernet Network Driver - version 5.3.0-k
[    1.225103] igb: Copyright (c) 2007-2014 Intel Corporation.
[    1.233968] pegasus: v0.9.3 (2013/04/25), Pegasus/Pegasus II USB Ethernet driver
[    1.241427] usbcore: registered new interface driver pegasus
[    1.247171] usbcore: registered new interface driver asix
[    1.252632] usbcore: registered new interface driver ax88179_178a
[    1.258787] usbcore: registered new interface driver cdc_ether
[    1.264700] usbcore: registered new interface driver smsc75xx
[    1.270521] usbcore: registered new interface driver smsc95xx
[    1.276320] usbcore: registered new interface driver net1080
[    1.282035] usbcore: registered new interface driver cdc_subset
[    1.288013] usbcore: registered new interface driver zaurus
[    1.293675] usbcore: registered new interface driver cdc_ncm
[    1.301236] ehci_hcd: USB 2.0 'Enhanced' Host Controller (EHCI) Driver
[    1.307781] ehci-pci: EHCI PCI platform driver
[    1.312292] ehci-platform: EHCI generic platform driver
[    1.317728] ehci-omap: OMAP-EHCI Host Controller driver
[    1.323102] ehci-orion: EHCI orion driver
[    1.327261] SPEAr-ehci: EHCI SPEAr driver
[    1.331426] ehci-st: EHCI STMicroelectronics driver
[    1.336457] ehci-exynos: EHCI EXYNOS driver
[    1.340808] ehci-atmel: EHCI Atmel driver
[    1.344975] tegra-ehci: Tegra EHCI driver
[    1.349304] ohci_hcd: USB 1.1 'Open' Host Controller (OHCI) Driver
[    1.355508] ohci-pci: OHCI PCI platform driver
[    1.360013] ohci-platform: OHCI generic platform driver
[    1.365411] ohci-omap3: OHCI OMAP3 driver
[    1.369571] SPEAr-ohci: OHCI SPEAr driver
[    1.373717] ohci-st: OHCI STMicroelectronics driver
[    1.378749] ohci-atmel: OHCI Atmel driver
[    1.383513] usbcore: registered new interface driver usb-storage
[    1.391220] mousedev: PS/2 mouse device common for all mice
[    1.401856] palmas-rtc 7000d000.i2c:tps65913@58:rtc: rtc core: registered 7000d000.i2c:tps659 as rtc0
[    1.413010] tegra_rtc 7000e000.rtc: rtc core: registered 7000e000.rtc as rtc1
[    1.420207] tegra_rtc 7000e000.rtc: Tegra internal Real Time Clock
[    1.426966] i2c /dev entries driver
[    1.434625] sbs-battery 0-000b: sbs_probe: Failed to get device status
[    1.441180] sbs-battery: probe of 0-000b failed with error -121
[    1.450525] vdd-sensor-2v85: supplied by vdd-sys-3v3
[    1.463886] sdhci: Secure Digital Host Controller Interface driver
[    1.470079] sdhci: Copyright(c) Pierre Ossman
[    1.476018] Synopsys Designware Multimedia Card Interface Driver
[    1.483153] sdhci-pltfm: SDHCI platform and OF driver helper
[    1.489590] sdhci-tegra 78000400.sdhci: Got CD GPIO
[    1.494496] sdhci-tegra 78000400.sdhci: Got WP GPIO
[    1.500558] mmc0: Invalid maximum block size, assuming 512 bytes
[    1.539285] mmc0: SDHCI controller on 78000400.sdhci [78000400.sdhci] using ADMA
[    1.546990] mmc1: Invalid maximum block size, assuming 512 bytes
[    1.589172] mmc1: SDHCI controller on 78000600.sdhci [78000600.sdhci] using ADMA
[    1.598418] ledtrig-cpu: registered to indicate activity on CPUs
[    1.604819] usbcore: registered new interface driver usbhid
[    1.610401] usbhid: USB HID core driver
[    1.620011] NET: Registered protocol family 10
[    1.625201] sit: IPv6 over IPv4 tunneling driver
[    1.630576] NET: Registered protocol family 17
[    1.635056] can: controller area network core (rev 20120528 abi 9)
[    1.641310] NET: Registered protocol family 29
[    1.645773] can: raw protocol (rev 20120528)
[    1.650063] can: broadcast manager protocol (rev 20120528 t)
[    1.655742] can: netlink gateway (rev 20130117) max_hops=1
[    1.661641] Key type dns_resolver registered
[    1.666573] ThumbEE CPU extension supported.
[    1.670873] Registering SWP/SWPB emulation handler
[    1.683463] vdd-sys-5v0: supplied by vdd_ac_bat
[    1.689114] VDD_5V0_HDMI_CON: supplied by vdd-sys-5v0
[    1.699110] vdd_hdmi_5v0: supplied by vdd-sys-5v0
[    1.708844] [drm] Supports vblank timestamp caching Rev 2 (21.10.2013).
[    1.715509] [drm] No driver support for vblank timestamp query.
[    1.720589] mmc0: new high speed SDHC card at address aaaa
[    1.721513] mmcblk0: mmc0:aaaa SL16G 14.8 GiB 
[    1.747539] mmc1: new high speed MMC card at address 0001
[    1.753626]  mmcblk0: p1 p2 p3
[    1.754860] mmcblk1: mmc1:0001 SEM32G 29.1 GiB 
[    1.756102] mmcblk1boot0: mmc1:0001 SEM32G partition 1 4.00 MiB
[    1.756804] mmcblk1boot1: mmc1:0001 SEM32G partition 2 4.00 MiB
[    1.757476] mmcblk1rpmb: mmc1:0001 SEM32G partition 3 4.00 MiB
[    1.762179]  mmcblk1: p1 p2 p3 p4 p5 p6 p7 p8
[    1.792772] Console: switching to colour frame buffer device 240x75
[    1.850165] drm drm: fb0:  frame buffer device
[    1.869270] [drm] Initialized tegra 0.0.0 20120330 on minor 0
[    1.876387] usb2_vbus: supplied by vdd-sys-5v0
[    1.883215] tegra-ehci 7d008000.usb: EHCI Host Controller
[    1.888694] tegra-ehci 7d008000.usb: new USB bus registered, assigned bus number 1
[    1.896634] tegra-ehci 7d008000.usb: irq 339, io mem 0x7d008000
[    1.909277] tegra-ehci 7d008000.usb: USB 2.0 started, EHCI 1.10
[    1.916478] hub 1-0:1.0: USB hub found
[    1.920336] hub 1-0:1.0: 1 port detected
[    1.926315] input: gpio-keys as /devices/soc0/gpio-keys/input/input0
[    1.935197] palmas-rtc 7000d000.i2c:tps65913@58:rtc: setting system clock to 2000-03-02 09:26:39 UTC (951989199)
[    1.960408] dvdd_ts: disabling
[    1.963465] usb1_vbus: disabling
[    1.966733] vdd_cam_1v8_reg: disabling
[    1.972305] EXT4-fs (mmcblk1p1): mounting ext3 file system using the ext4 subsystem
[    2.051900] EXT4-fs (mmcblk1p1): recovery complete
[    2.058493] EXT4-fs (mmcblk1p1): mounted filesystem with ordered data mode. Opts: (null)
[    2.066675] VFS: Mounted root (ext3 filesystem) on device 179:17.
[    2.077409] devtmpfs: mounted
[    2.082314] Freeing unused kernel memory: 2048K (c1100000 - c1300000)
bash: cannot set terminal process group (-1): Inappropriate ioctl for device
bash: no job control in this shell
[    2.234215] usb 1-1: new high-speed USB device number 2 using tegra-ehci
root@(none):/# 