

U-Boot 2015.04-00466-gedec83e90172 (Mar 14 2016 - 10:42:01)

TEGRA124
Model: Acer Chromebook 13 CB5-311
DRAM:  4 GiB
:   Tegra SD/MMC: 0, Tegra SD/MMC: 1, Tegra SD/MMC: 2
MMC init failed
Using default environment

In:    serial
Out:   serial
Err:   serial
Net:   Net Initialization Skipped
No ethernet found.
Hit any key to stop autoboot:  2  0 
Tegra124 (Nyan-big) # 
Tegra124 (Nyan-big) # usb start
starting USB...
USB0:   USB EHCI 1.10
scanning bus 0 for devices... 2 USB Device(s) found
USB1:   USB EHCI 1.10
scanning bus 1 for devices... 2 USB Device(s) found
       scanning usb for storage devices... 1 Storage Device(s) found
       scanning usb for ethernet devices... 
Warning: asx0 using MAC address from net device
1 Ethernet Device(s) found
Tegra124 (Nyan-big) # mw 0x7000e4a0 0x00080000
Tegra124 (Nyan-big) # setenv bootargs 'ignore_loglevel console=ttyS0,115200n8 rw root=PARTUUID=4d36e82a-b3c0-4b4b-bfcd-afe5217ac023 rootwait gpt debug noinitrd earlyprintk init=/bin/bash'
Tegra124 (Nyan-big) # setenv ipaddr 192.168.100.102; setenv serverip 192.168.100.1; setenv tftpserverip 192.168.100.1
Tegra124 (Nyan-big) # tftpboot 0x82000000 zImage.multi_v7_defconfig
Using asx0 device
TFTP from server 192.168.100.1; our IP address is 192.168.100.102
Filename 'zImage.multi_v7_defconfig'.
Load address: 0x82000000
Loading: *#################################################################
	 #################################################################
	 #################################################################
	 #################################################################
	 #################################################################
	 #################################################################
	 #################################################################
	 #################################################################
	 ####################
	 3.3 MiB/s
done
Bytes transferred = 7914664 (78c4a8 hex)
Tegra124 (Nyan-big) # tftpboot 0x83000000 tegra124-nyan-big.dtb
Using asx0 device
TFTP from server 192.168.100.1; our IP address is 192.168.100.102
Filename 'tegra124-nyan-big.dtb'.
Load address: 0x83000000
Loading: *#####
	 3.4 MiB/s
done
Bytes transferred = 68155 (10a3b hex)
Tegra124 (Nyan-big) # bootz 0x82000000 - 0x83000000
Kernel image @ 0x82000000 [ 0x000000 - 0x78c4a8 ]
## Flattened Device Tree blob at 83000000
   Booting using the fdt blob at 0x83000000
   Using Device Tree in place at 83000000, end 83013a3a

Starting kernel ...

[    0.000000] Booting Linux on physical CPU 0x0
[    0.000000] Linux version 4.12.0-rc1-170892-g2ea659a (jonathanh@sellafield) (gcc version 4.7.3 20130328 (prerelease) (crosstool-NG linaro-1.13.1-4.7-2013.04-20130415 - Linaro GCC 2013.04) ) #1 SMP Sat May 13 13:37:05 PDT 2017
[    0.000000] CPU: ARMv7 Processor [413fc0f3] revision 3 (ARMv7), cr=10c5387d
[    0.000000] CPU: div instructions available: patching division code
[    0.000000] CPU: PIPT / VIPT nonaliasing data cache, PIPT instruction cache
[    0.000000] OF: fdt: Machine model: Acer Chromebook 13 CB5-311
[    0.000000] OF: fdt: Ignoring memory range 0x100000000 - 0x17ffff000
[    0.000000] debug: ignoring loglevel setting.
[    0.000000] Memory policy: Data cache writealloc
[    0.000000] efi: Getting EFI parameters from FDT:
[    0.000000] efi: UEFI not found.
[    0.000000] cma: Reserved 64 MiB at 0xfb800000
[    0.000000] On node 0 totalpages: 524287
[    0.000000] free_area_init_node: node 0, pgdat c157fd40, node_mem_map eeff8000
[    0.000000]   DMA zone: 1536 pages used for memmap
[    0.000000]   DMA zone: 0 pages reserved
[    0.000000]   DMA zone: 196608 pages, LIFO batch:31
[    0.000000]   HighMem zone: 327679 pages, LIFO batch:31
[    0.000000] percpu: Embedded 17 pages/cpu @eef81000 s39168 r8192 d22272 u69632
[    0.000000] pcpu-alloc: s39168 r8192 d22272 u69632 alloc=17*4096
[    0.000000] pcpu-alloc: [0] 0 [0] 1 [0] 2 [0] 3 
[    0.000000] Built 1 zonelists in Zone order, mobility grouping on.  Total pages: 522751
[    0.000000] Kernel command line: ignore_loglevel console=ttyS0,115200n8 rw root=PARTUUID=4d36e82a-b3c0-4b4b-bfcd-afe5217ac023 rootwait gpt debug noinitrd earlyprintk init=/bin/bash
[    0.000000] PID hash table entries: 4096 (order: 2, 16384 bytes)
[    0.000000] Dentry cache hash table entries: 131072 (order: 7, 524288 bytes)
[    0.000000] Inode-cache hash table entries: 65536 (order: 6, 262144 bytes)
[    0.000000] Memory: 1994436K/2097148K available (10240K kernel code, 1566K rwdata, 4388K rodata, 2048K init, 409K bss, 37176K reserved, 65536K cma-reserved, 1245180K highmem)
[    0.000000] Virtual kernel memory layout:
[    0.000000]     vector  : 0xffff0000 - 0xffff1000   (   4 kB)
[    0.000000]     fixmap  : 0xffc00000 - 0xfff00000   (3072 kB)
[    0.000000]     vmalloc : 0xf0800000 - 0xff800000   ( 240 MB)
[    0.000000]     lowmem  : 0xc0000000 - 0xf0000000   ( 768 MB)
[    0.000000]     pkmap   : 0xbfe00000 - 0xc0000000   (   2 MB)
[    0.000000]     modules : 0xbf000000 - 0xbfe00000   (  14 MB)
[    0.000000]       .text : 0xc0208000 - 0xc0d00000   (11232 kB)
[    0.000000]       .init : 0xc1200000 - 0xc1400000   (2048 kB)
[    0.000000]       .data : 0xc1400000 - 0xc15879b0   (1567 kB)
[    0.000000]        .bss : 0xc1590d04 - 0xc15f74d8   ( 410 kB)
[    0.000000] SLUB: HWalign=64, Order=0-3, MinObjects=0, CPUs=4, Nodes=1
[    0.000000] Hierarchical RCU implementation.
[    0.000000] 	RCU debugfs-based tracing is enabled.
[    0.000000] 	RCU restricting CPUs from NR_CPUS=16 to nr_cpu_ids=4.
[    0.000000] RCU: Adjusting geometry for rcu_fanout_leaf=16, nr_cpu_ids=4
[    0.000000] NR_IRQS:16 nr_irqs:16 16
[    0.000000] /interrupt-controller@60004000: 160 interrupts forwarded to /interrupt-controller@50041000
[    0.000000] Tegra clk 127: register failed with -17
[    0.000004] sched_clock: 32 bits at 1000kHz, resolution 1000ns, wraps every 2147483647500ns
[    0.000011] clocksource: timer_us: mask: 0xffffffff max_cycles: 0xffffffff, max_idle_ns: 1911260446275 ns
[    0.000018] Switching to timer-based delay loop, resolution 1000ns
[    0.001671] arch_timer: cp15 timer(s) running at 12.00MHz (virt).
[    0.001678] clocksource: arch_sys_counter: mask: 0xffffffffffffff max_cycles: 0x2c47f4ee7, max_idle_ns: 440795202497 ns
[    0.001685] sched_clock: 56 bits at 12MHz, resolution 83ns, wraps every 4398046511096ns
[    0.001690] Switching to timer-based delay loop, resolution 83ns
[    0.001897] Console: colour dummy device 80x30
[    0.001911] Calibrating delay loop (skipped), value calculated using timer frequency.. 24.00 BogoMIPS (lpj=120000)
[    0.001918] pid_max: default: 32768 minimum: 301
[    0.001956] Mount-cache hash table entries: 2048 (order: 1, 8192 bytes)
[    0.001960] Mountpoint-cache hash table entries: 2048 (order: 1, 8192 bytes)
[    0.002164] CPU: Testing write buffer coherency: ok
[    0.002287] /cpus/cpu@0 missing clock-frequency property
[    0.002302] /cpus/cpu@1 missing clock-frequency property
[    0.002316] /cpus/cpu@2 missing clock-frequency property
[    0.002330] /cpus/cpu@3 missing clock-frequency property
[    0.002336] CPU0: thread -1, cpu 0, socket 0, mpidr 80000000
[    0.002449] Setting up static identity map for 0x80300000 - 0x803000a0
[    0.003791] Tegra Revision: A01 SKU: 131 CPU Process: 1 SoC Process: 1
[    0.004054] EFI services will not be available.
[    0.004146] smp: Bringing up secondary CPUs ...
[    0.004435] CPU1: thread -1, cpu 1, socket 0, mpidr 80000001
[    0.011920] CPU2: thread -1, cpu 2, socket 0, mpidr 80000002
[    0.021923] CPU3: thread -1, cpu 3, socket 0, mpidr 80000003
[    0.031646] smp: Brought up 1 node, 4 CPUs
[    0.031654] SMP: Total of 4 processors activated (96.00 BogoMIPS).
[    0.031657] CPU: All CPU(s) started in SVC mode.
[    0.032202] devtmpfs: initialized
[    0.037982] VFP support v0.3: implementor 41 architecture 4 part 30 variant f rev 0
[    0.038173] clocksource: jiffies: mask: 0xffffffff max_cycles: 0xffffffff, max_idle_ns: 19112604462750000 ns
[    0.038181] futex hash table entries: 1024 (order: 4, 65536 bytes)
[    0.038757] pinctrl core: initialized pinctrl subsystem
[    0.039512] NET: Registered protocol family 16
[    0.040263] DMA: preallocated 256 KiB pool for atomic coherent allocations
[    0.041135] cpuidle: using governor menu
[    0.049970] No ATAGs?
[    0.050024] hw-breakpoint: found 5 (+1 reserved) breakpoint and 4 watchpoint registers.
[    0.050031] hw-breakpoint: maximum watchpoint size is 8 bytes.
[    0.052845] Serial: AMBA PL011 UART driver
[    0.053198] tegra-mc 70019000.memory-controller: no memory timings for RAM code 0 registered
[    0.058470] AT91: Could not find identification node
[    0.058672] +5V_SYS: supplied by +VDD_MUX
[    0.058770] +3.3V_SYS: supplied by +VDD_MUX
[    0.058982] +VDD_LED: Failed to request enable GPIO122: -517
[    0.058988] reg-fixed-voltage regulators:regulator@5: Failed to register regulator: -517
[    0.059022] +5V_VDD_TS_SW: Failed to request enable GPIO81: -517
[    0.059027] reg-fixed-voltage regulators:regulator@6: Failed to register regulator: -517
[    0.059059] +5V_USB_HS: Failed to request enable GPIO108: -517
[    0.059064] reg-fixed-voltage regulators:regulator@7: Failed to register regulator: -517
[    0.059097] +5V_USB_SS: Failed to request enable GPIO109: -517
[    0.059102] reg-fixed-voltage regulators:regulator@8: Failed to register regulator: -517
[    0.059189] +1.05V_RUN_AVDD_HDMI_PLL: Failed to request enable GPIO63: -517
[    0.059194] reg-fixed-voltage regulators:regulator@11: Failed to register regulator: -517
[    0.059226] +5V_HDMI_CON: Failed to request enable GPIO86: -517
[    0.059231] reg-fixed-voltage regulators:regulator@12: Failed to register regulator: -517
[    0.060226] vgaarb: loaded
[    0.060496] SCSI subsystem initialized
[    0.060561] libata version 3.00 loaded.
[    0.060647] usbcore: registered new interface driver usbfs
[    0.060669] usbcore: registered new interface driver hub
[    0.060695] usbcore: registered new device driver usb
[    0.062003] pps_core: LinuxPPS API ver. 1 registered
[    0.062007] pps_core: Software ver. 5.3.6 - Copyright 2005-2007 Rodolfo Giometti <giometti@linux.it>
[    0.062015] PTP clock support registered
[    0.062079] EDAC MC: Ver: 3.0.0
[    0.062476] tegra-emc 7001b000.emc: no memory timings for RAM code 0 found in DT
[    0.062486] tegra-emc: probe of 7001b000.emc failed with error -2
[    0.062918] clocksource: Switched to clocksource arch_sys_counter
[    0.082668] NET: Registered protocol family 2
[    0.082868] TCP established hash table entries: 8192 (order: 3, 32768 bytes)
[    0.082902] TCP bind hash table entries: 8192 (order: 4, 65536 bytes)
[    0.082980] TCP: Hash tables configured (established 8192 bind 8192)
[    0.083020] UDP hash table entries: 512 (order: 2, 16384 bytes)
[    0.083035] UDP-Lite hash table entries: 512 (order: 2, 16384 bytes)
[    0.083094] NET: Registered protocol family 1
[    0.083238] RPC: Registered named UNIX socket transport module.
[    0.083241] RPC: Registered udp transport module.
[    0.083245] RPC: Registered tcp transport module.
[    0.083248] RPC: Registered tcp NFSv4.1 backchannel transport module.
[    0.083253] PCI: CLS 0 bytes, default 64
[    0.083814] hw perfevents: enabled with armv7_cortex_a15 PMU driver, 7 counters available
[    0.084512] workingset: timestamp_bits=30 max_order=19 bucket_order=0
[    0.087352] squashfs: version 4.0 (2009/01/31) Phillip Lougher
[    0.087599] NFS: Registering the id_resolver key type
[    0.087610] Key type id_resolver registered
[    0.087613] Key type id_legacy registered
[    0.087629] ntfs: driver 2.1.32 [Flags: R/O].
[    0.088245] bounce: pool size: 64 pages
[    0.088262] Block layer SCSI generic (bsg) driver version 0.4 loaded (major 248)
[    0.088266] io scheduler noop registered
[    0.088269] io scheduler deadline registered
[    0.088280] io scheduler cfq registered (default)
[    0.088284] io scheduler mq-deadline registered
[    0.088287] io scheduler kyber registered
[    0.090136] tegra-xusb-padctl 7009f000.padctl: failed to setup XUSB ports: -517
[    0.099626] tegra-apbdma 60020000.dma: Tegra20 APB DMA driver register 32 channels
[    0.100551] tegra-pmc 7000e400.pmc: i2c-thermtrip node not found, emergency thermal reset disabled.
[    0.119040] Serial: 8250/16550 driver, 4 ports, IRQ sharing disabled
[    0.120077] console [ttyS0] disabled
[    0.120094] 70006000.serial: ttyS0 at MMIO 0x70006000 (irq = 333, base_baud = 25500000) is a Tegra
[    1.005727] console [ttyS0] enabled
[    1.009494] SuperH (H)SCI(F) driver initialized
[    1.014350] msm_serial: driver initialized
[    1.018494] STMicroelectronics ASC driver initialized
[    1.025518] tegra-hdmi 54280000.hdmi: failed to get HDMI regulator
[    1.032041] tegra-dpaux 545c0000.dpaux: failed to get VDD supply: -517
[    1.039431] panel-simple panel: panel supply power not found, using dummy regulator
[    1.050696] brd: module loaded
[    1.056417] loop: module loaded
[    1.060472] as3722 4-0040: AS3722 with revision 0x1 found
[    1.070461] as3722-sd2: supplied by +5V_SYS
[    1.074877] as3722-sd3: supplied by +5V_SYS
[    1.079208] +1.35V_LP0(sd3): Bringing 0uV into 1350000-1350000uV
[    1.085432] as3722-sd4: supplied by +5V_SYS
[    1.089759] +1.05V_RUN: Bringing 0uV into 1050000-1050000uV
[    1.095497] as3722-sd5: supplied by +5V_SYS
[    1.101070] as3722-ldo0: supplied by +1.35V_LP0(sd2)
[    1.106790] +1.8V_RUN_CAM: Bringing 0uV into 1800000-1800000uV
[    1.112791] as3722-ldo2: supplied by +1.8V_VDDIO
[    1.118421] as3722-ldo3: supplied by +3.3V_SYS
[    1.122866] +1.00V_LP0_VDD_RTC: Bringing 1100000uV into 1000000-1000000uV
[    1.130436] as3722-ldo4: supplied by +3.3V_SYS
[    1.135031] +3.3V_RUN_CAM: Bringing 0uV into 2800000-2800000uV
[    1.141033] as3722-ldo5: supplied by +1.8V_VDDIO
[    1.145810] +1.2V_RUN_CAM_FRONT: Bringing 0uV into 1200000-1200000uV
[    1.152480] +VDDIO_SDMMC3: Bringing 0uV into 1800000-1800000uV
[    1.158498] as3722-ldo7: supplied by +1.8V_VDDIO
[    1.163270] +1.05V_RUN_CAM_REAR: Bringing 0uV into 1050000-1050000uV
[    1.169802] as3722-ldo9: supplied by +5V_SYS
[    1.174373] +2.8V_RUN_TOUCH: Bringing 0uV into 2800000-2800000uV
[    1.180557] as3722-ldo10: supplied by +5V_SYS
[    1.185066] +2.8V_RUN_CAM_AF: Bringing 0uV into 2800000-2800000uV
[    1.191490] +1.8V_RUN_VPP_FUSE: Bringing 0uV into 1800000-1800000uV
[    1.203917] random: fast init done
[    1.209811] m25p80 spi32765.0: w25q32dw (4096 Kbytes)
[    1.215907] libphy: Fixed MDIO Bus: probed
[    1.220381] CAN device driver interface
[    1.224534] bgmac_bcma: Broadcom 47xx GBit MAC driver loaded
[    1.230630] e1000e: Intel(R) PRO/1000 Network Driver - 3.2.6-k
[    1.236453] e1000e: Copyright(c) 1999 - 2015 Intel Corporation.
[    1.242377] igb: Intel(R) Gigabit Ethernet Network Driver - version 5.4.0-k
[    1.249324] igb: Copyright (c) 2007-2014 Intel Corporation.
[    1.256083] pegasus: v0.9.3 (2013/04/25), Pegasus/Pegasus II USB Ethernet driver
[    1.263489] usbcore: registered new interface driver pegasus
[    1.269147] usbcore: registered new interface driver asix
[    1.274550] usbcore: registered new interface driver ax88179_178a
[    1.280638] usbcore: registered new interface driver cdc_ether
[    1.286476] usbcore: registered new interface driver smsc75xx
[    1.292221] usbcore: registered new interface driver smsc95xx
[    1.297967] usbcore: registered new interface driver net1080
[    1.303627] usbcore: registered new interface driver cdc_subset
[    1.309541] usbcore: registered new interface driver zaurus
[    1.315124] usbcore: registered new interface driver cdc_ncm
[    1.321411] ehci_hcd: USB 2.0 'Enhanced' Host Controller (EHCI) Driver
[    1.327928] ehci-pci: EHCI PCI platform driver
[    1.332370] ehci-platform: EHCI generic platform driver
[    1.337656] ehci-orion: EHCI orion driver
[    1.341707] SPEAr-ehci: EHCI SPEAr driver
[    1.345757] ehci-st: EHCI STMicroelectronics driver
[    1.350666] ehci-exynos: EHCI EXYNOS driver
[    1.354894] ehci-atmel: EHCI Atmel driver
[    1.358936] tegra-ehci: Tegra EHCI driver
[    1.363000] ohci_hcd: USB 1.1 'Open' Host Controller (OHCI) Driver
[    1.369169] ohci-pci: OHCI PCI platform driver
[    1.373617] ohci-platform: OHCI generic platform driver
[    1.378881] ohci-omap3: OHCI OMAP3 driver
[    1.382930] SPEAr-ohci: OHCI SPEAr driver
[    1.386973] ohci-st: OHCI STMicroelectronics driver
[    1.391882] ohci-atmel: OHCI Atmel driver
[    1.396136] usbcore: registered new interface driver usb-storage
[    1.402906] elan_i2c 1-0015: 1-0015 supply vcc not found, using dummy regulator
[    1.410274] as3722-rtc as3722-rtc: rtc core: registered as3722-rtc as rtc0
[    1.417149] as3722-rtc as3722-rtc: RTC interrupt 372
[    1.424032] tegra_rtc 7000e000.rtc: rtc core: registered 7000e000.rtc as rtc1
[    1.431162] tegra_rtc 7000e000.rtc: Tegra internal Real Time Clock
[    1.437510] i2c /dev entries driver
[    1.443327] lm90 0-004c: 0-004c supply vcc not found, using dummy regulator
[    1.454634] sdhci: Secure Digital Host Controller Interface driver
[    1.460799] sdhci: Copyright(c) Pierre Ossman
[    1.465688] Synopsys Designware Multimedia Card Interface Driver
[    1.472111] sdhci-pltfm: SDHCI platform and OF driver helper
[    1.478039] sdhci-tegra 700b0000.sdhci: allocated mmc-pwrseq
[    1.491835] sdhci-tegra 700b0400.sdhci: Got CD GPIO
[    1.496715] sdhci-tegra 700b0400.sdhci: Got WP GPIO
[    1.516943] mmc0: Unknown controller version (3). You may experience problems.
[    1.524186] mmc0: Invalid maximum block size, assuming 512 bytes
[    1.579381] elan_i2c 1-0015: Elan Touchpad: Module ID: 0x002a, Firmware: 0x0005, Sample: 0x0007, IAP: 0x0009
[    1.589318] input: Elan Touchpad as /devices/soc0/7000c400.i2c/i2c-1/1-0015/input/input0
[    1.592932] mmc0: SDHCI controller on 700b0600.sdhci [700b0600.sdhci] using ADMA
[    1.604896] ledtrig-cpu: registered to indicate activity on CPUs
[    1.610998] usbcore: registered new interface driver usbhid
[    1.616566] usbhid: USB HID core driver
[    1.621740] NET: Registered protocol family 10
[    1.626492] Segment Routing with IPv6
[    1.630162] sit: IPv6, IPv4 and MPLS over IPv4 tunneling driver
[    1.636288] NET: Registered protocol family 17
[    1.640720] can: controller area network core (rev 20170425 abi 9)
[    1.646914] NET: Registered protocol family 29
[    1.651344] can: raw protocol (rev 20170425)
[    1.655607] can: broadcast manager protocol (rev 20170425 t)
[    1.661252] can: netlink gateway (rev 20170425) max_hops=1
[    1.661516] mmc0: new high speed MMC card at address 0001
[    1.661746] mmcblk0: mmc0:0001 MMC16G 14.4 GiB 
[    1.661851] mmcblk0boot0: mmc0:0001 MMC16G partition 1 2.00 MiB
[    1.661966] mmcblk0boot1: mmc0:0001 MMC16G partition 2 2.00 MiB
[    1.662058] mmcblk0rpmb: mmc0:0001 MMC16G partition 3 128 KiB
[    1.669512]  mmcblk0: p1 p2 p3 p4 p5 p6 p7 p8 p9 p10 p11 p12
[    1.699956] Key type dns_resolver registered
[    1.704429] ThumbEE CPU extension supported.
[    1.708689] Registering SWP/SWPB emulation handler
[    1.718344] +3.3V_RUN: supplied by +3.3V_SYS
[    1.723299] +VDD_LED: supplied by +VDD_MUX
[    1.727491] +3.3V_AVDD_HDMI_AP_GATED: supplied by +3.3V_RUN
[    1.733165] +1.8V_RUN_CAM: supplied by +3.3V_RUN
[    1.737808] +VDDIO_SDMMC3: supplied by +3.3V_RUN
[    1.742439] +1.8V_RUN_VPP_FUSE: supplied by +3.3V_RUN
[    1.747778] +5V_VDD_TS_SW: supplied by +5V_SYS
[    1.752402] +5V_USB_HS: supplied by +5V_SYS
[    1.756934] +5V_USB_SS: supplied by +5V_SYS
[    1.761791] +3.3V_PANEL: supplied by +3.3V_RUN
[    1.767278] +3.3V_LP0: supplied by +3.3V_SYS
[    1.772166] +1.05V_RUN_AVDD_HDMI_PLL: supplied by +1.05V_RUN
[    1.772437] elan_i2c 1-0015: failed to read report data: -121
[    1.783926] +5V_HDMI_CON: supplied by +5V_SYS
[    1.788901]  usb3-0: usb3-0 supply vbus not found, using dummy regulator
[    1.795647]  usb3-1: usb3-1 supply vbus not found, using dummy regulator
[    1.805660] tegra-sor 54540000.sor: failed to probe output: -517
[    1.812162] panel-simple panel: panel supply power not found, using dummy regulator
[    1.820492] sdhci-tegra 700b0000.sdhci: allocated mmc-pwrseq
[    1.833117] mmc1: Unknown controller version (3). You may experience problems.
[    1.840357] mmc1: Invalid maximum block size, assuming 512 bytes
[    1.846655] mmc1: Switching to 3.3V signalling voltage failed
[    1.903003] mmc1: SDHCI controller on 700b0000.sdhci [700b0000.sdhci] using ADMA
[    1.909882] elan_i2c 1-0015: invalid report id data (ff)
[    1.916426] sdhci-tegra 700b0400.sdhci: Got CD GPIO
[    1.921296] sdhci-tegra 700b0400.sdhci: Got WP GPIO
[    1.934695] mmc2: Unknown controller version (3). You may experience problems.
[    1.941991] mmc2: Invalid maximum block size, assuming 512 bytes
[    1.976700] mmc1: new high speed SDIO card at address 0001
[    2.013028] mmc2: SDHCI controller on 700b0400.sdhci [700b0400.sdhci] using ADMA
[    2.026194] input: gpio-keys as /devices/soc0/gpio-keys/input/input1
[    2.034039] as3722-rtc as3722-rtc: setting system clock to 2000-01-01 00:00:23 UTC (946684823)
[    2.043013] +3.3V_AVDD_HDMI_AP_GATED: disabling
[    2.047541] +1.05V_RUN: disabling
[    2.051007] +1.8V_RUN_CAM: disabling
[    2.054839] +3.3V_RUN_CAM: disabling
[    2.058574] +1.2V_RUN_CAM_FRONT: disabling
[    2.062829] +1.05V_RUN_CAM_REAR: disabling
[    2.068090] +2.8V_RUN_TOUCH: disabling
[    2.073030] +2.8V_RUN_CAM_AF: disabling
[    2.077079] +1.8V_RUN_VPP_FUSE: disabling
[    2.081289] +VDD_LED: disabling
[    2.084464] +5V_VDD_TS_SW: disabling
[    2.088040] +5V_USB_HS: disabling
[    2.091346] +5V_USB_SS: disabling
[    2.094693] +3.3V_PANEL: disabling
[    2.098091] +1.05V_RUN_AVDD_HDMI_PLL: disabling
[    2.102609] +5V_HDMI_CON: disabling
[    2.107008] EXT4-fs (mmcblk0p3): couldn't mount as ext3 due to feature incompatibilities
[    2.115664] EXT4-fs (mmcblk0p3): couldn't mount as ext2 due to feature incompatibilities
[    2.204774] mmc2: new high speed SDHC card at address 0007
[    2.210919] mmcblk2: mmc2:0007 SD08G 7.42 GiB 
[    2.225389] GPT:Primary header alternate_lba != Alt. header my_lba
[    2.231561] GPT:3014591 != 15564799
[    2.235068] GPT:Primary header thinks Alt. header is not at the end of the disk.
[    2.242447] GPT:3014591 != 15564799
[    2.245928] GPT: Use GNU Parted to correct GPT errors.
[    2.251074]  mmcblk2: p1 p2 p3 p4 p5 p6 p7 p8 p9 p10 p11 p12
[    2.512113] EXT4-fs (mmcblk0p3): recovery complete
[    2.516937] EXT4-fs (mmcblk0p3): mounted filesystem with ordered data mode. Opts: (null)
[    2.525033] VFS: Mounted root (ext4 filesystem) on device 179:3.
[    2.532050] devtmpfs: mounted
[    2.535743] Freeing unused kernel memory: 2048K
bash: cannot set terminal process group (-1): Inappropriate ioctl for device
bash: no job control in this shell
root@(none):/# 