
U-Boot SPL 2015.04-rc3-00209-ga74ef40 (Mar 16 2015 - 14:43:39)


U-Boot 2015.04-rc3-00209-ga74ef40 (Mar 16 2015 - 14:43:39)

TEGRA20
Model: Compulab TrimSlice board
DRAM:  1 GiB
MMC:   Tegra SD/MMC: 0, Tegra SD/MMC: 1
SF: Detected W25Q80BL with page size 256 Bytes, erase size 4 KiB, total 1 MiB
tegra-pcie: PCI regions:
tegra-pcie:   I/O: 0x82000000-0x82010000
tegra-pcie:   non-prefetchable memory: 0xa0000000-0xa8000000
tegra-pcie:   prefetchable memory: 0xa8000000-0xc0000000
tegra-pcie: dual-mode configuration
tegra-pcie: probing port 0, using 2 lanes
In:    serial
Out:   serial
Err:   serial
Net:   RTL8169#0
Hit any key to stop autoboot:  2  1  0 
Tegra20 (TrimSlice) # 
Tegra20 (TrimSlice) # usb reset
resetting USB...
USB0:   USB EHCI 1.00
scanning bus 0 for devices... 3 USB Device(s) found
USB1:   USB EHCI 1.00
scanning bus 1 for devices... 1 USB Device(s) found
USB2:   lowlevel init failed
       scanning usb for storage devices... 0 Storage Device(s) found
       scanning usb for ethernet devices... 
Warning: asx0 using MAC address from net device
1 Ethernet Device(s) found
Tegra20 (TrimSlice) # setenv bootargs 'ignore_loglevel console=ttyS0,115200n8 rw root=PARTUUID=11eb23c1-01 rootwait gpt debug noinitrd earlyprintk init=/bin/bash'
Tegra20 (TrimSlice) # setenv ipaddr 192.168.100.103; setenv serverip 192.168.100.1; setenv tftpserverip 192.168.100.1
Tegra20 (TrimSlice) # tftpboot 0x00408000 zImage.multi_v7_defconfig
Using RTL8169#0 device
TFTP from server 192.168.100.1; our IP address is 192.168.100.103
Filename 'zImage.multi_v7_defconfig'.
Load address: 0x408000
Loading: *#################################################################
	 #################################################################
	 #################################################################
	 #################################################################
	 #################################################################
	 #################################################################
	 #################################################################
	 #################################################################
	 ####################
	 4.1 MiB/s
done
Bytes transferred = 7917080 (78ce18 hex)
Tegra20 (TrimSlice) # tftpboot 0x02408000 tegra20-trimslice.dtb
Using RTL8169#0 device
TFTP from server 192.168.100.1; our IP address is 192.168.100.103
Filename 'tegra20-trimslice.dtb'.
Load address: 0x2408000
Loading: *##
	 3.4 MiB/s
done
Bytes transferred = 21426 (53b2 hex)
Tegra20 (TrimSlice) # bootz 0x00408000 - 0x02408000
Kernel image @ 0x408000 [ 0x000000 - 0x78ce18 ]
## Flattened Device Tree blob at 02408000
   Booting using the fdt blob at 0x2408000
   Using Device Tree in place at 02408000, end 024103b1

Starting kernel ...

[    0.000000] Booting Linux on physical CPU 0x0
[    0.000000] Linux version 4.12.0-rc4-171841-g3c2993b (jonathanh@sellafield) (gcc version 4.7.3 20130328 (prerelease) (crosstool-NG linaro-1.13.1-4.7-2013.04-20130415 - Linaro GCC 2013.04) ) #1 SMP Sun Jun 4 17:05:41 PDT 2017
[    0.000000] CPU: ARMv7 Processor [411fc090] revision 0 (ARMv7), cr=10c5387d
[    0.000000] CPU: PIPT / VIPT nonaliasing data cache, VIPT aliasing instruction cache
[    0.000000] OF: fdt: Machine model: Compulab TrimSlice board
[    0.000000] debug: ignoring loglevel setting.
[    0.000000] Memory policy: Data cache writealloc
[    0.000000] efi: Getting EFI parameters from FDT:
[    0.000000] efi: UEFI not found.
[    0.000000] cma: Reserved 64 MiB at 0x3c000000
[    0.000000] On node 0 totalpages: 262144
[    0.000000] free_area_init_node: node 0, pgdat c157fd40, node_mem_map ef7f8000
[    0.000000]   DMA zone: 1536 pages used for memmap
[    0.000000]   DMA zone: 0 pages reserved
[    0.000000]   DMA zone: 196608 pages, LIFO batch:31
[    0.000000]   HighMem zone: 65536 pages, LIFO batch:15
[    0.000000] percpu: Embedded 17 pages/cpu @ef7c4000 s39168 r8192 d22272 u69632
[    0.000000] pcpu-alloc: s39168 r8192 d22272 u69632 alloc=17*4096
[    0.000000] pcpu-alloc: [0] 0 [0] 1 
[    0.000000] Built 1 zonelists in Zone order, mobility grouping on.  Total pages: 260608
[    0.000000] Kernel command line: ignore_loglevel console=ttyS0,115200n8 rw root=PARTUUID=11eb23c1-01 rootwait gpt debug noinitrd earlyprintk init=/bin/bash
[    0.000000] PID hash table entries: 4096 (order: 2, 16384 bytes)
[    0.000000] Dentry cache hash table entries: 131072 (order: 7, 524288 bytes)
[    0.000000] Inode-cache hash table entries: 65536 (order: 6, 262144 bytes)
[    0.000000] Memory: 954368K/1048576K available (10240K kernel code, 1566K rwdata, 4388K rodata, 2048K init, 409K bss, 28672K reserved, 65536K cma-reserved, 196608K highmem)
[    0.000000] Virtual kernel memory layout:
[    0.000000]     vector  : 0xffff0000 - 0xffff1000   (   4 kB)
[    0.000000]     fixmap  : 0xffc00000 - 0xfff00000   (3072 kB)
[    0.000000]     vmalloc : 0xf0800000 - 0xff800000   ( 240 MB)
[    0.000000]     lowmem  : 0xc0000000 - 0xf0000000   ( 768 MB)
[    0.000000]     pkmap   : 0xbfe00000 - 0xc0000000   (   2 MB)
[    0.000000]     modules : 0xbf000000 - 0xbfe00000   (  14 MB)
[    0.000000]       .text : 0xc0208000 - 0xc0d00000   (11232 kB)
[    0.000000]       .init : 0xc1200000 - 0xc1400000   (2048 kB)
[    0.000000]       .data : 0xc1400000 - 0xc15879b0   (1567 kB)
[    0.000000]        .bss : 0xc1590d04 - 0xc15f74d8   ( 410 kB)
[    0.000000] SLUB: HWalign=64, Order=0-3, MinObjects=0, CPUs=2, Nodes=1
[    0.000000] Hierarchical RCU implementation.
[    0.000000] 	RCU debugfs-based tracing is enabled.
[    0.000000] 	RCU restricting CPUs from NR_CPUS=16 to nr_cpu_ids=2.
[    0.000000] RCU: Adjusting geometry for rcu_fanout_leaf=16, nr_cpu_ids=2
[    0.000000] NR_IRQS:16 nr_irqs:16 16
[    0.000000] /interrupt-controller@60004000: 128 interrupts forwarded to /interrupt-controller@50041000
[    0.000000] L2C: platform modifies aux control register: 0x02080000 -> 0x3e480001
[    0.000000] L2C: DT/platform modifies aux control register: 0x02080000 -> 0x3e480001
[    0.000000] L2C-310 errata 727915 769419 enabled
[    0.000000] L2C-310 enabling early BRESP for Cortex-A9
[    0.000000] L2C-310: enabling full line of zeros but not enabled in Cortex-A9
[    0.000000] L2C-310 ID prefetch enabled, offset 1 lines
[    0.000000] L2C-310 cache controller enabled, 8 ways, 1024 kB
[    0.000000] L2C-310: CACHE_ID 0x410000c4, AUX_CTRL 0x7e480001
[    0.000009] sched_clock: 32 bits at 1000kHz, resolution 1000ns, wraps every 2147483647500ns
[    0.000025] clocksource: timer_us: mask: 0xffffffff max_cycles: 0xffffffff, max_idle_ns: 1911260446275 ns
[    0.000036] Switching to timer-based delay loop, resolution 1000ns
[    0.001634] Console: colour dummy device 80x30
[    0.001661] Calibrating delay loop (skipped), value calculated using timer frequency.. 2.00 BogoMIPS (lpj=10000)
[    0.001672] pid_max: default: 32768 minimum: 301
[    0.001745] Mount-cache hash table entries: 2048 (order: 1, 8192 bytes)
[    0.001754] Mountpoint-cache hash table entries: 2048 (order: 1, 8192 bytes)
[    0.002192] CPU: Testing write buffer coherency: ok
[    0.002398] CPU0: thread -1, cpu 0, socket 0, mpidr 80000000
[    0.002620] Setting up static identity map for 0x300000 - 0x3000a0
[    0.004044] Tegra Revision: A03 prime SKU: 8 CPU Process: 1 SoC Process: 2
[    0.004490] EFI services will not be available.
[    0.004653] smp: Bringing up secondary CPUs ...
[    0.005196] CPU1: thread -1, cpu 1, socket 0, mpidr 80000001
[    0.005260] smp: Brought up 1 node, 2 CPUs
[    0.005272] SMP: Total of 2 processors activated (4.00 BogoMIPS).
[    0.005278] CPU: All CPU(s) started in SVC mode.
[    0.005937] devtmpfs: initialized
[    0.009689] VFP support v0.3: implementor 41 architecture 3 part 30 variant 9 rev 1
[    0.009941] clocksource: jiffies: mask: 0xffffffff max_cycles: 0xffffffff, max_idle_ns: 19112604462750000 ns
[    0.009956] futex hash table entries: 512 (order: 3, 32768 bytes)
[    0.012880] pinctrl core: initialized pinctrl subsystem
[    0.014102] NET: Registered protocol family 16
[    0.016415] DMA: preallocated 256 KiB pool for atomic coherent allocations
[    0.017843] cpuidle: using governor menu
[    0.035193] No ATAGs?
[    0.035258] hw-breakpoint: found 5 (+1 reserved) breakpoint and 1 watchpoint registers.
[    0.035269] hw-breakpoint: maximum watchpoint size is 4 bytes.
[    0.040781] Serial: AMBA PL011 UART driver
[    0.052015] AT91: Could not find identification node
[    0.052572] usb1_vbus: Failed to request enable GPIO170: -517
[    0.052589] reg-fixed-voltage regulators:regulator@2: Failed to register regulator: -517
[    0.055984] vgaarb: loaded
[    0.056548] SCSI subsystem initialized
[    0.056667] libata version 3.00 loaded.
[    0.056849] usbcore: registered new interface driver usbfs
[    0.056890] usbcore: registered new interface driver hub
[    0.056928] usbcore: registered new device driver usb
[    0.058905] pps_core: LinuxPPS API ver. 1 registered
[    0.058913] pps_core: Software ver. 5.3.6 - Copyright 2005-2007 Rodolfo Giometti <giometti@linux.it>
[    0.058930] PTP clock support registered
[    0.059072] EDAC MC: Ver: 3.0.0
[    0.060852] clocksource: Switched to clocksource timer_us
[    0.100130] NET: Registered protocol family 2
[    0.100562] TCP established hash table entries: 8192 (order: 3, 32768 bytes)
[    0.100632] TCP bind hash table entries: 8192 (order: 4, 65536 bytes)
[    0.100746] TCP: Hash tables configured (established 8192 bind 8192)
[    0.100825] UDP hash table entries: 512 (order: 2, 16384 bytes)
[    0.100920] UDP-Lite hash table entries: 512 (order: 2, 16384 bytes)
[    0.101071] NET: Registered protocol family 1
[    0.101351] RPC: Registered named UNIX socket transport module.
[    0.101359] RPC: Registered udp transport module.
[    0.101365] RPC: Registered tcp transport module.
[    0.101370] RPC: Registered tcp NFSv4.1 backchannel transport module.
[    0.101380] PCI: CLS 0 bytes, default 64
[    0.102164] hw perfevents: no interrupt-affinity property for /pmu, guessing.
[    0.102310] hw perfevents: enabled with armv7_cortex_a9 PMU driver, 7 counters available
[    0.103661] workingset: timestamp_bits=30 max_order=18 bucket_order=0
[    0.110291] squashfs: version 4.0 (2009/01/31) Phillip Lougher
[    0.110942] NFS: Registering the id_resolver key type
[    0.110970] Key type id_resolver registered
[    0.110976] Key type id_legacy registered
[    0.111007] ntfs: driver 2.1.32 [Flags: R/O].
[    0.112258] bounce: pool size: 64 pages
[    0.112298] Block layer SCSI generic (bsg) driver version 0.4 loaded (major 248)
[    0.112307] io scheduler noop registered
[    0.112313] io scheduler deadline registered
[    0.112340] io scheduler cfq registered (default)
[    0.112346] io scheduler mq-deadline registered
[    0.112352] io scheduler kyber registered
[    0.123665] tegra-pcie 80003000.pcie-controller: dual-mode configuration
[    0.124374] tegra-pcie 80003000.pcie-controller: probing port 0, using 2 lanes
[    0.206859] tegra-pcie 80003000.pcie-controller: PCI host bridge to bus 0000:00
[    0.206872] pci_bus 0000:00: root bus resource [io  0x0000-0xffff]
[    0.206880] pci_bus 0000:00: root bus resource [mem 0xa0000000-0xa7ffffff]
[    0.206888] pci_bus 0000:00: root bus resource [mem 0xa8000000-0xbfffffff pref]
[    0.206897] pci_bus 0000:00: root bus resource [bus 00-ff]
[    0.206925] pci 0000:00:01.0: [10de:0bf0] type 01 class 0x060000
[    0.206953] pci_bus 0000:00: 2-byte config write to 0000:00:01.0 offset 0x88 may corrupt adjacent RW1C bits
[    0.206977] pci_bus 0000:00: 2-byte config write to 0000:00:01.0 offset 0x52 may corrupt adjacent RW1C bits
[    0.207001] pci 0000:00:01.0: PME# supported from D0 D1 D2 D3hot D3cold
[    0.207011] pci_bus 0000:00: 2-byte config write to 0000:00:01.0 offset 0x4c may corrupt adjacent RW1C bits
[    0.207188] pci_bus 0000:00: 2-byte config write to 0000:00:01.0 offset 0x3e may corrupt adjacent RW1C bits
[    0.207200] pci_bus 0000:00: 2-byte config write to 0000:00:01.0 offset 0x4 may corrupt adjacent RW1C bits
[    0.207210] pci_bus 0000:00: 1-byte config write to 0000:00:01.0 offset 0xc may corrupt adjacent RW1C bits
[    0.207217] PCI: bus0: Fast back to back transfers disabled
[    0.207227] pci 0000:00:01.0: bridge configuration invalid ([bus 00-00]), reconfiguring
[    0.207236] pci_bus 0000:00: 2-byte config write to 0000:00:01.0 offset 0x3e may corrupt adjacent RW1C bits
[    0.207246] pci_bus 0000:00: 2-byte config write to 0000:00:01.0 offset 0x3e may corrupt adjacent RW1C bits
[    0.207256] pci_bus 0000:00: 2-byte config write to 0000:00:01.0 offset 0x3e may corrupt adjacent RW1C bits
[    0.207266] pci_bus 0000:00: 2-byte config write to 0000:00:01.0 offset 0x6 may corrupt adjacent RW1C bits
[    0.207389] pci 0000:01:00.0: [10ec:8168] type 00 class 0x020000
[    0.207416] pci 0000:01:00.0: reg 0x10: [io  0x0000-0x00ff]
[    0.207440] pci 0000:01:00.0: reg 0x18: [mem 0x00000000-0x00000fff 64bit pref]
[    0.207458] pci 0000:01:00.0: reg 0x20: [mem 0x00000000-0x00003fff 64bit pref]
[    0.207471] pci 0000:01:00.0: reg 0x30: [mem 0x00000000-0x0001ffff pref]
[    0.207546] pci 0000:01:00.0: supports D1 D2
[    0.207553] pci 0000:01:00.0: PME# supported from D0 D1 D2 D3hot D3cold
[    0.230892] PCI: bus1: Fast back to back transfers disabled
[    0.230905] pci_bus 0000:01: busn_res: [bus 01-ff] end is updated to 01
[    0.230918] Disabling cpuidle LP2 state, since PCIe IRQs are in use
[    0.230980] pci 0000:00:01.0: BAR 8: assigned [mem 0xa0000000-0xa00fffff]
[    0.230992] pci 0000:00:01.0: BAR 9: assigned [mem 0xa8000000-0xa80fffff 64bit pref]
[    0.231001] pci 0000:00:01.0: BAR 7: assigned [io  0x1000-0x1fff]
[    0.231014] pci 0000:01:00.0: BAR 6: assigned [mem 0xa0000000-0xa001ffff pref]
[    0.231023] pci 0000:01:00.0: BAR 4: assigned [mem 0xa8000000-0xa8003fff 64bit pref]
[    0.231043] pci 0000:01:00.0: BAR 2: assigned [mem 0xa8004000-0xa8004fff 64bit pref]
[    0.231061] pci 0000:01:00.0: BAR 0: assigned [io  0x1000-0x10ff]
[    0.231073] pci 0000:00:01.0: PCI bridge to [bus 01]
[    0.231081] pci 0000:00:01.0:   bridge window [io  0x1000-0x1fff]
[    0.231089] pci 0000:00:01.0:   bridge window [mem 0xa0000000-0xa00fffff]
[    0.231098] pci 0000:00:01.0:   bridge window [mem 0xa8000000-0xa80fffff 64bit pref]
[    0.231121] pci 0000:00:01.0: nv_msi_ht_cap_quirk didn't locate host bridge
[    0.231179] pcieport 0000:00:01.0: enabling device (0140 -> 0143)
[    0.231362] pcieport 0000:00:01.0: Signaling PME with IRQ 295
[    0.237333] tegra-apbdma 6000a000.dma: Tegra20 APB DMA driver register 16 channels
[    0.286121] Serial: 8250/16550 driver, 4 ports, IRQ sharing disabled
[    0.288373] console [ttyS0] disabled
[    0.288409] 70006000.serial: ttyS0 at MMIO 0x70006000 (irq = 279, base_baud = 13500000) is a Tegra
[    1.353506] console [ttyS0] enabled
[    1.357555] SuperH (H)SCI(F) driver initialized
[    1.362824] msm_serial: driver initialized
[    1.367047] STMicroelectronics ASC driver initialized
[    1.376403] tegra-hdmi 54280000.hdmi: 54280000.hdmi supply hdmi not found, using dummy regulator
[    1.387161] [drm] Supports vblank timestamp caching Rev 2 (21.10.2013).
[    1.393784] [drm] No driver support for vblank timestamp query.
[    1.399718] [drm] Cannot find any crtc or sizes - going 1024x768
[    1.421895] Console: switching to colour frame buffer device 128x48
[    1.436568] drm drm: fb0:  frame buffer device
[    1.441060] [drm] Initialized tegra 0.0.0 20120330 for drm on minor 0
[    1.456464] brd: module loaded
[    1.465096] loop: module loaded
[    1.474277] m25p80 spi32766.0: found s25fl008k, expected w25q80bl
[    1.480362] m25p80 spi32766.0: s25fl008k (1024 Kbytes)
[    1.487690] libphy: Fixed MDIO Bus: probed
[    1.492590] CAN device driver interface
[    1.497082] bgmac_bcma: Broadcom 47xx GBit MAC driver loaded
[    1.503748] e1000e: Intel(R) PRO/1000 Network Driver - 3.2.6-k
[    1.509564] e1000e: Copyright(c) 1999 - 2015 Intel Corporation.
[    1.515543] igb: Intel(R) Gigabit Ethernet Network Driver - version 5.4.0-k
[    1.522501] igb: Copyright (c) 2007-2014 Intel Corporation.
[    1.528593] r8169 Gigabit Ethernet driver 2.3LK-NAPI loaded
[    1.534192] r8169 0000:01:00.0: enabling device (0140 -> 0143)
[    1.540829] r8169 0000:01:00.0 eth0: RTL8168d/8111d at 0xf08fc000, 00:01:c0:13:7d:63, XID 081000c0 IRQ 296
[    1.550492] r8169 0000:01:00.0 eth0: jumbo features [frames: 9200 bytes, tx checksumming: ko]
[    1.561182] pegasus: v0.9.3 (2013/04/25), Pegasus/Pegasus II USB Ethernet driver
[    1.568614] usbcore: registered new interface driver pegasus
[    1.574324] usbcore: registered new interface driver asix
[    1.579740] usbcore: registered new interface driver ax88179_178a
[    1.585864] usbcore: registered new interface driver cdc_ether
[    1.591739] usbcore: registered new interface driver smsc75xx
[    1.597510] usbcore: registered new interface driver smsc95xx
[    1.603286] usbcore: registered new interface driver net1080
[    1.608957] usbcore: registered new interface driver cdc_subset
[    1.614912] usbcore: registered new interface driver zaurus
[    1.620514] usbcore: registered new interface driver cdc_ncm
[    1.626452] tegra-phy c5004000.usb-phy: no vbus regulator
[    1.632949] tegra-phy c5008000.usb-phy: no vbus regulator
[    1.639661] ehci_hcd: USB 2.0 'Enhanced' Host Controller (EHCI) Driver
[    1.646193] ehci-pci: EHCI PCI platform driver
[    1.650661] ehci-platform: EHCI generic platform driver
[    1.656042] ehci-orion: EHCI orion driver
[    1.660155] SPEAr-ehci: EHCI SPEAr driver
[    1.664274] ehci-st: EHCI STMicroelectronics driver
[    1.669241] ehci-exynos: EHCI EXYNOS driver
[    1.673546] ehci-atmel: EHCI Atmel driver
[    1.677642] tegra-ehci: Tegra EHCI driver
[    1.742055] ulpi_phy_power_on: ulpi write failed
[    1.746663] tegra-ehci c5004000.usb: Failed to power on the phy
[    1.752601] tegra-ehci: probe of c5004000.usb failed with error -110
[    1.761578] tegra-ehci c5008000.usb: EHCI Host Controller
[    1.766983] tegra-ehci c5008000.usb: new USB bus registered, assigned bus number 1
[    1.774793] tegra-ehci c5008000.usb: irq 290, io mem 0xc5008000
[    1.800870] tegra-ehci c5008000.usb: USB 2.0 started, EHCI 1.00
[    1.807385] hub 1-0:1.0: USB hub found
[    1.811167] hub 1-0:1.0: 1 port detected
[    1.815395] ohci_hcd: USB 1.1 'Open' Host Controller (OHCI) Driver
[    1.821601] ohci-pci: OHCI PCI platform driver
[    1.826081] ohci-platform: OHCI generic platform driver
[    1.831474] ohci-omap3: OHCI OMAP3 driver
[    1.835575] SPEAr-ohci: OHCI SPEAr driver
[    1.839677] ohci-st: OHCI STMicroelectronics driver
[    1.844662] ohci-atmel: OHCI Atmel driver
[    1.849257] usbcore: registered new interface driver usb-storage
[    1.857890] rtc-em3027 2-0056: rtc core: registered rtc-em3027 as rtc0
[    1.865590] tegra_rtc 7000e000.rtc: rtc core: registered 7000e000.rtc as rtc1
[    1.872757] tegra_rtc 7000e000.rtc: Tegra internal Real Time Clock
[    1.879326] i2c /dev entries driver
[    1.892282] sdhci: Secure Digital Host Controller Interface driver
[    1.898447] sdhci: Copyright(c) Pierre Ossman
[    1.903976] Synopsys Designware Multimedia Card Interface Driver
[    1.910944] sdhci-pltfm: SDHCI platform and OF driver helper
[    1.925078] mmc0: Invalid maximum block size, assuming 512 bytes
[    1.990870] mmc0: SDHCI controller on c8000000.sdhci [c8000000.sdhci] using ADMA
[    1.998350] sdhci-tegra c8000600.sdhci: Got CD GPIO
[    2.003248] sdhci-tegra c8000600.sdhci: Got WP GPIO
[    2.016281] mmc1: Invalid maximum block size, assuming 512 bytes
[    2.080973] mmc1: SDHCI controller on c8000600.sdhci [c8000600.sdhci] using ADMA
[    2.089799] ledtrig-cpu: registered to indicate activity on CPUs
[    2.096085] usbcore: registered new interface driver usbhid
[    2.101660] usbhid: USB HID core driver
[    2.108645] NET: Registered protocol family 10
[    2.114071] Segment Routing with IPv6
[    2.117768] sit: IPv6, IPv4 and MPLS over IPv4 tunneling driver
[    2.124192] NET: Registered protocol family 17
[    2.128630] can: controller area network core (rev 20170425 abi 9)
[    2.134864] NET: Registered protocol family 29
[    2.139296] can: raw protocol (rev 20170425)
[    2.143568] can: broadcast manager protocol (rev 20170425 t)
[    2.149216] can: netlink gateway (rev 20170425) max_hops=1
[    2.155030] Key type dns_resolver registered
[    2.159678] ThumbEE CPU extension supported.
[    2.163966] Registering SWP/SWPB emulation handler
[    2.176947] utmi_phy_clk_enable: timeout waiting for phy to stabilize
[    2.180887] usb 1-1: new high-speed USB device number 2 using tegra-ehci
[    2.190108] tegra-ehci c5000000.usb: EHCI Host Controller
[    2.195522] tegra-ehci c5000000.usb: new USB bus registered, assigned bus number 2
[    2.203390] tegra-ehci c5000000.usb: irq 288, io mem 0xc5000000
[    2.299869] mmc1: new high speed SD card at address b368
[    2.305713] mmcblk1: mmc1:b368 NCard 1.83 GiB (ro)
[    2.313205]  mmcblk1: p1 p2
[    2.350882] tegra-ehci c5000000.usb: USB 2.0 started, EHCI 1.00
[    2.357632] hub 2-0:1.0: USB hub found
[    2.361474] hub 2-0:1.0: 1 port detected
[    2.366662] input: gpio-keys as /devices/soc0/gpio-keys/input/input0
[    2.373763] rtc-em3027 2-0056: hctosys: unable to read the hardware clock
[    2.373788] hub 1-1:1.0: USB hub found
[    2.373949] hub 1-1:1.0: 4 ports detected
[    2.389242] Waiting for root device PARTUUID=11eb23c1-01...
[    2.690936] usb 1-1.2: new high-speed USB device number 3 using tegra-ehci
[    3.258773] mmc0: host does not support reading read-only switch, assuming write-enable
[    3.268894] mmc0: new high speed SDHC card at address b368
[    3.275830] mmcblk0: mmc0:b368 NCard 3.70 GiB 
[    3.283850]  mmcblk0: p1
[    3.315914] asix 1-1.2:1.0 eth1: register 'asix' at usb-c5008000.usb-1.2, ASIX AX88772 USB 2.0 Ethernet, 00:60:6e:60:6c:68
[    3.332355] EXT4-fs (mmcblk0p1): mounting ext3 file system using the ext4 subsystem
[    3.362455] random: fast init done
[    4.676097] EXT4-fs (mmcblk0p1): recovery complete
[    4.752304] EXT4-fs (mmcblk0p1): mounted filesystem with ordered data mode. Opts: (null)
[    4.760483] VFS: Mounted root (ext3 filesystem) on device 179:17.
[    4.775823] devtmpfs: mounted
[    4.785840] Freeing unused kernel memory: 2048K
bash: cannot set terminal process group (-1): Inappropriate ioctl for device
bash: no job control in this shell
root@(none):/#  
root@(none):/# mount -t sysfs none /sys
root@(none):/# 
root@(none):/# mount -t debugfs none /sys/kernel/debug
root@(none):/# 
root@(none):/# rtcwake -d rtc1 -m mem -s 3
rtcwake: assuming RTC uses UTC ...
rtcwake: wakeup from "mem" using /dev/rtc1 at Thu Jan  1 00:00:33 1970
[   15.674723] PM: Syncing filesystems ... done.
[   15.720716] Freezing user space processes ... (elapsed 0.001 seconds) done.
[   15.729172] OOM killer disabled.
[   15.732482] Freezing remaining freezable tasks ... (elapsed 0.001 seconds) done.
[   15.741500] Suspending console(s) (use no_console_suspend to debug)
[   15.786897] pci_generic_config_write32: 38 callbacks suppressed
[   15.786941] pci_bus 0000:00: 2-byte config write to 0000:00:01.0 offset 0x9c may corrupt adjacent RW1C bits
[   15.799385] PM: suspend of devices complete after 49.230 msecs
[   15.804216] PM: late suspend of devices complete after 4.798 msecs
[   15.808281] pci_bus 0000:01: 2-byte config write to 0000:01:00.0 offset 0x44 may corrupt adjacent RW1C bits
[   15.808342] pci_bus 0000:01: 2-byte config write to 0000:01:00.0 offset 0x44 may corrupt adjacent RW1C bits
[   15.831549] PM: noirq suspend of devices complete after 27.302 msecs
[   15.831562] Disabling non-boot CPUs ...
[   15.833104] IRQ294 no longer affine to CPU1
[   15.900636] Entering suspend state LP1
[   15.900636] Suspended for 2.110 seconds
[   15.900686] Enabling non-boot CPUs ...
[   15.930411] CPU1 is up
[   15.931425] pci_bus 0000:00: 2-byte config write to 0000:00:01.0 offset 0x4c may corrupt adjacent RW1C bits
[   15.931473] pci_bus 0000:00: 2-byte config write to 0000:00:01.0 offset 0x88 may corrupt adjacent RW1C bits
[   15.931503] pci_bus 0000:00: 2-byte config write to 0000:00:01.0 offset 0x90 may corrupt adjacent RW1C bits
[   15.931531] pci_bus 0000:00: 2-byte config write to 0000:00:01.0 offset 0x98 may corrupt adjacent RW1C bits
[   15.931558] pci_bus 0000:00: 2-byte config write to 0000:00:01.0 offset 0x9c may corrupt adjacent RW1C bits
[   15.931639] pci_bus 0000:00: 2-byte config write to 0000:00:01.0 offset 0x52 may corrupt adjacent RW1C bits
[   15.931671] pci_bus 0000:00: 2-byte config write to 0000:00:01.0 offset 0x52 may corrupt adjacent RW1C bits
[   15.931747] pcieport 0000:00:01.0: nv_msi_ht_cap_quirk didn't locate host bridge
[   15.961254] PM: noirq resume of devices complete after 30.808 msecs
[   15.964776] PM: early resume of devices complete after 2.944 msecs
[   16.510018] PM: resume of devices complete after 545.207 msecs
[   16.682695] OOM killer enabled.
[   16.685824] Restarting tasks ... done.
root@(none):/# 
root@(none):/# rtcwake -d rtc1 -m mem -s 3
rtcwake: assuming RTC uses UTC ...
rtcwake: wakeup from "mem" using /dev/rtc1 at Thu Jan  1 00:00:38 1970
[   17.535541] PM: Syncing filesystems ... done.
[   17.580623] Freezing user space processes ... (elapsed 0.001 seconds) done.
[   17.589140] OOM killer disabled.
[   17.592489] Freezing remaining freezable tasks ... (elapsed 0.001 seconds) done.
[   17.601563] Suspending console(s) (use no_console_suspend to debug)
[   17.658183] PM: suspend of devices complete after 47.955 msecs
[   17.662934] PM: late suspend of devices complete after 4.719 msecs
[   17.691450] PM: noirq suspend of devices complete after 28.485 msecs
[   17.691463] Disabling non-boot CPUs ...
[   17.692858] IRQ294 no longer affine to CPU1
[   17.729240] Entering suspend state LP1
[   17.729240] Suspended for 3.172 seconds
[   17.729289] Enabling non-boot CPUs ...
[   17.760391] CPU1 is up
[   17.761971] pcieport 0000:00:01.0: nv_msi_ht_cap_quirk didn't locate host bridge
[   17.791170] PM: noirq resume of devices complete after 30.745 msecs
[   17.794691] PM: early resume of devices complete after 2.945 msecs
[   18.339944] PM: resume of devices complete after 545.219 msecs
[   18.409363] OOM killer enabled.
[   18.412501] Restarting tasks ... done.
root@(none):/# 
root@(none):/# rtcwake -d rtc1 -m mem -s 3
rtcwake: assuming RTC uses UTC ...
rtcwake: wakeup from "mem" using /dev/rtc1 at Thu Jan  1 00:00:43 1970
[   19.365609] PM: Syncing filesystems ... done.
[   19.410750] Freezing user space processes ... (elapsed 0.001 seconds) done.
[   19.419180] OOM killer disabled.
[   19.422505] Freezing remaining freezable tasks ... (elapsed 0.001 seconds) done.
[   19.431571] Suspending console(s) (use no_console_suspend to debug)
[   19.488133] PM: suspend of devices complete after 47.933 msecs
[   19.492912] PM: late suspend of devices complete after 4.747 msecs
[   19.521358] PM: noirq suspend of devices complete after 28.413 msecs
[   19.521371] Disabling non-boot CPUs ...
[   19.522754] IRQ294 no longer affine to CPU1
[   19.559221] Entering suspend state LP1
[   19.559221] Suspended for 3.168 seconds
[   19.559270] Enabling non-boot CPUs ...
[   19.590280] CPU1 is up
[   19.591460] pcieport 0000:00:01.0: nv_msi_ht_cap_quirk didn't locate host bridge
[   19.621082] PM: noirq resume of devices complete after 30.767 msecs
[   19.624600] PM: early resume of devices complete after 2.948 msecs
[   20.169312] PM: resume of devices complete after 544.679 msecs
[   20.238674] OOM killer enabled.
[   20.241812] Restarting tasks ... done.
root@(none):/# 
root@(none):/# rtcwake -d rtc1 -m mem -s 3
rtcwake: assuming RTC uses UTC ...
rtcwake: wakeup from "mem" using /dev/rtc1 at Thu Jan  1 00:00:48 1970
[   21.195314] PM: Syncing filesystems ... done.
[   21.240374] Freezing user space processes ... (elapsed 0.001 seconds) done.
[   21.248887] OOM killer disabled.
[   21.252241] Freezing remaining freezable tasks ... (elapsed 0.001 seconds) done.
[   21.261130] Suspending console(s) (use no_console_suspend to debug)
[   21.275812] pci_generic_config_write32: 65 callbacks suppressed
[   21.275858] pci_bus 0000:00: 2-byte config write to 0000:00:01.0 offset 0x9c may corrupt adjacent RW1C bits
[   21.290920] PM: suspend of devices complete after 22.303 msecs
[   21.295888] PM: late suspend of devices complete after 4.935 msecs
[   21.299545] pci_bus 0000:01: 2-byte config write to 0000:01:00.0 offset 0x44 may corrupt adjacent RW1C bits
[   21.299603] pci_bus 0000:01: 2-byte config write to 0000:01:00.0 offset 0x44 may corrupt adjacent RW1C bits
[   21.321279] PM: noirq suspend of devices complete after 25.360 msecs
[   21.321291] Disabling non-boot CPUs ...
[   21.322673] IRQ294 no longer affine to CPU1
[   21.359109] Entering suspend state LP1
[   21.359109] Suspended for 3.200 seconds
[   21.359157] Enabling non-boot CPUs ...
[   21.390216] CPU1 is up
[   21.392741] pci_bus 0000:00: 2-byte config write to 0000:00:01.0 offset 0x4c may corrupt adjacent RW1C bits
[   21.392789] pci_bus 0000:00: 2-byte config write to 0000:00:01.0 offset 0x88 may corrupt adjacent RW1C bits
[   21.392819] pci_bus 0000:00: 2-byte config write to 0000:00:01.0 offset 0x90 may corrupt adjacent RW1C bits
[   21.392847] pci_bus 0000:00: 2-byte config write to 0000:00:01.0 offset 0x98 may corrupt adjacent RW1C bits
[   21.392873] pci_bus 0000:00: 2-byte config write to 0000:00:01.0 offset 0x9c may corrupt adjacent RW1C bits
[   21.392953] pci_bus 0000:00: 2-byte config write to 0000:00:01.0 offset 0x52 may corrupt adjacent RW1C bits
[   21.392983] pci_bus 0000:00: 2-byte config write to 0000:00:01.0 offset 0x52 may corrupt adjacent RW1C bits
[   21.393059] pcieport 0000:00:01.0: nv_msi_ht_cap_quirk didn't locate host bridge
[   21.421459] PM: noirq resume of devices complete after 31.209 msecs
[   21.425523] PM: early resume of devices complete after 3.317 msecs
[   21.969557] PM: resume of devices complete after 544.000 msecs
[   22.142100] OOM killer enabled.
[   22.145228] Restarting tasks ... done.
root@(none):/# 
root@(none):/# rtcwake -d rtc1 -m mem -s 3
rtcwake: assuming RTC uses UTC ...
rtcwake: wakeup from "mem" using /dev/rtc1 at Thu Jan  1 00:00:53 1970
[   22.995514] PM: Syncing filesystems ... done.
[   23.040738] Freezing user space processes ... (elapsed 0.001 seconds) done.
[   23.049173] OOM killer disabled.
[   23.052525] Freezing remaining freezable tasks ... (elapsed 0.001 seconds) done.
[   23.061580] Suspending console(s) (use no_console_suspend to debug)
[   23.117819] PM: suspend of devices complete after 47.552 msecs
[   23.122531] PM: late suspend of devices complete after 4.678 msecs
[   23.151189] PM: noirq suspend of devices complete after 28.625 msecs
[   23.151203] Disabling non-boot CPUs ...
[   23.152581] IRQ294 no longer affine to CPU1
[   23.188971] Entering suspend state LP1
[   23.188971] Suspended for 3.170 seconds
[   23.189019] Enabling non-boot CPUs ...
[   23.220088] CPU1 is up
[   23.221079] pcieport 0000:00:01.0: nv_msi_ht_cap_quirk didn't locate host bridge
[   23.250780] PM: noirq resume of devices complete after 30.658 msecs
[   23.254331] PM: early resume of devices complete after 2.974 msecs
[   23.789680] PM: resume of devices complete after 535.314 msecs
[   23.859086] OOM killer enabled.
[   23.862224] Restarting tasks ... done.
root@(none):/# 
root@(none):/# rtcwake -d rtc1 -m mem -s 3
rtcwake: assuming RTC uses UTC ...
rtcwake: wakeup from "mem" using /dev/rtc1 at Thu Jan  1 00:00:58 1970
[   24.825127] PM: Syncing filesystems ... done.
[   24.870192] Freezing user space processes ... (elapsed 0.001 seconds) done.
[   24.878710] OOM killer disabled.
[   24.882030] Freezing remaining freezable tasks ... (elapsed 0.001 seconds) done.
[   24.891094] Suspending console(s) (use no_console_suspend to debug)
[   24.948445] PM: suspend of devices complete after 48.726 msecs
[   24.953130] PM: late suspend of devices complete after 4.652 msecs
[   24.981076] PM: noirq suspend of devices complete after 27.914 msecs
[   24.981088] Disabling non-boot CPUs ...
[   24.982601] IRQ294 no longer affine to CPU1
[   25.028865] Entering suspend state LP1
[   25.028865] Suspended for 3.160 seconds
[   25.028913] Enabling non-boot CPUs ...
[   25.060033] CPU1 is up
[   25.062709] pcieport 0000:00:01.0: nv_msi_ht_cap_quirk didn't locate host bridge
[   25.100679] PM: noirq resume of devices complete after 40.611 msecs
[   25.104176] PM: early resume of devices complete after 2.923 msecs
[   25.649584] PM: resume of devices complete after 545.373 msecs
[   25.718997] OOM killer enabled.
[   25.722134] Restarting tasks ... done.
root@(none):/# 
root@(none):/# rtcwake -d rtc1 -m mem -s 3
rtcwake: assuming RTC uses UTC ...
rtcwake: wakeup from "mem" using /dev/rtc1 at Thu Jan  1 00:01:03 1970
[   26.665324] PM: Syncing filesystems ... done.
[   26.710556] Freezing user space processes ... (elapsed 0.001 seconds) done.
[   26.718901] OOM killer disabled.
[   26.722195] Freezing remaining freezable tasks ... (elapsed 0.001 seconds) done.
[   26.731049] Suspending console(s) (use no_console_suspend to debug)
[   26.746058] pci_generic_config_write32: 65 callbacks suppressed
[   26.746103] pci_bus 0000:00: 2-byte config write to 0000:00:01.0 offset 0x9c may corrupt adjacent RW1C bits
[   26.759619] PM: suspend of devices complete after 20.599 msecs
[   26.764345] PM: late suspend of devices complete after 4.693 msecs
[   26.768416] pci_bus 0000:01: 2-byte config write to 0000:01:00.0 offset 0x44 may corrupt adjacent RW1C bits
[   26.768471] pci_bus 0000:01: 2-byte config write to 0000:01:00.0 offset 0x44 may corrupt adjacent RW1C bits
[   26.791016] PM: noirq suspend of devices complete after 26.639 msecs
[   26.791029] Disabling non-boot CPUs ...
[   26.792437] IRQ294 no longer affine to CPU1
[   26.828822] Entering suspend state LP1
[   26.828822] Suspended for 3.199 seconds
[   26.828871] Enabling non-boot CPUs ...
[   26.859958] CPU1 is up
[   26.861332] pci_bus 0000:00: 2-byte config write to 0000:00:01.0 offset 0x4c may corrupt adjacent RW1C bits
[   26.861380] pci_bus 0000:00: 2-byte config write to 0000:00:01.0 offset 0x88 may corrupt adjacent RW1C bits
[   26.861410] pci_bus 0000:00: 2-byte config write to 0000:00:01.0 offset 0x90 may corrupt adjacent RW1C bits
[   26.861437] pci_bus 0000:00: 2-byte config write to 0000:00:01.0 offset 0x98 may corrupt adjacent RW1C bits
[   26.861464] pci_bus 0000:00: 2-byte config write to 0000:00:01.0 offset 0x9c may corrupt adjacent RW1C bits
[   26.861546] pci_bus 0000:00: 2-byte config write to 0000:00:01.0 offset 0x52 may corrupt adjacent RW1C bits
[   26.861578] pci_bus 0000:00: 2-byte config write to 0000:00:01.0 offset 0x52 may corrupt adjacent RW1C bits
[   26.861655] pcieport 0000:00:01.0: nv_msi_ht_cap_quirk didn't locate host bridge
[   26.890732] PM: noirq resume of devices complete after 30.739 msecs
[   26.894327] PM: early resume of devices complete after 3.024 msecs
[   27.439148] PM: resume of devices complete after 544.788 msecs
[   27.611661] OOM killer enabled.
[   27.614790] Restarting tasks ... done.
root@(none):/# 
root@(none):/# rtcwake -d rtc1 -m mem -s 3
rtcwake: assuming RTC uses UTC ...
rtcwake: wakeup from "mem" using /dev/rtc1 at Thu Jan  1 00:01:08 1970
[   28.465120] PM: Syncing filesystems ... done.
[   28.510383] Freezing user space processes ... (elapsed 0.001 seconds) done.
[   28.518817] OOM killer disabled.
[   28.522147] Freezing remaining freezable tasks ... (elapsed 0.001 seconds) done.
[   28.531205] Suspending console(s) (use no_console_suspend to debug)
[   28.587920] PM: suspend of devices complete after 48.090 msecs
[   28.592646] PM: late suspend of devices complete after 4.694 msecs
[   28.620911] PM: noirq suspend of devices complete after 28.234 msecs
[   28.620924] Disabling non-boot CPUs ...
[   28.622451] IRQ294 no longer affine to CPU1
[   28.668805] Entering suspend state LP1
[   28.668805] Suspended for 3.159 seconds
[   28.668855] Enabling non-boot CPUs ...
[   28.699887] CPU1 is up
[   28.702509] pcieport 0000:00:01.0: nv_msi_ht_cap_quirk didn't locate host bridge
[   28.730833] PM: noirq resume of devices complete after 30.912 msecs
[   28.734661] PM: early resume of devices complete after 3.064 msecs
[   29.279276] PM: resume of devices complete after 544.581 msecs
[   29.348760] OOM killer enabled.
[   29.351906] Restarting tasks ... done.
root@(none):/# 
root@(none):/# rtcwake -d rtc1 -m mem -s 3
rtcwake: assuming RTC uses UTC ...
rtcwake: wakeup from "mem" using /dev/rtc1 at Thu Jan  1 00:01:13 1970
[   30.305061] PM: Syncing filesystems ... done.
[   30.350285] Freezing user space processes ... (elapsed 0.001 seconds) done.
[   30.358717] OOM killer disabled.
[   30.362045] Freezing remaining freezable tasks ... (elapsed 0.001 seconds) done.
[   30.371091] Suspending console(s) (use no_console_suspend to debug)
[   30.428575] PM: suspend of devices complete after 48.831 msecs
[   30.433424] PM: late suspend of devices complete after 4.814 msecs
[   30.460812] PM: noirq suspend of devices complete after 27.358 msecs
[   30.460826] Disabling non-boot CPUs ...
[   30.462186] IRQ294 no longer affine to CPU1
[   30.518700] Entering suspend state LP1
[   30.518700] Suspended for 3.150 seconds
[   30.518749] Enabling non-boot CPUs ...
[   30.549755] CPU1 is up
[   30.551068] pcieport 0000:00:01.0: nv_msi_ht_cap_quirk didn't locate host bridge
[   30.580563] PM: noirq resume of devices complete after 30.773 msecs
[   30.584074] PM: early resume of devices complete after 2.936 msecs
[   31.129244] PM: resume of devices complete after 545.136 msecs
[   31.198647] OOM killer enabled.
[   31.201785] Restarting tasks ... done.
root@(none):/# 
root@(none):/# rtcwake -d rtc1 -m mem -s 3
rtcwake: assuming RTC uses UTC ...
rtcwake: wakeup from "mem" using /dev/rtc1 at Thu Jan  1 00:01:18 1970
[   32.154874] PM: Syncing filesystems ... done.
[   32.200176] Freezing user space processes ... (elapsed 0.001 seconds) done.
[   32.208532] OOM killer disabled.
[   32.211825] Freezing remaining freezable tasks ... (elapsed 0.001 seconds) done.
[   32.220687] Suspending console(s) (use no_console_suspend to debug)
[   32.235323] pci_generic_config_write32: 65 callbacks suppressed
[   32.235367] pci_bus 0000:00: 2-byte config write to 0000:00:01.0 offset 0x9c may corrupt adjacent RW1C bits
[   32.251909] PM: suspend of devices complete after 23.245 msecs
[   32.256567] PM: late suspend of devices complete after 4.625 msecs
[   32.260481] pci_bus 0000:01: 2-byte config write to 0000:01:00.0 offset 0x44 may corrupt adjacent RW1C bits
[   32.260536] pci_bus 0000:01: 2-byte config write to 0000:01:00.0 offset 0x44 may corrupt adjacent RW1C bits
[   32.290819] PM: noirq suspend of devices complete after 34.222 msecs
[   32.290832] Disabling non-boot CPUs ...
[   32.292217] IRQ294 no longer affine to CPU1
[   32.358656] Entering suspend state LP1
[   32.358656] Suspended for 3.159 seconds
[   32.358706] Enabling non-boot CPUs ...
[   32.389699] CPU1 is up
[   32.392184] pci_bus 0000:00: 2-byte config write to 0000:00:01.0 offset 0x4c may corrupt adjacent RW1C bits
[   32.392255] pci_bus 0000:00: 2-byte config write to 0000:00:01.0 offset 0x88 may corrupt adjacent RW1C bits
[   32.392287] pci_bus 0000:00: 2-byte config write to 0000:00:01.0 offset 0x90 may corrupt adjacent RW1C bits
[   32.392316] pci_bus 0000:00: 2-byte config write to 0000:00:01.0 offset 0x98 may corrupt adjacent RW1C bits
[   32.392343] pci_bus 0000:00: 2-byte config write to 0000:00:01.0 offset 0x9c may corrupt adjacent RW1C bits
[   32.392422] pci_bus 0000:00: 2-byte config write to 0000:00:01.0 offset 0x52 may corrupt adjacent RW1C bits
[   32.392454] pci_bus 0000:00: 2-byte config write to 0000:00:01.0 offset 0x52 may corrupt adjacent RW1C bits
[   32.392530] pcieport 0000:00:01.0: nv_msi_ht_cap_quirk didn't locate host bridge
[   32.420342] PM: noirq resume of devices complete after 30.608 msecs
[   32.423852] PM: early resume of devices complete after 2.940 msecs
[   32.958902] PM: resume of devices complete after 535.016 msecs
[   33.131507] OOM killer enabled.
[   33.134636] Restarting tasks ... done.
root@(none):/# 
root@(none):/# NVTB SYSTEM SUSPEND TEST COMPLETE
