[    0.000000] Booting Linux on physical CPU 0x0000000000 [0x411fd070]
[    0.000000] Linux version 4.15.0-rc8-335804-ga8750ddca918 (jonathanh@tamien) (gcc version 4.9.2 20140904 (prerelease) (crosstool-NG linaro-1.13.1-4.9-2014.09 - Linaro GCC 4.9-2014.09)) #1 SMP PREEMPT Sun Jan 14 16:40:42 PST 2018
[    0.000000] Machine model: linux,dummy-virt
[    0.000000] Memory limited to 1024MB
[    0.000000] efi: Getting EFI parameters from FDT:
[    0.000000] efi: UEFI not found.
[    0.000000] cma: Reserved 16 MiB at 0x000000007f000000
[    0.000000] NUMA: No NUMA configuration found
[    0.000000] NUMA: Faking a node at [mem 0x0000000000000000-0x000000007fffffff]
[    0.000000] NUMA: NODE_DATA [mem 0x7efeb000-0x7efecaff]
[    0.000000] Zone ranges:
[    0.000000]   DMA      [mem 0x0000000040000000-0x000000007fffffff]
[    0.000000]   Normal   empty
[    0.000000] Movable zone start for each node
[    0.000000] Early memory node ranges
[    0.000000]   node   0: [mem 0x0000000040000000-0x000000007fffffff]
[    0.000000] Initmem setup node 0 [mem 0x0000000040000000-0x000000007fffffff]
[    0.000000] psci: probing for conduit method from DT.
[    0.000000] psci: PSCIv0.2 detected in firmware.
[    0.000000] psci: Using standard PSCI v0.2 function IDs
[    0.000000] psci: Trusted OS migration not required
[    0.000000] random: fast init done
[    0.000000] percpu: Embedded 23 pages/cpu @        (ptrval) s55168 r8192 d30848 u94208
[    0.000000] Detected PIPT I-cache on CPU0
[    0.000000] CPU features: enabling workaround for ARM erratum 832075
[    0.000000] CPU features: enabling workaround for ARM erratum 834220
[    0.000000] Built 1 zonelists, mobility grouping on.  Total pages: 258048
[    0.000000] Policy zone: DMA
[    0.000000] Kernel command line: root=/dev/vda2 rw rootwait mem=1024M console=ttyAMA0,38400n8 init=/bin/bash
[    0.000000] Memory: 999004K/1048576K available (9404K kernel code, 1150K rwdata, 4460K rodata, 1088K init, 395K bss, 33188K reserved, 16384K cma-reserved)
[    0.000000] Virtual kernel memory layout:
[    0.000000]     modules : 0xffff000000000000 - 0xffff000008000000   (   128 MB)
[    0.000000]     vmalloc : 0xffff000008000000 - 0xffff7dffbfff0000   (129022 GB)
[    0.000000]       .text : 0x        (ptrval) - 0x        (ptrval)   (  9408 KB)
[    0.000000]     .rodata : 0x        (ptrval) - 0x        (ptrval)   (  4480 KB)
[    0.000000]       .init : 0x        (ptrval) - 0x        (ptrval)   (  1088 KB)
[    0.000000]       .data : 0x        (ptrval) - 0x        (ptrval)   (  1151 KB)
[    0.000000]        .bss : 0x        (ptrval) - 0x        (ptrval)   (   396 KB)
[    0.000000]     fixed   : 0xffff7dfffe7fb000 - 0xffff7dfffec00000   (  4116 KB)
[    0.000000]     PCI I/O : 0xffff7dfffee00000 - 0xffff7dffffe00000   (    16 MB)
[    0.000000]     vmemmap : 0xffff7e0000000000 - 0xffff800000000000   (  2048 GB maximum)
[    0.000000]               0xffff7e0000000000 - 0xffff7e0001000000   (    16 MB actual)
[    0.000000]     memory  : 0xffff800000000000 - 0xffff800040000000   (  1024 MB)
[    0.000000] SLUB: HWalign=64, Order=0-3, MinObjects=0, CPUs=1, Nodes=1
[    0.000000] Preemptible hierarchical RCU implementation.
[    0.000000] 	RCU restricting CPUs from NR_CPUS=64 to nr_cpu_ids=1.
[    0.000000] 	Tasks RCU enabled.
[    0.000000] RCU: Adjusting geometry for rcu_fanout_leaf=16, nr_cpu_ids=1
[    0.000000] NR_IRQS: 64, nr_irqs: 64, preallocated irqs: 0
[    0.000000] GICv2m: range[mem 0x08020000-0x08020fff], SPI[80:143]
[    0.000000] arch_timer: cp15 timer(s) running at 62.50MHz (virt).
[    0.000000] clocksource: arch_sys_counter: mask: 0xffffffffffffff max_cycles: 0x1cd42e208c, max_idle_ns: 881590405314 ns
[    0.000199] sched_clock: 56 bits at 62MHz, resolution 16ns, wraps every 4398046511096ns
[    0.009994] Console: colour dummy device 80x25
[    0.011762] Calibrating delay loop (skipped), value calculated using timer frequency.. 125.00 BogoMIPS (lpj=250000)
[    0.011952] pid_max: default: 32768 minimum: 301
[    0.013250] Security Framework initialized
[    0.016444] Dentry cache hash table entries: 131072 (order: 8, 1048576 bytes)
[    0.017892] Inode-cache hash table entries: 65536 (order: 7, 524288 bytes)
[    0.018182] Mount-cache hash table entries: 2048 (order: 2, 16384 bytes)
[    0.018289] Mountpoint-cache hash table entries: 2048 (order: 2, 16384 bytes)
[    0.065291] ASID allocator initialised with 65536 entries
[    0.072737] Hierarchical SRCU implementation.
[    0.094732] EFI services will not be available.
[    0.102686] smp: Bringing up secondary CPUs ...
[    0.102854] smp: Brought up 1 node, 1 CPU
[    0.102921] SMP: Total of 1 processors activated.
[    0.103109] CPU features: detected feature: 32-bit EL0 Support
[    0.106408] CPU: All CPU(s) started at EL1
[    0.107830] alternatives: patching kernel code
[    0.129135] devtmpfs: initialized
[    0.149915] clocksource: jiffies: mask: 0xffffffff max_cycles: 0xffffffff, max_idle_ns: 7645041785100000 ns
[    0.150163] futex hash table entries: 256 (order: 3, 32768 bytes)
[    0.154932] pinctrl core: initialized pinctrl subsystem
[    0.196354] DMI not present or invalid.
[    0.204821] NET: Registered protocol family 16
[    0.208507] audit: initializing netlink subsys (disabled)
[    0.212327] audit: type=2000 audit(0.188:1): state=initialized audit_enabled=0 res=1
[    0.235940] cpuidle: using governor menu
[    0.239126] vdso: 2 pages (1 code @ 00000000c6f50371, 1 data @ 00000000551d90a4)
[    0.239422] hw-breakpoint: found 6 breakpoint and 4 watchpoint registers.
[    0.251505] DMA: preallocated 256 KiB pool for atomic allocations
[    0.263335] Serial: AMBA PL011 UART driver
[    0.345106] 9000000.pl011: ttyAMA0 at MMIO 0x9000000 (irq = 39, base_baud = 0) is a PL011 rev1
[    0.374287] console [ttyAMA0] enabled
[    0.639337] HugeTLB registered 2.00 MiB page size, pre-allocated 0 pages
[    0.660473] ACPI: Interpreter disabled.
[    0.676195] vgaarb: loaded
[    0.680633] SCSI subsystem initialized
[    0.691747] usbcore: registered new interface driver usbfs
[    0.695677] usbcore: registered new interface driver hub
[    0.696584] usbcore: registered new device driver usb
[    0.709793] pps_core: LinuxPPS API ver. 1 registered
[    0.710112] pps_core: Software ver. 5.3.6 - Copyright 2005-2007 Rodolfo Giometti <giometti@linux.it>
[    0.711457] PTP clock support registered
[    0.715200] EDAC MC: Ver: 3.0.0
[    0.721972] dmi: Firmware registration failed.
[    0.726597] Advanced Linux Sound Architecture Driver Initialized.
[    0.747037] clocksource: Switched to clocksource arch_sys_counter
[    0.748666] VFS: Disk quotas dquot_6.6.0
[    0.751955] VFS: Dquot-cache hash table entries: 512 (order 0, 4096 bytes)
[    0.755602] pnp: PnP ACPI: disabled
[    0.849093] NET: Registered protocol family 2
[    0.857395] TCP established hash table entries: 8192 (order: 4, 65536 bytes)
[    0.858193] TCP bind hash table entries: 8192 (order: 5, 131072 bytes)
[    0.859221] TCP: Hash tables configured (established 8192 bind 8192)
[    0.861262] UDP hash table entries: 512 (order: 2, 16384 bytes)
[    0.861897] UDP-Lite hash table entries: 512 (order: 2, 16384 bytes)
[    0.864346] NET: Registered protocol family 1
[    0.878519] RPC: Registered named UNIX socket transport module.
[    0.879042] RPC: Registered udp transport module.
[    0.879351] RPC: Registered tcp transport module.
[    0.879606] RPC: Registered tcp NFSv4.1 backchannel transport module.
[    0.888729] hw perfevents: enabled with armv8_pmuv3 PMU driver, 1 counters available
[    0.890254] kvm [1]: HYP mode not available
[    0.921379] Initialise system trusted keyrings
[    0.924296] workingset: timestamp_bits=44 max_order=18 bucket_order=0
[    1.014021] squashfs: version 4.0 (2009/01/31) Phillip Lougher
[    1.027695] NFS: Registering the id_resolver key type
[    1.028411] Key type id_resolver registered
[    1.028747] Key type id_legacy registered
[    1.029209] nfs4filelayout_init: NFSv4 File Layout Driver Registering...
[    1.031425] 9p: Installing v9fs 9p2000 file system support
[    1.051516] Key type asymmetric registered
[    1.051855] Asymmetric key parser 'x509' registered
[    1.053474] Block layer SCSI generic (bsg) driver version 0.4 loaded (major 245)
[    1.054057] io scheduler noop registered
[    1.057074] io scheduler cfq registered (default)
[    1.057435] io scheduler mq-deadline registered
[    1.057746] io scheduler kyber registered
[    1.126005] pl061_gpio 9030000.pl061: PL061 GPIO chip @0x0000000009030000 registered
[    1.146172] OF: PCI: host bridge /pcie@10000000 ranges:
[    1.147947] OF: PCI:    IO 0x3eff0000..0x3effffff -> 0x00000000
[    1.148671] OF: PCI:   MEM 0x10000000..0x3efeffff -> 0x10000000
[    1.149070] OF: PCI:   MEM 0x8000000000..0xffffffffff -> 0x8000000000
[    1.150223] pci-host-generic 3f000000.pcie: ECAM at [mem 0x3f000000-0x3fffffff] for [bus 00-0f]
[    1.152857] pci-host-generic 3f000000.pcie: PCI host bridge to bus 0000:00
[    1.153491] pci_bus 0000:00: root bus resource [bus 00-0f]
[    1.153921] pci_bus 0000:00: root bus resource [io  0x0000-0xffff]
[    1.154287] pci_bus 0000:00: root bus resource [mem 0x10000000-0x3efeffff]
[    1.154726] pci_bus 0000:00: root bus resource [mem 0x8000000000-0xffffffffff]
[    1.305853] Serial: 8250/16550 driver, 4 ports, IRQ sharing enabled
[    1.328200] SuperH (H)SCI(F) driver initialized
[    1.332625] msm_serial: driver initialized
[    1.341254] cacheinfo: Unable to detect cache hierarchy for CPU 0
[    1.393538] loop: module loaded
[    1.440917]  vda: vda1 vda2
[    1.505071] libphy: Fixed MDIO Bus: probed
[    1.517548] tun: Universal TUN/TAP device driver, 1.6
[    1.534430] thunder-xcv, ver 1.0
[    1.535750] thunder-BGX, ver 1.0
[    1.536956] thunder-nic, ver 1.0
[    1.541453] e1000e: Intel(R) PRO/1000 Network Driver - 3.2.6-k
[    1.541738] e1000e: Copyright(c) 1999 - 2015 Intel Corporation.
[    1.542746] igb: Intel(R) Gigabit Ethernet Network Driver - version 5.4.0-k
[    1.543682] igb: Copyright (c) 2007-2014 Intel Corporation.
[    1.544943] igbvf: Intel(R) Gigabit Virtual Function Network Driver - version 2.4.0-k
[    1.545296] igbvf: Copyright (c) 2009 - 2012 Intel Corporation.
[    1.549402] sky2: driver version 1.30
[    1.555971] VFIO - User Level meta-driver version: 0.3
[    1.575483] ehci_hcd: USB 2.0 'Enhanced' Host Controller (EHCI) Driver
[    1.575913] ehci-pci: EHCI PCI platform driver
[    1.577894] ehci-platform: EHCI generic platform driver
[    1.579516] ehci-orion: EHCI orion driver
[    1.580542] ehci-exynos: EHCI EXYNOS driver
[    1.581847] ohci_hcd: USB 1.1 'Open' Host Controller (OHCI) Driver
[    1.582244] ohci-pci: OHCI PCI platform driver
[    1.584019] ohci-platform: OHCI generic platform driver
[    1.585414] ohci-exynos: OHCI EXYNOS driver
[    1.591122] usbcore: registered new interface driver usb-storage
[    1.624036] rtc-pl031 9010000.pl031: rtc core: registered pl031 as rtc0
[    1.631927] i2c /dev entries driver
[    1.676352] sdhci: Secure Digital Host Controller Interface driver
[    1.676642] sdhci: Copyright(c) Pierre Ossman
[    1.680613] Synopsys Designware Multimedia Card Interface Driver
[    1.689791] sdhci-pltfm: SDHCI platform and OF driver helper
[    1.703814] ledtrig-cpu: registered to indicate activity on CPUs
[    1.718685] usbcore: registered new interface driver usbhid
[    1.720451] usbhid: USB HID core driver
[    1.744629] NET: Registered protocol family 17
[    1.746272] 9pnet: Installing 9P2000 support
[    1.747374] Key type dns_resolver registered
[    1.752283] registered taskstats version 1
[    1.752533] Loading compiled-in X.509 certificates
[    1.766270] input: gpio-keys as /devices/platform/gpio-keys/input/input0
[    1.771494] rtc-pl031 9010000.pl031: setting system clock to 2018-01-15 00:47:39 UTC (1515977259)
[    1.773019] ALSA device list:
[    1.773225]   No soundcards found.
[    1.778075] uart-pl011 9000000.pl011: no DMA platform data
[    1.801780] EXT4-fs (vda2): couldn't mount as ext3 due to feature incompatibilities
[    1.938304] EXT4-fs (vda2): recovery complete
[    1.939760] EXT4-fs (vda2): mounted filesystem with ordered data mode. Opts: (null)
[    1.940409] VFS: Mounted root (ext4 filesystem) on device 254:2.
[    1.967703] devtmpfs: mounted
[    2.065671] Freeing unused kernel memory: 1088K
bash: cannot set terminal process group (-1): Inappropriate ioctl for device
bash: no job control in this shell
bash-4.3# 