Diff for ./tegra30-beaver/tegra30-beaver/tegra_defconfig_log.txt
--- /tmp/fooa	2013-08-25 18:41:35.761148470 -0700
+++ /tmp/foob	2013-08-25 18:41:35.761148470 -0700
@@ -22,8 +22,8 @@
 Sending: 
 
 Transfer complete
-yzModem - CRC mode, 6(SOH)/4226(STX)/0(CAN) packets, 3 retries
-## Total Size      = 0x004209e0 = 4327904 Bytes
+xyzModem - CRC mode, 2(SOH)/4227(STX)/0(CAN) packets, 3 retries
+## Total Size      = 0x00420bd8 = 4328408 Bytes
 Tegra30 (Beaver) # loady 0x82000000
 ## Ready for binary (ymodem) download to 0x82000000 at 230400 bps...
 CSending: tegra30-beaver.dtb
@@ -42,7 +42,7 @@
 Booting Linux on physical CPU 0x0
 Initializing cgroup subsys cpu
 Initializing cgroup subsys cpuacct
-Linux version 3.11.0-rc6-12195-gb36f4be (pwalmsley@tamien) (gcc version 4.5.1 (Sourcery G++ Lite 2010.09-50) ) #1 SMP PREEMPT Sun Aug 18 15:04:10 PDT 2013
+Linux version 3.11.0-rc7-12362-gd8dfad3 (pwalmsley@tamien) (gcc version 4.5.1 (Sourcery G++ Lite 2010.09-50) ) #1 SMP PREEMPT Sun Aug 25 18:05:00 PDT 2013
 CPU: ARMv7 Processor [412fc099] revision 9 (ARMv7), cr=10c5387d
 CPU: PIPT / VIPT nonaliasing data cache, VIPT aliasing instruction cache
 Machine: NVIDIA Tegra SoC (Flattened Device Tree), model: NVIDIA Tegra30 Beaver evaluation board
@@ -77,7 +77,7 @@
     lowmem  : 0xc0000000 - 0xef800000   ( 760 MB)
     pkmap   : 0xbfe00000 - 0xc0000000   (   2 MB)
     modules : 0xbf000000 - 0xbfe00000   (  14 MB)
-      .text : 0xc0008000 - 0xc077ae7c   (7628 kB)
+      .text : 0xc0008000 - 0xc077ae74   (7628 kB)
       .init : 0xc077b000 - 0xc07b6500   ( 238 kB)
       .data : 0xc07b8000 - 0xc0802e60   ( 300 kB)
        .bss : 0xc0802e60 - 0xc08586d0   ( 343 kB)
@@ -92,7 +92,7 @@
 Initializing cgroup subsys freezer
 CPU: Testing write buffer coherency: ok
 CPU0: thread -1, cpu 0, socket 0, mpidr 80000000
-Setting up static identity map for 0xc0597568 - 0xc0597600
+Setting up static identity map for 0xc05977a0 - 0xc0597838
 CPU1: Booted secondary processor
 CPU1: thread -1, cpu 1, socket 0, mpidr 80000001
 CPU2: Booted secondary processor
@@ -285,7 +285,7 @@
  
 INIT: version 2.88 booting
 Using makefile-style concurrent boot in runlevel S.
-Starting the hotplug events dispatcher: udevd[    2.703304] udevd[178]: starting version 175
+Starting the hotplug events dispatcher: udevd[    2.712083] udevd[177]: starting version 175
 [ ok .
 Synthesizing the initial hotplug events...[ ok done.
 Waiting for /dev to be fully populated...[ ok done.
Diff for ./tegra30-beaver/tegra30-beaver/multi_v7_defconfig_log.txt
--- /tmp/fooa	2013-08-25 18:41:35.781148490 -0700
+++ /tmp/foob	2013-08-25 18:41:35.781148490 -0700
@@ -22,8 +22,8 @@
 Sending: 
 
 Transfer complete
-yzModem - CRC mode, 5(SOH)/3873(STX)/0(CAN) packets, 3 retries
-## Total Size      = 0x003c8528 = 3966248 Bytes
+xyzModem - CRC mode, 8(SOH)/3873(STX)/0(CAN) packets, 3 retries
+## Total Size      = 0x003c8690 = 3966608 Bytes
 Tegra30 (Beaver) # loady 0x82000000
 ## Ready for binary (ymodem) download to 0x82000000 at 230400 bps...
 CSending: tegra30-beaver.dtb
@@ -40,7 +40,7 @@
 Starting kernel ...
 
 Booting Linux on physical CPU 0x0
-Linux version 3.11.0-rc6-12195-gb36f4be (pwalmsley@tamien) (gcc version 4.5.1 (Sourcery G++ Lite 2010.09-50) ) #1 SMP Sun Aug 18 15:07:15 PDT 2013
+Linux version 3.11.0-rc7-12362-gd8dfad3 (pwalmsley@tamien) (gcc version 4.5.1 (Sourcery G++ Lite 2010.09-50) ) #1 SMP Sun Aug 25 18:08:32 PDT 2013
 CPU: ARMv7 Processor [412fc099] revision 9 (ARMv7), cr=10c5387d
 CPU: PIPT / VIPT nonaliasing data cache, VIPT aliasing instruction cache
 Machine: NVIDIA Tegra SoC (Flattened Device Tree), model: NVIDIA Tegra30 Beaver evaluation board
@@ -73,7 +73,7 @@
     vmalloc : 0xf0000000 - 0xff000000   ( 240 MB)
     lowmem  : 0xc0000000 - 0xef800000   ( 760 MB)
     pkmap   : 0xbfe00000 - 0xc0000000   (   2 MB)
-      .text : 0xc0008000 - 0xc06ab060   (6797 kB)
+      .text : 0xc0008000 - 0xc06ab048   (6797 kB)
       .init : 0xc06ac000 - 0xc0723c00   ( 479 kB)
       .data : 0xc0724000 - 0xc07b6140   ( 585 kB)
        .bss : 0xc07b6140 - 0xc07fbe14   ( 280 kB)
@@ -87,15 +87,16 @@
 Mount-cache hash table entries: 512
 CPU: Testing write buffer coherency: ok
 CPU0: thread -1, cpu 0, socket 0, mpidr 80000000
-Setting up static identity map for 0xc051c7e8 - 0xc051c880
+Setting up static identity map for 0xc051cb20 - 0xc051cbb8
 unable to find compatible sirf rstc node in dtb
-CPU1: failed to boot: -110
+CPU1: Booted secondary processor
+CPU1: thread -1, cpu 1, socket 0, mpidr 80000001
 CPU2: Booted secondary processor
 CPU2: thread -1, cpu 2, socket 0, mpidr 80000002
 CPU3: Booted secondary processor
 CPU3: thread -1, cpu 3, socket 0, mpidr 80000003
-Brought up 3 CPUs
-SMP: Total of 3 processors activated (4192.66 BogoMIPS).
+Brought up 4 CPUs
+SMP: Total of 4 processors activated (5590.22 BogoMIPS).
 CPU: All CPU(s) started in SVC mode.
 devtmpfs: initialized
 pinctrl core: initialized pinctrl subsystem
@@ -235,7 +236,7 @@
  
 INIT: version 2.88 booting
 Using makefile-style concurrent boot in runlevel S.
-Starting the hotplug events dispatcher: udevd[    2.190497] udevd[158]: starting version 175
+Starting the hotplug events dispatcher: udevd[    2.136875] udevd[160]: starting version 175
 [ ok .
 Synthesizing the initial hotplug events...[ ok done.
 Waiting for /dev to be fully populated...[ ok done.
Diff for ./tegra114-dalmore-headless/tegra114-dalmore/tegra_defconfig_log.txt
--- /tmp/fooa	2013-08-25 18:41:35.801148512 -0700
+++ /tmp/foob	2013-08-25 18:41:35.801148512 -0700
@@ -30,7 +30,7 @@
 Load address: 0x81000000
 Loading: *#################################################  2.8 MiB/s
 done
-Bytes transferred = 4327904 (4209e0 hex)
+Bytes transferred = 4328408 (420bd8 hex)
 Dalmore #tftpboot 0x82000000 tegra114-dalmore.dtb
 Using asx0 device
 TFTP from server 192.168.100.1; our IP address is 192.168.100.100
@@ -49,15 +49,15 @@
 Timer summary in microseconds:
        Mark    Elapsed  Stage
           0          0  awake
-  3,040,242  3,040,242  usb_start
-  7,043,294  4,003,052  eth_start
-  7,043,291         -3  tftp start
- 10,957,490  3,914,199  tftp done
- 13,055,358  2,097,868  start_kernel
+  3,053,566  3,053,566  usb_start
+  7,056,861  4,003,295  eth_start
+  7,056,859         -2  tftp start
+ 11,016,438  3,959,579  tftp done
+ 13,069,003  2,052,565  start_kernel
 Booting Linux on physical CPU 0x0
 Initializing cgroup subsys cpu
 Initializing cgroup subsys cpuacct
-Linux version 3.11.0-rc6-12195-gb36f4be (pwalmsley@tamien) (gcc version 4.5.1 (Sourcery G++ Lite 2010.09-50) ) #1 SMP PREEMPT Sun Aug 18 15:04:10 PDT 2013
+Linux version 3.11.0-rc7-12362-gd8dfad3 (pwalmsley@tamien) (gcc version 4.5.1 (Sourcery G++ Lite 2010.09-50) ) #1 SMP PREEMPT Sun Aug 25 18:05:00 PDT 2013
 CPU: ARMv7 Processor [412fc0f2] revision 2 (ARMv7), cr=10c5387d
 CPU: PIPT / VIPT nonaliasing data cache, PIPT instruction cache
 Machine: NVIDIA Tegra SoC (Flattened Device Tree), model: NVIDIA Tegra114 Dalmore evaluation board
@@ -88,7 +88,7 @@
     lowmem  : 0xc0000000 - 0xef800000   ( 760 MB)
     pkmap   : 0xbfe00000 - 0xc0000000   (   2 MB)
     modules : 0xbf000000 - 0xbfe00000   (  14 MB)
-      .text : 0xc0008000 - 0xc077ae7c   (7628 kB)
+      .text : 0xc0008000 - 0xc077ae74   (7628 kB)
       .init : 0xc077b000 - 0xc07b6500   ( 238 kB)
       .data : 0xc07b8000 - 0xc0802e60   ( 300 kB)
        .bss : 0xc0802e60 - 0xc08586d0   ( 343 kB)
@@ -110,7 +110,7 @@
 /cpus/cpu@2 missing clock-frequency property
 /cpus/cpu@3 missing clock-frequency property
 CPU0: thread -1, cpu 0, socket 0, mpidr 80000000
-Setting up static identity map for 0xc0597568 - 0xc0597600
+Setting up static identity map for 0xc05977a0 - 0xc0597838
 CPU1: Booted secondary processor
 CPU1: thread -1, cpu 1, socket 0, mpidr 80000001
 CPU2: Booted secondary processor
Diff for ./tegra114-dalmore-headless/tegra114-dalmore/multi_v7_defconfig_log.txt
--- /tmp/fooa	2013-08-25 18:41:35.817148530 -0700
+++ /tmp/foob	2013-08-25 18:41:35.817148530 -0700
@@ -28,15 +28,15 @@
 TFTP from server 192.168.100.1; our IP address is 192.168.100.100
 Filename 'zImage.multi_v7_defconfig'.
 Load address: 0x81000000
-Loading: *#################################################  2.8 MiB/s
+Loading: *#################################################  2.7 MiB/s
 done
-Bytes transferred = 3966248 (3c8528 hex)
+Bytes transferred = 3966608 (3c8690 hex)
 Dalmore #tftpboot 0x82000000 tegra114-dalmore.dtb
 Using asx0 device
 TFTP from server 192.168.100.1; our IP address is 192.168.100.100
 Filename 'tegra114-dalmore.dtb'.
 Load address: 0x82000000
-Loading: *#################################################  2.3 MiB/s
+Loading: *#################################################  2.5 MiB/s
 done
 Bytes transferred = 24048 (5df0 hex)
 Dalmore #bootz 0x81000000 - 0x82000000
@@ -49,13 +49,13 @@
 Timer summary in microseconds:
        Mark    Elapsed  Stage
           0          0  awake
-  3,033,944  3,033,944  usb_start
-  7,037,257  4,003,313  eth_start
-  7,037,255         -2  tftp start
- 10,879,186  3,841,931  tftp done
- 13,049,088  2,169,902  start_kernel
+  3,086,683  3,086,683  usb_start
+  7,089,979  4,003,296  eth_start
+  7,089,976         -3  tftp start
+ 10,963,924  3,873,948  tftp done
+ 13,102,190  2,138,266  start_kernel
 Booting Linux on physical CPU 0x0
-Linux version 3.11.0-rc6-12195-gb36f4be (pwalmsley@tamien) (gcc version 4.5.1 (Sourcery G++ Lite 2010.09-50) ) #1 SMP Sun Aug 18 15:07:15 PDT 2013
+Linux version 3.11.0-rc7-12362-gd8dfad3 (pwalmsley@tamien) (gcc version 4.5.1 (Sourcery G++ Lite 2010.09-50) ) #1 SMP Sun Aug 25 18:08:32 PDT 2013
 CPU: ARMv7 Processor [412fc0f2] revision 2 (ARMv7), cr=10c5387d
 CPU: PIPT / VIPT nonaliasing data cache, PIPT instruction cache
 Machine: NVIDIA Tegra SoC (Flattened Device Tree), model: NVIDIA Tegra114 Dalmore evaluation board
@@ -84,7 +84,7 @@
     vmalloc : 0xf0000000 - 0xff000000   ( 240 MB)
     lowmem  : 0xc0000000 - 0xef800000   ( 760 MB)
     pkmap   : 0xbfe00000 - 0xc0000000   (   2 MB)
-      .text : 0xc0008000 - 0xc06ab060   (6797 kB)
+      .text : 0xc0008000 - 0xc06ab048   (6797 kB)
       .init : 0xc06ac000 - 0xc0723c00   ( 479 kB)
       .data : 0xc0724000 - 0xc07b6140   ( 585 kB)
        .bss : 0xc07b6140 - 0xc07fbe14   ( 280 kB)
@@ -105,7 +105,7 @@
 /cpus/cpu@2 missing clock-frequency property
 /cpus/cpu@3 missing clock-frequency property
 CPU0: thread -1, cpu 0, socket 0, mpidr 80000000
-Setting up static identity map for 0xc051c7e8 - 0xc051c880
+Setting up static identity map for 0xc051cb20 - 0xc051cbb8
 unable to find compatible sirf rstc node in dtb
 CPU1: Booted secondary processor
 CPU1: thread -1, cpu 1, socket 0, mpidr 80000001
