

U-Boot 2015.04-00466-gedec83e90172 (Mar 14 2016 - 10:42:01)

TEGRA124
Model: Acer Chromebook 13 CB5-311
DRAM:  4 GiB
:   Tegra SD/MMC: 0, Tegra SD/MMC: 1, Tegra SD/MMC: 2
MMC init failed
Using default environment

In:    serial
Out:   serial
Err:   serial
Net:   Net Initialization Skipped
No ethernet found.
Hit any key to stop autoboot:  2  1  0 
Tegra124 (Nyan-big) # 
Tegra124 (Nyan-big) # usb start
starting USB...
USB0:   USB EHCI 1.10
scanning bus 0 for devices... 2 USB Device(s) found
USB1:   USB EHCI 1.10
scanning bus 1 for devices... 2 USB Device(s) found
       scanning usb for storage devices... 1 Storage Device(s) found
       scanning usb for ethernet devices... 
Warning: asx0 using MAC address from net device
1 Ethernet Device(s) found
Tegra124 (Nyan-big) # mw 0x7000e4a0 0x00080000
Tegra124 (Nyan-big) # setenv bootargs 'ignore_loglevel console=ttyS0,115200n8 rw root=PARTUUID=4d36e82a-b3c0-4b4b-bfcd-afe5217ac023 rootwait gpt debug noinitrd earlyprintk init=/bin/bash'
Tegra124 (Nyan-big) # setenv ipaddr 192.168.100.102; setenv serverip 192.168.100.1; setenv tftpserverip 192.168.100.1
Tegra124 (Nyan-big) # tftpboot 0x82000000 zImage.multi_v7_defconfig
Using asx0 device
TFTP from server 192.168.100.1; our IP address is 192.168.100.102
Filename 'zImage.multi_v7_defconfig'.
Load address: 0x82000000
Loading: *#################################################################
	 #################################################################
	 #################################################################
	 #################################################################
	 #################################################################
	 #################################################################
	 #################################################################
	 #################################################################
	 ###########################
	 3.6 MiB/s
done
Bytes transferred = 8020824 (7a6358 hex)
Tegra124 (Nyan-big) # tftpboot 0x83000000 tegra124-nyan-big.dtb
Using asx0 device
TFTP from server 192.168.100.1; our IP address is 192.168.100.102
Filename 'tegra124-nyan-big.dtb'.
Load address: 0x83000000
Loading: *#####
	 2.6 MiB/s
done
Bytes transferred = 68183 (10a57 hex)
Tegra124 (Nyan-big) # bootz 0x82000000 - 0x83000000
Kernel image @ 0x82000000 [ 0x000000 - 0x7a6358 ]
## Flattened Device Tree blob at 83000000
   Booting using the fdt blob at 0x83000000
   Using Device Tree in place at 83000000, end 83013a56

Starting kernel ...

[    0.000000] Booting Linux on physical CPU 0x0
[    0.000000] Linux version 4.13.0-rc3-185607-g16f73eb (jonathanh@sellafield) (gcc version 4.7.3 20130328 (prerelease) (crosstool-NG linaro-1.13.1-4.7-2013.04-20130415 - Linaro GCC 2013.04)) #1 SMP Sun Jul 30 13:06:26 PDT 2017
[    0.000000] CPU: ARMv7 Processor [413fc0f3] revision 3 (ARMv7), cr=10c5387d
[    0.000000] CPU: div instructions available: patching division code
[    0.000000] CPU: PIPT / VIPT nonaliasing data cache, PIPT instruction cache
[    0.000000] OF: fdt: Machine model: Acer Chromebook 13 CB5-311
[    0.000000] OF: fdt: Ignoring memory range 0x100000000 - 0x17ffff000
[    0.000000] debug: ignoring loglevel setting.
[    0.000000] Memory policy: Data cache writealloc
[    0.000000] efi: Getting EFI parameters from FDT:
[    0.000000] efi: UEFI not found.
[    0.000000] cma: Reserved 64 MiB at 0xfb800000
[    0.000000] On node 0 totalpages: 524287
[    0.000000] free_area_init_node: node 0, pgdat c157f1c0, node_mem_map eeff8000
[    0.000000]   DMA zone: 1536 pages used for memmap
[    0.000000]   DMA zone: 0 pages reserved
[    0.000000]   DMA zone: 196608 pages, LIFO batch:31
[    0.000000]   HighMem zone: 327679 pages, LIFO batch:31
[    0.000000] percpu: Embedded 17 pages/cpu @eef81000 s39488 r8192 d21952 u69632
[    0.000000] pcpu-alloc: s39488 r8192 d21952 u69632 alloc=17*4096
[    0.000000] pcpu-alloc: [0] 0 [0] 1 [0] 2 [0] 3 
[    0.000000] Built 1 zonelists in Zone order, mobility grouping on.  Total pages: 522751
[    0.000000] Kernel command line: ignore_loglevel console=ttyS0,115200n8 rw root=PARTUUID=4d36e82a-b3c0-4b4b-bfcd-afe5217ac023 rootwait gpt debug noinitrd earlyprintk init=/bin/bash
[    0.000000] PID hash table entries: 4096 (order: 2, 16384 bytes)
[    0.000000] Dentry cache hash table entries: 131072 (order: 7, 524288 bytes)
[    0.000000] Inode-cache hash table entries: 65536 (order: 6, 262144 bytes)
[    0.000000] Memory: 1994448K/2097148K available (10240K kernel code, 1563K rwdata, 4452K rodata, 2048K init, 402K bss, 37164K reserved, 65536K cma-reserved, 1245180K highmem)
[    0.000000] Virtual kernel memory layout:
[    0.000000]     vector  : 0xffff0000 - 0xffff1000   (   4 kB)
[    0.000000]     fixmap  : 0xffc00000 - 0xfff00000   (3072 kB)
[    0.000000]     vmalloc : 0xf0800000 - 0xff800000   ( 240 MB)
[    0.000000]     lowmem  : 0xc0000000 - 0xf0000000   ( 768 MB)
[    0.000000]     pkmap   : 0xbfe00000 - 0xc0000000   (   2 MB)
[    0.000000]     modules : 0xbf000000 - 0xbfe00000   (  14 MB)
[    0.000000]       .text : 0xc0208000 - 0xc0d00000   (11232 kB)
[    0.000000]       .init : 0xc1200000 - 0xc1400000   (2048 kB)
[    0.000000]       .data : 0xc1400000 - 0xc1586fa8   (1564 kB)
[    0.000000]        .bss : 0xc158fcb0 - 0xc15f46fc   ( 403 kB)
[    0.000000] SLUB: HWalign=64, Order=0-3, MinObjects=0, CPUs=4, Nodes=1
[    0.000000] Hierarchical RCU implementation.
[    0.000000] 	RCU event tracing is enabled.
[    0.000000] 	RCU restricting CPUs from NR_CPUS=16 to nr_cpu_ids=4.
[    0.000000] RCU: Adjusting geometry for rcu_fanout_leaf=16, nr_cpu_ids=4
[    0.000000] NR_IRQS: 16, nr_irqs: 16, preallocated irqs: 16
[    0.000000] /interrupt-controller@60004000: 160 interrupts forwarded to /interrupt-controller@50041000
[    0.000000] Tegra clk 127: register failed with -17
[    0.000004] sched_clock: 32 bits at 1000kHz, resolution 1000ns, wraps every 2147483647500ns
[    0.000011] clocksource: timer_us: mask: 0xffffffff max_cycles: 0xffffffff, max_idle_ns: 1911260446275 ns
[    0.000018] Switching to timer-based delay loop, resolution 1000ns
[    0.001723] arch_timer: cp15 timer(s) running at 12.00MHz (virt).
[    0.001730] clocksource: arch_sys_counter: mask: 0xffffffffffffff max_cycles: 0x2c47f4ee7, max_idle_ns: 440795202497 ns
[    0.001737] sched_clock: 56 bits at 12MHz, resolution 83ns, wraps every 4398046511096ns
[    0.001742] Switching to timer-based delay loop, resolution 83ns
[    0.001955] Console: colour dummy device 80x30
[    0.001969] Calibrating delay loop (skipped), value calculated using timer frequency.. 24.00 BogoMIPS (lpj=120000)
[    0.001975] pid_max: default: 32768 minimum: 301
[    0.002012] Mount-cache hash table entries: 2048 (order: 1, 8192 bytes)
[    0.002017] Mountpoint-cache hash table entries: 2048 (order: 1, 8192 bytes)
[    0.002208] CPU: Testing write buffer coherency: ok
[    0.002331] /cpus/cpu@0 missing clock-frequency property
[    0.002346] /cpus/cpu@1 missing clock-frequency property
[    0.002361] /cpus/cpu@2 missing clock-frequency property
[    0.002376] /cpus/cpu@3 missing clock-frequency property
[    0.002381] CPU0: thread -1, cpu 0, socket 0, mpidr 80000000
[    0.002496] Setting up static identity map for 0x80300000 - 0x803000a0
[    0.003199] Hierarchical SRCU implementation.
[    0.003873] Tegra Revision: A01 SKU: 131 CPU Process: 1 SoC Process: 1
[    0.004138] EFI services will not be available.
[    0.004196] smp: Bringing up secondary CPUs ...
[    0.004477] CPU1: thread -1, cpu 1, socket 0, mpidr 80000001
[    0.011984] CPU2: thread -1, cpu 2, socket 0, mpidr 80000002
[    0.021998] CPU3: thread -1, cpu 3, socket 0, mpidr 80000003
[    0.031721] smp: Brought up 1 node, 4 CPUs
[    0.031729] SMP: Total of 4 processors activated (96.00 BogoMIPS).
[    0.031732] CPU: All CPU(s) started in SVC mode.
[    0.032278] devtmpfs: initialized
[    0.037939] VFP support v0.3: implementor 41 architecture 4 part 30 variant f rev 0
[    0.038132] clocksource: jiffies: mask: 0xffffffff max_cycles: 0xffffffff, max_idle_ns: 19112604462750000 ns
[    0.038140] futex hash table entries: 1024 (order: 4, 65536 bytes)
[    0.038709] pinctrl core: initialized pinctrl subsystem
[    0.039370] DMI not present or invalid.
[    0.039450] random: get_random_u32 called from bucket_table_alloc+0xe8/0x254 with crng_init=0
[    0.039485] NET: Registered protocol family 16
[    0.040240] DMA: preallocated 256 KiB pool for atomic coherent allocations
[    0.041184] cpuidle: using governor menu
[    0.050188] No ATAGs?
[    0.050241] hw-breakpoint: found 5 (+1 reserved) breakpoint and 4 watchpoint registers.
[    0.050248] hw-breakpoint: maximum watchpoint size is 8 bytes.
[    0.053060] Serial: AMBA PL011 UART driver
[    0.053424] tegra-mc 70019000.memory-controller: no memory timings for RAM code 0 registered
[    0.058979] AT91: Could not find identification node
[    0.059193] +5V_SYS: supplied by +VDD_MUX
[    0.059293] +3.3V_SYS: supplied by +VDD_MUX
[    0.059510] +VDD_LED: Failed to request enable GPIO122: -517
[    0.059516] reg-fixed-voltage regulators:regulator@5: Failed to register regulator: -517
[    0.059551] +5V_VDD_TS_SW: Failed to request enable GPIO81: -517
[    0.059556] reg-fixed-voltage regulators:regulator@6: Failed to register regulator: -517
[    0.059591] +5V_USB_HS: Failed to request enable GPIO108: -517
[    0.059595] reg-fixed-voltage regulators:regulator@7: Failed to register regulator: -517
[    0.059629] +5V_USB_SS: Failed to request enable GPIO109: -517
[    0.059633] reg-fixed-voltage regulators:regulator@8: Failed to register regulator: -517
[    0.059726] +1.05V_RUN_AVDD_HDMI_PLL: Failed to request enable GPIO63: -517
[    0.059730] reg-fixed-voltage regulators:regulator@11: Failed to register regulator: -517
[    0.059764] +5V_HDMI_CON: Failed to request enable GPIO86: -517
[    0.059768] reg-fixed-voltage regulators:regulator@12: Failed to register regulator: -517
[    0.060781] vgaarb: loaded
[    0.061062] SCSI subsystem initialized
[    0.061130] libata version 3.00 loaded.
[    0.061219] usbcore: registered new interface driver usbfs
[    0.061241] usbcore: registered new interface driver hub
[    0.061267] usbcore: registered new device driver usb
[    0.062599] pps_core: LinuxPPS API ver. 1 registered
[    0.062603] pps_core: Software ver. 5.3.6 - Copyright 2005-2007 Rodolfo Giometti <giometti@linux.it>
[    0.062611] PTP clock support registered
[    0.062675] EDAC MC: Ver: 3.0.0
[    0.062801] dmi: Firmware registration failed.
[    0.063109] tegra-emc 7001b000.emc: no memory timings for RAM code 0 found in DT
[    0.063119] tegra-emc: probe of 7001b000.emc failed with error -2
[    0.063555] clocksource: Switched to clocksource arch_sys_counter
[    0.083065] NET: Registered protocol family 2
[    0.083265] TCP established hash table entries: 8192 (order: 3, 32768 bytes)
[    0.083300] TCP bind hash table entries: 8192 (order: 4, 65536 bytes)
[    0.083362] TCP: Hash tables configured (established 8192 bind 8192)
[    0.083397] UDP hash table entries: 512 (order: 2, 16384 bytes)
[    0.083412] UDP-Lite hash table entries: 512 (order: 2, 16384 bytes)
[    0.083470] NET: Registered protocol family 1
[    0.083643] RPC: Registered named UNIX socket transport module.
[    0.083647] RPC: Registered udp transport module.
[    0.083650] RPC: Registered tcp transport module.
[    0.083654] RPC: Registered tcp NFSv4.1 backchannel transport module.
[    0.083659] PCI: CLS 0 bytes, default 64
[    0.084215] hw perfevents: enabled with armv7_cortex_a15 PMU driver, 7 counters available
[    0.084884] workingset: timestamp_bits=30 max_order=19 bucket_order=0
[    0.087683] squashfs: version 4.0 (2009/01/31) Phillip Lougher
[    0.087947] NFS: Registering the id_resolver key type
[    0.087960] Key type id_resolver registered
[    0.087963] Key type id_legacy registered
[    0.087982] ntfs: driver 2.1.32 [Flags: R/O].
[    0.088238] random: fast init done
[    0.088596] bounce: pool size: 64 pages
[    0.088614] Block layer SCSI generic (bsg) driver version 0.4 loaded (major 248)
[    0.088619] io scheduler noop registered
[    0.088622] io scheduler deadline registered
[    0.088678] io scheduler cfq registered (default)
[    0.088682] io scheduler mq-deadline registered
[    0.088685] io scheduler kyber registered
[    0.089908] tegra-xusb-padctl 7009f000.padctl: failed to setup XUSB ports: -517
[    0.100570] tegra-apbdma 60020000.dma: Tegra20 APB DMA driver register 32 channels
[    0.101455] tegra-pmc 7000e400.pmc: i2c-thermtrip node not found, emergency thermal reset disabled.
[    0.119127] Serial: 8250/16550 driver, 4 ports, IRQ sharing disabled
[    0.120181] console [ttyS0] disabled
[    0.120199] 70006000.serial: ttyS0 at MMIO 0x70006000 (irq = 333, base_baud = 25500000) is a Tegra
[    1.031525] console [ttyS0] enabled
[    1.035300] SuperH (H)SCI(F) driver initialized
[    1.040175] msm_serial: driver initialized
[    1.044330] STMicroelectronics ASC driver initialized
[    1.051605] tegra-hdmi 54280000.hdmi: failed to get HDMI regulator
[    1.058151] tegra-dpaux 545c0000.dpaux: failed to get VDD supply: -517
[    1.065621] panel-simple panel: panel supply power not found, using dummy regulator
[    1.076301] brd: module loaded
[    1.081777] loop: module loaded
[    1.085868] as3722 4-0040: AS3722 with revision 0x1 found
[    1.095936] as3722-sd2: supplied by +5V_SYS
[    1.100345] as3722-sd3: supplied by +5V_SYS
[    1.104689] +1.35V_LP0(sd3): Bringing 0uV into 1350000-1350000uV
[    1.110857] as3722-sd4: supplied by +5V_SYS
[    1.115202] +1.05V_RUN: Bringing 0uV into 1050000-1050000uV
[    1.120933] as3722-sd5: supplied by +5V_SYS
[    1.126505] as3722-ldo0: supplied by +1.35V_LP0(sd2)
[    1.132216] +1.8V_RUN_CAM: Bringing 0uV into 1800000-1800000uV
[    1.138272] as3722-ldo2: supplied by +1.8V_VDDIO
[    1.143889] as3722-ldo3: supplied by +3.3V_SYS
[    1.148334] +1.00V_LP0_VDD_RTC: Bringing 1100000uV into 1000000-1000000uV
[    1.155911] as3722-ldo4: supplied by +3.3V_SYS
[    1.160498] +3.3V_RUN_CAM: Bringing 0uV into 2800000-2800000uV
[    1.166504] as3722-ldo5: supplied by +1.8V_VDDIO
[    1.171273] +1.2V_RUN_CAM_FRONT: Bringing 0uV into 1200000-1200000uV
[    1.177950] +VDDIO_SDMMC3: Bringing 0uV into 1800000-1800000uV
[    1.183970] as3722-ldo7: supplied by +1.8V_VDDIO
[    1.188733] +1.05V_RUN_CAM_REAR: Bringing 0uV into 1050000-1050000uV
[    1.195276] as3722-ldo9: supplied by +5V_SYS
[    1.199842] +2.8V_RUN_TOUCH: Bringing 0uV into 2800000-2800000uV
[    1.206037] as3722-ldo10: supplied by +5V_SYS
[    1.210539] +2.8V_RUN_CAM_AF: Bringing 0uV into 2800000-2800000uV
[    1.216973] +1.8V_RUN_VPP_FUSE: Bringing 0uV into 1800000-1800000uV
[    1.235525] m25p80 spi32765.0: w25q32dw (4096 Kbytes)
[    1.241574] libphy: Fixed MDIO Bus: probed
[    1.246067] CAN device driver interface
[    1.250209] bgmac_bcma: Broadcom 47xx GBit MAC driver loaded
[    1.256319] e1000e: Intel(R) PRO/1000 Network Driver - 3.2.6-k
[    1.262135] e1000e: Copyright(c) 1999 - 2015 Intel Corporation.
[    1.268065] igb: Intel(R) Gigabit Ethernet Network Driver - version 5.4.0-k
[    1.275013] igb: Copyright (c) 2007-2014 Intel Corporation.
[    1.281870] pegasus: v0.9.3 (2013/04/25), Pegasus/Pegasus II USB Ethernet driver
[    1.289277] usbcore: registered new interface driver pegasus
[    1.294941] usbcore: registered new interface driver asix
[    1.300336] usbcore: registered new interface driver ax88179_178a
[    1.306431] usbcore: registered new interface driver cdc_ether
[    1.312263] usbcore: registered new interface driver smsc75xx
[    1.318014] usbcore: registered new interface driver smsc95xx
[    1.323761] usbcore: registered new interface driver net1080
[    1.329417] usbcore: registered new interface driver cdc_subset
[    1.335337] usbcore: registered new interface driver zaurus
[    1.340912] usbcore: registered new interface driver cdc_ncm
[    1.347234] ehci_hcd: USB 2.0 'Enhanced' Host Controller (EHCI) Driver
[    1.353755] ehci-pci: EHCI PCI platform driver
[    1.358197] ehci-platform: EHCI generic platform driver
[    1.363479] ehci-orion: EHCI orion driver
[    1.367536] SPEAr-ehci: EHCI SPEAr driver
[    1.371580] ehci-st: EHCI STMicroelectronics driver
[    1.376496] ehci-exynos: EHCI EXYNOS driver
[    1.380720] ehci-atmel: EHCI Atmel driver
[    1.384768] tegra-ehci: Tegra EHCI driver
[    1.388829] ohci_hcd: USB 1.1 'Open' Host Controller (OHCI) Driver
[    1.395004] ohci-pci: OHCI PCI platform driver
[    1.399446] ohci-platform: OHCI generic platform driver
[    1.404725] SPEAr-ohci: OHCI SPEAr driver
[    1.408770] ohci-st: OHCI STMicroelectronics driver
[    1.413687] ohci-atmel: OHCI Atmel driver
[    1.417937] usbcore: registered new interface driver usb-storage
[    1.425075] elan_i2c 1-0015: 1-0015 supply vcc not found, using dummy regulator
[    1.433751] as3722-rtc as3722-rtc: rtc core: registered as3722-rtc as rtc0
[    1.440609] as3722-rtc as3722-rtc: RTC interrupt 372
[    1.447567] tegra_rtc 7000e000.rtc: rtc core: registered 7000e000.rtc as rtc1
[    1.454706] tegra_rtc 7000e000.rtc: Tegra internal Real Time Clock
[    1.461054] i2c /dev entries driver
[    1.466954] lm90 0-004c: 0-004c supply vcc not found, using dummy regulator
[    1.478360] sdhci: Secure Digital Host Controller Interface driver
[    1.484541] sdhci: Copyright(c) Pierre Ossman
[    1.489416] Synopsys Designware Multimedia Card Interface Driver
[    1.495859] sdhci-pltfm: SDHCI platform and OF driver helper
[    1.501786] sdhci-tegra 700b0000.sdhci: allocated mmc-pwrseq
[    1.513684] sdhci-tegra 700b0400.sdhci: Got CD GPIO
[    1.518554] sdhci-tegra 700b0400.sdhci: Got WP GPIO
[    1.537581] mmc0: Unknown controller version (3). You may experience problems.
[    1.544822] mmc0: Invalid maximum block size, assuming 512 bytes
[    1.604491] elan_i2c 1-0015: Elan Touchpad: Module ID: 0x002a, Firmware: 0x0005, Sample: 0x0007, IAP: 0x0009
[    1.614318] mmc0: SDHCI controller on 700b0600.sdhci [700b0600.sdhci] using ADMA
[    1.622373] ledtrig-cpu: registered to indicate activity on CPUs
[    1.622472] input: Elan Touchpad as /devices/soc0/7000c400.i2c/i2c-1/1-0015/input/input0
[    1.636562] usbcore: registered new interface driver usbhid
[    1.642119] usbhid: USB HID core driver
[    1.647385] NET: Registered protocol family 10
[    1.652141] Segment Routing with IPv6
[    1.655821] sit: IPv6, IPv4 and MPLS over IPv4 tunneling driver
[    1.661943] NET: Registered protocol family 17
[    1.666384] can: controller area network core (rev 20170425 abi 9)
[    1.672567] NET: Registered protocol family 29
[    1.677003] can: raw protocol (rev 20170425)
[    1.681259] can: broadcast manager protocol (rev 20170425 t)
[    1.686909] can: netlink gateway (rev 20170425) max_hops=1
[    1.692508] Key type dns_resolver registered
[    1.697005] ThumbEE CPU extension supported.
[    1.701264] Registering SWP/SWPB emulation handler
[    1.711651] +3.3V_RUN: supplied by +3.3V_SYS
[    1.716796] +VDD_LED: supplied by +VDD_MUX
[    1.721160] +3.3V_AVDD_HDMI_AP_GATED: supplied by +3.3V_RUN
[    1.726961] +1.8V_RUN_CAM: supplied by +3.3V_RUN
[    1.731744] +VDDIO_SDMMC3: supplied by +3.3V_RUN
[    1.736518] +1.8V_RUN_VPP_FUSE: supplied by +3.3V_RUN
[    1.741921] +5V_VDD_TS_SW: supplied by +5V_SYS
[    1.746647] +5V_USB_HS: supplied by +5V_SYS
[    1.750995] +5V_USB_SS: supplied by +5V_SYS
[    1.755907] +3.3V_PANEL: supplied by +3.3V_RUN
[    1.760858] +3.3V_LP0: supplied by +3.3V_SYS
[    1.765842] +1.05V_RUN_AVDD_HDMI_PLL: supplied by +1.05V_RUN
[    1.771604] elan_i2c 1-0015: failed to read report data: -121
[    1.772065] +5V_HDMI_CON: supplied by +5V_SYS
[    1.773663]  usb3-0: usb3-0 supply vbus not found, using dummy regulator
[    1.773756]  usb3-1: usb3-1 supply vbus not found, using dummy regulator
[    1.777898] tegra-sor 54540000.sor: failed to probe output: -517
[    1.778833] panel-simple panel: panel supply power not found, using dummy regulator
[    1.779878] sdhci-tegra 700b0000.sdhci: allocated mmc-pwrseq
[    1.787872] mmc1: Unknown controller version (3). You may experience problems.
[    1.787916] mmc1: Invalid maximum block size, assuming 512 bytes
[    1.788502] mmc1: Switching to 3.3V signalling voltage failed
[    1.792340] mmc0: new high speed MMC card at address 0001
[    1.792756] mmcblk0: mmc0:0001 MMC16G 14.4 GiB 
[    1.793022] mmcblk0boot0: mmc0:0001 MMC16G partition 1 2.00 MiB
[    1.793298] mmcblk0boot1: mmc0:0001 MMC16G partition 2 2.00 MiB
[    1.793597] mmcblk0rpmb: mmc0:0001 MMC16G partition 3 128 KiB
[    1.798964]  mmcblk0: p1 p2 p3 p4 p5 p6 p7 p8 p9 p10 p11 p12
[    1.843667] mmc1: SDHCI controller on 700b0000.sdhci [700b0000.sdhci] using ADMA
[    1.844731] sdhci-tegra 700b0400.sdhci: Got CD GPIO
[    1.844742] sdhci-tegra 700b0400.sdhci: Got WP GPIO
[    1.853224] mmc2: Unknown controller version (3). You may experience problems.
[    1.853281] mmc2: Invalid maximum block size, assuming 512 bytes
[    1.880637] mmc1: new high speed SDIO card at address 0001
[    1.908332] elan_i2c 1-0015: invalid report id data (ff)
[    1.913883] mmc2: SDHCI controller on 700b0400.sdhci [700b0400.sdhci] using ADMA
[    2.016664] [drm] Supports vblank timestamp caching Rev 2 (21.10.2013).
[    2.023265] [drm] No driver support for vblank timestamp query.
[    2.054391] mmc2: new high speed SDHC card at address 0007
[    2.054604] mmcblk2: mmc2:0007 SD08G 7.42 GiB 
[    2.064062] GPT:Primary header alternate_lba != Alt. header my_lba
[    2.064066] GPT:3014591 != 15564799
[    2.064067] GPT:Primary header thinks Alt. header is not at the end of the disk.
[    2.064069] GPT:3014591 != 15564799
[    2.064070] GPT: Use GNU Parted to correct GPT errors.
[    2.064094]  mmcblk2: p1 p2 p3 p4 p5 p6 p7 p8 p9 p10 p11 p12
[    2.111273] Console: switching to colour frame buffer device 170x48
[    2.175388] drm drm: fb0:  frame buffer device
[    2.179859] [drm] Initialized tegra 0.0.0 20120330 for drm on minor 0
[    2.187089] input: gpio-keys as /devices/soc0/gpio-keys/input/input1
[    2.194311] as3722-rtc as3722-rtc: setting system clock to 2000-01-01 00:00:24 UTC (946684824)
[    2.203255] +1.8V_RUN_CAM: disabling
[    2.207074] +3.3V_RUN_CAM: disabling
[    2.210834] +1.2V_RUN_CAM_FRONT: disabling
[    2.215155] +1.05V_RUN_CAM_REAR: disabling
[    2.219429] +2.8V_RUN_TOUCH: disabling
[    2.223277] +2.8V_RUN_CAM_AF: disabling
[    2.227283] +1.8V_RUN_VPP_FUSE: disabling
[    2.231388] +5V_VDD_TS_SW: disabling
[    2.234985] +5V_USB_HS: disabling
[    2.238298] +5V_USB_SS: disabling
[    2.242411] EXT4-fs (mmcblk0p3): couldn't mount as ext3 due to feature incompatibilities
[    2.251005] EXT4-fs (mmcblk0p3): couldn't mount as ext2 due to feature incompatibilities
[    2.425932] EXT4-fs (mmcblk0p3): recovery complete
[    2.430720] EXT4-fs (mmcblk0p3): mounted filesystem with ordered data mode. Opts: (null)
[    2.438845] VFS: Mounted root (ext4 filesystem) on device 179:3.
[    2.445889] devtmpfs: mounted
[    2.449561] Freeing unused kernel memory: 2048K
bash: cannot set terminal process group (-1): Inappropriate ioctl for device
bash: no job control in this shell
root@(none):/# 