

U-Boot 2015.04-00466-gedec83e90172 (Mar 14 2016 - 10:42:01)

TEGRA124
Model: Acer Chromebook 13 CB5-311
DRAM:  4 GiB
C:   Tegra SD/MMC: 0, Tegra SD/MMC: 1, Tegra SD/MMC: 2
MMC init failed
Using default environment

In:    serial
Out:   serial
Err:   serial
Net:   Net Initialization Skipped
No ethernet found.
Hit any key to stop autoboot:  2  0 
Tegra124 (Nyan-big) # 
Tegra124 (Nyan-big) # usb start
starting USB...
USB0:   USB EHCI 1.10
scanning bus 0 for devices... 2 USB Device(s) found
USB1:   USB EHCI 1.10
scanning bus 1 for devices... 2 USB Device(s) found
       scanning usb for storage devices... 1 Storage Device(s) found
       scanning usb for ethernet devices... 
Warning: asx0 using MAC address from net device
1 Ethernet Device(s) found
Tegra124 (Nyan-big) # mw 0x7000e4a0 0x00080000
Tegra124 (Nyan-big) # setenv bootargs 'ignore_loglevel console=ttyS0,115200n8 rw root=PARTUUID=4d36e82a-b3c0-4b4b-bfcd-afe5217ac023 rootwait gpt debug noinitrd earlyprintk init=/bin/bash'
Tegra124 (Nyan-big) # setenv ipaddr 192.168.100.102; setenv serverip 192.168.100.1; setenv tftpserverip 192.168.100.1
Tegra124 (Nyan-big) # tftpboot 0x82000000 zImage.multi_v7_defconfig
Using asx0 device
TFTP from server 192.168.100.1; our IP address is 192.168.100.102
Filename 'zImage.multi_v7_defconfig'.
Load address: 0x82000000
Loading: *#################################################################
	 #################################################################
	 #################################################################
	 #################################################################
	 #################################################################
	 #################################################################
	 #################################################################
	 #################################################################
	 ####################################
	 3.6 MiB/s
done
Bytes transferred = 8159752 (7c8208 hex)
Tegra124 (Nyan-big) # tftpboot 0x83000000 tegra124-nyan-big.dtb
Using asx0 device
TFTP from server 192.168.100.1; our IP address is 192.168.100.102
Filename 'tegra124-nyan-big.dtb'.
Load address: 0x83000000
Loading: *#####
	 3.4 MiB/s
done
Bytes transferred = 68203 (10a6b hex)
Tegra124 (Nyan-big) # bootz 0x82000000 - 0x83000000
Kernel image @ 0x82000000 [ 0x000000 - 0x7c8200 ]
## Flattened Device Tree blob at 83000000
   Booting using the fdt blob at 0x83000000
   Using Device Tree in place at 83000000, end 83013a6a

Starting kernel ...

[    0.000000] Booting Linux on physical CPU 0x0
[    0.000000] Linux version 4.14.0-rc7-201379-g0b07194 (jonathanh@sellafield) (gcc version 4.7.3 20130328 (prerelease) (crosstool-NG linaro-1.13.1-4.7-2013.04-20130415 - Linaro GCC 2013.04)) #1 SMP Mon Oct 30 06:34:01 PDT 2017
[    0.000000] CPU: ARMv7 Processor [413fc0f3] revision 3 (ARMv7), cr=10c5387d
[    0.000000] CPU: div instructions available: patching division code
[    0.000000] CPU: PIPT / VIPT nonaliasing data cache, PIPT instruction cache
[    0.000000] OF: fdt: Machine model: Acer Chromebook 13 CB5-311
[    0.000000] OF: fdt: Ignoring memory range 0x100000000 - 0x17ffff000
[    0.000000] debug: ignoring loglevel setting.
[    0.000000] Memory policy: Data cache writealloc
[    0.000000] efi: Getting EFI parameters from FDT:
[    0.000000] efi: UEFI not found.
[    0.000000] cma: Reserved 64 MiB at 0xfb800000
[    0.000000] On node 0 totalpages: 524287
[    0.000000] free_area_init_node: node 0, pgdat c158fa40, node_mem_map eeff8000
[    0.000000]   DMA zone: 1536 pages used for memmap
[    0.000000]   DMA zone: 0 pages reserved
[    0.000000]   DMA zone: 196608 pages, LIFO batch:31
[    0.000000]   HighMem zone: 327679 pages, LIFO batch:31
[    0.000000] random: fast init done
[    0.000000] percpu: Embedded 17 pages/cpu @eef81000 s39424 r8192 d22016 u69632
[    0.000000] pcpu-alloc: s39424 r8192 d22016 u69632 alloc=17*4096
[    0.000000] pcpu-alloc: [0] 0 [0] 1 [0] 2 [0] 3 
[    0.000000] Built 1 zonelists, mobility grouping on.  Total pages: 522751
[    0.000000] Kernel command line: ignore_loglevel console=ttyS0,115200n8 rw root=PARTUUID=4d36e82a-b3c0-4b4b-bfcd-afe5217ac023 rootwait gpt debug noinitrd earlyprintk init=/bin/bash
[    0.000000] PID hash table entries: 4096 (order: 2, 16384 bytes)
[    0.000000] Dentry cache hash table entries: 131072 (order: 7, 524288 bytes)
[    0.000000] Inode-cache hash table entries: 65536 (order: 6, 262144 bytes)
[    0.000000] Memory: 1994372K/2097148K available (10240K kernel code, 1631K rwdata, 4504K rodata, 2048K init, 406K bss, 37240K reserved, 65536K cma-reserved, 1245180K highmem)
[    0.000000] Virtual kernel memory layout:
[    0.000000]     vector  : 0xffff0000 - 0xffff1000   (   4 kB)
[    0.000000]     fixmap  : 0xffc00000 - 0xfff00000   (3072 kB)
[    0.000000]     vmalloc : 0xf0800000 - 0xff800000   ( 240 MB)
[    0.000000]     lowmem  : 0xc0000000 - 0xf0000000   ( 768 MB)
[    0.000000]     pkmap   : 0xbfe00000 - 0xc0000000   (   2 MB)
[    0.000000]     modules : 0xbf000000 - 0xbfe00000   (  14 MB)
[    0.000000]       .text : 0xc0208000 - 0xc0d00000   (11232 kB)
[    0.000000]       .init : 0xc1200000 - 0xc1400000   (2048 kB)
[    0.000000]       .data : 0xc1400000 - 0xc1597ee8   (1632 kB)
[    0.000000]        .bss : 0xc15a0b9c - 0xc16064fc   ( 407 kB)
[    0.000000] SLUB: HWalign=64, Order=0-3, MinObjects=0, CPUs=4, Nodes=1
[    0.000000] Hierarchical RCU implementation.
[    0.000000] 	RCU event tracing is enabled.
[    0.000000] 	RCU restricting CPUs from NR_CPUS=16 to nr_cpu_ids=4.
[    0.000000] RCU: Adjusting geometry for rcu_fanout_leaf=16, nr_cpu_ids=4
[    0.000000] NR_IRQS: 16, nr_irqs: 16, preallocated irqs: 16
[    0.000000] /interrupt-controller@60004000: 160 interrupts forwarded to /interrupt-controller@50041000
[    0.000000] Tegra clk 127: register failed with -17
[    0.000004] sched_clock: 32 bits at 1000kHz, resolution 1000ns, wraps every 2147483647500ns
[    0.000011] clocksource: timer_us: mask: 0xffffffff max_cycles: 0xffffffff, max_idle_ns: 1911260446275 ns
[    0.000018] Switching to timer-based delay loop, resolution 1000ns
[    0.001869] arch_timer: cp15 timer(s) running at 12.00MHz (virt).
[    0.001876] clocksource: arch_sys_counter: mask: 0xffffffffffffff max_cycles: 0x2c47f4ee7, max_idle_ns: 440795202497 ns
[    0.001883] sched_clock: 56 bits at 12MHz, resolution 83ns, wraps every 4398046511096ns
[    0.001888] Switching to timer-based delay loop, resolution 83ns
[    0.002103] Console: colour dummy device 80x30
[    0.002119] Calibrating delay loop (skipped), value calculated using timer frequency.. 24.00 BogoMIPS (lpj=120000)
[    0.002125] pid_max: default: 32768 minimum: 301
[    0.002165] Mount-cache hash table entries: 2048 (order: 1, 8192 bytes)
[    0.002171] Mountpoint-cache hash table entries: 2048 (order: 1, 8192 bytes)
[    0.002372] CPU: Testing write buffer coherency: ok
[    0.002496] /cpus/cpu@0 missing clock-frequency property
[    0.002512] /cpus/cpu@1 missing clock-frequency property
[    0.002527] /cpus/cpu@2 missing clock-frequency property
[    0.002542] /cpus/cpu@3 missing clock-frequency property
[    0.002548] CPU0: thread -1, cpu 0, socket 0, mpidr 80000000
[    0.002665] Setting up static identity map for 0x80300000 - 0x803000a0
[    0.003386] Hierarchical SRCU implementation.
[    0.004090] Tegra Revision: A01 SKU: 131 CPU Process: 1 SoC Process: 1
[    0.004367] EFI services will not be available.
[    0.004426] smp: Bringing up secondary CPUs ...
[    0.004654] CPU1: thread -1, cpu 1, socket 0, mpidr 80000001
[    0.012081] CPU2: thread -1, cpu 2, socket 0, mpidr 80000002
[    0.022090] CPU3: thread -1, cpu 3, socket 0, mpidr 80000003
[    0.031867] smp: Brought up 1 node, 4 CPUs
[    0.031875] SMP: Total of 4 processors activated (96.00 BogoMIPS).
[    0.031879] CPU: All CPU(s) started in SVC mode.
[    0.032435] devtmpfs: initialized
[    0.037374] VFP support v0.3: implementor 41 architecture 4 part 30 variant f rev 0
[    0.037574] clocksource: jiffies: mask: 0xffffffff max_cycles: 0xffffffff, max_idle_ns: 19112604462750000 ns
[    0.037583] futex hash table entries: 1024 (order: 4, 65536 bytes)
[    0.038153] pinctrl core: initialized pinctrl subsystem
[    0.038786] DMI not present or invalid.
[    0.038889] NET: Registered protocol family 16
[    0.039639] DMA: preallocated 256 KiB pool for atomic coherent allocations
[    0.040530] cpuidle: using governor menu
[    0.048851] No ATAGs?
[    0.048907] hw-breakpoint: found 5 (+1 reserved) breakpoint and 4 watchpoint registers.
[    0.048913] hw-breakpoint: maximum watchpoint size is 8 bytes.
[    0.051712] Serial: AMBA PL011 UART driver
[    0.052081] tegra-mc 70019000.memory-controller: no memory timings for RAM code 0 registered
[    0.052195] iommu: Adding device reg-dummy to group 0
[    0.052223] iommu: Adding device 50000000.host1x to group 1
[    0.052248] iommu: Adding device 54200000.dc to group 2
[    0.052271] iommu: Adding device 54240000.dc to group 3
[    0.052285] iommu: Adding device 54280000.hdmi to group 4
[    0.052297] iommu: Adding device 54540000.sor to group 5
[    0.052311] iommu: Adding device 545c0000.dpaux to group 6
[    0.052335] iommu: Adding device 57000000.gpu to group 7
[    0.052347] iommu: Adding device 60005000.timer to group 8
[    0.052358] iommu: Adding device 60007000.flow-controller to group 9
[    0.052369] iommu: Adding device 6000c800.actmon to group 10
[    0.052380] iommu: Adding device 6000d000.gpio to group 11
[    0.052393] iommu: Adding device 60020000.dma to group 12
[    0.052404] iommu: Adding device 70000800.apbmisc to group 13
[    0.052415] iommu: Adding device 70000868.pinmux to group 14
[    0.052426] iommu: Adding device 70006000.serial to group 15
[    0.052439] iommu: Adding device 7000a000.pwm to group 16
[    0.052450] iommu: Adding device 7000c000.i2c to group 17
[    0.052461] iommu: Adding device 7000c400.i2c to group 18
[    0.052471] iommu: Adding device 7000c500.i2c to group 19
[    0.052484] iommu: Adding device 7000c700.i2c to group 20
[    0.052495] iommu: Adding device 7000d000.i2c to group 21
[    0.052507] iommu: Adding device 7000d400.spi to group 22
[    0.052518] iommu: Adding device 7000da00.spi to group 23
[    0.052529] iommu: Adding device 7000e000.rtc to group 24
[    0.052539] iommu: Adding device 7000e400.pmc to group 25
[    0.052550] iommu: Adding device 7000f800.fuse to group 26
[    0.052564] iommu: Adding device 70019000.memory-controller to group 27
[    0.052575] iommu: Adding device 7001b000.emc to group 28
[    0.052587] iommu: Adding device 70030000.hda to group 29
[    0.052599] iommu: Adding device 70090000.usb to group 30
[    0.052609] iommu: Adding device 7009f000.padctl to group 31
[    0.052621] iommu: Adding device 700b0000.sdhci to group 32
[    0.052632] iommu: Adding device 700b0400.sdhci to group 33
[    0.052643] iommu: Adding device 700b0600.sdhci to group 34
[    0.052654] iommu: Adding device 700e2000.thermal-sensor to group 35
[    0.052665] iommu: Adding device 70300000.ahub to group 36
[    0.052677] iommu: Adding device pmu to group 37
[    0.052690] iommu: Adding device timer to group 38
[    0.052700] iommu: Adding device sdhci0_pwrseq to group 39
[    0.052712] iommu: Adding device backlight to group 40
[    0.052723] iommu: Adding device clocks to group 41
[    0.052733] iommu: Adding device gpio-keys to group 42
[    0.052744] iommu: Adding device regulators to group 43
[    0.052756] iommu: Adding device regulators:regulator@0 to group 44
[    0.052767] iommu: Adding device regulators:regulator@1 to group 45
[    0.052779] iommu: Adding device regulators:regulator@2 to group 46
[    0.052791] iommu: Adding device regulators:regulator@3 to group 47
[    0.052805] iommu: Adding device regulators:regulator@4 to group 48
[    0.052816] iommu: Adding device regulators:regulator@5 to group 49
[    0.052827] iommu: Adding device regulators:regulator@6 to group 50
[    0.052838] iommu: Adding device regulators:regulator@7 to group 51
[    0.052849] iommu: Adding device regulators:regulator@8 to group 52
[    0.052861] iommu: Adding device regulators:regulator@9 to group 53
[    0.052874] iommu: Adding device regulators:regulator@10 to group 54
[    0.052886] iommu: Adding device regulators:regulator@11 to group 55
[    0.052897] iommu: Adding device regulators:regulator@12 to group 56
[    0.052908] iommu: Adding device sound to group 57
[    0.052919] iommu: Adding device gpio-restart to group 58
[    0.052931] iommu: Adding device panel to group 59
[    0.057990] AT91: Could not find identification node
[    0.058200] +5V_SYS: supplied by +VDD_MUX
[    0.058298] +3.3V_SYS: supplied by +VDD_MUX
[    0.058511] +VDD_LED: Failed to request enable GPIO122: -517
[    0.058518] reg-fixed-voltage regulators:regulator@5: Failed to register regulator: -517
[    0.058552] +5V_VDD_TS_SW: Failed to request enable GPIO81: -517
[    0.058557] reg-fixed-voltage regulators:regulator@6: Failed to register regulator: -517
[    0.058590] +5V_USB_HS: Failed to request enable GPIO108: -517
[    0.058594] reg-fixed-voltage regulators:regulator@7: Failed to register regulator: -517
[    0.058627] +5V_USB_SS: Failed to request enable GPIO109: -517
[    0.058631] reg-fixed-voltage regulators:regulator@8: Failed to register regulator: -517
[    0.058722] +1.05V_RUN_AVDD_HDMI_PLL: Failed to request enable GPIO63: -517
[    0.058727] reg-fixed-voltage regulators:regulator@11: Failed to register regulator: -517
[    0.058760] +5V_HDMI_CON: Failed to request enable GPIO86: -517
[    0.058764] reg-fixed-voltage regulators:regulator@12: Failed to register regulator: -517
[    0.059742] vgaarb: loaded
[    0.060001] SCSI subsystem initialized
[    0.060073] libata version 3.00 loaded.
[    0.060147] usbcore: registered new interface driver usbfs
[    0.060165] usbcore: registered new interface driver hub
[    0.060189] usbcore: registered new device driver usb
[    0.061452] pps_core: LinuxPPS API ver. 1 registered
[    0.061456] pps_core: Software ver. 5.3.6 - Copyright 2005-2007 Rodolfo Giometti <giometti@linux.it>
[    0.061463] PTP clock support registered
[    0.061528] EDAC MC: Ver: 3.0.0
[    0.061624] dmi: Firmware registration failed.
[    0.061935] tegra-emc 7001b000.emc: no memory timings for RAM code 0 found in DT
[    0.061945] tegra-emc: probe of 7001b000.emc failed with error -2
[    0.062364] clocksource: Switched to clocksource arch_sys_counter
[    0.081692] NET: Registered protocol family 2
[    0.081885] TCP established hash table entries: 8192 (order: 3, 32768 bytes)
[    0.081919] TCP bind hash table entries: 8192 (order: 4, 65536 bytes)
[    0.081982] TCP: Hash tables configured (established 8192 bind 8192)
[    0.082015] UDP hash table entries: 512 (order: 2, 16384 bytes)
[    0.082030] UDP-Lite hash table entries: 512 (order: 2, 16384 bytes)
[    0.082089] NET: Registered protocol family 1
[    0.082240] RPC: Registered named UNIX socket transport module.
[    0.082244] RPC: Registered udp transport module.
[    0.082247] RPC: Registered tcp transport module.
[    0.082250] RPC: Registered tcp NFSv4.1 backchannel transport module.
[    0.082255] PCI: CLS 0 bytes, default 64
[    0.082844] hw perfevents: enabled with armv7_cortex_a15 PMU driver, 7 counters available
[    0.083127] iommu: Adding device alarmtimer to group 60
[    0.083491] workingset: timestamp_bits=30 max_order=19 bucket_order=0
[    0.085464] squashfs: version 4.0 (2009/01/31) Phillip Lougher
[    0.085681] NFS: Registering the id_resolver key type
[    0.085693] Key type id_resolver registered
[    0.085696] Key type id_legacy registered
[    0.085712] ntfs: driver 2.1.32 [Flags: R/O].
[    0.086236] bounce: pool size: 64 pages
[    0.086254] Block layer SCSI generic (bsg) driver version 0.4 loaded (major 248)
[    0.086258] io scheduler noop registered
[    0.086262] io scheduler deadline registered
[    0.086333] io scheduler cfq registered (default)
[    0.086337] io scheduler mq-deadline registered
[    0.086341] io scheduler kyber registered
[    0.087608] tegra-xusb-padctl 7009f000.padctl: failed to setup XUSB ports: -517
[    0.098056] tegra-apbdma 60020000.dma: Tegra20 APB DMA driver register 32 channels
[    0.099066] tegra-pmc 7000e400.pmc: i2c-thermtrip node not found, emergency thermal reset disabled.
[    0.116135] Serial: 8250/16550 driver, 4 ports, IRQ sharing disabled
[    0.116178] iommu: Adding device serial8250 to group 61
[    0.117193] console [ttyS0] disabled
[    0.117212] 70006000.serial: ttyS0 at MMIO 0x70006000 (irq = 333, base_baud = 25500000) is a Tegra
[    1.364797] console [ttyS0] enabled
[    1.368574] SuperH (H)SCI(F) driver initialized
[    1.373468] msm_serial: driver initialized
[    1.377613] STMicroelectronics ASC driver initialized
[    1.385000] tegra-hdmi 54280000.hdmi: failed to get HDMI regulator
[    1.391538] tegra-dpaux 545c0000.dpaux: failed to get VDD supply: -517
[    1.398966] panel-simple panel: panel supply power not found, using dummy regulator
[    1.409266] brd: module loaded
[    1.414680] loop: module loaded
[    1.418720] as3722 4-0040: AS3722 with revision 0x1 found
[    1.425227] iommu: Adding device as3722-pinctrl to group 62
[    1.432112] iommu: Adding device as3722-regulator to group 63
[    1.439956] as3722-sd2: supplied by +5V_SYS
[    1.444367] as3722-sd3: supplied by +5V_SYS
[    1.448693] +1.35V_LP0(sd3): Bringing 0uV into 1350000-1350000uV
[    1.454908] as3722-sd4: supplied by +5V_SYS
[    1.459237] +1.05V_RUN: Bringing 0uV into 1050000-1050000uV
[    1.464967] as3722-sd5: supplied by +5V_SYS
[    1.470525] as3722-ldo0: supplied by +1.35V_LP0(sd2)
[    1.476247] +1.8V_RUN_CAM: Bringing 0uV into 1800000-1800000uV
[    1.482248] as3722-ldo2: supplied by +1.8V_VDDIO
[    1.487852] as3722-ldo3: supplied by +3.3V_SYS
[    1.492295] +1.00V_LP0_VDD_RTC: Bringing 1100000uV into 1000000-1000000uV
[    1.499856] as3722-ldo4: supplied by +3.3V_SYS
[    1.504460] +3.3V_RUN_CAM: Bringing 0uV into 2800000-2800000uV
[    1.510457] as3722-ldo5: supplied by +1.8V_VDDIO
[    1.515231] +1.2V_RUN_CAM_FRONT: Bringing 0uV into 1200000-1200000uV
[    1.521900] +VDDIO_SDMMC3: Bringing 0uV into 1800000-1800000uV
[    1.527917] as3722-ldo7: supplied by +1.8V_VDDIO
[    1.532690] +1.05V_RUN_CAM_REAR: Bringing 0uV into 1050000-1050000uV
[    1.539222] as3722-ldo9: supplied by +5V_SYS
[    1.543791] +2.8V_RUN_TOUCH: Bringing 0uV into 2800000-2800000uV
[    1.549977] as3722-ldo10: supplied by +5V_SYS
[    1.554487] +2.8V_RUN_CAM_AF: Bringing 0uV into 2800000-2800000uV
[    1.560908] +1.8V_RUN_VPP_FUSE: Bringing 0uV into 1800000-1800000uV
[    1.567403] iommu: Adding device as3722-rtc to group 64
[    1.572761] iommu: Adding device as3722-adc to group 65
[    1.578073] iommu: Adding device as3722-power-off to group 66
[    1.583919] iommu: Adding device as3722-wdt to group 67
[    1.600912] m25p80 spi1.0: w25q32dw (4096 Kbytes)
[    1.606406] iommu: Adding device Fixed MDIO bus.0 to group 68
[    1.612284] libphy: Fixed MDIO Bus: probed
[    1.616701] CAN device driver interface
[    1.620837] bgmac_bcma: Broadcom 47xx GBit MAC driver loaded
[    1.626943] e1000e: Intel(R) PRO/1000 Network Driver - 3.2.6-k
[    1.632765] e1000e: Copyright(c) 1999 - 2015 Intel Corporation.
[    1.638685] igb: Intel(R) Gigabit Ethernet Network Driver - version 5.4.0-k
[    1.645634] igb: Copyright (c) 2007-2014 Intel Corporation.
[    1.652455] pegasus: v0.9.3 (2013/04/25), Pegasus/Pegasus II USB Ethernet driver
[    1.659851] usbcore: registered new interface driver pegasus
[    1.665516] usbcore: registered new interface driver asix
[    1.670910] usbcore: registered new interface driver ax88179_178a
[    1.677002] usbcore: registered new interface driver cdc_ether
[    1.682838] usbcore: registered new interface driver smsc75xx
[    1.688582] usbcore: registered new interface driver smsc95xx
[    1.694327] usbcore: registered new interface driver net1080
[    1.699982] usbcore: registered new interface driver cdc_subset
[    1.705900] usbcore: registered new interface driver zaurus
[    1.711473] usbcore: registered new interface driver cdc_ncm
[    1.717783] ehci_hcd: USB 2.0 'Enhanced' Host Controller (EHCI) Driver
[    1.724300] ehci-pci: EHCI PCI platform driver
[    1.728742] ehci-platform: EHCI generic platform driver
[    1.734029] ehci-orion: EHCI orion driver
[    1.738079] SPEAr-ehci: EHCI SPEAr driver
[    1.742124] ehci-st: EHCI STMicroelectronics driver
[    1.747040] ehci-exynos: EHCI EXYNOS driver
[    1.751261] ehci-atmel: EHCI Atmel driver
[    1.755309] tegra-ehci: Tegra EHCI driver
[    1.759367] ohci_hcd: USB 1.1 'Open' Host Controller (OHCI) Driver
[    1.765539] ohci-pci: OHCI PCI platform driver
[    1.769981] ohci-platform: OHCI generic platform driver
[    1.775260] SPEAr-ohci: OHCI SPEAr driver
[    1.779303] ohci-st: OHCI STMicroelectronics driver
[    1.784218] ohci-atmel: OHCI Atmel driver
[    1.788465] usbcore: registered new interface driver usb-storage
[    1.795720] elan_i2c 1-0015: 1-0015 supply vcc not found, using dummy regulator
[    1.804371] as3722-rtc as3722-rtc: rtc core: registered as3722-rtc as rtc0
[    1.811230] as3722-rtc as3722-rtc: RTC interrupt 372
[    1.818148] tegra_rtc 7000e000.rtc: rtc core: registered 7000e000.rtc as rtc1
[    1.825289] tegra_rtc 7000e000.rtc: Tegra internal Real Time Clock
[    1.831639] i2c /dev entries driver
[    1.836432] IR NEC protocol handler initialized
[    1.840950] IR RC5(x/sz) protocol handler initialized
[    1.845995] IR RC6 protocol handler initialized
[    1.850512] IR JVC protocol handler initialized
[    1.855034] IR Sony protocol handler initialized
[    1.859637] IR SANYO protocol handler initialized
[    1.864331] IR Sharp protocol handler initialized
[    1.869022] IR MCE Keyboard/mouse protocol handler initialized
[    1.874842] IR XMP protocol handler initialized
[    1.880458] lm90 0-004c: 0-004c supply vcc not found, using dummy regulator
[    1.890771] iommu: Adding device cpufreq-tegra124 to group 69
[    1.897596] sdhci: Secure Digital Host Controller Interface driver
[    1.903775] sdhci: Copyright(c) Pierre Ossman
[    1.908669] Synopsys Designware Multimedia Card Interface Driver
[    1.915120] sdhci-pltfm: SDHCI platform and OF driver helper
[    1.921048] sdhci-tegra 700b0000.sdhci: allocated mmc-pwrseq
[    1.934857] sdhci-tegra 700b0400.sdhci: Got CD GPIO
[    1.939728] sdhci-tegra 700b0400.sdhci: Got WP GPIO
[    1.960486] mmc0: Unknown controller version (3). You may experience problems.
[    1.967726] mmc0: Invalid maximum block size, assuming 512 bytes
[    1.974514] elan_i2c 1-0015: Elan Touchpad: Module ID: 0x002a, Firmware: 0x0005, Sample: 0x0007, IAP: 0x0009
[    1.984448] input: Elan Touchpad as /devices/soc0/7000c400.i2c/i2c-1/1-0015/input/input0
[    2.032370] mmc0: SDHCI controller on 700b0600.sdhci [700b0600.sdhci] using ADMA
[    2.040487] ledtrig-cpu: registered to indicate activity on CPUs
[    2.046591] usbcore: registered new interface driver usbhid
[    2.052148] usbhid: USB HID core driver
[    2.057349] NET: Registered protocol family 10
[    2.062098] Segment Routing with IPv6
[    2.065782] sit: IPv6, IPv4 and MPLS over IPv4 tunneling driver
[    2.071878] NET: Registered protocol family 17
[    2.076319] can: controller area network core (rev 20170425 abi 9)
[    2.082513] NET: Registered protocol family 29
[    2.086945] can: raw protocol (rev 20170425)
[    2.091201] can: broadcast manager protocol (rev 20170425 t)
[    2.096853] can: netlink gateway (rev 20170425) max_hops=1
[    2.102445] Key type dns_resolver registered
[    2.106901] ThumbEE CPU extension supported.
[    2.111161] Registering SWP/SWPB emulation handler
[    2.121922] +3.3V_RUN: supplied by +3.3V_SYS
[    2.127091] +VDD_LED: supplied by +VDD_MUX
[    2.131337] +3.3V_AVDD_HDMI_AP_GATED: supplied by +3.3V_RUN
[    2.136965] +1.8V_RUN_CAM: supplied by +3.3V_RUN
[    2.141598] +VDDIO_SDMMC3: supplied by +3.3V_RUN
[    2.146242] +1.8V_RUN_VPP_FUSE: supplied by +3.3V_RUN
[    2.151499] +5V_VDD_TS_SW: supplied by +5V_SYS
[    2.156303] +5V_USB_HS: supplied by +5V_SYS
[    2.160644] +5V_USB_SS: supplied by +5V_SYS
[    2.165830] +3.3V_PANEL: supplied by +3.3V_RUN
[    2.171459] +3.3V_LP0: supplied by +3.3V_SYS
[    2.174452] mmc0: new high speed MMC card at address 0001
[    2.174890] mmcblk0: mmc0:0001 MMC16G 14.4 GiB 
[    2.175198] mmcblk0boot0: mmc0:0001 MMC16G partition 1 2.00 MiB
[    2.175498] mmcblk0boot1: mmc0:0001 MMC16G partition 2 2.00 MiB
[    2.175663] mmcblk0rpmb: mmc0:0001 MMC16G partition 3 128 KiB
[    2.187324]  mmcblk0: p1 p2 p3 p4 p5 p6 p7 p8 p9 p10 p11 p12
[    2.209825] +1.05V_RUN_AVDD_HDMI_PLL: supplied by +1.05V_RUN
[    2.210021] elan_i2c 1-0015: failed to read report data: -121
[    2.210417] elan_i2c 1-0015: failed to read report data: -121
[    2.227330] +5V_HDMI_CON: supplied by +5V_SYS
[    2.232263]  usb3-0: usb3-0 supply vbus not found, using dummy regulator
[    2.239059]  usb3-1: usb3-1 supply vbus not found, using dummy regulator
[    2.249431] tegra-sor 54540000.sor: failed to probe output: -517
[    2.256218] panel-simple panel: panel supply power not found, using dummy regulator
[    2.264970] sdhci-tegra 700b0000.sdhci: allocated mmc-pwrseq
[    2.278862] mmc1: Unknown controller version (3). You may experience problems.
[    2.286124] mmc1: Invalid maximum block size, assuming 512 bytes
[    2.292414] mmc1: Switching to 3.3V signalling voltage failed
[    2.352451] mmc1: SDHCI controller on 700b0000.sdhci [700b0000.sdhci] using ADMA
[    2.360685] sdhci-tegra 700b0400.sdhci: Got CD GPIO
[    2.365601] sdhci-tegra 700b0400.sdhci: Got WP GPIO
[    2.366126] elan_i2c 1-0015: invalid report id data (ff)
[    2.384339] mmc2: Unknown controller version (3). You may experience problems.
[    2.391638] mmc2: Invalid maximum block size, assuming 512 bytes
[    2.426611] mmc1: new high speed SDIO card at address 0001
[    2.462689] mmc2: SDHCI controller on 700b0400.sdhci [700b0400.sdhci] using ADMA
[    2.565101] [drm] Supports vblank timestamp caching Rev 2 (21.10.2013).
[    2.571704] [drm] No driver support for vblank timestamp query.
[    2.613745] mmc2: new high speed SDHC card at address 0007
[    2.614005] mmcblk2: mmc2:0007 SD08G 7.42 GiB 
[    2.623814] GPT:Primary header alternate_lba != Alt. header my_lba
[    2.623818] GPT:3014591 != 15564799
[    2.623819] GPT:Primary header thinks Alt. header is not at the end of the disk.
[    2.623820] GPT:3014591 != 15564799
[    2.623821] GPT: Use GNU Parted to correct GPT errors.
[    2.623848]  mmcblk2: p1 p2 p3 p4 p5 p6 p7 p8 p9 p10 p11 p12
[    2.660315] Console: switching to colour frame buffer device 170x48
[    2.724439] drm drm: fb0:  frame buffer device
[    2.728922] [drm] Initialized tegra 0.0.0 20120330 for drm on minor 0
[    2.736380] input: gpio-keys as /devices/soc0/gpio-keys/input/input1
[    2.743994] as3722-rtc as3722-rtc: setting system clock to 2000-01-01 00:00:23 UTC (946684823)
[    2.752970] +1.8V_RUN_CAM: disabling
[    2.756737] +3.3V_RUN_CAM: disabling
[    2.760465] +1.2V_RUN_CAM_FRONT: disabling
[    2.764799] +1.05V_RUN_CAM_REAR: disabling
[    2.769047] +2.8V_RUN_TOUCH: disabling
[    2.772986] +2.8V_RUN_CAM_AF: disabling
[    2.776972] +1.8V_RUN_VPP_FUSE: disabling
[    2.781131] +5V_VDD_TS_SW: disabling
[    2.784739] +5V_USB_HS: disabling
[    2.788045] +5V_USB_SS: disabling
[    2.792192] EXT4-fs (mmcblk0p3): couldn't mount as ext3 due to feature incompatibilities
[    2.800832] EXT4-fs (mmcblk0p3): couldn't mount as ext2 due to feature incompatibilities
[    3.195010] EXT4-fs (mmcblk0p3): recovery complete
[    3.199797] EXT4-fs (mmcblk0p3): mounted filesystem with ordered data mode. Opts: (null)
[    3.207929] VFS: Mounted root (ext4 filesystem) on device 179:3.
[    3.215216] devtmpfs: mounted
[    3.218879] Freeing unused kernel memory: 2048K
bash: cannot set terminal process group (-1): Inappropriate ioctl for device
bash: no job control in this shell
root@(none):/# 