[0000.776] [TegraBoot] (version 23.00.2015.14-mobile-1ef66670)
[0000.781] Processing in cold boot mode Bootloader 2
[0000.786] A01Q Bootrom Patch rev = 3
[0000.789] Power-up reason: pmu watchdog
[0000.793] No Battery Present
[0000.796] Platform has Ddr4 type ram
[0000.799] max77620 disabling SD1 Remote Sense
[0000.803] Setting Ddr voltage to 1125mv
[0000.807] Serial Number of Pmic Max77663: 0x40daf
[0000.815] Entering ramdump check
[0000.818] Get RamDumpCarveOut = 0x0
[0000.821] RamDumpCarveOut=0x0,  RamDumperFlag=0xe59ff3f8
[0000.826] Last reboot was clean, booting normally!
[0000.831] Sdram initialization is successful 
[0000.835] SecureOs Carveout Base=0xff800000 Size=0x00800000
[0000.841] GSC1 Carveout Base=0xff700000 Size=0x00100000
[0000.867] GSC2 Carveout Base=0xff600000 Size=0x00100000
[0000.894] GSC3 Carveout Base=0xff500000 Size=0x00100000
[0000.899] GSC4 Carveout Base=0xff400000 Size=0x00100000
[0000.904] GSC5 Carveout Base=0xff300000 Size=0x00100000
[0000.909] BpmpFw Carveout Base=0xff2c0000 Size=0x00040000
[0000.914] Lp0 Carveout Base=0xff2bf000 Size=0x00001000
[0000.930] RamDump Carveout Base=0xff23f000 Size=0x00080000
[0000.935] Platform-DebugCarveout: 0
[0000.939] Nck Carveout Base=0xff03f000 Size=0x00200000
[0000.988] Using GPT Primary to query partitions 
[0000.994] Loading Tboot-CPU binary
[0001.043] Verifying bootloader in OdmNonSecureSBK mode
[0001.052] Bootloader load address is 0xa0000000,                            entry address is 0xa0000258
[0001.062] Bootloader downloaded successfully.
[0001.066] Downloaded Tboot-CPU binary to 0xa0000258
[0001.071] MAX77620_GPIO1 Configured.
[0001.075] MAX77620_GPIO5 Configured.
[0001.078] CPU power rail is up
[0001.081] CPU clock enabled
[0001.085] Performing RAM repair
[0001.088] Updating A64 Warmreset Address to 0xa00002e9
[0001.107] Bootloader DTB Load Address: 0x83000000
[0001.124] Kernel DTB Load Address: 0x83080000
[0001.129] Loading cboot binary
[0001.223] Verifying bootloader in OdmNonSecureSBK mode
[0001.311] Bootloader load address is 0x8010fda8,                            entry address is 0x80110000
[0001.320] Bootloader downloaded successfully.
[0001.324] GPT: Partition NOT found ! 
[0001.328] Find Partition via GPT Failed
[0001.331] function NvTbootGetBinaryOffsets: 0x845208 error
[0001.337] Error in NvTbootLoadBinary: 0x845208 !
[0001.341] GPT: Partition NOT found ! 
[0001.345] No FB partition
[0001.347] Next binary entry address: 0x80110000 
[0001.351] BoardId: 2595
[0001.356] dram memory type is 3
[0001.362] WB0 init successful
[0001.389] Bpmp FW successfully loaded
[0001.392] Set NvDecSticky Bits
[0001.395] GSC1 address : ff700000
[0001.399] GSC2 address : ff600000
[0001.403] GSC3 address : ff500000
[0001.407] GSC4 address : ff400000
[0001.410] GSC5 address : ff300000
[0001.414] GSC MC Settings done
[0001.419] TOS old plaintext Image length 61440
[0001.425] *** Secure OS image signature not verified ***
[0001.430] Loading and Validation of Secure OS Successful
[0001.435] NvTbootPackSdramParams: start. 
[0001.440] NvTbootPackSdramParams: done. 
[0001.444] Tegraboot started after 769174 us
[0001.448] Basic modules init took 350470 us
[0001.452] Sec Bootdevice Read Time = 202 ms, Read Size = 8459 KB
[0001.458] Next stage binary read took 14365 us
[0001.462] Carveout took 252737 us
[0001.465] CPU initialization took 92432 us
[0001.469] Total time taken by TegraBoot 710004 us

[0001.474] Starting CPU & Halting co-processor 

64b[0001.609] LPDDR4 Training: Number of tables = 10
[0001.613] EMC Training (SRC-freq: 204000; DST-freq: 408000)
[0001.620] EMC Training Successful
[0001.623] EMC Training (SRC-freq: 204000; DST-freq: 665600)
[0001.629] EMC Training Successful
[0001.632] EMC Training (SRC-freq: 204000; DST-freq: 800000)
[0001.643] EMC Training Successful
[0001.646] EMC Training (SRC-freq: 204000; DST-freq: 1065600)
[0001.669] EMC Training Successful
[0001.672] EMC Training (SRC-freq: 204000; DST-freq: 1331200)
[0001.693] EMC Training Successful
[0001.696] EMC Training (SRC-freq: 204000; DST-freq: 1600000)
[0001.716] EMC Training Successful
[0001.719] Switching to 800000 KHz Success
[0001.752] LPDDR4 Training: Number of tables = 10


U-Boot 2015.07-rc2-g2ac3917 (Nov 09 2015 - 13:12:08 -0800)

TEGRA210
Model: NVIDIA P2371-0000
DRAM:  3 GiB
MC:   Tegra SD/MMC: 0, Tegra SD/MMC: 1
*** Warning - bad CRC, using default environment

In:    serial
Out:   serial
Err:   serial
Net:   Net Initialization Skipped
No ethernet found.
Hit any key to stop autoboot:  2  0 
Tegra210 (P2371-0000) # 
Tegra210 (P2371-0000) # ums 0 mmc 0
UMS: disk start sector: 0x0, count: 0x1d5a000
|/-\|/-\/-\|/-\/-\|/-\/-\|/-\/-\|/-\/-\|/-\/-\|/-\/-\|/-\/-\|CTRL+C - Operation aborted
Tegra210 (P2371-0000) # 
Tegra210 (P2371-0000) # env set fdt_copy_node_names /cpus:/psci
Tegra210 (P2371-0000) # setenv rootpart 1
Tegra210 (P2371-0000) # setenv devtype mmc
Tegra210 (P2371-0000) # setenv devnum 0
Tegra210 (P2371-0000) # part uuid ${devtype} ${devnum}:${rootpart} uuid
Tegra210 (P2371-0000) # setenv bootargs ignore_loglevel console=ttyS0,115200n8 earlycon=uart8250,mmio32,0x70006000 rw root=PARTUUID=00000000-0001-0000-788f-a75600000000 rootwait debug earlyprintk init=/bin/bash
Tegra210 (P2371-0000) # load ${devtype} ${devnum}:${rootpart} ${kernel_addr_r} /boot/Image.defconfig
16163328 bytes read in 822 ms (18.8 MiB/s)
Tegra210 (P2371-0000) # load ${devtype} ${devnum}:${rootpart} ${fdt_addr_r} /boot/tegra210-p2371-0000.dtb
45170 bytes read in 460 ms (95.7 KiB/s)
Tegra210 (P2371-0000) # load ${devtype} ${devnum}:${rootpart} ${ramdisk_addr_r} /boot/tegra-ramdisk.img
1627787 bytes read in 495 ms (3.1 MiB/s)
Tegra210 (P2371-0000) # ramdisk_size=${filesize}
Tegra210 (P2371-0000) # booti ${kernel_addr_r} - ${fdt_addr_r}
## Flattened Device Tree blob at 82000000
   Booting using the fdt blob at 0x82000000
   Using Device Tree in place at 0000000082000000, end 000000008200e071

Starting kernel ...

[    0.000000] Booting Linux on physical CPU 0x0
[    0.000000] Linux version 4.13.0-187049-g569dbb8 (jonathanh@kaivo) (gcc version 4.9.2 20140904 (prerelease) (crosstool-NG linaro-1.13.1-4.9-2014.09 - Linaro GCC 4.9-2014.09)) #1 SMP PREEMPT Sun Sep 3 14:10:21 PDT 2017
[    0.000000] Boot CPU: AArch64 Processor [411fd071]
[    0.000000] Machine model: NVIDIA Tegra210 P2371 (P2530/P2595) reference design
[    0.000000] debug: ignoring loglevel setting.
[    0.000000] earlycon: uart8250 at MMIO32 0x0000000070006000 (options '')
[    0.000000] bootconsole [uart8250] enabled
[    0.000000] efi: Getting EFI parameters from FDT:
[    0.000000] efi: UEFI not found.
[    0.000000] cma: Reserved 16 MiB at 0x00000000fe000000
[    0.000000] NUMA: No NUMA configuration found
[    0.000000] NUMA: Faking a node at [mem 0x0000000000000000-0x000000013fffffff]
[    0.000000] NUMA: NODE_DATA [mem 0x13ffab080-0x13ffacb7f]
[    0.000000] Zone ranges:
[    0.000000]   DMA      [mem 0x0000000080000000-0x00000000ffffffff]
[    0.000000]   Normal   [mem 0x0000000100000000-0x000000013fffffff]
[    0.000000] Movable zone start for each node
[    0.000000] Early memory node ranges
[    0.000000]   node   0: [mem 0x0000000080000000-0x00000000ff1fffff]
[    0.000000]   node   0: [mem 0x0000000100000000-0x000000013fffffff]
[    0.000000] Initmem setup node 0 [mem 0x0000000080000000-0x000000013fffffff]
[    0.000000] On node 0 totalpages: 782848
[    0.000000]   DMA zone: 8192 pages used for memmap
[    0.000000]   DMA zone: 0 pages reserved
[    0.000000]   DMA zone: 520704 pages, LIFO batch:31
[    0.000000]   Normal zone: 4096 pages used for memmap
[    0.000000]   Normal zone: 262144 pages, LIFO batch:31
[    0.000000] psci: probing for conduit method from DT.
[    0.000000] psci: PSCIv0.2 detected in firmware.
[    0.000000] psci: Using standard PSCI v0.2 function IDs
[    0.000000] psci: MIGRATE_INFO_TYPE not supported.
[    0.000000] percpu: Embedded 26 pages/cpu @ffff8000bff40000 s67456 r8192 d30848 u106496
[    0.000000] pcpu-alloc: s67456 r8192 d30848 u106496 alloc=26*4096
[    0.000000] pcpu-alloc: [0] 0 [0] 1 [0] 2 [0] 3 
[    0.000000] Detected PIPT I-cache on CPU0
[    0.000000] CPU features: enabling workaround for ARM erratum 832075
[    0.000000] CPU features: enabling workaround for ARM erratum 834220
[    0.000000] Built 1 zonelists in Node order, mobility grouping on.  Total pages: 770560
[    0.000000] Policy zone: Normal
[    0.000000] Kernel command line: ignore_loglevel console=ttyS0,115200n8 earlycon=uart8250,mmio32,0x70006000 rw root=PARTUUID=00000000-0001-0000-788f-a75600000000 rootwait debug earlyprintk init=/bin/bash
[    0.000000] PID hash table entries: 4096 (order: 3, 32768 bytes)
[    0.000000] software IO TLB [mem 0xfa000000-0xfe000000] (64MB) mapped at [ffff80007a000000-ffff80007dffffff]
[    0.000000] Memory: 2982844K/3131392K available (9084K kernel code, 1128K rwdata, 4448K rodata, 1088K init, 403K bss, 132164K reserved, 16384K cma-reserved)
[    0.000000] Virtual kernel memory layout:
[    0.000000]     modules : 0xffff000000000000 - 0xffff000008000000   (   128 MB)
[    0.000000]     vmalloc : 0xffff000008000000 - 0xffff7dffbfff0000   (129022 GB)
[    0.000000]       .text : 0xffff000008080000 - 0xffff000008960000   (  9088 KB)
[    0.000000]     .rodata : 0xffff000008960000 - 0xffff000008dc0000   (  4480 KB)
[    0.000000]       .init : 0xffff000008dc0000 - 0xffff000008ed0000   (  1088 KB)
[    0.000000]       .data : 0xffff000008ed0000 - 0xffff000008fea200   (  1129 KB)
[    0.000000]        .bss : 0xffff000008fea200 - 0xffff00000904f070   (   404 KB)
[    0.000000]     fixed   : 0xffff7dfffe7fd000 - 0xffff7dfffec00000   (  4108 KB)
[    0.000000]     PCI I/O : 0xffff7dfffee00000 - 0xffff7dffffe00000   (    16 MB)
[    0.000000]     vmemmap : 0xffff7e0000000000 - 0xffff800000000000   (  2048 GB maximum)
[    0.000000]               0xffff7e0000000000 - 0xffff7e0003000000   (    48 MB actual)
[    0.000000]     memory  : 0xffff800000000000 - 0xffff8000c0000000   (  3072 MB)
[    0.000000] SLUB: HWalign=64, Order=0-3, MinObjects=0, CPUs=4, Nodes=1
[    0.000000] Preemptible hierarchical RCU implementation.
[    0.000000] 	RCU restricting CPUs from NR_CPUS=64 to nr_cpu_ids=4.
[    0.000000] RCU: Adjusting geometry for rcu_fanout_leaf=16, nr_cpu_ids=4
[    0.000000] NR_IRQS: 64, nr_irqs: 64, preallocated irqs: 0
[    0.000000] GIC: Using split EOI/Deactivate mode
[    0.000000] /interrupt-controller@60004000: 192 interrupts forwarded to /interrupt-controller@50041000
[    0.000000] boot misc1 0x0: expected 0x20
[    0.000000]  (comparison mask = 0xffffff)
[    0.000000] PLL_X already enabled. Postponing set full defaults
[    0.000000] arch_timer: cp15 timer(s) running at 19.20MHz (phys).
[    0.000000] clocksource: arch_sys_counter: mask: 0xffffffffffffff max_cycles: 0x46d987e47, max_idle_ns: 440795202767 ns
[    0.000005] sched_clock: 56 bits at 19MHz, resolution 52ns, wraps every 4398046511078ns
[    0.008433] Console: colour dummy device 80x25
[    0.013071] Calibrating delay loop (skipped), value calculated using timer frequency.. 38.40 BogoMIPS (lpj=76800)
[    0.023686] pid_max: default: 32768 minimum: 301
[    0.028536] Security Framework initialized
[    0.035325] Dentry cache hash table entries: 524288 (order: 10, 4194304 bytes)
[    0.044071] Inode-cache hash table entries: 262144 (order: 9, 2097152 bytes)
[    0.051424] Mount-cache hash table entries: 8192 (order: 4, 65536 bytes)
[    0.058396] Mountpoint-cache hash table entries: 8192 (order: 4, 65536 bytes)
[    0.081854] ASID allocator initialised with 65536 entries
[    0.087511] Hierarchical SRCU implementation.
[    0.100972] Speedo Revision 4
[    0.104058] Tegra Revision: A01 SKU: 1 CPU Process: -22 SoC Process: -22
[    0.111895] EFI services will not be available.
[    0.124609] smp: Bringing up secondary CPUs ...
[    0.157435] Detected PIPT I-cache on CPU1
[    0.157477] CPU1: Booted secondary processor [411fd071]
[    0.185489] Detected PIPT I-cache on CPU2
[    0.185521] CPU2: Booted secondary processor [411fd071]
[    0.213552] Detected PIPT I-cache on CPU3
[    0.213582] CPU3: Booted secondary processor [411fd071]
[    0.213649] smp: Brought up 1 node, 4 CPUs
[    0.246539] SMP: Total of 4 processors activated.
[    0.251404] CPU features: detected feature: 32-bit EL0 Support
[    0.257607] CPU: All CPU(s) started at EL2
[    0.261860] alternatives: patching kernel code
[    0.270735] devtmpfs: initialized
[    0.282176] clocksource: jiffies: mask: 0xffffffff max_cycles: 0xffffffff, max_idle_ns: 7645041785100000 ns
[    0.292310] futex hash table entries: 1024 (order: 5, 131072 bytes)
[    0.299218] pinctrl core: initialized pinctrl subsystem
[    0.304798] random: fast init done
[    0.306037] DMI not present or invalid.
[    0.306333] NET: Registered protocol family 16
[    0.318379] cpuidle: using governor menu
[    0.323304] vdso: 2 pages (1 code @ ffff000008966000, 1 data @ ffff000008ed5000)
[    0.330977] hw-breakpoint: found 6 breakpoint and 4 watchpoint registers.
[    0.338946] DMA: preallocated 256 KiB pool for atomic allocations
[    0.346732] Serial: AMBA PL011 UART driver
[    0.373721] HugeTLB registered 2.00 MiB page size, pre-allocated 0 pages
[    0.381688] ACPI: Interpreter disabled.
[    0.386705] vgaarb: loaded
[    0.389826] SCSI subsystem initialized
[    0.393850] libata version 3.00 loaded.
[    0.398139] usbcore: registered new interface driver usbfs
[    0.403864] usbcore: registered new interface driver hub
[    0.409469] usbcore: registered new device driver usb
[    0.415554] pps_core: LinuxPPS API ver. 1 registered
[    0.420698] pps_core: Software ver. 5.3.6 - Copyright 2005-2007 Rodolfo Giometti <giometti@linux.it>
[    0.430160] PTP clock support registered
[    0.434338] EDAC MC: Ver: 3.0.0
[    0.437837] dmi: Firmware registration failed.
[    0.442680] Advanced Linux Sound Architecture Driver Initialized.
[    0.449627] clocksource: Switched to clocksource arch_sys_counter
[    0.456086] VFS: Disk quotas dquot_6.6.0
[    0.460209] VFS: Dquot-cache hash table entries: 512 (order 0, 4096 bytes)
[    0.467549] pnp: PnP ACPI: disabled
[    0.477895] NET: Registered protocol family 2
[    0.482941] TCP established hash table entries: 32768 (order: 6, 262144 bytes)
[    0.490734] TCP bind hash table entries: 32768 (order: 7, 524288 bytes)
[    0.497873] TCP: Hash tables configured (established 32768 bind 32768)
[    0.504771] UDP hash table entries: 2048 (order: 4, 65536 bytes)
[    0.511064] UDP-Lite hash table entries: 2048 (order: 4, 65536 bytes)
[    0.517887] NET: Registered protocol family 1
[    0.522693] RPC: Registered named UNIX socket transport module.
[    0.528829] RPC: Registered udp transport module.
[    0.533699] RPC: Registered tcp transport module.
[    0.538570] RPC: Registered tcp NFSv4.1 backchannel transport module.
[    0.545240] PCI: CLS 0 bytes, default 128
[    0.550018] kvm [1]: 8-bit VMID
[    0.553261] kvm [1]: IDMAP page: 80950000
[    0.557421] kvm [1]: HYP VA range: 800000000000:ffffffffffff
[    0.564135] kvm [1]: Hyp mode initialized successfully
[    0.569504] kvm [1]: vgic-v2@50044000
[    0.573397] kvm [1]: vgic interrupt IRQ1
[    0.577473] kvm [1]: virtual timer IRQ4
[    0.583643] audit: initializing netlink subsys (disabled)
[    0.589339] audit: type=2000 audit(0.523:1): state=initialized audit_enabled=0 res=1
[    0.589588] workingset: timestamp_bits=44 max_order=20 bucket_order=0
[    0.596161] squashfs: version 4.0 (2009/01/31) Phillip Lougher
[    0.596763] NFS: Registering the id_resolver key type
[    0.596787] Key type id_resolver registered
[    0.596790] Key type id_legacy registered
[    0.596801] nfs4filelayout_init: NFSv4 File Layout Driver Registering...
[    0.596930] 9p: Installing v9fs 9p2000 file system support
[    0.599281] Block layer SCSI generic (bsg) driver version 0.4 loaded (major 247)
[    0.599287] io scheduler noop registered
[    0.599485] io scheduler cfq registered (default)
[    0.599489] io scheduler mq-deadline registered
[    0.599493] io scheduler kyber registered
[    0.616979] tegra-apbdma 60020000.dma: Tegra20 APB DMA driver register 32 channels
[    0.618729] tegra-pmc 7000e400.pmc: i2c-thermtrip node not found, emergency thermal reset disabled.
[    0.622300] Serial: 8250/16550 driver, 4 ports, IRQ sharing enabled
[    0.623887] console [ttyS0] disabled
[    0.689309] 70006000.serial: ttyS0 at MMIO 0x70006000 (irq = 313, base_baud = 25500000) is a Tegra
[    0.698622] console [ttyS0] enabled
[    0.698622] console [ttyS0] enabled
[    0.705710] bootconsole [uart8250] disabled
[    0.705710] bootconsole [uart8250] disabled
[    0.714574] SuperH (H)SCI(F) driver initialized
[    0.719379] msm_serial: driver initialized
[    0.723963] cacheinfo: Unable to detect cache hierarchy for CPU 0
[    0.735368] loop: module loaded
[    0.739131] hisi_sas: driver version v1.6
[    0.745128] libphy: Fixed MDIO Bus: probed
[    0.749785] tun: Universal TUN/TAP device driver, 1.6
[    0.755576] e1000e: Intel(R) PRO/1000 Network Driver - 3.2.6-k
[    0.761417] e1000e: Copyright(c) 1999 - 2015 Intel Corporation.
[    0.767388] igb: Intel(R) Gigabit Ethernet Network Driver - version 5.4.0-k
[    0.774351] igb: Copyright (c) 2007-2014 Intel Corporation.
[    0.779961] igbvf: Intel(R) Gigabit Virtual Function Network Driver - version 2.4.0-k
[    0.787791] igbvf: Copyright (c) 2009 - 2012 Intel Corporation.
[    0.793960] sky2: driver version 1.30
[    0.797998] VFIO - User Level meta-driver version: 0.3
[    0.804084] ehci_hcd: USB 2.0 'Enhanced' Host Controller (EHCI) Driver
[    0.810620] ehci-pci: EHCI PCI platform driver
[    0.815102] ehci-platform: EHCI generic platform driver
[    0.820421] ehci-orion: EHCI orion driver
[    0.824500] ehci-exynos: EHCI EXYNOS driver
[    0.828753] ehci-msm: Qualcomm On-Chip EHCI Host Controller
[    0.834386] ohci_hcd: USB 1.1 'Open' Host Controller (OHCI) Driver
[    0.840577] ohci-pci: OHCI PCI platform driver
[    0.845059] ohci-platform: OHCI generic platform driver
[    0.850361] ohci-exynos: OHCI EXYNOS driver
[    0.854886] usbcore: registered new interface driver usb-storage
[    0.862665] tegra_rtc 7000e000.rtc: rtc core: registered 7000e000.rtc as rtc1
[    0.869845] tegra_rtc 7000e000.rtc: Tegra internal Real Time Clock
[    0.876150] i2c /dev entries driver
[    0.882006] sdhci: Secure Digital Host Controller Interface driver
[    0.888188] sdhci: Copyright(c) Pierre Ossman
[    0.892748] Synopsys Designware Multimedia Card Interface Driver
[    0.899304] sdhci-pltfm: SDHCI platform and OF driver helper
[    0.913312] mmc0: Unknown controller version (3). You may experience problems.
[    0.965682] mmc0: SDHCI controller on 700b0600.sdhci [700b0600.sdhci] using ADMA 64-bit
[    0.977685] ledtrig-cpu: registered to indicate activity on CPUs
[    0.984891] usbcore: registered new interface driver usbhid
[    0.990473] usbhid: USB HID core driver
[    0.996074] NET: Registered protocol family 17
[    1.000603] 9pnet: Installing 9P2000 support
[    1.004928] Key type dns_resolver registered
[    1.009838] registered taskstats version 1
[    1.022174] hctosys: unable to open rtc device (rtc0)
[    1.027781] ALSA device list:
[    1.030757]   No soundcards found.
[    1.034401] Waiting for root device PARTUUID=00000000-0001-0000-788f-a75600000000...
[    1.047921] mmc0: new high speed MMC card at address 0001
[    1.053693] mmcblk0: mmc0:0001 SDW16G 14.7 GiB 
[    1.058360] mmcblk0boot0: mmc0:0001 SDW16G partition 1 4.00 MiB
[    1.064411] mmcblk0boot1: mmc0:0001 SDW16G partition 2 4.00 MiB
[    1.070454] mmcblk0rpmb: mmc0:0001 SDW16G partition 3 4.00 MiB
[    1.078700]  mmcblk0: p1 p2 p3 p4 p5 p6 p7 p8 p9 p10 p11 p12 p13 p14 p15 p16 p17 p18
[    1.095562] EXT4-fs (mmcblk0p1): couldn't mount as ext3 due to feature incompatibilities
[    1.120400] EXT4-fs (mmcblk0p1): mounted filesystem with ordered data mode. Opts: (null)
[    1.128522] VFS: Mounted root (ext4 filesystem) on device 179:1.
[    1.138719] devtmpfs: mounted
[    1.142341] Freeing unused kernel memory: 1088K
bash: cannot set terminal process group (-1): Inappropriate ioctl for device
bash: no job control in this shell
root@(none):/# 