
U-Boot SPL 2016.05-rc2 (Apr 21 2016 - 16:23:00)
Trying to boot from RAM


U-Boot 2016.05-rc2 (Apr 21 2016 - 16:23:00 -0700)

TEGRA124
Model: NVIDIA Jetson TK1
Board: NVIDIA Jetson TK1
DRAM:  2 GiB
MMC:   Tegra SD/MMC: 0, Tegra SD/MMC: 1
In:    serial
Out:   serial
Err:   serial
Net:   No ethernet found.
Hit any key to stop autoboot:  2  0 
Tegra124 (Jetson TK1) # 
Tegra124 (Jetson TK1) # pci enum
Tegra124 (Jetson TK1) # setenv bootargs 'ignore_loglevel console=ttyS0,115200n8 rw root=PARTUUID=b1791faa-84e8-4e27-83a1-9fb0a77e8803 rootwait gpt debug noinitrd earlyprintk init=/bin/bash'
Tegra124 (Jetson TK1) # setenv ipaddr 192.168.100.102; setenv serverip 192.168.100.1; setenv tftpserverip 192.168.100.1
Tegra124 (Jetson TK1) # tftpboot 0x82000000 zImage.multi_v7_defconfig

Warning: eth_rtl8169 using MAC address from ROM
Using eth_rtl8169 device
TFTP from server 192.168.100.1; our IP address is 192.168.100.102
Filename 'zImage.multi_v7_defconfig'.
Load address: 0x82000000
Loading: *#################################################################
	 #################################################################
	 #################################################################
	 #################################################################
	 #################################################################
	 #################################################################
	 #################################################################
	 #################################################################
	 ##############################
	 3.8 MiB/s
done
Bytes transferred = 8061440 (7b0200 hex)
Tegra124 (Jetson TK1) # tftpboot 0x83000000 tegra124-jetson-tk1.dtb
Using eth_rtl8169 device
TFTP from server 192.168.100.1; our IP address is 192.168.100.102
Filename 'tegra124-jetson-tk1.dtb'.
Load address: 0x83000000
Loading: *#####
	 3.7 MiB/s
done
Bytes transferred = 66544 (103f0 hex)
Tegra124 (Jetson TK1) # bootz 0x82000000 - 0x83000000
Kernel image @ 0x82000000 [ 0x000000 - 0x7b0200 ]
## Flattened Device Tree blob at 83000000
   Booting using the fdt blob at 0x83000000
   Using Device Tree in place at 83000000, end 830133ef

Starting kernel ...

[    0.000000] Booting Linux on physical CPU 0x0
[    0.000000] Linux version 4.15.0-rc2-333901-gae64f9bd1d36 (jonathanh@tamien) (gcc version 4.7.3 20130328 (prerelease) (crosstool-NG linaro-1.13.1-4.7-2013.04-20130415 - Linaro GCC 2013.04)) #1 SMP Mon Dec 4 14:01:38 PST 2017
[    0.000000] CPU: ARMv7 Processor [413fc0f3] revision 3 (ARMv7), cr=10c5387d
[    0.000000] CPU: div instructions available: patching division code
[    0.000000] CPU: PIPT / VIPT nonaliasing data cache, PIPT instruction cache
[    0.000000] OF: fdt: Machine model: NVIDIA Tegra124 Jetson TK1
[    0.000000] debug: ignoring loglevel setting.
[    0.000000] Memory policy: Data cache writealloc
[    0.000000] efi: Getting EFI parameters from FDT:
[    0.000000] efi: UEFI not found.
[    0.000000] cma: Reserved 64 MiB at 0xfb800000
[    0.000000] On node 0 totalpages: 524032
[    0.000000]   DMA zone: 1536 pages used for memmap
[    0.000000]   DMA zone: 0 pages reserved
[    0.000000]   DMA zone: 196608 pages, LIFO batch:31
[    0.000000]   HighMem zone: 327424 pages, LIFO batch:31
[    0.000000] random: fast init done
[    0.000000] percpu: Embedded 17 pages/cpu @(ptrval) s39040 r8192 d22400 u69632
[    0.000000] pcpu-alloc: s39040 r8192 d22400 u69632 alloc=17*4096
[    0.000000] pcpu-alloc: [0] 0 [0] 1 [0] 2 [0] 3 
[    0.000000] Built 1 zonelists, mobility grouping on.  Total pages: 522496
[    0.000000] Kernel command line: ignore_loglevel console=ttyS0,115200n8 rw root=PARTUUID=b1791faa-84e8-4e27-83a1-9fb0a77e8803 rootwait gpt debug noinitrd earlyprintk init=/bin/bash
[    0.000000] Dentry cache hash table entries: 131072 (order: 7, 524288 bytes)
[    0.000000] Inode-cache hash table entries: 65536 (order: 6, 262144 bytes)
[    0.000000] Memory: 1992440K/2096128K available (11264K kernel code, 1602K rwdata, 4296K rodata, 2048K init, 404K bss, 38152K reserved, 65536K cma-reserved, 1244160K highmem)
[    0.000000] Virtual kernel memory layout:
[    0.000000]     vector  : 0xffff0000 - 0xffff1000   (   4 kB)
[    0.000000]     fixmap  : 0xffc00000 - 0xfff00000   (3072 kB)
[    0.000000]     vmalloc : 0xf0800000 - 0xff800000   ( 240 MB)
[    0.000000]     lowmem  : 0xc0000000 - 0xf0000000   ( 768 MB)
[    0.000000]     pkmap   : 0xbfe00000 - 0xc0000000   (   2 MB)
[    0.000000]     modules : 0xbf000000 - 0xbfe00000   (  14 MB)
[    0.000000]       .text : 0x(ptrval) - 0x(ptrval)   (12256 kB)
[    0.000000]       .init : 0x(ptrval) - 0x(ptrval)   (2048 kB)
[    0.000000]       .data : 0x(ptrval) - 0x(ptrval)   (1603 kB)
[    0.000000]        .bss : 0x(ptrval) - 0x(ptrval)   ( 405 kB)
[    0.000000] SLUB: HWalign=64, Order=0-3, MinObjects=0, CPUs=4, Nodes=1
[    0.000000] Hierarchical RCU implementation.
[    0.000000] 	RCU event tracing is enabled.
[    0.000000] 	RCU restricting CPUs from NR_CPUS=16 to nr_cpu_ids=4.
[    0.000000] RCU: Adjusting geometry for rcu_fanout_leaf=16, nr_cpu_ids=4
[    0.000000] NR_IRQS: 16, nr_irqs: 16, preallocated irqs: 16
[    0.000000] /interrupt-controller@60004000: 160 interrupts forwarded to /interrupt-controller@50041000
[    0.000000] Tegra clk 127: register failed with -17
[    0.000008] sched_clock: 32 bits at 1000kHz, resolution 1000ns, wraps every 2147483647500ns
[    0.000027] clocksource: timer_us: mask: 0xffffffff max_cycles: 0xffffffff, max_idle_ns: 1911260446275 ns
[    0.000042] Switching to timer-based delay loop, resolution 1000ns
[    0.005660] arch_timer: cp15 timer(s) running at 12.00MHz (virt).
[    0.005680] clocksource: arch_sys_counter: mask: 0xffffffffffffff max_cycles: 0x2c47f4ee7, max_idle_ns: 440795202497 ns
[    0.005699] sched_clock: 56 bits at 12MHz, resolution 83ns, wraps every 4398046511096ns
[    0.005713] Switching to timer-based delay loop, resolution 83ns
[    0.006200] Console: colour dummy device 80x30
[    0.006234] Calibrating delay loop (skipped), value calculated using timer frequency.. 24.00 BogoMIPS (lpj=120000)
[    0.006251] pid_max: default: 32768 minimum: 301
[    0.006344] Mount-cache hash table entries: 2048 (order: 1, 8192 bytes)
[    0.006359] Mountpoint-cache hash table entries: 2048 (order: 1, 8192 bytes)
[    0.006862] CPU: Testing write buffer coherency: ok
[    0.007121] /cpus/cpu@0 missing clock-frequency property
[    0.007165] /cpus/cpu@1 missing clock-frequency property
[    0.007209] /cpus/cpu@2 missing clock-frequency property
[    0.007253] /cpus/cpu@3 missing clock-frequency property
[    0.007267] CPU0: thread -1, cpu 0, socket 0, mpidr 80000000
[    0.007579] Setting up static identity map for 0x80300000 - 0x803000a0
[    0.009601] Hierarchical SRCU implementation.
[    0.011563] Tegra Revision: A01 SKU: 129 CPU Process: 1 SoC Process: 1
[    0.012356] EFI services will not be available.
[    0.012511] smp: Bringing up secondary CPUs ...
[    0.013070] CPU1: thread -1, cpu 1, socket 0, mpidr 80000001
[    0.016179] CPU2: thread -1, cpu 2, socket 0, mpidr 80000002
[    0.026217] CPU3: thread -1, cpu 3, socket 0, mpidr 80000003
[    0.035658] smp: Brought up 1 node, 4 CPUs
[    0.035679] SMP: Total of 4 processors activated (96.00 BogoMIPS).
[    0.035688] CPU: All CPU(s) started in SVC mode.
[    0.037194] devtmpfs: initialized
[    0.050666] VFP support v0.3: implementor 41 architecture 4 part 30 variant f rev 0
[    0.051050] clocksource: jiffies: mask: 0xffffffff max_cycles: 0xffffffff, max_idle_ns: 19112604462750000 ns
[    0.051069] futex hash table entries: 1024 (order: 4, 65536 bytes)
[    0.052503] pinctrl core: initialized pinctrl subsystem
[    0.054075] DMI not present or invalid.
[    0.054323] NET: Registered protocol family 16
[    0.056525] DMA: preallocated 256 KiB pool for atomic coherent allocations
[    0.058946] cpuidle: using governor menu
[    0.084409] No ATAGs?
[    0.084539] hw-breakpoint: found 5 (+1 reserved) breakpoint and 4 watchpoint registers.
[    0.084555] hw-breakpoint: maximum watchpoint size is 8 bytes.
[    0.092146] Serial: AMBA PL011 UART driver
[    0.093550] iommu: Adding device reg-dummy to group 0
[    0.093592] iommu: Adding device 1003000.pcie to group 1
[    0.093667] iommu: Adding device 50000000.host1x to group 2
[    0.093743] iommu: Adding device 54200000.dc to group 3
[    0.093812] iommu: Adding device 54240000.dc to group 4
[    0.093846] iommu: Adding device 54280000.hdmi to group 5
[    0.093916] iommu: Adding device 57000000.gpu to group 6
[    0.093953] iommu: Adding device 60005000.timer to group 7
[    0.093985] iommu: Adding device 60007000.flow-controller to group 8
[    0.094016] iommu: Adding device 6000c800.actmon to group 9
[    0.094048] iommu: Adding device 6000d000.gpio to group 10
[    0.094080] iommu: Adding device 60020000.dma to group 11
[    0.094111] iommu: Adding device 70000800.apbmisc to group 12
[    0.094147] iommu: Adding device 70000868.pinmux to group 13
[    0.094179] iommu: Adding device 70006000.serial to group 14
[    0.094210] iommu: Adding device 70006040.serial to group 15
[    0.094245] iommu: Adding device 70006300.serial to group 16
[    0.094275] iommu: Adding device 7000c000.i2c to group 17
[    0.094305] iommu: Adding device 7000c400.i2c to group 18
[    0.094336] iommu: Adding device 7000c500.i2c to group 19
[    0.094367] iommu: Adding device 7000c700.i2c to group 20
[    0.094398] iommu: Adding device 7000d000.i2c to group 21
[    0.094429] iommu: Adding device 7000d400.spi to group 22
[    0.094461] iommu: Adding device 7000da00.spi to group 23
[    0.094498] iommu: Adding device 7000e000.rtc to group 24
[    0.094529] iommu: Adding device 7000e400.pmc to group 25
[    0.094560] iommu: Adding device 7000f800.fuse to group 26
[    0.094592] iommu: Adding device 70019000.memory-controller to group 27
[    0.094622] iommu: Adding device 7001b000.emc to group 28
[    0.094653] iommu: Adding device 70027000.sata to group 29
[    0.094684] iommu: Adding device 70030000.hda to group 30
[    0.094719] iommu: Adding device 70090000.usb to group 31
[    0.094750] iommu: Adding device 7009f000.padctl to group 32
[    0.094784] iommu: Adding device 700b0400.sdhci to group 33
[    0.094820] iommu: Adding device 700b0600.sdhci to group 34
[    0.094852] iommu: Adding device 70015000.cec to group 35
[    0.094883] iommu: Adding device 700e2000.thermal-sensor to group 36
[    0.094913] iommu: Adding device 70110000.clock to group 37
[    0.094944] iommu: Adding device 70300000.ahub to group 38
[    0.094974] iommu: Adding device 7d000000.usb to group 39
[    0.095006] iommu: Adding device 7d000000.usb-phy to group 40
[    0.095041] iommu: Adding device 7d004000.usb to group 41
[    0.095072] iommu: Adding device 7d004000.usb-phy to group 42
[    0.095103] iommu: Adding device 7d008000.usb to group 43
[    0.095134] iommu: Adding device 7d008000.usb-phy to group 44
[    0.095170] iommu: Adding device pmu to group 45
[    0.095201] iommu: Adding device timer to group 46
[    0.095231] iommu: Adding device clocks to group 47
[    0.095263] iommu: Adding device gpio-keys to group 48
[    0.095297] iommu: Adding device regulators to group 49
[    0.095329] iommu: Adding device regulators:regulator@0 to group 50
[    0.095359] iommu: Adding device regulators:regulator@1 to group 51
[    0.095390] iommu: Adding device regulators:regulator@2 to group 52
[    0.095421] iommu: Adding device regulators:regulator@3 to group 53
[    0.095451] iommu: Adding device regulators:regulator@4 to group 54
[    0.095482] iommu: Adding device regulators:regulator@7 to group 55
[    0.095518] iommu: Adding device regulators:regulator@8 to group 56
[    0.095550] iommu: Adding device regulators:regulator@10 to group 57
[    0.095584] iommu: Adding device regulators:regulator@11 to group 58
[    0.095615] iommu: Adding device regulators:regulator@12 to group 59
[    0.095647] iommu: Adding device regulators:regulator@13 to group 60
[    0.095708] iommu: Adding device regulators:regulator@14 to group 61
[    0.095744] iommu: Adding device sound to group 62
[    0.110819] AT91: Could not find identification node
[    0.111382] +5V_SYS: supplied by +VDD_MUX
[    0.111667] +3.3V_SYS: supplied by +VDD_MUX
[    0.112286] +USB0_VBUS_SW: Failed to request enable GPIO108: -517
[    0.112302] reg-fixed-voltage regulators:regulator@7: Failed to register regulator: -517
[    0.112402] +5V_USB_HS: Failed to request enable GPIO109: -517
[    0.112416] reg-fixed-voltage regulators:regulator@8: Failed to register regulator: -517
[    0.112602] +1.05V_RUN_AVDD_HDMI_PLL: Failed to request enable GPIO63: -517
[    0.112617] reg-fixed-voltage regulators:regulator@11: Failed to register regulator: -517
[    0.112714] +5V_HDMI_CON: Failed to request enable GPIO86: -517
[    0.112728] reg-fixed-voltage regulators:regulator@12: Failed to register regulator: -517
[    0.112824] +5V_SATA: Failed to request enable GPIO242: -517
[    0.112837] reg-fixed-voltage regulators:regulator@13: Failed to register regulator: -517
[    0.112933] +12V_SATA: Failed to request enable GPIO242: -517
[    0.112946] reg-fixed-voltage regulators:regulator@14: Failed to register regulator: -517
[    0.116007] vgaarb: loaded
[    0.116735] SCSI subsystem initialized
[    0.116912] libata version 3.00 loaded.
[    0.117110] usbcore: registered new interface driver usbfs
[    0.117158] usbcore: registered new interface driver hub
[    0.117220] usbcore: registered new device driver usb
[    0.120686] pps_core: LinuxPPS API ver. 1 registered
[    0.120698] pps_core: Software ver. 5.3.6 - Copyright 2005-2007 Rodolfo Giometti <giometti@linux.it>
[    0.120720] PTP clock support registered
[    0.120911] EDAC MC: Ver: 3.0.0
[    0.121185] dmi: Firmware registration failed.
[    0.123776] clocksource: Switched to clocksource arch_sys_counter
[    0.173742] NET: Registered protocol family 2
[    0.174256] TCP established hash table entries: 8192 (order: 3, 32768 bytes)
[    0.174357] TCP bind hash table entries: 8192 (order: 4, 65536 bytes)
[    0.174544] TCP: Hash tables configured (established 8192 bind 8192)
[    0.174628] UDP hash table entries: 512 (order: 2, 16384 bytes)
[    0.174673] UDP-Lite hash table entries: 512 (order: 2, 16384 bytes)
[    0.174818] NET: Registered protocol family 1
[    0.175143] RPC: Registered named UNIX socket transport module.
[    0.175153] RPC: Registered udp transport module.
[    0.175162] RPC: Registered tcp transport module.
[    0.175171] RPC: Registered tcp NFSv4.1 backchannel transport module.
[    0.175183] PCI: CLS 0 bytes, default 64
[    0.176676] hw perfevents: enabled with armv7_cortex_a15 PMU driver, 7 counters available
[    0.177433] iommu: Adding device alarmtimer to group 63
[    0.178224] Initialise system trusted keyrings
[    0.178355] workingset: timestamp_bits=30 max_order=19 bucket_order=0
[    0.184062] squashfs: version 4.0 (2009/01/31) Phillip Lougher
[    0.184625] NFS: Registering the id_resolver key type
[    0.184646] Key type id_resolver registered
[    0.184656] Key type id_legacy registered
[    0.184696] ntfs: driver 2.1.32 [Flags: R/O].
[    0.186213] Key type asymmetric registered
[    0.186224] Asymmetric key parser 'x509' registered
[    0.186277] bounce: pool size: 64 pages
[    0.186323] Block layer SCSI generic (bsg) driver version 0.4 loaded (major 247)
[    0.186335] io scheduler noop registered
[    0.186344] io scheduler deadline registered
[    0.186565] io scheduler cfq registered (default)
[    0.186576] io scheduler mq-deadline registered
[    0.186585] io scheduler kyber registered
[    0.190711]  usb2-0: usb2-0 supply vbus not found, using dummy regulator
[    0.190815]  usb2-1: usb2-1 supply vbus not found, using dummy regulator
[    0.191191] tegra-xusb-padctl 7009f000.padctl: failed to setup XUSB ports: -517
[    0.210432] tegra-pcie 1003000.pcie: 2x1, 1x1 configuration
[    0.210492] tegra-pcie 1003000.pcie: Failed to get supply 'avddio-pex': -517
[    0.216985] tegra124-dfll 70110000.clock: couldn't get vdd_cpu regulator
[    0.223479] tegra-apbdma 60020000.dma: Tegra20 APB DMA driver register 32 channels
[    0.226883] tegra-pmc 7000e400.pmc: emergency thermal reset enabled
[    0.277842] Serial: 8250/16550 driver, 4 ports, IRQ sharing disabled
[    0.277939] iommu: Adding device serial8250 to group 64
[    0.280475] console [ttyS0] disabled
[    0.280515] 70006300.serial: ttyS0 at MMIO 0x70006300 (irq = 335, base_baud = 25500000) is a Tegra
[    1.549650] console [ttyS0] enabled
[    1.554058] SuperH (H)SCI(F) driver initialized
[    1.559705] msm_serial: driver initialized
[    1.564011] STMicroelectronics ASC driver initialized
[    1.569744] 70006000.serial: ttyTHS1 at MMIO 0x70006000 (irq = 333, base_baud = 0) is a TEGRA_UART
[    1.579001] 70006040.serial: ttyTHS2 at MMIO 0x70006040 (irq = 334, base_baud = 0) is a TEGRA_UART
[    1.610182] tegra-hdmi 54280000.hdmi: failed to get HDMI regulator
[    1.627025] brd: module loaded
[    1.636365] loop: module loaded
[    1.640734] at24 0-0056: 256 byte 24c02 EEPROM, writable, 8 bytes/write
[    1.649078] as3722 4-0040: AS3722 with revision 0x1 found
[    1.656463] iommu: Adding device as3722-pinctrl to group 65
[    1.663504] iommu: Adding device as3722-regulator to group 66
[    1.672138] as3722-sd2: supplied by +5V_SYS
[    1.676793] as3722-sd3: supplied by +5V_SYS
[    1.681188] +1.35V_LP0(sd3): Bringing 0uV into 1350000-1350000uV
[    1.687539] as3722-sd4: supplied by +5V_SYS
[    1.692118] as3722-sd5: supplied by +5V_SYS
[    1.698103] as3722-ldo0: supplied by +1.35V_LP0(sd2)
[    1.704126] +1.8V_RUN_CAM: Bringing 0uV into 1800000-1800000uV
[    1.710298] as3722-ldo2: supplied by +1.8V_VDDIO
[    1.716178] as3722-ldo3: supplied by +3.3V_SYS
[    1.720664] +1.05V_LP0_VDD_RTC: Bringing 1100000uV into 1000000-1000000uV
[    1.728434] as3722-ldo4: supplied by +3.3V_SYS
[    1.733094] +2.8V_RUN_CAM: Bringing 0uV into 2800000-2800000uV
[    1.739292] as3722-ldo5: supplied by +1.8V_VDDIO
[    1.744143] +1.2V_RUN_CAM_FRONT: Bringing 0uV into 1200000-1200000uV
[    1.751042] +VDDIO_SDMMC3: bypassed regulator has no supply!
[    1.756715] +VDDIO_SDMMC3: failed to get the current voltage(-517)
[    1.762893] as3722-regulator as3722-regulator: regulator 13 register failed -517
[    1.772821] iommu: Adding device as3722-rtc to group 67
[    1.778399] iommu: Adding device as3722-adc to group 68
[    1.783945] iommu: Adding device as3722-power-off to group 69
[    1.789981] iommu: Adding device as3722-wdt to group 70
[    1.797077] tegra-ahci 70027000.sata: couldn't get PHY in node sata: -517
[    1.819633] m25p80 spi1.0: w25q32dw (4096 Kbytes)
[    1.826753] iommu: Adding device Fixed MDIO bus.0 to group 71
[    1.832842] libphy: Fixed MDIO Bus: probed
[    1.837915] CAN device driver interface
[    1.842689] bgmac_bcma: Broadcom 47xx GBit MAC driver loaded
[    1.849793] e1000e: Intel(R) PRO/1000 Network Driver - 3.2.6-k
[    1.855635] e1000e: Copyright(c) 1999 - 2015 Intel Corporation.
[    1.861590] igb: Intel(R) Gigabit Ethernet Network Driver - version 5.4.0-k
[    1.868556] igb: Copyright (c) 2007-2014 Intel Corporation.
[    1.878220] pegasus: v0.9.3 (2013/04/25), Pegasus/Pegasus II USB Ethernet driver
[    1.885666] usbcore: registered new interface driver pegasus
[    1.891355] usbcore: registered new interface driver asix
[    1.896798] usbcore: registered new interface driver ax88179_178a
[    1.902908] usbcore: registered new interface driver cdc_ether
[    1.908793] usbcore: registered new interface driver smsc75xx
[    1.914588] usbcore: registered new interface driver smsc95xx
[    1.920353] usbcore: registered new interface driver net1080
[    1.926050] usbcore: registered new interface driver cdc_subset
[    1.931986] usbcore: registered new interface driver zaurus
[    1.937611] usbcore: registered new interface driver cdc_ncm
[    1.943500] tegra-phy 7d000000.usb-phy: no vbus regulator
[    1.949113] tegra-phy 7d004000.usb-phy: no vbus regulator
[    1.956592] ehci_hcd: USB 2.0 'Enhanced' Host Controller (EHCI) Driver
[    1.963110] ehci-pci: EHCI PCI platform driver
[    1.967600] ehci-platform: EHCI generic platform driver
[    1.973035] ehci-orion: EHCI orion driver
[    1.977222] SPEAr-ehci: EHCI SPEAr driver
[    1.981367] ehci-st: EHCI STMicroelectronics driver
[    1.986398] ehci-exynos: EHCI EXYNOS driver
[    1.990736] ehci-atmel: EHCI Atmel driver
[    1.994902] tegra-ehci: Tegra EHCI driver
[    2.001752] tegra-ehci 7d004000.usb: EHCI Host Controller
[    2.007185] tegra-ehci 7d004000.usb: new USB bus registered, assigned bus number 1
[    2.014971] tegra-ehci 7d004000.usb: irq 356, io mem 0x7d004000
[    2.043802] tegra-ehci 7d004000.usb: USB 2.0 started, EHCI 1.10
[    2.050371] hub 1-0:1.0: USB hub found
[    2.054187] hub 1-0:1.0: 1 port detected
[    2.058671] ohci_hcd: USB 1.1 'Open' Host Controller (OHCI) Driver
[    2.064877] ohci-pci: OHCI PCI platform driver
[    2.069353] ohci-platform: OHCI generic platform driver
[    2.074788] SPEAr-ohci: OHCI SPEAr driver
[    2.078937] ohci-st: OHCI STMicroelectronics driver
[    2.083970] ohci-atmel: OHCI Atmel driver
[    2.088774] usbcore: registered new interface driver usb-storage
[    2.096584] iommu: Adding device ci_hdrc.0 to group 72
[    2.108790] as3722-rtc as3722-rtc: rtc core: registered as3722-rtc as rtc0
[    2.115689] as3722-rtc as3722-rtc: RTC interrupt 379
[    2.124075] tegra_rtc 7000e000.rtc: rtc core: registered 7000e000.rtc as rtc1
[    2.131240] tegra_rtc 7000e000.rtc: Tegra internal Real Time Clock
[    2.138004] i2c /dev entries driver
[    2.148632] lm90 0-004c: 0-004c supply vcc not found, using dummy regulator
[    2.163931] iommu: Adding device cpufreq-tegra124 to group 73
[    2.172144] sdhci: Secure Digital Host Controller Interface driver
[    2.178339] sdhci: Copyright(c) Pierre Ossman
[    2.184517] Synopsys Designware Multimedia Card Interface Driver
[    2.192072] sdhci-pltfm: SDHCI platform and OF driver helper
[    2.198558] sdhci-tegra 700b0400.sdhci: Got CD GPIO
[    2.203447] sdhci-tegra 700b0400.sdhci: Got WP GPIO
[    2.224725] mmc0: Unknown controller version (3). You may experience problems.
[    2.231984] mmc0: Invalid maximum block size, assuming 512 bytes
[    2.303798] mmc0: SDHCI controller on 700b0600.sdhci [700b0600.sdhci] using ADMA
[    2.313410] ledtrig-cpu: registered to indicate activity on CPUs
[    2.319757] usbcore: registered new interface driver usbhid
[    2.325343] usbhid: USB HID core driver
[    2.333334] NET: Registered protocol family 10
[    2.338649] Segment Routing with IPv6
[    2.342463] sit: IPv6, IPv4 and MPLS over IPv4 tunneling driver
[    2.348922] NET: Registered protocol family 17
[    2.353367] can: controller area network core (rev 20170425 abi 9)
[    2.359611] NET: Registered protocol family 29
[    2.364068] can: raw protocol (rev 20170425)
[    2.368332] can: broadcast manager protocol (rev 20170425 t)
[    2.374005] can: netlink gateway (rev 20170425) max_hops=1
[    2.379766] Key type dns_resolver registered
[    2.384565] ThumbEE CPU extension supported.
[    2.388835] Registering SWP/SWPB emulation handler
[    2.396060] Loading compiled-in X.509 certificates
[    2.413970] +3.3V_RUN: supplied by +3.3V_SYS
[    2.419201] +USB0_VBUS_SW: supplied by +5V_SYS
[    2.424041] +3.3V_AVDD_HDMI_AP_GATED: supplied by +3.3V_RUN
[    2.430146] +5V_USB_HS: supplied by +5V_SYS
[    2.435199] +3.3V_LP0: supplied by +3.3V_SYS
[    2.440623] +5V_HDMI_CON: supplied by +5V_SYS
[    2.445714] +5V_SATA: supplied by +5V_SYS
[    2.450228] +12V_SATA: supplied by +VDD_MUX
[    2.456462]  usb2-0: usb2-0 supply vbus not found, using dummy regulator
[    2.463386]  usb2-1: usb2-1 supply vbus not found, using dummy regulator
[    2.470473]  usb3-0: usb3-0 supply vbus not found, using dummy regulator
[    2.478735] tegra-pcie 1003000.pcie: 2x1, 1x1 configuration
[    2.484479] tegra-pcie 1003000.pcie: Failed to get supply 'avddio-pex': -517
[    2.495028] mmc0: new high speed MMC card at address 0001
[    2.495315] tegra124-dfll 70110000.clock: couldn't get vdd_cpu regulator
[    2.499730] tegra-hdmi 54280000.hdmi: failed to get PLL regulator
[    2.503167] as3722-sd2: supplied by +5V_SYS
[    2.503448] as3722-sd3: supplied by +5V_SYS
[    2.503726] as3722-sd4: supplied by +5V_SYS
[    2.504131] as3722-sd5: supplied by +5V_SYS
[    2.505681] as3722-ldo0: supplied by +1.35V_LP0(sd2)
[    2.506156] as3722-ldo1: supplied by +3.3V_RUN
[    2.506462] as3722-ldo2: supplied by +1.8V_VDDIO
[    2.507391] as3722-ldo3: supplied by +3.3V_SYS
[    2.508296] as3722-ldo4: supplied by +3.3V_SYS
[    2.508598] as3722-ldo5: supplied by +1.8V_VDDIO
[    2.508885] as3722-ldo6: supplied by +3.3V_RUN
[    2.509199] as3722-ldo7: supplied by +1.8V_VDDIO
[    2.509454] +1.05V_RUN_CAM_REAR: Bringing 0uV into 1050000-1050000uV
[    2.509832] as3722-ldo9: supplied by +5V_SYS
[    2.510241] +3.3V_RUN_TOUCH: Bringing 0uV into 2800000-2800000uV
[    2.510612] as3722-ldo10: supplied by +5V_SYS
[    2.510839] +2.8V_RUN_CAM_AF: Bringing 0uV into 2800000-2800000uV
[    2.511227] as3722-ldo11: supplied by +3.3V_RUN
[    2.511456] +1.8V_RUN_VPP_FUSE: Bringing 0uV into 1800000-1800000uV
[    2.515061] tegra-ahci 70027000.sata: AHCI 0001.0301 32 slots 2 ports 3 Gbps 0x1 impl platform mode
[    2.515073] tegra-ahci 70027000.sata: flags: 64bit ncq sntf pm led pio slum part sadm sds apst 
[    2.516470] scsi host0: tegra-ahci
[    2.517677] scsi host1: tegra-ahci
[    2.518013] ata1: SATA max UDMA/133 mmio [mem 0x70027000-0x70028fff] port 0x100 irq 345
[    2.518020] ata2: DUMMY
[    2.521838] tegra-ehci 7d008000.usb: EHCI Host Controller
[    2.521874] tegra-ehci 7d008000.usb: new USB bus registered, assigned bus number 2
[    2.522086] tegra-ehci 7d008000.usb: irq 357, io mem 0x7d008000
[    2.543935] tegra-ehci 7d008000.usb: USB 2.0 started, EHCI 1.10
[    2.564640] hub 2-0:1.0: USB hub found
[    2.564693] hub 2-0:1.0: 1 port detected
[    2.567797] sdhci-tegra 700b0400.sdhci: Got CD GPIO
[    2.567819] sdhci-tegra 700b0400.sdhci: Got WP GPIO
[    2.576329] mmc1: Unknown controller version (3). You may experience problems.
[    2.576436] mmc1: Invalid maximum block size, assuming 512 bytes
[    2.634454] mmc1: SDHCI controller on 700b0400.sdhci [700b0400.sdhci] using ADMA
[    2.635436] tegra-pcie 1003000.pcie: 2x1, 1x1 configuration
[    2.638798] tegra-pcie 1003000.pcie: probing port 0, using 2 lanes
[    2.640916] tegra-pcie 1003000.pcie: Slot present pin change, signature: 00000008
[    2.672103] tegra-pcie 1003000.pcie: probing port 1, using 1 lanes
[    2.674001] tegra-pcie 1003000.pcie: Slot present pin change, signature: 00000000
[    2.688217] tegra-pcie 1003000.pcie: PCI host bridge to bus 0000:00
[    2.688226] pci_bus 0000:00: root bus resource [io  0x0000-0xffff]
[    2.688234] pci_bus 0000:00: root bus resource [mem 0x13000000-0x1fffffff]
[    2.688242] pci_bus 0000:00: root bus resource [mem 0x20000000-0x3fffffff pref]
[    2.688252] pci_bus 0000:00: root bus resource [bus 00-ff]
[    2.688298] pci 0000:00:01.0: [10de:0e12] type 01 class 0x060400
[    2.688319] pci_bus 0000:00: 2-byte config write to 0000:00:01.0 offset 0x4 may corrupt adjacent RW1C bits
[    2.688332] pci_bus 0000:00: 2-byte config write to 0000:00:01.0 offset 0x4 may corrupt adjacent RW1C bits
[    2.688377] pci 0000:00:01.0: enabling Extended Tags
[    2.688388] pci_bus 0000:00: 2-byte config write to 0000:00:01.0 offset 0x88 may corrupt adjacent RW1C bits
[    2.688424] pci_bus 0000:00: 2-byte config write to 0000:00:01.0 offset 0x52 may corrupt adjacent RW1C bits
[    2.688479] pci 0000:00:01.0: PME# supported from D0 D1 D2 D3hot D3cold
[    2.688490] pci_bus 0000:00: 2-byte config write to 0000:00:01.0 offset 0x4c may corrupt adjacent RW1C bits
[    2.688766] pci 0000:00:02.0: [10de:0e13] type 01 class 0x060400
[    2.688786] pci_bus 0000:00: 2-byte config write to 0000:00:02.0 offset 0x4 may corrupt adjacent RW1C bits
[    2.688799] pci_bus 0000:00: 2-byte config write to 0000:00:02.0 offset 0x4 may corrupt adjacent RW1C bits
[    2.688842] pci 0000:00:02.0: enabling Extended Tags
[    2.688852] pci_bus 0000:00: 2-byte config write to 0000:00:02.0 offset 0x88 may corrupt adjacent RW1C bits
[    2.688885] pci_bus 0000:00: 2-byte config write to 0000:00:02.0 offset 0x52 may corrupt adjacent RW1C bits
[    2.688934] pci 0000:00:02.0: PME# supported from D0 D1 D2 D3hot D3cold
[    2.688946] pci_bus 0000:00: 2-byte config write to 0000:00:02.0 offset 0x4c may corrupt adjacent RW1C bits
[    2.689229] PCI: bus0: Fast back to back transfers disabled
[    2.689240] pci 0000:00:01.0: bridge configuration invalid ([bus 00-00]), reconfiguring
[    2.689260] pci 0000:00:02.0: bridge configuration invalid ([bus 00-00]), reconfiguring
[    2.689447] pci 0000:01:00.0: [8086:4232] type 00 class 0x028000
[    2.689506] pci 0000:01:00.0: reg 0x10: [mem 0x00000000-0x00001fff 64bit]
[    2.689799] PCI: bus1: Fast back to back transfers disabled
[    2.689810] pci_bus 0000:01: busn_res: [bus 01-ff] end is updated to 01
[    2.690000] pci 0000:02:00.0: [10ec:8168] type 00 class 0x020000
[    2.690040] pci 0000:02:00.0: reg 0x10: [io  0x0000-0x00ff]
[    2.690084] pci 0000:02:00.0: reg 0x18: [mem 0x00000000-0x00000fff 64bit]
[    2.690114] pci 0000:02:00.0: reg 0x20: [mem 0x00000000-0x00003fff 64bit pref]
[    2.690317] PCI: bus2: Fast back to back transfers disabled
[    2.690327] pci_bus 0000:02: busn_res: [bus 02-ff] end is updated to 02
[    2.690375] pci 0000:00:01.0: BAR 8: assigned [mem 0x13000000-0x130fffff]
[    2.690384] pci 0000:00:02.0: BAR 8: assigned [mem 0x13100000-0x131fffff]
[    2.690394] pci 0000:00:02.0: BAR 9: assigned [mem 0x20000000-0x200fffff 64bit pref]
[    2.690403] pci 0000:00:02.0: BAR 7: assigned [io  0x1000-0x1fff]
[    2.690416] pci 0000:01:00.0: BAR 0: assigned [mem 0x13000000-0x13001fff 64bit]
[    2.690447] pci 0000:00:01.0: PCI bridge to [bus 01]
[    2.690461] pci 0000:00:01.0:   bridge window [mem 0x13000000-0x130fffff]
[    2.690483] pci 0000:02:00.0: BAR 4: assigned [mem 0x20000000-0x20003fff 64bit pref]
[    2.690510] pci 0000:02:00.0: BAR 2: assigned [mem 0x13100000-0x13100fff 64bit]
[    2.690534] pci 0000:02:00.0: BAR 0: assigned [io  0x1000-0x10ff]
[    2.690548] pci 0000:00:02.0: PCI bridge to [bus 02]
[    2.690556] pci 0000:00:02.0:   bridge window [io  0x1000-0x1fff]
[    2.690569] pci 0000:00:02.0:   bridge window [mem 0x13100000-0x131fffff]
[    2.690578] pci 0000:00:02.0:   bridge window [mem 0x20000000-0x200fffff 64bit pref]
[    2.690620] pci 0000:00:01.0: nv_msi_ht_cap_quirk didn't locate host bridge
[    2.690768] pcieport 0000:00:01.0: enabling device (0140 -> 0142)
[    2.691053] pcieport 0000:00:01.0: Signaling PME with IRQ 395
[    2.691243] pci 0000:00:02.0: nv_msi_ht_cap_quirk didn't locate host bridge
[    2.691367] pcieport 0000:00:02.0: enabling device (0140 -> 0143)
[    2.691626] pcieport 0000:00:02.0: Signaling PME with IRQ 396
[    2.692012] r8169 Gigabit Ethernet driver 2.3LK-NAPI loaded
[    2.692035] r8169 0000:02:00.0: enabling device (0140 -> 0143)
[    2.692082] r8169 0000:02:00.0 (unnamed net_device) (uninitialized): not PCI Express
[    2.715441] r8169 0000:02:00.0 eth0: RTL8168g/8111g at 0xbb6875ff, 00:04:4b:3a:d9:81, XID 0c000800 IRQ 22
[    2.715451] r8169 0000:02:00.0 eth0: jumbo features [frames: 9200 bytes, tx checksumming: ko]
[    2.720668] +1.05V_RUN_AVDD_HDMI_PLL: supplied by +1.05V_RUN
[    2.723402] [drm] Supports vblank timestamp caching Rev 2 (21.10.2013).
[    2.723406] [drm] No driver support for vblank timestamp query.
[    2.723452] [drm] Cannot find any crtc or sizes
[    2.723539] [drm] Initialized tegra 0.0.0 20120330 for drm on minor 0
[    2.725401] iommu: Adding device cpufreq-dt.0 to group 74
[    2.726186] cpufreq: cpufreq_online: CPU0: Running at unlisted freq: 696000 KHz
[    2.726219] cpufreq: cpufreq_online: CPU0: Unlisted initial frequency changed to: 714000 KHz
[    2.726879] input: gpio-keys as /devices/soc0/gpio-keys/input/input0
[    2.727879] as3722-rtc as3722-rtc: setting system clock to 2000-01-01 00:04:12 UTC (946685052)
[    2.728218] +USB0_VBUS_SW: disabling
[    2.728231] +1.8V_RUN_CAM: disabling
[    2.728471] +2.8V_RUN_CAM: disabling
[    2.728685] +1.2V_RUN_CAM_FRONT: disabling
[    2.728796] +1.05V_RUN_CAM_REAR: disabling
[    2.728956] +3.3V_RUN_TOUCH: disabling
[    2.729061] +2.8V_RUN_CAM_AF: disabling
[    2.729166] +1.8V_RUN_VPP_FUSE: disabling
[    2.846723] ata1: SATA link down (SStatus 0 SControl 300)
[    2.863112] tegra-hdmi 54280000.hdmi: cannot set audio to 48000 Hz at 297000000 Hz pixel clock
[    2.866948] mmc1: new high speed SDHC card at address aaaa
[    2.867319] mmcblk1: mmc1:aaaa SD04G 3.69 GiB 
[    2.876157]  mmcblk1: p1 p2 p3
[    3.274922] mmcblk0: mmc0:0001 SEM16G 14.7 GiB 
[    3.275236] mmcblk0boot0: mmc0:0001 SEM16G partition 1 4.00 MiB
[    3.275499] mmcblk0boot1: mmc0:0001 SEM16G partition 2 4.00 MiB
[    3.275775] mmcblk0rpmb: mmc0:0001 SEM16G partition 3 4.00 MiB, chardev (237:0)
[    3.277597]  mmcblk0: p1
[    3.279243] EXT4-fs (mmcblk0p1): mounting ext3 file system using the ext4 subsystem
[    3.321583] EXT4-fs (mmcblk0p1): recovery complete
[    3.322375] EXT4-fs (mmcblk0p1): mounted filesystem with ordered data mode. Opts: (null)
[    3.322411] VFS: Mounted root (ext3 filesystem) on device 179:17.
[    3.326756] devtmpfs: mounted
[    3.381008] Console: switching to colour frame buffer device 512x135
[    3.381753] Freeing unused kernel memory: 2048K
[    3.524327] drm drm: fb0:  frame buffer device
bash: cannot set terminal process group (-1): Inappropriate ioctl for device
bash: no job control in this shell
root@(none):/# 