
U-Boot SPL 2016.05-rc2 (Apr 21 2016 - 16:23:00)
Trying to boot from RAM


U-Boot 2016.05-rc2 (Apr 21 2016 - 16:23:00 -0700)

TEGRA124
Model: NVIDIA Jetson TK1
Board: NVIDIA Jetson TK1
DRAM:  2 GiB
MMC:   Tegra SD/MMC: 0, Tegra SD/MMC: 1
In:    serial
Out:   serial
Err:   serial
Net:   No ethernet found.
Hit any key to stop autoboot:  2  0 
Tegra124 (Jetson TK1) # 
Tegra124 (Jetson TK1) # pci enum
Tegra124 (Jetson TK1) # setenv bootargs 'ignore_loglevel console=ttyS0,115200n8 rw root=PARTUUID=b1791faa-84e8-4e27-83a1-9fb0a77e8803 rootwait gpt debug noinitrd earlyprintk init=/bin/bash'
Tegra124 (Jetson TK1) # setenv ipaddr 192.168.100.102; setenv serverip 192.168.100.1; setenv tftpserverip 192.168.100.1
Tegra124 (Jetson TK1) # tftpboot 0x82000000 zImage.tegra_defconfig%tegra-fw

Warning: eth_rtl8169 using MAC address from ROM
Using eth_rtl8169 device
TFTP from server 192.168.100.1; our IP address is 192.168.100.102
Filename 'zImage.tegra_defconfig%tegra-fw'.
Load address: 0x82000000
Loading: *#################################################################
	 #################################################################
	 #################################################################
	 #################################################################
	 #################################################################
	 #################################################################
	 ##########################################
	 3.9 MiB/s
done
Bytes transferred = 6331512 (609c78 hex)
Tegra124 (Jetson TK1) # tftpboot 0x83000000 tegra124-jetson-tk1.dtb
Using eth_rtl8169 device
TFTP from server 192.168.100.1; our IP address is 192.168.100.102
Filename 'tegra124-jetson-tk1.dtb'.
Load address: 0x83000000
Loading: *#####
	 3.7 MiB/s
done
Bytes transferred = 66544 (103f0 hex)
Tegra124 (Jetson TK1) # bootz 0x82000000 - 0x83000000
Kernel image @ 0x82000000 [ 0x000000 - 0x609c78 ]
## Flattened Device Tree blob at 83000000
   Booting using the fdt blob at 0x83000000
   Using Device Tree in place at 83000000, end 830133ef

Starting kernel ...

[    0.000000] Booting Linux on physical CPU 0x0
[    0.000000] Linux version 4.15.0-rc2-215660-gae64f9b (jonathanh@sellafield) (gcc version 4.7.3 20130328 (prerelease) (crosstool-NG linaro-1.13.1-4.7-2013.04-20130415 - Linaro GCC 2013.04)) #1 SMP PREEMPT Mon Dec 4 14:01:32 PST 2017
[    0.000000] CPU: ARMv7 Processor [413fc0f3] revision 3 (ARMv7), cr=10c5387d
[    0.000000] CPU: div instructions available: patching division code
[    0.000000] CPU: PIPT / VIPT nonaliasing data cache, PIPT instruction cache
[    0.000000] OF: fdt: Machine model: NVIDIA Tegra124 Jetson TK1
[    0.000000] debug: ignoring loglevel setting.
[    0.000000] bootconsole [earlycon0] enabled
[    0.000000] Memory policy: Data cache writealloc
[    0.000000] cma: Reserved 64 MiB at 0xfbc00000
[    0.000000] On node 0 totalpages: 524032
[    0.000000]   Normal zone: 1536 pages used for memmap
[    0.000000]   Normal zone: 0 pages reserved
[    0.000000]   Normal zone: 196608 pages, LIFO batch:31
[    0.000000]   HighMem zone: 327424 pages, LIFO batch:31
[    0.000000] random: fast init done
[    0.000000] percpu: Embedded 17 pages/cpu @(ptrval) s39104 r8192 d22336 u69632
[    0.000000] pcpu-alloc: s39104 r8192 d22336 u69632 alloc=17*4096
[    0.000000] pcpu-alloc: [0] 0 [0] 1 [0] 2 [0] 3 
[    0.000000] Built 1 zonelists, mobility grouping on.  Total pages: 522496
[    0.000000] Kernel command line: ignore_loglevel console=ttyS0,115200n8 rw root=PARTUUID=b1791faa-84e8-4e27-83a1-9fb0a77e8803 rootwait gpt debug noinitrd earlyprintk init=/bin/bash
[    0.000000] Dentry cache hash table entries: 131072 (order: 7, 524288 bytes)
[    0.000000] Inode-cache hash table entries: 65536 (order: 6, 262144 bytes)
[    0.000000] Memory: 1997468K/2096128K available (9216K kernel code, 777K rwdata, 2820K rodata, 1024K init, 299K bss, 33124K reserved, 65536K cma-reserved, 1244160K highmem)
[    0.000000] Virtual kernel memory layout:
[    0.000000]     vector  : 0xffff0000 - 0xffff1000   (   4 kB)
[    0.000000]     fixmap  : 0xffc00000 - 0xfff00000   (3072 kB)
[    0.000000]     vmalloc : 0xf0800000 - 0xff800000   ( 240 MB)
[    0.000000]     lowmem  : 0xc0000000 - 0xf0000000   ( 768 MB)
[    0.000000]     pkmap   : 0xbfe00000 - 0xc0000000   (   2 MB)
[    0.000000]     modules : 0xbf000000 - 0xbfe00000   (  14 MB)
[    0.000000]       .text : 0x(ptrval) - 0x(ptrval)   (10208 kB)
[    0.000000]       .init : 0x(ptrval) - 0x(ptrval)   (1024 kB)
[    0.000000]       .data : 0x(ptrval) - 0x(ptrval)   ( 778 kB)
[    0.000000]        .bss : 0x(ptrval) - 0x(ptrval)   ( 300 kB)
[    0.000000] Preemptible hierarchical RCU implementation.
[    0.000000] 	Tasks RCU enabled.
[    0.000000] NR_IRQS: 16, nr_irqs: 16, preallocated irqs: 16
[    0.000000] /interrupt-controller@60004000: 160 interrupts forwarded to /interrupt-controller@50041000
[    0.000000] Tegra clk 127: register failed with -17
[    0.000010] sched_clock: 32 bits at 1000kHz, resolution 1000ns, wraps every 2147483647500ns
[    0.007479] clocksource: timer_us: mask: 0xffffffff max_cycles: 0xffffffff, max_idle_ns: 1911260446275 ns
[    0.017007] Switching to timer-based delay loop, resolution 1000ns
[    0.024173] arch_timer: cp15 timer(s) running at 12.00MHz (virt).
[    0.029230] clocksource: arch_sys_counter: mask: 0xffffffffffffff max_cycles: 0x2c47f4ee7, max_idle_ns: 440795202497 ns
[    0.039978] sched_clock: 56 bits at 12MHz, resolution 83ns, wraps every 4398046511096ns
[    0.047946] Switching to timer-based delay loop, resolution 83ns
[    0.054420] Console: colour dummy device 80x30
[    0.058362] Calibrating delay loop (skipped), value calculated using timer frequency.. 24.00 BogoMIPS (lpj=120000)
[    0.068671] pid_max: default: 32768 minimum: 301
[    0.073747] Mount-cache hash table entries: 2048 (order: 1, 8192 bytes)
[    0.079856] Mountpoint-cache hash table entries: 2048 (order: 1, 8192 bytes)
[    0.087697] CPU: Testing write buffer coherency: ok
[    0.092018] /cpus/cpu@0 missing clock-frequency property
[    0.097029] /cpus/cpu@1 missing clock-frequency property
[    0.102338] /cpus/cpu@2 missing clock-frequency property
[    0.107604] /cpus/cpu@3 missing clock-frequency property
[    0.112876] CPU0: thread -1, cpu 0, socket 0, mpidr 80000000
[    0.152989] Setting up static identity map for 0x80100000 - 0x801000a0
[    0.157740] Hierarchical SRCU implementation.
[    0.173502] Tegra Revision: A01 SKU: 129 CPU Process: 1 SoC Process: 1
[    0.193009] smp: Bringing up secondary CPUs ...
[    0.243632] CPU1: thread -1, cpu 1, socket 0, mpidr 80000001
[    0.323744] CPU2: thread -1, cpu 2, socket 0, mpidr 80000002
[    0.403854] CPU3: thread -1, cpu 3, socket 0, mpidr 80000003
[    0.413430] smp: Brought up 1 node, 4 CPUs
[    0.432518] SMP: Total of 4 processors activated (96.00 BogoMIPS).
[    0.438685] CPU: All CPU(s) started in SVC mode.
[    0.445124] devtmpfs: initialized
[    0.465366] VFP support v0.3: implementor 41 architecture 4 part 30 variant f rev 0
[    0.471480] clocksource: jiffies: mask: 0xffffffff max_cycles: 0xffffffff, max_idle_ns: 19112604462750000 ns
[    0.480922] futex hash table entries: 1024 (order: 4, 65536 bytes)
[    0.488452] pinctrl core: initialized pinctrl subsystem
[    0.493453] NET: Registered protocol family 16
[    0.498141] DMA: preallocated 256 KiB pool for atomic coherent allocations
[    0.504813] cpuidle: using governor menu
[    0.530093] No ATAGs?
[    0.530230] hw-breakpoint: found 5 (+1 reserved) breakpoint and 4 watchpoint registers.
[    0.538591] hw-breakpoint: maximum watchpoint size is 8 bytes.
[    0.546277] iommu: Adding device reg-dummy to group 0
[    0.549481] iommu: Adding device 1003000.pcie to group 1
[    0.554781] iommu: Adding device 50000000.host1x to group 2
[    0.560337] iommu: Adding device 54200000.dc to group 3
[    0.565515] iommu: Adding device 54240000.dc to group 4
[    0.570703] iommu: Adding device 54280000.hdmi to group 5
[    0.576091] iommu: Adding device 57000000.gpu to group 6
[    0.581364] iommu: Adding device 60005000.timer to group 7
[    0.586797] iommu: Adding device 60007000.flow-controller to group 8
[    0.593143] iommu: Adding device 6000c800.actmon to group 9
[    0.598671] iommu: Adding device 6000d000.gpio to group 10
[    0.604148] iommu: Adding device 60020000.dma to group 11
[    0.609520] iommu: Adding device 70000800.apbmisc to group 12
[    0.615242] iommu: Adding device 70000868.pinmux to group 13
[    0.620861] iommu: Adding device 70006000.serial to group 14
[    0.626509] iommu: Adding device 70006040.serial to group 15
[    0.632122] iommu: Adding device 70006300.serial to group 16
[    0.637776] iommu: Adding device 7000c000.i2c to group 17
[    0.643129] iommu: Adding device 7000c400.i2c to group 18
[    0.648521] iommu: Adding device 7000c500.i2c to group 19
[    0.653878] iommu: Adding device 7000c700.i2c to group 20
[    0.659275] iommu: Adding device 7000d000.i2c to group 21
[    0.664623] iommu: Adding device 7000d400.spi to group 22
[    0.670021] iommu: Adding device 7000da00.spi to group 23
[    0.675372] iommu: Adding device 7000e000.rtc to group 24
[    0.680764] iommu: Adding device 7000e400.pmc to group 25
[    0.686115] iommu: Adding device 7000f800.fuse to group 26
[    0.691596] iommu: Adding device 70019000.memory-controller to group 27
[    0.698164] iommu: Adding device 7001b000.emc to group 28
[    0.703561] iommu: Adding device 70027000.sata to group 29
[    0.708997] iommu: Adding device 70030000.hda to group 30
[    0.714392] iommu: Adding device 70090000.usb to group 31
[    0.719745] iommu: Adding device 7009f000.padctl to group 32
[    0.725409] iommu: Adding device 700b0400.sdhci to group 33
[    0.730923] iommu: Adding device 700b0600.sdhci to group 34
[    0.736489] iommu: Adding device 70015000.cec to group 35
[    0.741855] iommu: Adding device 700e2000.thermal-sensor to group 36
[    0.748192] iommu: Adding device 70110000.clock to group 37
[    0.753716] iommu: Adding device 70300000.ahub to group 38
[    0.759196] iommu: Adding device 7d000000.usb to group 39
[    0.764549] iommu: Adding device 7d000000.usb-phy to group 40
[    0.770289] iommu: Adding device 7d004000.usb to group 41
[    0.775643] iommu: Adding device 7d004000.usb-phy to group 42
[    0.781387] iommu: Adding device 7d008000.usb to group 43
[    0.786743] iommu: Adding device 7d008000.usb-phy to group 44
[    0.792475] iommu: Adding device pmu to group 45
[    0.797050] iommu: Adding device timer to group 46
[    0.801816] iommu: Adding device clocks to group 47
[    0.806688] iommu: Adding device gpio-keys to group 48
[    0.811784] iommu: Adding device regulators to group 49
[    0.817009] iommu: Adding device regulators:regulator@0 to group 50
[    0.823222] iommu: Adding device regulators:regulator@1 to group 51
[    0.829483] iommu: Adding device regulators:regulator@2 to group 52
[    0.835704] iommu: Adding device regulators:regulator@3 to group 53
[    0.841961] iommu: Adding device regulators:regulator@4 to group 54
[    0.848190] iommu: Adding device regulators:regulator@7 to group 55
[    0.854442] iommu: Adding device regulators:regulator@8 to group 56
[    0.860670] iommu: Adding device regulators:regulator@10 to group 57
[    0.867009] iommu: Adding device regulators:regulator@11 to group 58
[    0.873315] iommu: Adding device regulators:regulator@12 to group 59
[    0.879661] iommu: Adding device regulators:regulator@13 to group 60
[    0.885971] iommu: Adding device regulators:regulator@14 to group 61
[    0.892314] iommu: Adding device sound to group 62
[    0.913703] +5V_SYS: supplied by +VDD_MUX
[    0.916189] +3.3V_SYS: supplied by +VDD_MUX
[    0.920748] +USB0_VBUS_SW: Failed to request enable GPIO108: -517
[    0.926079] reg-fixed-voltage regulators:regulator@7: Failed to register regulator: -517
[    0.934197] +5V_USB_HS: Failed to request enable GPIO109: -517
[    0.939923] reg-fixed-voltage regulators:regulator@8: Failed to register regulator: -517
[    0.948156] +1.05V_RUN_AVDD_HDMI_PLL: Failed to request enable GPIO63: -517
[    0.954939] reg-fixed-voltage regulators:regulator@11: Failed to register regulator: -517
[    0.963143] +5V_HDMI_CON: Failed to request enable GPIO86: -517
[    0.968954] reg-fixed-voltage regulators:regulator@12: Failed to register regulator: -517
[    0.977181] +5V_SATA: Failed to request enable GPIO242: -517
[    0.982733] reg-fixed-voltage regulators:regulator@13: Failed to register regulator: -517
[    0.990960] +12V_SATA: Failed to request enable GPIO242: -517
[    0.996599] reg-fixed-voltage regulators:regulator@14: Failed to register regulator: -517
[    1.006030] vgaarb: loaded
[    1.008182] SCSI subsystem initialized
[    1.011378] libata version 3.00 loaded.
[    1.015269] usbcore: registered new interface driver usbfs
[    1.020496] usbcore: registered new interface driver hub
[    1.025802] usbcore: registered new device driver usb
[    1.033996] Linux video capture interface: v2.00
[    1.036776] pps_core: LinuxPPS API ver. 1 registered
[    1.041676] pps_core: Software ver. 5.3.6 - Copyright 2005-2007 Rodolfo Giometti <giometti@linux.it>
[    1.050782] PTP clock support registered
[    1.056086] Advanced Linux Sound Architecture Driver Initialized.
[    1.061355] Bluetooth: Core ver 2.22
[    1.064314] NET: Registered protocol family 31
[    1.068710] Bluetooth: HCI device and connection manager initialized
[    1.075015] Bluetooth: HCI socket layer initialized
[    1.079887] Bluetooth: L2CAP socket layer initialized
[    1.084922] Bluetooth: SCO socket layer initialized
[    1.090395] clocksource: Switched to clocksource arch_sys_counter
[    1.185051] NET: Registered protocol family 2
[    1.188502] TCP established hash table entries: 8192 (order: 3, 32768 bytes)
[    1.194639] TCP bind hash table entries: 8192 (order: 4, 65536 bytes)
[    1.201128] TCP: Hash tables configured (established 8192 bind 8192)
[    1.207746] UDP hash table entries: 512 (order: 2, 16384 bytes)
[    1.213212] UDP-Lite hash table entries: 512 (order: 2, 16384 bytes)
[    1.219800] NET: Registered protocol family 1
[    1.224545] RPC: Registered named UNIX socket transport module.
[    1.229706] RPC: Registered udp transport module.
[    1.234411] RPC: Registered tcp transport module.
[    1.239065] RPC: Registered tcp NFSv4.1 backchannel transport module.
[    1.245944] iommu: Adding device regulatory.0 to group 63
[    1.251070] PCI: CLS 0 bytes, default 64
[    1.256564] hw perfevents: enabled with armv7_cortex_a15 PMU driver, 7 counters available
[    1.263638] iommu: Adding device alarmtimer to group 64
[    1.269236] Initialise system trusted keyrings
[    1.272726] workingset: timestamp_bits=30 max_order=19 bucket_order=0
[    1.280279] squashfs: version 4.0 (2009/01/31) Phillip Lougher
[    1.285574] NFS: Registering the id_resolver key type
[    1.289785] Key type id_resolver registered
[    1.293957] Key type id_legacy registered
[    1.302820] Key type asymmetric registered
[    1.305007] Asymmetric key parser 'x509' registered
[    1.309991] bounce: pool size: 64 pages
[    1.313760] io scheduler noop registered (default)
[    1.318440] io scheduler mq-deadline registered
[    1.322963] io scheduler kyber registered
[    1.328753]  usb2-0: usb2-0 supply vbus not found, using dummy regulator
[    1.333765]  usb2-1: usb2-1 supply vbus not found, using dummy regulator
[    1.340720] tegra-xusb-padctl 7009f000.padctl: failed to setup XUSB ports: -517
[    1.356608] tegra-pcie 1003000.pcie: 2x1, 1x1 configuration
[    1.360319] tegra-pcie 1003000.pcie: Failed to get supply 'avddio-pex': -517
[    1.370201] tegra124-dfll 70110000.clock: couldn't get vdd_cpu regulator
[    1.380872] tegra-apbdma 60020000.dma: Tegra20 APB DMA driver register 32 channels
[    1.387827] tegra-pmc 7000e400.pmc: emergency thermal reset enabled
[    1.393416] Serial: 8250/16550 driver, 4 ports, IRQ sharing disabled
[    1.399205] iommu: Adding device serial8250 to group 65
[    1.406124] console [ttyS0] disabled
[    1.407889] 70006300.serial: ttyS0 at MMIO 0x70006300 (irq = 335, base_baud = 25500000) is a Tegra
[    1.417201] console [ttyS0] enabled
[    1.417201] console [ttyS0] enabled
[    1.423032] bootconsole [earlycon0] disabled
[    1.423032] bootconsole [earlycon0] disabled
[    1.432391] 70006000.serial: ttyTHS1 at MMIO 0x70006000 (irq = 333, base_baud = 0) is a TEGRA_UART
[    1.443442] 70006040.serial: ttyTHS2 at MMIO 0x70006040 (irq = 334, base_baud = 0) is a TEGRA_UART
[    1.472038] tegra-hdmi 54280000.hdmi: failed to get HDMI regulator
[    1.491480] loop: module loaded
[    1.495969] at24 0-0056: 256 byte 24c02 EEPROM, writable, 8 bytes/write
[    1.503423] as3722 4-0040: AS3722 with revision 0x1 found
[    1.511027] iommu: Adding device as3722-pinctrl to group 66
[    1.518306] iommu: Adding device as3722-regulator to group 67
[    1.527013] as3722-sd2: supplied by +5V_SYS
[    1.531717] as3722-sd3: supplied by +5V_SYS
[    1.536149] +1.35V_LP0(sd3): Bringing 0uV into 1350000-1350000uV
[    1.542535] as3722-sd4: supplied by +5V_SYS
[    1.547193] as3722-sd5: supplied by +5V_SYS
[    1.553315] as3722-ldo0: supplied by +1.35V_LP0(sd2)
[    1.559421] +1.8V_RUN_CAM: Bringing 0uV into 1800000-1800000uV
[    1.565675] as3722-ldo2: supplied by +1.8V_VDDIO
[    1.571633] as3722-ldo3: supplied by +3.3V_SYS
[    1.576126] +1.05V_LP0_VDD_RTC: Bringing 1100000uV into 1000000-1000000uV
[    1.583957] as3722-ldo4: supplied by +3.3V_SYS
[    1.588631] +2.8V_RUN_CAM: Bringing 0uV into 2800000-2800000uV
[    1.594896] as3722-ldo5: supplied by +1.8V_VDDIO
[    1.599742] +1.2V_RUN_CAM_FRONT: Bringing 0uV into 1200000-1200000uV
[    1.606721] +VDDIO_SDMMC3: bypassed regulator has no supply!
[    1.612395] +VDDIO_SDMMC3: failed to get the current voltage(-517)
[    1.618575] as3722-regulator as3722-regulator: regulator 13 register failed -517
[    1.628783] iommu: Adding device as3722-rtc to group 68
[    1.634192] iommu: Adding device as3722-adc to group 69
[    1.639558] iommu: Adding device as3722-power-off to group 70
[    1.645472] iommu: Adding device as3722-wdt to group 71
[    1.651472] tegra-ahci 70027000.sata: couldn't get PHY in node sata: -517
[    1.670189] m25p80 spi1.0: w25q32dw (4096 Kbytes)
[    1.676911] iommu: Adding device Fixed MDIO bus.0 to group 72
[    1.682873] libphy: Fixed MDIO Bus: probed
[    1.686966] CAN device driver interface
[    1.690873] igb: Intel(R) Gigabit Ethernet Network Driver - version 5.4.0-k
[    1.697824] igb: Copyright (c) 2007-2014 Intel Corporation.
[    1.703551] pegasus: v0.9.3 (2013/04/25), Pegasus/Pegasus II USB Ethernet driver
[    1.711039] usbcore: registered new interface driver pegasus
[    1.716758] usbcore: registered new interface driver asix
[    1.722226] usbcore: registered new interface driver ax88179_178a
[    1.728362] usbcore: registered new interface driver cdc_ether
[    1.734284] usbcore: registered new interface driver smsc75xx
[    1.740084] usbcore: registered new interface driver smsc95xx
[    1.745899] usbcore: registered new interface driver net1080
[    1.751627] usbcore: registered new interface driver cdc_subset
[    1.757588] usbcore: registered new interface driver zaurus
[    1.763254] usbcore: registered new interface driver cdc_ncm
[    1.769150] tegra-phy 7d000000.usb-phy: no vbus regulator
[    1.774801] tegra-phy 7d004000.usb-phy: no vbus regulator
[    1.780522] ehci_hcd: USB 2.0 'Enhanced' Host Controller (EHCI) Driver
[    1.787041] ehci-pci: EHCI PCI platform driver
[    1.791564] tegra-ehci: Tegra EHCI driver
[    1.798413] tegra-ehci 7d004000.usb: EHCI Host Controller
[    1.803852] tegra-ehci 7d004000.usb: new USB bus registered, assigned bus number 1
[    1.811668] tegra-ehci 7d004000.usb: irq 356, io mem 0x7d004000
[    1.840429] tegra-ehci 7d004000.usb: USB 2.0 started, EHCI 1.10
[    1.847251] hub 1-0:1.0: USB hub found
[    1.851064] hub 1-0:1.0: 1 port detected
[    1.856231] usbcore: registered new interface driver cdc_acm
[    1.861904] cdc_acm: USB Abstract Control Model driver for USB modems and ISDN adapters
[    1.869959] usbcore: registered new interface driver cdc_wdm
[    1.875712] usbcore: registered new interface driver usb-storage
[    1.883343] iommu: Adding device ci_hdrc.0 to group 73
[    1.895106] as3722-rtc as3722-rtc: rtc core: registered as3722-rtc as rtc0
[    1.902005] as3722-rtc as3722-rtc: RTC interrupt 379
[    1.909808] tegra_rtc 7000e000.rtc: rtc core: registered 7000e000.rtc as rtc1
[    1.917008] tegra_rtc 7000e000.rtc: Tegra internal Real Time Clock
[    1.923547] i2c /dev entries driver
[    1.928290] usbcore: registered new interface driver uvcvideo
[    1.934052] USB Video Class driver (1.1.1)
[    1.938144] gspca_main: v2.14.0 registered
[    1.942892] lm90 0-004c: 0-004c supply vcc not found, using dummy regulator
[    1.953161] tegra-wdt 60005000.timer: initialized (heartbeat = 120 sec, nowayout = 0)
[    1.961650] iommu: Adding device cpufreq-tegra124 to group 74
[    1.967961] sdhci: Secure Digital Host Controller Interface driver
[    1.974153] sdhci: Copyright(c) Pierre Ossman
[    1.978505] sdhci-pltfm: SDHCI platform and OF driver helper
[    1.984501] sdhci-tegra 700b0400.sdhci: Got CD GPIO
[    1.989392] sdhci-tegra 700b0400.sdhci: Got WP GPIO
[    2.010452] mmc0: Unknown controller version (3). You may experience problems.
[    2.017709] mmc0: Invalid maximum block size, assuming 512 bytes
[    2.080467] mmc0: SDHCI controller on 700b0600.sdhci [700b0600.sdhci] using ADMA
[    2.091960] usbcore: registered new interface driver usbhid
[    2.097635] usbhid: USB HID core driver
[    2.104525] iommu: Adding device snd-soc-dummy to group 75
[    2.156833] mmc0: new high speed MMC card at address 0001
[    2.162843] mmcblk0: mmc0:0001 SEM16G 14.7 GiB 
[    2.167760] mmcblk0boot0: mmc0:0001 SEM16G partition 1 4.00 MiB
[    2.174137] mmcblk0boot1: mmc0:0001 SEM16G partition 2 4.00 MiB
[    2.180235] mmcblk0rpmb: mmc0:0001 SEM16G partition 3 4.00 MiB, chardev (247:0)
[    2.189249]  mmcblk0: p1
[    2.550843] iommu: Adding device 70301100.i2s to group 76
[    2.557106] tegra30-i2s 70301100.i2s: DMA channels sourced from device 70300000.ahub
[    2.577413] tegra-snd-rt5640 sound: rt5640-aif1 <-> 70301100.i2s mapping ok
[    2.588163] input: NVIDIA Tegra Jetson TK1 Headphones as /devices/soc0/sound/sound/card1/input0
[    2.599368] NET: Registered protocol family 10
[    2.605175] Segment Routing with IPv6
[    2.609011] mip6: Mobile IPv6
[    2.612000] sit: IPv6, IPv4 and MPLS over IPv4 tunneling driver
[    2.619390] NET: Registered protocol family 17
[    2.623907] NET: Registered protocol family 15
[    2.628359] can: controller area network core (rev 20170425 abi 9)
[    2.634765] NET: Registered protocol family 29
[    2.639206] can: raw protocol (rev 20170425)
[    2.643489] can: broadcast manager protocol (rev 20170425 t)
[    2.649150] can: netlink gateway (rev 20170425) max_hops=1
[    2.654879] Bluetooth: RFCOMM socket layer initialized
[    2.660028] Bluetooth: RFCOMM ver 1.11
[    2.663813] Bluetooth: BNEP (Ethernet Emulation) ver 1.3
[    2.669124] Bluetooth: BNEP socket layer initialized
[    2.674099] Bluetooth: HIDP (Human Interface Emulation) ver 1.2
[    2.680018] Bluetooth: HIDP socket layer initialized
[    2.685244] Key type dns_resolver registered
[    2.690010] Registering SWP/SWPB emulation handler
[    2.695600] Loading compiled-in X.509 certificates
[    2.717895] +3.3V_RUN: supplied by +3.3V_SYS
[    2.723034] +USB0_VBUS_SW: supplied by +5V_SYS
[    2.727730] +3.3V_AVDD_HDMI_AP_GATED: supplied by +3.3V_RUN
[    2.733760] +5V_USB_HS: supplied by +5V_SYS
[    2.738847] +3.3V_LP0: supplied by +3.3V_SYS
[    2.744191] +5V_HDMI_CON: supplied by +5V_SYS
[    2.748963] +5V_SATA: supplied by +5V_SYS
[    2.753635] +12V_SATA: supplied by +VDD_MUX
[    2.759245]  usb2-0: usb2-0 supply vbus not found, using dummy regulator
[    2.766119]  usb2-1: usb2-1 supply vbus not found, using dummy regulator
[    2.773314]  usb3-0: usb3-0 supply vbus not found, using dummy regulator
[    2.780821] tegra-pcie 1003000.pcie: 2x1, 1x1 configuration
[    2.786434] tegra-pcie 1003000.pcie: Failed to get supply 'avddio-pex': -517
[    2.795547] tegra124-dfll 70110000.clock: couldn't get vdd_cpu regulator
[    2.804567] tegra-hdmi 54280000.hdmi: failed to get PLL regulator
[    2.813067] as3722-sd2: supplied by +5V_SYS
[    2.817556] as3722-sd3: supplied by +5V_SYS
[    2.822087] as3722-sd4: supplied by +5V_SYS
[    2.826568] as3722-sd5: supplied by +5V_SYS
[    2.832518] as3722-ldo0: supplied by +1.35V_LP0(sd2)
[    2.837998] as3722-ldo1: supplied by +3.3V_RUN
[    2.843197] as3722-ldo2: supplied by +1.8V_VDDIO
[    2.848735] as3722-ldo3: supplied by +3.3V_SYS
[    2.854276] as3722-ldo4: supplied by +3.3V_SYS
[    2.859028] as3722-ldo5: supplied by +1.8V_VDDIO
[    2.864838] input: tegra-hda HDMI/DP,pcm=3 as /devices/soc0/70030000.hda/sound/card0/input1
[    2.873452] as3722-ldo6: supplied by +3.3V_RUN
[    2.878443] as3722-ldo7: supplied by +1.8V_VDDIO
[    2.883909] +1.05V_RUN_CAM_REAR: Bringing 0uV into 1050000-1050000uV
[    2.891001] as3722-ldo9: supplied by +5V_SYS
[    2.896464] +3.3V_RUN_TOUCH: Bringing 0uV into 2800000-2800000uV
[    2.903221] as3722-ldo10: supplied by +5V_SYS
[    2.908328] +2.8V_RUN_CAM_AF: Bringing 0uV into 2800000-2800000uV
[    2.915194] as3722-ldo11: supplied by +3.3V_RUN
[    2.920483] +1.8V_RUN_VPP_FUSE: Bringing 0uV into 1800000-1800000uV
[    2.929706] tegra-ahci 70027000.sata: AHCI 0001.0301 32 slots 2 ports 3 Gbps 0x1 impl platform mode
[    2.938784] tegra-ahci 70027000.sata: flags: 64bit ncq sntf pm led pio slum part sadm sds apst 
[    2.949311] scsi host0: tegra-ahci
[    2.953761] scsi host1: tegra-ahci
[    2.957459] ata1: SATA max UDMA/133 mmio [mem 0x70027000-0x70028fff] port 0x100 irq 345
[    2.965503] ata2: DUMMY
[    2.969100] tegra-ehci 7d008000.usb: EHCI Host Controller
[    2.974581] tegra-ehci 7d008000.usb: new USB bus registered, assigned bus number 2
[    2.982434] tegra-ehci 7d008000.usb: irq 357, io mem 0x7d008000
[    3.010525] tegra-ehci 7d008000.usb: USB 2.0 started, EHCI 1.10
[    3.017628] hub 2-0:1.0: USB hub found
[    3.021508] hub 2-0:1.0: 1 port detected
[    3.101197] tegra-xusb 70090000.usb: Firmware timestamp: 2014-09-16 02:10:07 UTC
[    3.108623] tegra-xusb 70090000.usb: xHCI Host Controller
[    3.114069] tegra-xusb 70090000.usb: new USB bus registered, assigned bus number 3
[    3.124252] tegra-xusb 70090000.usb: hcc params 0x0184f525 hci version 0x100 quirks 0x00010010
[    3.132943] tegra-xusb 70090000.usb: irq 347, io mem 0x70090000
[    3.140338] hub 3-0:1.0: USB hub found
[    3.144213] hub 3-0:1.0: 6 ports detected
[    3.149076] tegra-xusb 70090000.usb: xHCI Host Controller
[    3.154543] tegra-xusb 70090000.usb: new USB bus registered, assigned bus number 4
[    3.162290] usb usb4: We don't know the algorithms for LPM for this host, disabling LPM.
[    3.171641] hub 4-0:1.0: USB hub found
[    3.175447] hub 4-0:1.0: 2 ports detected
[    3.181513] sdhci-tegra 700b0400.sdhci: Got CD GPIO
[    3.186441] sdhci-tegra 700b0400.sdhci: Got WP GPIO
[    3.199726] mmc1: Unknown controller version (3). You may experience problems.
[    3.207083] mmc1: Invalid maximum block size, assuming 512 bytes
[    3.280804] mmc1: SDHCI controller on 700b0400.sdhci [700b0400.sdhci] using ADMA
[    3.288540] tegra-pcie 1003000.pcie: 2x1, 1x1 configuration
[    3.293626] ata1: SATA link down (SStatus 0 SControl 300)
[    3.302635] tegra-pcie 1003000.pcie: probing port 0, using 2 lanes
[    3.313041] tegra-pcie 1003000.pcie: Slot present pin change, signature: 00000008
[    3.334437] tegra-pcie 1003000.pcie: probing port 1, using 1 lanes
[    3.342767] tegra-pcie 1003000.pcie: Slot present pin change, signature: 00000000
[    3.356683] tegra-pcie 1003000.pcie: PCI host bridge to bus 0000:00
[    3.362992] pci_bus 0000:00: root bus resource [io  0x0000-0xffff]
[    3.369168] pci_bus 0000:00: root bus resource [mem 0x13000000-0x1fffffff]
[    3.376056] pci_bus 0000:00: root bus resource [mem 0x20000000-0x3fffffff pref]
[    3.383426] pci_bus 0000:00: root bus resource [bus 00-ff]
[    3.389015] pci 0000:00:01.0: [10de:0e12] type 01 class 0x060400
[    3.395090] pci_bus 0000:00: 2-byte config write to 0000:00:01.0 offset 0x4 may corrupt adjacent RW1C bits
[    3.404757] pci_bus 0000:00: 2-byte config write to 0000:00:01.0 offset 0x4 may corrupt adjacent RW1C bits
[    3.414444] pci 0000:00:01.0: enabling Extended Tags
[    3.419409] pci_bus 0000:00: 2-byte config write to 0000:00:01.0 offset 0x88 may corrupt adjacent RW1C bits
[    3.429215] pci_bus 0000:00: 2-byte config write to 0000:00:01.0 offset 0x52 may corrupt adjacent RW1C bits
[    3.439057] pci 0000:00:01.0: PME# supported from D0 D1 D2 D3hot D3cold
[    3.445727] pci_bus 0000:00: 2-byte config write to 0000:00:01.0 offset 0x4c may corrupt adjacent RW1C bits
[    3.455738] pci 0000:00:02.0: [10de:0e13] type 01 class 0x060400
[    3.461773] pci_bus 0000:00: 2-byte config write to 0000:00:02.0 offset 0x4 may corrupt adjacent RW1C bits
[    3.471473] pci_bus 0000:00: 2-byte config write to 0000:00:02.0 offset 0x4 may corrupt adjacent RW1C bits
[    3.481216] pci 0000:00:02.0: enabling Extended Tags
[    3.486221] pci_bus 0000:00: 2-byte config write to 0000:00:02.0 offset 0x88 may corrupt adjacent RW1C bits
[    3.495993] pci_bus 0000:00: 2-byte config write to 0000:00:02.0 offset 0x52 may corrupt adjacent RW1C bits
[    3.505778] pci 0000:00:02.0: PME# supported from D0 D1 D2 D3hot D3cold
[    3.512499] pci_bus 0000:00: 2-byte config write to 0000:00:02.0 offset 0x4c may corrupt adjacent RW1C bits
[    3.522669] PCI: bus0: Fast back to back transfers disabled
[    3.528323] pci 0000:00:01.0: bridge configuration invalid ([bus 00-00]), reconfiguring
[    3.536403] pci 0000:00:02.0: bridge configuration invalid ([bus 00-00]), reconfiguring
[    3.544697] pci 0000:01:00.0: [8086:4232] type 00 class 0x028000
[    3.550826] pci 0000:01:00.0: reg 0x10: [mem 0x00000000-0x00001fff 64bit]
[    3.557945] PCI: bus1: Fast back to back transfers disabled
[    3.563600] pci_bus 0000:01: busn_res: [bus 01-ff] end is updated to 01
[    3.570518] pci 0000:02:00.0: [10ec:8168] type 00 class 0x020000
[    3.576617] pci 0000:02:00.0: reg 0x10: [io  0x0000-0x00ff]
[    3.582300] pci 0000:02:00.0: reg 0x18: [mem 0x00000000-0x00000fff 64bit]
[    3.589277] mmc1: new high speed SDHC card at address aaaa
[    3.595369] mmcblk1: mmc1:aaaa SD04G 3.69 GiB 
[    3.600491] pci 0000:02:00.0: reg 0x20: [mem 0x00000000-0x00003fff 64bit pref]
[    3.608305] PCI: bus2: Fast back to back transfers disabled
[    3.614010] pci_bus 0000:02: busn_res: [bus 02-ff] end is updated to 02
[    3.620865] pci 0000:00:01.0: BAR 8: assigned [mem 0x13000000-0x130fffff]
[    3.627721] pci 0000:00:02.0: BAR 8: assigned [mem 0x13100000-0x131fffff]
[    3.634696] pci 0000:00:02.0: BAR 9: assigned [mem 0x20000000-0x200fffff 64bit pref]
[    3.642544] pci 0000:00:02.0: BAR 7: assigned [io  0x1000-0x1fff]
[    3.648795] pci 0000:01:00.0: BAR 0: assigned [mem 0x13000000-0x13001fff 64bit]
[    3.656236] pci 0000:00:01.0: PCI bridge to [bus 01]
[    3.661492] pci 0000:00:01.0:   bridge window [mem 0x13000000-0x130fffff]
[    3.668367] pci 0000:02:00.0: BAR 4: assigned [mem 0x20000000-0x20003fff 64bit pref]
[    3.676414] pci 0000:02:00.0: BAR 2: assigned [mem 0x13100000-0x13100fff 64bit]
[    3.683848] pci 0000:02:00.0: BAR 0: assigned [io  0x1000-0x10ff]
[    3.690092] pci 0000:00:02.0: PCI bridge to [bus 02]
[    3.695163] pci 0000:00:02.0:   bridge window [io  0x1000-0x1fff]
[    3.701467] pci 0000:00:02.0:   bridge window [mem 0x13100000-0x131fffff]
[    3.708321] pci 0000:00:02.0:   bridge window [mem 0x20000000-0x200fffff 64bit pref]
[    3.716300] pci 0000:00:01.0: nv_msi_ht_cap_quirk didn't locate host bridge
[    3.723614]  mmcblk1: p1 p2 p3
[    3.726930] pcieport 0000:00:01.0: enabling device (0140 -> 0142)
[    3.733813] pcieport 0000:00:01.0: Signaling PME with IRQ 395
[    3.740334] pci 0000:00:02.0: nv_msi_ht_cap_quirk didn't locate host bridge
[    3.747462] pcieport 0000:00:02.0: enabling device (0140 -> 0143)
[    3.754007] pcieport 0000:00:02.0: Signaling PME with IRQ 396
[    3.760179] r8169 Gigabit Ethernet driver 2.3LK-NAPI loaded
[    3.765842] r8169 0000:02:00.0: enabling device (0140 -> 0143)
[    3.771776] r8169 0000:02:00.0 (unnamed net_device) (uninitialized): not PCI Express
[    3.802226] r8169 0000:02:00.0 eth0: RTL8168g/8111g at 0x4d1376b4, 00:04:4b:3a:d9:81, XID 0c000800 IRQ 22
[    3.811817] r8169 0000:02:00.0 eth0: jumbo features [frames: 9200 bytes, tx checksumming: ko]
[    3.823985] +1.05V_RUN_AVDD_HDMI_PLL: supplied by +1.05V_RUN
[    3.833401] [drm] Supports vblank timestamp caching Rev 2 (21.10.2013).
[    3.840028] [drm] No driver support for vblank timestamp query.
[    3.974533] tegra-hdmi 54280000.hdmi: cannot set audio to 48000 Hz at 297000000 Hz pixel clock
[    4.221317] Console: switching to colour frame buffer device 512x135
[    4.317676] drm drm: fb0:  frame buffer device
[    4.322218] [drm] Initialized tegra 0.0.0 20120330 for drm on minor 0
[    4.329523] iommu: Adding device cpufreq-dt.0 to group 77
[    4.335248] cpufreq: cpufreq_online: CPU0: Running at unlisted freq: 696000 KHz
[    4.342592] cpufreq: cpufreq_online: CPU0: Unlisted initial frequency changed to: 714000 KHz
[    4.351624] input: gpio-keys as /devices/soc0/gpio-keys/input/input2
[    4.358642] as3722-rtc as3722-rtc: setting system clock to 2000-01-01 00:02:00 UTC (946684920)
[    4.367470] cfg80211: Loading compiled-in X.509 certificates for regulatory database
[    4.377177] cfg80211: Loaded X.509 cert 'sforshee: 00b28ddf47aef9cea7'
[    4.383834] platform regulatory.0: Direct firmware load for regulatory.db failed with error -2
[    4.390794] +USB0_VBUS_SW: disabling
[    4.390809] +1.8V_RUN_CAM: disabling
[    4.392561] +2.8V_RUN_CAM: disabling
[    4.396206] +1.2V_RUN_CAM_FRONT: disabling
[    4.399798] +1.05V_RUN_CAM_REAR: disabling
[    4.403393] +3.3V_RUN_TOUCH: disabling
[    4.407503] +2.8V_RUN_CAM_AF: disabling
[    4.411623] +1.8V_RUN_VPP_FUSE: disabling
[    4.415381] ALSA device list:
[    4.415385]   #0: tegra-hda at 0x70038000 irq 346
[    4.415386]   #1: NVIDIA Tegra Jetson TK1
[    4.434881] cfg80211: failed to load regulatory.db
[    4.440371] EXT4-fs (mmcblk0p1): mounting ext3 file system using the ext4 subsystem
[    4.496378] EXT4-fs (mmcblk0p1): recovery complete
[    4.502198] EXT4-fs (mmcblk0p1): mounted filesystem with ordered data mode. Opts: (null)
[    4.510320] VFS: Mounted root (ext3 filesystem) on device 179:1.
[    4.521310] devtmpfs: mounted
[    4.524644] Freeing unused kernel memory: 1024K
bash: cannot set terminal process group (-1): Inappropriate ioctl for device
bash: no job control in this shell
root@(none):/# 