
U-Boot SPL 2016.05-rc2 (Apr 21 2016 - 16:23:00)
Trying to boot from RAM


U-Boot 2016.05-rc2 (Apr 21 2016 - 16:23:00 -0700)

TEGRA124
Model: NVIDIA Jetson TK1
Board: NVIDIA Jetson TK1
DRAM:  2 GiB
MC:   Tegra SD/MMC: 0, Tegra SD/MMC: 1
In:    serial
Out:   serial
Err:   serial
Net:   No ethernet found.
Hit any key to stop autoboot:  2  0 
Tegra124 (Jetson TK1) # 
Tegra124 (Jetson TK1) # pci enum
Tegra124 (Jetson TK1) # setenv bootargs 'ignore_loglevel console=ttyS0,115200n8 rw root=PARTUUID=b1791faa-84e8-4e27-83a1-9fb0a77e8803 rootwait gpt debug noinitrd earlyprintk init=/bin/bash'
Tegra124 (Jetson TK1) # setenv ipaddr 192.168.100.102; setenv serverip 192.168.100.1; setenv tftpserverip 192.168.100.1
Tegra124 (Jetson TK1) # tftpboot 0x82000000 zImage.multi_v7_defconfig

Warning: eth_rtl8169 using MAC address from ROM
Using eth_rtl8169 device
TFTP from server 192.168.100.1; our IP address is 192.168.100.102
Filename 'zImage.multi_v7_defconfig'.
Load address: 0x82000000
Loading: *#################################################################
	 #################################################################
	 #################################################################
	 #################################################################
	 #################################################################
	 #################################################################
	 #################################################################
	 #######################################
	 3.9 MiB/s
done
Bytes transferred = 7239984 (6e7930 hex)
Tegra124 (Jetson TK1) # tftpboot 0x83000000 tegra124-jetson-tk1.dtb
Using eth_rtl8169 device
TFTP from server 192.168.100.1; our IP address is 192.168.100.102
Filename 'tegra124-jetson-tk1.dtb'.
Load address: 0x83000000
Loading: *#####
	 3.7 MiB/s
done
Bytes transferred = 66737 (104b1 hex)
Tegra124 (Jetson TK1) # bootz 0x82000000 - 0x83000000
Kernel image @ 0x82000000 [ 0x000000 - 0x6e7930 ]
## Flattened Device Tree blob at 83000000
   Booting using the fdt blob at 0x83000000
   Using Device Tree in place at 83000000, end 830134b0

Starting kernel ...

[    0.000000] Booting Linux on physical CPU 0x0
[    0.000000] Linux version 4.7.0-rc7-96809-g92d21ac (pwalmsley@sellafield) (gcc version 4.7.3 20130328 (prerelease) (crosstool-NG linaro-1.13.1-4.7-2013.04-20130415 - Linaro GCC 2013.04) ) #1 SMP Sun Jul 10 21:05:17 PDT 2016
[    0.000000] CPU: ARMv7 Processor [413fc0f3] revision 3 (ARMv7), cr=10c5387d
[    0.000000] CPU: div instructions available: patching division code
[    0.000000] CPU: PIPT / VIPT nonaliasing data cache, PIPT instruction cache
[    0.000000] Machine model: NVIDIA Tegra124 Jetson TK1
[    0.000000] debug: ignoring loglevel setting.
[    0.000000] cma: Reserved 64 MiB at 0xfb800000
[    0.000000] Memory policy: Data cache writealloc
[    0.000000] On node 0 totalpages: 524032
[    0.000000] free_area_init_node: node 0, pgdat c141bb40, node_mem_map eeff8000
[    0.000000]   DMA zone: 1536 pages used for memmap
[    0.000000]   DMA zone: 0 pages reserved
[    0.000000]   DMA zone: 196608 pages, LIFO batch:31
[    0.000000]   HighMem zone: 327424 pages, LIFO batch:31
[    0.000000] percpu: Embedded 13 pages/cpu @eef89000 s23808 r8192 d21248 u53248
[    0.000000] pcpu-alloc: s23808 r8192 d21248 u53248 alloc=13*4096
[    0.000000] pcpu-alloc: [0] 0 [0] 1 [0] 2 [0] 3 
[    0.000000] Built 1 zonelists in Zone order, mobility grouping on.  Total pages: 522496
[    0.000000] Kernel command line: ignore_loglevel console=ttyS0,115200n8 rw root=PARTUUID=b1791faa-84e8-4e27-83a1-9fb0a77e8803 rootwait gpt debug noinitrd earlyprintk init=/bin/bash
[    0.000000] PID hash table entries: 4096 (order: 2, 16384 bytes)
[    0.000000] Dentry cache hash table entries: 131072 (order: 7, 524288 bytes)
[    0.000000] Inode-cache hash table entries: 65536 (order: 6, 262144 bytes)
[    0.000000] Memory: 1994996K/2096128K available (9529K kernel code, 1142K rwdata, 4476K rodata, 2048K init, 343K bss, 35596K reserved, 65536K cma-reserved, 1244160K highmem)
[    0.000000] Virtual kernel memory layout:
[    0.000000]     vector  : 0xffff0000 - 0xffff1000   (   4 kB)
[    0.000000]     fixmap  : 0xffc00000 - 0xfff00000   (3072 kB)
[    0.000000]     vmalloc : 0xf0800000 - 0xff800000   ( 240 MB)
[    0.000000]     lowmem  : 0xc0000000 - 0xf0000000   ( 768 MB)
[    0.000000]     pkmap   : 0xbfe00000 - 0xc0000000   (   2 MB)
[    0.000000]     modules : 0xbf000000 - 0xbfe00000   (  14 MB)
[    0.000000]       .text : 0xc0208000 - 0xc10ad570   (14998 kB)
[    0.000000]       .init : 0xc1100000 - 0xc1300000   (2048 kB)
[    0.000000]       .data : 0xc1300000 - 0xc141dba0   (1143 kB)
[    0.000000]        .bss : 0xc141f000 - 0xc1474ce0   ( 344 kB)
[    0.000000] SLUB: HWalign=64, Order=0-3, MinObjects=0, CPUs=4, Nodes=1
[    0.000000] Hierarchical RCU implementation.
[    0.000000] 	Build-time adjustment of leaf fanout to 32.
[    0.000000] 	RCU restricting CPUs from NR_CPUS=16 to nr_cpu_ids=4.
[    0.000000] RCU: Adjusting geometry for rcu_fanout_leaf=32, nr_cpu_ids=4
[    0.000000] NR_IRQS:16 nr_irqs:16 16
[    0.000000] /interrupt-controller@60004000: 160 interrupts forwarded to /interrupt-controller@0,50041000
[    0.000000] Tegra clk 127: register failed with -17
[    0.000009] sched_clock: 32 bits at 1000kHz, resolution 1000ns, wraps every 2147483647500ns
[    0.000032] clocksource: timer_us: mask: 0xffffffff max_cycles: 0xffffffff, max_idle_ns: 1911260446275 ns
[    0.000045] Switching to timer-based delay loop, resolution 1000ns
[    0.005387] Architected cp15 timer(s) running at 12.00MHz (virt).
[    0.005405] clocksource: arch_sys_counter: mask: 0xffffffffffffff max_cycles: 0x2c47f4ee7, max_idle_ns: 440795202497 ns
[    0.005423] sched_clock: 56 bits at 12MHz, resolution 83ns, wraps every 4398046511096ns
[    0.005435] Switching to timer-based delay loop, resolution 83ns
[    0.005943] Console: colour dummy device 80x30
[    0.005969] Calibrating delay loop (skipped), value calculated using timer frequency.. 24.00 BogoMIPS (lpj=60000)
[    0.005983] pid_max: default: 32768 minimum: 301
[    0.006076] Mount-cache hash table entries: 2048 (order: 1, 8192 bytes)
[    0.006088] Mountpoint-cache hash table entries: 2048 (order: 1, 8192 bytes)
[    0.006691] CPU: Testing write buffer coherency: ok
[    0.006910] /cpus/cpu@0 missing clock-frequency property
[    0.006951] /cpus/cpu@1 missing clock-frequency property
[    0.006993] /cpus/cpu@2 missing clock-frequency property
[    0.007036] /cpus/cpu@3 missing clock-frequency property
[    0.007048] CPU0: thread -1, cpu 0, socket 0, mpidr 80000000
[    0.007069] Setting up static identity map for 0x80300000 - 0x80300098
[    0.010723] Tegra Revision: A01 SKU: 129 CPU Process: 1 SoC Process: 1
[    0.012186] CPU1: thread -1, cpu 1, socket 0, mpidr 80000001
[    0.015865] CPU2: thread -1, cpu 2, socket 0, mpidr 80000002
[    0.020869] CPU3: thread -1, cpu 3, socket 0, mpidr 80000003
[    0.025308] Brought up 4 CPUs
[    0.025329] SMP: Total of 4 processors activated (96.00 BogoMIPS).
[    0.025337] CPU: All CPU(s) started in SVC mode.
[    0.026815] devtmpfs: initialized
[    0.045508] VFP support v0.3: implementor 41 architecture 4 part 30 variant f rev 0
[    0.046201] clocksource: jiffies: mask: 0xffffffff max_cycles: 0xffffffff, max_idle_ns: 9556302231375000 ns
[    0.047588] pinctrl core: initialized pinctrl subsystem
[    0.049249] NET: Registered protocol family 16
[    0.051208] DMA: preallocated 256 KiB pool for atomic coherent allocations
[    0.065436] cpuidle: using governor menu
[    0.084782] No ATAGs?
[    0.084809] hw-breakpoint: found 5 (+1 reserved) breakpoint and 4 watchpoint registers.
[    0.084819] hw-breakpoint: maximum watchpoint size is 8 bytes.
[    0.091090] Serial: AMBA PL011 UART driver
[    0.120704] +5V_SYS: supplied by +VDD_MUX
[    0.121027] +3.3V_SYS: supplied by +VDD_MUX
[    0.121663] +USB0_VBUS_SW: Failed to request enable GPIO108: -517
[    0.121679] reg-fixed-voltage regulators:regulator@7: Failed to register regulator: -517
[    0.121769] +5V_USB_HS: Failed to request enable GPIO109: -517
[    0.121782] reg-fixed-voltage regulators:regulator@8: Failed to register regulator: -517
[    0.121950] +1.05V_RUN_AVDD_HDMI_PLL: Failed to request enable GPIO63: -517
[    0.121963] reg-fixed-voltage regulators:regulator@11: Failed to register regulator: -517
[    0.122049] +5V_HDMI_CON: Failed to request enable GPIO86: -517
[    0.122061] reg-fixed-voltage regulators:regulator@12: Failed to register regulator: -517
[    0.122149] +5V_SATA: Failed to request enable GPIO242: -517
[    0.122160] reg-fixed-voltage regulators:regulator@13: Failed to register regulator: -517
[    0.122247] +12V_SATA: Failed to request enable GPIO242: -517
[    0.122259] reg-fixed-voltage regulators:regulator@14: Failed to register regulator: -517
[    0.125613] vgaarb: loaded
[    0.126459] SCSI subsystem initialized
[    0.126622] libata version 3.00 loaded.
[    0.126900] usbcore: registered new interface driver usbfs
[    0.126970] usbcore: registered new interface driver hub
[    0.127034] usbcore: registered new device driver usb
[    0.130799] pps_core: LinuxPPS API ver. 1 registered
[    0.130809] pps_core: Software ver. 5.3.6 - Copyright 2005-2007 Rodolfo Giometti <giometti@linux.it>
[    0.130858] PTP clock support registered
[    0.131063] EDAC MC: Ver: 3.0.0
[    0.134228] clocksource: Switched to clocksource arch_sys_counter
[    0.145381] NET: Registered protocol family 2
[    0.145896] TCP established hash table entries: 8192 (order: 3, 32768 bytes)
[    0.145995] TCP bind hash table entries: 8192 (order: 4, 65536 bytes)
[    0.146182] TCP: Hash tables configured (established 8192 bind 8192)
[    0.146234] UDP hash table entries: 512 (order: 2, 16384 bytes)
[    0.146274] UDP-Lite hash table entries: 512 (order: 2, 16384 bytes)
[    0.146428] NET: Registered protocol family 1
[    0.146662] RPC: Registered named UNIX socket transport module.
[    0.146671] RPC: Registered udp transport module.
[    0.146679] RPC: Registered tcp transport module.
[    0.146686] RPC: Registered tcp NFSv4.1 backchannel transport module.
[    0.146697] PCI: CLS 0 bytes, default 64
[    0.147890] hw perfevents: enabled with armv7_cortex_a15 PMU driver, 7 counters available
[    0.149405] futex hash table entries: 1024 (order: 4, 65536 bytes)
[    0.150135] workingset: timestamp_bits=28 max_order=19 bucket_order=0
[    0.161401] squashfs: version 4.0 (2009/01/31) Phillip Lougher
[    0.162281] NFS: Registering the id_resolver key type
[    0.162308] Key type id_resolver registered
[    0.162317] Key type id_legacy registered
[    0.162360] ntfs: driver 2.1.32 [Flags: R/O].
[    0.163676] bounce: pool size: 64 pages
[    0.163888] Block layer SCSI generic (bsg) driver version 0.4 loaded (major 248)
[    0.163898] io scheduler noop registered
[    0.163907] io scheduler deadline registered
[    0.163938] io scheduler cfq registered (default)
[    0.169757] usb2-0 supply vbus not found, using dummy regulator
[    0.169880] usb2-1 supply vbus not found, using dummy regulator
[    0.170264] tegra-xusb-padctl 7009f000.padctl: failed to setup XUSB ports: -517
[    0.186878] tegra-pcie 1003000.pcie-controller: 2x1, 1x1 configuration
[    0.186933] tegra-pcie 1003000.pcie-controller: Failed to get supply 'avddio-pex': -517
[    0.194317] tegra-apbdma 60020000.dma: Tegra20 APB DMA driver register 32 channels
[    0.196365] tegra-pmc 7000e400.pmc: emergency thermal reset enabled
[    0.256568] Serial: 8250/16550 driver, 4 ports, IRQ sharing disabled
[    0.259531] console [ttyS0] disabled
[    0.259566] 70006300.serial: ttyS0 at MMIO 0x70006300 (irq = 333, base_baud = 25500000) is a Tegra
[    1.110448] console [ttyS0] enabled
[    1.114876] SuperH (H)SCI(F) driver initialized
[    1.120497] msm_serial: driver initialized
[    1.124813] STMicroelectronics ASC driver initialized
[    1.130809] serial-tegra serial@70006000: failed to get alias id, errno -19
[    1.137836] serial-tegra serial@70006040: failed to get alias id, errno -19
[    1.147918] [drm] Initialized drm 1.1.0 20060810
[    1.156094] tegra-hdmi 54280000.hdmi: failed to get HDMI regulator
[    1.175648] brd: module loaded
[    1.184748] loop: module loaded
[    1.188311] at24 0-0056: 256 byte 24c02 EEPROM, writable, 8 bytes/write
[    1.196635] as3722 4-0040: AS3722 with revision 0x1 found
[    1.207886] as3722-sd2: supplied by +5V_SYS
[    1.212540] as3722-sd3: supplied by +5V_SYS
[    1.216956] +1.35V_LP0(sd3): Bringing 0uV into 1350000-1350000uV
[    1.223341] as3722-sd4: supplied by +5V_SYS
[    1.228000] as3722-sd5: supplied by +5V_SYS
[    1.234062] as3722-ldo0: supplied by +1.35V_LP0(sd2)
[    1.240160] +1.8V_RUN_CAM: Bringing 0uV into 1800000-1800000uV
[    1.246420] as3722-ldo2: supplied by +1.8V_VDDIO
[    1.252353] as3722-ldo3: supplied by +3.3V_SYS
[    1.256849] +1.05V_LP0_VDD_RTC: Bringing 1100000uV into 1000000-1000000uV
[    1.264686] as3722-ldo4: supplied by +3.3V_SYS
[    1.269344] +2.8V_RUN_CAM: Bringing 0uV into 2800000-2800000uV
[    1.275601] as3722-ldo5: supplied by +1.8V_VDDIO
[    1.280452] +1.2V_RUN_CAM_FRONT: Bringing 0uV into 1200000-1200000uV
[    1.287428] +VDDIO_SDMMC3: bypassed regulator has no supply!
[    1.293102] +VDDIO_SDMMC3: failed to get the current voltage(-517)
[    1.299295] as3722-regulator as3722-regulator: regulator 13 register failed -517
[    1.311567] tegra-ahci 70027000.sata: couldn't get PHY in node sata: -517
[    1.333442] m25p80 spi32765.0: w25q32dw (4096 Kbytes)
[    1.341985] libphy: Fixed MDIO Bus: probed
[    1.346794] CAN device driver interface
[    1.352804] igb: Intel(R) Gigabit Ethernet Network Driver - version 5.3.0-k
[    1.359772] igb: Copyright (c) 2007-2014 Intel Corporation.
[    1.368868] pegasus: v0.9.3 (2013/04/25), Pegasus/Pegasus II USB Ethernet driver
[    1.376325] usbcore: registered new interface driver pegasus
[    1.382052] usbcore: registered new interface driver asix
[    1.387503] usbcore: registered new interface driver ax88179_178a
[    1.393647] usbcore: registered new interface driver cdc_ether
[    1.399554] usbcore: registered new interface driver smsc75xx
[    1.405370] usbcore: registered new interface driver smsc95xx
[    1.411167] usbcore: registered new interface driver net1080
[    1.416877] usbcore: registered new interface driver cdc_subset
[    1.422844] usbcore: registered new interface driver zaurus
[    1.428496] usbcore: registered new interface driver cdc_ncm
[    1.434435] tegra-phy 7d004000.usb-phy: no vbus regulator
[    1.442070] ehci_hcd: USB 2.0 'Enhanced' Host Controller (EHCI) Driver
[    1.448608] ehci-pci: EHCI PCI platform driver
[    1.453106] ehci-platform: EHCI generic platform driver
[    1.458578] ehci-omap: OMAP-EHCI Host Controller driver
[    1.463965] ehci-orion: EHCI orion driver
[    1.468138] SPEAr-ehci: EHCI SPEAr driver
[    1.472315] ehci-st: EHCI STMicroelectronics driver
[    1.477360] ehci-exynos: EHCI EXYNOS driver
[    1.481729] ehci-atmel: EHCI Atmel driver
[    1.485902] tegra-ehci: Tegra EHCI driver
[    1.492784] tegra-ehci 7d004000.usb: EHCI Host Controller
[    1.498216] tegra-ehci 7d004000.usb: new USB bus registered, assigned bus number 1
[    1.505964] tegra-ehci 7d004000.usb: irq 352, io mem 0x7d004000
[    1.519296] tegra-ehci 7d004000.usb: USB 2.0 started, EHCI 1.10
[    1.526057] hub 1-0:1.0: USB hub found
[    1.529867] hub 1-0:1.0: 1 port detected
[    1.534442] ohci_hcd: USB 1.1 'Open' Host Controller (OHCI) Driver
[    1.540641] ohci-pci: OHCI PCI platform driver
[    1.545144] ohci-platform: OHCI generic platform driver
[    1.550566] ohci-omap3: OHCI OMAP3 driver
[    1.554742] SPEAr-ohci: OHCI SPEAr driver
[    1.558901] ohci-st: OHCI STMicroelectronics driver
[    1.563945] ohci-atmel: OHCI Atmel driver
[    1.568797] usbcore: registered new interface driver usb-storage
[    1.576563] mousedev: PS/2 mouse device common for all mice
[    1.585580] as3722-rtc as3722-rtc: rtc core: registered as3722-rtc as rtc0
[    1.592477] as3722-rtc as3722-rtc: RTC interrupt 375
[    1.600874] tegra_rtc 7000e000.rtc: rtc core: registered 7000e000.rtc as rtc1
[    1.608065] tegra_rtc 7000e000.rtc: Tegra internal Real Time Clock
[    1.614856] i2c /dev entries driver
[    1.625400] 0-004c supply vcc not found, using dummy regulator
[    1.641063] sdhci: Secure Digital Host Controller Interface driver
[    1.647256] sdhci: Copyright(c) Pierre Ossman
[    1.653322] Synopsys Designware Multimedia Card Interface Driver
[    1.660544] sdhci-pltfm: SDHCI platform and OF driver helper
[    1.667031] sdhci-tegra 700b0400.sdhci: Got CD GPIO
[    1.671939] sdhci-tegra 700b0400.sdhci: Got WP GPIO
[    1.676880] mmc0: Unknown controller version (3). You may experience problems.
[    1.684393] mmc0: Unknown controller version (3). You may experience problems.
[    1.691676] mmc0: Invalid maximum block size, assuming 512 bytes
[    1.729250] mmc0: SDHCI controller on 700b0600.sdhci [700b0600.sdhci] using ADMA 64-bit
[    1.738977] ledtrig-cpu: registered to indicate activity on CPUs
[    1.745334] usbcore: registered new interface driver usbhid
[    1.750917] usbhid: USB HID core driver
[    1.759301] tegra124-dfll 70110000.clock: couldn't get vdd_cpu regulator
[    1.770893] NET: Registered protocol family 10
[    1.776032] sit: IPv6 over IPv4 tunneling driver
[    1.781351] NET: Registered protocol family 17
[    1.785836] can: controller area network core (rev 20120528 abi 9)
[    1.792096] NET: Registered protocol family 29
[    1.796560] can: raw protocol (rev 20120528)
[    1.800859] can: broadcast manager protocol (rev 20120528 t)
[    1.806539] can: netlink gateway (rev 20130117) max_hops=1
[    1.812420] Key type dns_resolver registered
[    1.817347] ThumbEE CPU extension supported.
[    1.821648] Registering SWP/SWPB emulation handler
[    1.830832] +3.3V_RUN: supplied by +3.3V_SYS
[    1.836401] +3.3V_AVDD_HDMI_AP_GATED: supplied by +3.3V_RUN
[    1.842782] +USB0_VBUS_SW: supplied by +5V_SYS
[    1.848213] +5V_USB_HS: supplied by +5V_SYS
[    1.854441] +3.3V_LP0: supplied by +3.3V_SYS
[    1.860440] +5V_HDMI_CON: supplied by +5V_SYS
[    1.865629] +5V_SATA: supplied by +5V_SYS
[    1.870351] +12V_SATA: supplied by +VDD_MUX
[    1.876374] usb2-0 supply vbus not found, using dummy regulator
[    1.882562] usb2-1 supply vbus not found, using dummy regulator
[    1.888945] usb3-0 supply vbus not found, using dummy regulator
[    1.896265] tegra-pcie 1003000.pcie-controller: 2x1, 1x1 configuration
[    1.902979] tegra-pcie 1003000.pcie-controller: Failed to get supply 'avddio-pex': -517
[    1.912994] tegra-hdmi 54280000.hdmi: failed to get PLL regulator
[    1.922969] as3722-sd2: supplied by +5V_SYS
[    1.927735] as3722-sd3: supplied by +5V_SYS
[    1.932469] as3722-sd4: supplied by +5V_SYS
[    1.937145] +1.05V_RUN_AVDD_HDMI_PLL: supplied by +1.05V_RUN
[    1.943058] as3722-sd5: supplied by +5V_SYS
[    1.947848] mmc0: new high speed MMC card at address 0001
[    1.948962] as3722-ldo0: supplied by +1.35V_LP0(sd2)
[    1.949525] as3722-ldo1: supplied by +3.3V_RUN
[    1.949864] as3722-ldo2: supplied by +1.8V_VDDIO
[    1.950815] as3722-ldo3: supplied by +3.3V_SYS
[    1.951759] as3722-ldo4: supplied by +3.3V_SYS
[    1.952090] as3722-ldo5: supplied by +1.8V_VDDIO
[    1.952408] as3722-ldo6: supplied by +3.3V_RUN
[    1.952753] as3722-ldo7: supplied by +1.8V_VDDIO
[    1.952979] +1.05V_RUN_CAM_REAR: Bringing 0uV into 1050000-1050000uV
[    1.953424] as3722-ldo9: supplied by +5V_SYS
[    1.953867] +3.3V_RUN_TOUCH: Bringing 0uV into 2800000-2800000uV
[    1.954439] as3722-ldo10: supplied by +5V_SYS
[    1.954687] +2.8V_RUN_CAM_AF: Bringing 0uV into 2800000-2800000uV
[    1.955111] as3722-ldo11: supplied by +3.3V_RUN
[    1.955335] +1.8V_RUN_VPP_FUSE: Bringing 0uV into 1800000-1800000uV
[    1.958946] tegra-ahci 70027000.sata: AHCI 0001.0301 32 slots 2 ports 3 Gbps 0x1 impl platform mode
[    1.958958] tegra-ahci 70027000.sata: flags: 64bit ncq sntf pm led pio slum part sadm sds apst 
[    1.961270] scsi host0: tegra-ahci
[    1.962722] scsi host1: tegra-ahci
[    1.963159] ata1: SATA max UDMA/133 mmio [mem 0x70027000-0x70028fff] port 0x100 irq 343
[    1.963164] ata2: DUMMY
[    1.966846] tegra-ehci 7d008000.usb: EHCI Host Controller
[    1.966875] tegra-ehci 7d008000.usb: new USB bus registered, assigned bus number 2
[    1.967082] tegra-ehci 7d008000.usb: irq 353, io mem 0x7d008000
[    1.969286] tegra-ehci 7d008000.usb: USB 2.0 started, EHCI 1.10
[    1.970765] hub 2-0:1.0: USB hub found
[    1.970813] hub 2-0:1.0: 1 port detected
[    1.973838] sdhci-tegra 700b0400.sdhci: Got CD GPIO
[    1.973866] sdhci-tegra 700b0400.sdhci: Got WP GPIO
[    1.973934] mmc1: Unknown controller version (3). You may experience problems.
[    1.974175] mmc1: Invalid maximum block size, assuming 512 bytes
[    2.009870] mmc1: SDHCI controller on 700b0400.sdhci [700b0400.sdhci] using ADMA 64-bit
[    2.016038] tegra-pcie 1003000.pcie-controller: 2x1, 1x1 configuration
[    2.020473] tegra-pcie 1003000.pcie-controller: probing port 0, using 2 lanes
[    2.023587] tegra-pcie 1003000.pcie-controller: Slot present pin change, signature: 00000008
[    2.053527] tegra-pcie 1003000.pcie-controller: probing port 1, using 1 lanes
[    2.055606] tegra-pcie 1003000.pcie-controller: Slot present pin change, signature: 00000000
[    2.069651] tegra-pcie 1003000.pcie-controller: PCI host bridge to bus 0000:00
[    2.069662] pci_bus 0000:00: root bus resource [io  0x0000-0xffff]
[    2.069670] pci_bus 0000:00: root bus resource [mem 0x13000000-0x1fffffff]
[    2.069677] pci_bus 0000:00: root bus resource [mem 0x20000000-0x3fffffff pref]
[    2.069684] pci_bus 0000:00: root bus resource [bus 00-ff]
[    2.069730] pci 0000:00:01.0: [10de:0e12] type 01 class 0x060400
[    2.069864] pci 0000:00:01.0: PME# supported from D0 D1 D2 D3hot D3cold
[    2.070237] pci 0000:00:02.0: [10de:0e13] type 01 class 0x060400
[    2.070354] pci 0000:00:02.0: PME# supported from D0 D1 D2 D3hot D3cold
[    2.070717] PCI: bus0: Fast back to back transfers disabled
[    2.070726] pci 0000:00:01.0: bridge configuration invalid ([bus 00-00]), reconfiguring
[    2.070743] pci 0000:00:02.0: bridge configuration invalid ([bus 00-00]), reconfiguring
[    2.070986] pci 0000:01:00.0: [8086:4232] type 00 class 0x028000
[    2.071039] pci 0000:01:00.0: reg 0x10: [mem 0x00000000-0x00001fff 64bit]
[    2.071266] pci 0000:01:00.0: PME# supported from D0 D3hot D3cold
[    2.079441] PCI: bus1: Fast back to back transfers disabled
[    2.079458] pci_bus 0000:01: busn_res: [bus 01-ff] end is updated to 01
[    2.079809] pci 0000:02:00.0: [10ec:8168] type 00 class 0x020000
[    2.079856] pci 0000:02:00.0: reg 0x10: [io  0x0000-0x00ff]
[    2.079937] pci 0000:02:00.0: reg 0x18: [mem 0x00000000-0x00000fff 64bit]
[    2.079969] pci 0000:02:00.0: reg 0x20: [mem 0x00000000-0x00003fff 64bit pref]
[    2.080159] pci 0000:02:00.0: supports D1 D2
[    2.080165] pci 0000:02:00.0: PME# supported from D0 D1 D2 D3hot D3cold
[    2.094371] PCI: bus2: Fast back to back transfers disabled
[    2.094389] pci_bus 0000:02: busn_res: [bus 02-ff] end is updated to 02
[    2.094582] pci 0000:00:01.0: BAR 8: assigned [mem 0x13000000-0x130fffff]
[    2.094592] pci 0000:00:02.0: BAR 8: assigned [mem 0x13100000-0x131fffff]
[    2.094602] pci 0000:00:02.0: BAR 9: assigned [mem 0x20000000-0x200fffff 64bit pref]
[    2.094611] pci 0000:00:02.0: BAR 7: assigned [io  0x1000-0x1fff]
[    2.094627] pci 0000:01:00.0: BAR 0: assigned [mem 0x13000000-0x13001fff 64bit]
[    2.094669] pci 0000:00:01.0: PCI bridge to [bus 01]
[    2.094684] pci 0000:00:01.0:   bridge window [mem 0x13000000-0x130fffff]
[    2.094704] pci 0000:02:00.0: BAR 4: assigned [mem 0x20000000-0x20003fff 64bit pref]
[    2.094733] pci 0000:02:00.0: BAR 2: assigned [mem 0x13100000-0x13100fff 64bit]
[    2.094760] pci 0000:02:00.0: BAR 0: assigned [io  0x1000-0x10ff]
[    2.094773] pci 0000:00:02.0: PCI bridge to [bus 02]
[    2.094779] pci 0000:00:02.0:   bridge window [io  0x1000-0x1fff]
[    2.094790] pci 0000:00:02.0:   bridge window [mem 0x13100000-0x131fffff]
[    2.094799] pci 0000:00:02.0:   bridge window [mem 0x20000000-0x200fffff 64bit pref]
[    2.094842] pci 0000:00:01.0: nv_msi_ht_cap_quirk didn't locate host bridge
[    2.094978] pcieport 0000:00:01.0: enabling device (0140 -> 0142)
[    2.095262] pcieport 0000:00:01.0: Signaling PME through PCIe PME interrupt
[    2.095268] pci 0000:01:00.0: Signaling PME through PCIe PME interrupt
[    2.095278] pcie_pme 0000:00:01.0:pcie001: service driver pcie_pme loaded
[    2.095373] pci 0000:00:02.0: nv_msi_ht_cap_quirk didn't locate host bridge
[    2.095465] pcieport 0000:00:02.0: enabling device (0140 -> 0143)
[    2.095714] pcieport 0000:00:02.0: Signaling PME through PCIe PME interrupt
[    2.095720] pci 0000:02:00.0: Signaling PME through PCIe PME interrupt
[    2.095730] pcie_pme 0000:00:02.0:pcie001: service driver pcie_pme loaded
[    2.096066] r8169 Gigabit Ethernet driver 2.3LK-NAPI loaded
[    2.096092] r8169 0000:02:00.0: enabling device (0140 -> 0143)
[    2.111119] r8169 0000:02:00.0 eth0: RTL8168g/8111g at 0xf0a48000, 00:04:4b:3a:d9:81, XID 0c000800 IRQ 393
[    2.111128] r8169 0000:02:00.0 eth0: jumbo features [frames: 9200 bytes, tx checksumming: ko]
[    2.114742] [drm] Supports vblank timestamp caching Rev 2 (21.10.2013).
[    2.114747] [drm] No driver support for vblank timestamp query.
[    2.114785] drm drm: No connectors reported connected with modes
[    2.114792] [drm] Cannot find any crtc or sizes - going 1024x768
[    2.253596] mmc1: new high speed SDHC card at address aaaa
[    2.254742] mmcblk1: mmc1:aaaa SD04G 3.69 GiB 
[    2.265046]  mmcblk1: p1 p2 p3
[    2.271562] ata1: SATA link down (SStatus 0 SControl 300)
[    2.559567] mmcblk0: mmc0:0001 SEM16G 14.7 GiB 
[    2.566293] Console: switching to colour frame buffer device 128x48
[    2.578937] mmcblk0boot0: mmc0:0001 SEM16G partition 1 4.00 MiB
[    2.580068] mmcblk0boot1: mmc0:0001 SEM16G partition 2 4.00 MiB
[    2.581141] mmcblk0rpmb: mmc0:0001 SEM16G partition 3 4.00 MiB
[    2.590973]  mmcblk0: p1
[    2.605147] drm drm: fb0:  frame buffer device
[    2.624366] [drm] Initialized tegra 0.0.0 20120330 on minor 0
[    2.631849] of: dev_pm_opp_of_cpumask_add_table: couldn't find opp table for cpu:0, -19
[    2.639950] cpufreq: cpufreq_online: CPU0: Running at unlisted freq: 696000 KHz
[    2.647295] cpufreq: cpufreq_online: CPU0: Unlisted initial frequency changed to: 714000 KHz
[    2.656535] input: gpio-keys as /devices/soc0/gpio-keys/input/input0
[    2.663810] as3722-rtc as3722-rtc: setting system clock to 2000-01-01 00:00:13 UTC (946684813)
[    2.675697] +USB0_VBUS_SW: disabling
[    2.679286] +1.8V_RUN_CAM: disabling
[    2.683059] +2.8V_RUN_CAM: disabling
[    2.686749] +1.2V_RUN_CAM_FRONT: disabling
[    2.691020] +1.05V_RUN_CAM_REAR: disabling
[    2.695274] +3.3V_RUN_TOUCH: disabling
[    2.699186] +2.8V_RUN_CAM_AF: disabling
[    2.703255] +1.8V_RUN_VPP_FUSE: disabling
[    2.708621] EXT4-fs (mmcblk0p1): mounting ext3 file system using the ext4 subsystem
[    2.729812] EXT4-fs (mmcblk0p1): recovery complete
[    2.734616] EXT4-fs (mmcblk0p1): mounted filesystem with ordered data mode. Opts: (null)
[    2.742722] VFS: Mounted root (ext3 filesystem) on device 179:17.
[    2.752882] devtmpfs: mounted
[    2.756699] Freeing unused kernel memory: 2048K (c1100000 - c1300000)
bash: cannot set terminal process group (-1): Inappropriate ioctl for device
bash: no job control in this shell
root@(none):/# mount -t sysfs none /sys
root@(none):/# 
root@(none):/# mount -t debugfs none /sys/kernel/debug
root@(none):/# 
root@(none):/# rtcwake -d rtc1 -m mem -s 3
rtcwake: assuming RTC uses UTC ...
rtcwake: wakeup from "mem" using /dev/rtc1 at Thu Jan  1 00:00:18 1970
[    5.468418] PM: Syncing filesystems ... done.
[    5.493587] Freezing user space processes ... (elapsed 0.001 seconds) done.
[    5.502209] Double checking all user space processes after OOM killer disable... (elapsed 0.000 seconds) 
[    5.511975] Freezing remaining freezable tasks ... (elapsed 0.001 seconds) done.
[    5.521258] Suspending console(s) (use no_console_suspend to debug)
[    5.592102] PM: suspend of devices complete after 61.925 msecs
[    5.598871] PM: late suspend of devices complete after 6.741 msecs
[    5.617734] PM: noirq suspend of devices complete after 18.844 msecs
[    5.617742] Disabling non-boot CPUs ...
[    5.619283] CPU1: shutdown
[    5.649463] CPU2: shutdown
[    5.668870] CPU3: shutdown
[    5.686602] Entering suspend state LP1
[    5.686616] Enabling non-boot CPUs ...
[    5.710043] CPU1 is up
[    5.735103] CPU2 is up
[    5.760249] CPU3 is up
[    5.760937] pcieport 0000:00:01.0: nv_msi_ht_cap_quirk didn't locate host bridge
[    5.760952] pcieport 0000:00:02.0: nv_msi_ht_cap_quirk didn't locate host bridge
[    5.774314] PM: noirq resume of devices complete after 14.060 msecs
[    5.776190] PM: early resume of devices complete after 1.567 msecs
[    5.804906] PM: resume of devices complete after 28.706 msecs
[    5.883545] Restarting tasks ... done.
root@(none):/# 
root@(none):/# [    6.092017] ata1: SATA link down (SStatus 0 SControl 300)
rtcwake -d rtc1 -m mem -s 3
rtcwake: assuming RTC uses UTC ...
rtcwake: wakeup from "mem" using /dev/rtc1 at Thu Jan  1 00:00:23 1970
[    7.160009] PM: Syncing filesystems ... done.
[    7.192310] Freezing user space processes ... (elapsed 0.001 seconds) done.
[    7.201258] Double checking all user space processes after OOM killer disable... (elapsed 0.000 seconds) 
[    7.211235] Freezing remaining freezable tasks ... (elapsed 0.001 seconds) done.
[    7.220787] Suspending console(s) (use no_console_suspend to debug)
[    7.297686] PM: suspend of devices complete after 66.638 msecs
[    7.307423] PM: late suspend of devices complete after 9.697 msecs
[    7.324555] PM: noirq suspend of devices complete after 17.105 msecs
[    7.324566] Disabling non-boot CPUs ...
[    7.326974] CPU1: shutdown
[    7.356736] CPU2: shutdown
[    7.375878] CPU3: shutdown
[    7.402699] Entering suspend state LP1
[    7.402713] Enabling non-boot CPUs ...
[    7.425000] CPU1 is up
[    7.450067] CPU2 is up
[    7.475200] CPU3 is up
[    7.475909] pcieport 0000:00:01.0: nv_msi_ht_cap_quirk didn't locate host bridge
[    7.476066] pcieport 0000:00:02.0: nv_msi_ht_cap_quirk didn't locate host bridge
[    7.489284] PM: noirq resume of devices complete after 14.079 msecs
[    7.490632] PM: early resume of devices complete after 1.016 msecs
[    7.519503] PM: resume of devices complete after 28.860 msecs
[    7.598178] Restarting tasks ... done.
root@(none):/# 
root@(none):/# [    7.806988] ata1: SATA link down (SStatus 0 SControl 300)
rtcwake -d rtc1 -m mem -s 3
rtcwake: assuming RTC uses UTC ...
rtcwake: wakeup from "mem" using /dev/rtc1 at Thu Jan  1 00:00:28 1970
[    8.882976] PM: Syncing filesystems ... done.
[    8.915610] Freezing user space processes ... (elapsed 0.001 seconds) done.
[    8.924588] Double checking all user space processes after OOM killer disable... (elapsed 0.000 seconds) 
[    8.934520] Freezing remaining freezable tasks ... (elapsed 0.001 seconds) done.
[    8.944077] Suspending console(s) (use no_console_suspend to debug)
[    9.022592] PM: suspend of devices complete after 68.245 msecs
[    9.030048] PM: late suspend of devices complete after 7.419 msecs
[    9.049599] PM: noirq suspend of devices complete after 19.522 msecs
[    9.049610] Disabling non-boot CPUs ...
[    9.051803] CPU1: shutdown
[    9.081944] CPU2: shutdown
[    9.100760] CPU3: shutdown
[    9.127703] Entering suspend state LP1
[    9.127717] Enabling non-boot CPUs ...
[    9.149976] CPU1 is up
[    9.175033] CPU2 is up
[    9.200182] CPU3 is up
[    9.200901] pcieport 0000:00:01.0: nv_msi_ht_cap_quirk didn't locate host bridge
[    9.200905] pcieport 0000:00:02.0: nv_msi_ht_cap_quirk didn't locate host bridge
[    9.214252] PM: noirq resume of devices complete after 14.062 msecs
[    9.216010] PM: early resume of devices complete after 1.420 msecs
[    9.245604] PM: resume of devices complete after 29.584 msecs
[    9.324284] Restarting tasks ... done.
root@(none):/# 
root@(none):/# [    9.531971] ata1: SATA link down (SStatus 0 SControl 300)
rtcwake -d rtc1 -m mem -s 3
rtcwake: assuming RTC uses UTC ...
rtcwake: wakeup from "mem" using /dev/rtc1 at Thu Jan  1 00:00:33 1970
[   10.607300] PM: Syncing filesystems ... done.
[   10.639869] Freezing user space processes ... (elapsed 0.001 seconds) done.
[   10.648787] Double checking all user space processes after OOM killer disable... (elapsed 0.000 seconds) 
[   10.658723] Freezing remaining freezable tasks ... (elapsed 0.001 seconds) done.
[   10.668181] Suspending console(s) (use no_console_suspend to debug)
[   10.735794] PM: suspend of devices complete after 60.107 msecs
[   10.738070] PM: late suspend of devices complete after 2.263 msecs
[   10.750659] PM: noirq suspend of devices complete after 12.580 msecs
[   10.750662] Disabling non-boot CPUs ...
[   10.751389] CPU1: shutdown
[   10.766539] CPU2: shutdown
[   10.781150] CPU3: shutdown
[   10.795175] Entering suspend state LP1
[   10.795189] Enabling non-boot CPUs ...
[   10.819946] CPU1 is up
[   10.845006] CPU2 is up
[   10.870146] CPU3 is up
[   10.870884] pcieport 0000:00:02.0: nv_msi_ht_cap_quirk didn't locate host bridge
[   10.870886] pcieport 0000:00:01.0: nv_msi_ht_cap_quirk didn't locate host bridge
[   10.884228] PM: noirq resume of devices complete after 14.077 msecs
[   10.885891] PM: early resume of devices complete after 1.352 msecs
[   10.915239] PM: resume of devices complete after 29.339 msecs
[   10.993902] Restarting tasks ... done.
root@(none):/# 
root@(none):/# [   11.201932] ata1: SATA link down (SStatus 0 SControl 300)
rtcwake -d rtc1 -m mem -s 3
rtcwake: assuming RTC uses UTC ...
rtcwake: wakeup from "mem" using /dev/rtc1 at Thu Jan  1 00:00:38 1970
[   12.278364] PM: Syncing filesystems ... done.
[   12.310788] Freezing user space processes ... (elapsed 0.001 seconds) done.
[   12.319785] Double checking all user space processes after OOM killer disable... (elapsed 0.000 seconds) 
[   12.329714] Freezing remaining freezable tasks ... (elapsed 0.002 seconds) done.
[   12.339378] Suspending console(s) (use no_console_suspend to debug)
[   12.417606] PM: suspend of devices complete after 68.008 msecs
[   12.425151] PM: late suspend of devices complete after 7.508 msecs
[   12.444480] PM: noirq suspend of devices complete after 19.301 msecs
[   12.444491] Disabling non-boot CPUs ...
[   12.446898] CPU1: shutdown
[   12.476722] CPU2: shutdown
[   12.495794] CPU3: shutdown
[   12.522619] Entering suspend state LP1
[   12.522634] Enabling non-boot CPUs ...
[   12.544924] CPU1 is up
[   12.570000] CPU2 is up
[   12.595124] CPU3 is up
[   12.595853] pcieport 0000:00:01.0: nv_msi_ht_cap_quirk didn't locate host bridge
[   12.595855] pcieport 0000:00:02.0: nv_msi_ht_cap_quirk didn't locate host bridge
[   12.609193] PM: noirq resume of devices complete after 14.063 msecs
[   12.610274] PM: early resume of devices complete after 0.768 msecs
[   12.639571] PM: resume of devices complete after 29.288 msecs
[   12.718142] Restarting tasks ... done.
root@(none):/# 
root@(none):/# [   12.926887] ata1: SATA link down (SStatus 0 SControl 300)
rtcwake -d rtc1 -m mem -s 3
rtcwake: assuming RTC uses UTC ...
rtcwake: wakeup from "mem" using /dev/rtc1 at Thu Jan  1 00:00:43 1970
[   14.000688] PM: Syncing filesystems ... done.
[   14.030958] Freezing user space processes ... (elapsed 0.001 seconds) done.
[   14.039938] Double checking all user space processes after OOM killer disable... (elapsed 0.000 seconds) 
[   14.049866] Freezing remaining freezable tasks ... (elapsed 0.001 seconds) done.
[   14.059393] Suspending console(s) (use no_console_suspend to debug)
[   14.133168] PM: suspend of devices complete after 63.627 msecs
[   14.140552] PM: late suspend of devices complete after 7.347 msecs
[   14.159368] PM: noirq suspend of devices complete after 18.789 msecs
[   14.159379] Disabling non-boot CPUs ...
[   14.160663] IRQ17 no longer affine to CPU1
[   14.161789] CPU1: shutdown
[   14.181655] CPU2: shutdown
[   14.200830] CPU3: shutdown
[   14.227631] Entering suspend state LP1
[   14.227646] Enabling non-boot CPUs ...
[   14.249888] CPU1 is up
[   14.274951] CPU2 is up
[   14.300083] CPU3 is up
[   14.300821] pcieport 0000:00:02.0: nv_msi_ht_cap_quirk didn't locate host bridge
[   14.300823] pcieport 0000:00:01.0: nv_msi_ht_cap_quirk didn't locate host bridge
[   14.314162] PM: noirq resume of devices complete after 14.073 msecs
[   14.316045] PM: early resume of devices complete after 1.559 msecs
[   14.344942] PM: resume of devices complete after 28.888 msecs
[   14.427618] Restarting tasks ... done.
root@(none):/# 
root@(none):/# [   14.631813] ata1: SATA link down (SStatus 0 SControl 300)
rtcwake -d rtc1 -m mem -s 3
rtcwake: assuming RTC uses UTC ...
rtcwake: wakeup from "mem" using /dev/rtc1 at Thu Jan  1 00:00:48 1970
[   15.706959] PM: Syncing filesystems ... done.
[   15.737995] Freezing user space processes ... (elapsed 0.001 seconds) done.
[   15.746948] Double checking all user space processes after OOM killer disable... (elapsed 0.000 seconds) 
[   15.756837] Freezing remaining freezable tasks ... (elapsed 0.001 seconds) done.
[   15.766452] Suspending console(s) (use no_console_suspend to debug)
[   15.842491] PM: suspend of devices complete after 65.862 msecs
[   15.849771] PM: late suspend of devices complete after 7.242 msecs
[   15.869373] PM: noirq suspend of devices complete after 19.570 msecs
[   15.869385] Disabling non-boot CPUs ...
[   15.870663] IRQ17 no longer affine to CPU1
[   15.871814] CPU1: shutdown
[   15.891905] CPU2: shutdown
[   15.910526] CPU3: shutdown
[   15.937667] Entering suspend state LP1
[   15.937681] Enabling non-boot CPUs ...
[   15.959862] CPU1 is up
[   15.984927] CPU2 is up
[   16.010061] CPU3 is up
[   16.010748] pcieport 0000:00:01.0: nv_msi_ht_cap_quirk didn't locate host bridge
[   16.010811] pcieport 0000:00:02.0: nv_msi_ht_cap_quirk didn't locate host bridge
[   16.024129] PM: noirq resume of devices complete after 14.062 msecs
[   16.025241] PM: early resume of devices complete after 0.778 msecs
[   16.054886] PM: resume of devices complete after 29.636 msecs
[   16.137702] Restarting tasks ... done.
root@(none):/# 
root@(none):/# [   16.341806] ata1: SATA link down (SStatus 0 SControl 300)
rtcwake -d rtc1 -m mem -s 3
rtcwake: assuming RTC uses UTC ...
rtcwake: wakeup from "mem" using /dev/rtc1 at Thu Jan  1 00:00:53 1970
[   17.414685] PM: Syncing filesystems ... done.
[   17.445747] Freezing user space processes ... (elapsed 0.001 seconds) done.
[   17.454736] Double checking all user space processes after OOM killer disable... (elapsed 0.000 seconds) 
[   17.464683] Freezing remaining freezable tasks ... (elapsed 0.001 seconds) done.
[   17.474305] Suspending console(s) (use no_console_suspend to debug)
[   17.552335] PM: suspend of devices complete after 67.616 msecs
[   17.559475] PM: late suspend of devices complete after 7.105 msecs
[   17.579415] PM: noirq suspend of devices complete after 19.909 msecs
[   17.579426] Disabling non-boot CPUs ...
[   17.581823] CPU1: shutdown
[   17.611624] CPU2: shutdown
[   17.630861] CPU3: shutdown
[   17.657514] Entering suspend state LP1
[   17.657529] Enabling non-boot CPUs ...
[   17.679817] CPU1 is up
[   17.704883] CPU2 is up
[   17.730025] CPU3 is up
[   17.730705] pcieport 0000:00:01.0: nv_msi_ht_cap_quirk didn't locate host bridge
[   17.730774] pcieport 0000:00:02.0: nv_msi_ht_cap_quirk didn't locate host bridge
[   17.744096] PM: noirq resume of devices complete after 14.066 msecs
[   17.745516] PM: early resume of devices complete after 1.082 msecs
[   17.774189] PM: resume of devices complete after 28.664 msecs
[   17.852751] Restarting tasks ... done.
root@(none):/# 
root@(none):/# [   18.061784] ata1: SATA link down (SStatus 0 SControl 300)
rtcwake -d rtc1 -m mem -s 3
rtcwake: assuming RTC uses UTC ...
rtcwake: wakeup from "mem" using /dev/rtc1 at Thu Jan  1 00:00:58 1970
[   19.135919] PM: Syncing filesystems ... done.
[   19.166691] Freezing user space processes ... (elapsed 0.001 seconds) done.
[   19.175687] Double checking all user space processes after OOM killer disable... (elapsed 0.000 seconds) 
[   19.185676] Freezing remaining freezable tasks ... (elapsed 0.001 seconds) done.
[   19.195296] Suspending console(s) (use no_console_suspend to debug)
[   19.271489] PM: suspend of devices complete after 66.053 msecs
[   19.278424] PM: late suspend of devices complete after 6.901 msecs
[   19.299384] PM: noirq suspend of devices complete after 20.930 msecs
[   19.299395] Disabling non-boot CPUs ...
[   19.301774] CPU1: shutdown
[   19.321896] CPU2: shutdown
[   19.340525] CPU3: shutdown
[   19.367524] Entering suspend state LP1
[   19.367538] Enabling non-boot CPUs ...
[   19.389802] CPU1 is up
[   19.414856] CPU2 is up
[   19.439994] CPU3 is up
[   19.440702] pcieport 0000:00:01.0: nv_msi_ht_cap_quirk didn't locate host bridge
[   19.440770] pcieport 0000:00:02.0: nv_msi_ht_cap_quirk didn't locate host bridge
[   19.454064] PM: noirq resume of devices complete after 14.065 msecs
[   19.455623] PM: early resume of devices complete after 1.242 msecs
[   19.484297] PM: resume of devices complete after 28.664 msecs
[   19.562961] Restarting tasks ... done.
root@(none):/# 
root@(none):/# [   19.771775] ata1: SATA link down (SStatus 0 SControl 300)
rtcwake -d rtc1 -m mem -s 3
rtcwake: assuming RTC uses UTC ...
rtcwake: wakeup from "mem" using /dev/rtc1 at Thu Jan  1 00:01:03 1970
[   20.846516] PM: Syncing filesystems ... done.
[   20.879027] Freezing user space processes ... (elapsed 0.001 seconds) done.
[   20.887897] Double checking all user space processes after OOM killer disable... (elapsed 0.000 seconds) 
[   20.897822] Freezing remaining freezable tasks ... (elapsed 0.002 seconds) done.
[   20.907420] Suspending console(s) (use no_console_suspend to debug)
[   20.982313] PM: suspend of devices complete after 64.648 msecs
[   20.989820] PM: late suspend of devices complete after 7.471 msecs
[   21.009357] PM: noirq suspend of devices complete after 19.506 msecs
[   21.009368] Disabling non-boot CPUs ...
[   21.011591] CPU1: shutdown
[   21.036729] CPU2: shutdown
[   21.055566] CPU3: shutdown
[   21.082490] Entering suspend state LP1
[   21.082504] Enabling non-boot CPUs ...
[   21.104766] CPU1 is up
[   21.129828] CPU2 is up
[   21.154963] CPU3 is up
[   21.155654] pcieport 0000:00:01.0: nv_msi_ht_cap_quirk didn't locate host bridge
[   21.155816] pcieport 0000:00:02.0: nv_msi_ht_cap_quirk didn't locate host bridge
[   21.169034] PM: noirq resume of devices complete after 14.065 msecs
[   21.170496] PM: early resume of devices complete after 1.143 msecs
[   21.199334] PM: resume of devices complete after 28.828 msecs
[   21.277983] Restarting tasks ... done.
root@(none):/# 
root@(none):/# [   21.486737] ata1: SATA link down (SStatus 0 SControl 300)
NVTB SYSTEM SUSPEND TEST COMPLETE
