
U-Boot SPL 2014.01-00219-gc4d376f (Feb 18 2014 - 19:57:32)


U-Boot 2014.01-00219-gc4d376f (Feb 18 2014 - 19:57:32)

TEGRA114
Board: NVIDIA Dalmore
I2C:   ready
DRAM:  2 GiB
MMC:   Tegra SD/MMC: 0, Tegra SD/MMC: 1
In:    serial
Out:   serial
Err:   serial
Net:   Net Initialization Skipped
No ethernet found.
Hit any key to stop autoboot:  2  0 
Tegra114 (Dalmore) # 
Tegra114 (Dalmore) # usb reset
(Re)start USB...
USB0:   USB EHCI 1.10
scanning bus 0 for devices... 2 USB Device(s) found
       scanning usb for storage devices... 0 Storage Device(s) found
       scanning usb for ethernet devices... 
Warning: asx0 using MAC address from net device
1 Ethernet Device(s) found
Tegra114 (Dalmore) # setenv bootargs 'ignore_loglevel console=ttyS0,115200n8 rw root=PARTUUID=7369c667-ff51-ec4a-29cd-baabf2fbe346 rootwait gpt debug earlyprintk init=/bin/bash'
Tegra114 (Dalmore) # setenv ipaddr 192.168.100.100; setenv serverip 192.168.100.1; setenv tftpserverip 192.168.100.1
Tegra114 (Dalmore) # tftpboot 0x81000000 zImage.multi_v7_defconfig
Using asx0 device
TFTP from server 192.168.100.1; our IP address is 192.168.100.100
Filename 'zImage.multi_v7_defconfig'.
Load address: 0x81000000
Loading: *#################################################################
	 #################################################################
	 #################################################################
	 #################################################################
	 #################################################################
	 #################################################################
	 #################################################################
	 #################################################################
	 #############################
	 3.5 MiB/s
done
Bytes transferred = 8057344 (7af200 hex)
Tegra114 (Dalmore) # tftpboot 0x82000000 tegra114-dalmore.dtb
Using asx0 device
TFTP from server 192.168.100.1; our IP address is 192.168.100.100
Filename 'tegra114-dalmore.dtb'.
Load address: 0x82000000
Loading: *###
	 3 MiB/s
done
Bytes transferred = 34502 (86c6 hex)
Tegra114 (Dalmore) # bootz 0x81000000 - 0x82000000
Kernel image @ 0x81000000 [ 0x000000 - 0x7af200 ]
## Flattened Device Tree blob at 82000000
   Booting using the fdt blob at 0x82000000
   Loading Device Tree to 8fff4000, end 8ffff6c5 ... OK

Starting kernel ...

[    0.000000] Booting Linux on physical CPU 0x0
[    0.000000] Linux version 4.15.0-rc1-333438-g4fbd8d194f06 (jonathanh@tamien) (gcc version 4.7.3 20130328 (prerelease) (crosstool-NG linaro-1.13.1-4.7-2013.04-20130415 - Linaro GCC 2013.04)) #1 SMP Mon Dec 4 13:33:57 PST 2017
[    0.000000] CPU: ARMv7 Processor [412fc0f2] revision 2 (ARMv7), cr=10c5387d
[    0.000000] CPU: div instructions available: patching division code
[    0.000000] CPU: PIPT / VIPT nonaliasing data cache, PIPT instruction cache
[    0.000000] OF: fdt: Machine model: NVIDIA Tegra114 Dalmore evaluation board
[    0.000000] debug: ignoring loglevel setting.
[    0.000000] Memory policy: Data cache writealloc
[    0.000000] efi: Getting EFI parameters from FDT:
[    0.000000] efi: UEFI not found.
[    0.000000] cma: Reserved 64 MiB at 0xfb800000
[    0.000000] On node 0 totalpages: 524032
[    0.000000]   DMA zone: 1536 pages used for memmap
[    0.000000]   DMA zone: 0 pages reserved
[    0.000000]   DMA zone: 196608 pages, LIFO batch:31
[    0.000000]   HighMem zone: 327424 pages, LIFO batch:31
[    0.000000] random: fast init done
[    0.000000] percpu: Embedded 17 pages/cpu @eef9b000 s39040 r8192 d22400 u69632
[    0.000000] pcpu-alloc: s39040 r8192 d22400 u69632 alloc=17*4096
[    0.000000] pcpu-alloc: [0] 0 [0] 1 [0] 2 [0] 3 
[    0.000000] Built 1 zonelists, mobility grouping on.  Total pages: 522496
[    0.000000] Kernel command line: ignore_loglevel console=ttyS0,115200n8 rw root=PARTUUID=7369c667-ff51-ec4a-29cd-baabf2fbe346 rootwait gpt debug earlyprintk init=/bin/bash
[    0.000000] Dentry cache hash table entries: 131072 (order: 7, 524288 bytes)
[    0.000000] Inode-cache hash table entries: 65536 (order: 6, 262144 bytes)
[    0.000000] Memory: 1992548K/2096128K available (11264K kernel code, 1602K rwdata, 4296K rodata, 2048K init, 404K bss, 38044K reserved, 65536K cma-reserved, 1244160K highmem)
[    0.000000] Virtual kernel memory layout:
[    0.000000]     vector  : 0xffff0000 - 0xffff1000   (   4 kB)
[    0.000000]     fixmap  : 0xffc00000 - 0xfff00000   (3072 kB)
[    0.000000]     vmalloc : 0xf0800000 - 0xff800000   ( 240 MB)
[    0.000000]     lowmem  : 0xc0000000 - 0xf0000000   ( 768 MB)
[    0.000000]     pkmap   : 0xbfe00000 - 0xc0000000   (   2 MB)
[    0.000000]     modules : 0xbf000000 - 0xbfe00000   (  14 MB)
[    0.000000]       .text : 0xc0208000 - 0xc0e00000   (12256 kB)
[    0.000000]       .init : 0xc1300000 - 0xc1500000   (2048 kB)
[    0.000000]       .data : 0xc1500000 - 0xc1690a5c   (1603 kB)
[    0.000000]        .bss : 0xc1690a5c - 0xc16f5ca4   ( 405 kB)
[    0.000000] SLUB: HWalign=64, Order=0-3, MinObjects=0, CPUs=4, Nodes=1
[    0.000000] Hierarchical RCU implementation.
[    0.000000] 	RCU event tracing is enabled.
[    0.000000] 	RCU restricting CPUs from NR_CPUS=16 to nr_cpu_ids=4.
[    0.000000] RCU: Adjusting geometry for rcu_fanout_leaf=16, nr_cpu_ids=4
[    0.000000] NR_IRQS: 16, nr_irqs: 16, preallocated irqs: 16
[    0.000000] /interrupt-controller@60004000: 160 interrupts forwarded to /interrupt-controller@50041000
[    0.000000] Tegra clk 127: register failed with -17
[    0.000009] sched_clock: 32 bits at 1000kHz, resolution 1000ns, wraps every 2147483647500ns
[    0.000029] clocksource: timer_us: mask: 0xffffffff max_cycles: 0xffffffff, max_idle_ns: 1911260446275 ns
[    0.000045] Switching to timer-based delay loop, resolution 1000ns
[    0.003185] arch_timer: cp15 timer(s) running at 12.00MHz (virt).
[    0.003206] clocksource: arch_sys_counter: mask: 0xffffffffffffff max_cycles: 0x2c47f4ee7, max_idle_ns: 440795202497 ns
[    0.003225] sched_clock: 56 bits at 12MHz, resolution 83ns, wraps every 4398046511096ns
[    0.003240] Switching to timer-based delay loop, resolution 83ns
[    0.003653] Console: colour dummy device 80x30
[    0.003689] Calibrating delay loop (skipped), value calculated using timer frequency.. 24.00 BogoMIPS (lpj=120000)
[    0.003708] pid_max: default: 32768 minimum: 301
[    0.003803] Mount-cache hash table entries: 2048 (order: 1, 8192 bytes)
[    0.003820] Mountpoint-cache hash table entries: 2048 (order: 1, 8192 bytes)
[    0.004343] CPU: Testing write buffer coherency: ok
[    0.004590] /cpus/cpu@0 missing clock-frequency property
[    0.004622] /cpus/cpu@1 missing clock-frequency property
[    0.004654] /cpus/cpu@2 missing clock-frequency property
[    0.004686] /cpus/cpu@3 missing clock-frequency property
[    0.004700] CPU0: thread -1, cpu 0, socket 0, mpidr 80000000
[    0.005015] Setting up static identity map for 0x80300000 - 0x803000a0
[    0.006253] Hierarchical SRCU implementation.
[    0.007597] Tegra Revision: A01 SKU: 0 CPU Process: 1 SoC Process: 0
[    0.008247] EFI services will not be available.
[    0.008405] smp: Bringing up secondary CPUs ...
[    0.009004] CPU1: thread -1, cpu 1, socket 0, mpidr 80000001
[    0.009695] CPU2: thread -1, cpu 2, socket 0, mpidr 80000002
[    0.010383] CPU3: thread -1, cpu 3, socket 0, mpidr 80000003
[    0.010488] smp: Brought up 1 node, 4 CPUs
[    0.010510] SMP: Total of 4 processors activated (96.00 BogoMIPS).
[    0.010520] CPU: All CPU(s) started in SVC mode.
[    0.012023] devtmpfs: initialized
[    0.019878] VFP support v0.3: implementor 41 architecture 4 part 30 variant f rev 0
[    0.020182] clocksource: jiffies: mask: 0xffffffff max_cycles: 0xffffffff, max_idle_ns: 19112604462750000 ns
[    0.020202] futex hash table entries: 1024 (order: 4, 65536 bytes)
[    0.021645] pinctrl core: initialized pinctrl subsystem
[    0.022926] DMI not present or invalid.
[    0.023218] NET: Registered protocol family 16
[    0.025449] DMA: preallocated 256 KiB pool for atomic coherent allocations
[    0.027389] cpuidle: using governor menu
[    0.048890] No ATAGs?
[    0.049024] hw-breakpoint: found 5 (+1 reserved) breakpoint and 4 watchpoint registers.
[    0.049041] hw-breakpoint: maximum watchpoint size is 8 bytes.
[    0.054584] Serial: AMBA PL011 UART driver
[    0.055494] tegra-mc 70019000.memory-controller: no memory timings for RAM code 3 registered
[    0.055627] iommu: Adding device reg-dummy to group 0
[    0.055665] iommu: Adding device 50000000.host1x to group 1
[    0.055699] iommu: Adding device 54140000.gr2d to group 2
[    0.055733] iommu: Adding device 54180000.gr3d to group 3
[    0.055804] iommu: Adding device 54200000.dc to group 4
[    0.055876] iommu: Adding device 54240000.dc to group 5
[    0.055919] iommu: Adding device 54280000.hdmi to group 6
[    0.055952] iommu: Adding device 54300000.dsi to group 7
[    0.055985] iommu: Adding device 60005000.timer to group 8
[    0.056017] iommu: Adding device 60007000.flow-controller to group 9
[    0.056052] iommu: Adding device 6000a000.dma to group 10
[    0.056085] iommu: Adding device 6000c000.ahb to group 11
[    0.056117] iommu: Adding device 6000d000.gpio to group 12
[    0.056150] iommu: Adding device 70000800.apbmisc to group 13
[    0.056187] iommu: Adding device 70000868.pinmux to group 14
[    0.056219] iommu: Adding device 70006300.serial to group 15
[    0.056251] iommu: Adding device 7000a000.pwm to group 16
[    0.056289] iommu: Adding device 7000c000.i2c to group 17
[    0.056322] iommu: Adding device 7000c700.i2c to group 18
[    0.056354] iommu: Adding device 7000d000.i2c to group 19
[    0.056389] iommu: Adding device 7000da00.spi to group 20
[    0.056425] iommu: Adding device 7000e000.rtc to group 21
[    0.056461] iommu: Adding device 7000e400.pmc to group 22
[    0.056495] iommu: Adding device 7000f800.fuse to group 23
[    0.056528] iommu: Adding device 70019000.memory-controller to group 24
[    0.056561] iommu: Adding device 70080000.ahub to group 25
[    0.056594] iommu: Adding device 700e3000.mipi to group 26
[    0.056626] iommu: Adding device 78000400.sdhci to group 27
[    0.056663] iommu: Adding device 78000600.sdhci to group 28
[    0.056696] iommu: Adding device 7d000000.usb to group 29
[    0.056729] iommu: Adding device 7d000000.usb-phy to group 30
[    0.056766] iommu: Adding device 7d008000.usb to group 31
[    0.056800] iommu: Adding device 7d008000.usb-phy to group 32
[    0.056831] iommu: Adding device timer to group 33
[    0.056864] iommu: Adding device backlight to group 34
[    0.056897] iommu: Adding device clocks to group 35
[    0.056929] iommu: Adding device gpio-keys to group 36
[    0.056962] iommu: Adding device regulators to group 37
[    0.056999] iommu: Adding device regulators:regulator@0 to group 38
[    0.057036] iommu: Adding device regulators:regulator@1 to group 39
[    0.057069] iommu: Adding device regulators:regulator@3 to group 40
[    0.057103] iommu: Adding device regulators:regulator@4 to group 41
[    0.057135] iommu: Adding device regulators:regulator@5 to group 42
[    0.057167] iommu: Adding device regulators:regulator@6 to group 43
[    0.057200] iommu: Adding device regulators:regulator@7 to group 44
[    0.057232] iommu: Adding device sound to group 45
[    0.071107] AT91: Could not find identification node
[    0.071584] dvdd_ts: Failed to request enable GPIO61: -517
[    0.071605] reg-fixed-voltage regulators:regulator@1: Failed to register regulator: -517
[    0.071714] usb1_vbus: Failed to request enable GPIO108: -517
[    0.071729] reg-fixed-voltage regulators:regulator@3: Failed to register regulator: -517
[    0.071833] usb2_vbus: Failed to request enable GPIO86: -517
[    0.071847] reg-fixed-voltage regulators:regulator@4: Failed to register regulator: -517
[    0.072260] VDD_5V0_HDMI_CON: Failed to request enable GPIO81: -517
[    0.072275] reg-fixed-voltage regulators:regulator@7: Failed to register regulator: -517
[    0.074718] vgaarb: loaded
[    0.075424] SCSI subsystem initialized
[    0.075600] libata version 3.00 loaded.
[    0.075801] usbcore: registered new interface driver usbfs
[    0.075851] usbcore: registered new interface driver hub
[    0.075922] usbcore: registered new device driver usb
[    0.079175] tps65090 2-0048: No cache defaults, reading back from HW
[    0.080180] iommu: Adding device tps65090-pmic to group 46
[    0.081122] TPS65090_RAILSDCDC1: supplied by vdd_ac_bat
[    0.082179] TPS65090_RAILSDCDC2: supplied by vdd_ac_bat
[    0.083230] TPS65090_RAILSDCDC3: supplied by vdd_ac_bat
[    0.083772] TPS65090_RAILSFET1: supplied by vdd_ac_bat
[    0.084132] TPS65090_RAILSFET2: supplied by vdd_ac_bat
[    0.084488] TPS65090_RAILSFET3: supplied by vdd-sys-3v3
[    0.084998] TPS65090_RAILSFET4: supplied by vdd-sys-3v3
[    0.085517] TPS65090_RAILSFET5: supplied by vdd-sys-3v3
[    0.086020] TPS65090_RAILSFET6: supplied by vdd-sys-3v3
[    0.086846] TPS65090_RAILSFET7: supplied by vdd-sys-3v3
[    0.087353] TPS65090_RAILSLDO1: supplied by vdd_ac_bat
[    0.087536] TPS65090_RAILSLDO2: supplied by vdd_ac_bat
[    0.087854] iommu: Adding device tps65090-charger to group 47
[    0.088461] palmas 2-0058: Irq flag is 0x00000004
[    0.090431] palmas 2-0058: Muxing GPIO ff, PWM 0, LED 0
[    0.090664] iommu: Adding device 7000d000.i2c:tps65913@58:gpio to group 48
[    0.091194] iommu: Adding device 7000d000.i2c:tps65913@58:pmic to group 49
[    0.092995] SMPS12: supplied by vdd-ao
[    0.094006] vdd_hdmi_5v0: supplied by vdd-sys-5v0
[    0.094821] SMPS3: supplied by vdd-ao
[    0.096541] SMPS457: supplied by vdd-sys-3v3
[    0.098168] SMPS6: supplied by regulator-dummy
[    0.099558] SMPS8: supplied by vdd-sys-3v3
[    0.101138] SMPS9: supplied by vdd-sys-3v3
[    0.101656] sdhci-vdd-sd-slot: Bringing 2840000uV into 2800000-2800000uV
[    0.103026] SMPS10_OUT2: supplied by regulator-dummy
[    0.103915] SMPS10_OUT1: supplied by regulator-dummy
[    0.104748] LDO1: supplied by vdd-sys-3v3
[    0.105855] LDO2: supplied by vdd-sys-3v3
[    0.106964] LDO3: supplied by vddio-1v8
[    0.108059] LDO4: supplied by vdd-sys-3v3
[    0.109156] LDO5: supplied by vdd_ac_bat
[    0.109832] LDO6: supplied by vdd-sys-3v3
[    0.110347] vdd-sensor-2v85: Bringing 2900000uV into 2850000-2850000uV
[    0.111669] LDO7: supplied by vdd-sys-3v3
[    0.113318] LDO8: supplied by vdd-ao
[    0.113850] vdd-rtc: Bringing 675000uV into 900000-900000uV
[    0.123913] LDO9: supplied by sdhci-vdd-sd-slot
[    0.134234] LDOLN: supplied by vdd-sys-5v0
[    0.135347] LDOUSB: supplied by vdd-sys-5v0
[    0.145653] iommu: Adding device 7000d000.i2c:tps65913@58:rtc to group 50
[    0.146060] iommu: Adding device 7000d000.i2c:tps65913@58:pinmux to group 51
[    0.146620] pps_core: LinuxPPS API ver. 1 registered
[    0.146630] pps_core: Software ver. 5.3.6 - Copyright 2005-2007 Rodolfo Giometti <giometti@linux.it>
[    0.146653] PTP clock support registered
[    0.146840] EDAC MC: Ver: 3.0.0
[    0.147117] dmi: Firmware registration failed.
[    0.148946] clocksource: Switched to clocksource arch_sys_counter
[    0.200827] NET: Registered protocol family 2
[    0.201325] TCP established hash table entries: 8192 (order: 3, 32768 bytes)
[    0.201425] TCP bind hash table entries: 8192 (order: 4, 65536 bytes)
[    0.201614] TCP: Hash tables configured (established 8192 bind 8192)
[    0.201702] UDP hash table entries: 512 (order: 2, 16384 bytes)
[    0.201746] UDP-Lite hash table entries: 512 (order: 2, 16384 bytes)
[    0.201902] NET: Registered protocol family 1
[    0.202287] RPC: Registered named UNIX socket transport module.
[    0.202298] RPC: Registered udp transport module.
[    0.202307] RPC: Registered tcp transport module.
[    0.202316] RPC: Registered tcp NFSv4.1 backchannel transport module.
[    0.202330] PCI: CLS 0 bytes, default 64
[    0.203796] iommu: Adding device alarmtimer to group 52
[    0.204511] Initialise system trusted keyrings
[    0.204653] workingset: timestamp_bits=30 max_order=19 bucket_order=0
[    0.210552] squashfs: version 4.0 (2009/01/31) Phillip Lougher
[    0.211151] NFS: Registering the id_resolver key type
[    0.211173] Key type id_resolver registered
[    0.211183] Key type id_legacy registered
[    0.211226] ntfs: driver 2.1.32 [Flags: R/O].
[    0.212808] Key type asymmetric registered
[    0.212820] Asymmetric key parser 'x509' registered
[    0.212873] bounce: pool size: 64 pages
[    0.212923] Block layer SCSI generic (bsg) driver version 0.4 loaded (major 247)
[    0.212934] io scheduler noop registered
[    0.212944] io scheduler deadline registered
[    0.213162] io scheduler cfq registered (default)
[    0.213173] io scheduler mq-deadline registered
[    0.213183] io scheduler kyber registered
[    0.245345] tegra-apbdma 6000a000.dma: Tegra20 APB DMA driver register 32 channels
[    0.248244] tegra-pmc 7000e400.pmc: i2c-thermtrip node not found, emergency thermal reset disabled.
[    0.298903] Serial: 8250/16550 driver, 4 ports, IRQ sharing disabled
[    0.299034] iommu: Adding device serial8250 to group 53
[    0.301618] console [ttyS0] disabled
[    0.301658] 70006300.serial: ttyS0 at MMIO 0x70006300 (irq = 329, base_baud = 25500000) is a Tegra
[    1.616955] console [ttyS0] enabled
[    1.621234] SuperH (H)SCI(F) driver initialized
[    1.626740] msm_serial: driver initialized
[    1.631033] STMicroelectronics ASC driver initialized
[    1.658010] tegra-hdmi 54280000.hdmi: failed to get HDMI regulator
[    1.679994] brd: module loaded
[    1.689689] loop: module loaded
[    1.710041] m25p80 spi0.0: w25q32dw (4096 Kbytes)
[    1.716890] iommu: Adding device Fixed MDIO bus.0 to group 54
[    1.723090] libphy: Fixed MDIO Bus: probed
[    1.728165] CAN device driver interface
[    1.732911] bgmac_bcma: Broadcom 47xx GBit MAC driver loaded
[    1.739798] e1000e: Intel(R) PRO/1000 Network Driver - 3.2.6-k
[    1.745622] e1000e: Copyright(c) 1999 - 2015 Intel Corporation.
[    1.751597] igb: Intel(R) Gigabit Ethernet Network Driver - version 5.4.0-k
[    1.758547] igb: Copyright (c) 2007-2014 Intel Corporation.
[    1.767637] pegasus: v0.9.3 (2013/04/25), Pegasus/Pegasus II USB Ethernet driver
[    1.775085] usbcore: registered new interface driver pegasus
[    1.780788] usbcore: registered new interface driver asix
[    1.786208] usbcore: registered new interface driver ax88179_178a
[    1.792339] usbcore: registered new interface driver cdc_ether
[    1.798201] usbcore: registered new interface driver smsc75xx
[    1.803998] usbcore: registered new interface driver smsc95xx
[    1.809783] usbcore: registered new interface driver net1080
[    1.815462] usbcore: registered new interface driver cdc_subset
[    1.821414] usbcore: registered new interface driver zaurus
[    1.827022] usbcore: registered new interface driver cdc_ncm
[    1.832925] tegra-phy 7d000000.usb-phy: no vbus regulator
[    1.840365] ehci_hcd: USB 2.0 'Enhanced' Host Controller (EHCI) Driver
[    1.846884] ehci-pci: EHCI PCI platform driver
[    1.851374] ehci-platform: EHCI generic platform driver
[    1.856778] ehci-orion: EHCI orion driver
[    1.860943] SPEAr-ehci: EHCI SPEAr driver
[    1.865080] ehci-st: EHCI STMicroelectronics driver
[    1.870100] ehci-exynos: EHCI EXYNOS driver
[    1.874419] ehci-atmel: EHCI Atmel driver
[    1.878546] tegra-ehci: Tegra EHCI driver
[    1.882858] ohci_hcd: USB 1.1 'Open' Host Controller (OHCI) Driver
[    1.889060] ohci-pci: OHCI PCI platform driver
[    1.893537] ohci-platform: OHCI generic platform driver
[    1.898921] SPEAr-ohci: OHCI SPEAr driver
[    1.903070] ohci-st: OHCI STMicroelectronics driver
[    1.908068] ohci-atmel: OHCI Atmel driver
[    1.912785] usbcore: registered new interface driver usb-storage
[    1.922881] iommu: Adding device ci_hdrc.0 to group 55
[    1.936607] palmas-rtc 7000d000.i2c:tps65913@58:rtc: rtc core: registered 7000d000.i2c:tps65913@58:rtc as rtc0
[    1.948398] tegra_rtc 7000e000.rtc: rtc core: registered 7000e000.rtc as rtc1
[    1.955596] tegra_rtc 7000e000.rtc: Tegra internal Real Time Clock
[    1.962295] i2c /dev entries driver
[    1.972240] sbs-battery 0-000b: sbs_probe: Failed to get device status
[    1.978773] sbs-battery: probe of 0-000b failed with error -121
[    1.995062] sdhci: Secure Digital Host Controller Interface driver
[    2.001260] sdhci: Copyright(c) Pierre Ossman
[    2.007148] Synopsys Designware Multimedia Card Interface Driver
[    2.014513] sdhci-pltfm: SDHCI platform and OF driver helper
[    2.020918] sdhci-tegra 78000400.sdhci: Got CD GPIO
[    2.025804] sdhci-tegra 78000400.sdhci: Got WP GPIO
[    2.038945] mmc0: Invalid maximum block size, assuming 512 bytes
[    2.109101] mmc0: SDHCI controller on 78000400.sdhci [78000400.sdhci] using ADMA
[    2.125782] mmc1: Invalid maximum block size, assuming 512 bytes
[    2.188990] mmc1: SDHCI controller on 78000600.sdhci [78000600.sdhci] using ADMA
[    2.198394] ledtrig-cpu: registered to indicate activity on CPUs
[    2.204778] usbcore: registered new interface driver usbhid
[    2.210363] usbhid: USB HID core driver
[    2.218063] NET: Registered protocol family 10
[    2.223416] Segment Routing with IPv6
[    2.227144] sit: IPv6, IPv4 and MPLS over IPv4 tunneling driver
[    2.233604] NET: Registered protocol family 17
[    2.238049] can: controller area network core (rev 20170425 abi 9)
[    2.244303] NET: Registered protocol family 29
[    2.248743] can: raw protocol (rev 20170425)
[    2.253031] can: broadcast manager protocol (rev 20170425 t)
[    2.258688] can: netlink gateway (rev 20170425) max_hops=1
[    2.264463] Key type dns_resolver registered
[    2.269257] ThumbEE CPU extension supported.
[    2.273527] Registering SWP/SWPB emulation handler
[    2.278821] Loading compiled-in X.509 certificates
[    2.294853] mmc0: new high speed SDHC card at address aaaa
[    2.296985] usb1_vbus: supplied by vdd-sys-5v0
[    2.305523] usb2_vbus: supplied by vdd-sys-5v0
[    2.309242] mmcblk0: mmc0:aaaa SL16G 14.8 GiB 
[    2.317558] VDD_5V0_HDMI_CON: supplied by vdd-sys-5v0
[    2.327394]  mmcblk0: p1 p2 p3
[    2.331157] [drm] Supports vblank timestamp caching Rev 2 (21.10.2013).
[    2.337779] [drm] No driver support for vblank timestamp query.
[    2.347630] mmc1: new high speed MMC card at address 0001
[    2.353633] mmcblk1: mmc1:0001 SEM32G 29.1 GiB 
[    2.358506] mmcblk1boot0: mmc1:0001 SEM32G partition 1 4.00 MiB
[    2.364806] mmcblk1boot1: mmc1:0001 SEM32G partition 2 4.00 MiB
[    2.371385] mmcblk1rpmb: mmc1:0001 SEM32G partition 3 4.00 MiB, chardev (237:0)
[    2.374410]  mmcblk1: p1 p2 p3 p4 p5 p6 p7 p8
[    2.439665] Console: switching to colour frame buffer device 240x75
[    2.490969] drm drm: fb0:  frame buffer device
[    2.495509] [drm] Initialized tegra 0.0.0 20120330 for drm on minor 0
[    2.505474] tegra-ehci 7d008000.usb: EHCI Host Controller
[    2.510937] tegra-ehci 7d008000.usb: new USB bus registered, assigned bus number 1
[    2.518769] tegra-ehci 7d008000.usb: irq 340, io mem 0x7d008000
[    2.549073] tegra-ehci 7d008000.usb: USB 2.0 started, EHCI 1.10
[    2.556144] hub 1-0:1.0: USB hub found
[    2.560014] hub 1-0:1.0: 1 port detected
[    2.565702] input: gpio-keys as /devices/soc0/gpio-keys/input/input0
[    2.574679] palmas-rtc 7000d000.i2c:tps65913@58:rtc: setting system clock to 2000-04-27 04:37:27 UTC (956810247)
[    2.591040] dvdd_ts: disabling
[    2.594100] usb1_vbus: disabling
[    2.597325] vdd_cam_1v8_reg: disabling
[    2.602721] EXT4-fs (mmcblk1p1): mounting ext3 file system using the ext4 subsystem
[    2.625118] EXT4-fs (mmcblk1p1): recovery complete
[    2.630002] EXT4-fs (mmcblk1p1): mounted filesystem with ordered data mode. Opts: (null)
[    2.638134] VFS: Mounted root (ext3 filesystem) on device 179:17.
[    2.646904] devtmpfs: mounted
[    2.651894] Freeing unused kernel memory: 2048K
bash: cannot set terminal process group (-1): Inappropriate ioctl for device
bash: no job control in this shell
root@(none):/# mount -t sysfs none /sys
[    3.614128] asix 1-1:1.0 eth0: register 'asix' at usb-7d008000.usb-1, ASIX AX88772 USB 2.0 Ethernet, 00:50:b6:0d:b5:16
root@(none):/# 
root@(none):/# mount -t debugfs none /sys/kernel/debug
root@(none):/# 
root@(none):/# rtcwake -d rtc1 -m mem -s 3
rtcwake: assuming RTC uses UTC ...
rtcwake: wakeup from "mem" using /dev/rtc1 at Thu Jan  1 00:00:20 1970
[    5.644560] PM: suspend entry (deep)
[    5.648137] PM: Syncing filesystems ... done.
[    5.688333] Freezing user space processes ... (elapsed 0.001 seconds) done.
[    5.696570] OOM killer disabled.
[    5.699823] Freezing remaining freezable tasks ... (elapsed 0.001 seconds) done.
[    5.708554] Suspending console(s) (use no_console_suspend to debug)
[    5.777010] Disabling non-boot CPUs ...
[    5.809392] IRQ17 no longer affine to CPU1
[    5.930563] Entering suspend state LP1
[    5.930586] Enabling non-boot CPUs ...
[    5.931259] CPU1 is up
[    5.931880] CPU2 is up
[    5.932621] CPU3 is up
[    6.564000] OOM killer enabled.
[    6.567141] Restarting tasks ... done.
[    6.608162] PM: suspend exit
root@(none):/# 
root@(none):/# rtcwake -d rtc1 -m mem -s 3
rtcwake: assuming RTC uses UTC ...
rtcwake: wakeup from "mem" using /dev/rtc1 at Thu Jan  1 00:00:29 1970
[    7.027869] PM: suspend entry (deep)
[    7.031503] PM: Syncing filesystems ... done.
[    7.075126] Freezing user space processes ... (elapsed 0.001 seconds) done.
[    7.083416] OOM killer disabled.
[    7.086642] Freezing remaining freezable tasks ... (elapsed 0.001 seconds) done.
[    7.095443] Suspending console(s) (use no_console_suspend to debug)
[    7.166859] Disabling non-boot CPUs ...
[    7.330308] Entering suspend state LP1
[    7.330331] Enabling non-boot CPUs ...
[    7.331011] CPU1 is up
[    7.331632] CPU2 is up
[    7.332368] CPU3 is up
[    7.970808] OOM killer enabled.
[    7.973944] Restarting tasks ... done.
[    8.008610] PM: suspend exit
root@(none):/# 
root@(none):/# rtcwake -d rtc1 -m mem -s 3
rtcwake: assuming RTC uses UTC ...
rtcwake: wakeup from "mem" using /dev/rtc1 at Thu Jan  1 00:00:38 1970
[    8.428405] PM: suspend entry (deep)
[    8.432022] PM: Syncing filesystems ... done.
[    8.475671] Freezing user space processes ... (elapsed 0.001 seconds) done.
[    8.483960] OOM killer disabled.
[    8.487186] Freezing remaining freezable tasks ... (elapsed 0.001 seconds) done.
[    8.495974] Suspending console(s) (use no_console_suspend to debug)
[    8.567496] Disabling non-boot CPUs ...
[    8.700252] Entering suspend state LP1
[    8.700276] Enabling non-boot CPUs ...
[    8.700956] CPU1 is up
[    8.701571] CPU2 is up
[    8.702297] CPU3 is up
[    9.340254] OOM killer enabled.
[    9.343400] Restarting tasks ... done.
[    9.379128] PM: suspend exit
root@(none):/# 
root@(none):/# rtcwake -d rtc1 -m mem -s 3
rtcwake: assuming RTC uses UTC ...
rtcwake: wakeup from "mem" using /dev/rtc1 at Thu Jan  1 00:00:47 1970
[    9.795961] PM: suspend entry (deep)
[    9.799576] PM: Syncing filesystems ... done.
[    9.829532] Freezing user space processes ... (elapsed 0.001 seconds) done.
[    9.837799] OOM killer disabled.
[    9.841066] Freezing remaining freezable tasks ... (elapsed 0.001 seconds) done.
[    9.849843] Suspending console(s) (use no_console_suspend to debug)
[    9.917427] Disabling non-boot CPUs ...
[   10.050139] Entering suspend state LP1
[   10.050162] Enabling non-boot CPUs ...
[   10.050843] CPU1 is up
[   10.051471] CPU2 is up
[   10.052199] CPU3 is up
[   10.677485] OOM killer enabled.
[   10.680638] Restarting tasks ... done.
[   10.711376] PM: suspend exit
root@(none):/# 
root@(none):/# rtcwake -d rtc1 -m mem -s 3
rtcwake: assuming RTC uses UTC ...
rtcwake: wakeup from "mem" using /dev/rtc1 at Thu Jan  1 00:00:56 1970
[   11.160699] PM: suspend entry (deep)
[   11.164281] PM: Syncing filesystems ... done.
[   11.195078] Freezing user space processes ... (elapsed 0.001 seconds) done.
[   11.203380] OOM killer disabled.
[   11.206615] Freezing remaining freezable tasks ... (elapsed 0.001 seconds) done.
[   11.215305] Suspending console(s) (use no_console_suspend to debug)
[   11.286938] Disabling non-boot CPUs ...
[   11.420004] Entering suspend state LP1
[   11.420027] Enabling non-boot CPUs ...
[   11.420710] CPU1 is up
[   11.421327] CPU2 is up
[   11.422061] CPU3 is up
[   12.057599] OOM killer enabled.
[   12.060760] Restarting tasks ... done.
[   12.098287] PM: suspend exit
root@(none):/# 
root@(none):/# rtcwake -d rtc1 -m mem -s 3
rtcwake: assuming RTC uses UTC ...
rtcwake: wakeup from "mem" using /dev/rtc1 at Thu Jan  1 00:01:05 1970
[   12.520241] PM: suspend entry (deep)
[   12.523819] PM: Syncing filesystems ... done.
[   12.565287] Freezing user space processes ... (elapsed 0.001 seconds) done.
[   12.573578] OOM killer disabled.
[   12.576805] Freezing remaining freezable tasks ... (elapsed 0.001 seconds) done.
[   12.585516] Suspending console(s) (use no_console_suspend to debug)
[   12.657490] Disabling non-boot CPUs ...
[   12.789965] Entering suspend state LP1
[   12.789988] Enabling non-boot CPUs ...
[   12.790677] CPU1 is up
[   12.791308] CPU2 is up
[   12.792043] CPU3 is up
[   13.417999] OOM killer enabled.
[   13.421152] Restarting tasks ... done.
[   13.450259] PM: suspend exit
root@(none):/# 
root@(none):/# rtcwake -d rtc1 -m mem -s 3
rtcwake: assuming RTC uses UTC ...
rtcwake: wakeup from "mem" using /dev/rtc1 at Thu Jan  1 00:01:14 1970
[   13.886309] PM: suspend entry (deep)
[   13.889922] PM: Syncing filesystems ... done.
[   13.917266] Freezing user space processes ... (elapsed 0.001 seconds) done.
[   13.925559] OOM killer disabled.
[   13.928801] Freezing remaining freezable tasks ... (elapsed 0.001 seconds) done.
[   13.937471] Suspending console(s) (use no_console_suspend to debug)
[   14.006950] Disabling non-boot CPUs ...
[   14.139903] Entering suspend state LP1
[   14.139926] Enabling non-boot CPUs ...
[   14.140606] CPU1 is up
[   14.141228] CPU2 is up
[   14.141963] CPU3 is up
[   14.771014] OOM killer enabled.
[   14.774150] Restarting tasks ... done.
[   14.801233] PM: suspend exit
root@(none):/# 
root@(none):/# rtcwake -d rtc1 -m mem -s 3
rtcwake: assuming RTC uses UTC ...
rtcwake: wakeup from "mem" using /dev/rtc1 at Thu Jan  1 00:01:23 1970
[   15.238743] PM: suspend entry (deep)
[   15.242321] PM: Syncing filesystems ... done.
[   15.284955] Freezing user space processes ... (elapsed 0.001 seconds) done.
[   15.293248] OOM killer disabled.
[   15.296480] Freezing remaining freezable tasks ... (elapsed 0.001 seconds) done.
[   15.305183] Suspending console(s) (use no_console_suspend to debug)
[   15.377354] Disabling non-boot CPUs ...
[   15.509884] Entering suspend state LP1
[   15.509907] Enabling non-boot CPUs ...
[   15.510590] CPU1 is up
[   15.511209] CPU2 is up
[   15.511938] CPU3 is up
[   16.151005] OOM killer enabled.
[   16.154146] Restarting tasks ... done.
[   16.188429] PM: suspend exit
root@(none):/# 
root@(none):/# rtcwake -d rtc1 -m mem -s 3
rtcwake: assuming RTC uses UTC ...
rtcwake: wakeup from "mem" using /dev/rtc1 at Thu Jan  1 00:01:32 1970
[   16.607839] PM: suspend entry (deep)
[   16.611452] PM: Syncing filesystems ... done.
[   16.638890] Freezing user space processes ... (elapsed 0.001 seconds) done.
[   16.647140] OOM killer disabled.
[   16.650400] Freezing remaining freezable tasks ... (elapsed 0.001 seconds) done.
[   16.659079] Suspending console(s) (use no_console_suspend to debug)
[   16.727273] Disabling non-boot CPUs ...
[   16.859840] Entering suspend state LP1
[   16.859863] Enabling non-boot CPUs ...
[   16.860555] CPU1 is up
[   16.861182] CPU2 is up
[   16.861929] CPU3 is up
[   17.500544] OOM killer enabled.
[   17.503680] Restarting tasks ... done.
[   17.538301] PM: suspend exit
root@(none):/# 
root@(none):/# rtcwake -d rtc1 -m mem -s 3
rtcwake: assuming RTC uses UTC ...
rtcwake: wakeup from "mem" using /dev/rtc1 at Thu Jan  1 00:01:41 1970
[   17.955826] PM: suspend entry (deep)
[   17.959437] PM: Syncing filesystems ... done.
[   17.988742] Freezing user space processes ... (elapsed 0.001 seconds) done.
[   17.996992] OOM killer disabled.
[   18.000246] Freezing remaining freezable tasks ... (elapsed 0.001 seconds) done.
[   18.008938] Suspending console(s) (use no_console_suspend to debug)
[   18.076886] Disabling non-boot CPUs ...
[   18.209787] Entering suspend state LP1
[   18.209811] Enabling non-boot CPUs ...
[   18.210492] CPU1 is up
[   18.211116] CPU2 is up
[   18.211839] CPU3 is up
[   18.836582] OOM killer enabled.
[   18.839739] Restarting tasks ... done.
[   18.870172] PM: suspend exit
root@(none):/# 
root@(none):/# NVTB SYSTEM SUSPEND TEST COMPLETE
