
U-Boot SPL 2014.01-00219-gc4d376f (Feb 18 2014 - 19:57:32)


U-Boot 2014.01-00219-gc4d376f (Feb 18 2014 - 19:57:32)

TEGRA114
Board: NVIDIA Dalmore
I2C:   ready
DRAM:  2 GiB
MMC:   Tegra SD/MMC: 0, Tegra SD/MMC: 1
In:    serial
Out:   serial
Err:   serial
Net:   Net Initialization Skipped
No ethernet found.
Hit any key to stop autoboot:  2  0 
Tegra114 (Dalmore) # 
Tegra114 (Dalmore) # usb reset
(Re)start USB...
USB0:   USB EHCI 1.10
scanning bus 0 for devices... 2 USB Device(s) found
       scanning usb for storage devices... 0 Storage Device(s) found
       scanning usb for ethernet devices... 
Warning: asx0 using MAC address from net device
1 Ethernet Device(s) found
Tegra114 (Dalmore) # setenv bootargs 'ignore_loglevel console=ttyS0,115200n8 rw root=PARTUUID=7369c667-ff51-ec4a-29cd-baabf2fbe346 rootwait gpt debug earlyprintk init=/bin/bash'
Tegra114 (Dalmore) # setenv ipaddr 192.168.100.100; setenv serverip 192.168.100.1; setenv tftpserverip 192.168.100.1
Tegra114 (Dalmore) # tftpboot 0x81000000 zImage.tegra_defconfig
Using asx0 device
TFTP from server 192.168.100.1; our IP address is 192.168.100.100
Filename 'zImage.tegra_defconfig'.
Load address: 0x81000000
Loading: *#################################################################
	 #################################################################
	 #################################################################
	 #################################################################
	 #################################################################
	 #################################################################
	 ##############################
	 3.2 MiB/s
done
Bytes transferred = 6164760 (5e1118 hex)
Tegra114 (Dalmore) # tftpboot 0x82000000 tegra114-dalmore.dtb
Using asx0 device
TFTP from server 192.168.100.1; our IP address is 192.168.100.100
Filename 'tegra114-dalmore.dtb'.
Load address: 0x82000000
Loading: *###
	 2.5 MiB/s
done
Bytes transferred = 34502 (86c6 hex)
Tegra114 (Dalmore) # bootz 0x81000000 - 0x82000000
Kernel image @ 0x81000000 [ 0x000000 - 0x5e1118 ]
## Flattened Device Tree blob at 82000000
   Booting using the fdt blob at 0x82000000
   Loading Device Tree to 8fff4000, end 8ffff6c5 ... OK

Starting kernel ...

[    0.000000] Booting Linux on physical CPU 0x0
[    0.000000] Linux version 4.15.0-rc1-13489-g4fbd8d1 (jonathanh@kaivo) (gcc version 4.7.3 20130328 (prerelease) (crosstool-NG linaro-1.13.1-4.7-2013.04-20130415 - Linaro GCC 2013.04)) #1 SMP PREEMPT Mon Dec 4 13:32:33 PST 2017
[    0.000000] CPU: ARMv7 Processor [412fc0f2] revision 2 (ARMv7), cr=10c5387d
[    0.000000] CPU: div instructions available: patching division code
[    0.000000] CPU: PIPT / VIPT nonaliasing data cache, PIPT instruction cache
[    0.000000] OF: fdt: Machine model: NVIDIA Tegra114 Dalmore evaluation board
[    0.000000] debug: ignoring loglevel setting.
[    0.000000] bootconsole [earlycon0] enabled
[    0.000000] Memory policy: Data cache writealloc
[    0.000000] cma: Reserved 64 MiB at 0xfbc00000
[    0.000000] On node 0 totalpages: 524032
[    0.000000]   Normal zone: 1536 pages used for memmap
[    0.000000]   Normal zone: 0 pages reserved
[    0.000000]   Normal zone: 196608 pages, LIFO batch:31
[    0.000000]   HighMem zone: 327424 pages, LIFO batch:31
[    0.000000] random: fast init done
[    0.000000] percpu: Embedded 17 pages/cpu @eef9b000 s39104 r8192 d22336 u69632
[    0.000000] pcpu-alloc: s39104 r8192 d22336 u69632 alloc=17*4096
[    0.000000] pcpu-alloc: [0] 0 [0] 1 [0] 2 [0] 3 
[    0.000000] Built 1 zonelists, mobility grouping on.  Total pages: 522496
[    0.000000] Kernel command line: ignore_loglevel console=ttyS0,115200n8 rw root=PARTUUID=7369c667-ff51-ec4a-29cd-baabf2fbe346 rootwait gpt debug earlyprintk init=/bin/bash
[    0.000000] Dentry cache hash table entries: 131072 (order: 7, 524288 bytes)
[    0.000000] Inode-cache hash table entries: 65536 (order: 6, 262144 bytes)
[    0.000000] Memory: 1998600K/2096128K available (9216K kernel code, 778K rwdata, 2556K rodata, 1024K init, 299K bss, 31992K reserved, 65536K cma-reserved, 1244160K highmem)
[    0.000000] Virtual kernel memory layout:
[    0.000000]     vector  : 0xffff0000 - 0xffff1000   (   4 kB)
[    0.000000]     fixmap  : 0xffc00000 - 0xfff00000   (3072 kB)
[    0.000000]     vmalloc : 0xf0800000 - 0xff800000   ( 240 MB)
[    0.000000]     lowmem  : 0xc0000000 - 0xf0000000   ( 768 MB)
[    0.000000]     pkmap   : 0xbfe00000 - 0xc0000000   (   2 MB)
[    0.000000]     modules : 0xbf000000 - 0xbfe00000   (  14 MB)
[    0.000000]       .text : 0xc0008000 - 0xc0a00000   (10208 kB)
[    0.000000]       .init : 0xc0d00000 - 0xc0e00000   (1024 kB)
[    0.000000]       .data : 0xc0e00000 - 0xc0ec289c   ( 779 kB)
[    0.000000]        .bss : 0xc0ec289c - 0xc0f0d4ec   ( 300 kB)
[    0.000000] Preemptible hierarchical RCU implementation.
[    0.000000] 	Tasks RCU enabled.
[    0.000000] NR_IRQS: 16, nr_irqs: 16, preallocated irqs: 16
[    0.000000] /interrupt-controller@60004000: 160 interrupts forwarded to /interrupt-controller@50041000
[    0.000000] Tegra clk 127: register failed with -17
[    0.000009] sched_clock: 32 bits at 1000kHz, resolution 1000ns, wraps every 2147483647500ns
[    0.007667] clocksource: timer_us: mask: 0xffffffff max_cycles: 0xffffffff, max_idle_ns: 1911260446275 ns
[    0.017195] Switching to timer-based delay loop, resolution 1000ns
[    0.024034] arch_timer: cp15 timer(s) running at 12.00MHz (virt).
[    0.029418] clocksource: arch_sys_counter: mask: 0xffffffffffffff max_cycles: 0x2c47f4ee7, max_idle_ns: 440795202497 ns
[    0.040166] sched_clock: 56 bits at 12MHz, resolution 83ns, wraps every 4398046511096ns
[    0.048134] Switching to timer-based delay loop, resolution 83ns
[    0.054605] Console: colour dummy device 80x30
[    0.058550] Calibrating delay loop (skipped), value calculated using timer frequency.. 24.00 BogoMIPS (lpj=120000)
[    0.068858] pid_max: default: 32768 minimum: 301
[    0.073947] Mount-cache hash table entries: 2048 (order: 1, 8192 bytes)
[    0.080045] Mountpoint-cache hash table entries: 2048 (order: 1, 8192 bytes)
[    0.087911] CPU: Testing write buffer coherency: ok
[    0.092201] /cpus/cpu@0 missing clock-frequency property
[    0.097204] /cpus/cpu@1 missing clock-frequency property
[    0.102513] /cpus/cpu@2 missing clock-frequency property
[    0.107778] /cpus/cpu@3 missing clock-frequency property
[    0.113062] CPU0: thread -1, cpu 0, socket 0, mpidr 80000000
[    0.153174] Setting up static identity map for 0x80100000 - 0x801000a0
[    0.157928] Hierarchical SRCU implementation.
[    0.173609] Tegra Revision: A01 SKU: 0 CPU Process: 1 SoC Process: 0
[    0.193198] smp: Bringing up secondary CPUs ...
[    0.243854] CPU1: thread -1, cpu 1, socket 0, mpidr 80000001
[    0.313958] CPU2: thread -1, cpu 2, socket 0, mpidr 80000002
[    0.384044] CPU3: thread -1, cpu 3, socket 0, mpidr 80000003
[    0.384161] smp: Brought up 1 node, 4 CPUs
[    0.403250] SMP: Total of 4 processors activated (96.00 BogoMIPS).
[    0.409439] CPU: All CPU(s) started in SVC mode.
[    0.415851] devtmpfs: initialized
[    0.428055] VFP support v0.3: implementor 41 architecture 4 part 30 variant f rev 0
[    0.434196] clocksource: jiffies: mask: 0xffffffff max_cycles: 0xffffffff, max_idle_ns: 19112604462750000 ns
[    0.443614] futex hash table entries: 1024 (order: 4, 65536 bytes)
[    0.451141] pinctrl core: initialized pinctrl subsystem
[    0.456223] NET: Registered protocol family 16
[    0.460896] DMA: preallocated 256 KiB pool for atomic coherent allocations
[    0.467532] cpuidle: using governor menu
[    0.490211] No ATAGs?
[    0.490349] hw-breakpoint: found 5 (+1 reserved) breakpoint and 4 watchpoint registers.
[    0.498688] hw-breakpoint: maximum watchpoint size is 8 bytes.
[    0.505476] tegra-mc 70019000.memory-controller: no memory timings for RAM code 3 registered
[    0.513075] iommu: Adding device reg-dummy to group 0
[    0.517985] iommu: Adding device 50000000.host1x to group 1
[    0.523505] iommu: Adding device 54140000.gr2d to group 2
[    0.528898] iommu: Adding device 54180000.gr3d to group 3
[    0.534289] iommu: Adding device 54200000.dc to group 4
[    0.539511] iommu: Adding device 54240000.dc to group 5
[    0.544657] iommu: Adding device 54280000.hdmi to group 6
[    0.550045] iommu: Adding device 54300000.dsi to group 7
[    0.555311] iommu: Adding device 60005000.timer to group 8
[    0.560791] iommu: Adding device 60007000.flow-controller to group 9
[    0.567097] iommu: Adding device 6000a000.dma to group 10
[    0.572491] iommu: Adding device 6000c000.ahb to group 11
[    0.577847] iommu: Adding device 6000d000.gpio to group 12
[    0.583330] iommu: Adding device 70000800.apbmisc to group 13
[    0.589024] iommu: Adding device 70000868.pinmux to group 14
[    0.594676] iommu: Adding device 70006300.serial to group 15
[    0.600296] iommu: Adding device 7000a000.pwm to group 16
[    0.605683] iommu: Adding device 7000c000.i2c to group 17
[    0.611036] iommu: Adding device 7000c700.i2c to group 18
[    0.616430] iommu: Adding device 7000d000.i2c to group 19
[    0.621783] iommu: Adding device 7000da00.spi to group 20
[    0.627181] iommu: Adding device 7000e000.rtc to group 21
[    0.632531] iommu: Adding device 7000e400.pmc to group 22
[    0.637921] iommu: Adding device 7000f800.fuse to group 23
[    0.643366] iommu: Adding device 70019000.memory-controller to group 24
[    0.649977] iommu: Adding device 70080000.ahub to group 25
[    0.655410] iommu: Adding device 700e3000.mipi to group 26
[    0.660901] iommu: Adding device 78000400.sdhci to group 27
[    0.666421] iommu: Adding device 78000600.sdhci to group 28
[    0.671984] iommu: Adding device 7d000000.usb to group 29
[    0.677338] iommu: Adding device 7d000000.usb-phy to group 30
[    0.683078] iommu: Adding device 7d008000.usb to group 31
[    0.688431] iommu: Adding device 7d008000.usb-phy to group 32
[    0.694166] iommu: Adding device timer to group 33
[    0.698917] iommu: Adding device backlight to group 34
[    0.704035] iommu: Adding device clocks to group 35
[    0.708909] iommu: Adding device gpio-keys to group 36
[    0.714003] iommu: Adding device regulators to group 37
[    0.719221] iommu: Adding device regulators:regulator@0 to group 38
[    0.725437] iommu: Adding device regulators:regulator@1 to group 39
[    0.731696] iommu: Adding device regulators:regulator@3 to group 40
[    0.737917] iommu: Adding device regulators:regulator@4 to group 41
[    0.744182] iommu: Adding device regulators:regulator@5 to group 42
[    0.750397] iommu: Adding device regulators:regulator@6 to group 43
[    0.756654] iommu: Adding device regulators:regulator@7 to group 44
[    0.762878] iommu: Adding device sound to group 45
[    0.784552] dvdd_ts: Failed to request enable GPIO61: -517
[    0.788161] reg-fixed-voltage regulators:regulator@1: Failed to register regulator: -517
[    0.796302] usb1_vbus: Failed to request enable GPIO108: -517
[    0.801962] reg-fixed-voltage regulators:regulator@3: Failed to register regulator: -517
[    0.810079] usb2_vbus: Failed to request enable GPIO86: -517
[    0.815631] reg-fixed-voltage regulators:regulator@4: Failed to register regulator: -517
[    0.824188] VDD_5V0_HDMI_CON: Failed to request enable GPIO81: -517
[    0.829937] reg-fixed-voltage regulators:regulator@7: Failed to register regulator: -517
[    0.839133] vgaarb: loaded
[    0.841432] SCSI subsystem initialized
[    0.844622] libata version 3.00 loaded.
[    0.848520] usbcore: registered new interface driver usbfs
[    0.853739] usbcore: registered new interface driver hub
[    0.859035] usbcore: registered new device driver usb
[    0.867131] tps65090 2-0048: No cache defaults, reading back from HW
[    0.872682] iommu: Adding device tps65090-pmic to group 46
[    0.877978] TPS65090_RAILSDCDC1: supplied by vdd_ac_bat
[    0.883373] TPS65090_RAILSDCDC2: supplied by vdd_ac_bat
[    0.888577] TPS65090_RAILSDCDC3: supplied by vdd_ac_bat
[    0.893226] TPS65090_RAILSFET1: supplied by vdd_ac_bat
[    0.898195] TPS65090_RAILSFET2: supplied by vdd_ac_bat
[    0.903267] TPS65090_RAILSFET3: supplied by vdd-sys-3v3
[    0.908686] TPS65090_RAILSFET4: supplied by vdd-sys-3v3
[    0.913836] TPS65090_RAILSFET5: supplied by vdd-sys-3v3
[    0.919069] TPS65090_RAILSFET6: supplied by vdd-sys-3v3
[    0.924556] TPS65090_RAILSFET7: supplied by vdd-sys-3v3
[    0.929480] TPS65090_RAILSLDO1: supplied by vdd_ac_bat
[    0.934229] TPS65090_RAILSLDO2: supplied by vdd_ac_bat
[    0.939539] iommu: Adding device tps65090-charger to group 47
[    0.945225] palmas 2-0058: Irq flag is 0x00000004
[    0.951717] palmas 2-0058: Muxing GPIO ff, PWM 0, LED 0
[    0.955276] iommu: Adding device 7000d000.i2c:tps65913@58:gpio to group 48
[    0.962480] iommu: Adding device 7000d000.i2c:tps65913@58:pmic to group 49
[    0.970394] SMPS12: supplied by vdd-ao
[    0.973543] vdd_hdmi_5v0: supplied by vdd-sys-5v0
[    0.977973] SMPS3: supplied by vdd-ao
[    0.982600] SMPS457: supplied by vdd-sys-3v3
[    0.986740] SMPS6: supplied by regulator-dummy
[    0.990907] SMPS8: supplied by vdd-sys-3v3
[    0.995194] SMPS9: supplied by vdd-sys-3v3
[    0.998122] sdhci-vdd-sd-slot: Bringing 2840000uV into 2800000-2800000uV
[    1.005729] SMPS10_OUT2: supplied by regulator-dummy
[    1.010099] SMPS10_OUT1: supplied by regulator-dummy
[    1.015069] LDO1: supplied by vdd-sys-3v3
[    1.019312] LDO2: supplied by vdd-sys-3v3
[    1.023303] LDO3: supplied by vddio-1v8
[    1.027127] LDO4: supplied by vdd-sys-3v3
[    1.031089] LDO5: supplied by vdd_ac_bat
[    1.034566] LDO6: supplied by vdd-sys-3v3
[    1.038355] vdd-sensor-2v85: Bringing 2900000uV into 2850000-2850000uV
[    1.045685] LDO7: supplied by vdd-sys-3v3
[    1.050020] LDO8: supplied by vdd-ao
[    1.052368] vdd-rtc: Bringing 675000uV into 900000-900000uV
[    1.058993] LDO9: supplied by sdhci-vdd-sd-slot
[    1.069317] LDOLN: supplied by vdd-sys-5v0
[    1.072686] LDOUSB: supplied by vdd-sys-5v0
[    1.081089] iommu: Adding device 7000d000.i2c:tps65913@58:rtc to group 50
[    1.086156] iommu: Adding device 7000d000.i2c:tps65913@58:pinmux to group 51
[    1.093404] Linux video capture interface: v2.00
[    1.097651] pps_core: LinuxPPS API ver. 1 registered
[    1.102513] pps_core: Software ver. 5.3.6 - Copyright 2005-2007 Rodolfo Giometti <giometti@linux.it>
[    1.111675] PTP clock support registered
[    1.116125] Advanced Linux Sound Architecture Driver Initialized.
[    1.122265] Bluetooth: Core ver 2.22
[    1.125188] NET: Registered protocol family 31
[    1.129554] Bluetooth: HCI device and connection manager initialized
[    1.135908] Bluetooth: HCI socket layer initialized
[    1.140739] Bluetooth: L2CAP socket layer initialized
[    1.145797] Bluetooth: SCO socket layer initialized
[    1.151291] clocksource: Switched to clocksource arch_sys_counter
[    1.250404] NET: Registered protocol family 2
[    1.253930] TCP established hash table entries: 8192 (order: 3, 32768 bytes)
[    1.259964] TCP bind hash table entries: 8192 (order: 4, 65536 bytes)
[    1.266489] TCP: Hash tables configured (established 8192 bind 8192)
[    1.273170] UDP hash table entries: 512 (order: 2, 16384 bytes)
[    1.278543] UDP-Lite hash table entries: 512 (order: 2, 16384 bytes)
[    1.285191] NET: Registered protocol family 1
[    1.289888] RPC: Registered named UNIX socket transport module.
[    1.295086] RPC: Registered udp transport module.
[    1.299739] RPC: Registered tcp transport module.
[    1.304435] RPC: Registered tcp NFSv4.1 backchannel transport module.
[    1.311310] iommu: Adding device regulatory.0 to group 52
[    1.316421] PCI: CLS 0 bytes, default 64
[    1.321823] iommu: Adding device alarmtimer to group 53
[    1.326304] Initialise system trusted keyrings
[    1.329910] workingset: timestamp_bits=30 max_order=19 bucket_order=0
[    1.337566] squashfs: version 4.0 (2009/01/31) Phillip Lougher
[    1.342778] NFS: Registering the id_resolver key type
[    1.346995] Key type id_resolver registered
[    1.351134] Key type id_legacy registered
[    1.360391] Key type asymmetric registered
[    1.362604] Asymmetric key parser 'x509' registered
[    1.367568] bounce: pool size: 64 pages
[    1.371323] io scheduler noop registered (default)
[    1.376012] io scheduler mq-deadline registered
[    1.380518] io scheduler kyber registered
[    1.401916] tegra-apbdma 6000a000.dma: Tegra20 APB DMA driver register 32 channels
[    1.408731] tegra-pmc 7000e400.pmc: i2c-thermtrip node not found, emergency thermal reset disabled.
[    1.417181] Serial: 8250/16550 driver, 4 ports, IRQ sharing disabled
[    1.423058] iommu: Adding device serial8250 to group 54
[    1.430012] console [ttyS0] disabled
[    1.431746] 70006300.serial: ttyS0 at MMIO 0x70006300 (irq = 329, base_baud = 25500000) is a Tegra
[    1.440646] console [ttyS0] enabled
[    1.440646] console [ttyS0] enabled
[    1.446873] bootconsole [earlycon0] disabled
[    1.446873] bootconsole [earlycon0] disabled
[    1.474701] tegra-hdmi 54280000.hdmi: failed to get HDMI regulator
[    1.500001] loop: module loaded
[    1.515122] m25p80 spi0.0: w25q32dw (4096 Kbytes)
[    1.521875] iommu: Adding device Fixed MDIO bus.0 to group 55
[    1.527828] libphy: Fixed MDIO Bus: probed
[    1.531949] CAN device driver interface
[    1.535835] igb: Intel(R) Gigabit Ethernet Network Driver - version 5.4.0-k
[    1.542818] igb: Copyright (c) 2007-2014 Intel Corporation.
[    1.548523] pegasus: v0.9.3 (2013/04/25), Pegasus/Pegasus II USB Ethernet driver
[    1.556016] usbcore: registered new interface driver pegasus
[    1.561766] usbcore: registered new interface driver asix
[    1.567213] usbcore: registered new interface driver ax88179_178a
[    1.573381] usbcore: registered new interface driver cdc_ether
[    1.579272] usbcore: registered new interface driver smsc75xx
[    1.585112] usbcore: registered new interface driver smsc95xx
[    1.590902] usbcore: registered new interface driver net1080
[    1.596634] usbcore: registered new interface driver cdc_subset
[    1.602623] usbcore: registered new interface driver zaurus
[    1.608258] usbcore: registered new interface driver cdc_ncm
[    1.614161] tegra-phy 7d000000.usb-phy: no vbus regulator
[    1.620016] ehci_hcd: USB 2.0 'Enhanced' Host Controller (EHCI) Driver
[    1.626556] ehci-pci: EHCI PCI platform driver
[    1.631059] tegra-ehci: Tegra EHCI driver
[    1.635768] usbcore: registered new interface driver cdc_acm
[    1.641449] cdc_acm: USB Abstract Control Model driver for USB modems and ISDN adapters
[    1.649498] usbcore: registered new interface driver cdc_wdm
[    1.655251] usbcore: registered new interface driver usb-storage
[    1.665192] iommu: Adding device ci_hdrc.0 to group 56
[    1.678596] palmas-rtc 7000d000.i2c:tps65913@58:rtc: rtc core: registered 7000d000.i2c:tps65913@58:rtc as rtc0
[    1.690114] tegra_rtc 7000e000.rtc: rtc core: registered 7000e000.rtc as rtc1
[    1.697325] tegra_rtc 7000e000.rtc: Tegra internal Real Time Clock
[    1.703842] i2c /dev entries driver
[    1.708244] usbcore: registered new interface driver uvcvideo
[    1.714007] USB Video Class driver (1.1.1)
[    1.718097] gspca_main: v2.14.0 registered
[    1.723141] sbs-battery 0-000b: sbs_probe: Failed to get device status
[    1.729676] sbs-battery: probe of 0-000b failed with error -121
[    1.740890] tegra-wdt 60005000.timer: initialized (heartbeat = 120 sec, nowayout = 0)
[    1.749423] sdhci: Secure Digital Host Controller Interface driver
[    1.755692] sdhci: Copyright(c) Pierre Ossman
[    1.760043] sdhci-pltfm: SDHCI platform and OF driver helper
[    1.766017] sdhci-tegra 78000400.sdhci: Got CD GPIO
[    1.770907] sdhci-tegra 78000400.sdhci: Got WP GPIO
[    1.784054] mmc0: Invalid maximum block size, assuming 512 bytes
[    1.851526] mmc0: SDHCI controller on 78000400.sdhci [78000400.sdhci] using ADMA
[    1.868725] mmc1: Invalid maximum block size, assuming 512 bytes
[    1.931370] mmc1: SDHCI controller on 78000600.sdhci [78000600.sdhci] using ADMA
[    1.942844] usbcore: registered new interface driver usbhid
[    1.948512] usbhid: USB HID core driver
[    1.954670] iommu: Adding device snd-soc-dummy to group 57
[    1.975551] mmc0: new high speed SDHC card at address aaaa
[    1.981634] mmcblk0: mmc0:aaaa SL16G 14.8 GiB 
[    2.003020]  mmcblk0: p1 p2 p3
[    2.008836] mmc1: new high speed MMC card at address 0001
[    2.014829] mmcblk1: mmc1:0001 SEM32G 29.1 GiB 
[    2.019785] mmcblk1boot0: mmc1:0001 SEM32G partition 1 4.00 MiB
[    2.026115] mmcblk1boot1: mmc1:0001 SEM32G partition 2 4.00 MiB
[    2.032240] mmcblk1rpmb: mmc1:0001 SEM32G partition 3 4.00 MiB, chardev (247:0)
[    2.042281]  mmcblk1: p1 p2 p3 p4 p5 p6 p7 p8
[    2.394115] iommu: Adding device 70080400.i2s to group 58
[    2.400483] tegra30-i2s 70080400.i2s: DMA channels sourced from device 70080000.ahub
[    2.417055] tegra-snd-rt5640 sound: rt5640-aif1 <-> 70080400.i2s mapping ok
[    2.428569] input: NVIDIA Tegra Dalmore Headphones as /devices/soc0/sound/sound/card0/input0
[    2.439394] NET: Registered protocol family 10
[    2.445245] Segment Routing with IPv6
[    2.449079] mip6: Mobile IPv6
[    2.452071] sit: IPv6, IPv4 and MPLS over IPv4 tunneling driver
[    2.459521] NET: Registered protocol family 17
[    2.464002] NET: Registered protocol family 15
[    2.468440] can: controller area network core (rev 20170425 abi 9)
[    2.474833] NET: Registered protocol family 29
[    2.479274] can: raw protocol (rev 20170425)
[    2.483558] can: broadcast manager protocol (rev 20170425 t)
[    2.489217] can: netlink gateway (rev 20170425) max_hops=1
[    2.494910] Bluetooth: RFCOMM socket layer initialized
[    2.500059] Bluetooth: RFCOMM ver 1.11
[    2.503840] Bluetooth: BNEP (Ethernet Emulation) ver 1.3
[    2.509152] Bluetooth: BNEP socket layer initialized
[    2.514128] Bluetooth: HIDP (Human Interface Emulation) ver 1.2
[    2.520048] Bluetooth: HIDP socket layer initialized
[    2.525231] Key type dns_resolver registered
[    2.529988] Registering SWP/SWPB emulation handler
[    2.535613] Loading compiled-in X.509 certificates
[    2.557952] usb1_vbus: supplied by vdd-sys-5v0
[    2.563290] usb2_vbus: supplied by vdd-sys-5v0
[    2.569096] VDD_5V0_HDMI_CON: supplied by vdd-sys-5v0
[    2.578607] [drm] Supports vblank timestamp caching Rev 2 (21.10.2013).
[    2.585283] [drm] No driver support for vblank timestamp query.
[    2.686475] Console: switching to colour frame buffer device 240x75
[    2.724992] drm drm: fb0:  frame buffer device
[    2.729534] [drm] Initialized tegra 0.0.0 20120330 for drm on minor 0
[    2.737148] tegra-ehci 7d008000.usb: EHCI Host Controller
[    2.742603] tegra-ehci 7d008000.usb: new USB bus registered, assigned bus number 1
[    2.750511] tegra-ehci 7d008000.usb: irq 340, io mem 0x7d008000
[    2.781428] tegra-ehci 7d008000.usb: USB 2.0 started, EHCI 1.10
[    2.788656] hub 1-0:1.0: USB hub found
[    2.792542] hub 1-0:1.0: 1 port detected
[    2.797919] input: gpio-keys as /devices/soc0/gpio-keys/input/input1
[    2.806973] palmas-rtc 7000d000.i2c:tps65913@58:rtc: setting system clock to 2000-04-27 04:34:41 UTC (956810081)
[    2.817477] cfg80211: Loading compiled-in X.509 certificates for regulatory database
[    2.829196] cfg80211: Loaded X.509 cert 'sforshee: 00b28ddf47aef9cea7'
[    2.836142] platform regulatory.0: Direct firmware load for regulatory.db failed with error -2
[    2.844819] cfg80211: failed to load regulatory.db
[    2.851547] dvdd_ts: disabling
[    2.854603] usb1_vbus: disabling
[    2.857827] vdd_cam_1v8_reg: disabling
[    2.861643] ALSA device list:
[    2.864608]   #0: NVIDIA Tegra Dalmore
[    2.869670] EXT4-fs (mmcblk1p1): mounting ext3 file system using the ext4 subsystem
[    2.892066] EXT4-fs (mmcblk1p1): recovery complete
[    2.896869] EXT4-fs (mmcblk1p1): mounted filesystem with ordered data mode. Opts: (null)
[    2.905235] VFS: Mounted root (ext3 filesystem) on device 179:17.
[    2.916726] devtmpfs: mounted
[    2.920737] Freeing unused kernel memory: 1024K
bash: cannot set terminal process group (-1): Inappropriate ioctl for device
bash: no job control in this shell
root@(none):/# [    3.161456] usb 1-1: new high-speed USB device number 2 using tegra-ehci
mount -t sysfs none /sys
root@(none):/# 
root@(none):/# mount -t debugfs none /sys/kernel/debug
root@(none):/# 
root@(none):/# rtcwake -d rtc1 -m mem -s 3
rtcwake: assuming RTC uses UTC ...
rtcwake: wakeup from "mem" using /dev/rtc1 at Thu Jan  1 00:00:21 1970
[    6.252799] PM: suspend entry (deep)
[    6.256382] PM: Syncing filesystems ... done.
[    6.262877] Freezing user space processes ... (elapsed 0.018 seconds) done.
[    6.281469] OOM killer disabled.
[    6.281473] Freezing remaining freezable tasks ... (elapsed 0.001 seconds) done.
[    6.282778] Suspending console(s) (use no_console_suspend to debug)
[    6.396764] Disabling non-boot CPUs ...
[    6.451801] IRQ17 no longer affine to CPU1
[    6.583208] Entering suspend state LP1
[    6.583253] Enabling non-boot CPUs ...
[    6.585012] CPU1 is up
[    6.586676] CPU2 is up
[    6.588487] CPU3 is up
[    7.226779] OOM killer enabled.
[    7.229923] Restarting tasks ... done.
root@(none):/# 
root@(none):/# [    7.234581] PM: suspend exit
rtcwake -d rtc1 -m mem -s 3
rtcwake: assuming RTC uses UTC ...
rtcwake: wakeup from "mem" using /dev/rtc1 at Thu Jan  1 00:00:31 1970
[    8.552606] PM: suspend entry (deep)
[    8.556191] PM: Syncing filesystems ... done.
[    8.561873] Freezing user space processes ... (elapsed 0.001 seconds) done.
[    8.563203] OOM killer disabled.
[    8.563207] Freezing remaining freezable tasks ... (elapsed 0.001 seconds) done.
[    8.564553] Suspending console(s) (use no_console_suspend to debug)
[    8.706739] Disabling non-boot CPUs ...
[    8.862871] Entering suspend state LP1
[    8.862916] Enabling non-boot CPUs ...
[    8.864690] CPU1 is up
[    8.866352] CPU2 is up
[    8.868194] CPU3 is up
[    9.503440] OOM killer enabled.
[    9.506587] Restarting tasks ... done.
root@(none):/# 
root@(none):/# [    9.511161] PM: suspend exit
rtcwake -d rtc1 -m mem -s 3
rtcwake: assuming RTC uses UTC ...
rtcwake: wakeup from "mem" using /dev/rtc1 at Thu Jan  1 00:00:41 1970
[   10.252989] PM: suspend entry (deep)
[   10.256572] PM: Syncing filesystems ... done.
[   10.261821] Freezing user space processes ... (elapsed 0.001 seconds) done.
[   10.263128] OOM killer disabled.
[   10.263132] Freezing remaining freezable tasks ... (elapsed 0.001 seconds) done.
[   10.264470] Suspending console(s) (use no_console_suspend to debug)
[   10.407423] Disabling non-boot CPUs ...
[   10.582791] Entering suspend state LP1
[   10.582835] Enabling non-boot CPUs ...
[   10.584602] CPU1 is up
[   10.586258] CPU2 is up
[   10.588088] CPU3 is up
[   11.223803] OOM killer enabled.
[   11.226938] Restarting tasks ... done.
root@(none):/# 
root@(none):/# [   11.231545] PM: suspend exit
rtcwake -d rtc1 -m mem -s 3
rtcwake: assuming RTC uses UTC ...
rtcwake: wakeup from "mem" using /dev/rtc1 at Thu Jan  1 00:00:51 1970
[   12.550820] PM: suspend entry (deep)
[   12.554514] PM: Syncing filesystems ... done.
[   12.559723] Freezing user space processes ... (elapsed 0.001 seconds) done.
[   12.561041] OOM killer disabled.
[   12.561045] Freezing remaining freezable tasks ... (elapsed 0.001 seconds) done.
[   12.562433] Suspending console(s) (use no_console_suspend to debug)
[   12.707081] Disabling non-boot CPUs ...
[   12.761699] IRQ17 no longer affine to CPU1
[   12.882794] Entering suspend state LP1
[   12.882839] Enabling non-boot CPUs ...
[   12.884606] CPU1 is up
[   12.886268] CPU2 is up
[   12.888094] CPU3 is up
[   13.527022] OOM killer enabled.
[   13.530166] Restarting tasks ... done.
root@(none):/# 
root@(none):/# [   13.534809] PM: suspend exit
rtcwake -d rtc1 -m mem -s 3
rtcwake: assuming RTC uses UTC ...
rtcwake: wakeup from "mem" using /dev/rtc1 at Thu Jan  1 00:01:01 1970
[   14.287085] PM: suspend entry (deep)
[   14.290673] PM: Syncing filesystems ... done.
[   14.296307] Freezing user space processes ... (elapsed 0.001 seconds) done.
[   14.297641] OOM killer disabled.
[   14.297645] Freezing remaining freezable tasks ... (elapsed 0.001 seconds) done.
[   14.298976] Suspending console(s) (use no_console_suspend to debug)
[   14.446796] Disabling non-boot CPUs ...
[   14.481664] IRQ17 no longer affine to CPU1
[   14.602525] Entering suspend state LP1
[   14.602569] Enabling non-boot CPUs ...
[   14.604350] CPU1 is up
[   14.606036] CPU2 is up
[   14.607882] CPU3 is up
[   15.247667] OOM killer enabled.
[   15.250803] Restarting tasks ... done.
root@(none):/# 
root@(none):/# [   15.255413] PM: suspend exit
rtcwake -d rtc1 -m mem -s 3
rtcwake: assuming RTC uses UTC ...
rtcwake: wakeup from "mem" using /dev/rtc1 at Thu Jan  1 00:01:11 1970
[   16.572073] PM: suspend entry (deep)
[   16.575656] PM: Syncing filesystems ... done.
[   16.580862] Freezing user space processes ... (elapsed 0.001 seconds) done.
[   16.582193] OOM killer disabled.
[   16.582197] Freezing remaining freezable tasks ... (elapsed 0.001 seconds) done.
[   16.583536] Suspending console(s) (use no_console_suspend to debug)
[   16.726774] Disabling non-boot CPUs ...
[   16.781617] IRQ17 no longer affine to CPU1
[   16.902695] Entering suspend state LP1
[   16.902739] Enabling non-boot CPUs ...
[   16.904513] CPU1 is up
[   16.906176] CPU2 is up
[   16.908003] CPU3 is up
[   17.548118] OOM killer enabled.
[   17.551273] Restarting tasks ... done.
root@(none):/# 
root@(none):/# [   17.555836] PM: suspend exit
rtcwake -d rtc1 -m mem -s 3
rtcwake: assuming RTC uses UTC ...
rtcwake: wakeup from "mem" using /dev/rtc1 at Thu Jan  1 00:01:21 1970
[   18.291148] PM: suspend entry (deep)
[   18.294729] PM: Syncing filesystems ... done.
[   18.300479] Freezing user space processes ... (elapsed 0.001 seconds) done.
[   18.301808] OOM killer disabled.
[   18.301812] Freezing remaining freezable tasks ... (elapsed 0.001 seconds) done.
[   18.303159] Suspending console(s) (use no_console_suspend to debug)
[   18.446738] Disabling non-boot CPUs ...
[   18.501572] IRQ17 no longer affine to CPU1
[   18.622693] Entering suspend state LP1
[   18.622739] Enabling non-boot CPUs ...
[   18.624512] CPU1 is up
[   18.626182] CPU2 is up
[   18.628009] CPU3 is up
[   19.266627] OOM killer enabled.
[   19.269762] Restarting tasks ... done.
root@(none):/# 
root@(none):/# [   19.274459] PM: suspend exit
rtcwake -d rtc1 -m mem -s 3
rtcwake: assuming RTC uses UTC ...
rtcwake: wakeup from "mem" using /dev/rtc1 at Thu Jan  1 00:01:31 1970
[   20.573225] PM: suspend entry (deep)
[   20.576803] PM: Syncing filesystems ... done.
[   20.582295] Freezing user space processes ... (elapsed 0.001 seconds) done.
[   20.583610] OOM killer disabled.
[   20.583614] Freezing remaining freezable tasks ... (elapsed 0.001 seconds) done.
[   20.584943] Suspending console(s) (use no_console_suspend to debug)
[   20.736979] Disabling non-boot CPUs ...
[   20.771541] IRQ17 no longer affine to CPU1
[   20.892431] Entering suspend state LP1
[   20.892474] Enabling non-boot CPUs ...
[   20.894247] CPU1 is up
[   20.895921] CPU2 is up
[   20.897744] CPU3 is up
[   21.536320] OOM killer enabled.
[   21.539455] Restarting tasks ... done.
root@(none):/# 
root@(none):/# [   21.544041] PM: suspend exit
rtcwake -d rtc1 -m mem -s 3
rtcwake: assuming RTC uses UTC ...
rtcwake: wakeup from "mem" using /dev/rtc1 at Thu Jan  1 00:01:41 1970
[   22.282980] PM: suspend entry (deep)
[   22.286563] PM: Syncing filesystems ... done.
[   22.292418] Freezing user space processes ... (elapsed 0.001 seconds) done.
[   22.293737] OOM killer disabled.
[   22.293740] Freezing remaining freezable tasks ... (elapsed 0.001 seconds) done.
[   22.295089] Suspending console(s) (use no_console_suspend to debug)
[   22.436268] Disabling non-boot CPUs ...
[   22.491458] IRQ17 no longer affine to CPU1
[   22.602374] Entering suspend state LP1
[   22.602419] Enabling non-boot CPUs ...
[   22.604202] CPU1 is up
[   22.605882] CPU2 is up
[   22.607719] CPU3 is up
[   23.247816] OOM killer enabled.
[   23.250968] Restarting tasks ... done.
root@(none):/# 
root@(none):/# [   23.255524] PM: suspend exit
rtcwake -d rtc1 -m mem -s 3
rtcwake: assuming RTC uses UTC ...
rtcwake: wakeup from "mem" using /dev/rtc1 at Thu Jan  1 00:01:51 1970
[   24.573254] PM: suspend entry (deep)
[   24.576860] PM: Syncing filesystems ... done.
[   24.582433] Freezing user space processes ... (elapsed 0.001 seconds) done.
[   24.583751] OOM killer disabled.
[   24.583755] Freezing remaining freezable tasks ... (elapsed 0.001 seconds) done.
[   24.585095] Suspending console(s) (use no_console_suspend to debug)
[   24.726660] Disabling non-boot CPUs ...
[   24.761454] IRQ17 no longer affine to CPU1
[   24.872340] Entering suspend state LP1
[   24.872360] Enabling non-boot CPUs ...
[   24.874137] CPU1 is up
[   24.875801] CPU2 is up
[   24.877631] CPU3 is up
[   25.516021] OOM killer enabled.
[   25.519164] Restarting tasks ... done.
root@(none):/# 
root@(none):/# [   25.523766] PM: suspend exit
NVTB SYSTEM SUSPEND TEST COMPLETE
