
U-Boot SPL 2014.01-00219-gc4d376f (Feb 18 2014 - 19:57:32)


U-Boot 2014.01-00219-gc4d376f (Feb 18 2014 - 19:57:32)

TEGRA114
Board: NVIDIA Dalmore
I2C:   ready
DRAM:  2 GiB
MMC:   Tegra SD/MMC: 0, Tegra SD/MMC: 1
In:    serial
Out:   serial
Err:   serial
Net:   Net Initialization Skipped
No ethernet found.
Hit any key to stop autoboot:  2  0 
Tegra114 (Dalmore) # 
Tegra114 (Dalmore) # usb reset
(Re)start USB...
USB0:   USB EHCI 1.10
scanning bus 0 for devices... 2 USB Device(s) found
       scanning usb for storage devices... 0 Storage Device(s) found
       scanning usb for ethernet devices... 
Warning: asx0 using MAC address from net device
1 Ethernet Device(s) found
Tegra114 (Dalmore) # setenv bootargs 'ignore_loglevel console=ttyS0,115200n8 rw root=PARTUUID=7369c667-ff51-ec4a-29cd-baabf2fbe346 rootwait gpt debug earlyprintk init=/bin/bash'
Tegra114 (Dalmore) # setenv ipaddr 192.168.100.100; setenv serverip 192.168.100.1; setenv tftpserverip 192.168.100.1
Tegra114 (Dalmore) # tftpboot 0x81000000 zImage.multi_v7_defconfig
Using asx0 device
TFTP from server 192.168.100.1; our IP address is 192.168.100.100
Filename 'zImage.multi_v7_defconfig'.
Load address: 0x81000000
Loading: *#################################################################
	 #################################################################
	 #################################################################
	 #################################################################
	 #################################################################
	 #################################################################
	 #################################################################
	 #################################################################
	 ####################################
	 2.9 MiB/s
done
Bytes transferred = 8159744 (7c8200 hex)
Tegra114 (Dalmore) # tftpboot 0x82000000 tegra114-dalmore.dtb
Using asx0 device
TFTP from server 192.168.100.1; our IP address is 192.168.100.100
Filename 'tegra114-dalmore.dtb'.
Load address: 0x82000000
Loading: *###
	 2.5 MiB/s
done
Bytes transferred = 34502 (86c6 hex)
Tegra114 (Dalmore) # bootz 0x81000000 - 0x82000000
Kernel image @ 0x81000000 [ 0x000000 - 0x7c8200 ]
## Flattened Device Tree blob at 82000000
   Booting using the fdt blob at 0x82000000
   Loading Device Tree to 8fff4000, end 8ffff6c5 ... OK

Starting kernel ...

[    0.000000] Booting Linux on physical CPU 0x0
[    0.000000] Linux version 4.16.0-rc1-348826-g7928b2cbe55b (jonathanh@tamien) (gcc version 4.7.3 20130328 (prerelease) (crosstool-NG linaro-1.13.1-4.7-2013.04-20130415 - Linaro GCC 2013.04)) #1 SMP Sun Feb 11 15:35:47 PST 2018
[    0.000000] CPU: ARMv7 Processor [412fc0f2] revision 2 (ARMv7), cr=10c5387d
[    0.000000] CPU: div instructions available: patching division code
[    0.000000] CPU: PIPT / VIPT nonaliasing data cache, PIPT instruction cache
[    0.000000] OF: fdt: Machine model: NVIDIA Tegra114 Dalmore evaluation board
[    0.000000] debug: ignoring loglevel setting.
[    0.000000] Memory policy: Data cache writealloc
[    0.000000] efi: Getting EFI parameters from FDT:
[    0.000000] efi: UEFI not found.
[    0.000000] cma: Reserved 64 MiB at 0xfb800000
[    0.000000] On node 0 totalpages: 524032
[    0.000000]   DMA zone: 1536 pages used for memmap
[    0.000000]   DMA zone: 0 pages reserved
[    0.000000]   DMA zone: 196608 pages, LIFO batch:31
[    0.000000]   HighMem zone: 327424 pages, LIFO batch:31
[    0.000000] random: fast init done
[    0.000000] percpu: Embedded 17 pages/cpu @(ptrval) s39232 r8192 d22208 u69632
[    0.000000] pcpu-alloc: s39232 r8192 d22208 u69632 alloc=17*4096
[    0.000000] pcpu-alloc: [0] 0 [0] 1 [0] 2 [0] 3 
[    0.000000] Built 1 zonelists, mobility grouping on.  Total pages: 522496
[    0.000000] Kernel command line: ignore_loglevel console=ttyS0,115200n8 rw root=PARTUUID=7369c667-ff51-ec4a-29cd-baabf2fbe346 rootwait gpt debug earlyprintk init=/bin/bash
[    0.000000] Dentry cache hash table entries: 131072 (order: 7, 524288 bytes)
[    0.000000] Inode-cache hash table entries: 65536 (order: 6, 262144 bytes)
[    0.000000] Memory: 1992580K/2096128K available (11264K kernel code, 1570K rwdata, 4348K rodata, 2048K init, 405K bss, 38012K reserved, 65536K cma-reserved, 1244160K highmem)
[    0.000000] Virtual kernel memory layout:
[    0.000000]     vector  : 0xffff0000 - 0xffff1000   (   4 kB)
[    0.000000]     fixmap  : 0xffc00000 - 0xfff00000   (3072 kB)
[    0.000000]     vmalloc : 0xf0800000 - 0xff800000   ( 240 MB)
[    0.000000]     lowmem  : 0xc0000000 - 0xf0000000   ( 768 MB)
[    0.000000]     pkmap   : 0xbfe00000 - 0xc0000000   (   2 MB)
[    0.000000]     modules : 0xbf000000 - 0xbfe00000   (  14 MB)
[    0.000000]       .text : 0x(ptrval) - 0x(ptrval)   (12256 kB)
[    0.000000]       .init : 0x(ptrval) - 0x(ptrval)   (2048 kB)
[    0.000000]       .data : 0x(ptrval) - 0x(ptrval)   (1571 kB)
[    0.000000]        .bss : 0x(ptrval) - 0x(ptrval)   ( 406 kB)
[    0.000000] SLUB: HWalign=64, Order=0-3, MinObjects=0, CPUs=4, Nodes=1
[    0.000000] Hierarchical RCU implementation.
[    0.000000] 	RCU event tracing is enabled.
[    0.000000] 	RCU restricting CPUs from NR_CPUS=16 to nr_cpu_ids=4.
[    0.000000] RCU: Adjusting geometry for rcu_fanout_leaf=16, nr_cpu_ids=4
[    0.000000] NR_IRQS: 16, nr_irqs: 16, preallocated irqs: 16
[    0.000000] /interrupt-controller@60004000: 160 interrupts forwarded to /interrupt-controller@50041000
[    0.000000] Tegra clk 127: register failed with -17
[    0.000009] sched_clock: 32 bits at 1000kHz, resolution 1000ns, wraps every 2147483647500ns
[    0.000030] clocksource: timer_us: mask: 0xffffffff max_cycles: 0xffffffff, max_idle_ns: 1911260446275 ns
[    0.000047] Switching to timer-based delay loop, resolution 1000ns
[    0.003188] arch_timer: cp15 timer(s) running at 12.00MHz (virt).
[    0.003208] clocksource: arch_sys_counter: mask: 0xffffffffffffff max_cycles: 0x2c47f4ee7, max_idle_ns: 440795202497 ns
[    0.003229] sched_clock: 56 bits at 12MHz, resolution 83ns, wraps every 4398046511096ns
[    0.003243] Switching to timer-based delay loop, resolution 83ns
[    0.003663] Console: colour dummy device 80x30
[    0.003701] Calibrating delay loop (skipped), value calculated using timer frequency.. 24.00 BogoMIPS (lpj=120000)
[    0.003721] pid_max: default: 32768 minimum: 301
[    0.003839] Mount-cache hash table entries: 2048 (order: 1, 8192 bytes)
[    0.003855] Mountpoint-cache hash table entries: 2048 (order: 1, 8192 bytes)
[    0.004372] CPU: Testing write buffer coherency: ok
[    0.004630] /cpus/cpu@0 missing clock-frequency property
[    0.004663] /cpus/cpu@1 missing clock-frequency property
[    0.004695] /cpus/cpu@2 missing clock-frequency property
[    0.004728] /cpus/cpu@3 missing clock-frequency property
[    0.004743] CPU0: thread -1, cpu 0, socket 0, mpidr 80000000
[    0.005062] Setting up static identity map for 0x80300000 - 0x803000a0
[    0.006308] Hierarchical SRCU implementation.
[    0.008366] Tegra Revision: A01 SKU: 0 CPU Process: 1 SoC Process: 0
[    0.009073] EFI services will not be available.
[    0.009243] smp: Bringing up secondary CPUs ...
[    0.009772] CPU1: thread -1, cpu 1, socket 0, mpidr 80000001
[    0.010390] CPU2: thread -1, cpu 2, socket 0, mpidr 80000002
[    0.010996] CPU3: thread -1, cpu 3, socket 0, mpidr 80000003
[    0.011102] smp: Brought up 1 node, 4 CPUs
[    0.011127] SMP: Total of 4 processors activated (96.00 BogoMIPS).
[    0.011136] CPU: All CPU(s) started in SVC mode.
[    0.012654] devtmpfs: initialized
[    0.020960] VFP support v0.3: implementor 41 architecture 4 part 30 variant f rev 0
[    0.021269] clocksource: jiffies: mask: 0xffffffff max_cycles: 0xffffffff, max_idle_ns: 19112604462750000 ns
[    0.021288] futex hash table entries: 1024 (order: 4, 65536 bytes)
[    0.022772] pinctrl core: initialized pinctrl subsystem
[    0.024147] DMI not present or invalid.
[    0.024418] NET: Registered protocol family 16
[    0.026670] DMA: preallocated 256 KiB pool for atomic coherent allocations
[    0.028696] cpuidle: using governor menu
[    0.050647] No ATAGs?
[    0.050780] hw-breakpoint: found 5 (+1 reserved) breakpoint and 4 watchpoint registers.
[    0.050797] hw-breakpoint: maximum watchpoint size is 8 bytes.
[    0.056482] Serial: AMBA PL011 UART driver
[    0.057415] tegra-mc 70019000.memory-controller: no memory timings for RAM code 3 registered
[    0.057602] iommu: Adding device 54200000.dc to group 0
[    0.057659] iommu: Adding device 54240000.dc to group 0
[    0.071927] AT91: Could not find identification node
[    0.072414] dvdd_ts: Failed to request enable GPIO61: -517
[    0.072437] reg-fixed-voltage regulators:regulator@1: Failed to register regulator: -517
[    0.072543] usb1_vbus: Failed to request enable GPIO108: -517
[    0.072558] reg-fixed-voltage regulators:regulator@3: Failed to register regulator: -517
[    0.072664] usb2_vbus: Failed to request enable GPIO86: -517
[    0.072679] reg-fixed-voltage regulators:regulator@4: Failed to register regulator: -517
[    0.073101] VDD_5V0_HDMI_CON: Failed to request enable GPIO81: -517
[    0.073117] reg-fixed-voltage regulators:regulator@7: Failed to register regulator: -517
[    0.075597] vgaarb: loaded
[    0.076323] SCSI subsystem initialized
[    0.076503] libata version 3.00 loaded.
[    0.076706] usbcore: registered new interface driver usbfs
[    0.076764] usbcore: registered new interface driver hub
[    0.076826] usbcore: registered new device driver usb
[    0.080102] tps65090 2-0048: No cache defaults, reading back from HW
[    0.082030] TPS65090_RAILSDCDC1: supplied by vdd_ac_bat
[    0.083086] TPS65090_RAILSDCDC2: supplied by vdd_ac_bat
[    0.084150] TPS65090_RAILSDCDC3: supplied by vdd_ac_bat
[    0.084665] TPS65090_RAILSFET1: supplied by vdd_ac_bat
[    0.085031] TPS65090_RAILSFET2: supplied by vdd_ac_bat
[    0.085372] TPS65090_RAILSFET3: supplied by vdd-sys-3v3
[    0.085884] TPS65090_RAILSFET4: supplied by vdd-sys-3v3
[    0.086403] TPS65090_RAILSFET5: supplied by vdd-sys-3v3
[    0.086906] TPS65090_RAILSFET6: supplied by vdd-sys-3v3
[    0.087731] TPS65090_RAILSFET7: supplied by vdd-sys-3v3
[    0.088247] TPS65090_RAILSLDO1: supplied by vdd_ac_bat
[    0.088435] TPS65090_RAILSLDO2: supplied by vdd_ac_bat
[    0.089353] palmas 2-0058: Irq flag is 0x00000004
[    0.091315] palmas 2-0058: Muxing GPIO ff, PWM 0, LED 0
[    0.093897] SMPS12: supplied by vdd-ao
[    0.094896] vdd_hdmi_5v0: supplied by vdd-sys-5v0
[    0.095709] SMPS3: supplied by vdd-ao
[    0.097429] SMPS457: supplied by vdd-sys-3v3
[    0.099064] SMPS6: supplied by regulator-dummy
[    0.100452] SMPS8: supplied by vdd-sys-3v3
[    0.102034] SMPS9: supplied by vdd-sys-3v3
[    0.102553] sdhci-vdd-sd-slot: Bringing 2840000uV into 2800000-2800000uV
[    0.103941] SMPS10_OUT2: supplied by regulator-dummy
[    0.104761] SMPS10_OUT1: supplied by regulator-dummy
[    0.105600] LDO1: supplied by vdd-sys-3v3
[    0.106699] LDO2: supplied by vdd-sys-3v3
[    0.107816] LDO3: supplied by vddio-1v8
[    0.108908] LDO4: supplied by vdd-sys-3v3
[    0.110017] LDO5: supplied by vdd_ac_bat
[    0.110694] LDO6: supplied by vdd-sys-3v3
[    0.111214] vdd-sensor-2v85: Bringing 2900000uV into 2850000-2850000uV
[    0.112534] LDO7: supplied by vdd-sys-3v3
[    0.114192] LDO8: supplied by vdd-ao
[    0.114713] vdd-rtc: Bringing 675000uV into 900000-900000uV
[    0.123928] LDO9: supplied by sdhci-vdd-sd-slot
[    0.134243] LDOLN: supplied by vdd-sys-5v0
[    0.135356] LDOUSB: supplied by vdd-sys-5v0
[    0.146643] pps_core: LinuxPPS API ver. 1 registered
[    0.146654] pps_core: Software ver. 5.3.6 - Copyright 2005-2007 Rodolfo Giometti <giometti@linux.it>
[    0.146678] PTP clock support registered
[    0.146869] EDAC MC: Ver: 3.0.0
[    0.149104] clocksource: Switched to clocksource arch_sys_counter
[    0.202887] NET: Registered protocol family 2
[    0.203406] tcp_listen_portaddr_hash hash table entries: 512 (order: 0, 6144 bytes)
[    0.203440] TCP established hash table entries: 8192 (order: 3, 32768 bytes)
[    0.203544] TCP bind hash table entries: 8192 (order: 4, 65536 bytes)
[    0.203732] TCP: Hash tables configured (established 8192 bind 8192)
[    0.203823] UDP hash table entries: 512 (order: 2, 16384 bytes)
[    0.203868] UDP-Lite hash table entries: 512 (order: 2, 16384 bytes)
[    0.204030] NET: Registered protocol family 1
[    0.204423] RPC: Registered named UNIX socket transport module.
[    0.204434] RPC: Registered udp transport module.
[    0.204445] RPC: Registered tcp transport module.
[    0.204455] RPC: Registered tcp NFSv4.1 backchannel transport module.
[    0.204469] PCI: CLS 0 bytes, default 64
[    0.206623] Initialise system trusted keyrings
[    0.206762] workingset: timestamp_bits=30 max_order=19 bucket_order=0
[    0.213899] squashfs: version 4.0 (2009/01/31) Phillip Lougher
[    0.214518] NFS: Registering the id_resolver key type
[    0.214542] Key type id_resolver registered
[    0.214553] Key type id_legacy registered
[    0.214599] ntfs: driver 2.1.32 [Flags: R/O].
[    0.216218] Key type asymmetric registered
[    0.216231] Asymmetric key parser 'x509' registered
[    0.216284] bounce: pool size: 64 pages
[    0.216331] Block layer SCSI generic (bsg) driver version 0.4 loaded (major 246)
[    0.216343] io scheduler noop registered
[    0.216353] io scheduler deadline registered
[    0.216585] io scheduler cfq registered (default)
[    0.216597] io scheduler mq-deadline registered
[    0.216607] io scheduler kyber registered
[    0.249433] tegra-apbdma 6000a000.dma: Tegra20 APB DMA driver register 32 channels
[    0.252430] tegra-pmc 7000e400.pmc: i2c-thermtrip node not found, emergency thermal reset disabled.
[    0.306447] Serial: 8250/16550 driver, 4 ports, IRQ sharing disabled
[    0.309124] console [ttyS0] disabled
[    0.309169] 70006300.serial: ttyS0 at MMIO 0x70006300 (irq = 329, base_baud = 25500000) is a Tegra
[    1.333779] console [ttyS0] enabled
[    1.338047] SuperH (H)SCI(F) driver initialized
[    1.343615] msm_serial: driver initialized
[    1.347885] STMicroelectronics ASC driver initialized
[    1.358378] Failed to attached device 54200000.dc to IOMMU_mapping
[    1.372791] Failed to attached device 54240000.dc to IOMMU_mapping
[    1.387638] tegra-hdmi 54280000.hdmi: failed to get HDMI regulator
[    1.410042] brd: module loaded
[    1.419888] loop: module loaded
[    1.440385] m25p80 spi0.0: w25q32dw (4096 Kbytes)
[    1.447739] libphy: Fixed MDIO Bus: probed
[    1.452869] CAN device driver interface
[    1.457530] bgmac_bcma: Broadcom 47xx GBit MAC driver loaded
[    1.464458] e1000e: Intel(R) PRO/1000 Network Driver - 3.2.6-k
[    1.470299] e1000e: Copyright(c) 1999 - 2015 Intel Corporation.
[    1.476257] igb: Intel(R) Gigabit Ethernet Network Driver - version 5.4.0-k
[    1.483225] igb: Copyright (c) 2007-2014 Intel Corporation.
[    1.492373] pegasus: v0.9.3 (2013/04/25), Pegasus/Pegasus II USB Ethernet driver
[    1.499825] usbcore: registered new interface driver pegasus
[    1.505516] usbcore: registered new interface driver asix
[    1.510954] usbcore: registered new interface driver ax88179_178a
[    1.517069] usbcore: registered new interface driver cdc_ether
[    1.522962] usbcore: registered new interface driver smsc75xx
[    1.528742] usbcore: registered new interface driver smsc95xx
[    1.534525] usbcore: registered new interface driver net1080
[    1.540227] usbcore: registered new interface driver cdc_subset
[    1.546166] usbcore: registered new interface driver zaurus
[    1.551794] usbcore: registered new interface driver cdc_ncm
[    1.557668] tegra-phy 7d000000.usb-phy: no vbus regulator
[    1.565135] ehci_hcd: USB 2.0 'Enhanced' Host Controller (EHCI) Driver
[    1.571672] ehci-pci: EHCI PCI platform driver
[    1.576143] ehci-platform: EHCI generic platform driver
[    1.581571] ehci-orion: EHCI orion driver
[    1.585724] SPEAr-ehci: EHCI SPEAr driver
[    1.589872] ehci-st: EHCI STMicroelectronics driver
[    1.594869] ehci-exynos: EHCI EXYNOS driver
[    1.599214] ehci-atmel: EHCI Atmel driver
[    1.603340] tegra-ehci: Tegra EHCI driver
[    1.607649] ohci_hcd: USB 1.1 'Open' Host Controller (OHCI) Driver
[    1.613849] ohci-pci: OHCI PCI platform driver
[    1.618328] ohci-platform: OHCI generic platform driver
[    1.623739] SPEAr-ohci: OHCI SPEAr driver
[    1.627871] ohci-st: OHCI STMicroelectronics driver
[    1.632883] ohci-atmel: OHCI Atmel driver
[    1.637572] usbcore: registered new interface driver usb-storage
[    1.656283] palmas-rtc 7000d000.i2c:tps65913@58:rtc: rtc core: registered 7000d000.i2c:tps65913@58:rtc as rtc0
[    1.668123] tegra_rtc 7000e000.rtc: rtc core: registered 7000e000.rtc as rtc1
[    1.675317] tegra_rtc 7000e000.rtc: Tegra internal Real Time Clock
[    1.682010] i2c /dev entries driver
[    1.691997] sbs-battery 0-000b: sbs_probe: Failed to get device status
[    1.698530] sbs-battery: probe of 0-000b failed with error -121
[    1.714914] sdhci: Secure Digital Host Controller Interface driver
[    1.721113] sdhci: Copyright(c) Pierre Ossman
[    1.727014] Synopsys Designware Multimedia Card Interface Driver
[    1.734394] sdhci-pltfm: SDHCI platform and OF driver helper
[    1.740807] sdhci-tegra 78000400.sdhci: Got CD GPIO
[    1.745700] sdhci-tegra 78000400.sdhci: Got WP GPIO
[    1.758829] mmc0: Invalid maximum block size, assuming 512 bytes
[    1.795950] mmc0: SDHCI controller on 78000400.sdhci [78000400.sdhci] using ADMA
[    1.808594] mmc1: Invalid maximum block size, assuming 512 bytes
[    1.845606] mmc1: SDHCI controller on 78000600.sdhci [78000600.sdhci] using ADMA
[    1.855057] ledtrig-cpu: registered to indicate activity on CPUs
[    1.861443] usbcore: registered new interface driver usbhid
[    1.867006] usbhid: USB HID core driver
[    1.874817] NET: Registered protocol family 10
[    1.880214] Segment Routing with IPv6
[    1.883938] sit: IPv6, IPv4 and MPLS over IPv4 tunneling driver
[    1.890433] NET: Registered protocol family 17
[    1.894879] can: controller area network core (rev 20170425 abi 9)
[    1.901140] NET: Registered protocol family 29
[    1.905581] can: raw protocol (rev 20170425)
[    1.909862] can: broadcast manager protocol (rev 20170425 t)
[    1.915520] can: netlink gateway (rev 20170425) max_hops=1
[    1.921313] Key type dns_resolver registered
[    1.926112] ThumbEE CPU extension supported.
[    1.930403] Registering SWP/SWPB emulation handler
[    1.935744] Loading compiled-in X.509 certificates
[    1.947389] mmc0: new high speed SDHC card at address aaaa
[    1.953651] mmcblk0: mmc0:aaaa SL16G 14.8 GiB 
[    1.955741] usb1_vbus: supplied by vdd-sys-5v0
[    1.963647] usb2_vbus: supplied by vdd-sys-5v0
[    1.970706] VDD_5V0_HDMI_CON: supplied by vdd-sys-5v0
[    1.979652]  mmcblk0: p1 p2 p3
[    1.984257] [drm] Supports vblank timestamp caching Rev 2 (21.10.2013).
[    1.988691] mmc1: new high speed MMC card at address 0001
[    1.990915] [drm] No driver support for vblank timestamp query.
[    1.997012] mmcblk1: mmc1:0001 SEM32G 29.1 GiB 
[    2.007211] mmcblk1boot0: mmc1:0001 SEM32G partition 1 4.00 MiB
[    2.013650] mmcblk1boot1: mmc1:0001 SEM32G partition 2 4.00 MiB
[    2.019819] mmcblk1rpmb: mmc1:0001 SEM32G partition 3 4.00 MiB, chardev (236:0)
[    2.030068]  mmcblk1: p1 p2 p3 p4 p5 p6 p7 p8
[    2.097970] Console: switching to colour frame buffer device 240x75
[    2.141887] drm drm: fb0:  frame buffer device
[    2.146494] [drm] Initialized tegra 0.0.0 20120330 for drm on minor 0
[    2.156374] tegra-ehci 7d008000.usb: EHCI Host Controller
[    2.161846] tegra-ehci 7d008000.usb: new USB bus registered, assigned bus number 1
[    2.170058] tegra-ehci 7d008000.usb: irq 340, io mem 0x7d008000
[    2.199234] tegra-ehci 7d008000.usb: USB 2.0 started, EHCI 1.10
[    2.206265] hub 1-0:1.0: USB hub found
[    2.210142] hub 1-0:1.0: 1 port detected
[    2.215886] input: gpio-keys as /devices/soc0/gpio-keys/input/input0
[    2.224782] palmas-rtc 7000d000.i2c:tps65913@58:rtc: setting system clock to 2000-07-05 06:42:57 UTC (962779377)
[    2.240621] dvdd_ts: disabling
[    2.243681] usb1_vbus: disabling
[    2.246906] vdd_cam_1v8_reg: disabling
[    2.252797] EXT4-fs (mmcblk1p1): mounting ext3 file system using the ext4 subsystem
[    2.274743] EXT4-fs (mmcblk1p1): recovery complete
[    2.279626] EXT4-fs (mmcblk1p1): mounted filesystem with ordered data mode. Opts: (null)
[    2.287750] VFS: Mounted root (ext3 filesystem) on device 179:17.
[    2.298577] devtmpfs: mounted
[    2.303483] Freeing unused kernel memory: 2048K
bash: cannot set terminal process group (-1): Inappropriate ioctl for device
bash: no job control in this shell
root@(none):/# [    2.589240] usb 1-1: new high-speed USB device number 2 using tegra-ehci
mount -t sysfs none /sys
[    3.279723] asix 1-1:1.0 eth0: register 'asix' at usb-7d008000.usb-1, ASIX AX88772 USB 2.0 Ethernet, 00:50:b6:0d:b5:16
root@(none):/# 
root@(none):/# mount -t debugfs none /sys/kernel/debug
root@(none):/# 
root@(none):/# rtcwake -d rtc1 -m mem -s 3
rtcwake: assuming RTC uses UTC ...
rtcwake: wakeup from "mem" using /dev/rtc1 at Thu Jan  1 00:00:20 1970
[    5.351643] PM: suspend entry (deep)
[    5.355221] PM: Syncing filesystems ... done.
[    5.396628] Freezing user space processes ... (elapsed 0.001 seconds) done.
[    5.404895] OOM killer disabled.
[    5.408122] Freezing remaining freezable tasks ... (elapsed 0.001 seconds) done.
[    5.416858] Suspending console(s) (use no_console_suspend to debug)
[    5.490090] Disabling non-boot CPUs ...
[    5.599473] IRQ17 no longer affine to CPU2
[    5.660542] Entering suspend state LP1
[    5.660565] Enabling non-boot CPUs ...
[    5.661150] CPU1 is up
[    5.661685] CPU2 is up
[    5.662341] CPU3 is up
[    6.303015] OOM killer enabled.
[    6.306157] Restarting tasks ... done.
[    6.341263] PM: suspend exit
root@(none):/# 
root@(none):/# rtcwake -d rtc1 -m mem -s 3
rtcwake: assuming RTC uses UTC ...
rtcwake: wakeup from "mem" using /dev/rtc1 at Thu Jan  1 00:00:29 1970
[    6.640045] PM: suspend entry (deep)
[    6.643628] PM: Syncing filesystems ... done.
[    6.674894] Freezing user space processes ... (elapsed 0.001 seconds) done.
[    6.683190] OOM killer disabled.
[    6.686419] Freezing remaining freezable tasks ... (elapsed 0.001 seconds) done.
[    6.695210] Suspending console(s) (use no_console_suspend to debug)
[    6.769792] Disabling non-boot CPUs ...
[    6.819468] IRQ17 no longer affine to CPU1
[    6.950340] Entering suspend state LP1
[    6.950364] Enabling non-boot CPUs ...
[    6.950966] CPU1 is up
[    6.951504] CPU2 is up
[    6.952166] CPU3 is up
[    7.593294] OOM killer enabled.
[    7.596437] Restarting tasks ... done.
[    7.629765] PM: suspend exit
root@(none):/# 
root@(none):/# rtcwake -d rtc1 -m mem -s 3
rtcwake: assuming RTC uses UTC ...
rtcwake: wakeup from "mem" using /dev/rtc1 at Thu Jan  1 00:00:38 1970
[    7.953575] PM: suspend entry (deep)
[    7.957152] PM: Syncing filesystems ... done.
[    7.996665] Freezing user space processes ... (elapsed 0.001 seconds) done.
[    8.004956] OOM killer disabled.
[    8.008181] Freezing remaining freezable tasks ... (elapsed 0.001 seconds) done.
[    8.016951] Suspending console(s) (use no_console_suspend to debug)
[    8.090107] Disabling non-boot CPUs ...
[    8.270195] Entering suspend state LP1
[    8.270219] Enabling non-boot CPUs ...
[    8.270826] CPU1 is up
[    8.271366] CPU2 is up
[    8.272013] CPU3 is up
[    8.909647] OOM killer enabled.
[    8.912791] Restarting tasks ... done.
[    8.950147] PM: suspend exit
root@(none):/# 
root@(none):/# rtcwake -d rtc1 -m mem -s 3
rtcwake: assuming RTC uses UTC ...
rtcwake: wakeup from "mem" using /dev/rtc1 at Thu Jan  1 00:00:47 1970
[    9.267953] PM: suspend entry (deep)
[    9.271571] PM: Syncing filesystems ... done.
[    9.300397] Freezing user space processes ... (elapsed 0.001 seconds) done.
[    9.308647] OOM killer disabled.
[    9.311902] Freezing remaining freezable tasks ... (elapsed 0.001 seconds) done.
[    9.320704] Suspending console(s) (use no_console_suspend to debug)
[    9.389854] Disabling non-boot CPUs ...
[    9.570122] Entering suspend state LP1
[    9.570147] Enabling non-boot CPUs ...
[    9.570754] CPU1 is up
[    9.571289] CPU2 is up
[    9.571943] CPU3 is up
[   10.209372] OOM killer enabled.
[   10.212518] Restarting tasks ... done.
[   10.250200] PM: suspend exit
root@(none):/# 
root@(none):/# rtcwake -d rtc1 -m mem -s 3
rtcwake: assuming RTC uses UTC ...
rtcwake: wakeup from "mem" using /dev/rtc1 at Thu Jan  1 00:00:56 1970
[   10.583254] PM: suspend entry (deep)
[   10.586833] PM: Syncing filesystems ... done.
[   10.617085] Freezing user space processes ... (elapsed 0.001 seconds) done.
[   10.625383] OOM killer disabled.
[   10.628608] Freezing remaining freezable tasks ... (elapsed 0.001 seconds) done.
[   10.637310] Suspending console(s) (use no_console_suspend to debug)
[   10.710051] Disabling non-boot CPUs ...
[   10.890104] Entering suspend state LP1
[   10.890128] Enabling non-boot CPUs ...
[   10.890733] CPU1 is up
[   10.891271] CPU2 is up
[   10.891918] CPU3 is up
[   11.529647] OOM killer enabled.
[   11.532791] Restarting tasks ... done.
[   11.570524] PM: suspend exit
root@(none):/# 
root@(none):/# rtcwake -d rtc1 -m mem -s 3
rtcwake: assuming RTC uses UTC ...
rtcwake: wakeup from "mem" using /dev/rtc1 at Thu Jan  1 00:01:05 1970
[   11.890986] PM: suspend entry (deep)
[   11.894569] PM: Syncing filesystems ... done.
[   11.937464] Freezing user space processes ... (elapsed 0.001 seconds) done.
[   11.945762] OOM killer disabled.
[   11.949029] Freezing remaining freezable tasks ... (elapsed 0.001 seconds) done.
[   11.957783] Suspending console(s) (use no_console_suspend to debug)
[   12.030069] Disabling non-boot CPUs ...
[   12.190049] Entering suspend state LP1
[   12.190072] Enabling non-boot CPUs ...
[   12.190681] CPU1 is up
[   12.191219] CPU2 is up
[   12.191873] CPU3 is up
[   12.829593] OOM killer enabled.
[   12.832737] Restarting tasks ... done.
[   12.869782] PM: suspend exit
root@(none):/# 
root@(none):/# rtcwake -d rtc1 -m mem -s 3
rtcwake: assuming RTC uses UTC ...
rtcwake: wakeup from "mem" using /dev/rtc1 at Thu Jan  1 00:01:14 1970
[   13.192509] PM: suspend entry (deep)
[   13.196088] PM: Syncing filesystems ... done.
[   13.236714] Freezing user space processes ... (elapsed 0.001 seconds) done.
[   13.245010] OOM killer disabled.
[   13.248240] Freezing remaining freezable tasks ... (elapsed 0.001 seconds) done.
[   13.257008] Suspending console(s) (use no_console_suspend to debug)
[   13.330085] Disabling non-boot CPUs ...
[   13.500008] Entering suspend state LP1
[   13.500031] Enabling non-boot CPUs ...
[   13.500642] CPU1 is up
[   13.501177] CPU2 is up
[   13.501830] CPU3 is up
[   14.139602] OOM killer enabled.
[   14.142747] Restarting tasks ... done.
[   14.180550] PM: suspend exit
root@(none):/# 
root@(none):/# rtcwake -d rtc1 -m mem -s 3
rtcwake: assuming RTC uses UTC ...
rtcwake: wakeup from "mem" using /dev/rtc1 at Thu Jan  1 00:01:23 1970
[   14.520030] PM: suspend entry (deep)
[   14.523609] PM: Syncing filesystems ... done.
[   14.564156] Freezing user space processes ... (elapsed 0.001 seconds) done.
[   14.572448] OOM killer disabled.
[   14.575677] Freezing remaining freezable tasks ... (elapsed 0.001 seconds) done.
[   14.584491] Suspending console(s) (use no_console_suspend to debug)
[   14.659875] Disabling non-boot CPUs ...
[   14.769206] IRQ17 no longer affine to CPU2
[   14.839961] Entering suspend state LP1
[   14.839984] Enabling non-boot CPUs ...
[   14.840592] CPU1 is up
[   14.841130] CPU2 is up
[   14.841780] CPU3 is up
[   15.491860] OOM killer enabled.
[   15.494994] Restarting tasks ... done.
[   15.536989] PM: suspend exit
root@(none):/# 
root@(none):/# rtcwake -d rtc1 -m mem -s 3
rtcwake: assuming RTC uses UTC ...
rtcwake: wakeup from "mem" using /dev/rtc1 at Thu Jan  1 00:01:32 1970
[   15.849042] PM: suspend entry (deep)
[   15.852621] PM: Syncing filesystems ... done.
[   15.887239] Freezing user space processes ... (elapsed 0.001 seconds) done.
[   15.895544] OOM killer disabled.
[   15.898809] Freezing remaining freezable tasks ... (elapsed 0.001 seconds) done.
[   15.907567] Suspending console(s) (use no_console_suspend to debug)
[   15.979520] Disabling non-boot CPUs ...
[   16.139916] Entering suspend state LP1
[   16.139940] Enabling non-boot CPUs ...
[   16.140547] CPU1 is up
[   16.141088] CPU2 is up
[   16.141736] CPU3 is up
[   16.780079] OOM killer enabled.
[   16.783223] Restarting tasks ... done.
[   16.820115] PM: suspend exit
root@(none):/# 
root@(none):/# rtcwake -d rtc1 -m mem -s 3
rtcwake: assuming RTC uses UTC ...
rtcwake: wakeup from "mem" using /dev/rtc1 at Thu Jan  1 00:01:41 1970
[   17.148926] PM: suspend entry (deep)
[   17.152507] PM: Syncing filesystems ... done.
[   17.187041] Freezing user space processes ... (elapsed 0.001 seconds) done.
[   17.195341] OOM killer disabled.
[   17.198572] Freezing remaining freezable tasks ... (elapsed 0.001 seconds) done.
[   17.207385] Suspending console(s) (use no_console_suspend to debug)
[   17.279925] Disabling non-boot CPUs ...
[   17.459898] Entering suspend state LP1
[   17.459922] Enabling non-boot CPUs ...
[   17.460528] CPU1 is up
[   17.461068] CPU2 is up
[   17.461722] CPU3 is up
[   18.099019] OOM killer enabled.
[   18.102164] Restarting tasks ... done.
[   18.13NVTB SYSTEM SUSPEND TEST COMPLETE
9794] PM: suspend exit
root@(none):/# 
root@(none):/# 