
U-Boot SPL 2014.01-00219-gc4d376f (Feb 18 2014 - 19:57:32)


U-Boot 2014.01-00219-gc4d376f (Feb 18 2014 - 19:57:32)

TEGRA114
Board: NVIDIA Dalmore
I2C:   ready
DRAM:  2 GiB
MMC:   Tegra SD/MMC: 0, Tegra SD/MMC: 1
In:    serial
Out:   serial
Err:   serial
Net:   Net Initialization Skipped
No ethernet found.
Hit any key to stop autoboot:  2  0 
Tegra114 (Dalmore) # 
Tegra114 (Dalmore) # usb reset
(Re)start USB...
USB0:   USB EHCI 1.10
scanning bus 0 for devices... 2 USB Device(s) found
       scanning usb for storage devices... 0 Storage Device(s) found
       scanning usb for ethernet devices... 
Warning: asx0 using MAC address from net device
1 Ethernet Device(s) found
Tegra114 (Dalmore) # setenv bootargs 'ignore_loglevel console=ttyS0,115200n8 rw root=PARTUUID=7369c667-ff51-ec4a-29cd-baabf2fbe346 rootwait gpt debug earlyprintk init=/bin/bash'
Tegra114 (Dalmore) # setenv ipaddr 192.168.100.100; setenv serverip 192.168.100.1; setenv tftpserverip 192.168.100.1
Tegra114 (Dalmore) # tftpboot 0x81000000 zImage.tegra_defconfig
Using asx0 device
TFTP from server 192.168.100.1; our IP address is 192.168.100.100
Filename 'zImage.tegra_defconfig'.
Load address: 0x81000000
Loading: *#################################################################
	 #################################################################
	 #################################################################
	 #################################################################
	 #################################################################
	 #################################################################
	 ##################################
	 2.8 MiB/s
done
Bytes transferred = 6216816 (5edc70 hex)
Tegra114 (Dalmore) # tftpboot 0x82000000 tegra114-dalmore.dtb
Using asx0 device
TFTP from server 192.168.100.1; our IP address is 192.168.100.100
Filename 'tegra114-dalmore.dtb'.
Load address: 0x82000000
Loading: *###
	 3 MiB/s
done
Bytes transferred = 34502 (86c6 hex)
Tegra114 (Dalmore) # bootz 0x81000000 - 0x82000000
Kernel image @ 0x81000000 [ 0x000000 - 0x5edc70 ]
## Flattened Device Tree blob at 82000000
   Booting using the fdt blob at 0x82000000
   Loading Device Tree to 8fff4000, end 8ffff6c5 ... OK

Starting kernel ...

[    0.000000] Booting Linux on physical CPU 0x0
[    0.000000] Linux version 4.16.0-rc1-28877-g7928b2c (jonathanh@kaivo) (gcc version 4.7.3 20130328 (prerelease) (crosstool-NG linaro-1.13.1-4.7-2013.04-20130415 - Linaro GCC 2013.04)) #1 SMP PREEMPT Sun Feb 11 15:34:51 PST 2018
[    0.000000] CPU: ARMv7 Processor [412fc0f2] revision 2 (ARMv7), cr=10c5387d
[    0.000000] CPU: div instructions available: patching division code
[    0.000000] CPU: PIPT / VIPT nonaliasing data cache, PIPT instruction cache
[    0.000000] OF: fdt: Machine model: NVIDIA Tegra114 Dalmore evaluation board
[    0.000000] debug: ignoring loglevel setting.
[    0.000000] bootconsole [earlycon0] enabled
[    0.000000] Memory policy: Data cache writealloc
[    0.000000] cma: Reserved 64 MiB at 0xfbc00000
[    0.000000] On node 0 totalpages: 524032
[    0.000000]   Normal zone: 1536 pages used for memmap
[    0.000000]   Normal zone: 0 pages reserved
[    0.000000]   Normal zone: 196608 pages, LIFO batch:31
[    0.000000]   HighMem zone: 327424 pages, LIFO batch:31
[    0.000000] random: fast init done
[    0.000000] percpu: Embedded 17 pages/cpu @(ptrval) s39296 r8192 d22144 u69632
[    0.000000] pcpu-alloc: s39296 r8192 d22144 u69632 alloc=17*4096
[    0.000000] pcpu-alloc: [0] 0 [0] 1 [0] 2 [0] 3 
[    0.000000] Built 1 zonelists, mobility grouping on.  Total pages: 522496
[    0.000000] Kernel command line: ignore_loglevel console=ttyS0,115200n8 rw root=PARTUUID=7369c667-ff51-ec4a-29cd-baabf2fbe346 rootwait gpt debug earlyprintk init=/bin/bash
[    0.000000] Dentry cache hash table entries: 131072 (order: 7, 524288 bytes)
[    0.000000] Inode-cache hash table entries: 65536 (order: 6, 262144 bytes)
[    0.000000] Memory: 1998596K/2096128K available (9216K kernel code, 783K rwdata, 2584K rodata, 1024K init, 298K bss, 31996K reserved, 65536K cma-reserved, 1244160K highmem)
[    0.000000] Virtual kernel memory layout:
[    0.000000]     vector  : 0xffff0000 - 0xffff1000   (   4 kB)
[    0.000000]     fixmap  : 0xffc00000 - 0xfff00000   (3072 kB)
[    0.000000]     vmalloc : 0xf0800000 - 0xff800000   ( 240 MB)
[    0.000000]     lowmem  : 0xc0000000 - 0xf0000000   ( 768 MB)
[    0.000000]     pkmap   : 0xbfe00000 - 0xc0000000   (   2 MB)
[    0.000000]     modules : 0xbf000000 - 0xbfe00000   (  14 MB)
[    0.000000]       .text : 0x(ptrval) - 0x(ptrval)   (10208 kB)
[    0.000000]       .init : 0x(ptrval) - 0x(ptrval)   (1024 kB)
[    0.000000]       .data : 0x(ptrval) - 0x(ptrval)   ( 784 kB)
[    0.000000]        .bss : 0x(ptrval) - 0x(ptrval)   ( 299 kB)
[    0.000000] Preemptible hierarchical RCU implementation.
[    0.000000] 	Tasks RCU enabled.
[    0.000000] NR_IRQS: 16, nr_irqs: 16, preallocated irqs: 16
[    0.000000] /interrupt-controller@60004000: 160 interrupts forwarded to /interrupt-controller@50041000
[    0.000000] Tegra clk 127: register failed with -17
[    0.000009] sched_clock: 32 bits at 1000kHz, resolution 1000ns, wraps every 2147483647500ns
[    0.007674] clocksource: timer_us: mask: 0xffffffff max_cycles: 0xffffffff, max_idle_ns: 1911260446275 ns
[    0.017203] Switching to timer-based delay loop, resolution 1000ns
[    0.024044] arch_timer: cp15 timer(s) running at 12.00MHz (virt).
[    0.029427] clocksource: arch_sys_counter: mask: 0xffffffffffffff max_cycles: 0x2c47f4ee7, max_idle_ns: 440795202497 ns
[    0.040175] sched_clock: 56 bits at 12MHz, resolution 83ns, wraps every 4398046511096ns
[    0.048142] Switching to timer-based delay loop, resolution 83ns
[    0.054617] Console: colour dummy device 80x30
[    0.058558] Calibrating delay loop (skipped), value calculated using timer frequency.. 24.00 BogoMIPS (lpj=120000)
[    0.068869] pid_max: default: 32768 minimum: 301
[    0.073946] Mount-cache hash table entries: 2048 (order: 1, 8192 bytes)
[    0.080053] Mountpoint-cache hash table entries: 2048 (order: 1, 8192 bytes)
[    0.087903] CPU: Testing write buffer coherency: ok
[    0.092214] /cpus/cpu@0 missing clock-frequency property
[    0.097214] /cpus/cpu@1 missing clock-frequency property
[    0.102524] /cpus/cpu@2 missing clock-frequency property
[    0.107786] /cpus/cpu@3 missing clock-frequency property
[    0.113071] CPU0: thread -1, cpu 0, socket 0, mpidr 80000000
[    0.153186] Setting up static identity map for 0x80100000 - 0x801000a0
[    0.157944] Hierarchical SRCU implementation.
[    0.173640] Tegra Revision: A01 SKU: 0 CPU Process: 1 SoC Process: 0
[    0.193213] smp: Bringing up secondary CPUs ...
[    0.243874] CPU1: thread -1, cpu 1, socket 0, mpidr 80000001
[    0.313968] CPU2: thread -1, cpu 2, socket 0, mpidr 80000002
[    0.384072] CPU3: thread -1, cpu 3, socket 0, mpidr 80000003
[    0.384188] smp: Brought up 1 node, 4 CPUs
[    0.403293] SMP: Total of 4 processors activated (96.00 BogoMIPS).
[    0.409446] CPU: All CPU(s) started in SVC mode.
[    0.415900] devtmpfs: initialized
[    0.428032] VFP support v0.3: implementor 41 architecture 4 part 30 variant f rev 0
[    0.434156] clocksource: jiffies: mask: 0xffffffff max_cycles: 0xffffffff, max_idle_ns: 19112604462750000 ns
[    0.443590] futex hash table entries: 1024 (order: 4, 65536 bytes)
[    0.451130] pinctrl core: initialized pinctrl subsystem
[    0.456202] NET: Registered protocol family 16
[    0.460895] DMA: preallocated 256 KiB pool for atomic coherent allocations
[    0.467513] cpuidle: using governor menu
[    0.489942] No ATAGs?
[    0.490080] hw-breakpoint: found 5 (+1 reserved) breakpoint and 4 watchpoint registers.
[    0.498421] hw-breakpoint: maximum watchpoint size is 8 bytes.
[    0.505249] tegra-mc 70019000.memory-controller: no memory timings for RAM code 3 registered
[    0.512848] iommu: Adding device 54200000.dc to group 0
[    0.517911] iommu: Adding device 54240000.dc to group 0
[    0.540047] dvdd_ts: Failed to request enable GPIO61: -517
[    0.543628] reg-fixed-voltage regulators:regulator@1: Failed to register regulator: -517
[    0.551835] usb1_vbus: Failed to request enable GPIO108: -517
[    0.557407] reg-fixed-voltage regulators:regulator@3: Failed to register regulator: -517
[    0.565600] usb2_vbus: Failed to request enable GPIO86: -517
[    0.571099] reg-fixed-voltage regulators:regulator@4: Failed to register regulator: -517
[    0.579741] VDD_5V0_HDMI_CON: Failed to request enable GPIO81: -517
[    0.585400] reg-fixed-voltage regulators:regulator@7: Failed to register regulator: -517
[    0.594656] vgaarb: loaded
[    0.596915] SCSI subsystem initialized
[    0.600126] libata version 3.00 loaded.
[    0.604052] usbcore: registered new interface driver usbfs
[    0.609209] usbcore: registered new interface driver hub
[    0.614555] usbcore: registered new device driver usb
[    0.622625] tps65090 2-0048: No cache defaults, reading back from HW
[    0.629062] TPS65090_RAILSDCDC1: supplied by vdd_ac_bat
[    0.633523] TPS65090_RAILSDCDC2: supplied by vdd_ac_bat
[    0.638722] TPS65090_RAILSDCDC3: supplied by vdd_ac_bat
[    0.643359] TPS65090_RAILSFET1: supplied by vdd_ac_bat
[    0.648335] TPS65090_RAILSFET2: supplied by vdd_ac_bat
[    0.653422] TPS65090_RAILSFET3: supplied by vdd-sys-3v3
[    0.658813] TPS65090_RAILSFET4: supplied by vdd-sys-3v3
[    0.663983] TPS65090_RAILSFET5: supplied by vdd-sys-3v3
[    0.669204] TPS65090_RAILSFET6: supplied by vdd-sys-3v3
[    0.674717] TPS65090_RAILSFET7: supplied by vdd-sys-3v3
[    0.679610] TPS65090_RAILSLDO1: supplied by vdd_ac_bat
[    0.684381] TPS65090_RAILSLDO2: supplied by vdd_ac_bat
[    0.690079] palmas 2-0058: Irq flag is 0x00000004
[    0.696112] palmas 2-0058: Muxing GPIO ff, PWM 0, LED 0
[    0.701886] SMPS12: supplied by vdd-ao
[    0.704801] vdd_hdmi_5v0: supplied by vdd-sys-5v0
[    0.709243] SMPS3: supplied by vdd-ao
[    0.713880] SMPS457: supplied by vdd-sys-3v3
[    0.718012] SMPS6: supplied by regulator-dummy
[    0.722212] SMPS8: supplied by vdd-sys-3v3
[    0.726437] SMPS9: supplied by vdd-sys-3v3
[    0.729396] sdhci-vdd-sd-slot: Bringing 2840000uV into 2800000-2800000uV
[    0.736992] SMPS10_OUT2: supplied by regulator-dummy
[    0.741376] SMPS10_OUT1: supplied by regulator-dummy
[    0.746336] LDO1: supplied by vdd-sys-3v3
[    0.750587] LDO2: supplied by vdd-sys-3v3
[    0.754573] LDO3: supplied by vddio-1v8
[    0.758420] LDO4: supplied by vdd-sys-3v3
[    0.762361] LDO5: supplied by vdd_ac_bat
[    0.765826] LDO6: supplied by vdd-sys-3v3
[    0.769631] vdd-sensor-2v85: Bringing 2900000uV into 2850000-2850000uV
[    0.776966] LDO7: supplied by vdd-sys-3v3
[    0.781292] LDO8: supplied by vdd-ao
[    0.783646] vdd-rtc: Bringing 675000uV into 900000-900000uV
[    0.790266] LDO9: supplied by sdhci-vdd-sd-slot
[    0.800589] LDOLN: supplied by vdd-sys-5v0
[    0.803952] LDOUSB: supplied by vdd-sys-5v0
[    0.812907] Linux video capture interface: v2.00
[    0.815696] pps_core: LinuxPPS API ver. 1 registered
[    0.820576] pps_core: Software ver. 5.3.6 - Copyright 2005-2007 Rodolfo Giometti <giometti@linux.it>
[    0.829695] PTP clock support registered
[    0.834187] Advanced Linux Sound Architecture Driver Initialized.
[    0.840290] Bluetooth: Core ver 2.22
[    0.843226] NET: Registered protocol family 31
[    0.847615] Bluetooth: HCI device and connection manager initialized
[    0.853928] Bluetooth: HCI socket layer initialized
[    0.858794] Bluetooth: L2CAP socket layer initialized
[    0.863850] Bluetooth: SCO socket layer initialized
[    0.869309] clocksource: Switched to clocksource arch_sys_counter
[    0.971837] NET: Registered protocol family 2
[    0.975289] tcp_listen_portaddr_hash hash table entries: 512 (order: 0, 6144 bytes)
[    0.982028] TCP established hash table entries: 8192 (order: 3, 32768 bytes)
[    0.989024] TCP bind hash table entries: 8192 (order: 4, 65536 bytes)
[    0.995557] TCP: Hash tables configured (established 8192 bind 8192)
[    1.002199] UDP hash table entries: 512 (order: 2, 16384 bytes)
[    1.007608] UDP-Lite hash table entries: 512 (order: 2, 16384 bytes)
[    1.014253] NET: Registered protocol family 1
[    1.019048] RPC: Registered named UNIX socket transport module.
[    1.024149] RPC: Registered udp transport module.
[    1.028799] RPC: Registered tcp transport module.
[    1.033500] RPC: Registered tcp NFSv4.1 backchannel transport module.
[    1.050589] PCI: CLS 0 bytes, default 64
[    1.055210] Initialise system trusted keyrings
[    1.057920] workingset: timestamp_bits=30 max_order=19 bucket_order=0
[    1.065572] squashfs: version 4.0 (2009/01/31) Phillip Lougher
[    1.070821] NFS: Registering the id_resolver key type
[    1.075008] Key type id_resolver registered
[    1.079148] Key type id_legacy registered
[    1.088146] Key type asymmetric registered
[    1.090367] Asymmetric key parser 'x509' registered
[    1.095321] bounce: pool size: 64 pages
[    1.099063] io scheduler noop registered (default)
[    1.103790] io scheduler mq-deadline registered
[    1.108273] io scheduler kyber registered
[    1.129656] tegra-apbdma 6000a000.dma: Tegra20 APB DMA driver register 32 channels
[    1.136489] tegra-pmc 7000e400.pmc: i2c-thermtrip node not found, emergency thermal reset disabled.
[    1.144942] Serial: 8250/16550 driver, 4 ports, IRQ sharing disabled
[    1.152640] console [ttyS0] disabled
[    1.154353] 70006300.serial: ttyS0 at MMIO 0x70006300 (irq = 329, base_baud = 25500000) is a Tegra
[    1.163299] console [ttyS0] enabled
[    1.163299] console [ttyS0] enabled
[    1.169495] bootconsole [earlycon0] disabled
[    1.169495] bootconsole [earlycon0] disabled
[    1.197422] tegra-hdmi 54280000.hdmi: failed to get HDMI regulator
[    1.222934] loop: module loaded
[    1.237987] m25p80 spi0.0: w25q32dw (4096 Kbytes)
[    1.244923] libphy: Fixed MDIO Bus: probed
[    1.249017] CAN device driver interface
[    1.252947] igb: Intel(R) Gigabit Ethernet Network Driver - version 5.4.0-k
[    1.259924] igb: Copyright (c) 2007-2014 Intel Corporation.
[    1.265644] pegasus: v0.9.3 (2013/04/25), Pegasus/Pegasus II USB Ethernet driver
[    1.273121] usbcore: registered new interface driver pegasus
[    1.278837] usbcore: registered new interface driver asix
[    1.284332] usbcore: registered new interface driver ax88179_178a
[    1.290500] usbcore: registered new interface driver cdc_ether
[    1.296395] usbcore: registered new interface driver smsc75xx
[    1.302226] usbcore: registered new interface driver smsc95xx
[    1.308014] usbcore: registered new interface driver net1080
[    1.313751] usbcore: registered new interface driver cdc_subset
[    1.319743] usbcore: registered new interface driver zaurus
[    1.325381] usbcore: registered new interface driver cdc_ncm
[    1.331297] tegra-phy 7d000000.usb-phy: no vbus regulator
[    1.337154] ehci_hcd: USB 2.0 'Enhanced' Host Controller (EHCI) Driver
[    1.343700] ehci-pci: EHCI PCI platform driver
[    1.348204] tegra-ehci: Tegra EHCI driver
[    1.352900] usbcore: registered new interface driver cdc_acm
[    1.358551] cdc_acm: USB Abstract Control Model driver for USB modems and ISDN adapters
[    1.366623] usbcore: registered new interface driver cdc_wdm
[    1.372366] usbcore: registered new interface driver usb-storage
[    1.390530] palmas-rtc 7000d000.i2c:tps65913@58:rtc: rtc core: registered 7000d000.i2c:tps65913@58:rtc as rtc0
[    1.402067] tegra_rtc 7000e000.rtc: rtc core: registered 7000e000.rtc as rtc1
[    1.409251] tegra_rtc 7000e000.rtc: Tegra internal Real Time Clock
[    1.415757] i2c /dev entries driver
[    1.420205] usbcore: registered new interface driver uvcvideo
[    1.425944] USB Video Class driver (1.1.1)
[    1.430058] gspca_main: v2.14.0 registered
[    1.435073] sbs-battery 0-000b: sbs_probe: Failed to get device status
[    1.441634] sbs-battery: probe of 0-000b failed with error -121
[    1.452791] tegra-wdt 60005000.timer: initialized (heartbeat = 120 sec, nowayout = 0)
[    1.461392] sdhci: Secure Digital Host Controller Interface driver
[    1.467563] sdhci: Copyright(c) Pierre Ossman
[    1.471937] sdhci-pltfm: SDHCI platform and OF driver helper
[    1.477894] sdhci-tegra 78000400.sdhci: Got CD GPIO
[    1.482810] sdhci-tegra 78000400.sdhci: Got WP GPIO
[    1.495929] mmc0: Invalid maximum block size, assuming 512 bytes
[    1.533251] mmc0: SDHCI controller on 78000400.sdhci [78000400.sdhci] using ADMA
[    1.548100] mmc1: Invalid maximum block size, assuming 512 bytes
[    1.583109] mmc1: SDHCI controller on 78000600.sdhci [78000600.sdhci] using ADMA
[    1.591483] usbcore: registered new interface driver usbhid
[    1.597088] usbhid: USB HID core driver
[    1.640419] mmc1: new high speed MMC card at address 0001
[    1.651802] mmcblk1: mmc1:0001 SEM32G 29.1 GiB 
[    1.659527] mmc0: new high speed SDHC card at address aaaa
[    1.671613] mmcblk1boot0: mmc1:0001 SEM32G partition 1 4.00 MiB
[    1.680400] mmcblk0: mmc0:aaaa SL16G 14.8 GiB 
[    1.688830] mmcblk1boot1: mmc1:0001 SEM32G partition 2 4.00 MiB
[    1.695039] mmcblk1rpmb: mmc1:0001 SEM32G partition 3 4.00 MiB, chardev (247:0)
[    1.705568]  mmcblk1: p1 p2 p3 p4 p5 p6 p7 p8
[    1.712554]  mmcblk0: p1 p2 p3
[    2.033128] tegra30-i2s 70080400.i2s: DMA channels sourced from device 70080000.ahub
[    2.049730] tegra-snd-rt5640 sound: rt5640-aif1 <-> 70080400.i2s mapping ok
[    2.061403] input: NVIDIA Tegra Dalmore Headphones as /devices/soc0/sound/sound/card0/input0
[    2.072244] NET: Registered protocol family 10
[    2.078123] Segment Routing with IPv6
[    2.081987] mip6: Mobile IPv6
[    2.084955] sit: IPv6, IPv4 and MPLS over IPv4 tunneling driver
[    2.092423] NET: Registered protocol family 17
[    2.096879] NET: Registered protocol family 15
[    2.101341] can: controller area network core (rev 20170425 abi 9)
[    2.107724] NET: Registered protocol family 29
[    2.112184] can: raw protocol (rev 20170425)
[    2.116451] can: broadcast manager protocol (rev 20170425 t)
[    2.122129] can: netlink gateway (rev 20170425) max_hops=1
[    2.127800] Bluetooth: RFCOMM socket layer initialized
[    2.132977] Bluetooth: RFCOMM ver 1.11
[    2.136735] Bluetooth: BNEP (Ethernet Emulation) ver 1.3
[    2.142064] Bluetooth: BNEP socket layer initialized
[    2.147022] Bluetooth: HIDP (Human Interface Emulation) ver 1.2
[    2.152958] Bluetooth: HIDP socket layer initialized
[    2.158124] Key type dns_resolver registered
[    2.162911] Registering SWP/SWPB emulation handler
[    2.168525] Loading compiled-in X.509 certificates
[    2.192981] usb1_vbus: supplied by vdd-sys-5v0
[    2.198065] usb2_vbus: supplied by vdd-sys-5v0
[    2.204264] VDD_5V0_HDMI_CON: supplied by vdd-sys-5v0
[    2.213683] [drm] Supports vblank timestamp caching Rev 2 (21.10.2013).
[    2.220365] [drm] No driver support for vblank timestamp query.
[    2.320727] Console: switching to colour frame buffer device 240x75
[    2.358885] drm drm: fb0:  frame buffer device
[    2.363517] [drm] Initialized tegra 0.0.0 20120330 for drm on minor 0
[    2.371154] tegra-ehci 7d008000.usb: EHCI Host Controller
[    2.376576] tegra-ehci 7d008000.usb: new USB bus registered, assigned bus number 1
[    2.384532] tegra-ehci 7d008000.usb: irq 340, io mem 0x7d008000
[    2.419448] tegra-ehci 7d008000.usb: USB 2.0 started, EHCI 1.10
[    2.426656] hub 1-0:1.0: USB hub found
[    2.430550] hub 1-0:1.0: 1 port detected
[    2.435826] input: gpio-keys as /devices/soc0/gpio-keys/input/input1
[    2.444716] palmas-rtc 7000d000.i2c:tps65913@58:rtc: setting system clock to 2000-07-05 06:40:11 UTC (962779211)
[    2.455239] cfg80211: Loading compiled-in X.509 certificates for regulatory database
[    2.466746] cfg80211: Loaded X.509 cert 'sforshee: 00b28ddf47aef9cea7'
[    2.473594] platform regulatory.0: Direct firmware load for regulatory.db failed with error -2
[    2.482284] cfg80211: failed to load regulatory.db
[    2.488908] dvdd_ts: disabling
[    2.492041] usb1_vbus: disabling
[    2.495283] vdd_cam_1v8_reg: disabling
[    2.499036] ALSA device list:
[    2.502120]   #0: NVIDIA Tegra Dalmore
[    2.507398] EXT4-fs (mmcblk1p1): mounting ext3 file system using the ext4 subsystem
[    2.530558] EXT4-fs (mmcblk1p1): recovery complete
[    2.535376] EXT4-fs (mmcblk1p1): mounted filesystem with ordered data mode. Opts: (null)
[    2.543611] VFS: Mounted root (ext3 filesystem) on device 179:1.
[    2.555368] devtmpfs: mounted
[    2.559443] Freeing unused kernel memory: 1024K
bash: cannot set terminal process group (-1): Inappropriate ioctl for device
bash: no job control in this shell
root@(none):/# mount -t sysfs none /sys
root@(none):/# 
root@(none):/# [    3.484732] asix 1-1:1.0 eth0: register 'asix' at usb-7d008000.usb-1, ASIX AX88772 USB 2.0 Ethernet, 00:50:b6:0d:b5:16
mount -t debugfs none /sys/kernel/debug
root@(none):/# 
root@(none):/# rtcwake -d rtc1 -m mem -s 3
rtcwake: assuming RTC uses UTC ...
rtcwake: wakeup from "mem" using /dev/rtc1 at Thu Jan  1 00:00:20 1970
[    5.226743] PM: suspend entry (deep)
[    5.230383] PM: Syncing filesystems ... done.
[    5.237615] Freezing user space processes ... (elapsed 0.001 seconds) done.
[    5.238917] OOM killer disabled.
[    5.238921] Freezing remaining freezable tasks ... (elapsed 0.001 seconds) done.
[    5.240236] Suspending console(s) (use no_console_suspend to debug)
[    5.387576] Disabling non-boot CPUs ...
[    5.589718] IRQ17 no longer affine to CPU3
[    5.591140] Entering suspend state LP1
[    5.591188] Enabling non-boot CPUs ...
[    5.592929] CPU1 is up
[    5.594599] CPU2 is up
[    5.596437] CPU3 is up
[    6.236196] OOM killer enabled.
[    6.239350] Restarting tasks ... done.
root@(none):/# 
root@(none):/# [    6.244083] PM: suspend exit
rtcwake -d rtc1 -m mem -s 3
rtcwake: assuming RTC uses UTC ...
rtcwake: wakeup from "mem" using /dev/rtc1 at Thu Jan  1 00:00:30 1970
[    7.463917] PM: suspend entry (deep)
[    7.467495] PM: Syncing filesystems ... done.
[    7.473123] Freezing user space processes ... (elapsed 0.001 seconds) done.
[    7.474454] OOM killer disabled.
[    7.474458] Freezing remaining freezable tasks ... (elapsed 0.001 seconds) done.
[    7.475814] Suspending console(s) (use no_console_suspend to debug)
[    7.617077] Disabling non-boot CPUs ...
[    7.669738] IRQ17 no longer affine to CPU1
[    7.780626] Entering suspend state LP1
[    7.780673] Enabling non-boot CPUs ...
[    7.782431] CPU1 is up
[    7.784109] CPU2 is up
[    7.785968] CPU3 is up
[    8.425140] OOM killer enabled.
[    8.428276] Restarting tasks ... done.
root@(none):/# 
root@(none):/# [    8.433046] PM: suspend exit
rtcwake -d rtc1 -m mem -s 3
rtcwake: assuming RTC uses UTC ...
rtcwake: wakeup from "mem" using /dev/rtc1 at Thu Jan  1 00:00:40 1970
[    9.072203] PM: suspend entry (deep)
[    9.075781] PM: Syncing filesystems ... done.
[    9.081234] Freezing user space processes ... (elapsed 0.001 seconds) done.
[    9.082534] OOM killer disabled.
[    9.082539] Freezing remaining freezable tasks ... (elapsed 0.001 seconds) done.
[    9.083899] Suspending console(s) (use no_console_suspend to debug)
[    9.227257] Disabling non-boot CPUs ...
[    9.400585] Entering suspend state LP1
[    9.400632] Enabling non-boot CPUs ...
[    9.402395] CPU1 is up
[    9.404059] CPU2 is up
[    9.405907] CPU3 is up
[   10.042122] OOM killer enabled.
[   10.045266] Restarting tasks ... done.
root@(none):/# 
root@(none):/# [   10.049918] PM: suspend exit
rtcwake -d rtc1 -m mem -s 3
rtcwake: assuming RTC uses UTC ...
rtcwake: wakeup from "mem" using /dev/rtc1 at Thu Jan  1 00:00:50 1970
[   11.269891] PM: suspend entry (deep)
[   11.273470] PM: Syncing filesystems ... done.
[   11.278531] Freezing user space processes ... (elapsed 0.001 seconds) done.
[   11.279747] OOM killer disabled.
[   11.279751] Freezing remaining freezable tasks ... (elapsed 0.001 seconds) done.
[   11.281070] Suspending console(s) (use no_console_suspend to debug)
[   11.427587] Disabling non-boot CPUs ...
[   11.609551] IRQ17 no longer affine to CPU3
[   11.610589] Entering suspend state LP1
[   11.610636] Enabling non-boot CPUs ...
[   11.612397] CPU1 is up
[   11.614057] CPU2 is up
[   11.615908] CPU3 is up
[   12.255451] OOM killer enabled.
[   12.258609] Restarting tasks ... done.
[   12.292497] PM: suspend exit
root@(none):/# 
root@(none):/# rtcwake -d rtc1 -m mem -s 3
rtcwake: assuming RTC uses UTC ...
rtcwake: wakeup from "mem" using /dev/rtc1 at Thu Jan  1 00:01:00 1970
[   12.917206] PM: suspend entry (deep)
[   12.920824] PM: Syncing filesystems ... done.
[   12.925919] Freezing user space processes ... (elapsed 0.001 seconds) done.
[   12.927221] OOM killer disabled.
[   12.927226] Freezing remaining freezable tasks ... (elapsed 0.001 seconds) done.
[   12.928556] Suspending console(s) (use no_console_suspend to debug)
[   13.076957] Disabling non-boot CPUs ...
[   13.230520] Entering suspend state LP1
[   13.230567] Enabling non-boot CPUs ...
[   13.232336] CPU1 is up
[   13.233999] CPU2 is up
[   13.235849] CPU3 is up
[   13.871306] OOM killer enabled.
[   13.874452] Restarting tasks ... done.
root@(none):/# 
root@(none):/# [   13.879067] PM: suspend exit
rtcwake -d rtc1 -m mem -s 3
rtcwake: assuming RTC uses UTC ...
rtcwake: wakeup from "mem" using /dev/rtc1 at Thu Jan  1 00:01:10 1970
[   15.104420] PM: suspend entry (deep)
[   15.107999] PM: Syncing filesystems ... done.
[   15.113497] Freezing user space processes ... (elapsed 0.001 seconds) done.
[   15.114812] OOM killer disabled.
[   15.114816] Freezing remaining freezable tasks ... (elapsed 0.001 seconds) done.
[   15.116078] Suspending console(s) (use no_console_suspend to debug)
[   15.256879] Disabling non-boot CPUs ...
[   15.369556] IRQ17 no longer affine to CPU2
[   15.440446] Entering suspend state LP1
[   15.440493] Enabling non-boot CPUs ...
[   15.442265] CPU1 is up
[   15.443932] CPU2 is up
[   15.445786] CPU3 is up
[   16.085803] OOM killer enabled.
[   16.088939] Restarting tasks ... done.
root@(none):/# 
root@(none):/# [   16.093591] PM: suspend exit
rtcwake -d rtc1 -m mem -s 3
rtcwake: assuming RTC uses UTC ...
rtcwake: wakeup from "mem" using /dev/rtc1 at Thu Jan  1 00:01:20 1970
[   16.731992] PM: suspend entry (deep)
[   16.735570] PM: Syncing filesystems ... done.
[   16.740703] Freezing user space processes ... (elapsed 0.001 seconds) done.
[   16.742006] OOM killer disabled.
[   16.742010] Freezing remaining freezable tasks ... (elapsed 0.001 seconds) done.
[   16.743343] Suspending console(s) (use no_console_suspend to debug)
[   16.886493] Disabling non-boot CPUs ...
[   16.919537] IRQ17 no longer affine to CPU1
[   17.040387] Entering suspend state LP1
[   17.040436] Enabling non-boot CPUs ...
[   17.042211] CPU1 is up
[   17.043881] CPU2 is up
[   17.045739] CPU3 is up
[   17.685163] OOM killer enabled.
[   17.688299] Restarting tasks ... done.
root@(none):/# 
root@(none):/# [   17.692998] PM: suspend exit
rtcwake -d rtc1 -m mem -s 3
rtcwake: assuming RTC uses UTC ...
rtcwake: wakeup from "mem" using /dev/rtc1 at Thu Jan  1 00:01:30 1970
[   18.913723] PM: suspend entry (deep)
[   18.917303] PM: Syncing filesystems ... done.
[   18.922805] Freezing user space processes ... (elapsed 0.001 seconds) done.
[   18.924122] OOM killer disabled.
[   18.924127] Freezing remaining freezable tasks ... (elapsed 0.001 seconds) done.
[   18.925391] Suspending console(s) (use no_console_suspend to debug)
[   19.067335] Disabling non-boot CPUs ...
[   19.239386] IRQ17 no longer affine to CPU3
[   19.240445] Entering suspend state LP1
[   19.240491] Enabling non-boot CPUs ...
[   19.242254] CPU1 is up
[   19.243915] CPU2 is up
[   19.245766] CPU3 is up
[   19.885509] OOM killer enabled.
[   19.888645] Restarting tasks ... done.
root@(none):/# 
root@(none):/# [   19.893300] PM: suspend exit
rtcwake -d rtc1 -m mem -s 3
rtcwake: assuming RTC uses UTC ...
rtcwake: wakeup from "mem" using /dev/rtc1 at Thu Jan  1 00:01:40 1970
[   20.532680] PM: suspend entry (deep)
[   20.536258] PM: Syncing filesystems ... done.
[   20.541427] Freezing user space processes ... (elapsed 0.001 seconds) done.
[   20.542751] OOM killer disabled.
[   20.542756] Freezing remaining freezable tasks ... (elapsed 0.001 seconds) done.
[   20.544091] Suspending console(s) (use no_console_suspend to debug)
[   20.686450] Disabling non-boot CPUs ...
[   20.779412] IRQ17 no longer affine to CPU2
[   20.840300] Entering suspend state LP1
[   20.840347] Enabling non-boot CPUs ...
[   20.842110] CPU1 is up
[   20.843770] CPU2 is up
[   20.845622] CPU3 is up
[   21.484760] OOM killer enabled.
[   21.487896] Restarting tasks ... done.
root@(none):/# 
root@(none):/# [   21.492592] PM: suspend exit
rtcwake -d rtc1 -m mem -s 3
rtcwake: assuming RTC uses UTC ...
rtcwake: wakeup from "mem" using /dev/rtc1 at Thu Jan  1 00:01:50 1970
[   22.712852] PM: suspend entry (deep)
[   22.716431] PM: Syncing filesystems ... done.
[   22.721929] Freezing user space processes ... (elapsed 0.001 seconds) done.
[   22.723247] OOM killer disabled.
[   22.723252] Freezing remaining freezable tasks ... (elapsed 0.001 seconds) done.
[   22.724517] Suspending console(s) (use no_console_suspend to debug)
[   22.866971] Disabling non-boot CPUs ...
[   23.039298] IRQ17 no longer affine to CPU3
[   23.040300] Entering suspend state LP1
[   23.040347] Enabling non-boot CPUs ...
[   23.042116] CPU1 is up
[   23.043780] CPU2 is up
[   23.045635] CPU3 is up
[   23.685150] OOM killer enabled.
[   23.688286] Restarting tasks ... done.
root@(none):/# 
root@(none):/# [   23.692955] PM: suspend exit
NVTB SYSTEM SUSPEND TEST COMPLETE
