Ø	2dL—000000] bootconsole [uart0] enabled
[    0.000000] psci: probing for conduit method from DT.
[    0.000000] psci: PSCIv1.0 detected in firmware.
[    0.000000] psci: Using standard PSCI v0.2 function IDs
[    0.000000] psci: MIGRATE_INFO_UP_CPU reported invalid physical ID (0x80000000)
[    0.000000] percpu: Embedded 21 pages/cpu @ffff8000bff4b000 s48128 r8192 d29696 u86016
[    0.000000] Detected PIPT I-cache on CPU0
[    0.000000] CPU features: enabling workaround for ARM erratum 832075
[    0.000000] CPU features: enabling workaround for ARM erratum 834220
[    0.000000] Built 1 zonelists in Zone order, mobility grouping on.  Total pages: 735336
[    0.000000] Kernel command line: cros_secure vpr=0x08000000@0xf6800000 earlycon
[    0.000000] PID hash table entries: 4096 (order: 3, 32768 bytes)
[    0.000000] Dentry cache hash table entries: 524288 (order: 10, 4194304 bytes)
[    0.000000] Inode-cache hash table entries: 262144 (order: 9, 2097152 bytes)
[    0.000000] software IO TLB [mem 0xf1400000-0xf5400000] (64MB) mapped at [ffff800071400000-ffff8000753fffff]
[    0.000000] Memory: 2832132K/2988032K available (8508K kernel code, 946K rwdata, 4108K rodata, 1024K init, 393K bss, 139516K reserved, 16384K cma-reserved)
[    0.000000] Virtual kernel memory layout:
[    0.000000]     modules : 0xffff000000000000 - 0xffff000008000000   (   128 MB)
[    0.000000]     vmalloc : 0xffff000008000000 - 0xffff7dffbfff0000   (129022 GB)
[    0.000000]       .text : 0xffff000008080000 - 0xffff0000088d0000   (  8512 KB)
[    0.000000]     .rodata : 0xffff0000088d0000 - 0xffff000008ce0000   (  4160 KB)
[    0.000000]       .init : 0xffff000008ce0000 - 0xffff000008de0000   (  1024 KB)
[    0.000000]       .data : 0xffff000008de0000 - 0xffff000008ecca00   (   947 KB)
[    0.000000]        .bss : 0xffff000008ecca00 - 0xffff000008f2ee50   (   394 KB)
[    0.000000]     fixed   : 0xffff7dfffe7fd000 - 0xffff7dfffec00000   (  4108 KB)
[    0.000000]     PCI I/O : 0xffff7dfffee00000 - 0xffff7dffffe00000   (    16 MB)
[    0.000000]     vmemmap : 0xffff7e0000000000 - 0xffff800000000000   (  2048 GB maximum)
[    0.000000]               0xffff7e0000000000 - 0xffff7e0003000000   (    48 MB actual)
[    0.000000]     memory  : 0xffff800000000000 - 0xffff8000c0000000   (  3072 MB)
[    0.000000] SLUB: HWalign=64, Order=0-3, MinObjects=0, CPUs=4, Nodes=1
[    0.000000] Preemptible hierarchical RCU implementation.
[    0.000000] 	Build-time adjustment of leaf fanout to 64.
[    0.000000] 	RCU restricting CPUs from NR_CPUS=64 to nr_cpu_ids=4.
[    0.000000] RCU: Adjusting geometry for rcu_fanout_leaf=64, nr_cpu_ids=4
[    0.000000] NR_IRQS:64 nr_irqs:64 0
[    0.000000] GIC: Using split EOI/Deactivate mode
[    0.000000] /interrupt-controller@60004000: 192 interrupts forwarded to /interrupt-controller@50041000
[    0.000000] boot misc0 0x0: expected 0x80000
[    0.000000]  (comparison mask = 0x400ffffb)
[    0.000000] boot misc2 0x1f720005: expected 0x1f720f05
[    0.000000]  (comparison mask = 0xffffff17)
[    0.000000] PLL_C already enabled. Postponing set full defaults
[    0.000000] PLL_MB already enabled. Postponing set full defaults
[    0.000000] PLL_U already enabled. Postponing set full defaults
[    0.000000] PLL_D already enabled. Postponing set full defaults
[    0.000000] PLL_DP already enabled. Postponing set full defaults
[    0.000000] boot misc0 0x0: expected 0x20
[    0.000000]  (comparison mask = 0x7ffffff)
[    0.000000] boot misc1 0x90000000: expected 0xc0000000
[    0.000000]  (comparison mask = 0xf8000000)
[    0.000000] boot misc2 0x0: expected 0xf400f0da
[    0.000000]  (comparison mask = 0xffffffff)
[    0.000000] boot misc3 0x3648: expected 0x2004f400
[    0.000000]  (comparison mask = 0xffffffff)
[    0.000000] PLL_P already enabled. Postponing set full defaults
[    0.000000] PLL_X already enabled. Postponing set full defaults
[    0.000000] boot misc1 0x0: expected 0x20
[    0.000000]  (comparison mask = 0xffffff)
[    0.000000] arm_arch_timer: Architected cp15 timer(s) running at 19.20MHz (phys).
[    0.000000] clocksource: arch_sys_counter: mask: 0xffffffffffffff max_cycles: 0x46d987e47, max_idle_ns: 440795202767 ns
[    0.000002] sched_clock: 56 bits at 19MHz, resolution 52ns, wraps every 4398046511078ns
[    0.008345] Console: colour dummy device 80x25
[    0.012913] console [tty0] enabled
[    0.016407] bootconsole [uart0] disabled
[    0.000000] Booting Linux on physical CPU 0x0
[    0.000000] Linux version 4.10.0-rc5-142388-g7a308bb (pwalmsley@sellafield) (gcc version 4.9.2 20140904 (prerelease) (crosstool-NG linaro-1.13.1-4.9-2014.09 - Linaro GCC 4.9-2014.09) ) #1 SMP PREEMPT Mon Jan 23 02:38:30 PST 2017
[    0.000000] Boot CPU: AArch64 Processor [411fd071]
[    0.000000] efi: Getting EFI parameters from FDT:
[    0.000000] efi: UEFI not found.
[    0.000000] cma: Reserved 16 MiB at 0x00000000f5400000
[    0.000000] earlycon: uart0 at MMIO 0x0000000070006000 (options '115200n8')
[    0.000000] bootconsole [uart0] enabled
[    0.000000] psci: probing for conduit method from DT.
[    0.000000] psci: PSCIv1.0 detected in firmware.
[    0.000000] psci: Using standard PSCI v0.2 function IDs
[    0.000000] psci: MIGRATE_INFO_UP_CPU reported invalid physical ID (0x80000000)
[    0.000000] percpu: Embedded 21 pages/cpu @ffff8000bff4b000 s48128 r8192 d29696 u86016
[    0.000000] Detected PIPT I-cache on CPU0
[    0.000000] CPU features: enabling workaround for ARM erratum 832075
[    0.000000] CPU features: enabling workaround for ARM erratum 834220
[    0.000000] Built 1 zonelists in Zone order, mobility grouping on.  Total pages: 735336
[    0.000000] Kernel command line: cros_secure vpr=0x08000000@0xf6800000 earlycon
[    0.000000] PID hash table entries: 4096 (order: 3, 32768 bytes)
[    0.000000] Dentry cache hash table entries: 524288 (order: 10, 4194304 bytes)
[    0.000000] Inode-cache hash table entries: 262144 (order: 9, 2097152 bytes)
[    0.000000] software IO TLB [mem 0xf1400000-0xf5400000] (64MB) mapped at [ffff800071400000-ffff8000753fffff]
[    0.000000] Memory: 2832132K/2988032K available (8508K kernel code, 946K rwdata, 4108K rodata, 1024K init, 393K bss, 139516K reserved, 16384K cma-reserved)
[    0.000000] Virtual kernel memory layout:
[    0.000000]     modules : 0xffff000000000000 - 0xffff000008000000   (   128 MB)
[    0.000000]     vmalloc : 0xffff000008000000 - 0xffff7dffbfff0000   (129022 GB)
[    0.000000]       .text : 0xffff000008080000 - 0xffff0000088d0000   (  8512 KB)
[    0.000000]     .rodata : 0xffff0000088d0000 - 0xffff000008ce0000   (  4160 KB)
[    0.000000]       .init : 0xffff000008ce0000 - 0xffff000008de0000   (  1024 KB)
[    0.000000]       .data : 0xffff000008de0000 - 0xffff000008ecca00   (   947 KB)
[    0.000000]        .bss : 0xffff000008ecca00 - 0xffff000008f2ee50   (   394 KB)
[    0.000000]     fixed   : 0xffff7dfffe7fd000 - 0xffff7dfffec00000   (  4108 KB)
[    0.000000]     PCI I/O : 0xffff7dfffee00000 - 0xffff7dffffe00000   (    16 MB)
[    0.000000]     vmemmap : 0xffff7e0000000000 - 0xffff800000000000   (  2048 GB maximum)
[    0.000000]               0xffff7e0000000000 - 0xffff7e0003000000   (    48 MB actual)
[    0.000000]     memory  : 0xffff800000000000 - 0xffff8000c0000000   (  3072 MB)
[    0.000000] SLUB: HWalign=64, Order=0-3, MinObjects=0, CPUs=4, Nodes=1
[    0.000000] Preemptible hierarchical RCU implementation.
[    0.000000] 	Build-time adjustment of leaf fanout to 64.
[    0.000000] 	RCU restricting CPUs from NR_CPUS=64 to nr_cpu_ids=4.
[    0.000000] RCU: Adjusting geometry for rcu_fanout_leaf=64, nr_cpu_ids=4
[    0.000000] NR_IRQS:64 nr_irqs:64 0
[    0.000000] GIC: Using split EOI/Deactivate mode
[    0.000000] /interrupt-controller@60004000: 192 interrupts forwarded to /interrupt-controller@50041000
[    0.000000] boot misc0 0x0: expected 0x80000
[    0.000000]  (comparison mask = 0x400ffffb)
[    0.000000] boot misc2 0x1f720005: expected 0x1f720f05
[    0.000000]  (comparison mask = 0xffffff17)
[    0.000000] PLL_C already enabled. Postponing set full defaults
[    0.000000] PLL_MB already enabled. Postponing set full defaults
[    0.000000] PLL_U already enabled. Postponing set full defaults
[    0.000000] PLL_D already enabled. Postponing set full defaults
[    0.000000] PLL_DP already enabled. Postponing set full defaults
[    0.000000] boot misc0 0x0: expected 0x20
[    0.000000]  (comparison mask = 0x7ffffff)
[    0.000000] boot misc1 0x90000000: expected 0xc0000000
[    0.000000]  (comparison mask = 0xf8000000)
[    0.000000] boot misc2 0x0: expected 0xf400f0da
[    0.000000]  (comparison mask = 0xffffffff)
[    0.000000] boot misc3 0x3648: expected 0x2004f400
[    0.000000]  (comparison mask = 0xffffffff)
[    0.000000] PLL_P already enabled. Postponing set full defaults
[    0.000000] PLL_X already enabled. Postponing set full defaults
[    0.000000] boot misc1 0x0: expected 0x20
[    0.000000]  (comparison mask = 0xffffff)
[    0.000000] arm_arch_timer: Architected cp15 timer(s) running at 19.20MHz (phys).
[    0.000000] clocksource: arch_sys_counter: mask: 0xffffffffffffff max_cycles: 0x46d987e47, max_idle_ns: 440795202767 ns
[    0.000002] sched_clock: 56 bits at 19MHz, resolution 52ns, wraps every 4398046511078ns
[    0.008345] Console: colour dummy device 80x25
[    0.012913] console [tty0] enabled
[    0.016407] bootconsole [uart0] disabled
[    0.020447] Calibrating delay loop (skipped), value calculated using timer frequency.. 38.40 BogoMIPS (lpj=76800)
[    0.020460] pid_max: default: 32768 minimum: 301
[    0.020505] Security Framework initialized
[    0.020531] Mount-cache hash table entries: 8192 (order: 4, 65536 bytes)
[    0.020539] Mountpoint-cache hash table entries: 8192 (order: 4, 65536 bytes)
[    0.032471] ASID allocator initialised with 65536 entries
[    0.053214] Speedo Revision 4
[    0.053231] Tegra Revision: A02 SKU: 19 CPU Process: 0 SoC Process: 0
[    0.100606] EFI services will not be available.
[    0.116563] smp: Bringing up secondary CPUs ...
[    0.148695] Detected PIPT I-cache on CPU1
[    0.148723] CPU1: Booted secondary processor [411fd071]
[    0.180720] Detected PIPT I-cache on CPU2
[    0.180737] CPU2: Booted secondary processor [411fd071]
[    0.212759] Detected PIPT I-cache on CPU3
[    0.212776] CPU3: Booted secondary processor [411fd071]
[    0.212810] smp: Brought up 1 node, 4 CPUs
[    0.212841] SMP: Total of 4 processors activated.
[    0.212849] CPU features: detected feature: 32-bit EL0 Support
[    0.212883] CPU: All CPU(s) started at EL2
[    0.212898] alternatives: patching kernel code
[    0.215317] devtmpfs: initialized
[    0.221505] DMI not present or invalid.
[    0.221651] clocksource: jiffies: mask: 0xffffffff max_cycles: 0xffffffff, max_idle_ns: 7645041785100000 ns
[    0.221891] pinctrl core: initialized pinctrl subsystem
[    0.222883] NET: Registered protocol family 16
[    0.240823] cpuidle: using governor menu
[    0.241330] vdso: 2 pages (1 code @ ffff0000088d7000, 1 data @ ffff000008de5000)
[    0.241353] hw-breakpoint: found 6 breakpoint and 4 watchpoint registers.
[    0.241826] DMA: preallocated 256 KiB pool for atomic allocations
[    0.242799] Serial: AMBA PL011 UART driver
[    0.273482] HugeTLB registered 2 MB page size, pre-allocated 0 pages
[    0.274061] ACPI: Interpreter disabled.
[    0.274452] PPLCD_VDD: Failed to request enable GPIO172: -517
[    0.274470] reg-fixed-voltage regulators:regulator@1: Failed to register regulator: -517
[    0.274793] PP1800_LCDIO: Failed to request enable GPIO171: -517
[    0.274807] reg-fixed-voltage regulators:regulator@5: Failed to register regulator: -517
[    0.274854] PP1800_CAM: Failed to request enable GPIO83: -517
[    0.274865] reg-fixed-voltage regulators:regulator@6: Failed to register regulator: -517
[    0.275232] vgaarb: loaded
[    0.275382] SCSI subsystem initialized
[    0.275616] usbcore: registered new interface driver usbfs
[    0.275650] usbcore: registered new interface driver hub
[    0.275691] usbcore: registered new device driver usb
[    0.276284] tegra-i2c 7000d100.i2c: could not find pctldev for node /host1x@50000000/dpaux@545c0000/pinmux-i2c, deferring probe
[    0.276363] pps_core: LinuxPPS API ver. 1 registered
[    0.276374] pps_core: Software ver. 5.3.6 - Copyright 2005-2007 Rodolfo Giometti <giometti@linux.it>
[    0.276396] PTP clock support registered
[    0.276466] dmi: Firmware registration failed.
[    0.276964] Advanced Linux Sound Architecture Driver Initialized.
[    0.280903] clocksource: Switched to clocksource arch_sys_counter
[    0.280987] VFS: Disk quotas dquot_6.6.0
[    0.281026] VFS: Dquot-cache hash table entries: 512 (order 0, 4096 bytes)
[    0.281168] pnp: PnP ACPI: disabled
[    0.285467] NET: Registered protocol family 2
[    0.285796] TCP established hash table entries: 32768 (order: 6, 262144 bytes)
[    0.285923] TCP bind hash table entries: 32768 (order: 7, 524288 bytes)
[    0.286124] TCP: Hash tables configured (established 32768 bind 32768)
[    0.286188] UDP hash table entries: 2048 (order: 4, 65536 bytes)
[    0.286218] UDP-Lite hash table entries: 2048 (order: 4, 65536 bytes)
[    0.286324] NET: Registered protocol family 1
[    0.286502] RPC: Registered named UNIX socket transport module.
[    0.286514] RPC: Registered udp transport module.
[    0.286523] RPC: Registered tcp transport module.
[    0.286532] RPC: Registered tcp NFSv4.1 backchannel transport module.
[    0.286649] Unpacking initramfs...
[    0.373060] Freeing initrd memory: 2364K
[    0.373399] kvm [1]: 8-bit VMID
[    0.373411] kvm [1]: IDMAP page: 808b9000
[    0.373421] kvm [1]: HYP VA range: 800000000000:ffffffffffff
[    0.374075] kvm [1]: Hyp mode initialized successfully
[    0.374115] kvm [1]: vgic-v2@50044000
[    0.374180] kvm [1]: vgic interrupt IRQ1
[    0.374196] kvm [1]: virtual timer IRQ4
[    0.375460] futex hash table entries: 1024 (order: 5, 131072 bytes)
[    0.375527] audit: initializing netlink subsys (disabled)
[    0.375596] audit: type=2000 audit(0.363:1): initialized
[    0.375809] workingset: timestamp_bits=46 max_order=20 bucket_order=0
[    0.380763] squashfs: version 4.0 (2009/01/31) Phillip Lougher
[    0.381205] NFS: Registering the id_resolver key type
[    0.381227] Key type id_resolver registered
[    0.381236] Key type id_legacy registered
[    0.381251] nfs4filelayout_init: NFSv4 File Layout Driver Registering...
[    0.381353] 9p: Installing v9fs 9p2000 file system support
[    0.382673] Block layer SCSI generic (bsg) driver version 0.4 loaded (major 247)
[    0.382692] io scheduler noop registered
[    0.382835] io scheduler cfq registered (default)
[    0.384273] usb3-0 supply vbus not found, using dummy regulator
[    0.394052] tegra-apbdma 60020000.dma: Tegra20 APB DMA driver register 32 channels
[    0.395066] tegra-pmc 7000e400.pmc: i2c-thermtrip node not found, emergency thermal reset disabled.
[    0.395313] xenfs: not registering filesystem on non-xen platform
[    0.398415] Serial: 8250/16550 driver, 4 ports, IRQ sharing enabled
[    0.399747] 70006000.serial: ttyS0 at MMIO 0x70006000 (irq = 313, base_baud = 25500000) is a Tegra
[    1.349395] console [ttyS0] enabled
[    1.353246] SuperH (H)SCI(F) driver initialized
[    1.358041] msm_serial: driver initialized
[    1.362482] cacheinfo: Unable to detect cache hierarchy for CPU 0
[    1.371435] loop: module loaded
[    1.377424] cros-ec-i2c 0-001e: Chrome EC device registered
[    1.383620] max77620 1-003c: PMIC Version OTP:0x35 and ES:0x8
[    1.396676] PP1200_RCAM: Bringing 1050000uV into 1200000-1200000uV
[    1.403832] PP2800L_RCAM: Bringing 3100000uV into 2800000-2800000uV
[    1.410546] PP1100_SOC_RTC: Bringing 1000000uV into 850000-850000uV
[    1.417295] PP2800L_FCAM: Bringing 3100000uV into 2800000-2800000uV
[    1.424016] PP_LDO6: Bringing 2800000uV into 1800000-1800000uV
[    1.429893] random: fast init done
[    1.436419] hisi_sas: driver version v1.6
[    1.442318] libphy: Fixed MDIO Bus: probed
[    1.446846] tun: Universal TUN/TAP device driver, 1.6
[    1.451900] tun: (C) 1999-2004 Max Krasnyansky <maxk@qualcomm.com>
[    1.458846] e1000e: Intel(R) PRO/1000 Network Driver - 3.2.6-k
[    1.464681] e1000e: Copyright(c) 1999 - 2015 Intel Corporation.
[    1.470649] igb: Intel(R) Gigabit Ethernet Network Driver - version 5.4.0-k
[    1.477609] igb: Copyright (c) 2007-2014 Intel Corporation.
[    1.483224] igbvf: Intel(R) Gigabit Virtual Function Network Driver - version 2.4.0-k
[    1.491052] igbvf: Copyright (c) 2009 - 2012 Intel Corporation.
[    1.497010] sky2: driver version 1.30
[    1.501067] VFIO - User Level meta-driver version: 0.3
[    1.507594] ehci_hcd: USB 2.0 'Enhanced' Host Controller (EHCI) Driver
[    1.514126] ehci-pci: EHCI PCI platform driver
[    1.518611] ehci-platform: EHCI generic platform driver
[    1.523930] ehci-exynos: EHCI EXYNOS driver
[    1.528189] ehci-msm: Qualcomm On-Chip EHCI Host Controller
[    1.533830] ohci_hcd: USB 1.1 'Open' Host Controller (OHCI) Driver
[    1.540014] ohci-pci: OHCI PCI platform driver
[    1.544498] ohci-platform: OHCI generic platform driver
[    1.549799] ohci-exynos: OHCI EXYNOS driver
[    1.613550] tegra-xusb 70090000.usb: Firmware timestamp: 2015-08-10 09:47:54 UTC
[    1.620960] tegra-xusb 70090000.usb: xHCI Host Controller
[    1.626369] tegra-xusb 70090000.usb: new USB bus registered, assigned bus number 1
[    1.634883] tegra-xusb 70090000.usb: hcc params 0x0184f525 hci version 0x100 quirks 0x00010010
[    1.643519] tegra-xusb 70090000.usb: irq 319, io mem 0x70090000
[    1.649824] hub 1-0:1.0: USB hub found
[    1.653596] hub 1-0:1.0: 5 ports detected
[    1.657907] tegra-xusb 70090000.usb: xHCI Host Controller
[    1.663310] tegra-xusb 70090000.usb: new USB bus registered, assigned bus number 2
[    1.670926] usb usb2: We don't know the algorithms for LPM for this host, disabling LPM.
[    1.679295] hub 2-0:1.0: USB hub found
[    1.683065] hub 2-0:1.0: 4 ports detected
[    1.687558] usbcore: registered new interface driver usb-storage
[    1.694200] mousedev: PS/2 mouse device common for all mice
[    1.821586] max77686-rtc max77620-rtc: rtc core: registered max77620-rtc as rtc0
[    1.829534] tegra_rtc 7000e000.rtc: rtc core: registered 7000e000.rtc as rtc1
[    1.836701] tegra_rtc 7000e000.rtc: Tegra internal Real Time Clock
[    1.842962] i2c /dev entries driver
[    1.847911] bq27xxx-battery 2-0055: failed to register battery
[    1.853752] bq27xxx-battery: probe of 2-0055 failed with error -22
[    1.860556] sdhci: Secure Digital Host Controller Interface driver
[    1.866735] sdhci: Copyright(c) Pierre Ossman
[    1.871253] Synopsys Designware Multimedia Card Interface Driver
[    1.877629] sdhci-pltfm: SDHCI platform and OF driver helper
[    1.883450] mmc0: Unknown controller version (3). You may experience problems.
[    1.932918] mmc0: SDHCI controller on 700b0600.sdhci [700b0600.sdhci] using ADMA 64-bit
[    1.943451] ledtrig-cpu: registered to indicate activity on CPUs
[    1.953225] usbcore: registered new interface driver usbhid
[    1.958859] usbhid: USB HID core driver
[    1.963778] NET: Registered protocol family 17
[    1.968291] 9pnet: Installing 9P2000 support
[    1.972615] Key type dns_resolver registered
[    1.977216] registered taskstats version 1
[    1.993336] tegra-i2c 7000d100.i2c: could not find pctldev for node /host1x@50000000/dpaux@545c0000/pinmux-i2c, deferring probe
[    2.005781] input: gpio-keys as /devices/platform/gpio-keys/input/input0
[    2.012724] tegra-i2c 7000d100.i2c: could not find pctldev for node /host1x@50000000/dpaux@545c0000/pinmux-i2c, deferring probe
[    2.029376] mmc0: new high speed MMC card at address 0001
[    2.035026] mmcblk0: mmc0:0001 BGND3R 29.1 GiB 
[    2.041066] max77686-rtc max77620-rtc: setting system clock to 2000-11-03 16:06:54 UTC (973267614)
[    2.043674] mmcblk0boot0: mmc0:0001 BGND3R partition 1 4.00 MiB
[    2.043776] mmcblk0boot1: mmc0:0001 BGND3R partition 2 4.00 MiB
[    2.043868] mmcblk0rpmb: mmc0:0001 BGND3R partition 3 4.00 MiB
[    2.068153] PP1200_AVDD: disabling
[    2.071639] PP1200_RCAM: disabling
[    2.075114] PP2800L_RCAM: disabling
[    2.078675] PP2800L_FCAM: disabling
[    2.082237] PP_LDO6: disabling
[    2.085362] PPLCD_VDD: disabling
[    2.085367]  mmcblk0: p1 p2 p3 p4 p5 p6 p7 p8 p9 p10 p11
[    2.087036] tegra-i2c 7000d100.i2c: could not find pctldev for node /host1x@50000000/dpaux@545c0000/pinmux-i2c, deferring probe
[    2.105363] PP1800_LCDIO: disabling
[    2.108845] PP1800_CAM: disabling
[    2.112161] ALSA device list:
[    2.115126]   No soundcards found.
[    2.119051] Freeing unused kernel memory: 1024K

System initialization...

Mounting /proc :[SUCCESS]
Mounting /sys :[SUCCESS]
Mounting /dev :[SUCCESS]
Mounting /dev/pts :[SUCCESS]
Mounting /sys/kernel/debug :[SUCCESS]
Mounting other filesystems :[SUCCESS]
Enabling hot-plug :[SUCCESS]
Populating /dev :[SUCCESS]
Starting syslogd :[SUCCESS]
Starting telnetd :[SUCCESS]

System initialization complete.

Please press Enter to activate this console. 