
U-Boot SPL 2014.01-00219-gc4d376f (Feb 18 2014 - 19:57:32)


U-Boot 2014.01-00219-gc4d376f (Feb 18 2014 - 19:57:32)

TEGRA114
Board: NVIDIA Dalmore
I2C:   ready
DRAM:  2 GiB
MMC:   Tegra SD/MMC: 0, Tegra SD/MMC: 1
In:    serial
Out:   serial
Err:   serial
Net:   Net Initialization Skipped
No ethernet found.
Hit any key to stop autoboot:  2  0 
Tegra114 (Dalmore) # 
Tegra114 (Dalmore) # usb reset
(Re)start USB...
USB0:   USB EHCI 1.10
scanning bus 0 for devices... 2 USB Device(s) found
       scanning usb for storage devices... 0 Storage Device(s) found
       scanning usb for ethernet devices... 
Warning: asx0 using MAC address from net device
1 Ethernet Device(s) found
Tegra114 (Dalmore) # setenv bootargs 'ignore_loglevel console=ttyS0,115200n8 rw root=PARTUUID=7369c667-ff51-ec4a-29cd-baabf2fbe346 rootwait gpt debug earlyprintk init=/bin/bash'
Tegra114 (Dalmore) # setenv ipaddr 192.168.100.100; setenv serverip 192.168.100.1; setenv tftpserverip 192.168.100.1
Tegra114 (Dalmore) # tftpboot 0x81000000 zImage.multi_v7_defconfig
Using asx0 device
TFTP from server 192.168.100.1; our IP address is 192.168.100.100
Filename 'zImage.multi_v7_defconfig'.
Load address: 0x81000000
Loading: *#################################################################
	 #################################################################
	 #################################################################
	 #################################################################
	 #################################################################
	 #################################################################
	 #################################################################
	 #######################################
	 2.9 MiB/s
done
Bytes transferred = 7240192 (6e7a00 hex)
Tegra114 (Dalmore) # tftpboot 0x82000000 tegra114-dalmore.dtb
Using asx0 device
TFTP from server 192.168.100.1; our IP address is 192.168.100.100
Filename 'tegra114-dalmore.dtb'.
Load address: 0x82000000
Loading: *###
	 2.8 MiB/s
done
Bytes transferred = 34956 (888c hex)
Tegra114 (Dalmore) # bootz 0x81000000 - 0x82000000
Kernel image @ 0x81000000 [ 0x000000 - 0x6e7a00 ]
## Flattened Device Tree blob at 82000000
   Booting using the fdt blob at 0x82000000
   Loading Device Tree to 8fff4000, end 8ffff88b ... OK

Starting kernel ...

[    0.000000] Booting Linux on physical CPU 0x0
[    0.000000] Linux version 4.7.0-rc5-96296-g4c2e07c (pwalmsley@sellafield) (gcc version 4.7.3 20130328 (prerelease) (crosstool-NG linaro-1.13.1-4.7-2013.04-20130415 - Linaro GCC 2013.04) ) #1 SMP Sun Jun 26 18:34:16 PDT 2016
[    0.000000] CPU: ARMv7 Processor [412fc0f2] revision 2 (ARMv7), cr=10c5387d
[    0.000000] CPU: div instructions available: patching division code
[    0.000000] CPU: PIPT / VIPT nonaliasing data cache, PIPT instruction cache
[    0.000000] Machine model: NVIDIA Tegra114 Dalmore evaluation board
[    0.000000] debug: ignoring loglevel setting.
[    0.000000] cma: Reserved 64 MiB at 0xfb800000
[    0.000000] Memory policy: Data cache writealloc
[    0.000000] On node 0 totalpages: 524032
[    0.000000] free_area_init_node: node 0, pgdat c141bb00, node_mem_map eeff8000
[    0.000000]   DMA zone: 1536 pages used for memmap
[    0.000000]   DMA zone: 0 pages reserved
[    0.000000]   DMA zone: 196608 pages, LIFO batch:31
[    0.000000]   HighMem zone: 327424 pages, LIFO batch:31
[    0.000000] percpu: Embedded 13 pages/cpu @eef9f000 s23808 r8192 d21248 u53248
[    0.000000] pcpu-alloc: s23808 r8192 d21248 u53248 alloc=13*4096
[    0.000000] pcpu-alloc: [0] 0 [0] 1 [0] 2 [0] 3 
[    0.000000] Built 1 zonelists in Zone order, mobility grouping on.  Total pages: 522496
[    0.000000] Kernel command line: ignore_loglevel console=ttyS0,115200n8 rw root=PARTUUID=7369c667-ff51-ec4a-29cd-baabf2fbe346 rootwait gpt debug earlyprintk init=/bin/bash
[    0.000000] PID hash table entries: 4096 (order: 2, 16384 bytes)
[    0.000000] Dentry cache hash table entries: 131072 (order: 7, 524288 bytes)
[    0.000000] Inode-cache hash table entries: 65536 (order: 6, 262144 bytes)
[    0.000000] Memory: 1995116K/2096128K available (9529K kernel code, 1142K rwdata, 4476K rodata, 2048K init, 343K bss, 35476K reserved, 65536K cma-reserved, 1244160K highmem)
[    0.000000] Virtual kernel memory layout:
[    0.000000]     vector  : 0xffff0000 - 0xffff1000   (   4 kB)
[    0.000000]     fixmap  : 0xffc00000 - 0xfff00000   (3072 kB)
[    0.000000]     vmalloc : 0xf0800000 - 0xff800000   ( 240 MB)
[    0.000000]     lowmem  : 0xc0000000 - 0xf0000000   ( 768 MB)
[    0.000000]     pkmap   : 0xbfe00000 - 0xc0000000   (   2 MB)
[    0.000000]     modules : 0xbf000000 - 0xbfe00000   (  14 MB)
[    0.000000]       .text : 0xc0208000 - 0xc10ad540   (14998 kB)
[    0.000000]       .init : 0xc1100000 - 0xc1300000   (2048 kB)
[    0.000000]       .data : 0xc1300000 - 0xc141db60   (1143 kB)
[    0.000000]        .bss : 0xc141f000 - 0xc1474ca0   ( 344 kB)
[    0.000000] SLUB: HWalign=64, Order=0-3, MinObjects=0, CPUs=4, Nodes=1
[    0.000000] Hierarchical RCU implementation.
[    0.000000] 	Build-time adjustment of leaf fanout to 32.
[    0.000000] 	RCU restricting CPUs from NR_CPUS=16 to nr_cpu_ids=4.
[    0.000000] RCU: Adjusting geometry for rcu_fanout_leaf=32, nr_cpu_ids=4
[    0.000000] NR_IRQS:16 nr_irqs:16 16
[    0.000000] /interrupt-controller@60004000: 160 interrupts forwarded to /interrupt-controller@50041000
[    0.000000] Tegra clk 127: register failed with -17
[    0.000009] sched_clock: 32 bits at 1000kHz, resolution 1000ns, wraps every 2147483647500ns
[    0.000028] clocksource: timer_us: mask: 0xffffffff max_cycles: 0xffffffff, max_idle_ns: 1911260446275 ns
[    0.000042] Switching to timer-based delay loop, resolution 1000ns
[    0.003070] Architected cp15 timer(s) running at 12.00MHz (virt).
[    0.003090] clocksource: arch_sys_counter: mask: 0xffffffffffffff max_cycles: 0x2c47f4ee7, max_idle_ns: 440795202497 ns
[    0.003108] sched_clock: 56 bits at 12MHz, resolution 83ns, wraps every 4398046511096ns
[    0.003122] Switching to timer-based delay loop, resolution 83ns
[    0.003502] Console: colour dummy device 80x30
[    0.003528] Calibrating delay loop (skipped), value calculated using timer frequency.. 24.00 BogoMIPS (lpj=60000)
[    0.003543] pid_max: default: 32768 minimum: 301
[    0.003639] Mount-cache hash table entries: 2048 (order: 1, 8192 bytes)
[    0.003651] Mountpoint-cache hash table entries: 2048 (order: 1, 8192 bytes)
[    0.004283] CPU: Testing write buffer coherency: ok
[    0.004497] /cpus/cpu@0 missing clock-frequency property
[    0.004527] /cpus/cpu@1 missing clock-frequency property
[    0.004556] /cpus/cpu@2 missing clock-frequency property
[    0.004586] /cpus/cpu@3 missing clock-frequency property
[    0.004599] CPU0: thread -1, cpu 0, socket 0, mpidr 80000000
[    0.004622] Setting up static identity map for 0x80300000 - 0x80300098
[    0.007159] Tegra Revision: A01 SKU: 0 CPU Process: 1 SoC Process: 0
[    0.008581] CPU1: thread -1, cpu 1, socket 0, mpidr 80000001
[    0.009311] CPU2: thread -1, cpu 2, socket 0, mpidr 80000002
[    0.010016] CPU3: thread -1, cpu 3, socket 0, mpidr 80000003
[    0.010101] Brought up 4 CPUs
[    0.010123] SMP: Total of 4 processors activated (96.00 BogoMIPS).
[    0.010132] CPU: All CPU(s) started in SVC mode.
[    0.011592] devtmpfs: initialized
[    0.022305] VFP support v0.3: implementor 41 architecture 4 part 30 variant f rev 0
[    0.022834] clocksource: jiffies: mask: 0xffffffff max_cycles: 0xffffffff, max_idle_ns: 9556302231375000 ns
[    0.024230] pinctrl core: initialized pinctrl subsystem
[    0.025831] NET: Registered protocol family 16
[    0.027846] DMA: preallocated 256 KiB pool for atomic coherent allocations
[    0.043168] cpuidle: using governor menu
[    0.058750] No ATAGs?
[    0.058777] hw-breakpoint: found 5 (+1 reserved) breakpoint and 4 watchpoint registers.
[    0.058788] hw-breakpoint: maximum watchpoint size is 8 bytes.
[    0.063857] Serial: AMBA PL011 UART driver
[    0.065229] tegra-mc 70019000.memory-controller: no memory timings for RAM code 3 registered
[    0.092628] dvdd_ts: Failed to request enable GPIO61: -517
[    0.092645] reg-fixed-voltage regulators:regulator@1: Failed to register regulator: -517
[    0.092742] usb1_vbus: Failed to request enable GPIO108: -517
[    0.092757] reg-fixed-voltage regulators:regulator@3: Failed to register regulator: -517
[    0.092851] usb2_vbus: Failed to request enable GPIO86: -517
[    0.092865] reg-fixed-voltage regulators:regulator@4: Failed to register regulator: -517
[    0.093290] VDD_5V0_HDMI_CON: Failed to request enable GPIO81: -517
[    0.093305] reg-fixed-voltage regulators:regulator@7: Failed to register regulator: -517
[    0.096063] vgaarb: loaded
[    0.096865] SCSI subsystem initialized
[    0.097017] libata version 3.00 loaded.
[    0.097315] usbcore: registered new interface driver usbfs
[    0.097388] usbcore: registered new interface driver hub
[    0.097464] usbcore: registered new device driver usb
[    0.101122] tps65090 2-0048: No cache defaults, reading back from HW
[    0.103040] TPS65090_RAILSDCDC1: supplied by vdd_ac_bat
[    0.103579] vdd_hdmi_5v0: supplied by vdd-sys-5v0
[    0.104337] TPS65090_RAILSDCDC2: supplied by vdd_ac_bat
[    0.105423] TPS65090_RAILSDCDC3: supplied by vdd_ac_bat
[    0.105961] TPS65090_RAILSFET1: supplied by vdd_ac_bat
[    0.106350] TPS65090_RAILSFET2: supplied by vdd_ac_bat
[    0.106727] TPS65090_RAILSFET3: supplied by vdd-sys-3v3
[    0.107257] TPS65090_RAILSFET4: supplied by vdd-sys-3v3
[    0.107799] TPS65090_RAILSFET5: supplied by vdd-sys-3v3
[    0.108325] TPS65090_RAILSFET6: supplied by vdd-sys-3v3
[    0.109182] TPS65090_RAILSFET7: supplied by vdd-sys-3v3
[    0.109741] TPS65090_RAILSLDO1: supplied by vdd_ac_bat
[    0.109958] TPS65090_RAILSLDO2: supplied by vdd_ac_bat
[    0.110808] genirq: Setting trigger mode 8 for irq 341 failed (irq_chip_set_type_parent+0x0/0x28)
[    0.110830] palmas 2-0058: Irq flag is 0x00000000
[    0.114023] palmas 2-0058: Muxing GPIO ff, PWM 0, LED 0
[    0.116586] SMPS12: supplied by vdd-ao
[    0.118209] SMPS3: supplied by vdd-ao
[    0.119979] SMPS457: supplied by vdd-sys-3v3
[    0.122892] SMPS8: supplied by vdd-sys-3v3
[    0.124516] SMPS9: supplied by vdd-sys-3v3
[    0.125023] sdhci-vdd-sd-slot: Bringing 2840000uV into 2800000-2800000uV
[    0.125757] sdhci-vdd-sd-slot: ramp_delay not set
[    0.127772] LDO1: supplied by vdd-sys-3v3
[    0.128978] LDO2: supplied by vdd-sys-3v3
[    0.130180] LDO3: supplied by vddio-1v8
[    0.131393] LDO4: supplied by vdd-sys-3v3
[    0.132604] LDO5: supplied by vdd_ac_bat
[    0.133375] LDO6: supplied by vdd-sys-3v3
[    0.133895] vdd-sensor-2v85: Bringing 2900000uV into 2850000-2850000uV
[    0.135182] LDO7: supplied by vdd-sys-3v3
[    0.136912] LDO8: supplied by vdd-ao
[    0.137421] vdd-rtc: Bringing 675000uV into 900000-900000uV
[    0.139221] LDO9: supplied by sdhci-vdd-sd-slot
[    0.144522] LDOLN: supplied by vdd-sys-5v0
[    0.145750] LDOUSB: supplied by vdd-sys-5v0
[    0.152449] pps_core: LinuxPPS API ver. 1 registered
[    0.152459] pps_core: Software ver. 5.3.6 - Copyright 2005-2007 Rodolfo Giometti <giometti@linux.it>
[    0.152483] PTP clock support registered
[    0.152688] EDAC MC: Ver: 3.0.0
[    0.155166] clocksource: Switched to clocksource arch_sys_counter
[    0.166023] NET: Registered protocol family 2
[    0.166562] TCP established hash table entries: 8192 (order: 3, 32768 bytes)
[    0.166662] TCP bind hash table entries: 8192 (order: 4, 65536 bytes)
[    0.166849] TCP: Hash tables configured (established 8192 bind 8192)
[    0.166905] UDP hash table entries: 512 (order: 2, 16384 bytes)
[    0.166946] UDP-Lite hash table entries: 512 (order: 2, 16384 bytes)
[    0.167103] NET: Registered protocol family 1
[    0.167344] RPC: Registered named UNIX socket transport module.
[    0.167353] RPC: Registered udp transport module.
[    0.167361] RPC: Registered tcp transport module.
[    0.167369] RPC: Registered tcp NFSv4.1 backchannel transport module.
[    0.167381] PCI: CLS 0 bytes, default 64
[    0.169546] futex hash table entries: 1024 (order: 4, 65536 bytes)
[    0.170061] workingset: timestamp_bits=28 max_order=19 bucket_order=0
[    0.181881] squashfs: version 4.0 (2009/01/31) Phillip Lougher
[    0.182770] NFS: Registering the id_resolver key type
[    0.182812] Key type id_resolver registered
[    0.182821] Key type id_legacy registered
[    0.182868] ntfs: driver 2.1.32 [Flags: R/O].
[    0.184241] bounce: pool size: 64 pages
[    0.184463] Block layer SCSI generic (bsg) driver version 0.4 loaded (major 248)
[    0.184474] io scheduler noop registered
[    0.184483] io scheduler deadline registered
[    0.184517] io scheduler cfq registered (default)
[    0.213097] tegra-apbdma 6000a000.dma: Tegra20 APB DMA driver register 32 channels
[    0.214971] tegra-pmc 7000e400.pmc: i2c-thermtrip node not found, emergency thermal reset disabled.
[    0.281486] Serial: 8250/16550 driver, 4 ports, IRQ sharing disabled
[    0.284558] console [ttyS0] disabled
[    0.284596] 70006300.serial: ttyS0 at MMIO 0x70006300 (irq = 329, base_baud = 25500000) is a Tegra
[    1.246642] console [ttyS0] enabled
[    1.250935] SuperH (H)SCI(F) driver initialized
[    1.256441] msm_serial: driver initialized
[    1.260738] STMicroelectronics ASC driver initialized
[    1.269427] [drm] Initialized drm 1.1.0 20060810
[    1.277445] tegra-hdmi 54280000.hdmi: failed to get HDMI regulator
[    1.299185] brd: module loaded
[    1.308463] loop: module loaded
[    1.327853] m25p80 spi32766.0: w25q32dw (4096 Kbytes)
[    1.336514] libphy: Fixed MDIO Bus: probed
[    1.341329] CAN device driver interface
[    1.347041] igb: Intel(R) Gigabit Ethernet Network Driver - version 5.3.0-k
[    1.354008] igb: Copyright (c) 2007-2014 Intel Corporation.
[    1.362703] pegasus: v0.9.3 (2013/04/25), Pegasus/Pegasus II USB Ethernet driver
[    1.370177] usbcore: registered new interface driver pegasus
[    1.375904] usbcore: registered new interface driver asix
[    1.381355] usbcore: registered new interface driver ax88179_178a
[    1.387498] usbcore: registered new interface driver cdc_ether
[    1.393402] usbcore: registered new interface driver smsc75xx
[    1.399224] usbcore: registered new interface driver smsc95xx
[    1.405021] usbcore: registered new interface driver net1080
[    1.410731] usbcore: registered new interface driver cdc_subset
[    1.416700] usbcore: registered new interface driver zaurus
[    1.422360] usbcore: registered new interface driver cdc_ncm
[    1.430113] ehci_hcd: USB 2.0 'Enhanced' Host Controller (EHCI) Driver
[    1.436662] ehci-pci: EHCI PCI platform driver
[    1.441161] ehci-platform: EHCI generic platform driver
[    1.446599] ehci-omap: OMAP-EHCI Host Controller driver
[    1.451971] ehci-orion: EHCI orion driver
[    1.456129] SPEAr-ehci: EHCI SPEAr driver
[    1.460291] ehci-st: EHCI STMicroelectronics driver
[    1.465319] ehci-exynos: EHCI EXYNOS driver
[    1.469650] ehci-atmel: EHCI Atmel driver
[    1.473810] tegra-ehci: Tegra EHCI driver
[    1.478142] ohci_hcd: USB 1.1 'Open' Host Controller (OHCI) Driver
[    1.484347] ohci-pci: OHCI PCI platform driver
[    1.488850] ohci-platform: OHCI generic platform driver
[    1.494239] ohci-omap3: OHCI OMAP3 driver
[    1.498396] SPEAr-ohci: OHCI SPEAr driver
[    1.502561] ohci-st: OHCI STMicroelectronics driver
[    1.507594] ohci-atmel: OHCI Atmel driver
[    1.512335] usbcore: registered new interface driver usb-storage
[    1.519974] mousedev: PS/2 mouse device common for all mice
[    1.530349] palmas-rtc 7000d000.i2c:tps65913@58:rtc: rtc core: registered 7000d000.i2c:tps659 as rtc0
[    1.541511] tegra_rtc 7000e000.rtc: rtc core: registered 7000e000.rtc as rtc1
[    1.548705] tegra_rtc 7000e000.rtc: Tegra internal Real Time Clock
[    1.555464] i2c /dev entries driver
[    1.563195] sbs-battery 0-000b: sbs_probe: Failed to get device status
[    1.569748] sbs-battery: probe of 0-000b failed with error -121
[    1.587694] sdhci: Secure Digital Host Controller Interface driver
[    1.593888] sdhci: Copyright(c) Pierre Ossman
[    1.599732] Synopsys Designware Multimedia Card Interface Driver
[    1.606813] sdhci-pltfm: SDHCI platform and OF driver helper
[    1.613235] sdhci-tegra 78000400.sdhci: Got CD GPIO
[    1.618144] sdhci-tegra 78000400.sdhci: Got WP GPIO
[    1.624251] mmc0: Invalid maximum block size, assuming 512 bytes
[    1.665312] mmc0: SDHCI controller on 78000400.sdhci [78000400.sdhci] using ADMA
[    1.673022] mmc1: Invalid maximum block size, assuming 512 bytes
[    1.715188] mmc1: SDHCI controller on 78000600.sdhci [78000600.sdhci] using ADMA
[    1.724130] ledtrig-cpu: registered to indicate activity on CPUs
[    1.730500] usbcore: registered new interface driver usbhid
[    1.736082] usbhid: USB HID core driver
[    1.745703] NET: Registered protocol family 10
[    1.750873] sit: IPv6 over IPv4 tunneling driver
[    1.756205] NET: Registered protocol family 17
[    1.760677] can: controller area network core (rev 20120528 abi 9)
[    1.766935] NET: Registered protocol family 29
[    1.771393] can: raw protocol (rev 20120528)
[    1.775673] can: broadcast manager protocol (rev 20120528 t)
[    1.781346] can: netlink gateway (rev 20130117) max_hops=1
[    1.787230] Key type dns_resolver registered
[    1.792167] ThumbEE CPU extension supported.
[    1.796460] Registering SWP/SWPB emulation handler
[    1.803556] usb1_vbus: supplied by vdd-sys-5v0
[    1.809576] usb2_vbus: supplied by vdd-sys-5v0
[    1.823991] VDD_5V0_HDMI_CON: supplied by vdd-sys-5v0
[    1.835211] [drm] Supports vblank timestamp caching Rev 2 (21.10.2013).
[    1.841895] [drm] No driver support for vblank timestamp query.
[    1.872235] mmc0: new high speed SDHC card at address aaaa
[    1.875061] mmcblk0: mmc0:aaaa SL16G 14.8 GiB 
[    1.897927]  mmcblk0: p1 p2 p3
[    1.906808] mmc1: new high speed MMC card at address 0001
[    1.907701] mmcblk1: mmc1:0001 SEM32G 29.1 GiB 
[    1.907968] Console: switching to colour frame buffer device 240x75
[    1.908311] mmcblk1boot0: mmc1:0001 SEM32G partition 1 4.00 MiB
[    1.908761] mmcblk1boot1: mmc1:0001 SEM32G partition 2 4.00 MiB
[    1.909244] mmcblk1rpmb: mmc1:0001 SEM32G partition 3 4.00 MiB
[    1.913757]  mmcblk1: p1 p2 p3 p4 p5 p6 p7 p8
[    1.981760] drm drm: fb0:  frame buffer device
[    2.000287] [drm] Initialized tegra 0.0.0 20120330 on minor 0
[    2.011360] tegra-ehci 7d008000.usb: EHCI Host Controller
[    2.016845] tegra-ehci 7d008000.usb: new USB bus registered, assigned bus number 1
[    2.024732] tegra-ehci 7d008000.usb: irq 339, io mem 0x7d008000
[    2.040292] tegra-ehci 7d008000.usb: USB 2.0 started, EHCI 1.10
[    2.047493] hub 1-0:1.0: USB hub found
[    2.051378] hub 1-0:1.0: 1 port detected
[    2.057092] input: gpio-keys as /devices/soc0/gpio-keys/input/input0
[    2.065943] palmas-rtc 7000d000.i2c:tps65913@58:rtc: setting system clock to 2000-04-20 12:58:10 UTC (956235490)
[    2.091100] dvdd_ts: disabling
[    2.094160] usb1_vbus: disabling
[    2.097432] vdd_cam_1v8_reg: disabling
[    2.103067] EXT4-fs (mmcblk1p1): mounting ext3 file system using the ext4 subsystem
[    2.181845] EXT4-fs (mmcblk1p1): recovery complete
[    2.188304] EXT4-fs (mmcblk1p1): mounted filesystem with ordered data mode. Opts: (null)
[    2.196488] VFS: Mounted root (ext3 filesystem) on device 179:17.
[    2.207042] devtmpfs: mounted
[    2.211897] Freeing unused kernel memory: 2048K (c1100000 - c1300000)
bash: cannot set terminal process group (-1): Inappropriate ioctl for device
bash: no job control in this shell
root@(none):/# [    2.365278] usb 1-1: new high-speed USB device number 2 using tegra-ehci
