
U-Boot SPL 2015.04-rc3-00209-ga74ef40 (Mar 16 2015 - 14:43:39)


U-Boot 2015.04-rc3-00209-ga74ef40 (Mar 16 2015 - 14:43:39)

TEGRA20
Model: Compulab TrimSlice board
DRAM:  1 GiB
MMC:   Tegra SD/MMC: 0, Tegra SD/MMC: 1
SF: Detected W25Q80BL with page size 256 Bytes, erase size 4 KiB, total 1 MiB
tegra-pcie: PCI regions:
tegra-pcie:   I/O: 0x82000000-0x82010000
tegra-pcie:   non-prefetchable memory: 0xa0000000-0xa8000000
tegra-pcie:   prefetchable memory: 0xa8000000-0xc0000000
tegra-pcie: dual-mode configuration
tegra-pcie: probing port 0, using 2 lanes
In:    serial
Out:   serial
Err:   serial
Net:   RTL8169#0
Hit any key to stop autoboot:  2  0 
Tegra20 (TrimSlice) # 
Tegra20 (TrimSlice) # usb reset
resetting USB...
USB0:   USB EHCI 1.00
scanning bus 0 for devices... 3 USB Device(s) found
USB1:   USB EHCI 1.00
scanning bus 1 for devices... 1 USB Device(s) found
USB2:   lowlevel init failed
       scanning usb for storage devices... 0 Storage Device(s) found
       scanning usb for ethernet devices... 
Warning: asx0 using MAC address from net device
1 Ethernet Device(s) found
Tegra20 (TrimSlice) # setenv bootargs 'ignore_loglevel console=ttyS0,115200n8 rw root=PARTUUID=11eb23c1-01 rootwait gpt debug noinitrd earlyprintk init=/bin/bash'
Tegra20 (TrimSlice) # setenv ipaddr 192.168.100.103; setenv serverip 192.168.100.1; setenv tftpserverip 192.168.100.1
Tegra20 (TrimSlice) # tftpboot 0x00408000 zImage.multi_v7_defconfig
Using RTL8169#0 device
TFTP from server 192.168.100.1; our IP address is 192.168.100.103
Filename 'zImage.multi_v7_defconfig'.
Load address: 0x408000
Loading: *#################################################################
	 #################################################################
	 #################################################################
	 #################################################################
	 #################################################################
	 #################################################################
	 #################################################################
	 #################
	 906.3 KiB/s
done
Bytes transferred = 6918256 (699070 hex)
Tegra20 (TrimSlice) # tftpboot 0x02408000 tegra20-trimslice.dtb
Using RTL8169#0 device
TFTP from server 192.168.100.1; our IP address is 192.168.100.103
Filename 'tegra20-trimslice.dtb'.
Load address: 0x2408000
Loading: *##
	 896.5 KiB/s
done
Bytes transferred = 21130 (528a hex)
Tegra20 (TrimSlice) # bootz 0x00408000 - 0x02408000
Kernel image @ 0x408000 [ 0x000000 - 0x699070 ]
## Flattened Device Tree blob at 02408000
   Booting using the fdt blob at 0x2408000
   Using Device Tree in place at 02408000, end 02410289

Starting kernel ...

[    0.000000] Booting Linux on physical CPU 0x0
[    0.000000] Linux version 4.6.0-rc2-82191-g9735a22 (pwalmsley@sellafield) (gcc version 4.7.3 20130328 (prerelease) (crosstool-NG linaro-1.13.1-4.7-2013.04-20130415 - Linaro GCC 2013.04) ) #1 SMP Sun Apr 3 07:34:13 PDT 2016
[    0.000000] CPU: ARMv7 Processor [411fc090] revision 0 (ARMv7), cr=10c5387d
[    0.000000] CPU: PIPT / VIPT nonaliasing data cache, VIPT aliasing instruction cache
[    0.000000] Machine model: Compulab TrimSlice board
[    0.000000] debug: ignoring loglevel setting.
[    0.000000] cma: Reserved 64 MiB at 0x3c000000
[    0.000000] Memory policy: Data cache writealloc
[    0.000000] On node 0 totalpages: 262144
[    0.000000] free_area_init_node: node 0, pgdat c141b3c0, node_mem_map ef7f8000
[    0.000000]   DMA zone: 1536 pages used for memmap
[    0.000000]   DMA zone: 0 pages reserved
[    0.000000]   DMA zone: 196608 pages, LIFO batch:31
[    0.000000]   HighMem zone: 65536 pages, LIFO batch:15
[    0.000000] percpu: Embedded 12 pages/cpu @ef7cb000 s19776 r8192 d21184 u49152
[    0.000000] pcpu-alloc: s19776 r8192 d21184 u49152 alloc=12*4096
[    0.000000] pcpu-alloc: [0] 0 [0] 1 
[    0.000000] Built 1 zonelists in Zone order, mobility grouping on.  Total pages: 260608
[    0.000000] Kernel command line: ignore_loglevel console=ttyS0,115200n8 rw root=PARTUUID=11eb23c1-01 rootwait gpt debug noinitrd earlyprintk init=/bin/bash
[    0.000000] PID hash table entries: 4096 (order: 2, 16384 bytes)
[    0.000000] Dentry cache hash table entries: 131072 (order: 7, 524288 bytes)
[    0.000000] Inode-cache hash table entries: 65536 (order: 6, 262144 bytes)
[    0.000000] Memory: 955940K/1048576K available (9522K kernel code, 1141K rwdata, 4108K rodata, 2048K init, 341K bss, 27100K reserved, 65536K cma-reserved, 196608K highmem)
[    0.000000] Virtual kernel memory layout:
[    0.000000]     vector  : 0xffff0000 - 0xffff1000   (   4 kB)
[    0.000000]     fixmap  : 0xffc00000 - 0xfff00000   (3072 kB)
[    0.000000]     vmalloc : 0xf0800000 - 0xff800000   ( 240 MB)
[    0.000000]     lowmem  : 0xc0000000 - 0xf0000000   ( 768 MB)
[    0.000000]     pkmap   : 0xbfe00000 - 0xc0000000   (   2 MB)
[    0.000000]     modules : 0xbf000000 - 0xbfe00000   (  14 MB)
[    0.000000]       .text : 0xc0208000 - 0xc104fa5c   (14623 kB)
[    0.000000]       .init : 0xc1100000 - 0xc1300000   (2048 kB)
[    0.000000]       .data : 0xc1300000 - 0xc141d400   (1141 kB)
[    0.000000]        .bss : 0xc141f000 - 0xc1474558   ( 342 kB)
[    0.000000] SLUB: HWalign=64, Order=0-3, MinObjects=0, CPUs=2, Nodes=1
[    0.000000] Hierarchical RCU implementation.
[    0.000000] 	Build-time adjustment of leaf fanout to 32.
[    0.000000] 	RCU restricting CPUs from NR_CPUS=16 to nr_cpu_ids=2.
[    0.000000] RCU: Adjusting geometry for rcu_fanout_leaf=32, nr_cpu_ids=2
[    0.000000] NR_IRQS:16 nr_irqs:16 16
[    0.000000] /interrupt-controller@60004000: 128 interrupts forwarded to /interrupt-controller@50041000
[    0.000000] L2C: platform modifies aux control register: 0x02080000 -> 0x3e480001
[    0.000000] L2C: DT/platform modifies aux control register: 0x02080000 -> 0x3e480001
[    0.000000] L2C-310 errata 727915 769419 enabled
[    0.000000] L2C-310 enabling early BRESP for Cortex-A9
[    0.000000] L2C-310: enabling full line of zeros but not enabled in Cortex-A9
[    0.000000] L2C-310 ID prefetch enabled, offset 1 lines
[    0.000000] L2C-310 cache controller enabled, 8 ways, 1024 kB
[    0.000000] L2C-310: CACHE_ID 0x410000c4, AUX_CTRL 0x7e480001
[    0.000010] sched_clock: 32 bits at 1000kHz, resolution 1000ns, wraps every 2147483647500ns
[    0.000026] clocksource: timer_us: mask: 0xffffffff max_cycles: 0xffffffff, max_idle_ns: 1911260446275 ns
[    0.000036] Switching to timer-based delay loop, resolution 1000ns
[    0.001608] Console: colour dummy device 80x30
[    0.001630] Calibrating delay loop (skipped), value calculated using timer frequency.. 2.00 BogoMIPS (lpj=5000)
[    0.001640] pid_max: default: 32768 minimum: 301
[    0.001714] Mount-cache hash table entries: 2048 (order: 1, 8192 bytes)
[    0.001723] Mountpoint-cache hash table entries: 2048 (order: 1, 8192 bytes)
[    0.002204] CPU: Testing write buffer coherency: ok
[    0.002385] CPU0: thread -1, cpu 0, socket 0, mpidr 80000000
[    0.002430] Setting up static identity map for 0x300000 - 0x300098
[    0.003807] Tegra Revision: A03 prime SKU: 8 CPU Process: 1 SoC Process: 2
[    0.004853] CPU1: thread -1, cpu 1, socket 0, mpidr 80000001
[    0.004926] Brought up 2 CPUs
[    0.004937] SMP: Total of 2 processors activated (4.00 BogoMIPS).
[    0.004943] CPU: All CPU(s) started in SVC mode.
[    0.005590] devtmpfs: initialized
[    0.009605] VFP support v0.3: implementor 41 architecture 3 part 30 variant 9 rev 1
[    0.010000] clocksource: jiffies: mask: 0xffffffff max_cycles: 0xffffffff, max_idle_ns: 9556302231375000 ns
[    0.013103] pinctrl core: initialized pinctrl subsystem
[    0.014395] NET: Registered protocol family 16
[    0.016673] DMA: preallocated 256 KiB pool for atomic coherent allocations
[    0.029924] cpuidle: using governor menu
[    0.041062] No ATAGs?
[    0.041089] hw-breakpoint: found 5 (+1 reserved) breakpoint and 1 watchpoint registers.
[    0.041097] hw-breakpoint: maximum watchpoint size is 4 bytes.
[    0.044688] Serial: AMBA PL011 UART driver
[    0.068530] usb1_vbus: Failed to request enable GPIO170: -517
[    0.068544] reg-fixed-voltage regulators:regulator@2: Failed to register regulator: -517
[    0.072410] vgaarb: loaded
[    0.073152] SCSI subsystem initialized
[    0.073276] libata version 3.00 loaded.
[    0.073492] usbcore: registered new interface driver usbfs
[    0.073538] usbcore: registered new interface driver hub
[    0.073577] usbcore: registered new device driver usb
[    0.075735] pps_core: LinuxPPS API ver. 1 registered
[    0.075742] pps_core: Software ver. 5.3.6 - Copyright 2005-2007 Rodolfo Giometti <giometti@linux.it>
[    0.075763] PTP clock support registered
[    0.075931] EDAC MC: Ver: 3.0.0
[    0.077847] clocksource: Switched to clocksource timer_us
[    0.085836] NET: Registered protocol family 2
[    0.086267] TCP established hash table entries: 8192 (order: 3, 32768 bytes)
[    0.086337] TCP bind hash table entries: 8192 (order: 4, 65536 bytes)
[    0.086443] TCP: Hash tables configured (established 8192 bind 8192)
[    0.086511] UDP hash table entries: 512 (order: 2, 16384 bytes)
[    0.086560] UDP-Lite hash table entries: 512 (order: 2, 16384 bytes)
[    0.086727] NET: Registered protocol family 1
[    0.086969] RPC: Registered named UNIX socket transport module.
[    0.086976] RPC: Registered udp transport module.
[    0.086982] RPC: Registered tcp transport module.
[    0.086986] RPC: Registered tcp NFSv4.1 backchannel transport module.
[    0.087004] PCI: CLS 0 bytes, default 64
[    0.087813] hw perfevents: enabled with armv7_cortex_a9 PMU driver, 7 counters available
[    0.088906] futex hash table entries: 512 (order: 3, 32768 bytes)
[    0.089545] workingset: timestamp_bits=28 max_order=18 bucket_order=0
[    0.097485] squashfs: version 4.0 (2009/01/31) Phillip Lougher
[    0.098128] NFS: Registering the id_resolver key type
[    0.098159] Key type id_resolver registered
[    0.098165] Key type id_legacy registered
[    0.098212] ntfs: driver 2.1.32 [Flags: R/O].
[    0.099209] bounce: pool size: 64 pages
[    0.099370] Block layer SCSI generic (bsg) driver version 0.4 loaded (major 248)
[    0.099383] io scheduler noop registered
[    0.099393] io scheduler deadline registered
[    0.099421] io scheduler cfq registered (default)
[    0.110622] tegra-pcie 80003000.pcie-controller: dual-mode configuration
[    0.111202] tegra-pcie 80003000.pcie-controller: probing port 0, using 2 lanes
[    0.193307] tegra-pcie 80003000.pcie-controller: PCI host bridge to bus 0000:00
[    0.193319] pci_bus 0000:00: root bus resource [io  0x0000-0xffff]
[    0.193327] pci_bus 0000:00: root bus resource [mem 0xa0000000-0xa7ffffff]
[    0.193335] pci_bus 0000:00: root bus resource [mem 0xa8000000-0xbfffffff pref]
[    0.193344] pci_bus 0000:00: root bus resource [bus 00-ff]
[    0.193376] pci 0000:00:01.0: [10de:0bf0] type 01 class 0x060000
[    0.193433] pci 0000:00:01.0: PME# supported from D0 D1 D2 D3hot D3cold
[    0.193627] PCI: bus0: Fast back to back transfers disabled
[    0.193638] pci 0000:00:01.0: bridge configuration invalid ([bus 00-00]), reconfiguring
[    0.193764] pci 0000:01:00.0: [10ec:8168] type 00 class 0x020000
[    0.193787] pci 0000:01:00.0: reg 0x10: [io  0x0000-0x00ff]
[    0.193808] pci 0000:01:00.0: reg 0x18: [mem 0x00000000-0x00000fff 64bit pref]
[    0.193825] pci 0000:01:00.0: reg 0x20: [mem 0x00000000-0x00003fff 64bit pref]
[    0.193837] pci 0000:01:00.0: reg 0x30: [mem 0x00000000-0x0001ffff pref]
[    0.193910] pci 0000:01:00.0: supports D1 D2
[    0.193918] pci 0000:01:00.0: PME# supported from D0 D1 D2 D3hot D3cold
[    0.202882] PCI: bus1: Fast back to back transfers disabled
[    0.202895] pci_bus 0000:01: busn_res: [bus 01-ff] end is updated to 01
[    0.202906] Disabling cpuidle LP2 state, since PCIe IRQs are in use
[    0.202960] pci 0000:00:01.0: BAR 8: assigned [mem 0xa0000000-0xa00fffff]
[    0.202971] pci 0000:00:01.0: BAR 9: assigned [mem 0xa8000000-0xa80fffff 64bit pref]
[    0.202980] pci 0000:00:01.0: BAR 7: assigned [io  0x1000-0x1fff]
[    0.202992] pci 0000:01:00.0: BAR 6: assigned [mem 0xa0000000-0xa001ffff pref]
[    0.203002] pci 0000:01:00.0: BAR 4: assigned [mem 0xa8000000-0xa8003fff 64bit pref]
[    0.203019] pci 0000:01:00.0: BAR 2: assigned [mem 0xa8004000-0xa8004fff 64bit pref]
[    0.203034] pci 0000:01:00.0: BAR 0: assigned [io  0x1000-0x10ff]
[    0.203044] pci 0000:00:01.0: PCI bridge to [bus 01]
[    0.203052] pci 0000:00:01.0:   bridge window [io  0x1000-0x1fff]
[    0.203060] pci 0000:00:01.0:   bridge window [mem 0xa0000000-0xa00fffff]
[    0.203069] pci 0000:00:01.0:   bridge window [mem 0xa8000000-0xa80fffff 64bit pref]
[    0.203089] pci 0000:00:01.0: nv_msi_ht_cap_quirk didn't locate host bridge
[    0.203154] pcieport 0000:00:01.0: enabling device (0140 -> 0143)
[    0.203303] pcieport 0000:00:01.0: Signaling PME through PCIe PME interrupt
[    0.203312] pci 0000:01:00.0: Signaling PME through PCIe PME interrupt
[    0.203321] pcie_pme 0000:00:01.0:pcie01: service driver pcie_pme loaded
[    0.207179] tegra-apbdma 6000a000.dma: Tegra20 APB DMA driver register 16 channels
[    0.252889] Serial: 8250/16550 driver, 4 ports, IRQ sharing disabled
[    0.255243] console [ttyS0] disabled
[    0.255277] 70006000.serial: ttyS0 at MMIO 0x70006000 (irq = 279, base_baud = 13500000) is a Tegra
[    1.198829] console [ttyS0] enabled
[    1.202927] SuperH (H)SCI(F) driver initialized
[    1.208227] msm_serial: driver initialized
[    1.212458] STMicroelectronics ASC driver initialized
[    1.219292] [drm] Initialized drm 1.1.0 20060810
[    1.226027] 54280000.hdmi supply hdmi not found, using dummy regulator
[    1.235598] [drm] Supports vblank timestamp caching Rev 2 (21.10.2013).
[    1.242226] [drm] No driver support for vblank timestamp query.
[    1.248171] drm drm: No connectors reported connected with modes
[    1.254181] [drm] Cannot find any crtc or sizes - going 1024x768
[    1.276233] Console: switching to colour frame buffer device 128x48
[    1.290926] drm drm: fb0:  frame buffer device
[    1.307858] [drm] Initialized tegra 0.0.0 20120330 on minor 0
[    1.322256] brd: module loaded
[    1.329556] loop: module loaded
[    1.338308] m25p80 spi32766.0: found s25fl008k, expected w25q80bl
[    1.344414] m25p80 spi32766.0: s25fl008k (1024 Kbytes)
[    1.351988] libphy: Fixed MDIO Bus: probed
[    1.356629] CAN device driver interface
[    1.361975] igb: Intel(R) Gigabit Ethernet Network Driver - version 5.3.0-k
[    1.368936] igb: Copyright (c) 2007-2014 Intel Corporation.
[    1.375061] r8169 Gigabit Ethernet driver 2.3LK-NAPI loaded
[    1.380660] r8169 0000:01:00.0: enabling device (0140 -> 0143)
[    1.387257] r8169 0000:01:00.0 eth0: RTL8168d/8111d at 0xf0878000, 00:01:c0:13:7d:63, XID 081000c0 IRQ 296
[    1.396911] r8169 0000:01:00.0 eth0: jumbo features [frames: 9200 bytes, tx checksumming: ko]
[    1.407408] pegasus: v0.9.3 (2013/04/25), Pegasus/Pegasus II USB Ethernet driver
[    1.414867] usbcore: registered new interface driver pegasus
[    1.420574] usbcore: registered new interface driver asix
[    1.426009] usbcore: registered new interface driver ax88179_178a
[    1.432136] usbcore: registered new interface driver cdc_ether
[    1.438020] usbcore: registered new interface driver smsc75xx
[    1.443812] usbcore: registered new interface driver smsc95xx
[    1.449591] usbcore: registered new interface driver net1080
[    1.455297] usbcore: registered new interface driver cdc_subset
[    1.461251] usbcore: registered new interface driver zaurus
[    1.466890] usbcore: registered new interface driver cdc_ncm
[    1.472853] tegra-phy c5004000.usb-phy: no vbus regulator
[    1.479349] tegra-phy c5008000.usb-phy: no vbus regulator
[    1.485977] ehci_hcd: USB 2.0 'Enhanced' Host Controller (EHCI) Driver
[    1.492511] ehci-pci: EHCI PCI platform driver
[    1.496995] ehci-platform: EHCI generic platform driver
[    1.502385] ehci-omap: OMAP-EHCI Host Controller driver
[    1.507719] ehci-orion: EHCI orion driver
[    1.511837] SPEAr-ehci: EHCI SPEAr driver
[    1.515959] ehci-st: EHCI STMicroelectronics driver
[    1.520953] ehci-exynos: EHCI EXYNOS driver
[    1.525266] ehci-atmel: EHCI Atmel driver
[    1.529386] tegra-ehci: Tegra EHCI driver
[    1.554054] ulpi_phy_power_on: ulpi write failed
[    1.558675] tegra-ehci c5004000.usb: Failed to power on the phy
[    1.564603] tegra-ehci: probe of c5004000.usb failed with error -110
[    1.573592] tegra-ehci c5008000.usb: EHCI Host Controller
[    1.579007] tegra-ehci c5008000.usb: new USB bus registered, assigned bus number 1
[    1.586813] tegra-ehci c5008000.usb: irq 290, io mem 0xc5008000
[    1.597865] tegra-ehci c5008000.usb: USB 2.0 started, EHCI 1.00
[    1.604397] hub 1-0:1.0: USB hub found
[    1.608190] hub 1-0:1.0: 1 port detected
[    1.612431] ohci_hcd: USB 1.1 'Open' Host Controller (OHCI) Driver
[    1.618631] ohci-pci: OHCI PCI platform driver
[    1.623126] ohci-platform: OHCI generic platform driver
[    1.628516] ohci-omap3: OHCI OMAP3 driver
[    1.632623] SPEAr-ohci: OHCI SPEAr driver
[    1.636759] ohci-st: OHCI STMicroelectronics driver
[    1.641751] ohci-atmel: OHCI Atmel driver
[    1.646372] usbcore: registered new interface driver usb-storage
[    1.653700] mousedev: PS/2 mouse device common for all mice
[    1.661171] rtc-em3027 2-0056: rtc core: registered rtc-em3027 as rtc0
[    1.668918] tegra_rtc 7000e000.rtc: rtc core: registered 7000e000.rtc as rtc1
[    1.676086] tegra_rtc 7000e000.rtc: Tegra internal Real Time Clock
[    1.682703] i2c /dev entries driver
[    1.694552] sdhci: Secure Digital Host Controller Interface driver
[    1.700742] sdhci: Copyright(c) Pierre Ossman
[    1.706342] Synopsys Designware Multimedia Card Interface Driver
[    1.713248] sdhci-pltfm: SDHCI platform and OF driver helper
[    1.719746] mmc0: Invalid maximum block size, assuming 512 bytes
[    1.752867] mmc0: SDHCI controller on c8000000.sdhci [c8000000.sdhci] using ADMA
[    1.760369] sdhci-tegra c8000600.sdhci: Got CD GPIO
[    1.765261] sdhci-tegra c8000600.sdhci: Got WP GPIO
[    1.770295] mmc1: Invalid maximum block size, assuming 512 bytes
[    1.802950] mmc1: SDHCI controller on c8000600.sdhci [c8000600.sdhci] using ADMA
[    1.811731] ledtrig-cpu: registered to indicate activity on CPUs
[    1.818049] usbcore: registered new interface driver usbhid
[    1.823622] usbhid: USB HID core driver
[    1.831922] NET: Registered protocol family 10
[    1.837149] sit: IPv6 over IPv4 tunneling driver
[    1.842256] NET: Registered protocol family 17
[    1.846718] can: controller area network core (rev 20120528 abi 9)
[    1.852952] NET: Registered protocol family 29
[    1.857389] can: raw protocol (rev 20120528)
[    1.861663] can: broadcast manager protocol (rev 20120528 t)
[    1.867325] can: netlink gateway (rev 20130117) max_hops=1
[    1.873166] Key type dns_resolver registered
[    1.877795] ThumbEE CPU extension supported.
[    1.882087] Registering SWP/SWPB emulation handler
[    1.894883] utmi_phy_clk_enable: timeout waiting for phy to stabilize
[    1.901347] tegra-ehci c5000000.usb: EHCI Host Controller
[    1.906760] tegra-ehci c5000000.usb: new USB bus registered, assigned bus number 2
[    1.914596] tegra-ehci c5000000.usb: irq 288, io mem 0xc5000000
[    1.927880] usb 1-1: new high-speed USB device number 2 using tegra-ehci
[    1.937883] tegra-ehci c5000000.usb: USB 2.0 started, EHCI 1.00
[    1.944517] hub 2-0:1.0: USB hub found
[    1.948351] hub 2-0:1.0: 1 port detected
[    1.953280] input: gpio-keys as /devices/soc0/gpio-keys/input/input0
[    1.960212] rtc-em3027 2-0056: setting system clock to 2014-12-28 13:37:54 UTC (1419773874)
[    1.972515] Waiting for root device PARTUUID=11eb23c1-01...
[    1.981782] mmc0: host does not support reading read-only switch, assuming write-enable
[    1.991594] mmc0: new high speed SDHC card at address b368
[    1.997491] mmcblk0: mmc0:b368 NCard 3.70 GiB 
[    2.004590]  mmcblk0: p1
[    2.010741] mmc1: new high speed SD card at address b368
[    2.016455] mmcblk1: mmc1:b368 NCard 1.83 GiB (ro)
[    2.023644]  mmcblk1: p1 p2
[    2.069011] hub 1-1:1.0: USB hub found
[    2.072830] hub 1-1:1.0: 4 ports detected
[    2.083585] EXT4-fs (mmcblk0p1): mounting ext3 file system using the ext4 subsystem
[    2.362937] usb 1-1.2: new high-speed USB device number 3 using tegra-ehci
[    2.597174] EXT4-fs (mmcblk0p1): recovery complete
[    2.673177] EXT4-fs (mmcblk0p1): mounted filesystem with ordered data mode. Opts: (null)
[    2.681434] VFS: Mounted root (ext3 filesystem) on device 179:1.
[    2.692164] devtmpfs: mounted
[    2.703693] Freeing unused kernel memory: 2048K (c1100000 - c1300000)
bash: cannot set terminal process group (-1): Inappropriate ioctl for device
bash: no job control in this shell
root@(none):/# 