
U-Boot SPL 2016.05-rc2 (Apr 21 2016 - 16:23:00)
Trying to boot from RAM


U-Boot 2016.05-rc2 (Apr 21 2016 - 16:23:00 -0700)

TEGRA124
Model: NVIDIA Jetson TK1
Board: NVIDIA Jetson TK1
DRAM:  2 GiB
MC:   Tegra SD/MMC: 0, Tegra SD/MMC: 1
In:    serial
Out:   serial
Err:   serial
Net:   No ethernet found.
Hit any key to stop autoboot:  2  0 
Tegra124 (Jetson TK1) # 
Tegra124 (Jetson TK1) # pci enum
Tegra124 (Jetson TK1) # setenv bootargs 'ignore_loglevel console=ttyS0,115200n8 rw root=PARTUUID=b1791faa-84e8-4e27-83a1-9fb0a77e8803 rootwait gpt debug noinitrd earlyprintk init=/bin/bash'
Tegra124 (Jetson TK1) # setenv ipaddr 192.168.100.102; setenv serverip 192.168.100.1; setenv tftpserverip 192.168.100.1
Tegra124 (Jetson TK1) # tftpboot 0x82000000 zImage.tegra_defconfig%tegra-fw

Warning: eth_rtl8169 using MAC address from ROM
Using eth_rtl8169 device
TFTP from server 192.168.100.1; our IP address is 192.168.100.102
Filename 'zImage.tegra_defconfig%tegra-fw'.
Load address: 0x82000000
Loading: *#################################################################
	 #################################################################
	 #################################################################
	 #################################################################
	 #################################################################
	 #################################################################
	 #############################################
	 4 MiB/s
done
Bytes transferred = 6383728 (616870 hex)
Tegra124 (Jetson TK1) # tftpboot 0x83000000 tegra124-jetson-tk1.dtb
Using eth_rtl8169 device
TFTP from server 192.168.100.1; our IP address is 192.168.100.102
Filename 'tegra124-jetson-tk1.dtb'.
Load address: 0x83000000
Loading: *#####
	 3.7 MiB/s
done
Bytes transferred = 66544 (103f0 hex)
Tegra124 (Jetson TK1) # bootz 0x82000000 - 0x83000000
Kernel image @ 0x82000000 [ 0x000000 - 0x616870 ]
## Flattened Device Tree blob at 83000000
   Booting using the fdt blob at 0x83000000
   Using Device Tree in place at 83000000, end 830133ef

Starting kernel ...

[    0.000000] Booting Linux on physical CPU 0x0
[    0.000000] Linux version 4.16.0-rc1-230585-g7928b2c (jonathanh@sellafield) (gcc version 4.7.3 20130328 (prerelease) (crosstool-NG linaro-1.13.1-4.7-2013.04-20130415 - Linaro GCC 2013.04)) #1 SMP PREEMPT Sun Feb 11 15:35:30 PST 2018
[    0.000000] CPU: ARMv7 Processor [413fc0f3] revision 3 (ARMv7), cr=10c5387d
[    0.000000] CPU: div instructions available: patching division code
[    0.000000] CPU: PIPT / VIPT nonaliasing data cache, PIPT instruction cache
[    0.000000] OF: fdt: Machine model: NVIDIA Tegra124 Jetson TK1
[    0.000000] debug: ignoring loglevel setting.
[    0.000000] bootconsole [earlycon0] enabled
[    0.000000] Memory policy: Data cache writealloc
[    0.000000] cma: Reserved 64 MiB at 0xfbc00000
[    0.000000] On node 0 totalpages: 524032
[    0.000000]   Normal zone: 1536 pages used for memmap
[    0.000000]   Normal zone: 0 pages reserved
[    0.000000]   Normal zone: 196608 pages, LIFO batch:31
[    0.000000]   HighMem zone: 327424 pages, LIFO batch:31
[    0.000000] random: fast init done
[    0.000000] percpu: Embedded 17 pages/cpu @(ptrval) s39296 r8192 d22144 u69632
[    0.000000] pcpu-alloc: s39296 r8192 d22144 u69632 alloc=17*4096
[    0.000000] pcpu-alloc: [0] 0 [0] 1 [0] 2 [0] 3 
[    0.000000] Built 1 zonelists, mobility grouping on.  Total pages: 522496
[    0.000000] Kernel command line: ignore_loglevel console=ttyS0,115200n8 rw root=PARTUUID=b1791faa-84e8-4e27-83a1-9fb0a77e8803 rootwait gpt debug noinitrd earlyprintk init=/bin/bash
[    0.000000] Dentry cache hash table entries: 131072 (order: 7, 524288 bytes)
[    0.000000] Inode-cache hash table entries: 65536 (order: 6, 262144 bytes)
[    0.000000] Memory: 1997464K/2096128K available (9216K kernel code, 783K rwdata, 2844K rodata, 1024K init, 298K bss, 33128K reserved, 65536K cma-reserved, 1244160K highmem)
[    0.000000] Virtual kernel memory layout:
[    0.000000]     vector  : 0xffff0000 - 0xffff1000   (   4 kB)
[    0.000000]     fixmap  : 0xffc00000 - 0xfff00000   (3072 kB)
[    0.000000]     vmalloc : 0xf0800000 - 0xff800000   ( 240 MB)
[    0.000000]     lowmem  : 0xc0000000 - 0xf0000000   ( 768 MB)
[    0.000000]     pkmap   : 0xbfe00000 - 0xc0000000   (   2 MB)
[    0.000000]     modules : 0xbf000000 - 0xbfe00000   (  14 MB)
[    0.000000]       .text : 0x(ptrval) - 0x(ptrval)   (10208 kB)
[    0.000000]       .init : 0x(ptrval) - 0x(ptrval)   (1024 kB)
[    0.000000]       .data : 0x(ptrval) - 0x(ptrval)   ( 784 kB)
[    0.000000]        .bss : 0x(ptrval) - 0x(ptrval)   ( 299 kB)
[    0.000000] Preemptible hierarchical RCU implementation.
[    0.000000] 	Tasks RCU enabled.
[    0.000000] NR_IRQS: 16, nr_irqs: 16, preallocated irqs: 16
[    0.000000] /interrupt-controller@60004000: 160 interrupts forwarded to /interrupt-controller@50041000
[    0.000000] Tegra clk 127: register failed with -17
[    0.000009] sched_clock: 32 bits at 1000kHz, resolution 1000ns, wraps every 2147483647500ns
[    0.007471] clocksource: timer_us: mask: 0xffffffff max_cycles: 0xffffffff, max_idle_ns: 1911260446275 ns
[    0.016999] Switching to timer-based delay loop, resolution 1000ns
[    0.024172] arch_timer: cp15 timer(s) running at 12.00MHz (virt).
[    0.029223] clocksource: arch_sys_counter: mask: 0xffffffffffffff max_cycles: 0x2c47f4ee7, max_idle_ns: 440795202497 ns
[    0.039970] sched_clock: 56 bits at 12MHz, resolution 83ns, wraps every 4398046511096ns
[    0.047939] Switching to timer-based delay loop, resolution 83ns
[    0.054404] Console: colour dummy device 80x30
[    0.058353] Calibrating delay loop (skipped), value calculated using timer frequency.. 24.00 BogoMIPS (lpj=120000)
[    0.068664] pid_max: default: 32768 minimum: 301
[    0.073740] Mount-cache hash table entries: 2048 (order: 1, 8192 bytes)
[    0.079849] Mountpoint-cache hash table entries: 2048 (order: 1, 8192 bytes)
[    0.087675] CPU: Testing write buffer coherency: ok
[    0.092016] /cpus/cpu@0 missing clock-frequency property
[    0.097024] /cpus/cpu@1 missing clock-frequency property
[    0.102331] /cpus/cpu@2 missing clock-frequency property
[    0.107597] /cpus/cpu@3 missing clock-frequency property
[    0.112868] CPU0: thread -1, cpu 0, socket 0, mpidr 80000000
[    0.152981] Setting up static identity map for 0x80100000 - 0x801000a0
[    0.157735] Hierarchical SRCU implementation.
[    0.173507] Tegra Revision: A01 SKU: 129 CPU Process: 1 SoC Process: 1
[    0.193004] smp: Bringing up secondary CPUs ...
[    0.243631] CPU1: thread -1, cpu 1, socket 0, mpidr 80000001
[    0.323743] CPU2: thread -1, cpu 2, socket 0, mpidr 80000002
[    0.403859] CPU3: thread -1, cpu 3, socket 0, mpidr 80000003
[    0.413433] smp: Brought up 1 node, 4 CPUs
[    0.432537] SMP: Total of 4 processors activated (96.00 BogoMIPS).
[    0.438691] CPU: All CPU(s) started in SVC mode.
[    0.445130] devtmpfs: initialized
[    0.465135] VFP support v0.3: implementor 41 architecture 4 part 30 variant f rev 0
[    0.471240] clocksource: jiffies: mask: 0xffffffff max_cycles: 0xffffffff, max_idle_ns: 19112604462750000 ns
[    0.480692] futex hash table entries: 1024 (order: 4, 65536 bytes)
[    0.488227] pinctrl core: initialized pinctrl subsystem
[    0.493250] NET: Registered protocol family 16
[    0.497924] DMA: preallocated 256 KiB pool for atomic coherent allocations
[    0.504590] cpuidle: using governor menu
[    0.530072] No ATAGs?
[    0.530205] hw-breakpoint: found 5 (+1 reserved) breakpoint and 4 watchpoint registers.
[    0.538565] hw-breakpoint: maximum watchpoint size is 8 bytes.
[    0.546334] iommu: Adding device 50000000.host1x to group 0
[    0.550102] iommu: Adding device 54200000.dc to group 1
[    0.555247] iommu: Adding device 54240000.dc to group 1
[    0.560484] iommu: Adding device 57000000.gpu to group 2
[    0.582831] +5V_SYS: supplied by +VDD_MUX
[    0.585328] +3.3V_SYS: supplied by +VDD_MUX
[    0.589883] +USB0_VBUS_SW: Failed to request enable GPIO108: -517
[    0.595199] reg-fixed-voltage regulators:regulator@7: Failed to register regulator: -517
[    0.603325] +5V_USB_HS: Failed to request enable GPIO109: -517
[    0.609051] reg-fixed-voltage regulators:regulator@8: Failed to register regulator: -517
[    0.617286] +1.05V_RUN_AVDD_HDMI_PLL: Failed to request enable GPIO63: -517
[    0.624082] reg-fixed-voltage regulators:regulator@11: Failed to register regulator: -517
[    0.632273] +5V_HDMI_CON: Failed to request enable GPIO86: -517
[    0.638083] reg-fixed-voltage regulators:regulator@12: Failed to register regulator: -517
[    0.646312] +5V_SATA: Failed to request enable GPIO242: -517
[    0.651864] reg-fixed-voltage regulators:regulator@13: Failed to register regulator: -517
[    0.660092] +12V_SATA: Failed to request enable GPIO242: -517
[    0.665735] reg-fixed-voltage regulators:regulator@14: Failed to register regulator: -517
[    0.675156] vgaarb: loaded
[    0.677324] SCSI subsystem initialized
[    0.680521] libata version 3.00 loaded.
[    0.684410] usbcore: registered new interface driver usbfs
[    0.689631] usbcore: registered new interface driver hub
[    0.694923] usbcore: registered new device driver usb
[    0.703115] Linux video capture interface: v2.00
[    0.705900] pps_core: LinuxPPS API ver. 1 registered
[    0.710783] pps_core: Software ver. 5.3.6 - Copyright 2005-2007 Rodolfo Giometti <giometti@linux.it>
[    0.719901] PTP clock support registered
[    0.725210] Advanced Linux Sound Architecture Driver Initialized.
[    0.730489] Bluetooth: Core ver 2.22
[    0.733435] NET: Registered protocol family 31
[    0.737830] Bluetooth: HCI device and connection manager initialized
[    0.744135] Bluetooth: HCI socket layer initialized
[    0.749012] Bluetooth: L2CAP socket layer initialized
[    0.754042] Bluetooth: SCO socket layer initialized
[    0.759497] clocksource: Switched to clocksource arch_sys_counter
[    0.857678] NET: Registered protocol family 2
[    0.861131] tcp_listen_portaddr_hash hash table entries: 512 (order: 0, 6144 bytes)
[    0.867818] TCP established hash table entries: 8192 (order: 3, 32768 bytes)
[    0.874904] TCP bind hash table entries: 8192 (order: 4, 65536 bytes)
[    0.881386] TCP: Hash tables configured (established 8192 bind 8192)
[    0.887998] UDP hash table entries: 512 (order: 2, 16384 bytes)
[    0.893469] UDP-Lite hash table entries: 512 (order: 2, 16384 bytes)
[    0.900078] NET: Registered protocol family 1
[    0.914864] RPC: Registered named UNIX socket transport module.
[    0.918870] RPC: Registered udp transport module.
[    0.923600] RPC: Registered tcp transport module.
[    0.928230] RPC: Registered tcp NFSv4.1 backchannel transport module.
[    0.935300] PCI: CLS 0 bytes, default 64
[    0.940396] hw perfevents: enabled with armv7_cortex_a15 PMU driver, 7 counters available
[    0.948414] Initialise system trusted keyrings
[    0.951307] workingset: timestamp_bits=30 max_order=19 bucket_order=0
[    0.958881] squashfs: version 4.0 (2009/01/31) Phillip Lougher
[    0.964152] NFS: Registering the id_resolver key type
[    0.968370] Key type id_resolver registered
[    0.972550] Key type id_legacy registered
[    0.981469] Key type asymmetric registered
[    0.983655] Asymmetric key parser 'x509' registered
[    0.988639] bounce: pool size: 64 pages
[    0.992428] io scheduler noop registered (default)
[    0.997090] io scheduler mq-deadline registered
[    1.001619] io scheduler kyber registered
[    1.007402]  usb2-0: usb2-0 supply vbus not found, using dummy regulator
[    1.012578]  usb2-1: usb2-1 supply vbus not found, using dummy regulator
[    1.019337] tegra-xusb-padctl 7009f000.padctl: failed to setup XUSB ports: -517
[    1.035432] tegra-pcie 1003000.pcie: 2x1, 1x1 configuration
[    1.039136] tegra-pcie 1003000.pcie: Failed to get supply 'avddio-pex': -517
[    1.049104] tegra124-dfll 70110000.clock: couldn't get vdd_cpu regulator
[    1.059858] tegra-apbdma 60020000.dma: Tegra20 APB DMA driver register 32 channels
[    1.066813] tegra-pmc 7000e400.pmc: emergency thermal reset enabled
[    1.072430] Serial: 8250/16550 driver, 4 ports, IRQ sharing disabled
[    1.079984] console [ttyS0] disabled
[    1.081694] 70006300.serial: ttyS0 at MMIO 0x70006300 (irq = 335, base_baud = 25500000) is a Tegra
[    1.091020] console [ttyS0] enabled
[    1.091020] console [ttyS0] enabled
[    1.096821] bootconsole [earlycon0] disabled
[    1.096821] bootconsole [earlycon0] disabled
[    1.106212] 70006000.serial: ttyTHS1 at MMIO 0x70006000 (irq = 333, base_baud = 0) is a TEGRA_UART
[    1.117254] 70006040.serial: ttyTHS2 at MMIO 0x70006040 (irq = 334, base_baud = 0) is a TEGRA_UART
[    1.145974] tegra-hdmi 54280000.hdmi: failed to get HDMI regulator
[    1.165820] loop: module loaded
[    1.170418] at24 0-0056: 256 byte 24c02 EEPROM, writable, 8 bytes/write
[    1.177842] as3722 4-0040: AS3722 with revision 0x1 found
[    1.190091] as3722-sd2: supplied by +5V_SYS
[    1.194767] as3722-sd3: supplied by +5V_SYS
[    1.199202] +1.35V_LP0(sd3): Bringing 0uV into 1350000-1350000uV
[    1.205600] as3722-sd4: supplied by +5V_SYS
[    1.210291] as3722-sd5: supplied by +5V_SYS
[    1.216374] as3722-ldo0: supplied by +1.35V_LP0(sd2)
[    1.222572] +1.8V_RUN_CAM: Bringing 0uV into 1800000-1800000uV
[    1.228807] as3722-ldo2: supplied by +1.8V_VDDIO
[    1.234788] as3722-ldo3: supplied by +3.3V_SYS
[    1.239285] +1.05V_LP0_VDD_RTC: Bringing 1100000uV into 1000000-1000000uV
[    1.247108] as3722-ldo4: supplied by +3.3V_SYS
[    1.251812] +2.8V_RUN_CAM: Bringing 0uV into 2800000-2800000uV
[    1.258046] as3722-ldo5: supplied by +1.8V_VDDIO
[    1.262930] +1.2V_RUN_CAM_FRONT: Bringing 0uV into 1200000-1200000uV
[    1.269925] +VDDIO_SDMMC3: bypassed regulator has no supply!
[    1.275578] +VDDIO_SDMMC3: failed to get the current voltage(-517)
[    1.281781] as3722-regulator as3722-regulator: regulator 13 register failed -517
[    1.293124] tegra-ahci 70027000.sata: couldn't get PHY in node sata: -517
[    1.311486] m25p80 spi1.0: w25q32dw (4096 Kbytes)
[    1.328365] libphy: Fixed MDIO Bus: probed
[    1.332488] CAN device driver interface
[    1.336372] igb: Intel(R) Gigabit Ethernet Network Driver - version 5.4.0-k
[    1.343383] igb: Copyright (c) 2007-2014 Intel Corporation.
[    1.349086] pegasus: v0.9.3 (2013/04/25), Pegasus/Pegasus II USB Ethernet driver
[    1.356561] usbcore: registered new interface driver pegasus
[    1.362508] usbcore: registered new interface driver asix
[    1.367960] usbcore: registered new interface driver ax88179_178a
[    1.374126] usbcore: registered new interface driver cdc_ether
[    1.380053] usbcore: registered new interface driver smsc75xx
[    1.385856] usbcore: registered new interface driver smsc95xx
[    1.391680] usbcore: registered new interface driver net1080
[    1.397383] usbcore: registered new interface driver cdc_subset
[    1.403372] usbcore: registered new interface driver zaurus
[    1.409007] usbcore: registered new interface driver cdc_ncm
[    1.414925] tegra-phy 7d000000.usb-phy: no vbus regulator
[    1.420580] tegra-phy 7d004000.usb-phy: no vbus regulator
[    1.426279] ehci_hcd: USB 2.0 'Enhanced' Host Controller (EHCI) Driver
[    1.432825] ehci-pci: EHCI PCI platform driver
[    1.437327] tegra-ehci: Tegra EHCI driver
[    1.444199] tegra-ehci 7d004000.usb: EHCI Host Controller
[    1.449640] tegra-ehci 7d004000.usb: new USB bus registered, assigned bus number 1
[    1.457438] tegra-ehci 7d004000.usb: irq 356, io mem 0x7d004000
[    1.489527] tegra-ehci 7d004000.usb: USB 2.0 started, EHCI 1.10
[    1.496344] hub 1-0:1.0: USB hub found
[    1.500162] hub 1-0:1.0: 1 port detected
[    1.505338] usbcore: registered new interface driver cdc_acm
[    1.511012] cdc_acm: USB Abstract Control Model driver for USB modems and ISDN adapters
[    1.519066] usbcore: registered new interface driver cdc_wdm
[    1.524824] usbcore: registered new interface driver usb-storage
[    1.539074] as3722-rtc as3722-rtc: rtc core: registered as3722-rtc as rtc0
[    1.545969] as3722-rtc as3722-rtc: RTC interrupt 379
[    1.553774] tegra_rtc 7000e000.rtc: rtc core: registered 7000e000.rtc as rtc1
[    1.560982] tegra_rtc 7000e000.rtc: Tegra internal Real Time Clock
[    1.567492] i2c /dev entries driver
[    1.572283] usbcore: registered new interface driver uvcvideo
[    1.578021] USB Video Class driver (1.1.1)
[    1.582137] gspca_main: v2.14.0 registered
[    1.586855] lm90 0-004c: 0-004c supply vcc not found, using dummy regulator
[    1.597184] tegra-wdt 60005000.timer: initialized (heartbeat = 120 sec, nowayout = 0)
[    1.606085] sdhci: Secure Digital Host Controller Interface driver
[    1.612410] sdhci: Copyright(c) Pierre Ossman
[    1.616763] sdhci-pltfm: SDHCI platform and OF driver helper
[    1.622757] sdhci-tegra 700b0400.sdhci: Got CD GPIO
[    1.627650] sdhci-tegra 700b0400.sdhci: Got WP GPIO
[    1.648945] mmc0: Unknown controller version (3). You may experience problems.
[    1.656227] mmc0: Invalid maximum block size, assuming 512 bytes
[    1.693366] mmc0: SDHCI controller on 700b0600.sdhci [700b0600.sdhci] using ADMA
[    1.701759] usbcore: registered new interface driver usbhid
[    1.707366] usbhid: USB HID core driver
[    1.751321] mmc0: new high speed MMC card at address 0001
[    1.762023] mmcblk0: mmc0:0001 SEM16G 14.7 GiB 
[    1.771680] mmcblk0boot0: mmc0:0001 SEM16G partition 1 4.00 MiB
[    1.782756] mmcblk0boot1: mmc0:0001 SEM16G partition 2 4.00 MiB
[    1.788903] mmcblk0rpmb: mmc0:0001 SEM16G partition 3 4.00 MiB, chardev (247:0)
[    1.798037]  mmcblk0: p1
[    2.150846] tegra30-i2s 70301100.i2s: DMA channels sourced from device 70300000.ahub
[    2.171188] tegra-snd-rt5640 sound: rt5640-aif1 <-> 70301100.i2s mapping ok
[    2.182141] input: NVIDIA Tegra Jetson TK1 Headphones as /devices/soc0/sound/sound/card1/input0
[    2.193311] NET: Registered protocol family 10
[    2.199143] Segment Routing with IPv6
[    2.203063] mip6: Mobile IPv6
[    2.206030] sit: IPv6, IPv4 and MPLS over IPv4 tunneling driver
[    2.213471] NET: Registered protocol family 17
[    2.217929] NET: Registered protocol family 15
[    2.222394] can: controller area network core (rev 20170425 abi 9)
[    2.228779] NET: Registered protocol family 29
[    2.233282] can: raw protocol (rev 20170425)
[    2.237561] can: broadcast manager protocol (rev 20170425 t)
[    2.243244] can: netlink gateway (rev 20170425) max_hops=1
[    2.248912] Bluetooth: RFCOMM socket layer initialized
[    2.254093] Bluetooth: RFCOMM ver 1.11
[    2.257849] Bluetooth: BNEP (Ethernet Emulation) ver 1.3
[    2.263217] Bluetooth: BNEP socket layer initialized
[    2.268187] Bluetooth: HIDP (Human Interface Emulation) ver 1.2
[    2.274125] Bluetooth: HIDP socket layer initialized
[    2.279290] Key type dns_resolver registered
[    2.284081] Registering SWP/SWPB emulation handler
[    2.289718] Loading compiled-in X.509 certificates
[    2.314386] +3.3V_RUN: supplied by +3.3V_SYS
[    2.319432] +USB0_VBUS_SW: supplied by +5V_SYS
[    2.324421] +3.3V_AVDD_HDMI_AP_GATED: supplied by +3.3V_RUN
[    2.330417] +5V_USB_HS: supplied by +5V_SYS
[    2.335482] +3.3V_LP0: supplied by +3.3V_SYS
[    2.340974] +5V_HDMI_CON: supplied by +5V_SYS
[    2.345763] +5V_SATA: supplied by +5V_SYS
[    2.350324] +12V_SATA: supplied by +VDD_MUX
[    2.355894]  usb2-0: usb2-0 supply vbus not found, using dummy regulator
[    2.362822]  usb2-1: usb2-1 supply vbus not found, using dummy regulator
[    2.369898]  usb3-0: usb3-0 supply vbus not found, using dummy regulator
[    2.377386] tegra-pcie 1003000.pcie: 2x1, 1x1 configuration
[    2.383083] tegra-pcie 1003000.pcie: Failed to get supply 'avddio-pex': -517
[    2.392227] tegra124-dfll 70110000.clock: couldn't get vdd_cpu regulator
[    2.401231] tegra-hdmi 54280000.hdmi: failed to get PLL regulator
[    2.409723] as3722-sd2: supplied by +5V_SYS
[    2.414208] as3722-sd3: supplied by +5V_SYS
[    2.418686] as3722-sd4: supplied by +5V_SYS
[    2.423386] as3722-sd5: supplied by +5V_SYS
[    2.429305] as3722-ldo0: supplied by +1.35V_LP0(sd2)
[    2.434971] as3722-ldo1: supplied by +3.3V_RUN
[    2.439771] as3722-ldo2: supplied by +1.8V_VDDIO
[    2.445441] as3722-ldo3: supplied by +3.3V_SYS
[    2.451202] as3722-ldo4: supplied by +3.3V_SYS
[    2.455942] as3722-ldo5: supplied by +1.8V_VDDIO
[    2.461031] as3722-ldo6: supplied by +3.3V_RUN
[    2.465776] as3722-ldo7: supplied by +1.8V_VDDIO
[    2.471151] +1.05V_RUN_CAM_REAR: Bringing 0uV into 1050000-1050000uV
[    2.477992] as3722-ldo9: supplied by +5V_SYS
[    2.483934] input: tegra-hda HDMI/DP,pcm=3 as /devices/soc0/70030000.hda/sound/card0/input1
[    2.493040] +3.3V_RUN_TOUCH: Bringing 0uV into 2800000-2800000uV
[    2.499627] as3722-ldo10: supplied by +5V_SYS
[    2.504737] +2.8V_RUN_CAM_AF: Bringing 0uV into 2800000-2800000uV
[    2.511591] as3722-ldo11: supplied by +3.3V_RUN
[    2.516875] +1.8V_RUN_VPP_FUSE: Bringing 0uV into 1800000-1800000uV
[    2.525903] tegra-ahci 70027000.sata: AHCI 0001.0301 32 slots 2 ports 3 Gbps 0x1 impl platform mode
[    2.534966] tegra-ahci 70027000.sata: flags: 64bit ncq sntf pm led pio slum part sadm sds apst 
[    2.545105] scsi host0: tegra-ahci
[    2.549816] scsi host1: tegra-ahci
[    2.553517] ata1: SATA max UDMA/133 mmio [mem 0x70027000-0x70028fff] port 0x100 irq 345
[    2.561564] ata2: DUMMY
[    2.565421] tegra-ehci 7d008000.usb: EHCI Host Controller
[    2.570879] tegra-ehci 7d008000.usb: new USB bus registered, assigned bus number 2
[    2.578700] tegra-ehci 7d008000.usb: irq 357, io mem 0x7d008000
[    2.609624] tegra-ehci 7d008000.usb: USB 2.0 started, EHCI 1.10
[    2.616752] hub 2-0:1.0: USB hub found
[    2.620633] hub 2-0:1.0: 1 port detected
[    2.700296] tegra-xusb 70090000.usb: Firmware timestamp: 2014-09-16 02:10:07 UTC
[    2.707721] tegra-xusb 70090000.usb: xHCI Host Controller
[    2.713170] tegra-xusb 70090000.usb: new USB bus registered, assigned bus number 3
[    2.723394] tegra-xusb 70090000.usb: hcc params 0x0184f525 hci version 0x100 quirks 0x00010010
[    2.732079] tegra-xusb 70090000.usb: irq 347, io mem 0x70090000
[    2.739461] hub 3-0:1.0: USB hub found
[    2.743341] hub 3-0:1.0: 6 ports detected
[    2.748233] tegra-xusb 70090000.usb: xHCI Host Controller
[    2.753688] tegra-xusb 70090000.usb: new USB bus registered, assigned bus number 4
[    2.761486] usb usb4: We don't know the algorithms for LPM for this host, disabling LPM.
[    2.770825] hub 4-0:1.0: USB hub found
[    2.774622] hub 4-0:1.0: 2 ports detected
[    2.780794] sdhci-tegra 700b0400.sdhci: Got CD GPIO
[    2.785726] sdhci-tegra 700b0400.sdhci: Got WP GPIO
[    2.799094] mmc1: Unknown controller version (3). You may experience problems.
[    2.806454] mmc1: Invalid maximum block size, assuming 512 bytes
[    2.842825] mmc1: SDHCI controller on 700b0400.sdhci [700b0400.sdhci] using ADMA
[    2.850597] tegra-pcie 1003000.pcie: 2x1, 1x1 configuration
[    2.858369] tegra-pcie 1003000.pcie: probing port 0, using 2 lanes
[    2.866379] tegra-pcie 1003000.pcie: Slot present pin change, signature: 00000008
[    2.891226] tegra-pcie 1003000.pcie: probing port 1, using 1 lanes
[    2.894564] ata1: SATA link down (SStatus 0 SControl 300)
[    2.899548] tegra-pcie 1003000.pcie: Slot present pin change, signature: 00000000
[    2.914775] tegra-pcie 1003000.pcie: PCI host bridge to bus 0000:00
[    2.921084] pci_bus 0000:00: root bus resource [io  0x0000-0xffff]
[    2.927315] pci_bus 0000:00: root bus resource [mem 0x13000000-0x1fffffff]
[    2.934264] pci_bus 0000:00: root bus resource [mem 0x20000000-0x3fffffff pref]
[    2.941628] pci_bus 0000:00: root bus resource [bus 00-ff]
[    2.947158] pci 0000:00:01.0: [10de:0e12] type 01 class 0x060400
[    2.953227] pci_bus 0000:00: 2-byte config write to 0000:00:01.0 offset 0x4 may corrupt adjacent RW1C bits
[    2.962945] pci_bus 0000:00: 2-byte config write to 0000:00:01.0 offset 0x4 may corrupt adjacent RW1C bits
[    2.972674] pci 0000:00:01.0: enabling Extended Tags
[    2.977637] pci_bus 0000:00: 2-byte config write to 0000:00:01.0 offset 0x88 may corrupt adjacent RW1C bits
[    2.987447] pci_bus 0000:00: 2-byte config write to 0000:00:01.0 offset 0x52 may corrupt adjacent RW1C bits
[    2.997284] pci 0000:00:01.0: PME# supported from D0 D1 D2 D3hot D3cold
[    3.003957] pci_bus 0000:00: 2-byte config write to 0000:00:01.0 offset 0x4c may corrupt adjacent RW1C bits
[    3.013968] pci 0000:00:02.0: [10de:0e13] type 01 class 0x060400
[    3.020045] pci_bus 0000:00: 2-byte config write to 0000:00:02.0 offset 0x4 may corrupt adjacent RW1C bits
[    3.029834] pci_bus 0000:00: 2-byte config write to 0000:00:02.0 offset 0x4 may corrupt adjacent RW1C bits
[    3.039582] pci 0000:00:02.0: enabling Extended Tags
[    3.044547] pci_bus 0000:00: 2-byte config write to 0000:00:02.0 offset 0x88 may corrupt adjacent RW1C bits
[    3.054359] pci_bus 0000:00: 2-byte config write to 0000:00:02.0 offset 0x52 may corrupt adjacent RW1C bits
[    3.064210] pci 0000:00:02.0: PME# supported from D0 D1 D2 D3hot D3cold
[    3.070884] pci_bus 0000:00: 2-byte config write to 0000:00:02.0 offset 0x4c may corrupt adjacent RW1C bits
[    3.080934] PCI: bus0: Fast back to back transfers disabled
[    3.086549] pci 0000:00:01.0: bridge configuration invalid ([bus 00-00]), reconfiguring
[    3.094639] pci 0000:00:02.0: bridge configuration invalid ([bus 00-00]), reconfiguring
[    3.102927] pci 0000:01:00.0: [8086:4232] type 00 class 0x028000
[    3.109079] pci 0000:01:00.0: reg 0x10: [mem 0x00000000-0x00001fff 64bit]
[    3.116161] pci 0000:01:00.0: PME# supported from D0 D3hot D3cold
[    3.133208] mmc1: new high speed SDHC card at address aaaa
[    3.144018] mmcblk1: mmc1:aaaa SD04G 3.69 GiB 
[    3.149616] PCI: bus1: Fast back to back transfers disabled
[    3.155288] pci_bus 0000:01: busn_res: [bus 01-ff] end is updated to 01
[    3.162199] pci 0000:02:00.0: [10ec:8168] type 00 class 0x020000
[    3.168263] pci 0000:02:00.0: reg 0x10: [io  0x0000-0x00ff]
[    3.174182] pci 0000:02:00.0: reg 0x18: [mem 0x00000000-0x00000fff 64bit]
[    3.181174] pci 0000:02:00.0: reg 0x20: [mem 0x00000000-0x00003fff 64bit pref]
[    3.188705] pci 0000:02:00.0: supports D1 D2
[    3.193147] pci 0000:02:00.0: PME# supported from D0 D1 D2 D3hot D3cold
[    3.205198]  mmcblk1: p1 p2 p3
[    3.229695] PCI: bus2: Fast back to back transfers disabled
[    3.235286] pci_bus 0000:02: busn_res: [bus 02-ff] end is updated to 02
[    3.242011] pci 0000:00:01.0: BAR 8: assigned [mem 0x13000000-0x130fffff]
[    3.248795] pci 0000:00:02.0: BAR 8: assigned [mem 0x13100000-0x131fffff]
[    3.255648] pci 0000:00:02.0: BAR 9: assigned [mem 0x20000000-0x200fffff 64bit pref]
[    3.263459] pci 0000:00:02.0: BAR 7: assigned [io  0x1000-0x1fff]
[    3.269582] pci 0000:01:00.0: BAR 0: assigned [mem 0x13000000-0x13001fff 64bit]
[    3.276927] pci 0000:00:01.0: PCI bridge to [bus 01]
[    3.281947] pci 0000:00:01.0:   bridge window [mem 0x13000000-0x130fffff]
[    3.288748] pci 0000:02:00.0: BAR 4: assigned [mem 0x20000000-0x20003fff 64bit pref]
[    3.296521] pci 0000:02:00.0: BAR 2: assigned [mem 0x13100000-0x13100fff 64bit]
[    3.303859] pci 0000:02:00.0: BAR 0: assigned [io  0x1000-0x10ff]
[    3.309972] pci 0000:00:02.0: PCI bridge to [bus 02]
[    3.314934] pci 0000:00:02.0:   bridge window [io  0x1000-0x1fff]
[    3.321044] pci 0000:00:02.0:   bridge window [mem 0x13100000-0x131fffff]
[    3.327825] pci 0000:00:02.0:   bridge window [mem 0x20000000-0x200fffff 64bit pref]
[    3.335610] pci 0000:00:01.0: nv_msi_ht_cap_quirk didn't locate host bridge
[    3.342726] pcieport 0000:00:01.0: enabling device (0140 -> 0142)
[    3.349129] pcieport 0000:00:01.0: Signaling PME with IRQ 395
[    3.355075] pci 0000:00:02.0: nv_msi_ht_cap_quirk didn't locate host bridge
[    3.362155] pcieport 0000:00:02.0: enabling device (0140 -> 0143)
[    3.368506] pcieport 0000:00:02.0: Signaling PME with IRQ 396
[    3.374659] r8169 Gigabit Ethernet driver 2.3LK-NAPI loaded
[    3.380298] r8169 0000:02:00.0: enabling device (0140 -> 0143)
[    3.411446] r8169 0000:02:00.0 eth0: RTL8168g/8111g at 0xc81bec2b, 00:04:4b:3a:d9:81, XID 0c000800 IRQ 397
[    3.421123] r8169 0000:02:00.0 eth0: jumbo features [frames: 9200 bytes, tx checksumming: ko]
[    3.433320] +1.05V_RUN_AVDD_HDMI_PLL: supplied by +1.05V_RUN
[    3.442604] [drm] Supports vblank timestamp caching Rev 2 (21.10.2013).
[    3.449231] [drm] No driver support for vblank timestamp query.
[    3.583137] tegra-hdmi 54280000.hdmi: cannot set audio to 48000 Hz at 297000000 Hz pixel clock
[    3.745992] Console: switching to colour frame buffer device 512x135
[    3.842081] drm drm: fb0:  frame buffer device
[    3.846696] [drm] Initialized tegra 0.0.0 20120330 for drm on minor 0
[    3.854221] cpufreq: cpufreq_online: CPU0: Running at unlisted freq: 696000 KHz
[    3.861567] cpufreq: cpufreq_online: CPU0: Unlisted initial frequency changed to: 714000 KHz
[    3.870604] input: gpio-keys as /devices/soc0/gpio-keys/input/input2
[    3.877852] as3722-rtc as3722-rtc: setting system clock to 2000-01-01 00:02:08 UTC (946684928)
[    3.886689] cfg80211: Loading compiled-in X.509 certificates for regulatory database
[    3.895989] cfg80211: Loaded X.509 cert 'sforshee: 00b28ddf47aef9cea7'
[    3.902649] platform regulatory.0: Direct firmware load for regulatory.db failed with error -2
[    3.911527] +USB0_VBUS_SW: disabling
[    3.915104] +1.8V_RUN_CAM: disabling
[    3.918715] cfg80211: failed to load regulatory.db
[    3.923595] +2.8V_RUN_CAM: disabling
[    3.927273] +1.2V_RUN_CAM_FRONT: disabling
[    3.931527] +1.05V_RUN_CAM_REAR: disabling
[    3.935718] +3.3V_RUN_TOUCH: disabling
[    3.939570] +2.8V_RUN_CAM_AF: disabling
[    3.943538] +1.8V_RUN_VPP_FUSE: disabling
[    3.947644] ALSA device list:
[    3.950659]   #0: tegra-hda at 0x70038000 irq 346
[    3.955350]   #1: NVIDIA Tegra Jetson TK1
[    3.960183] EXT4-fs (mmcblk0p1): mounting ext3 file system using the ext4 subsystem
[    4.011064] EXT4-fs (mmcblk0p1): recovery complete
[    4.016752] EXT4-fs (mmcblk0p1): mounted filesystem with ordered data mode. Opts: (null)
[    4.024953] VFS: Mounted root (ext3 filesystem) on device 179:1.
[    4.035983] devtmpfs: mounted
[    4.039338] Freeing unused kernel memory: 1024K
bash: cannot set terminal process group (-1): Inappropriate ioctl for device
bash: no job control in this shell
root@(none):/# 