
U-Boot SPL 2016.05-rc2 (Apr 21 2016 - 16:23:00)
Trying to boot from RAM


U-Boot 2016.05-rc2 (Apr 21 2016 - 16:23:00 -0700)

TEGRA124
Model: NVIDIA Jetson TK1
Board: NVIDIA Jetson TK1
DRAM:  2 GiB
MC:   Tegra SD/MMC: 0, Tegra SD/MMC: 1
In:    serial
Out:   serial
Err:   serial
Net:   No ethernet found.
Hit any key to stop autoboot:  2  0 
Tegra124 (Jetson TK1) # 
Tegra124 (Jetson TK1) # pci enum
Tegra124 (Jetson TK1) # setenv bootargs 'ignore_loglevel console=ttyS0,115200n8 rw root=PARTUUID=b1791faa-84e8-4e27-83a1-9fb0a77e8803 rootwait gpt debug noinitrd earlyprintk init=/bin/bash'
Tegra124 (Jetson TK1) # setenv ipaddr 192.168.100.102; setenv serverip 192.168.100.1; setenv tftpserverip 192.168.100.1
Tegra124 (Jetson TK1) # tftpboot 0x82000000 zImage.tegra_defconfig

Warning: eth_rtl8169 using MAC address from ROM
Using eth_rtl8169 device
TFTP from server 192.168.100.1; our IP address is 192.168.100.102
Filename 'zImage.tegra_defconfig'.
Load address: 0x82000000
Loading: *#################################################################
	 #################################################################
	 #################################################################
	 #################################################################
	 #################################################################
	 #################################################################
	 ##################################
	 4 MiB/s
done
Bytes transferred = 6216816 (5edc70 hex)
Tegra124 (Jetson TK1) # tftpboot 0x83000000 tegra124-jetson-tk1.dtb
Using eth_rtl8169 device
TFTP from server 192.168.100.1; our IP address is 192.168.100.102
Filename 'tegra124-jetson-tk1.dtb'.
Load address: 0x83000000
Loading: *#####
	 4 MiB/s
done
Bytes transferred = 66544 (103f0 hex)
Tegra124 (Jetson TK1) # bootz 0x82000000 - 0x83000000
Kernel image @ 0x82000000 [ 0x000000 - 0x5edc70 ]
## Flattened Device Tree blob at 83000000
   Booting using the fdt blob at 0x83000000
   Using Device Tree in place at 83000000, end 830133ef

Starting kernel ...

[    0.000000] Booting Linux on physical CPU 0x0
[    0.000000] Linux version 4.16.0-rc1-28877-g7928b2c (jonathanh@kaivo) (gcc version 4.7.3 20130328 (prerelease) (crosstool-NG linaro-1.13.1-4.7-2013.04-20130415 - Linaro GCC 2013.04)) #1 SMP PREEMPT Sun Feb 11 15:34:51 PST 2018
[    0.000000] CPU: ARMv7 Processor [413fc0f3] revision 3 (ARMv7), cr=10c5387d
[    0.000000] CPU: div instructions available: patching division code
[    0.000000] CPU: PIPT / VIPT nonaliasing data cache, PIPT instruction cache
[    0.000000] OF: fdt: Machine model: NVIDIA Tegra124 Jetson TK1
[    0.000000] debug: ignoring loglevel setting.
[    0.000000] bootconsole [earlycon0] enabled
[    0.000000] Memory policy: Data cache writealloc
[    0.000000] cma: Reserved 64 MiB at 0xfbc00000
[    0.000000] On node 0 totalpages: 524032
[    0.000000]   Normal zone: 1536 pages used for memmap
[    0.000000]   Normal zone: 0 pages reserved
[    0.000000]   Normal zone: 196608 pages, LIFO batch:31
[    0.000000]   HighMem zone: 327424 pages, LIFO batch:31
[    0.000000] random: fast init done
[    0.000000] percpu: Embedded 17 pages/cpu @(ptrval) s39296 r8192 d22144 u69632
[    0.000000] pcpu-alloc: s39296 r8192 d22144 u69632 alloc=17*4096
[    0.000000] pcpu-alloc: [0] 0 [0] 1 [0] 2 [0] 3 
[    0.000000] Built 1 zonelists, mobility grouping on.  Total pages: 522496
[    0.000000] Kernel command line: ignore_loglevel console=ttyS0,115200n8 rw root=PARTUUID=b1791faa-84e8-4e27-83a1-9fb0a77e8803 rootwait gpt debug noinitrd earlyprintk init=/bin/bash
[    0.000000] Dentry cache hash table entries: 131072 (order: 7, 524288 bytes)
[    0.000000] Inode-cache hash table entries: 65536 (order: 6, 262144 bytes)
[    0.000000] Memory: 1998488K/2096128K available (9216K kernel code, 783K rwdata, 2584K rodata, 1024K init, 298K bss, 32104K reserved, 65536K cma-reserved, 1244160K highmem)
[    0.000000] Virtual kernel memory layout:
[    0.000000]     vector  : 0xffff0000 - 0xffff1000   (   4 kB)
[    0.000000]     fixmap  : 0xffc00000 - 0xfff00000   (3072 kB)
[    0.000000]     vmalloc : 0xf0800000 - 0xff800000   ( 240 MB)
[    0.000000]     lowmem  : 0xc0000000 - 0xf0000000   ( 768 MB)
[    0.000000]     pkmap   : 0xbfe00000 - 0xc0000000   (   2 MB)
[    0.000000]     modules : 0xbf000000 - 0xbfe00000   (  14 MB)
[    0.000000]       .text : 0x(ptrval) - 0x(ptrval)   (10208 kB)
[    0.000000]       .init : 0x(ptrval) - 0x(ptrval)   (1024 kB)
[    0.000000]       .data : 0x(ptrval) - 0x(ptrval)   ( 784 kB)
[    0.000000]        .bss : 0x(ptrval) - 0x(ptrval)   ( 299 kB)
[    0.000000] Preemptible hierarchical RCU implementation.
[    0.000000] 	Tasks RCU enabled.
[    0.000000] NR_IRQS: 16, nr_irqs: 16, preallocated irqs: 16
[    0.000000] /interrupt-controller@60004000: 160 interrupts forwarded to /interrupt-controller@50041000
[    0.000000] Tegra clk 127: register failed with -17
[    0.000009] sched_clock: 32 bits at 1000kHz, resolution 1000ns, wraps every 2147483647500ns
[    0.007464] clocksource: timer_us: mask: 0xffffffff max_cycles: 0xffffffff, max_idle_ns: 1911260446275 ns
[    0.016993] Switching to timer-based delay loop, resolution 1000ns
[    0.024168] arch_timer: cp15 timer(s) running at 12.00MHz (virt).
[    0.029216] clocksource: arch_sys_counter: mask: 0xffffffffffffff max_cycles: 0x2c47f4ee7, max_idle_ns: 440795202497 ns
[    0.039964] sched_clock: 56 bits at 12MHz, resolution 83ns, wraps every 4398046511096ns
[    0.047932] Switching to timer-based delay loop, resolution 83ns
[    0.054398] Console: colour dummy device 80x30
[    0.058347] Calibrating delay loop (skipped), value calculated using timer frequency.. 24.00 BogoMIPS (lpj=120000)
[    0.068659] pid_max: default: 32768 minimum: 301
[    0.073733] Mount-cache hash table entries: 2048 (order: 1, 8192 bytes)
[    0.079843] Mountpoint-cache hash table entries: 2048 (order: 1, 8192 bytes)
[    0.087668] CPU: Testing write buffer coherency: ok
[    0.092009] /cpus/cpu@0 missing clock-frequency property
[    0.097016] /cpus/cpu@1 missing clock-frequency property
[    0.102325] /cpus/cpu@2 missing clock-frequency property
[    0.107590] /cpus/cpu@3 missing clock-frequency property
[    0.112861] CPU0: thread -1, cpu 0, socket 0, mpidr 80000000
[    0.152975] Setting up static identity map for 0x80100000 - 0x801000a0
[    0.157730] Hierarchical SRCU implementation.
[    0.173499] Tegra Revision: A01 SKU: 129 CPU Process: 1 SoC Process: 1
[    0.192997] smp: Bringing up secondary CPUs ...
[    0.243627] CPU1: thread -1, cpu 1, socket 0, mpidr 80000001
[    0.323738] CPU2: thread -1, cpu 2, socket 0, mpidr 80000002
[    0.403856] CPU3: thread -1, cpu 3, socket 0, mpidr 80000003
[    0.413429] smp: Brought up 1 node, 4 CPUs
[    0.432533] SMP: Total of 4 processors activated (96.00 BogoMIPS).
[    0.438686] CPU: All CPU(s) started in SVC mode.
[    0.445129] devtmpfs: initialized
[    0.465169] VFP support v0.3: implementor 41 architecture 4 part 30 variant f rev 0
[    0.471275] clocksource: jiffies: mask: 0xffffffff max_cycles: 0xffffffff, max_idle_ns: 19112604462750000 ns
[    0.480725] futex hash table entries: 1024 (order: 4, 65536 bytes)
[    0.488260] pinctrl core: initialized pinctrl subsystem
[    0.493272] NET: Registered protocol family 16
[    0.497974] DMA: preallocated 256 KiB pool for atomic coherent allocations
[    0.504625] cpuidle: using governor menu
[    0.530112] No ATAGs?
[    0.530245] hw-breakpoint: found 5 (+1 reserved) breakpoint and 4 watchpoint registers.
[    0.538606] hw-breakpoint: maximum watchpoint size is 8 bytes.
[    0.546372] iommu: Adding device 50000000.host1x to group 0
[    0.550140] iommu: Adding device 54200000.dc to group 1
[    0.555284] iommu: Adding device 54240000.dc to group 1
[    0.560524] iommu: Adding device 57000000.gpu to group 2
[    0.582873] +5V_SYS: supplied by +VDD_MUX
[    0.585374] +3.3V_SYS: supplied by +VDD_MUX
[    0.589929] +USB0_VBUS_SW: Failed to request enable GPIO108: -517
[    0.595242] reg-fixed-voltage regulators:regulator@7: Failed to register regulator: -517
[    0.603367] +5V_USB_HS: Failed to request enable GPIO109: -517
[    0.609094] reg-fixed-voltage regulators:regulator@8: Failed to register regulator: -517
[    0.617328] +1.05V_RUN_AVDD_HDMI_PLL: Failed to request enable GPIO63: -517
[    0.624125] reg-fixed-voltage regulators:regulator@11: Failed to register regulator: -517
[    0.632316] +5V_HDMI_CON: Failed to request enable GPIO86: -517
[    0.638126] reg-fixed-voltage regulators:regulator@12: Failed to register regulator: -517
[    0.646355] +5V_SATA: Failed to request enable GPIO242: -517
[    0.651905] reg-fixed-voltage regulators:regulator@13: Failed to register regulator: -517
[    0.660134] +12V_SATA: Failed to request enable GPIO242: -517
[    0.665777] reg-fixed-voltage regulators:regulator@14: Failed to register regulator: -517
[    0.675203] vgaarb: loaded
[    0.677371] SCSI subsystem initialized
[    0.680565] libata version 3.00 loaded.
[    0.684453] usbcore: registered new interface driver usbfs
[    0.689673] usbcore: registered new interface driver hub
[    0.694967] usbcore: registered new device driver usb
[    0.703151] Linux video capture interface: v2.00
[    0.705934] pps_core: LinuxPPS API ver. 1 registered
[    0.710820] pps_core: Software ver. 5.3.6 - Copyright 2005-2007 Rodolfo Giometti <giometti@linux.it>
[    0.719936] PTP clock support registered
[    0.725246] Advanced Linux Sound Architecture Driver Initialized.
[    0.730525] Bluetooth: Core ver 2.22
[    0.733470] NET: Registered protocol family 31
[    0.737865] Bluetooth: HCI device and connection manager initialized
[    0.744171] Bluetooth: HCI socket layer initialized
[    0.749047] Bluetooth: L2CAP socket layer initialized
[    0.754078] Bluetooth: SCO socket layer initialized
[    0.759539] clocksource: Switched to clocksource arch_sys_counter
[    0.857655] NET: Registered protocol family 2
[    0.861108] tcp_listen_portaddr_hash hash table entries: 512 (order: 0, 6144 bytes)
[    0.867794] TCP established hash table entries: 8192 (order: 3, 32768 bytes)
[    0.874879] TCP bind hash table entries: 8192 (order: 4, 65536 bytes)
[    0.881364] TCP: Hash tables configured (established 8192 bind 8192)
[    0.887980] UDP hash table entries: 512 (order: 2, 16384 bytes)
[    0.893447] UDP-Lite hash table entries: 512 (order: 2, 16384 bytes)
[    0.900053] NET: Registered protocol family 1
[    0.914851] RPC: Registered named UNIX socket transport module.
[    0.918856] RPC: Registered udp transport module.
[    0.923587] RPC: Registered tcp transport module.
[    0.928216] RPC: Registered tcp NFSv4.1 backchannel transport module.
[    0.935282] PCI: CLS 0 bytes, default 64
[    0.940367] hw perfevents: enabled with armv7_cortex_a15 PMU driver, 7 counters available
[    0.948409] Initialise system trusted keyrings
[    0.951294] workingset: timestamp_bits=30 max_order=19 bucket_order=0
[    0.958862] squashfs: version 4.0 (2009/01/31) Phillip Lougher
[    0.964141] NFS: Registering the id_resolver key type
[    0.968360] Key type id_resolver registered
[    0.972536] Key type id_legacy registered
[    0.981416] Key type asymmetric registered
[    0.983602] Asymmetric key parser 'x509' registered
[    0.988587] bounce: pool size: 64 pages
[    0.992378] io scheduler noop registered (default)
[    0.997037] io scheduler mq-deadline registered
[    1.001566] io scheduler kyber registered
[    1.007345]  usb2-0: usb2-0 supply vbus not found, using dummy regulator
[    1.012526]  usb2-1: usb2-1 supply vbus not found, using dummy regulator
[    1.019284] tegra-xusb-padctl 7009f000.padctl: failed to setup XUSB ports: -517
[    1.035390] tegra-pcie 1003000.pcie: 2x1, 1x1 configuration
[    1.039093] tegra-pcie 1003000.pcie: Failed to get supply 'avddio-pex': -517
[    1.049067] tegra124-dfll 70110000.clock: couldn't get vdd_cpu regulator
[    1.059810] tegra-apbdma 60020000.dma: Tegra20 APB DMA driver register 32 channels
[    1.066763] tegra-pmc 7000e400.pmc: emergency thermal reset enabled
[    1.072379] Serial: 8250/16550 driver, 4 ports, IRQ sharing disabled
[    1.079948] console [ttyS0] disabled
[    1.081658] 70006300.serial: ttyS0 at MMIO 0x70006300 (irq = 335, base_baud = 25500000) is a Tegra
[    1.090984] console [ttyS0] enabled
[    1.090984] console [ttyS0] enabled
[    1.096785] bootconsole [earlycon0] disabled
[    1.096785] bootconsole [earlycon0] disabled
[    1.106176] 70006000.serial: ttyTHS1 at MMIO 0x70006000 (irq = 333, base_baud = 0) is a TEGRA_UART
[    1.117214] 70006040.serial: ttyTHS2 at MMIO 0x70006040 (irq = 334, base_baud = 0) is a TEGRA_UART
[    1.145927] tegra-hdmi 54280000.hdmi: failed to get HDMI regulator
[    1.165792] loop: module loaded
[    1.170385] at24 0-0056: 256 byte 24c02 EEPROM, writable, 8 bytes/write
[    1.177809] as3722 4-0040: AS3722 with revision 0x1 found
[    1.190086] as3722-sd2: supplied by +5V_SYS
[    1.194758] as3722-sd3: supplied by +5V_SYS
[    1.199189] +1.35V_LP0(sd3): Bringing 0uV into 1350000-1350000uV
[    1.205582] as3722-sd4: supplied by +5V_SYS
[    1.210281] as3722-sd5: supplied by +5V_SYS
[    1.216364] as3722-ldo0: supplied by +1.35V_LP0(sd2)
[    1.222551] +1.8V_RUN_CAM: Bringing 0uV into 1800000-1800000uV
[    1.228786] as3722-ldo2: supplied by +1.8V_VDDIO
[    1.234776] as3722-ldo3: supplied by +3.3V_SYS
[    1.239272] +1.05V_LP0_VDD_RTC: Bringing 1100000uV into 1000000-1000000uV
[    1.247099] as3722-ldo4: supplied by +3.3V_SYS
[    1.251802] +2.8V_RUN_CAM: Bringing 0uV into 2800000-2800000uV
[    1.258037] as3722-ldo5: supplied by +1.8V_VDDIO
[    1.262922] +1.2V_RUN_CAM_FRONT: Bringing 0uV into 1200000-1200000uV
[    1.269915] +VDDIO_SDMMC3: bypassed regulator has no supply!
[    1.275567] +VDDIO_SDMMC3: failed to get the current voltage(-517)
[    1.281769] as3722-regulator as3722-regulator: regulator 13 register failed -517
[    1.293113] tegra-ahci 70027000.sata: couldn't get PHY in node sata: -517
[    1.311464] m25p80 spi1.0: w25q32dw (4096 Kbytes)
[    1.328372] libphy: Fixed MDIO Bus: probed
[    1.332496] CAN device driver interface
[    1.336381] igb: Intel(R) Gigabit Ethernet Network Driver - version 5.4.0-k
[    1.343546] igb: Copyright (c) 2007-2014 Intel Corporation.
[    1.349250] pegasus: v0.9.3 (2013/04/25), Pegasus/Pegasus II USB Ethernet driver
[    1.356730] usbcore: registered new interface driver pegasus
[    1.362481] usbcore: registered new interface driver asix
[    1.367933] usbcore: registered new interface driver ax88179_178a
[    1.374095] usbcore: registered new interface driver cdc_ether
[    1.380011] usbcore: registered new interface driver smsc75xx
[    1.385815] usbcore: registered new interface driver smsc95xx
[    1.391631] usbcore: registered new interface driver net1080
[    1.397333] usbcore: registered new interface driver cdc_subset
[    1.403321] usbcore: registered new interface driver zaurus
[    1.408957] usbcore: registered new interface driver cdc_ncm
[    1.414868] tegra-phy 7d000000.usb-phy: no vbus regulator
[    1.420516] tegra-phy 7d004000.usb-phy: no vbus regulator
[    1.426215] ehci_hcd: USB 2.0 'Enhanced' Host Controller (EHCI) Driver
[    1.432756] ehci-pci: EHCI PCI platform driver
[    1.437258] tegra-ehci: Tegra EHCI driver
[    1.444129] tegra-ehci 7d004000.usb: EHCI Host Controller
[    1.449570] tegra-ehci 7d004000.usb: new USB bus registered, assigned bus number 1
[    1.457366] tegra-ehci 7d004000.usb: irq 356, io mem 0x7d004000
[    1.489570] tegra-ehci 7d004000.usb: USB 2.0 started, EHCI 1.10
[    1.496391] hub 1-0:1.0: USB hub found
[    1.500209] hub 1-0:1.0: 1 port detected
[    1.505388] usbcore: registered new interface driver cdc_acm
[    1.511064] cdc_acm: USB Abstract Control Model driver for USB modems and ISDN adapters
[    1.519115] usbcore: registered new interface driver cdc_wdm
[    1.524873] usbcore: registered new interface driver usb-storage
[    1.539258] as3722-rtc as3722-rtc: rtc core: registered as3722-rtc as rtc0
[    1.546153] as3722-rtc as3722-rtc: RTC interrupt 379
[    1.553954] tegra_rtc 7000e000.rtc: rtc core: registered 7000e000.rtc as rtc1
[    1.561164] tegra_rtc 7000e000.rtc: Tegra internal Real Time Clock
[    1.567672] i2c /dev entries driver
[    1.572459] usbcore: registered new interface driver uvcvideo
[    1.578198] USB Video Class driver (1.1.1)
[    1.582313] gspca_main: v2.14.0 registered
[    1.587031] lm90 0-004c: 0-004c supply vcc not found, using dummy regulator
[    1.597349] tegra-wdt 60005000.timer: initialized (heartbeat = 120 sec, nowayout = 0)
[    1.606254] sdhci: Secure Digital Host Controller Interface driver
[    1.612583] sdhci: Copyright(c) Pierre Ossman
[    1.616936] sdhci-pltfm: SDHCI platform and OF driver helper
[    1.622934] sdhci-tegra 700b0400.sdhci: Got CD GPIO
[    1.627826] sdhci-tegra 700b0400.sdhci: Got WP GPIO
[    1.649124] mmc0: Unknown controller version (3). You may experience problems.
[    1.656408] mmc0: Invalid maximum block size, assuming 512 bytes
[    1.693544] mmc0: SDHCI controller on 700b0600.sdhci [700b0600.sdhci] using ADMA
[    1.701930] usbcore: registered new interface driver usbhid
[    1.707539] usbhid: USB HID core driver
[    1.751495] mmc0: new high speed MMC card at address 0001
[    1.762184] mmcblk0: mmc0:0001 SEM16G 14.7 GiB 
[    1.771839] mmcblk0boot0: mmc0:0001 SEM16G partition 1 4.00 MiB
[    1.782928] mmcblk0boot1: mmc0:0001 SEM16G partition 2 4.00 MiB
[    1.789077] mmcblk0rpmb: mmc0:0001 SEM16G partition 3 4.00 MiB, chardev (247:0)
[    1.798288]  mmcblk0: p1
[    2.150888] tegra30-i2s 70301100.i2s: DMA channels sourced from device 70300000.ahub
[    2.171209] tegra-snd-rt5640 sound: rt5640-aif1 <-> 70301100.i2s mapping ok
[    2.182181] input: NVIDIA Tegra Jetson TK1 Headphones as /devices/soc0/sound/sound/card1/input0
[    2.193342] NET: Registered protocol family 10
[    2.199186] Segment Routing with IPv6
[    2.203103] mip6: Mobile IPv6
[    2.206071] sit: IPv6, IPv4 and MPLS over IPv4 tunneling driver
[    2.213508] NET: Registered protocol family 17
[    2.217963] NET: Registered protocol family 15
[    2.222428] can: controller area network core (rev 20170425 abi 9)
[    2.228809] NET: Registered protocol family 29
[    2.233312] can: raw protocol (rev 20170425)
[    2.237589] can: broadcast manager protocol (rev 20170425 t)
[    2.243273] can: netlink gateway (rev 20170425) max_hops=1
[    2.248953] Bluetooth: RFCOMM socket layer initialized
[    2.254136] Bluetooth: RFCOMM ver 1.11
[    2.257893] Bluetooth: BNEP (Ethernet Emulation) ver 1.3
[    2.263259] Bluetooth: BNEP socket layer initialized
[    2.268229] Bluetooth: HIDP (Human Interface Emulation) ver 1.2
[    2.274166] Bluetooth: HIDP socket layer initialized
[    2.279340] Key type dns_resolver registered
[    2.284129] Registering SWP/SWPB emulation handler
[    2.289765] Loading compiled-in X.509 certificates
[    2.314361] +3.3V_RUN: supplied by +3.3V_SYS
[    2.319465] +USB0_VBUS_SW: supplied by +5V_SYS
[    2.324453] +3.3V_AVDD_HDMI_AP_GATED: supplied by +3.3V_RUN
[    2.330437] +5V_USB_HS: supplied by +5V_SYS
[    2.335507] +3.3V_LP0: supplied by +3.3V_SYS
[    2.340995] +5V_HDMI_CON: supplied by +5V_SYS
[    2.345783] +5V_SATA: supplied by +5V_SYS
[    2.350348] +12V_SATA: supplied by +VDD_MUX
[    2.355911]  usb2-0: usb2-0 supply vbus not found, using dummy regulator
[    2.362835]  usb2-1: usb2-1 supply vbus not found, using dummy regulator
[    2.369910]  usb3-0: usb3-0 supply vbus not found, using dummy regulator
[    2.377402] tegra-pcie 1003000.pcie: 2x1, 1x1 configuration
[    2.383099] tegra-pcie 1003000.pcie: Failed to get supply 'avddio-pex': -517
[    2.392241] tegra124-dfll 70110000.clock: couldn't get vdd_cpu regulator
[    2.401245] tegra-hdmi 54280000.hdmi: failed to get PLL regulator
[    2.409770] as3722-sd2: supplied by +5V_SYS
[    2.414263] as3722-sd3: supplied by +5V_SYS
[    2.418733] as3722-sd4: supplied by +5V_SYS
[    2.423435] as3722-sd5: supplied by +5V_SYS
[    2.429347] as3722-ldo0: supplied by +1.35V_LP0(sd2)
[    2.435028] as3722-ldo1: supplied by +3.3V_RUN
[    2.439826] as3722-ldo2: supplied by +1.8V_VDDIO
[    2.445495] as3722-ldo3: supplied by +3.3V_SYS
[    2.451251] as3722-ldo4: supplied by +3.3V_SYS
[    2.455994] as3722-ldo5: supplied by +1.8V_VDDIO
[    2.461087] as3722-ldo6: supplied by +3.3V_RUN
[    2.465835] as3722-ldo7: supplied by +1.8V_VDDIO
[    2.471206] +1.05V_RUN_CAM_REAR: Bringing 0uV into 1050000-1050000uV
[    2.478048] as3722-ldo9: supplied by +5V_SYS
[    2.483992] input: tegra-hda HDMI/DP,pcm=3 as /devices/soc0/70030000.hda/sound/card0/input1
[    2.493326] +3.3V_RUN_TOUCH: Bringing 0uV into 2800000-2800000uV
[    2.499879] as3722-ldo10: supplied by +5V_SYS
[    2.504978] +2.8V_RUN_CAM_AF: Bringing 0uV into 2800000-2800000uV
[    2.511835] as3722-ldo11: supplied by +3.3V_RUN
[    2.516883] +1.8V_RUN_VPP_FUSE: Bringing 0uV into 1800000-1800000uV
[    2.526159] tegra-ahci 70027000.sata: AHCI 0001.0301 32 slots 2 ports 3 Gbps 0x1 impl platform mode
[    2.535238] tegra-ahci 70027000.sata: flags: 64bit ncq sntf pm led pio slum part sadm sds apst 
[    2.545983] scsi host0: tegra-ahci
[    2.550680] scsi host1: tegra-ahci
[    2.554382] ata1: SATA max UDMA/133 mmio [mem 0x70027000-0x70028fff] port 0x100 irq 345
[    2.562428] ata2: DUMMY
[    2.566236] tegra-ehci 7d008000.usb: EHCI Host Controller
[    2.571725] tegra-ehci 7d008000.usb: new USB bus registered, assigned bus number 2
[    2.579582] tegra-ehci 7d008000.usb: irq 357, io mem 0x7d008000
[    2.609612] tegra-ehci 7d008000.usb: USB 2.0 started, EHCI 1.10
[    2.616605] hub 2-0:1.0: USB hub found
[    2.620488] hub 2-0:1.0: 1 port detected
[    2.637627] tegra-xusb 70090000.usb: Direct firmware load for nvidia/tegra124/xusb.bin failed with error -2
[    2.647457] tegra-xusb 70090000.usb: failed to request firmware: -2
[    2.653788] tegra-xusb 70090000.usb: failed to load firmware: -2
[    2.660561] tegra-xusb: probe of 70090000.usb failed with error -2
[    2.667579] sdhci-tegra 700b0400.sdhci: Got CD GPIO
[    2.672520] sdhci-tegra 700b0400.sdhci: Got WP GPIO
[    2.683883] mmc1: Unknown controller version (3). You may experience problems.
[    2.691284] mmc1: Invalid maximum block size, assuming 512 bytes
[    2.729473] mmc1: SDHCI controller on 700b0400.sdhci [700b0400.sdhci] using ADMA
[    2.737223] tegra-pcie 1003000.pcie: 2x1, 1x1 configuration
[    2.744781] tegra-pcie 1003000.pcie: probing port 0, using 2 lanes
[    2.752804] tegra-pcie 1003000.pcie: Slot present pin change, signature: 00000008
[    2.777565] tegra-pcie 1003000.pcie: probing port 1, using 1 lanes
[    2.785920] tegra-pcie 1003000.pcie: Slot present pin change, signature: 00000000
[    2.799953] tegra-pcie 1003000.pcie: PCI host bridge to bus 0000:00
[    2.806236] pci_bus 0000:00: root bus resource [io  0x0000-0xffff]
[    2.812552] pci_bus 0000:00: root bus resource [mem 0x13000000-0x1fffffff]
[    2.819570] pci_bus 0000:00: root bus resource [mem 0x20000000-0x3fffffff pref]
[    2.826969] pci_bus 0000:00: root bus resource [bus 00-ff]
[    2.832562] pci 0000:00:01.0: [10de:0e12] type 01 class 0x060400
[    2.838595] pci_bus 0000:00: 2-byte config write to 0000:00:01.0 offset 0x4 may corrupt adjacent RW1C bits
[    2.848363] pci_bus 0000:00: 2-byte config write to 0000:00:01.0 offset 0x4 may corrupt adjacent RW1C bits
[    2.858176] pci 0000:00:01.0: enabling Extended Tags
[    2.863265] pci_bus 0000:00: 2-byte config write to 0000:00:01.0 offset 0x88 may corrupt adjacent RW1C bits
[    2.873080] pci_bus 0000:00: 2-byte config write to 0000:00:01.0 offset 0x52 may corrupt adjacent RW1C bits
[    2.882954] pci 0000:00:01.0: PME# supported from D0 D1 D2 D3hot D3cold
[    2.889715] pci_bus 0000:00: 2-byte config write to 0000:00:01.0 offset 0x4c may corrupt adjacent RW1C bits
[    2.893158] ata1: SATA link down (SStatus 0 SControl 300)
[    2.899883] pci 0000:00:02.0: [10de:0e13] type 01 class 0x060400
[    2.911012] pci_bus 0000:00: 2-byte config write to 0000:00:02.0 offset 0x4 may corrupt adjacent RW1C bits
[    2.920808] pci_bus 0000:00: 2-byte config write to 0000:00:02.0 offset 0x4 may corrupt adjacent RW1C bits
[    2.930547] pci 0000:00:02.0: enabling Extended Tags
[    2.935513] pci_bus 0000:00: 2-byte config write to 0000:00:02.0 offset 0x88 may corrupt adjacent RW1C bits
[    2.945323] pci_bus 0000:00: 2-byte config write to 0000:00:02.0 offset 0x52 may corrupt adjacent RW1C bits
[    2.955167] pci 0000:00:02.0: PME# supported from D0 D1 D2 D3hot D3cold
[    2.961841] pci_bus 0000:00: 2-byte config write to 0000:00:02.0 offset 0x4c may corrupt adjacent RW1C bits
[    2.971892] PCI: bus0: Fast back to back transfers disabled
[    2.977506] pci 0000:00:01.0: bridge configuration invalid ([bus 00-00]), reconfiguring
[    2.985598] pci 0000:00:02.0: bridge configuration invalid ([bus 00-00]), reconfiguring
[    2.993894] pci 0000:01:00.0: [8086:4232] type 00 class 0x028000
[    3.000064] pci 0000:01:00.0: reg 0x10: [mem 0x00000000-0x00001fff 64bit]
[    3.007126] pci 0000:01:00.0: PME# supported from D0 D3hot D3cold
[    3.023934] mmc1: new high speed SDHC card at address aaaa
[    3.034748] mmcblk1: mmc1:aaaa SD04G 3.69 GiB 
[    3.039640] PCI: bus1: Fast back to back transfers disabled
[    3.045222] pci_bus 0000:01: busn_res: [bus 01-ff] end is updated to 01
[    3.052457] pci 0000:02:00.0: [10ec:8168] type 00 class 0x020000
[    3.058843] pci 0000:02:00.0: reg 0x10: [io  0x0000-0x00ff]
[    3.064640] pci 0000:02:00.0: reg 0x18: [mem 0x00000000-0x00000fff 64bit]
[    3.071618] pci 0000:02:00.0: reg 0x20: [mem 0x00000000-0x00003fff 64bit pref]
[    3.079154] pci 0000:02:00.0: supports D1 D2
[    3.083684] pci 0000:02:00.0: PME# supported from D0 D1 D2 D3hot D3cold
[    3.094166]  mmcblk1: p1 p2 p3
[    3.119736] PCI: bus2: Fast back to back transfers disabled
[    3.125317] pci_bus 0000:02: busn_res: [bus 02-ff] end is updated to 02
[    3.132011] pci 0000:00:01.0: BAR 8: assigned [mem 0x13000000-0x130fffff]
[    3.138794] pci 0000:00:02.0: BAR 8: assigned [mem 0x13100000-0x131fffff]
[    3.145623] pci 0000:00:02.0: BAR 9: assigned [mem 0x20000000-0x200fffff 64bit pref]
[    3.153381] pci 0000:00:02.0: BAR 7: assigned [io  0x1000-0x1fff]
[    3.159477] pci 0000:01:00.0: BAR 0: assigned [mem 0x13000000-0x13001fff 64bit]
[    3.166822] pci 0000:00:01.0: PCI bridge to [bus 01]
[    3.171806] pci 0000:00:01.0:   bridge window [mem 0x13000000-0x130fffff]
[    3.178602] pci 0000:02:00.0: BAR 4: assigned [mem 0x20000000-0x20003fff 64bit pref]
[    3.186374] pci 0000:02:00.0: BAR 2: assigned [mem 0x13100000-0x13100fff 64bit]
[    3.193711] pci 0000:02:00.0: BAR 0: assigned [io  0x1000-0x10ff]
[    3.199825] pci 0000:00:02.0: PCI bridge to [bus 02]
[    3.204786] pci 0000:00:02.0:   bridge window [io  0x1000-0x1fff]
[    3.210894] pci 0000:00:02.0:   bridge window [mem 0x13100000-0x131fffff]
[    3.217678] pci 0000:00:02.0:   bridge window [mem 0x20000000-0x200fffff 64bit pref]
[    3.225468] pci 0000:00:01.0: nv_msi_ht_cap_quirk didn't locate host bridge
[    3.232583] pcieport 0000:00:01.0: enabling device (0140 -> 0142)
[    3.238985] pcieport 0000:00:01.0: Signaling PME with IRQ 395
[    3.244928] pci 0000:00:02.0: nv_msi_ht_cap_quirk didn't locate host bridge
[    3.252005] pcieport 0000:00:02.0: enabling device (0140 -> 0143)
[    3.258370] pcieport 0000:00:02.0: Signaling PME with IRQ 396
[    3.264522] r8169 Gigabit Ethernet driver 2.3LK-NAPI loaded
[    3.270161] r8169 0000:02:00.0: enabling device (0140 -> 0143)
[    3.301455] r8169 0000:02:00.0 eth0: RTL8168g/8111g at 0x11e7a3fe, 00:04:4b:3a:d9:81, XID 0c000800 IRQ 397
[    3.311131] r8169 0000:02:00.0 eth0: jumbo features [frames: 9200 bytes, tx checksumming: ko]
[    3.323342] +1.05V_RUN_AVDD_HDMI_PLL: supplied by +1.05V_RUN
[    3.332580] [drm] Supports vblank timestamp caching Rev 2 (21.10.2013).
[    3.339206] [drm] No driver support for vblank timestamp query.
[    3.474013] tegra-hdmi 54280000.hdmi: cannot set audio to 48000 Hz at 297000000 Hz pixel clock
[    3.637887] Console: switching to colour frame buffer device 512x135
[    3.733854] drm drm: fb0:  frame buffer device
[    3.738460] [drm] Initialized tegra 0.0.0 20120330 for drm on minor 0
[    3.745986] cpufreq: cpufreq_online: CPU0: Running at unlisted freq: 696000 KHz
[    3.753330] cpufreq: cpufreq_online: CPU0: Unlisted initial frequency changed to: 714000 KHz
[    3.762366] input: gpio-keys as /devices/soc0/gpio-keys/input/input2
[    3.769322] as3722-rtc as3722-rtc: setting system clock to 2000-01-01 00:00:13 UTC (946684813)
[    3.778152] cfg80211: Loading compiled-in X.509 certificates for regulatory database
[    3.787839] cfg80211: Loaded X.509 cert 'sforshee: 00b28ddf47aef9cea7'
[    3.794496] platform regulatory.0: Direct firmware load for regulatory.db failed with error -2
[    3.803164] cfg80211: failed to load regulatory.db
[    3.803466] +USB0_VBUS_SW: disabling
[    3.811572] +1.8V_RUN_CAM: disabling
[    3.815437] +2.8V_RUN_CAM: disabling
[    3.819180] +1.2V_RUN_CAM_FRONT: disabling
[    3.823549] +1.05V_RUN_CAM_REAR: disabling
[    3.827842] +3.3V_RUN_TOUCH: disabling
[    3.831950] +2.8V_RUN_CAM_AF: disabling
[    3.835958] +1.8V_RUN_VPP_FUSE: disabling
[    3.840177] ALSA device list:
[    3.843140]   #0: tegra-hda at 0x70038000 irq 346
[    3.847831]   #1: NVIDIA Tegra Jetson TK1
[    3.852804] EXT4-fs (mmcblk0p1): mounting ext3 file system using the ext4 subsystem
[    3.906803] EXT4-fs (mmcblk0p1): recovery complete
[    3.912769] EXT4-fs (mmcblk0p1): mounted filesystem with ordered data mode. Opts: (null)
[    3.920941] VFS: Mounted root (ext3 filesystem) on device 179:1.
[    3.932025] devtmpfs: mounted
[    3.935559] Freeing unused kernel memory: 1024K
bash: cannot set terminal process group (-1): Inappropriate ioctl for device
bash: no job control in this shell
root@(none):/# 