
U-Boot SPL 2014.01-00219-gc4d376f (Feb 18 2014 - 19:57:32)


U-Boot 2014.01-00219-gc4d376f (Feb 18 2014 - 19:57:32)

TEGRA114
Board: NVIDIA Dalmore
I2C:   ready
DRAM:  2 GiB
MMC:   Tegra SD/MMC: 0, Tegra SD/MMC: 1
In:    serial
Out:   serial
Err:   serial
Net:   Net Initialization Skipped
No ethernet found.
Hit any key to stop autoboot:  2  0 
Tegra114 (Dalmore) # 
Tegra114 (Dalmore) # usb reset
(Re)start USB...
USB0:   USB EHCI 1.10
scanning bus 0 for devices... 2 USB Device(s) found
       scanning usb for storage devices... 0 Storage Device(s) found
       scanning usb for ethernet devices... 
Warning: asx0 using MAC address from net device
1 Ethernet Device(s) found
Tegra114 (Dalmore) # setenv bootargs 'ignore_loglevel console=ttyS0,115200n8 rw root=PARTUUID=7369c667-ff51-ec4a-29cd-baabf2fbe346 rootwait gpt debug earlyprintk init=/bin/bash'
Tegra114 (Dalmore) # setenv ipaddr 192.168.100.100; setenv serverip 192.168.100.1; setenv tftpserverip 192.168.100.1
Tegra114 (Dalmore) # tftpboot 0x81000000 zImage.multi_v7_defconfig
Using asx0 device
TFTP from server 192.168.100.1; our IP address is 192.168.100.100
Filename 'zImage.multi_v7_defconfig'.
Load address: 0x81000000
Loading: *#################################################################
	 #################################################################
	 #################################################################
	 #################################################################
	 #################################################################
	 #################################################################
	 #################################################################
	 ##########################################
	 3.1 MiB/s
done
Bytes transferred = 7287624 (6f3348 hex)
Tegra114 (Dalmore) # tftpboot 0x82000000 tegra114-dalmore.dtb
Using asx0 device
TFTP from server 192.168.100.1; our IP address is 192.168.100.100
Filename 'tegra114-dalmore.dtb'.
Load address: 0x82000000
Loading: *###
	 2.8 MiB/s
done
Bytes transferred = 35044 (88e4 hex)
Tegra114 (Dalmore) # bootz 0x81000000 - 0x82000000
Kernel image @ 0x81000000 [ 0x000000 - 0x6f3348 ]
## Flattened Device Tree blob at 82000000
   Booting using the fdt blob at 0x82000000
   Loading Device Tree to 8fff4000, end 8ffff8e3 ... OK

Starting kernel ...

[    0.000000] Booting Linux on physical CPU 0x0
[    0.000000] Linux version 4.9.0-rc8-128885-g3e5de27 (pwalmsley@sellafield) (gcc version 4.7.3 20130328 (prerelease) (crosstool-NG linaro-1.13.1-4.7-2013.04-20130415 - Linaro GCC 2013.04) ) #1 SMP Tue Dec 6 04:04:04 PST 2016
[    0.000000] CPU: ARMv7 Processor [412fc0f2] revision 2 (ARMv7), cr=10c5387d
[    0.000000] CPU: div instructions available: patching division code
[    0.000000] CPU: PIPT / VIPT nonaliasing data cache, PIPT instruction cache
[    0.000000] OF: fdt:Machine model: NVIDIA Tegra114 Dalmore evaluation board
[    0.000000] debug: ignoring loglevel setting.
[    0.000000] efi: Getting EFI parameters from FDT:
[    0.000000] efi: UEFI not found.
[    0.000000] cma: Reserved 64 MiB at 0xfb800000
[    0.000000] Memory policy: Data cache writealloc
[    0.000000] On node 0 totalpages: 524032
[    0.000000] free_area_init_node: node 0, pgdat c1427fc0, node_mem_map eeff8000
[    0.000000]   DMA zone: 1536 pages used for memmap
[    0.000000]   DMA zone: 0 pages reserved
[    0.000000]   DMA zone: 196608 pages, LIFO batch:31
[    0.000000]   HighMem zone: 327424 pages, LIFO batch:31
[    0.000000] percpu: Embedded 14 pages/cpu @eefa4000 s26624 r8192 d22528 u57344
[    0.000000] pcpu-alloc: s26624 r8192 d22528 u57344 alloc=14*4096
[    0.000000] pcpu-alloc: [0] 0 [0] 1 [0] 2 [0] 3 
[    0.000000] Built 1 zonelists in Zone order, mobility grouping on.  Total pages: 522496
[    0.000000] Kernel command line: ignore_loglevel console=ttyS0,115200n8 rw root=PARTUUID=7369c667-ff51-ec4a-29cd-baabf2fbe346 rootwait gpt debug earlyprintk init=/bin/bash
[    0.000000] PID hash table entries: 4096 (order: 2, 16384 bytes)
[    0.000000] Dentry cache hash table entries: 131072 (order: 7, 524288 bytes)
[    0.000000] Inode-cache hash table entries: 65536 (order: 6, 262144 bytes)
[    0.000000] Memory: 1995088K/2096128K available (9216K kernel code, 1190K rwdata, 4068K rodata, 2048K init, 343K bss, 35504K reserved, 65536K cma-reserved, 1244160K highmem)
[    0.000000] Virtual kernel memory layout:
[    0.000000]     vector  : 0xffff0000 - 0xffff1000   (   4 kB)
[    0.000000]     fixmap  : 0xffc00000 - 0xfff00000   (3072 kB)
[    0.000000]     vmalloc : 0xf0800000 - 0xff800000   ( 240 MB)
[    0.000000]     lowmem  : 0xc0000000 - 0xf0000000   ( 768 MB)
[    0.000000]     pkmap   : 0xbfe00000 - 0xc0000000   (   2 MB)
[    0.000000]     modules : 0xbf000000 - 0xbfe00000   (  14 MB)
[    0.000000]       .text : 0xc0208000 - 0xc0c00000   (10208 kB)
[    0.000000]       .init : 0xc1100000 - 0xc1300000   (2048 kB)
[    0.000000]       .data : 0xc1300000 - 0xc1429aa0   (1191 kB)
[    0.000000]        .bss : 0xc142b000 - 0xc1480fc8   ( 344 kB)
[    0.000000] SLUB: HWalign=64, Order=0-3, MinObjects=0, CPUs=4, Nodes=1
[    0.000000] Hierarchical RCU implementation.
[    0.000000] 	Build-time adjustment of leaf fanout to 32.
[    0.000000] 	RCU restricting CPUs from NR_CPUS=16 to nr_cpu_ids=4.
[    0.000000] RCU: Adjusting geometry for rcu_fanout_leaf=32, nr_cpu_ids=4
[    0.000000] NR_IRQS:16 nr_irqs:16 16
[    0.000000] /interrupt-controller@60004000: 160 interrupts forwarded to /interrupt-controller@50041000
[    0.000000] Tegra clk 127: register failed with -17
[    0.000008] sched_clock: 32 bits at 1000kHz, resolution 1000ns, wraps every 2147483647500ns
[    0.000027] clocksource: timer_us: mask: 0xffffffff max_cycles: 0xffffffff, max_idle_ns: 1911260446275 ns
[    0.000041] Switching to timer-based delay loop, resolution 1000ns
[    0.003204] arm_arch_timer: Architected cp15 timer(s) running at 12.00MHz (virt).
[    0.003223] clocksource: arch_sys_counter: mask: 0xffffffffffffff max_cycles: 0x2c47f4ee7, max_idle_ns: 440795202497 ns
[    0.003240] sched_clock: 56 bits at 12MHz, resolution 83ns, wraps every 4398046511096ns
[    0.003253] Switching to timer-based delay loop, resolution 83ns
[    0.003642] Console: colour dummy device 80x30
[    0.003670] Calibrating delay loop (skipped), value calculated using timer frequency.. 24.00 BogoMIPS (lpj=60000)
[    0.003685] pid_max: default: 32768 minimum: 301
[    0.003783] Mount-cache hash table entries: 2048 (order: 1, 8192 bytes)
[    0.003794] Mountpoint-cache hash table entries: 2048 (order: 1, 8192 bytes)
[    0.004424] CPU: Testing write buffer coherency: ok
[    0.004639] /cpus/cpu@0 missing clock-frequency property
[    0.004667] /cpus/cpu@1 missing clock-frequency property
[    0.004697] /cpus/cpu@2 missing clock-frequency property
[    0.004728] /cpus/cpu@3 missing clock-frequency property
[    0.004739] CPU0: thread -1, cpu 0, socket 0, mpidr 80000000
[    0.004763] Setting up static identity map for 0x80300000 - 0x80300098
[    0.007342] Tegra Revision: A01 SKU: 0 CPU Process: 1 SoC Process: 0
[    0.007889] EFI services will not be available.
[    0.008703] CPU1: thread -1, cpu 1, socket 0, mpidr 80000001
[    0.009329] CPU2: thread -1, cpu 2, socket 0, mpidr 80000002
[    0.009942] CPU3: thread -1, cpu 3, socket 0, mpidr 80000003
[    0.010032] Brought up 4 CPUs
[    0.010053] SMP: Total of 4 processors activated (96.00 BogoMIPS).
[    0.010061] CPU: All CPU(s) started in SVC mode.
[    0.011540] devtmpfs: initialized
[    0.023188] VFP support v0.3: implementor 41 architecture 4 part 30 variant f rev 0
[    0.023562] clocksource: jiffies: mask: 0xffffffff max_cycles: 0xffffffff, max_idle_ns: 9556302231375000 ns
[    0.024932] pinctrl core: initialized pinctrl subsystem
[    0.026567] NET: Registered protocol family 16
[    0.028628] DMA: preallocated 256 KiB pool for atomic coherent allocations
[    0.043117] cpuidle: using governor menu
[    0.069520] No ATAGs?
[    0.069548] hw-breakpoint: found 5 (+1 reserved) breakpoint and 4 watchpoint registers.
[    0.069559] hw-breakpoint: maximum watchpoint size is 8 bytes.
[    0.074903] Serial: AMBA PL011 UART driver
[    0.075634] tegra-mc 70019000.memory-controller: no memory timings for RAM code 3 registered
[    0.102694] dvdd_ts: Failed to request enable GPIO61: -517
[    0.102710] reg-fixed-voltage regulators:regulator@1: Failed to register regulator: -517
[    0.102804] usb1_vbus: Failed to request enable GPIO108: -517
[    0.102818] reg-fixed-voltage regulators:regulator@3: Failed to register regulator: -517
[    0.102909] usb2_vbus: Failed to request enable GPIO86: -517
[    0.102922] reg-fixed-voltage regulators:regulator@4: Failed to register regulator: -517
[    0.103380] VDD_5V0_HDMI_CON: Failed to request enable GPIO81: -517
[    0.103393] reg-fixed-voltage regulators:regulator@7: Failed to register regulator: -517
[    0.105990] vgaarb: loaded
[    0.106805] SCSI subsystem initialized
[    0.106978] libata version 3.00 loaded.
[    0.107262] usbcore: registered new interface driver usbfs
[    0.107333] usbcore: registered new interface driver hub
[    0.107399] usbcore: registered new device driver usb
[    0.110916] tps65090 2-0048: No cache defaults, reading back from HW
[    0.112824] TPS65090_RAILSDCDC1: supplied by vdd_ac_bat
[    0.113385] vdd_hdmi_5v0: supplied by vdd-sys-5v0
[    0.114161] TPS65090_RAILSDCDC2: supplied by vdd_ac_bat
[    0.115231] TPS65090_RAILSDCDC3: supplied by vdd_ac_bat
[    0.115773] TPS65090_RAILSFET1: supplied by vdd_ac_bat
[    0.116168] TPS65090_RAILSFET2: supplied by vdd_ac_bat
[    0.116539] TPS65090_RAILSFET3: supplied by vdd-sys-3v3
[    0.117090] TPS65090_RAILSFET4: supplied by vdd-sys-3v3
[    0.117630] TPS65090_RAILSFET5: supplied by vdd-sys-3v3
[    0.118164] TPS65090_RAILSFET6: supplied by vdd-sys-3v3
[    0.119025] TPS65090_RAILSFET7: supplied by vdd-sys-3v3
[    0.119570] TPS65090_RAILSLDO1: supplied by vdd_ac_bat
[    0.119802] TPS65090_RAILSLDO2: supplied by vdd_ac_bat
[    0.120761] palmas 2-0058: Irq flag is 0x00000004
[    0.122764] palmas 2-0058: Muxing GPIO ff, PWM 0, LED 0
[    0.125384] SMPS12: supplied by vdd-ao
[    0.127004] SMPS3: supplied by vdd-ao
[    0.128773] SMPS457: supplied by vdd-sys-3v3
[    0.131726] SMPS8: supplied by vdd-sys-3v3
[    0.132602] random: fast init done
[    0.133382] SMPS9: supplied by vdd-sys-3v3
[    0.133904] sdhci-vdd-sd-slot: Bringing 2840000uV into 2800000-2800000uV
[    0.136796] LDO1: supplied by vdd-sys-3v3
[    0.138000] LDO2: supplied by vdd-sys-3v3
[    0.139227] LDO3: supplied by vddio-1v8
[    0.140436] LDO4: supplied by vdd-sys-3v3
[    0.141643] LDO5: supplied by vdd_ac_bat
[    0.142416] LDO6: supplied by vdd-sys-3v3
[    0.142924] vdd-sensor-2v85: Bringing 2900000uV into 2850000-2850000uV
[    0.144374] LDO7: supplied by vdd-sys-3v3
[    0.146124] LDO8: supplied by vdd-ao
[    0.146636] vdd-rtc: Bringing 675000uV into 900000-900000uV
[    0.149145] LDO9: supplied by sdhci-vdd-sd-slot
[    0.154482] LDOLN: supplied by vdd-sys-5v0
[    0.155705] LDOUSB: supplied by vdd-sys-5v0
[    0.162424] pps_core: LinuxPPS API ver. 1 registered
[    0.162434] pps_core: Software ver. 5.3.6 - Copyright 2005-2007 Rodolfo Giometti <giometti@linux.it>
[    0.162459] PTP clock support registered
[    0.162655] EDAC MC: Ver: 3.0.0
[    0.165123] clocksource: Switched to clocksource arch_sys_counter
[    0.175964] NET: Registered protocol family 2
[    0.176489] TCP established hash table entries: 8192 (order: 3, 32768 bytes)
[    0.176587] TCP bind hash table entries: 8192 (order: 4, 65536 bytes)
[    0.176774] TCP: Hash tables configured (established 8192 bind 8192)
[    0.176829] UDP hash table entries: 512 (order: 2, 16384 bytes)
[    0.176871] UDP-Lite hash table entries: 512 (order: 2, 16384 bytes)
[    0.177036] NET: Registered protocol family 1
[    0.177365] RPC: Registered named UNIX socket transport module.
[    0.177374] RPC: Registered udp transport module.
[    0.177382] RPC: Registered tcp transport module.
[    0.177390] RPC: Registered tcp NFSv4.1 backchannel transport module.
[    0.177402] PCI: CLS 0 bytes, default 64
[    0.179615] futex hash table entries: 1024 (order: 4, 65536 bytes)
[    0.180158] workingset: timestamp_bits=30 max_order=19 bucket_order=0
[    0.191812] squashfs: version 4.0 (2009/01/31) Phillip Lougher
[    0.192728] NFS: Registering the id_resolver key type
[    0.192755] Key type id_resolver registered
[    0.192764] Key type id_legacy registered
[    0.192808] ntfs: driver 2.1.32 [Flags: R/O].
[    0.194067] bounce: pool size: 64 pages
[    0.194276] Block layer SCSI generic (bsg) driver version 0.4 loaded (major 248)
[    0.194286] io scheduler noop registered
[    0.194294] io scheduler deadline registered
[    0.194488] io scheduler cfq registered (default)
[    0.198704] libphy: mdio_driver_register: phy-bcm-ns2-pci
[    0.226077] tegra-apbdma 6000a000.dma: Tegra20 APB DMA driver register 32 channels
[    0.227841] tegra-pmc 7000e400.pmc: i2c-thermtrip node not found, emergency thermal reset disabled.
[    0.296218] Serial: 8250/16550 driver, 4 ports, IRQ sharing disabled
[    0.299311] console [ttyS0] disabled
[    0.299349] 70006300.serial: ttyS0 at MMIO 0x70006300 (irq = 329, base_baud = 25500000) is a Tegra
[    1.271228] console [ttyS0] enabled
[    1.275619] SuperH (H)SCI(F) driver initialized
[    1.281126] msm_serial: driver initialized
[    1.285419] STMicroelectronics ASC driver initialized
[    1.294055] [drm] Initialized
[    1.300026] tegra-hdmi 54280000.hdmi: failed to get HDMI regulator
[    1.324922] brd: module loaded
[    1.334389] loop: module loaded
[    1.354300] m25p80 spi32766.0: w25q32dw (4096 Kbytes)
[    1.362549] libphy: Fixed MDIO Bus: probed
[    1.367941] CAN device driver interface
[    1.373784] e1000e: Intel(R) PRO/1000 Network Driver - 3.2.6-k
[    1.379626] e1000e: Copyright(c) 1999 - 2015 Intel Corporation.
[    1.385624] igb: Intel(R) Gigabit Ethernet Network Driver - version 5.4.0-k
[    1.392592] igb: Copyright (c) 2007-2014 Intel Corporation.
[    1.401494] pegasus: v0.9.3 (2013/04/25), Pegasus/Pegasus II USB Ethernet driver
[    1.408954] usbcore: registered new interface driver pegasus
[    1.414687] usbcore: registered new interface driver asix
[    1.420155] usbcore: registered new interface driver ax88179_178a
[    1.426304] usbcore: registered new interface driver cdc_ether
[    1.432215] usbcore: registered new interface driver smsc75xx
[    1.438035] usbcore: registered new interface driver smsc95xx
[    1.443836] usbcore: registered new interface driver net1080
[    1.449549] usbcore: registered new interface driver cdc_subset
[    1.455523] usbcore: registered new interface driver zaurus
[    1.461174] usbcore: registered new interface driver cdc_ncm
[    1.468832] ehci_hcd: USB 2.0 'Enhanced' Host Controller (EHCI) Driver
[    1.475371] ehci-pci: EHCI PCI platform driver
[    1.479854] ehci-platform: EHCI generic platform driver
[    1.485298] ehci-orion: EHCI orion driver
[    1.489433] SPEAr-ehci: EHCI SPEAr driver
[    1.493591] ehci-st: EHCI STMicroelectronics driver
[    1.498615] ehci-exynos: EHCI EXYNOS driver
[    1.502958] ehci-atmel: EHCI Atmel driver
[    1.507112] tegra-ehci: Tegra EHCI driver
[    1.511425] ohci_hcd: USB 1.1 'Open' Host Controller (OHCI) Driver
[    1.517627] ohci-pci: OHCI PCI platform driver
[    1.522131] ohci-platform: OHCI generic platform driver
[    1.527524] ohci-omap3: OHCI OMAP3 driver
[    1.531677] SPEAr-ohci: OHCI SPEAr driver
[    1.535850] ohci-st: OHCI STMicroelectronics driver
[    1.540875] ohci-atmel: OHCI Atmel driver
[    1.545588] usbcore: registered new interface driver usb-storage
[    1.553106] mousedev: PS/2 mouse device common for all mice
[    1.563290] palmas-rtc 7000d000.i2c:tps65913@58:rtc: rtc core: registered 7000d000.i2c:tps659 as rtc0
[    1.574404] tegra_rtc 7000e000.rtc: rtc core: registered 7000e000.rtc as rtc1
[    1.581595] tegra_rtc 7000e000.rtc: Tegra internal Real Time Clock
[    1.588305] i2c /dev entries driver
[    1.598221] sbs-battery 0-000b: sbs_probe: Failed to get device status
[    1.604777] sbs-battery: probe of 0-000b failed with error -121
[    1.620797] sdhci: Secure Digital Host Controller Interface driver
[    1.626991] sdhci: Copyright(c) Pierre Ossman
[    1.632831] Synopsys Designware Multimedia Card Interface Driver
[    1.639927] sdhci-pltfm: SDHCI platform and OF driver helper
[    1.646307] sdhci-tegra 78000400.sdhci: Got CD GPIO
[    1.651218] sdhci-tegra 78000400.sdhci: Got WP GPIO
[    1.657320] mmc0: Invalid maximum block size, assuming 512 bytes
[    1.710270] mmc0: SDHCI controller on 78000400.sdhci [78000400.sdhci] using ADMA
[    1.717972] mmc1: Invalid maximum block size, assuming 512 bytes
[    1.770137] mmc1: SDHCI controller on 78000600.sdhci [78000600.sdhci] using ADMA
[    1.779400] ledtrig-cpu: registered to indicate activity on CPUs
[    1.785765] usbcore: registered new interface driver usbhid
[    1.791350] usbhid: USB HID core driver
[    1.798607] NET: Registered protocol family 10
[    1.803962] sit: IPv6, IPv4 and MPLS over IPv4 tunneling driver
[    1.810606] NET: Registered protocol family 17
[    1.815050] can: controller area network core (rev 20120528 abi 9)
[    1.821314] NET: Registered protocol family 29
[    1.825771] can: raw protocol (rev 20120528)
[    1.830034] can: broadcast manager protocol (rev 20161123 t)
[    1.835707] can: netlink gateway (rev 20130117) max_hops=1
[    1.841565] Key type dns_resolver registered
[    1.846492] ThumbEE CPU extension supported.
[    1.850785] Registering SWP/SWPB emulation handler
[    1.869898] usb1_vbus: supplied by vdd-sys-5v0
[    1.875844] usb2_vbus: supplied by vdd-sys-5v0
[    1.878274] mmc0: new high speed SDHC card at address aaaa
[    1.883254] mmcblk0: mmc0:aaaa SL16G 14.8 GiB 
[    1.894174] VDD_5V0_HDMI_CON: supplied by vdd-sys-5v0
[    1.905852] [drm] Supports vblank timestamp caching Rev 2 (21.10.2013).
[    1.910566]  mmcblk0: p1 p2 p3
[    1.915591] [drm] No driver support for vblank timestamp query.
[    1.923168] mmc1: new high speed MMC card at address 0001
[    1.929972] mmcblk1: mmc1:0001 SEM32G 29.1 GiB 
[    1.935585] mmcblk1boot0: mmc1:0001 SEM32G partition 1 4.00 MiB
[    1.942554] mmcblk1boot1: mmc1:0001 SEM32G partition 2 4.00 MiB
[    1.949500] mmcblk1rpmb: mmc1:0001 SEM32G partition 3 4.00 MiB
[    1.953060]  mmcblk1: p1 p2 p3 p4 p5 p6 p7 p8
[    1.985245] Console: switching to colour frame buffer device 240x75
[    2.023203] drm drm: fb0:  frame buffer device
[    2.045240] [drm] Initialized tegra 0.0.0 20120330 on minor 0
[    2.056889] tegra-ehci 7d008000.usb: EHCI Host Controller
[    2.062364] tegra-ehci 7d008000.usb: new USB bus registered, assigned bus number 1
[    2.070348] tegra-ehci 7d008000.usb: irq 339, io mem 0x7d008000
[    2.090252] tegra-ehci 7d008000.usb: USB 2.0 started, EHCI 1.10
[    2.097482] hub 1-0:1.0: USB hub found
[    2.101348] hub 1-0:1.0: 1 port detected
[    2.107234] input: gpio-keys as /devices/soc0/gpio-keys/input/input0
[    2.116246] palmas-rtc 7000d000.i2c:tps65913@58:rtc: setting system clock to 2000-09-29 23:35:50 UTC (970270550)
[    2.131565] dvdd_ts: disabling
[    2.134629] usb1_vbus: disabling
[    2.137921] vdd_cam_1v8_reg: disabling
[    2.143267] EXT4-fs (mmcblk1p1): mounting ext3 file system using the ext4 subsystem
[    2.166046] EXT4-fs (mmcblk1p1): recovery complete
[    2.170909] EXT4-fs (mmcblk1p1): mounted filesystem with ordered data mode. Opts: (null)
[    2.179090] VFS: Mounted root (ext3 filesystem) on device 179:17.
[    2.189788] devtmpfs: mounted
[    2.194664] Freeing unused kernel memory: 2048K (c1100000 - c1300000)
bash: cannot set terminal process group (-1): Inappropriate ioctl for device
bash: no job control in this shell
root@(none):/# [    2.435255] usb 1-1: new high-speed USB device number 2 using tegra-ehci
[    3.039729] asix 1-1:1.0 eth0: register 'asix' at usb-7d008000.usb-1, ASIX AX88772 USB 2.0 Ethernet, 00:50:b6:0d:b5:16
mount -t sysfs none /sys
root@(none):/# 
root@(none):/# mount -t debugfs none /sys/kernel/debug
root@(none):/# 
root@(none):/# rtcwake -d rtc1 -m mem -s 3
rtcwake: assuming RTC uses UTC ...
rtcwake: wakeup from "mem" using /dev/rtc1 at Thu Jan  1 00:00:20 1970
[    5.364253] PM: Syncing filesystems ... done.
[    5.391797] Freezing user space processes ... (elapsed 0.001 seconds) done.
[    5.400187] Freezing remaining freezable tasks ... (elapsed 0.001 seconds) done.
[    5.409000] Suspending console(s) (use no_console_suspend to debug)
[    5.462112] PM: suspend of devices complete after 45.429 msecs
[    5.464908] PM: late suspend of devices complete after 2.780 msecs
[    5.467290] PM: noirq suspend of devices complete after 2.372 msecs
[    5.467294] Disabling non-boot CPUs ...
[    5.467879] IRQ17 no longer affine to CPU1
[    5.468215] CPU1: shutdown
[    5.503269] CPU2: shutdown
[    5.522854] CPU3: shutdown
[    5.546853] Entering suspend state LP1
[    5.546853] Suspended for 7.884 seconds
[    5.546872] Enabling non-boot CPUs ...
[    5.561698] CPU1 is up
[    5.581900] CPU2 is up
[    5.602222] CPU3 is up
[    5.603482] PM: noirq resume of devices complete after 1.250 msecs
[    5.606196] PM: early resume of devices complete after 2.256 msecs
[    6.140138] PM: resume of devices complete after 533.925 msecs
[    6.212894] Restarting tasks ... done.
root@(none):/# 
root@(none):/# rtcwake -d rtc1 -m mem -s 3
rtcwake: assuming RTC uses UTC ...
rtcwake: wakeup from "mem" using /dev/rtc1 at Thu Jan  1 00:00:30 1970
[    7.468426] PM: Syncing filesystems ... done.
[    7.495397] Freezing user space processes ... (elapsed 0.001 seconds) done.
[    7.503754] Freezing remaining freezable tasks ... (elapsed 0.001 seconds) done.
[    7.512645] Suspending console(s) (use no_console_suspend to debug)
[    7.568171] PM: suspend of devices complete after 47.868 msecs
[    7.571250] PM: late suspend of devices complete after 3.064 msecs
[    7.573653] PM: noirq suspend of devices complete after 2.392 msecs
[    7.573657] Disabling non-boot CPUs ...
[    7.574435] CPU1: shutdown
[    7.607984] CPU2: shutdown
[    7.637583] CPU3: shutdown
[    7.661423] Entering suspend state LP1
[    7.661423] Suspended for 8.469 seconds
[    7.661442] Enabling non-boot CPUs ...
[    7.676658] CPU1 is up
[    7.696864] CPU2 is up
[    7.717196] CPU3 is up
[    7.718433] PM: noirq resume of devices complete after 1.227 msecs
[    7.720842] PM: early resume of devices complete after 1.963 msecs
[    8.253429] PM: resume of devices complete after 532.569 msecs
[    8.322132] Restarting tasks ... done.
root@(none):/# 
root@(none):/# rtcwake -d rtc1 -m mem -s 3
rtcwake: assuming RTC uses UTC ...
rtcwake: wakeup from "mem" using /dev/rtc1 at Thu Jan  1 00:00:40 1970
[    8.997858] PM: Syncing filesystems ... done.
[    9.024641] Freezing user space processes ... (elapsed 0.001 seconds) done.
[    9.033015] Freezing remaining freezable tasks ... (elapsed 0.001 seconds) done.
[    9.041911] Suspending console(s) (use no_console_suspend to debug)
[    9.097388] PM: suspend of devices complete after 47.819 msecs
[    9.100557] PM: late suspend of devices complete after 3.153 msecs
[    9.103033] PM: noirq suspend of devices complete after 2.465 msecs
[    9.103037] Disabling non-boot CPUs ...
[    9.103540] IRQ17 no longer affine to CPU1
[    9.103883] CPU1: shutdown
[    9.137742] CPU2: shutdown
[    9.167528] CPU3: shutdown
[    9.191349] Entering suspend state LP1
[    9.191349] Suspended for 7.887 seconds
[    9.191368] Enabling non-boot CPUs ...
[    9.206608] CPU1 is up
[    9.226795] CPU2 is up
[    9.247132] CPU3 is up
[    9.248391] PM: noirq resume of devices complete after 1.248 msecs
[    9.250970] PM: early resume of devices complete after 2.133 msecs
[    9.783294] PM: resume of devices complete after 532.305 msecs
[    9.855994] Restarting tasks ... done.
root@(none):/# 
root@(none):/# rtcwake -d rtc1 -m mem -s 3
rtcwake: assuming RTC uses UTC ...
rtcwake: wakeup from "mem" using /dev/rtc1 at Thu Jan  1 00:00:50 1970
[   11.111571] PM: Syncing filesystems ... done.
[   11.138364] Freezing user space processes ... (elapsed 0.001 seconds) done.
[   11.146768] Freezing remaining freezable tasks ... (elapsed 0.001 seconds) done.
[   11.155675] Suspending console(s) (use no_console_suspend to debug)
[   11.207334] PM: suspend of devices complete after 44.020 msecs
[   11.210503] PM: late suspend of devices complete after 3.153 msecs
[   11.212995] PM: noirq suspend of devices complete after 2.481 msecs
[   11.212998] Disabling non-boot CPUs ...
[   11.213505] IRQ17 no longer affine to CPU1
[   11.213846] CPU1: shutdown
[   11.247704] CPU2: shutdown
[   11.277521] CPU3: shutdown
[   11.301314] Entering suspend state LP1
[   11.301314] Suspended for 8.473 seconds
[   11.301333] Enabling non-boot CPUs ...
[   11.316554] CPU1 is up
[   11.336752] CPU2 is up
[   11.357083] CPU3 is up
[   11.358334] PM: noirq resume of devices complete after 1.241 msecs
[   11.360678] PM: early resume of devices complete after 1.889 msecs
[   11.894585] PM: resume of devices complete after 533.890 msecs
[   11.967428] Restarting tasks ... done.
root@(none):/# 
root@(none):/# rtcwake -d rtc1 -m mem -s 3
rtcwake: assuming RTC uses UTC ...
rtcwake: wakeup from "mem" using /dev/rtc1 at Thu Jan  1 00:01:00 1970
[   12.657805] PM: Syncing filesystems ... done.
[   12.684716] Freezing user space processes ... (elapsed 0.001 seconds) done.
[   12.693089] Freezing remaining freezable tasks ... (elapsed 0.001 seconds) done.
[   12.701981] Suspending console(s) (use no_console_suspend to debug)
[   12.757262] PM: suspend of devices complete after 47.646 msecs
[   12.760090] PM: late suspend of devices complete after 2.813 msecs
[   12.762625] PM: noirq suspend of devices complete after 2.521 msecs
[   12.762630] Disabling non-boot CPUs ...
[   12.763504] CPU1: shutdown
[   12.807647] CPU2: shutdown
[   12.842089] IRQ17 no longer affine to CPU3
[   12.842457] CPU3: shutdown
[   12.866249] Entering suspend state LP1
[   12.866249] Suspended for 7.851 seconds
[   12.866268] Enabling non-boot CPUs ...
[   12.881492] CPU1 is up
[   12.901690] CPU2 is up
[   12.922031] CPU3 is up
[   12.923300] PM: noirq resume of devices complete after 1.259 msecs
[   12.926312] PM: early resume of devices complete after 2.543 msecs
[   13.463178] PM: resume of devices complete after 536.849 msecs
[   13.535918] Restarting tasks ... done.
root@(none):/# 
root@(none):/# rtcwake -d rtc1 -m mem -s 3
rtcwake: assuming RTC uses UTC ...
rtcwake: wakeup from "mem" using /dev/rtc1 at Thu Jan  1 00:01:10 1970
[   14.796338] PM: Syncing filesystems ... done.
[   14.823267] Freezing user space processes ... (elapsed 0.001 seconds) done.
[   14.831678] Freezing remaining freezable tasks ... (elapsed 0.001 seconds) done.
[   14.840568] Suspending console(s) (use no_console_suspend to debug)
[   14.896862] PM: suspend of devices complete after 48.640 msecs
[   14.900034] PM: late suspend of devices complete after 3.157 msecs
[   14.902600] PM: noirq suspend of devices complete after 2.552 msecs
[   14.902605] Disabling non-boot CPUs ...
[   14.903092] IRQ17 no longer affine to CPU1
[   14.903446] CPU1: shutdown
[   14.937602] CPU2: shutdown
[   14.967390] CPU3: shutdown
[   14.991188] Entering suspend state LP1
[   14.991188] Suspended for 8.458 seconds
[   14.991208] Enabling non-boot CPUs ...
[   15.006454] CPU1 is up
[   15.026659] CPU2 is up
[   15.046975] CPU3 is up
[   15.048218] PM: noirq resume of devices complete after 1.233 msecs
[   15.050581] PM: early resume of devices complete after 1.908 msecs
[   15.582358] PM: resume of devices complete after 531.759 msecs
[   15.655038] Restarting tasks ... done.
root@(none):/# 
root@(none):/# rtcwake -d rtc1 -m mem -s 3
rtcwake: assuming RTC uses UTC ...
rtcwake: wakeup from "mem" using /dev/rtc1 at Thu Jan  1 00:01:20 1970
[   16.326443] PM: Syncing filesystems ... done.
[   16.353348] Freezing user space processes ... (elapsed 0.001 seconds) done.
[   16.361759] Freezing remaining freezable tasks ... (elapsed 0.001 seconds) done.
[   16.370648] Suspending console(s) (use no_console_suspend to debug)
[   16.427186] PM: suspend of devices complete after 48.878 msecs
[   16.430411] PM: late suspend of devices complete after 3.210 msecs
[   16.432864] PM: noirq suspend of devices complete after 2.443 msecs
[   16.432868] Disabling non-boot CPUs ...
[   16.433689] CPU1: shutdown
[   16.467557] CPU2: shutdown
[   16.496976] IRQ17 no longer affine to CPU3
[   16.497342] CPU3: shutdown
[   16.521175] Entering suspend state LP1
[   16.521175] Suspended for 7.887 seconds
[   16.521194] Enabling non-boot CPUs ...
[   16.536428] CPU1 is up
[   16.556599] CPU2 is up
[   16.576952] CPU3 is up
[   16.578224] PM: noirq resume of devices complete after 1.262 msecs
[   16.581216] PM: early resume of devices complete after 2.526 msecs
[   17.119054] PM: resume of devices complete after 537.818 msecs
[   17.191932] Restarting tasks ... done.
root@(none):/# 
root@(none):/# rtcwake -d rtc1 -m mem -s 3
rtcwake: assuming RTC uses UTC ...
rtcwake: wakeup from "mem" using /dev/rtc1 at Thu Jan  1 00:01:30 1970
[   18.444954] PM: Syncing filesystems ... done.
[   18.471790] Freezing user space processes ... (elapsed 0.001 seconds) done.
[   18.480186] Freezing remaining freezable tasks ... (elapsed 0.001 seconds) done.
[   18.489011] Suspending console(s) (use no_console_suspend to debug)
[   18.541806] PM: suspend of devices complete after 45.133 msecs
[   18.544553] PM: late suspend of devices complete after 2.731 msecs
[   18.546917] PM: noirq suspend of devices complete after 2.353 msecs
[   18.546921] Disabling non-boot CPUs ...
[   18.547759] CPU1: shutdown
[   18.592495] CPU2: shutdown
[   18.631938] IRQ17 no longer affine to CPU3
[   18.632310] CPU3: shutdown
[   18.656091] Entering suspend state LP1
[   18.656091] Suspended for 8.448 seconds
[   18.656110] Enabling non-boot CPUs ...
[   18.671368] CPU1 is up
[   18.691572] CPU2 is up
[   18.711889] CPU3 is up
[   18.713175] PM: noirq resume of devices complete after 1.274 msecs
[   18.716082] PM: early resume of devices complete after 2.634 msecs
[   19.245795] PM: resume of devices complete after 529.696 msecs
[   19.318546] Restarting tasks ... done.
root@(none):/# 
root@(none):/# rtcwake -d rtc1 -m mem -s 3
rtcwake: assuming RTC uses UTC ...
rtcwake: wakeup from "mem" using /dev/rtc1 at Thu Jan  1 00:01:40 1970
[   19.997446] PM: Syncing filesystems ... done.
[   20.024224] Freezing user space processes ... (elapsed 0.001 seconds) done.
[   20.032605] Freezing remaining freezable tasks ... (elapsed 0.001 seconds) done.
[   20.041529] Suspending console(s) (use no_console_suspend to debug)
[   20.096950] PM: suspend of devices complete after 47.782 msecs
[   20.099692] PM: late suspend of devices complete after 2.726 msecs
[   20.102062] PM: noirq suspend of devices complete after 2.360 msecs
[   20.102066] Disabling non-boot CPUs ...
[   20.102894] CPU1: shutdown
[   20.152449] CPU2: shutdown
[   20.186871] IRQ17 no longer affine to CPU3
[   20.187244] CPU3: shutdown
[   20.211048] Entering suspend state LP1
[   20.211048] Suspended for 7.861 seconds
[   20.211067] Enabling non-boot CPUs ...
[   20.226319] CPU1 is up
[   20.246513] CPU2 is up
[   20.266835] CPU3 is up
[   20.268109] PM: noirq resume of devices complete after 1.263 msecs
[   20.271055] PM: early resume of devices complete after 2.492 msecs
[   20.805773] PM: resume of devices complete after 534.701 msecs
[   20.878588] Restarting tasks ... done.
root@(none):/# 
root@(none):/# rtcwake -d rtc1 -m mem -s 3
rtcwake: assuming RTC uses UTC ...
rtcwake: wakeup from "mem" using /dev/rtc1 at Thu Jan  1 00:01:50 1970
[   22.141579] PM: Syncing filesystems ... done.
[   22.168239] Freezing user space processes ... (elapsed 0.001 seconds) done.
[   22.176658] Freezing remaining freezable tasks ... (elapsed 0.001 seconds) done.
[   22.185585] Suspending console(s) (use no_console_suspend to debug)
[   22.241684] PM: suspend of devices complete after 48.444 msecs
[   22.244259] PM: late suspend of devices complete after 2.564 msecs
[   22.246540] PM: noirq suspend of devices complete after 2.272 msecs
[   22.246544] Disabling non-boot CPUs ...
[   22.247333] CPU1: shutdown
[   22.282610] CPU2: shutdown
[   22.311828] IRQ17 no longer affine to CPU3
[   22.312197] CPU3: shutdown
[   22.336001] Entering suspend state LP1
[   22.336001] Suspended for 8.458 seconds
[   22.336020] Enabling non-boot CPUs ...
[   22.351255] CPU1 is up
[   22.371454] CPU2 is up
[   22.391790] CPU3 is up
[   22.393050] PM: noirq resume of devices complete after 1.249 msecs
[   22.395729] PM: early resume of devices complete after 2.244 msecs
[   22.933937] PM: resume of devices complete after 538.191 msecs
[   23.006634] Restarting tasks ... done.
root@(none):/# 
root@(none):/# NVTB SYSTEM SUSPEND TEST COMPLETE
