
U-Boot SPL 2014.01-00219-gc4d376f (Feb 18 2014 - 19:57:18)


U-Boot 2014.01-00219-gc4d376f (Feb 18 2014 - 19:57:18)

TEGRA30
Board: NVIDIA Beaver
I2C:   ready
DRAM:  2 GiB
MMC:   Tegra SD/MMC: 0, Tegra SD/MMC: 1
In:    serial
Out:   serial
Err:   serial
Net:   Net Initialization Skipped
No ethernet found.
Hit any key to stop autoboot:  2  0 
Tegra30 (Beaver) # 
Tegra30 (Beaver) # usb reset
(Re)start USB...
USB0:   USB EHCI 1.00
scanning bus 0 for devices... 2 USB Device(s) found
       scanning usb for storage devices... 0 Storage Device(s) found
       scanning usb for ethernet devices... 
Warning: asx0 using MAC address from net device
1 Ethernet Device(s) found
Tegra30 (Beaver) # setenv bootargs 'ignore_loglevel console=ttyS0,115200n8 rw root=/dev/mmcblk0p1 rootwait gpt debug init=/bin/bash noinitrd'
Tegra30 (Beaver) # setenv ipaddr 192.168.100.101; setenv serverip 192.168.100.1; setenv tftpserverip 192.168.100.1
Tegra30 (Beaver) # tftpboot 0x81000000 zImage.multi_v7_defconfig
Using asx0 device
TFTP from server 192.168.100.1; our IP address is 192.168.100.101
Filename 'zImage.multi_v7_defconfig'.
Load address: 0x81000000
Loading: *#################################################################
	 #################################################################
	 #################################################################
	 #################################################################
	 ###########################################################
	 3.3 MiB/s
done
Bytes transferred = 4682328 (477258 hex)
Tegra30 (Beaver) # tftpboot 0x82000000 tegra30-beaver.dtb
Using asx0 device
TFTP from server 192.168.100.1; our IP address is 192.168.100.101
Filename 'tegra30-beaver.dtb'.
Load address: 0x82000000
Loading: *##
	 2.9 MiB/s
done
Bytes transferred = 23973 (5da5 hex)
Tegra30 (Beaver) # bootz 0x81000000 - 0x82000000
Kernel image @ 0x81000000 [ 0x000000 - 0x477258 ]
## Flattened Device Tree blob at 82000000
   Booting using the fdt blob at 0x82000000
   Loading Device Tree to 8fff7000, end 8ffffda4 ... OK

Starting kernel ...

[    0.000000] Booting Linux on physical CPU 0x0
[    0.000000] Linux version 3.15.0-rc6-65483-g4b660a7 (pwalmsley@kaivo) (gcc version 4.7.3 20130328 (prerelease) (crosstool-NG linaro-1.13.1-4.7-2013.04-20130415 - Linaro GCC 2013.04) ) #1 SMP Mon Jun 2 17:26:53 PDT 2014
[    0.000000] CPU: ARMv7 Processor [412fc099] revision 9 (ARMv7), cr=10c5387d
[    0.000000] CPU: PIPT / VIPT nonaliasing data cache, VIPT aliasing instruction cache
[    0.000000] Machine model: NVIDIA Tegra30 Beaver evaluation board
[    0.000000] debug: ignoring loglevel setting.
[    0.000000] cma: CMA: reserved 64 MiB at ab800000
[    0.000000] Memory policy: Data cache writealloc
[    0.000000] On node 0 totalpages: 524032
[    0.000000] free_area_init_node: node 0, pgdat c0b9fb40, node_mem_map ea7d9000
[    0.000000]   DMA zone: 1520 pages used for memmap
[    0.000000]   DMA zone: 0 pages reserved
[    0.000000]   DMA zone: 194560 pages, LIFO batch:31
[    0.000000]   HighMem zone: 2574 pages used for memmap
[    0.000000]   HighMem zone: 329472 pages, LIFO batch:31
[    0.000000] fuse_speedo_calib: ATE prog ver 3.3
[    0.000000] Tegra30: CPU Speedo ID 5, Soc Speedo ID 2
[    0.000000] Tegra Revision: A03 SKU: 128 CPU Process: 4 Core Process: 0
[    0.000000] L310 cache controller enabled
[    0.000000] l2x0: 8 ways, CACHE_ID 0x410000c7, AUX_CTRL 0x7e480001, Cache size: 1024 kB
[    0.000000] PERCPU: Embedded 7 pages/cpu @ea79e000 s8192 r8192 d12288 u32768
[    0.000000] pcpu-alloc: s8192 r8192 d12288 u32768 alloc=8*4096
[    0.000000] pcpu-alloc: [0] 0 [0] 1 [0] 2 [0] 3 
[    0.000000] Built 1 zonelists in Zone order, mobility grouping on.  Total pages: 522512
[    0.000000] Kernel command line: ignore_loglevel console=ttyS0,115200n8 rw root=/dev/mmcblk0p1 rootwait gpt debug init=/bin/bash noinitrd
[    0.000000] PID hash table entries: 4096 (order: 2, 16384 bytes)
[    0.000000] Dentry cache hash table entries: 131072 (order: 7, 524288 bytes)
[    0.000000] Inode-cache hash table entries: 65536 (order: 6, 262144 bytes)
[    0.000000] Memory: 2002892K/2096128K available (6055K kernel code, 797K rwdata, 2428K rodata, 548K init, 290K bss, 93236K reserved, 1317888K highmem)
[    0.000000] Virtual kernel memory layout:
[    0.000000]     vector  : 0xffff0000 - 0xffff1000   (   4 kB)
[    0.000000]     fixmap  : 0xfff00000 - 0xfffe0000   ( 896 kB)
[    0.000000]     vmalloc : 0xf0000000 - 0xff000000   ( 240 MB)
[    0.000000]     lowmem  : 0xc0000000 - 0xef800000   ( 760 MB)
[    0.000000]     pkmap   : 0xbfe00000 - 0xc0000000   (   2 MB)
[    0.000000]     modules : 0xbf000000 - 0xbfe00000   (  14 MB)
[    0.000000]       .text : 0xc0208000 - 0xc0a50e00   (8484 kB)
[    0.000000]       .init : 0xc0a51000 - 0xc0ada000   ( 548 kB)
[    0.000000]       .data : 0xc0ada000 - 0xc0ba17e0   ( 798 kB)
[    0.000000]        .bss : 0xc0ba17e8 - 0xc0bea0a0   ( 291 kB)
[    0.000000] SLUB: HWalign=64, Order=0-3, MinObjects=0, CPUs=4, Nodes=1
[    0.000000] Hierarchical RCU implementation.
[    0.000000] NR_IRQS:16 nr_irqs:16 16
[    0.000011] sched_clock: 32 bits at 1000kHz, resolution 1000ns, wraps every 2147483648000ns
[    0.000783] Console: colour dummy device 80x30
[    0.000811] Calibrating delay loop... 2793.47 BogoMIPS (lpj=13967360)
[    0.059935] pid_max: default: 32768 minimum: 301
[    0.060042] Mount-cache hash table entries: 2048 (order: 1, 8192 bytes)
[    0.060049] Mountpoint-cache hash table entries: 2048 (order: 1, 8192 bytes)
[    0.060514] CPU: Testing write buffer coherency: ok
[    0.060787] CPU0: thread -1, cpu 0, socket 0, mpidr 80000000
[    0.060847] Setting up static identity map for 0x807b8d08 - 0x807b8da0
[    0.062356] CPU1: Booted secondary processor
[    0.119977] CPU1: thread -1, cpu 1, socket 0, mpidr 80000001
[    0.120833] CPU2: Booted secondary processor
[    0.179976] CPU2: thread -1, cpu 2, socket 0, mpidr 80000002
[    0.180831] CPU3: Booted secondary processor
[    0.239977] CPU3: thread -1, cpu 3, socket 0, mpidr 80000003
[    0.240036] Brought up 4 CPUs
[    0.240052] SMP: Total of 4 processors activated.
[    0.240059] CPU: All CPU(s) started in SVC mode.
[    0.240569] devtmpfs: initialized
[    0.242979] VFP support v0.3: implementor 41 architecture 3 part 30 variant 9 rev 4
[    0.243288] pinctrl core: initialized pinctrl subsystem
[    0.243551] regulator-dummy: no parameters
[    0.249719] NET: Registered protocol family 16
[    0.252828] DMA: preallocated 256 KiB pool for atomic coherent allocations
[    0.253421] cpuidle: using governor ladder
[    0.253429] cpuidle: using governor menu
[    0.259601] No ATAGs?
[    0.260732] Serial: AMBA PL011 UART driver
[    0.266586] edma-dma-engine edma-dma-engine.0: Can't allocate PaRAM dummy slot
[    0.266604] edma-dma-engine: probe of edma-dma-engine.0 failed with error -5
[    0.266901] vdd_5v_in: 5000 mV 
[    0.266990] platform 1.regulator: Driver reg-fixed-voltage requests probe deferral
[    0.267023] platform 2.regulator: Driver reg-fixed-voltage requests probe deferral
[    0.267126] vdd_5v_sata: Failed to request enable GPIO30: -517
[    0.267177] reg-fixed-voltage 3.regulator: Failed to register regulator: -517
[    0.267188] platform 3.regulator: Driver reg-fixed-voltage requests probe deferral
[    0.267272] usb1_vbus: Failed to request enable GPIO238: -517
[    0.267313] reg-fixed-voltage 4.regulator: Failed to register regulator: -517
[    0.267324] platform 4.regulator: Driver reg-fixed-voltage requests probe deferral
[    0.267405] usb3_vbus: Failed to request enable GPIO236: -517
[    0.267447] reg-fixed-voltage 5.regulator: Failed to register regulator: -517
[    0.267457] platform 5.regulator: Driver reg-fixed-voltage requests probe deferral
[    0.267490] platform 6.regulator: Driver reg-fixed-voltage requests probe deferral
[    0.267571] sys_3v3_pexs: Failed to request enable GPIO95: -517
[    0.267612] reg-fixed-voltage 7.regulator: Failed to register regulator: -517
[    0.267622] platform 7.regulator: Driver reg-fixed-voltage requests probe deferral
[    0.268808] vgaarb: loaded
[    0.269120] SCSI subsystem initialized
[    0.269273] libata version 3.00 loaded.
[    0.269466] usbcore: registered new interface driver usbfs
[    0.269503] usbcore: registered new interface driver hub
[    0.269563] usbcore: registered new device driver usb
[    0.279984] vdd_1v8_gen: 1800 mV 
[    0.280035] vdd_1v8_gen: supplied by vdd_5v_in
[    0.289964] vddio_ddr_1v2: 1200 mV 
[    0.290454] vddio_ddr_1v2: supplied by vdd_5v_in
[    0.299964] vdd_1v5_gen: 1500 mV 
[    0.300010] vdd_1v5_gen: supplied by vdd_5v_in
[    0.309964] vdd_cpu,vdd_sys: 1000 mV 
[    0.312309] vdd_pexa,vdd_pexb: 1050 mV 
[    0.312338] vdd_pexa,vdd_pexb: supplied by vdd_1v5_gen
[    0.315063] vdd_sata,avdd_plle: 1050 mV 
[    0.315094] vdd_sata,avdd_plle: supplied by vdd_1v5_gen
[    0.319968] vdd_rtc: 1200 mV 
[    0.320000] vdd_rtc: supplied by vdd_5v_in
[    0.329964] vddio_sdmmc,avdd_vdac: 3300 mV 
[    0.330005] vddio_sdmmc,avdd_vdac: supplied by vdd_5v_in
[    0.332701] avdd_dsi_csi,pwrdet_mipi: 1200 mV 
[    0.332731] avdd_dsi_csi,pwrdet_mipi: supplied by vdd_1v8_gen
[    0.339964] vdd_pllm,x,u,a_p_c_s: 1200 mV 
[    0.339994] vdd_pllm,x,u,a_p_c_s: supplied by vdd_1v8_gen
[    0.349964] vdd_ddr_hs: 1000 mV 
[    0.349993] vdd_ddr_hs: supplied by vdd_1v8_gen
[    0.351763] tps62361-vout: 500 <--> 1500 mV at 1160 mV 
[    0.351884] Linux video capture interface: v2.00
[    0.351918] pps_core: LinuxPPS API ver. 1 registered
[    0.351923] pps_core: Software ver. 5.3.6 - Copyright 2005-2007 Rodolfo Giometti <giometti@linux.it>
[    0.351936] PTP clock support registered
[    0.351964] EDAC MC: Ver: 3.0.0
[    0.352378] platform 7000f010.iommu: Driver tegra-smmu requests probe deferral
[    0.352481] Advanced Linux Sound Architecture Driver Initialized.
[    0.353132] Switched to clocksource timer_us
[    0.358781] NET: Registered protocol family 2
[    0.359122] TCP established hash table entries: 8192 (order: 3, 32768 bytes)
[    0.359171] TCP bind hash table entries: 8192 (order: 4, 65536 bytes)
[    0.359254] TCP: Hash tables configured (established 8192 bind 8192)
[    0.359331] TCP: reno registered
[    0.359343] UDP hash table entries: 512 (order: 2, 16384 bytes)
[    0.359403] UDP-Lite hash table entries: 512 (order: 2, 16384 bytes)
[    0.359564] NET: Registered protocol family 1
[    0.359766] RPC: Registered named UNIX socket transport module.
[    0.359772] RPC: Registered udp transport module.
[    0.359776] RPC: Registered tcp transport module.
[    0.359780] RPC: Registered tcp NFSv4.1 backchannel transport module.
[    0.359788] PCI: CLS 0 bytes, default 64
[    0.360949] futex hash table entries: 1024 (order: 4, 65536 bytes)
[    0.361840] bounce pool size: 64 pages
[    0.367221] squashfs: version 4.0 (2009/01/31) Phillip Lougher
[    0.367621] NFS: Registering the id_resolver key type
[    0.367662] Key type id_resolver registered
[    0.367667] Key type id_legacy registered
[    0.367697] msgmni has been set to 1465
[    0.368026] Block layer SCSI generic (bsg) driver version 0.4 loaded (major 249)
[    0.368034] io scheduler noop registered
[    0.368038] io scheduler deadline registered
[    0.368145] io scheduler cfq registered (default)
[    0.370956] platform 3000.pcie-controller: Driver tegra-pcie requests probe deferral
[    0.373475] tegra-apbdma 6000a000.dma: Tegra20 APB DMA driver register 32 channels
[    0.406683] Serial: 8250/16550 driver, 4 ports, IRQ sharing disabled
[    0.407682] Serial: IMX driver
[    0.407890] msm_serial: driver initialized
[    0.408429] console [ttyS0] disabled
[    0.408455] 70006000.serial: ttyS0 at MMIO 0x70006000 (irq = 68, base_baud = 25500000) is a Tegra
[    1.267413] console [ttyS0] enabled
[    1.271325] STMicroelectronics ASC driver initialized
[    1.276763] serial: Freescale lpuart driver
[    1.281056] [drm] Initialized drm 1.1.0 20060810
[    1.286419] tegra-hdmi 54280000.hdmi: failed to get VDD regulator
[    1.292508] platform 54280000.hdmi: Driver tegra-hdmi requests probe deferral
[    1.303024] loop: module loaded
[    1.308655] m25p80 spi32766.1: w25q32 (4096 Kbytes)
[    1.315121] pegasus: v0.9.3 (2013/04/25), Pegasus/Pegasus II USB Ethernet driver
[    1.322553] usbcore: registered new interface driver pegasus
[    1.328247] usbcore: registered new interface driver asix
[    1.333664] usbcore: registered new interface driver ax88179_178a
[    1.339763] usbcore: registered new interface driver cdc_ether
[    1.345633] usbcore: registered new interface driver smsc75xx
[    1.351396] usbcore: registered new interface driver smsc95xx
[    1.357156] usbcore: registered new interface driver net1080
[    1.362833] usbcore: registered new interface driver cdc_subset
[    1.368767] usbcore: registered new interface driver zaurus
[    1.374385] usbcore: registered new interface driver cdc_ncm
[    1.380047] ehci_hcd: USB 2.0 'Enhanced' Host Controller (EHCI) Driver
[    1.386564] ehci-pci: EHCI PCI platform driver
[    1.391021] ehci-platform: EHCI generic platform driver
[    1.396334] ehci-omap: OMAP-EHCI Host Controller driver
[    1.401600] ehci-orion: EHCI orion driver
[    1.405662] SPEAr-ehci: EHCI SPEAr driver
[    1.409713] tegra-ehci: Tegra EHCI driver
[    1.413854] platform 7d004000.usb: Driver tegra-ehci requests probe deferral
[    1.420927] platform 7d008000.usb: Driver tegra-ehci requests probe deferral
[    1.428237] usbcore: registered new interface driver usb-storage
[    1.434544] platform 7d004000.usb-phy: Driver tegra-phy requests probe deferral
[    1.441885] platform 7d008000.usb-phy: Driver tegra-phy requests probe deferral
[    1.449842] mousedev: PS/2 mouse device common for all mice
[    1.456422] tegra_rtc 7000e000.rtc: rtc core: registered 7000e000.rtc as rtc1
[    1.463569] tegra_rtc 7000e000.rtc: Tegra internal Real Time Clock
[    1.482422] tps65910-rtc tps65910-rtc: rtc core: registered tps65910-rtc as rtc0
[    1.489904] i2c /dev entries driver
[    1.494211] usbcore: registered new interface driver uvcvideo
[    1.499942] USB Video Class driver (1.1.1)
[    1.504034] gspca_main: v2.14.0 registered
[    1.509758] sdhci: Secure Digital Host Controller Interface driver
[    1.515931] sdhci: Copyright(c) Pierre Ossman
[    1.520613] sdhci-pltfm: SDHCI platform and OF driver helper
[    1.526700] sdhci-tegra 78000000.sdhci: Got CD GPIO #69.
[    1.532011] sdhci-tegra 78000000.sdhci: Got WP GPIO #155.
[    1.538446] mmc0: no vqmmc regulator found
[    1.542531] mmc0: no vmmc regulator found
[    1.546536] mmc0: Invalid maximum block size, assuming 512 bytes
[    1.593141] mmc0: SDHCI controller on 78000000.sdhci [78000000.sdhci] using ADMA
[    1.601587] mmc1: no vqmmc regulator found
[    1.605685] mmc1: no vmmc regulator found
[    1.609682] mmc1: Invalid maximum block size, assuming 512 bytes
[    1.653137] mmc1: SDHCI controller on 78000600.sdhci [78000600.sdhci] using ADMA
[    1.662782] usbcore: registered new interface driver usbhid
[    1.670356] usbhid: USB HID core driver
[    1.821519] mmc1: new high speed MMC card at address 0001
[    1.827159] mmcblk0: mmc1:0001 SEM16G 14.8 GiB 
[    1.831758] mmcblk0boot0: mmc1:0001 SEM16G partition 1 1.00 MiB
[    1.837746] mmcblk0boot1: mmc1:0001 SEM16G partition 2 1.00 MiB
[    1.843722] mmcblk0rpmb: mmc1:0001 SEM16G partition 3 128 KiB
[    1.853311] Primary GPT is invalid, using alternate GPT.
[    1.858624]  mmcblk0: p1 p2 p3 p4 p5
[    1.866098]  mmcblk0boot1: unknown partition table
[    1.873735]  mmcblk0boot0: unknown partition table
[    2.093988] tegra30-i2s 70080400.i2s: DMA channels sourced from device 70080000.ahub
[    2.109079] tegra-snd-rt5640 sound.4: rt5640-aif1 <-> 70080400.i2s mapping ok
[    2.118287] input: NVIDIA Tegra Beaver Headphones as /devices/soc0/sound.4/sound/card0/input0
[    2.127531] TCP: cubic registered
[    2.130839] NET: Registered protocol family 17
[    2.135421] Key type dns_resolver registered
[    2.140022] ThumbEE CPU extension supported.
[    2.144307] Registering SWP/SWPB emulation handler
[    2.149437] vdd_sata,avdd_plle: disabling
[    2.155470] chargepump_5v: 5000 mV 
[    2.160832] vdd_ddr: 1500 mV 
[    2.163838] vdd_ddr: supplied by vdd_5v_in
[    2.168120] vdd_5v_sata: 5000 mV 
[    2.171443] vdd_5v_sata: supplied by vdd_5v_in
[    2.176052] usb1_vbus: 5000 mV 
[    2.179209] usb1_vbus: supplied by vdd_5v_in
[    2.183631] usb3_vbus: 5000 mV 
[    2.186779] usb3_vbus: supplied by vdd_5v_in
[    2.192596] sys_3v3,vdd_3v3_alw: 3300 mV 
[    2.196626] sys_3v3,vdd_3v3_alw: supplied by vdd_5v_in
[    2.201920] sys_3v3_pexs: 3300 mV 
[    2.205340] sys_3v3_pexs: supplied by sys_3v3,vdd_3v3_alw
[    2.211195] tegra-pcie 3000.pcie-controller: 2x3 configuration
[    2.221534] tegra-pcie 3000.pcie-controller: probing port 0, using 2 lanes
[    2.282654] tegra-pcie 3000.pcie-controller: probing port 2, using 2 lanes
[    2.693304] tegra-pcie 3000.pcie-controller: link 2 down, retrying
[    3.103244] tegra-pcie 3000.pcie-controller: link 2 down, retrying
[    3.513192] tegra-pcie 3000.pcie-controller: link 2 down, retrying
[    3.521368] tegra-pcie 3000.pcie-controller: link 2 down, ignoring
[    3.527661] tegra-pcie 3000.pcie-controller: PCI host bridge to bus 0000:00
[    3.534621] pci_bus 0000:00: root bus resource [mem 0x20000000-0x27ffffff]
[    3.541483] pci_bus 0000:00: root bus resource [mem 0x28000000-0x3fffffff pref]
[    3.548787] pci_bus 0000:00: root bus resource [bus 00-ff]
[    3.554271] pci_bus 0000:00: root bus resource [io  0x1000-0xffff]
[    3.560461] pci 0000:00:01.0: [10de:0e1c] type 01 class 0x060400
[    3.566515] pci 0000:00:01.0: PME# supported from D0 D1 D2 D3hot D3cold
[    3.573273] PCI: bus0: Fast back to back transfers disabled
[    3.578836] pci 0000:00:01.0: bridge configuration invalid ([bus 00-00]), reconfiguring
[    3.586948] pci 0000:01:00.0: [10ec:8168] type 00 class 0x020000
[    3.592960] pci 0000:01:00.0: reg 0x10: [io  0x0000-0x00ff]
[    3.598542] pci 0000:01:00.0: reg 0x18: [mem 0x00000000-0x00000fff 64bit pref]
[    3.605766] pci 0000:01:00.0: reg 0x20: [mem 0x00000000-0x00003fff 64bit pref]
[    3.613017] pci 0000:01:00.0: supports D1 D2
[    3.617287] pci 0000:01:00.0: PME# supported from D0 D1 D2 D3hot D3cold
[    3.624026] PCI: bus1: Fast back to back transfers disabled
[    3.629590] pci_bus 0000:01: busn_res: [bus 01-ff] end is updated to 01
[    3.636256] pci 0000:00:01.0: BAR 9: assigned [mem 0x28000000-0x280fffff 64bit pref]
[    3.643995] pci 0000:00:01.0: BAR 7: assigned [io  0x1000-0x1fff]
[    3.650080] pci 0000:01:00.0: BAR 4: assigned [mem 0x28000000-0x28003fff 64bit pref]
[    3.657825] pci 0000:01:00.0: BAR 2: assigned [mem 0x28004000-0x28004fff 64bit pref]
[    3.665570] pci 0000:01:00.0: BAR 0: assigned [io  0x1000-0x10ff]
[    3.671654] pci 0000:00:01.0: PCI bridge to [bus 01]
[    3.676616] pci 0000:00:01.0:   bridge window [io  0x1000-0x1fff]
[    3.682699] pci 0000:00:01.0:   bridge window [mem 0x28000000-0x280fffff 64bit pref]
[    3.690448] pci 0000:00:01.0: nv_msi_ht_cap_quirk didn't locate host bridge
[    3.697556] r8169 Gigabit Ethernet driver 2.3LK-NAPI loaded
[    3.703160] r8169 0000:01:00.0: enabling device (0140 -> 0143)
[    3.709531] r8169 0000:01:00.0 eth0: RTL8168evl/8111evl at 0xf002e000, 02:04:4b:01:60:a6, XID 0c900800 IRQ 472
[    3.719528] r8169 0000:01:00.0 eth0: jumbo features [frames: 9200 bytes, tx checksumming: ko]
[    3.729953] [drm] Supports vblank timestamp caching Rev 2 (21.10.2013).
[    3.736580] [drm] No driver support for vblank timestamp query.
[    3.742518] host1x drm: No connectors reported connected with modes
[    3.748794] [drm] Cannot find any crtc or sizes - going 1024x768
[    3.767676] Console: switching to colour frame buffer device 128x48
[    3.779954] host1x drm: fb0:  frame buffer device
[    3.784652] host1x drm: registered panic notifier
[    3.789350] [drm] Initialized tegra 0.0.0 20120330 on minor 0
[    3.795548] platform 7d004000.usb: Driver tegra-ehci requests probe deferral
[    3.802925] platform 7d008000.usb: Driver tegra-ehci requests probe deferral
[    3.814294] tegra-ehci 7d004000.usb: EHCI Host Controller
[    3.819692] tegra-ehci 7d004000.usb: new USB bus registered, assigned bus number 1
[    3.827496] tegra-ehci 7d004000.usb: irq 53, io mem 0x7d004000
[    3.853141] tegra-ehci 7d004000.usb: USB 2.0 started, EHCI 1.00
[    3.859484] hub 1-0:1.0: USB hub found
[    3.863259] hub 1-0:1.0: 1 port detected
[    3.867622] tegra-ehci 7d008000.usb: EHCI Host Controller
[    3.873023] tegra-ehci 7d008000.usb: new USB bus registered, assigned bus number 2
[    3.880830] tegra-ehci 7d008000.usb: irq 129, io mem 0x7d008000
[    3.903140] tegra-ehci 7d008000.usb: USB 2.0 started, EHCI 1.00
[    3.909435] hub 2-0:1.0: USB hub found
[    3.913210] hub 2-0:1.0: 1 port detected
[    3.921082] tps65910-rtc tps65910-rtc: setting system clock to 2000-01-01 00:00:02 UTC (946684802)
[    3.933849] ALSA device list:
[    3.936816]   #0: NVIDIA Tegra Beaver
[    3.942972] EXT4-fs (mmcblk0p1): mounting ext3 file system using the ext4 subsystem
[    3.968664] EXT4-fs (mmcblk0p1): warning: mounting fs with errors, running e2fsck is recommended
[    3.978983] EXT4-fs (mmcblk0p1): recovery complete
[    3.983786] EXT4-fs (mmcblk0p1): mounted filesystem with ordered data mode. Opts: (null)
[    3.991881] VFS: Mounted root (ext3 filesystem) on device 179:1.
[    4.016477] devtmpfs: mounted
[    4.019898] Freeing unused kernel memory: 548K (c0a51000 - c0ada000)
[    4.233583] usb 2-1: new high-speed USB device number 2 using tegra-ehci
bash: cannot set terminal process group (-1): Inappropriate ioctl for device
bash: no job control in this shell
root@(none):/# [    4.714450] asix 2-1:1.0 eth1: register 'asix' at usb-7d008000.usb-1, ASIX AX88772 USB 2.0 Ethernet, 00:50:b6:0f:68:6d
