

U-Boot 2015.04-00466-gedec83e90172 (Mar 14 2016 - 10:42:01)

TEGRA124
Model: Acer Chromebook 13 CB5-311
DRAM:  4 GiB
:   Tegra SD/MMC: 0, Tegra SD/MMC: 1, Tegra SD/MMC: 2
MMC init failed
Using default environment

In:    serial
Out:   serial
Err:   serial
Net:   Net Initialization Skipped
No ethernet found.
Hit any key to stop autoboot:  2  0 
Tegra124 (Nyan-big) # 
Tegra124 (Nyan-big) # usb start
starting USB...
USB0:   USB EHCI 1.10
scanning bus 0 for devices... 2 USB Device(s) found
USB1:   USB EHCI 1.10
scanning bus 1 for devices... 2 USB Device(s) found
       scanning usb for storage devices... 1 Storage Device(s) found
       scanning usb for ethernet devices... 
Warning: asx0 using MAC address from net device
1 Ethernet Device(s) found
Tegra124 (Nyan-big) # setenv bootargs 'ignore_loglevel console=ttyS0,115200n8 rw root=PARTUUID=4d36e82a-b3c0-4b4b-bfcd-afe5217ac023 rootwait gpt debug noinitrd earlyprintk init=/bin/bash'
Tegra124 (Nyan-big) # setenv ipaddr 192.168.100.102; setenv serverip 192.168.100.1; setenv tftpserverip 192.168.100.1
Tegra124 (Nyan-big) # tftpboot 0x82000000 zImage.tegra_defconfig
Using asx0 device
TFTP from server 192.168.100.1; our IP address is 192.168.100.102
Filename 'zImage.tegra_defconfig'.
Load address: 0x82000000
Loading: *#################################################################
	 #################################################################
	 #################################################################
	 #################################################################
	 #################################################################
	 ############################################
	 3.4 MiB/s
done
Bytes transferred = 5410256 (528dd0 hex)
Tegra124 (Nyan-big) # tftpboot 0x83000000 tegra124-nyan-big.dtb
Using asx0 device
TFTP from server 192.168.100.1; our IP address is 192.168.100.102
Filename 'tegra124-nyan-big.dtb'.
Load address: 0x83000000
Loading: *#####
	 3.2 MiB/s
done
Bytes transferred = 66821 (10505 hex)
Tegra124 (Nyan-big) # bootz 0x82000000 - 0x83000000
Kernel image @ 0x82000000 [ 0x000000 - 0x528dd0 ]
## Flattened Device Tree blob at 83000000
   Booting using the fdt blob at 0x83000000
   Using Device Tree in place at 83000000, end 83013504

Starting kernel ...

[    3.115625] console [ttyS0] enabled
[    3.119101] bootconsole [earlycon0] disabled
[    3.124370] [drm] Initialized drm 1.1.0 20060810
[    3.129432] tegra-hdmi 54280000.hdmi: failed to get HDMI regulator
[    3.136031] tegra-dpaux 545c0000.dpaux: failed to get VDD supply: -517
[    3.143348] panel supply power not found, using dummy regulator
[    3.154740] loop: module loaded
[    3.158494] as3722 4-0040: AS3722 with revision 0x1 found
[    3.168625] as3722-sd2: supplied by +5V_SYS
[    3.173127] as3722-sd3: supplied by +5V_SYS
[    3.177484] +1.35V_LP0(sd3): Bringing 0uV into 1350000-1350000uV
[    3.183746] as3722-sd4: supplied by +5V_SYS
[    3.188092] +1.05V_RUN: Bringing 0uV into 1050000-1050000uV
[    3.193918] as3722-sd5: supplied by +5V_SYS
[    3.199716] as3722-ldo0: supplied by +1.35V_LP0(sd2)
[    3.205552] +1.8V_RUN_CAM: Bringing 0uV into 1800000-1800000uV
[    3.211665] as3722-ldo2: supplied by +1.8V_VDDIO
[    3.217398] as3722-ldo3: supplied by +3.3V_SYS
[    3.221851] +1.00V_LP0_VDD_RTC: Bringing 1100000uV into 1000000-1000000uV
[    3.229516] as3722-ldo4: supplied by +3.3V_SYS
[    3.234114] +3.3V_RUN_CAM: Bringing 0uV into 2800000-2800000uV
[    3.240232] as3722-ldo5: supplied by +1.8V_VDDIO
[    3.245015] +1.2V_RUN_CAM_FRONT: Bringing 0uV into 1200000-1200000uV
[    3.251797] +VDDIO_SDMMC3: Bringing 0uV into 1800000-1800000uV
[    3.257929] as3722-ldo7: supplied by +1.8V_VDDIO
[    3.262702] +1.05V_RUN_CAM_REAR: Bringing 0uV into 1050000-1050000uV
[    3.269352] as3722-ldo9: supplied by +5V_SYS
[    3.273924] +2.8V_RUN_TOUCH: Bringing 0uV into 2800000-2800000uV
[    3.280228] as3722-ldo10: supplied by +5V_SYS
[    3.284740] +2.8V_RUN_CAM_AF: Bringing 0uV into 2800000-2800000uV
[    3.291276] +1.8V_RUN_VPP_FUSE: Bringing 0uV into 1800000-1800000uV
[    3.341702] cros-ec-spi spi32766.0: Chrome EC device registered
[    3.351382] random: fast init done
[    3.357128] m25p80 spi32765.0: w25q32dw (4096 Kbytes)
[    3.363524] libphy: Fixed MDIO Bus: probed
[    3.367627] CAN device driver interface
[    3.371485] igb: Intel(R) Gigabit Ethernet Network Driver - version 5.3.0-k
[    3.378435] igb: Copyright (c) 2007-2014 Intel Corporation.
[    3.384107] pegasus: v0.9.3 (2013/04/25), Pegasus/Pegasus II USB Ethernet driver
[    3.391547] usbcore: registered new interface driver pegasus
[    3.397257] usbcore: registered new interface driver asix
[    3.402678] usbcore: registered new interface driver ax88179_178a
[    3.408812] usbcore: registered new interface driver cdc_ether
[    3.414696] usbcore: registered new interface driver smsc75xx
[    3.420479] usbcore: registered new interface driver smsc95xx
[    3.426264] usbcore: registered new interface driver net1080
[    3.431946] usbcore: registered new interface driver cdc_subset
[    3.437896] usbcore: registered new interface driver zaurus
[    3.443512] usbcore: registered new interface driver cdc_ncm
[    3.449272] ehci_hcd: USB 2.0 'Enhanced' Host Controller (EHCI) Driver
[    3.455789] ehci-pci: EHCI PCI platform driver
[    3.460259] tegra-ehci: Tegra EHCI driver
[    3.464593] usbcore: registered new interface driver cdc_acm
[    3.470244] cdc_acm: USB Abstract Control Model driver for USB modems and ISDN adapters
[    3.478274] usbcore: registered new interface driver cdc_wdm
[    3.483975] usbcore: registered new interface driver usb-storage
[    3.490238] mousedev: PS/2 mouse device common for all mice
[    3.496117] input: cros_ec as /devices/soc0/7000d400.spi/spi_master/spi32766/spi32766.0/7000d400.spi:cros-ec@0:keyboard-controller/input/input0
[    3.511134] as3722-rtc as3722-rtc: rtc core: registered as3722-rtc as rtc0
[    3.518009] as3722-rtc as3722-rtc: RTC interrupt 370
[    3.524837] tegra_rtc 7000e000.rtc: rtc core: registered 7000e000.rtc as rtc1
[    3.531986] tegra_rtc 7000e000.rtc: Tegra internal Real Time Clock
[    3.538305] i2c /dev entries driver
[    3.542549] usbcore: registered new interface driver uvcvideo
[    3.548287] USB Video Class driver (1.1.1)
[    3.552369] gspca_main: v2.14.0 registered
[    3.556754] 0-004c supply vcc not found, using dummy regulator
[    3.564531] tegra-wdt 60005000.timer: initialized (heartbeat = 120 sec, nowayout = 0)
[    3.572951] sdhci: Secure Digital Host Controller Interface driver
[    3.579132] sdhci: Copyright(c) Pierre Ossman
[    3.583476] sdhci-pltfm: SDHCI platform and OF driver helper
[    3.589268] sdhci-tegra 700b0000.sdhci: allocated mmc-pwrseq
[    3.595076] sdhci-tegra 700b0400.sdhci: Got CD GPIO
[    3.599946] sdhci-tegra 700b0400.sdhci: Got WP GPIO
[    3.604968] mmc0: Unknown controller version (3). You may experience problems.
[    3.612201] mmc0: Invalid maximum block size, assuming 512 bytes
[    3.674665] mmc0: SDHCI controller on 700b0600.sdhci [700b0600.sdhci] using ADMA 64-bit
[    3.685111] usbcore: registered new interface driver usbhid
[    3.693594] usbhid: USB HID core driver
[    3.700713] BUG: scheduling while atomic: kworker/0:1/37/0x00000002
[    3.706964] Modules linked in:
[    3.710016] CPU: 0 PID: 37 Comm: kworker/0:1 Not tainted 4.8.0-rc3-110147-gfa8410b #1
[    3.717827] Hardware name: NVIDIA Tegra SoC (Flattened Device Tree)
[    3.724081] Workqueue: events_freezable mmc_rescan
[    3.728876] [<c010f318>] (unwind_backtrace) from [<c010a8a0>] (show_stack+0x10/0x14)
[    3.736603] [<c010a8a0>] (show_stack) from [<c034389c>] (dump_stack+0x84/0xa4)
[    3.743812] [<c034389c>] (dump_stack) from [<c01b0454>] (__schedule_bug+0x60/0x80)
[    3.751367] [<c01b0454>] (__schedule_bug) from [<c08069b8>] (__schedule+0x550/0x634)
[    3.759093] [<c08069b8>] (__schedule) from [<c0806cb4>] (schedule+0x50/0xc0)
[    3.766124] [<c0806cb4>] (schedule) from [<c0806f10>] (schedule_preempt_disabled+0x24/0x40)
[    3.774456] [<c0806f10>] (schedule_preempt_disabled) from [<c080958c>] (__mutex_lock_slowpath+0x17c/0x3dc)
[    3.784089] [<c080958c>] (__mutex_lock_slowpath) from [<c08097f8>] (mutex_lock+0xc/0x24)
[    3.792162] [<c08097f8>] (mutex_lock) from [<c05d7600>] (clk_prepare_lock+0x3c/0xe4)
[    3.799889] [<c05d7600>] (clk_prepare_lock) from [<c05d9b18>] (clk_set_rate+0x14/0x30)
[    3.807789] [<c05d9b18>] (clk_set_rate) from [<c05bbd3c>] (tegra_sdhci_set_clock+0x28/0xdc)
[    3.816121] [<c05bbd3c>] (tegra_sdhci_set_clock) from [<c05bae90>] (sdhci_set_ios+0x33c/0x62c)
[    3.824713] [<c05bae90>] (sdhci_set_ios) from [<c05a4320>] (mmc_set_bus_mode+0x18/0x1c)
[    3.832699] [<c05a4320>] (mmc_set_bus_mode) from [<c05a8d14>] (mmc_attach_mmc+0xcc/0x154)
[    3.840857] [<c05a8d14>] (mmc_attach_mmc) from [<c05a52a0>] (mmc_rescan+0x274/0x34c)
[    3.848583] [<c05a52a0>] (mmc_rescan) from [<c0133f6c>] (process_one_work+0x120/0x32c)
[    3.856482] [<c0133f6c>] (process_one_work) from [<c01341dc>] (worker_thread+0x2c/0x4b4)
[    3.864554] [<c01341dc>] (worker_thread) from [<c0139314>] (kthread+0xd8/0xf4)
[    3.871760] [<c0139314>] (kthread) from [<c0107978>] (ret_from_fork+0x14/0x3c)
[    3.879295] tegra30-i2s 70301100.i2s: DMA channels sourced from device 70300000.ahub
[    3.888859] BUG: scheduling while atomic: kworker/0:1/37/0x00000000
[    3.895132] Modules linked in:
[    3.898184] CPU: 0 PID: 37 Comm: kworker/0:1 Tainted: G        W       4.8.0-rc3-110147-gfa8410b #1
[    3.907207] Hardware name: NVIDIA Tegra SoC (Flattened Device Tree)
[    3.913459] Workqueue: events_freezable mmc_rescan
[    3.918247] [<c010f318>] (unwind_backtrace) from [<c010a8a0>] (show_stack+0x10/0x14)
[    3.925974] [<c010a8a0>] (show_stack) from [<c034389c>] (dump_stack+0x84/0xa4)
[    3.933180] [<c034389c>] (dump_stack) from [<c01b0454>] (__schedule_bug+0x60/0x80)
[    3.940732] [<c01b0454>] (__schedule_bug) from [<c08069b8>] (__schedule+0x550/0x634)
[    3.948456] [<c08069b8>] (__schedule) from [<c0806cb4>] (schedule+0x50/0xc0)
[    3.955487] [<c0806cb4>] (schedule) from [<c080ab60>] (schedule_timeout+0x230/0x320)
[    3.963212] [<c080ab60>] (schedule_timeout) from [<c08075f0>] (wait_for_common+0xbc/0x148)
[    3.971457] [<c08075f0>] (wait_for_common) from [<c05a2e94>] (mmc_wait_for_req+0xc0/0x154)
[    3.979702] [<c05a2e94>] (mmc_wait_for_req) from [<c05a2f9c>] (mmc_wait_for_cmd+0x74/0x94)
[    3.987947] [<c05a2f9c>] (mmc_wait_for_cmd) from [<c05a9784>] (mmc_send_op_cond+0x98/0xec)
[    3.996192] [<c05a9784>] (mmc_send_op_cond) from [<c05a8c80>] (mmc_attach_mmc+0x38/0x154)
[    4.004349] [<c05a8c80>] (mmc_attach_mmc) from [<c05a52a0>] (mmc_rescan+0x274/0x34c)
[    4.012074] [<c05a52a0>] (mmc_rescan) from [<c0133f6c>] (process_one_work+0x120/0x32c)
[    4.019972] [<c0133f6c>] (process_one_work) from [<c01341dc>] (worker_thread+0x2c/0x4b4)
[    4.028044] [<c01341dc>] (worker_thread) from [<c0139314>] (kthread+0xd8/0xf4)
[    4.035248] [<c0139314>] (kthread) from [<c0107978>] (ret_from_fork+0x14/0x3c)
[    4.044508] max98090 0-0010: MAX98090 REVID=0x43
[    4.050961] max98090 0-0010: use default 2.8v micbias
[    4.059263] tegra-snd-max98090 sound: HiFi <-> 70301100.i2s mapping ok
[    4.067145] input: GoogleNyanBig Headphones as /devices/soc0/sound/sound/card1/input1
[    4.075246] input: GoogleNyanBig Mic Jack as /devices/soc0/sound/sound/card1/input2
[    4.104975] mmc0: new high speed MMC card at address 0001
[    4.110752] mmcblk0: mmc0:0001 MMC16G 14.4 GiB 
[    4.115448] mmcblk0boot0: mmc0:0001 MMC16G partition 1 2.00 MiB
[    4.121511] mmcblk0boot1: mmc0:0001 MMC16G partition 2 2.00 MiB
[    4.127595] mmcblk0rpmb: mmc0:0001 MMC16G partition 3 128 KiB
[    4.136339]  mmcblk0: p1 p2 p3 p4 p5 p6 p7 p8 p9 p10 p11 p12
[    4.394639] NET: Registered protocol family 10
[    4.554648] mip6: Mobile IPv6
[    4.557607] sit: IPv6, IPv4 and MPLS over IPv4 tunneling driver
[    4.564567] NET: Registered protocol family 17
[    4.569021] NET: Registered protocol family 15
[    4.573450] can: controller area network core (rev 20120528 abi 9)
[    4.614681] NET: Registered protocol family 29
[    4.619112] can: raw protocol (rev 20120528)
[    4.623369] can: broadcast manager protocol (rev 20160617 t)
[    4.629026] can: netlink gateway (rev 20130117) max_hops=1
[    4.674691] Bluetooth: RFCOMM socket layer initialized
[    4.679823] Bluetooth: RFCOMM ver 1.11
[    4.683563] Bluetooth: BNEP (Ethernet Emulation) ver 1.3
[    4.688873] Bluetooth: BNEP socket layer initialized
[    4.693822] Bluetooth: HIDP (Human Interface Emulation) ver 1.2
[    4.699736] Bluetooth: HIDP socket layer initialized
[    4.704863] Key type dns_resolver registered
[    4.709580] Registering SWP/SWPB emulation handler
[    4.715962] +3.3V_RUN: supplied by +3.3V_SYS
[    4.720792] +3.3V_AVDD_HDMI_AP_GATED: supplied by +3.3V_RUN
[    4.726417] +1.8V_RUN_CAM: supplied by +3.3V_RUN
[    4.731064] +VDDIO_SDMMC3: supplied by +3.3V_RUN
[    4.735803] +1.8V_RUN_VPP_FUSE: supplied by +3.3V_RUN
[    4.740986] +VDD_LED: supplied by +VDD_MUX
[    4.745437] +5V_VDD_TS_SW: supplied by +5V_SYS
[    4.750086] +5V_USB_HS: supplied by +5V_SYS
[    4.754471] +5V_USB_SS: supplied by +5V_SYS
[    4.759663] +3.3V_PANEL: supplied by +3.3V_RUN
[    4.765031] +3.3V_LP0: supplied by +3.3V_SYS
[    4.770184] +1.05V_RUN_AVDD_HDMI_PLL: supplied by +1.05V_RUN
[    4.776379] +5V_HDMI_CON: supplied by +5V_SYS
[    4.776743] input: tegra-hda HDMI/DP,pcm=3 as /devices/soc0/70030000.hda/sound/card0/input3
[    4.790394] usb3-0 supply vbus not found, using dummy regulator
[    4.796391] usb3-1 supply vbus not found, using dummy regulator
[    4.804772] tegra-sor 54540000.sor: failed to probe output: -517
[    4.810922] panel supply power not found, using dummy regulator
[    4.885353] tegra-xusb 70090000.usb: Firmware timestamp: 2014-09-16 02:10:07 UTC
[    4.892761] tegra-xusb 70090000.usb: xHCI Host Controller
[    4.898208] tegra-xusb 70090000.usb: new USB bus registered, assigned bus number 1
[    4.907799] tegra-xusb 70090000.usb: hcc params 0x0184f525 hci version 0x100 quirks 0x00010010
[    4.916438] tegra-xusb 70090000.usb: irq 342, io mem 0x70090000
[    4.922999] hub 1-0:1.0: USB hub found
[    4.926822] hub 1-0:1.0: 6 ports detected
[    4.931560] tegra-xusb 70090000.usb: xHCI Host Controller
[    4.936980] tegra-xusb 70090000.usb: new USB bus registered, assigned bus number 2
[    4.944670] usb usb2: We don't know the algorithms for LPM for this host, disabling LPM.
[    4.953393] hub 2-0:1.0: USB hub found
[    4.957203] hub 2-0:1.0: 2 ports detected
[    4.962324] sdhci-tegra 700b0000.sdhci: allocated mmc-pwrseq
[    4.968217] mmc1: Unknown controller version (3). You may experience problems.
[    4.975501] mmc1: Invalid maximum block size, assuming 512 bytes
[    4.982008] mmc1: Switching to 3.3V signalling voltage failed
[    5.044802] mmc1: SDHCI controller on 700b0000.sdhci [700b0000.sdhci] using ADMA 64-bit
[    5.053052] sdhci-tegra 700b0400.sdhci: Got CD GPIO
[    5.059991] sdhci-tegra 700b0400.sdhci: Got WP GPIO
[    5.068121] mmc2: Unknown controller version (3). You may experience problems.
[    5.075483] mmc2: Invalid maximum block size, assuming 512 bytes
[    5.118582] mmc1: new high speed SDIO card at address 0001
[    5.144799] mmc2: SDHCI controller on 700b0400.sdhci [700b0400.sdhci] using ADMA 64-bit
[    5.252997] [drm] Supports vblank timestamp caching Rev 2 (21.10.2013).
[    5.259659] [drm] No driver support for vblank timestamp query.
[    5.294668] usb 1-2: new high-speed USB device number 2 using tegra-xusb
[    5.297068] mmc2: new high speed SDHC card at address 0007
[    5.307889] mmcblk2: mmc2:0007 SD08G 7.42 GiB 
[    5.318124] GPT:Primary header alternate_lba != Alt. header my_lba
[    5.318128] GPT:3014591 != 15564799
[    5.318129] GPT:Primary header thinks Alt. header is not at the end of the disk.
[    5.318130] GPT:3014591 != 15564799
[    5.318131] GPT: Use GNU Parted to correct GPT errors.
[    5.318165]  mmcblk2: p1 p2 p3 p4 p5 p6 p7 p8 p9 p10 p11 p12
[    5.322339] Console: switching to colour frame buffer device 170x48
[    5.380450] drm drm: fb0:  frame buffer device
[    5.424721] [drm] Initialized tegra 0.0.0 20120330 on minor 0
[    5.431155] input: gpio-keys as /devices/soc0/gpio-keys/input/input4
[    5.438728] as3722-rtc as3722-rtc: setting system clock to 2000-01-01 00:00:24 UTC (946684824)
[    5.452957] +1.8V_RUN_CAM: disabling
[    5.456758] +1.2V_RUN_CAM_FRONT: disabling
[    5.461052] +1.05V_RUN_CAM_REAR: disabling
[    5.465377] +2.8V_RUN_TOUCH: disabling
[    5.469328] +2.8V_RUN_CAM_AF: disabling
[    5.473325] +1.8V_RUN_VPP_FUSE: disabling
[    5.477522] +5V_VDD_TS_SW: disabling
[    5.481278] ALSA device list:
[    5.484238]   #0: tegra-hda at 0x70038000 irq 341
[    5.488981]   #1: GoogleNyanBig
[    5.492901] EXT4-fs (mmcblk0p3): couldn't mount as ext3 due to feature incompatibilities
[    5.605289] uvcvideo: Found UVC 1.00 device HD WebCam (1bcf:2c67)
[    5.620195] input: HD WebCam as /devices/soc0/70090000.usb/usb1/1-2/1-2:1.0/input/input5
[    5.744972] EXT4-fs (mmcblk0p3): recovery complete
[    5.749765] EXT4-fs (mmcblk0p3): mounted filesystem with ordered data mode. Opts: (null)
[    5.757910] VFS: Mounted root (ext4 filesystem) on device 179:3.
[    5.765050] devtmpfs: mounted
[    5.768454] Freeing unused kernel memory: 1024K (c0c00000 - c0d00000)
bash: cannot set terminal process group (-1): Inappropriate ioctl for device
bash: no job control in this shell
root@(none):/# [    5.964719] usb 1-3: new high-speed USB device number 3 using tegra-xusb
[    7.038082] asix 1-3:1.0 eth0: register 'asix' at usb-70090000.usb-3, ASIX AX88772 USB 2.0 Ethernet, c8:d7:19:90:fa:65
[    7.384723] usb 1-1: new high-speed USB device number 4 using tegra-xusb
[    7.563274] usb-storage 1-1:1.0: USB Mass Storage device detected
[    7.580125] scsi host0: usb-storage 1-1:1.0
[    7.664824] scsi host0: runtime PM trying to activate child device host0 but parent (1-1:1.0) is not active
[    8.726524] scsi 0:0:0:0: Direct-Access     SanDisk  SDDR-113         9412 PQ: 0 ANSI: 0
[    8.899573] sd 0:0:0:0: [sda] 15523840 512-byte logical blocks: (7.95 GB/7.40 GiB)
[    8.908354] sd 0:0:0:0: [sda] Write Protect is off
[    8.913137] sd 0:0:0:0: [sda] Mode Sense: 03 00 00 00
[    8.919563] sd 0:0:0:0: [sda] No Caching mode page found
[    8.924936] sd 0:0:0:0: [sda] Assuming drive cache: write through
[    8.951388]  sda: sda1 sda2 sda3 sda4 sda5 sda6 sda7 sda8 sda9 sda10 sda11 sda12 sda13
[    8.965734] sd 0:0:0:0: [sda] Attached SCSI removable disk
mount -t sysfs none /sys
root@(none):/# 
root@(none):/# mount -t debugfs none /sys/kernel/debug
root@(none):/# 
root@(none):/# rtcwake -d rtc1 -m mem -s 3
rtcwake: assuming RTC uses UTC ...
rtcwake: wakeup from "mem" using /dev/rtc1 at Thu Jan  1 00:00:52 1970
[   31.884954] PM: Syncing filesystems ... done.
[   31.895062] Freezing user space processes ... (elapsed 0.001 seconds) done.
[   31.903219] Double checking all user space processes after OOM killer disable... (elapsed 0.000 seconds) 
[   31.912836] Freezing remaining freezable tasks ... (elapsed 0.001 seconds) done.
[   31.921452] Suspending console(s) (use no_console_suspend to debug)
[   32.146036] PM: suspend of devices complete after 217.732 msecs
[   32.146932] PM: late suspend of devices complete after 0.892 msecs
[   32.147765] PM: noirq suspend of devices complete after 0.829 msecs
[   32.147766] Disabling non-boot CPUs ...
[   32.204992] CPU1: shutdown
[   32.284984] CPU2: shutdown
[   32.384846] IRQ17 no longer affine to CPU3
[   32.385016] CPU3: shutdown
[   32.435454] Entering suspend state LP1
[   32.435467] Enabling non-boot CPUs ...
[   32.495853] CPU1 is up
[   32.555984] CPU2 is up
[   32.616231] CPU3 is up
[   32.616778] PM: noirq resume of devices complete after 0.543 msecs
[   32.618345] PM: early resume of devices complete after 1.063 msecs
[   32.659720] mmc1: Switching to 3.3V signalling voltage failed
[   32.844983] usb 1-1: reset high-speed USB device number 4 using tegra-xusb
[   32.914704] tegra-sor 54540000.sor: failed to attach SOR: -110
[   33.021640] PM: resume of devices complete after 403.286 msecs
[   33.107933] Restarting tasks ... done.
root@(none):/# 
root@(none):/# rtcwake -d rtc1 -m mem -s 3
rtcwake: assuming RTC uses UTC ...
rtcwake: wakeup from "mem" using /dev/rtc1 at Thu Jan  1 00:00:57 1970
[   34.244422] PM: Syncing filesystems ... done.
[   34.253766] Freezing user space processes ... (elapsed 0.001 seconds) done.
[   34.261968] Double checking all user space processes after OOM killer disable... (elapsed 0.000 seconds) 
[   34.271629] Freezing remaining freezable tasks ... (elapsed 0.001 seconds) done.
[   34.280281] Suspending console(s) (use no_console_suspend to debug)
[   34.496009] PM: suspend of devices complete after 208.870 msecs
[   34.496903] PM: late suspend of devices complete after 0.890 msecs
[   34.497731] PM: noirq suspend of devices complete after 0.824 msecs
[   34.497732] Disabling non-boot CPUs ...
[   34.534971] CPU1: shutdown
[   34.634959] CPU2: shutdown
[   34.744933] CPU3: shutdown
[   34.795422] Entering suspend state LP1
[   34.795449] Enabling non-boot CPUs ...
[   34.855842] CPU1 is up
[   34.915961] CPU2 is up
[   34.976211] CPU3 is up
[   34.976859] PM: noirq resume of devices complete after 0.644 msecs
[   34.978731] PM: early resume of devices complete after 1.355 msecs
[   35.030296] mmc1: Switching to 3.3V signalling voltage failed
[   35.214966] usb 1-1: reset high-speed USB device number 4 using tegra-xusb
[   35.284594] tegra-sor 54540000.sor: failed to attach SOR: -110
[   35.391616] PM: resume of devices complete after 412.875 msecs
[   35.473845] Restarting tasks ... done.
root@(none):/# 
root@(none):/# rtcwake -d rtc1 -m mem -s 3
rtcwake: assuming RTC uses UTC ...
rtcwake: wakeup from "mem" using /dev/rtc1 at Thu Jan  1 00:01:02 1970
[   36.604444] PM: Syncing filesystems ... done.
[   36.613905] Freezing user space processes ... (elapsed 0.001 seconds) done.
[   36.622137] Double checking all user space processes after OOM killer disable... (elapsed 0.000 seconds) 
[   36.631750] Freezing remaining freezable tasks ... (elapsed 0.001 seconds) done.
[   36.640468] Suspending console(s) (use no_console_suspend to debug)
[   36.865984] PM: suspend of devices complete after 218.606 msecs
[   36.866882] PM: late suspend of devices complete after 0.893 msecs
[   36.867709] PM: noirq suspend of devices complete after 0.823 msecs
[   36.867710] Disabling non-boot CPUs ...
[   36.904960] CPU1: shutdown
[   37.004936] CPU2: shutdown
[   37.104904] CPU3: shutdown
[   37.155399] Entering suspend state LP1
[   37.155425] Enabling non-boot CPUs ...
[   37.215826] CPU1 is up
[   37.275933] CPU2 is up
[   37.336189] CPU3 is up
[   37.336815] PM: noirq resume of devices complete after 0.622 msecs
[   37.338742] PM: early resume of devices complete after 1.416 msecs
[   37.379664] mmc1: Switching to 3.3V signalling voltage failed
[   37.564934] usb 1-1: reset high-speed USB device number 4 using tegra-xusb
[   37.634631] tegra-sor 54540000.sor: failed to attach SOR: -110
[   37.741561] PM: resume of devices complete after 402.809 msecs
[   37.823786] Restarting tasks ... done.
root@(none):/# 
root@(none):/# rtcwake -d rtc1 -m mem -s 3
rtcwake: assuming RTC uses UTC ...
rtcwake: wakeup from "mem" using /dev/rtc1 at Thu Jan  1 00:01:07 1970
[   38.964363] PM: Syncing filesystems ... done.
[   38.973700] Freezing user space processes ... (elapsed 0.001 seconds) done.
[   38.981918] Double checking all user space processes after OOM killer disable... (elapsed 0.000 seconds) 
[   38.991584] Freezing remaining freezable tasks ... (elapsed 0.001 seconds) done.
[   39.000223] Suspending console(s) (use no_console_suspend to debug)
[   39.215926] PM: suspend of devices complete after 208.847 msecs
[   39.216820] PM: late suspend of devices complete after 0.890 msecs
[   39.217638] PM: noirq suspend of devices complete after 0.815 msecs
[   39.217640] Disabling non-boot CPUs ...
[   39.254939] CPU1: shutdown
[   39.354925] CPU2: shutdown
[   39.464875] CPU3: shutdown
[   39.515385] Entering suspend state LP1
[   39.515412] Enabling non-boot CPUs ...
[   39.575801] CPU1 is up
[   39.635915] CPU2 is up
[   39.696166] CPU3 is up
[   39.696758] PM: noirq resume of devices complete after 0.587 msecs
[   39.698696] PM: early resume of devices complete after 1.441 msecs
[   39.739839] mmc1: Switching to 3.3V signalling voltage failed
[   39.994543] tegra-sor 54540000.sor: failed to attach SOR: -110
[   40.010980] PM: resume of devices complete after 312.278 msecs
[   40.086343] Restarting tasks ... done.
root@(none):/# 
root@(none):/# rtcwake -d rtc1 -m mem -s 3
rtcwake: assuming RTC uses UTC ...
rtcwake: wakeup from "mem" using /dev/rtc1 at Thu Jan  1 00:01:12 1970
[   41.324340] PM: Syncing filesystems ... done.
[   41.333836] Freezing user space processes ... (elapsed 0.001 seconds) done.
[   41.342054] Double checking all user space processes after OOM killer disable... (elapsed 0.000 seconds) 
[   41.351721] Freezing remaining freezable tasks ... (elapsed 0.001 seconds) done.
[   41.360362] Suspending console(s) (use no_console_suspend to debug)
[   41.575966] PM: suspend of devices complete after 208.746 msecs
[   41.576973] PM: late suspend of devices complete after 0.997 msecs
[   41.577828] PM: noirq suspend of devices complete after 0.852 msecs
[   41.577831] Disabling non-boot CPUs ...
[   41.634905] CPU1: shutdown
[   41.744886] CPU2: shutdown
[   41.844855] CPU3: shutdown
[   41.895347] Entering suspend state LP1
[   41.895373] Enabling non-boot CPUs ...
[   41.955778] CPU1 is up
[   42.015901] CPU2 is up
[   42.076143] CPU3 is up
[   42.076737] PM: noirq resume of devices complete after 0.589 msecs
[   42.078529] PM: early resume of devices complete after 1.289 msecs
[   42.119471] mmc1: Switching to 3.3V signalling voltage failed
[   42.374591] tegra-sor 54540000.sor: failed to attach SOR: -110
[   42.390833] PM: resume of devices complete after 312.298 msecs
[   42.466140] Restarting tasks ... done.
root@(none):/# 
root@(none):/# rtcwake -d rtc1 -m mem -s 3
rtcwake: assuming RTC uses UTC ...
rtcwake: wakeup from "mem" using /dev/rtc1 at Thu Jan  1 00:01:17 1970
[   43.704322] PM: Syncing filesystems ... done.
[   43.713667] Freezing user space processes ... (elapsed 0.001 seconds) done.
[   43.721798] Double checking all user space processes after OOM killer disable... (elapsed 0.000 seconds) 
[   43.731464] Freezing remaining freezable tasks ... (elapsed 0.001 seconds) done.
[   43.740102] Suspending console(s) (use no_console_suspend to debug)
[   43.955953] PM: suspend of devices complete after 208.986 msecs
[   43.956856] PM: late suspend of devices complete after 0.898 msecs
[   43.957682] PM: noirq suspend of devices complete after 0.823 msecs
[   43.957684] Disabling non-boot CPUs ...
[   43.994874] CPU1: shutdown
[   44.094860] CPU2: shutdown
[   44.204826] CPU3: shutdown
[   44.255321] Entering suspend state LP1
[   44.255347] Enabling non-boot CPUs ...
[   44.315752] CPU1 is up
[   44.375890] CPU2 is up
[   44.436116] CPU3 is up
[   44.436702] PM: noirq resume of devices complete after 0.581 msecs
[   44.438621] PM: early resume of devices complete after 1.399 msecs
[   44.479968] mmc1: Switching to 3.3V signalling voltage failed
[   44.734487] tegra-sor 54540000.sor: failed to attach SOR: -110
[   44.751326] PM: resume of devices complete after 312.699 msecs
[   44.826658] Restarting tasks ... done.
root@(none):/# 
root@(none):/# rtcwake -d rtc1 -m mem -s 3
rtcwake: assuming RTC uses UTC ...
rtcwake: wakeup from "mem" using /dev/rtc1 at Thu Jan  1 00:01:22 1970
[   46.064308] PM: Syncing filesystems ... done.
[   46.073620] Freezing user space processes ... (elapsed 0.001 seconds) done.
[   46.081824] Double checking all user space processes after OOM killer disable... (elapsed 0.000 seconds) 
[   46.091550] Freezing remaining freezable tasks ... (elapsed 0.001 seconds) done.
[   46.100183] Suspending console(s) (use no_console_suspend to debug)
[   46.315886] PM: suspend of devices complete after 208.845 msecs
[   46.316776] PM: late suspend of devices complete after 0.885 msecs
[   46.317604] PM: noirq suspend of devices complete after 0.825 msecs
[   46.317606] Disabling non-boot CPUs ...
[   46.354853] CPU1: shutdown
[   46.464830] CPU2: shutdown
[   46.564805] CPU3: shutdown
[   46.615295] Entering suspend state LP1
[   46.615322] Enabling non-boot CPUs ...
[   46.675724] CPU1 is up
[   46.735856] CPU2 is up
[   46.796091] CPU3 is up
[   46.796685] PM: noirq resume of devices complete after 0.589 msecs
[   46.798611] PM: early resume of devices complete after 1.426 msecs
[   46.839650] mmc1: Switching to 3.3V signalling voltage failed
[   47.094545] tegra-sor 54540000.sor: failed to attach SOR: -110
[   47.110782] PM: resume of devices complete after 312.166 msecs
[   47.186149] Restarting tasks ... done.
root@(none):/# 
root@(none):/# rtcwake -d rtc1 -m mem -s 3
rtcwake: assuming RTC uses UTC ...
rtcwake: wakeup from "mem" using /dev/rtc1 at Thu Jan  1 00:01:27 1970
[   48.424265] PM: Syncing filesystems ... done.
[   48.433758] Freezing user space processes ... (elapsed 0.001 seconds) done.
[   48.441887] Double checking all user space processes after OOM killer disable... (elapsed 0.000 seconds) 
[   48.451552] Freezing remaining freezable tasks ... (elapsed 0.001 seconds) done.
[   48.460190] Suspending console(s) (use no_console_suspend to debug)
[   48.675919] PM: suspend of devices complete after 208.871 msecs
[   48.676956] PM: late suspend of devices complete after 1.028 msecs
[   48.677817] PM: noirq suspend of devices complete after 0.856 msecs
[   48.677819] Disabling non-boot CPUs ...
[   48.714833] CPU1: shutdown
[   48.824804] CPU2: shutdown
[   48.924781] CPU3: shutdown
[   48.975276] Entering suspend state LP1
[   48.975302] Enabling non-boot CPUs ...
[   49.035705] CPU1 is up
[   49.095830] CPU2 is up
[   49.156085] CPU3 is up
[   49.156644] PM: noirq resume of devices complete after 0.554 msecs
[   49.158397] PM: early resume of devices complete after 1.258 msecs
[   49.199479] mmc1: Switching to 3.3V signalling voltage failed
[   49.384816] usb 1-1: reset high-speed USB device number 4 using tegra-xusb
[   49.454500] tegra-sor 54540000.sor: failed to attach SOR: -110
[   49.561579] PM: resume of devices complete after 403.172 msecs
[   49.643762] Restarting tasks ... done.
root@(none):/# 
root@(none):/# rtcwake -d rtc1 -m mem -s 3
rtcwake: assuming RTC uses UTC ...
rtcwake: wakeup from "mem" using /dev/rtc1 at Thu Jan  1 00:01:32 1970
[   50.784253] PM: Syncing filesystems ... done.
[   50.793593] Freezing user space processes ... (elapsed 0.001 seconds) done.
[   50.801724] Double checking all user space processes after OOM killer disable... (elapsed 0.000 seconds) 
[   50.811390] Freezing remaining freezable tasks ... (elapsed 0.001 seconds) done.
[   50.820025] Suspending console(s) (use no_console_suspend to debug)
[   51.035837] PM: suspend of devices complete after 208.953 msecs
[   51.036734] PM: late suspend of devices complete after 0.893 msecs
[   51.037561] PM: noirq suspend of devices complete after 0.823 msecs
[   51.037563] Disabling non-boot CPUs ...
[   51.074804] CPU1: shutdown
[   51.184781] CPU2: shutdown
[   51.294753] CPU3: shutdown
[   51.345250] Entering suspend state LP1
[   51.345276] Enabling non-boot CPUs ...
[   51.405673] CPU1 is up
[   51.465807] CPU2 is up
[   51.526039] CPU3 is up
[   51.526601] PM: noirq resume of devices complete after 0.557 msecs
[   51.528541] PM: early resume of devices complete after 1.420 msecs
[   51.579296] mmc1: Switching to 3.3V signalling voltage failed
[   51.774779] usb 1-1: reset high-speed USB device number 4 using tegra-xusb
[   51.834426] tegra-sor 54540000.sor: failed to attach SOR: -110
[   51.951062] PM: resume of devices complete after 422.512 msecs
[   52.033198] Restarting tasks ... done.
root@(none):/# 
root@(none):/# rtcwake -d rtc1 -m mem -s 3
rtcwake: assuming RTC uses UTC ...
rtcwake: wakeup from "mem" using /dev/rtc1 at Thu Jan  1 00:01:37 1970
[   53.154233] PM: Syncing filesystems ... done.
[   53.163615] Freezing user space processes ... (elapsed 0.001 seconds) done.
[   53.171830] Double checking all user space processes after OOM killer disable... (elapsed 0.000 seconds) 
[   53.181443] Freezing remaining freezable tasks ... (elapsed 0.001 seconds) done.
[   53.190070] Suspending console(s) (use no_console_suspend to debug)
[   53.415853] PM: suspend of devices complete after 218.890 msecs
[   53.416757] PM: late suspend of devices complete after 0.900 msecs
[   53.417584] PM: noirq suspend of devices complete after 0.824 msecs
[   53.417586] Disabling non-boot CPUs ...
[   53.454777] CPU1: shutdown
[   53.554761] CPU2: shutdown
[   53.654727] CPU3: shutdown
[   53.705226] Entering suspend state LP1
[   53.705252] Enabling non-boot CPUs ...
[   53.765653] CPU1 is up
[   53.825776] CPU2 is up
[   53.886020] CPU3 is up
[   53.886583] PM: noirq resume of devices complete after 0.559 msecs
[   53.888301] PM: early resume of devices complete after 1.218 msecs
[   53.929601] mmc1: Switching to 3.3V signalling voltage failed
[   54.184390] tegra-sor 54540000.sor: failed to attach SOR: -110
[   54.200791] PM: resume of devices complete after 312.484 msecs
[   54.276121] Restarting tasks ... done.
root@(none):/# 
root@(none):/# NVTB SYSTEM SUSPEND TEST COMPLETE
