
U-Boot SPL 2014.01-00219-gc4d376f (Feb 18 2014 - 19:57:18)


U-Boot 2014.01-00219-gc4d376f (Feb 18 2014 - 19:57:18)

TEGRA30
Board: NVIDIA Beaver
I2C:   ready
DRAM:  2 GiB
MMC:   Tegra SD/MMC: 0, Tegra SD/MMC: 1
In:    serial
Out:   serial
Err:   serial
Net:   Net Initialization Skipped
No ethernet found.
Hit any key to stop autoboot:  2  0 
Tegra30 (Beaver) # 
Tegra30 (Beaver) # usb reset
(Re)start USB...
USB0:   USB EHCI 1.00
scanning bus 0 for devices... 2 USB Device(s) found
       scanning usb for storage devices... 0 Storage Device(s) found
       scanning usb for ethernet devices... 
Warning: asx0 using MAC address from net device
1 Ethernet Device(s) found
Tegra30 (Beaver) # setenv bootargs 'ignore_loglevel console=ttyS0,115200n8 rw root=PARTUUID=edbe1840-3633-c751-7993-b0ac834f81e0 rootwait gpt debug noinitrd earlyprintk init=/bin/bash'
Tegra30 (Beaver) # setenv ipaddr 192.168.100.101; setenv serverip 192.168.100.1; setenv tftpserverip 192.168.100.1
Tegra30 (Beaver) # tftpboot 0x81000000 zImage.multi_v7_defconfig
Waiting for Ethernet connection... done.
Using asx0 device
TFTP from server 192.168.100.1; our IP address is 192.168.100.101
Filename 'zImage.multi_v7_defconfig'.
Load address: 0x81000000
Loading: *#################################################################
	 #################################################################
	 #################################################################
	 #################################################################
	 #################################################################
	 #################################################################
	 #################################################################
	 ###########################################################
	 3.3 MiB/s
done
Bytes transferred = 7543320 (731a18 hex)
Tegra30 (Beaver) # tftpboot 0x82000000 tegra30-beaver.dtb
Using asx0 device
TFTP from server 192.168.100.1; our IP address is 192.168.100.101
Filename 'tegra30-beaver.dtb'.
Load address: 0x82000000
Loading: *####
	 3.1 MiB/s
done
Bytes transferred = 51804 (ca5c hex)
Tegra30 (Beaver) # bootz 0x81000000 - 0x82000000
Kernel image @ 0x81000000 [ 0x000000 - 0x731a18 ]
## Flattened Device Tree blob at 82000000
   Booting using the fdt blob at 0x82000000
   Loading Device Tree to 8fff0000, end 8ffffa5b ... OK

Starting kernel ...

[    0.000000] Booting Linux on physical CPU 0x0
[    0.000000] Linux version 4.11.0-157163-ga351e9b (jonathanh@sellafield) (gcc version 4.7.3 20130328 (prerelease) (crosstool-NG linaro-1.13.1-4.7-2013.04-20130415 - Linaro GCC 2013.04) ) #1 SMP Sun Apr 30 20:05:23 PDT 2017
[    0.000000] CPU: ARMv7 Processor [412fc099] revision 9 (ARMv7), cr=10c5387d
[    0.000000] CPU: PIPT / VIPT nonaliasing data cache, VIPT aliasing instruction cache
[    0.000000] OF: fdt: Machine model: NVIDIA Tegra30 Beaver evaluation board
[    0.000000] debug: ignoring loglevel setting.
[    0.000000] efi: Getting EFI parameters from FDT:
[    0.000000] efi: UEFI not found.
[    0.000000] cma: Reserved 64 MiB at 0xfb800000
[    0.000000] Memory policy: Data cache writealloc
[    0.000000] On node 0 totalpages: 524032
[    0.000000] free_area_init_node: node 0, pgdat c1538200, node_mem_map eeff8000
[    0.000000]   DMA zone: 1536 pages used for memmap
[    0.000000]   DMA zone: 0 pages reserved
[    0.000000]   DMA zone: 196608 pages, LIFO batch:31
[    0.000000]   HighMem zone: 327424 pages, LIFO batch:31
[    0.000000] percpu: Embedded 16 pages/cpu @eef8c000 s34432 r8192 d22912 u65536
[    0.000000] pcpu-alloc: s34432 r8192 d22912 u65536 alloc=16*4096
[    0.000000] pcpu-alloc: [0] 0 [0] 1 [0] 2 [0] 3 
[    0.000000] Built 1 zonelists in Zone order, mobility grouping on.  Total pages: 522496
[    0.000000] Kernel command line: ignore_loglevel console=ttyS0,115200n8 rw root=PARTUUID=edbe1840-3633-c751-7993-b0ac834f81e0 rootwait gpt debug noinitrd earlyprintk init=/bin/bash
[    0.000000] PID hash table entries: 4096 (order: 2, 16384 bytes)
[    0.000000] Dentry cache hash table entries: 131072 (order: 7, 524288 bytes)
[    0.000000] Inode-cache hash table entries: 65536 (order: 6, 262144 bytes)
[    0.000000] Memory: 1993692K/2096128K available (10240K kernel code, 1254K rwdata, 4212K rodata, 2048K init, 536K bss, 36900K reserved, 65536K cma-reserved, 1244160K highmem)
[    0.000000] Virtual kernel memory layout:
[    0.000000]     vector  : 0xffff0000 - 0xffff1000   (   4 kB)
[    0.000000]     fixmap  : 0xffc00000 - 0xfff00000   (3072 kB)
[    0.000000]     vmalloc : 0xf0800000 - 0xff800000   ( 240 MB)
[    0.000000]     lowmem  : 0xc0000000 - 0xf0000000   ( 768 MB)
[    0.000000]     pkmap   : 0xbfe00000 - 0xc0000000   (   2 MB)
[    0.000000]     modules : 0xbf000000 - 0xbfe00000   (  14 MB)
[    0.000000]       .text : 0xc0208000 - 0xc0d00000   (11232 kB)
[    0.000000]       .init : 0xc1200000 - 0xc1400000   (2048 kB)
[    0.000000]       .data : 0xc1400000 - 0xc1539b20   (1255 kB)
[    0.000000]        .bss : 0xc153b000 - 0xc15c12b8   ( 537 kB)
[    0.000000] SLUB: HWalign=64, Order=0-3, MinObjects=0, CPUs=4, Nodes=1
[    0.000000] Hierarchical RCU implementation.
[    0.000000] 	RCU debugfs-based tracing is enabled.
[    0.000000] 	Build-time adjustment of leaf fanout to 32.
[    0.000000] 	RCU restricting CPUs from NR_CPUS=16 to nr_cpu_ids=4.
[    0.000000] RCU: Adjusting geometry for rcu_fanout_leaf=32, nr_cpu_ids=4
[    0.000000] NR_IRQS:16 nr_irqs:16 16
[    0.000000] /interrupt-controller@60004000: 160 interrupts forwarded to /interrupt-controller@50041000
[    0.000000] L2C: platform modifies aux control register: 0x02080000 -> 0x3e480001
[    0.000000] L2C: DT/platform modifies aux control register: 0x02080000 -> 0x3e480001
[    0.000000] L2C-310 erratum 769419 enabled
[    0.000000] L2C-310 enabling early BRESP for Cortex-A9
[    0.000000] L2C-310: enabling full line of zeros but not enabled in Cortex-A9
[    0.000000] L2C-310 dynamic clock gating enabled, standby mode enabled
[    0.000000] L2C-310 cache controller enabled, 8 ways, 1024 kB
[    0.000000] L2C-310: CACHE_ID 0x410000c7, AUX_CTRL 0x4e480001
[    0.000013] sched_clock: 32 bits at 1000kHz, resolution 1000ns, wraps every 2147483647500ns
[    0.000030] clocksource: timer_us: mask: 0xffffffff max_cycles: 0xffffffff, max_idle_ns: 1911260446275 ns
[    0.000039] Switching to timer-based delay loop, resolution 1000ns
[    0.002873] Console: colour dummy device 80x30
[    0.002900] Calibrating delay loop (skipped), value calculated using timer frequency.. 2.00 BogoMIPS (lpj=10000)
[    0.002910] pid_max: default: 32768 minimum: 301
[    0.002983] Mount-cache hash table entries: 2048 (order: 1, 8192 bytes)
[    0.002990] Mountpoint-cache hash table entries: 2048 (order: 1, 8192 bytes)
[    0.003380] CPU: Testing write buffer coherency: ok
[    0.003694] CPU0: thread -1, cpu 0, socket 0, mpidr 80000000
[    0.003906] Setting up static identity map for 0x80300000 - 0x80300098
[    0.006490] Tegra Revision: A03 SKU: 128 CPU Process: 4 SoC Process: 0
[    0.006987] EFI services will not be available.
[    0.007139] smp: Bringing up secondary CPUs ...
[    0.010375] CPU1: thread -1, cpu 1, socket 0, mpidr 80000001
[    0.020334] CPU2: thread -1, cpu 2, socket 0, mpidr 80000002
[    0.030333] CPU3: thread -1, cpu 3, socket 0, mpidr 80000003
[    0.030377] smp: Brought up 1 node, 4 CPUs
[    0.030390] SMP: Total of 4 processors activated (8.00 BogoMIPS).
[    0.030395] CPU: All CPU(s) started in SVC mode.
[    0.031097] devtmpfs: initialized
[    0.039287] VFP support v0.3: implementor 41 architecture 3 part 30 variant 9 rev 4
[    0.039708] clocksource: jiffies: mask: 0xffffffff max_cycles: 0xffffffff, max_idle_ns: 19112604462750000 ns
[    0.039726] futex hash table entries: 1024 (order: 4, 65536 bytes)
[    0.043130] pinctrl core: initialized pinctrl subsystem
[    0.044880] NET: Registered protocol family 16
[    0.047133] DMA: preallocated 256 KiB pool for atomic coherent allocations
[    0.048804] cpuidle: using governor menu
[    0.062971] No ATAGs?
[    0.063075] hw-breakpoint: found 5 (+1 reserved) breakpoint and 1 watchpoint registers.
[    0.063086] hw-breakpoint: maximum watchpoint size is 4 bytes.
[    0.066985] Serial: AMBA PL011 UART driver
[    0.067455] tegra-mc 7000f000.memory-controller: no memory timings for RAM code 3 registered
[    0.076547] vdd_5v_sata: Failed to request enable GPIO30: -517
[    0.076560] reg-fixed-voltage regulators:regulator@3: Failed to register regulator: -517
[    0.076605] usb1_vbus: Failed to request enable GPIO238: -517
[    0.076613] reg-fixed-voltage regulators:regulator@4: Failed to register regulator: -517
[    0.076657] usb3_vbus: Failed to request enable GPIO236: -517
[    0.076664] reg-fixed-voltage regulators:regulator@5: Failed to register regulator: -517
[    0.076752] sys_3v3_pexs: Failed to request enable GPIO95: -517
[    0.076759] reg-fixed-voltage regulators:regulator@7: Failed to register regulator: -517
[    0.078638] vgaarb: loaded
[    0.079090] SCSI subsystem initialized
[    0.079222] libata version 3.00 loaded.
[    0.079374] usbcore: registered new interface driver usbfs
[    0.079406] usbcore: registered new interface driver hub
[    0.079439] usbcore: registered new device driver usb
[    0.086492] vrtc: supplied by vdd_5v_in
[    0.089784] vio: supplied by vdd_5v_in
[    0.101824] vdd1: supplied by vdd_5v_in
[    0.103183] vddio_ddr_1v2: Bringing 600000uV into 1200000-1200000uV
[    0.111831] vdd2: supplied by vdd_5v_in
[    0.131809] ldo1: supplied by vdd_1v5_gen
[    0.134192] ldo2: supplied by vdd_1v5_gen
[    0.134662] vdd_sata,avdd_plle: Bringing 1200000uV into 1050000-1050000uV
[    0.136889] ldo3: supplied by vdd_5v_in
[    0.139248] ldo4: supplied by vdd_5v_in
[    0.141817] ldo5: supplied by vdd_5v_in
[    0.151812] ldo6: supplied by vdd_1v8_gen
[    0.152281] avdd_dsi_csi,pwrdet_mipi: Bringing 1000000uV into 1200000-1200000uV
[    0.154552] ldo7: supplied by vdd_1v8_gen
[    0.161813] ldo8: supplied by vdd_1v8_gen
[    0.171909] pps_core: LinuxPPS API ver. 1 registered
[    0.171916] pps_core: Software ver. 5.3.6 - Copyright 2005-2007 Rodolfo Giometti <giometti@linux.it>
[    0.171930] PTP clock support registered
[    0.172070] EDAC MC: Ver: 3.0.0
[    0.173575] clocksource: Switched to clocksource timer_us
[    0.178789] NET: Registered protocol family 2
[    0.179171] TCP established hash table entries: 8192 (order: 3, 32768 bytes)
[    0.179229] TCP bind hash table entries: 8192 (order: 4, 65536 bytes)
[    0.179312] TCP: Hash tables configured (established 8192 bind 8192)
[    0.179432] UDP hash table entries: 512 (order: 2, 16384 bytes)
[    0.179492] UDP-Lite hash table entries: 512 (order: 2, 16384 bytes)
[    0.179653] NET: Registered protocol family 1
[    0.179897] RPC: Registered named UNIX socket transport module.
[    0.179904] RPC: Registered udp transport module.
[    0.179962] RPC: Registered tcp transport module.
[    0.179967] RPC: Registered tcp NFSv4.1 backchannel transport module.
[    0.179975] PCI: CLS 0 bytes, default 64
[    0.180748] hw perfevents: enabled with armv7_cortex_a9 PMU driver, 7 counters available
[    0.181892] workingset: timestamp_bits=30 max_order=19 bucket_order=0
[    0.186650] squashfs: version 4.0 (2009/01/31) Phillip Lougher
[    0.187093] NFS: Registering the id_resolver key type
[    0.187122] Key type id_resolver registered
[    0.187127] Key type id_legacy registered
[    0.187155] ntfs: driver 2.1.32 [Flags: R/O].
[    0.188168] bounce: pool size: 64 pages
[    0.188204] Block layer SCSI generic (bsg) driver version 0.4 loaded (major 248)
[    0.188212] io scheduler noop registered
[    0.188216] io scheduler deadline registered
[    0.188320] io scheduler cfq registered (default)
[    0.188326] io scheduler mq-deadline registered
[    0.194172] tegra30-pinctrl 70000868.pinmux: invalid group "sdmmc3_dat6_pd3" for function "rsvd1"
[    0.194186] tegra30-pinctrl 70000868.pinmux: invalid group "sdmmc3_dat7_pd4" for function "rsvd1"
[    0.194200] tegra30-pinctrl 70000868.pinmux: invalid group "vi_vsync_pd6" for function "rsvd1"
[    0.194209] tegra30-pinctrl 70000868.pinmux: invalid group "vi_hsync_pd7" for function "rsvd1"
[    0.194641] tegra30-pinctrl 70000868.pinmux: invalid group "hdmi_int_pn7" for function "rsvd1"
[    0.194683] tegra30-pinctrl 70000868.pinmux: invalid group "ulpi_data3_po4" for function "rsvd1"
[    0.195006] tegra30-pinctrl 70000868.pinmux: invalid group "vi_d10_pt2" for function "rsvd1"
[    0.195018] tegra30-pinctrl 70000868.pinmux: invalid group "vi_d11_pt3" for function "rsvd1"
[    0.195030] tegra30-pinctrl 70000868.pinmux: invalid group "vi_d0_pt4" for function "rsvd1"
[    0.195069] tegra30-pinctrl 70000868.pinmux: invalid group "pu0" for function "rsvd1"
[    0.195097] tegra30-pinctrl 70000868.pinmux: invalid group "pu3" for function "rsvd1"
[    0.195126] tegra30-pinctrl 70000868.pinmux: invalid group "pu6" for function "rsvd1"
[    0.195165] tegra30-pinctrl 70000868.pinmux: invalid group "pv3" for function "rsvd1"
[    0.195634] tegra30-pinctrl 70000868.pinmux: invalid group "pbb0" for function "rsvd1"
[    0.195750] tegra30-pinctrl 70000868.pinmux: invalid group "pcc1" for function "rsvd1"
[    0.200861] tegra-pcie 3000.pcie-controller: 2x3 configuration
[    0.201001] tegra-pcie 3000.pcie-controller: Failed to get supply 'hvdd-pex': -517
[    0.206402] tegra-apbdma 6000a000.dma: Tegra20 APB DMA driver register 32 channels
[    0.207539] tegra-pmc 7000e400.pmc: i2c-thermtrip node not found, emergency thermal reset disabled.
[    0.239061] Serial: 8250/16550 driver, 4 ports, IRQ sharing disabled
[    0.241278] console [ttyS0] disabled
[    0.241320] 70006000.serial: ttyS0 at MMIO 0x70006000 (irq = 331, base_baud = 25500000) is a Tegra
[    1.250476] console [ttyS0] enabled
[    1.254498] SuperH (H)SCI(F) driver initialized
[    1.259576] msm_serial: driver initialized
[    1.263792] STMicroelectronics ASC driver initialized
[    1.272935] tegra-hdmi 54280000.hdmi: failed to get HDMI regulator
[    1.287307] brd: module loaded
[    1.296140] loop: module loaded
[    1.304521] m25p80 spi32766.1: w25q32 (4096 Kbytes)
[    1.311264] libphy: Fixed MDIO Bus: probed
[    1.316057] CAN device driver interface
[    1.320427] bgmac_bcma: Broadcom 47xx GBit MAC driver loaded
[    1.326852] e1000e: Intel(R) PRO/1000 Network Driver - 3.2.6-k
[    1.332668] e1000e: Copyright(c) 1999 - 2015 Intel Corporation.
[    1.338629] igb: Intel(R) Gigabit Ethernet Network Driver - version 5.4.0-k
[    1.345581] igb: Copyright (c) 2007-2014 Intel Corporation.
[    1.353038] pegasus: v0.9.3 (2013/04/25), Pegasus/Pegasus II USB Ethernet driver
[    1.360492] usbcore: registered new interface driver pegasus
[    1.366175] usbcore: registered new interface driver asix
[    1.371584] usbcore: registered new interface driver ax88179_178a
[    1.377688] usbcore: registered new interface driver cdc_ether
[    1.383529] usbcore: registered new interface driver smsc75xx
[    1.389300] usbcore: registered new interface driver smsc95xx
[    1.395060] usbcore: registered new interface driver net1080
[    1.400721] usbcore: registered new interface driver cdc_subset
[    1.406651] usbcore: registered new interface driver zaurus
[    1.412245] usbcore: registered new interface driver cdc_ncm
[    1.419249] ehci_hcd: USB 2.0 'Enhanced' Host Controller (EHCI) Driver
[    1.425777] ehci-pci: EHCI PCI platform driver
[    1.430233] ehci-platform: EHCI generic platform driver
[    1.435572] ehci-orion: EHCI orion driver
[    1.439641] SPEAr-ehci: EHCI SPEAr driver
[    1.443725] ehci-st: EHCI STMicroelectronics driver
[    1.448662] ehci-exynos: EHCI EXYNOS driver
[    1.452916] ehci-atmel: EHCI Atmel driver
[    1.456994] tegra-ehci: Tegra EHCI driver
[    1.461275] ohci_hcd: USB 1.1 'Open' Host Controller (OHCI) Driver
[    1.467461] ohci-pci: OHCI PCI platform driver
[    1.471920] ohci-platform: OHCI generic platform driver
[    1.477241] ohci-omap3: OHCI OMAP3 driver
[    1.481320] SPEAr-ohci: OHCI SPEAr driver
[    1.485406] ohci-st: OHCI STMicroelectronics driver
[    1.490343] ohci-atmel: OHCI Atmel driver
[    1.494780] usbcore: registered new interface driver usb-storage
[    1.503160] tegra_rtc 7000e000.rtc: rtc core: registered 7000e000.rtc as rtc1
[    1.510342] tegra_rtc 7000e000.rtc: Tegra internal Real Time Clock
[    1.519228] random: fast init done
[    1.532525] tps65910-rtc tps65910-rtc: rtc core: registered tps65910-rtc as rtc0
[    1.540108] i2c /dev entries driver
[    1.551473] sdhci: Secure Digital Host Controller Interface driver
[    1.557663] sdhci: Copyright(c) Pierre Ossman
[    1.562895] Synopsys Designware Multimedia Card Interface Driver
[    1.569539] sdhci-pltfm: SDHCI platform and OF driver helper
[    1.575693] sdhci-tegra 78000000.sdhci: Got CD GPIO
[    1.580566] sdhci-tegra 78000000.sdhci: Got WP GPIO
[    1.586691] mmc0: Invalid maximum block size, assuming 512 bytes
[    1.653660] mmc0: SDHCI controller on 78000000.sdhci [78000000.sdhci] using ADMA
[    1.662251] mmc1: Invalid maximum block size, assuming 512 bytes
[    1.723579] mmc1: SDHCI controller on 78000600.sdhci [78000600.sdhci] using ADMA
[    1.732229] ledtrig-cpu: registered to indicate activity on CPUs
[    1.742502] usbcore: registered new interface driver usbhid
[    1.748082] usbhid: USB HID core driver
[    1.756363] NET: Registered protocol family 10
[    1.765473] Segment Routing with IPv6
[    1.769174] sit: IPv6, IPv4 and MPLS over IPv4 tunneling driver
[    1.775499] NET: Registered protocol family 17
[    1.779935] can: controller area network core (rev 20120528 abi 9)
[    1.786237] NET: Registered protocol family 29
[    1.790669] can: raw protocol (rev 20120528)
[    1.794939] can: broadcast manager protocol (rev 20161123 t)
[    1.800585] can: netlink gateway (rev 20130117) max_hops=1
[    1.806320] Key type dns_resolver registered
[    1.810968] ThumbEE CPU extension supported.
[    1.815245] Registering SWP/SWPB emulation handler
[    1.841360] vdd_ddr: supplied by vdd_5v_in
[    1.846307] vdd_5v_sata: supplied by vdd_5v_in
[    1.851047] usb1_vbus: supplied by vdd_5v_in
[    1.855645] usb3_vbus: supplied by vdd_5v_in
[    1.861153] sys_3v3,vdd_3v3_alw: supplied by vdd_5v_in
[    1.867122] sys_3v3_pexs: supplied by sys_3v3,vdd_3v3_alw
[    1.872667] +VDD_5V_HDMI: supplied by sys_3v3,vdd_3v3_alw
[    1.878717] tegra-pcie 3000.pcie-controller: 2x3 configuration
[    1.887696] tegra-pcie 3000.pcie-controller: probing port 0, using 2 lanes
[    1.900379] mmc1: new high speed MMC card at address 0001
[    1.907921] mmcblk1: mmc1:0001 SEM16G 14.8 GiB 
[    1.914036] mmcblk1boot0: mmc1:0001 SEM16G partition 1 1.00 MiB
[    1.921031] mmcblk1boot1: mmc1:0001 SEM16G partition 2 1.00 MiB
[    1.928530] mmcblk1rpmb: mmc1:0001 SEM16G partition 3 128 KiB
[    1.938124] Primary GPT is invalid, using alternate GPT.
[    1.943439]  mmcblk1: p1 p2 p3 p4 p5
[    1.950151] mmc0: new ultra high speed DDR50 SDHC card at address aaaa
[    1.953730] tegra-pcie 3000.pcie-controller: probing port 2, using 2 lanes
[    1.965801] mmcblk0: mmc0:aaaa SS04G 3.69 GiB 
[    1.998863]  mmcblk0: p1 p2 p3
[    2.356994] tegra-pcie 3000.pcie-controller: link 2 down, retrying
[    2.766970] tegra-pcie 3000.pcie-controller: link 2 down, retrying
[    3.176949] tegra-pcie 3000.pcie-controller: link 2 down, retrying
[    3.185128] tegra-pcie 3000.pcie-controller: link 2 down, ignoring
[    3.191407] tegra-pcie 3000.pcie-controller: PCI host bridge to bus 0000:00
[    3.198373] pci_bus 0000:00: root bus resource [io  0x0000-0xffff]
[    3.204547] pci_bus 0000:00: root bus resource [mem 0x20000000-0x27ffffff]
[    3.211405] pci_bus 0000:00: root bus resource [mem 0x28000000-0x3fffffff pref]
[    3.218705] pci_bus 0000:00: root bus resource [bus 00-ff]
[    3.224209] pci 0000:00:01.0: [10de:0e1c] type 01 class 0x060400
[    3.230224] pci_bus 0000:00: 2-byte config write to 0000:00:01.0 offset 0x88 may corrupt adjacent RW1C bits
[    3.239981] pci_bus 0000:00: 2-byte config write to 0000:00:01.0 offset 0x52 may corrupt adjacent RW1C bits
[    3.249723] pci 0000:00:01.0: PME# supported from D0 D1 D2 D3hot D3cold
[    3.256331] pci_bus 0000:00: 2-byte config write to 0000:00:01.0 offset 0x4c may corrupt adjacent RW1C bits
[    3.266207] pci_bus 0000:00: 2-byte config write to 0000:00:01.0 offset 0x3e may corrupt adjacent RW1C bits
[    3.275939] pci_bus 0000:00: 2-byte config write to 0000:00:01.0 offset 0x4 may corrupt adjacent RW1C bits
[    3.285580] pci_bus 0000:00: 1-byte config write to 0000:00:01.0 offset 0xc may corrupt adjacent RW1C bits
[    3.295216] PCI: bus0: Fast back to back transfers disabled
[    3.300776] pci 0000:00:01.0: bridge configuration invalid ([bus 00-00]), reconfiguring
[    3.308769] pci_bus 0000:00: 2-byte config write to 0000:00:01.0 offset 0x3e may corrupt adjacent RW1C bits
[    3.318495] pci_bus 0000:00: 2-byte config write to 0000:00:01.0 offset 0x3e may corrupt adjacent RW1C bits
[    3.328223] pci_bus 0000:00: 2-byte config write to 0000:00:01.0 offset 0x3e may corrupt adjacent RW1C bits
[    3.337949] pci_bus 0000:00: 2-byte config write to 0000:00:01.0 offset 0x6 may corrupt adjacent RW1C bits
[    3.347675] pci 0000:01:00.0: [10ec:8168] type 00 class 0x020000
[    3.353693] pci 0000:01:00.0: reg 0x10: [io  0x0000-0x00ff]
[    3.359265] pci 0000:01:00.0: reg 0x18: [mem 0x00000000-0x00000fff 64bit pref]
[    3.366489] pci 0000:01:00.0: reg 0x20: [mem 0x00000000-0x00003fff 64bit pref]
[    3.373776] pci 0000:01:00.0: supports D1 D2
[    3.378032] pci 0000:01:00.0: PME# supported from D0 D1 D2 D3hot D3cold
[    3.413604] PCI: bus1: Fast back to back transfers disabled
[    3.419166] pci_bus 0000:01: busn_res: [bus 01-ff] end is updated to 01
[    3.425842] pci 0000:00:01.0: BAR 9: assigned [mem 0x28000000-0x280fffff 64bit pref]
[    3.433579] pci 0000:00:01.0: BAR 7: assigned [io  0x1000-0x1fff]
[    3.439660] pci 0000:01:00.0: BAR 4: assigned [mem 0x28000000-0x28003fff 64bit pref]
[    3.447404] pci 0000:01:00.0: BAR 2: assigned [mem 0x28004000-0x28004fff 64bit pref]
[    3.455146] pci 0000:01:00.0: BAR 0: assigned [io  0x1000-0x10ff]
[    3.461228] pci 0000:00:01.0: PCI bridge to [bus 01]
[    3.466187] pci 0000:00:01.0:   bridge window [io  0x1000-0x1fff]
[    3.472266] pci 0000:00:01.0:   bridge window [mem 0x28000000-0x280fffff 64bit pref]
[    3.480015] pci 0000:00:01.0: nv_msi_ht_cap_quirk didn't locate host bridge
[    3.487032] pcieport 0000:00:01.0: enabling device (0140 -> 0143)
[    3.493307] pcieport 0000:00:01.0: Signaling PME with IRQ 374
[    3.499259] r8169 Gigabit Ethernet driver 2.3LK-NAPI loaded
[    3.504848] r8169 0000:01:00.0: enabling device (0140 -> 0143)
[    3.511614] r8169 0000:01:00.0 eth0: RTL8168evl/8111evl at 0xf0afe000, 02:04:4b:01:60:a6, XID 0c900800 IRQ 375
[    3.521617] r8169 0000:01:00.0 eth0: jumbo features [frames: 9200 bytes, tx checksumming: ko]
[    3.533146] [drm] Supports vblank timestamp caching Rev 2 (21.10.2013).
[    3.539768] [drm] No driver support for vblank timestamp query.
[    3.545711] [drm] Cannot find any crtc or sizes - going 1024x768
[    3.570520] Console: switching to colour frame buffer device 128x48
[    3.583034] drm drm: fb0:  frame buffer device
[    3.587556] [drm] Initialized tegra 0.0.0 20120330 for drm on minor 0
[    3.599432] utmi_phy_clk_enable: timeout waiting for phy to stabilize
[    3.605911] tegra-ehci 7d004000.usb: EHCI Host Controller
[    3.611316] tegra-ehci 7d004000.usb: new USB bus registered, assigned bus number 1
[    3.619129] tegra-ehci 7d004000.usb: irq 343, io mem 0x7d004000
[    3.653587] tegra-ehci 7d004000.usb: USB 2.0 started, EHCI 1.00
[    3.660497] hub 1-0:1.0: USB hub found
[    3.664273] hub 1-0:1.0: 1 port detected
[    3.669387] tegra-ehci 7d008000.usb: EHCI Host Controller
[    3.674801] tegra-ehci 7d008000.usb: new USB bus registered, assigned bus number 2
[    3.682537] tegra-ehci 7d008000.usb: irq 344, io mem 0x7d008000
[    3.713586] tegra-ehci 7d008000.usb: USB 2.0 started, EHCI 1.00
[    3.720366] hub 2-0:1.0: USB hub found
[    3.724140] hub 2-0:1.0: 1 port detected
[    3.732590] tps65910-rtc tps65910-rtc: setting system clock to 2000-01-01 00:00:02 UTC (946684802)
[    3.742208] vdd_sata,avdd_plle: disabling
[    3.746581] usb1_vbus: disabling
[    3.751330] EXT4-fs (mmcblk1p1): mounting ext3 file system using the ext4 subsystem
[    3.767077] EXT4-fs (mmcblk1p1): warning: mounting fs with errors, running e2fsck is recommended
[    3.777309] EXT4-fs (mmcblk1p1): recovery complete
[    3.782095] EXT4-fs (mmcblk1p1): mounted filesystem with ordered data mode. Opts: (null)
[    3.790214] VFS: Mounted root (ext3 filesystem) on device 179:1.
[    3.806603] devtmpfs: mounted
[    3.812099] Freeing unused kernel memory: 2048K
bash: cannot set terminal process group (-1): Inappropriate ioctl for device
bash: no job control in this shell
root@(none):/# [    4.093598] usb 2-1: new high-speed USB device number 2 using tegra-ehci
[    4.753260] asix 2-1:1.0 eth1: register 'asix' at usb-7d008000.usb-1, ASIX AX88772 USB 2.0 Ethernet, 00:50:b6:0f:67:60
mount -t sysfs none /sys
root@(none):/# 
root@(none):/# mount -t debugfs none /sys/kernel/debug
root@(none):/# 
root@(none):/# rtcwake -d rtc1 -m mem -s 3
rtcwake: wakeup from "mem" using /dev/rtc1 at Thu Jan  1 00:00:24 1970
[    7.504539] PM: Syncing filesystems ... done.
[    7.516872] Freezing user space processes ... (elapsed 0.001 seconds) done.
[    7.524981] Freezing remaining freezable tasks ... (elapsed 0.001 seconds) done.
[    7.533605] Suspending console(s) (use no_console_suspend to debug)
[    7.618311] PM: suspend of devices complete after 77.623 msecs
[    7.620917] PM: late suspend of devices complete after 2.598 msecs
[    7.644280] PM: noirq suspend of devices complete after 23.355 msecs
[    7.644284] Disabling non-boot CPUs ...
[    7.755985] IRQ17 no longer affine to CPU3
[    7.805345] Entering suspend state LP1
[    7.805345] Suspended for 3.068 seconds
[    7.805359] Enabling non-boot CPUs ...
[    7.835399] CPU1 is up
[    7.875576] CPU2 is up
[    7.915805] CPU3 is up
[    7.916565] pcieport 0000:00:01.0: nv_msi_ht_cap_quirk didn't locate host bridge
[    7.943647] PM: noirq resume of devices complete after 27.834 msecs
[    7.945581] PM: early resume of devices complete after 1.505 msecs
[    8.496376] PM: resume of devices complete after 550.786 msecs
[    8.567597] Restarting tasks ... done.
root@(none):/# 
root@(none):/# rtcwake -d rtc1 -m mem -s 3
rtcwake: wakeup from "mem" using /dev/rtc1 at Thu Jan  1 00:00:29 1970
[    9.496440] PM: Syncing filesystems ... done.
[    9.508329] Freezing user space processes ... (elapsed 0.001 seconds) done.
[    9.516433] Freezing remaining freezable tasks ... (elapsed 0.001 seconds) done.
[    9.525047] Suspending console(s) (use no_console_suspend to debug)
[    9.564116] pci_generic_config_write32: 63 callbacks suppressed
[    9.564129] pci_bus 0000:00: 2-byte config write to 0000:00:01.0 offset 0x9c may corrupt adjacent RW1C bits
[    9.607538] PM: suspend of devices complete after 75.474 msecs
[    9.610909] PM: late suspend of devices complete after 3.362 msecs
[    9.611523] pci_bus 0000:01: 2-byte config write to 0000:01:00.0 offset 0x44 may corrupt adjacent RW1C bits
[    9.611538] pci_bus 0000:01: 2-byte config write to 0000:01:00.0 offset 0x44 may corrupt adjacent RW1C bits
[    9.634261] PM: noirq suspend of devices complete after 23.345 msecs
[    9.634265] Disabling non-boot CPUs ...
[    9.634625] IRQ17 no longer affine to CPU1
[    9.775150] Entering suspend state LP1
[    9.775150] Suspended for 3.030 seconds
[    9.775169] Enabling non-boot CPUs ...
[    9.806186] CPU1 is up
[    9.845970] CPU2 is up
[    9.886173] CPU3 is up
[    9.887033] pci_bus 0000:00: 2-byte config write to 0000:00:01.0 offset 0x4c may corrupt adjacent RW1C bits
[    9.887051] pci_bus 0000:00: 2-byte config write to 0000:00:01.0 offset 0x88 may corrupt adjacent RW1C bits
[    9.887057] pci_bus 0000:00: 2-byte config write to 0000:00:01.0 offset 0x90 may corrupt adjacent RW1C bits
[    9.887064] pci_bus 0000:00: 2-byte config write to 0000:00:01.0 offset 0x98 may corrupt adjacent RW1C bits
[    9.887068] pci_bus 0000:00: 2-byte config write to 0000:00:01.0 offset 0x9c may corrupt adjacent RW1C bits
[    9.887089] pci_bus 0000:00: 2-byte config write to 0000:00:01.0 offset 0x52 may corrupt adjacent RW1C bits
[    9.887096] pci_bus 0000:00: 2-byte config write to 0000:00:01.0 offset 0x52 may corrupt adjacent RW1C bits
[    9.887127] pcieport 0000:00:01.0: nv_msi_ht_cap_quirk didn't locate host bridge
[    9.913615] PM: noirq resume of devices complete after 27.430 msecs
[    9.916138] PM: early resume of devices complete after 2.000 msecs
[   10.470742] PM: resume of devices complete after 554.589 msecs
[   10.645426] Restarting tasks ... done.
root@(none):/# 
root@(none):/# rtcwake -d rtc1 -m mem -s 3
rtcwake: wakeup from "mem" using /dev/rtc1 at Thu Jan  1 00:00:34 1970
[   11.472118] PM: Syncing filesystems ... done.
[   11.486727] Freezing user space processes ... (elapsed 0.001 seconds) done.
[   11.494888] Freezing remaining freezable tasks ... (elapsed 0.001 seconds) done.
[   11.503560] Suspending console(s) (use no_console_suspend to debug)
[   11.588048] PM: suspend of devices complete after 77.219 msecs
[   11.591842] PM: late suspend of devices complete after 3.784 msecs
[   11.614375] PM: noirq suspend of devices complete after 22.522 msecs
[   11.614380] Disabling non-boot CPUs ...
[   11.687548] IRQ17 no longer affine to CPU2
[   11.795727] Entering suspend state LP1
[   11.795727] Suspended for 2.979 seconds
[   11.795744] Enabling non-boot CPUs ...
[   11.825846] CPU1 is up
[   11.865962] CPU2 is up
[   11.906228] CPU3 is up
[   11.907164] pcieport 0000:00:01.0: nv_msi_ht_cap_quirk didn't locate host bridge
[   11.933577] PM: noirq resume of devices complete after 27.335 msecs
[   11.936047] PM: early resume of devices complete after 1.943 msecs
[   12.495983] PM: resume of devices complete after 559.925 msecs
[   12.567530] Restarting tasks ... done.
root@(none):/# 
root@(none):/# rtcwake -d rtc1 -m mem -s 3
rtcwake: wakeup from "mem" using /dev/rtc1 at Thu Jan  1 00:00:39 1970
[   13.492101] PM: Syncing filesystems ... done.
[   13.506740] Freezing user space processes ... (elapsed 0.001 seconds) done.
[   13.514895] Freezing remaining freezable tasks ... (elapsed 0.001 seconds) done.
[   13.523571] Suspending console(s) (use no_console_suspend to debug)
[   13.609522] PM: suspend of devices complete after 78.691 msecs
[   13.611823] PM: late suspend of devices complete after 2.290 msecs
[   13.634343] PM: noirq suspend of devices complete after 22.511 msecs
[   13.634348] Disabling non-boot CPUs ...
[   13.634795] IRQ17 no longer affine to CPU1
[   13.795330] Entering suspend state LP1
[   13.795330] Suspended for 3.000 seconds
[   13.795349] Enabling non-boot CPUs ...
[   13.826088] CPU1 is up
[   13.865935] CPU2 is up
[   13.906120] CPU3 is up
[   13.907044] pcieport 0000:00:01.0: nv_msi_ht_cap_quirk didn't locate host bridge
[   13.933544] PM: noirq resume of devices complete after 27.411 msecs
[   13.936463] PM: early resume of devices complete after 2.417 msecs
[   14.489546] PM: resume of devices complete after 553.067 msecs
[   14.561064] Restarting tasks ... done.
root@(none):/# 
root@(none):/# rtcwake -d rtc1 -m mem -s 3
rtcwake: wakeup from "mem" using /dev/rtc1 at Thu Jan  1 00:00:44 1970
[   15.542030] PM: Syncing filesystems ... done.
[   15.556618] Freezing user space processes ... (elapsed 0.001 seconds) done.
[   15.564769] Freezing remaining freezable tasks ... (elapsed 0.001 seconds) done.
[   15.573445] Suspending console(s) (use no_console_suspend to debug)
[   15.615154] pci_generic_config_write32: 65 callbacks suppressed
[   15.615168] pci_bus 0000:00: 2-byte config write to 0000:00:01.0 offset 0x9c may corrupt adjacent RW1C bits
[   15.657977] PM: suspend of devices complete after 77.268 msecs
[   15.662265] PM: late suspend of devices complete after 4.277 msecs
[   15.662780] pci_bus 0000:01: 2-byte config write to 0000:01:00.0 offset 0x44 may corrupt adjacent RW1C bits
[   15.662799] pci_bus 0000:01: 2-byte config write to 0000:01:00.0 offset 0x44 may corrupt adjacent RW1C bits
[   15.684313] PM: noirq suspend of devices complete after 22.041 msecs
[   15.684319] Disabling non-boot CPUs ...
[   15.684775] IRQ17 no longer affine to CPU1
[   15.865683] Entering suspend state LP1
[   15.865683] Suspended for 2.929 seconds
[   15.865700] Enabling non-boot CPUs ...
[   15.895804] CPU1 is up
[   15.935901] CPU2 is up
[   15.976084] CPU3 is up
[   15.976986] pci_bus 0000:00: 2-byte config write to 0000:00:01.0 offset 0x4c may corrupt adjacent RW1C bits
[   15.977001] pci_bus 0000:00: 2-byte config write to 0000:00:01.0 offset 0x88 may corrupt adjacent RW1C bits
[   15.977007] pci_bus 0000:00: 2-byte config write to 0000:00:01.0 offset 0x90 may corrupt adjacent RW1C bits
[   15.977012] pci_bus 0000:00: 2-byte config write to 0000:00:01.0 offset 0x98 may corrupt adjacent RW1C bits
[   15.977019] pci_bus 0000:00: 2-byte config write to 0000:00:01.0 offset 0x9c may corrupt adjacent RW1C bits
[   15.977044] pci_bus 0000:00: 2-byte config write to 0000:00:01.0 offset 0x52 may corrupt adjacent RW1C bits
[   15.977052] pci_bus 0000:00: 2-byte config write to 0000:00:01.0 offset 0x52 may corrupt adjacent RW1C bits
[   15.977080] pcieport 0000:00:01.0: nv_msi_ht_cap_quirk didn't locate host bridge
[   16.013534] PM: noirq resume of devices complete after 37.436 msecs
[   16.015752] PM: early resume of devices complete after 1.871 msecs
[   16.570102] PM: resume of devices complete after 554.340 msecs
[   16.744710] Restarting tasks ... done.
root@(none):/# 
root@(none):/# rtcwake -d rtc1 -m mem -s 3
rtcwake: wakeup from "mem" using /dev/rtc1 at Thu Jan  1 00:00:49 1970
[   17.557223] PM: Syncing filesystems ... done.
[   17.571847] Freezing user space processes ... (elapsed 0.001 seconds) done.
[   17.580001] Freezing remaining freezable tasks ... (elapsed 0.001 seconds) done.
[   17.588677] Suspending console(s) (use no_console_suspend to debug)
[   17.677509] PM: suspend of devices complete after 81.570 msecs
[   17.681831] PM: late suspend of devices complete after 4.308 msecs
[   17.704261] PM: noirq suspend of devices complete after 22.422 msecs
[   17.704265] Disabling non-boot CPUs ...
[   17.704711] IRQ17 no longer affine to CPU1
[   17.845377] Entering suspend state LP1
[   17.845377] Suspended for 3.020 seconds
[   17.845393] Enabling non-boot CPUs ...
[   17.876037] CPU1 is up
[   17.915850] CPU2 is up
[   17.956083] CPU3 is up
[   17.957022] pcieport 0000:00:01.0: nv_msi_ht_cap_quirk didn't locate host bridge
[   17.983479] PM: noirq resume of devices complete after 27.384 msecs
[   17.985449] PM: early resume of devices complete after 1.452 msecs
[   18.545392] PM: resume of devices complete after 559.931 msecs
[   18.616943] Restarting tasks ... done.
root@(none):/# 
root@(none):/# rtcwake -d rtc1 -m mem -s 3
rtcwake: wakeup from "mem" using /dev/rtc1 at Thu Jan  1 00:00:54 1970
[   19.533639] PM: Syncing filesystems ... done.
[   19.548257] Freezing user space processes ... (elapsed 0.001 seconds) done.
[   19.556416] Freezing remaining freezable tasks ... (elapsed 0.001 seconds) done.
[   19.565100] Suspending console(s) (use no_console_suspend to debug)
[   19.648911] PM: suspend of devices complete after 76.540 msecs
[   19.653221] PM: late suspend of devices complete after 4.298 msecs
[   19.684244] PM: noirq suspend of devices complete after 31.013 msecs
[   19.684249] Disabling non-boot CPUs ...
[   19.684704] IRQ17 no longer affine to CPU1
[   19.835417] Entering suspend state LP1
[   19.835417] Suspended for 3.009 seconds
[   19.835437] Enabling non-boot CPUs ...
[   19.866054] CPU1 is up
[   19.905835] CPU2 is up
[   19.946060] CPU3 is up
[   19.946969] pcieport 0000:00:01.0: nv_msi_ht_cap_quirk didn't locate host bridge
[   19.973442] PM: noirq resume of devices complete after 27.369 msecs
[   19.974785] PM: early resume of devices complete after 0.840 msecs
[   20.535883] PM: resume of devices complete after 561.085 msecs
[   20.607445] Restarting tasks ... done.
root@(none):/# 
root@(none):/# rtcwake -d rtc1 -m mem -s 3
rtcwake: wakeup from "mem" using /dev/rtc1 at Thu Jan  1 00:00:59 1970
[   21.512374] PM: Syncing filesystems ... done.
[   21.526453] Freezing user space processes ... (elapsed 0.001 seconds) done.
[   21.534605] Freezing remaining freezable tasks ... (elapsed 0.001 seconds) done.
[   21.543261] Suspending console(s) (use no_console_suspend to debug)
[   21.585047] pci_generic_config_write32: 65 callbacks suppressed
[   21.585062] pci_bus 0000:00: 2-byte config write to 0000:00:01.0 offset 0x9c may corrupt adjacent RW1C bits
[   21.627869] PM: suspend of devices complete after 77.329 msecs
[   21.629198] PM: late suspend of devices complete after 1.319 msecs
[   21.629747] pci_bus 0000:01: 2-byte config write to 0000:01:00.0 offset 0x44 may corrupt adjacent RW1C bits
[   21.629767] pci_bus 0000:01: 2-byte config write to 0000:01:00.0 offset 0x44 may corrupt adjacent RW1C bits
[   21.654212] PM: noirq suspend of devices complete after 25.006 msecs
[   21.654217] Disabling non-boot CPUs ...
[   21.654672] IRQ17 no longer affine to CPU1
[   21.815561] Entering suspend state LP1
[   21.815561] Suspended for 3.019 seconds
[   21.815579] Enabling non-boot CPUs ...
[   21.845671] CPU1 is up
[   21.885815] CPU2 is up
[   21.926014] CPU3 is up
[   21.926879] pci_bus 0000:00: 2-byte config write to 0000:00:01.0 offset 0x4c may corrupt adjacent RW1C bits
[   21.926895] pci_bus 0000:00: 2-byte config write to 0000:00:01.0 offset 0x88 may corrupt adjacent RW1C bits
[   21.926900] pci_bus 0000:00: 2-byte config write to 0000:00:01.0 offset 0x90 may corrupt adjacent RW1C bits
[   21.926906] pci_bus 0000:00: 2-byte config write to 0000:00:01.0 offset 0x98 may corrupt adjacent RW1C bits
[   21.926911] pci_bus 0000:00: 2-byte config write to 0000:00:01.0 offset 0x9c may corrupt adjacent RW1C bits
[   21.926931] pci_bus 0000:00: 2-byte config write to 0000:00:01.0 offset 0x52 may corrupt adjacent RW1C bits
[   21.926938] pci_bus 0000:00: 2-byte config write to 0000:00:01.0 offset 0x52 may corrupt adjacent RW1C bits
[   21.926965] pcieport 0000:00:01.0: nv_msi_ht_cap_quirk didn't locate host bridge
[   21.953400] PM: noirq resume of devices complete after 27.373 msecs
[   21.955831] PM: early resume of devices complete after 1.927 msecs
[   22.508973] PM: resume of devices complete after 553.128 msecs
[   22.683663] Restarting tasks ... done.
root@(none):/# 
root@(none):/# rtcwake -d rtc1 -m mem -s 3
rtcwake: wakeup from "mem" using /dev/rtc1 at Thu Jan  1 00:01:04 1970
[   23.503423] PM: Syncing filesystems ... done.
[   23.516494] Freezing user space processes ... (elapsed 0.001 seconds) done.
[   23.524651] Freezing remaining freezable tasks ... (elapsed 0.001 seconds) done.
[   23.533326] Suspending console(s) (use no_console_suspend to debug)
[   23.618319] PM: suspend of devices complete after 77.718 msecs
[   23.619637] PM: late suspend of devices complete after 1.308 msecs
[   23.644179] PM: noirq suspend of devices complete after 24.532 msecs
[   23.644184] Disabling non-boot CPUs ...
[   23.644656] IRQ17 no longer affine to CPU1
[   23.795491] Entering suspend state LP1
[   23.795491] Suspended for 3.020 seconds
[   23.795510] Enabling non-boot CPUs ...
[   23.825638] CPU1 is up
[   23.865749] CPU2 is up
[   23.905968] CPU3 is up
[   23.906897] pcieport 0000:00:01.0: nv_msi_ht_cap_quirk didn't locate host bridge
[   23.933370] PM: noirq resume of devices complete after 27.389 msecs
[   23.935740] PM: early resume of devices complete after 1.835 msecs
[   24.495734] PM: resume of devices complete after 559.982 msecs
[   24.567314] Restarting tasks ... done.
root@(none):/# 
root@(none):/# rtcwake -d rtc1 -m mem -s 3
rtcwake: wakeup from "mem" using /dev/rtc1 at Thu Jan  1 00:01:09 1970
[   25.491857] PM: Syncing filesystems ... done.
[   25.506456] Freezing user space processes ... (elapsed 0.001 seconds) done.
[   25.514615] Freezing remaining freezable tasks ... (elapsed 0.001 seconds) done.
[   25.523290] Suspending console(s) (use no_console_suspend to debug)
[   25.609318] PM: suspend of devices complete after 78.760 msecs
[   25.613131] PM: late suspend of devices complete after 3.801 msecs
[   25.644117] PM: noirq suspend of devices complete after 30.974 msecs
[   25.644120] Disabling non-boot CPUs ...
[   25.707261] IRQ17 no longer affine to CPU2
[   25.795258] Entering suspend state LP1
[   25.795258] Suspended for 3.000 seconds
[   25.795275] Enabling non-boot CPUs ...
[   25.825937] CPU1 is up
[   25.865677] CPU2 is up
[   25.905886] CPU3 is up
[   25.906795] pcieport 0000:00:01.0: nv_msi_ht_cap_quirk didn't locate host bridge
[   25.933332] PM: noirq resume of devices complete after 27.431 msecs
[   25.934700] PM: early resume of devices complete after 0.850 msecs
[   26.495292] PM: resume of devices complete after 560.578 msecs
[   26.566830] Restarting tasks ... done.
root@(none):/# 
root@(none):/# NVTB SYSTEM SUSPEND TEST COMPLETE
