
U-Boot SPL 2015.04-rc3-00209-ga74ef40 (Mar 16 2015 - 14:43:39)


U-Boot 2015.04-rc3-00209-ga74ef40 (Mar 16 2015 - 14:43:39)

TEGRA20
Model: Compulab TrimSlice board
DRAM:  1 GiB
MMC:   Tegra SD/MMC: 0, Tegra SD/MMC: 1
SF: Detected W25Q80BL with page size 256 Bytes, erase size 4 KiB, total 1 MiB
tegra-pcie: PCI regions:
tegra-pcie:   I/O: 0x82000000-0x82010000
tegra-pcie:   non-prefetchable memory: 0xa0000000-0xa8000000
tegra-pcie:   prefetchable memory: 0xa8000000-0xc0000000
tegra-pcie: dual-mode configuration
tegra-pcie: probing port 0, using 2 lanes
In:    serial
Out:   serial
Err:   serial
Net:   RTL8169#0
Hit any key to stop autoboot:  2  1  0 
Tegra20 (TrimSlice) # 
Tegra20 (TrimSlice) # usb reset
resetting USB...
USB0:   USB EHCI 1.00
scanning bus 0 for devices... 3 USB Device(s) found
USB1:   USB EHCI 1.00
scanning bus 1 for devices... 1 USB Device(s) found
USB2:   lowlevel init failed
       scanning usb for storage devices... 0 Storage Device(s) found
       scanning usb for ethernet devices... 
Warning: asx0 using MAC address from net device
1 Ethernet Device(s) found
Tegra20 (TrimSlice) # setenv bootargs 'ignore_loglevel console=ttyS0,115200n8 rw root=PARTUUID=11eb23c1-01 rootwait gpt debug noinitrd earlyprintk init=/bin/bash'
Tegra20 (TrimSlice) # setenv ipaddr 192.168.100.103; setenv serverip 192.168.100.1; setenv tftpserverip 192.168.100.1
Tegra20 (TrimSlice) # tftpboot 0x00408000 zImage.multi_v7_defconfig
Using RTL8169#0 device
TFTP from server 192.168.100.1; our IP address is 192.168.100.103
Filename 'zImage.multi_v7_defconfig'.
Load address: 0x408000
Loading: *#################################################################
	 #################################################################
	 #################################################################
	 #################################################################
	 #################################################################
	 #################################################################
	 #################################################################
	 ##########################################
	 4 MiB/s
done
Bytes transferred = 7288568 (6f36f8 hex)
Tegra20 (TrimSlice) # tftpboot 0x02408000 tegra20-trimslice.dtb
Using RTL8169#0 device
TFTP from server 192.168.100.1; our IP address is 192.168.100.103
Filename 'tegra20-trimslice.dtb'.
Load address: 0x2408000
Loading: *##
	 3.4 MiB/s
done
Bytes transferred = 21172 (52b4 hex)
Tegra20 (TrimSlice) # bootz 0x00408000 - 0x02408000
Kernel image @ 0x408000 [ 0x000000 - 0x6f36f8 ]
## Flattened Device Tree blob at 02408000
   Booting using the fdt blob at 0x2408000
   Using Device Tree in place at 02408000, end 024102b3

Starting kernel ...

[    0.000000] Booting Linux on physical CPU 0x0
[    0.000000] Linux version 4.9.0-129023-g69973b8 (pwalmsley@sellafield) (gcc version 4.7.3 20130328 (prerelease) (crosstool-NG linaro-1.13.1-4.7-2013.04-20130415 - Linaro GCC 2013.04) ) #1 SMP Sun Dec 11 12:34:17 PST 2016
[    0.000000] CPU: ARMv7 Processor [411fc090] revision 0 (ARMv7), cr=10c5387d
[    0.000000] CPU: PIPT / VIPT nonaliasing data cache, VIPT aliasing instruction cache
[    0.000000] OF: fdt:Machine model: Compulab TrimSlice board
[    0.000000] debug: ignoring loglevel setting.
[    0.000000] efi: Getting EFI parameters from FDT:
[    0.000000] efi: UEFI not found.
[    0.000000] cma: Reserved 64 MiB at 0x3c000000
[    0.000000] Memory policy: Data cache writealloc
[    0.000000] On node 0 totalpages: 262144
[    0.000000] free_area_init_node: node 0, pgdat c1427fc0, node_mem_map ef7f8000
[    0.000000]   DMA zone: 1536 pages used for memmap
[    0.000000]   DMA zone: 0 pages reserved
[    0.000000]   DMA zone: 196608 pages, LIFO batch:31
[    0.000000]   HighMem zone: 65536 pages, LIFO batch:15
[    0.000000] percpu: Embedded 14 pages/cpu @ef7ca000 s26624 r8192 d22528 u57344
[    0.000000] pcpu-alloc: s26624 r8192 d22528 u57344 alloc=14*4096
[    0.000000] pcpu-alloc: [0] 0 [0] 1 
[    0.000000] Built 1 zonelists in Zone order, mobility grouping on.  Total pages: 260608
[    0.000000] Kernel command line: ignore_loglevel console=ttyS0,115200n8 rw root=PARTUUID=11eb23c1-01 rootwait gpt debug noinitrd earlyprintk init=/bin/bash
[    0.000000] PID hash table entries: 4096 (order: 2, 16384 bytes)
[    0.000000] Dentry cache hash table entries: 131072 (order: 7, 524288 bytes)
[    0.000000] Inode-cache hash table entries: 65536 (order: 6, 262144 bytes)
[    0.000000] Memory: 955892K/1048576K available (9216K kernel code, 1190K rwdata, 4068K rodata, 2048K init, 343K bss, 27148K reserved, 65536K cma-reserved, 196608K highmem)
[    0.000000] Virtual kernel memory layout:
[    0.000000]     vector  : 0xffff0000 - 0xffff1000   (   4 kB)
[    0.000000]     fixmap  : 0xffc00000 - 0xfff00000   (3072 kB)
[    0.000000]     vmalloc : 0xf0800000 - 0xff800000   ( 240 MB)
[    0.000000]     lowmem  : 0xc0000000 - 0xf0000000   ( 768 MB)
[    0.000000]     pkmap   : 0xbfe00000 - 0xc0000000   (   2 MB)
[    0.000000]     modules : 0xbf000000 - 0xbfe00000   (  14 MB)
[    0.000000]       .text : 0xc0208000 - 0xc0c00000   (10208 kB)
[    0.000000]       .init : 0xc1100000 - 0xc1300000   (2048 kB)
[    0.000000]       .data : 0xc1300000 - 0xc1429aa0   (1191 kB)
[    0.000000]        .bss : 0xc142b000 - 0xc1480fc8   ( 344 kB)
[    0.000000] SLUB: HWalign=64, Order=0-3, MinObjects=0, CPUs=2, Nodes=1
[    0.000000] Hierarchical RCU implementation.
[    0.000000] 	Build-time adjustment of leaf fanout to 32.
[    0.000000] 	RCU restricting CPUs from NR_CPUS=16 to nr_cpu_ids=2.
[    0.000000] RCU: Adjusting geometry for rcu_fanout_leaf=32, nr_cpu_ids=2
[    0.000000] NR_IRQS:16 nr_irqs:16 16
[    0.000000] /interrupt-controller@60004000: 128 interrupts forwarded to /interrupt-controller@50041000
[    0.000000] L2C: platform modifies aux control register: 0x02080000 -> 0x3e480001
[    0.000000] L2C: DT/platform modifies aux control register: 0x02080000 -> 0x3e480001
[    0.000000] L2C-310 errata 727915 769419 enabled
[    0.000000] L2C-310 enabling early BRESP for Cortex-A9
[    0.000000] L2C-310: enabling full line of zeros but not enabled in Cortex-A9
[    0.000000] L2C-310 ID prefetch enabled, offset 1 lines
[    0.000000] L2C-310 cache controller enabled, 8 ways, 1024 kB
[    0.000000] L2C-310: CACHE_ID 0x410000c4, AUX_CTRL 0x7e480001
[    0.000010] sched_clock: 32 bits at 1000kHz, resolution 1000ns, wraps every 2147483647500ns
[    0.000026] clocksource: timer_us: mask: 0xffffffff max_cycles: 0xffffffff, max_idle_ns: 1911260446275 ns
[    0.000036] Switching to timer-based delay loop, resolution 1000ns
[    0.001564] Console: colour dummy device 80x30
[    0.001587] Calibrating delay loop (skipped), value calculated using timer frequency.. 2.00 BogoMIPS (lpj=5000)
[    0.001598] pid_max: default: 32768 minimum: 301
[    0.001672] Mount-cache hash table entries: 2048 (order: 1, 8192 bytes)
[    0.001681] Mountpoint-cache hash table entries: 2048 (order: 1, 8192 bytes)
[    0.002169] CPU: Testing write buffer coherency: ok
[    0.002350] CPU0: thread -1, cpu 0, socket 0, mpidr 80000000
[    0.002372] Setting up static identity map for 0x300000 - 0x300098
[    0.003860] Tegra Revision: A03 prime SKU: 8 CPU Process: 1 SoC Process: 2
[    0.004231] EFI services will not be available.
[    0.004903] CPU1: thread -1, cpu 1, socket 0, mpidr 80000001
[    0.004972] Brought up 2 CPUs
[    0.004983] SMP: Total of 2 processors activated (4.00 BogoMIPS).
[    0.004988] CPU: All CPU(s) started in SVC mode.
[    0.005638] devtmpfs: initialized
[    0.010031] VFP support v0.3: implementor 41 architecture 3 part 30 variant 9 rev 1
[    0.010269] clocksource: jiffies: mask: 0xffffffff max_cycles: 0xffffffff, max_idle_ns: 9556302231375000 ns
[    0.013199] pinctrl core: initialized pinctrl subsystem
[    0.014326] NET: Registered protocol family 16
[    0.016520] DMA: preallocated 256 KiB pool for atomic coherent allocations
[    0.034911] cpuidle: using governor menu
[    0.052361] No ATAGs?
[    0.052384] hw-breakpoint: found 5 (+1 reserved) breakpoint and 1 watchpoint registers.
[    0.052391] hw-breakpoint: maximum watchpoint size is 4 bytes.
[    0.057780] Serial: AMBA PL011 UART driver
[    0.088281] usb1_vbus: Failed to request enable GPIO170: -517
[    0.088295] reg-fixed-voltage regulators:regulator@2: Failed to register regulator: -517
[    0.091830] vgaarb: loaded
[    0.092416] SCSI subsystem initialized
[    0.092541] libata version 3.00 loaded.
[    0.092742] usbcore: registered new interface driver usbfs
[    0.092787] usbcore: registered new interface driver hub
[    0.092826] usbcore: registered new device driver usb
[    0.094811] pps_core: LinuxPPS API ver. 1 registered
[    0.094818] pps_core: Software ver. 5.3.6 - Copyright 2005-2007 Rodolfo Giometti <giometti@linux.it>
[    0.094835] PTP clock support registered
[    0.095002] EDAC MC: Ver: 3.0.0
[    0.096864] clocksource: Switched to clocksource timer_us
[    0.104619] NET: Registered protocol family 2
[    0.105045] TCP established hash table entries: 8192 (order: 3, 32768 bytes)
[    0.105119] TCP bind hash table entries: 8192 (order: 4, 65536 bytes)
[    0.105233] TCP: Hash tables configured (established 8192 bind 8192)
[    0.105303] UDP hash table entries: 512 (order: 2, 16384 bytes)
[    0.105351] UDP-Lite hash table entries: 512 (order: 2, 16384 bytes)
[    0.105503] NET: Registered protocol family 1
[    0.105779] RPC: Registered named UNIX socket transport module.
[    0.105786] RPC: Registered udp transport module.
[    0.105791] RPC: Registered tcp transport module.
[    0.105796] RPC: Registered tcp NFSv4.1 backchannel transport module.
[    0.105805] PCI: CLS 0 bytes, default 64
[    0.106609] hw perfevents: enabled with armv7_cortex_a9 PMU driver, 7 counters available
[    0.107571] futex hash table entries: 512 (order: 3, 32768 bytes)
[    0.108122] workingset: timestamp_bits=30 max_order=18 bucket_order=0
[    0.115501] squashfs: version 4.0 (2009/01/31) Phillip Lougher
[    0.116077] NFS: Registering the id_resolver key type
[    0.116096] Key type id_resolver registered
[    0.116102] Key type id_legacy registered
[    0.116133] ntfs: driver 2.1.32 [Flags: R/O].
[    0.117063] bounce: pool size: 64 pages
[    0.117208] Block layer SCSI generic (bsg) driver version 0.4 loaded (major 248)
[    0.117217] io scheduler noop registered
[    0.117223] io scheduler deadline registered
[    0.117354] io scheduler cfq registered (default)
[    0.120257] libphy: mdio_driver_register: phy-bcm-ns2-pci
[    0.128668] tegra-pcie 80003000.pcie-controller: dual-mode configuration
[    0.129351] tegra-pcie 80003000.pcie-controller: probing port 0, using 2 lanes
[    0.213284] tegra-pcie 80003000.pcie-controller: PCI host bridge to bus 0000:00
[    0.213296] pci_bus 0000:00: root bus resource [io  0x0000-0xffff]
[    0.213305] pci_bus 0000:00: root bus resource [mem 0xa0000000-0xa7ffffff]
[    0.213313] pci_bus 0000:00: root bus resource [mem 0xa8000000-0xbfffffff pref]
[    0.213321] pci_bus 0000:00: root bus resource [bus 00-ff]
[    0.213349] pci 0000:00:01.0: [10de:0bf0] type 01 class 0x060000
[    0.213410] pci 0000:00:01.0: PME# supported from D0 D1 D2 D3hot D3cold
[    0.213610] PCI: bus0: Fast back to back transfers disabled
[    0.213621] pci 0000:00:01.0: bridge configuration invalid ([bus 00-00]), reconfiguring
[    0.213751] pci 0000:01:00.0: [10ec:8168] type 00 class 0x020000
[    0.213773] pci 0000:01:00.0: reg 0x10: [io  0x0000-0x00ff]
[    0.213795] pci 0000:01:00.0: reg 0x18: [mem 0x00000000-0x00000fff 64bit pref]
[    0.213811] pci 0000:01:00.0: reg 0x20: [mem 0x00000000-0x00003fff 64bit pref]
[    0.213823] pci 0000:01:00.0: reg 0x30: [mem 0x00000000-0x0001ffff pref]
[    0.213901] pci 0000:01:00.0: supports D1 D2
[    0.213909] pci 0000:01:00.0: PME# supported from D0 D1 D2 D3hot D3cold
[    0.226901] PCI: bus1: Fast back to back transfers disabled
[    0.226914] pci_bus 0000:01: busn_res: [bus 01-ff] end is updated to 01
[    0.226926] Disabling cpuidle LP2 state, since PCIe IRQs are in use
[    0.226984] pci 0000:00:01.0: BAR 8: assigned [mem 0xa0000000-0xa00fffff]
[    0.226995] pci 0000:00:01.0: BAR 9: assigned [mem 0xa8000000-0xa80fffff 64bit pref]
[    0.227004] pci 0000:00:01.0: BAR 7: assigned [io  0x1000-0x1fff]
[    0.227016] pci 0000:01:00.0: BAR 6: assigned [mem 0xa0000000-0xa001ffff pref]
[    0.227026] pci 0000:01:00.0: BAR 4: assigned [mem 0xa8000000-0xa8003fff 64bit pref]
[    0.227043] pci 0000:01:00.0: BAR 2: assigned [mem 0xa8004000-0xa8004fff 64bit pref]
[    0.227058] pci 0000:01:00.0: BAR 0: assigned [io  0x1000-0x10ff]
[    0.227069] pci 0000:00:01.0: PCI bridge to [bus 01]
[    0.227077] pci 0000:00:01.0:   bridge window [io  0x1000-0x1fff]
[    0.227086] pci 0000:00:01.0:   bridge window [mem 0xa0000000-0xa00fffff]
[    0.227094] pci 0000:00:01.0:   bridge window [mem 0xa8000000-0xa80fffff 64bit pref]
[    0.227113] pci 0000:00:01.0: nv_msi_ht_cap_quirk didn't locate host bridge
[    0.227163] pcieport 0000:00:01.0: enabling device (0140 -> 0143)
[    0.227354] pcieport 0000:00:01.0: Signaling PME through PCIe PME interrupt
[    0.227363] pci 0000:01:00.0: Signaling PME through PCIe PME interrupt
[    0.227372] pcie_pme 0000:00:01.0:pcie001: service driver pcie_pme loaded
[    0.233191] tegra-apbdma 6000a000.dma: Tegra20 APB DMA driver register 16 channels
[    0.283907] Serial: 8250/16550 driver, 4 ports, IRQ sharing disabled
[    0.286278] console [ttyS0] disabled
[    0.286312] 70006000.serial: ttyS0 at MMIO 0x70006000 (irq = 279, base_baud = 13500000) is a Tegra
[    1.248303] console [ttyS0] enabled
[    1.252404] SuperH (H)SCI(F) driver initialized
[    1.257686] msm_serial: driver initialized
[    1.261924] STMicroelectronics ASC driver initialized
[    1.269602] [drm] Initialized
[    1.274820] 54280000.hdmi supply hdmi not found, using dummy regulator
[    1.283470] [drm] Supports vblank timestamp caching Rev 2 (21.10.2013).
[    1.290085] [drm] No driver support for vblank timestamp query.
[    1.296023] drm drm: No connectors reported connected with modes
[    1.302029] [drm] Cannot find any crtc or sizes - going 1024x768
[    1.323973] Console: switching to colour frame buffer device 128x48
[    1.338664] drm drm: fb0:  frame buffer device
[    1.361875] [drm] Initialized tegra 0.0.0 20120330 on minor 0
[    1.376406] brd: module loaded
[    1.383857] loop: module loaded
[    1.392663] m25p80 spi32766.0: found s25fl008k, expected w25q80bl
[    1.398776] m25p80 spi32766.0: s25fl008k (1024 Kbytes)
[    1.406099] libphy: Fixed MDIO Bus: probed
[    1.411065] CAN device driver interface
[    1.416457] e1000e: Intel(R) PRO/1000 Network Driver - 3.2.6-k
[    1.422290] e1000e: Copyright(c) 1999 - 2015 Intel Corporation.
[    1.428264] igb: Intel(R) Gigabit Ethernet Network Driver - version 5.4.0-k
[    1.435219] igb: Copyright (c) 2007-2014 Intel Corporation.
[    1.441316] r8169 Gigabit Ethernet driver 2.3LK-NAPI loaded
[    1.446913] r8169 0000:01:00.0: enabling device (0140 -> 0143)
[    1.453543] r8169 0000:01:00.0 eth0: RTL8168d/8111d at 0xf0878000, 00:01:c0:13:7d:63, XID 081000c0 IRQ 296
[    1.463198] r8169 0000:01:00.0 eth0: jumbo features [frames: 9200 bytes, tx checksumming: ko]
[    1.473830] pegasus: v0.9.3 (2013/04/25), Pegasus/Pegasus II USB Ethernet driver
[    1.481288] usbcore: registered new interface driver pegasus
[    1.486993] usbcore: registered new interface driver asix
[    1.492439] usbcore: registered new interface driver ax88179_178a
[    1.498560] usbcore: registered new interface driver cdc_ether
[    1.504432] usbcore: registered new interface driver smsc75xx
[    1.510217] usbcore: registered new interface driver smsc95xx
[    1.515990] usbcore: registered new interface driver net1080
[    1.521681] usbcore: registered new interface driver cdc_subset
[    1.527627] usbcore: registered new interface driver zaurus
[    1.533250] usbcore: registered new interface driver cdc_ncm
[    1.539166] tegra-phy c5004000.usb-phy: no vbus regulator
[    1.545662] tegra-phy c5008000.usb-phy: no vbus regulator
[    1.552403] ehci_hcd: USB 2.0 'Enhanced' Host Controller (EHCI) Driver
[    1.558931] ehci-pci: EHCI PCI platform driver
[    1.563411] ehci-platform: EHCI generic platform driver
[    1.568789] ehci-orion: EHCI orion driver
[    1.572904] SPEAr-ehci: EHCI SPEAr driver
[    1.577021] ehci-st: EHCI STMicroelectronics driver
[    1.582004] ehci-exynos: EHCI EXYNOS driver
[    1.586290] ehci-atmel: EHCI Atmel driver
[    1.590404] tegra-ehci: Tegra EHCI driver
[    1.623071] ulpi_phy_power_on: ulpi write failed
[    1.627691] tegra-ehci c5004000.usb: Failed to power on the phy
[    1.633622] tegra-ehci: probe of c5004000.usb failed with error -110
[    1.642604] tegra-ehci c5008000.usb: EHCI Host Controller
[    1.648018] tegra-ehci c5008000.usb: new USB bus registered, assigned bus number 1
[    1.655823] tegra-ehci c5008000.usb: irq 290, io mem 0xc5008000
[    1.671881] tegra-ehci c5008000.usb: USB 2.0 started, EHCI 1.00
[    1.678400] hub 1-0:1.0: USB hub found
[    1.682179] hub 1-0:1.0: 1 port detected
[    1.686401] ohci_hcd: USB 1.1 'Open' Host Controller (OHCI) Driver
[    1.692591] ohci-pci: OHCI PCI platform driver
[    1.697079] ohci-platform: OHCI generic platform driver
[    1.702459] ohci-omap3: OHCI OMAP3 driver
[    1.706561] SPEAr-ohci: OHCI SPEAr driver
[    1.710680] ohci-st: OHCI STMicroelectronics driver
[    1.715660] ohci-atmel: OHCI Atmel driver
[    1.720258] usbcore: registered new interface driver usb-storage
[    1.727481] mousedev: PS/2 mouse device common for all mice
[    1.734635] rtc-em3027 2-0056: rtc core: registered rtc-em3027 as rtc0
[    1.742338] tegra_rtc 7000e000.rtc: rtc core: registered 7000e000.rtc as rtc1
[    1.749504] tegra_rtc 7000e000.rtc: Tegra internal Real Time Clock
[    1.756090] i2c /dev entries driver
[    1.768818] sdhci: Secure Digital Host Controller Interface driver
[    1.775011] sdhci: Copyright(c) Pierre Ossman
[    1.780531] Synopsys Designware Multimedia Card Interface Driver
[    1.787403] sdhci-pltfm: SDHCI platform and OF driver helper
[    1.793875] mmc0: Invalid maximum block size, assuming 512 bytes
[    1.836887] mmc0: SDHCI controller on c8000000.sdhci [c8000000.sdhci] using ADMA
[    1.844382] sdhci-tegra c8000600.sdhci: Got CD GPIO
[    1.849276] sdhci-tegra c8000600.sdhci: Got WP GPIO
[    1.854314] mmc1: Invalid maximum block size, assuming 512 bytes
[    1.896967] mmc1: SDHCI controller on c8000600.sdhci [c8000600.sdhci] using ADMA
[    1.905727] ledtrig-cpu: registered to indicate activity on CPUs
[    1.912053] usbcore: registered new interface driver usbhid
[    1.917661] usbhid: USB HID core driver
[    1.924176] NET: Registered protocol family 10
[    1.929470] sit: IPv6, IPv4 and MPLS over IPv4 tunneling driver
[    1.935893] NET: Registered protocol family 17
[    1.940348] can: controller area network core (rev 20120528 abi 9)
[    1.946587] NET: Registered protocol family 29
[    1.951032] can: raw protocol (rev 20120528)
[    1.955308] can: broadcast manager protocol (rev 20161123 t)
[    1.960967] can: netlink gateway (rev 20130117) max_hops=1
[    1.966750] Key type dns_resolver registered
[    1.971396] ThumbEE CPU extension supported.
[    1.975678] Registering SWP/SWPB emulation handler
[    1.989604] utmi_phy_clk_enable: timeout waiting for phy to stabilize
[    1.996095] tegra-ehci c5000000.usb: EHCI Host Controller
[    2.001519] tegra-ehci c5000000.usb: new USB bus registered, assigned bus number 2
[    2.011480] tegra-ehci c5000000.usb: irq 288, io mem 0xc5000000
[    2.033907] mmc0: host does not support reading read-only switch, assuming write-enable
[    2.036888] usb 1-1: new high-speed USB device number 2 using tegra-ehci
[    2.050427] mmc0: new high speed SDHC card at address b368
[    2.056310] mmcblk0: mmc0:b368 NCard 3.70 GiB 
[    2.061891] tegra-ehci c5000000.usb: USB 2.0 started, EHCI 1.00
[    2.068484] hub 2-0:1.0: USB hub found
[    2.072317]  mmcblk0: p1
[    2.075280] hub 2-0:1.0: 1 port detected
[    2.079300] mmc1: new high speed SD card at address b368
[    2.085641] mmcblk1: mmc1:b368 NCard 1.83 GiB (ro)
[    2.092007] input: gpio-keys as /devices/soc0/gpio-keys/input/input0
[    2.099078] rtc-em3027 2-0056: setting system clock to 2015-02-06 01:44:16 UTC (1423187056)
[    2.109725]  mmcblk1: p1 p2
[    2.114106] EXT4-fs (mmcblk0p1): mounting ext3 file system using the ext4 subsystem
[    2.202358] EXT4-fs (mmcblk0p1): recovery complete
[    2.207179] EXT4-fs (mmcblk0p1): mounted filesystem with ordered data mode. Opts: (null)
[    2.215308] VFS: Mounted root (ext3 filesystem) on device 179:1.
[    2.221942] hub 1-1:1.0: USB hub found
[    2.225845] hub 1-1:1.0: 4 ports detected
[    2.237099] devtmpfs: mounted
[    2.242619] Freeing unused kernel memory: 2048K (c1100000 - c1300000)
[    2.332767] random: fast init done
bash: cannot set terminal process group (-1): Inappropriate ioctl for device
bash: no job control in this shell
[    2.516955] usb 1-1.2: new high-speed USB device number 3 using tegra-ehci
root@(none):/# [    3.077034] asix 1-1.2:1.0 eth1: register 'asix' at usb-c5008000.usb-1.2, ASIX AX88772 USB 2.0 Ethernet, 00:60:6e:60:6c:68
mount -t sysfs none /sys
root@(none):/# 
root@(none):/# mount -t debugfs none /sys/kernel/debug
root@(none):/# 
root@(none):/# rtcwake -d rtc1 -m mem -s 3
rtcwake: assuming RTC uses UTC ...
rtcwake: wakeup from "mem" using /dev/rtc1 at Thu Jan  1 00:00:23 1970
[    7.474998] PM: Syncing filesystems ... done.
[    7.521476] Freezing user space processes ... (elapsed 0.001 seconds) done.
[    7.529965] Freezing remaining freezable tasks ... (elapsed 0.001 seconds) done.
[    7.539039] Suspending console(s) (use no_console_suspend to debug)
[    7.579884] PM: suspend of devices complete after 31.934 msecs
[    7.584222] PM: late suspend of devices complete after 4.307 msecs
[    7.607538] PM: noirq suspend of devices complete after 23.285 msecs
[    7.607548] Disabling non-boot CPUs ...
[    7.609505] CPU1: shutdown
[    7.641380] Entering suspend state LP1
[    7.641380] Suspended for 1.451 seconds
[    7.641424] Enabling non-boot CPUs ...
[    7.656168] CPU1 is up
[    7.657120] pcieport 0000:00:01.0: nv_msi_ht_cap_quirk didn't locate host bridge
[    7.677116] PM: noirq resume of devices complete after 20.915 msecs
[    7.680728] PM: early resume of devices complete after 2.890 msecs
[    8.186063] PM: resume of devices complete after 505.303 msecs
[    8.253968] Restarting tasks ... done.
root@(none):/# 
root@(none):/# rtcwake -d rtc1 -m mem -s 3
rtcwake: assuming RTC uses UTC ...
rtcwake: wakeup from "mem" using /dev/rtc1 at Thu Jan  1 00:00:28 1970
[    9.242053] PM: Syncing filesystems ... done.
[    9.287446] Freezing user space processes ... (elapsed 0.001 seconds) done.
[    9.295981] Freezing remaining freezable tasks ... (elapsed 0.001 seconds) done.
[    9.305053] Suspending console(s) (use no_console_suspend to debug)
[    9.343996] PM: suspend of devices complete after 30.010 msecs
[    9.348585] PM: late suspend of devices complete after 4.558 msecs
[    9.372456] PM: noirq suspend of devices complete after 23.839 msecs
[    9.372467] Disabling non-boot CPUs ...
[    9.374367] CPU1: shutdown
[    9.405370] Entering suspend state LP1
[    9.405370] Suspended for 3.235 seconds
[    9.405413] Enabling non-boot CPUs ...
[    9.421059] CPU1 is up
[    9.422436] pcieport 0000:00:01.0: nv_msi_ht_cap_quirk didn't locate host bridge
[    9.442058] PM: noirq resume of devices complete after 20.965 msecs
[    9.445715] PM: early resume of devices complete after 2.943 msecs
[    9.945185] PM: resume of devices complete after 499.437 msecs
[   10.013139] Restarting tasks ... done.
root@(none):/# 
root@(none):/# rtcwake -d rtc1 -m mem -s 3
rtcwake: assuming RTC uses UTC ...
rtcwake: wakeup from "mem" using /dev/rtc1 at Thu Jan  1 00:00:33 1970
[   11.006864] PM: Syncing filesystems ... done.
[   11.050697] Freezing user space processes ... (elapsed 0.001 seconds) done.
[   11.059122] Freezing remaining freezable tasks ... (elapsed 0.001 seconds) done.
[   11.068045] Suspending console(s) (use no_console_suspend to debug)
[   11.109586] PM: suspend of devices complete after 33.435 msecs
[   11.114128] PM: late suspend of devices complete after 4.510 msecs
[   11.137309] PM: noirq suspend of devices complete after 23.151 msecs
[   11.137321] Disabling non-boot CPUs ...
[   11.139247] CPU1: shutdown
[   11.155274] Entering suspend state LP1
[   11.155274] Suspended for 3.250 seconds
[   11.155318] Enabling non-boot CPUs ...
[   11.171020] CPU1 is up
[   11.172609] pcieport 0000:00:01.0: nv_msi_ht_cap_quirk didn't locate host bridge
[   11.191961] PM: noirq resume of devices complete after 20.909 msecs
[   11.195622] PM: early resume of devices complete after 2.915 msecs
[   11.695880] PM: resume of devices complete after 500.226 msecs
[   11.763818] Restarting tasks ... done.
root@(none):/# 
root@(none):/# rtcwake -d rtc1 -m mem -s 3
rtcwake: assuming RTC uses UTC ...
rtcwake: wakeup from "mem" using /dev/rtc1 at Thu Jan  1 00:00:38 1970
[   12.756576] PM: Syncing filesystems ... done.
[   12.802002] Freezing user space processes ... (elapsed 0.001 seconds) done.
[   12.810473] Freezing remaining freezable tasks ... (elapsed 0.001 seconds) done.
[   12.819592] Suspending console(s) (use no_console_suspend to debug)
[   12.858337] PM: suspend of devices complete after 29.821 msecs
[   12.862646] PM: late suspend of devices complete after 4.277 msecs
[   12.887276] PM: noirq suspend of devices complete after 24.600 msecs
[   12.887287] Disabling non-boot CPUs ...
[   12.889208] CPU1: shutdown
[   12.915169] Entering suspend state LP1
[   12.915169] Suspended for 3.240 seconds
[   12.915213] Enabling non-boot CPUs ...
[   12.930938] CPU1 is up
[   12.933505] pcieport 0000:00:01.0: nv_msi_ht_cap_quirk didn't locate host bridge
[   12.951885] PM: noirq resume of devices complete after 20.917 msecs
[   12.955692] PM: early resume of devices complete after 3.093 msecs
[   13.455056] PM: resume of devices complete after 499.332 msecs
[   13.522994] Restarting tasks ... done.
root@(none):/# 
root@(none):/# rtcwake -d rtc1 -m mem -s 3
rtcwake: assuming RTC uses UTC ...
rtcwake: wakeup from "mem" using /dev/rtc1 at Thu Jan  1 00:00:43 1970
[   14.516397] PM: Syncing filesystems ... done.
[   14.552618] Freezing user space processes ... (elapsed 0.001 seconds) done.
[   14.561009] Freezing remaining freezable tasks ... (elapsed 0.001 seconds) done.
[   14.569893] Suspending console(s) (use no_console_suspend to debug)
[   14.609134] PM: suspend of devices complete after 31.106 msecs
[   14.613620] PM: late suspend of devices complete after 4.455 msecs
[   14.637167] PM: noirq suspend of devices complete after 23.516 msecs
[   14.637178] Disabling non-boot CPUs ...
[   14.638963] CPU1: shutdown
[   14.665139] Entering suspend state LP1
[   14.665139] Suspended for 3.249 seconds
[   14.665183] Enabling non-boot CPUs ...
[   14.680869] CPU1 is up
[   14.682260] pcieport 0000:00:01.0: nv_msi_ht_cap_quirk didn't locate host bridge
[   14.701800] PM: noirq resume of devices complete after 20.896 msecs
[   14.705413] PM: early resume of devices complete after 2.869 msecs
[   15.205605] PM: resume of devices complete after 500.158 msecs
[   15.273558] Restarting tasks ... done.
root@(none):/# 
root@(none):/# rtcwake -d rtc1 -m mem -s 3
rtcwake: assuming RTC uses UTC ...
rtcwake: wakeup from "mem" using /dev/rtc1 at Thu Jan  1 00:00:48 1970
[   16.266289] PM: Syncing filesystems ... done.
[   16.311694] Freezing user space processes ... (elapsed 0.001 seconds) done.
[   16.320174] Freezing remaining freezable tasks ... (elapsed 0.001 seconds) done.
[   16.329327] Suspending console(s) (use no_console_suspend to debug)
[   16.368886] PM: suspend of devices complete after 30.678 msecs
[   16.373200] PM: late suspend of devices complete after 4.284 msecs
[   16.397082] PM: noirq suspend of devices complete after 23.853 msecs
[   16.397093] Disabling non-boot CPUs ...
[   16.398874] CPU1: shutdown
[   16.424982] Entering suspend state LP1
[   16.424982] Suspended for 3.240 seconds
[   16.425026] Enabling non-boot CPUs ...
[   16.440738] CPU1 is up
[   16.442323] pcieport 0000:00:01.0: nv_msi_ht_cap_quirk didn't locate host bridge
[   16.461712] PM: noirq resume of devices complete after 20.940 msecs
[   16.465337] PM: early resume of devices complete after 2.891 msecs
[   16.964417] PM: resume of devices complete after 499.047 msecs
[   17.032313] Restarting tasks ... done.
root@(none):/# 
root@(none):/# rtcwake -d rtc1 -m mem -s 3
rtcwake: assuming RTC uses UTC ...
rtcwake: wakeup from "mem" using /dev/rtc1 at Thu Jan  1 00:00:53 1970
[   18.026451] PM: Syncing filesystems ... done.
[   18.071882] Freezing user space processes ... (elapsed 0.001 seconds) done.
[   18.080444] Freezing remaining freezable tasks ... (elapsed 0.001 seconds) done.
[   18.089535] Suspending console(s) (use no_console_suspend to debug)
[   18.128106] PM: suspend of devices complete after 29.665 msecs
[   18.132451] PM: late suspend of devices complete after 4.313 msecs
[   18.157018] PM: noirq suspend of devices complete after 24.536 msecs
[   18.157029] Disabling non-boot CPUs ...
[   18.158953] CPU1: shutdown
[   18.184918] Entering suspend state LP1
[   18.184918] Suspended for 3.239 seconds
[   18.184961] Enabling non-boot CPUs ...
[   18.200674] CPU1 is up
[   18.202195] pcieport 0000:00:01.0: nv_msi_ht_cap_quirk didn't locate host bridge
[   18.221629] PM: noirq resume of devices complete after 20.923 msecs
[   18.225260] PM: early resume of devices complete after 2.908 msecs
[   18.725433] PM: resume of devices complete after 500.140 msecs
[   18.793386] Restarting tasks ... done.
root@(none):/# 
root@(none):/# rtcwake -d rtc1 -m mem -s 3
rtcwake: assuming RTC uses UTC ...
rtcwake: wakeup from "mem" using /dev/rtc1 at Thu Jan  1 00:00:58 1970
[   19.786145] PM: Syncing filesystems ... done.
[   19.831614] Freezing user space processes ... (elapsed 0.001 seconds) done.
[   19.840097] Freezing remaining freezable tasks ... (elapsed 0.001 seconds) done.
[   19.849227] Suspending console(s) (use no_console_suspend to debug)
[   19.888379] PM: suspend of devices complete after 30.263 msecs
[   19.892913] PM: late suspend of devices complete after 4.500 msecs
[   19.916918] PM: noirq suspend of devices complete after 23.975 msecs
[   19.916930] Disabling non-boot CPUs ...
[   19.918720] CPU1: shutdown
[   19.949826] Entering suspend state LP1
[   19.949826] Suspended for 3.235 seconds
[   19.949869] Enabling non-boot CPUs ...
[   19.965557] CPU1 is up
[   19.966822] pcieport 0000:00:01.0: nv_msi_ht_cap_quirk didn't locate host bridge
[   19.986517] PM: noirq resume of devices complete after 20.928 msecs
[   19.989900] PM: early resume of devices complete after 2.839 msecs
[   20.485364] PM: resume of devices complete after 495.432 msecs
[   20.551391] Restarting tasks ... done.
root@(none):/# 
root@(none):/# rtcwake -d rtc1 -m mem -s 3
rtcwake: assuming RTC uses UTC ...
rtcwake: wakeup from "mem" using /dev/rtc1 at Thu Jan  1 00:01:03 1970
[   21.551075] PM: Syncing filesystems ... done.
[   21.596562] Freezing user space processes ... (elapsed 0.001 seconds) done.
[   21.605046] Freezing remaining freezable tasks ... (elapsed 0.001 seconds) done.
[   21.614142] Suspending console(s) (use no_console_suspend to debug)
[   21.653591] PM: suspend of devices complete after 30.547 msecs
[   21.657913] PM: late suspend of devices complete after 4.293 msecs
[   21.681798] PM: noirq suspend of devices complete after 23.854 msecs
[   21.681809] Disabling non-boot CPUs ...
[   21.683609] CPU1: shutdown
[   21.709792] Entering suspend state LP1
[   21.709792] Suspended for 3.239 seconds
[   21.709835] Enabling non-boot CPUs ...
[   21.725496] CPU1 is up
[   21.726797] pcieport 0000:00:01.0: nv_msi_ht_cap_quirk didn't locate host bridge
[   21.746419] PM: noirq resume of devices complete after 20.889 msecs
[   21.750130] PM: early resume of devices complete after 2.966 msecs
[   22.249271] PM: resume of devices complete after 499.109 msecs
[   22.317180] Restarting tasks ... done.
root@(none):/# 
root@(none):/# rtcwake -d rtc1 -m mem -s 3
rtcwake: assuming RTC uses UTC ...
rtcwake: wakeup from "mem" using /dev/rtc1 at Thu Jan  1 00:01:08 1970
[   23.315942] PM: Syncing filesystems ... done.
[   23.358386] Freezing user space processes ... (elapsed 0.001 seconds) done.
[   23.366818] Freezing remaining freezable tasks ... (elapsed 0.001 seconds) done.
[   23.375680] Suspending console(s) (use no_console_suspend to debug)
[   23.405103] PM: suspend of devices complete after 21.316 msecs
[   23.409432] PM: late suspend of devices complete after 4.299 msecs
[   23.431706] PM: noirq suspend of devices complete after 22.243 msecs
[   23.431717] Disabling non-boot CPUs ...
[   23.433506] CPU1: shutdown
[   23.459664] Entering suspend state LP1
[   23.459664] Suspended for 3.250 seconds
[   23.459708] Enabling non-boot CPUs ...
[   23.475389] CPU1 is up
[   23.477922] pcieport 0000:00:01.0: nv_msi_ht_cap_quirk didn't locate host bridge
[   23.496359] PM: noirq resume of devices complete after 20.939 msecs
[   23.500157] PM: early resume of devices complete after 3.059 msecs
[   23.998998] PM: resume of devices complete after 498.809 msecs
[   24.066885] Restarting tasks ... done.
root@(none):/# 
root@(none):/# NVTB SYSTEM SUSPEND TEST COMPLETE
