Diff for ./qemu-vexpress64/__internal/defconfig_log.txt
--- /tmp/fooa	2015-05-03 19:37:03.142434803 -0700
+++ /tmp/foob	2015-05-03 19:37:03.146434798 -0700
@@ -1,6 +1,6 @@
 Booting Linux on physical CPU 0x0
 Initializing cgroup subsys cpu
-Linux version 4.1.0-rc1+ (pwalmsley@tamien) (gcc version 4.9.2 20140904 (prerelease) (crosstool-NG linaro-1.13.1-4.9-2014.09 - Linaro GCC 4.9-2014.09) ) #1 SMP PREEMPT Sun Apr 26 18:34:32 PDT 2015
+Linux version 4.1.0-rc2+ (pwalmsley@tamien) (gcc version 4.9.2 20140904 (prerelease) (crosstool-NG linaro-1.13.1-4.9-2014.09 - Linaro GCC 4.9-2014.09) ) #1 SMP PREEMPT Sun May 3 19:34:17 PDT 2015
 CPU: AArch64 Processor [411fd070] revision 0
 Detected PIPT I-cache on CPU0
 alternatives: enabling workaround for ARM erratum 832075
@@ -19,7 +19,7 @@
 Dentry cache hash table entries: 131072 (order: 8, 1048576 bytes)
 Inode-cache hash table entries: 65536 (order: 7, 524288 bytes)
 software IO TLB [mem 0x79c00000-0x7dc00000] (64MB) mapped at [ffffffc039c00000-ffffffc03dbfffff]
-Memory: 939548K/1048576K available (5385K kernel code, 434K rwdata, 2136K rodata, 324K init, 203K bss, 92644K reserved, 16384K cma-reserved)
+Memory: 939548K/1048576K available (5381K kernel code, 438K rwdata, 2136K rodata, 324K init, 202K bss, 92644K reserved, 16384K cma-reserved)
 Virtual kernel memory layout:
     vmalloc : 0xffffff8000000000 - 0xffffffbdbfff0000   (   246 GB)
     vmemmap : 0xffffffbdc0000000 - 0xffffffbfc0000000   (     8 GB maximum)
@@ -28,9 +28,9 @@
     PCI I/O : 0xffffffbffae00000 - 0xffffffbffbe00000   (    16 MB)
     modules : 0xffffffbffc000000 - 0xffffffc000000000   (    64 MB)
     memory  : 0xffffffc000000000 - 0xffffffc040000000   (  1024 MB)
-      .init : 0xffffffc0007db000 - 0xffffffc00082c000   (   324 KB)
-      .text : 0xffffffc000080000 - 0xffffffc0007da544   (  7530 KB)
-      .data : 0xffffffc000832000 - 0xffffffc00089e800   (   434 KB)
+      .init : 0xffffffc0007da000 - 0xffffffc00082b000   (   324 KB)
+      .text : 0xffffffc000080000 - 0xffffffc0007d9544   (  7526 KB)
+      .data : 0xffffffc000831000 - 0xffffffc00089ea00   (   439 KB)
 SLUB: HWalign=64, Order=0-3, MinObjects=0, CPUs=1, Nodes=1
 Preemptible hierarchical RCU implementation.
 	Additional per-CPU info printed with stalls.
@@ -87,7 +87,7 @@
 kvm [1]: HYP mode not available
 futex hash table entries: 256 (order: 2, 16384 bytes)
 audit: initializing netlink subsys (disabled)
-audit: type=2000 audit(0.430:1): initialized
+audit: type=2000 audit(0.440:1): initialized
 HugeTLB registered 2 MB page size, pre-allocated 0 pages
 VFS: Disk quotas dquot_6.6.0
 VFS: Dquot-cache hash table entries: 512 (order 0, 4096 bytes)
@@ -130,8 +130,8 @@
 EXT4-fs (vda2): mounted filesystem with ordered data mode. Opts: (null)
 VFS: Mounted root (ext4 filesystem) on device 254:2.
 devtmpfs: mounted
-Freeing unused kernel memory: 324K (ffffffc0007db000 - ffffffc00082c000)
-Freeing alternatives memory: 12K (ffffffc00082c000 - ffffffc00082f000)
+Freeing unused kernel memory: 324K (ffffffc0007da000 - ffffffc00082b000)
+Freeing alternatives memory: 12K (ffffffc00082b000 - ffffffc00082e000)
 bash: cannot set terminal process group (-1): Inappropriate ioctl for device
 bash: no job control in this shell
 bash-4.3# 
\ No newline at end of file
Diff for ./tegra114-dalmore-a04/tegra114-dalmore/multi_v7_defconfig_log.txt
--- /tmp/fooa	2015-05-03 19:37:03.150434795 -0700
+++ /tmp/foob	2015-05-03 19:37:03.154434791 -0700
@@ -40,18 +40,18 @@
 	 ###################################
 	 3.3 MiB/s
 done
-Bytes transferred = 6227624 (5f06a8 hex)
+Bytes transferred = 6227592 (5f0688 hex)
 Tegra114 (Dalmore) # tftpboot 0x82000000 tegra114-dalmore.dtb
 Using asx0 device
 TFTP from server 192.168.100.1; our IP address is 192.168.100.100
 Filename 'tegra114-dalmore.dtb'.
 Load address: 0x82000000
 Loading: *###
-	 3 MiB/s
+	 2.8 MiB/s
 done
 Bytes transferred = 34894 (884e hex)
 Tegra114 (Dalmore) # bootz 0x81000000 - 0x82000000
-Kernel image @ 0x81000000 [ 0x000000 - 0x5f06a8 ]
+Kernel image @ 0x81000000 [ 0x000000 - 0x5f0688 ]
 ## Flattened Device Tree blob at 82000000
    Booting using the fdt blob at 0x82000000
    Loading Device Tree to 8fff4000, end 8ffff84d ... OK
@@ -59,7 +59,7 @@
 Starting kernel ...
 
 Booting Linux on physical CPU 0x0
-Linux version 4.1.0-rc1-12186-gb787f68 (pwalmsley@sellafield) (gcc version 4.7.3 20130328 (prerelease) (crosstool-NG linaro-1.13.1-4.7-2013.04-20130415 - Linaro GCC 2013.04) ) #1 SMP Sun Apr 26 18:33:34 PDT 2015
+Linux version 4.1.0-rc2-12405-g5ebe6af (pwalmsley@sellafield) (gcc version 4.7.3 20130328 (prerelease) (crosstool-NG linaro-1.13.1-4.7-2013.04-20130415 - Linaro GCC 2013.04) ) #1 SMP Sun May 3 19:33:16 PDT 2015
 CPU: ARMv7 Processor [412fc0f2] revision 2 (ARMv7), cr=10c5387d
 CPU: PIPT / VIPT nonaliasing data cache, PIPT instruction cache
 Machine model: NVIDIA Tegra114 Dalmore evaluation board
@@ -89,9 +89,9 @@
     lowmem  : 0xc0000000 - 0xef800000   ( 760 MB)
     pkmap   : 0xbfe00000 - 0xc0000000   (   2 MB)
     modules : 0xbf000000 - 0xbfe00000   (  14 MB)
-      .text : 0xc0208000 - 0xc0d53f40   (11568 kB)
+      .text : 0xc0208000 - 0xc0d53f54   (11568 kB)
       .init : 0xc0d54000 - 0xc0e20000   ( 816 kB)
-      .data : 0xc0e20000 - 0xc0f1f300   (1021 kB)
+      .data : 0xc0e20000 - 0xc0f1f320   (1021 kB)
        .bss : 0xc0f22000 - 0xc0f716a8   ( 318 kB)
 SLUB: HWalign=64, Order=0-3, MinObjects=0, CPUs=4, Nodes=1
 Hierarchical RCU implementation.
@@ -303,7 +303,7 @@
 hub 1-0:1.0: USB hub found
 hub 1-0:1.0: 1 port detected
 input: gpio-keys as /devices/soc0/gpio-keys/input/input1
-palmas-rtc 7000d000.i2c:tps65913@58:rtc: setting system clock to 2000-10-01 20:57:47 UTC (970433867)
+palmas-rtc 7000d000.i2c:tps65913@58:rtc: setting system clock to 2000-10-08 21:57:48 UTC (971042268)
 vdd_cam_1v8_reg: disabling
 usb1_vbus: disabling
 dvdd_ts: disabling
@@ -317,4 +317,4 @@
 Freeing unused kernel memory: 816K (c0d54000 - c0e20000)
 bash: cannot set terminal process group (-1): Inappropriate ioctl for device
 bash: no job control in this shell
-root@(none):/# [    2.618752] usb 1-1: new high-speed USB device number 2 using tegra-ehci
+root@(none):/# [    2.628689] usb 1-1: new high-speed USB device number 2 using tegra-ehci
Diff for ./tegra114-dalmore-a04/tegra114-dalmore/tegra_defconfig_log.txt
--- /tmp/fooa	2015-05-03 19:37:03.158434788 -0700
+++ /tmp/foob	2015-05-03 19:37:03.162434784 -0700
@@ -37,7 +37,7 @@
 	 #################################################################
 	 #################################################################
 	 ########
-	 3.1 MiB/s
+	 3.3 MiB/s
 done
 Bytes transferred = 4882864 (4a81b0 hex)
 Tegra114 (Dalmore) # tftpboot 0x82000000 tegra114-dalmore.dtb
@@ -46,7 +46,7 @@
 Filename 'tegra114-dalmore.dtb'.
 Load address: 0x82000000
 Loading: *###
-	 2.6 MiB/s
+	 2.8 MiB/s
 done
 Bytes transferred = 34894 (884e hex)
 Tegra114 (Dalmore) # bootz 0x81000000 - 0x82000000
@@ -61,7 +61,7 @@
 Booting Linux on physical CPU 0x0
 Initializing cgroup subsys cpu
 Initializing cgroup subsys cpuacct
-Linux version 4.1.0-rc1-12186-gb787f68 (pwalmsley@kaivo) (gcc version 4.7.3 20130328 (prerelease) (crosstool-NG linaro-1.13.1-4.7-2013.04-20130415 - Linaro GCC 2013.04) ) #1 SMP PREEMPT Sun Apr 26 18:33:40 PDT 2015
+Linux version 4.1.0-rc2-12405-g5ebe6af (pwalmsley@kaivo) (gcc version 4.7.3 20130328 (prerelease) (crosstool-NG linaro-1.13.1-4.7-2013.04-20130415 - Linaro GCC 2013.04) ) #1 SMP PREEMPT Sun May 3 19:33:31 PDT 2015
 CPU: ARMv7 Processor [412fc0f2] revision 2 (ARMv7), cr=10c5387d
 CPU: PIPT / VIPT nonaliasing data cache, PIPT instruction cache
 Machine model: NVIDIA Tegra114 Dalmore evaluation board
@@ -70,7 +70,7 @@
 cma: Reserved 64 MiB at 0xfbc00000
 Memory policy: Data cache writealloc
 On node 0 totalpages: 524032
-free_area_init_node: node 0, pgdat c0962340, node_mem_map ee7f7000
+free_area_init_node: node 0, pgdat c0962380, node_mem_map ee7f7000
   Normal zone: 1520 pages used for memmap
   Normal zone: 0 pages reserved
   Normal zone: 194560 pages, LIFO batch:31
@@ -91,9 +91,9 @@
     lowmem  : 0xc0000000 - 0xef800000   ( 760 MB)
     pkmap   : 0xbfe00000 - 0xc0000000   (   2 MB)
     modules : 0xbf000000 - 0xbfe00000   (  14 MB)
-      .text : 0xc0008000 - 0xc08c7554   (8958 kB)
+      .text : 0xc0008000 - 0xc08c7560   (8958 kB)
       .init : 0xc08c8000 - 0xc0916000   ( 312 kB)
-      .data : 0xc0916000 - 0xc0963ec0   ( 312 kB)
+      .data : 0xc0916000 - 0xc0963f20   ( 312 kB)
        .bss : 0xc0966000 - 0xc09bde94   ( 352 kB)
 Preemptible hierarchical RCU implementation.
 	Additional per-CPU info printed with stalls.
@@ -294,7 +294,7 @@
 hub 1-0:1.0: USB hub found
 hub 1-0:1.0: 1 port detected
 input: gpio-keys as /devices/soc0/gpio-keys/input/input1
-palmas-rtc 7000d000.i2c:tps65913@58:rtc: setting system clock to 2000-10-01 20:58:18 UTC (970433898)
+palmas-rtc 7000d000.i2c:tps65913@58:rtc: setting system clock to 2000-10-08 21:58:19 UTC (971042299)
 vdd_cam_1v8_reg: disabling
 usb1_vbus: disabling
 dvdd_ts: disabling
@@ -309,4 +309,4 @@
 Freeing unused kernel memory: 312K (c08c8000 - c0916000)
 bash: cannot set terminal process group (-1): Inappropriate ioctl for device
 bash: no job control in this shell
-root@(none):/# [    2.789707] usb 1-1: new high-speed USB device number 2 using tegra-ehci
+root@(none):/# [    2.779705] usb 1-1: new high-speed USB device number 2 using tegra-ehci
Diff for ./tegra124-jetson-tk1/tegra124-jetson-tk1/multi_v7_defconfig_log.txt
--- /tmp/fooa	2015-05-03 19:37:03.166434781 -0700
+++ /tmp/foob	2015-05-03 19:37:03.170434777 -0700
@@ -40,9 +40,9 @@
 	 #################################################################
 	 #################################################################
 	 ###################################
-	 3.2 MiB/s
+	 3.1 MiB/s
 done
-Bytes transferred = 6227624 (5f06a8 hex)
+Bytes transferred = 6227592 (5f0688 hex)
 Tegra124 (Jetson TK1) # tftpboot 0x82000000 tegra124-jetson-tk1.dtb
 Using asx0 device
 TFTP from server 192.168.100.1; our IP address is 192.168.100.102
@@ -53,7 +53,7 @@
 done
 Bytes transferred = 63003 (f61b hex)
 Tegra124 (Jetson TK1) # bootz 0x81000000 - 0x82000000
-Kernel image @ 0x81000000 [ 0x000000 - 0x5f06a8 ]
+Kernel image @ 0x81000000 [ 0x000000 - 0x5f0688 ]
 ## Flattened Device Tree blob at 82000000
    Booting using the fdt blob at 0x82000000
    Using Device Tree in place at 82000000, end 8201261a
@@ -61,7 +61,7 @@
 Starting kernel ...
 
 Booting Linux on physical CPU 0x0
-Linux version 4.1.0-rc1-12186-gb787f68 (pwalmsley@sellafield) (gcc version 4.7.3 20130328 (prerelease) (crosstool-NG linaro-1.13.1-4.7-2013.04-20130415 - Linaro GCC 2013.04) ) #1 SMP Sun Apr 26 18:33:34 PDT 2015
+Linux version 4.1.0-rc2-12405-g5ebe6af (pwalmsley@sellafield) (gcc version 4.7.3 20130328 (prerelease) (crosstool-NG linaro-1.13.1-4.7-2013.04-20130415 - Linaro GCC 2013.04) ) #1 SMP Sun May 3 19:33:16 PDT 2015
 CPU: ARMv7 Processor [413fc0f3] revision 3 (ARMv7), cr=10c5387d
 CPU: PIPT / VIPT nonaliasing data cache, PIPT instruction cache
 Machine model: NVIDIA Tegra124 Jetson TK1
@@ -91,9 +91,9 @@
     lowmem  : 0xc0000000 - 0xef800000   ( 760 MB)
     pkmap   : 0xbfe00000 - 0xc0000000   (   2 MB)
     modules : 0xbf000000 - 0xbfe00000   (  14 MB)
-      .text : 0xc0208000 - 0xc0d53f40   (11568 kB)
+      .text : 0xc0208000 - 0xc0d53f54   (11568 kB)
       .init : 0xc0d54000 - 0xc0e20000   ( 816 kB)
-      .data : 0xc0e20000 - 0xc0f1f300   (1021 kB)
+      .data : 0xc0e20000 - 0xc0f1f320   (1021 kB)
        .bss : 0xc0f22000 - 0xc0f716a8   ( 318 kB)
 SLUB: HWalign=64, Order=0-3, MinObjects=0, CPUs=4, Nodes=1
 Hierarchical RCU implementation.
Diff for ./tegra124-jetson-tk1/tegra124-jetson-tk1/tegra_defconfig_log.txt
--- /tmp/fooa	2015-05-03 19:37:03.174434773 -0700
+++ /tmp/foob	2015-05-03 19:37:03.178434770 -0700
@@ -39,7 +39,7 @@
 	 #################################################################
 	 #################################################################
 	 ########
-	 3.4 MiB/s
+	 2.8 MiB/s
 done
 Bytes transferred = 4882864 (4a81b0 hex)
 Tegra124 (Jetson TK1) # tftpboot 0x82000000 tegra124-jetson-tk1.dtb
@@ -48,7 +48,7 @@
 Filename 'tegra124-jetson-tk1.dtb'.
 Load address: 0x82000000
 Loading: *#####
-	 3.3 MiB/s
+	 2.7 MiB/s
 done
 Bytes transferred = 63003 (f61b hex)
 Tegra124 (Jetson TK1) # bootz 0x81000000 - 0x82000000
@@ -63,7 +63,7 @@
 Booting Linux on physical CPU 0x0
 Initializing cgroup subsys cpu
 Initializing cgroup subsys cpuacct
-Linux version 4.1.0-rc1-12186-gb787f68 (pwalmsley@kaivo) (gcc version 4.7.3 20130328 (prerelease) (crosstool-NG linaro-1.13.1-4.7-2013.04-20130415 - Linaro GCC 2013.04) ) #1 SMP PREEMPT Sun Apr 26 18:33:40 PDT 2015
+Linux version 4.1.0-rc2-12405-g5ebe6af (pwalmsley@kaivo) (gcc version 4.7.3 20130328 (prerelease) (crosstool-NG linaro-1.13.1-4.7-2013.04-20130415 - Linaro GCC 2013.04) ) #1 SMP PREEMPT Sun May 3 19:33:31 PDT 2015
 CPU: ARMv7 Processor [413fc0f3] revision 3 (ARMv7), cr=10c5387d
 CPU: PIPT / VIPT nonaliasing data cache, PIPT instruction cache
 Machine model: NVIDIA Tegra124 Jetson TK1
@@ -72,7 +72,7 @@
 cma: Reserved 64 MiB at 0xfbc00000
 Memory policy: Data cache writealloc
 On node 0 totalpages: 524032
-free_area_init_node: node 0, pgdat c0962340, node_mem_map ee7f7000
+free_area_init_node: node 0, pgdat c0962380, node_mem_map ee7f7000
   Normal zone: 1520 pages used for memmap
   Normal zone: 0 pages reserved
   Normal zone: 194560 pages, LIFO batch:31
@@ -93,9 +93,9 @@
     lowmem  : 0xc0000000 - 0xef800000   ( 760 MB)
     pkmap   : 0xbfe00000 - 0xc0000000   (   2 MB)
     modules : 0xbf000000 - 0xbfe00000   (  14 MB)
-      .text : 0xc0008000 - 0xc08c7554   (8958 kB)
+      .text : 0xc0008000 - 0xc08c7560   (8958 kB)
       .init : 0xc08c8000 - 0xc0916000   ( 312 kB)
-      .data : 0xc0916000 - 0xc0963ec0   ( 312 kB)
+      .data : 0xc0916000 - 0xc0963f20   ( 312 kB)
        .bss : 0xc0966000 - 0xc09bde94   ( 352 kB)
 Preemptible hierarchical RCU implementation.
 	Additional per-CPU info printed with stalls.
Diff for ./tegra20-trimslice/tegra20-trimslice/multi_v7_defconfig_log.txt
--- /tmp/fooa	2015-05-03 19:37:03.182434766 -0700
+++ /tmp/foob	2015-05-03 19:37:03.182434766 -0700
@@ -44,9 +44,9 @@
 	 #################################################################
 	 #################################################################
 	 ###################################
-	 3.9 MiB/s
+	 4 MiB/s
 done
-Bytes transferred = 6227624 (5f06a8 hex)
+Bytes transferred = 6227592 (5f0688 hex)
 Tegra20 (TrimSlice) # tftpboot 0x02408000 tegra20-trimslice.dtb
 Using RTL8169#0 device
 TFTP from server 192.168.100.1; our IP address is 192.168.100.103
@@ -57,7 +57,7 @@
 done
 Bytes transferred = 21130 (528a hex)
 Tegra20 (TrimSlice) # bootz 0x00408000 - 0x02408000
-Kernel image @ 0x408000 [ 0x000000 - 0x5f06a8 ]
+Kernel image @ 0x408000 [ 0x000000 - 0x5f0688 ]
 ## Flattened Device Tree blob at 02408000
    Booting using the fdt blob at 0x2408000
    Using Device Tree in place at 02408000, end 02410289
@@ -65,7 +65,7 @@
 Starting kernel ...
 
 Booting Linux on physical CPU 0x0
-Linux version 4.1.0-rc1-12186-gb787f68 (pwalmsley@sellafield) (gcc version 4.7.3 20130328 (prerelease) (crosstool-NG linaro-1.13.1-4.7-2013.04-20130415 - Linaro GCC 2013.04) ) #1 SMP Sun Apr 26 18:33:34 PDT 2015
+Linux version 4.1.0-rc2-12405-g5ebe6af (pwalmsley@sellafield) (gcc version 4.7.3 20130328 (prerelease) (crosstool-NG linaro-1.13.1-4.7-2013.04-20130415 - Linaro GCC 2013.04) ) #1 SMP Sun May 3 19:33:16 PDT 2015
 CPU: ARMv7 Processor [411fc090] revision 0 (ARMv7), cr=10c5387d
 CPU: PIPT / VIPT nonaliasing data cache, VIPT aliasing instruction cache
 Machine model: Compulab TrimSlice board
@@ -95,9 +95,9 @@
     lowmem  : 0xc0000000 - 0xef800000   ( 760 MB)
     pkmap   : 0xbfe00000 - 0xc0000000   (   2 MB)
     modules : 0xbf000000 - 0xbfe00000   (  14 MB)
-      .text : 0xc0208000 - 0xc0d53f40   (11568 kB)
+      .text : 0xc0208000 - 0xc0d53f54   (11568 kB)
       .init : 0xc0d54000 - 0xc0e20000   ( 816 kB)
-      .data : 0xc0e20000 - 0xc0f1f300   (1021 kB)
+      .data : 0xc0e20000 - 0xc0f1f320   (1021 kB)
        .bss : 0xc0f22000 - 0xc0f716a8   ( 318 kB)
 SLUB: HWalign=64, Order=0-3, MinObjects=0, CPUs=2, Nodes=1
 Hierarchical RCU implementation.
@@ -334,22 +334,22 @@
 can: netlink gateway (rev 20130117) max_hops=1
 Key type dns_resolver registered
 ThumbEE CPU extension supported.
+mmc0: host does not support reading read-only switch, assuming write-enable
+mmc0: new high speed SDHC card at address b368
+mmcblk0: mmc0:b368 NCard 3.70 GiB 
+ mmcblk0: p1
 Registering SWP/SWPB emulation handler
 utmi_phy_clk_enable: timeout waiting for phy to stabilize
 tegra-ehci c5000000.usb: EHCI Host Controller
-mmc0: host does not support reading read-only switch, assuming write-enable
 tegra-ehci c5000000.usb: new USB bus registered, assigned bus number 2
 tegra-ehci c5000000.usb: irq 288, io mem 0xc5000000
-mmc0: new high speed SDHC card at address b368
-mmcblk0: mmc0:b368 NCard 3.70 GiB 
- mmcblk0: p1
 tegra-ehci c5000000.usb: USB 2.0 started, EHCI 1.00
 hub 2-0:1.0: USB hub found
 hub 2-0:1.0: 1 port detected
 hub 1-1:1.0: USB hub found
 input: gpio-keys as /devices/soc0/gpio-keys/input/input0
+rtc-em3027 2-0056: setting system clock to 2014-12-25 20:05:14 UTC (1419537914)
 hub 1-1:1.0: 4 ports detected
-rtc-em3027 2-0056: setting system clock to 2014-12-25 19:51:22 UTC (1419537082)
 ALSA device list:
   #0: tegra-trimslice
 EXT4-fs (mmcblk0p1): mounting ext3 file system using the ext4 subsystem
Diff for ./tegra20-trimslice/tegra20-trimslice/tegra_defconfig_log.txt
--- /tmp/fooa	2015-05-03 19:37:03.190434760 -0700
+++ /tmp/foob	2015-05-03 19:37:03.190434760 -0700
@@ -43,7 +43,7 @@
 	 #################################################################
 	 #################################################################
 	 ########
-	 3.4 MiB/s
+	 3.5 MiB/s
 done
 Bytes transferred = 4882864 (4a81b0 hex)
 Tegra20 (TrimSlice) # tftpboot 0x02408000 tegra20-trimslice.dtb
@@ -52,7 +52,7 @@
 Filename 'tegra20-trimslice.dtb'.
 Load address: 0x2408000
 Loading: *##
-	 2.9 MiB/s
+	 2.5 MiB/s
 done
 Bytes transferred = 21130 (528a hex)
 Tegra20 (TrimSlice) # bootz 0x00408000 - 0x02408000
@@ -67,7 +67,7 @@
 Booting Linux on physical CPU 0x0
 Initializing cgroup subsys cpu
 Initializing cgroup subsys cpuacct
-Linux version 4.1.0-rc1-12186-gb787f68 (pwalmsley@kaivo) (gcc version 4.7.3 20130328 (prerelease) (crosstool-NG linaro-1.13.1-4.7-2013.04-20130415 - Linaro GCC 2013.04) ) #1 SMP PREEMPT Sun Apr 26 18:33:40 PDT 2015
+Linux version 4.1.0-rc2-12405-g5ebe6af (pwalmsley@kaivo) (gcc version 4.7.3 20130328 (prerelease) (crosstool-NG linaro-1.13.1-4.7-2013.04-20130415 - Linaro GCC 2013.04) ) #1 SMP PREEMPT Sun May 3 19:33:31 PDT 2015
 CPU: ARMv7 Processor [411fc090] revision 0 (ARMv7), cr=10c5387d
 CPU: PIPT / VIPT nonaliasing data cache, VIPT aliasing instruction cache
 Machine model: Compulab TrimSlice board
@@ -77,7 +77,7 @@
 cma: Reserved 64 MiB at 0x3c000000
 Memory policy: Data cache writealloc
 On node 0 totalpages: 262144
-free_area_init_node: node 0, pgdat c0962340, node_mem_map eeff7000
+free_area_init_node: node 0, pgdat c0962380, node_mem_map eeff7000
   Normal zone: 1520 pages used for memmap
   Normal zone: 0 pages reserved
   Normal zone: 194560 pages, LIFO batch:31
@@ -98,9 +98,9 @@
     lowmem  : 0xc0000000 - 0xef800000   ( 760 MB)
     pkmap   : 0xbfe00000 - 0xc0000000   (   2 MB)
     modules : 0xbf000000 - 0xbfe00000   (  14 MB)
-      .text : 0xc0008000 - 0xc08c7554   (8958 kB)
+      .text : 0xc0008000 - 0xc08c7560   (8958 kB)
       .init : 0xc08c8000 - 0xc0916000   ( 312 kB)
-      .data : 0xc0916000 - 0xc0963ec0   ( 312 kB)
+      .data : 0xc0916000 - 0xc0963f20   ( 312 kB)
        .bss : 0xc0966000 - 0xc09bde94   ( 352 kB)
 Preemptible hierarchical RCU implementation.
 	Additional per-CPU info printed with stalls.
@@ -342,7 +342,7 @@
 hub 2-0:1.0: USB hub found
 hub 2-0:1.0: 1 port detected
 input: gpio-keys as /devices/soc0/gpio-keys/input/input0
-rtc-em3027 2-0056: setting system clock to 2014-12-25 19:51:40 UTC (1419537100)
+rtc-em3027 2-0056: setting system clock to 2014-12-25 20:05:32 UTC (1419537932)
 hub 1-1:1.0: USB hub found
 ALSA device list:
   #0: tegra-trimslice
Diff for ./tegra30-beaver/tegra30-beaver/multi_v7_defconfig_log.txt
--- /tmp/fooa	2015-05-03 19:37:03.198434752 -0700
+++ /tmp/foob	2015-05-03 19:37:03.198434752 -0700
@@ -40,18 +40,18 @@
 	 ###################################
 	 3.4 MiB/s
 done
-Bytes transferred = 6227624 (5f06a8 hex)
+Bytes transferred = 6227592 (5f0688 hex)
 Tegra30 (Beaver) # tftpboot 0x82000000 tegra30-beaver.dtb
 Using asx0 device
 TFTP from server 192.168.100.1; our IP address is 192.168.100.101
 Filename 'tegra30-beaver.dtb'.
 Load address: 0x82000000
 Loading: *####
-	 3.1 MiB/s
+	 2.9 MiB/s
 done
 Bytes transferred = 51191 (c7f7 hex)
 Tegra30 (Beaver) # bootz 0x81000000 - 0x82000000
-Kernel image @ 0x81000000 [ 0x000000 - 0x5f06a8 ]
+Kernel image @ 0x81000000 [ 0x000000 - 0x5f0688 ]
 ## Flattened Device Tree blob at 82000000
    Booting using the fdt blob at 0x82000000
    Loading Device Tree to 8fff0000, end 8ffff7f6 ... OK
@@ -59,7 +59,7 @@
 Starting kernel ...
 
 Booting Linux on physical CPU 0x0
-Linux version 4.1.0-rc1-12186-gb787f68 (pwalmsley@sellafield) (gcc version 4.7.3 20130328 (prerelease) (crosstool-NG linaro-1.13.1-4.7-2013.04-20130415 - Linaro GCC 2013.04) ) #1 SMP Sun Apr 26 18:33:34 PDT 2015
+Linux version 4.1.0-rc2-12405-g5ebe6af (pwalmsley@sellafield) (gcc version 4.7.3 20130328 (prerelease) (crosstool-NG linaro-1.13.1-4.7-2013.04-20130415 - Linaro GCC 2013.04) ) #1 SMP Sun May 3 19:33:16 PDT 2015
 CPU: ARMv7 Processor [412fc099] revision 9 (ARMv7), cr=10c5387d
 CPU: PIPT / VIPT nonaliasing data cache, VIPT aliasing instruction cache
 Machine model: NVIDIA Tegra30 Beaver evaluation board
@@ -89,9 +89,9 @@
     lowmem  : 0xc0000000 - 0xef800000   ( 760 MB)
     pkmap   : 0xbfe00000 - 0xc0000000   (   2 MB)
     modules : 0xbf000000 - 0xbfe00000   (  14 MB)
-      .text : 0xc0208000 - 0xc0d53f40   (11568 kB)
+      .text : 0xc0208000 - 0xc0d53f54   (11568 kB)
       .init : 0xc0d54000 - 0xc0e20000   ( 816 kB)
-      .data : 0xc0e20000 - 0xc0f1f300   (1021 kB)
+      .data : 0xc0e20000 - 0xc0f1f320   (1021 kB)
        .bss : 0xc0f22000 - 0xc0f716a8   ( 318 kB)
 SLUB: HWalign=64, Order=0-3, MinObjects=0, CPUs=4, Nodes=1
 Hierarchical RCU implementation.
@@ -378,4 +378,4 @@
 Freeing unused kernel memory: 816K (c0d54000 - c0e20000)
 bash: cannot set terminal process group (-1): Inappropriate ioctl for device
 bash: no job control in this shell
-root@(none):/# [    4.208492] usb 2-1: new high-speed USB device number 2 using tegra-ehci
+root@(none):/# [    4.208883] usb 2-1: new high-speed USB device number 2 using tegra-ehci
Diff for ./tegra30-beaver/tegra30-beaver/tegra_defconfig_log.txt
--- /tmp/fooa	2015-05-03 19:37:03.202434748 -0700
+++ /tmp/foob	2015-05-03 19:37:03.206434745 -0700
@@ -61,7 +61,7 @@
 Booting Linux on physical CPU 0x0
 Initializing cgroup subsys cpu
 Initializing cgroup subsys cpuacct
-Linux version 4.1.0-rc1-12186-gb787f68 (pwalmsley@kaivo) (gcc version 4.7.3 20130328 (prerelease) (crosstool-NG linaro-1.13.1-4.7-2013.04-20130415 - Linaro GCC 2013.04) ) #1 SMP PREEMPT Sun Apr 26 18:33:40 PDT 2015
+Linux version 4.1.0-rc2-12405-g5ebe6af (pwalmsley@kaivo) (gcc version 4.7.3 20130328 (prerelease) (crosstool-NG linaro-1.13.1-4.7-2013.04-20130415 - Linaro GCC 2013.04) ) #1 SMP PREEMPT Sun May 3 19:33:31 PDT 2015
 CPU: ARMv7 Processor [412fc099] revision 9 (ARMv7), cr=10c5387d
 CPU: PIPT / VIPT nonaliasing data cache, VIPT aliasing instruction cache
 Machine model: NVIDIA Tegra30 Beaver evaluation board
@@ -70,7 +70,7 @@
 cma: Reserved 64 MiB at 0xfbc00000
 Memory policy: Data cache writealloc
 On node 0 totalpages: 524032
-free_area_init_node: node 0, pgdat c0962340, node_mem_map ee7f7000
+free_area_init_node: node 0, pgdat c0962380, node_mem_map ee7f7000
   Normal zone: 1520 pages used for memmap
   Normal zone: 0 pages reserved
   Normal zone: 194560 pages, LIFO batch:31
@@ -91,9 +91,9 @@
     lowmem  : 0xc0000000 - 0xef800000   ( 760 MB)
     pkmap   : 0xbfe00000 - 0xc0000000   (   2 MB)
     modules : 0xbf000000 - 0xbfe00000   (  14 MB)
-      .text : 0xc0008000 - 0xc08c7554   (8958 kB)
+      .text : 0xc0008000 - 0xc08c7560   (8958 kB)
       .init : 0xc08c8000 - 0xc0916000   ( 312 kB)
-      .data : 0xc0916000 - 0xc0963ec0   ( 312 kB)
+      .data : 0xc0916000 - 0xc0963f20   ( 312 kB)
        .bss : 0xc0966000 - 0xc09bde94   ( 352 kB)
 Preemptible hierarchical RCU implementation.
 	Additional per-CPU info printed with stalls.
@@ -371,4 +371,4 @@
 Freeing unused kernel memory: 312K (c08c8000 - c0916000)
 bash: cannot set terminal process group (-1): Inappropriate ioctl for device
 bash: no job control in this shell
-root@(none):/# [    4.496505] usb 2-1: new high-speed USB device number 2 using tegra-ehci
+root@(none):/# [    4.496504] usb 2-1: new high-speed USB device number 2 using tegra-ehci
