
U-Boot SPL 2016.05-rc2 (Apr 21 2016 - 16:23:00)
Trying to boot from RAM


U-Boot 2016.05-rc2 (Apr 21 2016 - 16:23:00 -0700)

TEGRA124
Model: NVIDIA Jetson TK1
Board: NVIDIA Jetson TK1
DRAM:  2 GiB
MC:   Tegra SD/MMC: 0, Tegra SD/MMC: 1
In:    serial
Out:   serial
Err:   serial
Net:   No ethernet found.
Hit any key to stop autoboot:  2  0 
Tegra124 (Jetson TK1) # 
Tegra124 (Jetson TK1) # pci enum
Tegra124 (Jetson TK1) # setenv bootargs 'ignore_loglevel console=ttyS0,115200n8 rw root=PARTUUID=b1791faa-84e8-4e27-83a1-9fb0a77e8803 rootwait gpt debug noinitrd earlyprintk init=/bin/bash'
Tegra124 (Jetson TK1) # setenv ipaddr 192.168.100.102; setenv serverip 192.168.100.1; setenv tftpserverip 192.168.100.1
Tegra124 (Jetson TK1) # tftpboot 0x82000000 zImage.multi_v7_defconfig

Warning: eth_rtl8169 using MAC address from ROM
Using eth_rtl8169 device
TFTP from server 192.168.100.1; our IP address is 192.168.100.102
Filename 'zImage.multi_v7_defconfig'.
Load address: 0x82000000
Loading: *#################################################################
	 #################################################################
	 #################################################################
	 #################################################################
	 #################################################################
	 #################################################################
	 #################################################################
	 #################################################################
	 ##############################
	 3.9 MiB/s
done
Bytes transferred = 8061440 (7b0200 hex)
Tegra124 (Jetson TK1) # tftpboot 0x83000000 tegra124-jetson-tk1.dtb
Using eth_rtl8169 device
TFTP from server 192.168.100.1; our IP address is 192.168.100.102
Filename 'tegra124-jetson-tk1.dtb'.
Load address: 0x83000000
Loading: *#####
	 254.9 KiB/s
done
Bytes transferred = 66544 (103f0 hex)
Tegra124 (Jetson TK1) # bootz 0x82000000 - 0x83000000
Kernel image @ 0x82000000 [ 0x000000 - 0x7b0200 ]
## Flattened Device Tree blob at 83000000
   Booting using the fdt blob at 0x83000000
   Using Device Tree in place at 83000000, end 830133ef

Starting kernel ...

[    0.000000] Booting Linux on physical CPU 0x0
[    0.000000] Linux version 4.15.0-rc5-335113-g464e1d5f23cc (jonathanh@tamien) (gcc version 4.7.3 20130328 (prerelease) (crosstool-NG linaro-1.13.1-4.7-2013.04-20130415 - Linaro GCC 2013.04)) #1 SMP Sat Dec 23 21:03:22 PST 2017
[    0.000000] CPU: ARMv7 Processor [413fc0f3] revision 3 (ARMv7), cr=10c5387d
[    0.000000] CPU: div instructions available: patching division code
[    0.000000] CPU: PIPT / VIPT nonaliasing data cache, PIPT instruction cache
[    0.000000] OF: fdt: Machine model: NVIDIA Tegra124 Jetson TK1
[    0.000000] debug: ignoring loglevel setting.
[    0.000000] Memory policy: Data cache writealloc
[    0.000000] efi: Getting EFI parameters from FDT:
[    0.000000] efi: UEFI not found.
[    0.000000] cma: Reserved 64 MiB at 0xfb800000
[    0.000000] On node 0 totalpages: 524032
[    0.000000]   DMA zone: 1536 pages used for memmap
[    0.000000]   DMA zone: 0 pages reserved
[    0.000000]   DMA zone: 196608 pages, LIFO batch:31
[    0.000000]   HighMem zone: 327424 pages, LIFO batch:31
[    0.000000] random: fast init done
[    0.000000] percpu: Embedded 17 pages/cpu @(ptrval) s39040 r8192 d22400 u69632
[    0.000000] pcpu-alloc: s39040 r8192 d22400 u69632 alloc=17*4096
[    0.000000] pcpu-alloc: [0] 0 [0] 1 [0] 2 [0] 3 
[    0.000000] Built 1 zonelists, mobility grouping on.  Total pages: 522496
[    0.000000] Kernel command line: ignore_loglevel console=ttyS0,115200n8 rw root=PARTUUID=b1791faa-84e8-4e27-83a1-9fb0a77e8803 rootwait gpt debug noinitrd earlyprintk init=/bin/bash
[    0.000000] Dentry cache hash table entries: 131072 (order: 7, 524288 bytes)
[    0.000000] Inode-cache hash table entries: 65536 (order: 6, 262144 bytes)
[    0.000000] Memory: 1992440K/2096128K available (11264K kernel code, 1602K rwdata, 4296K rodata, 2048K init, 404K bss, 38152K reserved, 65536K cma-reserved, 1244160K highmem)
[    0.000000] Virtual kernel memory layout:
[    0.000000]     vector  : 0xffff0000 - 0xffff1000   (   4 kB)
[    0.000000]     fixmap  : 0xffc00000 - 0xfff00000   (3072 kB)
[    0.000000]     vmalloc : 0xf0800000 - 0xff800000   ( 240 MB)
[    0.000000]     lowmem  : 0xc0000000 - 0xf0000000   ( 768 MB)
[    0.000000]     pkmap   : 0xbfe00000 - 0xc0000000   (   2 MB)
[    0.000000]     modules : 0xbf000000 - 0xbfe00000   (  14 MB)
[    0.000000]       .text : 0x(ptrval) - 0x(ptrval)   (12256 kB)
[    0.000000]       .init : 0x(ptrval) - 0x(ptrval)   (2048 kB)
[    0.000000]       .data : 0x(ptrval) - 0x(ptrval)   (1603 kB)
[    0.000000]        .bss : 0x(ptrval) - 0x(ptrval)   ( 405 kB)
[    0.000000] SLUB: HWalign=64, Order=0-3, MinObjects=0, CPUs=4, Nodes=1
[    0.000000] Hierarchical RCU implementation.
[    0.000000] 	RCU event tracing is enabled.
[    0.000000] 	RCU restricting CPUs from NR_CPUS=16 to nr_cpu_ids=4.
[    0.000000] RCU: Adjusting geometry for rcu_fanout_leaf=16, nr_cpu_ids=4
[    0.000000] NR_IRQS: 16, nr_irqs: 16, preallocated irqs: 16
[    0.000000] /interrupt-controller@60004000: 160 interrupts forwarded to /interrupt-controller@50041000
[    0.000000] Tegra clk 127: register failed with -17
[    0.000009] sched_clock: 32 bits at 1000kHz, resolution 1000ns, wraps every 2147483647500ns
[    0.000029] clocksource: timer_us: mask: 0xffffffff max_cycles: 0xffffffff, max_idle_ns: 1911260446275 ns
[    0.000044] Switching to timer-based delay loop, resolution 1000ns
[    0.005112] arch_timer: cp15 timer(s) running at 12.00MHz (virt).
[    0.005132] clocksource: arch_sys_counter: mask: 0xffffffffffffff max_cycles: 0x2c47f4ee7, max_idle_ns: 440795202497 ns
[    0.005151] sched_clock: 56 bits at 12MHz, resolution 83ns, wraps every 4398046511096ns
[    0.005165] Switching to timer-based delay loop, resolution 83ns
[    0.005644] Console: colour dummy device 80x30
[    0.005680] Calibrating delay loop (skipped), value calculated using timer frequency.. 24.00 BogoMIPS (lpj=120000)
[    0.005698] pid_max: default: 32768 minimum: 301
[    0.005793] Mount-cache hash table entries: 2048 (order: 1, 8192 bytes)
[    0.005809] Mountpoint-cache hash table entries: 2048 (order: 1, 8192 bytes)
[    0.006316] CPU: Testing write buffer coherency: ok
[    0.006574] /cpus/cpu@0 missing clock-frequency property
[    0.006618] /cpus/cpu@1 missing clock-frequency property
[    0.006660] /cpus/cpu@2 missing clock-frequency property
[    0.006705] /cpus/cpu@3 missing clock-frequency property
[    0.006718] CPU0: thread -1, cpu 0, socket 0, mpidr 80000000
[    0.007019] Setting up static identity map for 0x80300000 - 0x803000a0
[    0.008947] Hierarchical SRCU implementation.
[    0.010787] Tegra Revision: A01 SKU: 129 CPU Process: 1 SoC Process: 1
[    0.011538] EFI services will not be available.
[    0.011693] smp: Bringing up secondary CPUs ...
[    0.012248] CPU1: thread -1, cpu 1, socket 0, mpidr 80000001
[    0.015629] CPU2: thread -1, cpu 2, socket 0, mpidr 80000002
[    0.025670] CPU3: thread -1, cpu 3, socket 0, mpidr 80000003
[    0.035113] smp: Brought up 1 node, 4 CPUs
[    0.035133] SMP: Total of 4 processors activated (96.00 BogoMIPS).
[    0.035142] CPU: All CPU(s) started in SVC mode.
[    0.036651] devtmpfs: initialized
[    0.050201] VFP support v0.3: implementor 41 architecture 4 part 30 variant f rev 0
[    0.050579] clocksource: jiffies: mask: 0xffffffff max_cycles: 0xffffffff, max_idle_ns: 19112604462750000 ns
[    0.050599] futex hash table entries: 1024 (order: 4, 65536 bytes)
[    0.052052] pinctrl core: initialized pinctrl subsystem
[    0.053575] DMI not present or invalid.
[    0.053824] NET: Registered protocol family 16
[    0.056006] DMA: preallocated 256 KiB pool for atomic coherent allocations
[    0.058319] cpuidle: using governor menu
[    0.083671] No ATAGs?
[    0.083799] hw-breakpoint: found 5 (+1 reserved) breakpoint and 4 watchpoint registers.
[    0.083815] hw-breakpoint: maximum watchpoint size is 8 bytes.
[    0.091255] Serial: AMBA PL011 UART driver
[    0.092653] iommu: Adding device reg-dummy to group 0
[    0.092694] iommu: Adding device 1003000.pcie to group 1
[    0.092770] iommu: Adding device 50000000.host1x to group 2
[    0.092844] iommu: Adding device 54200000.dc to group 3
[    0.092913] iommu: Adding device 54240000.dc to group 4
[    0.092945] iommu: Adding device 54280000.hdmi to group 5
[    0.093013] iommu: Adding device 57000000.gpu to group 6
[    0.093049] iommu: Adding device 60005000.timer to group 7
[    0.093080] iommu: Adding device 60007000.flow-controller to group 8
[    0.093111] iommu: Adding device 6000c800.actmon to group 9
[    0.093142] iommu: Adding device 6000d000.gpio to group 10
[    0.093173] iommu: Adding device 60020000.dma to group 11
[    0.093204] iommu: Adding device 70000800.apbmisc to group 12
[    0.093238] iommu: Adding device 70000868.pinmux to group 13
[    0.093270] iommu: Adding device 70006000.serial to group 14
[    0.093301] iommu: Adding device 70006040.serial to group 15
[    0.093335] iommu: Adding device 70006300.serial to group 16
[    0.093366] iommu: Adding device 7000c000.i2c to group 17
[    0.093396] iommu: Adding device 7000c400.i2c to group 18
[    0.093426] iommu: Adding device 7000c500.i2c to group 19
[    0.093455] iommu: Adding device 7000c700.i2c to group 20
[    0.093485] iommu: Adding device 7000d000.i2c to group 21
[    0.093518] iommu: Adding device 7000d400.spi to group 22
[    0.093548] iommu: Adding device 7000da00.spi to group 23
[    0.093585] iommu: Adding device 7000e000.rtc to group 24
[    0.093615] iommu: Adding device 7000e400.pmc to group 25
[    0.093646] iommu: Adding device 7000f800.fuse to group 26
[    0.093677] iommu: Adding device 70019000.memory-controller to group 27
[    0.093706] iommu: Adding device 7001b000.emc to group 28
[    0.093736] iommu: Adding device 70027000.sata to group 29
[    0.093767] iommu: Adding device 70030000.hda to group 30
[    0.093802] iommu: Adding device 70090000.usb to group 31
[    0.093832] iommu: Adding device 7009f000.padctl to group 32
[    0.093866] iommu: Adding device 700b0400.sdhci to group 33
[    0.093901] iommu: Adding device 700b0600.sdhci to group 34
[    0.093932] iommu: Adding device 70015000.cec to group 35
[    0.093962] iommu: Adding device 700e2000.thermal-sensor to group 36
[    0.093993] iommu: Adding device 70110000.clock to group 37
[    0.094023] iommu: Adding device 70300000.ahub to group 38
[    0.094053] iommu: Adding device 7d000000.usb to group 39
[    0.094084] iommu: Adding device 7d000000.usb-phy to group 40
[    0.094118] iommu: Adding device 7d004000.usb to group 41
[    0.094149] iommu: Adding device 7d004000.usb-phy to group 42
[    0.094178] iommu: Adding device 7d008000.usb to group 43
[    0.094209] iommu: Adding device 7d008000.usb-phy to group 44
[    0.094244] iommu: Adding device pmu to group 45
[    0.094275] iommu: Adding device timer to group 46
[    0.094305] iommu: Adding device clocks to group 47
[    0.094336] iommu: Adding device gpio-keys to group 48
[    0.094371] iommu: Adding device regulators to group 49
[    0.094402] iommu: Adding device regulators:regulator@0 to group 50
[    0.094433] iommu: Adding device regulators:regulator@1 to group 51
[    0.094463] iommu: Adding device regulators:regulator@2 to group 52
[    0.094493] iommu: Adding device regulators:regulator@3 to group 53
[    0.094523] iommu: Adding device regulators:regulator@4 to group 54
[    0.094554] iommu: Adding device regulators:regulator@7 to group 55
[    0.094589] iommu: Adding device regulators:regulator@8 to group 56
[    0.094621] iommu: Adding device regulators:regulator@10 to group 57
[    0.094655] iommu: Adding device regulators:regulator@11 to group 58
[    0.094685] iommu: Adding device regulators:regulator@12 to group 59
[    0.094715] iommu: Adding device regulators:regulator@13 to group 60
[    0.094747] iommu: Adding device regulators:regulator@14 to group 61
[    0.094779] iommu: Adding device sound to group 62
[    0.109733] AT91: Could not find identification node
[    0.110298] +5V_SYS: supplied by +VDD_MUX
[    0.110586] +3.3V_SYS: supplied by +VDD_MUX
[    0.111211] +USB0_VBUS_SW: Failed to request enable GPIO108: -517
[    0.111228] reg-fixed-voltage regulators:regulator@7: Failed to register regulator: -517
[    0.111329] +5V_USB_HS: Failed to request enable GPIO109: -517
[    0.111344] reg-fixed-voltage regulators:regulator@8: Failed to register regulator: -517
[    0.111530] +1.05V_RUN_AVDD_HDMI_PLL: Failed to request enable GPIO63: -517
[    0.111544] reg-fixed-voltage regulators:regulator@11: Failed to register regulator: -517
[    0.111644] +5V_HDMI_CON: Failed to request enable GPIO86: -517
[    0.111657] reg-fixed-voltage regulators:regulator@12: Failed to register regulator: -517
[    0.111755] +5V_SATA: Failed to request enable GPIO242: -517
[    0.111768] reg-fixed-voltage regulators:regulator@13: Failed to register regulator: -517
[    0.111866] +12V_SATA: Failed to request enable GPIO242: -517
[    0.111879] reg-fixed-voltage regulators:regulator@14: Failed to register regulator: -517
[    0.114890] vgaarb: loaded
[    0.115661] SCSI subsystem initialized
[    0.115844] libata version 3.00 loaded.
[    0.116039] usbcore: registered new interface driver usbfs
[    0.116087] usbcore: registered new interface driver hub
[    0.116149] usbcore: registered new device driver usb
[    0.119603] pps_core: LinuxPPS API ver. 1 registered
[    0.119614] pps_core: Software ver. 5.3.6 - Copyright 2005-2007 Rodolfo Giometti <giometti@linux.it>
[    0.119636] PTP clock support registered
[    0.119827] EDAC MC: Ver: 3.0.0
[    0.120098] dmi: Firmware registration failed.
[    0.122712] clocksource: Switched to clocksource arch_sys_counter
[    0.171920] NET: Registered protocol family 2
[    0.172405] TCP established hash table entries: 8192 (order: 3, 32768 bytes)
[    0.172507] TCP bind hash table entries: 8192 (order: 4, 65536 bytes)
[    0.172718] TCP: Hash tables configured (established 8192 bind 8192)
[    0.172805] UDP hash table entries: 512 (order: 2, 16384 bytes)
[    0.172850] UDP-Lite hash table entries: 512 (order: 2, 16384 bytes)
[    0.172998] NET: Registered protocol family 1
[    0.173320] RPC: Registered named UNIX socket transport module.
[    0.173331] RPC: Registered udp transport module.
[    0.173339] RPC: Registered tcp transport module.
[    0.173348] RPC: Registered tcp NFSv4.1 backchannel transport module.
[    0.173360] PCI: CLS 0 bytes, default 64
[    0.174839] hw perfevents: enabled with armv7_cortex_a15 PMU driver, 7 counters available
[    0.175586] iommu: Adding device alarmtimer to group 63
[    0.176381] Initialise system trusted keyrings
[    0.176519] workingset: timestamp_bits=30 max_order=19 bucket_order=0
[    0.182263] squashfs: version 4.0 (2009/01/31) Phillip Lougher
[    0.182857] NFS: Registering the id_resolver key type
[    0.182883] Key type id_resolver registered
[    0.182893] Key type id_legacy registered
[    0.182934] ntfs: driver 2.1.32 [Flags: R/O].
[    0.184310] Key type asymmetric registered
[    0.184322] Asymmetric key parser 'x509' registered
[    0.184375] bounce: pool size: 64 pages
[    0.184421] Block layer SCSI generic (bsg) driver version 0.4 loaded (major 247)
[    0.184432] io scheduler noop registered
[    0.184443] io scheduler deadline registered
[    0.184661] io scheduler cfq registered (default)
[    0.184671] io scheduler mq-deadline registered
[    0.184681] io scheduler kyber registered
[    0.188778]  usb2-0: usb2-0 supply vbus not found, using dummy regulator
[    0.188882]  usb2-1: usb2-1 supply vbus not found, using dummy regulator
[    0.189256] tegra-xusb-padctl 7009f000.padctl: failed to setup XUSB ports: -517
[    0.208623] tegra-pcie 1003000.pcie: 2x1, 1x1 configuration
[    0.208680] tegra-pcie 1003000.pcie: Failed to get supply 'avddio-pex': -517
[    0.215127] tegra124-dfll 70110000.clock: couldn't get vdd_cpu regulator
[    0.221596] tegra-apbdma 60020000.dma: Tegra20 APB DMA driver register 32 channels
[    0.224974] tegra-pmc 7000e400.pmc: emergency thermal reset enabled
[    0.275020] Serial: 8250/16550 driver, 4 ports, IRQ sharing disabled
[    0.275124] iommu: Adding device serial8250 to group 64
[    0.277624] console [ttyS0] disabled
[    0.277665] 70006300.serial: ttyS0 at MMIO 0x70006300 (irq = 335, base_baud = 25500000) is a Tegra
[    1.546658] console [ttyS0] enabled
[    1.551037] SuperH (H)SCI(F) driver initialized
[    1.556704] msm_serial: driver initialized
[    1.560986] STMicroelectronics ASC driver initialized
[    1.566743] 70006000.serial: ttyTHS1 at MMIO 0x70006000 (irq = 333, base_baud = 0) is a TEGRA_UART
[    1.576012] 70006040.serial: ttyTHS2 at MMIO 0x70006040 (irq = 334, base_baud = 0) is a TEGRA_UART
[    1.607170] tegra-hdmi 54280000.hdmi: failed to get HDMI regulator
[    1.624040] brd: module loaded
[    1.633347] loop: module loaded
[    1.637706] at24 0-0056: 256 byte 24c02 EEPROM, writable, 8 bytes/write
[    1.646054] as3722 4-0040: AS3722 with revision 0x1 found
[    1.653354] iommu: Adding device as3722-pinctrl to group 65
[    1.660383] iommu: Adding device as3722-regulator to group 66
[    1.669080] as3722-sd2: supplied by +5V_SYS
[    1.673689] as3722-sd3: supplied by +5V_SYS
[    1.678074] +1.35V_LP0(sd3): Bringing 0uV into 1350000-1350000uV
[    1.684428] as3722-sd4: supplied by +5V_SYS
[    1.689001] as3722-sd5: supplied by +5V_SYS
[    1.694964] as3722-ldo0: supplied by +1.35V_LP0(sd2)
[    1.700981] +1.8V_RUN_CAM: Bringing 0uV into 1800000-1800000uV
[    1.707188] as3722-ldo2: supplied by +1.8V_VDDIO
[    1.713062] as3722-ldo3: supplied by +3.3V_SYS
[    1.717539] +1.05V_LP0_VDD_RTC: Bringing 1100000uV into 1000000-1000000uV
[    1.725301] as3722-ldo4: supplied by +3.3V_SYS
[    1.729964] +2.8V_RUN_CAM: Bringing 0uV into 2800000-2800000uV
[    1.736160] as3722-ldo5: supplied by +1.8V_VDDIO
[    1.740986] +1.2V_RUN_CAM_FRONT: Bringing 0uV into 1200000-1200000uV
[    1.747900] +VDDIO_SDMMC3: bypassed regulator has no supply!
[    1.753572] +VDDIO_SDMMC3: failed to get the current voltage(-517)
[    1.759750] as3722-regulator as3722-regulator: regulator 13 register failed -517
[    1.769648] iommu: Adding device as3722-rtc to group 67
[    1.775222] iommu: Adding device as3722-adc to group 68
[    1.780743] iommu: Adding device as3722-power-off to group 69
[    1.786803] iommu: Adding device as3722-wdt to group 70
[    1.793892] tegra-ahci 70027000.sata: couldn't get PHY in node sata: -517
[    1.816312] m25p80 spi1.0: w25q32dw (4096 Kbytes)
[    1.823373] iommu: Adding device Fixed MDIO bus.0 to group 71
[    1.829463] libphy: Fixed MDIO Bus: probed
[    1.834514] CAN device driver interface
[    1.839284] bgmac_bcma: Broadcom 47xx GBit MAC driver loaded
[    1.846367] e1000e: Intel(R) PRO/1000 Network Driver - 3.2.6-k
[    1.852189] e1000e: Copyright(c) 1999 - 2015 Intel Corporation.
[    1.858156] igb: Intel(R) Gigabit Ethernet Network Driver - version 5.4.0-k
[    1.865122] igb: Copyright (c) 2007-2014 Intel Corporation.
[    1.874743] pegasus: v0.9.3 (2013/04/25), Pegasus/Pegasus II USB Ethernet driver
[    1.882168] usbcore: registered new interface driver pegasus
[    1.887878] usbcore: registered new interface driver asix
[    1.893313] usbcore: registered new interface driver ax88179_178a
[    1.899423] usbcore: registered new interface driver cdc_ether
[    1.905313] usbcore: registered new interface driver smsc75xx
[    1.911090] usbcore: registered new interface driver smsc95xx
[    1.916872] usbcore: registered new interface driver net1080
[    1.922549] usbcore: registered new interface driver cdc_subset
[    1.928503] usbcore: registered new interface driver zaurus
[    1.934124] usbcore: registered new interface driver cdc_ncm
[    1.940005] tegra-phy 7d000000.usb-phy: no vbus regulator
[    1.945620] tegra-phy 7d004000.usb-phy: no vbus regulator
[    1.953099] ehci_hcd: USB 2.0 'Enhanced' Host Controller (EHCI) Driver
[    1.959617] ehci-pci: EHCI PCI platform driver
[    1.964105] ehci-platform: EHCI generic platform driver
[    1.969539] ehci-orion: EHCI orion driver
[    1.973725] SPEAr-ehci: EHCI SPEAr driver
[    1.977871] ehci-st: EHCI STMicroelectronics driver
[    1.982903] ehci-exynos: EHCI EXYNOS driver
[    1.987243] ehci-atmel: EHCI Atmel driver
[    1.991385] tegra-ehci: Tegra EHCI driver
[    1.998253] tegra-ehci 7d004000.usb: EHCI Host Controller
[    2.003687] tegra-ehci 7d004000.usb: new USB bus registered, assigned bus number 1
[    2.011462] tegra-ehci 7d004000.usb: irq 356, io mem 0x7d004000
[    2.042732] tegra-ehci 7d004000.usb: USB 2.0 started, EHCI 1.10
[    2.049306] hub 1-0:1.0: USB hub found
[    2.053120] hub 1-0:1.0: 1 port detected
[    2.057606] ohci_hcd: USB 1.1 'Open' Host Controller (OHCI) Driver
[    2.063822] ohci-pci: OHCI PCI platform driver
[    2.068302] ohci-platform: OHCI generic platform driver
[    2.073740] SPEAr-ohci: OHCI SPEAr driver
[    2.077893] ohci-st: OHCI STMicroelectronics driver
[    2.082932] ohci-atmel: OHCI Atmel driver
[    2.087730] usbcore: registered new interface driver usb-storage
[    2.095535] iommu: Adding device ci_hdrc.0 to group 72
[    2.107720] as3722-rtc as3722-rtc: rtc core: registered as3722-rtc as rtc0
[    2.114619] as3722-rtc as3722-rtc: RTC interrupt 379
[    2.122988] tegra_rtc 7000e000.rtc: rtc core: registered 7000e000.rtc as rtc1
[    2.130154] tegra_rtc 7000e000.rtc: Tegra internal Real Time Clock
[    2.136911] i2c /dev entries driver
[    2.147488] lm90 0-004c: 0-004c supply vcc not found, using dummy regulator
[    2.162744] iommu: Adding device cpufreq-tegra124 to group 73
[    2.170832] sdhci: Secure Digital Host Controller Interface driver
[    2.177022] sdhci: Copyright(c) Pierre Ossman
[    2.183174] Synopsys Designware Multimedia Card Interface Driver
[    2.190722] sdhci-pltfm: SDHCI platform and OF driver helper
[    2.197192] sdhci-tegra 700b0400.sdhci: Got CD GPIO
[    2.202080] sdhci-tegra 700b0400.sdhci: Got WP GPIO
[    2.222752] mmc0: Unknown controller version (3). You may experience problems.
[    2.230009] mmc0: Invalid maximum block size, assuming 512 bytes
[    2.292735] mmc0: SDHCI controller on 700b0600.sdhci [700b0600.sdhci] using ADMA
[    2.302328] ledtrig-cpu: registered to indicate activity on CPUs
[    2.308670] usbcore: registered new interface driver usbhid
[    2.314253] usbhid: USB HID core driver
[    2.322220] NET: Registered protocol family 10
[    2.327535] Segment Routing with IPv6
[    2.331342] sit: IPv6, IPv4 and MPLS over IPv4 tunneling driver
[    2.337814] NET: Registered protocol family 17
[    2.342261] can: controller area network core (rev 20170425 abi 9)
[    2.348510] NET: Registered protocol family 29
[    2.352968] can: raw protocol (rev 20170425)
[    2.357233] can: broadcast manager protocol (rev 20170425 t)
[    2.362904] can: netlink gateway (rev 20170425) max_hops=1
[    2.368663] Key type dns_resolver registered
[    2.373450] ThumbEE CPU extension supported.
[    2.377721] Registering SWP/SWPB emulation handler
[    2.384931] Loading compiled-in X.509 certificates
[    2.402945] +3.3V_RUN: supplied by +3.3V_SYS
[    2.407947] +USB0_VBUS_SW: supplied by +5V_SYS
[    2.412575] +3.3V_AVDD_HDMI_AP_GATED: supplied by +3.3V_RUN
[    2.418551] +5V_USB_HS: supplied by +5V_SYS
[    2.423998] +3.3V_LP0: supplied by +3.3V_SYS
[    2.430132] +5V_HDMI_CON: supplied by +5V_SYS
[    2.435162] +5V_SATA: supplied by +5V_SYS
[    2.439677] +12V_SATA: supplied by +VDD_MUX
[    2.445979]  usb2-0: usb2-0 supply vbus not found, using dummy regulator
[    2.452965]  usb2-1: usb2-1 supply vbus not found, using dummy regulator
[    2.460021]  usb3-0: usb3-0 supply vbus not found, using dummy regulator
[    2.468241] tegra-pcie 1003000.pcie: 2x1, 1x1 configuration
[    2.473981] tegra-pcie 1003000.pcie: Failed to get supply 'avddio-pex': -517
[    2.482024] mmc0: new high speed MMC card at address 0001
[    2.484578] tegra124-dfll 70110000.clock: couldn't get vdd_cpu regulator
[    2.488607] tegra-hdmi 54280000.hdmi: failed to get PLL regulator
[    2.492051] as3722-sd2: supplied by +5V_SYS
[    2.492338] as3722-sd3: supplied by +5V_SYS
[    2.492618] as3722-sd4: supplied by +5V_SYS
[    2.492993] as3722-sd5: supplied by +5V_SYS
[    2.494545] as3722-ldo0: supplied by +1.35V_LP0(sd2)
[    2.495023] as3722-ldo1: supplied by +3.3V_RUN
[    2.495329] as3722-ldo2: supplied by +1.8V_VDDIO
[    2.496244] as3722-ldo3: supplied by +3.3V_SYS
[    2.497158] as3722-ldo4: supplied by +3.3V_SYS
[    2.497449] as3722-ldo5: supplied by +1.8V_VDDIO
[    2.497732] as3722-ldo6: supplied by +3.3V_RUN
[    2.498043] as3722-ldo7: supplied by +1.8V_VDDIO
[    2.498284] +1.05V_RUN_CAM_REAR: Bringing 0uV into 1050000-1050000uV
[    2.498658] as3722-ldo9: supplied by +5V_SYS
[    2.499060] +3.3V_RUN_TOUCH: Bringing 0uV into 2800000-2800000uV
[    2.499458] as3722-ldo10: supplied by +5V_SYS
[    2.499687] +2.8V_RUN_CAM_AF: Bringing 0uV into 2800000-2800000uV
[    2.500065] as3722-ldo11: supplied by +3.3V_RUN
[    2.500299] +1.8V_RUN_VPP_FUSE: Bringing 0uV into 1800000-1800000uV
[    2.503761] tegra-ahci 70027000.sata: AHCI 0001.0301 32 slots 2 ports 3 Gbps 0x1 impl platform mode
[    2.503774] tegra-ahci 70027000.sata: flags: 64bit ncq sntf pm led pio slum part sadm sds apst 
[    2.505158] scsi host0: tegra-ahci
[    2.506001] scsi host1: tegra-ahci
[    2.506330] ata1: SATA max UDMA/133 mmio [mem 0x70027000-0x70028fff] port 0x100 irq 345
[    2.506340] ata2: DUMMY
[    2.510397] tegra-ehci 7d008000.usb: EHCI Host Controller
[    2.510426] tegra-ehci 7d008000.usb: new USB bus registered, assigned bus number 2
[    2.510636] tegra-ehci 7d008000.usb: irq 357, io mem 0x7d008000
[    2.532868] tegra-ehci 7d008000.usb: USB 2.0 started, EHCI 1.10
[    2.553577] hub 2-0:1.0: USB hub found
[    2.553630] hub 2-0:1.0: 1 port detected
[    2.556701] sdhci-tegra 700b0400.sdhci: Got CD GPIO
[    2.556723] sdhci-tegra 700b0400.sdhci: Got WP GPIO
[    2.565210] mmc1: Unknown controller version (3). You may experience problems.
[    2.565318] mmc1: Invalid maximum block size, assuming 512 bytes
[    2.623408] mmc1: SDHCI controller on 700b0400.sdhci [700b0400.sdhci] using ADMA
[    2.624374] tegra-pcie 1003000.pcie: 2x1, 1x1 configuration
[    2.630050] tegra-pcie 1003000.pcie: probing port 0, using 2 lanes
[    2.632088] tegra-pcie 1003000.pcie: Slot present pin change, signature: 00000008
[    2.662895] tegra-pcie 1003000.pcie: probing port 1, using 1 lanes
[    2.664954] tegra-pcie 1003000.pcie: Slot present pin change, signature: 00000000
[    2.679254] tegra-pcie 1003000.pcie: PCI host bridge to bus 0000:00
[    2.679263] pci_bus 0000:00: root bus resource [io  0x0000-0xffff]
[    2.679272] pci_bus 0000:00: root bus resource [mem 0x13000000-0x1fffffff]
[    2.679279] pci_bus 0000:00: root bus resource [mem 0x20000000-0x3fffffff pref]
[    2.679287] pci_bus 0000:00: root bus resource [bus 00-ff]
[    2.679338] pci 0000:00:01.0: [10de:0e12] type 01 class 0x060400
[    2.679360] pci_bus 0000:00: 2-byte config write to 0000:00:01.0 offset 0x4 may corrupt adjacent RW1C bits
[    2.679373] pci_bus 0000:00: 2-byte config write to 0000:00:01.0 offset 0x4 may corrupt adjacent RW1C bits
[    2.679417] pci 0000:00:01.0: enabling Extended Tags
[    2.679428] pci_bus 0000:00: 2-byte config write to 0000:00:01.0 offset 0x88 may corrupt adjacent RW1C bits
[    2.679464] pci_bus 0000:00: 2-byte config write to 0000:00:01.0 offset 0x52 may corrupt adjacent RW1C bits
[    2.679515] pci 0000:00:01.0: PME# supported from D0 D1 D2 D3hot D3cold
[    2.679526] pci_bus 0000:00: 2-byte config write to 0000:00:01.0 offset 0x4c may corrupt adjacent RW1C bits
[    2.679792] pci 0000:00:02.0: [10de:0e13] type 01 class 0x060400
[    2.679811] pci_bus 0000:00: 2-byte config write to 0000:00:02.0 offset 0x4 may corrupt adjacent RW1C bits
[    2.679823] pci_bus 0000:00: 2-byte config write to 0000:00:02.0 offset 0x4 may corrupt adjacent RW1C bits
[    2.679863] pci 0000:00:02.0: enabling Extended Tags
[    2.679873] pci_bus 0000:00: 2-byte config write to 0000:00:02.0 offset 0x88 may corrupt adjacent RW1C bits
[    2.679906] pci_bus 0000:00: 2-byte config write to 0000:00:02.0 offset 0x52 may corrupt adjacent RW1C bits
[    2.679957] pci 0000:00:02.0: PME# supported from D0 D1 D2 D3hot D3cold
[    2.679967] pci_bus 0000:00: 2-byte config write to 0000:00:02.0 offset 0x4c may corrupt adjacent RW1C bits
[    2.680241] PCI: bus0: Fast back to back transfers disabled
[    2.680251] pci 0000:00:01.0: bridge configuration invalid ([bus 00-00]), reconfiguring
[    2.680272] pci 0000:00:02.0: bridge configuration invalid ([bus 00-00]), reconfiguring
[    2.680465] pci 0000:01:00.0: [8086:4232] type 00 class 0x028000
[    2.680524] pci 0000:01:00.0: reg 0x10: [mem 0x00000000-0x00001fff 64bit]
[    2.680814] PCI: bus1: Fast back to back transfers disabled
[    2.680824] pci_bus 0000:01: busn_res: [bus 01-ff] end is updated to 01
[    2.681005] pci 0000:02:00.0: [10ec:8168] type 00 class 0x020000
[    2.681045] pci 0000:02:00.0: reg 0x10: [io  0x0000-0x00ff]
[    2.681088] pci 0000:02:00.0: reg 0x18: [mem 0x00000000-0x00000fff 64bit]
[    2.681119] pci 0000:02:00.0: reg 0x20: [mem 0x00000000-0x00003fff 64bit pref]
[    2.681328] PCI: bus2: Fast back to back transfers disabled
[    2.681338] pci_bus 0000:02: busn_res: [bus 02-ff] end is updated to 02
[    2.681385] pci 0000:00:01.0: BAR 8: assigned [mem 0x13000000-0x130fffff]
[    2.681394] pci 0000:00:02.0: BAR 8: assigned [mem 0x13100000-0x131fffff]
[    2.681403] pci 0000:00:02.0: BAR 9: assigned [mem 0x20000000-0x200fffff 64bit pref]
[    2.681411] pci 0000:00:02.0: BAR 7: assigned [io  0x1000-0x1fff]
[    2.681424] pci 0000:01:00.0: BAR 0: assigned [mem 0x13000000-0x13001fff 64bit]
[    2.681456] pci 0000:00:01.0: PCI bridge to [bus 01]
[    2.681468] pci 0000:00:01.0:   bridge window [mem 0x13000000-0x130fffff]
[    2.681490] pci 0000:02:00.0: BAR 4: assigned [mem 0x20000000-0x20003fff 64bit pref]
[    2.681516] pci 0000:02:00.0: BAR 2: assigned [mem 0x13100000-0x13100fff 64bit]
[    2.681540] pci 0000:02:00.0: BAR 0: assigned [io  0x1000-0x10ff]
[    2.681554] pci 0000:00:02.0: PCI bridge to [bus 02]
[    2.681562] pci 0000:00:02.0:   bridge window [io  0x1000-0x1fff]
[    2.681575] pci 0000:00:02.0:   bridge window [mem 0x13100000-0x131fffff]
[    2.681584] pci 0000:00:02.0:   bridge window [mem 0x20000000-0x200fffff 64bit pref]
[    2.681627] pci 0000:00:01.0: nv_msi_ht_cap_quirk didn't locate host bridge
[    2.681775] pcieport 0000:00:01.0: enabling device (0140 -> 0142)
[    2.682064] pcieport 0000:00:01.0: Signaling PME with IRQ 395
[    2.682255] pci 0000:00:02.0: nv_msi_ht_cap_quirk didn't locate host bridge
[    2.682377] pcieport 0000:00:02.0: enabling device (0140 -> 0143)
[    2.682635] pcieport 0000:00:02.0: Signaling PME with IRQ 396
[    2.683167] r8169 Gigabit Ethernet driver 2.3LK-NAPI loaded
[    2.683202] r8169 0000:02:00.0: enabling device (0140 -> 0143)
[    2.683262] r8169 0000:02:00.0 (unnamed net_device) (uninitialized): not PCI Express
[    2.714369] r8169 0000:02:00.0 eth0: RTL8168g/8111g at 0x01f44176, 00:04:4b:3a:d9:81, XID 0c000800 IRQ 22
[    2.714378] r8169 0000:02:00.0 eth0: jumbo features [frames: 9200 bytes, tx checksumming: ko]
[    2.719608] +1.05V_RUN_AVDD_HDMI_PLL: supplied by +1.05V_RUN
[    2.722422] [drm] Supports vblank timestamp caching Rev 2 (21.10.2013).
[    2.722426] [drm] No driver support for vblank timestamp query.
[    2.722470] [drm] Cannot find any crtc or sizes
[    2.722551] [drm] Initialized tegra 0.0.0 20120330 for drm on minor 0
[    2.724133] iommu: Adding device cpufreq-dt.0 to group 74
[    2.724662] cpufreq: cpufreq_online: CPU0: Running at unlisted freq: 696000 KHz
[    2.724688] cpufreq: cpufreq_online: CPU0: Unlisted initial frequency changed to: 714000 KHz
[    2.725697] input: gpio-keys as /devices/soc0/gpio-keys/input/input0
[    2.728610] as3722-rtc as3722-rtc: setting system clock to 2000-01-01 00:01:58 UTC (946684918)
[    2.728957] +USB0_VBUS_SW: disabling
[    2.728972] +1.8V_RUN_CAM: disabling
[    2.729247] +2.8V_RUN_CAM: disabling
[    2.729359] +1.2V_RUN_CAM_FRONT: disabling
[    2.729468] +1.05V_RUN_CAM_REAR: disabling
[    2.729575] +3.3V_RUN_TOUCH: disabling
[    2.729682] +2.8V_RUN_CAM_AF: disabling
[    2.729787] +1.8V_RUN_VPP_FUSE: disabling
[    2.835398] ata1: SATA link down (SStatus 0 SControl 300)
[    2.855799] mmc1: new high speed SDHC card at address aaaa
[    2.856044] mmcblk1: mmc1:aaaa SD04G 3.69 GiB 
[    2.862673] tegra-hdmi 54280000.hdmi: cannot set audio to 48000 Hz at 297000000 Hz pixel clock
[    2.864793]  mmcblk1: p1 p2 p3
[    3.261763] mmcblk0: mmc0:0001 SEM16G 14.7 GiB 
[    3.262072] mmcblk0boot0: mmc0:0001 SEM16G partition 1 4.00 MiB
[    3.262272] mmcblk0boot1: mmc0:0001 SEM16G partition 2 4.00 MiB
[    3.262477] mmcblk0rpmb: mmc0:0001 SEM16G partition 3 4.00 MiB, chardev (237:0)
[    3.264242]  mmcblk0: p1
[    3.265509] EXT4-fs (mmcblk0p1): mounting ext3 file system using the ext4 subsystem
[    3.306405] EXT4-fs (mmcblk0p1): recovery complete
[    3.307180] EXT4-fs (mmcblk0p1): mounted filesystem with ordered data mode. Opts: (null)
[    3.307217] VFS: Mounted root (ext3 filesystem) on device 179:17.
[    3.311296] devtmpfs: mounted
[    3.313044] Freeing unused kernel memory: 2048K
[    3.396861] Console: switching to colour frame buffer device 512x135
[    3.500729] drm drm: fb0:  frame buffer device
bash: cannot set terminal process group (-1): Inappropriate ioctl for device
bash: no job control in this shell
root@(none):/# 