[    0.000000] Booting Linux on physical CPU 0x0
[    0.000000] Linux version 4.10.0-rc5-142388-g7a308bb (pwalmsley@sellafield) (gcc version 4.9.2 20140904 (prerelease) (crosstool-NG linaro-1.13.1-4.9-2014.09 - Linaro GCC 4.9-2014.09) ) #1 SMP PREEMPT Mon Jan 23 02:38:30 PST 2017
[    0.000000] Boot CPU: AArch64 Processor [411fd070]
[    0.000000] Memory limited to 1024MB
[    0.000000] efi: Getting EFI parameters from FDT:
[    0.000000] efi: UEFI not found.
[    0.000000] cma: Reserved 16 MiB at 0x000000007f000000
[    0.000000] psci: probing for conduit method from DT.
[    0.000000] psci: PSCIv0.2 detected in firmware.
[    0.000000] psci: Using standard PSCI v0.2 function IDs
[    0.000000] psci: Trusted OS migration not required
[    0.000000] percpu: Embedded 21 pages/cpu @ffff80003efd5000 s48128 r8192 d29696 u86016
[    0.000000] Detected PIPT I-cache on CPU0
[    0.000000] CPU features: enabling workaround for ARM erratum 832075
[    0.000000] CPU features: enabling workaround for ARM erratum 834220
[    0.000000] Built 1 zonelists in Zone order, mobility grouping on.  Total pages: 258048
[    0.000000] Kernel command line: root=/dev/vda2 rw rootwait mem=1024M console=ttyAMA0,38400n8 init=/bin/bash
[    0.000000] PID hash table entries: 4096 (order: 3, 32768 bytes)
[    0.000000] Dentry cache hash table entries: 131072 (order: 8, 1048576 bytes)
[    0.000000] Inode-cache hash table entries: 65536 (order: 7, 524288 bytes)
[    0.000000] Memory: 998944K/1048576K available (8508K kernel code, 946K rwdata, 4108K rodata, 1024K init, 393K bss, 33248K reserved, 16384K cma-reserved)
[    0.000000] Virtual kernel memory layout:
[    0.000000]     modules : 0xffff000000000000 - 0xffff000008000000   (   128 MB)
[    0.000000]     vmalloc : 0xffff000008000000 - 0xffff7dffbfff0000   (129022 GB)
[    0.000000]       .text : 0xffff000008080000 - 0xffff0000088d0000   (  8512 KB)
[    0.000000]     .rodata : 0xffff0000088d0000 - 0xffff000008ce0000   (  4160 KB)
[    0.000000]       .init : 0xffff000008ce0000 - 0xffff000008de0000   (  1024 KB)
[    0.000000]       .data : 0xffff000008de0000 - 0xffff000008ecca00   (   947 KB)
[    0.000000]        .bss : 0xffff000008ecca00 - 0xffff000008f2ee50   (   394 KB)
[    0.000000]     fixed   : 0xffff7dfffe7fd000 - 0xffff7dfffec00000   (  4108 KB)
[    0.000000]     PCI I/O : 0xffff7dfffee00000 - 0xffff7dffffe00000   (    16 MB)
[    0.000000]     vmemmap : 0xffff7e0000000000 - 0xffff800000000000   (  2048 GB maximum)
[    0.000000]               0xffff7e0000000000 - 0xffff7e0001000000   (    16 MB actual)
[    0.000000]     memory  : 0xffff800000000000 - 0xffff800040000000   (  1024 MB)
[    0.000000] SLUB: HWalign=64, Order=0-3, MinObjects=0, CPUs=1, Nodes=1
[    0.000000] Preemptible hierarchical RCU implementation.
[    0.000000] 	Build-time adjustment of leaf fanout to 64.
[    0.000000] 	RCU restricting CPUs from NR_CPUS=64 to nr_cpu_ids=1.
[    0.000000] RCU: Adjusting geometry for rcu_fanout_leaf=64, nr_cpu_ids=1
[    0.000000] NR_IRQS:64 nr_irqs:64 0
[    0.000000] GICv2m: range[mem 0x08020000-0x08020fff], SPI[80:143]
[    0.000000] arm_arch_timer: WARNING: Invalid trigger for IRQ3, assuming level low
[    0.000000] arm_arch_timer: WARNING: Please fix your firmware
[    0.000000] arm_arch_timer: Architected cp15 timer(s) running at 62.50MHz (virt).
[    0.000000] clocksource: arch_sys_counter: mask: 0xffffffffffffff max_cycles: 0x1cd42e208c, max_idle_ns: 881590405314 ns
[    0.000316] sched_clock: 56 bits at 62MHz, resolution 16ns, wraps every 4398046511096ns
[    0.008292] Console: colour dummy device 80x25
[    0.009073] Calibrating delay loop (skipped), value calculated using timer frequency.. 125.00 BogoMIPS (lpj=250000)
[    0.009248] pid_max: default: 32768 minimum: 301
[    0.010613] Security Framework initialized
[    0.011162] Mount-cache hash table entries: 2048 (order: 2, 16384 bytes)
[    0.011209] Mountpoint-cache hash table entries: 2048 (order: 2, 16384 bytes)
[    0.050731] ASID allocator initialised with 65536 entries
[    0.078595] EFI services will not be available.
[    0.083677] smp: Bringing up secondary CPUs ...
[    0.083843] smp: Brought up 1 node, 1 CPU
[    0.083912] SMP: Total of 1 processors activated.
[    0.084072] CPU features: detected feature: 32-bit EL0 Support
[    0.084931] CPU: All CPU(s) started at EL1
[    0.085997] alternatives: patching kernel code
[    0.113494] devtmpfs: initialized
[    0.137936] DMI not present or invalid.
[    0.141914] clocksource: jiffies: mask: 0xffffffff max_cycles: 0xffffffff, max_idle_ns: 7645041785100000 ns
[    0.149371] pinctrl core: initialized pinctrl subsystem
[    0.223847] NET: Registered protocol family 16
[    0.268565] cpuidle: using governor menu
[    0.271090] vdso: 2 pages (1 code @ ffff0000088d7000, 1 data @ ffff000008de5000)
[    0.271536] hw-breakpoint: found 6 breakpoint and 4 watchpoint registers.
[    0.285747] DMA: preallocated 256 KiB pool for atomic allocations
[    0.298592] Serial: AMBA PL011 UART driver
[    0.440840] 9000000.pl011: ttyAMA0 at MMIO 0x9000000 (irq = 39, base_baud = 0) is a PL011 rev1
[    0.478306] console [ttyAMA0] enabled
[    0.491403] irq: type mismatch, failed to map hwirq-27 for /intc!
[    0.819088] HugeTLB registered 2 MB page size, pre-allocated 0 pages
[    0.850050] ACPI: Interpreter disabled.
[    0.875686] vgaarb: loaded
[    0.879992] SCSI subsystem initialized
[    0.898221] usbcore: registered new interface driver usbfs
[    0.901195] usbcore: registered new interface driver hub
[    0.903214] usbcore: registered new device driver usb
[    0.916456] pps_core: LinuxPPS API ver. 1 registered
[    0.917388] pps_core: Software ver. 5.3.6 - Copyright 2005-2007 Rodolfo Giometti <giometti@linux.it>
[    0.919169] PTP clock support registered
[    0.925331] dmi: Firmware registration failed.
[    0.932150] Advanced Linux Sound Architecture Driver Initialized.
[    0.953791] clocksource: Switched to clocksource arch_sys_counter
[    0.959625] VFS: Disk quotas dquot_6.6.0
[    0.960418] VFS: Dquot-cache hash table entries: 512 (order 0, 4096 bytes)
[    0.966791] pnp: PnP ACPI: disabled
[    1.088839] NET: Registered protocol family 2
[    1.097236] TCP established hash table entries: 8192 (order: 4, 65536 bytes)
[    1.098879] TCP bind hash table entries: 8192 (order: 5, 131072 bytes)
[    1.099603] TCP: Hash tables configured (established 8192 bind 8192)
[    1.101195] UDP hash table entries: 512 (order: 2, 16384 bytes)
[    1.103414] UDP-Lite hash table entries: 512 (order: 2, 16384 bytes)
[    1.107240] NET: Registered protocol family 1
[    1.123069] RPC: Registered named UNIX socket transport module.
[    1.123363] RPC: Registered udp transport module.
[    1.123527] RPC: Registered tcp transport module.
[    1.123676] RPC: Registered tcp NFSv4.1 backchannel transport module.
[    1.137168] kvm [1]: HYP mode not available
[    1.179931] futex hash table entries: 256 (order: 3, 32768 bytes)
[    1.183730] audit: initializing netlink subsys (disabled)
[    1.188253] audit: type=2000 audit(1.104:1): initialized
[    1.206418] workingset: timestamp_bits=46 max_order=18 bucket_order=0
[    1.360976] squashfs: version 4.0 (2009/01/31) Phillip Lougher
[    1.381224] NFS: Registering the id_resolver key type
[    1.383507] Key type id_resolver registered
[    1.383955] Key type id_legacy registered
[    1.384542] nfs4filelayout_init: NFSv4 File Layout Driver Registering...
[    1.388416] 9p: Installing v9fs 9p2000 file system support
[    1.427115] Block layer SCSI generic (bsg) driver version 0.4 loaded (major 247)
[    1.427984] io scheduler noop registered
[    1.433365] io scheduler cfq registered (default)
[    1.511794] pl061_gpio 9030000.pl061: PL061 GPIO chip @0x0000000009030000 registered
[    1.535945] OF: PCI: host bridge /pcie@10000000 ranges:
[    1.537199] OF: PCI:    IO 0x3eff0000..0x3effffff -> 0x00000000
[    1.540153] OF: PCI:   MEM 0x10000000..0x3efeffff -> 0x10000000
[    1.540837] OF: PCI:   MEM 0x8000000000..0xffffffffff -> 0x8000000000
[    1.543207] pci-host-generic 3f000000.pcie: ECAM at [mem 0x3f000000-0x3fffffff] for [bus 00-0f]
[    1.547414] pci-host-generic 3f000000.pcie: PCI host bridge to bus 0000:00
[    1.548381] pci_bus 0000:00: root bus resource [bus 00-0f]
[    1.548995] pci_bus 0000:00: root bus resource [io  0x0000-0xffff]
[    1.550981] pci_bus 0000:00: root bus resource [mem 0x10000000-0x3efeffff]
[    1.551609] pci_bus 0000:00: root bus resource [mem 0x8000000000-0xffffffffff]
[    1.688351] xenfs: not registering filesystem on non-xen platform
[    1.771227] Serial: 8250/16550 driver, 4 ports, IRQ sharing enabled
[    1.791723] SuperH (H)SCI(F) driver initialized
[    1.797135] msm_serial: driver initialized
[    1.802216] cacheinfo: Unable to detect cache hierarchy for CPU 0
[    1.924724] loop: module loaded
[    1.995314]  vda: vda1 vda2
[    2.030584] hisi_sas: driver version v1.6
[    2.087982] libphy: Fixed MDIO Bus: probed
[    2.103554] tun: Universal TUN/TAP device driver, 1.6
[    2.104076] tun: (C) 1999-2004 Max Krasnyansky <maxk@qualcomm.com>
[    2.143168] e1000e: Intel(R) PRO/1000 Network Driver - 3.2.6-k
[    2.143774] e1000e: Copyright(c) 1999 - 2015 Intel Corporation.
[    2.147686] igb: Intel(R) Gigabit Ethernet Network Driver - version 5.4.0-k
[    2.148363] igb: Copyright (c) 2007-2014 Intel Corporation.
[    2.151994] igbvf: Intel(R) Gigabit Virtual Function Network Driver - version 2.4.0-k
[    2.153149] igbvf: Copyright (c) 2009 - 2012 Intel Corporation.
[    2.156608] sky2: driver version 1.30
[    2.168692] VFIO - User Level meta-driver version: 0.3
[    2.206867] ehci_hcd: USB 2.0 'Enhanced' Host Controller (EHCI) Driver
[    2.207579] ehci-pci: EHCI PCI platform driver
[    2.210190] ehci-platform: EHCI generic platform driver
[    2.213444] ehci-exynos: EHCI EXYNOS driver
[    2.216326] ehci-msm: Qualcomm On-Chip EHCI Host Controller
[    2.219633] ohci_hcd: USB 1.1 'Open' Host Controller (OHCI) Driver
[    2.220431] ohci-pci: OHCI PCI platform driver
[    2.223225] ohci-platform: OHCI generic platform driver
[    2.226898] ohci-exynos: OHCI EXYNOS driver
[    2.239002] usbcore: registered new interface driver usb-storage
[    2.264466] mousedev: PS/2 mouse device common for all mice
[    2.290912] rtc-pl031 9010000.pl031: rtc core: registered pl031 as rtc0
[    2.304913] i2c /dev entries driver
[    2.339418] sdhci: Secure Digital Host Controller Interface driver
[    2.339768] sdhci: Copyright(c) Pierre Ossman
[    2.343949] Synopsys Designware Multimedia Card Interface Driver
[    2.352353] sdhci-pltfm: SDHCI platform and OF driver helper
[    2.362520] ledtrig-cpu: registered to indicate activity on CPUs
[    2.379032] usbcore: registered new interface driver usbhid
[    2.379541] usbhid: USB HID core driver
[    2.403368] NET: Registered protocol family 17
[    2.405352] 9pnet: Installing 9P2000 support
[    2.407285] Key type dns_resolver registered
[    2.413291] registered taskstats version 1
[    2.424950] input: gpio-keys as /devices/platform/gpio-keys/input/input0
[    2.430692] rtc-pl031 9010000.pl031: setting system clock to 2017-01-23 10:39:23 UTC (1485167963)
[    2.433175] ALSA device list:
[    2.434677]   No soundcards found.
[    2.438997] uart-pl011 9000000.pl011: no DMA platform data
[    2.472559] EXT4-fs (vda2): couldn't mount as ext3 due to feature incompatibilities
[    2.622989] EXT4-fs (vda2): recovery complete
[    2.624073] EXT4-fs (vda2): mounted filesystem with ordered data mode. Opts: (null)
[    2.624706] VFS: Mounted root (ext4 filesystem) on device 254:2.
[    2.654400] devtmpfs: mounted
[    2.741213] Freeing unused kernel memory: 1024K
bash: cannot set terminal process group (-1): Inappropriate ioctl for device
bash: no job control in this shell
bash-4.3# 