[0000.752] [TegraBoot] (version 23.00.2015.14-mobile-1ef66670)
[0000.758] Processing in cold boot mode Bootloader 2
[0000.762] A01Q Bootrom Patch rev = 3
[0000.766] Power-up reason: pmu watchdog
[0000.769] No Battery Present
[0000.772] Platform has Ddr4 type ram
[0000.776] max77620 disabling SD1 Remote Sense
[0000.780] Setting Ddr voltage to 1125mv
[0000.784] Serial Number of Pmic Max77663: 0x40daf
[0000.792] Entering ramdump check
[0000.795] Get RamDumpCarveOut = 0x0
[0000.798] RamDumpCarveOut=0x0,  RamDumperFlag=0xe59ff3f8
[0000.803] Last reboot was clean, booting normally!
[0000.808] Sdram initialization is successful 
[0000.812] SecureOs Carveout Base=0xff800000 Size=0x00800000
[0000.817] GSC1 Carveout Base=0xff700000 Size=0x00100000
[0000.843] GSC2 Carveout Base=0xff600000 Size=0x00100000
[0000.869] GSC3 Carveout Base=0xff500000 Size=0x00100000
[0000.874] GSC4 Carveout Base=0xff400000 Size=0x00100000
[0000.879] GSC5 Carveout Base=0xff300000 Size=0x00100000
[0000.884] BpmpFw Carveout Base=0xff2c0000 Size=0x00040000
[0000.890] Lp0 Carveout Base=0xff2bf000 Size=0x00001000
[0000.905] RamDump Carveout Base=0xff23f000 Size=0x00080000
[0000.910] Platform-DebugCarveout: 0
[0000.914] Nck Carveout Base=0xff03f000 Size=0x00200000
[0000.963] Using GPT Primary to query partitions 
[0000.968] Loading Tboot-CPU binary
[0001.017] Verifying bootloader in OdmNonSecureSBK mode
[0001.027] Bootloader load address is 0xa0000000,                            entry address is 0xa0000258
[0001.036] Bootloader downloaded successfully.
[0001.040] Downloaded Tboot-CPU binary to 0xa0000258
[0001.046] MAX77620_GPIO1 Configured.
[0001.050] MAX77620_GPIO5 Configured.
[0001.053] CPU power rail is up
[0001.056] CPU clock enabled
[0001.060] Performing RAM repair
[0001.063] Updating A64 Warmreset Address to 0xa00002e9
[0001.082] Bootloader DTB Load Address: 0x83000000
[0001.099] Kernel DTB Load Address: 0x83080000
[0001.104] Loading cboot binary
[0001.198] Verifying bootloader in OdmNonSecureSBK mode
[0001.285] Bootloader load address is 0x8010fda8,                            entry address is 0x80110000
[0001.295] Bootloader downloaded successfully.
[0001.299] GPT: Partition NOT found ! 
[0001.302] Find Partition via GPT Failed
[0001.306] function NvTbootGetBinaryOffsets: 0x845208 error
[0001.311] Error in NvTbootLoadBinary: 0x845208 !
[0001.316] GPT: Partition NOT found ! 
[0001.319] No FB partition
[0001.322] Next binary entry address: 0x80110000 
[0001.326] BoardId: 2595
[0001.331] dram memory type is 3
[0001.337] WB0 init successful
[0001.363] Bpmp FW successfully loaded
[0001.367] Set NvDecSticky Bits
[0001.370] GSC1 address : ff700000
[0001.374] GSC2 address : ff600000
[0001.378] GSC3 address : ff500000
[0001.381] GSC4 address : ff400000
[0001.385] GSC5 address : ff300000
[0001.388] GSC MC Settings done
[0001.393] TOS old plaintext Image length 61440
[0001.400] *** Secure OS image signature not verified ***
[0001.405] Loading and Validation of Secure OS Successful
[0001.410] NvTbootPackSdramParams: start. 
[0001.415] NvTbootPackSdramParams: done. 
[0001.419] Tegraboot started after 745267 us
[0001.423] Basic modules init took 348460 us
[0001.427] Sec Bootdevice Read Time = 202 ms, Read Size = 8459 KB
[0001.432] Next stage binary read took 14371 us
[0001.437] Carveout took 252716 us
[0001.440] CPU initialization took 92313 us
[0001.444] Total time taken by TegraBoot 707860 us

[0001.448] Starting CPU & Halting co-processor 

64b[0001.584] LPDDR4 Training: Number of tables = 10
[0001.588] EMC Training (SRC-freq: 204000; DST-freq: 408000)
[0001.594] EMC Training Successful
[0001.597] EMC Training (SRC-freq: 204000; DST-freq: 665600)
[0001.603] EMC Training Successful
[0001.606] EMC Training (SRC-freq: 204000; DST-freq: 800000)
[0001.617] EMC Training Successful
[0001.621] EMC Training (SRC-freq: 204000; DST-freq: 1065600)
[0001.643] EMC Training Successful
[0001.646] EMC Training (SRC-freq: 204000; DST-freq: 1331200)
[0001.668] EMC Training Successful
[0001.671] EMC Training (SRC-freq: 204000; DST-freq: 1600000)
[0001.690] EMC Training Successful
[0001.694] Switching to 800000 KHz Success
[0001.727] LPDDR4 Training: Number of tables = 10


U-Boot 2015.07-rc2-g2ac3917 (Nov 09 2015 - 13:12:08 -0800)

TEGRA210
Model: NVIDIA P2371-0000
DRAM:  3 GiB
MC:   Tegra SD/MMC: 0, Tegra SD/MMC: 1
*** Warning - bad CRC, using default environment

In:    serial
Out:   serial
Err:   serial
Net:   Net Initialization Skipped
No ethernet found.
Hit any key to stop autoboot:  2  0 
Tegra210 (P2371-0000) # 
Tegra210 (P2371-0000) # ums 0 mmc 0
UMS: disk start sector: 0x0, count: 0x1d5a000
|/-\|/-\/-\|/-\/-\|/-\/-\|/-\/-\|/-\/-\|/-\/-\|/-\/-\|/-\/-CTRL+C - Operation aborted
Tegra210 (P2371-0000) # 
Tegra210 (P2371-0000) # env set fdt_copy_node_names /cpus:/psci
Tegra210 (P2371-0000) # setenv rootpart 1
Tegra210 (P2371-0000) # setenv devtype mmc
Tegra210 (P2371-0000) # setenv devnum 0
Tegra210 (P2371-0000) # part uuid ${devtype} ${devnum}:${rootpart} uuid
Tegra210 (P2371-0000) # setenv bootargs ignore_loglevel console=ttyS0,115200n8 earlycon=uart8250,mmio32,0x70006000 rw root=PARTUUID=00000000-0001-0000-788f-a75600000000 rootwait debug earlyprintk init=/bin/bash
Tegra210 (P2371-0000) # load ${devtype} ${devnum}:${rootpart} ${kernel_addr_r} /boot/Image.defconfig
13790208 bytes read in 768 ms (17.1 MiB/s)
Tegra210 (P2371-0000) # load ${devtype} ${devnum}:${rootpart} ${fdt_addr_r} /boot/tegra210-p2371-0000.dtb
41182 bytes read in 454 ms (87.9 KiB/s)
Tegra210 (P2371-0000) # load ${devtype} ${devnum}:${rootpart} ${ramdisk_addr_r} /boot/tegra-ramdisk.img
1627787 bytes read in 499 ms (3.1 MiB/s)
Tegra210 (P2371-0000) # ramdisk_size=${filesize}
Tegra210 (P2371-0000) # booti ${kernel_addr_r} - ${fdt_addr_r}
## Flattened Device Tree blob at 82000000
   Booting using the fdt blob at 0x82000000
   Using Device Tree in place at 0000000082000000, end 000000008200d0dd

Starting kernel ...

[    0.000000] Booting Linux on physical CPU 0x0
[    0.000000] Linux version 4.8.0-rc8-135972-g08895a8 (pwalmsley@tamien) (gcc version 4.9.2 20140904 (prerelease) (crosstool-NG linaro-1.13.1-4.9-2014.09 - Linaro GCC 4.9-2014.09) ) #1 SMP PREEMPT Sun Sep 25 19:08:49 PDT 2016
[    0.000000] Boot CPU: AArch64 Processor [411fd071]
[    0.000000] debug: ignoring loglevel setting.
[    0.000000] earlycon: uart8250 at MMIO32 0x0000000070006000 (options '')
[    0.000000] bootconsole [uart8250] enabled
[    0.000000] efi: Getting EFI parameters from FDT:
[    0.000000] efi: UEFI not found.
[    0.000000] cma: Reserved 16 MiB at 0x00000000fe000000
[    0.000000] On node 0 totalpages: 782848
[    0.000000]   DMA zone: 8192 pages used for memmap
[    0.000000]   DMA zone: 0 pages reserved
[    0.000000]   DMA zone: 520704 pages, LIFO batch:31
[    0.000000]   Normal zone: 4096 pages used for memmap
[    0.000000]   Normal zone: 262144 pages, LIFO batch:31
[    0.000000] psci: probing for conduit method from DT.
[    0.000000] psci: PSCIv0.2 detected in firmware.
[    0.000000] psci: Using standard PSCI v0.2 function IDs
[    0.000000] psci: MIGRATE_INFO_TYPE not supported.
[    0.000000] percpu: Embedded 21 pages/cpu @ffff8000bff4b000 s47488 r8192 d30336 u86016
[    0.000000] pcpu-alloc: s47488 r8192 d30336 u86016 alloc=21*4096
[    0.000000] pcpu-alloc: [0] 0 [0] 1 [0] 2 [0] 3 
[    0.000000] Detected PIPT I-cache on CPU0
[    0.000000] CPU features: enabling workaround for ARM erratum 832075
[    0.000000] CPU features: enabling workaround for ARM erratum 834220
[    0.000000] Built 1 zonelists in Zone order, mobility grouping on.  Total pages: 770560
[    0.000000] Kernel command line: ignore_loglevel console=ttyS0,115200n8 earlycon=uart8250,mmio32,0x70006000 rw root=PARTUUID=00000000-0001-0000-788f-a75600000000 rootwait debug earlyprintk init=/bin/bash
[    0.000000] log_buf_len individual max cpu contribution: 4096 bytes
[    0.000000] log_buf_len total cpu_extra contributions: 12288 bytes
[    0.000000] log_buf_len min size: 16384 bytes
[    0.000000] log_buf_len: 32768 bytes
[    0.000000] early log buf free: 14272(87%)
[    0.000000] PID hash table entries: 4096 (order: 3, 32768 bytes)
[    0.000000] Dentry cache hash table entries: 524288 (order: 10, 4194304 bytes)
[    0.000000] Inode-cache hash table entries: 262144 (order: 9, 2097152 bytes)
[    0.000000] software IO TLB [mem 0xfa000000-0xfe000000] (64MB) mapped at [ffff80007a000000-ffff80007dffffff]
[    0.000000] Memory: 2979164K/3131392K available (7932K kernel code, 795K rwdata, 3704K rodata, 960K init, 273K bss, 135844K reserved, 16384K cma-reserved)
[    0.000000] Virtual kernel memory layout:
[    0.000000]     modules : 0xffff000000000000 - 0xffff000008000000   (   128 MB)
[    0.000000]     vmalloc : 0xffff000008000000 - 0xffff7dffbfff0000   (129022 GB)
[    0.000000]       .text : 0xffff000008080000 - 0xffff000008840000   (  7936 KB)
[    0.000000]     .rodata : 0xffff000008840000 - 0xffff000008bf0000   (  3776 KB)
[    0.000000]       .init : 0xffff000008bf0000 - 0xffff000008ce0000   (   960 KB)
[    0.000000]       .data : 0xffff000008ce0000 - 0xffff000008da6c00   (   795 KB)
[    0.000000]        .bss : 0xffff000008da6c00 - 0xffff000008deb0b8   (   274 KB)
[    0.000000]     fixed   : 0xffff7dfffe7fd000 - 0xffff7dfffec00000   (  4108 KB)
[    0.000000]     PCI I/O : 0xffff7dfffee00000 - 0xffff7dffffe00000   (    16 MB)
[    0.000000]     vmemmap : 0xffff7e0000000000 - 0xffff800000000000   (  2048 GB maximum)
[    0.000000]               0xffff7e0000000000 - 0xffff7e0003000000   (    48 MB actual)
[    0.000000]     memory  : 0xffff800000000000 - 0xffff8000c0000000   (  3072 MB)
[    0.000000] SLUB: HWalign=64, Order=0-3, MinObjects=0, CPUs=4, Nodes=1
[    0.000000] Preemptible hierarchical RCU implementation.
[    0.000000] 	Build-time adjustment of leaf fanout to 64.
[    0.000000] 	RCU restricting CPUs from NR_CPUS=64 to nr_cpu_ids=4.
[    0.000000] RCU: Adjusting geometry for rcu_fanout_leaf=64, nr_cpu_ids=4
[    0.000000] NR_IRQS:64 nr_irqs:64 0
[    0.000000] GIC: Using split EOI/Deactivate mode
[    0.000000] /interrupt-controller@60004000: 192 interrupts forwarded to /interrupt-controller@50041000
[    0.000000] PLL_MB already enabled. Postponing set full defaults
[    0.000000] PLL_U already enabled. Postponing set full defaults
[    0.000000] PLL_P already enabled. Postponing set full defaults
[    0.000000] PLL_X already enabled. Postponing set full defaults
[    0.000000] boot misc1 0x0: expected 0x20
[    0.000000]  (comparison mask = 0xffffff)
[    0.000000] arm_arch_timer: Architected cp15 timer(s) running at 19.20MHz (phys).
[    0.000000] clocksource: arch_sys_counter: mask: 0xffffffffffffff max_cycles: 0x46d987e47, max_idle_ns: 440795202767 ns
[    0.000004] sched_clock: 56 bits at 19MHz, resolution 52ns, wraps every 4398046511078ns
[    0.008392] Console: colour dummy device 80x25
[    0.013002] Calibrating delay loop (skipped), value calculated using timer frequency.. 38.40 BogoMIPS (lpj=76800)
[    0.023611] pid_max: default: 32768 minimum: 301
[    0.028454] Security Framework initialized
[    0.032725] Mount-cache hash table entries: 8192 (order: 4, 65536 bytes)
[    0.039651] Mountpoint-cache hash table entries: 8192 (order: 4, 65536 bytes)
[    0.047889] ASID allocator initialised with 65536 entries
[    0.078353] Speedo Revision 4
[    0.081432] Tegra Revision: A01 SKU: 1 CPU Process: -22 SoC Process: -22
[    0.088954] EFI services will not be available.
[    0.117778] Detected PIPT I-cache on CPU1
[    0.117816] CPU1: Booted secondary processor [411fd071]
[    0.133812] Detected PIPT I-cache on CPU2
[    0.133843] CPU2: Booted secondary processor [411fd071]
[    0.149853] Detected PIPT I-cache on CPU3
[    0.149884] CPU3: Booted secondary processor [411fd071]
[    0.149953] Brought up 4 CPUs
[    0.181624] SMP: Total of 4 processors activated.
[    0.186491] CPU features: detected feature: 32-bit EL0 Support
[    0.192522] CPU: All CPU(s) started at EL2
[    0.196774] alternatives: patching kernel code
[    0.204430] devtmpfs: initialized
[    0.217249] DMI not present or invalid.
[    0.221432] clocksource: jiffies: mask: 0xffffffff max_cycles: 0xffffffff, max_idle_ns: 7645041785100000 ns
[    0.231898] pinctrl core: initialized pinctrl subsystem
[    0.238488] NET: Registered protocol family 16
[    0.259135] cpuidle: using governor menu
[    0.263389] vdso: 2 pages (1 code @ ffff000008846000, 1 data @ ffff000008ce4000)
[    0.271056] hw-breakpoint: found 6 breakpoint and 4 watchpoint registers.
[    0.278810] DMA: preallocated 256 KiB pool for atomic allocations
[    0.285346] Serial: AMBA PL011 UART driver
[    0.322123] HugeTLB registered 2 MB page size, pre-allocated 0 pages
[    0.329480] ACPI: Interpreter disabled.
[    0.334417] vgaarb: loaded
[    0.337453] SCSI subsystem initialized
[    0.341503] libata version 3.00 loaded.
[    0.345745] usbcore: registered new interface driver usbfs
[    0.351477] usbcore: registered new interface driver hub
[    0.357052] usbcore: registered new device driver usb
[    0.362891] pps_core: LinuxPPS API ver. 1 registered
[    0.368038] pps_core: Software ver. 5.3.6 - Copyright 2005-2007 Rodolfo Giometti <giometti@linux.it>
[    0.377513] PTP clock support registered
[    0.381724] dmi: Firmware registration failed.
[    0.386578] Advanced Linux Sound Architecture Driver Initialized.
[    0.393583] clocksource: Switched to clocksource arch_sys_counter
[    0.400013] VFS: Disk quotas dquot_6.6.0
[    0.404131] VFS: Dquot-cache hash table entries: 512 (order 0, 4096 bytes)
[    0.411475] pnp: PnP ACPI: disabled
[    0.422547] NET: Registered protocol family 2
[    0.427550] TCP established hash table entries: 32768 (order: 6, 262144 bytes)
[    0.435237] TCP bind hash table entries: 32768 (order: 7, 524288 bytes)
[    0.442357] TCP: Hash tables configured (established 32768 bind 32768)
[    0.449200] UDP hash table entries: 2048 (order: 4, 65536 bytes)
[    0.455461] UDP-Lite hash table entries: 2048 (order: 4, 65536 bytes)
[    0.462331] NET: Registered protocol family 1
[    0.467153] RPC: Registered named UNIX socket transport module.
[    0.473291] RPC: Registered udp transport module.
[    0.478175] RPC: Registered tcp transport module.
[    0.483045] RPC: Registered tcp NFSv4.1 backchannel transport module.
[    0.489737] PCI: CLS 0 bytes, default 128
[    0.494416] kvm [1]: IDMAP page: 80829000
[    0.498579] kvm [1]: HYP VA range: 800000000000:ffffffffffff
[    0.505121] kvm [1]: 8-bit VMID
[    0.508378] kvm [1]: Hyp mode initialized successfully
[    0.513754] kvm [1]: vgic-v2@50044000
[    0.517653] kvm [1]: vgic interrupt IRQ1
[    0.521800] kvm [1]: virtual timer IRQ4
[    0.527767] futex hash table entries: 1024 (order: 5, 131072 bytes)
[    0.534348] audit: initializing netlink subsys (disabled)
[    0.539963] audit: type=2000 audit(0.451:1): initialized
[    0.545863] workingset: timestamp_bits=46 max_order=20 bucket_order=0
[    0.562186] squashfs: version 4.0 (2009/01/31) Phillip Lougher
[    0.569005] NFS: Registering the id_resolver key type
[    0.574260] Key type id_resolver registered
[    0.578590] Key type id_legacy registered
[    0.582754] nfs4filelayout_init: NFSv4 File Layout Driver Registering...
[    0.589843] 9p: Installing v9fs 9p2000 file system support
[    0.597772] io scheduler noop registered
[    0.601986] io scheduler cfq registered (default)
[    0.607632] libphy: mdio_driver_register: phy-bcm-ns2-pci
[    0.622705] tegra-apbdma 60020000.dma: Tegra20 APB DMA driver register 32 channels
[    0.631057] tegra-pmc 7000e400.pmc: i2c-thermtrip node not found, emergency thermal reset disabled.
[    0.640620] xenfs: not registering filesystem on non-xen platform
[    0.650333] Serial: 8250/16550 driver, 4 ports, IRQ sharing disabled
[    0.658458] console [ttyS0] disabled
[    0.662207] 70006000.serial: ttyS0 at MMIO 0x70006000 (irq = 312, base_baud = 25500000) is a Tegra
[    0.671509] console [ttyS0] enabled
[    0.671509] console [ttyS0] enabled
[    0.678600] bootconsole [uart8250] disabled
[    0.678600] bootconsole [uart8250] disabled
[    0.687455] SuperH (H)SCI(F) driver initialized
[    0.692245] msm_serial: driver initialized
[    0.696699] Unable to detect cache hierarchy from DT for CPU 0
[    0.707319] loop: module loaded
[    0.712135] libphy: Fixed MDIO Bus: probed
[    0.716778] tun: Universal TUN/TAP device driver, 1.6
[    0.721838] tun: (C) 1999-2004 Max Krasnyansky <maxk@qualcomm.com>
[    0.728493] e1000e: Intel(R) PRO/1000 Network Driver - 3.2.6-k
[    0.734330] e1000e: Copyright(c) 1999 - 2015 Intel Corporation.
[    0.740307] igb: Intel(R) Gigabit Ethernet Network Driver - version 5.3.0-k
[    0.747268] igb: Copyright (c) 2007-2014 Intel Corporation.
[    0.752895] igbvf: Intel(R) Gigabit Virtual Function Network Driver - version 2.0.2-k
[    0.760723] igbvf: Copyright (c) 2009 - 2012 Intel Corporation.
[    0.766692] sky2: driver version 1.30
[    0.770755] VFIO - User Level meta-driver version: 0.3
[    0.776940] ehci_hcd: USB 2.0 'Enhanced' Host Controller (EHCI) Driver
[    0.783475] ehci-pci: EHCI PCI platform driver
[    0.787960] ehci-platform: EHCI generic platform driver
[    0.793271] ehci-exynos: EHCI EXYNOS driver
[    0.797522] ehci-msm: Qualcomm On-Chip EHCI Host Controller
[    0.803157] ohci_hcd: USB 1.1 'Open' Host Controller (OHCI) Driver
[    0.809344] ohci-pci: OHCI PCI platform driver
[    0.813835] ohci-platform: OHCI generic platform driver
[    0.819124] ohci-exynos: OHCI EXYNOS driver
[    0.823647] usbcore: registered new interface driver usb-storage
[    0.830448] mousedev: PS/2 mouse device common for all mice
[    0.836984] tegra_rtc 7000e000.rtc: rtc core: registered 7000e000.rtc as rtc1
[    0.844165] tegra_rtc 7000e000.rtc: Tegra internal Real Time Clock
[    0.850448] i2c /dev entries driver
[    0.855515] sdhci: Secure Digital Host Controller Interface driver
[    0.861701] sdhci: Copyright(c) Pierre Ossman
[    0.866095] Synopsys Designware Multimedia Card Interface Driver
[    0.872388] sdhci-pltfm: SDHCI platform and OF driver helper
[    0.878271] mmc0: Unknown controller version (3). You may experience problems.
[    0.929610] mmc0: SDHCI controller on 700b0600.sdhci [700b0600.sdhci] using ADMA 64-bit
[    0.940161] ledtrig-cpu: registered to indicate activity on CPUs
[    0.946919] usbcore: registered new interface driver usbhid
[    0.952541] usbhid: USB HID core driver
[    0.958181] NET: Registered protocol family 17
[    0.962709] 9pnet: Installing 9P2000 support
[    0.967040] Key type dns_resolver registered
[    0.971914] registered taskstats version 1
[    0.976437] hctosys: unable to open rtc device (rtc0)
[    0.988502] ALSA device list:
[    0.991493]   No soundcards found.
[    0.995142] Waiting for root device PARTUUID=00000000-0001-0000-788f-a75600000000...
[    1.029125] mmc0: new high speed MMC card at address 0001
[    1.034963] mmcblk0: mmc0:0001 SDW16G 14.7 GiB 
[    1.043698] mmcblk0boot0: mmc0:0001 SDW16G partition 1 4.00 MiB
[    1.053811] mmcblk0boot1: mmc0:0001 SDW16G partition 2 4.00 MiB
[    1.059918] mmcblk0rpmb: mmc0:0001 SDW16G partition 3 4.00 MiB
[    1.067552]  mmcblk0: p1 p2 p3 p4 p5 p6 p7 p8 p9 p10 p11 p12 p13 p14 p15 p16 p17 p18
[    1.111528] EXT4-fs (mmcblk0p1): couldn't mount as ext3 due to feature incompatibilities
[    1.134675] EXT4-fs (mmcblk0p1): mounted filesystem with ordered data mode. Opts: (null)
[    1.142818] VFS: Mounted root (ext4 filesystem) on device 179:1.
[    1.152871] devtmpfs: mounted
[    1.156401] Freeing unused kernel memory: 960K (ffff800000bf0000 - ffff800000ce0000)
bash: cannot set terminal process group (-1): Inappropriate ioctl for device
bash: no job contr[    1.326074] random: fast init done
ol in this shell
root@(none):/# 