[    0.000000] Booting Linux on physical CPU 0x0
[    0.000000] Linux version 4.14.0-rc7-319620-g0b07194bb55e (jonathanh@tamien) (gcc version 4.9.2 20140904 (prerelease) (crosstool-NG linaro-1.13.1-4.9-2014.09 - Linaro GCC 4.9-2014.09)) #1 SMP PREEMPT Mon Oct 30 06:39:44 PDT 2017
[    0.000000] Boot CPU: AArch64 Processor [411fd071]
[    0.000000] Machine model: Google Pixel C
[    0.000000] efi: Getting EFI parameters from FDT:
[    0.000000] efi: UEFI not found.
[    0.000000] cma: Reserved 16 MiB at 0x00000000f5400000
[    0.000000] earlycon: uart0 at MMIO 0x0000000070006000 (options '115200n8')
[    0.000000] bootconsole [uart0] enabled
[    0.000000] NUMA: No NUMA configuration found
[    0.000000] NUMA: Faking a node at [mem 0x0000000000000000-0x000000013fffffff]
[    0.000000] NUMA: NODE_DATA [mem 0x13ffa1c80-0x13ffa377f]
[    0.000000] Zone ranges:
[    0.000000]   DMA      [mem 0x0000000080000000-0x00000000ffffffff]
[    0.000000]   Normal   [mem 0x0000000100000000-0x000000013fffffff]
[    0.000000] Movable zone start for each node
[    0.000000] Early memory node ranges
[    0.000000]   node   0: [mem 0x0000000080000000-0x00000000f65fffff]
[    0.000000]   node   0: [mem 0x0000000100000000-0x000000013fffffff]
[    0.000000] Initmem setup node 0 [mem 0x0000000080000000-0x000000013fffffff]
[    0.000000] psci: probing for conduit method from DT.
[    0.000000] psci: PSCIv1.0 detected in firmware.
[    0.000000] psci: Using standard PSCI v0.2 function IDs
[    0.000000] psci: MIGRATE_INFO_UP_CPU reported invalid physical ID (0x80000000)
[    0.000000] percpu: Embedded 23 pages/cpu @ffff8000bff42000 s55552 r8192 d30464 u94208
[    0.000000] Detected PIPT I-cache on CPU0
[    0.000000] CPU features: enabling workaround for ARM erratum 832075
[    0.000000] CPU features: enabling workaround for ARM erratum 834220
[    0.000000] Built 1 zonelists, mobility grouping on.  Total pages: 735336
[    0.000000] Policy zone: Normal
[    0.000000] Kernel command line: cros_secure vpr=0x08000000@0xf6800000 earlycon
[    0.000000] PID hash table entries: 4096 (order: 3, 32768 bytes)
[    0.000000] software IO TLB [mem 0xf1400000-0xf5400000] (64MB) mapped at [ffff800071400000-ffff8000753fffff]
[    0.000000] Memory: 2837828K/2988032K available (9212K kernel code, 1142K rwdata, 4580K rodata, 1152K init, 403K bss, 133820K reserved, 16384K cma-reserved)
[    0.000000] Virtual kernel memory layout:
[    0.000000]     modules : 0xffff000000000000 - 0xffff000008000000   (   128 MB)
[    0.000000]     vmalloc : 0xffff000008000000 - 0xffff7dffbfff0000   (129022 GB)
[    0.000000]       .text : 0xffff000008080000 - 0xffff000008980000   (  9216 KB)
[    0.000000]     .rodata : 0xffff000008980000 - 0xffff000008e00000   (  4608 KB)
[    0.000000]       .init : 0xffff000008e00000 - 0xffff000008f20000   (  1152 KB)
[    0.000000]       .data : 0xffff000008f20000 - 0xffff00000903da00   (  1143 KB)
[    0.000000]        .bss : 0xffff00000903da00 - 0xffff0000090a27f0   (   404 KB)
[    0.000000]     fixed   : 0xffff7dfffe7fd000 - 0xffff7dfffec00000   (  4108 KB)
[    0.000000]     PCI I/O : 0xffff7dfffee00000 - 0xffff7dffffe00000   (    16 MB)
[    0.000000]     vmemmap : 0xffff7e0000000000 - 0xffff800000000000   (  2048 GB maximum)
[    0.000000]               0xffff7e0000000000 - 0xffff7e0003000000   (    48 MB actual)
[    0.000000]     memory  : 0xffff800000000000 - 0xffff8000c0000000   (  3072 MB)
[    0.000000] SLUB: HWalign=64, Order=0-3, MinObjects=0, CPUs=4, Nodes=1
[    0.000000] Preemptible hierarchical RCU implementation.
[    0.000000] 	RCU restricting CPUs from NR_CPUS=64 to nr_cpu_ids=4.
[    0.000000] 	Tasks RCU enabled.
[    0.000000] RCU: Adjusting geometry for rcu_fanout_leaf=16, nr_cpu_ids=4
[    0.000000] NR_IRQS: 64, nr_irqs: 64, preallocated irqs: 0
[    0.000000] GIC: Using split EOI/Deactivate mode
[    0.000000] /interrupt-controller@60004000: 192 interrupts forwarded to /interrupt-controller@50041000
[    0.000000] boot misc0 0x0: expected 0x80000
[    0.000000]  (comparison mask = 0x400ffffb)
[    0.000000] boot misc2 0x1f720005: expected 0x1f720f05
[    0.000000]  (comparison mask = 0xffffff17)
[    0.000000] PLL_C already enabled. Postponing set full defaults
[    0.000000] boot misc0 0x0: expected 0x20
[    0.000000]  (comparison mask = 0x7ffffff)
[    0.000000] boot misc1 0x10000000: expected 0xc0000000
[    0.000000]  (comparison mask = 0xf8000000)
[    0.000000] boot misc2 0x0: expected 0xf400f0da
[    0.000000]  (comparison mask = 0xffffffff)
[    0.000000] boot misc3 0x0: expected 0x2004f400
[    0.000000]  (comparison mask = 0xffffffff)
[    0.000000] PLL_DP already enabled. Postponing set full defaults
[    0.000000] boot misc1 0x0: expected 0x20
[    0.000000]  (comparison mask = 0xffffff)
[    0.000000] PLL_X already enabled. Postponing set full defaults
[    0.000000] arch_timer: cp15 timer(s) running at 19.20MHz (phys).
[    0.000000] clocksource: arch_sys_counter: mask: 0xffffffffffffff max_cycles: 0x46d987e47, max_idle_ns: 440795202767 ns
[    0.000002] sched_clock: 56 bits at 19MHz, resolution 52ns, wraps every 4398046511078ns
[    0.000231] Console: colour dummy device 80x25
[    0.000306] console [tty0] enabled
[    0.000366] bootconsole [uart0] disabled
[    0.000466] Calibrating delay loop (skipped), value calculated using timer frequency.. 38.40 BogoMIPS (lpj=76800)
[    0.000480] pid_max: default: 32768 minimum: 301
[    0.000532] Security Framework initialized
[    0.001918] Dentry cache hash table entries: 524288 (order: 10, 4194304 bytes)
[    0.002619] Inode-cache hash table entries: 262144 (order: 9, 2097152 bytes)
[    0.002662] Mount-cache hash table entries: 8192 (order: 4, 65536 bytes)
[    0.002696] Mountpoint-cache hash table entries: 8192 (order: 4, 65536 bytes)
[    0.015680] ASID allocator initialised with 65536 entries
[    0.023672] Hierarchical SRCU implementation.
[    0.032494] Speedo Revision 4
[    0.032511] random: fast init done
[    0.032519] Tegra Revision: A02 SKU: 19 CPU Process: 0 SoC Process: 0
[    0.079818] EFI services will not be available.
[    0.087747] smp: Bringing up secondary CPUs ...
[    0.115877] Detected PIPT I-cache on CPU1
[    0.115908] CPU1: Booted secondary processor [411fd071]
[    0.143896] Detected PIPT I-cache on CPU2
[    0.143915] CPU2: Booted secondary processor [411fd071]
[    0.171931] Detected PIPT I-cache on CPU3
[    0.171949] CPU3: Booted secondary processor [411fd071]
[    0.171991] smp: Brought up 1 node, 4 CPUs
[    0.172026] SMP: Total of 4 processors activated.
[    0.172035] CPU features: detected feature: 32-bit EL0 Support
[    0.172148] CPU: All CPU(s) started at EL2
[    0.172165] alternatives: patching kernel code
[    0.174909] devtmpfs: initialized
[    0.179988] clocksource: jiffies: mask: 0xffffffff max_cycles: 0xffffffff, max_idle_ns: 7645041785100000 ns
[    0.180039] futex hash table entries: 1024 (order: 5, 131072 bytes)
[    0.180321] pinctrl core: initialized pinctrl subsystem
[    0.181488] DMI not present or invalid.
[    0.181700] NET: Registered protocol family 16
[    0.182941] cpuidle: using governor menu
[    0.183568] vdso: 2 pages (1 code @ ffff000008986000, 1 data @ ffff000008f25000)
[    0.183586] hw-breakpoint: found 6 breakpoint and 4 watchpoint registers.
[    0.184170] DMA: preallocated 256 KiB pool for atomic allocations
[    0.185287] Serial: AMBA PL011 UART driver
[    0.200139] HugeTLB registered 2.00 MiB page size, pre-allocated 0 pages
[    0.200778] ACPI: Interpreter disabled.
[    0.201182] PPLCD_VDD: Failed to request enable GPIO172: -517
[    0.201197] reg-fixed-voltage regulators:regulator@1: Failed to register regulator: -517
[    0.201550] PP1800_LCDIO: Failed to request enable GPIO171: -517
[    0.201563] reg-fixed-voltage regulators:regulator@5: Failed to register regulator: -517
[    0.201611] PP1800_CAM: Failed to request enable GPIO83: -517
[    0.201621] reg-fixed-voltage regulators:regulator@6: Failed to register regulator: -517
[    0.202199] vgaarb: loaded
[    0.202367] SCSI subsystem initialized
[    0.202680] usbcore: registered new interface driver usbfs
[    0.202715] usbcore: registered new interface driver hub
[    0.202757] usbcore: registered new device driver usb
[    0.203633] tegra-i2c 7000d100.i2c: could not find pctldev for node /host1x@50000000/dpaux@545c0000/pinmux-i2c, deferring probe
[    0.203714] pps_core: LinuxPPS API ver. 1 registered
[    0.203722] pps_core: Software ver. 5.3.6 - Copyright 2005-2007 Rodolfo Giometti <giometti@linux.it>
[    0.203741] PTP clock support registered
[    0.203830] EDAC MC: Ver: 3.0.0
[    0.204017] dmi: Firmware registration failed.
[    0.204669] Advanced Linux Sound Architecture Driver Initialized.
[    0.205056] clocksource: Switched to clocksource arch_sys_counter
[    0.205151] VFS: Disk quotas dquot_6.6.0
[    0.205193] VFS: Dquot-cache hash table entries: 512 (order 0, 4096 bytes)
[    0.205282] pnp: PnP ACPI: disabled
[    0.209586] NET: Registered protocol family 2
[    0.209953] TCP established hash table entries: 32768 (order: 6, 262144 bytes)
[    0.210129] TCP bind hash table entries: 32768 (order: 7, 524288 bytes)
[    0.210326] TCP: Hash tables configured (established 32768 bind 32768)
[    0.210425] UDP hash table entries: 2048 (order: 4, 65536 bytes)
[    0.210464] UDP-Lite hash table entries: 2048 (order: 4, 65536 bytes)
[    0.210575] NET: Registered protocol family 1
[    0.210781] RPC: Registered named UNIX socket transport module.
[    0.210793] RPC: Registered udp transport module.
[    0.210800] RPC: Registered tcp transport module.
[    0.210808] RPC: Registered tcp NFSv4.1 backchannel transport module.
[    0.210908] Unpacking initramfs...
[    0.257567] Freeing initrd memory: 1284K
[    0.257934] kvm [1]: 8-bit VMID
[    0.257946] kvm [1]: IDMAP page: 80975000
[    0.257954] kvm [1]: HYP VA range: 800000000000:ffffffffffff
[    0.258561] kvm [1]: Hyp mode initialized successfully
[    0.258680] kvm [1]: vgic-v2@50044000
[    0.258747] kvm [1]: vgic interrupt IRQ1
[    0.258761] kvm [1]: virtual timer IRQ4
[    0.260486] audit: initializing netlink subsys (disabled)
[    0.260564] audit: type=2000 audit(0.255:1): state=initialized audit_enabled=0 res=1
[    0.260712] workingset: timestamp_bits=44 max_order=20 bucket_order=0
[    0.264352] squashfs: version 4.0 (2009/01/31) Phillip Lougher
[    0.264737] NFS: Registering the id_resolver key type
[    0.264759] Key type id_resolver registered
[    0.264767] Key type id_legacy registered
[    0.264778] nfs4filelayout_init: NFSv4 File Layout Driver Registering...
[    0.264873] 9p: Installing v9fs 9p2000 file system support
[    0.266344] Block layer SCSI generic (bsg) driver version 0.4 loaded (major 246)
[    0.266361] io scheduler noop registered
[    0.266475] io scheduler cfq registered (default)
[    0.266484] io scheduler mq-deadline registered
[    0.266491] io scheduler kyber registered
[    0.267953]  usb3-0: usb3-0 supply vbus not found, using dummy regulator
[    0.276972] tegra-apbdma 60020000.dma: Tegra20 APB DMA driver register 32 channels
[    0.278521] tegra-pmc 7000e400.pmc: i2c-thermtrip node not found, emergency thermal reset disabled.
[    0.280805] Serial: 8250/16550 driver, 4 ports, IRQ sharing enabled
[    0.282108] 70006000.serial: ttyS0 at MMIO 0x70006000 (irq = 314, base_baud = 25500000) is a Tegra
[    1.288795] console [ttyS0] enabled
[    1.292716] SuperH (H)SCI(F) driver initialized
[    1.297472] msm_serial: driver initialized
[    1.301932] cacheinfo: Unable to detect cache hierarchy for CPU 0
[    1.311645] loop: module loaded
[    1.319278] cros-ec-i2c 0-001e: Chrome EC device registered
[    1.325516] max77620 1-003c: PMIC Version OTP:0x35 and ES:0x8
[    1.333869] max77620-sd0: supplied by regulator-dummy
[    1.340069] max77620-sd1: supplied by regulator-dummy
[    1.346216] max77620-sd2: supplied by regulator-dummy
[    1.352333] max77620-sd3: supplied by regulator-dummy
[    1.358460] max77620-ldo0: supplied by regulator-dummy
[    1.364106] max77620-ldo1: supplied by regulator-dummy
[    1.369271] PP1200_RCAM: Bringing 1050000uV into 1200000-1200000uV
[    1.375863] max77620-ldo2: supplied by regulator-dummy
[    1.381539] max77620-ldo3: supplied by regulator-dummy
[    1.386693] PP2800L_RCAM: Bringing 3100000uV into 2800000-2800000uV
[    1.393372] max77620-ldo4: supplied by regulator-dummy
[    1.398532] PP1100_SOC_RTC: Bringing 1000000uV into 850000-850000uV
[    1.405341] max77620-ldo5: supplied by regulator-dummy
[    1.410493] PP2800L_FCAM: Bringing 3100000uV into 2800000-2800000uV
[    1.417172] max77620-ldo6: supplied by regulator-dummy
[    1.422325] PP_LDO6: Bringing 2800000uV into 1800000-1800000uV
[    1.428578] max77620-ldo7: supplied by regulator-dummy
[    1.434331] max77620-ldo8: supplied by regulator-dummy
[    1.443192] libphy: Fixed MDIO Bus: probed
[    1.447520] tun: Universal TUN/TAP device driver, 1.6
[    1.453202] e1000e: Intel(R) PRO/1000 Network Driver - 3.2.6-k
[    1.459035] e1000e: Copyright(c) 1999 - 2015 Intel Corporation.
[    1.464975] igb: Intel(R) Gigabit Ethernet Network Driver - version 5.4.0-k
[    1.471931] igb: Copyright (c) 2007-2014 Intel Corporation.
[    1.477520] igbvf: Intel(R) Gigabit Virtual Function Network Driver - version 2.4.0-k
[    1.485343] igbvf: Copyright (c) 2009 - 2012 Intel Corporation.
[    1.491456] sky2: driver version 1.30
[    1.495392] VFIO - User Level meta-driver version: 0.3
[    1.501295] ehci_hcd: USB 2.0 'Enhanced' Host Controller (EHCI) Driver
[    1.507822] ehci-pci: EHCI PCI platform driver
[    1.512286] ehci-platform: EHCI generic platform driver
[    1.517581] ehci-orion: EHCI orion driver
[    1.521647] ehci-exynos: EHCI EXYNOS driver
[    1.525883] ehci-msm: Qualcomm On-Chip EHCI Host Controller
[    1.531502] ohci_hcd: USB 1.1 'Open' Host Controller (OHCI) Driver
[    1.537684] ohci-pci: OHCI PCI platform driver
[    1.542147] ohci-platform: OHCI generic platform driver
[    1.547436] ohci-exynos: OHCI EXYNOS driver
[    1.613703] tegra-xusb 70090000.usb: Firmware timestamp: 2015-08-10 09:47:54 UTC
[    1.621111] tegra-xusb 70090000.usb: xHCI Host Controller
[    1.626520] tegra-xusb 70090000.usb: new USB bus registered, assigned bus number 1
[    1.635066] tegra-xusb 70090000.usb: hcc params 0x0184f525 hci version 0x100 quirks 0x00010010
[    1.643702] tegra-xusb 70090000.usb: irq 320, io mem 0x70090000
[    1.649986] hub 1-0:1.0: USB hub found
[    1.653757] hub 1-0:1.0: 5 ports detected
[    1.658036] tegra-xusb 70090000.usb: xHCI Host Controller
[    1.663438] tegra-xusb 70090000.usb: new USB bus registered, assigned bus number 2
[    1.671050] usb usb2: We don't know the algorithms for LPM for this host, disabling LPM.
[    1.679388] hub 2-0:1.0: USB hub found
[    1.683157] hub 2-0:1.0: 4 ports detected
[    1.687614] usbcore: registered new interface driver usb-storage
[    1.821540] max77686-rtc max77620-rtc: rtc core: registered max77620-rtc as rtc0
[    1.829552] tegra_rtc 7000e000.rtc: rtc core: registered 7000e000.rtc as rtc1
[    1.836716] tegra_rtc 7000e000.rtc: Tegra internal Real Time Clock
[    1.842992] i2c /dev entries driver
[    1.848090] (NULL device *): hwmon_device_register() is deprecated. Please convert the driver to use hwmon_device_register_with_info().
[    1.876834] sdhci: Secure Digital Host Controller Interface driver
[    1.883036] sdhci: Copyright(c) Pierre Ossman
[    1.887517] Synopsys Designware Multimedia Card Interface Driver
[    1.894001] sdhci-pltfm: SDHCI platform and OF driver helper
[    1.907944] mmc0: Unknown controller version (3). You may experience problems.
[    1.961094] mmc0: SDHCI controller on 700b0600.sdhci [700b0600.sdhci] using ADMA 64-bit
[    1.972893] ledtrig-cpu: registered to indicate activity on CPUs
[    1.979653] usbcore: registered new interface driver usbhid
[    1.985287] usbhid: USB HID core driver
[    1.990595] NET: Registered protocol family 17
[    1.995115] 9pnet: Installing 9P2000 support
[    1.999479] Key type dns_resolver registered
[    2.007228] registered taskstats version 1
[    2.017015] tegra-i2c 7000d100.i2c: could not find pctldev for node /host1x@50000000/dpaux@545c0000/pinmux-i2c, deferring probe
[    2.029813] input: gpio-keys as /devices/platform/gpio-keys/input/input0
[    2.036827] tegra-i2c 7000d100.i2c: could not find pctldev for node /host1x@50000000/dpaux@545c0000/pinmux-i2c, deferring probe
[    2.062273] mmc0: new high speed MMC card at address 0001
[    2.067874] mmcblk0: mmc0:0001 BGND3R 29.1 GiB 
[    2.072492] mmcblk0boot0: mmc0:0001 BGND3R partition 1 4.00 MiB
[    2.078488] mmcblk0boot1: mmc0:0001 BGND3R partition 2 4.00 MiB
[    2.084403] max77686-rtc max77620-rtc: setting system clock to 2001-08-10 19:03:24 UTC (997470204)
[    2.084486] mmcblk0rpmb: mmc0:0001 BGND3R partition 3 4.00 MiB
[    2.087076]  mmcblk0: p1 p2 p3 p4 p5 p6 p7 p8 p9 p10 p11
[    2.088556] tegra-i2c 7000d100.i2c: could not find pctldev for node /host1x@50000000/dpaux@545c0000/pinmux-i2c, deferring probe
[    2.116429] PP1200_AVDD: disabling
[    2.119893] PP1200_RCAM: disabling
[    2.123349] PP2800L_RCAM: disabling
[    2.126886] PP2800L_FCAM: disabling
[    2.130425] PP_LDO6: disabling
[    2.133527] PPLCD_VDD: disabling
[    2.136750] PP1800_LCDIO: disabling
[    2.140238] PP1800_CAM: disabling
[    2.143550] ALSA device list:
[    2.146517]   No soundcards found.
[    2.150546] Freeing unused kernel memory: 1152K

System initialization...

Mounting /proc :[SUCCESS]
Mounting /sys :[SUCCESS]
Mounting /dev :[SUCCESS]
Mounting /dev/pts :[SUCCESS]
Mounting /sys/kernel/debug :[SUCCESS]
Mounting other filesystems :[SUCCESS]
Enabling hot-plug :[SUCCESS]
Populating /dev :[SUCCESS]
Starting syslogd :[SUCCESS]
Starting telnetd :[SUCCESS]

System initialization complete.

Please press Enter to activate this console. 