
U-Boot SPL 2016.05-rc2 (Apr 21 2016 - 16:23:00)
Trying to boot from RAM


U-Boot 2016.05-rc2 (Apr 21 2016 - 16:23:00 -0700)

TEGRA124
Model: NVIDIA Jetson TK1
Board: NVIDIA Jetson TK1
DRAM:  2 GiB
MC:   Tegra SD/MMC: 0, Tegra SD/MMC: 1
In:    serial
Out:   serial
Err:   serial
Net:   No ethernet found.
Hit any key to stop autoboot:  2  0 
Tegra124 (Jetson TK1) # 
Tegra124 (Jetson TK1) # pci enum
Tegra124 (Jetson TK1) # setenv bootargs 'ignore_loglevel console=ttyS0,115200n8 rw root=PARTUUID=b1791faa-84e8-4e27-83a1-9fb0a77e8803 rootwait gpt debug noinitrd earlyprintk init=/bin/bash'
Tegra124 (Jetson TK1) # setenv ipaddr 192.168.100.102; setenv serverip 192.168.100.1; setenv tftpserverip 192.168.100.1
Tegra124 (Jetson TK1) # tftpboot 0x82000000 zImage.multi_v7_defconfig

Warning: eth_rtl8169 using MAC address from ROM
Using eth_rtl8169 device
TFTP from server 192.168.100.1; our IP address is 192.168.100.102
Filename 'zImage.multi_v7_defconfig'.
Load address: 0x82000000
Loading: *#################################################################
	 #################################################################
	 #################################################################
	 #################################################################
	 #################################################################
	 #################################################################
	 #################################################################
	 #################################################################
	 ####################################
	 3.9 MiB/s
done
Bytes transferred = 8159752 (7c8208 hex)
Tegra124 (Jetson TK1) # tftpboot 0x83000000 tegra124-jetson-tk1.dtb
Using eth_rtl8169 device
TFTP from server 192.168.100.1; our IP address is 192.168.100.102
Filename 'tegra124-jetson-tk1.dtb'.
Load address: 0x83000000
Loading: *#####
	 3.8 MiB/s
done
Bytes transferred = 67173 (10665 hex)
Tegra124 (Jetson TK1) # bootz 0x82000000 - 0x83000000
Kernel image @ 0x82000000 [ 0x000000 - 0x7c8200 ]
## Flattened Device Tree blob at 83000000
   Booting using the fdt blob at 0x83000000
   Using Device Tree in place at 83000000, end 83013664

Starting kernel ...

[    0.000000] Booting Linux on physical CPU 0x0
[    0.000000] Linux version 4.14.0-rc5-200827-g33d930e (jonathanh@sellafield) (gcc version 4.7.3 20130328 (prerelease) (crosstool-NG linaro-1.13.1-4.7-2013.04-20130415 - Linaro GCC 2013.04)) #1 SMP Sun Oct 15 18:35:51 PDT 2017
[    0.000000] CPU: ARMv7 Processor [413fc0f3] revision 3 (ARMv7), cr=10c5387d
[    0.000000] CPU: div instructions available: patching division code
[    0.000000] CPU: PIPT / VIPT nonaliasing data cache, PIPT instruction cache
[    0.000000] OF: fdt: Machine model: NVIDIA Tegra124 Jetson TK1
[    0.000000] debug: ignoring loglevel setting.
[    0.000000] Memory policy: Data cache writealloc
[    0.000000] efi: Getting EFI parameters from FDT:
[    0.000000] efi: UEFI not found.
[    0.000000] cma: Reserved 64 MiB at 0xfb800000
[    0.000000] On node 0 totalpages: 524032
[    0.000000] free_area_init_node: node 0, pgdat c158fa40, node_mem_map eeff8000
[    0.000000]   DMA zone: 1536 pages used for memmap
[    0.000000]   DMA zone: 0 pages reserved
[    0.000000]   DMA zone: 196608 pages, LIFO batch:31
[    0.000000]   HighMem zone: 327424 pages, LIFO batch:31
[    0.000000] random: fast init done
[    0.000000] percpu: Embedded 17 pages/cpu @eef82000 s39424 r8192 d22016 u69632
[    0.000000] pcpu-alloc: s39424 r8192 d22016 u69632 alloc=17*4096
[    0.000000] pcpu-alloc: [0] 0 [0] 1 [0] 2 [0] 3 
[    0.000000] Built 1 zonelists, mobility grouping on.  Total pages: 522496
[    0.000000] Kernel command line: ignore_loglevel console=ttyS0,115200n8 rw root=PARTUUID=b1791faa-84e8-4e27-83a1-9fb0a77e8803 rootwait gpt debug noinitrd earlyprintk init=/bin/bash
[    0.000000] PID hash table entries: 4096 (order: 2, 16384 bytes)
[    0.000000] Dentry cache hash table entries: 131072 (order: 7, 524288 bytes)
[    0.000000] Inode-cache hash table entries: 65536 (order: 6, 262144 bytes)
[    0.000000] Memory: 1993356K/2096128K available (10240K kernel code, 1631K rwdata, 4504K rodata, 2048K init, 406K bss, 37236K reserved, 65536K cma-reserved, 1244160K highmem)
[    0.000000] Virtual kernel memory layout:
[    0.000000]     vector  : 0xffff0000 - 0xffff1000   (   4 kB)
[    0.000000]     fixmap  : 0xffc00000 - 0xfff00000   (3072 kB)
[    0.000000]     vmalloc : 0xf0800000 - 0xff800000   ( 240 MB)
[    0.000000]     lowmem  : 0xc0000000 - 0xf0000000   ( 768 MB)
[    0.000000]     pkmap   : 0xbfe00000 - 0xc0000000   (   2 MB)
[    0.000000]     modules : 0xbf000000 - 0xbfe00000   (  14 MB)
[    0.000000]       .text : 0xc0208000 - 0xc0d00000   (11232 kB)
[    0.000000]       .init : 0xc1200000 - 0xc1400000   (2048 kB)
[    0.000000]       .data : 0xc1400000 - 0xc1597ee8   (1632 kB)
[    0.000000]        .bss : 0xc15a0b90 - 0xc16064bc   ( 407 kB)
[    0.000000] SLUB: HWalign=64, Order=0-3, MinObjects=0, CPUs=4, Nodes=1
[    0.000000] Hierarchical RCU implementation.
[    0.000000] 	RCU event tracing is enabled.
[    0.000000] 	RCU restricting CPUs from NR_CPUS=16 to nr_cpu_ids=4.
[    0.000000] RCU: Adjusting geometry for rcu_fanout_leaf=16, nr_cpu_ids=4
[    0.000000] NR_IRQS: 16, nr_irqs: 16, preallocated irqs: 16
[    0.000000] /interrupt-controller@60004000: 160 interrupts forwarded to /interrupt-controller@50041000
[    0.000000] Tegra clk 127: register failed with -17
[    0.000009] sched_clock: 32 bits at 1000kHz, resolution 1000ns, wraps every 2147483647500ns
[    0.000029] clocksource: timer_us: mask: 0xffffffff max_cycles: 0xffffffff, max_idle_ns: 1911260446275 ns
[    0.000045] Switching to timer-based delay loop, resolution 1000ns
[    0.005568] arch_timer: cp15 timer(s) running at 12.00MHz (virt).
[    0.005587] clocksource: arch_sys_counter: mask: 0xffffffffffffff max_cycles: 0x2c47f4ee7, max_idle_ns: 440795202497 ns
[    0.005606] sched_clock: 56 bits at 12MHz, resolution 83ns, wraps every 4398046511096ns
[    0.005620] Switching to timer-based delay loop, resolution 83ns
[    0.006071] Console: colour dummy device 80x30
[    0.006103] Calibrating delay loop (skipped), value calculated using timer frequency.. 24.00 BogoMIPS (lpj=120000)
[    0.006121] pid_max: default: 32768 minimum: 301
[    0.006222] Mount-cache hash table entries: 2048 (order: 1, 8192 bytes)
[    0.006238] Mountpoint-cache hash table entries: 2048 (order: 1, 8192 bytes)
[    0.006736] CPU: Testing write buffer coherency: ok
[    0.006988] /cpus/cpu@0 missing clock-frequency property
[    0.007033] /cpus/cpu@1 missing clock-frequency property
[    0.007077] /cpus/cpu@2 missing clock-frequency property
[    0.007121] /cpus/cpu@3 missing clock-frequency property
[    0.007135] CPU0: thread -1, cpu 0, socket 0, mpidr 80000000
[    0.007436] Setting up static identity map for 0x80300000 - 0x803000a0
[    0.009453] Hierarchical SRCU implementation.
[    0.011394] Tegra Revision: A01 SKU: 129 CPU Process: 1 SoC Process: 1
[    0.012186] EFI services will not be available.
[    0.012334] smp: Bringing up secondary CPUs ...
[    0.012803] CPU1: thread -1, cpu 1, socket 0, mpidr 80000001
[    0.015987] CPU2: thread -1, cpu 2, socket 0, mpidr 80000002
[    0.026025] CPU3: thread -1, cpu 3, socket 0, mpidr 80000003
[    0.035558] smp: Brought up 1 node, 4 CPUs
[    0.035579] SMP: Total of 4 processors activated (96.00 BogoMIPS).
[    0.035588] CPU: All CPU(s) started in SVC mode.
[    0.037107] devtmpfs: initialized
[    0.050702] VFP support v0.3: implementor 41 architecture 4 part 30 variant f rev 0
[    0.051092] clocksource: jiffies: mask: 0xffffffff max_cycles: 0xffffffff, max_idle_ns: 19112604462750000 ns
[    0.051111] futex hash table entries: 1024 (order: 4, 65536 bytes)
[    0.052566] pinctrl core: initialized pinctrl subsystem
[    0.054118] DMI not present or invalid.
[    0.054359] NET: Registered protocol family 16
[    0.056484] DMA: preallocated 256 KiB pool for atomic coherent allocations
[    0.058885] cpuidle: using governor menu
[    0.084002] No ATAGs?
[    0.084129] hw-breakpoint: found 5 (+1 reserved) breakpoint and 4 watchpoint registers.
[    0.084146] hw-breakpoint: maximum watchpoint size is 8 bytes.
[    0.091468] Serial: AMBA PL011 UART driver
[    0.092659] iommu: Adding device reg-dummy to group 0
[    0.092698] iommu: Adding device 1003000.pcie to group 1
[    0.092778] iommu: Adding device 50000000.host1x to group 2
[    0.092849] iommu: Adding device 54200000.dc to group 3
[    0.092917] iommu: Adding device 54240000.dc to group 4
[    0.092954] iommu: Adding device 54280000.hdmi to group 5
[    0.093027] iommu: Adding device 57000000.gpu to group 6
[    0.093060] iommu: Adding device 60005000.timer to group 7
[    0.093091] iommu: Adding device 60007000.flow-controller to group 8
[    0.093122] iommu: Adding device 6000c800.actmon to group 9
[    0.093154] iommu: Adding device 6000d000.gpio to group 10
[    0.093186] iommu: Adding device 60020000.dma to group 11
[    0.093221] iommu: Adding device 70000800.apbmisc to group 12
[    0.093256] iommu: Adding device 70000868.pinmux to group 13
[    0.093287] iommu: Adding device 70006000.serial to group 14
[    0.093317] iommu: Adding device 70006040.serial to group 15
[    0.093348] iommu: Adding device 70006300.serial to group 16
[    0.093378] iommu: Adding device 7000c000.i2c to group 17
[    0.093409] iommu: Adding device 7000c400.i2c to group 18
[    0.093440] iommu: Adding device 7000c500.i2c to group 19
[    0.093472] iommu: Adding device 7000c700.i2c to group 20
[    0.093503] iommu: Adding device 7000d000.i2c to group 21
[    0.093541] iommu: Adding device 7000d400.spi to group 22
[    0.093572] iommu: Adding device 7000da00.spi to group 23
[    0.093603] iommu: Adding device 7000e000.rtc to group 24
[    0.093633] iommu: Adding device 7000e400.pmc to group 25
[    0.093664] iommu: Adding device 7000f800.fuse to group 26
[    0.093695] iommu: Adding device 70019000.memory-controller to group 27
[    0.093725] iommu: Adding device 7001b000.emc to group 28
[    0.093755] iommu: Adding device 70027000.sata to group 29
[    0.093789] iommu: Adding device 70030000.hda to group 30
[    0.093822] iommu: Adding device 70090000.usb to group 31
[    0.093852] iommu: Adding device 7009f000.padctl to group 32
[    0.093888] iommu: Adding device 700b0400.sdhci to group 33
[    0.093919] iommu: Adding device 700b0600.sdhci to group 34
[    0.093950] iommu: Adding device 700e2000.thermal-sensor to group 35
[    0.093980] iommu: Adding device 70110000.clock to group 36
[    0.094014] iommu: Adding device 70300000.ahub to group 37
[    0.094045] iommu: Adding device 7d000000.usb to group 38
[    0.094081] iommu: Adding device 7d000000.usb-phy to group 39
[    0.094112] iommu: Adding device 7d004000.usb to group 40
[    0.094143] iommu: Adding device 7d004000.usb-phy to group 41
[    0.094173] iommu: Adding device 7d008000.usb to group 42
[    0.094204] iommu: Adding device 7d008000.usb-phy to group 43
[    0.094239] iommu: Adding device pmu to group 44
[    0.094270] iommu: Adding device timer to group 45
[    0.094302] iommu: Adding device clocks to group 46
[    0.094336] iommu: Adding device gpio-keys to group 47
[    0.094369] iommu: Adding device regulators to group 48
[    0.094400] iommu: Adding device regulators:regulator@0 to group 49
[    0.094430] iommu: Adding device regulators:regulator@1 to group 50
[    0.094461] iommu: Adding device regulators:regulator@2 to group 51
[    0.094492] iommu: Adding device regulators:regulator@3 to group 52
[    0.094524] iommu: Adding device regulators:regulator@4 to group 53
[    0.094560] iommu: Adding device regulators:regulator@7 to group 54
[    0.094595] iommu: Adding device regulators:regulator@8 to group 55
[    0.094627] iommu: Adding device regulators:regulator@10 to group 56
[    0.094658] iommu: Adding device regulators:regulator@11 to group 57
[    0.094689] iommu: Adding device regulators:regulator@12 to group 58
[    0.094720] iommu: Adding device regulators:regulator@13 to group 59
[    0.094750] iommu: Adding device regulators:regulator@14 to group 60
[    0.094781] iommu: Adding device sound to group 61
[    0.109381] AT91: Could not find identification node
[    0.109940] +5V_SYS: supplied by +VDD_MUX
[    0.110216] +3.3V_SYS: supplied by +VDD_MUX
[    0.110833] +USB0_VBUS_SW: Failed to request enable GPIO108: -517
[    0.110849] reg-fixed-voltage regulators:regulator@7: Failed to register regulator: -517
[    0.110948] +5V_USB_HS: Failed to request enable GPIO109: -517
[    0.110962] reg-fixed-voltage regulators:regulator@8: Failed to register regulator: -517
[    0.111149] +1.05V_RUN_AVDD_HDMI_PLL: Failed to request enable GPIO63: -517
[    0.111163] reg-fixed-voltage regulators:regulator@11: Failed to register regulator: -517
[    0.111260] +5V_HDMI_CON: Failed to request enable GPIO86: -517
[    0.111274] reg-fixed-voltage regulators:regulator@12: Failed to register regulator: -517
[    0.111368] +5V_SATA: Failed to request enable GPIO242: -517
[    0.111381] reg-fixed-voltage regulators:regulator@13: Failed to register regulator: -517
[    0.111475] +12V_SATA: Failed to request enable GPIO242: -517
[    0.111488] reg-fixed-voltage regulators:regulator@14: Failed to register regulator: -517
[    0.114460] vgaarb: loaded
[    0.115184] SCSI subsystem initialized
[    0.115347] libata version 3.00 loaded.
[    0.115539] usbcore: registered new interface driver usbfs
[    0.115586] usbcore: registered new interface driver hub
[    0.115673] usbcore: registered new device driver usb
[    0.119111] pps_core: LinuxPPS API ver. 1 registered
[    0.119122] pps_core: Software ver. 5.3.6 - Copyright 2005-2007 Rodolfo Giometti <giometti@linux.it>
[    0.119144] PTP clock support registered
[    0.119333] EDAC MC: Ver: 3.0.0
[    0.119623] dmi: Firmware registration failed.
[    0.122259] clocksource: Switched to clocksource arch_sys_counter
[    0.176704] NET: Registered protocol family 2
[    0.177189] TCP established hash table entries: 8192 (order: 3, 32768 bytes)
[    0.177290] TCP bind hash table entries: 8192 (order: 4, 65536 bytes)
[    0.177477] TCP: Hash tables configured (established 8192 bind 8192)
[    0.177558] UDP hash table entries: 512 (order: 2, 16384 bytes)
[    0.177602] UDP-Lite hash table entries: 512 (order: 2, 16384 bytes)
[    0.177751] NET: Registered protocol family 1
[    0.178128] RPC: Registered named UNIX socket transport module.
[    0.178139] RPC: Registered udp transport module.
[    0.178148] RPC: Registered tcp transport module.
[    0.178156] RPC: Registered tcp NFSv4.1 backchannel transport module.
[    0.178169] PCI: CLS 0 bytes, default 64
[    0.179617] hw perfevents: enabled with armv7_cortex_a15 PMU driver, 7 counters available
[    0.180346] iommu: Adding device alarmtimer to group 62
[    0.181238] workingset: timestamp_bits=30 max_order=19 bucket_order=0
[    0.186908] squashfs: version 4.0 (2009/01/31) Phillip Lougher
[    0.187466] NFS: Registering the id_resolver key type
[    0.187497] Key type id_resolver registered
[    0.187506] Key type id_legacy registered
[    0.187548] ntfs: driver 2.1.32 [Flags: R/O].
[    0.188918] bounce: pool size: 64 pages
[    0.188962] Block layer SCSI generic (bsg) driver version 0.4 loaded (major 248)
[    0.188974] io scheduler noop registered
[    0.188983] io scheduler deadline registered
[    0.189186] io scheduler cfq registered (default)
[    0.189197] io scheduler mq-deadline registered
[    0.189206] io scheduler kyber registered
[    0.192926]  usb2-0: usb2-0 supply vbus not found, using dummy regulator
[    0.193044]  usb2-1: usb2-1 supply vbus not found, using dummy regulator
[    0.193502] tegra-xusb-padctl 7009f000.padctl: failed to setup XUSB ports: -517
[    0.212296] tegra-pcie 1003000.pcie: 2x1, 1x1 configuration
[    0.212356] tegra-pcie 1003000.pcie: Failed to get supply 'avddio-pex': -517
[    0.218462] tegra124-dfll 70110000.clock: couldn't get vdd_cpu regulator
[    0.225285] tegra-apbdma 60020000.dma: Tegra20 APB DMA driver register 32 channels
[    0.228196] tegra-pmc 7000e400.pmc: emergency thermal reset enabled
[    0.275359] Serial: 8250/16550 driver, 4 ports, IRQ sharing disabled
[    0.275456] iommu: Adding device serial8250 to group 63
[    0.277921] console [ttyS0] disabled
[    0.277960] 70006300.serial: ttyS0 at MMIO 0x70006300 (irq = 335, base_baud = 25500000) is a Tegra
[    1.541267] console [ttyS0] enabled
[    1.545646] SuperH (H)SCI(F) driver initialized
[    1.551270] msm_serial: driver initialized
[    1.555582] STMicroelectronics ASC driver initialized
[    1.561520] 70006000.serial: ttyTHS1 at MMIO 0x70006000 (irq = 333, base_baud = 0) is a TEGRA_UART
[    1.570779] 70006040.serial: ttyTHS2 at MMIO 0x70006040 (irq = 334, base_baud = 0) is a TEGRA_UART
[    1.585710] tegra-hdmi 54280000.hdmi: failed to get HDMI regulator
[    1.602385] brd: module loaded
[    1.611631] loop: module loaded
[    1.615979] at24 0-0056: 256 byte 24c02 EEPROM, writable, 8 bytes/write
[    1.624314] as3722 4-0040: AS3722 with revision 0x1 found
[    1.631604] iommu: Adding device as3722-pinctrl to group 64
[    1.638776] iommu: Adding device as3722-regulator to group 65
[    1.647385] as3722-sd2: supplied by +5V_SYS
[    1.651959] as3722-sd3: supplied by +5V_SYS
[    1.656397] +1.35V_LP0(sd3): Bringing 0uV into 1350000-1350000uV
[    1.662729] as3722-sd4: supplied by +5V_SYS
[    1.667307] as3722-sd5: supplied by +5V_SYS
[    1.673252] as3722-ldo0: supplied by +1.35V_LP0(sd2)
[    1.679274] +1.8V_RUN_CAM: Bringing 0uV into 1800000-1800000uV
[    1.685466] as3722-ldo2: supplied by +1.8V_VDDIO
[    1.691334] as3722-ldo3: supplied by +3.3V_SYS
[    1.695831] +1.05V_LP0_VDD_RTC: Bringing 1100000uV into 1000000-1000000uV
[    1.703586] as3722-ldo4: supplied by +3.3V_SYS
[    1.708240] +2.8V_RUN_CAM: Bringing 0uV into 2800000-2800000uV
[    1.714434] as3722-ldo5: supplied by +1.8V_VDDIO
[    1.719271] +1.2V_RUN_CAM_FRONT: Bringing 0uV into 1200000-1200000uV
[    1.726177] +VDDIO_SDMMC3: bypassed regulator has no supply!
[    1.731828] +VDDIO_SDMMC3: failed to get the current voltage(-517)
[    1.738025] as3722-regulator as3722-regulator: regulator 13 register failed -517
[    1.748585] iommu: Adding device as3722-rtc to group 66
[    1.754160] iommu: Adding device as3722-adc to group 67
[    1.759678] iommu: Adding device as3722-power-off to group 68
[    1.765739] iommu: Adding device as3722-wdt to group 69
[    1.772809] tegra-ahci 70027000.sata: couldn't get PHY in node sata: -517
[    1.795173] m25p80 spi1.0: w25q32dw (4096 Kbytes)
[    1.802083] iommu: Adding device Fixed MDIO bus.0 to group 70
[    1.808280] libphy: Fixed MDIO Bus: probed
[    1.813291] CAN device driver interface
[    1.818065] bgmac_bcma: Broadcom 47xx GBit MAC driver loaded
[    1.825145] e1000e: Intel(R) PRO/1000 Network Driver - 3.2.6-k
[    1.830970] e1000e: Copyright(c) 1999 - 2015 Intel Corporation.
[    1.836940] igb: Intel(R) Gigabit Ethernet Network Driver - version 5.4.0-k
[    1.843907] igb: Copyright (c) 2007-2014 Intel Corporation.
[    1.853354] pegasus: v0.9.3 (2013/04/25), Pegasus/Pegasus II USB Ethernet driver
[    1.860777] usbcore: registered new interface driver pegasus
[    1.866488] usbcore: registered new interface driver asix
[    1.871907] usbcore: registered new interface driver ax88179_178a
[    1.878033] usbcore: registered new interface driver cdc_ether
[    1.883915] usbcore: registered new interface driver smsc75xx
[    1.889691] usbcore: registered new interface driver smsc95xx
[    1.895470] usbcore: registered new interface driver net1080
[    1.901151] usbcore: registered new interface driver cdc_subset
[    1.907108] usbcore: registered new interface driver zaurus
[    1.912728] usbcore: registered new interface driver cdc_ncm
[    1.918609] tegra-phy 7d000000.usb-phy: no vbus regulator
[    1.924221] tegra-phy 7d004000.usb-phy: no vbus regulator
[    1.931631] ehci_hcd: USB 2.0 'Enhanced' Host Controller (EHCI) Driver
[    1.938167] ehci-pci: EHCI PCI platform driver
[    1.942653] ehci-platform: EHCI generic platform driver
[    1.948083] ehci-orion: EHCI orion driver
[    1.952275] SPEAr-ehci: EHCI SPEAr driver
[    1.956421] ehci-st: EHCI STMicroelectronics driver
[    1.961432] ehci-exynos: EHCI EXYNOS driver
[    1.965792] ehci-atmel: EHCI Atmel driver
[    1.969934] tegra-ehci: Tegra EHCI driver
[    1.976801] tegra-ehci 7d004000.usb: EHCI Host Controller
[    1.982218] tegra-ehci 7d004000.usb: new USB bus registered, assigned bus number 1
[    1.990003] tegra-ehci 7d004000.usb: irq 355, io mem 0x7d004000
[    2.022309] tegra-ehci 7d004000.usb: USB 2.0 started, EHCI 1.10
[    2.028896] hub 1-0:1.0: USB hub found
[    2.032701] hub 1-0:1.0: 1 port detected
[    2.037179] ohci_hcd: USB 1.1 'Open' Host Controller (OHCI) Driver
[    2.043401] ohci-pci: OHCI PCI platform driver
[    2.047881] ohci-platform: OHCI generic platform driver
[    2.053317] SPEAr-ohci: OHCI SPEAr driver
[    2.057466] ohci-st: OHCI STMicroelectronics driver
[    2.062497] ohci-atmel: OHCI Atmel driver
[    2.067281] usbcore: registered new interface driver usb-storage
[    2.074860] iommu: Adding device ci_hdrc.0 to group 71
[    2.087078] as3722-rtc as3722-rtc: rtc core: registered as3722-rtc as rtc0
[    2.093969] as3722-rtc as3722-rtc: RTC interrupt 378
[    2.102379] tegra_rtc 7000e000.rtc: rtc core: registered 7000e000.rtc as rtc1
[    2.109548] tegra_rtc 7000e000.rtc: Tegra internal Real Time Clock
[    2.116303] i2c /dev entries driver
[    2.123723] IR NEC protocol handler initialized
[    2.128250] IR RC5(x/sz) protocol handler initialized
[    2.133311] IR RC6 protocol handler initialized
[    2.137834] IR JVC protocol handler initialized
[    2.142377] IR Sony protocol handler initialized
[    2.146987] IR SANYO protocol handler initialized
[    2.151683] IR Sharp protocol handler initialized
[    2.156396] IR MCE Keyboard/mouse protocol handler initialized
[    2.162219] IR XMP protocol handler initialized
[    2.169955] lm90 0-004c: 0-004c supply vcc not found, using dummy regulator
[    2.185142] iommu: Adding device cpufreq-tegra124 to group 72
[    2.193348] sdhci: Secure Digital Host Controller Interface driver
[    2.199519] sdhci: Copyright(c) Pierre Ossman
[    2.205585] Synopsys Designware Multimedia Card Interface Driver
[    2.212978] sdhci-pltfm: SDHCI platform and OF driver helper
[    2.219438] sdhci-tegra 700b0400.sdhci: Got CD GPIO
[    2.224350] sdhci-tegra 700b0400.sdhci: Got WP GPIO
[    2.245594] mmc0: Unknown controller version (3). You may experience problems.
[    2.252873] mmc0: Invalid maximum block size, assuming 512 bytes
[    2.322290] mmc0: SDHCI controller on 700b0600.sdhci [700b0600.sdhci] using ADMA
[    2.331843] ledtrig-cpu: registered to indicate activity on CPUs
[    2.338154] usbcore: registered new interface driver usbhid
[    2.343738] usbhid: USB HID core driver
[    2.351513] NET: Registered protocol family 10
[    2.356792] Segment Routing with IPv6
[    2.360512] sit: IPv6, IPv4 and MPLS over IPv4 tunneling driver
[    2.366953] NET: Registered protocol family 17
[    2.371399] can: controller area network core (rev 20170425 abi 9)
[    2.377644] NET: Registered protocol family 29
[    2.382082] can: raw protocol (rev 20170425)
[    2.386363] can: broadcast manager protocol (rev 20170425 t)
[    2.392020] can: netlink gateway (rev 20170425) max_hops=1
[    2.397792] Key type dns_resolver registered
[    2.402581] ThumbEE CPU extension supported.
[    2.406851] Registering SWP/SWPB emulation handler
[    2.426348] +3.3V_RUN: supplied by +3.3V_SYS
[    2.431938] +USB0_VBUS_SW: supplied by +5V_SYS
[    2.436665] +3.3V_AVDD_HDMI_AP_GATED: supplied by +3.3V_RUN
[    2.442735] +5V_USB_HS: supplied by +5V_SYS
[    2.448659] +3.3V_LP0: supplied by +3.3V_SYS
[    2.455123] +5V_HDMI_CON: supplied by +5V_SYS
[    2.460164] +5V_SATA: supplied by +5V_SYS
[    2.464895] +12V_SATA: supplied by +VDD_MUX
[    2.470954]  usb2-0: usb2-0 supply vbus not found, using dummy regulator
[    2.472751] mmc0: new high speed MMC card at address 0001
[    2.473536] mmcblk0: mmc0:0001 SEM16G 14.7 GiB 
[    2.473821] mmcblk0boot0: mmc0:0001 SEM16G partition 1 4.00 MiB
[    2.473975] mmcblk0boot1: mmc0:0001 SEM16G partition 2 4.00 MiB
[    2.474570] mmcblk0rpmb: mmc0:0001 SEM16G partition 3 4.00 MiB
[    2.479852]  mmcblk0: p1
[    2.508026]  usb2-1: usb2-1 supply vbus not found, using dummy regulator
[    2.515070]  usb3-0: usb3-0 supply vbus not found, using dummy regulator
[    2.523056] tegra-pcie 1003000.pcie: 2x1, 1x1 configuration
[    2.528692] tegra-pcie 1003000.pcie: Failed to get supply 'avddio-pex': -517
[    2.538365] tegra124-dfll 70110000.clock: couldn't get vdd_cpu regulator
[    2.548946] tegra-hdmi 54280000.hdmi: failed to get PLL regulator
[    2.559999] as3722-sd2: supplied by +5V_SYS
[    2.564567] as3722-sd3: supplied by +5V_SYS
[    2.568963] as3722-sd4: supplied by +5V_SYS
[    2.573494] as3722-sd5: supplied by +5V_SYS
[    2.579351] as3722-ldo0: supplied by +1.35V_LP0(sd2)
[    2.585191] as3722-ldo1: supplied by +3.3V_RUN
[    2.589959] as3722-ldo2: supplied by +1.8V_VDDIO
[    2.595671] as3722-ldo3: supplied by +3.3V_SYS
[    2.600959] as3722-ldo4: supplied by +3.3V_SYS
[    2.605755] as3722-ldo5: supplied by +1.8V_VDDIO
[    2.610614] as3722-ldo6: supplied by +3.3V_RUN
[    2.615306] as3722-ldo7: supplied by +1.8V_VDDIO
[    2.620644] +1.05V_RUN_CAM_REAR: Bringing 0uV into 1050000-1050000uV
[    2.627820] as3722-ldo9: supplied by +5V_SYS
[    2.633420] +3.3V_RUN_TOUCH: Bringing 0uV into 2800000-2800000uV
[    2.639967] as3722-ldo10: supplied by +5V_SYS
[    2.644937] +2.8V_RUN_CAM_AF: Bringing 0uV into 2800000-2800000uV
[    2.651733] as3722-ldo11: supplied by +3.3V_RUN
[    2.657074] +1.8V_RUN_VPP_FUSE: Bringing 0uV into 1800000-1800000uV
[    2.667149] tegra-ahci 70027000.sata: AHCI 0001.0301 32 slots 2 ports 3 Gbps 0x1 impl platform mode
[    2.676224] tegra-ahci 70027000.sata: flags: 64bit ncq sntf pm led pio slum part sadm sds apst 
[    2.686673] scsi host0: tegra-ahci
[    2.691188] scsi host1: tegra-ahci
[    2.694860] ata1: SATA max UDMA/133 mmio [mem 0x70027000-0x70028fff] port 0x100 irq 345
[    2.702873] ata2: DUMMY
[    2.708843] tegra-ehci 7d008000.usb: EHCI Host Controller
[    2.714294] tegra-ehci 7d008000.usb: new USB bus registered, assigned bus number 2
[    2.722026] tegra-ehci 7d008000.usb: irq 356, io mem 0x7d008000
[    2.752385] tegra-ehci 7d008000.usb: USB 2.0 started, EHCI 1.10
[    2.759334] hub 2-0:1.0: USB hub found
[    2.763190] hub 2-0:1.0: 1 port detected
[    2.769684] sdhci-tegra 700b0400.sdhci: Got CD GPIO
[    2.774638] sdhci-tegra 700b0400.sdhci: Got WP GPIO
[    2.786492] mmc1: Unknown controller version (3). You may experience problems.
[    2.793843] mmc1: Invalid maximum block size, assuming 512 bytes
[    2.862819] mmc1: SDHCI controller on 700b0400.sdhci [700b0400.sdhci] using ADMA
[    2.870974] tegra-pcie 1003000.pcie: 2x1, 1x1 configuration
[    2.879837] tegra-pcie 1003000.pcie: probing port 0, using 2 lanes
[    2.888244] tegra-pcie 1003000.pcie: Slot present pin change, signature: 00000008
[    2.912419] tegra-pcie 1003000.pcie: probing port 1, using 1 lanes
[    2.920760] tegra-pcie 1003000.pcie: Slot present pin change, signature: 00000000
[    2.934534] tegra-pcie 1003000.pcie: PCI host bridge to bus 0000:00
[    2.940812] pci_bus 0000:00: root bus resource [io  0x0000-0xffff]
[    2.947038] pci_bus 0000:00: root bus resource [mem 0x13000000-0x1fffffff]
[    2.953948] pci_bus 0000:00: root bus resource [mem 0x20000000-0x3fffffff pref]
[    2.961263] pci_bus 0000:00: root bus resource [bus 00-ff]
[    2.966828] pci 0000:00:01.0: [10de:0e12] type 01 class 0x060400
[    2.972898] pci_bus 0000:00: 2-byte config write to 0000:00:01.0 offset 0x4 may corrupt adjacent RW1C bits
[    2.982592] pci_bus 0000:00: 2-byte config write to 0000:00:01.0 offset 0x4 may corrupt adjacent RW1C bits
[    2.992324] pci 0000:00:01.0: enabling Extended Tags
[    2.997304] pci_bus 0000:00: 2-byte config write to 0000:00:01.0 offset 0x88 may corrupt adjacent RW1C bits
[    3.007100] pci_bus 0000:00: 2-byte config write to 0000:00:01.0 offset 0x52 may corrupt adjacent RW1C bits
[    3.016908] pci 0000:00:01.0: PME# supported from D0 D1 D2 D3hot D3cold
[    3.023567] pci_bus 0000:00: 2-byte config write to 0000:00:01.0 offset 0x4c may corrupt adjacent RW1C bits
[    3.033612] pci 0000:00:02.0: [10de:0e13] type 01 class 0x060400
[    3.036039] ata1: SATA link down (SStatus 0 SControl 300)
[    3.045067] pci_bus 0000:00: 2-byte config write to 0000:00:02.0 offset 0x4 may corrupt adjacent RW1C bits
[    3.054729] pci_bus 0000:00: 2-byte config write to 0000:00:02.0 offset 0x4 may corrupt adjacent RW1C bits
[    3.064446] pci 0000:00:02.0: enabling Extended Tags
[    3.069414] pci_bus 0000:00: 2-byte config write to 0000:00:02.0 offset 0x88 may corrupt adjacent RW1C bits
[    3.079182] pci_bus 0000:00: 2-byte config write to 0000:00:02.0 offset 0x52 may corrupt adjacent RW1C bits
[    3.088963] pci 0000:00:02.0: PME# supported from D0 D1 D2 D3hot D3cold
[    3.095589] pci_bus 0000:00: 2-byte config write to 0000:00:02.0 offset 0x4c may corrupt adjacent RW1C bits
[    3.105613] PCI: bus0: Fast back to back transfers disabled
[    3.111190] pci 0000:00:01.0: bridge configuration invalid ([bus 00-00]), reconfiguring
[    3.119235] pci 0000:00:02.0: bridge configuration invalid ([bus 00-00]), reconfiguring
[    3.127442] pci 0000:01:00.0: [8086:4232] type 00 class 0x028000
[    3.133528] pci 0000:01:00.0: reg 0x10: [mem 0x00000000-0x00001fff 64bit]
[    3.140503] pci 0000:01:00.0: PME# supported from D0 D3hot D3cold
[    3.161690] mmc1: new high speed SDHC card at address aaaa
[    3.167915] mmcblk1: mmc1:aaaa SD04G 3.69 GiB 
[    3.172703] PCI: bus1: Fast back to back transfers disabled
[    3.178301] pci_bus 0000:01: busn_res: [bus 01-ff] end is updated to 01
[    3.185152] pci 0000:02:00.0: [10ec:8168] type 00 class 0x020000
[    3.191199] pci 0000:02:00.0: reg 0x10: [io  0x0000-0x00ff]
[    3.196829] pci 0000:02:00.0: reg 0x18: [mem 0x00000000-0x00000fff 64bit]
[    3.203646] pci 0000:02:00.0: reg 0x20: [mem 0x00000000-0x00003fff 64bit pref]
[    3.210997] pci 0000:02:00.0: supports D1 D2
[    3.215281] pci 0000:02:00.0: PME# supported from D0 D1 D2 D3hot D3cold
[    3.235434]  mmcblk1: p1 p2 p3
[    3.242381] PCI: bus2: Fast back to back transfers disabled
[    3.247969] pci_bus 0000:02: busn_res: [bus 02-ff] end is updated to 02
[    3.254668] pci 0000:00:01.0: BAR 8: assigned [mem 0x13000000-0x130fffff]
[    3.261452] pci 0000:00:02.0: BAR 8: assigned [mem 0x13100000-0x131fffff]
[    3.268280] pci 0000:00:02.0: BAR 9: assigned [mem 0x20000000-0x200fffff 64bit pref]
[    3.276037] pci 0000:00:02.0: BAR 7: assigned [io  0x1000-0x1fff]
[    3.282130] pci 0000:01:00.0: BAR 0: assigned [mem 0x13000000-0x13001fff 64bit]
[    3.289498] pci 0000:00:01.0: PCI bridge to [bus 01]
[    3.294484] pci 0000:00:01.0:   bridge window [mem 0x13000000-0x130fffff]
[    3.301282] pci 0000:02:00.0: BAR 4: assigned [mem 0x20000000-0x20003fff 64bit pref]
[    3.309081] pci 0000:02:00.0: BAR 2: assigned [mem 0x13100000-0x13100fff 64bit]
[    3.316422] pci 0000:02:00.0: BAR 0: assigned [io  0x1000-0x10ff]
[    3.322534] pci 0000:00:02.0: PCI bridge to [bus 02]
[    3.327501] pci 0000:00:02.0:   bridge window [io  0x1000-0x1fff]
[    3.333630] pci 0000:00:02.0:   bridge window [mem 0x13100000-0x131fffff]
[    3.340412] pci 0000:00:02.0:   bridge window [mem 0x20000000-0x200fffff 64bit pref]
[    3.348216] pci 0000:00:01.0: nv_msi_ht_cap_quirk didn't locate host bridge
[    3.355333] pcieport 0000:00:01.0: enabling device (0140 -> 0142)
[    3.361672] pcieport 0000:00:01.0: Signaling PME with IRQ 394
[    3.367617] pci 0000:00:02.0: nv_msi_ht_cap_quirk didn't locate host bridge
[    3.374718] pcieport 0000:00:02.0: enabling device (0140 -> 0143)
[    3.381037] pcieport 0000:00:02.0: Signaling PME with IRQ 395
[    3.387216] r8169 Gigabit Ethernet driver 2.3LK-NAPI loaded
[    3.392835] r8169 0000:02:00.0: enabling device (0140 -> 0143)
[    3.423892] r8169 0000:02:00.0 eth0: RTL8168g/8111g at 0xf0b81000, 00:04:4b:3a:d9:81, XID 0c000800 IRQ 396
[    3.433582] r8169 0000:02:00.0 eth0: jumbo features [frames: 9200 bytes, tx checksumming: ko]
[    3.445995] +1.05V_RUN_AVDD_HDMI_PLL: supplied by +1.05V_RUN
[    3.454373] [drm] Supports vblank timestamp caching Rev 2 (21.10.2013).
[    3.460988] [drm] No driver support for vblank timestamp query.
[    3.592181] tegra-hdmi 54280000.hdmi: cannot set audio to 48000 Hz at 297000000 Hz pixel clock
[    3.838830] Console: switching to colour frame buffer device 512x135
[    3.937431] drm drm: fb0:  frame buffer device
[    3.941959] [drm] Initialized tegra 0.0.0 20120330 for drm on minor 0
[    3.949601] iommu: Adding device cpufreq-dt.0 to group 73
[    3.955381] cpufreq: cpufreq_online: CPU0: Running at unlisted freq: 696000 KHz
[    3.962711] cpufreq: cpufreq_online: CPU0: Unlisted initial frequency changed to: 714000 KHz
[    3.971775] input: gpio-keys as /devices/soc0/gpio-keys/input/input0
[    3.979069] as3722-rtc as3722-rtc: setting system clock to 2000-01-01 00:02:09 UTC (946684929)
[    3.988014] +USB0_VBUS_SW: disabling
[    3.991589] +1.8V_RUN_CAM: disabling
[    3.995400] +2.8V_RUN_CAM: disabling
[    3.999168] +1.2V_RUN_CAM_FRONT: disabling
[    4.003519] +1.05V_RUN_CAM_REAR: disabling
[    4.007767] +3.3V_RUN_TOUCH: disabling
[    4.011665] +2.8V_RUN_CAM_AF: disabling
[    4.015722] +1.8V_RUN_VPP_FUSE: disabling
[    4.020798] EXT4-fs (mmcblk0p1): mounting ext3 file system using the ext4 subsystem
[    4.067886] EXT4-fs (mmcblk0p1): recovery complete
[    4.073665] EXT4-fs (mmcblk0p1): mounted filesystem with ordered data mode. Opts: (null)
[    4.081767] VFS: Mounted root (ext3 filesystem) on device 179:1.
[    4.092078] devtmpfs: mounted
[    4.095706] Freeing unused kernel memory: 2048K
bash: cannot set terminal process group (-1): Inappropriate ioctl for device
bash: no job control in this shell
root@(none):/# 