
U-Boot SPL 2014.01-00219-gc4d376f (Feb 18 2014 - 19:57:18)


U-Boot 2014.01-00219-gc4d376f (Feb 18 2014 - 19:57:18)

TEGRA30
Board: NVIDIA Beaver
I2C:   ready
DRAM:  2 GiB
MMC:   Tegra SD/MMC: 0, Tegra SD/MMC: 1
In:    serial
Out:   serial
Err:   serial
Net:   Net Initialization Skipped
No ethernet found.
Hit any key to stop autoboot:  2  0 
Tegra30 (Beaver) # 
Tegra30 (Beaver) # usb reset
(Re)start USB...
USB0:   USB EHCI 1.00
scanning bus 0 for devices... 2 USB Device(s) found
       scanning usb for storage devices... 0 Storage Device(s) found
       scanning usb for ethernet devices... 
Warning: asx0 using MAC address from net device
1 Ethernet Device(s) found
Tegra30 (Beaver) # setenv bootargs 'ignore_loglevel console=ttyS0,115200n8 rw root=/dev/mmcblk0p1 rootwait gpt debug init=/bin/bash noinitrd'
Tegra30 (Beaver) # setenv ipaddr 192.168.100.101; setenv serverip 192.168.100.1; setenv tftpserverip 192.168.100.1
Tegra30 (Beaver) # tftpboot 0x81000000 zImage.multi_v7_defconfig
Using asx0 device
TFTP from server 192.168.100.1; our IP address is 192.168.100.101
Filename 'zImage.multi_v7_defconfig'.
Load address: 0x81000000
Loading: *#################################################################
	 #################################################################
	 #################################################################
	 #################################################################
	 #################################################################
	 #################################################################
	 ################################################
	 3.3 MiB/s
done
Bytes transferred = 6423848 (620528 hex)
Tegra30 (Beaver) # tftpboot 0x82000000 tegra30-beaver.dtb
Using asx0 device
TFTP from server 192.168.100.1; our IP address is 192.168.100.101
Filename 'tegra30-beaver.dtb'.
Load address: 0x82000000
Loading: *####
	 3.1 MiB/s
done
Bytes transferred = 51539 (c953 hex)
Tegra30 (Beaver) # bootz 0x81000000 - 0x82000000
Kernel image @ 0x81000000 [ 0x000000 - 0x620528 ]
## Flattened Device Tree blob at 82000000
   Booting using the fdt blob at 0x82000000
   Loading Device Tree to 8fff0000, end 8ffff952 ... OK

Starting kernel ...

[    0.000000] Booting Linux on physical CPU 0x0
[    0.000000] Linux version 4.3.0-rc6-41312-g7379047 (pwalmsley@sellafield) (gcc version 4.7.3 20130328 (prerelease) (crosstool-NG linaro-1.13.1-4.7-2013.04-20130415 - Linaro GCC 2013.04) ) #1 SMP Sun Oct 18 16:33:04 PDT 2015
[    0.000000] CPU: ARMv7 Processor [412fc099] revision 9 (ARMv7), cr=10c5387d
[    0.000000] CPU: PIPT / VIPT nonaliasing data cache, VIPT aliasing instruction cache
[    0.000000] Machine model: NVIDIA Tegra30 Beaver evaluation board
[    0.000000] debug: ignoring loglevel setting.
[    0.000000] cma: Reserved 64 MiB at 0xfb800000
[    0.000000] Memory policy: Data cache writealloc
[    0.000000] On node 0 totalpages: 524032
[    0.000000] free_area_init_node: node 0, pgdat c0f76ec0, node_mem_map ee7f8000
[    0.000000]   DMA zone: 1520 pages used for memmap
[    0.000000]   DMA zone: 0 pages reserved
[    0.000000]   DMA zone: 194560 pages, LIFO batch:31
[    0.000000]   HighMem zone: 329472 pages, LIFO batch:31
[    0.000000] PERCPU: Embedded 12 pages/cpu @ee793000 s19136 r8192 d21824 u49152
[    0.000000] pcpu-alloc: s19136 r8192 d21824 u49152 alloc=12*4096
[    0.000000] pcpu-alloc: [0] 0 [0] 1 [0] 2 [0] 3 
[    0.000000] Built 1 zonelists in Zone order, mobility grouping on.  Total pages: 522512
[    0.000000] Kernel command line: ignore_loglevel console=ttyS0,115200n8 rw root=/dev/mmcblk0p1 rootwait gpt debug init=/bin/bash noinitrd
[    0.000000] PID hash table entries: 4096 (order: 2, 16384 bytes)
[    0.000000] Dentry cache hash table entries: 131072 (order: 7, 524288 bytes)
[    0.000000] Inode-cache hash table entries: 65536 (order: 6, 262144 bytes)
[    0.000000] Memory: 1998816K/2096128K available (8099K kernel code, 1011K rwdata, 3624K rodata, 1024K init, 340K bss, 31776K reserved, 65536K cma-reserved, 1252352K highmem)
[    0.000000] Virtual kernel memory layout:
[    0.000000]     vector  : 0xffff0000 - 0xffff1000   (   4 kB)
[    0.000000]     fixmap  : 0xffc00000 - 0xfff00000   (3072 kB)
[    0.000000]     vmalloc : 0xf0000000 - 0xff000000   ( 240 MB)
[    0.000000]     lowmem  : 0xc0000000 - 0xef800000   ( 760 MB)
[    0.000000]     pkmap   : 0xbfe00000 - 0xc0000000   (   2 MB)
[    0.000000]     modules : 0xbf000000 - 0xbfe00000   (  14 MB)
[    0.000000]       .text : 0xc0208000 - 0xc0d7bd40   (11728 kB)
[    0.000000]       .init : 0xc0d7c000 - 0xc0e7c000   (1024 kB)
[    0.000000]       .data : 0xc0e7c000 - 0xc0f78ea0   (1012 kB)
[    0.000000]        .bss : 0xc0f7b000 - 0xc0fd02a8   ( 341 kB)
[    0.000000] SLUB: HWalign=64, Order=0-3, MinObjects=0, CPUs=4, Nodes=1
[    0.000000] Hierarchical RCU implementation.
[    0.000000] 	Build-time adjustment of leaf fanout to 32.
[    0.000000] 	RCU restricting CPUs from NR_CPUS=16 to nr_cpu_ids=4.
[    0.000000] RCU: Adjusting geometry for rcu_fanout_leaf=32, nr_cpu_ids=4
[    0.000000] NR_IRQS:16 nr_irqs:16 16
[    0.000000] /interrupt-controller@60004000: 160 interrupts forwarded to /interrupt-controller@50041000
[    0.000000] L2C: platform modifies aux control register: 0x02080000 -> 0x3e480001
[    0.000000] L2C: DT/platform modifies aux control register: 0x02080000 -> 0x3e480001
[    0.000000] L2C-310 erratum 769419 enabled
[    0.000000] L2C-310 enabling early BRESP for Cortex-A9
[    0.000000] L2C-310: enabling full line of zeros but not enabled in Cortex-A9
[    0.000000] L2C-310 dynamic clock gating enabled, standby mode enabled
[    0.000000] L2C-310 cache controller enabled, 8 ways, 1024 kB
[    0.000000] L2C-310: CACHE_ID 0x410000c7, AUX_CTRL 0x4e480001
[    0.000013] sched_clock: 32 bits at 1000kHz, resolution 1000ns, wraps every 2147483647500ns
[    0.000031] clocksource: timer_us: mask: 0xffffffff max_cycles: 0xffffffff, max_idle_ns: 1911260446275 ns
[    0.000040] Switching to timer-based delay loop, resolution 1000ns
[    0.002590] Console: colour dummy device 80x30
[    0.002614] Calibrating delay loop (skipped), value calculated using timer frequency.. 2.00 BogoMIPS (lpj=5000)
[    0.002623] pid_max: default: 32768 minimum: 301
[    0.002710] Mount-cache hash table entries: 2048 (order: 1, 8192 bytes)
[    0.002717] Mountpoint-cache hash table entries: 2048 (order: 1, 8192 bytes)
[    0.003132] CPU: Testing write buffer coherency: ok
[    0.003414] CPU0: thread -1, cpu 0, socket 0, mpidr 80000000
[    0.003486] Setting up static identity map for 0x80209000 - 0x80209098
[    0.005756] Tegra Revision: A03 SKU: 128 CPU Process: 4 SoC Process: 0
[    0.006969] CPU1: thread -1, cpu 1, socket 0, mpidr 80000001
[    0.007609] CPU2: thread -1, cpu 2, socket 0, mpidr 80000002
[    0.008237] CPU3: thread -1, cpu 3, socket 0, mpidr 80000003
[    0.008275] Brought up 4 CPUs
[    0.008288] SMP: Total of 4 processors activated (8.00 BogoMIPS).
[    0.008292] CPU: All CPU(s) started in SVC mode.
[    0.008882] devtmpfs: initialized
[    0.017212] VFP support v0.3: implementor 41 architecture 3 part 30 variant 9 rev 4
[    0.017928] clocksource: jiffies: mask: 0xffffffff max_cycles: 0xffffffff, max_idle_ns: 9556302231375000 ns
[    0.021478] pinctrl core: initialized pinctrl subsystem
[    0.022941] NET: Registered protocol family 16
[    0.025101] DMA: preallocated 256 KiB pool for atomic coherent allocations
[    0.039936] cpuidle: using governor ladder
[    0.054928] cpuidle: using governor menu
[    0.058263] gpiochip_add: GPIOs 0..255 (tegra-gpio) failed to register
[    0.062181] No ATAGs?
[    0.062211] hw-breakpoint: found 5 (+1 reserved) breakpoint and 1 watchpoint registers.
[    0.062217] hw-breakpoint: maximum watchpoint size is 4 bytes.
[    0.064837] Serial: AMBA PL011 UART driver
[    0.065830] tegra-mc 7000f000.memory-controller: no memory timings for RAM code 3 registered
[    0.089591] vgaarb: loaded
[    0.090076] SCSI subsystem initialized
[    0.090193] libata version 3.00 loaded.
[    0.090388] usbcore: registered new interface driver usbfs
[    0.090433] usbcore: registered new interface driver hub
[    0.090468] usbcore: registered new device driver usb
[    0.146698] pps_core: LinuxPPS API ver. 1 registered
[    0.146706] pps_core: Software ver. 5.3.6 - Copyright 2005-2007 Rodolfo Giometti <giometti@linux.it>
[    0.146722] PTP clock support registered
[    0.146870] EDAC MC: Ver: 3.0.0
[    0.148422] clocksource: Switched to clocksource timer_us
[    0.154484] NET: Registered protocol family 2
[    0.154882] TCP established hash table entries: 8192 (order: 3, 32768 bytes)
[    0.154938] TCP bind hash table entries: 8192 (order: 4, 65536 bytes)
[    0.155016] TCP: Hash tables configured (established 8192 bind 8192)
[    0.155097] UDP hash table entries: 512 (order: 2, 16384 bytes)
[    0.155154] UDP-Lite hash table entries: 512 (order: 2, 16384 bytes)
[    0.155327] NET: Registered protocol family 1
[    0.155611] RPC: Registered named UNIX socket transport module.
[    0.155618] RPC: Registered udp transport module.
[    0.155622] RPC: Registered tcp transport module.
[    0.155626] RPC: Registered tcp NFSv4.1 backchannel transport module.
[    0.155644] PCI: CLS 0 bytes, default 64
[    0.156370] hw perfevents: enabled with armv7_cortex_a9 PMU driver, 7 counters available
[    0.157301] futex hash table entries: 1024 (order: 4, 65536 bytes)
[    0.163184] squashfs: version 4.0 (2009/01/31) Phillip Lougher
[    0.163726] NFS: Registering the id_resolver key type
[    0.163763] Key type id_resolver registered
[    0.163767] Key type id_legacy registered
[    0.163811] ntfs: driver 2.1.32 [Flags: R/O].
[    0.164621] bounce: pool size: 64 pages
[    0.164747] Block layer SCSI generic (bsg) driver version 0.4 loaded (major 249)
[    0.164760] io scheduler noop registered
[    0.164768] io scheduler deadline registered
[    0.164790] io scheduler cfq registered (default)
[    0.169796] tegra30-pinctrl 70000868.pinmux: invalid group "sdmmc3_dat6_pd3" for function "rsvd1"
[    0.169811] tegra30-pinctrl 70000868.pinmux: invalid group "sdmmc3_dat7_pd4" for function "rsvd1"
[    0.169826] tegra30-pinctrl 70000868.pinmux: invalid group "vi_vsync_pd6" for function "rsvd1"
[    0.169836] tegra30-pinctrl 70000868.pinmux: invalid group "vi_hsync_pd7" for function "rsvd1"
[    0.170299] tegra30-pinctrl 70000868.pinmux: invalid group "hdmi_int_pn7" for function "rsvd1"
[    0.170343] tegra30-pinctrl 70000868.pinmux: invalid group "ulpi_data3_po4" for function "rsvd1"
[    0.170675] tegra30-pinctrl 70000868.pinmux: invalid group "vi_d10_pt2" for function "rsvd1"
[    0.170687] tegra30-pinctrl 70000868.pinmux: invalid group "vi_d11_pt3" for function "rsvd1"
[    0.170701] tegra30-pinctrl 70000868.pinmux: invalid group "vi_d0_pt4" for function "rsvd1"
[    0.170750] tegra30-pinctrl 70000868.pinmux: invalid group "pu0" for function "rsvd1"
[    0.170781] tegra30-pinctrl 70000868.pinmux: invalid group "pu3" for function "rsvd1"
[    0.170812] tegra30-pinctrl 70000868.pinmux: invalid group "pu6" for function "rsvd1"
[    0.170854] tegra30-pinctrl 70000868.pinmux: invalid group "pv3" for function "rsvd1"
[    0.171346] tegra30-pinctrl 70000868.pinmux: invalid group "pbb0" for function "rsvd1"
[    0.171462] tegra30-pinctrl 70000868.pinmux: invalid group "pcc1" for function "rsvd1"
[    0.175630] tegra-pcie 3000.pcie-controller: 2x3 configuration
[    0.175736] vdd_1v5_gen: supplied by vdd_5v_in
[    0.175780] vdd_pexa,vdd_pexb: supplied by vdd_1v5_gen
[    0.175883] tegra-pcie 3000.pcie-controller: Failed to get supply 'hvdd-pex': -517
[    0.179684] tegra-apbdma 6000a000.dma: Tegra20 APB DMA driver register 32 channels
[    0.180564] tegra-pmc 7000e400.pmc: i2c-thermtrip node not found, emergency thermal reset disabled.
[    0.213371] Serial: 8250/16550 driver, 4 ports, IRQ sharing disabled
[    0.215022] SuperH (H)SCI(F) driver initialized
[    0.215560] msm_serial: driver initialized
[    0.216177] console [ttyS0] disabled
[    0.216213] 70006000.serial: ttyS0 at MMIO 0x70006000 (irq = 75, base_baud = 25500000) is a Tegra
[    1.093234] console [ttyS0] enabled
[    1.097189] STMicroelectronics ASC driver initialized
[    1.103776] [drm] Initialized drm 1.1.0 20060810
[    1.109879] tegra-hdmi 54280000.hdmi: failed to get HDMI regulator
[    1.121322] loop: module loaded
[    1.128847] m25p80 spi32766.1: w25q32 (4096 Kbytes)
[    1.135499] CAN device driver interface
[    1.140100] igb: Intel(R) Gigabit Ethernet Network Driver - version 5.3.0-k
[    1.147055] igb: Copyright (c) 2007-2014 Intel Corporation.
[    1.154277] pegasus: v0.9.3 (2013/04/25), Pegasus/Pegasus II USB Ethernet driver
[    1.161711] usbcore: registered new interface driver pegasus
[    1.167399] usbcore: registered new interface driver asix
[    1.172826] usbcore: registered new interface driver ax88179_178a
[    1.178940] usbcore: registered new interface driver cdc_ether
[    1.184801] usbcore: registered new interface driver smsc75xx
[    1.190575] usbcore: registered new interface driver smsc95xx
[    1.196345] usbcore: registered new interface driver net1080
[    1.202024] usbcore: registered new interface driver cdc_subset
[    1.207963] usbcore: registered new interface driver zaurus
[    1.213592] usbcore: registered new interface driver cdc_ncm
[    1.220718] ehci_hcd: USB 2.0 'Enhanced' Host Controller (EHCI) Driver
[    1.227252] ehci-pci: EHCI PCI platform driver
[    1.231722] ehci-platform: EHCI generic platform driver
[    1.237074] ehci-omap: OMAP-EHCI Host Controller driver
[    1.242388] ehci-orion: EHCI orion driver
[    1.246472] SPEAr-ehci: EHCI SPEAr driver
[    1.250559] ehci-st: EHCI STMicroelectronics driver
[    1.255509] ehci-exynos: EHCI EXYNOS driver
[    1.259780] ehci-atmel: EHCI Atmel driver
[    1.263865] tegra-ehci: Tegra EHCI driver
[    1.268182] ohci_hcd: USB 1.1 'Open' Host Controller (OHCI) Driver
[    1.274374] ohci-pci: OHCI PCI platform driver
[    1.278849] ohci-platform: OHCI generic platform driver
[    1.284175] ohci-omap3: OHCI OMAP3 driver
[    1.288249] SPEAr-ohci: OHCI SPEAr driver
[    1.292336] ohci-st: OHCI STMicroelectronics driver
[    1.297289] ohci-atmel: OHCI Atmel driver
[    1.301424] usbcore: registered new interface driver usb-storage
[    1.308333] mousedev: PS/2 mouse device common for all mice
[    1.316056] tegra_rtc 7000e000.rtc: rtc core: registered 7000e000.rtc as rtc1
[    1.323218] tegra_rtc 7000e000.rtc: Tegra internal Real Time Clock
[    1.341937] tps65910-rtc tps65910-rtc: rtc core: registered tps65910-rtc as rtc0
[    1.349518] i2c /dev entries driver
[    1.357921] sdhci: Secure Digital Host Controller Interface driver
[    1.364103] sdhci: Copyright(c) Pierre Ossman
[    1.369368] Synopsys Designware Multimedia Card Interface Driver
[    1.376025] sdhci-pltfm: SDHCI platform and OF driver helper
[    1.383366] sdhci-tegra 78000600.sdhci: No vmmc regulator found
[    1.389294] sdhci-tegra 78000600.sdhci: No vqmmc regulator found
[    1.395294] mmc0: Invalid maximum block size, assuming 512 bytes
[    1.433432] mmc0: SDHCI controller on 78000600.sdhci [78000600.sdhci] using ADMA
[    1.441651] ledtrig-cpu: registered to indicate activity on CPUs
[    1.447798] usbcore: registered new interface driver usbhid
[    1.453365] usbhid: USB HID core driver
[    1.461906] NET: Registered protocol family 10
[    1.468976] sit: IPv6 over IPv4 tunneling driver
[    1.474039] NET: Registered protocol family 17
[    1.478503] can: controller area network core (rev 20120528 abi 9)
[    1.486719] NET: Registered protocol family 29
[    1.491169] can: raw protocol (rev 20120528)
[    1.497444] can: broadcast manager protocol (rev 20120528 t)
[    1.503107] can: netlink gateway (rev 20130117) max_hops=1
[    1.510879] Key type dns_resolver registered
[    1.515540] ThumbEE CPU extension supported.
[    1.521827] Registering SWP/SWPB emulation handler
[    1.545415] tegra-pcie 3000.pcie-controller: 2x3 configuration
[    1.551398] sys_3v3,vdd_3v3_alw: supplied by vdd_5v_in
[    1.556575] sys_3v3_pexs: supplied by sys_3v3,vdd_3v3_alw
[    1.565367] tegra-pcie 3000.pcie-controller: probing port 0, using 2 lanes
[    1.605089] mmc0: new high speed MMC card at address 0001
[    1.612098] mmcblk0: mmc0:0001 SEM16G 14.8 GiB 
[    1.617925] mmcblk0boot0: mmc0:0001 SEM16G partition 1 1.00 MiB
[    1.625212] mmcblk0boot1: mmc0:0001 SEM16G partition 2 1.00 MiB
[    1.630548] tegra-pcie 3000.pcie-controller: probing port 2, using 2 lanes
[    1.639610] mmcblk0rpmb: mmc0:0001 SEM16G partition 3 128 KiB
[    1.653153] Primary GPT is invalid, using alternate GPT.
[    1.658481]  mmcblk0: p1 p2 p3 p4 p5
[    2.033572] tegra-pcie 3000.pcie-controller: link 2 down, retrying
[    2.443671] tegra-pcie 3000.pcie-controller: link 2 down, retrying
[    2.852994] tegra-pcie 3000.pcie-controller: link 2 down, retrying
[    2.861184] tegra-pcie 3000.pcie-controller: link 2 down, ignoring
[    2.867493] tegra-pcie 3000.pcie-controller: PCI host bridge to bus 0000:00
[    2.874455] pci_bus 0000:00: root bus resource [mem 0x20000000-0x27ffffff]
[    2.881321] pci_bus 0000:00: root bus resource [mem 0x28000000-0x3fffffff pref]
[    2.888620] pci_bus 0000:00: root bus resource [bus 00-ff]
[    2.894097] pci_bus 0000:00: root bus resource [io  0x1000-0xffff]
[    2.900289] pci 0000:00:01.0: [10de:0e1c] type 01 class 0x060400
[    2.906347] pci 0000:00:01.0: PME# supported from D0 D1 D2 D3hot D3cold
[    2.913098] PCI: bus0: Fast back to back transfers disabled
[    2.918668] pci 0000:00:01.0: bridge configuration invalid ([bus 00-00]), reconfiguring
[    2.926768] pci 0000:01:00.0: [10ec:8168] type 00 class 0x020000
[    2.932798] pci 0000:01:00.0: reg 0x10: [io  0x0000-0x00ff]
[    2.938378] pci 0000:01:00.0: reg 0x18: [mem 0x00000000-0x00000fff 64bit pref]
[    2.945598] pci 0000:01:00.0: reg 0x20: [mem 0x00000000-0x00003fff 64bit pref]
[    2.952856] pci 0000:01:00.0: supports D1 D2
[    2.957121] pci 0000:01:00.0: PME# supported from D0 D1 D2 D3hot D3cold
[    2.973447] PCI: bus1: Fast back to back transfers disabled
[    2.979018] pci_bus 0000:01: busn_res: [bus 01-ff] end is updated to 01
[    2.985683] pci 0000:00:01.0: BAR 9: assigned [mem 0x28000000-0x280fffff 64bit pref]
[    2.993419] pci 0000:00:01.0: BAR 7: assigned [io  0x1000-0x1fff]
[    2.999508] pci 0000:01:00.0: BAR 4: assigned [mem 0x28000000-0x28003fff 64bit pref]
[    3.007250] pci 0000:01:00.0: BAR 2: assigned [mem 0x28004000-0x28004fff 64bit pref]
[    3.014990] pci 0000:01:00.0: BAR 0: assigned [io  0x1000-0x10ff]
[    3.021077] pci 0000:00:01.0: PCI bridge to [bus 01]
[    3.026036] pci 0000:00:01.0:   bridge window [io  0x1000-0x1fff]
[    3.032121] pci 0000:00:01.0:   bridge window [mem 0x28000000-0x280fffff 64bit pref]
[    3.039867] pci 0000:00:01.0: nv_msi_ht_cap_quirk didn't locate host bridge
[    3.046910] pcieport 0000:00:01.0: enabling device (0140 -> 0143)
[    3.053137] pcieport 0000:00:01.0: Signaling PME through PCIe PME interrupt
[    3.060093] pci 0000:01:00.0: Signaling PME through PCIe PME interrupt
[    3.066614] pcie_pme 0000:00:01.0:pcie01: service driver pcie_pme loaded
[    3.073479] r8169 Gigabit Ethernet driver 2.3LK-NAPI loaded
[    3.079061] r8169 0000:01:00.0: enabling device (0140 -> 0143)
[    3.086176] r8169 0000:01:00.0 eth0: RTL8168evl/8111evl at 0xf007e000, 02:04:4b:01:60:a6, XID 0c900800 IRQ 375
[    3.096177] r8169 0000:01:00.0 eth0: jumbo features [frames: 9200 bytes, tx checksumming: ko]
[    3.105479] +VDD_5V_HDMI: supplied by sys_3v3,vdd_3v3_alw
[    3.110972] vdd_1v8_gen: supplied by vdd_5v_in
[    3.117193] [drm] Supports vblank timestamp caching Rev 2 (21.10.2013).
[    3.123819] [drm] No driver support for vblank timestamp query.
[    3.129761] drm drm: No connectors reported connected with modes
[    3.135771] [drm] Cannot find any crtc or sizes - going 1024x768
[    3.161695] Console: switching to colour frame buffer device 128x48
[    3.174219] drm drm: fb0:  frame buffer device
[    3.193431] [drm] Initialized tegra 0.0.0 20120330 on minor 0
[    3.201820] usb3_vbus: supplied by vdd_5v_in
[    3.208203] utmi_phy_clk_enable: timeout waiting for phy to stabilize
[    3.214666] tegra-ehci 7d004000.usb: EHCI Host Controller
[    3.220076] tegra-ehci 7d004000.usb: new USB bus registered, assigned bus number 1
[    3.227892] tegra-ehci 7d004000.usb: irq 87, io mem 0x7d004000
[    3.243438] tegra-ehci 7d004000.usb: USB 2.0 started, EHCI 1.00
[    3.250281] hub 1-0:1.0: USB hub found
[    3.254065] hub 1-0:1.0: 1 port detected
[    3.258899] tegra-ehci 7d008000.usb: EHCI Host Controller
[    3.264316] tegra-ehci 7d008000.usb: new USB bus registered, assigned bus number 2
[    3.272070] tegra-ehci 7d008000.usb: irq 88, io mem 0x7d008000
[    3.288431] tegra-ehci 7d008000.usb: USB 2.0 started, EHCI 1.00
[    3.295181] hub 2-0:1.0: USB hub found
[    3.298953] hub 2-0:1.0: 1 port detected
[    3.303996] sdhci-tegra 78000000.sdhci: Got CD GPIO
[    3.308892] sdhci-tegra 78000000.sdhci: Got WP GPIO
[    3.314887] sdhci-tegra 78000000.sdhci: No vmmc regulator found
[    3.320807] sdhci-tegra 78000000.sdhci: No vqmmc regulator found
[    3.326808] mmc1: Invalid maximum block size, assuming 512 bytes
[    3.368899] mmc1: SDHCI controller on 78000000.sdhci [78000000.sdhci] using ADMA
[    3.384222] tps65910-rtc tps65910-rtc: setting system clock to 2000-01-01 00:00:02 UTC (946684802)
[    3.398122] vdd_sata,avdd_plle: disabling
[    3.402918] usb1_vbus: disabling
[    3.408891] EXT4-fs (mmcblk0p1): mounting ext3 file system using the ext4 subsystem
[    3.428693] EXT4-fs (mmcblk0p1): warning: mounting fs with errors, running e2fsck is recommended
[    3.439682] EXT4-fs (mmcblk0p1): recovery complete
[    3.444484] EXT4-fs (mmcblk0p1): mounted filesystem with ordered data mode. Opts: (null)
[    3.452588] VFS: Mounted root (ext3 filesystem) on device 179:1.
[    3.469608] devtmpfs: mounted
[    3.473572] Freeing unused kernel memory: 1024K (c0d7c000 - c0e7c000)
[    3.608447] usb 2-1: new high-speed USB device number 2 using tegra-ehci
bash: cannot set terminal process group (-1): Inappropriate ioctl for device
bash: no job control in this shell
root@(none):/# 