
U-Boot SPL 2014.01-00219-gc4d376f (Feb 18 2014 - 19:57:18)


U-Boot 2014.01-00219-gc4d376f (Feb 18 2014 - 19:57:18)

TEGRA30
Board: NVIDIA Beaver
I2C:   ready
DRAM:  2 GiB
MMC:   Tegra SD/MMC: 0, Tegra SD/MMC: 1
In:    serial
Out:   serial
Err:   serial
Net:   Net Initialization Skipped
No ethernet found.
Hit any key to stop autoboot:  2  0 
Tegra30 (Beaver) # 
Tegra30 (Beaver) # usb reset
(Re)start USB...
USB0:   USB EHCI 1.00
scanning bus 0 for devices... 2 USB Device(s) found
       scanning usb for storage devices... 0 Storage Device(s) found
       scanning usb for ethernet devices... 
Warning: asx0 using MAC address from net device
1 Ethernet Device(s) found
Tegra30 (Beaver) # setenv bootargs 'ignore_loglevel console=ttyS0,115200n8 rw root=PARTUUID=edbe1840-3633-c751-7993-b0ac834f81e0 rootwait gpt debug noinitrd earlyprintk init=/bin/bash'
Tegra30 (Beaver) # setenv ipaddr 192.168.100.101; setenv serverip 192.168.100.1; setenv tftpserverip 192.168.100.1
Tegra30 (Beaver) # tftpboot 0x81000000 zImage.multi_v7_defconfig
Using asx0 device
TFTP from server 192.168.100.1; our IP address is 192.168.100.101
Filename 'zImage.multi_v7_defconfig'.
Load address: 0x81000000
Loading: *#################################################################
	 #################################################################
	 #################################################################
	 #################################################################
	 #################################################################
	 #################################################################
	 #################################################################
	 #######################################
	 3.1 MiB/s
done
Bytes transferred = 7238568 (6e73a8 hex)
Tegra30 (Beaver) # tftpboot 0x82000000 tegra30-beaver.dtb
Using asx0 device
TFTP from server 192.168.100.1; our IP address is 192.168.100.101
Filename 'tegra30-beaver.dtb'.
Load address: 0x82000000
Loading: *####
	 3.3 MiB/s
done
Bytes transferred = 51572 (c974 hex)
Tegra30 (Beaver) # bootz 0x81000000 - 0x82000000
Kernel image @ 0x81000000 [ 0x000000 - 0x6e73a8 ]
## Flattened Device Tree blob at 82000000
   Booting using the fdt blob at 0x82000000
   Loading Device Tree to 8fff0000, end 8ffff973 ... OK

Starting kernel ...

[    0.000000] Booting Linux on physical CPU 0x0
[    0.000000] Linux version 4.7.0-97079-g523d939 (pwalmsley@sellafield) (gcc version 4.7.3 20130328 (prerelease) (crosstool-NG linaro-1.13.1-4.7-2013.04-20130415 - Linaro GCC 2013.04) ) #1 SMP Sun Jul 24 13:04:08 PDT 2016
[    0.000000] CPU: ARMv7 Processor [412fc099] revision 9 (ARMv7), cr=10c5387d
[    0.000000] CPU: PIPT / VIPT nonaliasing data cache, VIPT aliasing instruction cache
[    0.000000] Machine model: NVIDIA Tegra30 Beaver evaluation board
[    0.000000] debug: ignoring loglevel setting.
[    0.000000] cma: Reserved 64 MiB at 0xfb800000
[    0.000000] Memory policy: Data cache writealloc
[    0.000000] On node 0 totalpages: 524032
[    0.000000] free_area_init_node: node 0, pgdat c141bb40, node_mem_map eeff8000
[    0.000000]   DMA zone: 1536 pages used for memmap
[    0.000000]   DMA zone: 0 pages reserved
[    0.000000]   DMA zone: 196608 pages, LIFO batch:31
[    0.000000]   HighMem zone: 327424 pages, LIFO batch:31
[    0.000000] percpu: Embedded 13 pages/cpu @eef8f000 s23808 r8192 d21248 u53248
[    0.000000] pcpu-alloc: s23808 r8192 d21248 u53248 alloc=13*4096
[    0.000000] pcpu-alloc: [0] 0 [0] 1 [0] 2 [0] 3 
[    0.000000] Built 1 zonelists in Zone order, mobility grouping on.  Total pages: 522496
[    0.000000] Kernel command line: ignore_loglevel console=ttyS0,115200n8 rw root=PARTUUID=edbe1840-3633-c751-7993-b0ac834f81e0 rootwait gpt debug noinitrd earlyprintk init=/bin/bash
[    0.000000] PID hash table entries: 4096 (order: 2, 16384 bytes)
[    0.000000] Dentry cache hash table entries: 131072 (order: 7, 524288 bytes)
[    0.000000] Inode-cache hash table entries: 65536 (order: 6, 262144 bytes)
[    0.000000] Memory: 1995036K/2096128K available (9529K kernel code, 1142K rwdata, 4476K rodata, 2048K init, 343K bss, 35556K reserved, 65536K cma-reserved, 1244160K highmem)
[    0.000000] Virtual kernel memory layout:
[    0.000000]     vector  : 0xffff0000 - 0xffff1000   (   4 kB)
[    0.000000]     fixmap  : 0xffc00000 - 0xfff00000   (3072 kB)
[    0.000000]     vmalloc : 0xf0800000 - 0xff800000   ( 240 MB)
[    0.000000]     lowmem  : 0xc0000000 - 0xf0000000   ( 768 MB)
[    0.000000]     pkmap   : 0xbfe00000 - 0xc0000000   (   2 MB)
[    0.000000]     modules : 0xbf000000 - 0xbfe00000   (  14 MB)
[    0.000000]       .text : 0xc0208000 - 0xc10ad564   (14998 kB)
[    0.000000]       .init : 0xc1100000 - 0xc1300000   (2048 kB)
[    0.000000]       .data : 0xc1300000 - 0xc141dba0   (1143 kB)
[    0.000000]        .bss : 0xc141f000 - 0xc1474ce0   ( 344 kB)
[    0.000000] SLUB: HWalign=64, Order=0-3, MinObjects=0, CPUs=4, Nodes=1
[    0.000000] Hierarchical RCU implementation.
[    0.000000] 	Build-time adjustment of leaf fanout to 32.
[    0.000000] 	RCU restricting CPUs from NR_CPUS=16 to nr_cpu_ids=4.
[    0.000000] RCU: Adjusting geometry for rcu_fanout_leaf=32, nr_cpu_ids=4
[    0.000000] NR_IRQS:16 nr_irqs:16 16
[    0.000000] /interrupt-controller@60004000: 160 interrupts forwarded to /interrupt-controller@50041000
[    0.000000] L2C: platform modifies aux control register: 0x02080000 -> 0x3e480001
[    0.000000] L2C: DT/platform modifies aux control register: 0x02080000 -> 0x3e480001
[    0.000000] L2C-310 erratum 769419 enabled
[    0.000000] L2C-310 enabling early BRESP for Cortex-A9
[    0.000000] L2C-310: enabling full line of zeros but not enabled in Cortex-A9
[    0.000000] L2C-310 dynamic clock gating enabled, standby mode enabled
[    0.000000] L2C-310 cache controller enabled, 8 ways, 1024 kB
[    0.000000] L2C-310: CACHE_ID 0x410000c7, AUX_CTRL 0x4e480001
[    0.000013] sched_clock: 32 bits at 1000kHz, resolution 1000ns, wraps every 2147483647500ns
[    0.000030] clocksource: timer_us: mask: 0xffffffff max_cycles: 0xffffffff, max_idle_ns: 1911260446275 ns
[    0.000040] Switching to timer-based delay loop, resolution 1000ns
[    0.002764] Console: colour dummy device 80x30
[    0.002790] Calibrating delay loop (skipped), value calculated using timer frequency.. 2.00 BogoMIPS (lpj=5000)
[    0.002799] pid_max: default: 32768 minimum: 301
[    0.002888] Mount-cache hash table entries: 2048 (order: 1, 8192 bytes)
[    0.002895] Mountpoint-cache hash table entries: 2048 (order: 1, 8192 bytes)
[    0.003327] CPU: Testing write buffer coherency: ok
[    0.003623] CPU0: thread -1, cpu 0, socket 0, mpidr 80000000
[    0.003669] Setting up static identity map for 0x80300000 - 0x80300098
[    0.006144] Tegra Revision: A03 SKU: 128 CPU Process: 4 SoC Process: 0
[    0.010352] CPU1: thread -1, cpu 1, socket 0, mpidr 80000001
[    0.015333] CPU2: thread -1, cpu 2, socket 0, mpidr 80000002
[    0.020332] CPU3: thread -1, cpu 3, socket 0, mpidr 80000003
[    0.020377] Brought up 4 CPUs
[    0.020391] SMP: Total of 4 processors activated (8.00 BogoMIPS).
[    0.020397] CPU: All CPU(s) started in SVC mode.
[    0.021079] devtmpfs: initialized
[    0.029029] VFP support v0.3: implementor 41 architecture 3 part 30 variant 9 rev 4
[    0.029645] clocksource: jiffies: mask: 0xffffffff max_cycles: 0xffffffff, max_idle_ns: 9556302231375000 ns
[    0.032969] pinctrl core: initialized pinctrl subsystem
[    0.034437] NET: Registered protocol family 16
[    0.037211] DMA: preallocated 256 KiB pool for atomic coherent allocations
[    0.049929] cpuidle: using governor menu
[    0.058768] No ATAGs?
[    0.058794] hw-breakpoint: found 5 (+1 reserved) breakpoint and 1 watchpoint registers.
[    0.058801] hw-breakpoint: maximum watchpoint size is 4 bytes.
[    0.061924] Serial: AMBA PL011 UART driver
[    0.063237] tegra-mc 7000f000.memory-controller: no memory timings for RAM code 3 registered
[    0.082766] vdd_5v_sata: Failed to request enable GPIO30: -517
[    0.082779] reg-fixed-voltage regulators:regulator@3: Failed to register regulator: -517
[    0.082825] usb1_vbus: Failed to request enable GPIO238: -517
[    0.082832] reg-fixed-voltage regulators:regulator@4: Failed to register regulator: -517
[    0.082876] usb3_vbus: Failed to request enable GPIO236: -517
[    0.082884] reg-fixed-voltage regulators:regulator@5: Failed to register regulator: -517
[    0.082972] sys_3v3_pexs: Failed to request enable GPIO95: -517
[    0.082980] reg-fixed-voltage regulators:regulator@7: Failed to register regulator: -517
[    0.084936] vgaarb: loaded
[    0.085419] SCSI subsystem initialized
[    0.085528] libata version 3.00 loaded.
[    0.085700] usbcore: registered new interface driver usbfs
[    0.085745] usbcore: registered new interface driver hub
[    0.085779] usbcore: registered new device driver usb
[    0.092474] vrtc: supplied by vdd_5v_in
[    0.095780] vio: supplied by vdd_5v_in
[    0.101820] vdd1: supplied by vdd_5v_in
[    0.103184] vddio_ddr_1v2: Bringing 600000uV into 1200000-1200000uV
[    0.106823] vdd2: supplied by vdd_5v_in
[    0.116822] ldo1: supplied by vdd_1v5_gen
[    0.119198] ldo2: supplied by vdd_1v5_gen
[    0.119684] vdd_sata,avdd_plle: Bringing 1200000uV into 1050000-1050000uV
[    0.121930] ldo3: supplied by vdd_5v_in
[    0.124301] ldo4: supplied by vdd_5v_in
[    0.126837] ldo5: supplied by vdd_5v_in
[    0.131826] ldo6: supplied by vdd_1v8_gen
[    0.132297] avdd_dsi_csi,pwrdet_mipi: Bringing 1000000uV into 1200000-1200000uV
[    0.134535] ldo7: supplied by vdd_1v8_gen
[    0.141840] ldo8: supplied by vdd_1v8_gen
[    0.146876] pps_core: LinuxPPS API ver. 1 registered
[    0.146883] pps_core: Software ver. 5.3.6 - Copyright 2005-2007 Rodolfo Giometti <giometti@linux.it>
[    0.146896] PTP clock support registered
[    0.147030] EDAC MC: Ver: 3.0.0
[    0.148506] clocksource: Switched to clocksource timer_us
[    0.154346] NET: Registered protocol family 2
[    0.154750] TCP established hash table entries: 8192 (order: 3, 32768 bytes)
[    0.154805] TCP bind hash table entries: 8192 (order: 4, 65536 bytes)
[    0.154888] TCP: Hash tables configured (established 8192 bind 8192)
[    0.154967] UDP hash table entries: 512 (order: 2, 16384 bytes)
[    0.155029] UDP-Lite hash table entries: 512 (order: 2, 16384 bytes)
[    0.155197] NET: Registered protocol family 1
[    0.155457] RPC: Registered named UNIX socket transport module.
[    0.155464] RPC: Registered udp transport module.
[    0.155468] RPC: Registered tcp transport module.
[    0.155473] RPC: Registered tcp NFSv4.1 backchannel transport module.
[    0.155482] PCI: CLS 0 bytes, default 64
[    0.156220] hw perfevents: enabled with armv7_cortex_a9 PMU driver, 7 counters available
[    0.157116] futex hash table entries: 1024 (order: 4, 65536 bytes)
[    0.157606] workingset: timestamp_bits=28 max_order=19 bucket_order=0
[    0.162974] squashfs: version 4.0 (2009/01/31) Phillip Lougher
[    0.163438] NFS: Registering the id_resolver key type
[    0.163475] Key type id_resolver registered
[    0.163480] Key type id_legacy registered
[    0.163544] ntfs: driver 2.1.32 [Flags: R/O].
[    0.164381] bounce: pool size: 64 pages
[    0.164502] Block layer SCSI generic (bsg) driver version 0.4 loaded (major 248)
[    0.164511] io scheduler noop registered
[    0.164516] io scheduler deadline registered
[    0.164534] io scheduler cfq registered (default)
[    0.170250] tegra30-pinctrl 70000868.pinmux: invalid group "sdmmc3_dat6_pd3" for function "rsvd1"
[    0.170266] tegra30-pinctrl 70000868.pinmux: invalid group "sdmmc3_dat7_pd4" for function "rsvd1"
[    0.170281] tegra30-pinctrl 70000868.pinmux: invalid group "vi_vsync_pd6" for function "rsvd1"
[    0.170291] tegra30-pinctrl 70000868.pinmux: invalid group "vi_hsync_pd7" for function "rsvd1"
[    0.170763] tegra30-pinctrl 70000868.pinmux: invalid group "hdmi_int_pn7" for function "rsvd1"
[    0.170814] tegra30-pinctrl 70000868.pinmux: invalid group "ulpi_data3_po4" for function "rsvd1"
[    0.171149] tegra30-pinctrl 70000868.pinmux: invalid group "vi_d10_pt2" for function "rsvd1"
[    0.171162] tegra30-pinctrl 70000868.pinmux: invalid group "vi_d11_pt3" for function "rsvd1"
[    0.171175] tegra30-pinctrl 70000868.pinmux: invalid group "vi_d0_pt4" for function "rsvd1"
[    0.171216] tegra30-pinctrl 70000868.pinmux: invalid group "pu0" for function "rsvd1"
[    0.171247] tegra30-pinctrl 70000868.pinmux: invalid group "pu3" for function "rsvd1"
[    0.171277] tegra30-pinctrl 70000868.pinmux: invalid group "pu6" for function "rsvd1"
[    0.171318] tegra30-pinctrl 70000868.pinmux: invalid group "pv3" for function "rsvd1"
[    0.171812] tegra30-pinctrl 70000868.pinmux: invalid group "pbb0" for function "rsvd1"
[    0.171933] tegra30-pinctrl 70000868.pinmux: invalid group "pcc1" for function "rsvd1"
[    0.177030] tegra-pcie 3000.pcie-controller: 2x3 configuration
[    0.177178] tegra-pcie 3000.pcie-controller: Failed to get supply 'hvdd-pex': -517
[    0.180996] tegra-apbdma 6000a000.dma: Tegra20 APB DMA driver register 32 channels
[    0.182132] tegra-pmc 7000e400.pmc: i2c-thermtrip node not found, emergency thermal reset disabled.
[    0.214627] Serial: 8250/16550 driver, 4 ports, IRQ sharing disabled
[    0.216742] console [ttyS0] disabled
[    0.216780] 70006000.serial: ttyS0 at MMIO 0x70006000 (irq = 331, base_baud = 25500000) is a Tegra
[    1.197539] console [ttyS0] enabled
[    1.201529] SuperH (H)SCI(F) driver initialized
[    1.206632] msm_serial: driver initialized
[    1.210849] STMicroelectronics ASC driver initialized
[    1.218114] [drm] Initialized drm 1.1.0 20060810
[    1.224669] tegra-hdmi 54280000.hdmi: failed to get HDMI regulator
[    1.238809] brd: module loaded
[    1.245800] loop: module loaded
[    1.253940] m25p80 spi32766.1: w25q32 (4096 Kbytes)
[    1.260798] libphy: Fixed MDIO Bus: probed
[    1.265309] CAN device driver interface
[    1.270229] igb: Intel(R) Gigabit Ethernet Network Driver - version 5.3.0-k
[    1.277184] igb: Copyright (c) 2007-2014 Intel Corporation.
[    1.284510] pegasus: v0.9.3 (2013/04/25), Pegasus/Pegasus II USB Ethernet driver
[    1.291956] usbcore: registered new interface driver pegasus
[    1.297644] usbcore: registered new interface driver asix
[    1.303061] usbcore: registered new interface driver ax88179_178a
[    1.309170] usbcore: registered new interface driver cdc_ether
[    1.315032] usbcore: registered new interface driver smsc75xx
[    1.320812] usbcore: registered new interface driver smsc95xx
[    1.326574] usbcore: registered new interface driver net1080
[    1.332254] usbcore: registered new interface driver cdc_subset
[    1.338193] usbcore: registered new interface driver zaurus
[    1.343811] usbcore: registered new interface driver cdc_ncm
[    1.350909] ehci_hcd: USB 2.0 'Enhanced' Host Controller (EHCI) Driver
[    1.357437] ehci-pci: EHCI PCI platform driver
[    1.361901] ehci-platform: EHCI generic platform driver
[    1.367240] ehci-omap: OMAP-EHCI Host Controller driver
[    1.372534] ehci-orion: EHCI orion driver
[    1.376616] SPEAr-ehci: EHCI SPEAr driver
[    1.380698] ehci-st: EHCI STMicroelectronics driver
[    1.385652] ehci-exynos: EHCI EXYNOS driver
[    1.389921] ehci-atmel: EHCI Atmel driver
[    1.394002] tegra-ehci: Tegra EHCI driver
[    1.398332] ohci_hcd: USB 1.1 'Open' Host Controller (OHCI) Driver
[    1.404520] ohci-pci: OHCI PCI platform driver
[    1.408991] ohci-platform: OHCI generic platform driver
[    1.414314] ohci-omap3: OHCI OMAP3 driver
[    1.418383] SPEAr-ohci: OHCI SPEAr driver
[    1.422468] ohci-st: OHCI STMicroelectronics driver
[    1.427417] ohci-atmel: OHCI Atmel driver
[    1.431863] usbcore: registered new interface driver usb-storage
[    1.438836] mousedev: PS/2 mouse device common for all mice
[    1.446276] tegra_rtc 7000e000.rtc: rtc core: registered 7000e000.rtc as rtc1
[    1.453443] tegra_rtc 7000e000.rtc: Tegra internal Real Time Clock
[    1.472150] tps65910-rtc tps65910-rtc: rtc core: registered tps65910-rtc as rtc0
[    1.479743] i2c /dev entries driver
[    1.490522] sdhci: Secure Digital Host Controller Interface driver
[    1.496709] sdhci: Copyright(c) Pierre Ossman
[    1.501935] Synopsys Designware Multimedia Card Interface Driver
[    1.508575] sdhci-pltfm: SDHCI platform and OF driver helper
[    1.514761] sdhci-tegra 78000000.sdhci: Got CD GPIO
[    1.519651] sdhci-tegra 78000000.sdhci: Got WP GPIO
[    1.525776] mmc0: Invalid maximum block size, assuming 512 bytes
[    1.568590] mmc0: SDHCI controller on 78000000.sdhci [78000000.sdhci] using ADMA
[    1.577237] mmc1: Invalid maximum block size, assuming 512 bytes
[    1.618515] mmc1: SDHCI controller on 78000600.sdhci [78000600.sdhci] using ADMA
[    1.627040] ledtrig-cpu: registered to indicate activity on CPUs
[    1.633257] usbcore: registered new interface driver usbhid
[    1.638827] usbhid: USB HID core driver
[    1.645846] NET: Registered protocol family 10
[    1.650860] sit: IPv6 over IPv4 tunneling driver
[    1.655928] NET: Registered protocol family 17
[    1.660386] can: controller area network core (rev 20120528 abi 9)
[    1.666602] NET: Registered protocol family 29
[    1.671043] can: raw protocol (rev 20120528)
[    1.675309] can: broadcast manager protocol (rev 20120528 t)
[    1.680965] can: netlink gateway (rev 20130117) max_hops=1
[    1.686740] Key type dns_resolver registered
[    1.691400] ThumbEE CPU extension supported.
[    1.695676] Registering SWP/SWPB emulation handler
[    1.722317] vdd_ddr: supplied by vdd_5v_in
[    1.733547] vdd_5v_sata: supplied by vdd_5v_in
[    1.738315] usb1_vbus: supplied by vdd_5v_in
[    1.742899] usb3_vbus: supplied by vdd_5v_in
[    1.761408] sys_3v3,vdd_3v3_alw: supplied by vdd_5v_in
[    1.767169] +VDD_5V_HDMI: supplied by sys_3v3,vdd_3v3_alw
[    1.772809] sys_3v3_pexs: supplied by sys_3v3,vdd_3v3_alw
[    1.778893] tegra-pcie 3000.pcie-controller: 2x3 configuration
[    1.789126] tegra-pcie 3000.pcie-controller: probing port 0, using 2 lanes
[    1.802948] mmc1: new high speed MMC card at address 0001
[    1.811432] mmc0: new ultra high speed DDR50 SDHC card at address aaaa
[    1.818152] mmcblk1: mmc1:0001 SEM16G 14.8 GiB 
[    1.823178] mmcblk0: mmc0:aaaa SS04G 3.69 GiB 
[    1.827797] mmcblk1boot0: mmc1:0001 SEM16G partition 1 1.00 MiB
[    1.835178] mmcblk1boot1: mmc1:0001 SEM16G partition 2 1.00 MiB
[    1.842036] mmcblk1rpmb: mmc1:0001 SEM16G partition 3 128 KiB
[    1.854050] tegra-pcie 3000.pcie-controller: probing port 2, using 2 lanes
[    1.854087] Primary GPT is invalid, using alternate GPT.
[    1.854104]  mmcblk1: p1 p2 p3 p4 p5
[    1.865937]  mmcblk0: p1 p2 p3
[    2.276611] tegra-pcie 3000.pcie-controller: link 2 down, retrying
[    2.686567] tegra-pcie 3000.pcie-controller: link 2 down, retrying
[    3.096513] tegra-pcie 3000.pcie-controller: link 2 down, retrying
[    3.104702] tegra-pcie 3000.pcie-controller: link 2 down, ignoring
[    3.111023] tegra-pcie 3000.pcie-controller: PCI host bridge to bus 0000:00
[    3.117983] pci_bus 0000:00: root bus resource [io  0x0000-0xffff]
[    3.124155] pci_bus 0000:00: root bus resource [mem 0x20000000-0x27ffffff]
[    3.131020] pci_bus 0000:00: root bus resource [mem 0x28000000-0x3fffffff pref]
[    3.138317] pci_bus 0000:00: root bus resource [bus 00-ff]
[    3.143821] pci 0000:00:01.0: [10de:0e1c] type 01 class 0x060400
[    3.149883] pci 0000:00:01.0: PME# supported from D0 D1 D2 D3hot D3cold
[    3.156645] PCI: bus0: Fast back to back transfers disabled
[    3.162216] pci 0000:00:01.0: bridge configuration invalid ([bus 00-00]), reconfiguring
[    3.170306] pci 0000:01:00.0: [10ec:8168] type 00 class 0x020000
[    3.176321] pci 0000:01:00.0: reg 0x10: [io  0x0000-0x00ff]
[    3.181900] pci 0000:01:00.0: reg 0x18: [mem 0x00000000-0x00000fff 64bit pref]
[    3.189120] pci 0000:01:00.0: reg 0x20: [mem 0x00000000-0x00003fff 64bit pref]
[    3.196401] pci 0000:01:00.0: supports D1 D2
[    3.200667] pci 0000:01:00.0: PME# supported from D0 D1 D2 D3hot D3cold
[    3.213534] PCI: bus1: Fast back to back transfers disabled
[    3.219105] pci_bus 0000:01: busn_res: [bus 01-ff] end is updated to 01
[    3.225777] pci 0000:00:01.0: BAR 9: assigned [mem 0x28000000-0x280fffff 64bit pref]
[    3.233513] pci 0000:00:01.0: BAR 7: assigned [io  0x1000-0x1fff]
[    3.239602] pci 0000:01:00.0: BAR 4: assigned [mem 0x28000000-0x28003fff 64bit pref]
[    3.247342] pci 0000:01:00.0: BAR 2: assigned [mem 0x28004000-0x28004fff 64bit pref]
[    3.255082] pci 0000:01:00.0: BAR 0: assigned [io  0x1000-0x10ff]
[    3.261169] pci 0000:00:01.0: PCI bridge to [bus 01]
[    3.266128] pci 0000:00:01.0:   bridge window [io  0x1000-0x1fff]
[    3.272213] pci 0000:00:01.0:   bridge window [mem 0x28000000-0x280fffff 64bit pref]
[    3.279958] pci 0000:00:01.0: nv_msi_ht_cap_quirk didn't locate host bridge
[    3.287018] pcieport 0000:00:01.0: enabling device (0140 -> 0143)
[    3.293254] pcieport 0000:00:01.0: Signaling PME through PCIe PME interrupt
[    3.300212] pci 0000:01:00.0: Signaling PME through PCIe PME interrupt
[    3.306733] pcie_pme 0000:00:01.0:pcie001: service driver pcie_pme loaded
[    3.313691] r8169 Gigabit Ethernet driver 2.3LK-NAPI loaded
[    3.319280] r8169 0000:01:00.0: enabling device (0140 -> 0143)
[    3.326431] r8169 0000:01:00.0 eth0: RTL8168evl/8111evl at 0xf09fa000, 02:04:4b:01:60:a6, XID 0c900800 IRQ 375
[    3.336431] r8169 0000:01:00.0 eth0: jumbo features [frames: 9200 bytes, tx checksumming: ko]
[    3.349044] [drm] Supports vblank timestamp caching Rev 2 (21.10.2013).
[    3.355662] [drm] No driver support for vblank timestamp query.
[    3.361599] drm drm: No connectors reported connected with modes
[    3.367608] [drm] Cannot find any crtc or sizes - going 1024x768
[    3.395802] Console: switching to colour frame buffer device 128x48
[    3.408322] drm drm: fb0:  frame buffer device
[    3.423898] [drm] Initialized tegra 0.0.0 20120330 on minor 0
[    3.434857] utmi_phy_clk_enable: timeout waiting for phy to stabilize
[    3.441326] tegra-ehci 7d004000.usb: EHCI Host Controller
[    3.446737] tegra-ehci 7d004000.usb: new USB bus registered, assigned bus number 1
[    3.454566] tegra-ehci 7d004000.usb: irq 343, io mem 0x7d004000
[    3.468911] tegra-ehci 7d004000.usb: USB 2.0 started, EHCI 1.00
[    3.476154] hub 1-0:1.0: USB hub found
[    3.479927] hub 1-0:1.0: 1 port detected
[    3.484938] tegra-ehci 7d008000.usb: EHCI Host Controller
[    3.490350] tegra-ehci 7d008000.usb: new USB bus registered, assigned bus number 2
[    3.498095] tegra-ehci 7d008000.usb: irq 344, io mem 0x7d008000
[    3.513903] tegra-ehci 7d008000.usb: USB 2.0 started, EHCI 1.00
[    3.521054] hub 2-0:1.0: USB hub found
[    3.524835] hub 2-0:1.0: 1 port detected
[    3.533591] tps65910-rtc tps65910-rtc: setting system clock to 2000-01-01 00:00:02 UTC (946684802)
[    3.547245] vdd_sata,avdd_plle: disabling
[    3.552053] usb1_vbus: disabling
[    3.557199] EXT4-fs (mmcblk1p1): mounting ext3 file system using the ext4 subsystem
[    3.571827] EXT4-fs (mmcblk1p1): warning: mounting fs with errors, running e2fsck is recommended
[    3.582043] EXT4-fs (mmcblk1p1): recovery complete
[    3.586845] EXT4-fs (mmcblk1p1): mounted filesystem with ordered data mode. Opts: (null)
[    3.594956] VFS: Mounted root (ext3 filesystem) on device 179:1.
[    3.605110] devtmpfs: mounted
[    3.610718] Freeing unused kernel memory: 2048K (c1100000 - c1300000)
bash: cannot set terminal process group (-1): Inappropriate ioctl for device
bash: no job control in this shell
root@(none):/# [    3.838923] usb 2-1: new high-speed USB device number 2 using tegra-ehci
mount -t sysfs none /sys
root@(none):/# 
root@(none):/# [    4.784494] asix 2-1:1.0 eth1: register 'asix' at usb-7d008000.usb-1, ASIX AX88772 USB 2.0 Ethernet, 00:50:b6:0f:67:60
mount -t debugfs none /sys/kernel/debug
root@(none):/# 
root@(none):/# rtcwake -d rtc1 -m mem -s 3
rtcwake: wakeup from "mem" using /dev/rtc1 at Thu Jan  1 00:00:21 1970
[    6.467234] PM: Syncing filesystems ... done.
[    6.481563] Freezing user space processes ... (elapsed 0.001 seconds) done.
[    6.489687] Double checking all user space processes after OOM killer disable... (elapsed 0.000 seconds) 
[    6.499275] Freezing remaining freezable tasks ... (elapsed 0.001 seconds) done.
[    6.507902] Suspending console(s) (use no_console_suspend to debug)
[    6.547093] PM: suspend of devices complete after 31.891 msecs
[    6.547758] PM: late suspend of devices complete after 0.657 msecs
[    6.558994] PM: noirq suspend of devices complete after 11.228 msecs
[    6.558997] Disabling non-boot CPUs ...
[    6.559657] CPU1: shutdown
[    6.574888] CPU2: shutdown
[    6.589425] IRQ17 no longer affine to CPU3
[    6.589642] CPU3: shutdown
[    6.604001] Entering suspend state LP1
[    6.604013] Enabling non-boot CPUs ...
[    6.629518] CPU1 is up
[    6.654616] CPU2 is up
[    6.679757] CPU3 is up
[    6.680379] pcieport 0000:00:01.0: nv_msi_ht_cap_quirk didn't locate host bridge
[    6.693572] PM: noirq resume of devices complete after 13.808 msecs
[    6.695419] PM: early resume of devices complete after 1.451 msecs
[    6.761158] PM: resume of devices complete after 65.729 msecs
[    6.836374] Restarting tasks ... done.
root@(none):/# 
root@(none):/# rtcwake -d rtc1 -m mem -s 3
rtcwake: wakeup from "mem" using /dev/rtc1 at Thu Jan  1 00:00:25 1970
[    7.245970] PM: Syncing filesystems ... done.
[    7.257625] Freezing user space processes ... (elapsed 0.001 seconds) done.
[    7.265753] Double checking all user space processes after OOM killer disable... (elapsed 0.000 seconds) 
[    7.275344] Freezing remaining freezable tasks ... (elapsed 0.001 seconds) done.
[    7.283966] Suspending console(s) (use no_console_suspend to debug)
[    7.322851] PM: suspend of devices complete after 31.688 msecs
[    7.325915] PM: late suspend of devices complete after 3.057 msecs
[    7.338961] PM: noirq suspend of devices complete after 13.040 msecs
[    7.338964] Disabling non-boot CPUs ...
[    7.339311] IRQ17 no longer affine to CPU1
[    7.339627] CPU1: shutdown
[    7.364911] CPU2: shutdown
[    7.379473] CPU3: shutdown
[    7.393981] Entering suspend state LP1
[    7.393995] Enabling non-boot CPUs ...
[    7.419673] CPU1 is up
[    7.444754] CPU2 is up
[    7.469869] CPU3 is up
[    7.470596] pcieport 0000:00:01.0: nv_msi_ht_cap_quirk didn't locate host bridge
[    7.483553] PM: noirq resume of devices complete after 13.674 msecs
[    7.485905] PM: early resume of devices complete after 1.937 msecs
[    7.556866] PM: resume of devices complete after 70.947 msecs
[    7.632318] Restarting tasks ... done.
root@(none):/# 
root@(none):/# rtcwake -d rtc1 -m mem -s 3
rtcwake: wakeup from "mem" using /dev/rtc1 at Thu Jan  1 00:00:29 1970
[    8.037799] PM: Syncing filesystems ... done.
[    8.052065] Freezing user space processes ... (elapsed 0.001 seconds) done.
[    8.060232] Double checking all user space processes after OOM killer disable... (elapsed 0.000 seconds) 
[    8.069826] Freezing remaining freezable tasks ... (elapsed 0.001 seconds) done.
[    8.078503] Suspending console(s) (use no_console_suspend to debug)
[    8.117969] PM: suspend of devices complete after 31.982 msecs
[    8.120837] PM: late suspend of devices complete after 2.860 msecs
[    8.134050] PM: noirq suspend of devices complete after 13.201 msecs
[    8.134055] Disabling non-boot CPUs ...
[    8.134490] IRQ17 no longer affine to CPU1
[    8.134897] CPU1: shutdown
[    8.160067] CPU2: shutdown
[    8.179594] CPU3: shutdown
[    8.194005] Entering suspend state LP1
[    8.194019] Enabling non-boot CPUs ...
[    8.219666] CPU1 is up
[    8.244729] CPU2 is up
[    8.269859] CPU3 is up
[    8.270596] pcieport 0000:00:01.0: nv_msi_ht_cap_quirk didn't locate host bridge
[    8.288521] PM: noirq resume of devices complete after 18.653 msecs
[    8.289705] PM: early resume of devices complete after 0.759 msecs
[    8.357337] PM: resume of devices complete after 67.620 msecs
[    8.432732] Restarting tasks ... done.
root@(none):/# 
root@(none):/# rtcwake -d rtc1 -m mem -s 3
rtcwake: wakeup from "mem" using /dev/rtc1 at Thu Jan  1 00:00:33 1970
[    8.839576] PM: Syncing filesystems ... done.
[    8.853845] Freezing user space processes ... (elapsed 0.001 seconds) done.
[    8.861985] Double checking all user space processes after OOM killer disable... (elapsed 0.000 seconds) 
[    8.871583] Freezing remaining freezable tasks ... (elapsed 0.001 seconds) done.
[    8.880269] Suspending console(s) (use no_console_suspend to debug)
[    8.922444] PM: suspend of devices complete after 34.690 msecs
[    8.924858] PM: late suspend of devices complete after 2.402 msecs
[    8.939006] PM: noirq suspend of devices complete after 14.139 msecs
[    8.939011] Disabling non-boot CPUs ...
[    8.939822] CPU1: shutdown
[    8.965088] CPU2: shutdown
[    8.979359] IRQ17 no longer affine to CPU3
[    8.979591] CPU3: shutdown
[    8.993987] Entering suspend state LP1
[    8.994002] Enabling non-boot CPUs ...
[    9.019639] CPU1 is up
[    9.044708] CPU2 is up
[    9.069842] CPU3 is up
[    9.070613] pcieport 0000:00:01.0: nv_msi_ht_cap_quirk didn't locate host bridge
[    9.083507] PM: noirq resume of devices complete after 13.652 msecs
[    9.084727] PM: early resume of devices complete after 0.776 msecs
[    9.156057] PM: resume of devices complete after 71.317 msecs
[    9.231440] Restarting tasks ... done.
root@(none):/# 
root@(none):/# rtcwake -d rtc1 -m mem -s 3
rtcwake: wakeup from "mem" using /dev/rtc1 at Thu Jan  1 00:00:37 1970
[    9.643705] PM: Syncing filesystems ... done.
[    9.657937] Freezing user space processes ... (elapsed 0.001 seconds) done.
[    9.666124] Double checking all user space processes after OOM killer disable... (elapsed 0.000 seconds) 
[    9.675710] Freezing remaining freezable tasks ... (elapsed 0.001 seconds) done.
[    9.684379] Suspending console(s) (use no_console_suspend to debug)
[    9.723509] PM: suspend of devices complete after 31.632 msecs
[    9.727378] PM: late suspend of devices complete after 3.860 msecs
[    9.739004] PM: noirq suspend of devices complete after 11.614 msecs
[    9.739007] Disabling non-boot CPUs ...
[    9.739845] CPU1: shutdown
[    9.765095] CPU2: shutdown
[    9.779362] IRQ17 no longer affine to CPU3
[    9.779590] CPU3: shutdown
[    9.793954] Entering suspend state LP1
[    9.793969] Enabling non-boot CPUs ...
[    9.819613] CPU1 is up
[    9.844702] CPU2 is up
[    9.869817] CPU3 is up
[    9.870551] pcieport 0000:00:01.0: nv_msi_ht_cap_quirk didn't locate host bridge
[    9.883485] PM: noirq resume of devices complete after 13.656 msecs
[    9.885690] PM: early resume of devices complete after 1.774 msecs
[    9.955861] PM: resume of devices complete after 70.156 msecs
[   10.031300] Restarting tasks ... done.
root@(none):/# 
root@(none):/# rtcwake -d rtc1 -m mem -s 3
rtcwake: wakeup from "mem" using /dev/rtc1 at Thu Jan  1 00:00:41 1970
[   10.438817] PM: Syncing filesystems ... done.
[   10.453573] Freezing user space processes ... (elapsed 0.001 seconds) done.
[   10.461729] Double checking all user space processes after OOM killer disable... (elapsed 0.000 seconds) 
[   10.471322] Freezing remaining freezable tasks ... (elapsed 0.001 seconds) done.
[   10.480008] Suspending console(s) (use no_console_suspend to debug)
[   10.522912] PM: suspend of devices complete after 35.418 msecs
[   10.523804] PM: late suspend of devices complete after 0.881 msecs
[   10.538977] PM: noirq suspend of devices complete after 15.162 msecs
[   10.538981] Disabling non-boot CPUs ...
[   10.539787] CPU1: shutdown
[   10.569813] IRQ17 no longer affine to CPU2
[   10.570079] CPU2: shutdown
[   10.584491] CPU3: shutdown
[   10.598933] Entering suspend state LP1
[   10.598948] Enabling non-boot CPUs ...
[   10.624603] CPU1 is up
[   10.649677] CPU2 is up
[   10.674789] CPU3 is up
[   10.675524] pcieport 0000:00:01.0: nv_msi_ht_cap_quirk didn't locate host bridge
[   10.688459] PM: noirq resume of devices complete after 13.660 msecs
[   10.689677] PM: early resume of devices complete after 0.780 msecs
[   10.756585] PM: resume of devices complete after 66.893 msecs
[   10.831970] Restarting tasks ... done.
root@(none):/# 
root@(none):/# rtcwake -d rtc1 -m mem -s 3
rtcwake: wakeup from "mem" using /dev/rtc1 at Thu Jan  1 00:00:45 1970
[   11.222932] PM: Syncing filesystems ... done.
[   11.236181] Freezing user space processes ... (elapsed 0.001 seconds) done.
[   11.244364] Double checking all user space processes after OOM killer disable... (elapsed 0.000 seconds) 
[   11.253958] Freezing remaining freezable tasks ... (elapsed 0.001 seconds) done.
[   11.262627] Suspending console(s) (use no_console_suspend to debug)
[   11.303426] PM: suspend of devices complete after 33.303 msecs
[   11.306264] PM: late suspend of devices complete after 2.831 msecs
[   11.318951] PM: noirq suspend of devices complete after 12.676 msecs
[   11.318956] Disabling non-boot CPUs ...
[   11.319788] CPU1: shutdown
[   11.335035] CPU2: shutdown
[   11.349283] IRQ17 no longer affine to CPU3
[   11.349498] CPU3: shutdown
[   11.363873] Entering suspend state LP1
[   11.363887] Enabling non-boot CPUs ...
[   11.389574] CPU1 is up
[   11.414648] CPU2 is up
[   11.439758] CPU3 is up
[   11.440521] pcieport 0000:00:01.0: nv_msi_ht_cap_quirk didn't locate host bridge
[   11.453431] PM: noirq resume of devices complete after 13.663 msecs
[   11.455614] PM: early resume of devices complete after 1.748 msecs
[   11.521811] PM: resume of devices complete after 66.185 msecs
[   11.597281] Restarting tasks ... done.
root@(none):/# 
root@(none):/# rtcwake -d rtc1 -m mem -s 3
rtcwake: wakeup from "mem" using /dev/rtc1 at Thu Jan  1 00:00:49 1970
[   12.009703] PM: Syncing filesystems ... done.
[   12.024468] Freezing user space processes ... (elapsed 0.001 seconds) done.
[   12.032628] Double checking all user space processes after OOM killer disable... (elapsed 0.000 seconds) 
[   12.042222] Freezing remaining freezable tasks ... (elapsed 0.001 seconds) done.
[   12.050900] Suspending console(s) (use no_console_suspend to debug)
[   12.093394] PM: suspend of devices complete after 34.980 msecs
[   12.096253] PM: late suspend of devices complete after 2.850 msecs
[   12.108911] PM: noirq suspend of devices complete after 12.648 msecs
[   12.108914] Disabling non-boot CPUs ...
[   12.109746] CPU1: shutdown
[   12.135012] CPU2: shutdown
[   12.149212] IRQ17 no longer affine to CPU3
[   12.149417] CPU3: shutdown
[   12.163878] Entering suspend state LP1
[   12.163892] Enabling non-boot CPUs ...
[   12.189547] CPU1 is up
[   12.214622] CPU2 is up
[   12.239749] CPU3 is up
[   12.240515] pcieport 0000:00:01.0: nv_msi_ht_cap_quirk didn't locate host bridge
[   12.253408] PM: noirq resume of devices complete after 13.650 msecs
[   12.255621] PM: early resume of devices complete after 1.783 msecs
[   12.321722] PM: resume of devices complete after 66.088 msecs
[   12.397155] Restarting tasks ... done.
root@(none):/# 
root@(none):/# rtcwake -d rtc1 -m mem -s 3
rtcwake: wakeup from "mem" using /dev/rtc1 at Thu Jan  1 00:00:53 1970
[   12.809207] PM: Syncing filesystems ... done.
[   12.823955] Freezing user space processes ... (elapsed 0.001 seconds) done.
[   12.832116] Double checking all user space processes after OOM killer disable... (elapsed 0.000 seconds) 
[   12.841716] Freezing remaining freezable tasks ... (elapsed 0.001 seconds) done.
[   12.850395] Suspending console(s) (use no_console_suspend to debug)
[   12.892852] PM: suspend of devices complete after 34.966 msecs
[   12.893687] PM: late suspend of devices complete after 0.827 msecs
[   12.908878] PM: noirq suspend of devices complete after 15.179 msecs
[   12.908883] Disabling non-boot CPUs ...
[   12.909694] CPU1: shutdown
[   12.939976] CPU2: shutdown
[   12.954232] IRQ17 no longer affine to CPU3
[   12.954441] CPU3: shutdown
[   12.968837] Entering suspend state LP1
[   12.968852] Enabling non-boot CPUs ...
[   12.994521] CPU1 is up
[   13.019581] CPU2 is up
[   13.044731] CPU3 is up
[   13.045475] pcieport 0000:00:01.0: nv_msi_ht_cap_quirk didn't locate host bridge
[   13.058385] PM: noirq resume of devices complete after 13.645 msecs
[   13.060100] PM: early resume of devices complete after 1.297 msecs
[   13.130933] PM: resume of devices complete after 70.821 msecs
[   13.206373] Restarting tasks ... done.
root@(none):/# 
root@(none):/# rtcwake -d rtc1 -m mem -s 3
rtcwake: wakeup from "mem" using /dev/rtc1 at Thu Jan  1 00:00:57 1970
[   13.613277] PM: Syncing filesystems ... done.
[   13.628051] Freezing user space processes ... (elapsed 0.001 seconds) done.
[   13.636226] Double checking all user space processes after OOM killer disable... (elapsed 0.000 seconds) 
[   13.645820] Freezing remaining freezable tasks ... (elapsed 0.001 seconds) done.
[   13.654497] Suspending console(s) (use no_console_suspend to debug)
[   13.697326] PM: suspend of devices complete after 35.338 msecs
[   13.698148] PM: late suspend of devices complete after 0.811 msecs
[   13.713873] PM: noirq suspend of devices complete after 15.715 msecs
[   13.713879] Disabling non-boot CPUs ...
[   13.714295] IRQ17 no longer affine to CPU1
[   13.714695] CPU1: shutdown
[   13.739973] CPU2: shutdown
[   13.754413] CPU3: shutdown
[   13.768814] Entering suspend state LP1
[   13.768829] Enabling non-boot CPUs ...
[   13.794499] CPU1 is up
[   13.819564] CPU2 is up
[   13.844701] CPU3 is up
[   13.845453] pcieport 0000:00:01.0: nv_msi_ht_cap_quirk didn't locate host bridge
[   13.863354] PM: noirq resume of devices complete after 18.640 msecs
[   13.865684] PM: early resume of devices complete after 1.902 msecs
[   13.936446] PM: resume of devices complete after 70.747 msecs
[   14.011878] Restarting tasks ... done.
root@(none):/# 
root@(none):/# NVTB SYSTEM SUSPEND TEST COMPLETE
