
U-Boot SPL 2015.04-rc3-00209-ga74ef40 (Mar 16 2015 - 14:43:39)


U-Boot 2015.04-rc3-00209-ga74ef40 (Mar 16 2015 - 14:43:39)

TEGRA20
Model: Compulab TrimSlice board
DRAM:  1 GiB
MMC:   Tegra SD/MMC: 0, Tegra SD/MMC: 1
SF: Detected W25Q80BL with page size 256 Bytes, erase size 4 KiB, total 1 MiB
tegra-pcie: PCI regions:
tegra-pcie:   I/O: 0x82000000-0x82010000
tegra-pcie:   non-prefetchable memory: 0xa0000000-0xa8000000
tegra-pcie:   prefetchable memory: 0xa8000000-0xc0000000
tegra-pcie: dual-mode configuration
tegra-pcie: probing port 0, using 2 lanes
In:    serial
Out:   serial
Err:   serial
Net:   RTL8169#0
Hit any key to stop autoboot:  2  0 
Tegra20 (TrimSlice) # 
Tegra20 (TrimSlice) # usb reset
resetting USB...
USB0:   USB EHCI 1.00
scanning bus 0 for devices... 3 USB Device(s) found
USB1:   USB EHCI 1.00
scanning bus 1 for devices... 1 USB Device(s) found
USB2:   lowlevel init failed
       scanning usb for storage devices... 0 Storage Device(s) found
       scanning usb for ethernet devices... 
Warning: asx0 using MAC address from net device
1 Ethernet Device(s) found
Tegra20 (TrimSlice) # setenv bootargs 'ignore_loglevel console=ttyS0,115200n8 rw root=PARTUUID=11eb23c1-01 rootwait gpt debug noinitrd earlyprintk init=/bin/bash'
Tegra20 (TrimSlice) # setenv ipaddr 192.168.100.103; setenv serverip 192.168.100.1; setenv tftpserverip 192.168.100.1
Tegra20 (TrimSlice) # tftpboot 0x00408000 zImage.multi_v7_defconfig
Using RTL8169#0 device
TFTP from server 192.168.100.1; our IP address is 192.168.100.103
Filename 'zImage.multi_v7_defconfig'.
Load address: 0x408000
Loading: *#################################################################
	 #################################################################
	 #################################################################
	 #################################################################
	 #################################################################
	 #################################################################
	 #################################################################
	 ###########################################################
	 3.3 MiB/s
done
Bytes transferred = 7541928 (7314a8 hex)
Tegra20 (TrimSlice) # tftpboot 0x02408000 tegra20-trimslice.dtb
Using RTL8169#0 device
TFTP from server 192.168.100.1; our IP address is 192.168.100.103
Filename 'tegra20-trimslice.dtb'.
Load address: 0x2408000
Loading: *##
	 2.9 MiB/s
done
Bytes transferred = 21426 (53b2 hex)
Tegra20 (TrimSlice) # bootz 0x00408000 - 0x02408000
Kernel image @ 0x408000 [ 0x000000 - 0x7314a8 ]
## Flattened Device Tree blob at 02408000
   Booting using the fdt blob at 0x2408000
   Using Device Tree in place at 02408000, end 024103b1

Starting kernel ...

[    0.000000] Booting Linux on physical CPU 0x0
[    0.000000] Linux version 4.11.0-rc8-157047-g5a7ad11 (jonathanh@sellafield) (gcc version 4.7.3 20130328 (prerelease) (crosstool-NG linaro-1.13.1-4.7-2013.04-20130415 - Linaro GCC 2013.04) ) #1 SMP Sun Apr 23 17:34:49 PDT 2017
[    0.000000] CPU: ARMv7 Processor [411fc090] revision 0 (ARMv7), cr=10c5387d
[    0.000000] CPU: PIPT / VIPT nonaliasing data cache, VIPT aliasing instruction cache
[    0.000000] OF: fdt: Machine model: Compulab TrimSlice board
[    0.000000] debug: ignoring loglevel setting.
[    0.000000] efi: Getting EFI parameters from FDT:
[    0.000000] efi: UEFI not found.
[    0.000000] cma: Reserved 64 MiB at 0x3c000000
[    0.000000] Memory policy: Data cache writealloc
[    0.000000] On node 0 totalpages: 262144
[    0.000000] free_area_init_node: node 0, pgdat c1538200, node_mem_map ef7f8000
[    0.000000]   DMA zone: 1536 pages used for memmap
[    0.000000]   DMA zone: 0 pages reserved
[    0.000000]   DMA zone: 196608 pages, LIFO batch:31
[    0.000000]   HighMem zone: 65536 pages, LIFO batch:15
[    0.000000] percpu: Embedded 16 pages/cpu @ef7c6000 s34432 r8192 d22912 u65536
[    0.000000] pcpu-alloc: s34432 r8192 d22912 u65536 alloc=16*4096
[    0.000000] pcpu-alloc: [0] 0 [0] 1 
[    0.000000] Built 1 zonelists in Zone order, mobility grouping on.  Total pages: 260608
[    0.000000] Kernel command line: ignore_loglevel console=ttyS0,115200n8 rw root=PARTUUID=11eb23c1-01 rootwait gpt debug noinitrd earlyprintk init=/bin/bash
[    0.000000] PID hash table entries: 4096 (order: 2, 16384 bytes)
[    0.000000] Dentry cache hash table entries: 131072 (order: 7, 524288 bytes)
[    0.000000] Inode-cache hash table entries: 65536 (order: 6, 262144 bytes)
[    0.000000] Memory: 954592K/1048576K available (10240K kernel code, 1254K rwdata, 4212K rodata, 2048K init, 536K bss, 28448K reserved, 65536K cma-reserved, 196608K highmem)
[    0.000000] Virtual kernel memory layout:
[    0.000000]     vector  : 0xffff0000 - 0xffff1000   (   4 kB)
[    0.000000]     fixmap  : 0xffc00000 - 0xfff00000   (3072 kB)
[    0.000000]     vmalloc : 0xf0800000 - 0xff800000   ( 240 MB)
[    0.000000]     lowmem  : 0xc0000000 - 0xf0000000   ( 768 MB)
[    0.000000]     pkmap   : 0xbfe00000 - 0xc0000000   (   2 MB)
[    0.000000]     modules : 0xbf000000 - 0xbfe00000   (  14 MB)
[    0.000000]       .text : 0xc0208000 - 0xc0d00000   (11232 kB)
[    0.000000]       .init : 0xc1200000 - 0xc1400000   (2048 kB)
[    0.000000]       .data : 0xc1400000 - 0xc1539b20   (1255 kB)
[    0.000000]        .bss : 0xc153b000 - 0xc15c12b8   ( 537 kB)
[    0.000000] SLUB: HWalign=64, Order=0-3, MinObjects=0, CPUs=2, Nodes=1
[    0.000000] Hierarchical RCU implementation.
[    0.000000] 	RCU debugfs-based tracing is enabled.
[    0.000000] 	Build-time adjustment of leaf fanout to 32.
[    0.000000] 	RCU restricting CPUs from NR_CPUS=16 to nr_cpu_ids=2.
[    0.000000] RCU: Adjusting geometry for rcu_fanout_leaf=32, nr_cpu_ids=2
[    0.000000] NR_IRQS:16 nr_irqs:16 16
[    0.000000] /interrupt-controller@60004000: 128 interrupts forwarded to /interrupt-controller@50041000
[    0.000000] L2C: platform modifies aux control register: 0x02080000 -> 0x3e480001
[    0.000000] L2C: DT/platform modifies aux control register: 0x02080000 -> 0x3e480001
[    0.000000] L2C-310 errata 727915 769419 enabled
[    0.000000] L2C-310 enabling early BRESP for Cortex-A9
[    0.000000] L2C-310: enabling full line of zeros but not enabled in Cortex-A9
[    0.000000] L2C-310 ID prefetch enabled, offset 1 lines
[    0.000000] L2C-310 cache controller enabled, 8 ways, 1024 kB
[    0.000000] L2C-310: CACHE_ID 0x410000c4, AUX_CTRL 0x7e480001
[    0.000009] sched_clock: 32 bits at 1000kHz, resolution 1000ns, wraps every 2147483647500ns
[    0.000025] clocksource: timer_us: mask: 0xffffffff max_cycles: 0xffffffff, max_idle_ns: 1911260446275 ns
[    0.000035] Switching to timer-based delay loop, resolution 1000ns
[    0.001651] Console: colour dummy device 80x30
[    0.001675] Calibrating delay loop (skipped), value calculated using timer frequency.. 2.00 BogoMIPS (lpj=10000)
[    0.001686] pid_max: default: 32768 minimum: 301
[    0.001769] Mount-cache hash table entries: 2048 (order: 1, 8192 bytes)
[    0.001779] Mountpoint-cache hash table entries: 2048 (order: 1, 8192 bytes)
[    0.002204] CPU: Testing write buffer coherency: ok
[    0.002407] CPU0: thread -1, cpu 0, socket 0, mpidr 80000000
[    0.002623] Setting up static identity map for 0x300000 - 0x300098
[    0.004015] Tegra Revision: A03 prime SKU: 8 CPU Process: 1 SoC Process: 2
[    0.004393] EFI services will not be available.
[    0.004545] smp: Bringing up secondary CPUs ...
[    0.005081] CPU1: thread -1, cpu 1, socket 0, mpidr 80000001
[    0.005144] smp: Brought up 1 node, 2 CPUs
[    0.005155] SMP: Total of 2 processors activated (4.00 BogoMIPS).
[    0.005161] CPU: All CPU(s) started in SVC mode.
[    0.005802] devtmpfs: initialized
[    0.009360] VFP support v0.3: implementor 41 architecture 3 part 30 variant 9 rev 1
[    0.009577] clocksource: jiffies: mask: 0xffffffff max_cycles: 0xffffffff, max_idle_ns: 19112604462750000 ns
[    0.009591] futex hash table entries: 512 (order: 3, 32768 bytes)
[    0.012597] pinctrl core: initialized pinctrl subsystem
[    0.013828] NET: Registered protocol family 16
[    0.015868] DMA: preallocated 256 KiB pool for atomic coherent allocations
[    0.017313] cpuidle: using governor menu
[    0.034504] No ATAGs?
[    0.034572] hw-breakpoint: found 5 (+1 reserved) breakpoint and 1 watchpoint registers.
[    0.034583] hw-breakpoint: maximum watchpoint size is 4 bytes.
[    0.039752] Serial: AMBA PL011 UART driver
[    0.051195] usb1_vbus: Failed to request enable GPIO170: -517
[    0.051209] reg-fixed-voltage regulators:regulator@2: Failed to register regulator: -517
[    0.054702] vgaarb: loaded
[    0.055257] SCSI subsystem initialized
[    0.055380] libata version 3.00 loaded.
[    0.055559] usbcore: registered new interface driver usbfs
[    0.055601] usbcore: registered new interface driver hub
[    0.055638] usbcore: registered new device driver usb
[    0.057567] pps_core: LinuxPPS API ver. 1 registered
[    0.057575] pps_core: Software ver. 5.3.6 - Copyright 2005-2007 Rodolfo Giometti <giometti@linux.it>
[    0.057591] PTP clock support registered
[    0.057728] EDAC MC: Ver: 3.0.0
[    0.059454] clocksource: Switched to clocksource timer_us
[    0.066646] NET: Registered protocol family 2
[    0.067049] TCP established hash table entries: 8192 (order: 3, 32768 bytes)
[    0.067124] TCP bind hash table entries: 8192 (order: 4, 65536 bytes)
[    0.067237] TCP: Hash tables configured (established 8192 bind 8192)
[    0.067337] UDP hash table entries: 512 (order: 2, 16384 bytes)
[    0.067383] UDP-Lite hash table entries: 512 (order: 2, 16384 bytes)
[    0.067540] NET: Registered protocol family 1
[    0.067782] RPC: Registered named UNIX socket transport module.
[    0.067790] RPC: Registered udp transport module.
[    0.067796] RPC: Registered tcp transport module.
[    0.067801] RPC: Registered tcp NFSv4.1 backchannel transport module.
[    0.067810] PCI: CLS 0 bytes, default 64
[    0.068599] hw perfevents: enabled with armv7_cortex_a9 PMU driver, 7 counters available
[    0.069936] workingset: timestamp_bits=30 max_order=18 bucket_order=0
[    0.076320] squashfs: version 4.0 (2009/01/31) Phillip Lougher
[    0.076905] NFS: Registering the id_resolver key type
[    0.076931] Key type id_resolver registered
[    0.076938] Key type id_legacy registered
[    0.076968] ntfs: driver 2.1.32 [Flags: R/O].
[    0.078107] bounce: pool size: 64 pages
[    0.078145] Block layer SCSI generic (bsg) driver version 0.4 loaded (major 248)
[    0.078153] io scheduler noop registered
[    0.078159] io scheduler deadline registered
[    0.078302] io scheduler cfq registered (default)
[    0.078310] io scheduler mq-deadline registered
[    0.089161] tegra-pcie 80003000.pcie-controller: dual-mode configuration
[    0.089862] tegra-pcie 80003000.pcie-controller: probing port 0, using 2 lanes
[    0.173614] tegra-pcie 80003000.pcie-controller: PCI host bridge to bus 0000:00
[    0.173626] pci_bus 0000:00: root bus resource [io  0x0000-0xffff]
[    0.173635] pci_bus 0000:00: root bus resource [mem 0xa0000000-0xa7ffffff]
[    0.173644] pci_bus 0000:00: root bus resource [mem 0xa8000000-0xbfffffff pref]
[    0.173652] pci_bus 0000:00: root bus resource [bus 00-ff]
[    0.173680] pci 0000:00:01.0: [10de:0bf0] type 01 class 0x060000
[    0.173707] pci_bus 0000:00: 2-byte config write to 0000:00:01.0 offset 0x88 may corrupt adjacent RW1C bits
[    0.173742] pci_bus 0000:00: 2-byte config write to 0000:00:01.0 offset 0x52 may corrupt adjacent RW1C bits
[    0.173774] pci 0000:00:01.0: PME# supported from D0 D1 D2 D3hot D3cold
[    0.173785] pci_bus 0000:00: 2-byte config write to 0000:00:01.0 offset 0x4c may corrupt adjacent RW1C bits
[    0.173961] pci_bus 0000:00: 2-byte config write to 0000:00:01.0 offset 0x3e may corrupt adjacent RW1C bits
[    0.173973] pci_bus 0000:00: 2-byte config write to 0000:00:01.0 offset 0x4 may corrupt adjacent RW1C bits
[    0.173983] pci_bus 0000:00: 1-byte config write to 0000:00:01.0 offset 0xc may corrupt adjacent RW1C bits
[    0.173989] PCI: bus0: Fast back to back transfers disabled
[    0.173998] pci 0000:00:01.0: bridge configuration invalid ([bus 00-00]), reconfiguring
[    0.174008] pci_bus 0000:00: 2-byte config write to 0000:00:01.0 offset 0x3e may corrupt adjacent RW1C bits
[    0.174018] pci_bus 0000:00: 2-byte config write to 0000:00:01.0 offset 0x3e may corrupt adjacent RW1C bits
[    0.174028] pci_bus 0000:00: 2-byte config write to 0000:00:01.0 offset 0x3e may corrupt adjacent RW1C bits
[    0.174038] pci_bus 0000:00: 2-byte config write to 0000:00:01.0 offset 0x6 may corrupt adjacent RW1C bits
[    0.174151] pci 0000:01:00.0: [10ec:8168] type 00 class 0x020000
[    0.174175] pci 0000:01:00.0: reg 0x10: [io  0x0000-0x00ff]
[    0.174199] pci 0000:01:00.0: reg 0x18: [mem 0x00000000-0x00000fff 64bit pref]
[    0.174217] pci 0000:01:00.0: reg 0x20: [mem 0x00000000-0x00003fff 64bit pref]
[    0.174230] pci 0000:01:00.0: reg 0x30: [mem 0x00000000-0x0001ffff pref]
[    0.174310] pci 0000:01:00.0: supports D1 D2
[    0.174318] pci 0000:01:00.0: PME# supported from D0 D1 D2 D3hot D3cold
[    0.199499] PCI: bus1: Fast back to back transfers disabled
[    0.199512] pci_bus 0000:01: busn_res: [bus 01-ff] end is updated to 01
[    0.199524] Disabling cpuidle LP2 state, since PCIe IRQs are in use
[    0.199584] pci 0000:00:01.0: BAR 8: assigned [mem 0xa0000000-0xa00fffff]
[    0.199595] pci 0000:00:01.0: BAR 9: assigned [mem 0xa8000000-0xa80fffff 64bit pref]
[    0.199604] pci 0000:00:01.0: BAR 7: assigned [io  0x1000-0x1fff]
[    0.199616] pci 0000:01:00.0: BAR 6: assigned [mem 0xa0000000-0xa001ffff pref]
[    0.199626] pci 0000:01:00.0: BAR 4: assigned [mem 0xa8000000-0xa8003fff 64bit pref]
[    0.199645] pci 0000:01:00.0: BAR 2: assigned [mem 0xa8004000-0xa8004fff 64bit pref]
[    0.199664] pci 0000:01:00.0: BAR 0: assigned [io  0x1000-0x10ff]
[    0.199675] pci 0000:00:01.0: PCI bridge to [bus 01]
[    0.199683] pci 0000:00:01.0:   bridge window [io  0x1000-0x1fff]
[    0.199691] pci 0000:00:01.0:   bridge window [mem 0xa0000000-0xa00fffff]
[    0.199699] pci 0000:00:01.0:   bridge window [mem 0xa8000000-0xa80fffff 64bit pref]
[    0.199720] pci 0000:00:01.0: nv_msi_ht_cap_quirk didn't locate host bridge
[    0.199770] pcieport 0000:00:01.0: enabling device (0140 -> 0143)
[    0.199945] pcieport 0000:00:01.0: Signaling PME with IRQ 295
[    0.205806] tegra-apbdma 6000a000.dma: Tegra20 APB DMA driver register 16 channels
[    0.253629] Serial: 8250/16550 driver, 4 ports, IRQ sharing disabled
[    0.255802] console [ttyS0] disabled
[    0.255837] 70006000.serial: ttyS0 at MMIO 0x70006000 (irq = 279, base_baud = 13500000) is a Tegra
[    1.310175] console [ttyS0] enabled
[    1.314236] SuperH (H)SCI(F) driver initialized
[    1.319481] msm_serial: driver initialized
[    1.323698] STMicroelectronics ASC driver initialized
[    1.333656] tegra-hdmi 54280000.hdmi: 54280000.hdmi supply hdmi not found, using dummy regulator
[    1.344340] [drm] Supports vblank timestamp caching Rev 2 (21.10.2013).
[    1.350960] [drm] No driver support for vblank timestamp query.
[    1.356890] [drm] Cannot find any crtc or sizes - going 1024x768
[    1.378805] Console: switching to colour frame buffer device 128x48
[    1.393492] drm drm: fb0:  frame buffer device
[    1.397972] [drm] Initialized tegra 0.0.0 20120330 for drm on minor 0
[    1.413373] brd: module loaded
[    1.422087] loop: module loaded
[    1.430836] m25p80 spi32766.0: found s25fl008k, expected w25q80bl
[    1.436922] m25p80 spi32766.0: s25fl008k (1024 Kbytes)
[    1.444277] libphy: Fixed MDIO Bus: probed
[    1.449126] CAN device driver interface
[    1.453640] bgmac_bcma: Broadcom 47xx GBit MAC driver loaded
[    1.460276] e1000e: Intel(R) PRO/1000 Network Driver - 3.2.6-k
[    1.466093] e1000e: Copyright(c) 1999 - 2015 Intel Corporation.
[    1.472060] igb: Intel(R) Gigabit Ethernet Network Driver - version 5.4.0-k
[    1.479003] igb: Copyright (c) 2007-2014 Intel Corporation.
[    1.485090] r8169 Gigabit Ethernet driver 2.3LK-NAPI loaded
[    1.490685] r8169 0000:01:00.0: enabling device (0140 -> 0143)
[    1.497320] r8169 0000:01:00.0 eth0: RTL8168d/8111d at 0xf08fc000, 00:01:c0:13:7d:63, XID 081000c0 IRQ 296
[    1.506980] r8169 0000:01:00.0 eth0: jumbo features [frames: 9200 bytes, tx checksumming: ko]
[    1.517566] pegasus: v0.9.3 (2013/04/25), Pegasus/Pegasus II USB Ethernet driver
[    1.525023] usbcore: registered new interface driver pegasus
[    1.530728] usbcore: registered new interface driver asix
[    1.536140] usbcore: registered new interface driver ax88179_178a
[    1.542267] usbcore: registered new interface driver cdc_ether
[    1.548123] usbcore: registered new interface driver smsc75xx
[    1.553911] usbcore: registered new interface driver smsc95xx
[    1.559684] usbcore: registered new interface driver net1080
[    1.565354] usbcore: registered new interface driver cdc_subset
[    1.571300] usbcore: registered new interface driver zaurus
[    1.576898] usbcore: registered new interface driver cdc_ncm
[    1.582827] tegra-phy c5004000.usb-phy: no vbus regulator
[    1.589294] tegra-phy c5008000.usb-phy: no vbus regulator
[    1.595971] ehci_hcd: USB 2.0 'Enhanced' Host Controller (EHCI) Driver
[    1.602502] ehci-pci: EHCI PCI platform driver
[    1.606968] ehci-platform: EHCI generic platform driver
[    1.612347] ehci-orion: EHCI orion driver
[    1.616443] SPEAr-ehci: EHCI SPEAr driver
[    1.620558] ehci-st: EHCI STMicroelectronics driver
[    1.625522] ehci-exynos: EHCI EXYNOS driver
[    1.629823] ehci-atmel: EHCI Atmel driver
[    1.633918] tegra-ehci: Tegra EHCI driver
[    1.690657] ulpi_phy_power_on: ulpi write failed
[    1.695264] tegra-ehci c5004000.usb: Failed to power on the phy
[    1.701199] tegra-ehci: probe of c5004000.usb failed with error -110
[    1.710172] tegra-ehci c5008000.usb: EHCI Host Controller
[    1.715582] tegra-ehci c5008000.usb: new USB bus registered, assigned bus number 1
[    1.723393] tegra-ehci c5008000.usb: irq 290, io mem 0xc5008000
[    1.749471] tegra-ehci c5008000.usb: USB 2.0 started, EHCI 1.00
[    1.755988] hub 1-0:1.0: USB hub found
[    1.759770] hub 1-0:1.0: 1 port detected
[    1.763992] ohci_hcd: USB 1.1 'Open' Host Controller (OHCI) Driver
[    1.770182] ohci-pci: OHCI PCI platform driver
[    1.774660] ohci-platform: OHCI generic platform driver
[    1.780038] ohci-omap3: OHCI OMAP3 driver
[    1.784138] SPEAr-ohci: OHCI SPEAr driver
[    1.788235] ohci-st: OHCI STMicroelectronics driver
[    1.793223] ohci-atmel: OHCI Atmel driver
[    1.797806] usbcore: registered new interface driver usb-storage
[    1.806249] rtc-em3027 2-0056: rtc core: registered rtc-em3027 as rtc0
[    1.813919] tegra_rtc 7000e000.rtc: rtc core: registered 7000e000.rtc as rtc1
[    1.821085] tegra_rtc 7000e000.rtc: Tegra internal Real Time Clock
[    1.827644] i2c /dev entries driver
[    1.840292] sdhci: Secure Digital Host Controller Interface driver
[    1.846457] sdhci: Copyright(c) Pierre Ossman
[    1.851943] Synopsys Designware Multimedia Card Interface Driver
[    1.858763] sdhci-pltfm: SDHCI platform and OF driver helper
[    1.865187] mmc0: Invalid maximum block size, assuming 512 bytes
[    1.929470] mmc0: SDHCI controller on c8000000.sdhci [c8000000.sdhci] using ADMA
[    1.936949] sdhci-tegra c8000600.sdhci: Got CD GPIO
[    1.941846] sdhci-tegra c8000600.sdhci: Got WP GPIO
[    1.946882] mmc1: Invalid maximum block size, assuming 512 bytes
[    2.009553] mmc1: SDHCI controller on c8000600.sdhci [c8000600.sdhci] using ADMA
[    2.018289] ledtrig-cpu: registered to indicate activity on CPUs
[    2.024601] usbcore: registered new interface driver usbhid
[    2.030212] usbhid: USB HID core driver
[    2.037333] NET: Registered protocol family 10
[    2.042625] Segment Routing with IPv6
[    2.046339] sit: IPv6, IPv4 and MPLS over IPv4 tunneling driver
[    2.052773] NET: Registered protocol family 17
[    2.057210] can: controller area network core (rev 20120528 abi 9)
[    2.063568] NET: Registered protocol family 29
[    2.068001] can: raw protocol (rev 20120528)
[    2.072273] can: broadcast manager protocol (rev 20161123 t)
[    2.077921] can: netlink gateway (rev 20130117) max_hops=1
[    2.083705] Key type dns_resolver registered
[    2.088342] ThumbEE CPU extension supported.
[    2.092623] Registering SWP/SWPB emulation handler
[    2.107136] utmi_phy_clk_enable: timeout waiting for phy to stabilize
[    2.113643] tegra-ehci c5000000.usb: EHCI Host Controller
[    2.119053] tegra-ehci c5000000.usb: new USB bus registered, assigned bus number 2
[    2.126910] tegra-ehci c5000000.usb: irq 288, io mem 0xc5000000
[    2.139688] mmc0: host does not support reading read-only switch, assuming write-enable
[    2.149569] mmc1: new high speed SD card at address b368
[    2.155244] mmc0: new high speed SDHC card at address b368
[    2.159501] usb 1-1: new high-speed USB device number 2 using tegra-ehci
[    2.167966] mmcblk1: mmc1:b368 NCard 1.83 GiB (ro)
[    2.173040] mmcblk0: mmc0:b368 NCard 3.70 GiB 
[    2.179807]  mmcblk0: p1
[    2.182536]  mmcblk1: p1 p2
[    2.189500] tegra-ehci c5000000.usb: USB 2.0 started, EHCI 1.00
[    2.196310] hub 2-0:1.0: USB hub found
[    2.200126] hub 2-0:1.0: 1 port detected
[    2.205321] input: gpio-keys as /devices/soc0/gpio-keys/input/input0
[    2.212419] rtc-em3027 2-0056: hctosys: unable to read the hardware clock
[    2.221142] EXT4-fs (mmcblk0p1): mounting ext3 file system using the ext4 subsystem
[    2.380629] hub 1-1:1.0: USB hub found
[    2.384548] hub 1-1:1.0: 4 ports detected
[    2.709539] usb 1-1.2: new high-speed USB device number 3 using tegra-ehci
[    3.334398] asix 1-1.2:1.0 eth1: register 'asix' at usb-c5008000.usb-1.2, ASIX AX88772 USB 2.0 Ethernet, 00:60:6e:60:6c:68
[    3.345559] random: fast init done
[    3.879014] EXT4-fs (mmcblk0p1): recovery complete
[    4.122177] EXT4-fs (mmcblk0p1): mounted filesystem with ordered data mode. Opts: (null)
[    4.130437] VFS: Mounted root (ext3 filesystem) on device 179:17.
[    4.147583] devtmpfs: mounted
[    4.157632] Freeing unused kernel memory: 2048K
bash: cannot set terminal process group (-1): Inappropriate ioctl for device
bash: no job control in this shell
root@(none):/#  
root@(none):/# 