
U-Boot SPL 2016.05-rc2 (Apr 21 2016 - 16:23:00)
Trying to boot from RAM


U-Boot 2016.05-rc2 (Apr 21 2016 - 16:23:00 -0700)

TEGRA124
Model: NVIDIA Jetson TK1
Board: NVIDIA Jetson TK1
DRAM:  2 GiB
MC:   Tegra SD/MMC: 0, Tegra SD/MMC: 1
In:    serial
Out:   serial
Err:   serial
Net:   No ethernet found.
Hit any key to stop autoboot:  2  0 
Tegra124 (Jetson TK1) # 
Tegra124 (Jetson TK1) # pci enum
Tegra124 (Jetson TK1) # setenv bootargs 'ignore_loglevel console=ttyS0,115200n8 rw root=PARTUUID=b1791faa-84e8-4e27-83a1-9fb0a77e8803 rootwait gpt debug noinitrd earlyprintk init=/bin/bash'
Tegra124 (Jetson TK1) # setenv ipaddr 192.168.100.102; setenv serverip 192.168.100.1; setenv tftpserverip 192.168.100.1
Tegra124 (Jetson TK1) # tftpboot 0x82000000 zImage.multi_v7_defconfig

Warning: eth_rtl8169 using MAC address from ROM
Using eth_rtl8169 device
TFTP from server 192.168.100.1; our IP address is 192.168.100.102
Filename 'zImage.multi_v7_defconfig'.
Load address: 0x82000000
Loading: *#################################################################
	 #################################################################
	 #################################################################
	 #################################################################
	 #################################################################
	 #################################################################
	 #################################################################
	 ##########################################
	 3.1 MiB/s
done
Bytes transferred = 7287624 (6f3348 hex)
Tegra124 (Jetson TK1) # tftpboot 0x83000000 tegra124-jetson-tk1.dtb
Using eth_rtl8169 device
TFTP from server 192.168.100.1; our IP address is 192.168.100.102
Filename 'tegra124-jetson-tk1.dtb'.
Load address: 0x83000000
Loading: *#####
	 3.6 MiB/s
done
Bytes transferred = 67133 (1063d hex)
Tegra124 (Jetson TK1) # bootz 0x82000000 - 0x83000000
Kernel image @ 0x82000000 [ 0x000000 - 0x6f3348 ]
## Flattened Device Tree blob at 83000000
   Booting using the fdt blob at 0x83000000
   Using Device Tree in place at 83000000, end 8301363c

Starting kernel ...

[    0.000000] Booting Linux on physical CPU 0x0
[    0.000000] Linux version 4.9.0-rc8-128885-g3e5de27 (pwalmsley@sellafield) (gcc version 4.7.3 20130328 (prerelease) (crosstool-NG linaro-1.13.1-4.7-2013.04-20130415 - Linaro GCC 2013.04) ) #1 SMP Tue Dec 6 04:04:04 PST 2016
[    0.000000] CPU: ARMv7 Processor [413fc0f3] revision 3 (ARMv7), cr=10c5387d
[    0.000000] CPU: div instructions available: patching division code
[    0.000000] CPU: PIPT / VIPT nonaliasing data cache, PIPT instruction cache
[    0.000000] OF: fdt:Machine model: NVIDIA Tegra124 Jetson TK1
[    0.000000] debug: ignoring loglevel setting.
[    0.000000] efi: Getting EFI parameters from FDT:
[    0.000000] efi: UEFI not found.
[    0.000000] cma: Reserved 64 MiB at 0xfb800000
[    0.000000] Memory policy: Data cache writealloc
[    0.000000] On node 0 totalpages: 524032
[    0.000000] free_area_init_node: node 0, pgdat c1427fc0, node_mem_map eeff8000
[    0.000000]   DMA zone: 1536 pages used for memmap
[    0.000000]   DMA zone: 0 pages reserved
[    0.000000]   DMA zone: 196608 pages, LIFO batch:31
[    0.000000]   HighMem zone: 327424 pages, LIFO batch:31
[    0.000000] percpu: Embedded 14 pages/cpu @eef8e000 s26624 r8192 d22528 u57344
[    0.000000] pcpu-alloc: s26624 r8192 d22528 u57344 alloc=14*4096
[    0.000000] pcpu-alloc: [0] 0 [0] 1 [0] 2 [0] 3 
[    0.000000] Built 1 zonelists in Zone order, mobility grouping on.  Total pages: 522496
[    0.000000] Kernel command line: ignore_loglevel console=ttyS0,115200n8 rw root=PARTUUID=b1791faa-84e8-4e27-83a1-9fb0a77e8803 rootwait gpt debug noinitrd earlyprintk init=/bin/bash
[    0.000000] PID hash table entries: 4096 (order: 2, 16384 bytes)
[    0.000000] Dentry cache hash table entries: 131072 (order: 7, 524288 bytes)
[    0.000000] Inode-cache hash table entries: 65536 (order: 6, 262144 bytes)
[    0.000000] Memory: 1994968K/2096128K available (9216K kernel code, 1190K rwdata, 4068K rodata, 2048K init, 343K bss, 35624K reserved, 65536K cma-reserved, 1244160K highmem)
[    0.000000] Virtual kernel memory layout:
[    0.000000]     vector  : 0xffff0000 - 0xffff1000   (   4 kB)
[    0.000000]     fixmap  : 0xffc00000 - 0xfff00000   (3072 kB)
[    0.000000]     vmalloc : 0xf0800000 - 0xff800000   ( 240 MB)
[    0.000000]     lowmem  : 0xc0000000 - 0xf0000000   ( 768 MB)
[    0.000000]     pkmap   : 0xbfe00000 - 0xc0000000   (   2 MB)
[    0.000000]     modules : 0xbf000000 - 0xbfe00000   (  14 MB)
[    0.000000]       .text : 0xc0208000 - 0xc0c00000   (10208 kB)
[    0.000000]       .init : 0xc1100000 - 0xc1300000   (2048 kB)
[    0.000000]       .data : 0xc1300000 - 0xc1429aa0   (1191 kB)
[    0.000000]        .bss : 0xc142b000 - 0xc1480fc8   ( 344 kB)
[    0.000000] SLUB: HWalign=64, Order=0-3, MinObjects=0, CPUs=4, Nodes=1
[    0.000000] Hierarchical RCU implementation.
[    0.000000] 	Build-time adjustment of leaf fanout to 32.
[    0.000000] 	RCU restricting CPUs from NR_CPUS=16 to nr_cpu_ids=4.
[    0.000000] RCU: Adjusting geometry for rcu_fanout_leaf=32, nr_cpu_ids=4
[    0.000000] NR_IRQS:16 nr_irqs:16 16
[    0.000000] /interrupt-controller@60004000: 160 interrupts forwarded to /interrupt-controller@50041000
[    0.000000] Tegra clk 127: register failed with -17
[    0.000008] sched_clock: 32 bits at 1000kHz, resolution 1000ns, wraps every 2147483647500ns
[    0.000031] clocksource: timer_us: mask: 0xffffffff max_cycles: 0xffffffff, max_idle_ns: 1911260446275 ns
[    0.000045] Switching to timer-based delay loop, resolution 1000ns
[    0.005542] arm_arch_timer: Architected cp15 timer(s) running at 12.00MHz (virt).
[    0.005560] clocksource: arch_sys_counter: mask: 0xffffffffffffff max_cycles: 0x2c47f4ee7, max_idle_ns: 440795202497 ns
[    0.005577] sched_clock: 56 bits at 12MHz, resolution 83ns, wraps every 4398046511096ns
[    0.005591] Switching to timer-based delay loop, resolution 83ns
[    0.006048] Console: colour dummy device 80x30
[    0.006076] Calibrating delay loop (skipped), value calculated using timer frequency.. 24.00 BogoMIPS (lpj=60000)
[    0.006090] pid_max: default: 32768 minimum: 301
[    0.006185] Mount-cache hash table entries: 2048 (order: 1, 8192 bytes)
[    0.006197] Mountpoint-cache hash table entries: 2048 (order: 1, 8192 bytes)
[    0.006796] CPU: Testing write buffer coherency: ok
[    0.007017] /cpus/cpu@0 missing clock-frequency property
[    0.007059] /cpus/cpu@1 missing clock-frequency property
[    0.007099] /cpus/cpu@2 missing clock-frequency property
[    0.007142] /cpus/cpu@3 missing clock-frequency property
[    0.007153] CPU0: thread -1, cpu 0, socket 0, mpidr 80000000
[    0.007175] Setting up static identity map for 0x80300000 - 0x80300098
[    0.010911] Tegra Revision: A01 SKU: 129 CPU Process: 1 SoC Process: 1
[    0.011580] EFI services will not be available.
[    0.012326] CPU1: thread -1, cpu 1, socket 0, mpidr 80000001
[    0.015985] CPU2: thread -1, cpu 2, socket 0, mpidr 80000002
[    0.020987] CPU3: thread -1, cpu 3, socket 0, mpidr 80000003
[    0.025499] Brought up 4 CPUs
[    0.025519] SMP: Total of 4 processors activated (96.00 BogoMIPS).
[    0.025526] CPU: All CPU(s) started in SVC mode.
[    0.027009] devtmpfs: initialized
[    0.047762] VFP support v0.3: implementor 41 architecture 4 part 30 variant f rev 0
[    0.048206] clocksource: jiffies: mask: 0xffffffff max_cycles: 0xffffffff, max_idle_ns: 9556302231375000 ns
[    0.049571] pinctrl core: initialized pinctrl subsystem
[    0.051362] NET: Registered protocol family 16
[    0.053305] DMA: preallocated 256 KiB pool for atomic coherent allocations
[    0.070631] cpuidle: using governor menu
[    0.101256] No ATAGs?
[    0.101283] hw-breakpoint: found 5 (+1 reserved) breakpoint and 4 watchpoint registers.
[    0.101293] hw-breakpoint: maximum watchpoint size is 8 bytes.
[    0.108293] Serial: AMBA PL011 UART driver
[    0.145964] +5V_SYS: supplied by +VDD_MUX
[    0.146270] +3.3V_SYS: supplied by +VDD_MUX
[    0.146921] +USB0_VBUS_SW: Failed to request enable GPIO108: -517
[    0.146936] reg-fixed-voltage regulators:regulator@7: Failed to register regulator: -517
[    0.147024] +5V_USB_HS: Failed to request enable GPIO109: -517
[    0.147037] reg-fixed-voltage regulators:regulator@8: Failed to register regulator: -517
[    0.147200] +1.05V_RUN_AVDD_HDMI_PLL: Failed to request enable GPIO63: -517
[    0.147212] reg-fixed-voltage regulators:regulator@11: Failed to register regulator: -517
[    0.147297] +5V_HDMI_CON: Failed to request enable GPIO86: -517
[    0.147310] reg-fixed-voltage regulators:regulator@12: Failed to register regulator: -517
[    0.147395] +5V_SATA: Failed to request enable GPIO242: -517
[    0.147407] reg-fixed-voltage regulators:regulator@13: Failed to register regulator: -517
[    0.147490] +12V_SATA: Failed to request enable GPIO242: -517
[    0.147501] reg-fixed-voltage regulators:regulator@14: Failed to register regulator: -517
[    0.150772] vgaarb: loaded
[    0.151660] SCSI subsystem initialized
[    0.151821] libata version 3.00 loaded.
[    0.152108] usbcore: registered new interface driver usbfs
[    0.152174] usbcore: registered new interface driver hub
[    0.152236] usbcore: registered new device driver usb
[    0.155828] pps_core: LinuxPPS API ver. 1 registered
[    0.155860] pps_core: Software ver. 5.3.6 - Copyright 2005-2007 Rodolfo Giometti <giometti@linux.it>
[    0.155885] PTP clock support registered
[    0.156080] EDAC MC: Ver: 3.0.0
[    0.159282] clocksource: Switched to clocksource arch_sys_counter
[    0.170582] NET: Registered protocol family 2
[    0.171095] TCP established hash table entries: 8192 (order: 3, 32768 bytes)
[    0.171194] TCP bind hash table entries: 8192 (order: 4, 65536 bytes)
[    0.171380] TCP: Hash tables configured (established 8192 bind 8192)
[    0.171431] UDP hash table entries: 512 (order: 2, 16384 bytes)
[    0.171473] UDP-Lite hash table entries: 512 (order: 2, 16384 bytes)
[    0.171630] NET: Registered protocol family 1
[    0.171942] RPC: Registered named UNIX socket transport module.
[    0.171952] RPC: Registered udp transport module.
[    0.171959] RPC: Registered tcp transport module.
[    0.171966] RPC: Registered tcp NFSv4.1 backchannel transport module.
[    0.171977] PCI: CLS 0 bytes, default 64
[    0.173195] hw perfevents: enabled with armv7_cortex_a15 PMU driver, 7 counters available
[    0.174699] futex hash table entries: 1024 (order: 4, 65536 bytes)
[    0.175445] workingset: timestamp_bits=30 max_order=19 bucket_order=0
[    0.186630] squashfs: version 4.0 (2009/01/31) Phillip Lougher
[    0.187480] NFS: Registering the id_resolver key type
[    0.187507] Key type id_resolver registered
[    0.187516] Key type id_legacy registered
[    0.187558] ntfs: driver 2.1.32 [Flags: R/O].
[    0.188778] bounce: pool size: 64 pages
[    0.188980] Block layer SCSI generic (bsg) driver version 0.4 loaded (major 248)
[    0.188990] io scheduler noop registered
[    0.188998] io scheduler deadline registered
[    0.189182] io scheduler cfq registered (default)
[    0.194809] usb2-0 supply vbus not found, using dummy regulator
[    0.194931] usb2-1 supply vbus not found, using dummy regulator
[    0.195317] tegra-xusb-padctl 7009f000.padctl: failed to setup XUSB ports: -517
[    0.196016] libphy: mdio_driver_register: phy-bcm-ns2-pci
[    0.212062] tegra-pcie 1003000.pcie-controller: 2x1, 1x1 configuration
[    0.212116] tegra-pcie 1003000.pcie-controller: Failed to get supply 'avddio-pex': -517
[    0.218128] tegra124-dfll 70110000.clock: couldn't get vdd_cpu regulator
[    0.226368] tegra-apbdma 60020000.dma: Tegra20 APB DMA driver register 32 channels
[    0.228320] tegra-pmc 7000e400.pmc: emergency thermal reset enabled
[    0.288848] Serial: 8250/16550 driver, 4 ports, IRQ sharing disabled
[    0.291824] console [ttyS0] disabled
[    0.291859] 70006300.serial: ttyS0 at MMIO 0x70006300 (irq = 335, base_baud = 25500000) is a Tegra
[    1.169192] console [ttyS0] enabled
[    1.173591] SuperH (H)SCI(F) driver initialized
[    1.179192] msm_serial: driver initialized
[    1.183508] STMicroelectronics ASC driver initialized
[    1.189481] 70006000.serial: ttyTHS1 at MMIO 0x70006000 (irq = 333, base_baud = 0) is a TEGRA_UART
[    1.198778] 70006040.serial: ttyTHS2 at MMIO 0x70006040 (irq = 334, base_baud = 0) is a TEGRA_UART
[    1.211153] [drm] Initialized
[    1.217321] tegra-hdmi 54280000.hdmi: failed to get HDMI regulator
[    1.236973] brd: module loaded
[    1.246170] loop: module loaded
[    1.250574] at24 0-0056: 256 byte 24c02 EEPROM, writable, 8 bytes/write
[    1.258968] as3722 4-0040: AS3722 with revision 0x1 found
[    1.271393] as3722-sd2: supplied by +5V_SYS
[    1.276071] as3722-sd3: supplied by +5V_SYS
[    1.280489] +1.35V_LP0(sd3): Bringing 0uV into 1350000-1350000uV
[    1.286867] as3722-sd4: supplied by +5V_SYS
[    1.291524] as3722-sd5: supplied by +5V_SYS
[    1.297609] as3722-ldo0: supplied by +1.35V_LP0(sd2)
[    1.303705] +1.8V_RUN_CAM: Bringing 0uV into 1800000-1800000uV
[    1.309972] as3722-ldo2: supplied by +1.8V_VDDIO
[    1.315916] as3722-ldo3: supplied by +3.3V_SYS
[    1.320412] +1.05V_LP0_VDD_RTC: Bringing 1100000uV into 1000000-1000000uV
[    1.328231] as3722-ldo4: supplied by +3.3V_SYS
[    1.332905] +2.8V_RUN_CAM: Bringing 0uV into 2800000-2800000uV
[    1.339169] as3722-ldo5: supplied by +1.8V_VDDIO
[    1.344017] +1.2V_RUN_CAM_FRONT: Bringing 0uV into 1200000-1200000uV
[    1.350995] +VDDIO_SDMMC3: bypassed regulator has no supply!
[    1.356666] +VDDIO_SDMMC3: failed to get the current voltage(-517)
[    1.362858] as3722-regulator as3722-regulator: regulator 13 register failed -517
[    1.375606] tegra-ahci 70027000.sata: couldn't get PHY in node sata: -517
[    1.395680] random: fast init done
[    1.399288] m25p80 spi32765.0: w25q32dw (4096 Kbytes)
[    1.407461] libphy: Fixed MDIO Bus: probed
[    1.412756] CAN device driver interface
[    1.418857] e1000e: Intel(R) PRO/1000 Network Driver - 3.2.6-k
[    1.424699] e1000e: Copyright(c) 1999 - 2015 Intel Corporation.
[    1.430694] igb: Intel(R) Gigabit Ethernet Network Driver - version 5.4.0-k
[    1.437660] igb: Copyright (c) 2007-2014 Intel Corporation.
[    1.446962] pegasus: v0.9.3 (2013/04/25), Pegasus/Pegasus II USB Ethernet driver
[    1.454417] usbcore: registered new interface driver pegasus
[    1.460143] usbcore: registered new interface driver asix
[    1.465593] usbcore: registered new interface driver ax88179_178a
[    1.471736] usbcore: registered new interface driver cdc_ether
[    1.477635] usbcore: registered new interface driver smsc75xx
[    1.483449] usbcore: registered new interface driver smsc95xx
[    1.489248] usbcore: registered new interface driver net1080
[    1.494957] usbcore: registered new interface driver cdc_subset
[    1.500924] usbcore: registered new interface driver zaurus
[    1.506568] usbcore: registered new interface driver cdc_ncm
[    1.512455] tegra-phy 7d004000.usb-phy: no vbus regulator
[    1.519995] ehci_hcd: USB 2.0 'Enhanced' Host Controller (EHCI) Driver
[    1.526530] ehci-pci: EHCI PCI platform driver
[    1.531029] ehci-platform: EHCI generic platform driver
[    1.536485] ehci-orion: EHCI orion driver
[    1.540654] SPEAr-ehci: EHCI SPEAr driver
[    1.544827] ehci-st: EHCI STMicroelectronics driver
[    1.549870] ehci-exynos: EHCI EXYNOS driver
[    1.554217] ehci-atmel: EHCI Atmel driver
[    1.558386] tegra-ehci: Tegra EHCI driver
[    1.565240] tegra-ehci 7d004000.usb: EHCI Host Controller
[    1.570668] tegra-ehci 7d004000.usb: new USB bus registered, assigned bus number 1
[    1.578413] tegra-ehci 7d004000.usb: irq 354, io mem 0x7d004000
[    1.599307] tegra-ehci 7d004000.usb: USB 2.0 started, EHCI 1.10
[    1.606056] hub 1-0:1.0: USB hub found
[    1.609867] hub 1-0:1.0: 1 port detected
[    1.614406] ohci_hcd: USB 1.1 'Open' Host Controller (OHCI) Driver
[    1.620608] ohci-pci: OHCI PCI platform driver
[    1.625117] ohci-platform: OHCI generic platform driver
[    1.630537] ohci-omap3: OHCI OMAP3 driver
[    1.634710] SPEAr-ohci: OHCI SPEAr driver
[    1.638870] ohci-st: OHCI STMicroelectronics driver
[    1.643908] ohci-atmel: OHCI Atmel driver
[    1.648738] usbcore: registered new interface driver usb-storage
[    1.656479] mousedev: PS/2 mouse device common for all mice
[    1.665403] as3722-rtc as3722-rtc: rtc core: registered as3722-rtc as rtc0
[    1.672292] as3722-rtc as3722-rtc: RTC interrupt 377
[    1.680694] tegra_rtc 7000e000.rtc: rtc core: registered 7000e000.rtc as rtc1
[    1.687884] tegra_rtc 7000e000.rtc: Tegra internal Real Time Clock
[    1.694687] i2c /dev entries driver
[    1.705466] 0-004c supply vcc not found, using dummy regulator
[    1.721475] sdhci: Secure Digital Host Controller Interface driver
[    1.727669] sdhci: Copyright(c) Pierre Ossman
[    1.733715] Synopsys Designware Multimedia Card Interface Driver
[    1.740948] sdhci-pltfm: SDHCI platform and OF driver helper
[    1.747407] sdhci-tegra 700b0400.sdhci: Got CD GPIO
[    1.752314] sdhci-tegra 700b0400.sdhci: Got WP GPIO
[    1.757447] mmc0: Unknown controller version (3). You may experience problems.
[    1.764763] mmc0: Invalid maximum block size, assuming 512 bytes
[    1.814308] mmc0: SDHCI controller on 700b0600.sdhci [700b0600.sdhci] using ADMA
[    1.823726] ledtrig-cpu: registered to indicate activity on CPUs
[    1.830092] usbcore: registered new interface driver usbhid
[    1.835675] usbhid: USB HID core driver
[    1.843154] NET: Registered protocol family 10
[    1.848542] sit: IPv6, IPv4 and MPLS over IPv4 tunneling driver
[    1.855153] NET: Registered protocol family 17
[    1.859619] can: controller area network core (rev 20120528 abi 9)
[    1.865867] NET: Registered protocol family 29
[    1.870321] can: raw protocol (rev 20120528)
[    1.874600] can: broadcast manager protocol (rev 20161123 t)
[    1.880272] can: netlink gateway (rev 20130117) max_hops=1
[    1.886137] Key type dns_resolver registered
[    1.891079] ThumbEE CPU extension supported.
[    1.895367] Registering SWP/SWPB emulation handler
[    1.916726] +3.3V_RUN: supplied by +3.3V_SYS
[    1.922140] +3.3V_AVDD_HDMI_AP_GATED: supplied by +3.3V_RUN
[    1.928177] +USB0_VBUS_SW: supplied by +5V_SYS
[    1.933304] +5V_USB_HS: supplied by +5V_SYS
[    1.939404] +3.3V_LP0: supplied by +3.3V_SYS
[    1.945448] +5V_HDMI_CON: supplied by +5V_SYS
[    1.950691] +5V_SATA: supplied by +5V_SYS
[    1.955546] mmc0: new high speed MMC card at address 0001
[    1.955617] +12V_SATA: supplied by +VDD_MUX
[    1.957845] usb2-0 supply vbus not found, using dummy regulator
[    1.957992] usb2-1 supply vbus not found, using dummy regulator
[    1.958350] usb3-0 supply vbus not found, using dummy regulator
[    1.959656] tegra-pcie 1003000.pcie-controller: 2x1, 1x1 configuration
[    1.959710] tegra-pcie 1003000.pcie-controller: Failed to get supply 'avddio-pex': -517
[    1.963264] tegra124-dfll 70110000.clock: couldn't get vdd_cpu regulator
[    1.968424] tegra-hdmi 54280000.hdmi: failed to get PLL regulator
[    1.972627] as3722-sd2: supplied by +5V_SYS
[    1.972981] as3722-sd3: supplied by +5V_SYS
[    1.973309] as3722-sd4: supplied by +5V_SYS
[    1.973605] +1.05V_RUN_AVDD_HDMI_PLL: supplied by +1.05V_RUN
[    1.973708] as3722-sd5: supplied by +5V_SYS
[    1.975186] as3722-ldo0: supplied by +1.35V_LP0(sd2)
[    1.976041] as3722-ldo1: supplied by +3.3V_RUN
[    1.976492] as3722-ldo2: supplied by +1.8V_VDDIO
[    1.977494] as3722-ldo3: supplied by +3.3V_SYS
[    1.978445] as3722-ldo4: supplied by +3.3V_SYS
[    1.978780] as3722-ldo5: supplied by +1.8V_VDDIO
[    1.979129] as3722-ldo6: supplied by +3.3V_RUN
[    1.979507] as3722-ldo7: supplied by +1.8V_VDDIO
[    1.979808] +1.05V_RUN_CAM_REAR: Bringing 0uV into 1050000-1050000uV
[    1.980233] as3722-ldo9: supplied by +5V_SYS
[    1.980649] +3.3V_RUN_TOUCH: Bringing 0uV into 2800000-2800000uV
[    1.981059] as3722-ldo10: supplied by +5V_SYS
[    1.981286] +2.8V_RUN_CAM_AF: Bringing 0uV into 2800000-2800000uV
[    1.981705] as3722-ldo11: supplied by +3.3V_RUN
[    1.981936] +1.8V_RUN_VPP_FUSE: Bringing 0uV into 1800000-1800000uV
[    1.985466] tegra-ahci 70027000.sata: AHCI 0001.0301 32 slots 2 ports 3 Gbps 0x1 impl platform mode
[    1.985478] tegra-ahci 70027000.sata: flags: 64bit ncq sntf pm led pio slum part sadm sds apst 
[    1.987656] scsi host0: tegra-ahci
[    1.988713] scsi host1: tegra-ahci
[    1.989170] ata1: SATA max UDMA/133 mmio [mem 0x70027000-0x70028fff] port 0x100 irq 345
[    1.989174] ata2: DUMMY
[    1.993085] tegra-ehci 7d008000.usb: EHCI Host Controller
[    1.993116] tegra-ehci 7d008000.usb: new USB bus registered, assigned bus number 2
[    1.993327] tegra-ehci 7d008000.usb: irq 355, io mem 0x7d008000
[    2.004342] tegra-ehci 7d008000.usb: USB 2.0 started, EHCI 1.10
[    2.005431] hub 2-0:1.0: USB hub found
[    2.005476] hub 2-0:1.0: 1 port detected
[    2.008581] sdhci-tegra 700b0400.sdhci: Got CD GPIO
[    2.008603] sdhci-tegra 700b0400.sdhci: Got WP GPIO
[    2.008808] mmc1: Unknown controller version (3). You may experience problems.
[    2.008903] mmc1: Invalid maximum block size, assuming 512 bytes
[    2.055064] mmc1: SDHCI controller on 700b0400.sdhci [700b0400.sdhci] using ADMA
[    2.056051] tegra-pcie 1003000.pcie-controller: 2x1, 1x1 configuration
[    2.058416] tegra-pcie 1003000.pcie-controller: probing port 0, using 2 lanes
[    2.060673] tegra-pcie 1003000.pcie-controller: Slot present pin change, signature: 00000008
[    2.091503] tegra-pcie 1003000.pcie-controller: probing port 1, using 1 lanes
[    2.093681] tegra-pcie 1003000.pcie-controller: Slot present pin change, signature: 00000000
[    2.108005] tegra-pcie 1003000.pcie-controller: PCI host bridge to bus 0000:00
[    2.108015] pci_bus 0000:00: root bus resource [io  0x0000-0xffff]
[    2.108022] pci_bus 0000:00: root bus resource [mem 0x13000000-0x1fffffff]
[    2.108029] pci_bus 0000:00: root bus resource [mem 0x20000000-0x3fffffff pref]
[    2.108038] pci_bus 0000:00: root bus resource [bus 00-ff]
[    2.108081] pci 0000:00:01.0: [10de:0e12] type 01 class 0x060400
[    2.108208] pci 0000:00:01.0: PME# supported from D0 D1 D2 D3hot D3cold
[    2.108550] pci 0000:00:02.0: [10de:0e13] type 01 class 0x060400
[    2.108666] pci 0000:00:02.0: PME# supported from D0 D1 D2 D3hot D3cold
[    2.109015] PCI: bus0: Fast back to back transfers disabled
[    2.109025] pci 0000:00:01.0: bridge configuration invalid ([bus 00-00]), reconfiguring
[    2.109042] pci 0000:00:02.0: bridge configuration invalid ([bus 00-00]), reconfiguring
[    2.109338] pci 0000:01:00.0: [8086:4232] type 00 class 0x028000
[    2.109395] pci 0000:01:00.0: reg 0x10: [mem 0x00000000-0x00001fff 64bit]
[    2.109636] pci 0000:01:00.0: PME# supported from D0 D3hot D3cold
[    2.124453] PCI: bus1: Fast back to back transfers disabled
[    2.124469] pci_bus 0000:01: busn_res: [bus 01-ff] end is updated to 01
[    2.124762] pci 0000:02:00.0: [10ec:8168] type 00 class 0x020000
[    2.124798] pci 0000:02:00.0: reg 0x10: [io  0x0000-0x00ff]
[    2.124839] pci 0000:02:00.0: reg 0x18: [mem 0x00000000-0x00000fff 64bit]
[    2.124866] pci 0000:02:00.0: reg 0x20: [mem 0x00000000-0x00003fff 64bit pref]
[    2.125038] pci 0000:02:00.0: supports D1 D2
[    2.125044] pci 0000:02:00.0: PME# supported from D0 D1 D2 D3hot D3cold
[    2.139472] PCI: bus2: Fast back to back transfers disabled
[    2.139491] pci_bus 0000:02: busn_res: [bus 02-ff] end is updated to 02
[    2.139686] pci 0000:00:01.0: BAR 8: assigned [mem 0x13000000-0x130fffff]
[    2.139698] pci 0000:00:02.0: BAR 8: assigned [mem 0x13100000-0x131fffff]
[    2.139710] pci 0000:00:02.0: BAR 9: assigned [mem 0x20000000-0x200fffff 64bit pref]
[    2.139721] pci 0000:00:02.0: BAR 7: assigned [io  0x1000-0x1fff]
[    2.139738] pci 0000:01:00.0: BAR 0: assigned [mem 0x13000000-0x13001fff 64bit]
[    2.139775] pci 0000:00:01.0: PCI bridge to [bus 01]
[    2.139789] pci 0000:00:01.0:   bridge window [mem 0x13000000-0x130fffff]
[    2.139809] pci 0000:02:00.0: BAR 4: assigned [mem 0x20000000-0x20003fff 64bit pref]
[    2.139838] pci 0000:02:00.0: BAR 2: assigned [mem 0x13100000-0x13100fff 64bit]
[    2.139865] pci 0000:02:00.0: BAR 0: assigned [io  0x1000-0x10ff]
[    2.139878] pci 0000:00:02.0: PCI bridge to [bus 02]
[    2.139885] pci 0000:00:02.0:   bridge window [io  0x1000-0x1fff]
[    2.139896] pci 0000:00:02.0:   bridge window [mem 0x13100000-0x131fffff]
[    2.139904] pci 0000:00:02.0:   bridge window [mem 0x20000000-0x200fffff 64bit pref]
[    2.139950] pci 0000:00:01.0: nv_msi_ht_cap_quirk didn't locate host bridge
[    2.140069] pcieport 0000:00:01.0: enabling device (0140 -> 0142)
[    2.140417] pcieport 0000:00:01.0: Signaling PME through PCIe PME interrupt
[    2.140423] pci 0000:01:00.0: Signaling PME through PCIe PME interrupt
[    2.140433] pcie_pme 0000:00:01.0:pcie001: service driver pcie_pme loaded
[    2.140552] pci 0000:00:02.0: nv_msi_ht_cap_quirk didn't locate host bridge
[    2.140638] pcieport 0000:00:02.0: enabling device (0140 -> 0143)
[    2.140930] pcieport 0000:00:02.0: Signaling PME through PCIe PME interrupt
[    2.140936] pci 0000:02:00.0: Signaling PME through PCIe PME interrupt
[    2.140945] pcie_pme 0000:00:02.0:pcie001: service driver pcie_pme loaded
[    2.141286] r8169 Gigabit Ethernet driver 2.3LK-NAPI loaded
[    2.141309] r8169 0000:02:00.0: enabling device (0140 -> 0143)
[    2.156251] r8169 0000:02:00.0 eth0: RTL8168g/8111g at 0xf0a3b000, 00:04:4b:3a:d9:81, XID 0c000800 IRQ 395
[    2.156260] r8169 0000:02:00.0 eth0: jumbo features [frames: 9200 bytes, tx checksumming: ko]
[    2.164196] [drm] Supports vblank timestamp caching Rev 2 (21.10.2013).
[    2.164199] [drm] No driver support for vblank timestamp query.
[    2.164232] drm drm: No connectors reported connected with modes
[    2.164241] [drm] Cannot find any crtc or sizes - going 1024x768
[    2.304704] mmc1: new high speed SDHC card at address aaaa
[    2.306063] mmcblk1: mmc1:aaaa SD04G 3.69 GiB 
[    2.307827] ata1: SATA link down (SStatus 0 SControl 300)
[    2.320488]  mmcblk1: p1 p2 p3
[    2.637836] mmcblk0: mmc0:0001 SEM16G 14.7 GiB 
[    2.638836] mmcblk0boot0: mmc0:0001 SEM16G partition 1 4.00 MiB
[    2.639970] mmcblk0boot1: mmc0:0001 SEM16G partition 2 4.00 MiB
[    2.641105] mmcblk0rpmb: mmc0:0001 SEM16G partition 3 4.00 MiB
[    2.644581] Console: switching to colour frame buffer device 128x48
[    2.651398]  mmcblk0: p1
[    2.683668] drm drm: fb0:  frame buffer device
[    2.704391] [drm] Initialized tegra 0.0.0 20120330 on minor 0
[    2.711883] of: dev_pm_opp_of_cpumask_add_table: couldn't find opp table for cpu:0, -19
[    2.719956] cpufreq: cpufreq_online: CPU0: Running at unlisted freq: 696000 KHz
[    2.727289] cpufreq: cpufreq_online: CPU0: Unlisted initial frequency changed to: 714000 KHz
[    2.736542] input: gpio-keys as /devices/soc0/gpio-keys/input/input0
[    2.743812] as3722-rtc as3722-rtc: setting system clock to 2000-01-01 00:00:14 UTC (946684814)
[    2.752908] +USB0_VBUS_SW: disabling
[    2.756510] +1.8V_RUN_CAM: disabling
[    2.760324] +2.8V_RUN_CAM: disabling
[    2.764098] +1.2V_RUN_CAM_FRONT: disabling
[    2.768372] +1.05V_RUN_CAM_REAR: disabling
[    2.772693] +3.3V_RUN_TOUCH: disabling
[    2.776615] +2.8V_RUN_CAM_AF: disabling
[    2.780678] +1.8V_RUN_VPP_FUSE: disabling
[    2.785817] EXT4-fs (mmcblk0p1): mounting ext3 file system using the ext4 subsystem
[    2.807935] EXT4-fs (mmcblk0p1): recovery complete
[    2.812756] EXT4-fs (mmcblk0p1): mounted filesystem with ordered data mode. Opts: (null)
[    2.820876] VFS: Mounted root (ext3 filesystem) on device 179:17.
[    2.831007] devtmpfs: mounted
[    2.834780] Freeing unused kernel memory: 2048K (c1100000 - c1300000)
bash: cannot set terminal process group (-1): Inappropriate ioctl for device
bash: no job control in this shell
root@(none):/# mount -t sysfs none /sys
root@(none):/# 
root@(none):/# mount -t debugfs none /sys/kernel/debug
root@(none):/# 
root@(none):/# rtcwake -d rtc1 -m mem -s 3
rtcwake: assuming RTC uses UTC ...
rtcwake: wakeup from "mem" using /dev/rtc1 at Thu Jan  1 00:00:20 1970
[    6.460681] PM: Syncing filesystems ... done.
[    6.488275] Freezing user space processes ... (elapsed 0.001 seconds) done.
[    6.497001] Freezing remaining freezable tasks ... (elapsed 0.001 seconds) done.
[    6.506324] Suspending console(s) (use no_console_suspend to debug)
[    6.587786] PM: suspend of devices complete after 72.007 msecs
[    6.595987] PM: late suspend of devices complete after 8.164 msecs
[    6.620373] PM: noirq suspend of devices complete after 24.357 msecs
[    6.620384] Disabling non-boot CPUs ...
[    6.621745] IRQ17 no longer affine to CPU1
[    6.622772] CPU1: shutdown
[    6.648205] CPU2: shutdown
[    6.687668] CPU3: shutdown
[    6.709155] Entering suspend state LP1
[    6.709155] Suspended for 3.188 seconds
[    6.709166] Enabling non-boot CPUs ...
[    6.720032] CPU1 is up
[    6.740092] CPU2 is up
[    6.760225] CPU3 is up
[    6.760945] pcieport 0000:00:01.0: nv_msi_ht_cap_quirk didn't locate host bridge
[    6.761016] pcieport 0000:00:02.0: nv_msi_ht_cap_quirk didn't locate host bridge
[    6.779363] PM: noirq resume of devices complete after 19.133 msecs
[    6.780696] PM: early resume of devices complete after 1.014 msecs
[    6.809508] PM: resume of devices complete after 28.803 msecs
[    6.896046] Restarting tasks ... done.
root@(none):/# 
root@(none):/# [    7.101817] ata1: SATA link down (SStatus 0 SControl 300)
rtcwake -d rtc1 -m mem -s 3
rtcwake: assuming RTC uses UTC ...
rtcwake: wakeup from "mem" using /dev/rtc1 at Thu Jan  1 00:00:24 1970
[    7.262203] PM: Syncing filesystems ... done.
[    7.271559] Freezing user space processes ... (elapsed 0.001 seconds) done.
[    7.279816] Freezing remaining freezable tasks ... (elapsed 0.001 seconds) done.
[    7.288481] Suspending console(s) (use no_console_suspend to debug)
[    7.361276] PM: suspend of devices complete after 65.740 msecs
[    7.364162] PM: late suspend of devices complete after 2.874 msecs
[    7.385791] PM: noirq suspend of devices complete after 21.621 msecs
[    7.385794] Disabling non-boot CPUs ...
[    7.386478] CPU1: shutdown
[    7.416393] CPU2: shutdown
[    7.445950] IRQ17 no longer affine to CPU3
[    7.446243] CPU3: shutdown
[    7.470273] Entering suspend state LP1
[    7.470273] Suspended for 3.238 seconds
[    7.470284] Enabling non-boot CPUs ...
[    7.485007] CPU1 is up
[    7.505065] CPU2 is up
[    7.525197] CPU3 is up
[    7.525891] pcieport 0000:00:01.0: nv_msi_ht_cap_quirk didn't locate host bridge
[    7.526051] pcieport 0000:00:02.0: nv_msi_ht_cap_quirk didn't locate host bridge
[    7.544332] PM: noirq resume of devices complete after 19.129 msecs
[    7.545801] PM: early resume of devices complete after 1.130 msecs
[    7.575054] PM: resume of devices complete after 29.244 msecs
[    7.661708] Restarting tasks ... done.
root@(none):/# 
root@(none):/# [    7.866831] ata1: SATA link down (SStatus 0 SControl 300)
rtcwake -d rtc1 -m mem -s 3
rtcwake: assuming RTC uses UTC ...
rtcwake: wakeup from "mem" using /dev/rtc1 at Thu Jan  1 00:00:28 1970
[    8.022040] PM: Syncing filesystems ... done.
[    8.031295] Freezing user space processes ... (elapsed 0.001 seconds) done.
[    8.039516] Freezing remaining freezable tasks ... (elapsed 0.001 seconds) done.
[    8.048234] Suspending console(s) (use no_console_suspend to debug)
[    8.121054] PM: suspend of devices complete after 65.775 msecs
[    8.123311] PM: late suspend of devices complete after 2.245 msecs
[    8.140795] PM: noirq suspend of devices complete after 17.477 msecs
[    8.140798] Disabling non-boot CPUs ...
[    8.141482] CPU1: shutdown
[    8.171141] IRQ17 no longer affine to CPU2
[    8.171453] CPU2: shutdown
[    8.201048] CPU3: shutdown
[    8.215358] Entering suspend state LP1
[    8.215358] Suspended for 3.254 seconds
[    8.215369] Enabling non-boot CPUs ...
[    8.229991] CPU1 is up
[    8.250025] CPU2 is up
[    8.270167] CPU3 is up
[    8.270885] pcieport 0000:00:01.0: nv_msi_ht_cap_quirk didn't locate host bridge
[    8.270899] pcieport 0000:00:02.0: nv_msi_ht_cap_quirk didn't locate host bridge
[    8.289299] PM: noirq resume of devices complete after 19.126 msecs
[    8.291084] PM: early resume of devices complete after 1.446 msecs
[    8.319645] PM: resume of devices complete after 28.553 msecs
[    8.406202] Restarting tasks ... done.
root@(none):/# 
root@(none):/# [    8.611775] ata1: SATA link down (SStatus 0 SControl 300)
rtcwake -d rtc1 -m mem -s 3
rtcwake: assuming RTC uses UTC ...
rtcwake: wakeup from "mem" using /dev/rtc1 at Thu Jan  1 00:00:32 1970
[    8.766711] PM: Syncing filesystems ... done.
[    8.775919] Freezing user space processes ... (elapsed 0.001 seconds) done.
[    8.784123] Freezing remaining freezable tasks ... (elapsed 0.001 seconds) done.
[    8.792853] Suspending console(s) (use no_console_suspend to debug)
[    8.866218] PM: suspend of devices complete after 66.320 msecs
[    8.868838] PM: late suspend of devices complete after 2.609 msecs
[    8.890672] PM: noirq suspend of devices complete after 21.826 msecs
[    8.890675] Disabling non-boot CPUs ...
[    8.891361] CPU1: shutdown
[    8.916338] CPU2: shutdown
[    8.945869] IRQ17 no longer affine to CPU3
[    8.946162] CPU3: shutdown
[    8.970202] Entering suspend state LP1
[    8.970202] Suspended for 3.244 seconds
[    8.970213] Enabling non-boot CPUs ...
[    8.984954] CPU1 is up
[    9.005005] CPU2 is up
[    9.025145] CPU3 is up
[    9.025821] pcieport 0000:00:02.0: nv_msi_ht_cap_quirk didn't locate host bridge
[    9.025888] pcieport 0000:00:01.0: nv_msi_ht_cap_quirk didn't locate host bridge
[    9.044269] PM: noirq resume of devices complete after 19.119 msecs
[    9.046032] PM: early resume of devices complete after 1.431 msecs
[    9.075915] PM: resume of devices complete after 29.874 msecs
[    9.162532] Restarting tasks ... done.
root@(none):/# 
root@(none):/# [    9.366697] ata1: SATA link down (SStatus 0 SControl 300)
rtcwake -d rtc1 -m mem -s 3
rtcwake: assuming RTC uses UTC ...
rtcwake: wakeup from "mem" using /dev/rtc1 at Thu Jan  1 00:00:36 1970
[    9.527148] PM: Syncing filesystems ... done.
[    9.536457] Freezing user space processes ... (elapsed 0.001 seconds) done.
[    9.544705] Freezing remaining freezable tasks ... (elapsed 0.001 seconds) done.
[    9.553369] Suspending console(s) (use no_console_suspend to debug)
[    9.625868] PM: suspend of devices complete after 65.454 msecs
[    9.628368] PM: late suspend of devices complete after 2.488 msecs
[    9.645809] PM: noirq suspend of devices complete after 17.429 msecs
[    9.645813] Disabling non-boot CPUs ...
[    9.646476] CPU1: shutdown
[    9.676340] CPU2: shutdown
[    9.705753] IRQ17 no longer affine to CPU3
[    9.706070] CPU3: shutdown
[    9.720302] Entering suspend state LP1
[    9.720302] Suspended for 3.249 seconds
[    9.720313] Enabling non-boot CPUs ...
[    9.734929] CPU1 is up
[    9.754968] CPU2 is up
[    9.775103] CPU3 is up
[    9.775785] pcieport 0000:00:01.0: nv_msi_ht_cap_quirk didn't locate host bridge
[    9.775848] pcieport 0000:00:02.0: nv_msi_ht_cap_quirk didn't locate host bridge
[    9.794227] PM: noirq resume of devices complete after 19.118 msecs
[    9.795305] PM: early resume of devices complete after 0.763 msecs
[    9.824173] PM: resume of devices complete after 28.860 msecs
[    9.910711] Restarting tasks ... done.
root@(none):/# 
root@(none):/# [   10.111649] ata1: SATA link down (SStatus 0 SControl 300)
rtcwake -d rtc1 -m mem -s 3
rtcwake: assuming RTC uses UTC ...
rtcwake: wakeup from "mem" using /dev/rtc1 at Thu Jan  1 00:00:40 1970
[   10.272238] PM: Syncing filesystems ... done.
[   10.281424] Freezing user space processes ... (elapsed 0.001 seconds) done.
[   10.289635] Freezing remaining freezable tasks ... (elapsed 0.001 seconds) done.
[   10.298297] Suspending console(s) (use no_console_suspend to debug)
[   10.371014] PM: suspend of devices complete after 65.677 msecs
[   10.373870] PM: late suspend of devices complete after 2.845 msecs
[   10.395579] PM: noirq suspend of devices complete after 21.701 msecs
[   10.395582] Disabling non-boot CPUs ...
[   10.396252] CPU1: shutdown
[   10.430981] IRQ17 no longer affine to CPU2
[   10.431296] CPU2: shutdown
[   10.460968] CPU3: shutdown
[   10.475262] Entering suspend state LP1
[   10.475262] Suspended for 3.245 seconds
[   10.475273] Enabling non-boot CPUs ...
[   10.489897] CPU1 is up
[   10.509928] CPU2 is up
[   10.530067] CPU3 is up
[   10.530746] pcieport 0000:00:02.0: nv_msi_ht_cap_quirk didn't locate host bridge
[   10.530847] pcieport 0000:00:01.0: nv_msi_ht_cap_quirk didn't locate host bridge
[   10.549206] PM: noirq resume of devices complete after 19.133 msecs
[   10.550734] PM: early resume of devices complete after 1.191 msecs
[   10.579635] PM: resume of devices complete after 28.892 msecs
[   10.666198] Restarting tasks ... done.
root@(none):/# 
root@(none):/# [   10.871629] ata1: SATA link down (SStatus 0 SControl 300)
rtcwake -d rtc1 -m mem -s 3
rtcwake: assuming RTC uses UTC ...
rtcwake: wakeup from "mem" using /dev/rtc1 at Thu Jan  1 00:00:44 1970
[   11.032060] PM: Syncing filesystems ... done.
[   11.041374] Freezing user space processes ... (elapsed 0.001 seconds) done.
[   11.049641] Freezing remaining freezable tasks ... (elapsed 0.001 seconds) done.
[   11.058353] Suspending console(s) (use no_console_suspend to debug)
[   11.131086] PM: suspend of devices complete after 65.683 msecs
[   11.134151] PM: late suspend of devices complete after 3.054 msecs
[   11.155788] PM: noirq suspend of devices complete after 21.625 msecs
[   11.155792] Disabling non-boot CPUs ...
[   11.156497] CPU1: shutdown
[   11.186239] CPU2: shutdown
[   11.216059] CPU3: shutdown
[   11.240097] Entering suspend state LP1
[   11.240097] Suspended for 3.234 seconds
[   11.240108] Enabling non-boot CPUs ...
[   11.254860] CPU1 is up
[   11.274899] CPU2 is up
[   11.295044] CPU3 is up
[   11.295768] pcieport 0000:00:02.0: nv_msi_ht_cap_quirk didn't locate host bridge
[   11.295770] pcieport 0000:00:01.0: nv_msi_ht_cap_quirk didn't locate host bridge
[   11.314175] PM: noirq resume of devices complete after 19.126 msecs
[   11.315802] PM: early resume of devices complete after 1.304 msecs
[   11.345019] PM: resume of devices complete after 29.207 msecs
[   11.427536] Restarting tasks ... done.
root@(none):/# 
root@(none):/# [   11.636575] ata1: SATA link down (SStatus 0 SControl 300)
rtcwake -d rtc1 -m mem -s 3
rtcwake: assuming RTC uses UTC ...
rtcwake: wakeup from "mem" using /dev/rtc1 at Thu Jan  1 00:00:48 1970
[   11.796800] PM: Syncing filesystems ... done.
[   11.806308] Freezing user space processes ... (elapsed 0.001 seconds) done.
[   11.814560] Freezing remaining freezable tasks ... (elapsed 0.001 seconds) done.
[   11.823226] Suspending console(s) (use no_console_suspend to debug)
[   11.895766] PM: suspend of devices complete after 65.491 msecs
[   11.898665] PM: late suspend of devices complete after 2.886 msecs
[   11.920584] PM: noirq suspend of devices complete after 21.910 msecs
[   11.920587] Disabling non-boot CPUs ...
[   11.921258] CPU1: shutdown
[   11.950905] IRQ17 no longer affine to CPU2
[   11.951210] CPU2: shutdown
[   11.981027] CPU3: shutdown
[   12.005067] Entering suspend state LP1
[   12.005067] Suspended for 3.234 seconds
[   12.005078] Enabling non-boot CPUs ...
[   12.019831] CPU1 is up
[   12.039870] CPU2 is up
[   12.060016] CPU3 is up
[   12.060706] pcieport 0000:00:01.0: nv_msi_ht_cap_quirk didn't locate host bridge
[   12.060864] pcieport 0000:00:02.0: nv_msi_ht_cap_quirk didn't locate host bridge
[   12.079144] PM: noirq resume of devices complete after 19.123 msecs
[   12.080596] PM: early resume of devices complete after 1.131 msecs
[   12.109332] PM: resume of devices complete after 28.728 msecs
[   12.195912] Restarting tasks ... done.
root@(none):/# 
root@(none):/# [   12.401576] ata1: SATA link down (SStatus 0 SControl 300)
rtcwake -d rtc1 -m mem -s 3
rtcwake: assuming RTC uses UTC ...
rtcwake: wakeup from "mem" using /dev/rtc1 at Thu Jan  1 00:00:52 1970
[   12.561908] PM: Syncing filesystems ... done.
[   12.571426] Freezing user space processes ... (elapsed 0.001 seconds) done.
[   12.579683] Freezing remaining freezable tasks ... (elapsed 0.001 seconds) done.
[   12.588345] Suspending console(s) (use no_console_suspend to debug)
[   12.660671] PM: suspend of devices complete after 65.278 msecs
[   12.662953] PM: late suspend of devices complete after 2.270 msecs
[   12.680545] PM: noirq suspend of devices complete after 17.584 msecs
[   12.680548] Disabling non-boot CPUs ...
[   12.681209] CPU1: shutdown
[   12.715881] IRQ17 no longer affine to CPU2
[   12.716186] CPU2: shutdown
[   12.746003] CPU3: shutdown
[   12.770029] Entering suspend state LP1
[   12.770029] Suspended for 3.235 seconds
[   12.770040] Enabling non-boot CPUs ...
[   12.784791] CPU1 is up
[   12.804840] CPU2 is up
[   12.824977] CPU3 is up
[   12.825720] pcieport 0000:00:02.0: nv_msi_ht_cap_quirk didn't locate host bridge
[   12.825722] pcieport 0000:00:01.0: nv_msi_ht_cap_quirk didn't locate host bridge
[   12.844113] PM: noirq resume of devices complete after 19.131 msecs
[   12.845660] PM: early resume of devices complete after 1.229 msecs
[   12.874782] PM: resume of devices complete after 29.112 msecs
[   12.961383] Restarting tasks ... done.
root@(none):/# 
root@(none):/# [   13.166520] ata1: SATA link down (SStatus 0 SControl 300)
rtcwake -d rtc1 -m mem -s 3
rtcwake: assuming RTC uses UTC ...
rtcwake: wakeup from "mem" using /dev/rtc1 at Thu Jan  1 00:00:56 1970
[   13.327192] PM: Syncing filesystems ... done.
[   13.336510] Freezing user space processes ... (elapsed 0.001 seconds) done.
[   13.344764] Freezing remaining freezable tasks ... (elapsed 0.001 seconds) done.
[   13.353431] Suspending console(s) (use no_console_suspend to debug)
[   13.426049] PM: suspend of devices complete after 65.564 msecs
[   13.428668] PM: late suspend of devices complete after 2.608 msecs
[   13.450456] PM: noirq suspend of devices complete after 21.779 msecs
[   13.450459] Disabling non-boot CPUs ...
[   13.451144] CPU1: shutdown
[   13.476205] CPU2: shutdown
[   13.505997] CPU3: shutdown
[   13.530007] Entering suspend state LP1
[   13.530007] Suspended for 3.239 seconds
[   13.530018] Enabling non-boot CPUs ...
[   13.544764] CPU1 is up
[   13.564814] CPU2 is up
[   13.584945] CPU3 is up
[   13.585688] pcieport 0000:00:02.0: nv_msi_ht_cap_quirk didn't locate host bridge
[   13.585691] pcieport 0000:00:01.0: nv_msi_ht_cap_quirk didn't locate host bridge
[   13.604080] PM: noirq resume of devices complete after 19.129 msecs
[   13.605540] PM: early resume of devices complete after 1.135 msecs
[   13.634958] PM: resume of devices complete after 29.409 msecs
[   13.717497] Restarting tasks ... done.
root@(none):/# 
root@(none):/# NVTB SYSTEM SUSPEND TEST COMPLETE
[   13.926522] ata1: SATA link down (SStatus 0 SControl 300)
