
U-Boot SPL 2013.04-rc2-06423-gf2e8a87-dirty (May 15 2013 - 09:45:39)


U-Boot 2013.04-rc2-06423-gf2e8a87-dirty (May 15 2013 - 09:45:39)

TEGRA30
Board: NVIDIA Beaver
DRAM:  2 GiB
MMC:   Tegra SD/MMC: 0, Tegra SD/MMC: 1
*** Warning - bad CRC, using default environment

In:    serial
Out:   serial
Err:   serial
Hit any key to stop autoboot:  2  1  0 
MMC: no card present
mmc1(part 0) is current device
Scanning mmc 1...
MMC: no card present
** Bad device mmc 1 **
MMC: no card present
** Bad device mmc 1 **
MMC: no card present
** Bad device mmc 1 **
MMC: no card present
** Bad device mmc 1 **
mmc0(part 0) is current device
Scanning mmc 0...
** No partition table - mmc 0 **
** No partition table - mmc 0 **
** No partition table - mmc 0 **
** No partition table - mmc 0 **
Tegra30 (Beaver) # a
Unknown command 'a' - try 'help'
Tegra30 (Beaver) # setenv bootargs 'console=ttyS0,230400n8 noinitrd root=/dev/mmcblk0p1 rw rootwait gpt ignore_loglevel debug'
Tegra30 (Beaver) # loady 0x81000000
## Ready for binary (ymodem) download to 0x81000000 at 230400 bps...
CSending: zImage
Sending: 

Transfer complete
zModem - CRC mode, 8(SOH)/4381(STX)/0(CAN) packets, 3 retries
## Total Size      = 0x004476e8 = 4486888 Bytes
Tegra30 (Beaver) # loady 0x82000000
## Ready for binary (ymodem) download to 0x82000000 at 230400 bps...
CSending: tegra30-beaver.dtb
Sending: 

Transfer complete
xyzModem - CRC mode, 6(SOH)/20(STX)/0(CAN) packets, 3 retries
## Total Size      = 0x000051a8 = 20904 Bytes
Tegra30 (Beaver) # bootz 0x81000000 - 0x82000000
## Flattened Device Tree blob at 82000000
   Booting using the fdt blob at 0x82000000
   Loading Device Tree to 8fff7000, end 8ffff1a7 ... OK

Starting kernel .ø†ø†æ€˜€æ€˜€fæžÎžæžøÎxÎøÎžøž~8˜†žøžf†ø†ø†8xþžøžf†8àÎžþž`Îžøž~8~€žf8æÎxžfžø†æ€˜€[    0.000000] Booting Linux on physical CPU 0x0
[    0.000000] Initializing cgroup subsys cpu
[    0.000000] Initializing cgroup subsys cpuacct
[    0.000000] Linux version 3.12.0-rc5-23779-g61e6cfa (pwalmsley@tamien) (gcc version 4.5.1 (Sourcery G++ Lite 2010.09-50) ) #1 SMP PREEMPT Mon Oct 14 12:06:14 PDT 2013
[    0.000000] CPU: ARMv7 Processor [412fc099] revision 9 (ARMv7), cr=10c5387d
[    0.000000] CPU: PIPT / VIPT nonaliasing data cache, VIPT aliasing instruction cache
[    0.000000] Machine: NVIDIA Tegra SoC (Flattened Device Tree), model: NVIDIA Tegra30 Beaver evaluation board
[    0.000000] debug: ignoring loglevel setting.
[    0.000000] cma: CMA: reserved 16 MiB at ae800000
[    0.000000] Memory policy: ECC disabled, Data cache writealloc
[    0.000000] On node 0 totalpages: 524032
[    0.000000] free_area_init_node: node 0, pgdat c084ef80, node_mem_map c08a7000
[    0.000000]   Normal zone: 1520 pages used for memmap
[    0.000000]   Normal zone: 0 pages reserved
[    0.000000]   Normal zone: 194560 pages, LIFO batch:31
[    0.000000]   HighMem zone: 2574 pages used for memmap
[    0.000000]   HighMem zone: 329472 pages, LIFO batch:31
[    0.000000] fuse_speedo_calib: ATE prog ver 3.3
[    0.000000] Tegra30: CPU Speedo ID 5, Soc Speedo ID 2
[    0.000000] Tegra Revision: A03 SKU: 128 CPU Process: 4 Core Process: 0
[    0.000000] L310 cache controller enabled
[    0.000000] l2x0: 8 ways, CACHE_ID 0x410000c7, AUX_CTRL 0x7e480001, Cache size: 1024 kB
[    0.000000] PERCPU: Embedded 8 pages/cpu @c18ba000 s9088 r8192 d15488 u32768
[    0.000000] pcpu-alloc: s9088 r8192 d15488 u32768 alloc=8*4096
[    0.000000] pcpu-alloc: [0] 0 [0] 1 [0] 2 [0] 3 
[    0.000000] Built 1 zonelists in Zone order, mobility grouping on.  Total pages: 522512
[    0.000000] Kernel command line: console=ttyS0,230400n8 noinitrd root=/dev/mmcblk0p1 rw rootwait gpt ignore_loglevel debug
[    0.000000] PID hash table entries: 4096 (order: 2, 16384 bytes)
[    0.000000] Dentry cache hash table entries: 131072 (order: 7, 524288 bytes)
[    0.000000] Inode-cache hash table entries: 65536 (order: 6, 262144 bytes)
[    0.000000] Memory: 2053424K/2096128K available (6112K kernel code, 305K rwdata, 1816K rodata, 236K init, 343K bss, 42704K reserved, 1317888K highmem)
[    0.000000] Virtual kernel memory layout:
[    0.000000]     vector  : 0xffff0000 - 0xffff1000   (   4 kB)
[    0.000000]     fixmap  : 0xfff00000 - 0xfffe0000   ( 896 kB)
[    0.000000]     vmalloc : 0xf0000000 - 0xff000000   ( 240 MB)
[    0.000000]     lowmem  : 0xc0000000 - 0xef800000   ( 760 MB)
[    0.000000]     pkmap   : 0xbfe00000 - 0xc0000000   (   2 MB)
[    0.000000]     modules : 0xbf000000 - 0xbfe00000   (  14 MB)
[    0.000000]       .text : 0xc0008000 - 0xc07c64ec   (7930 kB)
[    0.000000]       .init : 0xc07c7000 - 0xc0802380   ( 237 kB)
[    0.000000]       .data : 0xc0804000 - 0xc08505c0   ( 306 kB)
[    0.000000]        .bss : 0xc08505cc - 0xc08a641c   ( 344 kB)
[    0.000000] Preemptible hierarchical RCU implementation.
[    0.000000] NR_IRQS:16 nr_irqs:16 16
[    0.000000] sched_clock: 32 bits at 1000kHz, resolution 1000ns, wraps every 4294967ms
[    0.000000] Console: colour dummy device 80x30
[    0.000570] Calibrating delay loop... 2793.47 BogoMIPS (lpj=13967360)
[    0.059936] pid_max: default: 32768 minimum: 301
[    0.060288] Mount-cache hash table entries: 512
[    0.070576] Initializing cgroup subsys debug
[    0.070594] Initializing cgroup subsys freezer
[    0.070656] CPU: Testing write buffer coherency: ok
[    0.071036] CPU0: thread -1, cpu 0, socket 0, mpidr 80000000
[    0.071085] Setting up static identity map for 0xc05d01a8 - 0xc05d0240
[    0.131286] CPU1: Booted secondary processor
[    0.189977] CPU1: thread -1, cpu 1, socket 0, mpidr 80000001
[    0.211239] CPU2: Booted secondary processor
[    0.269977] CPU2: thread -1, cpu 2, socket 0, mpidr 80000002
[    0.291259] CPU3: Booted secondary processor
[    0.349977] CPU3: thread -1, cpu 3, socket 0, mpidr 80000003
[    0.350048] Brought up 4 CPUs
[    0.350063] SMP: Total of 4 processors activated.
[    0.350069] CPU: All CPU(s) started in SVC mode.
[    0.350867] devtmpfs: initialized
[    0.361701] VFP support v0.3: implementor 41 architecture 3 part 30 variant 9 rev 4
[    0.361993] pinctrl core: initialized pinctrl subsystem
[    0.362400] regulator-dummy: no parameters
[    0.365201] NET: Registered protocol family 16
[    0.367670] DMA: preallocated 256 KiB pool for atomic coherent allocations
[    0.368317] cpuidle: using governor ladder
[    0.368323] cpuidle: using governor menu
[    0.376153] No ATAGs?
[    0.376175] hw-breakpoint: found 5 (+1 reserved) breakpoint and 1 watchpoint registers.
[    0.376182] hw-breakpoint: maximum watchpoint size is 4 bytes.
[    0.385693] bio: create slab <bio-0> at 0
[    0.386771] vdd_5v_in: 5000 mV 
[    0.386888] platform 1.regulator: Driver reg-fixed-voltage requests probe deferral
[    0.386929] platform 2.regulator: Driver reg-fixed-voltage requests probe deferral
[    0.387075] vdd_5v_sata: 5000 mV 
[    0.387104] vdd_5v_sata: supplied by vdd_5v_in
[    0.387349] usb1_vbus: 5000 mV 
[    0.387371] usb1_vbus: supplied by vdd_5v_in
[    0.387560] usb3_vbus: 5000 mV 
[    0.387582] usb3_vbus: supplied by vdd_5v_in
[    0.387689] platform 6.regulator: Driver reg-fixed-voltage requests probe deferral
[    0.387840] sys_3v3_pexs: 3300 mV 
[    0.387866] reg-fixed-voltage 7.regulator: Failed to find supply vin
[    0.387958] reg-fixed-voltage 7.regulator: Failed to register regulator: -517
[    0.387970] platform 7.regulator: Driver reg-fixed-voltage requests probe deferral
[    0.388767] vgaarb: loaded
[    0.389625] SCSI subsystem initialized
[    0.389950] usbcore: registered new interface driver usbfs
[    0.390047] usbcore: registered new interface driver hub
[    0.390190] usbcore: registered new device driver usb
[    0.393688] tps62361-vout: 500 <--> 1500 mV at 1160 mV 
[    0.394048] tps65910 4-002d: VMBCH-Threshold not specified
[    0.394055] tps65910 4-002d: VMBCH2-Threshold not specified
[    0.399365] vdd_1v8_gen: 1800 mV 
[    0.399409] vdd_1v8_gen: supplied by vdd_5v_in
[    0.402582] vddio_ddr_1v2: 1200 mV 
[    0.403074] vddio_ddr_1v2: supplied by vdd_5v_in
[    0.406433] vdd_1v5_gen: 1500 mV 
[    0.406465] vdd_1v5_gen: supplied by vdd_5v_in
[    0.409852] vdd_cpu,vdd_sys: 1000 mV 
[    0.412288] vdd_pexa,vdd_pexb: 1050 mV 
[    0.412319] vdd_pexa,vdd_pexb: supplied by vdd_1v5_gen
[    0.415134] vdd_sata,avdd_plle: 1050 mV 
[    0.415166] vdd_sata,avdd_plle: supplied by vdd_1v5_gen
[    0.417624] vdd_rtc: 1200 mV 
[    0.417675] vdd_rtc: supplied by vdd_5v_in
[    0.420132] vddio_sdmmc,avdd_vdac: 3300 mV 
[    0.420165] vddio_sdmmc,avdd_vdac: supplied by vdd_5v_in
[    0.422953] avdd_dsi_csi,pwrdet_mipi: 1200 mV 
[    0.423000] avdd_dsi_csi,pwrdet_mipi: supplied by vdd_1v8_gen
[    0.425457] vdd_pllm,x,u,a_p_c_s: 1200 mV 
[    0.425487] vdd_pllm,x,u,a_p_c_s: supplied by vdd_1v8_gen
[    0.428264] vdd_ddr_hs: 1000 mV 
[    0.428311] vdd_ddr_hs: supplied by vdd_1v8_gen
[    0.428664] Linux video capture interface: v2.00
[    0.429245] platform 7000f010.iommu: Driver tegra-smmu requests probe deferral
[    0.429469] Advanced Linux Sound Architecture Driver Initialized.
[    0.430114] Bluetooth: Core ver 2.16
[    0.430192] NET: Registered protocol family 31
[    0.430197] Bluetooth: HCI device and connection manager initialized
[    0.430217] Bluetooth: HCI socket layer initialized
[    0.430232] Bluetooth: L2CAP socket layer initialized
[    0.430270] Bluetooth: SCO socket layer initialized
[    0.430776] cfg80211: Calling CRDA to update world regulatory domain
[    0.431525] Switched to clocksource timer_us
[    0.441061] NET: Registered protocol family 2
[    0.441788] TCP established hash table entries: 8192 (order: 4, 65536 bytes)
[    0.441880] TCP bind hash table entries: 8192 (order: 4, 65536 bytes)
[    0.441959] TCP: Hash tables configured (established 8192 bind 8192)
[    0.442471] TCP: reno registered
[    0.442487] UDP hash table entries: 512 (order: 2, 16384 bytes)
[    0.442550] UDP-Lite hash table entries: 512 (order: 2, 16384 bytes)
[    0.442920] NET: Registered protocol family 1
[    0.443565] RPC: Registered named UNIX socket transport module.
[    0.443571] RPC: Registered udp transport module.
[    0.443575] RPC: Registered tcp transport module.
[    0.443579] RPC: Registered tcp NFSv4.1 backchannel transport module.
[    0.443588] PCI: CLS 0 bytes, default 64
[    0.444564] hw perfevents: enabled with ARMv7 Cortex-A9 PMU driver, 7 counters available
[    0.446991] bounce pool size: 64 pages
[    0.448192] squashfs: version 4.0 (2009/01/31) Phillip Lougher
[    0.448876] msgmni has been set to 1468
[    0.450015] io scheduler noop registered (default)
[    0.450735] platform 3000.pcie-controller: Driver tegra-pcie requests probe deferral
[    0.454600] tegra-apbdma 6000a000.dma: Tegra20 APB DMA driver register 32 channels
[    0.455021] Serial: 8250/16550 driver, 4 ports, IRQ sharing disabled
[    0.456356] 70006000.serial: ttyS0 at MMIO 0x70006000 (irq = 68, base_baud = 25500000) is a Tegra
[    0.863442] console [ttyS0] enabled
[    0.865832] [drm] Initialized drm 1.1.0 20060810
[    0.869307] tegra-hdmi 54280000.hdmi: failed to get VDD regulator
[    0.872395] platform 54280000.hdmi: Driver tegra-hdmi requests probe deferral
[    0.879615] loop: module loaded
[    0.883899] m25p80 spi32766.1: w25q32 (4096 Kbytes)
[    0.887494] pegasus: v0.9.3 (2013/04/25), Pegasus/Pegasus II USB Ethernet driver
[    0.891277] usbcore: registered new interface driver pegasus
[    0.894199] usbcore: registered new interface driver asix
[    0.896981] usbcore: registered new interface driver ax88179_178a
[    0.900086] usbcore: registered new interface driver cdc_ether
[    0.903076] usbcore: registered new interface driver r815x
[    0.905890] usbcore: registered new interface driver smsc75xx
[    0.908833] usbcore: registered new interface driver smsc95xx
[    0.911777] usbcore: registered new interface driver net1080
[    0.914680] usbcore: registered new interface driver cdc_subset
[    0.917697] usbcore: registered new interface driver zaurus
[    0.920571] usbcore: registered new interface driver cdc_ncm
[    0.923460] ehci_hcd: USB 2.0 'Enhanced' Host Controller (EHCI) Driver
[    0.926735] ehci-pci: EHCI PCI platform driver
[    0.929016] tegra-ehci: Tegra EHCI driver
[    0.931188] platform 7d008000.usb: Driver tegra-ehci requests probe deferral
[    0.934937] usbcore: registered new interface driver cdc_acm
[    0.937775] cdc_acm: USB Abstract Control Model driver for USB modems and ISDN adapters
[    0.941867] usbcore: registered new interface driver cdc_wdm
[    0.944770] usbcore: registered new interface driver usb-storage
[    0.949405] mousedev: PS/2 mouse device common for all mice
[    0.953249] tegra_rtc 7000e000.rtc: rtc core: registered 7000e000.rtc as rtc0
[    0.956854] tegra_rtc 7000e000.rtc: Tegra internal Real Time Clock
[    0.972852] tps65910-rtc tps65910-rtc: rtc core: registered tps65910-rtc as rtc1
[    0.977859] sdhci: Secure Digital Host Controller Interface driver
[    0.980958] sdhci: Copyright(c) Pierre Ossman
[    0.983158] sdhci-pltfm: SDHCI platform and OF driver helper
[    0.986320] sdhci-tegra 78000000.sdhci: Got CD GPIO #69.
[    0.988998] sdhci-tegra 78000000.sdhci: Got WP GPIO #155.
[    0.992775] mmc0: no vqmmc regulator found
[    0.994832] mmc0: no vmmc regulator found
[    0.996843] mmc0: Invalid maximum block size, assuming 512 bytes
[    1.041538] mmc0: SDHCI controller on 78000000.sdhci [78000000.sdhci] using ADMA
[    1.046351] mmc1: no vqmmc regulator found
[    1.048408] mmc1: no vmmc regulator found
[    1.050418] mmc1: Invalid maximum block size, assuming 512 bytes
[    1.091534] mmc1: SDHCI controller on 78000600.sdhci [78000600.sdhci] using ADMA
[    1.098022] usbcore: registered new interface driver usbhid
[    1.102860] usbhid: USB HID core driver
[    1.249960] mmc1: new high speed MMC card at address 0001
[    1.253128] mmcblk0: mmc1:0001 SEM16G 14.8 GiB 
[    1.255646] mmcblk0boot0: mmc1:0001 SEM16G partition 1 1.00 MiB
[    1.258866] mmcblk0boot1: mmc1:0001 SEM16G partition 2 1.00 MiB
[    1.262078] mmcblk0rpmb: mmc1:0001 SEM16G partition 3 128 KiB
[    1.269104] Primary GPT is invalid, using alternate GPT.
[    1.271804]  mmcblk0: p1 p2 p3 p4 p5
[    1.277794]  mmcblk0boot1: unknown partition table
[    1.283182]  mmcblk0boot0: unknown partition table
[    1.530399] tegra-snd-rt5640 sound.4:  rt5640-aif1 <-> 70080400.i2s mapping ok
[    1.537130] input: NVIDIA Tegra Beaver Headphones as /devices/soc0/sound.4/sound/card0/input0
[    1.542668] TCP: cubic registered
[    1.544536] NET: Registered protocol family 10
[    1.547820] mip6: Mobile IPv6
[    1.549312] sit: IPv6 over IPv4 tunneling driver
[    1.552865] NET: Registered protocol family 17
[    1.555129] NET: Registered protocol family 15
[    1.557519] Bluetooth: RFCOMM socket layer initialized
[    1.560097] Bluetooth: RFCOMM ver 1.11
[    1.561995] Bluetooth: BNEP (Ethernet Emulation) ver 1.3
[    1.564673] Bluetooth: BNEP socket layer initialized
[    1.567162] Bluetooth: HIDP (Human Interface Emulation) ver 1.2
[    1.570140] Bluetooth: HIDP socket layer initialized
[    1.573105] Registering SWP/SWPB emulation handler
[    1.576000] vdd_sata,avdd_plle: disabling
[    1.579668] chargepump_5v: 5000 mV 
[    1.582954] vdd_ddr: 1500 mV 
[    1.584477] vdd_ddr: supplied by vdd_5v_in
[    1.587759] sys_3v3,vdd_3v3_alw: 3300 mV 
[    1.589794] sys_3v3,vdd_3v3_alw: supplied by vdd_5v_in
[    1.592608] sys_3v3_pexs: 3300 mV 
[    1.594333] sys_3v3_pexs: supplied by sys_3v3,vdd_3v3_alw
[    1.597497] tegra-pcie 3000.pcie-controller: 2x3 configuration
[    1.604758] tegra-pcie 3000.pcie-controller: probing port 0, using 2 lanes
[    1.662509] tegra-pcie 3000.pcie-controller: probing port 2, using 2 lanes
[    2.070103] tegra-pcie 3000.pcie-controller: link 2 down, retrying
[    2.477481] tegra-pcie 3000.pcie-controller: link 2 down, retrying
[    2.884726] tegra-pcie 3000.pcie-controller: link 2 down, retrying
[    2.889840] tegra-pcie 3000.pcie-controller: link 2 down, ignoring
[    2.893126] tegra-pcie 3000.pcie-controller: PCI host bridge to bus 0000:00
[    2.896624] pci_bus 0000:00: root bus resource [mem 0x20000000-0x27ffffff]
[    2.900075] pci_bus 0000:00: root bus resource [mem 0x28000000-0x3fffffff pref]
[    2.903757] pci_bus 0000:00: root bus resource [bus 00-ff]
[    2.906511] pci_bus 0000:00: root bus resource [io  0x1000-0xffff]
[    2.909639] pci 0000:00:01.0: [10de:0e1c] type 01 class 0x060400
[    2.912712] pci 0000:00:01.0: PME# supported from D0 D1 D2 D3hot D3cold
[    2.916223] PCI: bus0: Fast back to back transfers disabled
[    2.919023] pci 0000:00:01.0: bridge configuration invalid ([bus 00-00]), reconfiguring
[    2.923205] pci 0000:01:00.0: [10ec:8168] type 00 class 0x020000
[    2.926239] pci 0000:01:00.0: reg 0x10: [io  0x0000-0x00ff]
[    2.929047] pci 0000:01:00.0: reg 0x18: [mem 0x00000000-0x00000fff 64bit pref]
[    2.932689] pci 0000:01:00.0: reg 0x20: [mem 0x00000000-0x00003fff 64bit pref]
[    2.936358] pci 0000:01:00.0: supports D1 D2
[    2.938501] pci 0000:01:00.0: PME# supported from D0 D1 D2 D3hot D3cold
[    2.961550] PCI: bus1: Fast back to back transfers disabled
[    2.964351] pci_bus 0000:01: busn_res: [bus 01-ff] end is updated to 01
[    2.967710] pci 0000:00:01.0: BAR 9: assigned [mem 0x28000000-0x280fffff 64bit pref]
[    2.971608] pci 0000:00:01.0: BAR 7: assigned [io  0x1000-0x1fff]
[    2.974672] pci 0000:01:00.0: BAR 4: assigned [mem 0x28000000-0x28003fff 64bit pref]
[    2.978565] pci 0000:01:00.0: BAR 2: assigned [mem 0x28004000-0x28004fff 64bit pref]
[    2.982466] pci 0000:01:00.0: BAR 0: assigned [io  0x1000-0x10ff]
[    2.985526] pci 0000:00:01.0: PCI bridge to [bus 01]
[    2.988018] pci 0000:00:01.0:   bridge window [io  0x1000-0x1fff]
[    2.991077] pci 0000:00:01.0:   bridge window [mem 0x28000000-0x280fffff 64bit pref]
[    2.994982] pci 0000:00:01.0: nv_msi_ht_cap_quirk didn't locate host bridge
[    2.998642] r8169 Gigabit Ethernet driver 2.3LK-NAPI loaded
[    3.001493] pcieport 0000:00:01.0: driver skip pci_set_master, fix it!
[    3.004785] PCI: enabling device 0000:01:00.0 (0140 -> 0143)
[    3.008503] r8169 0000:01:00.0 eth0: RTL8168evl/8111evl at 0xf0022000, 02:04:4b:01:60:a6, XID 0c900800 IRQ 472
[    3.013540] r8169 0000:01:00.0 eth0: jumbo features [frames: 9200 bytes, tx checksumming: ko]
[    3.019658] [drm] Supports vblank timestamp caching Rev 1 (10.10.2010).
[    3.023139] [drm] No driver support for vblank timestamp query.
[    3.026135] tegra-host1x 50000000.host1x: No connectors reported connected with modes
[    3.030070] [drm] Cannot find any crtc or sizes - going 1024x768
[    3.048264] Console: switching to colour frame buffer device 128x48
[    3.057473] tegra-host1x 50000000.host1x: fb0:  frame buffer device
[    3.060617] tegra-host1x 50000000.host1x: registered panic notifier
[    3.063782] [drm] Initialized tegra 0.0.0 20120330 on minor 0
[    3.069746] utmi_phy_clk_enable: timeout waiting for phy to stabilize
[    3.072993] tegra-ehci 7d008000.usb: EHCI Host Controller
[    3.075720] tegra-ehci 7d008000.usb: new USB bus registered, assigned bus number 1
[    3.079853] tegra-ehci 7d008000.usb: irq 129, io mem 0x7d008000
[    3.101933] tegra-ehci 7d008000.usb: USB 2.0 started, EHCI 1.00
[    3.105487] hub 1-0:1.0: USB hub found
[    3.107405] hub 1-0:1.0: 1 port detected
[    3.110262] tegra_rtc 7000e000.rtc: setting system clock to 1970-01-01 00:03:52 UTC (232)
[    3.114609] ALSA device list:
[    3.116100]   #0: NVIDIA Tegra Beaver
[    3.283549] kjournald starting.  Commit interval 5 seconds
[    3.285211] EXT3-fs (mmcblk0p1): using internal journal
[    3.286708] EXT3-fs (mmcblk0p1): recovery complete
[    3.286710] EXT3-fs (mmcblk0p1): mounted filesystem with writeback data mode
[    3.286788] VFS: Mounted root (ext3 filesystem) on device 179:1.
[    3.289134] devtmpfs: mounted
[    3.289361] Freeing unused kernel memory: 236K (c07c7000 - c0802000)
 
INIT: version 2.88 booting
[info] Using makefile-style concurrent boot in runlevel S.
[....] Starting the hotplug events dispatcher: udevd[    4.179409] udevd[178]: starting version 175
[ ok .
[....] Synthesizing the initial hotplug events...[ ok done.
[....] Waiting for /dev to be fully populated...[ ok done.
[....] Activating swap...[ ok done.
[....] Cleaning up temporary files... /tmp[ ok .
[....] Activating lvm and md swap...[ ok done.
[....] Checking file systems...fsck from util-linux 2.20.1
[ ok done.
[....] Mounting local filesystems...[ ok done.
[....] Activating swapfile swap...[ ok done.
[....] Cleaning up temporary files...[ ok .
[....] Setting kernel variables ...[ ok done.
[....] Configuring network interfaces...[ ok done.
[....] Starting rpcbind daemon...[ ok .
[....] Starting NFS common utilities: statd idmapd[FAIL failed!
[....] Cleaning up temporary files...[ ok .
[....] Starting network benchmark server[ ok .
[....] startpar: service(s) returned failure: nfs-common ...[FAIL failed!
INIT: Entering runlevel: 2
[info] Using makefile-style concurrent boot in runlevel 2.
[....] Starting network benchmark server[FAIL failed!
[....] Starting rpcbind daemon...[....] Already running.[ ok .
[....] Starting NFS common utilities: statd idmapd[FAIL failed!
[....] Starting system message bus: dbus[ ok .
[....] startpar: service(s) returned failure: nfs-common ...[FAIL failed!

Debian GNU/Linux wheezy/sid armel ttyS0

armel login: 