
U-Boot SPL 2014.01-00219-gc4d376f (Feb 18 2014 - 19:57:18)


U-Boot 2014.01-00219-gc4d376f (Feb 18 2014 - 19:57:18)

TEGRA30
Board: NVIDIA Beaver
I2C:   ready
DRAM:  2 GiB
MMC:   Tegra SD/MMC: 0, Tegra SD/MMC: 1
In:    serial
Out:   serial
Err:   serial
Net:   Net Initialization Skipped
No ethernet found.
Hit any key to stop autoboot:  2  0 
Tegra30 (Beaver) # 
Tegra30 (Beaver) # usb reset
(Re)start USB...
USB0:   USB EHCI 1.00
scanning bus 0 for devices... 2 USB Device(s) found
       scanning usb for storage devices... 0 Storage Device(s) found
       scanning usb for ethernet devices... 
Warning: asx0 using MAC address from net device
1 Ethernet Device(s) found
Tegra30 (Beaver) # setenv bootargs 'ignore_loglevel console=ttyS0,115200n8 rw root=PARTUUID=edbe1840-3633-c751-7993-b0ac834f81e0 rootwait gpt debug noinitrd earlyprintk init=/bin/bash'
Tegra30 (Beaver) # setenv ipaddr 192.168.100.101; setenv serverip 192.168.100.1; setenv tftpserverip 192.168.100.1
Tegra30 (Beaver) # tftpboot 0x81000000 zImage.multi_v7_defconfig
Using asx0 device
TFTP from server 192.168.100.1; our IP address is 192.168.100.101
Filename 'zImage.multi_v7_defconfig'.
Load address: 0x81000000
Loading: *#################################################################
	 #################################################################
	 #################################################################
	 #################################################################
	 #################################################################
	 #################################################################
	 #################################################################
	 #################################################################
	 #####################################
	 2.9 MiB/s
done
Bytes transferred = 8167936 (7ca200 hex)
Tegra30 (Beaver) # tftpboot 0x82000000 tegra30-beaver.dtb
Using asx0 device
TFTP from server 192.168.100.1; our IP address is 192.168.100.101
Filename 'tegra30-beaver.dtb'.
Load address: 0x82000000
Loading: *####
	 2.6 MiB/s
done
Bytes transferred = 51860 (ca94 hex)
Tegra30 (Beaver) # bootz 0x81000000 - 0x82000000
Kernel image @ 0x81000000 [ 0x000000 - 0x7ca200 ]
## Flattened Device Tree blob at 82000000
   Booting using the fdt blob at 0x82000000
   Loading Device Tree to 8fff0000, end 8ffffa93 ... OK

Starting kernel ...

[    0.000000] Booting Linux on physical CPU 0x0
[    0.000000] Linux version 4.14.0-201708-gbebc608 (jonathanh@sellafield) (gcc version 4.7.3 20130328 (prerelease) (crosstool-NG linaro-1.13.1-4.7-2013.04-20130415 - Linaro GCC 2013.04)) #1 SMP Mon Nov 13 02:04:20 PST 2017
[    0.000000] CPU: ARMv7 Processor [412fc099] revision 9 (ARMv7), cr=10c5387d
[    0.000000] CPU: PIPT / VIPT nonaliasing data cache, VIPT aliasing instruction cache
[    0.000000] OF: fdt: Machine model: NVIDIA Tegra30 Beaver evaluation board
[    0.000000] debug: ignoring loglevel setting.
[    0.000000] Memory policy: Data cache writealloc
[    0.000000] efi: Getting EFI parameters from FDT:
[    0.000000] efi: UEFI not found.
[    0.000000] cma: Reserved 64 MiB at 0xfb800000
[    0.000000] On node 0 totalpages: 524032
[    0.000000] free_area_init_node: node 0, pgdat c158fa80, node_mem_map eeff8000
[    0.000000]   DMA zone: 1536 pages used for memmap
[    0.000000]   DMA zone: 0 pages reserved
[    0.000000]   DMA zone: 196608 pages, LIFO batch:31
[    0.000000]   HighMem zone: 327424 pages, LIFO batch:31
[    0.000000] random: fast init done
[    0.000000] percpu: Embedded 17 pages/cpu @eef88000 s39424 r8192 d22016 u69632
[    0.000000] pcpu-alloc: s39424 r8192 d22016 u69632 alloc=17*4096
[    0.000000] pcpu-alloc: [0] 0 [0] 1 [0] 2 [0] 3 
[    0.000000] Built 1 zonelists, mobility grouping on.  Total pages: 522496
[    0.000000] Kernel command line: ignore_loglevel console=ttyS0,115200n8 rw root=PARTUUID=edbe1840-3633-c751-7993-b0ac834f81e0 rootwait gpt debug noinitrd earlyprintk init=/bin/bash
[    0.000000] PID hash table entries: 4096 (order: 2, 16384 bytes)
[    0.000000] Dentry cache hash table entries: 131072 (order: 7, 524288 bytes)
[    0.000000] Inode-cache hash table entries: 65536 (order: 6, 262144 bytes)
[    0.000000] Memory: 1993396K/2096128K available (10240K kernel code, 1631K rwdata, 4504K rodata, 2048K init, 406K bss, 37196K reserved, 65536K cma-reserved, 1244160K highmem)
[    0.000000] Virtual kernel memory layout:
[    0.000000]     vector  : 0xffff0000 - 0xffff1000   (   4 kB)
[    0.000000]     fixmap  : 0xffc00000 - 0xfff00000   (3072 kB)
[    0.000000]     vmalloc : 0xf0800000 - 0xff800000   ( 240 MB)
[    0.000000]     lowmem  : 0xc0000000 - 0xf0000000   ( 768 MB)
[    0.000000]     pkmap   : 0xbfe00000 - 0xc0000000   (   2 MB)
[    0.000000]     modules : 0xbf000000 - 0xbfe00000   (  14 MB)
[    0.000000]       .text : 0xc0208000 - 0xc0d00000   (11232 kB)
[    0.000000]       .init : 0xc1200000 - 0xc1400000   (2048 kB)
[    0.000000]       .data : 0xc1400000 - 0xc1597f28   (1632 kB)
[    0.000000]        .bss : 0xc15a0b9c - 0xc16064fc   ( 407 kB)
[    0.000000] SLUB: HWalign=64, Order=0-3, MinObjects=0, CPUs=4, Nodes=1
[    0.000000] Hierarchical RCU implementation.
[    0.000000] 	RCU event tracing is enabled.
[    0.000000] 	RCU restricting CPUs from NR_CPUS=16 to nr_cpu_ids=4.
[    0.000000] RCU: Adjusting geometry for rcu_fanout_leaf=16, nr_cpu_ids=4
[    0.000000] NR_IRQS: 16, nr_irqs: 16, preallocated irqs: 16
[    0.000000] /interrupt-controller@60004000: 160 interrupts forwarded to /interrupt-controller@50041000
[    0.000000] L2C: platform modifies aux control register: 0x02080000 -> 0x3e480001
[    0.000000] L2C: DT/platform modifies aux control register: 0x02080000 -> 0x3e480001
[    0.000000] L2C-310 erratum 769419 enabled
[    0.000000] L2C-310 enabling early BRESP for Cortex-A9
[    0.000000] L2C-310: enabling full line of zeros but not enabled in Cortex-A9
[    0.000000] L2C-310 dynamic clock gating enabled, standby mode enabled
[    0.000000] L2C-310 cache controller enabled, 8 ways, 1024 kB
[    0.000000] L2C-310: CACHE_ID 0x410000c7, AUX_CTRL 0x4e480001
[    0.000012] sched_clock: 32 bits at 1000kHz, resolution 1000ns, wraps every 2147483647500ns
[    0.000029] clocksource: timer_us: mask: 0xffffffff max_cycles: 0xffffffff, max_idle_ns: 1911260446275 ns
[    0.000038] Switching to timer-based delay loop, resolution 1000ns
[    0.002829] Console: colour dummy device 80x30
[    0.002861] Calibrating delay loop (skipped), value calculated using timer frequency.. 2.00 BogoMIPS (lpj=10000)
[    0.002871] pid_max: default: 32768 minimum: 301
[    0.002955] Mount-cache hash table entries: 2048 (order: 1, 8192 bytes)
[    0.002964] Mountpoint-cache hash table entries: 2048 (order: 1, 8192 bytes)
[    0.003367] CPU: Testing write buffer coherency: ok
[    0.003667] CPU0: thread -1, cpu 0, socket 0, mpidr 80000000
[    0.003888] Setting up static identity map for 0x80300000 - 0x803000a0
[    0.005240] Hierarchical SRCU implementation.
[    0.006586] Tegra Revision: A03 SKU: 128 CPU Process: 4 SoC Process: 0
[    0.007151] EFI services will not be available.
[    0.007250] smp: Bringing up secondary CPUs ...
[    0.010375] CPU1: thread -1, cpu 1, socket 0, mpidr 80000001
[    0.020350] CPU2: thread -1, cpu 2, socket 0, mpidr 80000002
[    0.030333] CPU3: thread -1, cpu 3, socket 0, mpidr 80000003
[    0.030386] smp: Brought up 1 node, 4 CPUs
[    0.030399] SMP: Total of 4 processors activated (8.00 BogoMIPS).
[    0.030404] CPU: All CPU(s) started in SVC mode.
[    0.031115] devtmpfs: initialized
[    0.038167] VFP support v0.3: implementor 41 architecture 3 part 30 variant 9 rev 4
[    0.038603] clocksource: jiffies: mask: 0xffffffff max_cycles: 0xffffffff, max_idle_ns: 19112604462750000 ns
[    0.038622] futex hash table entries: 1024 (order: 4, 65536 bytes)
[    0.042066] pinctrl core: initialized pinctrl subsystem
[    0.043472] DMI not present or invalid.
[    0.043719] NET: Registered protocol family 16
[    0.046722] DMA: preallocated 256 KiB pool for atomic coherent allocations
[    0.048418] cpuidle: using governor menu
[    0.061449] No ATAGs?
[    0.061558] hw-breakpoint: found 5 (+1 reserved) breakpoint and 1 watchpoint registers.
[    0.061569] hw-breakpoint: maximum watchpoint size is 4 bytes.
[    0.065700] Serial: AMBA PL011 UART driver
[    0.066172] tegra-mc 7000f000.memory-controller: no memory timings for RAM code 3 registered
[    0.066272] iommu: Adding device reg-dummy to group 0
[    0.066305] iommu: Adding device 3000.pcie to group 1
[    0.066326] iommu: Adding device 50000000.host1x to group 2
[    0.066344] iommu: Adding device 54040000.mpe to group 3
[    0.066362] iommu: Adding device 54080000.vi to group 4
[    0.066380] iommu: Adding device 540c0000.epp to group 5
[    0.066398] iommu: Adding device 54100000.isp to group 6
[    0.066415] iommu: Adding device 54140000.gr2d to group 7
[    0.066433] iommu: Adding device 54180000.gr3d to group 8
[    0.066502] iommu: Adding device 54200000.dc to group 9
[    0.066550] iommu: Adding device 54240000.dc to group 10
[    0.066571] iommu: Adding device 54280000.hdmi to group 11
[    0.066589] iommu: Adding device 50040600.timer to group 12
[    0.066607] iommu: Adding device 50043000.cache-controller to group 13
[    0.066624] iommu: Adding device 60005000.timer to group 14
[    0.066642] iommu: Adding device 60007000.flow-controller to group 15
[    0.066660] iommu: Adding device 6000a000.dma to group 16
[    0.066682] iommu: Adding device 6000c000.ahb to group 17
[    0.066702] iommu: Adding device 6000d000.gpio to group 18
[    0.066719] iommu: Adding device 70000800.apbmisc to group 19
[    0.066742] iommu: Adding device 70000868.pinmux to group 20
[    0.066761] iommu: Adding device 70006000.serial to group 21
[    0.066778] iommu: Adding device 7000e000.rtc to group 22
[    0.066797] iommu: Adding device 7000c000.i2c to group 23
[    0.066813] iommu: Adding device 7000c400.i2c to group 24
[    0.066837] iommu: Adding device 7000c500.i2c to group 25
[    0.066856] iommu: Adding device 7000c700.i2c to group 26
[    0.066874] iommu: Adding device 7000d000.i2c to group 27
[    0.066890] iommu: Adding device 7000da00.spi to group 28
[    0.066909] iommu: Adding device 7000e400.pmc to group 29
[    0.066927] iommu: Adding device 7000f000.memory-controller to group 30
[    0.066951] iommu: Adding device 7000f800.fuse to group 31
[    0.066974] iommu: Adding device 70080000.ahub to group 32
[    0.066993] iommu: Adding device 78000000.sdhci to group 33
[    0.067016] iommu: Adding device 78000600.sdhci to group 34
[    0.067034] iommu: Adding device 7d000000.usb to group 35
[    0.067053] iommu: Adding device 7d000000.usb-phy to group 36
[    0.067070] iommu: Adding device 7d004000.usb to group 37
[    0.067089] iommu: Adding device 7d004000.usb-phy to group 38
[    0.067106] iommu: Adding device 7d008000.usb to group 39
[    0.067125] iommu: Adding device 7d008000.usb-phy to group 40
[    0.067141] iommu: Adding device pmu to group 41
[    0.067169] iommu: Adding device clocks to group 42
[    0.067187] iommu: Adding device gpio-leds to group 43
[    0.067204] iommu: Adding device regulators to group 44
[    0.067221] iommu: Adding device regulators:regulator@0 to group 45
[    0.067239] iommu: Adding device regulators:regulator@1 to group 46
[    0.067257] iommu: Adding device regulators:regulator@2 to group 47
[    0.067275] iommu: Adding device regulators:regulator@3 to group 48
[    0.067292] iommu: Adding device regulators:regulator@4 to group 49
[    0.067308] iommu: Adding device regulators:regulator@5 to group 50
[    0.067331] iommu: Adding device regulators:regulator@6 to group 51
[    0.067355] iommu: Adding device regulators:regulator@7 to group 52
[    0.067373] iommu: Adding device regulators:regulator@8 to group 53
[    0.067391] iommu: Adding device sound to group 54
[    0.075608] AT91: Could not find identification node
[    0.076110] vdd_5v_sata: Failed to request enable GPIO30: -517
[    0.076126] reg-fixed-voltage regulators:regulator@3: Failed to register regulator: -517
[    0.076175] usb1_vbus: Failed to request enable GPIO238: -517
[    0.076182] reg-fixed-voltage regulators:regulator@4: Failed to register regulator: -517
[    0.076230] usb3_vbus: Failed to request enable GPIO236: -517
[    0.076237] reg-fixed-voltage regulators:regulator@5: Failed to register regulator: -517
[    0.076337] sys_3v3_pexs: Failed to request enable GPIO95: -517
[    0.076344] reg-fixed-voltage regulators:regulator@7: Failed to register regulator: -517
[    0.078132] vgaarb: loaded
[    0.078590] SCSI subsystem initialized
[    0.078724] libata version 3.00 loaded.
[    0.078850] usbcore: registered new interface driver usbfs
[    0.078886] usbcore: registered new interface driver hub
[    0.078921] usbcore: registered new device driver usb
[    0.083268] iommu: Adding device tps65910-gpio to group 55
[    0.083543] iommu: Adding device tps65910-pmic to group 56
[    0.086021] vrtc: supplied by vdd_5v_in
[    0.089295] vio: supplied by vdd_5v_in
[    0.091817] vdd1: supplied by vdd_5v_in
[    0.093176] vddio_ddr_1v2: Bringing 600000uV into 1200000-1200000uV
[    0.101825] vdd2: supplied by vdd_5v_in
[    0.121847] ldo1: supplied by vdd_1v5_gen
[    0.124224] ldo2: supplied by vdd_1v5_gen
[    0.124694] vdd_sata,avdd_plle: Bringing 1200000uV into 1050000-1050000uV
[    0.126917] ldo3: supplied by vdd_5v_in
[    0.129258] ldo4: supplied by vdd_5v_in
[    0.131802] ldo5: supplied by vdd_5v_in
[    0.141807] ldo6: supplied by vdd_1v8_gen
[    0.142277] avdd_dsi_csi,pwrdet_mipi: Bringing 1000000uV into 1200000-1200000uV
[    0.144510] ldo7: supplied by vdd_1v8_gen
[    0.151805] ldo8: supplied by vdd_1v8_gen
[    0.160080] iommu: Adding device tps65910-rtc to group 57
[    0.160191] iommu: Adding device tps65910-power to group 58
[    0.161964] pps_core: LinuxPPS API ver. 1 registered
[    0.161971] pps_core: Software ver. 5.3.6 - Copyright 2005-2007 Rodolfo Giometti <giometti@linux.it>
[    0.161987] PTP clock support registered
[    0.162122] EDAC MC: Ver: 3.0.0
[    0.162317] dmi: Firmware registration failed.
[    0.163616] clocksource: Switched to clocksource timer_us
[    0.195906] NET: Registered protocol family 2
[    0.196312] TCP established hash table entries: 8192 (order: 3, 32768 bytes)
[    0.196367] TCP bind hash table entries: 8192 (order: 4, 65536 bytes)
[    0.196448] TCP: Hash tables configured (established 8192 bind 8192)
[    0.196593] UDP hash table entries: 512 (order: 2, 16384 bytes)
[    0.196662] UDP-Lite hash table entries: 512 (order: 2, 16384 bytes)
[    0.196830] NET: Registered protocol family 1
[    0.197162] RPC: Registered named UNIX socket transport module.
[    0.197171] RPC: Registered udp transport module.
[    0.197175] RPC: Registered tcp transport module.
[    0.197179] RPC: Registered tcp NFSv4.1 backchannel transport module.
[    0.197189] PCI: CLS 0 bytes, default 64
[    0.198010] hw perfevents: no interrupt-affinity property for /pmu, guessing.
[    0.198236] hw perfevents: enabled with armv7_cortex_a9 PMU driver, 7 counters available
[    0.198722] iommu: Adding device alarmtimer to group 59
[    0.199410] workingset: timestamp_bits=30 max_order=19 bucket_order=0
[    0.202630] squashfs: version 4.0 (2009/01/31) Phillip Lougher
[    0.203014] NFS: Registering the id_resolver key type
[    0.203050] Key type id_resolver registered
[    0.203055] Key type id_legacy registered
[    0.203085] ntfs: driver 2.1.32 [Flags: R/O].
[    0.204076] bounce: pool size: 64 pages
[    0.204117] Block layer SCSI generic (bsg) driver version 0.4 loaded (major 248)
[    0.204125] io scheduler noop registered
[    0.204130] io scheduler deadline registered
[    0.204277] io scheduler cfq registered (default)
[    0.204284] io scheduler mq-deadline registered
[    0.204288] io scheduler kyber registered
[    0.210532] tegra30-pinctrl 70000868.pinmux: invalid group "sdmmc3_dat6_pd3" for function "rsvd1"
[    0.210548] tegra30-pinctrl 70000868.pinmux: invalid group "sdmmc3_dat7_pd4" for function "rsvd1"
[    0.210561] tegra30-pinctrl 70000868.pinmux: invalid group "vi_vsync_pd6" for function "rsvd1"
[    0.210571] tegra30-pinctrl 70000868.pinmux: invalid group "vi_hsync_pd7" for function "rsvd1"
[    0.211006] tegra30-pinctrl 70000868.pinmux: invalid group "hdmi_int_pn7" for function "rsvd1"
[    0.211055] tegra30-pinctrl 70000868.pinmux: invalid group "ulpi_data3_po4" for function "rsvd1"
[    0.211371] tegra30-pinctrl 70000868.pinmux: invalid group "vi_d10_pt2" for function "rsvd1"
[    0.211383] tegra30-pinctrl 70000868.pinmux: invalid group "vi_d11_pt3" for function "rsvd1"
[    0.211395] tegra30-pinctrl 70000868.pinmux: invalid group "vi_d0_pt4" for function "rsvd1"
[    0.211433] tegra30-pinctrl 70000868.pinmux: invalid group "pu0" for function "rsvd1"
[    0.211462] tegra30-pinctrl 70000868.pinmux: invalid group "pu3" for function "rsvd1"
[    0.211490] tegra30-pinctrl 70000868.pinmux: invalid group "pu6" for function "rsvd1"
[    0.211529] tegra30-pinctrl 70000868.pinmux: invalid group "pv3" for function "rsvd1"
[    0.211997] tegra30-pinctrl 70000868.pinmux: invalid group "pbb0" for function "rsvd1"
[    0.212118] tegra30-pinctrl 70000868.pinmux: invalid group "pcc1" for function "rsvd1"
[    0.217291] tegra-pcie 3000.pcie: 2x3 configuration
[    0.217443] tegra-pcie 3000.pcie: Failed to get supply 'hvdd-pex': -517
[    0.223028] tegra-apbdma 6000a000.dma: Tegra20 APB DMA driver register 32 channels
[    0.224928] tegra-pmc 7000e400.pmc: i2c-thermtrip node not found, emergency thermal reset disabled.
[    0.253071] Serial: 8250/16550 driver, 4 ports, IRQ sharing disabled
[    0.253158] iommu: Adding device serial8250 to group 60
[    0.255241] console [ttyS0] disabled
[    0.255280] 70006000.serial: ttyS0 at MMIO 0x70006000 (irq = 331, base_baud = 25500000) is a Tegra
[    1.628065] console [ttyS0] enabled
[    1.632081] SuperH (H)SCI(F) driver initialized
[    1.637234] msm_serial: driver initialized
[    1.641423] STMicroelectronics ASC driver initialized
[    1.650379] tegra-hdmi 54280000.hdmi: failed to get HDMI regulator
[    1.663276] brd: module loaded
[    1.671761] loop: module loaded
[    1.680612] m25p80 spi0.1: w25q32 (4096 Kbytes)
[    1.686403] iommu: Adding device Fixed MDIO bus.0 to group 61
[    1.692558] libphy: Fixed MDIO Bus: probed
[    1.697268] CAN device driver interface
[    1.701627] bgmac_bcma: Broadcom 47xx GBit MAC driver loaded
[    1.708027] e1000e: Intel(R) PRO/1000 Network Driver - 3.2.6-k
[    1.713856] e1000e: Copyright(c) 1999 - 2015 Intel Corporation.
[    1.719792] igb: Intel(R) Gigabit Ethernet Network Driver - version 5.4.0-k
[    1.726742] igb: Copyright (c) 2007-2014 Intel Corporation.
[    1.734343] pegasus: v0.9.3 (2013/04/25), Pegasus/Pegasus II USB Ethernet driver
[    1.741769] usbcore: registered new interface driver pegasus
[    1.747450] usbcore: registered new interface driver asix
[    1.752851] usbcore: registered new interface driver ax88179_178a
[    1.758956] usbcore: registered new interface driver cdc_ether
[    1.764810] usbcore: registered new interface driver smsc75xx
[    1.770564] usbcore: registered new interface driver smsc95xx
[    1.776322] usbcore: registered new interface driver net1080
[    1.781981] usbcore: registered new interface driver cdc_subset
[    1.787913] usbcore: registered new interface driver zaurus
[    1.793505] usbcore: registered new interface driver cdc_ncm
[    1.799348] tegra-phy 7d000000.usb-phy: no vbus regulator
[    1.807102] ehci_hcd: USB 2.0 'Enhanced' Host Controller (EHCI) Driver
[    1.813631] ehci-pci: EHCI PCI platform driver
[    1.818084] ehci-platform: EHCI generic platform driver
[    1.823415] ehci-orion: EHCI orion driver
[    1.827510] SPEAr-ehci: EHCI SPEAr driver
[    1.831580] ehci-st: EHCI STMicroelectronics driver
[    1.836530] ehci-exynos: EHCI EXYNOS driver
[    1.840784] ehci-atmel: EHCI Atmel driver
[    1.844869] tegra-ehci: Tegra EHCI driver
[    1.849166] ohci_hcd: USB 1.1 'Open' Host Controller (OHCI) Driver
[    1.855353] ohci-pci: OHCI PCI platform driver
[    1.859810] ohci-platform: OHCI generic platform driver
[    1.865143] SPEAr-ohci: OHCI SPEAr driver
[    1.869216] ohci-st: OHCI STMicroelectronics driver
[    1.874172] ohci-atmel: OHCI Atmel driver
[    1.878597] usbcore: registered new interface driver usb-storage
[    1.888006] iommu: Adding device ci_hdrc.0 to group 62
[    1.898626] tegra_rtc 7000e000.rtc: rtc core: registered 7000e000.rtc as rtc1
[    1.905802] tegra_rtc 7000e000.rtc: Tegra internal Real Time Clock
[    1.924565] tps65910-rtc tps65910-rtc: rtc core: registered tps65910-rtc as rtc0
[    1.932138] i2c /dev entries driver
[    1.937774] IR NEC protocol handler initialized
[    1.942292] IR RC5(x/sz) protocol handler initialized
[    1.947343] IR RC6 protocol handler initialized
[    1.951859] IR JVC protocol handler initialized
[    1.956384] IR Sony protocol handler initialized
[    1.960986] IR SANYO protocol handler initialized
[    1.965681] IR Sharp protocol handler initialized
[    1.970370] IR MCE Keyboard/mouse protocol handler initialized
[    1.976191] IR XMP protocol handler initialized
[    1.986696] sdhci: Secure Digital Host Controller Interface driver
[    1.992861] sdhci: Copyright(c) Pierre Ossman
[    1.998134] Synopsys Designware Multimedia Card Interface Driver
[    2.004878] sdhci-pltfm: SDHCI platform and OF driver helper
[    2.011043] sdhci-tegra 78000000.sdhci: Got CD GPIO
[    2.015934] sdhci-tegra 78000000.sdhci: Got WP GPIO
[    2.029069] mmc0: Invalid maximum block size, assuming 512 bytes
[    2.093735] mmc0: SDHCI controller on 78000000.sdhci [78000000.sdhci] using ADMA
[    2.110127] mmc1: Invalid maximum block size, assuming 512 bytes
[    2.173638] mmc1: SDHCI controller on 78000600.sdhci [78000600.sdhci] using ADMA
[    2.182507] ledtrig-cpu: registered to indicate activity on CPUs
[    2.188792] usbcore: registered new interface driver usbhid
[    2.194363] usbhid: USB HID core driver
[    2.200588] NET: Registered protocol family 10
[    2.205710] Segment Routing with IPv6
[    2.209409] sit: IPv6, IPv4 and MPLS over IPv4 tunneling driver
[    2.215703] NET: Registered protocol family 17
[    2.220141] can: controller area network core (rev 20170425 abi 9)
[    2.226362] NET: Registered protocol family 29
[    2.230794] can: raw protocol (rev 20170425)
[    2.235065] can: broadcast manager protocol (rev 20170425 t)
[    2.240712] can: netlink gateway (rev 20170425) max_hops=1
[    2.246460] Key type dns_resolver registered
[    2.251097] ThumbEE CPU extension supported.
[    2.255380] Registering SWP/SWPB emulation handler
[    2.270822] vdd_ddr: supplied by vdd_5v_in
[    2.275772] vdd_5v_sata: supplied by vdd_5v_in
[    2.280533] usb1_vbus: supplied by vdd_5v_in
[    2.285119] usb3_vbus: supplied by vdd_5v_in
[    2.290620] sys_3v3,vdd_3v3_alw: supplied by vdd_5v_in
[    2.296561] sys_3v3_pexs: supplied by sys_3v3,vdd_3v3_alw
[    2.302066] +VDD_5V_HDMI: supplied by sys_3v3,vdd_3v3_alw
[    2.307312] mmc1: new high speed MMC card at address 0001
[    2.307966] mmcblk1: mmc1:0001 SEM16G 14.8 GiB 
[    2.308434] mmcblk1boot0: mmc1:0001 SEM16G partition 1 1.00 MiB
[    2.308962] mmcblk1boot1: mmc1:0001 SEM16G partition 2 1.00 MiB
[    2.309437] mmcblk1rpmb: mmc1:0001 SEM16G partition 3 128 KiB
[    2.311063] mmc0: new ultra high speed DDR50 SDHC card at address aaaa
[    2.311271] mmcblk0: mmc0:aaaa SS04G 3.69 GiB 
[    2.321030] Primary GPT is invalid, using alternate GPT.
[    2.321047]  mmcblk1: p1 p2 p3 p4 p5
[    2.339277]  mmcblk0: p1 p2 p3
[    2.358618] tegra-pcie 3000.pcie: 2x3 configuration
[    2.365945] tegra-pcie 3000.pcie: probing port 0, using 2 lanes
[    2.430120] tegra-pcie 3000.pcie: probing port 2, using 2 lanes
[    2.839884] tegra-pcie 3000.pcie: link 2 down, retrying
[    3.248952] tegra-pcie 3000.pcie: link 2 down, retrying
[    3.658016] tegra-pcie 3000.pcie: link 2 down, retrying
[    3.665240] tegra-pcie 3000.pcie: link 2 down, ignoring
[    3.670554] tegra-pcie 3000.pcie: PCI host bridge to bus 0000:00
[    3.676565] pci_bus 0000:00: root bus resource [io  0x0000-0xffff]
[    3.682730] pci_bus 0000:00: root bus resource [mem 0x20000000-0x27ffffff]
[    3.689597] pci_bus 0000:00: root bus resource [mem 0x28000000-0x3fffffff pref]
[    3.696897] pci_bus 0000:00: root bus resource [bus 00-ff]
[    3.702392] pci 0000:00:01.0: [10de:0e1c] type 01 class 0x060400
[    3.708404] pci_bus 0000:00: 2-byte config write to 0000:00:01.0 offset 0x4 may corrupt adjacent RW1C bits
[    3.718046] pci_bus 0000:00: 2-byte config write to 0000:00:01.0 offset 0x4 may corrupt adjacent RW1C bits
[    3.727696] pci 0000:00:01.0: enabling Extended Tags
[    3.732649] pci_bus 0000:00: 2-byte config write to 0000:00:01.0 offset 0x88 may corrupt adjacent RW1C bits
[    3.742395] pci_bus 0000:00: 2-byte config write to 0000:00:01.0 offset 0x52 may corrupt adjacent RW1C bits
[    3.752137] pci 0000:00:01.0: PME# supported from D0 D1 D2 D3hot D3cold
[    3.758746] pci_bus 0000:00: 2-byte config write to 0000:00:01.0 offset 0x4c may corrupt adjacent RW1C bits
[    3.768608] pci_bus 0000:00: 2-byte config write to 0000:00:01.0 offset 0x3e may corrupt adjacent RW1C bits
[    3.778341] pci_bus 0000:00: 2-byte config write to 0000:00:01.0 offset 0x4 may corrupt adjacent RW1C bits
[    3.787982] pci_bus 0000:00: 1-byte config write to 0000:00:01.0 offset 0xc may corrupt adjacent RW1C bits
[    3.797619] PCI: bus0: Fast back to back transfers disabled
[    3.803180] pci 0000:00:01.0: bridge configuration invalid ([bus 00-00]), reconfiguring
[    3.811173] pci_bus 0000:00: 2-byte config write to 0000:00:01.0 offset 0x3e may corrupt adjacent RW1C bits
[    3.820900] pci_bus 0000:00: 2-byte config write to 0000:00:01.0 offset 0x3e may corrupt adjacent RW1C bits
[    3.830706] pci 0000:01:00.0: [10ec:8168] type 00 class 0x020000
[    3.836734] pci 0000:01:00.0: reg 0x10: [io  0x0000-0x00ff]
[    3.842306] pci 0000:01:00.0: reg 0x18: [mem 0x00000000-0x00000fff 64bit pref]
[    3.849531] pci 0000:01:00.0: reg 0x20: [mem 0x00000000-0x00003fff 64bit pref]
[    3.856814] pci 0000:01:00.0: supports D1 D2
[    3.861071] pci 0000:01:00.0: PME# supported from D0 D1 D2 D3hot D3cold
[    3.893645] PCI: bus1: Fast back to back transfers disabled
[    3.899206] pci_bus 0000:01: busn_res: [bus 01-ff] end is updated to 01
[    3.905838] pci 0000:00:01.0: BAR 9: assigned [mem 0x28000000-0x280fffff 64bit pref]
[    3.913564] pci 0000:00:01.0: BAR 7: assigned [io  0x1000-0x1fff]
[    3.919654] pci 0000:01:00.0: BAR 4: assigned [mem 0x28000000-0x28003fff 64bit pref]
[    3.927399] pci 0000:01:00.0: BAR 2: assigned [mem 0x28004000-0x28004fff 64bit pref]
[    3.935142] pci 0000:01:00.0: BAR 0: assigned [io  0x1000-0x10ff]
[    3.941223] pci 0000:00:01.0: PCI bridge to [bus 01]
[    3.946183] pci 0000:00:01.0:   bridge window [io  0x1000-0x1fff]
[    3.952263] pci 0000:00:01.0:   bridge window [mem 0x28000000-0x280fffff 64bit pref]
[    3.960013] pci 0000:00:01.0: nv_msi_ht_cap_quirk didn't locate host bridge
[    3.967058] pcieport 0000:00:01.0: enabling device (0140 -> 0143)
[    3.973339] pcieport 0000:00:01.0: Signaling PME with IRQ 375
[    3.979330] r8169 Gigabit Ethernet driver 2.3LK-NAPI loaded
[    3.984925] r8169 0000:01:00.0: enabling device (0140 -> 0143)
[    3.991646] r8169 0000:01:00.0 eth0: RTL8168evl/8111evl at 0xf0a2a000, 02:04:4b:01:60:a6, XID 0c900800 IRQ 376
[    4.001648] r8169 0000:01:00.0 eth0: jumbo features [frames: 9200 bytes, tx checksumming: ko]
[    4.014261] [drm] Supports vblank timestamp caching Rev 2 (21.10.2013).
[    4.020863] [drm] No driver support for vblank timestamp query.
[    4.026821] [drm] Cannot find any crtc or sizes
[    4.031354] [drm] Initialized tegra 0.0.0 20120330 for drm on minor 0
[    4.040642] tegra-ehci 7d004000.usb: EHCI Host Controller
[    4.046066] tegra-ehci 7d004000.usb: new USB bus registered, assigned bus number 1
[    4.053854] tegra-ehci 7d004000.usb: irq 344, io mem 0x7d004000
[    4.059801] [drm] Cannot find any crtc or sizes
[    4.084016] tegra-ehci 7d004000.usb: USB 2.0 started, EHCI 1.00
[    4.091204] hub 1-0:1.0: USB hub found
[    4.094981] hub 1-0:1.0: 1 port detected
[    4.100142] tegra-ehci 7d008000.usb: EHCI Host Controller
[    4.105562] tegra-ehci 7d008000.usb: new USB bus registered, assigned bus number 2
[    4.113301] tegra-ehci 7d008000.usb: irq 345, io mem 0x7d008000
[    4.144010] tegra-ehci 7d008000.usb: USB 2.0 started, EHCI 1.00
[    4.151113] hub 2-0:1.0: USB hub found
[    4.154887] hub 2-0:1.0: 1 port detected
[    4.165226] tps65910-rtc tps65910-rtc: setting system clock to 2000-01-01 00:00:02 UTC (946684802)
[    4.174721] vdd_sata,avdd_plle: disabling
[    4.179466] usb1_vbus: disabling
[    4.184244] EXT4-fs (mmcblk1p1): mounting ext3 file system using the ext4 subsystem
[    4.199250] EXT4-fs (mmcblk1p1): warning: mounting fs with errors, running e2fsck is recommended
[    4.209478] EXT4-fs (mmcblk1p1): recovery complete
[    4.214290] EXT4-fs (mmcblk1p1): mounted filesystem with ordered data mode. Opts: (null)
[    4.222392] VFS: Mounted root (ext3 filesystem) on device 179:1.
[    4.232173] devtmpfs: mounted
[    4.237686] Freeing unused kernel memory: 2048K
bash: cannot set terminal process group (-1): Inappropriate ioctl for device
bash: no job control in this shell
root@(none):/# [    4.524031] usb 2-1: new high-speed USB device number 2 using tegra-ehci
[    5.214141] asix 2-1:1.0 eth1: register 'asix' at usb-7d008000.usb-1, ASIX AX88772 USB 2.0 Ethernet, 00:50:b6:0f:67:60
mount -t sysfs none /sys
root@(none):/# 
root@(none):/# mount -t debugfs none /sys/kernel/debug
root@(none):/# 
root@(none):/# rtcwake -d rtc1 -m mem -s 3
rtcwake: wakeup from "mem" using /dev/rtc1 at Thu Jan  1 00:00:22 1970
[    7.418929] PM: suspend entry (deep)
[    7.422505] PM: Syncing filesystems ... done.
[    7.428921] Freezing user space processes ... (elapsed 0.001 seconds) done.
[    7.436982] OOM killer disabled.
[    7.440198] Freezing remaining freezable tasks ... (elapsed 0.001 seconds) done.
[    7.448711] Suspending console(s) (use no_console_suspend to debug)
[    7.574344] Disabling non-boot CPUs ...
[    7.693904] IRQ17 no longer affine to CPU2
[    7.734277] Entering suspend state LP1
[    7.734289] Enabling non-boot CPUs ...
[    7.734937] CPU1 is up
[    7.735537] CPU2 is up
[    7.736209] CPU3 is up
[    7.736824] pcieport 0000:00:01.0: nv_msi_ht_cap_quirk didn't locate host bridge
[    8.353277] OOM killer enabled.
[    8.356413] Restarting tasks ... done.
[    8.360471] PM: suspend exit
root@(none):/# 
root@(none):/# rtcwake -d rtc1 -m mem -s 3
rtcwake: wakeup from "mem" using /dev/rtc1 at Thu Jan  1 00:00:27 1970
[    9.318618] PM: suspend entry (deep)
[    9.322193] PM: Syncing filesystems ... done.
[    9.327944] Freezing user space processes ... (elapsed 0.001 seconds) done.
[    9.336010] OOM killer disabled.
[    9.339226] Freezing remaining freezable tasks ... (elapsed 0.001 seconds) done.
[    9.347734] Suspending console(s) (use no_console_suspend to debug)
[    9.384524] pci_generic_config_write32: 68 callbacks suppressed
[    9.384536] pci_bus 0000:00: 2-byte config write to 0000:00:01.0 offset 0x9c may corrupt adjacent RW1C bits
[    9.427951] pci_bus 0000:01: 2-byte config write to 0000:01:00.0 offset 0x44 may corrupt adjacent RW1C bits
[    9.454335] Disabling non-boot CPUs ...
[    9.563787] IRQ17 no longer affine to CPU2
[    9.624147] Entering suspend state LP1
[    9.624163] Enabling non-boot CPUs ...
[    9.624980] CPU1 is up
[    9.625734] CPU2 is up
[    9.626541] CPU3 is up
[    9.627208] pci_bus 0000:00: 2-byte config write to 0000:00:01.0 offset 0x4c may corrupt adjacent RW1C bits
[    9.627220] pci_bus 0000:00: 2-byte config write to 0000:00:01.0 offset 0x88 may corrupt adjacent RW1C bits
[    9.627227] pci_bus 0000:00: 2-byte config write to 0000:00:01.0 offset 0x90 may corrupt adjacent RW1C bits
[    9.627231] pci_bus 0000:00: 2-byte config write to 0000:00:01.0 offset 0x98 may corrupt adjacent RW1C bits
[    9.627236] pci_bus 0000:00: 2-byte config write to 0000:00:01.0 offset 0x9c may corrupt adjacent RW1C bits
[    9.627254] pci_bus 0000:00: 2-byte config write to 0000:00:01.0 offset 0x52 may corrupt adjacent RW1C bits
[    9.627262] pci_bus 0000:00: 2-byte config write to 0000:00:01.0 offset 0x52 may corrupt adjacent RW1C bits
[    9.627267] pci_bus 0000:00: 2-byte config write to 0000:00:01.0 offset 0x5c may corrupt adjacent RW1C bits
[    9.627290] pcieport 0000:00:01.0: nv_msi_ht_cap_quirk didn't locate host bridge
[   10.352279] OOM killer enabled.
[   10.355415] Restarting tasks ... done.
[   10.360624] PM: suspend exit
root@(none):/# 
root@(none):/# rtcwake -d rtc1 -m mem -s 3
rtcwake: wakeup from "mem" using /dev/rtc1 at Thu Jan  1 00:00:32 1970
[   11.213361] PM: suspend entry (deep)
[   11.216970] PM: Syncing filesystems ... done.
[   11.223135] Freezing user space processes ... (elapsed 0.001 seconds) done.
[   11.231216] OOM killer disabled.
[   11.234450] Freezing remaining freezable tasks ... (elapsed 0.001 seconds) done.
[   11.242975] Suspending console(s) (use no_console_suspend to debug)
[   11.354438] Disabling non-boot CPUs ...
[   11.403932] IRQ17 no longer affine to CPU1
[   11.524200] Entering suspend state LP1
[   11.524216] Enabling non-boot CPUs ...
[   11.525049] CPU1 is up
[   11.525818] CPU2 is up
[   11.526624] CPU3 is up
[   11.527365] pcieport 0000:00:01.0: nv_msi_ht_cap_quirk didn't locate host bridge
[   12.148672] OOM killer enabled.
[   12.151801] Restarting tasks ... done.
[   12.155913] PM: suspend exit
root@(none):/# 
root@(none):/# rtcwake -d rtc1 -m mem -s 3
rtcwake: wakeup from "mem" using /dev/rtc1 at Thu Jan  1 00:00:37 1970
[   13.112769] PM: suspend entry (deep)
[   13.116381] PM: Syncing filesystems ... done.
[   13.122528] Freezing user space processes ... (elapsed 0.001 seconds) done.
[   13.130617] OOM killer disabled.
[   13.133856] Freezing remaining freezable tasks ... (elapsed 0.001 seconds) done.
[   13.142377] Suspending console(s) (use no_console_suspend to debug)
[   13.254439] Disabling non-boot CPUs ...
[   13.333783] IRQ17 no longer affine to CPU2
[   13.394209] Entering suspend state LP1
[   13.394227] Enabling non-boot CPUs ...
[   13.395073] CPU1 is up
[   13.395847] CPU2 is up
[   13.396651] CPU3 is up
[   13.397365] pcieport 0000:00:01.0: nv_msi_ht_cap_quirk didn't locate host bridge
[   14.028476] OOM killer enabled.
[   14.031607] Restarting tasks ... done.
[   14.035729] PM: suspend exit
root@(none):/# 
root@(none):/# rtcwake -d rtc1 -m mem -s 3
rtcwake: wakeup from "mem" using /dev/rtc1 at Thu Jan  1 00:00:42 1970
[   14.992820] PM: suspend entry (deep)
[   14.996423] PM: Syncing filesystems ... done.
[   15.002557] Freezing user space processes ... (elapsed 0.001 seconds) done.
[   15.010643] OOM killer disabled.
[   15.013879] Freezing remaining freezable tasks ... (elapsed 0.001 seconds) done.
[   15.022405] Suspending console(s) (use no_console_suspend to debug)
[   15.065251] pci_generic_config_write32: 65 callbacks suppressed
[   15.065267] pci_bus 0000:00: 2-byte config write to 0000:00:01.0 offset 0x9c may corrupt adjacent RW1C bits
[   15.112250] pci_bus 0000:01: 2-byte config write to 0000:01:00.0 offset 0x44 may corrupt adjacent RW1C bits
[   15.134439] Disabling non-boot CPUs ...
[   15.243754] IRQ17 no longer affine to CPU2
[   15.304183] Entering suspend state LP1
[   15.304199] Enabling non-boot CPUs ...
[   15.305034] CPU1 is up
[   15.305807] CPU2 is up
[   15.306625] CPU3 is up
[   15.307307] pci_bus 0000:00: 2-byte config write to 0000:00:01.0 offset 0x4c may corrupt adjacent RW1C bits
[   15.307319] pci_bus 0000:00: 2-byte config write to 0000:00:01.0 offset 0x88 may corrupt adjacent RW1C bits
[   15.307326] pci_bus 0000:00: 2-byte config write to 0000:00:01.0 offset 0x90 may corrupt adjacent RW1C bits
[   15.307330] pci_bus 0000:00: 2-byte config write to 0000:00:01.0 offset 0x98 may corrupt adjacent RW1C bits
[   15.307335] pci_bus 0000:00: 2-byte config write to 0000:00:01.0 offset 0x9c may corrupt adjacent RW1C bits
[   15.307353] pci_bus 0000:00: 2-byte config write to 0000:00:01.0 offset 0x52 may corrupt adjacent RW1C bits
[   15.307361] pci_bus 0000:00: 2-byte config write to 0000:00:01.0 offset 0x52 may corrupt adjacent RW1C bits
[   15.307367] pci_bus 0000:00: 2-byte config write to 0000:00:01.0 offset 0x5c may corrupt adjacent RW1C bits
[   15.307389] pcieport 0000:00:01.0: nv_msi_ht_cap_quirk didn't locate host bridge
[   16.021775] OOM killer enabled.
[   16.024912] Restarting tasks ... done.
[   16.029023] PM: suspend exit
root@(none):/# 
root@(none):/# rtcwake -d rtc1 -m mem -s 3
rtcwake: wakeup from "mem" using /dev/rtc1 at Thu Jan  1 00:00:47 1970
[   16.897425] PM: suspend entry (deep)
[   16.901004] PM: Syncing filesystems ... done.
[   16.907171] Freezing user space processes ... (elapsed 0.001 seconds) done.
[   16.915268] OOM killer disabled.
[   16.918485] Freezing remaining freezable tasks ... (elapsed 0.001 seconds) done.
[   16.927021] Suspending console(s) (use no_console_suspend to debug)
[   17.044397] Disabling non-boot CPUs ...
[   17.153714] IRQ17 no longer affine to CPU2
[   17.214173] Entering suspend state LP1
[   17.214189] Enabling non-boot CPUs ...
[   17.215031] CPU1 is up
[   17.215793] CPU2 is up
[   17.216622] CPU3 is up
[   17.217353] pcieport 0000:00:01.0: nv_msi_ht_cap_quirk didn't locate host bridge
[   17.828605] OOM killer enabled.
[   17.831733] Restarting tasks ... done.
[   17.835856] PM: suspend exit
root@(none):/# 
root@(none):/# rtcwake -d rtc1 -m mem -s 3
rtcwake: wakeup from "mem" using /dev/rtc1 at Thu Jan  1 00:00:52 1970
[   18.813814] PM: suspend entry (deep)
[   18.817397] PM: Syncing filesystems ... done.
[   18.824062] Freezing user space processes ... (elapsed 0.001 seconds) done.
[   18.832145] OOM killer disabled.
[   18.835374] Freezing remaining freezable tasks ... (elapsed 0.001 seconds) done.
[   18.843916] Suspending console(s) (use no_console_suspend to debug)
[   18.954347] Disabling non-boot CPUs ...
[   19.063719] IRQ17 no longer affine to CPU2
[   19.124149] Entering suspend state LP1
[   19.124169] Enabling non-boot CPUs ...
[   19.125043] CPU1 is up
[   19.125797] CPU2 is up
[   19.126627] CPU3 is up
[   19.127373] pcieport 0000:00:01.0: nv_msi_ht_cap_quirk didn't locate host bridge
[   19.748607] OOM killer enabled.
[   19.751737] Restarting tasks ... done.
[   19.755854] PM: suspend exit
root@(none):/# 
root@(none):/# rtcwake -d rtc1 -m mem -s 3
rtcwake: wakeup from "mem" using /dev/rtc1 at Thu Jan  1 00:00:57 1970
[   20.736034] PM: suspend entry (deep)
[   20.739616] PM: Syncing filesystems ... done.
[   20.745797] Freezing user space processes ... (elapsed 0.001 seconds) done.
[   20.753898] OOM killer disabled.
[   20.757113] Freezing remaining freezable tasks ... (elapsed 0.001 seconds) done.
[   20.765661] Suspending console(s) (use no_console_suspend to debug)
[   20.804670] pci_generic_config_write32: 65 callbacks suppressed
[   20.804685] pci_bus 0000:00: 2-byte config write to 0000:00:01.0 offset 0x9c may corrupt adjacent RW1C bits
[   20.848748] pci_bus 0000:01: 2-byte config write to 0000:01:00.0 offset 0x44 may corrupt adjacent RW1C bits
[   20.874339] Disabling non-boot CPUs ...
[   20.963691] IRQ17 no longer affine to CPU2
[   21.024102] Entering suspend state LP1
[   21.024117] Enabling non-boot CPUs ...
[   21.024950] CPU1 is up
[   21.025702] CPU2 is up
[   21.026505] CPU3 is up
[   21.027170] pci_bus 0000:00: 2-byte config write to 0000:00:01.0 offset 0x4c may corrupt adjacent RW1C bits
[   21.027185] pci_bus 0000:00: 2-byte config write to 0000:00:01.0 offset 0x88 may corrupt adjacent RW1C bits
[   21.027193] pci_bus 0000:00: 2-byte config write to 0000:00:01.0 offset 0x90 may corrupt adjacent RW1C bits
[   21.027198] pci_bus 0000:00: 2-byte config write to 0000:00:01.0 offset 0x98 may corrupt adjacent RW1C bits
[   21.027204] pci_bus 0000:00: 2-byte config write to 0000:00:01.0 offset 0x9c may corrupt adjacent RW1C bits
[   21.027224] pci_bus 0000:00: 2-byte config write to 0000:00:01.0 offset 0x52 may corrupt adjacent RW1C bits
[   21.027232] pci_bus 0000:00: 2-byte config write to 0000:00:01.0 offset 0x52 may corrupt adjacent RW1C bits
[   21.027237] pci_bus 0000:00: 2-byte config write to 0000:00:01.0 offset 0x5c may corrupt adjacent RW1C bits
[   21.027261] pcieport 0000:00:01.0: nv_msi_ht_cap_quirk didn't locate host bridge
[   21.721747] OOM killer enabled.
[   21.724882] Restarting tasks ... done.
[   21.728992] PM: suspend exit
root@(none):/# 
root@(none):/# rtcwake -d rtc1 -m mem -s 3
rtcwake: wakeup from "mem" using /dev/rtc1 at Thu Jan  1 00:01:02 1970
[   22.623671] PM: suspend entry (deep)
[   22.627254] PM: Syncing filesystems ... done.
[   22.633912] Freezing user space processes ... (elapsed 0.001 seconds) done.
[   22.641993] OOM killer disabled.
[   22.645224] Freezing remaining freezable tasks ... (elapsed 0.001 seconds) done.
[   22.653766] Suspending console(s) (use no_console_suspend to debug)
[   22.764334] Disabling non-boot CPUs ...
[   22.933610] IRQ17 no longer affine to CPU3
[   22.934072] Entering suspend state LP1
[   22.934089] Enabling non-boot CPUs ...
[   22.934927] CPU1 is up
[   22.935705] CPU2 is up
[   22.936536] CPU3 is up
[   22.937273] pcieport 0000:00:01.0: nv_msi_ht_cap_quirk didn't locate host bridge
[   23.558527] OOM killer enabled.
[   23.561656] Restarting tasks ... done.
[   23.565825] PM: suspend exit
root@(none):/# 
root@(none):/# rtcwake -d rtc1 -m mem -s 3
rtcwake: wakeup from "mem" using /dev/rtc1 at Thu Jan  1 00:01:07 1970
[   24.532660] PM: suspend entry (deep)
[   24.536266] PM: Syncing filesystems ... done.
[   24.542405] Freezing user space processes ... (elapsed 0.001 seconds) done.
[   24.550491] OOM killer disabled.
[   24.553731] Freezing remaining freezable tasks ... (elapsed 0.001 seconds) done.
[   24.562261] Suspending console(s) (use no_console_suspend to debug)
[   24.674290] Disabling non-boot CPUs ...
[   24.783631] IRQ17 no longer affine to CPU2
[   24.844045] Entering suspend state LP1
[   24.844061] Enabling non-boot CPUs ...
[   24.844893] CPU1 is up
[   24.845656] CPU2 is up
[   24.846462] CPU3 is up
[   24.847172] pcieport 0000:00:01.0: nv_msi_ht_cap_quirk didn't locate host bridge
[   25.468466] OOM killer enabled.
[   25.471595] Restarting tasks ... done.
[   25.475709] PM: suspend exit
root@(none):/# 
root@(none):/# NVTB SYSTEM SUSPEND TEST COMPLETE
