
U-Boot SPL 2016.05-rc2 (Apr 21 2016 - 16:23:00)
Trying to boot from RAM


U-Boot 2016.05-rc2 (Apr 21 2016 - 16:23:00 -0700)

TEGRA124
Model: NVIDIA Jetson TK1
Board: NVIDIA Jetson TK1
DRAM:  2 GiB
MMC:   Tegra SD/MMC: 0, Tegra SD/MMC: 1
In:    serial
Out:   serial
Err:   serial
Net:   No ethernet found.
Hit any key to stop autoboot:  2  0 
Tegra124 (Jetson TK1) # 
Tegra124 (Jetson TK1) # pci enum
Tegra124 (Jetson TK1) # setenv bootargs 'ignore_loglevel console=ttyS0,115200n8 rw root=PARTUUID=b1791faa-84e8-4e27-83a1-9fb0a77e8803 rootwait gpt debug noinitrd earlyprintk init=/bin/bash'
Tegra124 (Jetson TK1) # setenv ipaddr 192.168.100.102; setenv serverip 192.168.100.1; setenv tftpserverip 192.168.100.1
Tegra124 (Jetson TK1) # tftpboot 0x82000000 zImage.multi_v7_defconfig

Warning: eth_rtl8169 using MAC address from ROM
Using eth_rtl8169 device
TFTP from server 192.168.100.1; our IP address is 192.168.100.102
Filename 'zImage.multi_v7_defconfig'.
Load address: 0x82000000
Loading: *#################################################################
	 #################################################################
	 #################################################################
	 #################################################################
	 #################################################################
	 #################################################################
	 #################################################################
	 ###################################################
	 4 MiB/s
done
Bytes transferred = 7413856 (712060 hex)
Tegra124 (Jetson TK1) # tftpboot 0x83000000 tegra124-jetson-tk1.dtb
Using eth_rtl8169 device
TFTP from server 192.168.100.1; our IP address is 192.168.100.102
Filename 'tegra124-jetson-tk1.dtb'.
Load address: 0x83000000
Loading: *#####
	 3.8 MiB/s
done
Bytes transferred = 67133 (1063d hex)
Tegra124 (Jetson TK1) # bootz 0x82000000 - 0x83000000
Kernel image @ 0x82000000 [ 0x000000 - 0x712060 ]
## Flattened Device Tree blob at 83000000
   Booting using the fdt blob at 0x83000000
   Using Device Tree in place at 83000000, end 8301363c

Starting kernel ...

[    0.000000] Booting Linux on physical CPU 0x0
[    0.000000] Linux version 4.10.0-rc8-143185-g7089db8 (pwalmsley@sellafield) (gcc version 4.7.3 20130328 (prerelease) (crosstool-NG linaro-1.13.1-4.7-2013.04-20130415 - Linaro GCC 2013.04) ) #1 SMP Tue Feb 14 15:04:25 PST 2017
[    0.000000] CPU: ARMv7 Processor [413fc0f3] revision 3 (ARMv7), cr=10c5387d
[    0.000000] CPU: div instructions available: patching division code
[    0.000000] CPU: PIPT / VIPT nonaliasing data cache, PIPT instruction cache
[    0.000000] OF: fdt:Machine model: NVIDIA Tegra124 Jetson TK1
[    0.000000] debug: ignoring loglevel setting.
[    0.000000] efi: Getting EFI parameters from FDT:
[    0.000000] efi: UEFI not found.
[    0.000000] cma: Reserved 64 MiB at 0xfb800000
[    0.000000] Memory policy: Data cache writealloc
[    0.000000] On node 0 totalpages: 524032
[    0.000000] free_area_init_node: node 0, pgdat c142b540, node_mem_map eeff8000
[    0.000000]   DMA zone: 1536 pages used for memmap
[    0.000000]   DMA zone: 0 pages reserved
[    0.000000]   DMA zone: 196608 pages, LIFO batch:31
[    0.000000]   HighMem zone: 327424 pages, LIFO batch:31
[    0.000000] percpu: Embedded 14 pages/cpu @eef8e000 s26176 r8192 d22976 u57344
[    0.000000] pcpu-alloc: s26176 r8192 d22976 u57344 alloc=14*4096
[    0.000000] pcpu-alloc: [0] 0 [0] 1 [0] 2 [0] 3 
[    0.000000] Built 1 zonelists in Zone order, mobility grouping on.  Total pages: 522496
[    0.000000] Kernel command line: ignore_loglevel console=ttyS0,115200n8 rw root=PARTUUID=b1791faa-84e8-4e27-83a1-9fb0a77e8803 rootwait gpt debug noinitrd earlyprintk init=/bin/bash
[    0.000000] PID hash table entries: 4096 (order: 2, 16384 bytes)
[    0.000000] Dentry cache hash table entries: 131072 (order: 7, 524288 bytes)
[    0.000000] Inode-cache hash table entries: 65536 (order: 6, 262144 bytes)
[    0.000000] Memory: 1994756K/2096128K available (9216K kernel code, 1204K rwdata, 4148K rodata, 2048K init, 536K bss, 35836K reserved, 65536K cma-reserved, 1244160K highmem)
[    0.000000] Virtual kernel memory layout:
[    0.000000]     vector  : 0xffff0000 - 0xffff1000   (   4 kB)
[    0.000000]     fixmap  : 0xffc00000 - 0xfff00000   (3072 kB)
[    0.000000]     vmalloc : 0xf0800000 - 0xff800000   ( 240 MB)
[    0.000000]     lowmem  : 0xc0000000 - 0xf0000000   ( 768 MB)
[    0.000000]     pkmap   : 0xbfe00000 - 0xc0000000   (   2 MB)
[    0.000000]     modules : 0xbf000000 - 0xbfe00000   (  14 MB)
[    0.000000]       .text : 0xc0208000 - 0xc0c00000   (10208 kB)
[    0.000000]       .init : 0xc1100000 - 0xc1300000   (2048 kB)
[    0.000000]       .data : 0xc1300000 - 0xc142d040   (1205 kB)
[    0.000000]        .bss : 0xc142f000 - 0xc14b51d0   ( 537 kB)
[    0.000000] SLUB: HWalign=64, Order=0-3, MinObjects=0, CPUs=4, Nodes=1
[    0.000000] Hierarchical RCU implementation.
[    0.000000] 	Build-time adjustment of leaf fanout to 32.
[    0.000000] 	RCU restricting CPUs from NR_CPUS=16 to nr_cpu_ids=4.
[    0.000000] RCU: Adjusting geometry for rcu_fanout_leaf=32, nr_cpu_ids=4
[    0.000000] NR_IRQS:16 nr_irqs:16 16
[    0.000000] /interrupt-controller@60004000: 160 interrupts forwarded to /interrupt-controller@50041000
[    0.000000] Tegra clk 127: register failed with -17
[    0.000008] sched_clock: 32 bits at 1000kHz, resolution 1000ns, wraps every 2147483647500ns
[    0.000029] clocksource: timer_us: mask: 0xffffffff max_cycles: 0xffffffff, max_idle_ns: 1911260446275 ns
[    0.000042] Switching to timer-based delay loop, resolution 1000ns
[    0.005089] arm_arch_timer: Architected cp15 timer(s) running at 12.00MHz (virt).
[    0.005106] clocksource: arch_sys_counter: mask: 0xffffffffffffff max_cycles: 0x2c47f4ee7, max_idle_ns: 440795202497 ns
[    0.005124] sched_clock: 56 bits at 12MHz, resolution 83ns, wraps every 4398046511096ns
[    0.005137] Switching to timer-based delay loop, resolution 83ns
[    0.005583] Console: colour dummy device 80x30
[    0.005613] Calibrating delay loop (skipped), value calculated using timer frequency.. 24.00 BogoMIPS (lpj=120000)
[    0.005628] pid_max: default: 32768 minimum: 301
[    0.005730] Mount-cache hash table entries: 2048 (order: 1, 8192 bytes)
[    0.005741] Mountpoint-cache hash table entries: 2048 (order: 1, 8192 bytes)
[    0.006321] CPU: Testing write buffer coherency: ok
[    0.006568] /cpus/cpu@0 missing clock-frequency property
[    0.006610] /cpus/cpu@1 missing clock-frequency property
[    0.006650] /cpus/cpu@2 missing clock-frequency property
[    0.006693] /cpus/cpu@3 missing clock-frequency property
[    0.006704] CPU0: thread -1, cpu 0, socket 0, mpidr 80000000
[    0.006941] Setting up static identity map for 0x80300000 - 0x80300098
[    0.010511] Tegra Revision: A01 SKU: 129 CPU Process: 1 SoC Process: 1
[    0.011157] EFI services will not be available.
[    0.011394] smp: Bringing up secondary CPUs ...
[    0.012001] CPU1: thread -1, cpu 1, socket 0, mpidr 80000001
[    0.015335] CPU2: thread -1, cpu 2, socket 0, mpidr 80000002
[    0.025335] CPU3: thread -1, cpu 3, socket 0, mpidr 80000003
[    0.034771] smp: Brought up 1 node, 4 CPUs
[    0.034790] SMP: Total of 4 processors activated (96.00 BogoMIPS).
[    0.034797] CPU: All CPU(s) started in SVC mode.
[    0.036286] devtmpfs: initialized
[    0.056665] VFP support v0.3: implementor 41 architecture 4 part 30 variant f rev 0
[    0.057104] clocksource: jiffies: mask: 0xffffffff max_cycles: 0xffffffff, max_idle_ns: 19112604462750000 ns
[    0.058496] pinctrl core: initialized pinctrl subsystem
[    0.060306] NET: Registered protocol family 16
[    0.062223] DMA: preallocated 256 KiB pool for atomic coherent allocations
[    0.084845] cpuidle: using governor menu
[    0.115489] No ATAGs?
[    0.115625] hw-breakpoint: found 5 (+1 reserved) breakpoint and 4 watchpoint registers.
[    0.115638] hw-breakpoint: maximum watchpoint size is 8 bytes.
[    0.122381] Serial: AMBA PL011 UART driver
[    0.160151] +5V_SYS: supplied by +VDD_MUX
[    0.160442] +3.3V_SYS: supplied by +VDD_MUX
[    0.161079] +USB0_VBUS_SW: Failed to request enable GPIO108: -517
[    0.161093] reg-fixed-voltage regulators:regulator@7: Failed to register regulator: -517
[    0.161180] +5V_USB_HS: Failed to request enable GPIO109: -517
[    0.161192] reg-fixed-voltage regulators:regulator@8: Failed to register regulator: -517
[    0.161355] +1.05V_RUN_AVDD_HDMI_PLL: Failed to request enable GPIO63: -517
[    0.161367] reg-fixed-voltage regulators:regulator@11: Failed to register regulator: -517
[    0.161451] +5V_HDMI_CON: Failed to request enable GPIO86: -517
[    0.161462] reg-fixed-voltage regulators:regulator@12: Failed to register regulator: -517
[    0.161546] +5V_SATA: Failed to request enable GPIO242: -517
[    0.161557] reg-fixed-voltage regulators:regulator@13: Failed to register regulator: -517
[    0.161641] +12V_SATA: Failed to request enable GPIO242: -517
[    0.161652] reg-fixed-voltage regulators:regulator@14: Failed to register regulator: -517
[    0.164987] vgaarb: loaded
[    0.165831] SCSI subsystem initialized
[    0.165992] libata version 3.00 loaded.
[    0.166258] usbcore: registered new interface driver usbfs
[    0.166319] usbcore: registered new interface driver hub
[    0.166390] usbcore: registered new device driver usb
[    0.170010] pps_core: LinuxPPS API ver. 1 registered
[    0.170019] pps_core: Software ver. 5.3.6 - Copyright 2005-2007 Rodolfo Giometti <giometti@linux.it>
[    0.170044] PTP clock support registered
[    0.170239] EDAC MC: Ver: 3.0.0
[    0.173481] clocksource: Switched to clocksource arch_sys_counter
[    0.183870] NET: Registered protocol family 2
[    0.184374] TCP established hash table entries: 8192 (order: 3, 32768 bytes)
[    0.184471] TCP bind hash table entries: 8192 (order: 4, 65536 bytes)
[    0.184657] TCP: Hash tables configured (established 8192 bind 8192)
[    0.184706] UDP hash table entries: 512 (order: 2, 16384 bytes)
[    0.184751] UDP-Lite hash table entries: 512 (order: 2, 16384 bytes)
[    0.184903] NET: Registered protocol family 1
[    0.185256] RPC: Registered named UNIX socket transport module.
[    0.185265] RPC: Registered udp transport module.
[    0.185271] RPC: Registered tcp transport module.
[    0.185278] RPC: Registered tcp NFSv4.1 backchannel transport module.
[    0.185288] PCI: CLS 0 bytes, default 64
[    0.186477] hw perfevents: enabled with armv7_cortex_a15 PMU driver, 7 counters available
[    0.187916] futex hash table entries: 1024 (order: 4, 65536 bytes)
[    0.188631] workingset: timestamp_bits=30 max_order=19 bucket_order=0
[    0.199589] squashfs: version 4.0 (2009/01/31) Phillip Lougher
[    0.200431] NFS: Registering the id_resolver key type
[    0.200458] Key type id_resolver registered
[    0.200466] Key type id_legacy registered
[    0.200507] ntfs: driver 2.1.32 [Flags: R/O].
[    0.202090] bounce: pool size: 64 pages
[    0.202283] Block layer SCSI generic (bsg) driver version 0.4 loaded (major 248)
[    0.202292] io scheduler noop registered
[    0.202300] io scheduler deadline registered
[    0.202488] io scheduler cfq registered (default)
[    0.207689] usb2-0 supply vbus not found, using dummy regulator
[    0.207827] usb2-1 supply vbus not found, using dummy regulator
[    0.208214] tegra-xusb-padctl 7009f000.padctl: failed to setup XUSB ports: -517
[    0.224968] tegra-pcie 1003000.pcie-controller: 2x1, 1x1 configuration
[    0.225022] tegra-pcie 1003000.pcie-controller: Failed to get supply 'avddio-pex': -517
[    0.231236] tegra124-dfll 70110000.clock: couldn't get vdd_cpu regulator
[    0.239595] tegra-apbdma 60020000.dma: Tegra20 APB DMA driver register 32 channels
[    0.241683] tegra-pmc 7000e400.pmc: emergency thermal reset enabled
[    0.302047] Serial: 8250/16550 driver, 4 ports, IRQ sharing disabled
[    0.305034] console [ttyS0] disabled
[    0.305067] 70006300.serial: ttyS0 at MMIO 0x70006300 (irq = 335, base_baud = 25500000) is a Tegra
[    1.182270] console [ttyS0] enabled
[    1.186653] SuperH (H)SCI(F) driver initialized
[    1.192227] msm_serial: driver initialized
[    1.196534] STMicroelectronics ASC driver initialized
[    1.202470] 70006000.serial: ttyTHS1 at MMIO 0x70006000 (irq = 333, base_baud = 0) is a TEGRA_UART
[    1.211782] 70006040.serial: ttyTHS2 at MMIO 0x70006040 (irq = 334, base_baud = 0) is a TEGRA_UART
[    1.224167] [drm] Initialized
[    1.230431] tegra-hdmi 54280000.hdmi: failed to get HDMI regulator
[    1.250426] brd: module loaded
[    1.259786] loop: module loaded
[    1.264152] at24 0-0056: 256 byte 24c02 EEPROM, writable, 8 bytes/write
[    1.272462] as3722 4-0040: AS3722 with revision 0x1 found
[    1.284631] as3722-sd2: supplied by +5V_SYS
[    1.289257] as3722-sd3: supplied by +5V_SYS
[    1.293740] +1.35V_LP0(sd3): Bringing 0uV into 1350000-1350000uV
[    1.300102] as3722-sd4: supplied by +5V_SYS
[    1.304751] as3722-sd5: supplied by +5V_SYS
[    1.310791] as3722-ldo0: supplied by +1.35V_LP0(sd2)
[    1.316888] +1.8V_RUN_CAM: Bringing 0uV into 1800000-1800000uV
[    1.323112] as3722-ldo2: supplied by +1.8V_VDDIO
[    1.329045] as3722-ldo3: supplied by +3.3V_SYS
[    1.333540] +1.05V_LP0_VDD_RTC: Bringing 1100000uV into 1000000-1000000uV
[    1.341337] as3722-ldo4: supplied by +3.3V_SYS
[    1.346008] +2.8V_RUN_CAM: Bringing 0uV into 2800000-2800000uV
[    1.352239] as3722-ldo5: supplied by +1.8V_VDDIO
[    1.357086] +1.2V_RUN_CAM_FRONT: Bringing 0uV into 1200000-1200000uV
[    1.364033] +VDDIO_SDMMC3: bypassed regulator has no supply!
[    1.369683] +VDDIO_SDMMC3: failed to get the current voltage(-517)
[    1.375880] as3722-regulator as3722-regulator: regulator 13 register failed -517
[    1.388580] tegra-ahci 70027000.sata: couldn't get PHY in node sata: -517
[    1.408434] random: fast init done
[    1.412026] m25p80 spi32765.0: w25q32dw (4096 Kbytes)
[    1.420235] libphy: Fixed MDIO Bus: probed
[    1.425536] CAN device driver interface
[    1.430331] bgmac_bcma: Broadcom 47xx GBit MAC driver loaded
[    1.437522] e1000e: Intel(R) PRO/1000 Network Driver - 3.2.6-k
[    1.443344] e1000e: Copyright(c) 1999 - 2015 Intel Corporation.
[    1.449328] igb: Intel(R) Gigabit Ethernet Network Driver - version 5.4.0-k
[    1.456293] igb: Copyright (c) 2007-2014 Intel Corporation.
[    1.465640] pegasus: v0.9.3 (2013/04/25), Pegasus/Pegasus II USB Ethernet driver
[    1.473073] usbcore: registered new interface driver pegasus
[    1.478802] usbcore: registered new interface driver asix
[    1.484245] usbcore: registered new interface driver ax88179_178a
[    1.490366] usbcore: registered new interface driver cdc_ether
[    1.496264] usbcore: registered new interface driver smsc75xx
[    1.502061] usbcore: registered new interface driver smsc95xx
[    1.507850] usbcore: registered new interface driver net1080
[    1.513557] usbcore: registered new interface driver cdc_subset
[    1.519505] usbcore: registered new interface driver zaurus
[    1.525141] usbcore: registered new interface driver cdc_ncm
[    1.531010] tegra-phy 7d004000.usb-phy: no vbus regulator
[    1.538491] ehci_hcd: USB 2.0 'Enhanced' Host Controller (EHCI) Driver
[    1.545022] ehci-pci: EHCI PCI platform driver
[    1.549502] ehci-platform: EHCI generic platform driver
[    1.554960] ehci-orion: EHCI orion driver
[    1.559108] SPEAr-ehci: EHCI SPEAr driver
[    1.563267] ehci-st: EHCI STMicroelectronics driver
[    1.568298] ehci-exynos: EHCI EXYNOS driver
[    1.572645] ehci-atmel: EHCI Atmel driver
[    1.576812] tegra-ehci: Tegra EHCI driver
[    1.583655] tegra-ehci 7d004000.usb: EHCI Host Controller
[    1.589066] tegra-ehci 7d004000.usb: new USB bus registered, assigned bus number 1
[    1.596854] tegra-ehci 7d004000.usb: irq 354, io mem 0x7d004000
[    1.623503] tegra-ehci 7d004000.usb: USB 2.0 started, EHCI 1.10
[    1.630271] hub 1-0:1.0: USB hub found
[    1.634072] hub 1-0:1.0: 1 port detected
[    1.638606] ohci_hcd: USB 1.1 'Open' Host Controller (OHCI) Driver
[    1.644821] ohci-pci: OHCI PCI platform driver
[    1.649306] ohci-platform: OHCI generic platform driver
[    1.654725] ohci-omap3: OHCI OMAP3 driver
[    1.658876] SPEAr-ohci: OHCI SPEAr driver
[    1.663031] ohci-st: OHCI STMicroelectronics driver
[    1.668064] ohci-atmel: OHCI Atmel driver
[    1.672895] usbcore: registered new interface driver usb-storage
[    1.680577] mousedev: PS/2 mouse device common for all mice
[    1.689341] as3722-rtc as3722-rtc: rtc core: registered as3722-rtc as rtc0
[    1.696229] as3722-rtc as3722-rtc: RTC interrupt 377
[    1.704593] tegra_rtc 7000e000.rtc: rtc core: registered 7000e000.rtc as rtc1
[    1.711763] tegra_rtc 7000e000.rtc: Tegra internal Real Time Clock
[    1.718521] i2c /dev entries driver
[    1.729144] 0-004c supply vcc not found, using dummy regulator
[    1.745149] sdhci: Secure Digital Host Controller Interface driver
[    1.751318] sdhci: Copyright(c) Pierre Ossman
[    1.757376] Synopsys Designware Multimedia Card Interface Driver
[    1.764596] sdhci-pltfm: SDHCI platform and OF driver helper
[    1.771022] sdhci-tegra 700b0400.sdhci: Got CD GPIO
[    1.775932] sdhci-tegra 700b0400.sdhci: Got WP GPIO
[    1.781061] mmc0: Unknown controller version (3). You may experience problems.
[    1.788383] mmc0: Invalid maximum block size, assuming 512 bytes
[    1.853501] mmc0: SDHCI controller on 700b0600.sdhci [700b0600.sdhci] using ADMA
[    1.862930] ledtrig-cpu: registered to indicate activity on CPUs
[    1.869360] usbcore: registered new interface driver usbhid
[    1.874945] usbhid: USB HID core driver
[    1.882861] NET: Registered protocol family 10
[    1.888258] Segment Routing with IPv6
[    1.891965] sit: IPv6, IPv4 and MPLS over IPv4 tunneling driver
[    1.898584] NET: Registered protocol family 17
[    1.903027] can: controller area network core (rev 20120528 abi 9)
[    1.909425] NET: Registered protocol family 29
[    1.913882] can: raw protocol (rev 20120528)
[    1.918144] can: broadcast manager protocol (rev 20161123 t)
[    1.923815] can: netlink gateway (rev 20130117) max_hops=1
[    1.929633] Key type dns_resolver registered
[    1.934527] ThumbEE CPU extension supported.
[    1.938795] Registering SWP/SWPB emulation handler
[    1.958580] +3.3V_RUN: supplied by +3.3V_SYS
[    1.963622] +3.3V_AVDD_HDMI_AP_GATED: supplied by +3.3V_RUN
[    1.969654] +USB0_VBUS_SW: supplied by +5V_SYS
[    1.974629] +5V_USB_HS: supplied by +5V_SYS
[    1.980439] +3.3V_LP0: supplied by +3.3V_SYS
[    1.987824] +5V_HDMI_CON: supplied by +5V_SYS
[    1.992873] +5V_SATA: supplied by +5V_SYS
[    1.997468] +12V_SATA: supplied by +VDD_MUX
[    2.003033] mmc0: new high speed MMC card at address 0001
[    2.003973] usb2-0 supply vbus not found, using dummy regulator
[    2.004141] usb2-1 supply vbus not found, using dummy regulator
[    2.004516] usb3-0 supply vbus not found, using dummy regulator
[    2.005898] tegra-pcie 1003000.pcie-controller: 2x1, 1x1 configuration
[    2.005953] tegra-pcie 1003000.pcie-controller: Failed to get supply 'avddio-pex': -517
[    2.009743] tegra124-dfll 70110000.clock: couldn't get vdd_cpu regulator
[    2.014405] tegra-hdmi 54280000.hdmi: failed to get PLL regulator
[    2.055157] mmcblk0: mmc0:0001 SEM16G 14.7 GiB 
[    2.060401] as3722-sd2: supplied by +5V_SYS
[    2.063815] mmcblk0boot0: mmc0:0001 SEM16G partition 1 4.00 MiB
[    2.064901] mmcblk0boot1: mmc0:0001 SEM16G partition 2 4.00 MiB
[    2.065791] mmcblk0rpmb: mmc0:0001 SEM16G partition 3 4.00 MiB
[    2.082724] as3722-sd3: supplied by +5V_SYS
[    2.086291]  mmcblk0: p1
[    2.089920] as3722-sd4: supplied by +5V_SYS
[    2.094486] +1.05V_RUN_AVDD_HDMI_PLL: supplied by +1.05V_RUN
[    2.100257] as3722-sd5: supplied by +5V_SYS
[    2.106596] as3722-ldo0: supplied by +1.35V_LP0(sd2)
[    2.112069] as3722-ldo1: supplied by +3.3V_RUN
[    2.116958] as3722-ldo2: supplied by +1.8V_VDDIO
[    2.122515] as3722-ldo3: supplied by +3.3V_SYS
[    2.128049] as3722-ldo4: supplied by +3.3V_SYS
[    2.132739] as3722-ldo5: supplied by +1.8V_VDDIO
[    2.137776] as3722-ldo6: supplied by +3.3V_RUN
[    2.142480] as3722-ldo7: supplied by +1.8V_VDDIO
[    2.147901] +1.05V_RUN_CAM_REAR: Bringing 0uV into 1050000-1050000uV
[    2.155045] as3722-ldo9: supplied by +5V_SYS
[    2.160590] +3.3V_RUN_TOUCH: Bringing 0uV into 2800000-2800000uV
[    2.167176] as3722-ldo10: supplied by +5V_SYS
[    2.172079] +2.8V_RUN_CAM_AF: Bringing 0uV into 2800000-2800000uV
[    2.178935] as3722-ldo11: supplied by +3.3V_RUN
[    2.184264] +1.8V_RUN_VPP_FUSE: Bringing 0uV into 1800000-1800000uV
[    2.194305] tegra-ahci 70027000.sata: AHCI 0001.0301 32 slots 2 ports 3 Gbps 0x1 impl platform mode
[    2.203345] tegra-ahci 70027000.sata: flags: 64bit ncq sntf pm led pio slum part sadm sds apst 
[    2.214264] scsi host0: tegra-ahci
[    2.218995] scsi host1: tegra-ahci
[    2.222737] ata1: SATA max UDMA/133 mmio [mem 0x70027000-0x70028fff] port 0x100 irq 345
[    2.230773] ata2: DUMMY
[    2.236610] tegra-ehci 7d008000.usb: EHCI Host Controller
[    2.242034] tegra-ehci 7d008000.usb: new USB bus registered, assigned bus number 2
[    2.249813] tegra-ehci 7d008000.usb: irq 355, io mem 0x7d008000
[    2.283593] tegra-ehci 7d008000.usb: USB 2.0 started, EHCI 1.10
[    2.290691] hub 2-0:1.0: USB hub found
[    2.294545] hub 2-0:1.0: 1 port detected
[    2.301025] sdhci-tegra 700b0400.sdhci: Got CD GPIO
[    2.305973] sdhci-tegra 700b0400.sdhci: Got WP GPIO
[    2.311045] mmc1: Unknown controller version (3). You may experience problems.
[    2.318374] mmc1: Invalid maximum block size, assuming 512 bytes
[    2.384030] mmc1: SDHCI controller on 700b0400.sdhci [700b0400.sdhci] using ADMA
[    2.392139] tegra-pcie 1003000.pcie-controller: 2x1, 1x1 configuration
[    2.400582] tegra-pcie 1003000.pcie-controller: probing port 0, using 2 lanes
[    2.409950] tegra-pcie 1003000.pcie-controller: Slot present pin change, signature: 00000008
[    2.434420] tegra-pcie 1003000.pcie-controller: probing port 1, using 1 lanes
[    2.443632] tegra-pcie 1003000.pcie-controller: Slot present pin change, signature: 00000000
[    2.457933] tegra-pcie 1003000.pcie-controller: PCI host bridge to bus 0000:00
[    2.465198] pci_bus 0000:00: root bus resource [io  0x0000-0xffff]
[    2.471383] pci_bus 0000:00: root bus resource [mem 0x13000000-0x1fffffff]
[    2.478288] pci_bus 0000:00: root bus resource [mem 0x20000000-0x3fffffff pref]
[    2.485637] pci_bus 0000:00: root bus resource [bus 00-ff]
[    2.491160] pci 0000:00:01.0: [10de:0e12] type 01 class 0x060400
[    2.497289] pci_bus 0000:00: 2-byte config write to 0000:00:01.0 offset 0x52 may corrupt adjacent RW1C bits
[    2.507111] pci 0000:00:01.0: PME# supported from D0 D1 D2 D3hot D3cold
[    2.513777] pci_bus 0000:00: 2-byte config write to 0000:00:01.0 offset 0x4c may corrupt adjacent RW1C bits
[    2.523912] pci 0000:00:02.0: [10de:0e13] type 01 class 0x060400
[    2.529996] pci_bus 0000:00: 2-byte config write to 0000:00:02.0 offset 0x52 may corrupt adjacent RW1C bits
[    2.539814] pci 0000:00:02.0: PME# supported from D0 D1 D2 D3hot D3cold
[    2.546481] pci_bus 0000:00: 2-byte config write to 0000:00:02.0 offset 0x4c may corrupt adjacent RW1C bits
[    2.556575] pci_bus 0000:00: 2-byte config write to 0000:00:01.0 offset 0x3e may corrupt adjacent RW1C bits
[    2.566363] pci_bus 0000:00: 2-byte config write to 0000:00:02.0 offset 0x3e may corrupt adjacent RW1C bits
[    2.567198] ata1: SATA link down (SStatus 0 SControl 300)
[    2.581526] pci_bus 0000:00: 2-byte config write to 0000:00:01.0 offset 0x4 may corrupt adjacent RW1C bits
[    2.591181] pci_bus 0000:00: 1-byte config write to 0000:00:01.0 offset 0xc may corrupt adjacent RW1C bits
[    2.600837] pci_bus 0000:00: 2-byte config write to 0000:00:02.0 offset 0x4 may corrupt adjacent RW1C bits
[    2.610496] pci_bus 0000:00: 1-byte config write to 0000:00:02.0 offset 0xc may corrupt adjacent RW1C bits
[    2.620179] PCI: bus0: Fast back to back transfers disabled
[    2.625764] pci 0000:00:01.0: bridge configuration invalid ([bus 00-00]), reconfiguring
[    2.633791] pci 0000:00:02.0: bridge configuration invalid ([bus 00-00]), reconfiguring
[    2.642052] pci 0000:01:00.0: [8086:4232] type 00 class 0x028000
[    2.648134] pci 0000:01:00.0: reg 0x10: [mem 0x00000000-0x00001fff 64bit]
[    2.655131] pci 0000:01:00.0: PME# supported from D0 D3hot D3cold
[    2.677311] mmc1: new high speed SDHC card at address aaaa
[    2.683672] PCI: bus1: Fast back to back transfers disabled
[    2.689269] pci_bus 0000:01: busn_res: [bus 01-ff] end is updated to 01
[    2.696175] pci 0000:02:00.0: [10ec:8168] type 00 class 0x020000
[    2.702206] pci 0000:02:00.0: reg 0x10: [io  0x0000-0x00ff]
[    2.707853] pci 0000:02:00.0: reg 0x18: [mem 0x00000000-0x00000fff 64bit]
[    2.714704] pci 0000:02:00.0: reg 0x20: [mem 0x00000000-0x00003fff 64bit pref]
[    2.722073] pci 0000:02:00.0: supports D1 D2
[    2.726357] pci 0000:02:00.0: PME# supported from D0 D1 D2 D3hot D3cold
[    2.733324] mmcblk1: mmc1:aaaa SD04G 3.69 GiB 
[    2.751431]  mmcblk1: p1 p2 p3
[    2.754777] PCI: bus2: Fast back to back transfers disabled
[    2.760375] pci_bus 0000:02: busn_res: [bus 02-ff] end is updated to 02
[    2.767222] pci 0000:00:01.0: BAR 8: assigned [mem 0x13000000-0x130fffff]
[    2.774056] pci 0000:00:02.0: BAR 8: assigned [mem 0x13100000-0x131fffff]
[    2.780840] pci 0000:00:02.0: BAR 9: assigned [mem 0x20000000-0x200fffff 64bit pref]
[    2.788615] pci 0000:00:02.0: BAR 7: assigned [io  0x1000-0x1fff]
[    2.794730] pci 0000:01:00.0: BAR 0: assigned [mem 0x13000000-0x13001fff 64bit]
[    2.802057] pci 0000:00:01.0: PCI bridge to [bus 01]
[    2.807064] pci 0000:00:01.0:   bridge window [mem 0x13000000-0x130fffff]
[    2.813913] pci 0000:02:00.0: BAR 4: assigned [mem 0x20000000-0x20003fff 64bit pref]
[    2.821667] pci 0000:02:00.0: BAR 2: assigned [mem 0x13100000-0x13100fff 64bit]
[    2.829028] pci 0000:02:00.0: BAR 0: assigned [io  0x1000-0x10ff]
[    2.835142] pci 0000:00:02.0: PCI bridge to [bus 02]
[    2.840103] pci 0000:00:02.0:   bridge window [io  0x1000-0x1fff]
[    2.846238] pci 0000:00:02.0:   bridge window [mem 0x13100000-0x131fffff]
[    2.853032] pci 0000:00:02.0:   bridge window [mem 0x20000000-0x200fffff 64bit pref]
[    2.860840] pci 0000:00:01.0: nv_msi_ht_cap_quirk didn't locate host bridge
[    2.867932] pcieport 0000:00:01.0: enabling device (0140 -> 0142)
[    2.874312] pcieport 0000:00:01.0: Signaling PME with IRQ 393
[    2.880149] pci 0000:00:02.0: nv_msi_ht_cap_quirk didn't locate host bridge
[    2.887239] pcieport 0000:00:02.0: enabling device (0140 -> 0143)
[    2.893649] pcieport 0000:00:02.0: Signaling PME with IRQ 394
[    2.899737] r8169 Gigabit Ethernet driver 2.3LK-NAPI loaded
[    2.905366] r8169 0000:02:00.0: enabling device (0140 -> 0143)
[    2.935290] r8169 0000:02:00.0 eth0: RTL8168g/8111g at 0xf0b54000, 00:04:4b:3a:d9:81, XID 0c000800 IRQ 395
[    2.944985] r8169 0000:02:00.0 eth0: jumbo features [frames: 9200 bytes, tx checksumming: ko]
[    2.960042] [drm] Supports vblank timestamp caching Rev 2 (21.10.2013).
[    2.966699] [drm] No driver support for vblank timestamp query.
[    3.096618] tegra-hdmi 54280000.hdmi: cannot set audio to 48000 Hz at 297000000 Hz pixel clock
[    3.265264] Console: switching to colour frame buffer device 512x135
[    3.361345] drm drm: fb0:  frame buffer device
[    3.403629] [drm] Initialized tegra 0.0.0 20120330 on minor 0
[    3.410932] of: dev_pm_opp_of_cpumask_add_table: couldn't find opp table for cpu:0, -19
[    3.419022] cpufreq: cpufreq_online: CPU0: Running at unlisted freq: 696000 KHz
[    3.426385] cpufreq: cpufreq_online: CPU0: Unlisted initial frequency changed to: 714000 KHz
[    3.435648] input: gpio-keys as /devices/soc0/gpio-keys/input/input0
[    3.443008] as3722-rtc as3722-rtc: setting system clock to 2000-01-01 00:02:24 UTC (946684944)
[    3.452076] +USB0_VBUS_SW: disabling
[    3.455676] +1.8V_RUN_CAM: disabling
[    3.459438] +2.8V_RUN_CAM: disabling
[    3.463209] +1.2V_RUN_CAM_FRONT: disabling
[    3.467553] +1.05V_RUN_CAM_REAR: disabling
[    3.471799] +3.3V_RUN_TOUCH: disabling
[    3.475723] +2.8V_RUN_CAM_AF: disabling
[    3.479708] +1.8V_RUN_VPP_FUSE: disabling
[    3.484856] EXT4-fs (mmcblk0p1): mounting ext3 file system using the ext4 subsystem
[    3.527736] EXT4-fs (mmcblk0p1): recovery complete
[    3.533323] EXT4-fs (mmcblk0p1): mounted filesystem with ordered data mode. Opts: (null)
[    3.541429] VFS: Mounted root (ext3 filesystem) on device 179:1.
[    3.551145] devtmpfs: mounted
[    3.554751] Freeing unused kernel memory: 2048K
bash: cannot set terminal process group (-1): Inappropriate ioctl for device
bash: no job control in this shell
root@(none):/# 