[0000.780] [TegraBoot] (version 23.00.2015.14-mobile-1ef66670)
[0000.786] Processing in cold boot mode Bootloader 2
[0000.790] A01Q Bootrom Patch rev = 3
[0000.794] Power-up reason: on button
[0000.797] No Battery Present
[0000.800] Platform has Ddr4 type ram
[0000.803] max77620 disabling SD1 Remote Sense
[0000.807] Setting Ddr voltage to 1125mv
[0000.812] Serial Number of Pmic Max77663: 0x40daf
[0000.819] Entering ramdump check
[0000.822] Get RamDumpCarveOut = 0x0
[0000.826] RamDumpCarveOut=0x0,  RamDumperFlag=0xe59ff3f8
[0000.831] Last reboot was clean, booting normally!
[0000.835] Sdram initialization is successful 
[0000.839] SecureOs Carveout Base=0xff800000 Size=0x00800000
[0000.845] GSC1 Carveout Base=0xff700000 Size=0x00100000
[0000.871] GSC2 Carveout Base=0xff600000 Size=0x00100000
[0000.897] GSC3 Carveout Base=0xff500000 Size=0x00100000
[0000.902] GSC4 Carveout Base=0xff400000 Size=0x00100000
[0000.907] GSC5 Carveout Base=0xff300000 Size=0x00100000
[0000.912] BpmpFw Carveout Base=0xff2c0000 Size=0x00040000
[0000.917] Lp0 Carveout Base=0xff2bf000 Size=0x00001000
[0000.933] RamDump Carveout Base=0xff23f000 Size=0x00080000
[0000.938] Platform-DebugCarveout: 0
[0000.941] Nck Carveout Base=0xff03f000 Size=0x00200000
[0000.990] Using GPT Primary to query partitions 
[0000.996] Loading Tboot-CPU binary
[0001.045] Verifying bootloader in OdmNonSecureSBK mode
[0001.055] Bootloader load address is 0xa0000000,                            entry address is 0xa0000258
[0001.064] Bootloader downloaded successfully.
[0001.068] Downloaded Tboot-CPU binary to 0xa0000258
[0001.073] MAX77620_GPIO1 Configured.
[0001.077] MAX77620_GPIO5 Configured.
[0001.081] CPU power rail is up
[0001.083] CPU clock enabled
[0001.087] Performing RAM repair
[0001.090] Updating A64 Warmreset Address to 0xa00002e9
[0001.109] Bootloader DTB Load Address: 0x83000000
[0001.128] Kernel DTB Load Address: 0x83080000
[0001.133] Loading cboot binary
[0001.226] Verifying bootloader in OdmNonSecureSBK mode
[0001.314] Bootloader load address is 0x8010fda8,                            entry address is 0x80110000
[0001.323] Bootloader downloaded successfully.
[0001.328] GPT: Partition NOT found ! 
[0001.331] Find Partition via GPT Failed
[0001.335] function NvTbootGetBinaryOffsets: 0x845208 error
[0001.340] Error in NvTbootLoadBinary: 0x845208 !
[0001.344] GPT: Partition NOT found ! 
[0001.348] No FB partition
[0001.350] Next binary entry address: 0x80110000 
[0001.355] BoardId: 2595
[0001.360] dram memory type is 3
[0001.366] WB0 init successful
[0001.392] Bpmp FW successfully loaded
[0001.395] Set NvDecSticky Bits
[0001.399] GSC1 address : ff700000
[0001.402] GSC2 address : ff600000
[0001.406] GSC3 address : ff500000
[0001.410] GSC4 address : ff400000
[0001.414] GSC5 address : ff300000
[0001.417] GSC MC Settings done
[0001.422] TOS old plaintext Image length 61440
[0001.428] *** Secure OS image signature not verified ***
[0001.434] Loading and Validation of Secure OS Successful
[0001.439] NvTbootPackSdramParams: start. 
[0001.444] NvTbootPackSdramParams: done. 
[0001.447] Tegraboot started after 773880 us
[0001.451] Basic modules init took 348191 us
[0001.455] Sec Bootdevice Read Time = 203 ms, Read Size = 8459 KB
[0001.461] Next stage binary read took 14366 us
[0001.465] Carveout took 253751 us
[0001.469] CPU initialization took 92453 us
[0001.473] Total time taken by TegraBoot 708761 us

[0001.477] Starting CPU & Halting co-processor 

64b[0001.613] LPDDR4 Training: Number of tables = 10
[0001.617] EMC Training (SRC-freq: 204000; DST-freq: 408000)
[0001.623] EMC Training Successful
[0001.626] EMC Training (SRC-freq: 204000; DST-freq: 665600)
[0001.632] EMC Training Successful
[0001.635] EMC Training (SRC-freq: 204000; DST-freq: 800000)
[0001.646] EMC Training Successful
[0001.649] EMC Training (SRC-freq: 204000; DST-freq: 1065600)
[0001.672] EMC Training Successful
[0001.675] EMC Training (SRC-freq: 204000; DST-freq: 1331200)
[0001.697] EMC Training Successful
[0001.700] EMC Training (SRC-freq: 204000; DST-freq: 1600000)
[0001.719] EMC Training Successful
[0001.723] Switching to 800000 KHz Success
[0001.756] LPDDR4 Training: Number of tables = 10


U-Boot 2015.07-rc2-g2ac3917 (Nov 09 2015 - 13:12:08 -0800)

TEGRA210
Model: NVIDIA P2371-0000
DRAM:  3 GiB
MC:   Tegra SD/MMC: 0, Tegra SD/MMC: 1
*** Warning - bad CRC, using default environment

In:    serial
Out:   serial
Err:   serial
Net:   Net Initialization Skipped
No ethernet found.
Hit any key to stop autoboot:  2  0 
Tegra210 (P2371-0000) # 
Tegra210 (P2371-0000) # ums 0 mmc 0
UMS: disk start sector: 0x0, count: 0x1d5a000
|/-\|/-\/-\|/-\/-\|/-\/-\|/-\/-\|/-\/-\|/-\/-\|/-\/-\|/-\/-\|/-\/-\|/-\/-\|/-\/-\|/-\/-\|/-\/-\|/-\/-\|/-\/-\|/-\/-\|/-\/-\|/-\/-\|/-\/-\|/-\/-\|/-\/-\|/-\/-\|/-\/-\|/-\/-\|/-\/-\|/-\/-\|/-\/-\|/-\/-\|/-\/-\|/-\/-\|/-\/-\|/-\/-\|/-\/-\|/-\/-\|/-\/-\|/-\/-\|/-\/-\|/-\/-\|/-\/-\|/-\/-\|/-\/-\|/-\/-\|/-\/-\|/-\/-\|/-\/-\|/-\/-\|/-\/-\|/-\/-\|/-\/-\|/-\/-\|/-\/-\|/-\/-\|/-\/-\|/-\/-\|/-\/-\|/-\/-\|/-\/-\|/-\/-\|/-\/-\|/-\/-\|/-\/-\|/-\/-\|/-\/-\|/-\/-\|/-\/-\|/-\/-\|/-\/-\|/-\/-\|/-\/-\|/-\/-\|/-\/-\|/-\/-\|/-\/-\|/-\/-\|/-\/-\|/-\/-\|/-\/-\|/-\/-\|/-\/-\|/-\/-\|/-\/-\|/-\/-\|/-\/-\|/-\/-\|/-\/-\|/-\/-\|/-\/-\|/-\/-\|/-\/-\|/-\/-\|/-\/-\|/-\/-\|/-\/-\|/-\/-\|/-\/-\|/-\/-\|/-\/-\|/-\/-\|/-\/-\|/-\/-\|/-\/-\|CTRL+C - Operation aborted
Tegra210 (P2371-0000) # 
Tegra210 (P2371-0000) # env set fdt_copy_node_names /cpus:/psci
Tegra210 (P2371-0000) # setenv rootpart 1
Tegra210 (P2371-0000) # setenv devtype mmc
Tegra210 (P2371-0000) # setenv devnum 0
Tegra210 (P2371-0000) # part uuid ${devtype} ${devnum}:${rootpart} uuid
Tegra210 (P2371-0000) # setenv bootargs ignore_loglevel console=ttyS0,115200n8 earlycon=uart8250,mmio32,0x70006000 rw root=PARTUUID=00000000-0001-0000-788f-a75600000000 rootwait debug earlyprintk init=/bin/bash
Tegra210 (P2371-0000) # load ${devtype} ${devnum}:${rootpart} ${kernel_addr_r} /boot/Image.defconfig%jetson-tx1
16710144 bytes read in 858 ms (18.6 MiB/s)
Tegra210 (P2371-0000) # load ${devtype} ${devnum}:${rootpart} ${fdt_addr_r} /boot/tegra210-p2371-0000.dtb
44764 bytes read in 454 ms (95.7 KiB/s)
Tegra210 (P2371-0000) # load ${devtype} ${devnum}:${rootpart} ${ramdisk_addr_r} /boot/tegra-ramdisk.img
1627787 bytes read in 494 ms (3.1 MiB/s)
Tegra210 (P2371-0000) # ramdisk_size=${filesize}
Tegra210 (P2371-0000) # booti ${kernel_addr_r} - ${fdt_addr_r}
## Flattened Device Tree blob at 82000000
   Booting using the fdt blob at 0x82000000
   Using Device Tree in place at 0000000082000000, end 000000008200dedb

Starting kernel ...

[    0.000000] Booting Linux on physical CPU 0x0000000000 [0x411fd071]
[    0.000000] Linux version 4.15.0-rc6-15413-g30a7acd (jonathanh@kaivo) (gcc version 4.9.2 20140904 (prerelease) (crosstool-NG linaro-1.13.1-4.9-2014.09 - Linaro GCC 4.9-2014.09)) #1 SMP PREEMPT Tue Jan 2 07:35:25 PST 2018
[    0.000000] Machine model: NVIDIA Tegra210 P2371 (P2530/P2595) reference design
[    0.000000] debug: ignoring loglevel setting.
[    0.000000] earlycon: uart8250 at MMIO32 0x0000000070006000 (options '')
[    0.000000] bootconsole [uart8250] enabled
[    0.000000] efi: Getting EFI parameters from FDT:
[    0.000000] efi: UEFI not found.
[    0.000000] cma: Reserved 16 MiB at 0x00000000fe000000
[    0.000000] NUMA: No NUMA configuration found
[    0.000000] NUMA: Faking a node at [mem 0x0000000000000000-0x000000013fffffff]
[    0.000000] NUMA: NODE_DATA [mem 0x13ffb6e00-0x13ffb88ff]
[    0.000000] Zone ranges:
[    0.000000]   DMA      [mem 0x0000000080000000-0x00000000ffffffff]
[    0.000000]   Normal   [mem 0x0000000100000000-0x000000013fffffff]
[    0.000000] Movable zone start for each node
[    0.000000] Early memory node ranges
[    0.000000]   node   0: [mem 0x0000000080000000-0x00000000ff1fffff]
[    0.000000]   node   0: [mem 0x0000000100000000-0x000000013fffffff]
[    0.000000] Initmem setup node 0 [mem 0x0000000080000000-0x000000013fffffff]
[    0.000000] On node 0 totalpages: 782848
[    0.000000]   DMA zone: 8192 pages used for memmap
[    0.000000]   DMA zone: 0 pages reserved
[    0.000000]   DMA zone: 520704 pages, LIFO batch:31
[    0.000000]   Normal zone: 4096 pages used for memmap
[    0.000000]   Normal zone: 262144 pages, LIFO batch:31
[    0.000000] psci: probing for conduit method from DT.
[    0.000000] psci: PSCIv0.2 detected in firmware.
[    0.000000] psci: Using standard PSCI v0.2 function IDs
[    0.000000] psci: MIGRATE_INFO_TYPE not supported.
[    0.000000] random: fast init done
[    0.000000] percpu: Embedded 23 pages/cpu @        (ptrval) s55168 r8192 d30848 u94208
[    0.000000] pcpu-alloc: s55168 r8192 d30848 u94208 alloc=23*4096
[    0.000000] pcpu-alloc: [0] 0 [0] 1 [0] 2 [0] 3 
[    0.000000] Detected PIPT I-cache on CPU0
[    0.000000] CPU features: enabling workaround for ARM erratum 832075
[    0.000000] CPU features: enabling workaround for ARM erratum 834220
[    0.000000] Built 1 zonelists, mobility grouping on.  Total pages: 770560
[    0.000000] Policy zone: Normal
[    0.000000] Kernel command line: ignore_loglevel console=ttyS0,115200n8 earlycon=uart8250,mmio32,0x70006000 rw root=PARTUUID=00000000-0001-0000-788f-a75600000000 rootwait debug earlyprintk init=/bin/bash
[    0.000000] software IO TLB [mem 0xfa000000-0xfe000000] (64MB) mapped at [        (ptrval)-        (ptrval)]
[    0.000000] Memory: 2982428K/3131392K available (9468K kernel code, 1150K rwdata, 4596K rodata, 1088K init, 395K bss, 132580K reserved, 16384K cma-reserved)
[    0.000000] Virtual kernel memory layout:
[    0.000000]     modules : 0xffff000000000000 - 0xffff000008000000   (   128 MB)
[    0.000000]     vmalloc : 0xffff000008000000 - 0xffff7dffbfff0000   (129022 GB)
[    0.000000]       .text : 0x        (ptrval) - 0x        (ptrval)   (  9472 KB)
[    0.000000]     .rodata : 0x        (ptrval) - 0x        (ptrval)   (  4608 KB)
[    0.000000]       .init : 0x        (ptrval) - 0x        (ptrval)   (  1088 KB)
[    0.000000]       .data : 0x        (ptrval) - 0x        (ptrval)   (  1151 KB)
[    0.000000]        .bss : 0x        (ptrval) - 0x        (ptrval)   (   396 KB)
[    0.000000]     fixed   : 0xffff7dfffe7fb000 - 0xffff7dfffec00000   (  4116 KB)
[    0.000000]     PCI I/O : 0xffff7dfffee00000 - 0xffff7dffffe00000   (    16 MB)
[    0.000000]     vmemmap : 0xffff7e0000000000 - 0xffff800000000000   (  2048 GB maximum)
[    0.000000]               0xffff7e0000000000 - 0xffff7e0003000000   (    48 MB actual)
[    0.000000]     memory  : 0xffff800000000000 - 0xffff8000c0000000   (  3072 MB)
[    0.000000] SLUB: HWalign=64, Order=0-3, MinObjects=0, CPUs=4, Nodes=1
[    0.000000] Preemptible hierarchical RCU implementation.
[    0.000000] 	RCU restricting CPUs from NR_CPUS=64 to nr_cpu_ids=4.
[    0.000000] 	Tasks RCU enabled.
[    0.000000] RCU: Adjusting geometry for rcu_fanout_leaf=16, nr_cpu_ids=4
[    0.000000] NR_IRQS: 64, nr_irqs: 64, preallocated irqs: 0
[    0.000000] GIC: Using split EOI/Deactivate mode
[    0.000000] /interrupt-controller@60004000: 192 interrupts forwarded to /interrupt-controller@50041000
[    0.000000] boot misc1 0x0: expected 0x20
[    0.000000]  (comparison mask = 0xffffff)
[    0.000000] PLL_X already enabled. Postponing set full defaults
[    0.000000] arch_timer: cp15 timer(s) running at 19.20MHz (phys).
[    0.000000] clocksource: arch_sys_counter: mask: 0xffffffffffffff max_cycles: 0x46d987e47, max_idle_ns: 440795202767 ns
[    0.000005] sched_clock: 56 bits at 19MHz, resolution 52ns, wraps every 4398046511078ns
[    0.008435] Console: colour dummy device 80x25
[    0.013084] Calibrating delay loop (skipped), value calculated using timer frequency.. 38.40 BogoMIPS (lpj=76800)
[    0.023707] pid_max: default: 32768 minimum: 301
[    0.028545] Security Framework initialized
[    0.034935] Dentry cache hash table entries: 524288 (order: 10, 4194304 bytes)
[    0.043485] Inode-cache hash table entries: 262144 (order: 9, 2097152 bytes)
[    0.050837] Mount-cache hash table entries: 8192 (order: 4, 65536 bytes)
[    0.057808] Mountpoint-cache hash table entries: 8192 (order: 4, 65536 bytes)
[    0.081264] ASID allocator initialised with 65536 entries
[    0.086934] Hierarchical SRCU implementation.
[    0.100488] Speedo Revision 4
[    0.103579] Tegra Revision: A01 SKU: 1 CPU Process: -22 SoC Process: -22
[    0.111456] EFI services will not be available.
[    0.124176] smp: Bringing up secondary CPUs ...
[    0.157003] Detected PIPT I-cache on CPU1
[    0.157045] CPU1: Booted secondary processor 0x0000000001 [0x411fd071]
[    0.185061] Detected PIPT I-cache on CPU2
[    0.185095] CPU2: Booted secondary processor 0x0000000002 [0x411fd071]
[    0.213128] Detected PIPT I-cache on CPU3
[    0.213162] CPU3: Booted secondary processor 0x0000000003 [0x411fd071]
[    0.213239] smp: Brought up 1 node, 4 CPUs
[    0.250176] SMP: Total of 4 processors activated.
[    0.255043] CPU features: detected feature: 32-bit EL0 Support
[    0.261402] CPU: All CPU(s) started at EL2
[    0.265654] alternatives: patching kernel code
[    0.274628] devtmpfs: initialized
[    0.285585] clocksource: jiffies: mask: 0xffffffff max_cycles: 0xffffffff, max_idle_ns: 7645041785100000 ns
[    0.295723] futex hash table entries: 1024 (order: 5, 131072 bytes)
[    0.302666] pinctrl core: initialized pinctrl subsystem
[    0.309540] DMI not present or invalid.
[    0.313833] NET: Registered protocol family 16
[    0.318764] audit: initializing netlink subsys (disabled)
[    0.324470] audit: type=2000 audit(0.268:1): state=initialized audit_enabled=0 res=1
[    0.332496] cpuidle: using governor menu
[    0.333489] vdso: 2 pages (1 code @ 00000000c75eac93, 1 data @ 00000000c35fd49a)
[    0.333505] hw-breakpoint: found 6 breakpoint and 4 watchpoint registers.
[    0.337580] DMA: preallocated 256 KiB pool for atomic allocations
[    0.339900] Serial: AMBA PL011 UART driver
[    0.364557] HugeTLB registered 2.00 MiB page size, pre-allocated 0 pages
[    0.372471] ACPI: Interpreter disabled.
[    0.377207] vgaarb: loaded
[    0.380521] SCSI subsystem initialized
[    0.385121] libata version 3.00 loaded.
[    0.389363] usbcore: registered new interface driver usbfs
[    0.395105] usbcore: registered new interface driver hub
[    0.400673] usbcore: registered new device driver usb
[    0.406990] pps_core: LinuxPPS API ver. 1 registered
[    0.412138] pps_core: Software ver. 5.3.6 - Copyright 2005-2007 Rodolfo Giometti <giometti@linux.it>
[    0.421660] PTP clock support registered
[    0.425846] EDAC MC: Ver: 3.0.0
[    0.429356] dmi: Firmware registration failed.
[    0.434223] Advanced Linux Sound Architecture Driver Initialized.
[    0.441182] clocksource: Switched to clocksource arch_sys_counter
[    0.447628] VFS: Disk quotas dquot_6.6.0
[    0.451770] VFS: Dquot-cache hash table entries: 512 (order 0, 4096 bytes)
[    0.459020] pnp: PnP ACPI: disabled
[    0.469128] NET: Registered protocol family 2
[    0.474188] TCP established hash table entries: 32768 (order: 6, 262144 bytes)
[    0.481972] TCP bind hash table entries: 32768 (order: 7, 524288 bytes)
[    0.489084] TCP: Hash tables configured (established 32768 bind 32768)
[    0.495975] UDP hash table entries: 2048 (order: 4, 65536 bytes)
[    0.502312] UDP-Lite hash table entries: 2048 (order: 4, 65536 bytes)
[    0.509146] NET: Registered protocol family 1
[    0.513940] RPC: Registered named UNIX socket transport module.
[    0.520080] RPC: Registered udp transport module.
[    0.524952] RPC: Registered tcp transport module.
[    0.529829] RPC: Registered tcp NFSv4.1 backchannel transport module.
[    0.536502] PCI: CLS 0 bytes, default 128
[    0.541301] kvm [1]: 8-bit VMID
[    0.544543] kvm [1]: IDMAP page: 809a6000
[    0.548698] kvm [1]: HYP VA range: 800000000000:ffffffffffff
[    0.555538] kvm [1]: vgic-v2@50044000
[    0.559447] kvm [1]: vgic interrupt IRQ1
[    0.563529] kvm [1]: virtual timer IRQ4
[    0.567599] kvm [1]: Hyp mode initialized successfully
[    0.575751] Initialise system trusted keyrings
[    0.580476] workingset: timestamp_bits=44 max_order=20 bucket_order=0
[    0.593216] squashfs: version 4.0 (2009/01/31) Phillip Lougher
[    0.599858] NFS: Registering the id_resolver key type
[    0.605114] Key type id_resolver registered
[    0.609448] Key type id_legacy registered
[    0.613612] nfs4filelayout_init: NFSv4 File Layout Driver Registering...
[    0.620685] 9p: Installing v9fs 9p2000 file system support
[    0.629014] Key type asymmetric registered
[    0.633263] Asymmetric key parser 'x509' registered
[    0.638452] Block layer SCSI generic (bsg) driver version 0.4 loaded (major 245)
[    0.646106] io scheduler noop registered
[    0.650347] io scheduler cfq registered (default)
[    0.655218] io scheduler mq-deadline registered
[    0.659906] io scheduler kyber registered
[    0.677999] tegra-apbdma 60020000.dma: Tegra20 APB DMA driver register 32 channels
[    0.687636] tegra-pmc 7000e400.pmc: i2c-thermtrip node not found, emergency thermal reset disabled.
[    0.700535] Serial: 8250/16550 driver, 4 ports, IRQ sharing enabled
[    0.708949] console [ttyS0] disabled
[    0.712705] 70006000.serial: ttyS0 at MMIO 0x70006000 (irq = 313, base_baud = 25500000) is a Tegra
[    0.722011] console [ttyS0] enabled
[    0.722011] console [ttyS0] enabled
[    0.729102] bootconsole [uart8250] disabled
[    0.729102] bootconsole [uart8250] disabled
[    0.738121] SuperH (H)SCI(F) driver initialized
[    0.742925] msm_serial: driver initialized
[    0.747542] cacheinfo: Unable to detect cache hierarchy for CPU 0
[    0.759274] loop: module loaded
[    0.765355] libphy: Fixed MDIO Bus: probed
[    0.770011] tun: Universal TUN/TAP device driver, 1.6
[    0.775642] thunder-xcv, ver 1.0
[    0.778926] thunder-BGX, ver 1.0
[    0.782208] thunder-nic, ver 1.0
[    0.785680] e1000e: Intel(R) PRO/1000 Network Driver - 3.2.6-k
[    0.791513] e1000e: Copyright(c) 1999 - 2015 Intel Corporation.
[    0.797486] igb: Intel(R) Gigabit Ethernet Network Driver - version 5.4.0-k
[    0.804446] igb: Copyright (c) 2007-2014 Intel Corporation.
[    0.810060] igbvf: Intel(R) Gigabit Virtual Function Network Driver - version 2.4.0-k
[    0.817886] igbvf: Copyright (c) 2009 - 2012 Intel Corporation.
[    0.824055] sky2: driver version 1.30
[    0.828012] usbcore: registered new interface driver r8152
[    0.833635] VFIO - User Level meta-driver version: 0.3
[    0.839616] ehci_hcd: USB 2.0 'Enhanced' Host Controller (EHCI) Driver
[    0.846153] ehci-pci: EHCI PCI platform driver
[    0.850635] ehci-platform: EHCI generic platform driver
[    0.855949] ehci-orion: EHCI orion driver
[    0.860029] ehci-exynos: EHCI EXYNOS driver
[    0.864284] ohci_hcd: USB 1.1 'Open' Host Controller (OHCI) Driver
[    0.870473] ohci-pci: OHCI PCI platform driver
[    0.874957] ohci-platform: OHCI generic platform driver
[    0.880262] ohci-exynos: OHCI EXYNOS driver
[    0.884789] usbcore: registered new interface driver usb-storage
[    0.892850] tegra_rtc 7000e000.rtc: rtc core: registered 7000e000.rtc as rtc1
[    0.900054] tegra_rtc 7000e000.rtc: Tegra internal Real Time Clock
[    0.906373] i2c /dev entries driver
[    0.912487] sdhci: Secure Digital Host Controller Interface driver
[    0.918677] sdhci: Copyright(c) Pierre Ossman
[    0.923199] Synopsys Designware Multimedia Card Interface Driver
[    0.929747] sdhci-pltfm: SDHCI platform and OF driver helper
[    0.943772] mmc0: Unknown controller version (3). You may experience problems.
[    0.993239] mmc0: SDHCI controller on 700b0600.sdhci [700b0600.sdhci] using ADMA 64-bit
[    1.005359] ledtrig-cpu: registered to indicate activity on CPUs
[    1.012419] usbcore: registered new interface driver usbhid
[    1.018019] usbhid: USB HID core driver
[    1.023654] NET: Registered protocol family 17
[    1.029289] 9pnet: Installing 9P2000 support
[    1.035828] Key type dns_resolver registered
[    1.040668] registered taskstats version 1
[    1.044775] Loading compiled-in X.509 certificates
[    1.058691] hctosys: unable to open rtc device (rtc0)
[    1.064332] ALSA device list:
[    1.067315]   No soundcards found.
[    1.071084] Waiting for root device PARTUUID=00000000-0001-0000-788f-a75600000000...
[    1.088254] mmc0: new high speed MMC card at address 0001
[    1.094003] mmcblk0: mmc0:0001 SDW16G 14.7 GiB 
[    1.098692] mmcblk0boot0: mmc0:0001 SDW16G partition 1 4.00 MiB
[    1.104757] mmcblk0boot1: mmc0:0001 SDW16G partition 2 4.00 MiB
[    1.110798] mmcblk0rpmb: mmc0:0001 SDW16G partition 3 4.00 MiB, chardev (240:0)
[    1.120101]  mmcblk0: p1 p2 p3 p4 p5 p6 p7 p8 p9 p10 p11 p12 p13 p14 p15 p16 p17 p18
[    1.143342] EXT4-fs (mmcblk0p1): couldn't mount as ext3 due to feature incompatibilities
[    1.168031] EXT4-fs (mmcblk0p1): mounted filesystem with ordered data mode. Opts: (null)
[    1.176162] VFS: Mounted root (ext4 filesystem) on device 179:1.
[    1.187258] devtmpfs: mounted
[    1.190899] Freeing unused kernel memory: 1088K
bash: cannot set terminal process group (-1): Inappropriate ioctl for device
bash: no job control in this shell
root@(none):/# 