
U-Boot SPL 2016.05-rc2 (Apr 21 2016 - 16:23:00)
Trying to boot from RAM


U-Boot 2016.05-rc2 (Apr 21 2016 - 16:23:00 -0700)

TEGRA124
Model: NVIDIA Jetson TK1
Board: NVIDIA Jetson TK1
DRAM:  2 GiB
MC:   Tegra SD/MMC: 0, Tegra SD/MMC: 1
In:    serial
Out:   serial
Err:   serial
Net:   No ethernet found.
Hit any key to stop autoboot:  2  0 
Tegra124 (Jetson TK1) # 
Tegra124 (Jetson TK1) # pci enum
Tegra124 (Jetson TK1) # setenv bootargs 'ignore_loglevel console=ttyS0,115200n8 rw root=PARTUUID=b1791faa-84e8-4e27-83a1-9fb0a77e8803 rootwait gpt debug noinitrd earlyprintk init=/bin/bash'
Tegra124 (Jetson TK1) # setenv ipaddr 192.168.100.102; setenv serverip 192.168.100.1; setenv tftpserverip 192.168.100.1
Tegra124 (Jetson TK1) # tftpboot 0x82000000 zImage.multi_v7_defconfig

Warning: eth_rtl8169 using MAC address from ROM
Using eth_rtl8169 device
TFTP from server 192.168.100.1; our IP address is 192.168.100.102
Filename 'zImage.multi_v7_defconfig'.
Load address: 0x82000000
Loading: *#################################################################
	 #################################################################
	 #################################################################
	 #################################################################
	 #################################################################
	 #################################################################
	 #################################################################
	 #################################################################
	 ####################
	 3.9 MiB/s
done
Bytes transferred = 7916592 (78cc30 hex)
Tegra124 (Jetson TK1) # tftpboot 0x83000000 tegra124-jetson-tk1.dtb
Using eth_rtl8169 device
TFTP from server 192.168.100.1; our IP address is 192.168.100.102
Filename 'tegra124-jetson-tk1.dtb'.
Load address: 0x83000000
Loading: *#####
	 3.8 MiB/s
done
Bytes transferred = 67133 (1063d hex)
Tegra124 (Jetson TK1) # bootz 0x82000000 - 0x83000000
Kernel image @ 0x82000000 [ 0x000000 - 0x78cc30 ]
## Flattened Device Tree blob at 83000000
   Booting using the fdt blob at 0x83000000
   Using Device Tree in place at 83000000, end 8301363c

Starting kernel ...

[    0.000000] Booting Linux on physical CPU 0x0
[    0.000000] Linux version 4.12.0-rc2-171300-g0833289 (jonathanh@sellafield) (gcc version 4.7.3 20130328 (prerelease) (crosstool-NG linaro-1.13.1-4.7-2013.04-20130415 - Linaro GCC 2013.04) ) #1 SMP Sun May 21 20:06:29 PDT 2017
[    0.000000] CPU: ARMv7 Processor [413fc0f3] revision 3 (ARMv7), cr=10c5387d
[    0.000000] CPU: div instructions available: patching division code
[    0.000000] CPU: PIPT / VIPT nonaliasing data cache, PIPT instruction cache
[    0.000000] OF: fdt: Machine model: NVIDIA Tegra124 Jetson TK1
[    0.000000] debug: ignoring loglevel setting.
[    0.000000] Memory policy: Data cache writealloc
[    0.000000] efi: Getting EFI parameters from FDT:
[    0.000000] efi: UEFI not found.
[    0.000000] cma: Reserved 64 MiB at 0xfb800000
[    0.000000] On node 0 totalpages: 524032
[    0.000000] free_area_init_node: node 0, pgdat c157fd40, node_mem_map eeff8000
[    0.000000]   DMA zone: 1536 pages used for memmap
[    0.000000]   DMA zone: 0 pages reserved
[    0.000000]   DMA zone: 196608 pages, LIFO batch:31
[    0.000000]   HighMem zone: 327424 pages, LIFO batch:31
[    0.000000] percpu: Embedded 17 pages/cpu @eef82000 s39168 r8192 d22272 u69632
[    0.000000] pcpu-alloc: s39168 r8192 d22272 u69632 alloc=17*4096
[    0.000000] pcpu-alloc: [0] 0 [0] 1 [0] 2 [0] 3 
[    0.000000] Built 1 zonelists in Zone order, mobility grouping on.  Total pages: 522496
[    0.000000] Kernel command line: ignore_loglevel console=ttyS0,115200n8 rw root=PARTUUID=b1791faa-84e8-4e27-83a1-9fb0a77e8803 rootwait gpt debug noinitrd earlyprintk init=/bin/bash
[    0.000000] PID hash table entries: 4096 (order: 2, 16384 bytes)
[    0.000000] Dentry cache hash table entries: 131072 (order: 7, 524288 bytes)
[    0.000000] Inode-cache hash table entries: 65536 (order: 6, 262144 bytes)
[    0.000000] Memory: 1993420K/2096128K available (10240K kernel code, 1566K rwdata, 4388K rodata, 2048K init, 409K bss, 37172K reserved, 65536K cma-reserved, 1244160K highmem)
[    0.000000] Virtual kernel memory layout:
[    0.000000]     vector  : 0xffff0000 - 0xffff1000   (   4 kB)
[    0.000000]     fixmap  : 0xffc00000 - 0xfff00000   (3072 kB)
[    0.000000]     vmalloc : 0xf0800000 - 0xff800000   ( 240 MB)
[    0.000000]     lowmem  : 0xc0000000 - 0xf0000000   ( 768 MB)
[    0.000000]     pkmap   : 0xbfe00000 - 0xc0000000   (   2 MB)
[    0.000000]     modules : 0xbf000000 - 0xbfe00000   (  14 MB)
[    0.000000]       .text : 0xc0208000 - 0xc0d00000   (11232 kB)
[    0.000000]       .init : 0xc1200000 - 0xc1400000   (2048 kB)
[    0.000000]       .data : 0xc1400000 - 0xc15879b0   (1567 kB)
[    0.000000]        .bss : 0xc1590d04 - 0xc15f74d8   ( 410 kB)
[    0.000000] SLUB: HWalign=64, Order=0-3, MinObjects=0, CPUs=4, Nodes=1
[    0.000000] Hierarchical RCU implementation.
[    0.000000] 	RCU debugfs-based tracing is enabled.
[    0.000000] 	RCU restricting CPUs from NR_CPUS=16 to nr_cpu_ids=4.
[    0.000000] RCU: Adjusting geometry for rcu_fanout_leaf=16, nr_cpu_ids=4
[    0.000000] NR_IRQS:16 nr_irqs:16 16
[    0.000000] /interrupt-controller@60004000: 160 interrupts forwarded to /interrupt-controller@50041000
[    0.000000] Tegra clk 127: register failed with -17
[    0.000008] sched_clock: 32 bits at 1000kHz, resolution 1000ns, wraps every 2147483647500ns
[    0.000027] clocksource: timer_us: mask: 0xffffffff max_cycles: 0xffffffff, max_idle_ns: 1911260446275 ns
[    0.000043] Switching to timer-based delay loop, resolution 1000ns
[    0.004867] arch_timer: cp15 timer(s) running at 12.00MHz (virt).
[    0.004887] clocksource: arch_sys_counter: mask: 0xffffffffffffff max_cycles: 0x2c47f4ee7, max_idle_ns: 440795202497 ns
[    0.004906] sched_clock: 56 bits at 12MHz, resolution 83ns, wraps every 4398046511096ns
[    0.004920] Switching to timer-based delay loop, resolution 83ns
[    0.005388] Console: colour dummy device 80x30
[    0.005417] Calibrating delay loop (skipped), value calculated using timer frequency.. 24.00 BogoMIPS (lpj=120000)
[    0.005436] pid_max: default: 32768 minimum: 301
[    0.005525] Mount-cache hash table entries: 2048 (order: 1, 8192 bytes)
[    0.005538] Mountpoint-cache hash table entries: 2048 (order: 1, 8192 bytes)
[    0.006024] CPU: Testing write buffer coherency: ok
[    0.006272] /cpus/cpu@0 missing clock-frequency property
[    0.006314] /cpus/cpu@1 missing clock-frequency property
[    0.006355] /cpus/cpu@2 missing clock-frequency property
[    0.006400] /cpus/cpu@3 missing clock-frequency property
[    0.006414] CPU0: thread -1, cpu 0, socket 0, mpidr 80000000
[    0.006699] Setting up static identity map for 0x80300000 - 0x803000a0
[    0.010382] Tegra Revision: A01 SKU: 129 CPU Process: 1 SoC Process: 1
[    0.011107] EFI services will not be available.
[    0.011338] smp: Bringing up secondary CPUs ...
[    0.011937] CPU1: thread -1, cpu 1, socket 0, mpidr 80000001
[    0.015339] CPU2: thread -1, cpu 2, socket 0, mpidr 80000002
[    0.025353] CPU3: thread -1, cpu 3, socket 0, mpidr 80000003
[    0.034787] smp: Brought up 1 node, 4 CPUs
[    0.034808] SMP: Total of 4 processors activated (96.00 BogoMIPS).
[    0.034817] CPU: All CPU(s) started in SVC mode.
[    0.036302] devtmpfs: initialized
[    0.052674] VFP support v0.3: implementor 41 architecture 4 part 30 variant f rev 0
[    0.053070] clocksource: jiffies: mask: 0xffffffff max_cycles: 0xffffffff, max_idle_ns: 19112604462750000 ns
[    0.053089] futex hash table entries: 1024 (order: 4, 65536 bytes)
[    0.054555] pinctrl core: initialized pinctrl subsystem
[    0.056481] NET: Registered protocol family 16
[    0.058571] DMA: preallocated 256 KiB pool for atomic coherent allocations
[    0.061001] cpuidle: using governor menu
[    0.087640] No ATAGs?
[    0.087767] hw-breakpoint: found 5 (+1 reserved) breakpoint and 4 watchpoint registers.
[    0.087783] hw-breakpoint: maximum watchpoint size is 8 bytes.
[    0.095126] Serial: AMBA PL011 UART driver
[    0.111563] AT91: Could not find identification node
[    0.112123] +5V_SYS: supplied by +VDD_MUX
[    0.112406] +3.3V_SYS: supplied by +VDD_MUX
[    0.113023] +USB0_VBUS_SW: Failed to request enable GPIO108: -517
[    0.113040] reg-fixed-voltage regulators:regulator@7: Failed to register regulator: -517
[    0.113140] +5V_USB_HS: Failed to request enable GPIO109: -517
[    0.113155] reg-fixed-voltage regulators:regulator@8: Failed to register regulator: -517
[    0.113340] +1.05V_RUN_AVDD_HDMI_PLL: Failed to request enable GPIO63: -517
[    0.113354] reg-fixed-voltage regulators:regulator@11: Failed to register regulator: -517
[    0.113452] +5V_HDMI_CON: Failed to request enable GPIO86: -517
[    0.113466] reg-fixed-voltage regulators:regulator@12: Failed to register regulator: -517
[    0.113565] +5V_SATA: Failed to request enable GPIO242: -517
[    0.113579] reg-fixed-voltage regulators:regulator@13: Failed to register regulator: -517
[    0.113674] +12V_SATA: Failed to request enable GPIO242: -517
[    0.113688] reg-fixed-voltage regulators:regulator@14: Failed to register regulator: -517
[    0.116675] vgaarb: loaded
[    0.117449] SCSI subsystem initialized
[    0.117615] libata version 3.00 loaded.
[    0.117858] usbcore: registered new interface driver usbfs
[    0.117918] usbcore: registered new interface driver hub
[    0.117988] usbcore: registered new device driver usb
[    0.121452] pps_core: LinuxPPS API ver. 1 registered
[    0.121463] pps_core: Software ver. 5.3.6 - Copyright 2005-2007 Rodolfo Giometti <giometti@linux.it>
[    0.121487] PTP clock support registered
[    0.121678] EDAC MC: Ver: 3.0.0
[    0.124517] clocksource: Switched to clocksource arch_sys_counter
[    0.181161] NET: Registered protocol family 2
[    0.181676] TCP established hash table entries: 8192 (order: 3, 32768 bytes)
[    0.181776] TCP bind hash table entries: 8192 (order: 4, 65536 bytes)
[    0.181964] TCP: Hash tables configured (established 8192 bind 8192)
[    0.182045] UDP hash table entries: 512 (order: 2, 16384 bytes)
[    0.182089] UDP-Lite hash table entries: 512 (order: 2, 16384 bytes)
[    0.182236] NET: Registered protocol family 1
[    0.182550] RPC: Registered named UNIX socket transport module.
[    0.182561] RPC: Registered udp transport module.
[    0.182570] RPC: Registered tcp transport module.
[    0.182578] RPC: Registered tcp NFSv4.1 backchannel transport module.
[    0.182591] PCI: CLS 0 bytes, default 64
[    0.184011] hw perfevents: enabled with armv7_cortex_a15 PMU driver, 7 counters available
[    0.185879] workingset: timestamp_bits=30 max_order=19 bucket_order=0
[    0.194201] squashfs: version 4.0 (2009/01/31) Phillip Lougher
[    0.194924] NFS: Registering the id_resolver key type
[    0.194949] Key type id_resolver registered
[    0.194959] Key type id_legacy registered
[    0.195001] ntfs: driver 2.1.32 [Flags: R/O].
[    0.196680] bounce: pool size: 64 pages
[    0.196721] Block layer SCSI generic (bsg) driver version 0.4 loaded (major 248)
[    0.196733] io scheduler noop registered
[    0.196742] io scheduler deadline registered
[    0.196771] io scheduler cfq registered (default)
[    0.196781] io scheduler mq-deadline registered
[    0.196790] io scheduler kyber registered
[    0.202256]  usb2-0: usb2-0 supply vbus not found, using dummy regulator
[    0.202383]  usb2-1: usb2-1 supply vbus not found, using dummy regulator
[    0.202852] tegra-xusb-padctl 7009f000.padctl: failed to setup XUSB ports: -517
[    0.218880] tegra-pcie 1003000.pcie-controller: 2x1, 1x1 configuration
[    0.218935] tegra-pcie 1003000.pcie-controller: Failed to get supply 'avddio-pex': -517
[    0.225207] tegra124-dfll 70110000.clock: couldn't get vdd_cpu regulator
[    0.233019] tegra-apbdma 60020000.dma: Tegra20 APB DMA driver register 32 channels
[    0.235819] tegra-pmc 7000e400.pmc: emergency thermal reset enabled
[    0.289936] Serial: 8250/16550 driver, 4 ports, IRQ sharing disabled
[    0.292505] console [ttyS0] disabled
[    0.292544] 70006300.serial: ttyS0 at MMIO 0x70006300 (irq = 335, base_baud = 25500000) is a Tegra
[    1.183118] console [ttyS0] enabled
[    1.187442] SuperH (H)SCI(F) driver initialized
[    1.192944] msm_serial: driver initialized
[    1.197256] STMicroelectronics ASC driver initialized
[    1.203158] 70006000.serial: ttyTHS1 at MMIO 0x70006000 (irq = 333, base_baud = 0) is a TEGRA_UART
[    1.212432] 70006040.serial: ttyTHS2 at MMIO 0x70006040 (irq = 334, base_baud = 0) is a TEGRA_UART
[    1.226524] tegra-hdmi 54280000.hdmi: failed to get HDMI regulator
[    1.245889] brd: module loaded
[    1.255970] loop: module loaded
[    1.260300] at24 0-0056: 256 byte 24c02 EEPROM, writable, 8 bytes/write
[    1.268657] as3722 4-0040: AS3722 with revision 0x1 found
[    1.280495] as3722-sd2: supplied by +5V_SYS
[    1.285210] as3722-sd3: supplied by +5V_SYS
[    1.289606] +1.35V_LP0(sd3): Bringing 0uV into 1350000-1350000uV
[    1.295969] as3722-sd4: supplied by +5V_SYS
[    1.300564] as3722-sd5: supplied by +5V_SYS
[    1.306625] as3722-ldo0: supplied by +1.35V_LP0(sd2)
[    1.312675] +1.8V_RUN_CAM: Bringing 0uV into 1800000-1800000uV
[    1.318902] as3722-ldo2: supplied by +1.8V_VDDIO
[    1.324813] as3722-ldo3: supplied by +3.3V_SYS
[    1.329290] +1.05V_LP0_VDD_RTC: Bringing 1100000uV into 1000000-1000000uV
[    1.337063] as3722-ldo4: supplied by +3.3V_SYS
[    1.341714] +2.8V_RUN_CAM: Bringing 0uV into 2800000-2800000uV
[    1.347924] as3722-ldo5: supplied by +1.8V_VDDIO
[    1.352766] +1.2V_RUN_CAM_FRONT: Bringing 0uV into 1200000-1200000uV
[    1.359683] +VDDIO_SDMMC3: bypassed regulator has no supply!
[    1.365354] +VDDIO_SDMMC3: failed to get the current voltage(-517)
[    1.371531] as3722-regulator as3722-regulator: regulator 13 register failed -517
[    1.384634] tegra-ahci 70027000.sata: couldn't get PHY in node sata: -517
[    1.404357] random: fast init done
[    1.407911] m25p80 spi32765.0: w25q32dw (4096 Kbytes)
[    1.415738] libphy: Fixed MDIO Bus: probed
[    1.420926] CAN device driver interface
[    1.425793] bgmac_bcma: Broadcom 47xx GBit MAC driver loaded
[    1.432819] e1000e: Intel(R) PRO/1000 Network Driver - 3.2.6-k
[    1.438658] e1000e: Copyright(c) 1999 - 2015 Intel Corporation.
[    1.444640] igb: Intel(R) Gigabit Ethernet Network Driver - version 5.4.0-k
[    1.451590] igb: Copyright (c) 2007-2014 Intel Corporation.
[    1.460805] pegasus: v0.9.3 (2013/04/25), Pegasus/Pegasus II USB Ethernet driver
[    1.468261] usbcore: registered new interface driver pegasus
[    1.473964] usbcore: registered new interface driver asix
[    1.479405] usbcore: registered new interface driver ax88179_178a
[    1.485542] usbcore: registered new interface driver cdc_ether
[    1.491421] usbcore: registered new interface driver smsc75xx
[    1.497226] usbcore: registered new interface driver smsc95xx
[    1.502997] usbcore: registered new interface driver net1080
[    1.508701] usbcore: registered new interface driver cdc_subset
[    1.514661] usbcore: registered new interface driver zaurus
[    1.520279] usbcore: registered new interface driver cdc_ncm
[    1.526169] tegra-phy 7d004000.usb-phy: no vbus regulator
[    1.533586] ehci_hcd: USB 2.0 'Enhanced' Host Controller (EHCI) Driver
[    1.540120] ehci-pci: EHCI PCI platform driver
[    1.544618] ehci-platform: EHCI generic platform driver
[    1.550047] ehci-orion: EHCI orion driver
[    1.554211] SPEAr-ehci: EHCI SPEAr driver
[    1.558372] ehci-st: EHCI STMicroelectronics driver
[    1.563382] ehci-exynos: EHCI EXYNOS driver
[    1.567738] ehci-atmel: EHCI Atmel driver
[    1.571878] tegra-ehci: Tegra EHCI driver
[    1.578727] tegra-ehci 7d004000.usb: EHCI Host Controller
[    1.584146] tegra-ehci 7d004000.usb: new USB bus registered, assigned bus number 1
[    1.591934] tegra-ehci 7d004000.usb: irq 354, io mem 0x7d004000
[    1.624541] tegra-ehci 7d004000.usb: USB 2.0 started, EHCI 1.10
[    1.631250] hub 1-0:1.0: USB hub found
[    1.635054] hub 1-0:1.0: 1 port detected
[    1.639537] ohci_hcd: USB 1.1 'Open' Host Controller (OHCI) Driver
[    1.645754] ohci-pci: OHCI PCI platform driver
[    1.650232] ohci-platform: OHCI generic platform driver
[    1.655643] ohci-omap3: OHCI OMAP3 driver
[    1.659781] SPEAr-ohci: OHCI SPEAr driver
[    1.663922] ohci-st: OHCI STMicroelectronics driver
[    1.668944] ohci-atmel: OHCI Atmel driver
[    1.673718] usbcore: registered new interface driver usb-storage
[    1.684074] as3722-rtc as3722-rtc: rtc core: registered as3722-rtc as rtc0
[    1.690973] as3722-rtc as3722-rtc: RTC interrupt 377
[    1.699208] tegra_rtc 7000e000.rtc: rtc core: registered 7000e000.rtc as rtc1
[    1.706388] tegra_rtc 7000e000.rtc: Tegra internal Real Time Clock
[    1.713082] i2c /dev entries driver
[    1.723295] lm90 0-004c: 0-004c supply vcc not found, using dummy regulator
[    1.740534] sdhci: Secure Digital Host Controller Interface driver
[    1.746735] sdhci: Copyright(c) Pierre Ossman
[    1.752690] Synopsys Designware Multimedia Card Interface Driver
[    1.760028] sdhci-pltfm: SDHCI platform and OF driver helper
[    1.766478] sdhci-tegra 700b0400.sdhci: Got CD GPIO
[    1.771367] sdhci-tegra 700b0400.sdhci: Got WP GPIO
[    1.792635] mmc0: Unknown controller version (3). You may experience problems.
[    1.799908] mmc0: Invalid maximum block size, assuming 512 bytes
[    1.864543] mmc0: SDHCI controller on 700b0600.sdhci [700b0600.sdhci] using ADMA
[    1.873853] ledtrig-cpu: registered to indicate activity on CPUs
[    1.880186] usbcore: registered new interface driver usbhid
[    1.885770] usbhid: USB HID core driver
[    1.893533] NET: Registered protocol family 10
[    1.898839] Segment Routing with IPv6
[    1.902551] sit: IPv6, IPv4 and MPLS over IPv4 tunneling driver
[    1.909031] NET: Registered protocol family 17
[    1.913478] can: controller area network core (rev 20170425 abi 9)
[    1.919722] NET: Registered protocol family 29
[    1.924162] can: raw protocol (rev 20170425)
[    1.928444] can: broadcast manager protocol (rev 20170425 t)
[    1.934101] can: netlink gateway (rev 20170425) max_hops=1
[    1.939903] Key type dns_resolver registered
[    1.944728] ThumbEE CPU extension supported.
[    1.948997] Registering SWP/SWPB emulation handler
[    1.968502] +3.3V_RUN: supplied by +3.3V_SYS
[    1.974062] +USB0_VBUS_SW: supplied by +5V_SYS
[    1.978803] +3.3V_AVDD_HDMI_AP_GATED: supplied by +3.3V_RUN
[    1.984755] +5V_USB_HS: supplied by +5V_SYS
[    1.990577] +3.3V_LP0: supplied by +3.3V_SYS
[    1.997234] +5V_HDMI_CON: supplied by +5V_SYS
[    2.002263] +5V_SATA: supplied by +5V_SYS
[    2.006835] +12V_SATA: supplied by +VDD_MUX
[    2.013092]  usb2-0: usb2-0 supply vbus not found, using dummy regulator
[    2.014588] mmc0: new high speed MMC card at address 0001
[    2.020949] mmcblk0: mmc0:0001 SEM16G 14.7 GiB 
[    2.021670] mmcblk0boot0: mmc0:0001 SEM16G partition 1 4.00 MiB
[    2.022060] mmcblk0boot1: mmc0:0001 SEM16G partition 2 4.00 MiB
[    2.022881] mmcblk0rpmb: mmc0:0001 SEM16G partition 3 4.00 MiB
[    2.037777]  mmcblk0: p1
[    2.050175]  usb2-1: usb2-1 supply vbus not found, using dummy regulator
[    2.057277]  usb3-0: usb3-0 supply vbus not found, using dummy regulator
[    2.065271] tegra-pcie 1003000.pcie-controller: 2x1, 1x1 configuration
[    2.071857] tegra-pcie 1003000.pcie-controller: Failed to get supply 'avddio-pex': -517
[    2.083090] tegra124-dfll 70110000.clock: couldn't get vdd_cpu regulator
[    2.094425] tegra-hdmi 54280000.hdmi: failed to get PLL regulator
[    2.105842] as3722-sd2: supplied by +5V_SYS
[    2.110313] as3722-sd3: supplied by +5V_SYS
[    2.114807] as3722-sd4: supplied by +5V_SYS
[    2.119316] as3722-sd5: supplied by +5V_SYS
[    2.125235] as3722-ldo0: supplied by +1.35V_LP0(sd2)
[    2.130958] as3722-ldo1: supplied by +3.3V_RUN
[    2.135777] as3722-ldo2: supplied by +1.8V_VDDIO
[    2.141284] as3722-ldo3: supplied by +3.3V_SYS
[    2.146615] as3722-ldo4: supplied by +3.3V_SYS
[    2.151300] as3722-ldo5: supplied by +1.8V_VDDIO
[    2.156305] as3722-ldo6: supplied by +3.3V_RUN
[    2.160999] as3722-ldo7: supplied by +1.8V_VDDIO
[    2.166397] +1.05V_RUN_CAM_REAR: Bringing 0uV into 1050000-1050000uV
[    2.173473] as3722-ldo9: supplied by +5V_SYS
[    2.179073] +3.3V_RUN_TOUCH: Bringing 0uV into 2800000-2800000uV
[    2.185656] as3722-ldo10: supplied by +5V_SYS
[    2.190573] +2.8V_RUN_CAM_AF: Bringing 0uV into 2800000-2800000uV
[    2.197429] as3722-ldo11: supplied by +3.3V_RUN
[    2.202726] +1.8V_RUN_VPP_FUSE: Bringing 0uV into 1800000-1800000uV
[    2.212694] tegra-ahci 70027000.sata: AHCI 0001.0301 32 slots 2 ports 3 Gbps 0x1 impl platform mode
[    2.221769] tegra-ahci 70027000.sata: flags: 64bit ncq sntf pm led pio slum part sadm sds apst 
[    2.232283] scsi host0: tegra-ahci
[    2.236865] scsi host1: tegra-ahci
[    2.240560] ata1: SATA max UDMA/133 mmio [mem 0x70027000-0x70028fff] port 0x100 irq 345
[    2.248598] ata2: DUMMY
[    2.253950] tegra-ehci 7d008000.usb: EHCI Host Controller
[    2.259391] tegra-ehci 7d008000.usb: new USB bus registered, assigned bus number 2
[    2.267189] tegra-ehci 7d008000.usb: irq 355, io mem 0x7d008000
[    2.294641] tegra-ehci 7d008000.usb: USB 2.0 started, EHCI 1.10
[    2.301682] hub 2-0:1.0: USB hub found
[    2.305539] hub 2-0:1.0: 1 port detected
[    2.311899] sdhci-tegra 700b0400.sdhci: Got CD GPIO
[    2.316852] sdhci-tegra 700b0400.sdhci: Got WP GPIO
[    2.328750] mmc1: Unknown controller version (3). You may experience problems.
[    2.336086] mmc1: Invalid maximum block size, assuming 512 bytes
[    2.405064] mmc1: SDHCI controller on 700b0400.sdhci [700b0400.sdhci] using ADMA
[    2.413171] tegra-pcie 1003000.pcie-controller: 2x1, 1x1 configuration
[    2.421817] tegra-pcie 1003000.pcie-controller: probing port 0, using 2 lanes
[    2.432495] tegra-pcie 1003000.pcie-controller: Slot present pin change, signature: 00000008
[    2.455351] tegra-pcie 1003000.pcie-controller: probing port 1, using 1 lanes
[    2.464650] tegra-pcie 1003000.pcie-controller: Slot present pin change, signature: 00000000
[    2.478969] tegra-pcie 1003000.pcie-controller: PCI host bridge to bus 0000:00
[    2.486239] pci_bus 0000:00: root bus resource [io  0x0000-0xffff]
[    2.492425] pci_bus 0000:00: root bus resource [mem 0x13000000-0x1fffffff]
[    2.499333] pci_bus 0000:00: root bus resource [mem 0x20000000-0x3fffffff pref]
[    2.506684] pci_bus 0000:00: root bus resource [bus 00-ff]
[    2.512213] pci 0000:00:01.0: [10de:0e12] type 01 class 0x060400
[    2.518313] pci_bus 0000:00: 2-byte config write to 0000:00:01.0 offset 0x88 may corrupt adjacent RW1C bits
[    2.528118] pci_bus 0000:00: 2-byte config write to 0000:00:01.0 offset 0x52 may corrupt adjacent RW1C bits
[    2.537940] pci 0000:00:01.0: PME# supported from D0 D1 D2 D3hot D3cold
[    2.544600] pci_bus 0000:00: 2-byte config write to 0000:00:01.0 offset 0x4c may corrupt adjacent RW1C bits
[    2.554680] pci 0000:00:02.0: [10de:0e13] type 01 class 0x060400
[    2.560734] pci_bus 0000:00: 2-byte config write to 0000:00:02.0 offset 0x88 may corrupt adjacent RW1C bits
[    2.570532] pci_bus 0000:00: 2-byte config write to 0000:00:02.0 offset 0x52 may corrupt adjacent RW1C bits
[    2.580338] pci 0000:00:02.0: PME# supported from D0 D1 D2 D3hot D3cold
[    2.587001] pci_bus 0000:00: 2-byte config write to 0000:00:02.0 offset 0x4c may corrupt adjacent RW1C bits
[    2.588295] ata1: SATA link down (SStatus 0 SControl 300)
[    2.602428] pci_bus 0000:00: 2-byte config write to 0000:00:01.0 offset 0x3e may corrupt adjacent RW1C bits
[    2.612207] pci_bus 0000:00: 2-byte config write to 0000:00:02.0 offset 0x3e may corrupt adjacent RW1C bits
[    2.621957] pci_bus 0000:00: 2-byte config write to 0000:00:01.0 offset 0x4 may corrupt adjacent RW1C bits
[    2.631614] pci_bus 0000:00: 1-byte config write to 0000:00:01.0 offset 0xc may corrupt adjacent RW1C bits
[    2.641272] PCI: bus0: Fast back to back transfers disabled
[    2.646858] pci 0000:00:01.0: bridge configuration invalid ([bus 00-00]), reconfiguring
[    2.654878] pci 0000:00:02.0: bridge configuration invalid ([bus 00-00]), reconfiguring
[    2.663097] pci 0000:01:00.0: [8086:4232] type 00 class 0x028000
[    2.669177] pci 0000:01:00.0: reg 0x10: [mem 0x00000000-0x00001fff 64bit]
[    2.676201] pci 0000:01:00.0: PME# supported from D0 D3hot D3cold
[    2.697000] mmc1: new high speed SDHC card at address aaaa
[    2.703282] mmcblk1: mmc1:aaaa SD04G 3.69 GiB 
[    2.708096] PCI: bus1: Fast back to back transfers disabled
[    2.713694] pci_bus 0000:01: busn_res: [bus 01-ff] end is updated to 01
[    2.720571] pci 0000:02:00.0: [10ec:8168] type 00 class 0x020000
[    2.726664] pci 0000:02:00.0: reg 0x10: [io  0x0000-0x00ff]
[    2.732277] pci 0000:02:00.0: reg 0x18: [mem 0x00000000-0x00000fff 64bit]
[    2.739128] pci 0000:02:00.0: reg 0x20: [mem 0x00000000-0x00003fff 64bit pref]
[    2.746528] pci 0000:02:00.0: supports D1 D2
[    2.750800] pci 0000:02:00.0: PME# supported from D0 D1 D2 D3hot D3cold
[    2.770679]  mmcblk1: p1 p2 p3
[    2.784679] PCI: bus2: Fast back to back transfers disabled
[    2.790257] pci_bus 0000:02: busn_res: [bus 02-ff] end is updated to 02
[    2.797098] pci 0000:00:01.0: BAR 8: assigned [mem 0x13000000-0x130fffff]
[    2.803890] pci 0000:00:02.0: BAR 8: assigned [mem 0x13100000-0x131fffff]
[    2.810725] pci 0000:00:02.0: BAR 9: assigned [mem 0x20000000-0x200fffff 64bit pref]
[    2.818502] pci 0000:00:02.0: BAR 7: assigned [io  0x1000-0x1fff]
[    2.824618] pci 0000:01:00.0: BAR 0: assigned [mem 0x13000000-0x13001fff 64bit]
[    2.831947] pci 0000:00:01.0: PCI bridge to [bus 01]
[    2.836950] pci 0000:00:01.0:   bridge window [mem 0x13000000-0x130fffff]
[    2.843750] pci 0000:02:00.0: BAR 4: assigned [mem 0x20000000-0x20003fff 64bit pref]
[    2.851525] pci 0000:02:00.0: BAR 2: assigned [mem 0x13100000-0x13100fff 64bit]
[    2.858888] pci 0000:02:00.0: BAR 0: assigned [io  0x1000-0x10ff]
[    2.865003] pci 0000:00:02.0: PCI bridge to [bus 02]
[    2.869966] pci 0000:00:02.0:   bridge window [io  0x1000-0x1fff]
[    2.876095] pci 0000:00:02.0:   bridge window [mem 0x13100000-0x131fffff]
[    2.882878] pci 0000:00:02.0:   bridge window [mem 0x20000000-0x200fffff 64bit pref]
[    2.890664] pci 0000:00:01.0: nv_msi_ht_cap_quirk didn't locate host bridge
[    2.897765] pcieport 0000:00:01.0: enabling device (0140 -> 0142)
[    2.904108] pcieport 0000:00:01.0: Signaling PME with IRQ 393
[    2.909968] pci 0000:00:02.0: nv_msi_ht_cap_quirk didn't locate host bridge
[    2.917066] pcieport 0000:00:02.0: enabling device (0140 -> 0143)
[    2.923395] pcieport 0000:00:02.0: Signaling PME with IRQ 394
[    2.929442] r8169 Gigabit Ethernet driver 2.3LK-NAPI loaded
[    2.935075] r8169 0000:02:00.0: enabling device (0140 -> 0143)
[    2.966231] r8169 0000:02:00.0 eth0: RTL8168g/8111g at 0xf0b72000, 00:04:4b:3a:d9:81, XID 0c000800 IRQ 395
[    2.975923] r8169 0000:02:00.0 eth0: jumbo features [frames: 9200 bytes, tx checksumming: ko]
[    2.988770] +1.05V_RUN_AVDD_HDMI_PLL: supplied by +1.05V_RUN
[    2.996805] of: dev_pm_opp_of_cpumask_add_table: couldn't find opp table for cpu:0, -19
[    3.004901] cpufreq: cpufreq_online: CPU0: Running at unlisted freq: 696000 KHz
[    3.012217] cpufreq: cpufreq_online: CPU0: Unlisted initial frequency changed to: 714000 KHz
[    3.021368] input: gpio-keys as /devices/soc0/gpio-keys/input/input0
[    3.028663] as3722-rtc as3722-rtc: setting system clock to 2000-01-01 00:02:03 UTC (946684923)
[    3.037658] +3.3V_AVDD_HDMI_AP_GATED: disabling
[    3.042180] +USB0_VBUS_SW: disabling
[    3.045780] +1.05V_RUN_AVDD_HDMI_PLL: disabling
[    3.050309] +5V_HDMI_CON: disabling
[    3.053797] +1.8V_RUN_CAM: disabling
[    3.057668] +2.8V_RUN_CAM: disabling
[    3.061482] +1.2V_RUN_CAM_FRONT: disabling
[    3.065856] +1.05V_RUN_CAM_REAR: disabling
[    3.070113] +3.3V_RUN_TOUCH: disabling
[    3.074023] +2.8V_RUN_CAM_AF: disabling
[    3.078120] +1.8V_RUN_VPP_FUSE: disabling
[    3.083269] EXT4-fs (mmcblk0p1): mounting ext3 file system using the ext4 subsystem
[    3.126103] EXT4-fs (mmcblk0p1): recovery complete
[    3.131731] EXT4-fs (mmcblk0p1): mounted filesystem with ordered data mode. Opts: (null)
[    3.139887] VFS: Mounted root (ext3 filesystem) on device 179:1.
[    3.149916] devtmpfs: mounted
[    3.153776] Freeing unused kernel memory: 2048K
bash: cannot set terminal process group (-1): Inappropriate ioctl for device
bash: no job control in this shell
root@(none):/# 