Diff for ./tegra30-beaver/tegra30-beaver/tegra_defconfig_log.txt
--- /tmp/fooa	2013-12-29 16:59:51.174105083 -0800
+++ /tmp/foob	2013-12-29 16:59:51.174105083 -0800
@@ -22,15 +22,15 @@
 Sending: 
 
 Transfer complete
-yzModem - CRC mode, 7(SOH)/4041(STX)/0(CAN) packets, 3 retries
-## Total Size      = 0x003f2620 = 4138528 Bytes
+yzModem - CRC mode, 6(SOH)/4042(STX)/0(CAN) packets, 3 retries
+## Total Size      = 0x003f29d0 = 4139472 Bytes
 Tegra30 (Beaver) # loady 0x82000000
 ## Ready for binary (ymodem) download to 0x82000000 at 230400 bps...
 CSending: tegra30-beaver.dtb
 Sending: 
 
 Transfer complete
-yzModem - CRC mode, 6(SOH)/20(STX)/0(CAN) packets, 3 retries
+xyzModem - CRC mode, 6(SOH)/20(STX)/0(CAN) packets, 3 retries
 ## Total Size      = 0x000051b8 = 20920 Bytes
 Tegra30 (Beaver) # bootz 0x81000000 - 0x82000000
 ## Flattened Device Tree blob at 82000000
@@ -40,7 +40,7 @@
 Starting kernel .ø†ø†æ€˜€æ€˜€fæžÎžæžøÎxÎøÎžøž~8˜†žøžf†ø†ø†8xþžøžf†8àÎžþž`Îžøž~8~€žf8æÎxžfžø†æ€˜€[    0.000000] Booting Linux on physical CPU 0x0
 Initializing cgroup subsys cpu
 Initializing cgroup subsys cpuacct
-Linux version 3.13.0-rc5-37183-g413541d (pwalmsley@tamien) (gcc version 4.6.3 (Ubuntu/Linaro 4.6.3-1ubuntu5) ) #1 SMP PREEMPT Mon Dec 23 13:15:52 PST 2013
+Linux version 3.13.0-rc6-37286-g802eee9 (pwalmsley@tamien) (gcc version 4.6.3 (Ubuntu/Linaro 4.6.3-1ubuntu5) ) #1 SMP PREEMPT Sun Dec 29 16:34:18 PST 2013
 CPU: ARMv7 Processor [412fc099] revision 9 (ARMv7), cr=10c5387d
 CPU: PIPT / VIPT nonaliasing data cache, VIPT aliasing instruction cache
 Machine model: NVIDIA Tegra30 Beaver evaluation board
@@ -75,7 +75,7 @@
     lowmem  : 0xc0000000 - 0xef800000   ( 760 MB)
     pkmap   : 0xbfe00000 - 0xc0000000   (   2 MB)
     modules : 0xbf000000 - 0xbfe00000   (  14 MB)
-      .text : 0xc0008000 - 0xc075ce18   (7508 kB)
+      .text : 0xc0008000 - 0xc075ce2c   (7508 kB)
       .init : 0xc075d000 - 0xc079a380   ( 245 kB)
       .data : 0xc079c000 - 0xc07e8a20   ( 307 kB)
        .bss : 0xc07e8a2c - 0xc083f770   ( 348 kB)
@@ -83,14 +83,14 @@
 NR_IRQS:16 nr_irqs:16 16
 sched_clock: 32 bits at 1000kHz, resolution 1000ns, wraps every 2147483648000ns
 Console: colour dummy device 80x30
-Calibrating delay loop... 2786.91 BogoMIPS (lpj=13934592)
+Calibrating delay loop... 2793.47 BogoMIPS (lpj=13967360)
 pid_max: default: 32768 minimum: 301
 Mount-cache hash table entries: 512
 Initializing cgroup subsys debug
 Initializing cgroup subsys freezer
 CPU: Testing write buffer coherency: ok
 CPU0: thread -1, cpu 0, socket 0, mpidr 80000000
-Setting up static identity map for 0x8055e558 - 0x8055e5f0
+Setting up static identity map for 0x8055e898 - 0x8055e930
 CPU1: Booted secondary processor
 CPU1: thread -1, cpu 1, socket 0, mpidr 80000001
 CPU2: Booted secondary processor
@@ -336,17 +336,17 @@
  
 INIT: version 2.88 booting
 Using makefile-style concurrent boot in runlevel S.
-Starting the hotplug events dispatcher: udevd[    4.156433] udevd[178]: starting version 175
+Starting the hotplug events dispatcher: udevd[    4.169194] udevd[178]: starting version 175
 [ ok .
 Synthesizing the initial hotplug events...[ ok done.
 Waiting for /dev to be fully populated...[ ok done.
 Activating swap...[ ok done.
 Cleaning up temporary files... /tmp[ ok .
+random: nonblocking pool is initialized
 Activating lvm and md swap...[ ok done.
 Checking file systems...fsck from util-linux 2.20.1
 [ ok done.
 Mounting local filesystems...[ ok done.
-random: nonblocking pool is initialized
 Activating swapfile swap...[ ok done.
 Cleaning up temporary files...[ ok .
 Setting kernel variables ...[ ok done.
Diff for ./tegra30-beaver/tegra30-beaver/multi_v7_defconfig_log.txt
--- /tmp/fooa	2013-12-29 16:59:51.182105087 -0800
+++ /tmp/foob	2013-12-29 16:59:51.186105090 -0800
@@ -22,15 +22,15 @@
 Sending: 
 
 Transfer complete
-yzModem - CRC mode, 3(SOH)/3564(STX)/0(CAN) packets, 3 retries
-## Total Size      = 0x0037b018 = 3649560 Bytes
+yzModem - CRC mode, 8(SOH)/3564(STX)/0(CAN) packets, 3 retries
+## Total Size      = 0x0037b2b0 = 3650224 Bytes
 Tegra30 (Beaver) # loady 0x82000000
 ## Ready for binary (ymodem) download to 0x82000000 at 230400 bps...
 CSending: tegra30-beaver.dtb
 Sending: 
 
 Transfer complete
-yzModem - CRC mode, 6(SOH)/20(STX)/0(CAN) packets, 3 retries
+zModem - CRC mode, 6(SOH)/20(STX)/0(CAN) packets, 3 retries
 ## Total Size      = 0x000051b8 = 20920 Bytes
 Tegra30 (Beaver) # bootz 0x81000000 - 0x82000000
 ## Flattened Device Tree blob at 82000000
@@ -40,7 +40,7 @@
 Starting kernel ...
 
 Booting Linux on physical CPU 0x0
-Linux version 3.13.0-rc5-37183-g413541d (pwalmsley@kaivo) (gcc version 4.6.3 (Ubuntu/Linaro 4.6.3-1ubuntu5) ) #1 SMP Mon Dec 23 13:14:36 PST 2013
+Linux version 3.13.0-rc6-37286-g802eee9 (pwalmsley@kaivo) (gcc version 4.6.3 (Ubuntu/Linaro 4.6.3-1ubuntu5) ) #1 SMP Sun Dec 29 16:32:25 PST 2013
 CPU: ARMv7 Processor [412fc099] revision 9 (ARMv7), cr=10c5387d
 CPU: PIPT / VIPT nonaliasing data cache, VIPT aliasing instruction cache
 Machine model: NVIDIA Tegra30 Beaver evaluation board
@@ -73,7 +73,7 @@
     vmalloc : 0xf0000000 - 0xff000000   ( 240 MB)
     lowmem  : 0xc0000000 - 0xef800000   ( 760 MB)
     pkmap   : 0xbfe00000 - 0xc0000000   (   2 MB)
-      .text : 0xc0008000 - 0xc06482cc   (6401 kB)
+      .text : 0xc0008000 - 0xc06482e4   (6401 kB)
       .init : 0xc0649000 - 0xc06bfb40   ( 475 kB)
       .data : 0xc06c0000 - 0xc0753500   ( 590 kB)
        .bss : 0xc0753508 - 0xc079a80c   ( 285 kB)
@@ -82,12 +82,12 @@
 NR_IRQS:16 nr_irqs:16 16
 sched_clock: 32 bits at 1000kHz, resolution 1000ns, wraps every 2147483648000ns
 Console: colour dummy device 80x30
-Calibrating delay loop... 2786.91 BogoMIPS (lpj=13934592)
+Calibrating delay loop... 2793.47 BogoMIPS (lpj=13967360)
 pid_max: default: 32768 minimum: 301
 Mount-cache hash table entries: 512
 CPU: Testing write buffer coherency: ok
 CPU0: thread -1, cpu 0, socket 0, mpidr 80000000
-Setting up static identity map for 0x804b6a18 - 0x804b6ab0
+Setting up static identity map for 0x804b6d78 - 0x804b6e10
 unable to find compatible sirf rstc node in dtb
 CPU1: Booted secondary processor
 CPU1: thread -1, cpu 1, socket 0, mpidr 80000001
@@ -252,7 +252,7 @@
  
 INIT: version 2.88 booting
 Using makefile-style concurrent boot in runlevel S.
-Starting the hotplug events dispatcher: udevd[    2.118850] udevd[159]: starting version 175
+Starting the hotplug events dispatcher: udevd[    2.110152] udevd[158]: starting version 175
 [ ok .
 Synthesizing the initial hotplug events...[ ok done.
 Waiting for /dev to be fully populated...[ ok done.
@@ -263,8 +263,8 @@
 Checking file systems...fsck from util-linux 2.20.1
 [ ok done.
 Mounting local filesystems...[ ok done.
-Activating swapfile swap...[ ok done.
 random: nonblocking pool is initialized
+Activating swapfile swap...[ ok done.
 Cleaning up temporary files...[ ok .
 Setting kernel variables ...[ ok done.
 Configuring network interfaces...[ ok done.
Diff for ./tegra114-dalmore-headless/tegra114-dalmore/tegra_defconfig_log.txt
--- /tmp/fooa	2013-12-29 16:59:51.190105092 -0800
+++ /tmp/foob	2013-12-29 16:59:51.194105094 -0800
@@ -28,9 +28,9 @@
 TFTP from server 192.168.100.1; our IP address is 192.168.100.100
 Filename 'zImage.tegra_defconfig'.
 Load address: 0x81000000
-Loading: *#################################################  2.6 MiB/s
+Loading: *#################################################  2.9 MiB/s
 done
-Bytes transferred = 4138528 (3f2620 hex)
+Bytes transferred = 4139472 (3f29d0 hex)
 Dalmore #tftpboot 0x82000000 tegra114-dalmore.dtb
 Using asx0 device
 TFTP from server 192.168.100.1; our IP address is 192.168.100.100
@@ -49,16 +49,16 @@
 Timer summary in microseconds:
        Mark    Elapsed  Stage
           0          0  awake
-  2,150,565  2,150,565  usb_start
-  6,153,791  4,003,226  eth_start
-  6,153,789         -2  tftp start
- 10,091,187  3,937,398  tftp done
- 12,165,909  2,074,722  start_kernel
+  2,120,591  2,120,591  usb_start
+  6,123,982  4,003,391  eth_start
+  6,123,979         -3  tftp start
+  9,934,837  3,810,858  tftp done
+ 12,136,532  2,201,695  start_kernel
 Uncompressing Linux... done, booting the kernel.
 Booting Linux on physical CPU 0x0
 Initializing cgroup subsys cpu
 Initializing cgroup subsys cpuacct
-Linux version 3.13.0-rc5-37183-g413541d (pwalmsley@tamien) (gcc version 4.6.3 (Ubuntu/Linaro 4.6.3-1ubuntu5) ) #1 SMP PREEMPT Mon Dec 23 13:15:52 PST 2013
+Linux version 3.13.0-rc6-37286-g802eee9 (pwalmsley@tamien) (gcc version 4.6.3 (Ubuntu/Linaro 4.6.3-1ubuntu5) ) #1 SMP PREEMPT Sun Dec 29 16:34:18 PST 2013
 CPU: ARMv7 Processor [412fc0f2] revision 2 (ARMv7), cr=10c5387d
 CPU: PIPT / VIPT nonaliasing data cache, PIPT instruction cache
 Machine model: NVIDIA Tegra114 Dalmore evaluation board
@@ -89,7 +89,7 @@
     lowmem  : 0xc0000000 - 0xef800000   ( 760 MB)
     pkmap   : 0xbfe00000 - 0xc0000000   (   2 MB)
     modules : 0xbf000000 - 0xbfe00000   (  14 MB)
-      .text : 0xc0008000 - 0xc075ce18   (7508 kB)
+      .text : 0xc0008000 - 0xc075ce2c   (7508 kB)
       .init : 0xc075d000 - 0xc079a380   ( 245 kB)
       .data : 0xc079c000 - 0xc07e8a20   ( 307 kB)
        .bss : 0xc07e8a2c - 0xc083f770   ( 348 kB)
@@ -111,7 +111,7 @@
 /cpus/cpu@2 missing clock-frequency property
 /cpus/cpu@3 missing clock-frequency property
 CPU0: thread -1, cpu 0, socket 0, mpidr 80000000
-Setting up static identity map for 0x8055e558 - 0x8055e5f0
+Setting up static identity map for 0x8055e898 - 0x8055e930
 CPU1: Booted secondary processor
 CPU1: thread -1, cpu 1, socket 0, mpidr 80000001
 CPU2: Booted secondary processor
@@ -357,7 +357,7 @@
 hub 1-0:1.0: USB hub found
 hub 1-0:1.0: 1 port detected
 input: gpio-keys.2 as /devices/soc0/gpio-keys.2/input/input1
-palmas-rtc rtc.7: setting system clock to 2000-03-18 23:42:11 UTC (953422931)
+palmas-rtc rtc.7: setting system clock to 2000-03-25 03:01:02 UTC (953953262)
 ALSA device list:
   #0: NVIDIA Tegra Dalmore
 kjournald starting.  Commit interval 5 seconds
@@ -369,4 +369,4 @@
 Freeing unused kernel memory: 244K (c075d000 - c079a000)
 bash: cannot set terminal process group (-1): Inappropriate ioctl for device
 bash: no job control in this shell
-I have no name!@(none):/# [    2.860893] usb 1-1: new high-speed USB device number 2 using tegra-ehci
+I have no name!@(none):/# [    2.860502] usb 1-1: new high-speed USB device number 2 using tegra-ehci
Diff for ./tegra114-dalmore-headless/tegra114-dalmore/multi_v7_defconfig_log.txt
--- /tmp/fooa	2013-12-29 16:59:51.202105099 -0800
+++ /tmp/foob	2013-12-29 16:59:51.202105099 -0800
@@ -30,7 +30,7 @@
 Load address: 0x81000000
 Loading: *#################################################  2.8 MiB/s
 done
-Bytes transferred = 3649560 (37b018 hex)
+Bytes transferred = 3650224 (37b2b0 hex)
 Dalmore #tftpboot 0x82000000 tegra114-dalmore.dtb
 Using asx0 device
 TFTP from server 192.168.100.1; our IP address is 192.168.100.100
@@ -49,13 +49,13 @@
 Timer summary in microseconds:
        Mark    Elapsed  Stage
           0          0  awake
-  3,076,774  3,076,774  usb_start
-  7,080,088  4,003,314  eth_start
-  7,080,086         -2  tftp start
- 10,816,262  3,736,176  tftp done
- 12,091,858  1,275,596  start_kernel
+  3,044,131  3,044,131  usb_start
+  7,046,152  4,002,021  eth_start
+  7,046,150         -2  tftp start
+ 10,799,369  3,753,219  tftp done
+ 12,057,913  1,258,544  start_kernel
 Booting Linux on physical CPU 0x0
-Linux version 3.13.0-rc5-37183-g413541d (pwalmsley@kaivo) (gcc version 4.6.3 (Ubuntu/Linaro 4.6.3-1ubuntu5) ) #1 SMP Mon Dec 23 13:14:36 PST 2013
+Linux version 3.13.0-rc6-37286-g802eee9 (pwalmsley@kaivo) (gcc version 4.6.3 (Ubuntu/Linaro 4.6.3-1ubuntu5) ) #1 SMP Sun Dec 29 16:32:25 PST 2013
 CPU: ARMv7 Processor [412fc0f2] revision 2 (ARMv7), cr=10c5387d
 CPU: PIPT / VIPT nonaliasing data cache, PIPT instruction cache
 Machine model: NVIDIA Tegra114 Dalmore evaluation board
@@ -84,7 +84,7 @@
     vmalloc : 0xf0000000 - 0xff000000   ( 240 MB)
     lowmem  : 0xc0000000 - 0xef800000   ( 760 MB)
     pkmap   : 0xbfe00000 - 0xc0000000   (   2 MB)
-      .text : 0xc0008000 - 0xc06482cc   (6401 kB)
+      .text : 0xc0008000 - 0xc06482e4   (6401 kB)
       .init : 0xc0649000 - 0xc06bfb40   ( 475 kB)
       .data : 0xc06c0000 - 0xc0753500   ( 590 kB)
        .bss : 0xc0753508 - 0xc079a80c   ( 285 kB)
@@ -105,7 +105,7 @@
 /cpus/cpu@2 missing clock-frequency property
 /cpus/cpu@3 missing clock-frequency property
 CPU0: thread -1, cpu 0, socket 0, mpidr 80000000
-Setting up static identity map for 0x804b6a18 - 0x804b6ab0
+Setting up static identity map for 0x804b6d78 - 0x804b6e10
 unable to find compatible sirf rstc node in dtb
 CPU1: Booted secondary processor
 CPU1: thread -1, cpu 1, socket 0, mpidr 80000001
@@ -241,6 +241,7 @@
 mmcblk0boot0: mmc1:0001 SEM32G partition 1 4.00 MiB
 mmcblk0boot1: mmc1:0001 SEM32G partition 2 4.00 MiB
 mmcblk0rpmb: mmc1:0001 SEM32G partition 3 4.00 MiB
+tegra_rtc 7000e000.rtc: setting system clock to 1970-01-01 00:00:14 UTC (14)
 Primary GPT is invalid, using alternate GPT.
  mmcblk0: p1 p2 p3 p4 p5
  mmcblk0boot1: unknown partition table
@@ -259,7 +260,7 @@
 platform 5.regulator: Driver reg-fixed-voltage requests probe deferral
 platform 6.regulator: Driver reg-fixed-voltage requests probe deferral
 platform 7d008000.usb: Driver tegra-ehci requests probe deferral
-tegra_rtc 7000e000.rtc: setting system clock to 1970-01-01 00:00:14 UTC (14)
+platform 7d008000.usb-phy: Driver tegra-phy requests probe deferral
 EXT4-fs (mmcblk0p1): mounting ext3 file system using the ext4 subsystem
 EXT4-fs (mmcblk0p1): recovery complete
 EXT4-fs (mmcblk0p1): mounted filesystem with ordered data mode. Opts: (null)
