Diff for ./tegra114-dalmore-a04/tegra114-dalmore/multi_v7_defconfig_log.txt
--- /tmp/fooa	2014-06-02 17:39:16.625382228 -0700
+++ /tmp/foob	2014-06-02 17:39:16.629382404 -0700
@@ -35,21 +35,21 @@
 	 #################################################################
 	 #################################################################
 	 #################################################################
-	 ###########################################################
+	 ############################################################
 	 3.4 MiB/s
 done
-Bytes transferred = 4682328 (477258 hex)
+Bytes transferred = 4683456 (4776c0 hex)
 Tegra114 (Dalmore) # tftpboot 0x82000000 tegra114-dalmore.dtb
 Using asx0 device
 TFTP from server 192.168.100.1; our IP address is 192.168.100.100
 Filename 'tegra114-dalmore.dtb'.
 Load address: 0x82000000
 Loading: *###
-	 2.7 MiB/s
+	 3.2 MiB/s
 done
 Bytes transferred = 33963 (84ab hex)
 Tegra114 (Dalmore) # bootz 0x81000000 - 0x82000000
-Kernel image @ 0x81000000 [ 0x000000 - 0x477258 ]
+Kernel image @ 0x81000000 [ 0x000000 - 0x4776c0 ]
 ## Flattened Device Tree blob at 82000000
    Booting using the fdt blob at 0x82000000
    Loading Device Tree to 8fff4000, end 8ffff4aa ... OK
@@ -57,7 +57,7 @@
 Starting kernel ...
 
 Booting Linux on physical CPU 0x0
-Linux version 3.15.0-rc6-65483-g4b660a7 (pwalmsley@kaivo) (gcc version 4.7.3 20130328 (prerelease) (crosstool-NG linaro-1.13.1-4.7-2013.04-20130415 - Linaro GCC 2013.04) ) #1 SMP Mon Jun 2 17:26:53 PDT 2014
+Linux version 3.15.0-rc7-65697-gc720816 (pwalmsley@kaivo) (gcc version 4.7.3 20130328 (prerelease) (crosstool-NG linaro-1.13.1-4.7-2013.04-20130415 - Linaro GCC 2013.04) ) #1 SMP Mon Jun 2 17:34:13 PDT 2014
 CPU: ARMv7 Processor [412fc0f2] revision 2 (ARMv7), cr=10c5387d
 CPU: PIPT / VIPT nonaliasing data cache, PIPT instruction cache
 Machine model: NVIDIA Tegra114 Dalmore evaluation board
@@ -65,7 +65,7 @@
 cma: CMA: reserved 64 MiB at ab800000
 Memory policy: Data cache writealloc
 On node 0 totalpages: 524032
-free_area_init_node: node 0, pgdat c0b9fb40, node_mem_map ea7d9000
+free_area_init_node: node 0, pgdat c0ba1bc0, node_mem_map ea7d9000
   DMA zone: 1520 pages used for memmap
   DMA zone: 0 pages reserved
   DMA zone: 194560 pages, LIFO batch:31
@@ -80,7 +80,7 @@
 PID hash table entries: 4096 (order: 2, 16384 bytes)
 Dentry cache hash table entries: 131072 (order: 7, 524288 bytes)
 Inode-cache hash table entries: 65536 (order: 6, 262144 bytes)
-Memory: 2002840K/2096128K available (6055K kernel code, 797K rwdata, 2428K rodata, 548K init, 290K bss, 93288K reserved, 1317888K highmem)
+Memory: 2002832K/2096128K available (6059K kernel code, 798K rwdata, 2432K rodata, 548K init, 290K bss, 93296K reserved, 1317888K highmem)
 Virtual kernel memory layout:
     vector  : 0xffff0000 - 0xffff1000   (   4 kB)
     fixmap  : 0xfff00000 - 0xfffe0000   ( 896 kB)
@@ -88,10 +88,10 @@
     lowmem  : 0xc0000000 - 0xef800000   ( 760 MB)
     pkmap   : 0xbfe00000 - 0xc0000000   (   2 MB)
     modules : 0xbf000000 - 0xbfe00000   (  14 MB)
-      .text : 0xc0208000 - 0xc0a50e00   (8484 kB)
-      .init : 0xc0a51000 - 0xc0ada000   ( 548 kB)
-      .data : 0xc0ada000 - 0xc0ba17e0   ( 798 kB)
-       .bss : 0xc0ba17e8 - 0xc0bea0a0   ( 291 kB)
+      .text : 0xc0208000 - 0xc0a52e30   (8492 kB)
+      .init : 0xc0a53000 - 0xc0adc000   ( 548 kB)
+      .data : 0xc0adc000 - 0xc0ba3860   ( 799 kB)
+       .bss : 0xc0ba3868 - 0xc0bec090   ( 291 kB)
 SLUB: HWalign=64, Order=0-3, MinObjects=0, CPUs=4, Nodes=1
 Hierarchical RCU implementation.
 NR_IRQS:16 nr_irqs:16 16
@@ -110,7 +110,7 @@
 /cpus/cpu@2 missing clock-frequency property
 /cpus/cpu@3 missing clock-frequency property
 CPU0: thread -1, cpu 0, socket 0, mpidr 80000000
-Setting up static identity map for 0x807b8d08 - 0x807b8da0
+Setting up static identity map for 0x807b9490 - 0x807b9528
 CPU1: Booted secondary processor
 CPU1: thread -1, cpu 1, socket 0, mpidr 80000001
 CPU2: Booted secondary processor
@@ -354,7 +354,7 @@
 hub 1-0:1.0: USB hub found
 hub 1-0:1.0: 1 port detected
 input: gpio-keys.3 as /devices/soc0/gpio-keys.3/input/input1
-palmas-rtc rtc.8: setting system clock to 2000-01-01 01:49:10 UTC (946691350)
+palmas-rtc rtc.8: setting system clock to 2000-01-01 01:56:32 UTC (946691792)
 ALSA device list:
   #0: NVIDIA Tegra Dalmore
 EXT4-fs (mmcblk0p1): mounting ext3 file system using the ext4 subsystem
@@ -362,7 +362,7 @@
 EXT4-fs (mmcblk0p1): mounted filesystem with ordered data mode. Opts: (null)
 VFS: Mounted root (ext3 filesystem) on device 179:1.
 devtmpfs: mounted
-Freeing unused kernel memory: 548K (c0a51000 - c0ada000)
+Freeing unused kernel memory: 548K (c0a53000 - c0adc000)
 bash: cannot set terminal process group (-1): Inappropriate ioctl for device
 bash: no job control in this shell
 usb 1-1: new high-speed USB device number 2 using tegra-ehci
Diff for ./tegra114-dalmore-a04/tegra114-dalmore/tegra_defconfig_log.txt
--- /tmp/fooa	2014-06-02 17:39:16.637383011 -0700
+++ /tmp/foob	2014-06-02 17:39:16.637383011 -0700
@@ -38,18 +38,18 @@
 	 ####################################
 	 3.5 MiB/s
 done
-Bytes transferred = 4338464 (423320 hex)
+Bytes transferred = 4338840 (423498 hex)
 Tegra114 (Dalmore) # tftpboot 0x82000000 tegra114-dalmore.dtb
 Using asx0 device
 TFTP from server 192.168.100.1; our IP address is 192.168.100.100
 Filename 'tegra114-dalmore.dtb'.
 Load address: 0x82000000
 Loading: *###
-	 2.9 MiB/s
+	 2.7 MiB/s
 done
 Bytes transferred = 33963 (84ab hex)
 Tegra114 (Dalmore) # bootz 0x81000000 - 0x82000000
-Kernel image @ 0x81000000 [ 0x000000 - 0x423320 ]
+Kernel image @ 0x81000000 [ 0x000000 - 0x423498 ]
 ## Flattened Device Tree blob at 82000000
    Booting using the fdt blob at 0x82000000
    Loading Device Tree to 8fff4000, end 8ffff4aa ... OK
@@ -60,7 +60,7 @@
 Booting Linux on physical CPU 0x0
 Initializing cgroup subsys cpu
 Initializing cgroup subsys cpuacct
-Linux version 3.15.0-rc6-65483-g4b660a7 (pwalmsley@tamien) (gcc version 4.7.3 20130328 (prerelease) (crosstool-NG linaro-1.13.1-4.7-2013.04-20130415 - Linaro GCC 2013.04) ) #1 SMP PREEMPT Mon Jun 2 17:27:26 PDT 2014
+Linux version 3.15.0-rc7-65697-gc720816 (pwalmsley@tamien) (gcc version 4.7.3 20130328 (prerelease) (crosstool-NG linaro-1.13.1-4.7-2013.04-20130415 - Linaro GCC 2013.04) ) #1 SMP PREEMPT Mon Jun 2 17:34:44 PDT 2014
 CPU: ARMv7 Processor [412fc0f2] revision 2 (ARMv7), cr=10c5387d
 CPU: PIPT / VIPT nonaliasing data cache, PIPT instruction cache
 Machine model: NVIDIA Tegra114 Dalmore evaluation board
@@ -68,7 +68,7 @@
 cma: CMA: reserved 64 MiB at ab800000
 Memory policy: Data cache writealloc
 On node 0 totalpages: 524032
-free_area_init_node: node 0, pgdat c0851500, node_mem_map ea7d8000
+free_area_init_node: node 0, pgdat c0851540, node_mem_map ea7d8000
   Normal zone: 1520 pages used for memmap
   Normal zone: 0 pages reserved
   Normal zone: 194560 pages, LIFO batch:31
@@ -83,7 +83,7 @@
 PID hash table entries: 4096 (order: 2, 16384 bytes)
 Dentry cache hash table entries: 131072 (order: 7, 524288 bytes)
 Inode-cache hash table entries: 65536 (order: 6, 262144 bytes)
-Memory: 2004104K/2096128K available (5916K kernel code, 331K rwdata, 1972K rodata, 260K init, 345K bss, 92024K reserved, 1317888K highmem)
+Memory: 2004104K/2096128K available (5920K kernel code, 331K rwdata, 1972K rodata, 260K init, 345K bss, 92024K reserved, 1317888K highmem)
 Virtual kernel memory layout:
     vector  : 0xffff0000 - 0xffff1000   (   4 kB)
     fixmap  : 0xfff00000 - 0xfffe0000   ( 896 kB)
@@ -91,10 +91,10 @@
     lowmem  : 0xc0000000 - 0xef800000   ( 760 MB)
     pkmap   : 0xbfe00000 - 0xc0000000   (   2 MB)
     modules : 0xbf000000 - 0xbfe00000   (  14 MB)
-      .text : 0xc0008000 - 0xc07bc4c8   (7890 kB)
-      .init : 0xc07bd000 - 0xc07fe3c0   ( 261 kB)
-      .data : 0xc0800000 - 0xc0852d40   ( 332 kB)
-       .bss : 0xc0852d4c - 0xc08a9290   ( 346 kB)
+      .text : 0xc0008000 - 0xc07bd4e0   (7894 kB)
+      .init : 0xc07be000 - 0xc07ff3c0   ( 261 kB)
+      .data : 0xc0800000 - 0xc0852d80   ( 332 kB)
+       .bss : 0xc0852d8c - 0xc08a91c8   ( 346 kB)
 Preemptible hierarchical RCU implementation.
 NR_IRQS:16 nr_irqs:16 16
 sched_clock: 32 bits at 1000kHz, resolution 1000ns, wraps every 2147483648000ns
@@ -114,7 +114,7 @@
 /cpus/cpu@2 missing clock-frequency property
 /cpus/cpu@3 missing clock-frequency property
 CPU0: thread -1, cpu 0, socket 0, mpidr 80000000
-Setting up static identity map for 0x8059ba58 - 0x8059baf0
+Setting up static identity map for 0x8059c520 - 0x8059c5b8
 CPU1: Booted secondary processor
 CPU1: thread -1, cpu 1, socket 0, mpidr 80000001
 CPU2: Booted secondary processor
@@ -355,7 +355,7 @@
 hub 1-0:1.0: USB hub found
 hub 1-0:1.0: 1 port detected
 input: gpio-keys.3 as /devices/soc0/gpio-keys.3/input/input1
-palmas-rtc rtc.8: setting system clock to 2000-01-01 01:49:40 UTC (946691380)
+palmas-rtc rtc.8: setting system clock to 2000-01-01 01:56:57 UTC (946691817)
 ALSA device list:
   #0: NVIDIA Tegra Dalmore
 kjournald starting.  Commit interval 5 seconds
@@ -364,7 +364,7 @@
 EXT3-fs (mmcblk0p1): mounted filesystem with writeback data mode
 VFS: Mounted root (ext3 filesystem) on device 179:1.
 devtmpfs: mounted
-Freeing unused kernel memory: 260K (c07bd000 - c07fe000)
+Freeing unused kernel memory: 260K (c07be000 - c07ff000)
 bash: cannot set terminal process group (-1): Inappropriate ioctl for device
 bash: no job control in this shell
-root@(none):/# [    2.850043] usb 1-1: new high-speed USB device number 2 using tegra-ehci
+root@(none):/# [    2.850032] usb 1-1: new high-speed USB device number 2 using tegra-ehci
Diff for ./tegra30-beaver/tegra30-beaver/multi_v7_defconfig_log.txt
--- /tmp/fooa	2014-06-02 17:39:16.645383189 -0700
+++ /tmp/foob	2014-06-02 17:39:16.649383172 -0700
@@ -35,10 +35,10 @@
 	 #################################################################
 	 #################################################################
 	 #################################################################
-	 ###########################################################
-	 3.3 MiB/s
+	 ############################################################
+	 3.4 MiB/s
 done
-Bytes transferred = 4682328 (477258 hex)
+Bytes transferred = 4683456 (4776c0 hex)
 Tegra30 (Beaver) # tftpboot 0x82000000 tegra30-beaver.dtb
 Using asx0 device
 TFTP from server 192.168.100.1; our IP address is 192.168.100.101
@@ -49,7 +49,7 @@
 done
 Bytes transferred = 23973 (5da5 hex)
 Tegra30 (Beaver) # bootz 0x81000000 - 0x82000000
-Kernel image @ 0x81000000 [ 0x000000 - 0x477258 ]
+Kernel image @ 0x81000000 [ 0x000000 - 0x4776c0 ]
 ## Flattened Device Tree blob at 82000000
    Booting using the fdt blob at 0x82000000
    Loading Device Tree to 8fff7000, end 8ffffda4 ... OK
@@ -57,7 +57,7 @@
 Starting kernel ...
 
 Booting Linux on physical CPU 0x0
-Linux version 3.15.0-rc6-65483-g4b660a7 (pwalmsley@kaivo) (gcc version 4.7.3 20130328 (prerelease) (crosstool-NG linaro-1.13.1-4.7-2013.04-20130415 - Linaro GCC 2013.04) ) #1 SMP Mon Jun 2 17:26:53 PDT 2014
+Linux version 3.15.0-rc7-65697-gc720816 (pwalmsley@kaivo) (gcc version 4.7.3 20130328 (prerelease) (crosstool-NG linaro-1.13.1-4.7-2013.04-20130415 - Linaro GCC 2013.04) ) #1 SMP Mon Jun 2 17:34:13 PDT 2014
 CPU: ARMv7 Processor [412fc099] revision 9 (ARMv7), cr=10c5387d
 CPU: PIPT / VIPT nonaliasing data cache, VIPT aliasing instruction cache
 Machine model: NVIDIA Tegra30 Beaver evaluation board
@@ -65,7 +65,7 @@
 cma: CMA: reserved 64 MiB at ab800000
 Memory policy: Data cache writealloc
 On node 0 totalpages: 524032
-free_area_init_node: node 0, pgdat c0b9fb40, node_mem_map ea7d9000
+free_area_init_node: node 0, pgdat c0ba1bc0, node_mem_map ea7d9000
   DMA zone: 1520 pages used for memmap
   DMA zone: 0 pages reserved
   DMA zone: 194560 pages, LIFO batch:31
@@ -84,7 +84,7 @@
 PID hash table entries: 4096 (order: 2, 16384 bytes)
 Dentry cache hash table entries: 131072 (order: 7, 524288 bytes)
 Inode-cache hash table entries: 65536 (order: 6, 262144 bytes)
-Memory: 2002892K/2096128K available (6055K kernel code, 797K rwdata, 2428K rodata, 548K init, 290K bss, 93236K reserved, 1317888K highmem)
+Memory: 2002884K/2096128K available (6059K kernel code, 798K rwdata, 2432K rodata, 548K init, 290K bss, 93244K reserved, 1317888K highmem)
 Virtual kernel memory layout:
     vector  : 0xffff0000 - 0xffff1000   (   4 kB)
     fixmap  : 0xfff00000 - 0xfffe0000   ( 896 kB)
@@ -92,10 +92,10 @@
     lowmem  : 0xc0000000 - 0xef800000   ( 760 MB)
     pkmap   : 0xbfe00000 - 0xc0000000   (   2 MB)
     modules : 0xbf000000 - 0xbfe00000   (  14 MB)
-      .text : 0xc0208000 - 0xc0a50e00   (8484 kB)
-      .init : 0xc0a51000 - 0xc0ada000   ( 548 kB)
-      .data : 0xc0ada000 - 0xc0ba17e0   ( 798 kB)
-       .bss : 0xc0ba17e8 - 0xc0bea0a0   ( 291 kB)
+      .text : 0xc0208000 - 0xc0a52e30   (8492 kB)
+      .init : 0xc0a53000 - 0xc0adc000   ( 548 kB)
+      .data : 0xc0adc000 - 0xc0ba3860   ( 799 kB)
+       .bss : 0xc0ba3868 - 0xc0bec090   ( 291 kB)
 SLUB: HWalign=64, Order=0-3, MinObjects=0, CPUs=4, Nodes=1
 Hierarchical RCU implementation.
 NR_IRQS:16 nr_irqs:16 16
@@ -107,7 +107,7 @@
 Mountpoint-cache hash table entries: 2048 (order: 1, 8192 bytes)
 CPU: Testing write buffer coherency: ok
 CPU0: thread -1, cpu 0, socket 0, mpidr 80000000
-Setting up static identity map for 0x807b8d08 - 0x807b8da0
+Setting up static identity map for 0x807b9490 - 0x807b9528
 CPU1: Booted secondary processor
 CPU1: thread -1, cpu 1, socket 0, mpidr 80000001
 CPU2: Booted secondary processor
@@ -365,8 +365,8 @@
 EXT4-fs (mmcblk0p1): mounted filesystem with ordered data mode. Opts: (null)
 VFS: Mounted root (ext3 filesystem) on device 179:1.
 devtmpfs: mounted
-Freeing unused kernel memory: 548K (c0a51000 - c0ada000)
+Freeing unused kernel memory: 548K (c0a53000 - c0adc000)
 usb 2-1: new high-speed USB device number 2 using tegra-ehci
 bash: cannot set terminal process group (-1): Inappropriate ioctl for device
 bash: no job control in this shell
-root@(none):/# [    4.714450] asix 2-1:1.0 eth1: register 'asix' at usb-7d008000.usb-1, ASIX AX88772 USB 2.0 Ethernet, 00:50:b6:0f:68:6d
+root@(none):/# [    4.704399] asix 2-1:1.0 eth1: register 'asix' at usb-7d008000.usb-1, ASIX AX88772 USB 2.0 Ethernet, 00:50:b6:0f:68:6d
Diff for ./tegra30-beaver/tegra30-beaver/tegra_defconfig_log.txt
--- /tmp/fooa	2014-06-02 17:39:16.653383059 -0700
+++ /tmp/foob	2014-06-02 17:39:16.657382957 -0700
@@ -36,9 +36,9 @@
 	 #################################################################
 	 #################################################################
 	 ####################################
-	 3 MiB/s
+	 3.5 MiB/s
 done
-Bytes transferred = 4338464 (423320 hex)
+Bytes transferred = 4338840 (423498 hex)
 Tegra30 (Beaver) # tftpboot 0x82000000 tegra30-beaver.dtb
 Using asx0 device
 TFTP from server 192.168.100.1; our IP address is 192.168.100.101
@@ -49,7 +49,7 @@
 done
 Bytes transferred = 23973 (5da5 hex)
 Tegra30 (Beaver) # bootz 0x81000000 - 0x82000000
-Kernel image @ 0x81000000 [ 0x000000 - 0x423320 ]
+Kernel image @ 0x81000000 [ 0x000000 - 0x423498 ]
 ## Flattened Device Tree blob at 82000000
    Booting using the fdt blob at 0x82000000
    Loading Device Tree to 8fff7000, end 8ffffda4 ... OK
@@ -60,7 +60,7 @@
 Booting Linux on physical CPU 0x0
 Initializing cgroup subsys cpu
 Initializing cgroup subsys cpuacct
-Linux version 3.15.0-rc6-65483-g4b660a7 (pwalmsley@tamien) (gcc version 4.7.3 20130328 (prerelease) (crosstool-NG linaro-1.13.1-4.7-2013.04-20130415 - Linaro GCC 2013.04) ) #1 SMP PREEMPT Mon Jun 2 17:27:26 PDT 2014
+Linux version 3.15.0-rc7-65697-gc720816 (pwalmsley@tamien) (gcc version 4.7.3 20130328 (prerelease) (crosstool-NG linaro-1.13.1-4.7-2013.04-20130415 - Linaro GCC 2013.04) ) #1 SMP PREEMPT Mon Jun 2 17:34:44 PDT 2014
 CPU: ARMv7 Processor [412fc099] revision 9 (ARMv7), cr=10c5387d
 CPU: PIPT / VIPT nonaliasing data cache, VIPT aliasing instruction cache
 Machine model: NVIDIA Tegra30 Beaver evaluation board
@@ -68,7 +68,7 @@
 cma: CMA: reserved 64 MiB at ab800000
 Memory policy: Data cache writealloc
 On node 0 totalpages: 524032
-free_area_init_node: node 0, pgdat c0851500, node_mem_map ea7d8000
+free_area_init_node: node 0, pgdat c0851540, node_mem_map ea7d8000
   Normal zone: 1520 pages used for memmap
   Normal zone: 0 pages reserved
   Normal zone: 194560 pages, LIFO batch:31
@@ -87,7 +87,7 @@
 PID hash table entries: 4096 (order: 2, 16384 bytes)
 Dentry cache hash table entries: 131072 (order: 7, 524288 bytes)
 Inode-cache hash table entries: 65536 (order: 6, 262144 bytes)
-Memory: 2004156K/2096128K available (5916K kernel code, 331K rwdata, 1972K rodata, 260K init, 345K bss, 91972K reserved, 1317888K highmem)
+Memory: 2004156K/2096128K available (5920K kernel code, 331K rwdata, 1972K rodata, 260K init, 345K bss, 91972K reserved, 1317888K highmem)
 Virtual kernel memory layout:
     vector  : 0xffff0000 - 0xffff1000   (   4 kB)
     fixmap  : 0xfff00000 - 0xfffe0000   ( 896 kB)
@@ -95,10 +95,10 @@
     lowmem  : 0xc0000000 - 0xef800000   ( 760 MB)
     pkmap   : 0xbfe00000 - 0xc0000000   (   2 MB)
     modules : 0xbf000000 - 0xbfe00000   (  14 MB)
-      .text : 0xc0008000 - 0xc07bc4c8   (7890 kB)
-      .init : 0xc07bd000 - 0xc07fe3c0   ( 261 kB)
-      .data : 0xc0800000 - 0xc0852d40   ( 332 kB)
-       .bss : 0xc0852d4c - 0xc08a9290   ( 346 kB)
+      .text : 0xc0008000 - 0xc07bd4e0   (7894 kB)
+      .init : 0xc07be000 - 0xc07ff3c0   ( 261 kB)
+      .data : 0xc0800000 - 0xc0852d80   ( 332 kB)
+       .bss : 0xc0852d8c - 0xc08a91c8   ( 346 kB)
 Preemptible hierarchical RCU implementation.
 NR_IRQS:16 nr_irqs:16 16
 sched_clock: 32 bits at 1000kHz, resolution 1000ns, wraps every 2147483648000ns
@@ -111,7 +111,7 @@
 Initializing cgroup subsys freezer
 CPU: Testing write buffer coherency: ok
 CPU0: thread -1, cpu 0, socket 0, mpidr 80000000
-Setting up static identity map for 0x8059ba58 - 0x8059baf0
+Setting up static identity map for 0x8059c520 - 0x8059c5b8
 CPU1: Booted secondary processor
 CPU1: thread -1, cpu 1, socket 0, mpidr 80000001
 CPU2: Booted secondary processor
@@ -371,8 +371,8 @@
 EXT3-fs (mmcblk0p1): mounted filesystem with writeback data mode
 VFS: Mounted root (ext3 filesystem) on device 179:1.
 devtmpfs: mounted
-Freeing unused kernel memory: 260K (c07bd000 - c07fe000)
+Freeing unused kernel memory: 260K (c07be000 - c07ff000)
 usb 2-1: new high-speed USB device number 2 using tegra-ehci
 bash: cannot set terminal process group (-1): Inappropriate ioctl for device
 bash: no job control in this shell
-root@(none):/# [    4.938960] asix 2-1:1.0 eth1: register 'asix' at usb-7d008000.usb-1, ASIX AX88772 USB 2.0 Ethernet, 00:50:b6:0f:68:6d
+root@(none):/# [    4.938866] asix 2-1:1.0 eth1: register 'asix' at usb-7d008000.usb-1, ASIX AX88772 USB 2.0 Ethernet, 00:50:b6:0f:68:6d
