

U-Boot 2011.03 (Jun 11 2013 - 06:07:37)

T114
Board: NVIDIA Dalmore
DRAM:  2 GiB
MMC:   Tegra2 SD/MMC: 0, Tegra2 SD/MMC: 1
In:    serial
Out:   serial
Err:   serial
Net:   Net Initialization Skipped
No ethernet found.
Hit any key to stop autoboot:  2  1  0 
Dalmore #
Dalmore #usb reset
(Re)start USB...
USB:   Register 10011 NbrPorts 1
USB EHCI 1.10
scanning bus for devices... 2 USB Device(s) found
       scanning bus for storage devices... 0 Storage Device(s) found
       scanning bus for ethernet devices... 1 Ethernet Device(s) found
Dalmore #setenv bootargs 'ignore_loglevel console=ttyS0,115200n8 rw root=/dev/mmcblk0p1 rootwait gpt init=/bin/bash'
Dalmore #setenv ipaddr 192.168.100.100; setenv serverip 192.168.100.1; setenv tftpserverip 192.168.100.1
Dalmore #tftpboot 0x81000000 zImage.tegra_defconfig
Waiting for Ethernet connection... done.
Using asx0 device
TFTP from server 192.168.100.1; our IP address is 192.168.100.100
Filename 'zImage.tegra_defconfig'.
Load address: 0x81000000
Loading: *#################################################  2.8 MiB/s
done
Bytes transferred = 4327904 (4209e0 hex)
Dalmore #tftpboot 0x82000000 tegra114-dalmore.dtb
Using asx0 device
TFTP from server 192.168.100.1; our IP address is 192.168.100.100
Filename 'tegra114-dalmore.dtb'.
Load address: 0x82000000
Loading: *#################################################  2.5 MiB/s
done
Bytes transferred = 24048 (5df0 hex)
Dalmore #bootz 0x81000000 - 0x82000000
## Flattened Device Tree blob at 82000000
   Booting using the fdt blob at 0x82000000
   Loading Device Tree to 81ff7000, end 81fffdef ... OK

Starting kernel ...

Timer summary in microseconds:
       Mark    Elapsed  Stage
          0          0  awake
  3,040,242  3,040,242  usb_start
  7,043,294  4,003,052  eth_start
  7,043,291         -3  tftp start
 10,957,490  3,914,199  tftp done
 13,055,358  2,097,868  start_kernel
[    0.000000] Booting Linux on physical CPU 0x0
[    0.000000] Initializing cgroup subsys cpu
[    0.000000] Initializing cgroup subsys cpuacct
[    0.000000] Linux version 3.11.0-rc6-12195-gb36f4be (pwalmsley@tamien) (gcc version 4.5.1 (Sourcery G++ Lite 2010.09-50) ) #1 SMP PREEMPT Sun Aug 18 15:04:10 PDT 2013
[    0.000000] CPU: ARMv7 Processor [412fc0f2] revision 2 (ARMv7), cr=10c5387d
[    0.000000] CPU: PIPT / VIPT nonaliasing data cache, PIPT instruction cache
[    0.000000] Machine: NVIDIA Tegra SoC (Flattened Device Tree), model: NVIDIA Tegra114 Dalmore evaluation board
[    0.000000] debug: ignoring loglevel setting.
[    0.000000] cma: CMA: reserved 16 MiB at ae800000
[    0.000000] Memory policy: ECC disabled, Data cache writealloc
[    0.000000] On node 0 totalpages: 524032
[    0.000000] free_area_init_node: node 0, pgdat c0801780, node_mem_map c0859000
[    0.000000]   Normal zone: 1520 pages used for memmap
[    0.000000]   Normal zone: 0 pages reserved
[    0.000000]   Normal zone: 194560 pages, LIFO batch:31
[    0.000000]   HighMem zone: 2574 pages used for memmap
[    0.000000]   HighMem zone: 329472 pages, LIFO batch:31
[    0.000000] Tegra Revision: A01 SKU: 0 CPU Process: 1 Core Process: 1
[    0.000000] PERCPU: Embedded 8 pages/cpu @c186e000 s9472 r8192 d15104 u32768
[    0.000000] pcpu-alloc: s9472 r8192 d15104 u32768 alloc=8*4096
[    0.000000] pcpu-alloc: [0] 0 [0] 1 [0] 2 [0] 3 
[    0.000000] Built 1 zonelists in Zone order, mobility grouping on.  Total pages: 522512
[    0.000000] Kernel command line: ignore_loglevel console=ttyS0,115200n8 rw root=/dev/mmcblk0p1 rootwait gpt init=/bin/bash
[    0.000000] PID hash table entries: 4096 (order: 2, 16384 bytes)
[    0.000000] Dentry cache hash table entries: 131072 (order: 7, 524288 bytes)
[    0.000000] Inode-cache hash table entries: 65536 (order: 6, 262144 bytes)
[    0.000000] Memory: 2053728K/2096128K available (5878K kernel code, 299K rwdata, 1748K rodata, 237K init, 342K bss, 42400K reserved, 1317888K highmem)
[    0.000000] Virtual kernel memory layout:
[    0.000000]     vector  : 0xffff0000 - 0xffff1000   (   4 kB)
[    0.000000]     fixmap  : 0xfff00000 - 0xfffe0000   ( 896 kB)
[    0.000000]     vmalloc : 0xf0000000 - 0xff000000   ( 240 MB)
[    0.000000]     lowmem  : 0xc0000000 - 0xef800000   ( 760 MB)
[    0.000000]     pkmap   : 0xbfe00000 - 0xc0000000   (   2 MB)
[    0.000000]     modules : 0xbf000000 - 0xbfe00000   (  14 MB)
[    0.000000]       .text : 0xc0008000 - 0xc077ae7c   (7628 kB)
[    0.000000]       .init : 0xc077b000 - 0xc07b6500   ( 238 kB)
[    0.000000]       .data : 0xc07b8000 - 0xc0802e60   ( 300 kB)
[    0.000000]        .bss : 0xc0802e60 - 0xc08586d0   ( 343 kB)
[    0.000000] Preemptible hierarchical RCU implementation.
[    0.000000] NR_IRQS:16 nr_irqs:16 16
[    0.000000] sched_clock: 32 bits at 1000kHz, resolution 1000ns, wraps every 4294967ms
[    0.000000] Architected local timer running at 12.00MHz (virt).
[    0.000000] Switching to timer-based delay loop
[    0.000000] sched_clock: ARM arch timer >56 bits at 12000kHz, resolution 83ns
[    0.000000] Console: colour dummy device 80x30
[   13.280387] Calibrating delay loop (skipped), value calculated using timer frequency.. 24.00 BogoMIPS (lpj=120000)
[   13.280402] pid_max: default: 32768 minimum: 301
[   13.280851] Mount-cache hash table entries: 512
[   13.296617] Initializing cgroup subsys debug
[   13.296634] Initializing cgroup subsys freezer
[   13.296682] CPU: Testing write buffer coherency: ok
[   13.297013] /cpus/cpu@0 missing clock-frequency property
[   13.297026] /cpus/cpu@1 missing clock-frequency property
[   13.297036] /cpus/cpu@2 missing clock-frequency property
[   13.297045] /cpus/cpu@3 missing clock-frequency property
[   13.297058] CPU0: thread -1, cpu 0, socket 0, mpidr 80000000
[   13.297089] Setting up static identity map for 0xc0597568 - 0xc0597600
[   13.350693] CPU1: Booted secondary processor
[   13.350722] CPU1: thread -1, cpu 1, socket 0, mpidr 80000001
[   13.370614] CPU2: Booted secondary processor
[   13.370639] CPU2: thread -1, cpu 2, socket 0, mpidr 80000002
[   13.390552] CPU3: Booted secondary processor
[   13.390579] CPU3: thread -1, cpu 3, socket 0, mpidr 80000003
[   13.390686] Brought up 4 CPUs
[   13.390715] SMP: Total of 4 processors activated (96.00 BogoMIPS).
[   13.390722] CPU: All CPU(s) started in SVC mode.
[   13.391748] devtmpfs: initialized
[   13.404765] pinctrl core: initialized pinctrl subsystem
[   13.405302] regulator-dummy: no parameters
[   13.406111] NET: Registered protocol family 16
[   13.407835] DMA: preallocated 256 KiB pool for atomic coherent allocations
[   13.419075] No ATAGs?
[   13.419105] hw-breakpoint: found 5 (+1 reserved) breakpoint and 4 watchpoint registers.
[   13.419115] hw-breakpoint: maximum watchpoint size is 8 bytes.
[   13.429916] bio: create slab <bio-0> at 0
[   13.431197] vdd_ac_bat: 5000 mV 
[   13.431498] dvdd_ts: Failed to request enable GPIO61: -517
[   13.431661] reg-fixed-voltage 1.regulator: Failed to register regulator: -517
[   13.431684] platform 1.regulator: Driver reg-fixed-voltage requests probe deferral
[   13.431878] lcd_bl_en: Failed to request enable GPIO58: -517
[   13.432023] reg-fixed-voltage 2.regulator: Failed to register regulator: -517
[   13.432044] platform 2.regulator: Driver reg-fixed-voltage requests probe deferral
[   13.432238] usb1_vbus: Failed to request enable GPIO108: -517
[   13.432381] reg-fixed-voltage 3.regulator: Failed to register regulator: -517
[   13.432403] platform 3.regulator: Driver reg-fixed-voltage requests probe deferral
[   13.432593] usb2_vbus: Failed to request enable GPIO86: -517
[   13.432736] reg-fixed-voltage 4.regulator: Failed to register regulator: -517
[   13.432757] platform 4.regulator: Driver reg-fixed-voltage requests probe deferral
[   13.432948] vdd_hdmi_5v0: Failed to request enable GPIO81: -517
[   13.433090] reg-fixed-voltage 5.regulator: Failed to register regulator: -517
[   13.433111] platform 5.regulator: Driver reg-fixed-voltage requests probe deferral
[   13.434206] vgaarb: loaded
[   13.435304] SCSI subsystem initialized
[   13.435682] usbcore: registered new interface driver usbfs
[   13.435793] usbcore: registered new interface driver hub
[   13.435939] usbcore: registered new device driver usb
[   13.439807] vdd-cpu: 500 <--> 1520 mV at 1100 mV 
[   13.440459] tps65090 1-0048: No cache defaults, reading back from HW
[   13.446824] vdd-sys-5v0: no parameters
[   13.446878] vdd-sys-5v0: supplied by vdd_ac_bat
[   13.448320] vdd-sys-3v3: no parameters
[   13.448356] vdd-sys-3v3: supplied by vdd_ac_bat
[   13.449810] vdd-ao: no parameters
[   13.449846] vdd-ao: supplied by vdd_ac_bat
[   13.450113] vdd-lcd-bl: no parameters
[   13.450149] vdd-lcd-bl: supplied by vdd_ac_bat
[   13.450407] TPS65090_RAILSFET2: no parameters
[   13.450442] TPS65090_RAILSFET2: supplied by vdd_ac_bat
[   13.450692] vdd-modem-3v3: no parameters
[   13.450725] vdd-modem-3v3: supplied by vdd-sys-3v3
[   13.450982] avdd-lcd: no parameters
[   13.451015] avdd-lcd: supplied by vdd-sys-3v3
[   13.451274] vdd-lvds: no parameters
[   13.451308] vdd-lvds: supplied by vdd-sys-3v3
[   13.451562] vdd-sd-slot: no parameters
[   13.451595] vdd-sd-slot: supplied by vdd-sys-3v3
[   13.451867] vdd-com-3v3: no parameters
[   13.451900] vdd-com-3v3: supplied by vdd-sys-3v3
[   13.452150] vdd-sby-5v0: no parameters
[   13.452181] vdd-sby-5v0: supplied by vdd_ac_bat
[   13.452438] vdd-sby-3v3: no parameters
[   13.452469] vdd-sby-3v3: supplied by vdd_ac_bat
[   13.452918] Linux video capture interface: v2.00
[   13.453613] platform 7000f010.iommu: Driver tegra-smmu requests probe deferral
[   13.453911] Advanced Linux Sound Architecture Driver Initialized.
[   13.454671] Bluetooth: Core ver 2.16
[   13.454745] NET: Registered protocol family 31
[   13.454753] Bluetooth: HCI device and connection manager initialized
[   13.454778] Bluetooth: HCI socket layer initialized
[   13.454800] Bluetooth: L2CAP socket layer initialized
[   13.454847] Bluetooth: SCO socket layer initialized
[   13.455473] cfg80211: Calling CRDA to update world regulatory domain
[   13.456591] Switched to clocksource arch_sys_counter
[   13.470753] NET: Registered protocol family 2
[   13.471647] TCP established hash table entries: 8192 (order: 4, 65536 bytes)
[   13.471856] TCP bind hash table entries: 8192 (order: 4, 65536 bytes)
[   13.472032] TCP: Hash tables configured (established 8192 bind 8192)
[   13.472476] TCP: reno registered
[   13.472492] UDP hash table entries: 512 (order: 2, 16384 bytes)
[   13.472535] UDP-Lite hash table entries: 512 (order: 2, 16384 bytes)
[   13.472942] NET: Registered protocol family 1
[   13.473666] RPC: Registered named UNIX socket transport module.
[   13.473677] RPC: Registered udp transport module.
[   13.473684] RPC: Registered tcp transport module.
[   13.473691] RPC: Registered tcp NFSv4.1 backchannel transport module.
[   13.473702] PCI: CLS 0 bytes, default 64
[   13.477435] bounce pool size: 64 pages
[   13.479109] squashfs: version 4.0 (2009/01/31) Phillip Lougher
[   13.481338] io scheduler noop registered (default)
[   13.492651] tegra-apbdma 6000a000.dma: Tegra20 APB DMA driver register 32 channels
[   13.493138] Serial: 8250/16550 driver, 4 ports, IRQ sharing disabled
[   13.495141] 70006300.serial: ttyS0 at MMIO 0x70006300 (irq = 122) is a Tegra
[   14.324866] console [ttyS0] enabled
[   14.329163] [drm] Initialized drm 1.1.0 20060810
[   14.339457] loop: module loaded
[   14.345724] m25p80 spi32766.0: w25q32dw (4096 Kbytes)
[   14.352503] pegasus: v0.9.3 (2013/04/25), Pegasus/Pegasus II USB Ethernet driver
[   14.359963] usbcore: registered new interface driver pegasus
[   14.365694] usbcore: registered new interface driver asix
[   14.371126] usbcore: registered new interface driver ax88179_178a
[   14.377270] usbcore: registered new interface driver cdc_ether
[   14.383162] usbcore: registered new interface driver r815x
[   14.388712] usbcore: registered new interface driver smsc75xx
[   14.394535] usbcore: registered new interface driver smsc95xx
[   14.400312] usbcore: registered new interface driver net1080
[   14.406019] usbcore: registered new interface driver cdc_subset
[   14.411966] usbcore: registered new interface driver zaurus
[   14.417628] usbcore: registered new interface driver cdc_ncm
[   14.423311] ehci_hcd: USB 2.0 'Enhanced' Host Controller (EHCI) Driver
[   14.429801] ehci-pci: EHCI PCI platform driver
[   14.434314] tegra-ehci: Tegra EHCI driver
[   14.438507] usbcore: registered new interface driver cdc_acm
[   14.444147] cdc_acm: USB Abstract Control Model driver for USB modems and ISDN adapters
[   14.452172] usbcore: registered new interface driver cdc_wdm
[   14.457900] usbcore: registered new interface driver usb-storage
[   14.464466] mousedev: PS/2 mouse device common for all mice
[   14.471336] tegra_rtc 7000e000.rtc: rtc core: registered 7000e000.rtc as rtc0
[   14.478488] tegra_rtc 7000e000.rtc: Tegra internal Real Time Clock
[   14.486027] sbs-battery 0-000b: sbs_probe: Failed to get device status
[   14.492556] sbs-battery: probe of 0-000b failed with error -121
[   14.502032] cpuidle: using governor ladder
[   14.506126] cpuidle: using governor menu
[   14.510090] sdhci: Secure Digital Host Controller Interface driver
[   14.516248] sdhci: Copyright(c) Pierre Ossman
[   14.520579] sdhci-pltfm: SDHCI platform and OF driver helper
[   14.526646] sdhci-tegra 78000400.sdhci: Got CD GPIO #170.
[   14.533066] mmc0: no vqmmc regulator found
[   14.537143] mmc0: no vmmc regulator found
[   14.541130] mmc0: Invalid maximum block size, assuming 512 bytes
[   14.592052] mmc0: SDHCI controller on 78000400.sdhci [78000400.sdhci] using ADMA
[   14.601604] mmc1: no vqmmc regulator found
[   14.605702] mmc1: no vmmc regulator found
[   14.609688] mmc1: Invalid maximum block size, assuming 512 bytes
[   14.651809] mmc1: SDHCI controller on 78000600.sdhci [78000600.sdhci] using ADMA
[   14.659815] usbcore: registered new interface driver usbhid
[   14.667417] usbhid: USB HID core driver
[   14.783600] mmc1: BKOPS_EN bit is not set
[   14.814017] mmc1: new HS200 MMC card at address 0001
[   14.819572] mmcblk0: mmc1:0001 SEM32G 29.1 GiB 
[   14.824400] mmcblk0boot0: mmc1:0001 SEM32G partition 1 4.00 MiB
[   14.830596] mmcblk0boot1: mmc1:0001 SEM32G partition 2 4.00 MiB
[   14.836762] mmcblk0rpmb: mmc1:0001 SEM32G partition 3 4.00 MiB
[   14.845097] Primary GPT is invalid, using alternate GPT.
[   14.850402]  mmcblk0: p1 p2 p3 p4 p5
[   14.857351]  mmcblk0boot1: unknown partition table
[   14.863826]  mmcblk0boot0: unknown partition table
[   15.119405] rt5640 0-001c: ASoC: mux INR Mux has no paths
[   15.124835] rt5640 0-001c: ASoC: mux INL Mux has no paths
[   15.131818] tegra-snd-rt5640 sound.3:  rt5640-aif1 <-> 70080400.i2s mapping ok
[   15.140380] input: NVIDIA Tegra Dalmore Headphones as /devices/soc0/sound.3/sound/card0/input0
[   15.150503] TCP: cubic registered
[   15.154085] NET: Registered protocol family 10
[   15.159898] mip6: Mobile IPv6
[   15.162853] sit: IPv6 over IPv4 tunneling driver
[   15.169037] NET: Registered protocol family 17
[   15.173519] NET: Registered protocol family 15
[   15.178124] Bluetooth: RFCOMM socket layer initialized
[   15.183254] Bluetooth: RFCOMM ver 1.11
[   15.186982] Bluetooth: BNEP (Ethernet Emulation) ver 1.3
[   15.192301] Bluetooth: BNEP socket layer initialized
[   15.197237] Bluetooth: HIDP (Human Interface Emulation) ver 1.2
[   15.203150] Bluetooth: HIDP socket layer initialized
[   15.208315] VFP support v0.3: implementor 41 architecture 4 part 30 variant f rev 0
[   15.216204] Registering SWP/SWPB emulation handler
[   15.221721] vdd-com-3v3: disabling
[   15.225714] vdd-lvds: disabling
[   15.229432] avdd-lcd: disabling
[   15.233175] vdd-lcd-bl: disabling
[   15.237543] dvdd_ts: 1800 mV 
[   15.240862] lcd_bl_en: 5000 mV 
[   15.244288] usb1_vbus: 5000 mV 
[   15.247460] usb1_vbus: supplied by vdd-sys-5v0
[   15.252255] usb2_vbus: 5000 mV 
[   15.255408] usb2_vbus: supplied by vdd-sys-5v0
[   15.260212] vdd_hdmi_5v0: 5000 mV 
[   15.263625] vdd_hdmi_5v0: supplied by vdd-sys-5v0
[   15.268825] tegra_rtc 7000e000.rtc: setting system clock to 1970-01-01 00:00:16 UTC (16)
[   15.277298] ALSA device list:
[   15.280274]   #0: NVIDIA Tegra Dalmore
[   15.307963] kjournald starting.  Commit interval 5 seconds
[   15.315106] EXT3-fs (mmcblk0p1): using internal journal
[   15.320350] EXT3-fs (mmcblk0p1): recovery complete
[   15.325115] EXT3-fs (mmcblk0p1): mounted filesystem with writeback data mode
[   15.332204] VFS: Mounted root (ext3 filesystem) on device 179:1.
[   15.339269] devtmpfs: mounted
[   15.342491] Freeing unused kernel memory: 236K (c077b000 - c07b6000)
bash: cannot set terminal process group (-1): Inappropriate ioctl for device
bash: no job control in this shell
I have no name!@(none):/# 