
U-Boot SPL 2015.04-rc3-00209-ga74ef40 (Mar 16 2015 - 14:43:39)


U-Boot 2015.04-rc3-00209-ga74ef40 (Mar 16 2015 - 14:43:39)

TEGRA20
Model: Compulab TrimSlice board
DRAM:  1 GiB
MMC:   Tegra SD/MMC: 0, Tegra SD/MMC: 1
SF: Detected W25Q80BL with page size 256 Bytes, erase size 4 KiB, total 1 MiB
tegra-pcie: PCI regions:
tegra-pcie:   I/O: 0x82000000-0x82010000
tegra-pcie:   non-prefetchable memory: 0xa0000000-0xa8000000
tegra-pcie:   prefetchable memory: 0xa8000000-0xc0000000
tegra-pcie: dual-mode configuration
tegra-pcie: probing port 0, using 2 lanes
In:    serial
Out:   serial
Err:   serial
Net:   RTL8169#0
Hit any key to stop autoboot:  2  0 
Tegra20 (TrimSlice) # 
Tegra20 (TrimSlice) # usb reset
resetting USB...
USB0:   USB EHCI 1.00
scanning bus 0 for devices... 3 USB Device(s) found
USB1:   USB EHCI 1.00
scanning bus 1 for devices... 1 USB Device(s) found
USB2:   lowlevel init failed
       scanning usb for storage devices... 0 Storage Device(s) found
       scanning usb for ethernet devices... 
Warning: asx0 using MAC address from net device
1 Ethernet Device(s) found
Tegra20 (TrimSlice) # setenv bootargs 'ignore_loglevel console=ttyS0,115200n8 rw root=PARTUUID=11eb23c1-01 rootwait gpt debug noinitrd earlyprintk init=/bin/bash'
Tegra20 (TrimSlice) # setenv ipaddr 192.168.100.103; setenv serverip 192.168.100.1; setenv tftpserverip 192.168.100.1
Tegra20 (TrimSlice) # tftpboot 0x00408000 zImage.multi_v7_defconfig
Using RTL8169#0 device
TFTP from server 192.168.100.1; our IP address is 192.168.100.103
Filename 'zImage.multi_v7_defconfig'.
Load address: 0x408000
Loading: *#################################################################
	 #################################################################
	 #################################################################
	 #################################################################
	 #################################################################
	 #################################################################
	 #################################################################
	 #################
	 4.1 MiB/s
done
Bytes transferred = 6918928 (699310 hex)
Tegra20 (TrimSlice) # tftpboot 0x02408000 tegra20-trimslice.dtb
Using RTL8169#0 device
TFTP from server 192.168.100.1; our IP address is 192.168.100.103
Filename 'tegra20-trimslice.dtb'.
Load address: 0x2408000
Loading: *##
	 3.4 MiB/s
done
Bytes transferred = 21130 (528a hex)
Tegra20 (TrimSlice) # bootz 0x00408000 - 0x02408000
Kernel image @ 0x408000 [ 0x000000 - 0x699310 ]
## Flattened Device Tree blob at 02408000
   Booting using the fdt blob at 0x2408000
   Using Device Tree in place at 02408000, end 02410289

Starting kernel ...

[    0.000000] Booting Linux on physical CPU 0x0
[    0.000000] Linux version 4.6.0-rc3-82540-gbf16200 (pwalmsley@sellafield) (gcc version 4.7.3 20130328 (prerelease) (crosstool-NG linaro-1.13.1-4.7-2013.04-20130415 - Linaro GCC 2013.04) ) #1 SMP Sun Apr 10 18:34:32 PDT 2016
[    0.000000] CPU: ARMv7 Processor [411fc090] revision 0 (ARMv7), cr=10c5387d
[    0.000000] CPU: PIPT / VIPT nonaliasing data cache, VIPT aliasing instruction cache
[    0.000000] Machine model: Compulab TrimSlice board
[    0.000000] debug: ignoring loglevel setting.
[    0.000000] cma: Reserved 64 MiB at 0x3c000000
[    0.000000] Memory policy: Data cache writealloc
[    0.000000] On node 0 totalpages: 262144
[    0.000000] free_area_init_node: node 0, pgdat c141b3c0, node_mem_map ef7f8000
[    0.000000]   DMA zone: 1536 pages used for memmap
[    0.000000]   DMA zone: 0 pages reserved
[    0.000000]   DMA zone: 196608 pages, LIFO batch:31
[    0.000000]   HighMem zone: 65536 pages, LIFO batch:15
[    0.000000] percpu: Embedded 12 pages/cpu @ef7cb000 s19776 r8192 d21184 u49152
[    0.000000] pcpu-alloc: s19776 r8192 d21184 u49152 alloc=12*4096
[    0.000000] pcpu-alloc: [0] 0 [0] 1 
[    0.000000] Built 1 zonelists in Zone order, mobility grouping on.  Total pages: 260608
[    0.000000] Kernel command line: ignore_loglevel console=ttyS0,115200n8 rw root=PARTUUID=11eb23c1-01 rootwait gpt debug noinitrd earlyprintk init=/bin/bash
[    0.000000] PID hash table entries: 4096 (order: 2, 16384 bytes)
[    0.000000] Dentry cache hash table entries: 131072 (order: 7, 524288 bytes)
[    0.000000] Inode-cache hash table entries: 65536 (order: 6, 262144 bytes)
[    0.000000] Memory: 955940K/1048576K available (9522K kernel code, 1141K rwdata, 4108K rodata, 2048K init, 341K bss, 27100K reserved, 65536K cma-reserved, 196608K highmem)
[    0.000000] Virtual kernel memory layout:
[    0.000000]     vector  : 0xffff0000 - 0xffff1000   (   4 kB)
[    0.000000]     fixmap  : 0xffc00000 - 0xfff00000   (3072 kB)
[    0.000000]     vmalloc : 0xf0800000 - 0xff800000   ( 240 MB)
[    0.000000]     lowmem  : 0xc0000000 - 0xf0000000   ( 768 MB)
[    0.000000]     pkmap   : 0xbfe00000 - 0xc0000000   (   2 MB)
[    0.000000]     modules : 0xbf000000 - 0xbfe00000   (  14 MB)
[    0.000000]       .text : 0xc0208000 - 0xc104fa48   (14623 kB)
[    0.000000]       .init : 0xc1100000 - 0xc1300000   (2048 kB)
[    0.000000]       .data : 0xc1300000 - 0xc141d400   (1141 kB)
[    0.000000]        .bss : 0xc141f000 - 0xc1474558   ( 342 kB)
[    0.000000] SLUB: HWalign=64, Order=0-3, MinObjects=0, CPUs=2, Nodes=1
[    0.000000] Hierarchical RCU implementation.
[    0.000000] 	Build-time adjustment of leaf fanout to 32.
[    0.000000] 	RCU restricting CPUs from NR_CPUS=16 to nr_cpu_ids=2.
[    0.000000] RCU: Adjusting geometry for rcu_fanout_leaf=32, nr_cpu_ids=2
[    0.000000] NR_IRQS:16 nr_irqs:16 16
[    0.000000] /interrupt-controller@60004000: 128 interrupts forwarded to /interrupt-controller@50041000
[    0.000000] L2C: platform modifies aux control register: 0x02080000 -> 0x3e480001
[    0.000000] L2C: DT/platform modifies aux control register: 0x02080000 -> 0x3e480001
[    0.000000] L2C-310 errata 727915 769419 enabled
[    0.000000] L2C-310 enabling early BRESP for Cortex-A9
[    0.000000] L2C-310: enabling full line of zeros but not enabled in Cortex-A9
[    0.000000] L2C-310 ID prefetch enabled, offset 1 lines
[    0.000000] L2C-310 cache controller enabled, 8 ways, 1024 kB
[    0.000000] L2C-310: CACHE_ID 0x410000c4, AUX_CTRL 0x7e480001
[    0.000010] sched_clock: 32 bits at 1000kHz, resolution 1000ns, wraps every 2147483647500ns
[    0.000026] clocksource: timer_us: mask: 0xffffffff max_cycles: 0xffffffff, max_idle_ns: 1911260446275 ns
[    0.000036] Switching to timer-based delay loop, resolution 1000ns
[    0.001613] Console: colour dummy device 80x30
[    0.001634] Calibrating delay loop (skipped), value calculated using timer frequency.. 2.00 BogoMIPS (lpj=5000)
[    0.001644] pid_max: default: 32768 minimum: 301
[    0.001718] Mount-cache hash table entries: 2048 (order: 1, 8192 bytes)
[    0.001727] Mountpoint-cache hash table entries: 2048 (order: 1, 8192 bytes)
[    0.002205] CPU: Testing write buffer coherency: ok
[    0.002385] CPU0: thread -1, cpu 0, socket 0, mpidr 80000000
[    0.002431] Setting up static identity map for 0x300000 - 0x300098
[    0.003821] Tegra Revision: A03 prime SKU: 8 CPU Process: 1 SoC Process: 2
[    0.004866] CPU1: thread -1, cpu 1, socket 0, mpidr 80000001
[    0.004932] Brought up 2 CPUs
[    0.004943] SMP: Total of 2 processors activated (4.00 BogoMIPS).
[    0.004949] CPU: All CPU(s) started in SVC mode.
[    0.005605] devtmpfs: initialized
[    0.009580] VFP support v0.3: implementor 41 architecture 3 part 30 variant 9 rev 1
[    0.009977] clocksource: jiffies: mask: 0xffffffff max_cycles: 0xffffffff, max_idle_ns: 9556302231375000 ns
[    0.013077] pinctrl core: initialized pinctrl subsystem
[    0.014376] NET: Registered protocol family 16
[    0.016412] DMA: preallocated 256 KiB pool for atomic coherent allocations
[    0.029922] cpuidle: using governor menu
[    0.040988] No ATAGs?
[    0.041016] hw-breakpoint: found 5 (+1 reserved) breakpoint and 1 watchpoint registers.
[    0.041023] hw-breakpoint: maximum watchpoint size is 4 bytes.
[    0.044681] Serial: AMBA PL011 UART driver
[    0.068562] usb1_vbus: Failed to request enable GPIO170: -517
[    0.068576] reg-fixed-voltage regulators:regulator@2: Failed to register regulator: -517
[    0.072412] vgaarb: loaded
[    0.073163] SCSI subsystem initialized
[    0.073287] libata version 3.00 loaded.
[    0.073506] usbcore: registered new interface driver usbfs
[    0.073552] usbcore: registered new interface driver hub
[    0.073592] usbcore: registered new device driver usb
[    0.075741] pps_core: LinuxPPS API ver. 1 registered
[    0.075749] pps_core: Software ver. 5.3.6 - Copyright 2005-2007 Rodolfo Giometti <giometti@linux.it>
[    0.075770] PTP clock support registered
[    0.075938] EDAC MC: Ver: 3.0.0
[    0.077860] clocksource: Switched to clocksource timer_us
[    0.085866] NET: Registered protocol family 2
[    0.086296] TCP established hash table entries: 8192 (order: 3, 32768 bytes)
[    0.086366] TCP bind hash table entries: 8192 (order: 4, 65536 bytes)
[    0.086480] TCP: Hash tables configured (established 8192 bind 8192)
[    0.086548] UDP hash table entries: 512 (order: 2, 16384 bytes)
[    0.086599] UDP-Lite hash table entries: 512 (order: 2, 16384 bytes)
[    0.086767] NET: Registered protocol family 1
[    0.087000] RPC: Registered named UNIX socket transport module.
[    0.087008] RPC: Registered udp transport module.
[    0.087013] RPC: Registered tcp transport module.
[    0.087018] RPC: Registered tcp NFSv4.1 backchannel transport module.
[    0.087036] PCI: CLS 0 bytes, default 64
[    0.087846] hw perfevents: enabled with armv7_cortex_a9 PMU driver, 7 counters available
[    0.088947] futex hash table entries: 512 (order: 3, 32768 bytes)
[    0.089586] workingset: timestamp_bits=28 max_order=18 bucket_order=0
[    0.097467] squashfs: version 4.0 (2009/01/31) Phillip Lougher
[    0.098105] NFS: Registering the id_resolver key type
[    0.098133] Key type id_resolver registered
[    0.098139] Key type id_legacy registered
[    0.098186] ntfs: driver 2.1.32 [Flags: R/O].
[    0.099184] bounce: pool size: 64 pages
[    0.099344] Block layer SCSI generic (bsg) driver version 0.4 loaded (major 248)
[    0.099358] io scheduler noop registered
[    0.099368] io scheduler deadline registered
[    0.099396] io scheduler cfq registered (default)
[    0.110736] tegra-pcie 80003000.pcie-controller: dual-mode configuration
[    0.111312] tegra-pcie 80003000.pcie-controller: probing port 0, using 2 lanes
[    0.193321] tegra-pcie 80003000.pcie-controller: PCI host bridge to bus 0000:00
[    0.193334] pci_bus 0000:00: root bus resource [io  0x0000-0xffff]
[    0.193342] pci_bus 0000:00: root bus resource [mem 0xa0000000-0xa7ffffff]
[    0.193350] pci_bus 0000:00: root bus resource [mem 0xa8000000-0xbfffffff pref]
[    0.193359] pci_bus 0000:00: root bus resource [bus 00-ff]
[    0.193390] pci 0000:00:01.0: [10de:0bf0] type 01 class 0x060000
[    0.193448] pci 0000:00:01.0: PME# supported from D0 D1 D2 D3hot D3cold
[    0.193641] PCI: bus0: Fast back to back transfers disabled
[    0.193651] pci 0000:00:01.0: bridge configuration invalid ([bus 00-00]), reconfiguring
[    0.193776] pci 0000:01:00.0: [10ec:8168] type 00 class 0x020000
[    0.193798] pci 0000:01:00.0: reg 0x10: [io  0x0000-0x00ff]
[    0.193820] pci 0000:01:00.0: reg 0x18: [mem 0x00000000-0x00000fff 64bit pref]
[    0.193837] pci 0000:01:00.0: reg 0x20: [mem 0x00000000-0x00003fff 64bit pref]
[    0.193850] pci 0000:01:00.0: reg 0x30: [mem 0x00000000-0x0001ffff pref]
[    0.193924] pci 0000:01:00.0: supports D1 D2
[    0.193932] pci 0000:01:00.0: PME# supported from D0 D1 D2 D3hot D3cold
[    0.202892] PCI: bus1: Fast back to back transfers disabled
[    0.202904] pci_bus 0000:01: busn_res: [bus 01-ff] end is updated to 01
[    0.202916] Disabling cpuidle LP2 state, since PCIe IRQs are in use
[    0.202969] pci 0000:00:01.0: BAR 8: assigned [mem 0xa0000000-0xa00fffff]
[    0.202980] pci 0000:00:01.0: BAR 9: assigned [mem 0xa8000000-0xa80fffff 64bit pref]
[    0.202989] pci 0000:00:01.0: BAR 7: assigned [io  0x1000-0x1fff]
[    0.203000] pci 0000:01:00.0: BAR 6: assigned [mem 0xa0000000-0xa001ffff pref]
[    0.203010] pci 0000:01:00.0: BAR 4: assigned [mem 0xa8000000-0xa8003fff 64bit pref]
[    0.203027] pci 0000:01:00.0: BAR 2: assigned [mem 0xa8004000-0xa8004fff 64bit pref]
[    0.203042] pci 0000:01:00.0: BAR 0: assigned [io  0x1000-0x10ff]
[    0.203053] pci 0000:00:01.0: PCI bridge to [bus 01]
[    0.203061] pci 0000:00:01.0:   bridge window [io  0x1000-0x1fff]
[    0.203069] pci 0000:00:01.0:   bridge window [mem 0xa0000000-0xa00fffff]
[    0.203077] pci 0000:00:01.0:   bridge window [mem 0xa8000000-0xa80fffff 64bit pref]
[    0.203096] pci 0000:00:01.0: nv_msi_ht_cap_quirk didn't locate host bridge
[    0.203161] pcieport 0000:00:01.0: enabling device (0140 -> 0143)
[    0.203312] pcieport 0000:00:01.0: Signaling PME through PCIe PME interrupt
[    0.203320] pci 0000:01:00.0: Signaling PME through PCIe PME interrupt
[    0.203329] pcie_pme 0000:00:01.0:pcie01: service driver pcie_pme loaded
[    0.207207] tegra-apbdma 6000a000.dma: Tegra20 APB DMA driver register 16 channels
[    0.253329] Serial: 8250/16550 driver, 4 ports, IRQ sharing disabled
[    0.255670] console [ttyS0] disabled
[    0.255704] 70006000.serial: ttyS0 at MMIO 0x70006000 (irq = 279, base_baud = 13500000) is a Tegra
[    1.199299] console [ttyS0] enabled
[    1.203400] SuperH (H)SCI(F) driver initialized
[    1.208698] msm_serial: driver initialized
[    1.212948] STMicroelectronics ASC driver initialized
[    1.219762] [drm] Initialized drm 1.1.0 20060810
[    1.226499] 54280000.hdmi supply hdmi not found, using dummy regulator
[    1.236065] [drm] Supports vblank timestamp caching Rev 2 (21.10.2013).
[    1.242691] [drm] No driver support for vblank timestamp query.
[    1.248631] drm drm: No connectors reported connected with modes
[    1.254638] [drm] Cannot find any crtc or sizes - going 1024x768
[    1.276774] Console: switching to colour frame buffer device 128x48
[    1.291469] drm drm: fb0:  frame buffer device
[    1.307868] [drm] Initialized tegra 0.0.0 20120330 on minor 0
[    1.322238] brd: module loaded
[    1.329506] loop: module loaded
[    1.338313] m25p80 spi32766.0: found s25fl008k, expected w25q80bl
[    1.344421] m25p80 spi32766.0: s25fl008k (1024 Kbytes)
[    1.352019] libphy: Fixed MDIO Bus: probed
[    1.356666] CAN device driver interface
[    1.362032] igb: Intel(R) Gigabit Ethernet Network Driver - version 5.3.0-k
[    1.368992] igb: Copyright (c) 2007-2014 Intel Corporation.
[    1.375128] r8169 Gigabit Ethernet driver 2.3LK-NAPI loaded
[    1.380727] r8169 0000:01:00.0: enabling device (0140 -> 0143)
[    1.387319] r8169 0000:01:00.0 eth0: RTL8168d/8111d at 0xf0878000, 00:01:c0:13:7d:63, XID 081000c0 IRQ 296
[    1.396973] r8169 0000:01:00.0 eth0: jumbo features [frames: 9200 bytes, tx checksumming: ko]
[    1.407470] pegasus: v0.9.3 (2013/04/25), Pegasus/Pegasus II USB Ethernet driver
[    1.414930] usbcore: registered new interface driver pegasus
[    1.420637] usbcore: registered new interface driver asix
[    1.426072] usbcore: registered new interface driver ax88179_178a
[    1.432200] usbcore: registered new interface driver cdc_ether
[    1.438086] usbcore: registered new interface driver smsc75xx
[    1.443879] usbcore: registered new interface driver smsc95xx
[    1.449659] usbcore: registered new interface driver net1080
[    1.455363] usbcore: registered new interface driver cdc_subset
[    1.461317] usbcore: registered new interface driver zaurus
[    1.466950] usbcore: registered new interface driver cdc_ncm
[    1.472921] tegra-phy c5004000.usb-phy: no vbus regulator
[    1.479409] tegra-phy c5008000.usb-phy: no vbus regulator
[    1.486072] ehci_hcd: USB 2.0 'Enhanced' Host Controller (EHCI) Driver
[    1.492605] ehci-pci: EHCI PCI platform driver
[    1.497090] ehci-platform: EHCI generic platform driver
[    1.502481] ehci-omap: OMAP-EHCI Host Controller driver
[    1.507817] ehci-orion: EHCI orion driver
[    1.511939] SPEAr-ehci: EHCI SPEAr driver
[    1.516063] ehci-st: EHCI STMicroelectronics driver
[    1.521058] ehci-exynos: EHCI EXYNOS driver
[    1.525370] ehci-atmel: EHCI Atmel driver
[    1.529494] tegra-ehci: Tegra EHCI driver
[    1.554063] ulpi_phy_power_on: ulpi write failed
[    1.558684] tegra-ehci c5004000.usb: Failed to power on the phy
[    1.564612] tegra-ehci: probe of c5004000.usb failed with error -110
[    1.573600] tegra-ehci c5008000.usb: EHCI Host Controller
[    1.579015] tegra-ehci c5008000.usb: new USB bus registered, assigned bus number 1
[    1.586818] tegra-ehci c5008000.usb: irq 290, io mem 0xc5008000
[    1.597875] tegra-ehci c5008000.usb: USB 2.0 started, EHCI 1.00
[    1.604421] hub 1-0:1.0: USB hub found
[    1.608220] hub 1-0:1.0: 1 port detected
[    1.612459] ohci_hcd: USB 1.1 'Open' Host Controller (OHCI) Driver
[    1.618653] ohci-pci: OHCI PCI platform driver
[    1.623144] ohci-platform: OHCI generic platform driver
[    1.628527] ohci-omap3: OHCI OMAP3 driver
[    1.632634] SPEAr-ohci: OHCI SPEAr driver
[    1.636764] ohci-st: OHCI STMicroelectronics driver
[    1.641750] ohci-atmel: OHCI Atmel driver
[    1.646372] usbcore: registered new interface driver usb-storage
[    1.653695] mousedev: PS/2 mouse device common for all mice
[    1.661216] rtc-em3027 2-0056: rtc core: registered rtc-em3027 as rtc0
[    1.668972] tegra_rtc 7000e000.rtc: rtc core: registered 7000e000.rtc as rtc1
[    1.676140] tegra_rtc 7000e000.rtc: Tegra internal Real Time Clock
[    1.682764] i2c /dev entries driver
[    1.694717] sdhci: Secure Digital Host Controller Interface driver
[    1.700908] sdhci: Copyright(c) Pierre Ossman
[    1.706513] Synopsys Designware Multimedia Card Interface Driver
[    1.713424] sdhci-pltfm: SDHCI platform and OF driver helper
[    1.719934] mmc0: Invalid maximum block size, assuming 512 bytes
[    1.752877] mmc0: SDHCI controller on c8000000.sdhci [c8000000.sdhci] using ADMA
[    1.760382] sdhci-tegra c8000600.sdhci: Got CD GPIO
[    1.765274] sdhci-tegra c8000600.sdhci: Got WP GPIO
[    1.770305] mmc1: Invalid maximum block size, assuming 512 bytes
[    1.802949] mmc1: SDHCI controller on c8000600.sdhci [c8000600.sdhci] using ADMA
[    1.811724] ledtrig-cpu: registered to indicate activity on CPUs
[    1.818045] usbcore: registered new interface driver usbhid
[    1.823618] usbhid: USB HID core driver
[    1.831956] NET: Registered protocol family 10
[    1.837230] sit: IPv6 over IPv4 tunneling driver
[    1.842339] NET: Registered protocol family 17
[    1.846800] can: controller area network core (rev 20120528 abi 9)
[    1.853032] NET: Registered protocol family 29
[    1.857468] can: raw protocol (rev 20120528)
[    1.861747] can: broadcast manager protocol (rev 20120528 t)
[    1.867410] can: netlink gateway (rev 20130117) max_hops=1
[    1.873247] Key type dns_resolver registered
[    1.877896] ThumbEE CPU extension supported.
[    1.882165] Registering SWP/SWPB emulation handler
[    1.891788] utmi_phy_clk_enable: timeout waiting for phy to stabilize
[    1.898263] tegra-ehci c5000000.usb: EHCI Host Controller
[    1.903680] tegra-ehci c5000000.usb: new USB bus registered, assigned bus number 2
[    1.911529] tegra-ehci c5000000.usb: irq 288, io mem 0xc5000000
[    1.932885] usb 1-1: new high-speed USB device number 2 using tegra-ehci
[    1.942893] tegra-ehci c5000000.usb: USB 2.0 started, EHCI 1.00
[    1.949566] hub 2-0:1.0: USB hub found
[    1.953374] hub 2-0:1.0: 1 port detected
[    1.958252] input: gpio-keys as /devices/soc0/gpio-keys/input/input0
[    1.963193] mmc0: host does not support reading read-only switch, assuming write-enable
[    1.965000] mmc0: new high speed SDHC card at address b368
[    1.973020] mmcblk0: mmc0:b368 NCard 3.70 GiB 
[    1.983115] rtc-em3027 2-0056: setting system clock to 2014-12-28 14:03:27 UTC (1419775407)
[    1.984397]  mmcblk0: p1
[    1.998591] EXT4-fs (mmcblk0p1): mounting ext3 file system using the ext4 subsystem
[    2.011980] mmc1: new high speed SD card at address b368
[    2.018346] mmcblk1: mmc1:b368 NCard 1.83 GiB (ro)
[    2.025955]  mmcblk1: p1 p2
[    2.074191] hub 1-1:1.0: USB hub found
[    2.078097] hub 1-1:1.0: 4 ports detected
[    2.097359] EXT4-fs (mmcblk0p1): recovery complete
[    2.102181] EXT4-fs (mmcblk0p1): mounted filesystem with ordered data mode. Opts: (null)
[    2.110299] VFS: Mounted root (ext3 filesystem) on device 179:1.
[    2.119815] devtmpfs: mounted
[    2.125381] Freeing unused kernel memory: 2048K (c1100000 - c1300000)
bash: cannot set terminal process group (-1): Inappropri[    2.367967] usb 1-1.2: new high-speed USB device number 3 using tegra-ehci
ate ioctl for device
bash: no job control in this shell
root@(none):/# mount -t sysfs none /sys
root@(none):/# 
root@(none):/# mount -t debugfs none /sys/kernel/debug
root@(none):/# 
root@(none):/# rtcwake -d rtc1 -m mem -s 3
rtcwake: assuming RTC uses UTC ...
rtcwake: wakeup from "mem" using /dev/rtc1 at Thu Jan  1 00:00:22 1970
[    6.945058] PM: Syncing filesystems ... done.
[    6.991571] Freezing user space processes ... (elapsed 0.001 seconds) done.
[    7.000128] Freezing remaining freezable tasks ... (elapsed 0.001 seconds) done.
[    7.009208] Suspending console(s) (use no_console_suspend to debug)
[    7.045027] PM: suspend of devices complete after 26.900 msecs
[    7.048848] PM: late suspend of devices complete after 3.791 msecs
[    7.063485] PM: noirq suspend of devices complete after 14.607 msecs
[    7.063496] Disabling non-boot CPUs ...
[    7.065305] CPU1: shutdown
[    7.081102] Entering suspend state LP1
[    7.081152] Enabling non-boot CPUs ...
[    7.107259] CPU1 is up
[    7.108144] pcieport 0000:00:01.0: nv_msi_ht_cap_quirk didn't locate host bridge
[    7.123114] PM: noirq resume of devices complete after 15.822 msecs
[    7.126552] PM: early resume of devices complete after 2.890 msecs
[    7.191440] PM: resume of devices complete after 64.856 msecs
[    7.255562] Restarting tasks ... done.
root@(none):/# 
root@(none):/# rtcwake -d rtc1 -m mem -s 3
rtcwake: assuming RTC uses UTC ...
rtcwake: wakeup from "mem" using /dev/rtc1 at Thu Jan  1 00:00:26 1970
[    7.913353] PM: Syncing filesystems ... done.
[    7.958812] Freezing user space processes ... (elapsed 0.001 seconds) done.
[    7.967338] Freezing remaining freezable tasks ... (elapsed 0.001 seconds) done.
[    7.976422] Suspending console(s) (use no_console_suspend to debug)
[    8.010047] PM: suspend of devices complete after 24.719 msecs
[    8.013653] PM: late suspend of devices complete after 3.576 msecs
[    8.028464] PM: noirq suspend of devices complete after 14.780 msecs
[    8.028474] Disabling non-boot CPUs ...
[    8.030313] CPU1: shutdown
[    8.056054] Entering suspend state LP1
[    8.056103] Enabling non-boot CPUs ...
[    8.082160] CPU1 is up
[    8.083433] pcieport 0000:00:01.0: nv_msi_ht_cap_quirk didn't locate host bridge
[    8.098091] PM: noirq resume of devices complete after 15.899 msecs
[    8.101800] PM: early resume of devices complete after 2.971 msecs
[    8.171376] PM: resume of devices complete after 69.545 msecs
[    8.235514] Restarting tasks ... done.
root@(none):/# 
root@(none):/# rtcwake -d rtc1 -m mem -s 3
rtcwake: assuming RTC uses UTC ...
rtcwake: wakeup from "mem" using /dev/rtc1 at Thu Jan  1 00:00:30 1970
[    8.888320] PM: Syncing filesystems ... done.
[    8.933721] Freezing user space processes ... (elapsed 0.001 seconds) done.
[    8.942246] Freezing remaining freezable tasks ... (elapsed 0.001 seconds) done.
[    8.951335] Suspending console(s) (use no_console_suspend to debug)
[    8.984258] PM: suspend of devices complete after 24.023 msecs
[    8.987835] PM: late suspend of devices complete after 3.546 msecs
[    9.003424] PM: noirq suspend of devices complete after 15.558 msecs
[    9.003435] Disabling non-boot CPUs ...
[    9.005277] CPU1: shutdown
[    9.020982] Entering suspend state LP1
[    9.021032] Enabling non-boot CPUs ...
[    9.047137] CPU1 is up
[    9.048255] pcieport 0000:00:01.0: nv_msi_ht_cap_quirk didn't locate host bridge
[    9.063033] PM: noirq resume of devices complete after 15.864 msecs
[    9.066680] PM: early resume of devices complete after 2.927 msecs
[    9.131339] PM: resume of devices complete after 64.627 msecs
[    9.195471] Restarting tasks ... done.
root@(none):/# 
root@(none):/# rtcwake -d rtc1 -m mem -s 3
rtcwake: assuming RTC uses UTC ...
rtcwake: wakeup from "mem" using /dev/rtc1 at Thu Jan  1 00:00:34 1970
[    9.852612] PM: Syncing filesystems ... done.
[    9.898108] Freezing user space processes ... (elapsed 0.001 seconds) done.
[    9.906578] Freezing remaining freezable tasks ... (elapsed 0.001 seconds) done.
[    9.915656] Suspending console(s) (use no_console_suspend to debug)
[    9.949518] PM: suspend of devices complete after 24.956 msecs
[    9.953138] PM: late suspend of devices complete after 3.591 msecs
[    9.968343] PM: noirq suspend of devices complete after 15.175 msecs
[    9.968354] Disabling non-boot CPUs ...
[    9.970310] CPU1: shutdown
[    9.985926] Entering suspend state LP1
[    9.985977] Enabling non-boot CPUs ...
[   10.012047] CPU1 is up
[   10.013283] pcieport 0000:00:01.0: nv_msi_ht_cap_quirk didn't locate host bridge
[   10.027986] PM: noirq resume of devices complete after 15.905 msecs
[   10.031645] PM: early resume of devices complete after 2.919 msecs
[   10.096086] PM: resume of devices complete after 64.410 msecs
[   10.160220] Restarting tasks ... done.
root@(none):/# 
root@(none):/# rtcwake -d rtc1 -m mem -s 3
rtcwake: assuming RTC uses UTC ...
rtcwake: wakeup from "mem" using /dev/rtc1 at Thu Jan  1 00:00:38 1970
[   10.817905] PM: Syncing filesystems ... done.
[   10.863292] Freezing user space processes ... (elapsed 0.001 seconds) done.
[   10.871823] Freezing remaining freezable tasks ... (elapsed 0.001 seconds) done.
[   10.880898] Suspending console(s) (use no_console_suspend to debug)
[   10.909809] PM: suspend of devices complete after 19.997 msecs
[   10.913358] PM: late suspend of devices complete after 3.521 msecs
[   10.928308] PM: noirq suspend of devices complete after 14.920 msecs
[   10.928318] Disabling non-boot CPUs ...
[   10.930149] CPU1: shutdown
[   10.955871] Entering suspend state LP1
[   10.955919] Enabling non-boot CPUs ...
[   10.982022] CPU1 is up
[   10.983516] pcieport 0000:00:01.0: nv_msi_ht_cap_quirk didn't locate host bridge
[   10.997901] PM: noirq resume of devices complete after 15.845 msecs
[   11.001547] PM: early resume of devices complete after 2.906 msecs
[   11.066121] PM: resume of devices complete after 64.542 msecs
[   11.130272] Restarting tasks ... done.
root@(none):/# 
root@(none):/# rtcwake -d rtc1 -m mem -s 3
rtcwake: assuming RTC uses UTC ...
rtcwake: wakeup from "mem" using /dev/rtc1 at Thu Jan  1 00:00:42 1970
[   11.785589] PM: Syncing filesystems ... done.
[   11.831028] Freezing user space processes ... (elapsed 0.001 seconds) done.
[   11.839635] Freezing remaining freezable tasks ... (elapsed 0.001 seconds) done.
[   11.848758] Suspending console(s) (use no_console_suspend to debug)
[   11.884677] PM: suspend of devices complete after 27.017 msecs
[   11.888304] PM: late suspend of devices complete after 3.599 msecs
[   11.903218] PM: noirq suspend of devices complete after 14.883 msecs
[   11.903229] Disabling non-boot CPUs ...
[   11.905196] CPU1: shutdown
[   11.920805] Entering suspend state LP1
[   11.920855] Enabling non-boot CPUs ...
[   11.946894] CPU1 is up
[   11.948056] pcieport 0000:00:01.0: nv_msi_ht_cap_quirk didn't locate host bridge
[   11.962864] PM: noirq resume of devices complete after 15.937 msecs
[   11.966529] PM: early resume of devices complete after 2.920 msecs
[   12.031103] PM: resume of devices complete after 64.542 msecs
[   12.095292] Restarting tasks ... done.
root@(none):/# 
root@(none):/# rtcwake -d rtc1 -m mem -s 3
rtcwake: assuming RTC uses UTC ...
rtcwake: wakeup from "mem" using /dev/rtc1 at Thu Jan  1 00:00:46 1970
[   12.748293] PM: Syncing filesystems ... done.
[   12.781039] Freezing user space processes ... (elapsed 0.001 seconds) done.
[   12.789461] Freezing remaining freezable tasks ... (elapsed 0.001 seconds) done.
[   12.798363] Suspending console(s) (use no_console_suspend to debug)
[   12.834252] PM: suspend of devices complete after 27.782 msecs
[   12.838017] PM: late suspend of devices complete after 3.733 msecs
[   12.853144] PM: noirq suspend of devices complete after 15.097 msecs
[   12.853154] Disabling non-boot CPUs ...
[   12.855104] CPU1: shutdown
[   12.880738] Entering suspend state LP1
[   12.880787] Enabling non-boot CPUs ...
[   12.906899] CPU1 is up
[   12.908262] pcieport 0000:00:01.0: nv_msi_ht_cap_quirk didn't locate host bridge
[   12.922809] PM: noirq resume of devices complete after 15.877 msecs
[   12.926461] PM: early resume of devices complete after 2.920 msecs
[   12.991038] PM: resume of devices complete after 64.544 msecs
[   13.055182] Restarting tasks ... done.
root@(none):/# 
root@(none):/# rtcwake -d rtc1 -m mem -s 3
rtcwake: assuming RTC uses UTC ...
rtcwake: wakeup from "mem" using /dev/rtc1 at Thu Jan  1 00:00:50 1970
[   13.708187] PM: Syncing filesystems ... done.
[   13.740958] Freezing user space processes ... (elapsed 0.001 seconds) done.
[   13.749379] Freezing remaining freezable tasks ... (elapsed 0.001 seconds) done.
[   13.758278] Suspending console(s) (use no_console_suspend to debug)
[   13.784078] PM: suspend of devices complete after 17.691 msecs
[   13.787735] PM: late suspend of devices complete after 3.628 msecs
[   13.803061] PM: noirq suspend of devices complete after 15.296 msecs
[   13.803071] Disabling non-boot CPUs ...
[   13.805032] CPU1: shutdown
[   13.830658] Entering suspend state LP1
[   13.830708] Enabling non-boot CPUs ...
[   13.856786] CPU1 is up
[   13.858285] pcieport 0000:00:01.0: nv_msi_ht_cap_quirk didn't locate host bridge
[   13.872736] PM: noirq resume of devices complete after 15.918 msecs
[   13.876399] PM: early resume of devices complete after 2.939 msecs
[   13.946076] PM: resume of devices complete after 69.646 msecs
[   14.010228] Restarting tasks ... done.
root@(none):/# 
root@(none):/# rtcwake -d rtc1 -m mem -s 3
rtcwake: assuming RTC uses UTC ...
rtcwake: wakeup from "mem" using /dev/rtc1 at Thu Jan  1 00:00:54 1970
[   14.662533] PM: Syncing filesystems ... done.
[   14.707943] Freezing user space processes ... (elapsed 0.001 seconds) done.
[   14.716474] Freezing remaining freezable tasks ... (elapsed 0.001 seconds) done.
[   14.725559] Suspending console(s) (use no_console_suspend to debug)
[   14.754830] PM: suspend of devices complete after 20.359 msecs
[   14.758428] PM: late suspend of devices complete after 3.569 msecs
[   14.773059] PM: noirq suspend of devices complete after 14.600 msecs
[   14.773069] Disabling non-boot CPUs ...
[   14.774890] CPU1: shutdown
[   14.800571] Entering suspend state LP1
[   14.800621] Enabling non-boot CPUs ...
[   14.826725] CPU1 is up
[   14.828083] pcieport 0000:00:01.0: nv_msi_ht_cap_quirk didn't locate host bridge
[   14.842654] PM: noirq resume of devices complete after 15.895 msecs
[   14.846283] PM: early resume of devices complete after 2.911 msecs
[   14.915866] PM: resume of devices complete after 69.552 msecs
[   14.980008] Restarting tasks ... done.
root@(none):/# 
root@(none):/# rtcwake -d rtc1 -m mem -s 3
rtcwake: assuming RTC uses UTC ...
rtcwake: wakeup from "mem" using /dev/rtc1 at Thu Jan  1 00:00:58 1970
[   15.632479] PM: Syncing filesystems ... done.
[   15.677877] Freezing user space processes ... (elapsed 0.001 seconds) done.
[   15.686410] Freezing remaining freezable tasks ... (elapsed 0.001 seconds) done.
[   15.695492] Suspending console(s) (use no_console_suspend to debug)
[   15.724160] PM: suspend of devices complete after 19.754 msecs
[   15.727856] PM: late suspend of devices complete after 3.666 msecs
[   15.743020] PM: noirq suspend of devices complete after 15.134 msecs
[   15.743030] Disabling non-boot CPUs ...
[   15.744850] CPU1: shutdown
[   15.770574] Entering suspend state LP1
[   15.770623] Enabling non-boot CPUs ...
[   15.796725] CPU1 is up
[   15.798246] pcieport 0000:00:01.0: nv_msi_ht_cap_quirk didn't locate host bridge
[   15.812594] PM: noirq resume of devices complete after 15.835 msecs
[   15.816255] PM: early resume of devices complete after 2.937 msecs
[   15.880866] PM: resume of devices complete after 64.580 msecs
[   15.945002] Restarting tasks ... done.
root@(none):/# 
root@(none):/# NVTB SYSTEM SUSPEND TEST COMPLETE
