
U-Boot SPL 2013.04-rc2-06423-gf2e8a87-dirty (May 15 2013 - 09:45:39)


U-Boot 2013.04-rc2-06423-gf2e8a87-dirty (May 15 2013 - 09:45:39)

TEGRA30
Board: NVIDIA Beaver
DRAM:  2 GiB
MMC:   Tegra SD/MMC: 0, Tegra SD/MMC: 1
*** Warning - bad CRC, using default environment

In:    serial
Out:   serial
Err:   serial
Hit any key to stop autoboot:  2  0 
Tegra30 (Beaver) # 
Tegra30 (Beaver) # setenv bootargs 'console=ttyS0,230400n8 noinitrd root=/dev/mmcblk0p1 rw rootwait gpt ignore_loglevel debug'
Tegra30 (Beaver) # loady 0x81000000
## Ready for binary (ymodem) download to 0x81000000 at 230400 bps...
CSending: zImage
Sending: 

Transfer complete
yzModem - CRC mode, 7(SOH)/4380(STX)/0(CAN) packets, 3 retries
## Total Size      = 0x00447268 = 4485736 Bytes
Tegra30 (Beaver) # loady 0x82000000
## Ready for binary (ymodem) download to 0x82000000 at 230400 bps...
CSending: tegra30-beaver.dtb
Sending: 

Transfer complete
yzModem - CRC mode, 2(SOH)/17(STX)/0(CAN) packets, 3 retries
## Total Size      = 0x0000439d = 17309 Bytes
Tegra30 (Beaver) # bootz 0x81000000 - 0x82000000
## Flattened Device Tree blob at 82000000
   Booting using the fdt blob at 0x82000000
   Loading Device Tree to 8fff8000, end 8ffff39c ... OK

Starting kernel .ø†ø†æ€˜€æ€˜€fæžÎžæžøÎxÎøÎžøž~8˜†žøžf†ø†ø†8xþžøžf†8àÎžþž`Îžøž~8~€žf8æÎxžfžø†æ€˜€[    0.000000] Booting Linux on physical CPU 0x0
[    0.000000] Initializing cgroup subsys cpu
[    0.000000] Initializing cgroup subsys cpuacct
[    0.000000] Linux version 3.12.0-24371-g5e01dc7 (pwalmsley@tamien) (gcc version 4.5.1 (Sourcery G++ Lite 2010.09-50) ) #1 SMP PREEMPT Mon Nov 4 10:37:43 PST 2013
[    0.000000] CPU: ARMv7 Processor [412fc099] revision 9 (ARMv7), cr=10c5387d
[    0.000000] CPU: PIPT / VIPT nonaliasing data cache, VIPT aliasing instruction cache
[    0.000000] Machine: NVIDIA Tegra SoC (Flattened Device Tree), model: NVIDIA Tegra30 Beaver evaluation board
[    0.000000] debug: ignoring loglevel setting.
[    0.000000] cma: CMA: reserved 16 MiB at ae800000
[    0.000000] Memory policy: ECC disabled, Data cache writealloc
[    0.000000] On node 0 totalpages: 524032
[    0.000000] free_area_init_node: node 0, pgdat c084efc0, node_mem_map c08a7000
[    0.000000]   Normal zone: 1520 pages used for memmap
[    0.000000]   Normal zone: 0 pages reserved
[    0.000000]   Normal zone: 194560 pages, LIFO batch:31
[    0.000000]   HighMem zone: 2574 pages used for memmap
[    0.000000]   HighMem zone: 329472 pages, LIFO batch:31
[    0.000000] fuse_speedo_calib: ATE prog ver 3.3
[    0.000000] Tegra30: CPU Speedo ID 5, Soc Speedo ID 2
[    0.000000] Tegra Revision: A03 SKU: 128 CPU Process: 4 Core Process: 0
[    0.000000] L310 cache controller enabled
[    0.000000] l2x0: 8 ways, CACHE_ID 0x410000c7, AUX_CTRL 0x7e480001, Cache size: 1024 kB
[    0.000000] PERCPU: Embedded 8 pages/cpu @c18b9000 s9088 r8192 d15488 u32768
[    0.000000] pcpu-alloc: s9088 r8192 d15488 u32768 alloc=8*4096
[    0.000000] pcpu-alloc: [0] 0 [0] 1 [0] 2 [0] 3 
[    0.000000] Built 1 zonelists in Zone order, mobility grouping on.  Total pages: 522512
[    0.000000] Kernel command line: console=ttyS0,230400n8 noinitrd root=/dev/mmcblk0p1 rw rootwait gpt ignore_loglevel debug
[    0.000000] PID hash table entries: 4096 (order: 2, 16384 bytes)
[    0.000000] Dentry cache hash table entries: 131072 (order: 7, 524288 bytes)
[    0.000000] Inode-cache hash table entries: 65536 (order: 6, 262144 bytes)
[    0.000000] Memory: 2053432K/2096128K available (6112K kernel code, 305K rwdata, 1816K rodata, 236K init, 342K bss, 42696K reserved, 1317888K highmem)
[    0.000000] Virtual kernel memory layout:
[    0.000000]     vector  : 0xffff0000 - 0xffff1000   (   4 kB)
[    0.000000]     fixmap  : 0xfff00000 - 0xfffe0000   ( 896 kB)
[    0.000000]     vmalloc : 0xf0000000 - 0xff000000   ( 240 MB)
[    0.000000]     lowmem  : 0xc0000000 - 0xef800000   ( 760 MB)
[    0.000000]     pkmap   : 0xbfe00000 - 0xc0000000   (   2 MB)
[    0.000000]     modules : 0xbf000000 - 0xbfe00000   (  14 MB)
[    0.000000]       .text : 0xc0008000 - 0xc07c6504   (7930 kB)
[    0.000000]       .init : 0xc07c7000 - 0xc0802380   ( 237 kB)
[    0.000000]       .data : 0xc0804000 - 0xc0850600   ( 306 kB)
[    0.000000]        .bss : 0xc085060c - 0xc08a619c   ( 343 kB)
[    0.000000] Preemptible hierarchical RCU implementation.
[    0.000000] NR_IRQS:16 nr_irqs:16 16
[    0.000000] sched_clock: 32 bits at 1000kHz, resolution 1000ns, wraps every 4294967ms
[    0.000000] Console: colour dummy device 80x30
[    0.000535] Calibrating delay loop... 2793.47 BogoMIPS (lpj=13967360)
[    0.059935] pid_max: default: 32768 minimum: 301
[    0.060275] Mount-cache hash table entries: 512
[    0.068379] Initializing cgroup subsys debug
[    0.068396] Initializing cgroup subsys freezer
[    0.068451] CPU: Testing write buffer coherency: ok
[    0.068842] CPU0: thread -1, cpu 0, socket 0, mpidr 80000000
[    0.068891] Setting up static identity map for 0xc05d0080 - 0xc05d0118
[    0.121257] CPU1: Booted secondary processor
[    0.179976] CPU1: thread -1, cpu 1, socket 0, mpidr 80000001
[    0.201210] CPU2: Booted secondary processor
[    0.259975] CPU2: thread -1, cpu 2, socket 0, mpidr 80000002
[    0.281212] CPU3: Booted secondary processor
[    0.339975] CPU3: thread -1, cpu 3, socket 0, mpidr 80000003
[    0.340048] Brought up 4 CPUs
[    0.340064] SMP: Total of 4 processors activated.
[    0.340070] CPU: All CPU(s) started in SVC mode.
[    0.340847] devtmpfs: initialized
[    0.350842] VFP support v0.3: implementor 41 architecture 3 part 30 variant 9 rev 4
[    0.351128] pinctrl core: initialized pinctrl subsystem
[    0.351526] regulator-dummy: no parameters
[    0.352653] NET: Registered protocol family 16
[    0.355100] DMA: preallocated 256 KiB pool for atomic coherent allocations
[    0.355703] cpuidle: using governor ladder
[    0.355710] cpuidle: using governor menu
[    0.362790] No ATAGs?
[    0.362811] hw-breakpoint: found 5 (+1 reserved) breakpoint and 1 watchpoint registers.
[    0.362817] hw-breakpoint: maximum watchpoint size is 4 bytes.
[    0.371720] bio: create slab <bio-0> at 0
[    0.372745] vdd_5v_in: 5000 mV 
[    0.372855] platform 1.regulator: Driver reg-fixed-voltage requests probe deferral
[    0.372894] platform 2.regulator: Driver reg-fixed-voltage requests probe deferral
[    0.373035] vdd_5v_sata: 5000 mV 
[    0.373062] vdd_5v_sata: supplied by vdd_5v_in
[    0.373294] usb1_vbus: 5000 mV 
[    0.373315] usb1_vbus: supplied by vdd_5v_in
[    0.373503] usb3_vbus: 5000 mV 
[    0.373524] usb3_vbus: supplied by vdd_5v_in
[    0.373628] platform 6.regulator: Driver reg-fixed-voltage requests probe deferral
[    0.373772] sys_3v3_pexs: 3300 mV 
[    0.373797] reg-fixed-voltage 7.regulator: Failed to find supply vin
[    0.373888] reg-fixed-voltage 7.regulator: Failed to register regulator: -517
[    0.373900] platform 7.regulator: Driver reg-fixed-voltage requests probe deferral
[    0.374634] vgaarb: loaded
[    0.375446] SCSI subsystem initialized
[    0.375751] usbcore: registered new interface driver usbfs
[    0.375820] usbcore: registered new interface driver hub
[    0.375956] usbcore: registered new device driver usb
[    0.379366] tps62361-vout: 500 <--> 1500 mV at 1160 mV 
[    0.379714] tps65910 4-002d: VMBCH-Threshold not specified
[    0.379722] tps65910 4-002d: VMBCH2-Threshold not specified
[    0.385022] vdd_1v8_gen: 1800 mV 
[    0.385061] vdd_1v8_gen: supplied by vdd_5v_in
[    0.388209] vddio_ddr_1v2: 1200 mV 
[    0.388700] vddio_ddr_1v2: supplied by vdd_5v_in
[    0.392061] vdd_1v5_gen: 1500 mV 
[    0.392092] vdd_1v5_gen: supplied by vdd_5v_in
[    0.395478] vdd_cpu,vdd_sys: 1000 mV 
[    0.397906] vdd_pexa,vdd_pexb: 1050 mV 
[    0.397936] vdd_pexa,vdd_pexb: supplied by vdd_1v5_gen
[    0.400720] vdd_sata,avdd_plle: 1050 mV 
[    0.400751] vdd_sata,avdd_plle: supplied by vdd_1v5_gen
[    0.403208] vdd_rtc: 1200 mV 
[    0.403255] vdd_rtc: supplied by vdd_5v_in
[    0.405702] vddio_sdmmc,avdd_vdac: 3300 mV 
[    0.405735] vddio_sdmmc,avdd_vdac: supplied by vdd_5v_in
[    0.408528] avdd_dsi_csi,pwrdet_mipi: 1200 mV 
[    0.408571] avdd_dsi_csi,pwrdet_mipi: supplied by vdd_1v8_gen
[    0.411025] vdd_pllm,x,u,a_p_c_s: 1200 mV 
[    0.411055] vdd_pllm,x,u,a_p_c_s: supplied by vdd_1v8_gen
[    0.413835] vdd_ddr_hs: 1000 mV 
[    0.413879] vdd_ddr_hs: supplied by vdd_1v8_gen
[    0.414210] Linux video capture interface: v2.00
[    0.414773] platform 7000f010.iommu: Driver tegra-smmu requests probe deferral
[    0.414988] Advanced Linux Sound Architecture Driver Initialized.
[    0.415570] Bluetooth: Core ver 2.16
[    0.415642] NET: Registered protocol family 31
[    0.415647] Bluetooth: HCI device and connection manager initialized
[    0.415667] Bluetooth: HCI socket layer initialized
[    0.415682] Bluetooth: L2CAP socket layer initialized
[    0.415720] Bluetooth: SCO socket layer initialized
[    0.416212] cfg80211: Calling CRDA to update world regulatory domain
[    0.416945] Switched to clocksource timer_us
[    0.426215] NET: Registered protocol family 2
[    0.426904] TCP established hash table entries: 8192 (order: 4, 65536 bytes)
[    0.427024] TCP bind hash table entries: 8192 (order: 4, 65536 bytes)
[    0.427103] TCP: Hash tables configured (established 8192 bind 8192)
[    0.427569] TCP: reno registered
[    0.427583] UDP hash table entries: 512 (order: 2, 16384 bytes)
[    0.427647] UDP-Lite hash table entries: 512 (order: 2, 16384 bytes)
[    0.428021] NET: Registered protocol family 1
[    0.428619] RPC: Registered named UNIX socket transport module.
[    0.428625] RPC: Registered udp transport module.
[    0.428628] RPC: Registered tcp transport module.
[    0.428632] RPC: Registered tcp NFSv4.1 backchannel transport module.
[    0.428641] PCI: CLS 0 bytes, default 64
[    0.429541] hw perfevents: enabled with ARMv7 Cortex-A9 PMU driver, 7 counters available
[    0.431894] bounce pool size: 64 pages
[    0.433057] squashfs: version 4.0 (2009/01/31) Phillip Lougher
[    0.433698] msgmni has been set to 1468
[    0.434812] io scheduler noop registered (default)
[    0.438960] tegra-apbdma 6000a000.dma: Tegra20 APB DMA driver register 32 channels
[    0.439362] Serial: 8250/16550 driver, 4 ports, IRQ sharing disabled
[    0.440667] 70006000.serial: ttyS0 at MMIO 0x70006000 (irq = 68, base_baud = 25500000) is a Tegra
[    0.843646] console [ttyS0] enabled
[    0.846008] [drm] Initialized drm 1.1.0 20060810
[    0.849967] [drm] Supports vblank timestamp caching Rev 1 (10.10.2010).
[    0.853286] [drm] No driver support for vblank timestamp query.
[    0.856267] tegra-host1x 50000000.host1x: No connectors reported connected with modes
[    0.860229] [drm] Cannot find any crtc or sizes - going 1024x768
[    0.878538] Console: switching to colour frame buffer device 128x48
[    0.887739] tegra-host1x 50000000.host1x: fb0:  frame buffer device
[    0.890884] tegra-host1x 50000000.host1x: registered panic notifier
[    0.894034] [drm] Initialized tegra 0.0.0 20120330 on minor 0
[    0.900243] loop: module loaded
[    0.904482] m25p80 spi32766.1: w25q32 (4096 Kbytes)
[    0.908030] pegasus: v0.9.3 (2013/04/25), Pegasus/Pegasus II USB Ethernet driver
[    0.911811] usbcore: registered new interface driver pegasus
[    0.914706] usbcore: registered new interface driver asix
[    0.917482] usbcore: registered new interface driver ax88179_178a
[    0.920585] usbcore: registered new interface driver cdc_ether
[    0.923556] usbcore: registered new interface driver r815x
[    0.926385] usbcore: registered new interface driver smsc75xx
[    0.929341] usbcore: registered new interface driver smsc95xx
[    0.932271] usbcore: registered new interface driver net1080
[    0.935154] usbcore: registered new interface driver cdc_subset
[    0.938181] usbcore: registered new interface driver zaurus
[    0.941045] usbcore: registered new interface driver cdc_ncm
[    0.943919] ehci_hcd: USB 2.0 'Enhanced' Host Controller (EHCI) Driver
[    0.947204] ehci-pci: EHCI PCI platform driver
[    0.949490] tegra-ehci: Tegra EHCI driver
[    0.951762] usbcore: registered new interface driver cdc_acm
[    0.954599] cdc_acm: USB Abstract Control Model driver for USB modems and ISDN adapters
[    0.958671] usbcore: registered new interface driver cdc_wdm
[    0.961571] usbcore: registered new interface driver usb-storage
[    0.965007] mousedev: PS/2 mouse device common for all mice
[    0.968763] tegra_rtc 7000e000.rtc: rtc core: registered 7000e000.rtc as rtc0
[    0.972364] tegra_rtc 7000e000.rtc: Tegra internal Real Time Clock
[    0.988351] tps65910-rtc tps65910-rtc: rtc core: registered tps65910-rtc as rtc1
[    0.993333] sdhci: Secure Digital Host Controller Interface driver
[    0.996431] sdhci: Copyright(c) Pierre Ossman
[    0.998631] sdhci-pltfm: SDHCI platform and OF driver helper
[    1.001783] sdhci-tegra 78000000.sdhci: Got CD GPIO #69.
[    1.004467] sdhci-tegra 78000000.sdhci: Got WP GPIO #155.
[    1.007247] mmc0: no vqmmc regulator found
[    1.009305] mmc0: no vmmc regulator found
[    1.011316] mmc0: Invalid maximum block size, assuming 512 bytes
[    1.056955] mmc0: SDHCI controller on 78000000.sdhci [78000000.sdhci] using ADMA
[    1.061759] mmc1: no vqmmc regulator found
[    1.063815] mmc1: no vmmc regulator found
[    1.065826] mmc1: Invalid maximum block size, assuming 512 bytes
[    1.106953] mmc1: SDHCI controller on 78000600.sdhci [78000600.sdhci] using ADMA
[    1.113419] usbcore: registered new interface driver usbhid
[    1.118257] usbhid: USB HID core driver
[    1.265434] mmc1: new high speed MMC card at address 0001
[    1.268581] mmcblk0: mmc1:0001 SEM16G 14.8 GiB 
[    1.271077] mmcblk0boot0: mmc1:0001 SEM16G partition 1 1.00 MiB
[    1.274256] mmcblk0boot1: mmc1:0001 SEM16G partition 2 1.00 MiB
[    1.277460] mmcblk0rpmb: mmc1:0001 SEM16G partition 3 128 KiB
[    1.284447] Primary GPT is invalid, using alternate GPT.
[    1.287147]  mmcblk0: p1 p2 p3 p4 p5
[    1.293045]  mmcblk0boot1: unknown partition table
[    1.298446]  mmcblk0boot0: unknown partition table
[    1.545791] tegra-snd-rt5640 sound.4:  rt5640-aif1 <-> 70080400.i2s mapping ok
[    1.552420] input: NVIDIA Tegra Beaver Headphones as /devices/soc0/sound.4/sound/card0/input0
[    1.557883] TCP: cubic registered
[    1.559744] NET: Registered protocol family 10
[    1.563004] mip6: Mobile IPv6
[    1.564496] sit: IPv6 over IPv4 tunneling driver
[    1.568006] NET: Registered protocol family 17
[    1.570268] NET: Registered protocol family 15
[    1.572670] Bluetooth: RFCOMM socket layer initialized
[    1.575250] Bluetooth: RFCOMM ver 1.11
[    1.577148] Bluetooth: BNEP (Ethernet Emulation) ver 1.3
[    1.579825] Bluetooth: BNEP socket layer initialized
[    1.582314] Bluetooth: HIDP (Human Interface Emulation) ver 1.2
[    1.585292] Bluetooth: HIDP socket layer initialized
[    1.588221] Registering SWP/SWPB emulation handler
[    1.591077] vdd_sata,avdd_plle: disabling
[    1.594725] chargepump_5v: 5000 mV 
[    1.597990] vdd_ddr: 1500 mV 
[    1.599575] vdd_ddr: supplied by vdd_5v_in
[    1.602812] sys_3v3,vdd_3v3_alw: 3300 mV 
[    1.604842] sys_3v3,vdd_3v3_alw: supplied by vdd_5v_in
[    1.607658] sys_3v3_pexs: 3300 mV 
[    1.609382] sys_3v3_pexs: supplied by sys_3v3,vdd_3v3_alw
[    1.612432] tegra_rtc 7000e000.rtc: setting system clock to 1970-01-01 00:03:49 UTC (229)
[    1.616761] ALSA device list:
[    1.618267]   #0: NVIDIA Tegra Beaver
[    1.782299] kjournald starting.  Commit interval 5 seconds
[    1.784101] EXT3-fs (mmcblk0p1): using internal journal
[    1.785592] EXT3-fs (mmcblk0p1): recovery complete
[    1.785595] EXT3-fs (mmcblk0p1): mounted filesystem with writeback data mode
[    1.785672] VFS: Mounted root (ext3 filesystem) on device 179:1.
[    1.787969] devtmpfs: mounted
[    1.788219] Freeing unused kernel memory: 236K (c07c7000 - c0802000)
 
INIT: version 2.88 booting
[info] Using makefile-style concurrent boot in runlevel S.
[....] Starting the hotplug events dispatcher: udevd[    2.690371] udevd[177]: starting version 175
[ ok .
[....] Synthesizing the initial hotplug events...[ ok done.
[....] Waiting for /dev to be fully populated...[ ok done.
[....] Activating swap...[ ok done.
[....] Cleaning up temporary files... /tmp[ ok .
[....] Activating lvm and md swap...[ ok done.
[....] Checking file systems...fsck from util-linux 2.20.1
[ ok done.
[....] Mounting local filesystems...[ ok done.
[....] Activating swapfile swap...[ ok done.
[....] Cleaning up temporary files...[ ok .
[....] Setting kernel variables ...[ ok done.
[....] Configuring network interfaces...[ ok done.
[....] Starting rpcbind daemon...[ ok .
[....] Starting NFS common utilities: statd idmapd[FAIL failed!
[....] Cleaning up temporary files...[ ok .
[....] Starting network benchmark server[ ok .
[....] startpar: service(s) returned failure: nfs-common ...[FAIL failed!
INIT: Entering runlevel: 2
[info] Using makefile-style concurrent boot in runlevel 2.
[....] Starting network benchmark server[FAIL failed!
[....] Starting rpcbind daemon...[....] Already running.[ ok .
[....] Starting system message bus: dbus[ ok .
[....] Starting NFS common utilities: statd idmapd[FAIL failed!
[....] startpar: service(s) returned failure: nfs-common ...[FAIL failed!

Debian GNU/Linux wheezy/sid armel ttyS0

armel login: 