
U-Boot SPL 2013.04-rc2-06423-gf2e8a87-dirty (May 15 2013 - 09:45:39)


U-Boot 2013.04-rc2-06423-gf2e8a87-dirty (May 15 2013 - 09:45:39)

TEGRA30
Board: NVIDIA Beaver
DRAM:  2 GiB
MMC:   Tegra SD/MMC: 0, Tegra SD/MMC: 1
*** Warning - bad CRC, using default environment

In:    serial
Out:   serial
Err:   serial
Hit any key to stop autoboot:  2  0 
Tegra30 (Beaver) # 
Tegra30 (Beaver) # setenv bootargs 'console=ttyS0,230400n8 noinitrd root=/dev/mmcblk0p1 rw rootwait gpt ignore_loglevel debug'
Tegra30 (Beaver) # loady 0x81000000
## Ready for binary (ymodem) download to 0x81000000 at 230400 bps...
CSending: zImage
Sending: 

Transfer complete
yzModem - CRC mode, 2(SOH)/3833(STX)/0(CAN) packets, 3 retries
## Total Size      = 0x003be390 = 3924880 Bytes
Tegra30 (Beaver) # loady 0x82000000
## Ready for binary (ymodem) download to 0x82000000 at 230400 bps...
CSending: tegra30-beaver.dtb
Sending: 

Transfer complete
yzModem - CRC mode, 6(SOH)/20(STX)/0(CAN) packets, 3 retries
## Total Size      = 0x000051a8 = 20904 Bytes
Tegra30 (Beaver) # bootz 0x81000000 - 0x82000000
## Flattened Device Tree blob at 82000000
   Booting using the fdt blob at 0x82000000
   Loading Device Tree to 8fff7000, end 8ffff1a7 ... OK

Starting kernel ...

[    0.000000] Booting Linux on physical CPU 0x0
[    0.000000] Linux version 3.12.0-rc1-22618-g272b98c (pwalmsley@tamien) (gcc version 4.5.1 (Sourcery G++ Lite 2010.09-50) ) #1 SMP Mon Sep 16 14:59:26 PDT 2013
[    0.000000] CPU: ARMv7 Processor [412fc099] revision 9 (ARMv7), cr=10c5387d
[    0.000000] CPU: PIPT / VIPT nonaliasing data cache, VIPT aliasing instruction cache
[    0.000000] Machine: NVIDIA Tegra SoC (Flattened Device Tree), model: NVIDIA Tegra30 Beaver evaluation board
[    0.000000] debug: ignoring loglevel setting.
[    0.000000] Memory policy: ECC disabled, Data cache writealloc
[    0.000000] On node 0 totalpages: 524032
[    0.000000] free_area_init_node: node 0, pgdat c07a2940, node_mem_map c07ea000
[    0.000000]   DMA zone: 1520 pages used for memmap
[    0.000000]   DMA zone: 0 pages reserved
[    0.000000]   DMA zone: 194560 pages, LIFO batch:31
[    0.000000]   HighMem zone: 2574 pages used for memmap
[    0.000000]   HighMem zone: 329472 pages, LIFO batch:31
[    0.000000] fuse_speedo_calib: ATE prog ver 3.3
[    0.000000] Tegra30: CPU Speedo ID 5, Soc Speedo ID 2
[    0.000000] Tegra Revision: A03 SKU: 128 CPU Process: 4 Core Process: 0
[    0.000000] L310 cache controller enabled
[    0.000000] l2x0: 8 ways, CACHE_ID 0x410000c7, AUX_CTRL 0x7e480001, Cache size: 1024 kB
[    0.000000] PERCPU: Embedded 5 pages/cpu @c17fd000 s6976 r0 d13504 u32768
[    0.000000] pcpu-alloc: s6976 r0 d13504 u32768 alloc=8*4096
[    0.000000] pcpu-alloc: [0] 0 [0] 1 [0] 2 [0] 3 
[    0.000000] Built 1 zonelists in Zone order, mobility grouping on.  Total pages: 522512
[    0.000000] Kernel command line: console=ttyS0,230400n8 noinitrd root=/dev/mmcblk0p1 rw rootwait gpt ignore_loglevel debug
[    0.000000] PID hash table entries: 4096 (order: 2, 16384 bytes)
[    0.000000] Dentry cache hash table entries: 131072 (order: 7, 524288 bytes)
[    0.000000] Inode-cache hash table entries: 65536 (order: 6, 262144 bytes)
[    0.000000] Memory: 2070644K/2096128K available (5324K kernel code, 589K rwdata, 1388K rodata, 478K init, 278K bss, 25484K reserved, 1317888K highmem)
[    0.000000] Virtual kernel memory layout:
[    0.000000]     vector  : 0xffff0000 - 0xffff1000   (   4 kB)
[    0.000000]     fixmap  : 0xfff00000 - 0xfffe0000   ( 896 kB)
[    0.000000]     vmalloc : 0xf0000000 - 0xff000000   ( 240 MB)
[    0.000000]     lowmem  : 0xc0000000 - 0xef800000   ( 760 MB)
[    0.000000]     pkmap   : 0xbfe00000 - 0xc0000000   (   2 MB)
[    0.000000]       .text : 0xc0008000 - 0xc069645c   (6714 kB)
[    0.000000]       .init : 0xc0697000 - 0xc070eb40   ( 479 kB)
[    0.000000]       .data : 0xc0710000 - 0xc07a3720   ( 590 kB)
[    0.000000]        .bss : 0xc07a3728 - 0xc07e9274   ( 279 kB)
[    0.000000] SLUB: HWalign=64, Order=0-3, MinObjects=0, CPUs=4, Nodes=1
[    0.000000] Hierarchical RCU implementation.
[    0.000000] NR_IRQS:16 nr_irqs:16 16
[    0.000000] sched_clock: 32 bits at 1000kHz, resolution 1000ns, wraps every 4294967ms
[    0.000000] Console: colour dummy device 80x30
[    0.000551] Calibrating delay loop... 1397.55 BogoMIPS (lpj=6987776)
[    0.089988] pid_max: default: 32768 minimum: 301
[    0.090088] Mount-cache hash table entries: 512
[    0.092419] CPU: Testing write buffer coherency: ok
[    0.092725] CPU0: thread -1, cpu 0, socket 0, mpidr 80000000
[    0.092774] Setting up static identity map for 0xc050ece8 - 0xc050ed80
[    0.092900] unable to find compatible sirf rstc node in dtb
[    0.199956] CPU1: failed to boot: -110
[    0.200785] CPU2: Booted secondary processor
[    0.239981] CPU2: thread -1, cpu 2, socket 0, mpidr 80000002
[    0.240833] CPU3: Booted secondary processor
[    0.279980] CPU3: thread -1, cpu 3, socket 0, mpidr 80000003
[    0.280039] Brought up 3 CPUs
[    0.280050] SMP: Total of 3 processors activated.
[    0.280057] CPU: All CPU(s) started in SVC mode.
[    0.280590] devtmpfs: initialized
[    0.283009] VFP support v0.3: implementor 41 architecture 3 part 30 variant 9 rev 4
[    0.283164] pinctrl core: initialized pinctrl subsystem
[    0.283408] regulator-dummy: no parameters
[    0.285309] NET: Registered protocol family 16
[    0.286725] DMA: preallocated 256 KiB pool for atomic coherent allocations
[    0.293967] Serial: AMBA PL011 UART driver
[    0.296771] bio: create slab <bio-0> at 0
[    0.297650] edma-dma-engine edma-dma-engine.0: Can't allocate PaRAM dummy slot
[    0.297667] edma-dma-engine: probe of edma-dma-engine.0 failed with error -5
[    0.297924] vdd_5v_in: 5000 mV 
[    0.297991] platform 1.regulator: Driver reg-fixed-voltage requests probe deferral
[    0.298021] platform 2.regulator: Driver reg-fixed-voltage requests probe deferral
[    0.298098] vdd_5v_sata: 5000 mV 
[    0.298119] vdd_5v_sata: supplied by vdd_5v_in
[    0.298234] usb1_vbus: 5000 mV 
[    0.298251] usb1_vbus: supplied by vdd_5v_in
[    0.298382] usb3_vbus: 5000 mV 
[    0.298400] usb3_vbus: supplied by vdd_5v_in
[    0.298468] platform 6.regulator: Driver reg-fixed-voltage requests probe deferral
[    0.298542] sys_3v3_pexs: 3300 mV 
[    0.298562] reg-fixed-voltage 7.regulator: Failed to find supply vin
[    0.298612] reg-fixed-voltage 7.regulator: Failed to register regulator: -517
[    0.298621] platform 7.regulator: Driver reg-fixed-voltage requests probe deferral
[    0.299492] SCSI subsystem initialized
[    0.299610] libata version 3.00 loaded.
[    0.299730] usbcore: registered new interface driver usbfs
[    0.299753] usbcore: registered new interface driver hub
[    0.299811] usbcore: registered new device driver usb
[    0.302315] tps62361-vout: 500 <--> 1500 mV at 1160 mV 
[    0.302477] pps_core: LinuxPPS API ver. 1 registered
[    0.302482] pps_core: Software ver. 5.3.6 - Copyright 2005-2007 Rodolfo Giometti <giometti@linux.it>
[    0.302494] PTP clock support registered
[    0.302513] EDAC MC: Ver: 3.0.0
[    0.303149] Switched to clocksource timer_us
[    0.307876] NET: Registered protocol family 2
[    0.308244] TCP established hash table entries: 8192 (order: 4, 65536 bytes)
[    0.308322] TCP bind hash table entries: 8192 (order: 4, 65536 bytes)
[    0.308399] TCP: Hash tables configured (established 8192 bind 8192)
[    0.308475] TCP: reno registered
[    0.308486] UDP hash table entries: 512 (order: 2, 16384 bytes)
[    0.308551] UDP-Lite hash table entries: 512 (order: 2, 16384 bytes)
[    0.308771] NET: Registered protocol family 1
[    0.308982] RPC: Registered named UNIX socket transport module.
[    0.308988] RPC: Registered udp transport module.
[    0.308991] RPC: Registered tcp transport module.
[    0.308995] RPC: Registered tcp NFSv4.1 backchannel transport module.
[    0.310972] bounce pool size: 64 pages
[    0.315239] NFS: Registering the id_resolver key type
[    0.315278] Key type id_resolver registered
[    0.315283] Key type id_legacy registered
[    0.315428] Block layer SCSI generic (bsg) driver version 0.4 loaded (major 251)
[    0.315436] io scheduler noop registered
[    0.315441] io scheduler deadline registered
[    0.315519] io scheduler cfq registered (default)
[    0.317893] tegra-apbdma 6000a000.dma: Tegra20 APB DMA driver register 32 channels
[    0.347211] Serial: 8250/16550 driver, 4 ports, IRQ sharing disabled
[    0.348019] Serial: IMX driver
[    0.348601] 70006000.serial: ttyS0 at MMIO 0x70006000 (irq = 68, base_baud = 25500000) is a Tegra
[    0.675430] console [ttyS0] enabled
[    0.677766] serial: Freescale lpuart driver
[    0.680049] [drm] Initialized drm 1.1.0 20060810
[    0.683388] tegra-hdmi 54280000.hdmi: failed to get VDD regulator
[    0.686456] platform 54280000.hdmi: Driver tegra-hdmi requests probe deferral
[    0.691744] ehci_hcd: USB 2.0 'Enhanced' Host Controller (EHCI) Driver
[    0.695031] ehci-platform: EHCI generic platform driver
[    0.697726] ehci-omap: OMAP-EHCI Host Controller driver
[    0.700394] ehci-orion: EHCI orion driver
[    0.702450] SPEAr-ehci: EHCI SPEAr driver
[    0.704520] tegra-ehci: Tegra EHCI driver
[    0.706635] platform 7d008000.usb: Driver tegra-ehci requests probe deferral
[    0.710331] usbcore: registered new interface driver usb-storage
[    0.715197] mousedev: PS/2 mouse device common for all mice
[    0.718435] tegra_rtc 7000e000.rtc: rtc core: registered 7000e000.rtc as rtc0
[    0.722030] tegra_rtc 7000e000.rtc: Tegra internal Real Time Clock
[    0.725518] sdhci: Secure Digital Host Controller Interface driver
[    0.728617] sdhci: Copyright(c) Pierre Ossman
[    0.730984] sdhci-pltfm: SDHCI platform and OF driver helper
[    0.734078] sdhci-tegra 78000000.sdhci: Got CD GPIO #69.
[    0.736752] sdhci-tegra 78000000.sdhci: Got WP GPIO #155.
[    0.739488] mmc0: no vqmmc regulator found
[    0.741543] mmc0: no vmmc regulator found
[    0.743567] mmc0: Invalid maximum block size, assuming 512 bytes
[    0.793157] mmc0: SDHCI controller on 78000000.sdhci [78000000.sdhci] using ADMA
[    0.797920] mmc1: no vqmmc regulator found
[    0.799975] mmc1: no vmmc regulator found
[    0.801985] mmc1: Invalid maximum block size, assuming 512 bytes
[    0.843156] mmc1: SDHCI controller on 78000600.sdhci [78000600.sdhci] using ADMA
[    0.847130] usbcore: registered new interface driver usbhid
[    0.849926] usbhid: USB HID core driver
[    0.852043] TCP: cubic registered
[    0.854026] NET: Registered protocol family 10
[    0.856675] sit: IPv6 over IPv4 tunneling driver
[    0.859409] Key type dns_resolver registered
[    0.861656] Registering SWP/SWPB emulation handler
[    0.866038] platform 1.regulator: Driver reg-fixed-voltage requests probe deferral
[    0.870074] platform 2.regulator: Driver reg-fixed-voltage requests probe deferral
[    0.874029] platform 6.regulator: Driver reg-fixed-voltage requests probe deferral
[    0.878036] sys_3v3_pexs: 3300 mV 
[    0.879772] reg-fixed-voltage 7.regulator: Failed to find supply vin
[    0.883006] reg-fixed-voltage 7.regulator: Failed to register regulator: -517
[    0.886602] platform 7.regulator: Driver reg-fixed-voltage requests probe deferral
[    0.890595] tegra-hdmi 54280000.hdmi: failed to get VDD regulator
[    0.893668] platform 54280000.hdmi: Driver tegra-hdmi requests probe deferral
[    0.900285] utmi_phy_clk_enable: timeout waiting for phy to stabilize
[    0.903530] tegra-ehci 7d008000.usb: EHCI Host Controller
[    0.906253] tegra-ehci 7d008000.usb: new USB bus registered, assigned bus number 1
[    0.910163] tegra-ehci 7d008000.usb: irq 129, io mem 0x7d008000
[    0.933158] tegra-ehci 7d008000.usb: USB 2.0 started, EHCI 1.00
[    0.936549] hub 1-0:1.0: USB hub found
[    0.938454] hub 1-0:1.0: 1 port detected
[    0.940706] platform 1.regulator: Driver reg-fixed-voltage requests probe deferral
[    0.944672] platform 2.regulator: Driver reg-fixed-voltage requests probe deferral
[    0.948595] platform 6.regulator: Driver reg-fixed-voltage requests probe deferral
[    0.952564] sys_3v3_pexs: 3300 mV 
[    0.954313] reg-fixed-voltage 7.regulator: Failed to find supply vin
[    0.957539] reg-fixed-voltage 7.regulator: Failed to register regulator: -517
[    0.961122] platform 7.regulator: Driver reg-fixed-voltage requests probe deferral
[    0.965114] tegra-hdmi 54280000.hdmi: failed to get VDD regulator
[    0.968176] platform 54280000.hdmi: Driver tegra-hdmi requests probe deferral
[    0.971840] tegra_rtc 7000e000.rtc: setting system clock to 1970-01-01 00:03:22 UTC (202)
[    0.976527] Waiting for root device /dev/mmcblk0p1...
[    1.001497] mmc1: new high speed MMC card at address 0001
[    1.004506] mmcblk0: mmc1:0001 SEM16G 14.8 GiB 
[    1.006877] mmcblk0boot0: mmc1:0001 SEM16G partition 1 1.00 MiB
[    1.009941] mmcblk0boot1: mmc1:0001 SEM16G partition 2 1.00 MiB
[    1.013004] mmcblk0rpmb: mmc1:0001 SEM16G partition 3 128 KiB
[    1.019797] Primary GPT is invalid, using alternate GPT.
[    1.022482]  mmcblk0: p1 p2 p3 p4 p5
[    1.027834]  mmcblk0boot1: unknown partition table
[    1.033008]  mmcblk0boot0: unknown partition table
[    1.035667] platform 1.regulator: Driver reg-fixed-voltage requests probe deferral
[    1.039672] platform 2.regulator: Driver reg-fixed-voltage requests probe deferral
[    1.043627] platform 6.regulator: Driver reg-fixed-voltage requests probe deferral
[    1.047605] sys_3v3_pexs: 3300 mV 
[    1.049341] reg-fixed-voltage 7.regulator: Failed to find supply vin
[    1.052570] reg-fixed-voltage 7.regulator: Failed to register regulator: -517
[    1.056164] platform 7.regulator: Driver reg-fixed-voltage requests probe deferral
[    1.060152] tegra-hdmi 54280000.hdmi: failed to get VDD regulator
[    1.063223] platform 54280000.hdmi: Driver tegra-hdmi requests probe deferral
[    1.085026] EXT4-fs (mmcblk0p1): mounting ext3 file system using the ext4 subsystem
[    1.264063] EXT4-fs (mmcblk0p1): recovery complete
[    1.268100] EXT4-fs (mmcblk0p1): mounted filesystem with ordered data mode. Opts: (null)
[    1.272199] VFS: Mounted root (ext3 filesystem) on device 179:1.
[    1.280150] devtmpfs: mounted
[    1.282016] Freeing unused kernel memory: 476K (c0697000 - c070e000)
 
INIT: version 2.88 booting
[info] Using makefile-style concurrent boot in runlevel S.
[....] Starting the hotplug events dispatcher: udevd[    2.125032] udevd[157]: starting version 175
[ ok .
[....] Synthesizing the initial hotplug events...[ ok done.
[....] Waiting for /dev to be fully populated...[ ok done.
[....] Activating swap...[ ok done.
[    3.134144] EXT4-fs (mmcblk0p1): re-mounted. Opts: (null)
[....] Cleaning up temporary files... /tmp[ ok .
[....] Activating lvm and md swap...[ ok done.
[....] Checking file systems...fsck from util-linux 2.20.1
[ ok done.
[....] Mounting local filesystems...[ ok done.
[....] Activating swapfile swap...[ ok done.
[....] Cleaning up temporary files...[ ok .
[....] Setting kernel variables ...[ ok done.
[....] Configuring network interfaces...[ ok done.
[....] Starting rpcbind daemon...[ ok .
[....] Starting NFS common utilities: statd idmapd[ ok .
[....] Cleaning up temporary files...[ ok .
[....] Starting network benchmark server[ ok .
INIT: Entering runlevel: 2
[info] Using makefile-style concurrent boot in runlevel 2.
[....] Starting network benchmark server[FAIL failed!
[....] Starting rpcbind daemon...[....] Already running.[ ok .
[....] Starting NFS common utilities: statd idmapd[ ok .
[....] Starting system message bus: dbus[ ok .

Debian GNU/Linux wheezy/sid armel ttyS0

armel login: 