

U-Boot 2015.04-00466-gedec83e90172 (Mar 14 2016 - 10:42:01)

TEGRA124
Model: Acer Chromebook 13 CB5-311
DRAM:  4 GiB
:   Tegra SD/MMC: 0, Tegra SD/MMC: 1, Tegra SD/MMC: 2
MMC init failed
Using default environment

In:    serial
Out:   serial
Err:   serial
Net:   Net Initialization Skipped
No ethernet found.
Hit any key to stop autoboot:  2  1  0 
Tegra124 (Nyan-big) # 
Tegra124 (Nyan-big) # usb start
starting USB...
USB0:   USB EHCI 1.10
scanning bus 0 for devices... 2 USB Device(s) found
USB1:   USB EHCI 1.10
scanning bus 1 for devices... 2 USB Device(s) found
       scanning usb for storage devices... 1 Storage Device(s) found
       scanning usb for ethernet devices... 
Warning: asx0 using MAC address from net device
1 Ethernet Device(s) found
Tegra124 (Nyan-big) # mw 0x7000e4a0 0x00080000
Tegra124 (Nyan-big) # setenv bootargs 'ignore_loglevel console=ttyS0,115200n8 rw root=PARTUUID=4d36e82a-b3c0-4b4b-bfcd-afe5217ac023 rootwait gpt debug noinitrd earlyprintk init=/bin/bash'
Tegra124 (Nyan-big) # setenv ipaddr 192.168.100.102; setenv serverip 192.168.100.1; setenv tftpserverip 192.168.100.1
Tegra124 (Nyan-big) # tftpboot 0x82000000 zImage.multi_v7_defconfig
Using asx0 device
TFTP from server 192.168.100.1; our IP address is 192.168.100.102
Filename 'zImage.multi_v7_defconfig'.
Load address: 0x82000000
Loading: *#################################################################
	 #################################################################
	 #################################################################
	 #################################################################
	 #################################################################
	 #################################################################
	 #################################################################
	 #################################################################
	 #####################################
	 2.8 MiB/s
done
Bytes transferred = 8167936 (7ca200 hex)
Tegra124 (Nyan-big) # tftpboot 0x83000000 tegra124-nyan-big.dtb
Using asx0 device
TFTP from server 192.168.100.1; our IP address is 192.168.100.102
Filename 'tegra124-nyan-big.dtb'.
Load address: 0x83000000
Loading: *#####
	 2.7 MiB/s
done
Bytes transferred = 68203 (10a6b hex)
Tegra124 (Nyan-big) # bootz 0x82000000 - 0x83000000
Kernel image @ 0x82000000 [ 0x000000 - 0x7ca200 ]
## Flattened Device Tree blob at 83000000
   Booting using the fdt blob at 0x83000000
   Using Device Tree in place at 83000000, end 83013a6a

Starting kernel ...

[    0.000000] Booting Linux on physical CPU 0x0
[    0.000000] Linux version 4.14.0-201708-gbebc608 (jonathanh@sellafield) (gcc version 4.7.3 20130328 (prerelease) (crosstool-NG linaro-1.13.1-4.7-2013.04-20130415 - Linaro GCC 2013.04)) #1 SMP Mon Nov 13 02:04:20 PST 2017
[    0.000000] CPU: ARMv7 Processor [413fc0f3] revision 3 (ARMv7), cr=10c5387d
[    0.000000] CPU: div instructions available: patching division code
[    0.000000] CPU: PIPT / VIPT nonaliasing data cache, PIPT instruction cache
[    0.000000] OF: fdt: Machine model: Acer Chromebook 13 CB5-311
[    0.000000] OF: fdt: Ignoring memory range 0x100000000 - 0x17ffff000
[    0.000000] debug: ignoring loglevel setting.
[    0.000000] Memory policy: Data cache writealloc
[    0.000000] efi: Getting EFI parameters from FDT:
[    0.000000] efi: UEFI not found.
[    0.000000] cma: Reserved 64 MiB at 0xfb800000
[    0.000000] On node 0 totalpages: 524287
[    0.000000] free_area_init_node: node 0, pgdat c158fa80, node_mem_map eeff8000
[    0.000000]   DMA zone: 1536 pages used for memmap
[    0.000000]   DMA zone: 0 pages reserved
[    0.000000]   DMA zone: 196608 pages, LIFO batch:31
[    0.000000]   HighMem zone: 327679 pages, LIFO batch:31
[    0.000000] random: fast init done
[    0.000000] percpu: Embedded 17 pages/cpu @eef81000 s39424 r8192 d22016 u69632
[    0.000000] pcpu-alloc: s39424 r8192 d22016 u69632 alloc=17*4096
[    0.000000] pcpu-alloc: [0] 0 [0] 1 [0] 2 [0] 3 
[    0.000000] Built 1 zonelists, mobility grouping on.  Total pages: 522751
[    0.000000] Kernel command line: ignore_loglevel console=ttyS0,115200n8 rw root=PARTUUID=4d36e82a-b3c0-4b4b-bfcd-afe5217ac023 rootwait gpt debug noinitrd earlyprintk init=/bin/bash
[    0.000000] PID hash table entries: 4096 (order: 2, 16384 bytes)
[    0.000000] Dentry cache hash table entries: 131072 (order: 7, 524288 bytes)
[    0.000000] Inode-cache hash table entries: 65536 (order: 6, 262144 bytes)
[    0.000000] Memory: 1994372K/2097148K available (10240K kernel code, 1631K rwdata, 4504K rodata, 2048K init, 406K bss, 37240K reserved, 65536K cma-reserved, 1245180K highmem)
[    0.000000] Virtual kernel memory layout:
[    0.000000]     vector  : 0xffff0000 - 0xffff1000   (   4 kB)
[    0.000000]     fixmap  : 0xffc00000 - 0xfff00000   (3072 kB)
[    0.000000]     vmalloc : 0xf0800000 - 0xff800000   ( 240 MB)
[    0.000000]     lowmem  : 0xc0000000 - 0xf0000000   ( 768 MB)
[    0.000000]     pkmap   : 0xbfe00000 - 0xc0000000   (   2 MB)
[    0.000000]     modules : 0xbf000000 - 0xbfe00000   (  14 MB)
[    0.000000]       .text : 0xc0208000 - 0xc0d00000   (11232 kB)
[    0.000000]       .init : 0xc1200000 - 0xc1400000   (2048 kB)
[    0.000000]       .data : 0xc1400000 - 0xc1597f28   (1632 kB)
[    0.000000]        .bss : 0xc15a0b9c - 0xc16064fc   ( 407 kB)
[    0.000000] SLUB: HWalign=64, Order=0-3, MinObjects=0, CPUs=4, Nodes=1
[    0.000000] Hierarchical RCU implementation.
[    0.000000] 	RCU event tracing is enabled.
[    0.000000] 	RCU restricting CPUs from NR_CPUS=16 to nr_cpu_ids=4.
[    0.000000] RCU: Adjusting geometry for rcu_fanout_leaf=16, nr_cpu_ids=4
[    0.000000] NR_IRQS: 16, nr_irqs: 16, preallocated irqs: 16
[    0.000000] /interrupt-controller@60004000: 160 interrupts forwarded to /interrupt-controller@50041000
[    0.000000] Tegra clk 127: register failed with -17
[    0.000003] sched_clock: 32 bits at 1000kHz, resolution 1000ns, wraps every 2147483647500ns
[    0.000010] clocksource: timer_us: mask: 0xffffffff max_cycles: 0xffffffff, max_idle_ns: 1911260446275 ns
[    0.000017] Switching to timer-based delay loop, resolution 1000ns
[    0.001749] arch_timer: cp15 timer(s) running at 12.00MHz (virt).
[    0.001756] clocksource: arch_sys_counter: mask: 0xffffffffffffff max_cycles: 0x2c47f4ee7, max_idle_ns: 440795202497 ns
[    0.001763] sched_clock: 56 bits at 12MHz, resolution 83ns, wraps every 4398046511096ns
[    0.001767] Switching to timer-based delay loop, resolution 83ns
[    0.001982] Console: colour dummy device 80x30
[    0.001997] Calibrating delay loop (skipped), value calculated using timer frequency.. 24.00 BogoMIPS (lpj=120000)
[    0.002004] pid_max: default: 32768 minimum: 301
[    0.002044] Mount-cache hash table entries: 2048 (order: 1, 8192 bytes)
[    0.002050] Mountpoint-cache hash table entries: 2048 (order: 1, 8192 bytes)
[    0.002254] CPU: Testing write buffer coherency: ok
[    0.002375] /cpus/cpu@0 missing clock-frequency property
[    0.002390] /cpus/cpu@1 missing clock-frequency property
[    0.002405] /cpus/cpu@2 missing clock-frequency property
[    0.002420] /cpus/cpu@3 missing clock-frequency property
[    0.002425] CPU0: thread -1, cpu 0, socket 0, mpidr 80000000
[    0.002542] Setting up static identity map for 0x80300000 - 0x803000a0
[    0.003241] Hierarchical SRCU implementation.
[    0.003915] Tegra Revision: A01 SKU: 131 CPU Process: 1 SoC Process: 1
[    0.004183] EFI services will not be available.
[    0.004242] smp: Bringing up secondary CPUs ...
[    0.004466] CPU1: thread -1, cpu 1, socket 0, mpidr 80000001
[    0.011958] CPU2: thread -1, cpu 2, socket 0, mpidr 80000002
[    0.021969] CPU3: thread -1, cpu 3, socket 0, mpidr 80000003
[    0.031748] smp: Brought up 1 node, 4 CPUs
[    0.031755] SMP: Total of 4 processors activated (96.00 BogoMIPS).
[    0.031759] CPU: All CPU(s) started in SVC mode.
[    0.032316] devtmpfs: initialized
[    0.037271] VFP support v0.3: implementor 41 architecture 4 part 30 variant f rev 0
[    0.037468] clocksource: jiffies: mask: 0xffffffff max_cycles: 0xffffffff, max_idle_ns: 19112604462750000 ns
[    0.037476] futex hash table entries: 1024 (order: 4, 65536 bytes)
[    0.038049] pinctrl core: initialized pinctrl subsystem
[    0.038678] DMI not present or invalid.
[    0.038782] NET: Registered protocol family 16
[    0.039533] DMA: preallocated 256 KiB pool for atomic coherent allocations
[    0.040396] cpuidle: using governor menu
[    0.048655] No ATAGs?
[    0.048710] hw-breakpoint: found 5 (+1 reserved) breakpoint and 4 watchpoint registers.
[    0.048716] hw-breakpoint: maximum watchpoint size is 8 bytes.
[    0.051458] Serial: AMBA PL011 UART driver
[    0.051824] tegra-mc 70019000.memory-controller: no memory timings for RAM code 0 registered
[    0.051933] iommu: Adding device reg-dummy to group 0
[    0.051961] iommu: Adding device 50000000.host1x to group 1
[    0.051990] iommu: Adding device 54200000.dc to group 2
[    0.052014] iommu: Adding device 54240000.dc to group 3
[    0.052028] iommu: Adding device 54280000.hdmi to group 4
[    0.052039] iommu: Adding device 54540000.sor to group 5
[    0.052052] iommu: Adding device 545c0000.dpaux to group 6
[    0.052076] iommu: Adding device 57000000.gpu to group 7
[    0.052087] iommu: Adding device 60005000.timer to group 8
[    0.052097] iommu: Adding device 60007000.flow-controller to group 9
[    0.052107] iommu: Adding device 6000c800.actmon to group 10
[    0.052118] iommu: Adding device 6000d000.gpio to group 11
[    0.052130] iommu: Adding device 60020000.dma to group 12
[    0.052141] iommu: Adding device 70000800.apbmisc to group 13
[    0.052151] iommu: Adding device 70000868.pinmux to group 14
[    0.052162] iommu: Adding device 70006000.serial to group 15
[    0.052175] iommu: Adding device 7000a000.pwm to group 16
[    0.052186] iommu: Adding device 7000c000.i2c to group 17
[    0.052196] iommu: Adding device 7000c400.i2c to group 18
[    0.052206] iommu: Adding device 7000c500.i2c to group 19
[    0.052219] iommu: Adding device 7000c700.i2c to group 20
[    0.052229] iommu: Adding device 7000d000.i2c to group 21
[    0.052241] iommu: Adding device 7000d400.spi to group 22
[    0.052252] iommu: Adding device 7000da00.spi to group 23
[    0.052262] iommu: Adding device 7000e000.rtc to group 24
[    0.052272] iommu: Adding device 7000e400.pmc to group 25
[    0.052282] iommu: Adding device 7000f800.fuse to group 26
[    0.052295] iommu: Adding device 70019000.memory-controller to group 27
[    0.052306] iommu: Adding device 7001b000.emc to group 28
[    0.052319] iommu: Adding device 70030000.hda to group 29
[    0.052330] iommu: Adding device 70090000.usb to group 30
[    0.052340] iommu: Adding device 7009f000.padctl to group 31
[    0.052351] iommu: Adding device 700b0000.sdhci to group 32
[    0.052361] iommu: Adding device 700b0400.sdhci to group 33
[    0.052372] iommu: Adding device 700b0600.sdhci to group 34
[    0.052383] iommu: Adding device 700e2000.thermal-sensor to group 35
[    0.052394] iommu: Adding device 70300000.ahub to group 36
[    0.052406] iommu: Adding device pmu to group 37
[    0.052419] iommu: Adding device timer to group 38
[    0.052429] iommu: Adding device sdhci0_pwrseq to group 39
[    0.052439] iommu: Adding device backlight to group 40
[    0.052450] iommu: Adding device clocks to group 41
[    0.052460] iommu: Adding device gpio-keys to group 42
[    0.052470] iommu: Adding device regulators to group 43
[    0.052480] iommu: Adding device regulators:regulator@0 to group 44
[    0.052491] iommu: Adding device regulators:regulator@1 to group 45
[    0.052504] iommu: Adding device regulators:regulator@2 to group 46
[    0.052515] iommu: Adding device regulators:regulator@3 to group 47
[    0.052527] iommu: Adding device regulators:regulator@4 to group 48
[    0.052538] iommu: Adding device regulators:regulator@5 to group 49
[    0.052548] iommu: Adding device regulators:regulator@6 to group 50
[    0.052558] iommu: Adding device regulators:regulator@7 to group 51
[    0.052569] iommu: Adding device regulators:regulator@8 to group 52
[    0.052581] iommu: Adding device regulators:regulator@9 to group 53
[    0.052593] iommu: Adding device regulators:regulator@10 to group 54
[    0.052604] iommu: Adding device regulators:regulator@11 to group 55
[    0.052615] iommu: Adding device regulators:regulator@12 to group 56
[    0.052625] iommu: Adding device sound to group 57
[    0.052635] iommu: Adding device gpio-restart to group 58
[    0.052647] iommu: Adding device panel to group 59
[    0.057660] AT91: Could not find identification node
[    0.057867] +5V_SYS: supplied by +VDD_MUX
[    0.057965] +3.3V_SYS: supplied by +VDD_MUX
[    0.058177] +VDD_LED: Failed to request enable GPIO122: -517
[    0.058183] reg-fixed-voltage regulators:regulator@5: Failed to register regulator: -517
[    0.058217] +5V_VDD_TS_SW: Failed to request enable GPIO81: -517
[    0.058222] reg-fixed-voltage regulators:regulator@6: Failed to register regulator: -517
[    0.058254] +5V_USB_HS: Failed to request enable GPIO108: -517
[    0.058258] reg-fixed-voltage regulators:regulator@7: Failed to register regulator: -517
[    0.058290] +5V_USB_SS: Failed to request enable GPIO109: -517
[    0.058295] reg-fixed-voltage regulators:regulator@8: Failed to register regulator: -517
[    0.058384] +1.05V_RUN_AVDD_HDMI_PLL: Failed to request enable GPIO63: -517
[    0.058389] reg-fixed-voltage regulators:regulator@11: Failed to register regulator: -517
[    0.058422] +5V_HDMI_CON: Failed to request enable GPIO86: -517
[    0.058426] reg-fixed-voltage regulators:regulator@12: Failed to register regulator: -517
[    0.059408] vgaarb: loaded
[    0.059665] SCSI subsystem initialized
[    0.059734] libata version 3.00 loaded.
[    0.059809] usbcore: registered new interface driver usbfs
[    0.059827] usbcore: registered new interface driver hub
[    0.059849] usbcore: registered new device driver usb
[    0.061125] pps_core: LinuxPPS API ver. 1 registered
[    0.061129] pps_core: Software ver. 5.3.6 - Copyright 2005-2007 Rodolfo Giometti <giometti@linux.it>
[    0.061137] PTP clock support registered
[    0.061201] EDAC MC: Ver: 3.0.0
[    0.061304] dmi: Firmware registration failed.
[    0.061599] tegra-emc 7001b000.emc: no memory timings for RAM code 0 found in DT
[    0.061609] tegra-emc: probe of 7001b000.emc failed with error -2
[    0.062050] clocksource: Switched to clocksource arch_sys_counter
[    0.081395] NET: Registered protocol family 2
[    0.081589] TCP established hash table entries: 8192 (order: 3, 32768 bytes)
[    0.081623] TCP bind hash table entries: 8192 (order: 4, 65536 bytes)
[    0.081685] TCP: Hash tables configured (established 8192 bind 8192)
[    0.081718] UDP hash table entries: 512 (order: 2, 16384 bytes)
[    0.081733] UDP-Lite hash table entries: 512 (order: 2, 16384 bytes)
[    0.081793] NET: Registered protocol family 1
[    0.081941] RPC: Registered named UNIX socket transport module.
[    0.081945] RPC: Registered udp transport module.
[    0.081948] RPC: Registered tcp transport module.
[    0.081951] RPC: Registered tcp NFSv4.1 backchannel transport module.
[    0.081956] PCI: CLS 0 bytes, default 64
[    0.082547] hw perfevents: enabled with armv7_cortex_a15 PMU driver, 7 counters available
[    0.082825] iommu: Adding device alarmtimer to group 60
[    0.083177] workingset: timestamp_bits=30 max_order=19 bucket_order=0
[    0.085154] squashfs: version 4.0 (2009/01/31) Phillip Lougher
[    0.085367] NFS: Registering the id_resolver key type
[    0.085379] Key type id_resolver registered
[    0.085382] Key type id_legacy registered
[    0.085398] ntfs: driver 2.1.32 [Flags: R/O].
[    0.085888] bounce: pool size: 64 pages
[    0.085909] Block layer SCSI generic (bsg) driver version 0.4 loaded (major 248)
[    0.085914] io scheduler noop registered
[    0.085917] io scheduler deadline registered
[    0.085987] io scheduler cfq registered (default)
[    0.085991] io scheduler mq-deadline registered
[    0.085994] io scheduler kyber registered
[    0.087265] tegra-xusb-padctl 7009f000.padctl: failed to setup XUSB ports: -517
[    0.097715] tegra-apbdma 60020000.dma: Tegra20 APB DMA driver register 32 channels
[    0.098726] tegra-pmc 7000e400.pmc: i2c-thermtrip node not found, emergency thermal reset disabled.
[    0.115260] Serial: 8250/16550 driver, 4 ports, IRQ sharing disabled
[    0.115306] iommu: Adding device serial8250 to group 61
[    0.116321] console [ttyS0] disabled
[    0.116339] 70006000.serial: ttyS0 at MMIO 0x70006000 (irq = 333, base_baud = 25500000) is a Tegra
[    1.363491] console [ttyS0] enabled
[    1.367277] SuperH (H)SCI(F) driver initialized
[    1.372163] msm_serial: driver initialized
[    1.376308] STMicroelectronics ASC driver initialized
[    1.383689] tegra-hdmi 54280000.hdmi: failed to get HDMI regulator
[    1.390229] tegra-dpaux 545c0000.dpaux: failed to get VDD supply: -517
[    1.397655] panel-simple panel: panel supply power not found, using dummy regulator
[    1.407959] brd: module loaded
[    1.413381] loop: module loaded
[    1.417425] as3722 4-0040: AS3722 with revision 0x1 found
[    1.423939] iommu: Adding device as3722-pinctrl to group 62
[    1.430824] iommu: Adding device as3722-regulator to group 63
[    1.438674] as3722-sd2: supplied by +5V_SYS
[    1.443087] as3722-sd3: supplied by +5V_SYS
[    1.447414] +1.35V_LP0(sd3): Bringing 0uV into 1350000-1350000uV
[    1.453629] as3722-sd4: supplied by +5V_SYS
[    1.457958] +1.05V_RUN: Bringing 0uV into 1050000-1050000uV
[    1.463687] as3722-sd5: supplied by +5V_SYS
[    1.469244] as3722-ldo0: supplied by +1.35V_LP0(sd2)
[    1.474966] +1.8V_RUN_CAM: Bringing 0uV into 1800000-1800000uV
[    1.480966] as3722-ldo2: supplied by +1.8V_VDDIO
[    1.486570] as3722-ldo3: supplied by +3.3V_SYS
[    1.491013] +1.00V_LP0_VDD_RTC: Bringing 1100000uV into 1000000-1000000uV
[    1.498576] as3722-ldo4: supplied by +3.3V_SYS
[    1.503178] +3.3V_RUN_CAM: Bringing 0uV into 2800000-2800000uV
[    1.509177] as3722-ldo5: supplied by +1.8V_VDDIO
[    1.513946] +1.2V_RUN_CAM_FRONT: Bringing 0uV into 1200000-1200000uV
[    1.520616] +VDDIO_SDMMC3: Bringing 0uV into 1800000-1800000uV
[    1.526631] as3722-ldo7: supplied by +1.8V_VDDIO
[    1.531396] +1.05V_RUN_CAM_REAR: Bringing 0uV into 1050000-1050000uV
[    1.537936] as3722-ldo9: supplied by +5V_SYS
[    1.542504] +2.8V_RUN_TOUCH: Bringing 0uV into 2800000-2800000uV
[    1.548689] as3722-ldo10: supplied by +5V_SYS
[    1.553199] +2.8V_RUN_CAM_AF: Bringing 0uV into 2800000-2800000uV
[    1.559617] +1.8V_RUN_VPP_FUSE: Bringing 0uV into 1800000-1800000uV
[    1.566112] iommu: Adding device as3722-rtc to group 64
[    1.571463] iommu: Adding device as3722-adc to group 65
[    1.576785] iommu: Adding device as3722-power-off to group 66
[    1.582630] iommu: Adding device as3722-wdt to group 67
[    1.599594] m25p80 spi1.0: w25q32dw (4096 Kbytes)
[    1.605087] iommu: Adding device Fixed MDIO bus.0 to group 68
[    1.610959] libphy: Fixed MDIO Bus: probed
[    1.615371] CAN device driver interface
[    1.619507] bgmac_bcma: Broadcom 47xx GBit MAC driver loaded
[    1.625617] e1000e: Intel(R) PRO/1000 Network Driver - 3.2.6-k
[    1.631433] e1000e: Copyright(c) 1999 - 2015 Intel Corporation.
[    1.637359] igb: Intel(R) Gigabit Ethernet Network Driver - version 5.4.0-k
[    1.644306] igb: Copyright (c) 2007-2014 Intel Corporation.
[    1.651126] pegasus: v0.9.3 (2013/04/25), Pegasus/Pegasus II USB Ethernet driver
[    1.658529] usbcore: registered new interface driver pegasus
[    1.664193] usbcore: registered new interface driver asix
[    1.669587] usbcore: registered new interface driver ax88179_178a
[    1.675678] usbcore: registered new interface driver cdc_ether
[    1.681509] usbcore: registered new interface driver smsc75xx
[    1.687258] usbcore: registered new interface driver smsc95xx
[    1.693003] usbcore: registered new interface driver net1080
[    1.698658] usbcore: registered new interface driver cdc_subset
[    1.704576] usbcore: registered new interface driver zaurus
[    1.710149] usbcore: registered new interface driver cdc_ncm
[    1.716464] ehci_hcd: USB 2.0 'Enhanced' Host Controller (EHCI) Driver
[    1.722981] ehci-pci: EHCI PCI platform driver
[    1.727421] ehci-platform: EHCI generic platform driver
[    1.732705] ehci-orion: EHCI orion driver
[    1.736753] SPEAr-ehci: EHCI SPEAr driver
[    1.740799] ehci-st: EHCI STMicroelectronics driver
[    1.745714] ehci-exynos: EHCI EXYNOS driver
[    1.749937] ehci-atmel: EHCI Atmel driver
[    1.753984] tegra-ehci: Tegra EHCI driver
[    1.758045] ohci_hcd: USB 1.1 'Open' Host Controller (OHCI) Driver
[    1.764218] ohci-pci: OHCI PCI platform driver
[    1.768660] ohci-platform: OHCI generic platform driver
[    1.773936] SPEAr-ohci: OHCI SPEAr driver
[    1.777979] ohci-st: OHCI STMicroelectronics driver
[    1.782894] ohci-atmel: OHCI Atmel driver
[    1.787142] usbcore: registered new interface driver usb-storage
[    1.794147] elan_i2c 1-0015: 1-0015 supply vcc not found, using dummy regulator
[    1.801504] as3722-rtc as3722-rtc: rtc core: registered as3722-rtc as rtc0
[    1.808377] as3722-rtc as3722-rtc: RTC interrupt 372
[    1.815315] tegra_rtc 7000e000.rtc: rtc core: registered 7000e000.rtc as rtc1
[    1.822456] tegra_rtc 7000e000.rtc: Tegra internal Real Time Clock
[    1.828803] i2c /dev entries driver
[    1.833600] IR NEC protocol handler initialized
[    1.838116] IR RC5(x/sz) protocol handler initialized
[    1.843162] IR RC6 protocol handler initialized
[    1.847680] IR JVC protocol handler initialized
[    1.852201] IR Sony protocol handler initialized
[    1.856805] IR SANYO protocol handler initialized
[    1.861494] IR Sharp protocol handler initialized
[    1.866189] IR MCE Keyboard/mouse protocol handler initialized
[    1.872004] IR XMP protocol handler initialized
[    1.877631] lm90 0-004c: 0-004c supply vcc not found, using dummy regulator
[    1.887935] iommu: Adding device cpufreq-tegra124 to group 69
[    1.894742] sdhci: Secure Digital Host Controller Interface driver
[    1.900905] sdhci: Copyright(c) Pierre Ossman
[    1.905815] Synopsys Designware Multimedia Card Interface Driver
[    1.912259] sdhci-pltfm: SDHCI platform and OF driver helper
[    1.918187] sdhci-tegra 700b0000.sdhci: allocated mmc-pwrseq
[    1.931994] sdhci-tegra 700b0400.sdhci: Got CD GPIO
[    1.936886] sdhci-tegra 700b0400.sdhci: Got WP GPIO
[    1.956078] mmc0: Unknown controller version (3). You may experience problems.
[    1.963331] mmc0: Invalid maximum block size, assuming 512 bytes
[    1.994244] elan_i2c 1-0015: Elan Touchpad: Module ID: 0x002a, Firmware: 0x0005, Sample: 0x0007, IAP: 0x0009
[    2.004179] input: Elan Touchpad as /devices/soc0/7000c400.i2c/i2c-1/1-0015/input/input0
[    2.032058] mmc0: SDHCI controller on 700b0600.sdhci [700b0600.sdhci] using ADMA
[    2.040178] ledtrig-cpu: registered to indicate activity on CPUs
[    2.046351] usbcore: registered new interface driver usbhid
[    2.051908] usbhid: USB HID core driver
[    2.057090] NET: Registered protocol family 10
[    2.061845] Segment Routing with IPv6
[    2.065537] sit: IPv6, IPv4 and MPLS over IPv4 tunneling driver
[    2.071633] NET: Registered protocol family 17
[    2.076075] can: controller area network core (rev 20170425 abi 9)
[    2.082265] NET: Registered protocol family 29
[    2.086696] can: raw protocol (rev 20170425)
[    2.090952] can: broadcast manager protocol (rev 20170425 t)
[    2.096602] can: netlink gateway (rev 20170425) max_hops=1
[    2.102195] Key type dns_resolver registered
[    2.106652] ThumbEE CPU extension supported.
[    2.110912] Registering SWP/SWPB emulation handler
[    2.121577] +3.3V_RUN: supplied by +3.3V_SYS
[    2.126680] +VDD_LED: supplied by +VDD_MUX
[    2.130928] +3.3V_AVDD_HDMI_AP_GATED: supplied by +3.3V_RUN
[    2.136554] +1.8V_RUN_CAM: supplied by +3.3V_RUN
[    2.141188] +VDDIO_SDMMC3: supplied by +3.3V_RUN
[    2.145832] +1.8V_RUN_VPP_FUSE: supplied by +3.3V_RUN
[    2.151086] +5V_VDD_TS_SW: supplied by +5V_SYS
[    2.155880] +5V_USB_HS: supplied by +5V_SYS
[    2.160221] +5V_USB_SS: supplied by +5V_SYS
[    2.165359] +3.3V_PANEL: supplied by +3.3V_RUN
[    2.170546] +3.3V_LP0: supplied by +3.3V_SYS
[    2.173092] mmc0: new high speed MMC card at address 0001
[    2.173319] mmcblk0: mmc0:0001 MMC16G 14.4 GiB 
[    2.173392] mmcblk0boot0: mmc0:0001 MMC16G partition 1 2.00 MiB
[    2.173634] mmcblk0boot1: mmc0:0001 MMC16G partition 2 2.00 MiB
[    2.173929] mmcblk0rpmb: mmc0:0001 MMC16G partition 3 128 KiB
[    2.178026]  mmcblk0: p1 p2 p3 p4 p5 p6 p7 p8 p9 p10 p11 p12
[    2.208779] +1.05V_RUN_AVDD_HDMI_PLL: supplied by +1.05V_RUN
[    2.209010] elan_i2c 1-0015: failed to read report data: -121
[    2.209384] elan_i2c 1-0015: failed to read report data: -121
[    2.226277] +5V_HDMI_CON: supplied by +5V_SYS
[    2.231210]  usb3-0: usb3-0 supply vbus not found, using dummy regulator
[    2.238009]  usb3-1: usb3-1 supply vbus not found, using dummy regulator
[    2.248347] tegra-sor 54540000.sor: failed to probe output: -517
[    2.255127] panel-simple panel: panel supply power not found, using dummy regulator
[    2.263869] sdhci-tegra 700b0000.sdhci: allocated mmc-pwrseq
[    2.276264] mmc1: Unknown controller version (3). You may experience problems.
[    2.283528] mmc1: Invalid maximum block size, assuming 512 bytes
[    2.289876] mmc1: Switching to 3.3V signalling voltage failed
[    2.352137] mmc1: SDHCI controller on 700b0000.sdhci [700b0000.sdhci] using ADMA
[    2.360340] sdhci-tegra 700b0400.sdhci: Got CD GPIO
[    2.363506] elan_i2c 1-0015: invalid report id data (ff)
[    2.370555] sdhci-tegra 700b0400.sdhci: Got WP GPIO
[    2.383996] mmc2: Unknown controller version (3). You may experience problems.
[    2.391293] mmc2: Invalid maximum block size, assuming 512 bytes
[    2.423987] mmc1: new high speed SDIO card at address 0001
[    2.462380] mmc2: SDHCI controller on 700b0400.sdhci [700b0400.sdhci] using ADMA
[    2.565907] [drm] Supports vblank timestamp caching Rev 2 (21.10.2013).
[    2.572534] [drm] No driver support for vblank timestamp query.
[    2.612630] mmc2: new high speed SDHC card at address 0007
[    2.612838] mmcblk2: mmc2:0007 SD08G 7.42 GiB 
[    2.621334] GPT:Primary header alternate_lba != Alt. header my_lba
[    2.621338] GPT:3014591 != 15564799
[    2.621339] GPT:Primary header thinks Alt. header is not at the end of the disk.
[    2.621340] GPT:3014591 != 15564799
[    2.621342] GPT: Use GNU Parted to correct GPT errors.
[    2.621366]  mmcblk2: p1 p2 p3 p4 p5 p6 p7 p8 p9 p10 p11 p12
[    2.660896] Console: switching to colour frame buffer device 170x48
[    2.725040] drm drm: fb0:  frame buffer device
[    2.729523] [drm] Initialized tegra 0.0.0 20120330 for drm on minor 0
[    2.737011] input: gpio-keys as /devices/soc0/gpio-keys/input/input1
[    2.744694] as3722-rtc as3722-rtc: setting system clock to 2000-01-13 19:22:23 UTC (947791343)
[    2.753689] +1.8V_RUN_CAM: disabling
[    2.757467] +3.3V_RUN_CAM: disabling
[    2.761199] +1.2V_RUN_CAM_FRONT: disabling
[    2.765578] +1.05V_RUN_CAM_REAR: disabling
[    2.769831] +2.8V_RUN_TOUCH: disabling
[    2.773821] +2.8V_RUN_CAM_AF: disabling
[    2.777811] +1.8V_RUN_VPP_FUSE: disabling
[    2.781975] +5V_VDD_TS_SW: disabling
[    2.785587] +5V_USB_HS: disabling
[    2.788901] +5V_USB_SS: disabling
[    2.793162] EXT4-fs (mmcblk0p3): couldn't mount as ext3 due to feature incompatibilities
[    2.801777] EXT4-fs (mmcblk0p3): couldn't mount as ext2 due to feature incompatibilities
[    2.873150] EXT4-fs (mmcblk0p3): recovery complete
[    2.878614] EXT4-fs (mmcblk0p3): mounted filesystem with ordered data mode. Opts: (null)
[    2.886748] VFS: Mounted root (ext4 filesystem) on device 179:3.
[    2.893475] devtmpfs: mounted
[    2.897144] Freeing unused kernel memory: 2048K
bash: cannot set terminal process group (-1): Inappropriate ioctl for device
bash: no job control in this shell
root@(none):/# mount -t sysfs none /sys
root@(none):/# 
root@(none):/# mount -t debugfs none /sys/kernel/debug
root@(none):/# 
root@(none):/# rtcwake -d rtc1 -m mem -s 3
rtcwake: assuming RTC uses UTC ...
rtcwake: wakeup from "mem" using /dev/rtc1 at Thu Jan  1 00:00:29 1970
[    5.772221] PM: suspend entry (deep)
[    5.775805] PM: Syncing filesystems ... done.
[    5.794036] Freezing user space processes ... (elapsed 0.001 seconds) done.
[    5.802145] OOM killer disabled.
[    5.805365] Freezing remaining freezable tasks ... (elapsed 0.001 seconds) done.
[    5.813973] Suspending console(s) (use no_console_suspend to debug)
[    5.859970] Disabling non-boot CPUs ...
[    5.972263] IRQ17 no longer affine to CPU2
[    6.012723] Entering suspend state LP1
[    6.012736] Enabling non-boot CPUs ...
[    6.013041] CPU1 is up
[    6.013281] CPU2 is up
[    6.013562] CPU3 is up
[    6.173516] mmc1: Switching to 3.3V signalling voltage failed
[    6.432048] tegra-sor 54540000.sor: failed to attach SOR: -110
[    6.496438] OOM killer enabled.
[    6.499567] Restarting tasks ... done.
[    6.511228] PM: suspend exit
root@(none):/# 
root@(none):/# rtcwake -d rtc1 -m mem -s 3
rtcwake: assuming RTC uses UTC ...
rtcwake: wakeup from "mem" using /dev/rtc1 at Thu Jan  1 00:00:34 1970
[    7.501249] PM: suspend entry (deep)
[    7.504835] PM: Syncing filesystems ... done.
[    7.527985] Freezing user space processes ... (elapsed 0.001 seconds) done.
[    7.536109] OOM killer disabled.
[    7.539325] Freezing remaining freezable tasks ... (elapsed 0.001 seconds) done.
[    7.547905] Suspending console(s) (use no_console_suspend to debug)
[    7.593690] Disabling non-boot CPUs ...
[    7.752171] IRQ17 no longer affine to CPU3
[    7.752634] Entering suspend state LP1
[    7.752647] Enabling non-boot CPUs ...
[    7.752955] CPU1 is up
[    7.753197] CPU2 is up
[    7.753476] CPU3 is up
[    7.913396] mmc1: Switching to 3.3V signalling voltage failed
[    8.172065] tegra-sor 54540000.sor: failed to attach SOR: -110
[    8.236199] OOM killer enabled.
[    8.239329] Restarting tasks ... done.
[    8.250903] PM: suspend exit
root@(none):/# 
root@(none):/# rtcwake -d rtc1 -m mem -s 3
rtcwake: assuming RTC uses UTC ...
rtcwake: wakeup from "mem" using /dev/rtc1 at Thu Jan  1 00:00:39 1970
[    9.241220] PM: suspend entry (deep)
[    9.244807] PM: Syncing filesystems ... done.
[    9.267746] Freezing user space processes ... (elapsed 0.001 seconds) done.
[    9.275871] OOM killer disabled.
[    9.279087] Freezing remaining freezable tasks ... (elapsed 0.001 seconds) done.
[    9.287667] Suspending console(s) (use no_console_suspend to debug)
[    9.332613] Disabling non-boot CPUs ...
[    9.512585] Entering suspend state LP1
[    9.512599] Enabling non-boot CPUs ...
[    9.512911] CPU1 is up
[    9.513155] CPU2 is up
[    9.513431] CPU3 is up
[    9.673386] mmc1: Switching to 3.3V signalling voltage failed
[    9.932056] tegra-sor 54540000.sor: failed to attach SOR: -110
[    9.992282] OOM killer enabled.
[    9.995414] Restarting tasks ... done.
[   10.011165] PM: suspend exit
root@(none):/# 
root@(none):/# rtcwake -d rtc1 -m mem -s 3
rtcwake: assuming RTC uses UTC ...
rtcwake: wakeup from "mem" using /dev/rtc1 at Thu Jan  1 00:00:44 1970
[   11.000393] PM: suspend entry (deep)
[   11.003978] PM: Syncing filesystems ... done.
[   11.027936] Freezing user space processes ... (elapsed 0.001 seconds) done.
[   11.036064] OOM killer disabled.
[   11.039280] Freezing remaining freezable tasks ... (elapsed 0.001 seconds) done.
[   11.047858] Suspending console(s) (use no_console_suspend to debug)
[   11.093786] Disabling non-boot CPUs ...
[   11.192152] IRQ17 no longer affine to CPU2
[   11.242556] Entering suspend state LP1
[   11.242569] Enabling non-boot CPUs ...
[   11.242878] CPU1 is up
[   11.243120] CPU2 is up
[   11.243398] CPU3 is up
[   11.403950] mmc1: Switching to 3.3V signalling voltage failed
[   11.662042] tegra-sor 54540000.sor: failed to attach SOR: -110
[   11.726567] OOM killer enabled.
[   11.729697] Restarting tasks ... done.
[   11.741467] PM: suspend exit
root@(none):/# 
root@(none):/# rtcwake -d rtc1 -m mem -s 3
rtcwake: assuming RTC uses UTC ...
rtcwake: wakeup from "mem" using /dev/rtc1 at Thu Jan  1 00:00:49 1970
[   12.730256] PM: suspend entry (deep)
[   12.733831] PM: Syncing filesystems ... done.
[   12.758309] Freezing user space processes ... (elapsed 0.001 seconds) done.
[   12.766435] OOM killer disabled.
[   12.769651] Freezing remaining freezable tasks ... (elapsed 0.001 seconds) done.
[   12.778232] Suspending console(s) (use no_console_suspend to debug)
[   12.824424] Disabling non-boot CPUs ...
[   12.962545] Entering suspend state LP1
[   12.962558] Enabling non-boot CPUs ...
[   12.962868] CPU1 is up
[   12.963112] CPU2 is up
[   12.963388] CPU3 is up
[   13.124170] mmc1: Switching to 3.3V signalling voltage failed
[   13.381973] tegra-sor 54540000.sor: failed to attach SOR: -110
[   13.442929] OOM killer enabled.
[   13.446058] Restarting tasks ... done.
[   13.462008] PM: suspend exit
root@(none):/# 
root@(none):/# rtcwake -d rtc1 -m mem -s 3
rtcwake: assuming RTC uses UTC ...
rtcwake: wakeup from "mem" using /dev/rtc1 at Thu Jan  1 00:00:54 1970
[   14.450234] PM: suspend entry (deep)
[   14.453809] PM: Syncing filesystems ... done.
[   14.478747] Freezing user space processes ... (elapsed 0.001 seconds) done.
[   14.486874] OOM killer disabled.
[   14.490090] Freezing remaining freezable tasks ... (elapsed 0.001 seconds) done.
[   14.498576] Suspending console(s) (use no_console_suspend to debug)
[   14.544969] Disabling non-boot CPUs ...
[   14.642110] IRQ17 no longer affine to CPU2
[   14.682525] Entering suspend state LP1
[   14.682538] Enabling non-boot CPUs ...
[   14.682852] CPU1 is up
[   14.683097] CPU2 is up
[   14.683375] CPU3 is up
[   14.843327] mmc1: Switching to 3.3V signalling voltage failed
[   15.101932] tegra-sor 54540000.sor: failed to attach SOR: -110
[   15.166356] OOM killer enabled.
[   15.169488] Restarting tasks ... done.
[   15.181115] PM: suspend exit
root@(none):/# 
root@(none):/# rtcwake -d rtc1 -m mem -s 3
rtcwake: assuming RTC uses UTC ...
rtcwake: wakeup from "mem" using /dev/rtc1 at Thu Jan  1 00:00:59 1970
[   16.171145] PM: suspend entry (deep)
[   16.174732] PM: Syncing filesystems ... done.
[   16.197871] Freezing user space processes ... (elapsed 0.001 seconds) done.
[   16.205996] OOM killer disabled.
[   16.209212] Freezing remaining freezable tasks ... (elapsed 0.001 seconds) done.
[   16.217794] Suspending console(s) (use no_console_suspend to debug)
[   16.263911] Disabling non-boot CPUs ...
[   16.362095] IRQ17 no longer affine to CPU2
[   16.402508] Entering suspend state LP1
[   16.402522] Enabling non-boot CPUs ...
[   16.402832] CPU1 is up
[   16.403076] CPU2 is up
[   16.403353] CPU3 is up
[   16.563722] mmc1: Switching to 3.3V signalling voltage failed
[   16.821930] tegra-sor 54540000.sor: failed to attach SOR: -110
[   16.886622] OOM killer enabled.
[   16.889761] Restarting tasks ... done.
[   16.901430] PM: suspend exit
root@(none):/# 
root@(none):/# rtcwake -d rtc1 -m mem -s 3
rtcwake: assuming RTC uses UTC ...
rtcwake: wakeup from "mem" using /dev/rtc1 at Thu Jan  1 00:01:04 1970
[   17.890524] PM: suspend entry (deep)
[   17.894110] PM: Syncing filesystems ... done.
[   17.918272] Freezing user space processes ... (elapsed 0.001 seconds) done.
[   17.926335] OOM killer disabled.
[   17.929551] Freezing remaining freezable tasks ... (elapsed 0.001 seconds) done.
[   17.938129] Suspending console(s) (use no_console_suspend to debug)
[   17.984379] Disabling non-boot CPUs ...
[   18.082070] IRQ17 no longer affine to CPU2
[   18.132484] Entering suspend state LP1
[   18.132497] Enabling non-boot CPUs ...
[   18.132809] CPU1 is up
[   18.133054] CPU2 is up
[   18.133330] CPU3 is up
[   18.293288] mmc1: Switching to 3.3V signalling voltage failed
[   18.551896] tegra-sor 54540000.sor: failed to attach SOR: -110
[   18.616424] OOM killer enabled.
[   18.619556] Restarting tasks ... done.
[   18.631187] PM: suspend exit
root@(none):/# 
root@(none):/# rtcwake -d rtc1 -m mem -s 3
rtcwake: assuming RTC uses UTC ...
rtcwake: wakeup from "mem" using /dev/rtc1 at Thu Jan  1 00:01:09 1970
[   19.620168] PM: suspend entry (deep)
[   19.623744] PM: Syncing filesystems ... done.
[   19.647943] Freezing user space processes ... (elapsed 0.001 seconds) done.
[   19.656079] OOM killer disabled.
[   19.659299] Freezing remaining freezable tasks ... (elapsed 0.001 seconds) done.
[   19.667920] Suspending console(s) (use no_console_suspend to debug)
[   19.714429] Disabling non-boot CPUs ...
[   19.792048] IRQ17 no longer affine to CPU2
[   19.852459] Entering suspend state LP1
[   19.852473] Enabling non-boot CPUs ...
[   19.852784] CPU1 is up
[   19.853029] CPU2 is up
[   19.853310] CPU3 is up
[   20.014448] mmc1: Switching to 3.3V signalling voltage failed
[   20.271923] tegra-sor 54540000.sor: failed to attach SOR: -110
[   20.337568] OOM killer enabled.
[   20.340708] Restarting tasks ... done.
[   20.352333] PM: suspend exit
root@(none):/# 
root@(none):/# rtcwake -d rtc1 -m mem -s 3
rtcwake: assuming RTC uses UTC ...
rtcwake: wakeup from "mem" using /dev/rtc1 at Thu Jan  1 00:01:14 1970
[   21.350143] PM: suspend entry (deep)
[   21.353719] PM: Syncing filesystems ... done.
[   21.368978] Freezing user space processes ... (elapsed 0.001 seconds) done.
[   21.377105] OOM killer disabled.
[   21.380321] Freezing remaining freezable tasks ... (elapsed 0.001 seconds) done.
[   21.388893] Suspending console(s) (use no_console_suspend to debug)
[   21.434964] Disabling non-boot CPUs ...
[   21.592451] Entering suspend state LP1
[   21.592465] Enabling non-boot CPUs ...
[   21.592774] CPU1 is up
[   21.593024] CPU2 is up
[   21.593299] CPU3 is up
[   21.753296] mmc1: Switching to 3.3V signalling voltage failed
[   22.011848] tegra-sor 54540000.sor: failed to attach SOR: -110
[   22.072195] OOM killer enabled.
[   22.075332] Restarting tasks ... done.
[   22.091041] PM: suspend exit
root@(none):/# 
root@(none):/# NVTB SYSTEM SUSPEND TEST COMPLETE
