Diff for ./qemu-vexpress64/__internal/defconfig_log.txt
--- /tmp/fooa	2016-08-16 02:46:25.777201396 -0700
+++ /tmp/foob	2016-08-16 02:46:25.781201400 -0700
@@ -1,5 +1,5 @@
 Booting Linux on physical CPU 0x0
-Linux version 4.8.0-rc1+ (pwalmsley@tamien) (gcc version 4.9.2 20140904 (prerelease) (crosstool-NG linaro-1.13.1-4.9-2014.09 - Linaro GCC 4.9-2014.09) ) #1 SMP PREEMPT Sun Aug 7 18:40:39 PDT 2016
+Linux version 4.8.0-rc2-134227-g694d0d0 (pwalmsley@tamien) (gcc version 4.9.2 20140904 (prerelease) (crosstool-NG linaro-1.13.1-4.9-2014.09 - Linaro GCC 4.9-2014.09) ) #1 SMP PREEMPT Tue Aug 16 02:37:38 PDT 2016
 Boot CPU: AArch64 Processor [411fd070]
 Memory limited to 1024MB
 efi: Getting EFI parameters from FDT:
@@ -9,7 +9,7 @@
 psci: PSCIv0.2 detected in firmware.
 psci: Using standard PSCI v0.2 function IDs
 psci: Trusted OS migration not required
-percpu: Embedded 21 pages/cpu @ffff80003efcf000 s48256 r8192 d29568 u86016
+percpu: Embedded 21 pages/cpu @ffff80003efcf000 s48000 r8192 d29824 u86016
 Detected PIPT I-cache on CPU0
 CPU features: enabling workaround for ARM erratum 832075
 CPU features: enabling workaround for ARM erratum 834220
@@ -18,15 +18,15 @@
 PID hash table entries: 4096 (order: 3, 32768 bytes)
 Dentry cache hash table entries: 131072 (order: 8, 1048576 bytes)
 Inode-cache hash table entries: 65536 (order: 7, 524288 bytes)
-Memory: 1000428K/1048576K available (7804K kernel code, 775K rwdata, 3684K rodata, 960K init, 269K bss, 31764K reserved, 16384K cma-reserved)
+Memory: 1000212K/1048576K available (7932K kernel code, 794K rwdata, 3704K rodata, 960K init, 274K bss, 31980K reserved, 16384K cma-reserved)
 Virtual kernel memory layout:
     modules : 0xffff000000000000 - 0xffff000008000000   (   128 MB)
     vmalloc : 0xffff000008000000 - 0xffff7dffbfff0000   (129022 GB)
-      .text : 0xffff000008080000 - 0xffff000008820000   (  7808 KB)
-    .rodata : 0xffff000008820000 - 0xffff000008bc0000   (  3712 KB)
-      .init : 0xffff000008bc0000 - 0xffff000008cb0000   (   960 KB)
-      .data : 0xffff000008cb0000 - 0xffff000008d71c00   (   775 KB)
-       .bss : 0xffff000008d71c00 - 0xffff000008db50b8   (   270 KB)
+      .text : 0xffff000008080000 - 0xffff000008840000   (  7936 KB)
+    .rodata : 0xffff000008840000 - 0xffff000008bf0000   (  3776 KB)
+      .init : 0xffff000008bf0000 - 0xffff000008ce0000   (   960 KB)
+      .data : 0xffff000008ce0000 - 0xffff000008da6800   (   794 KB)
+       .bss : 0xffff000008da6800 - 0xffff000008deb138   (   275 KB)
     fixed   : 0xffff7dfffe7fd000 - 0xffff7dfffec00000   (  4108 KB)
     PCI I/O : 0xffff7dfffee00000 - 0xffff7dffffe00000   (    16 MB)
     vmemmap : 0xffff7e0000000000 - 0xffff800000000000   (  2048 GB maximum)
@@ -39,7 +39,9 @@
 RCU: Adjusting geometry for rcu_fanout_leaf=64, nr_cpu_ids=1
 NR_IRQS:64 nr_irqs:64 0
 GICv2m: range[mem 0x08020000-0x08020fff], SPI[80:143]
-Architected cp15 timer(s) running at 62.50MHz (virt).
+arm_arch_timer: WARNING: Invalid trigger for IRQ3, assuming level low
+arm_arch_timer: WARNING: Please fix your firmware
+arm_arch_timer: Architected cp15 timer(s) running at 62.50MHz (virt).
 clocksource: arch_sys_counter: mask: 0xffffffffffffff max_cycles: 0x1cd42e208c, max_idle_ns: 881590405314 ns
 sched_clock: 56 bits at 62MHz, resolution 16ns, wraps every 4398046511096ns
 Console: colour dummy device 80x25
@@ -61,12 +63,13 @@
 pinctrl core: initialized pinctrl subsystem
 NET: Registered protocol family 16
 cpuidle: using governor menu
-vdso: 2 pages (1 code @ ffff000008826000, 1 data @ ffff000008cb4000)
+vdso: 2 pages (1 code @ ffff000008846000, 1 data @ ffff000008ce4000)
 hw-breakpoint: found 6 breakpoint and 4 watchpoint registers.
 DMA: preallocated 256 KiB pool for atomic allocations
 Serial: AMBA PL011 UART driver
 9000000.pl011: ttyAMA0 at MMIO 0x9000000 (irq = 39, base_baud = 0) is a PL011 rev1
 console [ttyAMA0] enabled
+irq: type mismatch, failed to map hwirq-27 for /intc!
 HugeTLB registered 2 MB page size, pre-allocated 0 pages
 ACPI: Interpreter disabled.
 vgaarb: loaded
@@ -97,14 +100,13 @@
 kvm [1]: HYP mode not available
 futex hash table entries: 256 (order: 3, 32768 bytes)
 audit: initializing netlink subsys (disabled)
-audit: type=2000 audit(0.716:1): initialized
+audit: type=2000 audit(0.732:1): initialized
 workingset: timestamp_bits=46 max_order=18 bucket_order=0
 squashfs: version 4.0 (2009/01/31) Phillip Lougher
 NFS: Registering the id_resolver key type
 Key type id_resolver registered
 Key type id_legacy registered
 nfs4filelayout_init: NFSv4 File Layout Driver Registering...
-fuse init (API version 7.25)
 9p: Installing v9fs 9p2000 file system support
 io scheduler noop registered
 io scheduler cfq registered (default)
@@ -163,7 +165,7 @@
 Key type dns_resolver registered
 registered taskstats version 1
 input: gpio-keys as /devices/platform/gpio-keys/input/input0
-rtc-pl031 9010000.pl031: setting system clock to 2016-08-08 01:41:17 UTC (1470620477)
+rtc-pl031 9010000.pl031: setting system clock to 2016-08-16 09:38:15 UTC (1471340295)
 ALSA device list:
   No soundcards found.
 uart-pl011 9000000.pl011: no DMA platform data
@@ -172,7 +174,7 @@
 EXT4-fs (vda2): mounted filesystem with ordered data mode. Opts: (null)
 VFS: Mounted root (ext4 filesystem) on device 254:2.
 devtmpfs: mounted
-Freeing unused kernel memory: 960K (ffff800000bc0000 - ffff800000cb0000)
+Freeing unused kernel memory: 960K (ffff800000bf0000 - ffff800000ce0000)
 bash: cannot set terminal process group (-1): Inappropriate ioctl for device
 bash: no job control in this shell
 bash-4.3# 
\ No newline at end of file
Diff for ./tegra114-dalmore-a04/tegra114-dalmore/multi_v7_defconfig_log.txt
--- /tmp/fooa	2016-08-16 02:46:25.821201429 -0700
+++ /tmp/foob	2016-08-16 02:46:25.821201429 -0700
@@ -38,21 +38,21 @@
 	 #################################################################
 	 #################################################################
 	 #################################################################
-	 ############################
-	 2.9 MiB/s
+	 #############################
+	 3.1 MiB/s
 done
-Bytes transferred = 7089992 (6c2f48 hex)
+Bytes transferred = 7092008 (6c3728 hex)
 Tegra114 (Dalmore) # tftpboot 0x82000000 tegra114-dalmore.dtb
 Using asx0 device
 TFTP from server 192.168.100.1; our IP address is 192.168.100.100
 Filename 'tegra114-dalmore.dtb'.
 Load address: 0x82000000
 Loading: *###
-	 1.2 MiB/s
+	 2.8 MiB/s
 done
 Bytes transferred = 34956 (888c hex)
 Tegra114 (Dalmore) # bootz 0x81000000 - 0x82000000
-Kernel image @ 0x81000000 [ 0x000000 - 0x6c2f48 ]
+Kernel image @ 0x81000000 [ 0x000000 - 0x6c3728 ]
 ## Flattened Device Tree blob at 82000000
    Booting using the fdt blob at 0x82000000
    Loading Device Tree to 8fff4000, end 8ffff88b ... OK
@@ -60,7 +60,7 @@
 Starting kernel ...
 
 Booting Linux on physical CPU 0x0
-Linux version 4.8.0-rc1-109502-g29b4817 (pwalmsley@sellafield) (gcc version 4.7.3 20130328 (prerelease) (crosstool-NG linaro-1.13.1-4.7-2013.04-20130415 - Linaro GCC 2013.04) ) #1 SMP Sun Aug 7 18:36:40 PDT 2016
+Linux version 4.8.0-rc2-109794-g694d0d0 (pwalmsley@sellafield) (gcc version 4.7.3 20130328 (prerelease) (crosstool-NG linaro-1.13.1-4.7-2013.04-20130415 - Linaro GCC 2013.04) ) #1 SMP Tue Aug 16 02:33:34 PDT 2016
 CPU: ARMv7 Processor [412fc0f2] revision 2 (ARMv7), cr=10c5387d
 CPU: div instructions available: patching division code
 CPU: PIPT / VIPT nonaliasing data cache, PIPT instruction cache
@@ -82,7 +82,7 @@
 PID hash table entries: 4096 (order: 2, 16384 bytes)
 Dentry cache hash table entries: 131072 (order: 7, 524288 bytes)
 Inode-cache hash table entries: 65536 (order: 6, 262144 bytes)
-Memory: 1995096K/2096128K available (9216K kernel code, 1147K rwdata, 3960K rodata, 2048K init, 343K bss, 35496K reserved, 65536K cma-reserved, 1244160K highmem)
+Memory: 1995096K/2096128K available (9216K kernel code, 1147K rwdata, 3968K rodata, 2048K init, 343K bss, 35496K reserved, 65536K cma-reserved, 1244160K highmem)
 Virtual kernel memory layout:
     vector  : 0xffff0000 - 0xffff1000   (   4 kB)
     fixmap  : 0xffc00000 - 0xfff00000   (3072 kB)
@@ -105,7 +105,7 @@
 sched_clock: 32 bits at 1000kHz, resolution 1000ns, wraps every 2147483647500ns
 clocksource: timer_us: mask: 0xffffffff max_cycles: 0xffffffff, max_idle_ns: 1911260446275 ns
 Switching to timer-based delay loop, resolution 1000ns
-Architected cp15 timer(s) running at 12.00MHz (virt).
+arm_arch_timer: Architected cp15 timer(s) running at 12.00MHz (virt).
 clocksource: arch_sys_counter: mask: 0xffffffffffffff max_cycles: 0x2c47f4ee7, max_idle_ns: 440795202497 ns
 sched_clock: 56 bits at 12MHz, resolution 83ns, wraps every 4398046511096ns
 Switching to timer-based delay loop, resolution 83ns
@@ -135,7 +135,8 @@
 NET: Registered protocol family 16
 DMA: preallocated 256 KiB pool for atomic coherent allocations
 cpuidle: using governor menu
-No ATAGs?hw-breakpoint: found 5 (+1 reserved) breakpoint and 4 watchpoint registers.
+No ATAGs?
+hw-breakpoint: found 5 (+1 reserved) breakpoint and 4 watchpoint registers.
 hw-breakpoint: maximum watchpoint size is 8 bytes.
 Serial: AMBA PL011 UART driver
 tegra-mc 70019000.memory-controller: no memory timings for RAM code 3 registered
@@ -281,19 +282,21 @@
 Registering SWP/SWPB emulation handler
 usb1_vbus: supplied by vdd-sys-5v0
 usb2_vbus: supplied by vdd-sys-5v0
-mmc0: new high speed SDHC card at address aaaa
 VDD_5V0_HDMI_CON: supplied by vdd-sys-5v0
 tegra-hdmi 54280000.hdmi: failed to get PLL regulator
 tegra-dsi 54300000.dsi: cannot get VDD supply
 tegra-ehci 7d008000.usb: EHCI Host Controller
 tegra-ehci 7d008000.usb: new USB bus registered, assigned bus number 1
 tegra-ehci 7d008000.usb: irq 339, io mem 0x7d008000
+mmc0: new high speed SDHC card at address aaaa
+mmcblk0: mmc0:aaaa SL16G 14.8 GiB 
 tegra-ehci 7d008000.usb: USB 2.0 started, EHCI 1.10
 hub 1-0:1.0: USB hub found
 hub 1-0:1.0: 1 port detected
 tegra-hdmi 54280000.hdmi: failed to get PLL regulator
 tegra-dsi 54300000.dsi: cannot get VDD supply
 input: gpio-keys as /devices/soc0/gpio-keys/input/input0
+ mmcblk0: p1 p2 p3
 hctosys: unable to open rtc device (rtc0)
 tegra-hdmi 54280000.hdmi: failed to get PLL regulator
 tegra-dsi 54300000.dsi: cannot get VDD supply
@@ -301,12 +304,10 @@
 dvdd_ts: disabling
 usb1_vbus: disabling
 VDD_5V0_HDMI_CON: disabling
-mmcblk0: mmc0:aaaa SL16G 14.8 GiB 
- mmcblk0: p1 p2 p3
 Waiting for root device PARTUUID=7369c667-ff51-ec4a-29cd-baabf2fbe346...
+mmc1: new high speed MMC card at address 0001
 tegra-hdmi 54280000.hdmi: failed to get PLL regulator
 tegra-dsi 54300000.dsi: cannot get VDD supply
-mmc1: new high speed MMC card at address 0001
 mmcblk1: mmc1:0001 SEM32G 29.1 GiB 
 mmcblk1boot0: mmc1:0001 SEM32G partition 1 4.00 MiB
 mmcblk1boot1: mmc1:0001 SEM32G partition 2 4.00 MiB
Diff for ./tegra114-dalmore-a04/tegra114-dalmore/tegra_defconfig_log.txt
--- /tmp/fooa	2016-08-16 02:46:25.849201449 -0700
+++ /tmp/foob	2016-08-16 02:46:25.857201455 -0700
@@ -14,7 +14,7 @@
 Err:   serial
 Net:   Net Initialization Skipped
 No ethernet found.
-Hit any key to stop autoboot:  2  0 
+Hit any key to stop autoboot:  2  1  0 
 Tegra114 (Dalmore) # 
 Tegra114 (Dalmore) # usb reset
 (Re)start USB...
@@ -37,20 +37,20 @@
 	 #################################################################
 	 #################################################################
 	 ############################################
-	 3.2 MiB/s
+	 3.5 MiB/s
 done
-Bytes transferred = 5408136 (528588 hex)
+Bytes transferred = 5409448 (528aa8 hex)
 Tegra114 (Dalmore) # tftpboot 0x82000000 tegra114-dalmore.dtb
 Using asx0 device
 TFTP from server 192.168.100.1; our IP address is 192.168.100.100
 Filename 'tegra114-dalmore.dtb'.
 Load address: 0x82000000
 Loading: *###
-	 3 MiB/s
+	 2.6 MiB/s
 done
 Bytes transferred = 34956 (888c hex)
 Tegra114 (Dalmore) # bootz 0x81000000 - 0x82000000
-Kernel image @ 0x81000000 [ 0x000000 - 0x528588 ]
+Kernel image @ 0x81000000 [ 0x000000 - 0x528aa8 ]
 ## Flattened Device Tree blob at 82000000
    Booting using the fdt blob at 0x82000000
    Loading Device Tree to 8fff4000, end 8ffff88b ... OK
@@ -59,7 +59,7 @@
 
 Uncompressing Linux... done, booting the kernel.
 Booting Linux on physical CPU 0x0
-Linux version 4.8.0-rc1-109502-g29b4817 (pwalmsley@kaivo) (gcc version 4.7.3 20130328 (prerelease) (crosstool-NG linaro-1.13.1-4.7-2013.04-20130415 - Linaro GCC 2013.04) ) #1 SMP PREEMPT Sun Aug 7 18:36:29 PDT 2016
+Linux version 4.8.0-rc2-109794-g694d0d0 (pwalmsley@kaivo) (gcc version 4.7.3 20130328 (prerelease) (crosstool-NG linaro-1.13.1-4.7-2013.04-20130415 - Linaro GCC 2013.04) ) #1 SMP PREEMPT Tue Aug 16 02:33:38 PDT 2016
 CPU: ARMv7 Processor [412fc0f2] revision 2 (ARMv7), cr=10c5387d
 CPU: div instructions available: patching division code
 CPU: PIPT / VIPT nonaliasing data cache, PIPT instruction cache
@@ -69,7 +69,7 @@
 cma: Reserved 64 MiB at 0xfbc00000
 Memory policy: Data cache writealloc
 On node 0 totalpages: 524032
-free_area_init_node: node 0, pgdat c0d5c380, node_mem_map eeff7000
+free_area_init_node: node 0, pgdat c0d5c340, node_mem_map eeff7000
   Normal zone: 1536 pages used for memmap
   Normal zone: 0 pages reserved
   Normal zone: 196608 pages, LIFO batch:31
@@ -82,7 +82,7 @@
 PID hash table entries: 4096 (order: 2, 16384 bytes)
 Dentry cache hash table entries: 131072 (order: 7, 524288 bytes)
 Inode-cache hash table entries: 65536 (order: 6, 262144 bytes)
-Memory: 1999936K/2096128K available (8192K kernel code, 375K rwdata, 2428K rodata, 1024K init, 366K bss, 30656K reserved, 65536K cma-reserved, 1244160K highmem)
+Memory: 1999936K/2096128K available (8192K kernel code, 375K rwdata, 2432K rodata, 1024K init, 366K bss, 30656K reserved, 65536K cma-reserved, 1244160K highmem)
 Virtual kernel memory layout:
     vector  : 0xffff0000 - 0xffff1000   (   4 kB)
     fixmap  : 0xffc00000 - 0xfff00000   (3072 kB)
@@ -92,7 +92,7 @@
     modules : 0xbf000000 - 0xbfe00000   (  14 MB)
       .text : 0xc0008000 - 0xc0900000   (9184 kB)
       .init : 0xc0c00000 - 0xc0d00000   (1024 kB)
-      .data : 0xc0d00000 - 0xc0d5de00   ( 376 kB)
+      .data : 0xc0d00000 - 0xc0d5ddc0   ( 376 kB)
        .bss : 0xc0d5f000 - 0xc0dbab20   ( 367 kB)
 Preemptible hierarchical RCU implementation.
 	Build-time adjustment of leaf fanout to 32.
@@ -102,7 +102,7 @@
 sched_clock: 32 bits at 1000kHz, resolution 1000ns, wraps every 2147483647500ns
 clocksource: timer_us: mask: 0xffffffff max_cycles: 0xffffffff, max_idle_ns: 1911260446275 ns
 Switching to timer-based delay loop, resolution 1000ns
-Architected cp15 timer(s) running at 12.00MHz (virt).
+arm_arch_timer: Architected cp15 timer(s) running at 12.00MHz (virt).
 clocksource: arch_sys_counter: mask: 0xffffffffffffff max_cycles: 0x2c47f4ee7, max_idle_ns: 440795202497 ns
 sched_clock: 56 bits at 12MHz, resolution 83ns, wraps every 4398046511096ns
 Switching to timer-based delay loop, resolution 83ns
@@ -132,7 +132,8 @@
 NET: Registered protocol family 16
 DMA: preallocated 256 KiB pool for atomic coherent allocations
 cpuidle: using governor menu
-No ATAGs?hw-breakpoint: found 5 (+1 reserved) breakpoint and 4 watchpoint registers.
+No ATAGs?
+hw-breakpoint: found 5 (+1 reserved) breakpoint and 4 watchpoint registers.
 hw-breakpoint: maximum watchpoint size is 8 bytes.
 tegra-mc 70019000.memory-controller: no memory timings for RAM code 3 registered
 dvdd_ts: Failed to request enable GPIO61: -517
@@ -212,6 +213,7 @@
 tegra-hdmi 54280000.hdmi: failed to get HDMI regulator
 tegra-dsi 54300000.dsi: cannot get VDD supply
 loop: module loaded
+random: fast init done
 m25p80 spi32766.0: w25q32dw (4096 Kbytes)
 libphy: Fixed MDIO Bus: probed
 CAN device driver interface
@@ -244,7 +246,6 @@
 gspca_main: v2.14.0 registered
 sbs-battery 0-000b: sbs_probe: Failed to get device status
 sbs-battery: probe of 0-000b failed with error -121
-random: fast init done
 tegra-wdt 60005000.timer: initialized (heartbeat = 120 sec, nowayout = 0)
 sdhci: Secure Digital Host Controller Interface driver
 sdhci: Copyright(c) Pierre Ossman
Diff for ./tegra124-jetson-tk1/tegra124-jetson-tk1/multi_v7_defconfig_log.txt
--- /tmp/fooa	2016-08-16 02:46:25.897201484 -0700
+++ /tmp/foob	2016-08-16 02:46:25.901201487 -0700
@@ -33,10 +33,10 @@
 	 #################################################################
 	 #################################################################
 	 #################################################################
-	 ############################
-	 4 MiB/s
+	 #############################
+	 3.9 MiB/s
 done
-Bytes transferred = 7089992 (6c2f48 hex)
+Bytes transferred = 7092008 (6c3728 hex)
 Tegra124 (Jetson TK1) # tftpboot 0x83000000 tegra124-jetson-tk1.dtb
 Using eth_rtl8169 device
 TFTP from server 192.168.100.1; our IP address is 192.168.100.102
@@ -45,17 +45,17 @@
 Loading: *#####
 	 3.7 MiB/s
 done
-Bytes transferred = 66405 (10365 hex)
+Bytes transferred = 66621 (1043d hex)
 Tegra124 (Jetson TK1) # bootz 0x82000000 - 0x83000000
-Kernel image @ 0x82000000 [ 0x000000 - 0x6c2f48 ]
+Kernel image @ 0x82000000 [ 0x000000 - 0x6c3728 ]
 ## Flattened Device Tree blob at 83000000
    Booting using the fdt blob at 0x83000000
-   Using Device Tree in place at 83000000, end 83013364
+   Using Device Tree in place at 83000000, end 8301343c
 
 Starting kernel ...
 
 Booting Linux on physical CPU 0x0
-Linux version 4.8.0-rc1-109502-g29b4817 (pwalmsley@sellafield) (gcc version 4.7.3 20130328 (prerelease) (crosstool-NG linaro-1.13.1-4.7-2013.04-20130415 - Linaro GCC 2013.04) ) #1 SMP Sun Aug 7 18:36:40 PDT 2016
+Linux version 4.8.0-rc2-109794-g694d0d0 (pwalmsley@sellafield) (gcc version 4.7.3 20130328 (prerelease) (crosstool-NG linaro-1.13.1-4.7-2013.04-20130415 - Linaro GCC 2013.04) ) #1 SMP Tue Aug 16 02:33:34 PDT 2016
 CPU: ARMv7 Processor [413fc0f3] revision 3 (ARMv7), cr=10c5387d
 CPU: div instructions available: patching division code
 CPU: PIPT / VIPT nonaliasing data cache, PIPT instruction cache
@@ -77,7 +77,7 @@
 PID hash table entries: 4096 (order: 2, 16384 bytes)
 Dentry cache hash table entries: 131072 (order: 7, 524288 bytes)
 Inode-cache hash table entries: 65536 (order: 6, 262144 bytes)
-Memory: 1994976K/2096128K available (9216K kernel code, 1147K rwdata, 3960K rodata, 2048K init, 343K bss, 35616K reserved, 65536K cma-reserved, 1244160K highmem)
+Memory: 1994976K/2096128K available (9216K kernel code, 1147K rwdata, 3968K rodata, 2048K init, 343K bss, 35616K reserved, 65536K cma-reserved, 1244160K highmem)
 Virtual kernel memory layout:
     vector  : 0xffff0000 - 0xffff1000   (   4 kB)
     fixmap  : 0xffc00000 - 0xfff00000   (3072 kB)
@@ -100,7 +100,7 @@
 sched_clock: 32 bits at 1000kHz, resolution 1000ns, wraps every 2147483647500ns
 clocksource: timer_us: mask: 0xffffffff max_cycles: 0xffffffff, max_idle_ns: 1911260446275 ns
 Switching to timer-based delay loop, resolution 1000ns
-Architected cp15 timer(s) running at 12.00MHz (virt).
+arm_arch_timer: Architected cp15 timer(s) running at 12.00MHz (virt).
 clocksource: arch_sys_counter: mask: 0xffffffffffffff max_cycles: 0x2c47f4ee7, max_idle_ns: 440795202497 ns
 sched_clock: 56 bits at 12MHz, resolution 83ns, wraps every 4398046511096ns
 Switching to timer-based delay loop, resolution 83ns
@@ -130,7 +130,8 @@
 NET: Registered protocol family 16
 DMA: preallocated 256 KiB pool for atomic coherent allocations
 cpuidle: using governor menu
-No ATAGs?hw-breakpoint: found 5 (+1 reserved) breakpoint and 4 watchpoint registers.
+No ATAGs?
+hw-breakpoint: found 5 (+1 reserved) breakpoint and 4 watchpoint registers.
 hw-breakpoint: maximum watchpoint size is 8 bytes.
 Serial: AMBA PL011 UART driver
 +5V_SYS: supplied by +VDD_MUX
@@ -193,13 +194,13 @@
 tegra-pmc 7000e400.pmc: emergency thermal reset enabled
 Serial: 8250/16550 driver, 4 ports, IRQ sharing disabled
 console [ttyS0] disabled
-70006300.serial: ttyS0 at MMIO 0x70006300 (irq = 335, base_baud = 25500000) is a Tegra
+70006300.serial: ttyS0 at MMIO 0x70006300 (irq = 333, base_baud = 25500000) is a Tegra
 console [ttyS0] enabled
 SuperH (H)SCI(F) driver initialized
 msm_serial: driver initialized
 STMicroelectronics ASC driver initialized
-70006000.serial: ttyTHS1 at MMIO 0x70006000 (irq = 333, base_baud = 0) is a TEGRA_UART
-70006040.serial: ttyTHS2 at MMIO 0x70006040 (irq = 334, base_baud = 0) is a TEGRA_UART
+serial-tegra serial@0,70006000: failed to get alias id, errno -19
+serial-tegra serial@0,70006040: failed to get alias id, errno -19
 [drm] Initialized drm 1.1.0 20060810
 tegra-hdmi 54280000.hdmi: failed to get HDMI regulator
 brd: module loaded
@@ -253,7 +254,7 @@
 tegra-ehci: Tegra EHCI driver
 tegra-ehci 7d004000.usb: EHCI Host Controller
 tegra-ehci 7d004000.usb: new USB bus registered, assigned bus number 1
-tegra-ehci 7d004000.usb: irq 354, io mem 0x7d004000
+tegra-ehci 7d004000.usb: irq 352, io mem 0x7d004000
 tegra-ehci 7d004000.usb: USB 2.0 started, EHCI 1.10
 hub 1-0:1.0: USB hub found
 hub 1-0:1.0: 1 port detected
@@ -267,7 +268,7 @@
 usbcore: registered new interface driver usb-storage
 mousedev: PS/2 mouse device common for all mice
 as3722-rtc as3722-rtc: rtc core: registered as3722-rtc as rtc0
-as3722-rtc as3722-rtc: RTC interrupt 377
+as3722-rtc as3722-rtc: RTC interrupt 375
 tegra_rtc 7000e000.rtc: rtc core: registered 7000e000.rtc as rtc1
 tegra_rtc 7000e000.rtc: Tegra internal Real Time Clock
 i2c /dev entries driver
@@ -335,11 +336,11 @@
 tegra-ahci 70027000.sata: flags: 64bit ncq sntf pm led pio slum part sadm sds apst 
 scsi host0: tegra-ahci
 scsi host1: tegra-ahci
-ata1: SATA max UDMA/133 mmio [mem 0x70027000-0x70028fff] port 0x100 irq 345
+ata1: SATA max UDMA/133 mmio [mem 0x70027000-0x70028fff] port 0x100 irq 343
 ata2: DUMMY
 tegra-ehci 7d008000.usb: EHCI Host Controller
 tegra-ehci 7d008000.usb: new USB bus registered, assigned bus number 2
-tegra-ehci 7d008000.usb: irq 355, io mem 0x7d008000
+tegra-ehci 7d008000.usb: irq 353, io mem 0x7d008000
 tegra-ehci 7d008000.usb: USB 2.0 started, EHCI 1.10
 hub 2-0:1.0: USB hub found
 hub 2-0:1.0: 1 port detected
@@ -404,7 +405,7 @@
 pcie_pme 0000:00:02.0:pcie001: service driver pcie_pme loaded
 r8169 Gigabit Ethernet driver 2.3LK-NAPI loaded
 r8169 0000:02:00.0: enabling device (0140 -> 0143)
-r8169 0000:02:00.0 eth0: RTL8168g/8111g at 0xf0a46000, 00:04:4b:3a:d9:81, XID 0c000800 IRQ 395
+r8169 0000:02:00.0 eth0: RTL8168g/8111g at 0xf0a46000, 00:04:4b:3a:d9:81, XID 0c000800 IRQ 393
 r8169 0000:02:00.0 eth0: jumbo features [frames: 9200 bytes, tx checksumming: ko]
 [drm] Supports vblank timestamp caching Rev 2 (21.10.2013).
 [drm] No driver support for vblank timestamp query.
@@ -426,7 +427,7 @@
 cpufreq: cpufreq_online: CPU0: Running at unlisted freq: 696000 KHz
 cpufreq: cpufreq_online: CPU0: Unlisted initial frequency changed to: 714000 KHz
 input: gpio-keys as /devices/soc0/gpio-keys/input/input0
-as3722-rtc as3722-rtc: setting system clock to 2000-01-01 00:02:43 UTC (946684963)
+as3722-rtc as3722-rtc: setting system clock to 2000-01-01 00:00:12 UTC (946684812)
 +USB0_VBUS_SW: disabling
 +1.8V_RUN_CAM: disabling
 +2.8V_RUN_CAM: disabling
Diff for ./tegra124-jetson-tk1/tegra124-jetson-tk1/tegra_defconfig_log.txt
--- /tmp/fooa	2016-08-16 02:46:25.917201499 -0700
+++ /tmp/foob	2016-08-16 02:46:25.921201502 -0700
@@ -9,7 +9,7 @@
 Model: NVIDIA Jetson TK1
 Board: NVIDIA Jetson TK1
 DRAM:  2 GiB
-MC:   Tegra SD/MMC: 0, Tegra SD/MMC: 1
+C:   Tegra SD/MMC: 0, Tegra SD/MMC: 1
 In:    serial
 Out:   serial
 Err:   serial
@@ -32,9 +32,9 @@
 	 #################################################################
 	 #################################################################
 	 ############################################
-	 4 MiB/s
+	 3.9 MiB/s
 done
-Bytes transferred = 5408136 (528588 hex)
+Bytes transferred = 5409448 (528aa8 hex)
 Tegra124 (Jetson TK1) # tftpboot 0x83000000 tegra124-jetson-tk1.dtb
 Using eth_rtl8169 device
 TFTP from server 192.168.100.1; our IP address is 192.168.100.102
@@ -43,18 +43,18 @@
 Loading: *#####
 	 3.7 MiB/s
 done
-Bytes transferred = 66405 (10365 hex)
+Bytes transferred = 66621 (1043d hex)
 Tegra124 (Jetson TK1) # bootz 0x82000000 - 0x83000000
-Kernel image @ 0x82000000 [ 0x000000 - 0x528588 ]
+Kernel image @ 0x82000000 [ 0x000000 - 0x528aa8 ]
 ## Flattened Device Tree blob at 83000000
    Booting using the fdt blob at 0x83000000
-   Using Device Tree in place at 83000000, end 83013364
+   Using Device Tree in place at 83000000, end 8301343c
 
 Starting kernel ...
 
 Uncompressing Linux... done, booting the kernel.
 Booting Linux on physical CPU 0x0
-Linux version 4.8.0-rc1-109502-g29b4817 (pwalmsley@kaivo) (gcc version 4.7.3 20130328 (prerelease) (crosstool-NG linaro-1.13.1-4.7-2013.04-20130415 - Linaro GCC 2013.04) ) #1 SMP PREEMPT Sun Aug 7 18:36:29 PDT 2016
+Linux version 4.8.0-rc2-109794-g694d0d0 (pwalmsley@kaivo) (gcc version 4.7.3 20130328 (prerelease) (crosstool-NG linaro-1.13.1-4.7-2013.04-20130415 - Linaro GCC 2013.04) ) #1 SMP PREEMPT Tue Aug 16 02:33:38 PDT 2016
 CPU: ARMv7 Processor [413fc0f3] revision 3 (ARMv7), cr=10c5387d
 CPU: div instructions available: patching division code
 CPU: PIPT / VIPT nonaliasing data cache, PIPT instruction cache
@@ -64,7 +64,7 @@
 cma: Reserved 64 MiB at 0xfbc00000
 Memory policy: Data cache writealloc
 On node 0 totalpages: 524032
-free_area_init_node: node 0, pgdat c0d5c380, node_mem_map eeff7000
+free_area_init_node: node 0, pgdat c0d5c340, node_mem_map eeff7000
   Normal zone: 1536 pages used for memmap
   Normal zone: 0 pages reserved
   Normal zone: 196608 pages, LIFO batch:31
@@ -77,7 +77,7 @@
 PID hash table entries: 4096 (order: 2, 16384 bytes)
 Dentry cache hash table entries: 131072 (order: 7, 524288 bytes)
 Inode-cache hash table entries: 65536 (order: 6, 262144 bytes)
-Memory: 1999816K/2096128K available (8192K kernel code, 375K rwdata, 2428K rodata, 1024K init, 366K bss, 30776K reserved, 65536K cma-reserved, 1244160K highmem)
+Memory: 1999816K/2096128K available (8192K kernel code, 375K rwdata, 2432K rodata, 1024K init, 366K bss, 30776K reserved, 65536K cma-reserved, 1244160K highmem)
 Virtual kernel memory layout:
     vector  : 0xffff0000 - 0xffff1000   (   4 kB)
     fixmap  : 0xffc00000 - 0xfff00000   (3072 kB)
@@ -87,7 +87,7 @@
     modules : 0xbf000000 - 0xbfe00000   (  14 MB)
       .text : 0xc0008000 - 0xc0900000   (9184 kB)
       .init : 0xc0c00000 - 0xc0d00000   (1024 kB)
-      .data : 0xc0d00000 - 0xc0d5de00   ( 376 kB)
+      .data : 0xc0d00000 - 0xc0d5ddc0   ( 376 kB)
        .bss : 0xc0d5f000 - 0xc0dbab20   ( 367 kB)
 Preemptible hierarchical RCU implementation.
 	Build-time adjustment of leaf fanout to 32.
@@ -97,7 +97,7 @@
 sched_clock: 32 bits at 1000kHz, resolution 1000ns, wraps every 2147483647500ns
 clocksource: timer_us: mask: 0xffffffff max_cycles: 0xffffffff, max_idle_ns: 1911260446275 ns
 Switching to timer-based delay loop, resolution 1000ns
-Architected cp15 timer(s) running at 12.00MHz (virt).
+arm_arch_timer: Architected cp15 timer(s) running at 12.00MHz (virt).
 clocksource: arch_sys_counter: mask: 0xffffffffffffff max_cycles: 0x2c47f4ee7, max_idle_ns: 440795202497 ns
 sched_clock: 56 bits at 12MHz, resolution 83ns, wraps every 4398046511096ns
 Switching to timer-based delay loop, resolution 83ns
@@ -127,7 +127,8 @@
 NET: Registered protocol family 16
 DMA: preallocated 256 KiB pool for atomic coherent allocations
 cpuidle: using governor menu
-No ATAGs?hw-breakpoint: found 5 (+1 reserved) breakpoint and 4 watchpoint registers.
+No ATAGs?
+hw-breakpoint: found 5 (+1 reserved) breakpoint and 4 watchpoint registers.
 hw-breakpoint: maximum watchpoint size is 8 bytes.
 +5V_SYS: supplied by +VDD_MUX
 +3.3V_SYS: supplied by +VDD_MUX
@@ -191,13 +192,13 @@
 tegra-pmc 7000e400.pmc: emergency thermal reset enabled
 Serial: 8250/16550 driver, 4 ports, IRQ sharing disabled
 console [ttyS0] disabled
-70006300.serial: ttyS0 at MMIO 0x70006300 (irq = 335, base_baud = 25500000) is a Tegra
+70006300.serial: ttyS0 at MMIO 0x70006300 (irq = 333, base_baud = 25500000) is a Tegra
 console [ttyS0] enabled
 console [ttyS0] enabled
 bootconsole [earlycon0] disabled
 bootconsole [earlycon0] disabled
-70006000.serial: ttyTHS1 at MMIO 0x70006000 (irq = 333, base_baud = 0) is a TEGRA_UART
-70006040.serial: ttyTHS2 at MMIO 0x70006040 (irq = 334, base_baud = 0) is a TEGRA_UART
+serial-tegra serial@0,70006000: failed to get alias id, errno -19
+serial-tegra serial@0,70006040: failed to get alias id, errno -19
 [drm] Initialized drm 1.1.0 20060810
 tegra-hdmi 54280000.hdmi: failed to get HDMI regulator
 loop: module loaded
@@ -221,6 +222,7 @@
 +VDDIO_SDMMC3: failed to get the current voltage(-517)
 as3722-regulator as3722-regulator: regulator 13 register failed -517
 tegra-ahci 70027000.sata: couldn't get PHY in node sata: -517
+random: fast init done
 m25p80 spi32765.0: w25q32dw (4096 Kbytes)
 libphy: Fixed MDIO Bus: probed
 CAN device driver interface
@@ -243,7 +245,7 @@
 tegra-ehci: Tegra EHCI driver
 tegra-ehci 7d004000.usb: EHCI Host Controller
 tegra-ehci 7d004000.usb: new USB bus registered, assigned bus number 1
-tegra-ehci 7d004000.usb: irq 354, io mem 0x7d004000
+tegra-ehci 7d004000.usb: irq 352, io mem 0x7d004000
 tegra-ehci 7d004000.usb: USB 2.0 started, EHCI 1.10
 hub 1-0:1.0: USB hub found
 hub 1-0:1.0: 1 port detected
@@ -252,9 +254,8 @@
 usbcore: registered new interface driver cdc_wdm
 usbcore: registered new interface driver usb-storage
 mousedev: PS/2 mouse device common for all mice
-random: fast init done
 as3722-rtc as3722-rtc: rtc core: registered as3722-rtc as rtc0
-as3722-rtc as3722-rtc: RTC interrupt 377
+as3722-rtc as3722-rtc: RTC interrupt 375
 tegra_rtc 7000e000.rtc: rtc core: registered 7000e000.rtc as rtc1
 tegra_rtc 7000e000.rtc: Tegra internal Real Time Clock
 i2c /dev entries driver
@@ -344,11 +345,11 @@
 tegra-ahci 70027000.sata: flags: 64bit ncq sntf pm led pio slum part sadm sds apst 
 scsi host0: tegra-ahci
 scsi host1: tegra-ahci
-ata1: SATA max UDMA/133 mmio [mem 0x70027000-0x70028fff] port 0x100 irq 345
+ata1: SATA max UDMA/133 mmio [mem 0x70027000-0x70028fff] port 0x100 irq 343
 ata2: DUMMY
 tegra-ehci 7d008000.usb: EHCI Host Controller
 tegra-ehci 7d008000.usb: new USB bus registered, assigned bus number 2
-tegra-ehci 7d008000.usb: irq 355, io mem 0x7d008000
+tegra-ehci 7d008000.usb: irq 353, io mem 0x7d008000
 tegra-ehci 7d008000.usb: USB 2.0 started, EHCI 1.10
 hub 2-0:1.0: USB hub found
 hub 2-0:1.0: 1 port detected
@@ -356,7 +357,7 @@
 tegra-xusb 70090000.usb: xHCI Host Controller
 tegra-xusb 70090000.usb: new USB bus registered, assigned bus number 3
 tegra-xusb 70090000.usb: hcc params 0x0184f525 hci version 0x100 quirks 0x00010010
-tegra-xusb 70090000.usb: irq 347, io mem 0x70090000
+tegra-xusb 70090000.usb: irq 345, io mem 0x70090000
 hub 3-0:1.0: USB hub found
 hub 3-0:1.0: 6 ports detected
 tegra-xusb 70090000.usb: xHCI Host Controller
@@ -369,8 +370,8 @@
 mmc1: Unknown controller version (3). You may experience problems.
 mmc1: Invalid maximum block size, assuming 512 bytes
 mmc1: SDHCI controller on 700b0400.sdhci [700b0400.sdhci] using ADMA 64-bit
-tegra-pcie 1003000.pcie-controller: 2x1, 1x1 configuration
 ata1: SATA link down (SStatus 0 SControl 300)
+tegra-pcie 1003000.pcie-controller: 2x1, 1x1 configuration
 tegra-pcie 1003000.pcie-controller: probing port 0, using 2 lanes
 tegra-pcie 1003000.pcie-controller: Slot present pin change, signature: 00000008
 tegra-pcie 1003000.pcie-controller: probing port 1, using 1 lanes
@@ -400,7 +401,6 @@
 pci 0000:02:00.0: PME# supported from D0 D1 D2 D3hot D3cold
 mmc1: new high speed SDHC card at address aaaa
 mmcblk1: mmc1:aaaa SD04G 3.69 GiB 
- mmcblk1: p1 p2 p3
 PCI: bus2: Fast back to back transfers disabled
 pci_bus 0000:02: busn_res: [bus 02-ff] end is updated to 02
 pci 0000:00:01.0: BAR 8: assigned [mem 0x13000000-0x130fffff]
@@ -410,6 +410,7 @@
 pci 0000:01:00.0: BAR 0: assigned [mem 0x13000000-0x13001fff 64bit]
 pci 0000:00:01.0: PCI bridge to [bus 01]
 pci 0000:00:01.0:   bridge window [mem 0x13000000-0x130fffff]
+ mmcblk1: p1 p2 p3
 pci 0000:02:00.0: BAR 4: assigned [mem 0x20000000-0x20003fff 64bit pref]
 pci 0000:02:00.0: BAR 2: assigned [mem 0x13100000-0x13100fff 64bit]
 pci 0000:02:00.0: BAR 0: assigned [io  0x1000-0x10ff]
@@ -429,7 +430,7 @@
 pcie_pme 0000:00:02.0:pcie001: service driver pcie_pme loaded
 r8169 Gigabit Ethernet driver 2.3LK-NAPI loaded
 r8169 0000:02:00.0: enabling device (0140 -> 0143)
-r8169 0000:02:00.0 eth0: RTL8168g/8111g at 0xf09fa000, 00:04:4b:3a:d9:81, XID 0c000800 IRQ 395
+r8169 0000:02:00.0 eth0: RTL8168g/8111g at 0xf09fa000, 00:04:4b:3a:d9:81, XID 0c000800 IRQ 393
 r8169 0000:02:00.0 eth0: jumbo features [frames: 9200 bytes, tx checksumming: ko]
 [drm] Supports vblank timestamp caching Rev 2 (21.10.2013).
 [drm] No driver support for vblank timestamp query.
@@ -441,7 +442,7 @@
 cpufreq: cpufreq_online: CPU0: Running at unlisted freq: 696000 KHz
 cpufreq: cpufreq_online: CPU0: Unlisted initial frequency changed to: 714000 KHz
 input: gpio-keys as /devices/soc0/gpio-keys/input/input2
-as3722-rtc as3722-rtc: setting system clock to 2000-01-01 00:00:16 UTC (946684816)
+as3722-rtc as3722-rtc: setting system clock to 2000-01-01 00:01:41 UTC (946684901)
 +USB0_VBUS_SW: disabling
 +1.8V_RUN_CAM: disabling
 +2.8V_RUN_CAM: disabling
@@ -451,7 +452,7 @@
 +2.8V_RUN_CAM_AF: disabling
 +1.8V_RUN_VPP_FUSE: disabling
 ALSA device list:
-  #0: tegra-hda at 0x70038000 irq 346
+  #0: tegra-hda at 0x70038000 irq 344
   #1: NVIDIA Tegra Jetson TK1
 EXT4-fs (mmcblk0p1): mounting ext3 file system using the ext4 subsystem
 EXT4-fs (mmcblk0p1): recovery complete
Diff for ./tegra124-nyan-big/tegra124-nyan-big/multi_v7_defconfig_log.txt
--- /tmp/fooa	2016-08-16 02:46:25.937201513 -0700
+++ /tmp/foob	2016-08-16 02:46:25.937201513 -0700
@@ -14,7 +14,7 @@
 Err:   serial
 Net:   Net Initialization Skipped
 No ethernet found.
-Hit any key to stop autoboot:  2  1  0 
+Hit any key to stop autoboot:  2  0 
 Tegra124 (Nyan-big) # 
 Tegra124 (Nyan-big) # usb start
 starting USB...
@@ -40,21 +40,21 @@
 	 #################################################################
 	 #################################################################
 	 #################################################################
-	 ############################
-	 3.3 MiB/s
+	 #############################
+	 3.5 MiB/s
 done
-Bytes transferred = 7089992 (6c2f48 hex)
+Bytes transferred = 7092008 (6c3728 hex)
 Tegra124 (Nyan-big) # tftpboot 0x83000000 tegra124-nyan-big.dtb
 Using asx0 device
 TFTP from server 192.168.100.1; our IP address is 192.168.100.102
 Filename 'tegra124-nyan-big.dtb'.
 Load address: 0x83000000
 Loading: *#####
-	 3.2 MiB/s
+	 3.4 MiB/s
 done
 Bytes transferred = 66821 (10505 hex)
 Tegra124 (Nyan-big) # bootz 0x82000000 - 0x83000000
-Kernel image @ 0x82000000 [ 0x000000 - 0x6c2f48 ]
+Kernel image @ 0x82000000 [ 0x000000 - 0x6c3728 ]
 ## Flattened Device Tree blob at 83000000
    Booting using the fdt blob at 0x83000000
    Using Device Tree in place at 83000000, end 83013504
@@ -62,7 +62,7 @@
 Starting kernel ...
 
 Booting Linux on physical CPU 0x0
-Linux version 4.8.0-rc1-109502-g29b4817 (pwalmsley@sellafield) (gcc version 4.7.3 20130328 (prerelease) (crosstool-NG linaro-1.13.1-4.7-2013.04-20130415 - Linaro GCC 2013.04) ) #1 SMP Sun Aug 7 18:36:40 PDT 2016
+Linux version 4.8.0-rc2-109794-g694d0d0 (pwalmsley@sellafield) (gcc version 4.7.3 20130328 (prerelease) (crosstool-NG linaro-1.13.1-4.7-2013.04-20130415 - Linaro GCC 2013.04) ) #1 SMP Tue Aug 16 02:33:34 PDT 2016
 CPU: ARMv7 Processor [413fc0f3] revision 3 (ARMv7), cr=10c5387d
 CPU: div instructions available: patching division code
 CPU: PIPT / VIPT nonaliasing data cache, PIPT instruction cache
@@ -85,7 +85,7 @@
 PID hash table entries: 4096 (order: 2, 16384 bytes)
 Dentry cache hash table entries: 131072 (order: 7, 524288 bytes)
 Inode-cache hash table entries: 65536 (order: 6, 262144 bytes)
-Memory: 1995996K/2097148K available (9216K kernel code, 1147K rwdata, 3960K rodata, 2048K init, 343K bss, 35616K reserved, 65536K cma-reserved, 1245180K highmem)
+Memory: 1995996K/2097148K available (9216K kernel code, 1147K rwdata, 3968K rodata, 2048K init, 343K bss, 35616K reserved, 65536K cma-reserved, 1245180K highmem)
 Virtual kernel memory layout:
     vector  : 0xffff0000 - 0xffff1000   (   4 kB)
     fixmap  : 0xffc00000 - 0xfff00000   (3072 kB)
@@ -108,7 +108,7 @@
 sched_clock: 32 bits at 1000kHz, resolution 1000ns, wraps every 2147483647500ns
 clocksource: timer_us: mask: 0xffffffff max_cycles: 0xffffffff, max_idle_ns: 1911260446275 ns
 Switching to timer-based delay loop, resolution 1000ns
-Architected cp15 timer(s) running at 12.00MHz (virt).
+arm_arch_timer: Architected cp15 timer(s) running at 12.00MHz (virt).
 clocksource: arch_sys_counter: mask: 0xffffffffffffff max_cycles: 0x2c47f4ee7, max_idle_ns: 440795202497 ns
 sched_clock: 56 bits at 12MHz, resolution 83ns, wraps every 4398046511096ns
 Switching to timer-based delay loop, resolution 83ns
@@ -138,7 +138,8 @@
 NET: Registered protocol family 16
 DMA: preallocated 256 KiB pool for atomic coherent allocations
 cpuidle: using governor menu
-No ATAGs?hw-breakpoint: found 5 (+1 reserved) breakpoint and 4 watchpoint registers.
+No ATAGs?
+hw-breakpoint: found 5 (+1 reserved) breakpoint and 4 watchpoint registers.
 hw-breakpoint: maximum watchpoint size is 8 bytes.
 Serial: AMBA PL011 UART driver
 tegra-mc 70019000.memory-controller: no memory timings for RAM code 0 registered
@@ -302,8 +303,8 @@
 ThumbEE CPU extension supported.
 Registering SWP/SWPB emulation handler
 +3.3V_RUN: supplied by +3.3V_SYS
-+3.3V_AVDD_HDMI_AP_GATED: supplied by +3.3V_RUN
 input: Elan Touchpad as /devices/soc0/7000c400.i2c/i2c-1/1-0015/input/input0
++3.3V_AVDD_HDMI_AP_GATED: supplied by +3.3V_RUN
 +1.8V_RUN_CAM: supplied by +3.3V_RUN
 +VDDIO_SDMMC3: supplied by +3.3V_RUN
 +1.8V_RUN_VPP_FUSE: supplied by +3.3V_RUN
@@ -311,8 +312,8 @@
 +5V_VDD_TS_SW: supplied by +5V_SYS
 +5V_USB_HS: supplied by +5V_SYS
 +5V_USB_SS: supplied by +5V_SYS
-mmc0: new high speed MMC card at address 0001
 +3.3V_PANEL: supplied by +3.3V_RUN
+mmc0: new high speed MMC card at address 0001
 mmcblk0: mmc0:0001 MMC16G 14.4 GiB 
 mmcblk0boot0: mmc0:0001 MMC16G partition 1 2.00 MiB
 mmcblk0boot1: mmc0:0001 MMC16G partition 2 2.00 MiB
@@ -342,17 +343,17 @@
 [drm] No driver support for vblank timestamp query.
 mmc2: new high speed SDHC card at address 0007
 mmcblk2: mmc2:0007 SD08G 7.42 GiB 
+Console: switching to colour frame buffer device 170x48
+drm drm: fb0:  frame buffer device
 GPT:Primary header alternate_lba != Alt. header my_lba
 GPT:3014591 != 15564799
 GPT:Primary header thinks Alt. header is not at the end of the disk.
 GPT:3014591 != 15564799
 GPT: Use GNU Parted to correct GPT errors.
  mmcblk2: p1 p2 p3 p4 p5 p6 p7 p8 p9 p10 p11 p12
-Console: switching to colour frame buffer device 170x48
-drm drm: fb0:  frame buffer device
 [drm] Initialized tegra 0.0.0 20120330 on minor 0
 input: gpio-keys as /devices/soc0/gpio-keys/input/input1
-as3722-rtc as3722-rtc: setting system clock to 2000-01-01 00:00:23 UTC (946684823)
+as3722-rtc as3722-rtc: setting system clock to 2000-01-01 00:23:44 UTC (946686224)
 +1.8V_RUN_CAM: disabling
 +3.3V_RUN_CAM: disabling
 +1.2V_RUN_CAM_FRONT: disabling
Diff for ./tegra124-nyan-big/tegra124-nyan-big/tegra_defconfig_log.txt
--- /tmp/fooa	2016-08-16 02:46:25.965201534 -0700
+++ /tmp/foob	2016-08-16 02:46:25.965201534 -0700
@@ -14,7 +14,7 @@
 Err:   serial
 Net:   Net Initialization Skipped
 No ethernet found.
-Hit any key to stop autoboot:  2  0 
+Hit any key to stop autoboot:  2  1  0 
 Tegra124 (Nyan-big) # 
 Tegra124 (Nyan-big) # usb start
 starting USB...
@@ -41,7 +41,7 @@
 	 ############################################
 	 3.4 MiB/s
 done
-Bytes transferred = 5408136 (528588 hex)
+Bytes transferred = 5409448 (528aa8 hex)
 Tegra124 (Nyan-big) # tftpboot 0x83000000 tegra124-nyan-big.dtb
 Using asx0 device
 TFTP from server 192.168.100.1; our IP address is 192.168.100.102
@@ -52,7 +52,7 @@
 done
 Bytes transferred = 66821 (10505 hex)
 Tegra124 (Nyan-big) # bootz 0x82000000 - 0x83000000
-Kernel image @ 0x82000000 [ 0x000000 - 0x528588 ]
+Kernel image @ 0x82000000 [ 0x000000 - 0x528aa8 ]
 ## Flattened Device Tree blob at 83000000
    Booting using the fdt blob at 0x83000000
    Using Device Tree in place at 83000000, end 83013504
@@ -224,7 +224,7 @@
 drm drm: fb0:  frame buffer device
 [drm] Initialized tegra 0.0.0 20120330 on minor 0
 input: gpio-keys as /devices/soc0/gpio-keys/input/input4
-as3722-rtc as3722-rtc: setting system clock to 2000-01-01 00:00:24 UTC (946684824)
+as3722-rtc as3722-rtc: setting system clock to 2000-01-01 00:22:44 UTC (946686164)
 +1.8V_RUN_CAM: disabling
 +1.2V_RUN_CAM_FRONT: disabling
 +1.05V_RUN_CAM_REAR: disabling
@@ -236,17 +236,17 @@
   #0: tegra-hda at 0x70038000 irq 341
   #1: GoogleNyanBig
 EXT4-fs (mmcblk0p3): couldn't mount as ext3 due to feature incompatibilities
-uvcvideo: Found UVC 1.00 device HD WebCam (1bcf:2c67)
-input: HD WebCam as /devices/soc0/70090000.usb/usb1/1-2/1-2:1.0/input/input5
-usb 1-3: new high-speed USB device number 3 using tegra-xusb
 EXT4-fs (mmcblk0p3): recovery complete
 EXT4-fs (mmcblk0p3): mounted filesystem with ordered data mode. Opts: (null)
 VFS: Mounted root (ext4 filesystem) on device 179:3.
 devtmpfs: mounted
 Freeing unused kernel memory: 1024K (c0c00000 - c0d00000)
+uvcvideo: Found UVC 1.00 device HD WebCam (1bcf:2c67)
+input: HD WebCam as /devices/soc0/70090000.usb/usb1/1-2/1-2:1.0/input/input5
 bash: cannot set terminal process group (-1): Inappropriate ioctl for device
 bash: no job control in this shell
-root@(none):/# [    6.737528] asix 1-3:1.0 eth0: register 'asix' at usb-70090000.usb-3, ASIX AX88772 USB 2.0 Ethernet, c8:d7:19:90:fa:65
+root@(none):/# [    5.764695] usb 1-3: new high-speed USB device number 3 using tegra-xusb
+asix 1-3:1.0 eth0: register 'asix' at usb-70090000.usb-3, ASIX AX88772 USB 2.0 Ethernet, c8:d7:19:90:fa:65
 usb 1-1: new high-speed USB device number 4 using tegra-xusb
 usb-storage 1-1:1.0: USB Mass Storage device detected
 scsi host0: usb-storage 1-1:1.0
Diff for ./tegra132-norrin/tegra132-norrin/defconfig_log.txt
--- /tmp/fooa	2016-08-16 02:46:26.033201584 -0700
+++ /tmp/foob	2016-08-16 02:46:26.037201588 -0700
@@ -31,7 +31,7 @@
 MSENC clock is set to  79200 KHz
 Vde clock is set to 204000 KHz
 
-Bootloader-Cpu Init at (time stamp): 1800161 us
+Bootloader-Cpu Init at (time stamp): 1801127 us
 
 Pinmux changes applied in kernel way
 
@@ -59,47 +59,47 @@
 The proc BoardInfo: 0x0176:0x0001:0x01:0x43:0x00
 FastbootAddAtag: setting ATAG (0)
 
-Board Id Read Time: 3 us
+Board Id Read Time: 4 us
 Power Rail enable Time: 1 us
 
-Miscellaneous avp time: 1800135  us
-Bootloader (AosInit) time: 733467 us
-Bootloader Main Init time: 180265 us
-BlockDevMgrInit time: 157570 us
+Miscellaneous avp time: 1801100  us
+Bootloader (AosInit) time: 734230 us
+Bootloader Main Init time: 183526 us
+BlockDevMgrInit time: 157529 us
 PartMgrInit time: 8 us
 StorMgrInit time: 31 us
 FsMgrInit time: 2 us
-Partition Table load: 77022 us 
-Display init time: 574633 us
-Kernel read time: 368 msec
-Load Kernel Size:   16001024 Bytes
-Bl Kernel ReadSpeed: 43481000 Bytes/sec
-Pre-Kernel Jump time: 1712610 us
-Clearing 32 Bit State and Warm resetting to 64bit mode: 5804707 us
+Partition Table load: 87255 us 
+Display init time: 484304 us
+Kernel read time: 373 msec
+Load Kernel Size:   16216064 Bytes
+Bl Kernel ReadSpeed: 43474000 Bytes/sec
+Pre-Kernel Jump time: 1728551 us
+Clearing 32 Bit State and Warm resetting to 64bit mode: 5754684 us
 Booting Linux on physical CPU 0x0
-Linux version 4.8.0-rc1+ (pwalmsley@tamien) (gcc version 4.9.2 20140904 (prerelease) (crosstool-NG linaro-1.13.1-4.9-2014.09 - Linaro GCC 4.9-2014.09) ) #1 SMP PREEMPT Sun Aug 7 18:40:39 PDT 2016
+Linux version 4.8.0-rc2-134227-g694d0d0 (pwalmsley@tamien) (gcc version 4.9.2 20140904 (prerelease) (crosstool-NG linaro-1.13.1-4.9-2014.09 - Linaro GCC 4.9-2014.09) ) #1 SMP PREEMPT Tue Aug 16 02:37:38 PDT 2016
 Boot CPU: AArch64 Processor [4e0f0000]
 Memory limited to 1734MB
 efi: Getting EFI parameters from FDT:
 efi: UEFI not found.
 cma: Reserved 16 MiB at 0x00000000eb400000
 /cpus/cpu@1: missing enable-method property
-percpu: Embedded 21 pages/cpu @ffff80006c59e000 s48256 r8192 d29568 u86016
+percpu: Embedded 21 pages/cpu @ffff80006c59e000 s48000 r8192 d29824 u86016
 Detected PIPT I-cache on CPU0
 Built 1 zonelists in Zone order, mobility grouping on.  Total pages: 436968
 Kernel command line: tegraid=13.1.3.0.0 mem=1734M@2048M memtype=255 vpr=151M@3817M ddr_die=2048M@2048M section=256M commchip_id=0 usb_port_owner_info=0 lane_owner_info=0 emc_max_dvfs=0 touch_id=0@0 video=tegrafb no_console_suspend=1 console=ttyS0,115200n8 debug_uartport=lsport,0 earlyprintk=uart8250-32bit,0x70006000 usbcore.old_scheme_first=1 lp0_vec=0@0x0 tegra_fbmem=32899072@0xad012000 core_edp_mv=1150 core_edp_ma=4000 pmuboard=0x0176:0x0001:0x01:0x43:0x00 displayboard=0x0162:0x0001:0x00:0x42:0x00 power_supply=Adapter audio_codec=rt5640 board_info=0x0176:0x0001:0x01:0x43:0x00 tegraboot=sdmmc gpt gpt_sector=94207 modem_id=0 android.kerneltype=normal
 PID hash table entries: 4096 (order: 3, 32768 bytes)
 Dentry cache hash table entries: 262144 (order: 9, 2097152 bytes)
 Inode-cache hash table entries: 131072 (order: 8, 1048576 bytes)
-Memory: 1707020K/1775616K available (7804K kernel code, 775K rwdata, 3684K rodata, 960K init, 269K bss, 52212K reserved, 16384K cma-reserved)
+Memory: 1706804K/1775616K available (7932K kernel code, 794K rwdata, 3704K rodata, 960K init, 274K bss, 52428K reserved, 16384K cma-reserved)
 Virtual kernel memory layout:
     modules : 0xffff000000000000 - 0xffff000008000000   (   128 MB)
     vmalloc : 0xffff000008000000 - 0xffff7dffbfff0000   (129022 GB)
-      .text : 0xffff000008080000 - 0xffff000008820000   (  7808 KB)
-    .rodata : 0xffff000008820000 - 0xffff000008bc0000   (  3712 KB)
-      .init : 0xffff000008bc0000 - 0xffff000008cb0000   (   960 KB)
-      .data : 0xffff000008cb0000 - 0xffff000008d71c00   (   775 KB)
-       .bss : 0xffff000008d71c00 - 0xffff000008db50b8   (   270 KB)
+      .text : 0xffff000008080000 - 0xffff000008840000   (  7936 KB)
+    .rodata : 0xffff000008840000 - 0xffff000008bf0000   (  3776 KB)
+      .init : 0xffff000008bf0000 - 0xffff000008ce0000   (   960 KB)
+      .data : 0xffff000008ce0000 - 0xffff000008da6800   (   794 KB)
+       .bss : 0xffff000008da6800 - 0xffff000008deb138   (   275 KB)
     fixed   : 0xffff7dfffe7fd000 - 0xffff7dfffec00000   (  4108 KB)
     PCI I/O : 0xffff7dfffee00000 - 0xffff7dffffe00000   (    16 MB)
     vmemmap : 0xffff7e0000000000 - 0xffff800000000000   (  2048 GB maximum)
@@ -113,7 +113,7 @@
 NR_IRQS:64 nr_irqs:64 0
 /interrupt-controller@60004000: 160 interrupts forwarded to /interrupt-controller@50041000
 Tegra clk 127: register failed with -17
-Architected cp15 timer(s) running at 12.00MHz (virt).
+arm_arch_timer: Architected cp15 timer(s) running at 12.00MHz (virt).
 clocksource: arch_sys_counter: mask: 0xffffffffffffff max_cycles: 0x2c47f4ee7, max_idle_ns: 440795202497 ns
 sched_clock: 56 bits at 12MHz, resolution 83ns, wraps every 4398046511096ns
 Console: colour dummy device 80x25
@@ -134,7 +134,7 @@
 pinctrl core: initialized pinctrl subsystem
 NET: Registered protocol family 16
 cpuidle: using governor menu
-vdso: 2 pages (1 code @ ffff000008826000, 1 data @ ffff000008cb4000)
+vdso: 2 pages (1 code @ ffff000008846000, 1 data @ ffff000008ce4000)
 hw-breakpoint: found 6 breakpoint and 4 watchpoint registers.
 DMA: preallocated 256 KiB pool for atomic allocations
 Serial: AMBA PL011 UART driver
@@ -184,14 +184,13 @@
 kvm [1]: HYP mode not available
 futex hash table entries: 256 (order: 3, 32768 bytes)
 audit: initializing netlink subsys (disabled)
-audit: type=2000 audit(1.099:1): initialized
+audit: type=2000 audit(1.111:1): initialized
 workingset: timestamp_bits=46 max_order=19 bucket_order=0
 squashfs: version 4.0 (2009/01/31) Phillip Lougher
 NFS: Registering the id_resolver key type
 Key type id_resolver registered
 Key type id_legacy registered
 nfs4filelayout_init: NFSv4 File Layout Driver Registering...
-fuse init (API version 7.25)
 9p: Installing v9fs 9p2000 file system support
 io scheduler noop registered
 io scheduler cfq registered (default)
@@ -270,7 +269,7 @@
 +5V_HDMI_CON: disabling
 ALSA device list:
   No soundcards found.
-Freeing unused kernel memory: 960K (ffff800000bc0000 - ffff800000cb0000)
+Freeing unused kernel memory: 960K (ffff800000bf0000 - ffff800000ce0000)
 mmcblk0boot1: mmc0:0001 SEM16G partition 2 4.00 MiB
 mmcblk0rpmb: mmc0:0001 SEM16G partition 3 4.00 MiB
  mmcblk0: p1 p2 p3 p4 p5 p6 p7 p8
Diff for ./tegra20-trimslice/tegra20-trimslice/multi_v7_defconfig_log.txt
--- /tmp/fooa	2016-08-16 02:46:26.053201599 -0700
+++ /tmp/foob	2016-08-16 02:46:26.053201599 -0700
@@ -19,7 +19,7 @@
 Out:   serial
 Err:   serial
 Net:   RTL8169#0
-Hit any key to stop autoboot:  2  1  0 
+Hit any key to stop autoboot:  2  0 
 Tegra20 (TrimSlice) # 
 Tegra20 (TrimSlice) # usb reset
 resetting USB...
@@ -46,10 +46,10 @@
 	 #################################################################
 	 #################################################################
 	 #################################################################
-	 ############################
-	 904.3 KiB/s
+	 #############################
+	 909.2 KiB/s
 done
-Bytes transferred = 7089992 (6c2f48 hex)
+Bytes transferred = 7092008 (6c3728 hex)
 Tegra20 (TrimSlice) # tftpboot 0x02408000 tegra20-trimslice.dtb
 Using RTL8169#0 device
 TFTP from server 192.168.100.1; our IP address is 192.168.100.103
@@ -60,7 +60,7 @@
 done
 Bytes transferred = 21172 (52b4 hex)
 Tegra20 (TrimSlice) # bootz 0x00408000 - 0x02408000
-Kernel image @ 0x408000 [ 0x000000 - 0x6c2f48 ]
+Kernel image @ 0x408000 [ 0x000000 - 0x6c3728 ]
 ## Flattened Device Tree blob at 02408000
    Booting using the fdt blob at 0x2408000
    Using Device Tree in place at 02408000, end 024102b3
@@ -68,7 +68,7 @@
 Starting kernel ...
 
 Booting Linux on physical CPU 0x0
-Linux version 4.8.0-rc1-109502-g29b4817 (pwalmsley@sellafield) (gcc version 4.7.3 20130328 (prerelease) (crosstool-NG linaro-1.13.1-4.7-2013.04-20130415 - Linaro GCC 2013.04) ) #1 SMP Sun Aug 7 18:36:40 PDT 2016
+Linux version 4.8.0-rc2-109794-g694d0d0 (pwalmsley@sellafield) (gcc version 4.7.3 20130328 (prerelease) (crosstool-NG linaro-1.13.1-4.7-2013.04-20130415 - Linaro GCC 2013.04) ) #1 SMP Tue Aug 16 02:33:34 PDT 2016
 CPU: ARMv7 Processor [411fc090] revision 0 (ARMv7), cr=10c5387d
 CPU: PIPT / VIPT nonaliasing data cache, VIPT aliasing instruction cache
 OF: fdt:Machine model: Compulab TrimSlice board
@@ -89,7 +89,7 @@
 PID hash table entries: 4096 (order: 2, 16384 bytes)
 Dentry cache hash table entries: 131072 (order: 7, 524288 bytes)
 Inode-cache hash table entries: 65536 (order: 6, 262144 bytes)
-Memory: 955920K/1048576K available (9216K kernel code, 1147K rwdata, 3960K rodata, 2048K init, 343K bss, 27120K reserved, 65536K cma-reserved, 196608K highmem)
+Memory: 955920K/1048576K available (9216K kernel code, 1147K rwdata, 3968K rodata, 2048K init, 343K bss, 27120K reserved, 65536K cma-reserved, 196608K highmem)
 Virtual kernel memory layout:
     vector  : 0xffff0000 - 0xffff1000   (   4 kB)
     fixmap  : 0xffc00000 - 0xfff00000   (3072 kB)
@@ -139,7 +139,8 @@
 NET: Registered protocol family 16
 DMA: preallocated 256 KiB pool for atomic coherent allocations
 cpuidle: using governor menu
-No ATAGs?hw-breakpoint: found 5 (+1 reserved) breakpoint and 1 watchpoint registers.
+No ATAGs?
+hw-breakpoint: found 5 (+1 reserved) breakpoint and 1 watchpoint registers.
 hw-breakpoint: maximum watchpoint size is 4 bytes.
 Serial: AMBA PL011 UART driver
 usb1_vbus: Failed to request enable GPIO170: -517
@@ -167,9 +168,7 @@
 RPC: Registered tcp transport module.
 RPC: Registered tcp NFSv4.1 backchannel transport module.
 PCI: CLS 0 bytes, default 64
-hw perfevents: /pmu: failed to probe PMU!
-hw perfevents: /pmu: failed to register PMU devices!
-armv7-pmu: probe of pmu failed with error -22
+hw perfevents: enabled with armv7_cortex_a9 PMU driver, 7 counters available
 futex hash table entries: 512 (order: 3, 32768 bytes)
 workingset: timestamp_bits=30 max_order=18 bucket_order=0
 squashfs: version 4.0 (2009/01/31) Phillip Lougher
@@ -322,27 +321,27 @@
 tegra-ehci c5000000.usb: new USB bus registered, assigned bus number 2
 tegra-ehci c5000000.usb: irq 288, io mem 0xc5000000
 mmc0: host does not support reading read-only switch, assuming write-enable
+mmc0: new high speed SDHC card at address b368
+mmcblk0: mmc0:b368 NCard 3.70 GiB 
 usb 1-1: new high-speed USB device number 2 using tegra-ehci
-mmc1: new high speed SD card at address b368
+ mmcblk0: p1
 tegra-ehci c5000000.usb: USB 2.0 started, EHCI 1.00
-mmc0: new high speed SDHC card at address b368
 hub 2-0:1.0: USB hub found
 hub 2-0:1.0: 1 port detected
+mmc1: new high speed SD card at address b368
 input: gpio-keys as /devices/soc0/gpio-keys/input/input0
 mmcblk1: mmc1:b368 NCard 1.83 GiB (ro)
-rtc-em3027 2-0056: setting system clock to 2015-02-05 14:52:36 UTC (1423147956)
-mmcblk0: mmc0:b368 NCard 3.70 GiB 
- mmcblk0: p1
+rtc-em3027 2-0056: setting system clock to 2015-02-05 16:13:10 UTC (1423152790)
  mmcblk1: p1 p2
 EXT4-fs (mmcblk0p1): mounting ext3 file system using the ext4 subsystem
 hub 1-1:1.0: USB hub found
 hub 1-1:1.0: 4 ports detected
 usb 1-1.2: new high-speed USB device number 3 using tegra-ehci
+EXT4-fs (mmcblk0p1): recovery complete
 random: fast init done
 asix 1-1.2:1.0 eth1: register 'asix' at usb-c5008000.usb-1.2, ASIX AX88772 USB 2.0 Ethernet, 00:60:6e:60:6c:68
-EXT4-fs (mmcblk0p1): recovery complete
 EXT4-fs (mmcblk0p1): mounted filesystem with ordered data mode. Opts: (null)
-VFS: Mounted root (ext3 filesystem) on device 179:17.
+VFS: Mounted root (ext3 filesystem) on device 179:1.
 devtmpfs: mounted
 Freeing unused kernel memory: 2048K (c1100000 - c1300000)
 bash: cannot set terminal process group (-1): Inappropriate ioctl for device
Diff for ./tegra20-trimslice/tegra20-trimslice/tegra_defconfig_log.txt
--- /tmp/fooa	2016-08-16 02:46:26.061201605 -0700
+++ /tmp/foob	2016-08-16 02:46:26.065201608 -0700
@@ -19,7 +19,7 @@
 Out:   serial
 Err:   serial
 Net:   RTL8169#0
-Hit any key to stop autoboot:  2  0 
+Hit any key to stop autoboot:  2  1  0 
 Tegra20 (TrimSlice) # 
 Tegra20 (TrimSlice) # usb reset
 resetting USB...
@@ -45,9 +45,9 @@
 	 #################################################################
 	 #################################################################
 	 ############################################
-	 903.3 KiB/s
+	 906.3 KiB/s
 done
-Bytes transferred = 5408136 (528588 hex)
+Bytes transferred = 5409448 (528aa8 hex)
 Tegra20 (TrimSlice) # tftpboot 0x02408000 tegra20-trimslice.dtb
 Using RTL8169#0 device
 TFTP from server 192.168.100.1; our IP address is 192.168.100.103
@@ -58,7 +58,7 @@
 done
 Bytes transferred = 21172 (52b4 hex)
 Tegra20 (TrimSlice) # bootz 0x00408000 - 0x02408000
-Kernel image @ 0x408000 [ 0x000000 - 0x528588 ]
+Kernel image @ 0x408000 [ 0x000000 - 0x528aa8 ]
 ## Flattened Device Tree blob at 02408000
    Booting using the fdt blob at 0x2408000
    Using Device Tree in place at 02408000, end 024102b3
@@ -67,7 +67,7 @@
 
 Uncompressing Linux... done, booting the kernel.
 Booting Linux on physical CPU 0x0
-Linux version 4.8.0-rc1-109502-g29b4817 (pwalmsley@kaivo) (gcc version 4.7.3 20130328 (prerelease) (crosstool-NG linaro-1.13.1-4.7-2013.04-20130415 - Linaro GCC 2013.04) ) #1 SMP PREEMPT Sun Aug 7 18:36:29 PDT 2016
+Linux version 4.8.0-rc2-109794-g694d0d0 (pwalmsley@kaivo) (gcc version 4.7.3 20130328 (prerelease) (crosstool-NG linaro-1.13.1-4.7-2013.04-20130415 - Linaro GCC 2013.04) ) #1 SMP PREEMPT Tue Aug 16 02:33:38 PDT 2016
 CPU: ARMv7 Processor [411fc090] revision 0 (ARMv7), cr=10c5387d
 CPU: PIPT / VIPT nonaliasing data cache, VIPT aliasing instruction cache
 OF: fdt:Machine model: Compulab TrimSlice board
@@ -76,7 +76,7 @@
 cma: Reserved 64 MiB at 0x3c000000
 Memory policy: Data cache writealloc
 On node 0 totalpages: 262144
-free_area_init_node: node 0, pgdat c0d5c380, node_mem_map ef7f7000
+free_area_init_node: node 0, pgdat c0d5c340, node_mem_map ef7f7000
   Normal zone: 1536 pages used for memmap
   Normal zone: 0 pages reserved
   Normal zone: 196608 pages, LIFO batch:31
@@ -89,7 +89,7 @@
 PID hash table entries: 4096 (order: 2, 16384 bytes)
 Dentry cache hash table entries: 131072 (order: 7, 524288 bytes)
 Inode-cache hash table entries: 65536 (order: 6, 262144 bytes)
-Memory: 960760K/1048576K available (8192K kernel code, 375K rwdata, 2428K rodata, 1024K init, 366K bss, 22280K reserved, 65536K cma-reserved, 196608K highmem)
+Memory: 960760K/1048576K available (8192K kernel code, 375K rwdata, 2432K rodata, 1024K init, 366K bss, 22280K reserved, 65536K cma-reserved, 196608K highmem)
 Virtual kernel memory layout:
     vector  : 0xffff0000 - 0xffff1000   (   4 kB)
     fixmap  : 0xffc00000 - 0xfff00000   (3072 kB)
@@ -99,7 +99,7 @@
     modules : 0xbf000000 - 0xbfe00000   (  14 MB)
       .text : 0xc0008000 - 0xc0900000   (9184 kB)
       .init : 0xc0c00000 - 0xc0d00000   (1024 kB)
-      .data : 0xc0d00000 - 0xc0d5de00   ( 376 kB)
+      .data : 0xc0d00000 - 0xc0d5ddc0   ( 376 kB)
        .bss : 0xc0d5f000 - 0xc0dbab20   ( 367 kB)
 Preemptible hierarchical RCU implementation.
 	Build-time adjustment of leaf fanout to 32.
@@ -138,7 +138,8 @@
 NET: Registered protocol family 16
 DMA: preallocated 256 KiB pool for atomic coherent allocations
 cpuidle: using governor menu
-No ATAGs?hw-breakpoint: found 5 (+1 reserved) breakpoint and 1 watchpoint registers.
+No ATAGs?
+hw-breakpoint: found 5 (+1 reserved) breakpoint and 1 watchpoint registers.
 hw-breakpoint: maximum watchpoint size is 4 bytes.
 usb1_vbus: Failed to request enable GPIO170: -517
 reg-fixed-voltage regulators:regulator@2: Failed to register regulator: -517
@@ -172,9 +173,7 @@
 RPC: Registered tcp transport module.
 RPC: Registered tcp NFSv4.1 backchannel transport module.
 PCI: CLS 0 bytes, default 64
-hw perfevents: /pmu: failed to probe PMU!
-hw perfevents: /pmu: failed to register PMU devices!
-armv7-pmu: probe of pmu failed with error -22
+hw perfevents: enabled with armv7_cortex_a9 PMU driver, 7 counters available
 futex hash table entries: 512 (order: 3, 32768 bytes)
 workingset: timestamp_bits=30 max_order=18 bucket_order=0
 squashfs: version 4.0 (2009/01/31) Phillip Lougher
@@ -307,11 +306,11 @@
 tlv320aic23-codec 2-001a: ASoC: Failed to add route MICIN -> NULL -> Mic Input
 tegra-snd-trimslice sound: tlv320aic23-hifi <-> 70002800.i2s mapping ok
 usb 1-1: new high-speed USB device number 2 using tegra-ehci
-mmc1: new high speed SD card at address b368
 mmc0: host does not support reading read-only switch, assuming write-enable
 mmc0: new high speed SDHC card at address b368
 mmcblk0: mmc0:b368 NCard 3.70 GiB 
  mmcblk0: p1
+mmc1: new high speed SD card at address b368
 mmcblk1: mmc1:b368 NCard 1.83 GiB (ro)
  mmcblk1: p1 p2
 hub 1-1:1.0: USB hub found
@@ -342,7 +341,7 @@
 hub 2-0:1.0: USB hub found
 hub 2-0:1.0: 1 port detected
 input: gpio-keys as /devices/soc0/gpio-keys/input/input0
-rtc-em3027 2-0056: setting system clock to 2015-02-05 14:51:03 UTC (1423147863)
+rtc-em3027 2-0056: setting system clock to 2015-02-05 16:14:43 UTC (1423152883)
 ALSA device list:
   #0: tegra-trimslice
 asix 1-1.2:1.0 eth1: register 'asix' at usb-c5008000.usb-1.2, ASIX AX88772 USB 2.0 Ethernet, 00:60:6e:60:6c:68
Diff for ./tegra210-p2371-0000/tegra210-p2371-0000/defconfig_log.txt
--- /tmp/fooa	2016-08-16 02:46:26.113201643 -0700
+++ /tmp/foob	2016-08-16 02:46:26.121201648 -0700
@@ -64,17 +64,17 @@
 Loading and Validation of Secure OS Successful
 NvTbootPackSdramParams: start. 
 NvTbootPackSdramParams: done. 
-Tegraboot started after 723602 us
-Basic modules init took 348655 us
-Sec Bootdevice Read Time = 203 ms, Read Size = 8459 KB
-Next stage binary read took 15083 us
-Carveout took 252721 us
-CPU initialization took 92305 us
-Total time taken by TegraBoot 708764 us
+Tegraboot started after 721708 us
+Basic modules init took 348773 us
+Sec Bootdevice Read Time = 202 ms, Read Size = 8459 KB
+Next stage binary read took 14370 us
+Carveout took 252714 us
+CPU initialization took 92338 us
+Total time taken by TegraBoot 708195 us
 
 Starting CPU & Halting co-processor 
 
-64b[0001.563] LPDDR4 Training: Number of tables = 10
+64b[0001.561] LPDDR4 Training: Number of tables = 10
 EMC Training (SRC-freq: 204000; DST-freq: 408000)
 EMC Training Successful
 EMC Training (SRC-freq: 204000; DST-freq: 665600)
@@ -108,7 +108,7 @@
 Tegra210 (P2371-0000) # 
 Tegra210 (P2371-0000) # ums 0 mmc 0
 UMS: disk start sector: 0x0, count: 0x1d5a000
-|/-\|/-\/-\|/-\/-\|/-\/-\|/-\/-\|/-\/-\|/-\/-\|/-\/-\|/-\/-CTRL+C - Operation aborted
+|/-\|/-\/-\|/-\/-\|/-\/-\|/-\/-\|/-\/-\|/-\/-\|/-\/-\|/-\/-\CTRL+C - Operation aborted
 Tegra210 (P2371-0000) # 
 Tegra210 (P2371-0000) # env set fdt_copy_node_names /cpus:/psci
 Tegra210 (P2371-0000) # setenv rootpart 1
@@ -117,9 +117,9 @@
 Tegra210 (P2371-0000) # part uuid ${devtype} ${devnum}:${rootpart} uuid
 Tegra210 (P2371-0000) # setenv bootargs ignore_loglevel console=ttyS0,115200n8 earlycon=uart8250,mmio32,0x70006000 rw root=PARTUUID=00000000-0001-0000-788f-a75600000000 rootwait debug earlyprintk init=/bin/bash
 Tegra210 (P2371-0000) # load ${devtype} ${devnum}:${rootpart} ${kernel_addr_r} /boot/Image.defconfig
-13573120 bytes read in 763 ms (17 MiB/s)
+13789184 bytes read in 768 ms (17.1 MiB/s)
 Tegra210 (P2371-0000) # load ${devtype} ${devnum}:${rootpart} ${fdt_addr_r} /boot/tegra210-p2371-0000.dtb
-41182 bytes read in 455 ms (87.9 KiB/s)
+41182 bytes read in 453 ms (87.9 KiB/s)
 Tegra210 (P2371-0000) # load ${devtype} ${devnum}:${rootpart} ${ramdisk_addr_r} /boot/tegra-ramdisk.img
 1627787 bytes read in 496 ms (3.1 MiB/s)
 Tegra210 (P2371-0000) # ramdisk_size=${filesize}
@@ -131,7 +131,7 @@
 Starting kernel ...
 
 Booting Linux on physical CPU 0x0
-Linux version 4.8.0-rc1+ (pwalmsley@tamien) (gcc version 4.9.2 20140904 (prerelease) (crosstool-NG linaro-1.13.1-4.9-2014.09 - Linaro GCC 4.9-2014.09) ) #1 SMP PREEMPT Sun Aug 7 18:40:39 PDT 2016
+Linux version 4.8.0-rc2-134227-g694d0d0 (pwalmsley@tamien) (gcc version 4.9.2 20140904 (prerelease) (crosstool-NG linaro-1.13.1-4.9-2014.09 - Linaro GCC 4.9-2014.09) ) #1 SMP PREEMPT Tue Aug 16 02:37:38 PDT 2016
 Boot CPU: AArch64 Processor [411fd071]
 debug: ignoring loglevel setting.
 earlycon: uart8250 at MMIO32 0x0000000070006000 (options '')
@@ -149,8 +149,8 @@
 psci: PSCIv0.2 detected in firmware.
 psci: Using standard PSCI v0.2 function IDs
 psci: MIGRATE_INFO_TYPE not supported.
-percpu: Embedded 21 pages/cpu @ffff8000bff4b000 s48256 r8192 d29568 u86016
-pcpu-alloc: s48256 r8192 d29568 u86016 alloc=21*4096
+percpu: Embedded 21 pages/cpu @ffff8000bff4b000 s48000 r8192 d29824 u86016
+pcpu-alloc: s48000 r8192 d29824 u86016 alloc=21*4096
 pcpu-alloc: [0] 0 [0] 1 [0] 2 [0] 3 
 Detected PIPT I-cache on CPU0
 CPU features: enabling workaround for ARM erratum 832075
@@ -161,20 +161,20 @@
 log_buf_len total cpu_extra contributions: 12288 bytes
 log_buf_len min size: 16384 bytes
 log_buf_len: 32768 bytes
-early log buf free: 14288(87%)
+early log buf free: 14272(87%)
 PID hash table entries: 4096 (order: 3, 32768 bytes)
 Dentry cache hash table entries: 524288 (order: 10, 4194304 bytes)
 Inode-cache hash table entries: 262144 (order: 9, 2097152 bytes)
 software IO TLB [mem 0xfa000000-0xfe000000] (64MB) mapped at [ffff80007a000000-ffff80007dffffff]
-Memory: 2979380K/3131392K available (7804K kernel code, 775K rwdata, 3684K rodata, 960K init, 269K bss, 135628K reserved, 16384K cma-reserved)
+Memory: 2979164K/3131392K available (7932K kernel code, 794K rwdata, 3704K rodata, 960K init, 274K bss, 135844K reserved, 16384K cma-reserved)
 Virtual kernel memory layout:
     modules : 0xffff000000000000 - 0xffff000008000000   (   128 MB)
     vmalloc : 0xffff000008000000 - 0xffff7dffbfff0000   (129022 GB)
-      .text : 0xffff000008080000 - 0xffff000008820000   (  7808 KB)
-    .rodata : 0xffff000008820000 - 0xffff000008bc0000   (  3712 KB)
-      .init : 0xffff000008bc0000 - 0xffff000008cb0000   (   960 KB)
-      .data : 0xffff000008cb0000 - 0xffff000008d71c00   (   775 KB)
-       .bss : 0xffff000008d71c00 - 0xffff000008db50b8   (   270 KB)
+      .text : 0xffff000008080000 - 0xffff000008840000   (  7936 KB)
+    .rodata : 0xffff000008840000 - 0xffff000008bf0000   (  3776 KB)
+      .init : 0xffff000008bf0000 - 0xffff000008ce0000   (   960 KB)
+      .data : 0xffff000008ce0000 - 0xffff000008da6800   (   794 KB)
+       .bss : 0xffff000008da6800 - 0xffff000008deb138   (   275 KB)
     fixed   : 0xffff7dfffe7fd000 - 0xffff7dfffec00000   (  4108 KB)
     PCI I/O : 0xffff7dfffee00000 - 0xffff7dffffe00000   (    16 MB)
     vmemmap : 0xffff7e0000000000 - 0xffff800000000000   (  2048 GB maximum)
@@ -194,7 +194,7 @@
 PLL_X already enabled. Postponing set full defaults
 boot misc1 0x0: expected 0x20
  (comparison mask = 0xffffff)
-Architected cp15 timer(s) running at 19.20MHz (phys).
+arm_arch_timer: Architected cp15 timer(s) running at 19.20MHz (phys).
 clocksource: arch_sys_counter: mask: 0xffffffffffffff max_cycles: 0x46d987e47, max_idle_ns: 440795202767 ns
 sched_clock: 56 bits at 19MHz, resolution 52ns, wraps every 4398046511078ns
 Console: colour dummy device 80x25
@@ -224,7 +224,7 @@
 pinctrl core: initialized pinctrl subsystem
 NET: Registered protocol family 16
 cpuidle: using governor menu
-vdso: 2 pages (1 code @ ffff000008826000, 1 data @ ffff000008cb4000)
+vdso: 2 pages (1 code @ ffff000008846000, 1 data @ ffff000008ce4000)
 hw-breakpoint: found 6 breakpoint and 4 watchpoint registers.
 DMA: preallocated 256 KiB pool for atomic allocations
 Serial: AMBA PL011 UART driver
@@ -257,7 +257,7 @@
 RPC: Registered tcp transport module.
 RPC: Registered tcp NFSv4.1 backchannel transport module.
 PCI: CLS 0 bytes, default 128
-kvm [1]: IDMAP page: 80817000
+kvm [1]: IDMAP page: 80829000
 kvm [1]: HYP VA range: 800000000000:ffffffffffff
 kvm [1]: 8-bit VMID
 kvm [1]: Hyp mode initialized successfully
@@ -273,7 +273,6 @@
 Key type id_resolver registered
 Key type id_legacy registered
 nfs4filelayout_init: NFSv4 File Layout Driver Registering...
-fuse init (API version 7.25)
 9p: Installing v9fs 9p2000 file system support
 io scheduler noop registered
 io scheduler cfq registered (default)
@@ -344,8 +343,8 @@
 EXT4-fs (mmcblk0p1): mounted filesystem with ordered data mode. Opts: (null)
 VFS: Mounted root (ext4 filesystem) on device 179:1.
 devtmpfs: mounted
-Freeing unused kernel memory: 960K (ffff800000bc0000 - ffff800000cb0000)
+Freeing unused kernel memory: 960K (ffff800000bf0000 - ffff800000ce0000)
 bash: cannot set terminal process group (-1): Inappropriate ioctl for device
-bash: no job contr[    1.334114] random: fast init done
+bash: no job contr[    1.328937] random: fast init done
 ol in this shell
 root@(none):/# 
\ No newline at end of file
Diff for ./tegra210-smaug/tegra210-smaug/defconfig_log.txt
--- /tmp/fooa	2016-08-16 02:46:26.141201663 -0700
+++ /tmp/foob	2016-08-16 02:46:26.149201670 -0700
@@ -1,8 +1,13 @@
+0070006000 (options '115200n8')
+bootconsole [uart0] enabled
+efi: Getting EFI parameters from FDT:
+efi: UEFI not found.
+cma: Reserved 16 MiB at 0x00000000f5400000
 psci: probing for conduit method from DT.
 psci: PSCIv1.0 detected in firmware.
 psci: Using standard PSCI v0.2 function IDs
 psci: MIGRATE_INFO_UP_CPU reported invalid physical ID (0x80000000)
-percpu: Embedded 21 pages/cpu @ffff8000bff40000 s48256 r8192 d29568 u86016
+percpu: Embedded 21 pages/cpu @ffff8000bff40000 s48000 r8192 d29824 u86016
 Detected PIPT I-cache on CPU0
 CPU features: enabling workaround for ARM erratum 832075
 CPU features: enabling workaround for ARM erratum 834220
@@ -12,20 +17,20 @@
 log_buf_len total cpu_extra contributions: 12288 bytes
 log_buf_len min size: 16384 bytes
 log_buf_len: 32768 bytes
-early log buf free: 14436(88%)
+early log buf free: 14420(88%)
 PID hash table entries: 4096 (order: 3, 32768 bytes)
 Dentry cache hash table entries: 524288 (order: 10, 4194304 bytes)
 Inode-cache hash table entries: 262144 (order: 9, 2097152 bytes)
 software IO TLB [mem 0xf1400000-0xf5400000] (64MB) mapped at [ffff800071400000-ffff8000753fffff]
-Memory: 2833572K/2988032K available (7804K kernel code, 775K rwdata, 3684K rodata, 960K init, 269K bss, 138076K reserved, 16384K cma-reserved)
+Memory: 2833360K/2988032K available (7932K kernel code, 794K rwdata, 3704K rodata, 960K init, 274K bss, 138288K reserved, 16384K cma-reserved)
 Virtual kernel memory layout:
     modules : 0xffff000000000000 - 0xffff000008000000   (   128 MB)
     vmalloc : 0xffff000008000000 - 0xffff7dffbfff0000   (129022 GB)
-      .text : 0xffff000008080000 - 0xffff000008820000   (  7808 KB)
-    .rodata : 0xffff000008820000 - 0xffff000008bc0000   (  3712 KB)
-      .init : 0xffff000008bc0000 - 0xffff000008cb0000   (   960 KB)
-      .data : 0xffff000008cb0000 - 0xffff000008d71c00   (   775 KB)
-       .bss : 0xffff000008d71c00 - 0xffff000008db50b8   (   270 KB)
+      .text : 0xffff000008080000 - 0xffff000008840000   (  7936 KB)
+    .rodata : 0xffff000008840000 - 0xffff000008bf0000   (  3776 KB)
+      .init : 0xffff000008bf0000 - 0xffff000008ce0000   (   960 KB)
+      .data : 0xffff000008ce0000 - 0xffff000008da6800   (   794 KB)
+       .bss : 0xffff000008da6800 - 0xffff000008deb138   (   275 KB)
     fixed   : 0xffff7dfffe7fd000 - 0xffff7dfffec00000   (  4108 KB)
     PCI I/O : 0xffff7dfffee00000 - 0xffff7dffffe00000   (    16 MB)
     vmemmap : 0xffff7e0000000000 - 0xffff800000000000   (  2048 GB maximum)
@@ -54,20 +59,20 @@
  (comparison mask = 0xf8000000)
 boot misc2 0x0: expected 0xf400f0da
  (comparison mask = 0xffffffff)
-boot misc3 0x2d8: expected 0x2004f400
+boot misc3 0x34b8: expected 0x2004f400
  (comparison mask = 0xffffffff)
 PLL_P already enabled. Postponing set full defaults
 PLL_X already enabled. Postponing set full defaults
 boot misc1 0x0: expected 0x20
  (comparison mask = 0xffffff)
-Architected cp15 timer(s) running at 19.20MHz (phys).
+arm_arch_timer: Architected cp15 timer(s) running at 19.20MHz (phys).
 clocksource: arch_sys_counter: mask: 0xffffffffffffff max_cycles: 0x46d987e47, max_idle_ns: 440795202767 ns
 sched_clock: 56 bits at 19MHz, resolution 52ns, wraps every 4398046511078ns
 Console: colour dummy device 80x25
 console [tty0] enabled
 bootconsole [uart0] disabled
 Booting Linux on physical CPU 0x0
-Linux version 4.8.0-rc1+ (pwalmsley@tamien) (gcc version 4.9.2 20140904 (prerelease) (crosstool-NG linaro-1.13.1-4.9-2014.09 - Linaro GCC 4.9-2014.09) ) #1 SMP PREEMPT Sun Aug 7 18:40:39 PDT 2016
+Linux version 4.8.0-rc2-134227-g694d0d0 (pwalmsley@tamien) (gcc version 4.9.2 20140904 (prerelease) (crosstool-NG linaro-1.13.1-4.9-2014.09 - Linaro GCC 4.9-2014.09) ) #1 SMP PREEMPT Tue Aug 16 02:37:38 PDT 2016
 Boot CPU: AArch64 Processor [411fd071]
 earlycon: uart0 at MMIO 0x0000000070006000 (options '115200n8')
 bootconsole [uart0] enabled
@@ -78,7 +83,7 @@
 psci: PSCIv1.0 detected in firmware.
 psci: Using standard PSCI v0.2 function IDs
 psci: MIGRATE_INFO_UP_CPU reported invalid physical ID (0x80000000)
-percpu: Embedded 21 pages/cpu @ffff8000bff40000 s48256 r8192 d29568 u86016
+percpu: Embedded 21 pages/cpu @ffff8000bff40000 s48000 r8192 d29824 u86016
 Detected PIPT I-cache on CPU0
 CPU features: enabling workaround for ARM erratum 832075
 CPU features: enabling workaround for ARM erratum 834220
@@ -88,20 +93,20 @@
 log_buf_len total cpu_extra contributions: 12288 bytes
 log_buf_len min size: 16384 bytes
 log_buf_len: 32768 bytes
-early log buf free: 14436(88%)
+early log buf free: 14420(88%)
 PID hash table entries: 4096 (order: 3, 32768 bytes)
 Dentry cache hash table entries: 524288 (order: 10, 4194304 bytes)
 Inode-cache hash table entries: 262144 (order: 9, 2097152 bytes)
 software IO TLB [mem 0xf1400000-0xf5400000] (64MB) mapped at [ffff800071400000-ffff8000753fffff]
-Memory: 2833572K/2988032K available (7804K kernel code, 775K rwdata, 3684K rodata, 960K init, 269K bss, 138076K reserved, 16384K cma-reserved)
+Memory: 2833360K/2988032K available (7932K kernel code, 794K rwdata, 3704K rodata, 960K init, 274K bss, 138288K reserved, 16384K cma-reserved)
 Virtual kernel memory layout:
     modules : 0xffff000000000000 - 0xffff000008000000   (   128 MB)
     vmalloc : 0xffff000008000000 - 0xffff7dffbfff0000   (129022 GB)
-      .text : 0xffff000008080000 - 0xffff000008820000   (  7808 KB)
-    .rodata : 0xffff000008820000 - 0xffff000008bc0000   (  3712 KB)
-      .init : 0xffff000008bc0000 - 0xffff000008cb0000   (   960 KB)
-      .data : 0xffff000008cb0000 - 0xffff000008d71c00   (   775 KB)
-       .bss : 0xffff000008d71c00 - 0xffff000008db50b8   (   270 KB)
+      .text : 0xffff000008080000 - 0xffff000008840000   (  7936 KB)
+    .rodata : 0xffff000008840000 - 0xffff000008bf0000   (  3776 KB)
+      .init : 0xffff000008bf0000 - 0xffff000008ce0000   (   960 KB)
+      .data : 0xffff000008ce0000 - 0xffff000008da6800   (   794 KB)
+       .bss : 0xffff000008da6800 - 0xffff000008deb138   (   275 KB)
     fixed   : 0xffff7dfffe7fd000 - 0xffff7dfffec00000   (  4108 KB)
     PCI I/O : 0xffff7dfffee00000 - 0xffff7dffffe00000   (    16 MB)
     vmemmap : 0xffff7e0000000000 - 0xffff800000000000   (  2048 GB maximum)
@@ -130,13 +135,13 @@
  (comparison mask = 0xf8000000)
 boot misc2 0x0: expected 0xf400f0da
  (comparison mask = 0xffffffff)
-boot misc3 0x2d8: expected 0x2004f400
+boot misc3 0x34b8: expected 0x2004f400
  (comparison mask = 0xffffffff)
 PLL_P already enabled. Postponing set full defaults
 PLL_X already enabled. Postponing set full defaults
 boot misc1 0x0: expected 0x20
  (comparison mask = 0xffffff)
-Architected cp15 timer(s) running at 19.20MHz (phys).
+arm_arch_timer: Architected cp15 timer(s) running at 19.20MHz (phys).
 clocksource: arch_sys_counter: mask: 0xffffffffffffff max_cycles: 0x46d987e47, max_idle_ns: 440795202767 ns
 sched_clock: 56 bits at 19MHz, resolution 52ns, wraps every 4398046511078ns
 Console: colour dummy device 80x25
@@ -168,7 +173,7 @@
 pinctrl core: initialized pinctrl subsystem
 NET: Registered protocol family 16
 cpuidle: using governor menu
-vdso: 2 pages (1 code @ ffff000008826000, 1 data @ ffff000008cb4000)
+vdso: 2 pages (1 code @ ffff000008846000, 1 data @ ffff000008ce4000)
 hw-breakpoint: found 6 breakpoint and 4 watchpoint registers.
 DMA: preallocated 256 KiB pool for atomic allocations
 Serial: AMBA PL011 UART driver
@@ -206,8 +211,8 @@
 RPC: Registered tcp transport module.
 RPC: Registered tcp NFSv4.1 backchannel transport module.
 Unpacking initramfs...
-Freeing initrd memory: 2364K (ffff800009f9a000 - ffff80000a1e9000)
-kvm [1]: IDMAP page: 80817000
+Freeing initrd memory: 2360K (ffff800009fcf000 - ffff80000a21d000)
+kvm [1]: IDMAP page: 80829000
 kvm [1]: HYP VA range: 800000000000:ffffffffffff
 kvm [1]: 8-bit VMID
 kvm [1]: Hyp mode initialized successfully
@@ -223,7 +228,6 @@
 Key type id_resolver registered
 Key type id_legacy registered
 nfs4filelayout_init: NFSv4 File Layout Driver Registering...
-fuse init (API version 7.25)
 9p: Installing v9fs 9p2000 file system support
 io scheduler noop registered
 io scheduler cfq registered (default)
@@ -287,13 +291,8 @@
 Key type dns_resolver registered
 registered taskstats version 1
 input: gpio-keys as /devices/platform/gpio-keys/input/input0
+max77686-rtc max77620-rtc: setting system clock to 2000-05-27 15:07:46 UTC (959440066)
 mmc0: new high speed MMC card at address 0001
-mmcblk0: mmc0:0001 BGND3R 29.1 GiB 
-mmcblk0boot0: mmc0:0001 BGND3R partition 1 4.00 MiB
-mmcblk0boot1: mmc0:0001 BGND3R partition 2 4.00 MiB
-mmcblk0rpmb: mmc0:0001 BGND3R partition 3 4.00 MiB
-max77686-rtc max77620-rtc: setting system clock to 2000-05-19 07:10:54 UTC (958720254)
- mmcblk0: p1 p2 p3 p4 p5 p6 p7 p8 p9 p10 p11
 USBC_VBUS: disabling
 PP1200_AVDD: disabling
 PP1200_RCAM: disabling
@@ -306,7 +305,12 @@
 PP1800_CAM: disabling
 ALSA device list:
   No soundcards found.
-Freeing unused kernel memory: 960K (ffff800000bc0000 - ffff800000cb0000)
+mmcblk0: mmc0:0001 BGND3R 29.1 GiB 
+Freeing unused kernel memory: 960K (ffff800000bf0000 - ffff800000ce0000)
+mmcblk0boot0: mmc0:0001 BGND3R partition 1 4.00 MiB
+mmcblk0boot1: mmc0:0001 BGND3R partition 2 4.00 MiB
+mmcblk0rpmb: mmc0:0001 BGND3R partition 3 4.00 MiB
+ mmcblk0: p1 p2 p3 p4 p5 p6 p7 p8 p9 p10 p11
 
 System initialization...
 
Diff for ./tegra30-beaver/tegra30-beaver/multi_v7_defconfig_log.txt
--- /tmp/fooa	2016-08-16 02:46:26.173201687 -0700
+++ /tmp/foob	2016-08-16 02:46:26.181201692 -0700
@@ -38,21 +38,21 @@
 	 #################################################################
 	 #################################################################
 	 #################################################################
-	 ############################
+	 #############################
 	 3.1 MiB/s
 done
-Bytes transferred = 7089992 (6c2f48 hex)
+Bytes transferred = 7092008 (6c3728 hex)
 Tegra30 (Beaver) # tftpboot 0x82000000 tegra30-beaver.dtb
 Using asx0 device
 TFTP from server 192.168.100.1; our IP address is 192.168.100.101
 Filename 'tegra30-beaver.dtb'.
 Load address: 0x82000000
 Loading: *####
-	 2.7 MiB/s
+	 3.1 MiB/s
 done
 Bytes transferred = 51572 (c974 hex)
 Tegra30 (Beaver) # bootz 0x81000000 - 0x82000000
-Kernel image @ 0x81000000 [ 0x000000 - 0x6c2f48 ]
+Kernel image @ 0x81000000 [ 0x000000 - 0x6c3728 ]
 ## Flattened Device Tree blob at 82000000
    Booting using the fdt blob at 0x82000000
    Loading Device Tree to 8fff0000, end 8ffff973 ... OK
@@ -60,7 +60,7 @@
 Starting kernel ...
 
 Booting Linux on physical CPU 0x0
-Linux version 4.8.0-rc1-109502-g29b4817 (pwalmsley@sellafield) (gcc version 4.7.3 20130328 (prerelease) (crosstool-NG linaro-1.13.1-4.7-2013.04-20130415 - Linaro GCC 2013.04) ) #1 SMP Sun Aug 7 18:36:40 PDT 2016
+Linux version 4.8.0-rc2-109794-g694d0d0 (pwalmsley@sellafield) (gcc version 4.7.3 20130328 (prerelease) (crosstool-NG linaro-1.13.1-4.7-2013.04-20130415 - Linaro GCC 2013.04) ) #1 SMP Tue Aug 16 02:33:34 PDT 2016
 CPU: ARMv7 Processor [412fc099] revision 9 (ARMv7), cr=10c5387d
 CPU: PIPT / VIPT nonaliasing data cache, VIPT aliasing instruction cache
 OF: fdt:Machine model: NVIDIA Tegra30 Beaver evaluation board
@@ -81,7 +81,7 @@
 PID hash table entries: 4096 (order: 2, 16384 bytes)
 Dentry cache hash table entries: 131072 (order: 7, 524288 bytes)
 Inode-cache hash table entries: 65536 (order: 6, 262144 bytes)
-Memory: 1995016K/2096128K available (9216K kernel code, 1147K rwdata, 3960K rodata, 2048K init, 343K bss, 35576K reserved, 65536K cma-reserved, 1244160K highmem)
+Memory: 1995016K/2096128K available (9216K kernel code, 1147K rwdata, 3968K rodata, 2048K init, 343K bss, 35576K reserved, 65536K cma-reserved, 1244160K highmem)
 Virtual kernel memory layout:
     vector  : 0xffff0000 - 0xffff1000   (   4 kB)
     fixmap  : 0xffc00000 - 0xfff00000   (3072 kB)
@@ -133,7 +133,8 @@
 NET: Registered protocol family 16
 DMA: preallocated 256 KiB pool for atomic coherent allocations
 cpuidle: using governor menu
-No ATAGs?hw-breakpoint: found 5 (+1 reserved) breakpoint and 1 watchpoint registers.
+No ATAGs?
+hw-breakpoint: found 5 (+1 reserved) breakpoint and 1 watchpoint registers.
 hw-breakpoint: maximum watchpoint size is 4 bytes.
 Serial: AMBA PL011 UART driver
 tegra-mc 7000f000.memory-controller: no memory timings for RAM code 3 registered
@@ -183,9 +184,7 @@
 RPC: Registered tcp transport module.
 RPC: Registered tcp NFSv4.1 backchannel transport module.
 PCI: CLS 0 bytes, default 64
-hw perfevents: /pmu: failed to probe PMU!
-hw perfevents: /pmu: failed to register PMU devices!
-armv7-pmu: probe of pmu failed with error -22
+hw perfevents: enabled with armv7_cortex_a9 PMU driver, 7 counters available
 futex hash table entries: 1024 (order: 4, 65536 bytes)
 workingset: timestamp_bits=30 max_order=19 bucket_order=0
 squashfs: version 4.0 (2009/01/31) Phillip Lougher
@@ -299,18 +298,18 @@
 sys_3v3,vdd_3v3_alw: supplied by vdd_5v_in
 +VDD_5V_HDMI: supplied by sys_3v3,vdd_3v3_alw
 sys_3v3_pexs: supplied by sys_3v3,vdd_3v3_alw
+mmc1: new high speed MMC card at address 0001
 tegra-pcie 3000.pcie-controller: 2x3 configuration
 tegra-pcie 3000.pcie-controller: probing port 0, using 2 lanes
-mmc1: new high speed MMC card at address 0001
 mmcblk1: mmc1:0001 SEM16G 14.8 GiB 
 mmcblk1boot0: mmc1:0001 SEM16G partition 1 1.00 MiB
+mmc0: new ultra high speed DDR50 SDHC card at address aaaa
 mmcblk1boot1: mmc1:0001 SEM16G partition 2 1.00 MiB
+mmcblk0: mmc0:aaaa SS04G 3.69 GiB 
 mmcblk1rpmb: mmc1:0001 SEM16G partition 3 128 KiB
 Primary GPT is invalid, using alternate GPT.
- mmcblk1: p1 p2 p3 p4 p5
 tegra-pcie 3000.pcie-controller: probing port 2, using 2 lanes
-mmc0: new ultra high speed DDR50 SDHC card at address aaaa
-mmcblk0: mmc0:aaaa SS04G 3.69 GiB 
+ mmcblk1: p1 p2 p3 p4 p5
  mmcblk0: p1 p2 p3
 tegra-pcie 3000.pcie-controller: link 2 down, retrying
 tegra-pcie 3000.pcie-controller: link 2 down, retrying
@@ -382,4 +381,4 @@
 Freeing unused kernel memory: 2048K (c1100000 - c1300000)
 bash: cannot set terminal process group (-1): Inappropriate ioctl for device
 bash: no job control in this shell
-root@(none):/# [    3.853597] usb 2-1: new high-speed USB device number 2 using tegra-ehci
+root@(none):/# [    3.854383] usb 2-1: new high-speed USB device number 2 using tegra-ehci
Diff for ./tegra30-beaver/tegra30-beaver/tegra_defconfig_log.txt
--- /tmp/fooa	2016-08-16 02:46:26.197201705 -0700
+++ /tmp/foob	2016-08-16 02:46:26.201201707 -0700
@@ -39,7 +39,7 @@
 	 ############################################
 	 2.9 MiB/s
 done
-Bytes transferred = 5408136 (528588 hex)
+Bytes transferred = 5409448 (528aa8 hex)
 Tegra30 (Beaver) # tftpboot 0x82000000 tegra30-beaver.dtb
 Using asx0 device
 TFTP from server 192.168.100.1; our IP address is 192.168.100.101
@@ -50,7 +50,7 @@
 done
 Bytes transferred = 51572 (c974 hex)
 Tegra30 (Beaver) # bootz 0x81000000 - 0x82000000
-Kernel image @ 0x81000000 [ 0x000000 - 0x528588 ]
+Kernel image @ 0x81000000 [ 0x000000 - 0x528aa8 ]
 ## Flattened Device Tree blob at 82000000
    Booting using the fdt blob at 0x82000000
    Loading Device Tree to 8fff0000, end 8ffff973 ... OK
@@ -59,7 +59,7 @@
 
 Uncompressing Linux... done, booting the kernel.
 Booting Linux on physical CPU 0x0
-Linux version 4.8.0-rc1-109502-g29b4817 (pwalmsley@kaivo) (gcc version 4.7.3 20130328 (prerelease) (crosstool-NG linaro-1.13.1-4.7-2013.04-20130415 - Linaro GCC 2013.04) ) #1 SMP PREEMPT Sun Aug 7 18:36:29 PDT 2016
+Linux version 4.8.0-rc2-109794-g694d0d0 (pwalmsley@kaivo) (gcc version 4.7.3 20130328 (prerelease) (crosstool-NG linaro-1.13.1-4.7-2013.04-20130415 - Linaro GCC 2013.04) ) #1 SMP PREEMPT Tue Aug 16 02:33:38 PDT 2016
 CPU: ARMv7 Processor [412fc099] revision 9 (ARMv7), cr=10c5387d
 CPU: PIPT / VIPT nonaliasing data cache, VIPT aliasing instruction cache
 OF: fdt:Machine model: NVIDIA Tegra30 Beaver evaluation board
@@ -68,7 +68,7 @@
 cma: Reserved 64 MiB at 0xfbc00000
 Memory policy: Data cache writealloc
 On node 0 totalpages: 524032
-free_area_init_node: node 0, pgdat c0d5c380, node_mem_map eeff7000
+free_area_init_node: node 0, pgdat c0d5c340, node_mem_map eeff7000
   Normal zone: 1536 pages used for memmap
   Normal zone: 0 pages reserved
   Normal zone: 196608 pages, LIFO batch:31
@@ -81,7 +81,7 @@
 PID hash table entries: 4096 (order: 2, 16384 bytes)
 Dentry cache hash table entries: 131072 (order: 7, 524288 bytes)
 Inode-cache hash table entries: 65536 (order: 6, 262144 bytes)
-Memory: 1999856K/2096128K available (8192K kernel code, 375K rwdata, 2428K rodata, 1024K init, 366K bss, 30736K reserved, 65536K cma-reserved, 1244160K highmem)
+Memory: 1999856K/2096128K available (8192K kernel code, 375K rwdata, 2432K rodata, 1024K init, 366K bss, 30736K reserved, 65536K cma-reserved, 1244160K highmem)
 Virtual kernel memory layout:
     vector  : 0xffff0000 - 0xffff1000   (   4 kB)
     fixmap  : 0xffc00000 - 0xfff00000   (3072 kB)
@@ -91,7 +91,7 @@
     modules : 0xbf000000 - 0xbfe00000   (  14 MB)
       .text : 0xc0008000 - 0xc0900000   (9184 kB)
       .init : 0xc0c00000 - 0xc0d00000   (1024 kB)
-      .data : 0xc0d00000 - 0xc0d5de00   ( 376 kB)
+      .data : 0xc0d00000 - 0xc0d5ddc0   ( 376 kB)
        .bss : 0xc0d5f000 - 0xc0dbab20   ( 367 kB)
 Preemptible hierarchical RCU implementation.
 	Build-time adjustment of leaf fanout to 32.
@@ -130,7 +130,8 @@
 NET: Registered protocol family 16
 DMA: preallocated 256 KiB pool for atomic coherent allocations
 cpuidle: using governor menu
-No ATAGs?hw-breakpoint: found 5 (+1 reserved) breakpoint and 1 watchpoint registers.
+No ATAGs?
+hw-breakpoint: found 5 (+1 reserved) breakpoint and 1 watchpoint registers.
 hw-breakpoint: maximum watchpoint size is 4 bytes.
 tegra-mc 7000f000.memory-controller: no memory timings for RAM code 3 registered
 vdd_5v_sata: Failed to request enable GPIO30: -517
@@ -186,9 +187,7 @@
 RPC: Registered tcp transport module.
 RPC: Registered tcp NFSv4.1 backchannel transport module.
 PCI: CLS 0 bytes, default 64
-hw perfevents: /pmu: failed to probe PMU!
-hw perfevents: /pmu: failed to register PMU devices!
-armv7-pmu: probe of pmu failed with error -22
+hw perfevents: enabled with armv7_cortex_a9 PMU driver, 7 counters available
 futex hash table entries: 1024 (order: 4, 65536 bytes)
 workingset: timestamp_bits=30 max_order=19 bucket_order=0
 squashfs: version 4.0 (2009/01/31) Phillip Lougher
@@ -382,5 +381,6 @@
 devtmpfs: mounted
 Freeing unused kernel memory: 1024K (c0c00000 - c0d00000)
 bash: cannot set terminal process group (-1): Inappropriate ioctl for device
-bash: no job control in this shell
-root@(none):/# [    7.680892] usb 2-1: new high-speed USB device number 2 using tegra-ehci
+bash: no job control in this shell[    7.671001] usb 2-1: new high-speed USB device number 2 using tegra-ehci
+
+root@(none):/# 
\ No newline at end of file
