
U-Boot SPL 2015.04-rc3-00209-ga74ef40 (Mar 16 2015 - 14:43:39)


U-Boot 2015.04-rc3-00209-ga74ef40 (Mar 16 2015 - 14:43:39)

TEGRA20
Model: Compulab TrimSlice board
DRAM:  1 GiB
MMC:   Tegra SD/MMC: 0, Tegra SD/MMC: 1
SF: Detected W25Q80BL with page size 256 Bytes, erase size 4 KiB, total 1 MiB
tegra-pcie: PCI regions:
tegra-pcie:   I/O: 0x82000000-0x82010000
tegra-pcie:   non-prefetchable memory: 0xa0000000-0xa8000000
tegra-pcie:   prefetchable memory: 0xa8000000-0xc0000000
tegra-pcie: dual-mode configuration
tegra-pcie: probing port 0, using 2 lanes
In:    serial
Out:   serial
Err:   serial
Net:   RTL8169#0
Hit any key to stop autoboot:  2  1  0 
Tegra20 (TrimSlice) # 
Tegra20 (TrimSlice) # usb reset
resetting USB...
USB0:   USB EHCI 1.00
scanning bus 0 for devices... 3 USB Device(s) found
USB1:   USB EHCI 1.00
scanning bus 1 for devices... 1 USB Device(s) found
USB2:   lowlevel init failed
       scanning usb for storage devices... 0 Storage Device(s) found
       scanning usb for ethernet devices... 
Warning: asx0 using MAC address from net device
1 Ethernet Device(s) found
Tegra20 (TrimSlice) # setenv bootargs 'ignore_loglevel console=ttyS0,115200n8 rw root=PARTUUID=11eb23c1-01 rootwait gpt debug noinitrd earlyprintk init=/bin/bash'
Tegra20 (TrimSlice) # setenv ipaddr 192.168.100.103; setenv serverip 192.168.100.1; setenv tftpserverip 192.168.100.1
Tegra20 (TrimSlice) # tftpboot 0x00408000 zImage.multi_v7_defconfig
Using RTL8169#0 device
TFTP from server 192.168.100.1; our IP address is 192.168.100.103
Filename 'zImage.multi_v7_defconfig'.
Load address: 0x408000
Loading: *#################################################################
	 #################################################################
	 #################################################################
	 #################################################################
	 #################################################################
	 #################################################################
	 #################################################################
	 #################################################################
	 ###########################
	 3.4 MiB/s
done
Bytes transferred = 8018352 (7a59b0 hex)
Tegra20 (TrimSlice) # tftpboot 0x02408000 tegra20-trimslice.dtb
Using RTL8169#0 device
TFTP from server 192.168.100.1; our IP address is 192.168.100.103
Filename 'tegra20-trimslice.dtb'.
Load address: 0x2408000
Loading: *##
	 2.9 MiB/s
done
Bytes transferred = 21454 (53ce hex)
Tegra20 (TrimSlice) # bootz 0x00408000 - 0x02408000
Kernel image @ 0x408000 [ 0x000000 - 0x7a59b0 ]
## Flattened Device Tree blob at 02408000
   Booting using the fdt blob at 0x2408000
   Using Device Tree in place at 02408000, end 024103cd

Starting kernel ...

[    0.000000] Booting Linux on physical CPU 0x0
[    0.000000] Linux version 4.13.0-rc7-186788-gcc4a41f (jonathanh@sellafield) (gcc version 4.7.3 20130328 (prerelease) (crosstool-NG linaro-1.13.1-4.7-2013.04-20130415 - Linaro GCC 2013.04)) #1 SMP Sun Aug 27 17:36:32 PDT 2017
[    0.000000] CPU: ARMv7 Processor [411fc090] revision 0 (ARMv7), cr=10c5387d
[    0.000000] CPU: PIPT / VIPT nonaliasing data cache, VIPT aliasing instruction cache
[    0.000000] OF: fdt: Machine model: Compulab TrimSlice board
[    0.000000] debug: ignoring loglevel setting.
[    0.000000] Memory policy: Data cache writealloc
[    0.000000] efi: Getting EFI parameters from FDT:
[    0.000000] efi: UEFI not found.
[    0.000000] cma: Reserved 64 MiB at 0x3c000000
[    0.000000] On node 0 totalpages: 262144
[    0.000000] free_area_init_node: node 0, pgdat c157e840, node_mem_map ef7f8000
[    0.000000]   DMA zone: 1536 pages used for memmap
[    0.000000]   DMA zone: 0 pages reserved
[    0.000000]   DMA zone: 196608 pages, LIFO batch:31
[    0.000000]   HighMem zone: 65536 pages, LIFO batch:15
[    0.000000] percpu: Embedded 17 pages/cpu @ef7c4000 s39488 r8192 d21952 u69632
[    0.000000] pcpu-alloc: s39488 r8192 d21952 u69632 alloc=17*4096
[    0.000000] pcpu-alloc: [0] 0 [0] 1 
[    0.000000] Built 1 zonelists in Zone order, mobility grouping on.  Total pages: 260608
[    0.000000] Kernel command line: ignore_loglevel console=ttyS0,115200n8 rw root=PARTUUID=11eb23c1-01 rootwait gpt debug noinitrd earlyprintk init=/bin/bash
[    0.000000] PID hash table entries: 4096 (order: 2, 16384 bytes)
[    0.000000] Dentry cache hash table entries: 131072 (order: 7, 524288 bytes)
[    0.000000] Inode-cache hash table entries: 65536 (order: 6, 262144 bytes)
[    0.000000] Memory: 954380K/1048576K available (10240K kernel code, 1562K rwdata, 4452K rodata, 2048K init, 402K bss, 28660K reserved, 65536K cma-reserved, 196608K highmem)
[    0.000000] Virtual kernel memory layout:
[    0.000000]     vector  : 0xffff0000 - 0xffff1000   (   4 kB)
[    0.000000]     fixmap  : 0xffc00000 - 0xfff00000   (3072 kB)
[    0.000000]     vmalloc : 0xf0800000 - 0xff800000   ( 240 MB)
[    0.000000]     lowmem  : 0xc0000000 - 0xf0000000   ( 768 MB)
[    0.000000]     pkmap   : 0xbfe00000 - 0xc0000000   (   2 MB)
[    0.000000]     modules : 0xbf000000 - 0xbfe00000   (  14 MB)
[    0.000000]       .text : 0xc0208000 - 0xc0d00000   (11232 kB)
[    0.000000]       .init : 0xc1200000 - 0xc1400000   (2048 kB)
[    0.000000]       .data : 0xc1400000 - 0xc15869a8   (1563 kB)
[    0.000000]        .bss : 0xc158fcb0 - 0xc15f46fc   ( 403 kB)
[    0.000000] SLUB: HWalign=64, Order=0-3, MinObjects=0, CPUs=2, Nodes=1
[    0.000000] Hierarchical RCU implementation.
[    0.000000] 	RCU event tracing is enabled.
[    0.000000] 	RCU restricting CPUs from NR_CPUS=16 to nr_cpu_ids=2.
[    0.000000] RCU: Adjusting geometry for rcu_fanout_leaf=16, nr_cpu_ids=2
[    0.000000] NR_IRQS: 16, nr_irqs: 16, preallocated irqs: 16
[    0.000000] /interrupt-controller@60004000: 128 interrupts forwarded to /interrupt-controller@50041000
[    0.000000] L2C: platform modifies aux control register: 0x02080000 -> 0x3e480001
[    0.000000] L2C: DT/platform modifies aux control register: 0x02080000 -> 0x3e480001
[    0.000000] L2C-310 errata 727915 769419 enabled
[    0.000000] L2C-310 enabling early BRESP for Cortex-A9
[    0.000000] L2C-310: enabling full line of zeros but not enabled in Cortex-A9
[    0.000000] L2C-310 ID prefetch enabled, offset 1 lines
[    0.000000] L2C-310 cache controller enabled, 8 ways, 1024 kB
[    0.000000] L2C-310: CACHE_ID 0x410000c4, AUX_CTRL 0x7e480001
[    0.000009] sched_clock: 32 bits at 1000kHz, resolution 1000ns, wraps every 2147483647500ns
[    0.000026] clocksource: timer_us: mask: 0xffffffff max_cycles: 0xffffffff, max_idle_ns: 1911260446275 ns
[    0.000036] Switching to timer-based delay loop, resolution 1000ns
[    0.001664] Console: colour dummy device 80x30
[    0.001691] Calibrating delay loop (skipped), value calculated using timer frequency.. 2.00 BogoMIPS (lpj=10000)
[    0.001702] pid_max: default: 32768 minimum: 301
[    0.001778] Mount-cache hash table entries: 2048 (order: 1, 8192 bytes)
[    0.001790] Mountpoint-cache hash table entries: 2048 (order: 1, 8192 bytes)
[    0.002188] CPU: Testing write buffer coherency: ok
[    0.002391] CPU0: thread -1, cpu 0, socket 0, mpidr 80000000
[    0.002621] Setting up static identity map for 0x300000 - 0x3000a0
[    0.003258] Hierarchical SRCU implementation.
[    0.004095] Tegra Revision: A03 prime SKU: 8 CPU Process: 1 SoC Process: 2
[    0.004541] EFI services will not be available.
[    0.004632] smp: Bringing up secondary CPUs ...
[    0.005146] CPU1: thread -1, cpu 1, socket 0, mpidr 80000001
[    0.005219] smp: Brought up 1 node, 2 CPUs
[    0.005230] SMP: Total of 2 processors activated (4.00 BogoMIPS).
[    0.005236] CPU: All CPU(s) started in SVC mode.
[    0.005884] devtmpfs: initialized
[    0.009692] VFP support v0.3: implementor 41 architecture 3 part 30 variant 9 rev 1
[    0.009967] clocksource: jiffies: mask: 0xffffffff max_cycles: 0xffffffff, max_idle_ns: 19112604462750000 ns
[    0.009982] futex hash table entries: 512 (order: 3, 32768 bytes)
[    0.012976] pinctrl core: initialized pinctrl subsystem
[    0.013964] DMI not present or invalid.
[    0.014140] random: get_random_u32 called from bucket_table_alloc+0xe8/0x254 with crng_init=0
[    0.014208] NET: Registered protocol family 16
[    0.016496] DMA: preallocated 256 KiB pool for atomic coherent allocations
[    0.017980] cpuidle: using governor menu
[    0.035387] No ATAGs?
[    0.035449] hw-breakpoint: found 5 (+1 reserved) breakpoint and 1 watchpoint registers.
[    0.035460] hw-breakpoint: maximum watchpoint size is 4 bytes.
[    0.040829] Serial: AMBA PL011 UART driver
[    0.052773] AT91: Could not find identification node
[    0.053332] usb1_vbus: Failed to request enable GPIO170: -517
[    0.053348] reg-fixed-voltage regulators:regulator@2: Failed to register regulator: -517
[    0.056727] vgaarb: loaded
[    0.057306] SCSI subsystem initialized
[    0.057430] libata version 3.00 loaded.
[    0.057617] usbcore: registered new interface driver usbfs
[    0.057659] usbcore: registered new interface driver hub
[    0.057697] usbcore: registered new device driver usb
[    0.059671] pps_core: LinuxPPS API ver. 1 registered
[    0.059679] pps_core: Software ver. 5.3.6 - Copyright 2005-2007 Rodolfo Giometti <giometti@linux.it>
[    0.059695] PTP clock support registered
[    0.059828] EDAC MC: Ver: 3.0.0
[    0.060127] dmi: Firmware registration failed.
[    0.061658] clocksource: Switched to clocksource timer_us
[    0.100565] NET: Registered protocol family 2
[    0.100997] TCP established hash table entries: 8192 (order: 3, 32768 bytes)
[    0.101068] TCP bind hash table entries: 8192 (order: 4, 65536 bytes)
[    0.101182] TCP: Hash tables configured (established 8192 bind 8192)
[    0.101307] UDP hash table entries: 512 (order: 2, 16384 bytes)
[    0.101357] UDP-Lite hash table entries: 512 (order: 2, 16384 bytes)
[    0.101500] NET: Registered protocol family 1
[    0.101834] RPC: Registered named UNIX socket transport module.
[    0.101842] RPC: Registered udp transport module.
[    0.101848] RPC: Registered tcp transport module.
[    0.101853] RPC: Registered tcp NFSv4.1 backchannel transport module.
[    0.101862] PCI: CLS 0 bytes, default 64
[    0.102663] hw perfevents: no interrupt-affinity property for /pmu, guessing.
[    0.102816] hw perfevents: enabled with armv7_cortex_a9 PMU driver, 7 counters available
[    0.104106] workingset: timestamp_bits=30 max_order=18 bucket_order=0
[    0.110888] squashfs: version 4.0 (2009/01/31) Phillip Lougher
[    0.111524] NFS: Registering the id_resolver key type
[    0.111546] Key type id_resolver registered
[    0.111552] Key type id_legacy registered
[    0.111583] ntfs: driver 2.1.32 [Flags: R/O].
[    0.112331] random: fast init done
[    0.112902] bounce: pool size: 64 pages
[    0.112949] Block layer SCSI generic (bsg) driver version 0.4 loaded (major 248)
[    0.112958] io scheduler noop registered
[    0.112964] io scheduler deadline registered
[    0.113117] io scheduler cfq registered (default)
[    0.113125] io scheduler mq-deadline registered
[    0.113131] io scheduler kyber registered
[    0.124623] tegra-pcie 80003000.pcie: dual-mode configuration
[    0.125313] tegra-pcie 80003000.pcie: probing port 0, using 2 lanes
[    0.207833] tegra-pcie 80003000.pcie: PCI host bridge to bus 0000:00
[    0.207846] pci_bus 0000:00: root bus resource [io  0x0000-0xffff]
[    0.207855] pci_bus 0000:00: root bus resource [mem 0xa0000000-0xa7ffffff]
[    0.207864] pci_bus 0000:00: root bus resource [mem 0xa8000000-0xbfffffff pref]
[    0.207873] pci_bus 0000:00: root bus resource [bus 00-ff]
[    0.207901] pci 0000:00:01.0: [10de:0bf0] type 01 class 0x060000
[    0.207921] pci_bus 0000:00: 2-byte config write to 0000:00:01.0 offset 0x4 may corrupt adjacent RW1C bits
[    0.207932] pci_bus 0000:00: 2-byte config write to 0000:00:01.0 offset 0x4 may corrupt adjacent RW1C bits
[    0.207953] pci_bus 0000:00: 2-byte config write to 0000:00:01.0 offset 0x88 may corrupt adjacent RW1C bits
[    0.207978] pci_bus 0000:00: 2-byte config write to 0000:00:01.0 offset 0x52 may corrupt adjacent RW1C bits
[    0.208003] pci 0000:00:01.0: PME# supported from D0 D1 D2 D3hot D3cold
[    0.208013] pci_bus 0000:00: 2-byte config write to 0000:00:01.0 offset 0x4c may corrupt adjacent RW1C bits
[    0.208216] pci_bus 0000:00: 2-byte config write to 0000:00:01.0 offset 0x3e may corrupt adjacent RW1C bits
[    0.208228] pci_bus 0000:00: 2-byte config write to 0000:00:01.0 offset 0x4 may corrupt adjacent RW1C bits
[    0.208238] pci_bus 0000:00: 1-byte config write to 0000:00:01.0 offset 0xc may corrupt adjacent RW1C bits
[    0.208244] PCI: bus0: Fast back to back transfers disabled
[    0.208254] pci 0000:00:01.0: bridge configuration invalid ([bus 00-00]), reconfiguring
[    0.208264] pci_bus 0000:00: 2-byte config write to 0000:00:01.0 offset 0x3e may corrupt adjacent RW1C bits
[    0.208274] pci_bus 0000:00: 2-byte config write to 0000:00:01.0 offset 0x3e may corrupt adjacent RW1C bits
[    0.208395] pci 0000:01:00.0: [10ec:8168] type 00 class 0x020000
[    0.208429] pci 0000:01:00.0: reg 0x10: [io  0x0000-0x00ff]
[    0.208453] pci 0000:01:00.0: reg 0x18: [mem 0x00000000-0x00000fff 64bit pref]
[    0.208471] pci 0000:01:00.0: reg 0x20: [mem 0x00000000-0x00003fff 64bit pref]
[    0.208485] pci 0000:01:00.0: reg 0x30: [mem 0x00000000-0x0001ffff pref]
[    0.208559] pci 0000:01:00.0: supports D1 D2
[    0.208567] pci 0000:01:00.0: PME# supported from D0 D1 D2 D3hot D3cold
[    0.231712] PCI: bus1: Fast back to back transfers disabled
[    0.231725] pci_bus 0000:01: busn_res: [bus 01-ff] end is updated to 01
[    0.231753] pci 0000:00:01.0: BAR 8: assigned [mem 0xa0000000-0xa00fffff]
[    0.231764] pci 0000:00:01.0: BAR 9: assigned [mem 0xa8000000-0xa80fffff 64bit pref]
[    0.231773] pci 0000:00:01.0: BAR 7: assigned [io  0x1000-0x1fff]
[    0.231786] pci 0000:01:00.0: BAR 6: assigned [mem 0xa0000000-0xa001ffff pref]
[    0.231795] pci 0000:01:00.0: BAR 4: assigned [mem 0xa8000000-0xa8003fff 64bit pref]
[    0.231815] pci 0000:01:00.0: BAR 2: assigned [mem 0xa8004000-0xa8004fff 64bit pref]
[    0.231833] pci 0000:01:00.0: BAR 0: assigned [io  0x1000-0x10ff]
[    0.231845] pci 0000:00:01.0: PCI bridge to [bus 01]
[    0.231853] pci 0000:00:01.0:   bridge window [io  0x1000-0x1fff]
[    0.231862] pci 0000:00:01.0:   bridge window [mem 0xa0000000-0xa00fffff]
[    0.231870] pci 0000:00:01.0:   bridge window [mem 0xa8000000-0xa80fffff 64bit pref]
[    0.231893] pci 0000:00:01.0: nv_msi_ht_cap_quirk didn't locate host bridge
[    0.231947] Disabling cpuidle LP2 state, since PCIe IRQs are in use
[    0.231980] pcieport 0000:00:01.0: enabling device (0140 -> 0143)
[    0.232176] pcieport 0000:00:01.0: Signaling PME with IRQ 295
[    0.238434] tegra-apbdma 6000a000.dma: Tegra20 APB DMA driver register 16 channels
[    0.288152] Serial: 8250/16550 driver, 4 ports, IRQ sharing disabled
[    0.290417] console [ttyS0] disabled
[    0.290453] 70006000.serial: ttyS0 at MMIO 0x70006000 (irq = 279, base_baud = 13500000) is a Tegra
[    1.378375] console [ttyS0] enabled
[    1.382456] SuperH (H)SCI(F) driver initialized
[    1.387743] msm_serial: driver initialized
[    1.391988] STMicroelectronics ASC driver initialized
[    1.401325] tegra-hdmi 54280000.hdmi: 54280000.hdmi supply hdmi not found, using dummy regulator
[    1.412288] [drm] Supports vblank timestamp caching Rev 2 (21.10.2013).
[    1.418887] [drm] No driver support for vblank timestamp query.
[    1.424837] [drm] Cannot find any crtc or sizes - going 1024x768
[    1.446852] Console: switching to colour frame buffer device 128x48
[    1.461526] drm drm: fb0:  frame buffer device
[    1.466020] [drm] Initialized tegra 0.0.0 20120330 for drm on minor 0
[    1.480710] brd: module loaded
[    1.488977] loop: module loaded
[    1.498499] m25p80 spi32766.0: found s25fl008k, expected w25q80bl
[    1.504619] m25p80 spi32766.0: s25fl008k (1024 Kbytes)
[    1.511903] libphy: Fixed MDIO Bus: probed
[    1.516815] CAN device driver interface
[    1.521318] bgmac_bcma: Broadcom 47xx GBit MAC driver loaded
[    1.527924] e1000e: Intel(R) PRO/1000 Network Driver - 3.2.6-k
[    1.533759] e1000e: Copyright(c) 1999 - 2015 Intel Corporation.
[    1.539719] igb: Intel(R) Gigabit Ethernet Network Driver - version 5.4.0-k
[    1.546695] igb: Copyright (c) 2007-2014 Intel Corporation.
[    1.552857] r8169 Gigabit Ethernet driver 2.3LK-NAPI loaded
[    1.558437] r8169 0000:01:00.0: enabling device (0140 -> 0143)
[    1.565197] r8169 0000:01:00.0 eth0: RTL8168d/8111d at 0xf08f9000, 00:01:c0:13:7d:63, XID 081000c0 IRQ 296
[    1.574849] r8169 0000:01:00.0 eth0: jumbo features [frames: 9200 bytes, tx checksumming: ko]
[    1.585653] pegasus: v0.9.3 (2013/04/25), Pegasus/Pegasus II USB Ethernet driver
[    1.593108] usbcore: registered new interface driver pegasus
[    1.598792] usbcore: registered new interface driver asix
[    1.604231] usbcore: registered new interface driver ax88179_178a
[    1.610336] usbcore: registered new interface driver cdc_ether
[    1.616213] usbcore: registered new interface driver smsc75xx
[    1.622014] usbcore: registered new interface driver smsc95xx
[    1.627774] usbcore: registered new interface driver net1080
[    1.633465] usbcore: registered new interface driver cdc_subset
[    1.639397] usbcore: registered new interface driver zaurus
[    1.645028] usbcore: registered new interface driver cdc_ncm
[    1.650950] tegra-phy c5004000.usb-phy: no vbus regulator
[    1.657445] tegra-phy c5008000.usb-phy: no vbus regulator
[    1.664200] ehci_hcd: USB 2.0 'Enhanced' Host Controller (EHCI) Driver
[    1.670712] ehci-pci: EHCI PCI platform driver
[    1.675198] ehci-platform: EHCI generic platform driver
[    1.680563] ehci-orion: EHCI orion driver
[    1.684698] SPEAr-ehci: EHCI SPEAr driver
[    1.688802] ehci-st: EHCI STMicroelectronics driver
[    1.693792] ehci-exynos: EHCI EXYNOS driver
[    1.698079] ehci-atmel: EHCI Atmel driver
[    1.702194] tegra-ehci: Tegra EHCI driver
[    1.762866] ulpi_phy_power_on: ulpi write failed
[    1.767473] tegra-ehci c5004000.usb: Failed to power on the phy
[    1.773409] tegra-ehci: probe of c5004000.usb failed with error -110
[    1.782385] tegra-ehci c5008000.usb: EHCI Host Controller
[    1.787789] tegra-ehci c5008000.usb: new USB bus registered, assigned bus number 1
[    1.795604] tegra-ehci c5008000.usb: irq 290, io mem 0xc5008000
[    1.821680] tegra-ehci c5008000.usb: USB 2.0 started, EHCI 1.00
[    1.828233] hub 1-0:1.0: USB hub found
[    1.832016] hub 1-0:1.0: 1 port detected
[    1.836255] ohci_hcd: USB 1.1 'Open' Host Controller (OHCI) Driver
[    1.842448] ohci-pci: OHCI PCI platform driver
[    1.846927] ohci-platform: OHCI generic platform driver
[    1.852330] SPEAr-ohci: OHCI SPEAr driver
[    1.856435] ohci-st: OHCI STMicroelectronics driver
[    1.861400] ohci-atmel: OHCI Atmel driver
[    1.866027] usbcore: registered new interface driver usb-storage
[    1.874884] rtc-em3027 2-0056: rtc core: registered rtc-em3027 as rtc0
[    1.882524] tegra_rtc 7000e000.rtc: rtc core: registered 7000e000.rtc as rtc1
[    1.889669] tegra_rtc 7000e000.rtc: Tegra internal Real Time Clock
[    1.896253] i2c /dev entries driver
[    1.909333] sdhci: Secure Digital Host Controller Interface driver
[    1.915536] sdhci: Copyright(c) Pierre Ossman
[    1.921036] Synopsys Designware Multimedia Card Interface Driver
[    1.927990] sdhci-pltfm: SDHCI platform and OF driver helper
[    1.941876] mmc0: Invalid maximum block size, assuming 512 bytes
[    2.001681] mmc0: SDHCI controller on c8000000.sdhci [c8000000.sdhci] using ADMA
[    2.009162] sdhci-tegra c8000600.sdhci: Got CD GPIO
[    2.014059] sdhci-tegra c8000600.sdhci: Got WP GPIO
[    2.027090] mmc1: Invalid maximum block size, assuming 512 bytes
[    2.091781] mmc1: SDHCI controller on c8000600.sdhci [c8000600.sdhci] using ADMA
[    2.100554] ledtrig-cpu: registered to indicate activity on CPUs
[    2.106871] usbcore: registered new interface driver usbhid
[    2.112447] usbhid: USB HID core driver
[    2.119605] NET: Registered protocol family 10
[    2.125080] Segment Routing with IPv6
[    2.128782] sit: IPv6, IPv4 and MPLS over IPv4 tunneling driver
[    2.135233] NET: Registered protocol family 17
[    2.139671] can: controller area network core (rev 20170425 abi 9)
[    2.145897] NET: Registered protocol family 29
[    2.150329] can: raw protocol (rev 20170425)
[    2.154603] can: broadcast manager protocol (rev 20170425 t)
[    2.160251] can: netlink gateway (rev 20170425) max_hops=1
[    2.166035] Key type dns_resolver registered
[    2.170671] ThumbEE CPU extension supported.
[    2.174957] Registering SWP/SWPB emulation handler
[    2.188083] utmi_phy_clk_enable: timeout waiting for phy to stabilize
[    2.191697] usb 1-1: new high-speed USB device number 2 using tegra-ehci
[    2.201245] tegra-ehci c5000000.usb: EHCI Host Controller
[    2.206661] tegra-ehci c5000000.usb: new USB bus registered, assigned bus number 2
[    2.214516] tegra-ehci c5000000.usb: irq 288, io mem 0xc5000000
[    2.310688] mmc1: new high speed SD card at address b368
[    2.316480] mmcblk1: mmc1:b368 NCard 1.83 GiB (ro)
[    2.323981]  mmcblk1: p1 p2
[    2.361704] tegra-ehci c5000000.usb: USB 2.0 started, EHCI 1.00
[    2.368511] hub 2-0:1.0: USB hub found
[    2.372349] hub 2-0:1.0: 1 port detected
[    2.377580] input: gpio-keys as /devices/soc0/gpio-keys/input/input0
[    2.384695] rtc-em3027 2-0056: hctosys: unable to read the hardware clock
[    2.384737] hub 1-1:1.0: USB hub found
[    2.384884] hub 1-1:1.0: 4 ports detected
[    2.400185] Waiting for root device PARTUUID=11eb23c1-01...
[    2.711747] usb 1-1.2: new high-speed USB device number 3 using tegra-ehci
[    3.259563] mmc0: host does not support reading read-only switch, assuming write-enable
[    3.269707] mmc0: new high speed SDHC card at address b368
[    3.276407] mmcblk0: mmc0:b368 NCard 3.70 GiB 
[    3.284467]  mmcblk0: p1
[    3.346706] asix 1-1.2:1.0 eth1: register 'asix' at usb-c5008000.usb-1.2, ASIX AX88772 USB 2.0 Ethernet, 00:60:6e:60:6c:68
[    3.363208] EXT4-fs (mmcblk0p1): mounting ext3 file system using the ext4 subsystem
[    3.606038] EXT4-fs (mmcblk0p1): recovery complete
[    3.679904] EXT4-fs (mmcblk0p1): mounted filesystem with ordered data mode. Opts: (null)
[    3.688113] VFS: Mounted root (ext3 filesystem) on device 179:17.
[    3.704122] devtmpfs: mounted
[    3.712025] Freeing unused kernel memory: 2048K
bash: cannot set terminal process group (-1): Inappropriate ioctl for device
bash: no job control in this shell
root@(none):/#  
root@(none):/# mount -t sysfs none /sys
root@(none):/# 
root@(none):/# mount -t debugfs none /sys/kernel/debug
root@(none):/# 
root@(none):/# rtcwake -d rtc1 -m mem -s 3
rtcwake: assuming RTC uses UTC ...
rtcwake: wakeup from "mem" using /dev/rtc1 at Thu Jan  1 00:00:32 1970
[   14.226296] PM: Syncing filesystems ... done.
[   14.272581] Freezing user space processes ... (elapsed 0.001 seconds) done.
[   14.280860] OOM killer disabled.
[   14.284175] Freezing remaining freezable tasks ... (elapsed 0.001 seconds) done.
[   14.292997] Suspending console(s) (use no_console_suspend to debug)
[   14.338185] pci_generic_config_write32: 43 callbacks suppressed
[   14.338234] pci_bus 0000:00: 2-byte config write to 0000:00:01.0 offset 0x9c may corrupt adjacent RW1C bits
[   14.358192] pci_bus 0000:01: 2-byte config write to 0000:01:00.0 offset 0x44 may corrupt adjacent RW1C bits
[   14.358247] pci_bus 0000:01: 2-byte config write to 0000:01:00.0 offset 0x44 may corrupt adjacent RW1C bits
[   14.382308] Disabling non-boot CPUs ...
[   14.425274] Entering suspend state LP1
[   14.425274] Suspended for 2.606 seconds
[   14.425323] Enabling non-boot CPUs ...
[   14.426809] CPU1 is up
[   14.427683] pci_bus 0000:00: 2-byte config write to 0000:00:01.0 offset 0x4c may corrupt adjacent RW1C bits
[   14.427731] pci_bus 0000:00: 2-byte config write to 0000:00:01.0 offset 0x88 may corrupt adjacent RW1C bits
[   14.427762] pci_bus 0000:00: 2-byte config write to 0000:00:01.0 offset 0x90 may corrupt adjacent RW1C bits
[   14.427791] pci_bus 0000:00: 2-byte config write to 0000:00:01.0 offset 0x98 may corrupt adjacent RW1C bits
[   14.427818] pci_bus 0000:00: 2-byte config write to 0000:00:01.0 offset 0x9c may corrupt adjacent RW1C bits
[   14.427899] pci_bus 0000:00: 2-byte config write to 0000:00:01.0 offset 0x52 may corrupt adjacent RW1C bits
[   14.427931] pci_bus 0000:00: 2-byte config write to 0000:00:01.0 offset 0x52 may corrupt adjacent RW1C bits
[   14.428010] pcieport 0000:00:01.0: nv_msi_ht_cap_quirk didn't locate host bridge
[   15.131886] OOM killer enabled.
[   15.135015] Restarting tasks ... done.
root@(none):/# 
root@(none):/# rtcwake -d rtc1 -m mem -s 3
rtcwake: assuming RTC uses UTC ...
rtcwake: wakeup from "mem" using /dev/rtc1 at Thu Jan  1 00:00:37 1970
[   16.037186] PM: Syncing filesystems ... done.
[   16.082456] Freezing user space processes ... (elapsed 0.001 seconds) done.
[   16.090792] OOM killer disabled.
[   16.094107] Freezing remaining freezable tasks ... (elapsed 0.001 seconds) done.
[   16.103009] Suspending console(s) (use no_console_suspend to debug)
[   16.192235] Disabling non-boot CPUs ...
[   16.234450] Entering suspend state LP1
[   16.234450] Suspended for 3.190 seconds
[   16.234497] Enabling non-boot CPUs ...
[   16.236047] CPU1 is up
[   16.238520] pcieport 0000:00:01.0: nv_msi_ht_cap_quirk didn't locate host bridge
[   16.838126] OOM killer enabled.
[   16.841259] Restarting tasks ... done.
root@(none):/# 
root@(none):/# rtcwake -d rtc1 -m mem -s 3
rtcwake: assuming RTC uses UTC ...
rtcwake: wakeup from "mem" using /dev/rtc1 at Thu Jan  1 00:00:42 1970
[   17.846627] PM: Syncing filesystems ... done.
[   17.891932] Freezing user space processes ... (elapsed 0.001 seconds) done.
[   17.900253] OOM killer disabled.
[   17.903612] Freezing remaining freezable tasks ... (elapsed 0.001 seconds) done.
[   17.912338] Suspending console(s) (use no_console_suspend to debug)
[   17.972154] Disabling non-boot CPUs ...
[   18.024247] Entering suspend state LP1
[   18.024247] Suspended for 3.210 seconds
[   18.024295] Enabling non-boot CPUs ...
[   18.025826] CPU1 is up
[   18.027266] pcieport 0000:00:01.0: nv_msi_ht_cap_quirk didn't locate host bridge
[   18.628318] OOM killer enabled.
[   18.631456] Restarting tasks ... done.
root@(none):/# 
root@(none):/# rtcwake -d rtc1 -m mem -s 3
rtcwake: assuming RTC uses UTC ...
rtcwake: wakeup from "mem" using /dev/rtc1 at Thu Jan  1 00:00:47 1970
[   19.636832] PM: Syncing filesystems ... done.
[   19.682145] Freezing user space processes ... (elapsed 0.001 seconds) done.
[   19.690483] OOM killer disabled.
[   19.693813] Freezing remaining freezable tasks ... (elapsed 0.001 seconds) done.
[   19.702723] Suspending console(s) (use no_console_suspend to debug)
[   19.747417] pci_generic_config_write32: 71 callbacks suppressed
[   19.747466] pci_bus 0000:00: 2-byte config write to 0000:00:01.0 offset 0x9c may corrupt adjacent RW1C bits
[   19.768804] pci_bus 0000:01: 2-byte config write to 0000:01:00.0 offset 0x44 may corrupt adjacent RW1C bits
[   19.768862] pci_bus 0000:01: 2-byte config write to 0000:01:00.0 offset 0x44 may corrupt adjacent RW1C bits
[   19.792059] Disabling non-boot CPUs ...
[   19.834213] Entering suspend state LP1
[   19.834213] Suspended for 3.189 seconds
[   19.834260] Enabling non-boot CPUs ...
[   19.835810] CPU1 is up
[   19.837302] pci_bus 0000:00: 2-byte config write to 0000:00:01.0 offset 0x4c may corrupt adjacent RW1C bits
[   19.837350] pci_bus 0000:00: 2-byte config write to 0000:00:01.0 offset 0x88 may corrupt adjacent RW1C bits
[   19.837382] pci_bus 0000:00: 2-byte config write to 0000:00:01.0 offset 0x90 may corrupt adjacent RW1C bits
[   19.837411] pci_bus 0000:00: 2-byte config write to 0000:00:01.0 offset 0x98 may corrupt adjacent RW1C bits
[   19.837437] pci_bus 0000:00: 2-byte config write to 0000:00:01.0 offset 0x9c may corrupt adjacent RW1C bits
[   19.837517] pci_bus 0000:00: 2-byte config write to 0000:00:01.0 offset 0x52 may corrupt adjacent RW1C bits
[   19.837547] pci_bus 0000:00: 2-byte config write to 0000:00:01.0 offset 0x52 may corrupt adjacent RW1C bits
[   19.837625] pcieport 0000:00:01.0: nv_msi_ht_cap_quirk didn't locate host bridge
[   20.542333] OOM killer enabled.
[   20.545462] Restarting tasks ... done.
root@(none):/# 
root@(none):/# rtcwake -d rtc1 -m mem -s 3
rtcwake: assuming RTC uses UTC ...
rtcwake: wakeup from "mem" using /dev/rtc1 at Thu Jan  1 00:00:52 1970
[   21.446505] PM: Syncing filesystems ... done.
[   21.491804] Freezing user space processes ... (elapsed 0.001 seconds) done.
[   21.500136] OOM killer disabled.
[   21.503468] Freezing remaining freezable tasks ... (elapsed 0.001 seconds) done.
[   21.512339] Suspending console(s) (use no_console_suspend to debug)
[   21.601953] Disabling non-boot CPUs ...
[   21.653974] Entering suspend state LP1
[   21.653974] Suspended for 3.180 seconds
[   21.654021] Enabling non-boot CPUs ...
[   21.655566] CPU1 is up
[   21.656348] pcieport 0000:00:01.0: nv_msi_ht_cap_quirk didn't locate host bridge
[   22.258183] OOM killer enabled.
[   22.261321] Restarting tasks ... done.
root@(none):/# 
root@(none):/# rtcwake -d rtc1 -m mem -s 3
rtcwake: assuming RTC uses UTC ...
rtcwake: wakeup from "mem" using /dev/rtc1 at Thu Jan  1 00:00:57 1970
[   23.266710] PM: Syncing filesystems ... done.
[   23.312038] Freezing user space processes ... (elapsed 0.001 seconds) done.
[   23.320379] OOM killer disabled.
[   23.323708] Freezing remaining freezable tasks ... (elapsed 0.001 seconds) done.
[   23.332603] Suspending console(s) (use no_console_suspend to debug)
[   23.421861] Disabling non-boot CPUs ...
[   23.464102] Entering suspend state LP1
[   23.464102] Suspended for 3.189 seconds
[   23.464149] Enabling non-boot CPUs ...
[   23.465704] CPU1 is up
[   23.466728] pcieport 0000:00:01.0: nv_msi_ht_cap_quirk didn't locate host bridge
[   24.078155] OOM killer enabled.
[   24.081297] Restarting tasks ... done.
root@(none):/# 
root@(none):/# rtcwake -d rtc1 -m mem -s 3
rtcwake: assuming RTC uses UTC ...
rtcwake: wakeup from "mem" using /dev/rtc1 at Thu Jan  1 00:01:02 1970
[   25.076780] PM: Syncing filesystems ... done.
[   25.122032] Freezing user space processes ... (elapsed 0.001 seconds) done.
[   25.130370] OOM killer disabled.
[   25.133688] Freezing remaining freezable tasks ... (elapsed 0.001 seconds) done.
[   25.142592] Suspending console(s) (use no_console_suspend to debug)
[   25.186404] pci_generic_config_write32: 71 callbacks suppressed
[   25.186448] pci_bus 0000:00: 2-byte config write to 0000:00:01.0 offset 0x9c may corrupt adjacent RW1C bits
[   25.207741] pci_bus 0000:01: 2-byte config write to 0000:01:00.0 offset 0x44 may corrupt adjacent RW1C bits
[   25.207798] pci_bus 0000:01: 2-byte config write to 0000:01:00.0 offset 0x44 may corrupt adjacent RW1C bits
[   25.231772] Disabling non-boot CPUs ...
[   25.273904] Entering suspend state LP1
[   25.273904] Suspended for 3.190 seconds
[   25.273952] Enabling non-boot CPUs ...
[   25.275503] CPU1 is up
[   25.276221] pci_bus 0000:00: 2-byte config write to 0000:00:01.0 offset 0x4c may corrupt adjacent RW1C bits
[   25.276268] pci_bus 0000:00: 2-byte config write to 0000:00:01.0 offset 0x88 may corrupt adjacent RW1C bits
[   25.276298] pci_bus 0000:00: 2-byte config write to 0000:00:01.0 offset 0x90 may corrupt adjacent RW1C bits
[   25.276325] pci_bus 0000:00: 2-byte config write to 0000:00:01.0 offset 0x98 may corrupt adjacent RW1C bits
[   25.276352] pci_bus 0000:00: 2-byte config write to 0000:00:01.0 offset 0x9c may corrupt adjacent RW1C bits
[   25.276433] pci_bus 0000:00: 2-byte config write to 0000:00:01.0 offset 0x52 may corrupt adjacent RW1C bits
[   25.276464] pci_bus 0000:00: 2-byte config write to 0000:00:01.0 offset 0x52 may corrupt adjacent RW1C bits
[   25.276543] pcieport 0000:00:01.0: nv_msi_ht_cap_quirk didn't locate host bridge
[   25.980732] OOM killer enabled.
[   25.983869] Restarting tasks ... done.
root@(none):/# 
root@(none):/# rtcwake -d rtc1 -m mem -s 3
rtcwake: assuming RTC uses UTC ...
rtcwake: wakeup from "mem" using /dev/rtc1 at Thu Jan  1 00:01:07 1970
[   26.886204] PM: Syncing filesystems ... done.
[   26.931503] Freezing user space processes ... (elapsed 0.001 seconds) done.
[   26.939770] OOM killer disabled.
[   26.943069] Freezing remaining freezable tasks ... (elapsed 0.001 seconds) done.
[   26.951791] Suspending console(s) (use no_console_suspend to debug)
[   27.031689] Disabling non-boot CPUs ...
[   27.083811] Entering suspend state LP1
[   27.083811] Suspended for 3.190 seconds
[   27.083859] Enabling non-boot CPUs ...
[   27.085404] CPU1 is up
[   27.086926] pcieport 0000:00:01.0: nv_msi_ht_cap_quirk didn't locate host bridge
[   27.687818] OOM killer enabled.
[   27.690960] Restarting tasks ... done.
root@(none):/# 
root@(none):/# rtcwake -d rtc1 -m mem -s 3
rtcwake: assuming RTC uses UTC ...
rtcwake: wakeup from "mem" using /dev/rtc1 at Thu Jan  1 00:01:12 1970
[   28.696109] PM: Syncing filesystems ... done.
[   28.741433] Freezing user space processes ... (elapsed 0.001 seconds) done.
[   28.749767] OOM killer disabled.
[   28.753099] Freezing remaining freezable tasks ... (elapsed 0.001 seconds) done.
[   28.761970] Suspending console(s) (use no_console_suspend to debug)
[   28.851642] Disabling non-boot CPUs ...
[   28.903627] Entering suspend state LP1
[   28.903627] Suspended for 3.180 seconds
[   28.903674] Enabling non-boot CPUs ...
[   28.905236] CPU1 is up
[   28.906029] pcieport 0000:00:01.0: nv_msi_ht_cap_quirk didn't locate host bridge
[   29.507786] OOM killer enabled.
[   29.510925] Restarting tasks ... done.
root@(none):/# 
root@(none):/# rtcwake -d rtc1 -m mem -s 3
rtcwake: assuming RTC uses UTC ...
rtcwake: wakeup from "mem" using /dev/rtc1 at Thu Jan  1 00:01:17 1970
[   30.515925] PM: Syncing filesystems ... done.
[   30.561245] Freezing user space processes ... (elapsed 0.001 seconds) done.
[   30.569578] OOM killer disabled.
[   30.572908] Freezing remaining freezable tasks ... (elapsed 0.001 seconds) done.
[   30.581774] Suspending console(s) (use no_console_suspend to debug)
[   30.626123] pci_generic_config_write32: 71 callbacks suppressed
[   30.626169] pci_bus 0000:00: 2-byte config write to 0000:00:01.0 offset 0x9c may corrupt adjacent RW1C bits
[   30.647635] pci_bus 0000:01: 2-byte config write to 0000:01:00.0 offset 0x44 may corrupt adjacent RW1C bits
[   30.647694] pci_bus 0000:01: 2-byte config write to 0000:01:00.0 offset 0x44 may corrupt adjacent RW1C bits
[   30.671548] Disabling non-boot CPUs ...
[   30.723578] Entering suspend state LP1
[   30.723578] Suspended for 3.179 seconds
[   30.723625] Enabling non-boot CPUs ...
[   30.725180] CPU1 is up
[   30.726279] pci_bus 0000:00: 2-byte config write to 0000:00:01.0 offset 0x4c may corrupt adjacent RW1C bits
[   30.726327] pci_bus 0000:00: 2-byte config write to 0000:00:01.0 offset 0x88 may corrupt adjacent RW1C bits
[   30.726357] pci_bus 0000:00: 2-byte config write to 0000:00:01.0 offset 0x90 may corrupt adjacent RW1C bits
[   30.726385] pci_bus 0000:00: 2-byte config write to 0000:00:01.0 offset 0x98 may corrupt adjacent RW1C bits
[   30.726413] pci_bus 0000:00: 2-byte config write to 0000:00:01.0 offset 0x9c may corrupt adjacent RW1C bits
[   30.726493] pci_bus 0000:00: 2-byte config write to 0000:00:01.0 offset 0x52 may corrupt adjacent RW1C bits
[   30.726525] pci_bus 0000:00: 2-byte config write to 0000:00:01.0 offset 0x52 may corrupt adjacent RW1C bits
[   30.726603] pcieport 0000:00:01.0: nv_msi_ht_cap_quirk didn't locate host bridge
[   31.441829] OOM killer enabled.
[   31.444957] Restarting tasks ... done.
root@(none):/# 
root@(none):/# NVTB SYSTEM SUSPEND TEST COMPLETE
