Diff for ./qemu-vexpress64/__internal/defconfig_log.txt
--- /tmp/fooa	2015-05-31 19:38:45.330334651 -0700
+++ /tmp/foob	2015-05-31 19:38:45.330334651 -0700
@@ -1,6 +1,6 @@
 Booting Linux on physical CPU 0x0
 Initializing cgroup subsys cpu
-Linux version 4.1.0-rc5+ (pwalmsley@tamien) (gcc version 4.9.2 20140904 (prerelease) (crosstool-NG linaro-1.13.1-4.9-2014.09 - Linaro GCC 4.9-2014.09) ) #1 SMP PREEMPT Sun May 24 18:34:25 PDT 2015
+Linux version 4.1.0-rc6+ (pwalmsley@tamien) (gcc version 4.9.2 20140904 (prerelease) (crosstool-NG linaro-1.13.1-4.9-2014.09 - Linaro GCC 4.9-2014.09) ) #1 SMP PREEMPT Sun May 31 19:35:54 PDT 2015
 CPU: AArch64 Processor [411fd070] revision 0
 Detected PIPT I-cache on CPU0
 alternatives: enabling workaround for ARM erratum 832075
@@ -86,7 +86,7 @@
 kvm [1]: HYP mode not available
 futex hash table entries: 256 (order: 2, 16384 bytes)
 audit: initializing netlink subsys (disabled)
-audit: type=2000 audit(0.430:1): initialized
+audit: type=2000 audit(0.420:1): initialized
 HugeTLB registered 2 MB page size, pre-allocated 0 pages
 VFS: Disk quotas dquot_6.6.0
 VFS: Dquot-cache hash table entries: 512 (order 0, 4096 bytes)
Diff for ./tegra114-dalmore-a04/tegra114-dalmore/multi_v7_defconfig_log.txt
--- /tmp/fooa	2015-05-31 19:38:45.338334644 -0700
+++ /tmp/foob	2015-05-31 19:38:45.342334640 -0700
@@ -14,7 +14,7 @@
 Err:   serial
 Net:   Net Initialization Skipped
 No ethernet found.
-Hit any key to stop autoboot:  2  0 
+Hit any key to stop autoboot:  2  1  0 
 Tegra114 (Dalmore) # 
 Tegra114 (Dalmore) # usb reset
 (Re)start USB...
@@ -37,10 +37,10 @@
 	 #################################################################
 	 #################################################################
 	 #################################################################
-	 #####################################
+	 ######################################
 	 3.3 MiB/s
 done
-Bytes transferred = 6260232 (5f8608 hex)
+Bytes transferred = 6272264 (5fb508 hex)
 Tegra114 (Dalmore) # tftpboot 0x82000000 tegra114-dalmore.dtb
 Using asx0 device
 TFTP from server 192.168.100.1; our IP address is 192.168.100.100
@@ -51,7 +51,7 @@
 done
 Bytes transferred = 34894 (884e hex)
 Tegra114 (Dalmore) # bootz 0x81000000 - 0x82000000
-Kernel image @ 0x81000000 [ 0x000000 - 0x5f8608 ]
+Kernel image @ 0x81000000 [ 0x000000 - 0x5fb508 ]
 ## Flattened Device Tree blob at 82000000
    Booting using the fdt blob at 0x82000000
    Loading Device Tree to 8fff4000, end 8ffff84d ... OK
@@ -59,7 +59,7 @@
 Starting kernel ...
 
 Booting Linux on physical CPU 0x0
-Linux version 4.1.0-rc5-13213-gba155e2 (pwalmsley@sellafield) (gcc version 4.7.3 20130328 (prerelease) (crosstool-NG linaro-1.13.1-4.7-2013.04-20130415 - Linaro GCC 2013.04) ) #1 SMP Sun May 24 18:33:23 PDT 2015
+Linux version 4.1.0-rc6-13413-gc65b99f (pwalmsley@sellafield) (gcc version 4.7.3 20130328 (prerelease) (crosstool-NG linaro-1.13.1-4.7-2013.04-20130415 - Linaro GCC 2013.04) ) #1 SMP Sun May 31 19:34:39 PDT 2015
 CPU: ARMv7 Processor [412fc0f2] revision 2 (ARMv7), cr=10c5387d
 CPU: PIPT / VIPT nonaliasing data cache, PIPT instruction cache
 Machine model: NVIDIA Tegra114 Dalmore evaluation board
@@ -67,7 +67,7 @@
 cma: Reserved 64 MiB at 0xfb800000
 Memory policy: Data cache writealloc
 On node 0 totalpages: 524032
-free_area_init_node: node 0, pgdat c0f38680, node_mem_map ee7f8000
+free_area_init_node: node 0, pgdat c0f40780, node_mem_map ee7f8000
   DMA zone: 1520 pages used for memmap
   DMA zone: 0 pages reserved
   DMA zone: 194560 pages, LIFO batch:31
@@ -80,7 +80,7 @@
 PID hash table entries: 4096 (order: 2, 16384 bytes)
 Dentry cache hash table entries: 131072 (order: 7, 524288 bytes)
 Inode-cache hash table entries: 65536 (order: 6, 262144 bytes)
-Memory: 1999168K/2096128K available (7991K kernel code, 1025K rwdata, 3612K rodata, 880K init, 318K bss, 31424K reserved, 65536K cma-reserved, 1252352K highmem)
+Memory: 1999136K/2096128K available (8012K kernel code, 1025K rwdata, 3616K rodata, 884K init, 318K bss, 31456K reserved, 65536K cma-reserved, 1252352K highmem)
 Virtual kernel memory layout:
     vector  : 0xffff0000 - 0xffff1000   (   4 kB)
     fixmap  : 0xffc00000 - 0xfff00000   (3072 kB)
@@ -88,10 +88,10 @@
     lowmem  : 0xc0000000 - 0xef800000   ( 760 MB)
     pkmap   : 0xbfe00000 - 0xc0000000   (   2 MB)
     modules : 0xbf000000 - 0xbfe00000   (  14 MB)
-      .text : 0xc0208000 - 0xc0d5df48   (11608 kB)
-      .init : 0xc0d5e000 - 0xc0e3a000   ( 880 kB)
-      .data : 0xc0e3a000 - 0xc0f3a660   (1026 kB)
-       .bss : 0xc0f3d000 - 0xc0f8ca68   ( 319 kB)
+      .text : 0xc0208000 - 0xc0d64198   (11633 kB)
+      .init : 0xc0d65000 - 0xc0e42000   ( 884 kB)
+      .data : 0xc0e42000 - 0xc0f42760   (1026 kB)
+       .bss : 0xc0f45000 - 0xc0f94a68   ( 319 kB)
 SLUB: HWalign=64, Order=0-3, MinObjects=0, CPUs=4, Nodes=1
 Hierarchical RCU implementation.
 	Additional per-CPU info printed with stalls.
@@ -302,7 +302,7 @@
 hub 1-0:1.0: USB hub found
 hub 1-0:1.0: 1 port detected
 input: gpio-keys as /devices/soc0/gpio-keys/input/input1
-palmas-rtc 7000d000.i2c:tps65913@58:rtc: setting system clock to 2000-10-29 20:58:53 UTC (972853133)
+palmas-rtc 7000d000.i2c:tps65913@58:rtc: setting system clock to 2000-01-04 04:38:18 UTC (946960698)
 vdd_cam_1v8_reg: disabling
 usb1_vbus: disabling
 dvdd_ts: disabling
@@ -313,7 +313,7 @@
 EXT4-fs (mmcblk0p1): mounted filesystem with ordered data mode. Opts: (null)
 VFS: Mounted root (ext3 filesystem) on device 179:1.
 devtmpfs: mounted
-Freeing unused kernel memory: 880K (c0d5e000 - c0e3a000)
+Freeing unused kernel memory: 884K (c0d65000 - c0e42000)
 bash: cannot set terminal process group (-1): Inappropriate ioctl for device
 bash: no job control in this shell
-root@(none):/# [    2.618722] usb 1-1: new high-speed USB device number 2 using tegra-ehci
+root@(none):/# [    2.613802] usb 1-1: new high-speed USB device number 2 using tegra-ehci
Diff for ./tegra114-dalmore-a04/tegra114-dalmore/tegra_defconfig_log.txt
--- /tmp/fooa	2015-05-31 19:38:45.346334636 -0700
+++ /tmp/foob	2015-05-31 19:38:45.350334632 -0700
@@ -14,7 +14,7 @@
 Err:   serial
 Net:   Net Initialization Skipped
 No ethernet found.
-Hit any key to stop autoboot:  2  0 
+Hit any key to stop autoboot:  2  1  0 
 Tegra114 (Dalmore) # 
 Tegra114 (Dalmore) # usb reset
 (Re)start USB...
@@ -37,9 +37,9 @@
 	 #################################################################
 	 #################################################################
 	 ########
-	 3.3 MiB/s
+	 3.4 MiB/s
 done
-Bytes transferred = 4884464 (4a87f0 hex)
+Bytes transferred = 4884368 (4a8790 hex)
 Tegra114 (Dalmore) # tftpboot 0x82000000 tegra114-dalmore.dtb
 Using asx0 device
 TFTP from server 192.168.100.1; our IP address is 192.168.100.100
@@ -50,7 +50,7 @@
 done
 Bytes transferred = 34894 (884e hex)
 Tegra114 (Dalmore) # bootz 0x81000000 - 0x82000000
-Kernel image @ 0x81000000 [ 0x000000 - 0x4a87f0 ]
+Kernel image @ 0x81000000 [ 0x000000 - 0x4a8790 ]
 ## Flattened Device Tree blob at 82000000
    Booting using the fdt blob at 0x82000000
    Loading Device Tree to 8fff4000, end 8ffff84d ... OK
@@ -61,7 +61,7 @@
 Booting Linux on physical CPU 0x0
 Initializing cgroup subsys cpu
 Initializing cgroup subsys cpuacct
-Linux version 4.1.0-rc5-13213-gba155e2 (pwalmsley@kaivo) (gcc version 4.7.3 20130328 (prerelease) (crosstool-NG linaro-1.13.1-4.7-2013.04-20130415 - Linaro GCC 2013.04) ) #1 SMP PREEMPT Sun May 24 18:33:34 PDT 2015
+Linux version 4.1.0-rc6-13413-gc65b99f (pwalmsley@kaivo) (gcc version 4.7.3 20130328 (prerelease) (crosstool-NG linaro-1.13.1-4.7-2013.04-20130415 - Linaro GCC 2013.04) ) #1 SMP PREEMPT Sun May 31 19:34:45 PDT 2015
 CPU: ARMv7 Processor [412fc0f2] revision 2 (ARMv7), cr=10c5387d
 CPU: PIPT / VIPT nonaliasing data cache, PIPT instruction cache
 Machine model: NVIDIA Tegra114 Dalmore evaluation board
@@ -90,7 +90,7 @@
     lowmem  : 0xc0000000 - 0xef800000   ( 760 MB)
     pkmap   : 0xbfe00000 - 0xc0000000   (   2 MB)
     modules : 0xbf000000 - 0xbfe00000   (  14 MB)
-      .text : 0xc0008000 - 0xc08c84ec   (8962 kB)
+      .text : 0xc0008000 - 0xc08c8518   (8962 kB)
       .init : 0xc08c9000 - 0xc0916000   ( 308 kB)
       .data : 0xc0916000 - 0xc0964020   ( 313 kB)
        .bss : 0xc0967000 - 0xc09bee14   ( 352 kB)
@@ -293,7 +293,7 @@
 hub 1-0:1.0: USB hub found
 hub 1-0:1.0: 1 port detected
 input: gpio-keys as /devices/soc0/gpio-keys/input/input1
-palmas-rtc 7000d000.i2c:tps65913@58:rtc: setting system clock to 2000-10-29 20:59:22 UTC (972853162)
+palmas-rtc 7000d000.i2c:tps65913@58:rtc: setting system clock to 2000-01-04 04:38:52 UTC (946960732)
 vdd_cam_1v8_reg: disabling
 usb1_vbus: disabling
 dvdd_ts: disabling
@@ -308,4 +308,4 @@
 Freeing unused kernel memory: 308K (c08c9000 - c0916000)
 bash: cannot set terminal process group (-1): Inappropriate ioctl for device
 bash: no job control in this shell
-root@(none):/# [    2.789703] usb 1-1: new high-speed USB device number 2 using tegra-ehci
+root@(none):/# [    2.779642] usb 1-1: new high-speed USB device number 2 using tegra-ehci
Diff for ./tegra124-jetson-tk1/tegra124-jetson-tk1/multi_v7_defconfig_log.txt
--- /tmp/fooa	2015-05-31 19:38:45.354334628 -0700
+++ /tmp/foob	2015-05-31 19:38:45.358334625 -0700
@@ -39,10 +39,10 @@
 	 #################################################################
 	 #################################################################
 	 #################################################################
-	 #####################################
+	 ######################################
 	 3.2 MiB/s
 done
-Bytes transferred = 6260232 (5f8608 hex)
+Bytes transferred = 6272264 (5fb508 hex)
 Tegra124 (Jetson TK1) # tftpboot 0x82000000 tegra124-jetson-tk1.dtb
 Using asx0 device
 TFTP from server 192.168.100.1; our IP address is 192.168.100.102
@@ -53,7 +53,7 @@
 done
 Bytes transferred = 63003 (f61b hex)
 Tegra124 (Jetson TK1) # bootz 0x81000000 - 0x82000000
-Kernel image @ 0x81000000 [ 0x000000 - 0x5f8608 ]
+Kernel image @ 0x81000000 [ 0x000000 - 0x5fb508 ]
 ## Flattened Device Tree blob at 82000000
    Booting using the fdt blob at 0x82000000
    Using Device Tree in place at 82000000, end 8201261a
@@ -61,7 +61,7 @@
 Starting kernel ...
 
 Booting Linux on physical CPU 0x0
-Linux version 4.1.0-rc5-13213-gba155e2 (pwalmsley@sellafield) (gcc version 4.7.3 20130328 (prerelease) (crosstool-NG linaro-1.13.1-4.7-2013.04-20130415 - Linaro GCC 2013.04) ) #1 SMP Sun May 24 18:33:23 PDT 2015
+Linux version 4.1.0-rc6-13413-gc65b99f (pwalmsley@sellafield) (gcc version 4.7.3 20130328 (prerelease) (crosstool-NG linaro-1.13.1-4.7-2013.04-20130415 - Linaro GCC 2013.04) ) #1 SMP Sun May 31 19:34:39 PDT 2015
 CPU: ARMv7 Processor [413fc0f3] revision 3 (ARMv7), cr=10c5387d
 CPU: PIPT / VIPT nonaliasing data cache, PIPT instruction cache
 Machine model: NVIDIA Tegra124 Jetson TK1
@@ -69,7 +69,7 @@
 cma: Reserved 64 MiB at 0xfb800000
 Memory policy: Data cache writealloc
 On node 0 totalpages: 524032
-free_area_init_node: node 0, pgdat c0f38680, node_mem_map ee7f8000
+free_area_init_node: node 0, pgdat c0f40780, node_mem_map ee7f8000
   DMA zone: 1520 pages used for memmap
   DMA zone: 0 pages reserved
   DMA zone: 194560 pages, LIFO batch:31
@@ -82,7 +82,7 @@
 PID hash table entries: 4096 (order: 2, 16384 bytes)
 Dentry cache hash table entries: 131072 (order: 7, 524288 bytes)
 Inode-cache hash table entries: 65536 (order: 6, 262144 bytes)
-Memory: 1999064K/2096128K available (7991K kernel code, 1025K rwdata, 3612K rodata, 880K init, 318K bss, 31528K reserved, 65536K cma-reserved, 1252352K highmem)
+Memory: 1999032K/2096128K available (8012K kernel code, 1025K rwdata, 3616K rodata, 884K init, 318K bss, 31560K reserved, 65536K cma-reserved, 1252352K highmem)
 Virtual kernel memory layout:
     vector  : 0xffff0000 - 0xffff1000   (   4 kB)
     fixmap  : 0xffc00000 - 0xfff00000   (3072 kB)
@@ -90,10 +90,10 @@
     lowmem  : 0xc0000000 - 0xef800000   ( 760 MB)
     pkmap   : 0xbfe00000 - 0xc0000000   (   2 MB)
     modules : 0xbf000000 - 0xbfe00000   (  14 MB)
-      .text : 0xc0208000 - 0xc0d5df48   (11608 kB)
-      .init : 0xc0d5e000 - 0xc0e3a000   ( 880 kB)
-      .data : 0xc0e3a000 - 0xc0f3a660   (1026 kB)
-       .bss : 0xc0f3d000 - 0xc0f8ca68   ( 319 kB)
+      .text : 0xc0208000 - 0xc0d64198   (11633 kB)
+      .init : 0xc0d65000 - 0xc0e42000   ( 884 kB)
+      .data : 0xc0e42000 - 0xc0f42760   (1026 kB)
+       .bss : 0xc0f45000 - 0xc0f94a68   ( 319 kB)
 SLUB: HWalign=64, Order=0-3, MinObjects=0, CPUs=4, Nodes=1
 Hierarchical RCU implementation.
 	Additional per-CPU info printed with stalls.
@@ -371,7 +371,7 @@
 EXT4-fs (mmcblk0p1): mounted filesystem with ordered data mode. Opts: (null)
 VFS: Mounted root (ext4 filesystem) on device 179:1.
 devtmpfs: mounted
-Freeing unused kernel memory: 880K (c0d5e000 - c0e3a000)
+Freeing unused kernel memory: 884K (c0d65000 - c0e42000)
 bash: cannot set terminal process group (-1): Inappropriate ioctl for device
 bash: no job control in this shell
 root@(none):/# 
\ No newline at end of file
Diff for ./tegra124-jetson-tk1/tegra124-jetson-tk1/tegra_defconfig_log.txt
--- /tmp/fooa	2015-05-31 19:38:45.374334610 -0700
+++ /tmp/foob	2015-05-31 19:38:45.378334605 -0700
@@ -39,20 +39,20 @@
 	 #################################################################
 	 #################################################################
 	 ########
-	 2.8 MiB/s
+	 3.3 MiB/s
 done
-Bytes transferred = 4884464 (4a87f0 hex)
+Bytes transferred = 4884368 (4a8790 hex)
 Tegra124 (Jetson TK1) # tftpboot 0x82000000 tegra124-jetson-tk1.dtb
 Using asx0 device
 TFTP from server 192.168.100.1; our IP address is 192.168.100.102
 Filename 'tegra124-jetson-tk1.dtb'.
 Load address: 0x82000000
 Loading: *#####
-	 2.9 MiB/s
+	 3 MiB/s
 done
 Bytes transferred = 63003 (f61b hex)
 Tegra124 (Jetson TK1) # bootz 0x81000000 - 0x82000000
-Kernel image @ 0x81000000 [ 0x000000 - 0x4a87f0 ]
+Kernel image @ 0x81000000 [ 0x000000 - 0x4a8790 ]
 ## Flattened Device Tree blob at 82000000
    Booting using the fdt blob at 0x82000000
    Using Device Tree in place at 82000000, end 8201261a
@@ -63,7 +63,7 @@
 Booting Linux on physical CPU 0x0
 Initializing cgroup subsys cpu
 Initializing cgroup subsys cpuacct
-Linux version 4.1.0-rc5-13213-gba155e2 (pwalmsley@kaivo) (gcc version 4.7.3 20130328 (prerelease) (crosstool-NG linaro-1.13.1-4.7-2013.04-20130415 - Linaro GCC 2013.04) ) #1 SMP PREEMPT Sun May 24 18:33:34 PDT 2015
+Linux version 4.1.0-rc6-13413-gc65b99f (pwalmsley@kaivo) (gcc version 4.7.3 20130328 (prerelease) (crosstool-NG linaro-1.13.1-4.7-2013.04-20130415 - Linaro GCC 2013.04) ) #1 SMP PREEMPT Sun May 31 19:34:45 PDT 2015
 CPU: ARMv7 Processor [413fc0f3] revision 3 (ARMv7), cr=10c5387d
 CPU: PIPT / VIPT nonaliasing data cache, PIPT instruction cache
 Machine model: NVIDIA Tegra124 Jetson TK1
@@ -92,7 +92,7 @@
     lowmem  : 0xc0000000 - 0xef800000   ( 760 MB)
     pkmap   : 0xbfe00000 - 0xc0000000   (   2 MB)
     modules : 0xbf000000 - 0xbfe00000   (  14 MB)
-      .text : 0xc0008000 - 0xc08c84ec   (8962 kB)
+      .text : 0xc0008000 - 0xc08c8518   (8962 kB)
       .init : 0xc08c9000 - 0xc0916000   ( 308 kB)
       .data : 0xc0916000 - 0xc0964020   ( 313 kB)
        .bss : 0xc0967000 - 0xc09bee14   ( 352 kB)
@@ -344,7 +344,7 @@
 mmc1: Invalid maximum block size, assuming 512 bytes
 mmc1: SDHCI controller on 700b0400.sdhci [700b0400.sdhci] using ADMA 64-bit
 input: gpio-keys as /devices/soc0/gpio-keys/input/input1
-as3722-rtc as3722-rtc: setting system clock to 2000-02-01 00:00:51 UTC (949363251)
+as3722-rtc as3722-rtc: setting system clock to 2000-02-01 00:00:56 UTC (949363256)
 +USB0_VBUS_SW: disabling
 +1.8V_RUN_VPP_FUSE: disabling
 +2.8V_RUN_CAM_AF: disabling
Diff for ./tegra20-trimslice/tegra20-trimslice/multi_v7_defconfig_log.txt
--- /tmp/fooa	2015-05-31 19:38:45.382334602 -0700
+++ /tmp/foob	2015-05-31 19:38:45.386334598 -0700
@@ -43,10 +43,10 @@
 	 #################################################################
 	 #################################################################
 	 #################################################################
-	 #####################################
-	 3.9 MiB/s
+	 ######################################
+	 4.1 MiB/s
 done
-Bytes transferred = 6260232 (5f8608 hex)
+Bytes transferred = 6272264 (5fb508 hex)
 Tegra20 (TrimSlice) # tftpboot 0x02408000 tegra20-trimslice.dtb
 Using RTL8169#0 device
 TFTP from server 192.168.100.1; our IP address is 192.168.100.103
@@ -57,7 +57,7 @@
 done
 Bytes transferred = 21130 (528a hex)
 Tegra20 (TrimSlice) # bootz 0x00408000 - 0x02408000
-Kernel image @ 0x408000 [ 0x000000 - 0x5f8608 ]
+Kernel image @ 0x408000 [ 0x000000 - 0x5fb508 ]
 ## Flattened Device Tree blob at 02408000
    Booting using the fdt blob at 0x2408000
    Using Device Tree in place at 02408000, end 02410289
@@ -65,7 +65,7 @@
 Starting kernel ...
 
 Booting Linux on physical CPU 0x0
-Linux version 4.1.0-rc5-13213-gba155e2 (pwalmsley@sellafield) (gcc version 4.7.3 20130328 (prerelease) (crosstool-NG linaro-1.13.1-4.7-2013.04-20130415 - Linaro GCC 2013.04) ) #1 SMP Sun May 24 18:33:23 PDT 2015
+Linux version 4.1.0-rc6-13413-gc65b99f (pwalmsley@sellafield) (gcc version 4.7.3 20130328 (prerelease) (crosstool-NG linaro-1.13.1-4.7-2013.04-20130415 - Linaro GCC 2013.04) ) #1 SMP Sun May 31 19:34:39 PDT 2015
 CPU: ARMv7 Processor [411fc090] revision 0 (ARMv7), cr=10c5387d
 CPU: PIPT / VIPT nonaliasing data cache, VIPT aliasing instruction cache
 Machine model: Compulab TrimSlice board
@@ -73,7 +73,7 @@
 cma: Reserved 64 MiB at 0x3c000000
 Memory policy: Data cache writealloc
 On node 0 totalpages: 262144
-free_area_init_node: node 0, pgdat c0f38680, node_mem_map eeff8000
+free_area_init_node: node 0, pgdat c0f40780, node_mem_map eeff8000
   DMA zone: 1520 pages used for memmap
   DMA zone: 0 pages reserved
   DMA zone: 194560 pages, LIFO batch:31
@@ -86,7 +86,7 @@
 PID hash table entries: 4096 (order: 2, 16384 bytes)
 Dentry cache hash table entries: 131072 (order: 7, 524288 bytes)
 Inode-cache hash table entries: 65536 (order: 6, 262144 bytes)
-Memory: 959976K/1048576K available (7991K kernel code, 1025K rwdata, 3612K rodata, 880K init, 318K bss, 23064K reserved, 65536K cma-reserved, 204800K highmem)
+Memory: 959944K/1048576K available (8012K kernel code, 1025K rwdata, 3616K rodata, 884K init, 318K bss, 23096K reserved, 65536K cma-reserved, 204800K highmem)
 Virtual kernel memory layout:
     vector  : 0xffff0000 - 0xffff1000   (   4 kB)
     fixmap  : 0xffc00000 - 0xfff00000   (3072 kB)
@@ -94,10 +94,10 @@
     lowmem  : 0xc0000000 - 0xef800000   ( 760 MB)
     pkmap   : 0xbfe00000 - 0xc0000000   (   2 MB)
     modules : 0xbf000000 - 0xbfe00000   (  14 MB)
-      .text : 0xc0208000 - 0xc0d5df48   (11608 kB)
-      .init : 0xc0d5e000 - 0xc0e3a000   ( 880 kB)
-      .data : 0xc0e3a000 - 0xc0f3a660   (1026 kB)
-       .bss : 0xc0f3d000 - 0xc0f8ca68   ( 319 kB)
+      .text : 0xc0208000 - 0xc0d64198   (11633 kB)
+      .init : 0xc0d65000 - 0xc0e42000   ( 884 kB)
+      .data : 0xc0e42000 - 0xc0f42760   (1026 kB)
+       .bss : 0xc0f45000 - 0xc0f94a68   ( 319 kB)
 SLUB: HWalign=64, Order=0-3, MinObjects=0, CPUs=2, Nodes=1
 Hierarchical RCU implementation.
 	Additional per-CPU info printed with stalls.
@@ -345,12 +345,12 @@
 tegra-ehci c5000000.usb: USB 2.0 started, EHCI 1.00
 hub 2-0:1.0: USB hub found
 hub 2-0:1.0: 1 port detected
-input: gpio-keys as /devices/soc0/gpio-keys/input/input0
 hub 1-1:1.0: USB hub found
-hub 1-1:1.0: 4 ports detected
-rtc-em3027 2-0056: setting system clock to 2014-12-25 20:33:21 UTC (1419539601)
+input: gpio-keys as /devices/soc0/gpio-keys/input/input0
+rtc-em3027 2-0056: setting system clock to 2014-12-26 11:35:21 UTC (1419593721)
 ALSA device list:
   #0: tegra-trimslice
+hub 1-1:1.0: 4 ports detected
 EXT4-fs (mmcblk0p1): mounting ext3 file system using the ext4 subsystem
 mmc1: new high speed SD card at address b368
 mmcblk1: mmc1:b368 NCard 1.83 GiB (ro)
@@ -359,7 +359,7 @@
 EXT4-fs (mmcblk0p1): mounted filesystem with ordered data mode. Opts: (null)
 VFS: Mounted root (ext3 filesystem) on device 179:1.
 devtmpfs: mounted
-Freeing unused kernel memory: 880K (c0d5e000 - c0e3a000)
+Freeing unused kernel memory: 884K (c0d65000 - c0e42000)
 bash: cannot set terminal process group (-1): Inappropriate ioctl for device
 bash: no job control in this shell
 root@(none):/# 
\ No newline at end of file
Diff for ./tegra20-trimslice/tegra20-trimslice/tegra_defconfig_log.txt
--- /tmp/fooa	2015-05-31 19:38:45.390334595 -0700
+++ /tmp/foob	2015-05-31 19:38:45.394334591 -0700
@@ -45,18 +45,18 @@
 	 ########
 	 4.1 MiB/s
 done
-Bytes transferred = 4884464 (4a87f0 hex)
+Bytes transferred = 4884368 (4a8790 hex)
 Tegra20 (TrimSlice) # tftpboot 0x02408000 tegra20-trimslice.dtb
 Using RTL8169#0 device
 TFTP from server 192.168.100.1; our IP address is 192.168.100.103
 Filename 'tegra20-trimslice.dtb'.
 Load address: 0x2408000
 Loading: *##
-	 4 MiB/s
+	 3.4 MiB/s
 done
 Bytes transferred = 21130 (528a hex)
 Tegra20 (TrimSlice) # bootz 0x00408000 - 0x02408000
-Kernel image @ 0x408000 [ 0x000000 - 0x4a87f0 ]
+Kernel image @ 0x408000 [ 0x000000 - 0x4a8790 ]
 ## Flattened Device Tree blob at 02408000
    Booting using the fdt blob at 0x2408000
    Using Device Tree in place at 02408000, end 02410289
@@ -67,7 +67,7 @@
 Booting Linux on physical CPU 0x0
 Initializing cgroup subsys cpu
 Initializing cgroup subsys cpuacct
-Linux version 4.1.0-rc5-13213-gba155e2 (pwalmsley@kaivo) (gcc version 4.7.3 20130328 (prerelease) (crosstool-NG linaro-1.13.1-4.7-2013.04-20130415 - Linaro GCC 2013.04) ) #1 SMP PREEMPT Sun May 24 18:33:34 PDT 2015
+Linux version 4.1.0-rc6-13413-gc65b99f (pwalmsley@kaivo) (gcc version 4.7.3 20130328 (prerelease) (crosstool-NG linaro-1.13.1-4.7-2013.04-20130415 - Linaro GCC 2013.04) ) #1 SMP PREEMPT Sun May 31 19:34:45 PDT 2015
 CPU: ARMv7 Processor [411fc090] revision 0 (ARMv7), cr=10c5387d
 CPU: PIPT / VIPT nonaliasing data cache, VIPT aliasing instruction cache
 Machine model: Compulab TrimSlice board
@@ -97,7 +97,7 @@
     lowmem  : 0xc0000000 - 0xef800000   ( 760 MB)
     pkmap   : 0xbfe00000 - 0xc0000000   (   2 MB)
     modules : 0xbf000000 - 0xbfe00000   (  14 MB)
-      .text : 0xc0008000 - 0xc08c84ec   (8962 kB)
+      .text : 0xc0008000 - 0xc08c8518   (8962 kB)
       .init : 0xc08c9000 - 0xc0916000   ( 308 kB)
       .data : 0xc0916000 - 0xc0964020   ( 313 kB)
        .bss : 0xc0967000 - 0xc09bee14   ( 352 kB)
@@ -341,7 +341,7 @@
 hub 2-0:1.0: USB hub found
 hub 2-0:1.0: 1 port detected
 input: gpio-keys as /devices/soc0/gpio-keys/input/input0
-rtc-em3027 2-0056: setting system clock to 2014-12-25 20:33:39 UTC (1419539619)
+rtc-em3027 2-0056: setting system clock to 2014-12-26 11:35:39 UTC (1419593739)
 ALSA device list:
   #0: tegra-trimslice
 hub 1-1:1.0: USB hub found
Diff for ./tegra30-beaver/tegra30-beaver/multi_v7_defconfig_log.txt
--- /tmp/fooa	2015-05-31 19:38:45.402334583 -0700
+++ /tmp/foob	2015-05-31 19:38:45.402334583 -0700
@@ -37,21 +37,21 @@
 	 #################################################################
 	 #################################################################
 	 #################################################################
-	 #####################################
-	 3.3 MiB/s
+	 ######################################
+	 3.4 MiB/s
 done
-Bytes transferred = 6260232 (5f8608 hex)
+Bytes transferred = 6272264 (5fb508 hex)
 Tegra30 (Beaver) # tftpboot 0x82000000 tegra30-beaver.dtb
 Using asx0 device
 TFTP from server 192.168.100.1; our IP address is 192.168.100.101
 Filename 'tegra30-beaver.dtb'.
 Load address: 0x82000000
 Loading: *####
-	 3.3 MiB/s
+	 3.5 MiB/s
 done
 Bytes transferred = 51191 (c7f7 hex)
 Tegra30 (Beaver) # bootz 0x81000000 - 0x82000000
-Kernel image @ 0x81000000 [ 0x000000 - 0x5f8608 ]
+Kernel image @ 0x81000000 [ 0x000000 - 0x5fb508 ]
 ## Flattened Device Tree blob at 82000000
    Booting using the fdt blob at 0x82000000
    Loading Device Tree to 8fff0000, end 8ffff7f6 ... OK
@@ -59,7 +59,7 @@
 Starting kernel ...
 
 Booting Linux on physical CPU 0x0
-Linux version 4.1.0-rc5-13213-gba155e2 (pwalmsley@sellafield) (gcc version 4.7.3 20130328 (prerelease) (crosstool-NG linaro-1.13.1-4.7-2013.04-20130415 - Linaro GCC 2013.04) ) #1 SMP Sun May 24 18:33:23 PDT 2015
+Linux version 4.1.0-rc6-13413-gc65b99f (pwalmsley@sellafield) (gcc version 4.7.3 20130328 (prerelease) (crosstool-NG linaro-1.13.1-4.7-2013.04-20130415 - Linaro GCC 2013.04) ) #1 SMP Sun May 31 19:34:39 PDT 2015
 CPU: ARMv7 Processor [412fc099] revision 9 (ARMv7), cr=10c5387d
 CPU: PIPT / VIPT nonaliasing data cache, VIPT aliasing instruction cache
 Machine model: NVIDIA Tegra30 Beaver evaluation board
@@ -67,7 +67,7 @@
 cma: Reserved 64 MiB at 0xfb800000
 Memory policy: Data cache writealloc
 On node 0 totalpages: 524032
-free_area_init_node: node 0, pgdat c0f38680, node_mem_map ee7f8000
+free_area_init_node: node 0, pgdat c0f40780, node_mem_map ee7f8000
   DMA zone: 1520 pages used for memmap
   DMA zone: 0 pages reserved
   DMA zone: 194560 pages, LIFO batch:31
@@ -80,7 +80,7 @@
 PID hash table entries: 4096 (order: 2, 16384 bytes)
 Dentry cache hash table entries: 131072 (order: 7, 524288 bytes)
 Inode-cache hash table entries: 65536 (order: 6, 262144 bytes)
-Memory: 1999088K/2096128K available (7991K kernel code, 1025K rwdata, 3612K rodata, 880K init, 318K bss, 31504K reserved, 65536K cma-reserved, 1252352K highmem)
+Memory: 1999056K/2096128K available (8012K kernel code, 1025K rwdata, 3616K rodata, 884K init, 318K bss, 31536K reserved, 65536K cma-reserved, 1252352K highmem)
 Virtual kernel memory layout:
     vector  : 0xffff0000 - 0xffff1000   (   4 kB)
     fixmap  : 0xffc00000 - 0xfff00000   (3072 kB)
@@ -88,10 +88,10 @@
     lowmem  : 0xc0000000 - 0xef800000   ( 760 MB)
     pkmap   : 0xbfe00000 - 0xc0000000   (   2 MB)
     modules : 0xbf000000 - 0xbfe00000   (  14 MB)
-      .text : 0xc0208000 - 0xc0d5df48   (11608 kB)
-      .init : 0xc0d5e000 - 0xc0e3a000   ( 880 kB)
-      .data : 0xc0e3a000 - 0xc0f3a660   (1026 kB)
-       .bss : 0xc0f3d000 - 0xc0f8ca68   ( 319 kB)
+      .text : 0xc0208000 - 0xc0d64198   (11633 kB)
+      .init : 0xc0d65000 - 0xc0e42000   ( 884 kB)
+      .data : 0xc0e42000 - 0xc0f42760   (1026 kB)
+       .bss : 0xc0f45000 - 0xc0f94a68   ( 319 kB)
 SLUB: HWalign=64, Order=0-3, MinObjects=0, CPUs=4, Nodes=1
 Hierarchical RCU implementation.
 	Additional per-CPU info printed with stalls.
@@ -374,7 +374,7 @@
 EXT4-fs (mmcblk0p1): mounted filesystem with ordered data mode. Opts: (null)
 VFS: Mounted root (ext3 filesystem) on device 179:1.
 devtmpfs: mounted
-Freeing unused kernel memory: 880K (c0d5e000 - c0e3a000)
+Freeing unused kernel memory: 884K (c0d65000 - c0e42000)
 bash: cannot set terminal process group (-1): Inappropriate ioctl for device
 bash: no job control in this shell
-root@(none):/# [    4.213452] usb 2-1: new high-speed USB device number 2 using tegra-ehci
+root@(none):/# [    4.213428] usb 2-1: new high-speed USB device number 2 using tegra-ehci
Diff for ./tegra30-beaver/tegra30-beaver/tegra_defconfig_log.txt
--- /tmp/fooa	2015-05-31 19:38:45.410334576 -0700
+++ /tmp/foob	2015-05-31 19:38:45.410334576 -0700
@@ -37,9 +37,9 @@
 	 #################################################################
 	 #################################################################
 	 ########
-	 3.4 MiB/s
+	 3.5 MiB/s
 done
-Bytes transferred = 4884464 (4a87f0 hex)
+Bytes transferred = 4884368 (4a8790 hex)
 Tegra30 (Beaver) # tftpboot 0x82000000 tegra30-beaver.dtb
 Using asx0 device
 TFTP from server 192.168.100.1; our IP address is 192.168.100.101
@@ -50,7 +50,7 @@
 done
 Bytes transferred = 51191 (c7f7 hex)
 Tegra30 (Beaver) # bootz 0x81000000 - 0x82000000
-Kernel image @ 0x81000000 [ 0x000000 - 0x4a87f0 ]
+Kernel image @ 0x81000000 [ 0x000000 - 0x4a8790 ]
 ## Flattened Device Tree blob at 82000000
    Booting using the fdt blob at 0x82000000
    Loading Device Tree to 8fff0000, end 8ffff7f6 ... OK
@@ -61,7 +61,7 @@
 Booting Linux on physical CPU 0x0
 Initializing cgroup subsys cpu
 Initializing cgroup subsys cpuacct
-Linux version 4.1.0-rc5-13213-gba155e2 (pwalmsley@kaivo) (gcc version 4.7.3 20130328 (prerelease) (crosstool-NG linaro-1.13.1-4.7-2013.04-20130415 - Linaro GCC 2013.04) ) #1 SMP PREEMPT Sun May 24 18:33:34 PDT 2015
+Linux version 4.1.0-rc6-13413-gc65b99f (pwalmsley@kaivo) (gcc version 4.7.3 20130328 (prerelease) (crosstool-NG linaro-1.13.1-4.7-2013.04-20130415 - Linaro GCC 2013.04) ) #1 SMP PREEMPT Sun May 31 19:34:45 PDT 2015
 CPU: ARMv7 Processor [412fc099] revision 9 (ARMv7), cr=10c5387d
 CPU: PIPT / VIPT nonaliasing data cache, VIPT aliasing instruction cache
 Machine model: NVIDIA Tegra30 Beaver evaluation board
@@ -90,7 +90,7 @@
     lowmem  : 0xc0000000 - 0xef800000   ( 760 MB)
     pkmap   : 0xbfe00000 - 0xc0000000   (   2 MB)
     modules : 0xbf000000 - 0xbfe00000   (  14 MB)
-      .text : 0xc0008000 - 0xc08c84ec   (8962 kB)
+      .text : 0xc0008000 - 0xc08c8518   (8962 kB)
       .init : 0xc08c9000 - 0xc0916000   ( 308 kB)
       .data : 0xc0916000 - 0xc0964020   ( 313 kB)
        .bss : 0xc0967000 - 0xc09bee14   ( 352 kB)
@@ -370,4 +370,4 @@
 Freeing unused kernel memory: 308K (c08c9000 - c0916000)
 bash: cannot set terminal process group (-1): Inappropriate ioctl for device
 bash: no job control in this shell
-root@(none):/# [    4.466224] usb 2-1: new high-speed USB device number 2 using tegra-ehci
+root@(none):/# [    4.466218] usb 2-1: new high-speed USB device number 2 using tegra-ehci
