
U-Boot SPL 2014.07-00097-g772e173 (Jul 25 2014 - 20:02:52)


U-Boot 2014.07-00097-g772e173 (Jul 25 2014 - 20:02:52)

TEGRA124
Board: NVIDIA Jetson TK1
I2C:   ready
DRAM:  2 GiB
MMC:   Tegra SD/MMC: 0, Tegra SD/MMC: 1
In:    serial
Out:   serial
Err:   serial
Net:   Net Initialization Skipped
No ethernet found.
Hit any key to stop autoboot:  2  0 
Tegra124 (Jetson TK1) # 
Tegra124 (Jetson TK1) # usb reset
(Re)start USB...
USB0:   USB EHCI 1.10
scanning bus 0 for devices... 1 USB Device(s) found
USB1:   USB EHCI 1.10
scanning bus 1 for devices... 2 USB Device(s) found
       scanning usb for storage devices... 0 Storage Device(s) found
       scanning usb for ethernet devices... 
Warning: asx0 using MAC address from net device
1 Ethernet Device(s) found
Tegra124 (Jetson TK1) # setenv bootargs 'ignore_loglevel console=ttyS0,115200n8 rw root=/dev/mmcblk0p1 rootwait gpt debug init=/bin/bash noinitrd'
Tegra124 (Jetson TK1) # setenv ipaddr 192.168.100.102; setenv serverip 192.168.100.1; setenv tftpserverip 192.168.100.1
Tegra124 (Jetson TK1) # tftpboot 0x81000000 zImage.multi_v7_defconfig
Waiting for Ethernet connection... done.
Using asx0 device
TFTP from server 192.168.100.1; our IP address is 192.168.100.102
Filename 'zImage.multi_v7_defconfig'.
Load address: 0x81000000
Loading: *#################################################################
	 #################################################################
	 #################################################################
	 #################################################################
	 #################################################################
	 #################################################################
	 ######################################
	 3.2 MiB/s
done
Bytes transferred = 6273352 (5fb948 hex)
Tegra124 (Jetson TK1) # tftpboot 0x82000000 tegra124-jetson-tk1.dtb
Using asx0 device
TFTP from server 192.168.100.1; our IP address is 192.168.100.102
Filename 'tegra124-jetson-tk1.dtb'.
Load address: 0x82000000
Loading: *#####
	 2.9 MiB/s
done
Bytes transferred = 63003 (f61b hex)
Tegra124 (Jetson TK1) # bootz 0x81000000 - 0x82000000
Kernel image @ 0x81000000 [ 0x000000 - 0x5fb948 ]
## Flattened Device Tree blob at 82000000
   Booting using the fdt blob at 0x82000000
   Using Device Tree in place at 82000000, end 8201261a

Starting kernel ...

[    0.000000] Booting Linux on physical CPU 0x0
[    0.000000] Linux version 4.1.0-rc7-13577-gd4a4f75 (pwalmsley@sellafield) (gcc version 4.7.3 20130328 (prerelease) (crosstool-NG linaro-1.13.1-4.7-2013.04-20130415 - Linaro GCC 2013.04) ) #1 SMP Sun Jun 7 20:33:23 PDT 2015
[    0.000000] CPU: ARMv7 Processor [413fc0f3] revision 3 (ARMv7), cr=10c5387d
[    0.000000] CPU: PIPT / VIPT nonaliasing data cache, PIPT instruction cache
[    0.000000] Machine model: NVIDIA Tegra124 Jetson TK1
[    0.000000] debug: ignoring loglevel setting.
[    0.000000] cma: Reserved 64 MiB at 0xfb800000
[    0.000000] Memory policy: Data cache writealloc
[    0.000000] On node 0 totalpages: 524032
[    0.000000] free_area_init_node: node 0, pgdat c0f40780, node_mem_map ee7f8000
[    0.000000]   DMA zone: 1520 pages used for memmap
[    0.000000]   DMA zone: 0 pages reserved
[    0.000000]   DMA zone: 194560 pages, LIFO batch:31
[    0.000000]   HighMem zone: 329472 pages, LIFO batch:31
[    0.000000] PERCPU: Embedded 12 pages/cpu @ee790000 s16960 r8192 d24000 u49152
[    0.000000] pcpu-alloc: s16960 r8192 d24000 u49152 alloc=12*4096
[    0.000000] pcpu-alloc: [0] 0 [0] 1 [0] 2 [0] 3 
[    0.000000] Built 1 zonelists in Zone order, mobility grouping on.  Total pages: 522512
[    0.000000] Kernel command line: ignore_loglevel console=ttyS0,115200n8 rw root=/dev/mmcblk0p1 rootwait gpt debug init=/bin/bash noinitrd
[    0.000000] PID hash table entries: 4096 (order: 2, 16384 bytes)
[    0.000000] Dentry cache hash table entries: 131072 (order: 7, 524288 bytes)
[    0.000000] Inode-cache hash table entries: 65536 (order: 6, 262144 bytes)
[    0.000000] Memory: 1999032K/2096128K available (8012K kernel code, 1025K rwdata, 3616K rodata, 884K init, 318K bss, 31560K reserved, 65536K cma-reserved, 1252352K highmem)
[    0.000000] Virtual kernel memory layout:
[    0.000000]     vector  : 0xffff0000 - 0xffff1000   (   4 kB)
[    0.000000]     fixmap  : 0xffc00000 - 0xfff00000   (3072 kB)
[    0.000000]     vmalloc : 0xf0000000 - 0xff000000   ( 240 MB)
[    0.000000]     lowmem  : 0xc0000000 - 0xef800000   ( 760 MB)
[    0.000000]     pkmap   : 0xbfe00000 - 0xc0000000   (   2 MB)
[    0.000000]     modules : 0xbf000000 - 0xbfe00000   (  14 MB)
[    0.000000]       .text : 0xc0208000 - 0xc0d64198   (11633 kB)
[    0.000000]       .init : 0xc0d65000 - 0xc0e42000   ( 884 kB)
[    0.000000]       .data : 0xc0e42000 - 0xc0f42760   (1026 kB)
[    0.000000]        .bss : 0xc0f45000 - 0xc0f94a68   ( 319 kB)
[    0.000000] SLUB: HWalign=64, Order=0-3, MinObjects=0, CPUs=4, Nodes=1
[    0.000000] Hierarchical RCU implementation.
[    0.000000] 	Additional per-CPU info printed with stalls.
[    0.000000] 	RCU restricting CPUs from NR_CPUS=16 to nr_cpu_ids=4.
[    0.000000] RCU: Adjusting geometry for rcu_fanout_leaf=16, nr_cpu_ids=4
[    0.000000] NR_IRQS:16 nr_irqs:16 16
[    0.000000] /interrupt-controller@60004000: 160 interrupts forwarded to /interrupt-controller@0,50041000
[    0.000000] L2C: failed to init: -19
[    0.000009] sched_clock: 32 bits at 1000kHz, resolution 1000ns, wraps every 2147483647500ns
[    0.000026] clocksource timer_us: mask: 0xffffffff max_cycles: 0xffffffff, max_idle_ns: 1911260446275 ns
[    0.000040] Switching to timer-based delay loop, resolution 1000ns
[    0.004346] Architected cp15 timer(s) running at 12.00MHz (virt).
[    0.004362] clocksource arch_sys_counter: mask: 0xffffffffffffff max_cycles: 0x2c47f4ee7, max_idle_ns: 440795202497 ns
[    0.004379] sched_clock: 56 bits at 12MHz, resolution 83ns, wraps every 4398046511096ns
[    0.004391] Switching to timer-based delay loop, resolution 83ns
[    0.004780] Console: colour dummy device 80x30
[    0.004803] Calibrating delay loop (skipped), value calculated using timer frequency.. 24.00 BogoMIPS (lpj=60000)
[    0.004817] pid_max: default: 32768 minimum: 301
[    0.004930] Mount-cache hash table entries: 2048 (order: 1, 8192 bytes)
[    0.004941] Mountpoint-cache hash table entries: 2048 (order: 1, 8192 bytes)
[    0.005530] CPU: Testing write buffer coherency: ok
[    0.005739] /cpus/cpu@0 missing clock-frequency property
[    0.005778] /cpus/cpu@1 missing clock-frequency property
[    0.005816] /cpus/cpu@2 missing clock-frequency property
[    0.005854] /cpus/cpu@3 missing clock-frequency property
[    0.005865] CPU0: thread -1, cpu 0, socket 0, mpidr 80000000
[    0.005911] Setting up static identity map for 0x80209000 - 0x80209098
[    0.008717] Tegra Revision: A01 SKU: 129 CPU Process: 1 Core Process: 1
[    0.009878] CPU1: thread -1, cpu 1, socket 0, mpidr 80000001
[    0.010384] CPU2: thread -1, cpu 2, socket 0, mpidr 80000002
[    0.010881] CPU3: thread -1, cpu 3, socket 0, mpidr 80000003
[    0.010942] Brought up 4 CPUs
[    0.010962] SMP: Total of 4 processors activated (96.00 BogoMIPS).
[    0.010969] CPU: All CPU(s) started in SVC mode.
[    0.011485] devtmpfs: initialized
[    0.030350] VFP support v0.3: implementor 41 architecture 4 part 30 variant f rev 0
[    0.030868] clocksource jiffies: mask: 0xffffffff max_cycles: 0xffffffff, max_idle_ns: 9556302231375000 ns
[    0.032508] pinctrl core: initialized pinctrl subsystem
[    0.034048] NET: Registered protocol family 16
[    0.036044] DMA: preallocated 256 KiB pool for atomic coherent allocations
[    0.049217] cpuidle: using governor ladder
[    0.064233] cpuidle: using governor menu
[    0.080521] No ATAGs?
[    0.080557] hw-breakpoint: found 5 (+1 reserved) breakpoint and 4 watchpoint registers.
[    0.080567] hw-breakpoint: maximum watchpoint size is 8 bytes.
[    0.085009] Serial: AMBA PL011 UART driver
[    0.114420] +USB0_VBUS_SW: Failed to request enable GPIO108: -517
[    0.114543] reg-fixed-voltage regulators:regulator@7: Failed to register regulator: -517
[    0.114780] +5V_USB_HS: Failed to request enable GPIO109: -517
[    0.114892] reg-fixed-voltage regulators:regulator@8: Failed to register regulator: -517
[    0.115175] +1.05V_RUN_AVDD_HDMI_PLL: Failed to request enable GPIO63: -517
[    0.115286] reg-fixed-voltage regulators:regulator@11: Failed to register regulator: -517
[    0.115496] +5V_HDMI_CON: Failed to request enable GPIO86: -517
[    0.115607] reg-fixed-voltage regulators:regulator@12: Failed to register regulator: -517
[    0.115816] +5V_SATA: Failed to request enable GPIO242: -517
[    0.115925] reg-fixed-voltage regulators:regulator@13: Failed to register regulator: -517
[    0.116133] +12V_SATA: Failed to request enable GPIO242: -517
[    0.116242] reg-fixed-voltage regulators:regulator@14: Failed to register regulator: -517
[    0.119097] vgaarb: loaded
[    0.119811] SCSI subsystem initialized
[    0.119999] libata version 3.00 loaded.
[    0.120320] usbcore: registered new interface driver usbfs
[    0.120385] usbcore: registered new interface driver hub
[    0.120456] usbcore: registered new device driver usb
[    0.123918] media: Linux media interface: v0.10
[    0.123985] Linux video capture interface: v2.00
[    0.124036] pps_core: LinuxPPS API ver. 1 registered
[    0.124044] pps_core: Software ver. 5.3.6 - Copyright 2005-2007 Rodolfo Giometti <giometti@linux.it>
[    0.124077] PTP clock support registered
[    0.124318] EDAC MC: Ver: 3.0.0
[    0.125542] Advanced Linux Sound Architecture Driver Initialized.
[    0.126605] Switched to clocksource arch_sys_counter
[    0.136999] NET: Registered protocol family 2
[    0.137592] TCP established hash table entries: 8192 (order: 3, 32768 bytes)
[    0.137683] TCP bind hash table entries: 8192 (order: 4, 65536 bytes)
[    0.137869] TCP: Hash tables configured (established 8192 bind 8192)
[    0.137920] UDP hash table entries: 512 (order: 2, 16384 bytes)
[    0.137962] UDP-Lite hash table entries: 512 (order: 2, 16384 bytes)
[    0.138133] NET: Registered protocol family 1
[    0.138375] RPC: Registered named UNIX socket transport module.
[    0.138385] RPC: Registered udp transport module.
[    0.138392] RPC: Registered tcp transport module.
[    0.138400] RPC: Registered tcp NFSv4.1 backchannel transport module.
[    0.138417] PCI: CLS 0 bytes, default 64
[    0.140727] futex hash table entries: 1024 (order: 4, 65536 bytes)
[    0.152804] squashfs: version 4.0 (2009/01/31) Phillip Lougher
[    0.153756] NFS: Registering the id_resolver key type
[    0.153787] Key type id_resolver registered
[    0.153795] Key type id_legacy registered
[    0.153860] ntfs: driver 2.1.32 [Flags: R/O].
[    0.155021] bounce: pool size: 64 pages
[    0.155248] Block layer SCSI generic (bsg) driver version 0.4 loaded (major 248)
[    0.155265] io scheduler noop registered
[    0.155280] io scheduler deadline registered
[    0.155493] io scheduler cfq registered (default)
[    0.171845] tegra-pcie 1003000.pcie-controller: 2x1, 1x1 configuration
[    0.171895] tegra-pcie 1003000.pcie-controller: Failed to get supply 'avddio-pex': -517
[    0.178574] tegra-apbdma 60020000.dma: Tegra20 APB DMA driver register 32 channels
[    0.179294] tegra-pmc 7000e400.pmc: emergency thermal reset enabled
[    0.237348] Serial: 8250/16550 driver, 4 ports, IRQ sharing disabled
[    0.239546] SuperH (H)SCI(F) driver initialized
[    0.240294] msm_serial: driver initialized
[    0.241144] console [ttyS0] disabled
[    0.241178] 70006300.serial: ttyS0 at MMIO 0x70006300 (irq = 331, base_baud = 25500000) is a Tegra
[    1.065327] console [ttyS0] enabled
[    1.069673] STMicroelectronics ASC driver initialized
[    1.076890] [drm] Initialized drm 1.1.0 20060810
[    1.083395] tegra-hdmi 54280000.hdmi: failed to get HDMI regulator
[    1.096742] loop: module loaded
[    1.100171] at24 0-0056: 256 byte 24c02 EEPROM, writable, 8 bytes/write
[    1.108133] as3722 4-0040: AS3722 with revision 0x1 found
[    1.131086] +5V_SYS: supplied by +VDD_MUX
[    1.135153] +1.05V_RUN: supplied by +5V_SYS
[    1.139444] tegra-ahci 70027000.sata: Failed to get supply 'hvdd': -517
[    1.146116] tegra-ahci 70027000.sata: Failed to get regulators
[    1.156058] m25p80 spi32765.0: w25q32dw (4096 Kbytes)
[    1.164454] CAN device driver interface
[    1.169560] igb: Intel(R) Gigabit Ethernet Network Driver - version 5.2.15-k
[    1.176611] igb: Copyright (c) 2007-2014 Intel Corporation.
[    1.184382] pegasus: v0.9.3 (2013/04/25), Pegasus/Pegasus II USB Ethernet driver
[    1.191832] usbcore: registered new interface driver pegasus
[    1.197565] usbcore: registered new interface driver asix
[    1.203017] usbcore: registered new interface driver ax88179_178a
[    1.209164] usbcore: registered new interface driver cdc_ether
[    1.215071] usbcore: registered new interface driver smsc75xx
[    1.220895] usbcore: registered new interface driver smsc95xx
[    1.226701] usbcore: registered new interface driver net1080
[    1.232421] usbcore: registered new interface driver cdc_subset
[    1.238394] usbcore: registered new interface driver zaurus
[    1.244056] usbcore: registered new interface driver cdc_ncm
[    1.249969] tegra-phy 7d004000.usb-phy: no vbus regulator
[    1.257440] ehci_hcd: USB 2.0 'Enhanced' Host Controller (EHCI) Driver
[    1.263975] ehci-pci: EHCI PCI platform driver
[    1.268485] ehci-platform: EHCI generic platform driver
[    1.273930] ehci-omap: OMAP-EHCI Host Controller driver
[    1.279302] ehci-orion: EHCI orion driver
[    1.283462] SPEAr-ehci: EHCI SPEAr driver
[    1.287624] ehci-st: EHCI STMicroelectronics driver
[    1.292652] ehci-exynos: EHCI EXYNOS driver
[    1.297010] tegra-ehci: Tegra EHCI driver
[    1.301335] tegra-ehci 7d004000.usb: EHCI Host Controller
[    1.306760] tegra-ehci 7d004000.usb: new USB bus registered, assigned bus number 1
[    1.314507] tegra-ehci 7d004000.usb: irq 346, io mem 0x7d004000
[    1.326628] tegra-ehci 7d004000.usb: USB 2.0 started, EHCI 1.10
[    1.333386] hub 1-0:1.0: USB hub found
[    1.337199] hub 1-0:1.0: 1 port detected
[    1.341816] ohci_hcd: USB 1.1 'Open' Host Controller (OHCI) Driver
[    1.348028] ohci-pci: OHCI PCI platform driver
[    1.352543] ohci-platform: OHCI generic platform driver
[    1.357958] ohci-omap3: OHCI OMAP3 driver
[    1.362129] SPEAr-ohci: OHCI SPEAr driver
[    1.366283] ohci-st: OHCI STMicroelectronics driver
[    1.371411] usbcore: registered new interface driver usb-storage
[    1.378998] mousedev: PS/2 mouse device common for all mice
[    1.388425] as3722-rtc as3722-rtc: rtc core: registered as3722-rtc as rtc0
[    1.395314] as3722-rtc as3722-rtc: RTC interrupt 365
[    1.403527] tegra_rtc 7000e000.rtc: rtc core: registered 7000e000.rtc as rtc1
[    1.410707] tegra_rtc 7000e000.rtc: Tegra internal Real Time Clock
[    1.417486] i2c /dev entries driver
[    1.423927] usbcore: registered new interface driver uvcvideo
[    1.429687] USB Video Class driver (1.1.1)
[    1.433799] gspca_main: v2.14.0 registered
[    1.439405] 0-004c supply vcc not found, using dummy regulator
[    1.450026] sdhci: Secure Digital Host Controller Interface driver
[    1.456219] sdhci: Copyright(c) Pierre Ossman
[    1.462023] Synopsys Designware Multimedia Card Interface Driver
[    1.469129] sdhci-pltfm: SDHCI platform and OF driver helper
[    1.475472] sdhci-tegra 700b0400.sdhci: Got CD GPIO
[    1.480375] sdhci-tegra 700b0400.sdhci: Got WP GPIO
[    1.485307] mmc0: Unknown controller version (3). You may experience problems.
[    1.492626] as3722-regulator as3722-regulator: Failed to resolve vin-ldo1-6-supply for as3722-ldo6
[    1.501598] sdhci-tegra 700b0400.sdhci: No vmmc regulator found
[    1.507676] mmc0: Unknown controller version (3). You may experience problems.
[    1.514965] sdhci-tegra 700b0600.sdhci: No vmmc regulator found
[    1.520905] sdhci-tegra 700b0600.sdhci: No vqmmc regulator found
[    1.526920] mmc0: Invalid maximum block size, assuming 512 bytes
[    1.566624] mmc0: SDHCI controller on 700b0600.sdhci [700b0600.sdhci] using ADMA 64-bit
[    1.575734] ledtrig-cpu: registered to indicate activity on CPUs
[    1.581984] usbcore: registered new interface driver usbhid
[    1.587565] usbhid: USB HID core driver
[    1.594908] usbcore: registered new interface driver snd-usb-audio
[    1.640566] mmc0: MAN_BKOPS_EN bit is not set
[    1.648145] mmc0: new high speed MMC card at address 0001
[    1.653929] mmcblk0: mmc0:0001 SEM16G 14.6 GiB 
[    1.658581] mmcblk0boot0: mmc0:0001 SEM16G partition 1 4.00 MiB
[    1.664613] mmcblk0boot1: mmc0:0001 SEM16G partition 2 4.00 MiB
[    1.670646] mmcblk0rpmb: mmc0:0001 SEM16G partition 3 4.00 MiB
[    1.678449] Primary GPT is invalid, using alternate GPT.
[    1.683800]  mmcblk0: p1 p2 p3 p4 p5 p6 p7 p8 p9
[    2.019586] tegra30-i2s 70301100.i2s: DMA channels sourced from device 70300000.ahub
[    2.036066] tegra-snd-rt5640 sound: rt5640-aif1 <-> 70301100.i2s mapping ok
[    2.045851] input: NVIDIA Tegra Jetson TK1 Headphones as /devices/soc0/sound/sound/card0/input0
[    2.055993] NET: Registered protocol family 17
[    2.060473] can: controller area network core (rev 20120528 abi 9)
[    2.066727] NET: Registered protocol family 29
[    2.071174] can: raw protocol (rev 20120528)
[    2.075463] can: broadcast manager protocol (rev 20120528 t)
[    2.081141] can: netlink gateway (rev 20130117) max_hops=1
[    2.087022] Key type dns_resolver registered
[    2.091910] ThumbEE CPU extension supported.
[    2.096188] Registering SWP/SWPB emulation handler
[    2.106832] tegra-pcie 1003000.pcie-controller: 2x1, 1x1 configuration
[    2.113682] +3.3V_SYS: supplied by +VDD_MUX
[    2.117951] +3.3V_LP0: supplied by +3.3V_SYS
[    2.122604] +1.35V_LP0(sd2): supplied by +5V_SYS
[    2.127333] +1.05V_RUN_AVDD: supplied by +1.35V_LP0(sd2)
[    2.134135] tegra-pcie 1003000.pcie-controller: probing port 0, using 2 lanes
[    2.143378] tegra-pcie 1003000.pcie-controller: Slot present pin change, signature: 00000008
[    2.570772] tegra-pcie 1003000.pcie-controller: link 0 down, retrying
[    2.998897] tegra-pcie 1003000.pcie-controller: link 0 down, retrying
[    3.427033] tegra-pcie 1003000.pcie-controller: link 0 down, retrying
[    3.435605] tegra-pcie 1003000.pcie-controller: link 0 down, ignoring
[    3.442095] tegra-pcie 1003000.pcie-controller: probing port 1, using 1 lanes
[    3.451344] tegra-pcie 1003000.pcie-controller: Slot present pin change, signature: 00000000
[    3.879019] tegra-pcie 1003000.pcie-controller: link 1 down, retrying
[    4.306977] tegra-pcie 1003000.pcie-controller: link 1 down, retrying
[    4.734809] tegra-pcie 1003000.pcie-controller: link 1 down, retrying
[    4.743400] tegra-pcie 1003000.pcie-controller: link 1 down, ignoring
[    4.750100] tegra-pcie 1003000.pcie-controller: PCI host bridge to bus 0000:00
[    4.757335] pci_bus 0000:00: root bus resource [mem 0x13000000-0x1fffffff]
[    4.764217] pci_bus 0000:00: root bus resource [mem 0x20000000-0x3fffffff pref]
[    4.771535] pci_bus 0000:00: root bus resource [bus 00-ff]
[    4.777030] pci_bus 0000:00: root bus resource [io  0x1000-0xffff]
[    4.783242] PCI: bus0: Fast back to back transfers enabled
[    4.789491] +5V_HDMI_CON: supplied by +5V_SYS
[    4.793965] +1.05V_RUN_AVDD_HDMI_PLL: supplied by +1.05V_RUN
[    4.799760] +3.3V_RUN: supplied by +3.3V_SYS
[    4.804075] +3.3V_AVDD_HDMI_AP_GATED: supplied by +3.3V_RUN
[    4.811697] [drm] Supports vblank timestamp caching Rev 2 (21.10.2013).
[    4.818363] [drm] No driver support for vblank timestamp query.
[    4.922749] tegra-hdmi 54280000.hdmi: cannot set audio to 44100 at 297000000 pclk
[    5.033430] Console: switching to colour frame buffer device 512x135
[    5.128429] drm drm: fb0:  frame buffer device
[    5.132913] drm drm: registered panic notifier
[    5.151777] [drm] Initialized tegra 0.0.0 20120330 on minor 0
[    5.158650] +5V_SATA: supplied by +5V_SYS
[    5.162790] +12V_SATA: supplied by +VDD_MUX
[    5.167363] tegra-ahci 70027000.sata: AHCI 0001.0301 32 slots 2 ports 3 Gbps 0x1 impl platform mode
[    5.176438] tegra-ahci 70027000.sata: flags: 64bit ncq sntf pm led pio slum part sadm sds apst 
[    5.187419] scsi host0: tegra-ahci
[    5.192034] scsi host1: tegra-ahci
[    5.195755] ata1: SATA max UDMA/133 mmio [mem 0x70027000-0x70028fff] port 0x100 irq 341
[    5.203789] ata2: DUMMY
[    5.207553] +5V_USB_HS: supplied by +5V_SYS
[    5.213099] tegra-ehci 7d008000.usb: EHCI Host Controller
[    5.218556] tegra-ehci 7d008000.usb: new USB bus registered, assigned bus number 2
[    5.226324] tegra-ehci 7d008000.usb: irq 347, io mem 0x7d008000
[    5.241758] tegra-ehci 7d008000.usb: USB 2.0 started, EHCI 1.10
[    5.248562] hub 2-0:1.0: USB hub found
[    5.252379] hub 2-0:1.0: 1 port detected
[    5.257733] sdhci-tegra 700b0400.sdhci: Got CD GPIO
[    5.262688] sdhci-tegra 700b0400.sdhci: Got WP GPIO
[    5.267681] mmc1: Unknown controller version (3). You may experience problems.
[    5.275076] +VDDIO_SDMMC3: supplied by +3.3V_RUN
[    5.279830] sdhci-tegra 700b0400.sdhci: No vmmc regulator found
[    5.285812] mmc1: Invalid maximum block size, assuming 512 bytes
[    5.327187] mmc1: SDHCI controller on 700b0400.sdhci [700b0400.sdhci] using ADMA 64-bit
[    5.336345] input: gpio-keys as /devices/soc0/gpio-keys/input/input1
[    5.343863] as3722-rtc as3722-rtc: setting system clock to 2000-02-01 00:00:19 UTC (949363219)
[    5.363931] +USB0_VBUS_SW: disabling
[    5.367528] +1.8V_RUN_VPP_FUSE: disabling
[    5.371937] +2.8V_RUN_CAM_AF: disabling
[    5.376116] +3.3V_RUN_TOUCH: disabling
[    5.380019] +1.05V_RUN_CAM_REAR: disabling
[    5.384258] +1.2V_RUN_CAM_FRONT: disabling
[    5.388479] +2.8V_RUN_CAM: disabling
[    5.392184] +1.8V_RUN_CAM: disabling
[    5.396209] ALSA device list:
[    5.399188]   #0: NVIDIA Tegra Jetson TK1
[    5.531781] ata1: SATA link down (SStatus 0 SControl 300)
[    5.538148] EXT4-fs (mmcblk0p1): couldn't mount as ext3 due to feature incompatibilities
[    5.546976] EXT4-fs (mmcblk0p1): couldn't mount as ext2 due to feature incompatibilities
[    5.561744] usb 2-1: new high-speed USB device number 2 using tegra-ehci
[    5.562429] EXT4-fs (mmcblk0p1): recovery complete
[    5.562446] EXT4-fs (mmcblk0p1): mounted filesystem with ordered data mode. Opts: (null)
[    5.562487] VFS: Mounted root (ext4 filesystem) on device 179:1.
[    5.566786] devtmpfs: mounted
[    5.567547] Freeing unused kernel memory: 884K (c0d65000 - c0e42000)
bash: cannot set terminal process group (-1): Inappropriate ioctl for device
bash: no job control in this shell
root@(none):/# 