[    0.000000] Booting Linux on physical CPU 0x0
[    0.000000] Linux version 4.13.0-187049-g569dbb8 (jonathanh@kaivo) (gcc version 4.9.2 20140904 (prerelease) (crosstool-NG linaro-1.13.1-4.9-2014.09 - Linaro GCC 4.9-2014.09)) #1 SMP PREEMPT Sun Sep 3 14:10:21 PDT 2017
[    0.000000] Boot CPU: AArch64 Processor [411fd070]
[    0.000000] Machine model: linux,dummy-virt
[    0.000000] Memory limited to 1024MB
[    0.000000] efi: Getting EFI parameters from FDT:
[    0.000000] efi: UEFI not found.
[    0.000000] cma: Reserved 16 MiB at 0x000000007f000000
[    0.000000] NUMA: No NUMA configuration found
[    0.000000] NUMA: Faking a node at [mem 0x0000000000000000-0x000000007fffffff]
[    0.000000] NUMA: NODE_DATA [mem 0x7efe8d80-0x7efea87f]
[    0.000000] Zone ranges:
[    0.000000]   DMA      [mem 0x0000000040000000-0x000000007fffffff]
[    0.000000]   Normal   empty
[    0.000000] Movable zone start for each node
[    0.000000] Early memory node ranges
[    0.000000]   node   0: [mem 0x0000000040000000-0x000000007fffffff]
[    0.000000] Initmem setup node 0 [mem 0x0000000040000000-0x000000007fffffff]
[    0.000000] psci: probing for conduit method from DT.
[    0.000000] psci: PSCIv0.2 detected in firmware.
[    0.000000] psci: Using standard PSCI v0.2 function IDs
[    0.000000] psci: Trusted OS migration not required
[    0.000000] percpu: Embedded 26 pages/cpu @ffff80003efcb000 s67456 r8192 d30848 u106496
[    0.000000] Detected PIPT I-cache on CPU0
[    0.000000] CPU features: enabling workaround for ARM erratum 832075
[    0.000000] CPU features: enabling workaround for ARM erratum 834220
[    0.000000] Built 1 zonelists in Node order, mobility grouping on.  Total pages: 258048
[    0.000000] Policy zone: DMA
[    0.000000] Kernel command line: root=/dev/vda2 rw rootwait mem=1024M console=ttyAMA0,38400n8 init=/bin/bash
[    0.000000] PID hash table entries: 4096 (order: 3, 32768 bytes)
[    0.000000] Memory: 999292K/1048576K available (9084K kernel code, 1128K rwdata, 4448K rodata, 1088K init, 403K bss, 32900K reserved, 16384K cma-reserved)
[    0.000000] Virtual kernel memory layout:
[    0.000000]     modules : 0xffff000000000000 - 0xffff000008000000   (   128 MB)
[    0.000000]     vmalloc : 0xffff000008000000 - 0xffff7dffbfff0000   (129022 GB)
[    0.000000]       .text : 0xffff000008080000 - 0xffff000008960000   (  9088 KB)
[    0.000000]     .rodata : 0xffff000008960000 - 0xffff000008dc0000   (  4480 KB)
[    0.000000]       .init : 0xffff000008dc0000 - 0xffff000008ed0000   (  1088 KB)
[    0.000000]       .data : 0xffff000008ed0000 - 0xffff000008fea200   (  1129 KB)
[    0.000000]        .bss : 0xffff000008fea200 - 0xffff00000904f070   (   404 KB)
[    0.000000]     fixed   : 0xffff7dfffe7fd000 - 0xffff7dfffec00000   (  4108 KB)
[    0.000000]     PCI I/O : 0xffff7dfffee00000 - 0xffff7dffffe00000   (    16 MB)
[    0.000000]     vmemmap : 0xffff7e0000000000 - 0xffff800000000000   (  2048 GB maximum)
[    0.000000]               0xffff7e0000000000 - 0xffff7e0001000000   (    16 MB actual)
[    0.000000]     memory  : 0xffff800000000000 - 0xffff800040000000   (  1024 MB)
[    0.000000] SLUB: HWalign=64, Order=0-3, MinObjects=0, CPUs=1, Nodes=1
[    0.000000] Preemptible hierarchical RCU implementation.
[    0.000000] 	RCU restricting CPUs from NR_CPUS=64 to nr_cpu_ids=1.
[    0.000000] RCU: Adjusting geometry for rcu_fanout_leaf=16, nr_cpu_ids=1
[    0.000000] NR_IRQS: 64, nr_irqs: 64, preallocated irqs: 0
[    0.000000] GICv2m: range[mem 0x08020000-0x08020fff], SPI[80:143]
[    0.000000] arch_timer: cp15 timer(s) running at 62.50MHz (virt).
[    0.000000] clocksource: arch_sys_counter: mask: 0xffffffffffffff max_cycles: 0x1cd42e208c, max_idle_ns: 881590405314 ns
[    0.000198] sched_clock: 56 bits at 62MHz, resolution 16ns, wraps every 4398046511096ns
[    0.008221] Console: colour dummy device 80x25
[    0.009873] Calibrating delay loop (skipped), value calculated using timer frequency.. 125.00 BogoMIPS (lpj=250000)
[    0.010083] pid_max: default: 32768 minimum: 301
[    0.011494] Security Framework initialized
[    0.014840] Dentry cache hash table entries: 131072 (order: 8, 1048576 bytes)
[    0.016163] Inode-cache hash table entries: 65536 (order: 7, 524288 bytes)
[    0.016420] Mount-cache hash table entries: 2048 (order: 2, 16384 bytes)
[    0.016555] Mountpoint-cache hash table entries: 2048 (order: 2, 16384 bytes)
[    0.063479] ASID allocator initialised with 65536 entries
[    0.071075] Hierarchical SRCU implementation.
[    0.084749] EFI services will not be available.
[    0.092499] smp: Bringing up secondary CPUs ...
[    0.092629] smp: Brought up 1 node, 1 CPU
[    0.092679] SMP: Total of 1 processors activated.
[    0.092813] CPU features: detected feature: 32-bit EL0 Support
[    0.094225] CPU: All CPU(s) started at EL1
[    0.094991] alternatives: patching kernel code
[    0.115523] devtmpfs: initialized
[    0.134569] clocksource: jiffies: mask: 0xffffffff max_cycles: 0xffffffff, max_idle_ns: 7645041785100000 ns
[    0.134830] futex hash table entries: 256 (order: 3, 32768 bytes)
[    0.139301] pinctrl core: initialized pinctrl subsystem
[    0.159415] random: fast init done
[    0.175541] DMI not present or invalid.
[    0.184010] NET: Registered protocol family 16
[    0.219062] cpuidle: using governor menu
[    0.221869] vdso: 2 pages (1 code @ ffff000008966000, 1 data @ ffff000008ed5000)
[    0.222176] hw-breakpoint: found 6 breakpoint and 4 watchpoint registers.
[    0.232817] DMA: preallocated 256 KiB pool for atomic allocations
[    0.239246] Serial: AMBA PL011 UART driver
[    0.315442] 9000000.pl011: ttyAMA0 at MMIO 0x9000000 (irq = 39, base_baud = 0) is a PL011 rev1
[    0.342432] console [ttyAMA0] enabled
[    0.559232] HugeTLB registered 2.00 MiB page size, pre-allocated 0 pages
[    0.575401] ACPI: Interpreter disabled.
[    0.587929] vgaarb: loaded
[    0.592282] SCSI subsystem initialized
[    0.601916] usbcore: registered new interface driver usbfs
[    0.604115] usbcore: registered new interface driver hub
[    0.604998] usbcore: registered new device driver usb
[    0.614448] pps_core: LinuxPPS API ver. 1 registered
[    0.614754] pps_core: Software ver. 5.3.6 - Copyright 2005-2007 Rodolfo Giometti <giometti@linux.it>
[    0.617017] PTP clock support registered
[    0.619259] EDAC MC: Ver: 3.0.0
[    0.625939] dmi: Firmware registration failed.
[    0.630195] Advanced Linux Sound Architecture Driver Initialized.
[    0.650698] clocksource: Switched to clocksource arch_sys_counter
[    0.652187] VFS: Disk quotas dquot_6.6.0
[    0.652717] VFS: Dquot-cache hash table entries: 512 (order 0, 4096 bytes)
[    0.658340] pnp: PnP ACPI: disabled
[    0.749623] NET: Registered protocol family 2
[    0.758796] TCP established hash table entries: 8192 (order: 4, 65536 bytes)
[    0.759844] TCP bind hash table entries: 8192 (order: 5, 131072 bytes)
[    0.760570] TCP: Hash tables configured (established 8192 bind 8192)
[    0.762493] UDP hash table entries: 512 (order: 2, 16384 bytes)
[    0.763271] UDP-Lite hash table entries: 512 (order: 2, 16384 bytes)
[    0.765469] NET: Registered protocol family 1
[    0.778327] RPC: Registered named UNIX socket transport module.
[    0.779120] RPC: Registered udp transport module.
[    0.779439] RPC: Registered tcp transport module.
[    0.779722] RPC: Registered tcp NFSv4.1 backchannel transport module.
[    0.788349] hw perfevents: enabled with armv8_pmuv3 PMU driver, 1 counters available
[    0.789471] kvm [1]: HYP mode not available
[    0.810215] audit: initializing netlink subsys (disabled)
[    0.816072] audit: type=2000 audit(0.767:1): state=initialized audit_enabled=0 res=1
[    0.819548] workingset: timestamp_bits=44 max_order=18 bucket_order=0
[    0.905061] squashfs: version 4.0 (2009/01/31) Phillip Lougher
[    0.917519] NFS: Registering the id_resolver key type
[    0.919484] Key type id_resolver registered
[    0.919776] Key type id_legacy registered
[    0.920173] nfs4filelayout_init: NFSv4 File Layout Driver Registering...
[    0.921925] 9p: Installing v9fs 9p2000 file system support
[    0.944069] Block layer SCSI generic (bsg) driver version 0.4 loaded (major 247)
[    0.944640] io scheduler noop registered
[    0.947198] io scheduler cfq registered (default)
[    0.947518] io scheduler mq-deadline registered
[    0.947800] io scheduler kyber registered
[    1.007417] pl061_gpio 9030000.pl061: PL061 GPIO chip @0x0000000009030000 registered
[    1.022096] OF: PCI: host bridge /pcie@10000000 ranges:
[    1.023514] OF: PCI:    IO 0x3eff0000..0x3effffff -> 0x00000000
[    1.024202] OF: PCI:   MEM 0x10000000..0x3efeffff -> 0x10000000
[    1.024610] OF: PCI:   MEM 0x8000000000..0xffffffffff -> 0x8000000000
[    1.025722] pci-host-generic 3f000000.pcie: ECAM at [mem 0x3f000000-0x3fffffff] for [bus 00-0f]
[    1.028386] pci-host-generic 3f000000.pcie: PCI host bridge to bus 0000:00
[    1.028953] pci_bus 0000:00: root bus resource [bus 00-0f]
[    1.029363] pci_bus 0000:00: root bus resource [io  0x0000-0xffff]
[    1.029706] pci_bus 0000:00: root bus resource [mem 0x10000000-0x3efeffff]
[    1.030069] pci_bus 0000:00: root bus resource [mem 0x8000000000-0xffffffffff]
[    1.156909] Serial: 8250/16550 driver, 4 ports, IRQ sharing enabled
[    1.176492] SuperH (H)SCI(F) driver initialized
[    1.180692] msm_serial: driver initialized
[    1.188633] cacheinfo: Unable to detect cache hierarchy for CPU 0
[    1.235240] loop: module loaded
[    1.276117]  vda: vda1 vda2
[    1.296548] hisi_sas: driver version v1.6
[    1.332615] libphy: Fixed MDIO Bus: probed
[    1.342241] tun: Universal TUN/TAP device driver, 1.6
[    1.362460] e1000e: Intel(R) PRO/1000 Network Driver - 3.2.6-k
[    1.363711] e1000e: Copyright(c) 1999 - 2015 Intel Corporation.
[    1.365037] igb: Intel(R) Gigabit Ethernet Network Driver - version 5.4.0-k
[    1.365421] igb: Copyright (c) 2007-2014 Intel Corporation.
[    1.366455] igbvf: Intel(R) Gigabit Virtual Function Network Driver - version 2.4.0-k
[    1.367333] igbvf: Copyright (c) 2009 - 2012 Intel Corporation.
[    1.371877] sky2: driver version 1.30
[    1.377777] VFIO - User Level meta-driver version: 0.3
[    1.393157] ehci_hcd: USB 2.0 'Enhanced' Host Controller (EHCI) Driver
[    1.393572] ehci-pci: EHCI PCI platform driver
[    1.395314] ehci-platform: EHCI generic platform driver
[    1.397050] ehci-orion: EHCI orion driver
[    1.398335] ehci-exynos: EHCI EXYNOS driver
[    1.400125] ehci-msm: Qualcomm On-Chip EHCI Host Controller
[    1.401181] ohci_hcd: USB 1.1 'Open' Host Controller (OHCI) Driver
[    1.401650] ohci-pci: OHCI PCI platform driver
[    1.403212] ohci-platform: OHCI generic platform driver
[    1.404892] ohci-exynos: OHCI EXYNOS driver
[    1.410771] usbcore: registered new interface driver usb-storage
[    1.436544] rtc-pl031 9010000.pl031: rtc core: registered pl031 as rtc0
[    1.443553] i2c /dev entries driver
[    1.481949] sdhci: Secure Digital Host Controller Interface driver
[    1.482374] sdhci: Copyright(c) Pierre Ossman
[    1.487029] Synopsys Designware Multimedia Card Interface Driver
[    1.496452] sdhci-pltfm: SDHCI platform and OF driver helper
[    1.510028] ledtrig-cpu: registered to indicate activity on CPUs
[    1.525370] usbcore: registered new interface driver usbhid
[    1.525701] usbhid: USB HID core driver
[    1.548360] NET: Registered protocol family 17
[    1.550129] 9pnet: Installing 9P2000 support
[    1.552437] Key type dns_resolver registered
[    1.557587] registered taskstats version 1
[    1.569457] input: gpio-keys as /devices/platform/gpio-keys/input/input0
[    1.574027] rtc-pl031 9010000.pl031: setting system clock to 2017-09-03 21:10:57 UTC (1504473057)
[    1.575808] ALSA device list:
[    1.576039]   No soundcards found.
[    1.580580] uart-pl011 9000000.pl011: no DMA platform data
[    1.599598] EXT4-fs (vda2): couldn't mount as ext3 due to feature incompatibilities
[    1.698148] EXT4-fs (vda2): recovery complete
[    1.699654] EXT4-fs (vda2): mounted filesystem with ordered data mode. Opts: (null)
[    1.700373] VFS: Mounted root (ext4 filesystem) on device 254:2.
[    1.714448] devtmpfs: mounted
[    1.804686] Freeing unused kernel memory: 1088K
bash: cannot set terminal process group (-1): Inappropriate ioctl for device
bash: no job control in this shell
bash-4.3# 