Diff for ./qemu-vexpress64/__internal/defconfig_log.txt
--- /tmp/fooa	2015-07-19 15:07:00.845813409 -0700
+++ /tmp/foob	2015-07-19 15:07:00.849813407 -0700
@@ -1,6 +1,6 @@
 Booting Linux on physical CPU 0x0
 Initializing cgroup subsys cpu
-Linux version 4.2.0-rc2+ (pwalmsley@tamien) (gcc version 4.9.2 20140904 (prerelease) (crosstool-NG linaro-1.13.1-4.9-2014.09 - Linaro GCC 4.9-2014.09) ) #1 SMP PREEMPT Sun Jul 12 16:04:39 PDT 2015
+Linux version 4.2.0-rc3+ (pwalmsley@tamien) (gcc version 4.9.2 20140904 (prerelease) (crosstool-NG linaro-1.13.1-4.9-2014.09 - Linaro GCC 4.9-2014.09) ) #1 SMP PREEMPT Sun Jul 19 15:04:22 PDT 2015
 CPU: AArch64 Processor [411fd070] revision 0
 Detected PIPT I-cache on CPU0
 alternatives: enabling workaround for ARM erratum 832075
@@ -89,7 +89,7 @@
 kvm [1]: HYP mode not available
 futex hash table entries: 256 (order: 2, 16384 bytes)
 audit: initializing netlink subsys (disabled)
-audit: type=2000 audit(0.380:1): initialized
+audit: type=2000 audit(0.410:1): initialized
 HugeTLB registered 2 MB page size, pre-allocated 0 pages
 VFS: Disk quotas dquot_6.6.0
 VFS: Dquot-cache hash table entries: 512 (order 0, 4096 bytes)
Diff for ./tegra114-dalmore-a04/tegra114-dalmore/multi_v7_defconfig_log.txt
--- /tmp/fooa	2015-07-19 15:07:00.853813404 -0700
+++ /tmp/foob	2015-07-19 15:07:00.857813401 -0700
@@ -38,20 +38,20 @@
 	 #################################################################
 	 #################################################################
 	 ##############################
-	 3.3 MiB/s
+	 3.4 MiB/s
 done
-Bytes transferred = 6153392 (5de4b0 hex)
+Bytes transferred = 6153552 (5de550 hex)
 Tegra114 (Dalmore) # tftpboot 0x82000000 tegra114-dalmore.dtb
 Using asx0 device
 TFTP from server 192.168.100.1; our IP address is 192.168.100.100
 Filename 'tegra114-dalmore.dtb'.
 Load address: 0x82000000
 Loading: *###
-	 3 MiB/s
+	 2.8 MiB/s
 done
 Bytes transferred = 34894 (884e hex)
 Tegra114 (Dalmore) # bootz 0x81000000 - 0x82000000
-Kernel image @ 0x81000000 [ 0x000000 - 0x5de4b0 ]
+Kernel image @ 0x81000000 [ 0x000000 - 0x5de550 ]
 ## Flattened Device Tree blob at 82000000
    Booting using the fdt blob at 0x82000000
    Loading Device Tree to 8fff4000, end 8ffff84d ... OK
@@ -59,7 +59,7 @@
 Starting kernel ...
 
 Booting Linux on physical CPU 0x0
-Linux version 4.2.0-rc2-26810-gbc0195a (pwalmsley@sellafield) (gcc version 4.7.3 20130328 (prerelease) (crosstool-NG linaro-1.13.1-4.7-2013.04-20130415 - Linaro GCC 2013.04) ) #1 SMP Sun Jul 12 16:03:09 PDT 2015
+Linux version 4.2.0-rc3-27237-g52721d9 (pwalmsley@sellafield) (gcc version 4.7.3 20130328 (prerelease) (crosstool-NG linaro-1.13.1-4.7-2013.04-20130415 - Linaro GCC 2013.04) ) #1 SMP Sun Jul 19 15:03:04 PDT 2015
 CPU: ARMv7 Processor [412fc0f2] revision 2 (ARMv7), cr=10c5387d
 CPU: PIPT / VIPT nonaliasing data cache, PIPT instruction cache
 Machine model: NVIDIA Tegra114 Dalmore evaluation board
@@ -88,7 +88,7 @@
     lowmem  : 0xc0000000 - 0xef800000   ( 760 MB)
     pkmap   : 0xbfe00000 - 0xc0000000   (   2 MB)
     modules : 0xbf000000 - 0xbfe00000   (  14 MB)
-      .text : 0xc0208000 - 0xc0d0fa60   (11295 kB)
+      .text : 0xc0208000 - 0xc0d0fa5c   (11295 kB)
       .init : 0xc0d10000 - 0xc0dfc000   ( 944 kB)
       .data : 0xc0dfc000 - 0xc0effa80   (1039 kB)
        .bss : 0xc0f02000 - 0xc0f53c28   ( 328 kB)
@@ -283,8 +283,8 @@
 mmcblk0boot0: mmc1:0001 SEM32G partition 1 4.00 MiB
 mmcblk0boot1: mmc1:0001 SEM32G partition 2 4.00 MiB
 mmcblk0rpmb: mmc1:0001 SEM32G partition 3 4.00 MiB
- mmcblk0: p1 p2 p3 p4 p5 p6 p7 p8
 Console: switching to colour frame buffer device 240x75
+ mmcblk0: p1 p2 p3 p4 p5 p6 p7 p8
 drm drm: fb0:  frame buffer device
 drm drm: registered panic notifier
 [drm] Initialized tegra 0.0.0 20120330 on minor 0
@@ -296,7 +296,7 @@
 hub 1-0:1.0: USB hub found
 hub 1-0:1.0: 1 port detected
 input: gpio-keys as /devices/soc0/gpio-keys/input/input0
-palmas-rtc 7000d000.i2c:tps65913@58:rtc: setting system clock to 2000-01-23 07:55:13 UTC (948614113)
+palmas-rtc 7000d000.i2c:tps65913@58:rtc: setting system clock to 2000-01-30 06:55:30 UTC (949215330)
 vdd_cam_1v8_reg: disabling
 usb1_vbus: disabling
 dvdd_ts: disabling
@@ -308,4 +308,4 @@
 Freeing unused kernel memory: 944K (c0d10000 - c0dfc000)
 bash: cannot set terminal process group (-1): Inappropriate ioctl for device
 bash: no job control in this shell
-root@(none):/# [    2.193892] usb 1-1: new high-speed USB device number 2 using tegra-ehci
+root@(none):/# [    2.193910] usb 1-1: new high-speed USB device number 2 using tegra-ehci
Diff for ./tegra114-dalmore-a04/tegra114-dalmore/tegra_defconfig_log.txt
--- /tmp/fooa	2015-07-19 15:07:00.861813399 -0700
+++ /tmp/foob	2015-07-19 15:07:00.861813399 -0700
@@ -39,18 +39,18 @@
 	 #####################
 	 3.4 MiB/s
 done
-Bytes transferred = 5066936 (4d50b8 hex)
+Bytes transferred = 5066872 (4d5078 hex)
 Tegra114 (Dalmore) # tftpboot 0x82000000 tegra114-dalmore.dtb
 Using asx0 device
 TFTP from server 192.168.100.1; our IP address is 192.168.100.100
 Filename 'tegra114-dalmore.dtb'.
 Load address: 0x82000000
 Loading: *###
-	 2.8 MiB/s
+	 3 MiB/s
 done
 Bytes transferred = 34894 (884e hex)
 Tegra114 (Dalmore) # bootz 0x81000000 - 0x82000000
-Kernel image @ 0x81000000 [ 0x000000 - 0x4d50b8 ]
+Kernel image @ 0x81000000 [ 0x000000 - 0x4d5078 ]
 ## Flattened Device Tree blob at 82000000
    Booting using the fdt blob at 0x82000000
    Loading Device Tree to 8fff4000, end 8ffff84d ... OK
@@ -61,7 +61,7 @@
 Booting Linux on physical CPU 0x0
 Initializing cgroup subsys cpu
 Initializing cgroup subsys cpuacct
-Linux version 4.2.0-rc2-26810-gbc0195a (pwalmsley@kaivo) (gcc version 4.7.3 20130328 (prerelease) (crosstool-NG linaro-1.13.1-4.7-2013.04-20130415 - Linaro GCC 2013.04) ) #1 SMP PREEMPT Sun Jul 12 16:03:46 PDT 2015
+Linux version 4.2.0-rc3-27237-g52721d9 (pwalmsley@kaivo) (gcc version 4.7.3 20130328 (prerelease) (crosstool-NG linaro-1.13.1-4.7-2013.04-20130415 - Linaro GCC 2013.04) ) #1 SMP PREEMPT Sun Jul 19 15:03:40 PDT 2015
 CPU: ARMv7 Processor [412fc0f2] revision 2 (ARMv7), cr=10c5387d
 CPU: PIPT / VIPT nonaliasing data cache, PIPT instruction cache
 Machine model: NVIDIA Tegra114 Dalmore evaluation board
@@ -90,10 +90,10 @@
     lowmem  : 0xc0000000 - 0xef800000   ( 760 MB)
     pkmap   : 0xbfe00000 - 0xc0000000   (   2 MB)
     modules : 0xbf000000 - 0xbfe00000   (  14 MB)
-      .text : 0xc0008000 - 0xc09218b0   (9319 kB)
+      .text : 0xc0008000 - 0xc09218b4   (9319 kB)
       .init : 0xc0922000 - 0xc0970000   ( 312 kB)
       .data : 0xc0970000 - 0xc09c6880   ( 347 kB)
-       .bss : 0xc09c9000 - 0xc0a23c54   ( 364 kB)
+       .bss : 0xc09c9000 - 0xc0a23c58   ( 364 kB)
 Preemptible hierarchical RCU implementation.
 	Additional per-CPU info printed with stalls.
 	Build-time adjustment of leaf fanout to 32.
@@ -295,7 +295,7 @@
 hub 1-0:1.0: USB hub found
 hub 1-0:1.0: 1 port detected
 input: gpio-keys as /devices/soc0/gpio-keys/input/input1
-palmas-rtc 7000d000.i2c:tps65913@58:rtc: setting system clock to 2000-01-23 07:55:53 UTC (948614153)
+palmas-rtc 7000d000.i2c:tps65913@58:rtc: setting system clock to 2000-01-30 06:56:05 UTC (949215365)
 vdd_cam_1v8_reg: disabling
 usb1_vbus: disabling
 dvdd_ts: disabling
@@ -310,4 +310,4 @@
 Freeing unused kernel memory: 312K (c0922000 - c0970000)
 bash: cannot set terminal process group (-1): Inappropriate ioctl for device
 bash: no job control in this shell
-root@(none):/# [    2.740031] usb 1-1: new high-speed USB device number 2 using tegra-ehci
+root@(none):/# [    2.739910] usb 1-1: new high-speed USB device number 2 using tegra-ehci
Diff for ./tegra124-jetson-tk1/tegra124-jetson-tk1/multi_v7_defconfig_log.txt
--- /tmp/fooa	2015-07-19 15:07:00.869813395 -0700
+++ /tmp/foob	2015-07-19 15:07:00.869813395 -0700
@@ -42,18 +42,18 @@
 	 ##############################
 	 3.2 MiB/s
 done
-Bytes transferred = 6153392 (5de4b0 hex)
+Bytes transferred = 6153552 (5de550 hex)
 Tegra124 (Jetson TK1) # tftpboot 0x82000000 tegra124-jetson-tk1.dtb
 Using asx0 device
 TFTP from server 192.168.100.1; our IP address is 192.168.100.102
 Filename 'tegra124-jetson-tk1.dtb'.
 Load address: 0x82000000
 Loading: *#####
-	 3 MiB/s
+	 3.3 MiB/s
 done
 Bytes transferred = 62999 (f617 hex)
 Tegra124 (Jetson TK1) # bootz 0x81000000 - 0x82000000
-Kernel image @ 0x81000000 [ 0x000000 - 0x5de4b0 ]
+Kernel image @ 0x81000000 [ 0x000000 - 0x5de550 ]
 ## Flattened Device Tree blob at 82000000
    Booting using the fdt blob at 0x82000000
    Using Device Tree in place at 82000000, end 82012616
@@ -61,7 +61,7 @@
 Starting kernel ...
 
 Booting Linux on physical CPU 0x0
-Linux version 4.2.0-rc2-26810-gbc0195a (pwalmsley@sellafield) (gcc version 4.7.3 20130328 (prerelease) (crosstool-NG linaro-1.13.1-4.7-2013.04-20130415 - Linaro GCC 2013.04) ) #1 SMP Sun Jul 12 16:03:09 PDT 2015
+Linux version 4.2.0-rc3-27237-g52721d9 (pwalmsley@sellafield) (gcc version 4.7.3 20130328 (prerelease) (crosstool-NG linaro-1.13.1-4.7-2013.04-20130415 - Linaro GCC 2013.04) ) #1 SMP Sun Jul 19 15:03:04 PDT 2015
 CPU: ARMv7 Processor [413fc0f3] revision 3 (ARMv7), cr=10c5387d
 CPU: PIPT / VIPT nonaliasing data cache, PIPT instruction cache
 Machine model: NVIDIA Tegra124 Jetson TK1
@@ -90,7 +90,7 @@
     lowmem  : 0xc0000000 - 0xef800000   ( 760 MB)
     pkmap   : 0xbfe00000 - 0xc0000000   (   2 MB)
     modules : 0xbf000000 - 0xbfe00000   (  14 MB)
-      .text : 0xc0208000 - 0xc0d0fa60   (11295 kB)
+      .text : 0xc0208000 - 0xc0d0fa5c   (11295 kB)
       .init : 0xc0d10000 - 0xc0dfc000   ( 944 kB)
       .data : 0xc0dfc000 - 0xc0effa80   (1039 kB)
        .bss : 0xc0f02000 - 0xc0f53c28   ( 328 kB)
@@ -357,10 +357,10 @@
 ata1: SATA link down (SStatus 0 SControl 300)
 EXT4-fs (mmcblk0p1): couldn't mount as ext3 due to feature incompatibilities
 EXT4-fs (mmcblk0p1): couldn't mount as ext2 due to feature incompatibilities
+usb 2-1: new high-speed USB device number 2 using tegra-ehci
 EXT4-fs (mmcblk0p1): recovery complete
 EXT4-fs (mmcblk0p1): mounted filesystem with ordered data mode. Opts: (null)
 VFS: Mounted root (ext4 filesystem) on device 179:1.
-usb 2-1: new high-speed USB device number 2 using tegra-ehci
 devtmpfs: mounted
 Freeing unused kernel memory: 944K (c0d10000 - c0dfc000)
 bash: cannot set terminal process group (-1): Inappropriate ioctl for device
Diff for ./tegra124-jetson-tk1/tegra124-jetson-tk1/tegra_defconfig_log.txt
--- /tmp/fooa	2015-07-19 15:07:00.877813389 -0700
+++ /tmp/foob	2015-07-19 15:07:00.877813389 -0700
@@ -39,9 +39,9 @@
 	 #################################################################
 	 #################################################################
 	 #####################
-	 3.2 MiB/s
+	 3.1 MiB/s
 done
-Bytes transferred = 5066936 (4d50b8 hex)
+Bytes transferred = 5066872 (4d5078 hex)
 Tegra124 (Jetson TK1) # tftpboot 0x82000000 tegra124-jetson-tk1.dtb
 Using asx0 device
 TFTP from server 192.168.100.1; our IP address is 192.168.100.102
@@ -52,7 +52,7 @@
 done
 Bytes transferred = 62999 (f617 hex)
 Tegra124 (Jetson TK1) # bootz 0x81000000 - 0x82000000
-Kernel image @ 0x81000000 [ 0x000000 - 0x4d50b8 ]
+Kernel image @ 0x81000000 [ 0x000000 - 0x4d5078 ]
 ## Flattened Device Tree blob at 82000000
    Booting using the fdt blob at 0x82000000
    Using Device Tree in place at 82000000, end 82012616
@@ -63,7 +63,7 @@
 Booting Linux on physical CPU 0x0
 Initializing cgroup subsys cpu
 Initializing cgroup subsys cpuacct
-Linux version 4.2.0-rc2-26810-gbc0195a (pwalmsley@kaivo) (gcc version 4.7.3 20130328 (prerelease) (crosstool-NG linaro-1.13.1-4.7-2013.04-20130415 - Linaro GCC 2013.04) ) #1 SMP PREEMPT Sun Jul 12 16:03:46 PDT 2015
+Linux version 4.2.0-rc3-27237-g52721d9 (pwalmsley@kaivo) (gcc version 4.7.3 20130328 (prerelease) (crosstool-NG linaro-1.13.1-4.7-2013.04-20130415 - Linaro GCC 2013.04) ) #1 SMP PREEMPT Sun Jul 19 15:03:40 PDT 2015
 CPU: ARMv7 Processor [413fc0f3] revision 3 (ARMv7), cr=10c5387d
 CPU: PIPT / VIPT nonaliasing data cache, PIPT instruction cache
 Machine model: NVIDIA Tegra124 Jetson TK1
@@ -92,10 +92,10 @@
     lowmem  : 0xc0000000 - 0xef800000   ( 760 MB)
     pkmap   : 0xbfe00000 - 0xc0000000   (   2 MB)
     modules : 0xbf000000 - 0xbfe00000   (  14 MB)
-      .text : 0xc0008000 - 0xc09218b0   (9319 kB)
+      .text : 0xc0008000 - 0xc09218b4   (9319 kB)
       .init : 0xc0922000 - 0xc0970000   ( 312 kB)
       .data : 0xc0970000 - 0xc09c6880   ( 347 kB)
-       .bss : 0xc09c9000 - 0xc0a23c54   ( 364 kB)
+       .bss : 0xc09c9000 - 0xc0a23c58   ( 364 kB)
 Preemptible hierarchical RCU implementation.
 	Additional per-CPU info printed with stalls.
 	Build-time adjustment of leaf fanout to 32.
@@ -360,8 +360,8 @@
   #1: NVIDIA Tegra Jetson TK1
 ata1: SATA link down (SStatus 0 SControl 300)
 EXT3-fs (mmcblk0p1): error: couldn't mount because of unsupported optional features (240)
-usb 2-1: new high-speed USB device number 2 using tegra-ehci
 EXT2-fs (mmcblk0p1): error: couldn't mount because of unsupported optional features (244)
+usb 2-1: new high-speed USB device number 2 using tegra-ehci
 EXT4-fs (mmcblk0p1): recovery complete
 EXT4-fs (mmcblk0p1): mounted filesystem with ordered data mode. Opts: (null)
 VFS: Mounted root (ext4 filesystem) on device 179:1.
Diff for ./tegra20-trimslice/tegra20-trimslice/multi_v7_defconfig_log.txt
--- /tmp/fooa	2015-07-19 15:07:00.885813384 -0700
+++ /tmp/foob	2015-07-19 15:07:00.885813384 -0700
@@ -48,18 +48,18 @@
 	 ##############################
 	 4.1 MiB/s
 done
-Bytes transferred = 6153392 (5de4b0 hex)
+Bytes transferred = 6153552 (5de550 hex)
 Tegra20 (TrimSlice) # tftpboot 0x02408000 tegra20-trimslice.dtb
 Using RTL8169#0 device
 TFTP from server 192.168.100.1; our IP address is 192.168.100.103
 Filename 'tegra20-trimslice.dtb'.
 Load address: 0x2408000
 Loading: *##
-	 3.4 MiB/s
+	 4 MiB/s
 done
 Bytes transferred = 21130 (528a hex)
 Tegra20 (TrimSlice) # bootz 0x00408000 - 0x02408000
-Kernel image @ 0x408000 [ 0x000000 - 0x5de4b0 ]
+Kernel image @ 0x408000 [ 0x000000 - 0x5de550 ]
 ## Flattened Device Tree blob at 02408000
    Booting using the fdt blob at 0x2408000
    Using Device Tree in place at 02408000, end 02410289
@@ -67,7 +67,7 @@
 Starting kernel ...
 
 Booting Linux on physical CPU 0x0
-Linux version 4.2.0-rc2-26810-gbc0195a (pwalmsley@sellafield) (gcc version 4.7.3 20130328 (prerelease) (crosstool-NG linaro-1.13.1-4.7-2013.04-20130415 - Linaro GCC 2013.04) ) #1 SMP Sun Jul 12 16:03:09 PDT 2015
+Linux version 4.2.0-rc3-27237-g52721d9 (pwalmsley@sellafield) (gcc version 4.7.3 20130328 (prerelease) (crosstool-NG linaro-1.13.1-4.7-2013.04-20130415 - Linaro GCC 2013.04) ) #1 SMP Sun Jul 19 15:03:04 PDT 2015
 CPU: ARMv7 Processor [411fc090] revision 0 (ARMv7), cr=10c5387d
 CPU: PIPT / VIPT nonaliasing data cache, VIPT aliasing instruction cache
 Machine model: Compulab TrimSlice board
@@ -96,7 +96,7 @@
     lowmem  : 0xc0000000 - 0xef800000   ( 760 MB)
     pkmap   : 0xbfe00000 - 0xc0000000   (   2 MB)
     modules : 0xbf000000 - 0xbfe00000   (  14 MB)
-      .text : 0xc0208000 - 0xc0d0fa60   (11295 kB)
+      .text : 0xc0208000 - 0xc0d0fa5c   (11295 kB)
       .init : 0xc0d10000 - 0xc0dfc000   ( 944 kB)
       .data : 0xc0dfc000 - 0xc0effa80   (1039 kB)
        .bss : 0xc0f02000 - 0xc0f53c28   ( 328 kB)
@@ -336,7 +336,7 @@
 input: gpio-keys as /devices/soc0/gpio-keys/input/input0
 hub 1-1:1.0: USB hub found
 hub 1-1:1.0: 4 ports detected
-rtc-em3027 2-0056: setting system clock to 2014-12-26 18:59:54 UTC (1419620394)
+rtc-em3027 2-0056: setting system clock to 2014-12-26 19:12:41 UTC (1419621161)
 EXT4-fs (mmcblk0p1): mounting ext3 file system using the ext4 subsystem
 mmc1: new high speed SD card at address b368
 mmcblk1: mmc1:b368 NCard 1.83 GiB (ro)
Diff for ./tegra20-trimslice/tegra20-trimslice/tegra_defconfig_log.txt
--- /tmp/fooa	2015-07-19 15:07:00.889813383 -0700
+++ /tmp/foob	2015-07-19 15:07:00.893813380 -0700
@@ -19,7 +19,7 @@
 Out:   serial
 Err:   serial
 Net:   RTL8169#0
-Hit any key to stop autoboot:  2  1  0 
+Hit any key to stop autoboot:  2  0 
 Tegra20 (TrimSlice) # 
 Tegra20 (TrimSlice) # usb reset
 resetting USB...
@@ -47,18 +47,18 @@
 	 #####################
 	 4.1 MiB/s
 done
-Bytes transferred = 5066936 (4d50b8 hex)
+Bytes transferred = 5066872 (4d5078 hex)
 Tegra20 (TrimSlice) # tftpboot 0x02408000 tegra20-trimslice.dtb
 Using RTL8169#0 device
 TFTP from server 192.168.100.1; our IP address is 192.168.100.103
 Filename 'tegra20-trimslice.dtb'.
 Load address: 0x2408000
 Loading: *##
-	 3.4 MiB/s
+	 4 MiB/s
 done
 Bytes transferred = 21130 (528a hex)
 Tegra20 (TrimSlice) # bootz 0x00408000 - 0x02408000
-Kernel image @ 0x408000 [ 0x000000 - 0x4d50b8 ]
+Kernel image @ 0x408000 [ 0x000000 - 0x4d5078 ]
 ## Flattened Device Tree blob at 02408000
    Booting using the fdt blob at 0x2408000
    Using Device Tree in place at 02408000, end 02410289
@@ -69,7 +69,7 @@
 Booting Linux on physical CPU 0x0
 Initializing cgroup subsys cpu
 Initializing cgroup subsys cpuacct
-Linux version 4.2.0-rc2-26810-gbc0195a (pwalmsley@kaivo) (gcc version 4.7.3 20130328 (prerelease) (crosstool-NG linaro-1.13.1-4.7-2013.04-20130415 - Linaro GCC 2013.04) ) #1 SMP PREEMPT Sun Jul 12 16:03:46 PDT 2015
+Linux version 4.2.0-rc3-27237-g52721d9 (pwalmsley@kaivo) (gcc version 4.7.3 20130328 (prerelease) (crosstool-NG linaro-1.13.1-4.7-2013.04-20130415 - Linaro GCC 2013.04) ) #1 SMP PREEMPT Sun Jul 19 15:03:40 PDT 2015
 CPU: ARMv7 Processor [411fc090] revision 0 (ARMv7), cr=10c5387d
 CPU: PIPT / VIPT nonaliasing data cache, VIPT aliasing instruction cache
 Machine model: Compulab TrimSlice board
@@ -99,10 +99,10 @@
     lowmem  : 0xc0000000 - 0xef800000   ( 760 MB)
     pkmap   : 0xbfe00000 - 0xc0000000   (   2 MB)
     modules : 0xbf000000 - 0xbfe00000   (  14 MB)
-      .text : 0xc0008000 - 0xc09218b0   (9319 kB)
+      .text : 0xc0008000 - 0xc09218b4   (9319 kB)
       .init : 0xc0922000 - 0xc0970000   ( 312 kB)
       .data : 0xc0970000 - 0xc09c6880   ( 347 kB)
-       .bss : 0xc09c9000 - 0xc0a23c54   ( 364 kB)
+       .bss : 0xc09c9000 - 0xc0a23c58   ( 364 kB)
 Preemptible hierarchical RCU implementation.
 	Additional per-CPU info printed with stalls.
 	Build-time adjustment of leaf fanout to 32.
@@ -351,7 +351,7 @@
 mmcblk1: mmc1:b368 NCard 1.83 GiB (ro)
  mmcblk1: p1 p2
 input: gpio-keys as /devices/soc0/gpio-keys/input/input0
-rtc-em3027 2-0056: setting system clock to 2014-12-26 19:00:13 UTC (1419620413)
+rtc-em3027 2-0056: setting system clock to 2014-12-26 19:13:00 UTC (1419621180)
 ALSA device list:
   #0: tegra-trimslice
 kjournald starting.  Commit interval 5 seconds
@@ -361,7 +361,7 @@
 VFS: Mounted root (ext3 filesystem) on device 179:1.
 devtmpfs: mounted
 Freeing unused kernel memory: 312K (c0922000 - c0970000)
-bash: cannot set[    2.242201] usb 1-1.2: new high-speed USB device number 3 using tegra-ehci
- terminal process group (-1): Inappropriate ioctl for device
+usb 1-1.2: new high-speed USB device number 3 using tegra-ehci
+bash: cannot set terminal process group (-1): Inappropriate ioctl for device
 bash: no job control in this shell
 root@(none):/# 
\ No newline at end of file
Diff for ./tegra30-beaver/tegra30-beaver/multi_v7_defconfig_log.txt
--- /tmp/fooa	2015-07-19 15:07:00.897813376 -0700
+++ /tmp/foob	2015-07-19 15:07:00.901813374 -0700
@@ -38,20 +38,20 @@
 	 #################################################################
 	 #################################################################
 	 ##############################
-	 3.5 MiB/s
+	 3.4 MiB/s
 done
-Bytes transferred = 6153392 (5de4b0 hex)
+Bytes transferred = 6153552 (5de550 hex)
 Tegra30 (Beaver) # tftpboot 0x82000000 tegra30-beaver.dtb
 Using asx0 device
 TFTP from server 192.168.100.1; our IP address is 192.168.100.101
 Filename 'tegra30-beaver.dtb'.
 Load address: 0x82000000
 Loading: *####
-	 3.1 MiB/s
+	 3.3 MiB/s
 done
 Bytes transferred = 51467 (c90b hex)
 Tegra30 (Beaver) # bootz 0x81000000 - 0x82000000
-Kernel image @ 0x81000000 [ 0x000000 - 0x5de4b0 ]
+Kernel image @ 0x81000000 [ 0x000000 - 0x5de550 ]
 ## Flattened Device Tree blob at 82000000
    Booting using the fdt blob at 0x82000000
    Loading Device Tree to 8fff0000, end 8ffff90a ... OK
@@ -59,7 +59,7 @@
 Starting kernel ...
 
 Booting Linux on physical CPU 0x0
-Linux version 4.2.0-rc2-26810-gbc0195a (pwalmsley@sellafield) (gcc version 4.7.3 20130328 (prerelease) (crosstool-NG linaro-1.13.1-4.7-2013.04-20130415 - Linaro GCC 2013.04) ) #1 SMP Sun Jul 12 16:03:09 PDT 2015
+Linux version 4.2.0-rc3-27237-g52721d9 (pwalmsley@sellafield) (gcc version 4.7.3 20130328 (prerelease) (crosstool-NG linaro-1.13.1-4.7-2013.04-20130415 - Linaro GCC 2013.04) ) #1 SMP Sun Jul 19 15:03:04 PDT 2015
 CPU: ARMv7 Processor [412fc099] revision 9 (ARMv7), cr=10c5387d
 CPU: PIPT / VIPT nonaliasing data cache, VIPT aliasing instruction cache
 Machine model: NVIDIA Tegra30 Beaver evaluation board
@@ -88,7 +88,7 @@
     lowmem  : 0xc0000000 - 0xef800000   ( 760 MB)
     pkmap   : 0xbfe00000 - 0xc0000000   (   2 MB)
     modules : 0xbf000000 - 0xbfe00000   (  14 MB)
-      .text : 0xc0208000 - 0xc0d0fa60   (11295 kB)
+      .text : 0xc0208000 - 0xc0d0fa5c   (11295 kB)
       .init : 0xc0d10000 - 0xc0dfc000   ( 944 kB)
       .data : 0xc0dfc000 - 0xc0effa80   (1039 kB)
        .bss : 0xc0f02000 - 0xc0f53c28   ( 328 kB)
@@ -368,4 +368,4 @@
 Freeing unused kernel memory: 944K (c0d10000 - c0dfc000)
 bash: cannot set terminal process group (-1): Inappropriate ioctl for device
 bash: no job control in this shell
-root@(none):/# [    3.768770] usb 2-1: new high-speed USB device number 2 using tegra-ehci
+root@(none):/# [    3.773413] usb 2-1: new high-speed USB device number 2 using tegra-ehci
Diff for ./tegra30-beaver/tegra30-beaver/tegra_defconfig_log.txt
--- /tmp/fooa	2015-07-19 15:07:00.905813372 -0700
+++ /tmp/foob	2015-07-19 15:07:00.909813370 -0700
@@ -39,18 +39,18 @@
 	 #####################
 	 3.4 MiB/s
 done
-Bytes transferred = 5066936 (4d50b8 hex)
+Bytes transferred = 5066872 (4d5078 hex)
 Tegra30 (Beaver) # tftpboot 0x82000000 tegra30-beaver.dtb
 Using asx0 device
 TFTP from server 192.168.100.1; our IP address is 192.168.100.101
 Filename 'tegra30-beaver.dtb'.
 Load address: 0x82000000
 Loading: *####
-	 3.3 MiB/s
+	 2.9 MiB/s
 done
 Bytes transferred = 51467 (c90b hex)
 Tegra30 (Beaver) # bootz 0x81000000 - 0x82000000
-Kernel image @ 0x81000000 [ 0x000000 - 0x4d50b8 ]
+Kernel image @ 0x81000000 [ 0x000000 - 0x4d5078 ]
 ## Flattened Device Tree blob at 82000000
    Booting using the fdt blob at 0x82000000
    Loading Device Tree to 8fff0000, end 8ffff90a ... OK
@@ -61,7 +61,7 @@
 Booting Linux on physical CPU 0x0
 Initializing cgroup subsys cpu
 Initializing cgroup subsys cpuacct
-Linux version 4.2.0-rc2-26810-gbc0195a (pwalmsley@kaivo) (gcc version 4.7.3 20130328 (prerelease) (crosstool-NG linaro-1.13.1-4.7-2013.04-20130415 - Linaro GCC 2013.04) ) #1 SMP PREEMPT Sun Jul 12 16:03:46 PDT 2015
+Linux version 4.2.0-rc3-27237-g52721d9 (pwalmsley@kaivo) (gcc version 4.7.3 20130328 (prerelease) (crosstool-NG linaro-1.13.1-4.7-2013.04-20130415 - Linaro GCC 2013.04) ) #1 SMP PREEMPT Sun Jul 19 15:03:40 PDT 2015
 CPU: ARMv7 Processor [412fc099] revision 9 (ARMv7), cr=10c5387d
 CPU: PIPT / VIPT nonaliasing data cache, VIPT aliasing instruction cache
 Machine model: NVIDIA Tegra30 Beaver evaluation board
@@ -90,10 +90,10 @@
     lowmem  : 0xc0000000 - 0xef800000   ( 760 MB)
     pkmap   : 0xbfe00000 - 0xc0000000   (   2 MB)
     modules : 0xbf000000 - 0xbfe00000   (  14 MB)
-      .text : 0xc0008000 - 0xc09218b0   (9319 kB)
+      .text : 0xc0008000 - 0xc09218b4   (9319 kB)
       .init : 0xc0922000 - 0xc0970000   ( 312 kB)
       .data : 0xc0970000 - 0xc09c6880   ( 347 kB)
-       .bss : 0xc09c9000 - 0xc0a23c54   ( 364 kB)
+       .bss : 0xc09c9000 - 0xc0a23c58   ( 364 kB)
 Preemptible hierarchical RCU implementation.
 	Additional per-CPU info printed with stalls.
 	Build-time adjustment of leaf fanout to 32.
@@ -372,4 +372,4 @@
 Freeing unused kernel memory: 312K (c0922000 - c0970000)
 bash: cannot set terminal process group (-1): Inappropriate ioctl for device
 bash: no job control in this shell
-root@(none):/# [    4.436380] usb 2-1: new high-speed USB device number 2 using tegra-ehci
+root@(none):/# [    4.436393] usb 2-1: new high-speed USB device number 2 using tegra-ehci
