Diff for ./tegra30-beaver/tegra30-beaver/tegra_defconfig_log.txt
--- /tmp/fooa	2013-10-07 01:01:28.616685001 -0700
+++ /tmp/foob	2013-10-07 01:01:28.620684750 -0700
@@ -1,19 +1,9 @@
-
-U-Boot SPL 2013.04-rc2-06423-gf2e8a87-dirty (May 15 2013 - 09:45:39)
-
-
-U-Boot 2013.04-rc2-06423-gf2e8a87-dirty (May 15 2013 - 09:45:39)
-
-TEGRA30
-Board: NVIDIA Beaver
-DRAM:  2 GiB
-MMC:   Tegra SD/MMC: 0, Tegra SD/MMC: 1
 *** Warning - bad CRC, using default environment
 
 In:    serial
 Out:   serial
 Err:   serial
-Hit any key to stop autoboot:  2  0 
+Hit any key to stop autoboot:  2  1  0 
 Tegra30 (Beaver) # 
 Tegra30 (Beaver) # setenv bootargs 'console=ttyS0,230400n8 noinitrd root=/dev/mmcblk0p1 rw rootwait gpt ignore_loglevel debug'
 Tegra30 (Beaver) # loady 0x81000000
@@ -22,15 +12,15 @@
 Sending: 
 
 Transfer complete
-yzModem - CRC mode, 8(SOH)/4380(STX)/0(CAN) packets, 3 retries
-## Total Size      = 0x004472a0 = 4485792 Bytes
+yzModem - CRC mode, 2(SOH)/4381(STX)/0(CAN) packets, 3 retries
+## Total Size      = 0x00447400 = 4486144 Bytes
 Tegra30 (Beaver) # loady 0x82000000
 ## Ready for binary (ymodem) download to 0x82000000 at 230400 bps...
 CSending: tegra30-beaver.dtb
 Sending: 
 
 Transfer complete
-yzModem - CRC mode, 6(SOH)/20(STX)/0(CAN) packets, 3 retries
+xyzModem - CRC mode, 6(SOH)/20(STX)/0(CAN) packets, 3 retries
 ## Total Size      = 0x000051a8 = 20904 Bytes
 Tegra30 (Beaver) # bootz 0x81000000 - 0x82000000
 ## Flattened Device Tree blob at 82000000
@@ -40,7 +30,7 @@
 Starting kernel .ø†ø†æ€˜€æ€˜€fæžÎžæžøÎxÎøÎžøž~8˜†žøžf†ø†ø†8xþžøžf†8àÎžþž`Îžøž~8~€žf8æÎxžfžø†æ€˜€[    0.000000] Booting Linux on physical CPU 0x0
 Initializing cgroup subsys cpu
 Initializing cgroup subsys cpuacct
-Linux version 3.12.0-rc3-23257-g15c03dd (pwalmsley@tamien) (gcc version 4.5.1 (Sourcery G++ Lite 2010.09-50) ) #1 SMP PREEMPT Sun Sep 29 15:35:50 PDT 2013
+Linux version 3.12.0-rc4-23628-gd0e639c (pwalmsley@tamien) (gcc version 4.5.1 (Sourcery G++ Lite 2010.09-50) ) #1 SMP PREEMPT Mon Oct 7 00:50:35 PDT 2013
 CPU: ARMv7 Processor [412fc099] revision 9 (ARMv7), cr=10c5387d
 CPU: PIPT / VIPT nonaliasing data cache, VIPT aliasing instruction cache
 Machine: NVIDIA Tegra SoC (Flattened Device Tree), model: NVIDIA Tegra30 Beaver evaluation board
@@ -48,7 +38,7 @@
 cma: CMA: reserved 16 MiB at ae800000
 Memory policy: ECC disabled, Data cache writealloc
 On node 0 totalpages: 524032
-free_area_init_node: node 0, pgdat c084cf80, node_mem_map c08a5000
+free_area_init_node: node 0, pgdat c084ef80, node_mem_map c08a7000
   Normal zone: 1520 pages used for memmap
   Normal zone: 0 pages reserved
   Normal zone: 194560 pages, LIFO batch:31
@@ -59,7 +49,7 @@
 Tegra Revision: A03 SKU: 128 CPU Process: 4 Core Process: 0
 L310 cache controller enabled
 l2x0: 8 ways, CACHE_ID 0x410000c7, AUX_CTRL 0x7e480001, Cache size: 1024 kB
-PERCPU: Embedded 8 pages/cpu @c18b8000 s9088 r8192 d15488 u32768
+PERCPU: Embedded 8 pages/cpu @c18ba000 s9088 r8192 d15488 u32768
 pcpu-alloc: s9088 r8192 d15488 u32768 alloc=8*4096
 pcpu-alloc: [0] 0 [0] 1 [0] 2 [0] 3 
 Built 1 zonelists in Zone order, mobility grouping on.  Total pages: 522512
@@ -67,7 +57,7 @@
 PID hash table entries: 4096 (order: 2, 16384 bytes)
 Dentry cache hash table entries: 131072 (order: 7, 524288 bytes)
 Inode-cache hash table entries: 65536 (order: 6, 262144 bytes)
-Memory: 2053432K/2096128K available (6108K kernel code, 305K rwdata, 1812K rodata, 236K init, 343K bss, 42696K reserved, 1317888K highmem)
+Memory: 2053424K/2096128K available (6112K kernel code, 305K rwdata, 1816K rodata, 236K init, 343K bss, 42704K reserved, 1317888K highmem)
 Virtual kernel memory layout:
     vector  : 0xffff0000 - 0xffff1000   (   4 kB)
     fixmap  : 0xfff00000 - 0xfffe0000   ( 896 kB)
@@ -75,10 +65,10 @@
     lowmem  : 0xc0000000 - 0xef800000   ( 760 MB)
     pkmap   : 0xbfe00000 - 0xc0000000   (   2 MB)
     modules : 0xbf000000 - 0xbfe00000   (  14 MB)
-      .text : 0xc0008000 - 0xc07c44b8   (7922 kB)
-      .init : 0xc07c5000 - 0xc0800380   ( 237 kB)
-      .data : 0xc0802000 - 0xc084e5c0   ( 306 kB)
-       .bss : 0xc084e5cc - 0xc08a441c   ( 344 kB)
+      .text : 0xc0008000 - 0xc07c64ec   (7930 kB)
+      .init : 0xc07c7000 - 0xc0802380   ( 237 kB)
+      .data : 0xc0804000 - 0xc08505c0   ( 306 kB)
+       .bss : 0xc08505cc - 0xc08a641c   ( 344 kB)
 Preemptible hierarchical RCU implementation.
 NR_IRQS:16 nr_irqs:16 16
 sched_clock: 32 bits at 1000kHz, resolution 1000ns, wraps every 4294967ms
@@ -90,7 +80,7 @@
 Initializing cgroup subsys freezer
 CPU: Testing write buffer coherency: ok
 CPU0: thread -1, cpu 0, socket 0, mpidr 80000000
-Setting up static identity map for 0xc05cfc28 - 0xc05cfcc0
+Setting up static identity map for 0xc05cff60 - 0xc05cfff8
 CPU1: Booted secondary processor
 CPU1: thread -1, cpu 1, socket 0, mpidr 80000001
 CPU2: Booted secondary processor
@@ -327,11 +317,11 @@
 EXT3-fs (mmcblk0p1): mounted filesystem with writeback data mode
 VFS: Mounted root (ext3 filesystem) on device 179:1.
 devtmpfs: mounted
-Freeing unused kernel memory: 236K (c07c5000 - c0800000)
+Freeing unused kernel memory: 236K (c07c7000 - c0802000)
  
 INIT: version 2.88 booting
 Using makefile-style concurrent boot in runlevel S.
-Starting the hotplug events dispatcher: udevd[    4.174962] udevd[178]: starting version 175
+Starting the hotplug events dispatcher: udevd[    4.124068] udevd[178]: starting version 175
 [ ok .
 Synthesizing the initial hotplug events...[ ok done.
 Waiting for /dev to be fully populated...[ ok done.
@@ -345,7 +335,8 @@
 Cleaning up temporary files...[ ok .
 Setting kernel variables ...[ ok done.
 Configuring network interfaces...[ ok done.
-Starting rpcbind daemon...[ ok [....] Starting NFS common utilities: statd idmapd[FAIL failed!
+Starting rpcbind daemon...[ ok .
+Starting NFS common utilities: statd idmapd[FAIL failed!
 Cleaning up temporary files...[ ok .
 Starting network benchmark server[ ok .
 startpar: service(s) returned failure: nfs-common ...[FAIL failed!
@@ -353,8 +344,8 @@
 Using makefile-style concurrent boot in runlevel 2.
 Starting network benchmark server[FAIL failed!
 Starting rpcbind daemon...[....] Already running.[ ok .
-Starting system message bus: dbus[ ok .
 Starting NFS common utilities: statd idmapd[FAIL failed!
+Starting system message bus: dbus[ ok .
 startpar: service(s) returned failure: nfs-common ...[FAIL failed!
 
 Debian GNU/Linux wheezy/sid armel ttyS0
Diff for ./tegra30-beaver/tegra30-beaver/multi_v7_defconfig_log.txt
--- /tmp/fooa	2013-10-07 01:01:28.628684425 -0700
+++ /tmp/foob	2013-10-07 01:01:28.632684292 -0700
@@ -22,8 +22,8 @@
 Sending: 
 
 Transfer complete
-yzModem - CRC mode, 8(SOH)/3842(STX)/0(CAN) packets, 3 retries
-## Total Size      = 0x003c0a90 = 3934864 Bytes
+yzModem - CRC mode, 6(SOH)/3846(STX)/0(CAN) packets, 3 retries
+## Total Size      = 0x003c19f0 = 3938800 Bytes
 Tegra30 (Beaver) # loady 0x82000000
 ## Ready for binary (ymodem) download to 0x82000000 at 230400 bps...
 CSending: tegra30-beaver.dtb
@@ -40,14 +40,14 @@
 Starting kernel ...
 
 Booting Linux on physical CPU 0x0
-Linux version 3.12.0-rc3-23257-g15c03dd (pwalmsley@tamien) (gcc version 4.5.1 (Sourcery G++ Lite 2010.09-50) ) #1 SMP Sun Sep 29 15:40:02 PDT 2013
+Linux version 3.12.0-rc4-23628-gd0e639c (pwalmsley@tamien) (gcc version 4.5.1 (Sourcery G++ Lite 2010.09-50) ) #1 SMP Mon Oct 7 00:53:25 PDT 2013
 CPU: ARMv7 Processor [412fc099] revision 9 (ARMv7), cr=10c5387d
 CPU: PIPT / VIPT nonaliasing data cache, VIPT aliasing instruction cache
 Machine: NVIDIA Tegra SoC (Flattened Device Tree), model: NVIDIA Tegra30 Beaver evaluation board
 debug: ignoring loglevel setting.
 Memory policy: ECC disabled, Data cache writealloc
 On node 0 totalpages: 524032
-free_area_init_node: node 0, pgdat c07a2940, node_mem_map c07ea000
+free_area_init_node: node 0, pgdat c07a2a00, node_mem_map c07ea000
   DMA zone: 1520 pages used for memmap
   DMA zone: 0 pages reserved
   DMA zone: 194560 pages, LIFO batch:31
@@ -66,17 +66,17 @@
 PID hash table entries: 4096 (order: 2, 16384 bytes)
 Dentry cache hash table entries: 131072 (order: 7, 524288 bytes)
 Inode-cache hash table entries: 65536 (order: 6, 262144 bytes)
-Memory: 2070644K/2096128K available (5328K kernel code, 589K rwdata, 1388K rodata, 478K init, 278K bss, 25484K reserved, 1317888K highmem)
+Memory: 2070644K/2096128K available (5332K kernel code, 589K rwdata, 1388K rodata, 474K init, 278K bss, 25484K reserved, 1317888K highmem)
 Virtual kernel memory layout:
     vector  : 0xffff0000 - 0xffff1000   (   4 kB)
     fixmap  : 0xfff00000 - 0xfffe0000   ( 896 kB)
     vmalloc : 0xf0000000 - 0xff000000   ( 240 MB)
     lowmem  : 0xc0000000 - 0xef800000   ( 760 MB)
     pkmap   : 0xbfe00000 - 0xc0000000   (   2 MB)
-      .text : 0xc0008000 - 0xc069749c   (6718 kB)
-      .init : 0xc0698000 - 0xc070fb40   ( 479 kB)
-      .data : 0xc0710000 - 0xc07a3720   ( 590 kB)
-       .bss : 0xc07a3728 - 0xc07e9274   ( 279 kB)
+      .text : 0xc0008000 - 0xc0698528   (6722 kB)
+      .init : 0xc0699000 - 0xc070fb40   ( 475 kB)
+      .data : 0xc0710000 - 0xc07a37e0   ( 590 kB)
+       .bss : 0xc07a37e8 - 0xc07e9334   ( 279 kB)
 SLUB: HWalign=64, Order=0-3, MinObjects=0, CPUs=4, Nodes=1
 Hierarchical RCU implementation.
 NR_IRQS:16 nr_irqs:16 16
@@ -87,7 +87,7 @@
 Mount-cache hash table entries: 512
 CPU: Testing write buffer coherency: ok
 CPU0: thread -1, cpu 0, socket 0, mpidr 80000000
-Setting up static identity map for 0xc050f120 - 0xc050f1b8
+Setting up static identity map for 0xc05108e0 - 0xc0510978
 unable to find compatible sirf rstc node in dtb
 CPU1: Booted secondary processor
 CPU1: thread -1, cpu 1, socket 0, mpidr 80000001
@@ -243,11 +243,11 @@
 EXT4-fs (mmcblk0p1): mounted filesystem with ordered data mode. Opts: (null)
 VFS: Mounted root (ext3 filesystem) on device 179:1.
 devtmpfs: mounted
-Freeing unused kernel memory: 476K (c0698000 - c070f000)
+Freeing unused kernel memory: 472K (c0699000 - c070f000)
  
 INIT: version 2.88 booting
 Using makefile-style concurrent boot in runlevel S.
-Starting the hotplug events dispatcher: udevd[    2.180610] udevd[158]: starting version 175
+Starting the hotplug events dispatcher: udevd[    2.190871] udevd[158]: starting version 175
 [ ok .
 Synthesizing the initial hotplug events...[ ok done.
 Waiting for /dev to be fully populated...[ ok done.
Diff for ./tegra114-dalmore-headless/tegra114-dalmore/tegra_defconfig_log.txt
--- /tmp/fooa	2013-10-07 01:01:28.636684214 -0700
+++ /tmp/foob	2013-10-07 01:01:28.640684145 -0700
@@ -11,7 +11,7 @@
 Err:   serial
 Net:   Net Initialization Skipped
 No ethernet found.
-Hit any key to stop autoboot:  2  0 
+Hit any key to stop autoboot:  2  1  0 
 Dalmore #
 Dalmore #usb reset
 (Re)start USB...
@@ -28,9 +28,9 @@
 TFTP from server 192.168.100.1; our IP address is 192.168.100.100
 Filename 'zImage.tegra_defconfig'.
 Load address: 0x81000000
-Loading: *#################################################  2.8 MiB/s
+Loading: *#################################################  2.4 MiB/s
 done
-Bytes transferred = 4485792 (4472a0 hex)
+Bytes transferred = 4486144 (447400 hex)
 Dalmore #tftpboot 0x82000000 tegra114-dalmore.dtb
 Using asx0 device
 TFTP from server 192.168.100.1; our IP address is 192.168.100.100
@@ -49,16 +49,16 @@
 Timer summary in microseconds:
        Mark    Elapsed  Stage
           0          0  awake
-  2,447,441  2,447,441  usb_start
-  6,450,858  4,003,417  eth_start
-  6,450,856         -2  tftp start
- 10,486,440  4,035,584  tftp done
- 12,463,331  1,976,891  start_kernel
+  3,003,997  3,003,997  usb_start
+  7,007,145  4,003,148  eth_start
+  7,007,143         -2  tftp start
+ 11,296,621  4,289,478  tftp done
+ 13,019,712  1,723,091  start_kernel
 Uncompressing Linux... done, booting the kernel.
 Booting Linux on physical CPU 0x0
 Initializing cgroup subsys cpu
 Initializing cgroup subsys cpuacct
-Linux version 3.12.0-rc3-23257-g15c03dd (pwalmsley@tamien) (gcc version 4.5.1 (Sourcery G++ Lite 2010.09-50) ) #1 SMP PREEMPT Sun Sep 29 15:35:50 PDT 2013
+Linux version 3.12.0-rc4-23628-gd0e639c (pwalmsley@tamien) (gcc version 4.5.1 (Sourcery G++ Lite 2010.09-50) ) #1 SMP PREEMPT Mon Oct 7 00:50:35 PDT 2013
 CPU: ARMv7 Processor [412fc0f2] revision 2 (ARMv7), cr=10c5387d
 CPU: PIPT / VIPT nonaliasing data cache, PIPT instruction cache
 Machine: NVIDIA Tegra SoC (Flattened Device Tree), model: NVIDIA Tegra114 Dalmore evaluation board
@@ -66,14 +66,14 @@
 cma: CMA: reserved 16 MiB at ae800000
 Memory policy: ECC disabled, Data cache writealloc
 On node 0 totalpages: 524032
-free_area_init_node: node 0, pgdat c084cf80, node_mem_map c08a5000
+free_area_init_node: node 0, pgdat c084ef80, node_mem_map c08a7000
   Normal zone: 1520 pages used for memmap
   Normal zone: 0 pages reserved
   Normal zone: 194560 pages, LIFO batch:31
   HighMem zone: 2574 pages used for memmap
   HighMem zone: 329472 pages, LIFO batch:31
 Tegra Revision: A01 SKU: 0 CPU Process: 1 Core Process: 1
-PERCPU: Embedded 8 pages/cpu @c18bd000 s9088 r8192 d15488 u32768
+PERCPU: Embedded 8 pages/cpu @c18bf000 s9088 r8192 d15488 u32768
 pcpu-alloc: s9088 r8192 d15488 u32768 alloc=8*4096
 pcpu-alloc: [0] 0 [0] 1 [0] 2 [0] 3 
 Built 1 zonelists in Zone order, mobility grouping on.  Total pages: 522512
@@ -81,7 +81,7 @@
 PID hash table entries: 4096 (order: 2, 16384 bytes)
 Dentry cache hash table entries: 131072 (order: 7, 524288 bytes)
 Inode-cache hash table entries: 65536 (order: 6, 262144 bytes)
-Memory: 2053404K/2096128K available (6108K kernel code, 305K rwdata, 1812K rodata, 236K init, 343K bss, 42724K reserved, 1317888K highmem)
+Memory: 2053396K/2096128K available (6112K kernel code, 305K rwdata, 1816K rodata, 236K init, 343K bss, 42732K reserved, 1317888K highmem)
 Virtual kernel memory layout:
     vector  : 0xffff0000 - 0xffff1000   (   4 kB)
     fixmap  : 0xfff00000 - 0xfffe0000   ( 896 kB)
@@ -89,10 +89,10 @@
     lowmem  : 0xc0000000 - 0xef800000   ( 760 MB)
     pkmap   : 0xbfe00000 - 0xc0000000   (   2 MB)
     modules : 0xbf000000 - 0xbfe00000   (  14 MB)
-      .text : 0xc0008000 - 0xc07c44b8   (7922 kB)
-      .init : 0xc07c5000 - 0xc0800380   ( 237 kB)
-      .data : 0xc0802000 - 0xc084e5c0   ( 306 kB)
-       .bss : 0xc084e5cc - 0xc08a441c   ( 344 kB)
+      .text : 0xc0008000 - 0xc07c64ec   (7930 kB)
+      .init : 0xc07c7000 - 0xc0802380   ( 237 kB)
+      .data : 0xc0804000 - 0xc08505c0   ( 306 kB)
+       .bss : 0xc08505cc - 0xc08a641c   ( 344 kB)
 Preemptible hierarchical RCU implementation.
 NR_IRQS:16 nr_irqs:16 16
 sched_clock: 32 bits at 1000kHz, resolution 1000ns, wraps every 4294967ms
@@ -111,7 +111,7 @@
 /cpus/cpu@2 missing clock-frequency property
 /cpus/cpu@3 missing clock-frequency property
 CPU0: thread -1, cpu 0, socket 0, mpidr 80000000
-Setting up static identity map for 0xc05cfc28 - 0xc05cfcc0
+Setting up static identity map for 0xc05cff60 - 0xc05cfff8
 CPU1: Booted secondary processor
 CPU1: thread -1, cpu 1, socket 0, mpidr 80000001
 CPU2: Booted secondary processor
@@ -353,7 +353,7 @@
 hub 1-0:1.0: USB hub found
 hub 1-0:1.0: 1 port detected
 input: gpio-keys.2 as /devices/soc0/gpio-keys.2/input/input1
-palmas-rtc rtc.7: setting system clock to 2000-02-24 05:44:59 UTC (951371099)
+palmas-rtc rtc.7: setting system clock to 2000-01-01 10:14:26 UTC (946721666)
 ALSA device list:
   #0: NVIDIA Tegra Dalmore
 kjournald starting.  Commit interval 5 seconds
@@ -362,7 +362,7 @@
 EXT3-fs (mmcblk0p1): mounted filesystem with writeback data mode
 VFS: Mounted root (ext3 filesystem) on device 179:1.
 devtmpfs: mounted
-Freeing unused kernel memory: 236K (c07c5000 - c0800000)
+Freeing unused kernel memory: 236K (c07c7000 - c0802000)
 bash: cannot set terminal process group (-1): Inappropriate ioctl for device
 bash: no job control in this shell
-I have no name!@(none):/# [   15.219639] usb 1-1: new high-speed USB device number 2 using tegra-ehci
+I have no name!@(none):/# [   15.772180] usb 1-1: new high-speed USB device number 2 using tegra-ehci
Diff for ./tegra114-dalmore-headless/tegra114-dalmore/multi_v7_defconfig_log.txt
--- /tmp/fooa	2013-10-07 01:01:28.648684126 -0700
+++ /tmp/foob	2013-10-07 01:01:28.648684126 -0700
@@ -30,7 +30,7 @@
 Load address: 0x81000000
 Loading: *#################################################  2.8 MiB/s
 done
-Bytes transferred = 3934864 (3c0a90 hex)
+Bytes transferred = 3938800 (3c19f0 hex)
 Dalmore #tftpboot 0x82000000 tegra114-dalmore.dtb
 Using asx0 device
 TFTP from server 192.168.100.1; our IP address is 192.168.100.100
@@ -49,20 +49,20 @@
 Timer summary in microseconds:
        Mark    Elapsed  Stage
           0          0  awake
-  2,399,142  2,399,142  usb_start
-  6,402,438  4,003,296  eth_start
-  6,402,436         -2  tftp start
- 10,181,638  3,779,202  tftp done
- 11,414,215  1,232,577  start_kernel
+  2,669,652  2,669,652  usb_start
+  6,673,303  4,003,651  eth_start
+  6,673,301         -2  tftp start
+ 10,503,271  3,829,970  tftp done
+ 12,685,559  2,182,288  start_kernel
 Booting Linux on physical CPU 0x0
-Linux version 3.12.0-rc3-23257-g15c03dd (pwalmsley@tamien) (gcc version 4.5.1 (Sourcery G++ Lite 2010.09-50) ) #1 SMP Sun Sep 29 15:40:02 PDT 2013
+Linux version 3.12.0-rc4-23628-gd0e639c (pwalmsley@tamien) (gcc version 4.5.1 (Sourcery G++ Lite 2010.09-50) ) #1 SMP Mon Oct 7 00:53:25 PDT 2013
 CPU: ARMv7 Processor [412fc0f2] revision 2 (ARMv7), cr=10c5387d
 CPU: PIPT / VIPT nonaliasing data cache, PIPT instruction cache
 Machine: NVIDIA Tegra SoC (Flattened Device Tree), model: NVIDIA Tegra114 Dalmore evaluation board
 debug: ignoring loglevel setting.
 Memory policy: ECC disabled, Data cache writealloc
 On node 0 totalpages: 524032
-free_area_init_node: node 0, pgdat c07a2940, node_mem_map c07ea000
+free_area_init_node: node 0, pgdat c07a2a00, node_mem_map c07ea000
   DMA zone: 1520 pages used for memmap
   DMA zone: 0 pages reserved
   DMA zone: 194560 pages, LIFO batch:31
@@ -77,17 +77,17 @@
 PID hash table entries: 4096 (order: 2, 16384 bytes)
 Dentry cache hash table entries: 131072 (order: 7, 524288 bytes)
 Inode-cache hash table entries: 65536 (order: 6, 262144 bytes)
-Memory: 2070616K/2096128K available (5328K kernel code, 589K rwdata, 1388K rodata, 478K init, 278K bss, 25512K reserved, 1317888K highmem)
+Memory: 2070616K/2096128K available (5332K kernel code, 589K rwdata, 1388K rodata, 474K init, 278K bss, 25512K reserved, 1317888K highmem)
 Virtual kernel memory layout:
     vector  : 0xffff0000 - 0xffff1000   (   4 kB)
     fixmap  : 0xfff00000 - 0xfffe0000   ( 896 kB)
     vmalloc : 0xf0000000 - 0xff000000   ( 240 MB)
     lowmem  : 0xc0000000 - 0xef800000   ( 760 MB)
     pkmap   : 0xbfe00000 - 0xc0000000   (   2 MB)
-      .text : 0xc0008000 - 0xc069749c   (6718 kB)
-      .init : 0xc0698000 - 0xc070fb40   ( 479 kB)
-      .data : 0xc0710000 - 0xc07a3720   ( 590 kB)
-       .bss : 0xc07a3728 - 0xc07e9274   ( 279 kB)
+      .text : 0xc0008000 - 0xc0698528   (6722 kB)
+      .init : 0xc0699000 - 0xc070fb40   ( 475 kB)
+      .data : 0xc0710000 - 0xc07a37e0   ( 590 kB)
+       .bss : 0xc07a37e8 - 0xc07e9334   ( 279 kB)
 SLUB: HWalign=64, Order=0-3, MinObjects=0, CPUs=4, Nodes=1
 Hierarchical RCU implementation.
 NR_IRQS:16 nr_irqs:16 16
@@ -105,7 +105,7 @@
 /cpus/cpu@2 missing clock-frequency property
 /cpus/cpu@3 missing clock-frequency property
 CPU0: thread -1, cpu 0, socket 0, mpidr 80000000
-Setting up static identity map for 0xc050f120 - 0xc050f1b8
+Setting up static identity map for 0xc05108e0 - 0xc0510978
 unable to find compatible sirf rstc node in dtb
 CPU1: Booted secondary processor
 CPU1: thread -1, cpu 1, socket 0, mpidr 80000001
@@ -255,13 +255,13 @@
 platform 5.regulator: Driver reg-fixed-voltage requests probe deferral
 platform 6.regulator: Driver reg-fixed-voltage requests probe deferral
 platform 7d008000.usb: Driver tegra-ehci requests probe deferral
-tegra_rtc 7000e000.rtc: setting system clock to 1970-01-01 00:00:13 UTC (13)
+tegra_rtc 7000e000.rtc: setting system clock to 1970-01-01 00:00:14 UTC (14)
 EXT4-fs (mmcblk0p1): mounting ext3 file system using the ext4 subsystem
 EXT4-fs (mmcblk0p1): recovery complete
 EXT4-fs (mmcblk0p1): mounted filesystem with ordered data mode. Opts: (null)
 VFS: Mounted root (ext3 filesystem) on device 179:1.
 devtmpfs: mounted
-Freeing unused kernel memory: 476K (c0698000 - c070f000)
+Freeing unused kernel memory: 472K (c0699000 - c070f000)
 bash: cannot set terminal process group (-1): Inappropriate ioctl for device
 bash: no job control in this shell
 I have no name!@(none):/# 
\ No newline at end of file
