Diff for ./qemu-vexpress64/__internal/defconfig_log.txt
--- /tmp/fooa	2016-04-24 16:41:38.205094584 -0700
+++ /tmp/foob	2016-04-24 16:41:38.209094584 -0700
@@ -1,5 +1,5 @@
 Booting Linux on physical CPU 0x0
-Linux version 4.6.0-rc4+ (pwalmsley@tamien) (gcc version 4.9.2 20140904 (prerelease) (crosstool-NG linaro-1.13.1-4.9-2014.09 - Linaro GCC 4.9-2014.09) ) #1 SMP PREEMPT Sun Apr 17 19:36:12 PDT 2016
+Linux version 4.6.0-rc5+ (pwalmsley@tamien) (gcc version 4.9.2 20140904 (prerelease) (crosstool-NG linaro-1.13.1-4.9-2014.09 - Linaro GCC 4.9-2014.09) ) #1 SMP PREEMPT Sun Apr 24 16:36:06 PDT 2016
 Boot CPU: AArch64 Processor [411fd070]
 Memory limited to 1024MB
 efi: Getting EFI parameters from FDT:
@@ -94,7 +94,7 @@
 kvm [1]: HYP mode not available
 futex hash table entries: 256 (order: 3, 32768 bytes)
 audit: initializing netlink subsys (disabled)
-audit: type=2000 audit(0.552:1): initialized
+audit: type=2000 audit(0.652:1): initialized
 workingset: timestamp_bits=44 max_order=18 bucket_order=0
 squashfs: version 4.0 (2009/01/31) Phillip Lougher
 NFS: Registering the id_resolver key type
@@ -154,7 +154,7 @@
 Key type dns_resolver registered
 registered taskstats version 1
 input: gpio-keys as /devices/platform/gpio-keys/input/input0
-rtc-pl031 9010000.pl031: setting system clock to 2016-04-18 02:36:42 UTC (1460947002)
+rtc-pl031 9010000.pl031: setting system clock to 2016-04-24 23:36:37 UTC (1461540997)
 ALSA device list:
   No soundcards found.
 uart-pl011 9000000.pl011: no DMA platform data
Diff for ./tegra114-dalmore-a04/tegra114-dalmore/multi_v7_defconfig_log.txt
--- /tmp/fooa	2016-04-24 16:41:38.257094588 -0700
+++ /tmp/foob	2016-04-24 16:41:38.257094588 -0700
@@ -39,20 +39,20 @@
 	 #################################################################
 	 #################################################################
 	 #################
-	 3.2 MiB/s
+	 3.3 MiB/s
 done
-Bytes transferred = 6916368 (698910 hex)
+Bytes transferred = 6918656 (699200 hex)
 Tegra114 (Dalmore) # tftpboot 0x82000000 tegra114-dalmore.dtb
 Using asx0 device
 TFTP from server 192.168.100.1; our IP address is 192.168.100.100
 Filename 'tegra114-dalmore.dtb'.
 Load address: 0x82000000
 Loading: *###
-	 1.2 MiB/s
+	 3 MiB/s
 done
 Bytes transferred = 34894 (884e hex)
 Tegra114 (Dalmore) # bootz 0x81000000 - 0x82000000
-Kernel image @ 0x81000000 [ 0x000000 - 0x698910 ]
+Kernel image @ 0x81000000 [ 0x000000 - 0x699200 ]
 ## Flattened Device Tree blob at 82000000
    Booting using the fdt blob at 0x82000000
    Loading Device Tree to 8fff4000, end 8ffff84d ... OK
@@ -60,7 +60,7 @@
 Starting kernel ...
 
 Booting Linux on physical CPU 0x0
-Linux version 4.6.0-rc4-82725-gc3b46c7 (pwalmsley@sellafield) (gcc version 4.7.3 20130328 (prerelease) (crosstool-NG linaro-1.13.1-4.7-2013.04-20130415 - Linaro GCC 2013.04) ) #1 SMP Sun Apr 17 19:34:23 PDT 2016
+Linux version 4.6.0-rc5-82962-g02da2d7 (pwalmsley@sellafield) (gcc version 4.7.3 20130328 (prerelease) (crosstool-NG linaro-1.13.1-4.7-2013.04-20130415 - Linaro GCC 2013.04) ) #1 SMP Sun Apr 24 16:34:30 PDT 2016
 CPU: ARMv7 Processor [412fc0f2] revision 2 (ARMv7), cr=10c5387d
 CPU: div instructions available: patching division code
 CPU: PIPT / VIPT nonaliasing data cache, PIPT instruction cache
@@ -90,7 +90,7 @@
     lowmem  : 0xc0000000 - 0xf0000000   ( 768 MB)
     pkmap   : 0xbfe00000 - 0xc0000000   (   2 MB)
     modules : 0xbf000000 - 0xbfe00000   (  14 MB)
-      .text : 0xc0208000 - 0xc104fa4c   (14623 kB)
+      .text : 0xc0208000 - 0xc104fa90   (14623 kB)
       .init : 0xc1100000 - 0xc1300000   (2048 kB)
       .data : 0xc1300000 - 0xc141d400   (1141 kB)
        .bss : 0xc141f000 - 0xc1474518   ( 342 kB)
@@ -298,7 +298,7 @@
 hub 1-0:1.0: USB hub found
 hub 1-0:1.0: 1 port detected
 input: gpio-keys as /devices/soc0/gpio-keys/input/input0
-palmas-rtc 7000d000.i2c:tps65913@58:rtc: setting system clock to 2000-02-10 13:55:01 UTC (950190901)
+palmas-rtc 7000d000.i2c:tps65913@58:rtc: setting system clock to 2000-02-17 10:55:40 UTC (950784940)
 dvdd_ts: disabling
 usb1_vbus: disabling
 vdd_cam_1v8_reg: disabling
@@ -310,5 +310,4 @@
 Freeing unused kernel memory: 2048K (c1100000 - c1300000)
 bash: cannot set terminal process group (-1): Inappropriate ioctl for device
 bash: no job control in this shell
-usb 1-1: new high-speed USB device number 2 using tegra-ehci
-root@(none):/# 
\ No newline at end of file
+root@(none):/# [    2.229387] usb 1-1: new high-speed USB device number 2 using tegra-ehci
Diff for ./tegra114-dalmore-a04/tegra114-dalmore/tegra_defconfig_log.txt
--- /tmp/fooa	2016-04-24 16:41:38.277094590 -0700
+++ /tmp/foob	2016-04-24 16:41:38.281094590 -0700
@@ -36,21 +36,21 @@
 	 #################################################################
 	 #################################################################
 	 #################################################################
-	 #####################################
-	 3.3 MiB/s
+	 ######################################
+	 3.4 MiB/s
 done
-Bytes transferred = 5313776 (5114f0 hex)
+Bytes transferred = 5316440 (511f58 hex)
 Tegra114 (Dalmore) # tftpboot 0x82000000 tegra114-dalmore.dtb
 Using asx0 device
 TFTP from server 192.168.100.1; our IP address is 192.168.100.100
 Filename 'tegra114-dalmore.dtb'.
 Load address: 0x82000000
 Loading: *###
-	 3 MiB/s
+	 2.8 MiB/s
 done
 Bytes transferred = 34894 (884e hex)
 Tegra114 (Dalmore) # bootz 0x81000000 - 0x82000000
-Kernel image @ 0x81000000 [ 0x000000 - 0x5114f0 ]
+Kernel image @ 0x81000000 [ 0x000000 - 0x511f58 ]
 ## Flattened Device Tree blob at 82000000
    Booting using the fdt blob at 0x82000000
    Loading Device Tree to 8fff4000, end 8ffff84d ... OK
@@ -59,7 +59,7 @@
 
 Uncompressing Linux... done, booting the kernel.
 Booting Linux on physical CPU 0x0
-Linux version 4.6.0-rc4-82725-gc3b46c7 (pwalmsley@kaivo) (gcc version 4.7.3 20130328 (prerelease) (crosstool-NG linaro-1.13.1-4.7-2013.04-20130415 - Linaro GCC 2013.04) ) #1 SMP PREEMPT Sun Apr 17 19:34:14 PDT 2016
+Linux version 4.6.0-rc5-82962-g02da2d7 (pwalmsley@kaivo) (gcc version 4.7.3 20130328 (prerelease) (crosstool-NG linaro-1.13.1-4.7-2013.04-20130415 - Linaro GCC 2013.04) ) #1 SMP PREEMPT Sun Apr 24 16:34:25 PDT 2016
 CPU: ARMv7 Processor [412fc0f2] revision 2 (ARMv7), cr=10c5387d
 CPU: div instructions available: patching division code
 CPU: PIPT / VIPT nonaliasing data cache, PIPT instruction cache
@@ -90,7 +90,7 @@
     lowmem  : 0xc0000000 - 0xf0000000   ( 768 MB)
     pkmap   : 0xbfe00000 - 0xc0000000   (   2 MB)
     modules : 0xbf000000 - 0xbfe00000   (  14 MB)
-      .text : 0xc0008000 - 0xc0ab2228   (10921 kB)
+      .text : 0xc0008000 - 0xc0ab2288   (10921 kB)
       .init : 0xc0b00000 - 0xc0c00000   (1024 kB)
       .data : 0xc0c00000 - 0xc0c5df80   ( 376 kB)
        .bss : 0xc0c5f000 - 0xc0cb9a04   ( 363 kB)
@@ -295,7 +295,7 @@
 hub 1-0:1.0: USB hub found
 hub 1-0:1.0: 1 port detected
 input: gpio-keys as /devices/soc0/gpio-keys/input/input1
-palmas-rtc 7000d000.i2c:tps65913@58:rtc: setting system clock to 2000-02-10 13:52:35 UTC (950190755)
+palmas-rtc 7000d000.i2c:tps65913@58:rtc: setting system clock to 2000-02-17 10:53:04 UTC (950784784)
 dvdd_ts: disabling
 usb1_vbus: disabling
 vdd_cam_1v8_reg: disabling
Diff for ./tegra124-jetson-tk1/tegra124-jetson-tk1/multi_v7_defconfig_log.txt
--- /tmp/fooa	2016-04-24 16:41:38.285094591 -0700
+++ /tmp/foob	2016-04-24 16:41:38.289094590 -0700
@@ -1,35 +1,28 @@
 
-U-Boot SPL 2014.07-00097-g772e173 (Jul 25 2014 - 20:02:52)
+U-Boot SPL 2016.05-rc2 (Apr 21 2016 - 16:23:00)
+Trying to boot from RAM
 
 
-U-Boot 2014.07-00097-g772e173 (Jul 25 2014 - 20:02:52)
+U-Boot 2016.05-rc2 (Apr 21 2016 - 16:23:00 -0700)
 
 TEGRA124
+Model: NVIDIA Jetson TK1
 Board: NVIDIA Jetson TK1
-I2C:   ready
 DRAM:  2 GiB
-MMC:   Tegra SD/MMC: 0, Tegra SD/MMC: 1
+MC:   Tegra SD/MMC: 0, Tegra SD/MMC: 1
 In:    serial
 Out:   serial
 Err:   serial
-Net:   Net Initialization Skipped
-No ethernet found.
+Net:   No ethernet found.
 Hit any key to stop autoboot:  2  0 
 Tegra124 (Jetson TK1) # 
-Tegra124 (Jetson TK1) # usb reset
-(Re)start USB...
-USB0:   USB EHCI 1.10
-scanning bus 0 for devices... 1 USB Device(s) found
-USB1:   USB EHCI 1.10
-scanning bus 1 for devices... 2 USB Device(s) found
-       scanning usb for storage devices... 0 Storage Device(s) found
-       scanning usb for ethernet devices... 
-Warning: asx0 using MAC address from net device
-1 Ethernet Device(s) found
-Tegra124 (Jetson TK1) # setenv bootargs 'ignore_loglevel console=ttyS0,115200n8 rw root=PARTUUID=8683e640-b305-6c03-ae83-3c34ba91e1b7 rootwait gpt debug noinitrd earlyprintk init=/bin/bash'
+Tegra124 (Jetson TK1) # pci enum
+Tegra124 (Jetson TK1) # setenv bootargs 'ignore_loglevel console=ttyS0,115200n8 rw root=PARTUUID=b1791faa-84e8-4e27-83a1-9fb0a77e8803 rootwait gpt debug noinitrd earlyprintk init=/bin/bash'
 Tegra124 (Jetson TK1) # setenv ipaddr 192.168.100.102; setenv serverip 192.168.100.1; setenv tftpserverip 192.168.100.1
 Tegra124 (Jetson TK1) # tftpboot 0x82000000 zImage.multi_v7_defconfig
-Using asx0 device
+
+Warning: eth_rtl8169 using MAC address from ROM
+Using eth_rtl8169 device
 TFTP from server 192.168.100.1; our IP address is 192.168.100.102
 Filename 'zImage.multi_v7_defconfig'.
 Load address: 0x82000000
@@ -41,20 +34,20 @@
 	 #################################################################
 	 #################################################################
 	 #################
-	 3.2 MiB/s
+	 4 MiB/s
 done
-Bytes transferred = 6916368 (698910 hex)
+Bytes transferred = 6918656 (699200 hex)
 Tegra124 (Jetson TK1) # tftpboot 0x83000000 tegra124-jetson-tk1.dtb
-Using asx0 device
+Using eth_rtl8169 device
 TFTP from server 192.168.100.1; our IP address is 192.168.100.102
 Filename 'tegra124-jetson-tk1.dtb'.
 Load address: 0x83000000
 Loading: *#####
-	 2.9 MiB/s
+	 3.6 MiB/s
 done
 Bytes transferred = 64138 (fa8a hex)
 Tegra124 (Jetson TK1) # bootz 0x82000000 - 0x83000000
-Kernel image @ 0x82000000 [ 0x000000 - 0x698910 ]
+Kernel image @ 0x82000000 [ 0x000000 - 0x699200 ]
 ## Flattened Device Tree blob at 83000000
    Booting using the fdt blob at 0x83000000
    Using Device Tree in place at 83000000, end 83012a89
@@ -62,7 +55,7 @@
 Starting kernel ...
 
 Booting Linux on physical CPU 0x0
-Linux version 4.6.0-rc4-82725-gc3b46c7 (pwalmsley@sellafield) (gcc version 4.7.3 20130328 (prerelease) (crosstool-NG linaro-1.13.1-4.7-2013.04-20130415 - Linaro GCC 2013.04) ) #1 SMP Sun Apr 17 19:34:23 PDT 2016
+Linux version 4.6.0-rc5-82962-g02da2d7 (pwalmsley@sellafield) (gcc version 4.7.3 20130328 (prerelease) (crosstool-NG linaro-1.13.1-4.7-2013.04-20130415 - Linaro GCC 2013.04) ) #1 SMP Sun Apr 24 16:34:30 PDT 2016
 CPU: ARMv7 Processor [413fc0f3] revision 3 (ARMv7), cr=10c5387d
 CPU: div instructions available: patching division code
 CPU: PIPT / VIPT nonaliasing data cache, PIPT instruction cache
@@ -80,7 +73,7 @@
 pcpu-alloc: s19776 r8192 d21184 u49152 alloc=12*4096
 pcpu-alloc: [0] 0 [0] 1 [0] 2 [0] 3 
 Built 1 zonelists in Zone order, mobility grouping on.  Total pages: 522496
-Kernel command line: ignore_loglevel console=ttyS0,115200n8 rw root=PARTUUID=8683e640-b305-6c03-ae83-3c34ba91e1b7 rootwait gpt debug noinitrd earlyprintk init=/bin/bash
+Kernel command line: ignore_loglevel console=ttyS0,115200n8 rw root=PARTUUID=b1791faa-84e8-4e27-83a1-9fb0a77e8803 rootwait gpt debug noinitrd earlyprintk init=/bin/bash
 PID hash table entries: 4096 (order: 2, 16384 bytes)
 Dentry cache hash table entries: 131072 (order: 7, 524288 bytes)
 Inode-cache hash table entries: 65536 (order: 6, 262144 bytes)
@@ -92,7 +85,7 @@
     lowmem  : 0xc0000000 - 0xf0000000   ( 768 MB)
     pkmap   : 0xbfe00000 - 0xc0000000   (   2 MB)
     modules : 0xbf000000 - 0xbfe00000   (  14 MB)
-      .text : 0xc0208000 - 0xc104fa4c   (14623 kB)
+      .text : 0xc0208000 - 0xc104fa90   (14623 kB)
       .init : 0xc1100000 - 0xc1300000   (2048 kB)
       .data : 0xc1300000 - 0xc141d400   (1141 kB)
        .bss : 0xc141f000 - 0xc1474518   ( 342 kB)
@@ -195,7 +188,7 @@
 tegra-pmc 7000e400.pmc: emergency thermal reset enabled
 Serial: 8250/16550 driver, 4 ports, IRQ sharing disabled
 console [ttyS0] disabled
-70006300.serial: ttyS0 at MMIO 0x70006300 (irq = 331, base_baud = 25500000) is a Tegra
+70006300.serial: ttyS0 at MMIO 0x70006300 (irq = 333, base_baud = 25500000) is a Tegra
 console [ttyS0] enabled
 SuperH (H)SCI(F) driver initialized
 msm_serial: driver initialized
@@ -239,7 +232,7 @@
 tegra-ehci: Tegra EHCI driver
 tegra-ehci 7d004000.usb: EHCI Host Controller
 tegra-ehci 7d004000.usb: new USB bus registered, assigned bus number 1
-tegra-ehci 7d004000.usb: irq 348, io mem 0x7d004000
+tegra-ehci 7d004000.usb: irq 350, io mem 0x7d004000
 tegra-ehci 7d004000.usb: USB 2.0 started, EHCI 1.10
 hub 1-0:1.0: USB hub found
 hub 1-0:1.0: 1 port detected
@@ -253,7 +246,7 @@
 usbcore: registered new interface driver usb-storage
 mousedev: PS/2 mouse device common for all mice
 as3722-rtc as3722-rtc: rtc core: registered as3722-rtc as rtc0
-as3722-rtc as3722-rtc: RTC interrupt 371
+as3722-rtc as3722-rtc: RTC interrupt 373
 tegra_rtc 7000e000.rtc: rtc core: registered 7000e000.rtc as rtc1
 tegra_rtc 7000e000.rtc: Tegra internal Real Time Clock
 i2c /dev entries driver
@@ -288,18 +281,10 @@
 +1.35V_LP0(sd2): supplied by +5V_SYS
 +1.05V_RUN_AVDD: supplied by +1.35V_LP0(sd2)
 tegra-pcie 1003000.pcie-controller: probing port 0, using 2 lanes
-tegra-pcie 1003000.pcie-controller: Slot present pin change, signature: 00000008
 mmc0: new high speed MMC card at address 0001
+tegra-pcie 1003000.pcie-controller: Slot present pin change, signature: 00000008
 mmcblk0: mmc0:0001 SEM16G 14.7 GiB 
 mmcblk0boot0: mmc0:0001 SEM16G partition 1 4.00 MiB
-mmcblk0boot1: mmc0:0001 SEM16G partition 2 4.00 MiB
-mmcblk0rpmb: mmc0:0001 SEM16G partition 3 4.00 MiB
-Primary GPT is invalid, using alternate GPT.
- mmcblk0: p1 p2 p3 p4 p5 p6 p7 p8 p9
-tegra-pcie 1003000.pcie-controller: link 0 down, retrying
-tegra-pcie 1003000.pcie-controller: link 0 down, retrying
-tegra-pcie 1003000.pcie-controller: link 0 down, retrying
-tegra-pcie 1003000.pcie-controller: link 0 down, ignoring
 tegra-pcie 1003000.pcie-controller: probing port 1, using 1 lanes
 tegra-pcie 1003000.pcie-controller: Slot present pin change, signature: 00000000
 tegra-pcie 1003000.pcie-controller: PCI host bridge to bus 0000:00
@@ -307,45 +292,66 @@
 pci_bus 0000:00: root bus resource [mem 0x13000000-0x1fffffff]
 pci_bus 0000:00: root bus resource [mem 0x20000000-0x3fffffff pref]
 pci_bus 0000:00: root bus resource [bus 00-ff]
+pci 0000:00:01.0: [10de:0e12] type 01 class 0x060400
+pci 0000:00:01.0: PME# supported from D0 D1 D2 D3hot D3cold
 pci 0000:00:02.0: [10de:0e13] type 01 class 0x060400
 pci 0000:00:02.0: PME# supported from D0 D1 D2 D3hot D3cold
 PCI: bus0: Fast back to back transfers disabled
+pci 0000:00:01.0: bridge configuration invalid ([bus 00-00]), reconfiguring
 pci 0000:00:02.0: bridge configuration invalid ([bus 00-00]), reconfiguring
-pci 0000:01:00.0: [10ec:8168] type 00 class 0x020000
-pci 0000:01:00.0: reg 0x10: [io  0x0000-0x00ff]
-pci 0000:01:00.0: reg 0x18: [mem 0x00000000-0x00000fff 64bit]
-pci 0000:01:00.0: reg 0x20: [mem 0x00000000-0x00003fff 64bit pref]
-pci 0000:01:00.0: supports D1 D2
-pci 0000:01:00.0: PME# supported from D0 D1 D2 D3hot D3cold
+pci 0000:01:00.0: [8086:4232] type 00 class 0x028000
+pci 0000:01:00.0: reg 0x10: [mem 0x00000000-0x00001fff 64bit]
+pci 0000:01:00.0: PME# supported from D0 D3hot D3cold
 PCI: bus1: Fast back to back transfers disabled
 pci_bus 0000:01: busn_res: [bus 01-ff] end is updated to 01
-pci 0000:00:02.0: BAR 8: assigned [mem 0x13000000-0x130fffff]
+pci 0000:02:00.0: [10ec:8168] type 00 class 0x020000
+pci 0000:02:00.0: reg 0x10: [io  0x0000-0x00ff]
+pci 0000:02:00.0: reg 0x18: [mem 0x00000000-0x00000fff 64bit]
+pci 0000:02:00.0: reg 0x20: [mem 0x00000000-0x00003fff 64bit pref]
+pci 0000:02:00.0: supports D1 D2
+pci 0000:02:00.0: PME# supported from D0 D1 D2 D3hot D3cold
+PCI: bus2: Fast back to back transfers disabled
+pci_bus 0000:02: busn_res: [bus 02-ff] end is updated to 02
+pci 0000:00:01.0: BAR 8: assigned [mem 0x13000000-0x130fffff]
+pci 0000:00:02.0: BAR 8: assigned [mem 0x13100000-0x131fffff]
 pci 0000:00:02.0: BAR 9: assigned [mem 0x20000000-0x200fffff 64bit pref]
 pci 0000:00:02.0: BAR 7: assigned [io  0x1000-0x1fff]
-pci 0000:01:00.0: BAR 4: assigned [mem 0x20000000-0x20003fff 64bit pref]
-pci 0000:01:00.0: BAR 2: assigned [mem 0x13000000-0x13000fff 64bit]
-pci 0000:01:00.0: BAR 0: assigned [io  0x1000-0x10ff]
-pci 0000:00:02.0: PCI bridge to [bus 01]
+pci 0000:01:00.0: BAR 0: assigned [mem 0x13000000-0x13001fff 64bit]
+pci 0000:00:01.0: PCI bridge to [bus 01]
+pci 0000:00:01.0:   bridge window [mem 0x13000000-0x130fffff]
+pci 0000:02:00.0: BAR 4: assigned [mem 0x20000000-0x20003fff 64bit pref]
+pci 0000:02:00.0: BAR 2: assigned [mem 0x13100000-0x13100fff 64bit]
+pci 0000:02:00.0: BAR 0: assigned [io  0x1000-0x10ff]
+pci 0000:00:02.0: PCI bridge to [bus 02]
 pci 0000:00:02.0:   bridge window [io  0x1000-0x1fff]
-pci 0000:00:02.0:   bridge window [mem 0x13000000-0x130fffff]
+pci 0000:00:02.0:   bridge window [mem 0x13100000-0x131fffff]
 pci 0000:00:02.0:   bridge window [mem 0x20000000-0x200fffff 64bit pref]
+pci 0000:00:01.0: nv_msi_ht_cap_quirk didn't locate host bridge
+pcieport 0000:00:01.0: enabling device (0140 -> 0142)
+pcieport 0000:00:01.0: Signaling PME through PCIe PME interrupt
+pci 0000:01:00.0: Signaling PME through PCIe PME interrupt
+pcie_pme 0000:00:01.0:pcie01: service driver pcie_pme loaded
 pci 0000:00:02.0: nv_msi_ht_cap_quirk didn't locate host bridge
 pcieport 0000:00:02.0: enabling device (0140 -> 0143)
 pcieport 0000:00:02.0: Signaling PME through PCIe PME interrupt
-pci 0000:01:00.0: Signaling PME through PCIe PME interrupt
+pci 0000:02:00.0: Signaling PME through PCIe PME interrupt
 pcie_pme 0000:00:02.0:pcie01: service driver pcie_pme loaded
 r8169 Gigabit Ethernet driver 2.3LK-NAPI loaded
-r8169 0000:01:00.0: enabling device (0140 -> 0143)
-r8169 0000:01:00.0 eth0: RTL8168g/8111g at 0xf0a1c000, 00:04:4b:25:b3:b4, XID 0c000800 IRQ 388
-r8169 0000:01:00.0 eth0: jumbo features [frames: 9200 bytes, tx checksumming: ko]
+r8169 0000:02:00.0: enabling device (0140 -> 0143)
+r8169 0000:02:00.0 eth0: RTL8168g/8111g at 0xf0a12000, 00:04:4b:3a:d9:81, XID 0c000800 IRQ 391
+r8169 0000:02:00.0 eth0: jumbo features [frames: 9200 bytes, tx checksumming: ko]
 +5V_HDMI_CON: supplied by +5V_SYS
 +1.05V_RUN_AVDD_HDMI_PLL: supplied by +1.05V_RUN
 +3.3V_RUN: supplied by +3.3V_SYS
 +3.3V_AVDD_HDMI_AP_GATED: supplied by +3.3V_RUN
 [drm] Supports vblank timestamp caching Rev 2 (21.10.2013).
 [drm] No driver support for vblank timestamp query.
-tegra-hdmi 54280000.hdmi: cannot set audio to 44100 at 297000000 pclk
-Console: switching to colour frame buffer device 512x135
+drm drm: No connectors reported connected with modes
+[drm] Cannot find any crtc or sizes - going 1024x768
+mmcblk0boot1: mmc0:0001 SEM16G partition 2 4.00 MiB
+mmcblk0rpmb: mmc0:0001 SEM16G partition 3 4.00 MiB
+ mmcblk0: p1
+Console: switching to colour frame buffer device 128x48
 drm drm: fb0:  frame buffer device
 [drm] Initialized tegra 0.0.0 20120330 on minor 0
 +5V_SATA: supplied by +5V_SYS
@@ -354,12 +360,12 @@
 tegra-ahci 70027000.sata: flags: 64bit ncq sntf pm led pio slum part sadm sds apst 
 scsi host0: tegra-ahci
 scsi host1: tegra-ahci
-ata1: SATA max UDMA/133 mmio [mem 0x70027000-0x70028fff] port 0x100 irq 341
+ata1: SATA max UDMA/133 mmio [mem 0x70027000-0x70028fff] port 0x100 irq 343
 ata2: DUMMY
 +5V_USB_HS: supplied by +5V_SYS
 tegra-ehci 7d008000.usb: EHCI Host Controller
 tegra-ehci 7d008000.usb: new USB bus registered, assigned bus number 2
-tegra-ehci 7d008000.usb: irq 349, io mem 0x7d008000
+tegra-ehci 7d008000.usb: irq 351, io mem 0x7d008000
 tegra-ehci 7d008000.usb: USB 2.0 started, EHCI 1.10
 hub 2-0:1.0: USB hub found
 hub 2-0:1.0: 1 port detected
@@ -374,7 +380,7 @@
 mmc1: Invalid maximum block size, assuming 512 bytes
 mmc1: SDHCI controller on 700b0400.sdhci [700b0400.sdhci] using ADMA 64-bit
 input: gpio-keys as /devices/soc0/gpio-keys/input/input0
-as3722-rtc as3722-rtc: setting system clock to 2000-01-01 00:02:53 UTC (946684973)
+as3722-rtc as3722-rtc: setting system clock to 2000-01-01 00:00:13 UTC (946684813)
 +1.8V_RUN_CAM: disabling
 +2.8V_RUN_CAM: disabling
 +1.2V_RUN_CAM_FRONT: disabling
@@ -384,15 +390,15 @@
 +1.8V_RUN_VPP_FUSE: disabling
 +USB0_VBUS_SW: disabling
 ata1: SATA link down (SStatus 0 SControl 300)
-EXT4-fs (mmcblk0p1): couldn't mount as ext3 due to feature incompatibilities
-EXT4-fs (mmcblk0p1): couldn't mount as ext2 due to feature incompatibilities
-usb 2-1: new high-speed USB device number 2 using tegra-ehci
-EXT4-fs (mmcblk0p1): warning: mounting fs with errors, running e2fsck is recommended
+EXT4-fs (mmcblk0p1): mounting ext3 file system using the ext4 subsystem
 EXT4-fs (mmcblk0p1): recovery complete
 EXT4-fs (mmcblk0p1): mounted filesystem with ordered data mode. Opts: (null)
-VFS: Mounted root (ext4 filesystem) on device 179:1.
+VFS: Mounted root (ext3 filesystem) on device 179:1.
 devtmpfs: mounted
+mmc1: new high speed SDHC card at address aaaa
 Freeing unused kernel memory: 2048K (c1100000 - c1300000)
+mmcblk1: mmc1:aaaa SD04G 3.69 GiB 
+ mmcblk1: p1 p2 p3
 bash: cannot set terminal process group (-1): Inappropriate ioctl for device
 bash: no job control in this shell
 root@(none):/# 
\ No newline at end of file
Diff for ./tegra124-jetson-tk1/tegra124-jetson-tk1/tegra_defconfig_log.txt
--- /tmp/fooa	2016-04-24 16:41:38.293094591 -0700
+++ /tmp/foob	2016-04-24 16:41:38.297094591 -0700
@@ -1,81 +1,28 @@
 
-U-Boot SPL 2014.07-00097-g772e173 (Jul 25 2014 - 20:02:52)
+U-Boot SPL 2016.05-rc2 (Apr 21 2016 - 16:23:00)
+Trying to boot from RAM
 
 
-U-Boot 2014.07-00097-g772e173 (Jul 25 2014 - 20:02:52)
+U-Boot 2016.05-rc2 (Apr 21 2016 - 16:23:00 -0700)
 
 TEGRA124
+Model: NVIDIA Jetson TK1
 Board: NVIDIA Jetson TK1
-I2C:   ready
 DRAM:  2 GiB
-MMC:   Tegra SD/MMC: 0, Tegra SD/MMC: 1
+MC:   Tegra SD/MMC: 0, Tegra SD/MMC: 1
 In:    serial
 Out:   serial
 Err:   serial
-Net:   Net Initialization Skipped
-No ethernet found.
+Net:   No ethernet found.
 Hit any key to stop autoboot:  2  0 
 Tegra124 (Jetson TK1) # 
-Tegra124 (Jetson TK1) # usb reset
-(Re)start USB...
-USB0:   USB EHCI 1.10
-scanning bus 0 for devices... 1 USB Device(s) found
-USB1:   USB EHCI 1.10
-scanning bus 1 for devices... 2 USB Device(s) found
-       scanning usb for storage devices... 0 Storage Device(s) found
-       scanning usb for ethernet devices... 
-Warning: asx0 using MAC address from net device
-1 Ethernet Device(s) found
-Tegra124 (Jetson TK1) # setenv bootargs 'ignore_loglevel console=ttyS0,115200n8 rw root=PARTUUID=8683e640-b305-6c03-ae83-3c34ba91e1b7 rootwait gpt debug noinitrd earlyprintk init=/bin/bash'
+Tegra124 (Jetson TK1) # pci enum
+Tegra124 (Jetson TK1) # setenv bootargs 'ignore_loglevel console=ttyS0,115200n8 rw root=PARTUUID=b1791faa-84e8-4e27-83a1-9fb0a77e8803 rootwait gpt debug noinitrd earlyprintk init=/bin/bash'
 Tegra124 (Jetson TK1) # setenv ipaddr 192.168.100.102; setenv serverip 192.168.100.1; setenv tftpserverip 192.168.100.1
 Tegra124 (Jetson TK1) # tftpboot 0x82000000 zImage.tegra_defconfig
-Using asx0 device
-TFTP from server 192.168.100.1; our IP address is 192.168.100.102
-Filename 'zImage.tegra_defconfig'.
-Load address: 0x82000000
-Loading: *EHCI timed out on TD - token=0x8008d80
-T EHCI timed out on TD - token=0x8008d80
-T EHCI timed out on TD - token=0x8008d80
-T EHCI timed out on TD - token=0x8008d80
-T EHCI timed out on TD - token=0x8008d80
-T EHCI timed out on TD - token=0x8008d80
-
-Abort
-Tegra124 (Jetson TK1) # 
-Tegra124 (Jetson TK1) # reset
-resetting ...
 
-U-Boot SPL 2014.07-00097-g772e173 (Jul 25 2014 - 20:02:52)
-
-
-U-Boot 2014.07-00097-g772e173 (Jul 25 2014 - 20:02:52)
-
-TEGRA124
-Board: NVIDIA Jetson TK1
-I2C:   ready
-DRAM:  2 GiB
-MMC:   Tegra SD/MMC: 0, Tegra SD/MMC: 1
-In:    serial
-Out:   serial
-Err:   serial
-Net:   Net Initialization Skipped
-No ethernet found.
-Hit any key to stop autoboot:  2  0 
-Tegra124 (Jetson TK1) # 
-Tegra124 (Jetson TK1) # usb reset
-(Re)start USB...
-USB0:   USB EHCI 1.10
-scanning bus 0 for devices... 1 USB Device(s) found
-USB1:   USB EHCI 1.10
-scanning bus 1 for devices... 2 USB Device(s) found
-       scanning usb for storage devices... 0 Storage Device(s) found
-       scanning usb for ethernet devices... 
-Warning: asx0 using MAC address from net device
-1 Ethernet Device(s) found
-Tegra124 (Jetson TK1) # setenv bootargs 'ignore_loglevel console=ttyS0,115200n8 rw root=PARTUUID=8683e640-b305-6c03-ae83-3c34ba91e1b7 rootwait gpt debug noinitrd earlyprintk init=/bin/bash'
-Tegra124 (Jetson TK1) # setenv ipaddr 192.168.100.102; setenv serverip 192.168.100.1; setenv tftpserverip 192.168.100.1
-Tegra124 (Jetson TK1) # tftpboot 0x82000000 zImage.tegra_defconfig
-Using asx0 device
+Warning: eth_rtl8169 using MAC address from ROM
+Using eth_rtl8169 device
 TFTP from server 192.168.100.1; our IP address is 192.168.100.102
 Filename 'zImage.tegra_defconfig'.
 Load address: 0x82000000
@@ -84,21 +31,21 @@
 	 #################################################################
 	 #################################################################
 	 #################################################################
-	 #####################################
-	 3.1 MiB/s
+	 ######################################
+	 4 MiB/s
 done
-Bytes transferred = 5313776 (5114f0 hex)
+Bytes transferred = 5316440 (511f58 hex)
 Tegra124 (Jetson TK1) # tftpboot 0x83000000 tegra124-jetson-tk1.dtb
-Using asx0 device
+Using eth_rtl8169 device
 TFTP from server 192.168.100.1; our IP address is 192.168.100.102
 Filename 'tegra124-jetson-tk1.dtb'.
 Load address: 0x83000000
 Loading: *#####
-	 3.1 MiB/s
+	 3.8 MiB/s
 done
 Bytes transferred = 64138 (fa8a hex)
 Tegra124 (Jetson TK1) # bootz 0x82000000 - 0x83000000
-Kernel image @ 0x82000000 [ 0x000000 - 0x5114f0 ]
+Kernel image @ 0x82000000 [ 0x000000 - 0x511f58 ]
 ## Flattened Device Tree blob at 83000000
    Booting using the fdt blob at 0x83000000
    Using Device Tree in place at 83000000, end 83012a89
@@ -107,7 +54,7 @@
 
 Uncompressing Linux... done, booting the kernel.
 Booting Linux on physical CPU 0x0
-Linux version 4.6.0-rc4-82725-gc3b46c7 (pwalmsley@kaivo) (gcc version 4.7.3 20130328 (prerelease) (crosstool-NG linaro-1.13.1-4.7-2013.04-20130415 - Linaro GCC 2013.04) ) #1 SMP PREEMPT Sun Apr 17 19:34:14 PDT 2016
+Linux version 4.6.0-rc5-82962-g02da2d7 (pwalmsley@kaivo) (gcc version 4.7.3 20130328 (prerelease) (crosstool-NG linaro-1.13.1-4.7-2013.04-20130415 - Linaro GCC 2013.04) ) #1 SMP PREEMPT Sun Apr 24 16:34:25 PDT 2016
 CPU: ARMv7 Processor [413fc0f3] revision 3 (ARMv7), cr=10c5387d
 CPU: div instructions available: patching division code
 CPU: PIPT / VIPT nonaliasing data cache, PIPT instruction cache
@@ -126,7 +73,7 @@
 pcpu-alloc: s19968 r8192 d20992 u49152 alloc=12*4096
 pcpu-alloc: [0] 0 [0] 1 [0] 2 [0] 3 
 Built 1 zonelists in Zone order, mobility grouping on.  Total pages: 522496
-Kernel command line: ignore_loglevel console=ttyS0,115200n8 rw root=PARTUUID=8683e640-b305-6c03-ae83-3c34ba91e1b7 rootwait gpt debug noinitrd earlyprintk init=/bin/bash
+Kernel command line: ignore_loglevel console=ttyS0,115200n8 rw root=PARTUUID=b1791faa-84e8-4e27-83a1-9fb0a77e8803 rootwait gpt debug noinitrd earlyprintk init=/bin/bash
 PID hash table entries: 4096 (order: 2, 16384 bytes)
 Dentry cache hash table entries: 131072 (order: 7, 524288 bytes)
 Inode-cache hash table entries: 65536 (order: 6, 262144 bytes)
@@ -138,7 +85,7 @@
     lowmem  : 0xc0000000 - 0xf0000000   ( 768 MB)
     pkmap   : 0xbfe00000 - 0xc0000000   (   2 MB)
     modules : 0xbf000000 - 0xbfe00000   (  14 MB)
-      .text : 0xc0008000 - 0xc0ab2228   (10921 kB)
+      .text : 0xc0008000 - 0xc0ab2288   (10921 kB)
       .init : 0xc0b00000 - 0xc0c00000   (1024 kB)
       .data : 0xc0c00000 - 0xc0c5df80   ( 376 kB)
        .bss : 0xc0c5f000 - 0xc0cb9a04   ( 363 kB)
@@ -240,7 +187,7 @@
 tegra-pmc 7000e400.pmc: emergency thermal reset enabled
 Serial: 8250/16550 driver, 4 ports, IRQ sharing disabled
 console [ttyS0] disabled
-70006300.serial: ttyS0 at MMIO 0x70006300 (irq = 331, base_baud = 25500000) is a Tegra
+70006300.serial: ttyS0 at MMIO 0x70006300 (irq = 333, base_baud = 25500000) is a Tegra
 console [ttyS0] enabled
 console [ttyS0] enabled
 bootconsole [earlycon0] disabled
@@ -275,7 +222,7 @@
 tegra-ehci: Tegra EHCI driver
 tegra-ehci 7d004000.usb: EHCI Host Controller
 tegra-ehci 7d004000.usb: new USB bus registered, assigned bus number 1
-tegra-ehci 7d004000.usb: irq 348, io mem 0x7d004000
+tegra-ehci 7d004000.usb: irq 350, io mem 0x7d004000
 tegra-ehci 7d004000.usb: USB 2.0 started, EHCI 1.10
 hub 1-0:1.0: USB hub found
 hub 1-0:1.0: 1 port detected
@@ -285,7 +232,7 @@
 usbcore: registered new interface driver usb-storage
 mousedev: PS/2 mouse device common for all mice
 as3722-rtc as3722-rtc: rtc core: registered as3722-rtc as rtc0
-as3722-rtc as3722-rtc: RTC interrupt 371
+as3722-rtc as3722-rtc: RTC interrupt 373
 tegra_rtc 7000e000.rtc: rtc core: registered 7000e000.rtc as rtc1
 tegra_rtc 7000e000.rtc: Tegra internal Real Time Clock
 i2c /dev entries driver
@@ -309,19 +256,18 @@
 mmcblk0boot0: mmc0:0001 SEM16G partition 1 4.00 MiB
 mmcblk0boot1: mmc0:0001 SEM16G partition 2 4.00 MiB
 mmcblk0rpmb: mmc0:0001 SEM16G partition 3 4.00 MiB
-Primary GPT is invalid, using alternate GPT.
- mmcblk0: p1 p2 p3 p4 p5 p6 p7 p8 p9
+ mmcblk0: p1
 tegra30-i2s 70301100.i2s: DMA channels sourced from device 70300000.ahub
 rt5640 0-001c: ASoC: no source widget found for DAC L2 Power
 rt5640 0-001c: ASoC: Failed to add route DAC L2 Power -> direct -> IF2 DAC L
 rt5640 0-001c: ASoC: no source widget found for DAC R2 Power
 rt5640 0-001c: ASoC: Failed to add route DAC R2 Power -> direct -> IF2 DAC R
 tegra-snd-rt5640 sound: rt5640-aif1 <-> 70301100.i2s mapping ok
-input: NVIDIA Tegra Jetson TK1 Headphones as /devices/soc0/sound/sound/card1/input0
+input: NVIDIA Tegra Jetson TK1 Headphones as /devices/soc0/sound/sound/card1/input1
+input: tegra-hda HDMI/DP,pcm=3 as /devices/soc0/70030000.hda/sound/card0/input0
 NET: Registered protocol family 10
 mip6: Mobile IPv6
 sit: IPv6 over IPv4 tunneling driver
-input: tegra-hda HDMI/DP,pcm=3 as /devices/soc0/70030000.hda/sound/card0/input1
 NET: Registered protocol family 17
 NET: Registered protocol family 15
 can: controller area network core (rev 20120528 abi 9)
@@ -344,22 +290,61 @@
 +1.05V_RUN_AVDD: supplied by +1.35V_LP0(sd2)
 tegra-pcie 1003000.pcie-controller: probing port 0, using 2 lanes
 tegra-pcie 1003000.pcie-controller: Slot present pin change, signature: 00000008
-tegra-pcie 1003000.pcie-controller: link 0 down, retrying
-tegra-pcie 1003000.pcie-controller: link 0 down, retrying
-tegra-pcie 1003000.pcie-controller: link 0 down, retrying
-tegra-pcie 1003000.pcie-controller: link 0 down, ignoring
 tegra-pcie 1003000.pcie-controller: probing port 1, using 1 lanes
 tegra-pcie 1003000.pcie-controller: Slot present pin change, signature: 00000000
-tegra-pcie 1003000.pcie-controller: link 1 down, retrying
-tegra-pcie 1003000.pcie-controller: link 1 down, retrying
-tegra-pcie 1003000.pcie-controller: link 1 down, retrying
-tegra-pcie 1003000.pcie-controller: link 1 down, ignoring
 tegra-pcie 1003000.pcie-controller: PCI host bridge to bus 0000:00
 pci_bus 0000:00: root bus resource [io  0x0000-0xffff]
 pci_bus 0000:00: root bus resource [mem 0x13000000-0x1fffffff]
 pci_bus 0000:00: root bus resource [mem 0x20000000-0x3fffffff pref]
 pci_bus 0000:00: root bus resource [bus 00-ff]
-PCI: bus0: Fast back to back transfers enabled
+pci 0000:00:01.0: [10de:0e12] type 01 class 0x060400
+pci 0000:00:01.0: PME# supported from D0 D1 D2 D3hot D3cold
+pci 0000:00:02.0: [10de:0e13] type 01 class 0x060400
+pci 0000:00:02.0: PME# supported from D0 D1 D2 D3hot D3cold
+PCI: bus0: Fast back to back transfers disabled
+pci 0000:00:01.0: bridge configuration invalid ([bus 00-00]), reconfiguring
+pci 0000:00:02.0: bridge configuration invalid ([bus 00-00]), reconfiguring
+pci 0000:01:00.0: [8086:4232] type 00 class 0x028000
+pci 0000:01:00.0: reg 0x10: [mem 0x00000000-0x00001fff 64bit]
+pci 0000:01:00.0: PME# supported from D0 D3hot D3cold
+PCI: bus1: Fast back to back transfers disabled
+pci_bus 0000:01: busn_res: [bus 01-ff] end is updated to 01
+pci 0000:02:00.0: [10ec:8168] type 00 class 0x020000
+pci 0000:02:00.0: reg 0x10: [io  0x0000-0x00ff]
+pci 0000:02:00.0: reg 0x18: [mem 0x00000000-0x00000fff 64bit]
+pci 0000:02:00.0: reg 0x20: [mem 0x00000000-0x00003fff 64bit pref]
+pci 0000:02:00.0: supports D1 D2
+pci 0000:02:00.0: PME# supported from D0 D1 D2 D3hot D3cold
+PCI: bus2: Fast back to back transfers disabled
+pci_bus 0000:02: busn_res: [bus 02-ff] end is updated to 02
+pci 0000:00:01.0: BAR 8: assigned [mem 0x13000000-0x130fffff]
+pci 0000:00:02.0: BAR 8: assigned [mem 0x13100000-0x131fffff]
+pci 0000:00:02.0: BAR 9: assigned [mem 0x20000000-0x200fffff 64bit pref]
+pci 0000:00:02.0: BAR 7: assigned [io  0x1000-0x1fff]
+pci 0000:01:00.0: BAR 0: assigned [mem 0x13000000-0x13001fff 64bit]
+pci 0000:00:01.0: PCI bridge to [bus 01]
+pci 0000:00:01.0:   bridge window [mem 0x13000000-0x130fffff]
+pci 0000:02:00.0: BAR 4: assigned [mem 0x20000000-0x20003fff 64bit pref]
+pci 0000:02:00.0: BAR 2: assigned [mem 0x13100000-0x13100fff 64bit]
+pci 0000:02:00.0: BAR 0: assigned [io  0x1000-0x10ff]
+pci 0000:00:02.0: PCI bridge to [bus 02]
+pci 0000:00:02.0:   bridge window [io  0x1000-0x1fff]
+pci 0000:00:02.0:   bridge window [mem 0x13100000-0x131fffff]
+pci 0000:00:02.0:   bridge window [mem 0x20000000-0x200fffff 64bit pref]
+pci 0000:00:01.0: nv_msi_ht_cap_quirk didn't locate host bridge
+pcieport 0000:00:01.0: enabling device (0140 -> 0142)
+pcieport 0000:00:01.0: Signaling PME through PCIe PME interrupt
+pci 0000:01:00.0: Signaling PME through PCIe PME interrupt
+pcie_pme 0000:00:01.0:pcie01: service driver pcie_pme loaded
+pci 0000:00:02.0: nv_msi_ht_cap_quirk didn't locate host bridge
+pcieport 0000:00:02.0: enabling device (0140 -> 0143)
+pcieport 0000:00:02.0: Signaling PME through PCIe PME interrupt
+pci 0000:02:00.0: Signaling PME through PCIe PME interrupt
+pcie_pme 0000:00:02.0:pcie01: service driver pcie_pme loaded
+r8169 Gigabit Ethernet driver 2.3LK-NAPI loaded
+r8169 0000:02:00.0: enabling device (0140 -> 0143)
+r8169 0000:02:00.0 eth0: RTL8168g/8111g at 0xf0952000, 00:04:4b:3a:d9:81, XID 0c000800 IRQ 391
+r8169 0000:02:00.0 eth0: jumbo features [frames: 9200 bytes, tx checksumming: ko]
 +5V_HDMI_CON: supplied by +5V_SYS
 +1.05V_RUN_AVDD_HDMI_PLL: supplied by +1.05V_RUN
 +3.3V_RUN: supplied by +3.3V_SYS
@@ -376,12 +361,12 @@
 tegra-ahci 70027000.sata: flags: 64bit ncq sntf pm led pio slum part sadm sds apst 
 scsi host0: tegra-ahci
 scsi host1: tegra-ahci
-ata1: SATA max UDMA/133 mmio [mem 0x70027000-0x70028fff] port 0x100 irq 341
+ata1: SATA max UDMA/133 mmio [mem 0x70027000-0x70028fff] port 0x100 irq 343
 ata2: DUMMY
 +5V_USB_HS: supplied by +5V_SYS
 tegra-ehci 7d008000.usb: EHCI Host Controller
 tegra-ehci 7d008000.usb: new USB bus registered, assigned bus number 2
-tegra-ehci 7d008000.usb: irq 349, io mem 0x7d008000
+tegra-ehci 7d008000.usb: irq 351, io mem 0x7d008000
 tegra-ehci 7d008000.usb: USB 2.0 started, EHCI 1.10
 hub 2-0:1.0: USB hub found
 hub 2-0:1.0: 1 port detected
@@ -396,7 +381,7 @@
 mmc1: Invalid maximum block size, assuming 512 bytes
 mmc1: SDHCI controller on 700b0400.sdhci [700b0400.sdhci] using ADMA 64-bit
 input: gpio-keys as /devices/soc0/gpio-keys/input/input2
-as3722-rtc as3722-rtc: setting system clock to 2000-01-01 00:00:55 UTC (946684855)
+as3722-rtc as3722-rtc: setting system clock to 2000-01-01 00:00:12 UTC (946684812)
 +1.8V_RUN_CAM: disabling
 +2.8V_RUN_CAM: disabling
 +1.2V_RUN_CAM_FRONT: disabling
@@ -406,17 +391,18 @@
 +1.8V_RUN_VPP_FUSE: disabling
 +USB0_VBUS_SW: disabling
 ALSA device list:
-  #0: tegra-hda at 0x70038000 irq 342
+  #0: tegra-hda at 0x70038000 irq 344
   #1: NVIDIA Tegra Jetson TK1
 ata1: SATA link down (SStatus 0 SControl 300)
-EXT4-fs (mmcblk0p1): couldn't mount as ext3 due to feature incompatibilities
-EXT4-fs (mmcblk0p1): warning: mounting fs with errors, running e2fsck is recommended
-usb 2-1: new high-speed USB device number 2 using tegra-ehci
+EXT4-fs (mmcblk0p1): mounting ext3 file system using the ext4 subsystem
 EXT4-fs (mmcblk0p1): recovery complete
 EXT4-fs (mmcblk0p1): mounted filesystem with ordered data mode. Opts: (null)
-VFS: Mounted root (ext4 filesystem) on device 179:1.
+VFS: Mounted root (ext3 filesystem) on device 179:1.
 devtmpfs: mounted
 Freeing unused kernel memory: 1024K (c0b00000 - c0c00000)
+mmc1: new high speed SDHC card at address aaaa
+mmcblk1: mmc1:aaaa SD04G 3.69 GiB 
+ mmcblk1: p1 p2 p3
 bash: cannot set terminal process group (-1): Inappropriate ioctl for device
 bash: no job control in this shell
 root@(none):/# 
\ No newline at end of file
Diff for ./tegra132-norrin/tegra132-norrin/defconfig_log.txt
--- /tmp/fooa	2016-04-24 16:41:38.305094592 -0700
+++ /tmp/foob	2016-04-24 16:41:38.305094592 -0700
@@ -31,7 +31,7 @@
 MSENC clock is set to  79200 KHz
 Vde clock is set to 204000 KHz
 
-Bootloader-Cpu Init at (time stamp): 1800485 us
+Bootloader-Cpu Init at (time stamp): 1800276 us
 
 Pinmux changes applied in kernel way
 
@@ -59,25 +59,25 @@
 The proc BoardInfo: 0x0176:0x0001:0x01:0x43:0x00
 FastbootAddAtag: setting ATAG (0)
 
-Board Id Read Time: 3 us
+Board Id Read Time: 4 us
 Power Rail enable Time: 1 us
 
-Miscellaneous avp time: 1800459  us
-Bootloader (AosInit) time: 733549 us
-Bootloader Main Init time: 180139 us
-BlockDevMgrInit time: 157570 us
-PartMgrInit time: 9 us
-StorMgrInit time: 30 us
+Miscellaneous avp time: 1800249  us
+Bootloader (AosInit) time: 733441 us
+Bootloader Main Init time: 180214 us
+BlockDevMgrInit time: 157550 us
+PartMgrInit time: 8 us
+StorMgrInit time: 31 us
 FsMgrInit time: 2 us
-Partition Table load: 76982 us 
-Display init time: 574589 us
-Kernel read time: 309 msec
+Partition Table load: 77021 us 
+Display init time: 574640 us
+Kernel read time: 308 msec
 Load Kernel Size:   13305856 Bytes
-Bl Kernel ReadSpeed: 43061000 Bytes/sec
-Pre-Kernel Jump time: 1507862 us
-Clearing 32 Bit State and Warm resetting to 64bit mode: 5522889 us
+Bl Kernel ReadSpeed: 43200000 Bytes/sec
+Pre-Kernel Jump time: 1507972 us
+Clearing 32 Bit State and Warm resetting to 64bit mode: 5523004 us
 Booting Linux on physical CPU 0x0
-Linux version 4.6.0-rc4+ (pwalmsley@tamien) (gcc version 4.9.2 20140904 (prerelease) (crosstool-NG linaro-1.13.1-4.9-2014.09 - Linaro GCC 4.9-2014.09) ) #1 SMP PREEMPT Sun Apr 17 19:36:12 PDT 2016
+Linux version 4.6.0-rc5+ (pwalmsley@tamien) (gcc version 4.9.2 20140904 (prerelease) (crosstool-NG linaro-1.13.1-4.9-2014.09 - Linaro GCC 4.9-2014.09) ) #1 SMP PREEMPT Sun Apr 24 16:36:06 PDT 2016
 Boot CPU: AArch64 Processor [4e0f0000]
 Memory limited to 1734MB
 efi: Getting EFI parameters from FDT:
@@ -179,7 +179,7 @@
 kvm [1]: HYP mode not available
 futex hash table entries: 256 (order: 3, 32768 bytes)
 audit: initializing netlink subsys (disabled)
-audit: type=2000 audit(0.843:1): initialized
+audit: type=2000 audit(0.835:1): initialized
 workingset: timestamp_bits=44 max_order=19 bucket_order=0
 squashfs: version 4.0 (2009/01/31) Phillip Lougher
 NFS: Registering the id_resolver key type
@@ -238,23 +238,16 @@
 Key type dns_resolver registered
 registered taskstats version 1
 mmc0: new high speed MMC card at address 0001
-sdhci-tegra 700b0400.sdhci: Got CD GPIO
 mmcblk0: mmc0:0001 SEM16G 14.7 GiB 
-mmcblk0boot0: mmc0:0001 SEM16G partition 1 4.00 MiB
-sdhci-tegra 700b0400.sdhci: Got WP GPIO
-mmc1: Unknown controller version (3). You may experience problems.
-mmcblk0boot1: mmc0:0001 SEM16G partition 2 4.00 MiB
-input: gpio-keys as /devices/platform/gpio-keys/input/input0
-mmcblk0rpmb: mmc0:0001 SEM16G partition 3 4.00 MiB
- mmcblk0: p1 p2 p3 p4 p5 p6 p7 p8
 sdhci-tegra 700b0400.sdhci: Got CD GPIO
 sdhci-tegra 700b0400.sdhci: Got WP GPIO
 mmc1: Unknown controller version (3). You may experience problems.
+input: gpio-keys as /devices/platform/gpio-keys/input/input0
 hctosys: unable to open rtc device (rtc0)
-+3.3V_AVDD_HDMI_AP_GATED: disabling
 sdhci-tegra 700b0400.sdhci: Got CD GPIO
 sdhci-tegra 700b0400.sdhci: Got WP GPIO
 mmc1: Unknown controller version (3). You may experience problems.
++3.3V_AVDD_HDMI_AP_GATED: disabling
 +VDD_LED: disabling
 +5V_USB_HS: disabling
 +5V_USB_SS: disabling
@@ -263,12 +256,19 @@
 ALSA device list:
   No soundcards found.
 Freeing unused kernel memory: 816K (ffffff8008a3a000 - ffffff8008b06000)
+mmcblk0boot0: mmc0:0001 SEM16G partition 1 4.00 MiB
+mmcblk0boot1: mmc0:0001 SEM16G partition 2 4.00 MiB
+mmcblk0rpmb: mmc0:0001 SEM16G partition 3 4.00 MiB
+ mmcblk0: p1 p2 p3 p4 p5 p6 p7 p8
 
 System initialization...
 
-Mounting /proc :[SUCCESS]
-Mounting /sys :[SUCCESS]
-Mounting /dev :[SUCCESS]
+Mounting /proc :[    2.578239] sdhci-tegra 700b0400.sdhci: Got CD GPIO
+[SUCCESS]
+Mounting /sys :[    2.589314] sdhci-tegra 700b0400.sdhci: Got WP GPIO
+[SUCCESS]
+Mounting /dev :[    2.599153] mmc1: Unknown controller version (3). You may experience problems.
+[SUCCESS]
 Mounting /dev/pts :[SUCCESS]
 Mounting /sys/kernel/debug :[SUCCESS]
 Mounting other filesystems :[SUCCESS]
Diff for ./tegra20-trimslice/tegra20-trimslice/multi_v7_defconfig_log.txt
--- /tmp/fooa	2016-04-24 16:41:38.325094594 -0700
+++ /tmp/foob	2016-04-24 16:41:38.329094594 -0700
@@ -47,20 +47,20 @@
 	 #################################################################
 	 #################################################################
 	 #################
-	 907.2 KiB/s
+	 4.1 MiB/s
 done
-Bytes transferred = 6916368 (698910 hex)
+Bytes transferred = 6918656 (699200 hex)
 Tegra20 (TrimSlice) # tftpboot 0x02408000 tegra20-trimslice.dtb
 Using RTL8169#0 device
 TFTP from server 192.168.100.1; our IP address is 192.168.100.103
 Filename 'tegra20-trimslice.dtb'.
 Load address: 0x2408000
 Loading: *##
-	 859.4 KiB/s
+	 4 MiB/s
 done
 Bytes transferred = 21130 (528a hex)
 Tegra20 (TrimSlice) # bootz 0x00408000 - 0x02408000
-Kernel image @ 0x408000 [ 0x000000 - 0x698910 ]
+Kernel image @ 0x408000 [ 0x000000 - 0x699200 ]
 ## Flattened Device Tree blob at 02408000
    Booting using the fdt blob at 0x2408000
    Using Device Tree in place at 02408000, end 02410289
@@ -68,7 +68,7 @@
 Starting kernel ...
 
 Booting Linux on physical CPU 0x0
-Linux version 4.6.0-rc4-82725-gc3b46c7 (pwalmsley@sellafield) (gcc version 4.7.3 20130328 (prerelease) (crosstool-NG linaro-1.13.1-4.7-2013.04-20130415 - Linaro GCC 2013.04) ) #1 SMP Sun Apr 17 19:34:23 PDT 2016
+Linux version 4.6.0-rc5-82962-g02da2d7 (pwalmsley@sellafield) (gcc version 4.7.3 20130328 (prerelease) (crosstool-NG linaro-1.13.1-4.7-2013.04-20130415 - Linaro GCC 2013.04) ) #1 SMP Sun Apr 24 16:34:30 PDT 2016
 CPU: ARMv7 Processor [411fc090] revision 0 (ARMv7), cr=10c5387d
 CPU: PIPT / VIPT nonaliasing data cache, VIPT aliasing instruction cache
 Machine model: Compulab TrimSlice board
@@ -97,7 +97,7 @@
     lowmem  : 0xc0000000 - 0xf0000000   ( 768 MB)
     pkmap   : 0xbfe00000 - 0xc0000000   (   2 MB)
     modules : 0xbf000000 - 0xbfe00000   (  14 MB)
-      .text : 0xc0208000 - 0xc104fa4c   (14623 kB)
+      .text : 0xc0208000 - 0xc104fa90   (14623 kB)
       .init : 0xc1100000 - 0xc1300000   (2048 kB)
       .data : 0xc1300000 - 0xc141d400   (1141 kB)
        .bss : 0xc141f000 - 0xc1474518   ( 342 kB)
@@ -321,21 +321,22 @@
 tegra-ehci c5000000.usb: new USB bus registered, assigned bus number 2
 tegra-ehci c5000000.usb: irq 288, io mem 0xc5000000
 usb 1-1: new high-speed USB device number 2 using tegra-ehci
-mmc0: host does not support reading read-only switch, assuming write-enable
 tegra-ehci c5000000.usb: USB 2.0 started, EHCI 1.00
-mmc0: new high speed SDHC card at address b368
-mmcblk0: mmc0:b368 NCard 3.70 GiB 
 hub 2-0:1.0: USB hub found
 hub 2-0:1.0: 1 port detected
 input: gpio-keys as /devices/soc0/gpio-keys/input/input0
-rtc-em3027 2-0056: setting system clock to 2014-12-28 17:10:19 UTC (1419786619)
+rtc-em3027 2-0056: setting system clock to 2014-12-29 13:56:19 UTC (1419861379)
+Waiting for root device PARTUUID=11eb23c1-01...
+mmc0: host does not support reading read-only switch, assuming write-enable
+mmc0: new high speed SDHC card at address b368
+mmcblk0: mmc0:b368 NCard 3.70 GiB 
  mmcblk0: p1
-EXT4-fs (mmcblk0p1): mounting ext3 file system using the ext4 subsystem
 mmc1: new high speed SD card at address b368
 mmcblk1: mmc1:b368 NCard 1.83 GiB (ro)
  mmcblk1: p1 p2
 hub 1-1:1.0: USB hub found
 hub 1-1:1.0: 4 ports detected
+EXT4-fs (mmcblk0p1): mounting ext3 file system using the ext4 subsystem
 usb 1-1.2: new high-speed USB device number 3 using tegra-ehci
 EXT4-fs (mmcblk0p1): recovery complete
 EXT4-fs (mmcblk0p1): mounted filesystem with ordered data mode. Opts: (null)
Diff for ./tegra20-trimslice/tegra20-trimslice/tegra_defconfig_log.txt
--- /tmp/fooa	2016-04-24 16:41:38.345094596 -0700
+++ /tmp/foob	2016-04-24 16:41:38.349094596 -0700
@@ -44,10 +44,10 @@
 	 #################################################################
 	 #################################################################
 	 #################################################################
-	 #####################################
-	 909.2 KiB/s
+	 ######################################
+	 900.4 KiB/s
 done
-Bytes transferred = 5313776 (5114f0 hex)
+Bytes transferred = 5316440 (511f58 hex)
 Tegra20 (TrimSlice) # tftpboot 0x02408000 tegra20-trimslice.dtb
 Using RTL8169#0 device
 TFTP from server 192.168.100.1; our IP address is 192.168.100.103
@@ -58,7 +58,7 @@
 done
 Bytes transferred = 21130 (528a hex)
 Tegra20 (TrimSlice) # bootz 0x00408000 - 0x02408000
-Kernel image @ 0x408000 [ 0x000000 - 0x5114f0 ]
+Kernel image @ 0x408000 [ 0x000000 - 0x511f58 ]
 ## Flattened Device Tree blob at 02408000
    Booting using the fdt blob at 0x2408000
    Using Device Tree in place at 02408000, end 02410289
@@ -67,7 +67,7 @@
 
 Uncompressing Linux... done, booting the kernel.
 Booting Linux on physical CPU 0x0
-Linux version 4.6.0-rc4-82725-gc3b46c7 (pwalmsley@kaivo) (gcc version 4.7.3 20130328 (prerelease) (crosstool-NG linaro-1.13.1-4.7-2013.04-20130415 - Linaro GCC 2013.04) ) #1 SMP PREEMPT Sun Apr 17 19:34:14 PDT 2016
+Linux version 4.6.0-rc5-82962-g02da2d7 (pwalmsley@kaivo) (gcc version 4.7.3 20130328 (prerelease) (crosstool-NG linaro-1.13.1-4.7-2013.04-20130415 - Linaro GCC 2013.04) ) #1 SMP PREEMPT Sun Apr 24 16:34:25 PDT 2016
 CPU: ARMv7 Processor [411fc090] revision 0 (ARMv7), cr=10c5387d
 CPU: PIPT / VIPT nonaliasing data cache, VIPT aliasing instruction cache
 Machine model: Compulab TrimSlice board
@@ -97,7 +97,7 @@
     lowmem  : 0xc0000000 - 0xf0000000   ( 768 MB)
     pkmap   : 0xbfe00000 - 0xc0000000   (   2 MB)
     modules : 0xbf000000 - 0xbfe00000   (  14 MB)
-      .text : 0xc0008000 - 0xc0ab2228   (10921 kB)
+      .text : 0xc0008000 - 0xc0ab2288   (10921 kB)
       .init : 0xc0b00000 - 0xc0c00000   (1024 kB)
       .data : 0xc0c00000 - 0xc0c5df80   ( 376 kB)
        .bss : 0xc0c5f000 - 0xc0cb9a04   ( 363 kB)
@@ -304,17 +304,20 @@
 tlv320aic23-codec 2-001a: ASoC: no dapm match for MICIN --> NULL --> Mic Input
 tlv320aic23-codec 2-001a: ASoC: Failed to add route MICIN -> NULL -> Mic Input
 tegra-snd-trimslice sound: tlv320aic23-hifi <-> 70002800.i2s mapping ok
-NET: Registered protocol family 10
 usb 1-1: new high-speed USB device number 2 using tegra-ehci
+NET: Registered protocol family 10
 mmc0: host does not support reading read-only switch, assuming write-enable
 mmc0: new high speed SDHC card at address b368
-mmc1: new high speed SD card at address b368
+mmcblk0: mmc0:b368 NCard 3.70 GiB 
+ mmcblk0: p1
 mip6: Mobile IPv6
+mmc1: new high speed SD card at address b368
 sit: IPv6 over IPv4 tunneling driver
+mmcblk1: mmc1:b368 NCard 1.83 GiB (ro)
+ mmcblk1: p1 p2
 NET: Registered protocol family 17
 NET: Registered protocol family 15
 can: controller area network core (rev 20120528 abi 9)
-mmcblk0: mmc0:b368 NCard 3.70 GiB 
 NET: Registered protocol family 29
 can: raw protocol (rev 20120528)
 can: broadcast manager protocol (rev 20120528 t)
@@ -330,26 +333,23 @@
 utmi_phy_clk_enable: timeout waiting for phy to stabilize
 tegra-ehci c5000000.usb: EHCI Host Controller
 tegra-ehci c5000000.usb: new USB bus registered, assigned bus number 2
+hub 1-1:1.0: USB hub found
 tegra-ehci c5000000.usb: irq 288, io mem 0xc5000000
-mmcblk1: mmc1:b368 NCard 1.83 GiB (ro)
- mmcblk0: p1
- mmcblk1: p1 p2
+hub 1-1:1.0: 4 ports detected
 tegra-ehci c5000000.usb: USB 2.0 started, EHCI 1.00
 hub 2-0:1.0: USB hub found
 hub 2-0:1.0: 1 port detected
 input: gpio-keys as /devices/soc0/gpio-keys/input/input0
-rtc-em3027 2-0056: setting system clock to 2014-12-28 17:08:53 UTC (1419786533)
+rtc-em3027 2-0056: setting system clock to 2014-12-29 13:54:52 UTC (1419861292)
 ALSA device list:
   #0: tegra-trimslice
 EXT4-fs (mmcblk0p1): mounting ext3 file system using the ext4 subsystem
-hub 1-1:1.0: USB hub found
-hub 1-1:1.0: 4 ports detected
-usb 1-1.2: new high-speed USB device number 3 using tegra-ehci
 EXT4-fs (mmcblk0p1): recovery complete
 EXT4-fs (mmcblk0p1): mounted filesystem with ordered data mode. Opts: (null)
 VFS: Mounted root (ext3 filesystem) on device 179:1.
 devtmpfs: mounted
 Freeing unused kernel memory: 1024K (c0b00000 - c0c00000)
+usb 1-1.2: new high-speed USB device number 3 using tegra-ehci
 bash: cannot set terminal process group (-1): Inappropriate ioctl for device
 bash: no job control in this shell
 root@(none):/# 
\ No newline at end of file
Diff for ./tegra210-p2371-0000/tegra210-p2371-0000/defconfig_log.txt
--- /tmp/fooa	2016-04-24 16:41:38.369094598 -0700
+++ /tmp/foob	2016-04-24 16:41:38.369094598 -0700
@@ -64,17 +64,17 @@
 Loading and Validation of Secure OS Successful
 NvTbootPackSdramParams: start. 
 NvTbootPackSdramParams: done. 
-Tegraboot started after 755196 us
-Basic modules init took 348452 us
-Sec Bootdevice Read Time = 202 ms, Read Size = 8459 KB
-Next stage binary read took 14759 us
-Carveout took 252722 us
-CPU initialization took 92333 us
-Total time taken by TegraBoot 708266 us
+Tegraboot started after 730169 us
+Basic modules init took 348715 us
+Sec Bootdevice Read Time = 203 ms, Read Size = 8459 KB
+Next stage binary read took 14916 us
+Carveout took 252723 us
+CPU initialization took 92319 us
+Total time taken by TegraBoot 708673 us
 
 Starting CPU & Halting co-processor 
 
-64b[0001.594] LPDDR4 Training: Number of tables = 10
+64b[0001.570] LPDDR4 Training: Number of tables = 10
 EMC Training (SRC-freq: 204000; DST-freq: 408000)
 EMC Training Successful
 EMC Training (SRC-freq: 204000; DST-freq: 665600)
@@ -108,7 +108,7 @@
 Tegra210 (P2371-0000) # 
 Tegra210 (P2371-0000) # ums 0 mmc 0
 UMS: disk start sector: 0x0, count: 0x1d5a000
-|/-\|/-\/-\|/-\/-\|/-\/-\|/-\/-\|/-\/-\|/-\/-\|/-\/-\|/-\/-\|/-\/-\|/-\/-\|/-\/-\CTRL+C - Operation aborted
+|/-\|/-\/-\|/-\/-\|/-\/-\|/-\/-\|/-\/-\|/-\/-\|/-\/-\|/-\/-\|/-\/-\|/-\/-\|/-\/-\|/-\/-\|/-\/-\|/-\/-\|/-\/-\CTRL+C - Operation aborted
 Tegra210 (P2371-0000) # 
 Tegra210 (P2371-0000) # env set fdt_copy_node_names /cpus:/psci
 Tegra210 (P2371-0000) # setenv rootpart 1
@@ -117,9 +117,9 @@
 Tegra210 (P2371-0000) # part uuid ${devtype} ${devnum}:${rootpart} uuid
 Tegra210 (P2371-0000) # setenv bootargs ignore_loglevel console=ttyS0,115200n8 earlycon=uart8250,mmio32,0x70006000 rw root=PARTUUID=00000000-0001-0000-788f-a75600000000 rootwait debug earlyprintk init=/bin/bash
 Tegra210 (P2371-0000) # load ${devtype} ${devnum}:${rootpart} ${kernel_addr_r} /boot/Image.defconfig
-11674624 bytes read in 724 ms (15.4 MiB/s)
+11674624 bytes read in 739 ms (15.1 MiB/s)
 Tegra210 (P2371-0000) # load ${devtype} ${devnum}:${rootpart} ${fdt_addr_r} /boot/tegra210-p2371-0000.dtb
-37136 bytes read in 455 ms (79.1 KiB/s)
+37136 bytes read in 453 ms (79.1 KiB/s)
 Tegra210 (P2371-0000) # load ${devtype} ${devnum}:${rootpart} ${ramdisk_addr_r} /boot/tegra-ramdisk.img
 1627787 bytes read in 496 ms (3.1 MiB/s)
 Tegra210 (P2371-0000) # ramdisk_size=${filesize}
@@ -131,7 +131,7 @@
 Starting kernel ...
 
 Booting Linux on physical CPU 0x0
-Linux version 4.6.0-rc4+ (pwalmsley@tamien) (gcc version 4.9.2 20140904 (prerelease) (crosstool-NG linaro-1.13.1-4.9-2014.09 - Linaro GCC 4.9-2014.09) ) #1 SMP PREEMPT Sun Apr 17 19:36:12 PDT 2016
+Linux version 4.6.0-rc5+ (pwalmsley@tamien) (gcc version 4.9.2 20140904 (prerelease) (crosstool-NG linaro-1.13.1-4.9-2014.09 - Linaro GCC 4.9-2014.09) ) #1 SMP PREEMPT Sun Apr 24 16:36:06 PDT 2016
 Boot CPU: AArch64 Processor [411fd071]
 debug: ignoring loglevel setting.
 earlycon: uart8250 at MMIO32 0x0000000070006000 (options '')
@@ -259,7 +259,7 @@
 kvm [1]: timer IRQ3
 futex hash table entries: 1024 (order: 5, 131072 bytes)
 audit: initializing netlink subsys (disabled)
-audit: type=2000 audit(0.359:1): initialized
+audit: type=2000 audit(0.363:1): initialized
 workingset: timestamp_bits=44 max_order=20 bucket_order=0
 squashfs: version 4.0 (2009/01/31) Phillip Lougher
 NFS: Registering the id_resolver key type
Diff for ./tegra30-beaver/tegra30-beaver/multi_v7_defconfig_log.txt
--- /tmp/fooa	2016-04-24 16:41:38.377094599 -0700
+++ /tmp/foob	2016-04-24 16:41:38.377094599 -0700
@@ -39,20 +39,20 @@
 	 #################################################################
 	 #################################################################
 	 #################
-	 2.8 MiB/s
+	 3.4 MiB/s
 done
-Bytes transferred = 6916368 (698910 hex)
+Bytes transferred = 6918656 (699200 hex)
 Tegra30 (Beaver) # tftpboot 0x82000000 tegra30-beaver.dtb
 Using asx0 device
 TFTP from server 192.168.100.1; our IP address is 192.168.100.101
 Filename 'tegra30-beaver.dtb'.
 Load address: 0x82000000
 Loading: *####
-	 2.7 MiB/s
+	 2.5 MiB/s
 done
 Bytes transferred = 51467 (c90b hex)
 Tegra30 (Beaver) # bootz 0x81000000 - 0x82000000
-Kernel image @ 0x81000000 [ 0x000000 - 0x698910 ]
+Kernel image @ 0x81000000 [ 0x000000 - 0x699200 ]
 ## Flattened Device Tree blob at 82000000
    Booting using the fdt blob at 0x82000000
    Loading Device Tree to 8fff0000, end 8ffff90a ... OK
@@ -60,7 +60,7 @@
 Starting kernel ...
 
 Booting Linux on physical CPU 0x0
-Linux version 4.6.0-rc4-82725-gc3b46c7 (pwalmsley@sellafield) (gcc version 4.7.3 20130328 (prerelease) (crosstool-NG linaro-1.13.1-4.7-2013.04-20130415 - Linaro GCC 2013.04) ) #1 SMP Sun Apr 17 19:34:23 PDT 2016
+Linux version 4.6.0-rc5-82962-g02da2d7 (pwalmsley@sellafield) (gcc version 4.7.3 20130328 (prerelease) (crosstool-NG linaro-1.13.1-4.7-2013.04-20130415 - Linaro GCC 2013.04) ) #1 SMP Sun Apr 24 16:34:30 PDT 2016
 CPU: ARMv7 Processor [412fc099] revision 9 (ARMv7), cr=10c5387d
 CPU: PIPT / VIPT nonaliasing data cache, VIPT aliasing instruction cache
 Machine model: NVIDIA Tegra30 Beaver evaluation board
@@ -89,7 +89,7 @@
     lowmem  : 0xc0000000 - 0xf0000000   ( 768 MB)
     pkmap   : 0xbfe00000 - 0xc0000000   (   2 MB)
     modules : 0xbf000000 - 0xbfe00000   (  14 MB)
-      .text : 0xc0208000 - 0xc104fa4c   (14623 kB)
+      .text : 0xc0208000 - 0xc104fa90   (14623 kB)
       .init : 0xc1100000 - 0xc1300000   (2048 kB)
       .data : 0xc1300000 - 0xc141d400   (1141 kB)
        .bss : 0xc141f000 - 0xc1474518   ( 342 kB)
@@ -282,8 +282,8 @@
 sys_3v3_pexs: supplied by sys_3v3,vdd_3v3_alw
 tegra-pcie 3000.pcie-controller: probing port 0, using 2 lanes
 mmc1: new high speed MMC card at address 0001
-tegra-pcie 3000.pcie-controller: probing port 2, using 2 lanes
 mmcblk1: mmc1:0001 SEM16G 14.8 GiB 
+tegra-pcie 3000.pcie-controller: probing port 2, using 2 lanes
 mmcblk1boot0: mmc1:0001 SEM16G partition 1 1.00 MiB
 mmcblk1boot1: mmc1:0001 SEM16G partition 2 1.00 MiB
 mmcblk1rpmb: mmc1:0001 SEM16G partition 3 128 KiB
@@ -360,6 +360,7 @@
 VFS: Mounted root (ext3 filesystem) on device 179:1.
 devtmpfs: mounted
 Freeing unused kernel memory: 2048K (c1100000 - c1300000)
-bash: cannot set terminal process group (-1): Inappropriate ioctl for device
+bash: cannot set terminal process group (-1): Inappropriate ioctl for de[    3.713572] usb 2-1: new high-speed USB device number 2 using tegra-ehci
+vice
 bash: no job control in this shell
-root@(none):/# [    3.738561] usb 2-1: new high-speed USB device number 2 using tegra-ehci
+root@(none):/# 
\ No newline at end of file
Diff for ./tegra30-beaver/tegra30-beaver/tegra_defconfig_log.txt
--- /tmp/fooa	2016-04-24 16:41:38.385094599 -0700
+++ /tmp/foob	2016-04-24 16:41:38.385094599 -0700
@@ -36,21 +36,21 @@
 	 #################################################################
 	 #################################################################
 	 #################################################################
-	 #####################################
-	 3.4 MiB/s
+	 ######################################
+	 3.3 MiB/s
 done
-Bytes transferred = 5313776 (5114f0 hex)
+Bytes transferred = 5316440 (511f58 hex)
 Tegra30 (Beaver) # tftpboot 0x82000000 tegra30-beaver.dtb
 Using asx0 device
 TFTP from server 192.168.100.1; our IP address is 192.168.100.101
 Filename 'tegra30-beaver.dtb'.
 Load address: 0x82000000
 Loading: *####
-	 3.1 MiB/s
+	 3.3 MiB/s
 done
 Bytes transferred = 51467 (c90b hex)
 Tegra30 (Beaver) # bootz 0x81000000 - 0x82000000
-Kernel image @ 0x81000000 [ 0x000000 - 0x5114f0 ]
+Kernel image @ 0x81000000 [ 0x000000 - 0x511f58 ]
 ## Flattened Device Tree blob at 82000000
    Booting using the fdt blob at 0x82000000
    Loading Device Tree to 8fff0000, end 8ffff90a ... OK
@@ -59,7 +59,7 @@
 
 Uncompressing Linux... done, booting the kernel.
 Booting Linux on physical CPU 0x0
-Linux version 4.6.0-rc4-82725-gc3b46c7 (pwalmsley@kaivo) (gcc version 4.7.3 20130328 (prerelease) (crosstool-NG linaro-1.13.1-4.7-2013.04-20130415 - Linaro GCC 2013.04) ) #1 SMP PREEMPT Sun Apr 17 19:34:14 PDT 2016
+Linux version 4.6.0-rc5-82962-g02da2d7 (pwalmsley@kaivo) (gcc version 4.7.3 20130328 (prerelease) (crosstool-NG linaro-1.13.1-4.7-2013.04-20130415 - Linaro GCC 2013.04) ) #1 SMP PREEMPT Sun Apr 24 16:34:25 PDT 2016
 CPU: ARMv7 Processor [412fc099] revision 9 (ARMv7), cr=10c5387d
 CPU: PIPT / VIPT nonaliasing data cache, VIPT aliasing instruction cache
 Machine model: NVIDIA Tegra30 Beaver evaluation board
@@ -89,7 +89,7 @@
     lowmem  : 0xc0000000 - 0xf0000000   ( 768 MB)
     pkmap   : 0xbfe00000 - 0xc0000000   (   2 MB)
     modules : 0xbf000000 - 0xbfe00000   (  14 MB)
-      .text : 0xc0008000 - 0xc0ab2228   (10921 kB)
+      .text : 0xc0008000 - 0xc0ab2288   (10921 kB)
       .init : 0xc0b00000 - 0xc0c00000   (1024 kB)
       .data : 0xc0c00000 - 0xc0c5df80   ( 376 kB)
        .bss : 0xc0c5f000 - 0xc0cb9a04   ( 363 kB)
@@ -360,7 +360,7 @@
 VFS: Mounted root (ext3 filesystem) on device 179:1.
 devtmpfs: mounted
 Freeing unused kernel memory: 1024K (c0b00000 - c0c00000)
-usb 2-1: new high-speed USB device number 2 using tegra-ehci
 bash: cannot set terminal process group (-1): Inappropriate ioctl for device
-bash: no job control in this shell
+ba[    3.990608] usb 2-1: new high-speed USB device number 2 using tegra-ehci
+sh: no job control in this shell
 root@(none):/# 
\ No newline at end of file
