
U-Boot SPL 2015.04-rc3-00209-ga74ef40 (Mar 16 2015 - 14:43:39)


U-Boot 2015.04-rc3-00209-ga74ef40 (Mar 16 2015 - 14:43:39)

TEGRA20
Model: Compulab TrimSlice board
DRAM:  1 GiB
MMC:   Tegra SD/MMC: 0, Tegra SD/MMC: 1
SF: Detected W25Q80BL with page size 256 Bytes, erase size 4 KiB, total 1 MiB
tegra-pcie: PCI regions:
tegra-pcie:   I/O: 0x82000000-0x82010000
tegra-pcie:   non-prefetchable memory: 0xa0000000-0xa8000000
tegra-pcie:   prefetchable memory: 0xa8000000-0xc0000000
tegra-pcie: dual-mode configuration
tegra-pcie: probing port 0, using 2 lanes
In:    serial
Out:   serial
Err:   serial
Net:   RTL8169#0
Hit any key to stop autoboot:  2  1  0 
Tegra20 (TrimSlice) # 
Tegra20 (TrimSlice) # usb reset
resetting USB...
USB0:   USB EHCI 1.00
scanning bus 0 for devices... 3 USB Device(s) found
USB1:   USB EHCI 1.00
scanning bus 1 for devices... 1 USB Device(s) found
USB2:   lowlevel init failed
       scanning usb for storage devices... 0 Storage Device(s) found
       scanning usb for ethernet devices... 
Warning: asx0 using MAC address from net device
1 Ethernet Device(s) found
Tegra20 (TrimSlice) # setenv bootargs 'ignore_loglevel console=ttyS0,115200n8 rw root=PARTUUID=11eb23c1-01 rootwait gpt debug noinitrd earlyprintk init=/bin/bash'
Tegra20 (TrimSlice) # setenv ipaddr 192.168.100.103; setenv serverip 192.168.100.1; setenv tftpserverip 192.168.100.1
Tegra20 (TrimSlice) # tftpboot 0x00408000 zImage.multi_v7_defconfig
Using RTL8169#0 device
TFTP from server 192.168.100.1; our IP address is 192.168.100.103
Filename 'zImage.multi_v7_defconfig'.
Load address: 0x408000
Loading: *#################################################################
	 #################################################################
	 #################################################################
	 #################################################################
	 #################################################################
	 #################################################################
	 #################################################################
	 #################
	 4 MiB/s
done
Bytes transferred = 6918656 (699200 hex)
Tegra20 (TrimSlice) # tftpboot 0x02408000 tegra20-trimslice.dtb
Using RTL8169#0 device
TFTP from server 192.168.100.1; our IP address is 192.168.100.103
Filename 'tegra20-trimslice.dtb'.
Load address: 0x2408000
Loading: *##
	 4 MiB/s
done
Bytes transferred = 21130 (528a hex)
Tegra20 (TrimSlice) # bootz 0x00408000 - 0x02408000
Kernel image @ 0x408000 [ 0x000000 - 0x699200 ]
## Flattened Device Tree blob at 02408000
   Booting using the fdt blob at 0x2408000
   Using Device Tree in place at 02408000, end 02410289

Starting kernel ...

[    0.000000] Booting Linux on physical CPU 0x0
[    0.000000] Linux version 4.6.0-rc5-82962-g02da2d7 (pwalmsley@sellafield) (gcc version 4.7.3 20130328 (prerelease) (crosstool-NG linaro-1.13.1-4.7-2013.04-20130415 - Linaro GCC 2013.04) ) #1 SMP Sun Apr 24 16:34:30 PDT 2016
[    0.000000] CPU: ARMv7 Processor [411fc090] revision 0 (ARMv7), cr=10c5387d
[    0.000000] CPU: PIPT / VIPT nonaliasing data cache, VIPT aliasing instruction cache
[    0.000000] Machine model: Compulab TrimSlice board
[    0.000000] debug: ignoring loglevel setting.
[    0.000000] cma: Reserved 64 MiB at 0x3c000000
[    0.000000] Memory policy: Data cache writealloc
[    0.000000] On node 0 totalpages: 262144
[    0.000000] free_area_init_node: node 0, pgdat c141b3c0, node_mem_map ef7f8000
[    0.000000]   DMA zone: 1536 pages used for memmap
[    0.000000]   DMA zone: 0 pages reserved
[    0.000000]   DMA zone: 196608 pages, LIFO batch:31
[    0.000000]   HighMem zone: 65536 pages, LIFO batch:15
[    0.000000] percpu: Embedded 12 pages/cpu @ef7cb000 s19776 r8192 d21184 u49152
[    0.000000] pcpu-alloc: s19776 r8192 d21184 u49152 alloc=12*4096
[    0.000000] pcpu-alloc: [0] 0 [0] 1 
[    0.000000] Built 1 zonelists in Zone order, mobility grouping on.  Total pages: 260608
[    0.000000] Kernel command line: ignore_loglevel console=ttyS0,115200n8 rw root=PARTUUID=11eb23c1-01 rootwait gpt debug noinitrd earlyprintk init=/bin/bash
[    0.000000] PID hash table entries: 4096 (order: 2, 16384 bytes)
[    0.000000] Dentry cache hash table entries: 131072 (order: 7, 524288 bytes)
[    0.000000] Inode-cache hash table entries: 65536 (order: 6, 262144 bytes)
[    0.000000] Memory: 955940K/1048576K available (9522K kernel code, 1141K rwdata, 4108K rodata, 2048K init, 341K bss, 27100K reserved, 65536K cma-reserved, 196608K highmem)
[    0.000000] Virtual kernel memory layout:
[    0.000000]     vector  : 0xffff0000 - 0xffff1000   (   4 kB)
[    0.000000]     fixmap  : 0xffc00000 - 0xfff00000   (3072 kB)
[    0.000000]     vmalloc : 0xf0800000 - 0xff800000   ( 240 MB)
[    0.000000]     lowmem  : 0xc0000000 - 0xf0000000   ( 768 MB)
[    0.000000]     pkmap   : 0xbfe00000 - 0xc0000000   (   2 MB)
[    0.000000]     modules : 0xbf000000 - 0xbfe00000   (  14 MB)
[    0.000000]       .text : 0xc0208000 - 0xc104fa90   (14623 kB)
[    0.000000]       .init : 0xc1100000 - 0xc1300000   (2048 kB)
[    0.000000]       .data : 0xc1300000 - 0xc141d400   (1141 kB)
[    0.000000]        .bss : 0xc141f000 - 0xc1474518   ( 342 kB)
[    0.000000] SLUB: HWalign=64, Order=0-3, MinObjects=0, CPUs=2, Nodes=1
[    0.000000] Hierarchical RCU implementation.
[    0.000000] 	Build-time adjustment of leaf fanout to 32.
[    0.000000] 	RCU restricting CPUs from NR_CPUS=16 to nr_cpu_ids=2.
[    0.000000] RCU: Adjusting geometry for rcu_fanout_leaf=32, nr_cpu_ids=2
[    0.000000] NR_IRQS:16 nr_irqs:16 16
[    0.000000] /interrupt-controller@60004000: 128 interrupts forwarded to /interrupt-controller@50041000
[    0.000000] L2C: platform modifies aux control register: 0x02080000 -> 0x3e480001
[    0.000000] L2C: DT/platform modifies aux control register: 0x02080000 -> 0x3e480001
[    0.000000] L2C-310 errata 727915 769419 enabled
[    0.000000] L2C-310 enabling early BRESP for Cortex-A9
[    0.000000] L2C-310: enabling full line of zeros but not enabled in Cortex-A9
[    0.000000] L2C-310 ID prefetch enabled, offset 1 lines
[    0.000000] L2C-310 cache controller enabled, 8 ways, 1024 kB
[    0.000000] L2C-310: CACHE_ID 0x410000c4, AUX_CTRL 0x7e480001
[    0.000010] sched_clock: 32 bits at 1000kHz, resolution 1000ns, wraps every 2147483647500ns
[    0.000027] clocksource: timer_us: mask: 0xffffffff max_cycles: 0xffffffff, max_idle_ns: 1911260446275 ns
[    0.000037] Switching to timer-based delay loop, resolution 1000ns
[    0.001575] Console: colour dummy device 80x30
[    0.001596] Calibrating delay loop (skipped), value calculated using timer frequency.. 2.00 BogoMIPS (lpj=5000)
[    0.001606] pid_max: default: 32768 minimum: 301
[    0.001682] Mount-cache hash table entries: 2048 (order: 1, 8192 bytes)
[    0.001690] Mountpoint-cache hash table entries: 2048 (order: 1, 8192 bytes)
[    0.002169] CPU: Testing write buffer coherency: ok
[    0.002351] CPU0: thread -1, cpu 0, socket 0, mpidr 80000000
[    0.002397] Setting up static identity map for 0x300000 - 0x300098
[    0.003770] Tegra Revision: A03 prime SKU: 8 CPU Process: 1 SoC Process: 2
[    0.004814] CPU1: thread -1, cpu 1, socket 0, mpidr 80000001
[    0.004876] Brought up 2 CPUs
[    0.004887] SMP: Total of 2 processors activated (4.00 BogoMIPS).
[    0.004893] CPU: All CPU(s) started in SVC mode.
[    0.005577] devtmpfs: initialized
[    0.009557] VFP support v0.3: implementor 41 architecture 3 part 30 variant 9 rev 1
[    0.009946] clocksource: jiffies: mask: 0xffffffff max_cycles: 0xffffffff, max_idle_ns: 9556302231375000 ns
[    0.013042] pinctrl core: initialized pinctrl subsystem
[    0.014339] NET: Registered protocol family 16
[    0.016620] DMA: preallocated 256 KiB pool for atomic coherent allocations
[    0.029923] cpuidle: using governor menu
[    0.040949] No ATAGs?
[    0.040976] hw-breakpoint: found 5 (+1 reserved) breakpoint and 1 watchpoint registers.
[    0.040983] hw-breakpoint: maximum watchpoint size is 4 bytes.
[    0.044571] Serial: AMBA PL011 UART driver
[    0.068510] usb1_vbus: Failed to request enable GPIO170: -517
[    0.068524] reg-fixed-voltage regulators:regulator@2: Failed to register regulator: -517
[    0.072361] vgaarb: loaded
[    0.073114] SCSI subsystem initialized
[    0.073237] libata version 3.00 loaded.
[    0.073458] usbcore: registered new interface driver usbfs
[    0.073504] usbcore: registered new interface driver hub
[    0.073543] usbcore: registered new device driver usb
[    0.075682] pps_core: LinuxPPS API ver. 1 registered
[    0.075690] pps_core: Software ver. 5.3.6 - Copyright 2005-2007 Rodolfo Giometti <giometti@linux.it>
[    0.075710] PTP clock support registered
[    0.075878] EDAC MC: Ver: 3.0.0
[    0.077786] clocksource: Switched to clocksource timer_us
[    0.085737] NET: Registered protocol family 2
[    0.086165] TCP established hash table entries: 8192 (order: 3, 32768 bytes)
[    0.086235] TCP bind hash table entries: 8192 (order: 4, 65536 bytes)
[    0.086349] TCP: Hash tables configured (established 8192 bind 8192)
[    0.086418] UDP hash table entries: 512 (order: 2, 16384 bytes)
[    0.086467] UDP-Lite hash table entries: 512 (order: 2, 16384 bytes)
[    0.086633] NET: Registered protocol family 1
[    0.086870] RPC: Registered named UNIX socket transport module.
[    0.086878] RPC: Registered udp transport module.
[    0.086883] RPC: Registered tcp transport module.
[    0.086888] RPC: Registered tcp NFSv4.1 backchannel transport module.
[    0.086906] PCI: CLS 0 bytes, default 64
[    0.087714] hw perfevents: enabled with armv7_cortex_a9 PMU driver, 7 counters available
[    0.088812] futex hash table entries: 512 (order: 3, 32768 bytes)
[    0.089429] workingset: timestamp_bits=28 max_order=18 bucket_order=0
[    0.097454] squashfs: version 4.0 (2009/01/31) Phillip Lougher
[    0.098093] NFS: Registering the id_resolver key type
[    0.098132] Key type id_resolver registered
[    0.098139] Key type id_legacy registered
[    0.098187] ntfs: driver 2.1.32 [Flags: R/O].
[    0.099185] bounce: pool size: 64 pages
[    0.099350] Block layer SCSI generic (bsg) driver version 0.4 loaded (major 248)
[    0.099364] io scheduler noop registered
[    0.099375] io scheduler deadline registered
[    0.099403] io scheduler cfq registered (default)
[    0.110586] tegra-pcie 80003000.pcie-controller: dual-mode configuration
[    0.111161] tegra-pcie 80003000.pcie-controller: probing port 0, using 2 lanes
[    0.193242] tegra-pcie 80003000.pcie-controller: PCI host bridge to bus 0000:00
[    0.193254] pci_bus 0000:00: root bus resource [io  0x0000-0xffff]
[    0.193262] pci_bus 0000:00: root bus resource [mem 0xa0000000-0xa7ffffff]
[    0.193270] pci_bus 0000:00: root bus resource [mem 0xa8000000-0xbfffffff pref]
[    0.193278] pci_bus 0000:00: root bus resource [bus 00-ff]
[    0.193309] pci 0000:00:01.0: [10de:0bf0] type 01 class 0x060000
[    0.193368] pci 0000:00:01.0: PME# supported from D0 D1 D2 D3hot D3cold
[    0.193566] PCI: bus0: Fast back to back transfers disabled
[    0.193578] pci 0000:00:01.0: bridge configuration invalid ([bus 00-00]), reconfiguring
[    0.193705] pci 0000:01:00.0: [10ec:8168] type 00 class 0x020000
[    0.193728] pci 0000:01:00.0: reg 0x10: [io  0x0000-0x00ff]
[    0.193749] pci 0000:01:00.0: reg 0x18: [mem 0x00000000-0x00000fff 64bit pref]
[    0.193766] pci 0000:01:00.0: reg 0x20: [mem 0x00000000-0x00003fff 64bit pref]
[    0.193779] pci 0000:01:00.0: reg 0x30: [mem 0x00000000-0x0001ffff pref]
[    0.193854] pci 0000:01:00.0: supports D1 D2
[    0.193862] pci 0000:01:00.0: PME# supported from D0 D1 D2 D3hot D3cold
[    0.202819] PCI: bus1: Fast back to back transfers disabled
[    0.202832] pci_bus 0000:01: busn_res: [bus 01-ff] end is updated to 01
[    0.202843] Disabling cpuidle LP2 state, since PCIe IRQs are in use
[    0.202896] pci 0000:00:01.0: BAR 8: assigned [mem 0xa0000000-0xa00fffff]
[    0.202907] pci 0000:00:01.0: BAR 9: assigned [mem 0xa8000000-0xa80fffff 64bit pref]
[    0.202916] pci 0000:00:01.0: BAR 7: assigned [io  0x1000-0x1fff]
[    0.202928] pci 0000:01:00.0: BAR 6: assigned [mem 0xa0000000-0xa001ffff pref]
[    0.202938] pci 0000:01:00.0: BAR 4: assigned [mem 0xa8000000-0xa8003fff 64bit pref]
[    0.202954] pci 0000:01:00.0: BAR 2: assigned [mem 0xa8004000-0xa8004fff 64bit pref]
[    0.202970] pci 0000:01:00.0: BAR 0: assigned [io  0x1000-0x10ff]
[    0.202980] pci 0000:00:01.0: PCI bridge to [bus 01]
[    0.202989] pci 0000:00:01.0:   bridge window [io  0x1000-0x1fff]
[    0.202997] pci 0000:00:01.0:   bridge window [mem 0xa0000000-0xa00fffff]
[    0.203005] pci 0000:00:01.0:   bridge window [mem 0xa8000000-0xa80fffff 64bit pref]
[    0.203025] pci 0000:00:01.0: nv_msi_ht_cap_quirk didn't locate host bridge
[    0.203091] pcieport 0000:00:01.0: enabling device (0140 -> 0143)
[    0.203240] pcieport 0000:00:01.0: Signaling PME through PCIe PME interrupt
[    0.203249] pci 0000:01:00.0: Signaling PME through PCIe PME interrupt
[    0.203258] pcie_pme 0000:00:01.0:pcie01: service driver pcie_pme loaded
[    0.207110] tegra-apbdma 6000a000.dma: Tegra20 APB DMA driver register 16 channels
[    0.253179] Serial: 8250/16550 driver, 4 ports, IRQ sharing disabled
[    0.255524] console [ttyS0] disabled
[    0.255557] 70006000.serial: ttyS0 at MMIO 0x70006000 (irq = 279, base_baud = 13500000) is a Tegra
[    1.199132] console [ttyS0] enabled
[    1.203230] SuperH (H)SCI(F) driver initialized
[    1.208519] msm_serial: driver initialized
[    1.212750] STMicroelectronics ASC driver initialized
[    1.219547] [drm] Initialized drm 1.1.0 20060810
[    1.226273] 54280000.hdmi supply hdmi not found, using dummy regulator
[    1.235835] [drm] Supports vblank timestamp caching Rev 2 (21.10.2013).
[    1.242463] [drm] No driver support for vblank timestamp query.
[    1.248403] drm drm: No connectors reported connected with modes
[    1.254411] [drm] Cannot find any crtc or sizes - going 1024x768
[    1.276521] Console: switching to colour frame buffer device 128x48
[    1.291217] drm drm: fb0:  frame buffer device
[    1.307796] [drm] Initialized tegra 0.0.0 20120330 on minor 0
[    1.322241] brd: module loaded
[    1.329561] loop: module loaded
[    1.338311] m25p80 spi32766.0: found s25fl008k, expected w25q80bl
[    1.344418] m25p80 spi32766.0: s25fl008k (1024 Kbytes)
[    1.352004] libphy: Fixed MDIO Bus: probed
[    1.356655] CAN device driver interface
[    1.362001] igb: Intel(R) Gigabit Ethernet Network Driver - version 5.3.0-k
[    1.368961] igb: Copyright (c) 2007-2014 Intel Corporation.
[    1.375090] r8169 Gigabit Ethernet driver 2.3LK-NAPI loaded
[    1.380690] r8169 0000:01:00.0: enabling device (0140 -> 0143)
[    1.387285] r8169 0000:01:00.0 eth0: RTL8168d/8111d at 0xf0878000, 00:01:c0:13:7d:63, XID 081000c0 IRQ 296
[    1.396940] r8169 0000:01:00.0 eth0: jumbo features [frames: 9200 bytes, tx checksumming: ko]
[    1.407408] pegasus: v0.9.3 (2013/04/25), Pegasus/Pegasus II USB Ethernet driver
[    1.414867] usbcore: registered new interface driver pegasus
[    1.420574] usbcore: registered new interface driver asix
[    1.426009] usbcore: registered new interface driver ax88179_178a
[    1.432138] usbcore: registered new interface driver cdc_ether
[    1.438023] usbcore: registered new interface driver smsc75xx
[    1.443818] usbcore: registered new interface driver smsc95xx
[    1.449598] usbcore: registered new interface driver net1080
[    1.455304] usbcore: registered new interface driver cdc_subset
[    1.461259] usbcore: registered new interface driver zaurus
[    1.466895] usbcore: registered new interface driver cdc_ncm
[    1.472862] tegra-phy c5004000.usb-phy: no vbus regulator
[    1.479360] tegra-phy c5008000.usb-phy: no vbus regulator
[    1.485998] ehci_hcd: USB 2.0 'Enhanced' Host Controller (EHCI) Driver
[    1.492531] ehci-pci: EHCI PCI platform driver
[    1.497015] ehci-platform: EHCI generic platform driver
[    1.502401] ehci-omap: OMAP-EHCI Host Controller driver
[    1.507736] ehci-orion: EHCI orion driver
[    1.511854] SPEAr-ehci: EHCI SPEAr driver
[    1.515974] ehci-st: EHCI STMicroelectronics driver
[    1.520969] ehci-exynos: EHCI EXYNOS driver
[    1.525281] ehci-atmel: EHCI Atmel driver
[    1.529401] tegra-ehci: Tegra EHCI driver
[    1.553992] ulpi_phy_power_on: ulpi write failed
[    1.558612] tegra-ehci c5004000.usb: Failed to power on the phy
[    1.564542] tegra-ehci: probe of c5004000.usb failed with error -110
[    1.573530] tegra-ehci c5008000.usb: EHCI Host Controller
[    1.578944] tegra-ehci c5008000.usb: new USB bus registered, assigned bus number 1
[    1.586748] tegra-ehci c5008000.usb: irq 290, io mem 0xc5008000
[    1.597803] tegra-ehci c5008000.usb: USB 2.0 started, EHCI 1.00
[    1.604340] hub 1-0:1.0: USB hub found
[    1.608133] hub 1-0:1.0: 1 port detected
[    1.612372] ohci_hcd: USB 1.1 'Open' Host Controller (OHCI) Driver
[    1.618571] ohci-pci: OHCI PCI platform driver
[    1.623069] ohci-platform: OHCI generic platform driver
[    1.628456] ohci-omap3: OHCI OMAP3 driver
[    1.632563] SPEAr-ohci: OHCI SPEAr driver
[    1.636699] ohci-st: OHCI STMicroelectronics driver
[    1.641691] ohci-atmel: OHCI Atmel driver
[    1.646313] usbcore: registered new interface driver usb-storage
[    1.653642] mousedev: PS/2 mouse device common for all mice
[    1.661114] rtc-em3027 2-0056: rtc core: registered rtc-em3027 as rtc0
[    1.668867] tegra_rtc 7000e000.rtc: rtc core: registered 7000e000.rtc as rtc1
[    1.676035] tegra_rtc 7000e000.rtc: Tegra internal Real Time Clock
[    1.682657] i2c /dev entries driver
[    1.694522] sdhci: Secure Digital Host Controller Interface driver
[    1.700713] sdhci: Copyright(c) Pierre Ossman
[    1.706305] Synopsys Designware Multimedia Card Interface Driver
[    1.713210] sdhci-pltfm: SDHCI platform and OF driver helper
[    1.719708] mmc0: Invalid maximum block size, assuming 512 bytes
[    1.752806] mmc0: SDHCI controller on c8000000.sdhci [c8000000.sdhci] using ADMA
[    1.760307] sdhci-tegra c8000600.sdhci: Got CD GPIO
[    1.765199] sdhci-tegra c8000600.sdhci: Got WP GPIO
[    1.770232] mmc1: Invalid maximum block size, assuming 512 bytes
[    1.802875] mmc1: SDHCI controller on c8000600.sdhci [c8000600.sdhci] using ADMA
[    1.811632] ledtrig-cpu: registered to indicate activity on CPUs
[    1.817952] usbcore: registered new interface driver usbhid
[    1.823525] usbhid: USB HID core driver
[    1.831833] NET: Registered protocol family 10
[    1.837036] sit: IPv6 over IPv4 tunneling driver
[    1.842153] NET: Registered protocol family 17
[    1.846615] can: controller area network core (rev 20120528 abi 9)
[    1.852844] NET: Registered protocol family 29
[    1.857281] can: raw protocol (rev 20120528)
[    1.861556] can: broadcast manager protocol (rev 20120528 t)
[    1.867222] can: netlink gateway (rev 20130117) max_hops=1
[    1.873065] Key type dns_resolver registered
[    1.877695] ThumbEE CPU extension supported.
[    1.881985] Registering SWP/SWPB emulation handler
[    1.891624] utmi_phy_clk_enable: timeout waiting for phy to stabilize
[    1.898098] tegra-ehci c5000000.usb: EHCI Host Controller
[    1.903516] tegra-ehci c5000000.usb: new USB bus registered, assigned bus number 2
[    1.911371] tegra-ehci c5000000.usb: irq 288, io mem 0xc5000000
[    1.927813] usb 1-1: new high-speed USB device number 2 using tegra-ehci
[    1.942801] tegra-ehci c5000000.usb: USB 2.0 started, EHCI 1.00
[    1.949422] hub 2-0:1.0: USB hub found
[    1.953252] hub 2-0:1.0: 1 port detected
[    1.958167] input: gpio-keys as /devices/soc0/gpio-keys/input/input0
[    1.963112] mmc0: host does not support reading read-only switch, assuming write-enable
[    1.964919] mmc0: new high speed SDHC card at address b368
[    1.972958] mmcblk0: mmc0:b368 NCard 3.70 GiB 
[    1.983042] rtc-em3027 2-0056: setting system clock to 2014-12-29 13:56:38 UTC (1419861398)
[    1.984278]  mmcblk0: p1
[    1.998463] EXT4-fs (mmcblk0p1): mounting ext3 file system using the ext4 subsystem
[    2.011851] mmc1: new high speed SD card at address b368
[    2.017819] mmcblk1: mmc1:b368 NCard 1.83 GiB (ro)
[    2.025401]  mmcblk1: p1 p2
[    2.074125] hub 1-1:1.0: USB hub found
[    2.078025] hub 1-1:1.0: 4 ports detected
[    2.091068] EXT4-fs (mmcblk0p1): recovery complete
[    2.095890] EXT4-fs (mmcblk0p1): mounted filesystem with ordered data mode. Opts: (null)
[    2.104015] VFS: Mounted root (ext3 filesystem) on device 179:1.
[    2.113530] devtmpfs: mounted
[    2.119110] Freeing unused kernel memory: 2048K (c1100000 - c1300000)
bash: cannot set terminal process group (-1): Inappropriate ioctl for device
bash: no job control in this shell
[    2.367899] usb 1-1.2: new high-speed USB device number 3 using tegra-ehci
root@(none):/# mount -t sysfs none /sys
root@(none):/# 
root@(none):/# mount -t debugfs none /sys/kernel/debug
root@(none):/# 
root@(none):/# rtcwake -d rtc1 -m mem -s 3
rtcwake: assuming RTC uses UTC ...
rtcwake: wakeup from "mem" using /dev/rtc1 at Thu Jan  1 00:00:23 1970
[    7.343037] PM: Syncing filesystems ... done.
[    7.389559] Freezing user space processes ... (elapsed 0.001 seconds) done.
[    7.398112] Freezing remaining freezable tasks ... (elapsed 0.001 seconds) done.
[    7.407132] Suspending console(s) (use no_console_suspend to debug)
[    7.445770] PM: suspend of devices complete after 29.721 msecs
[    7.449403] PM: late suspend of devices complete after 3.603 msecs
[    7.463477] PM: noirq suspend of devices complete after 14.043 msecs
[    7.463487] Disabling non-boot CPUs ...
[    7.465289] CPU1: shutdown
[    7.491002] Entering suspend state LP1
[    7.491052] Enabling non-boot CPUs ...
[    7.517172] CPU1 is up
[    7.518202] pcieport 0000:00:01.0: nv_msi_ht_cap_quirk didn't locate host bridge
[    7.533088] PM: noirq resume of devices complete after 15.883 msecs
[    7.536687] PM: early resume of devices complete after 2.852 msecs
[    7.601311] PM: resume of devices complete after 64.592 msecs
[    7.665479] Restarting tasks ... done.
root@(none):/# 
root@(none):/# rtcwake -d rtc1 -m mem -s 3
rtcwake: assuming RTC uses UTC ...
rtcwake: wakeup from "mem" using /dev/rtc1 at Thu Jan  1 00:00:27 1970
[    8.268481] PM: Syncing filesystems ... done.
[    8.301254] Freezing user space processes ... (elapsed 0.001 seconds) done.
[    8.309696] Freezing remaining freezable tasks ... (elapsed 0.001 seconds) done.
[    8.318595] Suspending console(s) (use no_console_suspend to debug)
[    8.346111] PM: suspend of devices complete after 19.402 msecs
[    8.349713] PM: late suspend of devices complete after 3.570 msecs
[    8.363381] PM: noirq suspend of devices complete after 13.638 msecs
[    8.363391] Disabling non-boot CPUs ...
[    8.365327] CPU1: shutdown
[    8.390960] Entering suspend state LP1
[    8.391009] Enabling non-boot CPUs ...
[    8.417103] CPU1 is up
[    8.418300] pcieport 0000:00:01.0: nv_msi_ht_cap_quirk didn't locate host bridge
[    8.433031] PM: noirq resume of devices complete after 15.895 msecs
[    8.436686] PM: early resume of devices complete after 2.924 msecs
[    8.503323] PM: resume of devices complete after 66.606 msecs
[    8.566826] Restarting tasks ... done.
root@(none):/# 
root@(none):/# rtcwake -d rtc1 -m mem -s 3
rtcwake: assuming RTC uses UTC ...
rtcwake: wakeup from "mem" using /dev/rtc1 at Thu Jan  1 00:00:31 1970
[    9.165196] PM: Syncing filesystems ... done.
[    9.210622] Freezing user space processes ... (elapsed 0.001 seconds) done.
[    9.219225] Freezing remaining freezable tasks ... (elapsed 0.001 seconds) done.
[    9.228348] Suspending console(s) (use no_console_suspend to debug)
[    9.264354] PM: suspend of devices complete after 27.148 msecs
[    9.268053] PM: late suspend of devices complete after 3.670 msecs
[    9.283323] PM: noirq suspend of devices complete after 15.239 msecs
[    9.283333] Disabling non-boot CPUs ...
[    9.285275] CPU1: shutdown
[    9.310886] Entering suspend state LP1
[    9.310935] Enabling non-boot CPUs ...
[    9.337030] CPU1 is up
[    9.337998] pcieport 0000:00:01.0: nv_msi_ht_cap_quirk didn't locate host bridge
[    9.352973] PM: noirq resume of devices complete after 15.910 msecs
[    9.356635] PM: early resume of devices complete after 2.918 msecs
[    9.421189] PM: resume of devices complete after 64.523 msecs
[    9.485339] Restarting tasks ... done.
root@(none):/# 
root@(none):/# rtcwake -d rtc1 -m mem -s 3
rtcwake: assuming RTC uses UTC ...
rtcwake: wakeup from "mem" using /dev/rtc1 at Thu Jan  1 00:00:35 1970
[   10.088227] PM: Syncing filesystems ... done.
[   10.121001] Freezing user space processes ... (elapsed 0.001 seconds) done.
[   10.129427] Freezing remaining freezable tasks ... (elapsed 0.001 seconds) done.
[   10.138330] Suspending console(s) (use no_console_suspend to debug)
[   10.166684] PM: suspend of devices complete after 20.241 msecs
[   10.170222] PM: late suspend of devices complete after 3.508 msecs
[   10.188257] PM: noirq suspend of devices complete after 18.006 msecs
[   10.188268] Disabling non-boot CPUs ...
[   10.190203] CPU1: shutdown
[   10.215830] Entering suspend state LP1
[   10.215879] Enabling non-boot CPUs ...
[   10.241976] CPU1 is up
[   10.243296] pcieport 0000:00:01.0: nv_msi_ht_cap_quirk didn't locate host bridge
[   10.257910] PM: noirq resume of devices complete after 15.901 msecs
[   10.261566] PM: early resume of devices complete after 2.905 msecs
[   10.331129] PM: resume of devices complete after 69.533 msecs
[   10.395263] Restarting tasks ... done.
root@(none):/# 
root@(none):/# rtcwake -d rtc1 -m mem -s 3
rtcwake: assuming RTC uses UTC ...
rtcwake: wakeup from "mem" using /dev/rtc1 at Thu Jan  1 00:00:39 1970
[   10.997627] PM: Syncing filesystems ... done.
[   11.043118] Freezing user space processes ... (elapsed 0.001 seconds) done.
[   11.051648] Freezing remaining freezable tasks ... (elapsed 0.001 seconds) done.
[   11.060732] Suspending console(s) (use no_console_suspend to debug)
[   11.089853] PM: suspend of devices complete after 20.208 msecs
[   11.093475] PM: late suspend of devices complete after 3.592 msecs
[   11.108200] PM: noirq suspend of devices complete after 14.695 msecs
[   11.108211] Disabling non-boot CPUs ...
[   11.110156] CPU1: shutdown
[   11.135770] Entering suspend state LP1
[   11.135818] Enabling non-boot CPUs ...
[   11.161896] CPU1 is up
[   11.162859] pcieport 0000:00:01.0: nv_msi_ht_cap_quirk didn't locate host bridge
[   11.177846] PM: noirq resume of devices complete after 15.917 msecs
[   11.181450] PM: early resume of devices complete after 2.879 msecs
[   11.251148] PM: resume of devices complete after 69.666 msecs
[   11.315320] Restarting tasks ... done.
root@(none):/# 
root@(none):/# rtcwake -d rtc1 -m mem -s 3
rtcwake: assuming RTC uses UTC ...
rtcwake: wakeup from "mem" using /dev/rtc1 at Thu Jan  1 00:00:43 1970
[   11.912854] PM: Syncing filesystems ... done.
[   11.945620] Freezing user space processes ... (elapsed 0.001 seconds) done.
[   11.954034] Freezing remaining freezable tasks ... (elapsed 0.001 seconds) done.
[   11.962948] Suspending console(s) (use no_console_suspend to debug)
[   11.989753] PM: suspend of devices complete after 18.696 msecs
[   11.993466] PM: late suspend of devices complete after 3.683 msecs
[   12.008192] PM: noirq suspend of devices complete after 14.697 msecs
[   12.008202] Disabling non-boot CPUs ...
[   12.010022] CPU1: shutdown
[   12.035705] Entering suspend state LP1
[   12.035755] Enabling non-boot CPUs ...
[   12.061845] CPU1 is up
[   12.063379] pcieport 0000:00:01.0: nv_msi_ht_cap_quirk didn't locate host bridge
[   12.077747] PM: noirq resume of devices complete after 15.868 msecs
[   12.081402] PM: early resume of devices complete after 2.924 msecs
[   12.145979] PM: resume of devices complete after 64.545 msecs
[   12.210116] Restarting tasks ... done.
root@(none):/# 
root@(none):/# rtcwake -d rtc1 -m mem -s 3
rtcwake: assuming RTC uses UTC ...
rtcwake: wakeup from "mem" using /dev/rtc1 at Thu Jan  1 00:00:47 1970
[   12.822354] PM: Syncing filesystems ... done.
[   12.867910] Freezing user space processes ... (elapsed 0.001 seconds) done.
[   12.876457] Freezing remaining freezable tasks ... (elapsed 0.001 seconds) done.
[   12.885542] Suspending console(s) (use no_console_suspend to debug)
[   12.914292] PM: suspend of devices complete after 19.835 msecs
[   12.917890] PM: late suspend of devices complete after 3.568 msecs
[   12.933050] PM: noirq suspend of devices complete after 15.130 msecs
[   12.933061] Disabling non-boot CPUs ...
[   12.934874] CPU1: shutdown
[   12.960620] Entering suspend state LP1
[   12.960669] Enabling non-boot CPUs ...
[   12.986790] CPU1 is up
[   12.988154] pcieport 0000:00:01.0: nv_msi_ht_cap_quirk didn't locate host bridge
[   13.002696] PM: noirq resume of devices complete after 15.872 msecs
[   13.006399] PM: early resume of devices complete after 2.975 msecs
[   13.070908] PM: resume of devices complete after 64.477 msecs
[   13.135069] Restarting tasks ... done.
root@(none):/# 
root@(none):/# rtcwake -d rtc1 -m mem -s 3
rtcwake: assuming RTC uses UTC ...
rtcwake: wakeup from "mem" using /dev/rtc1 at Thu Jan  1 00:00:51 1970
[   13.742936] PM: Syncing filesystems ... done.
[   13.775734] Freezing user space processes ... (elapsed 0.001 seconds) done.
[   13.784153] Freezing remaining freezable tasks ... (elapsed 0.001 seconds) done.
[   13.793061] Suspending console(s) (use no_console_suspend to debug)
[   13.821508] PM: suspend of devices complete after 20.339 msecs
[   13.825085] PM: late suspend of devices complete after 3.548 msecs
[   13.843001] PM: noirq suspend of devices complete after 17.886 msecs
[   13.843012] Disabling non-boot CPUs ...
[   13.844944] CPU1: shutdown
[   13.870579] Entering suspend state LP1
[   13.870627] Enabling non-boot CPUs ...
[   13.896726] CPU1 is up
[   13.897871] pcieport 0000:00:01.0: nv_msi_ht_cap_quirk didn't locate host bridge
[   13.912587] PM: noirq resume of devices complete after 15.830 msecs
[   13.915976] PM: early resume of devices complete after 2.844 msecs
[   13.985056] PM: resume of devices complete after 69.049 msecs
[   14.049155] Restarting tasks ... done.
root@(none):/# 
root@(none):/# rtcwake -d rtc1 -m mem -s 3
rtcwake: assuming RTC uses UTC ...
rtcwake: wakeup from "mem" using /dev/rtc1 at Thu Jan  1 00:00:55 1970
[   14.652799] PM: Syncing filesystems ... done.
[   14.685584] Freezing user space processes ... (elapsed 0.001 seconds) done.
[   14.694004] Freezing remaining freezable tasks ... (elapsed 0.001 seconds) done.
[   14.702908] Suspending console(s) (use no_console_suspend to debug)
[   14.730046] PM: suspend of devices complete after 19.028 msecs
[   14.733673] PM: late suspend of devices complete after 3.596 msecs
[   14.747973] PM: noirq suspend of devices complete after 14.269 msecs
[   14.747985] Disabling non-boot CPUs ...
[   14.749935] CPU1: shutdown
[   14.775470] Entering suspend state LP1
[   14.775519] Enabling non-boot CPUs ...
[   14.801628] CPU1 is up
[   14.802740] pcieport 0000:00:01.0: nv_msi_ht_cap_quirk didn't locate host bridge
[   14.817569] PM: noirq resume of devices complete after 15.911 msecs
[   14.820958] PM: early resume of devices complete after 2.844 msecs
[   14.885908] PM: resume of devices complete after 64.918 msecs
[   14.950007] Restarting tasks ... done.
root@(none):/# 
root@(none):/# rtcwake -d rtc1 -m mem -s 3
rtcwake: assuming RTC uses UTC ...
rtcwake: wakeup from "mem" using /dev/rtc1 at Thu Jan  1 00:00:59 1970
[   15.557591] PM: Syncing filesystems ... done.
[   15.590361] Freezing user space processes ... (elapsed 0.001 seconds) done.
[   15.598782] Freezing remaining freezable tasks ... (elapsed 0.001 seconds) done.
[   15.607687] Suspending console(s) (use no_console_suspend to debug)
[   15.644719] PM: suspend of devices complete after 28.924 msecs
[   15.648429] PM: late suspend of devices complete after 3.680 msecs
[   15.662884] PM: noirq suspend of devices complete after 14.425 msecs
[   15.662894] Disabling non-boot CPUs ...
[   15.664712] CPU1: shutdown
[   15.690433] Entering suspend state LP1
[   15.690483] Enabling non-boot CPUs ...
[   15.716585] CPU1 is up
[   15.719138] pcieport 0000:00:01.0: nv_msi_ht_cap_quirk didn't locate host bridge
[   15.732485] PM: noirq resume of devices complete after 15.870 msecs
[   15.736194] PM: early resume of devices complete after 2.984 msecs
[   15.800803] PM: resume of devices complete after 64.579 msecs
[   15.864962] Restarting tasks ... done.
root@(none):/# 
root@(none):/# NVTB SYSTEM SUSPEND TEST COMPLETE
