

U-Boot 2015.04-00466-gedec83e90172 (Mar 14 2016 - 10:42:01)

TEGRA124
Model: Acer Chromebook 13 CB5-311
DRAM:  4 GiB
C:   Tegra SD/MMC: 0, Tegra SD/MMC: 1, Tegra SD/MMC: 2
MMC init failed
Using default environment

In:    serial
Out:   serial
Err:   serial
Net:   Net Initialization Skipped
No ethernet found.
Hit any key to stop autoboot:  2  0 
Tegra124 (Nyan-big) # 
Tegra124 (Nyan-big) # usb start
starting USB...
USB0:   USB EHCI 1.10
scanning bus 0 for devices... 2 USB Device(s) found
USB1:   USB EHCI 1.10
scanning bus 1 for devices... 2 USB Device(s) found
       scanning usb for storage devices... 1 Storage Device(s) found
       scanning usb for ethernet devices... 
Warning: asx0 using MAC address from net device
1 Ethernet Device(s) found
Tegra124 (Nyan-big) # mw 0x7000e4a0 0x00080000
Tegra124 (Nyan-big) # setenv bootargs 'ignore_loglevel console=ttyS0,115200n8 rw root=PARTUUID=4d36e82a-b3c0-4b4b-bfcd-afe5217ac023 rootwait gpt debug noinitrd earlyprintk init=/bin/bash'
Tegra124 (Nyan-big) # setenv ipaddr 192.168.100.102; setenv serverip 192.168.100.1; setenv tftpserverip 192.168.100.1
Tegra124 (Nyan-big) # tftpboot 0x82000000 zImage.multi_v7_defconfig
Using asx0 device
TFTP from server 192.168.100.1; our IP address is 192.168.100.102
Filename 'zImage.multi_v7_defconfig'.
Load address: 0x82000000
Loading: *#################################################################
	 #################################################################
	 #################################################################
	 #################################################################
	 #################################################################
	 #################################################################
	 #################################################################
	 ###########################################################
	 2.8 MiB/s
done
Bytes transferred = 7537352 (7302c8 hex)
Tegra124 (Nyan-big) # tftpboot 0x83000000 tegra124-nyan-big.dtb
Using asx0 device
TFTP from server 192.168.100.1; our IP address is 192.168.100.102
Filename 'tegra124-nyan-big.dtb'.
Load address: 0x83000000
Loading: *#####
	 2.7 MiB/s
done
Bytes transferred = 68155 (10a3b hex)
Tegra124 (Nyan-big) # bootz 0x82000000 - 0x83000000
Kernel image @ 0x82000000 [ 0x000000 - 0x7302c8 ]
## Flattened Device Tree blob at 83000000
   Booting using the fdt blob at 0x83000000
   Using Device Tree in place at 83000000, end 83013a3a

Starting kernel ...

[    0.000000] Booting Linux on physical CPU 0x0
[    0.000000] Linux version 4.11.0-rc1-155019-gc1ae3cf (pwalmsley@sellafield) (gcc version 4.7.3 20130328 (prerelease) (crosstool-NG linaro-1.13.1-4.7-2013.04-20130415 - Linaro GCC 2013.04) ) #1 SMP Sun Mar 5 13:36:32 PST 2017
[    0.000000] CPU: ARMv7 Processor [413fc0f3] revision 3 (ARMv7), cr=10c5387d
[    0.000000] CPU: div instructions available: patching division code
[    0.000000] CPU: PIPT / VIPT nonaliasing data cache, PIPT instruction cache
[    0.000000] OF: fdt: Machine model: Acer Chromebook 13 CB5-311
[    0.000000] OF: fdt: Ignoring memory range 0x100000000 - 0x17ffff000
[    0.000000] debug: ignoring loglevel setting.
[    0.000000] efi: Getting EFI parameters from FDT:
[    0.000000] efi: UEFI not found.
[    0.000000] cma: Reserved 64 MiB at 0xfb800000
[    0.000000] Memory policy: Data cache writealloc
[    0.000000] On node 0 totalpages: 524287
[    0.000000] free_area_init_node: node 0, pgdat c1538180, node_mem_map eeff8000
[    0.000000]   DMA zone: 1536 pages used for memmap
[    0.000000]   DMA zone: 0 pages reserved
[    0.000000]   DMA zone: 196608 pages, LIFO batch:31
[    0.000000]   HighMem zone: 327679 pages, LIFO batch:31
[    0.000000] percpu: Embedded 16 pages/cpu @eef85000 s34304 r8192 d23040 u65536
[    0.000000] pcpu-alloc: s34304 r8192 d23040 u65536 alloc=16*4096
[    0.000000] pcpu-alloc: [0] 0 [0] 1 [0] 2 [0] 3 
[    0.000000] Built 1 zonelists in Zone order, mobility grouping on.  Total pages: 522751
[    0.000000] Kernel command line: ignore_loglevel console=ttyS0,115200n8 rw root=PARTUUID=4d36e82a-b3c0-4b4b-bfcd-afe5217ac023 rootwait gpt debug noinitrd earlyprintk init=/bin/bash
[    0.000000] PID hash table entries: 4096 (order: 2, 16384 bytes)
[    0.000000] Dentry cache hash table entries: 131072 (order: 7, 524288 bytes)
[    0.000000] Inode-cache hash table entries: 65536 (order: 6, 262144 bytes)
[    0.000000] Memory: 1994668K/2097148K available (10240K kernel code, 1254K rwdata, 4212K rodata, 2048K init, 536K bss, 36944K reserved, 65536K cma-reserved, 1245180K highmem)
[    0.000000] Virtual kernel memory layout:
[    0.000000]     vector  : 0xffff0000 - 0xffff1000   (   4 kB)
[    0.000000]     fixmap  : 0xffc00000 - 0xfff00000   (3072 kB)
[    0.000000]     vmalloc : 0xf0800000 - 0xff800000   ( 240 MB)
[    0.000000]     lowmem  : 0xc0000000 - 0xf0000000   ( 768 MB)
[    0.000000]     pkmap   : 0xbfe00000 - 0xc0000000   (   2 MB)
[    0.000000]     modules : 0xbf000000 - 0xbfe00000   (  14 MB)
[    0.000000]       .text : 0xc0208000 - 0xc0d00000   (11232 kB)
[    0.000000]       .init : 0xc1200000 - 0xc1400000   (2048 kB)
[    0.000000]       .data : 0xc1400000 - 0xc1539aa0   (1255 kB)
[    0.000000]        .bss : 0xc153b000 - 0xc15c13b8   ( 537 kB)
[    0.000000] SLUB: HWalign=64, Order=0-3, MinObjects=0, CPUs=4, Nodes=1
[    0.000000] Hierarchical RCU implementation.
[    0.000000] 	RCU debugfs-based tracing is enabled.
[    0.000000] 	Build-time adjustment of leaf fanout to 32.
[    0.000000] 	RCU restricting CPUs from NR_CPUS=16 to nr_cpu_ids=4.
[    0.000000] RCU: Adjusting geometry for rcu_fanout_leaf=32, nr_cpu_ids=4
[    0.000000] NR_IRQS:16 nr_irqs:16 16
[    0.000000] /interrupt-controller@60004000: 160 interrupts forwarded to /interrupt-controller@50041000
[    0.000000] Tegra clk 127: register failed with -17
[    0.000004] sched_clock: 32 bits at 1000kHz, resolution 1000ns, wraps every 2147483647500ns
[    0.000013] clocksource: timer_us: mask: 0xffffffff max_cycles: 0xffffffff, max_idle_ns: 1911260446275 ns
[    0.000019] Switching to timer-based delay loop, resolution 1000ns
[    0.001688] arm_arch_timer: Architected cp15 timer(s) running at 12.00MHz (virt).
[    0.001695] clocksource: arch_sys_counter: mask: 0xffffffffffffff max_cycles: 0x2c47f4ee7, max_idle_ns: 440795202497 ns
[    0.001702] sched_clock: 56 bits at 12MHz, resolution 83ns, wraps every 4398046511096ns
[    0.001706] Switching to timer-based delay loop, resolution 83ns
[    0.001910] Console: colour dummy device 80x30
[    0.001925] Calibrating delay loop (skipped), value calculated using timer frequency.. 24.00 BogoMIPS (lpj=120000)
[    0.001932] pid_max: default: 32768 minimum: 301
[    0.001973] Mount-cache hash table entries: 2048 (order: 1, 8192 bytes)
[    0.001978] Mountpoint-cache hash table entries: 2048 (order: 1, 8192 bytes)
[    0.002170] CPU: Testing write buffer coherency: ok
[    0.002291] /cpus/cpu@0 missing clock-frequency property
[    0.002306] /cpus/cpu@1 missing clock-frequency property
[    0.002321] /cpus/cpu@2 missing clock-frequency property
[    0.002335] /cpus/cpu@3 missing clock-frequency property
[    0.002340] CPU0: thread -1, cpu 0, socket 0, mpidr 80000000
[    0.002422] Setting up static identity map for 0x80300000 - 0x80300098
[    0.003739] Tegra Revision: A01 SKU: 131 CPU Process: 1 SoC Process: 1
[    0.003961] EFI services will not be available.
[    0.004058] smp: Bringing up secondary CPUs ...
[    0.004295] CPU1: thread -1, cpu 1, socket 0, mpidr 80000001
[    0.011806] CPU2: thread -1, cpu 2, socket 0, mpidr 80000002
[    0.021802] CPU3: thread -1, cpu 3, socket 0, mpidr 80000003
[    0.031585] smp: Brought up 1 node, 4 CPUs
[    0.031593] SMP: Total of 4 processors activated (96.00 BogoMIPS).
[    0.031597] CPU: All CPU(s) started in SVC mode.
[    0.032140] devtmpfs: initialized
[    0.037805] VFP support v0.3: implementor 41 architecture 4 part 30 variant f rev 0
[    0.037996] clocksource: jiffies: mask: 0xffffffff max_cycles: 0xffffffff, max_idle_ns: 19112604462750000 ns
[    0.038004] futex hash table entries: 1024 (order: 4, 65536 bytes)
[    0.038573] pinctrl core: initialized pinctrl subsystem
[    0.039353] NET: Registered protocol family 16
[    0.040096] DMA: preallocated 256 KiB pool for atomic coherent allocations
[    0.041002] cpuidle: using governor menu
[    0.050147] No ATAGs?
[    0.050200] hw-breakpoint: found 5 (+1 reserved) breakpoint and 4 watchpoint registers.
[    0.050206] hw-breakpoint: maximum watchpoint size is 8 bytes.
[    0.052760] Serial: AMBA PL011 UART driver
[    0.053113] tegra-mc 70019000.memory-controller: no memory timings for RAM code 0 registered
[    0.058463] +5V_SYS: supplied by +VDD_MUX
[    0.058558] +3.3V_SYS: supplied by +VDD_MUX
[    0.058764] +VDD_LED: Failed to request enable GPIO122: -517
[    0.058770] reg-fixed-voltage regulators:regulator@5: Failed to register regulator: -517
[    0.058800] +5V_VDD_TS_SW: Failed to request enable GPIO81: -517
[    0.058805] reg-fixed-voltage regulators:regulator@6: Failed to register regulator: -517
[    0.058834] +5V_USB_HS: Failed to request enable GPIO108: -517
[    0.058838] reg-fixed-voltage regulators:regulator@7: Failed to register regulator: -517
[    0.058867] +5V_USB_SS: Failed to request enable GPIO109: -517
[    0.058872] reg-fixed-voltage regulators:regulator@8: Failed to register regulator: -517
[    0.058951] +1.05V_RUN_AVDD_HDMI_PLL: Failed to request enable GPIO63: -517
[    0.058955] reg-fixed-voltage regulators:regulator@11: Failed to register regulator: -517
[    0.058984] +5V_HDMI_CON: Failed to request enable GPIO86: -517
[    0.058988] reg-fixed-voltage regulators:regulator@12: Failed to register regulator: -517
[    0.060037] vgaarb: loaded
[    0.060306] SCSI subsystem initialized
[    0.060375] libata version 3.00 loaded.
[    0.060466] usbcore: registered new interface driver usbfs
[    0.060487] usbcore: registered new interface driver hub
[    0.060509] usbcore: registered new device driver usb
[    0.061802] pps_core: LinuxPPS API ver. 1 registered
[    0.061806] pps_core: Software ver. 5.3.6 - Copyright 2005-2007 Rodolfo Giometti <giometti@linux.it>
[    0.061814] PTP clock support registered
[    0.061880] EDAC MC: Ver: 3.0.0
[    0.062288] tegra-emc 7001b000.emc: no memory timings for RAM code 0 found in DT
[    0.062297] tegra-emc: probe of 7001b000.emc failed with error -2
[    0.062722] clocksource: Switched to clocksource arch_sys_counter
[    0.065936] NET: Registered protocol family 2
[    0.066122] TCP established hash table entries: 8192 (order: 3, 32768 bytes)
[    0.066156] TCP bind hash table entries: 8192 (order: 4, 65536 bytes)
[    0.066218] TCP: Hash tables configured (established 8192 bind 8192)
[    0.066253] UDP hash table entries: 512 (order: 2, 16384 bytes)
[    0.066267] UDP-Lite hash table entries: 512 (order: 2, 16384 bytes)
[    0.066323] NET: Registered protocol family 1
[    0.066440] RPC: Registered named UNIX socket transport module.
[    0.066444] RPC: Registered udp transport module.
[    0.066446] RPC: Registered tcp transport module.
[    0.066449] RPC: Registered tcp NFSv4.1 backchannel transport module.
[    0.066454] PCI: CLS 0 bytes, default 64
[    0.066886] hw perfevents: enabled with armv7_cortex_a15 PMU driver, 7 counters available
[    0.067578] workingset: timestamp_bits=30 max_order=19 bucket_order=0
[    0.070421] squashfs: version 4.0 (2009/01/31) Phillip Lougher
[    0.070673] NFS: Registering the id_resolver key type
[    0.070684] Key type id_resolver registered
[    0.070687] Key type id_legacy registered
[    0.070703] ntfs: driver 2.1.32 [Flags: R/O].
[    0.071255] bounce: pool size: 64 pages
[    0.071274] Block layer SCSI generic (bsg) driver version 0.4 loaded (major 248)
[    0.071278] io scheduler noop registered
[    0.071281] io scheduler deadline registered
[    0.071336] io scheduler cfq registered (default)
[    0.071339] io scheduler mq-deadline registered
[    0.073149] tegra-xusb-padctl 7009f000.padctl: failed to setup XUSB ports: -517
[    0.082589] tegra-apbdma 60020000.dma: Tegra20 APB DMA driver register 32 channels
[    0.083286] tegra-pmc 7000e400.pmc: i2c-thermtrip node not found, emergency thermal reset disabled.
[    0.101421] Serial: 8250/16550 driver, 4 ports, IRQ sharing disabled
[    0.102448] console [ttyS0] disabled
[    0.102465] 70006000.serial: ttyS0 at MMIO 0x70006000 (irq = 333, base_baud = 25500000) is a Tegra
[    0.985769] console [ttyS0] enabled
[    0.989534] SuperH (H)SCI(F) driver initialized
[    0.994387] msm_serial: driver initialized
[    0.998531] STMicroelectronics ASC driver initialized
[    1.006083] tegra-hdmi 54280000.hdmi: failed to get HDMI regulator
[    1.012609] tegra-dpaux 545c0000.dpaux: failed to get VDD supply: -517
[    1.019902] panel-simple panel: panel supply power not found, using dummy regulator
[    1.031060] brd: module loaded
[    1.036767] loop: module loaded
[    1.040791] as3722 4-0040: AS3722 with revision 0x1 found
[    1.050782] as3722-sd2: supplied by +5V_SYS
[    1.055200] as3722-sd3: supplied by +5V_SYS
[    1.059525] +1.35V_LP0(sd3): Bringing 0uV into 1350000-1350000uV
[    1.065745] as3722-sd4: supplied by +5V_SYS
[    1.070073] +1.05V_RUN: Bringing 0uV into 1050000-1050000uV
[    1.075815] as3722-sd5: supplied by +5V_SYS
[    1.081391] as3722-ldo0: supplied by +1.35V_LP0(sd2)
[    1.087118] +1.8V_RUN_CAM: Bringing 0uV into 1800000-1800000uV
[    1.093136] as3722-ldo2: supplied by +1.8V_VDDIO
[    1.098743] as3722-ldo3: supplied by +3.3V_SYS
[    1.103195] +1.00V_LP0_VDD_RTC: Bringing 1100000uV into 1000000-1000000uV
[    1.110760] as3722-ldo4: supplied by +3.3V_SYS
[    1.115366] +3.3V_RUN_CAM: Bringing 0uV into 2800000-2800000uV
[    1.121375] as3722-ldo5: supplied by +1.8V_VDDIO
[    1.126149] +1.2V_RUN_CAM_FRONT: Bringing 0uV into 1200000-1200000uV
[    1.132827] +VDDIO_SDMMC3: Bringing 0uV into 1800000-1800000uV
[    1.138838] as3722-ldo7: supplied by +1.8V_VDDIO
[    1.143610] +1.05V_RUN_CAM_REAR: Bringing 0uV into 1050000-1050000uV
[    1.150149] as3722-ldo9: supplied by +5V_SYS
[    1.154714] +2.8V_RUN_TOUCH: Bringing 0uV into 2800000-2800000uV
[    1.160900] as3722-ldo10: supplied by +5V_SYS
[    1.165407] +2.8V_RUN_CAM_AF: Bringing 0uV into 2800000-2800000uV
[    1.171833] +1.8V_RUN_VPP_FUSE: Bringing 0uV into 1800000-1800000uV
[    1.184191] random: fast init done
[    1.190053] m25p80 spi32765.0: w25q32dw (4096 Kbytes)
[    1.196140] libphy: Fixed MDIO Bus: probed
[    1.200616] CAN device driver interface
[    1.204768] bgmac_bcma: Broadcom 47xx GBit MAC driver loaded
[    1.210865] e1000e: Intel(R) PRO/1000 Network Driver - 3.2.6-k
[    1.216688] e1000e: Copyright(c) 1999 - 2015 Intel Corporation.
[    1.222610] igb: Intel(R) Gigabit Ethernet Network Driver - version 5.4.0-k
[    1.229558] igb: Copyright (c) 2007-2014 Intel Corporation.
[    1.236300] pegasus: v0.9.3 (2013/04/25), Pegasus/Pegasus II USB Ethernet driver
[    1.243706] usbcore: registered new interface driver pegasus
[    1.249365] usbcore: registered new interface driver asix
[    1.254766] usbcore: registered new interface driver ax88179_178a
[    1.260852] usbcore: registered new interface driver cdc_ether
[    1.266692] usbcore: registered new interface driver smsc75xx
[    1.272437] usbcore: registered new interface driver smsc95xx
[    1.278184] usbcore: registered new interface driver net1080
[    1.283844] usbcore: registered new interface driver cdc_subset
[    1.289756] usbcore: registered new interface driver zaurus
[    1.295337] usbcore: registered new interface driver cdc_ncm
[    1.301603] ehci_hcd: USB 2.0 'Enhanced' Host Controller (EHCI) Driver
[    1.308119] ehci-pci: EHCI PCI platform driver
[    1.312561] ehci-platform: EHCI generic platform driver
[    1.317847] ehci-orion: EHCI orion driver
[    1.321889] SPEAr-ehci: EHCI SPEAr driver
[    1.325937] ehci-st: EHCI STMicroelectronics driver
[    1.330846] ehci-exynos: EHCI EXYNOS driver
[    1.335075] ehci-atmel: EHCI Atmel driver
[    1.339117] tegra-ehci: Tegra EHCI driver
[    1.343178] ohci_hcd: USB 1.1 'Open' Host Controller (OHCI) Driver
[    1.349346] ohci-pci: OHCI PCI platform driver
[    1.353796] ohci-platform: OHCI generic platform driver
[    1.359060] ohci-omap3: OHCI OMAP3 driver
[    1.363111] SPEAr-ohci: OHCI SPEAr driver
[    1.367155] ohci-st: OHCI STMicroelectronics driver
[    1.372064] ohci-atmel: OHCI Atmel driver
[    1.376318] usbcore: registered new interface driver usb-storage
[    1.383088] elan_i2c 1-0015: 1-0015 supply vcc not found, using dummy regulator
[    1.390446] as3722-rtc as3722-rtc: rtc core: registered as3722-rtc as rtc0
[    1.397321] as3722-rtc as3722-rtc: RTC interrupt 372
[    1.404198] tegra_rtc 7000e000.rtc: rtc core: registered 7000e000.rtc as rtc1
[    1.411328] tegra_rtc 7000e000.rtc: Tegra internal Real Time Clock
[    1.417682] i2c /dev entries driver
[    1.423497] lm90 0-004c: 0-004c supply vcc not found, using dummy regulator
[    1.434756] sdhci: Secure Digital Host Controller Interface driver
[    1.440920] sdhci: Copyright(c) Pierre Ossman
[    1.445811] Synopsys Designware Multimedia Card Interface Driver
[    1.452182] sdhci-pltfm: SDHCI platform and OF driver helper
[    1.458102] sdhci-tegra 700b0000.sdhci: allocated mmc-pwrseq
[    1.463868] sdhci-tegra 700b0400.sdhci: Got CD GPIO
[    1.468739] sdhci-tegra 700b0400.sdhci: Got WP GPIO
[    1.473725] mmc0: Unknown controller version (3). You may experience problems.
[    1.480958] mmc0: Invalid maximum block size, assuming 512 bytes
[    1.542731] mmc0: SDHCI controller on 700b0600.sdhci [700b0600.sdhci] using ADMA
[    1.550798] ledtrig-cpu: registered to indicate activity on CPUs
[    1.556981] usbcore: registered new interface driver usbhid
[    1.562544] usbhid: USB HID core driver
[    1.567769] NET: Registered protocol family 10
[    1.572544] Segment Routing with IPv6
[    1.576246] sit: IPv6, IPv4 and MPLS over IPv4 tunneling driver
[    1.582379] NET: Registered protocol family 17
[    1.586826] can: controller area network core (rev 20120528 abi 9)
[    1.593070] NET: Registered protocol family 29
[    1.597508] can: raw protocol (rev 20120528)
[    1.601770] can: broadcast manager protocol (rev 20161123 t)
[    1.607428] can: netlink gateway (rev 20130117) max_hops=1
[    1.613038] Key type dns_resolver registered
[    1.617520] ThumbEE CPU extension supported.
[    1.621785] Registering SWP/SWPB emulation handler
[    1.631306] +3.3V_RUN: supplied by +3.3V_SYS
[    1.636438] +VDD_LED: supplied by +VDD_MUX
[    1.638600] elan_i2c 1-0015: Elan Touchpad: Module ID: 0x002a, Firmware: 0x0005, Sample: 0x0007, IAP: 0x0009
[    1.638853] input: Elan Touchpad as /devices/soc0/7000c400.i2c/i2c-1/1-0015/input/input0
[    1.658620] +3.3V_AVDD_HDMI_AP_GATED: supplied by +3.3V_RUN
[    1.664292] +1.8V_RUN_CAM: supplied by +3.3V_RUN
[    1.668934] +VDDIO_SDMMC3: supplied by +3.3V_RUN
[    1.673648] +1.8V_RUN_VPP_FUSE: supplied by +3.3V_RUN
[    1.678966] +5V_VDD_TS_SW: supplied by +5V_SYS
[    1.683769] +5V_USB_HS: supplied by +5V_SYS
[    1.688166] +5V_USB_SS: supplied by +5V_SYS
[    1.693413] +3.3V_PANEL: supplied by +3.3V_RUN
[    1.694499] mmc0: new high speed MMC card at address 0001
[    1.695292] mmcblk0: mmc0:0001 MMC16G 14.4 GiB 
[    1.695727] mmcblk0boot0: mmc0:0001 MMC16G partition 1 2.00 MiB
[    1.695993] mmcblk0boot1: mmc0:0001 MMC16G partition 2 2.00 MiB
[    1.696474] mmcblk0rpmb: mmc0:0001 MMC16G partition 3 128 KiB
[    1.700512]  mmcblk0: p1 p2 p3 p4 p5 p6 p7 p8 p9 p10 p11 p12
[    1.732017] +3.3V_LP0: supplied by +3.3V_SYS
[    1.737094] +1.05V_RUN_AVDD_HDMI_PLL: supplied by +1.05V_RUN
[    1.737363] elan_i2c 1-0015: failed to read report data: -121
[    1.748851] +5V_HDMI_CON: supplied by +5V_SYS
[    1.754022]  usb3-0: usb3-0 supply vbus not found, using dummy regulator
[    1.760752]  usb3-1: usb3-1 supply vbus not found, using dummy regulator
[    1.771007] tegra-sor 54540000.sor: failed to probe output: -517
[    1.777793] panel-simple panel: panel supply power not found, using dummy regulator
[    1.786212] sdhci-tegra 700b0000.sdhci: allocated mmc-pwrseq
[    1.791931] mmc1: Unknown controller version (3). You may experience problems.
[    1.799212] mmc1: Invalid maximum block size, assuming 512 bytes
[    1.805625] mmc1: Switching to 3.3V signalling voltage failed
[    1.862809] mmc1: SDHCI controller on 700b0000.sdhci [700b0000.sdhci] using ADMA
[    1.870915] sdhci-tegra 700b0400.sdhci: Got CD GPIO
[    1.875829] sdhci-tegra 700b0400.sdhci: Got WP GPIO
[    1.877810] elan_i2c 1-0015: invalid report id data (ff)
[    1.886139] mmc2: Unknown controller version (3). You may experience problems.
[    1.893389] mmc2: Invalid maximum block size, assuming 512 bytes
[    1.942802] mmc1: new high speed SDIO card at address 0001
[    1.962813] mmc2: SDHCI controller on 700b0400.sdhci [700b0400.sdhci] using ADMA
[    2.067454] [drm] Supports vblank timestamp caching Rev 2 (21.10.2013).
[    2.074084] [drm] No driver support for vblank timestamp query.
[    2.114610] mmc2: new high speed SDHC card at address 0007
[    2.115033] mmcblk2: mmc2:0007 SD08G 7.42 GiB 
[    2.124768] GPT:Primary header alternate_lba != Alt. header my_lba
[    2.124772] GPT:3014591 != 15564799
[    2.124774] GPT:Primary header thinks Alt. header is not at the end of the disk.
[    2.124775] GPT:3014591 != 15564799
[    2.124776] GPT: Use GNU Parted to correct GPT errors.
[    2.124806]  mmcblk2: p1 p2 p3 p4 p5 p6 p7 p8 p9 p10 p11 p12
[    2.162568] Console: switching to colour frame buffer device 170x48
[    2.226718] drm drm: fb0:  frame buffer device
[    2.231204] [drm] Initialized tegra 0.0.0 20120330 for drm on minor 0
[    2.238626] input: gpio-keys as /devices/soc0/gpio-keys/input/input1
[    2.246241] as3722-rtc as3722-rtc: setting system clock to 2000-01-01 00:00:23 UTC (946684823)
[    2.255391] +1.8V_RUN_CAM: disabling
[    2.259169] +3.3V_RUN_CAM: disabling
[    2.263015] +1.2V_RUN_CAM_FRONT: disabling
[    2.267267] +1.05V_RUN_CAM_REAR: disabling
[    2.271517] +2.8V_RUN_TOUCH: disabling
[    2.275508] +2.8V_RUN_CAM_AF: disabling
[    2.279498] +1.8V_RUN_VPP_FUSE: disabling
[    2.283733] +5V_VDD_TS_SW: disabling
[    2.287305] +5V_USB_HS: disabling
[    2.290609] +5V_USB_SS: disabling
[    2.294836] EXT4-fs (mmcblk0p3): couldn't mount as ext3 due to feature incompatibilities
[    2.303464] EXT4-fs (mmcblk0p3): couldn't mount as ext2 due to feature incompatibilities
[    2.747918] EXT4-fs (mmcblk0p3): recovery complete
[    2.753448] EXT4-fs (mmcblk0p3): mounted filesystem with ordered data mode. Opts: (null)
[    2.761552] VFS: Mounted root (ext4 filesystem) on device 179:3.
[    2.768274] devtmpfs: mounted
[    2.771908] Freeing unused kernel memory: 2048K
bash: cannot set terminal process group (-1): Inappropriate ioctl for device
bash: no job control in this shell
root@(none):/# mount -t sysfs none /sys
root@(none):/# 
root@(none):/# mount -t debugfs none /sys/kernel/debug
root@(none):/# 
root@(none):/# rtcwake -d rtc1 -m mem -s 3
rtcwake: assuming RTC uses UTC ...
rtcwake: wakeup from "mem" using /dev/rtc1 at Thu Jan  1 00:00:28 1970
[    5.801741] PM: Syncing filesystems ... done.
[    5.812176] Freezing user space processes ... (elapsed 0.001 seconds) done.
[    5.820313] Freezing remaining freezable tasks ... (elapsed 0.001 seconds) done.
[    5.828955] Suspending console(s) (use no_console_suspend to debug)
[    5.875818] PM: suspend of devices complete after 40.056 msecs
[    5.877253] PM: late suspend of devices complete after 1.426 msecs
[    5.878158] PM: noirq suspend of devices complete after 0.899 msecs
[    5.878160] Disabling non-boot CPUs ...
[    6.044266] Entering suspend state LP1
[    6.044266] Suspended for 2.900 seconds
[    6.044276] Enabling non-boot CPUs ...
[    6.074236] CPU1 is up
[    6.114073] CPU2 is up
[    6.154286] CPU3 is up
[    6.154763] PM: noirq resume of devices complete after 0.472 msecs
[    6.156372] PM: early resume of devices complete after 1.287 msecs
[    6.312686] mmc1: Switching to 3.3V signalling voltage failed
[    6.572753] tegra-sor 54540000.sor: failed to attach SOR: -110
[    6.600407] PM: resume of devices complete after 444.026 msecs
[    6.671798] Restarting tasks ... done.
root@(none):/# 
root@(none):/# rtcwake -d rtc1 -m mem -s 3
rtcwake: assuming RTC uses UTC ...
rtcwake: wakeup from "mem" using /dev/rtc1 at Thu Jan  1 00:00:33 1970
[    7.982558] PM: Syncing filesystems ... done.
[    8.000374] Freezing user space processes ... (elapsed 0.001 seconds) done.
[    8.008561] Freezing remaining freezable tasks ... (elapsed 0.001 seconds) done.
[    8.017256] Suspending console(s) (use no_console_suspend to debug)
[    8.064323] PM: suspend of devices complete after 40.285 msecs
[    8.065731] PM: late suspend of devices complete after 1.399 msecs
[    8.066635] PM: noirq suspend of devices complete after 0.899 msecs
[    8.066637] Disabling non-boot CPUs ...
[    8.234218] Entering suspend state LP1
[    8.234218] Suspended for 2.809 seconds
[    8.234229] Enabling non-boot CPUs ...
[    8.264217] CPU1 is up
[    8.304057] CPU2 is up
[    8.344271] CPU3 is up
[    8.344722] PM: noirq resume of devices complete after 0.446 msecs
[    8.345577] PM: early resume of devices complete after 0.539 msecs
[    8.501679] mmc1: Switching to 3.3V signalling voltage failed
[    8.752740] tegra-sor 54540000.sor: failed to attach SOR: -110
[    8.789253] PM: resume of devices complete after 443.671 msecs
[    8.860458] Restarting tasks ... done.
root@(none):/# 
root@(none):/# rtcwake -d rtc1 -m mem -s 3
rtcwake: assuming RTC uses UTC ...
rtcwake: wakeup from "mem" using /dev/rtc1 at Thu Jan  1 00:00:38 1970
[   10.172644] PM: Syncing filesystems ... done.
[   10.189412] Freezing user space processes ... (elapsed 0.001 seconds) done.
[   10.197504] Freezing remaining freezable tasks ... (elapsed 0.001 seconds) done.
[   10.206139] Suspending console(s) (use no_console_suspend to debug)
[   10.253322] PM: suspend of devices complete after 40.401 msecs
[   10.254537] PM: late suspend of devices complete after 1.208 msecs
[   10.255632] PM: noirq suspend of devices complete after 1.087 msecs
[   10.255635] Disabling non-boot CPUs ...
[   10.255851] IRQ17 no longer affine to CPU1
[   10.384017] Entering suspend state LP1
[   10.384017] Suspended for 2.850 seconds
[   10.384028] Enabling non-boot CPUs ...
[   10.414364] CPU1 is up
[   10.454018] CPU2 is up
[   10.494251] CPU3 is up
[   10.494698] PM: noirq resume of devices complete after 0.442 msecs
[   10.496142] PM: early resume of devices complete after 1.148 msecs
[   10.651771] mmc1: Switching to 3.3V signalling voltage failed
[   10.902673] tegra-sor 54540000.sor: failed to attach SOR: -110
[   10.939585] PM: resume of devices complete after 443.437 msecs
[   11.014970] Restarting tasks ... done.
root@(none):/# 
root@(none):/# rtcwake -d rtc1 -m mem -s 3
rtcwake: assuming RTC uses UTC ...
rtcwake: wakeup from "mem" using /dev/rtc1 at Thu Jan  1 00:00:43 1970
[   12.332495] PM: Syncing filesystems ... done.
[   12.356424] Freezing user space processes ... (elapsed 0.001 seconds) done.
[   12.364599] Freezing remaining freezable tasks ... (elapsed 0.001 seconds) done.
[   12.373228] Suspending console(s) (use no_console_suspend to debug)
[   12.420317] PM: suspend of devices complete after 40.312 msecs
[   12.421511] PM: late suspend of devices complete after 1.184 msecs
[   12.422419] PM: noirq suspend of devices complete after 0.903 msecs
[   12.422420] Disabling non-boot CPUs ...
[   12.484603] IRQ17 no longer affine to CPU2
[   12.594307] Entering suspend state LP1
[   12.594307] Suspended for 2.789 seconds
[   12.594318] Enabling non-boot CPUs ...
[   12.624147] CPU1 is up
[   12.664005] CPU2 is up
[   12.704208] CPU3 is up
[   12.704650] PM: noirq resume of devices complete after 0.437 msecs
[   12.706234] PM: early resume of devices complete after 1.262 msecs
[   12.861904] mmc1: Switching to 3.3V signalling voltage failed
[   13.112656] tegra-sor 54540000.sor: failed to attach SOR: -110
[   13.149309] PM: resume of devices complete after 443.066 msecs
[   13.224709] Restarting tasks ... done.
root@(none):/# 
root@(none):/# rtcwake -d rtc1 -m mem -s 3
rtcwake: assuming RTC uses UTC ...
rtcwake: wakeup from "mem" using /dev/rtc1 at Thu Jan  1 00:00:48 1970
[   14.542465] PM: Syncing filesystems ... done.
[   14.566150] Freezing user space processes ... (elapsed 0.001 seconds) done.
[   14.574230] Freezing remaining freezable tasks ... (elapsed 0.001 seconds) done.
[   14.582861] Suspending console(s) (use no_console_suspend to debug)
[   14.630189] PM: suspend of devices complete after 40.552 msecs
[   14.631192] PM: late suspend of devices complete after 0.999 msecs
[   14.631984] PM: noirq suspend of devices complete after 0.788 msecs
[   14.631986] Disabling non-boot CPUs ...
[   14.632190] IRQ17 no longer affine to CPU1
[   14.783976] Entering suspend state LP1
[   14.783976] Suspended for 2.810 seconds
[   14.783987] Enabling non-boot CPUs ...
[   14.814336] CPU1 is up
[   14.853967] CPU2 is up
[   14.894185] CPU3 is up
[   14.894632] PM: noirq resume of devices complete after 0.441 msecs
[   14.896145] PM: early resume of devices complete after 1.192 msecs
[   15.051733] mmc1: Switching to 3.3V signalling voltage failed
[   15.302631] tegra-sor 54540000.sor: failed to attach SOR: -110
[   15.339325] PM: resume of devices complete after 443.175 msecs
[   15.414712] Restarting tasks ... done.
root@(none):/# 
root@(none):/# rtcwake -d rtc1 -m mem -s 3
rtcwake: assuming RTC uses UTC ...
rtcwake: wakeup from "mem" using /dev/rtc1 at Thu Jan  1 00:00:53 1970
[   16.732430] PM: Syncing filesystems ... done.
[   16.756110] Freezing user space processes ... (elapsed 0.001 seconds) done.
[   16.764284] Freezing remaining freezable tasks ... (elapsed 0.001 seconds) done.
[   16.772912] Suspending console(s) (use no_console_suspend to debug)
[   16.819582] PM: suspend of devices complete after 39.896 msecs
[   16.820802] PM: late suspend of devices complete after 1.212 msecs
[   16.821893] PM: noirq suspend of devices complete after 1.083 msecs
[   16.821896] Disabling non-boot CPUs ...
[   17.004236] Entering suspend state LP1
[   17.004236] Suspended for 2.779 seconds
[   17.004246] Enabling non-boot CPUs ...
[   17.034103] CPU1 is up
[   17.073938] CPU2 is up
[   17.114181] CPU3 is up
[   17.114626] PM: noirq resume of devices complete after 0.440 msecs
[   17.116214] PM: early resume of devices complete after 1.283 msecs
[   17.272616] mmc1: Switching to 3.3V signalling voltage failed
[   17.532651] tegra-sor 54540000.sor: failed to attach SOR: -110
[   17.560314] PM: resume of devices complete after 444.091 msecs
[   17.631716] Restarting tasks ... done.
root@(none):/# 
root@(none):/# rtcwake -d rtc1 -m mem -s 3
rtcwake: assuming RTC uses UTC ...
rtcwake: wakeup from "mem" using /dev/rtc1 at Thu Jan  1 00:00:58 1970
[   18.942162] PM: Syncing filesystems ... done.
[   18.960271] Freezing user space processes ... (elapsed 0.001 seconds) done.
[   18.968352] Freezing remaining freezable tasks ... (elapsed 0.001 seconds) done.
[   18.976986] Suspending console(s) (use no_console_suspend to debug)
[   19.023982] PM: suspend of devices complete after 40.220 msecs
[   19.025429] PM: late suspend of devices complete after 1.438 msecs
[   19.026330] PM: noirq suspend of devices complete after 0.896 msecs
[   19.026332] Disabling non-boot CPUs ...
[   19.026534] IRQ17 no longer affine to CPU1
[   19.174072] Entering suspend state LP1
[   19.174072] Suspended for 2.829 seconds
[   19.174083] Enabling non-boot CPUs ...
[   19.204085] CPU1 is up
[   19.243926] CPU2 is up
[   19.284126] CPU3 is up
[   19.284568] PM: noirq resume of devices complete after 0.438 msecs
[   19.286153] PM: early resume of devices complete after 1.286 msecs
[   19.442875] mmc1: Switching to 3.3V signalling voltage failed
[   19.702568] tegra-sor 54540000.sor: failed to attach SOR: -110
[   19.730530] PM: resume of devices complete after 444.369 msecs
[   19.805964] Restarting tasks ... done.
root@(none):/# 
root@(none):/# rtcwake -d rtc1 -m mem -s 3
rtcwake: assuming RTC uses UTC ...
rtcwake: wakeup from "mem" using /dev/rtc1 at Thu Jan  1 00:01:03 1970
[   21.111687] PM: Syncing filesystems ... done.
[   21.130537] Freezing user space processes ... (elapsed 0.001 seconds) done.
[   21.138706] Freezing remaining freezable tasks ... (elapsed 0.001 seconds) done.
[   21.147349] Suspending console(s) (use no_console_suspend to debug)
[   21.194252] PM: suspend of devices complete after 40.126 msecs
[   21.195655] PM: late suspend of devices complete after 1.394 msecs
[   21.196555] PM: noirq suspend of devices complete after 0.895 msecs
[   21.196557] Disabling non-boot CPUs ...
[   21.196770] IRQ17 no longer affine to CPU1
[   21.344047] Entering suspend state LP1
[   21.344047] Suspended for 2.829 seconds
[   21.344058] Enabling non-boot CPUs ...
[   21.374056] CPU1 is up
[   21.413889] CPU2 is up
[   21.454108] CPU3 is up
[   21.454556] PM: noirq resume of devices complete after 0.443 msecs
[   21.455859] PM: early resume of devices complete after 0.985 msecs
[   21.612568] mmc1: Switching to 3.3V signalling voltage failed
[   21.872571] tegra-sor 54540000.sor: failed to attach SOR: -110
[   21.900257] PM: resume of devices complete after 444.388 msecs
[   21.975717] Restarting tasks ... done.
root@(none):/# 
root@(none):/# rtcwake -d rtc1 -m mem -s 3
rtcwake: assuming RTC uses UTC ...
rtcwake: wakeup from "mem" using /dev/rtc1 at Thu Jan  1 00:01:08 1970
[   23.282366] PM: Syncing filesystems ... done.
[   23.300318] Freezing user space processes ... (elapsed 0.001 seconds) done.
[   23.308501] Freezing remaining freezable tasks ... (elapsed 0.001 seconds) done.
[   23.317137] Suspending console(s) (use no_console_suspend to debug)
[   23.364026] PM: suspend of devices complete after 40.108 msecs
[   23.365449] PM: late suspend of devices complete after 1.414 msecs
[   23.366350] PM: noirq suspend of devices complete after 0.896 msecs
[   23.366352] Disabling non-boot CPUs ...
[   23.484341] IRQ17 no longer affine to CPU3
[   23.513865] Entering suspend state LP1
[   23.513865] Suspended for 2.829 seconds
[   23.513876] Enabling non-boot CPUs ...
[   23.544222] CPU1 is up
[   23.583863] CPU2 is up
[   23.624078] CPU3 is up
[   23.624520] PM: noirq resume of devices complete after 0.437 msecs
[   23.625998] PM: early resume of devices complete after 1.163 msecs
[   23.782501] mmc1: Switching to 3.3V signalling voltage failed
[   24.032570] tegra-sor 54540000.sor: failed to attach SOR: -110
[   24.070217] PM: resume of devices complete after 444.210 msecs
[   24.145679] Restarting tasks ... done.
root@(none):/# 
root@(none):/# rtcwake -d rtc1 -m mem -s 3
rtcwake: assuming RTC uses UTC ...
rtcwake: wakeup from "mem" using /dev/rtc1 at Thu Jan  1 00:01:13 1970
[   25.452333] PM: Syncing filesystems ... done.
[   25.470248] Freezing user space processes ... (elapsed 0.001 seconds) done.
[   25.478344] Freezing remaining freezable tasks ... (elapsed 0.001 seconds) done.
[   25.486973] Suspending console(s) (use no_console_suspend to debug)
[   25.533908] PM: suspend of devices complete after 40.151 msecs
[   25.535111] PM: late suspend of devices complete after 1.194 msecs
[   25.536019] PM: noirq suspend of devices complete after 0.903 msecs
[   25.536021] Disabling non-boot CPUs ...
[   25.703827] Entering suspend state LP1
[   25.703827] Suspended for 2.809 seconds
[   25.703838] Enabling non-boot CPUs ...
[   25.734190] CPU1 is up
[   25.773836] CPU2 is up
[   25.814042] CPU3 is up
[   25.814477] PM: noirq resume of devices complete after 0.430 msecs
[   25.815725] PM: early resume of devices complete after 0.927 msecs
[   25.971544] mmc1: Switching to 3.3V signalling voltage failed
[   26.222461] tegra-sor 54540000.sor: failed to attach SOR: -110
[   26.259131] PM: resume of devices complete after 443.400 msecs
[   26.330436] Restarting tasks ... done.
root@(none):/# 
root@(none):/# NVTB SYSTEM SUSPEND TEST COMPLETE
