

U-Boot 2015.04-00466-gedec83e90172 (Mar 14 2016 - 10:42:01)

TEGRA124
Model: Acer Chromebook 13 CB5-311
DRAM:  4 GiB
C:   Tegra SD/MMC: 0, Tegra SD/MMC: 1, Tegra SD/MMC: 2
MMC init failed
Using default environment

In:    serial
Out:   serial
Err:   serial
Net:   Net Initialization Skipped
No ethernet found.
Hit any key to stop autoboot:  2  0 
Tegra124 (Nyan-big) # 
Tegra124 (Nyan-big) # usb start
starting USB...
USB0:   USB EHCI 1.10
scanning bus 0 for devices... 2 USB Device(s) found
USB1:   USB EHCI 1.10
scanning bus 1 for devices... 2 USB Device(s) found
       scanning usb for storage devices... 1 Storage Device(s) found
       scanning usb for ethernet devices... 
Warning: asx0 using MAC address from net device
1 Ethernet Device(s) found
Tegra124 (Nyan-big) # setenv bootargs 'ignore_loglevel console=ttyS0,115200n8 rw root=PARTUUID=4d36e82a-b3c0-4b4b-bfcd-afe5217ac023 rootwait gpt debug noinitrd earlyprintk init=/bin/bash'
Tegra124 (Nyan-big) # setenv ipaddr 192.168.100.102; setenv serverip 192.168.100.1; setenv tftpserverip 192.168.100.1
Tegra124 (Nyan-big) # tftpboot 0x82000000 zImage.multi_v7_defconfig
Using asx0 device
TFTP from server 192.168.100.1; our IP address is 192.168.100.102
Filename 'zImage.multi_v7_defconfig'.
Load address: 0x82000000
Loading: *#################################################################
	 #################################################################
	 #################################################################
	 #################################################################
	 #################################################################
	 #################################################################
	 #################################################################
	 #############################
	 2.8 MiB/s
done
Bytes transferred = 7100848 (6c59b0 hex)
Tegra124 (Nyan-big) # tftpboot 0x83000000 tegra124-nyan-big.dtb
Using asx0 device
TFTP from server 192.168.100.1; our IP address is 192.168.100.102
Filename 'tegra124-nyan-big.dtb'.
Load address: 0x83000000
Loading: *#####
	 3 MiB/s
done
Bytes transferred = 66821 (10505 hex)
Tegra124 (Nyan-big) # bootz 0x82000000 - 0x83000000
Kernel image @ 0x82000000 [ 0x000000 - 0x6c59b0 ]
## Flattened Device Tree blob at 83000000
   Booting using the fdt blob at 0x83000000
   Using Device Tree in place at 83000000, end 83013504

Starting kernel ...

[    0.000000] Booting Linux on physical CPU 0x0
[    0.000000] Linux version 4.8.0-rc7-111321-g3be7988 (pwalmsley@sellafield) (gcc version 4.7.3 20130328 (prerelease) (crosstool-NG linaro-1.13.1-4.7-2013.04-20130415 - Linaro GCC 2013.04) ) #1 SMP Mon Sep 19 07:34:20 PDT 2016
[    0.000000] CPU: ARMv7 Processor [413fc0f3] revision 3 (ARMv7), cr=10c5387d
[    0.000000] CPU: div instructions available: patching division code
[    0.000000] CPU: PIPT / VIPT nonaliasing data cache, PIPT instruction cache
[    0.000000] OF: fdt:Machine model: Acer Chromebook 13 CB5-311
[    0.000000] OF: fdt:Ignoring memory range 0x100000000 - 0x17ffff000
[    0.000000] debug: ignoring loglevel setting.
[    0.000000] cma: Reserved 64 MiB at 0xfb800000
[    0.000000] Memory policy: Data cache writealloc
[    0.000000] On node 0 totalpages: 524287
[    0.000000] free_area_init_node: node 0, pgdat c141d380, node_mem_map eeff8000
[    0.000000]   DMA zone: 1536 pages used for memmap
[    0.000000]   DMA zone: 0 pages reserved
[    0.000000]   DMA zone: 196608 pages, LIFO batch:31
[    0.000000]   HighMem zone: 327679 pages, LIFO batch:31
[    0.000000] percpu: Embedded 14 pages/cpu @eef85000 s25984 r8192 d23168 u57344
[    0.000000] pcpu-alloc: s25984 r8192 d23168 u57344 alloc=14*4096
[    0.000000] pcpu-alloc: [0] 0 [0] 1 [0] 2 [0] 3 
[    0.000000] Built 1 zonelists in Zone order, mobility grouping on.  Total pages: 522751
[    0.000000] Kernel command line: ignore_loglevel console=ttyS0,115200n8 rw root=PARTUUID=4d36e82a-b3c0-4b4b-bfcd-afe5217ac023 rootwait gpt debug noinitrd earlyprintk init=/bin/bash
[    0.000000] PID hash table entries: 4096 (order: 2, 16384 bytes)
[    0.000000] Dentry cache hash table entries: 131072 (order: 7, 524288 bytes)
[    0.000000] Inode-cache hash table entries: 65536 (order: 6, 262144 bytes)
[    0.000000] Memory: 1995992K/2097148K available (9216K kernel code, 1148K rwdata, 3972K rodata, 2048K init, 343K bss, 35620K reserved, 65536K cma-reserved, 1245180K highmem)
[    0.000000] Virtual kernel memory layout:
[    0.000000]     vector  : 0xffff0000 - 0xffff1000   (   4 kB)
[    0.000000]     fixmap  : 0xffc00000 - 0xfff00000   (3072 kB)
[    0.000000]     vmalloc : 0xf0800000 - 0xff800000   ( 240 MB)
[    0.000000]     lowmem  : 0xc0000000 - 0xf0000000   ( 768 MB)
[    0.000000]     pkmap   : 0xbfe00000 - 0xc0000000   (   2 MB)
[    0.000000]     modules : 0xbf000000 - 0xbfe00000   (  14 MB)
[    0.000000]       .text : 0xc0208000 - 0xc0c00000   (10208 kB)
[    0.000000]       .init : 0xc1100000 - 0xc1300000   (2048 kB)
[    0.000000]       .data : 0xc1300000 - 0xc141f200   (1149 kB)
[    0.000000]        .bss : 0xc1421000 - 0xc1476c48   ( 344 kB)
[    0.000000] SLUB: HWalign=64, Order=0-3, MinObjects=0, CPUs=4, Nodes=1
[    0.000000] Hierarchical RCU implementation.
[    0.000000] 	Build-time adjustment of leaf fanout to 32.
[    0.000000] 	RCU restricting CPUs from NR_CPUS=16 to nr_cpu_ids=4.
[    0.000000] RCU: Adjusting geometry for rcu_fanout_leaf=32, nr_cpu_ids=4
[    0.000000] NR_IRQS:16 nr_irqs:16 16
[    0.000000] /interrupt-controller@60004000: 160 interrupts forwarded to /interrupt-controller@50041000
[    0.000000] Tegra clk 127: register failed with -17
[    0.000004] sched_clock: 32 bits at 1000kHz, resolution 1000ns, wraps every 2147483647500ns
[    0.000012] clocksource: timer_us: mask: 0xffffffff max_cycles: 0xffffffff, max_idle_ns: 1911260446275 ns
[    0.000018] Switching to timer-based delay loop, resolution 1000ns
[    0.001851] arm_arch_timer: Architected cp15 timer(s) running at 12.00MHz (virt).
[    0.001858] clocksource: arch_sys_counter: mask: 0xffffffffffffff max_cycles: 0x2c47f4ee7, max_idle_ns: 440795202497 ns
[    0.001864] sched_clock: 56 bits at 12MHz, resolution 83ns, wraps every 4398046511096ns
[    0.001868] Switching to timer-based delay loop, resolution 83ns
[    0.002073] Console: colour dummy device 80x30
[    0.002087] Calibrating delay loop (skipped), value calculated using timer frequency.. 24.00 BogoMIPS (lpj=60000)
[    0.002092] pid_max: default: 32768 minimum: 301
[    0.002130] Mount-cache hash table entries: 2048 (order: 1, 8192 bytes)
[    0.002135] Mountpoint-cache hash table entries: 2048 (order: 1, 8192 bytes)
[    0.002378] CPU: Testing write buffer coherency: ok
[    0.002489] /cpus/cpu@0 missing clock-frequency property
[    0.002504] /cpus/cpu@1 missing clock-frequency property
[    0.002519] /cpus/cpu@2 missing clock-frequency property
[    0.002533] /cpus/cpu@3 missing clock-frequency property
[    0.002538] CPU0: thread -1, cpu 0, socket 0, mpidr 80000000
[    0.002548] Setting up static identity map for 0x80300000 - 0x80300098
[    0.003858] Tegra Revision: A01 SKU: 131 CPU Process: 1 SoC Process: 1
[    0.004408] CPU1: thread -1, cpu 1, socket 0, mpidr 80000001
[    0.006970] CPU2: thread -1, cpu 2, socket 0, mpidr 80000002
[    0.011969] CPU3: thread -1, cpu 3, socket 0, mpidr 80000003
[    0.016748] Brought up 4 CPUs
[    0.016756] SMP: Total of 4 processors activated (96.00 BogoMIPS).
[    0.016758] CPU: All CPU(s) started in SVC mode.
[    0.017298] devtmpfs: initialized
[    0.024233] VFP support v0.3: implementor 41 architecture 4 part 30 variant f rev 0
[    0.024434] clocksource: jiffies: mask: 0xffffffff max_cycles: 0xffffffff, max_idle_ns: 9556302231375000 ns
[    0.024960] pinctrl core: initialized pinctrl subsystem
[    0.025654] NET: Registered protocol family 16
[    0.026323] DMA: preallocated 256 KiB pool for atomic coherent allocations
[    0.041786] cpuidle: using governor menu
[    0.048051] No ATAGs?
[    0.048064] hw-breakpoint: found 5 (+1 reserved) breakpoint and 4 watchpoint registers.
[    0.048067] hw-breakpoint: maximum watchpoint size is 8 bytes.
[    0.050194] Serial: AMBA PL011 UART driver
[    0.051165] tegra-mc 70019000.memory-controller: no memory timings for RAM code 0 registered
[    0.068566] +5V_SYS: supplied by +VDD_MUX
[    0.068667] +3.3V_SYS: supplied by +VDD_MUX
[    0.068887] +VDD_LED: Failed to request enable GPIO122: -517
[    0.068892] reg-fixed-voltage regulators:regulator@5: Failed to register regulator: -517
[    0.068922] +5V_VDD_TS_SW: Failed to request enable GPIO81: -517
[    0.068927] reg-fixed-voltage regulators:regulator@6: Failed to register regulator: -517
[    0.068956] +5V_USB_HS: Failed to request enable GPIO108: -517
[    0.068960] reg-fixed-voltage regulators:regulator@7: Failed to register regulator: -517
[    0.068989] +5V_USB_SS: Failed to request enable GPIO109: -517
[    0.068993] reg-fixed-voltage regulators:regulator@8: Failed to register regulator: -517
[    0.069069] +1.05V_RUN_AVDD_HDMI_PLL: Failed to request enable GPIO63: -517
[    0.069073] reg-fixed-voltage regulators:regulator@11: Failed to register regulator: -517
[    0.069101] +5V_HDMI_CON: Failed to request enable GPIO86: -517
[    0.069105] reg-fixed-voltage regulators:regulator@12: Failed to register regulator: -517
[    0.070233] vgaarb: loaded
[    0.070522] SCSI subsystem initialized
[    0.070588] libata version 3.00 loaded.
[    0.070685] usbcore: registered new interface driver usbfs
[    0.070710] usbcore: registered new interface driver hub
[    0.070735] usbcore: registered new device driver usb
[    0.072091] pps_core: LinuxPPS API ver. 1 registered
[    0.072095] pps_core: Software ver. 5.3.6 - Copyright 2005-2007 Rodolfo Giometti <giometti@linux.it>
[    0.072103] PTP clock support registered
[    0.072173] EDAC MC: Ver: 3.0.0
[    0.072611] tegra-emc 7001b000.emc: no memory timings for RAM code 0 found in DT
[    0.072620] tegra-emc: probe of 7001b000.emc failed with error -2
[    0.073094] clocksource: Switched to clocksource arch_sys_counter
[    0.076781] NET: Registered protocol family 2
[    0.076995] TCP established hash table entries: 8192 (order: 3, 32768 bytes)
[    0.077029] TCP bind hash table entries: 8192 (order: 4, 65536 bytes)
[    0.077091] TCP: Hash tables configured (established 8192 bind 8192)
[    0.077112] UDP hash table entries: 512 (order: 2, 16384 bytes)
[    0.077126] UDP-Lite hash table entries: 512 (order: 2, 16384 bytes)
[    0.077184] NET: Registered protocol family 1
[    0.077319] RPC: Registered named UNIX socket transport module.
[    0.077322] RPC: Registered udp transport module.
[    0.077325] RPC: Registered tcp transport module.
[    0.077328] RPC: Registered tcp NFSv4.1 backchannel transport module.
[    0.077332] PCI: CLS 0 bytes, default 64
[    0.077768] hw perfevents: enabled with armv7_cortex_a15 PMU driver, 7 counters available
[    0.078337] futex hash table entries: 1024 (order: 4, 65536 bytes)
[    0.078614] workingset: timestamp_bits=30 max_order=19 bucket_order=0
[    0.082335] squashfs: version 4.0 (2009/01/31) Phillip Lougher
[    0.082638] NFS: Registering the id_resolver key type
[    0.082649] Key type id_resolver registered
[    0.082652] Key type id_legacy registered
[    0.082669] ntfs: driver 2.1.32 [Flags: R/O].
[    0.083133] bounce: pool size: 64 pages
[    0.083205] Block layer SCSI generic (bsg) driver version 0.4 loaded (major 248)
[    0.083209] io scheduler noop registered
[    0.083212] io scheduler deadline registered
[    0.083280] io scheduler cfq registered (default)
[    0.085172] tegra-xusb-padctl 7009f000.padctl: failed to setup XUSB ports: -517
[    0.085344] libphy: mdio_driver_register: phy-bcm-ns2-pci
[    0.094143] tegra-apbdma 60020000.dma: Tegra20 APB DMA driver register 32 channels
[    0.094808] tegra-pmc 7000e400.pmc: i2c-thermtrip node not found, emergency thermal reset disabled.
[    0.116269] Serial: 8250/16550 driver, 4 ports, IRQ sharing disabled
[    0.117411] console [ttyS0] disabled
[    0.117428] 70006000.serial: ttyS0 at MMIO 0x70006000 (irq = 331, base_baud = 25500000) is a Tegra
[    0.978496] console [ttyS0] enabled
[    0.982287] SuperH (H)SCI(F) driver initialized
[    0.987164] msm_serial: driver initialized
[    0.991323] STMicroelectronics ASC driver initialized
[    0.997778] [drm] Initialized drm 1.1.0 20060810
[    1.003553] tegra-hdmi 54280000.hdmi: failed to get HDMI regulator
[    1.010096] tegra-dpaux 545c0000.dpaux: failed to get VDD supply: -517
[    1.017381] panel supply power not found, using dummy regulator
[    1.027082] brd: module loaded
[    1.032237] loop: module loaded
[    1.036273] as3722 4-0040: AS3722 with revision 0x1 found
[    1.046029] as3722-sd2: supplied by +5V_SYS
[    1.050454] as3722-sd3: supplied by +5V_SYS
[    1.054791] +1.35V_LP0(sd3): Bringing 0uV into 1350000-1350000uV
[    1.060972] as3722-sd4: supplied by +5V_SYS
[    1.065312] +1.05V_RUN: Bringing 0uV into 1050000-1050000uV
[    1.071056] as3722-sd5: supplied by +5V_SYS
[    1.076643] as3722-ldo0: supplied by +1.35V_LP0(sd2)
[    1.082385] +1.8V_RUN_CAM: Bringing 0uV into 1800000-1800000uV
[    1.088405] as3722-ldo2: supplied by +1.8V_VDDIO
[    1.094020] as3722-ldo3: supplied by +3.3V_SYS
[    1.098477] +1.00V_LP0_VDD_RTC: Bringing 1100000uV into 1000000-1000000uV
[    1.106054] as3722-ldo4: supplied by +3.3V_SYS
[    1.110650] +3.3V_RUN_CAM: Bringing 0uV into 2800000-2800000uV
[    1.116672] as3722-ldo5: supplied by +1.8V_VDDIO
[    1.121442] +1.2V_RUN_CAM_FRONT: Bringing 0uV into 1200000-1200000uV
[    1.128131] +VDDIO_SDMMC3: Bringing 0uV into 1800000-1800000uV
[    1.134174] as3722-ldo7: supplied by +1.8V_VDDIO
[    1.138945] +1.05V_RUN_CAM_REAR: Bringing 0uV into 1050000-1050000uV
[    1.145499] as3722-ldo9: supplied by +5V_SYS
[    1.150063] +2.8V_RUN_TOUCH: Bringing 0uV into 2800000-2800000uV
[    1.156272] as3722-ldo10: supplied by +5V_SYS
[    1.160785] +2.8V_RUN_CAM_AF: Bringing 0uV into 2800000-2800000uV
[    1.167231] +1.8V_RUN_VPP_FUSE: Bringing 0uV into 1800000-1800000uV
[    1.179959] random: fast init done
[    1.185502] m25p80 spi32765.0: w25q32dw (4096 Kbytes)
[    1.191779] libphy: Fixed MDIO Bus: probed
[    1.196161] CAN device driver interface
[    1.200754] igb: Intel(R) Gigabit Ethernet Network Driver - version 5.3.0-k
[    1.207704] igb: Copyright (c) 2007-2014 Intel Corporation.
[    1.214421] pegasus: v0.9.3 (2013/04/25), Pegasus/Pegasus II USB Ethernet driver
[    1.221827] usbcore: registered new interface driver pegasus
[    1.227496] usbcore: registered new interface driver asix
[    1.232901] usbcore: registered new interface driver ax88179_178a
[    1.239000] usbcore: registered new interface driver cdc_ether
[    1.244844] usbcore: registered new interface driver smsc75xx
[    1.250600] usbcore: registered new interface driver smsc95xx
[    1.256349] usbcore: registered new interface driver net1080
[    1.262013] usbcore: registered new interface driver cdc_subset
[    1.267935] usbcore: registered new interface driver zaurus
[    1.273520] usbcore: registered new interface driver cdc_ncm
[    1.279832] ehci_hcd: USB 2.0 'Enhanced' Host Controller (EHCI) Driver
[    1.286349] ehci-pci: EHCI PCI platform driver
[    1.290800] ehci-platform: EHCI generic platform driver
[    1.296090] ehci-orion: EHCI orion driver
[    1.300142] SPEAr-ehci: EHCI SPEAr driver
[    1.304198] ehci-st: EHCI STMicroelectronics driver
[    1.309118] ehci-exynos: EHCI EXYNOS driver
[    1.313351] ehci-atmel: EHCI Atmel driver
[    1.317397] tegra-ehci: Tegra EHCI driver
[    1.321465] ohci_hcd: USB 1.1 'Open' Host Controller (OHCI) Driver
[    1.327639] ohci-pci: OHCI PCI platform driver
[    1.332090] ohci-platform: OHCI generic platform driver
[    1.337362] ohci-omap3: OHCI OMAP3 driver
[    1.341418] SPEAr-ohci: OHCI SPEAr driver
[    1.345472] ohci-st: OHCI STMicroelectronics driver
[    1.350391] ohci-atmel: OHCI Atmel driver
[    1.354661] usbcore: registered new interface driver usb-storage
[    1.361248] mousedev: PS/2 mouse device common for all mice
[    1.367186] 1-0015 supply vcc not found, using dummy regulator
[    1.374736] as3722-rtc as3722-rtc: rtc core: registered as3722-rtc as rtc0
[    1.381601] as3722-rtc as3722-rtc: RTC interrupt 370
[    1.388506] tegra_rtc 7000e000.rtc: rtc core: registered 7000e000.rtc as rtc1
[    1.395648] tegra_rtc 7000e000.rtc: Tegra internal Real Time Clock
[    1.402007] i2c /dev entries driver
[    1.407967] 0-004c supply vcc not found, using dummy regulator
[    1.417911] sdhci: Secure Digital Host Controller Interface driver
[    1.424089] sdhci: Copyright(c) Pierre Ossman
[    1.429004] Synopsys Designware Multimedia Card Interface Driver
[    1.435401] sdhci-pltfm: SDHCI platform and OF driver helper
[    1.441341] sdhci-tegra 700b0000.sdhci: allocated mmc-pwrseq
[    1.447104] sdhci-tegra 700b0400.sdhci: Got CD GPIO
[    1.451981] sdhci-tegra 700b0400.sdhci: Got WP GPIO
[    1.456966] mmc0: Unknown controller version (3). You may experience problems.
[    1.464203] mmc0: Invalid maximum block size, assuming 512 bytes
[    1.513102] mmc0: SDHCI controller on 700b0600.sdhci [700b0600.sdhci] using ADMA 64-bit
[    1.521820] ledtrig-cpu: registered to indicate activity on CPUs
[    1.527961] usbcore: registered new interface driver usbhid
[    1.533586] usbhid: USB HID core driver
[    1.539704] NET: Registered protocol family 10
[    1.544507] sit: IPv6, IPv4 and MPLS over IPv4 tunneling driver
[    1.550765] NET: Registered protocol family 17
[    1.555213] can: controller area network core (rev 20120528 abi 9)
[    1.561419] NET: Registered protocol family 29
[    1.565863] can: raw protocol (rev 20120528)
[    1.570130] can: broadcast manager protocol (rev 20160617 t)
[    1.575789] can: netlink gateway (rev 20130117) max_hops=1
[    1.581432] Key type dns_resolver registered
[    1.585956] ThumbEE CPU extension supported.
[    1.590231] Registering SWP/SWPB emulation handler
[    1.596958] +3.3V_RUN: supplied by +3.3V_SYS
[    1.601996] +3.3V_AVDD_HDMI_AP_GATED: supplied by +3.3V_RUN
[    1.603150] input: Elan Touchpad as /devices/soc0/7000c400.i2c/i2c-1/1-0015/input/input0
[    1.615793] +1.8V_RUN_CAM: supplied by +3.3V_RUN
[    1.620510] +VDDIO_SDMMC3: supplied by +3.3V_RUN
[    1.625255] +1.8V_RUN_VPP_FUSE: supplied by +3.3V_RUN
[    1.630585] +VDD_LED: supplied by +VDD_MUX
[    1.635029] +5V_VDD_TS_SW: supplied by +5V_SYS
[    1.639828] +5V_USB_HS: supplied by +5V_SYS
[    1.644361] +5V_USB_SS: supplied by +5V_SYS
[    1.649429] mmc0: new high speed MMC card at address 0001
[    1.654936] +3.3V_PANEL: supplied by +3.3V_RUN
[    1.655677] mmcblk0: mmc0:0001 MMC16G 14.4 GiB 
[    1.656307] mmcblk0boot0: mmc0:0001 MMC16G partition 1 2.00 MiB
[    1.656857] mmcblk0boot1: mmc0:0001 MMC16G partition 2 2.00 MiB
[    1.657346] mmcblk0rpmb: mmc0:0001 MMC16G partition 3 128 KiB
[    1.663521]  mmcblk0: p1 p2 p3 p4 p5 p6 p7 p8 p9 p10 p11 p12
[    1.687973] +3.3V_LP0: supplied by +3.3V_SYS
[    1.692878] +1.05V_RUN_AVDD_HDMI_PLL: supplied by +1.05V_RUN
[    1.693172] elan_i2c 1-0015: failed to read report data: -121
[    1.704648] +5V_HDMI_CON: supplied by +5V_SYS
[    1.709878] usb3-0 supply vbus not found, using dummy regulator
[    1.715841] usb3-1 supply vbus not found, using dummy regulator
[    1.725121] tegra-sor 54540000.sor: failed to probe output: -517
[    1.731656] panel supply power not found, using dummy regulator
[    1.738339] sdhci-tegra 700b0000.sdhci: allocated mmc-pwrseq
[    1.744111] mmc1: Unknown controller version (3). You may experience problems.
[    1.751446] mmc1: Invalid maximum block size, assuming 512 bytes
[    1.757817] mmc1: Switching to 3.3V signalling voltage failed
[    1.803186] mmc1: SDHCI controller on 700b0000.sdhci [700b0000.sdhci] using ADMA 64-bit
[    1.811933] sdhci-tegra 700b0400.sdhci: Got CD GPIO
[    1.816832] sdhci-tegra 700b0400.sdhci: Got WP GPIO
[    1.821828] mmc2: Unknown controller version (3). You may experience problems.
[    1.829152] mmc2: Invalid maximum block size, assuming 512 bytes
[    1.833114] elan_i2c 1-0015: invalid report id data (ff)
[    1.879893] mmc1: new high speed SDIO card at address 0001
[    1.885720] mmc2: SDHCI controller on 700b0400.sdhci [700b0400.sdhci] using ADMA 64-bit
[    1.988579] [drm] Supports vblank timestamp caching Rev 2 (21.10.2013).
[    1.995242] [drm] No driver support for vblank timestamp query.
[    2.045861] mmc2: new high speed SDHC card at address 0007
[    2.046556] mmcblk2: mmc2:0007 SD08G 7.42 GiB 
[    2.055509] Console: switching to colour frame buffer device 170x48
[    2.075651] drm drm: fb0:  frame buffer device
[    2.082685] GPT:Primary header alternate_lba != Alt. header my_lba
[    2.088886] GPT:3014591 != 15564799
[    2.092364] GPT:Primary header thinks Alt. header is not at the end of the disk.
[    2.099764] GPT:3014591 != 15564799
[    2.103247] GPT: Use GNU Parted to correct GPT errors.
[    2.108417]  mmcblk2: p1 p2 p3 p4 p5 p6 p7 p8 p9 p10 p11 p12
[    2.123172] [drm] Initialized tegra 0.0.0 20120330 on minor 0
[    2.129930] input: gpio-keys as /devices/soc0/gpio-keys/input/input1
[    2.136866] as3722-rtc as3722-rtc: setting system clock to 2000-01-01 00:00:22 UTC (946684822)
[    2.149497] +1.8V_RUN_CAM: disabling
[    2.153183] +3.3V_RUN_CAM: disabling
[    2.156907] +1.2V_RUN_CAM_FRONT: disabling
[    2.161225] +1.05V_RUN_CAM_REAR: disabling
[    2.165586] +2.8V_RUN_TOUCH: disabling
[    2.169567] +2.8V_RUN_CAM_AF: disabling
[    2.173630] +1.8V_RUN_VPP_FUSE: disabling
[    2.177795] +5V_VDD_TS_SW: disabling
[    2.181393] +5V_USB_HS: disabling
[    2.184708] +5V_USB_SS: disabling
[    2.189039] EXT4-fs (mmcblk0p3): couldn't mount as ext3 due to feature incompatibilities
[    2.197697] EXT4-fs (mmcblk0p3): couldn't mount as ext2 due to feature incompatibilities
[    2.483258] EXT4-fs (mmcblk0p3): recovery complete
[    2.488045] EXT4-fs (mmcblk0p3): mounted filesystem with ordered data mode. Opts: (null)
[    2.496162] VFS: Mounted root (ext4 filesystem) on device 179:3.
[    2.503330] devtmpfs: mounted
[    2.506995] Freeing unused kernel memory: 2048K (c1100000 - c1300000)
bash: cannot set terminal process group (-1): Inappropriate ioctl for device
bash: no job control in this shell
root@(none):/# mount -t sysfs none /sys
root@(none):/# 
root@(none):/# mount -t debugfs none /sys/kernel/debug
root@(none):/# 
root@(none):/# rtcwake -d rtc1 -m mem -s 3
rtcwake: assuming RTC uses UTC ...
rtcwake: wakeup from "mem" using /dev/rtc1 at Thu Jan  1 00:00:27 1970
[    5.785637] PM: Syncing filesystems ... done.
[    5.795836] Freezing user space processes ... (elapsed 0.001 seconds) done.
[    5.804031] Double checking all user space processes after OOM killer disable... (elapsed 0.000 seconds) 
[    5.813647] Freezing remaining freezable tasks ... (elapsed 0.001 seconds) done.
[    5.822298] Suspending console(s) (use no_console_suspend to debug)
[    5.889611] PM: suspend of devices complete after 60.492 msecs
[    5.890926] PM: late suspend of devices complete after 1.307 msecs
[    5.891744] PM: noirq suspend of devices complete after 0.814 msecs
[    5.891746] Disabling non-boot CPUs ...
[    5.892146] CPU1: shutdown
[    5.909076] CPU2: shutdown
[    5.938794] IRQ17 no longer affine to CPU3
[    5.938972] CPU3: shutdown
[    5.963554] Entering suspend state LP1
[    5.963568] Enabling non-boot CPUs ...
[    5.993719] CPU1 is up
[    6.028726] CPU2 is up
[    6.063825] CPU3 is up
[    6.064317] PM: noirq resume of devices complete after 0.487 msecs
[    6.065488] PM: early resume of devices complete after 0.850 msecs
[    6.218121] mmc1: Switching to 3.3V signalling voltage failed
[    6.478089] tegra-sor 54540000.sor: failed to attach SOR: -110
[    6.489052] PM: resume of devices complete after 423.557 msecs
[    6.568397] Restarting tasks ... done.
root@(none):/# 
root@(none):/# rtcwake -d rtc1 -m mem -s 3
rtcwake: assuming RTC uses UTC ...
rtcwake: wakeup from "mem" using /dev/rtc1 at Thu Jan  1 00:00:32 1970
[    7.848804] PM: Syncing filesystems ... done.
[    7.858477] Freezing user space processes ... (elapsed 0.001 seconds) done.
[    7.866556] Double checking all user space processes after OOM killer disable... (elapsed 0.000 seconds) 
[    7.876214] Freezing remaining freezable tasks ... (elapsed 0.001 seconds) done.
[    7.884855] Suspending console(s) (use no_console_suspend to debug)
[    7.944620] PM: suspend of devices complete after 52.939 msecs
[    7.945842] PM: late suspend of devices complete after 1.213 msecs
[    7.946598] PM: noirq suspend of devices complete after 0.752 msecs
[    7.946600] Disabling non-boot CPUs ...
[    7.946972] CPU1: shutdown
[    7.979062] CPU2: shutdown
[    8.008769] IRQ17 no longer affine to CPU3
[    8.008950] CPU3: shutdown
[    8.033530] Entering suspend state LP1
[    8.033544] Enabling non-boot CPUs ...
[    8.063700] CPU1 is up
[    8.093704] CPU2 is up
[    8.128806] CPU3 is up
[    8.129310] PM: noirq resume of devices complete after 0.499 msecs
[    8.130797] PM: early resume of devices complete after 1.182 msecs
[    8.282482] mmc1: Switching to 3.3V signalling voltage failed
[    8.538112] tegra-sor 54540000.sor: failed to attach SOR: -110
[    8.553559] PM: resume of devices complete after 422.757 msecs
[    8.632892] Restarting tasks ... done.
root@(none):/# 
root@(none):/# rtcwake -d rtc1 -m mem -s 3
rtcwake: assuming RTC uses UTC ...
rtcwake: wakeup from "mem" using /dev/rtc1 at Thu Jan  1 00:00:37 1970
[    9.918835] PM: Syncing filesystems ... done.
[    9.928533] Freezing user space processes ... (elapsed 0.001 seconds) done.
[    9.936716] Double checking all user space processes after OOM killer disable... (elapsed 0.000 seconds) 
[    9.946313] Freezing remaining freezable tasks ... (elapsed 0.001 seconds) done.
[    9.955015] Suspending console(s) (use no_console_suspend to debug)
[   10.009470] PM: suspend of devices complete after 47.653 msecs
[   10.010503] PM: late suspend of devices complete after 1.024 msecs
[   10.011262] PM: noirq suspend of devices complete after 0.755 msecs
[   10.011264] Disabling non-boot CPUs ...
[   10.011624] CPU1: shutdown
[   10.034053] CPU2: shutdown
[   10.063929] CPU3: shutdown
[   10.088506] Entering suspend state LP1
[   10.088520] Enabling non-boot CPUs ...
[   10.118680] CPU1 is up
[   10.148678] CPU2 is up
[   10.183778] CPU3 is up
[   10.184257] PM: noirq resume of devices complete after 0.473 msecs
[   10.185661] PM: early resume of devices complete after 1.095 msecs
[   10.337427] mmc1: Switching to 3.3V signalling voltage failed
[   10.593077] tegra-sor 54540000.sor: failed to attach SOR: -110
[   10.608484] PM: resume of devices complete after 422.818 msecs
[   10.683711] Restarting tasks ... done.
root@(none):/# 
root@(none):/# rtcwake -d rtc1 -m mem -s 3
rtcwake: assuming RTC uses UTC ...
rtcwake: wakeup from "mem" using /dev/rtc1 at Thu Jan  1 00:00:42 1970
[   11.973804] PM: Syncing filesystems ... done.
[   11.983331] Freezing user space processes ... (elapsed 0.001 seconds) done.
[   11.991487] Double checking all user space processes after OOM killer disable... (elapsed 0.000 seconds) 
[   12.001084] Freezing remaining freezable tasks ... (elapsed 0.001 seconds) done.
[   12.009783] Suspending console(s) (use no_console_suspend to debug)
[   12.064646] PM: suspend of devices complete after 48.061 msecs
[   12.065692] PM: late suspend of devices complete after 1.038 msecs
[   12.066581] PM: noirq suspend of devices complete after 0.880 msecs
[   12.066583] Disabling non-boot CPUs ...
[   12.066793] IRQ17 no longer affine to CPU1
[   12.066969] CPU1: shutdown
[   12.084022] CPU2: shutdown
[   12.113906] CPU3: shutdown
[   12.138496] Entering suspend state LP1
[   12.138511] Enabling non-boot CPUs ...
[   12.168659] CPU1 is up
[   12.198662] CPU2 is up
[   12.233762] CPU3 is up
[   12.234241] PM: noirq resume of devices complete after 0.474 msecs
[   12.235628] PM: early resume of devices complete after 1.078 msecs
[   12.388119] mmc1: Switching to 3.3V signalling voltage failed
[   12.648019] tegra-sor 54540000.sor: failed to attach SOR: -110
[   12.659351] PM: resume of devices complete after 423.714 msecs
[   12.739176] Restarting tasks ... done.
root@(none):/# 
root@(none):/# rtcwake -d rtc1 -m mem -s 3
rtcwake: assuming RTC uses UTC ...
rtcwake: wakeup from "mem" using /dev/rtc1 at Thu Jan  1 00:00:47 1970
[   14.023787] PM: Syncing filesystems ... done.
[   14.033494] Freezing user space processes ... (elapsed 0.001 seconds) done.
[   14.041656] Double checking all user space processes after OOM killer disable... (elapsed 0.000 seconds) 
[   14.051256] Freezing remaining freezable tasks ... (elapsed 0.001 seconds) done.
[   14.059955] Suspending console(s) (use no_console_suspend to debug)
[   14.119512] PM: suspend of devices complete after 52.754 msecs
[   14.120574] PM: late suspend of devices complete after 1.053 msecs
[   14.121456] PM: noirq suspend of devices complete after 0.874 msecs
[   14.121458] Disabling non-boot CPUs ...
[   14.121837] CPU1: shutdown
[   14.148996] CPU2: shutdown
[   14.178885] CPU3: shutdown
[   14.203482] Entering suspend state LP1
[   14.203496] Enabling non-boot CPUs ...
[   14.233629] CPU1 is up
[   14.263642] CPU2 is up
[   14.298733] CPU3 is up
[   14.299212] PM: noirq resume of devices complete after 0.474 msecs
[   14.300428] PM: early resume of devices complete after 0.889 msecs
[   14.452299] mmc1: Switching to 3.3V signalling voltage failed
[   14.708016] tegra-sor 54540000.sor: failed to attach SOR: -110
[   14.723247] PM: resume of devices complete after 422.813 msecs
[   14.798458] Restarting tasks ... done.
root@(none):/# 
root@(none):/# rtcwake -d rtc1 -m mem -s 3
rtcwake: assuming RTC uses UTC ...
rtcwake: wakeup from "mem" using /dev/rtc1 at Thu Jan  1 00:00:52 1970
[   16.088613] PM: Syncing filesystems ... done.
[   16.098177] Freezing user space processes ... (elapsed 0.001 seconds) done.
[   16.106331] Double checking all user space processes after OOM killer disable... (elapsed 0.000 seconds) 
[   16.115926] Freezing remaining freezable tasks ... (elapsed 0.001 seconds) done.
[   16.124626] Suspending console(s) (use no_console_suspend to debug)
[   16.179600] PM: suspend of devices complete after 48.168 msecs
[   16.180643] PM: late suspend of devices complete after 1.034 msecs
[   16.181527] PM: noirq suspend of devices complete after 0.876 msecs
[   16.181529] Disabling non-boot CPUs ...
[   16.181739] IRQ17 no longer affine to CPU1
[   16.181917] CPU1: shutdown
[   16.198978] CPU2: shutdown
[   16.228868] CPU3: shutdown
[   16.253445] Entering suspend state LP1
[   16.253459] Enabling non-boot CPUs ...
[   16.283614] CPU1 is up
[   16.313615] CPU2 is up
[   16.348720] CPU3 is up
[   16.349197] PM: noirq resume of devices complete after 0.472 msecs
[   16.350542] PM: early resume of devices complete after 1.018 msecs
[   16.503032] mmc1: Switching to 3.3V signalling voltage failed
[   16.762973] tegra-sor 54540000.sor: failed to attach SOR: -110
[   16.774159] PM: resume of devices complete after 423.609 msecs
[   16.854029] Restarting tasks ... done.
root@(none):/# 
root@(none):/# rtcwake -d rtc1 -m mem -s 3
rtcwake: assuming RTC uses UTC ...
rtcwake: wakeup from "mem" using /dev/rtc1 at Thu Jan  1 00:00:57 1970
[   18.143737] PM: Syncing filesystems ... done.
[   18.153497] Freezing user space processes ... (elapsed 0.001 seconds) done.
[   18.161678] Double checking all user space processes after OOM killer disable... (elapsed 0.000 seconds) 
[   18.171283] Freezing remaining freezable tasks ... (elapsed 0.001 seconds) done.
[   18.179991] Suspending console(s) (use no_console_suspend to debug)
[   18.249345] PM: suspend of devices complete after 62.493 msecs
[   18.250334] PM: late suspend of devices complete after 0.979 msecs
[   18.251097] PM: noirq suspend of devices complete after 0.759 msecs
[   18.251098] Disabling non-boot CPUs ...
[   18.251456] CPU1: shutdown
[   18.278959] CPU2: shutdown
[   18.308844] CPU3: shutdown
[   18.333417] Entering suspend state LP1
[   18.333431] Enabling non-boot CPUs ...
[   18.363588] CPU1 is up
[   18.393595] CPU2 is up
[   18.428694] CPU3 is up
[   18.429171] PM: noirq resume of devices complete after 0.471 msecs
[   18.430337] PM: early resume of devices complete after 0.858 msecs
[   18.582273] mmc1: Switching to 3.3V signalling voltage failed
[   18.837996] tegra-sor 54540000.sor: failed to attach SOR: -110
[   18.853226] PM: resume of devices complete after 422.884 msecs
[   18.928432] Restarting tasks ... done.
root@(none):/# 
root@(none):/# rtcwake -d rtc1 -m mem -s 3
rtcwake: assuming RTC uses UTC ...
rtcwake: wakeup from "mem" using /dev/rtc1 at Thu Jan  1 00:01:02 1970
[   20.223570] PM: Syncing filesystems ... done.
[   20.233163] Freezing user space processes ... (elapsed 0.001 seconds) done.
[   20.241244] Double checking all user space processes after OOM killer disable... (elapsed 0.000 seconds) 
[   20.250838] Freezing remaining freezable tasks ... (elapsed 0.001 seconds) done.
[   20.259545] Suspending console(s) (use no_console_suspend to debug)
[   20.329589] PM: suspend of devices complete after 63.190 msecs
[   20.330632] PM: late suspend of devices complete after 1.035 msecs
[   20.331524] PM: noirq suspend of devices complete after 0.884 msecs
[   20.331526] Disabling non-boot CPUs ...
[   20.331910] CPU1: shutdown
[   20.358938] CPU2: shutdown
[   20.388818] CPU3: shutdown
[   20.413394] Entering suspend state LP1
[   20.413408] Enabling non-boot CPUs ...
[   20.443571] CPU1 is up
[   20.473572] CPU2 is up
[   20.508670] CPU3 is up
[   20.509144] PM: noirq resume of devices complete after 0.469 msecs
[   20.510344] PM: early resume of devices complete after 0.895 msecs
[   20.663167] mmc1: Switching to 3.3V signalling voltage failed
[   20.922975] tegra-sor 54540000.sor: failed to attach SOR: -110
[   20.934348] PM: resume of devices complete after 423.996 msecs
[   21.009576] Restarting tasks ... done.
root@(none):/# 
root@(none):/# rtcwake -d rtc1 -m mem -s 3
rtcwake: assuming RTC uses UTC ...
rtcwake: wakeup from "mem" using /dev/rtc1 at Thu Jan  1 00:01:07 1970
[   22.303680] PM: Syncing filesystems ... done.
[   22.313375] Freezing user space processes ... (elapsed 0.001 seconds) done.
[   22.321555] Double checking all user space processes after OOM killer disable... (elapsed 0.000 seconds) 
[   22.331159] Freezing remaining freezable tasks ... (elapsed 0.001 seconds) done.
[   22.339867] Suspending console(s) (use no_console_suspend to debug)
[   22.409427] PM: suspend of devices complete after 62.762 msecs
[   22.410589] PM: late suspend of devices complete after 1.153 msecs
[   22.411353] PM: noirq suspend of devices complete after 0.760 msecs
[   22.411355] Disabling non-boot CPUs ...
[   22.411724] CPU1: shutdown
[   22.438913] CPU2: shutdown
[   22.468797] CPU3: shutdown
[   22.493384] Entering suspend state LP1
[   22.493398] Enabling non-boot CPUs ...
[   22.523545] CPU1 is up
[   22.553550] CPU2 is up
[   22.583657] CPU3 is up
[   22.584150] PM: noirq resume of devices complete after 0.488 msecs
[   22.585478] PM: early resume of devices complete after 1.009 msecs
[   22.737171] mmc1: Switching to 3.3V signalling voltage failed
[   22.992918] tegra-sor 54540000.sor: failed to attach SOR: -110
[   23.008110] PM: resume of devices complete after 422.626 msecs
[   23.083320] Restarting tasks ... done.
root@(none):/# 
root@(none):/# rtcwake -d rtc1 -m mem -s 3
rtcwake: assuming RTC uses UTC ...
rtcwake: wakeup from "mem" using /dev/rtc1 at Thu Jan  1 00:01:12 1970
[   24.383515] PM: Syncing filesystems ... done.
[   24.393237] Freezing user space processes ... (elapsed 0.001 seconds) done.
[   24.401403] Double checking all user space processes after OOM killer disable... (elapsed 0.000 seconds) 
[   24.411058] Freezing remaining freezable tasks ... (elapsed 0.001 seconds) done.
[   24.419701] Suspending console(s) (use no_console_suspend to debug)
[   24.489423] PM: suspend of devices complete after 62.898 msecs
[   24.490643] PM: late suspend of devices complete after 1.211 msecs
[   24.491405] PM: noirq suspend of devices complete after 0.757 msecs
[   24.491406] Disabling non-boot CPUs ...
[   24.491777] CPU1: shutdown
[   24.523894] CPU2: shutdown
[   24.553785] CPU3: shutdown
[   24.578353] Entering suspend state LP1
[   24.578367] Enabling non-boot CPUs ...
[   24.608538] CPU1 is up
[   24.638535] CPU2 is up
[   24.673640] CPU3 is up
[   24.674120] PM: noirq resume of devices complete after 0.475 msecs
[   24.675483] PM: early resume of devices complete after 1.032 msecs
[   24.827185] mmc1: Switching to 3.3V signalling voltage failed
[   25.082946] tegra-sor 54540000.sor: failed to attach SOR: -110
[   25.098161] PM: resume of devices complete after 422.672 msecs
[   25.173370] Restarting tasks ... done.
root@(none):/# 
root@(none):/# NVTB SYSTEM SUSPEND TEST COMPLETE
