

U-Boot 2015.04-00466-gedec83e90172 (Mar 14 2016 - 10:42:01)

TEGRA124
Model: Acer Chromebook 13 CB5-311
DRAM:  4 GiB
C:   Tegra SD/MMC: 0, Tegra SD/MMC: 1, Tegra SD/MMC: 2
MMC init failed
Using default environment

In:    serial
Out:   serial
Err:   serial
Net:   Net Initialization Skipped
No ethernet found.
Hit any key to stop autoboot:  2  0 
Tegra124 (Nyan-big) # 
Tegra124 (Nyan-big) # usb start
starting USB...
USB0:   USB EHCI 1.10
scanning bus 0 for devices... 2 USB Device(s) found
USB1:   USB EHCI 1.10
scanning bus 1 for devices... 2 USB Device(s) found
       scanning usb for storage devices... 1 Storage Device(s) found
       scanning usb for ethernet devices... 
Warning: asx0 using MAC address from net device
1 Ethernet Device(s) found
Tegra124 (Nyan-big) # setenv bootargs 'ignore_loglevel console=ttyS0,115200n8 rw root=PARTUUID=4d36e82a-b3c0-4b4b-bfcd-afe5217ac023 rootwait gpt debug noinitrd earlyprintk init=/bin/bash'
Tegra124 (Nyan-big) # setenv ipaddr 192.168.100.102; setenv serverip 192.168.100.1; setenv tftpserverip 192.168.100.1
Tegra124 (Nyan-big) # tftpboot 0x82000000 zImage.tegra_defconfig
Using asx0 device
TFTP from server 192.168.100.1; our IP address is 192.168.100.102
Filename 'zImage.tegra_defconfig'.
Load address: 0x82000000
Loading: *#################################################################
	 #################################################################
	 #################################################################
	 #################################################################
	 #################################################################
	 ############################################
	 3.4 MiB/s
done
Bytes transferred = 5410288 (528df0 hex)
Tegra124 (Nyan-big) # tftpboot 0x83000000 tegra124-nyan-big.dtb
Using asx0 device
TFTP from server 192.168.100.1; our IP address is 192.168.100.102
Filename 'tegra124-nyan-big.dtb'.
Load address: 0x83000000
Loading: *#####
	 1.3 MiB/s
done
Bytes transferred = 66821 (10505 hex)
Tegra124 (Nyan-big) # bootz 0x82000000 - 0x83000000
Kernel image @ 0x82000000 [ 0x000000 - 0x528df0 ]
## Flattened Device Tree blob at 83000000
   Booting using the fdt blob at 0x83000000
   Using Device Tree in place at 83000000, end 83013504

Starting kernel ...

[    3.115562] console [ttyS0] enabled
[    3.119038] bootconsole [earlycon0] disabled
[    3.124301] [drm] Initialized drm 1.1.0 20060810
[    3.129363] tegra-hdmi 54280000.hdmi: failed to get HDMI regulator
[    3.135958] tegra-dpaux 545c0000.dpaux: failed to get VDD supply: -517
[    3.143277] panel supply power not found, using dummy regulator
[    3.154596] loop: module loaded
[    3.158372] as3722 4-0040: AS3722 with revision 0x1 found
[    3.168487] as3722-sd2: supplied by +5V_SYS
[    3.172992] as3722-sd3: supplied by +5V_SYS
[    3.177349] +1.35V_LP0(sd3): Bringing 0uV into 1350000-1350000uV
[    3.183613] as3722-sd4: supplied by +5V_SYS
[    3.187960] +1.05V_RUN: Bringing 0uV into 1050000-1050000uV
[    3.193783] as3722-sd5: supplied by +5V_SYS
[    3.199590] as3722-ldo0: supplied by +1.35V_LP0(sd2)
[    3.205422] +1.8V_RUN_CAM: Bringing 0uV into 1800000-1800000uV
[    3.211538] as3722-ldo2: supplied by +1.8V_VDDIO
[    3.217276] as3722-ldo3: supplied by +3.3V_SYS
[    3.221726] +1.00V_LP0_VDD_RTC: Bringing 1100000uV into 1000000-1000000uV
[    3.229393] as3722-ldo4: supplied by +3.3V_SYS
[    3.233993] +3.3V_RUN_CAM: Bringing 0uV into 2800000-2800000uV
[    3.240109] as3722-ldo5: supplied by +1.8V_VDDIO
[    3.244893] +1.2V_RUN_CAM_FRONT: Bringing 0uV into 1200000-1200000uV
[    3.251677] +VDDIO_SDMMC3: Bringing 0uV into 1800000-1800000uV
[    3.257810] as3722-ldo7: supplied by +1.8V_VDDIO
[    3.262584] +1.05V_RUN_CAM_REAR: Bringing 0uV into 1050000-1050000uV
[    3.269236] as3722-ldo9: supplied by +5V_SYS
[    3.273810] +2.8V_RUN_TOUCH: Bringing 0uV into 2800000-2800000uV
[    3.280115] as3722-ldo10: supplied by +5V_SYS
[    3.284632] +2.8V_RUN_CAM_AF: Bringing 0uV into 2800000-2800000uV
[    3.291166] +1.8V_RUN_VPP_FUSE: Bringing 0uV into 1800000-1800000uV
[    3.341688] cros-ec-spi spi32766.0: Chrome EC device registered
[    3.351442] random: fast init done
[    3.357138] m25p80 spi32765.0: w25q32dw (4096 Kbytes)
[    3.363540] libphy: Fixed MDIO Bus: probed
[    3.367643] CAN device driver interface
[    3.371500] igb: Intel(R) Gigabit Ethernet Network Driver - version 5.3.0-k
[    3.378450] igb: Copyright (c) 2007-2014 Intel Corporation.
[    3.384123] pegasus: v0.9.3 (2013/04/25), Pegasus/Pegasus II USB Ethernet driver
[    3.391561] usbcore: registered new interface driver pegasus
[    3.397270] usbcore: registered new interface driver asix
[    3.402691] usbcore: registered new interface driver ax88179_178a
[    3.408825] usbcore: registered new interface driver cdc_ether
[    3.414708] usbcore: registered new interface driver smsc75xx
[    3.420491] usbcore: registered new interface driver smsc95xx
[    3.426276] usbcore: registered new interface driver net1080
[    3.431958] usbcore: registered new interface driver cdc_subset
[    3.437907] usbcore: registered new interface driver zaurus
[    3.443524] usbcore: registered new interface driver cdc_ncm
[    3.449282] ehci_hcd: USB 2.0 'Enhanced' Host Controller (EHCI) Driver
[    3.455799] ehci-pci: EHCI PCI platform driver
[    3.460270] tegra-ehci: Tegra EHCI driver
[    3.464600] usbcore: registered new interface driver cdc_acm
[    3.470250] cdc_acm: USB Abstract Control Model driver for USB modems and ISDN adapters
[    3.478279] usbcore: registered new interface driver cdc_wdm
[    3.483980] usbcore: registered new interface driver usb-storage
[    3.490241] mousedev: PS/2 mouse device common for all mice
[    3.496119] input: cros_ec as /devices/soc0/7000d400.spi/spi_master/spi32766/spi32766.0/7000d400.spi:cros-ec@0:keyboard-controller/input/input0
[    3.511158] as3722-rtc as3722-rtc: rtc core: registered as3722-rtc as rtc0
[    3.518025] as3722-rtc as3722-rtc: RTC interrupt 370
[    3.524862] tegra_rtc 7000e000.rtc: rtc core: registered 7000e000.rtc as rtc1
[    3.532011] tegra_rtc 7000e000.rtc: Tegra internal Real Time Clock
[    3.538320] i2c /dev entries driver
[    3.542565] usbcore: registered new interface driver uvcvideo
[    3.548304] USB Video Class driver (1.1.1)
[    3.552387] gspca_main: v2.14.0 registered
[    3.556771] 0-004c supply vcc not found, using dummy regulator
[    3.564547] tegra-wdt 60005000.timer: initialized (heartbeat = 120 sec, nowayout = 0)
[    3.572969] sdhci: Secure Digital Host Controller Interface driver
[    3.579144] sdhci: Copyright(c) Pierre Ossman
[    3.583486] sdhci-pltfm: SDHCI platform and OF driver helper
[    3.589279] sdhci-tegra 700b0000.sdhci: allocated mmc-pwrseq
[    3.595081] sdhci-tegra 700b0400.sdhci: Got CD GPIO
[    3.599951] sdhci-tegra 700b0400.sdhci: Got WP GPIO
[    3.604973] mmc0: Unknown controller version (3). You may experience problems.
[    3.612207] mmc0: Invalid maximum block size, assuming 512 bytes
[    3.674666] mmc0: SDHCI controller on 700b0600.sdhci [700b0600.sdhci] using ADMA 64-bit
[    3.685108] usbcore: registered new interface driver usbhid
[    3.693588] usbhid: USB HID core driver
[    3.704667] tegra30-i2s 70301100.i2s: DMA channels sourced from device 70300000.ahub
[    3.745112] max98090 0-0010: MAX98090 REVID=0x43
[    3.752415] max98090 0-0010: use default 2.8v micbias
[    3.755086] mmc0: new high speed MMC card at address 0001
[    3.755548] mmcblk0: mmc0:0001 MMC16G 14.4 GiB 
[    3.755746] mmcblk0boot0: mmc0:0001 MMC16G partition 1 2.00 MiB
[    3.755929] mmcblk0boot1: mmc0:0001 MMC16G partition 2 2.00 MiB
[    3.756097] mmcblk0rpmb: mmc0:0001 MMC16G partition 3 128 KiB
[    3.760369]  mmcblk0: p1 p2 p3 p4 p5 p6 p7 p8 p9 p10 p11 p12
[    3.793477] tegra-snd-max98090 sound: HiFi <-> 70301100.i2s mapping ok
[    3.801284] input: GoogleNyanBig Headphones as /devices/soc0/sound/sound/card1/input1
[    3.809384] input: GoogleNyanBig Mic Jack as /devices/soc0/sound/sound/card1/input2
[    4.124638] NET: Registered protocol family 10
[    4.284645] mip6: Mobile IPv6
[    4.287605] sit: IPv6, IPv4 and MPLS over IPv4 tunneling driver
[    4.294576] NET: Registered protocol family 17
[    4.299031] NET: Registered protocol family 15
[    4.303460] can: controller area network core (rev 20120528 abi 9)
[    4.344675] NET: Registered protocol family 29
[    4.349106] can: raw protocol (rev 20120528)
[    4.353363] can: broadcast manager protocol (rev 20160617 t)
[    4.359019] can: netlink gateway (rev 20130117) max_hops=1
[    4.404687] Bluetooth: RFCOMM socket layer initialized
[    4.409820] Bluetooth: RFCOMM ver 1.11
[    4.413561] Bluetooth: BNEP (Ethernet Emulation) ver 1.3
[    4.418871] Bluetooth: BNEP socket layer initialized
[    4.423821] Bluetooth: HIDP (Human Interface Emulation) ver 1.2
[    4.429736] Bluetooth: HIDP socket layer initialized
[    4.434828] Key type dns_resolver registered
[    4.439543] Registering SWP/SWPB emulation handler
[    4.445214] +3.3V_RUN: supplied by +3.3V_SYS
[    4.450132] +3.3V_AVDD_HDMI_AP_GATED: supplied by +3.3V_RUN
[    4.455752] +1.8V_RUN_CAM: supplied by +3.3V_RUN
[    4.460396] +VDDIO_SDMMC3: supplied by +3.3V_RUN
[    4.465851] input: tegra-hda HDMI/DP,pcm=3 as /devices/soc0/70030000.hda/sound/card0/input3
[    4.474309] +1.8V_RUN_VPP_FUSE: supplied by +3.3V_RUN
[    4.479661] +VDD_LED: supplied by +VDD_MUX
[    4.484000] +5V_VDD_TS_SW: supplied by +5V_SYS
[    4.488796] +5V_USB_HS: supplied by +5V_SYS
[    4.493187] +5V_USB_SS: supplied by +5V_SYS
[    4.498225] +3.3V_PANEL: supplied by +3.3V_RUN
[    4.503312] +3.3V_LP0: supplied by +3.3V_SYS
[    4.508195] +1.05V_RUN_AVDD_HDMI_PLL: supplied by +1.05V_RUN
[    4.514069] +5V_HDMI_CON: supplied by +5V_SYS
[    4.519548] usb3-0 supply vbus not found, using dummy regulator
[    4.525545] usb3-1 supply vbus not found, using dummy regulator
[    4.534118] tegra-sor 54540000.sor: failed to probe output: -517
[    4.540352] panel supply power not found, using dummy regulator
[    4.615373] tegra-xusb 70090000.usb: Firmware timestamp: 2014-09-16 02:10:07 UTC
[    4.622782] tegra-xusb 70090000.usb: xHCI Host Controller
[    4.628201] tegra-xusb 70090000.usb: new USB bus registered, assigned bus number 1
[    4.637767] tegra-xusb 70090000.usb: hcc params 0x0184f525 hci version 0x100 quirks 0x00010010
[    4.646431] tegra-xusb 70090000.usb: irq 342, io mem 0x70090000
[    4.653174] hub 1-0:1.0: USB hub found
[    4.656993] hub 1-0:1.0: 6 ports detected
[    4.661696] tegra-xusb 70090000.usb: xHCI Host Controller
[    4.667130] tegra-xusb 70090000.usb: new USB bus registered, assigned bus number 2
[    4.674826] usb usb2: We don't know the algorithms for LPM for this host, disabling LPM.
[    4.683723] hub 2-0:1.0: USB hub found
[    4.687538] hub 2-0:1.0: 2 ports detected
[    4.692773] sdhci-tegra 700b0000.sdhci: allocated mmc-pwrseq
[    4.698625] mmc1: Unknown controller version (3). You may experience problems.
[    4.705992] mmc1: Invalid maximum block size, assuming 512 bytes
[    4.712559] mmc1: Switching to 3.3V signalling voltage failed
[    4.774756] mmc1: SDHCI controller on 700b0000.sdhci [700b0000.sdhci] using ADMA 64-bit
[    4.783005] sdhci-tegra 700b0400.sdhci: Got CD GPIO
[    4.789939] sdhci-tegra 700b0400.sdhci: Got WP GPIO
[    4.797914] mmc2: Unknown controller version (3). You may experience problems.
[    4.805273] mmc2: Invalid maximum block size, assuming 512 bytes
[    4.842630] mmc1: new high speed SDIO card at address 0001
[    4.874813] mmc2: SDHCI controller on 700b0400.sdhci [700b0400.sdhci] using ADMA 64-bit
[    4.980248] [drm] Supports vblank timestamp caching Rev 2 (21.10.2013).
[    4.986878] [drm] No driver support for vblank timestamp query.
[    5.014679] usb 1-2: new high-speed USB device number 2 using tegra-xusb
[    5.026726] mmc2: new high speed SDHC card at address 0007
[    5.027462] mmcblk2: mmc2:0007 SD08G 7.42 GiB 
[    5.036286] GPT:Primary header alternate_lba != Alt. header my_lba
[    5.036289] GPT:3014591 != 15564799
[    5.036291] GPT:Primary header thinks Alt. header is not at the end of the disk.
[    5.036292] GPT:3014591 != 15564799
[    5.036293] GPT: Use GNU Parted to correct GPT errors.
[    5.036319]  mmcblk2: p1 p2 p3 p4 p5 p6 p7 p8 p9 p10 p11 p12
[    5.048696] Console: switching to colour frame buffer device 170x48
[    5.106822] drm drm: fb0:  frame buffer device
[    5.144720] [drm] Initialized tegra 0.0.0 20120330 on minor 0
[    5.151182] input: gpio-keys as /devices/soc0/gpio-keys/input/input4
[    5.158547] as3722-rtc as3722-rtc: setting system clock to 2000-01-01 00:00:24 UTC (946684824)
[    5.172834] +1.8V_RUN_CAM: disabling
[    5.176565] +1.2V_RUN_CAM_FRONT: disabling
[    5.180819] +1.05V_RUN_CAM_REAR: disabling
[    5.185096] +2.8V_RUN_TOUCH: disabling
[    5.189096] +2.8V_RUN_CAM_AF: disabling
[    5.193134] +1.8V_RUN_VPP_FUSE: disabling
[    5.197377] +5V_VDD_TS_SW: disabling
[    5.201137] ALSA device list:
[    5.204096]   #0: tegra-hda at 0x70038000 irq 341
[    5.208819]   #1: GoogleNyanBig
[    5.212747] EXT4-fs (mmcblk0p3): couldn't mount as ext3 due to feature incompatibilities
[    5.325001] uvcvideo: Found UVC 1.00 device HD WebCam (1bcf:2c67)
[    5.339967] input: HD WebCam as /devices/soc0/70090000.usb/usb1/1-2/1-2:1.0/input/input5
[    5.524950] EXT4-fs (mmcblk0p3): recovery complete
[    5.530523] EXT4-fs (mmcblk0p3): mounted filesystem with ordered data mode. Opts: (null)
[    5.538663] VFS: Mounted root (ext4 filesystem) on device 179:3.
[    5.545926] devtmpfs: mounted
[    5.549340] Freeing unused kernel memory: 1024K (c0c00000 - c0d00000)
bash: cannot set terminal process group (-1): Inappropriate ioctl for device
bash: no job control in this shell
root@(none):/# [    5.684734] usb 1-3: new high-speed USB device number 3 using tegra-xusb
[    6.757557] asix 1-3:1.0 eth0: register 'asix' at usb-70090000.usb-3, ASIX AX88772 USB 2.0 Ethernet, c8:d7:19:90:fa:65
[    7.104723] usb 1-1: new high-speed USB device number 4 using tegra-xusb
[    7.283309] usb-storage 1-1:1.0: USB Mass Storage device detected
[    7.290243] scsi host0: usb-storage 1-1:1.0
[    7.364824] scsi host0: runtime PM trying to activate child device host0 but parent (1-1:1.0) is not active
[    8.406561] scsi 0:0:0:0: Direct-Access     SanDisk  SDDR-113         9412 PQ: 0 ANSI: 0
[    8.579300] sd 0:0:0:0: [sda] 15523840 512-byte logical blocks: (7.95 GB/7.40 GiB)
[    8.588081] sd 0:0:0:0: [sda] Write Protect is off
[    8.592864] sd 0:0:0:0: [sda] Mode Sense: 03 00 00 00
[    8.599078] sd 0:0:0:0: [sda] No Caching mode page found
[    8.604382] sd 0:0:0:0: [sda] Assuming drive cache: write through
[    8.630728]  sda: sda1 sda2 sda3 sda4 sda5 sda6 sda7 sda8 sda9 sda10 sda11 sda12 sda13
[    8.644756] sd 0:0:0:0: [sda] Attached SCSI removable disk
mount -t sysfs none /sys
root@(none):/# 
root@(none):/# mount -t debugfs none /sys/kernel/debug
root@(none):/# 
root@(none):/# rtcwake -d rtc1 -m mem -s 3
rtcwake: assuming RTC uses UTC ...
rtcwake: wakeup from "mem" using /dev/rtc1 at Thu Jan  1 00:00:52 1970
[   31.873556] PM: Syncing filesystems ... done.
[   31.883531] Freezing user space processes ... (elapsed 0.001 seconds) done.
[   31.891725] Double checking all user space processes after OOM killer disable... (elapsed 0.000 seconds) 
[   31.901416] Freezing remaining freezable tasks ... (elapsed 0.001 seconds) done.
[   31.910113] Suspending console(s) (use no_console_suspend to debug)
[   32.136094] PM: suspend of devices complete after 219.113 msecs
[   32.137644] PM: late suspend of devices complete after 1.541 msecs
[   32.138458] PM: noirq suspend of devices complete after 0.809 msecs
[   32.138460] Disabling non-boot CPUs ...
[   32.205061] CPU1: shutdown
[   32.314882] IRQ17 no longer affine to CPU2
[   32.315055] CPU2: shutdown
[   32.425003] CPU3: shutdown
[   32.475450] Entering suspend state LP1
[   32.475463] Enabling non-boot CPUs ...
[   32.535840] CPU1 is up
[   32.595999] CPU2 is up
[   32.656227] CPU3 is up
[   32.656704] PM: noirq resume of devices complete after 0.473 msecs
[   32.658118] PM: early resume of devices complete after 0.900 msecs
[   32.709955] mmc1: Switching to 3.3V signalling voltage failed
[   32.964624] tegra-sor 54540000.sor: failed to attach SOR: -110
[   32.980994] PM: resume of devices complete after 322.870 msecs
[   33.060504] Restarting tasks ... done.
root@(none):/# 
root@(none):/# rtcwake -d rtc1 -m mem -s 3
rtcwake: assuming RTC uses UTC ...
rtcwake: wakeup from "mem" using /dev/rtc1 at Thu Jan  1 00:00:57 1970
[   34.314390] PM: Syncing filesystems ... done.
[   34.323601] Freezing user space processes ... (elapsed 0.001 seconds) done.
[   34.331796] Double checking all user space processes after OOM killer disable... (elapsed 0.000 seconds) 
[   34.341455] Freezing remaining freezable tasks ... (elapsed 0.001 seconds) done.
[   34.350115] Suspending console(s) (use no_console_suspend to debug)
[   34.566011] PM: suspend of devices complete after 209.024 msecs
[   34.566908] PM: late suspend of devices complete after 0.893 msecs
[   34.567751] PM: noirq suspend of devices complete after 0.840 msecs
[   34.567753] Disabling non-boot CPUs ...
[   34.604808] IRQ17 no longer affine to CPU1
[   34.604976] CPU1: shutdown
[   34.704961] CPU2: shutdown
[   34.804931] CPU3: shutdown
[   34.855412] Entering suspend state LP1
[   34.855439] Enabling non-boot CPUs ...
[   34.915838] CPU1 is up
[   34.975979] CPU2 is up
[   35.036210] CPU3 is up
[   35.036789] PM: noirq resume of devices complete after 0.575 msecs
[   35.038691] PM: early resume of devices complete after 1.407 msecs
[   35.080007] mmc1: Switching to 3.3V signalling voltage failed
[   35.334651] tegra-sor 54540000.sor: failed to attach SOR: -110
[   35.351201] PM: resume of devices complete after 312.504 msecs
[   35.430596] Restarting tasks ... done.
root@(none):/# 
root@(none):/# rtcwake -d rtc1 -m mem -s 3
rtcwake: assuming RTC uses UTC ...
rtcwake: wakeup from "mem" using /dev/rtc1 at Thu Jan  1 00:01:02 1970
[   36.664886] PM: Syncing filesystems ... done.
[   36.674468] Freezing user space processes ... (elapsed 0.001 seconds) done.
[   36.682681] Double checking all user space processes after OOM killer disable... (elapsed 0.000 seconds) 
[   36.692346] Freezing remaining freezable tasks ... (elapsed 0.001 seconds) done.
[   36.701010] Suspending console(s) (use no_console_suspend to debug)
[   36.916040] PM: suspend of devices complete after 208.153 msecs
[   36.917490] PM: late suspend of devices complete after 1.440 msecs
[   36.918383] PM: noirq suspend of devices complete after 0.889 msecs
[   36.918385] Disabling non-boot CPUs ...
[   36.954951] CPU1: shutdown
[   37.054939] CPU2: shutdown
[   37.164904] CPU3: shutdown
[   37.215402] Entering suspend state LP1
[   37.215428] Enabling non-boot CPUs ...
[   37.275823] CPU1 is up
[   37.335955] CPU2 is up
[   37.396182] CPU3 is up
[   37.396829] PM: noirq resume of devices complete after 0.642 msecs
[   37.398826] PM: early resume of devices complete after 1.494 msecs
[   37.439781] mmc1: Switching to 3.3V signalling voltage failed
[   37.694631] tegra-sor 54540000.sor: failed to attach SOR: -110
[   37.710796] PM: resume of devices complete after 311.965 msecs
[   37.786181] Restarting tasks ... done.
root@(none):/# 
root@(none):/# rtcwake -d rtc1 -m mem -s 3
rtcwake: assuming RTC uses UTC ...
rtcwake: wakeup from "mem" using /dev/rtc1 at Thu Jan  1 00:01:07 1970
[   39.024865] PM: Syncing filesystems ... done.
[   39.034291] Freezing user space processes ... (elapsed 0.001 seconds) done.
[   39.042514] Double checking all user space processes after OOM killer disable... (elapsed 0.000 seconds) 
[   39.052209] Freezing remaining freezable tasks ... (elapsed 0.001 seconds) done.
[   39.060879] Suspending console(s) (use no_console_suspend to debug)
[   39.275961] PM: suspend of devices complete after 208.208 msecs
[   39.276858] PM: late suspend of devices complete after 0.892 msecs
[   39.277689] PM: noirq suspend of devices complete after 0.828 msecs
[   39.277691] Disabling non-boot CPUs ...
[   39.314753] IRQ17 no longer affine to CPU1
[   39.314927] CPU1: shutdown
[   39.424907] CPU2: shutdown
[   39.534871] CPU3: shutdown
[   39.585366] Entering suspend state LP1
[   39.585392] Enabling non-boot CPUs ...
[   39.645804] CPU1 is up
[   39.705932] CPU2 is up
[   39.766158] CPU3 is up
[   39.766737] PM: noirq resume of devices complete after 0.575 msecs
[   39.768594] PM: early resume of devices complete after 1.363 msecs
[   39.809561] mmc1: Switching to 3.3V signalling voltage failed
[   39.994909] usb 1-1: reset high-speed USB device number 4 using tegra-xusb
[   40.064536] tegra-sor 54540000.sor: failed to attach SOR: -110
[   40.171306] PM: resume of devices complete after 402.703 msecs
[   40.257699] Restarting tasks ... done.
root@(none):/# 
root@(none):/# rtcwake -d rtc1 -m mem -s 3
rtcwake: assuming RTC uses UTC ...
rtcwake: wakeup from "mem" using /dev/rtc1 at Thu Jan  1 00:01:12 1970
[   41.395265] PM: Syncing filesystems ... done.
[   41.404717] Freezing user space processes ... (elapsed 0.001 seconds) done.
[   41.412901] Double checking all user space processes after OOM killer disable... (elapsed 0.000 seconds) 
[   41.422571] Freezing remaining freezable tasks ... (elapsed 0.001 seconds) done.
[   41.431247] Suspending console(s) (use no_console_suspend to debug)
[   41.645936] PM: suspend of devices complete after 207.818 msecs
[   41.646828] PM: late suspend of devices complete after 0.888 msecs
[   41.647663] PM: noirq suspend of devices complete after 0.831 msecs
[   41.647665] Disabling non-boot CPUs ...
[   41.684732] IRQ17 no longer affine to CPU1
[   41.684909] CPU1: shutdown
[   41.784889] CPU2: shutdown
[   41.894852] CPU3: shutdown
[   41.945344] Entering suspend state LP1
[   41.945370] Enabling non-boot CPUs ...
[   42.005765] CPU1 is up
[   42.065897] CPU2 is up
[   42.126144] CPU3 is up
[   42.126732] PM: noirq resume of devices complete after 0.583 msecs
[   42.128681] PM: early resume of devices complete after 1.443 msecs
[   42.170053] mmc1: Switching to 3.3V signalling voltage failed
[   42.424510] tegra-sor 54540000.sor: failed to attach SOR: -110
[   42.441222] PM: resume of devices complete after 312.535 msecs
[   42.520625] Restarting tasks ... done.
root@(none):/# 
root@(none):/# rtcwake -d rtc1 -m mem -s 3
rtcwake: assuming RTC uses UTC ...
rtcwake: wakeup from "mem" using /dev/rtc1 at Thu Jan  1 00:01:17 1970
[   43.754830] PM: Syncing filesystems ... done.
[   43.764409] Freezing user space processes ... (elapsed 0.001 seconds) done.
[   43.772635] Double checking all user space processes after OOM killer disable... (elapsed 0.000 seconds) 
[   43.782308] Freezing remaining freezable tasks ... (elapsed 0.001 seconds) done.
[   43.790981] Suspending console(s) (use no_console_suspend to debug)
[   44.005912] PM: suspend of devices complete after 208.056 msecs
[   44.006812] PM: late suspend of devices complete after 0.896 msecs
[   44.007645] PM: noirq suspend of devices complete after 0.830 msecs
[   44.007647] Disabling non-boot CPUs ...
[   44.044708] IRQ17 no longer affine to CPU1
[   44.044886] CPU1: shutdown
[   44.154856] CPU2: shutdown
[   44.254830] CPU3: shutdown
[   44.305332] Entering suspend state LP1
[   44.305359] Enabling non-boot CPUs ...
[   44.365739] CPU1 is up
[   44.425886] CPU2 is up
[   44.486106] CPU3 is up
[   44.486684] PM: noirq resume of devices complete after 0.574 msecs
[   44.488782] PM: early resume of devices complete after 1.586 msecs
[   44.529487] mmc1: Switching to 3.3V signalling voltage failed
[   44.784577] tegra-sor 54540000.sor: failed to attach SOR: -110
[   44.800548] PM: resume of devices complete after 311.760 msecs
[   44.879890] Restarting tasks ... done.
root@(none):/# 
root@(none):/# rtcwake -d rtc1 -m mem -s 3
rtcwake: assuming RTC uses UTC ...
rtcwake: wakeup from "mem" using /dev/rtc1 at Thu Jan  1 00:01:22 1970
[   46.114878] PM: Syncing filesystems ... done.
[   46.124635] Freezing user space processes ... (elapsed 0.001 seconds) done.
[   46.132824] Double checking all user space processes after OOM killer disable... (elapsed 0.000 seconds) 
[   46.142497] Freezing remaining freezable tasks ... (elapsed 0.001 seconds) done.
[   46.151250] Suspending console(s) (use no_console_suspend to debug)
[   46.365942] PM: suspend of devices complete after 207.815 msecs
[   46.367489] PM: late suspend of devices complete after 1.538 msecs
[   46.368284] PM: noirq suspend of devices complete after 0.790 msecs
[   46.368286] Disabling non-boot CPUs ...
[   46.424856] CPU1: shutdown
[   46.504840] CPU2: shutdown
[   46.614627] IRQ17 no longer affine to CPU3
[   46.614804] CPU3: shutdown
[   46.665294] Entering suspend state LP1
[   46.665320] Enabling non-boot CPUs ...
[   46.725716] CPU1 is up
[   46.785858] CPU2 is up
[   46.846081] CPU3 is up
[   46.846667] PM: noirq resume of devices complete after 0.582 msecs
[   46.848499] PM: early resume of devices complete after 1.340 msecs
[   46.889914] mmc1: Switching to 3.3V signalling voltage failed
[   47.144468] tegra-sor 54540000.sor: failed to attach SOR: -110
[   47.161069] PM: resume of devices complete after 312.565 msecs
[   47.240471] Restarting tasks ... done.
root@(none):/# 
root@(none):/# rtcwake -d rtc1 -m mem -s 3
rtcwake: assuming RTC uses UTC ...
rtcwake: wakeup from "mem" using /dev/rtc1 at Thu Jan  1 00:01:27 1970
[   48.474771] PM: Syncing filesystems ... done.
[   48.484360] Freezing user space processes ... (elapsed 0.001 seconds) done.
[   48.492581] Double checking all user space processes after OOM killer disable... (elapsed 0.000 seconds) 
[   48.502252] Freezing remaining freezable tasks ... (elapsed 0.001 seconds) done.
[   48.510927] Suspending console(s) (use no_console_suspend to debug)
[   48.725904] PM: suspend of devices complete after 208.083 msecs
[   48.726855] PM: late suspend of devices complete after 0.942 msecs
[   48.727725] PM: noirq suspend of devices complete after 0.866 msecs
[   48.727727] Disabling non-boot CPUs ...
[   48.764834] CPU1: shutdown
[   48.864640] IRQ17 no longer affine to CPU2
[   48.864821] CPU2: shutdown
[   48.974776] CPU3: shutdown
[   49.025266] Entering suspend state LP1
[   49.025292] Enabling non-boot CPUs ...
[   49.085688] CPU1 is up
[   49.145853] CPU2 is up
[   49.206059] CPU3 is up
[   49.206624] PM: noirq resume of devices complete after 0.560 msecs
[   49.208350] PM: early resume of devices complete after 1.215 msecs
[   49.249419] mmc1: Switching to 3.3V signalling voltage failed
[   49.434808] usb 1-1: reset high-speed USB device number 4 using tegra-xusb
[   49.504479] tegra-sor 54540000.sor: failed to attach SOR: -110
[   49.611485] PM: resume of devices complete after 403.125 msecs
[   49.697878] Restarting tasks ... done.
root@(none):/# 
root@(none):/# rtcwake -d rtc1 -m mem -s 3
rtcwake: assuming RTC uses UTC ...
rtcwake: wakeup from "mem" using /dev/rtc1 at Thu Jan  1 00:01:32 1970
[   50.834753] PM: Syncing filesystems ... done.
[   50.844181] Freezing user space processes ... (elapsed 0.001 seconds) done.
[   50.852409] Double checking all user space processes after OOM killer disable... (elapsed 0.000 seconds) 
[   50.862079] Freezing remaining freezable tasks ... (elapsed 0.001 seconds) done.
[   50.870751] Suspending console(s) (use no_console_suspend to debug)
[   51.085837] PM: suspend of devices complete after 208.211 msecs
[   51.086734] PM: late suspend of devices complete after 0.893 msecs
[   51.087569] PM: noirq suspend of devices complete after 0.832 msecs
[   51.087571] Disabling non-boot CPUs ...
[   51.124631] IRQ17 no longer affine to CPU1
[   51.124808] CPU1: shutdown
[   51.234784] CPU2: shutdown
[   51.344752] CPU3: shutdown
[   51.395245] Entering suspend state LP1
[   51.395271] Enabling non-boot CPUs ...
[   51.455666] CPU1 is up
[   51.515805] CPU2 is up
[   51.576034] CPU3 is up
[   51.576593] PM: noirq resume of devices complete after 0.554 msecs
[   51.578363] PM: early resume of devices complete after 1.255 msecs
[   51.619535] mmc1: Switching to 3.3V signalling voltage failed
[   51.874445] tegra-sor 54540000.sor: failed to attach SOR: -110
[   51.890765] PM: resume of devices complete after 312.396 msecs
[   51.970168] Restarting tasks ... done.
root@(none):/# 
root@(none):/# rtcwake -d rtc1 -m mem -s 3
rtcwake: assuming RTC uses UTC ...
rtcwake: wakeup from "mem" using /dev/rtc1 at Thu Jan  1 00:01:37 1970
[   53.204709] PM: Syncing filesystems ... done.
[   53.214285] Freezing user space processes ... (elapsed 0.001 seconds) done.
[   53.222526] Double checking all user space processes after OOM killer disable... (elapsed 0.000 seconds) 
[   53.232197] Freezing remaining freezable tasks ... (elapsed 0.001 seconds) done.
[   53.240870] Suspending console(s) (use no_console_suspend to debug)
[   53.455810] PM: suspend of devices complete after 208.067 msecs
[   53.456706] PM: late suspend of devices complete after 0.892 msecs
[   53.457536] PM: noirq suspend of devices complete after 0.826 msecs
[   53.457538] Disabling non-boot CPUs ...
[   53.494604] IRQ17 no longer affine to CPU1
[   53.494785] CPU1: shutdown
[   53.594759] CPU2: shutdown
[   53.694732] CPU3: shutdown
[   53.745217] Entering suspend state LP1
[   53.745243] Enabling non-boot CPUs ...
[   53.805637] CPU1 is up
[   53.865787] CPU2 is up
[   53.926012] CPU3 is up
[   53.926559] PM: noirq resume of devices complete after 0.543 msecs
[   53.928436] PM: early resume of devices complete after 1.384 msecs
[   53.969740] mmc1: Switching to 3.3V signalling voltage failed
[   54.224460] tegra-sor 54540000.sor: failed to attach SOR: -110
[   54.240791] PM: resume of devices complete after 312.349 msecs
[   54.320186] Restarting tasks ... done.
root@(none):/# 
root@(none):/# NVTB SYSTEM SUSPEND TEST COMPLETE
