
U-Boot SPL 2014.01-00219-gc4d376f (Feb 18 2014 - 19:57:32)


U-Boot 2014.01-00219-gc4d376f (Feb 18 2014 - 19:57:32)

TEGRA114
Board: NVIDIA Dalmore
I2C:   ready
DRAM:  2 GiB
MMC:   Tegra SD/MMC: 0, Tegra SD/MMC: 1
In:    serial
Out:   serial
Err:   serial
Net:   Net Initialization Skipped
No ethernet found.
Hit any key to stop autoboot:  2  0 
Tegra114 (Dalmore) # 
Tegra114 (Dalmore) # usb reset
(Re)start USB...
USB0:   USB EHCI 1.10
scanning bus 0 for devices... 2 USB Device(s) found
       scanning usb for storage devices... 0 Storage Device(s) found
       scanning usb for ethernet devices... 
Warning: asx0 using MAC address from net device
1 Ethernet Device(s) found
Tegra114 (Dalmore) # setenv bootargs 'ignore_loglevel console=ttyS0,115200n8 rw root=PARTUUID=7369c667-ff51-ec4a-29cd-baabf2fbe346 rootwait gpt debug earlyprintk init=/bin/bash'
Tegra114 (Dalmore) # setenv ipaddr 192.168.100.100; setenv serverip 192.168.100.1; setenv tftpserverip 192.168.100.1
Tegra114 (Dalmore) # tftpboot 0x81000000 zImage.tegra_defconfig
Using asx0 device
TFTP from server 192.168.100.1; our IP address is 192.168.100.100
Filename 'zImage.tegra_defconfig'.
Load address: 0x81000000
Loading: *#################################################################
	 #################################################################
	 #################################################################
	 #################################################################
	 #################################################################
	 #################################################################
	 ###############################
	 2.9 MiB/s
done
Bytes transferred = 6171744 (5e2c60 hex)
Tegra114 (Dalmore) # tftpboot 0x82000000 tegra114-dalmore.dtb
Using asx0 device
TFTP from server 192.168.100.1; our IP address is 192.168.100.100
Filename 'tegra114-dalmore.dtb'.
Load address: 0x82000000
Loading: *###
	 2.5 MiB/s
done
Bytes transferred = 34502 (86c6 hex)
Tegra114 (Dalmore) # bootz 0x81000000 - 0x82000000
Kernel image @ 0x81000000 [ 0x000000 - 0x5e2c60 ]
## Flattened Device Tree blob at 82000000
   Booting using the fdt blob at 0x82000000
   Loading Device Tree to 8fff4000, end 8ffff6c5 ... OK

Starting kernel ...

[    0.000000] Booting Linux on physical CPU 0x0
[    0.000000] Linux version 4.15.0-16223-gd8a5b80 (jonathanh@kaivo) (gcc version 4.7.3 20130328 (prerelease) (crosstool-NG linaro-1.13.1-4.7-2013.04-20130415 - Linaro GCC 2013.04)) #1 SMP PREEMPT Sun Jan 28 13:33:14 PST 2018
[    0.000000] CPU: ARMv7 Processor [412fc0f2] revision 2 (ARMv7), cr=10c5387d
[    0.000000] CPU: div instructions available: patching division code
[    0.000000] CPU: PIPT / VIPT nonaliasing data cache, PIPT instruction cache
[    0.000000] OF: fdt: Machine model: NVIDIA Tegra114 Dalmore evaluation board
[    0.000000] debug: ignoring loglevel setting.
[    0.000000] bootconsole [earlycon0] enabled
[    0.000000] Memory policy: Data cache writealloc
[    0.000000] cma: Reserved 64 MiB at 0xfbc00000
[    0.000000] On node 0 totalpages: 524032
[    0.000000]   Normal zone: 1536 pages used for memmap
[    0.000000]   Normal zone: 0 pages reserved
[    0.000000]   Normal zone: 196608 pages, LIFO batch:31
[    0.000000]   HighMem zone: 327424 pages, LIFO batch:31
[    0.000000] random: fast init done
[    0.000000] percpu: Embedded 17 pages/cpu @(ptrval) s39168 r8192 d22272 u69632
[    0.000000] pcpu-alloc: s39168 r8192 d22272 u69632 alloc=17*4096
[    0.000000] pcpu-alloc: [0] 0 [0] 1 [0] 2 [0] 3 
[    0.000000] Built 1 zonelists, mobility grouping on.  Total pages: 522496
[    0.000000] Kernel command line: ignore_loglevel console=ttyS0,115200n8 rw root=PARTUUID=7369c667-ff51-ec4a-29cd-baabf2fbe346 rootwait gpt debug earlyprintk init=/bin/bash
[    0.000000] Dentry cache hash table entries: 131072 (order: 7, 524288 bytes)
[    0.000000] Inode-cache hash table entries: 65536 (order: 6, 262144 bytes)
[    0.000000] Memory: 1998600K/2096128K available (9216K kernel code, 778K rwdata, 2560K rodata, 1024K init, 299K bss, 31992K reserved, 65536K cma-reserved, 1244160K highmem)
[    0.000000] Virtual kernel memory layout:
[    0.000000]     vector  : 0xffff0000 - 0xffff1000   (   4 kB)
[    0.000000]     fixmap  : 0xffc00000 - 0xfff00000   (3072 kB)
[    0.000000]     vmalloc : 0xf0800000 - 0xff800000   ( 240 MB)
[    0.000000]     lowmem  : 0xc0000000 - 0xf0000000   ( 768 MB)
[    0.000000]     pkmap   : 0xbfe00000 - 0xc0000000   (   2 MB)
[    0.000000]     modules : 0xbf000000 - 0xbfe00000   (  14 MB)
[    0.000000]       .text : 0x(ptrval) - 0x(ptrval)   (10208 kB)
[    0.000000]       .init : 0x(ptrval) - 0x(ptrval)   (1024 kB)
[    0.000000]       .data : 0x(ptrval) - 0x(ptrval)   ( 779 kB)
[    0.000000]        .bss : 0x(ptrval) - 0x(ptrval)   ( 300 kB)
[    0.000000] Preemptible hierarchical RCU implementation.
[    0.000000] 	Tasks RCU enabled.
[    0.000000] NR_IRQS: 16, nr_irqs: 16, preallocated irqs: 16
[    0.000000] /interrupt-controller@60004000: 160 interrupts forwarded to /interrupt-controller@50041000
[    0.000000] Tegra clk 127: register failed with -17
[    0.000009] sched_clock: 32 bits at 1000kHz, resolution 1000ns, wraps every 2147483647500ns
[    0.007673] clocksource: timer_us: mask: 0xffffffff max_cycles: 0xffffffff, max_idle_ns: 1911260446275 ns
[    0.017202] Switching to timer-based delay loop, resolution 1000ns
[    0.024056] arch_timer: cp15 timer(s) running at 12.00MHz (virt).
[    0.029425] clocksource: arch_sys_counter: mask: 0xffffffffffffff max_cycles: 0x2c47f4ee7, max_idle_ns: 440795202497 ns
[    0.040172] sched_clock: 56 bits at 12MHz, resolution 83ns, wraps every 4398046511096ns
[    0.048141] Switching to timer-based delay loop, resolution 83ns
[    0.054608] Console: colour dummy device 80x30
[    0.058556] Calibrating delay loop (skipped), value calculated using timer frequency.. 24.00 BogoMIPS (lpj=120000)
[    0.068867] pid_max: default: 32768 minimum: 301
[    0.073929] Mount-cache hash table entries: 2048 (order: 1, 8192 bytes)
[    0.080052] Mountpoint-cache hash table entries: 2048 (order: 1, 8192 bytes)
[    0.087900] CPU: Testing write buffer coherency: ok
[    0.092209] /cpus/cpu@0 missing clock-frequency property
[    0.097212] /cpus/cpu@1 missing clock-frequency property
[    0.102523] /cpus/cpu@2 missing clock-frequency property
[    0.107787] /cpus/cpu@3 missing clock-frequency property
[    0.113070] CPU0: thread -1, cpu 0, socket 0, mpidr 80000000
[    0.153181] Setting up static identity map for 0x80100000 - 0x801000a0
[    0.157940] Hierarchical SRCU implementation.
[    0.173625] Tegra Revision: A01 SKU: 0 CPU Process: 1 SoC Process: 0
[    0.193207] smp: Bringing up secondary CPUs ...
[    0.243866] CPU1: thread -1, cpu 1, socket 0, mpidr 80000001
[    0.313970] CPU2: thread -1, cpu 2, socket 0, mpidr 80000002
[    0.384064] CPU3: thread -1, cpu 3, socket 0, mpidr 80000003
[    0.384178] smp: Brought up 1 node, 4 CPUs
[    0.403268] SMP: Total of 4 processors activated (96.00 BogoMIPS).
[    0.409458] CPU: All CPU(s) started in SVC mode.
[    0.415904] devtmpfs: initialized
[    0.427980] VFP support v0.3: implementor 41 architecture 4 part 30 variant f rev 0
[    0.434118] clocksource: jiffies: mask: 0xffffffff max_cycles: 0xffffffff, max_idle_ns: 19112604462750000 ns
[    0.443536] futex hash table entries: 1024 (order: 4, 65536 bytes)
[    0.451031] pinctrl core: initialized pinctrl subsystem
[    0.456127] NET: Registered protocol family 16
[    0.460833] DMA: preallocated 256 KiB pool for atomic coherent allocations
[    0.467446] cpuidle: using governor menu
[    0.490036] No ATAGs?
[    0.490202] hw-breakpoint: found 5 (+1 reserved) breakpoint and 4 watchpoint registers.
[    0.498542] hw-breakpoint: maximum watchpoint size is 8 bytes.
[    0.505364] tegra-mc 70019000.memory-controller: no memory timings for RAM code 3 registered
[    0.512926] iommu: Adding device reg-dummy to group 0
[    0.517839] iommu: Adding device 50000000.host1x to group 1
[    0.523358] iommu: Adding device 54140000.gr2d to group 2
[    0.528752] iommu: Adding device 54180000.gr3d to group 3
[    0.534144] iommu: Adding device 54200000.dc to group 4
[    0.539366] iommu: Adding device 54240000.dc to group 5
[    0.544512] iommu: Adding device 54280000.hdmi to group 6
[    0.549898] iommu: Adding device 54300000.dsi to group 7
[    0.555164] iommu: Adding device 60005000.timer to group 8
[    0.560645] iommu: Adding device 60007000.flow-controller to group 9
[    0.566950] iommu: Adding device 6000a000.dma to group 10
[    0.572343] iommu: Adding device 6000c000.ahb to group 11
[    0.577701] iommu: Adding device 6000d000.gpio to group 12
[    0.583183] iommu: Adding device 70000800.apbmisc to group 13
[    0.588877] iommu: Adding device 70000868.pinmux to group 14
[    0.594528] iommu: Adding device 70006300.serial to group 15
[    0.600150] iommu: Adding device 7000a000.pwm to group 16
[    0.605537] iommu: Adding device 7000c000.i2c to group 17
[    0.610890] iommu: Adding device 7000c700.i2c to group 18
[    0.616283] iommu: Adding device 7000d000.i2c to group 19
[    0.621637] iommu: Adding device 7000da00.spi to group 20
[    0.627035] iommu: Adding device 7000e000.rtc to group 21
[    0.632384] iommu: Adding device 7000e400.pmc to group 22
[    0.637774] iommu: Adding device 7000f800.fuse to group 23
[    0.643219] iommu: Adding device 70019000.memory-controller to group 24
[    0.649831] iommu: Adding device 70080000.ahub to group 25
[    0.655263] iommu: Adding device 700e3000.mipi to group 26
[    0.660757] iommu: Adding device 78000400.sdhci to group 27
[    0.666275] iommu: Adding device 78000600.sdhci to group 28
[    0.671838] iommu: Adding device 7d000000.usb to group 29
[    0.677192] iommu: Adding device 7d000000.usb-phy to group 30
[    0.682931] iommu: Adding device 7d008000.usb to group 31
[    0.688284] iommu: Adding device 7d008000.usb-phy to group 32
[    0.694021] iommu: Adding device timer to group 33
[    0.698769] iommu: Adding device backlight to group 34
[    0.703888] iommu: Adding device clocks to group 35
[    0.708763] iommu: Adding device gpio-keys to group 36
[    0.713856] iommu: Adding device regulators to group 37
[    0.719074] iommu: Adding device regulators:regulator@0 to group 38
[    0.725290] iommu: Adding device regulators:regulator@1 to group 39
[    0.731551] iommu: Adding device regulators:regulator@3 to group 40
[    0.737771] iommu: Adding device regulators:regulator@4 to group 41
[    0.744037] iommu: Adding device regulators:regulator@5 to group 42
[    0.750251] iommu: Adding device regulators:regulator@6 to group 43
[    0.756509] iommu: Adding device regulators:regulator@7 to group 44
[    0.762732] iommu: Adding device sound to group 45
[    0.784373] dvdd_ts: Failed to request enable GPIO61: -517
[    0.787981] reg-fixed-voltage regulators:regulator@1: Failed to register regulator: -517
[    0.796125] usb1_vbus: Failed to request enable GPIO108: -517
[    0.801784] reg-fixed-voltage regulators:regulator@3: Failed to register regulator: -517
[    0.809900] usb2_vbus: Failed to request enable GPIO86: -517
[    0.815454] reg-fixed-voltage regulators:regulator@4: Failed to register regulator: -517
[    0.824009] VDD_5V0_HDMI_CON: Failed to request enable GPIO81: -517
[    0.829759] reg-fixed-voltage regulators:regulator@7: Failed to register regulator: -517
[    0.838953] vgaarb: loaded
[    0.841262] SCSI subsystem initialized
[    0.844445] libata version 3.00 loaded.
[    0.848338] usbcore: registered new interface driver usbfs
[    0.853559] usbcore: registered new interface driver hub
[    0.858858] usbcore: registered new device driver usb
[    0.866945] tps65090 2-0048: No cache defaults, reading back from HW
[    0.872477] iommu: Adding device tps65090-pmic to group 46
[    0.877804] TPS65090_RAILSDCDC1: supplied by vdd_ac_bat
[    0.883176] TPS65090_RAILSDCDC2: supplied by vdd_ac_bat
[    0.888382] TPS65090_RAILSDCDC3: supplied by vdd_ac_bat
[    0.893031] TPS65090_RAILSFET1: supplied by vdd_ac_bat
[    0.898005] TPS65090_RAILSFET2: supplied by vdd_ac_bat
[    0.903077] TPS65090_RAILSFET3: supplied by vdd-sys-3v3
[    0.908497] TPS65090_RAILSFET4: supplied by vdd-sys-3v3
[    0.913646] TPS65090_RAILSFET5: supplied by vdd-sys-3v3
[    0.918878] TPS65090_RAILSFET6: supplied by vdd-sys-3v3
[    0.924360] TPS65090_RAILSFET7: supplied by vdd-sys-3v3
[    0.929292] TPS65090_RAILSLDO1: supplied by vdd_ac_bat
[    0.934042] TPS65090_RAILSLDO2: supplied by vdd_ac_bat
[    0.939356] iommu: Adding device tps65090-charger to group 47
[    0.945035] palmas 2-0058: Irq flag is 0x00000004
[    0.951500] palmas 2-0058: Muxing GPIO ff, PWM 0, LED 0
[    0.955057] iommu: Adding device 7000d000.i2c:tps65913@58:gpio to group 48
[    0.962256] iommu: Adding device 7000d000.i2c:tps65913@58:pmic to group 49
[    0.970212] SMPS12: supplied by vdd-ao
[    0.973312] vdd_hdmi_5v0: supplied by vdd-sys-5v0
[    0.977747] SMPS3: supplied by vdd-ao
[    0.982341] SMPS457: supplied by vdd-sys-3v3
[    0.986506] SMPS6: supplied by regulator-dummy
[    0.990674] SMPS8: supplied by vdd-sys-3v3
[    0.994956] SMPS9: supplied by vdd-sys-3v3
[    0.997897] sdhci-vdd-sd-slot: Bringing 2840000uV into 2800000-2800000uV
[    1.005490] SMPS10_OUT2: supplied by regulator-dummy
[    1.009870] SMPS10_OUT1: supplied by regulator-dummy
[    1.014839] LDO1: supplied by vdd-sys-3v3
[    1.019082] LDO2: supplied by vdd-sys-3v3
[    1.023071] LDO3: supplied by vddio-1v8
[    1.026896] LDO4: supplied by vdd-sys-3v3
[    1.030860] LDO5: supplied by vdd_ac_bat
[    1.034337] LDO6: supplied by vdd-sys-3v3
[    1.038134] vdd-sensor-2v85: Bringing 2900000uV into 2850000-2850000uV
[    1.045451] LDO7: supplied by vdd-sys-3v3
[    1.049780] LDO8: supplied by vdd-ao
[    1.052144] vdd-rtc: Bringing 675000uV into 900000-900000uV
[    1.058769] LDO9: supplied by sdhci-vdd-sd-slot
[    1.069091] LDOLN: supplied by vdd-sys-5v0
[    1.072448] LDOUSB: supplied by vdd-sys-5v0
[    1.080840] iommu: Adding device 7000d000.i2c:tps65913@58:rtc to group 50
[    1.085899] iommu: Adding device 7000d000.i2c:tps65913@58:pinmux to group 51
[    1.093155] Linux video capture interface: v2.00
[    1.097403] pps_core: LinuxPPS API ver. 1 registered
[    1.102266] pps_core: Software ver. 5.3.6 - Copyright 2005-2007 Rodolfo Giometti <giometti@linux.it>
[    1.111427] PTP clock support registered
[    1.115869] Advanced Linux Sound Architecture Driver Initialized.
[    1.122006] Bluetooth: Core ver 2.22
[    1.124939] NET: Registered protocol family 31
[    1.129305] Bluetooth: HCI device and connection manager initialized
[    1.135660] Bluetooth: HCI socket layer initialized
[    1.140491] Bluetooth: L2CAP socket layer initialized
[    1.145548] Bluetooth: SCO socket layer initialized
[    1.151051] clocksource: Switched to clocksource arch_sys_counter
[    1.250289] NET: Registered protocol family 2
[    1.253807] TCP established hash table entries: 8192 (order: 3, 32768 bytes)
[    1.259850] TCP bind hash table entries: 8192 (order: 4, 65536 bytes)
[    1.266383] TCP: Hash tables configured (established 8192 bind 8192)
[    1.273058] UDP hash table entries: 512 (order: 2, 16384 bytes)
[    1.278429] UDP-Lite hash table entries: 512 (order: 2, 16384 bytes)
[    1.285067] NET: Registered protocol family 1
[    1.289776] RPC: Registered named UNIX socket transport module.
[    1.294971] RPC: Registered udp transport module.
[    1.299623] RPC: Registered tcp transport module.
[    1.304320] RPC: Registered tcp NFSv4.1 backchannel transport module.
[    1.311200] iommu: Adding device regulatory.0 to group 52
[    1.316307] PCI: CLS 0 bytes, default 64
[    1.321682] iommu: Adding device alarmtimer to group 53
[    1.326180] Initialise system trusted keyrings
[    1.329789] workingset: timestamp_bits=30 max_order=19 bucket_order=0
[    1.337442] squashfs: version 4.0 (2009/01/31) Phillip Lougher
[    1.342660] NFS: Registering the id_resolver key type
[    1.346871] Key type id_resolver registered
[    1.351018] Key type id_legacy registered
[    1.360028] Key type asymmetric registered
[    1.362243] Asymmetric key parser 'x509' registered
[    1.367206] bounce: pool size: 64 pages
[    1.370952] io scheduler noop registered (default)
[    1.375668] io scheduler mq-deadline registered
[    1.380155] io scheduler kyber registered
[    1.401586] tegra-apbdma 6000a000.dma: Tegra20 APB DMA driver register 32 channels
[    1.408407] tegra-pmc 7000e400.pmc: i2c-thermtrip node not found, emergency thermal reset disabled.
[    1.416854] Serial: 8250/16550 driver, 4 ports, IRQ sharing disabled
[    1.422725] iommu: Adding device serial8250 to group 54
[    1.429670] console [ttyS0] disabled
[    1.431403] 70006300.serial: ttyS0 at MMIO 0x70006300 (irq = 329, base_baud = 25500000) is a Tegra
[    1.440303] console [ttyS0] enabled
[    1.440303] console [ttyS0] enabled
[    1.446525] bootconsole [earlycon0] disabled
[    1.446525] bootconsole [earlycon0] disabled
[    1.474310] tegra-hdmi 54280000.hdmi: failed to get HDMI regulator
[    1.499533] loop: module loaded
[    1.514635] m25p80 spi0.0: w25q32dw (4096 Kbytes)
[    1.521381] iommu: Adding device Fixed MDIO bus.0 to group 55
[    1.527329] libphy: Fixed MDIO Bus: probed
[    1.531448] CAN device driver interface
[    1.535332] igb: Intel(R) Gigabit Ethernet Network Driver - version 5.4.0-k
[    1.542309] igb: Copyright (c) 2007-2014 Intel Corporation.
[    1.548013] pegasus: v0.9.3 (2013/04/25), Pegasus/Pegasus II USB Ethernet driver
[    1.555503] usbcore: registered new interface driver pegasus
[    1.561252] usbcore: registered new interface driver asix
[    1.566696] usbcore: registered new interface driver ax88179_178a
[    1.572862] usbcore: registered new interface driver cdc_ether
[    1.578751] usbcore: registered new interface driver smsc75xx
[    1.584586] usbcore: registered new interface driver smsc95xx
[    1.590375] usbcore: registered new interface driver net1080
[    1.596107] usbcore: registered new interface driver cdc_subset
[    1.602093] usbcore: registered new interface driver zaurus
[    1.607725] usbcore: registered new interface driver cdc_ncm
[    1.613631] tegra-phy 7d000000.usb-phy: no vbus regulator
[    1.619484] ehci_hcd: USB 2.0 'Enhanced' Host Controller (EHCI) Driver
[    1.626025] ehci-pci: EHCI PCI platform driver
[    1.630525] tegra-ehci: Tegra EHCI driver
[    1.635226] usbcore: registered new interface driver cdc_acm
[    1.640877] cdc_acm: USB Abstract Control Model driver for USB modems and ISDN adapters
[    1.648956] usbcore: registered new interface driver cdc_wdm
[    1.654707] usbcore: registered new interface driver usb-storage
[    1.664636] iommu: Adding device ci_hdrc.0 to group 56
[    1.678010] palmas-rtc 7000d000.i2c:tps65913@58:rtc: rtc core: registered 7000d000.i2c:tps65913@58:rtc as rtc0
[    1.689515] tegra_rtc 7000e000.rtc: rtc core: registered 7000e000.rtc as rtc1
[    1.696728] tegra_rtc 7000e000.rtc: Tegra internal Real Time Clock
[    1.703242] i2c /dev entries driver
[    1.707643] usbcore: registered new interface driver uvcvideo
[    1.713406] USB Video Class driver (1.1.1)
[    1.717496] gspca_main: v2.14.0 registered
[    1.722535] sbs-battery 0-000b: sbs_probe: Failed to get device status
[    1.729071] sbs-battery: probe of 0-000b failed with error -121
[    1.740277] tegra-wdt 60005000.timer: initialized (heartbeat = 120 sec, nowayout = 0)
[    1.748806] sdhci: Secure Digital Host Controller Interface driver
[    1.755075] sdhci: Copyright(c) Pierre Ossman
[    1.759426] sdhci-pltfm: SDHCI platform and OF driver helper
[    1.765396] sdhci-tegra 78000400.sdhci: Got CD GPIO
[    1.770284] sdhci-tegra 78000400.sdhci: Got WP GPIO
[    1.783419] mmc0: Invalid maximum block size, assuming 512 bytes
[    1.851289] mmc0: SDHCI controller on 78000400.sdhci [78000400.sdhci] using ADMA
[    1.868489] mmc1: Invalid maximum block size, assuming 512 bytes
[    1.931136] mmc1: SDHCI controller on 78000600.sdhci [78000600.sdhci] using ADMA
[    1.942602] usbcore: registered new interface driver usbhid
[    1.948272] usbhid: USB HID core driver
[    1.954410] iommu: Adding device snd-soc-dummy to group 57
[    1.975290] mmc0: new high speed SDHC card at address aaaa
[    1.981373] mmcblk0: mmc0:aaaa SL16G 14.8 GiB 
[    2.002741]  mmcblk0: p1 p2 p3
[    2.008557] mmc1: new high speed MMC card at address 0001
[    2.014571] mmcblk1: mmc1:0001 SEM32G 29.1 GiB 
[    2.019509] mmcblk1boot0: mmc1:0001 SEM32G partition 1 4.00 MiB
[    2.025851] mmcblk1boot1: mmc1:0001 SEM32G partition 2 4.00 MiB
[    2.031971] mmcblk1rpmb: mmc1:0001 SEM32G partition 3 4.00 MiB, chardev (247:0)
[    2.042041]  mmcblk1: p1 p2 p3 p4 p5 p6 p7 p8
[    2.393828] iommu: Adding device 70080400.i2s to group 58
[    2.400178] tegra30-i2s 70080400.i2s: DMA channels sourced from device 70080000.ahub
[    2.416755] tegra-snd-rt5640 sound: rt5640-aif1 <-> 70080400.i2s mapping ok
[    2.428237] input: NVIDIA Tegra Dalmore Headphones as /devices/soc0/sound/sound/card0/input0
[    2.439037] NET: Registered protocol family 10
[    2.444865] Segment Routing with IPv6
[    2.448698] mip6: Mobile IPv6
[    2.451690] sit: IPv6, IPv4 and MPLS over IPv4 tunneling driver
[    2.459125] NET: Registered protocol family 17
[    2.463603] NET: Registered protocol family 15
[    2.468042] can: controller area network core (rev 20170425 abi 9)
[    2.474436] NET: Registered protocol family 29
[    2.478876] can: raw protocol (rev 20170425)
[    2.483159] can: broadcast manager protocol (rev 20170425 t)
[    2.488818] can: netlink gateway (rev 20170425) max_hops=1
[    2.494513] Bluetooth: RFCOMM socket layer initialized
[    2.499662] Bluetooth: RFCOMM ver 1.11
[    2.503441] Bluetooth: BNEP (Ethernet Emulation) ver 1.3
[    2.508753] Bluetooth: BNEP socket layer initialized
[    2.513728] Bluetooth: HIDP (Human Interface Emulation) ver 1.2
[    2.519646] Bluetooth: HIDP socket layer initialized
[    2.524838] Key type dns_resolver registered
[    2.529592] Registering SWP/SWPB emulation handler
[    2.535219] Loading compiled-in X.509 certificates
[    2.557289] usb1_vbus: supplied by vdd-sys-5v0
[    2.562622] usb2_vbus: supplied by vdd-sys-5v0
[    2.568440] VDD_5V0_HDMI_CON: supplied by vdd-sys-5v0
[    2.578049] [drm] Supports vblank timestamp caching Rev 2 (21.10.2013).
[    2.584725] [drm] No driver support for vblank timestamp query.
[    2.684410] Console: switching to colour frame buffer device 240x75
[    2.723066] drm drm: fb0:  frame buffer device
[    2.727606] [drm] Initialized tegra 0.0.0 20120330 for drm on minor 0
[    2.735219] tegra-ehci 7d008000.usb: EHCI Host Controller
[    2.740639] tegra-ehci 7d008000.usb: new USB bus registered, assigned bus number 1
[    2.748639] tegra-ehci 7d008000.usb: irq 340, io mem 0x7d008000
[    2.781136] tegra-ehci 7d008000.usb: USB 2.0 started, EHCI 1.10
[    2.788341] hub 1-0:1.0: USB hub found
[    2.792228] hub 1-0:1.0: 1 port detected
[    2.797617] input: gpio-keys as /devices/soc0/gpio-keys/input/input1
[    2.806615] palmas-rtc 7000d000.i2c:tps65913@58:rtc: setting system clock to 2000-06-21 04:37:17 UTC (961562237)
[    2.817096] cfg80211: Loading compiled-in X.509 certificates for regulatory database
[    2.828822] cfg80211: Loaded X.509 cert 'sforshee: 00b28ddf47aef9cea7'
[    2.835733] platform regulatory.0: Direct firmware load for regulatory.db failed with error -2
[    2.844407] cfg80211: failed to load regulatory.db
[    2.851139] dvdd_ts: disabling
[    2.854196] usb1_vbus: disabling
[    2.857421] vdd_cam_1v8_reg: disabling
[    2.861230] ALSA device list:
[    2.864194]   #0: NVIDIA Tegra Dalmore
[    2.869223] EXT4-fs (mmcblk1p1): mounting ext3 file system using the ext4 subsystem
[    2.891739] EXT4-fs (mmcblk1p1): recovery complete
[    2.896552] EXT4-fs (mmcblk1p1): mounted filesystem with ordered data mode. Opts: (null)
[    2.904781] VFS: Mounted root (ext3 filesystem) on device 179:17.
[    2.916712] devtmpfs: mounted
[    2.920761] Freeing unused kernel memory: 1024K
bash: cannot set terminal process group (-1): Inappropriate ioctl for device
bash: no job control in this shell
root@(none):/# [    3.181207] usb 1-1: new high-speed USB device number 2 using tegra-ehci
d:b5:16
mount -t sysfs none /sys
root@(none):/# 
root@(none):/# mount -t debugfs none /sys/kernel/debug
root@(none):/# 
root@(none):/# rtcwake -d rtc1 -m mem -s 3
rtcwake: assuming RTC uses UTC ...
rtcwake: wakeup from "mem" using /dev/rtc1 at Thu Jan  1 00:00:21 1970
[    6.254766] PM: suspend entry (deep)
[    6.258345] PM: Syncing filesystems ... done.
[    6.264747] Freezing user space processes ... (elapsed 0.001 seconds) done.
[    6.266035] OOM killer disabled.
[    6.266039] Freezing remaining freezable tasks ... (elapsed 0.001 seconds) done.
[    6.267337] Suspending console(s) (use no_console_suspend to debug)
[    6.416815] Disabling non-boot CPUs ...
[    6.601433] IRQ17 no longer affine to CPU3
[    6.603075] Entering suspend state LP1
[    6.603121] Enabling non-boot CPUs ...
[    6.604865] CPU1 is up
[    6.606513] CPU2 is up
[    6.608338] CPU3 is up
[    7.247442] OOM killer enabled.
[    7.250577] Restarting tasks ... done.
root@(none):/# 
root@(none):/# [    7.255166] PM: suspend exit
rtcwake -d rtc1 -m mem -s 3
rtcwake: assuming RTC uses UTC ...
rtcwake: wakeup from "mem" using /dev/rtc1 at Thu Jan  1 00:00:30 1970
[    7.691134] PM: suspend entry (deep)
[    7.694712] PM: Syncing filesystems ... done.
[    7.700164] Freezing user space processes ... (elapsed 0.001 seconds) done.
[    7.701497] OOM killer disabled.
[    7.701501] Freezing remaining freezable tasks ... (elapsed 0.001 seconds) done.
[    7.702822] Suspending console(s) (use no_console_suspend to debug)
[    7.846705] Disabling non-boot CPUs ...
[    8.031386] IRQ17 no longer affine to CPU3
[    8.032425] Entering suspend state LP1
[    8.032471] Enabling non-boot CPUs ...
[    8.034225] CPU1 is up
[    8.035879] CPU2 is up
[    8.037690] CPU3 is up
[    8.676073] OOM killer enabled.
[    8.679207] Restarting tasks ... done.
root@(none):/# 
root@(none):/# [    8.683804] PM: suspend exit
rtcwake -d rtc1 -m mem -s 3
rtcwake: assuming RTC uses UTC ...
rtcwake: wakeup from "mem" using /dev/rtc1 at Thu Jan  1 00:00:39 1970
[    9.110062] PM: suspend entry (deep)
[    9.113795] PM: Syncing filesystems ... done.
[    9.119338] Freezing user space processes ... (elapsed 0.001 seconds) done.
[    9.120644] OOM killer disabled.
[    9.120648] Freezing remaining freezable tasks ... (elapsed 0.001 seconds) done.
[    9.121998] Suspending console(s) (use no_console_suspend to debug)
[    9.256661] Disabling non-boot CPUs ...
[    9.291484] IRQ17 no longer affine to CPU1
[    9.412524] Entering suspend state LP1
[    9.412570] Enabling non-boot CPUs ...
[    9.414326] CPU1 is up
[    9.415990] CPU2 is up
[    9.417818] CPU3 is up
[   10.057749] OOM killer enabled.
[   10.060884] Restarting tasks ... done.
root@(none):/# 
root@(none):/# [   10.065536] PM: suspend exit
rtcwake -d rtc1 -m mem -s 3
rtcwake: assuming RTC uses UTC ...
rtcwake: wakeup from "mem" using /dev/rtc1 at Thu Jan  1 00:00:48 1970
[   10.498163] PM: suspend entry (deep)
[   10.501786] PM: Syncing filesystems ... done.
[   10.506924] Freezing user space processes ... (elapsed 0.001 seconds) done.
[   10.508231] OOM killer disabled.
[   10.508235] Freezing remaining freezable tasks ... (elapsed 0.001 seconds) done.
[   10.509569] Suspending console(s) (use no_console_suspend to debug)
[   10.656546] Disabling non-boot CPUs ...
[   10.751388] IRQ17 no longer affine to CPU2
[   10.812513] Entering suspend state LP1
[   10.812560] Enabling non-boot CPUs ...
[   10.814320] CPU1 is up
[   10.815985] CPU2 is up
[   10.817811] CPU3 is up
[   11.455582] OOM killer enabled.
[   11.458717] Restarting tasks ... done.
root@(none):/# 
root@(none):/# [   11.463312] PM: suspend exit
rtcwake -d rtc1 -m mem -s 3
rtcwake: assuming RTC uses UTC ...
rtcwake: wakeup from "mem" using /dev/rtc1 at Thu Jan  1 00:00:57 1970
[   11.913015] PM: suspend entry (deep)
[   11.916594] PM: Syncing filesystems ... done.
[   11.922078] Freezing user space processes ... (elapsed 0.001 seconds) done.
[   11.923381] OOM killer disabled.
[   11.923385] Freezing remaining freezable tasks ... (elapsed 0.001 seconds) done.
[   11.924716] Suspending console(s) (use no_console_suspend to debug)
[   12.076599] Disabling non-boot CPUs ...
[   12.191310] IRQ17 no longer affine to CPU2
[   12.252464] Entering suspend state LP1
[   12.252510] Enabling non-boot CPUs ...
[   12.254266] CPU1 is up
[   12.255918] CPU2 is up
[   12.257746] CPU3 is up
[   12.898233] OOM killer enabled.
[   12.901389] Restarting tasks ... done.
root@(none):/# 
root@(none):/# [   12.905957] PM: suspend exit
rtcwake -d rtc1 -m mem -s 3
rtcwake: assuming RTC uses UTC ...
rtcwake: wakeup from "mem" using /dev/rtc1 at Thu Jan  1 00:01:06 1970
[   13.339933] PM: suspend entry (deep)
[   13.343575] PM: Syncing filesystems ... done.
[   13.349105] Freezing user space processes ... (elapsed 0.001 seconds) done.
[   13.350424] OOM killer disabled.
[   13.350428] Freezing remaining freezable tasks ... (elapsed 0.001 seconds) done.
[   13.351765] Suspending console(s) (use no_console_suspend to debug)
[   13.496445] Disabling non-boot CPUs ...
[   13.591305] IRQ17 no longer affine to CPU2
[   13.652224] Entering suspend state LP1
[   13.652271] Enabling non-boot CPUs ...
[   13.654032] CPU1 is up
[   13.655687] CPU2 is up
[   13.657514] CPU3 is up
[   14.297044] OOM killer enabled.
[   14.300179] Restarting tasks ... done.
root@(none):/# 
root@(none):/# [   14.304793] PM: suspend exit
rtcwake -d rtc1 -m mem -s 3
rtcwake: assuming RTC uses UTC ...
rtcwake: wakeup from "mem" using /dev/rtc1 at Thu Jan  1 00:01:15 1970
[   14.738509] PM: suspend entry (deep)
[   14.742124] PM: Syncing filesystems ... done.
[   14.747562] Freezing user space processes ... (elapsed 0.001 seconds) done.
[   14.748874] OOM killer disabled.
[   14.748878] Freezing remaining freezable tasks ... (elapsed 0.001 seconds) done.
[   14.750216] Suspending console(s) (use no_console_suspend to debug)
[   14.896754] Disabling non-boot CPUs ...
[   15.001238] IRQ17 no longer affine to CPU2
[   15.062189] Entering suspend state LP1
[   15.062210] Enabling non-boot CPUs ...
[   15.063970] CPU1 is up
[   15.065637] CPU2 is up
[   15.067470] CPU3 is up
[   15.707848] OOM killer enabled.
[   15.711009] Restarting tasks ... done.
root@(none):/# 
root@(none):/# [   15.715604] PM: suspend exit
rtcwake -d rtc1 -m mem -s 3
rtcwake: assuming RTC uses UTC ...
rtcwake: wakeup from "mem" using /dev/rtc1 at Thu Jan  1 00:01:24 1970
[   16.151006] PM: suspend entry (deep)
[   16.154593] PM: Syncing filesystems ... done.
[   16.160060] Freezing user space processes ... (elapsed 0.001 seconds) done.
[   16.161379] OOM killer disabled.
[   16.161383] Freezing remaining freezable tasks ... (elapsed 0.001 seconds) done.
[   16.162715] Suspending console(s) (use no_console_suspend to debug)
[   16.306357] Disabling non-boot CPUs ...
[   16.421212] IRQ17 no longer affine to CPU2
[   16.472345] Entering suspend state LP1
[   16.472392] Enabling non-boot CPUs ...
[   16.474165] CPU1 is up
[   16.475828] CPU2 is up
[   16.477671] CPU3 is up
[   17.124055] OOM killer enabled.
[   17.127190] Restarting tasks ... done.
root@(none):/# 
root@(none):/# [   17.131893] PM: suspend exit
rtcwake -d rtc1 -m mem -s 3
rtcwake: assuming RTC uses UTC ...
rtcwake: wakeup from "mem" using /dev/rtc1 at Thu Jan  1 00:01:33 1970
[   17.559167] PM: suspend entry (deep)
[   17.562785] PM: Syncing filesystems ... done.
[   17.567909] Freezing user space processes ... (elapsed 0.001 seconds) done.
[   17.569233] OOM killer disabled.
[   17.569238] Freezing remaining freezable tasks ... (elapsed 0.001 seconds) done.
[   17.570569] Suspending console(s) (use no_console_suspend to debug)
[   17.716517] Disabling non-boot CPUs ...
[   17.911109] IRQ17 no longer affine to CPU3
[   17.912167] Entering suspend state LP1
[   17.912214] Enabling non-boot CPUs ...
[   17.913984] CPU1 is up
[   17.915642] CPU2 is up
[   17.917471] CPU3 is up
[   18.557578] OOM killer enabled.
[   18.560731] Restarting tasks ... done.
root@(none):/# 
root@(none):/# [   18.565293] PM: suspend exit
rtcwake -d rtc1 -m mem -s 3
rtcwake: assuming RTC uses UTC ...
rtcwake: wakeup from "mem" using /dev/rtc1 at Thu Jan  1 00:01:42 1970
[   18.969925] PM: suspend entry (deep)
[   18.973547] PM: Syncing filesystems ... done.
[   18.979028] Freezing user space processes ... (elapsed 0.001 seconds) done.
[   18.980351] OOM killer disabled.
[   18.980354] Freezing remaining freezable tasks ... (elapsed 0.001 seconds) done.
[   18.981692] Suspending console(s) (use no_console_suspend to debug)
[   19.126508] Disabling non-boot CPUs ...
[   19.221137] IRQ17 no longer affine to CPU2
[   19.282081] Entering suspend state LP1
[   19.282128] Enabling non-boot CPUs ...
[   19.283886] CPU1 is up
[   19.285549] CPU2 is up
[   19.287371] CPU3 is up
[   19.927863] OOM killer enabled.
[   19.931019] Restarting tasks ... done.
root@(none):/# 
root@(none):/# [   19.935567] PM: suspend exit
NVTB SYSTEM SUSPEND TEST COMPLETE
