
U-Boot SPL 2015.04-rc3-00209-ga74ef40 (Mar 16 2015 - 14:43:39)


U-Boot 2015.04-rc3-00209-ga74ef40 (Mar 16 2015 - 14:43:39)

TEGRA20
Model: Compulab TrimSlice board
DRAM:  1 GiB
MMC:   Tegra SD/MMC: 0, Tegra SD/MMC: 1
SF: Detected W25Q80BL with page size 256 Bytes, erase size 4 KiB, total 1 MiB
tegra-pcie: PCI regions:
tegra-pcie:   I/O: 0x82000000-0x82010000
tegra-pcie:   non-prefetchable memory: 0xa0000000-0xa8000000
tegra-pcie:   prefetchable memory: 0xa8000000-0xc0000000
tegra-pcie: dual-mode configuration
tegra-pcie: probing port 0, using 2 lanes
In:    serial
Out:   serial
Err:   serial
Net:   RTL8169#0
Hit any key to stop autoboot:  2  0 
Tegra20 (TrimSlice) # 
Tegra20 (TrimSlice) # usb reset
resetting USB...
USB0:   USB EHCI 1.00
scanning bus 0 for devices... 3 USB Device(s) found
USB1:   USB EHCI 1.00
scanning bus 1 for devices... 1 USB Device(s) found
USB2:   lowlevel init failed
       scanning usb for storage devices... 0 Storage Device(s) found
       scanning usb for ethernet devices... 
Warning: asx0 using MAC address from net device
1 Ethernet Device(s) found
Tegra20 (TrimSlice) # setenv bootargs 'ignore_loglevel console=ttyS0,115200n8 rw root=PARTUUID=11eb23c1-01 rootwait gpt debug noinitrd earlyprintk init=/bin/bash'
Tegra20 (TrimSlice) # setenv ipaddr 192.168.100.103; setenv serverip 192.168.100.1; setenv tftpserverip 192.168.100.1
Tegra20 (TrimSlice) # tftpboot 0x00408000 zImage.multi_v7_defconfig
Using RTL8169#0 device
TFTP from server 192.168.100.1; our IP address is 192.168.100.103
Filename 'zImage.multi_v7_defconfig'.
Load address: 0x408000
Loading: *#################################################################
	 #################################################################
	 #################################################################
	 #################################################################
	 #################################################################
	 #################################################################
	 #################################################################
	 #################################################################
	 ####################
	 4.1 MiB/s
done
Bytes transferred = 7914664 (78c4a8 hex)
Tegra20 (TrimSlice) # tftpboot 0x02408000 tegra20-trimslice.dtb
Using RTL8169#0 device
TFTP from server 192.168.100.1; our IP address is 192.168.100.103
Filename 'tegra20-trimslice.dtb'.
Load address: 0x2408000
Loading: *##
	 3.4 MiB/s
done
Bytes transferred = 21426 (53b2 hex)
Tegra20 (TrimSlice) # bootz 0x00408000 - 0x02408000
Kernel image @ 0x408000 [ 0x000000 - 0x78c4a8 ]
## Flattened Device Tree blob at 02408000
   Booting using the fdt blob at 0x2408000
   Using Device Tree in place at 02408000, end 024103b1

Starting kernel ...

[    0.000000] Booting Linux on physical CPU 0x0
[    0.000000] Linux version 4.12.0-rc1-170892-g2ea659a (jonathanh@sellafield) (gcc version 4.7.3 20130328 (prerelease) (crosstool-NG linaro-1.13.1-4.7-2013.04-20130415 - Linaro GCC 2013.04) ) #1 SMP Sat May 13 13:37:05 PDT 2017
[    0.000000] CPU: ARMv7 Processor [411fc090] revision 0 (ARMv7), cr=10c5387d
[    0.000000] CPU: PIPT / VIPT nonaliasing data cache, VIPT aliasing instruction cache
[    0.000000] OF: fdt: Machine model: Compulab TrimSlice board
[    0.000000] debug: ignoring loglevel setting.
[    0.000000] Memory policy: Data cache writealloc
[    0.000000] efi: Getting EFI parameters from FDT:
[    0.000000] efi: UEFI not found.
[    0.000000] cma: Reserved 64 MiB at 0x3c000000
[    0.000000] On node 0 totalpages: 262144
[    0.000000] free_area_init_node: node 0, pgdat c157fd40, node_mem_map ef7f8000
[    0.000000]   DMA zone: 1536 pages used for memmap
[    0.000000]   DMA zone: 0 pages reserved
[    0.000000]   DMA zone: 196608 pages, LIFO batch:31
[    0.000000]   HighMem zone: 65536 pages, LIFO batch:15
[    0.000000] percpu: Embedded 17 pages/cpu @ef7c4000 s39168 r8192 d22272 u69632
[    0.000000] pcpu-alloc: s39168 r8192 d22272 u69632 alloc=17*4096
[    0.000000] pcpu-alloc: [0] 0 [0] 1 
[    0.000000] Built 1 zonelists in Zone order, mobility grouping on.  Total pages: 260608
[    0.000000] Kernel command line: ignore_loglevel console=ttyS0,115200n8 rw root=PARTUUID=11eb23c1-01 rootwait gpt debug noinitrd earlyprintk init=/bin/bash
[    0.000000] PID hash table entries: 4096 (order: 2, 16384 bytes)
[    0.000000] Dentry cache hash table entries: 131072 (order: 7, 524288 bytes)
[    0.000000] Inode-cache hash table entries: 65536 (order: 6, 262144 bytes)
[    0.000000] Memory: 954368K/1048576K available (10240K kernel code, 1566K rwdata, 4388K rodata, 2048K init, 409K bss, 28672K reserved, 65536K cma-reserved, 196608K highmem)
[    0.000000] Virtual kernel memory layout:
[    0.000000]     vector  : 0xffff0000 - 0xffff1000   (   4 kB)
[    0.000000]     fixmap  : 0xffc00000 - 0xfff00000   (3072 kB)
[    0.000000]     vmalloc : 0xf0800000 - 0xff800000   ( 240 MB)
[    0.000000]     lowmem  : 0xc0000000 - 0xf0000000   ( 768 MB)
[    0.000000]     pkmap   : 0xbfe00000 - 0xc0000000   (   2 MB)
[    0.000000]     modules : 0xbf000000 - 0xbfe00000   (  14 MB)
[    0.000000]       .text : 0xc0208000 - 0xc0d00000   (11232 kB)
[    0.000000]       .init : 0xc1200000 - 0xc1400000   (2048 kB)
[    0.000000]       .data : 0xc1400000 - 0xc15879b0   (1567 kB)
[    0.000000]        .bss : 0xc1590d04 - 0xc15f74d8   ( 410 kB)
[    0.000000] SLUB: HWalign=64, Order=0-3, MinObjects=0, CPUs=2, Nodes=1
[    0.000000] Hierarchical RCU implementation.
[    0.000000] 	RCU debugfs-based tracing is enabled.
[    0.000000] 	RCU restricting CPUs from NR_CPUS=16 to nr_cpu_ids=2.
[    0.000000] RCU: Adjusting geometry for rcu_fanout_leaf=16, nr_cpu_ids=2
[    0.000000] NR_IRQS:16 nr_irqs:16 16
[    0.000000] /interrupt-controller@60004000: 128 interrupts forwarded to /interrupt-controller@50041000
[    0.000000] L2C: platform modifies aux control register: 0x02080000 -> 0x3e480001
[    0.000000] L2C: DT/platform modifies aux control register: 0x02080000 -> 0x3e480001
[    0.000000] L2C-310 errata 727915 769419 enabled
[    0.000000] L2C-310 enabling early BRESP for Cortex-A9
[    0.000000] L2C-310: enabling full line of zeros but not enabled in Cortex-A9
[    0.000000] L2C-310 ID prefetch enabled, offset 1 lines
[    0.000000] L2C-310 cache controller enabled, 8 ways, 1024 kB
[    0.000000] L2C-310: CACHE_ID 0x410000c4, AUX_CTRL 0x7e480001
[    0.000009] sched_clock: 32 bits at 1000kHz, resolution 1000ns, wraps every 2147483647500ns
[    0.000026] clocksource: timer_us: mask: 0xffffffff max_cycles: 0xffffffff, max_idle_ns: 1911260446275 ns
[    0.000036] Switching to timer-based delay loop, resolution 1000ns
[    0.001601] Console: colour dummy device 80x30
[    0.001628] Calibrating delay loop (skipped), value calculated using timer frequency.. 2.00 BogoMIPS (lpj=10000)
[    0.001639] pid_max: default: 32768 minimum: 301
[    0.001710] Mount-cache hash table entries: 2048 (order: 1, 8192 bytes)
[    0.001719] Mountpoint-cache hash table entries: 2048 (order: 1, 8192 bytes)
[    0.002157] CPU: Testing write buffer coherency: ok
[    0.002363] CPU0: thread -1, cpu 0, socket 0, mpidr 80000000
[    0.002589] Setting up static identity map for 0x300000 - 0x3000a0
[    0.004015] Tegra Revision: A03 prime SKU: 8 CPU Process: 1 SoC Process: 2
[    0.004458] EFI services will not be available.
[    0.004627] smp: Bringing up secondary CPUs ...
[    0.005175] CPU1: thread -1, cpu 1, socket 0, mpidr 80000001
[    0.005240] smp: Brought up 1 node, 2 CPUs
[    0.005251] SMP: Total of 2 processors activated (4.00 BogoMIPS).
[    0.005257] CPU: All CPU(s) started in SVC mode.
[    0.005915] devtmpfs: initialized
[    0.009581] VFP support v0.3: implementor 41 architecture 3 part 30 variant 9 rev 1
[    0.009795] clocksource: jiffies: mask: 0xffffffff max_cycles: 0xffffffff, max_idle_ns: 19112604462750000 ns
[    0.009810] futex hash table entries: 512 (order: 3, 32768 bytes)
[    0.012783] pinctrl core: initialized pinctrl subsystem
[    0.014018] NET: Registered protocol family 16
[    0.016272] DMA: preallocated 256 KiB pool for atomic coherent allocations
[    0.017710] cpuidle: using governor menu
[    0.034732] No ATAGs?
[    0.034798] hw-breakpoint: found 5 (+1 reserved) breakpoint and 1 watchpoint registers.
[    0.034810] hw-breakpoint: maximum watchpoint size is 4 bytes.
[    0.040283] Serial: AMBA PL011 UART driver
[    0.051512] AT91: Could not find identification node
[    0.052057] usb1_vbus: Failed to request enable GPIO170: -517
[    0.052073] reg-fixed-voltage regulators:regulator@2: Failed to register regulator: -517
[    0.055451] vgaarb: loaded
[    0.056013] SCSI subsystem initialized
[    0.056134] libata version 3.00 loaded.
[    0.056315] usbcore: registered new interface driver usbfs
[    0.056357] usbcore: registered new interface driver hub
[    0.056395] usbcore: registered new device driver usb
[    0.058355] pps_core: LinuxPPS API ver. 1 registered
[    0.058363] pps_core: Software ver. 5.3.6 - Copyright 2005-2007 Rodolfo Giometti <giometti@linux.it>
[    0.058380] PTP clock support registered
[    0.058520] EDAC MC: Ver: 3.0.0
[    0.060282] clocksource: Switched to clocksource timer_us
[    0.100058] NET: Registered protocol family 2
[    0.100534] TCP established hash table entries: 8192 (order: 3, 32768 bytes)
[    0.100605] TCP bind hash table entries: 8192 (order: 4, 65536 bytes)
[    0.100718] TCP: Hash tables configured (established 8192 bind 8192)
[    0.100831] UDP hash table entries: 512 (order: 2, 16384 bytes)
[    0.100884] UDP-Lite hash table entries: 512 (order: 2, 16384 bytes)
[    0.101040] NET: Registered protocol family 1
[    0.101334] RPC: Registered named UNIX socket transport module.
[    0.101342] RPC: Registered udp transport module.
[    0.101347] RPC: Registered tcp transport module.
[    0.101352] RPC: Registered tcp NFSv4.1 backchannel transport module.
[    0.101362] PCI: CLS 0 bytes, default 64
[    0.102172] hw perfevents: no interrupt-affinity property for /pmu, guessing.
[    0.102320] hw perfevents: enabled with armv7_cortex_a9 PMU driver, 7 counters available
[    0.103657] workingset: timestamp_bits=30 max_order=18 bucket_order=0
[    0.110228] squashfs: version 4.0 (2009/01/31) Phillip Lougher
[    0.110903] NFS: Registering the id_resolver key type
[    0.110923] Key type id_resolver registered
[    0.110930] Key type id_legacy registered
[    0.110960] ntfs: driver 2.1.32 [Flags: R/O].
[    0.112258] bounce: pool size: 64 pages
[    0.112296] Block layer SCSI generic (bsg) driver version 0.4 loaded (major 248)
[    0.112304] io scheduler noop registered
[    0.112310] io scheduler deadline registered
[    0.112336] io scheduler cfq registered (default)
[    0.112343] io scheduler mq-deadline registered
[    0.112349] io scheduler kyber registered
[    0.123458] tegra-pcie 80003000.pcie-controller: dual-mode configuration
[    0.124157] tegra-pcie 80003000.pcie-controller: probing port 0, using 2 lanes
[    0.206461] tegra-pcie 80003000.pcie-controller: PCI host bridge to bus 0000:00
[    0.206474] pci_bus 0000:00: root bus resource [io  0x0000-0xffff]
[    0.206482] pci_bus 0000:00: root bus resource [mem 0xa0000000-0xa7ffffff]
[    0.206490] pci_bus 0000:00: root bus resource [mem 0xa8000000-0xbfffffff pref]
[    0.206499] pci_bus 0000:00: root bus resource [bus 00-ff]
[    0.206527] pci 0000:00:01.0: [10de:0bf0] type 01 class 0x060000
[    0.206556] pci_bus 0000:00: 2-byte config write to 0000:00:01.0 offset 0x88 may corrupt adjacent RW1C bits
[    0.206582] pci_bus 0000:00: 2-byte config write to 0000:00:01.0 offset 0x52 may corrupt adjacent RW1C bits
[    0.206606] pci 0000:00:01.0: PME# supported from D0 D1 D2 D3hot D3cold
[    0.206617] pci_bus 0000:00: 2-byte config write to 0000:00:01.0 offset 0x4c may corrupt adjacent RW1C bits
[    0.206792] pci_bus 0000:00: 2-byte config write to 0000:00:01.0 offset 0x3e may corrupt adjacent RW1C bits
[    0.206804] pci_bus 0000:00: 2-byte config write to 0000:00:01.0 offset 0x4 may corrupt adjacent RW1C bits
[    0.206814] pci_bus 0000:00: 1-byte config write to 0000:00:01.0 offset 0xc may corrupt adjacent RW1C bits
[    0.206821] PCI: bus0: Fast back to back transfers disabled
[    0.206830] pci 0000:00:01.0: bridge configuration invalid ([bus 00-00]), reconfiguring
[    0.206840] pci_bus 0000:00: 2-byte config write to 0000:00:01.0 offset 0x3e may corrupt adjacent RW1C bits
[    0.206850] pci_bus 0000:00: 2-byte config write to 0000:00:01.0 offset 0x3e may corrupt adjacent RW1C bits
[    0.206860] pci_bus 0000:00: 2-byte config write to 0000:00:01.0 offset 0x3e may corrupt adjacent RW1C bits
[    0.206870] pci_bus 0000:00: 2-byte config write to 0000:00:01.0 offset 0x6 may corrupt adjacent RW1C bits
[    0.206987] pci 0000:01:00.0: [10ec:8168] type 00 class 0x020000
[    0.207013] pci 0000:01:00.0: reg 0x10: [io  0x0000-0x00ff]
[    0.207038] pci 0000:01:00.0: reg 0x18: [mem 0x00000000-0x00000fff 64bit pref]
[    0.207055] pci 0000:01:00.0: reg 0x20: [mem 0x00000000-0x00003fff 64bit pref]
[    0.207069] pci 0000:01:00.0: reg 0x30: [mem 0x00000000-0x0001ffff pref]
[    0.207142] pci 0000:01:00.0: supports D1 D2
[    0.207150] pci 0000:01:00.0: PME# supported from D0 D1 D2 D3hot D3cold
[    0.230336] PCI: bus1: Fast back to back transfers disabled
[    0.230349] pci_bus 0000:01: busn_res: [bus 01-ff] end is updated to 01
[    0.230361] Disabling cpuidle LP2 state, since PCIe IRQs are in use
[    0.230421] pci 0000:00:01.0: BAR 8: assigned [mem 0xa0000000-0xa00fffff]
[    0.230433] pci 0000:00:01.0: BAR 9: assigned [mem 0xa8000000-0xa80fffff 64bit pref]
[    0.230443] pci 0000:00:01.0: BAR 7: assigned [io  0x1000-0x1fff]
[    0.230454] pci 0000:01:00.0: BAR 6: assigned [mem 0xa0000000-0xa001ffff pref]
[    0.230464] pci 0000:01:00.0: BAR 4: assigned [mem 0xa8000000-0xa8003fff 64bit pref]
[    0.230484] pci 0000:01:00.0: BAR 2: assigned [mem 0xa8004000-0xa8004fff 64bit pref]
[    0.230502] pci 0000:01:00.0: BAR 0: assigned [io  0x1000-0x10ff]
[    0.230513] pci 0000:00:01.0: PCI bridge to [bus 01]
[    0.230521] pci 0000:00:01.0:   bridge window [io  0x1000-0x1fff]
[    0.230530] pci 0000:00:01.0:   bridge window [mem 0xa0000000-0xa00fffff]
[    0.230539] pci 0000:00:01.0:   bridge window [mem 0xa8000000-0xa80fffff 64bit pref]
[    0.230562] pci 0000:00:01.0: nv_msi_ht_cap_quirk didn't locate host bridge
[    0.230620] pcieport 0000:00:01.0: enabling device (0140 -> 0143)
[    0.230802] pcieport 0000:00:01.0: Signaling PME with IRQ 295
[    0.236709] tegra-apbdma 6000a000.dma: Tegra20 APB DMA driver register 16 channels
[    0.285686] Serial: 8250/16550 driver, 4 ports, IRQ sharing disabled
[    0.287939] console [ttyS0] disabled
[    0.287976] 70006000.serial: ttyS0 at MMIO 0x70006000 (irq = 279, base_baud = 13500000) is a Tegra
[    1.353181] console [ttyS0] enabled
[    1.357231] SuperH (H)SCI(F) driver initialized
[    1.362472] msm_serial: driver initialized
[    1.366694] STMicroelectronics ASC driver initialized
[    1.376012] tegra-hdmi 54280000.hdmi: 54280000.hdmi supply hdmi not found, using dummy regulator
[    1.386748] [drm] Supports vblank timestamp caching Rev 2 (21.10.2013).
[    1.393371] [drm] No driver support for vblank timestamp query.
[    1.399313] [drm] Cannot find any crtc or sizes - going 1024x768
[    1.421504] Console: switching to colour frame buffer device 128x48
[    1.436179] drm drm: fb0:  frame buffer device
[    1.440671] [drm] Initialized tegra 0.0.0 20120330 for drm on minor 0
[    1.456317] brd: module loaded
[    1.464971] loop: module loaded
[    1.474082] m25p80 spi32766.0: found s25fl008k, expected w25q80bl
[    1.480168] m25p80 spi32766.0: s25fl008k (1024 Kbytes)
[    1.487535] libphy: Fixed MDIO Bus: probed
[    1.492440] CAN device driver interface
[    1.496924] bgmac_bcma: Broadcom 47xx GBit MAC driver loaded
[    1.503588] e1000e: Intel(R) PRO/1000 Network Driver - 3.2.6-k
[    1.509404] e1000e: Copyright(c) 1999 - 2015 Intel Corporation.
[    1.515381] igb: Intel(R) Gigabit Ethernet Network Driver - version 5.4.0-k
[    1.522338] igb: Copyright (c) 2007-2014 Intel Corporation.
[    1.528422] r8169 Gigabit Ethernet driver 2.3LK-NAPI loaded
[    1.534021] r8169 0000:01:00.0: enabling device (0140 -> 0143)
[    1.540685] r8169 0000:01:00.0 eth0: RTL8168d/8111d at 0xf08fc000, 00:01:c0:13:7d:63, XID 081000c0 IRQ 296
[    1.550346] r8169 0000:01:00.0 eth0: jumbo features [frames: 9200 bytes, tx checksumming: ko]
[    1.560982] pegasus: v0.9.3 (2013/04/25), Pegasus/Pegasus II USB Ethernet driver
[    1.568414] usbcore: registered new interface driver pegasus
[    1.574124] usbcore: registered new interface driver asix
[    1.579537] usbcore: registered new interface driver ax88179_178a
[    1.585659] usbcore: registered new interface driver cdc_ether
[    1.591535] usbcore: registered new interface driver smsc75xx
[    1.597306] usbcore: registered new interface driver smsc95xx
[    1.603080] usbcore: registered new interface driver net1080
[    1.608751] usbcore: registered new interface driver cdc_subset
[    1.614705] usbcore: registered new interface driver zaurus
[    1.620328] usbcore: registered new interface driver cdc_ncm
[    1.626242] tegra-phy c5004000.usb-phy: no vbus regulator
[    1.632738] tegra-phy c5008000.usb-phy: no vbus regulator
[    1.639417] ehci_hcd: USB 2.0 'Enhanced' Host Controller (EHCI) Driver
[    1.645949] ehci-pci: EHCI PCI platform driver
[    1.650428] ehci-platform: EHCI generic platform driver
[    1.655789] ehci-orion: EHCI orion driver
[    1.659901] SPEAr-ehci: EHCI SPEAr driver
[    1.664017] ehci-st: EHCI STMicroelectronics driver
[    1.668981] ehci-exynos: EHCI EXYNOS driver
[    1.673284] ehci-atmel: EHCI Atmel driver
[    1.677380] tegra-ehci: Tegra EHCI driver
[    1.741491] ulpi_phy_power_on: ulpi write failed
[    1.746099] tegra-ehci c5004000.usb: Failed to power on the phy
[    1.752034] tegra-ehci: probe of c5004000.usb failed with error -110
[    1.761010] tegra-ehci c5008000.usb: EHCI Host Controller
[    1.766420] tegra-ehci c5008000.usb: new USB bus registered, assigned bus number 1
[    1.774238] tegra-ehci c5008000.usb: irq 290, io mem 0xc5008000
[    1.800305] tegra-ehci c5008000.usb: USB 2.0 started, EHCI 1.00
[    1.806823] hub 1-0:1.0: USB hub found
[    1.810605] hub 1-0:1.0: 1 port detected
[    1.814828] ohci_hcd: USB 1.1 'Open' Host Controller (OHCI) Driver
[    1.821019] ohci-pci: OHCI PCI platform driver
[    1.825498] ohci-platform: OHCI generic platform driver
[    1.830884] ohci-omap3: OHCI OMAP3 driver
[    1.834984] SPEAr-ohci: OHCI SPEAr driver
[    1.839082] ohci-st: OHCI STMicroelectronics driver
[    1.844064] ohci-atmel: OHCI Atmel driver
[    1.848656] usbcore: registered new interface driver usb-storage
[    1.857258] rtc-em3027 2-0056: rtc core: registered rtc-em3027 as rtc0
[    1.864940] tegra_rtc 7000e000.rtc: rtc core: registered 7000e000.rtc as rtc1
[    1.872105] tegra_rtc 7000e000.rtc: Tegra internal Real Time Clock
[    1.878666] i2c /dev entries driver
[    1.891392] sdhci: Secure Digital Host Controller Interface driver
[    1.897557] sdhci: Copyright(c) Pierre Ossman
[    1.903065] Synopsys Designware Multimedia Card Interface Driver
[    1.909974] sdhci-pltfm: SDHCI platform and OF driver helper
[    1.924513] mmc0: Invalid maximum block size, assuming 512 bytes
[    1.990306] mmc0: SDHCI controller on c8000000.sdhci [c8000000.sdhci] using ADMA
[    1.997786] sdhci-tegra c8000600.sdhci: Got CD GPIO
[    2.002685] sdhci-tegra c8000600.sdhci: Got WP GPIO
[    2.015728] mmc1: Invalid maximum block size, assuming 512 bytes
[    2.080405] mmc1: SDHCI controller on c8000600.sdhci [c8000600.sdhci] using ADMA
[    2.089208] ledtrig-cpu: registered to indicate activity on CPUs
[    2.095505] usbcore: registered new interface driver usbhid
[    2.101081] usbhid: USB HID core driver
[    2.108018] NET: Registered protocol family 10
[    2.113479] Segment Routing with IPv6
[    2.117181] sit: IPv6, IPv4 and MPLS over IPv4 tunneling driver
[    2.123601] NET: Registered protocol family 17
[    2.128038] can: controller area network core (rev 20170425 abi 9)
[    2.134267] NET: Registered protocol family 29
[    2.138699] can: raw protocol (rev 20170425)
[    2.142971] can: broadcast manager protocol (rev 20170425 t)
[    2.148619] can: netlink gateway (rev 20170425) max_hops=1
[    2.154422] Key type dns_resolver registered
[    2.159074] ThumbEE CPU extension supported.
[    2.163365] Registering SWP/SWPB emulation handler
[    2.176269] utmi_phy_clk_enable: timeout waiting for phy to stabilize
[    2.180323] usb 1-1: new high-speed USB device number 2 using tegra-ehci
[    2.189430] tegra-ehci c5000000.usb: EHCI Host Controller
[    2.194845] tegra-ehci c5000000.usb: new USB bus registered, assigned bus number 2
[    2.202709] tegra-ehci c5000000.usb: irq 288, io mem 0xc5000000
[    2.299302] mmc1: new high speed SD card at address b368
[    2.305160] mmcblk1: mmc1:b368 NCard 1.83 GiB (ro)
[    2.312638]  mmcblk1: p1 p2
[    2.350328] tegra-ehci c5000000.usb: USB 2.0 started, EHCI 1.00
[    2.357090] hub 2-0:1.0: USB hub found
[    2.360909] hub 2-0:1.0: 1 port detected
[    2.366076] input: gpio-keys as /devices/soc0/gpio-keys/input/input0
[    2.373107] hub 1-1:1.0: USB hub found
[    2.376889] rtc-em3027 2-0056: hctosys: unable to read the hardware clock
[    2.377014] hub 1-1:1.0: 4 ports detected
[    2.388601] Waiting for root device PARTUUID=11eb23c1-01...
[    2.690375] usb 1-1.2: new high-speed USB device number 3 using tegra-ehci
[    3.258215] mmc0: host does not support reading read-only switch, assuming write-enable
[    3.268337] mmc0: new high speed SDHC card at address b368
[    3.275278] mmcblk0: mmc0:b368 NCard 3.70 GiB 
[    3.283246]  mmcblk0: p1
[    3.315346] asix 1-1.2:1.0 eth1: register 'asix' at usb-c5008000.usb-1.2, ASIX AX88772 USB 2.0 Ethernet, 00:60:6e:60:6c:68
[    3.351778] EXT4-fs (mmcblk0p1): mounting ext3 file system using the ext4 subsystem
[    3.383003] random: fast init done
[    4.702816] EXT4-fs (mmcblk0p1): recovery complete
[    4.779304] EXT4-fs (mmcblk0p1): mounted filesystem with ordered data mode. Opts: (null)
[    4.787590] VFS: Mounted root (ext3 filesystem) on device 179:17.
[    4.798447] devtmpfs: mounted
[    4.809592] Freeing unused kernel memory: 2048K
bash: cannot set terminal process group (-1): Inappropriate ioctl for device
bash: no job control in this shell
root@(none):/#  
root@(none):/# 