Diff for ./qemu-vexpress64/__internal/defconfig_log.txt
--- /tmp/fooa	2017-08-15 14:40:52.166897492 -0700
+++ /tmp/foob	2017-08-15 14:40:52.170897509 -0700
@@ -1,5 +1,5 @@
 Booting Linux on physical CPU 0x0
-Linux version 4.13.0-rc4-304259-gaae4e7a (jonathanh@tamien) (gcc version 4.9.2 20140904 (prerelease) (crosstool-NG linaro-1.13.1-4.9-2014.09 - Linaro GCC 4.9-2014.09)) #1 SMP PREEMPT Sun Aug 6 19:09:36 PDT 2017
+Linux version 4.13.0-rc5-304592-gef95484 (jonathanh@tamien) (gcc version 4.9.2 20140904 (prerelease) (crosstool-NG linaro-1.13.1-4.9-2014.09 - Linaro GCC 4.9-2014.09)) #1 SMP PREEMPT Tue Aug 15 14:38:41 PDT 2017
 Boot CPU: AArch64 Processor [411fd070]
 Machine model: linux,dummy-virt
 Memory limited to 1024MB
@@ -113,7 +113,7 @@
 hw perfevents: enabled with armv8_pmuv3 PMU driver, 1 counters available
 kvm [1]: HYP mode not available
 audit: initializing netlink subsys (disabled)
-audit: type=2000 audit(0.759:1): state=initialized audit_enabled=0 res=1
+audit: type=2000 audit(0.797:1): state=initialized audit_enabled=0 res=1
 workingset: timestamp_bits=44 max_order=18 bucket_order=0
 squashfs: version 4.0 (2009/01/31) Phillip Lougher
 NFS: Registering the id_resolver key type
@@ -179,7 +179,7 @@
 Key type dns_resolver registered
 registered taskstats version 1
 input: gpio-keys as /devices/platform/gpio-keys/input/input0
-rtc-pl031 9010000.pl031: setting system clock to 2017-08-07 02:10:41 UTC (1502071841)
+rtc-pl031 9010000.pl031: setting system clock to 2017-08-15 21:39:47 UTC (1502833187)
 ALSA device list:
   No soundcards found.
 uart-pl011 9000000.pl011: no DMA platform data
Diff for ./tegra114-dalmore-a04/tegra114-dalmore/multi_v7_defconfig_log.txt
--- /tmp/fooa	2017-08-15 14:40:52.202897645 -0700
+++ /tmp/foob	2017-08-15 14:40:52.202897645 -0700
@@ -40,20 +40,20 @@
 	 #################################################################
 	 #################################################################
 	 ###########################
-	 3.1 MiB/s
+	 3.3 MiB/s
 done
-Bytes transferred = 8020296 (7a6148 hex)
+Bytes transferred = 8015304 (7a4dc8 hex)
 Tegra114 (Dalmore) # tftpboot 0x82000000 tegra114-dalmore.dtb
 Using asx0 device
 TFTP from server 192.168.100.1; our IP address is 192.168.100.100
 Filename 'tegra114-dalmore.dtb'.
 Load address: 0x82000000
 Loading: *###
-	 3.3 MiB/s
+	 3 MiB/s
 done
 Bytes transferred = 35044 (88e4 hex)
 Tegra114 (Dalmore) # bootz 0x81000000 - 0x82000000
-Kernel image @ 0x81000000 [ 0x000000 - 0x7a6148 ]
+Kernel image @ 0x81000000 [ 0x000000 - 0x7a4dc8 ]
 ## Flattened Device Tree blob at 82000000
    Booting using the fdt blob at 0x82000000
    Loading Device Tree to 8fff4000, end 8ffff8e3 ... OK
@@ -61,7 +61,7 @@
 Starting kernel ...
 
 Booting Linux on physical CPU 0x0
-Linux version 4.13.0-rc4-186018-gaae4e7a (jonathanh@sellafield) (gcc version 4.7.3 20130328 (prerelease) (crosstool-NG linaro-1.13.1-4.7-2013.04-20130415 - Linaro GCC 2013.04)) #1 SMP Sun Aug 6 19:04:37 PDT 2017
+Linux version 4.13.0-rc5-186351-gef95484 (jonathanh@sellafield) (gcc version 4.7.3 20130328 (prerelease) (crosstool-NG linaro-1.13.1-4.7-2013.04-20130415 - Linaro GCC 2013.04)) #1 SMP Tue Aug 15 14:33:49 PDT 2017
 CPU: ARMv7 Processor [412fc0f2] revision 2 (ARMv7), cr=10c5387d
 CPU: div instructions available: patching division code
 CPU: PIPT / VIPT nonaliasing data cache, PIPT instruction cache
@@ -72,7 +72,7 @@
 efi: UEFI not found.
 cma: Reserved 64 MiB at 0xfb800000
 On node 0 totalpages: 524032
-free_area_init_node: node 0, pgdat c157f080, node_mem_map eeff8000
+free_area_init_node: node 0, pgdat c157edc0, node_mem_map eeff8000
   DMA zone: 1536 pages used for memmap
   DMA zone: 0 pages reserved
   DMA zone: 196608 pages, LIFO batch:31
@@ -85,7 +85,7 @@
 PID hash table entries: 4096 (order: 2, 16384 bytes)
 Dentry cache hash table entries: 131072 (order: 7, 524288 bytes)
 Inode-cache hash table entries: 65536 (order: 6, 262144 bytes)
-Memory: 1993552K/2096128K available (10240K kernel code, 1563K rwdata, 4452K rodata, 2048K init, 402K bss, 37040K reserved, 65536K cma-reserved, 1244160K highmem)
+Memory: 1993552K/2096128K available (10240K kernel code, 1562K rwdata, 4452K rodata, 2048K init, 402K bss, 37040K reserved, 65536K cma-reserved, 1244160K highmem)
 Virtual kernel memory layout:
     vector  : 0xffff0000 - 0xffff1000   (   4 kB)
     fixmap  : 0xffc00000 - 0xfff00000   (3072 kB)
@@ -95,7 +95,7 @@
     modules : 0xbf000000 - 0xbfe00000   (  14 MB)
       .text : 0xc0208000 - 0xc0d00000   (11232 kB)
       .init : 0xc1200000 - 0xc1400000   (2048 kB)
-      .data : 0xc1400000 - 0xc1586e68   (1564 kB)
+      .data : 0xc1400000 - 0xc1586ba8   (1563 kB)
        .bss : 0xc158fcb0 - 0xc15f46fc   ( 403 kB)
 SLUB: HWalign=64, Order=0-3, MinObjects=0, CPUs=4, Nodes=1
 Hierarchical RCU implementation.
@@ -336,7 +336,7 @@
 hub 1-0:1.0: USB hub found
 hub 1-0:1.0: 1 port detected
 input: gpio-keys as /devices/soc0/gpio-keys/input/input0
-palmas-rtc 7000d000.i2c:tps65913@58:rtc: setting system clock to 2001-05-31 13:47:29 UTC (991316849)
+palmas-rtc 7000d000.i2c:tps65913@58:rtc: setting system clock to 2000-01-07 04:25:48 UTC (947219148)
 dvdd_ts: disabling
 usb1_vbus: disabling
 vdd_cam_1v8_reg: disabling
@@ -348,4 +348,4 @@
 Freeing unused kernel memory: 2048K
 bash: cannot set terminal process group (-1): Inappropriate ioctl for device
 bash: no job control in this shell
-root@(none):/# [    2.619366] usb 1-1: new high-speed USB device number 2 using tegra-ehci
+root@(none):/# [    2.599255] usb 1-1: new high-speed USB device number 2 using tegra-ehci
Diff for ./tegra114-dalmore-a04/tegra114-dalmore/tegra_defconfig_log.txt
--- /tmp/fooa	2017-08-15 14:40:52.210897680 -0700
+++ /tmp/foob	2017-08-15 14:40:52.214897696 -0700
@@ -37,21 +37,21 @@
 	 #################################################################
 	 #################################################################
 	 #################################################################
-	 ##############################
-	 2.9 MiB/s
+	 #############################
+	 3.1 MiB/s
 done
-Bytes transferred = 6152600 (5de198 hex)
+Bytes transferred = 6145128 (5dc468 hex)
 Tegra114 (Dalmore) # tftpboot 0x82000000 tegra114-dalmore.dtb
 Using asx0 device
 TFTP from server 192.168.100.1; our IP address is 192.168.100.100
 Filename 'tegra114-dalmore.dtb'.
 Load address: 0x82000000
 Loading: *###
-	 3 MiB/s
+	 2.8 MiB/s
 done
 Bytes transferred = 35044 (88e4 hex)
 Tegra114 (Dalmore) # bootz 0x81000000 - 0x82000000
-Kernel image @ 0x81000000 [ 0x000000 - 0x5de198 ]
+Kernel image @ 0x81000000 [ 0x000000 - 0x5dc468 ]
 ## Flattened Device Tree blob at 82000000
    Booting using the fdt blob at 0x82000000
    Loading Device Tree to 8fff4000, end 8ffff8e3 ... OK
@@ -60,7 +60,7 @@
 
 Uncompressing Linux... done, booting the kernel.
 Booting Linux on physical CPU 0x0
-Linux version 4.13.0-rc4-186018-gaae4e7a (jonathanh@kaivo) (gcc version 4.7.3 20130328 (prerelease) (crosstool-NG linaro-1.13.1-4.7-2013.04-20130415 - Linaro GCC 2013.04)) #1 SMP PREEMPT Sun Aug 6 19:04:29 PDT 2017
+Linux version 4.13.0-rc5-186351-gef95484 (jonathanh@kaivo) (gcc version 4.7.3 20130328 (prerelease) (crosstool-NG linaro-1.13.1-4.7-2013.04-20130415 - Linaro GCC 2013.04)) #1 SMP PREEMPT Tue Aug 15 14:34:01 PDT 2017
 CPU: ARMv7 Processor [412fc0f2] revision 2 (ARMv7), cr=10c5387d
 CPU: div instructions available: patching division code
 CPU: PIPT / VIPT nonaliasing data cache, PIPT instruction cache
@@ -70,7 +70,7 @@
 Memory policy: Data cache writealloc
 cma: Reserved 64 MiB at 0xfbc00000
 On node 0 totalpages: 524032
-free_area_init_node: node 0, pgdat c0eafd00, node_mem_map eeff7000
+free_area_init_node: node 0, pgdat c0eafa00, node_mem_map eeff7000
   Normal zone: 1536 pages used for memmap
   Normal zone: 0 pages reserved
   Normal zone: 196608 pages, LIFO batch:31
@@ -83,7 +83,7 @@
 PID hash table entries: 4096 (order: 2, 16384 bytes)
 Dentry cache hash table entries: 131072 (order: 7, 524288 bytes)
 Inode-cache hash table entries: 65536 (order: 6, 262144 bytes)
-Memory: 1998560K/2096128K available (9216K kernel code, 745K rwdata, 2724K rodata, 1024K init, 299K bss, 32032K reserved, 65536K cma-reserved, 1244160K highmem)
+Memory: 1998560K/2096128K available (9216K kernel code, 744K rwdata, 2724K rodata, 1024K init, 299K bss, 32032K reserved, 65536K cma-reserved, 1244160K highmem)
 Virtual kernel memory layout:
     vector  : 0xffff0000 - 0xffff1000   (   4 kB)
     fixmap  : 0xffc00000 - 0xfff00000   (3072 kB)
@@ -93,7 +93,7 @@
     modules : 0xbf000000 - 0xbfe00000   (  14 MB)
       .text : 0xc0008000 - 0xc0a00000   (10208 kB)
       .init : 0xc0d00000 - 0xc0e00000   (1024 kB)
-      .data : 0xc0e00000 - 0xc0eba508   ( 746 kB)
+      .data : 0xc0e00000 - 0xc0eba208   ( 745 kB)
        .bss : 0xc0ec45b0 - 0xc0f0f37c   ( 300 kB)
 Preemptible hierarchical RCU implementation.
 NR_IRQS: 16, nr_irqs: 16, preallocated irqs: 16
@@ -327,7 +327,7 @@
 hub 1-0:1.0: USB hub found
 hub 1-0:1.0: 1 port detected
 input: gpio-keys as /devices/soc0/gpio-keys/input/input1
-palmas-rtc 7000d000.i2c:tps65913@58:rtc: setting system clock to 2001-05-31 13:44:43 UTC (991316683)
+palmas-rtc 7000d000.i2c:tps65913@58:rtc: setting system clock to 2000-01-07 04:28:21 UTC (947219301)
 dvdd_ts: disabling
 usb1_vbus: disabling
 vdd_cam_1v8_reg: disabling
@@ -341,5 +341,4 @@
 Freeing unused kernel memory: 1024K
 bash: cannot set terminal process group (-1): Inappropriate ioctl for device
 bash: no job control in this shell
-root@(none):/# [    2.838176] usb 1-1: new high-speed USB device number 2 using tegra-ehci
-asix 1-1:1.0 eth0: register 'asix' at usb-7d008000.usb-1, ASIX AX88772 USB 2.0 Ethernet, 00:50:b6:0d:b5:16
+root@(none):/# 
\ No newline at end of file
Diff for ./tegra124-jetson-tk1/tegra124-jetson-tk1/multi_v7_defconfig_log.txt
--- /tmp/fooa	2017-08-15 14:40:52.222897730 -0700
+++ /tmp/foob	2017-08-15 14:40:52.226897748 -0700
@@ -37,18 +37,18 @@
 	 ###########################
 	 4 MiB/s
 done
-Bytes transferred = 8020296 (7a6148 hex)
+Bytes transferred = 8015304 (7a4dc8 hex)
 Tegra124 (Jetson TK1) # tftpboot 0x83000000 tegra124-jetson-tk1.dtb
 Using eth_rtl8169 device
 TFTP from server 192.168.100.1; our IP address is 192.168.100.102
 Filename 'tegra124-jetson-tk1.dtb'.
 Load address: 0x83000000
 Loading: *#####
-	 162.1 KiB/s
+	 3.8 MiB/s
 done
 Bytes transferred = 67161 (10659 hex)
 Tegra124 (Jetson TK1) # bootz 0x82000000 - 0x83000000
-Kernel image @ 0x82000000 [ 0x000000 - 0x7a6148 ]
+Kernel image @ 0x82000000 [ 0x000000 - 0x7a4dc8 ]
 ## Flattened Device Tree blob at 83000000
    Booting using the fdt blob at 0x83000000
    Using Device Tree in place at 83000000, end 83013658
@@ -56,7 +56,7 @@
 Starting kernel ...
 
 Booting Linux on physical CPU 0x0
-Linux version 4.13.0-rc4-186018-gaae4e7a (jonathanh@sellafield) (gcc version 4.7.3 20130328 (prerelease) (crosstool-NG linaro-1.13.1-4.7-2013.04-20130415 - Linaro GCC 2013.04)) #1 SMP Sun Aug 6 19:04:37 PDT 2017
+Linux version 4.13.0-rc5-186351-gef95484 (jonathanh@sellafield) (gcc version 4.7.3 20130328 (prerelease) (crosstool-NG linaro-1.13.1-4.7-2013.04-20130415 - Linaro GCC 2013.04)) #1 SMP Tue Aug 15 14:33:49 PDT 2017
 CPU: ARMv7 Processor [413fc0f3] revision 3 (ARMv7), cr=10c5387d
 CPU: div instructions available: patching division code
 CPU: PIPT / VIPT nonaliasing data cache, PIPT instruction cache
@@ -67,7 +67,7 @@
 efi: UEFI not found.
 cma: Reserved 64 MiB at 0xfb800000
 On node 0 totalpages: 524032
-free_area_init_node: node 0, pgdat c157f080, node_mem_map eeff8000
+free_area_init_node: node 0, pgdat c157edc0, node_mem_map eeff8000
   DMA zone: 1536 pages used for memmap
   DMA zone: 0 pages reserved
   DMA zone: 196608 pages, LIFO batch:31
@@ -80,7 +80,7 @@
 PID hash table entries: 4096 (order: 2, 16384 bytes)
 Dentry cache hash table entries: 131072 (order: 7, 524288 bytes)
 Inode-cache hash table entries: 65536 (order: 6, 262144 bytes)
-Memory: 1993428K/2096128K available (10240K kernel code, 1563K rwdata, 4452K rodata, 2048K init, 402K bss, 37164K reserved, 65536K cma-reserved, 1244160K highmem)
+Memory: 1993428K/2096128K available (10240K kernel code, 1562K rwdata, 4452K rodata, 2048K init, 402K bss, 37164K reserved, 65536K cma-reserved, 1244160K highmem)
 Virtual kernel memory layout:
     vector  : 0xffff0000 - 0xffff1000   (   4 kB)
     fixmap  : 0xffc00000 - 0xfff00000   (3072 kB)
@@ -90,7 +90,7 @@
     modules : 0xbf000000 - 0xbfe00000   (  14 MB)
       .text : 0xc0208000 - 0xc0d00000   (11232 kB)
       .init : 0xc1200000 - 0xc1400000   (2048 kB)
-      .data : 0xc1400000 - 0xc1586e68   (1564 kB)
+      .data : 0xc1400000 - 0xc1586ba8   (1563 kB)
        .bss : 0xc158fcb0 - 0xc15f46fc   ( 403 kB)
 SLUB: HWalign=64, Order=0-3, MinObjects=0, CPUs=4, Nodes=1
 Hierarchical RCU implementation.
@@ -318,12 +318,6 @@
 +5V_SATA: supplied by +5V_SYS
 +12V_SATA: supplied by +VDD_MUX
  usb2-0: usb2-0 supply vbus not found, using dummy regulator
-mmc0: new high speed MMC card at address 0001
-mmcblk0: mmc0:0001 SEM16G 14.7 GiB 
-mmcblk0boot0: mmc0:0001 SEM16G partition 1 4.00 MiB
-mmcblk0boot1: mmc0:0001 SEM16G partition 2 4.00 MiB
-mmcblk0rpmb: mmc0:0001 SEM16G partition 3 4.00 MiB
- mmcblk0: p1
  usb2-1: usb2-1 supply vbus not found, using dummy regulator
  usb3-0: usb3-0 supply vbus not found, using dummy regulator
 tegra-pcie 1003000.pcie: 2x1, 1x1 configuration
@@ -344,11 +338,17 @@
 as3722-ldo7: supplied by +1.8V_VDDIO
 +1.05V_RUN_CAM_REAR: Bringing 0uV into 1050000-1050000uV
 as3722-ldo9: supplied by +5V_SYS
+mmc0: new high speed MMC card at address 0001
+mmcblk0: mmc0:0001 SEM16G 14.7 GiB 
 +3.3V_RUN_TOUCH: Bringing 0uV into 2800000-2800000uV
+mmcblk0boot0: mmc0:0001 SEM16G partition 1 4.00 MiB
 as3722-ldo10: supplied by +5V_SYS
+mmcblk0boot1: mmc0:0001 SEM16G partition 2 4.00 MiB
 +2.8V_RUN_CAM_AF: Bringing 0uV into 2800000-2800000uV
+mmcblk0rpmb: mmc0:0001 SEM16G partition 3 4.00 MiB
 as3722-ldo11: supplied by +3.3V_RUN
 +1.8V_RUN_VPP_FUSE: Bringing 0uV into 1800000-1800000uV
+ mmcblk0: p1
 tegra-ahci 70027000.sata: AHCI 0001.0301 32 slots 2 ports 3 Gbps 0x1 impl platform mode
 tegra-ahci 70027000.sata: flags: 64bit ncq sntf pm led pio slum part sadm sds apst 
 scsi host0: tegra-ahci
@@ -386,7 +386,6 @@
 pci 0000:00:02.0: [10de:0e13] type 01 class 0x060400
 pci_bus 0000:00: 2-byte config write to 0000:00:02.0 offset 0x4 may corrupt adjacent RW1C bits
 pci_bus 0000:00: 2-byte config write to 0000:00:02.0 offset 0x4 may corrupt adjacent RW1C bits
-ata1: SATA link down (SStatus 0 SControl 300)
 pci_bus 0000:00: 2-byte config write to 0000:00:02.0 offset 0x88 may corrupt adjacent RW1C bits
 pci_bus 0000:00: 2-byte config write to 0000:00:02.0 offset 0x52 may corrupt adjacent RW1C bits
 pci 0000:00:02.0: PME# supported from D0 D1 D2 D3hot D3cold
@@ -405,6 +404,7 @@
 pci 0000:02:00.0: reg 0x10: [io  0x0000-0x00ff]
 pci 0000:02:00.0: reg 0x18: [mem 0x00000000-0x00000fff 64bit]
 pci 0000:02:00.0: reg 0x20: [mem 0x00000000-0x00003fff 64bit pref]
+ata1: SATA link down (SStatus 0 SControl 300)
 pci 0000:02:00.0: supports D1 D2
 pci 0000:02:00.0: PME# supported from D0 D1 D2 D3hot D3cold
 mmcblk1: error -5 sending stop command, original cmd response 0x900, card status 0x900
@@ -433,23 +433,23 @@
 pcieport 0000:00:02.0: Signaling PME with IRQ 394
 r8169 Gigabit Ethernet driver 2.3LK-NAPI loaded
 r8169 0000:02:00.0: enabling device (0140 -> 0143)
- mmcblk1: p1 p2 p3
 r8169 0000:02:00.0 eth0: RTL8168g/8111g at 0xf0b72000, 00:04:4b:3a:d9:81, XID 0c000800 IRQ 395
 r8169 0000:02:00.0 eth0: jumbo features [frames: 9200 bytes, tx checksumming: ko]
 +1.05V_RUN_AVDD_HDMI_PLL: supplied by +1.05V_RUN
 [drm] Supports vblank timestamp caching Rev 2 (21.10.2013).
 [drm] No driver support for vblank timestamp query.
-tegra-hdmi 54280000.hdmi: cannot set audio to 48000 Hz at 297000000 Hz pixel clock
-Console: switching to colour frame buffer device 512x135
+[drm] Cannot find any crtc or sizes - going 1024x768
+Console: switching to colour frame buffer device 128x48
 drm drm: fb0:  frame buffer device
 [drm] Initialized tegra 0.0.0 20120330 for drm on minor 0
 of: dev_pm_opp_of_cpumask_add_table: couldn't find opp table for cpu:0, -19
 cpufreq: cpufreq_online: CPU0: Running at unlisted freq: 696000 KHz
 cpufreq: cpufreq_online: CPU0: Unlisted initial frequency changed to: 714000 KHz
 input: gpio-keys as /devices/soc0/gpio-keys/input/input0
-as3722-rtc as3722-rtc: setting system clock to 2000-01-01 00:02:27 UTC (946684947)
+as3722-rtc as3722-rtc: setting system clock to 2000-01-01 00:00:13 UTC (946684813)
 +USB0_VBUS_SW: disabling
 +1.8V_RUN_CAM: disabling
+ mmcblk1: p1 p2 p3
 +2.8V_RUN_CAM: disabling
 +1.2V_RUN_CAM_FRONT: disabling
 +1.05V_RUN_CAM_REAR: disabling
Diff for ./tegra124-jetson-tk1/tegra124-jetson-tk1/tegra_defconfig_log.txt
--- /tmp/fooa	2017-08-15 14:40:52.250897850 -0700
+++ /tmp/foob	2017-08-15 14:40:52.250897850 -0700
@@ -32,21 +32,21 @@
 	 #################################################################
 	 #################################################################
 	 #################################################################
-	 ##############################
+	 #############################
 	 4 MiB/s
 done
-Bytes transferred = 6152600 (5de198 hex)
+Bytes transferred = 6145128 (5dc468 hex)
 Tegra124 (Jetson TK1) # tftpboot 0x83000000 tegra124-jetson-tk1.dtb
 Using eth_rtl8169 device
 TFTP from server 192.168.100.1; our IP address is 192.168.100.102
 Filename 'tegra124-jetson-tk1.dtb'.
 Load address: 0x83000000
 Loading: *#####
-	 4 MiB/s
+	 3.8 MiB/s
 done
 Bytes transferred = 67161 (10659 hex)
 Tegra124 (Jetson TK1) # bootz 0x82000000 - 0x83000000
-Kernel image @ 0x82000000 [ 0x000000 - 0x5de198 ]
+Kernel image @ 0x82000000 [ 0x000000 - 0x5dc468 ]
 ## Flattened Device Tree blob at 83000000
    Booting using the fdt blob at 0x83000000
    Using Device Tree in place at 83000000, end 83013658
@@ -55,7 +55,7 @@
 
 Uncompressing Linux... done, booting the kernel.
 Booting Linux on physical CPU 0x0
-Linux version 4.13.0-rc4-186018-gaae4e7a (jonathanh@kaivo) (gcc version 4.7.3 20130328 (prerelease) (crosstool-NG linaro-1.13.1-4.7-2013.04-20130415 - Linaro GCC 2013.04)) #1 SMP PREEMPT Sun Aug 6 19:04:29 PDT 2017
+Linux version 4.13.0-rc5-186351-gef95484 (jonathanh@kaivo) (gcc version 4.7.3 20130328 (prerelease) (crosstool-NG linaro-1.13.1-4.7-2013.04-20130415 - Linaro GCC 2013.04)) #1 SMP PREEMPT Tue Aug 15 14:34:01 PDT 2017
 CPU: ARMv7 Processor [413fc0f3] revision 3 (ARMv7), cr=10c5387d
 CPU: div instructions available: patching division code
 CPU: PIPT / VIPT nonaliasing data cache, PIPT instruction cache
@@ -65,7 +65,7 @@
 Memory policy: Data cache writealloc
 cma: Reserved 64 MiB at 0xfbc00000
 On node 0 totalpages: 524032
-free_area_init_node: node 0, pgdat c0eafd00, node_mem_map eeff7000
+free_area_init_node: node 0, pgdat c0eafa00, node_mem_map eeff7000
   Normal zone: 1536 pages used for memmap
   Normal zone: 0 pages reserved
   Normal zone: 196608 pages, LIFO batch:31
@@ -78,7 +78,7 @@
 PID hash table entries: 4096 (order: 2, 16384 bytes)
 Dentry cache hash table entries: 131072 (order: 7, 524288 bytes)
 Inode-cache hash table entries: 65536 (order: 6, 262144 bytes)
-Memory: 1998436K/2096128K available (9216K kernel code, 745K rwdata, 2724K rodata, 1024K init, 299K bss, 32156K reserved, 65536K cma-reserved, 1244160K highmem)
+Memory: 1998436K/2096128K available (9216K kernel code, 744K rwdata, 2724K rodata, 1024K init, 299K bss, 32156K reserved, 65536K cma-reserved, 1244160K highmem)
 Virtual kernel memory layout:
     vector  : 0xffff0000 - 0xffff1000   (   4 kB)
     fixmap  : 0xffc00000 - 0xfff00000   (3072 kB)
@@ -88,7 +88,7 @@
     modules : 0xbf000000 - 0xbfe00000   (  14 MB)
       .text : 0xc0008000 - 0xc0a00000   (10208 kB)
       .init : 0xc0d00000 - 0xc0e00000   (1024 kB)
-      .data : 0xc0e00000 - 0xc0eba508   ( 746 kB)
+      .data : 0xc0e00000 - 0xc0eba208   ( 745 kB)
        .bss : 0xc0ec45b0 - 0xc0f0f37c   ( 300 kB)
 Preemptible hierarchical RCU implementation.
 NR_IRQS: 16, nr_irqs: 16, preallocated irqs: 16
@@ -402,17 +402,17 @@
 pci 0000:01:00.0: reg 0x10: [mem 0x00000000-0x00001fff 64bit]
 pci 0000:01:00.0: PME# supported from D0 D3hot D3cold
 mmc1: new high speed SDHC card at address aaaa
-PCI: bus1: Fast back to back transfers disabled
 mmcblk1: mmc1:aaaa SD04G 3.69 GiB 
+PCI: bus1: Fast back to back transfers disabled
 pci_bus 0000:01: busn_res: [bus 01-ff] end is updated to 01
 pci 0000:02:00.0: [10ec:8168] type 00 class 0x020000
+mmcblk1: error -5 sending stop command, original cmd response 0x900, card status 0x900
+mmcblk1: error -5 transferring data, sector 7744504, nr 8, cmd response 0x900, card status 0x80000b00
 pci 0000:02:00.0: reg 0x10: [io  0x0000-0x00ff]
 pci 0000:02:00.0: reg 0x18: [mem 0x00000000-0x00000fff 64bit]
 pci 0000:02:00.0: reg 0x20: [mem 0x00000000-0x00003fff 64bit pref]
 pci 0000:02:00.0: supports D1 D2
 pci 0000:02:00.0: PME# supported from D0 D1 D2 D3hot D3cold
-mmcblk1: error -5 sending stop command, original cmd response 0x900, card status 0x900
-mmcblk1: error -5 transferring data, sector 7744504, nr 8, cmd response 0x900, card status 0x80000b00
 PCI: bus2: Fast back to back transfers disabled
 pci_bus 0000:02: busn_res: [bus 02-ff] end is updated to 02
 pci 0000:00:01.0: BAR 8: assigned [mem 0x13000000-0x130fffff]
@@ -425,15 +425,12 @@
 pci 0000:02:00.0: BAR 4: assigned [mem 0x20000000-0x20003fff 64bit pref]
 pci 0000:02:00.0: BAR 2: assigned [mem 0x13100000-0x13100fff 64bit]
 pci 0000:02:00.0: BAR 0: assigned [io  0x1000-0x10ff]
+ mmcblk1: p1 p2 p3
 pci 0000:00:02.0: PCI bridge to [bus 02]
 pci 0000:00:02.0:   bridge window [io  0x1000-0x1fff]
 pci 0000:00:02.0:   bridge window [mem 0x13100000-0x131fffff]
 pci 0000:00:02.0:   bridge window [mem 0x20000000-0x200fffff 64bit pref]
-mmcblk1: error -5 sending stop command, original cmd response 0x900, card status 0x900
-mmcblk1: error -5 transferring data, sector 7744504, nr 8, cmd response 0x900, card status 0x80000b00
-mmcblk1: retrying using single block read
 pci 0000:00:01.0: nv_msi_ht_cap_quirk didn't locate host bridge
- mmcblk1: p1 p2 p3
 pcieport 0000:00:01.0: enabling device (0140 -> 0142)
 pcieport 0000:00:01.0: Signaling PME with IRQ 393
 pci 0000:00:02.0: nv_msi_ht_cap_quirk didn't locate host bridge
@@ -454,7 +451,7 @@
 cpufreq: cpufreq_online: CPU0: Running at unlisted freq: 696000 KHz
 cpufreq: cpufreq_online: CPU0: Unlisted initial frequency changed to: 714000 KHz
 input: gpio-keys as /devices/soc0/gpio-keys/input/input2
-as3722-rtc as3722-rtc: setting system clock to 2000-01-01 00:00:13 UTC (946684813)
+as3722-rtc as3722-rtc: setting system clock to 2000-01-01 00:01:34 UTC (946684894)
 +USB0_VBUS_SW: disabling
 +1.8V_RUN_CAM: disabling
 +2.8V_RUN_CAM: disabling
Diff for ./tegra124-nyan-big/tegra124-nyan-big/multi_v7_defconfig_log.txt
--- /tmp/fooa	2017-08-15 14:40:52.270897935 -0700
+++ /tmp/foob	2017-08-15 14:40:52.270897935 -0700
@@ -5,7 +5,7 @@
 TEGRA124
 Model: Acer Chromebook 13 CB5-311
 DRAM:  4 GiB
-:   Tegra SD/MMC: 0, Tegra SD/MMC: 1, Tegra SD/MMC: 2
+C:   Tegra SD/MMC: 0, Tegra SD/MMC: 1, Tegra SD/MMC: 2
 MMC init failed
 Using default environment
 
@@ -14,7 +14,7 @@
 Err:   serial
 Net:   Net Initialization Skipped
 No ethernet found.
-Hit any key to stop autoboot:  2  1  0 
+Hit any key to stop autoboot:  2  0 
 Tegra124 (Nyan-big) # 
 Tegra124 (Nyan-big) # usb start
 starting USB...
@@ -43,20 +43,20 @@
 	 #################################################################
 	 #################################################################
 	 ###########################
-	 3.6 MiB/s
+	 3.5 MiB/s
 done
-Bytes transferred = 8020296 (7a6148 hex)
+Bytes transferred = 8015304 (7a4dc8 hex)
 Tegra124 (Nyan-big) # tftpboot 0x83000000 tegra124-nyan-big.dtb
 Using asx0 device
 TFTP from server 192.168.100.1; our IP address is 192.168.100.102
 Filename 'tegra124-nyan-big.dtb'.
 Load address: 0x83000000
 Loading: *#####
-	 3.3 MiB/s
+	 3.4 MiB/s
 done
 Bytes transferred = 68183 (10a57 hex)
 Tegra124 (Nyan-big) # bootz 0x82000000 - 0x83000000
-Kernel image @ 0x82000000 [ 0x000000 - 0x7a6148 ]
+Kernel image @ 0x82000000 [ 0x000000 - 0x7a4dc8 ]
 ## Flattened Device Tree blob at 83000000
    Booting using the fdt blob at 0x83000000
    Using Device Tree in place at 83000000, end 83013a56
@@ -64,7 +64,7 @@
 Starting kernel ...
 
 Booting Linux on physical CPU 0x0
-Linux version 4.13.0-rc4-186018-gaae4e7a (jonathanh@sellafield) (gcc version 4.7.3 20130328 (prerelease) (crosstool-NG linaro-1.13.1-4.7-2013.04-20130415 - Linaro GCC 2013.04)) #1 SMP Sun Aug 6 19:04:37 PDT 2017
+Linux version 4.13.0-rc5-186351-gef95484 (jonathanh@sellafield) (gcc version 4.7.3 20130328 (prerelease) (crosstool-NG linaro-1.13.1-4.7-2013.04-20130415 - Linaro GCC 2013.04)) #1 SMP Tue Aug 15 14:33:49 PDT 2017
 CPU: ARMv7 Processor [413fc0f3] revision 3 (ARMv7), cr=10c5387d
 CPU: div instructions available: patching division code
 CPU: PIPT / VIPT nonaliasing data cache, PIPT instruction cache
@@ -76,7 +76,7 @@
 efi: UEFI not found.
 cma: Reserved 64 MiB at 0xfb800000
 On node 0 totalpages: 524287
-free_area_init_node: node 0, pgdat c157f080, node_mem_map eeff8000
+free_area_init_node: node 0, pgdat c157edc0, node_mem_map eeff8000
   DMA zone: 1536 pages used for memmap
   DMA zone: 0 pages reserved
   DMA zone: 196608 pages, LIFO batch:31
@@ -89,7 +89,7 @@
 PID hash table entries: 4096 (order: 2, 16384 bytes)
 Dentry cache hash table entries: 131072 (order: 7, 524288 bytes)
 Inode-cache hash table entries: 65536 (order: 6, 262144 bytes)
-Memory: 1994448K/2097148K available (10240K kernel code, 1563K rwdata, 4452K rodata, 2048K init, 402K bss, 37164K reserved, 65536K cma-reserved, 1245180K highmem)
+Memory: 1994448K/2097148K available (10240K kernel code, 1562K rwdata, 4452K rodata, 2048K init, 402K bss, 37164K reserved, 65536K cma-reserved, 1245180K highmem)
 Virtual kernel memory layout:
     vector  : 0xffff0000 - 0xffff1000   (   4 kB)
     fixmap  : 0xffc00000 - 0xfff00000   (3072 kB)
@@ -99,7 +99,7 @@
     modules : 0xbf000000 - 0xbfe00000   (  14 MB)
       .text : 0xc0208000 - 0xc0d00000   (11232 kB)
       .init : 0xc1200000 - 0xc1400000   (2048 kB)
-      .data : 0xc1400000 - 0xc1586e68   (1564 kB)
+      .data : 0xc1400000 - 0xc1586ba8   (1563 kB)
        .bss : 0xc158fcb0 - 0xc15f46fc   ( 403 kB)
 SLUB: HWalign=64, Order=0-3, MinObjects=0, CPUs=4, Nodes=1
 Hierarchical RCU implementation.
@@ -301,8 +301,8 @@
 mmc0: Invalid maximum block size, assuming 512 bytes
 elan_i2c 1-0015: Elan Touchpad: Module ID: 0x002a, Firmware: 0x0005, Sample: 0x0007, IAP: 0x0009
 mmc0: SDHCI controller on 700b0600.sdhci [700b0600.sdhci] using ADMA
-ledtrig-cpu: registered to indicate activity on CPUs
 input: Elan Touchpad as /devices/soc0/7000c400.i2c/i2c-1/1-0015/input/input0
+ledtrig-cpu: registered to indicate activity on CPUs
 usbcore: registered new interface driver usbhid
 usbhid: USB HID core driver
 NET: Registered protocol family 10
@@ -327,9 +327,16 @@
 +5V_USB_HS: supplied by +5V_SYS
 +5V_USB_SS: supplied by +5V_SYS
 +3.3V_PANEL: supplied by +3.3V_RUN
+mmc0: new high speed MMC card at address 0001
 +3.3V_LP0: supplied by +3.3V_SYS
+mmcblk0: mmc0:0001 MMC16G 14.4 GiB 
+mmcblk0boot0: mmc0:0001 MMC16G partition 1 2.00 MiB
+mmcblk0boot1: mmc0:0001 MMC16G partition 2 2.00 MiB
+mmcblk0rpmb: mmc0:0001 MMC16G partition 3 128 KiB
+ mmcblk0: p1 p2 p3 p4 p5 p6 p7 p8 p9 p10 p11 p12
 +1.05V_RUN_AVDD_HDMI_PLL: supplied by +1.05V_RUN
 elan_i2c 1-0015: failed to read report data: -121
+elan_i2c 1-0015: failed to read report data: -121
 +5V_HDMI_CON: supplied by +5V_SYS
  usb3-0: usb3-0 supply vbus not found, using dummy regulator
  usb3-1: usb3-1 supply vbus not found, using dummy regulator
@@ -339,16 +346,10 @@
 mmc1: Unknown controller version (3). You may experience problems.
 mmc1: Invalid maximum block size, assuming 512 bytes
 mmc1: Switching to 3.3V signalling voltage failed
-mmc0: new high speed MMC card at address 0001
-mmcblk0: mmc0:0001 MMC16G 14.4 GiB 
-mmcblk0boot0: mmc0:0001 MMC16G partition 1 2.00 MiB
-mmcblk0boot1: mmc0:0001 MMC16G partition 2 2.00 MiB
-mmcblk0rpmb: mmc0:0001 MMC16G partition 3 128 KiB
- mmcblk0: p1 p2 p3 p4 p5 p6 p7 p8 p9 p10 p11 p12
 mmc1: SDHCI controller on 700b0000.sdhci [700b0000.sdhci] using ADMA
-elan_i2c 1-0015: invalid report id data (ff)
 sdhci-tegra 700b0400.sdhci: Got CD GPIO
 sdhci-tegra 700b0400.sdhci: Got WP GPIO
+elan_i2c 1-0015: invalid report id data (ff)
 mmc2: Unknown controller version (3). You may experience problems.
 mmc2: Invalid maximum block size, assuming 512 bytes
 mmc1: new high speed SDIO card at address 0001
@@ -367,7 +368,7 @@
 drm drm: fb0:  frame buffer device
 [drm] Initialized tegra 0.0.0 20120330 for drm on minor 0
 input: gpio-keys as /devices/soc0/gpio-keys/input/input1
-as3722-rtc as3722-rtc: setting system clock to 2000-01-01 00:00:24 UTC (946684824)
+as3722-rtc as3722-rtc: setting system clock to 2000-01-01 00:00:23 UTC (946684823)
 +1.8V_RUN_CAM: disabling
 +3.3V_RUN_CAM: disabling
 +1.2V_RUN_CAM_FRONT: disabling
Diff for ./tegra124-nyan-big/tegra124-nyan-big/tegra_defconfig_log.txt
--- /tmp/fooa	2017-08-15 14:40:52.278897968 -0700
+++ /tmp/foob	2017-08-15 14:40:52.278897968 -0700
@@ -14,7 +14,7 @@
 Err:   serial
 Net:   Net Initialization Skipped
 No ethernet found.
-Hit any key to stop autoboot:  2  0 
+Hit any key to stop autoboot:  2  1  0 
 Tegra124 (Nyan-big) # 
 Tegra124 (Nyan-big) # usb start
 starting USB...
@@ -40,10 +40,10 @@
 	 #################################################################
 	 #################################################################
 	 #################################################################
-	 ##############################
-	 3.3 MiB/s
+	 #############################
+	 3.5 MiB/s
 done
-Bytes transferred = 6152600 (5de198 hex)
+Bytes transferred = 6145128 (5dc468 hex)
 Tegra124 (Nyan-big) # tftpboot 0x83000000 tegra124-nyan-big.dtb
 Using asx0 device
 TFTP from server 192.168.100.1; our IP address is 192.168.100.102
@@ -54,7 +54,7 @@
 done
 Bytes transferred = 68183 (10a57 hex)
 Tegra124 (Nyan-big) # bootz 0x82000000 - 0x83000000
-Kernel image @ 0x82000000 [ 0x000000 - 0x5de198 ]
+Kernel image @ 0x82000000 [ 0x000000 - 0x5dc468 ]
 ## Flattened Device Tree blob at 83000000
    Booting using the fdt blob at 0x83000000
    Using Device Tree in place at 83000000, end 83013a56
@@ -63,7 +63,7 @@
 
 Uncompressing Linux... done, booting the kernel.
 Booting Linux on physical CPU 0x0
-Linux version 4.13.0-rc4-186018-gaae4e7a (jonathanh@kaivo) (gcc version 4.7.3 20130328 (prerelease) (crosstool-NG linaro-1.13.1-4.7-2013.04-20130415 - Linaro GCC 2013.04)) #1 SMP PREEMPT Sun Aug 6 19:04:29 PDT 2017
+Linux version 4.13.0-rc5-186351-gef95484 (jonathanh@kaivo) (gcc version 4.7.3 20130328 (prerelease) (crosstool-NG linaro-1.13.1-4.7-2013.04-20130415 - Linaro GCC 2013.04)) #1 SMP PREEMPT Tue Aug 15 14:34:01 PDT 2017
 CPU: ARMv7 Processor [413fc0f3] revision 3 (ARMv7), cr=10c5387d
 CPU: div instructions available: patching division code
 CPU: PIPT / VIPT nonaliasing data cache, PIPT instruction cache
@@ -74,7 +74,7 @@
 Memory policy: Data cache writealloc
 cma: Reserved 64 MiB at 0xfbc00000
 On node 0 totalpages: 524287
-free_area_init_node: node 0, pgdat c0eafd00, node_mem_map eeff7000
+free_area_init_node: node 0, pgdat c0eafa00, node_mem_map eeff7000
   Normal zone: 1536 pages used for memmap
   Normal zone: 0 pages reserved
   Normal zone: 196608 pages, LIFO batch:31
@@ -87,7 +87,7 @@
 PID hash table entries: 4096 (order: 2, 16384 bytes)
 Dentry cache hash table entries: 131072 (order: 7, 524288 bytes)
 Inode-cache hash table entries: 65536 (order: 6, 262144 bytes)
-Memory: 1999456K/2097148K available (9216K kernel code, 745K rwdata, 2724K rodata, 1024K init, 299K bss, 32156K reserved, 65536K cma-reserved, 1245180K highmem)
+Memory: 1999456K/2097148K available (9216K kernel code, 744K rwdata, 2724K rodata, 1024K init, 299K bss, 32156K reserved, 65536K cma-reserved, 1245180K highmem)
 Virtual kernel memory layout:
     vector  : 0xffff0000 - 0xffff1000   (   4 kB)
     fixmap  : 0xffc00000 - 0xfff00000   (3072 kB)
@@ -97,7 +97,7 @@
     modules : 0xbf000000 - 0xbfe00000   (  14 MB)
       .text : 0xc0008000 - 0xc0a00000   (10208 kB)
       .init : 0xc0d00000 - 0xc0e00000   (1024 kB)
-      .data : 0xc0e00000 - 0xc0eba508   ( 746 kB)
+      .data : 0xc0e00000 - 0xc0eba208   ( 745 kB)
        .bss : 0xc0ec45b0 - 0xc0f0f37c   ( 300 kB)
 Preemptible hierarchical RCU implementation.
 NR_IRQS: 16, nr_irqs: 16, preallocated irqs: 16
@@ -294,9 +294,6 @@
 mmcblk0: mmc0:0001 MMC16G 14.4 GiB 
 mmcblk0boot0: mmc0:0001 MMC16G partition 1 2.00 MiB
 input: GoogleNyanBig Headphones as /devices/soc0/sound/sound/card1/input1
-mmcblk0boot1: mmc0:0001 MMC16G partition 2 2.00 MiB
-mmcblk0rpmb: mmc0:0001 MMC16G partition 3 128 KiB
- mmcblk0: p1 p2 p3 p4 p5 p6 p7 p8 p9 p10 p11 p12
 input: GoogleNyanBig Mic Jack as /devices/soc0/sound/sound/card1/input2
 NET: Registered protocol family 10
 Segment Routing with IPv6
@@ -357,23 +354,25 @@
 mmc2: Invalid maximum block size, assuming 512 bytes
 mmc1: new high speed SDIO card at address 0001
 mmc2: SDHCI controller on 700b0400.sdhci [700b0400.sdhci] using ADMA
+mmcblk0boot1: mmc0:0001 MMC16G partition 2 2.00 MiB
 [drm] Supports vblank timestamp caching Rev 2 (21.10.2013).
 [drm] No driver support for vblank timestamp query.
-input: tegra-hda HDMI/DP,pcm=3 as /devices/soc0/70030000.hda/sound/card0/input3
-usb 1-2: new high-speed USB device number 2 using tegra-xusb
+mmcblk0rpmb: mmc0:0001 MMC16G partition 3 128 KiB
+ mmcblk0: p1 p2 p3 p4 p5 p6 p7 p8 p9 p10 p11 p12
 mmc2: new high speed SDHC card at address 0007
 mmcblk2: mmc2:0007 SD08G 7.42 GiB 
+Console: switching to colour frame buffer device 170x48
 GPT:Primary header alternate_lba != Alt. header my_lba
 GPT:3014591 != 15564799
 GPT:Primary header thinks Alt. header is not at the end of the disk.
 GPT:3014591 != 15564799
 GPT: Use GNU Parted to correct GPT errors.
  mmcblk2: p1 p2 p3 p4 p5 p6 p7 p8 p9 p10 p11 p12
-Console: switching to colour frame buffer device 170x48
+usb 1-2: new high-speed USB device number 2 using tegra-xusb
 drm drm: fb0:  frame buffer device
 [drm] Initialized tegra 0.0.0 20120330 for drm on minor 0
-input: gpio-keys as /devices/soc0/gpio-keys/input/input4
-as3722-rtc as3722-rtc: setting system clock to 2000-01-01 00:00:22 UTC (946684822)
+input: gpio-keys as /devices/soc0/gpio-keys/input/input3
+as3722-rtc as3722-rtc: setting system clock to 2000-01-01 00:00:23 UTC (946684823)
 +1.8V_RUN_CAM: disabling
 +1.2V_RUN_CAM_FRONT: disabling
 +1.05V_RUN_CAM_REAR: disabling
@@ -382,9 +381,9 @@
 +1.8V_RUN_VPP_FUSE: disabling
 +5V_VDD_TS_SW: disabling
 ALSA device list:
-  #0: tegra-hda at 0x70038000 irq 343
   #1: GoogleNyanBig
 EXT4-fs (mmcblk0p3): couldn't mount as ext3 due to feature incompatibilities
+input: tegra-hda HDMI/DP,pcm=3 as /devices/soc0/70030000.hda/sound/card0/input4
 uvcvideo: Found UVC 1.00 device HD WebCam (1bcf:2c67)
 input: HD WebCam: HD WebCam as /devices/soc0/70090000.usb/usb1/1-2/1-2:1.0/input/input5
 EXT4-fs (mmcblk0p3): recovery complete
@@ -394,4 +393,4 @@
 Freeing unused kernel memory: 1024K
 bash: cannot set terminal process group (-1): Inappropriate ioctl for device
 bash: no job control in this shell
-root@(none):/# [    2.998052] usb 1-3: new high-speed USB device number 3 using tegra-xusb
+root@(none):/# [    2.777881] usb 1-3: new high-speed USB device number 3 using tegra-xusb
Diff for ./tegra132-norrin/tegra132-norrin/defconfig_log.txt
--- /tmp/fooa	2017-08-15 14:40:52.306898088 -0700
+++ /tmp/foob	2017-08-15 14:40:52.310898103 -0700
@@ -31,7 +31,7 @@
 MSENC clock is set to  79200 KHz
 Vde clock is set to 204000 KHz
 
-Bootloader-Cpu Init at (time stamp): 1801150 us
+Bootloader-Cpu Init at (time stamp): 1800926 us
 
 Pinmux changes applied in kernel way
 
@@ -62,22 +62,22 @@
 Board Id Read Time: 3 us
 Power Rail enable Time: 1 us
 
-Miscellaneous avp time: 1801124  us
-Bootloader (AosInit) time: 734237 us
-Bootloader Main Init time: 180091 us
-BlockDevMgrInit time: 157547 us
+Miscellaneous avp time: 1800900  us
+Bootloader (AosInit) time: 734259 us
+Bootloader Main Init time: 180078 us
+BlockDevMgrInit time: 157549 us
 PartMgrInit time: 8 us
 StorMgrInit time: 30 us
-FsMgrInit time: 3 us
-Partition Table load: 76713 us 
-Display init time: 574830 us
-Kernel read time: 1320 msec
+FsMgrInit time: 2 us
+Partition Table load: 76664 us 
+Display init time: 574795 us
+Kernel read time: 1319 msec
 Load Kernel Size:   17483776 Bytes
-Bl Kernel ReadSpeed: 13245000 Bytes/sec
-Pre-Kernel Jump time: 3774960 us
-Clearing 32 Bit State and Warm resetting to 64bit mode: 8714987 us
+Bl Kernel ReadSpeed: 13255000 Bytes/sec
+Pre-Kernel Jump time: 3772995 us
+Clearing 32 Bit State and Warm resetting to 64bit mode: 8710942 us
 Booting Linux on physical CPU 0x0
-Linux version 4.13.0-rc4-304259-gaae4e7a (jonathanh@tamien) (gcc version 4.9.2 20140904 (prerelease) (crosstool-NG linaro-1.13.1-4.9-2014.09 - Linaro GCC 4.9-2014.09)) #1 SMP PREEMPT Sun Aug 6 19:09:36 PDT 2017
+Linux version 4.13.0-rc5-304592-gef95484 (jonathanh@tamien) (gcc version 4.9.2 20140904 (prerelease) (crosstool-NG linaro-1.13.1-4.9-2014.09 - Linaro GCC 4.9-2014.09)) #1 SMP PREEMPT Tue Aug 15 14:38:41 PDT 2017
 Boot CPU: AArch64 Processor [4e0f0000]
 Machine model: NVIDIA Tegra132 Norrin
 Memory limited to 1734MB
@@ -199,7 +199,7 @@
 Freeing initrd memory: 1284K
 kvm [1]: HYP mode not available
 audit: initializing netlink subsys (disabled)
-audit: type=2000 audit(0.930:1): state=initialized audit_enabled=0 res=1
+audit: type=2000 audit(0.926:1): state=initialized audit_enabled=0 res=1
 workingset: timestamp_bits=44 max_order=19 bucket_order=0
 squashfs: version 4.0 (2009/01/31) Phillip Lougher
 NFS: Registering the id_resolver key type
@@ -263,11 +263,11 @@
 usbcore: registered new interface driver usbhid
 usbhid: USB HID core driver
 mmc0: new high speed MMC card at address 0001
-mmcblk0: mmc0:0001 SEM16G 14.7 GiB 
 NET: Registered protocol family 17
 9pnet: Installing 9P2000 support
 Key type dns_resolver registered
 registered taskstats version 1
+mmcblk0: mmc0:0001 SEM16G 14.7 GiB 
 mmcblk0boot0: mmc0:0001 SEM16G partition 1 4.00 MiB
 mmcblk0boot1: mmc0:0001 SEM16G partition 2 4.00 MiB
 mmcblk0rpmb: mmc0:0001 SEM16G partition 3 4.00 MiB
Diff for ./tegra20-trimslice/tegra20-trimslice/multi_v7_defconfig_log.txt
--- /tmp/fooa	2017-08-15 14:40:52.314898118 -0700
+++ /tmp/foob	2017-08-15 14:40:52.318898136 -0700
@@ -48,9 +48,9 @@
 	 #################################################################
 	 #################################################################
 	 ###########################
-	 4 MiB/s
+	 4.1 MiB/s
 done
-Bytes transferred = 8020296 (7a6148 hex)
+Bytes transferred = 8015304 (7a4dc8 hex)
 Tegra20 (TrimSlice) # tftpboot 0x02408000 tegra20-trimslice.dtb
 Using RTL8169#0 device
 TFTP from server 192.168.100.1; our IP address is 192.168.100.103
@@ -61,7 +61,7 @@
 done
 Bytes transferred = 21454 (53ce hex)
 Tegra20 (TrimSlice) # bootz 0x00408000 - 0x02408000
-Kernel image @ 0x408000 [ 0x000000 - 0x7a6148 ]
+Kernel image @ 0x408000 [ 0x000000 - 0x7a4dc8 ]
 ## Flattened Device Tree blob at 02408000
    Booting using the fdt blob at 0x2408000
    Using Device Tree in place at 02408000, end 024103cd
@@ -69,7 +69,7 @@
 Starting kernel ...
 
 Booting Linux on physical CPU 0x0
-Linux version 4.13.0-rc4-186018-gaae4e7a (jonathanh@sellafield) (gcc version 4.7.3 20130328 (prerelease) (crosstool-NG linaro-1.13.1-4.7-2013.04-20130415 - Linaro GCC 2013.04)) #1 SMP Sun Aug 6 19:04:37 PDT 2017
+Linux version 4.13.0-rc5-186351-gef95484 (jonathanh@sellafield) (gcc version 4.7.3 20130328 (prerelease) (crosstool-NG linaro-1.13.1-4.7-2013.04-20130415 - Linaro GCC 2013.04)) #1 SMP Tue Aug 15 14:33:49 PDT 2017
 CPU: ARMv7 Processor [411fc090] revision 0 (ARMv7), cr=10c5387d
 CPU: PIPT / VIPT nonaliasing data cache, VIPT aliasing instruction cache
 OF: fdt: Machine model: Compulab TrimSlice board
@@ -79,7 +79,7 @@
 efi: UEFI not found.
 cma: Reserved 64 MiB at 0x3c000000
 On node 0 totalpages: 262144
-free_area_init_node: node 0, pgdat c157f080, node_mem_map ef7f8000
+free_area_init_node: node 0, pgdat c157edc0, node_mem_map ef7f8000
   DMA zone: 1536 pages used for memmap
   DMA zone: 0 pages reserved
   DMA zone: 196608 pages, LIFO batch:31
@@ -92,7 +92,7 @@
 PID hash table entries: 4096 (order: 2, 16384 bytes)
 Dentry cache hash table entries: 131072 (order: 7, 524288 bytes)
 Inode-cache hash table entries: 65536 (order: 6, 262144 bytes)
-Memory: 954380K/1048576K available (10240K kernel code, 1563K rwdata, 4452K rodata, 2048K init, 402K bss, 28660K reserved, 65536K cma-reserved, 196608K highmem)
+Memory: 954380K/1048576K available (10240K kernel code, 1562K rwdata, 4452K rodata, 2048K init, 402K bss, 28660K reserved, 65536K cma-reserved, 196608K highmem)
 Virtual kernel memory layout:
     vector  : 0xffff0000 - 0xffff1000   (   4 kB)
     fixmap  : 0xffc00000 - 0xfff00000   (3072 kB)
@@ -102,7 +102,7 @@
     modules : 0xbf000000 - 0xbfe00000   (  14 MB)
       .text : 0xc0208000 - 0xc0d00000   (11232 kB)
       .init : 0xc1200000 - 0xc1400000   (2048 kB)
-      .data : 0xc1400000 - 0xc1586e68   (1564 kB)
+      .data : 0xc1400000 - 0xc1586ba8   (1563 kB)
        .bss : 0xc158fcb0 - 0xc15f46fc   ( 403 kB)
 SLUB: HWalign=64, Order=0-3, MinObjects=0, CPUs=2, Nodes=1
 Hierarchical RCU implementation.
Diff for ./tegra20-trimslice/tegra20-trimslice/tegra_defconfig_log.txt
--- /tmp/fooa	2017-08-15 14:40:52.346898254 -0700
+++ /tmp/foob	2017-08-15 14:40:52.350898270 -0700
@@ -45,10 +45,10 @@
 	 #################################################################
 	 #################################################################
 	 #################################################################
-	 ##############################
-	 4 MiB/s
+	 #############################
+	 4.1 MiB/s
 done
-Bytes transferred = 6152600 (5de198 hex)
+Bytes transferred = 6145128 (5dc468 hex)
 Tegra20 (TrimSlice) # tftpboot 0x02408000 tegra20-trimslice.dtb
 Using RTL8169#0 device
 TFTP from server 192.168.100.1; our IP address is 192.168.100.103
@@ -59,7 +59,7 @@
 done
 Bytes transferred = 21454 (53ce hex)
 Tegra20 (TrimSlice) # bootz 0x00408000 - 0x02408000
-Kernel image @ 0x408000 [ 0x000000 - 0x5de198 ]
+Kernel image @ 0x408000 [ 0x000000 - 0x5dc468 ]
 ## Flattened Device Tree blob at 02408000
    Booting using the fdt blob at 0x2408000
    Using Device Tree in place at 02408000, end 024103cd
@@ -68,7 +68,7 @@
 
 Uncompressing Linux... done, booting the kernel.
 Booting Linux on physical CPU 0x0
-Linux version 4.13.0-rc4-186018-gaae4e7a (jonathanh@kaivo) (gcc version 4.7.3 20130328 (prerelease) (crosstool-NG linaro-1.13.1-4.7-2013.04-20130415 - Linaro GCC 2013.04)) #1 SMP PREEMPT Sun Aug 6 19:04:29 PDT 2017
+Linux version 4.13.0-rc5-186351-gef95484 (jonathanh@kaivo) (gcc version 4.7.3 20130328 (prerelease) (crosstool-NG linaro-1.13.1-4.7-2013.04-20130415 - Linaro GCC 2013.04)) #1 SMP PREEMPT Tue Aug 15 14:34:01 PDT 2017
 CPU: ARMv7 Processor [411fc090] revision 0 (ARMv7), cr=10c5387d
 CPU: PIPT / VIPT nonaliasing data cache, VIPT aliasing instruction cache
 OF: fdt: Machine model: Compulab TrimSlice board
@@ -77,7 +77,7 @@
 Memory policy: Data cache writealloc
 cma: Reserved 64 MiB at 0x3c000000
 On node 0 totalpages: 262144
-free_area_init_node: node 0, pgdat c0eafd00, node_mem_map ef7f7000
+free_area_init_node: node 0, pgdat c0eafa00, node_mem_map ef7f7000
   Normal zone: 1536 pages used for memmap
   Normal zone: 0 pages reserved
   Normal zone: 196608 pages, LIFO batch:31
@@ -90,7 +90,7 @@
 PID hash table entries: 4096 (order: 2, 16384 bytes)
 Dentry cache hash table entries: 131072 (order: 7, 524288 bytes)
 Inode-cache hash table entries: 65536 (order: 6, 262144 bytes)
-Memory: 959388K/1048576K available (9216K kernel code, 745K rwdata, 2724K rodata, 1024K init, 299K bss, 23652K reserved, 65536K cma-reserved, 196608K highmem)
+Memory: 959388K/1048576K available (9216K kernel code, 744K rwdata, 2724K rodata, 1024K init, 299K bss, 23652K reserved, 65536K cma-reserved, 196608K highmem)
 Virtual kernel memory layout:
     vector  : 0xffff0000 - 0xffff1000   (   4 kB)
     fixmap  : 0xffc00000 - 0xfff00000   (3072 kB)
@@ -100,7 +100,7 @@
     modules : 0xbf000000 - 0xbfe00000   (  14 MB)
       .text : 0xc0008000 - 0xc0a00000   (10208 kB)
       .init : 0xc0d00000 - 0xc0e00000   (1024 kB)
-      .data : 0xc0e00000 - 0xc0eba508   ( 746 kB)
+      .data : 0xc0e00000 - 0xc0eba208   ( 745 kB)
        .bss : 0xc0ec45b0 - 0xc0f0f37c   ( 300 kB)
 Preemptible hierarchical RCU implementation.
 	RCU restricting CPUs from NR_CPUS=4 to nr_cpu_ids=2.
@@ -344,8 +344,8 @@
 mmcblk1: retrying using single block read
 hub 1-1:1.0: USB hub found
 hub 1-1:1.0: 4 ports detected
-input: gpio-keys as /devices/soc0/gpio-keys/input/input0
  mmcblk1: p1 p2
+input: gpio-keys as /devices/soc0/gpio-keys/input/input0
 rtc-em3027 2-0056: hctosys: unable to read the hardware clock
 ALSA device list:
   #0: tegra-trimslice
@@ -356,11 +356,11 @@
 mmcblk0: mmc0:b368 NCard 3.70 GiB 
 mmcblk0: error -5 sending stop command, original cmd response 0x900, card status 0x900
 mmcblk0: error -5 transferring data, sector 7759864, nr 8, cmd response 0x900, card status 0x80000b00
+asix 1-1.2:1.0 eth1: register 'asix' at usb-c5008000.usb-1.2, ASIX AX88772 USB 2.0 Ethernet, 00:60:6e:60:6c:68
 mmcblk0: error -5 sending stop command, original cmd response 0x900, card status 0x900
 mmcblk0: error -5 transferring data, sector 7759864, nr 8, cmd response 0x900, card status 0x80000b00
 mmcblk0: retrying using single block read
  mmcblk0: p1
-asix 1-1.2:1.0 eth1: register 'asix' at usb-c5008000.usb-1.2, ASIX AX88772 USB 2.0 Ethernet, 00:60:6e:60:6c:68
 mmcblk0: r/w command failed, status = 0x80000900
 EXT4-fs (mmcblk0p1): mounting ext3 file system using the ext4 subsystem
 EXT4-fs (mmcblk0p1): recovery complete
Diff for ./tegra210-p2371-0000/tegra210-p2371-0000/defconfig_log.txt
--- /tmp/fooa	2017-08-15 14:40:52.366898344 -0700
+++ /tmp/foob	2017-08-15 14:40:52.370898360 -0700
@@ -64,17 +64,17 @@
 Loading and Validation of Secure OS Successful
 NvTbootPackSdramParams: start. 
 NvTbootPackSdramParams: done. 
-Tegraboot started after 810761 us
-Basic modules init took 348514 us
-Sec Bootdevice Read Time = 202 ms, Read Size = 8459 KB
-Next stage binary read took 14398 us
-Carveout took 252819 us
-CPU initialization took 92451 us
-Total time taken by TegraBoot 708182 us
+Tegraboot started after 779407 us
+Basic modules init took 349466 us
+Sec Bootdevice Read Time = 204 ms, Read Size = 8459 KB
+Next stage binary read took 14373 us
+Carveout took 253369 us
+CPU initialization took 92439 us
+Total time taken by TegraBoot 709647 us
 
 Starting CPU & Halting co-processor 
 
-64b[0001.648] LPDDR4 Training: Number of tables = 10
+64b[0001.619] LPDDR4 Training: Number of tables = 10
 EMC Training (SRC-freq: 204000; DST-freq: 408000)
 EMC Training Successful
 EMC Training (SRC-freq: 204000; DST-freq: 665600)
@@ -117,11 +117,11 @@
 Tegra210 (P2371-0000) # part uuid ${devtype} ${devnum}:${rootpart} uuid
 Tegra210 (P2371-0000) # setenv bootargs ignore_loglevel console=ttyS0,115200n8 earlycon=uart8250,mmio32,0x70006000 rw root=PARTUUID=00000000-0001-0000-788f-a75600000000 rootwait debug earlyprintk init=/bin/bash
 Tegra210 (P2371-0000) # load ${devtype} ${devnum}:${rootpart} ${kernel_addr_r} /boot/Image.defconfig
-16163328 bytes read in 845 ms (18.2 MiB/s)
+16163328 bytes read in 827 ms (18.6 MiB/s)
 Tegra210 (P2371-0000) # load ${devtype} ${devnum}:${rootpart} ${fdt_addr_r} /boot/tegra210-p2371-0000.dtb
-45170 bytes read in 454 ms (96.7 KiB/s)
+45170 bytes read in 453 ms (96.7 KiB/s)
 Tegra210 (P2371-0000) # load ${devtype} ${devnum}:${rootpart} ${ramdisk_addr_r} /boot/tegra-ramdisk.img
-1627787 bytes read in 495 ms (3.1 MiB/s)
+1627787 bytes read in 494 ms (3.1 MiB/s)
 Tegra210 (P2371-0000) # ramdisk_size=${filesize}
 Tegra210 (P2371-0000) # booti ${kernel_addr_r} - ${fdt_addr_r}
 ## Flattened Device Tree blob at 82000000
@@ -131,7 +131,7 @@
 Starting kernel ...
 
 Booting Linux on physical CPU 0x0
-Linux version 4.13.0-rc4-304259-gaae4e7a (jonathanh@tamien) (gcc version 4.9.2 20140904 (prerelease) (crosstool-NG linaro-1.13.1-4.9-2014.09 - Linaro GCC 4.9-2014.09)) #1 SMP PREEMPT Sun Aug 6 19:09:36 PDT 2017
+Linux version 4.13.0-rc5-304592-gef95484 (jonathanh@tamien) (gcc version 4.9.2 20140904 (prerelease) (crosstool-NG linaro-1.13.1-4.9-2014.09 - Linaro GCC 4.9-2014.09)) #1 SMP PREEMPT Tue Aug 15 14:38:41 PDT 2017
 Boot CPU: AArch64 Processor [411fd071]
 Machine model: NVIDIA Tegra210 P2371 (P2530/P2595) reference design
 debug: ignoring loglevel setting.
@@ -274,7 +274,7 @@
 kvm [1]: vgic interrupt IRQ1
 kvm [1]: virtual timer IRQ4
 audit: initializing netlink subsys (disabled)
-audit: type=2000 audit(0.523:1): state=initialized audit_enabled=0 res=1
+audit: type=2000 audit(0.527:1): state=initialized audit_enabled=0 res=1
 workingset: timestamp_bits=44 max_order=20 bucket_order=0
 squashfs: version 4.0 (2009/01/31) Phillip Lougher
 NFS: Registering the id_resolver key type
Diff for ./tegra210-smaug/tegra210-smaug/defconfig_log.txt
--- /tmp/fooa	2017-08-15 14:40:52.390898444 -0700
+++ /tmp/foob	2017-08-15 14:40:52.394898462 -0700
@@ -1,6 +1,4 @@
-] efi: UEFI not found.
-cma: Reserved 16 MiB at 0x00000000f5400000
-earlycon: uart0 at MMIO 0x0000000070006000 (options '115200n8')
+art0 at MMIO 0x0000000070006000 (options '115200n8')
 bootconsole [uart0] enabled
 NUMA: No NUMA configuration found
 NUMA: Faking a node at [mem 0x0000000000000000-0x000000013fffffff]
@@ -71,7 +69,7 @@
 console [tty0] enabled
 bootconsole [uart0] disabled
 Booting Linux on physical CPU 0x0
-Linux version 4.13.0-rc4-304259-gaae4e7a (jonathanh@tamien) (gcc version 4.9.2 20140904 (prerelease) (crosstool-NG linaro-1.13.1-4.9-2014.09 - Linaro GCC 4.9-2014.09)) #1 SMP PREEMPT Sun Aug 6 19:09:36 PDT 2017
+Linux version 4.13.0-rc5-304592-gef95484 (jonathanh@tamien) (gcc version 4.9.2 20140904 (prerelease) (crosstool-NG linaro-1.13.1-4.9-2014.09 - Linaro GCC 4.9-2014.09)) #1 SMP PREEMPT Tue Aug 15 14:38:41 PDT 2017
 Boot CPU: AArch64 Processor [411fd071]
 Machine model: Google Pixel C
 efi: Getting EFI parameters from FDT:
@@ -331,8 +329,9 @@
 mmcblk0: mmc0:0001 BGND3R 29.1 GiB 
 mmcblk0boot0: mmc0:0001 BGND3R partition 1 4.00 MiB
 mmcblk0boot1: mmc0:0001 BGND3R partition 2 4.00 MiB
-max77686-rtc max77620-rtc: setting system clock to 2001-05-18 07:34:43 UTC (990171283)
 mmcblk0rpmb: mmc0:0001 BGND3R partition 3 4.00 MiB
+ mmcblk0: p1 p2 p3 p4 p5 p6 p7 p8 p9 p10 p11
+max77686-rtc max77620-rtc: setting system clock to 2001-05-27 03:03:41 UTC (990932621)
 PP1200_AVDD: disabling
 PP1200_RCAM: disabling
 PP2800L_RCAM: disabling
@@ -340,12 +339,11 @@
 PP_LDO6: disabling
 PPLCD_VDD: disabling
 PP1800_LCDIO: disabling
- mmcblk0: p1 p2 p3 p4 p5 p6 p7 p8 p9 p10 p11
-tegra-i2c 7000d100.i2c: could not find pctldev for node /host1x@50000000/dpaux@545c0000/pinmux-i2c, deferring probe
 PP1800_CAM: disabling
 ALSA device list:
   No soundcards found.
 Freeing unused kernel memory: 1088K
+tegra-i2c 7000d100.i2c: could not find pctldev for node /host1x@50000000/dpaux@545c0000/pinmux-i2c, deferring probe
 
 System initialization...
 
Diff for ./tegra30-beaver/tegra30-beaver/multi_v7_defconfig_log.txt
--- /tmp/fooa	2017-08-15 14:40:52.410898527 -0700
+++ /tmp/foob	2017-08-15 14:40:52.410898527 -0700
@@ -27,6 +27,7 @@
 Tegra30 (Beaver) # setenv bootargs 'ignore_loglevel console=ttyS0,115200n8 rw root=PARTUUID=edbe1840-3633-c751-7993-b0ac834f81e0 rootwait gpt debug noinitrd earlyprintk init=/bin/bash'
 Tegra30 (Beaver) # setenv ipaddr 192.168.100.101; setenv serverip 192.168.100.1; setenv tftpserverip 192.168.100.1
 Tegra30 (Beaver) # tftpboot 0x81000000 zImage.multi_v7_defconfig
+Waiting for Ethernet connection... done.
 Using asx0 device
 TFTP from server 192.168.100.1; our IP address is 192.168.100.101
 Filename 'zImage.multi_v7_defconfig'.
@@ -42,18 +43,18 @@
 	 ###########################
 	 3.3 MiB/s
 done
-Bytes transferred = 8020296 (7a6148 hex)
+Bytes transferred = 8015304 (7a4dc8 hex)
 Tegra30 (Beaver) # tftpboot 0x82000000 tegra30-beaver.dtb
 Using asx0 device
 TFTP from server 192.168.100.1; our IP address is 192.168.100.101
 Filename 'tegra30-beaver.dtb'.
 Load address: 0x82000000
 Loading: *####
-	 3.3 MiB/s
+	 2.9 MiB/s
 done
 Bytes transferred = 51848 (ca88 hex)
 Tegra30 (Beaver) # bootz 0x81000000 - 0x82000000
-Kernel image @ 0x81000000 [ 0x000000 - 0x7a6148 ]
+Kernel image @ 0x81000000 [ 0x000000 - 0x7a4dc8 ]
 ## Flattened Device Tree blob at 82000000
    Booting using the fdt blob at 0x82000000
    Loading Device Tree to 8fff0000, end 8ffffa87 ... OK
@@ -61,7 +62,7 @@
 Starting kernel ...
 
 Booting Linux on physical CPU 0x0
-Linux version 4.13.0-rc4-186018-gaae4e7a (jonathanh@sellafield) (gcc version 4.7.3 20130328 (prerelease) (crosstool-NG linaro-1.13.1-4.7-2013.04-20130415 - Linaro GCC 2013.04)) #1 SMP Sun Aug 6 19:04:37 PDT 2017
+Linux version 4.13.0-rc5-186351-gef95484 (jonathanh@sellafield) (gcc version 4.7.3 20130328 (prerelease) (crosstool-NG linaro-1.13.1-4.7-2013.04-20130415 - Linaro GCC 2013.04)) #1 SMP Tue Aug 15 14:33:49 PDT 2017
 CPU: ARMv7 Processor [412fc099] revision 9 (ARMv7), cr=10c5387d
 CPU: PIPT / VIPT nonaliasing data cache, VIPT aliasing instruction cache
 OF: fdt: Machine model: NVIDIA Tegra30 Beaver evaluation board
@@ -71,7 +72,7 @@
 efi: UEFI not found.
 cma: Reserved 64 MiB at 0xfb800000
 On node 0 totalpages: 524032
-free_area_init_node: node 0, pgdat c157f080, node_mem_map eeff8000
+free_area_init_node: node 0, pgdat c157edc0, node_mem_map eeff8000
   DMA zone: 1536 pages used for memmap
   DMA zone: 0 pages reserved
   DMA zone: 196608 pages, LIFO batch:31
@@ -84,7 +85,7 @@
 PID hash table entries: 4096 (order: 2, 16384 bytes)
 Dentry cache hash table entries: 131072 (order: 7, 524288 bytes)
 Inode-cache hash table entries: 65536 (order: 6, 262144 bytes)
-Memory: 1993468K/2096128K available (10240K kernel code, 1563K rwdata, 4452K rodata, 2048K init, 402K bss, 37124K reserved, 65536K cma-reserved, 1244160K highmem)
+Memory: 1993468K/2096128K available (10240K kernel code, 1562K rwdata, 4452K rodata, 2048K init, 402K bss, 37124K reserved, 65536K cma-reserved, 1244160K highmem)
 Virtual kernel memory layout:
     vector  : 0xffff0000 - 0xffff1000   (   4 kB)
     fixmap  : 0xffc00000 - 0xfff00000   (3072 kB)
@@ -94,7 +95,7 @@
     modules : 0xbf000000 - 0xbfe00000   (  14 MB)
       .text : 0xc0208000 - 0xc0d00000   (11232 kB)
       .init : 0xc1200000 - 0xc1400000   (2048 kB)
-      .data : 0xc1400000 - 0xc1586e68   (1564 kB)
+      .data : 0xc1400000 - 0xc1586ba8   (1563 kB)
        .bss : 0xc158fcb0 - 0xc15f46fc   ( 403 kB)
 SLUB: HWalign=64, Order=0-3, MinObjects=0, CPUs=4, Nodes=1
 Hierarchical RCU implementation.
@@ -401,5 +402,5 @@
 Freeing unused kernel memory: 2048K
 bash: cannot set terminal process group (-1): Inappropriate ioctl for device
 bash: no job control in this shell
-root@(none):/# [    4.123691] usb 2-1: new high-speed USB device number 2 using tegra-ehci
+root@(none):/# [    4.113657] usb 2-1: new high-speed USB device number 2 using tegra-ehci
 asix 2-1:1.0 eth1: register 'asix' at usb-7d008000.usb-1, ASIX AX88772 USB 2.0 Ethernet, 00:50:b6:0f:67:60
Diff for ./tegra30-beaver/tegra30-beaver/tegra_defconfig_log.txt
--- /tmp/fooa	2017-08-15 14:40:52.418898563 -0700
+++ /tmp/foob	2017-08-15 14:40:52.418898563 -0700
@@ -37,21 +37,21 @@
 	 #################################################################
 	 #################################################################
 	 #################################################################
-	 ##############################
-	 3.2 MiB/s
+	 #############################
+	 3.3 MiB/s
 done
-Bytes transferred = 6152600 (5de198 hex)
+Bytes transferred = 6145128 (5dc468 hex)
 Tegra30 (Beaver) # tftpboot 0x82000000 tegra30-beaver.dtb
 Using asx0 device
 TFTP from server 192.168.100.1; our IP address is 192.168.100.101
 Filename 'tegra30-beaver.dtb'.
 Load address: 0x82000000
 Loading: *####
-	 3.1 MiB/s
+	 3.3 MiB/s
 done
 Bytes transferred = 51848 (ca88 hex)
 Tegra30 (Beaver) # bootz 0x81000000 - 0x82000000
-Kernel image @ 0x81000000 [ 0x000000 - 0x5de198 ]
+Kernel image @ 0x81000000 [ 0x000000 - 0x5dc468 ]
 ## Flattened Device Tree blob at 82000000
    Booting using the fdt blob at 0x82000000
    Loading Device Tree to 8fff0000, end 8ffffa87 ... OK
@@ -60,7 +60,7 @@
 
 Uncompressing Linux... done, booting the kernel.
 Booting Linux on physical CPU 0x0
-Linux version 4.13.0-rc4-186018-gaae4e7a (jonathanh@kaivo) (gcc version 4.7.3 20130328 (prerelease) (crosstool-NG linaro-1.13.1-4.7-2013.04-20130415 - Linaro GCC 2013.04)) #1 SMP PREEMPT Sun Aug 6 19:04:29 PDT 2017
+Linux version 4.13.0-rc5-186351-gef95484 (jonathanh@kaivo) (gcc version 4.7.3 20130328 (prerelease) (crosstool-NG linaro-1.13.1-4.7-2013.04-20130415 - Linaro GCC 2013.04)) #1 SMP PREEMPT Tue Aug 15 14:34:01 PDT 2017
 CPU: ARMv7 Processor [412fc099] revision 9 (ARMv7), cr=10c5387d
 CPU: PIPT / VIPT nonaliasing data cache, VIPT aliasing instruction cache
 OF: fdt: Machine model: NVIDIA Tegra30 Beaver evaluation board
@@ -69,7 +69,7 @@
 Memory policy: Data cache writealloc
 cma: Reserved 64 MiB at 0xfbc00000
 On node 0 totalpages: 524032
-free_area_init_node: node 0, pgdat c0eafd00, node_mem_map eeff7000
+free_area_init_node: node 0, pgdat c0eafa00, node_mem_map eeff7000
   Normal zone: 1536 pages used for memmap
   Normal zone: 0 pages reserved
   Normal zone: 196608 pages, LIFO batch:31
@@ -82,7 +82,7 @@
 PID hash table entries: 4096 (order: 2, 16384 bytes)
 Dentry cache hash table entries: 131072 (order: 7, 524288 bytes)
 Inode-cache hash table entries: 65536 (order: 6, 262144 bytes)
-Memory: 1998476K/2096128K available (9216K kernel code, 745K rwdata, 2724K rodata, 1024K init, 299K bss, 32116K reserved, 65536K cma-reserved, 1244160K highmem)
+Memory: 1998476K/2096128K available (9216K kernel code, 744K rwdata, 2724K rodata, 1024K init, 299K bss, 32116K reserved, 65536K cma-reserved, 1244160K highmem)
 Virtual kernel memory layout:
     vector  : 0xffff0000 - 0xffff1000   (   4 kB)
     fixmap  : 0xffc00000 - 0xfff00000   (3072 kB)
@@ -92,7 +92,7 @@
     modules : 0xbf000000 - 0xbfe00000   (  14 MB)
       .text : 0xc0008000 - 0xc0a00000   (10208 kB)
       .init : 0xc0d00000 - 0xc0e00000   (1024 kB)
-      .data : 0xc0e00000 - 0xc0eba508   ( 746 kB)
+      .data : 0xc0e00000 - 0xc0eba208   ( 745 kB)
        .bss : 0xc0ec45b0 - 0xc0f0f37c   ( 300 kB)
 Preemptible hierarchical RCU implementation.
 NR_IRQS: 16, nr_irqs: 16, preallocated irqs: 16
@@ -394,4 +394,4 @@
 Freeing unused kernel memory: 1024K
 bash: cannot set terminal process group (-1): Inappropriate ioctl for device
 bash: no job control in this shell
-root@(none):/# [    4.420163] usb 2-1: new high-speed USB device number 2 using tegra-ehci
+root@(none):/# [    4.410161] usb 2-1: new high-speed USB device number 2 using tegra-ehci
