
U-Boot SPL 2016.05-rc2 (Apr 21 2016 - 16:23:00)
Trying to boot from RAM


U-Boot 2016.05-rc2 (Apr 21 2016 - 16:23:00 -0700)

TEGRA124
Model: NVIDIA Jetson TK1
Board: NVIDIA Jetson TK1
DRAM:  2 GiB
MC:   Tegra SD/MMC: 0, Tegra SD/MMC: 1
In:    serial
Out:   serial
Err:   serial
Net:   No ethernet found.
Hit any key to stop autoboot:  2  0 
Tegra124 (Jetson TK1) # 
Tegra124 (Jetson TK1) # pci enum
Tegra124 (Jetson TK1) # setenv bootargs 'ignore_loglevel console=ttyS0,115200n8 rw root=PARTUUID=b1791faa-84e8-4e27-83a1-9fb0a77e8803 rootwait gpt debug noinitrd earlyprintk init=/bin/bash'
Tegra124 (Jetson TK1) # setenv ipaddr 192.168.100.102; setenv serverip 192.168.100.1; setenv tftpserverip 192.168.100.1
Tegra124 (Jetson TK1) # tftpboot 0x82000000 zImage.multi_v7_defconfig

Warning: eth_rtl8169 using MAC address from ROM
Using eth_rtl8169 device
TFTP from server 192.168.100.1; our IP address is 192.168.100.102
Filename 'zImage.multi_v7_defconfig'.
Load address: 0x82000000
Loading: *#################################################################
	 #################################################################
	 #################################################################
	 #################################################################
	 #################################################################
	 #################################################################
	 #################################################################
	 #################
	 4 MiB/s
done
Bytes transferred = 6919032 (699378 hex)
Tegra124 (Jetson TK1) # tftpboot 0x83000000 tegra124-jetson-tk1.dtb
Using eth_rtl8169 device
TFTP from server 192.168.100.1; our IP address is 192.168.100.102
Filename 'tegra124-jetson-tk1.dtb'.
Load address: 0x83000000
Loading: *#####
	 3.6 MiB/s
done
Bytes transferred = 64138 (fa8a hex)
Tegra124 (Jetson TK1) # bootz 0x82000000 - 0x83000000
Kernel image @ 0x82000000 [ 0x000000 - 0x699378 ]
## Flattened Device Tree blob at 83000000
   Booting using the fdt blob at 0x83000000
   Using Device Tree in place at 83000000, end 83012a89

Starting kernel ...

[    0.000000] Booting Linux on physical CPU 0x0
[    0.000000] Linux version 4.6.0-83646-g2dcd0af (pwalmsley@sellafield) (gcc version 4.7.3 20130328 (prerelease) (crosstool-NG linaro-1.13.1-4.7-2013.04-20130415 - Linaro GCC 2013.04) ) #1 SMP Sun May 15 16:04:39 PDT 2016
[    0.000000] CPU: ARMv7 Processor [413fc0f3] revision 3 (ARMv7), cr=10c5387d
[    0.000000] CPU: div instructions available: patching division code
[    0.000000] CPU: PIPT / VIPT nonaliasing data cache, PIPT instruction cache
[    0.000000] Machine model: NVIDIA Tegra124 Jetson TK1
[    0.000000] debug: ignoring loglevel setting.
[    0.000000] cma: Reserved 64 MiB at 0xfb800000
[    0.000000] Memory policy: Data cache writealloc
[    0.000000] On node 0 totalpages: 524032
[    0.000000] free_area_init_node: node 0, pgdat c141b3c0, node_mem_map eeff8000
[    0.000000]   DMA zone: 1536 pages used for memmap
[    0.000000]   DMA zone: 0 pages reserved
[    0.000000]   DMA zone: 196608 pages, LIFO batch:31
[    0.000000]   HighMem zone: 327424 pages, LIFO batch:31
[    0.000000] percpu: Embedded 12 pages/cpu @eef8f000 s19776 r8192 d21184 u49152
[    0.000000] pcpu-alloc: s19776 r8192 d21184 u49152 alloc=12*4096
[    0.000000] pcpu-alloc: [0] 0 [0] 1 [0] 2 [0] 3 
[    0.000000] Built 1 zonelists in Zone order, mobility grouping on.  Total pages: 522496
[    0.000000] Kernel command line: ignore_loglevel console=ttyS0,115200n8 rw root=PARTUUID=b1791faa-84e8-4e27-83a1-9fb0a77e8803 rootwait gpt debug noinitrd earlyprintk init=/bin/bash
[    0.000000] PID hash table entries: 4096 (order: 2, 16384 bytes)
[    0.000000] Dentry cache hash table entries: 131072 (order: 7, 524288 bytes)
[    0.000000] Inode-cache hash table entries: 65536 (order: 6, 262144 bytes)
[    0.000000] Memory: 1995024K/2096128K available (9522K kernel code, 1141K rwdata, 4108K rodata, 2048K init, 341K bss, 35568K reserved, 65536K cma-reserved, 1244160K highmem)
[    0.000000] Virtual kernel memory layout:
[    0.000000]     vector  : 0xffff0000 - 0xffff1000   (   4 kB)
[    0.000000]     fixmap  : 0xffc00000 - 0xfff00000   (3072 kB)
[    0.000000]     vmalloc : 0xf0800000 - 0xff800000   ( 240 MB)
[    0.000000]     lowmem  : 0xc0000000 - 0xf0000000   ( 768 MB)
[    0.000000]     pkmap   : 0xbfe00000 - 0xc0000000   (   2 MB)
[    0.000000]     modules : 0xbf000000 - 0xbfe00000   (  14 MB)
[    0.000000]       .text : 0xc0208000 - 0xc104fa34   (14623 kB)
[    0.000000]       .init : 0xc1100000 - 0xc1300000   (2048 kB)
[    0.000000]       .data : 0xc1300000 - 0xc141d400   (1141 kB)
[    0.000000]        .bss : 0xc141f000 - 0xc1474518   ( 342 kB)
[    0.000000] SLUB: HWalign=64, Order=0-3, MinObjects=0, CPUs=4, Nodes=1
[    0.000000] Hierarchical RCU implementation.
[    0.000000] 	Build-time adjustment of leaf fanout to 32.
[    0.000000] 	RCU restricting CPUs from NR_CPUS=16 to nr_cpu_ids=4.
[    0.000000] RCU: Adjusting geometry for rcu_fanout_leaf=32, nr_cpu_ids=4
[    0.000000] NR_IRQS:16 nr_irqs:16 16
[    0.000000] /interrupt-controller@60004000: 160 interrupts forwarded to /interrupt-controller@0,50041000
[    0.000000] Tegra clk 127: register failed with -17
[    0.000008] sched_clock: 32 bits at 1000kHz, resolution 1000ns, wraps every 2147483647500ns
[    0.000032] clocksource: timer_us: mask: 0xffffffff max_cycles: 0xffffffff, max_idle_ns: 1911260446275 ns
[    0.000046] Switching to timer-based delay loop, resolution 1000ns
[    0.005085] Architected cp15 timer(s) running at 12.00MHz (virt).
[    0.005103] clocksource: arch_sys_counter: mask: 0xffffffffffffff max_cycles: 0x2c47f4ee7, max_idle_ns: 440795202497 ns
[    0.005121] sched_clock: 56 bits at 12MHz, resolution 83ns, wraps every 4398046511096ns
[    0.005134] Switching to timer-based delay loop, resolution 83ns
[    0.005580] Console: colour dummy device 80x30
[    0.005604] Calibrating delay loop (skipped), value calculated using timer frequency.. 24.00 BogoMIPS (lpj=60000)
[    0.005619] pid_max: default: 32768 minimum: 301
[    0.005717] Mount-cache hash table entries: 2048 (order: 1, 8192 bytes)
[    0.005728] Mountpoint-cache hash table entries: 2048 (order: 1, 8192 bytes)
[    0.006329] CPU: Testing write buffer coherency: ok
[    0.006548] /cpus/cpu@0 missing clock-frequency property
[    0.006586] /cpus/cpu@1 missing clock-frequency property
[    0.006624] /cpus/cpu@2 missing clock-frequency property
[    0.006661] /cpus/cpu@3 missing clock-frequency property
[    0.006674] CPU0: thread -1, cpu 0, socket 0, mpidr 80000000
[    0.006722] Setting up static identity map for 0x80300000 - 0x80300098
[    0.009754] Tegra Revision: A01 SKU: 129 CPU Process: 1 SoC Process: 1
[    0.011223] CPU1: thread -1, cpu 1, socket 0, mpidr 80000001
[    0.011895] CPU2: thread -1, cpu 2, socket 0, mpidr 80000002
[    0.012543] CPU3: thread -1, cpu 3, socket 0, mpidr 80000003
[    0.012627] Brought up 4 CPUs
[    0.012647] SMP: Total of 4 processors activated (96.00 BogoMIPS).
[    0.012655] CPU: All CPU(s) started in SVC mode.
[    0.014119] devtmpfs: initialized
[    0.032000] VFP support v0.3: implementor 41 architecture 4 part 30 variant f rev 0
[    0.032760] clocksource: jiffies: mask: 0xffffffff max_cycles: 0xffffffff, max_idle_ns: 9556302231375000 ns
[    0.034346] pinctrl core: initialized pinctrl subsystem
[    0.036163] NET: Registered protocol family 16
[    0.038230] DMA: preallocated 256 KiB pool for atomic coherent allocations
[    0.054890] cpuidle: using governor menu
[    0.072711] No ATAGs?
[    0.072746] hw-breakpoint: found 5 (+1 reserved) breakpoint and 4 watchpoint registers.
[    0.072756] hw-breakpoint: maximum watchpoint size is 8 bytes.
[    0.078840] Serial: AMBA PL011 UART driver
[    0.110889] +USB0_VBUS_SW: Failed to request enable GPIO108: -517
[    0.110905] reg-fixed-voltage regulators:regulator@7: Failed to register regulator: -517
[    0.110995] +5V_USB_HS: Failed to request enable GPIO109: -517
[    0.111008] reg-fixed-voltage regulators:regulator@8: Failed to register regulator: -517
[    0.111173] +1.05V_RUN_AVDD_HDMI_PLL: Failed to request enable GPIO63: -517
[    0.111186] reg-fixed-voltage regulators:regulator@11: Failed to register regulator: -517
[    0.111272] +5V_HDMI_CON: Failed to request enable GPIO86: -517
[    0.111284] reg-fixed-voltage regulators:regulator@12: Failed to register regulator: -517
[    0.111368] +5V_SATA: Failed to request enable GPIO242: -517
[    0.111380] reg-fixed-voltage regulators:regulator@13: Failed to register regulator: -517
[    0.111463] +12V_SATA: Failed to request enable GPIO242: -517
[    0.111475] reg-fixed-voltage regulators:regulator@14: Failed to register regulator: -517
[    0.115050] vgaarb: loaded
[    0.116069] SCSI subsystem initialized
[    0.116243] libata version 3.00 loaded.
[    0.116544] usbcore: registered new interface driver usbfs
[    0.116612] usbcore: registered new interface driver hub
[    0.116676] usbcore: registered new device driver usb
[    0.120423] pps_core: LinuxPPS API ver. 1 registered
[    0.120432] pps_core: Software ver. 5.3.6 - Copyright 2005-2007 Rodolfo Giometti <giometti@linux.it>
[    0.120461] PTP clock support registered
[    0.120687] EDAC MC: Ver: 3.0.0
[    0.123985] clocksource: Switched to clocksource arch_sys_counter
[    0.135403] NET: Registered protocol family 2
[    0.135924] TCP established hash table entries: 8192 (order: 3, 32768 bytes)
[    0.136024] TCP bind hash table entries: 8192 (order: 4, 65536 bytes)
[    0.136210] TCP: Hash tables configured (established 8192 bind 8192)
[    0.136261] UDP hash table entries: 512 (order: 2, 16384 bytes)
[    0.136303] UDP-Lite hash table entries: 512 (order: 2, 16384 bytes)
[    0.136478] NET: Registered protocol family 1
[    0.136723] RPC: Registered named UNIX socket transport module.
[    0.136733] RPC: Registered udp transport module.
[    0.136740] RPC: Registered tcp transport module.
[    0.136746] RPC: Registered tcp NFSv4.1 backchannel transport module.
[    0.136765] PCI: CLS 0 bytes, default 64
[    0.137774] hw perfevents: enabled with armv7_cortex_a15 PMU driver, 7 counters available
[    0.139434] futex hash table entries: 1024 (order: 4, 65536 bytes)
[    0.140235] workingset: timestamp_bits=28 max_order=19 bucket_order=0
[    0.151932] squashfs: version 4.0 (2009/01/31) Phillip Lougher
[    0.152801] NFS: Registering the id_resolver key type
[    0.152828] Key type id_resolver registered
[    0.152836] Key type id_legacy registered
[    0.152900] ntfs: driver 2.1.32 [Flags: R/O].
[    0.154297] bounce: pool size: 64 pages
[    0.154512] Block layer SCSI generic (bsg) driver version 0.4 loaded (major 248)
[    0.154529] io scheduler noop registered
[    0.154543] io scheduler deadline registered
[    0.154579] io scheduler cfq registered (default)
[    0.175036] tegra-pcie 1003000.pcie-controller: 2x1, 1x1 configuration
[    0.175088] tegra-pcie 1003000.pcie-controller: Failed to get supply 'avddio-pex': -517
[    0.182417] tegra-apbdma 60020000.dma: Tegra20 APB DMA driver register 32 channels
[    0.184440] tegra-pmc 7000e400.pmc: emergency thermal reset enabled
[    0.248610] Serial: 8250/16550 driver, 4 ports, IRQ sharing disabled
[    0.251653] console [ttyS0] disabled
[    0.251689] 70006300.serial: ttyS0 at MMIO 0x70006300 (irq = 333, base_baud = 25500000) is a Tegra
[    1.074755] console [ttyS0] enabled
[    1.079170] SuperH (H)SCI(F) driver initialized
[    1.084754] msm_serial: driver initialized
[    1.089073] STMicroelectronics ASC driver initialized
[    1.096666] [drm] Initialized drm 1.1.0 20060810
[    1.104348] tegra-hdmi 54280000.hdmi: failed to get HDMI regulator
[    1.123749] brd: module loaded
[    1.132839] loop: module loaded
[    1.136557] at24 0-0056: 256 byte 24c02 EEPROM, writable, 8 bytes/write
[    1.144822] as3722 4-0040: AS3722 with revision 0x1 found
[    1.168268] +5V_SYS: supplied by +VDD_MUX
[    1.172337] +1.05V_RUN: supplied by +5V_SYS
[    1.176650] tegra-ahci 70027000.sata: Failed to get supply 'hvdd': -517
[    1.183322] tegra-ahci 70027000.sata: Failed to get regulators
[    1.204211] m25p80 spi32765.0: w25q32dw (4096 Kbytes)
[    1.212715] libphy: Fixed MDIO Bus: probed
[    1.217577] CAN device driver interface
[    1.223614] igb: Intel(R) Gigabit Ethernet Network Driver - version 5.3.0-k
[    1.230581] igb: Copyright (c) 2007-2014 Intel Corporation.
[    1.239746] pegasus: v0.9.3 (2013/04/25), Pegasus/Pegasus II USB Ethernet driver
[    1.247199] usbcore: registered new interface driver pegasus
[    1.252929] usbcore: registered new interface driver asix
[    1.258382] usbcore: registered new interface driver ax88179_178a
[    1.264528] usbcore: registered new interface driver cdc_ether
[    1.270433] usbcore: registered new interface driver smsc75xx
[    1.276250] usbcore: registered new interface driver smsc95xx
[    1.282055] usbcore: registered new interface driver net1080
[    1.287770] usbcore: registered new interface driver cdc_subset
[    1.293740] usbcore: registered new interface driver zaurus
[    1.299408] usbcore: registered new interface driver cdc_ncm
[    1.305329] tegra-phy 7d004000.usb-phy: no vbus regulator
[    1.312653] ehci_hcd: USB 2.0 'Enhanced' Host Controller (EHCI) Driver
[    1.319198] ehci-pci: EHCI PCI platform driver
[    1.323684] ehci-platform: EHCI generic platform driver
[    1.329156] ehci-omap: OMAP-EHCI Host Controller driver
[    1.334542] ehci-orion: EHCI orion driver
[    1.338700] SPEAr-ehci: EHCI SPEAr driver
[    1.342876] ehci-st: EHCI STMicroelectronics driver
[    1.347918] ehci-exynos: EHCI EXYNOS driver
[    1.352284] ehci-atmel: EHCI Atmel driver
[    1.356457] tegra-ehci: Tegra EHCI driver
[    1.360807] tegra-ehci 7d004000.usb: EHCI Host Controller
[    1.366240] tegra-ehci 7d004000.usb: new USB bus registered, assigned bus number 1
[    1.374003] tegra-ehci 7d004000.usb: irq 350, io mem 0x7d004000
[    1.389007] tegra-ehci 7d004000.usb: USB 2.0 started, EHCI 1.10
[    1.395791] hub 1-0:1.0: USB hub found
[    1.399589] hub 1-0:1.0: 1 port detected
[    1.404155] ohci_hcd: USB 1.1 'Open' Host Controller (OHCI) Driver
[    1.410356] ohci-pci: OHCI PCI platform driver
[    1.414863] ohci-platform: OHCI generic platform driver
[    1.420286] ohci-omap3: OHCI OMAP3 driver
[    1.424461] SPEAr-ohci: OHCI SPEAr driver
[    1.428618] ohci-st: OHCI STMicroelectronics driver
[    1.433662] ohci-atmel: OHCI Atmel driver
[    1.438517] usbcore: registered new interface driver usb-storage
[    1.446324] mousedev: PS/2 mouse device common for all mice
[    1.455449] as3722-rtc as3722-rtc: rtc core: registered as3722-rtc as rtc0
[    1.462335] as3722-rtc as3722-rtc: RTC interrupt 373
[    1.470707] tegra_rtc 7000e000.rtc: rtc core: registered 7000e000.rtc as rtc1
[    1.477891] tegra_rtc 7000e000.rtc: Tegra internal Real Time Clock
[    1.484687] i2c /dev entries driver
[    1.494735] 0-004c supply vcc not found, using dummy regulator
[    1.509853] sdhci: Secure Digital Host Controller Interface driver
[    1.516043] sdhci: Copyright(c) Pierre Ossman
[    1.522161] Synopsys Designware Multimedia Card Interface Driver
[    1.529433] sdhci-pltfm: SDHCI platform and OF driver helper
[    1.535911] sdhci-tegra 700b0400.sdhci: Got CD GPIO
[    1.540819] sdhci-tegra 700b0400.sdhci: Got WP GPIO
[    1.545757] mmc0: Unknown controller version (3). You may experience problems.
[    1.553335] mmc0: Unknown controller version (3). You may experience problems.
[    1.560648] mmc0: Invalid maximum block size, assuming 512 bytes
[    1.599005] mmc0: SDHCI controller on 700b0600.sdhci [700b0600.sdhci] using ADMA 64-bit
[    1.609021] ledtrig-cpu: registered to indicate activity on CPUs
[    1.615434] usbcore: registered new interface driver usbhid
[    1.621015] usbhid: USB HID core driver
[    1.633675] NET: Registered protocol family 10
[    1.638880] sit: IPv6 over IPv4 tunneling driver
[    1.644363] NET: Registered protocol family 17
[    1.648814] can: controller area network core (rev 20120528 abi 9)
[    1.655068] NET: Registered protocol family 29
[    1.659530] can: raw protocol (rev 20120528)
[    1.663797] can: broadcast manager protocol (rev 20120528 t)
[    1.669480] can: netlink gateway (rev 20130117) max_hops=1
[    1.675386] Key type dns_resolver registered
[    1.680378] ThumbEE CPU extension supported.
[    1.684678] Registering SWP/SWPB emulation handler
[    1.704465] tegra-pcie 1003000.pcie-controller: 2x1, 1x1 configuration
[    1.711363] +3.3V_SYS: supplied by +VDD_MUX
[    1.715636] +3.3V_LP0: supplied by +3.3V_SYS
[    1.720344] +1.35V_LP0(sd2): supplied by +5V_SYS
[    1.725055] +1.05V_RUN_AVDD: supplied by +1.35V_LP0(sd2)
[    1.731910] tegra-pcie 1003000.pcie-controller: probing port 0, using 2 lanes
[    1.738241] mmc0: new high speed MMC card at address 0001
[    1.739655] mmcblk0: mmc0:0001 SEM16G 14.7 GiB 
[    1.740834] mmcblk0boot0: mmc0:0001 SEM16G partition 1 4.00 MiB
[    1.741918] mmcblk0boot1: mmc0:0001 SEM16G partition 2 4.00 MiB
[    1.742729] mmcblk0rpmb: mmc0:0001 SEM16G partition 3 4.00 MiB
[    1.745215]  mmcblk0: p1
[    1.771522] tegra-pcie 1003000.pcie-controller: Slot present pin change, signature: 00000008
[    1.801105] tegra-pcie 1003000.pcie-controller: probing port 1, using 1 lanes
[    1.810443] tegra-pcie 1003000.pcie-controller: Slot present pin change, signature: 00000000
[    1.825392] tegra-pcie 1003000.pcie-controller: PCI host bridge to bus 0000:00
[    1.832643] pci_bus 0000:00: root bus resource [io  0x0000-0xffff]
[    1.838838] pci_bus 0000:00: root bus resource [mem 0x13000000-0x1fffffff]
[    1.845721] pci_bus 0000:00: root bus resource [mem 0x20000000-0x3fffffff pref]
[    1.853035] pci_bus 0000:00: root bus resource [bus 00-ff]
[    1.858558] pci 0000:00:01.0: [10de:0e12] type 01 class 0x060400
[    1.864670] pci 0000:00:01.0: PME# supported from D0 D1 D2 D3hot D3cold
[    1.871588] pci 0000:00:02.0: [10de:0e13] type 01 class 0x060400
[    1.877698] pci 0000:00:02.0: PME# supported from D0 D1 D2 D3hot D3cold
[    1.884612] PCI: bus0: Fast back to back transfers disabled
[    1.890197] pci 0000:00:01.0: bridge configuration invalid ([bus 00-00]), reconfiguring
[    1.898210] pci 0000:00:02.0: bridge configuration invalid ([bus 00-00]), reconfiguring
[    1.906418] pci 0000:01:00.0: [8086:4232] type 00 class 0x028000
[    1.912475] pci 0000:01:00.0: reg 0x10: [mem 0x00000000-0x00001fff 64bit]
[    1.919459] pci 0000:01:00.0: PME# supported from D0 D3hot D3cold
[    1.934135] PCI: bus1: Fast back to back transfers disabled
[    1.939734] pci_bus 0000:01: busn_res: [bus 01-ff] end is updated to 01
[    1.946596] pci 0000:02:00.0: [10ec:8168] type 00 class 0x020000
[    1.952640] pci 0000:02:00.0: reg 0x10: [io  0x0000-0x00ff]
[    1.958250] pci 0000:02:00.0: reg 0x18: [mem 0x00000000-0x00000fff 64bit]
[    1.965064] pci 0000:02:00.0: reg 0x20: [mem 0x00000000-0x00003fff 64bit pref]
[    1.972431] pci 0000:02:00.0: supports D1 D2
[    1.976712] pci 0000:02:00.0: PME# supported from D0 D1 D2 D3hot D3cold
[    1.989128] PCI: bus2: Fast back to back transfers disabled
[    1.994726] pci_bus 0000:02: busn_res: [bus 02-ff] end is updated to 02
[    2.001490] pci 0000:00:01.0: BAR 8: assigned [mem 0x13000000-0x130fffff]
[    2.008291] pci 0000:00:02.0: BAR 8: assigned [mem 0x13100000-0x131fffff]
[    2.015090] pci 0000:00:02.0: BAR 9: assigned [mem 0x20000000-0x200fffff 64bit pref]
[    2.022839] pci 0000:00:02.0: BAR 7: assigned [io  0x1000-0x1fff]
[    2.028945] pci 0000:01:00.0: BAR 0: assigned [mem 0x13000000-0x13001fff 64bit]
[    2.036285] pci 0000:00:01.0: PCI bridge to [bus 01]
[    2.041264] pci 0000:00:01.0:   bridge window [mem 0x13000000-0x130fffff]
[    2.048069] pci 0000:02:00.0: BAR 4: assigned [mem 0x20000000-0x20003fff 64bit pref]
[    2.055836] pci 0000:02:00.0: BAR 2: assigned [mem 0x13100000-0x13100fff 64bit]
[    2.063171] pci 0000:02:00.0: BAR 0: assigned [io  0x1000-0x10ff]
[    2.069278] pci 0000:00:02.0: PCI bridge to [bus 02]
[    2.074252] pci 0000:00:02.0:   bridge window [io  0x1000-0x1fff]
[    2.080355] pci 0000:00:02.0:   bridge window [mem 0x13100000-0x131fffff]
[    2.087149] pci 0000:00:02.0:   bridge window [mem 0x20000000-0x200fffff 64bit pref]
[    2.094924] pci 0000:00:01.0: nv_msi_ht_cap_quirk didn't locate host bridge
[    2.101996] pcieport 0000:00:01.0: enabling device (0140 -> 0142)
[    2.108326] pcieport 0000:00:01.0: Signaling PME through PCIe PME interrupt
[    2.115296] pci 0000:01:00.0: Signaling PME through PCIe PME interrupt
[    2.121834] pcie_pme 0000:00:01.0:pcie01: service driver pcie_pme loaded
[    2.128611] pci 0000:00:02.0: nv_msi_ht_cap_quirk didn't locate host bridge
[    2.135662] pcieport 0000:00:02.0: enabling device (0140 -> 0143)
[    2.141965] pcieport 0000:00:02.0: Signaling PME through PCIe PME interrupt
[    2.148935] pci 0000:02:00.0: Signaling PME through PCIe PME interrupt
[    2.155500] pcie_pme 0000:00:02.0:pcie01: service driver pcie_pme loaded
[    2.162512] r8169 Gigabit Ethernet driver 2.3LK-NAPI loaded
[    2.168115] r8169 0000:02:00.0: enabling device (0140 -> 0143)
[    2.185814] r8169 0000:02:00.0 eth0: RTL8168g/8111g at 0xf0a1c000, 00:04:4b:3a:d9:81, XID 0c000800 IRQ 391
[    2.195502] r8169 0000:02:00.0 eth0: jumbo features [frames: 9200 bytes, tx checksumming: ko]
[    2.205001] +5V_HDMI_CON: supplied by +5V_SYS
[    2.209532] +1.05V_RUN_AVDD_HDMI_PLL: supplied by +1.05V_RUN
[    2.215461] +3.3V_RUN: supplied by +3.3V_SYS
[    2.219836] +3.3V_AVDD_HDMI_AP_GATED: supplied by +3.3V_RUN
[    2.228147] [drm] Supports vblank timestamp caching Rev 2 (21.10.2013).
[    2.234811] [drm] No driver support for vblank timestamp query.
[    2.359547] tegra-hdmi 54280000.hdmi: cannot set audio to 44100 at 297000000 pclk
[    2.529688] Console: switching to colour frame buffer device 512x135
[    2.624462] drm drm: fb0:  frame buffer device
[    2.639109] [drm] Initialized tegra 0.0.0 20120330 on minor 0
[    2.646307] +5V_SATA: supplied by +5V_SYS
[    2.650558] +12V_SATA: supplied by +VDD_MUX
[    2.655517] tegra-ahci 70027000.sata: AHCI 0001.0301 32 slots 2 ports 3 Gbps 0x1 impl platform mode
[    2.664594] tegra-ahci 70027000.sata: flags: 64bit ncq sntf pm led pio slum part sadm sds apst 
[    2.675915] scsi host0: tegra-ahci
[    2.680709] scsi host1: tegra-ahci
[    2.684505] ata1: SATA max UDMA/133 mmio [mem 0x70027000-0x70028fff] port 0x100 irq 343
[    2.692516] ata2: DUMMY
[    2.696456] +5V_USB_HS: supplied by +5V_SYS
[    2.702292] tegra-ehci 7d008000.usb: EHCI Host Controller
[    2.707732] tegra-ehci 7d008000.usb: new USB bus registered, assigned bus number 2
[    2.715504] tegra-ehci 7d008000.usb: irq 351, io mem 0x7d008000
[    2.729106] tegra-ehci 7d008000.usb: USB 2.0 started, EHCI 1.10
[    2.736250] hub 2-0:1.0: USB hub found
[    2.740123] hub 2-0:1.0: 1 port detected
[    2.745931] cpu: dev_pm_opp_of_cpumask_add_table: couldn't find opp table for cpu:0, -19
[    2.754132] cpufreq: cpufreq_online: CPU0: Running at unlisted freq: 696000 KHz
[    2.761519] cpufreq: cpufreq_online: CPU0: Unlisted initial frequency changed to: 714000 KHz
[    2.771421] sdhci-tegra 700b0400.sdhci: Got CD GPIO
[    2.776342] sdhci-tegra 700b0400.sdhci: Got WP GPIO
[    2.781293] mmc1: Unknown controller version (3). You may experience problems.
[    2.788630] +VDDIO_SDMMC3: supplied by +3.3V_RUN
[    2.793325] mmc1: Invalid maximum block size, assuming 512 bytes
[    2.834269] mmc1: SDHCI controller on 700b0400.sdhci [700b0400.sdhci] using ADMA 64-bit
[    2.843007] input: gpio-keys as /devices/soc0/gpio-keys/input/input0
[    2.850386] as3722-rtc as3722-rtc: setting system clock to 2000-01-01 00:02:04 UTC (946684924)
[    2.862474] +1.8V_RUN_CAM: disabling
[    2.866262] +2.8V_RUN_CAM: disabling
[    2.870033] +1.2V_RUN_CAM_FRONT: disabling
[    2.874297] +1.05V_RUN_CAM_REAR: disabling
[    2.878539] +3.3V_RUN_TOUCH: disabling
[    2.882451] +2.8V_RUN_CAM_AF: disabling
[    2.886449] +1.8V_RUN_VPP_FUSE: disabling
[    2.890623] +USB0_VBUS_SW: disabling
[    3.006420] ata1: SATA link down (SStatus 0 SControl 300)
[    3.012559] EXT4-fs (mmcblk0p1): mounting ext3 file system using the ext4 subsystem
[    3.052620] EXT4-fs (mmcblk0p1): recovery complete
[    3.058309] EXT4-fs (mmcblk0p1): mounted filesystem with ordered data mode. Opts: (null)
[    3.066435] VFS: Mounted root (ext3 filesystem) on device 179:1.
[    3.074442] devtmpfs: mounted
[    3.079081] Freeing unused kernel memory: 2048K (c1100000 - c1300000)
[    3.082667] mmc1: new high speed SDHC card at address aaaa
[    3.083602] mmcblk1: mmc1:aaaa SD04G 3.69 GiB 
[    3.095180]  mmcblk1: p1 p2 p3
bash: cannot set terminal process group (-1): Inappropriate ioctl for device
bash: no job control in this shell
root@(none):/# 