Diff for ./qemu-vexpress64/__internal/defconfig_log.txt
--- /tmp/fooa	2016-11-07 03:13:02.727940010 -0800
+++ /tmp/foob	2016-11-07 03:13:02.727940010 -0800
@@ -1,5 +1,5 @@
 Booting Linux on physical CPU 0x0
-Linux version 4.9.0-rc3-151785-ga909d3e (pwalmsley@tamien) (gcc version 4.9.2 20140904 (prerelease) (crosstool-NG linaro-1.13.1-4.9-2014.09 - Linaro GCC 4.9-2014.09) ) #1 SMP PREEMPT Wed Nov 2 06:06:44 PDT 2016
+Linux version 4.9.0-rc4-152238-gbc33b0c (pwalmsley@tamien) (gcc version 4.9.2 20140904 (prerelease) (crosstool-NG linaro-1.13.1-4.9-2014.09 - Linaro GCC 4.9-2014.09) ) #1 SMP PREEMPT Mon Nov 7 03:06:50 PST 2016
 Boot CPU: AArch64 Processor [411fd070]
 Memory limited to 1024MB
 efi: Getting EFI parameters from FDT:
@@ -100,7 +100,7 @@
 kvm [1]: HYP mode not available
 futex hash table entries: 256 (order: 3, 32768 bytes)
 audit: initializing netlink subsys (disabled)
-audit: type=2000 audit(0.660:1): initialized
+audit: type=2000 audit(0.648:1): initialized
 workingset: timestamp_bits=46 max_order=18 bucket_order=0
 squashfs: version 4.0 (2009/01/31) Phillip Lougher
 NFS: Registering the id_resolver key type
@@ -167,7 +167,7 @@
 Key type dns_resolver registered
 registered taskstats version 1
 input: gpio-keys as /devices/platform/gpio-keys/input/input0
-rtc-pl031 9010000.pl031: setting system clock to 2016-11-02 13:07:19 UTC (1478092039)
+rtc-pl031 9010000.pl031: setting system clock to 2016-11-07 11:07:27 UTC (1478516847)
 ALSA device list:
   No soundcards found.
 uart-pl011 9000000.pl011: no DMA platform data
Diff for ./tegra114-dalmore-a04/tegra114-dalmore/multi_v7_defconfig_log.txt
--- /tmp/fooa	2016-11-07 03:13:02.759940098 -0800
+++ /tmp/foob	2016-11-07 03:13:02.763940109 -0800
@@ -14,7 +14,7 @@
 Err:   serial
 Net:   Net Initialization Skipped
 No ethernet found.
-Hit any key to stop autoboot:  2  1  0 
+Hit any key to stop autoboot:  2  0 
 Tegra114 (Dalmore) # 
 Tegra114 (Dalmore) # usb reset
 (Re)start USB...
@@ -39,20 +39,20 @@
 	 #################################################################
 	 #################################################################
 	 ##########################################
-	 3.4 MiB/s
+	 3.2 MiB/s
 done
-Bytes transferred = 7284752 (6f2810 hex)
+Bytes transferred = 7287456 (6f32a0 hex)
 Tegra114 (Dalmore) # tftpboot 0x82000000 tegra114-dalmore.dtb
 Using asx0 device
 TFTP from server 192.168.100.1; our IP address is 192.168.100.100
 Filename 'tegra114-dalmore.dtb'.
 Load address: 0x82000000
 Loading: *###
-	 2.8 MiB/s
+	 3 MiB/s
 done
 Bytes transferred = 35044 (88e4 hex)
 Tegra114 (Dalmore) # bootz 0x81000000 - 0x82000000
-Kernel image @ 0x81000000 [ 0x000000 - 0x6f2810 ]
+Kernel image @ 0x81000000 [ 0x000000 - 0x6f32a0 ]
 ## Flattened Device Tree blob at 82000000
    Booting using the fdt blob at 0x82000000
    Loading Device Tree to 8fff4000, end 8ffff8e3 ... OK
@@ -60,7 +60,7 @@
 Starting kernel ...
 
 Booting Linux on physical CPU 0x0
-Linux version 4.9.0-rc3-127352-ga909d3e (pwalmsley@sellafield) (gcc version 4.7.3 20130328 (prerelease) (crosstool-NG linaro-1.13.1-4.7-2013.04-20130415 - Linaro GCC 2013.04) ) #1 SMP Wed Nov 2 06:03:37 PDT 2016
+Linux version 4.9.0-rc4-127805-gbc33b0c (pwalmsley@sellafield) (gcc version 4.7.3 20130328 (prerelease) (crosstool-NG linaro-1.13.1-4.7-2013.04-20130415 - Linaro GCC 2013.04) ) #1 SMP Mon Nov 7 03:03:36 PST 2016
 CPU: ARMv7 Processor [412fc0f2] revision 2 (ARMv7), cr=10c5387d
 CPU: div instructions available: patching division code
 CPU: PIPT / VIPT nonaliasing data cache, PIPT instruction cache
@@ -180,7 +180,6 @@
 random: fast init done
 SMPS9: supplied by vdd-sys-3v3
 sdhci-vdd-sd-slot: Bringing 2840000uV into 2800000-2800000uV
-sdhci-vdd-sd-slot: ramp_delay not set
 LDO1: supplied by vdd-sys-3v3
 LDO2: supplied by vdd-sys-3v3
 LDO3: supplied by vddio-1v8
@@ -188,11 +187,9 @@
 LDO5: supplied by vdd_ac_bat
 LDO6: supplied by vdd-sys-3v3
 vdd-sensor-2v85: Bringing 2900000uV into 2850000-2850000uV
-vdd-sensor-2v85: ramp_delay not set
 LDO7: supplied by vdd-sys-3v3
 LDO8: supplied by vdd-ao
 vdd-rtc: Bringing 675000uV into 900000-900000uV
-vdd-rtc: ramp_delay not set
 LDO9: supplied by sdhci-vdd-sd-slot
 LDOLN: supplied by vdd-sys-5v0
 LDOUSB: supplied by vdd-sys-5v0
@@ -315,12 +312,12 @@
  mmcblk0: p1 p2 p3
 mmc1: new high speed MMC card at address 0001
 mmcblk1: mmc1:0001 SEM32G 29.1 GiB 
-Console: switching to colour frame buffer device 240x75
 mmcblk1boot0: mmc1:0001 SEM32G partition 1 4.00 MiB
 mmcblk1boot1: mmc1:0001 SEM32G partition 2 4.00 MiB
 mmcblk1rpmb: mmc1:0001 SEM32G partition 3 4.00 MiB
-drm drm: fb0:  frame buffer device
  mmcblk1: p1 p2 p3 p4 p5 p6 p7 p8
+Console: switching to colour frame buffer device 240x75
+drm drm: fb0:  frame buffer device
 [drm] Initialized tegra 0.0.0 20120330 on minor 0
 tegra-ehci 7d008000.usb: EHCI Host Controller
 tegra-ehci 7d008000.usb: new USB bus registered, assigned bus number 1
@@ -329,7 +326,7 @@
 hub 1-0:1.0: USB hub found
 hub 1-0:1.0: 1 port detected
 input: gpio-keys as /devices/soc0/gpio-keys/input/input0
-palmas-rtc 7000d000.i2c:tps65913@58:rtc: setting system clock to 2000-08-27 00:30:42 UTC (967336242)
+palmas-rtc 7000d000.i2c:tps65913@58:rtc: setting system clock to 2000-08-31 22:30:54 UTC (967761054)
 dvdd_ts: disabling
 usb1_vbus: disabling
 vdd_cam_1v8_reg: disabling
@@ -341,4 +338,4 @@
 Freeing unused kernel memory: 2048K (c1100000 - c1300000)
 bash: cannot set terminal process group (-1): Inappropriate ioctl for device
 bash: no job control in this shell
-root@(none):/# [    2.475237] usb 1-1: new high-speed USB device number 2 using tegra-ehci
+root@(none):/# [    2.445146] usb 1-1: new high-speed USB device number 2 using tegra-ehci
Diff for ./tegra114-dalmore-a04/tegra114-dalmore/tegra_defconfig_log.txt
--- /tmp/fooa	2016-11-07 03:13:02.799940208 -0800
+++ /tmp/foob	2016-11-07 03:13:02.799940208 -0800
@@ -39,18 +39,18 @@
 	 ###############################################
 	 2.9 MiB/s
 done
-Bytes transferred = 5452880 (533450 hex)
+Bytes transferred = 5453544 (5336e8 hex)
 Tegra114 (Dalmore) # tftpboot 0x82000000 tegra114-dalmore.dtb
 Using asx0 device
 TFTP from server 192.168.100.1; our IP address is 192.168.100.100
 Filename 'tegra114-dalmore.dtb'.
 Load address: 0x82000000
 Loading: *###
-	 2.6 MiB/s
+	 2.8 MiB/s
 done
 Bytes transferred = 35044 (88e4 hex)
 Tegra114 (Dalmore) # bootz 0x81000000 - 0x82000000
-Kernel image @ 0x81000000 [ 0x000000 - 0x533450 ]
+Kernel image @ 0x81000000 [ 0x000000 - 0x5336e8 ]
 ## Flattened Device Tree blob at 82000000
    Booting using the fdt blob at 0x82000000
    Loading Device Tree to 8fff4000, end 8ffff8e3 ... OK
@@ -59,7 +59,7 @@
 
 Uncompressing Linux... done, booting the kernel.
 Booting Linux on physical CPU 0x0
-Linux version 4.9.0-rc3-127352-ga909d3e (pwalmsley@kaivo) (gcc version 4.7.3 20130328 (prerelease) (crosstool-NG linaro-1.13.1-4.7-2013.04-20130415 - Linaro GCC 2013.04) ) #1 SMP PREEMPT Wed Nov 2 06:03:38 PDT 2016
+Linux version 4.9.0-rc4-127805-gbc33b0c (pwalmsley@kaivo) (gcc version 4.7.3 20130328 (prerelease) (crosstool-NG linaro-1.13.1-4.7-2013.04-20130415 - Linaro GCC 2013.04) ) #1 SMP PREEMPT Mon Nov 7 03:03:44 PST 2016
 CPU: ARMv7 Processor [412fc0f2] revision 2 (ARMv7), cr=10c5387d
 CPU: div instructions available: patching division code
 CPU: PIPT / VIPT nonaliasing data cache, PIPT instruction cache
@@ -132,7 +132,7 @@
 NET: Registered protocol family 16
 DMA: preallocated 256 KiB pool for atomic coherent allocations
 cpuidle: using governor menu
-No ATAGs?[    0.603138] hw-breakpoint: found 5 (+1 reserved) breakpoint and 4 watchpoint registers.
+No ATAGs?[    0.603307] hw-breakpoint: found 5 (+1 reserved) breakpoint and 4 watchpoint registers.
 hw-breakpoint: maximum watchpoint size is 8 bytes.
 tegra-mc 70019000.memory-controller: no memory timings for RAM code 3 registered
 dvdd_ts: Failed to request enable GPIO61: -517
@@ -172,7 +172,6 @@
 random: fast init done
 SMPS9: supplied by vdd-sys-3v3
 sdhci-vdd-sd-slot: Bringing 2840000uV into 2800000-2800000uV
-sdhci-vdd-sd-slot: ramp_delay not set
 LDO1: supplied by vdd-sys-3v3
 LDO2: supplied by vdd-sys-3v3
 LDO3: supplied by vddio-1v8
@@ -180,11 +179,9 @@
 LDO5: supplied by vdd_ac_bat
 LDO6: supplied by vdd-sys-3v3
 vdd-sensor-2v85: Bringing 2900000uV into 2850000-2850000uV
-vdd-sensor-2v85: ramp_delay not set
 LDO7: supplied by vdd-sys-3v3
 LDO8: supplied by vdd-ao
 vdd-rtc: Bringing 675000uV into 900000-900000uV
-vdd-rtc: ramp_delay not set
 LDO9: supplied by sdhci-vdd-sd-slot
 LDOLN: supplied by vdd-sys-5v0
 LDOUSB: supplied by vdd-sys-5v0
@@ -322,7 +319,7 @@
 hub 1-0:1.0: USB hub found
 hub 1-0:1.0: 1 port detected
 input: gpio-keys as /devices/soc0/gpio-keys/input/input1
-palmas-rtc 7000d000.i2c:tps65913@58:rtc: setting system clock to 2000-08-27 00:33:25 UTC (967336405)
+palmas-rtc 7000d000.i2c:tps65913@58:rtc: setting system clock to 2000-08-31 22:33:38 UTC (967761218)
 dvdd_ts: disabling
 usb1_vbus: disabling
 vdd_cam_1v8_reg: disabling
@@ -336,5 +333,5 @@
 Freeing unused kernel memory: 1024K (c0c00000 - c0d00000)
 bash: cannot set terminal process group (-1): Inappropriate ioctl for device
 bash: no job control in this shell
-root@(none):/# [    2.943481] usb 1-1: new high-speed USB device number 2 using tegra-ehci
+root@(none):/# [    2.941825] usb 1-1: new high-speed USB device number 2 using tegra-ehci
 asix 1-1:1.0 eth0: register 'asix' at usb-7d008000.usb-1, ASIX AX88772 USB 2.0 Ethernet, 00:50:b6:0d:b5:16
Diff for ./tegra124-jetson-tk1/tegra124-jetson-tk1/multi_v7_defconfig_log.txt
--- /tmp/fooa	2016-11-07 03:13:02.855940361 -0800
+++ /tmp/foob	2016-11-07 03:13:02.859940372 -0800
@@ -34,20 +34,20 @@
 	 #################################################################
 	 #################################################################
 	 ##########################################
-	 4 MiB/s
+	 3.9 MiB/s
 done
-Bytes transferred = 7284752 (6f2810 hex)
+Bytes transferred = 7287456 (6f32a0 hex)
 Tegra124 (Jetson TK1) # tftpboot 0x83000000 tegra124-jetson-tk1.dtb
 Using eth_rtl8169 device
 TFTP from server 192.168.100.1; our IP address is 192.168.100.102
 Filename 'tegra124-jetson-tk1.dtb'.
 Load address: 0x83000000
 Loading: *#####
-	 4 MiB/s
+	 3.8 MiB/s
 done
 Bytes transferred = 67133 (1063d hex)
 Tegra124 (Jetson TK1) # bootz 0x82000000 - 0x83000000
-Kernel image @ 0x82000000 [ 0x000000 - 0x6f2810 ]
+Kernel image @ 0x82000000 [ 0x000000 - 0x6f32a0 ]
 ## Flattened Device Tree blob at 83000000
    Booting using the fdt blob at 0x83000000
    Using Device Tree in place at 83000000, end 8301363c
@@ -55,7 +55,7 @@
 Starting kernel ...
 
 Booting Linux on physical CPU 0x0
-Linux version 4.9.0-rc3-127352-ga909d3e (pwalmsley@sellafield) (gcc version 4.7.3 20130328 (prerelease) (crosstool-NG linaro-1.13.1-4.7-2013.04-20130415 - Linaro GCC 2013.04) ) #1 SMP Wed Nov 2 06:03:37 PDT 2016
+Linux version 4.9.0-rc4-127805-gbc33b0c (pwalmsley@sellafield) (gcc version 4.7.3 20130328 (prerelease) (crosstool-NG linaro-1.13.1-4.7-2013.04-20130415 - Linaro GCC 2013.04) ) #1 SMP Mon Nov 7 03:03:36 PST 2016
 CPU: ARMv7 Processor [413fc0f3] revision 3 (ARMv7), cr=10c5387d
 CPU: div instructions available: patching division code
 CPU: PIPT / VIPT nonaliasing data cache, PIPT instruction cache
@@ -214,22 +214,17 @@
 as3722-sd2: supplied by +5V_SYS
 as3722-sd3: supplied by +5V_SYS
 +1.35V_LP0(sd3): Bringing 0uV into 1350000-1350000uV
-+1.35V_LP0(sd3): ramp_delay not set
 as3722-sd4: supplied by +5V_SYS
 as3722-sd5: supplied by +5V_SYS
 as3722-ldo0: supplied by +1.35V_LP0(sd2)
 +1.8V_RUN_CAM: Bringing 0uV into 1800000-1800000uV
-+1.8V_RUN_CAM: ramp_delay not set
 as3722-ldo2: supplied by +1.8V_VDDIO
 as3722-ldo3: supplied by +3.3V_SYS
 +1.05V_LP0_VDD_RTC: Bringing 1100000uV into 1000000-1000000uV
-+1.05V_LP0_VDD_RTC: ramp_delay not set
 as3722-ldo4: supplied by +3.3V_SYS
 +2.8V_RUN_CAM: Bringing 0uV into 2800000-2800000uV
-+2.8V_RUN_CAM: ramp_delay not set
 as3722-ldo5: supplied by +1.8V_VDDIO
 +1.2V_RUN_CAM_FRONT: Bringing 0uV into 1200000-1200000uV
-+1.2V_RUN_CAM_FRONT: ramp_delay not set
 +VDDIO_SDMMC3: bypassed regulator has no supply!
 +VDDIO_SDMMC3: failed to get the current voltage(-517)
 as3722-regulator as3722-regulator: regulator 13 register failed -517
@@ -342,16 +337,12 @@
 as3722-ldo6: supplied by +3.3V_RUN
 as3722-ldo7: supplied by +1.8V_VDDIO
 +1.05V_RUN_CAM_REAR: Bringing 0uV into 1050000-1050000uV
-+1.05V_RUN_CAM_REAR: ramp_delay not set
 as3722-ldo9: supplied by +5V_SYS
 +3.3V_RUN_TOUCH: Bringing 0uV into 2800000-2800000uV
-+3.3V_RUN_TOUCH: ramp_delay not set
 as3722-ldo10: supplied by +5V_SYS
 +2.8V_RUN_CAM_AF: Bringing 0uV into 2800000-2800000uV
-+2.8V_RUN_CAM_AF: ramp_delay not set
 as3722-ldo11: supplied by +3.3V_RUN
 +1.8V_RUN_VPP_FUSE: Bringing 0uV into 1800000-1800000uV
-+1.8V_RUN_VPP_FUSE: ramp_delay not set
 tegra-ahci 70027000.sata: AHCI 0001.0301 32 slots 2 ports 3 Gbps 0x1 impl platform mode
 tegra-ahci 70027000.sata: flags: 64bit ncq sntf pm led pio slum part sadm sds apst 
 scsi host0: tegra-ahci
@@ -391,8 +382,8 @@
 pci 0000:01:00.0: PME# supported from D0 D3hot D3cold
 PCI: bus1: Fast back to back transfers disabled
 pci_bus 0000:01: busn_res: [bus 01-ff] end is updated to 01
-ata1: SATA link down (SStatus 0 SControl 300)
 pci 0000:02:00.0: [10ec:8168] type 00 class 0x020000
+ata1: SATA link down (SStatus 0 SControl 300)
 pci 0000:02:00.0: reg 0x10: [io  0x0000-0x00ff]
 pci 0000:02:00.0: reg 0x18: [mem 0x00000000-0x00000fff 64bit]
 pci 0000:02:00.0: reg 0x20: [mem 0x00000000-0x00003fff 64bit pref]
Diff for ./tegra124-jetson-tk1/tegra124-jetson-tk1/tegra_defconfig_log.txt
--- /tmp/fooa	2016-11-07 03:13:02.907940503 -0800
+++ /tmp/foob	2016-11-07 03:13:02.911940514 -0800
@@ -9,7 +9,7 @@
 Model: NVIDIA Jetson TK1
 Board: NVIDIA Jetson TK1
 DRAM:  2 GiB
-MC:   Tegra SD/MMC: 0, Tegra SD/MMC: 1
+MMC:   Tegra SD/MMC: 0, Tegra SD/MMC: 1
 In:    serial
 Out:   serial
 Err:   serial
@@ -32,20 +32,20 @@
 	 #################################################################
 	 #################################################################
 	 ###############################################
-	 945.3 KiB/s
+	 3.9 MiB/s
 done
-Bytes transferred = 5452880 (533450 hex)
+Bytes transferred = 5453544 (5336e8 hex)
 Tegra124 (Jetson TK1) # tftpboot 0x83000000 tegra124-jetson-tk1.dtb
 Using eth_rtl8169 device
 TFTP from server 192.168.100.1; our IP address is 192.168.100.102
 Filename 'tegra124-jetson-tk1.dtb'.
 Load address: 0x83000000
 Loading: *#####
-	 936.5 KiB/s
+	 3.8 MiB/s
 done
 Bytes transferred = 67133 (1063d hex)
 Tegra124 (Jetson TK1) # bootz 0x82000000 - 0x83000000
-Kernel image @ 0x82000000 [ 0x000000 - 0x533450 ]
+Kernel image @ 0x82000000 [ 0x000000 - 0x5336e8 ]
 ## Flattened Device Tree blob at 83000000
    Booting using the fdt blob at 0x83000000
    Using Device Tree in place at 83000000, end 8301363c
@@ -54,7 +54,7 @@
 
 Uncompressing Linux... done, booting the kernel.
 Booting Linux on physical CPU 0x0
-Linux version 4.9.0-rc3-127352-ga909d3e (pwalmsley@kaivo) (gcc version 4.7.3 20130328 (prerelease) (crosstool-NG linaro-1.13.1-4.7-2013.04-20130415 - Linaro GCC 2013.04) ) #1 SMP PREEMPT Wed Nov 2 06:03:38 PDT 2016
+Linux version 4.9.0-rc4-127805-gbc33b0c (pwalmsley@kaivo) (gcc version 4.7.3 20130328 (prerelease) (crosstool-NG linaro-1.13.1-4.7-2013.04-20130415 - Linaro GCC 2013.04) ) #1 SMP PREEMPT Mon Nov 7 03:03:44 PST 2016
 CPU: ARMv7 Processor [413fc0f3] revision 3 (ARMv7), cr=10c5387d
 CPU: div instructions available: patching division code
 CPU: PIPT / VIPT nonaliasing data cache, PIPT instruction cache
@@ -127,7 +127,7 @@
 NET: Registered protocol family 16
 DMA: preallocated 256 KiB pool for atomic coherent allocations
 cpuidle: using governor menu
-No ATAGs?[    0.662119] hw-breakpoint: found 5 (+1 reserved) breakpoint and 4 watchpoint registers.
+No ATAGs?[    0.662250] hw-breakpoint: found 5 (+1 reserved) breakpoint and 4 watchpoint registers.
 hw-breakpoint: maximum watchpoint size is 8 bytes.
 +5V_SYS: supplied by +VDD_MUX
 +3.3V_SYS: supplied by +VDD_MUX
@@ -207,22 +207,17 @@
 as3722-sd2: supplied by +5V_SYS
 as3722-sd3: supplied by +5V_SYS
 +1.35V_LP0(sd3): Bringing 0uV into 1350000-1350000uV
-+1.35V_LP0(sd3): ramp_delay not set
 as3722-sd4: supplied by +5V_SYS
 as3722-sd5: supplied by +5V_SYS
 as3722-ldo0: supplied by +1.35V_LP0(sd2)
 +1.8V_RUN_CAM: Bringing 0uV into 1800000-1800000uV
-+1.8V_RUN_CAM: ramp_delay not set
 as3722-ldo2: supplied by +1.8V_VDDIO
 as3722-ldo3: supplied by +3.3V_SYS
 +1.05V_LP0_VDD_RTC: Bringing 1100000uV into 1000000-1000000uV
-+1.05V_LP0_VDD_RTC: ramp_delay not set
 as3722-ldo4: supplied by +3.3V_SYS
 +2.8V_RUN_CAM: Bringing 0uV into 2800000-2800000uV
-+2.8V_RUN_CAM: ramp_delay not set
 as3722-ldo5: supplied by +1.8V_VDDIO
 +1.2V_RUN_CAM_FRONT: Bringing 0uV into 1200000-1200000uV
-+1.2V_RUN_CAM_FRONT: ramp_delay not set
 +VDDIO_SDMMC3: bypassed regulator has no supply!
 +VDDIO_SDMMC3: failed to get the current voltage(-517)
 as3722-regulator as3722-regulator: regulator 13 register failed -517
@@ -340,16 +335,12 @@
 as3722-ldo6: supplied by +3.3V_RUN
 as3722-ldo7: supplied by +1.8V_VDDIO
 +1.05V_RUN_CAM_REAR: Bringing 0uV into 1050000-1050000uV
-+1.05V_RUN_CAM_REAR: ramp_delay not set
 as3722-ldo9: supplied by +5V_SYS
 +3.3V_RUN_TOUCH: Bringing 0uV into 2800000-2800000uV
-+3.3V_RUN_TOUCH: ramp_delay not set
 as3722-ldo10: supplied by +5V_SYS
 +2.8V_RUN_CAM_AF: Bringing 0uV into 2800000-2800000uV
-+2.8V_RUN_CAM_AF: ramp_delay not set
 as3722-ldo11: supplied by +3.3V_RUN
 +1.8V_RUN_VPP_FUSE: Bringing 0uV into 1800000-1800000uV
-+1.8V_RUN_VPP_FUSE: ramp_delay not set
 tegra-ahci 70027000.sata: AHCI 0001.0301 32 slots 2 ports 3 Gbps 0x1 impl platform mode
 tegra-ahci 70027000.sata: flags: 64bit ncq sntf pm led pio slum part sadm sds apst 
 scsi host0: tegra-ahci
@@ -419,7 +410,6 @@
 pci 0000:01:00.0: BAR 0: assigned [mem 0x13000000-0x13001fff 64bit]
 pci 0000:00:01.0: PCI bridge to [bus 01]
 pci 0000:00:01.0:   bridge window [mem 0x13000000-0x130fffff]
- mmcblk1: p1 p2 p3
 pci 0000:02:00.0: BAR 4: assigned [mem 0x20000000-0x20003fff 64bit pref]
 pci 0000:02:00.0: BAR 2: assigned [mem 0x13100000-0x13100fff 64bit]
 pci 0000:02:00.0: BAR 0: assigned [io  0x1000-0x10ff]
@@ -427,6 +417,7 @@
 pci 0000:00:02.0:   bridge window [io  0x1000-0x1fff]
 pci 0000:00:02.0:   bridge window [mem 0x13100000-0x131fffff]
 pci 0000:00:02.0:   bridge window [mem 0x20000000-0x200fffff 64bit pref]
+ mmcblk1: p1 p2 p3
 pci 0000:00:01.0: nv_msi_ht_cap_quirk didn't locate host bridge
 pcieport 0000:00:01.0: enabling device (0140 -> 0142)
 pcieport 0000:00:01.0: Signaling PME through PCIe PME interrupt
@@ -451,7 +442,7 @@
 cpufreq: cpufreq_online: CPU0: Running at unlisted freq: 696000 KHz
 cpufreq: cpufreq_online: CPU0: Unlisted initial frequency changed to: 714000 KHz
 input: gpio-keys as /devices/soc0/gpio-keys/input/input2
-as3722-rtc as3722-rtc: setting system clock to 2000-01-01 00:01:31 UTC (946684891)
+as3722-rtc as3722-rtc: setting system clock to 2000-01-01 00:01:38 UTC (946684898)
 +USB0_VBUS_SW: disabling
 +1.8V_RUN_CAM: disabling
 +2.8V_RUN_CAM: disabling
Diff for ./tegra124-nyan-big/tegra124-nyan-big/multi_v7_defconfig_log.txt
--- /tmp/fooa	2016-11-07 03:13:02.947940612 -0800
+++ /tmp/foob	2016-11-07 03:13:02.951940624 -0800
@@ -5,7 +5,7 @@
 TEGRA124
 Model: Acer Chromebook 13 CB5-311
 DRAM:  4 GiB
-C:   Tegra SD/MMC: 0, Tegra SD/MMC: 1, Tegra SD/MMC: 2
+:   Tegra SD/MMC: 0, Tegra SD/MMC: 1, Tegra SD/MMC: 2
 MMC init failed
 Using default environment
 
@@ -14,7 +14,7 @@
 Err:   serial
 Net:   Net Initialization Skipped
 No ethernet found.
-Hit any key to stop autoboot:  2  1  0 
+Hit any key to stop autoboot:  2  0 
 Tegra124 (Nyan-big) # 
 Tegra124 (Nyan-big) # usb start
 starting USB...
@@ -42,20 +42,20 @@
 	 #################################################################
 	 #################################################################
 	 ##########################################
-	 3.6 MiB/s
+	 3.2 MiB/s
 done
-Bytes transferred = 7284752 (6f2810 hex)
+Bytes transferred = 7287456 (6f32a0 hex)
 Tegra124 (Nyan-big) # tftpboot 0x83000000 tegra124-nyan-big.dtb
 Using asx0 device
 TFTP from server 192.168.100.1; our IP address is 192.168.100.102
 Filename 'tegra124-nyan-big.dtb'.
 Load address: 0x83000000
 Loading: *#####
-	 2.8 MiB/s
+	 2.9 MiB/s
 done
 Bytes transferred = 67899 (1093b hex)
 Tegra124 (Nyan-big) # bootz 0x82000000 - 0x83000000
-Kernel image @ 0x82000000 [ 0x000000 - 0x6f2810 ]
+Kernel image @ 0x82000000 [ 0x000000 - 0x6f32a0 ]
 ## Flattened Device Tree blob at 83000000
    Booting using the fdt blob at 0x83000000
    Using Device Tree in place at 83000000, end 8301393a
@@ -63,7 +63,7 @@
 Starting kernel ...
 
 Booting Linux on physical CPU 0x0
-Linux version 4.9.0-rc3-127352-ga909d3e (pwalmsley@sellafield) (gcc version 4.7.3 20130328 (prerelease) (crosstool-NG linaro-1.13.1-4.7-2013.04-20130415 - Linaro GCC 2013.04) ) #1 SMP Wed Nov 2 06:03:37 PDT 2016
+Linux version 4.9.0-rc4-127805-gbc33b0c (pwalmsley@sellafield) (gcc version 4.7.3 20130328 (prerelease) (crosstool-NG linaro-1.13.1-4.7-2013.04-20130415 - Linaro GCC 2013.04) ) #1 SMP Mon Nov 7 03:03:36 PST 2016
 CPU: ARMv7 Processor [413fc0f3] revision 3 (ARMv7), cr=10c5387d
 CPU: div instructions available: patching division code
 CPU: PIPT / VIPT nonaliasing data cache, PIPT instruction cache
@@ -220,37 +220,26 @@
 as3722-sd2: supplied by +5V_SYS
 as3722-sd3: supplied by +5V_SYS
 +1.35V_LP0(sd3): Bringing 0uV into 1350000-1350000uV
-+1.35V_LP0(sd3): ramp_delay not set
 as3722-sd4: supplied by +5V_SYS
 +1.05V_RUN: Bringing 0uV into 1050000-1050000uV
-+1.05V_RUN: ramp_delay not set
 as3722-sd5: supplied by +5V_SYS
 as3722-ldo0: supplied by +1.35V_LP0(sd2)
 +1.8V_RUN_CAM: Bringing 0uV into 1800000-1800000uV
-+1.8V_RUN_CAM: ramp_delay not set
 as3722-ldo2: supplied by +1.8V_VDDIO
 as3722-ldo3: supplied by +3.3V_SYS
 +1.00V_LP0_VDD_RTC: Bringing 1100000uV into 1000000-1000000uV
-+1.00V_LP0_VDD_RTC: ramp_delay not set
 as3722-ldo4: supplied by +3.3V_SYS
 +3.3V_RUN_CAM: Bringing 0uV into 2800000-2800000uV
-+3.3V_RUN_CAM: ramp_delay not set
 as3722-ldo5: supplied by +1.8V_VDDIO
 +1.2V_RUN_CAM_FRONT: Bringing 0uV into 1200000-1200000uV
-+1.2V_RUN_CAM_FRONT: ramp_delay not set
 +VDDIO_SDMMC3: Bringing 0uV into 1800000-1800000uV
-+VDDIO_SDMMC3: ramp_delay not set
 as3722-ldo7: supplied by +1.8V_VDDIO
 +1.05V_RUN_CAM_REAR: Bringing 0uV into 1050000-1050000uV
-+1.05V_RUN_CAM_REAR: ramp_delay not set
 as3722-ldo9: supplied by +5V_SYS
 +2.8V_RUN_TOUCH: Bringing 0uV into 2800000-2800000uV
-+2.8V_RUN_TOUCH: ramp_delay not set
 as3722-ldo10: supplied by +5V_SYS
 +2.8V_RUN_CAM_AF: Bringing 0uV into 2800000-2800000uV
-+2.8V_RUN_CAM_AF: ramp_delay not set
 +1.8V_RUN_VPP_FUSE: Bringing 0uV into 1800000-1800000uV
-+1.8V_RUN_VPP_FUSE: ramp_delay not set
 random: fast init done
 m25p80 spi32765.0: w25q32dw (4096 Kbytes)
 libphy: Fixed MDIO Bus: probed
@@ -331,31 +320,29 @@
 +5V_USB_SS: supplied by +5V_SYS
 +3.3V_PANEL: supplied by +3.3V_RUN
 +3.3V_LP0: supplied by +3.3V_SYS
++1.05V_RUN_AVDD_HDMI_PLL: supplied by +1.05V_RUN
 mmc0: new high speed MMC card at address 0001
 mmcblk0: mmc0:0001 MMC16G 14.4 GiB 
 mmcblk0boot0: mmc0:0001 MMC16G partition 1 2.00 MiB
 mmcblk0boot1: mmc0:0001 MMC16G partition 2 2.00 MiB
 mmcblk0rpmb: mmc0:0001 MMC16G partition 3 128 KiB
  mmcblk0: p1 p2 p3 p4 p5 p6 p7 p8 p9 p10 p11 p12
-+1.05V_RUN_AVDD_HDMI_PLL: supplied by +1.05V_RUN
-elan_i2c 1-0015: failed to read report data: -121
-elan_i2c 1-0015: failed to read report data: -121
 +5V_HDMI_CON: supplied by +5V_SYS
 usb3-0 supply vbus not found, using dummy regulator
 usb3-1 supply vbus not found, using dummy regulator
+elan_i2c 1-0015: failed to read report data: -121
 tegra-sor 54540000.sor: failed to probe output: -517
 panel supply power not found, using dummy regulator
 sdhci-tegra 700b0000.sdhci: allocated mmc-pwrseq
 mmc1: Unknown controller version (3). You may experience problems.
 mmc1: Invalid maximum block size, assuming 512 bytes
 mmc1: Switching to 3.3V signalling voltage failed
+elan_i2c 1-0015: invalid report id data (ff)
 mmc1: SDHCI controller on 700b0000.sdhci [700b0000.sdhci] using ADMA
 sdhci-tegra 700b0400.sdhci: Got CD GPIO
 sdhci-tegra 700b0400.sdhci: Got WP GPIO
 mmc2: Unknown controller version (3). You may experience problems.
 mmc2: Invalid maximum block size, assuming 512 bytes
-+VDDIO_SDMMC3: ramp_delay not set
-elan_i2c 1-0015: invalid report id data (ff)
 mmc1: new high speed SDIO card at address 0001
 mmc2: SDHCI controller on 700b0400.sdhci [700b0400.sdhci] using ADMA
 [drm] Supports vblank timestamp caching Rev 2 (21.10.2013).
@@ -372,7 +359,7 @@
 drm drm: fb0:  frame buffer device
 [drm] Initialized tegra 0.0.0 20120330 on minor 0
 input: gpio-keys as /devices/soc0/gpio-keys/input/input1
-as3722-rtc as3722-rtc: setting system clock to 2000-01-01 21:40:55 UTC (946762855)
+as3722-rtc as3722-rtc: setting system clock to 2000-01-01 00:00:23 UTC (946684823)
 +1.8V_RUN_CAM: disabling
 +3.3V_RUN_CAM: disabling
 +1.2V_RUN_CAM_FRONT: disabling
Diff for ./tegra124-nyan-big/tegra124-nyan-big/tegra_defconfig_log.txt
--- /tmp/fooa	2016-11-07 03:13:02.975940689 -0800
+++ /tmp/foob	2016-11-07 03:13:02.975940689 -0800
@@ -5,7 +5,7 @@
 TEGRA124
 Model: Acer Chromebook 13 CB5-311
 DRAM:  4 GiB
-:   Tegra SD/MMC: 0, Tegra SD/MMC: 1, Tegra SD/MMC: 2
+C:   Tegra SD/MMC: 0, Tegra SD/MMC: 1, Tegra SD/MMC: 2
 MMC init failed
 Using default environment
 
@@ -14,7 +14,7 @@
 Err:   serial
 Net:   Net Initialization Skipped
 No ethernet found.
-Hit any key to stop autoboot:  2  0 
+Hit any key to stop autoboot:  2  1  0 
 Tegra124 (Nyan-big) # 
 Tegra124 (Nyan-big) # usb start
 starting USB...
@@ -40,20 +40,20 @@
 	 #################################################################
 	 #################################################################
 	 ###############################################
-	 3.6 MiB/s
+	 3.5 MiB/s
 done
-Bytes transferred = 5452880 (533450 hex)
+Bytes transferred = 5453544 (5336e8 hex)
 Tegra124 (Nyan-big) # tftpboot 0x83000000 tegra124-nyan-big.dtb
 Using asx0 device
 TFTP from server 192.168.100.1; our IP address is 192.168.100.102
 Filename 'tegra124-nyan-big.dtb'.
 Load address: 0x83000000
 Loading: *#####
-	 2.7 MiB/s
+	 3.4 MiB/s
 done
 Bytes transferred = 67899 (1093b hex)
 Tegra124 (Nyan-big) # bootz 0x82000000 - 0x83000000
-Kernel image @ 0x82000000 [ 0x000000 - 0x533450 ]
+Kernel image @ 0x82000000 [ 0x000000 - 0x5336e8 ]
 ## Flattened Device Tree blob at 83000000
    Booting using the fdt blob at 0x83000000
    Using Device Tree in place at 83000000, end 8301393a
@@ -62,7 +62,7 @@
 
 Uncompressing Linux... done, booting the kernel.
 Booting Linux on physical CPU 0x0
-Linux version 4.9.0-rc3-127352-ga909d3e (pwalmsley@kaivo) (gcc version 4.7.3 20130328 (prerelease) (crosstool-NG linaro-1.13.1-4.7-2013.04-20130415 - Linaro GCC 2013.04) ) #1 SMP PREEMPT Wed Nov 2 06:03:38 PDT 2016
+Linux version 4.9.0-rc4-127805-gbc33b0c (pwalmsley@kaivo) (gcc version 4.7.3 20130328 (prerelease) (crosstool-NG linaro-1.13.1-4.7-2013.04-20130415 - Linaro GCC 2013.04) ) #1 SMP PREEMPT Mon Nov 7 03:03:44 PST 2016
 CPU: ARMv7 Processor [413fc0f3] revision 3 (ARMv7), cr=10c5387d
 CPU: div instructions available: patching division code
 CPU: PIPT / VIPT nonaliasing data cache, PIPT instruction cache
@@ -136,7 +136,7 @@
 NET: Registered protocol family 16
 DMA: preallocated 256 KiB pool for atomic coherent allocations
 cpuidle: using governor menu
-No ATAGs?[    0.576678] hw-breakpoint: found 5 (+1 reserved) breakpoint and 4 watchpoint registers.
+No ATAGs?[    0.576712] hw-breakpoint: found 5 (+1 reserved) breakpoint and 4 watchpoint registers.
 hw-breakpoint: maximum watchpoint size is 8 bytes.
 tegra-mc 70019000.memory-controller: no memory timings for RAM code 0 registered
 +5V_SYS: supplied by +VDD_MUX
@@ -213,37 +213,26 @@
 as3722-sd2: supplied by +5V_SYS
 as3722-sd3: supplied by +5V_SYS
 +1.35V_LP0(sd3): Bringing 0uV into 1350000-1350000uV
-+1.35V_LP0(sd3): ramp_delay not set
 as3722-sd4: supplied by +5V_SYS
 +1.05V_RUN: Bringing 0uV into 1050000-1050000uV
-+1.05V_RUN: ramp_delay not set
 as3722-sd5: supplied by +5V_SYS
 as3722-ldo0: supplied by +1.35V_LP0(sd2)
 +1.8V_RUN_CAM: Bringing 0uV into 1800000-1800000uV
-+1.8V_RUN_CAM: ramp_delay not set
 as3722-ldo2: supplied by +1.8V_VDDIO
 as3722-ldo3: supplied by +3.3V_SYS
 +1.00V_LP0_VDD_RTC: Bringing 1100000uV into 1000000-1000000uV
-+1.00V_LP0_VDD_RTC: ramp_delay not set
 as3722-ldo4: supplied by +3.3V_SYS
 +3.3V_RUN_CAM: Bringing 0uV into 2800000-2800000uV
-+3.3V_RUN_CAM: ramp_delay not set
 as3722-ldo5: supplied by +1.8V_VDDIO
 +1.2V_RUN_CAM_FRONT: Bringing 0uV into 1200000-1200000uV
-+1.2V_RUN_CAM_FRONT: ramp_delay not set
 +VDDIO_SDMMC3: Bringing 0uV into 1800000-1800000uV
-+VDDIO_SDMMC3: ramp_delay not set
 as3722-ldo7: supplied by +1.8V_VDDIO
 +1.05V_RUN_CAM_REAR: Bringing 0uV into 1050000-1050000uV
-+1.05V_RUN_CAM_REAR: ramp_delay not set
 as3722-ldo9: supplied by +5V_SYS
 +2.8V_RUN_TOUCH: Bringing 0uV into 2800000-2800000uV
-+2.8V_RUN_TOUCH: ramp_delay not set
 as3722-ldo10: supplied by +5V_SYS
 +2.8V_RUN_CAM_AF: Bringing 0uV into 2800000-2800000uV
-+2.8V_RUN_CAM_AF: ramp_delay not set
 +1.8V_RUN_VPP_FUSE: Bringing 0uV into 1800000-1800000uV
-+1.8V_RUN_VPP_FUSE: ramp_delay not set
 cros-ec-spi spi32766.0: Chrome EC device registered
 random: fast init done
 m25p80 spi32765.0: w25q32dw (4096 Kbytes)
@@ -360,13 +349,12 @@
 sdhci-tegra 700b0400.sdhci: Got WP GPIO
 mmc2: Unknown controller version (3). You may experience problems.
 mmc2: Invalid maximum block size, assuming 512 bytes
-+VDDIO_SDMMC3: ramp_delay not set
 mmc1: new high speed SDIO card at address 0001
 mmc2: SDHCI controller on 700b0400.sdhci [700b0400.sdhci] using ADMA
 [drm] Supports vblank timestamp caching Rev 2 (21.10.2013).
 [drm] No driver support for vblank timestamp query.
-input: tegra-hda HDMI/DP,pcm=3 as /devices/soc0/70030000.hda/sound/card0/input3
 usb 1-2: new high-speed USB device number 2 using tegra-xusb
+input: tegra-hda HDMI/DP,pcm=3 as /devices/soc0/70030000.hda/sound/card0/input3
 mmc2: new high speed SDHC card at address 0007
 mmcblk2: mmc2:0007 SD08G 7.42 GiB 
 GPT:Primary header alternate_lba != Alt. header my_lba
@@ -379,7 +367,7 @@
 drm drm: fb0:  frame buffer device
 [drm] Initialized tegra 0.0.0 20120330 on minor 0
 input: gpio-keys as /devices/soc0/gpio-keys/input/input4
-as3722-rtc as3722-rtc: setting system clock to 2000-01-01 21:40:16 UTC (946762816)
+as3722-rtc as3722-rtc: setting system clock to 2000-01-01 00:00:23 UTC (946684823)
 +1.8V_RUN_CAM: disabling
 +1.2V_RUN_CAM_FRONT: disabling
 +1.05V_RUN_CAM_REAR: disabling
@@ -398,6 +386,7 @@
 VFS: Mounted root (ext4 filesystem) on device 179:3.
 devtmpfs: mounted
 Freeing unused kernel memory: 1024K (c0c00000 - c0d00000)
+usb 1-3: new high-speed USB device number 3 using tegra-xusb
 bash: cannot set terminal process group (-1): Inappropriate ioctl for device
 bash: no job control in this shell
-root@(none):/# [    3.093251] usb 1-3: new high-speed USB device number 3 using tegra-xusb
+root@(none):/# 
\ No newline at end of file
Diff for ./tegra132-norrin/tegra132-norrin/defconfig_log.txt
--- /tmp/fooa	2016-11-07 03:13:03.007940777 -0800
+++ /tmp/foob	2016-11-07 03:13:03.007940777 -0800
@@ -31,7 +31,7 @@
 MSENC clock is set to  79200 KHz
 Vde clock is set to 204000 KHz
 
-Bootloader-Cpu Init at (time stamp): 1801534 us
+Bootloader-Cpu Init at (time stamp): 1801472 us
 
 Pinmux changes applied in kernel way
 
@@ -62,20 +62,20 @@
 Board Id Read Time: 3 us
 Power Rail enable Time: 1 us
 
-Miscellaneous avp time: 1801508  us
-Bootloader (AosInit) time: 733473 us
-Bootloader Main Init time: 180205 us
-BlockDevMgrInit time: 157526 us
+Miscellaneous avp time: 1801446  us
+Bootloader (AosInit) time: 733556 us
+Bootloader Main Init time: 180123 us
+BlockDevMgrInit time: 157574 us
 PartMgrInit time: 8 us
 StorMgrInit time: 30 us
 FsMgrInit time: 2 us
-Partition Table load: 77089 us 
-Display init time: 574452 us
+Partition Table load: 77062 us 
+Display init time: 574360 us
 Kernel read time: 378 msec
 Load Kernel Size:   16304128 Bytes
 Bl Kernel ReadSpeed: 43132000 Bytes/sec
-Pre-Kernel Jump time: 1740671 us
-Clearing 32 Bit State and Warm resetting to 64bit mode: 5845757 us
+Pre-Kernel Jump time: 1740458 us
+Clearing 32 Bit State and Warm resetting to 64bit mode: 5845609 us
 Booting Linux on physical CPU 0x0
 Linux version 4.8.0-239303-g3477d16 (pwalmsley@tamien) (gcc version 4.9.2 20140904 (prerelease) (crosstool-NG linaro-1.13.1-4.9-2014.09 - Linaro GCC 4.9-2014.09) ) #1 SMP PREEMPT Fri Oct 7 01:12:37 PDT 2016
 Boot CPU: AArch64 Processor [4e0f0000]
@@ -184,7 +184,7 @@
 kvm [1]: HYP mode not available
 futex hash table entries: 256 (order: 3, 32768 bytes)
 audit: initializing netlink subsys (disabled)
-audit: type=2000 audit(1.135:1): initialized
+audit: type=2000 audit(1.163:1): initialized
 workingset: timestamp_bits=46 max_order=19 bucket_order=0
 squashfs: version 4.0 (2009/01/31) Phillip Lougher
 NFS: Registering the id_resolver key type
@@ -251,10 +251,9 @@
 mmc0: new high speed MMC card at address 0001
 mmcblk0: mmc0:0001 SEM16G 14.7 GiB 
 mmcblk0boot0: mmc0:0001 SEM16G partition 1 4.00 MiB
-mmcblk0boot1: mmc0:0001 SEM16G partition 2 4.00 MiB
 +VDD_LED: supplied by +VDD_MUX
+mmcblk0boot1: mmc0:0001 SEM16G partition 2 4.00 MiB
 mmcblk0rpmb: mmc0:0001 SEM16G partition 3 4.00 MiB
- mmcblk0: p1 p2 p3 p4 p5 p6 p7 p8
 +5V_USB_HS: supplied by +5V_SYS
 +5V_USB_SS: supplied by +5V_SYS
 +5V_HDMI_CON: supplied by +5V_SYS
@@ -273,6 +272,9 @@
 Freeing unused kernel memory: 960K (ffff800000c00000 - ffff800000cf0000)
 sdhci-tegra 700b0400.sdhci: Got CD GPIO
 sdhci-tegra 700b0400.sdhci: Got WP GPIO
+ mmcblk0: p1 p2 p3 p4 p5 p6 p7 p8
+sdhci-tegra 700b0400.sdhci: Got CD GPIO
+sdhci-tegra 700b0400.sdhci: Got WP GPIO
 
 System initialization...
 
Diff for ./tegra20-trimslice/tegra20-trimslice/multi_v7_defconfig_log.txt
--- /tmp/fooa	2016-11-07 03:13:03.039940864 -0800
+++ /tmp/foob	2016-11-07 03:13:03.043940875 -0800
@@ -19,7 +19,7 @@
 Out:   serial
 Err:   serial
 Net:   RTL8169#0
-Hit any key to stop autoboot:  2  0 
+Hit any key to stop autoboot:  2  1  0 
 Tegra20 (TrimSlice) # 
 Tegra20 (TrimSlice) # usb reset
 resetting USB...
@@ -49,7 +49,7 @@
 	 ##########################################
 	 4 MiB/s
 done
-Bytes transferred = 7284752 (6f2810 hex)
+Bytes transferred = 7287456 (6f32a0 hex)
 Tegra20 (TrimSlice) # tftpboot 0x02408000 tegra20-trimslice.dtb
 Using RTL8169#0 device
 TFTP from server 192.168.100.1; our IP address is 192.168.100.103
@@ -60,7 +60,7 @@
 done
 Bytes transferred = 21172 (52b4 hex)
 Tegra20 (TrimSlice) # bootz 0x00408000 - 0x02408000
-Kernel image @ 0x408000 [ 0x000000 - 0x6f2810 ]
+Kernel image @ 0x408000 [ 0x000000 - 0x6f32a0 ]
 ## Flattened Device Tree blob at 02408000
    Booting using the fdt blob at 0x2408000
    Using Device Tree in place at 02408000, end 024102b3
@@ -68,7 +68,7 @@
 Starting kernel ...
 
 Booting Linux on physical CPU 0x0
-Linux version 4.9.0-rc3-127352-ga909d3e (pwalmsley@sellafield) (gcc version 4.7.3 20130328 (prerelease) (crosstool-NG linaro-1.13.1-4.7-2013.04-20130415 - Linaro GCC 2013.04) ) #1 SMP Wed Nov 2 06:03:37 PDT 2016
+Linux version 4.9.0-rc4-127805-gbc33b0c (pwalmsley@sellafield) (gcc version 4.7.3 20130328 (prerelease) (crosstool-NG linaro-1.13.1-4.7-2013.04-20130415 - Linaro GCC 2013.04) ) #1 SMP Mon Nov 7 03:03:36 PST 2016
 CPU: ARMv7 Processor [411fc090] revision 0 (ARMv7), cr=10c5387d
 CPU: PIPT / VIPT nonaliasing data cache, VIPT aliasing instruction cache
 OF: fdt:Machine model: Compulab TrimSlice board
@@ -327,28 +327,27 @@
 tegra-ehci c5000000.usb: irq 288, io mem 0xc5000000
 usb 1-1: new high-speed USB device number 2 using tegra-ehci
 mmc0: host does not support reading read-only switch, assuming write-enable
-tegra-ehci c5000000.usb: USB 2.0 started, EHCI 1.00
-mmc1: new high speed SD card at address b368
 mmc0: new high speed SDHC card at address b368
+mmcblk0: mmc0:b368 NCard 3.70 GiB 
+ mmcblk0: p1
+mmc1: new high speed SD card at address b368
 mmcblk1: mmc1:b368 NCard 1.83 GiB (ro)
+ mmcblk1: p1 p2
+tegra-ehci c5000000.usb: USB 2.0 started, EHCI 1.00
 hub 2-0:1.0: USB hub found
 hub 2-0:1.0: 1 port detected
-mmcblk0: mmc0:b368 NCard 3.70 GiB 
 input: gpio-keys as /devices/soc0/gpio-keys/input/input0
- mmcblk0: p1
-rtc-em3027 2-0056: setting system clock to 2015-02-05 21:14:04 UTC (1423170844)
- mmcblk1: p1 p2
-EXT4-fs (mmcblk0p1): mounting ext3 file system using the ext4 subsystem
 hub 1-1:1.0: USB hub found
 hub 1-1:1.0: 4 ports detected
-usb 1-1.2: new high-speed USB device number 3 using tegra-ehci
-random: fast init done
-asix 1-1.2:1.0 eth1: register 'asix' at usb-c5008000.usb-1.2, ASIX AX88772 USB 2.0 Ethernet, 00:60:6e:60:6c:68
+rtc-em3027 2-0056: setting system clock to 2015-02-05 22:05:03 UTC (1423173903)
+EXT4-fs (mmcblk0p1): mounting ext3 file system using the ext4 subsystem
 EXT4-fs (mmcblk0p1): recovery complete
 EXT4-fs (mmcblk0p1): mounted filesystem with ordered data mode. Opts: (null)
-VFS: Mounted root (ext3 filesystem) on device 179:17.
+VFS: Mounted root (ext3 filesystem) on device 179:1.
 devtmpfs: mounted
 Freeing unused kernel memory: 2048K (c1100000 - c1300000)
+random: fast init done
+usb 1-1.2: new high-speed USB device number 3 using tegra-ehci
 bash: cannot set terminal process group (-1): Inappropriate ioctl for device
 bash: no job control in this shell
-root@(none):/# 
\ No newline at end of file
+root@(none):/# [    3.016679] asix 1-1.2:1.0 eth1: register 'asix' at usb-c5008000.usb-1.2, ASIX AX88772 USB 2.0 Ethernet, 00:60:6e:60:6c:68
Diff for ./tegra20-trimslice/tegra20-trimslice/tegra_defconfig_log.txt
--- /tmp/fooa	2016-11-07 03:13:03.083940985 -0800
+++ /tmp/foob	2016-11-07 03:13:03.083940985 -0800
@@ -47,18 +47,18 @@
 	 ###############################################
 	 4 MiB/s
 done
-Bytes transferred = 5452880 (533450 hex)
+Bytes transferred = 5453544 (5336e8 hex)
 Tegra20 (TrimSlice) # tftpboot 0x02408000 tegra20-trimslice.dtb
 Using RTL8169#0 device
 TFTP from server 192.168.100.1; our IP address is 192.168.100.103
 Filename 'tegra20-trimslice.dtb'.
 Load address: 0x2408000
 Loading: *##
-	 2.9 MiB/s
+	 3.4 MiB/s
 done
 Bytes transferred = 21172 (52b4 hex)
 Tegra20 (TrimSlice) # bootz 0x00408000 - 0x02408000
-Kernel image @ 0x408000 [ 0x000000 - 0x533450 ]
+Kernel image @ 0x408000 [ 0x000000 - 0x5336e8 ]
 ## Flattened Device Tree blob at 02408000
    Booting using the fdt blob at 0x2408000
    Using Device Tree in place at 02408000, end 024102b3
@@ -67,7 +67,7 @@
 
 Uncompressing Linux... done, booting the kernel.
 Booting Linux on physical CPU 0x0
-Linux version 4.9.0-rc3-127352-ga909d3e (pwalmsley@kaivo) (gcc version 4.7.3 20130328 (prerelease) (crosstool-NG linaro-1.13.1-4.7-2013.04-20130415 - Linaro GCC 2013.04) ) #1 SMP PREEMPT Wed Nov 2 06:03:38 PDT 2016
+Linux version 4.9.0-rc4-127805-gbc33b0c (pwalmsley@kaivo) (gcc version 4.7.3 20130328 (prerelease) (crosstool-NG linaro-1.13.1-4.7-2013.04-20130415 - Linaro GCC 2013.04) ) #1 SMP PREEMPT Mon Nov 7 03:03:44 PST 2016
 CPU: ARMv7 Processor [411fc090] revision 0 (ARMv7), cr=10c5387d
 CPU: PIPT / VIPT nonaliasing data cache, VIPT aliasing instruction cache
 OF: fdt:Machine model: Compulab TrimSlice board
@@ -138,7 +138,7 @@
 NET: Registered protocol family 16
 DMA: preallocated 256 KiB pool for atomic coherent allocations
 cpuidle: using governor menu
-No ATAGs?[    0.384255] hw-breakpoint: found 5 (+1 reserved) breakpoint and 1 watchpoint registers.
+No ATAGs?[    0.384069] hw-breakpoint: found 5 (+1 reserved) breakpoint and 1 watchpoint registers.
 hw-breakpoint: maximum watchpoint size is 4 bytes.
 usb1_vbus: Failed to request enable GPIO170: -517
 reg-fixed-voltage regulators:regulator@2: Failed to register regulator: -517
@@ -309,10 +309,10 @@
 mmc0: host does not support reading read-only switch, assuming write-enable
 mmc0: new high speed SDHC card at address b368
 mmcblk0: mmc0:b368 NCard 3.70 GiB 
- mmcblk0: p1
-mmc1: new high speed SD card at address b368
 mip6: Mobile IPv6
+ mmcblk0: p1
 sit: IPv6, IPv4 and MPLS over IPv4 tunneling driver
+mmc1: new high speed SD card at address b368
 mmcblk1: mmc1:b368 NCard 1.83 GiB (ro)
 NET: Registered protocol family 17
 NET: Registered protocol family 15
@@ -333,25 +333,25 @@
 tegra-ehci c5000000.usb: EHCI Host Controller
 tegra-ehci c5000000.usb: new USB bus registered, assigned bus number 2
 tegra-ehci c5000000.usb: irq 288, io mem 0xc5000000
-tegra-ehci c5000000.usb: USB 2.0 started, EHCI 1.00
  mmcblk1: p1 p2
+tegra-ehci c5000000.usb: USB 2.0 started, EHCI 1.00
 hub 2-0:1.0: USB hub found
 hub 2-0:1.0: 1 port detected
 input: gpio-keys as /devices/soc0/gpio-keys/input/input0
+rtc-em3027 2-0056: setting system clock to 2015-02-05 22:06:34 UTC (1423173994)
+ALSA device list:
 hub 1-1:1.0: USB hub found
 hub 1-1:1.0: 4 ports detected
-rtc-em3027 2-0056: setting system clock to 2015-02-05 21:15:34 UTC (1423170934)
-ALSA device list:
   #0: tegra-trimslice
 EXT4-fs (mmcblk0p1): mounting ext3 file system using the ext4 subsystem
 usb 1-1.2: new high-speed USB device number 3 using tegra-ehci
 random: fast init done
-asix 1-1.2:1.0 eth1: register 'asix' at usb-c5008000.usb-1.2, ASIX AX88772 USB 2.0 Ethernet, 00:60:6e:60:6c:68
 EXT4-fs (mmcblk0p1): recovery complete
 EXT4-fs (mmcblk0p1): mounted filesystem with ordered data mode. Opts: (null)
 VFS: Mounted root (ext3 filesystem) on device 179:1.
 devtmpfs: mounted
 Freeing unused kernel memory: 1024K (c0c00000 - c0d00000)
+asix 1-1.2:1.0 eth1: register 'asix' at usb-c5008000.usb-1.2, ASIX AX88772 USB 2.0 Ethernet, 00:60:6e:60:6c:68
 bash: cannot set terminal process group (-1): Inappropriate ioctl for device
 bash: no job control in this shell
 root@(none):/# 
\ No newline at end of file
Diff for ./tegra210-p2371-0000/tegra210-p2371-0000/defconfig_log.txt
--- /tmp/fooa	2016-11-07 03:13:03.111941062 -0800
+++ /tmp/foob	2016-11-07 03:13:03.115941073 -0800
@@ -64,17 +64,17 @@
 Loading and Validation of Secure OS Successful
 NvTbootPackSdramParams: start. 
 NvTbootPackSdramParams: done. 
-Tegraboot started after 905173 us
-Basic modules init took 348581 us
+Tegraboot started after 754449 us
+Basic modules init took 348848 us
 Sec Bootdevice Read Time = 203 ms, Read Size = 8459 KB
-Next stage binary read took 14611 us
-Carveout took 253318 us
-CPU initialization took 92308 us
-Total time taken by TegraBoot 708818 us
+Next stage binary read took 14368 us
+Carveout took 253001 us
+CPU initialization took 93002 us
+Total time taken by TegraBoot 709219 us
 
 Starting CPU & Halting co-processor 
 
-64b[0001.741] LPDDR4 Training: Number of tables = 10
+64b[0001.594] LPDDR4 Training: Number of tables = 10
 EMC Training (SRC-freq: 204000; DST-freq: 408000)
 EMC Training Successful
 EMC Training (SRC-freq: 204000; DST-freq: 665600)
@@ -108,7 +108,7 @@
 Tegra210 (P2371-0000) # 
 Tegra210 (P2371-0000) # ums 0 mmc 0
 UMS: disk start sector: 0x0, count: 0x1d5a000
-|/-\|/-\/-\|/-\/-\|/-\/-\|/-\/-\|/-\/-\|/-\/-\|/-\/-\|/-\/-\CTRL+C - Operation aborted
+|/-\|/-\/-\|/-\/-\|/-\/-\|/-\/-\|/-\/-\|/-\/-\|/-\/-\|/-\/-\|/-\/-\|/-\/CTRL+C - Operation aborted
 Tegra210 (P2371-0000) # 
 Tegra210 (P2371-0000) # env set fdt_copy_node_names /cpus:/psci
 Tegra210 (P2371-0000) # setenv rootpart 1
@@ -119,7 +119,7 @@
 Tegra210 (P2371-0000) # load ${devtype} ${devnum}:${rootpart} ${kernel_addr_r} /boot/Image.defconfig
 14445056 bytes read in 782 ms (17.6 MiB/s)
 Tegra210 (P2371-0000) # load ${devtype} ${devnum}:${rootpart} ${fdt_addr_r} /boot/tegra210-p2371-0000.dtb
-43755 bytes read in 453 ms (93.8 KiB/s)
+43755 bytes read in 454 ms (93.8 KiB/s)
 Tegra210 (P2371-0000) # load ${devtype} ${devnum}:${rootpart} ${ramdisk_addr_r} /boot/tegra-ramdisk.img
 1627787 bytes read in 502 ms (3.1 MiB/s)
 Tegra210 (P2371-0000) # ramdisk_size=${filesize}
@@ -131,7 +131,7 @@
 Starting kernel ...
 
 Booting Linux on physical CPU 0x0
-Linux version 4.9.0-rc3-151785-ga909d3e (pwalmsley@tamien) (gcc version 4.9.2 20140904 (prerelease) (crosstool-NG linaro-1.13.1-4.9-2014.09 - Linaro GCC 4.9-2014.09) ) #1 SMP PREEMPT Wed Nov 2 06:06:44 PDT 2016
+Linux version 4.9.0-rc4-152238-gbc33b0c (pwalmsley@tamien) (gcc version 4.9.2 20140904 (prerelease) (crosstool-NG linaro-1.13.1-4.9-2014.09 - Linaro GCC 4.9-2014.09) ) #1 SMP PREEMPT Mon Nov 7 03:06:50 PST 2016
 Boot CPU: AArch64 Processor [411fd071]
 debug: ignoring loglevel setting.
 earlycon: uart8250 at MMIO32 0x0000000070006000 (options '')
@@ -258,7 +258,7 @@
 RPC: Registered tcp NFSv4.1 backchannel transport module.
 PCI: CLS 0 bytes, default 128
 kvm [1]: 8-bit VMID
-kvm [1]: IDMAP page: 8087f000
+kvm [1]: IDMAP page: 80880000
 kvm [1]: HYP VA range: 800000000000:ffffffffffff
 kvm [1]: Hyp mode initialized successfully
 kvm [1]: vgic-v2@50044000
@@ -266,7 +266,7 @@
 kvm [1]: virtual timer IRQ4
 futex hash table entries: 1024 (order: 5, 131072 bytes)
 audit: initializing netlink subsys (disabled)
-audit: type=2000 audit(0.523:1): initialized
+audit: type=2000 audit(0.547:1): initialized
 workingset: timestamp_bits=46 max_order=20 bucket_order=0
 squashfs: version 4.0 (2009/01/31) Phillip Lougher
 NFS: Registering the id_resolver key type
@@ -347,6 +347,6 @@
 devtmpfs: mounted
 Freeing unused kernel memory: 1024K (ffff800000c70000 - ffff800000d70000)
 bash: cannot set terminal process group (-1): Inappropriate ioctl for device
-bash: no job contr[    1.430348] random: fast init done
-ol in this shell
+bash: no job control in th[    1.441933] random: fast init done
+is shell
 root@(none):/# 
\ No newline at end of file
Diff for ./tegra210-smaug/tegra210-smaug/defconfig_log.txt
--- /tmp/fooa	2016-11-07 03:13:03.143941149 -0800
+++ /tmp/foob	2016-11-07 03:13:03.143941149 -0800
@@ -1,4 +1,9 @@
-rted invalid physical ID (0x80000000)
+    0.000000] earlycon: uart0 at MMIO 0x0000000070006000 (options '115200n8')
+bootconsole [uart0] enabled
+psci: probing for conduit method from DT.
+psci: PSCIv1.0 detected in firmware.
+psci: Using standard PSCI v0.2 function IDs
+psci: MIGRATE_INFO_UP_CPU reported invalid physical ID (0x80000000)
 percpu: Embedded 21 pages/cpu @ffff8000bff4d000 s48000 r8192 d29824 u86016
 Detected PIPT I-cache on CPU0
 CPU features: enabling workaround for ARM erratum 832075
@@ -51,7 +56,7 @@
  (comparison mask = 0xf8000000)
 boot misc2 0x0: expected 0xf400f0da
  (comparison mask = 0xffffffff)
-boot misc3 0x5a88: expected 0x2004f400
+boot misc3 0x5a90: expected 0x2004f400
  (comparison mask = 0xffffffff)
 PLL_P already enabled. Postponing set full defaults
 PLL_X already enabled. Postponing set full defaults
@@ -128,7 +133,7 @@
 Unpacking initramfs...
 Freeing initrd memory: 2364K (ffff80000a070000 - ffff80000a2bf000)
 kvm [1]: 8-bit VMID
-kvm [1]: IDMAP page: 8087f000
+kvm [1]: IDMAP page: 80880000
 kvm [1]: HYP VA range: 800000000000:ffffffffffff
 kvm [1]: Hyp mode initialized successfully
 kvm [1]: vgic-v2@50044000
@@ -136,7 +141,7 @@
 kvm [1]: virtual timer IRQ4
 futex hash table entries: 1024 (order: 5, 131072 bytes)
 audit: initializing netlink subsys (disabled)
-audit: type=2000 audit(0.711:1): initialized
+audit: type=2000 audit(0.679:1): initialized
 workingset: timestamp_bits=46 max_order=20 bucket_order=0
 squashfs: version 4.0 (2009/01/31) Phillip Lougher
 NFS: Registering the id_resolver key type
@@ -229,9 +234,9 @@
 mmc0: new high speed MMC card at address 0001
 mmcblk0: mmc0:0001 BGND3R 29.1 GiB 
 mmcblk0boot0: mmc0:0001 BGND3R partition 1 4.00 MiB
-max77686-rtc max77620-rtc: setting system clock to 2000-08-13 18:35:41 UTC (966191741)
 mmcblk0boot1: mmc0:0001 BGND3R partition 2 4.00 MiB
 mmcblk0rpmb: mmc0:0001 BGND3R partition 3 4.00 MiB
+max77686-rtc max77620-rtc: setting system clock to 2000-08-18 16:35:47 UTC (966616547)
  mmcblk0: p1 p2 p3 p4 p5 p6 p7 p8 p9 p10 p11
 tegra-i2c 7000d100.i2c: could not find pctldev for node /host1x@50000000/dpaux@545c0000/pinmux-i2c, deferring probe
 PP1200_AVDD: disabling
Diff for ./tegra30-beaver/tegra30-beaver/multi_v7_defconfig_log.txt
--- /tmp/fooa	2016-11-07 03:13:03.187941269 -0800
+++ /tmp/foob	2016-11-07 03:13:03.191941281 -0800
@@ -39,20 +39,20 @@
 	 #################################################################
 	 #################################################################
 	 ##########################################
-	 3.4 MiB/s
+	 3.2 MiB/s
 done
-Bytes transferred = 7284752 (6f2810 hex)
+Bytes transferred = 7287456 (6f32a0 hex)
 Tegra30 (Beaver) # tftpboot 0x82000000 tegra30-beaver.dtb
 Using asx0 device
 TFTP from server 192.168.100.1; our IP address is 192.168.100.101
 Filename 'tegra30-beaver.dtb'.
 Load address: 0x82000000
 Loading: *####
-	 3.1 MiB/s
+	 3.3 MiB/s
 done
 Bytes transferred = 51572 (c974 hex)
 Tegra30 (Beaver) # bootz 0x81000000 - 0x82000000
-Kernel image @ 0x81000000 [ 0x000000 - 0x6f2810 ]
+Kernel image @ 0x81000000 [ 0x000000 - 0x6f32a0 ]
 ## Flattened Device Tree blob at 82000000
    Booting using the fdt blob at 0x82000000
    Loading Device Tree to 8fff0000, end 8ffff973 ... OK
@@ -60,7 +60,7 @@
 Starting kernel ...
 
 Booting Linux on physical CPU 0x0
-Linux version 4.9.0-rc3-127352-ga909d3e (pwalmsley@sellafield) (gcc version 4.7.3 20130328 (prerelease) (crosstool-NG linaro-1.13.1-4.7-2013.04-20130415 - Linaro GCC 2013.04) ) #1 SMP Wed Nov 2 06:03:37 PDT 2016
+Linux version 4.9.0-rc4-127805-gbc33b0c (pwalmsley@sellafield) (gcc version 4.7.3 20130328 (prerelease) (crosstool-NG linaro-1.13.1-4.7-2013.04-20130415 - Linaro GCC 2013.04) ) #1 SMP Mon Nov 7 03:03:36 PST 2016
 CPU: ARMv7 Processor [412fc099] revision 9 (ARMv7), cr=10c5387d
 CPU: PIPT / VIPT nonaliasing data cache, VIPT aliasing instruction cache
 OF: fdt:Machine model: NVIDIA Tegra30 Beaver evaluation board
@@ -163,13 +163,11 @@
 ldo1: supplied by vdd_1v5_gen
 ldo2: supplied by vdd_1v5_gen
 vdd_sata,avdd_plle: Bringing 1200000uV into 1050000-1050000uV
-vdd_sata,avdd_plle: ramp_delay not set
 ldo3: supplied by vdd_5v_in
 ldo4: supplied by vdd_5v_in
 ldo5: supplied by vdd_5v_in
 ldo6: supplied by vdd_1v8_gen
 avdd_dsi_csi,pwrdet_mipi: Bringing 1000000uV into 1200000-1200000uV
-avdd_dsi_csi,pwrdet_mipi: ramp_delay not set
 ldo7: supplied by vdd_1v8_gen
 ldo8: supplied by vdd_1v8_gen
 pps_core: LinuxPPS API ver. 1 registered
@@ -299,25 +297,24 @@
 ThumbEE CPU extension supported.
 Registering SWP/SWPB emulation handler
 vdd_ddr: supplied by vdd_5v_in
-vddio_sdmmc,avdd_vdac: ramp_delay not set
 vdd_5v_sata: supplied by vdd_5v_in
 usb1_vbus: supplied by vdd_5v_in
 usb3_vbus: supplied by vdd_5v_in
 sys_3v3,vdd_3v3_alw: supplied by vdd_5v_in
 +VDD_5V_HDMI: supplied by sys_3v3,vdd_3v3_alw
 sys_3v3_pexs: supplied by sys_3v3,vdd_3v3_alw
+tegra-pcie 3000.pcie-controller: 2x3 configuration
+mmc0: new ultra high speed DDR50 SDHC card at address aaaa
+mmcblk0: mmc0:aaaa SS04G 3.69 GiB 
+tegra-pcie 3000.pcie-controller: probing port 0, using 2 lanes
 mmc1: new high speed MMC card at address 0001
 mmcblk1: mmc1:0001 SEM16G 14.8 GiB 
 mmcblk1boot0: mmc1:0001 SEM16G partition 1 1.00 MiB
 mmcblk1boot1: mmc1:0001 SEM16G partition 2 1.00 MiB
+ mmcblk0: p1 p2 p3
 mmcblk1rpmb: mmc1:0001 SEM16G partition 3 128 KiB
 Primary GPT is invalid, using alternate GPT.
  mmcblk1: p1 p2 p3 p4 p5
-mmc0: new ultra high speed DDR50 SDHC card at address aaaa
-mmcblk0: mmc0:aaaa SS04G 3.69 GiB 
- mmcblk0: p1 p2 p3
-tegra-pcie 3000.pcie-controller: 2x3 configuration
-tegra-pcie 3000.pcie-controller: probing port 0, using 2 lanes
 tegra-pcie 3000.pcie-controller: probing port 2, using 2 lanes
 tegra-pcie 3000.pcie-controller: link 2 down, retrying
 tegra-pcie 3000.pcie-controller: link 2 down, retrying
@@ -384,9 +381,9 @@
 EXT4-fs (mmcblk1p1): warning: mounting fs with errors, running e2fsck is recommended
 EXT4-fs (mmcblk1p1): recovery complete
 EXT4-fs (mmcblk1p1): mounted filesystem with ordered data mode. Opts: (null)
-VFS: Mounted root (ext3 filesystem) on device 179:1.
+VFS: Mounted root (ext3 filesystem) on device 179:17.
 devtmpfs: mounted
 Freeing unused kernel memory: 2048K (c1100000 - c1300000)
 bash: cannot set terminal process group (-1): Inappropriate ioctl for device
 bash: no job control in this shell
-root@(none):/# [    3.958600] usb 2-1: new high-speed USB device number 2 using tegra-ehci
+root@(none):/# [    3.903567] usb 2-1: new high-speed USB device number 2 using tegra-ehci
Diff for ./tegra30-beaver/tegra30-beaver/tegra_defconfig_log.txt
--- /tmp/fooa	2016-11-07 03:13:03.231941390 -0800
+++ /tmp/foob	2016-11-07 03:13:03.231941390 -0800
@@ -37,20 +37,20 @@
 	 #################################################################
 	 #################################################################
 	 ###############################################
-	 3.2 MiB/s
+	 3.3 MiB/s
 done
-Bytes transferred = 5452880 (533450 hex)
+Bytes transferred = 5453544 (5336e8 hex)
 Tegra30 (Beaver) # tftpboot 0x82000000 tegra30-beaver.dtb
 Using asx0 device
 TFTP from server 192.168.100.1; our IP address is 192.168.100.101
 Filename 'tegra30-beaver.dtb'.
 Load address: 0x82000000
 Loading: *####
-	 3.1 MiB/s
+	 3.3 MiB/s
 done
 Bytes transferred = 51572 (c974 hex)
 Tegra30 (Beaver) # bootz 0x81000000 - 0x82000000
-Kernel image @ 0x81000000 [ 0x000000 - 0x533450 ]
+Kernel image @ 0x81000000 [ 0x000000 - 0x5336e8 ]
 ## Flattened Device Tree blob at 82000000
    Booting using the fdt blob at 0x82000000
    Loading Device Tree to 8fff0000, end 8ffff973 ... OK
@@ -59,7 +59,7 @@
 
 Uncompressing Linux... done, booting the kernel.
 Booting Linux on physical CPU 0x0
-Linux version 4.9.0-rc3-127352-ga909d3e (pwalmsley@kaivo) (gcc version 4.7.3 20130328 (prerelease) (crosstool-NG linaro-1.13.1-4.7-2013.04-20130415 - Linaro GCC 2013.04) ) #1 SMP PREEMPT Wed Nov 2 06:03:38 PDT 2016
+Linux version 4.9.0-rc4-127805-gbc33b0c (pwalmsley@kaivo) (gcc version 4.7.3 20130328 (prerelease) (crosstool-NG linaro-1.13.1-4.7-2013.04-20130415 - Linaro GCC 2013.04) ) #1 SMP PREEMPT Mon Nov 7 03:03:44 PST 2016
 CPU: ARMv7 Processor [412fc099] revision 9 (ARMv7), cr=10c5387d
 CPU: PIPT / VIPT nonaliasing data cache, VIPT aliasing instruction cache
 OF: fdt:Machine model: NVIDIA Tegra30 Beaver evaluation board
@@ -130,7 +130,7 @@
 NET: Registered protocol family 16
 DMA: preallocated 256 KiB pool for atomic coherent allocations
 cpuidle: using governor menu
-No ATAGs?[    0.571847] hw-breakpoint: found 5 (+1 reserved) breakpoint and 1 watchpoint registers.
+No ATAGs?[    0.571749] hw-breakpoint: found 5 (+1 reserved) breakpoint and 1 watchpoint registers.
 hw-breakpoint: maximum watchpoint size is 4 bytes.
 tegra-mc 7000f000.memory-controller: no memory timings for RAM code 3 registered
 vdd_5v_sata: Failed to request enable GPIO30: -517
@@ -155,13 +155,11 @@
 ldo1: supplied by vdd_1v5_gen
 ldo2: supplied by vdd_1v5_gen
 vdd_sata,avdd_plle: Bringing 1200000uV into 1050000-1050000uV
-vdd_sata,avdd_plle: ramp_delay not set
 ldo3: supplied by vdd_5v_in
 ldo4: supplied by vdd_5v_in
 ldo5: supplied by vdd_5v_in
 ldo6: supplied by vdd_1v8_gen
 avdd_dsi_csi,pwrdet_mipi: Bringing 1000000uV into 1200000-1200000uV
-avdd_dsi_csi,pwrdet_mipi: ramp_delay not set
 ldo7: supplied by vdd_1v8_gen
 ldo8: supplied by vdd_1v8_gen
 Linux video capture interface: v2.00
@@ -270,7 +268,6 @@
 mmc1: SDHCI controller on 78000600.sdhci [78000600.sdhci] using ADMA
 usbcore: registered new interface driver usbhid
 usbhid: USB HID core driver
-vddio_sdmmc,avdd_vdac: ramp_delay not set
 mmc1: new high speed MMC card at address 0001
 mmcblk1: mmc1:0001 SEM16G 14.8 GiB 
 mmcblk1boot0: mmc1:0001 SEM16G partition 1 1.00 MiB
@@ -384,4 +381,4 @@
 Freeing unused kernel memory: 1024K (c0c00000 - c0d00000)
 bash: cannot set terminal process group (-1): Inappropriate ioctl for device
 bash: no job control in this shell
-root@(none):/# [    4.520977] usb 2-1: new high-speed USB device number 2 using tegra-ehci
+root@(none):/# [    4.500982] usb 2-1: new high-speed USB device number 2 using tegra-ehci
