
U-Boot SPL 2014.01-00219-gc4d376f (Feb 18 2014 - 19:57:18)


U-Boot 2014.01-00219-gc4d376f (Feb 18 2014 - 19:57:18)

TEGRA30
Board: NVIDIA Beaver
I2C:   ready
DRAM:  2 GiB
MMC:   Tegra SD/MMC: 0, Tegra SD/MMC: 1
In:    serial
Out:   serial
Err:   serial
Net:   Net Initialization Skipped
No ethernet found.
Hit any key to stop autoboot:  2  0 
Tegra30 (Beaver) # 
Tegra30 (Beaver) # usb reset
(Re)start USB...
USB0:   USB EHCI 1.00
scanning bus 0 for devices... 2 USB Device(s) found
       scanning usb for storage devices... 0 Storage Device(s) found
       scanning usb for ethernet devices... 
Warning: asx0 using MAC address from net device
1 Ethernet Device(s) found
Tegra30 (Beaver) # setenv bootargs 'ignore_loglevel console=ttyS0,115200n8 rw root=PARTUUID=edbe1840-3633-c751-7993-b0ac834f81e0 rootwait gpt debug noinitrd earlyprintk init=/bin/bash'
Tegra30 (Beaver) # setenv ipaddr 192.168.100.101; setenv serverip 192.168.100.1; setenv tftpserverip 192.168.100.1
Tegra30 (Beaver) # tftpboot 0x81000000 zImage.multi_v7_defconfig
Using asx0 device
TFTP from server 192.168.100.1; our IP address is 192.168.100.101
Filename 'zImage.multi_v7_defconfig'.
Load address: 0x81000000
Loading: *#################################################################
	 #################################################################
	 #################################################################
	 #################################################################
	 #################################################################
	 #################################################################
	 #################################################################
	 #################################################################
	 #####################################
	 2.8 MiB/s
done
Bytes transferred = 8167936 (7ca200 hex)
Tegra30 (Beaver) # tftpboot 0x82000000 tegra30-beaver.dtb
Using asx0 device
TFTP from server 192.168.100.1; our IP address is 192.168.100.101
Filename 'tegra30-beaver.dtb'.
Load address: 0x82000000
Loading: *####
	 2.7 MiB/s
done
Bytes transferred = 51860 (ca94 hex)
Tegra30 (Beaver) # bootz 0x81000000 - 0x82000000
Kernel image @ 0x81000000 [ 0x000000 - 0x7ca200 ]
## Flattened Device Tree blob at 82000000
   Booting using the fdt blob at 0x82000000
   Loading Device Tree to 8fff0000, end 8ffffa93 ... OK

Starting kernel ...

[    0.000000] Booting Linux on physical CPU 0x0
[    0.000000] Linux version 4.14.0-201708-gbebc608 (jonathanh@sellafield) (gcc version 4.7.3 20130328 (prerelease) (crosstool-NG linaro-1.13.1-4.7-2013.04-20130415 - Linaro GCC 2013.04)) #1 SMP Mon Nov 13 02:04:20 PST 2017
[    0.000000] CPU: ARMv7 Processor [412fc099] revision 9 (ARMv7), cr=10c5387d
[    0.000000] CPU: PIPT / VIPT nonaliasing data cache, VIPT aliasing instruction cache
[    0.000000] OF: fdt: Machine model: NVIDIA Tegra30 Beaver evaluation board
[    0.000000] debug: ignoring loglevel setting.
[    0.000000] Memory policy: Data cache writealloc
[    0.000000] efi: Getting EFI parameters from FDT:
[    0.000000] efi: UEFI not found.
[    0.000000] cma: Reserved 64 MiB at 0xfb800000
[    0.000000] On node 0 totalpages: 524032
[    0.000000] free_area_init_node: node 0, pgdat c158fa80, node_mem_map eeff8000
[    0.000000]   DMA zone: 1536 pages used for memmap
[    0.000000]   DMA zone: 0 pages reserved
[    0.000000]   DMA zone: 196608 pages, LIFO batch:31
[    0.000000]   HighMem zone: 327424 pages, LIFO batch:31
[    0.000000] random: fast init done
[    0.000000] percpu: Embedded 17 pages/cpu @eef88000 s39424 r8192 d22016 u69632
[    0.000000] pcpu-alloc: s39424 r8192 d22016 u69632 alloc=17*4096
[    0.000000] pcpu-alloc: [0] 0 [0] 1 [0] 2 [0] 3 
[    0.000000] Built 1 zonelists, mobility grouping on.  Total pages: 522496
[    0.000000] Kernel command line: ignore_loglevel console=ttyS0,115200n8 rw root=PARTUUID=edbe1840-3633-c751-7993-b0ac834f81e0 rootwait gpt debug noinitrd earlyprintk init=/bin/bash
[    0.000000] PID hash table entries: 4096 (order: 2, 16384 bytes)
[    0.000000] Dentry cache hash table entries: 131072 (order: 7, 524288 bytes)
[    0.000000] Inode-cache hash table entries: 65536 (order: 6, 262144 bytes)
[    0.000000] Memory: 1993396K/2096128K available (10240K kernel code, 1631K rwdata, 4504K rodata, 2048K init, 406K bss, 37196K reserved, 65536K cma-reserved, 1244160K highmem)
[    0.000000] Virtual kernel memory layout:
[    0.000000]     vector  : 0xffff0000 - 0xffff1000   (   4 kB)
[    0.000000]     fixmap  : 0xffc00000 - 0xfff00000   (3072 kB)
[    0.000000]     vmalloc : 0xf0800000 - 0xff800000   ( 240 MB)
[    0.000000]     lowmem  : 0xc0000000 - 0xf0000000   ( 768 MB)
[    0.000000]     pkmap   : 0xbfe00000 - 0xc0000000   (   2 MB)
[    0.000000]     modules : 0xbf000000 - 0xbfe00000   (  14 MB)
[    0.000000]       .text : 0xc0208000 - 0xc0d00000   (11232 kB)
[    0.000000]       .init : 0xc1200000 - 0xc1400000   (2048 kB)
[    0.000000]       .data : 0xc1400000 - 0xc1597f28   (1632 kB)
[    0.000000]        .bss : 0xc15a0b9c - 0xc16064fc   ( 407 kB)
[    0.000000] SLUB: HWalign=64, Order=0-3, MinObjects=0, CPUs=4, Nodes=1
[    0.000000] Hierarchical RCU implementation.
[    0.000000] 	RCU event tracing is enabled.
[    0.000000] 	RCU restricting CPUs from NR_CPUS=16 to nr_cpu_ids=4.
[    0.000000] RCU: Adjusting geometry for rcu_fanout_leaf=16, nr_cpu_ids=4
[    0.000000] NR_IRQS: 16, nr_irqs: 16, preallocated irqs: 16
[    0.000000] /interrupt-controller@60004000: 160 interrupts forwarded to /interrupt-controller@50041000
[    0.000000] L2C: platform modifies aux control register: 0x02080000 -> 0x3e480001
[    0.000000] L2C: DT/platform modifies aux control register: 0x02080000 -> 0x3e480001
[    0.000000] L2C-310 erratum 769419 enabled
[    0.000000] L2C-310 enabling early BRESP for Cortex-A9
[    0.000000] L2C-310: enabling full line of zeros but not enabled in Cortex-A9
[    0.000000] L2C-310 dynamic clock gating enabled, standby mode enabled
[    0.000000] L2C-310 cache controller enabled, 8 ways, 1024 kB
[    0.000000] L2C-310: CACHE_ID 0x410000c7, AUX_CTRL 0x4e480001
[    0.000013] sched_clock: 32 bits at 1000kHz, resolution 1000ns, wraps every 2147483647500ns
[    0.000032] clocksource: timer_us: mask: 0xffffffff max_cycles: 0xffffffff, max_idle_ns: 1911260446275 ns
[    0.000040] Switching to timer-based delay loop, resolution 1000ns
[    0.002836] Console: colour dummy device 80x30
[    0.002868] Calibrating delay loop (skipped), value calculated using timer frequency.. 2.00 BogoMIPS (lpj=10000)
[    0.002877] pid_max: default: 32768 minimum: 301
[    0.002962] Mount-cache hash table entries: 2048 (order: 1, 8192 bytes)
[    0.002970] Mountpoint-cache hash table entries: 2048 (order: 1, 8192 bytes)
[    0.003369] CPU: Testing write buffer coherency: ok
[    0.003673] CPU0: thread -1, cpu 0, socket 0, mpidr 80000000
[    0.003897] Setting up static identity map for 0x80300000 - 0x803000a0
[    0.005251] Hierarchical SRCU implementation.
[    0.006599] Tegra Revision: A03 SKU: 128 CPU Process: 4 SoC Process: 0
[    0.007164] EFI services will not be available.
[    0.007266] smp: Bringing up secondary CPUs ...
[    0.010375] CPU1: thread -1, cpu 1, socket 0, mpidr 80000001
[    0.020354] CPU2: thread -1, cpu 2, socket 0, mpidr 80000002
[    0.030335] CPU3: thread -1, cpu 3, socket 0, mpidr 80000003
[    0.030387] smp: Brought up 1 node, 4 CPUs
[    0.030399] SMP: Total of 4 processors activated (8.00 BogoMIPS).
[    0.030405] CPU: All CPU(s) started in SVC mode.
[    0.031126] devtmpfs: initialized
[    0.038178] VFP support v0.3: implementor 41 architecture 3 part 30 variant 9 rev 4
[    0.038621] clocksource: jiffies: mask: 0xffffffff max_cycles: 0xffffffff, max_idle_ns: 19112604462750000 ns
[    0.038639] futex hash table entries: 1024 (order: 4, 65536 bytes)
[    0.042073] pinctrl core: initialized pinctrl subsystem
[    0.043466] DMI not present or invalid.
[    0.043710] NET: Registered protocol family 16
[    0.046218] DMA: preallocated 256 KiB pool for atomic coherent allocations
[    0.047882] cpuidle: using governor menu
[    0.060971] No ATAGs?
[    0.061078] hw-breakpoint: found 5 (+1 reserved) breakpoint and 1 watchpoint registers.
[    0.061089] hw-breakpoint: maximum watchpoint size is 4 bytes.
[    0.065244] Serial: AMBA PL011 UART driver
[    0.065713] tegra-mc 7000f000.memory-controller: no memory timings for RAM code 3 registered
[    0.065818] iommu: Adding device reg-dummy to group 0
[    0.065853] iommu: Adding device 3000.pcie to group 1
[    0.065872] iommu: Adding device 50000000.host1x to group 2
[    0.065891] iommu: Adding device 54040000.mpe to group 3
[    0.065908] iommu: Adding device 54080000.vi to group 4
[    0.065926] iommu: Adding device 540c0000.epp to group 5
[    0.065945] iommu: Adding device 54100000.isp to group 6
[    0.065963] iommu: Adding device 54140000.gr2d to group 7
[    0.065982] iommu: Adding device 54180000.gr3d to group 8
[    0.066052] iommu: Adding device 54200000.dc to group 9
[    0.066100] iommu: Adding device 54240000.dc to group 10
[    0.066121] iommu: Adding device 54280000.hdmi to group 11
[    0.066139] iommu: Adding device 50040600.timer to group 12
[    0.066157] iommu: Adding device 50043000.cache-controller to group 13
[    0.066175] iommu: Adding device 60005000.timer to group 14
[    0.066192] iommu: Adding device 60007000.flow-controller to group 15
[    0.066210] iommu: Adding device 6000a000.dma to group 16
[    0.066232] iommu: Adding device 6000c000.ahb to group 17
[    0.066252] iommu: Adding device 6000d000.gpio to group 18
[    0.066269] iommu: Adding device 70000800.apbmisc to group 19
[    0.066293] iommu: Adding device 70000868.pinmux to group 20
[    0.066312] iommu: Adding device 70006000.serial to group 21
[    0.066329] iommu: Adding device 7000e000.rtc to group 22
[    0.066348] iommu: Adding device 7000c000.i2c to group 23
[    0.066367] iommu: Adding device 7000c400.i2c to group 24
[    0.066389] iommu: Adding device 7000c500.i2c to group 25
[    0.066408] iommu: Adding device 7000c700.i2c to group 26
[    0.066426] iommu: Adding device 7000d000.i2c to group 27
[    0.066444] iommu: Adding device 7000da00.spi to group 28
[    0.066462] iommu: Adding device 7000e400.pmc to group 29
[    0.066480] iommu: Adding device 7000f000.memory-controller to group 30
[    0.066504] iommu: Adding device 7000f800.fuse to group 31
[    0.066527] iommu: Adding device 70080000.ahub to group 32
[    0.066545] iommu: Adding device 78000000.sdhci to group 33
[    0.066567] iommu: Adding device 78000600.sdhci to group 34
[    0.066584] iommu: Adding device 7d000000.usb to group 35
[    0.066604] iommu: Adding device 7d000000.usb-phy to group 36
[    0.066622] iommu: Adding device 7d004000.usb to group 37
[    0.066640] iommu: Adding device 7d004000.usb-phy to group 38
[    0.066658] iommu: Adding device 7d008000.usb to group 39
[    0.066678] iommu: Adding device 7d008000.usb-phy to group 40
[    0.066694] iommu: Adding device pmu to group 41
[    0.066722] iommu: Adding device clocks to group 42
[    0.066740] iommu: Adding device gpio-leds to group 43
[    0.066758] iommu: Adding device regulators to group 44
[    0.066775] iommu: Adding device regulators:regulator@0 to group 45
[    0.066793] iommu: Adding device regulators:regulator@1 to group 46
[    0.066810] iommu: Adding device regulators:regulator@2 to group 47
[    0.066828] iommu: Adding device regulators:regulator@3 to group 48
[    0.066844] iommu: Adding device regulators:regulator@4 to group 49
[    0.066862] iommu: Adding device regulators:regulator@5 to group 50
[    0.066885] iommu: Adding device regulators:regulator@6 to group 51
[    0.066909] iommu: Adding device regulators:regulator@7 to group 52
[    0.066928] iommu: Adding device regulators:regulator@8 to group 53
[    0.066945] iommu: Adding device sound to group 54
[    0.075179] AT91: Could not find identification node
[    0.075682] vdd_5v_sata: Failed to request enable GPIO30: -517
[    0.075698] reg-fixed-voltage regulators:regulator@3: Failed to register regulator: -517
[    0.075747] usb1_vbus: Failed to request enable GPIO238: -517
[    0.075754] reg-fixed-voltage regulators:regulator@4: Failed to register regulator: -517
[    0.075802] usb3_vbus: Failed to request enable GPIO236: -517
[    0.075809] reg-fixed-voltage regulators:regulator@5: Failed to register regulator: -517
[    0.075911] sys_3v3_pexs: Failed to request enable GPIO95: -517
[    0.075919] reg-fixed-voltage regulators:regulator@7: Failed to register regulator: -517
[    0.077702] vgaarb: loaded
[    0.078160] SCSI subsystem initialized
[    0.078299] libata version 3.00 loaded.
[    0.078426] usbcore: registered new interface driver usbfs
[    0.078463] usbcore: registered new interface driver hub
[    0.078498] usbcore: registered new device driver usb
[    0.082838] iommu: Adding device tps65910-gpio to group 55
[    0.083116] iommu: Adding device tps65910-pmic to group 56
[    0.085588] vrtc: supplied by vdd_5v_in
[    0.088859] vio: supplied by vdd_5v_in
[    0.091818] vdd1: supplied by vdd_5v_in
[    0.093180] vddio_ddr_1v2: Bringing 600000uV into 1200000-1200000uV
[    0.101829] vdd2: supplied by vdd_5v_in
[    0.121850] ldo1: supplied by vdd_1v5_gen
[    0.124225] ldo2: supplied by vdd_1v5_gen
[    0.124695] vdd_sata,avdd_plle: Bringing 1200000uV into 1050000-1050000uV
[    0.126918] ldo3: supplied by vdd_5v_in
[    0.129262] ldo4: supplied by vdd_5v_in
[    0.131807] ldo5: supplied by vdd_5v_in
[    0.141805] ldo6: supplied by vdd_1v8_gen
[    0.142277] avdd_dsi_csi,pwrdet_mipi: Bringing 1000000uV into 1200000-1200000uV
[    0.144509] ldo7: supplied by vdd_1v8_gen
[    0.151807] ldo8: supplied by vdd_1v8_gen
[    0.160078] iommu: Adding device tps65910-rtc to group 57
[    0.160194] iommu: Adding device tps65910-power to group 58
[    0.161966] pps_core: LinuxPPS API ver. 1 registered
[    0.161973] pps_core: Software ver. 5.3.6 - Copyright 2005-2007 Rodolfo Giometti <giometti@linux.it>
[    0.161989] PTP clock support registered
[    0.162125] EDAC MC: Ver: 3.0.0
[    0.162316] dmi: Firmware registration failed.
[    0.163606] clocksource: Switched to clocksource timer_us
[    0.195905] NET: Registered protocol family 2
[    0.196313] TCP established hash table entries: 8192 (order: 3, 32768 bytes)
[    0.196368] TCP bind hash table entries: 8192 (order: 4, 65536 bytes)
[    0.196446] TCP: Hash tables configured (established 8192 bind 8192)
[    0.196596] UDP hash table entries: 512 (order: 2, 16384 bytes)
[    0.196664] UDP-Lite hash table entries: 512 (order: 2, 16384 bytes)
[    0.196833] NET: Registered protocol family 1
[    0.197159] RPC: Registered named UNIX socket transport module.
[    0.197167] RPC: Registered udp transport module.
[    0.197171] RPC: Registered tcp transport module.
[    0.197174] RPC: Registered tcp NFSv4.1 backchannel transport module.
[    0.197183] PCI: CLS 0 bytes, default 64
[    0.198002] hw perfevents: no interrupt-affinity property for /pmu, guessing.
[    0.198232] hw perfevents: enabled with armv7_cortex_a9 PMU driver, 7 counters available
[    0.198715] iommu: Adding device alarmtimer to group 59
[    0.199405] workingset: timestamp_bits=30 max_order=19 bucket_order=0
[    0.202607] squashfs: version 4.0 (2009/01/31) Phillip Lougher
[    0.203000] NFS: Registering the id_resolver key type
[    0.203035] Key type id_resolver registered
[    0.203040] Key type id_legacy registered
[    0.203071] ntfs: driver 2.1.32 [Flags: R/O].
[    0.204060] bounce: pool size: 64 pages
[    0.204101] Block layer SCSI generic (bsg) driver version 0.4 loaded (major 248)
[    0.204109] io scheduler noop registered
[    0.204114] io scheduler deadline registered
[    0.204281] io scheduler cfq registered (default)
[    0.204287] io scheduler mq-deadline registered
[    0.204292] io scheduler kyber registered
[    0.210515] tegra30-pinctrl 70000868.pinmux: invalid group "sdmmc3_dat6_pd3" for function "rsvd1"
[    0.210530] tegra30-pinctrl 70000868.pinmux: invalid group "sdmmc3_dat7_pd4" for function "rsvd1"
[    0.210544] tegra30-pinctrl 70000868.pinmux: invalid group "vi_vsync_pd6" for function "rsvd1"
[    0.210553] tegra30-pinctrl 70000868.pinmux: invalid group "vi_hsync_pd7" for function "rsvd1"
[    0.210990] tegra30-pinctrl 70000868.pinmux: invalid group "hdmi_int_pn7" for function "rsvd1"
[    0.211039] tegra30-pinctrl 70000868.pinmux: invalid group "ulpi_data3_po4" for function "rsvd1"
[    0.211355] tegra30-pinctrl 70000868.pinmux: invalid group "vi_d10_pt2" for function "rsvd1"
[    0.211367] tegra30-pinctrl 70000868.pinmux: invalid group "vi_d11_pt3" for function "rsvd1"
[    0.211378] tegra30-pinctrl 70000868.pinmux: invalid group "vi_d0_pt4" for function "rsvd1"
[    0.211417] tegra30-pinctrl 70000868.pinmux: invalid group "pu0" for function "rsvd1"
[    0.211445] tegra30-pinctrl 70000868.pinmux: invalid group "pu3" for function "rsvd1"
[    0.211474] tegra30-pinctrl 70000868.pinmux: invalid group "pu6" for function "rsvd1"
[    0.211512] tegra30-pinctrl 70000868.pinmux: invalid group "pv3" for function "rsvd1"
[    0.211984] tegra30-pinctrl 70000868.pinmux: invalid group "pbb0" for function "rsvd1"
[    0.212108] tegra30-pinctrl 70000868.pinmux: invalid group "pcc1" for function "rsvd1"
[    0.217281] tegra-pcie 3000.pcie: 2x3 configuration
[    0.217437] tegra-pcie 3000.pcie: Failed to get supply 'hvdd-pex': -517
[    0.223025] tegra-apbdma 6000a000.dma: Tegra20 APB DMA driver register 32 channels
[    0.224936] tegra-pmc 7000e400.pmc: i2c-thermtrip node not found, emergency thermal reset disabled.
[    0.253093] Serial: 8250/16550 driver, 4 ports, IRQ sharing disabled
[    0.253179] iommu: Adding device serial8250 to group 60
[    0.255252] console [ttyS0] disabled
[    0.255290] 70006000.serial: ttyS0 at MMIO 0x70006000 (irq = 331, base_baud = 25500000) is a Tegra
[    1.628076] console [ttyS0] enabled
[    1.632093] SuperH (H)SCI(F) driver initialized
[    1.637237] msm_serial: driver initialized
[    1.641427] STMicroelectronics ASC driver initialized
[    1.650372] tegra-hdmi 54280000.hdmi: failed to get HDMI regulator
[    1.663277] brd: module loaded
[    1.671821] loop: module loaded
[    1.680698] m25p80 spi0.1: w25q32 (4096 Kbytes)
[    1.686497] iommu: Adding device Fixed MDIO bus.0 to group 61
[    1.692653] libphy: Fixed MDIO Bus: probed
[    1.697360] CAN device driver interface
[    1.701722] bgmac_bcma: Broadcom 47xx GBit MAC driver loaded
[    1.708124] e1000e: Intel(R) PRO/1000 Network Driver - 3.2.6-k
[    1.713953] e1000e: Copyright(c) 1999 - 2015 Intel Corporation.
[    1.719890] igb: Intel(R) Gigabit Ethernet Network Driver - version 5.4.0-k
[    1.726840] igb: Copyright (c) 2007-2014 Intel Corporation.
[    1.734451] pegasus: v0.9.3 (2013/04/25), Pegasus/Pegasus II USB Ethernet driver
[    1.741876] usbcore: registered new interface driver pegasus
[    1.747558] usbcore: registered new interface driver asix
[    1.752960] usbcore: registered new interface driver ax88179_178a
[    1.759064] usbcore: registered new interface driver cdc_ether
[    1.764918] usbcore: registered new interface driver smsc75xx
[    1.770671] usbcore: registered new interface driver smsc95xx
[    1.776430] usbcore: registered new interface driver net1080
[    1.782088] usbcore: registered new interface driver cdc_subset
[    1.788016] usbcore: registered new interface driver zaurus
[    1.793618] usbcore: registered new interface driver cdc_ncm
[    1.799447] tegra-phy 7d000000.usb-phy: no vbus regulator
[    1.807201] ehci_hcd: USB 2.0 'Enhanced' Host Controller (EHCI) Driver
[    1.813731] ehci-pci: EHCI PCI platform driver
[    1.818183] ehci-platform: EHCI generic platform driver
[    1.823514] ehci-orion: EHCI orion driver
[    1.827608] SPEAr-ehci: EHCI SPEAr driver
[    1.831679] ehci-st: EHCI STMicroelectronics driver
[    1.836629] ehci-exynos: EHCI EXYNOS driver
[    1.840884] ehci-atmel: EHCI Atmel driver
[    1.844968] tegra-ehci: Tegra EHCI driver
[    1.849263] ohci_hcd: USB 1.1 'Open' Host Controller (OHCI) Driver
[    1.855451] ohci-pci: OHCI PCI platform driver
[    1.859909] ohci-platform: OHCI generic platform driver
[    1.865244] SPEAr-ohci: OHCI SPEAr driver
[    1.869316] ohci-st: OHCI STMicroelectronics driver
[    1.874272] ohci-atmel: OHCI Atmel driver
[    1.878694] usbcore: registered new interface driver usb-storage
[    1.888101] iommu: Adding device ci_hdrc.0 to group 62
[    1.898733] tegra_rtc 7000e000.rtc: rtc core: registered 7000e000.rtc as rtc1
[    1.905910] tegra_rtc 7000e000.rtc: Tegra internal Real Time Clock
[    1.924665] tps65910-rtc tps65910-rtc: rtc core: registered tps65910-rtc as rtc0
[    1.932243] i2c /dev entries driver
[    1.937870] IR NEC protocol handler initialized
[    1.942387] IR RC5(x/sz) protocol handler initialized
[    1.947438] IR RC6 protocol handler initialized
[    1.951954] IR JVC protocol handler initialized
[    1.956478] IR Sony protocol handler initialized
[    1.961079] IR SANYO protocol handler initialized
[    1.965775] IR Sharp protocol handler initialized
[    1.970463] IR MCE Keyboard/mouse protocol handler initialized
[    1.976284] IR XMP protocol handler initialized
[    1.986793] sdhci: Secure Digital Host Controller Interface driver
[    1.992956] sdhci: Copyright(c) Pierre Ossman
[    1.998229] Synopsys Designware Multimedia Card Interface Driver
[    2.004971] sdhci-pltfm: SDHCI platform and OF driver helper
[    2.011140] sdhci-tegra 78000000.sdhci: Got CD GPIO
[    2.016031] sdhci-tegra 78000000.sdhci: Got WP GPIO
[    2.029169] mmc0: Invalid maximum block size, assuming 512 bytes
[    2.093723] mmc0: SDHCI controller on 78000000.sdhci [78000000.sdhci] using ADMA
[    2.110096] mmc1: Invalid maximum block size, assuming 512 bytes
[    2.173627] mmc1: SDHCI controller on 78000600.sdhci [78000600.sdhci] using ADMA
[    2.182496] ledtrig-cpu: registered to indicate activity on CPUs
[    2.188783] usbcore: registered new interface driver usbhid
[    2.194354] usbhid: USB HID core driver
[    2.200571] NET: Registered protocol family 10
[    2.205697] Segment Routing with IPv6
[    2.209395] sit: IPv6, IPv4 and MPLS over IPv4 tunneling driver
[    2.215691] NET: Registered protocol family 17
[    2.220129] can: controller area network core (rev 20170425 abi 9)
[    2.226350] NET: Registered protocol family 29
[    2.230781] can: raw protocol (rev 20170425)
[    2.235054] can: broadcast manager protocol (rev 20170425 t)
[    2.240702] can: netlink gateway (rev 20170425) max_hops=1
[    2.246448] Key type dns_resolver registered
[    2.251086] ThumbEE CPU extension supported.
[    2.255372] Registering SWP/SWPB emulation handler
[    2.270814] vdd_ddr: supplied by vdd_5v_in
[    2.275769] vdd_5v_sata: supplied by vdd_5v_in
[    2.280527] usb1_vbus: supplied by vdd_5v_in
[    2.285110] usb3_vbus: supplied by vdd_5v_in
[    2.290610] sys_3v3,vdd_3v3_alw: supplied by vdd_5v_in
[    2.296556] sys_3v3_pexs: supplied by sys_3v3,vdd_3v3_alw
[    2.302060] +VDD_5V_HDMI: supplied by sys_3v3,vdd_3v3_alw
[    2.307287] mmc1: new high speed MMC card at address 0001
[    2.307955] mmcblk1: mmc1:0001 SEM16G 14.8 GiB 
[    2.308426] mmcblk1boot0: mmc1:0001 SEM16G partition 1 1.00 MiB
[    2.308954] mmcblk1boot1: mmc1:0001 SEM16G partition 2 1.00 MiB
[    2.309430] mmcblk1rpmb: mmc1:0001 SEM16G partition 3 128 KiB
[    2.311116] mmc0: new ultra high speed DDR50 SDHC card at address aaaa
[    2.311319] mmcblk0: mmc0:aaaa SS04G 3.69 GiB 
[    2.321107] Primary GPT is invalid, using alternate GPT.
[    2.321124]  mmcblk1: p1 p2 p3 p4 p5
[    2.339226]  mmcblk0: p1 p2 p3
[    2.358605] tegra-pcie 3000.pcie: 2x3 configuration
[    2.365926] tegra-pcie 3000.pcie: probing port 0, using 2 lanes
[    2.430107] tegra-pcie 3000.pcie: probing port 2, using 2 lanes
[    2.839869] tegra-pcie 3000.pcie: link 2 down, retrying
[    3.248936] tegra-pcie 3000.pcie: link 2 down, retrying
[    3.657994] tegra-pcie 3000.pcie: link 2 down, retrying
[    3.665219] tegra-pcie 3000.pcie: link 2 down, ignoring
[    3.670532] tegra-pcie 3000.pcie: PCI host bridge to bus 0000:00
[    3.676545] pci_bus 0000:00: root bus resource [io  0x0000-0xffff]
[    3.682708] pci_bus 0000:00: root bus resource [mem 0x20000000-0x27ffffff]
[    3.689575] pci_bus 0000:00: root bus resource [mem 0x28000000-0x3fffffff pref]
[    3.696875] pci_bus 0000:00: root bus resource [bus 00-ff]
[    3.702368] pci 0000:00:01.0: [10de:0e1c] type 01 class 0x060400
[    3.708383] pci_bus 0000:00: 2-byte config write to 0000:00:01.0 offset 0x4 may corrupt adjacent RW1C bits
[    3.718024] pci_bus 0000:00: 2-byte config write to 0000:00:01.0 offset 0x4 may corrupt adjacent RW1C bits
[    3.727676] pci 0000:00:01.0: enabling Extended Tags
[    3.732629] pci_bus 0000:00: 2-byte config write to 0000:00:01.0 offset 0x88 may corrupt adjacent RW1C bits
[    3.742374] pci_bus 0000:00: 2-byte config write to 0000:00:01.0 offset 0x52 may corrupt adjacent RW1C bits
[    3.752118] pci 0000:00:01.0: PME# supported from D0 D1 D2 D3hot D3cold
[    3.758727] pci_bus 0000:00: 2-byte config write to 0000:00:01.0 offset 0x4c may corrupt adjacent RW1C bits
[    3.768589] pci_bus 0000:00: 2-byte config write to 0000:00:01.0 offset 0x3e may corrupt adjacent RW1C bits
[    3.778322] pci_bus 0000:00: 2-byte config write to 0000:00:01.0 offset 0x4 may corrupt adjacent RW1C bits
[    3.787963] pci_bus 0000:00: 1-byte config write to 0000:00:01.0 offset 0xc may corrupt adjacent RW1C bits
[    3.797600] PCI: bus0: Fast back to back transfers disabled
[    3.803158] pci 0000:00:01.0: bridge configuration invalid ([bus 00-00]), reconfiguring
[    3.811151] pci_bus 0000:00: 2-byte config write to 0000:00:01.0 offset 0x3e may corrupt adjacent RW1C bits
[    3.820878] pci_bus 0000:00: 2-byte config write to 0000:00:01.0 offset 0x3e may corrupt adjacent RW1C bits
[    3.830685] pci 0000:01:00.0: [10ec:8168] type 00 class 0x020000
[    3.836712] pci 0000:01:00.0: reg 0x10: [io  0x0000-0x00ff]
[    3.842284] pci 0000:01:00.0: reg 0x18: [mem 0x00000000-0x00000fff 64bit pref]
[    3.849508] pci 0000:01:00.0: reg 0x20: [mem 0x00000000-0x00003fff 64bit pref]
[    3.856792] pci 0000:01:00.0: supports D1 D2
[    3.861049] pci 0000:01:00.0: PME# supported from D0 D1 D2 D3hot D3cold
[    3.893636] PCI: bus1: Fast back to back transfers disabled
[    3.899197] pci_bus 0000:01: busn_res: [bus 01-ff] end is updated to 01
[    3.905831] pci 0000:00:01.0: BAR 9: assigned [mem 0x28000000-0x280fffff 64bit pref]
[    3.913556] pci 0000:00:01.0: BAR 7: assigned [io  0x1000-0x1fff]
[    3.919647] pci 0000:01:00.0: BAR 4: assigned [mem 0x28000000-0x28003fff 64bit pref]
[    3.927392] pci 0000:01:00.0: BAR 2: assigned [mem 0x28004000-0x28004fff 64bit pref]
[    3.935134] pci 0000:01:00.0: BAR 0: assigned [io  0x1000-0x10ff]
[    3.941215] pci 0000:00:01.0: PCI bridge to [bus 01]
[    3.946173] pci 0000:00:01.0:   bridge window [io  0x1000-0x1fff]
[    3.952253] pci 0000:00:01.0:   bridge window [mem 0x28000000-0x280fffff 64bit pref]
[    3.960004] pci 0000:00:01.0: nv_msi_ht_cap_quirk didn't locate host bridge
[    3.967050] pcieport 0000:00:01.0: enabling device (0140 -> 0143)
[    3.973336] pcieport 0000:00:01.0: Signaling PME with IRQ 375
[    3.979321] r8169 Gigabit Ethernet driver 2.3LK-NAPI loaded
[    3.984914] r8169 0000:01:00.0: enabling device (0140 -> 0143)
[    3.991604] r8169 0000:01:00.0 eth0: RTL8168evl/8111evl at 0xf0a2a000, 02:04:4b:01:60:a6, XID 0c900800 IRQ 376
[    4.001605] r8169 0000:01:00.0 eth0: jumbo features [frames: 9200 bytes, tx checksumming: ko]
[    4.014238] [drm] Supports vblank timestamp caching Rev 2 (21.10.2013).
[    4.020840] [drm] No driver support for vblank timestamp query.
[    4.026794] [drm] Cannot find any crtc or sizes
[    4.031328] [drm] Initialized tegra 0.0.0 20120330 for drm on minor 0
[    4.040629] tegra-ehci 7d004000.usb: EHCI Host Controller
[    4.046053] tegra-ehci 7d004000.usb: new USB bus registered, assigned bus number 1
[    4.053850] tegra-ehci 7d004000.usb: irq 344, io mem 0x7d004000
[    4.059797] [drm] Cannot find any crtc or sizes
[    4.084007] tegra-ehci 7d004000.usb: USB 2.0 started, EHCI 1.00
[    4.091196] hub 1-0:1.0: USB hub found
[    4.094976] hub 1-0:1.0: 1 port detected
[    4.100142] tegra-ehci 7d008000.usb: EHCI Host Controller
[    4.105555] tegra-ehci 7d008000.usb: new USB bus registered, assigned bus number 2
[    4.113300] tegra-ehci 7d008000.usb: irq 345, io mem 0x7d008000
[    4.144001] tegra-ehci 7d008000.usb: USB 2.0 started, EHCI 1.00
[    4.151104] hub 2-0:1.0: USB hub found
[    4.154877] hub 2-0:1.0: 1 port detected
[    4.165203] tps65910-rtc tps65910-rtc: setting system clock to 2000-01-01 00:00:02 UTC (946684802)
[    4.174703] vdd_sata,avdd_plle: disabling
[    4.179449] usb1_vbus: disabling
[    4.184226] EXT4-fs (mmcblk1p1): mounting ext3 file system using the ext4 subsystem
[    4.245626] EXT4-fs (mmcblk1p1): warning: mounting fs with errors, running e2fsck is recommended
[    4.255855] EXT4-fs (mmcblk1p1): recovery complete
[    4.261826] EXT4-fs (mmcblk1p1): mounted filesystem with ordered data mode. Opts: (null)
[    4.269966] VFS: Mounted root (ext3 filesystem) on device 179:1.
[    4.280543] devtmpfs: mounted
[    4.286026] Freeing unused kernel memory: 2048K
bash: cannot set terminal process group (-1): Inappropriate ioctl for device
bash: no job control in this shell
root@(none):/# [    4.534021] usb 2-1: new high-speed USB device number 2 using tegra-ehci
