

U-Boot 2015.04-00466-gedec83e90172 (Mar 14 2016 - 10:42:01)

TEGRA124
Model: Acer Chromebook 13 CB5-311
DRAM:  4 GiB
:   Tegra SD/MMC: 0, Tegra SD/MMC: 1, Tegra SD/MMC: 2
MMC init failed
Using default environment

In:    serial
Out:   serial
Err:   serial
Net:   Net Initialization Skipped
No ethernet found.
Hit any key to stop autoboot:  2  0 
Tegra124 (Nyan-big) # 
Tegra124 (Nyan-big) # usb start
starting USB...
USB0:   USB EHCI 1.10
scanning bus 0 for devices... 2 USB Device(s) found
USB1:   USB EHCI 1.10
scanning bus 1 for devices... 2 USB Device(s) found
       scanning usb for storage devices... 1 Storage Device(s) found
       scanning usb for ethernet devices... 
Warning: asx0 using MAC address from net device
1 Ethernet Device(s) found
Tegra124 (Nyan-big) # mw 0x7000e4a0 0x00080000
Tegra124 (Nyan-big) # setenv bootargs 'ignore_loglevel console=ttyS0,115200n8 rw root=PARTUUID=4d36e82a-b3c0-4b4b-bfcd-afe5217ac023 rootwait gpt debug noinitrd earlyprintk init=/bin/bash'
Tegra124 (Nyan-big) # setenv ipaddr 192.168.100.102; setenv serverip 192.168.100.1; setenv tftpserverip 192.168.100.1
Tegra124 (Nyan-big) # tftpboot 0x82000000 zImage.multi_v7_defconfig
Using asx0 device
TFTP from server 192.168.100.1; our IP address is 192.168.100.102
Filename 'zImage.multi_v7_defconfig'.
Load address: 0x82000000
Loading: *#################################################################
	 #################################################################
	 #################################################################
	 #################################################################
	 #################################################################
	 #################################################################
	 #################################################################
	 ###########################################################
	 2.8 MiB/s
done
Bytes transferred = 7540760 (731018 hex)
Tegra124 (Nyan-big) # tftpboot 0x83000000 tegra124-nyan-big.dtb
Using asx0 device
TFTP from server 192.168.100.1; our IP address is 192.168.100.102
Filename 'tegra124-nyan-big.dtb'.
Load address: 0x83000000
Loading: *#####
	 2.7 MiB/s
done
Bytes transferred = 68155 (10a3b hex)
Tegra124 (Nyan-big) # bootz 0x82000000 - 0x83000000
Kernel image @ 0x82000000 [ 0x000000 - 0x731018 ]
## Flattened Device Tree blob at 83000000
   Booting using the fdt blob at 0x83000000
   Using Device Tree in place at 83000000, end 83013a3a

Starting kernel ...

[    0.000000] Booting Linux on physical CPU 0x0
[    0.000000] Linux version 4.11.0-rc7-156921-g4f7d029 (jonathanh@sellafield) (gcc version 4.7.3 20130328 (prerelease) (crosstool-NG linaro-1.13.1-4.7-2013.04-20130415 - Linaro GCC 2013.04) ) #1 SMP Sun Apr 16 13:35:42 PDT 2017
[    0.000000] CPU: ARMv7 Processor [413fc0f3] revision 3 (ARMv7), cr=10c5387d
[    0.000000] CPU: div instructions available: patching division code
[    0.000000] CPU: PIPT / VIPT nonaliasing data cache, PIPT instruction cache
[    0.000000] OF: fdt: Machine model: Acer Chromebook 13 CB5-311
[    0.000000] OF: fdt: Ignoring memory range 0x100000000 - 0x17ffff000
[    0.000000] debug: ignoring loglevel setting.
[    0.000000] efi: Getting EFI parameters from FDT:
[    0.000000] efi: UEFI not found.
[    0.000000] cma: Reserved 64 MiB at 0xfb800000
[    0.000000] Memory policy: Data cache writealloc
[    0.000000] On node 0 totalpages: 524287
[    0.000000] free_area_init_node: node 0, pgdat c15381c0, node_mem_map eeff8000
[    0.000000]   DMA zone: 1536 pages used for memmap
[    0.000000]   DMA zone: 0 pages reserved
[    0.000000]   DMA zone: 196608 pages, LIFO batch:31
[    0.000000]   HighMem zone: 327679 pages, LIFO batch:31
[    0.000000] percpu: Embedded 16 pages/cpu @eef85000 s34432 r8192 d22912 u65536
[    0.000000] pcpu-alloc: s34432 r8192 d22912 u65536 alloc=16*4096
[    0.000000] pcpu-alloc: [0] 0 [0] 1 [0] 2 [0] 3 
[    0.000000] Built 1 zonelists in Zone order, mobility grouping on.  Total pages: 522751
[    0.000000] Kernel command line: ignore_loglevel console=ttyS0,115200n8 rw root=PARTUUID=4d36e82a-b3c0-4b4b-bfcd-afe5217ac023 rootwait gpt debug noinitrd earlyprintk init=/bin/bash
[    0.000000] PID hash table entries: 4096 (order: 2, 16384 bytes)
[    0.000000] Dentry cache hash table entries: 131072 (order: 7, 524288 bytes)
[    0.000000] Inode-cache hash table entries: 65536 (order: 6, 262144 bytes)
[    0.000000] Memory: 1994668K/2097148K available (10240K kernel code, 1254K rwdata, 4212K rodata, 2048K init, 536K bss, 36944K reserved, 65536K cma-reserved, 1245180K highmem)
[    0.000000] Virtual kernel memory layout:
[    0.000000]     vector  : 0xffff0000 - 0xffff1000   (   4 kB)
[    0.000000]     fixmap  : 0xffc00000 - 0xfff00000   (3072 kB)
[    0.000000]     vmalloc : 0xf0800000 - 0xff800000   ( 240 MB)
[    0.000000]     lowmem  : 0xc0000000 - 0xf0000000   ( 768 MB)
[    0.000000]     pkmap   : 0xbfe00000 - 0xc0000000   (   2 MB)
[    0.000000]     modules : 0xbf000000 - 0xbfe00000   (  14 MB)
[    0.000000]       .text : 0xc0208000 - 0xc0d00000   (11232 kB)
[    0.000000]       .init : 0xc1200000 - 0xc1400000   (2048 kB)
[    0.000000]       .data : 0xc1400000 - 0xc1539ae0   (1255 kB)
[    0.000000]        .bss : 0xc153b000 - 0xc15c12b8   ( 537 kB)
[    0.000000] SLUB: HWalign=64, Order=0-3, MinObjects=0, CPUs=4, Nodes=1
[    0.000000] Hierarchical RCU implementation.
[    0.000000] 	RCU debugfs-based tracing is enabled.
[    0.000000] 	Build-time adjustment of leaf fanout to 32.
[    0.000000] 	RCU restricting CPUs from NR_CPUS=16 to nr_cpu_ids=4.
[    0.000000] RCU: Adjusting geometry for rcu_fanout_leaf=32, nr_cpu_ids=4
[    0.000000] NR_IRQS:16 nr_irqs:16 16
[    0.000000] /interrupt-controller@60004000: 160 interrupts forwarded to /interrupt-controller@50041000
[    0.000000] Tegra clk 127: register failed with -17
[    0.000003] sched_clock: 32 bits at 1000kHz, resolution 1000ns, wraps every 2147483647500ns
[    0.000012] clocksource: timer_us: mask: 0xffffffff max_cycles: 0xffffffff, max_idle_ns: 1911260446275 ns
[    0.000019] Switching to timer-based delay loop, resolution 1000ns
[    0.001872] arm_arch_timer: Architected cp15 timer(s) running at 12.00MHz (virt).
[    0.001879] clocksource: arch_sys_counter: mask: 0xffffffffffffff max_cycles: 0x2c47f4ee7, max_idle_ns: 440795202497 ns
[    0.001886] sched_clock: 56 bits at 12MHz, resolution 83ns, wraps every 4398046511096ns
[    0.001891] Switching to timer-based delay loop, resolution 83ns
[    0.002097] Console: colour dummy device 80x30
[    0.002111] Calibrating delay loop (skipped), value calculated using timer frequency.. 24.00 BogoMIPS (lpj=120000)
[    0.002118] pid_max: default: 32768 minimum: 301
[    0.002163] Mount-cache hash table entries: 2048 (order: 1, 8192 bytes)
[    0.002168] Mountpoint-cache hash table entries: 2048 (order: 1, 8192 bytes)
[    0.002366] CPU: Testing write buffer coherency: ok
[    0.002487] /cpus/cpu@0 missing clock-frequency property
[    0.002502] /cpus/cpu@1 missing clock-frequency property
[    0.002517] /cpus/cpu@2 missing clock-frequency property
[    0.002532] /cpus/cpu@3 missing clock-frequency property
[    0.002537] CPU0: thread -1, cpu 0, socket 0, mpidr 80000000
[    0.002655] Setting up static identity map for 0x80300000 - 0x80300098
[    0.004013] Tegra Revision: A01 SKU: 131 CPU Process: 1 SoC Process: 1
[    0.004246] EFI services will not be available.
[    0.004344] smp: Bringing up secondary CPUs ...
[    0.004640] CPU1: thread -1, cpu 1, socket 0, mpidr 80000001
[    0.012041] CPU2: thread -1, cpu 2, socket 0, mpidr 80000002
[    0.022043] CPU3: thread -1, cpu 3, socket 0, mpidr 80000003
[    0.031764] smp: Brought up 1 node, 4 CPUs
[    0.031772] SMP: Total of 4 processors activated (96.00 BogoMIPS).
[    0.031776] CPU: All CPU(s) started in SVC mode.
[    0.032319] devtmpfs: initialized
[    0.037908] VFP support v0.3: implementor 41 architecture 4 part 30 variant f rev 0
[    0.038100] clocksource: jiffies: mask: 0xffffffff max_cycles: 0xffffffff, max_idle_ns: 19112604462750000 ns
[    0.038108] futex hash table entries: 1024 (order: 4, 65536 bytes)
[    0.038668] pinctrl core: initialized pinctrl subsystem
[    0.039437] NET: Registered protocol family 16
[    0.040176] DMA: preallocated 256 KiB pool for atomic coherent allocations
[    0.041080] cpuidle: using governor menu
[    0.050066] No ATAGs?
[    0.050122] hw-breakpoint: found 5 (+1 reserved) breakpoint and 4 watchpoint registers.
[    0.050127] hw-breakpoint: maximum watchpoint size is 8 bytes.
[    0.052680] Serial: AMBA PL011 UART driver
[    0.053027] tegra-mc 70019000.memory-controller: no memory timings for RAM code 0 registered
[    0.058301] +5V_SYS: supplied by +VDD_MUX
[    0.058395] +3.3V_SYS: supplied by +VDD_MUX
[    0.058599] +VDD_LED: Failed to request enable GPIO122: -517
[    0.058605] reg-fixed-voltage regulators:regulator@5: Failed to register regulator: -517
[    0.058637] +5V_VDD_TS_SW: Failed to request enable GPIO81: -517
[    0.058642] reg-fixed-voltage regulators:regulator@6: Failed to register regulator: -517
[    0.058672] +5V_USB_HS: Failed to request enable GPIO108: -517
[    0.058677] reg-fixed-voltage regulators:regulator@7: Failed to register regulator: -517
[    0.058706] +5V_USB_SS: Failed to request enable GPIO109: -517
[    0.058711] reg-fixed-voltage regulators:regulator@8: Failed to register regulator: -517
[    0.058789] +1.05V_RUN_AVDD_HDMI_PLL: Failed to request enable GPIO63: -517
[    0.058794] reg-fixed-voltage regulators:regulator@11: Failed to register regulator: -517
[    0.058824] +5V_HDMI_CON: Failed to request enable GPIO86: -517
[    0.058829] reg-fixed-voltage regulators:regulator@12: Failed to register regulator: -517
[    0.059882] vgaarb: loaded
[    0.060149] SCSI subsystem initialized
[    0.060220] libata version 3.00 loaded.
[    0.060310] usbcore: registered new interface driver usbfs
[    0.060331] usbcore: registered new interface driver hub
[    0.060352] usbcore: registered new device driver usb
[    0.061626] pps_core: LinuxPPS API ver. 1 registered
[    0.061630] pps_core: Software ver. 5.3.6 - Copyright 2005-2007 Rodolfo Giometti <giometti@linux.it>
[    0.061637] PTP clock support registered
[    0.061701] EDAC MC: Ver: 3.0.0
[    0.062118] tegra-emc 7001b000.emc: no memory timings for RAM code 0 found in DT
[    0.062128] tegra-emc: probe of 7001b000.emc failed with error -2
[    0.062561] clocksource: Switched to clocksource arch_sys_counter
[    0.065734] NET: Registered protocol family 2
[    0.065924] TCP established hash table entries: 8192 (order: 3, 32768 bytes)
[    0.065957] TCP bind hash table entries: 8192 (order: 4, 65536 bytes)
[    0.066020] TCP: Hash tables configured (established 8192 bind 8192)
[    0.066054] UDP hash table entries: 512 (order: 2, 16384 bytes)
[    0.066069] UDP-Lite hash table entries: 512 (order: 2, 16384 bytes)
[    0.066129] NET: Registered protocol family 1
[    0.066248] RPC: Registered named UNIX socket transport module.
[    0.066252] RPC: Registered udp transport module.
[    0.066255] RPC: Registered tcp transport module.
[    0.066258] RPC: Registered tcp NFSv4.1 backchannel transport module.
[    0.066263] PCI: CLS 0 bytes, default 64
[    0.066696] hw perfevents: enabled with armv7_cortex_a15 PMU driver, 7 counters available
[    0.067347] workingset: timestamp_bits=30 max_order=19 bucket_order=0
[    0.070140] squashfs: version 4.0 (2009/01/31) Phillip Lougher
[    0.070386] NFS: Registering the id_resolver key type
[    0.070398] Key type id_resolver registered
[    0.070401] Key type id_legacy registered
[    0.070418] ntfs: driver 2.1.32 [Flags: R/O].
[    0.070967] bounce: pool size: 64 pages
[    0.070983] Block layer SCSI generic (bsg) driver version 0.4 loaded (major 248)
[    0.070987] io scheduler noop registered
[    0.070991] io scheduler deadline registered
[    0.071045] io scheduler cfq registered (default)
[    0.071049] io scheduler mq-deadline registered
[    0.072821] tegra-xusb-padctl 7009f000.padctl: failed to setup XUSB ports: -517
[    0.082209] tegra-apbdma 60020000.dma: Tegra20 APB DMA driver register 32 channels
[    0.082905] tegra-pmc 7000e400.pmc: i2c-thermtrip node not found, emergency thermal reset disabled.
[    0.100875] Serial: 8250/16550 driver, 4 ports, IRQ sharing disabled
[    0.101887] console [ttyS0] disabled
[    0.101904] 70006000.serial: ttyS0 at MMIO 0x70006000 (irq = 333, base_baud = 25500000) is a Tegra
[    0.985227] console [ttyS0] enabled
[    0.988994] SuperH (H)SCI(F) driver initialized
[    0.993843] msm_serial: driver initialized
[    0.997986] STMicroelectronics ASC driver initialized
[    1.005502] tegra-hdmi 54280000.hdmi: failed to get HDMI regulator
[    1.012023] tegra-dpaux 545c0000.dpaux: failed to get VDD supply: -517
[    1.019310] panel-simple panel: panel supply power not found, using dummy regulator
[    1.030486] brd: module loaded
[    1.036213] loop: module loaded
[    1.040226] as3722 4-0040: AS3722 with revision 0x1 found
[    1.050185] as3722-sd2: supplied by +5V_SYS
[    1.054605] as3722-sd3: supplied by +5V_SYS
[    1.058930] +1.35V_LP0(sd3): Bringing 0uV into 1350000-1350000uV
[    1.065148] as3722-sd4: supplied by +5V_SYS
[    1.069479] +1.05V_RUN: Bringing 0uV into 1050000-1050000uV
[    1.075218] as3722-sd5: supplied by +5V_SYS
[    1.080791] as3722-ldo0: supplied by +1.35V_LP0(sd2)
[    1.086518] +1.8V_RUN_CAM: Bringing 0uV into 1800000-1800000uV
[    1.092528] as3722-ldo2: supplied by +1.8V_VDDIO
[    1.098146] as3722-ldo3: supplied by +3.3V_SYS
[    1.102598] +1.00V_LP0_VDD_RTC: Bringing 1100000uV into 1000000-1000000uV
[    1.110161] as3722-ldo4: supplied by +3.3V_SYS
[    1.114770] +3.3V_RUN_CAM: Bringing 0uV into 2800000-2800000uV
[    1.120780] as3722-ldo5: supplied by +1.8V_VDDIO
[    1.125551] +1.2V_RUN_CAM_FRONT: Bringing 0uV into 1200000-1200000uV
[    1.132224] +VDDIO_SDMMC3: Bringing 0uV into 1800000-1800000uV
[    1.138240] as3722-ldo7: supplied by +1.8V_VDDIO
[    1.143010] +1.05V_RUN_CAM_REAR: Bringing 0uV into 1050000-1050000uV
[    1.149549] as3722-ldo9: supplied by +5V_SYS
[    1.154115] +2.8V_RUN_TOUCH: Bringing 0uV into 2800000-2800000uV
[    1.160298] as3722-ldo10: supplied by +5V_SYS
[    1.164807] +2.8V_RUN_CAM_AF: Bringing 0uV into 2800000-2800000uV
[    1.171235] +1.8V_RUN_VPP_FUSE: Bringing 0uV into 1800000-1800000uV
[    1.183543] random: fast init done
[    1.189399] m25p80 spi32765.0: w25q32dw (4096 Kbytes)
[    1.195464] libphy: Fixed MDIO Bus: probed
[    1.199930] CAN device driver interface
[    1.204076] bgmac_bcma: Broadcom 47xx GBit MAC driver loaded
[    1.210168] e1000e: Intel(R) PRO/1000 Network Driver - 3.2.6-k
[    1.215991] e1000e: Copyright(c) 1999 - 2015 Intel Corporation.
[    1.221912] igb: Intel(R) Gigabit Ethernet Network Driver - version 5.4.0-k
[    1.228861] igb: Copyright (c) 2007-2014 Intel Corporation.
[    1.235591] pegasus: v0.9.3 (2013/04/25), Pegasus/Pegasus II USB Ethernet driver
[    1.242995] usbcore: registered new interface driver pegasus
[    1.248653] usbcore: registered new interface driver asix
[    1.254054] usbcore: registered new interface driver ax88179_178a
[    1.260141] usbcore: registered new interface driver cdc_ether
[    1.265982] usbcore: registered new interface driver smsc75xx
[    1.271728] usbcore: registered new interface driver smsc95xx
[    1.277474] usbcore: registered new interface driver net1080
[    1.283133] usbcore: registered new interface driver cdc_subset
[    1.289047] usbcore: registered new interface driver zaurus
[    1.294627] usbcore: registered new interface driver cdc_ncm
[    1.300890] ehci_hcd: USB 2.0 'Enhanced' Host Controller (EHCI) Driver
[    1.307407] ehci-pci: EHCI PCI platform driver
[    1.311849] ehci-platform: EHCI generic platform driver
[    1.317134] ehci-orion: EHCI orion driver
[    1.321176] SPEAr-ehci: EHCI SPEAr driver
[    1.325228] ehci-st: EHCI STMicroelectronics driver
[    1.330137] ehci-exynos: EHCI EXYNOS driver
[    1.334364] ehci-atmel: EHCI Atmel driver
[    1.338406] tegra-ehci: Tegra EHCI driver
[    1.342461] ohci_hcd: USB 1.1 'Open' Host Controller (OHCI) Driver
[    1.348635] ohci-pci: OHCI PCI platform driver
[    1.353082] ohci-platform: OHCI generic platform driver
[    1.358343] ohci-omap3: OHCI OMAP3 driver
[    1.362385] SPEAr-ohci: OHCI SPEAr driver
[    1.366434] ohci-st: OHCI STMicroelectronics driver
[    1.371343] ohci-atmel: OHCI Atmel driver
[    1.375600] usbcore: registered new interface driver usb-storage
[    1.382358] elan_i2c 1-0015: 1-0015 supply vcc not found, using dummy regulator
[    1.389722] as3722-rtc as3722-rtc: rtc core: registered as3722-rtc as rtc0
[    1.396594] as3722-rtc as3722-rtc: RTC interrupt 372
[    1.403465] tegra_rtc 7000e000.rtc: rtc core: registered 7000e000.rtc as rtc1
[    1.410595] tegra_rtc 7000e000.rtc: Tegra internal Real Time Clock
[    1.416942] i2c /dev entries driver
[    1.422719] lm90 0-004c: 0-004c supply vcc not found, using dummy regulator
[    1.433992] sdhci: Secure Digital Host Controller Interface driver
[    1.440156] sdhci: Copyright(c) Pierre Ossman
[    1.445048] Synopsys Designware Multimedia Card Interface Driver
[    1.451418] sdhci-pltfm: SDHCI platform and OF driver helper
[    1.457333] sdhci-tegra 700b0000.sdhci: allocated mmc-pwrseq
[    1.463097] sdhci-tegra 700b0400.sdhci: Got CD GPIO
[    1.467968] sdhci-tegra 700b0400.sdhci: Got WP GPIO
[    1.472954] mmc0: Unknown controller version (3). You may experience problems.
[    1.480186] mmc0: Invalid maximum block size, assuming 512 bytes
[    1.542567] mmc0: SDHCI controller on 700b0600.sdhci [700b0600.sdhci] using ADMA
[    1.550622] ledtrig-cpu: registered to indicate activity on CPUs
[    1.556809] usbcore: registered new interface driver usbhid
[    1.562372] usbhid: USB HID core driver
[    1.567592] NET: Registered protocol family 10
[    1.572368] Segment Routing with IPv6
[    1.576071] sit: IPv6, IPv4 and MPLS over IPv4 tunneling driver
[    1.582204] NET: Registered protocol family 17
[    1.586652] can: controller area network core (rev 20120528 abi 9)
[    1.592896] NET: Registered protocol family 29
[    1.597333] can: raw protocol (rev 20120528)
[    1.601599] can: broadcast manager protocol (rev 20161123 t)
[    1.607256] can: netlink gateway (rev 20130117) max_hops=1
[    1.612867] Key type dns_resolver registered
[    1.617341] ThumbEE CPU extension supported.
[    1.621606] Registering SWP/SWPB emulation handler
[    1.631101] +3.3V_RUN: supplied by +3.3V_SYS
[    1.635444] elan_i2c 1-0015: Elan Touchpad: Module ID: 0x002a, Firmware: 0x0005, Sample: 0x0007, IAP: 0x0009
[    1.636568] +VDD_LED: supplied by +VDD_MUX
[    1.636700] +3.3V_AVDD_HDMI_AP_GATED: supplied by +3.3V_RUN
[    1.636738] +1.8V_RUN_CAM: supplied by +3.3V_RUN
[    1.636785] +VDDIO_SDMMC3: supplied by +3.3V_RUN
[    1.636822] +1.8V_RUN_VPP_FUSE: supplied by +3.3V_RUN
[    1.636992] +5V_VDD_TS_SW: supplied by +5V_SYS
[    1.637226] +5V_USB_HS: supplied by +5V_SYS
[    1.637462] +5V_USB_SS: supplied by +5V_SYS
[    1.638701] +3.3V_PANEL: supplied by +3.3V_RUN
[    1.639690] +3.3V_LP0: supplied by +3.3V_SYS
[    1.640360] +1.05V_RUN_AVDD_HDMI_PLL: supplied by +1.05V_RUN
[    1.640611] +5V_HDMI_CON: supplied by +5V_SYS
[    1.641675]  usb3-0: usb3-0 supply vbus not found, using dummy regulator
[    1.641755]  usb3-1: usb3-1 supply vbus not found, using dummy regulator
[    1.646678] tegra-sor 54540000.sor: failed to probe output: -517
[    1.647376] panel-simple panel: panel supply power not found, using dummy regulator
[    1.648260] sdhci-tegra 700b0000.sdhci: allocated mmc-pwrseq
[    1.648350] mmc1: Unknown controller version (3). You may experience problems.
[    1.648389] mmc1: Invalid maximum block size, assuming 512 bytes
[    1.673075] mmc1: Switching to 3.3V signalling voltage failed
[    1.694386] mmc0: new high speed MMC card at address 0001
[    1.695062] mmcblk0: mmc0:0001 MMC16G 14.4 GiB 
[    1.695268] mmcblk0boot0: mmc0:0001 MMC16G partition 1 2.00 MiB
[    1.695554] mmcblk0boot1: mmc0:0001 MMC16G partition 2 2.00 MiB
[    1.696016] mmcblk0rpmb: mmc0:0001 MMC16G partition 3 128 KiB
[    1.699487]  mmcblk0: p1 p2 p3 p4 p5 p6 p7 p8 p9 p10 p11 p12
[    1.732688] mmc1: SDHCI controller on 700b0000.sdhci [700b0000.sdhci] using ADMA
[    1.733725] sdhci-tegra 700b0400.sdhci: Got CD GPIO
[    1.733742] sdhci-tegra 700b0400.sdhci: Got WP GPIO
[    1.733882] mmc2: Unknown controller version (3). You may experience problems.
[    1.733936] mmc2: Invalid maximum block size, assuming 512 bytes
[    1.773874] mmc1: new high speed SDIO card at address 0001
[    1.792904] mmc2: SDHCI controller on 700b0400.sdhci [700b0400.sdhci] using ADMA
[    1.829117] input: Elan Touchpad as /devices/soc0/7000c400.i2c/i2c-1/1-0015/input/input0
[    1.887803] [drm] Supports vblank timestamp caching Rev 2 (21.10.2013).
[    1.894432] [drm] No driver support for vblank timestamp query.
[    1.934706] mmc2: new high speed SDHC card at address 0007
[    1.935325] mmcblk2: mmc2:0007 SD08G 7.42 GiB 
[    1.943746] GPT:Primary header alternate_lba != Alt. header my_lba
[    1.943750] GPT:3014591 != 15564799
[    1.943752] GPT:Primary header thinks Alt. header is not at the end of the disk.
[    1.943753] GPT:3014591 != 15564799
[    1.943754] GPT: Use GNU Parted to correct GPT errors.
[    1.943782]  mmcblk2: p1 p2 p3 p4 p5 p6 p7 p8 p9 p10 p11 p12
[    1.982828] Console: switching to colour frame buffer device 170x48
[    2.046963] drm drm: fb0:  frame buffer device
[    2.051446] [drm] Initialized tegra 0.0.0 20120330 for drm on minor 0
[    2.058627] input: gpio-keys as /devices/soc0/gpio-keys/input/input1
[    2.066112] as3722-rtc as3722-rtc: setting system clock to 2000-01-01 00:00:23 UTC (946684823)
[    2.075262] +1.8V_RUN_CAM: disabling
[    2.079037] +3.3V_RUN_CAM: disabling
[    2.082829] +1.2V_RUN_CAM_FRONT: disabling
[    2.087122] +1.05V_RUN_CAM_REAR: disabling
[    2.091375] +2.8V_RUN_TOUCH: disabling
[    2.095395] +2.8V_RUN_CAM_AF: disabling
[    2.099384] +1.8V_RUN_VPP_FUSE: disabling
[    2.103621] +5V_VDD_TS_SW: disabling
[    2.107195] +5V_USB_HS: disabling
[    2.110499] +5V_USB_SS: disabling
[    2.114704] EXT4-fs (mmcblk0p3): couldn't mount as ext3 due to feature incompatibilities
[    2.123349] EXT4-fs (mmcblk0p3): couldn't mount as ext2 due to feature incompatibilities
[    2.577561] EXT4-fs (mmcblk0p3): recovery complete
[    2.583087] EXT4-fs (mmcblk0p3): mounted filesystem with ordered data mode. Opts: (null)
[    2.591192] VFS: Mounted root (ext4 filesystem) on device 179:3.
[    2.597930] devtmpfs: mounted
[    2.601563] Freeing unused kernel memory: 2048K
bash: cannot set terminal process group (-1): Inappropriate ioctl for device
bash: no job control in this shell
root@(none):/# mount -t sysfs none /sys
root@(none):/# 
root@(none):/# mount -t debugfs none /sys/kernel/debug
root@(none):/# 
root@(none):/# rtcwake -d rtc1 -m mem -s 3
rtcwake: assuming RTC uses UTC ...
rtcwake: wakeup from "mem" using /dev/rtc1 at Thu Jan  1 00:00:28 1970
[    5.821458] PM: Syncing filesystems ... done.
[    5.832365] Freezing user space processes ... (elapsed 0.001 seconds) done.
[    5.840495] Freezing remaining freezable tasks ... (elapsed 0.001 seconds) done.
[    5.849142] Suspending console(s) (use no_console_suspend to debug)
[    5.895104] PM: suspend of devices complete after 39.153 msecs
[    5.896541] PM: late suspend of devices complete after 1.429 msecs
[    5.897444] PM: noirq suspend of devices complete after 0.898 msecs
[    5.897446] Disabling non-boot CPUs ...
[    6.084106] Entering suspend state LP1
[    6.084106] Suspended for 2.832 seconds
[    6.084116] Enabling non-boot CPUs ...
[    6.114124] CPU1 is up
[    6.153967] CPU2 is up
[    6.194179] CPU3 is up
[    6.194633] PM: noirq resume of devices complete after 0.450 msecs
[    6.195922] PM: early resume of devices complete after 0.961 msecs
[    6.351626] mmc1: Switching to 3.3V signalling voltage failed
[    6.602560] tegra-sor 54540000.sor: failed to attach SOR: -110
[    6.639417] PM: resume of devices complete after 443.488 msecs
[    6.710699] Restarting tasks ... done.
root@(none):/# 
root@(none):/# rtcwake -d rtc1 -m mem -s 3
rtcwake: assuming RTC uses UTC ...
rtcwake: wakeup from "mem" using /dev/rtc1 at Thu Jan  1 00:00:32 1970
[    7.082750] PM: Syncing filesystems ... done.
[    7.106389] Freezing user space processes ... (elapsed 0.001 seconds) done.
[    7.114575] Freezing remaining freezable tasks ... (elapsed 0.001 seconds) done.
[    7.123251] Suspending console(s) (use no_console_suspend to debug)
[    7.169001] PM: suspend of devices complete after 38.974 msecs
[    7.170308] PM: late suspend of devices complete after 1.299 msecs
[    7.171157] PM: noirq suspend of devices complete after 0.844 msecs
[    7.171159] Disabling non-boot CPUs ...
[    7.344239] Entering suspend state LP1
[    7.344239] Suspended for 2.739 seconds
[    7.344250] Enabling non-boot CPUs ...
[    7.374116] CPU1 is up
[    7.413945] CPU2 is up
[    7.454149] CPU3 is up
[    7.454598] PM: noirq resume of devices complete after 0.445 msecs
[    7.455873] PM: early resume of devices complete after 0.967 msecs
[    7.612566] mmc1: Switching to 3.3V signalling voltage failed
[    7.872528] tegra-sor 54540000.sor: failed to attach SOR: -110
[    7.900421] PM: resume of devices complete after 444.539 msecs
[    7.971796] Restarting tasks ... done.
root@(none):/# 
root@(none):/# rtcwake -d rtc1 -m mem -s 3
rtcwake: assuming RTC uses UTC ...
rtcwake: wakeup from "mem" using /dev/rtc1 at Thu Jan  1 00:00:36 1970
[    8.332694] PM: Syncing filesystems ... done.
[    8.350585] Freezing user space processes ... (elapsed 0.001 seconds) done.
[    8.358746] Freezing remaining freezable tasks ... (elapsed 0.001 seconds) done.
[    8.367379] Suspending console(s) (use no_console_suspend to debug)
[    8.414040] PM: suspend of devices complete after 39.883 msecs
[    8.415452] PM: late suspend of devices complete after 1.403 msecs
[    8.416354] PM: noirq suspend of devices complete after 0.897 msecs
[    8.416356] Disabling non-boot CPUs ...
[    8.416558] IRQ17 no longer affine to CPU1
[    8.584002] Entering suspend state LP1
[    8.584002] Suspended for 2.760 seconds
[    8.584012] Enabling non-boot CPUs ...
[    8.614104] CPU1 is up
[    8.653923] CPU2 is up
[    8.694125] CPU3 is up
[    8.694566] PM: noirq resume of devices complete after 0.435 msecs
[    8.696073] PM: early resume of devices complete after 1.194 msecs
[    8.852329] mmc1: Switching to 3.3V signalling voltage failed
[    9.102590] tegra-sor 54540000.sor: failed to attach SOR: -110
[    9.139882] PM: resume of devices complete after 443.801 msecs
[    9.215262] Restarting tasks ... done.
root@(none):/# 
root@(none):/# rtcwake -d rtc1 -m mem -s 3
rtcwake: assuming RTC uses UTC ...
rtcwake: wakeup from "mem" using /dev/rtc1 at Thu Jan  1 00:00:40 1970
[    9.582689] PM: Syncing filesystems ... done.
[    9.606851] Freezing user space processes ... (elapsed 0.001 seconds) done.
[    9.614946] Freezing remaining freezable tasks ... (elapsed 0.001 seconds) done.
[    9.623568] Suspending console(s) (use no_console_suspend to debug)
[    9.670444] PM: suspend of devices complete after 40.102 msecs
[    9.671661] PM: late suspend of devices complete after 1.208 msecs
[    9.672546] PM: noirq suspend of devices complete after 0.880 msecs
[    9.672548] Disabling non-boot CPUs ...
[    9.744439] IRQ17 no longer affine to CPU2
[    9.854192] Entering suspend state LP1
[    9.854192] Suspended for 2.729 seconds
[    9.854203] Enabling non-boot CPUs ...
[    9.884048] CPU1 is up
[    9.923888] CPU2 is up
[    9.964081] CPU3 is up
[    9.964520] PM: noirq resume of devices complete after 0.435 msecs
[    9.966016] PM: early resume of devices complete after 1.195 msecs
[   10.121505] mmc1: Switching to 3.3V signalling voltage failed
[   10.372455] tegra-sor 54540000.sor: failed to attach SOR: -110
[   10.409015] PM: resume of devices complete after 442.994 msecs
[   10.484382] Restarting tasks ... done.
root@(none):/# 
root@(none):/# rtcwake -d rtc1 -m mem -s 3
rtcwake: assuming RTC uses UTC ...
rtcwake: wakeup from "mem" using /dev/rtc1 at Thu Jan  1 00:00:44 1970
[   10.842289] PM: Syncing filesystems ... done.
[   10.859300] Freezing user space processes ... (elapsed 0.001 seconds) done.
[   10.867473] Freezing remaining freezable tasks ... (elapsed 0.001 seconds) done.
[   10.876003] Suspending console(s) (use no_console_suspend to debug)
[   10.922915] PM: suspend of devices complete after 40.134 msecs
[   10.924077] PM: late suspend of devices complete after 1.153 msecs
[   10.924976] PM: noirq suspend of devices complete after 0.894 msecs
[   10.924978] Disabling non-boot CPUs ...
[   11.093945] Entering suspend state LP1
[   11.093945] Suspended for 2.760 seconds
[   11.093956] Enabling non-boot CPUs ...
[   11.124018] CPU1 is up
[   11.163866] CPU2 is up
[   11.204064] CPU3 is up
[   11.204493] PM: noirq resume of devices complete after 0.424 msecs
[   11.205702] PM: early resume of devices complete after 0.907 msecs
[   11.361499] mmc1: Switching to 3.3V signalling voltage failed
[   11.612485] tegra-sor 54540000.sor: failed to attach SOR: -110
[   11.649061] PM: resume of devices complete after 443.352 msecs
[   11.720235] Restarting tasks ... done.
root@(none):/# 
root@(none):/# rtcwake -d rtc1 -m mem -s 3
rtcwake: assuming RTC uses UTC ...
rtcwake: wakeup from "mem" using /dev/rtc1 at Thu Jan  1 00:00:48 1970
[   12.092630] PM: Syncing filesystems ... done.
[   12.116061] Freezing user space processes ... (elapsed 0.001 seconds) done.
[   12.124225] Freezing remaining freezable tasks ... (elapsed 0.001 seconds) done.
[   12.132851] Suspending console(s) (use no_console_suspend to debug)
[   12.178030] PM: suspend of devices complete after 38.403 msecs
[   12.179389] PM: late suspend of devices complete after 1.351 msecs
[   12.180298] PM: noirq suspend of devices complete after 0.904 msecs
[   12.180300] Disabling non-boot CPUs ...
[   12.384116] Entering suspend state LP1
[   12.384116] Suspended for 2.709 seconds
[   12.384127] Enabling non-boot CPUs ...
[   12.413993] CPU1 is up
[   12.453828] CPU2 is up
[   12.494031] CPU3 is up
[   12.494466] PM: noirq resume of devices complete after 0.430 msecs
[   12.495927] PM: early resume of devices complete after 1.143 msecs
[   12.651704] mmc1: Switching to 3.3V signalling voltage failed
[   12.912416] tegra-sor 54540000.sor: failed to attach SOR: -110
[   12.939274] PM: resume of devices complete after 443.341 msecs
[   13.010556] Restarting tasks ... done.
root@(none):/# 
root@(none):/# rtcwake -d rtc1 -m mem -s 3
rtcwake: assuming RTC uses UTC ...
rtcwake: wakeup from "mem" using /dev/rtc1 at Thu Jan  1 00:00:52 1970
[   13.382519] PM: Syncing filesystems ... done.
[   13.406241] Freezing user space processes ... (elapsed 0.001 seconds) done.
[   13.414320] Freezing remaining freezable tasks ... (elapsed 0.001 seconds) done.
[   13.422942] Suspending console(s) (use no_console_suspend to debug)
[   13.469694] PM: suspend of devices complete after 39.972 msecs
[   13.471077] PM: late suspend of devices complete after 1.375 msecs
[   13.471899] PM: noirq suspend of devices complete after 0.817 msecs
[   13.471901] Disabling non-boot CPUs ...
[   13.664102] Entering suspend state LP1
[   13.664102] Suspended for 2.719 seconds
[   13.664112] Enabling non-boot CPUs ...
[   13.693963] CPU1 is up
[   13.733806] CPU2 is up
[   13.774005] CPU3 is up
[   13.774432] PM: noirq resume of devices complete after 0.423 msecs
[   13.775899] PM: early resume of devices complete after 1.167 msecs
[   13.931477] mmc1: Switching to 3.3V signalling voltage failed
[   14.182471] tegra-sor 54540000.sor: failed to attach SOR: -110
[   14.219074] PM: resume of devices complete after 443.170 msecs
[   14.290358] Restarting tasks ... done.
root@(none):/# 
root@(none):/# rtcwake -d rtc1 -m mem -s 3
rtcwake: assuming RTC uses UTC ...
rtcwake: wakeup from "mem" using /dev/rtc1 at Thu Jan  1 00:00:56 1970
[   14.662578] PM: Syncing filesystems ... done.
[   14.685994] Freezing user space processes ... (elapsed 0.001 seconds) done.
[   14.694072] Freezing remaining freezable tasks ... (elapsed 0.001 seconds) done.
[   14.702696] Suspending console(s) (use no_console_suspend to debug)
[   14.749500] PM: suspend of devices complete after 40.027 msecs
[   14.750867] PM: late suspend of devices complete after 1.358 msecs
[   14.751768] PM: noirq suspend of devices complete after 0.896 msecs
[   14.751770] Disabling non-boot CPUs ...
[   14.924068] Entering suspend state LP1
[   14.924068] Suspended for 2.739 seconds
[   14.924079] Enabling non-boot CPUs ...
[   14.953928] CPU1 is up
[   14.993777] CPU2 is up
[   15.033985] CPU3 is up
[   15.034417] PM: noirq resume of devices complete after 0.427 msecs
[   15.035734] PM: early resume of devices complete after 1.001 msecs
[   15.191425] mmc1: Switching to 3.3V signalling voltage failed
[   15.442429] tegra-sor 54540000.sor: failed to attach SOR: -110
[   15.478937] PM: resume of devices complete after 443.197 msecs
[   15.550205] Restarting tasks ... done.
root@(none):/# 
root@(none):/# rtcwake -d rtc1 -m mem -s 3
rtcwake: assuming RTC uses UTC ...
rtcwake: wakeup from "mem" using /dev/rtc1 at Thu Jan  1 00:01:00 1970
[   15.922550] PM: Syncing filesystems ... done.
[   15.945936] Freezing user space processes ... (elapsed 0.001 seconds) done.
[   15.954107] Freezing remaining freezable tasks ... (elapsed 0.001 seconds) done.
[   15.962634] Suspending console(s) (use no_console_suspend to debug)
[   16.009104] PM: suspend of devices complete after 39.694 msecs
[   16.010439] PM: late suspend of devices complete after 1.326 msecs
[   16.011349] PM: noirq suspend of devices complete after 0.905 msecs
[   16.011351] Disabling non-boot CPUs ...
[   16.183836] Entering suspend state LP1
[   16.183836] Suspended for 2.740 seconds
[   16.183846] Enabling non-boot CPUs ...
[   16.213899] CPU1 is up
[   16.253748] CPU2 is up
[   16.293951] CPU3 is up
[   16.294382] PM: noirq resume of devices complete after 0.426 msecs
[   16.295818] PM: early resume of devices complete after 1.133 msecs
[   16.451657] mmc1: Switching to 3.3V signalling voltage failed
[   16.712409] tegra-sor 54540000.sor: failed to attach SOR: -110
[   16.739168] PM: resume of devices complete after 443.345 msecs
[   16.810344] Restarting tasks ... done.
root@(none):/# 
root@(none):/# rtcwake -d rtc1 -m mem -s 3
rtcwake: assuming RTC uses UTC ...
rtcwake: wakeup from "mem" using /dev/rtc1 at Thu Jan  1 00:01:04 1970
[   17.181589] PM: Syncing filesystems ... done.
[   17.206143] Freezing user space processes ... (elapsed 0.001 seconds) done.
[   17.214306] Freezing remaining freezable tasks ... (elapsed 0.001 seconds) done.
[   17.222931] Suspending console(s) (use no_console_suspend to debug)
[   17.269659] PM: suspend of devices complete after 39.954 msecs
[   17.271034] PM: late suspend of devices complete after 1.366 msecs
[   17.271944] PM: noirq suspend of devices complete after 0.905 msecs
[   17.271946] Disabling non-boot CPUs ...
[   17.444017] Entering suspend state LP1
[   17.444017] Suspended for 2.739 seconds
[   17.444028] Enabling non-boot CPUs ...
[   17.473868] CPU1 is up
[   17.513715] CPU2 is up
[   17.553916] CPU3 is up
[   17.554349] PM: noirq resume of devices complete after 0.428 msecs
[   17.555705] PM: early resume of devices complete after 1.051 msecs
[   17.711905] mmc1: Switching to 3.3V signalling voltage failed
[   17.972307] tegra-sor 54540000.sor: failed to attach SOR: -110
[   17.999158] PM: resume of devices complete after 443.447 msecs
[   18.070443] Restarting tasks ... done.
root@(none):/# 
NVTB SYSTEM SUSPEND TEST COMPLETE
root@(none):/# 