

U-Boot 2011.03 (Jun 11 2013 - 06:07:37)

T114
Board: NVIDIA Dalmore
DRAM:  2 GiB
MMC:   Tegra2 SD/MMC: 0, Tegra2 SD/MMC: 1
In:    serial
Out:   serial
Err:   serial
Net:   Net Initialization Skipped
No ethernet found.
Hit any key to stop autoboot:  2  1  0 
Dalmore #
Dalmore #usb reset
(Re)start USB...
USB:   Register 10011 NbrPorts 1
USB EHCI 1.10
scanning bus for devices... 2 USB Device(s) found
       scanning bus for storage devices... 0 Storage Device(s) found
       scanning bus for ethernet devices... 1 Ethernet Device(s) found
Dalmore #setenv bootargs 'ignore_loglevel console=ttyS0,115200n8 rw root=/dev/mmcblk0p1 rootwait gpt init=/bin/bash'
Dalmore #setenv ipaddr 192.168.100.100; setenv serverip 192.168.100.1; setenv tftpserverip 192.168.100.1
Dalmore #tftpboot 0x81000000 zImage.tegra_defconfig
Waiting for Ethernet connection... done.
Using asx0 device
TFTP from server 192.168.100.1; our IP address is 192.168.100.100
Filename 'zImage.tegra_defconfig'.
Load address: 0x81000000
Loading: *#################################################  2.4 MiB/s
done
Bytes transferred = 4486144 (447400 hex)
Dalmore #tftpboot 0x82000000 tegra114-dalmore.dtb
Using asx0 device
TFTP from server 192.168.100.1; our IP address is 192.168.100.100
Filename 'tegra114-dalmore.dtb'.
Load address: 0x82000000
Loading: *#################################################  2.5 MiB/s
done
Bytes transferred = 29073 (7191 hex)
Dalmore #bootz 0x81000000 - 0x82000000
## Flattened Device Tree blob at 82000000
   Booting using the fdt blob at 0x82000000
   Loading Device Tree to 81ff5000, end 81fff190 ... OK

Starting kernel ...

Timer summary in microseconds:
       Mark    Elapsed  Stage
          0          0  awake
  3,003,997  3,003,997  usb_start
  7,007,145  4,003,148  eth_start
  7,007,143         -2  tftp start
 11,296,621  4,289,478  tftp done
 13,019,712  1,723,091  start_kernel
Uncompressing Linux... done, booting the kernel.
[    0.000000] Booting Linux on physical CPU 0x0
[    0.000000] Initializing cgroup subsys cpu
[    0.000000] Initializing cgroup subsys cpuacct
[    0.000000] Linux version 3.12.0-rc4-23628-gd0e639c (pwalmsley@tamien) (gcc version 4.5.1 (Sourcery G++ Lite 2010.09-50) ) #1 SMP PREEMPT Mon Oct 7 00:50:35 PDT 2013
[    0.000000] CPU: ARMv7 Processor [412fc0f2] revision 2 (ARMv7), cr=10c5387d
[    0.000000] CPU: PIPT / VIPT nonaliasing data cache, PIPT instruction cache
[    0.000000] Machine: NVIDIA Tegra SoC (Flattened Device Tree), model: NVIDIA Tegra114 Dalmore evaluation board
[    0.000000] debug: ignoring loglevel setting.
[    0.000000] cma: CMA: reserved 16 MiB at ae800000
[    0.000000] Memory policy: ECC disabled, Data cache writealloc
[    0.000000] On node 0 totalpages: 524032
[    0.000000] free_area_init_node: node 0, pgdat c084ef80, node_mem_map c08a7000
[    0.000000]   Normal zone: 1520 pages used for memmap
[    0.000000]   Normal zone: 0 pages reserved
[    0.000000]   Normal zone: 194560 pages, LIFO batch:31
[    0.000000]   HighMem zone: 2574 pages used for memmap
[    0.000000]   HighMem zone: 329472 pages, LIFO batch:31
[    0.000000] Tegra Revision: A01 SKU: 0 CPU Process: 1 Core Process: 1
[    0.000000] PERCPU: Embedded 8 pages/cpu @c18bf000 s9088 r8192 d15488 u32768
[    0.000000] pcpu-alloc: s9088 r8192 d15488 u32768 alloc=8*4096
[    0.000000] pcpu-alloc: [0] 0 [0] 1 [0] 2 [0] 3 
[    0.000000] Built 1 zonelists in Zone order, mobility grouping on.  Total pages: 522512
[    0.000000] Kernel command line: ignore_loglevel console=ttyS0,115200n8 rw root=/dev/mmcblk0p1 rootwait gpt init=/bin/bash
[    0.000000] PID hash table entries: 4096 (order: 2, 16384 bytes)
[    0.000000] Dentry cache hash table entries: 131072 (order: 7, 524288 bytes)
[    0.000000] Inode-cache hash table entries: 65536 (order: 6, 262144 bytes)
[    0.000000] Memory: 2053396K/2096128K available (6112K kernel code, 305K rwdata, 1816K rodata, 236K init, 343K bss, 42732K reserved, 1317888K highmem)
[    0.000000] Virtual kernel memory layout:
[    0.000000]     vector  : 0xffff0000 - 0xffff1000   (   4 kB)
[    0.000000]     fixmap  : 0xfff00000 - 0xfffe0000   ( 896 kB)
[    0.000000]     vmalloc : 0xf0000000 - 0xff000000   ( 240 MB)
[    0.000000]     lowmem  : 0xc0000000 - 0xef800000   ( 760 MB)
[    0.000000]     pkmap   : 0xbfe00000 - 0xc0000000   (   2 MB)
[    0.000000]     modules : 0xbf000000 - 0xbfe00000   (  14 MB)
[    0.000000]       .text : 0xc0008000 - 0xc07c64ec   (7930 kB)
[    0.000000]       .init : 0xc07c7000 - 0xc0802380   ( 237 kB)
[    0.000000]       .data : 0xc0804000 - 0xc08505c0   ( 306 kB)
[    0.000000]        .bss : 0xc08505cc - 0xc08a641c   ( 344 kB)
[    0.000000] Preemptible hierarchical RCU implementation.
[    0.000000] NR_IRQS:16 nr_irqs:16 16
[    0.000000] sched_clock: 32 bits at 1000kHz, resolution 1000ns, wraps every 4294967ms
[    0.000000] Architected cp15 timer(s) running at 12.00MHz (virt).
[    0.000000] Switching to timer-based delay loop
[    0.000000] sched_clock: ARM arch timer >56 bits at 12000kHz, resolution 83ns
[    0.000000] Console: colour dummy device 80x30
[   13.021416] Calibrating delay loop (skipped), value calculated using timer frequency.. 24.00 BogoMIPS (lpj=120000)
[   13.021433] pid_max: default: 32768 minimum: 301
[   13.021869] Mount-cache hash table entries: 512
[   13.040717] Initializing cgroup subsys debug
[   13.040745] Initializing cgroup subsys freezer
[   13.040806] CPU: Testing write buffer coherency: ok
[   13.041144] /cpus/cpu@0 missing clock-frequency property
[   13.041172] /cpus/cpu@1 missing clock-frequency property
[   13.041198] /cpus/cpu@2 missing clock-frequency property
[   13.041226] /cpus/cpu@3 missing clock-frequency property
[   13.041239] CPU0: thread -1, cpu 0, socket 0, mpidr 80000000
[   13.041267] Setting up static identity map for 0xc05cff60 - 0xc05cfff8
[   13.101319] CPU1: Booted secondary processor
[   13.101348] CPU1: thread -1, cpu 1, socket 0, mpidr 80000001
[   13.121252] CPU2: Booted secondary processor
[   13.121277] CPU2: thread -1, cpu 2, socket 0, mpidr 80000002
[   13.141189] CPU3: Booted secondary processor
[   13.141214] CPU3: thread -1, cpu 3, socket 0, mpidr 80000003
[   13.141321] Brought up 4 CPUs
[   13.141349] SMP: Total of 4 processors activated.
[   13.141357] CPU: All CPU(s) started in SVC mode.
[   13.142373] devtmpfs: initialized
[   13.155611] VFP support v0.3: implementor 41 architecture 4 part 30 variant f rev 0
[   13.155994] pinctrl core: initialized pinctrl subsystem
[   13.156515] regulator-dummy: no parameters
[   13.159545] NET: Registered protocol family 16
[   13.160870] DMA: preallocated 256 KiB pool for atomic coherent allocations
[   13.161647] cpuidle: using governor ladder
[   13.161659] cpuidle: using governor menu
[   13.172518] No ATAGs?
[   13.172548] hw-breakpoint: found 5 (+1 reserved) breakpoint and 4 watchpoint registers.
[   13.172557] hw-breakpoint: maximum watchpoint size is 8 bytes.
[   13.183842] bio: create slab <bio-0> at 0
[   13.185365] vdd_ac_bat: 5000 mV 
[   13.185699] dvdd_ts: Failed to request enable GPIO61: -517
[   13.185858] reg-fixed-voltage 1.regulator: Failed to register regulator: -517
[   13.185883] platform 1.regulator: Driver reg-fixed-voltage requests probe deferral
[   13.186079] lcd_bl_en: Failed to request enable GPIO58: -517
[   13.186223] reg-fixed-voltage 2.regulator: Failed to register regulator: -517
[   13.186245] platform 2.regulator: Driver reg-fixed-voltage requests probe deferral
[   13.186441] usb1_vbus: Failed to request enable GPIO108: -517
[   13.186583] reg-fixed-voltage 3.regulator: Failed to register regulator: -517
[   13.186605] platform 3.regulator: Driver reg-fixed-voltage requests probe deferral
[   13.186800] usb2_vbus: Failed to request enable GPIO86: -517
[   13.186941] reg-fixed-voltage 4.regulator: Failed to register regulator: -517
[   13.186963] platform 4.regulator: Driver reg-fixed-voltage requests probe deferral
[   13.187156] vdd_hdmi_5v0: Failed to request enable GPIO81: -517
[   13.187298] reg-fixed-voltage 5.regulator: Failed to register regulator: -517
[   13.187320] platform 5.regulator: Driver reg-fixed-voltage requests probe deferral
[   13.187400] platform 6.regulator: Driver reg-fixed-voltage requests probe deferral
[   13.188411] vgaarb: loaded
[   13.189503] SCSI subsystem initialized
[   13.189880] usbcore: registered new interface driver usbfs
[   13.189981] usbcore: registered new interface driver hub
[   13.190131] usbcore: registered new device driver usb
[   13.194044] vdd-cpu: 500 <--> 1520 mV at 1100 mV 
[   13.194663] tps65090 1-0048: No cache defaults, reading back from HW
[   13.201042] vdd-sys-5v0: no parameters
[   13.201090] vdd-sys-5v0: supplied by vdd_ac_bat
[   13.202544] vdd-sys-3v3: no parameters
[   13.202594] vdd-sys-3v3: supplied by vdd_ac_bat
[   13.204025] vdd-ao: no parameters
[   13.204063] vdd-ao: supplied by vdd_ac_bat
[   13.204315] vdd-lcd-bl: no parameters
[   13.204352] vdd-lcd-bl: supplied by vdd_ac_bat
[   13.204600] TPS65090_RAILSFET2: no parameters
[   13.204637] TPS65090_RAILSFET2: supplied by vdd_ac_bat
[   13.204878] vdd-modem-3v3: no parameters
[   13.204914] vdd-modem-3v3: supplied by vdd-sys-3v3
[   13.205178] avdd-lcd: no parameters
[   13.205212] avdd-lcd: supplied by vdd-sys-3v3
[   13.205462] vdd-lvds: no parameters
[   13.205495] vdd-lvds: supplied by vdd-sys-3v3
[   13.205740] vdd-sd-slot: no parameters
[   13.205785] vdd-sd-slot: supplied by vdd-sys-3v3
[   13.206043] vdd-com-3v3: no parameters
[   13.206077] vdd-com-3v3: supplied by vdd-sys-3v3
[   13.206313] vdd-sby-5v0: no parameters
[   13.206345] vdd-sby-5v0: supplied by vdd_ac_bat
[   13.206594] vdd-sby-3v3: no parameters
[   13.206627] vdd-sby-3v3: supplied by vdd_ac_bat
[   13.206996] genirq: Setting trigger mode 8 for irq 118 failed (gic_set_type+0x0/0xf0)
[   13.207440] palmas 1-0058: Irq flag is 0x00000000
[   13.221742] palmas 1-0058: Muxing GPIO ff, PWM 0, LED 0
[   13.230688] vddio-ddr: 1350 mV 
[   13.231533] vddio-ddr: supplied by vdd-ao
[   13.238504] vddio-1v8: 1800 mV 
[   13.239344] vddio-1v8: supplied by vdd-ao
[   13.246292] vdd-core: 900 <--> 1400 mV at 1100 mV 
[   13.247131] vdd-core: supplied by vdd-sys-3v3
[   13.251334] SMPS6: no parameters
[   13.259052] avdd-pll: 1050 mV 
[   13.259897] avdd-pll: supplied by vdd-sys-3v3
[   13.268226] sdhci-vdd-sd-slot: 2800 mV 
[   13.269068] sdhci-vdd-sd-slot: supplied by vdd-sys-3v3
[   13.270930] SMPS10_OUT2: at 5000 mV 
[   13.272745] SMPS10_OUT1: at 5000 mV 
[   13.275357] avdd-cam1: 2800 mV 
[   13.276197] avdd-cam1: supplied by vdd-sys-3v3
[   13.280215] avdd-cam2: 2800 mV 
[   13.281054] avdd-cam2: supplied by vdd-sys-3v3
[   13.285831] avdd-dsi-csi: 1200 mV 
[   13.286669] avdd-dsi-csi: supplied by vddio-1v8
[   13.291466] vpp-fuse: 1800 mV 
[   13.292306] vpp-fuse: supplied by vdd-sys-3v3
[   13.295525] LDO5: at 1200 mV 
[   13.296369] LDO5: supplied by vdd_ac_bat
[   13.299026] vdd-sensor-2v85: 2850 mV 
[   13.299865] vdd-sensor-2v85: supplied by vdd-sys-3v3
[   13.303889] vdd-af-cam1: 2800 mV 
[   13.304729] vdd-af-cam1: supplied by vdd-sys-3v3
[   13.312861] vdd-rtc: 900 mV 
[   13.313699] vdd-rtc: supplied by vdd-ao
[   13.317703] vddio-sdmmc-2: 1800 <--> 3300 mV at 3300 mV 
[   13.318543] vddio-sdmmc-2: supplied by sdhci-vdd-sd-slot
[   13.323352] hvdd-usb: 3300 mV 
[   13.324191] hvdd-usb: supplied by vdd-sys-5v0
[   13.328975] avdd-usb: 3300 mV 
[   13.329815] avdd-usb: supplied by vdd-sys-5v0
[   13.333140] rail-3v3: no parameters
[   13.335505] rail-5v0: no parameters
[   13.337092] REGEN3: no parameters
[   13.337302] SYSEN1: no parameters
[   13.337490] SYSEN2: no parameters
[   13.337980] Linux video capture interface: v2.00
[   13.338680] platform 7000f010.iommu: Driver tegra-smmu requests probe deferral
[   13.338979] Advanced Linux Sound Architecture Driver Initialized.
[   13.339759] Bluetooth: Core ver 2.16
[   13.339853] NET: Registered protocol family 31
[   13.339861] Bluetooth: HCI device and connection manager initialized
[   13.339887] Bluetooth: HCI socket layer initialized
[   13.339908] Bluetooth: L2CAP socket layer initialized
[   13.339956] Bluetooth: SCO socket layer initialized
[   13.340681] cfg80211: Calling CRDA to update world regulatory domain
[   13.341719] Switched to clocksource arch_sys_counter
[   13.355611] NET: Registered protocol family 2
[   13.356522] TCP established hash table entries: 8192 (order: 4, 65536 bytes)
[   13.356719] TCP bind hash table entries: 8192 (order: 4, 65536 bytes)
[   13.356896] TCP: Hash tables configured (established 8192 bind 8192)
[   13.357356] TCP: reno registered
[   13.357373] UDP hash table entries: 512 (order: 2, 16384 bytes)
[   13.357416] UDP-Lite hash table entries: 512 (order: 2, 16384 bytes)
[   13.357835] NET: Registered protocol family 1
[   13.358541] RPC: Registered named UNIX socket transport module.
[   13.358551] RPC: Registered udp transport module.
[   13.358559] RPC: Registered tcp transport module.
[   13.358567] RPC: Registered tcp NFSv4.1 backchannel transport module.
[   13.358579] PCI: CLS 0 bytes, default 64
[   13.362345] bounce pool size: 64 pages
[   13.364028] squashfs: version 4.0 (2009/01/31) Phillip Lougher
[   13.364841] msgmni has been set to 1468
[   13.366555] io scheduler noop registered (default)
[   13.378271] tegra-apbdma 6000a000.dma: Tegra20 APB DMA driver register 32 channels
[   13.378834] Serial: 8250/16550 driver, 4 ports, IRQ sharing disabled
[   13.380957] 70006300.serial: ttyS0 at MMIO 0x70006300 (irq = 122, base_baud = 25500000) is a Tegra
[   14.408060] console [ttyS0] enabled
[   14.412418] [drm] Initialized drm 1.1.0 20060810
[   14.422805] loop: module loaded
[   14.428829] m25p80 spi32766.0: w25q32dw (4096 Kbytes)
[   14.435710] pegasus: v0.9.3 (2013/04/25), Pegasus/Pegasus II USB Ethernet driver
[   14.443163] usbcore: registered new interface driver pegasus
[   14.448893] usbcore: registered new interface driver asix
[   14.454327] usbcore: registered new interface driver ax88179_178a
[   14.460485] usbcore: registered new interface driver cdc_ether
[   14.466352] usbcore: registered new interface driver r815x
[   14.471912] usbcore: registered new interface driver smsc75xx
[   14.477728] usbcore: registered new interface driver smsc95xx
[   14.483506] usbcore: registered new interface driver net1080
[   14.489217] usbcore: registered new interface driver cdc_subset
[   14.495168] usbcore: registered new interface driver zaurus
[   14.500849] usbcore: registered new interface driver cdc_ncm
[   14.506514] ehci_hcd: USB 2.0 'Enhanced' Host Controller (EHCI) Driver
[   14.513020] ehci-pci: EHCI PCI platform driver
[   14.517522] tegra-ehci: Tegra EHCI driver
[   14.521710] platform 7d008000.usb: Driver tegra-ehci requests probe deferral
[   14.529019] usbcore: registered new interface driver cdc_acm
[   14.534645] cdc_acm: USB Abstract Control Model driver for USB modems and ISDN adapters
[   14.542685] usbcore: registered new interface driver cdc_wdm
[   14.548428] usbcore: registered new interface driver usb-storage
[   14.554636] platform 7d008000.usb-phy: Driver tegra-phy requests probe deferral
[   14.562484] mousedev: PS/2 mouse device common for all mice
[   14.580186] palmas-rtc rtc.7: rtc core: registered rtc.7 as rtc0
[   14.590558] tegra_rtc 7000e000.rtc: rtc core: registered 7000e000.rtc as rtc1
[   14.597710] tegra_rtc 7000e000.rtc: Tegra internal Real Time Clock
[   14.605262] sbs-battery 0-000b: sbs_probe: Failed to get device status
[   14.611785] sbs-battery: probe of 0-000b failed with error -121
[   14.621398] sdhci: Secure Digital Host Controller Interface driver
[   14.627564] sdhci: Copyright(c) Pierre Ossman
[   14.631896] sdhci-pltfm: SDHCI platform and OF driver helper
[   14.637943] sdhci-tegra 78000400.sdhci: Got CD GPIO #170.
[   14.644375] mmc0: no vqmmc regulator found
[   14.648473] mmc0: no vmmc regulator found
[   14.652461] mmc0: Invalid maximum block size, assuming 512 bytes
[   14.696301] mmc0: SDHCI controller on 78000400.sdhci [78000400.sdhci] using ADMA
[   14.705852] mmc1: no vqmmc regulator found
[   14.709952] mmc1: no vmmc regulator found
[   14.713939] mmc1: Invalid maximum block size, assuming 512 bytes
[   14.756058] mmc1: SDHCI controller on 78000600.sdhci [78000600.sdhci] using ADMA
[   14.764114] usbcore: registered new interface driver usbhid
[   14.771720] usbhid: USB HID core driver
[   14.887816] mmc1: BKOPS_EN bit is not set
[   14.918224] mmc1: new HS200 MMC card at address 0001
[   14.923730] mmcblk0: mmc1:0001 SEM32G 29.1 GiB 
[   14.928565] mmcblk0boot0: mmc1:0001 SEM32G partition 1 4.00 MiB
[   14.934738] mmcblk0boot1: mmc1:0001 SEM32G partition 2 4.00 MiB
[   14.940918] mmcblk0rpmb: mmc1:0001 SEM32G partition 3 4.00 MiB
[   14.949265] Primary GPT is invalid, using alternate GPT.
[   14.954570]  mmcblk0: p1 p2 p3 p4 p5
[   14.961404]  mmcblk0boot1: unknown partition table
[   14.967860]  mmcblk0boot0: unknown partition table
[   15.215923] tegra-snd-rt5640 sound.4:  rt5640-aif1 <-> 70080400.i2s mapping ok
[   15.227959] input: NVIDIA Tegra Dalmore Headphones as /devices/soc0/sound.4/sound/card0/input0
[   15.238144] TCP: cubic registered
[   15.241735] NET: Registered protocol family 10
[   15.247602] mip6: Mobile IPv6
[   15.250557] sit: IPv6 over IPv4 tunneling driver
[   15.256933] NET: Registered protocol family 17
[   15.261396] NET: Registered protocol family 15
[   15.266005] Bluetooth: RFCOMM socket layer initialized
[   15.271118] Bluetooth: RFCOMM ver 1.11
[   15.274860] Bluetooth: BNEP (Ethernet Emulation) ver 1.3
[   15.280157] Bluetooth: BNEP socket layer initialized
[   15.285107] Bluetooth: HIDP (Human Interface Emulation) ver 1.2
[   15.291009] Bluetooth: HIDP socket layer initialized
[   15.296579] Registering SWP/SWPB emulation handler
[   15.305780] hvdd-usb: disabling
[   15.311531] vdd-af-cam1: disabling
[   15.317644] vdd-sensor-2v85: disabling
[   15.323893] LDO5: disabling
[   15.329369] vpp-fuse: disabling
[   15.335017] avdd-cam2: disabling
[   15.340927] avdd-cam1: disabling
[   15.348177] vdd-com-3v3: disabling
[   15.352167] vdd-lvds: disabling
[   15.355917] avdd-lcd: disabling
[   15.359641] vdd-lcd-bl: disabling
[   15.364524] dvdd_ts: 1800 mV 
[   15.367912] lcd_bl_en: 5000 mV 
[   15.371352] usb1_vbus: 5000 mV 
[   15.374551] usb1_vbus: supplied by vdd-sys-5v0
[   15.379339] usb2_vbus: 5000 mV 
[   15.382493] usb2_vbus: supplied by vdd-sys-5v0
[   15.387298] vdd_hdmi_5v0: 5000 mV 
[   15.390713] vdd_hdmi_5v0: supplied by vdd-sys-5v0
[   15.397809] vdd_cam_1v8_reg: 1800 mV 
[   15.402018] platform 7d008000.usb: Driver tegra-ehci requests probe deferral
[   15.409832] tegra-ehci 7d008000.usb: EHCI Host Controller
[   15.415249] tegra-ehci 7d008000.usb: new USB bus registered, assigned bus number 1
[   15.423904] tegra-ehci 7d008000.usb: irq 129, io mem 0x7d008000
[   15.443425] tegra-ehci 7d008000.usb: USB 2.0 started, EHCI 1.10
[   15.450738] hub 1-0:1.0: USB hub found
[   15.454592] hub 1-0:1.0: 1 port detected
[   15.460015] input: gpio-keys.2 as /devices/soc0/gpio-keys.2/input/input1
[   15.471331] palmas-rtc rtc.7: setting system clock to 2000-01-01 10:14:26 UTC (946721666)
[   15.480080] ALSA device list:
[   15.483043]   #0: NVIDIA Tegra Dalmore
[   15.515365] kjournald starting.  Commit interval 5 seconds
[   15.522055] EXT3-fs (mmcblk0p1): using internal journal
[   15.527337] EXT3-fs (mmcblk0p1): recovery complete
[   15.532117] EXT3-fs (mmcblk0p1): mounted filesystem with writeback data mode
[   15.539257] VFS: Mounted root (ext3 filesystem) on device 179:1.
[   15.546425] devtmpfs: mounted
[   15.549645] Freeing unused kernel memory: 236K (c07c7000 - c0802000)
bash: cannot set terminal process group (-1): Inappropriate ioctl for device
bash: no job control in this shell
I have no name!@(none):/# [   15.772180] usb 1-1: new high-speed USB device number 2 using tegra-ehci
