
U-Boot SPL 2014.07-00097-g772e173 (Jul 25 2014 - 20:02:52)


U-Boot 2014.07-00097-g772e173 (Jul 25 2014 - 20:02:52)

TEGRA124
Board: NVIDIA Jetson TK1
I2C:   ready
DRAM:  2 GiB
MMC:   Tegra SD/MMC: 0, Tegra SD/MMC: 1
In:    serial
Out:   serial
Err:   serial
Net:   Net Initialization Skipped
No ethernet found.
Hit any key to stop autoboot:  2  0 
Tegra124 (Jetson TK1) # 
Tegra124 (Jetson TK1) # usb reset
(Re)start USB...
USB0:   USB EHCI 1.10
scanning bus 0 for devices... 1 USB Device(s) found
USB1:   USB EHCI 1.10
scanning bus 1 for devices... 2 USB Device(s) found
       scanning usb for storage devices... 0 Storage Device(s) found
       scanning usb for ethernet devices... 
Warning: asx0 using MAC address from net device
1 Ethernet Device(s) found
Tegra124 (Jetson TK1) # setenv bootargs 'ignore_loglevel console=ttyS0,115200n8 rw root=/dev/mmcblk0p1 rootwait gpt debug init=/bin/bash noinitrd'
Tegra124 (Jetson TK1) # setenv ipaddr 192.168.100.102; setenv serverip 192.168.100.1; setenv tftpserverip 192.168.100.1
Tegra124 (Jetson TK1) # tftpboot 0x81000000 zImage.multi_v7_defconfig
Using asx0 device
TFTP from server 192.168.100.1; our IP address is 192.168.100.102
Filename 'zImage.multi_v7_defconfig'.
Load address: 0x81000000
Loading: *#################################################################
	 #################################################################
	 #################################################################
	 #################################################################
	 #################################################################
	 #################################################################
	 ##
	 3.1 MiB/s
done
Bytes transferred = 5740672 (579880 hex)
Tegra124 (Jetson TK1) # tftpboot 0x82000000 tegra124-jetson-tk1.dtb
Using asx0 device
TFTP from server 192.168.100.1; our IP address is 192.168.100.102
Filename 'tegra124-jetson-tk1.dtb'.
Load address: 0x82000000
Loading: *####
	 2.7 MiB/s
done
Bytes transferred = 48898 (bf02 hex)
Tegra124 (Jetson TK1) # bootz 0x81000000 - 0x82000000
Kernel image @ 0x81000000 [ 0x000000 - 0x579880 ]
## Flattened Device Tree blob at 82000000
   Booting using the fdt blob at 0x82000000
   Using Device Tree in place at 82000000, end 8200ef01

Starting kernel ...

[    0.000000] Booting Linux on physical CPU 0x0
[    0.000000] Linux version 3.19.0-rc2-12459-gb7392d2 (pwalmsley@tamien) (gcc version 4.7.3 20130328 (prerelease) (crosstool-NG linaro-1.13.1-4.7-2013.04-20130415 - Linaro GCC 2013.04) ) #1 SMP Thu Jan 8 02:19:06 PST 2015
[    0.000000] CPU: ARMv7 Processor [413fc0f3] revision 3 (ARMv7), cr=10c5387d
[    0.000000] CPU: PIPT / VIPT nonaliasing data cache, PIPT instruction cache
[    0.000000] Machine model: NVIDIA Tegra124 Jetson TK1
[    0.000000] debug: ignoring loglevel setting.
[    0.000000] cma: Reserved 64 MiB at 0xfb800000
[    0.000000] Memory policy: Data cache writealloc
[    0.000000] On node 0 totalpages: 524032
[    0.000000] free_area_init_node: node 0, pgdat c0dfa680, node_mem_map ee7f8000
[    0.000000]   DMA zone: 1520 pages used for memmap
[    0.000000]   DMA zone: 0 pages reserved
[    0.000000]   DMA zone: 194560 pages, LIFO batch:31
[    0.000000]   HighMem zone: 329472 pages, LIFO batch:31
[    0.000000] PERCPU: Embedded 10 pages/cpu @ee79e000 s8512 r8192 d24256 u40960
[    0.000000] pcpu-alloc: s8512 r8192 d24256 u40960 alloc=10*4096
[    0.000000] pcpu-alloc: [0] 0 [0] 1 [0] 2 [0] 3 
[    0.000000] Built 1 zonelists in Zone order, mobility grouping on.  Total pages: 522512
[    0.000000] Kernel command line: ignore_loglevel console=ttyS0,115200n8 rw root=/dev/mmcblk0p1 rootwait gpt debug init=/bin/bash noinitrd
[    0.000000] PID hash table entries: 4096 (order: 2, 16384 bytes)
[    0.000000] Dentry cache hash table entries: 131072 (order: 7, 524288 bytes)
[    0.000000] Inode-cache hash table entries: 65536 (order: 6, 262144 bytes)
[    0.000000] Memory: 2000428K/2096128K available (7469K kernel code, 953K rwdata, 3048K rodata, 768K init, 306K bss, 30164K reserved, 65536K cma-reserved, 1252352K highmem)
[    0.000000] Virtual kernel memory layout:
[    0.000000]     vector  : 0xffff0000 - 0xffff1000   (   4 kB)
[    0.000000]     fixmap  : 0xffc00000 - 0xfff00000   (3072 kB)
[    0.000000]     vmalloc : 0xf0000000 - 0xff000000   ( 240 MB)
[    0.000000]     lowmem  : 0xc0000000 - 0xef800000   ( 760 MB)
[    0.000000]     pkmap   : 0xbfe00000 - 0xc0000000   (   2 MB)
[    0.000000]     modules : 0xbf000000 - 0xbfe00000   (  14 MB)
[    0.000000]       .text : 0xc0208000 - 0xc0c4d7fc   (10518 kB)
[    0.000000]       .init : 0xc0c4e000 - 0xc0d0e000   ( 768 kB)
[    0.000000]       .data : 0xc0d0e000 - 0xc0dfc560   ( 954 kB)
[    0.000000]        .bss : 0xc0dfc560 - 0xc0e48ea8   ( 307 kB)
[    0.000000] SLUB: HWalign=64, Order=0-3, MinObjects=0, CPUs=4, Nodes=1
[    0.000000] Hierarchical RCU implementation.
[    0.000000] 	RCU restricting CPUs from NR_CPUS=8 to nr_cpu_ids=4.
[    0.000000] RCU: Adjusting geometry for rcu_fanout_leaf=16, nr_cpu_ids=4
[    0.000000] NR_IRQS:16 nr_irqs:16 16
[    0.000000] L2C: failed to init: -19
[    0.000010] sched_clock: 32 bits at 1000kHz, resolution 1000ns, wraps every 2147483648000ns
[    0.000030] Switching to timer-based delay loop, resolution 1000ns
[    0.003801] Architected cp15 timer(s) running at 12.00MHz (virt).
[    0.003823] sched_clock: 56 bits at 12MHz, resolution 83ns, wraps every 2863311536128ns
[    0.003837] Switching to timer-based delay loop, resolution 83ns
[    0.004223] Console: colour dummy device 80x30
[    0.004248] Calibrating delay loop (skipped), value calculated using timer frequency.. 24.00 BogoMIPS (lpj=60000)
[    0.004262] pid_max: default: 32768 minimum: 301
[    0.004382] Mount-cache hash table entries: 2048 (order: 1, 8192 bytes)
[    0.004394] Mountpoint-cache hash table entries: 2048 (order: 1, 8192 bytes)
[    0.005004] CPU: Testing write buffer coherency: ok
[    0.005212] /cpus/cpu@0 missing clock-frequency property
[    0.005247] /cpus/cpu@1 missing clock-frequency property
[    0.005279] /cpus/cpu@2 missing clock-frequency property
[    0.005313] /cpus/cpu@3 missing clock-frequency property
[    0.005325] CPU0: thread -1, cpu 0, socket 0, mpidr 80000000
[    0.005368] Setting up static identity map for 0x8090f760 - 0x8090f7f8
[    0.007644] Tegra Revision: A01 SKU: 129 CPU Process: 1 Core Process: 1
[    0.008789] CPU1: thread -1, cpu 1, socket 0, mpidr 80000001
[    0.009295] CPU2: thread -1, cpu 2, socket 0, mpidr 80000002
[    0.009788] CPU3: thread -1, cpu 3, socket 0, mpidr 80000003
[    0.009851] Brought up 4 CPUs
[    0.009869] CPU: All CPU(s) started in SVC mode.
[    0.010400] devtmpfs: initialized
[    0.011266] VFP support v0.3: implementor 41 architecture 4 part 30 variant f rev 0
[    0.013105] pinctrl core: initialized pinctrl subsystem
[    0.028792] NET: Registered protocol family 16
[    0.030800] DMA: preallocated 256 KiB pool for atomic coherent allocations
[    0.043589] cpuidle: using governor ladder
[    0.058606] cpuidle: using governor menu
[    0.073806] No ATAGs?
[    0.073839] hw-breakpoint: found 5 (+1 reserved) breakpoint and 4 watchpoint registers.
[    0.073849] hw-breakpoint: maximum watchpoint size is 8 bytes.
[    0.077431] Serial: AMBA PL011 UART driver
[    0.102834] +5V_SYS: supplied by +VDD_MUX
[    0.103111] +3.3V_SYS: supplied by +VDD_MUX
[    0.103264] platform regulators:regulator@3: Driver reg-fixed-voltage requests probe deferral
[    0.103472] reg-fixed-voltage regulators:regulator@4: Failed to find supply vin
[    0.103581] reg-fixed-voltage regulators:regulator@4: Failed to register regulator: -517
[    0.103603] platform regulators:regulator@4: Driver reg-fixed-voltage requests probe deferral
[    0.103796] +USB0_VBUS_SW: Failed to request enable GPIO108: -517
[    0.103888] reg-fixed-voltage regulators:regulator@7: Failed to register regulator: -517
[    0.103909] platform regulators:regulator@7: Driver reg-fixed-voltage requests probe deferral
[    0.104081] +5V_USB_HS: Failed to request enable GPIO109: -517
[    0.104171] reg-fixed-voltage regulators:regulator@8: Failed to register regulator: -517
[    0.104191] platform regulators:regulator@8: Driver reg-fixed-voltage requests probe deferral
[    0.104272] platform regulators:regulator@10: Driver reg-fixed-voltage requests probe deferral
[    0.104442] +1.05V_RUN_AVDD_HDMI_PLL: Failed to request enable GPIO63: -517
[    0.104531] reg-fixed-voltage regulators:regulator@11: Failed to register regulator: -517
[    0.104552] platform regulators:regulator@11: Driver reg-fixed-voltage requests probe deferral
[    0.104720] +5V_HDMI_CON: Failed to request enable GPIO86: -517
[    0.104808] reg-fixed-voltage regulators:regulator@12: Failed to register regulator: -517
[    0.104828] platform regulators:regulator@12: Driver reg-fixed-voltage requests probe deferral
[    0.104996] +5V_SATA: Failed to request enable GPIO242: -517
[    0.105082] reg-fixed-voltage regulators:regulator@13: Failed to register regulator: -517
[    0.105103] platform regulators:regulator@13: Driver reg-fixed-voltage requests probe deferral
[    0.105270] +12V_SATA: Failed to request enable GPIO242: -517
[    0.105358] reg-fixed-voltage regulators:regulator@14: Failed to register regulator: -517
[    0.105378] platform regulators:regulator@14: Driver reg-fixed-voltage requests probe deferral
[    0.107848] vgaarb: loaded
[    0.108525] SCSI subsystem initialized
[    0.108719] libata version 3.00 loaded.
[    0.109044] usbcore: registered new interface driver usbfs
[    0.109117] usbcore: registered new interface driver hub
[    0.109192] usbcore: registered new device driver usb
[    0.112743] Linux video capture interface: v2.00
[    0.112792] pps_core: LinuxPPS API ver. 1 registered
[    0.112801] pps_core: Software ver. 5.3.6 - Copyright 2005-2007 Rodolfo Giometti <giometti@linux.it>
[    0.112830] PTP clock support registered
[    0.113048] EDAC MC: Ver: 3.0.0
[    0.113769] Advanced Linux Sound Architecture Driver Initialized.
[    0.114830] Switched to clocksource arch_sys_counter
[    0.125236] NET: Registered protocol family 2
[    0.125792] TCP established hash table entries: 8192 (order: 3, 32768 bytes)
[    0.125881] TCP bind hash table entries: 8192 (order: 4, 65536 bytes)
[    0.126067] TCP: Hash tables configured (established 8192 bind 8192)
[    0.126112] TCP: reno registered
[    0.126126] UDP hash table entries: 512 (order: 2, 16384 bytes)
[    0.126168] UDP-Lite hash table entries: 512 (order: 2, 16384 bytes)
[    0.126350] NET: Registered protocol family 1
[    0.126604] RPC: Registered named UNIX socket transport module.
[    0.126614] RPC: Registered udp transport module.
[    0.126621] RPC: Registered tcp transport module.
[    0.126629] RPC: Registered tcp NFSv4.1 backchannel transport module.
[    0.126649] PCI: CLS 0 bytes, default 64
[    0.128937] futex hash table entries: 1024 (order: 4, 65536 bytes)
[    0.140784] squashfs: version 4.0 (2009/01/31) Phillip Lougher
[    0.141545] NFS: Registering the id_resolver key type
[    0.141573] Key type id_resolver registered
[    0.141581] Key type id_legacy registered
[    0.141661] ntfs: driver 2.1.31 [Flags: R/O].
[    0.142794] bounce: pool size: 64 pages
[    0.143016] Block layer SCSI generic (bsg) driver version 0.4 loaded (major 249)
[    0.143036] io scheduler noop registered
[    0.143053] io scheduler deadline registered
[    0.143262] io scheduler cfq registered (default)
[    0.157129] tegra-pcie 1003000.pcie-controller: 2x1, 1x1 configuration
[    0.157178] tegra-pcie 1003000.pcie-controller: Failed to get supply 'avddio-pex': -517
[    0.157211] platform 1003000.pcie-controller: Driver tegra-pcie requests probe deferral
[    0.162546] tegra-apbdma 60020000.dma: Tegra20 APB DMA driver register 32 channels
[    0.220295] Serial: 8250/16550 driver, 4 ports, IRQ sharing disabled
[    0.222622] msm_serial: driver initialized
[    0.223434] console [ttyS0] disabled
[    0.223471] of_serial 70006300.serial: ttyS0 at MMIO 0x70006300 (irq = 330, base_baud = 25500000) is a Tegra
[    1.093279] console [ttyS0] enabled
[    1.097522] STMicroelectronics ASC driver initialized
[    1.103642] [drm] Initialized drm 1.1.0 20060810
[    1.109737] tegra-hdmi 54280000.hdmi: failed to get HDMI regulator
[    1.115946] platform 54280000.hdmi: Driver tegra-hdmi requests probe deferral
[    1.129344] loop: module loaded
[    1.132792] at24 0-0056: 256 byte 24c02 EEPROM, writable, 8 bytes/write
[    1.140659] as3722 4-0040: AS3722 with revision 0x1 found
[    1.151598] +1.35V_LP0(sd2): supplied by +5V_SYS
[    1.156777] +1.35V_LP0(sd3): supplied by +5V_SYS
[    1.161933] +1.05V_RUN: supplied by +5V_SYS
[    1.166538] +1.8V_VDDIO: supplied by +5V_SYS
[    1.172610] +1.05V_RUN_AVDD: supplied by +1.35V_LP0(sd2)
[    1.178945] as3722-regulator as3722-regulator: Failed to find supply vin-ldo1-6
[    1.186371] as3722-regulator as3722-regulator: regulator 8 register failed -517
[    1.194945] platform as3722-regulator: Driver as3722-regulator requests probe deferral
[    1.204971] tegra-ahci 70027000.sata: Failed to get supply 'avdd': -517
[    1.211593] tegra-ahci 70027000.sata: Failed to get regulators
[    1.217458] platform 70027000.sata: Driver tegra-ahci requests probe deferral
[    1.228019] m25p80 spi32765.0: w25q32dw (4096 Kbytes)
[    1.235758] CAN device driver interface
[    1.240782] igb: Intel(R) Gigabit Ethernet Network Driver - version 5.2.15-k
[    1.247915] igb: Copyright (c) 2007-2014 Intel Corporation.
[    1.255301] pegasus: v0.9.3 (2013/04/25), Pegasus/Pegasus II USB Ethernet driver
[    1.262757] usbcore: registered new interface driver pegasus
[    1.268495] usbcore: registered new interface driver asix
[    1.273957] usbcore: registered new interface driver ax88179_178a
[    1.280110] usbcore: registered new interface driver cdc_ether
[    1.286029] usbcore: registered new interface driver smsc75xx
[    1.291860] usbcore: registered new interface driver smsc95xx
[    1.297666] usbcore: registered new interface driver net1080
[    1.303384] usbcore: registered new interface driver cdc_subset
[    1.309361] usbcore: registered new interface driver zaurus
[    1.315034] usbcore: registered new interface driver cdc_ncm
[    1.321036] ehci_hcd: USB 2.0 'Enhanced' Host Controller (EHCI) Driver
[    1.327575] ehci-pci: EHCI PCI platform driver
[    1.332082] ehci-platform: EHCI generic platform driver
[    1.337506] ehci-omap: OMAP-EHCI Host Controller driver
[    1.342879] ehci-orion: EHCI orion driver
[    1.347039] SPEAr-ehci: EHCI SPEAr driver
[    1.351201] ehci-st: EHCI STMicroelectronics driver
[    1.356227] tegra-ehci: Tegra EHCI driver
[    1.360667] ohci_hcd: USB 1.1 'Open' Host Controller (OHCI) Driver
[    1.366873] ohci-pci: OHCI PCI platform driver
[    1.371382] ohci-platform: OHCI generic platform driver
[    1.376756] ohci-omap3: OHCI OMAP3 driver
[    1.380914] SPEAr-ohci: OHCI SPEAr driver
[    1.385075] ohci-st: OHCI STMicroelectronics driver
[    1.390525] usbcore: registered new interface driver usb-storage
[    1.396733] tegra-phy 7d004000.usb-phy: no vbus regulator
[    1.402400] platform 7d008000.usb-phy: Driver tegra-phy requests probe deferral
[    1.411347] mousedev: PS/2 mouse device common for all mice
[    1.420234] as3722-rtc as3722-rtc: rtc core: registered as3722-rtc as rtc0
[    1.427118] as3722-rtc as3722-rtc: RTC interrupt 364
[    1.435240] tegra_rtc 7000e000.rtc: rtc core: registered 7000e000.rtc as rtc1
[    1.442422] tegra_rtc 7000e000.rtc: Tegra internal Real Time Clock
[    1.449141] i2c /dev entries driver
[    1.454781] usbcore: registered new interface driver uvcvideo
[    1.460534] USB Video Class driver (1.1.1)
[    1.464627] gspca_main: v2.14.0 registered
[    1.469906] 0-004c supply vcc not found, using dummy regulator
[    1.480290] Driver 'mmcblk' needs updating - please use bus_type methods
[    1.487073] sdhci: Secure Digital Host Controller Interface driver
[    1.493254] sdhci: Copyright(c) Pierre Ossman
[    1.498604] Synopsys Designware Multimedia Card Interface Driver
[    1.505536] sdhci-pltfm: SDHCI platform and OF driver helper
[    1.511853] sdhci-tegra 700b0400.sdhci: Got CD GPIO
[    1.516756] sdhci-tegra 700b0400.sdhci: Got WP GPIO
[    1.521678] mmc0: Unknown controller version (3). You may experience problems.
[    1.528996] sdhci-tegra 700b0400.sdhci: No vmmc regulator found
[    1.534958] platform 700b0400.sdhci: Driver sdhci-tegra requests probe deferral
[    1.542392] mmc0: Unknown controller version (3). You may experience problems.
[    1.549661] sdhci-tegra 700b0600.sdhci: No vmmc regulator found
[    1.555590] sdhci-tegra 700b0600.sdhci: No vqmmc regulator found
[    1.561598] mmc0: Invalid maximum block size, assuming 512 bytes
[    1.599849] mmc0: SDHCI controller on 700b0600.sdhci [700b0600.sdhci] using ADMA 64-bit
[    1.608916] ledtrig-cpu: registered to indicate activity on CPUs
[    1.615165] usbcore: registered new interface driver usbhid
[    1.620751] usbhid: USB HID core driver
[    1.629017] usbcore: registered new interface driver snd-usb-audio
[    1.668824] mmc0: BKOPS_EN bit is not set
[    1.676120] mmc0: new high speed MMC card at address 0001
[    1.681889] mmcblk0: mmc0:0001 SEM16G 14.6 GiB 
[    1.686536] mmcblk0boot0: mmc0:0001 SEM16G partition 1 4.00 MiB
[    1.692566] mmcblk0boot1: mmc0:0001 SEM16G partition 2 4.00 MiB
[    1.698597] mmcblk0rpmb: mmc0:0001 SEM16G partition 3 4.00 MiB
[    1.706388] Primary GPT is invalid, using alternate GPT.
[    1.711733]  mmcblk0: p1 p2 p3 p4 p5 p6 p7 p8 p9
[    2.052558] tegra30-i2s 70301100.i2s: DMA channels sourced from device 70300000.ahub
[    2.068926] tegra-snd-rt5640 sound: rt5640-aif1 <-> 70301100.i2s mapping ok
[    2.078862] input: NVIDIA Tegra Jetson TK1 Headphones as /devices/soc0/sound/sound/card0/input0
[    2.088899] TCP: cubic registered
[    2.092239] NET: Registered protocol family 17
[    2.096707] can: controller area network core (rev 20120528 abi 9)
[    2.102954] NET: Registered protocol family 29
[    2.107413] can: raw protocol (rev 20120528)
[    2.111698] can: broadcast manager protocol (rev 20120528 t)
[    2.117377] can: netlink gateway (rev 20130117) max_hops=1
[    2.123247] Key type dns_resolver registered
[    2.128132] ThumbEE CPU extension supported.
[    2.132424] Registering SWP/SWPB emulation handler
[    2.139534] +3.3V_RUN: supplied by +3.3V_SYS
[    2.144237] +3.3V_AVDD_HDMI_AP_GATED: supplied by +3.3V_RUN
[    2.150459] +USB0_VBUS_SW: supplied by +5V_SYS
[    2.155537] +5V_USB_HS: supplied by +5V_SYS
[    2.161025] +3.3V_LP0: supplied by +3.3V_SYS
[    2.165918] reg-fixed-voltage regulators:regulator@11: Failed to find supply vin
[    2.173510] reg-fixed-voltage regulators:regulator@11: Failed to register regulator: -517
[    2.181751] platform regulators:regulator@11: Driver reg-fixed-voltage requests probe deferral
[    2.191508] +5V_HDMI_CON: supplied by +5V_SYS
[    2.196435] +5V_SATA: supplied by +5V_SYS
[    2.201087] +12V_SATA: supplied by +VDD_MUX
[    2.205932] tegra-pcie 1003000.pcie-controller: 2x1, 1x1 configuration
[    2.212560] tegra-pcie 1003000.pcie-controller: Failed to get supply 'avddio-pex': -517
[    2.220648] platform 1003000.pcie-controller: Driver tegra-pcie requests probe deferral
[    2.229802] tegra-hdmi 54280000.hdmi: failed to get PLL regulator
[    2.236044] platform 54280000.hdmi: Driver tegra-hdmi requests probe deferral
[    2.245983] +1.35V_LP0(sd2): supplied by +5V_SYS
[    2.250906] +1.35V_LP0(sd3): supplied by +5V_SYS
[    2.255901] +1.05V_RUN: supplied by +5V_SYS
[    2.260493] +1.8V_VDDIO: supplied by +5V_SYS
[    2.266285] +1.05V_RUN_AVDD: supplied by +1.35V_LP0(sd2)
[    2.272149] +1.8V_RUN_CAM: supplied by +3.3V_RUN
[    2.277993] +1.2V_GEN_AVDD: supplied by +1.8V_VDDIO
[    2.284200] +1.05V_LP0_VDD_RTC: supplied by +3.3V_SYS
[    2.289841] +2.8V_RUN_CAM: supplied by +3.3V_SYS
[    2.295010] +1.2V_RUN_CAM_FRONT: supplied by +1.8V_VDDIO
[    2.300759] +VDDIO_SDMMC3: supplied by +3.3V_RUN
[    2.305921] +1.05V_RUN_CAM_REAR: supplied by +1.8V_VDDIO
[    2.311962] +3.3V_RUN_TOUCH: supplied by +5V_SYS
[    2.317132] +2.8V_RUN_CAM_AF: supplied by +5V_SYS
[    2.322387] +1.8V_RUN_VPP_FUSE: supplied by +3.3V_RUN
[    2.329599] tegra-ahci 70027000.sata: AHCI 0001.0301 32 slots 2 ports 3 Gbps 0x1 impl platform mode
[    2.338670] tegra-ahci 70027000.sata: flags: 64bit ncq sntf pm led pio slum part sadm sds apst 
[    2.348927] scsi host0: ahci_platform
[    2.353782] scsi host1: ahci_platform
[    2.357810] ata1: SATA max UDMA/133 mmio [mem 0x70027000-0x70028fff] port 0x100 irq 340
[    2.365819] ata2: DUMMY
[    2.370135] sdhci-tegra 700b0400.sdhci: Got CD GPIO
[    2.375059] sdhci-tegra 700b0400.sdhci: Got WP GPIO
[    2.380028] mmc1: Unknown controller version (3). You may experience problems.
[    2.387413] sdhci-tegra 700b0400.sdhci: No vmmc regulator found
[    2.393370] mmc1: Invalid maximum block size, assuming 512 bytes
[    2.435391] mmc1: SDHCI controller on 700b0400.sdhci [700b0400.sdhci] using ADMA 64-bit
[    2.443895] +1.05V_RUN_AVDD_HDMI_PLL: supplied by +1.05V_RUN
[    2.450091] tegra-pcie 1003000.pcie-controller: 2x1, 1x1 configuration
[    2.457901] tegra-pcie 1003000.pcie-controller: probing port 0, using 2 lanes
[    2.467123] tegra-pcie 1003000.pcie-controller: Slot present pin change, signature: 00000008
[    2.689995] ata1: SATA link down (SStatus 0 SControl 300)
[    2.894907] tegra-pcie 1003000.pcie-controller: link 0 down, retrying
[    3.323339] tegra-pcie 1003000.pcie-controller: link 0 down, retrying
[    3.751741] tegra-pcie 1003000.pcie-controller: link 0 down, retrying
[    3.760327] tegra-pcie 1003000.pcie-controller: link 0 down, ignoring
[    3.766812] tegra-pcie 1003000.pcie-controller: probing port 1, using 1 lanes
[    3.776070] tegra-pcie 1003000.pcie-controller: Slot present pin change, signature: 00000000
[    4.204222] tegra-pcie 1003000.pcie-controller: link 1 down, retrying
[    4.632481] tegra-pcie 1003000.pcie-controller: link 1 down, retrying
[    5.060706] tegra-pcie 1003000.pcie-controller: link 1 down, retrying
[    5.069286] tegra-pcie 1003000.pcie-controller: link 1 down, ignoring
[    5.075983] tegra-pcie 1003000.pcie-controller: PCI host bridge to bus 0000:00
[    5.083215] pci_bus 0000:00: root bus resource [mem 0x13000000-0x1fffffff]
[    5.090096] pci_bus 0000:00: root bus resource [mem 0x20000000-0x3fffffff pref]
[    5.097407] pci_bus 0000:00: root bus resource [bus 00-ff]
[    5.102898] pci_bus 0000:00: root bus resource [io  0x1000-0xffff]
[    5.109107] PCI: bus0: Fast back to back transfers enabled
[    5.116922] [drm] Supports vblank timestamp caching Rev 2 (21.10.2013).
[    5.123585] [drm] No driver support for vblank timestamp query.
[    5.129526] host1x drm: No connectors reported connected with modes
[    5.135824] [drm] Cannot find any crtc or sizes - going 1024x768
[    5.156486] Console: switching to colour frame buffer device 128x48
[    5.170115] host1x drm: fb0:  frame buffer device
[    5.174853] host1x drm: registered panic notifier
[    5.189977] [drm] Initialized tegra 0.0.0 20120330 on minor 0
[    5.196759] input: gpio-keys as /devices/soc0/gpio-keys/input/input1
[    5.204172] as3722-rtc as3722-rtc: setting system clock to 2000-02-01 00:00:19 UTC (949363219)
[    5.223797] +1.05V_RUN_AVDD_HDMI_PLL: disabling
[    5.228342] +1.8V_RUN_VPP_FUSE: disabling
[    5.232496] +2.8V_RUN_CAM_AF: disabling
[    5.236463] +3.3V_RUN_TOUCH: disabling
[    5.240342] +1.05V_RUN_CAM_REAR: disabling
[    5.244552] +1.2V_RUN_CAM_FRONT: disabling
[    5.248776] +2.8V_RUN_CAM: disabling
[    5.252480] +1.8V_RUN_CAM: disabling
[    5.256188] +USB0_VBUS_SW: disabling
[    5.259760] +3.3V_AVDD_HDMI_AP_GATED: disabling
[    5.264604] ALSA device list:
[    5.267579]   #0: NVIDIA Tegra Jetson TK1
[    5.272827] EXT4-fs (mmcblk0p1): couldn't mount as ext3 due to feature incompatibilities
[    5.281627] EXT4-fs (mmcblk0p1): couldn't mount as ext2 due to feature incompatibilities
[    5.296382] EXT4-fs (mmcblk0p1): recovery complete
[    5.301237] EXT4-fs (mmcblk0p1): mounted filesystem with ordered data mode. Opts: (null)
[    5.309406] VFS: Mounted root (ext4 filesystem) on device 179:1.
[    5.319979] devtmpfs: mounted
[    5.323538] Freeing unused kernel memory: 768K (c0c4e000 - c0d0e000)
bash: cannot set terminal process group (-1): Inappropriate ioctl for device
bash: no job control in this shell
root@(none):/# 