
U-Boot SPL 2014.01-00219-gc4d376f (Feb 18 2014 - 19:57:32)


U-Boot 2014.01-00219-gc4d376f (Feb 18 2014 - 19:57:32)

TEGRA114
Board: NVIDIA Dalmore
I2C:   ready
DRAM:  2 GiB
MMC:   Tegra SD/MMC: 0, Tegra SD/MMC: 1
In:    serial
Out:   serial
Err:   serial
Net:   Net Initialization Skipped
No ethernet found.
Hit any key to stop autoboot:  2  1  0 
Tegra114 (Dalmore) # 
Tegra114 (Dalmore) # usb reset
(Re)start USB...
USB0:   USB EHCI 1.10
scanning bus 0 for devices... 2 USB Device(s) found
       scanning usb for storage devices... 0 Storage Device(s) found
       scanning usb for ethernet devices... 
Warning: asx0 using MAC address from net device
1 Ethernet Device(s) found
Tegra114 (Dalmore) # setenv bootargs 'ignore_loglevel console=ttyS0,115200n8 rw root=PARTUUID=7369c667-ff51-ec4a-29cd-baabf2fbe346 rootwait gpt debug earlyprintk init=/bin/bash'
Tegra114 (Dalmore) # setenv ipaddr 192.168.100.100; setenv serverip 192.168.100.1; setenv tftpserverip 192.168.100.1
Tegra114 (Dalmore) # tftpboot 0x81000000 zImage.multi_v7_defconfig
Using asx0 device
TFTP from server 192.168.100.1; our IP address is 192.168.100.100
Filename 'zImage.multi_v7_defconfig'.
Load address: 0x81000000
Loading: *#################################################################
	 #################################################################
	 #################################################################
	 #################################################################
	 #################################################################
	 #################################################################
	 #################################################################
	 #############################
	 3.1 MiB/s
done
Bytes transferred = 7093664 (6c3da0 hex)
Tegra114 (Dalmore) # tftpboot 0x82000000 tegra114-dalmore.dtb
Using asx0 device
TFTP from server 192.168.100.1; our IP address is 192.168.100.100
Filename 'tegra114-dalmore.dtb'.
Load address: 0x82000000
Loading: *###
	 3 MiB/s
done
Bytes transferred = 34956 (888c hex)
Tegra114 (Dalmore) # bootz 0x81000000 - 0x82000000
Kernel image @ 0x81000000 [ 0x000000 - 0x6c3da0 ]
## Flattened Device Tree blob at 82000000
   Booting using the fdt blob at 0x82000000
   Loading Device Tree to 8fff4000, end 8ffff88b ... OK

Starting kernel ...

[    0.000000] Booting Linux on physical CPU 0x0
[    0.000000] Linux version 4.8.0-rc6-110989-g9395452 (pwalmsley@sellafield) (gcc version 4.7.3 20130328 (prerelease) (crosstool-NG linaro-1.13.1-4.7-2013.04-20130415 - Linaro GCC 2013.04) ) #1 SMP Mon Sep 12 03:03:30 PDT 2016
[    0.000000] CPU: ARMv7 Processor [412fc0f2] revision 2 (ARMv7), cr=10c5387d
[    0.000000] CPU: div instructions available: patching division code
[    0.000000] CPU: PIPT / VIPT nonaliasing data cache, PIPT instruction cache
[    0.000000] OF: fdt:Machine model: NVIDIA Tegra114 Dalmore evaluation board
[    0.000000] debug: ignoring loglevel setting.
[    0.000000] cma: Reserved 64 MiB at 0xfb800000
[    0.000000] Memory policy: Data cache writealloc
[    0.000000] On node 0 totalpages: 524032
[    0.000000] free_area_init_node: node 0, pgdat c141d2c0, node_mem_map eeff8000
[    0.000000]   DMA zone: 1536 pages used for memmap
[    0.000000]   DMA zone: 0 pages reserved
[    0.000000]   DMA zone: 196608 pages, LIFO batch:31
[    0.000000]   HighMem zone: 327424 pages, LIFO batch:31
[    0.000000] percpu: Embedded 14 pages/cpu @eef9b000 s25984 r8192 d23168 u57344
[    0.000000] pcpu-alloc: s25984 r8192 d23168 u57344 alloc=14*4096
[    0.000000] pcpu-alloc: [0] 0 [0] 1 [0] 2 [0] 3 
[    0.000000] Built 1 zonelists in Zone order, mobility grouping on.  Total pages: 522496
[    0.000000] Kernel command line: ignore_loglevel console=ttyS0,115200n8 rw root=PARTUUID=7369c667-ff51-ec4a-29cd-baabf2fbe346 rootwait gpt debug earlyprintk init=/bin/bash
[    0.000000] PID hash table entries: 4096 (order: 2, 16384 bytes)
[    0.000000] Dentry cache hash table entries: 131072 (order: 7, 524288 bytes)
[    0.000000] Inode-cache hash table entries: 65536 (order: 6, 262144 bytes)
[    0.000000] Memory: 1995092K/2096128K available (9216K kernel code, 1148K rwdata, 3968K rodata, 2048K init, 343K bss, 35500K reserved, 65536K cma-reserved, 1244160K highmem)
[    0.000000] Virtual kernel memory layout:
[    0.000000]     vector  : 0xffff0000 - 0xffff1000   (   4 kB)
[    0.000000]     fixmap  : 0xffc00000 - 0xfff00000   (3072 kB)
[    0.000000]     vmalloc : 0xf0800000 - 0xff800000   ( 240 MB)
[    0.000000]     lowmem  : 0xc0000000 - 0xf0000000   ( 768 MB)
[    0.000000]     pkmap   : 0xbfe00000 - 0xc0000000   (   2 MB)
[    0.000000]     modules : 0xbf000000 - 0xbfe00000   (  14 MB)
[    0.000000]       .text : 0xc0208000 - 0xc0c00000   (10208 kB)
[    0.000000]       .init : 0xc1100000 - 0xc1300000   (2048 kB)
[    0.000000]       .data : 0xc1300000 - 0xc141f140   (1149 kB)
[    0.000000]        .bss : 0xc1421000 - 0xc1476c48   ( 344 kB)
[    0.000000] SLUB: HWalign=64, Order=0-3, MinObjects=0, CPUs=4, Nodes=1
[    0.000000] Hierarchical RCU implementation.
[    0.000000] 	Build-time adjustment of leaf fanout to 32.
[    0.000000] 	RCU restricting CPUs from NR_CPUS=16 to nr_cpu_ids=4.
[    0.000000] RCU: Adjusting geometry for rcu_fanout_leaf=32, nr_cpu_ids=4
[    0.000000] NR_IRQS:16 nr_irqs:16 16
[    0.000000] /interrupt-controller@60004000: 160 interrupts forwarded to /interrupt-controller@50041000
[    0.000000] Tegra clk 127: register failed with -17
[    0.000008] sched_clock: 32 bits at 1000kHz, resolution 1000ns, wraps every 2147483647500ns
[    0.000028] clocksource: timer_us: mask: 0xffffffff max_cycles: 0xffffffff, max_idle_ns: 1911260446275 ns
[    0.000043] Switching to timer-based delay loop, resolution 1000ns
[    0.003251] arm_arch_timer: Architected cp15 timer(s) running at 12.00MHz (virt).
[    0.003270] clocksource: arch_sys_counter: mask: 0xffffffffffffff max_cycles: 0x2c47f4ee7, max_idle_ns: 440795202497 ns
[    0.003289] sched_clock: 56 bits at 12MHz, resolution 83ns, wraps every 4398046511096ns
[    0.003304] Switching to timer-based delay loop, resolution 83ns
[    0.003691] Console: colour dummy device 80x30
[    0.003719] Calibrating delay loop (skipped), value calculated using timer frequency.. 24.00 BogoMIPS (lpj=60000)
[    0.003734] pid_max: default: 32768 minimum: 301
[    0.003833] Mount-cache hash table entries: 2048 (order: 1, 8192 bytes)
[    0.003845] Mountpoint-cache hash table entries: 2048 (order: 1, 8192 bytes)
[    0.004473] CPU: Testing write buffer coherency: ok
[    0.004686] /cpus/cpu@0 missing clock-frequency property
[    0.004715] /cpus/cpu@1 missing clock-frequency property
[    0.004744] /cpus/cpu@2 missing clock-frequency property
[    0.004773] /cpus/cpu@3 missing clock-frequency property
[    0.004786] CPU0: thread -1, cpu 0, socket 0, mpidr 80000000
[    0.004810] Setting up static identity map for 0x80300000 - 0x80300098
[    0.007365] Tegra Revision: A01 SKU: 0 CPU Process: 1 SoC Process: 0
[    0.008690] CPU1: thread -1, cpu 1, socket 0, mpidr 80000001
[    0.009295] CPU2: thread -1, cpu 2, socket 0, mpidr 80000002
[    0.009882] CPU3: thread -1, cpu 3, socket 0, mpidr 80000003
[    0.009967] Brought up 4 CPUs
[    0.009988] SMP: Total of 4 processors activated (96.00 BogoMIPS).
[    0.009996] CPU: All CPU(s) started in SVC mode.
[    0.011474] devtmpfs: initialized
[    0.022979] VFP support v0.3: implementor 41 architecture 4 part 30 variant f rev 0
[    0.023367] clocksource: jiffies: mask: 0xffffffff max_cycles: 0xffffffff, max_idle_ns: 9556302231375000 ns
[    0.024742] pinctrl core: initialized pinctrl subsystem
[    0.026347] NET: Registered protocol family 16
[    0.028368] DMA: preallocated 256 KiB pool for atomic coherent allocations
[    0.043198] cpuidle: using governor menu
[    0.058249] No ATAGs?
[    0.058278] hw-breakpoint: found 5 (+1 reserved) breakpoint and 4 watchpoint registers.
[    0.058289] hw-breakpoint: maximum watchpoint size is 8 bytes.
[    0.063322] Serial: AMBA PL011 UART driver
[    0.064680] tegra-mc 70019000.memory-controller: no memory timings for RAM code 3 registered
[    0.092618] dvdd_ts: Failed to request enable GPIO61: -517
[    0.092636] reg-fixed-voltage regulators:regulator@1: Failed to register regulator: -517
[    0.092730] usb1_vbus: Failed to request enable GPIO108: -517
[    0.092745] reg-fixed-voltage regulators:regulator@3: Failed to register regulator: -517
[    0.092836] usb2_vbus: Failed to request enable GPIO86: -517
[    0.092850] reg-fixed-voltage regulators:regulator@4: Failed to register regulator: -517
[    0.093270] VDD_5V0_HDMI_CON: Failed to request enable GPIO81: -517
[    0.093284] reg-fixed-voltage regulators:regulator@7: Failed to register regulator: -517
[    0.096006] vgaarb: loaded
[    0.096798] SCSI subsystem initialized
[    0.096970] libata version 3.00 loaded.
[    0.097257] usbcore: registered new interface driver usbfs
[    0.097332] usbcore: registered new interface driver hub
[    0.097414] usbcore: registered new device driver usb
[    0.100928] tps65090 2-0048: No cache defaults, reading back from HW
[    0.102843] TPS65090_RAILSDCDC1: supplied by vdd_ac_bat
[    0.103411] vdd_hdmi_5v0: supplied by vdd-sys-5v0
[    0.104181] TPS65090_RAILSDCDC2: supplied by vdd_ac_bat
[    0.105241] TPS65090_RAILSDCDC3: supplied by vdd_ac_bat
[    0.105787] TPS65090_RAILSFET1: supplied by vdd_ac_bat
[    0.106181] TPS65090_RAILSFET2: supplied by vdd_ac_bat
[    0.106550] TPS65090_RAILSFET3: supplied by vdd-sys-3v3
[    0.107094] TPS65090_RAILSFET4: supplied by vdd-sys-3v3
[    0.107623] TPS65090_RAILSFET5: supplied by vdd-sys-3v3
[    0.108150] TPS65090_RAILSFET6: supplied by vdd-sys-3v3
[    0.109026] TPS65090_RAILSFET7: supplied by vdd-sys-3v3
[    0.109564] TPS65090_RAILSLDO1: supplied by vdd_ac_bat
[    0.109790] TPS65090_RAILSLDO2: supplied by vdd_ac_bat
[    0.110634] palmas 2-0058: Irq flag is 0x00000004
[    0.112627] palmas 2-0058: Muxing GPIO ff, PWM 0, LED 0
[    0.115216] SMPS12: supplied by vdd-ao
[    0.116839] SMPS3: supplied by vdd-ao
[    0.118605] SMPS457: supplied by vdd-sys-3v3
[    0.121521] SMPS8: supplied by vdd-sys-3v3
[    0.122389] random: fast init done
[    0.123149] SMPS9: supplied by vdd-sys-3v3
[    0.123691] sdhci-vdd-sd-slot: Bringing 2840000uV into 2800000-2800000uV
[    0.124426] sdhci-vdd-sd-slot: ramp_delay not set
[    0.126422] LDO1: supplied by vdd-sys-3v3
[    0.127622] LDO2: supplied by vdd-sys-3v3
[    0.128853] LDO3: supplied by vddio-1v8
[    0.130055] LDO4: supplied by vdd-sys-3v3
[    0.131274] LDO5: supplied by vdd_ac_bat
[    0.132053] LDO6: supplied by vdd-sys-3v3
[    0.132561] vdd-sensor-2v85: Bringing 2900000uV into 2850000-2850000uV
[    0.133866] LDO7: supplied by vdd-sys-3v3
[    0.135614] LDO8: supplied by vdd-ao
[    0.136125] vdd-rtc: Bringing 675000uV into 900000-900000uV
[    0.139201] LDO9: supplied by sdhci-vdd-sd-slot
[    0.144537] LDOLN: supplied by vdd-sys-5v0
[    0.145760] LDOUSB: supplied by vdd-sys-5v0
[    0.152441] pps_core: LinuxPPS API ver. 1 registered
[    0.152452] pps_core: Software ver. 5.3.6 - Copyright 2005-2007 Rodolfo Giometti <giometti@linux.it>
[    0.152477] PTP clock support registered
[    0.152682] EDAC MC: Ver: 3.0.0
[    0.155118] clocksource: Switched to clocksource arch_sys_counter
[    0.165907] NET: Registered protocol family 2
[    0.166421] TCP established hash table entries: 8192 (order: 3, 32768 bytes)
[    0.166521] TCP bind hash table entries: 8192 (order: 4, 65536 bytes)
[    0.166709] TCP: Hash tables configured (established 8192 bind 8192)
[    0.166762] UDP hash table entries: 512 (order: 2, 16384 bytes)
[    0.166803] UDP-Lite hash table entries: 512 (order: 2, 16384 bytes)
[    0.166965] NET: Registered protocol family 1
[    0.167312] RPC: Registered named UNIX socket transport module.
[    0.167322] RPC: Registered udp transport module.
[    0.167330] RPC: Registered tcp transport module.
[    0.167337] RPC: Registered tcp NFSv4.1 backchannel transport module.
[    0.167348] PCI: CLS 0 bytes, default 64
[    0.169482] futex hash table entries: 1024 (order: 4, 65536 bytes)
[    0.169993] workingset: timestamp_bits=30 max_order=19 bucket_order=0
[    0.181637] squashfs: version 4.0 (2009/01/31) Phillip Lougher
[    0.182530] NFS: Registering the id_resolver key type
[    0.182554] Key type id_resolver registered
[    0.182563] Key type id_legacy registered
[    0.182611] ntfs: driver 2.1.32 [Flags: R/O].
[    0.183911] bounce: pool size: 64 pages
[    0.184127] Block layer SCSI generic (bsg) driver version 0.4 loaded (major 248)
[    0.184138] io scheduler noop registered
[    0.184147] io scheduler deadline registered
[    0.184345] io scheduler cfq registered (default)
[    0.188629] libphy: mdio_driver_register: phy-bcm-ns2-pci
[    0.212687] tegra-apbdma 6000a000.dma: Tegra20 APB DMA driver register 32 channels
[    0.214309] tegra-pmc 7000e400.pmc: i2c-thermtrip node not found, emergency thermal reset disabled.
[    0.281726] Serial: 8250/16550 driver, 4 ports, IRQ sharing disabled
[    0.284742] console [ttyS0] disabled
[    0.284781] 70006300.serial: ttyS0 at MMIO 0x70006300 (irq = 329, base_baud = 25500000) is a Tegra
[    1.248986] console [ttyS0] enabled
[    1.253293] SuperH (H)SCI(F) driver initialized
[    1.258767] msm_serial: driver initialized
[    1.263059] STMicroelectronics ASC driver initialized
[    1.271677] [drm] Initialized drm 1.1.0 20060810
[    1.279311] tegra-hdmi 54280000.hdmi: failed to get HDMI regulator
[    1.304181] brd: module loaded
[    1.313562] loop: module loaded
[    1.333085] m25p80 spi32766.0: w25q32dw (4096 Kbytes)
[    1.341712] libphy: Fixed MDIO Bus: probed
[    1.346635] CAN device driver interface
[    1.352458] igb: Intel(R) Gigabit Ethernet Network Driver - version 5.3.0-k
[    1.359427] igb: Copyright (c) 2007-2014 Intel Corporation.
[    1.368072] pegasus: v0.9.3 (2013/04/25), Pegasus/Pegasus II USB Ethernet driver
[    1.375533] usbcore: registered new interface driver pegasus
[    1.381261] usbcore: registered new interface driver asix
[    1.386718] usbcore: registered new interface driver ax88179_178a
[    1.392863] usbcore: registered new interface driver cdc_ether
[    1.398767] usbcore: registered new interface driver smsc75xx
[    1.404585] usbcore: registered new interface driver smsc95xx
[    1.410384] usbcore: registered new interface driver net1080
[    1.416094] usbcore: registered new interface driver cdc_subset
[    1.422064] usbcore: registered new interface driver zaurus
[    1.427717] usbcore: registered new interface driver cdc_ncm
[    1.435295] ehci_hcd: USB 2.0 'Enhanced' Host Controller (EHCI) Driver
[    1.441830] ehci-pci: EHCI PCI platform driver
[    1.446335] ehci-platform: EHCI generic platform driver
[    1.451763] ehci-orion: EHCI orion driver
[    1.455919] SPEAr-ehci: EHCI SPEAr driver
[    1.460060] ehci-st: EHCI STMicroelectronics driver
[    1.465084] ehci-exynos: EHCI EXYNOS driver
[    1.469431] ehci-atmel: EHCI Atmel driver
[    1.473586] tegra-ehci: Tegra EHCI driver
[    1.477898] ohci_hcd: USB 1.1 'Open' Host Controller (OHCI) Driver
[    1.484100] ohci-pci: OHCI PCI platform driver
[    1.488608] ohci-platform: OHCI generic platform driver
[    1.493996] ohci-omap3: OHCI OMAP3 driver
[    1.498151] SPEAr-ohci: OHCI SPEAr driver
[    1.502312] ohci-st: OHCI STMicroelectronics driver
[    1.507339] ohci-atmel: OHCI Atmel driver
[    1.512057] usbcore: registered new interface driver usb-storage
[    1.519595] mousedev: PS/2 mouse device common for all mice
[    1.529916] palmas-rtc 7000d000.i2c:tps65913@58:rtc: rtc core: registered 7000d000.i2c:tps659 as rtc0
[    1.541042] tegra_rtc 7000e000.rtc: rtc core: registered 7000e000.rtc as rtc1
[    1.548231] tegra_rtc 7000e000.rtc: Tegra internal Real Time Clock
[    1.554946] i2c /dev entries driver
[    1.562702] sbs-battery 0-000b: sbs_probe: Failed to get device status
[    1.569262] sbs-battery: probe of 0-000b failed with error -121
[    1.587302] sdhci: Secure Digital Host Controller Interface driver
[    1.593502] sdhci: Copyright(c) Pierre Ossman
[    1.599314] Synopsys Designware Multimedia Card Interface Driver
[    1.606372] sdhci-pltfm: SDHCI platform and OF driver helper
[    1.612760] sdhci-tegra 78000400.sdhci: Got CD GPIO
[    1.617669] sdhci-tegra 78000400.sdhci: Got WP GPIO
[    1.623737] mmc0: Invalid maximum block size, assuming 512 bytes
[    1.675265] mmc0: SDHCI controller on 78000400.sdhci [78000400.sdhci] using ADMA
[    1.682955] mmc1: Invalid maximum block size, assuming 512 bytes
[    1.735129] mmc1: SDHCI controller on 78000600.sdhci [78000600.sdhci] using ADMA
[    1.744363] ledtrig-cpu: registered to indicate activity on CPUs
[    1.750719] usbcore: registered new interface driver usbhid
[    1.756304] usbhid: USB HID core driver
[    1.766214] NET: Registered protocol family 10
[    1.771534] sit: IPv6, IPv4 and MPLS over IPv4 tunneling driver
[    1.778155] NET: Registered protocol family 17
[    1.782626] can: controller area network core (rev 20120528 abi 9)
[    1.788877] NET: Registered protocol family 29
[    1.793333] can: raw protocol (rev 20120528)
[    1.797614] can: broadcast manager protocol (rev 20160617 t)
[    1.803288] can: netlink gateway (rev 20130117) max_hops=1
[    1.809162] Key type dns_resolver registered
[    1.814087] ThumbEE CPU extension supported.
[    1.818379] Registering SWP/SWPB emulation handler
[    1.831437] usb1_vbus: supplied by vdd-sys-5v0
[    1.845842] usb2_vbus: supplied by vdd-sys-5v0
[    1.860182] mmc0: new high speed SDHC card at address aaaa
[    1.860297] VDD_5V0_HDMI_CON: supplied by vdd-sys-5v0
[    1.866146] [drm] Supports vblank timestamp caching Rev 2 (21.10.2013).
[    1.866150] [drm] No driver support for vblank timestamp query.
[    1.886477] mmcblk0: mmc0:aaaa SL16G 14.8 GiB 
[    1.932162] Console: switching to colour frame buffer device 240x75
[    1.959772] drm drm: fb0:  frame buffer device
[    1.959906]  mmcblk0: p1 p2 p3
[    1.977248] mmc1: new high speed MMC card at address 0001
[    1.983947] mmcblk1: mmc1:0001 SEM32G 29.1 GiB 
[    1.985194] [drm] Initialized tegra 0.0.0 20120330 on minor 0
[    1.990606] tegra-ehci 7d008000.usb: EHCI Host Controller
[    1.990647] tegra-ehci 7d008000.usb: new USB bus registered, assigned bus number 1
[    1.994910] tegra-ehci 7d008000.usb: irq 339, io mem 0x7d008000
[    2.005260] tegra-ehci 7d008000.usb: USB 2.0 started, EHCI 1.10
[    2.010943] hub 1-0:1.0: USB hub found
[    2.011020] hub 1-0:1.0: 1 port detected
[    2.013101] input: gpio-keys as /devices/soc0/gpio-keys/input/input0
[    2.019251] palmas-rtc 7000d000.i2c:tps65913@58:rtc: setting system clock to 2000-07-06 21:28:50 UTC (962918930)
[    2.037031] dvdd_ts: disabling
[    2.037037] usb1_vbus: disabling
[    2.037044] vdd_cam_1v8_reg: disabling
[    2.054719] mmcblk1boot0: mmc1:0001 SEM32G partition 1 4.00 MiB
[    2.061823] mmcblk1boot1: mmc1:0001 SEM32G partition 2 4.00 MiB
[    2.068779] mmcblk1rpmb: mmc1:0001 SEM32G partition 3 4.00 MiB
[    2.079663]  mmcblk1: p1 p2 p3 p4 p5 p6 p7 p8
[    2.089909] EXT4-fs (mmcblk1p1): mounting ext3 file system using the ext4 subsystem
[    2.112169] EXT4-fs (mmcblk1p1): recovery complete
[    2.117045] EXT4-fs (mmcblk1p1): mounted filesystem with ordered data mode. Opts: (null)
[    2.125204] VFS: Mounted root (ext3 filesystem) on device 179:17.
[    2.135910] devtmpfs: mounted
[    2.140779] Freeing unused kernel memory: 2048K (c1100000 - c1300000)
bash: cannot set terminal process group (-1): Inappropriate ioctl for device
bash: no job control in this shell
root@(none):/# [    2.355252] usb 1-1: new high-speed USB device number 2 using tegra-ehci
mount -t sysfs none /sys
[    3.354576] asix 1-1:1.0 eth0: register 'asix' at usb-7d008000.usb-1, ASIX AX88772 USB 2.0 Ethernet, 00:50:b6:0d:b5:16
root@(none):/# 
root@(none):/# mount -t debugfs none /sys/kernel/debug
root@(none):/# 
root@(none):/# rtcwake -d rtc1 -m mem -s 3
rtcwake: assuming RTC uses UTC ...
rtcwake: wakeup from "mem" using /dev/rtc1 at Thu Jan  1 00:00:20 1970
[    5.355806] PM: Syncing filesystems ... done.
[    5.383384] Freezing user space processes ... (elapsed 0.001 seconds) done.
[    5.391785] Double checking all user space processes after OOM killer disable... (elapsed 0.000 seconds) 
[    5.401533] Freezing remaining freezable tasks ... (elapsed 0.001 seconds) done.
[    5.410402] Suspending console(s) (use no_console_suspend to debug)
[    5.457665] PM: suspend of devices complete after 39.608 msecs
[    5.460040] PM: late suspend of devices complete after 2.361 msecs
[    5.461981] PM: noirq suspend of devices complete after 1.932 msecs
[    5.461986] Disabling non-boot CPUs ...
[    5.462846] CPU1: shutdown
[    5.497367] IRQ17 no longer affine to CPU2
[    5.497751] CPU2: shutdown
[    5.527419] CPU3: shutdown
[    5.541337] Entering suspend state LP1
[    5.541361] Enabling non-boot CPUs ...
[    5.571745] CPU1 is up
[    5.601921] CPU2 is up
[    5.637225] CPU3 is up
[    5.638515] PM: noirq resume of devices complete after 1.279 msecs
[    5.641833] PM: early resume of devices complete after 2.853 msecs
[    5.741959] PM: resume of devices complete after 100.109 msecs
[    5.810813] Restarting tasks ... done.
root@(none):/# 
root@(none):/# rtcwake -d rtc1 -m mem -s 3
rtcwake: assuming RTC uses UTC ...
rtcwake: wakeup from "mem" using /dev/rtc1 at Thu Jan  1 00:00:28 1970
[    6.165770] PM: Syncing filesystems ... done.
[    6.192380] Freezing user space processes ... (elapsed 0.001 seconds) done.
[    6.200812] Double checking all user space processes after OOM killer disable... (elapsed 0.000 seconds) 
[    6.210563] Freezing remaining freezable tasks ... (elapsed 0.001 seconds) done.
[    6.219487] Suspending console(s) (use no_console_suspend to debug)
[    6.267390] PM: suspend of devices complete after 40.235 msecs
[    6.269740] PM: late suspend of devices complete after 2.336 msecs
[    6.271675] PM: noirq suspend of devices complete after 1.926 msecs
[    6.271680] Disabling non-boot CPUs ...
[    6.272533] CPU1: shutdown
[    6.312636] CPU2: shutdown
[    6.352350] CPU3: shutdown
[    6.376331] Entering suspend state LP1
[    6.376355] Enabling non-boot CPUs ...
[    6.406705] CPU1 is up
[    6.436869] CPU2 is up
[    6.467193] CPU3 is up
[    6.468480] PM: noirq resume of devices complete after 1.277 msecs
[    6.471675] PM: early resume of devices complete after 2.751 msecs
[    6.576892] PM: resume of devices complete after 105.200 msecs
[    6.641698] Restarting tasks ... done.
root@(none):/# 
root@(none):/# rtcwake -d rtc1 -m mem -s 3
rtcwake: assuming RTC uses UTC ...
rtcwake: wakeup from "mem" using /dev/rtc1 at Thu Jan  1 00:00:36 1970
[    6.999655] PM: Syncing filesystems ... done.
[    7.026002] Freezing user space processes ... (elapsed 0.001 seconds) done.
[    7.034407] Double checking all user space processes after OOM killer disable... (elapsed 0.000 seconds) 
[    7.044095] Freezing remaining freezable tasks ... (elapsed 0.001 seconds) done.
[    7.053025] Suspending console(s) (use no_console_suspend to debug)
[    7.102306] PM: suspend of devices complete after 41.543 msecs
[    7.104713] PM: late suspend of devices complete after 2.392 msecs
[    7.106723] PM: noirq suspend of devices complete after 2.001 msecs
[    7.106727] Disabling non-boot CPUs ...
[    7.107577] CPU1: shutdown
[    7.147569] CPU2: shutdown
[    7.171941] IRQ17 no longer affine to CPU3
[    7.172311] CPU3: shutdown
[    7.196337] Entering suspend state LP1
[    7.196361] Enabling non-boot CPUs ...
[    7.226711] CPU1 is up
[    7.256869] CPU2 is up
[    7.287193] CPU3 is up
[    7.288467] PM: noirq resume of devices complete after 1.263 msecs
[    7.291148] PM: early resume of devices complete after 2.239 msecs
[    7.391876] PM: resume of devices complete after 100.710 msecs
[    7.460776] Restarting tasks ... done.
root@(none):/# 
root@(none):/# rtcwake -d rtc1 -m mem -s 3
rtcwake: assuming RTC uses UTC ...
rtcwake: wakeup from "mem" using /dev/rtc1 at Thu Jan  1 00:00:44 1970
[    7.818052] PM: Syncing filesystems ... done.
[    7.844301] Freezing user space processes ... (elapsed 0.001 seconds) done.
[    7.852739] Double checking all user space processes after OOM killer disable... (elapsed 0.000 seconds) 
[    7.862399] Freezing remaining freezable tasks ... (elapsed 0.001 seconds) done.
[    7.871347] Suspending console(s) (use no_console_suspend to debug)
[    7.921869] PM: suspend of devices complete after 42.879 msecs
[    7.924117] PM: late suspend of devices complete after 2.239 msecs
[    7.926082] PM: noirq suspend of devices complete after 1.956 msecs
[    7.926086] Disabling non-boot CPUs ...
[    7.926923] CPU1: shutdown
[    7.962646] CPU2: shutdown
[    7.991850] IRQ17 no longer affine to CPU3
[    7.992228] CPU3: shutdown
[    8.006227] Entering suspend state LP1
[    8.006251] Enabling non-boot CPUs ...
[    8.036645] CPU1 is up
[    8.066807] CPU2 is up
[    8.097145] CPU3 is up
[    8.098414] PM: noirq resume of devices complete after 1.258 msecs
[    8.101174] PM: early resume of devices complete after 2.316 msecs
[    8.202060] PM: resume of devices complete after 100.869 msecs
[    8.270895] Restarting tasks ... done.
root@(none):/# 
root@(none):/# rtcwake -d rtc1 -m mem -s 3
rtcwake: assuming RTC uses UTC ...
rtcwake: wakeup from "mem" using /dev/rtc1 at Thu Jan  1 00:00:52 1970
[    8.644437] PM: Syncing filesystems ... done.
[    8.671273] Freezing user space processes ... (elapsed 0.001 seconds) done.
[    8.679679] Double checking all user space processes after OOM killer disable... (elapsed 0.000 seconds) 
[    8.689363] Freezing remaining freezable tasks ... (elapsed 0.001 seconds) done.
[    8.698297] Suspending console(s) (use no_console_suspend to debug)
[    8.746930] PM: suspend of devices complete after 40.976 msecs
[    8.749664] PM: late suspend of devices complete after 2.718 msecs
[    8.751623] PM: noirq suspend of devices complete after 1.949 msecs
[    8.751627] Disabling non-boot CPUs ...
[    8.752481] CPU1: shutdown
[    8.787532] CPU2: shutdown
[    8.816880] IRQ17 no longer affine to CPU3
[    8.817253] CPU3: shutdown
[    8.841240] Entering suspend state LP1
[    8.841264] Enabling non-boot CPUs ...
[    8.871576] CPU1 is up
[    8.901781] CPU2 is up
[    8.932121] CPU3 is up
[    8.933368] PM: noirq resume of devices complete after 1.237 msecs
[    8.936128] PM: early resume of devices complete after 2.300 msecs
[    9.036990] PM: resume of devices complete after 100.843 msecs
[    9.105824] Restarting tasks ... done.
root@(none):/# 
root@(none):/# rtcwake -d rtc1 -m mem -s 3
rtcwake: assuming RTC uses UTC ...
rtcwake: wakeup from "mem" using /dev/rtc1 at Thu Jan  1 00:01:00 1970
[    9.501742] PM: Syncing filesystems ... done.
[    9.528534] Freezing user space processes ... (elapsed 0.001 seconds) done.
[    9.536950] Double checking all user space processes after OOM killer disable... (elapsed 0.000 seconds) 
[    9.546706] Freezing remaining freezable tasks ... (elapsed 0.001 seconds) done.
[    9.555577] Suspending console(s) (use no_console_suspend to debug)
[    9.607484] PM: suspend of devices complete after 44.241 msecs
[    9.609868] PM: late suspend of devices complete after 2.368 msecs
[    9.612043] PM: noirq suspend of devices complete after 2.161 msecs
[    9.612048] Disabling non-boot CPUs ...
[    9.612926] CPU1: shutdown
[    9.657523] CPU2: shutdown
[    9.686871] IRQ17 no longer affine to CPU3
[    9.687238] CPU3: shutdown
[    9.711193] Entering suspend state LP1
[    9.711217] Enabling non-boot CPUs ...
[    9.741561] CPU1 is up
[    9.771746] CPU2 is up
[    9.802076] CPU3 is up
[    9.803339] PM: noirq resume of devices complete after 1.252 msecs
[    9.806087] PM: early resume of devices complete after 2.295 msecs
[    9.906949] PM: resume of devices complete after 100.844 msecs
[    9.975738] Restarting tasks ... done.
root@(none):/# 
root@(none):/# rtcwake -d rtc1 -m mem -s 3
rtcwake: assuming RTC uses UTC ...
rtcwake: wakeup from "mem" using /dev/rtc1 at Thu Jan  1 00:01:08 1970
[   10.334511] PM: Syncing filesystems ... done.
[   10.361324] Freezing user space processes ... (elapsed 0.001 seconds) done.
[   10.369726] Double checking all user space processes after OOM killer disable... (elapsed 0.000 seconds) 
[   10.379419] Freezing remaining freezable tasks ... (elapsed 0.001 seconds) done.
[   10.388346] Suspending console(s) (use no_console_suspend to debug)
[   10.437206] PM: suspend of devices complete after 41.150 msecs
[   10.439592] PM: late suspend of devices complete after 2.370 msecs
[   10.441769] PM: noirq suspend of devices complete after 2.163 msecs
[   10.441774] Disabling non-boot CPUs ...
[   10.442654] CPU1: shutdown
[   10.487475] CPU2: shutdown
[   10.517149] CPU3: shutdown
[   10.541149] Entering suspend state LP1
[   10.541173] Enabling non-boot CPUs ...
[   10.571512] CPU1 is up
[   10.601722] CPU2 is up
[   10.632029] CPU3 is up
[   10.633291] PM: noirq resume of devices complete after 1.251 msecs
[   10.635703] PM: early resume of devices complete after 2.136 msecs
[   10.741689] PM: resume of devices complete after 105.968 msecs
[   10.806404] Restarting tasks ... done.
root@(none):/# 
root@(none):/# rtcwake -d rtc1 -m mem -s 3
rtcwake: assuming RTC uses UTC ...
rtcwake: wakeup from "mem" using /dev/rtc1 at Thu Jan  1 00:01:16 1970
[   11.168953] PM: Syncing filesystems ... done.
[   11.195620] Freezing user space processes ... (elapsed 0.001 seconds) done.
[   11.203997] Double checking all user space processes after OOM killer disable... (elapsed 0.000 seconds) 
[   11.213748] Freezing remaining freezable tasks ... (elapsed 0.001 seconds) done.
[   11.222619] Suspending console(s) (use no_console_suspend to debug)
[   11.271781] PM: suspend of devices complete after 41.479 msecs
[   11.274469] PM: late suspend of devices complete after 2.673 msecs
[   11.276437] PM: noirq suspend of devices complete after 1.957 msecs
[   11.276440] Disabling non-boot CPUs ...
[   11.276916] IRQ17 no longer affine to CPU1
[   11.277313] CPU1: shutdown
[   11.312409] CPU2: shutdown
[   11.342126] CPU3: shutdown
[   11.366122] Entering suspend state LP1
[   11.366146] Enabling non-boot CPUs ...
[   11.396458] CPU1 is up
[   11.426648] CPU2 is up
[   11.456964] CPU3 is up
[   11.458235] PM: noirq resume of devices complete after 1.260 msecs
[   11.460626] PM: early resume of devices complete after 1.942 msecs
[   11.566556] PM: resume of devices complete after 105.913 msecs
[   11.635293] Restarting tasks ... done.
root@(none):/# 
root@(none):/# rtcwake -d rtc1 -m mem -s 3
rtcwake: assuming RTC uses UTC ...
rtcwake: wakeup from "mem" using /dev/rtc1 at Thu Jan  1 00:01:24 1970
[   11.992339] PM: Syncing filesystems ... done.
[   12.018760] Freezing user space processes ... (elapsed 0.001 seconds) done.
[   12.027192] Double checking all user space processes after OOM killer disable... (elapsed 0.000 seconds) 
[   12.036951] Freezing remaining freezable tasks ... (elapsed 0.001 seconds) done.
[   12.045826] Suspending console(s) (use no_console_suspend to debug)
[   12.097141] PM: suspend of devices complete after 43.646 msecs
[   12.099572] PM: late suspend of devices complete after 2.416 msecs
[   12.101571] PM: noirq suspend of devices complete after 1.989 msecs
[   12.101575] Disabling non-boot CPUs ...
[   12.102433] CPU1: shutdown
[   12.137417] CPU2: shutdown
[   12.171703] IRQ17 no longer affine to CPU3
[   12.172075] CPU3: shutdown
[   12.196065] Entering suspend state LP1
[   12.196089] Enabling non-boot CPUs ...
[   12.226432] CPU1 is up
[   12.256620] CPU2 is up
[   12.291959] CPU3 is up
[   12.293232] PM: noirq resume of devices complete after 1.263 msecs
[   12.295606] PM: early resume of devices complete after 1.937 msecs
[   12.401889] PM: resume of devices complete after 106.266 msecs
[   12.470668] Restarting tasks ... done.
root@(none):/# 
root@(none):/# rtcwake -d rtc1 -m mem -s 3
rtcwake: assuming RTC uses UTC ...
rtcwake: wakeup from "mem" using /dev/rtc1 at Thu Jan  1 00:01:32 1970
[   12.817906] PM: Syncing filesystems ... done.
[   12.844233] Freezing user space processes ... (elapsed 0.001 seconds) done.
[   12.852635] Double checking all user space processes after OOM killer disable... (elapsed 0.000 seconds) 
[   12.862375] Freezing remaining freezable tasks ... (elapsed 0.001 seconds) done.
[   12.871243] Suspending console(s) (use no_console_suspend to debug)
[   12.921980] PM: suspend of devices complete after 43.085 msecs
[   12.924572] PM: late suspend of devices complete after 2.576 msecs
[   12.926474] PM: noirq suspend of devices complete after 1.892 msecs
[   12.926479] Disabling non-boot CPUs ...
[   12.927347] CPU1: shutdown
[   12.962339] CPU2: shutdown
[   12.991674] IRQ17 no longer affine to CPU3
[   12.992044] CPU3: shutdown
[   13.016034] Entering suspend state LP1
[   13.016058] Enabling non-boot CPUs ...
[   13.046392] CPU1 is up
[   13.076596] CPU2 is up
[   13.106912] CPU3 is up
[   13.108157] PM: noirq resume of devices complete after 1.235 msecs
[   13.111235] PM: early resume of devices complete after 2.633 msecs
[   13.211618] PM: resume of devices complete after 100.365 msecs
[   13.280455] Restarting tasks ... done.
root@(none):/# 
root@(none):/# NVTB SYSTEM SUSPEND TEST COMPLETE
