

U-Boot 2015.04-00466-gedec83e90172 (Mar 14 2016 - 10:42:01)

TEGRA124
Model: Acer Chromebook 13 CB5-311
DRAM:  4 GiB
:   Tegra SD/MMC: 0, Tegra SD/MMC: 1, Tegra SD/MMC: 2
MMC init failed
Using default environment

In:    serial
Out:   serial
Err:   serial
Net:   Net Initialization Skipped
No ethernet found.
Hit any key to stop autoboot:  2  1  0 
Tegra124 (Nyan-big) # 
Tegra124 (Nyan-big) # usb start
starting USB...
USB0:   USB EHCI 1.10
scanning bus 0 for devices... 2 USB Device(s) found
USB1:   USB EHCI 1.10
scanning bus 1 for devices... 2 USB Device(s) found
       scanning usb for storage devices... 1 Storage Device(s) found
       scanning usb for ethernet devices... 
Warning: asx0 using MAC address from net device
1 Ethernet Device(s) found
Tegra124 (Nyan-big) # mw 0x7000e4a0 0x00080000
Tegra124 (Nyan-big) # setenv bootargs 'ignore_loglevel console=ttyS0,115200n8 rw root=PARTUUID=4d36e82a-b3c0-4b4b-bfcd-afe5217ac023 rootwait gpt debug noinitrd earlyprintk init=/bin/bash'
Tegra124 (Nyan-big) # setenv ipaddr 192.168.100.102; setenv serverip 192.168.100.1; setenv tftpserverip 192.168.100.1
Tegra124 (Nyan-big) # tftpboot 0x82000000 zImage.multi_v7_defconfig
Using asx0 device
TFTP from server 192.168.100.1; our IP address is 192.168.100.102
Filename 'zImage.multi_v7_defconfig'.
Load address: 0x82000000
Loading: *#################################################################
	 #################################################################
	 #################################################################
	 #################################################################
	 #################################################################
	 #################################################################
	 #################################################################
	 ###########################################################
	 3.5 MiB/s
done
Bytes transferred = 7537352 (7302c8 hex)
Tegra124 (Nyan-big) # tftpboot 0x83000000 tegra124-nyan-big.dtb
Using asx0 device
TFTP from server 192.168.100.1; our IP address is 192.168.100.102
Filename 'tegra124-nyan-big.dtb'.
Load address: 0x83000000
Loading: *#####
	 3.4 MiB/s
done
Bytes transferred = 68155 (10a3b hex)
Tegra124 (Nyan-big) # bootz 0x82000000 - 0x83000000
Kernel image @ 0x82000000 [ 0x000000 - 0x7302c8 ]
## Flattened Device Tree blob at 83000000
   Booting using the fdt blob at 0x83000000
   Using Device Tree in place at 83000000, end 83013a3a

Starting kernel ...

[    0.000000] Booting Linux on physical CPU 0x0
[    0.000000] Linux version 4.11.0-rc1-155019-gc1ae3cf (pwalmsley@sellafield) (gcc version 4.7.3 20130328 (prerelease) (crosstool-NG linaro-1.13.1-4.7-2013.04-20130415 - Linaro GCC 2013.04) ) #1 SMP Sun Mar 5 13:36:32 PST 2017
[    0.000000] CPU: ARMv7 Processor [413fc0f3] revision 3 (ARMv7), cr=10c5387d
[    0.000000] CPU: div instructions available: patching division code
[    0.000000] CPU: PIPT / VIPT nonaliasing data cache, PIPT instruction cache
[    0.000000] OF: fdt: Machine model: Acer Chromebook 13 CB5-311
[    0.000000] OF: fdt: Ignoring memory range 0x100000000 - 0x17ffff000
[    0.000000] debug: ignoring loglevel setting.
[    0.000000] efi: Getting EFI parameters from FDT:
[    0.000000] efi: UEFI not found.
[    0.000000] cma: Reserved 64 MiB at 0xfb800000
[    0.000000] Memory policy: Data cache writealloc
[    0.000000] On node 0 totalpages: 524287
[    0.000000] free_area_init_node: node 0, pgdat c1538180, node_mem_map eeff8000
[    0.000000]   DMA zone: 1536 pages used for memmap
[    0.000000]   DMA zone: 0 pages reserved
[    0.000000]   DMA zone: 196608 pages, LIFO batch:31
[    0.000000]   HighMem zone: 327679 pages, LIFO batch:31
[    0.000000] percpu: Embedded 16 pages/cpu @eef85000 s34304 r8192 d23040 u65536
[    0.000000] pcpu-alloc: s34304 r8192 d23040 u65536 alloc=16*4096
[    0.000000] pcpu-alloc: [0] 0 [0] 1 [0] 2 [0] 3 
[    0.000000] Built 1 zonelists in Zone order, mobility grouping on.  Total pages: 522751
[    0.000000] Kernel command line: ignore_loglevel console=ttyS0,115200n8 rw root=PARTUUID=4d36e82a-b3c0-4b4b-bfcd-afe5217ac023 rootwait gpt debug noinitrd earlyprintk init=/bin/bash
[    0.000000] PID hash table entries: 4096 (order: 2, 16384 bytes)
[    0.000000] Dentry cache hash table entries: 131072 (order: 7, 524288 bytes)
[    0.000000] Inode-cache hash table entries: 65536 (order: 6, 262144 bytes)
[    0.000000] Memory: 1994668K/2097148K available (10240K kernel code, 1254K rwdata, 4212K rodata, 2048K init, 536K bss, 36944K reserved, 65536K cma-reserved, 1245180K highmem)
[    0.000000] Virtual kernel memory layout:
[    0.000000]     vector  : 0xffff0000 - 0xffff1000   (   4 kB)
[    0.000000]     fixmap  : 0xffc00000 - 0xfff00000   (3072 kB)
[    0.000000]     vmalloc : 0xf0800000 - 0xff800000   ( 240 MB)
[    0.000000]     lowmem  : 0xc0000000 - 0xf0000000   ( 768 MB)
[    0.000000]     pkmap   : 0xbfe00000 - 0xc0000000   (   2 MB)
[    0.000000]     modules : 0xbf000000 - 0xbfe00000   (  14 MB)
[    0.000000]       .text : 0xc0208000 - 0xc0d00000   (11232 kB)
[    0.000000]       .init : 0xc1200000 - 0xc1400000   (2048 kB)
[    0.000000]       .data : 0xc1400000 - 0xc1539aa0   (1255 kB)
[    0.000000]        .bss : 0xc153b000 - 0xc15c13b8   ( 537 kB)
[    0.000000] SLUB: HWalign=64, Order=0-3, MinObjects=0, CPUs=4, Nodes=1
[    0.000000] Hierarchical RCU implementation.
[    0.000000] 	RCU debugfs-based tracing is enabled.
[    0.000000] 	Build-time adjustment of leaf fanout to 32.
[    0.000000] 	RCU restricting CPUs from NR_CPUS=16 to nr_cpu_ids=4.
[    0.000000] RCU: Adjusting geometry for rcu_fanout_leaf=32, nr_cpu_ids=4
[    0.000000] NR_IRQS:16 nr_irqs:16 16
[    0.000000] /interrupt-controller@60004000: 160 interrupts forwarded to /interrupt-controller@50041000
[    0.000000] Tegra clk 127: register failed with -17
[    0.000004] sched_clock: 32 bits at 1000kHz, resolution 1000ns, wraps every 2147483647500ns
[    0.000014] clocksource: timer_us: mask: 0xffffffff max_cycles: 0xffffffff, max_idle_ns: 1911260446275 ns
[    0.000020] Switching to timer-based delay loop, resolution 1000ns
[    0.001716] arm_arch_timer: Architected cp15 timer(s) running at 12.00MHz (virt).
[    0.001724] clocksource: arch_sys_counter: mask: 0xffffffffffffff max_cycles: 0x2c47f4ee7, max_idle_ns: 440795202497 ns
[    0.001731] sched_clock: 56 bits at 12MHz, resolution 83ns, wraps every 4398046511096ns
[    0.001735] Switching to timer-based delay loop, resolution 83ns
[    0.001940] Console: colour dummy device 80x30
[    0.001956] Calibrating delay loop (skipped), value calculated using timer frequency.. 24.00 BogoMIPS (lpj=120000)
[    0.001962] pid_max: default: 32768 minimum: 301
[    0.002004] Mount-cache hash table entries: 2048 (order: 1, 8192 bytes)
[    0.002008] Mountpoint-cache hash table entries: 2048 (order: 1, 8192 bytes)
[    0.002203] CPU: Testing write buffer coherency: ok
[    0.002325] /cpus/cpu@0 missing clock-frequency property
[    0.002340] /cpus/cpu@1 missing clock-frequency property
[    0.002355] /cpus/cpu@2 missing clock-frequency property
[    0.002370] /cpus/cpu@3 missing clock-frequency property
[    0.002375] CPU0: thread -1, cpu 0, socket 0, mpidr 80000000
[    0.002455] Setting up static identity map for 0x80300000 - 0x80300098
[    0.003772] Tegra Revision: A01 SKU: 131 CPU Process: 1 SoC Process: 1
[    0.003996] EFI services will not be available.
[    0.004092] smp: Bringing up secondary CPUs ...
[    0.004330] CPU1: thread -1, cpu 1, socket 0, mpidr 80000001
[    0.011834] CPU2: thread -1, cpu 2, socket 0, mpidr 80000002
[    0.021832] CPU3: thread -1, cpu 3, socket 0, mpidr 80000003
[    0.031615] smp: Brought up 1 node, 4 CPUs
[    0.031623] SMP: Total of 4 processors activated (96.00 BogoMIPS).
[    0.031627] CPU: All CPU(s) started in SVC mode.
[    0.032170] devtmpfs: initialized
[    0.037838] VFP support v0.3: implementor 41 architecture 4 part 30 variant f rev 0
[    0.038029] clocksource: jiffies: mask: 0xffffffff max_cycles: 0xffffffff, max_idle_ns: 19112604462750000 ns
[    0.038037] futex hash table entries: 1024 (order: 4, 65536 bytes)
[    0.038606] pinctrl core: initialized pinctrl subsystem
[    0.039378] NET: Registered protocol family 16
[    0.040115] DMA: preallocated 256 KiB pool for atomic coherent allocations
[    0.041017] cpuidle: using governor menu
[    0.050161] No ATAGs?
[    0.050216] hw-breakpoint: found 5 (+1 reserved) breakpoint and 4 watchpoint registers.
[    0.050222] hw-breakpoint: maximum watchpoint size is 8 bytes.
[    0.052784] Serial: AMBA PL011 UART driver
[    0.053136] tegra-mc 70019000.memory-controller: no memory timings for RAM code 0 registered
[    0.058477] +5V_SYS: supplied by +VDD_MUX
[    0.058572] +3.3V_SYS: supplied by +VDD_MUX
[    0.058776] +VDD_LED: Failed to request enable GPIO122: -517
[    0.058782] reg-fixed-voltage regulators:regulator@5: Failed to register regulator: -517
[    0.058813] +5V_VDD_TS_SW: Failed to request enable GPIO81: -517
[    0.058817] reg-fixed-voltage regulators:regulator@6: Failed to register regulator: -517
[    0.058847] +5V_USB_HS: Failed to request enable GPIO108: -517
[    0.058851] reg-fixed-voltage regulators:regulator@7: Failed to register regulator: -517
[    0.058881] +5V_USB_SS: Failed to request enable GPIO109: -517
[    0.058885] reg-fixed-voltage regulators:regulator@8: Failed to register regulator: -517
[    0.058963] +1.05V_RUN_AVDD_HDMI_PLL: Failed to request enable GPIO63: -517
[    0.058968] reg-fixed-voltage regulators:regulator@11: Failed to register regulator: -517
[    0.058997] +5V_HDMI_CON: Failed to request enable GPIO86: -517
[    0.059001] reg-fixed-voltage regulators:regulator@12: Failed to register regulator: -517
[    0.060051] vgaarb: loaded
[    0.060318] SCSI subsystem initialized
[    0.060386] libata version 3.00 loaded.
[    0.060477] usbcore: registered new interface driver usbfs
[    0.060498] usbcore: registered new interface driver hub
[    0.060524] usbcore: registered new device driver usb
[    0.061815] pps_core: LinuxPPS API ver. 1 registered
[    0.061819] pps_core: Software ver. 5.3.6 - Copyright 2005-2007 Rodolfo Giometti <giometti@linux.it>
[    0.061826] PTP clock support registered
[    0.061892] EDAC MC: Ver: 3.0.0
[    0.062296] tegra-emc 7001b000.emc: no memory timings for RAM code 0 found in DT
[    0.062306] tegra-emc: probe of 7001b000.emc failed with error -2
[    0.062735] clocksource: Switched to clocksource arch_sys_counter
[    0.065948] NET: Registered protocol family 2
[    0.066135] TCP established hash table entries: 8192 (order: 3, 32768 bytes)
[    0.066168] TCP bind hash table entries: 8192 (order: 4, 65536 bytes)
[    0.066231] TCP: Hash tables configured (established 8192 bind 8192)
[    0.066264] UDP hash table entries: 512 (order: 2, 16384 bytes)
[    0.066279] UDP-Lite hash table entries: 512 (order: 2, 16384 bytes)
[    0.066335] NET: Registered protocol family 1
[    0.066456] RPC: Registered named UNIX socket transport module.
[    0.066460] RPC: Registered udp transport module.
[    0.066463] RPC: Registered tcp transport module.
[    0.066465] RPC: Registered tcp NFSv4.1 backchannel transport module.
[    0.066470] PCI: CLS 0 bytes, default 64
[    0.066899] hw perfevents: enabled with armv7_cortex_a15 PMU driver, 7 counters available
[    0.067596] workingset: timestamp_bits=30 max_order=19 bucket_order=0
[    0.070441] squashfs: version 4.0 (2009/01/31) Phillip Lougher
[    0.070703] NFS: Registering the id_resolver key type
[    0.070714] Key type id_resolver registered
[    0.070717] Key type id_legacy registered
[    0.070733] ntfs: driver 2.1.32 [Flags: R/O].
[    0.071276] bounce: pool size: 64 pages
[    0.071294] Block layer SCSI generic (bsg) driver version 0.4 loaded (major 248)
[    0.071299] io scheduler noop registered
[    0.071302] io scheduler deadline registered
[    0.071357] io scheduler cfq registered (default)
[    0.071361] io scheduler mq-deadline registered
[    0.073169] tegra-xusb-padctl 7009f000.padctl: failed to setup XUSB ports: -517
[    0.082626] tegra-apbdma 60020000.dma: Tegra20 APB DMA driver register 32 channels
[    0.083324] tegra-pmc 7000e400.pmc: i2c-thermtrip node not found, emergency thermal reset disabled.
[    0.101474] Serial: 8250/16550 driver, 4 ports, IRQ sharing disabled
[    0.102507] console [ttyS0] disabled
[    0.102524] 70006000.serial: ttyS0 at MMIO 0x70006000 (irq = 333, base_baud = 25500000) is a Tegra
[    0.985814] console [ttyS0] enabled
[    0.989577] SuperH (H)SCI(F) driver initialized
[    0.994429] msm_serial: driver initialized
[    0.998574] STMicroelectronics ASC driver initialized
[    1.006110] tegra-hdmi 54280000.hdmi: failed to get HDMI regulator
[    1.012639] tegra-dpaux 545c0000.dpaux: failed to get VDD supply: -517
[    1.019934] panel-simple panel: panel supply power not found, using dummy regulator
[    1.031101] brd: module loaded
[    1.036798] loop: module loaded
[    1.040822] as3722 4-0040: AS3722 with revision 0x1 found
[    1.050803] as3722-sd2: supplied by +5V_SYS
[    1.055221] as3722-sd3: supplied by +5V_SYS
[    1.059547] +1.35V_LP0(sd3): Bringing 0uV into 1350000-1350000uV
[    1.065767] as3722-sd4: supplied by +5V_SYS
[    1.070096] +1.05V_RUN: Bringing 0uV into 1050000-1050000uV
[    1.075838] as3722-sd5: supplied by +5V_SYS
[    1.081410] as3722-ldo0: supplied by +1.35V_LP0(sd2)
[    1.087137] +1.8V_RUN_CAM: Bringing 0uV into 1800000-1800000uV
[    1.093156] as3722-ldo2: supplied by +1.8V_VDDIO
[    1.098761] as3722-ldo3: supplied by +3.3V_SYS
[    1.103213] +1.00V_LP0_VDD_RTC: Bringing 1100000uV into 1000000-1000000uV
[    1.110779] as3722-ldo4: supplied by +3.3V_SYS
[    1.115387] +3.3V_RUN_CAM: Bringing 0uV into 2800000-2800000uV
[    1.121397] as3722-ldo5: supplied by +1.8V_VDDIO
[    1.126171] +1.2V_RUN_CAM_FRONT: Bringing 0uV into 1200000-1200000uV
[    1.132850] +VDDIO_SDMMC3: Bringing 0uV into 1800000-1800000uV
[    1.138861] as3722-ldo7: supplied by +1.8V_VDDIO
[    1.143631] +1.05V_RUN_CAM_REAR: Bringing 0uV into 1050000-1050000uV
[    1.150170] as3722-ldo9: supplied by +5V_SYS
[    1.154736] +2.8V_RUN_TOUCH: Bringing 0uV into 2800000-2800000uV
[    1.160921] as3722-ldo10: supplied by +5V_SYS
[    1.165431] +2.8V_RUN_CAM_AF: Bringing 0uV into 2800000-2800000uV
[    1.171856] +1.8V_RUN_VPP_FUSE: Bringing 0uV into 1800000-1800000uV
[    1.184215] random: fast init done
[    1.190083] m25p80 spi32765.0: w25q32dw (4096 Kbytes)
[    1.196167] libphy: Fixed MDIO Bus: probed
[    1.200645] CAN device driver interface
[    1.204796] bgmac_bcma: Broadcom 47xx GBit MAC driver loaded
[    1.210889] e1000e: Intel(R) PRO/1000 Network Driver - 3.2.6-k
[    1.216712] e1000e: Copyright(c) 1999 - 2015 Intel Corporation.
[    1.222633] igb: Intel(R) Gigabit Ethernet Network Driver - version 5.4.0-k
[    1.229581] igb: Copyright (c) 2007-2014 Intel Corporation.
[    1.236324] pegasus: v0.9.3 (2013/04/25), Pegasus/Pegasus II USB Ethernet driver
[    1.243731] usbcore: registered new interface driver pegasus
[    1.249390] usbcore: registered new interface driver asix
[    1.254791] usbcore: registered new interface driver ax88179_178a
[    1.260877] usbcore: registered new interface driver cdc_ether
[    1.266717] usbcore: registered new interface driver smsc75xx
[    1.272462] usbcore: registered new interface driver smsc95xx
[    1.278209] usbcore: registered new interface driver net1080
[    1.283869] usbcore: registered new interface driver cdc_subset
[    1.289782] usbcore: registered new interface driver zaurus
[    1.295363] usbcore: registered new interface driver cdc_ncm
[    1.301631] ehci_hcd: USB 2.0 'Enhanced' Host Controller (EHCI) Driver
[    1.308149] ehci-pci: EHCI PCI platform driver
[    1.312592] ehci-platform: EHCI generic platform driver
[    1.317879] ehci-orion: EHCI orion driver
[    1.321922] SPEAr-ehci: EHCI SPEAr driver
[    1.325975] ehci-st: EHCI STMicroelectronics driver
[    1.330885] ehci-exynos: EHCI EXYNOS driver
[    1.335114] ehci-atmel: EHCI Atmel driver
[    1.339155] tegra-ehci: Tegra EHCI driver
[    1.343218] ohci_hcd: USB 1.1 'Open' Host Controller (OHCI) Driver
[    1.349385] ohci-pci: OHCI PCI platform driver
[    1.353833] ohci-platform: OHCI generic platform driver
[    1.359096] ohci-omap3: OHCI OMAP3 driver
[    1.363147] SPEAr-ohci: OHCI SPEAr driver
[    1.367191] ohci-st: OHCI STMicroelectronics driver
[    1.372100] ohci-atmel: OHCI Atmel driver
[    1.376356] usbcore: registered new interface driver usb-storage
[    1.383125] elan_i2c 1-0015: 1-0015 supply vcc not found, using dummy regulator
[    1.390481] as3722-rtc as3722-rtc: rtc core: registered as3722-rtc as rtc0
[    1.397355] as3722-rtc as3722-rtc: RTC interrupt 372
[    1.404231] tegra_rtc 7000e000.rtc: rtc core: registered 7000e000.rtc as rtc1
[    1.411360] tegra_rtc 7000e000.rtc: Tegra internal Real Time Clock
[    1.417713] i2c /dev entries driver
[    1.423512] lm90 0-004c: 0-004c supply vcc not found, using dummy regulator
[    1.434799] sdhci: Secure Digital Host Controller Interface driver
[    1.440962] sdhci: Copyright(c) Pierre Ossman
[    1.445861] Synopsys Designware Multimedia Card Interface Driver
[    1.452236] sdhci-pltfm: SDHCI platform and OF driver helper
[    1.458154] sdhci-tegra 700b0000.sdhci: allocated mmc-pwrseq
[    1.463916] sdhci-tegra 700b0400.sdhci: Got CD GPIO
[    1.468786] sdhci-tegra 700b0400.sdhci: Got WP GPIO
[    1.473774] mmc0: Unknown controller version (3). You may experience problems.
[    1.481010] mmc0: Invalid maximum block size, assuming 512 bytes
[    1.542743] mmc0: SDHCI controller on 700b0600.sdhci [700b0600.sdhci] using ADMA
[    1.550812] ledtrig-cpu: registered to indicate activity on CPUs
[    1.556999] usbcore: registered new interface driver usbhid
[    1.562562] usbhid: USB HID core driver
[    1.567789] NET: Registered protocol family 10
[    1.572563] Segment Routing with IPv6
[    1.576266] sit: IPv6, IPv4 and MPLS over IPv4 tunneling driver
[    1.582397] NET: Registered protocol family 17
[    1.586845] can: controller area network core (rev 20120528 abi 9)
[    1.593090] NET: Registered protocol family 29
[    1.597528] can: raw protocol (rev 20120528)
[    1.601792] can: broadcast manager protocol (rev 20161123 t)
[    1.607448] can: netlink gateway (rev 20130117) max_hops=1
[    1.613059] Key type dns_resolver registered
[    1.617540] ThumbEE CPU extension supported.
[    1.621804] Registering SWP/SWPB emulation handler
[    1.631337] +3.3V_RUN: supplied by +3.3V_SYS
[    1.636360] +VDD_LED: supplied by +VDD_MUX
[    1.638653] elan_i2c 1-0015: Elan Touchpad: Module ID: 0x002a, Firmware: 0x0005, Sample: 0x0007, IAP: 0x0009
[    1.638923] input: Elan Touchpad as /devices/soc0/7000c400.i2c/i2c-1/1-0015/input/input0
[    1.658543] +3.3V_AVDD_HDMI_AP_GATED: supplied by +3.3V_RUN
[    1.664216] +1.8V_RUN_CAM: supplied by +3.3V_RUN
[    1.668859] +VDDIO_SDMMC3: supplied by +3.3V_RUN
[    1.673571] +1.8V_RUN_VPP_FUSE: supplied by +3.3V_RUN
[    1.678888] +5V_VDD_TS_SW: supplied by +5V_SYS
[    1.683691] +5V_USB_HS: supplied by +5V_SYS
[    1.688039] +5V_USB_SS: supplied by +5V_SYS
[    1.693417] +3.3V_PANEL: supplied by +3.3V_RUN
[    1.694510] mmc0: new high speed MMC card at address 0001
[    1.695260] mmcblk0: mmc0:0001 MMC16G 14.4 GiB 
[    1.695658] mmcblk0boot0: mmc0:0001 MMC16G partition 1 2.00 MiB
[    1.695924] mmcblk0boot1: mmc0:0001 MMC16G partition 2 2.00 MiB
[    1.696433] mmcblk0rpmb: mmc0:0001 MMC16G partition 3 128 KiB
[    1.700433]  mmcblk0: p1 p2 p3 p4 p5 p6 p7 p8 p9 p10 p11 p12
[    1.731791] +3.3V_LP0: supplied by +3.3V_SYS
[    1.736856] +1.05V_RUN_AVDD_HDMI_PLL: supplied by +1.05V_RUN
[    1.737119] elan_i2c 1-0015: failed to read report data: -121
[    1.748607] +5V_HDMI_CON: supplied by +5V_SYS
[    1.753774]  usb3-0: usb3-0 supply vbus not found, using dummy regulator
[    1.760504]  usb3-1: usb3-1 supply vbus not found, using dummy regulator
[    1.770754] tegra-sor 54540000.sor: failed to probe output: -517
[    1.777540] panel-simple panel: panel supply power not found, using dummy regulator
[    1.785959] sdhci-tegra 700b0000.sdhci: allocated mmc-pwrseq
[    1.791676] mmc1: Unknown controller version (3). You may experience problems.
[    1.798958] mmc1: Invalid maximum block size, assuming 512 bytes
[    1.805367] mmc1: Switching to 3.3V signalling voltage failed
[    1.862821] mmc1: SDHCI controller on 700b0000.sdhci [700b0000.sdhci] using ADMA
[    1.870929] sdhci-tegra 700b0400.sdhci: Got CD GPIO
[    1.875843] sdhci-tegra 700b0400.sdhci: Got WP GPIO
[    1.877011] elan_i2c 1-0015: invalid report id data (ff)
[    1.886149] mmc2: Unknown controller version (3). You may experience problems.
[    1.893399] mmc2: Invalid maximum block size, assuming 512 bytes
[    1.942134] mmc1: new high speed SDIO card at address 0001
[    1.962825] mmc2: SDHCI controller on 700b0400.sdhci [700b0400.sdhci] using ADMA
[    2.067465] [drm] Supports vblank timestamp caching Rev 2 (21.10.2013).
[    2.074093] [drm] No driver support for vblank timestamp query.
[    2.114621] mmc2: new high speed SDHC card at address 0007
[    2.115096] mmcblk2: mmc2:0007 SD08G 7.42 GiB 
[    2.124934] GPT:Primary header alternate_lba != Alt. header my_lba
[    2.124938] GPT:3014591 != 15564799
[    2.124939] GPT:Primary header thinks Alt. header is not at the end of the disk.
[    2.124940] GPT:3014591 != 15564799
[    2.124942] GPT: Use GNU Parted to correct GPT errors.
[    2.124970]  mmcblk2: p1 p2 p3 p4 p5 p6 p7 p8 p9 p10 p11 p12
[    2.162594] Console: switching to colour frame buffer device 170x48
[    2.226750] drm drm: fb0:  frame buffer device
[    2.231236] [drm] Initialized tegra 0.0.0 20120330 for drm on minor 0
[    2.238655] input: gpio-keys as /devices/soc0/gpio-keys/input/input1
[    2.246266] as3722-rtc as3722-rtc: setting system clock to 2000-01-01 00:00:24 UTC (946684824)
[    2.255415] +1.8V_RUN_CAM: disabling
[    2.259191] +3.3V_RUN_CAM: disabling
[    2.263031] +1.2V_RUN_CAM_FRONT: disabling
[    2.267284] +1.05V_RUN_CAM_REAR: disabling
[    2.271534] +2.8V_RUN_TOUCH: disabling
[    2.275520] +2.8V_RUN_CAM_AF: disabling
[    2.279511] +1.8V_RUN_VPP_FUSE: disabling
[    2.283746] +5V_VDD_TS_SW: disabling
[    2.287319] +5V_USB_HS: disabling
[    2.290624] +5V_USB_SS: disabling
[    2.294829] EXT4-fs (mmcblk0p3): couldn't mount as ext3 due to feature incompatibilities
[    2.303434] EXT4-fs (mmcblk0p3): couldn't mount as ext2 due to feature incompatibilities
[    2.724341] EXT4-fs (mmcblk0p3): recovery complete
[    2.729136] EXT4-fs (mmcblk0p3): mounted filesystem with ordered data mode. Opts: (null)
[    2.737258] VFS: Mounted root (ext4 filesystem) on device 179:3.
[    2.744494] devtmpfs: mounted
[    2.748135] Freeing unused kernel memory: 2048K
bash: cannot set terminal process group (-1): Inappropriate ioctl for device
bash: no job control in this shell
root@(none):/# 