
U-Boot SPL 2016.05-rc2 (Apr 21 2016 - 16:23:00)
Trying to boot from RAM


U-Boot 2016.05-rc2 (Apr 21 2016 - 16:23:00 -0700)

TEGRA124
Model: NVIDIA Jetson TK1
Board: NVIDIA Jetson TK1
DRAM:  2 GiB
MMC:   Tegra SD/MMC: 0, Tegra SD/MMC: 1
In:    serial
Out:   serial
Err:   serial
Net:   No ethernet found.
Hit any key to stop autoboot:  2  0 
Tegra124 (Jetson TK1) # 
Tegra124 (Jetson TK1) # pci enum
Tegra124 (Jetson TK1) # setenv bootargs 'ignore_loglevel console=ttyS0,115200n8 rw root=PARTUUID=b1791faa-84e8-4e27-83a1-9fb0a77e8803 rootwait gpt debug noinitrd earlyprintk init=/bin/bash'
Tegra124 (Jetson TK1) # setenv ipaddr 192.168.100.102; setenv serverip 192.168.100.1; setenv tftpserverip 192.168.100.1
Tegra124 (Jetson TK1) # tftpboot 0x82000000 zImage.multi_v7_defconfig

Warning: eth_rtl8169 using MAC address from ROM
Using eth_rtl8169 device
TFTP from server 192.168.100.1; our IP address is 192.168.100.102
Filename 'zImage.multi_v7_defconfig'.
Load address: 0x82000000
Loading: *#################################################################
	 #################################################################
	 #################################################################
	 #################################################################
	 #################################################################
	 #################################################################
	 #################################################################
	 #################################################################
	 #####################################
	 3.6 MiB/s
done
Bytes transferred = 8167936 (7ca200 hex)
Tegra124 (Jetson TK1) # tftpboot 0x83000000 tegra124-jetson-tk1.dtb
Using eth_rtl8169 device
TFTP from server 192.168.100.1; our IP address is 192.168.100.102
Filename 'tegra124-jetson-tk1.dtb'.
Load address: 0x83000000
Loading: *#####
	 528.3 KiB/s
done
Bytes transferred = 67173 (10665 hex)
Tegra124 (Jetson TK1) # bootz 0x82000000 - 0x83000000
Kernel image @ 0x82000000 [ 0x000000 - 0x7ca200 ]
## Flattened Device Tree blob at 83000000
   Booting using the fdt blob at 0x83000000
   Using Device Tree in place at 83000000, end 83013664

Starting kernel ...

[    0.000000] Booting Linux on physical CPU 0x0
[    0.000000] Linux version 4.14.0-201708-gbebc608 (jonathanh@sellafield) (gcc version 4.7.3 20130328 (prerelease) (crosstool-NG linaro-1.13.1-4.7-2013.04-20130415 - Linaro GCC 2013.04)) #1 SMP Mon Nov 13 02:04:20 PST 2017
[    0.000000] CPU: ARMv7 Processor [413fc0f3] revision 3 (ARMv7), cr=10c5387d
[    0.000000] CPU: div instructions available: patching division code
[    0.000000] CPU: PIPT / VIPT nonaliasing data cache, PIPT instruction cache
[    0.000000] OF: fdt: Machine model: NVIDIA Tegra124 Jetson TK1
[    0.000000] debug: ignoring loglevel setting.
[    0.000000] Memory policy: Data cache writealloc
[    0.000000] efi: Getting EFI parameters from FDT:
[    0.000000] efi: UEFI not found.
[    0.000000] cma: Reserved 64 MiB at 0xfb800000
[    0.000000] On node 0 totalpages: 524032
[    0.000000] free_area_init_node: node 0, pgdat c158fa80, node_mem_map eeff8000
[    0.000000]   DMA zone: 1536 pages used for memmap
[    0.000000]   DMA zone: 0 pages reserved
[    0.000000]   DMA zone: 196608 pages, LIFO batch:31
[    0.000000]   HighMem zone: 327424 pages, LIFO batch:31
[    0.000000] random: fast init done
[    0.000000] percpu: Embedded 17 pages/cpu @eef82000 s39424 r8192 d22016 u69632
[    0.000000] pcpu-alloc: s39424 r8192 d22016 u69632 alloc=17*4096
[    0.000000] pcpu-alloc: [0] 0 [0] 1 [0] 2 [0] 3 
[    0.000000] Built 1 zonelists, mobility grouping on.  Total pages: 522496
[    0.000000] Kernel command line: ignore_loglevel console=ttyS0,115200n8 rw root=PARTUUID=b1791faa-84e8-4e27-83a1-9fb0a77e8803 rootwait gpt debug noinitrd earlyprintk init=/bin/bash
[    0.000000] PID hash table entries: 4096 (order: 2, 16384 bytes)
[    0.000000] Dentry cache hash table entries: 131072 (order: 7, 524288 bytes)
[    0.000000] Inode-cache hash table entries: 65536 (order: 6, 262144 bytes)
[    0.000000] Memory: 1993356K/2096128K available (10240K kernel code, 1631K rwdata, 4504K rodata, 2048K init, 406K bss, 37236K reserved, 65536K cma-reserved, 1244160K highmem)
[    0.000000] Virtual kernel memory layout:
[    0.000000]     vector  : 0xffff0000 - 0xffff1000   (   4 kB)
[    0.000000]     fixmap  : 0xffc00000 - 0xfff00000   (3072 kB)
[    0.000000]     vmalloc : 0xf0800000 - 0xff800000   ( 240 MB)
[    0.000000]     lowmem  : 0xc0000000 - 0xf0000000   ( 768 MB)
[    0.000000]     pkmap   : 0xbfe00000 - 0xc0000000   (   2 MB)
[    0.000000]     modules : 0xbf000000 - 0xbfe00000   (  14 MB)
[    0.000000]       .text : 0xc0208000 - 0xc0d00000   (11232 kB)
[    0.000000]       .init : 0xc1200000 - 0xc1400000   (2048 kB)
[    0.000000]       .data : 0xc1400000 - 0xc1597f28   (1632 kB)
[    0.000000]        .bss : 0xc15a0b9c - 0xc16064fc   ( 407 kB)
[    0.000000] SLUB: HWalign=64, Order=0-3, MinObjects=0, CPUs=4, Nodes=1
[    0.000000] Hierarchical RCU implementation.
[    0.000000] 	RCU event tracing is enabled.
[    0.000000] 	RCU restricting CPUs from NR_CPUS=16 to nr_cpu_ids=4.
[    0.000000] RCU: Adjusting geometry for rcu_fanout_leaf=16, nr_cpu_ids=4
[    0.000000] NR_IRQS: 16, nr_irqs: 16, preallocated irqs: 16
[    0.000000] /interrupt-controller@60004000: 160 interrupts forwarded to /interrupt-controller@50041000
[    0.000000] Tegra clk 127: register failed with -17
[    0.000008] sched_clock: 32 bits at 1000kHz, resolution 1000ns, wraps every 2147483647500ns
[    0.000028] clocksource: timer_us: mask: 0xffffffff max_cycles: 0xffffffff, max_idle_ns: 1911260446275 ns
[    0.000043] Switching to timer-based delay loop, resolution 1000ns
[    0.005032] arch_timer: cp15 timer(s) running at 12.00MHz (virt).
[    0.005052] clocksource: arch_sys_counter: mask: 0xffffffffffffff max_cycles: 0x2c47f4ee7, max_idle_ns: 440795202497 ns
[    0.005071] sched_clock: 56 bits at 12MHz, resolution 83ns, wraps every 4398046511096ns
[    0.005084] Switching to timer-based delay loop, resolution 83ns
[    0.005567] Console: colour dummy device 80x30
[    0.005601] Calibrating delay loop (skipped), value calculated using timer frequency.. 24.00 BogoMIPS (lpj=120000)
[    0.005619] pid_max: default: 32768 minimum: 301
[    0.005719] Mount-cache hash table entries: 2048 (order: 1, 8192 bytes)
[    0.005733] Mountpoint-cache hash table entries: 2048 (order: 1, 8192 bytes)
[    0.006229] CPU: Testing write buffer coherency: ok
[    0.006480] /cpus/cpu@0 missing clock-frequency property
[    0.006525] /cpus/cpu@1 missing clock-frequency property
[    0.006570] /cpus/cpu@2 missing clock-frequency property
[    0.006615] /cpus/cpu@3 missing clock-frequency property
[    0.006628] CPU0: thread -1, cpu 0, socket 0, mpidr 80000000
[    0.006920] Setting up static identity map for 0x80300000 - 0x803000a0
[    0.008843] Hierarchical SRCU implementation.
[    0.010697] Tegra Revision: A01 SKU: 129 CPU Process: 1 SoC Process: 1
[    0.011453] EFI services will not be available.
[    0.011601] smp: Bringing up secondary CPUs ...
[    0.012068] CPU1: thread -1, cpu 1, socket 0, mpidr 80000001
[    0.015444] CPU2: thread -1, cpu 2, socket 0, mpidr 80000002
[    0.025488] CPU3: thread -1, cpu 3, socket 0, mpidr 80000003
[    0.035025] smp: Brought up 1 node, 4 CPUs
[    0.035047] SMP: Total of 4 processors activated (96.00 BogoMIPS).
[    0.035055] CPU: All CPU(s) started in SVC mode.
[    0.036586] devtmpfs: initialized
[    0.050468] VFP support v0.3: implementor 41 architecture 4 part 30 variant f rev 0
[    0.050854] clocksource: jiffies: mask: 0xffffffff max_cycles: 0xffffffff, max_idle_ns: 19112604462750000 ns
[    0.050873] futex hash table entries: 1024 (order: 4, 65536 bytes)
[    0.052283] pinctrl core: initialized pinctrl subsystem
[    0.053813] DMI not present or invalid.
[    0.054051] NET: Registered protocol family 16
[    0.056191] DMA: preallocated 256 KiB pool for atomic coherent allocations
[    0.058540] cpuidle: using governor menu
[    0.083420] No ATAGs?
[    0.083547] hw-breakpoint: found 5 (+1 reserved) breakpoint and 4 watchpoint registers.
[    0.083564] hw-breakpoint: maximum watchpoint size is 8 bytes.
[    0.090797] Serial: AMBA PL011 UART driver
[    0.091988] iommu: Adding device reg-dummy to group 0
[    0.092025] iommu: Adding device 1003000.pcie to group 1
[    0.092105] iommu: Adding device 50000000.host1x to group 2
[    0.092175] iommu: Adding device 54200000.dc to group 3
[    0.092243] iommu: Adding device 54240000.dc to group 4
[    0.092278] iommu: Adding device 54280000.hdmi to group 5
[    0.092350] iommu: Adding device 57000000.gpu to group 6
[    0.092381] iommu: Adding device 60005000.timer to group 7
[    0.092411] iommu: Adding device 60007000.flow-controller to group 8
[    0.092441] iommu: Adding device 6000c800.actmon to group 9
[    0.092471] iommu: Adding device 6000d000.gpio to group 10
[    0.092501] iommu: Adding device 60020000.dma to group 11
[    0.092536] iommu: Adding device 70000800.apbmisc to group 12
[    0.092569] iommu: Adding device 70000868.pinmux to group 13
[    0.092599] iommu: Adding device 70006000.serial to group 14
[    0.092630] iommu: Adding device 70006040.serial to group 15
[    0.092660] iommu: Adding device 70006300.serial to group 16
[    0.092689] iommu: Adding device 7000c000.i2c to group 17
[    0.092719] iommu: Adding device 7000c400.i2c to group 18
[    0.092749] iommu: Adding device 7000c500.i2c to group 19
[    0.092779] iommu: Adding device 7000c700.i2c to group 20
[    0.092809] iommu: Adding device 7000d000.i2c to group 21
[    0.092847] iommu: Adding device 7000d400.spi to group 22
[    0.092878] iommu: Adding device 7000da00.spi to group 23
[    0.092907] iommu: Adding device 7000e000.rtc to group 24
[    0.092937] iommu: Adding device 7000e400.pmc to group 25
[    0.092966] iommu: Adding device 7000f800.fuse to group 26
[    0.092996] iommu: Adding device 70019000.memory-controller to group 27
[    0.093025] iommu: Adding device 7001b000.emc to group 28
[    0.093054] iommu: Adding device 70027000.sata to group 29
[    0.093088] iommu: Adding device 70030000.hda to group 30
[    0.093120] iommu: Adding device 70090000.usb to group 31
[    0.093150] iommu: Adding device 7009f000.padctl to group 32
[    0.093185] iommu: Adding device 700b0400.sdhci to group 33
[    0.093215] iommu: Adding device 700b0600.sdhci to group 34
[    0.093245] iommu: Adding device 700e2000.thermal-sensor to group 35
[    0.093276] iommu: Adding device 70110000.clock to group 36
[    0.093309] iommu: Adding device 70300000.ahub to group 37
[    0.093340] iommu: Adding device 7d000000.usb to group 38
[    0.093375] iommu: Adding device 7d000000.usb-phy to group 39
[    0.093405] iommu: Adding device 7d004000.usb to group 40
[    0.093435] iommu: Adding device 7d004000.usb-phy to group 41
[    0.093465] iommu: Adding device 7d008000.usb to group 42
[    0.093495] iommu: Adding device 7d008000.usb-phy to group 43
[    0.093528] iommu: Adding device pmu to group 44
[    0.093558] iommu: Adding device timer to group 45
[    0.093588] iommu: Adding device clocks to group 46
[    0.093622] iommu: Adding device gpio-keys to group 47
[    0.093653] iommu: Adding device regulators to group 48
[    0.093683] iommu: Adding device regulators:regulator@0 to group 49
[    0.093713] iommu: Adding device regulators:regulator@1 to group 50
[    0.093743] iommu: Adding device regulators:regulator@2 to group 51
[    0.093773] iommu: Adding device regulators:regulator@3 to group 52
[    0.093802] iommu: Adding device regulators:regulator@4 to group 53
[    0.093837] iommu: Adding device regulators:regulator@7 to group 54
[    0.093871] iommu: Adding device regulators:regulator@8 to group 55
[    0.093902] iommu: Adding device regulators:regulator@10 to group 56
[    0.093932] iommu: Adding device regulators:regulator@11 to group 57
[    0.093962] iommu: Adding device regulators:regulator@12 to group 58
[    0.093991] iommu: Adding device regulators:regulator@13 to group 59
[    0.094021] iommu: Adding device regulators:regulator@14 to group 60
[    0.094050] iommu: Adding device sound to group 61
[    0.108610] AT91: Could not find identification node
[    0.109172] +5V_SYS: supplied by +VDD_MUX
[    0.109453] +3.3V_SYS: supplied by +VDD_MUX
[    0.110071] +USB0_VBUS_SW: Failed to request enable GPIO108: -517
[    0.110087] reg-fixed-voltage regulators:regulator@7: Failed to register regulator: -517
[    0.110185] +5V_USB_HS: Failed to request enable GPIO109: -517
[    0.110198] reg-fixed-voltage regulators:regulator@8: Failed to register regulator: -517
[    0.110380] +1.05V_RUN_AVDD_HDMI_PLL: Failed to request enable GPIO63: -517
[    0.110394] reg-fixed-voltage regulators:regulator@11: Failed to register regulator: -517
[    0.110489] +5V_HDMI_CON: Failed to request enable GPIO86: -517
[    0.110502] reg-fixed-voltage regulators:regulator@12: Failed to register regulator: -517
[    0.110597] +5V_SATA: Failed to request enable GPIO242: -517
[    0.110610] reg-fixed-voltage regulators:regulator@13: Failed to register regulator: -517
[    0.110704] +12V_SATA: Failed to request enable GPIO242: -517
[    0.110717] reg-fixed-voltage regulators:regulator@14: Failed to register regulator: -517
[    0.113683] vgaarb: loaded
[    0.114414] SCSI subsystem initialized
[    0.114577] libata version 3.00 loaded.
[    0.114768] usbcore: registered new interface driver usbfs
[    0.114816] usbcore: registered new interface driver hub
[    0.114875] usbcore: registered new device driver usb
[    0.118367] pps_core: LinuxPPS API ver. 1 registered
[    0.118378] pps_core: Software ver. 5.3.6 - Copyright 2005-2007 Rodolfo Giometti <giometti@linux.it>
[    0.118399] PTP clock support registered
[    0.118587] EDAC MC: Ver: 3.0.0
[    0.118875] dmi: Firmware registration failed.
[    0.121507] clocksource: Switched to clocksource arch_sys_counter
[    0.175093] NET: Registered protocol family 2
[    0.175582] TCP established hash table entries: 8192 (order: 3, 32768 bytes)
[    0.175682] TCP bind hash table entries: 8192 (order: 4, 65536 bytes)
[    0.175870] TCP: Hash tables configured (established 8192 bind 8192)
[    0.175952] UDP hash table entries: 512 (order: 2, 16384 bytes)
[    0.175995] UDP-Lite hash table entries: 512 (order: 2, 16384 bytes)
[    0.176143] NET: Registered protocol family 1
[    0.176522] RPC: Registered named UNIX socket transport module.
[    0.176533] RPC: Registered udp transport module.
[    0.176542] RPC: Registered tcp transport module.
[    0.176550] RPC: Registered tcp NFSv4.1 backchannel transport module.
[    0.176563] PCI: CLS 0 bytes, default 64
[    0.178020] hw perfevents: enabled with armv7_cortex_a15 PMU driver, 7 counters available
[    0.178747] iommu: Adding device alarmtimer to group 62
[    0.179649] workingset: timestamp_bits=30 max_order=19 bucket_order=0
[    0.185281] squashfs: version 4.0 (2009/01/31) Phillip Lougher
[    0.185834] NFS: Registering the id_resolver key type
[    0.185857] Key type id_resolver registered
[    0.185867] Key type id_legacy registered
[    0.185907] ntfs: driver 2.1.32 [Flags: R/O].
[    0.187263] bounce: pool size: 64 pages
[    0.187307] Block layer SCSI generic (bsg) driver version 0.4 loaded (major 248)
[    0.187318] io scheduler noop registered
[    0.187328] io scheduler deadline registered
[    0.187529] io scheduler cfq registered (default)
[    0.187540] io scheduler mq-deadline registered
[    0.187549] io scheduler kyber registered
[    0.191263]  usb2-0: usb2-0 supply vbus not found, using dummy regulator
[    0.191381]  usb2-1: usb2-1 supply vbus not found, using dummy regulator
[    0.191871] tegra-xusb-padctl 7009f000.padctl: failed to setup XUSB ports: -517
[    0.210561] tegra-pcie 1003000.pcie: 2x1, 1x1 configuration
[    0.210618] tegra-pcie 1003000.pcie: Failed to get supply 'avddio-pex': -517
[    0.216760] tegra124-dfll 70110000.clock: couldn't get vdd_cpu regulator
[    0.223625] tegra-apbdma 60020000.dma: Tegra20 APB DMA driver register 32 channels
[    0.226552] tegra-pmc 7000e400.pmc: emergency thermal reset enabled
[    0.274655] Serial: 8250/16550 driver, 4 ports, IRQ sharing disabled
[    0.274752] iommu: Adding device serial8250 to group 63
[    0.277222] console [ttyS0] disabled
[    0.277262] 70006300.serial: ttyS0 at MMIO 0x70006300 (irq = 335, base_baud = 25500000) is a Tegra
[    1.540265] console [ttyS0] enabled
[    1.544654] SuperH (H)SCI(F) driver initialized
[    1.550273] msm_serial: driver initialized
[    1.554586] STMicroelectronics ASC driver initialized
[    1.560519] 70006000.serial: ttyTHS1 at MMIO 0x70006000 (irq = 333, base_baud = 0) is a TEGRA_UART
[    1.569762] 70006040.serial: ttyTHS2 at MMIO 0x70006040 (irq = 334, base_baud = 0) is a TEGRA_UART
[    1.584725] tegra-hdmi 54280000.hdmi: failed to get HDMI regulator
[    1.601399] brd: module loaded
[    1.610688] loop: module loaded
[    1.615030] at24 0-0056: 256 byte 24c02 EEPROM, writable, 8 bytes/write
[    1.623361] as3722 4-0040: AS3722 with revision 0x1 found
[    1.630653] iommu: Adding device as3722-pinctrl to group 64
[    1.637867] iommu: Adding device as3722-regulator to group 65
[    1.646531] as3722-sd2: supplied by +5V_SYS
[    1.651120] as3722-sd3: supplied by +5V_SYS
[    1.655556] +1.35V_LP0(sd3): Bringing 0uV into 1350000-1350000uV
[    1.661889] as3722-sd4: supplied by +5V_SYS
[    1.666473] as3722-sd5: supplied by +5V_SYS
[    1.672431] as3722-ldo0: supplied by +1.35V_LP0(sd2)
[    1.678456] +1.8V_RUN_CAM: Bringing 0uV into 1800000-1800000uV
[    1.684651] as3722-ldo2: supplied by +1.8V_VDDIO
[    1.690521] as3722-ldo3: supplied by +3.3V_SYS
[    1.695018] +1.05V_LP0_VDD_RTC: Bringing 1100000uV into 1000000-1000000uV
[    1.702774] as3722-ldo4: supplied by +3.3V_SYS
[    1.707428] +2.8V_RUN_CAM: Bringing 0uV into 2800000-2800000uV
[    1.713622] as3722-ldo5: supplied by +1.8V_VDDIO
[    1.718459] +1.2V_RUN_CAM_FRONT: Bringing 0uV into 1200000-1200000uV
[    1.725369] +VDDIO_SDMMC3: bypassed regulator has no supply!
[    1.731021] +VDDIO_SDMMC3: failed to get the current voltage(-517)
[    1.737216] as3722-regulator as3722-regulator: regulator 13 register failed -517
[    1.747760] iommu: Adding device as3722-rtc to group 66
[    1.753339] iommu: Adding device as3722-adc to group 67
[    1.758856] iommu: Adding device as3722-power-off to group 68
[    1.764915] iommu: Adding device as3722-wdt to group 69
[    1.771986] tegra-ahci 70027000.sata: couldn't get PHY in node sata: -517
[    1.794388] m25p80 spi1.0: w25q32dw (4096 Kbytes)
[    1.801314] iommu: Adding device Fixed MDIO bus.0 to group 70
[    1.807510] libphy: Fixed MDIO Bus: probed
[    1.812548] CAN device driver interface
[    1.817325] bgmac_bcma: Broadcom 47xx GBit MAC driver loaded
[    1.824401] e1000e: Intel(R) PRO/1000 Network Driver - 3.2.6-k
[    1.830224] e1000e: Copyright(c) 1999 - 2015 Intel Corporation.
[    1.836192] igb: Intel(R) Gigabit Ethernet Network Driver - version 5.4.0-k
[    1.843158] igb: Copyright (c) 2007-2014 Intel Corporation.
[    1.852589] pegasus: v0.9.3 (2013/04/25), Pegasus/Pegasus II USB Ethernet driver
[    1.860013] usbcore: registered new interface driver pegasus
[    1.865724] usbcore: registered new interface driver asix
[    1.871144] usbcore: registered new interface driver ax88179_178a
[    1.877267] usbcore: registered new interface driver cdc_ether
[    1.883146] usbcore: registered new interface driver smsc75xx
[    1.888923] usbcore: registered new interface driver smsc95xx
[    1.894700] usbcore: registered new interface driver net1080
[    1.900381] usbcore: registered new interface driver cdc_subset
[    1.906336] usbcore: registered new interface driver zaurus
[    1.911955] usbcore: registered new interface driver cdc_ncm
[    1.917835] tegra-phy 7d000000.usb-phy: no vbus regulator
[    1.923446] tegra-phy 7d004000.usb-phy: no vbus regulator
[    1.930869] ehci_hcd: USB 2.0 'Enhanced' Host Controller (EHCI) Driver
[    1.937403] ehci-pci: EHCI PCI platform driver
[    1.941887] ehci-platform: EHCI generic platform driver
[    1.947318] ehci-orion: EHCI orion driver
[    1.951500] SPEAr-ehci: EHCI SPEAr driver
[    1.955646] ehci-st: EHCI STMicroelectronics driver
[    1.960656] ehci-exynos: EHCI EXYNOS driver
[    1.965014] ehci-atmel: EHCI Atmel driver
[    1.969156] tegra-ehci: Tegra EHCI driver
[    1.976021] tegra-ehci 7d004000.usb: EHCI Host Controller
[    1.981437] tegra-ehci 7d004000.usb: new USB bus registered, assigned bus number 1
[    1.989223] tegra-ehci 7d004000.usb: irq 355, io mem 0x7d004000
[    2.021549] tegra-ehci 7d004000.usb: USB 2.0 started, EHCI 1.10
[    2.028145] hub 1-0:1.0: USB hub found
[    2.031948] hub 1-0:1.0: 1 port detected
[    2.036429] ohci_hcd: USB 1.1 'Open' Host Controller (OHCI) Driver
[    2.042649] ohci-pci: OHCI PCI platform driver
[    2.047129] ohci-platform: OHCI generic platform driver
[    2.052564] SPEAr-ohci: OHCI SPEAr driver
[    2.056713] ohci-st: OHCI STMicroelectronics driver
[    2.061741] ohci-atmel: OHCI Atmel driver
[    2.066530] usbcore: registered new interface driver usb-storage
[    2.074113] iommu: Adding device ci_hdrc.0 to group 71
[    2.086436] as3722-rtc as3722-rtc: rtc core: registered as3722-rtc as rtc0
[    2.093327] as3722-rtc as3722-rtc: RTC interrupt 378
[    2.101736] tegra_rtc 7000e000.rtc: rtc core: registered 7000e000.rtc as rtc1
[    2.108906] tegra_rtc 7000e000.rtc: Tegra internal Real Time Clock
[    2.115659] i2c /dev entries driver
[    2.123102] IR NEC protocol handler initialized
[    2.127626] IR RC5(x/sz) protocol handler initialized
[    2.132687] IR RC6 protocol handler initialized
[    2.137211] IR JVC protocol handler initialized
[    2.141751] IR Sony protocol handler initialized
[    2.146360] IR SANYO protocol handler initialized
[    2.151055] IR Sharp protocol handler initialized
[    2.155765] IR MCE Keyboard/mouse protocol handler initialized
[    2.161605] IR XMP protocol handler initialized
[    2.169333] lm90 0-004c: 0-004c supply vcc not found, using dummy regulator
[    2.184511] iommu: Adding device cpufreq-tegra124 to group 72
[    2.192601] sdhci: Secure Digital Host Controller Interface driver
[    2.198771] sdhci: Copyright(c) Pierre Ossman
[    2.204829] Synopsys Designware Multimedia Card Interface Driver
[    2.212219] sdhci-pltfm: SDHCI platform and OF driver helper
[    2.218686] sdhci-tegra 700b0400.sdhci: Got CD GPIO
[    2.223596] sdhci-tegra 700b0400.sdhci: Got WP GPIO
[    2.244833] mmc0: Unknown controller version (3). You may experience problems.
[    2.252112] mmc0: Invalid maximum block size, assuming 512 bytes
[    2.321528] mmc0: SDHCI controller on 700b0600.sdhci [700b0600.sdhci] using ADMA
[    2.331103] ledtrig-cpu: registered to indicate activity on CPUs
[    2.337457] usbcore: registered new interface driver usbhid
[    2.343042] usbhid: USB HID core driver
[    2.350801] NET: Registered protocol family 10
[    2.356087] Segment Routing with IPv6
[    2.359900] sit: IPv6, IPv4 and MPLS over IPv4 tunneling driver
[    2.366371] NET: Registered protocol family 17
[    2.370819] can: controller area network core (rev 20170425 abi 9)
[    2.377063] NET: Registered protocol family 29
[    2.381519] can: raw protocol (rev 20170425)
[    2.385783] can: broadcast manager protocol (rev 20170425 t)
[    2.391439] can: netlink gateway (rev 20170425) max_hops=1
[    2.397204] Key type dns_resolver registered
[    2.402001] ThumbEE CPU extension supported.
[    2.406272] Registering SWP/SWPB emulation handler
[    2.424892] +3.3V_RUN: supplied by +3.3V_SYS
[    2.430059] +USB0_VBUS_SW: supplied by +5V_SYS
[    2.434712] +3.3V_AVDD_HDMI_AP_GATED: supplied by +3.3V_RUN
[    2.440667] +5V_USB_HS: supplied by +5V_SYS
[    2.445859] +3.3V_LP0: supplied by +3.3V_SYS
[    2.451265] +5V_HDMI_CON: supplied by +5V_SYS
[    2.456600] +5V_SATA: supplied by +5V_SYS
[    2.461539] +12V_SATA: supplied by +VDD_MUX
[    2.467345]  usb2-0: usb2-0 supply vbus not found, using dummy regulator
[    2.474229]  usb2-1: usb2-1 supply vbus not found, using dummy regulator
[    2.481281]  usb3-0: usb3-0 supply vbus not found, using dummy regulator
[    2.489604] tegra-pcie 1003000.pcie: 2x1, 1x1 configuration
[    2.495371] tegra-pcie 1003000.pcie: Failed to get supply 'avddio-pex': -517
[    2.505926] tegra124-dfll 70110000.clock: couldn't get vdd_cpu regulator
[    2.505948] mmc0: new high speed MMC card at address 0001
[    2.506775] mmcblk0: mmc0:0001 SEM16G 14.7 GiB 
[    2.507001] mmcblk0boot0: mmc0:0001 SEM16G partition 1 4.00 MiB
[    2.507229] mmcblk0boot1: mmc0:0001 SEM16G partition 2 4.00 MiB
[    2.507416] mmcblk0rpmb: mmc0:0001 SEM16G partition 3 4.00 MiB
[    2.518289]  mmcblk0: p1
[    2.546770] tegra-hdmi 54280000.hdmi: failed to get PLL regulator
[    2.557549] as3722-sd2: supplied by +5V_SYS
[    2.562106] as3722-sd3: supplied by +5V_SYS
[    2.566525] as3722-sd4: supplied by +5V_SYS
[    2.570918] as3722-sd5: supplied by +5V_SYS
[    2.576544] as3722-ldo0: supplied by +1.35V_LP0(sd2)
[    2.582065] as3722-ldo1: supplied by +3.3V_RUN
[    2.586785] as3722-ldo2: supplied by +1.8V_VDDIO
[    2.592374] as3722-ldo3: supplied by +3.3V_SYS
[    2.597672] as3722-ldo4: supplied by +3.3V_SYS
[    2.602484] as3722-ldo5: supplied by +1.8V_VDDIO
[    2.607347] as3722-ldo6: supplied by +3.3V_RUN
[    2.612048] as3722-ldo7: supplied by +1.8V_VDDIO
[    2.617398] +1.05V_RUN_CAM_REAR: Bringing 0uV into 1050000-1050000uV
[    2.624505] as3722-ldo9: supplied by +5V_SYS
[    2.629935] +3.3V_RUN_TOUCH: Bringing 0uV into 2800000-2800000uV
[    2.636687] as3722-ldo10: supplied by +5V_SYS
[    2.641775] +2.8V_RUN_CAM_AF: Bringing 0uV into 2800000-2800000uV
[    2.648535] as3722-ldo11: supplied by +3.3V_RUN
[    2.653821] +1.8V_RUN_VPP_FUSE: Bringing 0uV into 1800000-1800000uV
[    2.663411] tegra-ahci 70027000.sata: AHCI 0001.0301 32 slots 2 ports 3 Gbps 0x1 impl platform mode
[    2.672474] tegra-ahci 70027000.sata: flags: 64bit ncq sntf pm led pio slum part sadm sds apst 
[    2.682835] scsi host0: tegra-ahci
[    2.687400] scsi host1: tegra-ahci
[    2.691032] ata1: SATA max UDMA/133 mmio [mem 0x70027000-0x70028fff] port 0x100 irq 345
[    2.699076] ata2: DUMMY
[    2.704973] tegra-ehci 7d008000.usb: EHCI Host Controller
[    2.710388] tegra-ehci 7d008000.usb: new USB bus registered, assigned bus number 2
[    2.718179] tegra-ehci 7d008000.usb: irq 356, io mem 0x7d008000
[    2.751627] tegra-ehci 7d008000.usb: USB 2.0 started, EHCI 1.10
[    2.758571] hub 2-0:1.0: USB hub found
[    2.762430] hub 2-0:1.0: 1 port detected
[    2.768963] sdhci-tegra 700b0400.sdhci: Got CD GPIO
[    2.773922] sdhci-tegra 700b0400.sdhci: Got WP GPIO
[    2.785741] mmc1: Unknown controller version (3). You may experience problems.
[    2.793090] mmc1: Invalid maximum block size, assuming 512 bytes
[    2.862064] mmc1: SDHCI controller on 700b0400.sdhci [700b0400.sdhci] using ADMA
[    2.870205] tegra-pcie 1003000.pcie: 2x1, 1x1 configuration
[    2.879013] tegra-pcie 1003000.pcie: probing port 0, using 2 lanes
[    2.887354] tegra-pcie 1003000.pcie: Slot present pin change, signature: 00000008
[    2.912876] tegra-pcie 1003000.pcie: probing port 1, using 1 lanes
[    2.921174] tegra-pcie 1003000.pcie: Slot present pin change, signature: 00000000
[    2.935083] tegra-pcie 1003000.pcie: PCI host bridge to bus 0000:00
[    2.941363] pci_bus 0000:00: root bus resource [io  0x0000-0xffff]
[    2.947585] pci_bus 0000:00: root bus resource [mem 0x13000000-0x1fffffff]
[    2.954503] pci_bus 0000:00: root bus resource [mem 0x20000000-0x3fffffff pref]
[    2.961872] pci_bus 0000:00: root bus resource [bus 00-ff]
[    2.967405] pci 0000:00:01.0: [10de:0e12] type 01 class 0x060400
[    2.973468] pci_bus 0000:00: 2-byte config write to 0000:00:01.0 offset 0x4 may corrupt adjacent RW1C bits
[    2.983174] pci_bus 0000:00: 2-byte config write to 0000:00:01.0 offset 0x4 may corrupt adjacent RW1C bits
[    2.992914] pci 0000:00:01.0: enabling Extended Tags
[    2.997898] pci_bus 0000:00: 2-byte config write to 0000:00:01.0 offset 0x88 may corrupt adjacent RW1C bits
[    3.007704] pci_bus 0000:00: 2-byte config write to 0000:00:01.0 offset 0x52 may corrupt adjacent RW1C bits
[    3.017535] pci 0000:00:01.0: PME# supported from D0 D1 D2 D3hot D3cold
[    3.024206] pci_bus 0000:00: 2-byte config write to 0000:00:01.0 offset 0x4c may corrupt adjacent RW1C bits
[    3.034257] pci 0000:00:02.0: [10de:0e13] type 01 class 0x060400
[    3.035088] ata1: SATA link down (SStatus 0 SControl 300)
[    3.045716] pci_bus 0000:00: 2-byte config write to 0000:00:02.0 offset 0x4 may corrupt adjacent RW1C bits
[    3.055376] pci_bus 0000:00: 2-byte config write to 0000:00:02.0 offset 0x4 may corrupt adjacent RW1C bits
[    3.065063] pci 0000:00:02.0: enabling Extended Tags
[    3.070026] pci_bus 0000:00: 2-byte config write to 0000:00:02.0 offset 0x88 may corrupt adjacent RW1C bits
[    3.079793] pci_bus 0000:00: 2-byte config write to 0000:00:02.0 offset 0x52 may corrupt adjacent RW1C bits
[    3.089590] pci 0000:00:02.0: PME# supported from D0 D1 D2 D3hot D3cold
[    3.096260] pci_bus 0000:00: 2-byte config write to 0000:00:02.0 offset 0x4c may corrupt adjacent RW1C bits
[    3.106299] PCI: bus0: Fast back to back transfers disabled
[    3.111923] pci 0000:00:01.0: bridge configuration invalid ([bus 00-00]), reconfiguring
[    3.119928] pci 0000:00:02.0: bridge configuration invalid ([bus 00-00]), reconfiguring
[    3.128138] pci 0000:01:00.0: [8086:4232] type 00 class 0x028000
[    3.134224] pci 0000:01:00.0: reg 0x10: [mem 0x00000000-0x00001fff 64bit]
[    3.141198] pci 0000:01:00.0: PME# supported from D0 D3hot D3cold
[    3.161483] mmc1: new high speed SDHC card at address aaaa
[    3.167666] mmcblk1: mmc1:aaaa SD04G 3.69 GiB 
[    3.172458] PCI: bus1: Fast back to back transfers disabled
[    3.178058] pci_bus 0000:01: busn_res: [bus 01-ff] end is updated to 01
[    3.184917] pci 0000:02:00.0: [10ec:8168] type 00 class 0x020000
[    3.190964] pci 0000:02:00.0: reg 0x10: [io  0x0000-0x00ff]
[    3.196592] pci 0000:02:00.0: reg 0x18: [mem 0x00000000-0x00000fff 64bit]
[    3.203406] pci 0000:02:00.0: reg 0x20: [mem 0x00000000-0x00003fff 64bit pref]
[    3.210756] pci 0000:02:00.0: supports D1 D2
[    3.215041] pci 0000:02:00.0: PME# supported from D0 D1 D2 D3hot D3cold
[    3.231839]  mmcblk1: p1 p2 p3
[    3.251665] PCI: bus2: Fast back to back transfers disabled
[    3.257244] pci_bus 0000:02: busn_res: [bus 02-ff] end is updated to 02
[    3.263921] pci 0000:00:01.0: BAR 8: assigned [mem 0x13000000-0x130fffff]
[    3.270704] pci 0000:00:02.0: BAR 8: assigned [mem 0x13100000-0x131fffff]
[    3.277510] pci 0000:00:02.0: BAR 9: assigned [mem 0x20000000-0x200fffff 64bit pref]
[    3.285304] pci 0000:00:02.0: BAR 7: assigned [io  0x1000-0x1fff]
[    3.291404] pci 0000:01:00.0: BAR 0: assigned [mem 0x13000000-0x13001fff 64bit]
[    3.298795] pci 0000:00:01.0: PCI bridge to [bus 01]
[    3.303783] pci 0000:00:01.0:   bridge window [mem 0x13000000-0x130fffff]
[    3.310579] pci 0000:02:00.0: BAR 4: assigned [mem 0x20000000-0x20003fff 64bit pref]
[    3.318386] pci 0000:02:00.0: BAR 2: assigned [mem 0x13100000-0x13100fff 64bit]
[    3.325729] pci 0000:02:00.0: BAR 0: assigned [io  0x1000-0x10ff]
[    3.331849] pci 0000:00:02.0: PCI bridge to [bus 02]
[    3.336820] pci 0000:00:02.0:   bridge window [io  0x1000-0x1fff]
[    3.342947] pci 0000:00:02.0:   bridge window [mem 0x13100000-0x131fffff]
[    3.349731] pci 0000:00:02.0:   bridge window [mem 0x20000000-0x200fffff 64bit pref]
[    3.357548] pci 0000:00:01.0: nv_msi_ht_cap_quirk didn't locate host bridge
[    3.364668] pcieport 0000:00:01.0: enabling device (0140 -> 0142)
[    3.371002] pcieport 0000:00:01.0: Signaling PME with IRQ 394
[    3.376955] pci 0000:00:02.0: nv_msi_ht_cap_quirk didn't locate host bridge
[    3.384057] pcieport 0000:00:02.0: enabling device (0140 -> 0143)
[    3.390375] pcieport 0000:00:02.0: Signaling PME with IRQ 395
[    3.396564] r8169 Gigabit Ethernet driver 2.3LK-NAPI loaded
[    3.402183] r8169 0000:02:00.0: enabling device (0140 -> 0143)
[    3.433098] r8169 0000:02:00.0 eth0: RTL8168g/8111g at 0xf0b81000, 00:04:4b:3a:d9:81, XID 0c000800 IRQ 396
[    3.442772] r8169 0000:02:00.0 eth0: jumbo features [frames: 9200 bytes, tx checksumming: ko]
[    3.455146] +1.05V_RUN_AVDD_HDMI_PLL: supplied by +1.05V_RUN
[    3.463555] [drm] Supports vblank timestamp caching Rev 2 (21.10.2013).
[    3.470181] [drm] No driver support for vblank timestamp query.
[    3.601034] tegra-hdmi 54280000.hdmi: cannot set audio to 48000 Hz at 297000000 Hz pixel clock
[    3.847573] Console: switching to colour frame buffer device 512x135
[    3.946617] drm drm: fb0:  frame buffer device
[    3.951130] [drm] Initialized tegra 0.0.0 20120330 for drm on minor 0
[    3.958740] iommu: Adding device cpufreq-dt.0 to group 73
[    3.964535] cpufreq: cpufreq_online: CPU0: Running at unlisted freq: 696000 KHz
[    3.971866] cpufreq: cpufreq_online: CPU0: Unlisted initial frequency changed to: 714000 KHz
[    3.980998] input: gpio-keys as /devices/soc0/gpio-keys/input/input0
[    3.988182] as3722-rtc as3722-rtc: setting system clock to 2000-01-01 00:00:15 UTC (946684815)
[    3.997126] +USB0_VBUS_SW: disabling
[    4.000702] +1.8V_RUN_CAM: disabling
[    4.004490] +2.8V_RUN_CAM: disabling
[    4.008231] +1.2V_RUN_CAM_FRONT: disabling
[    4.012515] +1.05V_RUN_CAM_REAR: disabling
[    4.016715] +3.3V_RUN_TOUCH: disabling
[    4.020563] +2.8V_RUN_CAM_AF: disabling
[    4.024644] +1.8V_RUN_VPP_FUSE: disabling
[    4.029601] EXT4-fs (mmcblk0p1): mounting ext3 file system using the ext4 subsystem
[    4.052188] EXT4-fs (mmcblk0p1): recovery complete
[    4.056999] EXT4-fs (mmcblk0p1): mounted filesystem with ordered data mode. Opts: (null)
[    4.065233] VFS: Mounted root (ext3 filesystem) on device 179:1.
[    4.076170] devtmpfs: mounted
[    4.080426] Freeing unused kernel memory: 2048K
bash: cannot set terminal process group (-1): Inappropriate ioctl for device
bash: no job control in this shell
root@(none):/# mount -t sysfs none /sys
root@(none):/# 
root@(none):/# mount -t debugfs none /sys/kernel/debug
root@(none):/# 
root@(none):/# rtcwake -d rtc1 -m mem -s 3
rtcwake: assuming RTC uses UTC ...
rtcwake: wakeup from "mem" using /dev/rtc1 at Thu Jan  1 00:00:21 1970
[    7.357194] PM: suspend entry (deep)
[    7.360768] PM: Syncing filesystems ... done.
[    7.438958] Freezing user space processes ... (elapsed 0.001 seconds) done.
[    7.446997] OOM killer disabled.
[    7.450221] Freezing remaining freezable tasks ... (elapsed 0.001 seconds) done.
[    7.458962] Suspending console(s) (use no_console_suspend to debug)
[    7.622253] Disabling non-boot CPUs ...
[    7.671656] IRQ17 no longer affine to CPU1
[    7.782188] Entering suspend state LP1
[    7.782201] Enabling non-boot CPUs ...
[    7.782530] CPU1 is up
[    7.782808] CPU2 is up
[    7.783133] CPU3 is up
[    7.783837] pcieport 0000:00:02.0: nv_msi_ht_cap_quirk didn't locate host bridge
[    7.783839] pcieport 0000:00:01.0: nv_msi_ht_cap_quirk didn't locate host bridge
[    7.828647] tegra-hdmi 54280000.hdmi: cannot set audio to 48000 Hz at 297000000 Hz pixel clock
[    7.996263] OOM killer enabled.
[    7.999398] Restarting tasks ... done.
[    8.082201] PM: suspend exit
root@(none):/# 
root@(none):/# [    8.155601] ata1: SATA link down (SStatus 0 SControl 300)
rtcwake -d rtc1 -m mem -s 3
rtcwake: assuming RTC uses UTC ...
rtcwake: wakeup from "mem" using /dev/rtc1 at Thu Jan  1 00:00:26 1970
[    8.940595] PM: suspend entry (deep)
[    8.944235] PM: Syncing filesystems ... done.
[    9.008571] Freezing user space processes ... (elapsed 0.001 seconds) done.
[    9.016775] OOM killer disabled.
[    9.020005] Freezing remaining freezable tasks ... (elapsed 0.001 seconds) done.
[    9.028845] Suspending console(s) (use no_console_suspend to debug)
[    9.041582] pci_generic_config_write32: 129 callbacks suppressed
[    9.041589] pci_bus 0000:00: 2-byte config write to 0000:00:02.0 offset 0x9c may corrupt adjacent RW1C bits
[    9.041608] pci_bus 0000:00: 2-byte config write to 0000:00:01.0 offset 0x9c may corrupt adjacent RW1C bits
[    9.155220] pci_bus 0000:02: 2-byte config write to 0000:02:00.0 offset 0x44 may corrupt adjacent RW1C bits
[    9.182250] Disabling non-boot CPUs ...
[    9.291618] IRQ17 no longer affine to CPU2
[    9.332018] Entering suspend state LP1
[    9.332029] Enabling non-boot CPUs ...
[    9.332300] CPU1 is up
[    9.332514] CPU2 is up
[    9.332757] CPU3 is up
[    9.333193] pci_bus 0000:00: 2-byte config write to 0000:00:01.0 offset 0x4c may corrupt adjacent RW1C bits
[    9.333201] pci_bus 0000:00: 2-byte config write to 0000:00:01.0 offset 0x88 may corrupt adjacent RW1C bits
[    9.333205] pci_bus 0000:00: 2-byte config write to 0000:00:01.0 offset 0x90 may corrupt adjacent RW1C bits
[    9.333209] pci_bus 0000:00: 2-byte config write to 0000:00:01.0 offset 0x98 may corrupt adjacent RW1C bits
[    9.333213] pci_bus 0000:00: 2-byte config write to 0000:00:01.0 offset 0x9c may corrupt adjacent RW1C bits
[    9.333217] pci_bus 0000:00: 2-byte config write to 0000:00:01.0 offset 0xa8 may corrupt adjacent RW1C bits
[    9.333221] pci_bus 0000:00: 2-byte config write to 0000:00:01.0 offset 0xb0 may corrupt adjacent RW1C bits
[    9.333269] pcieport 0000:00:01.0: nv_msi_ht_cap_quirk didn't locate host bridge
[    9.333425] pcieport 0000:00:02.0: nv_msi_ht_cap_quirk didn't locate host bridge
[    9.377764] tegra-hdmi 54280000.hdmi: cannot set audio to 48000 Hz at 297000000 Hz pixel clock
[    9.640430] OOM killer enabled.
[    9.643586] Restarting tasks ... done.
[    9.711795] ata1: SATA link down (SStatus 0 SControl 300)
[    9.845817] PM: suspend exit
root@(none):/# 
root@(none):/# rtcwake -d rtc1 -m mem -s 3
rtcwake: assuming RTC uses UTC ...
rtcwake: wakeup from "mem" using /dev/rtc1 at Thu Jan  1 00:00:31 1970
[   10.488480] PM: suspend entry (deep)
[   10.492110] PM: Syncing filesystems ... done.
[   10.542689] Freezing user space processes ... (elapsed 0.001 seconds) done.
[   10.550834] OOM killer disabled.
[   10.554084] Freezing remaining freezable tasks ... (elapsed 0.001 seconds) done.
[   10.562881] Suspending console(s) (use no_console_suspend to debug)
[   10.746314] Disabling non-boot CPUs ...
[   10.913814] Entering suspend state LP1
[   10.913828] Enabling non-boot CPUs ...
[   10.914181] CPU1 is up
[   10.914477] CPU2 is up
[   10.914823] CPU3 is up
[   10.915545] pcieport 0000:00:02.0: nv_msi_ht_cap_quirk didn't locate host bridge
[   10.915547] pcieport 0000:00:01.0: nv_msi_ht_cap_quirk didn't locate host bridge
[   10.958962] tegra-hdmi 54280000.hdmi: cannot set audio to 48000 Hz at 297000000 Hz pixel clock
[   11.123321] OOM killer enabled.
[   11.126456] Restarting tasks ... done.
[   11.199089] PM: suspend exit
root@(none):/# 
root@(none):/# [   11.285344] ata1: SATA link down (SStatus 0 SControl 300)
rtcwake -d rtc1 -m mem -s 3
rtcwake: assuming RTC uses UTC ...
rtcwake: wakeup from "mem" using /dev/rtc1 at Thu Jan  1 00:00:36 1970
[   12.076020] PM: suspend entry (deep)
[   12.079598] PM: Syncing filesystems ... done.
[   12.117330] Freezing user space processes ... (elapsed 0.001 seconds) done.
[   12.125472] OOM killer disabled.
[   12.128699] Freezing remaining freezable tasks ... (elapsed 0.001 seconds) done.
[   12.137498] Suspending console(s) (use no_console_suspend to debug)
[   12.312188] Disabling non-boot CPUs ...
[   12.471967] Entering suspend state LP1
[   12.471980] Enabling non-boot CPUs ...
[   12.472321] CPU1 is up
[   12.472605] CPU2 is up
[   12.472931] CPU3 is up
[   12.473609] pcieport 0000:00:02.0: nv_msi_ht_cap_quirk didn't locate host bridge
[   12.473611] pcieport 0000:00:01.0: nv_msi_ht_cap_quirk didn't locate host bridge
[   12.518557] tegra-hdmi 54280000.hdmi: cannot set audio to 48000 Hz at 297000000 Hz pixel clock
[   12.682101] OOM killer enabled.
[   12.685231] Restarting tasks ... done.
[   12.767591] PM: suspend exit
root@(none):/# 
root@(none):/# [   12.845328] ata1: SATA link down (SStatus 0 SControl 300)
rtcwake -d rtc1 -m mem -s 3
rtcwake: assuming RTC uses UTC ...
rtcwake: wakeup from "mem" using /dev/rtc1 at Thu Jan  1 00:00:41 1970
[   13.636516] PM: suspend entry (deep)
[   13.640105] PM: Syncing filesystems ... done.
[   13.685027] Freezing user space processes ... (elapsed 0.001 seconds) done.
[   13.693190] OOM killer disabled.
[   13.696416] Freezing remaining freezable tasks ... (elapsed 0.001 seconds) done.
[   13.705295] Suspending console(s) (use no_console_suspend to debug)
[   13.872152] Disabling non-boot CPUs ...
[   14.031518] IRQ17 no longer affine to CPU3
[   14.031943] Entering suspend state LP1
[   14.031956] Enabling non-boot CPUs ...
[   14.032297] CPU1 is up
[   14.032580] CPU2 is up
[   14.032908] CPU3 is up
[   14.033638] pcieport 0000:00:02.0: nv_msi_ht_cap_quirk didn't locate host bridge
[   14.033640] pcieport 0000:00:01.0: nv_msi_ht_cap_quirk didn't locate host bridge
[   14.071391] pci_generic_config_write32: 153 callbacks suppressed
[   14.071397] pci_bus 0000:02: 2-byte config write to 0000:02:00.0 offset 0x78 may corrupt adjacent RW1C bits
[   14.071404] pci_bus 0000:02: 2-byte config write to 0000:02:00.0 offset 0x80 may corrupt adjacent RW1C bits
[   14.071412] pci_bus 0000:02: 2-byte config write to 0000:02:00.0 offset 0x98 may corrupt adjacent RW1C bits
[   14.071419] pci_bus 0000:02: 2-byte config write to 0000:02:00.0 offset 0xa0 may corrupt adjacent RW1C bits
[   14.071441] pci_bus 0000:02: 2-byte config write to 0000:02:00.0 offset 0x14c may corrupt adjacent RW1C bits
[   14.071507] pci_bus 0000:02: 2-byte config write to 0000:02:00.0 offset 0x52 may corrupt adjacent RW1C bits
[   14.071515] pci_bus 0000:02: 2-byte config write to 0000:02:00.0 offset 0x52 may corrupt adjacent RW1C bits
[   14.071525] pci_bus 0000:02: 2-byte config write to 0000:02:00.0 offset 0x5c may corrupt adjacent RW1C bits
[   14.071533] pci_bus 0000:02: 2-byte config write to 0000:02:00.0 offset 0x52 may corrupt adjacent RW1C bits
[   14.071542] pci_bus 0000:02: 2-byte config write to 0000:02:00.0 offset 0x44 may corrupt adjacent RW1C bits
[   14.078864] tegra-hdmi 54280000.hdmi: cannot set audio to 48000 Hz at 297000000 Hz pixel clock
[   14.349941] OOM killer enabled.
[   14.353082] Restarting tasks ... done.
[   14.404719] ata1: SATA link down (SStatus 0 SControl 300)
[   14.422883] PM: suspend exit
root@(none):/# 
root@(none):/# rtcwake -d rtc1 -m mem -s 3
rtcwake: assuming RTC uses UTC ...
rtcwake: wakeup from "mem" using /dev/rtc1 at Thu Jan  1 00:00:46 1970
[   15.200101] PM: suspend entry (deep)
[   15.203751] PM: Syncing filesystems ... done.
[   15.264324] Freezing user space processes ... (elapsed 0.001 seconds) done.
[   15.272553] OOM killer disabled.
[   15.275782] Freezing remaining freezable tasks ... (elapsed 0.001 seconds) done.
[   15.284628] Suspending console(s) (use no_console_suspend to debug)
[   15.472129] Disabling non-boot CPUs ...
[   15.631911] Entering suspend state LP1
[   15.631924] Enabling non-boot CPUs ...
[   15.632269] CPU1 is up
[   15.632552] CPU2 is up
[   15.632883] CPU3 is up
[   15.633584] pcieport 0000:00:01.0: nv_msi_ht_cap_quirk didn't locate host bridge
[   15.633586] pcieport 0000:00:02.0: nv_msi_ht_cap_quirk didn't locate host bridge
[   15.668830] tegra-hdmi 54280000.hdmi: cannot set audio to 48000 Hz at 297000000 Hz pixel clock
[   15.832348] OOM killer enabled.
[   15.835479] Restarting tasks ... done.
[   15.917535] PM: suspend exit
root@(none):/# 
root@(none):/# [   15.995547] ata1: SATA link down (SStatus 0 SControl 300)
rtcwake -d rtc1 -m mem -s 3
rtcwake: assuming RTC uses UTC ...
rtcwake: wakeup from "mem" using /dev/rtc1 at Thu Jan  1 00:00:51 1970
[   16.799826] PM: suspend entry (deep)
[   16.803475] PM: Syncing filesystems ... done.
[   16.890585] Freezing user space processes ... (elapsed 0.001 seconds) done.
[   16.898692] OOM killer disabled.
[   16.901925] Freezing remaining freezable tasks ... (elapsed 0.001 seconds) done.
[   16.910520] Suspending console(s) (use no_console_suspend to debug)
[   17.062145] Disabling non-boot CPUs ...
[   17.161507] IRQ17 no longer affine to CPU2
[   17.221922] Entering suspend state LP1
[   17.221934] Enabling non-boot CPUs ...
[   17.222213] CPU1 is up
[   17.222432] CPU2 is up
[   17.222680] CPU3 is up
[   17.223242] pcieport 0000:00:02.0: nv_msi_ht_cap_quirk didn't locate host bridge
[   17.223244] pcieport 0000:00:01.0: nv_msi_ht_cap_quirk didn't locate host bridge
[   17.257644] tegra-hdmi 54280000.hdmi: cannot set audio to 48000 Hz at 297000000 Hz pixel clock
[   17.417406] OOM killer enabled.
[   17.420534] Restarting tasks ... done.
[   17.454261] PM: suspend exit
root@(none):/# 
root@(none):/# [   17.585669] ata1: SATA link down (SStatus 0 SControl 300)
rtcwake -d rtc1 -m mem -s 3
rtcwake: assuming RTC uses UTC ...
rtcwake: wakeup from "mem" using /dev/rtc1 at Thu Jan  1 00:00:56 1970
[   18.385725] PM: suspend entry (deep)
[   18.389304] PM: Syncing filesystems ... done.
[   18.457829] Freezing user space processes ... (elapsed 0.001 seconds) done.
[   18.465971] OOM killer disabled.
[   18.469196] Freezing remaining freezable tasks ... (elapsed 0.001 seconds) done.
[   18.477967] Suspending console(s) (use no_console_suspend to debug)
[   18.652109] Disabling non-boot CPUs ...
[   18.801887] Entering suspend state LP1
[   18.801900] Enabling non-boot CPUs ...
[   18.802245] CPU1 is up
[   18.802528] CPU2 is up
[   18.802854] CPU3 is up
[   18.803564] pcieport 0000:00:02.0: nv_msi_ht_cap_quirk didn't locate host bridge
[   18.803566] pcieport 0000:00:01.0: nv_msi_ht_cap_quirk didn't locate host bridge
[   18.838865] tegra-hdmi 54280000.hdmi: cannot set audio to 48000 Hz at 297000000 Hz pixel clock
[   19.002425] OOM killer enabled.
[   19.005556] Restarting tasks ... done.
[   19.087475] PM: suspend exit
root@(none):/# 
root@(none):/# [   19.165341] ata1: SATA link down (SStatus 0 SControl 300)
rtcwake -d rtc1 -m mem -s 3
rtcwake: assuming RTC uses UTC ...
rtcwake: wakeup from "mem" using /dev/rtc1 at Thu Jan  1 00:01:01 1970
[   19.966894] PM: suspend entry (deep)
[   19.970477] PM: Syncing filesystems ... done.
[   20.257464] Freezing user space processes ... (elapsed 0.001 seconds) done.
[   20.265826] OOM killer disabled.
[   20.269053] Freezing remaining freezable tasks ... (elapsed 0.001 seconds) done.
[   20.277937] Suspending console(s) (use no_console_suspend to debug)
[   20.303693] pci_generic_config_write32: 135 callbacks suppressed
[   20.303702] pci_bus 0000:00: 2-byte config write to 0000:00:02.0 offset 0x9c may corrupt adjacent RW1C bits
[   20.303722] pci_bus 0000:00: 2-byte config write to 0000:00:01.0 offset 0x9c may corrupt adjacent RW1C bits
[   20.414395] pci_bus 0000:02: 2-byte config write to 0000:02:00.0 offset 0x44 may corrupt adjacent RW1C bits
[   20.442086] Disabling non-boot CPUs ...
[   20.601853] Entering suspend state LP1
[   20.601865] Enabling non-boot CPUs ...
[   20.602140] CPU1 is up
[   20.602353] CPU2 is up
[   20.602599] CPU3 is up
[   20.603042] pci_bus 0000:00: 2-byte config write to 0000:00:02.0 offset 0x4c may corrupt adjacent RW1C bits
[   20.603050] pci_bus 0000:00: 2-byte config write to 0000:00:02.0 offset 0x88 may corrupt adjacent RW1C bits
[   20.603054] pci_bus 0000:00: 2-byte config write to 0000:00:02.0 offset 0x90 may corrupt adjacent RW1C bits
[   20.603058] pci_bus 0000:00: 2-byte config write to 0000:00:02.0 offset 0x98 may corrupt adjacent RW1C bits
[   20.603062] pci_bus 0000:00: 2-byte config write to 0000:00:02.0 offset 0x9c may corrupt adjacent RW1C bits
[   20.603066] pci_bus 0000:00: 2-byte config write to 0000:00:02.0 offset 0xa8 may corrupt adjacent RW1C bits
[   20.603070] pci_bus 0000:00: 2-byte config write to 0000:00:02.0 offset 0xb0 may corrupt adjacent RW1C bits
[   20.603118] pcieport 0000:00:02.0: nv_msi_ht_cap_quirk didn't locate host bridge
[   20.603213] pcieport 0000:00:01.0: nv_msi_ht_cap_quirk didn't locate host bridge
[   20.647997] tegra-hdmi 54280000.hdmi: cannot set audio to 48000 Hz at 297000000 Hz pixel clock
[   20.906612] OOM killer enabled.
[   20.909748] Restarting tasks ... done.
[   20.974569] ata1: SATA link down (SStatus 0 SControl 300)
root@(none):/# 
[   20.982897] PM: suspend exit
root@(none):/# rtcwake -d rtc1 -m mem -s 3
rtcwake: assuming RTC uses UTC ...
rtcwake: wakeup from "mem" using /dev/rtc1 at Thu Jan  1 00:01:06 1970
[   21.768520] PM: suspend entry (deep)
[   21.772133] PM: Syncing filesystems ... done.
[   21.809892] Freezing user space processes ... (elapsed 0.001 seconds) done.
[   21.818051] OOM killer disabled.
[   21.821318] Freezing remaining freezable tasks ... (elapsed 0.001 seconds) done.
[   21.830069] Suspending console(s) (use no_console_suspend to debug)
[   22.002053] Disabling non-boot CPUs ...
[   22.161423] IRQ17 no longer affine to CPU3
[   22.161857] Entering suspend state LP1
[   22.161869] Enabling non-boot CPUs ...
[   22.162143] CPU1 is up
[   22.162356] CPU2 is up
[   22.162596] CPU3 is up
[   22.163092] pcieport 0000:00:02.0: nv_msi_ht_cap_quirk didn't locate host bridge
[   22.163195] pcieport 0000:00:01.0: nv_msi_ht_cap_quirk didn't locate host bridge
[   22.197461] tegra-hdmi 54280000.hdmi: cannot set audio to 48000 Hz at 297000000 Hz pixel clock
[   22.356791] OOM killer enabled.
[   22.359919] Restarting tasks ... done.
[   22.394041] PM: suspend exit
root@(none):/# 
root@(none):/# [   22.525609] ata1: SATA link down (SStatus 0 SControl 300)
NVTB SYSTEM SUSPEND TEST COMPLETE
