
U-Boot SPL 2014.01-00219-gc4d376f (Feb 18 2014 - 19:57:18)


U-Boot 2014.01-00219-gc4d376f (Feb 18 2014 - 19:57:18)

TEGRA30
Board: NVIDIA Beaver
I2C:   ready
DRAM:  2 GiB
MMC:   Tegra SD/MMC: 0, Tegra SD/MMC: 1
In:    serial
Out:   serial
Err:   serial
Net:   Net Initialization Skipped
No ethernet found.
Hit any key to stop autoboot:  2  0 
Tegra30 (Beaver) # 
Tegra30 (Beaver) # usb reset
(Re)start USB...
USB0:   USB EHCI 1.00
scanning bus 0 for devices... 2 USB Device(s) found
       scanning usb for storage devices... 0 Storage Device(s) found
       scanning usb for ethernet devices... 
Warning: asx0 using MAC address from net device
1 Ethernet Device(s) found
Tegra30 (Beaver) # setenv bootargs 'ignore_loglevel console=ttyS0,115200n8 rw root=PARTUUID=edbe1840-3633-c751-7993-b0ac834f81e0 rootwait gpt debug noinitrd earlyprintk init=/bin/bash'
Tegra30 (Beaver) # setenv ipaddr 192.168.100.101; setenv serverip 192.168.100.1; setenv tftpserverip 192.168.100.1
Tegra30 (Beaver) # tftpboot 0x81000000 zImage.multi_v7_defconfig
Using asx0 device
TFTP from server 192.168.100.1; our IP address is 192.168.100.101
Filename 'zImage.multi_v7_defconfig'.
Load address: 0x81000000
Loading: *#################################################################
	 #################################################################
	 #################################################################
	 #################################################################
	 #################################################################
	 #################################################################
	 #################################################################
	 #############################
	 3.3 MiB/s
done
Bytes transferred = 7101528 (6c5c58 hex)
Tegra30 (Beaver) # tftpboot 0x82000000 tegra30-beaver.dtb
Using asx0 device
TFTP from server 192.168.100.1; our IP address is 192.168.100.101
Filename 'tegra30-beaver.dtb'.
Load address: 0x82000000
Loading: *####
	 3.3 MiB/s
done
Bytes transferred = 51572 (c974 hex)
Tegra30 (Beaver) # bootz 0x81000000 - 0x82000000
Kernel image @ 0x81000000 [ 0x000000 - 0x6c5c58 ]
## Flattened Device Tree blob at 82000000
   Booting using the fdt blob at 0x82000000
   Loading Device Tree to 8fff0000, end 8ffff973 ... OK

Starting kernel ...

[    0.000000] Booting Linux on physical CPU 0x0
[    0.000000] Linux version 4.8.0-111631-gc8d2bc9 (pwalmsley@sellafield) (gcc version 4.7.3 20130328 (prerelease) (crosstool-NG linaro-1.13.1-4.7-2013.04-20130415 - Linaro GCC 2013.04) ) #1 SMP Sun Oct 2 17:05:04 PDT 2016
[    0.000000] CPU: ARMv7 Processor [412fc099] revision 9 (ARMv7), cr=10c5387d
[    0.000000] CPU: PIPT / VIPT nonaliasing data cache, VIPT aliasing instruction cache
[    0.000000] OF: fdt:Machine model: NVIDIA Tegra30 Beaver evaluation board
[    0.000000] debug: ignoring loglevel setting.
[    0.000000] cma: Reserved 64 MiB at 0xfb800000
[    0.000000] Memory policy: Data cache writealloc
[    0.000000] On node 0 totalpages: 524032
[    0.000000] free_area_init_node: node 0, pgdat c141d380, node_mem_map eeff8000
[    0.000000]   DMA zone: 1536 pages used for memmap
[    0.000000]   DMA zone: 0 pages reserved
[    0.000000]   DMA zone: 196608 pages, LIFO batch:31
[    0.000000]   HighMem zone: 327424 pages, LIFO batch:31
[    0.000000] percpu: Embedded 14 pages/cpu @eef8b000 s25984 r8192 d23168 u57344
[    0.000000] pcpu-alloc: s25984 r8192 d23168 u57344 alloc=14*4096
[    0.000000] pcpu-alloc: [0] 0 [0] 1 [0] 2 [0] 3 
[    0.000000] Built 1 zonelists in Zone order, mobility grouping on.  Total pages: 522496
[    0.000000] Kernel command line: ignore_loglevel console=ttyS0,115200n8 rw root=PARTUUID=edbe1840-3633-c751-7993-b0ac834f81e0 rootwait gpt debug noinitrd earlyprintk init=/bin/bash
[    0.000000] PID hash table entries: 4096 (order: 2, 16384 bytes)
[    0.000000] Dentry cache hash table entries: 131072 (order: 7, 524288 bytes)
[    0.000000] Inode-cache hash table entries: 65536 (order: 6, 262144 bytes)
[    0.000000] Memory: 1995012K/2096128K available (9216K kernel code, 1148K rwdata, 3972K rodata, 2048K init, 343K bss, 35580K reserved, 65536K cma-reserved, 1244160K highmem)
[    0.000000] Virtual kernel memory layout:
[    0.000000]     vector  : 0xffff0000 - 0xffff1000   (   4 kB)
[    0.000000]     fixmap  : 0xffc00000 - 0xfff00000   (3072 kB)
[    0.000000]     vmalloc : 0xf0800000 - 0xff800000   ( 240 MB)
[    0.000000]     lowmem  : 0xc0000000 - 0xf0000000   ( 768 MB)
[    0.000000]     pkmap   : 0xbfe00000 - 0xc0000000   (   2 MB)
[    0.000000]     modules : 0xbf000000 - 0xbfe00000   (  14 MB)
[    0.000000]       .text : 0xc0208000 - 0xc0c00000   (10208 kB)
[    0.000000]       .init : 0xc1100000 - 0xc1300000   (2048 kB)
[    0.000000]       .data : 0xc1300000 - 0xc141f200   (1149 kB)
[    0.000000]        .bss : 0xc1421000 - 0xc1476c48   ( 344 kB)
[    0.000000] SLUB: HWalign=64, Order=0-3, MinObjects=0, CPUs=4, Nodes=1
[    0.000000] Hierarchical RCU implementation.
[    0.000000] 	Build-time adjustment of leaf fanout to 32.
[    0.000000] 	RCU restricting CPUs from NR_CPUS=16 to nr_cpu_ids=4.
[    0.000000] RCU: Adjusting geometry for rcu_fanout_leaf=32, nr_cpu_ids=4
[    0.000000] NR_IRQS:16 nr_irqs:16 16
[    0.000000] /interrupt-controller@60004000: 160 interrupts forwarded to /interrupt-controller@50041000
[    0.000000] L2C: platform modifies aux control register: 0x02080000 -> 0x3e480001
[    0.000000] L2C: DT/platform modifies aux control register: 0x02080000 -> 0x3e480001
[    0.000000] L2C-310 erratum 769419 enabled
[    0.000000] L2C-310 enabling early BRESP for Cortex-A9
[    0.000000] L2C-310: enabling full line of zeros but not enabled in Cortex-A9
[    0.000000] L2C-310 dynamic clock gating enabled, standby mode enabled
[    0.000000] L2C-310 cache controller enabled, 8 ways, 1024 kB
[    0.000000] L2C-310: CACHE_ID 0x410000c7, AUX_CTRL 0x4e480001
[    0.000013] sched_clock: 32 bits at 1000kHz, resolution 1000ns, wraps every 2147483647500ns
[    0.000029] clocksource: timer_us: mask: 0xffffffff max_cycles: 0xffffffff, max_idle_ns: 1911260446275 ns
[    0.000038] Switching to timer-based delay loop, resolution 1000ns
[    0.002873] Console: colour dummy device 80x30
[    0.002901] Calibrating delay loop (skipped), value calculated using timer frequency.. 2.00 BogoMIPS (lpj=5000)
[    0.002911] pid_max: default: 32768 minimum: 301
[    0.002997] Mount-cache hash table entries: 2048 (order: 1, 8192 bytes)
[    0.003004] Mountpoint-cache hash table entries: 2048 (order: 1, 8192 bytes)
[    0.003438] CPU: Testing write buffer coherency: ok
[    0.003718] CPU0: thread -1, cpu 0, socket 0, mpidr 80000000
[    0.003764] Setting up static identity map for 0x80300000 - 0x80300098
[    0.006316] Tegra Revision: A03 SKU: 128 CPU Process: 4 SoC Process: 0
[    0.010352] CPU1: thread -1, cpu 1, socket 0, mpidr 80000001
[    0.015332] CPU2: thread -1, cpu 2, socket 0, mpidr 80000002
[    0.020331] CPU3: thread -1, cpu 3, socket 0, mpidr 80000003
[    0.020376] Brought up 4 CPUs
[    0.020391] SMP: Total of 4 processors activated (8.00 BogoMIPS).
[    0.020395] CPU: All CPU(s) started in SVC mode.
[    0.021074] devtmpfs: initialized
[    0.030254] VFP support v0.3: implementor 41 architecture 3 part 30 variant 9 rev 4
[    0.030700] clocksource: jiffies: mask: 0xffffffff max_cycles: 0xffffffff, max_idle_ns: 9556302231375000 ns
[    0.033976] pinctrl core: initialized pinctrl subsystem
[    0.035598] NET: Registered protocol family 16
[    0.037700] DMA: preallocated 256 KiB pool for atomic coherent allocations
[    0.049920] cpuidle: using governor menu
[    0.058713] No ATAGs?
[    0.058738] hw-breakpoint: found 5 (+1 reserved) breakpoint and 1 watchpoint registers.
[    0.058746] hw-breakpoint: maximum watchpoint size is 4 bytes.
[    0.061957] Serial: AMBA PL011 UART driver
[    0.063274] tegra-mc 7000f000.memory-controller: no memory timings for RAM code 3 registered
[    0.082875] vdd_5v_sata: Failed to request enable GPIO30: -517
[    0.082889] reg-fixed-voltage regulators:regulator@3: Failed to register regulator: -517
[    0.082932] usb1_vbus: Failed to request enable GPIO238: -517
[    0.082939] reg-fixed-voltage regulators:regulator@4: Failed to register regulator: -517
[    0.082981] usb3_vbus: Failed to request enable GPIO236: -517
[    0.082988] reg-fixed-voltage regulators:regulator@5: Failed to register regulator: -517
[    0.083074] sys_3v3_pexs: Failed to request enable GPIO95: -517
[    0.083082] reg-fixed-voltage regulators:regulator@7: Failed to register regulator: -517
[    0.085056] vgaarb: loaded
[    0.085550] SCSI subsystem initialized
[    0.085669] libata version 3.00 loaded.
[    0.085843] usbcore: registered new interface driver usbfs
[    0.085882] usbcore: registered new interface driver hub
[    0.085917] usbcore: registered new device driver usb
[    0.092636] vrtc: supplied by vdd_5v_in
[    0.095934] vio: supplied by vdd_5v_in
[    0.101831] vdd1: supplied by vdd_5v_in
[    0.103195] vddio_ddr_1v2: Bringing 600000uV into 1200000-1200000uV
[    0.106832] vdd2: supplied by vdd_5v_in
[    0.116819] ldo1: supplied by vdd_1v5_gen
[    0.119207] ldo2: supplied by vdd_1v5_gen
[    0.119679] vdd_sata,avdd_plle: Bringing 1200000uV into 1050000-1050000uV
[    0.121925] ldo3: supplied by vdd_5v_in
[    0.124288] ldo4: supplied by vdd_5v_in
[    0.126837] ldo5: supplied by vdd_5v_in
[    0.131819] ldo6: supplied by vdd_1v8_gen
[    0.132291] avdd_dsi_csi,pwrdet_mipi: Bringing 1000000uV into 1200000-1200000uV
[    0.134557] ldo7: supplied by vdd_1v8_gen
[    0.141822] ldo8: supplied by vdd_1v8_gen
[    0.146870] pps_core: LinuxPPS API ver. 1 registered
[    0.146877] pps_core: Software ver. 5.3.6 - Copyright 2005-2007 Rodolfo Giometti <giometti@linux.it>
[    0.146890] PTP clock support registered
[    0.147025] EDAC MC: Ver: 3.0.0
[    0.148603] clocksource: Switched to clocksource timer_us
[    0.154615] NET: Registered protocol family 2
[    0.155012] TCP established hash table entries: 8192 (order: 3, 32768 bytes)
[    0.155068] TCP bind hash table entries: 8192 (order: 4, 65536 bytes)
[    0.155151] TCP: Hash tables configured (established 8192 bind 8192)
[    0.155233] UDP hash table entries: 512 (order: 2, 16384 bytes)
[    0.155292] UDP-Lite hash table entries: 512 (order: 2, 16384 bytes)
[    0.155457] NET: Registered protocol family 1
[    0.155765] RPC: Registered named UNIX socket transport module.
[    0.155772] RPC: Registered udp transport module.
[    0.155776] RPC: Registered tcp transport module.
[    0.155780] RPC: Registered tcp NFSv4.1 backchannel transport module.
[    0.155787] PCI: CLS 0 bytes, default 64
[    0.156540] hw perfevents: enabled with armv7_cortex_a9 PMU driver, 7 counters available
[    0.157446] futex hash table entries: 1024 (order: 4, 65536 bytes)
[    0.157939] workingset: timestamp_bits=30 max_order=19 bucket_order=0
[    0.163453] squashfs: version 4.0 (2009/01/31) Phillip Lougher
[    0.163951] NFS: Registering the id_resolver key type
[    0.163980] Key type id_resolver registered
[    0.163985] Key type id_legacy registered
[    0.164016] ntfs: driver 2.1.32 [Flags: R/O].
[    0.164762] bounce: pool size: 64 pages
[    0.164890] Block layer SCSI generic (bsg) driver version 0.4 loaded (major 248)
[    0.164899] io scheduler noop registered
[    0.164903] io scheduler deadline registered
[    0.164997] io scheduler cfq registered (default)
[    0.167281] libphy: mdio_driver_register: phy-bcm-ns2-pci
[    0.170761] tegra30-pinctrl 70000868.pinmux: invalid group "sdmmc3_dat6_pd3" for function "rsvd1"
[    0.170777] tegra30-pinctrl 70000868.pinmux: invalid group "sdmmc3_dat7_pd4" for function "rsvd1"
[    0.170791] tegra30-pinctrl 70000868.pinmux: invalid group "vi_vsync_pd6" for function "rsvd1"
[    0.170800] tegra30-pinctrl 70000868.pinmux: invalid group "vi_hsync_pd7" for function "rsvd1"
[    0.171289] tegra30-pinctrl 70000868.pinmux: invalid group "hdmi_int_pn7" for function "rsvd1"
[    0.171336] tegra30-pinctrl 70000868.pinmux: invalid group "ulpi_data3_po4" for function "rsvd1"
[    0.171689] tegra30-pinctrl 70000868.pinmux: invalid group "vi_d10_pt2" for function "rsvd1"
[    0.171702] tegra30-pinctrl 70000868.pinmux: invalid group "vi_d11_pt3" for function "rsvd1"
[    0.171715] tegra30-pinctrl 70000868.pinmux: invalid group "vi_d0_pt4" for function "rsvd1"
[    0.171758] tegra30-pinctrl 70000868.pinmux: invalid group "pu0" for function "rsvd1"
[    0.171798] tegra30-pinctrl 70000868.pinmux: invalid group "pu3" for function "rsvd1"
[    0.171829] tegra30-pinctrl 70000868.pinmux: invalid group "pu6" for function "rsvd1"
[    0.171872] tegra30-pinctrl 70000868.pinmux: invalid group "pv3" for function "rsvd1"
[    0.172393] tegra30-pinctrl 70000868.pinmux: invalid group "pbb0" for function "rsvd1"
[    0.172513] tegra30-pinctrl 70000868.pinmux: invalid group "pcc1" for function "rsvd1"
[    0.177677] tegra-pcie 3000.pcie-controller: 2x3 configuration
[    0.177820] tegra-pcie 3000.pcie-controller: Failed to get supply 'hvdd-pex': -517
[    0.181647] tegra-apbdma 6000a000.dma: Tegra20 APB DMA driver register 32 channels
[    0.182711] tegra-pmc 7000e400.pmc: i2c-thermtrip node not found, emergency thermal reset disabled.
[    0.217720] Serial: 8250/16550 driver, 4 ports, IRQ sharing disabled
[    0.219914] console [ttyS0] disabled
[    0.219950] 70006000.serial: ttyS0 at MMIO 0x70006000 (irq = 331, base_baud = 25500000) is a Tegra
[    1.206801] console [ttyS0] enabled
[    1.210816] SuperH (H)SCI(F) driver initialized
[    1.215943] msm_serial: driver initialized
[    1.220151] STMicroelectronics ASC driver initialized
[    1.227311] [drm] Initialized drm 1.1.0 20060810
[    1.233864] tegra-hdmi 54280000.hdmi: failed to get HDMI regulator
[    1.248246] brd: module loaded
[    1.255353] loop: module loaded
[    1.263423] m25p80 spi32766.1: w25q32 (4096 Kbytes)
[    1.270417] libphy: Fixed MDIO Bus: probed
[    1.274997] CAN device driver interface
[    1.280030] igb: Intel(R) Gigabit Ethernet Network Driver - version 5.3.0-k
[    1.286985] igb: Copyright (c) 2007-2014 Intel Corporation.
[    1.294353] pegasus: v0.9.3 (2013/04/25), Pegasus/Pegasus II USB Ethernet driver
[    1.301799] usbcore: registered new interface driver pegasus
[    1.307485] usbcore: registered new interface driver asix
[    1.312903] usbcore: registered new interface driver ax88179_178a
[    1.319013] usbcore: registered new interface driver cdc_ether
[    1.324877] usbcore: registered new interface driver smsc75xx
[    1.330647] usbcore: registered new interface driver smsc95xx
[    1.336408] usbcore: registered new interface driver net1080
[    1.342081] usbcore: registered new interface driver cdc_subset
[    1.348013] usbcore: registered new interface driver zaurus
[    1.353623] usbcore: registered new interface driver cdc_ncm
[    1.360600] ehci_hcd: USB 2.0 'Enhanced' Host Controller (EHCI) Driver
[    1.367129] ehci-pci: EHCI PCI platform driver
[    1.371594] ehci-platform: EHCI generic platform driver
[    1.376937] ehci-orion: EHCI orion driver
[    1.381019] SPEAr-ehci: EHCI SPEAr driver
[    1.385100] ehci-st: EHCI STMicroelectronics driver
[    1.390046] ehci-exynos: EHCI EXYNOS driver
[    1.394315] ehci-atmel: EHCI Atmel driver
[    1.398383] tegra-ehci: Tegra EHCI driver
[    1.402670] ohci_hcd: USB 1.1 'Open' Host Controller (OHCI) Driver
[    1.408857] ohci-pci: OHCI PCI platform driver
[    1.413323] ohci-platform: OHCI generic platform driver
[    1.418653] ohci-omap3: OHCI OMAP3 driver
[    1.422725] SPEAr-ohci: OHCI SPEAr driver
[    1.426812] ohci-st: OHCI STMicroelectronics driver
[    1.431763] ohci-atmel: OHCI Atmel driver
[    1.436200] usbcore: registered new interface driver usb-storage
[    1.443135] mousedev: PS/2 mouse device common for all mice
[    1.450507] tegra_rtc 7000e000.rtc: rtc core: registered 7000e000.rtc as rtc1
[    1.457674] tegra_rtc 7000e000.rtc: Tegra internal Real Time Clock
[    1.466501] random: fast init done
[    1.479794] tps65910-rtc tps65910-rtc: rtc core: registered tps65910-rtc as rtc0
[    1.487378] i2c /dev entries driver
[    1.498461] sdhci: Secure Digital Host Controller Interface driver
[    1.504650] sdhci: Copyright(c) Pierre Ossman
[    1.509893] Synopsys Designware Multimedia Card Interface Driver
[    1.516515] sdhci-pltfm: SDHCI platform and OF driver helper
[    1.522665] sdhci-tegra 78000000.sdhci: Got CD GPIO
[    1.527555] sdhci-tegra 78000000.sdhci: Got WP GPIO
[    1.533636] mmc0: Invalid maximum block size, assuming 512 bytes
[    1.583688] mmc0: SDHCI controller on 78000000.sdhci [78000000.sdhci] using ADMA
[    1.592256] mmc1: Invalid maximum block size, assuming 512 bytes
[    1.638612] mmc1: SDHCI controller on 78000600.sdhci [78000600.sdhci] using ADMA
[    1.647332] ledtrig-cpu: registered to indicate activity on CPUs
[    1.655501] usbcore: registered new interface driver usbhid
[    1.661070] usbhid: USB HID core driver
[    1.668394] NET: Registered protocol family 10
[    1.675456] sit: IPv6, IPv4 and MPLS over IPv4 tunneling driver
[    1.681803] NET: Registered protocol family 17
[    1.686257] can: controller area network core (rev 20120528 abi 9)
[    1.692477] NET: Registered protocol family 29
[    1.696918] can: raw protocol (rev 20120528)
[    1.701183] can: broadcast manager protocol (rev 20160617 t)
[    1.706837] can: netlink gateway (rev 20130117) max_hops=1
[    1.712586] Key type dns_resolver registered
[    1.717278] ThumbEE CPU extension supported.
[    1.721556] Registering SWP/SWPB emulation handler
[    1.740423] vdd_ddr: supplied by vdd_5v_in
[    1.748777] vdd_5v_sata: supplied by vdd_5v_in
[    1.753628] usb1_vbus: supplied by vdd_5v_in
[    1.758186] usb3_vbus: supplied by vdd_5v_in
[    1.765238] sys_3v3,vdd_3v3_alw: supplied by vdd_5v_in
[    1.772640] +VDD_5V_HDMI: supplied by sys_3v3,vdd_3v3_alw
[    1.778247] sys_3v3_pexs: supplied by sys_3v3,vdd_3v3_alw
[    1.784055] mmc1: new high speed MMC card at address 0001
[    1.784318] tegra-pcie 3000.pcie-controller: 2x3 configuration
[    1.797023] mmcblk1: mmc1:0001 SEM16G 14.8 GiB 
[    1.803054] mmcblk1boot0: mmc1:0001 SEM16G partition 1 1.00 MiB
[    1.803524] tegra-pcie 3000.pcie-controller: probing port 0, using 2 lanes
[    1.818785] mmcblk1boot1: mmc1:0001 SEM16G partition 2 1.00 MiB
[    1.824750] mmc0: new ultra high speed DDR50 SDHC card at address aaaa
[    1.831914] mmcblk1rpmb: mmc1:0001 SEM16G partition 3 128 KiB
[    1.838414] mmcblk0: mmc0:aaaa SS04G 3.69 GiB 
[    1.847730] Primary GPT is invalid, using alternate GPT.
[    1.853053]  mmcblk1: p1 p2 p3 p4 p5
[    1.861884] tegra-pcie 3000.pcie-controller: probing port 2, using 2 lanes
[    1.870800]  mmcblk0: p1 p2 p3
[    2.272678] tegra-pcie 3000.pcie-controller: link 2 down, retrying
[    2.682743] tegra-pcie 3000.pcie-controller: link 2 down, retrying
[    3.092808] tegra-pcie 3000.pcie-controller: link 2 down, retrying
[    3.100998] tegra-pcie 3000.pcie-controller: link 2 down, ignoring
[    3.107313] tegra-pcie 3000.pcie-controller: PCI host bridge to bus 0000:00
[    3.114274] pci_bus 0000:00: root bus resource [io  0x0000-0xffff]
[    3.120447] pci_bus 0000:00: root bus resource [mem 0x20000000-0x27ffffff]
[    3.127312] pci_bus 0000:00: root bus resource [mem 0x28000000-0x3fffffff pref]
[    3.134611] pci_bus 0000:00: root bus resource [bus 00-ff]
[    3.140120] pci 0000:00:01.0: [10de:0e1c] type 01 class 0x060400
[    3.146183] pci 0000:00:01.0: PME# supported from D0 D1 D2 D3hot D3cold
[    3.152945] PCI: bus0: Fast back to back transfers disabled
[    3.158516] pci 0000:00:01.0: bridge configuration invalid ([bus 00-00]), reconfiguring
[    3.166617] pci 0000:01:00.0: [10ec:8168] type 00 class 0x020000
[    3.172631] pci 0000:01:00.0: reg 0x10: [io  0x0000-0x00ff]
[    3.178210] pci 0000:01:00.0: reg 0x18: [mem 0x00000000-0x00000fff 64bit pref]
[    3.185430] pci 0000:01:00.0: reg 0x20: [mem 0x00000000-0x00003fff 64bit pref]
[    3.192712] pci 0000:01:00.0: supports D1 D2
[    3.196977] pci 0000:01:00.0: PME# supported from D0 D1 D2 D3hot D3cold
[    3.218622] PCI: bus1: Fast back to back transfers disabled
[    3.224192] pci_bus 0000:01: busn_res: [bus 01-ff] end is updated to 01
[    3.230860] pci 0000:00:01.0: BAR 9: assigned [mem 0x28000000-0x280fffff 64bit pref]
[    3.238599] pci 0000:00:01.0: BAR 7: assigned [io  0x1000-0x1fff]
[    3.244688] pci 0000:01:00.0: BAR 4: assigned [mem 0x28000000-0x28003fff 64bit pref]
[    3.252430] pci 0000:01:00.0: BAR 2: assigned [mem 0x28004000-0x28004fff 64bit pref]
[    3.260170] pci 0000:01:00.0: BAR 0: assigned [io  0x1000-0x10ff]
[    3.266258] pci 0000:00:01.0: PCI bridge to [bus 01]
[    3.271217] pci 0000:00:01.0:   bridge window [io  0x1000-0x1fff]
[    3.277303] pci 0000:00:01.0:   bridge window [mem 0x28000000-0x280fffff 64bit pref]
[    3.285048] pci 0000:00:01.0: nv_msi_ht_cap_quirk didn't locate host bridge
[    3.292067] pcieport 0000:00:01.0: enabling device (0140 -> 0143)
[    3.298318] pcieport 0000:00:01.0: Signaling PME through PCIe PME interrupt
[    3.305275] pci 0000:01:00.0: Signaling PME through PCIe PME interrupt
[    3.311795] pcie_pme 0000:00:01.0:pcie001: service driver pcie_pme loaded
[    3.318766] r8169 Gigabit Ethernet driver 2.3LK-NAPI loaded
[    3.324350] r8169 0000:01:00.0: enabling device (0140 -> 0143)
[    3.331118] r8169 0000:01:00.0 eth0: RTL8168evl/8111evl at 0xf09fa000, 02:04:4b:01:60:a6, XID 0c900800 IRQ 375
[    3.341118] r8169 0000:01:00.0 eth0: jumbo features [frames: 9200 bytes, tx checksumming: ko]
[    3.352230] [drm] Supports vblank timestamp caching Rev 2 (21.10.2013).
[    3.358872] [drm] No driver support for vblank timestamp query.
[    3.364828] drm drm: No connectors reported connected with modes
[    3.370842] [drm] Cannot find any crtc or sizes - going 1024x768
[    3.397947] Console: switching to colour frame buffer device 128x48
[    3.410685] drm drm: fb0:  frame buffer device
[    3.429379] [drm] Initialized tegra 0.0.0 20120330 on minor 0
[    3.440280] utmi_phy_clk_enable: timeout waiting for phy to stabilize
[    3.446753] tegra-ehci 7d004000.usb: EHCI Host Controller
[    3.452164] tegra-ehci 7d004000.usb: new USB bus registered, assigned bus number 1
[    3.459998] tegra-ehci 7d004000.usb: irq 343, io mem 0x7d004000
[    3.479001] tegra-ehci 7d004000.usb: USB 2.0 started, EHCI 1.00
[    3.486275] hub 1-0:1.0: USB hub found
[    3.490050] hub 1-0:1.0: 1 port detected
[    3.495116] tegra-ehci 7d008000.usb: EHCI Host Controller
[    3.500528] tegra-ehci 7d008000.usb: new USB bus registered, assigned bus number 2
[    3.508280] tegra-ehci 7d008000.usb: irq 344, io mem 0x7d008000
[    3.529011] tegra-ehci 7d008000.usb: USB 2.0 started, EHCI 1.00
[    3.536175] hub 2-0:1.0: USB hub found
[    3.539943] hub 2-0:1.0: 1 port detected
[    3.550267] tps65910-rtc tps65910-rtc: setting system clock to 2000-01-01 00:00:02 UTC (946684802)
[    3.563920] vdd_sata,avdd_plle: disabling
[    3.568704] usb1_vbus: disabling
[    3.574206] EXT4-fs (mmcblk1p1): mounting ext3 file system using the ext4 subsystem
[    3.623302] EXT4-fs (mmcblk1p1): warning: mounting fs with errors, running e2fsck is recommended
[    3.633573] EXT4-fs (mmcblk1p1): recovery complete
[    3.639561] EXT4-fs (mmcblk1p1): mounted filesystem with ordered data mode. Opts: (null)
[    3.647672] VFS: Mounted root (ext3 filesystem) on device 179:1.
[    3.657847] devtmpfs: mounted
[    3.663413] Freeing unused kernel memory: 2048K (c1100000 - c1300000)
bash: cannot set terminal process group (-1): Inappropriate ioctl for device
bash: no job control in this shell
root@(none):/# [    3.879019] usb 2-1: new high-speed USB device number 2 using tegra-ehci
mount -t sysfs none /sys
root@(none):/# 
root@(none):/# [    4.880443] asix 2-1:1.0 eth1: register 'asix' at usb-7d008000.usb-1, ASIX AX88772 USB 2.0 Ethernet, 00:50:b6:0f:67:60
mount -t debugfs none /sys/kernel/debug
root@(none):/# 
root@(none):/# rtcwake -d rtc1 -m mem -s 3
rtcwake: wakeup from "mem" using /dev/rtc1 at Thu Jan  1 00:00:21 1970
[    6.503418] PM: Syncing filesystems ... done.
[    6.517726] Freezing user space processes ... (elapsed 0.001 seconds) done.
[    6.525860] Double checking all user space processes after OOM killer disable... (elapsed 0.000 seconds) 
[    6.535453] Freezing remaining freezable tasks ... (elapsed 0.001 seconds) done.
[    6.544093] Suspending console(s) (use no_console_suspend to debug)
[    6.592895] PM: suspend of devices complete after 41.528 msecs
[    6.593579] PM: late suspend of devices complete after 0.677 msecs
[    6.614080] PM: noirq suspend of devices complete after 20.493 msecs
[    6.614083] Disabling non-boot CPUs ...
[    6.614434] IRQ17 no longer affine to CPU1
[    6.614749] CPU1: shutdown
[    6.635022] CPU2: shutdown
[    6.664741] CPU3: shutdown
[    6.689145] Entering suspend state LP1
[    6.689158] Enabling non-boot CPUs ...
[    6.719663] CPU1 is up
[    6.754748] CPU2 is up
[    6.789867] CPU3 is up
[    6.790491] pcieport 0000:00:01.0: nv_msi_ht_cap_quirk didn't locate host bridge
[    6.808675] PM: noirq resume of devices complete after 18.800 msecs
[    6.809659] PM: early resume of devices complete after 0.609 msecs
[    6.881487] PM: resume of devices complete after 71.820 msecs
[    6.956730] Restarting tasks ... done.
root@(none):/# 
root@(none):/# rtcwake -d rtc1 -m mem -s 3
rtcwake: wakeup from "mem" using /dev/rtc1 at Thu Jan  1 00:00:25 1970
[    7.345354] PM: Syncing filesystems ... done.
[    7.356579] Freezing user space processes ... (elapsed 0.001 seconds) done.
[    7.364711] Double checking all user space processes after OOM killer disable... (elapsed 0.000 seconds) 
[    7.374303] Freezing remaining freezable tasks ... (elapsed 0.001 seconds) done.
[    7.382921] Suspending console(s) (use no_console_suspend to debug)
[    7.432443] PM: suspend of devices complete after 42.331 msecs
[    7.433107] PM: late suspend of devices complete after 0.658 msecs
[    7.449066] PM: noirq suspend of devices complete after 15.951 msecs
[    7.449069] Disabling non-boot CPUs ...
[    7.449728] CPU1: shutdown
[    7.489774] IRQ17 no longer affine to CPU2
[    7.489986] CPU2: shutdown
[    7.519623] CPU3: shutdown
[    7.544087] Entering suspend state LP1
[    7.544100] Enabling non-boot CPUs ...
[    7.574808] CPU1 is up
[    7.609899] CPU2 is up
[    7.650037] CPU3 is up
[    7.650790] pcieport 0000:00:01.0: nv_msi_ht_cap_quirk didn't locate host bridge
[    7.668659] PM: noirq resume of devices complete after 18.611 msecs
[    7.669873] PM: early resume of devices complete after 0.787 msecs
[    7.742014] PM: resume of devices complete after 72.129 msecs
[    7.817494] Restarting tasks ... done.
root@(none):/# 
root@(none):/# rtcwake -d rtc1 -m mem -s 3
rtcwake: wakeup from "mem" using /dev/rtc1 at Thu Jan  1 00:00:29 1970
[    8.221141] PM: Syncing filesystems ... done.
[    8.234859] Freezing user space processes ... (elapsed 0.001 seconds) done.
[    8.243025] Double checking all user space processes after OOM killer disable... (elapsed 0.000 seconds) 
[    8.252625] Freezing remaining freezable tasks ... (elapsed 0.001 seconds) done.
[    8.261296] Suspending console(s) (use no_console_suspend to debug)
[    8.313503] PM: suspend of devices complete after 44.712 msecs
[    8.316892] PM: late suspend of devices complete after 3.379 msecs
[    8.334129] PM: noirq suspend of devices complete after 17.227 msecs
[    8.334132] Disabling non-boot CPUs ...
[    8.334942] CPU1: shutdown
[    8.364947] IRQ17 no longer affine to CPU2
[    8.365211] CPU2: shutdown
[    8.384744] CPU3: shutdown
[    8.409127] Entering suspend state LP1
[    8.409139] Enabling non-boot CPUs ...
[    8.439795] CPU1 is up
[    8.469875] CPU2 is up
[    8.500020] CPU3 is up
[    8.500778] pcieport 0000:00:01.0: nv_msi_ht_cap_quirk didn't locate host bridge
[    8.518634] PM: noirq resume of devices complete after 18.607 msecs
[    8.519849] PM: early resume of devices complete after 0.768 msecs
[    8.592490] PM: resume of devices complete after 72.631 msecs
[    8.667955] Restarting tasks ... done.
root@(none):/# 
root@(none):/# rtcwake -d rtc1 -m mem -s 3
rtcwake: wakeup from "mem" using /dev/rtc1 at Thu Jan  1 00:00:33 1970
[    9.075752] PM: Syncing filesystems ... done.
[    9.090486] Freezing user space processes ... (elapsed 0.001 seconds) done.
[    9.098668] Double checking all user space processes after OOM killer disable... (elapsed 0.000 seconds) 
[    9.108263] Freezing remaining freezable tasks ... (elapsed 0.001 seconds) done.
[    9.116942] Suspending console(s) (use no_console_suspend to debug)
[    9.167993] PM: suspend of devices complete after 43.559 msecs
[    9.171399] PM: late suspend of devices complete after 3.396 msecs
[    9.189109] PM: noirq suspend of devices complete after 17.701 msecs
[    9.189114] Disabling non-boot CPUs ...
[    9.189946] CPU1: shutdown
[    9.209925] IRQ17 no longer affine to CPU2
[    9.210191] CPU2: shutdown
[    9.239728] CPU3: shutdown
[    9.264105] Entering suspend state LP1
[    9.264120] Enabling non-boot CPUs ...
[    9.294777] CPU1 is up
[    9.329845] CPU2 is up
[    9.359984] CPU3 is up
[    9.360731] pcieport 0000:00:01.0: nv_msi_ht_cap_quirk didn't locate host bridge
[    9.378609] PM: noirq resume of devices complete after 18.616 msecs
[    9.379783] PM: early resume of devices complete after 0.757 msecs
[    9.451982] PM: resume of devices complete after 72.184 msecs
[    9.527487] Restarting tasks ... done.
root@(none):/# 
root@(none):/# rtcwake -d rtc1 -m mem -s 3
rtcwake: wakeup from "mem" using /dev/rtc1 at Thu Jan  1 00:00:37 1970
[    9.932138] PM: Syncing filesystems ... done.
[    9.946874] Freezing user space processes ... (elapsed 0.001 seconds) done.
[    9.955058] Double checking all user space processes after OOM killer disable... (elapsed 0.000 seconds) 
[    9.964658] Freezing remaining freezable tasks ... (elapsed 0.001 seconds) done.
[    9.973337] Suspending console(s) (use no_console_suspend to debug)
[   10.023482] PM: suspend of devices complete after 42.671 msecs
[   10.027370] PM: late suspend of devices complete after 3.877 msecs
[   10.044074] PM: noirq suspend of devices complete after 16.696 msecs
[   10.044077] Disabling non-boot CPUs ...
[   10.044908] CPU1: shutdown
[   10.069925] IRQ17 no longer affine to CPU2
[   10.070192] CPU2: shutdown
[   10.099702] CPU3: shutdown
[   10.124070] Entering suspend state LP1
[   10.124083] Enabling non-boot CPUs ...
[   10.154745] CPU1 is up
[   10.184831] CPU2 is up
[   10.214973] CPU3 is up
[   10.215727] pcieport 0000:00:01.0: nv_msi_ht_cap_quirk didn't locate host bridge
[   10.233584] PM: noirq resume of devices complete after 18.599 msecs
[   10.235320] PM: early resume of devices complete after 1.298 msecs
[   10.311667] PM: resume of devices complete after 76.332 msecs
[   10.387170] Restarting tasks ... done.
root@(none):/# 
root@(none):/# rtcwake -d rtc1 -m mem -s 3
rtcwake: wakeup from "mem" using /dev/rtc1 at Thu Jan  1 00:00:41 1970
[   10.793117] PM: Syncing filesystems ... done.
[   10.806832] Freezing user space processes ... (elapsed 0.001 seconds) done.
[   10.815015] Double checking all user space processes after OOM killer disable... (elapsed 0.000 seconds) 
[   10.824617] Freezing remaining freezable tasks ... (elapsed 0.001 seconds) done.
[   10.833296] Suspending console(s) (use no_console_suspend to debug)
[   10.881892] PM: suspend of devices complete after 41.101 msecs
[   10.883766] PM: late suspend of devices complete after 1.862 msecs
[   10.904044] PM: noirq suspend of devices complete after 20.268 msecs
[   10.904050] Disabling non-boot CPUs ...
[   10.904463] IRQ17 no longer affine to CPU1
[   10.904867] CPU1: shutdown
[   10.940143] CPU2: shutdown
[   10.969664] CPU3: shutdown
[   10.994054] Entering suspend state LP1
[   10.994069] Enabling non-boot CPUs ...
[   11.024731] CPU1 is up
[   11.054800] CPU2 is up
[   11.089933] CPU3 is up
[   11.090683] pcieport 0000:00:01.0: nv_msi_ht_cap_quirk didn't locate host bridge
[   11.108566] PM: noirq resume of devices complete after 18.622 msecs
[   11.109717] PM: early resume of devices complete after 0.737 msecs
[   11.181931] PM: resume of devices complete after 72.204 msecs
[   11.257448] Restarting tasks ... done.
root@(none):/# 
root@(none):/# rtcwake -d rtc1 -m mem -s 3
rtcwake: wakeup from "mem" using /dev/rtc1 at Thu Jan  1 00:00:45 1970
[   11.663058] PM: Syncing filesystems ... done.
[   11.677784] Freezing user space processes ... (elapsed 0.001 seconds) done.
[   11.685969] Double checking all user space processes after OOM killer disable... (elapsed 0.000 seconds) 
[   11.695564] Freezing remaining freezable tasks ... (elapsed 0.001 seconds) done.
[   11.704249] Suspending console(s) (use no_console_suspend to debug)
[   11.753413] PM: suspend of devices complete after 41.690 msecs
[   11.754274] PM: late suspend of devices complete after 0.850 msecs
[   11.774021] PM: noirq suspend of devices complete after 19.739 msecs
[   11.774024] Disabling non-boot CPUs ...
[   11.774453] IRQ17 no longer affine to CPU1
[   11.774854] CPU1: shutdown
[   11.820118] CPU2: shutdown
[   11.844640] CPU3: shutdown
[   11.869038] Entering suspend state LP1
[   11.869053] Enabling non-boot CPUs ...
[   11.899712] CPU1 is up
[   11.929773] CPU2 is up
[   11.964912] CPU3 is up
[   11.965646] pcieport 0000:00:01.0: nv_msi_ht_cap_quirk didn't locate host bridge
[   11.983532] PM: noirq resume of devices complete after 18.612 msecs
[   11.984731] PM: early resume of devices complete after 0.768 msecs
[   12.056847] PM: resume of devices complete after 72.104 msecs
[   12.132329] Restarting tasks ... done.
root@(none):/# 
root@(none):/# rtcwake -d rtc1 -m mem -s 3
rtcwake: wakeup from "mem" using /dev/rtc1 at Thu Jan  1 00:00:49 1970
[   12.537023] PM: Syncing filesystems ... done.
[   12.551746] Freezing user space processes ... (elapsed 0.001 seconds) done.
[   12.559934] Double checking all user space processes after OOM killer disable... (elapsed 0.000 seconds) 
[   12.569544] Freezing remaining freezable tasks ... (elapsed 0.001 seconds) done.
[   12.578214] Suspending console(s) (use no_console_suspend to debug)
[   12.627902] PM: suspend of devices complete after 42.201 msecs
[   12.631752] PM: late suspend of devices complete after 3.837 msecs
[   12.648997] PM: noirq suspend of devices complete after 17.236 msecs
[   12.648999] Disabling non-boot CPUs ...
[   12.649815] CPU1: shutdown
[   12.689832] IRQ17 no longer affine to CPU2
[   12.690103] CPU2: shutdown
[   12.709629] CPU3: shutdown
[   12.734004] Entering suspend state LP1
[   12.734018] Enabling non-boot CPUs ...
[   12.764694] CPU1 is up
[   12.794754] CPU2 is up
[   12.824905] CPU3 is up
[   12.825645] pcieport 0000:00:01.0: nv_msi_ht_cap_quirk didn't locate host bridge
[   12.843519] PM: noirq resume of devices complete after 18.605 msecs
[   12.845212] PM: early resume of devices complete after 1.259 msecs
[   12.921367] PM: resume of devices complete after 76.141 msecs
[   12.996845] Restarting tasks ... done.
root@(none):/# 
root@(none):/# rtcwake -d rtc1 -m mem -s 3
rtcwake: wakeup from "mem" using /dev/rtc1 at Thu Jan  1 00:00:53 1970
[   13.402946] PM: Syncing filesystems ... done.
[   13.417690] Freezing user space processes ... (elapsed 0.001 seconds) done.
[   13.425870] Double checking all user space processes after OOM killer disable... (elapsed 0.000 seconds) 
[   13.435472] Freezing remaining freezable tasks ... (elapsed 0.001 seconds) done.
[   13.444158] Suspending console(s) (use no_console_suspend to debug)
[   13.493375] PM: suspend of devices complete after 41.745 msecs
[   13.494238] PM: late suspend of devices complete after 0.853 msecs
[   13.513993] PM: noirq suspend of devices complete after 19.746 msecs
[   13.513995] Disabling non-boot CPUs ...
[   13.514450] IRQ17 no longer affine to CPU1
[   13.514848] CPU1: shutdown
[   13.535083] CPU2: shutdown
[   13.564635] CPU3: shutdown
[   13.588994] Entering suspend state LP1
[   13.589010] Enabling non-boot CPUs ...
[   13.619677] CPU1 is up
[   13.649756] CPU2 is up
[   13.684866] CPU3 is up
[   13.685607] pcieport 0000:00:01.0: nv_msi_ht_cap_quirk didn't locate host bridge
[   13.703506] PM: noirq resume of devices complete after 18.630 msecs
[   13.704677] PM: early resume of devices complete after 0.755 msecs
[   13.776071] PM: resume of devices complete after 71.384 msecs
[   13.851516] Restarting tasks ... done.
root@(none):/# 
root@(none):/# rtcwake -d rtc1 -m mem -s 3
rtcwake: wakeup from "mem" using /dev/rtc1 at Thu Jan  1 00:00:57 1970
[   14.257970] PM: Syncing filesystems ... done.
[   14.272696] Freezing user space processes ... (elapsed 0.001 seconds) done.
[   14.280880] Double checking all user space processes after OOM killer disable... (elapsed 0.000 seconds) 
[   14.290486] Freezing remaining freezable tasks ... (elapsed 0.001 seconds) done.
[   14.299174] Suspending console(s) (use no_console_suspend to debug)
[   14.348359] PM: suspend of devices complete after 41.712 msecs
[   14.349167] PM: late suspend of devices complete after 0.799 msecs
[   14.368975] PM: noirq suspend of devices complete after 19.800 msecs
[   14.368978] Disabling non-boot CPUs ...
[   14.369419] IRQ17 no longer affine to CPU1
[   14.369818] CPU1: shutdown
[   14.390053] CPU2: shutdown
[   14.419621] CPU3: shutdown
[   14.443982] Entering suspend state LP1
[   14.443997] Enabling non-boot CPUs ...
[   14.474640] CPU1 is up
[   14.509729] CPU2 is up
[   14.539830] CPU3 is up
[   14.540576] pcieport 0000:00:01.0: nv_msi_ht_cap_quirk didn't locate host bridge
[   14.558474] PM: noirq resume of devices complete after 18.635 msecs
[   14.561181] PM: early resume of devices complete after 2.277 msecs
[   14.636349] PM: resume of devices complete after 75.158 msecs
[   14.711849] Restarting tasks ... done.
root@(none):/# 
root@(none):/# NVTB SYSTEM SUSPEND TEST COMPLETE
