
U-Boot SPL 2014.01-00219-gc4d376f (Feb 18 2014 - 19:57:18)


U-Boot 2014.01-00219-gc4d376f (Feb 18 2014 - 19:57:18)

TEGRA30
Board: NVIDIA Beaver
I2C:   ready
DRAM:  2 GiB
MMC:   Tegra SD/MMC: 0, Tegra SD/MMC: 1
In:    serial
Out:   serial
Err:   serial
Net:   Net Initialization Skipped
No ethernet found.
Hit any key to stop autoboot:  2  0 
Tegra30 (Beaver) # 
Tegra30 (Beaver) # usb reset
(Re)start USB...
USB0:   USB EHCI 1.00
scanning bus 0 for devices... 2 USB Device(s) found
       scanning usb for storage devices... 0 Storage Device(s) found
       scanning usb for ethernet devices... 
Warning: asx0 using MAC address from net device
1 Ethernet Device(s) found
Tegra30 (Beaver) # setenv bootargs 'ignore_loglevel console=ttyS0,115200n8 rw root=PARTUUID=edbe1840-3633-c751-7993-b0ac834f81e0 rootwait gpt debug noinitrd earlyprintk init=/bin/bash'
Tegra30 (Beaver) # setenv ipaddr 192.168.100.101; setenv serverip 192.168.100.1; setenv tftpserverip 192.168.100.1
Tegra30 (Beaver) # tftpboot 0x81000000 zImage.multi_v7_defconfig
Using asx0 device
TFTP from server 192.168.100.1; our IP address is 192.168.100.101
Filename 'zImage.multi_v7_defconfig'.
Load address: 0x81000000
Loading: *#################################################################
	 #################################################################
	 #################################################################
	 #################################################################
	 #################################################################
	 #################################################################
	 #################################################################
	 #################################################################
	 ##############################
	 3 MiB/s
done
Bytes transferred = 8065536 (7b1200 hex)
Tegra30 (Beaver) # tftpboot 0x82000000 tegra30-beaver.dtb
Using asx0 device
TFTP from server 192.168.100.1; our IP address is 192.168.100.101
Filename 'tegra30-beaver.dtb'.
Load address: 0x82000000
Loading: *####
	 2.7 MiB/s
done
Bytes transferred = 51470 (c90e hex)
Tegra30 (Beaver) # bootz 0x81000000 - 0x82000000
Kernel image @ 0x81000000 [ 0x000000 - 0x7b1200 ]
## Flattened Device Tree blob at 82000000
   Booting using the fdt blob at 0x82000000
   Loading Device Tree to 8fff0000, end 8ffff90d ... OK

Starting kernel ...

[    0.000000] Booting Linux on physical CPU 0x0
[    0.000000] Linux version 4.15.0-rc8-335804-ga8750ddca918 (jonathanh@tamien) (gcc version 4.7.3 20130328 (prerelease) (crosstool-NG linaro-1.13.1-4.7-2013.04-20130415 - Linaro GCC 2013.04)) #1 SMP Sun Jan 14 16:34:20 PST 2018
[    0.000000] CPU: ARMv7 Processor [412fc099] revision 9 (ARMv7), cr=10c5387d
[    0.000000] CPU: PIPT / VIPT nonaliasing data cache, VIPT aliasing instruction cache
[    0.000000] OF: fdt: Machine model: NVIDIA Tegra30 Beaver evaluation board
[    0.000000] debug: ignoring loglevel setting.
[    0.000000] Memory policy: Data cache writealloc
[    0.000000] efi: Getting EFI parameters from FDT:
[    0.000000] efi: UEFI not found.
[    0.000000] cma: Reserved 64 MiB at 0xfb800000
[    0.000000] On node 0 totalpages: 524032
[    0.000000]   DMA zone: 1536 pages used for memmap
[    0.000000]   DMA zone: 0 pages reserved
[    0.000000]   DMA zone: 196608 pages, LIFO batch:31
[    0.000000]   HighMem zone: 327424 pages, LIFO batch:31
[    0.000000] random: fast init done
[    0.000000] percpu: Embedded 17 pages/cpu @(ptrval) s39104 r8192 d22336 u69632
[    0.000000] pcpu-alloc: s39104 r8192 d22336 u69632 alloc=17*4096
[    0.000000] pcpu-alloc: [0] 0 [0] 1 [0] 2 [0] 3 
[    0.000000] Built 1 zonelists, mobility grouping on.  Total pages: 522496
[    0.000000] Kernel command line: ignore_loglevel console=ttyS0,115200n8 rw root=PARTUUID=edbe1840-3633-c751-7993-b0ac834f81e0 rootwait gpt debug noinitrd earlyprintk init=/bin/bash
[    0.000000] Dentry cache hash table entries: 131072 (order: 7, 524288 bytes)
[    0.000000] Inode-cache hash table entries: 65536 (order: 6, 262144 bytes)
[    0.000000] Memory: 1992476K/2096128K available (11264K kernel code, 1602K rwdata, 4296K rodata, 2048K init, 404K bss, 38116K reserved, 65536K cma-reserved, 1244160K highmem)
[    0.000000] Virtual kernel memory layout:
[    0.000000]     vector  : 0xffff0000 - 0xffff1000   (   4 kB)
[    0.000000]     fixmap  : 0xffc00000 - 0xfff00000   (3072 kB)
[    0.000000]     vmalloc : 0xf0800000 - 0xff800000   ( 240 MB)
[    0.000000]     lowmem  : 0xc0000000 - 0xf0000000   ( 768 MB)
[    0.000000]     pkmap   : 0xbfe00000 - 0xc0000000   (   2 MB)
[    0.000000]     modules : 0xbf000000 - 0xbfe00000   (  14 MB)
[    0.000000]       .text : 0x(ptrval) - 0x(ptrval)   (12256 kB)
[    0.000000]       .init : 0x(ptrval) - 0x(ptrval)   (2048 kB)
[    0.000000]       .data : 0x(ptrval) - 0x(ptrval)   (1603 kB)
[    0.000000]        .bss : 0x(ptrval) - 0x(ptrval)   ( 405 kB)
[    0.000000] SLUB: HWalign=64, Order=0-3, MinObjects=0, CPUs=4, Nodes=1
[    0.000000] Hierarchical RCU implementation.
[    0.000000] 	RCU event tracing is enabled.
[    0.000000] 	RCU restricting CPUs from NR_CPUS=16 to nr_cpu_ids=4.
[    0.000000] RCU: Adjusting geometry for rcu_fanout_leaf=16, nr_cpu_ids=4
[    0.000000] NR_IRQS: 16, nr_irqs: 16, preallocated irqs: 16
[    0.000000] /interrupt-controller@60004000: 160 interrupts forwarded to /interrupt-controller@50041000
[    0.000000] L2C: platform modifies aux control register: 0x02080000 -> 0x3e480001
[    0.000000] L2C: DT/platform modifies aux control register: 0x02080000 -> 0x3e480001
[    0.000000] L2C-310 erratum 769419 enabled
[    0.000000] L2C-310 enabling early BRESP for Cortex-A9
[    0.000000] L2C-310: enabling full line of zeros but not enabled in Cortex-A9
[    0.000000] L2C-310 dynamic clock gating enabled, standby mode enabled
[    0.000000] L2C-310 cache controller enabled, 8 ways, 1024 kB
[    0.000000] L2C-310: CACHE_ID 0x410000c7, AUX_CTRL 0x4e480001
[    0.000012] sched_clock: 32 bits at 1000kHz, resolution 1000ns, wraps every 2147483647500ns
[    0.000030] clocksource: timer_us: mask: 0xffffffff max_cycles: 0xffffffff, max_idle_ns: 1911260446275 ns
[    0.000039] Switching to timer-based delay loop, resolution 1000ns
[    0.003071] Console: colour dummy device 80x30
[    0.003102] Calibrating delay loop (skipped), value calculated using timer frequency.. 2.00 BogoMIPS (lpj=10000)
[    0.003112] pid_max: default: 32768 minimum: 301
[    0.003189] Mount-cache hash table entries: 2048 (order: 1, 8192 bytes)
[    0.003197] Mountpoint-cache hash table entries: 2048 (order: 1, 8192 bytes)
[    0.003610] CPU: Testing write buffer coherency: ok
[    0.003909] CPU0: thread -1, cpu 0, socket 0, mpidr 80000000
[    0.004138] Setting up static identity map for 0x80300000 - 0x803000a0
[    0.005488] Hierarchical SRCU implementation.
[    0.006852] Tegra Revision: A03 SKU: 128 CPU Process: 4 SoC Process: 0
[    0.007433] EFI services will not be available.
[    0.007541] smp: Bringing up secondary CPUs ...
[    0.010369] CPU1: thread -1, cpu 1, socket 0, mpidr 80000001
[    0.020347] CPU2: thread -1, cpu 2, socket 0, mpidr 80000002
[    0.030328] CPU3: thread -1, cpu 3, socket 0, mpidr 80000003
[    0.030385] smp: Brought up 1 node, 4 CPUs
[    0.030398] SMP: Total of 4 processors activated (8.00 BogoMIPS).
[    0.030402] CPU: All CPU(s) started in SVC mode.
[    0.031111] devtmpfs: initialized
[    0.038119] VFP support v0.3: implementor 41 architecture 3 part 30 variant 9 rev 4
[    0.038549] clocksource: jiffies: mask: 0xffffffff max_cycles: 0xffffffff, max_idle_ns: 19112604462750000 ns
[    0.038566] futex hash table entries: 1024 (order: 4, 65536 bytes)
[    0.042011] pinctrl core: initialized pinctrl subsystem
[    0.043384] DMI not present or invalid.
[    0.043631] NET: Registered protocol family 16
[    0.046552] DMA: preallocated 256 KiB pool for atomic coherent allocations
[    0.048240] cpuidle: using governor menu
[    0.061346] No ATAGs?
[    0.061452] hw-breakpoint: found 5 (+1 reserved) breakpoint and 1 watchpoint registers.
[    0.061464] hw-breakpoint: maximum watchpoint size is 4 bytes.
[    0.065749] Serial: AMBA PL011 UART driver
[    0.066343] tegra-mc 7000f000.memory-controller: no memory timings for RAM code 3 registered
[    0.066441] iommu: Adding device reg-dummy to group 0
[    0.066464] iommu: Adding device 3000.pcie to group 1
[    0.066483] iommu: Adding device 50000000.host1x to group 2
[    0.066500] iommu: Adding device 54040000.mpe to group 3
[    0.066525] iommu: Adding device 54080000.vi to group 4
[    0.066544] iommu: Adding device 540c0000.epp to group 5
[    0.066568] iommu: Adding device 54100000.isp to group 6
[    0.066587] iommu: Adding device 54140000.gr2d to group 7
[    0.066605] iommu: Adding device 54180000.gr3d to group 8
[    0.066672] iommu: Adding device 54200000.dc to group 9
[    0.066713] iommu: Adding device 54240000.dc to group 10
[    0.066736] iommu: Adding device 54280000.hdmi to group 11
[    0.066755] iommu: Adding device 50040600.timer to group 12
[    0.066774] iommu: Adding device 50043000.cache-controller to group 13
[    0.066791] iommu: Adding device 60005000.timer to group 14
[    0.066809] iommu: Adding device 60007000.flow-controller to group 15
[    0.066833] iommu: Adding device 6000a000.dma to group 16
[    0.066850] iommu: Adding device 6000c000.ahb to group 17
[    0.066868] iommu: Adding device 6000d000.gpio to group 18
[    0.066884] iommu: Adding device 70000800.apbmisc to group 19
[    0.066906] iommu: Adding device 70000868.pinmux to group 20
[    0.066925] iommu: Adding device 70006000.serial to group 21
[    0.066942] iommu: Adding device 7000e000.rtc to group 22
[    0.066960] iommu: Adding device 7000c000.i2c to group 23
[    0.066978] iommu: Adding device 7000c400.i2c to group 24
[    0.066996] iommu: Adding device 7000c500.i2c to group 25
[    0.067018] iommu: Adding device 7000c700.i2c to group 26
[    0.067043] iommu: Adding device 7000d000.i2c to group 27
[    0.067065] iommu: Adding device 7000da00.spi to group 28
[    0.067083] iommu: Adding device 7000e400.pmc to group 29
[    0.067101] iommu: Adding device 7000f000.memory-controller to group 30
[    0.067119] iommu: Adding device 7000f800.fuse to group 31
[    0.067135] iommu: Adding device 70080000.ahub to group 32
[    0.067154] iommu: Adding device 78000000.sdhci to group 33
[    0.067171] iommu: Adding device 78000600.sdhci to group 34
[    0.067189] iommu: Adding device 7d000000.usb to group 35
[    0.067207] iommu: Adding device 7d000000.usb-phy to group 36
[    0.067235] iommu: Adding device 7d004000.usb to group 37
[    0.067255] iommu: Adding device 7d004000.usb-phy to group 38
[    0.067272] iommu: Adding device 7d008000.usb to group 39
[    0.067291] iommu: Adding device 7d008000.usb-phy to group 40
[    0.067307] iommu: Adding device pmu to group 41
[    0.067322] iommu: Adding device clocks to group 42
[    0.067338] iommu: Adding device gpio-leds to group 43
[    0.067355] iommu: Adding device regulators to group 44
[    0.067376] iommu: Adding device regulators:regulator@0 to group 45
[    0.067420] iommu: Adding device regulators:regulator@1 to group 46
[    0.067439] iommu: Adding device regulators:regulator@2 to group 47
[    0.067465] iommu: Adding device regulators:regulator@3 to group 48
[    0.067483] iommu: Adding device regulators:regulator@4 to group 49
[    0.067501] iommu: Adding device regulators:regulator@5 to group 50
[    0.067519] iommu: Adding device regulators:regulator@6 to group 51
[    0.067537] iommu: Adding device regulators:regulator@7 to group 52
[    0.067559] iommu: Adding device regulators:regulator@8 to group 53
[    0.067577] iommu: Adding device sound to group 54
[    0.076038] AT91: Could not find identification node
[    0.076525] vdd_5v_sata: Failed to request enable GPIO30: -517
[    0.076540] reg-fixed-voltage regulators:regulator@3: Failed to register regulator: -517
[    0.076590] usb1_vbus: Failed to request enable GPIO238: -517
[    0.076597] reg-fixed-voltage regulators:regulator@4: Failed to register regulator: -517
[    0.076647] usb3_vbus: Failed to request enable GPIO236: -517
[    0.076654] reg-fixed-voltage regulators:regulator@5: Failed to register regulator: -517
[    0.076756] sys_3v3_pexs: Failed to request enable GPIO95: -517
[    0.076764] reg-fixed-voltage regulators:regulator@7: Failed to register regulator: -517
[    0.078607] vgaarb: loaded
[    0.079072] SCSI subsystem initialized
[    0.079226] libata version 3.00 loaded.
[    0.079359] usbcore: registered new interface driver usbfs
[    0.079388] usbcore: registered new interface driver hub
[    0.079420] usbcore: registered new device driver usb
[    0.083826] iommu: Adding device tps65910-gpio to group 55
[    0.084097] iommu: Adding device tps65910-pmic to group 56
[    0.086573] vrtc: supplied by vdd_5v_in
[    0.089843] vio: supplied by vdd_5v_in
[    0.101813] vdd1: supplied by vdd_5v_in
[    0.103171] vddio_ddr_1v2: Bringing 600000uV into 1200000-1200000uV
[    0.111814] vdd2: supplied by vdd_5v_in
[    0.131804] ldo1: supplied by vdd_1v5_gen
[    0.134174] ldo2: supplied by vdd_1v5_gen
[    0.134645] vdd_sata,avdd_plle: Bringing 1200000uV into 1050000-1050000uV
[    0.136869] ldo3: supplied by vdd_5v_in
[    0.139206] ldo4: supplied by vdd_5v_in
[    0.141800] ldo5: supplied by vdd_5v_in
[    0.151794] ldo6: supplied by vdd_1v8_gen
[    0.152265] avdd_dsi_csi,pwrdet_mipi: Bringing 1000000uV into 1200000-1200000uV
[    0.154505] ldo7: supplied by vdd_1v8_gen
[    0.161789] ldo8: supplied by vdd_1v8_gen
[    0.170078] iommu: Adding device tps65910-rtc to group 57
[    0.170193] iommu: Adding device tps65910-power to group 58
[    0.171939] pps_core: LinuxPPS API ver. 1 registered
[    0.171947] pps_core: Software ver. 5.3.6 - Copyright 2005-2007 Rodolfo Giometti <giometti@linux.it>
[    0.171963] PTP clock support registered
[    0.172099] EDAC MC: Ver: 3.0.0
[    0.172297] dmi: Firmware registration failed.
[    0.173631] clocksource: Switched to clocksource timer_us
[    0.203783] NET: Registered protocol family 2
[    0.204179] TCP established hash table entries: 8192 (order: 3, 32768 bytes)
[    0.204237] TCP bind hash table entries: 8192 (order: 4, 65536 bytes)
[    0.204321] TCP: Hash tables configured (established 8192 bind 8192)
[    0.204470] UDP hash table entries: 512 (order: 2, 16384 bytes)
[    0.204538] UDP-Lite hash table entries: 512 (order: 2, 16384 bytes)
[    0.204711] NET: Registered protocol family 1
[    0.205059] RPC: Registered named UNIX socket transport module.
[    0.205066] RPC: Registered udp transport module.
[    0.205070] RPC: Registered tcp transport module.
[    0.205075] RPC: Registered tcp NFSv4.1 backchannel transport module.
[    0.205084] PCI: CLS 0 bytes, default 64
[    0.205903] hw perfevents: no interrupt-affinity property for /pmu, guessing.
[    0.206151] hw perfevents: enabled with armv7_cortex_a9 PMU driver, 7 counters available
[    0.206672] iommu: Adding device alarmtimer to group 59
[    0.207244] Initialise system trusted keyrings
[    0.207367] workingset: timestamp_bits=30 max_order=19 bucket_order=0
[    0.210573] squashfs: version 4.0 (2009/01/31) Phillip Lougher
[    0.210970] NFS: Registering the id_resolver key type
[    0.210994] Key type id_resolver registered
[    0.210998] Key type id_legacy registered
[    0.211027] ntfs: driver 2.1.32 [Flags: R/O].
[    0.211965] Key type asymmetric registered
[    0.211974] Asymmetric key parser 'x509' registered
[    0.212008] bounce: pool size: 64 pages
[    0.212042] Block layer SCSI generic (bsg) driver version 0.4 loaded (major 247)
[    0.212051] io scheduler noop registered
[    0.212056] io scheduler deadline registered
[    0.212187] io scheduler cfq registered (default)
[    0.212194] io scheduler mq-deadline registered
[    0.212199] io scheduler kyber registered
[    0.218914] tegra30-pinctrl 70000868.pinmux: invalid group "sdmmc3_dat6_pd3" for function "rsvd1"
[    0.218930] tegra30-pinctrl 70000868.pinmux: invalid group "sdmmc3_dat7_pd4" for function "rsvd1"
[    0.218944] tegra30-pinctrl 70000868.pinmux: invalid group "vi_vsync_pd6" for function "rsvd1"
[    0.218954] tegra30-pinctrl 70000868.pinmux: invalid group "vi_hsync_pd7" for function "rsvd1"
[    0.219417] tegra30-pinctrl 70000868.pinmux: invalid group "hdmi_int_pn7" for function "rsvd1"
[    0.219461] tegra30-pinctrl 70000868.pinmux: invalid group "ulpi_data3_po4" for function "rsvd1"
[    0.219786] tegra30-pinctrl 70000868.pinmux: invalid group "vi_d10_pt2" for function "rsvd1"
[    0.219798] tegra30-pinctrl 70000868.pinmux: invalid group "vi_d11_pt3" for function "rsvd1"
[    0.219810] tegra30-pinctrl 70000868.pinmux: invalid group "vi_d0_pt4" for function "rsvd1"
[    0.219850] tegra30-pinctrl 70000868.pinmux: invalid group "pu0" for function "rsvd1"
[    0.219880] tegra30-pinctrl 70000868.pinmux: invalid group "pu3" for function "rsvd1"
[    0.219909] tegra30-pinctrl 70000868.pinmux: invalid group "pu6" for function "rsvd1"
[    0.219949] tegra30-pinctrl 70000868.pinmux: invalid group "pv3" for function "rsvd1"
[    0.220447] tegra30-pinctrl 70000868.pinmux: invalid group "pbb0" for function "rsvd1"
[    0.220559] tegra30-pinctrl 70000868.pinmux: invalid group "pcc1" for function "rsvd1"
[    0.225957] tegra-pcie 3000.pcie: 2x3 configuration
[    0.226104] tegra-pcie 3000.pcie: Failed to get supply 'hvdd-pex': -517
[    0.231794] tegra-apbdma 6000a000.dma: Tegra20 APB DMA driver register 32 channels
[    0.234010] tegra-pmc 7000e400.pmc: i2c-thermtrip node not found, emergency thermal reset disabled.
[    0.263238] Serial: 8250/16550 driver, 4 ports, IRQ sharing disabled
[    0.263326] iommu: Adding device serial8250 to group 60
[    0.265400] console [ttyS0] disabled
[    0.265440] 70006000.serial: ttyS0 at MMIO 0x70006000 (irq = 331, base_baud = 25500000) is a Tegra
[    1.638936] console [ttyS0] enabled
[    1.642979] SuperH (H)SCI(F) driver initialized
[    1.648144] msm_serial: driver initialized
[    1.652334] STMicroelectronics ASC driver initialized
[    1.677355] tegra-hdmi 54280000.hdmi: failed to get HDMI regulator
[    1.690348] brd: module loaded
[    1.698911] loop: module loaded
[    1.707925] m25p80 spi0.1: w25q32 (4096 Kbytes)
[    1.713712] iommu: Adding device Fixed MDIO bus.0 to group 61
[    1.719875] libphy: Fixed MDIO Bus: probed
[    1.724582] CAN device driver interface
[    1.728970] bgmac_bcma: Broadcom 47xx GBit MAC driver loaded
[    1.735389] e1000e: Intel(R) PRO/1000 Network Driver - 3.2.6-k
[    1.741205] e1000e: Copyright(c) 1999 - 2015 Intel Corporation.
[    1.747157] igb: Intel(R) Gigabit Ethernet Network Driver - version 5.4.0-k
[    1.754108] igb: Copyright (c) 2007-2014 Intel Corporation.
[    1.761855] pegasus: v0.9.3 (2013/04/25), Pegasus/Pegasus II USB Ethernet driver
[    1.769296] usbcore: registered new interface driver pegasus
[    1.774977] usbcore: registered new interface driver asix
[    1.780381] usbcore: registered new interface driver ax88179_178a
[    1.786486] usbcore: registered new interface driver cdc_ether
[    1.792324] usbcore: registered new interface driver smsc75xx
[    1.798086] usbcore: registered new interface driver smsc95xx
[    1.803842] usbcore: registered new interface driver net1080
[    1.809503] usbcore: registered new interface driver cdc_subset
[    1.815434] usbcore: registered new interface driver zaurus
[    1.821021] usbcore: registered new interface driver cdc_ncm
[    1.826863] tegra-phy 7d000000.usb-phy: no vbus regulator
[    1.834668] ehci_hcd: USB 2.0 'Enhanced' Host Controller (EHCI) Driver
[    1.841179] ehci-pci: EHCI PCI platform driver
[    1.845644] ehci-platform: EHCI generic platform driver
[    1.850979] ehci-orion: EHCI orion driver
[    1.855077] SPEAr-ehci: EHCI SPEAr driver
[    1.859156] ehci-st: EHCI STMicroelectronics driver
[    1.864110] ehci-exynos: EHCI EXYNOS driver
[    1.868368] ehci-atmel: EHCI Atmel driver
[    1.872436] tegra-ehci: Tegra EHCI driver
[    1.876743] ohci_hcd: USB 1.1 'Open' Host Controller (OHCI) Driver
[    1.882915] ohci-pci: OHCI PCI platform driver
[    1.887385] ohci-platform: OHCI generic platform driver
[    1.892710] SPEAr-ohci: OHCI SPEAr driver
[    1.896796] ohci-st: OHCI STMicroelectronics driver
[    1.901740] ohci-atmel: OHCI Atmel driver
[    1.906200] usbcore: registered new interface driver usb-storage
[    1.915735] iommu: Adding device ci_hdrc.0 to group 62
[    1.926390] tegra_rtc 7000e000.rtc: rtc core: registered 7000e000.rtc as rtc1
[    1.933543] tegra_rtc 7000e000.rtc: Tegra internal Real Time Clock
[    1.952314] tps65910-rtc tps65910-rtc: rtc core: registered tps65910-rtc as rtc0
[    1.959906] i2c /dev entries driver
[    1.971732] sdhci: Secure Digital Host Controller Interface driver
[    1.977918] sdhci: Copyright(c) Pierre Ossman
[    1.983261] Synopsys Designware Multimedia Card Interface Driver
[    1.990126] sdhci-pltfm: SDHCI platform and OF driver helper
[    1.996321] sdhci-tegra 78000000.sdhci: Got CD GPIO
[    2.001195] sdhci-tegra 78000000.sdhci: Got WP GPIO
[    2.014359] mmc0: Invalid maximum block size, assuming 512 bytes
[    2.083746] mmc0: SDHCI controller on 78000000.sdhci [78000000.sdhci] using ADMA
[    2.100140] mmc1: Invalid maximum block size, assuming 512 bytes
[    2.163653] mmc1: SDHCI controller on 78000600.sdhci [78000600.sdhci] using ADMA
[    2.172542] ledtrig-cpu: registered to indicate activity on CPUs
[    2.178831] usbcore: registered new interface driver usbhid
[    2.184401] usbhid: USB HID core driver
[    2.190788] NET: Registered protocol family 10
[    2.195926] Segment Routing with IPv6
[    2.199623] sit: IPv6, IPv4 and MPLS over IPv4 tunneling driver
[    2.205939] NET: Registered protocol family 17
[    2.210377] can: controller area network core (rev 20170425 abi 9)
[    2.216605] NET: Registered protocol family 29
[    2.221037] can: raw protocol (rev 20170425)
[    2.225313] can: broadcast manager protocol (rev 20170425 t)
[    2.230961] can: netlink gateway (rev 20170425) max_hops=1
[    2.236709] Key type dns_resolver registered
[    2.241337] ThumbEE CPU extension supported.
[    2.245619] Registering SWP/SWPB emulation handler
[    2.250794] Loading compiled-in X.509 certificates
[    2.266211] vdd_ddr: supplied by vdd_5v_in
[    2.271141] vdd_5v_sata: supplied by vdd_5v_in
[    2.275933] usb1_vbus: supplied by vdd_5v_in
[    2.280511] usb3_vbus: supplied by vdd_5v_in
[    2.286031] sys_3v3,vdd_3v3_alw: supplied by vdd_5v_in
[    2.291954] sys_3v3_pexs: supplied by sys_3v3,vdd_3v3_alw
[    2.297351] mmc1: new high speed MMC card at address 0001
[    2.298122] mmcblk1: mmc1:0001 SEM16G 14.8 GiB 
[    2.298606] mmcblk1boot0: mmc1:0001 SEM16G partition 1 1.00 MiB
[    2.299087] mmcblk1boot1: mmc1:0001 SEM16G partition 2 1.00 MiB
[    2.301083] mmc0: new ultra high speed DDR50 SDHC card at address aaaa
[    2.301290] mmcblk0: mmc0:aaaa SS04G 3.69 GiB 
[    2.307817] mmcblk1rpmb: mmc1:0001 SEM16G partition 3 128 KiB, chardev (237:0)
[    2.311472] Primary GPT is invalid, using alternate GPT.
[    2.311490]  mmcblk1: p1 p2 p3 p4 p5
[    2.329282]  mmcblk0: p1 p2 p3
[    2.349387] +VDD_5V_HDMI: supplied by sys_3v3,vdd_3v3_alw
[    2.355577] tegra-pcie 3000.pcie: 2x3 configuration
[    2.363708] tegra-pcie 3000.pcie: probing port 0, using 2 lanes
[    2.427891] tegra-pcie 3000.pcie: probing port 2, using 2 lanes
[    2.837642] tegra-pcie 3000.pcie: link 2 down, retrying
[    3.246667] tegra-pcie 3000.pcie: link 2 down, retrying
[    3.655707] tegra-pcie 3000.pcie: link 2 down, retrying
[    3.662929] tegra-pcie 3000.pcie: link 2 down, ignoring
[    3.668262] tegra-pcie 3000.pcie: PCI host bridge to bus 0000:00
[    3.674271] pci_bus 0000:00: root bus resource [io  0x0000-0xffff]
[    3.680435] pci_bus 0000:00: root bus resource [mem 0x20000000-0x27ffffff]
[    3.687309] pci_bus 0000:00: root bus resource [mem 0x28000000-0x3fffffff pref]
[    3.694611] pci_bus 0000:00: root bus resource [bus 00-ff]
[    3.700107] pci 0000:00:01.0: [10de:0e1c] type 01 class 0x060400
[    3.706122] pci_bus 0000:00: 2-byte config write to 0000:00:01.0 offset 0x4 may corrupt adjacent RW1C bits
[    3.715765] pci_bus 0000:00: 2-byte config write to 0000:00:01.0 offset 0x4 may corrupt adjacent RW1C bits
[    3.725417] pci 0000:00:01.0: enabling Extended Tags
[    3.730370] pci_bus 0000:00: 2-byte config write to 0000:00:01.0 offset 0x88 may corrupt adjacent RW1C bits
[    3.740117] pci_bus 0000:00: 2-byte config write to 0000:00:01.0 offset 0x52 may corrupt adjacent RW1C bits
[    3.749861] pci 0000:00:01.0: PME# supported from D0 D1 D2 D3hot D3cold
[    3.756470] pci_bus 0000:00: 2-byte config write to 0000:00:01.0 offset 0x4c may corrupt adjacent RW1C bits
[    3.766331] pci_bus 0000:00: 2-byte config write to 0000:00:01.0 offset 0x3e may corrupt adjacent RW1C bits
[    3.776065] pci_bus 0000:00: 2-byte config write to 0000:00:01.0 offset 0x4 may corrupt adjacent RW1C bits
[    3.785706] pci_bus 0000:00: 1-byte config write to 0000:00:01.0 offset 0xc may corrupt adjacent RW1C bits
[    3.795345] PCI: bus0: Fast back to back transfers disabled
[    3.800905] pci 0000:00:01.0: bridge configuration invalid ([bus 00-00]), reconfiguring
[    3.808899] pci_bus 0000:00: 2-byte config write to 0000:00:01.0 offset 0x3e may corrupt adjacent RW1C bits
[    3.818627] pci_bus 0000:00: 2-byte config write to 0000:00:01.0 offset 0x3e may corrupt adjacent RW1C bits
[    3.828428] pci 0000:01:00.0: [10ec:8168] type 00 class 0x020000
[    3.834450] pci 0000:01:00.0: reg 0x10: [io  0x0000-0x00ff]
[    3.840023] pci 0000:01:00.0: reg 0x18: [mem 0x00000000-0x00000fff 64bit pref]
[    3.847247] pci 0000:01:00.0: reg 0x20: [mem 0x00000000-0x00003fff 64bit pref]
[    3.854560] PCI: bus1: Fast back to back transfers disabled
[    3.860122] pci_bus 0000:01: busn_res: [bus 01-ff] end is updated to 01
[    3.866758] pci 0000:00:01.0: BAR 9: assigned [mem 0x28000000-0x280fffff 64bit pref]
[    3.874493] pci 0000:00:01.0: BAR 7: assigned [io  0x1000-0x1fff]
[    3.880574] pci 0000:01:00.0: BAR 4: assigned [mem 0x28000000-0x28003fff 64bit pref]
[    3.888318] pci 0000:01:00.0: BAR 2: assigned [mem 0x28004000-0x28004fff 64bit pref]
[    3.896060] pci 0000:01:00.0: BAR 0: assigned [io  0x1000-0x10ff]
[    3.902141] pci 0000:00:01.0: PCI bridge to [bus 01]
[    3.907100] pci 0000:00:01.0:   bridge window [io  0x1000-0x1fff]
[    3.913180] pci 0000:00:01.0:   bridge window [mem 0x28000000-0x280fffff 64bit pref]
[    3.920930] pci 0000:00:01.0: nv_msi_ht_cap_quirk didn't locate host bridge
[    3.927981] pcieport 0000:00:01.0: enabling device (0140 -> 0143)
[    3.934273] pcieport 0000:00:01.0: Signaling PME with IRQ 375
[    3.940257] r8169 Gigabit Ethernet driver 2.3LK-NAPI loaded
[    3.945850] r8169 0000:01:00.0: enabling device (0140 -> 0143)
[    3.951692] r8169 0000:01:00.0 (unnamed net_device) (uninitialized): not PCI Express
[    3.960304] r8169 0000:01:00.0 eth0: RTL8168evl/8111evl at 0x8cf35031, 02:04:4b:01:60:a6, XID 0c900800 IRQ 18
[    3.970220] r8169 0000:01:00.0 eth0: jumbo features [frames: 9200 bytes, tx checksumming: ko]
[    3.982875] [drm] Supports vblank timestamp caching Rev 2 (21.10.2013).
[    3.989492] [drm] No driver support for vblank timestamp query.
[    3.995448] [drm] Cannot find any crtc or sizes
[    4.000035] [drm] Initialized tegra 0.0.0 20120330 for drm on minor 0
[    4.009348] tegra-ehci 7d004000.usb: EHCI Host Controller
[    4.014769] tegra-ehci 7d004000.usb: new USB bus registered, assigned bus number 1
[    4.022520] tegra-ehci 7d004000.usb: irq 344, io mem 0x7d004000
[    4.028488] [drm] Cannot find any crtc or sizes
[    4.054029] tegra-ehci 7d004000.usb: USB 2.0 started, EHCI 1.00
[    4.061234] hub 1-0:1.0: USB hub found
[    4.065013] hub 1-0:1.0: 1 port detected
[    4.070153] tegra-ehci 7d008000.usb: EHCI Host Controller
[    4.075565] tegra-ehci 7d008000.usb: new USB bus registered, assigned bus number 2
[    4.083310] tegra-ehci 7d008000.usb: irq 345, io mem 0x7d008000
[    4.114024] tegra-ehci 7d008000.usb: USB 2.0 started, EHCI 1.00
[    4.121132] hub 2-0:1.0: USB hub found
[    4.124904] hub 2-0:1.0: 1 port detected
[    4.135234] tps65910-rtc tps65910-rtc: setting system clock to 2000-01-01 00:00:02 UTC (946684802)
[    4.144748] vdd_sata,avdd_plle: disabling
[    4.149491] usb1_vbus: disabling
[    4.154282] EXT4-fs (mmcblk1p1): mounting ext3 file system using the ext4 subsystem
[    4.169269] EXT4-fs (mmcblk1p1): warning: mounting fs with errors, running e2fsck is recommended
[    4.179508] EXT4-fs (mmcblk1p1): recovery complete
[    4.184314] EXT4-fs (mmcblk1p1): mounted filesystem with ordered data mode. Opts: (null)
[    4.192416] VFS: Mounted root (ext3 filesystem) on device 179:1.
[    4.201818] devtmpfs: mounted
[    4.207371] Freeing unused kernel memory: 2048K
bash: cannot set terminal process group (-1): Inappropriate ioctl for device
bash: no job control in this shell
root@(none):/# [    4.494043] usb 2-1: new high-speed USB device number 2 using tegra-ehci
[    5.184275] asix 2-1:1.0 eth1: register 'asix' at usb-7d008000.usb-1, ASIX AX88772 USB 2.0 Ethernet, 00:50:b6:0f:67:60
mount -t sysfs none /sys
root@(none):/# 
root@(none):/# mount -t debugfs none /sys/kernel/debug
root@(none):/# 
root@(none):/# rtcwake -d rtc1 -m mem -s 3
rtcwake: wakeup from "mem" using /dev/rtc1 at Thu Jan  1 00:00:22 1970
[    7.451004] PM: suspend entry (deep)
[    7.454602] PM: Syncing filesystems ... done.
[    7.461006] Freezing user space processes ... (elapsed 0.001 seconds) done.
[    7.469074] OOM killer disabled.
[    7.472291] Freezing remaining freezable tasks ... (elapsed 0.001 seconds) done.
[    7.480807] Suspending console(s) (use no_console_suspend to debug)
[    7.558311] Disabling non-boot CPUs ...
[    7.713783] IRQ17 no longer affine to CPU3
[    7.714283] Entering suspend state LP1
[    7.714295] Enabling non-boot CPUs ...
[    7.714945] CPU1 is up
[    7.715552] CPU2 is up
[    7.716233] CPU3 is up
[    7.717262] pcieport 0000:00:01.0: nv_msi_ht_cap_quirk didn't locate host bridge
[    8.319236] OOM killer enabled.
[    8.322368] Restarting tasks ... done.
[    8.326434] PM: suspend exit
root@(none):/# 
root@(none):/# rtcwake -d rtc1 -m mem -s 3
rtcwake: wakeup from "mem" using /dev/rtc1 at Thu Jan  1 00:00:27 1970
[    9.479139] PM: suspend entry (deep)
[    9.482711] PM: Syncing filesystems ... done.
[    9.488481] Freezing user space processes ... (elapsed 0.001 seconds) done.
[    9.496550] OOM killer disabled.
[    9.499766] Freezing remaining freezable tasks ... (elapsed 0.001 seconds) done.
[    9.508276] Suspending console(s) (use no_console_suspend to debug)
[    9.554542] pci_generic_config_write32: 32 callbacks suppressed
[    9.554555] pci_bus 0000:00: 2-byte config write to 0000:00:01.0 offset 0x9c may corrupt adjacent RW1C bits
[    9.599614] Disabling non-boot CPUs ...
[    9.693785] IRQ17 no longer affine to CPU2
[    9.754145] Entering suspend state LP1
[    9.754159] Enabling non-boot CPUs ...
[    9.755001] CPU1 is up
[    9.755765] CPU2 is up
[    9.756598] CPU3 is up
[    9.757825] pci_bus 0000:00: 2-byte config write to 0000:00:01.0 offset 0x4c may corrupt adjacent RW1C bits
[    9.757838] pci_bus 0000:00: 2-byte config write to 0000:00:01.0 offset 0x88 may corrupt adjacent RW1C bits
[    9.757844] pci_bus 0000:00: 2-byte config write to 0000:00:01.0 offset 0x90 may corrupt adjacent RW1C bits
[    9.757849] pci_bus 0000:00: 2-byte config write to 0000:00:01.0 offset 0x98 may corrupt adjacent RW1C bits
[    9.757854] pci_bus 0000:00: 2-byte config write to 0000:00:01.0 offset 0x9c may corrupt adjacent RW1C bits
[    9.757875] pci_bus 0000:00: 2-byte config write to 0000:00:01.0 offset 0x52 may corrupt adjacent RW1C bits
[    9.757883] pci_bus 0000:00: 2-byte config write to 0000:00:01.0 offset 0x52 may corrupt adjacent RW1C bits
[    9.757890] pci_bus 0000:00: 2-byte config write to 0000:00:01.0 offset 0x5c may corrupt adjacent RW1C bits
[    9.757897] pci_bus 0000:00: 2-byte config write to 0000:00:01.0 offset 0x52 may corrupt adjacent RW1C bits
[    9.757922] pcieport 0000:00:01.0: nv_msi_ht_cap_quirk didn't locate host bridge
[   10.482298] OOM killer enabled.
[   10.485442] Restarting tasks ... done.
[   10.489590] PM: suspend exit
root@(none):/# 
root@(none):/# rtcwake -d rtc1 -m mem -s 3
rtcwake: wakeup from "mem" using /dev/rtc1 at Thu Jan  1 00:00:32 1970
[   11.523418] PM: suspend entry (deep)
[   11.527022] PM: Syncing filesystems ... done.
[   11.533177] Freezing user space processes ... (elapsed 0.001 seconds) done.
[   11.541265] OOM killer disabled.
[   11.544499] Freezing remaining freezable tasks ... (elapsed 0.001 seconds) done.
[   11.553028] Suspending console(s) (use no_console_suspend to debug)
[   11.640500] Disabling non-boot CPUs ...
[   11.713799] IRQ17 no longer affine to CPU2
[   11.774261] Entering suspend state LP1
[   11.774276] Enabling non-boot CPUs ...
[   11.775114] CPU1 is up
[   11.775882] CPU2 is up
[   11.776692] CPU3 is up
[   11.777925] pcieport 0000:00:01.0: nv_msi_ht_cap_quirk didn't locate host bridge
[   12.399124] OOM killer enabled.
[   12.402254] Restarting tasks ... done.
[   12.406407] PM: suspend exit
root@(none):/# 
root@(none):/# rtcwake -d rtc1 -m mem -s 3
rtcwake: wakeup from "mem" using /dev/rtc1 at Thu Jan  1 00:00:37 1970
[   13.543402] PM: suspend entry (deep)
[   13.547007] PM: Syncing filesystems ... done.
[   13.553153] Freezing user space processes ... (elapsed 0.001 seconds) done.
[   13.561244] OOM killer disabled.
[   13.564480] Freezing remaining freezable tasks ... (elapsed 0.001 seconds) done.
[   13.573010] Suspending console(s) (use no_console_suspend to debug)
[   13.659963] Disabling non-boot CPUs ...
[   13.733771] IRQ17 no longer affine to CPU2
[   13.794190] Entering suspend state LP1
[   13.794206] Enabling non-boot CPUs ...
[   13.795048] CPU1 is up
[   13.795806] CPU2 is up
[   13.796632] CPU3 is up
[   13.797860] pcieport 0000:00:01.0: nv_msi_ht_cap_quirk didn't locate host bridge
[   14.419118] OOM killer enabled.
[   14.422246] Restarting tasks ... done.
[   14.426405] PM: suspend exit
root@(none):/# 
root@(none):/# rtcwake -d rtc1 -m mem -s 3
rtcwake: wakeup from "mem" using /dev/rtc1 at Thu Jan  1 00:00:42 1970
[   15.563371] PM: suspend entry (deep)
[   15.566978] PM: Syncing filesystems ... done.
[   15.573127] Freezing user space processes ... (elapsed 0.001 seconds) done.
[   15.581219] OOM killer disabled.
[   15.584452] Freezing remaining freezable tasks ... (elapsed 0.001 seconds) done.
[   15.592978] Suspending console(s) (use no_console_suspend to debug)
[   15.634759] pci_generic_config_write32: 26 callbacks suppressed
[   15.634775] pci_bus 0000:00: 2-byte config write to 0000:00:01.0 offset 0x9c may corrupt adjacent RW1C bits
[   15.679954] Disabling non-boot CPUs ...
[   15.753746] IRQ17 no longer affine to CPU2
[   15.814170] Entering suspend state LP1
[   15.814184] Enabling non-boot CPUs ...
[   15.815019] CPU1 is up
[   15.815792] CPU2 is up
[   15.816612] CPU3 is up
[   15.817803] pci_bus 0000:00: 2-byte config write to 0000:00:01.0 offset 0x4c may corrupt adjacent RW1C bits
[   15.817816] pci_bus 0000:00: 2-byte config write to 0000:00:01.0 offset 0x88 may corrupt adjacent RW1C bits
[   15.817823] pci_bus 0000:00: 2-byte config write to 0000:00:01.0 offset 0x90 may corrupt adjacent RW1C bits
[   15.817828] pci_bus 0000:00: 2-byte config write to 0000:00:01.0 offset 0x98 may corrupt adjacent RW1C bits
[   15.817834] pci_bus 0000:00: 2-byte config write to 0000:00:01.0 offset 0x9c may corrupt adjacent RW1C bits
[   15.817854] pci_bus 0000:00: 2-byte config write to 0000:00:01.0 offset 0x52 may corrupt adjacent RW1C bits
[   15.817863] pci_bus 0000:00: 2-byte config write to 0000:00:01.0 offset 0x52 may corrupt adjacent RW1C bits
[   15.817870] pci_bus 0000:00: 2-byte config write to 0000:00:01.0 offset 0x5c may corrupt adjacent RW1C bits
[   15.817875] pci_bus 0000:00: 2-byte config write to 0000:00:01.0 offset 0x52 may corrupt adjacent RW1C bits
[   15.817899] pcieport 0000:00:01.0: nv_msi_ht_cap_quirk didn't locate host bridge
[   16.542663] OOM killer enabled.
[   16.545803] Restarting tasks ... done.
[   16.549938] PM: suspend exit
root@(none):/# 
root@(none):/# rtcwake -d rtc1 -m mem -s 3
rtcwake: wakeup from "mem" using /dev/rtc1 at Thu Jan  1 00:00:47 1970
[   17.595454] PM: suspend entry (deep)
[   17.599029] PM: Syncing filesystems ... done.
[   17.605204] Freezing user space processes ... (elapsed 0.001 seconds) done.
[   17.613294] OOM killer disabled.
[   17.616531] Freezing remaining freezable tasks ... (elapsed 0.001 seconds) done.
[   17.625075] Suspending console(s) (use no_console_suspend to debug)
[   17.709944] Disabling non-boot CPUs ...
[   17.783716] IRQ17 no longer affine to CPU2
[   17.844163] Entering suspend state LP1
[   17.844176] Enabling non-boot CPUs ...
[   17.845015] CPU1 is up
[   17.845783] CPU2 is up
[   17.846603] CPU3 is up
[   17.847835] pcieport 0000:00:01.0: nv_msi_ht_cap_quirk didn't locate host bridge
[   18.468962] OOM killer enabled.
[   18.472092] Restarting tasks ... done.
[   18.476245] PM: suspend exit
root@(none):/# 
root@(none):/# rtcwake -d rtc1 -m mem -s 3
rtcwake: wakeup from "mem" using /dev/rtc1 at Thu Jan  1 00:00:52 1970
[   19.613887] PM: suspend entry (deep)
[   19.617466] PM: Syncing filesystems ... done.
[   19.623646] Freezing user space processes ... (elapsed 0.001 seconds) done.
[   19.631742] OOM killer disabled.
[   19.634975] Freezing remaining freezable tasks ... (elapsed 0.001 seconds) done.
[   19.643513] Suspending console(s) (use no_console_suspend to debug)
[   19.730432] Disabling non-boot CPUs ...
[   19.803695] IRQ17 no longer affine to CPU2
[   19.864113] Entering suspend state LP1
[   19.864127] Enabling non-boot CPUs ...
[   19.864962] CPU1 is up
[   19.865731] CPU2 is up
[   19.866552] CPU3 is up
[   19.867782] pcieport 0000:00:01.0: nv_msi_ht_cap_quirk didn't locate host bridge
[   20.489018] OOM killer enabled.
[   20.492147] Restarting tasks ... done.
[   20.496301] PM: suspend exit
root@(none):/# 
root@(none):/# rtcwake -d rtc1 -m mem -s 3
rtcwake: wakeup from "mem" using /dev/rtc1 at Thu Jan  1 00:00:57 1970
[   21.633990] PM: suspend entry (deep)
[   21.637568] PM: Syncing filesystems ... done.
[   21.643776] Freezing user space processes ... (elapsed 0.001 seconds) done.
[   21.651866] OOM killer disabled.
[   21.655099] Freezing remaining freezable tasks ... (elapsed 0.001 seconds) done.
[   21.663640] Suspending console(s) (use no_console_suspend to debug)
[   21.704690] pci_generic_config_write32: 26 callbacks suppressed
[   21.704706] pci_bus 0000:00: 2-byte config write to 0000:00:01.0 offset 0x9c may corrupt adjacent RW1C bits
[   21.749787] Disabling non-boot CPUs ...
[   21.833669] IRQ17 no longer affine to CPU2
[   21.894089] Entering suspend state LP1
[   21.894104] Enabling non-boot CPUs ...
[   21.894943] CPU1 is up
[   21.895709] CPU2 is up
[   21.896521] CPU3 is up
[   21.897721] pci_bus 0000:00: 2-byte config write to 0000:00:01.0 offset 0x4c may corrupt adjacent RW1C bits
[   21.897734] pci_bus 0000:00: 2-byte config write to 0000:00:01.0 offset 0x88 may corrupt adjacent RW1C bits
[   21.897739] pci_bus 0000:00: 2-byte config write to 0000:00:01.0 offset 0x90 may corrupt adjacent RW1C bits
[   21.897744] pci_bus 0000:00: 2-byte config write to 0000:00:01.0 offset 0x98 may corrupt adjacent RW1C bits
[   21.897750] pci_bus 0000:00: 2-byte config write to 0000:00:01.0 offset 0x9c may corrupt adjacent RW1C bits
[   21.897767] pci_bus 0000:00: 2-byte config write to 0000:00:01.0 offset 0x52 may corrupt adjacent RW1C bits
[   21.897774] pci_bus 0000:00: 2-byte config write to 0000:00:01.0 offset 0x52 may corrupt adjacent RW1C bits
[   21.897781] pci_bus 0000:00: 2-byte config write to 0000:00:01.0 offset 0x5c may corrupt adjacent RW1C bits
[   21.897789] pci_bus 0000:00: 2-byte config write to 0000:00:01.0 offset 0x52 may corrupt adjacent RW1C bits
[   21.897810] pcieport 0000:00:01.0: nv_msi_ht_cap_quirk didn't locate host bridge
[   22.622576] OOM killer enabled.
[   22.625714] Restarting tasks ... done.
[   22.629866] PM: suspend exit
root@(none):/# 
root@(none):/# rtcwake -d rtc1 -m mem -s 3
rtcwake: wakeup from "mem" using /dev/rtc1 at Thu Jan  1 00:01:02 1970
[   23.663783] PM: suspend entry (deep)
[   23.667362] PM: Syncing filesystems ... done.
[   23.673563] Freezing user space processes ... (elapsed 0.001 seconds) done.
[   23.681657] OOM killer disabled.
[   23.684888] Freezing remaining freezable tasks ... (elapsed 0.001 seconds) done.
[   23.693416] Suspending console(s) (use no_console_suspend to debug)
[   23.780401] Disabling non-boot CPUs ...
[   23.853654] IRQ17 no longer affine to CPU2
[   23.914106] Entering suspend state LP1
[   23.914121] Enabling non-boot CPUs ...
[   23.914964] CPU1 is up
[   23.915746] CPU2 is up
[   23.916571] CPU3 is up
[   23.917804] pcieport 0000:00:01.0: nv_msi_ht_cap_quirk didn't locate host bridge
[   24.539512] OOM killer enabled.
[   24.542640] Restarting tasks ... done.
[   24.546794] PM: suspend exit
root@(none):/# 
root@(none):/# rtcwake -d rtc1 -m mem -s 3
rtcwake: wakeup from "mem" using /dev/rtc1 at Thu Jan  1 00:01:07 1970
[   25.683909] PM: suspend entry (deep)
[   25.687489] PM: Syncing filesystems ... done.
[   25.693696] Freezing user space processes ... (elapsed 0.001 seconds) done.
[   25.701787] OOM killer disabled.
[   25.705019] Freezing remaining freezable tasks ... (elapsed 0.001 seconds) done.
[   25.713551] Suspending console(s) (use no_console_suspend to debug)
[   25.800331] Disabling non-boot CPUs ...
[   25.873630] IRQ17 no longer affine to CPU2
[   25.934043] Entering suspend state LP1
[   25.934058] Enabling non-boot CPUs ...
[   25.934896] CPU1 is up
[   25.935658] CPU2 is up
[   25.936482] CPU3 is up
[   25.937701] pcieport 0000:00:01.0: nv_msi_ht_cap_quirk didn't locate host bridge
[   26.569402] OOM killer enabled.
[   26.572530] Restarting tasks ... done.
[   26.576685] PM: suspend exit
root@(none):/# 
root@(none):/# NVTB SYSTEM SUSPEND TEST COMPLETE
