
U-Boot SPL 2014.01-00219-gc4d376f (Feb 18 2014 - 19:57:18)


U-Boot 2014.01-00219-gc4d376f (Feb 18 2014 - 19:57:18)

TEGRA30
Board: NVIDIA Beaver
I2C:   ready
DRAM:  2 GiB
MMC:   Tegra SD/MMC: 0, Tegra SD/MMC: 1
In:    serial
Out:   serial
Err:   serial
Net:   Net Initialization Skipped
No ethernet found.
Hit any key to stop autoboot:  2  0 
Tegra30 (Beaver) # 
Tegra30 (Beaver) # usb reset
(Re)start USB...
USB0:   USB EHCI 1.00
scanning bus 0 for devices... 2 USB Device(s) found
       scanning usb for storage devices... 0 Storage Device(s) found
       scanning usb for ethernet devices... 
Warning: asx0 using MAC address from net device
1 Ethernet Device(s) found
Tegra30 (Beaver) # setenv bootargs 'ignore_loglevel console=ttyS0,115200n8 rw root=PARTUUID=edbe1840-3633-c751-7993-b0ac834f81e0 rootwait gpt debug noinitrd earlyprintk init=/bin/bash'
Tegra30 (Beaver) # setenv ipaddr 192.168.100.101; setenv serverip 192.168.100.1; setenv tftpserverip 192.168.100.1
Tegra30 (Beaver) # tftpboot 0x81000000 zImage.tegra_defconfig
Using asx0 device
TFTP from server 192.168.100.1; our IP address is 192.168.100.101
Filename 'zImage.tegra_defconfig'.
Load address: 0x81000000
Loading: *#################################################################
	 #################################################################
	 #################################################################
	 #################################################################
	 #################################################################
	 #################################################################
	 ###############################
	 2.9 MiB/s
done
Bytes transferred = 6168192 (5e1e80 hex)
Tegra30 (Beaver) # tftpboot 0x82000000 tegra30-beaver.dtb
Using asx0 device
TFTP from server 192.168.100.1; our IP address is 192.168.100.101
Filename 'tegra30-beaver.dtb'.
Load address: 0x82000000
Loading: *####
	 2.7 MiB/s
done
Bytes transferred = 51470 (c90e hex)
Tegra30 (Beaver) # bootz 0x81000000 - 0x82000000
Kernel image @ 0x81000000 [ 0x000000 - 0x5e1e80 ]
## Flattened Device Tree blob at 82000000
   Booting using the fdt blob at 0x82000000
   Loading Device Tree to 8fff0000, end 8ffff90d ... OK

Starting kernel ...

[    0.000000] Booting Linux on physical CPU 0x0
[    0.000000] Linux version 4.15.0-rc8-15855-ga8750dd (jonathanh@kaivo) (gcc version 4.7.3 20130328 (prerelease) (crosstool-NG linaro-1.13.1-4.7-2013.04-20130415 - Linaro GCC 2013.04)) #1 SMP PREEMPT Sun Jan 14 16:32:59 PST 2018
[    0.000000] CPU: ARMv7 Processor [412fc099] revision 9 (ARMv7), cr=10c5387d
[    0.000000] CPU: PIPT / VIPT nonaliasing data cache, VIPT aliasing instruction cache
[    0.000000] OF: fdt: Machine model: NVIDIA Tegra30 Beaver evaluation board
[    0.000000] debug: ignoring loglevel setting.
[    0.000000] bootconsole [earlycon0] enabled
[    0.000000] Memory policy: Data cache writealloc
[    0.000000] cma: Reserved 64 MiB at 0xfbc00000
[    0.000000] On node 0 totalpages: 524032
[    0.000000]   Normal zone: 1536 pages used for memmap
[    0.000000]   Normal zone: 0 pages reserved
[    0.000000]   Normal zone: 196608 pages, LIFO batch:31
[    0.000000]   HighMem zone: 327424 pages, LIFO batch:31
[    0.000000] random: fast init done
[    0.000000] percpu: Embedded 17 pages/cpu @(ptrval) s39168 r8192 d22272 u69632
[    0.000000] pcpu-alloc: s39168 r8192 d22272 u69632 alloc=17*4096
[    0.000000] pcpu-alloc: [0] 0 [0] 1 [0] 2 [0] 3 
[    0.000000] Built 1 zonelists, mobility grouping on.  Total pages: 522496
[    0.000000] Kernel command line: ignore_loglevel console=ttyS0,115200n8 rw root=PARTUUID=edbe1840-3633-c751-7993-b0ac834f81e0 rootwait gpt debug noinitrd earlyprintk init=/bin/bash
[    0.000000] Dentry cache hash table entries: 131072 (order: 7, 524288 bytes)
[    0.000000] Inode-cache hash table entries: 65536 (order: 6, 262144 bytes)
[    0.000000] Memory: 1998528K/2096128K available (9216K kernel code, 778K rwdata, 2560K rodata, 1024K init, 299K bss, 32064K reserved, 65536K cma-reserved, 1244160K highmem)
[    0.000000] Virtual kernel memory layout:
[    0.000000]     vector  : 0xffff0000 - 0xffff1000   (   4 kB)
[    0.000000]     fixmap  : 0xffc00000 - 0xfff00000   (3072 kB)
[    0.000000]     vmalloc : 0xf0800000 - 0xff800000   ( 240 MB)
[    0.000000]     lowmem  : 0xc0000000 - 0xf0000000   ( 768 MB)
[    0.000000]     pkmap   : 0xbfe00000 - 0xc0000000   (   2 MB)
[    0.000000]     modules : 0xbf000000 - 0xbfe00000   (  14 MB)
[    0.000000]       .text : 0x(ptrval) - 0x(ptrval)   (10208 kB)
[    0.000000]       .init : 0x(ptrval) - 0x(ptrval)   (1024 kB)
[    0.000000]       .data : 0x(ptrval) - 0x(ptrval)   ( 779 kB)
[    0.000000]        .bss : 0x(ptrval) - 0x(ptrval)   ( 300 kB)
[    0.000000] Preemptible hierarchical RCU implementation.
[    0.000000] 	Tasks RCU enabled.
[    0.000000] NR_IRQS: 16, nr_irqs: 16, preallocated irqs: 16
[    0.000000] /interrupt-controller@60004000: 160 interrupts forwarded to /interrupt-controller@50041000
[    0.000000] L2C: platform modifies aux control register: 0x02080000 -> 0x3e480001
[    0.000000] L2C: DT/platform modifies aux control register: 0x02080000 -> 0x3e480001
[    0.000000] L2C-310 erratum 769419 enabled
[    0.000000] L2C-310 enabling early BRESP for Cortex-A9
[    0.000000] L2C-310: enabling full line of zeros but not enabled in Cortex-A9
[    0.000000] L2C-310 dynamic clock gating enabled, standby mode enabled
[    0.000000] L2C-310 cache controller enabled, 8 ways, 1024 kB
[    0.000000] L2C-310: CACHE_ID 0x410000c7, AUX_CTRL 0x4e480001
[    0.000013] sched_clock: 32 bits at 1000kHz, resolution 1000ns, wraps every 2147483647500ns
[    0.006451] clocksource: timer_us: mask: 0xffffffff max_cycles: 0xffffffff, max_idle_ns: 1911260446275 ns
[    0.015979] Switching to timer-based delay loop, resolution 1000ns
[    0.022981] Console: colour dummy device 80x30
[    0.026567] Calibrating delay loop (skipped), value calculated using timer frequency.. 2.00 BogoMIPS (lpj=10000)
[    0.036699] pid_max: default: 32768 minimum: 301
[    0.041641] Mount-cache hash table entries: 2048 (order: 1, 8192 bytes)
[    0.047874] Mountpoint-cache hash table entries: 2048 (order: 1, 8192 bytes)
[    0.055606] CPU: Testing write buffer coherency: ok
[    0.060104] CPU0: thread -1, cpu 0, socket 0, mpidr 80000000
[    0.100014] Setting up static identity map for 0x80100000 - 0x801000a0
[    0.104724] Hierarchical SRCU implementation.
[    0.120415] Tegra Revision: A03 SKU: 128 CPU Process: 4 SoC Process: 0
[    0.139972] smp: Bringing up secondary CPUs ...
[    0.200394] CPU1: thread -1, cpu 1, socket 0, mpidr 80000001
[    0.280383] CPU2: thread -1, cpu 2, socket 0, mpidr 80000002
[    0.360382] CPU3: thread -1, cpu 3, socket 0, mpidr 80000003
[    0.360442] smp: Brought up 1 node, 4 CPUs
[    0.379524] SMP: Total of 4 processors activated (8.00 BogoMIPS).
[    0.385598] CPU: All CPU(s) started in SVC mode.
[    0.391287] devtmpfs: initialized
[    0.404006] VFP support v0.3: implementor 41 architecture 3 part 30 variant 9 rev 4
[    0.410185] clocksource: jiffies: mask: 0xffffffff max_cycles: 0xffffffff, max_idle_ns: 19112604462750000 ns
[    0.419563] futex hash table entries: 1024 (order: 4, 65536 bytes)
[    0.428930] pinctrl core: initialized pinctrl subsystem
[    0.433512] NET: Registered protocol family 16
[    0.438856] DMA: preallocated 256 KiB pool for atomic coherent allocations
[    0.444841] cpuidle: using governor menu
[    0.461726] No ATAGs?
[    0.461843] hw-breakpoint: found 5 (+1 reserved) breakpoint and 1 watchpoint registers.
[    0.470196] hw-breakpoint: maximum watchpoint size is 4 bytes.
[    0.477512] tegra-mc 7000f000.memory-controller: no memory timings for RAM code 3 registered
[    0.484561] iommu: Adding device reg-dummy to group 0
[    0.489443] iommu: Adding device 3000.pcie to group 1
[    0.494480] iommu: Adding device 50000000.host1x to group 2
[    0.500020] iommu: Adding device 54040000.mpe to group 3
[    0.505297] iommu: Adding device 54080000.vi to group 4
[    0.510515] iommu: Adding device 540c0000.epp to group 5
[    0.515790] iommu: Adding device 54100000.isp to group 6
[    0.521082] iommu: Adding device 54140000.gr2d to group 7
[    0.526443] iommu: Adding device 54180000.gr3d to group 8
[    0.531877] iommu: Adding device 54200000.dc to group 9
[    0.537043] iommu: Adding device 54240000.dc to group 10
[    0.542317] iommu: Adding device 54280000.hdmi to group 11
[    0.547773] iommu: Adding device 50040600.timer to group 12
[    0.553320] iommu: Adding device 50043000.cache-controller to group 13
[    0.559809] iommu: Adding device 60005000.timer to group 14
[    0.565372] iommu: Adding device 60007000.flow-controller to group 15
[    0.571781] iommu: Adding device 6000a000.dma to group 16
[    0.577142] iommu: Adding device 6000c000.ahb to group 17
[    0.582527] iommu: Adding device 6000d000.gpio to group 18
[    0.587984] iommu: Adding device 70000800.apbmisc to group 19
[    0.593708] iommu: Adding device 70000868.pinmux to group 20
[    0.599329] iommu: Adding device 70006000.serial to group 21
[    0.604975] iommu: Adding device 7000e000.rtc to group 22
[    0.610348] iommu: Adding device 7000c000.i2c to group 23
[    0.615710] iommu: Adding device 7000c400.i2c to group 24
[    0.621093] iommu: Adding device 7000c500.i2c to group 25
[    0.626462] iommu: Adding device 7000c700.i2c to group 26
[    0.631848] iommu: Adding device 7000d000.i2c to group 27
[    0.637205] iommu: Adding device 7000da00.spi to group 28
[    0.642588] iommu: Adding device 7000e400.pmc to group 29
[    0.647950] iommu: Adding device 7000f000.memory-controller to group 30
[    0.654559] iommu: Adding device 7000f800.fuse to group 31
[    0.660008] iommu: Adding device 70080000.ahub to group 32
[    0.665457] iommu: Adding device 78000000.sdhci to group 33
[    0.671022] iommu: Adding device 78000600.sdhci to group 34
[    0.676553] iommu: Adding device 7d000000.usb to group 35
[    0.681938] iommu: Adding device 7d000000.usb-phy to group 36
[    0.687644] iommu: Adding device 7d004000.usb to group 37
[    0.693028] iommu: Adding device 7d004000.usb-phy to group 38
[    0.698737] iommu: Adding device 7d008000.usb to group 39
[    0.704122] iommu: Adding device 7d008000.usb-phy to group 40
[    0.709837] iommu: Adding device pmu to group 41
[    0.714433] iommu: Adding device clocks to group 42
[    0.719275] iommu: Adding device gpio-leds to group 43
[    0.724401] iommu: Adding device regulators to group 44
[    0.729590] iommu: Adding device regulators:regulator@0 to group 45
[    0.735839] iommu: Adding device regulators:regulator@1 to group 46
[    0.742096] iommu: Adding device regulators:regulator@2 to group 47
[    0.748320] iommu: Adding device regulators:regulator@3 to group 48
[    0.754560] iommu: Adding device regulators:regulator@4 to group 49
[    0.760799] iommu: Adding device regulators:regulator@5 to group 50
[    0.767030] iommu: Adding device regulators:regulator@6 to group 51
[    0.773279] iommu: Adding device regulators:regulator@7 to group 52
[    0.779509] iommu: Adding device regulators:regulator@8 to group 53
[    0.785758] iommu: Adding device sound to group 54
[    0.804543] vdd_5v_sata: Failed to request enable GPIO30: -517
[    0.808463] reg-fixed-voltage regulators:regulator@3: Failed to register regulator: -517
[    0.816608] usb1_vbus: Failed to request enable GPIO238: -517
[    0.822277] reg-fixed-voltage regulators:regulator@4: Failed to register regulator: -517
[    0.830374] usb3_vbus: Failed to request enable GPIO236: -517
[    0.836021] reg-fixed-voltage regulators:regulator@5: Failed to register regulator: -517
[    0.844225] sys_3v3_pexs: Failed to request enable GPIO95: -517
[    0.849986] reg-fixed-voltage regulators:regulator@7: Failed to register regulator: -517
[    0.859201] vgaarb: loaded
[    0.861421] SCSI subsystem initialized
[    0.864673] libata version 3.00 loaded.
[    0.868563] usbcore: registered new interface driver usbfs
[    0.873794] usbcore: registered new interface driver hub
[    0.879086] usbcore: registered new device driver usb
[    0.888752] iommu: Adding device tps65910-gpio to group 55
[    0.892769] iommu: Adding device tps65910-pmic to group 56
[    0.900298] vrtc: supplied by vdd_5v_in
[    0.905547] vio: supplied by vdd_5v_in
[    0.911933] vdd1: supplied by vdd_5v_in
[    0.915234] vddio_ddr_1v2: Bringing 600000uV into 1200000-1200000uV
[    0.931929] vdd2: supplied by vdd_5v_in
[    0.951929] ldo1: supplied by vdd_1v5_gen
[    0.956458] ldo2: supplied by vdd_1v5_gen
[    0.959040] vdd_sata,avdd_plle: Bringing 1200000uV into 1050000-1050000uV
[    0.967600] ldo3: supplied by vdd_5v_in
[    0.971964] ldo4: supplied by vdd_5v_in
[    0.981919] ldo5: supplied by vdd_5v_in
[    0.991916] ldo6: supplied by vdd_1v8_gen
[    0.994509] avdd_dsi_csi,pwrdet_mipi: Bringing 1000000uV into 1200000-1200000uV
[    1.003584] ldo7: supplied by vdd_1v8_gen
[    1.011918] ldo8: supplied by vdd_1v8_gen
[    1.020225] iommu: Adding device tps65910-rtc to group 57
[    1.023804] iommu: Adding device tps65910-power to group 58
[    1.031254] Linux video capture interface: v2.00
[    1.034046] pps_core: LinuxPPS API ver. 1 registered
[    1.038893] pps_core: Software ver. 5.3.6 - Copyright 2005-2007 Rodolfo Giometti <giometti@linux.it>
[    1.048051] PTP clock support registered
[    1.052423] Advanced Linux Sound Architecture Driver Initialized.
[    1.058553] Bluetooth: Core ver 2.22
[    1.061582] NET: Registered protocol family 31
[    1.065932] Bluetooth: HCI device and connection manager initialized
[    1.072275] Bluetooth: HCI socket layer initialized
[    1.077116] Bluetooth: L2CAP socket layer initialized
[    1.082180] Bluetooth: SCO socket layer initialized
[    1.087586] clocksource: Switched to clocksource timer_us
[    1.157408] NET: Registered protocol family 2
[    1.160784] TCP established hash table entries: 8192 (order: 3, 32768 bytes)
[    1.166930] TCP bind hash table entries: 8192 (order: 4, 65536 bytes)
[    1.173397] TCP: Hash tables configured (established 8192 bind 8192)
[    1.180258] UDP hash table entries: 512 (order: 2, 16384 bytes)
[    1.185572] UDP-Lite hash table entries: 512 (order: 2, 16384 bytes)
[    1.192173] NET: Registered protocol family 1
[    1.196874] RPC: Registered named UNIX socket transport module.
[    1.202081] RPC: Registered udp transport module.
[    1.206744] RPC: Registered tcp transport module.
[    1.211435] RPC: Registered tcp NFSv4.1 backchannel transport module.
[    1.218329] iommu: Adding device regulatory.0 to group 59
[    1.223413] PCI: CLS 0 bytes, default 64
[    1.228401] hw perfevents: no interrupt-affinity property for /pmu, guessing.
[    1.234487] hw perfevents: enabled with armv7_cortex_a9 PMU driver, 7 counters available
[    1.242822] iommu: Adding device alarmtimer to group 60
[    1.248444] Initialise system trusted keyrings
[    1.252067] workingset: timestamp_bits=30 max_order=19 bucket_order=0
[    1.259256] squashfs: version 4.0 (2009/01/31) Phillip Lougher
[    1.264693] NFS: Registering the id_resolver key type
[    1.269181] Key type id_resolver registered
[    1.273304] Key type id_legacy registered
[    1.281197] Key type asymmetric registered
[    1.283380] Asymmetric key parser 'x509' registered
[    1.288520] bounce: pool size: 64 pages
[    1.292114] io scheduler noop registered (default)
[    1.296812] io scheduler mq-deadline registered
[    1.301337] io scheduler kyber registered
[    1.309850] tegra30-pinctrl 70000868.pinmux: invalid group "sdmmc3_dat6_pd3" for function "rsvd1"
[    1.316809] tegra30-pinctrl 70000868.pinmux: invalid group "sdmmc3_dat7_pd4" for function "rsvd1"
[    1.325674] tegra30-pinctrl 70000868.pinmux: invalid group "vi_vsync_pd6" for function "rsvd1"
[    1.334243] tegra30-pinctrl 70000868.pinmux: invalid group "vi_hsync_pd7" for function "rsvd1"
[    1.343322] tegra30-pinctrl 70000868.pinmux: invalid group "hdmi_int_pn7" for function "rsvd1"
[    1.351441] tegra30-pinctrl 70000868.pinmux: invalid group "ulpi_data3_po4" for function "rsvd1"
[    1.360502] tegra30-pinctrl 70000868.pinmux: invalid group "vi_d10_pt2" for function "rsvd1"
[    1.368564] tegra30-pinctrl 70000868.pinmux: invalid group "vi_d11_pt3" for function "rsvd1"
[    1.376957] tegra30-pinctrl 70000868.pinmux: invalid group "vi_d0_pt4" for function "rsvd1"
[    1.385317] tegra30-pinctrl 70000868.pinmux: invalid group "pu0" for function "rsvd1"
[    1.393107] tegra30-pinctrl 70000868.pinmux: invalid group "pu3" for function "rsvd1"
[    1.400912] tegra30-pinctrl 70000868.pinmux: invalid group "pu6" for function "rsvd1"
[    1.408718] tegra30-pinctrl 70000868.pinmux: invalid group "pv3" for function "rsvd1"
[    1.416988] tegra30-pinctrl 70000868.pinmux: invalid group "pbb0" for function "rsvd1"
[    1.424485] tegra30-pinctrl 70000868.pinmux: invalid group "pcc1" for function "rsvd1"
[    1.434024] tegra-pcie 3000.pcie: 2x3 configuration
[    1.437255] tegra-pcie 3000.pcie: Failed to get supply 'hvdd-pex': -517
[    1.447891] tegra-apbdma 6000a000.dma: Tegra20 APB DMA driver register 32 channels
[    1.454386] tegra-pmc 7000e400.pmc: i2c-thermtrip node not found, emergency thermal reset disabled.
[    1.463044] Serial: 8250/16550 driver, 4 ports, IRQ sharing disabled
[    1.469000] iommu: Adding device serial8250 to group 61
[    1.475523] console [ttyS0] disabled
[    1.477692] 70006000.serial: ttyS0 at MMIO 0x70006000 (irq = 331, base_baud = 25500000) is a Tegra
[    1.486591] console [ttyS0] enabled
[    1.486591] console [ttyS0] enabled
[    1.492813] bootconsole [earlycon0] disabled
[    1.492813] bootconsole [earlycon0] disabled
[    1.519785] tegra-hdmi 54280000.hdmi: failed to get HDMI regulator
[    1.537533] loop: module loaded
[    1.543647] m25p80 spi0.1: w25q32 (4096 Kbytes)
[    1.549780] iommu: Adding device Fixed MDIO bus.0 to group 62
[    1.555698] libphy: Fixed MDIO Bus: probed
[    1.559820] CAN device driver interface
[    1.563695] igb: Intel(R) Gigabit Ethernet Network Driver - version 5.4.0-k
[    1.570652] igb: Copyright (c) 2007-2014 Intel Corporation.
[    1.576322] pegasus: v0.9.3 (2013/04/25), Pegasus/Pegasus II USB Ethernet driver
[    1.583796] usbcore: registered new interface driver pegasus
[    1.589526] usbcore: registered new interface driver asix
[    1.594956] usbcore: registered new interface driver ax88179_178a
[    1.601092] usbcore: registered new interface driver cdc_ether
[    1.606966] usbcore: registered new interface driver smsc75xx
[    1.612773] usbcore: registered new interface driver smsc95xx
[    1.618563] usbcore: registered new interface driver net1080
[    1.624251] usbcore: registered new interface driver cdc_subset
[    1.630213] usbcore: registered new interface driver zaurus
[    1.635827] usbcore: registered new interface driver cdc_ncm
[    1.641709] tegra-phy 7d000000.usb-phy: no vbus regulator
[    1.648523] ehci_hcd: USB 2.0 'Enhanced' Host Controller (EHCI) Driver
[    1.655035] ehci-pci: EHCI PCI platform driver
[    1.659535] tegra-ehci: Tegra EHCI driver
[    1.664140] usbcore: registered new interface driver cdc_acm
[    1.669799] cdc_acm: USB Abstract Control Model driver for USB modems and ISDN adapters
[    1.677850] usbcore: registered new interface driver cdc_wdm
[    1.683550] usbcore: registered new interface driver usb-storage
[    1.693022] iommu: Adding device ci_hdrc.0 to group 63
[    1.703223] tegra_rtc 7000e000.rtc: rtc core: registered 7000e000.rtc as rtc1
[    1.710398] tegra_rtc 7000e000.rtc: Tegra internal Real Time Clock
[    1.729618] tps65910-rtc tps65910-rtc: rtc core: registered tps65910-rtc as rtc0
[    1.737079] i2c /dev entries driver
[    1.741568] usbcore: registered new interface driver uvcvideo
[    1.747300] USB Video Class driver (1.1.1)
[    1.751399] gspca_main: v2.14.0 registered
[    1.756219] tegra-wdt 60005000.timer: initialized (heartbeat = 120 sec, nowayout = 0)
[    1.764583] sdhci: Secure Digital Host Controller Interface driver
[    1.770761] sdhci: Copyright(c) Pierre Ossman
[    1.775105] sdhci-pltfm: SDHCI platform and OF driver helper
[    1.780996] sdhci-tegra 78000000.sdhci: Got CD GPIO
[    1.785869] sdhci-tegra 78000000.sdhci: Got WP GPIO
[    1.799058] mmc0: Invalid maximum block size, assuming 512 bytes
[    1.867759] mmc0: SDHCI controller on 78000000.sdhci [78000000.sdhci] using ADMA
[    1.884682] mmc1: Invalid maximum block size, assuming 512 bytes
[    1.947631] mmc1: SDHCI controller on 78000600.sdhci [78000600.sdhci] using ADMA
[    1.959201] usbcore: registered new interface driver usbhid
[    1.964820] usbhid: USB HID core driver
[    1.973379] iommu: Adding device snd-soc-dummy to group 64
[    2.009655] mmc1: new high speed MMC card at address 0001
[    2.015624] mmcblk1: mmc1:0001 SEM16G 14.8 GiB 
[    2.020559] mmcblk1boot0: mmc1:0001 SEM16G partition 1 1.00 MiB
[    2.026855] mmcblk1boot1: mmc1:0001 SEM16G partition 2 1.00 MiB
[    2.032946] mmcblk1rpmb: mmc1:0001 SEM16G partition 3 128 KiB, chardev (247:0)
[    2.045277] Primary GPT is invalid, using alternate GPT.
[    2.050652]  mmcblk1: p1 p2 p3 p4 p5
[    2.063697] mmc0: new ultra high speed DDR50 SDHC card at address aaaa
[    2.070785] mmcblk0: mmc0:aaaa SS04G 3.69 GiB 
[    2.096922]  mmcblk0: p1 p2 p3
[    2.409171] iommu: Adding device 70080400.i2s to group 65
[    2.415272] tegra30-i2s 70080400.i2s: DMA channels sourced from device 70080000.ahub
[    2.431237] tegra-snd-rt5640 sound: rt5640-aif1 <-> 70080400.i2s mapping ok
[    2.441361] input: NVIDIA Tegra Beaver Headphones as /devices/soc0/sound/sound/card0/input0
[    2.451438] NET: Registered protocol family 10
[    2.457025] Segment Routing with IPv6
[    2.460843] mip6: Mobile IPv6
[    2.463802] sit: IPv6, IPv4 and MPLS over IPv4 tunneling driver
[    2.470964] NET: Registered protocol family 17
[    2.475411] NET: Registered protocol family 15
[    2.479858] can: controller area network core (rev 20170425 abi 9)
[    2.486202] NET: Registered protocol family 29
[    2.490645] can: raw protocol (rev 20170425)
[    2.494902] can: broadcast manager protocol (rev 20170425 t)
[    2.500558] can: netlink gateway (rev 20170425) max_hops=1
[    2.506202] Bluetooth: RFCOMM socket layer initialized
[    2.511373] Bluetooth: RFCOMM ver 1.11
[    2.515118] Bluetooth: BNEP (Ethernet Emulation) ver 1.3
[    2.520431] Bluetooth: BNEP socket layer initialized
[    2.525381] Bluetooth: HIDP (Human Interface Emulation) ver 1.2
[    2.531297] Bluetooth: HIDP socket layer initialized
[    2.536470] Key type dns_resolver registered
[    2.541125] Registering SWP/SWPB emulation handler
[    2.546547] Loading compiled-in X.509 certificates
[    2.564876] vdd_ddr: supplied by vdd_5v_in
[    2.569828] vdd_5v_sata: supplied by vdd_5v_in
[    2.574595] usb1_vbus: supplied by vdd_5v_in
[    2.579211] usb3_vbus: supplied by vdd_5v_in
[    2.584713] sys_3v3,vdd_3v3_alw: supplied by vdd_5v_in
[    2.590707] sys_3v3_pexs: supplied by sys_3v3,vdd_3v3_alw
[    2.596267] +VDD_5V_HDMI: supplied by sys_3v3,vdd_3v3_alw
[    2.601968] tegra-pcie 3000.pcie: 2x3 configuration
[    2.610200] tegra-pcie 3000.pcie: probing port 0, using 2 lanes
[    2.674268] tegra-pcie 3000.pcie: probing port 2, using 2 lanes
[    3.084086] tegra-pcie 3000.pcie: link 2 down, retrying
[    3.493190] tegra-pcie 3000.pcie: link 2 down, retrying
[    3.902319] tegra-pcie 3000.pcie: link 2 down, retrying
[    3.909545] tegra-pcie 3000.pcie: link 2 down, ignoring
[    3.914907] tegra-pcie 3000.pcie: PCI host bridge to bus 0000:00
[    3.920926] pci_bus 0000:00: root bus resource [io  0x0000-0xffff]
[    3.927092] pci_bus 0000:00: root bus resource [mem 0x20000000-0x27ffffff]
[    3.933961] pci_bus 0000:00: root bus resource [mem 0x28000000-0x3fffffff pref]
[    3.941263] pci_bus 0000:00: root bus resource [bus 00-ff]
[    3.946776] pci 0000:00:01.0: [10de:0e1c] type 01 class 0x060400
[    3.952793] pci_bus 0000:00: 2-byte config write to 0000:00:01.0 offset 0x4 may corrupt adjacent RW1C bits
[    3.962436] pci_bus 0000:00: 2-byte config write to 0000:00:01.0 offset 0x4 may corrupt adjacent RW1C bits
[    3.972091] pci 0000:00:01.0: enabling Extended Tags
[    3.977043] pci_bus 0000:00: 2-byte config write to 0000:00:01.0 offset 0x88 may corrupt adjacent RW1C bits
[    3.986791] pci_bus 0000:00: 2-byte config write to 0000:00:01.0 offset 0x52 may corrupt adjacent RW1C bits
[    3.996537] pci 0000:00:01.0: PME# supported from D0 D1 D2 D3hot D3cold
[    4.003147] pci_bus 0000:00: 2-byte config write to 0000:00:01.0 offset 0x4c may corrupt adjacent RW1C bits
[    4.013046] pci_bus 0000:00: 2-byte config write to 0000:00:01.0 offset 0x3e may corrupt adjacent RW1C bits
[    4.022782] pci_bus 0000:00: 2-byte config write to 0000:00:01.0 offset 0x4 may corrupt adjacent RW1C bits
[    4.032425] pci_bus 0000:00: 1-byte config write to 0000:00:01.0 offset 0xc may corrupt adjacent RW1C bits
[    4.042063] PCI: bus0: Fast back to back transfers disabled
[    4.047632] pci 0000:00:01.0: bridge configuration invalid ([bus 00-00]), reconfiguring
[    4.055617] pci_bus 0000:00: 2-byte config write to 0000:00:01.0 offset 0x3e may corrupt adjacent RW1C bits
[    4.065346] pci_bus 0000:00: 2-byte config write to 0000:00:01.0 offset 0x3e may corrupt adjacent RW1C bits
[    4.075216] pci 0000:01:00.0: [10ec:8168] type 00 class 0x020000
[    4.081240] pci 0000:01:00.0: reg 0x10: [io  0x0000-0x00ff]
[    4.086814] pci 0000:01:00.0: reg 0x18: [mem 0x00000000-0x00000fff 64bit pref]
[    4.094045] pci 0000:01:00.0: reg 0x20: [mem 0x00000000-0x00003fff 64bit pref]
[    4.101400] PCI: bus1: Fast back to back transfers disabled
[    4.106962] pci_bus 0000:01: busn_res: [bus 01-ff] end is updated to 01
[    4.113600] pci 0000:00:01.0: BAR 9: assigned [mem 0x28000000-0x280fffff 64bit pref]
[    4.121337] pci 0000:00:01.0: BAR 7: assigned [io  0x1000-0x1fff]
[    4.127421] pci 0000:01:00.0: BAR 4: assigned [mem 0x28000000-0x28003fff 64bit pref]
[    4.135167] pci 0000:01:00.0: BAR 2: assigned [mem 0x28004000-0x28004fff 64bit pref]
[    4.142909] pci 0000:01:00.0: BAR 0: assigned [io  0x1000-0x10ff]
[    4.149000] pci 0000:00:01.0: PCI bridge to [bus 01]
[    4.153952] pci 0000:00:01.0:   bridge window [io  0x1000-0x1fff]
[    4.160041] pci 0000:00:01.0:   bridge window [mem 0x28000000-0x280fffff 64bit pref]
[    4.167794] pci 0000:00:01.0: nv_msi_ht_cap_quirk didn't locate host bridge
[    4.174833] pcieport 0000:00:01.0: enabling device (0140 -> 0143)
[    4.181205] pcieport 0000:00:01.0: Signaling PME with IRQ 375
[    4.187240] r8169 Gigabit Ethernet driver 2.3LK-NAPI loaded
[    4.192862] r8169 0000:01:00.0: enabling device (0140 -> 0143)
[    4.198715] r8169 0000:01:00.0 (unnamed net_device) (uninitialized): not PCI Express
[    4.207705] r8169 0000:01:00.0 eth0: RTL8168evl/8111evl at 0xe98ba0bf, 02:04:4b:01:60:a6, XID 0c900800 IRQ 18
[    4.217615] r8169 0000:01:00.0 eth0: jumbo features [frames: 9200 bytes, tx checksumming: ko]
[    4.229951] [drm] Supports vblank timestamp caching Rev 2 (21.10.2013).
[    4.236553] [drm] No driver support for vblank timestamp query.
[    4.242529] [drm] Cannot find any crtc or sizes
[    4.247151] [drm] Initialized tegra 0.0.0 20120330 for drm on minor 0
[    4.254660] tegra-ehci 7d004000.usb: EHCI Host Controller
[    4.260084] tegra-ehci 7d004000.usb: new USB bus registered, assigned bus number 1
[    4.267966] tegra-ehci 7d004000.usb: irq 344, io mem 0x7d004000
[    4.273942] [drm] Cannot find any crtc or sizes
[    4.297602] tegra-ehci 7d004000.usb: USB 2.0 started, EHCI 1.00
[    4.304675] hub 1-0:1.0: USB hub found
[    4.308463] hub 1-0:1.0: 1 port detected
[    4.312994] tegra-ehci 7d008000.usb: EHCI Host Controller
[    4.318409] tegra-ehci 7d008000.usb: new USB bus registered, assigned bus number 2
[    4.326233] tegra-ehci 7d008000.usb: irq 345, io mem 0x7d008000
[    4.357599] tegra-ehci 7d008000.usb: USB 2.0 started, EHCI 1.00
[    4.364552] hub 2-0:1.0: USB hub found
[    4.368331] hub 2-0:1.0: 1 port detected
[    4.376376] tps65910-rtc tps65910-rtc: setting system clock to 2000-01-01 00:00:02 UTC (946684802)
[    4.385726] cfg80211: Loading compiled-in X.509 certificates for regulatory database
[    4.397169] cfg80211: Loaded X.509 cert 'sforshee: 00b28ddf47aef9cea7'
[    4.403917] platform regulatory.0: Direct firmware load for regulatory.db failed with error -2
[    4.408250] vdd_sata,avdd_plle: disabling
[    4.412958] usb1_vbus: disabling
[    4.412963] ALSA device list:
[    4.412966]   #0: NVIDIA Tegra Beaver
[    4.426358] cfg80211: failed to load regulatory.db
[    4.433488] EXT4-fs (mmcblk1p1): mounting ext3 file system using the ext4 subsystem
[    4.450431] EXT4-fs (mmcblk1p1): warning: mounting fs with errors, running e2fsck is recommended
[    4.460714] EXT4-fs (mmcblk1p1): recovery complete
[    4.465501] EXT4-fs (mmcblk1p1): mounted filesystem with ordered data mode. Opts: (null)
[    4.473647] VFS: Mounted root (ext3 filesystem) on device 179:1.
[    4.491126] devtmpfs: mounted
[    4.495562] Freeing unused kernel memory: 1024K
bash: cannot set terminal process group (-1): Inappropriate ioctl for device
bash: no job control in this shell
root@(none):/# mount -t sysfs none /sys
root@(none):/# 
root@(none):/# [    5.408590] asix 2-1:1.0 eth1: register 'asix' at usb-7d008000.usb-1, ASIX AX88772 USB 2.0 Ethernet, 00:50:b6:0f:67:60
mount -t debugfs none /sys/kernel/debug
root@(none):/# 
root@(none):/# rtcwake -d rtc1 -m mem -s 3
rtcwake: wakeup from "mem" using /dev/rtc1 at Thu Jan  1 00:00:22 1970
[    7.369904] PM: suspend entry (deep)
[    7.373480] PM: Syncing filesystems ... done.
[    7.380730] Freezing user space processes ... (elapsed 0.001 seconds) done.
[    7.388792] OOM killer disabled.
[    7.392008] Freezing remaining freezable tasks ... (elapsed 0.001 seconds) done.
[    7.400520] Suspending console(s) (use no_console_suspend to debug)
[    7.482558] Disabling non-boot CPUs ...
[    7.538010] IRQ17 no longer affine to CPU1
[    7.658710] Entering suspend state LP1
[    7.658737] Enabling non-boot CPUs ...
[    7.660373] CPU1 is up
[    7.661946] CPU2 is up
[    7.663629] CPU3 is up
[    7.664169] pcieport 0000:00:01.0: nv_msi_ht_cap_quirk didn't locate host bridge
[    8.263946] OOM killer enabled.
[    8.267079] Restarting tasks ... done.
[    8.271713] PM: suspend exit
root@(none):/# 
root@(none):/# rtcwake -d rtc1 -m mem -s 3
rtcwake: wakeup from "mem" using /dev/rtc1 at Thu Jan  1 00:00:27 1970
[    9.479976] PM: suspend entry (deep)
[    9.483551] PM: Syncing filesystems ... done.
[    9.488722] Freezing user space processes ... (elapsed 0.001 seconds) done.
[    9.496778] OOM killer disabled.
[    9.500010] Freezing remaining freezable tasks ... (elapsed 0.001 seconds) done.
[    9.508522] Suspending console(s) (use no_console_suspend to debug)
[    9.547765] pci_generic_config_write32: 32 callbacks suppressed
[    9.547779] pci_bus 0000:00: 2-byte config write to 0000:00:01.0 offset 0x9c may corrupt adjacent RW1C bits
[    9.591759] Disabling non-boot CPUs ...
[    9.717772] IRQ17 no longer affine to CPU3
[    9.718241] Entering suspend state LP1
[    9.718269] Enabling non-boot CPUs ...
[    9.720139] CPU1 is up
[    9.721891] CPU2 is up
[    9.723756] CPU3 is up
[    9.724392] pci_bus 0000:00: 2-byte config write to 0000:00:01.0 offset 0x4c may corrupt adjacent RW1C bits
[    9.724405] pci_bus 0000:00: 2-byte config write to 0000:00:01.0 offset 0x88 may corrupt adjacent RW1C bits
[    9.724412] pci_bus 0000:00: 2-byte config write to 0000:00:01.0 offset 0x90 may corrupt adjacent RW1C bits
[    9.724417] pci_bus 0000:00: 2-byte config write to 0000:00:01.0 offset 0x98 may corrupt adjacent RW1C bits
[    9.724421] pci_bus 0000:00: 2-byte config write to 0000:00:01.0 offset 0x9c may corrupt adjacent RW1C bits
[    9.724442] pci_bus 0000:00: 2-byte config write to 0000:00:01.0 offset 0x52 may corrupt adjacent RW1C bits
[    9.724449] pci_bus 0000:00: 2-byte config write to 0000:00:01.0 offset 0x52 may corrupt adjacent RW1C bits
[    9.724455] pci_bus 0000:00: 2-byte config write to 0000:00:01.0 offset 0x5c may corrupt adjacent RW1C bits
[    9.724460] pci_bus 0000:00: 2-byte config write to 0000:00:01.0 offset 0x52 may corrupt adjacent RW1C bits
[    9.724484] pcieport 0000:00:01.0: nv_msi_ht_cap_quirk didn't locate host bridge
[   10.448219] OOM killer enabled.
[   10.451349] Restarting tasks ... done.
[   10.455645] PM: suspend exit
root@(none):/# 
root@(none):/# rtcwake -d rtc1 -m mem -s 3
rtcwake: wakeup from "mem" using /dev/rtc1 at Thu Jan  1 00:00:32 1970
[   11.539765] PM: suspend entry (deep)
[   11.543348] PM: Syncing filesystems ... done.
[   11.548291] Freezing user space processes ... (elapsed 0.001 seconds) done.
[   11.556372] OOM killer disabled.
[   11.559605] Freezing remaining freezable tasks ... (elapsed 0.001 seconds) done.
[   11.568156] Suspending console(s) (use no_console_suspend to debug)
[   11.652984] Disabling non-boot CPUs ...
[   11.807765] IRQ17 no longer affine to CPU3
[   11.808679] Entering suspend state LP1
[   11.808711] Enabling non-boot CPUs ...
[   11.810596] CPU1 is up
[   11.812360] CPU2 is up
[   11.814227] CPU3 is up
[   11.814917] pcieport 0000:00:01.0: nv_msi_ht_cap_quirk didn't locate host bridge
[   12.437269] OOM killer enabled.
[   12.440408] Restarting tasks ... done.
[   12.444671] PM: suspend exit
root@(none):/# 
root@(none):/# rtcwake -d rtc1 -m mem -s 3
rtcwake: wakeup from "mem" using /dev/rtc1 at Thu Jan  1 00:00:37 1970
[   13.643357] PM: suspend entry (deep)
[   13.646940] PM: Syncing filesystems ... done.
[   13.653398] Freezing user space processes ... (elapsed 0.001 seconds) done.
[   13.661511] OOM killer disabled.
[   13.664727] Freezing remaining freezable tasks ... (elapsed 0.001 seconds) done.
[   13.673265] Suspending console(s) (use no_console_suspend to debug)
[   13.761415] Disabling non-boot CPUs ...
[   13.798010] IRQ17 no longer affine to CPU1
[   13.918350] Entering suspend state LP1
[   13.918383] Enabling non-boot CPUs ...
[   13.920265] CPU1 is up
[   13.922022] CPU2 is up
[   13.923903] CPU3 is up
[   13.924569] pcieport 0000:00:01.0: nv_msi_ht_cap_quirk didn't locate host bridge
[   14.547151] OOM killer enabled.
[   14.550291] Restarting tasks ... done.
[   14.554529] PM: suspend exit
root@(none):/# 
root@(none):/# rtcwake -d rtc1 -m mem -s 3
rtcwake: wakeup from "mem" using /dev/rtc1 at Thu Jan  1 00:00:42 1970
[   15.740234] PM: suspend entry (deep)
[   15.743814] PM: Syncing filesystems ... done.
[   15.749242] Freezing user space processes ... (elapsed 0.001 seconds) done.
[   15.757328] OOM killer disabled.
[   15.760561] Freezing remaining freezable tasks ... (elapsed 0.001 seconds) done.
[   15.769113] Suspending console(s) (use no_console_suspend to debug)
[   15.809408] pci_generic_config_write32: 26 callbacks suppressed
[   15.809424] pci_bus 0000:00: 2-byte config write to 0000:00:01.0 offset 0x9c may corrupt adjacent RW1C bits
[   15.851434] Disabling non-boot CPUs ...
[   15.947796] IRQ17 no longer affine to CPU2
[   16.008786] Entering suspend state LP1
[   16.008824] Enabling non-boot CPUs ...
[   16.010754] CPU1 is up
[   16.012534] CPU2 is up
[   16.014442] CPU3 is up
[   16.015038] pci_bus 0000:00: 2-byte config write to 0000:00:01.0 offset 0x4c may corrupt adjacent RW1C bits
[   16.015051] pci_bus 0000:00: 2-byte config write to 0000:00:01.0 offset 0x88 may corrupt adjacent RW1C bits
[   16.015056] pci_bus 0000:00: 2-byte config write to 0000:00:01.0 offset 0x90 may corrupt adjacent RW1C bits
[   16.015063] pci_bus 0000:00: 2-byte config write to 0000:00:01.0 offset 0x98 may corrupt adjacent RW1C bits
[   16.015067] pci_bus 0000:00: 2-byte config write to 0000:00:01.0 offset 0x9c may corrupt adjacent RW1C bits
[   16.015088] pci_bus 0000:00: 2-byte config write to 0000:00:01.0 offset 0x52 may corrupt adjacent RW1C bits
[   16.015095] pci_bus 0000:00: 2-byte config write to 0000:00:01.0 offset 0x52 may corrupt adjacent RW1C bits
[   16.015103] pci_bus 0000:00: 2-byte config write to 0000:00:01.0 offset 0x5c may corrupt adjacent RW1C bits
[   16.015110] pci_bus 0000:00: 2-byte config write to 0000:00:01.0 offset 0x52 may corrupt adjacent RW1C bits
[   16.015135] pcieport 0000:00:01.0: nv_msi_ht_cap_quirk didn't locate host bridge
[   16.749869] OOM killer enabled.
[   16.752999] Restarting tasks ... done.
[   16.757230] PM: suspend exit
root@(none):/# 
root@(none):/# rtcwake -d rtc1 -m mem -s 3
rtcwake: wakeup from "mem" using /dev/rtc1 at Thu Jan  1 00:00:47 1970
[   17.830556] PM: suspend entry (deep)
[   17.834138] PM: Syncing filesystems ... done.
[   17.839562] Freezing user space processes ... (elapsed 0.001 seconds) done.
[   17.847664] OOM killer disabled.
[   17.850881] Freezing remaining freezable tasks ... (elapsed 0.001 seconds) done.
[   17.859419] Suspending console(s) (use no_console_suspend to debug)
[   17.953546] Disabling non-boot CPUs ...
[   18.047763] IRQ17 no longer affine to CPU2
[   18.108487] Entering suspend state LP1
[   18.108518] Enabling non-boot CPUs ...
[   18.110415] CPU1 is up
[   18.112177] CPU2 is up
[   18.114060] CPU3 is up
[   18.114685] pcieport 0000:00:01.0: nv_msi_ht_cap_quirk didn't locate host bridge
[   18.747167] OOM killer enabled.
[   18.750307] Restarting tasks ... done.
[   18.754534] PM: suspend exit
root@(none):/# 
root@(none):/# rtcwake -d rtc1 -m mem -s 3
rtcwake: wakeup from "mem" using /dev/rtc1 at Thu Jan  1 00:00:52 1970
[   19.940722] PM: suspend entry (deep)
[   19.944306] PM: Syncing filesystems ... done.
[   19.949721] Freezing user space processes ... (elapsed 0.001 seconds) done.
[   19.957826] OOM killer disabled.
[   19.961041] Freezing remaining freezable tasks ... (elapsed 0.001 seconds) done.
[   19.969576] Suspending console(s) (use no_console_suspend to debug)
[   20.051889] Disabling non-boot CPUs ...
[   20.087930] IRQ17 no longer affine to CPU1
[   20.208252] Entering suspend state LP1
[   20.208279] Enabling non-boot CPUs ...
[   20.210177] CPU1 is up
[   20.211943] CPU2 is up
[   20.213821] CPU3 is up
[   20.214460] pcieport 0000:00:01.0: nv_msi_ht_cap_quirk didn't locate host bridge
[   20.836598] OOM killer enabled.
[   20.839740] Restarting tasks ... done.
[   20.844026] PM: suspend exit
root@(none):/# 
root@(none):/# rtcwake -d rtc1 -m mem -s 3
rtcwake: wakeup from "mem" using /dev/rtc1 at Thu Jan  1 00:00:57 1970
[   22.030464] PM: suspend entry (deep)
[   22.034047] PM: Syncing filesystems ... done.
[   22.039486] Freezing user space processes ... (elapsed 0.001 seconds) done.
[   22.047590] OOM killer disabled.
[   22.050806] Freezing remaining freezable tasks ... (elapsed 0.001 seconds) done.
[   22.059344] Suspending console(s) (use no_console_suspend to debug)
[   22.098170] pci_generic_config_write32: 26 callbacks suppressed
[   22.098188] pci_bus 0000:00: 2-byte config write to 0000:00:01.0 offset 0x9c may corrupt adjacent RW1C bits
[   22.143635] Disabling non-boot CPUs ...
[   22.177883] IRQ17 no longer affine to CPU1
[   22.298225] Entering suspend state LP1
[   22.298256] Enabling non-boot CPUs ...
[   22.300130] CPU1 is up
[   22.301904] CPU2 is up
[   22.303811] CPU3 is up
[   22.304386] pci_bus 0000:00: 2-byte config write to 0000:00:01.0 offset 0x4c may corrupt adjacent RW1C bits
[   22.304398] pci_bus 0000:00: 2-byte config write to 0000:00:01.0 offset 0x88 may corrupt adjacent RW1C bits
[   22.304404] pci_bus 0000:00: 2-byte config write to 0000:00:01.0 offset 0x90 may corrupt adjacent RW1C bits
[   22.304409] pci_bus 0000:00: 2-byte config write to 0000:00:01.0 offset 0x98 may corrupt adjacent RW1C bits
[   22.304414] pci_bus 0000:00: 2-byte config write to 0000:00:01.0 offset 0x9c may corrupt adjacent RW1C bits
[   22.304433] pci_bus 0000:00: 2-byte config write to 0000:00:01.0 offset 0x52 may corrupt adjacent RW1C bits
[   22.304441] pci_bus 0000:00: 2-byte config write to 0000:00:01.0 offset 0x52 may corrupt adjacent RW1C bits
[   22.304448] pci_bus 0000:00: 2-byte config write to 0000:00:01.0 offset 0x5c may corrupt adjacent RW1C bits
[   22.304456] pci_bus 0000:00: 2-byte config write to 0000:00:01.0 offset 0x52 may corrupt adjacent RW1C bits
[   22.304479] pcieport 0000:00:01.0: nv_msi_ht_cap_quirk didn't locate host bridge
[   23.032608] OOM killer enabled.
[   23.035739] Restarting tasks ... done.
[   23.040894] PM: suspend exit
root@(none):/# 
root@(none):/# rtcwake -d rtc1 -m mem -s 3
rtcwake: wakeup from "mem" using /dev/rtc1 at Thu Jan  1 00:01:02 1970
[   24.130636] PM: suspend entry (deep)
[   24.134214] PM: Syncing filesystems ... done.
[   24.139650] Freezing user space processes ... (elapsed 0.001 seconds) done.
[   24.147756] OOM killer disabled.
[   24.150973] Freezing remaining freezable tasks ... (elapsed 0.001 seconds) done.
[   24.159516] Suspending console(s) (use no_console_suspend to debug)
[   24.253965] Disabling non-boot CPUs ...
[   24.357679] IRQ17 no longer affine to CPU2
[   24.398314] Entering suspend state LP1
[   24.398347] Enabling non-boot CPUs ...
[   24.400239] CPU1 is up
[   24.402011] CPU2 is up
[   24.403904] CPU3 is up
[   24.404534] pcieport 0000:00:01.0: nv_msi_ht_cap_quirk didn't locate host bridge
[   25.037085] OOM killer enabled.
[   25.040224] Restarting tasks ... done.
[   25.044447] PM: suspend exit
root@(none):/# 
root@(none):/# rtcwake -d rtc1 -m mem -s 3
rtcwake: wakeup from "mem" using /dev/rtc1 at Thu Jan  1 00:01:07 1970
[   26.230414] PM: suspend entry (deep)
[   26.233997] PM: Syncing filesystems ... done.
[   26.239412] Freezing user space processes ... (elapsed 0.001 seconds) done.
[   26.247521] OOM killer disabled.
[   26.250738] Freezing remaining freezable tasks ... (elapsed 0.001 seconds) done.
[   26.259284] Suspending console(s) (use no_console_suspend to debug)
[   26.351297] Disabling non-boot CPUs ...
[   26.387839] IRQ17 no longer affine to CPU1
[   26.508130] Entering suspend state LP1
[   26.508168] Enabling non-boot CPUs ...
[   26.510050] CPU1 is up
[   26.511825] CPU2 is up
[   26.513718] CPU3 is up
[   26.514323] pcieport 0000:00:01.0: nv_msi_ht_cap_quirk didn't locate host bridge
[   27.146444] OOM killer enabled.
[   27.149583] Restarting tasks ... done.
[   27.156607] PM: suspend exit
root@(none):/# 
root@(none):/# NVTB SYSTEM SUSPEND TEST COMPLETE
