
U-Boot SPL 2016.05-rc2 (Apr 21 2016 - 16:23:00)
Trying to boot from RAM


U-Boot 2016.05-rc2 (Apr 21 2016 - 16:23:00 -0700)

TEGRA124
Model: NVIDIA Jetson TK1
Board: NVIDIA Jetson TK1
DRAM:  2 GiB
MC:   Tegra SD/MMC: 0, Tegra SD/MMC: 1
In:    serial
Out:   serial
Err:   serial
Net:   No ethernet found.
Hit any key to stop autoboot:  2  0 
Tegra124 (Jetson TK1) # 
Tegra124 (Jetson TK1) # pci enum
Tegra124 (Jetson TK1) # setenv bootargs 'ignore_loglevel console=ttyS0,115200n8 rw root=PARTUUID=b1791faa-84e8-4e27-83a1-9fb0a77e8803 rootwait gpt debug noinitrd earlyprintk init=/bin/bash'
Tegra124 (Jetson TK1) # setenv ipaddr 192.168.100.102; setenv serverip 192.168.100.1; setenv tftpserverip 192.168.100.1
Tegra124 (Jetson TK1) # tftpboot 0x82000000 zImage.multi_v7_defconfig

Warning: eth_rtl8169 using MAC address from ROM
Using eth_rtl8169 device
TFTP from server 192.168.100.1; our IP address is 192.168.100.102
Filename 'zImage.multi_v7_defconfig'.
Load address: 0x82000000
Loading: *#################################################################
	 #################################################################
	 #################################################################
	 #################################################################
	 #################################################################
	 #################################################################
	 #################################################################
	 #######################################
	 4 MiB/s
done
Bytes transferred = 7239024 (6e7570 hex)
Tegra124 (Jetson TK1) # tftpboot 0x83000000 tegra124-jetson-tk1.dtb
Using eth_rtl8169 device
TFTP from server 192.168.100.1; our IP address is 192.168.100.102
Filename 'tegra124-jetson-tk1.dtb'.
Load address: 0x83000000
Loading: *#####
	 3.7 MiB/s
done
Bytes transferred = 66737 (104b1 hex)
Tegra124 (Jetson TK1) # bootz 0x82000000 - 0x83000000
Kernel image @ 0x82000000 [ 0x000000 - 0x6e7570 ]
## Flattened Device Tree blob at 83000000
   Booting using the fdt blob at 0x83000000
   Using Device Tree in place at 83000000, end 830134b0

Starting kernel ...

[    0.000000] Booting Linux on physical CPU 0x0
[    0.000000] Linux version 4.7.0-rc3-95766-g5edb564 (pwalmsley@sellafield) (gcc version 4.7.3 20130328 (prerelease) (crosstool-NG linaro-1.13.1-4.7-2013.04-20130415 - Linaro GCC 2013.04) ) #1 SMP Sun Jun 12 07:34:14 PDT 2016
[    0.000000] CPU: ARMv7 Processor [413fc0f3] revision 3 (ARMv7), cr=10c5387d
[    0.000000] CPU: div instructions available: patching division code
[    0.000000] CPU: PIPT / VIPT nonaliasing data cache, PIPT instruction cache
[    0.000000] Machine model: NVIDIA Tegra124 Jetson TK1
[    0.000000] debug: ignoring loglevel setting.
[    0.000000] cma: Reserved 64 MiB at 0xfb800000
[    0.000000] Memory policy: Data cache writealloc
[    0.000000] On node 0 totalpages: 524032
[    0.000000] free_area_init_node: node 0, pgdat c141bb40, node_mem_map eeff8000
[    0.000000]   DMA zone: 1536 pages used for memmap
[    0.000000]   DMA zone: 0 pages reserved
[    0.000000]   DMA zone: 196608 pages, LIFO batch:31
[    0.000000]   HighMem zone: 327424 pages, LIFO batch:31
[    0.000000] percpu: Embedded 13 pages/cpu @eef89000 s23808 r8192 d21248 u53248
[    0.000000] pcpu-alloc: s23808 r8192 d21248 u53248 alloc=13*4096
[    0.000000] pcpu-alloc: [0] 0 [0] 1 [0] 2 [0] 3 
[    0.000000] Built 1 zonelists in Zone order, mobility grouping on.  Total pages: 522496
[    0.000000] Kernel command line: ignore_loglevel console=ttyS0,115200n8 rw root=PARTUUID=b1791faa-84e8-4e27-83a1-9fb0a77e8803 rootwait gpt debug noinitrd earlyprintk init=/bin/bash
[    0.000000] PID hash table entries: 4096 (order: 2, 16384 bytes)
[    0.000000] Dentry cache hash table entries: 131072 (order: 7, 524288 bytes)
[    0.000000] Inode-cache hash table entries: 65536 (order: 6, 262144 bytes)
[    0.000000] Memory: 1994996K/2096128K available (9529K kernel code, 1142K rwdata, 4476K rodata, 2048K init, 343K bss, 35596K reserved, 65536K cma-reserved, 1244160K highmem)
[    0.000000] Virtual kernel memory layout:
[    0.000000]     vector  : 0xffff0000 - 0xffff1000   (   4 kB)
[    0.000000]     fixmap  : 0xffc00000 - 0xfff00000   (3072 kB)
[    0.000000]     vmalloc : 0xf0800000 - 0xff800000   ( 240 MB)
[    0.000000]     lowmem  : 0xc0000000 - 0xf0000000   ( 768 MB)
[    0.000000]     pkmap   : 0xbfe00000 - 0xc0000000   (   2 MB)
[    0.000000]     modules : 0xbf000000 - 0xbfe00000   (  14 MB)
[    0.000000]       .text : 0xc0208000 - 0xc10ad5bc   (14998 kB)
[    0.000000]       .init : 0xc1100000 - 0xc1300000   (2048 kB)
[    0.000000]       .data : 0xc1300000 - 0xc141dba0   (1143 kB)
[    0.000000]        .bss : 0xc141f000 - 0xc1474ca0   ( 344 kB)
[    0.000000] SLUB: HWalign=64, Order=0-3, MinObjects=0, CPUs=4, Nodes=1
[    0.000000] Hierarchical RCU implementation.
[    0.000000] 	Build-time adjustment of leaf fanout to 32.
[    0.000000] 	RCU restricting CPUs from NR_CPUS=16 to nr_cpu_ids=4.
[    0.000000] RCU: Adjusting geometry for rcu_fanout_leaf=32, nr_cpu_ids=4
[    0.000000] NR_IRQS:16 nr_irqs:16 16
[    0.000000] /interrupt-controller@60004000: 160 interrupts forwarded to /interrupt-controller@0,50041000
[    0.000000] Tegra clk 127: register failed with -17
[    0.000008] sched_clock: 32 bits at 1000kHz, resolution 1000ns, wraps every 2147483647500ns
[    0.000031] clocksource: timer_us: mask: 0xffffffff max_cycles: 0xffffffff, max_idle_ns: 1911260446275 ns
[    0.000045] Switching to timer-based delay loop, resolution 1000ns
[    0.005393] Architected cp15 timer(s) running at 12.00MHz (virt).
[    0.005411] clocksource: arch_sys_counter: mask: 0xffffffffffffff max_cycles: 0x2c47f4ee7, max_idle_ns: 440795202497 ns
[    0.005429] sched_clock: 56 bits at 12MHz, resolution 83ns, wraps every 4398046511096ns
[    0.005441] Switching to timer-based delay loop, resolution 83ns
[    0.005946] Console: colour dummy device 80x30
[    0.005972] Calibrating delay loop (skipped), value calculated using timer frequency.. 24.00 BogoMIPS (lpj=60000)
[    0.005986] pid_max: default: 32768 minimum: 301
[    0.006080] Mount-cache hash table entries: 2048 (order: 1, 8192 bytes)
[    0.006092] Mountpoint-cache hash table entries: 2048 (order: 1, 8192 bytes)
[    0.006686] CPU: Testing write buffer coherency: ok
[    0.006907] /cpus/cpu@0 missing clock-frequency property
[    0.006950] /cpus/cpu@1 missing clock-frequency property
[    0.006991] /cpus/cpu@2 missing clock-frequency property
[    0.007033] /cpus/cpu@3 missing clock-frequency property
[    0.007045] CPU0: thread -1, cpu 0, socket 0, mpidr 80000000
[    0.007066] Setting up static identity map for 0x80300000 - 0x80300098
[    0.010714] Tegra Revision: A01 SKU: 129 CPU Process: 1 SoC Process: 1
[    0.012174] CPU1: thread -1, cpu 1, socket 0, mpidr 80000001
[    0.015847] CPU2: thread -1, cpu 2, socket 0, mpidr 80000002
[    0.020850] CPU3: thread -1, cpu 3, socket 0, mpidr 80000003
[    0.025295] Brought up 4 CPUs
[    0.025316] SMP: Total of 4 processors activated (96.00 BogoMIPS).
[    0.025323] CPU: All CPU(s) started in SVC mode.
[    0.026785] devtmpfs: initialized
[    0.045569] VFP support v0.3: implementor 41 architecture 4 part 30 variant f rev 0
[    0.046265] clocksource: jiffies: mask: 0xffffffff max_cycles: 0xffffffff, max_idle_ns: 9556302231375000 ns
[    0.047631] pinctrl core: initialized pinctrl subsystem
[    0.049301] NET: Registered protocol family 16
[    0.051275] DMA: preallocated 256 KiB pool for atomic coherent allocations
[    0.065428] cpuidle: using governor menu
[    0.084785] No ATAGs?
[    0.084812] hw-breakpoint: found 5 (+1 reserved) breakpoint and 4 watchpoint registers.
[    0.084822] hw-breakpoint: maximum watchpoint size is 8 bytes.
[    0.091095] Serial: AMBA PL011 UART driver
[    0.120701] +5V_SYS: supplied by +VDD_MUX
[    0.121026] +3.3V_SYS: supplied by +VDD_MUX
[    0.121673] +USB0_VBUS_SW: Failed to request enable GPIO108: -517
[    0.121688] reg-fixed-voltage regulators:regulator@7: Failed to register regulator: -517
[    0.121778] +5V_USB_HS: Failed to request enable GPIO109: -517
[    0.121790] reg-fixed-voltage regulators:regulator@8: Failed to register regulator: -517
[    0.121957] +1.05V_RUN_AVDD_HDMI_PLL: Failed to request enable GPIO63: -517
[    0.121970] reg-fixed-voltage regulators:regulator@11: Failed to register regulator: -517
[    0.122057] +5V_HDMI_CON: Failed to request enable GPIO86: -517
[    0.122069] reg-fixed-voltage regulators:regulator@12: Failed to register regulator: -517
[    0.122155] +5V_SATA: Failed to request enable GPIO242: -517
[    0.122167] reg-fixed-voltage regulators:regulator@13: Failed to register regulator: -517
[    0.122254] +12V_SATA: Failed to request enable GPIO242: -517
[    0.122265] reg-fixed-voltage regulators:regulator@14: Failed to register regulator: -517
[    0.125625] vgaarb: loaded
[    0.126470] SCSI subsystem initialized
[    0.126632] libata version 3.00 loaded.
[    0.126910] usbcore: registered new interface driver usbfs
[    0.126981] usbcore: registered new interface driver hub
[    0.127044] usbcore: registered new device driver usb
[    0.130812] pps_core: LinuxPPS API ver. 1 registered
[    0.130847] pps_core: Software ver. 5.3.6 - Copyright 2005-2007 Rodolfo Giometti <giometti@linux.it>
[    0.130872] PTP clock support registered
[    0.131077] EDAC MC: Ver: 3.0.0
[    0.134218] clocksource: Switched to clocksource arch_sys_counter
[    0.145378] NET: Registered protocol family 2
[    0.145899] TCP established hash table entries: 8192 (order: 3, 32768 bytes)
[    0.145997] TCP bind hash table entries: 8192 (order: 4, 65536 bytes)
[    0.146183] TCP: Hash tables configured (established 8192 bind 8192)
[    0.146236] UDP hash table entries: 512 (order: 2, 16384 bytes)
[    0.146278] UDP-Lite hash table entries: 512 (order: 2, 16384 bytes)
[    0.146431] NET: Registered protocol family 1
[    0.146662] RPC: Registered named UNIX socket transport module.
[    0.146671] RPC: Registered udp transport module.
[    0.146678] RPC: Registered tcp transport module.
[    0.146685] RPC: Registered tcp NFSv4.1 backchannel transport module.
[    0.146696] PCI: CLS 0 bytes, default 64
[    0.147893] hw perfevents: enabled with armv7_cortex_a15 PMU driver, 7 counters available
[    0.149429] futex hash table entries: 1024 (order: 4, 65536 bytes)
[    0.150143] workingset: timestamp_bits=28 max_order=19 bucket_order=0
[    0.161641] squashfs: version 4.0 (2009/01/31) Phillip Lougher
[    0.162482] NFS: Registering the id_resolver key type
[    0.162513] Key type id_resolver registered
[    0.162521] Key type id_legacy registered
[    0.162563] ntfs: driver 2.1.32 [Flags: R/O].
[    0.163856] bounce: pool size: 64 pages
[    0.164061] Block layer SCSI generic (bsg) driver version 0.4 loaded (major 248)
[    0.164072] io scheduler noop registered
[    0.164080] io scheduler deadline registered
[    0.164116] io scheduler cfq registered (default)
[    0.169932] usb2-0 supply vbus not found, using dummy regulator
[    0.170058] usb2-1 supply vbus not found, using dummy regulator
[    0.170458] tegra-xusb-padctl 7009f000.padctl: failed to setup XUSB ports: -517
[    0.187369] tegra-pcie 1003000.pcie-controller: 2x1, 1x1 configuration
[    0.187422] tegra-pcie 1003000.pcie-controller: Failed to get supply 'avddio-pex': -517
[    0.194825] tegra-apbdma 60020000.dma: Tegra20 APB DMA driver register 32 channels
[    0.196862] tegra-pmc 7000e400.pmc: emergency thermal reset enabled
[    0.260222] Serial: 8250/16550 driver, 4 ports, IRQ sharing disabled
[    0.263185] console [ttyS0] disabled
[    0.263222] 70006300.serial: ttyS0 at MMIO 0x70006300 (irq = 333, base_baud = 25500000) is a Tegra
[    1.113890] console [ttyS0] enabled
[    1.118308] SuperH (H)SCI(F) driver initialized
[    1.123916] msm_serial: driver initialized
[    1.128233] STMicroelectronics ASC driver initialized
[    1.134258] serial-tegra serial@70006000: failed to get alias id, errno -19
[    1.141283] serial-tegra serial@70006040: failed to get alias id, errno -19
[    1.151375] [drm] Initialized drm 1.1.0 20060810
[    1.159546] tegra-hdmi 54280000.hdmi: failed to get HDMI regulator
[    1.179190] brd: module loaded
[    1.188306] loop: module loaded
[    1.191938] at24 0-0056: 256 byte 24c02 EEPROM, writable, 8 bytes/write
[    1.200280] as3722 4-0040: AS3722 with revision 0x1 found
[    1.211452] as3722-sd2: supplied by +5V_SYS
[    1.216120] as3722-sd3: supplied by +5V_SYS
[    1.220532] +1.35V_LP0(sd3): Bringing 0uV into 1350000-1350000uV
[    1.226916] as3722-sd4: supplied by +5V_SYS
[    1.231572] as3722-sd5: supplied by +5V_SYS
[    1.237634] as3722-ldo0: supplied by +1.35V_LP0(sd2)
[    1.243725] +1.8V_RUN_CAM: Bringing 0uV into 1800000-1800000uV
[    1.249989] as3722-ldo2: supplied by +1.8V_VDDIO
[    1.255922] as3722-ldo3: supplied by +3.3V_SYS
[    1.260417] +1.05V_LP0_VDD_RTC: Bringing 1100000uV into 1000000-1000000uV
[    1.268230] as3722-ldo4: supplied by +3.3V_SYS
[    1.272910] +2.8V_RUN_CAM: Bringing 0uV into 2800000-2800000uV
[    1.279169] as3722-ldo5: supplied by +1.8V_VDDIO
[    1.284011] +1.2V_RUN_CAM_FRONT: Bringing 0uV into 1200000-1200000uV
[    1.290973] +VDDIO_SDMMC3: bypassed regulator has no supply!
[    1.296644] +VDDIO_SDMMC3: failed to get the current voltage(-517)
[    1.302836] as3722-regulator as3722-regulator: regulator 13 register failed -517
[    1.315142] tegra-ahci 70027000.sata: couldn't get PHY in node sata: -517
[    1.337072] m25p80 spi32765.0: w25q32dw (4096 Kbytes)
[    1.345627] libphy: Fixed MDIO Bus: probed
[    1.350439] CAN device driver interface
[    1.356423] igb: Intel(R) Gigabit Ethernet Network Driver - version 5.3.0-k
[    1.363391] igb: Copyright (c) 2007-2014 Intel Corporation.
[    1.372481] pegasus: v0.9.3 (2013/04/25), Pegasus/Pegasus II USB Ethernet driver
[    1.379935] usbcore: registered new interface driver pegasus
[    1.385666] usbcore: registered new interface driver asix
[    1.391116] usbcore: registered new interface driver ax88179_178a
[    1.397257] usbcore: registered new interface driver cdc_ether
[    1.403157] usbcore: registered new interface driver smsc75xx
[    1.408970] usbcore: registered new interface driver smsc95xx
[    1.414764] usbcore: registered new interface driver net1080
[    1.420481] usbcore: registered new interface driver cdc_subset
[    1.426453] usbcore: registered new interface driver zaurus
[    1.432103] usbcore: registered new interface driver cdc_ncm
[    1.438027] tegra-phy 7d004000.usb-phy: no vbus regulator
[    1.445688] ehci_hcd: USB 2.0 'Enhanced' Host Controller (EHCI) Driver
[    1.452224] ehci-pci: EHCI PCI platform driver
[    1.456720] ehci-platform: EHCI generic platform driver
[    1.462184] ehci-omap: OMAP-EHCI Host Controller driver
[    1.467572] ehci-orion: EHCI orion driver
[    1.471744] SPEAr-ehci: EHCI SPEAr driver
[    1.475920] ehci-st: EHCI STMicroelectronics driver
[    1.480967] ehci-exynos: EHCI EXYNOS driver
[    1.485340] ehci-atmel: EHCI Atmel driver
[    1.489515] tegra-ehci: Tegra EHCI driver
[    1.493764] ------------[ cut here ]------------
[    1.498403] WARNING: CPU: 0 PID: 1 at drivers/reset/core.c:187 __of_reset_control_get+0x1bc/0x228
[    1.507272] Modules linked in:
[    1.510348] CPU: 0 PID: 1 Comm: swapper/0 Not tainted 4.7.0-rc3-95766-g5edb564 #1
[    1.517819] Hardware name: NVIDIA Tegra SoC (Flattened Device Tree)
[    1.524097] [<c030f9d0>] (unwind_backtrace) from [<c030b0c0>] (show_stack+0x10/0x14)
[    1.531838] [<c030b0c0>] (show_stack) from [<c0585a88>] (dump_stack+0x84/0xa4)
[    1.539057] [<c0585a88>] (dump_stack) from [<c0341b5c>] (__warn+0xd4/0x100)
[    1.546014] [<c0341b5c>] (__warn) from [<c0341ba8>] (warn_slowpath_null+0x20/0x28)
[    1.553577] [<c0341ba8>] (warn_slowpath_null) from [<c06a0030>] (__of_reset_control_get+0x1bc/0x228)
[    1.562704] [<c06a0030>] (__of_reset_control_get) from [<c091236c>] (tegra_ehci_probe+0x2d0/0x51c)
[    1.571655] [<c091236c>] (tegra_ehci_probe) from [<c077945c>] (platform_drv_probe+0x50/0xb0)
[    1.580088] [<c077945c>] (platform_drv_probe) from [<c0777dc0>] (driver_probe_device+0x1f4/0x2b0)
[    1.588953] [<c0777dc0>] (driver_probe_device) from [<c0777f28>] (__driver_attach+0xac/0xb0)
[    1.597382] [<c0777f28>] (__driver_attach) from [<c07763d4>] (bus_for_each_dev+0x54/0x88)
[    1.605552] [<c07763d4>] (bus_for_each_dev) from [<c07773b4>] (bus_add_driver+0xe8/0x1f4)
[    1.613723] [<c07773b4>] (bus_add_driver) from [<c0778744>] (driver_register+0x78/0xf4)
[    1.621718] [<c0778744>] (driver_register) from [<c0301e7c>] (do_one_initcall+0x3c/0x16c)
[    1.629890] [<c0301e7c>] (do_one_initcall) from [<c1100d80>] (kernel_init_freeable+0x120/0x1ec)
[    1.638583] [<c1100d80>] (kernel_init_freeable) from [<c0b5bba4>] (kernel_init+0x8/0x118)
[    1.646756] [<c0b5bba4>] (kernel_init) from [<c0307fb8>] (ret_from_fork+0x14/0x3c)
[    1.654347] ---[ end trace 15a07b315df47f5b ]---
[    1.658961] tegra-ehci 7d004000.usb: can't get utmi-pads reset from the PHY
[    1.665932] tegra-ehci 7d004000.usb: continuing, but please update your DT
[    1.672915] tegra-ehci 7d004000.usb: EHCI Host Controller
[    1.678348] tegra-ehci 7d004000.usb: new USB bus registered, assigned bus number 1
[    1.686197] tegra-ehci 7d004000.usb: irq 352, io mem 0x7d004000
[    1.699239] tegra-ehci 7d004000.usb: USB 2.0 started, EHCI 1.10
[    1.706013] hub 1-0:1.0: USB hub found
[    1.709818] hub 1-0:1.0: 1 port detected
[    1.714391] ohci_hcd: USB 1.1 'Open' Host Controller (OHCI) Driver
[    1.720603] ohci-pci: OHCI PCI platform driver
[    1.725104] ohci-platform: OHCI generic platform driver
[    1.730529] ohci-omap3: OHCI OMAP3 driver
[    1.734699] SPEAr-ohci: OHCI SPEAr driver
[    1.738859] ohci-st: OHCI STMicroelectronics driver
[    1.743897] ohci-atmel: OHCI Atmel driver
[    1.748750] usbcore: registered new interface driver usb-storage
[    1.756535] mousedev: PS/2 mouse device common for all mice
[    1.765738] as3722-rtc as3722-rtc: rtc core: registered as3722-rtc as rtc0
[    1.772626] as3722-rtc as3722-rtc: RTC interrupt 375
[    1.781007] tegra_rtc 7000e000.rtc: rtc core: registered 7000e000.rtc as rtc1
[    1.788192] tegra_rtc 7000e000.rtc: Tegra internal Real Time Clock
[    1.794987] i2c /dev entries driver
[    1.805605] 0-004c supply vcc not found, using dummy regulator
[    1.821232] sdhci: Secure Digital Host Controller Interface driver
[    1.827425] sdhci: Copyright(c) Pierre Ossman
[    1.833485] Synopsys Designware Multimedia Card Interface Driver
[    1.840713] sdhci-pltfm: SDHCI platform and OF driver helper
[    1.847203] sdhci-tegra 700b0400.sdhci: Got CD GPIO
[    1.852109] sdhci-tegra 700b0400.sdhci: Got WP GPIO
[    1.857053] mmc0: Unknown controller version (3). You may experience problems.
[    1.864537] mmc0: Unknown controller version (3). You may experience problems.
[    1.871825] mmc0: Invalid maximum block size, assuming 512 bytes
[    1.909242] mmc0: SDHCI controller on 700b0600.sdhci [700b0600.sdhci] using ADMA 64-bit
[    1.918992] ledtrig-cpu: registered to indicate activity on CPUs
[    1.925350] usbcore: registered new interface driver usbhid
[    1.930933] usbhid: USB HID core driver
[    1.939384] tegra124-dfll 70110000.clock: couldn't get vdd_cpu regulator
[    1.951009] NET: Registered protocol family 10
[    1.956145] sit: IPv6 over IPv4 tunneling driver
[    1.961465] NET: Registered protocol family 17
[    1.965950] can: controller area network core (rev 20120528 abi 9)
[    1.972214] NET: Registered protocol family 29
[    1.976690] can: raw protocol (rev 20120528)
[    1.980978] can: broadcast manager protocol (rev 20120528 t)
[    1.986658] can: netlink gateway (rev 20130117) max_hops=1
[    1.992539] Key type dns_resolver registered
[    1.997464] ThumbEE CPU extension supported.
[    2.001763] Registering SWP/SWPB emulation handler
[    2.010945] +3.3V_RUN: supplied by +3.3V_SYS
[    2.016519] +3.3V_AVDD_HDMI_AP_GATED: supplied by +3.3V_RUN
[    2.022696] +USB0_VBUS_SW: supplied by +5V_SYS
[    2.027819] +5V_USB_HS: supplied by +5V_SYS
[    2.033565] +3.3V_LP0: supplied by +3.3V_SYS
[    2.039717] +5V_HDMI_CON: supplied by +5V_SYS
[    2.044822] +5V_SATA: supplied by +5V_SYS
[    2.049354] +12V_SATA: supplied by +VDD_MUX
[    2.055591] usb2-0 supply vbus not found, using dummy regulator
[    2.060934] mmc0: new high speed MMC card at address 0001
[    2.062033] mmcblk0: mmc0:0001 SEM16G 14.7 GiB 
[    2.063150] mmcblk0boot0: mmc0:0001 SEM16G partition 1 4.00 MiB
[    2.064261] mmcblk0boot1: mmc0:0001 SEM16G partition 2 4.00 MiB
[    2.065291] mmcblk0rpmb: mmc0:0001 SEM16G partition 3 4.00 MiB
[    2.067643]  mmcblk0: p1
[    2.091986] usb2-1 supply vbus not found, using dummy regulator
[    2.098301] usb3-0 supply vbus not found, using dummy regulator
[    2.105564] tegra-pcie 1003000.pcie-controller: 2x1, 1x1 configuration
[    2.112204] tegra-pcie 1003000.pcie-controller: Failed to get supply 'avddio-pex': -517
[    2.122062] tegra-hdmi 54280000.hdmi: failed to get PLL regulator
[    2.133189] as3722-sd2: supplied by +5V_SYS
[    2.137845] as3722-sd3: supplied by +5V_SYS
[    2.142464] as3722-sd4: supplied by +5V_SYS
[    2.147008] +1.05V_RUN_AVDD_HDMI_PLL: supplied by +1.05V_RUN
[    2.152847] as3722-sd5: supplied by +5V_SYS
[    2.158866] as3722-ldo0: supplied by +1.35V_LP0(sd2)
[    2.165020] as3722-ldo1: supplied by +3.3V_RUN
[    2.169821] as3722-ldo2: supplied by +1.8V_VDDIO
[    2.175357] as3722-ldo3: supplied by +3.3V_SYS
[    2.180690] as3722-ldo4: supplied by +3.3V_SYS
[    2.185412] as3722-ldo5: supplied by +1.8V_VDDIO
[    2.190311] as3722-ldo6: supplied by +3.3V_RUN
[    2.195041] as3722-ldo7: supplied by +1.8V_VDDIO
[    2.200415] +1.05V_RUN_CAM_REAR: Bringing 0uV into 1050000-1050000uV
[    2.207524] as3722-ldo9: supplied by +5V_SYS
[    2.213018] +3.3V_RUN_TOUCH: Bringing 0uV into 2800000-2800000uV
[    2.219626] as3722-ldo10: supplied by +5V_SYS
[    2.224493] +2.8V_RUN_CAM_AF: Bringing 0uV into 2800000-2800000uV
[    2.231335] as3722-ldo11: supplied by +3.3V_RUN
[    2.236658] +1.8V_RUN_VPP_FUSE: Bringing 0uV into 1800000-1800000uV
[    2.246686] tegra-ahci 70027000.sata: AHCI 0001.0301 32 slots 2 ports 3 Gbps 0x1 impl platform mode
[    2.255773] tegra-ahci 70027000.sata: flags: 64bit ncq sntf pm led pio slum part sadm sds apst 
[    2.266705] scsi host0: tegra-ahci
[    2.271412] scsi host1: tegra-ahci
[    2.275207] ata1: SATA max UDMA/133 mmio [mem 0x70027000-0x70028fff] port 0x100 irq 343
[    2.283218] ata2: DUMMY
[    2.288784] tegra-ehci 7d008000.usb: EHCI Host Controller
[    2.294241] tegra-ehci 7d008000.usb: new USB bus registered, assigned bus number 2
[    2.301995] tegra-ehci 7d008000.usb: irq 353, io mem 0x7d008000
[    2.314340] tegra-ehci 7d008000.usb: USB 2.0 started, EHCI 1.10
[    2.321475] hub 2-0:1.0: USB hub found
[    2.325324] hub 2-0:1.0: 1 port detected
[    2.331832] sdhci-tegra 700b0400.sdhci: Got CD GPIO
[    2.336782] sdhci-tegra 700b0400.sdhci: Got WP GPIO
[    2.341775] mmc1: Unknown controller version (3). You may experience problems.
[    2.349302] mmc1: Invalid maximum block size, assuming 512 bytes
[    2.389795] mmc1: SDHCI controller on 700b0400.sdhci [700b0400.sdhci] using ADMA 64-bit
[    2.402399] tegra-pcie 1003000.pcie-controller: 2x1, 1x1 configuration
[    2.411302] tegra-pcie 1003000.pcie-controller: probing port 0, using 2 lanes
[    2.420694] tegra-pcie 1003000.pcie-controller: Slot present pin change, signature: 00000008
[    2.445120] tegra-pcie 1003000.pcie-controller: probing port 1, using 1 lanes
[    2.454323] tegra-pcie 1003000.pcie-controller: Slot present pin change, signature: 00000000
[    2.469136] tegra-pcie 1003000.pcie-controller: PCI host bridge to bus 0000:00
[    2.476401] pci_bus 0000:00: root bus resource [io  0x0000-0xffff]
[    2.482596] pci_bus 0000:00: root bus resource [mem 0x13000000-0x1fffffff]
[    2.489492] pci_bus 0000:00: root bus resource [mem 0x20000000-0x3fffffff pref]
[    2.496837] pci_bus 0000:00: root bus resource [bus 00-ff]
[    2.502405] pci 0000:00:01.0: [10de:0e12] type 01 class 0x060400
[    2.508570] pci 0000:00:01.0: PME# supported from D0 D1 D2 D3hot D3cold
[    2.515567] pci 0000:00:02.0: [10de:0e13] type 01 class 0x060400
[    2.521739] pci 0000:00:02.0: PME# supported from D0 D1 D2 D3hot D3cold
[    2.528766] PCI: bus0: Fast back to back transfers disabled
[    2.534388] pci 0000:00:01.0: bridge configuration invalid ([bus 00-00]), reconfiguring
[    2.542439] pci 0000:00:02.0: bridge configuration invalid ([bus 00-00]), reconfiguring
[    2.550732] pci 0000:01:00.0: [8086:4232] type 00 class 0x028000
[    2.556827] pci 0000:01:00.0: reg 0x10: [mem 0x00000000-0x00001fff 64bit]
[    2.563871] pci 0000:01:00.0: PME# supported from D0 D3hot D3cold
[    2.579374] PCI: bus1: Fast back to back transfers disabled
[    2.585011] pci_bus 0000:01: busn_res: [bus 01-ff] end is updated to 01
[    2.591929] pci 0000:02:00.0: [10ec:8168] type 00 class 0x020000
[    2.597750] ata1: SATA link down (SStatus 0 SControl 300)
[    2.603421] pci 0000:02:00.0: reg 0x10: [io  0x0000-0x00ff]
[    2.609082] pci 0000:02:00.0: reg 0x18: [mem 0x00000000-0x00000fff 64bit]
[    2.615938] pci 0000:02:00.0: reg 0x20: [mem 0x00000000-0x00003fff 64bit pref]
[    2.623368] pci 0000:02:00.0: supports D1 D2
[    2.627681] pci 0000:02:00.0: PME# supported from D0 D1 D2 D3hot D3cold
[    2.644367] PCI: bus2: Fast back to back transfers disabled
[    2.649975] pci_bus 0000:02: busn_res: [bus 02-ff] end is updated to 02
[    2.656767] pci 0000:00:01.0: BAR 8: assigned [mem 0x13000000-0x130fffff]
[    2.663600] pci 0000:00:02.0: BAR 8: assigned [mem 0x13100000-0x131fffff]
[    2.670405] pci 0000:00:02.0: BAR 9: assigned [mem 0x20000000-0x200fffff 64bit pref]
[    2.678192] pci 0000:00:02.0: BAR 7: assigned [io  0x1000-0x1fff]
[    2.684342] pci 0000:01:00.0: BAR 0: assigned [mem 0x13000000-0x13001fff 64bit]
[    2.691726] pci 0000:00:01.0: PCI bridge to [bus 01]
[    2.696752] pci 0000:00:01.0:   bridge window [mem 0x13000000-0x130fffff]
[    2.703604] pci 0000:02:00.0: BAR 4: assigned [mem 0x20000000-0x20003fff 64bit pref]
[    2.711416] pci 0000:02:00.0: BAR 2: assigned [mem 0x13100000-0x13100fff 64bit]
[    2.718792] pci 0000:02:00.0: BAR 0: assigned [io  0x1000-0x10ff]
[    2.724939] pci 0000:00:02.0: PCI bridge to [bus 02]
[    2.729953] pci 0000:00:02.0:   bridge window [io  0x1000-0x1fff]
[    2.736098] pci 0000:00:02.0:   bridge window [mem 0x13100000-0x131fffff]
[    2.742934] pci 0000:00:02.0:   bridge window [mem 0x20000000-0x200fffff 64bit pref]
[    2.750762] pci 0000:00:01.0: nv_msi_ht_cap_quirk didn't locate host bridge
[    2.757894] pcieport 0000:00:01.0: enabling device (0140 -> 0142)
[    2.764340] pcieport 0000:00:01.0: Signaling PME through PCIe PME interrupt
[    2.771348] pci 0000:01:00.0: Signaling PME through PCIe PME interrupt
[    2.777927] pcie_pme 0000:00:01.0:pcie001: service driver pcie_pme loaded
[    2.784866] pci 0000:00:02.0: nv_msi_ht_cap_quirk didn't locate host bridge
[    2.791992] pcieport 0000:00:02.0: enabling device (0140 -> 0143)
[    2.798404] pcieport 0000:00:02.0: Signaling PME through PCIe PME interrupt
[    2.805407] pci 0000:02:00.0: Signaling PME through PCIe PME interrupt
[    2.811983] pcie_pme 0000:00:02.0:pcie001: service driver pcie_pme loaded
[    2.819150] r8169 Gigabit Ethernet driver 2.3LK-NAPI loaded
[    2.824792] r8169 0000:02:00.0: enabling device (0140 -> 0143)
[    2.841029] r8169 0000:02:00.0 eth0: RTL8168g/8111g at 0xf0a52000, 00:04:4b:3a:d9:81, XID 0c000800 IRQ 393
[    2.850748] r8169 0000:02:00.0 eth0: jumbo features [frames: 9200 bytes, tx checksumming: ko]
[    2.863358] [drm] Supports vblank timestamp caching Rev 2 (21.10.2013).
[    2.870016] [drm] No driver support for vblank timestamp query.
[    2.877875] mmc1: new high speed SDHC card at address aaaa
[    2.884510] mmcblk1: mmc1:aaaa SD04G 3.69 GiB 
[    2.899454]  mmcblk1: p1 p2 p3
[    2.994534] tegra-hdmi 54280000.hdmi: cannot set audio to 44100 at 297000000 pclk
[    3.164737] Console: switching to colour frame buffer device 512x135
[    3.259734] drm drm: fb0:  frame buffer device
[    3.274346] [drm] Initialized tegra 0.0.0 20120330 on minor 0
[    3.281869] of: dev_pm_opp_of_cpumask_add_table: couldn't find opp table for cpu:0, -19
[    3.289925] cpufreq: cpufreq_online: CPU0: Running at unlisted freq: 696000 KHz
[    3.297252] cpufreq: cpufreq_online: CPU0: Unlisted initial frequency changed to: 714000 KHz
[    3.305851] cpu cpu1: cpufreq_init: failed to get clk: -2
[    3.311328] cpu cpu2: cpufreq_init: failed to get clk: -2
[    3.316802] cpu cpu3: cpufreq_init: failed to get clk: -2
[    3.322869] input: gpio-keys as /devices/soc0/gpio-keys/input/input0
[    3.331542] as3722-rtc as3722-rtc: setting system clock to 2000-01-01 00:00:12 UTC (946684812)
[    3.371333] +USB0_VBUS_SW: disabling
[    3.375082] +1.8V_RUN_CAM: disabling
[    3.379706] +2.8V_RUN_CAM: disabling
[    3.384362] +1.2V_RUN_CAM_FRONT: disabling
[    3.389478] +1.05V_RUN_CAM_REAR: disabling
[    3.394640] +3.3V_RUN_TOUCH: disabling
[    3.398731] +2.8V_RUN_CAM_AF: disabling
[    3.403666] +1.8V_RUN_VPP_FUSE: disabling
[    3.413230] EXT4-fs (mmcblk0p1): mounting ext3 file system using the ext4 subsystem
[    3.470552] EXT4-fs (mmcblk0p1): recovery complete
[    3.476882] EXT4-fs (mmcblk0p1): mounted filesystem with ordered data mode. Opts: (null)
[    3.485202] VFS: Mounted root (ext3 filesystem) on device 179:1.
[    3.498813] devtmpfs: mounted
[    3.507388] Freeing unused kernel memory: 2048K (c1100000 - c1300000)
bash: cannot set terminal process group (-1): Inappropriate ioctl for device
bash: no job control in this shell
root@(none):/# 