
U-Boot SPL 2014.01-00219-gc4d376f (Feb 18 2014 - 19:57:32)


U-Boot 2014.01-00219-gc4d376f (Feb 18 2014 - 19:57:32)

TEGRA114
Board: NVIDIA Dalmore
I2C:   ready
DRAM:  2 GiB
MMC:   Tegra SD/MMC: 0, Tegra SD/MMC: 1
In:    serial
Out:   serial
Err:   serial
Net:   Net Initialization Skipped
No ethernet found.
Hit any key to stop autoboot:  2  0 
Tegra114 (Dalmore) # 
Tegra114 (Dalmore) # usb reset
(Re)start USB...
USB0:   USB EHCI 1.10
scanning bus 0 for devices... 2 USB Device(s) found
       scanning usb for storage devices... 0 Storage Device(s) found
       scanning usb for ethernet devices... 
Warning: asx0 using MAC address from net device
1 Ethernet Device(s) found
Tegra114 (Dalmore) # setenv bootargs 'ignore_loglevel console=ttyS0,115200n8 rw root=PARTUUID=7369c667-ff51-ec4a-29cd-baabf2fbe346 rootwait gpt debug earlyprintk init=/bin/bash'
Tegra114 (Dalmore) # setenv ipaddr 192.168.100.100; setenv serverip 192.168.100.1; setenv tftpserverip 192.168.100.1
Tegra114 (Dalmore) # tftpboot 0x81000000 zImage.tegra_defconfig
Using asx0 device
TFTP from server 192.168.100.1; our IP address is 192.168.100.100
Filename 'zImage.tegra_defconfig'.
Load address: 0x81000000
Loading: *#################################################################
	 #################################################################
	 #################################################################
	 #################################################################
	 #################################################################
	 ###############################################
	 3.2 MiB/s
done
Bytes transferred = 5454448 (533a70 hex)
Tegra114 (Dalmore) # tftpboot 0x82000000 tegra114-dalmore.dtb
Using asx0 device
TFTP from server 192.168.100.1; our IP address is 192.168.100.100
Filename 'tegra114-dalmore.dtb'.
Load address: 0x82000000
Loading: *###
	 3 MiB/s
done
Bytes transferred = 35044 (88e4 hex)
Tegra114 (Dalmore) # bootz 0x81000000 - 0x82000000
Kernel image @ 0x81000000 [ 0x000000 - 0x533a70 ]
## Flattened Device Tree blob at 82000000
   Booting using the fdt blob at 0x82000000
   Loading Device Tree to 8fff4000, end 8ffff8e3 ... OK

Starting kernel ...

Uncompressing Linux... done, booting the kernel.
[    0.000000] Booting Linux on physical CPU 0x0
[    0.000000] Linux version 4.9.0-rc7-128686-ge5517c2 (pwalmsley@kaivo) (gcc version 4.7.3 20130328 (prerelease) (crosstool-NG linaro-1.13.1-4.7-2013.04-20130415 - Linaro GCC 2013.04) ) #1 SMP PREEMPT Sun Nov 27 13:34:58 PST 2016
[    0.000000] CPU: ARMv7 Processor [412fc0f2] revision 2 (ARMv7), cr=10c5387d
[    0.000000] CPU: div instructions available: patching division code
[    0.000000] CPU: PIPT / VIPT nonaliasing data cache, PIPT instruction cache
[    0.000000] OF: fdt:Machine model: NVIDIA Tegra114 Dalmore evaluation board
[    0.000000] debug: ignoring loglevel setting.
[    0.000000] bootconsole [earlycon0] enabled
[    0.000000] cma: Reserved 64 MiB at 0xfbc00000
[    0.000000] Memory policy: Data cache writealloc
[    0.000000] On node 0 totalpages: 524032
[    0.000000] free_area_init_node: node 0, pgdat c0d5d780, node_mem_map eeff7000
[    0.000000]   Normal zone: 1536 pages used for memmap
[    0.000000]   Normal zone: 0 pages reserved
[    0.000000]   Normal zone: 196608 pages, LIFO batch:31
[    0.000000]   HighMem zone: 327424 pages, LIFO batch:31
[    0.000000] percpu: Embedded 14 pages/cpu @eefa3000 s26176 r8192 d22976 u57344
[    0.000000] pcpu-alloc: s26176 r8192 d22976 u57344 alloc=14*4096
[    0.000000] pcpu-alloc: [0] 0 [0] 1 [0] 2 [0] 3 
[    0.000000] Built 1 zonelists in Zone order, mobility grouping on.  Total pages: 522496
[    0.000000] Kernel command line: ignore_loglevel console=ttyS0,115200n8 rw root=PARTUUID=7369c667-ff51-ec4a-29cd-baabf2fbe346 rootwait gpt debug earlyprintk init=/bin/bash
[    0.000000] PID hash table entries: 4096 (order: 2, 16384 bytes)
[    0.000000] Dentry cache hash table entries: 131072 (order: 7, 524288 bytes)
[    0.000000] Inode-cache hash table entries: 65536 (order: 6, 262144 bytes)
[    0.000000] Memory: 1999964K/2096128K available (8192K kernel code, 379K rwdata, 2444K rodata, 1024K init, 370K bss, 30628K reserved, 65536K cma-reserved, 1244160K highmem)
[    0.000000] Virtual kernel memory layout:
[    0.000000]     vector  : 0xffff0000 - 0xffff1000   (   4 kB)
[    0.000000]     fixmap  : 0xffc00000 - 0xfff00000   (3072 kB)
[    0.000000]     vmalloc : 0xf0800000 - 0xff800000   ( 240 MB)
[    0.000000]     lowmem  : 0xc0000000 - 0xf0000000   ( 768 MB)
[    0.000000]     pkmap   : 0xbfe00000 - 0xc0000000   (   2 MB)
[    0.000000]     modules : 0xbf000000 - 0xbfe00000   (  14 MB)
[    0.000000]       .text : 0xc0008000 - 0xc0900000   (9184 kB)
[    0.000000]       .init : 0xc0c00000 - 0xc0d00000   (1024 kB)
[    0.000000]       .data : 0xc0d00000 - 0xc0d5ee20   ( 380 kB)
[    0.000000]        .bss : 0xc0d60000 - 0xc0dbca90   ( 371 kB)
[    0.000000] Preemptible hierarchical RCU implementation.
[    0.000000] 	Build-time adjustment of leaf fanout to 32.
[    0.000000] NR_IRQS:16 nr_irqs:16 16
[    0.000000] /interrupt-controller@60004000: 160 interrupts forwarded to /interrupt-controller@50041000
[    0.000000] Tegra clk 127: register failed with -17
[    0.000009] sched_clock: 32 bits at 1000kHz, resolution 1000ns, wraps every 2147483647500ns
[    0.007512] clocksource: timer_us: mask: 0xffffffff max_cycles: 0xffffffff, max_idle_ns: 1911260446275 ns
[    0.017129] Switching to timer-based delay loop, resolution 1000ns
[    0.024204] arm_arch_timer: Architected cp15 timer(s) running at 12.00MHz (virt).
[    0.030911] clocksource: arch_sys_counter: mask: 0xffffffffffffff max_cycles: 0x2c47f4ee7, max_idle_ns: 440795202497 ns
[    0.041746] sched_clock: 56 bits at 12MHz, resolution 83ns, wraps every 4398046511096ns
[    0.049800] Switching to timer-based delay loop, resolution 83ns
[    0.056325] Console: colour dummy device 80x30
[    0.060389] Calibrating delay loop (skipped), value calculated using timer frequency.. 24.00 BogoMIPS (lpj=120000)
[    0.070770] pid_max: default: 32768 minimum: 301
[    0.076028] Mount-cache hash table entries: 2048 (order: 1, 8192 bytes)
[    0.082141] Mountpoint-cache hash table entries: 2048 (order: 1, 8192 bytes)
[    0.090718] CPU: Testing write buffer coherency: ok
[    0.094449] /cpus/cpu@0 missing clock-frequency property
[    0.099561] /cpus/cpu@1 missing clock-frequency property
[    0.104957] /cpus/cpu@2 missing clock-frequency property
[    0.110309] /cpus/cpu@3 missing clock-frequency property
[    0.115681] CPU0: thread -1, cpu 0, socket 0, mpidr 80000000
[    0.121400] Setting up static identity map for 0x80100000 - 0x80100098
[    0.208542] Tegra Revision: A01 SKU: 0 CPU Process: 1 SoC Process: 0
[    0.278709] CPU1: thread -1, cpu 1, socket 0, mpidr 80000001
[    0.348808] CPU2: thread -1, cpu 2, socket 0, mpidr 80000002
[    0.418912] CPU3: thread -1, cpu 3, socket 0, mpidr 80000003
[    0.419014] Brought up 4 CPUs
[    0.437321] SMP: Total of 4 processors activated (96.00 BogoMIPS).
[    0.443570] CPU: All CPU(s) started in SVC mode.
[    0.450094] devtmpfs: initialized
[    0.483372] VFP support v0.3: implementor 41 architecture 4 part 30 variant f rev 0
[    0.489818] clocksource: jiffies: mask: 0xffffffff max_cycles: 0xffffffff, max_idle_ns: 19112604462750000 ns
[    0.500375] pinctrl core: initialized pinctrl subsystem
[    0.506318] NET: Registered protocol family 16
[    0.510259] DMA: preallocated 256 KiB pool for atomic coherent allocations
[    0.549182] cpuidle: using governor menu
[    0.602849] No ATAGs?[    0.603058] hw-breakpoint: found 5 (+1 reserved) breakpoint and 4 watchpoint registers.
[    0.611117] hw-breakpoint: maximum watchpoint size is 8 bytes.
[    0.618125] tegra-mc 70019000.memory-controller: no memory timings for RAM code 3 registered
[    0.678675] dvdd_ts: Failed to request enable GPIO61: -517
[    0.682340] reg-fixed-voltage regulators:regulator@1: Failed to register regulator: -517
[    0.690665] usb1_vbus: Failed to request enable GPIO108: -517
[    0.696291] reg-fixed-voltage regulators:regulator@3: Failed to register regulator: -517
[    0.704586] usb2_vbus: Failed to request enable GPIO86: -517
[    0.710158] reg-fixed-voltage regulators:regulator@4: Failed to register regulator: -517
[    0.719091] VDD_5V0_HDMI_CON: Failed to request enable GPIO81: -517
[    0.724632] reg-fixed-voltage regulators:regulator@7: Failed to register regulator: -517
[    0.734587] vgaarb: loaded
[    0.736696] SCSI subsystem initialized
[    0.739642] libata version 3.00 loaded.
[    0.743973] usbcore: registered new interface driver usbfs
[    0.748973] usbcore: registered new interface driver hub
[    0.754358] usbcore: registered new device driver usb
[    0.764040] tps65090 2-0048: No cache defaults, reading back from HW
[    0.770772] TPS65090_RAILSDCDC1: supplied by vdd_ac_bat
[    0.774989] vdd_hdmi_5v0: supplied by vdd-sys-5v0
[    0.779762] TPS65090_RAILSDCDC2: supplied by vdd_ac_bat
[    0.785574] TPS65090_RAILSDCDC3: supplied by vdd_ac_bat
[    0.790332] TPS65090_RAILSFET1: supplied by vdd_ac_bat
[    0.795354] TPS65090_RAILSFET2: supplied by vdd_ac_bat
[    0.800553] TPS65090_RAILSFET3: supplied by vdd-sys-3v3
[    0.806003] TPS65090_RAILSFET4: supplied by vdd-sys-3v3
[    0.811296] TPS65090_RAILSFET5: supplied by vdd-sys-3v3
[    0.816574] TPS65090_RAILSFET6: supplied by vdd-sys-3v3
[    0.822194] TPS65090_RAILSFET7: supplied by vdd-sys-3v3
[    0.827143] TPS65090_RAILSLDO1: supplied by vdd_ac_bat
[    0.832034] TPS65090_RAILSLDO2: supplied by vdd_ac_bat
[    0.838165] palmas 2-0058: Irq flag is 0x00000004
[    0.844045] palmas 2-0058: Muxing GPIO ff, PWM 0, LED 0
[    0.850481] SMPS12: supplied by vdd-ao
[    0.854374] SMPS3: supplied by vdd-ao
[    0.858305] SMPS457: supplied by vdd-sys-3v3
[    0.864287] SMPS8: supplied by vdd-sys-3v3
[    0.867554] random: fast init done
[    0.870978] SMPS9: supplied by vdd-sys-3v3
[    0.874741] sdhci-vdd-sd-slot: Bringing 2840000uV into 2800000-2800000uV
[    0.884694] LDO1: supplied by vdd-sys-3v3
[    0.888386] LDO2: supplied by vdd-sys-3v3
[    0.892471] LDO3: supplied by vddio-1v8
[    0.896378] LDO4: supplied by vdd-sys-3v3
[    0.900438] LDO5: supplied by vdd_ac_bat
[    0.903978] LDO6: supplied by vdd-sys-3v3
[    0.907545] vdd-sensor-2v85: Bringing 2900000uV into 2850000-2850000uV
[    0.915290] LDO7: supplied by vdd-sys-3v3
[    0.919716] LDO8: supplied by vdd-ao
[    0.922017] vdd-rtc: Bringing 675000uV into 900000-900000uV
[    0.938703] LDO9: supplied by sdhci-vdd-sd-slot
[    0.949049] LDOLN: supplied by vdd-sys-5v0
[    0.952839] LDOUSB: supplied by vdd-sys-5v0
[    0.963157] Linux video capture interface: v2.00
[    0.966054] pps_core: LinuxPPS API ver. 1 registered
[    0.970997] pps_core: Software ver. 5.3.6 - Copyright 2005-2007 Rodolfo Giometti <giometti@linux.it>
[    0.980214] PTP clock support registered
[    0.985198] Advanced Linux Sound Architecture Driver Initialized.
[    0.992033] Bluetooth: Core ver 2.22
[    0.994005] NET: Registered protocol family 31
[    0.998468] Bluetooth: HCI device and connection manager initialized
[    1.004877] Bluetooth: HCI socket layer initialized
[    1.009831] Bluetooth: L2CAP socket layer initialized
[    1.014960] Bluetooth: SCO socket layer initialized
[    1.021508] clocksource: Switched to clocksource arch_sys_counter
[    1.050992] NET: Registered protocol family 2
[    1.054891] TCP established hash table entries: 8192 (order: 3, 32768 bytes)
[    1.060720] TCP bind hash table entries: 8192 (order: 4, 65536 bytes)
[    1.067331] TCP: Hash tables configured (established 8192 bind 8192)
[    1.073994] UDP hash table entries: 512 (order: 2, 16384 bytes)
[    1.079555] UDP-Lite hash table entries: 512 (order: 2, 16384 bytes)
[    1.086376] NET: Registered protocol family 1
[    1.091217] RPC: Registered named UNIX socket transport module.
[    1.096361] RPC: Registered udp transport module.
[    1.101102] RPC: Registered tcp transport module.
[    1.105885] RPC: Registered tcp NFSv4.1 backchannel transport module.
[    1.112389] PCI: CLS 0 bytes, default 64
[    1.120817] futex hash table entries: 1024 (order: 4, 65536 bytes)
[    1.126287] workingset: timestamp_bits=30 max_order=19 bucket_order=0
[    1.133201] squashfs: version 4.0 (2009/01/31) Phillip Lougher
[    1.138458] NFS: Registering the id_resolver key type
[    1.142776] Key type id_resolver registered
[    1.146920] Key type id_legacy registered
[    1.155112] bounce: pool size: 64 pages
[    1.157125] io scheduler noop registered (default)
[    1.187346] tegra-apbdma 6000a000.dma: Tegra20 APB DMA driver register 32 channels
[    1.193922] tegra-pmc 7000e400.pmc: i2c-thermtrip node not found, emergency thermal reset disabled.
[    1.202971] Serial: 8250/16550 driver, 4 ports, IRQ sharing disabled
[    1.212523] console [ttyS0] disabled
[    1.214321] 70006300.serial: ttyS0 at MMIO 0x70006300 (irq = 329, base_baud = 25500000) is a Tegra
[    1.223376] console [ttyS0] enabled
[    1.223376] console [ttyS0] enabled
[    1.229618] bootconsole [earlycon0] disabled
[    1.229618] bootconsole [earlycon0] disabled
[    1.240744] [drm] Initialized
[    1.244906] tegra-hdmi 54280000.hdmi: failed to get HDMI regulator
[    1.276111] loop: module loaded
[    1.292629] m25p80 spi32766.0: w25q32dw (4096 Kbytes)
[    1.301600] libphy: Fixed MDIO Bus: probed
[    1.305693] CAN device driver interface
[    1.309630] igb: Intel(R) Gigabit Ethernet Network Driver - version 5.4.0-k
[    1.316597] igb: Copyright (c) 2007-2014 Intel Corporation.
[    1.322531] pegasus: v0.9.3 (2013/04/25), Pegasus/Pegasus II USB Ethernet driver
[    1.330044] usbcore: registered new interface driver pegasus
[    1.335881] usbcore: registered new interface driver asix
[    1.341403] usbcore: registered new interface driver ax88179_178a
[    1.347628] usbcore: registered new interface driver cdc_ether
[    1.353638] usbcore: registered new interface driver smsc75xx
[    1.359540] usbcore: registered new interface driver smsc95xx
[    1.365418] usbcore: registered new interface driver net1080
[    1.371197] usbcore: registered new interface driver cdc_subset
[    1.377244] usbcore: registered new interface driver zaurus
[    1.382998] usbcore: registered new interface driver cdc_ncm
[    1.389107] ehci_hcd: USB 2.0 'Enhanced' Host Controller (EHCI) Driver
[    1.395655] ehci-pci: EHCI PCI platform driver
[    1.400220] tegra-ehci: Tegra EHCI driver
[    1.405153] usbcore: registered new interface driver cdc_acm
[    1.410803] cdc_acm: USB Abstract Control Model driver for USB modems and ISDN adapters
[    1.418936] usbcore: registered new interface driver cdc_wdm
[    1.424778] usbcore: registered new interface driver usb-storage
[    1.431609] mousedev: PS/2 mouse device common for all mice
[    1.442481] palmas-rtc 7000d000.i2c:tps65913@58:rtc: rtc core: registered 7000d000.i2c:tps659 as rtc0
[    1.453615] tegra_rtc 7000e000.rtc: rtc core: registered 7000e000.rtc as rtc1
[    1.460837] tegra_rtc 7000e000.rtc: Tegra internal Real Time Clock
[    1.467412] i2c /dev entries driver
[    1.472601] usbcore: registered new interface driver uvcvideo
[    1.478337] USB Video Class driver (1.1.1)
[    1.482450] gspca_main: v2.14.0 registered
[    1.487579] sbs-battery 0-000b: sbs_probe: Failed to get device status
[    1.494139] sbs-battery: probe of 0-000b failed with error -121
[    1.506563] tegra-wdt 60005000.timer: initialized (heartbeat = 120 sec, nowayout = 0)
[    1.515288] sdhci: Secure Digital Host Controller Interface driver
[    1.521457] sdhci: Copyright(c) Pierre Ossman
[    1.525825] sdhci-pltfm: SDHCI platform and OF driver helper
[    1.531863] sdhci-tegra 78000400.sdhci: Got CD GPIO
[    1.536752] sdhci-tegra 78000400.sdhci: Got WP GPIO
[    1.542846] mmc0: Invalid maximum block size, assuming 512 bytes
[    1.611780] mmc0: SDHCI controller on 78000400.sdhci [78000400.sdhci] using ADMA
[    1.619531] mmc1: Invalid maximum block size, assuming 512 bytes
[    1.691569] mmc1: SDHCI controller on 78000600.sdhci [78000600.sdhci] using ADMA
[    1.700005] usbcore: registered new interface driver usbhid
[    1.705658] usbhid: USB HID core driver
[    1.748475] mmc0: new high speed SDHC card at address aaaa
[    1.755012] mmcblk0: mmc0:aaaa SL16G 14.8 GiB 
[    1.776729] mmc1: new high speed MMC card at address 0001
[    1.782995]  mmcblk0: p1 p2 p3
[    1.786607] mmcblk1: mmc1:0001 SEM32G 29.1 GiB 
[    1.792175] mmcblk1boot0: mmc1:0001 SEM32G partition 1 4.00 MiB
[    1.799292] mmcblk1boot1: mmc1:0001 SEM32G partition 2 4.00 MiB
[    1.805634] mmcblk1rpmb: mmc1:0001 SEM32G partition 3 4.00 MiB
[    1.814601]  mmcblk1: p1 p2 p3 p4 p5 p6 p7 p8
[    2.144647] tegra30-i2s 70080400.i2s: DMA channels sourced from device 70080000.ahub
[    2.162502] tegra-snd-rt5640 sound: rt5640-aif1 <-> 70080400.i2s mapping ok
[    2.175087] input: NVIDIA Tegra Dalmore Headphones as /devices/soc0/sound/sound/card0/input0
[    2.186134] NET: Registered protocol family 10
[    2.192329] mip6: Mobile IPv6
[    2.195297] sit: IPv6, IPv4 and MPLS over IPv4 tunneling driver
[    2.204451] NET: Registered protocol family 17
[    2.208925] NET: Registered protocol family 15
[    2.213388] can: controller area network core (rev 20120528 abi 9)
[    2.219749] NET: Registered protocol family 29
[    2.224210] can: raw protocol (rev 20120528)
[    2.228475] can: broadcast manager protocol (rev 20161123 t)
[    2.234159] can: netlink gateway (rev 20130117) max_hops=1
[    2.239844] Bluetooth: RFCOMM socket layer initialized
[    2.245016] Bluetooth: RFCOMM ver 1.11
[    2.248771] Bluetooth: BNEP (Ethernet Emulation) ver 1.3
[    2.254108] Bluetooth: BNEP socket layer initialized
[    2.259066] Bluetooth: HIDP (Human Interface Emulation) ver 1.2
[    2.265009] Bluetooth: HIDP socket layer initialized
[    2.270285] Key type dns_resolver registered
[    2.275923] Registering SWP/SWPB emulation handler
[    2.298827] usb1_vbus: supplied by vdd-sys-5v0
[    2.304489] usb2_vbus: supplied by vdd-sys-5v0
[    2.312298] VDD_5V0_HDMI_CON: supplied by vdd-sys-5v0
[    2.324399] [drm] Supports vblank timestamp caching Rev 2 (21.10.2013).
[    2.331008] [drm] No driver support for vblank timestamp query.
[    2.399093] Console: switching to colour frame buffer device 240x75
[    2.426683] drm drm: fb0:  frame buffer device
[    2.461645] [drm] Initialized tegra 0.0.0 20120330 on minor 0
[    2.471093] tegra-ehci 7d008000.usb: EHCI Host Controller
[    2.476629] tegra-ehci 7d008000.usb: new USB bus registered, assigned bus number 1
[    2.484679] tegra-ehci 7d008000.usb: irq 339, io mem 0x7d008000
[    2.511643] tegra-ehci 7d008000.usb: USB 2.0 started, EHCI 1.10
[    2.519659] hub 1-0:1.0: USB hub found
[    2.523539] hub 1-0:1.0: 1 port detected
[    2.530000] input: gpio-keys as /devices/soc0/gpio-keys/input/input1
[    2.539299] palmas-rtc 7000d000.i2c:tps65913@58:rtc: setting system clock to 2000-09-21 09:03:51 UTC (969527031)
[    2.555119] dvdd_ts: disabling
[    2.558179] usb1_vbus: disabling
[    2.561417] vdd_cam_1v8_reg: disabling
[    2.565240] ALSA device list:
[    2.568218]   #0: NVIDIA Tegra Dalmore
[    2.573492] EXT4-fs (mmcblk1p1): mounting ext3 file system using the ext4 subsystem
[    2.606270] EXT4-fs (mmcblk1p1): recovery complete
[    2.611089] EXT4-fs (mmcblk1p1): mounted filesystem with ordered data mode. Opts: (null)
[    2.619298] VFS: Mounted root (ext3 filesystem) on device 179:17.
[    2.631001] devtmpfs: mounted
[    2.635103] Freeing unused kernel memory: 1024K (c0c00000 - c0d00000)
bash: cannot set terminal process group (-1): Inappropriate ioctl for device
bash: no job control in this shell
root@(none):/# mount -t sysfs none /sys
root@(none):/# 
root@(none):/# [    3.558540] asix 1-1:1.0 eth0: register 'asix' at usb-7d008000.usb-1, ASIX AX88772 USB 2.0 Ethernet, 00:50:b6:0d:b5:16
mount -t debugfs none /sys/kernel/debug
root@(none):/# 
root@(none):/# rtcwake -d rtc1 -m mem -s 3
rtcwake: assuming RTC uses UTC ...
rtcwake: wakeup from "mem" using /dev/rtc1 at Thu Jan  1 00:00:18 1970
[    5.263221] PM: Syncing filesystems ... done.
[    5.283226] Freezing user space processes ... (elapsed 0.001 seconds) done.
[    5.283234] Freezing remaining freezable tasks ... (elapsed 0.024 seconds) done.
[    5.310318] Suspending console(s) (use no_console_suspend to debug)
[    5.318061] asix 1-1:1.0 eth0: Failed to read reg index 0x0000: -19
[    5.318070] asix 1-1:1.0 eth0: Error reading Medium Status register: ffffffed
[    5.318079] asix 1-1:1.0 eth0: Failed to write reg index 0x0000: -19
[    5.318088] asix 1-1:1.0 eth0: Failed to write Medium Mode mode to 0xfeed: ffffffed
[    5.393913] PM: suspend of devices complete after 76.008 msecs
[    5.396013] PM: late suspend of devices complete after 2.084 msecs
[    5.397935] PM: noirq suspend of devices complete after 1.912 msecs
[    5.397940] Disabling non-boot CPUs ...
[    5.452175] IRQ17 no longer affine to CPU1
[    5.452496] CPU1: shutdown
[    5.562314] CPU2: shutdown
[    5.662362] CPU3: shutdown
[    5.714387] Entering suspend state LP1
[    5.714387] Suspended for 6.769 seconds
[    5.714432] Enabling non-boot CPUs ...
[    5.744680] CPU1 is up
[    5.785291] CPU2 is up
[    5.826023] CPU3 is up
[    5.827047] PM: noirq resume of devices complete after 1.014 msecs
[    5.829444] PM: early resume of devices complete after 1.740 msecs
[    6.414095] PM: resume of devices complete after 584.634 msecs
[    6.513890] Restarting tasks ... done.
root@(none):/# 
root@(none):/# rtcwake -d rtc1 -m mem -s 3
rtcwake: assuming RTC uses UTC ...
rtcwake: wakeup from "mem" using /dev/rtc1 at Thu Jan  1 00:00:27 1970
[    7.534218] PM: Syncing filesystems ... done.
[    7.553178] Freezing user space processes ... (elapsed 0.001 seconds) done.
[    7.554593] Freezing remaining freezable tasks ... (elapsed 0.001 seconds) done.
[    7.554597] Suspending console(s) (use no_console_suspend to debug)
[    7.583792] asix 1-1:1.0 eth0: Failed to read reg index 0x0000: -19
[    7.583800] asix 1-1:1.0 eth0: Error reading Medium Status register: ffffffed
[    7.583810] asix 1-1:1.0 eth0: Failed to write reg index 0x0000: -19
[    7.583818] asix 1-1:1.0 eth0: Failed to write Medium Mode mode to 0xfeed: ffffffed
[    7.663832] PM: suspend of devices complete after 80.213 msecs
[    7.665729] PM: late suspend of devices complete after 1.880 msecs
[    7.667538] PM: noirq suspend of devices complete after 1.800 msecs
[    7.667542] Disabling non-boot CPUs ...
[    7.702295] CPU1: shutdown
[    7.801921] IRQ17 no longer affine to CPU2
[    7.802273] CPU2: shutdown
[    7.902177] CPU3: shutdown
[    7.954086] Entering suspend state LP1
[    7.954086] Suspended for 8.343 seconds
[    7.954131] Enabling non-boot CPUs ...
[    7.984643] CPU1 is up
[    8.025241] CPU2 is up
[    8.066000] CPU3 is up
[    8.067050] PM: noirq resume of devices complete after 1.040 msecs
[    8.069362] PM: early resume of devices complete after 1.657 msecs
[    8.652957] PM: resume of devices complete after 583.578 msecs
[    8.752843] Restarting tasks ... done.
root@(none):/# 
root@(none):/# rtcwake -d rtc1 -m mem -s 3
rtcwake: assuming RTC uses UTC ...
rtcwake: wakeup from "mem" using /dev/rtc1 at Thu Jan  1 00:00:37 1970
[    9.187958] PM: Syncing filesystems ... done.
[    9.213144] Freezing user space processes ... (elapsed 0.001 seconds) done.
[    9.214553] Freezing remaining freezable tasks ... (elapsed 0.001 seconds) done.
[    9.214557] Suspending console(s) (use no_console_suspend to debug)
[    9.237520] asix 1-1:1.0 eth0: Failed to read reg index 0x0000: -19
[    9.237529] asix 1-1:1.0 eth0: Error reading Medium Status register: ffffffed
[    9.237539] asix 1-1:1.0 eth0: Failed to write reg index 0x0000: -19
[    9.237547] asix 1-1:1.0 eth0: Failed to write Medium Mode mode to 0xfeed: ffffffed
[    9.323596] PM: suspend of devices complete after 86.244 msecs
[    9.325665] PM: late suspend of devices complete after 2.052 msecs
[    9.327406] PM: noirq suspend of devices complete after 1.731 msecs
[    9.327410] Disabling non-boot CPUs ...
[    9.362224] CPU1: shutdown
[    9.491871] IRQ17 no longer affine to CPU2
[    9.492221] CPU2: shutdown
[    9.592127] CPU3: shutdown
[    9.644035] Entering suspend state LP1
[    9.644035] Suspended for 6.727 seconds
[    9.644079] Enabling non-boot CPUs ...
[    9.674595] CPU1 is up
[    9.715193] CPU2 is up
[    9.755937] CPU3 is up
[    9.757055] PM: noirq resume of devices complete after 1.107 msecs
[    9.759502] PM: early resume of devices complete after 1.799 msecs
[   10.343052] PM: resume of devices complete after 583.533 msecs
[   10.442912] Restarting tasks ... done.
root@(none):/# 
root@(none):/# rtcwake -d rtc1 -m mem -s 3
rtcwake: assuming RTC uses UTC ...
rtcwake: wakeup from "mem" using /dev/rtc1 at Thu Jan  1 00:00:46 1970
[   11.445979] PM: Syncing filesystems ... done.
[   11.471540] Freezing user space processes ... (elapsed 0.009 seconds) done.
[   11.473021] Freezing remaining freezable tasks ... (elapsed 0.001 seconds) done.
[   11.473025] Suspending console(s) (use no_console_suspend to debug)
[   11.495330] asix 1-1:1.0 eth0: Failed to read reg index 0x0000: -19
[   11.495338] asix 1-1:1.0 eth0: Error reading Medium Status register: ffffffed
[   11.495348] asix 1-1:1.0 eth0: Failed to write reg index 0x0000: -19
[   11.495355] asix 1-1:1.0 eth0: Failed to write Medium Mode mode to 0xfeed: ffffffed
[   11.583911] PM: suspend of devices complete after 88.751 msecs
[   11.585952] PM: late suspend of devices complete after 2.024 msecs
[   11.587733] PM: noirq suspend of devices complete after 1.771 msecs
[   11.587737] Disabling non-boot CPUs ...
[   11.632172] CPU1: shutdown
[   11.722150] CPU2: shutdown
[   11.821740] IRQ17 no longer affine to CPU3
[   11.822078] CPU3: shutdown
[   11.873958] Entering suspend state LP1
[   11.873958] Suspended for 8.353 seconds
[   11.874003] Enabling non-boot CPUs ...
[   11.904546] CPU1 is up
[   11.945146] CPU2 is up
[   11.985884] CPU3 is up
[   11.986910] PM: noirq resume of devices complete after 1.015 msecs
[   11.989291] PM: early resume of devices complete after 1.730 msecs
[   12.574578] PM: resume of devices complete after 585.270 msecs
[   12.674447] Restarting tasks ... done.
root@(none):/# 
root@(none):/# rtcwake -d rtc1 -m mem -s 3
rtcwake: assuming RTC uses UTC ...
rtcwake: wakeup from "mem" using /dev/rtc1 at Thu Jan  1 00:00:56 1970
[   13.111032] PM: Syncing filesystems ... done.
[   13.133042] Freezing user space processes ... (elapsed 0.001 seconds) done.
[   13.134457] Freezing remaining freezable tasks ... (elapsed 0.001 seconds) done.
[   13.134461] Suspending console(s) (use no_console_suspend to debug)
[   13.160803] asix 1-1:1.0 eth0: Failed to read reg index 0x0000: -19
[   13.160812] asix 1-1:1.0 eth0: Error reading Medium Status register: ffffffed
[   13.160825] asix 1-1:1.0 eth0: Failed to write reg index 0x0000: -19
[   13.160832] asix 1-1:1.0 eth0: Failed to write Medium Mode mode to 0xfeed: ffffffed
[   13.243809] PM: suspend of devices complete after 83.193 msecs
[   13.245710] PM: late suspend of devices complete after 1.884 msecs
[   13.247489] PM: noirq suspend of devices complete after 1.769 msecs
[   13.247493] Disabling non-boot CPUs ...
[   13.302116] CPU1: shutdown
[   13.392097] CPU2: shutdown
[   13.491689] IRQ17 no longer affine to CPU3
[   13.492034] CPU3: shutdown
[   13.543921] Entering suspend state LP1
[   13.543921] Suspended for 6.746 seconds
[   13.543965] Enabling non-boot CPUs ...
[   13.574500] CPU1 is up
[   13.615091] CPU2 is up
[   13.655832] CPU3 is up
[   13.656857] PM: noirq resume of devices complete after 1.014 msecs
[   13.659284] PM: early resume of devices complete after 1.777 msecs
[   14.244410] PM: resume of devices complete after 585.109 msecs
[   14.344302] Restarting tasks ... done.
root@(none):/# 
root@(none):/# rtcwake -d rtc1 -m mem -s 3
rtcwake: assuming RTC uses UTC ...
rtcwake: wakeup from "mem" using /dev/rtc1 at Thu Jan  1 00:01:05 1970
[   15.348793] PM: Syncing filesystems ... done.
[   15.372981] Freezing user space processes ... (elapsed 0.001 seconds) done.
[   15.374369] Freezing remaining freezable tasks ... (elapsed 0.001 seconds) done.
[   15.374373] Suspending console(s) (use no_console_suspend to debug)
[   15.398260] asix 1-1:1.0 eth0: Failed to read reg index 0x0000: -19
[   15.398270] asix 1-1:1.0 eth0: Error reading Medium Status register: ffffffed
[   15.398281] asix 1-1:1.0 eth0: Failed to write reg index 0x0000: -19
[   15.398289] asix 1-1:1.0 eth0: Failed to write Medium Mode mode to 0xfeed: ffffffed
[   15.473584] PM: suspend of devices complete after 75.507 msecs
[   15.475432] PM: late suspend of devices complete after 1.832 msecs
[   15.477231] PM: noirq suspend of devices complete after 1.791 msecs
[   15.477236] Disabling non-boot CPUs ...
[   15.512047] CPU1: shutdown
[   15.612056] CPU2: shutdown
[   15.711624] IRQ17 no longer affine to CPU3
[   15.711964] CPU3: shutdown
[   15.763837] Entering suspend state LP1
[   15.763837] Suspended for 8.363 seconds
[   15.763881] Enabling non-boot CPUs ...
[   15.794438] CPU1 is up
[   15.835059] CPU2 is up
[   15.875775] CPU3 is up
[   15.876801] PM: noirq resume of devices complete after 1.015 msecs
[   15.879081] PM: early resume of devices complete after 1.628 msecs
[   16.462250] PM: resume of devices complete after 583.152 msecs
[   16.562134] Restarting tasks ... done.
root@(none):/# 
root@(none):/# rtcwake -d rtc1 -m mem -s 3
rtcwake: assuming RTC uses UTC ...
rtcwake: wakeup from "mem" using /dev/rtc1 at Thu Jan  1 00:01:15 1970
[   16.985388] PM: Syncing filesystems ... done.
[   17.011380] Freezing user space processes ... (elapsed 0.009 seconds) done.
[   17.019636] Freezing remaining freezable tasks ... (elapsed 0.008 seconds) done.
[   17.019640] Suspending console(s) (use no_console_suspend to debug)
[   17.034796] asix 1-1:1.0 eth0: Failed to read reg index 0x0000: -19
[   17.034805] asix 1-1:1.0 eth0: Error reading Medium Status register: ffffffed
[   17.034814] asix 1-1:1.0 eth0: Failed to write reg index 0x0000: -19
[   17.034821] asix 1-1:1.0 eth0: Failed to write Medium Mode mode to 0xfeed: ffffffed
[   17.113579] PM: suspend of devices complete after 78.960 msecs
[   17.115458] PM: late suspend of devices complete after 1.862 msecs
[   17.117335] PM: noirq suspend of devices complete after 1.868 msecs
[   17.117340] Disabling non-boot CPUs ...
[   17.152012] CPU1: shutdown
[   17.261997] CPU2: shutdown
[   17.361574] IRQ17 no longer affine to CPU3
[   17.361916] CPU3: shutdown
[   17.413829] Entering suspend state LP1
[   17.413829] Suspended for 6.767 seconds
[   17.413873] Enabling non-boot CPUs ...
[   17.444385] CPU1 is up
[   17.484971] CPU2 is up
[   17.525757] CPU3 is up
[   17.526765] PM: noirq resume of devices complete after 0.999 msecs
[   17.529211] PM: early resume of devices complete after 1.803 msecs
[   18.113072] PM: resume of devices complete after 583.844 msecs
[   18.212953] Restarting tasks ... done.
root@(none):/# 
root@(none):/# rtcwake -d rtc1 -m mem -s 3
rtcwake: assuming RTC uses UTC ...
rtcwake: wakeup from "mem" using /dev/rtc1 at Thu Jan  1 00:01:24 1970
[   19.218742] PM: Syncing filesystems ... done.
[   19.242871] Freezing user space processes ... (elapsed 0.001 seconds) done.
[   19.244281] Freezing remaining freezable tasks ... (elapsed 0.001 seconds) done.
[   19.244285] Suspending console(s) (use no_console_suspend to debug)
[   19.268039] asix 1-1:1.0 eth0: Failed to read reg index 0x0000: -19
[   19.268048] asix 1-1:1.0 eth0: Error reading Medium Status register: ffffffed
[   19.268058] asix 1-1:1.0 eth0: Failed to write reg index 0x0000: -19
[   19.268066] asix 1-1:1.0 eth0: Failed to write Medium Mode mode to 0xfeed: ffffffed
[   19.353289] PM: suspend of devices complete after 85.429 msecs
[   19.355341] PM: late suspend of devices complete after 2.036 msecs
[   19.357112] PM: noirq suspend of devices complete after 1.760 msecs
[   19.357116] Disabling non-boot CPUs ...
[   19.391958] CPU1: shutdown
[   19.501943] CPU2: shutdown
[   19.601527] IRQ17 no longer affine to CPU3
[   19.601869] CPU3: shutdown
[   19.653740] Entering suspend state LP1
[   19.653740] Suspended for 8.343 seconds
[   19.653783] Enabling non-boot CPUs ...
[   19.684335] CPU1 is up
[   19.724916] CPU2 is up
[   19.765680] CPU3 is up
[   19.766694] PM: noirq resume of devices complete after 1.005 msecs
[   19.769123] PM: early resume of devices complete after 1.766 msecs
[   20.343766] PM: resume of devices complete after 574.627 msecs
[   20.443688] Restarting tasks ... done.
root@(none):/# 
root@(none):/# rtcwake -d rtc1 -m mem -s 3
rtcwake: assuming RTC uses UTC ...
rtcwake: wakeup from "mem" using /dev/rtc1 at Thu Jan  1 00:01:34 1970
[   20.878556] PM: Syncing filesystems ... done.
[   20.902814] Freezing user space processes ... (elapsed 0.001 seconds) done.
[   20.904220] Freezing remaining freezable tasks ... (elapsed 0.001 seconds) done.
[   20.904225] Suspending console(s) (use no_console_suspend to debug)
[   20.928578] asix 1-1:1.0 eth0: Failed to read reg index 0x0000: -19
[   20.928586] asix 1-1:1.0 eth0: Error reading Medium Status register: ffffffed
[   20.928597] asix 1-1:1.0 eth0: Failed to write reg index 0x0000: -19
[   20.928604] asix 1-1:1.0 eth0: Failed to write Medium Mode mode to 0xfeed: ffffffed
[   21.003401] PM: suspend of devices complete after 75.008 msecs
[   21.005319] PM: late suspend of devices complete after 1.902 msecs
[   21.007055] PM: noirq suspend of devices complete after 1.727 msecs
[   21.007060] Disabling non-boot CPUs ...
[   21.041921] CPU1: shutdown
[   21.141911] CPU2: shutdown
[   21.241477] IRQ17 no longer affine to CPU3
[   21.241815] CPU3: shutdown
[   21.293706] Entering suspend state LP1
[   21.293706] Suspended for 6.776 seconds
[   21.293750] Enabling non-boot CPUs ...
[   21.324294] CPU1 is up
[   21.364882] CPU2 is up
[   21.405620] CPU3 is up
[   21.406577] PM: noirq resume of devices complete after 0.946 msecs
[   21.408701] PM: early resume of devices complete after 1.473 msecs
[   21.994519] PM: resume of devices complete after 585.800 msecs
[   22.094351] Restarting tasks ... done.
root@(none):/# 
root@(none):/# rtcwake -d rtc1 -m mem -s 3
rtcwake: assuming RTC uses UTC ...
rtcwake: wakeup from "mem" using /dev/rtc1 at Thu Jan  1 00:01:43 1970
[   23.098983] PM: Syncing filesystems ... done.
[   23.122759] Freezing user space processes ... (elapsed 0.001 seconds) done.
[   23.124164] Freezing remaining freezable tasks ... (elapsed 0.001 seconds) done.
[   23.124168] Suspending console(s) (use no_console_suspend to debug)
[   23.149066] asix 1-1:1.0 eth0: Failed to read reg index 0x0000: -19
[   23.149075] asix 1-1:1.0 eth0: Error reading Medium Status register: ffffffed
[   23.149088] asix 1-1:1.0 eth0: Failed to write reg index 0x0000: -19
[   23.149095] asix 1-1:1.0 eth0: Failed to write Medium Mode mode to 0xfeed: ffffffed
[   23.232820] PM: suspend of devices complete after 83.945 msecs
[   23.234935] PM: late suspend of devices complete after 2.099 msecs
[   23.236799] PM: noirq suspend of devices complete after 1.855 msecs
[   23.236804] Disabling non-boot CPUs ...
[   23.271869] CPU1: shutdown
[   23.381829] CPU2: shutdown
[   23.481406] IRQ17 no longer affine to CPU3
[   23.481777] CPU3: shutdown
[   23.533778] Entering suspend state LP1
[   23.533778] Suspended for 8.343 seconds
[   23.533822] Enabling non-boot CPUs ...
[   23.564245] CPU1 is up
[   23.604818] CPU2 is up
[   23.645573] CPU3 is up
[   23.646548] PM: noirq resume of devices complete after 0.966 msecs
[   23.648991] PM: early resume of devices complete after 1.812 msecs
[   24.234415] PM: resume of devices complete after 585.406 msecs
[   24.334218] Restarting tasks ... done.
root@(none):/# 
root@(none):/# NVTB SYSTEM SUSPEND TEST COMPLETE
