
U-Boot SPL 2014.01-00219-gc4d376f (Feb 18 2014 - 19:57:18)


U-Boot 2014.01-00219-gc4d376f (Feb 18 2014 - 19:57:18)

TEGRA30
Board: NVIDIA Beaver
I2C:   ready
DRAM:  2 GiB
MMC:   Tegra SD/MMC: 0, Tegra SD/MMC: 1
In:    serial
Out:   serial
Err:   serial
Net:   Net Initialization Skipped
No ethernet found.
Hit any key to stop autoboot:  2  0 
Tegra30 (Beaver) # 
Tegra30 (Beaver) # usb reset
(Re)start USB...
USB0:   USB EHCI 1.00
scanning bus 0 for devices... 2 USB Device(s) found
       scanning usb for storage devices... 0 Storage Device(s) found
       scanning usb for ethernet devices... 
Warning: asx0 using MAC address from net device
1 Ethernet Device(s) found
Tegra30 (Beaver) # setenv bootargs 'ignore_loglevel console=ttyS0,115200n8 rw root=PARTUUID=edbe1840-3633-c751-7993-b0ac834f81e0 rootwait gpt debug noinitrd earlyprintk init=/bin/bash'
Tegra30 (Beaver) # setenv ipaddr 192.168.100.101; setenv serverip 192.168.100.1; setenv tftpserverip 192.168.100.1
Tegra30 (Beaver) # tftpboot 0x81000000 zImage.multi_v7_defconfig
Using asx0 device
TFTP from server 192.168.100.1; our IP address is 192.168.100.101
Filename 'zImage.multi_v7_defconfig'.
Load address: 0x81000000
Loading: *#################################################################
	 #################################################################
	 #################################################################
	 #################################################################
	 #################################################################
	 #################################################################
	 #################################################################
	 ##################################################
	 3.6 MiB/s
done
Bytes transferred = 7412512 (711b20 hex)
Tegra30 (Beaver) # tftpboot 0x82000000 tegra30-beaver.dtb
Using asx0 device
TFTP from server 192.168.100.1; our IP address is 192.168.100.101
Filename 'tegra30-beaver.dtb'.
Load address: 0x82000000
Loading: *####
	 3.1 MiB/s
done
Bytes transferred = 51804 (ca5c hex)
Tegra30 (Beaver) # bootz 0x81000000 - 0x82000000
Kernel image @ 0x81000000 [ 0x000000 - 0x711b20 ]
## Flattened Device Tree blob at 82000000
   Booting using the fdt blob at 0x82000000
   Loading Device Tree to 8fff0000, end 8ffffa5b ... OK

Starting kernel ...

[    0.000000] Booting Linux on physical CPU 0x0
[    0.000000] Linux version 4.10.0-rc6-142786-g566cf87 (pwalmsley@sellafield) (gcc version 4.7.3 20130328 (prerelease) (crosstool-NG linaro-1.13.1-4.7-2013.04-20130415 - Linaro GCC 2013.04) ) #1 SMP Sun Jan 29 15:05:05 PST 2017
[    0.000000] CPU: ARMv7 Processor [412fc099] revision 9 (ARMv7), cr=10c5387d
[    0.000000] CPU: PIPT / VIPT nonaliasing data cache, VIPT aliasing instruction cache
[    0.000000] OF: fdt:Machine model: NVIDIA Tegra30 Beaver evaluation board
[    0.000000] debug: ignoring loglevel setting.
[    0.000000] efi: Getting EFI parameters from FDT:
[    0.000000] efi: UEFI not found.
[    0.000000] cma: Reserved 64 MiB at 0xfb800000
[    0.000000] Memory policy: Data cache writealloc
[    0.000000] On node 0 totalpages: 524032
[    0.000000] free_area_init_node: node 0, pgdat c142b5c0, node_mem_map eeff8000
[    0.000000]   DMA zone: 1536 pages used for memmap
[    0.000000]   DMA zone: 0 pages reserved
[    0.000000]   DMA zone: 196608 pages, LIFO batch:31
[    0.000000]   HighMem zone: 327424 pages, LIFO batch:31
[    0.000000] percpu: Embedded 14 pages/cpu @eef94000 s26176 r8192 d22976 u57344
[    0.000000] pcpu-alloc: s26176 r8192 d22976 u57344 alloc=14*4096
[    0.000000] pcpu-alloc: [0] 0 [0] 1 [0] 2 [0] 3 
[    0.000000] Built 1 zonelists in Zone order, mobility grouping on.  Total pages: 522496
[    0.000000] Kernel command line: ignore_loglevel console=ttyS0,115200n8 rw root=PARTUUID=edbe1840-3633-c751-7993-b0ac834f81e0 rootwait gpt debug noinitrd earlyprintk init=/bin/bash
[    0.000000] PID hash table entries: 4096 (order: 2, 16384 bytes)
[    0.000000] Dentry cache hash table entries: 131072 (order: 7, 524288 bytes)
[    0.000000] Inode-cache hash table entries: 65536 (order: 6, 262144 bytes)
[    0.000000] Memory: 1994796K/2096128K available (9216K kernel code, 1204K rwdata, 4148K rodata, 2048K init, 536K bss, 35796K reserved, 65536K cma-reserved, 1244160K highmem)
[    0.000000] Virtual kernel memory layout:
[    0.000000]     vector  : 0xffff0000 - 0xffff1000   (   4 kB)
[    0.000000]     fixmap  : 0xffc00000 - 0xfff00000   (3072 kB)
[    0.000000]     vmalloc : 0xf0800000 - 0xff800000   ( 240 MB)
[    0.000000]     lowmem  : 0xc0000000 - 0xf0000000   ( 768 MB)
[    0.000000]     pkmap   : 0xbfe00000 - 0xc0000000   (   2 MB)
[    0.000000]     modules : 0xbf000000 - 0xbfe00000   (  14 MB)
[    0.000000]       .text : 0xc0208000 - 0xc0c00000   (10208 kB)
[    0.000000]       .init : 0xc1100000 - 0xc1300000   (2048 kB)
[    0.000000]       .data : 0xc1300000 - 0xc142d0c0   (1205 kB)
[    0.000000]        .bss : 0xc142f000 - 0xc14b51d0   ( 537 kB)
[    0.000000] SLUB: HWalign=64, Order=0-3, MinObjects=0, CPUs=4, Nodes=1
[    0.000000] Hierarchical RCU implementation.
[    0.000000] 	Build-time adjustment of leaf fanout to 32.
[    0.000000] 	RCU restricting CPUs from NR_CPUS=16 to nr_cpu_ids=4.
[    0.000000] RCU: Adjusting geometry for rcu_fanout_leaf=32, nr_cpu_ids=4
[    0.000000] NR_IRQS:16 nr_irqs:16 16
[    0.000000] /interrupt-controller@60004000: 160 interrupts forwarded to /interrupt-controller@50041000
[    0.000000] L2C: platform modifies aux control register: 0x02080000 -> 0x3e480001
[    0.000000] L2C: DT/platform modifies aux control register: 0x02080000 -> 0x3e480001
[    0.000000] L2C-310 erratum 769419 enabled
[    0.000000] L2C-310 enabling early BRESP for Cortex-A9
[    0.000000] L2C-310: enabling full line of zeros but not enabled in Cortex-A9
[    0.000000] L2C-310 dynamic clock gating enabled, standby mode enabled
[    0.000000] L2C-310 cache controller enabled, 8 ways, 1024 kB
[    0.000000] L2C-310: CACHE_ID 0x410000c7, AUX_CTRL 0x4e480001
[    0.000013] sched_clock: 32 bits at 1000kHz, resolution 1000ns, wraps every 2147483647500ns
[    0.000030] clocksource: timer_us: mask: 0xffffffff max_cycles: 0xffffffff, max_idle_ns: 1911260446275 ns
[    0.000039] Switching to timer-based delay loop, resolution 1000ns
[    0.002619] Console: colour dummy device 80x30
[    0.002645] Calibrating delay loop (skipped), value calculated using timer frequency.. 2.00 BogoMIPS (lpj=10000)
[    0.002654] pid_max: default: 32768 minimum: 301
[    0.002725] Mount-cache hash table entries: 2048 (order: 1, 8192 bytes)
[    0.002732] Mountpoint-cache hash table entries: 2048 (order: 1, 8192 bytes)
[    0.003171] CPU: Testing write buffer coherency: ok
[    0.003478] CPU0: thread -1, cpu 0, socket 0, mpidr 80000000
[    0.003651] Setting up static identity map for 0x80300000 - 0x80300098
[    0.006146] Tegra Revision: A03 SKU: 128 CPU Process: 4 SoC Process: 0
[    0.006628] EFI services will not be available.
[    0.006775] smp: Bringing up secondary CPUs ...
[    0.010370] CPU1: thread -1, cpu 1, socket 0, mpidr 80000001
[    0.020327] CPU2: thread -1, cpu 2, socket 0, mpidr 80000002
[    0.030325] CPU3: thread -1, cpu 3, socket 0, mpidr 80000003
[    0.030367] smp: Brought up 1 node, 4 CPUs
[    0.030379] SMP: Total of 4 processors activated (8.00 BogoMIPS).
[    0.030383] CPU: All CPU(s) started in SVC mode.
[    0.031054] devtmpfs: initialized
[    0.039742] VFP support v0.3: implementor 41 architecture 3 part 30 variant 9 rev 4
[    0.040219] clocksource: jiffies: mask: 0xffffffff max_cycles: 0xffffffff, max_idle_ns: 19112604462750000 ns
[    0.043468] pinctrl core: initialized pinctrl subsystem
[    0.045115] NET: Registered protocol family 16
[    0.047230] DMA: preallocated 256 KiB pool for atomic coherent allocations
[    0.069916] cpuidle: using governor menu
[    0.084135] No ATAGs?
[    0.084251] hw-breakpoint: found 5 (+1 reserved) breakpoint and 1 watchpoint registers.
[    0.084261] hw-breakpoint: maximum watchpoint size is 4 bytes.
[    0.088154] Serial: AMBA PL011 UART driver
[    0.088596] tegra-mc 7000f000.memory-controller: no memory timings for RAM code 3 registered
[    0.122980] vdd_5v_sata: Failed to request enable GPIO30: -517
[    0.122994] reg-fixed-voltage regulators:regulator@3: Failed to register regulator: -517
[    0.123037] usb1_vbus: Failed to request enable GPIO238: -517
[    0.123045] reg-fixed-voltage regulators:regulator@4: Failed to register regulator: -517
[    0.123086] usb3_vbus: Failed to request enable GPIO236: -517
[    0.123092] reg-fixed-voltage regulators:regulator@5: Failed to register regulator: -517
[    0.123179] sys_3v3_pexs: Failed to request enable GPIO95: -517
[    0.123186] reg-fixed-voltage regulators:regulator@7: Failed to register regulator: -517
[    0.125072] vgaarb: loaded
[    0.125540] SCSI subsystem initialized
[    0.125669] libata version 3.00 loaded.
[    0.125828] usbcore: registered new interface driver usbfs
[    0.125863] usbcore: registered new interface driver hub
[    0.125894] usbcore: registered new device driver usb
[    0.132971] vrtc: supplied by vdd_5v_in
[    0.136269] vio: supplied by vdd_5v_in
[    0.141814] vdd1: supplied by vdd_5v_in
[    0.143171] vddio_ddr_1v2: Bringing 600000uV into 1200000-1200000uV
[    0.151836] vdd2: supplied by vdd_5v_in
[    0.171805] ldo1: supplied by vdd_1v5_gen
[    0.174189] ldo2: supplied by vdd_1v5_gen
[    0.174659] vdd_sata,avdd_plle: Bringing 1200000uV into 1050000-1050000uV
[    0.176889] ldo3: supplied by vdd_5v_in
[    0.179251] ldo4: supplied by vdd_5v_in
[    0.181816] ldo5: supplied by vdd_5v_in
[    0.191807] ldo6: supplied by vdd_1v8_gen
[    0.192276] avdd_dsi_csi,pwrdet_mipi: Bringing 1000000uV into 1200000-1200000uV
[    0.194520] ldo7: supplied by vdd_1v8_gen
[    0.201814] ldo8: supplied by vdd_1v8_gen
[    0.211865] pps_core: LinuxPPS API ver. 1 registered
[    0.211871] pps_core: Software ver. 5.3.6 - Copyright 2005-2007 Rodolfo Giometti <giometti@linux.it>
[    0.211884] PTP clock support registered
[    0.212023] EDAC MC: Ver: 3.0.0
[    0.213532] clocksource: Switched to clocksource timer_us
[    0.218895] NET: Registered protocol family 2
[    0.219294] TCP established hash table entries: 8192 (order: 3, 32768 bytes)
[    0.219347] TCP bind hash table entries: 8192 (order: 4, 65536 bytes)
[    0.219430] TCP: Hash tables configured (established 8192 bind 8192)
[    0.219510] UDP hash table entries: 512 (order: 2, 16384 bytes)
[    0.219572] UDP-Lite hash table entries: 512 (order: 2, 16384 bytes)
[    0.219749] NET: Registered protocol family 1
[    0.220042] RPC: Registered named UNIX socket transport module.
[    0.220049] RPC: Registered udp transport module.
[    0.220053] RPC: Registered tcp transport module.
[    0.220057] RPC: Registered tcp NFSv4.1 backchannel transport module.
[    0.220065] PCI: CLS 0 bytes, default 64
[    0.220827] hw perfevents: enabled with armv7_cortex_a9 PMU driver, 7 counters available
[    0.221694] futex hash table entries: 1024 (order: 4, 65536 bytes)
[    0.222176] workingset: timestamp_bits=30 max_order=19 bucket_order=0
[    0.227334] squashfs: version 4.0 (2009/01/31) Phillip Lougher
[    0.227790] NFS: Registering the id_resolver key type
[    0.227820] Key type id_resolver registered
[    0.227824] Key type id_legacy registered
[    0.227853] ntfs: driver 2.1.32 [Flags: R/O].
[    0.228895] bounce: pool size: 64 pages
[    0.229025] Block layer SCSI generic (bsg) driver version 0.4 loaded (major 248)
[    0.229034] io scheduler noop registered
[    0.229038] io scheduler deadline registered
[    0.229129] io scheduler cfq registered (default)
[    0.234744] tegra30-pinctrl 70000868.pinmux: invalid group "sdmmc3_dat6_pd3" for function "rsvd1"
[    0.234758] tegra30-pinctrl 70000868.pinmux: invalid group "sdmmc3_dat7_pd4" for function "rsvd1"
[    0.234771] tegra30-pinctrl 70000868.pinmux: invalid group "vi_vsync_pd6" for function "rsvd1"
[    0.234780] tegra30-pinctrl 70000868.pinmux: invalid group "vi_hsync_pd7" for function "rsvd1"
[    0.235216] tegra30-pinctrl 70000868.pinmux: invalid group "hdmi_int_pn7" for function "rsvd1"
[    0.235258] tegra30-pinctrl 70000868.pinmux: invalid group "ulpi_data3_po4" for function "rsvd1"
[    0.235574] tegra30-pinctrl 70000868.pinmux: invalid group "vi_d10_pt2" for function "rsvd1"
[    0.235585] tegra30-pinctrl 70000868.pinmux: invalid group "vi_d11_pt3" for function "rsvd1"
[    0.235597] tegra30-pinctrl 70000868.pinmux: invalid group "vi_d0_pt4" for function "rsvd1"
[    0.235634] tegra30-pinctrl 70000868.pinmux: invalid group "pu0" for function "rsvd1"
[    0.235663] tegra30-pinctrl 70000868.pinmux: invalid group "pu3" for function "rsvd1"
[    0.235698] tegra30-pinctrl 70000868.pinmux: invalid group "pu6" for function "rsvd1"
[    0.235738] tegra30-pinctrl 70000868.pinmux: invalid group "pv3" for function "rsvd1"
[    0.236201] tegra30-pinctrl 70000868.pinmux: invalid group "pbb0" for function "rsvd1"
[    0.236309] tegra30-pinctrl 70000868.pinmux: invalid group "pcc1" for function "rsvd1"
[    0.241377] tegra-pcie 3000.pcie-controller: 2x3 configuration
[    0.241533] tegra-pcie 3000.pcie-controller: Failed to get supply 'hvdd-pex': -517
[    0.246985] tegra-apbdma 6000a000.dma: Tegra20 APB DMA driver register 32 channels
[    0.248115] tegra-pmc 7000e400.pmc: i2c-thermtrip node not found, emergency thermal reset disabled.
[    0.281735] Serial: 8250/16550 driver, 4 ports, IRQ sharing disabled
[    0.283915] console [ttyS0] disabled
[    0.283950] 70006000.serial: ttyS0 at MMIO 0x70006000 (irq = 331, base_baud = 25500000) is a Tegra
[    1.283987] console [ttyS0] enabled
[    1.287984] SuperH (H)SCI(F) driver initialized
[    1.293071] msm_serial: driver initialized
[    1.297282] STMicroelectronics ASC driver initialized
[    1.304480] [drm] Initialized
[    1.309412] tegra-hdmi 54280000.hdmi: failed to get HDMI regulator
[    1.323856] brd: module loaded
[    1.330947] loop: module loaded
[    1.339257] m25p80 spi32766.1: w25q32 (4096 Kbytes)
[    1.345970] libphy: Fixed MDIO Bus: probed
[    1.350691] CAN device driver interface
[    1.355075] bgmac_bcma: Broadcom 47xx GBit MAC driver loaded
[    1.361451] e1000e: Intel(R) PRO/1000 Network Driver - 3.2.6-k
[    1.367287] e1000e: Copyright(c) 1999 - 2015 Intel Corporation.
[    1.373240] igb: Intel(R) Gigabit Ethernet Network Driver - version 5.4.0-k
[    1.380195] igb: Copyright (c) 2007-2014 Intel Corporation.
[    1.387731] pegasus: v0.9.3 (2013/04/25), Pegasus/Pegasus II USB Ethernet driver
[    1.395170] usbcore: registered new interface driver pegasus
[    1.400850] usbcore: registered new interface driver asix
[    1.406267] usbcore: registered new interface driver ax88179_178a
[    1.412365] usbcore: registered new interface driver cdc_ether
[    1.418219] usbcore: registered new interface driver smsc75xx
[    1.423993] usbcore: registered new interface driver smsc95xx
[    1.429743] usbcore: registered new interface driver net1080
[    1.435415] usbcore: registered new interface driver cdc_subset
[    1.441339] usbcore: registered new interface driver zaurus
[    1.446948] usbcore: registered new interface driver cdc_ncm
[    1.453987] ehci_hcd: USB 2.0 'Enhanced' Host Controller (EHCI) Driver
[    1.460498] ehci-pci: EHCI PCI platform driver
[    1.464966] ehci-platform: EHCI generic platform driver
[    1.470301] ehci-orion: EHCI orion driver
[    1.474384] SPEAr-ehci: EHCI SPEAr driver
[    1.478455] ehci-st: EHCI STMicroelectronics driver
[    1.483392] ehci-exynos: EHCI EXYNOS driver
[    1.487660] ehci-atmel: EHCI Atmel driver
[    1.491730] tegra-ehci: Tegra EHCI driver
[    1.496018] ohci_hcd: USB 1.1 'Open' Host Controller (OHCI) Driver
[    1.502192] ohci-pci: OHCI PCI platform driver
[    1.506664] ohci-platform: OHCI generic platform driver
[    1.511978] ohci-omap3: OHCI OMAP3 driver
[    1.516058] SPEAr-ohci: OHCI SPEAr driver
[    1.520129] ohci-st: OHCI STMicroelectronics driver
[    1.525078] ohci-atmel: OHCI Atmel driver
[    1.529500] usbcore: registered new interface driver usb-storage
[    1.536463] mousedev: PS/2 mouse device common for all mice
[    1.543792] tegra_rtc 7000e000.rtc: rtc core: registered 7000e000.rtc as rtc1
[    1.550948] tegra_rtc 7000e000.rtc: Tegra internal Real Time Clock
[    1.559795] random: fast init done
[    1.573089] tps65910-rtc tps65910-rtc: rtc core: registered tps65910-rtc as rtc0
[    1.580675] i2c /dev entries driver
[    1.591687] sdhci: Secure Digital Host Controller Interface driver
[    1.597880] sdhci: Copyright(c) Pierre Ossman
[    1.603104] Synopsys Designware Multimedia Card Interface Driver
[    1.609751] sdhci-pltfm: SDHCI platform and OF driver helper
[    1.615915] sdhci-tegra 78000000.sdhci: Got CD GPIO
[    1.620788] sdhci-tegra 78000000.sdhci: Got WP GPIO
[    1.626939] mmc0: Invalid maximum block size, assuming 512 bytes
[    1.693619] mmc0: SDHCI controller on 78000000.sdhci [78000000.sdhci] using ADMA
[    1.702205] mmc1: Invalid maximum block size, assuming 512 bytes
[    1.763538] mmc1: SDHCI controller on 78000600.sdhci [78000600.sdhci] using ADMA
[    1.772241] ledtrig-cpu: registered to indicate activity on CPUs
[    1.778477] usbcore: registered new interface driver usbhid
[    1.784050] usbhid: USB HID core driver
[    1.790165] NET: Registered protocol family 10
[    1.795213] Segment Routing with IPv6
[    1.798912] sit: IPv6, IPv4 and MPLS over IPv4 tunneling driver
[    1.805266] NET: Registered protocol family 17
[    1.809703] can: controller area network core (rev 20120528 abi 9)
[    1.815927] NET: Registered protocol family 29
[    1.820358] can: raw protocol (rev 20120528)
[    1.824625] can: broadcast manager protocol (rev 20161123 t)
[    1.830270] can: netlink gateway (rev 20130117) max_hops=1
[    1.836024] Key type dns_resolver registered
[    1.840681] ThumbEE CPU extension supported.
[    1.844961] Registering SWP/SWPB emulation handler
[    1.875958] vdd_ddr: supplied by vdd_5v_in
[    1.880886] vdd_5v_sata: supplied by vdd_5v_in
[    1.885651] usb1_vbus: supplied by vdd_5v_in
[    1.890198] usb3_vbus: supplied by vdd_5v_in
[    1.895698] sys_3v3,vdd_3v3_alw: supplied by vdd_5v_in
[    1.901409] +VDD_5V_HDMI: supplied by sys_3v3,vdd_3v3_alw
[    1.907028] sys_3v3_pexs: supplied by sys_3v3,vdd_3v3_alw
[    1.913123] tegra-pcie 3000.pcie-controller: 2x3 configuration
[    1.917373] mmc0: new ultra high speed DDR50 SDHC card at address aaaa
[    1.917793] mmcblk0: mmc0:aaaa SS04G 3.69 GiB 
[    1.923428] mmc1: new high speed MMC card at address 0001
[    1.924155] mmcblk1: mmc1:0001 SEM16G 14.8 GiB 
[    1.924661] mmcblk1boot0: mmc1:0001 SEM16G partition 1 1.00 MiB
[    1.925110] mmcblk1boot1: mmc1:0001 SEM16G partition 2 1.00 MiB
[    1.925241] mmcblk1rpmb: mmc1:0001 SEM16G partition 3 128 KiB
[    1.928052] Primary GPT is invalid, using alternate GPT.
[    1.928068]  mmcblk1: p1 p2 p3 p4 p5
[    1.940179]  mmcblk0: p1 p2 p3
[    1.971805] tegra-pcie 3000.pcie-controller: probing port 0, using 2 lanes
[    2.036949] tegra-pcie 3000.pcie-controller: probing port 2, using 2 lanes
[    2.447572] tegra-pcie 3000.pcie-controller: link 2 down, retrying
[    2.857493] tegra-pcie 3000.pcie-controller: link 2 down, retrying
[    3.267429] tegra-pcie 3000.pcie-controller: link 2 down, retrying
[    3.275617] tegra-pcie 3000.pcie-controller: link 2 down, ignoring
[    3.281901] tegra-pcie 3000.pcie-controller: PCI host bridge to bus 0000:00
[    3.288863] pci_bus 0000:00: root bus resource [io  0x0000-0xffff]
[    3.295035] pci_bus 0000:00: root bus resource [mem 0x20000000-0x27ffffff]
[    3.301892] pci_bus 0000:00: root bus resource [mem 0x28000000-0x3fffffff pref]
[    3.309192] pci_bus 0000:00: root bus resource [bus 00-ff]
[    3.314692] pci 0000:00:01.0: [10de:0e1c] type 01 class 0x060400
[    3.320735] pci_bus 0000:00: 2-byte config write to 0000:00:01.0 offset 0x52 may corrupt adjacent RW1C bits
[    3.330478] pci 0000:00:01.0: PME# supported from D0 D1 D2 D3hot D3cold
[    3.337085] pci_bus 0000:00: 2-byte config write to 0000:00:01.0 offset 0x4c may corrupt adjacent RW1C bits
[    3.346957] pci_bus 0000:00: 2-byte config write to 0000:00:01.0 offset 0x3e may corrupt adjacent RW1C bits
[    3.356687] pci_bus 0000:00: 2-byte config write to 0000:00:01.0 offset 0x4 may corrupt adjacent RW1C bits
[    3.366327] pci_bus 0000:00: 1-byte config write to 0000:00:01.0 offset 0xc may corrupt adjacent RW1C bits
[    3.375963] PCI: bus0: Fast back to back transfers disabled
[    3.381522] pci 0000:00:01.0: bridge configuration invalid ([bus 00-00]), reconfiguring
[    3.389514] pci_bus 0000:00: 2-byte config write to 0000:00:01.0 offset 0x3e may corrupt adjacent RW1C bits
[    3.399240] pci_bus 0000:00: 2-byte config write to 0000:00:01.0 offset 0x3e may corrupt adjacent RW1C bits
[    3.408966] pci_bus 0000:00: 2-byte config write to 0000:00:01.0 offset 0x3e may corrupt adjacent RW1C bits
[    3.418692] pci_bus 0000:00: 2-byte config write to 0000:00:01.0 offset 0x6 may corrupt adjacent RW1C bits
[    3.428426] pci 0000:01:00.0: [10ec:8168] type 00 class 0x020000
[    3.434444] pci 0000:01:00.0: reg 0x10: [io  0x0000-0x00ff]
[    3.440016] pci 0000:01:00.0: reg 0x18: [mem 0x00000000-0x00000fff 64bit pref]
[    3.447238] pci 0000:01:00.0: reg 0x20: [mem 0x00000000-0x00003fff 64bit pref]
[    3.454482] pci_bus 0000:01: 2-byte config write to 0000:01:00.0 offset 0x52 may corrupt adjacent RW1C bits
[    3.464249] pci 0000:01:00.0: supports D1 D2
[    3.468506] pci 0000:01:00.0: PME# supported from D0 D1 D2 D3hot D3cold
[    3.503556] PCI: bus1: Fast back to back transfers disabled
[    3.509117] pci_bus 0000:01: busn_res: [bus 01-ff] end is updated to 01
[    3.515785] pci 0000:00:01.0: BAR 9: assigned [mem 0x28000000-0x280fffff 64bit pref]
[    3.523510] pci 0000:00:01.0: BAR 7: assigned [io  0x1000-0x1fff]
[    3.529601] pci 0000:01:00.0: BAR 4: assigned [mem 0x28000000-0x28003fff 64bit pref]
[    3.537344] pci 0000:01:00.0: BAR 2: assigned [mem 0x28004000-0x28004fff 64bit pref]
[    3.545086] pci 0000:01:00.0: BAR 0: assigned [io  0x1000-0x10ff]
[    3.551166] pci 0000:00:01.0: PCI bridge to [bus 01]
[    3.556125] pci 0000:00:01.0:   bridge window [io  0x1000-0x1fff]
[    3.562204] pci 0000:00:01.0:   bridge window [mem 0x28000000-0x280fffff 64bit pref]
[    3.569950] pci 0000:00:01.0: nv_msi_ht_cap_quirk didn't locate host bridge
[    3.576962] pcieport 0000:00:01.0: enabling device (0140 -> 0143)
[    3.583238] pcieport 0000:00:01.0: Signaling PME with IRQ 374
[    3.589199] r8169 Gigabit Ethernet driver 2.3LK-NAPI loaded
[    3.594788] r8169 0000:01:00.0: enabling device (0140 -> 0143)
[    3.601962] r8169 0000:01:00.0 eth0: RTL8168evl/8111evl at 0xf0afe000, 02:04:4b:01:60:a6, XID 0c900800 IRQ 375
[    3.611962] r8169 0000:01:00.0 eth0: jumbo features [frames: 9200 bytes, tx checksumming: ko]
[    3.623633] [drm] Supports vblank timestamp caching Rev 2 (21.10.2013).
[    3.630235] [drm] No driver support for vblank timestamp query.
[    3.636181] [drm] Cannot find any crtc or sizes - going 1024x768
[    3.663069] Console: switching to colour frame buffer device 128x48
[    3.675611] drm drm: fb0:  frame buffer device
[    3.703949] [drm] Initialized tegra 0.0.0 20120330 on minor 0
[    3.715138] utmi_phy_clk_enable: timeout waiting for phy to stabilize
[    3.721595] tegra-ehci 7d004000.usb: EHCI Host Controller
[    3.727010] tegra-ehci 7d004000.usb: new USB bus registered, assigned bus number 1
[    3.734839] tegra-ehci 7d004000.usb: irq 343, io mem 0x7d004000
[    3.763934] tegra-ehci 7d004000.usb: USB 2.0 started, EHCI 1.00
[    3.771186] hub 1-0:1.0: USB hub found
[    3.774960] hub 1-0:1.0: 1 port detected
[    3.780032] tegra-ehci 7d008000.usb: EHCI Host Controller
[    3.785445] tegra-ehci 7d008000.usb: new USB bus registered, assigned bus number 2
[    3.793177] tegra-ehci 7d008000.usb: irq 344, io mem 0x7d008000
[    3.823928] tegra-ehci 7d008000.usb: USB 2.0 started, EHCI 1.00
[    3.831080] hub 2-0:1.0: USB hub found
[    3.834848] hub 2-0:1.0: 1 port detected
[    3.845175] tps65910-rtc tps65910-rtc: setting system clock to 2000-01-01 00:00:02 UTC (946684802)
[    3.854790] vdd_sata,avdd_plle: disabling
[    3.859528] usb1_vbus: disabling
[    3.864275] EXT4-fs (mmcblk1p1): mounting ext3 file system using the ext4 subsystem
[    3.879247] EXT4-fs (mmcblk1p1): warning: mounting fs with errors, running e2fsck is recommended
[    3.889488] EXT4-fs (mmcblk1p1): recovery complete
[    3.894288] EXT4-fs (mmcblk1p1): mounted filesystem with ordered data mode. Opts: (null)
[    3.902388] VFS: Mounted root (ext3 filesystem) on device 179:17.
[    3.912626] devtmpfs: mounted
[    3.918097] Freeing unused kernel memory: 2048K
bash: cannot set terminal process group (-1): Inappropriate ioctl for device
bash: no job control in this shell
root@(none):/# [    4.193946] usb 2-1: new high-speed USB device number 2 using tegra-ehci
[    4.869408] asix 2-1:1.0 eth1: register 'asix' at usb-7d008000.usb-1, ASIX AX88772 USB 2.0 Ethernet, 00:50:b6:0f:67:60
mount -t sysfs none /sys
root@(none):/# 
root@(none):/# mount -t debugfs none /sys/kernel/debug
root@(none):/# 
root@(none):/# rtcwake -d rtc1 -m mem -s 3
rtcwake: wakeup from "mem" using /dev/rtc1 at Thu Jan  1 00:00:22 1970
[    7.512978] PM: Syncing filesystems ... done.
[    7.526539] Freezing user space processes ... (elapsed 0.001 seconds) done.
[    7.534641] Freezing remaining freezable tasks ... (elapsed 0.001 seconds) done.
[    7.543249] Suspending console(s) (use no_console_suspend to debug)
[    7.627874] PM: suspend of devices complete after 77.504 msecs
[    7.628942] PM: late suspend of devices complete after 1.060 msecs
[    7.654258] PM: noirq suspend of devices complete after 25.308 msecs
[    7.654263] Disabling non-boot CPUs ...
[    7.654923] CPU1: shutdown
[    7.705228] CPU2: shutdown
[    7.764546] IRQ17 no longer affine to CPU3
[    7.764744] CPU3: shutdown
[    7.814182] Entering suspend state LP1
[    7.814182] Suspended for 3.131 seconds
[    7.814194] Enabling non-boot CPUs ...
[    7.844562] CPU1 is up
[    7.884635] CPU2 is up
[    7.924764] CPU3 is up
[    7.925389] pcieport 0000:00:01.0: nv_msi_ht_cap_quirk didn't locate host bridge
[    7.953604] PM: noirq resume of devices complete after 28.834 msecs
[    7.955390] PM: early resume of devices complete after 1.404 msecs
[    8.515068] PM: resume of devices complete after 559.668 msecs
[    8.594297] Restarting tasks ... done.
root@(none):/# 
root@(none):/# rtcwake -d rtc1 -m mem -s 3
rtcwake: wakeup from "mem" using /dev/rtc1 at Thu Jan  1 00:00:27 1970
[    9.457332] PM: Syncing filesystems ... done.
[    9.469232] Freezing user space processes ... (elapsed 0.001 seconds) done.
[    9.477335] Freezing remaining freezable tasks ... (elapsed 0.001 seconds) done.
[    9.485942] Suspending console(s) (use no_console_suspend to debug)
[    9.524427] pci_generic_config_write32: 62 callbacks suppressed
[    9.524439] pci_bus 0000:00: 2-byte config write to 0000:00:01.0 offset 0x9c may corrupt adjacent RW1C bits
[    9.566652] PM: suspend of devices complete after 73.675 msecs
[    9.568462] PM: late suspend of devices complete after 1.802 msecs
[    9.569133] pci_bus 0000:01: 2-byte config write to 0000:01:00.0 offset 0x44 may corrupt adjacent RW1C bits
[    9.569147] pci_bus 0000:01: 2-byte config write to 0000:01:00.0 offset 0x44 may corrupt adjacent RW1C bits
[    9.594217] PM: noirq suspend of devices complete after 25.748 msecs
[    9.594220] Disabling non-boot CPUs ...
[    9.594875] CPU1: shutdown
[    9.674901] CPU2: shutdown
[    9.734368] IRQ17 no longer affine to CPU3
[    9.734558] CPU3: shutdown
[    9.784068] Entering suspend state LP1
[    9.784068] Suspended for 3.030 seconds
[    9.784082] Enabling non-boot CPUs ...
[    9.814727] CPU1 is up
[    9.854774] CPU2 is up
[    9.894906] CPU3 is up
[    9.895590] pci_bus 0000:00: 2-byte config write to 0000:00:01.0 offset 0x4c may corrupt adjacent RW1C bits
[    9.895605] pci_bus 0000:00: 2-byte config write to 0000:00:01.0 offset 0x88 may corrupt adjacent RW1C bits
[    9.895610] pci_bus 0000:00: 2-byte config write to 0000:00:01.0 offset 0x90 may corrupt adjacent RW1C bits
[    9.895616] pci_bus 0000:00: 2-byte config write to 0000:00:01.0 offset 0x98 may corrupt adjacent RW1C bits
[    9.895620] pci_bus 0000:00: 2-byte config write to 0000:00:01.0 offset 0x9c may corrupt adjacent RW1C bits
[    9.895644] pci_bus 0000:00: 2-byte config write to 0000:00:01.0 offset 0x52 may corrupt adjacent RW1C bits
[    9.895652] pci_bus 0000:00: 2-byte config write to 0000:00:01.0 offset 0x52 may corrupt adjacent RW1C bits
[    9.895677] pcieport 0000:00:01.0: nv_msi_ht_cap_quirk didn't locate host bridge
[    9.923575] PM: noirq resume of devices complete after 28.661 msecs
[    9.925273] PM: early resume of devices complete after 1.256 msecs
[   10.479643] PM: resume of devices complete after 554.359 msecs
[   10.662306] Restarting tasks ... done.
root@(none):/# 
root@(none):/# rtcwake -d rtc1 -m mem -s 3
rtcwake: wakeup from "mem" using /dev/rtc1 at Thu Jan  1 00:00:32 1970
[   11.430447] PM: Syncing filesystems ... done.
[   11.444572] Freezing user space processes ... (elapsed 0.001 seconds) done.
[   11.452702] Freezing remaining freezable tasks ... (elapsed 0.001 seconds) done.
[   11.461357] Suspending console(s) (use no_console_suspend to debug)
[   11.546973] PM: suspend of devices complete after 78.320 msecs
[   11.549162] PM: late suspend of devices complete after 2.180 msecs
[   11.574341] PM: noirq suspend of devices complete after 25.171 msecs
[   11.574347] Disabling non-boot CPUs ...
[   11.574778] IRQ17 no longer affine to CPU1
[   11.575176] CPU1: shutdown
[   11.645123] CPU2: shutdown
[   11.704649] CPU3: shutdown
[   11.754087] Entering suspend state LP1
[   11.754087] Suspended for 3.029 seconds
[   11.754098] Enabling non-boot CPUs ...
[   11.784684] CPU1 is up
[   11.824750] CPU2 is up
[   11.864867] CPU3 is up
[   11.865608] pcieport 0000:00:01.0: nv_msi_ht_cap_quirk didn't locate host bridge
[   11.893549] PM: noirq resume of devices complete after 28.674 msecs
[   11.895328] PM: early resume of devices complete after 1.330 msecs
[   12.449137] PM: resume of devices complete after 553.795 msecs
[   12.528656] Restarting tasks ... done.
root@(none):/# 
root@(none):/# rtcwake -d rtc1 -m mem -s 3
rtcwake: wakeup from "mem" using /dev/rtc1 at Thu Jan  1 00:00:37 1970
[   13.400377] PM: Syncing filesystems ... done.
[   13.414480] Freezing user space processes ... (elapsed 0.001 seconds) done.
[   13.422612] Freezing remaining freezable tasks ... (elapsed 0.001 seconds) done.
[   13.431272] Suspending console(s) (use no_console_suspend to debug)
[   13.516949] PM: suspend of devices complete after 78.380 msecs
[   13.518262] PM: late suspend of devices complete after 1.304 msecs
[   13.544373] PM: noirq suspend of devices complete after 26.101 msecs
[   13.544379] Disabling non-boot CPUs ...
[   13.545237] CPU1: shutdown
[   13.584868] IRQ17 no longer affine to CPU2
[   13.585145] CPU2: shutdown
[   13.644627] CPU3: shutdown
[   13.694044] Entering suspend state LP1
[   13.694044] Suspended for 3.060 seconds
[   13.694055] Enabling non-boot CPUs ...
[   13.724665] CPU1 is up
[   13.764706] CPU2 is up
[   13.804810] CPU3 is up
[   13.805572] pcieport 0000:00:01.0: nv_msi_ht_cap_quirk didn't locate host bridge
[   13.833523] PM: noirq resume of devices complete after 28.704 msecs
[   13.834763] PM: early resume of devices complete after 0.774 msecs
[   14.395790] PM: resume of devices complete after 561.015 msecs
[   14.475288] Restarting tasks ... done.
root@(none):/# 
root@(none):/# rtcwake -d rtc1 -m mem -s 3
rtcwake: wakeup from "mem" using /dev/rtc1 at Thu Jan  1 00:00:42 1970
[   15.341390] PM: Syncing filesystems ... done.
[   15.355469] Freezing user space processes ... (elapsed 0.001 seconds) done.
[   15.363628] Freezing remaining freezable tasks ... (elapsed 0.001 seconds) done.
[   15.372282] Suspending console(s) (use no_console_suspend to debug)
[   15.414634] pci_generic_config_write32: 65 callbacks suppressed
[   15.414650] pci_bus 0000:00: 2-byte config write to 0000:00:01.0 offset 0x9c may corrupt adjacent RW1C bits
[   15.456924] PM: suspend of devices complete after 77.354 msecs
[   15.459128] PM: late suspend of devices complete after 2.194 msecs
[   15.460002] pci_bus 0000:01: 2-byte config write to 0000:01:00.0 offset 0x44 may corrupt adjacent RW1C bits
[   15.460017] pci_bus 0000:01: 2-byte config write to 0000:01:00.0 offset 0x44 may corrupt adjacent RW1C bits
[   15.484310] PM: noirq suspend of devices complete after 25.177 msecs
[   15.484315] Disabling non-boot CPUs ...
[   15.484757] IRQ17 no longer affine to CPU1
[   15.485158] CPU1: shutdown
[   15.555087] CPU2: shutdown
[   15.614601] CPU3: shutdown
[   15.664043] Entering suspend state LP1
[   15.664043] Suspended for 3.029 seconds
[   15.664055] Enabling non-boot CPUs ...
[   15.694638] CPU1 is up
[   15.734680] CPU2 is up
[   15.774788] CPU3 is up
[   15.775484] pci_bus 0000:00: 2-byte config write to 0000:00:01.0 offset 0x4c may corrupt adjacent RW1C bits
[   15.775502] pci_bus 0000:00: 2-byte config write to 0000:00:01.0 offset 0x88 may corrupt adjacent RW1C bits
[   15.775507] pci_bus 0000:00: 2-byte config write to 0000:00:01.0 offset 0x90 may corrupt adjacent RW1C bits
[   15.775513] pci_bus 0000:00: 2-byte config write to 0000:00:01.0 offset 0x98 may corrupt adjacent RW1C bits
[   15.775518] pci_bus 0000:00: 2-byte config write to 0000:00:01.0 offset 0x9c may corrupt adjacent RW1C bits
[   15.775538] pci_bus 0000:00: 2-byte config write to 0000:00:01.0 offset 0x52 may corrupt adjacent RW1C bits
[   15.775546] pci_bus 0000:00: 2-byte config write to 0000:00:01.0 offset 0x52 may corrupt adjacent RW1C bits
[   15.775574] pcieport 0000:00:01.0: nv_msi_ht_cap_quirk didn't locate host bridge
[   15.803494] PM: noirq resume of devices complete after 28.698 msecs
[   15.805225] PM: early resume of devices complete after 1.298 msecs
[   16.362088] PM: resume of devices complete after 556.850 msecs
[   16.544724] Restarting tasks ... done.
root@(none):/# 
root@(none):/# rtcwake -d rtc1 -m mem -s 3
rtcwake: wakeup from "mem" using /dev/rtc1 at Thu Jan  1 00:00:47 1970
[   17.310383] PM: Syncing filesystems ... done.
[   17.324462] Freezing user space processes ... (elapsed 0.001 seconds) done.
[   17.332589] Freezing remaining freezable tasks ... (elapsed 0.000 seconds) done.
[   17.340842] Suspending console(s) (use no_console_suspend to debug)
[   17.427394] PM: suspend of devices complete after 79.255 msecs
[   17.429689] PM: late suspend of devices complete after 2.286 msecs
[   17.454256] PM: noirq suspend of devices complete after 24.557 msecs
[   17.454260] Disabling non-boot CPUs ...
[   17.454700] IRQ17 no longer affine to CPU1
[   17.455109] CPU1: shutdown
[   17.505046] CPU2: shutdown
[   17.564567] CPU3: shutdown
[   17.614004] Entering suspend state LP1
[   17.614004] Suspended for 3.050 seconds
[   17.614017] Enabling non-boot CPUs ...
[   17.644620] CPU1 is up
[   17.684662] CPU2 is up
[   17.724765] CPU3 is up
[   17.725510] pcieport 0000:00:01.0: nv_msi_ht_cap_quirk didn't locate host bridge
[   17.753464] PM: noirq resume of devices complete after 28.690 msecs
[   17.755658] PM: early resume of devices complete after 1.741 msecs
[   18.310021] PM: resume of devices complete after 554.352 msecs
[   18.389546] Restarting tasks ... done.
root@(none):/# 
root@(none):/# rtcwake -d rtc1 -m mem -s 3
rtcwake: wakeup from "mem" using /dev/rtc1 at Thu Jan  1 00:00:52 1970
[   19.261370] PM: Syncing filesystems ... done.
[   19.275459] Freezing user space processes ... (elapsed 0.001 seconds) done.
[   19.283609] Freezing remaining freezable tasks ... (elapsed 0.001 seconds) done.
[   19.292262] Suspending console(s) (use no_console_suspend to debug)
[   19.377393] PM: suspend of devices complete after 77.850 msecs
[   19.379680] PM: late suspend of devices complete after 2.277 msecs
[   19.404228] PM: noirq suspend of devices complete after 24.537 msecs
[   19.404230] Disabling non-boot CPUs ...
[   19.404681] IRQ17 no longer affine to CPU1
[   19.405083] CPU1: shutdown
[   19.475030] CPU2: shutdown
[   19.534532] CPU3: shutdown
[   19.583982] Entering suspend state LP1
[   19.583982] Suspended for 3.029 seconds
[   19.583993] Enabling non-boot CPUs ...
[   19.614581] CPU1 is up
[   19.654630] CPU2 is up
[   19.694733] CPU3 is up
[   19.695462] pcieport 0000:00:01.0: nv_msi_ht_cap_quirk didn't locate host bridge
[   19.723432] PM: noirq resume of devices complete after 28.690 msecs
[   19.725098] PM: early resume of devices complete after 1.235 msecs
[   20.284160] PM: resume of devices complete after 559.049 msecs
[   20.363649] Restarting tasks ... done.
root@(none):/# 
root@(none):/# rtcwake -d rtc1 -m mem -s 3
rtcwake: wakeup from "mem" using /dev/rtc1 at Thu Jan  1 00:00:57 1970
[   21.231303] PM: Syncing filesystems ... done.
[   21.245400] Freezing user space processes ... (elapsed 0.001 seconds) done.
[   21.253551] Freezing remaining freezable tasks ... (elapsed 0.001 seconds) done.
[   21.262206] Suspending console(s) (use no_console_suspend to debug)
[   21.304542] pci_generic_config_write32: 65 callbacks suppressed
[   21.304558] pci_bus 0000:00: 2-byte config write to 0000:00:01.0 offset 0x9c may corrupt adjacent RW1C bits
[   21.346299] PM: suspend of devices complete after 76.818 msecs
[   21.347593] PM: late suspend of devices complete after 1.283 msecs
[   21.348174] pci_bus 0000:01: 2-byte config write to 0000:01:00.0 offset 0x44 may corrupt adjacent RW1C bits
[   21.348193] pci_bus 0000:01: 2-byte config write to 0000:01:00.0 offset 0x44 may corrupt adjacent RW1C bits
[   21.374200] PM: noirq suspend of devices complete after 26.600 msecs
[   21.374205] Disabling non-boot CPUs ...
[   21.374640] IRQ17 no longer affine to CPU1
[   21.375045] CPU1: shutdown
[   21.445026] CPU2: shutdown
[   21.504525] CPU3: shutdown
[   21.553944] Entering suspend state LP1
[   21.553944] Suspended for 3.030 seconds
[   21.553955] Enabling non-boot CPUs ...
[   21.584568] CPU1 is up
[   21.624609] CPU2 is up
[   21.664704] CPU3 is up
[   21.665401] pci_bus 0000:00: 2-byte config write to 0000:00:01.0 offset 0x4c may corrupt adjacent RW1C bits
[   21.665415] pci_bus 0000:00: 2-byte config write to 0000:00:01.0 offset 0x88 may corrupt adjacent RW1C bits
[   21.665420] pci_bus 0000:00: 2-byte config write to 0000:00:01.0 offset 0x90 may corrupt adjacent RW1C bits
[   21.665425] pci_bus 0000:00: 2-byte config write to 0000:00:01.0 offset 0x98 may corrupt adjacent RW1C bits
[   21.665431] pci_bus 0000:00: 2-byte config write to 0000:00:01.0 offset 0x9c may corrupt adjacent RW1C bits
[   21.665447] pci_bus 0000:00: 2-byte config write to 0000:00:01.0 offset 0x52 may corrupt adjacent RW1C bits
[   21.665454] pci_bus 0000:00: 2-byte config write to 0000:00:01.0 offset 0x52 may corrupt adjacent RW1C bits
[   21.665480] pcieport 0000:00:01.0: nv_msi_ht_cap_quirk didn't locate host bridge
[   21.693416] PM: noirq resume of devices complete after 28.703 msecs
[   21.694592] PM: early resume of devices complete after 0.737 msecs
[   22.255356] PM: resume of devices complete after 560.751 msecs
[   22.437993] Restarting tasks ... done.
root@(none):/# 
root@(none):/# rtcwake -d rtc1 -m mem -s 3
rtcwake: wakeup from "mem" using /dev/rtc1 at Thu Jan  1 00:01:02 1970
[   23.201279] PM: Syncing filesystems ... done.
[   23.215394] Freezing user space processes ... (elapsed 0.001 seconds) done.
[   23.223547] Freezing remaining freezable tasks ... (elapsed 0.001 seconds) done.
[   23.232203] Suspending console(s) (use no_console_suspend to debug)
[   23.316832] PM: suspend of devices complete after 77.348 msecs
[   23.319159] PM: late suspend of devices complete after 2.317 msecs
[   23.344176] PM: noirq suspend of devices complete after 25.008 msecs
[   23.344180] Disabling non-boot CPUs ...
[   23.344619] IRQ17 no longer affine to CPU1
[   23.345028] CPU1: shutdown
[   23.414934] CPU2: shutdown
[   23.474496] CPU3: shutdown
[   23.523914] Entering suspend state LP1
[   23.523914] Suspended for 3.030 seconds
[   23.523928] Enabling non-boot CPUs ...
[   23.554520] CPU1 is up
[   23.594566] CPU2 is up
[   23.634709] CPU3 is up
[   23.635441] pcieport 0000:00:01.0: nv_msi_ht_cap_quirk didn't locate host bridge
[   23.663384] PM: noirq resume of devices complete after 28.668 msecs
[   23.665573] PM: early resume of devices complete after 1.741 msecs
[   24.225871] PM: resume of devices complete after 560.285 msecs
[   24.305386] Restarting tasks ... done.
root@(none):/# 
root@(none):/# rtcwake -d rtc1 -m mem -s 3
rtcwake: wakeup from "mem" using /dev/rtc1 at Thu Jan  1 00:01:07 1970
[   25.171199] PM: Syncing filesystems ... done.
[   25.185297] Freezing user space processes ... (elapsed 0.001 seconds) done.
[   25.193458] Freezing remaining freezable tasks ... (elapsed 0.001 seconds) done.
[   25.202110] Suspending console(s) (use no_console_suspend to debug)
[   25.286780] PM: suspend of devices complete after 77.378 msecs
[   25.289089] PM: late suspend of devices complete after 2.297 msecs
[   25.314137] PM: noirq suspend of devices complete after 25.037 msecs
[   25.314141] Disabling non-boot CPUs ...
[   25.314571] IRQ17 no longer affine to CPU1
[   25.314981] CPU1: shutdown
[   25.384962] CPU2: shutdown
[   25.444446] CPU3: shutdown
[   25.493894] Entering suspend state LP1
[   25.493894] Suspended for 3.029 seconds
[   25.493906] Enabling non-boot CPUs ...
[   25.524508] CPU1 is up
[   25.564532] CPU2 is up
[   25.604652] CPU3 is up
[   25.605384] pcieport 0000:00:01.0: nv_msi_ht_cap_quirk didn't locate host bridge
[   25.633351] PM: noirq resume of devices complete after 28.690 msecs
[   25.635111] PM: early resume of devices complete after 1.305 msecs
[   26.188824] PM: resume of devices complete after 553.701 msecs
[   26.268333] Restarting tasks ... done.
root@(none):/# 
root@(none):/# NVTB SYSTEM SUSPEND TEST COMPLETE
