sole [uart0] enabled
[    0.000000] NUMA: No NUMA configuration found
[    0.000000] NUMA: Faking a node at [mem 0x0000000000000000-0x000000013fffffff]
[    0.000000] NUMA: Adding memblock [0x80000000 - 0xf65fffff] on node 0
[    0.000000] NUMA: Adding memblock [0x100000000 - 0x13fffffff] on node 0
[    0.000000] NUMA: Initmem setup node 0 [mem 0x80000000-0x13fffffff]
[    0.000000] NUMA: NODE_DATA [mem 0x13ffa1400-0x13ffa2eff]
[    0.000000] Zone ranges:
[    0.000000]   DMA      [mem 0x0000000080000000-0x00000000ffffffff]
[    0.000000]   Normal   [mem 0x0000000100000000-0x000000013fffffff]
[    0.000000] Movable zone start for each node
[    0.000000] Early memory node ranges
[    0.000000]   node   0: [mem 0x0000000080000000-0x00000000f65fffff]
[    0.000000]   node   0: [mem 0x0000000100000000-0x000000013fffffff]
[    0.000000] Initmem setup node 0 [mem 0x0000000080000000-0x000000013fffffff]
[    0.000000] psci: probing for conduit method from DT.
[    0.000000] psci: PSCIv1.0 detected in firmware.
[    0.000000] psci: Using standard PSCI v0.2 function IDs
[    0.000000] psci: MIGRATE_INFO_UP_CPU reported invalid physical ID (0x80000000)
[    0.000000] percpu: Embedded 23 pages/cpu @ffff8000bff42000 s56960 r8192 d29056 u94208
[    0.000000] Detected PIPT I-cache on CPU0
[    0.000000] CPU features: enabling workaround for ARM erratum 832075
[    0.000000] CPU features: enabling workaround for ARM erratum 834220
[    0.000000] Built 1 zonelists in Node order, mobility grouping on.  Total pages: 735336
[    0.000000] Policy zone: Normal
[    0.000000] Kernel command line: cros_secure vpr=0x08000000@0xf6800000 earlycon
[    0.000000] PID hash table entries: 4096 (order: 3, 32768 bytes)
[    0.000000] software IO TLB [mem 0xf1400000-0xf5400000] (64MB) mapped at [ffff800071400000-ffff8000753fffff]
[    0.000000] Memory: 2837900K/2988032K available (8700K kernel code, 964K rwdata, 4204K rodata, 1088K init, 397K bss, 133748K reserved, 16384K cma-reserved)
[    0.000000] Virtual kernel memory layout:
[    0.000000]     modules : 0xffff000000000000 - 0xffff000008000000   (   128 MB)
[    0.000000]     vmalloc : 0xffff000008000000 - 0xffff7dffbfff0000   (129022 GB)
[    0.000000]       .text : 0xffff000008080000 - 0xffff000008900000   (  8704 KB)
[    0.000000]     .rodata : 0xffff000008900000 - 0xffff000008d20000   (  4224 KB)
[    0.000000]       .init : 0xffff000008d20000 - 0xffff000008e30000   (  1088 KB)
[    0.000000]       .data : 0xffff000008e30000 - 0xffff000008f21200   (   965 KB)
[    0.000000]        .bss : 0xffff000008f21200 - 0xffff000008f84638   (   398 KB)
[    0.000000]     fixed   : 0xffff7dfffe7fd000 - 0xffff7dfffec00000   (  4108 KB)
[    0.000000]     PCI I/O : 0xffff7dfffee00000 - 0xffff7dffffe00000   (    16 MB)
[    0.000000]     vmemmap : 0xffff7e0000000000 - 0xffff800000000000   (  2048 GB maximum)
[    0.000000]               0xffff7e0000000000 - 0xffff7e0003000000   (    48 MB actual)
[    0.000000]     memory  : 0xffff800000000000 - 0xffff8000c0000000   (  3072 MB)
[    0.000000] SLUB: HWalign=64, Order=0-3, MinObjects=0, CPUs=4, Nodes=1
[    0.000000] Preemptible hierarchical RCU implementation.
[    0.000000] 	Build-time adjustment of leaf fanout to 64.
[    0.000000] 	RCU restricting CPUs from NR_CPUS=64 to nr_cpu_ids=4.
[    0.000000] RCU: Adjusting geometry for rcu_fanout_leaf=64, nr_cpu_ids=4
[    0.000000] NR_IRQS:64 nr_irqs:64 0
[    0.000000] GIC: Using split EOI/Deactivate mode
[    0.000000] /interrupt-controller@60004000: 192 interrupts forwarded to /interrupt-controller@50041000
[    0.000000] boot misc0 0x0: expected 0x80000
[    0.000000]  (comparison mask = 0x400ffffb)
[    0.000000] boot misc2 0x1f720005: expected 0x1f720f05
[    0.000000]  (comparison mask = 0xffffff17)
[    0.000000] PLL_C already enabled. Postponing set full defaults
[    0.000000] PLL_MB already enabled. Postponing set full defaults
[    0.000000] PLL_U already enabled. Postponing set full defaults
[    0.000000] PLL_D already enabled. Postponing set full defaults
[    0.000000] PLL_DP already enabled. Postponing set full defaults
[    0.000000] boot misc0 0x0: expected 0x20
[    0.000000]  (comparison mask = 0x7ffffff)
[    0.000000] boot misc1 0x90000000: expected 0xc0000000
[    0.000000]  (comparison mask = 0xf8000000)
[    0.000000] boot misc2 0x0: expected 0xf400f0da
[    0.000000]  (comparison mask = 0xffffffff)
[    0.000000] boot misc3 0x65a0: expected 0x2004f400
[    0.000000]  (comparison mask = 0xffffffff)
[    0.000000] PLL_P already enabled. Postponing set full defaults
[    0.000000] PLL_X already enabled. Postponing set full defaults
[    0.000000] boot misc1 0x0: expected 0x20
[    0.000000]  (comparison mask = 0xffffff)
[    0.000000] arm_arch_timer: Architected cp15 timer(s) running at 19.20MHz (phys).
[    0.000000] clocksource: arch_sys_counter: mask: 0xffffffffffffff max_cycles: 0x46d987e47, max_idle_ns: 440795202767 ns
[    0.000003] sched_clock: 56 bits at 19MHz, resolution 52ns, wraps every 4398046511078ns
[    0.008357] Console: colour dummy device 80x25
[    0.012925] console [tty0] enabled
[    0.016418] bootconsole [uart0] disabled
[    0.000000] Booting Linux on physical CPU 0x0
[    0.000000] Linux version 4.11.0-rc4-274406-gc02ed2e (jonathanh@tamien) (gcc version 4.9.2 20140904 (prerelease) (crosstool-NG linaro-1.13.1-4.9-2014.09 - Linaro GCC 4.9-2014.09) ) #1 SMP PREEMPT Sun Mar 26 14:39:32 PDT 2017
[    0.000000] Boot CPU: AArch64 Processor [411fd071]
[    0.000000] efi: Getting EFI parameters from FDT:
[    0.000000] efi: UEFI not found.
[    0.000000] cma: Reserved 16 MiB at 0x00000000f5400000
[    0.000000] earlycon: uart0 at MMIO 0x0000000070006000 (options '115200n8')
[    0.000000] bootconsole [uart0] enabled
[    0.000000] NUMA: No NUMA configuration found
[    0.000000] NUMA: Faking a node at [mem 0x0000000000000000-0x000000013fffffff]
[    0.000000] NUMA: Adding memblock [0x80000000 - 0xf65fffff] on node 0
[    0.000000] NUMA: Adding memblock [0x100000000 - 0x13fffffff] on node 0
[    0.000000] NUMA: Initmem setup node 0 [mem 0x80000000-0x13fffffff]
[    0.000000] NUMA: NODE_DATA [mem 0x13ffa1400-0x13ffa2eff]
[    0.000000] Zone ranges:
[    0.000000]   DMA      [mem 0x0000000080000000-0x00000000ffffffff]
[    0.000000]   Normal   [mem 0x0000000100000000-0x000000013fffffff]
[    0.000000] Movable zone start for each node
[    0.000000] Early memory node ranges
[    0.000000]   node   0: [mem 0x0000000080000000-0x00000000f65fffff]
[    0.000000]   node   0: [mem 0x0000000100000000-0x000000013fffffff]
[    0.000000] Initmem setup node 0 [mem 0x0000000080000000-0x000000013fffffff]
[    0.000000] psci: probing for conduit method from DT.
[    0.000000] psci: PSCIv1.0 detected in firmware.
[    0.000000] psci: Using standard PSCI v0.2 function IDs
[    0.000000] psci: MIGRATE_INFO_UP_CPU reported invalid physical ID (0x80000000)
[    0.000000] percpu: Embedded 23 pages/cpu @ffff8000bff42000 s56960 r8192 d29056 u94208
[    0.000000] Detected PIPT I-cache on CPU0
[    0.000000] CPU features: enabling workaround for ARM erratum 832075
[    0.000000] CPU features: enabling workaround for ARM erratum 834220
[    0.000000] Built 1 zonelists in Node order, mobility grouping on.  Total pages: 735336
[    0.000000] Policy zone: Normal
[    0.000000] Kernel command line: cros_secure vpr=0x08000000@0xf6800000 earlycon
[    0.000000] PID hash table entries: 4096 (order: 3, 32768 bytes)
[    0.000000] software IO TLB [mem 0xf1400000-0xf5400000] (64MB) mapped at [ffff800071400000-ffff8000753fffff]
[    0.000000] Memory: 2837900K/2988032K available (8700K kernel code, 964K rwdata, 4204K rodata, 1088K init, 397K bss, 133748K reserved, 16384K cma-reserved)
[    0.000000] Virtual kernel memory layout:
[    0.000000]     modules : 0xffff000000000000 - 0xffff000008000000   (   128 MB)
[    0.000000]     vmalloc : 0xffff000008000000 - 0xffff7dffbfff0000   (129022 GB)
[    0.000000]       .text : 0xffff000008080000 - 0xffff000008900000   (  8704 KB)
[    0.000000]     .rodata : 0xffff000008900000 - 0xffff000008d20000   (  4224 KB)
[    0.000000]       .init : 0xffff000008d20000 - 0xffff000008e30000   (  1088 KB)
[    0.000000]       .data : 0xffff000008e30000 - 0xffff000008f21200   (   965 KB)
[    0.000000]        .bss : 0xffff000008f21200 - 0xffff000008f84638   (   398 KB)
[    0.000000]     fixed   : 0xffff7dfffe7fd000 - 0xffff7dfffec00000   (  4108 KB)
[    0.000000]     PCI I/O : 0xffff7dfffee00000 - 0xffff7dffffe00000   (    16 MB)
[    0.000000]     vmemmap : 0xffff7e0000000000 - 0xffff800000000000   (  2048 GB maximum)
[    0.000000]               0xffff7e0000000000 - 0xffff7e0003000000   (    48 MB actual)
[    0.000000]     memory  : 0xffff800000000000 - 0xffff8000c0000000   (  3072 MB)
[    0.000000] SLUB: HWalign=64, Order=0-3, MinObjects=0, CPUs=4, Nodes=1
[    0.000000] Preemptible hierarchical RCU implementation.
[    0.000000] 	Build-time adjustment of leaf fanout to 64.
[    0.000000] 	RCU restricting CPUs from NR_CPUS=64 to nr_cpu_ids=4.
[    0.000000] RCU: Adjusting geometry for rcu_fanout_leaf=64, nr_cpu_ids=4
[    0.000000] NR_IRQS:64 nr_irqs:64 0
[    0.000000] GIC: Using split EOI/Deactivate mode
[    0.000000] /interrupt-controller@60004000: 192 interrupts forwarded to /interrupt-controller@50041000
[    0.000000] boot misc0 0x0: expected 0x80000
[    0.000000]  (comparison mask = 0x400ffffb)
[    0.000000] boot misc2 0x1f720005: expected 0x1f720f05
[    0.000000]  (comparison mask = 0xffffff17)
[    0.000000] PLL_C already enabled. Postponing set full defaults
[    0.000000] PLL_MB already enabled. Postponing set full defaults
[    0.000000] PLL_U already enabled. Postponing set full defaults
[    0.000000] PLL_D already enabled. Postponing set full defaults
[    0.000000] PLL_DP already enabled. Postponing set full defaults
[    0.000000] boot misc0 0x0: expected 0x20
[    0.000000]  (comparison mask = 0x7ffffff)
[    0.000000] boot misc1 0x90000000: expected 0xc0000000
[    0.000000]  (comparison mask = 0xf8000000)
[    0.000000] boot misc2 0x0: expected 0xf400f0da
[    0.000000]  (comparison mask = 0xffffffff)
[    0.000000] boot misc3 0x65a0: expected 0x2004f400
[    0.000000]  (comparison mask = 0xffffffff)
[    0.000000] PLL_P already enabled. Postponing set full defaults
[    0.000000] PLL_X already enabled. Postponing set full defaults
[    0.000000] boot misc1 0x0: expected 0x20
[    0.000000]  (comparison mask = 0xffffff)
[    0.000000] arm_arch_timer: Architected cp15 timer(s) running at 19.20MHz (phys).
[    0.000000] clocksource: arch_sys_counter: mask: 0xffffffffffffff max_cycles: 0x46d987e47, max_idle_ns: 440795202767 ns
[    0.000003] sched_clock: 56 bits at 19MHz, resolution 52ns, wraps every 4398046511078ns
[    0.008357] Console: colour dummy device 80x25
[    0.012925] console [tty0] enabled
[    0.016418] bootconsole [uart0] disabled
[    0.020480] Calibrating delay loop (skipped), value calculated using timer frequency.. 38.40 BogoMIPS (lpj=76800)
[    0.020495] pid_max: default: 32768 minimum: 301
[    0.020549] Security Framework initialized
[    0.021129] Dentry cache hash table entries: 524288 (order: 10, 4194304 bytes)
[    0.022664] Inode-cache hash table entries: 262144 (order: 9, 2097152 bytes)
[    0.023310] Mount-cache hash table entries: 8192 (order: 4, 65536 bytes)
[    0.023327] Mountpoint-cache hash table entries: 8192 (order: 4, 65536 bytes)
[    0.032488] ASID allocator initialised with 65536 entries
[    0.053205] Speedo Revision 4
[    0.053224] Tegra Revision: A02 SKU: 19 CPU Process: 0 SoC Process: 0
[    0.100633] EFI services will not be available.
[    0.116586] smp: Bringing up secondary CPUs ...
[    0.148716] Detected PIPT I-cache on CPU1
[    0.148745] CPU1: Booted secondary processor [411fd071]
[    0.180750] Detected PIPT I-cache on CPU2
[    0.180768] CPU2: Booted secondary processor [411fd071]
[    0.212792] Detected PIPT I-cache on CPU3
[    0.212810] CPU3: Booted secondary processor [411fd071]
[    0.212846] smp: Brought up 1 node, 4 CPUs
[    0.212877] SMP: Total of 4 processors activated.
[    0.212886] CPU features: detected feature: 32-bit EL0 Support
[    0.212925] CPU: All CPU(s) started at EL2
[    0.212946] alternatives: patching kernel code
[    0.215400] devtmpfs: initialized
[    0.220517] DMI not present or invalid.
[    0.220658] clocksource: jiffies: mask: 0xffffffff max_cycles: 0xffffffff, max_idle_ns: 7645041785100000 ns
[    0.220704] futex hash table entries: 1024 (order: 5, 131072 bytes)
[    0.220996] pinctrl core: initialized pinctrl subsystem
[    0.221962] NET: Registered protocol family 16
[    0.223046] cpuidle: using governor menu
[    0.223508] vdso: 2 pages (1 code @ ffff000008907000, 1 data @ ffff000008e35000)
[    0.223531] hw-breakpoint: found 6 breakpoint and 4 watchpoint registers.
[    0.224067] DMA: preallocated 256 KiB pool for atomic allocations
[    0.225184] Serial: AMBA PL011 UART driver
[    0.237594] HugeTLB registered 2 MB page size, pre-allocated 0 pages
[    0.238161] ACPI: Interpreter disabled.
[    0.238533] PPLCD_VDD: Failed to request enable GPIO172: -517
[    0.238552] reg-fixed-voltage regulators:regulator@1: Failed to register regulator: -517
[    0.238857] PP1800_LCDIO: Failed to request enable GPIO171: -517
[    0.238871] reg-fixed-voltage regulators:regulator@5: Failed to register regulator: -517
[    0.238919] PP1800_CAM: Failed to request enable GPIO83: -517
[    0.238933] reg-fixed-voltage regulators:regulator@6: Failed to register regulator: -517
[    0.239344] vgaarb: loaded
[    0.239492] SCSI subsystem initialized
[    0.239750] usbcore: registered new interface driver usbfs
[    0.239788] usbcore: registered new interface driver hub
[    0.239834] usbcore: registered new device driver usb
[    0.240506] tegra-i2c 7000d100.i2c: could not find pctldev for node /host1x@50000000/dpaux@545c0000/pinmux-i2c, deferring probe
[    0.240596] pps_core: LinuxPPS API ver. 1 registered
[    0.240608] pps_core: Software ver. 5.3.6 - Copyright 2005-2007 Rodolfo Giometti <giometti@linux.it>
[    0.240632] PTP clock support registered
[    0.240718] dmi: Firmware registration failed.
[    0.241310] Advanced Linux Sound Architecture Driver Initialized.
[    0.241660] clocksource: Switched to clocksource arch_sys_counter
[    0.241749] VFS: Disk quotas dquot_6.6.0
[    0.241791] VFS: Dquot-cache hash table entries: 512 (order 0, 4096 bytes)
[    0.241916] pnp: PnP ACPI: disabled
[    0.246359] NET: Registered protocol family 2
[    0.246682] TCP established hash table entries: 32768 (order: 6, 262144 bytes)
[    0.246857] TCP bind hash table entries: 32768 (order: 7, 524288 bytes)
[    0.247052] TCP: Hash tables configured (established 32768 bind 32768)
[    0.247145] UDP hash table entries: 2048 (order: 4, 65536 bytes)
[    0.247187] UDP-Lite hash table entries: 2048 (order: 4, 65536 bytes)
[    0.247291] NET: Registered protocol family 1
[    0.247501] RPC: Registered named UNIX socket transport module.
[    0.247515] RPC: Registered udp transport module.
[    0.247525] RPC: Registered tcp transport module.
[    0.247535] RPC: Registered tcp NFSv4.1 backchannel transport module.
[    0.247655] Unpacking initramfs...
[    0.336260] Freeing initrd memory: 2360K
[    0.336613] kvm [1]: 8-bit VMID
[    0.336627] kvm [1]: IDMAP page: 808ef000
[    0.336638] kvm [1]: HYP VA range: 800000000000:ffffffffffff
[    0.337205] kvm [1]: Hyp mode initialized successfully
[    0.337248] kvm [1]: vgic-v2@50044000
[    0.337316] kvm [1]: vgic interrupt IRQ1
[    0.337332] kvm [1]: virtual timer IRQ4
[    0.338684] audit: initializing netlink subsys (disabled)
[    0.338979] workingset: timestamp_bits=44 max_order=20 bucket_order=0
[    0.342741] squashfs: version 4.0 (2009/01/31) Phillip Lougher
[    0.343098] NFS: Registering the id_resolver key type
[    0.343120] Key type id_resolver registered
[    0.343129] Key type id_legacy registered
[    0.343144] nfs4filelayout_init: NFSv4 File Layout Driver Registering...
[    0.343237] 9p: Installing v9fs 9p2000 file system support
[    0.344520] Block layer SCSI generic (bsg) driver version 0.4 loaded (major 247)
[    0.344541] io scheduler noop registered
[    0.344660] io scheduler cfq registered (default)
[    0.344671] io scheduler mq-deadline registered
[    0.345850]  usb3-0: usb3-0 supply vbus not found, using dummy regulator
[    0.353390] tegra-apbdma 60020000.dma: Tegra20 APB DMA driver register 32 channels
[    0.354257] tegra-pmc 7000e400.pmc: i2c-thermtrip node not found, emergency thermal reset disabled.
[    0.354413] xenfs: not registering filesystem on non-xen platform
[    0.356358] Serial: 8250/16550 driver, 4 ports, IRQ sharing enabled
[    0.357346] 70006000.serial: ttyS0 at MMIO 0x70006000 (irq = 313, base_baud = 25500000) is a Tegra
[    1.388616] console [ttyS0] enabled
[    1.392428] SuperH (H)SCI(F) driver initialized
[    1.397157] msm_serial: driver initialized
[    1.401480] cacheinfo: Unable to detect cache hierarchy for CPU 0
[    1.411208] loop: module loaded
[    1.418202] cros-ec-i2c 0-001e: Chrome EC device registered
[    1.424385] max77620 1-003c: PMIC Version OTP:0x35 and ES:0x8
[    1.437413] PP1200_RCAM: Bringing 1050000uV into 1200000-1200000uV
[    1.444572] PP2800L_RCAM: Bringing 3100000uV into 2800000-2800000uV
[    1.451276] PP1100_SOC_RTC: Bringing 1000000uV into 850000-850000uV
[    1.458044] PP2800L_FCAM: Bringing 3100000uV into 2800000-2800000uV
[    1.464692] random: fast init done
[    1.468146] PP_LDO6: Bringing 2800000uV into 1800000-1800000uV
[    1.477047] hisi_sas: driver version v1.6
[    1.482437] libphy: Fixed MDIO Bus: probed
[    1.486763] tun: Universal TUN/TAP device driver, 1.6
[    1.492380] e1000e: Intel(R) PRO/1000 Network Driver - 3.2.6-k
[    1.498214] e1000e: Copyright(c) 1999 - 2015 Intel Corporation.
[    1.504155] igb: Intel(R) Gigabit Ethernet Network Driver - version 5.4.0-k
[    1.511114] igb: Copyright (c) 2007-2014 Intel Corporation.
[    1.516708] igbvf: Intel(R) Gigabit Virtual Function Network Driver - version 2.4.0-k
[    1.524538] igbvf: Copyright (c) 2009 - 2012 Intel Corporation.
[    1.530476] sky2: driver version 1.30
[    1.534404] VFIO - User Level meta-driver version: 0.3
[    1.540161] ehci_hcd: USB 2.0 'Enhanced' Host Controller (EHCI) Driver
[    1.546692] ehci-pci: EHCI PCI platform driver
[    1.551154] ehci-platform: EHCI generic platform driver
[    1.556445] ehci-exynos: EHCI EXYNOS driver
[    1.560687] ehci-msm: Qualcomm On-Chip EHCI Host Controller
[    1.566304] ohci_hcd: USB 1.1 'Open' Host Controller (OHCI) Driver
[    1.572487] ohci-pci: OHCI PCI platform driver
[    1.576952] ohci-platform: OHCI generic platform driver
[    1.582229] ohci-exynos: OHCI EXYNOS driver
[    1.646307] tegra-xusb 70090000.usb: Firmware timestamp: 2015-08-10 09:47:54 UTC
[    1.653717] tegra-xusb 70090000.usb: xHCI Host Controller
[    1.659138] tegra-xusb 70090000.usb: new USB bus registered, assigned bus number 1
[    1.667696] tegra-xusb 70090000.usb: hcc params 0x0184f525 hci version 0x100 quirks 0x00010010
[    1.676332] tegra-xusb 70090000.usb: irq 319, io mem 0x70090000
[    1.682607] hub 1-0:1.0: USB hub found
[    1.686378] hub 1-0:1.0: 5 ports detected
[    1.690657] tegra-xusb 70090000.usb: xHCI Host Controller
[    1.696061] tegra-xusb 70090000.usb: new USB bus registered, assigned bus number 2
[    1.703677] usb usb2: We don't know the algorithms for LPM for this host, disabling LPM.
[    1.712021] hub 2-0:1.0: USB hub found
[    1.715788] hub 2-0:1.0: 4 ports detected
[    1.720235] usbcore: registered new interface driver usb-storage
[    1.854340] max77686-rtc max77620-rtc: rtc core: registered max77620-rtc as rtc0
[    1.862285] tegra_rtc 7000e000.rtc: rtc core: registered 7000e000.rtc as rtc1
[    1.869447] tegra_rtc 7000e000.rtc: Tegra internal Real Time Clock
[    1.875705] i2c /dev entries driver
[    1.880486] (NULL device *): hwmon_device_register() is deprecated. Please convert the driver to use hwmon_device_register_with_info().
[    1.892709] bq27xxx-battery 2-0055: support ver. 1.2.0 enabled
[    1.914893] sdhci: Secure Digital Host Controller Interface driver
[    1.921102] sdhci: Copyright(c) Pierre Ossman
[    1.925648] Synopsys Designware Multimedia Card Interface Driver
[    1.932032] sdhci-pltfm: SDHCI platform and OF driver helper
[    1.937934] mmc0: Unknown controller version (3). You may experience problems.
[    1.989700] mmc0: SDHCI controller on 700b0600.sdhci [700b0600.sdhci] using ADMA 64-bit
[    1.998328] ledtrig-cpu: registered to indicate activity on CPUs
[    2.007067] usbcore: registered new interface driver usbhid
[    2.013676] usbhid: USB HID core driver
[    2.018884] NET: Registered protocol family 17
[    2.023466] 9pnet: Installing 9P2000 support
[    2.027856] Key type dns_resolver registered
[    2.032521] registered taskstats version 1
[    2.044020] tegra-i2c 7000d100.i2c: could not find pctldev for node /host1x@50000000/dpaux@545c0000/pinmux-i2c, deferring probe
[    2.057528] input: gpio-keys as /devices/platform/gpio-keys/input/input0
[    2.064466] tegra-i2c 7000d100.i2c: could not find pctldev for node /host1x@50000000/dpaux@545c0000/pinmux-i2c, deferring probe
[    2.093826] max77686-rtc max77620-rtc: setting system clock to 2001-01-05 03:06:38 UTC (978663998)
[    2.094361] mmc0: new high speed MMC card at address 0001
[    2.098626] mmcblk0: mmc0:0001 BGND3R 29.1 GiB 
[    2.102741] mmcblk0boot0: mmc0:0001 BGND3R partition 1 4.00 MiB
[    2.102848] mmcblk0boot1: mmc0:0001 BGND3R partition 2 4.00 MiB
[    2.102950] mmcblk0rpmb: mmc0:0001 BGND3R partition 3 4.00 MiB
[    2.105358]  mmcblk0: p1 p2 p3 p4 p5 p6 p7 p8 p9 p10 p11
[    2.106780] tegra-i2c 7000d100.i2c: could not find pctldev for node /host1x@50000000/dpaux@545c0000/pinmux-i2c, deferring probe
[    2.147739] PP1200_AVDD: disabling
[    2.151225] PP1200_RCAM: disabling
[    2.154698] PP2800L_RCAM: disabling
[    2.158252] PP2800L_FCAM: disabling
[    2.161806] PP_LDO6: disabling
[    2.164915] PPLCD_VDD: disabling
[    2.168151] PP1800_LCDIO: disabling
[    2.171642] PP1800_CAM: disabling
[    2.174955] ALSA device list:
[    2.177921]   No soundcards found.
[    2.181840] Freeing unused kernel memory: 1088K

System initialization...

Mounting /proc :[SUCCESS]
Mounting /sys :[SUCCESS]
Mounting /dev :[SUCCESS]
Mounting /dev/pts :[SUCCESS]
Mounting /sys/kernel/debug :[SUCCESS]
Mounting other filesystems :[SUCCESS]
Enabling hot-plug :[SUCCESS]
Populating /dev :[SUCCESS]
Starting syslogd :[SUCCESS]
Starting telnetd :[SUCCESS]

System initialization complete.

Please press Enter to activate this console. 