
U-Boot SPL 2014.01-00219-gc4d376f (Feb 18 2014 - 19:57:18)


U-Boot 2014.01-00219-gc4d376f (Feb 18 2014 - 19:57:18)

TEGRA30
Board: NVIDIA Beaver
I2C:   ready
DRAM:  2 GiB
MMC:   Tegra SD/MMC: 0, Tegra SD/MMC: 1
In:    serial
Out:   serial
Err:   serial
Net:   Net Initialization Skipped
No ethernet found.
Hit any key to stop autoboot:  2  0 
Tegra30 (Beaver) # 
Tegra30 (Beaver) # usb reset
(Re)start USB...
USB0:   USB EHCI 1.00
scanning bus 0 for devices... 2 USB Device(s) found
       scanning usb for storage devices... 0 Storage Device(s) found
       scanning usb for ethernet devices... 
Warning: asx0 using MAC address from net device
1 Ethernet Device(s) found
Tegra30 (Beaver) # setenv bootargs 'ignore_loglevel console=ttyS0,115200n8 rw root=/dev/mmcblk0p1 rootwait gpt debug init=/bin/bash noinitrd'
Tegra30 (Beaver) # setenv ipaddr 192.168.100.101; setenv serverip 192.168.100.1; setenv tftpserverip 192.168.100.1
Tegra30 (Beaver) # tftpboot 0x81000000 zImage.multi_v7_defconfig
Using asx0 device
TFTP from server 192.168.100.1; our IP address is 192.168.100.101
Filename 'zImage.multi_v7_defconfig'.
Load address: 0x81000000
Loading: *#################################################################
	 #################################################################
	 #################################################################
	 #################################################################
	 #################################################################
	 #################################################################
	 ##
	 3.3 MiB/s
done
Bytes transferred = 5747680 (57b3e0 hex)
Tegra30 (Beaver) # tftpboot 0x82000000 tegra30-beaver.dtb
Using asx0 device
TFTP from server 192.168.100.1; our IP address is 192.168.100.101
Filename 'tegra30-beaver.dtb'.
Load address: 0x82000000
Loading: *##
	 2.9 MiB/s
done
Bytes transferred = 24641 (6041 hex)
Tegra30 (Beaver) # bootz 0x81000000 - 0x82000000
Kernel image @ 0x81000000 [ 0x000000 - 0x57b3e0 ]
## Flattened Device Tree blob at 82000000
   Booting using the fdt blob at 0x82000000
   Loading Device Tree to 8fff6000, end 8ffff040 ... OK

Starting kernel ...

[    0.000000] Booting Linux on physical CPU 0x0
[    0.000000] Linux version 3.19.0-rc5-13216-gec6f34e (pwalmsley@tamien) (gcc version 4.7.3 20130328 (prerelease) (crosstool-NG linaro-1.13.1-4.7-2013.04-20130415 - Linaro GCC 2013.04) ) #1 SMP Sun Jan 18 17:52:22 PST 2015
[    0.000000] CPU: ARMv7 Processor [412fc099] revision 9 (ARMv7), cr=10c5387d
[    0.000000] CPU: PIPT / VIPT nonaliasing data cache, VIPT aliasing instruction cache
[    0.000000] Machine model: NVIDIA Tegra30 Beaver evaluation board
[    0.000000] debug: ignoring loglevel setting.
[    0.000000] cma: Reserved 64 MiB at 0xfb800000
[    0.000000] Memory policy: Data cache writealloc
[    0.000000] On node 0 totalpages: 524032
[    0.000000] free_area_init_node: node 0, pgdat c0dfe980, node_mem_map ee7f8000
[    0.000000]   DMA zone: 1520 pages used for memmap
[    0.000000]   DMA zone: 0 pages reserved
[    0.000000]   DMA zone: 194560 pages, LIFO batch:31
[    0.000000]   HighMem zone: 329472 pages, LIFO batch:31
[    0.000000] PERCPU: Embedded 10 pages/cpu @ee7b5000 s8512 r8192 d24256 u40960
[    0.000000] pcpu-alloc: s8512 r8192 d24256 u40960 alloc=10*4096
[    0.000000] pcpu-alloc: [0] 0 [0] 1 [0] 2 [0] 3 
[    0.000000] Built 1 zonelists in Zone order, mobility grouping on.  Total pages: 522512
[    0.000000] Kernel command line: ignore_loglevel console=ttyS0,115200n8 rw root=/dev/mmcblk0p1 rootwait gpt debug init=/bin/bash noinitrd
[    0.000000] PID hash table entries: 4096 (order: 2, 16384 bytes)
[    0.000000] Dentry cache hash table entries: 131072 (order: 7, 524288 bytes)
[    0.000000] Inode-cache hash table entries: 65536 (order: 6, 262144 bytes)
[    0.000000] Memory: 2000520K/2096128K available (7477K kernel code, 954K rwdata, 3052K rodata, 772K init, 306K bss, 30072K reserved, 65536K cma-reserved, 1252352K highmem)
[    0.000000] Virtual kernel memory layout:
[    0.000000]     vector  : 0xffff0000 - 0xffff1000   (   4 kB)
[    0.000000]     fixmap  : 0xffc00000 - 0xfff00000   (3072 kB)
[    0.000000]     vmalloc : 0xf0000000 - 0xff000000   ( 240 MB)
[    0.000000]     lowmem  : 0xc0000000 - 0xef800000   ( 760 MB)
[    0.000000]     pkmap   : 0xbfe00000 - 0xc0000000   (   2 MB)
[    0.000000]     modules : 0xbf000000 - 0xbfe00000   (  14 MB)
[    0.000000]       .text : 0xc0208000 - 0xc0c50920   (10531 kB)
[    0.000000]       .init : 0xc0c51000 - 0xc0d12000   ( 772 kB)
[    0.000000]       .data : 0xc0d12000 - 0xc0e00880   ( 955 kB)
[    0.000000]        .bss : 0xc0e00880 - 0xc0e4d1a8   ( 307 kB)
[    0.000000] SLUB: HWalign=64, Order=0-3, MinObjects=0, CPUs=4, Nodes=1
[    0.000000] Hierarchical RCU implementation.
[    0.000000] 	RCU restricting CPUs from NR_CPUS=8 to nr_cpu_ids=4.
[    0.000000] RCU: Adjusting geometry for rcu_fanout_leaf=16, nr_cpu_ids=4
[    0.000000] NR_IRQS:16 nr_irqs:16 16
[    0.000000] L2C: platform modifies aux control register: 0x02080000 -> 0x3e480001
[    0.000000] L2C: DT/platform modifies aux control register: 0x02080000 -> 0x3e480001
[    0.000000] L2C-310 erratum 769419 enabled
[    0.000000] L2C-310 enabling early BRESP for Cortex-A9
[    0.000000] L2C-310: enabling full line of zeros but not enabled in Cortex-A9
[    0.000000] L2C-310 ID prefetch enabled, offset 1 lines
[    0.000000] L2C-310 dynamic clock gating enabled, standby mode enabled
[    0.000000] L2C-310 cache controller enabled, 8 ways, 1024 kB
[    0.000000] L2C-310: CACHE_ID 0x410000c7, AUX_CTRL 0x7e480001
[    0.000014] sched_clock: 32 bits at 1000kHz, resolution 1000ns, wraps every 2147483648000ns
[    0.000032] Switching to timer-based delay loop, resolution 1000ns
[    0.001187] Console: colour dummy device 80x30
[    0.001209] Calibrating delay loop (skipped), value calculated using timer frequency.. 2.00 BogoMIPS (lpj=5000)
[    0.001216] pid_max: default: 32768 minimum: 301
[    0.001309] Mount-cache hash table entries: 2048 (order: 1, 8192 bytes)
[    0.001315] Mountpoint-cache hash table entries: 2048 (order: 1, 8192 bytes)
[    0.001740] CPU: Testing write buffer coherency: ok
[    0.001947] CPU0: thread -1, cpu 0, socket 0, mpidr 80000000
[    0.002015] Setting up static identity map for 0x80911820 - 0x809118b8
[    0.003022] Tegra Revision: A03 SKU: 128 CPU Process: 4 Core Process: 0
[    0.004217] CPU1: thread -1, cpu 1, socket 0, mpidr 80000001
[    0.005088] CPU2: thread -1, cpu 2, socket 0, mpidr 80000002
[    0.005944] CPU3: thread -1, cpu 3, socket 0, mpidr 80000003
[    0.005986] Brought up 4 CPUs
[    0.005997] SMP: Total of 4 processors activated (8.00 BogoMIPS).
[    0.006001] CPU: All CPU(s) started in SVC mode.
[    0.006443] devtmpfs: initialized
[    0.006968] VFP support v0.3: implementor 41 architecture 3 part 30 variant 9 rev 4
[    0.010434] pinctrl core: initialized pinctrl subsystem
[    0.014066] NET: Registered protocol family 16
[    0.016704] DMA: preallocated 256 KiB pool for atomic coherent allocations
[    0.029955] cpuidle: using governor ladder
[    0.044949] cpuidle: using governor menu
[    0.052998] No ATAGs?
[    0.053030] hw-breakpoint: found 5 (+1 reserved) breakpoint and 1 watchpoint registers.
[    0.053037] hw-breakpoint: maximum watchpoint size is 4 bytes.
[    0.054758] Serial: AMBA PL011 UART driver
[    0.072296] platform regulators:regulator@1: Driver reg-fixed-voltage requests probe deferral
[    0.072337] platform regulators:regulator@2: Driver reg-fixed-voltage requests probe deferral
[    0.072434] vdd_5v_sata: Failed to request enable GPIO30: -517
[    0.072482] reg-fixed-voltage regulators:regulator@3: Failed to register regulator: -517
[    0.072493] platform regulators:regulator@3: Driver reg-fixed-voltage requests probe deferral
[    0.072580] usb1_vbus: Failed to request enable GPIO238: -517
[    0.072622] reg-fixed-voltage regulators:regulator@4: Failed to register regulator: -517
[    0.072632] platform regulators:regulator@4: Driver reg-fixed-voltage requests probe deferral
[    0.072719] usb3_vbus: Failed to request enable GPIO236: -517
[    0.072759] reg-fixed-voltage regulators:regulator@5: Failed to register regulator: -517
[    0.072769] platform regulators:regulator@5: Driver reg-fixed-voltage requests probe deferral
[    0.072809] platform regulators:regulator@6: Driver reg-fixed-voltage requests probe deferral
[    0.072895] sys_3v3_pexs: Failed to request enable GPIO95: -517
[    0.072935] reg-fixed-voltage regulators:regulator@7: Failed to register regulator: -517
[    0.072945] platform regulators:regulator@7: Driver reg-fixed-voltage requests probe deferral
[    0.073052] reg-fixed-voltage regulators:regulator@8: Failed to find supply vin
[    0.073099] reg-fixed-voltage regulators:regulator@8: Failed to register regulator: -517
[    0.073109] platform regulators:regulator@8: Driver reg-fixed-voltage requests probe deferral
[    0.074656] vgaarb: loaded
[    0.075092] SCSI subsystem initialized
[    0.075253] libata version 3.00 loaded.
[    0.075460] usbcore: registered new interface driver usbfs
[    0.075499] usbcore: registered new interface driver hub
[    0.075536] usbcore: registered new device driver usb
[    0.083036] vrtc: supplied by vdd_5v_in
[    0.089989] vdd_1v8_gen: supplied by vdd_5v_in
[    0.094978] vddio_ddr_1v2: supplied by vdd_5v_in
[    0.099977] vdd_1v5_gen: supplied by vdd_5v_in
[    0.107299] vdd_pexa,vdd_pexb: supplied by vdd_1v5_gen
[    0.109985] vdd_sata,avdd_plle: supplied by vdd_1v5_gen
[    0.112347] ldo3: supplied by vdd_5v_in
[    0.114976] vdd_rtc: supplied by vdd_5v_in
[    0.119976] vddio_sdmmc,avdd_vdac: supplied by vdd_5v_in
[    0.122654] avdd_dsi_csi,pwrdet_mipi: supplied by vdd_1v8_gen
[    0.129972] vdd_pllm,x,u,a_p_c_s: supplied by vdd_1v8_gen
[    0.134973] vdd_ddr_hs: supplied by vdd_1v8_gen
[    0.136907] Linux video capture interface: v2.00
[    0.136939] pps_core: LinuxPPS API ver. 1 registered
[    0.136944] pps_core: Software ver. 5.3.6 - Copyright 2005-2007 Rodolfo Giometti <giometti@linux.it>
[    0.136959] PTP clock support registered
[    0.137124] EDAC MC: Ver: 3.0.0
[    0.137447] Advanced Linux Sound Architecture Driver Initialized.
[    0.138195] Switched to clocksource timer_us
[    0.144002] NET: Registered protocol family 2
[    0.144421] TCP established hash table entries: 8192 (order: 3, 32768 bytes)
[    0.144472] TCP bind hash table entries: 8192 (order: 4, 65536 bytes)
[    0.144554] TCP: Hash tables configured (established 8192 bind 8192)
[    0.144629] TCP: reno registered
[    0.144640] UDP hash table entries: 512 (order: 2, 16384 bytes)
[    0.144692] UDP-Lite hash table entries: 512 (order: 2, 16384 bytes)
[    0.144873] NET: Registered protocol family 1
[    0.145121] RPC: Registered named UNIX socket transport module.
[    0.145127] RPC: Registered udp transport module.
[    0.145131] RPC: Registered tcp transport module.
[    0.145134] RPC: Registered tcp NFSv4.1 backchannel transport module.
[    0.145154] PCI: CLS 0 bytes, default 64
[    0.145846] hw perfevents: enabled with armv7_cortex_a9 PMU driver, 7 counters available
[    0.146757] futex hash table entries: 1024 (order: 4, 65536 bytes)
[    0.152976] squashfs: version 4.0 (2009/01/31) Phillip Lougher
[    0.153418] NFS: Registering the id_resolver key type
[    0.153461] Key type id_resolver registered
[    0.153465] Key type id_legacy registered
[    0.153514] ntfs: driver 2.1.31 [Flags: R/O].
[    0.154200] bounce: pool size: 64 pages
[    0.154318] Block layer SCSI generic (bsg) driver version 0.4 loaded (major 249)
[    0.154330] io scheduler noop registered
[    0.154337] io scheduler deadline registered
[    0.154427] io scheduler cfq registered (default)
[    0.159630] tegra-pcie 3000.pcie-controller: 2x3 configuration
[    0.159717] tegra-pcie 3000.pcie-controller: Failed to get supply 'hvdd-pex': -517
[    0.159771] platform 3000.pcie-controller: Driver tegra-pcie requests probe deferral
[    0.162470] tegra-apbdma 6000a000.dma: Tegra20 APB DMA driver register 32 channels
[    0.196054] Serial: 8250/16550 driver, 4 ports, IRQ sharing disabled
[    0.197584] msm_serial: driver initialized
[    0.198177] console [ttyS0] disabled
[    0.198245] 70006000.serial: ttyS0 at MMIO 0x70006000 (irq = 331, base_baud = 25500000) is a Tegra
[    1.099257] console [ttyS0] enabled
[    1.103267] STMicroelectronics ASC driver initialized
[    1.108970] [drm] Initialized drm 1.1.0 20060810
[    1.114398] tegra-hdmi 54280000.hdmi: failed to get HDMI regulator
[    1.120589] platform 54280000.hdmi: Driver tegra-hdmi requests probe deferral
[    1.131490] loop: module loaded
[    1.138077] m25p80 spi32766.1: w25q32 (4096 Kbytes)
[    1.144297] CAN device driver interface
[    1.148827] igb: Intel(R) Gigabit Ethernet Network Driver - version 5.2.15-k
[    1.155871] igb: Copyright (c) 2007-2014 Intel Corporation.
[    1.162418] pegasus: v0.9.3 (2013/04/25), Pegasus/Pegasus II USB Ethernet driver
[    1.169857] usbcore: registered new interface driver pegasus
[    1.175559] usbcore: registered new interface driver asix
[    1.180982] usbcore: registered new interface driver ax88179_178a
[    1.187095] usbcore: registered new interface driver cdc_ether
[    1.192970] usbcore: registered new interface driver smsc75xx
[    1.198748] usbcore: registered new interface driver smsc95xx
[    1.204514] usbcore: registered new interface driver net1080
[    1.210193] usbcore: registered new interface driver cdc_subset
[    1.216131] usbcore: registered new interface driver zaurus
[    1.221752] usbcore: registered new interface driver cdc_ncm
[    1.227613] ehci_hcd: USB 2.0 'Enhanced' Host Controller (EHCI) Driver
[    1.234140] ehci-pci: EHCI PCI platform driver
[    1.238624] ehci-platform: EHCI generic platform driver
[    1.243948] ehci-omap: OMAP-EHCI Host Controller driver
[    1.249238] ehci-orion: EHCI orion driver
[    1.253314] SPEAr-ehci: EHCI SPEAr driver
[    1.257380] ehci-st: EHCI STMicroelectronics driver
[    1.262326] ehci-exynos: EHCI EXYNOS driver
[    1.266588] tegra-ehci: Tegra EHCI driver
[    1.270753] platform 7d004000.usb: Driver tegra-ehci requests probe deferral
[    1.277849] platform 7d008000.usb: Driver tegra-ehci requests probe deferral
[    1.284925] ohci_hcd: USB 1.1 'Open' Host Controller (OHCI) Driver
[    1.291110] ohci-pci: OHCI PCI platform driver
[    1.295582] ohci-platform: OHCI generic platform driver
[    1.300880] ohci-omap3: OHCI OMAP3 driver
[    1.304958] SPEAr-ohci: OHCI SPEAr driver
[    1.309048] ohci-st: OHCI STMicroelectronics driver
[    1.314230] usbcore: registered new interface driver usb-storage
[    1.320392] platform 7d004000.usb-phy: Driver tegra-phy requests probe deferral
[    1.327750] platform 7d008000.usb-phy: Driver tegra-phy requests probe deferral
[    1.335941] mousedev: PS/2 mouse device common for all mice
[    1.343170] tegra_rtc 7000e000.rtc: rtc core: registered 7000e000.rtc as rtc1
[    1.350337] tegra_rtc 7000e000.rtc: Tegra internal Real Time Clock
[    1.369045] tps65910-rtc tps65910-rtc: rtc core: registered tps65910-rtc as rtc0
[    1.376547] i2c /dev entries driver
[    1.381306] usbcore: registered new interface driver uvcvideo
[    1.387053] USB Video Class driver (1.1.1)
[    1.391146] gspca_main: v2.14.0 registered
[    1.397336] Driver 'mmcblk' needs updating - please use bus_type methods
[    1.404078] sdhci: Secure Digital Host Controller Interface driver
[    1.410249] sdhci: Copyright(c) Pierre Ossman
[    1.415147] Synopsys Designware Multimedia Card Interface Driver
[    1.421667] sdhci-pltfm: SDHCI platform and OF driver helper
[    1.427749] sdhci-tegra 78000000.sdhci: Got CD GPIO
[    1.432636] sdhci-tegra 78000000.sdhci: Got WP GPIO
[    1.438632] sdhci-tegra 78000000.sdhci: No vmmc regulator found
[    1.444547] sdhci-tegra 78000000.sdhci: No vqmmc regulator found
[    1.450545] mmc0: Invalid maximum block size, assuming 512 bytes
[    1.493287] mmc0: SDHCI controller on 78000000.sdhci [78000000.sdhci] using ADMA
[    1.501838] sdhci-tegra 78000600.sdhci: No vmmc regulator found
[    1.507757] sdhci-tegra 78000600.sdhci: No vqmmc regulator found
[    1.513754] mmc1: Invalid maximum block size, assuming 512 bytes
[    1.553201] mmc1: SDHCI controller on 78000600.sdhci [78000600.sdhci] using ADMA
[    1.565307] ledtrig-cpu: registered to indicate activity on CPUs
[    1.571461] usbcore: registered new interface driver usbhid
[    1.577033] usbhid: USB HID core driver
[    1.584423] usbcore: registered new interface driver snd-usb-audio
[    1.664385] mmc1: new high speed MMC card at address 0001
[    1.670023] mmcblk0: mmc1:0001 SEM16G 14.8 GiB 
[    1.674622] mmcblk0boot0: mmc1:0001 SEM16G partition 1 1.00 MiB
[    1.680612] mmcblk0boot1: mmc1:0001 SEM16G partition 2 1.00 MiB
[    1.686595] mmcblk0rpmb: mmc1:0001 SEM16G partition 3 128 KiB
[    1.695055] Primary GPT is invalid, using alternate GPT.
[    1.700379]  mmcblk0: p1 p2 p3 p4 p5
[    2.009368] tegra30-i2s 70080400.i2s: DMA channels sourced from device 70080000.ahub
[    2.024982] tegra-snd-rt5640 sound: rt5640-aif1 <-> 70080400.i2s mapping ok
[    2.034000] input: NVIDIA Tegra Beaver Headphones as /devices/soc0/sound/sound/card0/input0
[    2.043282] TCP: cubic registered
[    2.046595] NET: Registered protocol family 17
[    2.051051] can: controller area network core (rev 20120528 abi 9)
[    2.057272] NET: Registered protocol family 29
[    2.061719] can: raw protocol (rev 20120528)
[    2.065986] can: broadcast manager protocol (rev 20120528 t)
[    2.071643] can: netlink gateway (rev 20130117) max_hops=1
[    2.077390] Key type dns_resolver registered
[    2.082025] ThumbEE CPU extension supported.
[    2.086306] Registering SWP/SWPB emulation handler
[    2.095778] vdd_ddr: supplied by vdd_5v_in
[    2.100112] vdd_5v_sata: supplied by vdd_5v_in
[    2.104779] usb1_vbus: supplied by vdd_5v_in
[    2.109284] usb3_vbus: supplied by vdd_5v_in
[    2.115161] sys_3v3,vdd_3v3_alw: supplied by vdd_5v_in
[    2.120542] sys_3v3_pexs: supplied by sys_3v3,vdd_3v3_alw
[    2.126153] +VDD_5V_HDMI: supplied by sys_3v3,vdd_3v3_alw
[    2.131934] tegra-pcie 3000.pcie-controller: 2x3 configuration
[    2.140870] tegra-pcie 3000.pcie-controller: probing port 0, using 2 lanes
[    2.205458] tegra-pcie 3000.pcie-controller: probing port 2, using 2 lanes
[    2.616246] tegra-pcie 3000.pcie-controller: link 2 down, retrying
[    3.026348] tegra-pcie 3000.pcie-controller: link 2 down, retrying
[    3.436438] tegra-pcie 3000.pcie-controller: link 2 down, retrying
[    3.444631] tegra-pcie 3000.pcie-controller: link 2 down, ignoring
[    3.450938] tegra-pcie 3000.pcie-controller: PCI host bridge to bus 0000:00
[    3.457900] pci_bus 0000:00: root bus resource [mem 0x20000000-0x27ffffff]
[    3.464767] pci_bus 0000:00: root bus resource [mem 0x28000000-0x3fffffff pref]
[    3.472064] pci_bus 0000:00: root bus resource [bus 00-ff]
[    3.477541] pci_bus 0000:00: root bus resource [io  0x1000-0xffff]
[    3.483733] pci 0000:00:01.0: [10de:0e1c] type 01 class 0x060400
[    3.489791] pci 0000:00:01.0: PME# supported from D0 D1 D2 D3hot D3cold
[    3.496543] PCI: bus0: Fast back to back transfers disabled
[    3.502115] pci 0000:00:01.0: bridge configuration invalid ([bus 00-00]), reconfiguring
[    3.510221] pci 0000:01:00.0: [10ec:8168] type 00 class 0x020000
[    3.516241] pci 0000:01:00.0: reg 0x10: [io  0x0000-0x00ff]
[    3.521824] pci 0000:01:00.0: reg 0x18: [mem 0x00000000-0x00000fff 64bit pref]
[    3.529046] pci 0000:01:00.0: reg 0x20: [mem 0x00000000-0x00003fff 64bit pref]
[    3.536330] pci 0000:01:00.0: supports D1 D2
[    3.540601] pci 0000:01:00.0: PME# supported from D0 D1 D2 D3hot D3cold
[    3.553223] PCI: bus1: Fast back to back transfers disabled
[    3.558794] pci_bus 0000:01: busn_res: [bus 01-ff] end is updated to 01
[    3.565454] pci 0000:00:01.0: BAR 9: assigned [mem 0x28000000-0x280fffff 64bit pref]
[    3.573194] pci 0000:00:01.0: BAR 7: assigned [io  0x1000-0x1fff]
[    3.579282] pci 0000:01:00.0: BAR 4: assigned [mem 0x28000000-0x28003fff 64bit pref]
[    3.587023] pci 0000:01:00.0: BAR 2: assigned [mem 0x28004000-0x28004fff 64bit pref]
[    3.594762] pci 0000:01:00.0: BAR 0: assigned [io  0x1000-0x10ff]
[    3.600850] pci 0000:00:01.0: PCI bridge to [bus 01]
[    3.605807] pci 0000:00:01.0:   bridge window [io  0x1000-0x1fff]
[    3.611893] pci 0000:00:01.0:   bridge window [mem 0x28000000-0x280fffff 64bit pref]
[    3.619636] pci 0000:00:01.0: nv_msi_ht_cap_quirk didn't locate host bridge
[    3.626786] pcieport 0000:00:01.0: Signaling PME through PCIe PME interrupt
[    3.633745] pci 0000:01:00.0: Signaling PME through PCIe PME interrupt
[    3.640264] pcie_pme 0000:00:01.0:pcie01: service driver pcie_pme loaded
[    3.647113] r8169 Gigabit Ethernet driver 2.3LK-NAPI loaded
[    3.652699] r8169 0000:01:00.0: enabling device (0140 -> 0143)
[    3.659199] r8169 0000:01:00.0 eth0: RTL8168evl/8111evl at 0xf0146000, 02:04:4b:01:60:a6, XID 0c900800 IRQ 375
[    3.669195] r8169 0000:01:00.0 eth0: jumbo features [frames: 9200 bytes, tx checksumming: ko]
[    3.679680] [drm] Supports vblank timestamp caching Rev 2 (21.10.2013).
[    3.686308] [drm] No driver support for vblank timestamp query.
[    3.692234] host1x drm: No connectors reported connected with modes
[    3.698500] [drm] Cannot find any crtc or sizes - going 1024x768
[    3.724409] Console: switching to colour frame buffer device 128x48
[    3.736922] host1x drm: fb0:  frame buffer device
[    3.741622] host1x drm: registered panic notifier
[    3.758591] [drm] Initialized tegra 0.0.0 20120330 on minor 0
[    3.765019] platform 7d004000.usb: Driver tegra-ehci requests probe deferral
[    3.772703] platform 7d008000.usb: Driver tegra-ehci requests probe deferral
[    3.783437] utmi_phy_clk_enable: timeout waiting for phy to stabilize
[    3.789889] tegra-ehci 7d004000.usb: EHCI Host Controller
[    3.795295] tegra-ehci 7d004000.usb: new USB bus registered, assigned bus number 1
[    3.803131] tegra-ehci 7d004000.usb: irq 343, io mem 0x7d004000
[    3.818208] tegra-ehci 7d004000.usb: USB 2.0 started, EHCI 1.00
[    3.824604] hub 1-0:1.0: USB hub found
[    3.828385] hub 1-0:1.0: 1 port detected
[    3.832955] tegra-ehci 7d008000.usb: EHCI Host Controller
[    3.838367] tegra-ehci 7d008000.usb: new USB bus registered, assigned bus number 2
[    3.846108] tegra-ehci 7d008000.usb: irq 344, io mem 0x7d008000
[    3.858587] tegra-ehci 7d008000.usb: USB 2.0 started, EHCI 1.00
[    3.864889] hub 2-0:1.0: USB hub found
[    3.868657] hub 2-0:1.0: 1 port detected
[    3.876713] tps65910-rtc tps65910-rtc: setting system clock to 2000-01-01 00:00:02 UTC (946684802)
[    3.890350] usb1_vbus: disabling
[    3.893642] vdd_sata,avdd_plle: disabling
[    3.898176] ALSA device list:
[    3.901156]   #0: NVIDIA Tegra Beaver
[    3.906690] EXT4-fs (mmcblk0p1): mounting ext3 file system using the ext4 subsystem
[    3.921693] EXT4-fs (mmcblk0p1): warning: mounting fs with errors, running e2fsck is recommended
[    3.931956] EXT4-fs (mmcblk0p1): recovery complete
[    3.936754] EXT4-fs (mmcblk0p1): mounted filesystem with ordered data mode. Opts: (null)
[    3.944868] VFS: Mounted root (ext3 filesystem) on device 179:1.
[    3.960344] devtmpfs: mounted
[    3.963971] Freeing unused kernel memory: 772K (c0c51000 - c0d12000)
bash: cannot set terminal process group (-1): Inappropriate ioctl for device
bash: no job control in this shell
root@(none):/# [    4.178648] usb 2-1: new high-speed USB device number 2 using tegra-ehci
