Diff for ./qemu-vexpress64/__internal/defconfig_log.txt
--- /tmp/fooa	2015-07-26 13:07:13.348585793 -0700
+++ /tmp/foob	2015-07-26 13:07:13.348585793 -0700
@@ -1,6 +1,6 @@
 Booting Linux on physical CPU 0x0
 Initializing cgroup subsys cpu
-Linux version 4.2.0-rc3+ (pwalmsley@tamien) (gcc version 4.9.2 20140904 (prerelease) (crosstool-NG linaro-1.13.1-4.9-2014.09 - Linaro GCC 4.9-2014.09) ) #1 SMP PREEMPT Sun Jul 19 15:04:22 PDT 2015
+Linux version 4.2.0-rc4+ (pwalmsley@tamien) (gcc version 4.9.2 20140904 (prerelease) (crosstool-NG linaro-1.13.1-4.9-2014.09 - Linaro GCC 4.9-2014.09) ) #1 SMP PREEMPT Sun Jul 26 13:04:32 PDT 2015
 CPU: AArch64 Processor [411fd070] revision 0
 Detected PIPT I-cache on CPU0
 alternatives: enabling workaround for ARM erratum 832075
@@ -19,7 +19,7 @@
 Dentry cache hash table entries: 131072 (order: 8, 1048576 bytes)
 Inode-cache hash table entries: 65536 (order: 7, 524288 bytes)
 software IO TLB [mem 0x79c00000-0x7dc00000] (64MB) mapped at [ffffffc039c00000-ffffffc03dbfffff]
-Memory: 939204K/1048576K available (5513K kernel code, 439K rwdata, 2224K rodata, 452K init, 203K bss, 92988K reserved, 16384K cma-reserved)
+Memory: 939188K/1048576K available (5513K kernel code, 451K rwdata, 2228K rodata, 452K init, 203K bss, 93004K reserved, 16384K cma-reserved)
 Virtual kernel memory layout:
     vmalloc : 0xffffff8000000000 - 0xffffffbdbfff0000   (   246 GB)
     vmemmap : 0xffffffbdc0000000 - 0xffffffbfc0000000   (     8 GB maximum)
@@ -28,9 +28,9 @@
     PCI I/O : 0xffffffbffae00000 - 0xffffffbffbe00000   (    16 MB)
     modules : 0xffffffbffc000000 - 0xffffffc000000000   (    64 MB)
     memory  : 0xffffffc000000000 - 0xffffffc040000000   (  1024 MB)
-      .init : 0xffffffc000811000 - 0xffffffc000882000   (   452 KB)
-      .text : 0xffffffc000080000 - 0xffffffc0008105f4   (  7746 KB)
-      .data : 0xffffffc000888000 - 0xffffffc0008f5c00   (   439 KB)
+      .init : 0xffffffc000812000 - 0xffffffc000883000   (   452 KB)
+      .text : 0xffffffc000080000 - 0xffffffc0008115f4   (  7750 KB)
+      .data : 0xffffffc000889000 - 0xffffffc0008f9c00   (   451 KB)
 SLUB: HWalign=64, Order=0-3, MinObjects=0, CPUs=1, Nodes=1
 Preemptible hierarchical RCU implementation.
 	Additional per-CPU info printed with stalls.
@@ -62,7 +62,7 @@
 NET: Registered protocol family 16
 cpuidle: using governor ladder
 cpuidle: using governor menu
-vdso: 2 pages (1 code @ ffffffc00088d000, 1 data @ ffffffc00088c000)
+vdso: 2 pages (1 code @ ffffffc000891000, 1 data @ ffffffc000890000)
 hw-breakpoint: found 6 breakpoint and 4 watchpoint registers.
 DMA: preallocated 256 KiB pool for atomic allocations
 Serial: AMBA PL011 UART driver
@@ -89,7 +89,7 @@
 kvm [1]: HYP mode not available
 futex hash table entries: 256 (order: 2, 16384 bytes)
 audit: initializing netlink subsys (disabled)
-audit: type=2000 audit(0.410:1): initialized
+audit: type=2000 audit(0.380:1): initialized
 HugeTLB registered 2 MB page size, pre-allocated 0 pages
 VFS: Disk quotas dquot_6.6.0
 VFS: Dquot-cache hash table entries: 512 (order 0, 4096 bytes)
@@ -136,8 +136,8 @@
 EXT4-fs (vda2): mounted filesystem with ordered data mode. Opts: (null)
 VFS: Mounted root (ext4 filesystem) on device 254:2.
 devtmpfs: mounted
-Freeing unused kernel memory: 452K (ffffffc000811000 - ffffffc000882000)
-Freeing alternatives memory: 12K (ffffffc000882000 - ffffffc000885000)
+Freeing unused kernel memory: 452K (ffffffc000812000 - ffffffc000883000)
+Freeing alternatives memory: 12K (ffffffc000883000 - ffffffc000886000)
 bash: cannot set terminal process group (-1): Inappropriate ioctl for device
 bash: no job control in this shell
 bash-4.3# 
\ No newline at end of file
Diff for ./tegra114-dalmore-a04/tegra114-dalmore/multi_v7_defconfig_log.txt
--- /tmp/fooa	2015-07-26 13:07:13.360585782 -0700
+++ /tmp/foob	2015-07-26 13:07:13.364585782 -0700
@@ -38,9 +38,9 @@
 	 #################################################################
 	 #################################################################
 	 ##############################
-	 3.4 MiB/s
+	 3.3 MiB/s
 done
-Bytes transferred = 6153552 (5de550 hex)
+Bytes transferred = 6153792 (5de640 hex)
 Tegra114 (Dalmore) # tftpboot 0x82000000 tegra114-dalmore.dtb
 Using asx0 device
 TFTP from server 192.168.100.1; our IP address is 192.168.100.100
@@ -51,7 +51,7 @@
 done
 Bytes transferred = 34894 (884e hex)
 Tegra114 (Dalmore) # bootz 0x81000000 - 0x82000000
-Kernel image @ 0x81000000 [ 0x000000 - 0x5de550 ]
+Kernel image @ 0x81000000 [ 0x000000 - 0x5de640 ]
 ## Flattened Device Tree blob at 82000000
    Booting using the fdt blob at 0x82000000
    Loading Device Tree to 8fff4000, end 8ffff84d ... OK
@@ -59,7 +59,7 @@
 Starting kernel ...
 
 Booting Linux on physical CPU 0x0
-Linux version 4.2.0-rc3-27237-g52721d9 (pwalmsley@sellafield) (gcc version 4.7.3 20130328 (prerelease) (crosstool-NG linaro-1.13.1-4.7-2013.04-20130415 - Linaro GCC 2013.04) ) #1 SMP Sun Jul 19 15:03:04 PDT 2015
+Linux version 4.2.0-rc4-27579-gcbfe8fa (pwalmsley@sellafield) (gcc version 4.7.3 20130328 (prerelease) (crosstool-NG linaro-1.13.1-4.7-2013.04-20130415 - Linaro GCC 2013.04) ) #1 SMP Sun Jul 26 13:03:07 PDT 2015
 CPU: ARMv7 Processor [412fc0f2] revision 2 (ARMv7), cr=10c5387d
 CPU: PIPT / VIPT nonaliasing data cache, PIPT instruction cache
 Machine model: NVIDIA Tegra114 Dalmore evaluation board
@@ -67,7 +67,7 @@
 cma: Reserved 64 MiB at 0xfb800000
 Memory policy: Data cache writealloc
 On node 0 totalpages: 524032
-free_area_init_node: node 0, pgdat c0efda80, node_mem_map ee7f8000
+free_area_init_node: node 0, pgdat c0efdb00, node_mem_map ee7f8000
   DMA zone: 1520 pages used for memmap
   DMA zone: 0 pages reserved
   DMA zone: 194560 pages, LIFO batch:31
@@ -88,9 +88,9 @@
     lowmem  : 0xc0000000 - 0xef800000   ( 760 MB)
     pkmap   : 0xbfe00000 - 0xc0000000   (   2 MB)
     modules : 0xbf000000 - 0xbfe00000   (  14 MB)
-      .text : 0xc0208000 - 0xc0d0fa5c   (11295 kB)
+      .text : 0xc0208000 - 0xc0d0fa40   (11295 kB)
       .init : 0xc0d10000 - 0xc0dfc000   ( 944 kB)
-      .data : 0xc0dfc000 - 0xc0effa80   (1039 kB)
+      .data : 0xc0dfc000 - 0xc0effb00   (1039 kB)
        .bss : 0xc0f02000 - 0xc0f53c28   ( 328 kB)
 SLUB: HWalign=64, Order=0-3, MinObjects=0, CPUs=4, Nodes=1
 Hierarchical RCU implementation.
@@ -283,8 +283,8 @@
 mmcblk0boot0: mmc1:0001 SEM32G partition 1 4.00 MiB
 mmcblk0boot1: mmc1:0001 SEM32G partition 2 4.00 MiB
 mmcblk0rpmb: mmc1:0001 SEM32G partition 3 4.00 MiB
-Console: switching to colour frame buffer device 240x75
  mmcblk0: p1 p2 p3 p4 p5 p6 p7 p8
+Console: switching to colour frame buffer device 240x75
 drm drm: fb0:  frame buffer device
 drm drm: registered panic notifier
 [drm] Initialized tegra 0.0.0 20120330 on minor 0
@@ -296,7 +296,7 @@
 hub 1-0:1.0: USB hub found
 hub 1-0:1.0: 1 port detected
 input: gpio-keys as /devices/soc0/gpio-keys/input/input0
-palmas-rtc 7000d000.i2c:tps65913@58:rtc: setting system clock to 2000-01-30 06:55:30 UTC (949215330)
+palmas-rtc 7000d000.i2c:tps65913@58:rtc: setting system clock to 2000-02-06 04:55:48 UTC (949812948)
 vdd_cam_1v8_reg: disabling
 usb1_vbus: disabling
 dvdd_ts: disabling
@@ -308,4 +308,4 @@
 Freeing unused kernel memory: 944K (c0d10000 - c0dfc000)
 bash: cannot set terminal process group (-1): Inappropriate ioctl for device
 bash: no job control in this shell
-root@(none):/# [    2.193910] usb 1-1: new high-speed USB device number 2 using tegra-ehci
+root@(none):/# [    2.193949] usb 1-1: new high-speed USB device number 2 using tegra-ehci
Diff for ./tegra114-dalmore-a04/tegra114-dalmore/tegra_defconfig_log.txt
--- /tmp/fooa	2015-07-26 13:07:13.368585780 -0700
+++ /tmp/foob	2015-07-26 13:07:13.372585778 -0700
@@ -37,20 +37,20 @@
 	 #################################################################
 	 #################################################################
 	 #####################
-	 3.4 MiB/s
+	 3.3 MiB/s
 done
-Bytes transferred = 5066872 (4d5078 hex)
+Bytes transferred = 5067184 (4d51b0 hex)
 Tegra114 (Dalmore) # tftpboot 0x82000000 tegra114-dalmore.dtb
 Using asx0 device
 TFTP from server 192.168.100.1; our IP address is 192.168.100.100
 Filename 'tegra114-dalmore.dtb'.
 Load address: 0x82000000
 Loading: *###
-	 3 MiB/s
+	 2.8 MiB/s
 done
 Bytes transferred = 34894 (884e hex)
 Tegra114 (Dalmore) # bootz 0x81000000 - 0x82000000
-Kernel image @ 0x81000000 [ 0x000000 - 0x4d5078 ]
+Kernel image @ 0x81000000 [ 0x000000 - 0x4d51b0 ]
 ## Flattened Device Tree blob at 82000000
    Booting using the fdt blob at 0x82000000
    Loading Device Tree to 8fff4000, end 8ffff84d ... OK
@@ -61,7 +61,7 @@
 Booting Linux on physical CPU 0x0
 Initializing cgroup subsys cpu
 Initializing cgroup subsys cpuacct
-Linux version 4.2.0-rc3-27237-g52721d9 (pwalmsley@kaivo) (gcc version 4.7.3 20130328 (prerelease) (crosstool-NG linaro-1.13.1-4.7-2013.04-20130415 - Linaro GCC 2013.04) ) #1 SMP PREEMPT Sun Jul 19 15:03:40 PDT 2015
+Linux version 4.2.0-rc4-27579-gcbfe8fa (pwalmsley@kaivo) (gcc version 4.7.3 20130328 (prerelease) (crosstool-NG linaro-1.13.1-4.7-2013.04-20130415 - Linaro GCC 2013.04) ) #1 SMP PREEMPT Sun Jul 26 13:03:34 PDT 2015
 CPU: ARMv7 Processor [412fc0f2] revision 2 (ARMv7), cr=10c5387d
 CPU: PIPT / VIPT nonaliasing data cache, PIPT instruction cache
 Machine model: NVIDIA Tegra114 Dalmore evaluation board
@@ -69,7 +69,7 @@
 cma: Reserved 64 MiB at 0xfbc00000
 Memory policy: Data cache writealloc
 On node 0 totalpages: 524032
-free_area_init_node: node 0, pgdat c09c4cc0, node_mem_map ee7f7000
+free_area_init_node: node 0, pgdat c09c4dc0, node_mem_map ee7f7000
   Normal zone: 1520 pages used for memmap
   Normal zone: 0 pages reserved
   Normal zone: 194560 pages, LIFO batch:31
@@ -90,9 +90,9 @@
     lowmem  : 0xc0000000 - 0xef800000   ( 760 MB)
     pkmap   : 0xbfe00000 - 0xc0000000   (   2 MB)
     modules : 0xbf000000 - 0xbfe00000   (  14 MB)
-      .text : 0xc0008000 - 0xc09218b4   (9319 kB)
+      .text : 0xc0008000 - 0xc09218f8   (9319 kB)
       .init : 0xc0922000 - 0xc0970000   ( 312 kB)
-      .data : 0xc0970000 - 0xc09c6880   ( 347 kB)
+      .data : 0xc0970000 - 0xc09c6980   ( 347 kB)
        .bss : 0xc09c9000 - 0xc0a23c58   ( 364 kB)
 Preemptible hierarchical RCU implementation.
 	Additional per-CPU info printed with stalls.
@@ -169,7 +169,6 @@
 Bluetooth: HCI socket layer initialized
 Bluetooth: L2CAP socket layer initialized
 Bluetooth: SCO socket layer initialized
-cfg80211: Calling CRDA to update world regulatory domain
 clocksource: Switched to clocksource arch_sys_counter
 NET: Registered protocol family 2
 TCP established hash table entries: 8192 (order: 3, 32768 bytes)
@@ -295,7 +294,7 @@
 hub 1-0:1.0: USB hub found
 hub 1-0:1.0: 1 port detected
 input: gpio-keys as /devices/soc0/gpio-keys/input/input1
-palmas-rtc 7000d000.i2c:tps65913@58:rtc: setting system clock to 2000-01-30 06:56:05 UTC (949215365)
+palmas-rtc 7000d000.i2c:tps65913@58:rtc: setting system clock to 2000-02-06 04:56:22 UTC (949812982)
 vdd_cam_1v8_reg: disabling
 usb1_vbus: disabling
 dvdd_ts: disabling
@@ -310,4 +309,4 @@
 Freeing unused kernel memory: 312K (c0922000 - c0970000)
 bash: cannot set terminal process group (-1): Inappropriate ioctl for device
 bash: no job control in this shell
-root@(none):/# [    2.739910] usb 1-1: new high-speed USB device number 2 using tegra-ehci
+root@(none):/# [    2.759951] usb 1-1: new high-speed USB device number 2 using tegra-ehci
Diff for ./tegra124-jetson-tk1/tegra124-jetson-tk1/multi_v7_defconfig_log.txt
--- /tmp/fooa	2015-07-26 13:07:13.380585770 -0700
+++ /tmp/foob	2015-07-26 13:07:13.380585770 -0700
@@ -42,7 +42,7 @@
 	 ##############################
 	 3.2 MiB/s
 done
-Bytes transferred = 6153552 (5de550 hex)
+Bytes transferred = 6153792 (5de640 hex)
 Tegra124 (Jetson TK1) # tftpboot 0x82000000 tegra124-jetson-tk1.dtb
 Using asx0 device
 TFTP from server 192.168.100.1; our IP address is 192.168.100.102
@@ -53,7 +53,7 @@
 done
 Bytes transferred = 62999 (f617 hex)
 Tegra124 (Jetson TK1) # bootz 0x81000000 - 0x82000000
-Kernel image @ 0x81000000 [ 0x000000 - 0x5de550 ]
+Kernel image @ 0x81000000 [ 0x000000 - 0x5de640 ]
 ## Flattened Device Tree blob at 82000000
    Booting using the fdt blob at 0x82000000
    Using Device Tree in place at 82000000, end 82012616
@@ -61,7 +61,7 @@
 Starting kernel ...
 
 Booting Linux on physical CPU 0x0
-Linux version 4.2.0-rc3-27237-g52721d9 (pwalmsley@sellafield) (gcc version 4.7.3 20130328 (prerelease) (crosstool-NG linaro-1.13.1-4.7-2013.04-20130415 - Linaro GCC 2013.04) ) #1 SMP Sun Jul 19 15:03:04 PDT 2015
+Linux version 4.2.0-rc4-27579-gcbfe8fa (pwalmsley@sellafield) (gcc version 4.7.3 20130328 (prerelease) (crosstool-NG linaro-1.13.1-4.7-2013.04-20130415 - Linaro GCC 2013.04) ) #1 SMP Sun Jul 26 13:03:07 PDT 2015
 CPU: ARMv7 Processor [413fc0f3] revision 3 (ARMv7), cr=10c5387d
 CPU: PIPT / VIPT nonaliasing data cache, PIPT instruction cache
 Machine model: NVIDIA Tegra124 Jetson TK1
@@ -69,7 +69,7 @@
 cma: Reserved 64 MiB at 0xfb800000
 Memory policy: Data cache writealloc
 On node 0 totalpages: 524032
-free_area_init_node: node 0, pgdat c0efda80, node_mem_map ee7f8000
+free_area_init_node: node 0, pgdat c0efdb00, node_mem_map ee7f8000
   DMA zone: 1520 pages used for memmap
   DMA zone: 0 pages reserved
   DMA zone: 194560 pages, LIFO batch:31
@@ -90,9 +90,9 @@
     lowmem  : 0xc0000000 - 0xef800000   ( 760 MB)
     pkmap   : 0xbfe00000 - 0xc0000000   (   2 MB)
     modules : 0xbf000000 - 0xbfe00000   (  14 MB)
-      .text : 0xc0208000 - 0xc0d0fa5c   (11295 kB)
+      .text : 0xc0208000 - 0xc0d0fa40   (11295 kB)
       .init : 0xc0d10000 - 0xc0dfc000   ( 944 kB)
-      .data : 0xc0dfc000 - 0xc0effa80   (1039 kB)
+      .data : 0xc0dfc000 - 0xc0effb00   (1039 kB)
        .bss : 0xc0f02000 - 0xc0f53c28   ( 328 kB)
 SLUB: HWalign=64, Order=0-3, MinObjects=0, CPUs=4, Nodes=1
 Hierarchical RCU implementation.
@@ -261,13 +261,15 @@
 sdhci-tegra 700b0400.sdhci: Got CD GPIO
 sdhci-tegra 700b0400.sdhci: Got WP GPIO
 mmc0: Unknown controller version (3). You may experience problems.
-as3722-regulator as3722-regulator: Failed to resolve vin-ldo1-6-supply for as3722-ldo6
++VDDIO_SDMMC3: supplied by regulator-dummy
 sdhci-tegra 700b0400.sdhci: No vmmc regulator found
-mmc0: Unknown controller version (3). You may experience problems.
+mmc0: Invalid maximum block size, assuming 512 bytes
+mmc0: SDHCI controller on 700b0400.sdhci [700b0400.sdhci] using ADMA 64-bit
+mmc1: Unknown controller version (3). You may experience problems.
 sdhci-tegra 700b0600.sdhci: No vmmc regulator found
 sdhci-tegra 700b0600.sdhci: No vqmmc regulator found
-mmc0: Invalid maximum block size, assuming 512 bytes
-mmc0: SDHCI controller on 700b0600.sdhci [700b0600.sdhci] using ADMA 64-bit
+mmc1: Invalid maximum block size, assuming 512 bytes
+mmc1: SDHCI controller on 700b0600.sdhci [700b0600.sdhci] using ADMA 64-bit
 ledtrig-cpu: registered to indicate activity on CPUs
 usbcore: registered new interface driver usbhid
 usbhid: USB HID core driver
@@ -286,12 +288,12 @@
 +1.35V_LP0(sd2): supplied by +5V_SYS
 +1.05V_RUN_AVDD: supplied by +1.35V_LP0(sd2)
 tegra-pcie 1003000.pcie-controller: probing port 0, using 2 lanes
-mmc0: MAN_BKOPS_EN bit is not set
-mmc0: new high speed MMC card at address 0001
-mmcblk0: mmc0:0001 SEM16G 14.6 GiB 
-mmcblk0boot0: mmc0:0001 SEM16G partition 1 4.00 MiB
-mmcblk0boot1: mmc0:0001 SEM16G partition 2 4.00 MiB
-mmcblk0rpmb: mmc0:0001 SEM16G partition 3 4.00 MiB
+mmc1: MAN_BKOPS_EN bit is not set
+mmc1: new high speed MMC card at address 0001
+mmcblk0: mmc1:0001 SEM16G 14.6 GiB 
+mmcblk0boot0: mmc1:0001 SEM16G partition 1 4.00 MiB
+mmcblk0boot1: mmc1:0001 SEM16G partition 2 4.00 MiB
+mmcblk0rpmb: mmc1:0001 SEM16G partition 3 4.00 MiB
 Primary GPT is invalid, using alternate GPT.
  mmcblk0: p1 p2 p3 p4 p5 p6 p7 p8 p9
 tegra-pcie 1003000.pcie-controller: Slot present pin change, signature: 00000008
@@ -337,13 +339,6 @@
 tegra-ehci 7d008000.usb: USB 2.0 started, EHCI 1.10
 hub 2-0:1.0: USB hub found
 hub 2-0:1.0: 1 port detected
-sdhci-tegra 700b0400.sdhci: Got CD GPIO
-sdhci-tegra 700b0400.sdhci: Got WP GPIO
-mmc1: Unknown controller version (3). You may experience problems.
-+VDDIO_SDMMC3: supplied by +3.3V_RUN
-sdhci-tegra 700b0400.sdhci: No vmmc regulator found
-mmc1: Invalid maximum block size, assuming 512 bytes
-mmc1: SDHCI controller on 700b0400.sdhci [700b0400.sdhci] using ADMA 64-bit
 input: gpio-keys as /devices/soc0/gpio-keys/input/input0
 as3722-rtc as3722-rtc: setting system clock to 2000-02-01 00:00:18 UTC (949363218)
 +USB0_VBUS_SW: disabling
Diff for ./tegra124-jetson-tk1/tegra124-jetson-tk1/tegra_defconfig_log.txt
--- /tmp/fooa	2015-07-26 13:07:13.388585767 -0700
+++ /tmp/foob	2015-07-26 13:07:13.388585767 -0700
@@ -41,7 +41,7 @@
 	 #####################
 	 3.1 MiB/s
 done
-Bytes transferred = 5066872 (4d5078 hex)
+Bytes transferred = 5067184 (4d51b0 hex)
 Tegra124 (Jetson TK1) # tftpboot 0x82000000 tegra124-jetson-tk1.dtb
 Using asx0 device
 TFTP from server 192.168.100.1; our IP address is 192.168.100.102
@@ -52,7 +52,7 @@
 done
 Bytes transferred = 62999 (f617 hex)
 Tegra124 (Jetson TK1) # bootz 0x81000000 - 0x82000000
-Kernel image @ 0x81000000 [ 0x000000 - 0x4d5078 ]
+Kernel image @ 0x81000000 [ 0x000000 - 0x4d51b0 ]
 ## Flattened Device Tree blob at 82000000
    Booting using the fdt blob at 0x82000000
    Using Device Tree in place at 82000000, end 82012616
@@ -63,7 +63,7 @@
 Booting Linux on physical CPU 0x0
 Initializing cgroup subsys cpu
 Initializing cgroup subsys cpuacct
-Linux version 4.2.0-rc3-27237-g52721d9 (pwalmsley@kaivo) (gcc version 4.7.3 20130328 (prerelease) (crosstool-NG linaro-1.13.1-4.7-2013.04-20130415 - Linaro GCC 2013.04) ) #1 SMP PREEMPT Sun Jul 19 15:03:40 PDT 2015
+Linux version 4.2.0-rc4-27579-gcbfe8fa (pwalmsley@kaivo) (gcc version 4.7.3 20130328 (prerelease) (crosstool-NG linaro-1.13.1-4.7-2013.04-20130415 - Linaro GCC 2013.04) ) #1 SMP PREEMPT Sun Jul 26 13:03:34 PDT 2015
 CPU: ARMv7 Processor [413fc0f3] revision 3 (ARMv7), cr=10c5387d
 CPU: PIPT / VIPT nonaliasing data cache, PIPT instruction cache
 Machine model: NVIDIA Tegra124 Jetson TK1
@@ -71,7 +71,7 @@
 cma: Reserved 64 MiB at 0xfbc00000
 Memory policy: Data cache writealloc
 On node 0 totalpages: 524032
-free_area_init_node: node 0, pgdat c09c4cc0, node_mem_map ee7f7000
+free_area_init_node: node 0, pgdat c09c4dc0, node_mem_map ee7f7000
   Normal zone: 1520 pages used for memmap
   Normal zone: 0 pages reserved
   Normal zone: 194560 pages, LIFO batch:31
@@ -92,9 +92,9 @@
     lowmem  : 0xc0000000 - 0xef800000   ( 760 MB)
     pkmap   : 0xbfe00000 - 0xc0000000   (   2 MB)
     modules : 0xbf000000 - 0xbfe00000   (  14 MB)
-      .text : 0xc0008000 - 0xc09218b4   (9319 kB)
+      .text : 0xc0008000 - 0xc09218f8   (9319 kB)
       .init : 0xc0922000 - 0xc0970000   ( 312 kB)
-      .data : 0xc0970000 - 0xc09c6880   ( 347 kB)
+      .data : 0xc0970000 - 0xc09c6980   ( 347 kB)
        .bss : 0xc09c9000 - 0xc0a23c58   ( 364 kB)
 Preemptible hierarchical RCU implementation.
 	Additional per-CPU info printed with stalls.
@@ -170,7 +170,6 @@
 Bluetooth: HCI socket layer initialized
 Bluetooth: L2CAP socket layer initialized
 Bluetooth: SCO socket layer initialized
-cfg80211: Calling CRDA to update world regulatory domain
 clocksource: Switched to clocksource arch_sys_counter
 NET: Registered protocol family 2
 TCP established hash table entries: 8192 (order: 3, 32768 bytes)
@@ -250,21 +249,23 @@
 sdhci-tegra 700b0400.sdhci: Got CD GPIO
 sdhci-tegra 700b0400.sdhci: Got WP GPIO
 mmc0: Unknown controller version (3). You may experience problems.
-as3722-regulator as3722-regulator: Failed to resolve vin-ldo1-6-supply for as3722-ldo6
++VDDIO_SDMMC3: supplied by regulator-dummy
 sdhci-tegra 700b0400.sdhci: No vmmc regulator found
-mmc0: Unknown controller version (3). You may experience problems.
+mmc0: Invalid maximum block size, assuming 512 bytes
+mmc0: SDHCI controller on 700b0400.sdhci [700b0400.sdhci] using ADMA 64-bit
+mmc1: Unknown controller version (3). You may experience problems.
 sdhci-tegra 700b0600.sdhci: No vmmc regulator found
 sdhci-tegra 700b0600.sdhci: No vqmmc regulator found
-mmc0: Invalid maximum block size, assuming 512 bytes
-mmc0: SDHCI controller on 700b0600.sdhci [700b0600.sdhci] using ADMA 64-bit
+mmc1: Invalid maximum block size, assuming 512 bytes
+mmc1: SDHCI controller on 700b0600.sdhci [700b0600.sdhci] using ADMA 64-bit
 usbcore: registered new interface driver usbhid
 usbhid: USB HID core driver
-mmc0: MAN_BKOPS_EN bit is not set
-mmc0: new high speed MMC card at address 0001
-mmcblk0: mmc0:0001 SEM16G 14.6 GiB 
-mmcblk0boot0: mmc0:0001 SEM16G partition 1 4.00 MiB
-mmcblk0boot1: mmc0:0001 SEM16G partition 2 4.00 MiB
-mmcblk0rpmb: mmc0:0001 SEM16G partition 3 4.00 MiB
+mmc1: MAN_BKOPS_EN bit is not set
+mmc1: new high speed MMC card at address 0001
+mmcblk0: mmc1:0001 SEM16G 14.6 GiB 
+mmcblk0boot0: mmc1:0001 SEM16G partition 1 4.00 MiB
+mmcblk0boot1: mmc1:0001 SEM16G partition 2 4.00 MiB
+mmcblk0rpmb: mmc1:0001 SEM16G partition 3 4.00 MiB
 Primary GPT is invalid, using alternate GPT.
  mmcblk0: p1 p2 p3 p4 p5 p6 p7 p8 p9
 input: tegra-hda HDMI/DP,pcm=3 as /devices/soc0/70030000.hda/sound/card0/input0
@@ -296,7 +297,6 @@
 tegra-pcie 1003000.pcie-controller: probing port 0, using 2 lanes
 tegra-pcie 1003000.pcie-controller: Slot present pin change, signature: 00000008
 tegra-pcie 1003000.pcie-controller: link 0 down, retrying
-cfg80211: Calling CRDA to update world regulatory domain
 tegra-pcie 1003000.pcie-controller: link 0 down, retrying
 tegra-pcie 1003000.pcie-controller: link 0 down, retrying
 tegra-pcie 1003000.pcie-controller: link 0 down, ignoring
@@ -338,13 +338,6 @@
 tegra-ehci 7d008000.usb: USB 2.0 started, EHCI 1.10
 hub 2-0:1.0: USB hub found
 hub 2-0:1.0: 1 port detected
-sdhci-tegra 700b0400.sdhci: Got CD GPIO
-sdhci-tegra 700b0400.sdhci: Got WP GPIO
-mmc1: Unknown controller version (3). You may experience problems.
-+VDDIO_SDMMC3: supplied by +3.3V_RUN
-sdhci-tegra 700b0400.sdhci: No vmmc regulator found
-mmc1: Invalid maximum block size, assuming 512 bytes
-mmc1: SDHCI controller on 700b0400.sdhci [700b0400.sdhci] using ADMA 64-bit
 input: gpio-keys as /devices/soc0/gpio-keys/input/input2
 as3722-rtc as3722-rtc: setting system clock to 2000-02-01 00:00:19 UTC (949363219)
 +USB0_VBUS_SW: disabling
@@ -360,14 +353,13 @@
   #1: NVIDIA Tegra Jetson TK1
 ata1: SATA link down (SStatus 0 SControl 300)
 EXT3-fs (mmcblk0p1): error: couldn't mount because of unsupported optional features (240)
-EXT2-fs (mmcblk0p1): error: couldn't mount because of unsupported optional features (244)
 usb 2-1: new high-speed USB device number 2 using tegra-ehci
+EXT2-fs (mmcblk0p1): error: couldn't mount because of unsupported optional features (244)
 EXT4-fs (mmcblk0p1): recovery complete
 EXT4-fs (mmcblk0p1): mounted filesystem with ordered data mode. Opts: (null)
 VFS: Mounted root (ext4 filesystem) on device 179:1.
 devtmpfs: mounted
 Freeing unused kernel memory: 312K (c0922000 - c0970000)
-cfg80211: Calling CRDA to update world regulatory domain
 bash: cannot set terminal process group (-1): Inappropriate ioctl for device
 bash: no job control in this shell
 root@(none):/# 
\ No newline at end of file
Diff for ./tegra20-trimslice/tegra20-trimslice/multi_v7_defconfig_log.txt
--- /tmp/fooa	2015-07-26 13:07:13.396585763 -0700
+++ /tmp/foob	2015-07-26 13:07:13.400585759 -0700
@@ -46,20 +46,20 @@
 	 #################################################################
 	 #################################################################
 	 ##############################
-	 4.1 MiB/s
+	 4 MiB/s
 done
-Bytes transferred = 6153552 (5de550 hex)
+Bytes transferred = 6153792 (5de640 hex)
 Tegra20 (TrimSlice) # tftpboot 0x02408000 tegra20-trimslice.dtb
 Using RTL8169#0 device
 TFTP from server 192.168.100.1; our IP address is 192.168.100.103
 Filename 'tegra20-trimslice.dtb'.
 Load address: 0x2408000
 Loading: *##
-	 4 MiB/s
+	 3.4 MiB/s
 done
 Bytes transferred = 21130 (528a hex)
 Tegra20 (TrimSlice) # bootz 0x00408000 - 0x02408000
-Kernel image @ 0x408000 [ 0x000000 - 0x5de550 ]
+Kernel image @ 0x408000 [ 0x000000 - 0x5de640 ]
 ## Flattened Device Tree blob at 02408000
    Booting using the fdt blob at 0x2408000
    Using Device Tree in place at 02408000, end 02410289
@@ -67,7 +67,7 @@
 Starting kernel ...
 
 Booting Linux on physical CPU 0x0
-Linux version 4.2.0-rc3-27237-g52721d9 (pwalmsley@sellafield) (gcc version 4.7.3 20130328 (prerelease) (crosstool-NG linaro-1.13.1-4.7-2013.04-20130415 - Linaro GCC 2013.04) ) #1 SMP Sun Jul 19 15:03:04 PDT 2015
+Linux version 4.2.0-rc4-27579-gcbfe8fa (pwalmsley@sellafield) (gcc version 4.7.3 20130328 (prerelease) (crosstool-NG linaro-1.13.1-4.7-2013.04-20130415 - Linaro GCC 2013.04) ) #1 SMP Sun Jul 26 13:03:07 PDT 2015
 CPU: ARMv7 Processor [411fc090] revision 0 (ARMv7), cr=10c5387d
 CPU: PIPT / VIPT nonaliasing data cache, VIPT aliasing instruction cache
 Machine model: Compulab TrimSlice board
@@ -75,7 +75,7 @@
 cma: Reserved 64 MiB at 0x3c000000
 Memory policy: Data cache writealloc
 On node 0 totalpages: 262144
-free_area_init_node: node 0, pgdat c0efda80, node_mem_map eeff8000
+free_area_init_node: node 0, pgdat c0efdb00, node_mem_map eeff8000
   DMA zone: 1520 pages used for memmap
   DMA zone: 0 pages reserved
   DMA zone: 194560 pages, LIFO batch:31
@@ -96,9 +96,9 @@
     lowmem  : 0xc0000000 - 0xef800000   ( 760 MB)
     pkmap   : 0xbfe00000 - 0xc0000000   (   2 MB)
     modules : 0xbf000000 - 0xbfe00000   (  14 MB)
-      .text : 0xc0208000 - 0xc0d0fa5c   (11295 kB)
+      .text : 0xc0208000 - 0xc0d0fa40   (11295 kB)
       .init : 0xc0d10000 - 0xc0dfc000   ( 944 kB)
-      .data : 0xc0dfc000 - 0xc0effa80   (1039 kB)
+      .data : 0xc0dfc000 - 0xc0effb00   (1039 kB)
        .bss : 0xc0f02000 - 0xc0f53c28   ( 328 kB)
 SLUB: HWalign=64, Order=0-3, MinObjects=0, CPUs=2, Nodes=1
 Hierarchical RCU implementation.
@@ -336,7 +336,7 @@
 input: gpio-keys as /devices/soc0/gpio-keys/input/input0
 hub 1-1:1.0: USB hub found
 hub 1-1:1.0: 4 ports detected
-rtc-em3027 2-0056: setting system clock to 2014-12-26 19:12:41 UTC (1419621161)
+rtc-em3027 2-0056: setting system clock to 2014-12-26 19:56:28 UTC (1419623788)
 EXT4-fs (mmcblk0p1): mounting ext3 file system using the ext4 subsystem
 mmc1: new high speed SD card at address b368
 mmcblk1: mmc1:b368 NCard 1.83 GiB (ro)
Diff for ./tegra20-trimslice/tegra20-trimslice/tegra_defconfig_log.txt
--- /tmp/fooa	2015-07-26 13:07:13.404585755 -0700
+++ /tmp/foob	2015-07-26 13:07:13.408585752 -0700
@@ -19,7 +19,7 @@
 Out:   serial
 Err:   serial
 Net:   RTL8169#0
-Hit any key to stop autoboot:  2  0 
+Hit any key to stop autoboot:  2  1  0 
 Tegra20 (TrimSlice) # 
 Tegra20 (TrimSlice) # usb reset
 resetting USB...
@@ -47,18 +47,18 @@
 	 #####################
 	 4.1 MiB/s
 done
-Bytes transferred = 5066872 (4d5078 hex)
+Bytes transferred = 5067184 (4d51b0 hex)
 Tegra20 (TrimSlice) # tftpboot 0x02408000 tegra20-trimslice.dtb
 Using RTL8169#0 device
 TFTP from server 192.168.100.1; our IP address is 192.168.100.103
 Filename 'tegra20-trimslice.dtb'.
 Load address: 0x2408000
 Loading: *##
-	 4 MiB/s
+	 3.4 MiB/s
 done
 Bytes transferred = 21130 (528a hex)
 Tegra20 (TrimSlice) # bootz 0x00408000 - 0x02408000
-Kernel image @ 0x408000 [ 0x000000 - 0x4d5078 ]
+Kernel image @ 0x408000 [ 0x000000 - 0x4d51b0 ]
 ## Flattened Device Tree blob at 02408000
    Booting using the fdt blob at 0x2408000
    Using Device Tree in place at 02408000, end 02410289
@@ -69,7 +69,7 @@
 Booting Linux on physical CPU 0x0
 Initializing cgroup subsys cpu
 Initializing cgroup subsys cpuacct
-Linux version 4.2.0-rc3-27237-g52721d9 (pwalmsley@kaivo) (gcc version 4.7.3 20130328 (prerelease) (crosstool-NG linaro-1.13.1-4.7-2013.04-20130415 - Linaro GCC 2013.04) ) #1 SMP PREEMPT Sun Jul 19 15:03:40 PDT 2015
+Linux version 4.2.0-rc4-27579-gcbfe8fa (pwalmsley@kaivo) (gcc version 4.7.3 20130328 (prerelease) (crosstool-NG linaro-1.13.1-4.7-2013.04-20130415 - Linaro GCC 2013.04) ) #1 SMP PREEMPT Sun Jul 26 13:03:34 PDT 2015
 CPU: ARMv7 Processor [411fc090] revision 0 (ARMv7), cr=10c5387d
 CPU: PIPT / VIPT nonaliasing data cache, VIPT aliasing instruction cache
 Machine model: Compulab TrimSlice board
@@ -78,7 +78,7 @@
 cma: Reserved 64 MiB at 0x3c000000
 Memory policy: Data cache writealloc
 On node 0 totalpages: 262144
-free_area_init_node: node 0, pgdat c09c4cc0, node_mem_map eeff7000
+free_area_init_node: node 0, pgdat c09c4dc0, node_mem_map eeff7000
   Normal zone: 1520 pages used for memmap
   Normal zone: 0 pages reserved
   Normal zone: 194560 pages, LIFO batch:31
@@ -99,9 +99,9 @@
     lowmem  : 0xc0000000 - 0xef800000   ( 760 MB)
     pkmap   : 0xbfe00000 - 0xc0000000   (   2 MB)
     modules : 0xbf000000 - 0xbfe00000   (  14 MB)
-      .text : 0xc0008000 - 0xc09218b4   (9319 kB)
+      .text : 0xc0008000 - 0xc09218f8   (9319 kB)
       .init : 0xc0922000 - 0xc0970000   ( 312 kB)
-      .data : 0xc0970000 - 0xc09c6880   ( 347 kB)
+      .data : 0xc0970000 - 0xc09c6980   ( 347 kB)
        .bss : 0xc09c9000 - 0xc0a23c58   ( 364 kB)
 Preemptible hierarchical RCU implementation.
 	Additional per-CPU info printed with stalls.
@@ -166,7 +166,6 @@
 Bluetooth: HCI socket layer initialized
 Bluetooth: L2CAP socket layer initialized
 Bluetooth: SCO socket layer initialized
-cfg80211: Calling CRDA to update world regulatory domain
 clocksource: Switched to clocksource timer_us
 NET: Registered protocol family 2
 TCP established hash table entries: 8192 (order: 3, 32768 bytes)
@@ -321,8 +320,8 @@
 mmc0: host does not support reading read-only switch, assuming write-enable
 mmc0: new high speed SDHC card at address b368
 mmcblk0: mmc0:b368 NCard 3.70 GiB 
-mip6: Mobile IPv6
  mmcblk0: p1
+mip6: Mobile IPv6
 sit: IPv6 over IPv4 tunneling driver
 NET: Registered protocol family 17
 NET: Registered protocol family 15
@@ -345,13 +344,13 @@
 hub 1-1:1.0: USB hub found
 hub 1-1:1.0: 4 ports detected
 mmc1: new high speed SD card at address b368
+mmcblk1: mmc1:b368 NCard 1.83 GiB (ro)
+ mmcblk1: p1 p2
 tegra-ehci c5000000.usb: USB 2.0 started, EHCI 1.00
 hub 2-0:1.0: USB hub found
 hub 2-0:1.0: 1 port detected
-mmcblk1: mmc1:b368 NCard 1.83 GiB (ro)
- mmcblk1: p1 p2
 input: gpio-keys as /devices/soc0/gpio-keys/input/input0
-rtc-em3027 2-0056: setting system clock to 2014-12-26 19:13:00 UTC (1419621180)
+rtc-em3027 2-0056: setting system clock to 2014-12-26 19:56:47 UTC (1419623807)
 ALSA device list:
   #0: tegra-trimslice
 kjournald starting.  Commit interval 5 seconds
Diff for ./tegra30-beaver/tegra30-beaver/multi_v7_defconfig_log.txt
--- /tmp/fooa	2015-07-26 13:07:13.412585752 -0700
+++ /tmp/foob	2015-07-26 13:07:13.416585750 -0700
@@ -40,7 +40,7 @@
 	 ##############################
 	 3.4 MiB/s
 done
-Bytes transferred = 6153552 (5de550 hex)
+Bytes transferred = 6153792 (5de640 hex)
 Tegra30 (Beaver) # tftpboot 0x82000000 tegra30-beaver.dtb
 Using asx0 device
 TFTP from server 192.168.100.1; our IP address is 192.168.100.101
@@ -51,7 +51,7 @@
 done
 Bytes transferred = 51467 (c90b hex)
 Tegra30 (Beaver) # bootz 0x81000000 - 0x82000000
-Kernel image @ 0x81000000 [ 0x000000 - 0x5de550 ]
+Kernel image @ 0x81000000 [ 0x000000 - 0x5de640 ]
 ## Flattened Device Tree blob at 82000000
    Booting using the fdt blob at 0x82000000
    Loading Device Tree to 8fff0000, end 8ffff90a ... OK
@@ -59,7 +59,7 @@
 Starting kernel ...
 
 Booting Linux on physical CPU 0x0
-Linux version 4.2.0-rc3-27237-g52721d9 (pwalmsley@sellafield) (gcc version 4.7.3 20130328 (prerelease) (crosstool-NG linaro-1.13.1-4.7-2013.04-20130415 - Linaro GCC 2013.04) ) #1 SMP Sun Jul 19 15:03:04 PDT 2015
+Linux version 4.2.0-rc4-27579-gcbfe8fa (pwalmsley@sellafield) (gcc version 4.7.3 20130328 (prerelease) (crosstool-NG linaro-1.13.1-4.7-2013.04-20130415 - Linaro GCC 2013.04) ) #1 SMP Sun Jul 26 13:03:07 PDT 2015
 CPU: ARMv7 Processor [412fc099] revision 9 (ARMv7), cr=10c5387d
 CPU: PIPT / VIPT nonaliasing data cache, VIPT aliasing instruction cache
 Machine model: NVIDIA Tegra30 Beaver evaluation board
@@ -67,7 +67,7 @@
 cma: Reserved 64 MiB at 0xfb800000
 Memory policy: Data cache writealloc
 On node 0 totalpages: 524032
-free_area_init_node: node 0, pgdat c0efda80, node_mem_map ee7f8000
+free_area_init_node: node 0, pgdat c0efdb00, node_mem_map ee7f8000
   DMA zone: 1520 pages used for memmap
   DMA zone: 0 pages reserved
   DMA zone: 194560 pages, LIFO batch:31
@@ -88,9 +88,9 @@
     lowmem  : 0xc0000000 - 0xef800000   ( 760 MB)
     pkmap   : 0xbfe00000 - 0xc0000000   (   2 MB)
     modules : 0xbf000000 - 0xbfe00000   (  14 MB)
-      .text : 0xc0208000 - 0xc0d0fa5c   (11295 kB)
+      .text : 0xc0208000 - 0xc0d0fa40   (11295 kB)
       .init : 0xc0d10000 - 0xc0dfc000   ( 944 kB)
-      .data : 0xc0dfc000 - 0xc0effa80   (1039 kB)
+      .data : 0xc0dfc000 - 0xc0effb00   (1039 kB)
        .bss : 0xc0f02000 - 0xc0f53c28   ( 328 kB)
 SLUB: HWalign=64, Order=0-3, MinObjects=0, CPUs=4, Nodes=1
 Hierarchical RCU implementation.
@@ -213,8 +213,9 @@
 console [ttyS0] enabled
 STMicroelectronics ASC driver initialized
 [drm] Initialized drm 1.1.0 20060810
-reg-fixed-voltage regulators:regulator@8: Failed to resolve vin-supply for +VDD_5V_HDMI
-tegra-hdmi 54280000.hdmi: failed to get HDMI regulator
++VDD_5V_HDMI: supplied by regulator-dummy
+vdd_1v8_gen: supplied by vdd_5v_in
+tegra-hdmi 54280000.hdmi: failed to get VDD regulator
 loop: module loaded
 m25p80 spi32766.1: w25q32 (4096 Kbytes)
 CAN device driver interface
@@ -288,8 +289,8 @@
 mmcblk0: mmc1:0001 SEM16G 14.8 GiB 
 mmcblk0boot0: mmc1:0001 SEM16G partition 1 1.00 MiB
 mmcblk0boot1: mmc1:0001 SEM16G partition 2 1.00 MiB
-mmcblk0rpmb: mmc1:0001 SEM16G partition 3 128 KiB
 tegra-pcie 3000.pcie-controller: probing port 2, using 2 lanes
+mmcblk0rpmb: mmc1:0001 SEM16G partition 3 128 KiB
 Primary GPT is invalid, using alternate GPT.
  mmcblk0: p1 p2 p3 p4 p5
 tegra-pcie 3000.pcie-controller: link 2 down, retrying
@@ -332,8 +333,6 @@
 r8169 0000:01:00.0: enabling device (0140 -> 0143)
 r8169 0000:01:00.0 eth0: RTL8168evl/8111evl at 0xf00d6000, 02:04:4b:01:60:a6, XID 0c900800 IRQ 375
 r8169 0000:01:00.0 eth0: jumbo features [frames: 9200 bytes, tx checksumming: ko]
-+VDD_5V_HDMI: supplied by sys_3v3,vdd_3v3_alw
-vdd_1v8_gen: supplied by vdd_5v_in
 [drm] Supports vblank timestamp caching Rev 2 (21.10.2013).
 [drm] No driver support for vblank timestamp query.
 drm drm: No connectors reported connected with modes
@@ -368,4 +367,4 @@
 Freeing unused kernel memory: 944K (c0d10000 - c0dfc000)
 bash: cannot set terminal process group (-1): Inappropriate ioctl for device
 bash: no job control in this shell
-root@(none):/# [    3.773413] usb 2-1: new high-speed USB device number 2 using tegra-ehci
+root@(none):/# [    3.763787] usb 2-1: new high-speed USB device number 2 using tegra-ehci
Diff for ./tegra30-beaver/tegra30-beaver/tegra_defconfig_log.txt
--- /tmp/fooa	2015-07-26 13:07:13.424585744 -0700
+++ /tmp/foob	2015-07-26 13:07:13.424585744 -0700
@@ -37,20 +37,20 @@
 	 #################################################################
 	 #################################################################
 	 #####################
-	 3.4 MiB/s
+	 3.3 MiB/s
 done
-Bytes transferred = 5066872 (4d5078 hex)
+Bytes transferred = 5067184 (4d51b0 hex)
 Tegra30 (Beaver) # tftpboot 0x82000000 tegra30-beaver.dtb
 Using asx0 device
 TFTP from server 192.168.100.1; our IP address is 192.168.100.101
 Filename 'tegra30-beaver.dtb'.
 Load address: 0x82000000
 Loading: *####
-	 2.9 MiB/s
+	 3.1 MiB/s
 done
 Bytes transferred = 51467 (c90b hex)
 Tegra30 (Beaver) # bootz 0x81000000 - 0x82000000
-Kernel image @ 0x81000000 [ 0x000000 - 0x4d5078 ]
+Kernel image @ 0x81000000 [ 0x000000 - 0x4d51b0 ]
 ## Flattened Device Tree blob at 82000000
    Booting using the fdt blob at 0x82000000
    Loading Device Tree to 8fff0000, end 8ffff90a ... OK
@@ -61,7 +61,7 @@
 Booting Linux on physical CPU 0x0
 Initializing cgroup subsys cpu
 Initializing cgroup subsys cpuacct
-Linux version 4.2.0-rc3-27237-g52721d9 (pwalmsley@kaivo) (gcc version 4.7.3 20130328 (prerelease) (crosstool-NG linaro-1.13.1-4.7-2013.04-20130415 - Linaro GCC 2013.04) ) #1 SMP PREEMPT Sun Jul 19 15:03:40 PDT 2015
+Linux version 4.2.0-rc4-27579-gcbfe8fa (pwalmsley@kaivo) (gcc version 4.7.3 20130328 (prerelease) (crosstool-NG linaro-1.13.1-4.7-2013.04-20130415 - Linaro GCC 2013.04) ) #1 SMP PREEMPT Sun Jul 26 13:03:34 PDT 2015
 CPU: ARMv7 Processor [412fc099] revision 9 (ARMv7), cr=10c5387d
 CPU: PIPT / VIPT nonaliasing data cache, VIPT aliasing instruction cache
 Machine model: NVIDIA Tegra30 Beaver evaluation board
@@ -69,7 +69,7 @@
 cma: Reserved 64 MiB at 0xfbc00000
 Memory policy: Data cache writealloc
 On node 0 totalpages: 524032
-free_area_init_node: node 0, pgdat c09c4cc0, node_mem_map ee7f7000
+free_area_init_node: node 0, pgdat c09c4dc0, node_mem_map ee7f7000
   Normal zone: 1520 pages used for memmap
   Normal zone: 0 pages reserved
   Normal zone: 194560 pages, LIFO batch:31
@@ -90,9 +90,9 @@
     lowmem  : 0xc0000000 - 0xef800000   ( 760 MB)
     pkmap   : 0xbfe00000 - 0xc0000000   (   2 MB)
     modules : 0xbf000000 - 0xbfe00000   (  14 MB)
-      .text : 0xc0008000 - 0xc09218b4   (9319 kB)
+      .text : 0xc0008000 - 0xc09218f8   (9319 kB)
       .init : 0xc0922000 - 0xc0970000   ( 312 kB)
-      .data : 0xc0970000 - 0xc09c6880   ( 347 kB)
+      .data : 0xc0970000 - 0xc09c6980   ( 347 kB)
        .bss : 0xc09c9000 - 0xc0a23c58   ( 364 kB)
 Preemptible hierarchical RCU implementation.
 	Additional per-CPU info printed with stalls.
@@ -164,7 +164,6 @@
 Bluetooth: HCI socket layer initialized
 Bluetooth: L2CAP socket layer initialized
 Bluetooth: SCO socket layer initialized
-cfg80211: Calling CRDA to update world regulatory domain
 clocksource: Switched to clocksource timer_us
 NET: Registered protocol family 2
 TCP established hash table entries: 8192 (order: 3, 32768 bytes)
@@ -211,8 +210,9 @@
 70006000.serial: ttyS0 at MMIO 0x70006000 (irq = 331, base_baud = 25500000) is a Tegra
 console [ttyS0] enabled
 [drm] Initialized drm 1.1.0 20060810
-reg-fixed-voltage regulators:regulator@8: Failed to resolve vin-supply for +VDD_5V_HDMI
-tegra-hdmi 54280000.hdmi: failed to get HDMI regulator
++VDD_5V_HDMI: supplied by regulator-dummy
+vdd_1v8_gen: supplied by vdd_5v_in
+tegra-hdmi 54280000.hdmi: failed to get VDD regulator
 loop: module loaded
 m25p80 spi32766.1: w25q32 (4096 Kbytes)
 CAN device driver interface
@@ -294,7 +294,6 @@
 tegra-pcie 3000.pcie-controller: probing port 2, using 2 lanes
 tegra-pcie 3000.pcie-controller: link 2 down, retrying
 tegra-pcie 3000.pcie-controller: link 2 down, retrying
-cfg80211: Calling CRDA to update world regulatory domain
 tegra-pcie 3000.pcie-controller: link 2 down, retrying
 tegra-pcie 3000.pcie-controller: link 2 down, ignoring
 tegra-pcie 3000.pcie-controller: PCI host bridge to bus 0000:00
@@ -333,8 +332,6 @@
 r8169 0000:01:00.0: enabling device (0140 -> 0143)
 r8169 0000:01:00.0 eth0: RTL8168evl/8111evl at 0xf00b6000, 02:04:4b:01:60:a6, XID 0c900800 IRQ 375
 r8169 0000:01:00.0 eth0: jumbo features [frames: 9200 bytes, tx checksumming: ko]
-+VDD_5V_HDMI: supplied by sys_3v3,vdd_3v3_alw
-vdd_1v8_gen: supplied by vdd_5v_in
 [drm] Supports vblank timestamp caching Rev 2 (21.10.2013).
 [drm] No driver support for vblank timestamp query.
 drm drm: No connectors reported connected with modes
@@ -372,4 +369,4 @@
 Freeing unused kernel memory: 312K (c0922000 - c0970000)
 bash: cannot set terminal process group (-1): Inappropriate ioctl for device
 bash: no job control in this shell
-root@(none):/# [    4.436393] usb 2-1: new high-speed USB device number 2 using tegra-ehci
+root@(none):/# [    4.416367] usb 2-1: new high-speed USB device number 2 using tegra-ehci
