
U-Boot SPL 2014.01-00219-gc4d376f (Feb 18 2014 - 19:57:32)


U-Boot 2014.01-00219-gc4d376f (Feb 18 2014 - 19:57:32)

TEGRA114
Board: NVIDIA Dalmore
I2C:   ready
DRAM:  2 GiB
MMC:   Tegra SD/MMC: 0, Tegra SD/MMC: 1
In:    serial
Out:   serial
Err:   serial
Net:   Net Initialization Skipped
No ethernet found.
Hit any key to stop autoboot:  2  0 
Tegra114 (Dalmore) # 
Tegra114 (Dalmore) # usb reset
(Re)start USB...
USB0:   USB EHCI 1.10
scanning bus 0 for devices... 2 USB Device(s) found
       scanning usb for storage devices... 0 Storage Device(s) found
       scanning usb for ethernet devices... 
Warning: asx0 using MAC address from net device
1 Ethernet Device(s) found
Tegra114 (Dalmore) # setenv bootargs 'ignore_loglevel console=ttyS0,115200n8 rw root=PARTUUID=7369c667-ff51-ec4a-29cd-baabf2fbe346 rootwait gpt debug earlyprintk init=/bin/bash'
Tegra114 (Dalmore) # setenv ipaddr 192.168.100.100; setenv serverip 192.168.100.1; setenv tftpserverip 192.168.100.1
Tegra114 (Dalmore) # tftpboot 0x81000000 zImage.multi_v7_defconfig
Using asx0 device
TFTP from server 192.168.100.1; our IP address is 192.168.100.100
Filename 'zImage.multi_v7_defconfig'.
Load address: 0x81000000
Loading: *#################################################################
	 #################################################################
	 #################################################################
	 #################################################################
	 #################################################################
	 #################################################################
	 #################################################################
	 ##########################################
	 3.3 MiB/s
done
Bytes transferred = 7286552 (6f2f18 hex)
Tegra114 (Dalmore) # tftpboot 0x82000000 tegra114-dalmore.dtb
Using asx0 device
TFTP from server 192.168.100.1; our IP address is 192.168.100.100
Filename 'tegra114-dalmore.dtb'.
Load address: 0x82000000
Loading: *###
	 2.8 MiB/s
done
Bytes transferred = 35044 (88e4 hex)
Tegra114 (Dalmore) # bootz 0x81000000 - 0x82000000
Kernel image @ 0x81000000 [ 0x000000 - 0x6f2f18 ]
## Flattened Device Tree blob at 82000000
   Booting using the fdt blob at 0x82000000
   Loading Device Tree to 8fff4000, end 8ffff8e3 ... OK

Starting kernel ...

[    0.000000] Booting Linux on physical CPU 0x0
[    0.000000] Linux version 4.9.0-rc5-128069-ga25f094 (pwalmsley@sellafield) (gcc version 4.7.3 20130328 (prerelease) (crosstool-NG linaro-1.13.1-4.7-2013.04-20130415 - Linaro GCC 2013.04) ) #1 SMP Mon Nov 14 02:04:24 PST 2016
[    0.000000] CPU: ARMv7 Processor [412fc0f2] revision 2 (ARMv7), cr=10c5387d
[    0.000000] CPU: div instructions available: patching division code
[    0.000000] CPU: PIPT / VIPT nonaliasing data cache, PIPT instruction cache
[    0.000000] OF: fdt:Machine model: NVIDIA Tegra114 Dalmore evaluation board
[    0.000000] debug: ignoring loglevel setting.
[    0.000000] efi: Getting EFI parameters from FDT:
[    0.000000] efi: UEFI not found.
[    0.000000] cma: Reserved 64 MiB at 0xfb800000
[    0.000000] Memory policy: Data cache writealloc
[    0.000000] On node 0 totalpages: 524032
[    0.000000] free_area_init_node: node 0, pgdat c1427f80, node_mem_map eeff8000
[    0.000000]   DMA zone: 1536 pages used for memmap
[    0.000000]   DMA zone: 0 pages reserved
[    0.000000]   DMA zone: 196608 pages, LIFO batch:31
[    0.000000]   HighMem zone: 327424 pages, LIFO batch:31
[    0.000000] percpu: Embedded 14 pages/cpu @eefa4000 s26624 r8192 d22528 u57344
[    0.000000] pcpu-alloc: s26624 r8192 d22528 u57344 alloc=14*4096
[    0.000000] pcpu-alloc: [0] 0 [0] 1 [0] 2 [0] 3 
[    0.000000] Built 1 zonelists in Zone order, mobility grouping on.  Total pages: 522496
[    0.000000] Kernel command line: ignore_loglevel console=ttyS0,115200n8 rw root=PARTUUID=7369c667-ff51-ec4a-29cd-baabf2fbe346 rootwait gpt debug earlyprintk init=/bin/bash
[    0.000000] PID hash table entries: 4096 (order: 2, 16384 bytes)
[    0.000000] Dentry cache hash table entries: 131072 (order: 7, 524288 bytes)
[    0.000000] Inode-cache hash table entries: 65536 (order: 6, 262144 bytes)
[    0.000000] Memory: 1995088K/2096128K available (9216K kernel code, 1190K rwdata, 4068K rodata, 2048K init, 343K bss, 35504K reserved, 65536K cma-reserved, 1244160K highmem)
[    0.000000] Virtual kernel memory layout:
[    0.000000]     vector  : 0xffff0000 - 0xffff1000   (   4 kB)
[    0.000000]     fixmap  : 0xffc00000 - 0xfff00000   (3072 kB)
[    0.000000]     vmalloc : 0xf0800000 - 0xff800000   ( 240 MB)
[    0.000000]     lowmem  : 0xc0000000 - 0xf0000000   ( 768 MB)
[    0.000000]     pkmap   : 0xbfe00000 - 0xc0000000   (   2 MB)
[    0.000000]     modules : 0xbf000000 - 0xbfe00000   (  14 MB)
[    0.000000]       .text : 0xc0208000 - 0xc0c00000   (10208 kB)
[    0.000000]       .init : 0xc1100000 - 0xc1300000   (2048 kB)
[    0.000000]       .data : 0xc1300000 - 0xc1429a60   (1191 kB)
[    0.000000]        .bss : 0xc142b000 - 0xc1480fc8   ( 344 kB)
[    0.000000] SLUB: HWalign=64, Order=0-3, MinObjects=0, CPUs=4, Nodes=1
[    0.000000] Hierarchical RCU implementation.
[    0.000000] 	Build-time adjustment of leaf fanout to 32.
[    0.000000] 	RCU restricting CPUs from NR_CPUS=16 to nr_cpu_ids=4.
[    0.000000] RCU: Adjusting geometry for rcu_fanout_leaf=32, nr_cpu_ids=4
[    0.000000] NR_IRQS:16 nr_irqs:16 16
[    0.000000] /interrupt-controller@60004000: 160 interrupts forwarded to /interrupt-controller@50041000
[    0.000000] Tegra clk 127: register failed with -17
[    0.000008] sched_clock: 32 bits at 1000kHz, resolution 1000ns, wraps every 2147483647500ns
[    0.000026] clocksource: timer_us: mask: 0xffffffff max_cycles: 0xffffffff, max_idle_ns: 1911260446275 ns
[    0.000042] Switching to timer-based delay loop, resolution 1000ns
[    0.003236] arm_arch_timer: Architected cp15 timer(s) running at 12.00MHz (virt).
[    0.003254] clocksource: arch_sys_counter: mask: 0xffffffffffffff max_cycles: 0x2c47f4ee7, max_idle_ns: 440795202497 ns
[    0.003272] sched_clock: 56 bits at 12MHz, resolution 83ns, wraps every 4398046511096ns
[    0.003286] Switching to timer-based delay loop, resolution 83ns
[    0.003679] Console: colour dummy device 80x30
[    0.003708] Calibrating delay loop (skipped), value calculated using timer frequency.. 24.00 BogoMIPS (lpj=60000)
[    0.003723] pid_max: default: 32768 minimum: 301
[    0.003820] Mount-cache hash table entries: 2048 (order: 1, 8192 bytes)
[    0.003832] Mountpoint-cache hash table entries: 2048 (order: 1, 8192 bytes)
[    0.004456] CPU: Testing write buffer coherency: ok
[    0.004670] /cpus/cpu@0 missing clock-frequency property
[    0.004699] /cpus/cpu@1 missing clock-frequency property
[    0.004727] /cpus/cpu@2 missing clock-frequency property
[    0.004758] /cpus/cpu@3 missing clock-frequency property
[    0.004770] CPU0: thread -1, cpu 0, socket 0, mpidr 80000000
[    0.004792] Setting up static identity map for 0x80300000 - 0x80300098
[    0.007395] Tegra Revision: A01 SKU: 0 CPU Process: 1 SoC Process: 0
[    0.007944] EFI services will not be available.
[    0.008762] CPU1: thread -1, cpu 1, socket 0, mpidr 80000001
[    0.009400] CPU2: thread -1, cpu 2, socket 0, mpidr 80000002
[    0.010016] CPU3: thread -1, cpu 3, socket 0, mpidr 80000003
[    0.010105] Brought up 4 CPUs
[    0.010128] SMP: Total of 4 processors activated (96.00 BogoMIPS).
[    0.010137] CPU: All CPU(s) started in SVC mode.
[    0.011598] devtmpfs: initialized
[    0.023365] VFP support v0.3: implementor 41 architecture 4 part 30 variant f rev 0
[    0.023738] clocksource: jiffies: mask: 0xffffffff max_cycles: 0xffffffff, max_idle_ns: 9556302231375000 ns
[    0.025095] pinctrl core: initialized pinctrl subsystem
[    0.026708] NET: Registered protocol family 16
[    0.028739] DMA: preallocated 256 KiB pool for atomic coherent allocations
[    0.043150] cpuidle: using governor menu
[    0.069560] No ATAGs?
[    0.069588] hw-breakpoint: found 5 (+1 reserved) breakpoint and 4 watchpoint registers.
[    0.069599] hw-breakpoint: maximum watchpoint size is 8 bytes.
[    0.074925] Serial: AMBA PL011 UART driver
[    0.075654] tegra-mc 70019000.memory-controller: no memory timings for RAM code 3 registered
[    0.102707] dvdd_ts: Failed to request enable GPIO61: -517
[    0.102724] reg-fixed-voltage regulators:regulator@1: Failed to register regulator: -517
[    0.102819] usb1_vbus: Failed to request enable GPIO108: -517
[    0.102833] reg-fixed-voltage regulators:regulator@3: Failed to register regulator: -517
[    0.102924] usb2_vbus: Failed to request enable GPIO86: -517
[    0.102938] reg-fixed-voltage regulators:regulator@4: Failed to register regulator: -517
[    0.103392] VDD_5V0_HDMI_CON: Failed to request enable GPIO81: -517
[    0.103406] reg-fixed-voltage regulators:regulator@7: Failed to register regulator: -517
[    0.106007] vgaarb: loaded
[    0.106811] SCSI subsystem initialized
[    0.106985] libata version 3.00 loaded.
[    0.107271] usbcore: registered new interface driver usbfs
[    0.107346] usbcore: registered new interface driver hub
[    0.107412] usbcore: registered new device driver usb
[    0.110898] tps65090 2-0048: No cache defaults, reading back from HW
[    0.112809] TPS65090_RAILSDCDC1: supplied by vdd_ac_bat
[    0.113365] vdd_hdmi_5v0: supplied by vdd-sys-5v0
[    0.114142] TPS65090_RAILSDCDC2: supplied by vdd_ac_bat
[    0.115213] TPS65090_RAILSDCDC3: supplied by vdd_ac_bat
[    0.115755] TPS65090_RAILSFET1: supplied by vdd_ac_bat
[    0.116147] TPS65090_RAILSFET2: supplied by vdd_ac_bat
[    0.116513] TPS65090_RAILSFET3: supplied by vdd-sys-3v3
[    0.117063] TPS65090_RAILSFET4: supplied by vdd-sys-3v3
[    0.117605] TPS65090_RAILSFET5: supplied by vdd-sys-3v3
[    0.118137] TPS65090_RAILSFET6: supplied by vdd-sys-3v3
[    0.119019] TPS65090_RAILSFET7: supplied by vdd-sys-3v3
[    0.119563] TPS65090_RAILSLDO1: supplied by vdd_ac_bat
[    0.119792] TPS65090_RAILSLDO2: supplied by vdd_ac_bat
[    0.120732] palmas 2-0058: Irq flag is 0x00000004
[    0.122746] palmas 2-0058: Muxing GPIO ff, PWM 0, LED 0
[    0.125348] SMPS12: supplied by vdd-ao
[    0.126973] SMPS3: supplied by vdd-ao
[    0.128752] SMPS457: supplied by vdd-sys-3v3
[    0.131711] SMPS8: supplied by vdd-sys-3v3
[    0.132821] random: fast init done
[    0.133356] SMPS9: supplied by vdd-sys-3v3
[    0.133900] sdhci-vdd-sd-slot: Bringing 2840000uV into 2800000-2800000uV
[    0.136794] LDO1: supplied by vdd-sys-3v3
[    0.138003] LDO2: supplied by vdd-sys-3v3
[    0.139231] LDO3: supplied by vddio-1v8
[    0.140448] LDO4: supplied by vdd-sys-3v3
[    0.141660] LDO5: supplied by vdd_ac_bat
[    0.142437] LDO6: supplied by vdd-sys-3v3
[    0.142950] vdd-sensor-2v85: Bringing 2900000uV into 2850000-2850000uV
[    0.144404] LDO7: supplied by vdd-sys-3v3
[    0.146154] LDO8: supplied by vdd-ao
[    0.146668] vdd-rtc: Bringing 675000uV into 900000-900000uV
[    0.149171] LDO9: supplied by sdhci-vdd-sd-slot
[    0.154506] LDOLN: supplied by vdd-sys-5v0
[    0.155731] LDOUSB: supplied by vdd-sys-5v0
[    0.162436] pps_core: LinuxPPS API ver. 1 registered
[    0.162446] pps_core: Software ver. 5.3.6 - Copyright 2005-2007 Rodolfo Giometti <giometti@linux.it>
[    0.162469] PTP clock support registered
[    0.162660] EDAC MC: Ver: 3.0.0
[    0.165111] clocksource: Switched to clocksource arch_sys_counter
[    0.175889] NET: Registered protocol family 2
[    0.176414] TCP established hash table entries: 8192 (order: 3, 32768 bytes)
[    0.176514] TCP bind hash table entries: 8192 (order: 4, 65536 bytes)
[    0.176701] TCP: Hash tables configured (established 8192 bind 8192)
[    0.176755] UDP hash table entries: 512 (order: 2, 16384 bytes)
[    0.176796] UDP-Lite hash table entries: 512 (order: 2, 16384 bytes)
[    0.176960] NET: Registered protocol family 1
[    0.177290] RPC: Registered named UNIX socket transport module.
[    0.177300] RPC: Registered udp transport module.
[    0.177307] RPC: Registered tcp transport module.
[    0.177315] RPC: Registered tcp NFSv4.1 backchannel transport module.
[    0.177326] PCI: CLS 0 bytes, default 64
[    0.179519] futex hash table entries: 1024 (order: 4, 65536 bytes)
[    0.180027] workingset: timestamp_bits=30 max_order=19 bucket_order=0
[    0.191582] squashfs: version 4.0 (2009/01/31) Phillip Lougher
[    0.192496] NFS: Registering the id_resolver key type
[    0.192523] Key type id_resolver registered
[    0.192532] Key type id_legacy registered
[    0.192577] ntfs: driver 2.1.32 [Flags: R/O].
[    0.193841] bounce: pool size: 64 pages
[    0.194042] Block layer SCSI generic (bsg) driver version 0.4 loaded (major 248)
[    0.194054] io scheduler noop registered
[    0.194063] io scheduler deadline registered
[    0.194252] io scheduler cfq registered (default)
[    0.198437] libphy: mdio_driver_register: phy-bcm-ns2-pci
[    0.225749] tegra-apbdma 6000a000.dma: Tegra20 APB DMA driver register 32 channels
[    0.227500] tegra-pmc 7000e400.pmc: i2c-thermtrip node not found, emergency thermal reset disabled.
[    0.295561] Serial: 8250/16550 driver, 4 ports, IRQ sharing disabled
[    0.298642] console [ttyS0] disabled
[    0.298681] 70006300.serial: ttyS0 at MMIO 0x70006300 (irq = 329, base_baud = 25500000) is a Tegra
[    1.270814] console [ttyS0] enabled
[    1.275184] SuperH (H)SCI(F) driver initialized
[    1.280689] msm_serial: driver initialized
[    1.284962] STMicroelectronics ASC driver initialized
[    1.293655] [drm] Initialized
[    1.299626] tegra-hdmi 54280000.hdmi: failed to get HDMI regulator
[    1.324434] brd: module loaded
[    1.333808] loop: module loaded
[    1.353602] m25p80 spi32766.0: w25q32dw (4096 Kbytes)
[    1.361845] libphy: Fixed MDIO Bus: probed
[    1.367207] CAN device driver interface
[    1.373052] e1000e: Intel(R) PRO/1000 Network Driver - 3.2.6-k
[    1.378893] e1000e: Copyright(c) 1999 - 2015 Intel Corporation.
[    1.384898] igb: Intel(R) Gigabit Ethernet Network Driver - version 5.4.0-k
[    1.391866] igb: Copyright (c) 2007-2014 Intel Corporation.
[    1.400771] pegasus: v0.9.3 (2013/04/25), Pegasus/Pegasus II USB Ethernet driver
[    1.408233] usbcore: registered new interface driver pegasus
[    1.413962] usbcore: registered new interface driver asix
[    1.419417] usbcore: registered new interface driver ax88179_178a
[    1.425565] usbcore: registered new interface driver cdc_ether
[    1.431469] usbcore: registered new interface driver smsc75xx
[    1.437288] usbcore: registered new interface driver smsc95xx
[    1.443087] usbcore: registered new interface driver net1080
[    1.448803] usbcore: registered new interface driver cdc_subset
[    1.454774] usbcore: registered new interface driver zaurus
[    1.460423] usbcore: registered new interface driver cdc_ncm
[    1.468072] ehci_hcd: USB 2.0 'Enhanced' Host Controller (EHCI) Driver
[    1.474611] ehci-pci: EHCI PCI platform driver
[    1.479110] ehci-platform: EHCI generic platform driver
[    1.484534] ehci-orion: EHCI orion driver
[    1.488687] SPEAr-ehci: EHCI SPEAr driver
[    1.492848] ehci-st: EHCI STMicroelectronics driver
[    1.497871] ehci-exynos: EHCI EXYNOS driver
[    1.502219] ehci-atmel: EHCI Atmel driver
[    1.506376] tegra-ehci: Tegra EHCI driver
[    1.510689] ohci_hcd: USB 1.1 'Open' Host Controller (OHCI) Driver
[    1.516888] ohci-pci: OHCI PCI platform driver
[    1.521390] ohci-platform: OHCI generic platform driver
[    1.526780] ohci-omap3: OHCI OMAP3 driver
[    1.530935] SPEAr-ohci: OHCI SPEAr driver
[    1.535076] ohci-st: OHCI STMicroelectronics driver
[    1.540117] ohci-atmel: OHCI Atmel driver
[    1.544819] usbcore: registered new interface driver usb-storage
[    1.552366] mousedev: PS/2 mouse device common for all mice
[    1.562531] palmas-rtc 7000d000.i2c:tps65913@58:rtc: rtc core: registered 7000d000.i2c:tps659 as rtc0
[    1.573647] tegra_rtc 7000e000.rtc: rtc core: registered 7000e000.rtc as rtc1
[    1.580844] tegra_rtc 7000e000.rtc: Tegra internal Real Time Clock
[    1.587551] i2c /dev entries driver
[    1.597498] sbs-battery 0-000b: sbs_probe: Failed to get device status
[    1.604051] sbs-battery: probe of 0-000b failed with error -121
[    1.620033] sdhci: Secure Digital Host Controller Interface driver
[    1.626230] sdhci: Copyright(c) Pierre Ossman
[    1.632077] Synopsys Designware Multimedia Card Interface Driver
[    1.639158] sdhci-pltfm: SDHCI platform and OF driver helper
[    1.645558] sdhci-tegra 78000400.sdhci: Got CD GPIO
[    1.650469] sdhci-tegra 78000400.sdhci: Got WP GPIO
[    1.656574] mmc0: Invalid maximum block size, assuming 512 bytes
[    1.705262] mmc0: SDHCI controller on 78000400.sdhci [78000400.sdhci] using ADMA
[    1.712958] mmc1: Invalid maximum block size, assuming 512 bytes
[    1.765158] mmc1: SDHCI controller on 78000600.sdhci [78000600.sdhci] using ADMA
[    1.774454] ledtrig-cpu: registered to indicate activity on CPUs
[    1.782854] usbcore: registered new interface driver usbhid
[    1.788439] usbhid: USB HID core driver
[    1.795660] NET: Registered protocol family 10
[    1.803050] sit: IPv6, IPv4 and MPLS over IPv4 tunneling driver
[    1.809655] NET: Registered protocol family 17
[    1.814126] can: controller area network core (rev 20120528 abi 9)
[    1.820386] NET: Registered protocol family 29
[    1.824824] can: raw protocol (rev 20120528)
[    1.829107] can: broadcast manager protocol (rev 20160617 t)
[    1.834783] can: netlink gateway (rev 20130117) max_hops=1
[    1.840650] Key type dns_resolver registered
[    1.845565] ThumbEE CPU extension supported.
[    1.849836] Registering SWP/SWPB emulation handler
[    1.867079] usb1_vbus: supplied by vdd-sys-5v0
[    1.874780] usb2_vbus: supplied by vdd-sys-5v0
[    1.884521] VDD_5V0_HDMI_CON: supplied by vdd-sys-5v0
[    1.887293] mmc0: new high speed SDHC card at address aaaa
[    1.890598] mmcblk0: mmc0:aaaa SL16G 14.8 GiB 
[    1.905459] [drm] Supports vblank timestamp caching Rev 2 (21.10.2013).
[    1.912110] [drm] No driver support for vblank timestamp query.
[    1.916591]  mmcblk0: p1 p2 p3
[    1.922806] mmc1: new high speed MMC card at address 0001
[    1.929273] mmcblk1: mmc1:0001 SEM32G 29.1 GiB 
[    1.934585] mmcblk1boot0: mmc1:0001 SEM32G partition 1 4.00 MiB
[    1.941271] mmcblk1boot1: mmc1:0001 SEM32G partition 2 4.00 MiB
[    1.947991] mmcblk1rpmb: mmc1:0001 SEM32G partition 3 4.00 MiB
[    1.950992]  mmcblk1: p1 p2 p3 p4 p5 p6 p7 p8
[    1.984138] Console: switching to colour frame buffer device 240x75
[    2.022086] drm drm: fb0:  frame buffer device
[    2.045222] [drm] Initialized tegra 0.0.0 20120330 on minor 0
[    2.056870] tegra-ehci 7d008000.usb: EHCI Host Controller
[    2.062344] tegra-ehci 7d008000.usb: new USB bus registered, assigned bus number 1
[    2.070349] tegra-ehci 7d008000.usb: irq 339, io mem 0x7d008000
[    2.090240] tegra-ehci 7d008000.usb: USB 2.0 started, EHCI 1.10
[    2.097481] hub 1-0:1.0: USB hub found
[    2.101347] hub 1-0:1.0: 1 port detected
[    2.107208] input: gpio-keys as /devices/soc0/gpio-keys/input/input0
[    2.116214] palmas-rtc 7000d000.i2c:tps65913@58:rtc: setting system clock to 2000-09-07 21:35:04 UTC (968362504)
[    2.131991] dvdd_ts: disabling
[    2.135050] usb1_vbus: disabling
[    2.138322] vdd_cam_1v8_reg: disabling
[    2.143653] EXT4-fs (mmcblk1p1): mounting ext3 file system using the ext4 subsystem
[    2.166088] EXT4-fs (mmcblk1p1): recovery complete
[    2.170949] EXT4-fs (mmcblk1p1): mounted filesystem with ordered data mode. Opts: (null)
[    2.179144] VFS: Mounted root (ext3 filesystem) on device 179:17.
[    2.189768] devtmpfs: mounted
[    2.194616] Freeing unused kernel memory: 2048K (c1100000 - c1300000)
bash: cannot set terminal process group (-1): Inappropriate ioctl for device
bash: no job control in this shell
root@(none):/# [    2.435247] usb 1-1: new high-speed USB device number 2 using tegra-ehci
asix 1-1:1.0 eth0: register 'asix' at usb-7d008000.usb-1, ASIX AX88772 USB 2.0 Ethernet, 00:50:b6:0d:b5:16
mount -t sysfs none /sys
root@(none):/# 
root@(none):/# mount -t debugfs none /sys/kernel/debug
root@(none):/# 
root@(none):/# rtcwake -d rtc1 -m mem -s 3
rtcwake: assuming RTC uses UTC ...
rtcwake: wakeup from "mem" using /dev/rtc1 at Thu Jan  1 00:00:20 1970
[    5.361732] PM: Syncing filesystems ... done.
[    5.389801] Freezing user space processes ... (elapsed 0.001 seconds) done.
[    5.398186] Freezing remaining freezable tasks ... (elapsed 0.001 seconds) done.
[    5.407071] Suspending console(s) (use no_console_suspend to debug)
[    5.414921] asix 1-1:1.0 eth0: Failed to read reg index 0x0000: -19
[    5.414930] asix 1-1:1.0 eth0: Error reading Medium Status register: ffffffed
[    5.414940] asix 1-1:1.0 eth0: Failed to write reg index 0x0000: -19
[    5.414950] asix 1-1:1.0 eth0: Failed to write Medium Mode mode to 0xfeed: ffffffed
[    5.462410] PM: suspend of devices complete after 47.672 msecs
[    5.465594] PM: late suspend of devices complete after 3.169 msecs
[    5.468060] PM: noirq suspend of devices complete after 2.457 msecs
[    5.468064] Disabling non-boot CPUs ...
[    5.468913] CPU1: shutdown
[    5.503433] CPU2: shutdown
[    5.522800] CPU3: shutdown
[    5.536699] Entering suspend state LP1
[    5.536699] Suspended for 7.926 seconds
[    5.536718] Enabling non-boot CPUs ...
[    5.551696] CPU1 is up
[    5.571878] CPU2 is up
[    5.592212] CPU3 is up
[    5.593502] PM: noirq resume of devices complete after 1.279 msecs
[    5.596322] PM: early resume of devices complete after 2.535 msecs
[    6.127354] PM: resume of devices complete after 531.015 msecs
[    6.223399] Restarting tasks ... done.
root@(none):/# 
root@(none):/# rtcwake -d rtc1 -m mem -s 3
rtcwake: assuming RTC uses UTC ...
rtcwake: wakeup from "mem" using /dev/rtc1 at Thu Jan  1 00:00:30 1970
[    7.440405] PM: Syncing filesystems ... done.
[    7.467532] Freezing user space processes ... (elapsed 0.001 seconds) done.
[    7.475948] Freezing remaining freezable tasks ... (elapsed 0.001 seconds) done.
[    7.484862] Suspending console(s) (use no_console_suspend to debug)
[    7.492704] asix 1-1:1.0 eth0: Failed to read reg index 0x0000: -19
[    7.492712] asix 1-1:1.0 eth0: Error reading Medium Status register: ffffffed
[    7.492721] asix 1-1:1.0 eth0: Failed to write reg index 0x0000: -19
[    7.492727] asix 1-1:1.0 eth0: Failed to write Medium Mode mode to 0xfeed: ffffffed
[    7.537394] PM: suspend of devices complete after 44.865 msecs
[    7.540485] PM: late suspend of devices complete after 3.073 msecs
[    7.542995] PM: noirq suspend of devices complete after 2.494 msecs
[    7.542999] Disabling non-boot CPUs ...
[    7.543792] CPU1: shutdown
[    7.587936] CPU2: shutdown
[    7.622178] IRQ17 no longer affine to CPU3
[    7.622544] CPU3: shutdown
[    7.646491] Entering suspend state LP1
[    7.646491] Suspended for 8.473 seconds
[    7.646510] Enabling non-boot CPUs ...
[    7.661666] CPU1 is up
[    7.681829] CPU2 is up
[    7.702180] CPU3 is up
[    7.703449] PM: noirq resume of devices complete after 1.258 msecs
[    7.705797] PM: early resume of devices complete after 1.898 msecs
[    8.239999] PM: resume of devices complete after 534.182 msecs
[    8.340144] Restarting tasks ... done.
root@(none):/# 
root@(none):/# rtcwake -d rtc1 -m mem -s 3
rtcwake: assuming RTC uses UTC ...
rtcwake: wakeup from "mem" using /dev/rtc1 at Thu Jan  1 00:00:40 1970
[    8.964895] PM: Syncing filesystems ... done.
[    8.991512] Freezing user space processes ... (elapsed 0.001 seconds) done.
[    8.999878] Freezing remaining freezable tasks ... (elapsed 0.001 seconds) done.
[    9.008739] Suspending console(s) (use no_console_suspend to debug)
[    9.016578] asix 1-1:1.0 eth0: Failed to read reg index 0x0000: -19
[    9.016586] asix 1-1:1.0 eth0: Error reading Medium Status register: ffffffed
[    9.016595] asix 1-1:1.0 eth0: Failed to write reg index 0x0000: -19
[    9.016602] asix 1-1:1.0 eth0: Failed to write Medium Mode mode to 0xfeed: ffffffed
[    9.062395] PM: suspend of devices complete after 45.975 msecs
[    9.065552] PM: late suspend of devices complete after 3.142 msecs
[    9.068000] PM: noirq suspend of devices complete after 2.437 msecs
[    9.068004] Disabling non-boot CPUs ...
[    9.068832] CPU1: shutdown
[    9.107721] CPU2: shutdown
[    9.142147] IRQ17 no longer affine to CPU3
[    9.142514] CPU3: shutdown
[    9.166337] Entering suspend state LP1
[    9.166337] Suspended for 7.897 seconds
[    9.166356] Enabling non-boot CPUs ...
[    9.181596] CPU1 is up
[    9.201790] CPU2 is up
[    9.222123] CPU3 is up
[    9.223361] PM: noirq resume of devices complete after 1.228 msecs
[    9.226177] PM: early resume of devices complete after 2.359 msecs
[    9.759695] PM: resume of devices complete after 533.501 msecs
[    9.859686] Restarting tasks ... done.
root@(none):/# 
root@(none):/# rtcwake -d rtc1 -m mem -s 3
rtcwake: assuming RTC uses UTC ...
rtcwake: wakeup from "mem" using /dev/rtc1 at Thu Jan  1 00:00:50 1970
[   11.062637] PM: Syncing filesystems ... done.
[   11.089288] Freezing user space processes ... (elapsed 0.001 seconds) done.
[   11.097713] Freezing remaining freezable tasks ... (elapsed 0.001 seconds) done.
[   11.106585] Suspending console(s) (use no_console_suspend to debug)
[   11.114400] asix 1-1:1.0 eth0: Failed to read reg index 0x0000: -19
[   11.114408] asix 1-1:1.0 eth0: Error reading Medium Status register: ffffffed
[   11.114418] asix 1-1:1.0 eth0: Failed to write reg index 0x0000: -19
[   11.114426] asix 1-1:1.0 eth0: Failed to write Medium Mode mode to 0xfeed: ffffffed
[   11.161744] PM: suspend of devices complete after 47.494 msecs
[   11.164486] PM: late suspend of devices complete after 2.726 msecs
[   11.166908] PM: noirq suspend of devices complete after 2.412 msecs
[   11.166912] Disabling non-boot CPUs ...
[   11.167722] CPU1: shutdown
[   11.207682] CPU2: shutdown
[   11.237098] IRQ17 no longer affine to CPU3
[   11.237467] CPU3: shutdown
[   11.261299] Entering suspend state LP1
[   11.261299] Suspended for 7.905 seconds
[   11.261317] Enabling non-boot CPUs ...
[   11.276574] CPU1 is up
[   11.296770] CPU2 is up
[   11.317084] CPU3 is up
[   11.318345] PM: noirq resume of devices complete after 1.251 msecs
[   11.321109] PM: early resume of devices complete after 2.292 msecs
[   11.853013] PM: resume of devices complete after 531.888 msecs
[   11.953119] Restarting tasks ... done.
root@(none):/# 
root@(none):/# rtcwake -d rtc1 -m mem -s 3
rtcwake: assuming RTC uses UTC ...
rtcwake: wakeup from "mem" using /dev/rtc1 at Thu Jan  1 00:01:00 1970
[   13.173017] PM: Syncing filesystems ... done.
[   13.199632] Freezing user space processes ... (elapsed 0.001 seconds) done.
[   13.208004] Freezing remaining freezable tasks ... (elapsed 0.001 seconds) done.
[   13.216920] Suspending console(s) (use no_console_suspend to debug)
[   13.224689] asix 1-1:1.0 eth0: Failed to read reg index 0x0000: -19
[   13.224697] asix 1-1:1.0 eth0: Error reading Medium Status register: ffffffed
[   13.224705] asix 1-1:1.0 eth0: Failed to write reg index 0x0000: -19
[   13.224712] asix 1-1:1.0 eth0: Failed to write Medium Mode mode to 0xfeed: ffffffed
[   13.272280] PM: suspend of devices complete after 47.728 msecs
[   13.275540] PM: late suspend of devices complete after 3.243 msecs
[   13.278020] PM: noirq suspend of devices complete after 2.470 msecs
[   13.278024] Disabling non-boot CPUs ...
[   13.278859] CPU1: shutdown
[   13.327268] IRQ17 no longer affine to CPU2
[   13.327629] CPU2: shutdown
[   13.357420] CPU3: shutdown
[   13.381301] Entering suspend state LP1
[   13.381301] Suspended for 8.463 seconds
[   13.381320] Enabling non-boot CPUs ...
[   13.396515] CPU1 is up
[   13.416714] CPU2 is up
[   13.437047] CPU3 is up
[   13.438306] PM: noirq resume of devices complete after 1.249 msecs
[   13.441051] PM: early resume of devices complete after 2.462 msecs
[   13.975688] PM: resume of devices complete after 534.620 msecs
[   14.075903] Restarting tasks ... done.
root@(none):/# 
root@(none):/# rtcwake -d rtc1 -m mem -s 3
rtcwake: assuming RTC uses UTC ...
rtcwake: wakeup from "mem" using /dev/rtc1 at Thu Jan  1 00:01:10 1970
[   14.694283] PM: Syncing filesystems ... done.
[   14.721225] Freezing user space processes ... (elapsed 0.001 seconds) done.
[   14.729607] Freezing remaining freezable tasks ... (elapsed 0.001 seconds) done.
[   14.738475] Suspending console(s) (use no_console_suspend to debug)
[   14.746330] asix 1-1:1.0 eth0: Failed to read reg index 0x0000: -19
[   14.746338] asix 1-1:1.0 eth0: Error reading Medium Status register: ffffffed
[   14.746348] asix 1-1:1.0 eth0: Failed to write reg index 0x0000: -19
[   14.746355] asix 1-1:1.0 eth0: Failed to write Medium Mode mode to 0xfeed: ffffffed
[   14.791642] PM: suspend of devices complete after 45.488 msecs
[   14.794707] PM: late suspend of devices complete after 3.050 msecs
[   14.797185] PM: noirq suspend of devices complete after 2.467 msecs
[   14.797189] Disabling non-boot CPUs ...
[   14.798019] CPU1: shutdown
[   14.832602] CPU2: shutdown
[   14.862349] CPU3: shutdown
[   14.886267] Entering suspend state LP1
[   14.886267] Suspended for 7.912 seconds
[   14.886286] Enabling non-boot CPUs ...
[   14.901450] CPU1 is up
[   14.921641] CPU2 is up
[   14.941986] CPU3 is up
[   14.943230] PM: noirq resume of devices complete after 1.233 msecs
[   14.945586] PM: early resume of devices complete after 1.893 msecs
[   15.476424] PM: resume of devices complete after 530.821 msecs
[   15.572533] Restarting tasks ... done.
root@(none):/# 
root@(none):/# rtcwake -d rtc1 -m mem -s 3
rtcwake: assuming RTC uses UTC ...
rtcwake: wakeup from "mem" using /dev/rtc1 at Thu Jan  1 00:01:20 1970
[   16.782747] PM: Syncing filesystems ... done.
[   16.809371] Freezing user space processes ... (elapsed 0.001 seconds) done.
[   16.817757] Freezing remaining freezable tasks ... (elapsed 0.001 seconds) done.
[   16.826650] Suspending console(s) (use no_console_suspend to debug)
[   16.834445] asix 1-1:1.0 eth0: Failed to read reg index 0x0000: -19
[   16.834453] asix 1-1:1.0 eth0: Error reading Medium Status register: ffffffed
[   16.834461] asix 1-1:1.0 eth0: Failed to write reg index 0x0000: -19
[   16.834468] asix 1-1:1.0 eth0: Failed to write Medium Mode mode to 0xfeed: ffffffed
[   16.882189] PM: suspend of devices complete after 47.887 msecs
[   16.885008] PM: late suspend of devices complete after 2.803 msecs
[   16.887564] PM: noirq suspend of devices complete after 2.542 msecs
[   16.887569] Disabling non-boot CPUs ...
[   16.888431] CPU1: shutdown
[   16.922551] CPU2: shutdown
[   16.956976] IRQ17 no longer affine to CPU3
[   16.957344] CPU3: shutdown
[   16.981135] Entering suspend state LP1
[   16.981135] Suspended for 7.905 seconds
[   16.981154] Enabling non-boot CPUs ...
[   16.996398] CPU1 is up
[   17.016607] CPU2 is up
[   17.036933] CPU3 is up
[   17.038203] PM: noirq resume of devices complete after 1.259 msecs
[   17.040800] PM: early resume of devices complete after 2.147 msecs
[   17.579975] PM: resume of devices complete after 539.160 msecs
[   17.679997] Restarting tasks ... done.
root@(none):/# 
root@(none):/# rtcwake -d rtc1 -m mem -s 3
rtcwake: assuming RTC uses UTC ...
rtcwake: wakeup from "mem" using /dev/rtc1 at Thu Jan  1 00:01:30 1970
[   18.879927] PM: Syncing filesystems ... done.
[   18.906820] Freezing user space processes ... (elapsed 0.001 seconds) done.
[   18.915204] Freezing remaining freezable tasks ... (elapsed 0.001 seconds) done.
[   18.924048] Suspending console(s) (use no_console_suspend to debug)
[   18.931946] asix 1-1:1.0 eth0: Failed to read reg index 0x0000: -19
[   18.931953] asix 1-1:1.0 eth0: Error reading Medium Status register: ffffffed
[   18.931962] asix 1-1:1.0 eth0: Failed to write reg index 0x0000: -19
[   18.931969] asix 1-1:1.0 eth0: Failed to write Medium Mode mode to 0xfeed: ffffffed
[   18.977051] PM: suspend of devices complete after 45.322 msecs
[   18.979876] PM: late suspend of devices complete after 2.808 msecs
[   18.982466] PM: noirq suspend of devices complete after 2.574 msecs
[   18.982471] Disabling non-boot CPUs ...
[   18.983338] CPU1: shutdown
[   19.017494] CPU2: shutdown
[   19.046930] IRQ17 no longer affine to CPU3
[   19.047300] CPU3: shutdown
[   19.071120] Entering suspend state LP1
[   19.071120] Suspended for 7.910 seconds
[   19.071138] Enabling non-boot CPUs ...
[   19.086375] CPU1 is up
[   19.106568] CPU2 is up
[   19.126907] CPU3 is up
[   19.128158] PM: noirq resume of devices complete after 1.241 msecs
[   19.130778] PM: early resume of devices complete after 2.171 msecs
[   19.661336] PM: resume of devices complete after 530.541 msecs
[   19.761345] Restarting tasks ... done.
root@(none):/# 
root@(none):/# rtcwake -d rtc1 -m mem -s 3
rtcwake: assuming RTC uses UTC ...
rtcwake: wakeup from "mem" using /dev/rtc1 at Thu Jan  1 00:01:40 1970
[   20.968605] PM: Syncing filesystems ... done.
[   20.995540] Freezing user space processes ... (elapsed 0.001 seconds) done.
[   21.003920] Freezing remaining freezable tasks ... (elapsed 0.001 seconds) done.
[   21.012787] Suspending console(s) (use no_console_suspend to debug)
[   21.020660] asix 1-1:1.0 eth0: Failed to read reg index 0x0000: -19
[   21.020667] asix 1-1:1.0 eth0: Error reading Medium Status register: ffffffed
[   21.020676] asix 1-1:1.0 eth0: Failed to write reg index 0x0000: -19
[   21.020683] asix 1-1:1.0 eth0: Failed to write Medium Mode mode to 0xfeed: ffffffed
[   21.067157] PM: suspend of devices complete after 46.671 msecs
[   21.070418] PM: late suspend of devices complete after 3.244 msecs
[   21.072862] PM: noirq suspend of devices complete after 2.435 msecs
[   21.072866] Disabling non-boot CPUs ...
[   21.073695] CPU1: shutdown
[   21.107416] CPU2: shutdown
[   21.136869] IRQ17 no longer affine to CPU3
[   21.137235] CPU3: shutdown
[   21.161054] Entering suspend state LP1
[   21.161054] Suspended for 7.910 seconds
[   21.161074] Enabling non-boot CPUs ...
[   21.176323] CPU1 is up
[   21.196508] CPU2 is up
[   21.216832] CPU3 is up
[   21.218072] PM: noirq resume of devices complete after 1.229 msecs
[   21.220698] PM: early resume of devices complete after 2.165 msecs
[   21.753101] PM: resume of devices complete after 532.386 msecs
[   21.853079] Restarting tasks ... done.
root@(none):/# 
root@(none):/# rtcwake -d rtc1 -m mem -s 3
rtcwake: assuming RTC uses UTC ...
rtcwake: wakeup from "mem" using /dev/rtc1 at Thu Jan  1 00:01:50 1970
[   23.059083] PM: Syncing filesystems ... done.
[   23.086013] Freezing user space processes ... (elapsed 0.001 seconds) done.
[   23.094396] Freezing remaining freezable tasks ... (elapsed 0.001 seconds) done.
[   23.103266] Suspending console(s) (use no_console_suspend to debug)
[   23.111125] asix 1-1:1.0 eth0: Failed to read reg index 0x0000: -19
[   23.111132] asix 1-1:1.0 eth0: Error reading Medium Status register: ffffffed
[   23.111141] asix 1-1:1.0 eth0: Failed to write reg index 0x0000: -19
[   23.111149] asix 1-1:1.0 eth0: Failed to write Medium Mode mode to 0xfeed: ffffffed
[   23.157017] PM: suspend of devices complete after 46.065 msecs
[   23.160270] PM: late suspend of devices complete after 3.238 msecs
[   23.162738] PM: noirq suspend of devices complete after 2.457 msecs
[   23.162742] Disabling non-boot CPUs ...
[   23.163570] CPU1: shutdown
[   23.197010] IRQ17 no longer affine to CPU2
[   23.197367] CPU2: shutdown
[   23.227157] CPU3: shutdown
[   23.251006] Entering suspend state LP1
[   23.251006] Suspended for 7.910 seconds
[   23.251025] Enabling non-boot CPUs ...
[   23.266266] CPU1 is up
[   23.286454] CPU2 is up
[   23.306758] CPU3 is up
[   23.308007] PM: noirq resume of devices complete after 1.239 msecs
[   23.310974] PM: early resume of devices complete after 2.512 msecs
[   23.851206] PM: resume of devices complete after 540.216 msecs
[   23.951288] Restarting tasks ... done.
root@(none):/# 
root@(none):/# NVTB SYSTEM SUSPEND TEST COMPLETE
