
U-Boot SPL 2014.01-00219-gc4d376f (Feb 18 2014 - 19:57:18)


U-Boot 2014.01-00219-gc4d376f (Feb 18 2014 - 19:57:18)

TEGRA30
Board: NVIDIA Beaver
I2C:   ready
DRAM:  2 GiB
MMC:   Tegra SD/MMC: 0, Tegra SD/MMC: 1
In:    serial
Out:   serial
Err:   serial
Net:   Net Initialization Skipped
No ethernet found.
Hit any key to stop autoboot:  2  0 
Tegra30 (Beaver) # 
Tegra30 (Beaver) # usb reset
(Re)start USB...
USB0:   USB EHCI 1.00
scanning bus 0 for devices... 2 USB Device(s) found
       scanning usb for storage devices... 0 Storage Device(s) found
       scanning usb for ethernet devices... 
Warning: asx0 using MAC address from net device
1 Ethernet Device(s) found
Tegra30 (Beaver) # setenv bootargs 'ignore_loglevel console=ttyS0,115200n8 rw root=/dev/mmcblk0p1 rootwait gpt debug init=/bin/bash noinitrd'
Tegra30 (Beaver) # setenv ipaddr 192.168.100.101; setenv serverip 192.168.100.1; setenv tftpserverip 192.168.100.1
Tegra30 (Beaver) # tftpboot 0x81000000 zImage.multi_v7_defconfig
Using asx0 device
TFTP from server 192.168.100.1; our IP address is 192.168.100.101
Filename 'zImage.multi_v7_defconfig'.
Load address: 0x81000000
Loading: *#################################################################
	 #################################################################
	 #################################################################
	 #################################################################
	 #################################################################
	 ###########
	 3.6 MiB/s
done
Bytes transferred = 4917880 (4b0a78 hex)
Tegra30 (Beaver) # tftpboot 0x82000000 tegra30-beaver.dtb
Using asx0 device
TFTP from server 192.168.100.1; our IP address is 192.168.100.101
Filename 'tegra30-beaver.dtb'.
Load address: 0x82000000
Loading: *##
	 2.6 MiB/s
done
Bytes transferred = 24197 (5e85 hex)
Tegra30 (Beaver) # bootz 0x81000000 - 0x82000000
Kernel image @ 0x81000000 [ 0x000000 - 0x4b0a78 ]
## Flattened Device Tree blob at 82000000
   Booting using the fdt blob at 0x82000000
   Loading Device Tree to 8fff7000, end 8ffffe84 ... OK

Starting kernel ...

[    0.000000] Booting Linux on physical CPU 0x0
[    0.000000] Linux version 3.16.0-rc1-78023-g7171511 (pwalmsley@kaivo) (gcc version 4.7.3 20130328 (prerelease) (crosstool-NG linaro-1.13.1-4.7-2013.04-20130415 - Linaro GCC 2013.04) ) #1 SMP Sun Jun 15 21:04:45 PDT 2014
[    0.000000] CPU: ARMv7 Processor [412fc099] revision 9 (ARMv7), cr=10c5387d
[    0.000000] CPU: PIPT / VIPT nonaliasing data cache, VIPT aliasing instruction cache
[    0.000000] Machine model: NVIDIA Tegra30 Beaver evaluation board
[    0.000000] debug: ignoring loglevel setting.
[    0.000000] cma: CMA: reserved 64 MiB at ab800000
[    0.000000] Memory policy: Data cache writealloc
[    0.000000] On node 0 totalpages: 524032
[    0.000000] free_area_init_node: node 0, pgdat c0c38ac0, node_mem_map ea7d8000
[    0.000000]   DMA zone: 1520 pages used for memmap
[    0.000000]   DMA zone: 0 pages reserved
[    0.000000]   DMA zone: 194560 pages, LIFO batch:31
[    0.000000]   HighMem zone: 2574 pages used for memmap
[    0.000000]   HighMem zone: 329472 pages, LIFO batch:31
[    0.000000] fuse_speedo_calib: ATE prog ver 3.3
[    0.000000] Tegra30: CPU Speedo ID 5, Soc Speedo ID 2
[    0.000000] Tegra Revision: A03 SKU: 128 CPU Process: 4 Core Process: 0
[    0.000000] PERCPU: Embedded 8 pages/cpu @ea79d000 s8448 r8192 d16128 u32768
[    0.000000] pcpu-alloc: s8448 r8192 d16128 u32768 alloc=8*4096
[    0.000000] pcpu-alloc: [0] 0 [0] 1 [0] 2 [0] 3 
[    0.000000] Built 1 zonelists in Zone order, mobility grouping on.  Total pages: 522512
[    0.000000] Kernel command line: ignore_loglevel console=ttyS0,115200n8 rw root=/dev/mmcblk0p1 rootwait gpt debug init=/bin/bash noinitrd
[    0.000000] PID hash table entries: 4096 (order: 2, 16384 bytes)
[    0.000000] Dentry cache hash table entries: 131072 (order: 7, 524288 bytes)
[    0.000000] Inode-cache hash table entries: 65536 (order: 6, 262144 bytes)
[    0.000000] Memory: 2002248K/2096128K available (6333K kernel code, 889K rwdata, 2556K rodata, 652K init, 304K bss, 93880K reserved, 1317888K highmem)
[    0.000000] Virtual kernel memory layout:
[    0.000000]     vector  : 0xffff0000 - 0xffff1000   (   4 kB)
[    0.000000]     fixmap  : 0xffc00000 - 0xffe00000   (2048 kB)
[    0.000000]     vmalloc : 0xf0000000 - 0xff000000   ( 240 MB)
[    0.000000]     lowmem  : 0xc0000000 - 0xef800000   ( 760 MB)
[    0.000000]     pkmap   : 0xbfe00000 - 0xc0000000   (   2 MB)
[    0.000000]     modules : 0xbf000000 - 0xbfe00000   (  14 MB)
[    0.000000]       .text : 0xc0208000 - 0xc0ab6808   (8891 kB)
[    0.000000]       .init : 0xc0ab7000 - 0xc0b5a100   ( 653 kB)
[    0.000000]       .data : 0xc0b5c000 - 0xc0c3a7c0   ( 890 kB)
[    0.000000]        .bss : 0xc0c3a7c8 - 0xc0c86858   ( 305 kB)
[    0.000000] SLUB: HWalign=64, Order=0-3, MinObjects=0, CPUs=4, Nodes=1
[    0.000000] Hierarchical RCU implementation.
[    0.000000] 	RCU restricting CPUs from NR_CPUS=8 to nr_cpu_ids=4.
[    0.000000] RCU: Adjusting geometry for rcu_fanout_leaf=16, nr_cpu_ids=4
[    0.000000] NR_IRQS:16 nr_irqs:16 16
[    0.000000] L2C: platform modifies aux control register: 0x02080000 -> 0x3e480001
[    0.000000] L2C: DT/platform modifies aux control register: 0x02080000 -> 0x3e480001
[    0.000000] L2C-310 erratum 769419 enabled
[    0.000000] L2C-310 enabling early BRESP for Cortex-A9
[    0.000000] L2C-310: enabling full line of zeros but not enabled in Cortex-A9
[    0.000000] L2C-310 ID prefetch enabled, offset 1 lines
[    0.000000] L2C-310 dynamic clock gating enabled, standby mode enabled
[    0.000000] L2C-310 cache controller enabled, 8 ways, 1024 kB
[    0.000000] L2C-310: CACHE_ID 0x410000c7, AUX_CTRL 0x7e480001
[    0.000012] sched_clock: 32 bits at 1000kHz, resolution 1000ns, wraps every 2147483648000ns
[    0.000911] Console: colour dummy device 80x30
[    0.000932] Calibrating delay loop... 2795.11 BogoMIPS (lpj=6987776)
[    0.044949] pid_max: default: 32768 minimum: 301
[    0.045047] Mount-cache hash table entries: 2048 (order: 1, 8192 bytes)
[    0.045054] Mountpoint-cache hash table entries: 2048 (order: 1, 8192 bytes)
[    0.045410] CPU: Testing write buffer coherency: ok
[    0.045611] CPU0: thread -1, cpu 0, socket 0, mpidr 80000000
[    0.045674] Setting up static identity map for 0x807fb970 - 0x807fba08
[    0.047393] CPU1: Booted secondary processor
[    0.089968] CPU1: thread -1, cpu 1, socket 0, mpidr 80000001
[    0.090792] CPU2: Booted secondary processor
[    0.109968] CPU2: thread -1, cpu 2, socket 0, mpidr 80000002
[    0.110806] CPU3: Booted secondary processor
[    0.129968] CPU3: thread -1, cpu 3, socket 0, mpidr 80000003
[    0.130009] Brought up 4 CPUs
[    0.130022] SMP: Total of 4 processors activated.
[    0.130027] CPU: All CPU(s) started in SVC mode.
[    0.130455] devtmpfs: initialized
[    0.132932] VFP support v0.3: implementor 41 architecture 3 part 30 variant 9 rev 4
[    0.133185] pinctrl core: initialized pinctrl subsystem
[    0.133468] regulator-dummy: no parameters
[    0.139779] NET: Registered protocol family 16
[    0.142630] DMA: preallocated 256 KiB pool for atomic coherent allocations
[    0.143498] cpuidle: using governor ladder
[    0.143508] cpuidle: using governor menu
[    0.150284] No ATAGs?
[    0.150314] hw-breakpoint: found 5 (+1 reserved) breakpoint and 1 watchpoint registers.
[    0.150320] hw-breakpoint: maximum watchpoint size is 4 bytes.
[    0.150419] EXYNOS: PMU not supported
[    0.151639] Serial: AMBA PL011 UART driver
[    0.171856] edma-dma-engine edma-dma-engine.0: Can't allocate PaRAM dummy slot
[    0.171873] edma-dma-engine: probe of edma-dma-engine.0 failed with error -5
[    0.172193] vdd_5v_in: 5000 mV 
[    0.172285] platform regulators:regulator@1: Driver reg-fixed-voltage requests probe deferral
[    0.172319] platform regulators:regulator@2: Driver reg-fixed-voltage requests probe deferral
[    0.172417] vdd_5v_sata: Failed to request enable GPIO30: -517
[    0.172468] reg-fixed-voltage regulators:regulator@3: Failed to register regulator: -517
[    0.172479] platform regulators:regulator@3: Driver reg-fixed-voltage requests probe deferral
[    0.172564] usb1_vbus: Failed to request enable GPIO238: -517
[    0.172605] reg-fixed-voltage regulators:regulator@4: Failed to register regulator: -517
[    0.172616] platform regulators:regulator@4: Driver reg-fixed-voltage requests probe deferral
[    0.172698] usb3_vbus: Failed to request enable GPIO236: -517
[    0.172738] reg-fixed-voltage regulators:regulator@5: Failed to register regulator: -517
[    0.172749] platform regulators:regulator@5: Driver reg-fixed-voltage requests probe deferral
[    0.172784] platform regulators:regulator@6: Driver reg-fixed-voltage requests probe deferral
[    0.172867] sys_3v3_pexs: Failed to request enable GPIO95: -517
[    0.172908] reg-fixed-voltage regulators:regulator@7: Failed to register regulator: -517
[    0.172918] platform regulators:regulator@7: Driver reg-fixed-voltage requests probe deferral
[    0.172998] +VDD_5V_HDMI: 5000 mV 
[    0.173023] reg-fixed-voltage regulators:regulator@8: Failed to find supply vin
[    0.173068] reg-fixed-voltage regulators:regulator@8: Failed to register regulator: -517
[    0.173079] platform regulators:regulator@8: Driver reg-fixed-voltage requests probe deferral
[    0.174366] vgaarb: loaded
[    0.174741] SCSI subsystem initialized
[    0.174901] libata version 3.00 loaded.
[    0.175123] usbcore: registered new interface driver usbfs
[    0.175161] usbcore: registered new interface driver hub
[    0.175222] usbcore: registered new device driver usb
[    0.184970] vdd_1v8_gen: 1800 mV 
[    0.185014] vdd_1v8_gen: supplied by vdd_5v_in
[    0.189965] vddio_ddr_1v2: 1200 mV 
[    0.189996] vddio_ddr_1v2: supplied by vdd_5v_in
[    0.194965] vdd_1v5_gen: 1500 mV 
[    0.194996] vdd_1v5_gen: supplied by vdd_5v_in
[    0.199964] vdd_cpu,vdd_sys: 1000 mV 
[    0.202294] vdd_pexa,vdd_pexb: 1050 mV 
[    0.202332] vdd_pexa,vdd_pexb: supplied by vdd_1v5_gen
[    0.205013] vdd_sata,avdd_plle: 1050 mV 
[    0.205044] vdd_sata,avdd_plle: supplied by vdd_1v5_gen
[    0.209965] vdd_rtc: 1200 mV 
[    0.209997] vdd_rtc: supplied by vdd_5v_in
[    0.214965] vddio_sdmmc,avdd_vdac: 3300 mV 
[    0.214996] vddio_sdmmc,avdd_vdac: supplied by vdd_5v_in
[    0.217679] avdd_dsi_csi,pwrdet_mipi: 1200 mV 
[    0.217708] avdd_dsi_csi,pwrdet_mipi: supplied by vdd_1v8_gen
[    0.224964] vdd_pllm,x,u,a_p_c_s: 1200 mV 
[    0.225003] vdd_pllm,x,u,a_p_c_s: supplied by vdd_1v8_gen
[    0.229965] vdd_ddr_hs: 1000 mV 
[    0.229995] vdd_ddr_hs: supplied by vdd_1v8_gen
[    0.231780] tps62361-vout: 500 <--> 1500 mV at 1160 mV 
[    0.231914] Linux video capture interface: v2.00
[    0.231952] pps_core: LinuxPPS API ver. 1 registered
[    0.231957] pps_core: Software ver. 5.3.6 - Copyright 2005-2007 Rodolfo Giometti <giometti@linux.it>
[    0.231972] PTP clock support registered
[    0.232017] EDAC MC: Ver: 3.0.0
[    0.232462] platform 7000f010.iommu: Driver tegra-smmu requests probe deferral
[    0.232586] Advanced Linux Sound Architecture Driver Initialized.
[    0.233304] Switched to clocksource timer_us
[    0.238975] NET: Registered protocol family 2
[    0.239374] TCP established hash table entries: 8192 (order: 3, 32768 bytes)
[    0.239420] TCP bind hash table entries: 8192 (order: 4, 65536 bytes)
[    0.239503] TCP: Hash tables configured (established 8192 bind 8192)
[    0.239574] TCP: reno registered
[    0.239585] UDP hash table entries: 512 (order: 2, 16384 bytes)
[    0.239639] UDP-Lite hash table entries: 512 (order: 2, 16384 bytes)
[    0.239808] NET: Registered protocol family 1
[    0.240049] RPC: Registered named UNIX socket transport module.
[    0.240056] RPC: Registered udp transport module.
[    0.240060] RPC: Registered tcp transport module.
[    0.240063] RPC: Registered tcp NFSv4.1 backchannel transport module.
[    0.240077] PCI: CLS 0 bytes, default 64
[    0.240704] hw perfevents: enabled with ARMv7 Cortex-A9 PMU driver, 7 counters available
[    0.241585] futex hash table entries: 1024 (order: 4, 65536 bytes)
[    0.247926] squashfs: version 4.0 (2009/01/31) Phillip Lougher
[    0.248371] NFS: Registering the id_resolver key type
[    0.248410] Key type id_resolver registered
[    0.248415] Key type id_legacy registered
[    0.248453] msgmni has been set to 1464
[    0.248755] bounce: pool size: 64 pages
[    0.248896] Block layer SCSI generic (bsg) driver version 0.4 loaded (major 249)
[    0.248909] io scheduler noop registered
[    0.248917] io scheduler deadline registered
[    0.249028] io scheduler cfq registered (default)
[    0.252867] platform 3000.pcie-controller: Driver tegra-pcie requests probe deferral
[    0.255341] tegra-apbdma 6000a000.dma: Tegra20 APB DMA driver register 32 channels
[    0.289181] Serial: 8250/16550 driver, 4 ports, IRQ sharing disabled
[    0.290381] Serial: IMX driver
[    0.290588] msm_serial: driver initialized
[    0.291140] console [ttyS0] disabled
[    0.291169] 70006000.serial: ttyS0 at MMIO 0x70006000 (irq = 68, base_baud = 25500000) is a Tegra
[    1.269227] console [ttyS0] enabled
[    1.273132] STMicroelectronics ASC driver initialized
[    1.278663] serial: Freescale lpuart driver
[    1.282967] [drm] Initialized drm 1.1.0 20060810
[    1.288096] tegra-hdmi 54280000.hdmi: failed to get HDMI regulator
[    1.294282] platform 54280000.hdmi: Driver tegra-hdmi requests probe deferral
[    1.304917] loop: module loaded
[    1.311435] CAN device driver interface
[    1.316377] pegasus: v0.9.3 (2013/04/25), Pegasus/Pegasus II USB Ethernet driver
[    1.323808] usbcore: registered new interface driver pegasus
[    1.329510] usbcore: registered new interface driver asix
[    1.334930] usbcore: registered new interface driver ax88179_178a
[    1.341053] usbcore: registered new interface driver cdc_ether
[    1.346915] usbcore: registered new interface driver smsc75xx
[    1.352689] usbcore: registered new interface driver smsc95xx
[    1.358454] usbcore: registered new interface driver net1080
[    1.364131] usbcore: registered new interface driver cdc_subset
[    1.370078] usbcore: registered new interface driver zaurus
[    1.375702] usbcore: registered new interface driver cdc_ncm
[    1.381379] ehci_hcd: USB 2.0 'Enhanced' Host Controller (EHCI) Driver
[    1.387898] ehci-pci: EHCI PCI platform driver
[    1.392364] ehci-platform: EHCI generic platform driver
[    1.397687] ehci-omap: OMAP-EHCI Host Controller driver
[    1.402971] ehci-orion: EHCI orion driver
[    1.407040] SPEAr-ehci: EHCI SPEAr driver
[    1.411111] tegra-ehci: Tegra EHCI driver
[    1.415255] platform 7d004000.usb: Driver tegra-ehci requests probe deferral
[    1.422339] platform 7d008000.usb: Driver tegra-ehci requests probe deferral
[    1.429415] ohci_hcd: USB 1.1 'Open' Host Controller (OHCI) Driver
[    1.435600] ohci-pci: OHCI PCI platform driver
[    1.440068] ohci-platform: OHCI generic platform driver
[    1.445359] ohci-omap3: OHCI OMAP3 driver
[    1.449429] SPEAr-ohci: OHCI SPEAr driver
[    1.453856] usbcore: registered new interface driver usb-storage
[    1.460180] platform 7d004000.usb-phy: Driver tegra-phy requests probe deferral
[    1.467534] platform 7d008000.usb-phy: Driver tegra-phy requests probe deferral
[    1.475609] mousedev: PS/2 mouse device common for all mice
[    1.482447] tegra_rtc 7000e000.rtc: rtc core: registered 7000e000.rtc as rtc1
[    1.489597] tegra_rtc 7000e000.rtc: Tegra internal Real Time Clock
[    1.508463] tps65910-rtc tps65910-rtc: rtc core: registered tps65910-rtc as rtc0
[    1.515967] i2c /dev entries driver
[    1.520465] usbcore: registered new interface driver uvcvideo
[    1.526214] USB Video Class driver (1.1.1)
[    1.530308] gspca_main: v2.14.0 registered
[    1.536505] sdhci: Secure Digital Host Controller Interface driver
[    1.542682] sdhci: Copyright(c) Pierre Ossman
[    1.547438] Synopsys Designware Multimedia Card Interface Driver
[    1.553915] usbcore: registered new interface driver usbhid
[    1.559483] usbhid: USB HID core driver
[    1.979117] tegra30-i2s 70080400.i2s: DMA channels sourced from device 70080000.ahub
[    1.994696] tegra-snd-rt5640 sound: rt5640-aif1 <-> 70080400.i2s mapping ok
[    2.003831] input: NVIDIA Tegra Beaver Headphones as /devices/soc0/sound/sound/card0/input0
[    2.013042] TCP: cubic registered
[    2.016376] NET: Registered protocol family 17
[    2.020831] can: controller area network core (rev 20120528 abi 9)
[    2.027048] NET: Registered protocol family 29
[    2.031493] can: raw protocol (rev 20120528)
[    2.035760] can: broadcast manager protocol (rev 20120528 t)
[    2.041416] can: netlink gateway (rev 20130117) max_hops=1
[    2.047176] Key type dns_resolver registered
[    2.051825] ThumbEE CPU extension supported.
[    2.056109] Registering SWP/SWPB emulation handler
[    2.063087] chargepump_5v: 5000 mV 
[    2.068488] vdd_ddr: 1500 mV 
[    2.071489] vdd_ddr: supplied by vdd_5v_in
[    2.075778] vdd_5v_sata: 5000 mV 
[    2.079119] vdd_5v_sata: supplied by vdd_5v_in
[    2.083735] usb1_vbus: 5000 mV 
[    2.086887] usb1_vbus: supplied by vdd_5v_in
[    2.091377] usb3_vbus: 5000 mV 
[    2.094540] usb3_vbus: supplied by vdd_5v_in
[    2.100360] sys_3v3,vdd_3v3_alw: 3300 mV 
[    2.104390] sys_3v3,vdd_3v3_alw: supplied by vdd_5v_in
[    2.109692] sys_3v3_pexs: 3300 mV 
[    2.113110] sys_3v3_pexs: supplied by sys_3v3,vdd_3v3_alw
[    2.118699] +VDD_5V_HDMI: 5000 mV 
[    2.122105] +VDD_5V_HDMI: supplied by sys_3v3,vdd_3v3_alw
[    2.128012] tegra-pcie 3000.pcie-controller: 2x3 configuration
[    2.137509] tegra-pcie 3000.pcie-controller: probing port 0, using 2 lanes
[    2.202663] tegra-pcie 3000.pcie-controller: probing port 2, using 2 lanes
[    2.613327] tegra-pcie 3000.pcie-controller: link 2 down, retrying
[    3.023301] tegra-pcie 3000.pcie-controller: link 2 down, retrying
[    3.433283] tegra-pcie 3000.pcie-controller: link 2 down, retrying
[    3.441474] tegra-pcie 3000.pcie-controller: link 2 down, ignoring
[    3.447773] tegra-pcie 3000.pcie-controller: PCI host bridge to bus 0000:00
[    3.454735] pci_bus 0000:00: root bus resource [mem 0x20000000-0x27ffffff]
[    3.461601] pci_bus 0000:00: root bus resource [mem 0x28000000-0x3fffffff pref]
[    3.468900] pci_bus 0000:00: root bus resource [bus 00-ff]
[    3.474377] pci_bus 0000:00: root bus resource [io  0x1000-0xffff]
[    3.480568] pci 0000:00:01.0: [10de:0e1c] type 01 class 0x060400
[    3.486617] pci 0000:00:01.0: PME# supported from D0 D1 D2 D3hot D3cold
[    3.493360] PCI: bus0: Fast back to back transfers disabled
[    3.498937] pci 0000:00:01.0: bridge configuration invalid ([bus 00-00]), reconfiguring
[    3.507034] pci 0000:01:00.0: [10ec:8168] type 00 class 0x020000
[    3.513051] pci 0000:01:00.0: reg 0x10: [io  0x0000-0x00ff]
[    3.518631] pci 0000:01:00.0: reg 0x18: [mem 0x00000000-0x00000fff 64bit pref]
[    3.525854] pci 0000:01:00.0: reg 0x20: [mem 0x00000000-0x00003fff 64bit pref]
[    3.533122] pci 0000:01:00.0: supports D1 D2
[    3.537389] pci 0000:01:00.0: PME# supported from D0 D1 D2 D3hot D3cold
[    3.544134] PCI: bus1: Fast back to back transfers disabled
[    3.549709] pci_bus 0000:01: busn_res: [bus 01-ff] end is updated to 01
[    3.556375] pci 0000:00:01.0: BAR 9: assigned [mem 0x28000000-0x280fffff 64bit pref]
[    3.564118] pci 0000:00:01.0: BAR 7: assigned [io  0x1000-0x1fff]
[    3.570212] pci 0000:01:00.0: BAR 4: assigned [mem 0x28000000-0x28003fff 64bit pref]
[    3.577961] pci 0000:01:00.0: BAR 2: assigned [mem 0x28004000-0x28004fff 64bit pref]
[    3.585709] pci 0000:01:00.0: BAR 0: assigned [io  0x1000-0x10ff]
[    3.591803] pci 0000:00:01.0: PCI bridge to [bus 01]
[    3.596767] pci 0000:00:01.0:   bridge window [io  0x1000-0x1fff]
[    3.602860] pci 0000:00:01.0:   bridge window [mem 0x28000000-0x280fffff 64bit pref]
[    3.610609] pci 0000:00:01.0: nv_msi_ht_cap_quirk didn't locate host bridge
[    3.617716] r8169 Gigabit Ethernet driver 2.3LK-NAPI loaded
[    3.623313] r8169 0000:01:00.0: enabling device (0140 -> 0143)
[    3.629714] r8169 0000:01:00.0 eth0: RTL8168evl/8111evl at 0xf001e000, 02:04:4b:01:60:a6, XID 0c900800 IRQ 472
[    3.639710] r8169 0000:01:00.0 eth0: jumbo features [frames: 9200 bytes, tx checksumming: ko]
[    3.650214] [drm] Supports vblank timestamp caching Rev 2 (21.10.2013).
[    3.656844] [drm] No driver support for vblank timestamp query.
[    3.662794] host1x drm: No connectors reported connected with modes
[    3.669058] [drm] Cannot find any crtc or sizes - going 1024x768
[    3.692938] Console: switching to colour frame buffer device 128x48
[    3.705232] host1x drm: fb0:  frame buffer device
[    3.709928] host1x drm: registered panic notifier
[    3.728708] [drm] Initialized tegra 0.0.0 20120330 on minor 0
[    3.734982] platform 7d004000.usb: Driver tegra-ehci requests probe deferral
[    3.742444] platform 7d008000.usb: Driver tegra-ehci requests probe deferral
[    3.753952] tegra-ehci 7d004000.usb: EHCI Host Controller
[    3.759358] tegra-ehci 7d004000.usb: new USB bus registered, assigned bus number 1
[    3.767161] tegra-ehci 7d004000.usb: irq 53, io mem 0x7d004000
[    3.778315] tegra-ehci 7d004000.usb: USB 2.0 started, EHCI 1.00
[    3.784676] hub 1-0:1.0: USB hub found
[    3.788454] hub 1-0:1.0: 1 port detected
[    3.792840] tegra-ehci 7d008000.usb: EHCI Host Controller
[    3.798254] tegra-ehci 7d008000.usb: new USB bus registered, assigned bus number 2
[    3.806011] tegra-ehci 7d008000.usb: irq 129, io mem 0x7d008000
[    3.818696] tegra-ehci 7d008000.usb: USB 2.0 started, EHCI 1.00
[    3.825007] hub 2-0:1.0: USB hub found
[    3.828778] hub 2-0:1.0: 1 port detected
[    3.836757] tps65910-rtc tps65910-rtc: setting system clock to 2000-01-01 00:00:02 UTC (946684802)
[    3.849538] usb1_vbus: disabling
[    3.852941] ALSA device list:
[    3.855940]   #0: NVIDIA Tegra Beaver
[    3.860145] Waiting for root device /dev/mmcblk0p1...
[    4.138722] usb 2-1: new high-speed USB device number 2 using tegra-ehci
[    4.607506] asix 2-1:1.0 eth1: register 'asix' at usb-7d008000.usb-1, ASIX AX88772 USB 2.0 Ethernet, 00:50:b6:0f:68:6d
