Diff for ./qemu-vexpress64/__internal/defconfig_log.txt
--- /tmp/fooa	2015-04-13 10:00:14.451777215 -0700
+++ /tmp/foob	2015-04-13 10:00:14.451777215 -0700
@@ -1,6 +1,6 @@
 Booting Linux on physical CPU 0x0
 Initializing cgroup subsys cpu
-Linux version 4.0.0-rc7+ (pwalmsley@tamien) (gcc version 4.9.2 20140904 (prerelease) (crosstool-NG linaro-1.13.1-4.9-2014.09 - Linaro GCC 4.9-2014.09) ) #1 SMP PREEMPT Mon Apr 13 09:41:19 PDT 2015
+Linux version 4.0.0+ (pwalmsley@tamien) (gcc version 4.9.2 20140904 (prerelease) (crosstool-NG linaro-1.13.1-4.9-2014.09 - Linaro GCC 4.9-2014.09) ) #1 SMP PREEMPT Mon Apr 13 09:57:46 PDT 2015
 CPU: AArch64 Processor [411fd070] revision 0
 Detected PIPT I-cache on CPU0
 Memory limited to 1024MB
Diff for ./tegra114-dalmore-a04/tegra114-dalmore/multi_v7_defconfig_log.txt
--- /tmp/fooa	2015-04-13 10:00:14.459777215 -0700
+++ /tmp/foob	2015-04-13 10:00:14.459777215 -0700
@@ -38,9 +38,9 @@
 	 #################################################################
 	 #################################################################
 	 #########################
-	 3.4 MiB/s
+	 3.3 MiB/s
 done
-Bytes transferred = 6082432 (5ccf80 hex)
+Bytes transferred = 6082800 (5cd0f0 hex)
 Tegra114 (Dalmore) # tftpboot 0x82000000 tegra114-dalmore.dtb
 Using asx0 device
 TFTP from server 192.168.100.1; our IP address is 192.168.100.100
@@ -51,7 +51,7 @@
 done
 Bytes transferred = 34638 (874e hex)
 Tegra114 (Dalmore) # bootz 0x81000000 - 0x82000000
-Kernel image @ 0x81000000 [ 0x000000 - 0x5ccf80 ]
+Kernel image @ 0x81000000 [ 0x000000 - 0x5cd0f0 ]
 ## Flattened Device Tree blob at 82000000
    Booting using the fdt blob at 0x82000000
    Loading Device Tree to 8fff4000, end 8ffff74d ... OK
@@ -59,7 +59,7 @@
 Starting kernel ...
 
 Booting Linux on physical CPU 0x0
-Linux version 4.0.0-rc7-00693-gf22e6e8 (pwalmsley@sellafield) (gcc version 4.7.3 20130328 (prerelease) (crosstool-NG linaro-1.13.1-4.7-2013.04-20130415 - Linaro GCC 2013.04) ) #1 SMP Mon Apr 13 09:40:28 PDT 2015
+Linux version 4.0.0-00776-g39a8804 (pwalmsley@sellafield) (gcc version 4.7.3 20130328 (prerelease) (crosstool-NG linaro-1.13.1-4.7-2013.04-20130415 - Linaro GCC 2013.04) ) #1 SMP Mon Apr 13 09:56:56 PDT 2015
 CPU: ARMv7 Processor [412fc0f2] revision 2 (ARMv7), cr=10c5387d
 CPU: PIPT / VIPT nonaliasing data cache, PIPT instruction cache
 Machine model: NVIDIA Tegra114 Dalmore evaluation board
@@ -67,7 +67,7 @@
 cma: Reserved 64 MiB at 0xfb800000
 Memory policy: Data cache writealloc
 On node 0 totalpages: 524032
-free_area_init_node: node 0, pgdat c0ec7e80, node_mem_map ee7f8000
+free_area_init_node: node 0, pgdat c0ec7880, node_mem_map ee7f8000
   DMA zone: 1520 pages used for memmap
   DMA zone: 0 pages reserved
   DMA zone: 194560 pages, LIFO batch:31
@@ -80,7 +80,7 @@
 PID hash table entries: 4096 (order: 2, 16384 bytes)
 Dentry cache hash table entries: 131072 (order: 7, 524288 bytes)
 Inode-cache hash table entries: 65536 (order: 6, 262144 bytes)
-Memory: 1999648K/2096128K available (7830K kernel code, 1015K rwdata, 3412K rodata, 800K init, 316K bss, 30944K reserved, 65536K cma-reserved, 1252352K highmem)
+Memory: 1999648K/2096128K available (7834K kernel code, 1013K rwdata, 3412K rodata, 796K init, 316K bss, 30944K reserved, 65536K cma-reserved, 1252352K highmem)
 Virtual kernel memory layout:
     vector  : 0xffff0000 - 0xffff1000   (   4 kB)
     fixmap  : 0xffc00000 - 0xfff00000   (3072 kB)
@@ -88,10 +88,10 @@
     lowmem  : 0xc0000000 - 0xef800000   ( 760 MB)
     pkmap   : 0xbfe00000 - 0xc0000000   (   2 MB)
     modules : 0xbf000000 - 0xbfe00000   (  14 MB)
-      .text : 0xc0208000 - 0xc0d03b1c   (11247 kB)
-      .init : 0xc0d04000 - 0xc0dcc000   ( 800 kB)
-      .data : 0xc0dcc000 - 0xc0ec9da0   (1016 kB)
-       .bss : 0xc0ec9da0 - 0xc0f18ea8   ( 317 kB)
+      .text : 0xc0208000 - 0xc0d04b40   (11251 kB)
+      .init : 0xc0d05000 - 0xc0dcc000   ( 796 kB)
+      .data : 0xc0dcc000 - 0xc0ec97a0   (1014 kB)
+       .bss : 0xc0ec97a0 - 0xc0f188a8   ( 317 kB)
 SLUB: HWalign=64, Order=0-3, MinObjects=0, CPUs=4, Nodes=1
 Hierarchical RCU implementation.
 	Additional per-CPU info printed with stalls.
@@ -115,7 +115,7 @@
 /cpus/cpu@2 missing clock-frequency property
 /cpus/cpu@3 missing clock-frequency property
 CPU0: thread -1, cpu 0, socket 0, mpidr 80000000
-Setting up static identity map for 0x80967c88 - 0x80967d20
+Setting up static identity map for 0x809682c8 - 0x80968360
 Tegra Revision: A01 SKU: 0 CPU Process: 1 Core Process: 0
 CPU1: thread -1, cpu 1, socket 0, mpidr 80000001
 CPU2: thread -1, cpu 2, socket 0, mpidr 80000002
@@ -334,7 +334,7 @@
 hub 1-0:1.0: USB hub found
 hub 1-0:1.0: 1 port detected
 input: gpio-keys as /devices/soc0/gpio-keys/input/input1
-palmas-rtc 7000d000.i2c:tps65913@58:rtc: setting system clock to 2000-09-18 12:04:07 UTC (969278647)
+palmas-rtc 7000d000.i2c:tps65913@58:rtc: setting system clock to 2000-09-18 12:20:35 UTC (969279635)
 vdd_cam_1v8_reg: disabling
 usb1_vbus: disabling
 dvdd_ts: disabling
@@ -345,7 +345,7 @@
 EXT4-fs (mmcblk0p1): mounted filesystem with ordered data mode. Opts: (null)
 VFS: Mounted root (ext3 filesystem) on device 179:1.
 devtmpfs: mounted
-Freeing unused kernel memory: 800K (c0d04000 - c0dcc000)
+Freeing unused kernel memory: 796K (c0d05000 - c0dcc000)
 bash: cannot set terminal process group (-1): Inappropriate ioctl for device
 bash: no job control in this shell
-root@(none):/# [    2.793841] usb 1-1: new high-speed USB device number 2 using tegra-ehci
+root@(none):/# [    2.788809] usb 1-1: new high-speed USB device number 2 using tegra-ehci
Diff for ./tegra114-dalmore-a04/tegra114-dalmore/tegra_defconfig_log.txt
--- /tmp/fooa	2015-04-13 10:00:14.467777215 -0700
+++ /tmp/foob	2015-04-13 10:00:14.467777215 -0700
@@ -39,18 +39,18 @@
 	 ####
 	 3 MiB/s
 done
-Bytes transferred = 4828440 (49ad18 hex)
+Bytes transferred = 4828512 (49ad60 hex)
 Tegra114 (Dalmore) # tftpboot 0x82000000 tegra114-dalmore.dtb
 Using asx0 device
 TFTP from server 192.168.100.1; our IP address is 192.168.100.100
 Filename 'tegra114-dalmore.dtb'.
 Load address: 0x82000000
 Loading: *###
-	 3.3 MiB/s
+	 2.8 MiB/s
 done
 Bytes transferred = 34638 (874e hex)
 Tegra114 (Dalmore) # bootz 0x81000000 - 0x82000000
-Kernel image @ 0x81000000 [ 0x000000 - 0x49ad18 ]
+Kernel image @ 0x81000000 [ 0x000000 - 0x49ad60 ]
 ## Flattened Device Tree blob at 82000000
    Booting using the fdt blob at 0x82000000
    Loading Device Tree to 8fff4000, end 8ffff74d ... OK
@@ -61,7 +61,7 @@
 Booting Linux on physical CPU 0x0
 Initializing cgroup subsys cpu
 Initializing cgroup subsys cpuacct
-Linux version 4.0.0-rc7-00693-gf22e6e8 (pwalmsley@kaivo) (gcc version 4.7.3 20130328 (prerelease) (crosstool-NG linaro-1.13.1-4.7-2013.04-20130415 - Linaro GCC 2013.04) ) #1 SMP PREEMPT Mon Apr 13 09:40:41 PDT 2015
+Linux version 4.0.0-00776-g39a8804 (pwalmsley@kaivo) (gcc version 4.7.3 20130328 (prerelease) (crosstool-NG linaro-1.13.1-4.7-2013.04-20130415 - Linaro GCC 2013.04) ) #1 SMP PREEMPT Mon Apr 13 09:57:16 PDT 2015
 CPU: ARMv7 Processor [412fc0f2] revision 2 (ARMv7), cr=10c5387d
 CPU: PIPT / VIPT nonaliasing data cache, PIPT instruction cache
 Machine model: NVIDIA Tegra114 Dalmore evaluation board
@@ -90,7 +90,7 @@
     lowmem  : 0xc0000000 - 0xef800000   ( 760 MB)
     pkmap   : 0xbfe00000 - 0xc0000000   (   2 MB)
     modules : 0xbf000000 - 0xbfe00000   (  14 MB)
-      .text : 0xc0008000 - 0xc08aac74   (8844 kB)
+      .text : 0xc0008000 - 0xc08aac98   (8844 kB)
       .init : 0xc08ab000 - 0xc08f6000   ( 300 kB)
       .data : 0xc08f6000 - 0xc09457a0   ( 318 kB)
        .bss : 0xc09457a0 - 0xc099d3f0   ( 352 kB)
@@ -116,7 +116,7 @@
 /cpus/cpu@2 missing clock-frequency property
 /cpus/cpu@3 missing clock-frequency property
 CPU0: thread -1, cpu 0, socket 0, mpidr 80000000
-Setting up static identity map for 0x80644af0 - 0x80644b88
+Setting up static identity map for 0x80644a58 - 0x80644af0
 Tegra Revision: A01 SKU: 0 CPU Process: 1 Core Process: 0
 CPU1: thread -1, cpu 1, socket 0, mpidr 80000001
 CPU2: thread -1, cpu 2, socket 0, mpidr 80000002
@@ -325,7 +325,7 @@
 hub 1-0:1.0: USB hub found
 hub 1-0:1.0: 1 port detected
 input: gpio-keys as /devices/soc0/gpio-keys/input/input1
-palmas-rtc 7000d000.i2c:tps65913@58:rtc: setting system clock to 2000-09-18 12:04:36 UTC (969278676)
+palmas-rtc 7000d000.i2c:tps65913@58:rtc: setting system clock to 2000-09-18 12:21:55 UTC (969279715)
 vdd_cam_1v8_reg: disabling
 usb1_vbus: disabling
 dvdd_ts: disabling
@@ -340,4 +340,4 @@
 Freeing unused kernel memory: 300K (c08ab000 - c08f6000)
 bash: cannot set terminal process group (-1): Inappropriate ioctl for device
 bash: no job control in this shell
-root@(none):/# [    2.939922] usb 1-1: new high-speed USB device number 2 using tegra-ehci
+root@(none):/# [    2.939974] usb 1-1: new high-speed USB device number 2 using tegra-ehci
Diff for ./tegra124-jetson-tk1/tegra124-jetson-tk1/multi_v7_defconfig_log.txt
--- /tmp/fooa	2015-04-13 10:00:14.471777215 -0700
+++ /tmp/foob	2015-04-13 10:00:14.475777215 -0700
@@ -42,7 +42,7 @@
 	 #########################
 	 3.2 MiB/s
 done
-Bytes transferred = 6082432 (5ccf80 hex)
+Bytes transferred = 6082800 (5cd0f0 hex)
 Tegra124 (Jetson TK1) # tftpboot 0x82000000 tegra124-jetson-tk1.dtb
 Using asx0 device
 TFTP from server 192.168.100.1; our IP address is 192.168.100.102
@@ -53,7 +53,7 @@
 done
 Bytes transferred = 49059 (bfa3 hex)
 Tegra124 (Jetson TK1) # bootz 0x81000000 - 0x82000000
-Kernel image @ 0x81000000 [ 0x000000 - 0x5ccf80 ]
+Kernel image @ 0x81000000 [ 0x000000 - 0x5cd0f0 ]
 ## Flattened Device Tree blob at 82000000
    Booting using the fdt blob at 0x82000000
    Using Device Tree in place at 82000000, end 8200efa2
@@ -61,7 +61,7 @@
 Starting kernel ...
 
 Booting Linux on physical CPU 0x0
-Linux version 4.0.0-rc7-00693-gf22e6e8 (pwalmsley@sellafield) (gcc version 4.7.3 20130328 (prerelease) (crosstool-NG linaro-1.13.1-4.7-2013.04-20130415 - Linaro GCC 2013.04) ) #1 SMP Mon Apr 13 09:40:28 PDT 2015
+Linux version 4.0.0-00776-g39a8804 (pwalmsley@sellafield) (gcc version 4.7.3 20130328 (prerelease) (crosstool-NG linaro-1.13.1-4.7-2013.04-20130415 - Linaro GCC 2013.04) ) #1 SMP Mon Apr 13 09:56:56 PDT 2015
 CPU: ARMv7 Processor [413fc0f3] revision 3 (ARMv7), cr=10c5387d
 CPU: PIPT / VIPT nonaliasing data cache, PIPT instruction cache
 Machine model: NVIDIA Tegra124 Jetson TK1
@@ -69,7 +69,7 @@
 cma: Reserved 64 MiB at 0xfb800000
 Memory policy: Data cache writealloc
 On node 0 totalpages: 524032
-free_area_init_node: node 0, pgdat c0ec7e80, node_mem_map ee7f8000
+free_area_init_node: node 0, pgdat c0ec7880, node_mem_map ee7f8000
   DMA zone: 1520 pages used for memmap
   DMA zone: 0 pages reserved
   DMA zone: 194560 pages, LIFO batch:31
@@ -82,7 +82,7 @@
 PID hash table entries: 4096 (order: 2, 16384 bytes)
 Dentry cache hash table entries: 131072 (order: 7, 524288 bytes)
 Inode-cache hash table entries: 65536 (order: 6, 262144 bytes)
-Memory: 1999580K/2096128K available (7830K kernel code, 1015K rwdata, 3412K rodata, 800K init, 316K bss, 31012K reserved, 65536K cma-reserved, 1252352K highmem)
+Memory: 1999580K/2096128K available (7834K kernel code, 1013K rwdata, 3412K rodata, 796K init, 316K bss, 31012K reserved, 65536K cma-reserved, 1252352K highmem)
 Virtual kernel memory layout:
     vector  : 0xffff0000 - 0xffff1000   (   4 kB)
     fixmap  : 0xffc00000 - 0xfff00000   (3072 kB)
@@ -90,10 +90,10 @@
     lowmem  : 0xc0000000 - 0xef800000   ( 760 MB)
     pkmap   : 0xbfe00000 - 0xc0000000   (   2 MB)
     modules : 0xbf000000 - 0xbfe00000   (  14 MB)
-      .text : 0xc0208000 - 0xc0d03b1c   (11247 kB)
-      .init : 0xc0d04000 - 0xc0dcc000   ( 800 kB)
-      .data : 0xc0dcc000 - 0xc0ec9da0   (1016 kB)
-       .bss : 0xc0ec9da0 - 0xc0f18ea8   ( 317 kB)
+      .text : 0xc0208000 - 0xc0d04b40   (11251 kB)
+      .init : 0xc0d05000 - 0xc0dcc000   ( 796 kB)
+      .data : 0xc0dcc000 - 0xc0ec97a0   (1014 kB)
+       .bss : 0xc0ec97a0 - 0xc0f188a8   ( 317 kB)
 SLUB: HWalign=64, Order=0-3, MinObjects=0, CPUs=4, Nodes=1
 Hierarchical RCU implementation.
 	Additional per-CPU info printed with stalls.
@@ -117,7 +117,7 @@
 /cpus/cpu@2 missing clock-frequency property
 /cpus/cpu@3 missing clock-frequency property
 CPU0: thread -1, cpu 0, socket 0, mpidr 80000000
-Setting up static identity map for 0x80967c88 - 0x80967d20
+Setting up static identity map for 0x809682c8 - 0x80968360
 Tegra Revision: A01 SKU: 129 CPU Process: 1 Core Process: 1
 CPU1: thread -1, cpu 1, socket 0, mpidr 80000001
 CPU2: thread -1, cpu 2, socket 0, mpidr 80000002
@@ -415,7 +415,7 @@
 EXT4-fs (mmcblk0p1): mounted filesystem with ordered data mode. Opts: (null)
 VFS: Mounted root (ext4 filesystem) on device 179:1.
 devtmpfs: mounted
-Freeing unused kernel memory: 800K (c0d04000 - c0dcc000)
+Freeing unused kernel memory: 796K (c0d05000 - c0dcc000)
 bash: cannot set terminal process group (-1): Inappropriate ioctl for device
 bash: no job control in this shell
-root@(none):/# [    5.950874] usb 2-1: new high-speed USB device number 2 using tegra-ehci
+root@(none):/# [    5.935694] usb 2-1: new high-speed USB device number 2 using tegra-ehci
Diff for ./tegra124-jetson-tk1/tegra124-jetson-tk1/tegra_defconfig_log.txt
--- /tmp/fooa	2015-04-13 10:00:14.479777214 -0700
+++ /tmp/foob	2015-04-13 10:00:14.483777214 -0700
@@ -39,20 +39,20 @@
 	 #################################################################
 	 #################################################################
 	 ####
-	 2.8 MiB/s
+	 2.9 MiB/s
 done
-Bytes transferred = 4828440 (49ad18 hex)
+Bytes transferred = 4828512 (49ad60 hex)
 Tegra124 (Jetson TK1) # tftpboot 0x82000000 tegra124-jetson-tk1.dtb
 Using asx0 device
 TFTP from server 192.168.100.1; our IP address is 192.168.100.102
 Filename 'tegra124-jetson-tk1.dtb'.
 Load address: 0x82000000
 Loading: *####
-	 2.6 MiB/s
+	 2.9 MiB/s
 done
 Bytes transferred = 49059 (bfa3 hex)
 Tegra124 (Jetson TK1) # bootz 0x81000000 - 0x82000000
-Kernel image @ 0x81000000 [ 0x000000 - 0x49ad18 ]
+Kernel image @ 0x81000000 [ 0x000000 - 0x49ad60 ]
 ## Flattened Device Tree blob at 82000000
    Booting using the fdt blob at 0x82000000
    Using Device Tree in place at 82000000, end 8200efa2
@@ -63,7 +63,7 @@
 Booting Linux on physical CPU 0x0
 Initializing cgroup subsys cpu
 Initializing cgroup subsys cpuacct
-Linux version 4.0.0-rc7-00693-gf22e6e8 (pwalmsley@kaivo) (gcc version 4.7.3 20130328 (prerelease) (crosstool-NG linaro-1.13.1-4.7-2013.04-20130415 - Linaro GCC 2013.04) ) #1 SMP PREEMPT Mon Apr 13 09:40:41 PDT 2015
+Linux version 4.0.0-00776-g39a8804 (pwalmsley@kaivo) (gcc version 4.7.3 20130328 (prerelease) (crosstool-NG linaro-1.13.1-4.7-2013.04-20130415 - Linaro GCC 2013.04) ) #1 SMP PREEMPT Mon Apr 13 09:57:16 PDT 2015
 CPU: ARMv7 Processor [413fc0f3] revision 3 (ARMv7), cr=10c5387d
 CPU: PIPT / VIPT nonaliasing data cache, PIPT instruction cache
 Machine model: NVIDIA Tegra124 Jetson TK1
@@ -92,7 +92,7 @@
     lowmem  : 0xc0000000 - 0xef800000   ( 760 MB)
     pkmap   : 0xbfe00000 - 0xc0000000   (   2 MB)
     modules : 0xbf000000 - 0xbfe00000   (  14 MB)
-      .text : 0xc0008000 - 0xc08aac74   (8844 kB)
+      .text : 0xc0008000 - 0xc08aac98   (8844 kB)
       .init : 0xc08ab000 - 0xc08f6000   ( 300 kB)
       .data : 0xc08f6000 - 0xc09457a0   ( 318 kB)
        .bss : 0xc09457a0 - 0xc099d3f0   ( 352 kB)
@@ -118,7 +118,7 @@
 /cpus/cpu@2 missing clock-frequency property
 /cpus/cpu@3 missing clock-frequency property
 CPU0: thread -1, cpu 0, socket 0, mpidr 80000000
-Setting up static identity map for 0x80644af0 - 0x80644b88
+Setting up static identity map for 0x80644a58 - 0x80644af0
 Tegra Revision: A01 SKU: 129 CPU Process: 1 Core Process: 1
 CPU1: thread -1, cpu 1, socket 0, mpidr 80000001
 CPU2: thread -1, cpu 2, socket 0, mpidr 80000002
@@ -389,7 +389,7 @@
 hub 2-0:1.0: USB hub found
 hub 2-0:1.0: 1 port detected
 input: gpio-keys as /devices/soc0/gpio-keys/input/input1
-as3722-rtc as3722-rtc: setting system clock to 2000-02-01 00:00:19 UTC (949363219)
+as3722-rtc as3722-rtc: setting system clock to 2000-02-01 00:00:18 UTC (949363218)
 +1.8V_RUN_VPP_FUSE: disabling
 +2.8V_RUN_CAM_AF: disabling
 +3.3V_RUN_TOUCH: disabling
Diff for ./tegra20-trimslice/tegra20-trimslice/multi_v7_defconfig_log.txt
--- /tmp/fooa	2015-04-13 10:00:14.487777214 -0700
+++ /tmp/foob	2015-04-13 10:00:14.491777214 -0700
@@ -46,18 +46,18 @@
 	 #########################
 	 3.9 MiB/s
 done
-Bytes transferred = 6082432 (5ccf80 hex)
+Bytes transferred = 6082800 (5cd0f0 hex)
 Tegra20 (TrimSlice) # tftpboot 0x02408000 tegra20-trimslice.dtb
 Using RTL8169#0 device
 TFTP from server 192.168.100.1; our IP address is 192.168.100.103
 Filename 'tegra20-trimslice.dtb'.
 Load address: 0x2408000
 Loading: *##
-	 3.3 MiB/s
+	 4 MiB/s
 done
 Bytes transferred = 20902 (51a6 hex)
 Tegra20 (TrimSlice) # bootz 0x00408000 - 0x02408000
-Kernel image @ 0x408000 [ 0x000000 - 0x5ccf80 ]
+Kernel image @ 0x408000 [ 0x000000 - 0x5cd0f0 ]
 ## Flattened Device Tree blob at 02408000
    Booting using the fdt blob at 0x2408000
    Using Device Tree in place at 02408000, end 024101a5
@@ -65,7 +65,7 @@
 Starting kernel ...
 
 Booting Linux on physical CPU 0x0
-Linux version 4.0.0-rc7-00693-gf22e6e8 (pwalmsley@sellafield) (gcc version 4.7.3 20130328 (prerelease) (crosstool-NG linaro-1.13.1-4.7-2013.04-20130415 - Linaro GCC 2013.04) ) #1 SMP Mon Apr 13 09:40:28 PDT 2015
+Linux version 4.0.0-00776-g39a8804 (pwalmsley@sellafield) (gcc version 4.7.3 20130328 (prerelease) (crosstool-NG linaro-1.13.1-4.7-2013.04-20130415 - Linaro GCC 2013.04) ) #1 SMP Mon Apr 13 09:56:56 PDT 2015
 CPU: ARMv7 Processor [411fc090] revision 0 (ARMv7), cr=10c5387d
 CPU: PIPT / VIPT nonaliasing data cache, VIPT aliasing instruction cache
 Machine model: Compulab TrimSlice board
@@ -73,7 +73,7 @@
 cma: Reserved 64 MiB at 0x3c000000
 Memory policy: Data cache writealloc
 On node 0 totalpages: 262144
-free_area_init_node: node 0, pgdat c0ec7e80, node_mem_map eeff8000
+free_area_init_node: node 0, pgdat c0ec7880, node_mem_map eeff8000
   DMA zone: 1520 pages used for memmap
   DMA zone: 0 pages reserved
   DMA zone: 194560 pages, LIFO batch:31
@@ -86,7 +86,7 @@
 PID hash table entries: 4096 (order: 2, 16384 bytes)
 Dentry cache hash table entries: 131072 (order: 7, 524288 bytes)
 Inode-cache hash table entries: 65536 (order: 6, 262144 bytes)
-Memory: 960448K/1048576K available (7830K kernel code, 1015K rwdata, 3412K rodata, 800K init, 316K bss, 22592K reserved, 65536K cma-reserved, 204800K highmem)
+Memory: 960448K/1048576K available (7834K kernel code, 1013K rwdata, 3412K rodata, 796K init, 316K bss, 22592K reserved, 65536K cma-reserved, 204800K highmem)
 Virtual kernel memory layout:
     vector  : 0xffff0000 - 0xffff1000   (   4 kB)
     fixmap  : 0xffc00000 - 0xfff00000   (3072 kB)
@@ -94,10 +94,10 @@
     lowmem  : 0xc0000000 - 0xef800000   ( 760 MB)
     pkmap   : 0xbfe00000 - 0xc0000000   (   2 MB)
     modules : 0xbf000000 - 0xbfe00000   (  14 MB)
-      .text : 0xc0208000 - 0xc0d03b1c   (11247 kB)
-      .init : 0xc0d04000 - 0xc0dcc000   ( 800 kB)
-      .data : 0xc0dcc000 - 0xc0ec9da0   (1016 kB)
-       .bss : 0xc0ec9da0 - 0xc0f18ea8   ( 317 kB)
+      .text : 0xc0208000 - 0xc0d04b40   (11251 kB)
+      .init : 0xc0d05000 - 0xc0dcc000   ( 796 kB)
+      .data : 0xc0dcc000 - 0xc0ec97a0   (1014 kB)
+       .bss : 0xc0ec97a0 - 0xc0f188a8   ( 317 kB)
 SLUB: HWalign=64, Order=0-3, MinObjects=0, CPUs=2, Nodes=1
 Hierarchical RCU implementation.
 	Additional per-CPU info printed with stalls.
@@ -121,7 +121,7 @@
 Mountpoint-cache hash table entries: 2048 (order: 1, 8192 bytes)
 CPU: Testing write buffer coherency: ok
 CPU0: thread -1, cpu 0, socket 0, mpidr 80000000
-Setting up static identity map for 0x967c88 - 0x967d20
+Setting up static identity map for 0x9682c8 - 0x968360
 Tegra Revision: A03 prime SKU: 8 CPU Process: 1 Core Process: 2
 CPU1: thread -1, cpu 1, socket 0, mpidr 80000001
 Brought up 2 CPUs
@@ -344,22 +344,22 @@
 tegra-ehci c5000000.usb: EHCI Host Controller
 tegra-ehci c5000000.usb: new USB bus registered, assigned bus number 2
 tegra-ehci c5000000.usb: irq 288, io mem 0xc5000000
-mmc1: new high speed SD card at address b368
 tegra-ehci c5000000.usb: USB 2.0 started, EHCI 1.00
-mmcblk1: mmc1:b368 NCard 1.83 GiB (ro)
- mmcblk1: p1 p2
 hub 2-0:1.0: USB hub found
 hub 2-0:1.0: 1 port detected
+mmc1: new high speed SD card at address b368
 input: gpio-keys as /devices/soc0/gpio-keys/input/input0
-rtc-em3027 2-0056: setting system clock to 2014-12-25 19:42:52 UTC (1419536572)
+mmcblk1: mmc1:b368 NCard 1.83 GiB (ro)
+rtc-em3027 2-0056: setting system clock to 2014-12-25 19:43:26 UTC (1419536606)
 ALSA device list:
   #0: tegra-trimslice
+ mmcblk1: p1 p2
 EXT4-fs (mmcblk0p1): mounting ext3 file system using the ext4 subsystem
 EXT4-fs (mmcblk0p1): recovery complete
 EXT4-fs (mmcblk0p1): mounted filesystem with ordered data mode. Opts: (null)
 VFS: Mounted root (ext3 filesystem) on device 179:1.
 devtmpfs: mounted
-Freeing unused kernel memory: 800K (c0d04000 - c0dcc000)
+Freeing unused kernel memory: 796K (c0d05000 - c0dcc000)
 usb 1-1: new high-speed USB device number 2 using tegra-ehci
 hub 1-1:1.0: USB hub found
 hub 1-1:1.0: 4 ports detected
Diff for ./tegra20-trimslice/tegra20-trimslice/tegra_defconfig_log.txt
--- /tmp/fooa	2015-04-13 10:00:14.495777214 -0700
+++ /tmp/foob	2015-04-13 10:00:14.499777214 -0700
@@ -19,7 +19,7 @@
 Out:   serial
 Err:   serial
 Net:   RTL8169#0
-Hit any key to stop autoboot:  2  1  0 
+Hit any key to stop autoboot:  2  0 
 Tegra20 (TrimSlice) # 
 Tegra20 (TrimSlice) # usb reset
 resetting USB...
@@ -45,7 +45,7 @@
 	 ####
 	 3.2 MiB/s
 done
-Bytes transferred = 4828440 (49ad18 hex)
+Bytes transferred = 4828512 (49ad60 hex)
 Tegra20 (TrimSlice) # tftpboot 0x02408000 tegra20-trimslice.dtb
 Using RTL8169#0 device
 TFTP from server 192.168.100.1; our IP address is 192.168.100.103
@@ -56,7 +56,7 @@
 done
 Bytes transferred = 20902 (51a6 hex)
 Tegra20 (TrimSlice) # bootz 0x00408000 - 0x02408000
-Kernel image @ 0x408000 [ 0x000000 - 0x49ad18 ]
+Kernel image @ 0x408000 [ 0x000000 - 0x49ad60 ]
 ## Flattened Device Tree blob at 02408000
    Booting using the fdt blob at 0x2408000
    Using Device Tree in place at 02408000, end 024101a5
@@ -67,7 +67,7 @@
 Booting Linux on physical CPU 0x0
 Initializing cgroup subsys cpu
 Initializing cgroup subsys cpuacct
-Linux version 4.0.0-rc7-00693-gf22e6e8 (pwalmsley@kaivo) (gcc version 4.7.3 20130328 (prerelease) (crosstool-NG linaro-1.13.1-4.7-2013.04-20130415 - Linaro GCC 2013.04) ) #1 SMP PREEMPT Mon Apr 13 09:40:41 PDT 2015
+Linux version 4.0.0-00776-g39a8804 (pwalmsley@kaivo) (gcc version 4.7.3 20130328 (prerelease) (crosstool-NG linaro-1.13.1-4.7-2013.04-20130415 - Linaro GCC 2013.04) ) #1 SMP PREEMPT Mon Apr 13 09:57:16 PDT 2015
 CPU: ARMv7 Processor [411fc090] revision 0 (ARMv7), cr=10c5387d
 CPU: PIPT / VIPT nonaliasing data cache, VIPT aliasing instruction cache
 Machine model: Compulab TrimSlice board
@@ -97,7 +97,7 @@
     lowmem  : 0xc0000000 - 0xef800000   ( 760 MB)
     pkmap   : 0xbfe00000 - 0xc0000000   (   2 MB)
     modules : 0xbf000000 - 0xbfe00000   (  14 MB)
-      .text : 0xc0008000 - 0xc08aac74   (8844 kB)
+      .text : 0xc0008000 - 0xc08aac98   (8844 kB)
       .init : 0xc08ab000 - 0xc08f6000   ( 300 kB)
       .data : 0xc08f6000 - 0xc09457a0   ( 318 kB)
        .bss : 0xc09457a0 - 0xc099d3f0   ( 352 kB)
@@ -125,7 +125,7 @@
 Initializing cgroup subsys debug
 CPU: Testing write buffer coherency: ok
 CPU0: thread -1, cpu 0, socket 0, mpidr 80000000
-Setting up static identity map for 0x644af0 - 0x644b88
+Setting up static identity map for 0x644a58 - 0x644af0
 Tegra Revision: A03 prime SKU: 8 CPU Process: 1 Core Process: 2
 CPU1: thread -1, cpu 1, socket 0, mpidr 80000001
 Brought up 2 CPUs
@@ -309,18 +309,18 @@
 NET: Registered protocol family 10
 mip6: Mobile IPv6
 sit: IPv6 over IPv4 tunneling driver
-mmc0: host does not support reading read-only switch, assuming write-enable
 NET: Registered protocol family 17
 NET: Registered protocol family 15
 can: controller area network core (rev 20120528 abi 9)
+mmc0: host does not support reading read-only switch, assuming write-enable
+mmc0: new high speed SDHC card at address b368
+mmcblk0: mmc0:b368 NCard 3.70 GiB 
+ mmcblk0: p1
 NET: Registered protocol family 29
 can: raw protocol (rev 20120528)
 can: broadcast manager protocol (rev 20120528 t)
 can: netlink gateway (rev 20130117) max_hops=1
 Bluetooth: RFCOMM socket layer initialized
-mmc0: new high speed SDHC card at address b368
-mmcblk0: mmc0:b368 NCard 3.70 GiB 
- mmcblk0: p1
 Bluetooth: RFCOMM ver 1.11
 Bluetooth: BNEP (Ethernet Emulation) ver 1.3
 Bluetooth: BNEP socket layer initialized
@@ -328,18 +328,18 @@
 Bluetooth: HIDP socket layer initialized
 Registering SWP/SWPB emulation handler
 platform c5000000.usb: Driver tegra-ehci requests probe deferral
+mmc1: new high speed SD card at address b368
+mmcblk1: mmc1:b368 NCard 1.83 GiB (ro)
 ulpi_phy_power_on: ulpi write failed
 tegra-ehci c5004000.usb: Failed to power on the phy
 tegra-ehci: probe of c5004000.usb failed with error -110
 tegra-ehci c5008000.usb: EHCI Host Controller
+ mmcblk1: p1 p2
 tegra-ehci c5008000.usb: new USB bus registered, assigned bus number 1
 tegra-ehci c5008000.usb: irq 290, io mem 0xc5008000
-mmc1: new high speed SD card at address b368
-mmcblk1: mmc1:b368 NCard 1.83 GiB (ro)
 tegra-ehci c5008000.usb: USB 2.0 started, EHCI 1.00
 hub 1-0:1.0: USB hub found
 hub 1-0:1.0: 1 port detected
- mmcblk1: p1 p2
 utmi_phy_clk_enable: timeout waiting for phy to stabilize
 tegra-ehci c5000000.usb: EHCI Host Controller
 tegra-ehci c5000000.usb: new USB bus registered, assigned bus number 2
@@ -348,7 +348,7 @@
 hub 2-0:1.0: USB hub found
 hub 2-0:1.0: 1 port detected
 input: gpio-keys as /devices/soc0/gpio-keys/input/input0
-rtc-em3027 2-0056: setting system clock to 2014-12-25 19:43:10 UTC (1419536590)
+rtc-em3027 2-0056: setting system clock to 2014-12-25 19:43:44 UTC (1419536624)
 ALSA device list:
   #0: tegra-trimslice
 kjournald starting.  Commit interval 5 seconds
@@ -361,5 +361,5 @@
 usb 1-1: new high-speed USB device number 2 using tegra-ehci
 bash: cannot set terminal process group (-1): Inappropriate ioctl for device
 bash: no job control in this shell
-root@(none):/# [    2.393717] hub 1-1:1.0: USB hub found
+root@(none):/# [    2.405091] hub 1-1:1.0: USB hub found
 hub 1-1:1.0: 4 ports detected
Diff for ./tegra30-beaver/tegra30-beaver/multi_v7_defconfig_log.txt
--- /tmp/fooa	2015-04-13 10:00:14.503777214 -0700
+++ /tmp/foob	2015-04-13 10:00:14.507777213 -0700
@@ -40,18 +40,18 @@
 	 #########################
 	 3.3 MiB/s
 done
-Bytes transferred = 6082432 (5ccf80 hex)
+Bytes transferred = 6082800 (5cd0f0 hex)
 Tegra30 (Beaver) # tftpboot 0x82000000 tegra30-beaver.dtb
 Using asx0 device
 TFTP from server 192.168.100.1; our IP address is 192.168.100.101
 Filename 'tegra30-beaver.dtb'.
 Load address: 0x82000000
 Loading: *##
-	 2.9 MiB/s
+	 2.6 MiB/s
 done
 Bytes transferred = 24641 (6041 hex)
 Tegra30 (Beaver) # bootz 0x81000000 - 0x82000000
-Kernel image @ 0x81000000 [ 0x000000 - 0x5ccf80 ]
+Kernel image @ 0x81000000 [ 0x000000 - 0x5cd0f0 ]
 ## Flattened Device Tree blob at 82000000
    Booting using the fdt blob at 0x82000000
    Loading Device Tree to 8fff6000, end 8ffff040 ... OK
@@ -59,7 +59,7 @@
 Starting kernel ...
 
 Booting Linux on physical CPU 0x0
-Linux version 4.0.0-rc7-00693-gf22e6e8 (pwalmsley@sellafield) (gcc version 4.7.3 20130328 (prerelease) (crosstool-NG linaro-1.13.1-4.7-2013.04-20130415 - Linaro GCC 2013.04) ) #1 SMP Mon Apr 13 09:40:28 PDT 2015
+Linux version 4.0.0-00776-g39a8804 (pwalmsley@sellafield) (gcc version 4.7.3 20130328 (prerelease) (crosstool-NG linaro-1.13.1-4.7-2013.04-20130415 - Linaro GCC 2013.04) ) #1 SMP Mon Apr 13 09:56:56 PDT 2015
 CPU: ARMv7 Processor [412fc099] revision 9 (ARMv7), cr=10c5387d
 CPU: PIPT / VIPT nonaliasing data cache, VIPT aliasing instruction cache
 Machine model: NVIDIA Tegra30 Beaver evaluation board
@@ -67,7 +67,7 @@
 cma: Reserved 64 MiB at 0xfb800000
 Memory policy: Data cache writealloc
 On node 0 totalpages: 524032
-free_area_init_node: node 0, pgdat c0ec7e80, node_mem_map ee7f8000
+free_area_init_node: node 0, pgdat c0ec7880, node_mem_map ee7f8000
   DMA zone: 1520 pages used for memmap
   DMA zone: 0 pages reserved
   DMA zone: 194560 pages, LIFO batch:31
@@ -80,7 +80,7 @@
 PID hash table entries: 4096 (order: 2, 16384 bytes)
 Dentry cache hash table entries: 131072 (order: 7, 524288 bytes)
 Inode-cache hash table entries: 65536 (order: 6, 262144 bytes)
-Memory: 1999696K/2096128K available (7830K kernel code, 1015K rwdata, 3412K rodata, 800K init, 316K bss, 30896K reserved, 65536K cma-reserved, 1252352K highmem)
+Memory: 1999696K/2096128K available (7834K kernel code, 1013K rwdata, 3412K rodata, 796K init, 316K bss, 30896K reserved, 65536K cma-reserved, 1252352K highmem)
 Virtual kernel memory layout:
     vector  : 0xffff0000 - 0xffff1000   (   4 kB)
     fixmap  : 0xffc00000 - 0xfff00000   (3072 kB)
@@ -88,10 +88,10 @@
     lowmem  : 0xc0000000 - 0xef800000   ( 760 MB)
     pkmap   : 0xbfe00000 - 0xc0000000   (   2 MB)
     modules : 0xbf000000 - 0xbfe00000   (  14 MB)
-      .text : 0xc0208000 - 0xc0d03b1c   (11247 kB)
-      .init : 0xc0d04000 - 0xc0dcc000   ( 800 kB)
-      .data : 0xc0dcc000 - 0xc0ec9da0   (1016 kB)
-       .bss : 0xc0ec9da0 - 0xc0f18ea8   ( 317 kB)
+      .text : 0xc0208000 - 0xc0d04b40   (11251 kB)
+      .init : 0xc0d05000 - 0xc0dcc000   ( 796 kB)
+      .data : 0xc0dcc000 - 0xc0ec97a0   (1014 kB)
+       .bss : 0xc0ec97a0 - 0xc0f188a8   ( 317 kB)
 SLUB: HWalign=64, Order=0-3, MinObjects=0, CPUs=4, Nodes=1
 Hierarchical RCU implementation.
 	Additional per-CPU info printed with stalls.
@@ -116,7 +116,7 @@
 Mountpoint-cache hash table entries: 2048 (order: 1, 8192 bytes)
 CPU: Testing write buffer coherency: ok
 CPU0: thread -1, cpu 0, socket 0, mpidr 80000000
-Setting up static identity map for 0x80967c88 - 0x80967d20
+Setting up static identity map for 0x809682c8 - 0x80968360
 Tegra Revision: A03 SKU: 128 CPU Process: 4 Core Process: 0
 CPU1: thread -1, cpu 1, socket 0, mpidr 80000001
 CPU2: thread -1, cpu 2, socket 0, mpidr 80000002
@@ -384,7 +384,7 @@
 EXT4-fs (mmcblk0p1): mounted filesystem with ordered data mode. Opts: (null)
 VFS: Mounted root (ext3 filesystem) on device 179:1.
 devtmpfs: mounted
-Freeing unused kernel memory: 800K (c0d04000 - c0dcc000)
+Freeing unused kernel memory: 796K (c0d05000 - c0dcc000)
 bash: cannot set terminal process group (-1): Inappropriate ioctl for device
 bash: no job control in this shell
-root@(none):/# [    4.213471] usb 2-1: new high-speed USB device number 2 using tegra-ehci
+root@(none):/# [    4.213468] usb 2-1: new high-speed USB device number 2 using tegra-ehci
Diff for ./tegra30-beaver/tegra30-beaver/tegra_defconfig_log.txt
--- /tmp/fooa	2015-04-13 10:00:14.511777213 -0700
+++ /tmp/foob	2015-04-13 10:00:14.511777213 -0700
@@ -27,6 +27,7 @@
 Tegra30 (Beaver) # setenv bootargs 'ignore_loglevel console=ttyS0,115200n8 rw root=/dev/mmcblk0p1 rootwait gpt debug init=/bin/bash noinitrd'
 Tegra30 (Beaver) # setenv ipaddr 192.168.100.101; setenv serverip 192.168.100.1; setenv tftpserverip 192.168.100.1
 Tegra30 (Beaver) # tftpboot 0x81000000 zImage.tegra_defconfig
+Waiting for Ethernet connection... done.
 Using asx0 device
 TFTP from server 192.168.100.1; our IP address is 192.168.100.101
 Filename 'zImage.tegra_defconfig'.
@@ -37,20 +38,20 @@
 	 #################################################################
 	 #################################################################
 	 ####
-	 3.3 MiB/s
+	 2.9 MiB/s
 done
-Bytes transferred = 4828440 (49ad18 hex)
+Bytes transferred = 4828512 (49ad60 hex)
 Tegra30 (Beaver) # tftpboot 0x82000000 tegra30-beaver.dtb
 Using asx0 device
 TFTP from server 192.168.100.1; our IP address is 192.168.100.101
 Filename 'tegra30-beaver.dtb'.
 Load address: 0x82000000
 Loading: *##
-	 2.9 MiB/s
+	 2.6 MiB/s
 done
 Bytes transferred = 24641 (6041 hex)
 Tegra30 (Beaver) # bootz 0x81000000 - 0x82000000
-Kernel image @ 0x81000000 [ 0x000000 - 0x49ad18 ]
+Kernel image @ 0x81000000 [ 0x000000 - 0x49ad60 ]
 ## Flattened Device Tree blob at 82000000
    Booting using the fdt blob at 0x82000000
    Loading Device Tree to 8fff6000, end 8ffff040 ... OK
@@ -61,7 +62,7 @@
 Booting Linux on physical CPU 0x0
 Initializing cgroup subsys cpu
 Initializing cgroup subsys cpuacct
-Linux version 4.0.0-rc7-00693-gf22e6e8 (pwalmsley@kaivo) (gcc version 4.7.3 20130328 (prerelease) (crosstool-NG linaro-1.13.1-4.7-2013.04-20130415 - Linaro GCC 2013.04) ) #1 SMP PREEMPT Mon Apr 13 09:40:41 PDT 2015
+Linux version 4.0.0-00776-g39a8804 (pwalmsley@kaivo) (gcc version 4.7.3 20130328 (prerelease) (crosstool-NG linaro-1.13.1-4.7-2013.04-20130415 - Linaro GCC 2013.04) ) #1 SMP PREEMPT Mon Apr 13 09:57:16 PDT 2015
 CPU: ARMv7 Processor [412fc099] revision 9 (ARMv7), cr=10c5387d
 CPU: PIPT / VIPT nonaliasing data cache, VIPT aliasing instruction cache
 Machine model: NVIDIA Tegra30 Beaver evaluation board
@@ -90,7 +91,7 @@
     lowmem  : 0xc0000000 - 0xef800000   ( 760 MB)
     pkmap   : 0xbfe00000 - 0xc0000000   (   2 MB)
     modules : 0xbf000000 - 0xbfe00000   (  14 MB)
-      .text : 0xc0008000 - 0xc08aac74   (8844 kB)
+      .text : 0xc0008000 - 0xc08aac98   (8844 kB)
       .init : 0xc08ab000 - 0xc08f6000   ( 300 kB)
       .data : 0xc08f6000 - 0xc09457a0   ( 318 kB)
        .bss : 0xc09457a0 - 0xc099d3f0   ( 352 kB)
@@ -117,7 +118,7 @@
 Initializing cgroup subsys debug
 CPU: Testing write buffer coherency: ok
 CPU0: thread -1, cpu 0, socket 0, mpidr 80000000
-Setting up static identity map for 0x80644af0 - 0x80644b88
+Setting up static identity map for 0x80644a58 - 0x80644af0
 Tegra Revision: A03 SKU: 128 CPU Process: 4 Core Process: 0
 CPU1: thread -1, cpu 1, socket 0, mpidr 80000001
 CPU2: thread -1, cpu 2, socket 0, mpidr 80000002
@@ -369,8 +370,8 @@
 vdd_sata,avdd_plle: disabling
 ALSA device list:
   #0: NVIDIA Tegra Beaver
-EXT3-fs (mmcblk0p1): warning: mounting fs with errors, running e2fsck is recommended
 kjournald starting.  Commit interval 5 seconds
+EXT3-fs (mmcblk0p1): warning: mounting fs with errors, running e2fsck is recommended
 EXT3-fs (mmcblk0p1): using internal journal
 EXT3-fs (mmcblk0p1): recovery complete
 EXT3-fs (mmcblk0p1): mounted filesystem with writeback data mode
@@ -379,4 +380,4 @@
 Freeing unused kernel memory: 300K (c08ab000 - c08f6000)
 bash: cannot set terminal process group (-1): Inappropriate ioctl for device
 bash: no job control in this shell
-root@(none):/# [    4.446190] usb 2-1: new high-speed USB device number 2 using tegra-ehci
+root@(none):/# [    4.476482] usb 2-1: new high-speed USB device number 2 using tegra-ehci
