

U-Boot 2015.04-00466-gedec83e90172 (Mar 14 2016 - 10:42:01)

TEGRA124
Model: Acer Chromebook 13 CB5-311
DRAM:  4 GiB
C:   Tegra SD/MMC: 0, Tegra SD/MMC: 1, Tegra SD/MMC: 2
MMC init failed
Using default environment

In:    serial
Out:   serial
Err:   serial
Net:   Net Initialization Skipped
No ethernet found.
Hit any key to stop autoboot:  2  0 
Tegra124 (Nyan-big) # 
Tegra124 (Nyan-big) # usb start
starting USB...
USB0:   USB EHCI 1.10
scanning bus 0 for devices... 2 USB Device(s) found
USB1:   USB EHCI 1.10
scanning bus 1 for devices... 2 USB Device(s) found
       scanning usb for storage devices... 1 Storage Device(s) found
       scanning usb for ethernet devices... 
Warning: asx0 using MAC address from net device
1 Ethernet Device(s) found
Tegra124 (Nyan-big) # mw 0x7000e4a0 0x00080000
Tegra124 (Nyan-big) # setenv bootargs 'ignore_loglevel console=ttyS0,115200n8 rw root=PARTUUID=4d36e82a-b3c0-4b4b-bfcd-afe5217ac023 rootwait gpt debug noinitrd earlyprintk init=/bin/bash'
Tegra124 (Nyan-big) # setenv ipaddr 192.168.100.102; setenv serverip 192.168.100.1; setenv tftpserverip 192.168.100.1
Tegra124 (Nyan-big) # tftpboot 0x82000000 zImage.multi_v7_defconfig
Using asx0 device
TFTP from server 192.168.100.1; our IP address is 192.168.100.102
Filename 'zImage.multi_v7_defconfig'.
Load address: 0x82000000
Loading: *#################################################################
	 #################################################################
	 #################################################################
	 #################################################################
	 #################################################################
	 #################################################################
	 #################################################################
	 #################################################################
	 ###########################
	 2.8 MiB/s
done
Bytes transferred = 8018352 (7a59b0 hex)
Tegra124 (Nyan-big) # tftpboot 0x83000000 tegra124-nyan-big.dtb
Using asx0 device
TFTP from server 192.168.100.1; our IP address is 192.168.100.102
Filename 'tegra124-nyan-big.dtb'.
Load address: 0x83000000
Loading: *#####
	 2.7 MiB/s
done
Bytes transferred = 68183 (10a57 hex)
Tegra124 (Nyan-big) # bootz 0x82000000 - 0x83000000
Kernel image @ 0x82000000 [ 0x000000 - 0x7a59b0 ]
## Flattened Device Tree blob at 83000000
   Booting using the fdt blob at 0x83000000
   Using Device Tree in place at 83000000, end 83013a56

Starting kernel ...

[    0.000000] Booting Linux on physical CPU 0x0
[    0.000000] Linux version 4.13.0-rc7-186788-gcc4a41f (jonathanh@sellafield) (gcc version 4.7.3 20130328 (prerelease) (crosstool-NG linaro-1.13.1-4.7-2013.04-20130415 - Linaro GCC 2013.04)) #1 SMP Sun Aug 27 17:36:32 PDT 2017
[    0.000000] CPU: ARMv7 Processor [413fc0f3] revision 3 (ARMv7), cr=10c5387d
[    0.000000] CPU: div instructions available: patching division code
[    0.000000] CPU: PIPT / VIPT nonaliasing data cache, PIPT instruction cache
[    0.000000] OF: fdt: Machine model: Acer Chromebook 13 CB5-311
[    0.000000] OF: fdt: Ignoring memory range 0x100000000 - 0x17ffff000
[    0.000000] debug: ignoring loglevel setting.
[    0.000000] Memory policy: Data cache writealloc
[    0.000000] efi: Getting EFI parameters from FDT:
[    0.000000] efi: UEFI not found.
[    0.000000] cma: Reserved 64 MiB at 0xfb800000
[    0.000000] On node 0 totalpages: 524287
[    0.000000] free_area_init_node: node 0, pgdat c157e840, node_mem_map eeff8000
[    0.000000]   DMA zone: 1536 pages used for memmap
[    0.000000]   DMA zone: 0 pages reserved
[    0.000000]   DMA zone: 196608 pages, LIFO batch:31
[    0.000000]   HighMem zone: 327679 pages, LIFO batch:31
[    0.000000] percpu: Embedded 17 pages/cpu @eef81000 s39488 r8192 d21952 u69632
[    0.000000] pcpu-alloc: s39488 r8192 d21952 u69632 alloc=17*4096
[    0.000000] pcpu-alloc: [0] 0 [0] 1 [0] 2 [0] 3 
[    0.000000] Built 1 zonelists in Zone order, mobility grouping on.  Total pages: 522751
[    0.000000] Kernel command line: ignore_loglevel console=ttyS0,115200n8 rw root=PARTUUID=4d36e82a-b3c0-4b4b-bfcd-afe5217ac023 rootwait gpt debug noinitrd earlyprintk init=/bin/bash
[    0.000000] PID hash table entries: 4096 (order: 2, 16384 bytes)
[    0.000000] Dentry cache hash table entries: 131072 (order: 7, 524288 bytes)
[    0.000000] Inode-cache hash table entries: 65536 (order: 6, 262144 bytes)
[    0.000000] Memory: 1994448K/2097148K available (10240K kernel code, 1562K rwdata, 4452K rodata, 2048K init, 402K bss, 37164K reserved, 65536K cma-reserved, 1245180K highmem)
[    0.000000] Virtual kernel memory layout:
[    0.000000]     vector  : 0xffff0000 - 0xffff1000   (   4 kB)
[    0.000000]     fixmap  : 0xffc00000 - 0xfff00000   (3072 kB)
[    0.000000]     vmalloc : 0xf0800000 - 0xff800000   ( 240 MB)
[    0.000000]     lowmem  : 0xc0000000 - 0xf0000000   ( 768 MB)
[    0.000000]     pkmap   : 0xbfe00000 - 0xc0000000   (   2 MB)
[    0.000000]     modules : 0xbf000000 - 0xbfe00000   (  14 MB)
[    0.000000]       .text : 0xc0208000 - 0xc0d00000   (11232 kB)
[    0.000000]       .init : 0xc1200000 - 0xc1400000   (2048 kB)
[    0.000000]       .data : 0xc1400000 - 0xc15869a8   (1563 kB)
[    0.000000]        .bss : 0xc158fcb0 - 0xc15f46fc   ( 403 kB)
[    0.000000] SLUB: HWalign=64, Order=0-3, MinObjects=0, CPUs=4, Nodes=1
[    0.000000] Hierarchical RCU implementation.
[    0.000000] 	RCU event tracing is enabled.
[    0.000000] 	RCU restricting CPUs from NR_CPUS=16 to nr_cpu_ids=4.
[    0.000000] RCU: Adjusting geometry for rcu_fanout_leaf=16, nr_cpu_ids=4
[    0.000000] NR_IRQS: 16, nr_irqs: 16, preallocated irqs: 16
[    0.000000] /interrupt-controller@60004000: 160 interrupts forwarded to /interrupt-controller@50041000
[    0.000000] Tegra clk 127: register failed with -17
[    0.000004] sched_clock: 32 bits at 1000kHz, resolution 1000ns, wraps every 2147483647500ns
[    0.000011] clocksource: timer_us: mask: 0xffffffff max_cycles: 0xffffffff, max_idle_ns: 1911260446275 ns
[    0.000018] Switching to timer-based delay loop, resolution 1000ns
[    0.001767] arch_timer: cp15 timer(s) running at 12.00MHz (virt).
[    0.001774] clocksource: arch_sys_counter: mask: 0xffffffffffffff max_cycles: 0x2c47f4ee7, max_idle_ns: 440795202497 ns
[    0.001781] sched_clock: 56 bits at 12MHz, resolution 83ns, wraps every 4398046511096ns
[    0.001786] Switching to timer-based delay loop, resolution 83ns
[    0.002001] Console: colour dummy device 80x30
[    0.002015] Calibrating delay loop (skipped), value calculated using timer frequency.. 24.00 BogoMIPS (lpj=120000)
[    0.002021] pid_max: default: 32768 minimum: 301
[    0.002057] Mount-cache hash table entries: 2048 (order: 1, 8192 bytes)
[    0.002063] Mountpoint-cache hash table entries: 2048 (order: 1, 8192 bytes)
[    0.002254] CPU: Testing write buffer coherency: ok
[    0.002373] /cpus/cpu@0 missing clock-frequency property
[    0.002388] /cpus/cpu@1 missing clock-frequency property
[    0.002403] /cpus/cpu@2 missing clock-frequency property
[    0.002418] /cpus/cpu@3 missing clock-frequency property
[    0.002423] CPU0: thread -1, cpu 0, socket 0, mpidr 80000000
[    0.002539] Setting up static identity map for 0x80300000 - 0x803000a0
[    0.003246] Hierarchical SRCU implementation.
[    0.003931] Tegra Revision: A01 SKU: 131 CPU Process: 1 SoC Process: 1
[    0.004201] EFI services will not be available.
[    0.004261] smp: Bringing up secondary CPUs ...
[    0.004544] CPU1: thread -1, cpu 1, socket 0, mpidr 80000001
[    0.012032] CPU2: thread -1, cpu 2, socket 0, mpidr 80000002
[    0.022039] CPU3: thread -1, cpu 3, socket 0, mpidr 80000003
[    0.031763] smp: Brought up 1 node, 4 CPUs
[    0.031771] SMP: Total of 4 processors activated (96.00 BogoMIPS).
[    0.031775] CPU: All CPU(s) started in SVC mode.
[    0.032319] devtmpfs: initialized
[    0.038075] VFP support v0.3: implementor 41 architecture 4 part 30 variant f rev 0
[    0.038271] clocksource: jiffies: mask: 0xffffffff max_cycles: 0xffffffff, max_idle_ns: 19112604462750000 ns
[    0.038279] futex hash table entries: 1024 (order: 4, 65536 bytes)
[    0.038843] pinctrl core: initialized pinctrl subsystem
[    0.039504] DMI not present or invalid.
[    0.039584] random: get_random_u32 called from bucket_table_alloc+0xe8/0x254 with crng_init=0
[    0.039619] NET: Registered protocol family 16
[    0.040362] DMA: preallocated 256 KiB pool for atomic coherent allocations
[    0.041308] cpuidle: using governor menu
[    0.050312] No ATAGs?
[    0.050367] hw-breakpoint: found 5 (+1 reserved) breakpoint and 4 watchpoint registers.
[    0.050373] hw-breakpoint: maximum watchpoint size is 8 bytes.
[    0.053222] Serial: AMBA PL011 UART driver
[    0.053585] tegra-mc 70019000.memory-controller: no memory timings for RAM code 0 registered
[    0.059170] AT91: Could not find identification node
[    0.059381] +5V_SYS: supplied by +VDD_MUX
[    0.059483] +3.3V_SYS: supplied by +VDD_MUX
[    0.059704] +VDD_LED: Failed to request enable GPIO122: -517
[    0.059710] reg-fixed-voltage regulators:regulator@5: Failed to register regulator: -517
[    0.059746] +5V_VDD_TS_SW: Failed to request enable GPIO81: -517
[    0.059752] reg-fixed-voltage regulators:regulator@6: Failed to register regulator: -517
[    0.059786] +5V_USB_HS: Failed to request enable GPIO108: -517
[    0.059791] reg-fixed-voltage regulators:regulator@7: Failed to register regulator: -517
[    0.059825] +5V_USB_SS: Failed to request enable GPIO109: -517
[    0.059830] reg-fixed-voltage regulators:regulator@8: Failed to register regulator: -517
[    0.059921] +1.05V_RUN_AVDD_HDMI_PLL: Failed to request enable GPIO63: -517
[    0.059926] reg-fixed-voltage regulators:regulator@11: Failed to register regulator: -517
[    0.059960] +5V_HDMI_CON: Failed to request enable GPIO86: -517
[    0.059965] reg-fixed-voltage regulators:regulator@12: Failed to register regulator: -517
[    0.060982] vgaarb: loaded
[    0.061267] SCSI subsystem initialized
[    0.061333] libata version 3.00 loaded.
[    0.061422] usbcore: registered new interface driver usbfs
[    0.061444] usbcore: registered new interface driver hub
[    0.061466] usbcore: registered new device driver usb
[    0.062799] pps_core: LinuxPPS API ver. 1 registered
[    0.062803] pps_core: Software ver. 5.3.6 - Copyright 2005-2007 Rodolfo Giometti <giometti@linux.it>
[    0.062811] PTP clock support registered
[    0.062876] EDAC MC: Ver: 3.0.0
[    0.063003] dmi: Firmware registration failed.
[    0.063311] tegra-emc 7001b000.emc: no memory timings for RAM code 0 found in DT
[    0.063320] tegra-emc: probe of 7001b000.emc failed with error -2
[    0.063753] clocksource: Switched to clocksource arch_sys_counter
[    0.083174] NET: Registered protocol family 2
[    0.083373] TCP established hash table entries: 8192 (order: 3, 32768 bytes)
[    0.083408] TCP bind hash table entries: 8192 (order: 4, 65536 bytes)
[    0.083470] TCP: Hash tables configured (established 8192 bind 8192)
[    0.083503] UDP hash table entries: 512 (order: 2, 16384 bytes)
[    0.083518] UDP-Lite hash table entries: 512 (order: 2, 16384 bytes)
[    0.083576] NET: Registered protocol family 1
[    0.083741] RPC: Registered named UNIX socket transport module.
[    0.083760] RPC: Registered udp transport module.
[    0.083765] RPC: Registered tcp transport module.
[    0.083768] RPC: Registered tcp NFSv4.1 backchannel transport module.
[    0.083774] PCI: CLS 0 bytes, default 64
[    0.084332] hw perfevents: enabled with armv7_cortex_a15 PMU driver, 7 counters available
[    0.085012] workingset: timestamp_bits=30 max_order=19 bucket_order=0
[    0.087820] squashfs: version 4.0 (2009/01/31) Phillip Lougher
[    0.088083] NFS: Registering the id_resolver key type
[    0.088095] Key type id_resolver registered
[    0.088098] Key type id_legacy registered
[    0.088116] ntfs: driver 2.1.32 [Flags: R/O].
[    0.088364] random: fast init done
[    0.088707] bounce: pool size: 64 pages
[    0.088726] Block layer SCSI generic (bsg) driver version 0.4 loaded (major 248)
[    0.088730] io scheduler noop registered
[    0.088734] io scheduler deadline registered
[    0.088789] io scheduler cfq registered (default)
[    0.088792] io scheduler mq-deadline registered
[    0.088796] io scheduler kyber registered
[    0.090031] tegra-xusb-padctl 7009f000.padctl: failed to setup XUSB ports: -517
[    0.100769] tegra-apbdma 60020000.dma: Tegra20 APB DMA driver register 32 channels
[    0.101657] tegra-pmc 7000e400.pmc: i2c-thermtrip node not found, emergency thermal reset disabled.
[    0.120760] Serial: 8250/16550 driver, 4 ports, IRQ sharing disabled
[    0.121829] console [ttyS0] disabled
[    0.121846] 70006000.serial: ttyS0 at MMIO 0x70006000 (irq = 333, base_baud = 25500000) is a Tegra
[    1.033183] console [ttyS0] enabled
[    1.036960] SuperH (H)SCI(F) driver initialized
[    1.041844] msm_serial: driver initialized
[    1.045998] STMicroelectronics ASC driver initialized
[    1.053278] tegra-hdmi 54280000.hdmi: failed to get HDMI regulator
[    1.059819] tegra-dpaux 545c0000.dpaux: failed to get VDD supply: -517
[    1.067245] panel-simple panel: panel supply power not found, using dummy regulator
[    1.077958] brd: module loaded
[    1.083451] loop: module loaded
[    1.087544] as3722 4-0040: AS3722 with revision 0x1 found
[    1.097585] as3722-sd2: supplied by +5V_SYS
[    1.101990] as3722-sd3: supplied by +5V_SYS
[    1.106326] +1.35V_LP0(sd3): Bringing 0uV into 1350000-1350000uV
[    1.112491] as3722-sd4: supplied by +5V_SYS
[    1.116867] +1.05V_RUN: Bringing 0uV into 1050000-1050000uV
[    1.122610] as3722-sd5: supplied by +5V_SYS
[    1.128190] as3722-ldo0: supplied by +1.35V_LP0(sd2)
[    1.133923] +1.8V_RUN_CAM: Bringing 0uV into 1800000-1800000uV
[    1.139929] as3722-ldo2: supplied by +1.8V_VDDIO
[    1.145546] as3722-ldo3: supplied by +3.3V_SYS
[    1.149992] +1.00V_LP0_VDD_RTC: Bringing 1100000uV into 1000000-1000000uV
[    1.157569] as3722-ldo4: supplied by +3.3V_SYS
[    1.162159] +3.3V_RUN_CAM: Bringing 0uV into 2800000-2800000uV
[    1.168165] as3722-ldo5: supplied by +1.8V_VDDIO
[    1.172928] +1.2V_RUN_CAM_FRONT: Bringing 0uV into 1200000-1200000uV
[    1.179609] +VDDIO_SDMMC3: Bringing 0uV into 1800000-1800000uV
[    1.185632] as3722-ldo7: supplied by +1.8V_VDDIO
[    1.190404] +1.05V_RUN_CAM_REAR: Bringing 0uV into 1050000-1050000uV
[    1.196945] as3722-ldo9: supplied by +5V_SYS
[    1.201503] +2.8V_RUN_TOUCH: Bringing 0uV into 2800000-2800000uV
[    1.207700] as3722-ldo10: supplied by +5V_SYS
[    1.212202] +2.8V_RUN_CAM_AF: Bringing 0uV into 2800000-2800000uV
[    1.218638] +1.8V_RUN_VPP_FUSE: Bringing 0uV into 1800000-1800000uV
[    1.237207] m25p80 spi32765.0: w25q32dw (4096 Kbytes)
[    1.243270] libphy: Fixed MDIO Bus: probed
[    1.247766] CAN device driver interface
[    1.251907] bgmac_bcma: Broadcom 47xx GBit MAC driver loaded
[    1.258025] e1000e: Intel(R) PRO/1000 Network Driver - 3.2.6-k
[    1.263848] e1000e: Copyright(c) 1999 - 2015 Intel Corporation.
[    1.269769] igb: Intel(R) Gigabit Ethernet Network Driver - version 5.4.0-k
[    1.276718] igb: Copyright (c) 2007-2014 Intel Corporation.
[    1.283592] pegasus: v0.9.3 (2013/04/25), Pegasus/Pegasus II USB Ethernet driver
[    1.290997] usbcore: registered new interface driver pegasus
[    1.296661] usbcore: registered new interface driver asix
[    1.302054] usbcore: registered new interface driver ax88179_178a
[    1.308149] usbcore: registered new interface driver cdc_ether
[    1.313989] usbcore: registered new interface driver smsc75xx
[    1.319735] usbcore: registered new interface driver smsc95xx
[    1.325482] usbcore: registered new interface driver net1080
[    1.331135] usbcore: registered new interface driver cdc_subset
[    1.337055] usbcore: registered new interface driver zaurus
[    1.342630] usbcore: registered new interface driver cdc_ncm
[    1.348954] ehci_hcd: USB 2.0 'Enhanced' Host Controller (EHCI) Driver
[    1.355474] ehci-pci: EHCI PCI platform driver
[    1.359918] ehci-platform: EHCI generic platform driver
[    1.365208] ehci-orion: EHCI orion driver
[    1.369260] SPEAr-ehci: EHCI SPEAr driver
[    1.373303] ehci-st: EHCI STMicroelectronics driver
[    1.378221] ehci-exynos: EHCI EXYNOS driver
[    1.382445] ehci-atmel: EHCI Atmel driver
[    1.386493] tegra-ehci: Tegra EHCI driver
[    1.390553] ohci_hcd: USB 1.1 'Open' Host Controller (OHCI) Driver
[    1.396727] ohci-pci: OHCI PCI platform driver
[    1.401171] ohci-platform: OHCI generic platform driver
[    1.406450] SPEAr-ohci: OHCI SPEAr driver
[    1.410494] ohci-st: OHCI STMicroelectronics driver
[    1.415411] ohci-atmel: OHCI Atmel driver
[    1.419665] usbcore: registered new interface driver usb-storage
[    1.426810] elan_i2c 1-0015: 1-0015 supply vcc not found, using dummy regulator
[    1.435473] as3722-rtc as3722-rtc: rtc core: registered as3722-rtc as rtc0
[    1.442331] as3722-rtc as3722-rtc: RTC interrupt 372
[    1.449304] tegra_rtc 7000e000.rtc: rtc core: registered 7000e000.rtc as rtc1
[    1.456445] tegra_rtc 7000e000.rtc: Tegra internal Real Time Clock
[    1.462793] i2c /dev entries driver
[    1.468729] lm90 0-004c: 0-004c supply vcc not found, using dummy regulator
[    1.480185] sdhci: Secure Digital Host Controller Interface driver
[    1.486366] sdhci: Copyright(c) Pierre Ossman
[    1.491255] Synopsys Designware Multimedia Card Interface Driver
[    1.497699] sdhci-pltfm: SDHCI platform and OF driver helper
[    1.503631] sdhci-tegra 700b0000.sdhci: allocated mmc-pwrseq
[    1.517441] sdhci-tegra 700b0400.sdhci: Got CD GPIO
[    1.522311] sdhci-tegra 700b0400.sdhci: Got WP GPIO
[    1.541873] mmc0: Unknown controller version (3). You may experience problems.
[    1.549115] mmc0: Invalid maximum block size, assuming 512 bytes
[    1.604701] elan_i2c 1-0015: Elan Touchpad: Module ID: 0x002a, Firmware: 0x0005, Sample: 0x0007, IAP: 0x0009
[    1.613767] mmc0: SDHCI controller on 700b0600.sdhci [700b0600.sdhci] using ADMA
[    1.622028] ledtrig-cpu: registered to indicate activity on CPUs
[    1.622138] input: Elan Touchpad as /devices/soc0/7000c400.i2c/i2c-1/1-0015/input/input0
[    1.636213] usbcore: registered new interface driver usbhid
[    1.641770] usbhid: USB HID core driver
[    1.647039] NET: Registered protocol family 10
[    1.652822] Segment Routing with IPv6
[    1.656503] sit: IPv6, IPv4 and MPLS over IPv4 tunneling driver
[    1.662626] NET: Registered protocol family 17
[    1.667066] can: controller area network core (rev 20170425 abi 9)
[    1.673249] NET: Registered protocol family 29
[    1.677684] can: raw protocol (rev 20170425)
[    1.681941] can: broadcast manager protocol (rev 20170425 t)
[    1.687591] can: netlink gateway (rev 20170425) max_hops=1
[    1.693188] Key type dns_resolver registered
[    1.697683] ThumbEE CPU extension supported.
[    1.701943] Registering SWP/SWPB emulation handler
[    1.713658] +3.3V_RUN: supplied by +3.3V_SYS
[    1.718863] +VDD_LED: supplied by +VDD_MUX
[    1.723060] +3.3V_AVDD_HDMI_AP_GATED: supplied by +3.3V_RUN
[    1.728709] +1.8V_RUN_CAM: supplied by +3.3V_RUN
[    1.733402] +VDDIO_SDMMC3: supplied by +3.3V_RUN
[    1.738139] +1.8V_RUN_VPP_FUSE: supplied by +3.3V_RUN
[    1.743448] +5V_VDD_TS_SW: supplied by +5V_SYS
[    1.748264] +5V_USB_HS: supplied by +5V_SYS
[    1.752663] +5V_USB_SS: supplied by +5V_SYS
[    1.758103] +3.3V_PANEL: supplied by +3.3V_RUN
[    1.763559] +3.3V_LP0: supplied by +3.3V_SYS
[    1.768832] +1.05V_RUN_AVDD_HDMI_PLL: supplied by +1.05V_RUN
[    1.768945] elan_i2c 1-0015: failed to read report data: -121
[    1.780606] +5V_HDMI_CON: supplied by +5V_SYS
[    1.785744]  usb3-0: usb3-0 supply vbus not found, using dummy regulator
[    1.792472]  usb3-1: usb3-1 supply vbus not found, using dummy regulator
[    1.805910] tegra-sor 54540000.sor: failed to probe output: -517
[    1.812425] panel-simple panel: panel supply power not found, using dummy regulator
[    1.821150] sdhci-tegra 700b0000.sdhci: allocated mmc-pwrseq
[    1.833902] mmc1: Unknown controller version (3). You may experience problems.
[    1.841176] mmc1: Invalid maximum block size, assuming 512 bytes
[    1.847679] mmc1: Switching to 3.3V signalling voltage failed
[    1.859137] mmc0: new high speed MMC card at address 0001
[    1.864917] mmcblk0: mmc0:0001 MMC16G 14.4 GiB 
[    1.869562] mmcblk0boot0: mmc0:0001 MMC16G partition 1 2.00 MiB
[    1.875900] mmcblk0boot1: mmc0:0001 MMC16G partition 2 2.00 MiB
[    1.882068] mmcblk0rpmb: mmc0:0001 MMC16G partition 3 128 KiB
[    1.891893]  mmcblk0: p1 p2 p3 p4 p5 p6 p7 p8 p9 p10 p11 p12
[    1.903812] mmc1: SDHCI controller on 700b0000.sdhci [700b0000.sdhci] using ADMA
[    1.906619] elan_i2c 1-0015: invalid report id data (ff)
[    1.917258] sdhci-tegra 700b0400.sdhci: Got CD GPIO
[    1.922128] sdhci-tegra 700b0400.sdhci: Got WP GPIO
[    1.933917] mmc2: Unknown controller version (3). You may experience problems.
[    1.941213] mmc2: Invalid maximum block size, assuming 512 bytes
[    1.977666] mmc1: new high speed SDIO card at address 0001
[    2.003867] mmc2: SDHCI controller on 700b0400.sdhci [700b0400.sdhci] using ADMA
[    2.107354] [drm] Supports vblank timestamp caching Rev 2 (21.10.2013).
[    2.113973] [drm] No driver support for vblank timestamp query.
[    2.165228] mmc2: new high speed SDHC card at address 0007
[    2.165489] mmcblk2: mmc2:0007 SD08G 7.42 GiB 
[    2.174572] GPT:Primary header alternate_lba != Alt. header my_lba
[    2.174576] GPT:3014591 != 15564799
[    2.174577] GPT:Primary header thinks Alt. header is not at the end of the disk.
[    2.174578] GPT:3014591 != 15564799
[    2.174579] GPT: Use GNU Parted to correct GPT errors.
[    2.174605]  mmcblk2: p1 p2 p3 p4 p5 p6 p7 p8 p9 p10 p11 p12
[    2.202674] Console: switching to colour frame buffer device 170x48
[    2.266874] drm drm: fb0:  frame buffer device
[    2.271358] [drm] Initialized tegra 0.0.0 20120330 for drm on minor 0
[    2.278791] input: gpio-keys as /devices/soc0/gpio-keys/input/input1
[    2.286416] as3722-rtc as3722-rtc: setting system clock to 2000-01-01 00:00:23 UTC (946684823)
[    2.295425] +1.8V_RUN_CAM: disabling
[    2.299205] +3.3V_RUN_CAM: disabling
[    2.302938] +1.2V_RUN_CAM_FRONT: disabling
[    2.307306] +1.05V_RUN_CAM_REAR: disabling
[    2.311559] +2.8V_RUN_TOUCH: disabling
[    2.315543] +2.8V_RUN_CAM_AF: disabling
[    2.319536] +1.8V_RUN_VPP_FUSE: disabling
[    2.323700] +5V_VDD_TS_SW: disabling
[    2.327314] +5V_USB_HS: disabling
[    2.330626] +5V_USB_SS: disabling
[    2.334852] EXT4-fs (mmcblk0p3): couldn't mount as ext3 due to feature incompatibilities
[    2.343488] EXT4-fs (mmcblk0p3): couldn't mount as ext2 due to feature incompatibilities
[    2.518367] EXT4-fs (mmcblk0p3): recovery complete
[    2.523868] EXT4-fs (mmcblk0p3): mounted filesystem with ordered data mode. Opts: (null)
[    2.531972] VFS: Mounted root (ext4 filesystem) on device 179:3.
[    2.538677] devtmpfs: mounted
[    2.542336] Freeing unused kernel memory: 2048K
bash: cannot set terminal process group (-1): Inappropriate ioctl for device
bash: no job control in this shell
root@(none):/# mount -t sysfs none /sys
root@(none):/# 
root@(none):/# mount -t debugfs none /sys/kernel/debug
root@(none):/# 
root@(none):/# rtcwake -d rtc1 -m mem -s 3
rtcwake: assuming RTC uses UTC ...
rtcwake: wakeup from "mem" using /dev/rtc1 at Thu Jan  1 00:00:28 1970
[    5.786222] PM: Syncing filesystems ... done.
[    5.802370] Freezing user space processes ... (elapsed 0.001 seconds) done.
[    5.810513] OOM killer disabled.
[    5.813734] Freezing remaining freezable tasks ... (elapsed 0.001 seconds) done.
[    5.822345] Suspending console(s) (use no_console_suspend to debug)
[    5.867427] Disabling non-boot CPUs ...
[    6.074446] Entering suspend state LP1
[    6.074446] Suspended for 2.885 seconds
[    6.074457] Enabling non-boot CPUs ...
[    6.074803] CPU1 is up
[    6.075104] CPU2 is up
[    6.075407] CPU3 is up
[    6.234758] mmc1: Switching to 3.3V signalling voltage failed
[    6.493781] tegra-sor 54540000.sor: failed to attach SOR: -110
[    6.557489] OOM killer enabled.
[    6.560619] Restarting tasks ... done.
root@(none):/# 
root@(none):/# rtcwake -d rtc1 -m mem -s 3
rtcwake: assuming RTC uses UTC ...
rtcwake: wakeup from "mem" using /dev/rtc1 at Thu Jan  1 00:00:32 1970
[    6.973026] PM: Syncing filesystems ... done.
[    6.989330] Freezing user space processes ... (elapsed 0.001 seconds) done.
[    6.997393] OOM killer disabled.
[    7.000609] Freezing remaining freezable tasks ... (elapsed 0.001 seconds) done.
[    7.009152] Suspending console(s) (use no_console_suspend to debug)
[    7.053361] Disabling non-boot CPUs ...
[    7.213856] IRQ17 no longer affine to CPU3
[    7.214310] Entering suspend state LP1
[    7.214310] Suspended for 2.859 seconds
[    7.214321] Enabling non-boot CPUs ...
[    7.214673] CPU1 is up
[    7.214972] CPU2 is up
[    7.215270] CPU3 is up
[    7.375205] mmc1: Switching to 3.3V signalling voltage failed
[    7.633785] tegra-sor 54540000.sor: failed to attach SOR: -110
[    7.702252] OOM killer enabled.
[    7.705392] Restarting tasks ... done.
root@(none):/# 
root@(none):/# rtcwake -d rtc1 -m mem -s 3
rtcwake: assuming RTC uses UTC ...
rtcwake: wakeup from "mem" using /dev/rtc1 at Thu Jan  1 00:00:36 1970
[    8.113124] PM: Syncing filesystems ... done.
[    8.129913] Freezing user space processes ... (elapsed 0.001 seconds) done.
[    8.138056] OOM killer disabled.
[    8.141276] Freezing remaining freezable tasks ... (elapsed 0.001 seconds) done.
[    8.149891] Suspending console(s) (use no_console_suspend to debug)
[    8.195551] Disabling non-boot CPUs ...
[    8.354315] Entering suspend state LP1
[    8.354315] Suspended for 2.859 seconds
[    8.354326] Enabling non-boot CPUs ...
[    8.354678] CPU1 is up
[    8.354987] CPU2 is up
[    8.355296] CPU3 is up
[    8.513825] mmc1: Switching to 3.3V signalling voltage failed
[    8.773675] tegra-sor 54540000.sor: failed to attach SOR: -110
[    8.836495] OOM killer enabled.
[    8.839624] Restarting tasks ... done.
root@(none):/# 
root@(none):/# rtcwake -d rtc1 -m mem -s 3
rtcwake: assuming RTC uses UTC ...
rtcwake: wakeup from "mem" using /dev/rtc1 at Thu Jan  1 00:00:40 1970
[    9.252941] PM: Syncing filesystems ... done.
[    9.268521] Freezing user space processes ... (elapsed 0.001 seconds) done.
[    9.276659] OOM killer disabled.
[    9.279879] Freezing remaining freezable tasks ... (elapsed 0.001 seconds) done.
[    9.288499] Suspending console(s) (use no_console_suspend to debug)
[    9.334281] Disabling non-boot CPUs ...
[    9.373839] IRQ17 no longer affine to CPU1
[    9.494210] Entering suspend state LP1
[    9.494210] Suspended for 2.859 seconds
[    9.494220] Enabling non-boot CPUs ...
[    9.494573] CPU1 is up
[    9.494876] CPU2 is up
[    9.495184] CPU3 is up
[    9.654951] mmc1: Switching to 3.3V signalling voltage failed
[    9.913693] tegra-sor 54540000.sor: failed to attach SOR: -110
[    9.981750] OOM killer enabled.
[    9.984889] Restarting tasks ... done.
root@(none):/# 
root@(none):/# rtcwake -d rtc1 -m mem -s 3
rtcwake: assuming RTC uses UTC ...
rtcwake: wakeup from "mem" using /dev/rtc1 at Thu Jan  1 00:00:44 1970
[   10.402925] PM: Syncing filesystems ... done.
[   10.426200] Freezing user space processes ... (elapsed 0.001 seconds) done.
[   10.434335] OOM killer disabled.
[   10.437554] Freezing remaining freezable tasks ... (elapsed 0.001 seconds) done.
[   10.446171] Suspending console(s) (use no_console_suspend to debug)
[   10.490954] Disabling non-boot CPUs ...
[   10.674265] Entering suspend state LP1
[   10.674265] Suspended for 2.819 seconds
[   10.674276] Enabling non-boot CPUs ...
[   10.674631] CPU1 is up
[   10.674935] CPU2 is up
[   10.675240] CPU3 is up
[   10.833875] mmc1: Switching to 3.3V signalling voltage failed
[   11.093616] tegra-sor 54540000.sor: failed to attach SOR: -110
[   11.156380] OOM killer enabled.
[   11.159509] Restarting tasks ... done.
root@(none):/# 
root@(none):/# rtcwake -d rtc1 -m mem -s 3
rtcwake: assuming RTC uses UTC ...
rtcwake: wakeup from "mem" using /dev/rtc1 at Thu Jan  1 00:00:48 1970
[   11.572563] PM: Syncing filesystems ... done.
[   11.588408] Freezing user space processes ... (elapsed 0.001 seconds) done.
[   11.596474] OOM killer disabled.
[   11.599690] Freezing remaining freezable tasks ... (elapsed 0.001 seconds) done.
[   11.608253] Suspending console(s) (use no_console_suspend to debug)
[   11.654063] Disabling non-boot CPUs ...
[   11.703772] IRQ17 no longer affine to CPU1
[   11.834203] Entering suspend state LP1
[   11.834203] Suspended for 2.840 seconds
[   11.834213] Enabling non-boot CPUs ...
[   11.834566] CPU1 is up
[   11.834868] CPU2 is up
[   11.835179] CPU3 is up
[   11.994276] mmc1: Switching to 3.3V signalling voltage failed
[   12.253618] tegra-sor 54540000.sor: failed to attach SOR: -110
[   12.320930] OOM killer enabled.
[   12.324066] Restarting tasks ... done.
root@(none):/# 
root@(none):/# rtcwake -d rtc1 -m mem -s 3
rtcwake: assuming RTC uses UTC ...
rtcwake: wakeup from "mem" using /dev/rtc1 at Thu Jan  1 00:00:52 1970
[   12.732229] PM: Syncing filesystems ... done.
[   12.748853] Freezing user space processes ... (elapsed 0.001 seconds) done.
[   12.756989] OOM killer disabled.
[   12.760205] Freezing remaining freezable tasks ... (elapsed 0.001 seconds) done.
[   12.768756] Suspending console(s) (use no_console_suspend to debug)
[   12.813424] Disabling non-boot CPUs ...
[   12.963719] IRQ17 no longer affine to CPU3
[   12.964139] Entering suspend state LP1
[   12.964139] Suspended for 2.869 seconds
[   12.964150] Enabling non-boot CPUs ...
[   12.964503] CPU1 is up
[   12.964805] CPU2 is up
[   12.965114] CPU3 is up
[   13.123939] mmc1: Switching to 3.3V signalling voltage failed
[   13.383572] tegra-sor 54540000.sor: failed to attach SOR: -110
[   13.450526] OOM killer enabled.
[   13.453662] Restarting tasks ... done.
root@(none):/# 
root@(none):/# rtcwake -d rtc1 -m mem -s 3
rtcwake: assuming RTC uses UTC ...
rtcwake: wakeup from "mem" using /dev/rtc1 at Thu Jan  1 00:00:56 1970
[   13.862994] PM: Syncing filesystems ... done.
[   13.878452] Freezing user space processes ... (elapsed 0.001 seconds) done.
[   13.886589] OOM killer disabled.
[   13.889808] Freezing remaining freezable tasks ... (elapsed 0.001 seconds) done.
[   13.898446] Suspending console(s) (use no_console_suspend to debug)
[   13.944377] Disabling non-boot CPUs ...
[   14.023721] IRQ17 no longer affine to CPU1
[   14.144144] Entering suspend state LP1
[   14.144144] Suspended for 2.819 seconds
[   14.144154] Enabling non-boot CPUs ...
[   14.144506] CPU1 is up
[   14.144806] CPU2 is up
[   14.145109] CPU3 is up
[   14.304049] mmc1: Switching to 3.3V signalling voltage failed
[   14.563581] tegra-sor 54540000.sor: failed to attach SOR: -110
[   14.630619] OOM killer enabled.
[   14.633755] Restarting tasks ... done.
root@(none):/# 
root@(none):/# rtcwake -d rtc1 -m mem -s 3
rtcwake: assuming RTC uses UTC ...
rtcwake: wakeup from "mem" using /dev/rtc1 at Thu Jan  1 00:01:00 1970
[   15.042996] PM: Syncing filesystems ... done.
[   15.058568] Freezing user space processes ... (elapsed 0.001 seconds) done.
[   15.066707] OOM killer disabled.
[   15.069927] Freezing remaining freezable tasks ... (elapsed 0.001 seconds) done.
[   15.078560] Suspending console(s) (use no_console_suspend to debug)
[   15.124000] Disabling non-boot CPUs ...
[   15.223689] IRQ17 no longer affine to CPU2
[   15.284127] Entering suspend state LP1
[   15.284127] Suspended for 2.859 seconds
[   15.284138] Enabling non-boot CPUs ...
[   15.284492] CPU1 is up
[   15.284793] CPU2 is up
[   15.285095] CPU3 is up
[   15.443700] mmc1: Switching to 3.3V signalling voltage failed
[   15.703534] tegra-sor 54540000.sor: failed to attach SOR: -110
[   15.770358] OOM killer enabled.
[   15.773497] Restarting tasks ... done.
root@(none):/# 
root@(none):/# rtcwake -d rtc1 -m mem -s 3
rtcwake: assuming RTC uses UTC ...
rtcwake: wakeup from "mem" using /dev/rtc1 at Thu Jan  1 00:01:04 1970
[   16.182706] PM: Syncing filesystems ... done.
[   16.198306] Freezing user space processes ... (elapsed 0.001 seconds) done.
[   16.206442] OOM killer disabled.
[   16.209659] Freezing remaining freezable tasks ... (elapsed 0.001 seconds) done.
[   16.218246] Suspending console(s) (use no_console_suspend to debug)
[   16.263761] Disabling non-boot CPUs ...
[   16.414081] Entering suspend state LP1
[   16.414081] Suspended for 2.869 seconds
[   16.414092] Enabling non-boot CPUs ...
[   16.414446] CPU1 is up
[   16.414747] CPU2 is up
[   16.415052] CPU3 is up
[   16.573734] mmc1: Switching to 3.3V signalling voltage failed
[   16.833508] tegra-sor 54540000.sor: failed to attach SOR: -110
[   16.896237] OOM killer enabled.
[   16.899366] Restarting tasks ... done.
root@(none):/# 
root@(none):/# NVTB SYSTEM SUSPEND TEST COMPLETE
