
U-Boot SPL 2014.01-00219-gc4d376f (Feb 18 2014 - 19:57:18)


U-Boot 2014.01-00219-gc4d376f (Feb 18 2014 - 19:57:18)

TEGRA30
Board: NVIDIA Beaver
I2C:   ready
DRAM:  2 GiB
MMC:   Tegra SD/MMC: 0, Tegra SD/MMC: 1
In:    serial
Out:   serial
Err:   serial
Net:   Net Initialization Skipped
No ethernet found.
Hit any key to stop autoboot:  2  0 
Tegra30 (Beaver) # 
Tegra30 (Beaver) # usb reset
(Re)start USB...
USB0:   USB EHCI 1.00
scanning bus 0 for devices... 2 USB Device(s) found
       scanning usb for storage devices... 0 Storage Device(s) found
       scanning usb for ethernet devices... 
Warning: asx0 using MAC address from net device
1 Ethernet Device(s) found
Tegra30 (Beaver) # setenv bootargs 'ignore_loglevel console=ttyS0,115200n8 rw root=PARTUUID=edbe1840-3633-c751-7993-b0ac834f81e0 rootwait gpt debug noinitrd earlyprintk init=/bin/bash'
Tegra30 (Beaver) # setenv ipaddr 192.168.100.101; setenv serverip 192.168.100.1; setenv tftpserverip 192.168.100.1
Tegra30 (Beaver) # tftpboot 0x81000000 zImage.tegra_defconfig
Using asx0 device
TFTP from server 192.168.100.1; our IP address is 192.168.100.101
Filename 'zImage.tegra_defconfig'.
Load address: 0x81000000
Loading: *#################################################################
	 #################################################################
	 #################################################################
	 #################################################################
	 #################################################################
	 #################################################################
	 ###############################
	 3.3 MiB/s
done
Bytes transferred = 6166488 (5e17d8 hex)
Tegra30 (Beaver) # tftpboot 0x82000000 tegra30-beaver.dtb
Using asx0 device
TFTP from server 192.168.100.1; our IP address is 192.168.100.101
Filename 'tegra30-beaver.dtb'.
Load address: 0x82000000
Loading: *####
	 3.1 MiB/s
done
Bytes transferred = 51470 (c90e hex)
Tegra30 (Beaver) # bootz 0x81000000 - 0x82000000
Kernel image @ 0x81000000 [ 0x000000 - 0x5e17d8 ]
## Flattened Device Tree blob at 82000000
   Booting using the fdt blob at 0x82000000
   Loading Device Tree to 8fff0000, end 8ffff90d ... OK

Starting kernel ...

[    0.000000] Booting Linux on physical CPU 0x0
[    0.000000] Linux version 4.15.0-rc2-13952-gae64f9b (jonathanh@kaivo) (gcc version 4.7.3 20130328 (prerelease) (crosstool-NG linaro-1.13.1-4.7-2013.04-20130415 - Linaro GCC 2013.04)) #1 SMP PREEMPT Mon Dec 4 14:01:17 PST 2017
[    0.000000] CPU: ARMv7 Processor [412fc099] revision 9 (ARMv7), cr=10c5387d
[    0.000000] CPU: PIPT / VIPT nonaliasing data cache, VIPT aliasing instruction cache
[    0.000000] OF: fdt: Machine model: NVIDIA Tegra30 Beaver evaluation board
[    0.000000] debug: ignoring loglevel setting.
[    0.000000] bootconsole [earlycon0] enabled
[    0.000000] Memory policy: Data cache writealloc
[    0.000000] cma: Reserved 64 MiB at 0xfbc00000
[    0.000000] On node 0 totalpages: 524032
[    0.000000]   Normal zone: 1536 pages used for memmap
[    0.000000]   Normal zone: 0 pages reserved
[    0.000000]   Normal zone: 196608 pages, LIFO batch:31
[    0.000000]   HighMem zone: 327424 pages, LIFO batch:31
[    0.000000] random: fast init done
[    0.000000] percpu: Embedded 17 pages/cpu @(ptrval) s39104 r8192 d22336 u69632
[    0.000000] pcpu-alloc: s39104 r8192 d22336 u69632 alloc=17*4096
[    0.000000] pcpu-alloc: [0] 0 [0] 1 [0] 2 [0] 3 
[    0.000000] Built 1 zonelists, mobility grouping on.  Total pages: 522496
[    0.000000] Kernel command line: ignore_loglevel console=ttyS0,115200n8 rw root=PARTUUID=edbe1840-3633-c751-7993-b0ac834f81e0 rootwait gpt debug noinitrd earlyprintk init=/bin/bash
[    0.000000] Dentry cache hash table entries: 131072 (order: 7, 524288 bytes)
[    0.000000] Inode-cache hash table entries: 65536 (order: 6, 262144 bytes)
[    0.000000] Memory: 1998528K/2096128K available (9216K kernel code, 777K rwdata, 2556K rodata, 1024K init, 299K bss, 32064K reserved, 65536K cma-reserved, 1244160K highmem)
[    0.000000] Virtual kernel memory layout:
[    0.000000]     vector  : 0xffff0000 - 0xffff1000   (   4 kB)
[    0.000000]     fixmap  : 0xffc00000 - 0xfff00000   (3072 kB)
[    0.000000]     vmalloc : 0xf0800000 - 0xff800000   ( 240 MB)
[    0.000000]     lowmem  : 0xc0000000 - 0xf0000000   ( 768 MB)
[    0.000000]     pkmap   : 0xbfe00000 - 0xc0000000   (   2 MB)
[    0.000000]     modules : 0xbf000000 - 0xbfe00000   (  14 MB)
[    0.000000]       .text : 0x(ptrval) - 0x(ptrval)   (10208 kB)
[    0.000000]       .init : 0x(ptrval) - 0x(ptrval)   (1024 kB)
[    0.000000]       .data : 0x(ptrval) - 0x(ptrval)   ( 778 kB)
[    0.000000]        .bss : 0x(ptrval) - 0x(ptrval)   ( 300 kB)
[    0.000000] Preemptible hierarchical RCU implementation.
[    0.000000] 	Tasks RCU enabled.
[    0.000000] NR_IRQS: 16, nr_irqs: 16, preallocated irqs: 16
[    0.000000] /interrupt-controller@60004000: 160 interrupts forwarded to /interrupt-controller@50041000
[    0.000000] L2C: platform modifies aux control register: 0x02080000 -> 0x3e480001
[    0.000000] L2C: DT/platform modifies aux control register: 0x02080000 -> 0x3e480001
[    0.000000] L2C-310 erratum 769419 enabled
[    0.000000] L2C-310 enabling early BRESP for Cortex-A9
[    0.000000] L2C-310: enabling full line of zeros but not enabled in Cortex-A9
[    0.000000] L2C-310 dynamic clock gating enabled, standby mode enabled
[    0.000000] L2C-310 cache controller enabled, 8 ways, 1024 kB
[    0.000000] L2C-310: CACHE_ID 0x410000c7, AUX_CTRL 0x4e480001
[    0.000013] sched_clock: 32 bits at 1000kHz, resolution 1000ns, wraps every 2147483647500ns
[    0.006453] clocksource: timer_us: mask: 0xffffffff max_cycles: 0xffffffff, max_idle_ns: 1911260446275 ns
[    0.015981] Switching to timer-based delay loop, resolution 1000ns
[    0.022975] Console: colour dummy device 80x30
[    0.026570] Calibrating delay loop (skipped), value calculated using timer frequency.. 2.00 BogoMIPS (lpj=10000)
[    0.036700] pid_max: default: 32768 minimum: 301
[    0.041645] Mount-cache hash table entries: 2048 (order: 1, 8192 bytes)
[    0.047876] Mountpoint-cache hash table entries: 2048 (order: 1, 8192 bytes)
[    0.055610] CPU: Testing write buffer coherency: ok
[    0.060102] CPU0: thread -1, cpu 0, socket 0, mpidr 80000000
[    0.100013] Setting up static identity map for 0x80100000 - 0x801000a0
[    0.104722] Hierarchical SRCU implementation.
[    0.120407] Tegra Revision: A03 SKU: 128 CPU Process: 4 SoC Process: 0
[    0.139971] smp: Bringing up secondary CPUs ...
[    0.200393] CPU1: thread -1, cpu 1, socket 0, mpidr 80000001
[    0.280383] CPU2: thread -1, cpu 2, socket 0, mpidr 80000002
[    0.360382] CPU3: thread -1, cpu 3, socket 0, mpidr 80000003
[    0.360442] smp: Brought up 1 node, 4 CPUs
[    0.379523] SMP: Total of 4 processors activated (8.00 BogoMIPS).
[    0.385597] CPU: All CPU(s) started in SVC mode.
[    0.391299] devtmpfs: initialized
[    0.404018] VFP support v0.3: implementor 41 architecture 3 part 30 variant 9 rev 4
[    0.410180] clocksource: jiffies: mask: 0xffffffff max_cycles: 0xffffffff, max_idle_ns: 19112604462750000 ns
[    0.419575] futex hash table entries: 1024 (order: 4, 65536 bytes)
[    0.428935] pinctrl core: initialized pinctrl subsystem
[    0.433484] NET: Registered protocol family 16
[    0.438749] DMA: preallocated 256 KiB pool for atomic coherent allocations
[    0.444731] cpuidle: using governor menu
[    0.461333] No ATAGs?
[    0.461458] hw-breakpoint: found 5 (+1 reserved) breakpoint and 1 watchpoint registers.
[    0.469794] hw-breakpoint: maximum watchpoint size is 4 bytes.
[    0.477136] tegra-mc 7000f000.memory-controller: no memory timings for RAM code 3 registered
[    0.484178] iommu: Adding device reg-dummy to group 0
[    0.489057] iommu: Adding device 3000.pcie to group 1
[    0.494094] iommu: Adding device 50000000.host1x to group 2
[    0.499626] iommu: Adding device 54040000.mpe to group 3
[    0.504923] iommu: Adding device 54080000.vi to group 4
[    0.510127] iommu: Adding device 540c0000.epp to group 5
[    0.515406] iommu: Adding device 54100000.isp to group 6
[    0.520697] iommu: Adding device 54140000.gr2d to group 7
[    0.526058] iommu: Adding device 54180000.gr3d to group 8
[    0.531492] iommu: Adding device 54200000.dc to group 9
[    0.536658] iommu: Adding device 54240000.dc to group 10
[    0.541933] iommu: Adding device 54280000.hdmi to group 11
[    0.547388] iommu: Adding device 50040600.timer to group 12
[    0.552936] iommu: Adding device 50043000.cache-controller to group 13
[    0.559425] iommu: Adding device 60005000.timer to group 14
[    0.564989] iommu: Adding device 60007000.flow-controller to group 15
[    0.571396] iommu: Adding device 6000a000.dma to group 16
[    0.576757] iommu: Adding device 6000c000.ahb to group 17
[    0.582142] iommu: Adding device 6000d000.gpio to group 18
[    0.587599] iommu: Adding device 70000800.apbmisc to group 19
[    0.593323] iommu: Adding device 70000868.pinmux to group 20
[    0.598945] iommu: Adding device 70006000.serial to group 21
[    0.604590] iommu: Adding device 7000e000.rtc to group 22
[    0.609953] iommu: Adding device 7000c000.i2c to group 23
[    0.615334] iommu: Adding device 7000c400.i2c to group 24
[    0.620708] iommu: Adding device 7000c500.i2c to group 25
[    0.626078] iommu: Adding device 7000c700.i2c to group 26
[    0.631464] iommu: Adding device 7000d000.i2c to group 27
[    0.636819] iommu: Adding device 7000da00.spi to group 28
[    0.642202] iommu: Adding device 7000e400.pmc to group 29
[    0.647565] iommu: Adding device 7000f000.memory-controller to group 30
[    0.654175] iommu: Adding device 7000f800.fuse to group 31
[    0.659613] iommu: Adding device 70080000.ahub to group 32
[    0.665082] iommu: Adding device 78000000.sdhci to group 33
[    0.670636] iommu: Adding device 78000600.sdhci to group 34
[    0.676168] iommu: Adding device 7d000000.usb to group 35
[    0.681556] iommu: Adding device 7d000000.usb-phy to group 36
[    0.687259] iommu: Adding device 7d004000.usb to group 37
[    0.692643] iommu: Adding device 7d004000.usb-phy to group 38
[    0.698352] iommu: Adding device 7d008000.usb to group 39
[    0.703736] iommu: Adding device 7d008000.usb-phy to group 40
[    0.709451] iommu: Adding device pmu to group 41
[    0.714050] iommu: Adding device clocks to group 42
[    0.718890] iommu: Adding device gpio-leds to group 43
[    0.724016] iommu: Adding device regulators to group 44
[    0.729205] iommu: Adding device regulators:regulator@0 to group 45
[    0.735454] iommu: Adding device regulators:regulator@1 to group 46
[    0.741711] iommu: Adding device regulators:regulator@2 to group 47
[    0.747935] iommu: Adding device regulators:regulator@3 to group 48
[    0.754175] iommu: Adding device regulators:regulator@4 to group 49
[    0.760415] iommu: Adding device regulators:regulator@5 to group 50
[    0.766646] iommu: Adding device regulators:regulator@6 to group 51
[    0.772895] iommu: Adding device regulators:regulator@7 to group 52
[    0.779123] iommu: Adding device regulators:regulator@8 to group 53
[    0.785374] iommu: Adding device sound to group 54
[    0.804049] vdd_5v_sata: Failed to request enable GPIO30: -517
[    0.807968] reg-fixed-voltage regulators:regulator@3: Failed to register regulator: -517
[    0.816116] usb1_vbus: Failed to request enable GPIO238: -517
[    0.821780] reg-fixed-voltage regulators:regulator@4: Failed to register regulator: -517
[    0.829870] usb3_vbus: Failed to request enable GPIO236: -517
[    0.835537] reg-fixed-voltage regulators:regulator@5: Failed to register regulator: -517
[    0.843727] sys_3v3_pexs: Failed to request enable GPIO95: -517
[    0.849479] reg-fixed-voltage regulators:regulator@7: Failed to register regulator: -517
[    0.858700] vgaarb: loaded
[    0.860913] SCSI subsystem initialized
[    0.864177] libata version 3.00 loaded.
[    0.868066] usbcore: registered new interface driver usbfs
[    0.873297] usbcore: registered new interface driver hub
[    0.878591] usbcore: registered new device driver usb
[    0.888235] iommu: Adding device tps65910-gpio to group 55
[    0.892241] iommu: Adding device tps65910-pmic to group 56
[    0.899777] vrtc: supplied by vdd_5v_in
[    0.905042] vio: supplied by vdd_5v_in
[    0.911936] vdd1: supplied by vdd_5v_in
[    0.915234] vddio_ddr_1v2: Bringing 600000uV into 1200000-1200000uV
[    0.931925] vdd2: supplied by vdd_5v_in
[    0.951924] ldo1: supplied by vdd_1v5_gen
[    0.956450] ldo2: supplied by vdd_1v5_gen
[    0.959030] vdd_sata,avdd_plle: Bringing 1200000uV into 1050000-1050000uV
[    0.967590] ldo3: supplied by vdd_5v_in
[    0.971954] ldo4: supplied by vdd_5v_in
[    0.981918] ldo5: supplied by vdd_5v_in
[    0.991915] ldo6: supplied by vdd_1v8_gen
[    0.994504] avdd_dsi_csi,pwrdet_mipi: Bringing 1000000uV into 1200000-1200000uV
[    1.003578] ldo7: supplied by vdd_1v8_gen
[    1.011911] ldo8: supplied by vdd_1v8_gen
[    1.020226] iommu: Adding device tps65910-rtc to group 57
[    1.023803] iommu: Adding device tps65910-power to group 58
[    1.031251] Linux video capture interface: v2.00
[    1.034044] pps_core: LinuxPPS API ver. 1 registered
[    1.038889] pps_core: Software ver. 5.3.6 - Copyright 2005-2007 Rodolfo Giometti <giometti@linux.it>
[    1.048048] PTP clock support registered
[    1.052418] Advanced Linux Sound Architecture Driver Initialized.
[    1.058549] Bluetooth: Core ver 2.22
[    1.061576] NET: Registered protocol family 31
[    1.065929] Bluetooth: HCI device and connection manager initialized
[    1.072273] Bluetooth: HCI socket layer initialized
[    1.077112] Bluetooth: L2CAP socket layer initialized
[    1.082176] Bluetooth: SCO socket layer initialized
[    1.087583] clocksource: Switched to clocksource timer_us
[    1.156371] NET: Registered protocol family 2
[    1.159747] TCP established hash table entries: 8192 (order: 3, 32768 bytes)
[    1.165892] TCP bind hash table entries: 8192 (order: 4, 65536 bytes)
[    1.172361] TCP: Hash tables configured (established 8192 bind 8192)
[    1.179221] UDP hash table entries: 512 (order: 2, 16384 bytes)
[    1.184536] UDP-Lite hash table entries: 512 (order: 2, 16384 bytes)
[    1.191137] NET: Registered protocol family 1
[    1.195834] RPC: Registered named UNIX socket transport module.
[    1.201047] RPC: Registered udp transport module.
[    1.205706] RPC: Registered tcp transport module.
[    1.210396] RPC: Registered tcp NFSv4.1 backchannel transport module.
[    1.217290] iommu: Adding device regulatory.0 to group 59
[    1.222386] PCI: CLS 0 bytes, default 64
[    1.227311] hw perfevents: no interrupt-affinity property for /pmu, guessing.
[    1.233483] hw perfevents: enabled with armv7_cortex_a9 PMU driver, 7 counters available
[    1.241779] iommu: Adding device alarmtimer to group 60
[    1.247342] Initialise system trusted keyrings
[    1.251061] workingset: timestamp_bits=30 max_order=19 bucket_order=0
[    1.258212] squashfs: version 4.0 (2009/01/31) Phillip Lougher
[    1.263647] NFS: Registering the id_resolver key type
[    1.268140] Key type id_resolver registered
[    1.272266] Key type id_legacy registered
[    1.280249] Key type asymmetric registered
[    1.282431] Asymmetric key parser 'x509' registered
[    1.287558] bounce: pool size: 64 pages
[    1.291197] io scheduler noop registered (default)
[    1.295864] io scheduler mq-deadline registered
[    1.300387] io scheduler kyber registered
[    1.308884] tegra30-pinctrl 70000868.pinmux: invalid group "sdmmc3_dat6_pd3" for function "rsvd1"
[    1.315842] tegra30-pinctrl 70000868.pinmux: invalid group "sdmmc3_dat7_pd4" for function "rsvd1"
[    1.324702] tegra30-pinctrl 70000868.pinmux: invalid group "vi_vsync_pd6" for function "rsvd1"
[    1.333275] tegra30-pinctrl 70000868.pinmux: invalid group "vi_hsync_pd7" for function "rsvd1"
[    1.342355] tegra30-pinctrl 70000868.pinmux: invalid group "hdmi_int_pn7" for function "rsvd1"
[    1.350473] tegra30-pinctrl 70000868.pinmux: invalid group "ulpi_data3_po4" for function "rsvd1"
[    1.359532] tegra30-pinctrl 70000868.pinmux: invalid group "vi_d10_pt2" for function "rsvd1"
[    1.367594] tegra30-pinctrl 70000868.pinmux: invalid group "vi_d11_pt3" for function "rsvd1"
[    1.375990] tegra30-pinctrl 70000868.pinmux: invalid group "vi_d0_pt4" for function "rsvd1"
[    1.384350] tegra30-pinctrl 70000868.pinmux: invalid group "pu0" for function "rsvd1"
[    1.392140] tegra30-pinctrl 70000868.pinmux: invalid group "pu3" for function "rsvd1"
[    1.399945] tegra30-pinctrl 70000868.pinmux: invalid group "pu6" for function "rsvd1"
[    1.407753] tegra30-pinctrl 70000868.pinmux: invalid group "pv3" for function "rsvd1"
[    1.416011] tegra30-pinctrl 70000868.pinmux: invalid group "pbb0" for function "rsvd1"
[    1.423514] tegra30-pinctrl 70000868.pinmux: invalid group "pcc1" for function "rsvd1"
[    1.433036] tegra-pcie 3000.pcie: 2x3 configuration
[    1.436290] tegra-pcie 3000.pcie: Failed to get supply 'hvdd-pex': -517
[    1.446816] tegra-apbdma 6000a000.dma: Tegra20 APB DMA driver register 32 channels
[    1.453344] tegra-pmc 7000e400.pmc: i2c-thermtrip node not found, emergency thermal reset disabled.
[    1.461967] Serial: 8250/16550 driver, 4 ports, IRQ sharing disabled
[    1.467928] iommu: Adding device serial8250 to group 61
[    1.474438] console [ttyS0] disabled
[    1.476595] 70006000.serial: ttyS0 at MMIO 0x70006000 (irq = 331, base_baud = 25500000) is a Tegra
[    1.485546] console [ttyS0] enabled
[    1.485546] console [ttyS0] enabled
[    1.491740] bootconsole [earlycon0] disabled
[    1.491740] bootconsole [earlycon0] disabled
[    1.518690] tegra-hdmi 54280000.hdmi: failed to get HDMI regulator
[    1.536393] loop: module loaded
[    1.542514] m25p80 spi0.1: w25q32 (4096 Kbytes)
[    1.548641] iommu: Adding device Fixed MDIO bus.0 to group 62
[    1.554556] libphy: Fixed MDIO Bus: probed
[    1.558666] CAN device driver interface
[    1.562539] igb: Intel(R) Gigabit Ethernet Network Driver - version 5.4.0-k
[    1.569522] igb: Copyright (c) 2007-2014 Intel Corporation.
[    1.575191] pegasus: v0.9.3 (2013/04/25), Pegasus/Pegasus II USB Ethernet driver
[    1.582684] usbcore: registered new interface driver pegasus
[    1.588412] usbcore: registered new interface driver asix
[    1.593840] usbcore: registered new interface driver ax88179_178a
[    1.599976] usbcore: registered new interface driver cdc_ether
[    1.605848] usbcore: registered new interface driver smsc75xx
[    1.611669] usbcore: registered new interface driver smsc95xx
[    1.617442] usbcore: registered new interface driver net1080
[    1.623146] usbcore: registered new interface driver cdc_subset
[    1.629121] usbcore: registered new interface driver zaurus
[    1.634735] usbcore: registered new interface driver cdc_ncm
[    1.640611] tegra-phy 7d000000.usb-phy: no vbus regulator
[    1.647404] ehci_hcd: USB 2.0 'Enhanced' Host Controller (EHCI) Driver
[    1.653931] ehci-pci: EHCI PCI platform driver
[    1.658424] tegra-ehci: Tegra EHCI driver
[    1.663024] usbcore: registered new interface driver cdc_acm
[    1.668684] cdc_acm: USB Abstract Control Model driver for USB modems and ISDN adapters
[    1.676723] usbcore: registered new interface driver cdc_wdm
[    1.682435] usbcore: registered new interface driver usb-storage
[    1.691901] iommu: Adding device ci_hdrc.0 to group 63
[    1.702066] tegra_rtc 7000e000.rtc: rtc core: registered 7000e000.rtc as rtc1
[    1.709241] tegra_rtc 7000e000.rtc: Tegra internal Real Time Clock
[    1.728471] tps65910-rtc tps65910-rtc: rtc core: registered tps65910-rtc as rtc0
[    1.735929] i2c /dev entries driver
[    1.740406] usbcore: registered new interface driver uvcvideo
[    1.746137] USB Video Class driver (1.1.1)
[    1.750235] gspca_main: v2.14.0 registered
[    1.755044] tegra-wdt 60005000.timer: initialized (heartbeat = 120 sec, nowayout = 0)
[    1.763404] sdhci: Secure Digital Host Controller Interface driver
[    1.769582] sdhci: Copyright(c) Pierre Ossman
[    1.773924] sdhci-pltfm: SDHCI platform and OF driver helper
[    1.779811] sdhci-tegra 78000000.sdhci: Got CD GPIO
[    1.784685] sdhci-tegra 78000000.sdhci: Got WP GPIO
[    1.797876] mmc0: Invalid maximum block size, assuming 512 bytes
[    1.867752] mmc0: SDHCI controller on 78000000.sdhci [78000000.sdhci] using ADMA
[    1.884677] mmc1: Invalid maximum block size, assuming 512 bytes
[    1.947673] mmc1: SDHCI controller on 78000600.sdhci [78000600.sdhci] using ADMA
[    1.959243] usbcore: registered new interface driver usbhid
[    1.964865] usbhid: USB HID core driver
[    1.973395] iommu: Adding device snd-soc-dummy to group 64
[    2.009092] mmc1: new high speed MMC card at address 0001
[    2.015043] mmcblk1: mmc1:0001 SEM16G 14.8 GiB 
[    2.020022] mmcblk1boot0: mmc1:0001 SEM16G partition 1 1.00 MiB
[    2.027411] mmcblk1boot1: mmc1:0001 SEM16G partition 2 1.00 MiB
[    2.033528] mmcblk1rpmb: mmc1:0001 SEM16G partition 3 128 KiB, chardev (247:0)
[    2.043730] Primary GPT is invalid, using alternate GPT.
[    2.049063]  mmcblk1: p1 p2 p3 p4 p5
[    2.074675] mmc0: new ultra high speed DDR50 SDHC card at address aaaa
[    2.081760] mmcblk0: mmc0:aaaa SS04G 3.69 GiB 
[    2.108102]  mmcblk0: p1 p2 p3
[    2.409137] iommu: Adding device 70080400.i2s to group 65
[    2.415234] tegra30-i2s 70080400.i2s: DMA channels sourced from device 70080000.ahub
[    2.431106] tegra-snd-rt5640 sound: rt5640-aif1 <-> 70080400.i2s mapping ok
[    2.441229] input: NVIDIA Tegra Beaver Headphones as /devices/soc0/sound/sound/card0/input0
[    2.451277] NET: Registered protocol family 10
[    2.456882] Segment Routing with IPv6
[    2.460699] mip6: Mobile IPv6
[    2.463658] sit: IPv6, IPv4 and MPLS over IPv4 tunneling driver
[    2.470799] NET: Registered protocol family 17
[    2.475245] NET: Registered protocol family 15
[    2.479690] can: controller area network core (rev 20170425 abi 9)
[    2.486042] NET: Registered protocol family 29
[    2.490486] can: raw protocol (rev 20170425)
[    2.494743] can: broadcast manager protocol (rev 20170425 t)
[    2.500399] can: netlink gateway (rev 20170425) max_hops=1
[    2.506056] Bluetooth: RFCOMM socket layer initialized
[    2.511225] Bluetooth: RFCOMM ver 1.11
[    2.514970] Bluetooth: BNEP (Ethernet Emulation) ver 1.3
[    2.520284] Bluetooth: BNEP socket layer initialized
[    2.525234] Bluetooth: HIDP (Human Interface Emulation) ver 1.2
[    2.531150] Bluetooth: HIDP socket layer initialized
[    2.536312] Key type dns_resolver registered
[    2.540960] Registering SWP/SWPB emulation handler
[    2.546382] Loading compiled-in X.509 certificates
[    2.564447] vdd_ddr: supplied by vdd_5v_in
[    2.569395] vdd_5v_sata: supplied by vdd_5v_in
[    2.574158] usb1_vbus: supplied by vdd_5v_in
[    2.578783] usb3_vbus: supplied by vdd_5v_in
[    2.584279] sys_3v3,vdd_3v3_alw: supplied by vdd_5v_in
[    2.590266] sys_3v3_pexs: supplied by sys_3v3,vdd_3v3_alw
[    2.595826] +VDD_5V_HDMI: supplied by sys_3v3,vdd_3v3_alw
[    2.601520] tegra-pcie 3000.pcie: 2x3 configuration
[    2.610457] tegra-pcie 3000.pcie: probing port 0, using 2 lanes
[    2.674658] tegra-pcie 3000.pcie: probing port 2, using 2 lanes
[    3.084541] tegra-pcie 3000.pcie: link 2 down, retrying
[    3.493699] tegra-pcie 3000.pcie: link 2 down, retrying
[    3.902892] tegra-pcie 3000.pcie: link 2 down, retrying
[    3.910131] tegra-pcie 3000.pcie: link 2 down, ignoring
[    3.915490] tegra-pcie 3000.pcie: PCI host bridge to bus 0000:00
[    3.921504] pci_bus 0000:00: root bus resource [io  0x0000-0xffff]
[    3.927679] pci_bus 0000:00: root bus resource [mem 0x20000000-0x27ffffff]
[    3.934538] pci_bus 0000:00: root bus resource [mem 0x28000000-0x3fffffff pref]
[    3.941840] pci_bus 0000:00: root bus resource [bus 00-ff]
[    3.947355] pci 0000:00:01.0: [10de:0e1c] type 01 class 0x060400
[    3.953373] pci_bus 0000:00: 2-byte config write to 0000:00:01.0 offset 0x4 may corrupt adjacent RW1C bits
[    3.963016] pci_bus 0000:00: 2-byte config write to 0000:00:01.0 offset 0x4 may corrupt adjacent RW1C bits
[    3.972672] pci 0000:00:01.0: enabling Extended Tags
[    3.977634] pci_bus 0000:00: 2-byte config write to 0000:00:01.0 offset 0x88 may corrupt adjacent RW1C bits
[    3.987373] pci_bus 0000:00: 2-byte config write to 0000:00:01.0 offset 0x52 may corrupt adjacent RW1C bits
[    3.997118] pci 0000:00:01.0: PME# supported from D0 D1 D2 D3hot D3cold
[    4.003728] pci_bus 0000:00: 2-byte config write to 0000:00:01.0 offset 0x4c may corrupt adjacent RW1C bits
[    4.013635] pci_bus 0000:00: 2-byte config write to 0000:00:01.0 offset 0x3e may corrupt adjacent RW1C bits
[    4.023372] pci_bus 0000:00: 2-byte config write to 0000:00:01.0 offset 0x4 may corrupt adjacent RW1C bits
[    4.033014] pci_bus 0000:00: 1-byte config write to 0000:00:01.0 offset 0xc may corrupt adjacent RW1C bits
[    4.042654] PCI: bus0: Fast back to back transfers disabled
[    4.048223] pci 0000:00:01.0: bridge configuration invalid ([bus 00-00]), reconfiguring
[    4.056208] pci_bus 0000:00: 2-byte config write to 0000:00:01.0 offset 0x3e may corrupt adjacent RW1C bits
[    4.065937] pci_bus 0000:00: 2-byte config write to 0000:00:01.0 offset 0x3e may corrupt adjacent RW1C bits
[    4.075810] pci 0000:01:00.0: [10ec:8168] type 00 class 0x020000
[    4.081834] pci 0000:01:00.0: reg 0x10: [io  0x0000-0x00ff]
[    4.087409] pci 0000:01:00.0: reg 0x18: [mem 0x00000000-0x00000fff 64bit pref]
[    4.094638] pci 0000:01:00.0: reg 0x20: [mem 0x00000000-0x00003fff 64bit pref]
[    4.101990] PCI: bus1: Fast back to back transfers disabled
[    4.107552] pci_bus 0000:01: busn_res: [bus 01-ff] end is updated to 01
[    4.114193] pci 0000:00:01.0: BAR 9: assigned [mem 0x28000000-0x280fffff 64bit pref]
[    4.121931] pci 0000:00:01.0: BAR 7: assigned [io  0x1000-0x1fff]
[    4.128024] pci 0000:01:00.0: BAR 4: assigned [mem 0x28000000-0x28003fff 64bit pref]
[    4.135759] pci 0000:01:00.0: BAR 2: assigned [mem 0x28004000-0x28004fff 64bit pref]
[    4.143502] pci 0000:01:00.0: BAR 0: assigned [io  0x1000-0x10ff]
[    4.149594] pci 0000:00:01.0: PCI bridge to [bus 01]
[    4.154545] pci 0000:00:01.0:   bridge window [io  0x1000-0x1fff]
[    4.160634] pci 0000:00:01.0:   bridge window [mem 0x28000000-0x280fffff 64bit pref]
[    4.168394] pci 0000:00:01.0: nv_msi_ht_cap_quirk didn't locate host bridge
[    4.175432] pcieport 0000:00:01.0: enabling device (0140 -> 0143)
[    4.181799] pcieport 0000:00:01.0: Signaling PME with IRQ 375
[    4.187857] r8169 Gigabit Ethernet driver 2.3LK-NAPI loaded
[    4.193460] r8169 0000:01:00.0: enabling device (0140 -> 0143)
[    4.199318] r8169 0000:01:00.0 (unnamed net_device) (uninitialized): not PCI Express
[    4.208300] r8169 0000:01:00.0 eth0: RTL8168evl/8111evl at 0x245ecf50, 02:04:4b:01:60:a6, XID 0c900800 IRQ 18
[    4.218216] r8169 0000:01:00.0 eth0: jumbo features [frames: 9200 bytes, tx checksumming: ko]
[    4.230530] [drm] Supports vblank timestamp caching Rev 2 (21.10.2013).
[    4.237130] [drm] No driver support for vblank timestamp query.
[    4.243114] [drm] Cannot find any crtc or sizes
[    4.247755] [drm] Initialized tegra 0.0.0 20120330 for drm on minor 0
[    4.255249] tegra-ehci 7d004000.usb: EHCI Host Controller
[    4.260675] tegra-ehci 7d004000.usb: new USB bus registered, assigned bus number 1
[    4.268535] tegra-ehci 7d004000.usb: irq 344, io mem 0x7d004000
[    4.274511] [drm] Cannot find any crtc or sizes
[    4.297600] tegra-ehci 7d004000.usb: USB 2.0 started, EHCI 1.00
[    4.304666] hub 1-0:1.0: USB hub found
[    4.308450] hub 1-0:1.0: 1 port detected
[    4.312978] tegra-ehci 7d008000.usb: EHCI Host Controller
[    4.318393] tegra-ehci 7d008000.usb: new USB bus registered, assigned bus number 2
[    4.326210] tegra-ehci 7d008000.usb: irq 345, io mem 0x7d008000
[    4.357598] tegra-ehci 7d008000.usb: USB 2.0 started, EHCI 1.00
[    4.364556] hub 2-0:1.0: USB hub found
[    4.368336] hub 2-0:1.0: 1 port detected
[    4.376361] tps65910-rtc tps65910-rtc: setting system clock to 2000-01-01 00:00:02 UTC (946684802)
[    4.385712] cfg80211: Loading compiled-in X.509 certificates for regulatory database
[    4.397165] cfg80211: Loaded X.509 cert 'sforshee: 00b28ddf47aef9cea7'
[    4.403979] platform regulatory.0: Direct firmware load for regulatory.db failed with error -2
[    4.407860] vdd_sata,avdd_plle: disabling
[    4.413021] usb1_vbus: disabling
[    4.413026] ALSA device list:
[    4.413029]   #0: NVIDIA Tegra Beaver
[    4.426419] cfg80211: failed to load regulatory.db
[    4.433180] EXT4-fs (mmcblk1p1): mounting ext3 file system using the ext4 subsystem
[    4.449700] EXT4-fs (mmcblk1p1): warning: mounting fs with errors, running e2fsck is recommended
[    4.459977] EXT4-fs (mmcblk1p1): recovery complete
[    4.464765] EXT4-fs (mmcblk1p1): mounted filesystem with ordered data mode. Opts: (null)
[    4.472917] VFS: Mounted root (ext3 filesystem) on device 179:1.
[    4.490735] devtmpfs: mounted
[    4.495197] Freeing unused kernel memory: 1024K
bash: cannot set terminal process group (-1): Inappropriate ioctl for device
bash: no job control in this shell
root@(none):/# mount -t sysfs none /sys
root@(none):/# 
root@(none):/# [    5.418715] asix 2-1:1.0 eth1: register 'asix' at usb-7d008000.usb-1, ASIX AX88772 USB 2.0 Ethernet, 00:50:b6:0f:67:60
mount -t debugfs none /sys/kernel/debug
root@(none):/# 
root@(none):/# rtcwake -d rtc1 -m mem -s 3
rtcwake: wakeup from "mem" using /dev/rtc1 at Thu Jan  1 00:00:22 1970
[    7.266961] PM: suspend entry (deep)
[    7.270553] PM: Syncing filesystems ... done.
[    7.276569] Freezing user space processes ... (elapsed 0.001 seconds) done.
[    7.284625] OOM killer disabled.
[    7.287856] Freezing remaining freezable tasks ... (elapsed 0.001 seconds) done.
[    7.296359] Suspending console(s) (use no_console_suspend to debug)
[    7.382739] Disabling non-boot CPUs ...
[    7.567812] IRQ17 no longer affine to CPU3
[    7.568605] Entering suspend state LP1
[    7.568633] Enabling non-boot CPUs ...
[    7.570277] CPU1 is up
[    7.571859] CPU2 is up
[    7.573553] CPU3 is up
[    7.574100] pcieport 0000:00:01.0: nv_msi_ht_cap_quirk didn't locate host bridge
[    8.190165] OOM killer enabled.
[    8.193294] Restarting tasks ... done.
[    8.197954] PM: suspend exit
root@(none):/# 
root@(none):/# rtcwake -d rtc1 -m mem -s 3
rtcwake: wakeup from "mem" using /dev/rtc1 at Thu Jan  1 00:00:27 1970
[    9.260019] PM: suspend entry (deep)
[    9.263593] PM: Syncing filesystems ... done.
[    9.268761] Freezing user space processes ... (elapsed 0.001 seconds) done.
[    9.276820] OOM killer disabled.
[    9.280050] Freezing remaining freezable tasks ... (elapsed 0.001 seconds) done.
[    9.288558] Suspending console(s) (use no_console_suspend to debug)
[    9.327760] pci_generic_config_write32: 32 callbacks suppressed
[    9.327772] pci_bus 0000:00: 2-byte config write to 0000:00:01.0 offset 0x9c may corrupt adjacent RW1C bits
[    9.372197] Disabling non-boot CPUs ...
[    9.457842] IRQ17 no longer affine to CPU2
[    9.518216] Entering suspend state LP1
[    9.518250] Enabling non-boot CPUs ...
[    9.520109] CPU1 is up
[    9.521865] CPU2 is up
[    9.523733] CPU3 is up
[    9.524445] pci_bus 0000:00: 2-byte config write to 0000:00:01.0 offset 0x4c may corrupt adjacent RW1C bits
[    9.524455] pci_bus 0000:00: 2-byte config write to 0000:00:01.0 offset 0x88 may corrupt adjacent RW1C bits
[    9.524461] pci_bus 0000:00: 2-byte config write to 0000:00:01.0 offset 0x90 may corrupt adjacent RW1C bits
[    9.524466] pci_bus 0000:00: 2-byte config write to 0000:00:01.0 offset 0x98 may corrupt adjacent RW1C bits
[    9.524472] pci_bus 0000:00: 2-byte config write to 0000:00:01.0 offset 0x9c may corrupt adjacent RW1C bits
[    9.524494] pci_bus 0000:00: 2-byte config write to 0000:00:01.0 offset 0x52 may corrupt adjacent RW1C bits
[    9.524502] pci_bus 0000:00: 2-byte config write to 0000:00:01.0 offset 0x52 may corrupt adjacent RW1C bits
[    9.524508] pci_bus 0000:00: 2-byte config write to 0000:00:01.0 offset 0x5c may corrupt adjacent RW1C bits
[    9.524516] pci_bus 0000:00: 2-byte config write to 0000:00:01.0 offset 0x52 may corrupt adjacent RW1C bits
[    9.524537] pcieport 0000:00:01.0: nv_msi_ht_cap_quirk didn't locate host bridge
[   10.254826] OOM killer enabled.
[   10.257962] Restarting tasks ... done.
[   10.262252] PM: suspend exit
root@(none):/# 
root@(none):/# rtcwake -d rtc1 -m mem -s 3
rtcwake: wakeup from "mem" using /dev/rtc1 at Thu Jan  1 00:00:32 1970
[   11.209774] PM: suspend entry (deep)
[   11.213353] PM: Syncing filesystems ... done.
[   11.218787] Freezing user space processes ... (elapsed 0.001 seconds) done.
[   11.226877] OOM killer disabled.
[   11.230110] Freezing remaining freezable tasks ... (elapsed 0.001 seconds) done.
[   11.238658] Suspending console(s) (use no_console_suspend to debug)
[   11.322106] Disabling non-boot CPUs ...
[   11.427880] IRQ17 no longer affine to CPU2
[   11.498851] Entering suspend state LP1
[   11.498889] Enabling non-boot CPUs ...
[   11.500790] CPU1 is up
[   11.502562] CPU2 is up
[   11.504449] CPU3 is up
[   11.505168] pcieport 0000:00:01.0: nv_msi_ht_cap_quirk didn't locate host bridge
[   12.136240] OOM killer enabled.
[   12.139379] Restarting tasks ... done.
[   12.143612] PM: suspend exit
root@(none):/# 
root@(none):/# rtcwake -d rtc1 -m mem -s 3
rtcwake: wakeup from "mem" using /dev/rtc1 at Thu Jan  1 00:00:37 1970
[   13.191159] PM: suspend entry (deep)
[   13.194741] PM: Syncing filesystems ... done.
[   13.200672] Freezing user space processes ... (elapsed 0.001 seconds) done.
[   13.208776] OOM killer disabled.
[   13.211992] Freezing remaining freezable tasks ... (elapsed 0.001 seconds) done.
[   13.220530] Suspending console(s) (use no_console_suspend to debug)
[   13.310950] Disabling non-boot CPUs ...
[   13.467791] IRQ17 no longer affine to CPU3
[   13.468356] Entering suspend state LP1
[   13.468389] Enabling non-boot CPUs ...
[   13.470249] CPU1 is up
[   13.472050] CPU2 is up
[   13.473927] CPU3 is up
[   13.474621] pcieport 0000:00:01.0: nv_msi_ht_cap_quirk didn't locate host bridge
[   14.087284] OOM killer enabled.
[   14.090447] Restarting tasks ... done.
[   14.095615] PM: suspend exit
root@(none):/# 
root@(none):/# rtcwake -d rtc1 -m mem -s 3
rtcwake: wakeup from "mem" using /dev/rtc1 at Thu Jan  1 00:00:42 1970
[   15.159716] PM: suspend entry (deep)
[   15.163299] PM: Syncing filesystems ... done.
[   15.168232] Freezing user space processes ... (elapsed 0.001 seconds) done.
[   15.176329] OOM killer disabled.
[   15.179564] Freezing remaining freezable tasks ... (elapsed 0.001 seconds) done.
[   15.188128] Suspending console(s) (use no_console_suspend to debug)
[   15.229267] pci_generic_config_write32: 26 callbacks suppressed
[   15.229284] pci_bus 0000:00: 2-byte config write to 0000:00:01.0 offset 0x9c may corrupt adjacent RW1C bits
[   15.273874] Disabling non-boot CPUs ...
[   15.307985] IRQ17 no longer affine to CPU1
[   15.428796] Entering suspend state LP1
[   15.428829] Enabling non-boot CPUs ...
[   15.430725] CPU1 is up
[   15.432511] CPU2 is up
[   15.434409] CPU3 is up
[   15.435042] pci_bus 0000:00: 2-byte config write to 0000:00:01.0 offset 0x4c may corrupt adjacent RW1C bits
[   15.435057] pci_bus 0000:00: 2-byte config write to 0000:00:01.0 offset 0x88 may corrupt adjacent RW1C bits
[   15.435065] pci_bus 0000:00: 2-byte config write to 0000:00:01.0 offset 0x90 may corrupt adjacent RW1C bits
[   15.435070] pci_bus 0000:00: 2-byte config write to 0000:00:01.0 offset 0x98 may corrupt adjacent RW1C bits
[   15.435077] pci_bus 0000:00: 2-byte config write to 0000:00:01.0 offset 0x9c may corrupt adjacent RW1C bits
[   15.435098] pci_bus 0000:00: 2-byte config write to 0000:00:01.0 offset 0x52 may corrupt adjacent RW1C bits
[   15.435106] pci_bus 0000:00: 2-byte config write to 0000:00:01.0 offset 0x52 may corrupt adjacent RW1C bits
[   15.435112] pci_bus 0000:00: 2-byte config write to 0000:00:01.0 offset 0x5c may corrupt adjacent RW1C bits
[   15.435117] pci_bus 0000:00: 2-byte config write to 0000:00:01.0 offset 0x52 may corrupt adjacent RW1C bits
[   15.435139] pcieport 0000:00:01.0: nv_msi_ht_cap_quirk didn't locate host bridge
[   16.169874] OOM killer enabled.
[   16.173005] Restarting tasks ... done.
[   16.177286] PM: suspend exit
root@(none):/# 
root@(none):/# rtcwake -d rtc1 -m mem -s 3
rtcwake: wakeup from "mem" using /dev/rtc1 at Thu Jan  1 00:00:47 1970
[   17.134376] PM: suspend entry (deep)
[   17.137981] PM: Syncing filesystems ... done.
[   17.144419] Freezing user space processes ... (elapsed 0.001 seconds) done.
[   17.152541] OOM killer disabled.
[   17.155757] Freezing remaining freezable tasks ... (elapsed 0.001 seconds) done.
[   17.164317] Suspending console(s) (use no_console_suspend to debug)
[   17.250926] Disabling non-boot CPUs ...
[   17.307922] IRQ17 no longer affine to CPU1
[   17.428361] Entering suspend state LP1
[   17.428397] Enabling non-boot CPUs ...
[   17.430275] CPU1 is up
[   17.432054] CPU2 is up
[   17.433947] CPU3 is up
[   17.434584] pcieport 0000:00:01.0: nv_msi_ht_cap_quirk didn't locate host bridge
[   18.047692] OOM killer enabled.
[   18.050825] Restarting tasks ... done.
[   18.055087] PM: suspend exit
root@(none):/# 
root@(none):/# rtcwake -d rtc1 -m mem -s 3
rtcwake: wakeup from "mem" using /dev/rtc1 at Thu Jan  1 00:00:52 1970
[   19.121094] PM: suspend entry (deep)
[   19.124672] PM: Syncing filesystems ... done.
[   19.130590] Freezing user space processes ... (elapsed 0.001 seconds) done.
[   19.138704] OOM killer disabled.
[   19.141921] Freezing remaining freezable tasks ... (elapsed 0.001 seconds) done.
[   19.150483] Suspending console(s) (use no_console_suspend to debug)
[   19.244327] Disabling non-boot CPUs ...
[   19.347778] IRQ17 no longer affine to CPU2
[   19.398527] Entering suspend state LP1
[   19.398563] Enabling non-boot CPUs ...
[   19.400478] CPU1 is up
[   19.402253] CPU2 is up
[   19.404144] CPU3 is up
[   19.404782] pcieport 0000:00:01.0: nv_msi_ht_cap_quirk didn't locate host bridge
[   20.037085] OOM killer enabled.
[   20.040222] Restarting tasks ... done.
[   20.044503] PM: suspend exit
root@(none):/# 
root@(none):/# rtcwake -d rtc1 -m mem -s 3
rtcwake: wakeup from "mem" using /dev/rtc1 at Thu Jan  1 00:00:57 1970
[   21.090127] PM: suspend entry (deep)
[   21.093710] PM: Syncing filesystems ... done.
[   21.099236] Freezing user space processes ... (elapsed 0.001 seconds) done.
[   21.107337] OOM killer disabled.
[   21.110572] Freezing remaining freezable tasks ... (elapsed 0.001 seconds) done.
[   21.119138] Suspending console(s) (use no_console_suspend to debug)
[   21.158161] pci_generic_config_write32: 26 callbacks suppressed
[   21.158176] pci_bus 0000:00: 2-byte config write to 0000:00:01.0 offset 0x9c may corrupt adjacent RW1C bits
[   21.202859] Disabling non-boot CPUs ...
[   21.287760] IRQ17 no longer affine to CPU2
[   21.348230] Entering suspend state LP1
[   21.348263] Enabling non-boot CPUs ...
[   21.350156] CPU1 is up
[   21.351936] CPU2 is up
[   21.353826] CPU3 is up
[   21.354439] pci_bus 0000:00: 2-byte config write to 0000:00:01.0 offset 0x4c may corrupt adjacent RW1C bits
[   21.354452] pci_bus 0000:00: 2-byte config write to 0000:00:01.0 offset 0x88 may corrupt adjacent RW1C bits
[   21.354459] pci_bus 0000:00: 2-byte config write to 0000:00:01.0 offset 0x90 may corrupt adjacent RW1C bits
[   21.354464] pci_bus 0000:00: 2-byte config write to 0000:00:01.0 offset 0x98 may corrupt adjacent RW1C bits
[   21.354470] pci_bus 0000:00: 2-byte config write to 0000:00:01.0 offset 0x9c may corrupt adjacent RW1C bits
[   21.354492] pci_bus 0000:00: 2-byte config write to 0000:00:01.0 offset 0x52 may corrupt adjacent RW1C bits
[   21.354500] pci_bus 0000:00: 2-byte config write to 0000:00:01.0 offset 0x52 may corrupt adjacent RW1C bits
[   21.354506] pci_bus 0000:00: 2-byte config write to 0000:00:01.0 offset 0x5c may corrupt adjacent RW1C bits
[   21.354514] pci_bus 0000:00: 2-byte config write to 0000:00:01.0 offset 0x52 may corrupt adjacent RW1C bits
[   21.354534] pcieport 0000:00:01.0: nv_msi_ht_cap_quirk didn't locate host bridge
[   22.087918] OOM killer enabled.
[   22.091049] Restarting tasks ... done.
[   22.096997] PM: suspend exit
root@(none):/# 
root@(none):/# rtcwake -d rtc1 -m mem -s 3
rtcwake: wakeup from "mem" using /dev/rtc1 at Thu Jan  1 00:01:02 1970
[   23.040988] PM: suspend entry (deep)
[   23.044573] PM: Syncing filesystems ... done.
[   23.050166] Freezing user space processes ... (elapsed 0.001 seconds) done.
[   23.058289] OOM killer disabled.
[   23.061506] Freezing remaining freezable tasks ... (elapsed 0.001 seconds) done.
[   23.070072] Suspending console(s) (use no_console_suspend to debug)
[   23.165233] Disabling non-boot CPUs ...
[   23.247719] IRQ17 no longer affine to CPU2
[   23.308157] Entering suspend state LP1
[   23.308189] Enabling non-boot CPUs ...
[   23.310080] CPU1 is up
[   23.311845] CPU2 is up
[   23.313729] CPU3 is up
[   23.314380] pcieport 0000:00:01.0: nv_msi_ht_cap_quirk didn't locate host bridge
[   23.946633] OOM killer enabled.
[   23.949772] Restarting tasks ... done.
[   23.954046] PM: suspend exit
root@(none):/# 
root@(none):/# rtcwake -d rtc1 -m mem -s 3
rtcwake: wakeup from "mem" using /dev/rtc1 at Thu Jan  1 00:01:07 1970
[   25.000030] PM: suspend entry (deep)
[   25.003612] PM: Syncing filesystems ... done.
[   25.009049] Freezing user space processes ... (elapsed 0.001 seconds) done.
[   25.017147] OOM killer disabled.
[   25.020381] Freezing remaining freezable tasks ... (elapsed 0.001 seconds) done.
[   25.028945] Suspending console(s) (use no_console_suspend to debug)
[   25.113343] Disabling non-boot CPUs ...
[   25.237706] IRQ17 no longer affine to CPU2
[   25.288163] Entering suspend state LP1
[   25.288194] Enabling non-boot CPUs ...
[   25.290080] CPU1 is up
[   25.291875] CPU2 is up
[   25.293760] CPU3 is up
[   25.294396] pcieport 0000:00:01.0: nv_msi_ht_cap_quirk didn't locate host bridge
[   25.926996] OOM killer enabled.
[   25.930135] Restarting tasks ... done.
[   25.934413] PM: suspend exit
root@(none):/# 
root@(none):/# NVTB SYSTEM SUSPEND TEST COMPLETE
