[0000.737] [TegraBoot] (version 23.00.2015.14-mobile-1ef66670)
[0000.743] Processing in cold boot mode Bootloader 2
[0000.747] A01Q Bootrom Patch rev = 3
[0000.751] Power-up reason: pmu watchdog
[0000.754] No Battery Present
[0000.757] Platform has Ddr4 type ram
[0000.761] max77620 disabling SD1 Remote Sense
[0000.765] Setting Ddr voltage to 1125mv
[0000.769] Serial Number of Pmic Max77663: 0x40daf
[0000.777] Entering ramdump check
[0000.780] Get RamDumpCarveOut = 0x0
[0000.783] RamDumpCarveOut=0x0,  RamDumperFlag=0xe59ff3f8
[0000.788] Last reboot was clean, booting normally!
[0000.793] Sdram initialization is successful 
[0000.797] SecureOs Carveout Base=0xff800000 Size=0x00800000
[0000.802] GSC1 Carveout Base=0xff700000 Size=0x00100000
[0000.828] GSC2 Carveout Base=0xff600000 Size=0x00100000
[0000.854] GSC3 Carveout Base=0xff500000 Size=0x00100000
[0000.859] GSC4 Carveout Base=0xff400000 Size=0x00100000
[0000.864] GSC5 Carveout Base=0xff300000 Size=0x00100000
[0000.870] BpmpFw Carveout Base=0xff2c0000 Size=0x00040000
[0000.875] Lp0 Carveout Base=0xff2bf000 Size=0x00001000
[0000.890] RamDump Carveout Base=0xff23f000 Size=0x00080000
[0000.896] Platform-DebugCarveout: 0
[0000.899] Nck Carveout Base=0xff03f000 Size=0x00200000
[0000.948] Using GPT Primary to query partitions 
[0000.954] Loading Tboot-CPU binary
[0001.003] Verifying bootloader in OdmNonSecureSBK mode
[0001.012] Bootloader load address is 0xa0000000,                            entry address is 0xa0000258
[0001.022] Bootloader downloaded successfully.
[0001.026] Downloaded Tboot-CPU binary to 0xa0000258
[0001.031] MAX77620_GPIO1 Configured.
[0001.035] MAX77620_GPIO5 Configured.
[0001.038] CPU power rail is up
[0001.041] CPU clock enabled
[0001.045] Performing RAM repair
[0001.048] Updating A64 Warmreset Address to 0xa00002e9
[0001.067] Bootloader DTB Load Address: 0x83000000
[0001.085] Kernel DTB Load Address: 0x83080000
[0001.091] Loading cboot binary
[0001.184] Verifying bootloader in OdmNonSecureSBK mode
[0001.272] Bootloader load address is 0x8010fda8,                            entry address is 0x80110000
[0001.281] Bootloader downloaded successfully.
[0001.286] GPT: Partition NOT found ! 
[0001.289] Find Partition via GPT Failed
[0001.293] function NvTbootGetBinaryOffsets: 0x845208 error
[0001.298] Error in NvTbootLoadBinary: 0x845208 !
[0001.302] GPT: Partition NOT found ! 
[0001.306] No FB partition
[0001.308] Next binary entry address: 0x80110000 
[0001.313] BoardId: 2595
[0001.318] dram memory type is 3
[0001.323] WB0 init successful
[0001.350] Bpmp FW successfully loaded
[0001.353] Set NvDecSticky Bits
[0001.357] GSC1 address : ff700000
[0001.360] GSC2 address : ff600000
[0001.364] GSC3 address : ff500000
[0001.368] GSC4 address : ff400000
[0001.372] GSC5 address : ff300000
[0001.375] GSC MC Settings done
[0001.381] TOS old plaintext Image length 61440
[0001.387] *** Secure OS image signature not verified ***
[0001.392] Loading and Validation of Secure OS Successful
[0001.397] NvTbootPackSdramParams: start. 
[0001.402] NvTbootPackSdramParams: done. 
[0001.406] Tegraboot started after 730104 us
[0001.410] Basic modules init took 348749 us
[0001.414] Sec Bootdevice Read Time = 204 ms, Read Size = 8459 KB
[0001.420] Next stage binary read took 14385 us
[0001.424] Carveout took 253883 us
[0001.427] CPU initialization took 93002 us
[0001.431] Total time taken by TegraBoot 710019 us

[0001.436] Starting CPU & Halting co-processor 

64b[0001.571] LPDDR4 Training: Number of tables = 10
[0001.575] EMC Training (SRC-freq: 204000; DST-freq: 408000)
[0001.582] EMC Training Successful
[0001.585] EMC Training (SRC-freq: 204000; DST-freq: 665600)
[0001.590] EMC Training Successful
[0001.593] EMC Training (SRC-freq: 204000; DST-freq: 800000)
[0001.605] EMC Training Successful
[0001.608] EMC Training (SRC-freq: 204000; DST-freq: 1065600)
[0001.631] EMC Training Successful
[0001.634] EMC Training (SRC-freq: 204000; DST-freq: 1331200)
[0001.655] EMC Training Successful
[0001.658] EMC Training (SRC-freq: 204000; DST-freq: 1600000)
[0001.678] EMC Training Successful
[0001.681] Switching to 800000 KHz Success
[0001.714] LPDDR4 Training: Number of tables = 10


U-Boot 2015.07-rc2-g2ac3917 (Nov 09 2015 - 13:12:08 -0800)

TEGRA210
Model: NVIDIA P2371-0000
DRAM:  3 GiB
MC:   Tegra SD/MMC: 0, Tegra SD/MMC: 1
*** Warning - bad CRC, using default environment

In:    serial
Out:   serial
Err:   serial
Net:   Net Initialization Skipped
No ethernet found.
Hit any key to stop autoboot:  2  0 
Tegra210 (P2371-0000) # 
Tegra210 (P2371-0000) # ums 0 mmc 0
UMS: disk start sector: 0x0, count: 0x1d5a000
|/-\|/-\/-\|/-\/-\|/-\/-\|/-\/-\|/-\/-\|/-\/-\|/-\/-\|/-\/-CTRL+C - Operation aborted
Tegra210 (P2371-0000) # 
Tegra210 (P2371-0000) # env set fdt_copy_node_names /cpus:/psci
Tegra210 (P2371-0000) # setenv rootpart 1
Tegra210 (P2371-0000) # setenv devtype mmc
Tegra210 (P2371-0000) # setenv devnum 0
Tegra210 (P2371-0000) # part uuid ${devtype} ${devnum}:${rootpart} uuid
Tegra210 (P2371-0000) # setenv bootargs ignore_loglevel console=ttyS0,115200n8 earlycon=uart8250,mmio32,0x70006000 rw root=PARTUUID=00000000-0001-0000-788f-a75600000000 rootwait debug earlyprintk init=/bin/bash
Tegra210 (P2371-0000) # load ${devtype} ${devnum}:${rootpart} ${kernel_addr_r} /boot/Image.defconfig
16163328 bytes read in 824 ms (18.7 MiB/s)
Tegra210 (P2371-0000) # load ${devtype} ${devnum}:${rootpart} ${fdt_addr_r} /boot/tegra210-p2371-0000.dtb
45170 bytes read in 453 ms (96.7 KiB/s)
Tegra210 (P2371-0000) # load ${devtype} ${devnum}:${rootpart} ${ramdisk_addr_r} /boot/tegra-ramdisk.img
1627787 bytes read in 495 ms (3.1 MiB/s)
Tegra210 (P2371-0000) # ramdisk_size=${filesize}
Tegra210 (P2371-0000) # booti ${kernel_addr_r} - ${fdt_addr_r}
## Flattened Device Tree blob at 82000000
   Booting using the fdt blob at 0x82000000
   Using Device Tree in place at 0000000082000000, end 000000008200e071

Starting kernel ...

[    0.000000] Booting Linux on physical CPU 0x0
[    0.000000] Linux version 4.13.0-rc7-186788-gcc4a41f (jonathanh@kaivo) (gcc version 4.9.2 20140904 (prerelease) (crosstool-NG linaro-1.13.1-4.9-2014.09 - Linaro GCC 4.9-2014.09)) #1 SMP PREEMPT Sun Aug 27 17:40:18 PDT 2017
[    0.000000] Boot CPU: AArch64 Processor [411fd071]
[    0.000000] Machine model: NVIDIA Tegra210 P2371 (P2530/P2595) reference design
[    0.000000] debug: ignoring loglevel setting.
[    0.000000] earlycon: uart8250 at MMIO32 0x0000000070006000 (options '')
[    0.000000] bootconsole [uart8250] enabled
[    0.000000] efi: Getting EFI parameters from FDT:
[    0.000000] efi: UEFI not found.
[    0.000000] cma: Reserved 16 MiB at 0x00000000fe000000
[    0.000000] NUMA: No NUMA configuration found
[    0.000000] NUMA: Faking a node at [mem 0x0000000000000000-0x000000013fffffff]
[    0.000000] NUMA: NODE_DATA [mem 0x13ffab080-0x13ffacb7f]
[    0.000000] Zone ranges:
[    0.000000]   DMA      [mem 0x0000000080000000-0x00000000ffffffff]
[    0.000000]   Normal   [mem 0x0000000100000000-0x000000013fffffff]
[    0.000000] Movable zone start for each node
[    0.000000] Early memory node ranges
[    0.000000]   node   0: [mem 0x0000000080000000-0x00000000ff1fffff]
[    0.000000]   node   0: [mem 0x0000000100000000-0x000000013fffffff]
[    0.000000] Initmem setup node 0 [mem 0x0000000080000000-0x000000013fffffff]
[    0.000000] On node 0 totalpages: 782848
[    0.000000]   DMA zone: 8192 pages used for memmap
[    0.000000]   DMA zone: 0 pages reserved
[    0.000000]   DMA zone: 520704 pages, LIFO batch:31
[    0.000000]   Normal zone: 4096 pages used for memmap
[    0.000000]   Normal zone: 262144 pages, LIFO batch:31
[    0.000000] psci: probing for conduit method from DT.
[    0.000000] psci: PSCIv0.2 detected in firmware.
[    0.000000] psci: Using standard PSCI v0.2 function IDs
[    0.000000] psci: MIGRATE_INFO_TYPE not supported.
[    0.000000] percpu: Embedded 26 pages/cpu @ffff8000bff40000 s67456 r8192 d30848 u106496
[    0.000000] pcpu-alloc: s67456 r8192 d30848 u106496 alloc=26*4096
[    0.000000] pcpu-alloc: [0] 0 [0] 1 [0] 2 [0] 3 
[    0.000000] Detected PIPT I-cache on CPU0
[    0.000000] CPU features: enabling workaround for ARM erratum 832075
[    0.000000] CPU features: enabling workaround for ARM erratum 834220
[    0.000000] Built 1 zonelists in Node order, mobility grouping on.  Total pages: 770560
[    0.000000] Policy zone: Normal
[    0.000000] Kernel command line: ignore_loglevel console=ttyS0,115200n8 earlycon=uart8250,mmio32,0x70006000 rw root=PARTUUID=00000000-0001-0000-788f-a75600000000 rootwait debug earlyprintk init=/bin/bash
[    0.000000] PID hash table entries: 4096 (order: 3, 32768 bytes)
[    0.000000] software IO TLB [mem 0xfa000000-0xfe000000] (64MB) mapped at [ffff80007a000000-ffff80007dffffff]
[    0.000000] Memory: 2982844K/3131392K available (9084K kernel code, 1128K rwdata, 4448K rodata, 1088K init, 403K bss, 132164K reserved, 16384K cma-reserved)
[    0.000000] Virtual kernel memory layout:
[    0.000000]     modules : 0xffff000000000000 - 0xffff000008000000   (   128 MB)
[    0.000000]     vmalloc : 0xffff000008000000 - 0xffff7dffbfff0000   (129022 GB)
[    0.000000]       .text : 0xffff000008080000 - 0xffff000008960000   (  9088 KB)
[    0.000000]     .rodata : 0xffff000008960000 - 0xffff000008dc0000   (  4480 KB)
[    0.000000]       .init : 0xffff000008dc0000 - 0xffff000008ed0000   (  1088 KB)
[    0.000000]       .data : 0xffff000008ed0000 - 0xffff000008fea200   (  1129 KB)
[    0.000000]        .bss : 0xffff000008fea200 - 0xffff00000904f070   (   404 KB)
[    0.000000]     fixed   : 0xffff7dfffe7fd000 - 0xffff7dfffec00000   (  4108 KB)
[    0.000000]     PCI I/O : 0xffff7dfffee00000 - 0xffff7dffffe00000   (    16 MB)
[    0.000000]     vmemmap : 0xffff7e0000000000 - 0xffff800000000000   (  2048 GB maximum)
[    0.000000]               0xffff7e0000000000 - 0xffff7e0003000000   (    48 MB actual)
[    0.000000]     memory  : 0xffff800000000000 - 0xffff8000c0000000   (  3072 MB)
[    0.000000] SLUB: HWalign=64, Order=0-3, MinObjects=0, CPUs=4, Nodes=1
[    0.000000] Preemptible hierarchical RCU implementation.
[    0.000000] 	RCU restricting CPUs from NR_CPUS=64 to nr_cpu_ids=4.
[    0.000000] RCU: Adjusting geometry for rcu_fanout_leaf=16, nr_cpu_ids=4
[    0.000000] NR_IRQS: 64, nr_irqs: 64, preallocated irqs: 0
[    0.000000] GIC: Using split EOI/Deactivate mode
[    0.000000] /interrupt-controller@60004000: 192 interrupts forwarded to /interrupt-controller@50041000
[    0.000000] boot misc1 0x0: expected 0x20
[    0.000000]  (comparison mask = 0xffffff)
[    0.000000] PLL_X already enabled. Postponing set full defaults
[    0.000000] arch_timer: cp15 timer(s) running at 19.20MHz (phys).
[    0.000000] clocksource: arch_sys_counter: mask: 0xffffffffffffff max_cycles: 0x46d987e47, max_idle_ns: 440795202767 ns
[    0.000005] sched_clock: 56 bits at 19MHz, resolution 52ns, wraps every 4398046511078ns
[    0.008434] Console: colour dummy device 80x25
[    0.013074] Calibrating delay loop (skipped), value calculated using timer frequency.. 38.40 BogoMIPS (lpj=76800)
[    0.023686] pid_max: default: 32768 minimum: 301
[    0.028539] Security Framework initialized
[    0.035326] Dentry cache hash table entries: 524288 (order: 10, 4194304 bytes)
[    0.044073] Inode-cache hash table entries: 262144 (order: 9, 2097152 bytes)
[    0.051424] Mount-cache hash table entries: 8192 (order: 4, 65536 bytes)
[    0.058391] Mountpoint-cache hash table entries: 8192 (order: 4, 65536 bytes)
[    0.081845] ASID allocator initialised with 65536 entries
[    0.087497] Hierarchical SRCU implementation.
[    0.100948] Speedo Revision 4
[    0.104021] Tegra Revision: A01 SKU: 1 CPU Process: -22 SoC Process: -22
[    0.111884] EFI services will not be available.
[    0.124599] smp: Bringing up secondary CPUs ...
[    0.157421] Detected PIPT I-cache on CPU1
[    0.157463] CPU1: Booted secondary processor [411fd071]
[    0.185473] Detected PIPT I-cache on CPU2
[    0.185506] CPU2: Booted secondary processor [411fd071]
[    0.213537] Detected PIPT I-cache on CPU3
[    0.213568] CPU3: Booted secondary processor [411fd071]
[    0.213635] smp: Brought up 1 node, 4 CPUs
[    0.246520] SMP: Total of 4 processors activated.
[    0.251386] CPU features: detected feature: 32-bit EL0 Support
[    0.257596] CPU: All CPU(s) started at EL2
[    0.261848] alternatives: patching kernel code
[    0.270731] devtmpfs: initialized
[    0.282119] clocksource: jiffies: mask: 0xffffffff max_cycles: 0xffffffff, max_idle_ns: 7645041785100000 ns
[    0.292257] futex hash table entries: 1024 (order: 5, 131072 bytes)
[    0.299225] pinctrl core: initialized pinctrl subsystem
[    0.304809] random: fast init done
[    0.306036] DMI not present or invalid.
[    0.306340] NET: Registered protocol family 16
[    0.320943] cpuidle: using governor menu
[    0.325837] vdso: 2 pages (1 code @ ffff000008966000, 1 data @ ffff000008ed5000)
[    0.333514] hw-breakpoint: found 6 breakpoint and 4 watchpoint registers.
[    0.341475] DMA: preallocated 256 KiB pool for atomic allocations
[    0.349395] Serial: AMBA PL011 UART driver
[    0.375890] HugeTLB registered 2.00 MiB page size, pre-allocated 0 pages
[    0.383812] ACPI: Interpreter disabled.
[    0.388390] vgaarb: loaded
[    0.391435] SCSI subsystem initialized
[    0.396263] libata version 3.00 loaded.
[    0.400526] usbcore: registered new interface driver usbfs
[    0.406264] usbcore: registered new interface driver hub
[    0.411837] usbcore: registered new device driver usb
[    0.418001] pps_core: LinuxPPS API ver. 1 registered
[    0.423146] pps_core: Software ver. 5.3.6 - Copyright 2005-2007 Rodolfo Giometti <giometti@linux.it>
[    0.432609] PTP clock support registered
[    0.436783] EDAC MC: Ver: 3.0.0
[    0.440298] dmi: Firmware registration failed.
[    0.445149] Advanced Linux Sound Architecture Driver Initialized.
[    0.452101] clocksource: Switched to clocksource arch_sys_counter
[    0.458546] VFS: Disk quotas dquot_6.6.0
[    0.462661] VFS: Dquot-cache hash table entries: 512 (order 0, 4096 bytes)
[    0.469959] pnp: PnP ACPI: disabled
[    0.480341] NET: Registered protocol family 2
[    0.485354] TCP established hash table entries: 32768 (order: 6, 262144 bytes)
[    0.493143] TCP bind hash table entries: 32768 (order: 7, 524288 bytes)
[    0.500282] TCP: Hash tables configured (established 32768 bind 32768)
[    0.507175] UDP hash table entries: 2048 (order: 4, 65536 bytes)
[    0.513457] UDP-Lite hash table entries: 2048 (order: 4, 65536 bytes)
[    0.520277] NET: Registered protocol family 1
[    0.525078] RPC: Registered named UNIX socket transport module.
[    0.531245] RPC: Registered udp transport module.
[    0.536123] RPC: Registered tcp transport module.
[    0.540996] RPC: Registered tcp NFSv4.1 backchannel transport module.
[    0.547669] PCI: CLS 0 bytes, default 128
[    0.552432] kvm [1]: 8-bit VMID
[    0.555675] kvm [1]: IDMAP page: 80950000
[    0.559835] kvm [1]: HYP VA range: 800000000000:ffffffffffff
[    0.566550] kvm [1]: Hyp mode initialized successfully
[    0.571916] kvm [1]: vgic-v2@50044000
[    0.575808] kvm [1]: vgic interrupt IRQ1
[    0.579883] kvm [1]: virtual timer IRQ4
[    0.586058] audit: initializing netlink subsys (disabled)
[    0.591743] audit: type=2000 audit(0.511:1): state=initialized audit_enabled=0 res=1
[    0.592002] workingset: timestamp_bits=44 max_order=20 bucket_order=0
[    0.598627] squashfs: version 4.0 (2009/01/31) Phillip Lougher
[    0.599248] NFS: Registering the id_resolver key type
[    0.599268] Key type id_resolver registered
[    0.599271] Key type id_legacy registered
[    0.599282] nfs4filelayout_init: NFSv4 File Layout Driver Registering...
[    0.599415] 9p: Installing v9fs 9p2000 file system support
[    0.601731] Block layer SCSI generic (bsg) driver version 0.4 loaded (major 247)
[    0.601737] io scheduler noop registered
[    0.601926] io scheduler cfq registered (default)
[    0.601930] io scheduler mq-deadline registered
[    0.601933] io scheduler kyber registered
[    0.619447] tegra-apbdma 60020000.dma: Tegra20 APB DMA driver register 32 channels
[    0.621077] tegra-pmc 7000e400.pmc: i2c-thermtrip node not found, emergency thermal reset disabled.
[    0.624740] Serial: 8250/16550 driver, 4 ports, IRQ sharing enabled
[    0.626316] console [ttyS0] disabled
[    0.691622] 70006000.serial: ttyS0 at MMIO 0x70006000 (irq = 313, base_baud = 25500000) is a Tegra
[    0.700944] console [ttyS0] enabled
[    0.700944] console [ttyS0] enabled
[    0.708063] bootconsole [uart8250] disabled
[    0.708063] bootconsole [uart8250] disabled
[    0.716941] SuperH (H)SCI(F) driver initialized
[    0.721736] msm_serial: driver initialized
[    0.726321] cacheinfo: Unable to detect cache hierarchy for CPU 0
[    0.737733] loop: module loaded
[    0.741498] hisi_sas: driver version v1.6
[    0.747541] libphy: Fixed MDIO Bus: probed
[    0.752209] tun: Universal TUN/TAP device driver, 1.6
[    0.757988] e1000e: Intel(R) PRO/1000 Network Driver - 3.2.6-k
[    0.763831] e1000e: Copyright(c) 1999 - 2015 Intel Corporation.
[    0.769794] igb: Intel(R) Gigabit Ethernet Network Driver - version 5.4.0-k
[    0.776756] igb: Copyright (c) 2007-2014 Intel Corporation.
[    0.782382] igbvf: Intel(R) Gigabit Virtual Function Network Driver - version 2.4.0-k
[    0.790213] igbvf: Copyright (c) 2009 - 2012 Intel Corporation.
[    0.796373] sky2: driver version 1.30
[    0.800409] VFIO - User Level meta-driver version: 0.3
[    0.806523] ehci_hcd: USB 2.0 'Enhanced' Host Controller (EHCI) Driver
[    0.813069] ehci-pci: EHCI PCI platform driver
[    0.817559] ehci-platform: EHCI generic platform driver
[    0.822896] ehci-orion: EHCI orion driver
[    0.826982] ehci-exynos: EHCI EXYNOS driver
[    0.831238] ehci-msm: Qualcomm On-Chip EHCI Host Controller
[    0.836877] ohci_hcd: USB 1.1 'Open' Host Controller (OHCI) Driver
[    0.843072] ohci-pci: OHCI PCI platform driver
[    0.847556] ohci-platform: OHCI generic platform driver
[    0.852855] ohci-exynos: OHCI EXYNOS driver
[    0.857375] usbcore: registered new interface driver usb-storage
[    0.865054] tegra_rtc 7000e000.rtc: rtc core: registered 7000e000.rtc as rtc1
[    0.872232] tegra_rtc 7000e000.rtc: Tegra internal Real Time Clock
[    0.878522] i2c /dev entries driver
[    0.884345] sdhci: Secure Digital Host Controller Interface driver
[    0.890528] sdhci: Copyright(c) Pierre Ossman
[    0.895087] Synopsys Designware Multimedia Card Interface Driver
[    0.901615] sdhci-pltfm: SDHCI platform and OF driver helper
[    0.915628] mmc0: Unknown controller version (3). You may experience problems.
[    0.968156] mmc0: SDHCI controller on 700b0600.sdhci [700b0600.sdhci] using ADMA 64-bit
[    0.980409] ledtrig-cpu: registered to indicate activity on CPUs
[    0.987710] usbcore: registered new interface driver usbhid
[    0.993388] usbhid: USB HID core driver
[    1.002645] NET: Registered protocol family 17
[    1.007170] 9pnet: Installing 9P2000 support
[    1.011493] Key type dns_resolver registered
[    1.016406] registered taskstats version 1
[    1.029112] hctosys: unable to open rtc device (rtc0)
[    1.034736] ALSA device list:
[    1.037716]   No soundcards found.
[    1.041344] Waiting for root device PARTUUID=00000000-0001-0000-788f-a75600000000...
[    1.066490] mmc0: new high speed MMC card at address 0001
[    1.072239] mmcblk0: mmc0:0001 SDW16G 14.7 GiB 
[    1.076910] mmcblk0boot0: mmc0:0001 SDW16G partition 1 4.00 MiB
[    1.082953] mmcblk0boot1: mmc0:0001 SDW16G partition 2 4.00 MiB
[    1.089002] mmcblk0rpmb: mmc0:0001 SDW16G partition 3 4.00 MiB
[    1.097184]  mmcblk0: p1 p2 p3 p4 p5 p6 p7 p8 p9 p10 p11 p12 p13 p14 p15 p16 p17 p18
[    1.114253] EXT4-fs (mmcblk0p1): couldn't mount as ext3 due to feature incompatibilities
[    1.139949] EXT4-fs (mmcblk0p1): mounted filesystem with ordered data mode. Opts: (null)
[    1.148105] VFS: Mounted root (ext4 filesystem) on device 179:1.
[    1.158836] devtmpfs: mounted
[    1.162469] Freeing unused kernel memory: 1088K
bash: cannot set terminal process group (-1): Inappropriate ioctl for device
bash: no job control in this shell
root@(none):/# 