Diff for ./tegra30-beaver/tegra30-beaver/tegra_defconfig_log.txt
--- /tmp/fooa	2013-07-29 22:09:15.909497237 -0700
+++ /tmp/foob	2013-07-29 22:09:15.909497237 -0700
@@ -22,8 +22,8 @@
 Sending: 
 
 Transfer complete
-yzModem - CRC mode, 9(SOH)/4225(STX)/0(CAN) packets, 3 retries
-## Total Size      = 0x00420748 = 4327240 Bytes
+zModem - CRC mode, 4(SOH)/4226(STX)/0(CAN) packets, 3 retries
+## Total Size      = 0x004208c0 = 4327616 Bytes
 Tegra30 (Beaver) # loady 0x82000000
 ## Ready for binary (ymodem) download to 0x82000000 at 230400 bps...
 CSending: tegra30-beaver.dtb
@@ -42,7 +42,7 @@
 Booting Linux on physical CPU 0x0
 Initializing cgroup subsys cpu
 Initializing cgroup subsys cpuacct
-Linux version 3.11.0-rc2-11028-g3b2f64d (pwalmsley@tamien) (gcc version 4.5.1 (Sourcery G++ Lite 2010.09-50) ) #1 SMP PREEMPT Mon Jul 29 21:04:58 PDT 2013
+Linux version 3.11.0-rc3-11408-g5ae90d8 (pwalmsley@tamien) (gcc version 4.5.1 (Sourcery G++ Lite 2010.09-50) ) #1 SMP PREEMPT Mon Jul 29 21:25:45 PDT 2013
 CPU: ARMv7 Processor [412fc099] revision 9 (ARMv7), cr=10c5387d
 CPU: PIPT / VIPT nonaliasing data cache, VIPT aliasing instruction cache
 Machine: NVIDIA Tegra SoC (Flattened Device Tree), model: NVIDIA Tegra30 Beaver evaluation board
@@ -50,7 +50,7 @@
 cma: CMA: reserved 16 MiB at ae800000
 Memory policy: ECC disabled, Data cache writealloc
 On node 0 totalpages: 524032
-free_area_init_node: node 0, pgdat c07ff740, node_mem_map c0857000
+free_area_init_node: node 0, pgdat c07ff780, node_mem_map c0857000
   Normal zone: 1520 pages used for memmap
   Normal zone: 0 pages reserved
   Normal zone: 194560 pages, LIFO batch:31
@@ -79,8 +79,8 @@
     modules : 0xbf000000 - 0xbfe00000   (  14 MB)
       .text : 0xc0008000 - 0xc0779e34   (7624 kB)
       .init : 0xc077a000 - 0xc07b5540   ( 238 kB)
-      .data : 0xc07b6000 - 0xc0800e20   ( 300 kB)
-       .bss : 0xc0800e20 - 0xc0856650   ( 343 kB)
+      .data : 0xc07b6000 - 0xc0800e60   ( 300 kB)
+       .bss : 0xc0800e60 - 0xc0856690   ( 343 kB)
 Preemptible hierarchical RCU implementation.
 NR_IRQS:16 nr_irqs:16 16
 sched_clock: 32 bits at 1000kHz, resolution 1000ns, wraps every 4294967ms
@@ -92,7 +92,7 @@
 Initializing cgroup subsys freezer
 CPU: Testing write buffer coherency: ok
 CPU0: thread -1, cpu 0, socket 0, mpidr 80000000
-Setting up static identity map for 0xc0596d40 - 0xc0596dd8
+Setting up static identity map for 0xc0596dc0 - 0xc0596e58
 CPU1: Booted secondary processor
 CPU1: thread -1, cpu 1, socket 0, mpidr 80000001
 CPU2: Booted secondary processor
@@ -283,7 +283,7 @@
  
 INIT: version 2.88 booting
 Using makefile-style concurrent boot in runlevel S.
-Starting the hotplug events dispatcher: udevd[    2.674746] udevd[179]: starting version 175
+Starting the hotplug events dispatcher: udevd[    2.713064] udevd[179]: starting version 175
 [ ok .
 Synthesizing the initial hotplug events...[ ok done.
 Waiting for /dev to be fully populated...[ ok done.
@@ -306,8 +306,8 @@
 Using makefile-style concurrent boot in runlevel 2.
 Starting network benchmark server[FAIL failed!
 Starting rpcbind daemon...[....] Already running.[ ok .
-Starting NFS common utilities: statd idmapd[FAIL failed!
 Starting system message bus: dbus[ ok .
+Starting NFS common utilities: statd idmapd[FAIL failed!
 startpar: service(s) returned failure: nfs-common ...[FAIL failed!
 
 Debian GNU/Linux wheezy/sid armel ttyS0
Diff for ./tegra30-beaver/tegra30-beaver/multi_v7_defconfig_log.txt
--- /tmp/fooa	2013-07-29 22:09:15.917497250 -0700
+++ /tmp/foob	2013-07-29 22:09:15.921497256 -0700
@@ -22,15 +22,15 @@
 Sending: 
 
 Transfer complete
-odem - CRC mode, 3(SOH)/3856(STX)/0(CAN) packets, 3 retries
-## Total Size      = 0x003c4060 = 3948640 Bytes
+yzModem - CRC mode, 9(SOH)/3871(STX)/0(CAN) packets, 3 retries
+## Total Size      = 0x003c7f48 = 3964744 Bytes
 Tegra30 (Beaver) # loady 0x82000000
 ## Ready for binary (ymodem) download to 0x82000000 at 230400 bps...
 CSending: tegra30-beaver.dtb
 Sending: 
 
 Transfer complete
-Modem - CRC mode, 2(SOH)/17(STX)/0(CAN) packets, 3 retries
+xyzModem - CRC mode, 2(SOH)/17(STX)/0(CAN) packets, 3 retries
 ## Total Size      = 0x0000439d = 17309 Bytes
 Tegra30 (Beaver) # bootz 0x81000000 - 0x82000000
 ## Flattened Device Tree blob at 82000000
@@ -40,14 +40,14 @@
 Starting kernel ...
 
 Booting Linux on physical CPU 0x0
-Linux version 3.11.0-rc2-11028-g3b2f64d (pwalmsley@tamien) (gcc version 4.5.1 (Sourcery G++ Lite 2010.09-50) ) #1 SMP Mon Jul 29 21:07:27 PDT 2013
+Linux version 3.11.0-rc3-11408-g5ae90d8 (pwalmsley@tamien) (gcc version 4.5.1 (Sourcery G++ Lite 2010.09-50) ) #1 SMP Mon Jul 29 21:28:11 PDT 2013
 CPU: ARMv7 Processor [412fc099] revision 9 (ARMv7), cr=10c5387d
 CPU: PIPT / VIPT nonaliasing data cache, VIPT aliasing instruction cache
 Machine: NVIDIA Tegra SoC (Flattened Device Tree), model: NVIDIA Tegra30 Beaver evaluation board
 debug: ignoring loglevel setting.
 Memory policy: ECC disabled, Data cache writealloc
 On node 0 totalpages: 524032
-free_area_init_node: node 0, pgdat c07aa680, node_mem_map c07f2000
+free_area_init_node: node 0, pgdat c07b4a00, node_mem_map c07fc000
   DMA zone: 1520 pages used for memmap
   DMA zone: 0 pages reserved
   DMA zone: 194560 pages, LIFO batch:31
@@ -58,7 +58,7 @@
 Tegra Revision: A03 SKU: 128 CPU Process: 4 Core Process: 0
 L310 cache controller enabled
 l2x0: 8 ways, CACHE_ID 0x410000c7, AUX_CTRL 0x7e480001, Cache size: 1048576 B
-PERCPU: Embedded 5 pages/cpu @c1804000 s7168 r0 d13312 u32768
+PERCPU: Embedded 5 pages/cpu @c180e000 s7168 r0 d13312 u32768
 pcpu-alloc: s7168 r0 d13312 u32768 alloc=8*4096
 pcpu-alloc: [0] 0 [0] 1 [0] 2 [0] 3 
 Built 1 zonelists in Zone order, mobility grouping on.  Total pages: 522512
@@ -66,17 +66,17 @@
 PID hash table entries: 4096 (order: 2, 16384 bytes)
 Dentry cache hash table entries: 131072 (order: 7, 524288 bytes)
 Inode-cache hash table entries: 65536 (order: 6, 262144 bytes)
-Memory: 2070624K/2096128K available (5354K kernel code, 583K rwdata, 1404K rodata, 475K init, 278K bss, 25504K reserved, 1317888K highmem)
+Memory: 2070584K/2096128K available (5379K kernel code, 584K rwdata, 1412K rodata, 479K init, 279K bss, 25544K reserved, 1317888K highmem)
 Virtual kernel memory layout:
     vector  : 0xffff0000 - 0xffff1000   (   4 kB)
     fixmap  : 0xfff00000 - 0xfffe0000   ( 896 kB)
     vmalloc : 0xf0000000 - 0xff000000   ( 240 MB)
     lowmem  : 0xc0000000 - 0xef800000   ( 760 MB)
     pkmap   : 0xbfe00000 - 0xc0000000   (   2 MB)
-      .text : 0xc0008000 - 0xc06a1da0   (6760 kB)
-      .init : 0xc06a2000 - 0xc0718c00   ( 475 kB)
-      .data : 0xc071a000 - 0xc07abdc0   ( 584 kB)
-       .bss : 0xc07abdc0 - 0xc07f1614   ( 279 kB)
+      .text : 0xc0008000 - 0xc06aa034   (6793 kB)
+      .init : 0xc06ab000 - 0xc0722c00   ( 479 kB)
+      .data : 0xc0724000 - 0xc07b6140   ( 585 kB)
+       .bss : 0xc07b6140 - 0xc07fbe14   ( 280 kB)
 SLUB: HWalign=64, Order=0-3, MinObjects=0, CPUs=4, Nodes=1
 Hierarchical RCU implementation.
 NR_IRQS:16 nr_irqs:16 16
@@ -87,7 +87,7 @@
 Mount-cache hash table entries: 512
 CPU: Testing write buffer coherency: ok
 CPU0: thread -1, cpu 0, socket 0, mpidr 80000000
-Setting up static identity map for 0xc0515c88 - 0xc0515d20
+Setting up static identity map for 0xc051ba80 - 0xc051bb18
 unable to find compatible sirf rstc node in dtb
 CPU1: Booted secondary processor
 CPU1: thread -1, cpu 1, socket 0, mpidr 80000001
@@ -173,7 +173,6 @@
 ehci_hcd: USB 2.0 'Enhanced' Host Controller (EHCI) Driver
 ehci-pci: EHCI PCI platform driver
 ehci-platform: EHCI generic platform driver
-ehci-mxc: Freescale On-Chip EHCI Host driver
 ehci-omap: OMAP-EHCI Host Controller driver
 ehci-orion: EHCI orion driver
 SPEAr-ehci: EHCI SPEAr driver
@@ -210,7 +209,7 @@
 reg-fixed-voltage 7.regulator: Failed to find supply vin
 reg-fixed-voltage 7.regulator: Failed to register regulator: -517
 platform 7.regulator: Driver reg-fixed-voltage requests probe deferral
-tegra_rtc 7000e000.rtc: setting system clock to 1970-01-01 00:03:23 UTC (203)
+tegra_rtc 7000e000.rtc: setting system clock to 1970-01-01 00:03:24 UTC (204)
 Waiting for root device /dev/mmcblk0p1...
 mmc1: new high speed MMC card at address 0001
 mmcblk0: mmc1:0001 SEM16G 14.8 GiB 
@@ -233,11 +232,11 @@
 EXT4-fs (mmcblk0p1): mounted filesystem with ordered data mode. Opts: (null)
 VFS: Mounted root (ext3 filesystem) on device 179:1.
 devtmpfs: mounted
-Freeing unused kernel memory: 472K (c06a2000 - c0718000)
+Freeing unused kernel memory: 476K (c06ab000 - c0722000)
  
 INIT: version 2.88 booting
 Using makefile-style concurrent boot in runlevel S.
-Starting the hotplug events dispatcher: udevd[    2.135140] udevd[160]: starting version 175
+Starting the hotplug events dispatcher: udevd[    2.142901] udevd[159]: starting version 175
 [ ok .
 Synthesizing the initial hotplug events...[ ok done.
 Waiting for /dev to be fully populated...[ ok done.
Diff for ./tegra114-dalmore-headless/tegra114-dalmore/tegra_defconfig_log.txt
--- /tmp/fooa	2013-07-29 22:09:15.925497263 -0700
+++ /tmp/foob	2013-07-29 22:09:15.929497269 -0700
@@ -28,9 +28,9 @@
 TFTP from server 192.168.100.1; our IP address is 192.168.100.100
 Filename 'zImage.tegra_defconfig'.
 Load address: 0x81000000
-Loading: *#################################################  2.8 MiB/s
+Loading: *#################################################  2.6 MiB/s
 done
-Bytes transferred = 4327240 (420748 hex)
+Bytes transferred = 4327616 (4208c0 hex)
 Dalmore #tftpboot 0x82000000 tegra114-dalmore.dtb
 Using asx0 device
 TFTP from server 192.168.100.1; our IP address is 192.168.100.100
@@ -49,15 +49,15 @@
 Timer summary in microseconds:
        Mark    Elapsed  Stage
           0          0  awake
-  3,077,632  3,077,632  usb_start
-  7,081,118  4,003,486  eth_start
-  7,081,116         -2  tftp start
- 10,993,383  3,912,267  tftp done
- 13,093,468  2,100,085  start_kernel
+  3,047,274  3,047,274  usb_start
+  7,050,673  4,003,399  eth_start
+  7,050,671         -2  tftp start
+ 11,116,896  4,066,225  tftp done
+ 13,062,991  1,946,095  start_kernel
 Booting Linux on physical CPU 0x0
 Initializing cgroup subsys cpu
 Initializing cgroup subsys cpuacct
-Linux version 3.11.0-rc2-11028-g3b2f64d (pwalmsley@tamien) (gcc version 4.5.1 (Sourcery G++ Lite 2010.09-50) ) #1 SMP PREEMPT Mon Jul 29 21:04:58 PDT 2013
+Linux version 3.11.0-rc3-11408-g5ae90d8 (pwalmsley@tamien) (gcc version 4.5.1 (Sourcery G++ Lite 2010.09-50) ) #1 SMP PREEMPT Mon Jul 29 21:25:45 PDT 2013
 CPU: ARMv7 Processor [412fc0f2] revision 2 (ARMv7), cr=10c5387d
 CPU: PIPT / VIPT nonaliasing data cache, PIPT instruction cache
 Machine: NVIDIA Tegra SoC (Flattened Device Tree), model: NVIDIA Tegra114 Dalmore evaluation board
@@ -65,7 +65,7 @@
 cma: CMA: reserved 16 MiB at ae800000
 Memory policy: ECC disabled, Data cache writealloc
 On node 0 totalpages: 524032
-free_area_init_node: node 0, pgdat c07ff740, node_mem_map c0857000
+free_area_init_node: node 0, pgdat c07ff780, node_mem_map c0857000
   Normal zone: 1520 pages used for memmap
   Normal zone: 0 pages reserved
   Normal zone: 194560 pages, LIFO batch:31
@@ -90,8 +90,8 @@
     modules : 0xbf000000 - 0xbfe00000   (  14 MB)
       .text : 0xc0008000 - 0xc0779e34   (7624 kB)
       .init : 0xc077a000 - 0xc07b5540   ( 238 kB)
-      .data : 0xc07b6000 - 0xc0800e20   ( 300 kB)
-       .bss : 0xc0800e20 - 0xc0856650   ( 343 kB)
+      .data : 0xc07b6000 - 0xc0800e60   ( 300 kB)
+       .bss : 0xc0800e60 - 0xc0856690   ( 343 kB)
 Preemptible hierarchical RCU implementation.
 NR_IRQS:16 nr_irqs:16 16
 sched_clock: 32 bits at 1000kHz, resolution 1000ns, wraps every 4294967ms
@@ -110,7 +110,7 @@
 /cpus/cpu@2 missing clock-frequency property
 /cpus/cpu@3 missing clock-frequency property
 CPU0: thread -1, cpu 0, socket 0, mpidr 80000000
-Setting up static identity map for 0xc0596d40 - 0xc0596dd8
+Setting up static identity map for 0xc0596dc0 - 0xc0596e58
 CPU1: Booted secondary processor
 CPU1: thread -1, cpu 1, socket 0, mpidr 80000001
 CPU2: Booted secondary processor
Diff for ./tegra114-dalmore-headless/tegra114-dalmore/multi_v7_defconfig_log.txt
--- /tmp/fooa	2013-07-29 22:09:15.937497282 -0700
+++ /tmp/foob	2013-07-29 22:09:15.937497282 -0700
@@ -30,7 +30,7 @@
 Load address: 0x81000000
 Loading: *#################################################  2.8 MiB/s
 done
-Bytes transferred = 3948640 (3c4060 hex)
+Bytes transferred = 3964744 (3c7f48 hex)
 Dalmore #tftpboot 0x82000000 tegra114-dalmore.dtb
 Using asx0 device
 TFTP from server 192.168.100.1; our IP address is 192.168.100.100
@@ -49,27 +49,27 @@
 Timer summary in microseconds:
        Mark    Elapsed  Stage
           0          0  awake
-  2,923,778  2,923,778  usb_start
-  6,927,377  4,003,599  eth_start
-  6,927,375         -2  tftp start
- 10,762,521  3,835,146  tftp done
- 12,939,269  2,176,748  start_kernel
+  3,050,271  3,050,271  usb_start
+  7,053,914  4,003,643  eth_start
+  7,053,912         -2  tftp start
+ 10,897,766  3,843,854  tftp done
+ 13,066,247  2,168,481  start_kernel
 Booting Linux on physical CPU 0x0
-Linux version 3.11.0-rc2-11028-g3b2f64d (pwalmsley@tamien) (gcc version 4.5.1 (Sourcery G++ Lite 2010.09-50) ) #1 SMP Mon Jul 29 21:07:27 PDT 2013
+Linux version 3.11.0-rc3-11408-g5ae90d8 (pwalmsley@tamien) (gcc version 4.5.1 (Sourcery G++ Lite 2010.09-50) ) #1 SMP Mon Jul 29 21:28:11 PDT 2013
 CPU: ARMv7 Processor [412fc0f2] revision 2 (ARMv7), cr=10c5387d
 CPU: PIPT / VIPT nonaliasing data cache, PIPT instruction cache
 Machine: NVIDIA Tegra SoC (Flattened Device Tree), model: NVIDIA Tegra114 Dalmore evaluation board
 debug: ignoring loglevel setting.
 Memory policy: ECC disabled, Data cache writealloc
 On node 0 totalpages: 524032
-free_area_init_node: node 0, pgdat c07aa680, node_mem_map c07f2000
+free_area_init_node: node 0, pgdat c07b4a00, node_mem_map c07fc000
   DMA zone: 1520 pages used for memmap
   DMA zone: 0 pages reserved
   DMA zone: 194560 pages, LIFO batch:31
   HighMem zone: 2574 pages used for memmap
   HighMem zone: 329472 pages, LIFO batch:31
 Tegra Revision: A01 SKU: 0 CPU Process: 1 Core Process: 1
-PERCPU: Embedded 5 pages/cpu @c1807000 s7168 r0 d13312 u32768
+PERCPU: Embedded 5 pages/cpu @c1811000 s7168 r0 d13312 u32768
 pcpu-alloc: s7168 r0 d13312 u32768 alloc=8*4096
 pcpu-alloc: [0] 0 [0] 1 [0] 2 [0] 3 
 Built 1 zonelists in Zone order, mobility grouping on.  Total pages: 522512
@@ -77,17 +77,17 @@
 PID hash table entries: 4096 (order: 2, 16384 bytes)
 Dentry cache hash table entries: 131072 (order: 7, 524288 bytes)
 Inode-cache hash table entries: 65536 (order: 6, 262144 bytes)
-Memory: 2070608K/2096128K available (5354K kernel code, 583K rwdata, 1404K rodata, 475K init, 278K bss, 25520K reserved, 1317888K highmem)
+Memory: 2070568K/2096128K available (5379K kernel code, 584K rwdata, 1412K rodata, 479K init, 279K bss, 25560K reserved, 1317888K highmem)
 Virtual kernel memory layout:
     vector  : 0xffff0000 - 0xffff1000   (   4 kB)
     fixmap  : 0xfff00000 - 0xfffe0000   ( 896 kB)
     vmalloc : 0xf0000000 - 0xff000000   ( 240 MB)
     lowmem  : 0xc0000000 - 0xef800000   ( 760 MB)
     pkmap   : 0xbfe00000 - 0xc0000000   (   2 MB)
-      .text : 0xc0008000 - 0xc06a1da0   (6760 kB)
-      .init : 0xc06a2000 - 0xc0718c00   ( 475 kB)
-      .data : 0xc071a000 - 0xc07abdc0   ( 584 kB)
-       .bss : 0xc07abdc0 - 0xc07f1614   ( 279 kB)
+      .text : 0xc0008000 - 0xc06aa034   (6793 kB)
+      .init : 0xc06ab000 - 0xc0722c00   ( 479 kB)
+      .data : 0xc0724000 - 0xc07b6140   ( 585 kB)
+       .bss : 0xc07b6140 - 0xc07fbe14   ( 280 kB)
 SLUB: HWalign=64, Order=0-3, MinObjects=0, CPUs=4, Nodes=1
 Hierarchical RCU implementation.
 NR_IRQS:16 nr_irqs:16 16
@@ -105,7 +105,7 @@
 /cpus/cpu@2 missing clock-frequency property
 /cpus/cpu@3 missing clock-frequency property
 CPU0: thread -1, cpu 0, socket 0, mpidr 80000000
-Setting up static identity map for 0xc0515c88 - 0xc0515d20
+Setting up static identity map for 0xc051ba80 - 0xc051bb18
 unable to find compatible sirf rstc node in dtb
 CPU1: Booted secondary processor
 CPU1: thread -1, cpu 1, socket 0, mpidr 80000001
@@ -185,7 +185,6 @@
 ehci_hcd: USB 2.0 'Enhanced' Host Controller (EHCI) Driver
 ehci-pci: EHCI PCI platform driver
 ehci-platform: EHCI generic platform driver
-ehci-mxc: Freescale On-Chip EHCI Host driver
 ehci-omap: OMAP-EHCI Host Controller driver
 ehci-orion: EHCI orion driver
 SPEAr-ehci: EHCI SPEAr driver
@@ -258,7 +257,7 @@
 EXT4-fs (mmcblk0p1): mounted filesystem with ordered data mode. Opts: (null)
 VFS: Mounted root (ext3 filesystem) on device 179:1.
 devtmpfs: mounted
-Freeing unused kernel memory: 472K (c06a2000 - c0718000)
+Freeing unused kernel memory: 476K (c06ab000 - c0722000)
 bash: cannot set terminal process group (-1): Inappropriate ioctl for device
 bash: no job control in this shell
 I have no name!@(none):/#  
