[    0.000000] Booting Linux on physical CPU 0x0
[    0.000000] Linux version 4.5.0-rc7+ (pwalmsley@tamien) (gcc version 4.9.2 20140904 (prerelease) (crosstool-NG linaro-1.13.1-4.9-2014.09 - Linaro GCC 4.9-2014.09) ) #1 SMP PREEMPT Sun Mar 6 15:05:46 PST 2016
[    0.000000] Boot CPU: AArch64 Processor [411fd070]
[    0.000000] Memory limited to 1024MB
[    0.000000] efi: Getting EFI parameters from FDT:
[    0.000000] efi: UEFI not found.
[    0.000000] cma: Reserved 16 MiB at 0x000000007f000000
[    0.000000] psci: probing for conduit method from DT.
[    0.000000] psci: PSCIv0.2 detected in firmware.
[    0.000000] psci: Using standard PSCI v0.2 function IDs
[    0.000000] psci: Trusted OS migration not required
[    0.000000] PERCPU: Embedded 20 pages/cpu @ffffffc03efdb000 s41984 r8192 d31744 u81920
[    0.000000] Detected PIPT I-cache on CPU0
[    0.000000] CPU features: enabling workaround for ARM erratum 832075
[    0.000000] CPU features: enabling workaround for ARM erratum 834220
[    0.000000] Built 1 zonelists in Zone order, mobility grouping on.  Total pages: 258048
[    0.000000] Kernel command line: root=/dev/vda2 rw rootwait mem=1024M console=ttyAMA0,38400n8 init=/bin/bash
[    0.000000] PID hash table entries: 4096 (order: 3, 32768 bytes)
[    0.000000] Dentry cache hash table entries: 131072 (order: 8, 1048576 bytes)
[    0.000000] Inode-cache hash table entries: 65536 (order: 7, 524288 bytes)
[    0.000000] software IO TLB [mem 0x79c00000-0x7dc00000] (64MB) mapped at [ffffffc039c00000-ffffffc03dbfffff]
[    0.000000] Memory: 937056K/1048576K available (6520K kernel code, 590K rwdata, 2904K rodata, 724K init, 242K bss, 95136K reserved, 16384K cma-reserved)
[    0.000000] Virtual kernel memory layout:
[    0.000000]     vmalloc : 0xffffff8000000000 - 0xffffffbebfff0000   (   250 GB)
[    0.000000]     vmemmap : 0xffffffbec0000000 - 0xffffffbfc0000000   (     4 GB maximum)
[    0.000000]               0xffffffbec0000000 - 0xffffffbec1000000   (    16 MB actual)
[    0.000000]     fixed   : 0xffffffbffa7fd000 - 0xffffffbffac00000   (  4108 KB)
[    0.000000]     PCI I/O : 0xffffffbffae00000 - 0xffffffbffbe00000   (    16 MB)
[    0.000000]     modules : 0xffffffbffc000000 - 0xffffffc000000000   (    64 MB)
[    0.000000]     memory  : 0xffffffc000000000 - 0xffffffc040000000   (  1024 MB)
[    0.000000]       .init : 0xffffffc0009b7000 - 0xffffffc000a6c000   (   724 KB)
[    0.000000]       .text : 0xffffffc000080000 - 0xffffffc0009b62b4   (  9433 KB)
[    0.000000]       .data : 0xffffffc000a6c000 - 0xffffffc000aff800   (   590 KB)
[    0.000000] SLUB: HWalign=64, Order=0-3, MinObjects=0, CPUs=1, Nodes=1
[    0.000000] Preemptible hierarchical RCU implementation.
[    0.000000] 	Build-time adjustment of leaf fanout to 64.
[    0.000000] 	RCU restricting CPUs from NR_CPUS=64 to nr_cpu_ids=1.
[    0.000000] RCU: Adjusting geometry for rcu_fanout_leaf=64, nr_cpu_ids=1
[    0.000000] NR_IRQS:64 nr_irqs:64 0
[    0.000000] Architected cp15 timer(s) running at 62.50MHz (virt).
[    0.000000] clocksource: arch_sys_counter: mask: 0xffffffffffffff max_cycles: 0x1cd42e208c, max_idle_ns: 881590405314 ns
[    0.000155] sched_clock: 56 bits at 62MHz, resolution 16ns, wraps every 4398046511096ns
[    0.007545] Console: colour dummy device 80x25
[    0.008168] Calibrating delay loop (skipped), value calculated using timer frequency.. 125.00 BogoMIPS (lpj=250000)
[    0.008325] pid_max: default: 32768 minimum: 301
[    0.009119] Security Framework initialized
[    0.009566] Mount-cache hash table entries: 2048 (order: 2, 16384 bytes)
[    0.009607] Mountpoint-cache hash table entries: 2048 (order: 2, 16384 bytes)
[    0.032195] ASID allocator initialised with 65536 entries
[    0.054584] EFI services will not be available.
[    0.057112] Brought up 1 CPUs
[    0.057156] SMP: Total of 1 processors activated.
[    0.057382] CPU: All CPU(s) started at EL1
[    0.058032] alternatives: patching kernel code
[    0.071945] devtmpfs: initialized
[    0.080494] DMI not present or invalid.
[    0.082027] clocksource: jiffies: mask: 0xffffffff max_cycles: 0xffffffff, max_idle_ns: 7645041785100000 ns
[    0.084301] pinctrl core: initialized pinctrl subsystem
[    0.106758] NET: Registered protocol family 16
[    0.126879] cpuidle: using governor menu
[    0.127630] vdso: 2 pages (1 code @ ffffffc000a71000, 1 data @ ffffffc000a70000)
[    0.127910] hw-breakpoint: found 6 breakpoint and 4 watchpoint registers.
[    0.133879] DMA: preallocated 256 KiB pool for atomic allocations
[    0.136128] Serial: AMBA PL011 UART driver
[    0.171404] 9000000.pl011: ttyAMA0 at MMIO 0x9000000 (irq = 38, base_baud = 0) is a PL011 rev1
[    0.190064] console [ttyAMA0] enabled
[    0.300389] HugeTLB registered 2 MB page size, pre-allocated 0 pages
[    0.319824] vgaarb: loaded
[    0.321854] SCSI subsystem initialized
[    0.327352] usbcore: registered new interface driver usbfs
[    0.328283] usbcore: registered new interface driver hub
[    0.330271] usbcore: registered new device driver usb
[    0.331694] pps_core: LinuxPPS API ver. 1 registered
[    0.331878] pps_core: Software ver. 5.3.6 - Copyright 2005-2007 Rodolfo Giometti <giometti@linux.it>
[    0.332449] PTP clock support registered
[    0.334891] dmi: Firmware registration failed.
[    0.339067] Advanced Linux Sound Architecture Driver Initialized.
[    0.348112] clocksource: Switched to clocksource arch_sys_counter
[    0.351276] VFS: Disk quotas dquot_6.6.0
[    0.351686] VFS: Dquot-cache hash table entries: 512 (order 0, 4096 bytes)
[    0.409936] NET: Registered protocol family 2
[    0.416910] TCP established hash table entries: 8192 (order: 4, 65536 bytes)
[    0.417509] TCP bind hash table entries: 8192 (order: 5, 131072 bytes)
[    0.418107] TCP: Hash tables configured (established 8192 bind 8192)
[    0.419395] UDP hash table entries: 512 (order: 2, 16384 bytes)
[    0.419828] UDP-Lite hash table entries: 512 (order: 2, 16384 bytes)
[    0.421937] NET: Registered protocol family 1
[    0.428810] RPC: Registered named UNIX socket transport module.
[    0.429133] RPC: Registered udp transport module.
[    0.429359] RPC: Registered tcp transport module.
[    0.429579] RPC: Registered tcp NFSv4.1 backchannel transport module.
[    0.435021] kvm [1]: HYP mode not available
[    0.447855] futex hash table entries: 256 (order: 3, 32768 bytes)
[    0.466123] audit: initializing netlink subsys (disabled)
[    0.467092] audit: type=2000 audit(0.440:1): initialized
[    0.536682] squashfs: version 4.0 (2009/01/31) Phillip Lougher
[    0.546162] NFS: Registering the id_resolver key type
[    0.547076] Key type id_resolver registered
[    0.547304] Key type id_legacy registered
[    0.549335] fuse init (API version 7.24)
[    0.552008] 9p: Installing v9fs 9p2000 file system support
[    0.563753] io scheduler noop registered
[    0.565126] io scheduler cfq registered (default)
[    0.597354] xenfs: not registering filesystem on non-xen platform
[    0.620596] Serial: 8250/16550 driver, 4 ports, IRQ sharing disabled
[    0.630771] SuperH (H)SCI(F) driver initialized
[    0.633467] msm_serial: driver initialized
[    0.637246] Unable to detect cache hierarchy from DT for CPU 0
[    0.696981] loop: module loaded
[    0.737324]  vda: vda1 vda2
[    0.755323] tun: Universal TUN/TAP device driver, 1.6
[    0.755546] tun: (C) 1999-2004 Max Krasnyansky <maxk@qualcomm.com>
[    0.771851] e1000e: Intel(R) PRO/1000 Network Driver - 3.2.6-k
[    0.772606] e1000e: Copyright(c) 1999 - 2015 Intel Corporation.
[    0.773221] igb: Intel(R) Gigabit Ethernet Network Driver - version 5.3.0-k
[    0.773491] igb: Copyright (c) 2007-2014 Intel Corporation.
[    0.774551] igbvf: Intel(R) Gigabit Virtual Function Network Driver - version 2.0.2-k
[    0.774867] igbvf: Copyright (c) 2009 - 2012 Intel Corporation.
[    0.775747] sky2: driver version 1.30
[    0.779145] VFIO - User Level meta-driver version: 0.3
[    0.787461] ehci_hcd: USB 2.0 'Enhanced' Host Controller (EHCI) Driver
[    0.787807] ehci-pci: EHCI PCI platform driver
[    0.789297] ehci-platform: EHCI generic platform driver
[    0.790056] ohci_hcd: USB 1.1 'Open' Host Controller (OHCI) Driver
[    0.790409] ohci-pci: OHCI PCI platform driver
[    0.791054] ohci-platform: OHCI generic platform driver
[    0.793489] usbcore: registered new interface driver usb-storage
[    0.795473] mousedev: PS/2 mouse device common for all mice
[    0.806699] rtc-pl031 9010000.pl031: rtc core: registered pl031 as rtc0
[    0.814335] sdhci: Secure Digital Host Controller Interface driver
[    0.814583] sdhci: Copyright(c) Pierre Ossman
[    0.815513] Synopsys Designware Multimedia Card Interface Driver
[    0.817771] sdhci-pltfm: SDHCI platform and OF driver helper
[    0.819813] ledtrig-cpu: registered to indicate activity on CPUs
[    0.827465] usbcore: registered new interface driver usbhid
[    0.827836] usbhid: USB HID core driver
[    0.837502] NET: Registered protocol family 17
[    0.838802] 9pnet: Installing 9P2000 support
[    0.840680] Key type dns_resolver registered
[    0.844567] registered taskstats version 1
[    0.853757] rtc-pl031 9010000.pl031: setting system clock to 2016-03-06 23:06:15 UTC (1457305575)
[    0.855897] ALSA device list:
[    0.856700]   No soundcards found.
[    0.860379] uart-pl011 9000000.pl011: no DMA platform data
[    0.897344] EXT4-fs (vda2): couldn't mount as ext3 due to feature incompatibilities
[    0.982893] EXT4-fs (vda2): recovery complete
[    0.995558] EXT4-fs (vda2): mounted filesystem with ordered data mode. Opts: (null)
[    0.996461] VFS: Mounted root (ext4 filesystem) on device 254:2.
[    1.002875] devtmpfs: mounted
[    1.030258] Freeing unused kernel memory: 724K (ffffffc0009b7000 - ffffffc000a6c000)
bash: cannot set terminal process group (-1): Inappropriate ioctl for device
bash: no job control in this shell
bash-4.3# 