Diff for ./tegra30-beaver/tegra30-beaver/tegra_defconfig_log.txt
--- /tmp/fooa	2013-10-19 23:35:41.037836260 -0700
+++ /tmp/foob	2013-10-19 23:35:41.041836263 -0700
@@ -13,26 +13,8 @@
 In:    serial
 Out:   serial
 Err:   serial
-Hit any key to stop autoboot:  2  1  0 
-MMC: no card present
-mmc1(part 0) is current device
-Scanning mmc 1...
-MMC: no card present
-** Bad device mmc 1 **
-MMC: no card present
-** Bad device mmc 1 **
-MMC: no card present
-** Bad device mmc 1 **
-MMC: no card present
-** Bad device mmc 1 **
-mmc0(part 0) is current device
-Scanning mmc 0...
-** No partition table - mmc 0 **
-** No partition table - mmc 0 **
-** No partition table - mmc 0 **
-** No partition table - mmc 0 **
-Tegra30 (Beaver) # a
-Unknown command 'a' - try 'help'
+Hit any key to stop autoboot:  2  0 
+Tegra30 (Beaver) # 
 Tegra30 (Beaver) # setenv bootargs 'console=ttyS0,230400n8 noinitrd root=/dev/mmcblk0p1 rw rootwait gpt ignore_loglevel debug'
 Tegra30 (Beaver) # loady 0x81000000
 ## Ready for binary (ymodem) download to 0x81000000 at 230400 bps...
@@ -40,15 +22,15 @@
 Sending: 
 
 Transfer complete
-zModem - CRC mode, 8(SOH)/4381(STX)/0(CAN) packets, 3 retries
-## Total Size      = 0x004476e8 = 4486888 Bytes
+yzModem - CRC mode, 8(SOH)/4380(STX)/0(CAN) packets, 3 retries
+## Total Size      = 0x004472a8 = 4485800 Bytes
 Tegra30 (Beaver) # loady 0x82000000
 ## Ready for binary (ymodem) download to 0x82000000 at 230400 bps...
 CSending: tegra30-beaver.dtb
 Sending: 
 
 Transfer complete
-xyzModem - CRC mode, 6(SOH)/20(STX)/0(CAN) packets, 3 retries
+yzModem - CRC mode, 6(SOH)/20(STX)/0(CAN) packets, 3 retries
 ## Total Size      = 0x000051a8 = 20904 Bytes
 Tegra30 (Beaver) # bootz 0x81000000 - 0x82000000
 ## Flattened Device Tree blob at 82000000
@@ -58,7 +40,7 @@
 Starting kernel .ø†ø†æ€˜€æ€˜€fæžÎžæžøÎxÎøÎžøž~8˜†žøžf†ø†ø†8xþžøžf†8àÎžþž`Îžøž~8~€žf8æÎxžfžø†æ€˜€[    0.000000] Booting Linux on physical CPU 0x0
 Initializing cgroup subsys cpu
 Initializing cgroup subsys cpuacct
-Linux version 3.12.0-rc5-23779-g61e6cfa (pwalmsley@tamien) (gcc version 4.5.1 (Sourcery G++ Lite 2010.09-50) ) #1 SMP PREEMPT Mon Oct 14 12:06:14 PDT 2013
+Linux version 3.12.0-rc6-23919-g31d141e (pwalmsley@tamien) (gcc version 4.5.1 (Sourcery G++ Lite 2010.09-50) ) #1 SMP PREEMPT Sat Oct 19 23:28:24 PDT 2013
 CPU: ARMv7 Processor [412fc099] revision 9 (ARMv7), cr=10c5387d
 CPU: PIPT / VIPT nonaliasing data cache, VIPT aliasing instruction cache
 Machine: NVIDIA Tegra SoC (Flattened Device Tree), model: NVIDIA Tegra30 Beaver evaluation board
@@ -66,7 +48,7 @@
 cma: CMA: reserved 16 MiB at ae800000
 Memory policy: ECC disabled, Data cache writealloc
 On node 0 totalpages: 524032
-free_area_init_node: node 0, pgdat c084ef80, node_mem_map c08a7000
+free_area_init_node: node 0, pgdat c084cf80, node_mem_map c08a5000
   Normal zone: 1520 pages used for memmap
   Normal zone: 0 pages reserved
   Normal zone: 194560 pages, LIFO batch:31
@@ -77,7 +59,7 @@
 Tegra Revision: A03 SKU: 128 CPU Process: 4 Core Process: 0
 L310 cache controller enabled
 l2x0: 8 ways, CACHE_ID 0x410000c7, AUX_CTRL 0x7e480001, Cache size: 1024 kB
-PERCPU: Embedded 8 pages/cpu @c18ba000 s9088 r8192 d15488 u32768
+PERCPU: Embedded 8 pages/cpu @c18b8000 s9088 r8192 d15488 u32768
 pcpu-alloc: s9088 r8192 d15488 u32768 alloc=8*4096
 pcpu-alloc: [0] 0 [0] 1 [0] 2 [0] 3 
 Built 1 zonelists in Zone order, mobility grouping on.  Total pages: 522512
@@ -85,7 +67,7 @@
 PID hash table entries: 4096 (order: 2, 16384 bytes)
 Dentry cache hash table entries: 131072 (order: 7, 524288 bytes)
 Inode-cache hash table entries: 65536 (order: 6, 262144 bytes)
-Memory: 2053424K/2096128K available (6112K kernel code, 305K rwdata, 1816K rodata, 236K init, 343K bss, 42704K reserved, 1317888K highmem)
+Memory: 2053432K/2096128K available (6108K kernel code, 305K rwdata, 1816K rodata, 236K init, 342K bss, 42696K reserved, 1317888K highmem)
 Virtual kernel memory layout:
     vector  : 0xffff0000 - 0xffff1000   (   4 kB)
     fixmap  : 0xfff00000 - 0xfffe0000   ( 896 kB)
@@ -93,10 +75,10 @@
     lowmem  : 0xc0000000 - 0xef800000   ( 760 MB)
     pkmap   : 0xbfe00000 - 0xc0000000   (   2 MB)
     modules : 0xbf000000 - 0xbfe00000   (  14 MB)
-      .text : 0xc0008000 - 0xc07c64ec   (7930 kB)
-      .init : 0xc07c7000 - 0xc0802380   ( 237 kB)
-      .data : 0xc0804000 - 0xc08505c0   ( 306 kB)
-       .bss : 0xc08505cc - 0xc08a641c   ( 344 kB)
+      .text : 0xc0008000 - 0xc07c54b4   (7926 kB)
+      .init : 0xc07c6000 - 0xc0801380   ( 237 kB)
+      .data : 0xc0802000 - 0xc084e5c0   ( 306 kB)
+       .bss : 0xc084e5cc - 0xc08a415c   ( 343 kB)
 Preemptible hierarchical RCU implementation.
 NR_IRQS:16 nr_irqs:16 16
 sched_clock: 32 bits at 1000kHz, resolution 1000ns, wraps every 4294967ms
@@ -108,7 +90,7 @@
 Initializing cgroup subsys freezer
 CPU: Testing write buffer coherency: ok
 CPU0: thread -1, cpu 0, socket 0, mpidr 80000000
-Setting up static identity map for 0xc05d01a8 - 0xc05d0240
+Setting up static identity map for 0xc05cfcf0 - 0xc05cfd88
 CPU1: Booted secondary processor
 CPU1: thread -1, cpu 1, socket 0, mpidr 80000001
 CPU2: Booted secondary processor
@@ -336,7 +318,7 @@
 tegra-ehci 7d008000.usb: USB 2.0 started, EHCI 1.00
 hub 1-0:1.0: USB hub found
 hub 1-0:1.0: 1 port detected
-tegra_rtc 7000e000.rtc: setting system clock to 1970-01-01 00:03:52 UTC (232)
+tegra_rtc 7000e000.rtc: setting system clock to 1970-01-01 00:03:51 UTC (231)
 ALSA device list:
   #0: NVIDIA Tegra Beaver
 kjournald starting.  Commit interval 5 seconds
@@ -345,11 +327,11 @@
 EXT3-fs (mmcblk0p1): mounted filesystem with writeback data mode
 VFS: Mounted root (ext3 filesystem) on device 179:1.
 devtmpfs: mounted
-Freeing unused kernel memory: 236K (c07c7000 - c0802000)
+Freeing unused kernel memory: 236K (c07c6000 - c0801000)
  
 INIT: version 2.88 booting
 Using makefile-style concurrent boot in runlevel S.
-Starting the hotplug events dispatcher: udevd[    4.179409] udevd[178]: starting version 175
+Starting the hotplug events dispatcher: udevd[    4.111594] udevd[178]: starting version 175
 [ ok .
 Synthesizing the initial hotplug events...[ ok done.
 Waiting for /dev to be fully populated...[ ok done.
Diff for ./tegra30-beaver/tegra30-beaver/multi_v7_defconfig_log.txt
--- /tmp/fooa	2013-10-19 23:35:41.045836266 -0700
+++ /tmp/foob	2013-10-19 23:35:41.049836269 -0700
@@ -22,8 +22,8 @@
 Sending: 
 
 Transfer complete
-yzModem - CRC mode, 2(SOH)/3847(STX)/0(CAN) packets, 3 retries
-## Total Size      = 0x003c1b88 = 3939208 Bytes
+yzModem - CRC mode, 4(SOH)/3846(STX)/0(CAN) packets, 3 retries
+## Total Size      = 0x003c1888 = 3938440 Bytes
 Tegra30 (Beaver) # loady 0x82000000
 ## Ready for binary (ymodem) download to 0x82000000 at 230400 bps...
 CSending: tegra30-beaver.dtb
@@ -40,14 +40,14 @@
 Starting kernel ...
 
 Booting Linux on physical CPU 0x0
-Linux version 3.12.0-rc5-23779-g61e6cfa (pwalmsley@tamien) (gcc version 4.5.1 (Sourcery G++ Lite 2010.09-50) ) #1 SMP Mon Oct 14 12:09:41 PDT 2013
+Linux version 3.12.0-rc6-23919-g31d141e (pwalmsley@kaivo) (gcc version 4.5.1 (Sourcery G++ Lite 2010.09-50) ) #1 SMP Sat Oct 19 23:26:53 PDT 2013
 CPU: ARMv7 Processor [412fc099] revision 9 (ARMv7), cr=10c5387d
 CPU: PIPT / VIPT nonaliasing data cache, VIPT aliasing instruction cache
 Machine: NVIDIA Tegra SoC (Flattened Device Tree), model: NVIDIA Tegra30 Beaver evaluation board
 debug: ignoring loglevel setting.
 Memory policy: ECC disabled, Data cache writealloc
 On node 0 totalpages: 524032
-free_area_init_node: node 0, pgdat c07a2a00, node_mem_map c07ea000
+free_area_init_node: node 0, pgdat c07a2a40, node_mem_map c07ea000
   DMA zone: 1520 pages used for memmap
   DMA zone: 0 pages reserved
   DMA zone: 194560 pages, LIFO batch:31
@@ -66,17 +66,17 @@
 PID hash table entries: 4096 (order: 2, 16384 bytes)
 Dentry cache hash table entries: 131072 (order: 7, 524288 bytes)
 Inode-cache hash table entries: 65536 (order: 6, 262144 bytes)
-Memory: 2070644K/2096128K available (5332K kernel code, 589K rwdata, 1388K rodata, 474K init, 278K bss, 25484K reserved, 1317888K highmem)
+Memory: 2070644K/2096128K available (5332K kernel code, 590K rwdata, 1388K rodata, 474K init, 278K bss, 25484K reserved, 1317888K highmem)
 Virtual kernel memory layout:
     vector  : 0xffff0000 - 0xffff1000   (   4 kB)
     fixmap  : 0xfff00000 - 0xfffe0000   ( 896 kB)
     vmalloc : 0xf0000000 - 0xff000000   ( 240 MB)
     lowmem  : 0xc0000000 - 0xef800000   ( 760 MB)
     pkmap   : 0xbfe00000 - 0xc0000000   (   2 MB)
-      .text : 0xc0008000 - 0xc069851c   (6722 kB)
+      .text : 0xc0008000 - 0xc06984f4   (6722 kB)
       .init : 0xc0699000 - 0xc070fb40   ( 475 kB)
-      .data : 0xc0710000 - 0xc07a37e0   ( 590 kB)
-       .bss : 0xc07a37e8 - 0xc07e9334   ( 279 kB)
+      .data : 0xc0710000 - 0xc07a3820   ( 591 kB)
+       .bss : 0xc07a3828 - 0xc07e9074   ( 279 kB)
 SLUB: HWalign=64, Order=0-3, MinObjects=0, CPUs=4, Nodes=1
 Hierarchical RCU implementation.
 NR_IRQS:16 nr_irqs:16 16
@@ -87,7 +87,7 @@
 Mount-cache hash table entries: 512
 CPU: Testing write buffer coherency: ok
 CPU0: thread -1, cpu 0, socket 0, mpidr 80000000
-Setting up static identity map for 0xc0510960 - 0xc05109f8
+Setting up static identity map for 0xc0510a78 - 0xc0510b10
 unable to find compatible sirf rstc node in dtb
 CPU1: Booted secondary processor
 CPU1: thread -1, cpu 1, socket 0, mpidr 80000001
@@ -247,7 +247,7 @@
  
 INIT: version 2.88 booting
 Using makefile-style concurrent boot in runlevel S.
-Starting the hotplug events dispatcher: udevd[    2.061376] udevd[158]: starting version 175
+Starting the hotplug events dispatcher: udevd[    2.050825] udevd[158]: starting version 175
 [ ok .
 Synthesizing the initial hotplug events...[ ok done.
 Waiting for /dev to be fully populated...[ ok done.
Diff for ./tegra114-dalmore-headless/tegra114-dalmore/tegra_defconfig_log.txt
--- /tmp/fooa	2013-10-19 23:35:41.057836276 -0700
+++ /tmp/foob	2013-10-19 23:35:41.057836276 -0700
@@ -30,13 +30,13 @@
 Load address: 0x81000000
 Loading: *#################################################  2.8 MiB/s
 done
-Bytes transferred = 4486888 (4476e8 hex)
+Bytes transferred = 4485800 (4472a8 hex)
 Dalmore #tftpboot 0x82000000 tegra114-dalmore.dtb
 Using asx0 device
 TFTP from server 192.168.100.1; our IP address is 192.168.100.100
 Filename 'tegra114-dalmore.dtb'.
 Load address: 0x82000000
-Loading: *#################################################  2.5 MiB/s
+Loading: *#################################################  2.8 MiB/s
 done
 Bytes transferred = 29073 (7191 hex)
 Dalmore #bootz 0x81000000 - 0x82000000
@@ -49,16 +49,16 @@
 Timer summary in microseconds:
        Mark    Elapsed  Stage
           0          0  awake
-  2,214,654  2,214,654  usb_start
-  6,217,957  4,003,303  eth_start
-  6,217,955         -2  tftp start
- 10,176,529  3,958,574  tftp done
- 12,230,518  2,053,989  start_kernel
+  2,125,648  2,125,648  usb_start
+  6,129,047  4,003,399  eth_start
+  6,129,045         -2  tftp start
+ 12,606,022  6,476,977  tftp done
+ 14,141,842  1,535,820  start_kernel
 Uncompressing Linux... done, booting the kernel.
 Booting Linux on physical CPU 0x0
 Initializing cgroup subsys cpu
 Initializing cgroup subsys cpuacct
-Linux version 3.12.0-rc5-23779-g61e6cfa (pwalmsley@tamien) (gcc version 4.5.1 (Sourcery G++ Lite 2010.09-50) ) #1 SMP PREEMPT Mon Oct 14 12:06:14 PDT 2013
+Linux version 3.12.0-rc6-23919-g31d141e (pwalmsley@tamien) (gcc version 4.5.1 (Sourcery G++ Lite 2010.09-50) ) #1 SMP PREEMPT Sat Oct 19 23:28:24 PDT 2013
 CPU: ARMv7 Processor [412fc0f2] revision 2 (ARMv7), cr=10c5387d
 CPU: PIPT / VIPT nonaliasing data cache, PIPT instruction cache
 Machine: NVIDIA Tegra SoC (Flattened Device Tree), model: NVIDIA Tegra114 Dalmore evaluation board
@@ -66,14 +66,14 @@
 cma: CMA: reserved 16 MiB at ae800000
 Memory policy: ECC disabled, Data cache writealloc
 On node 0 totalpages: 524032
-free_area_init_node: node 0, pgdat c084ef80, node_mem_map c08a7000
+free_area_init_node: node 0, pgdat c084cf80, node_mem_map c08a5000
   Normal zone: 1520 pages used for memmap
   Normal zone: 0 pages reserved
   Normal zone: 194560 pages, LIFO batch:31
   HighMem zone: 2574 pages used for memmap
   HighMem zone: 329472 pages, LIFO batch:31
 Tegra Revision: A01 SKU: 0 CPU Process: 1 Core Process: 1
-PERCPU: Embedded 8 pages/cpu @c18bf000 s9088 r8192 d15488 u32768
+PERCPU: Embedded 8 pages/cpu @c18bd000 s9088 r8192 d15488 u32768
 pcpu-alloc: s9088 r8192 d15488 u32768 alloc=8*4096
 pcpu-alloc: [0] 0 [0] 1 [0] 2 [0] 3 
 Built 1 zonelists in Zone order, mobility grouping on.  Total pages: 522512
@@ -81,7 +81,7 @@
 PID hash table entries: 4096 (order: 2, 16384 bytes)
 Dentry cache hash table entries: 131072 (order: 7, 524288 bytes)
 Inode-cache hash table entries: 65536 (order: 6, 262144 bytes)
-Memory: 2053396K/2096128K available (6112K kernel code, 305K rwdata, 1816K rodata, 236K init, 343K bss, 42732K reserved, 1317888K highmem)
+Memory: 2053404K/2096128K available (6108K kernel code, 305K rwdata, 1816K rodata, 236K init, 342K bss, 42724K reserved, 1317888K highmem)
 Virtual kernel memory layout:
     vector  : 0xffff0000 - 0xffff1000   (   4 kB)
     fixmap  : 0xfff00000 - 0xfffe0000   ( 896 kB)
@@ -89,10 +89,10 @@
     lowmem  : 0xc0000000 - 0xef800000   ( 760 MB)
     pkmap   : 0xbfe00000 - 0xc0000000   (   2 MB)
     modules : 0xbf000000 - 0xbfe00000   (  14 MB)
-      .text : 0xc0008000 - 0xc07c64ec   (7930 kB)
-      .init : 0xc07c7000 - 0xc0802380   ( 237 kB)
-      .data : 0xc0804000 - 0xc08505c0   ( 306 kB)
-       .bss : 0xc08505cc - 0xc08a641c   ( 344 kB)
+      .text : 0xc0008000 - 0xc07c54b4   (7926 kB)
+      .init : 0xc07c6000 - 0xc0801380   ( 237 kB)
+      .data : 0xc0802000 - 0xc084e5c0   ( 306 kB)
+       .bss : 0xc084e5cc - 0xc08a415c   ( 343 kB)
 Preemptible hierarchical RCU implementation.
 NR_IRQS:16 nr_irqs:16 16
 sched_clock: 32 bits at 1000kHz, resolution 1000ns, wraps every 4294967ms
@@ -111,7 +111,7 @@
 /cpus/cpu@2 missing clock-frequency property
 /cpus/cpu@3 missing clock-frequency property
 CPU0: thread -1, cpu 0, socket 0, mpidr 80000000
-Setting up static identity map for 0xc05d01a8 - 0xc05d0240
+Setting up static identity map for 0xc05cfcf0 - 0xc05cfd88
 CPU1: Booted secondary processor
 CPU1: thread -1, cpu 1, socket 0, mpidr 80000001
 CPU2: Booted secondary processor
@@ -353,7 +353,7 @@
 hub 1-0:1.0: USB hub found
 hub 1-0:1.0: 1 port detected
 input: gpio-keys.2 as /devices/soc0/gpio-keys.2/input/input1
-palmas-rtc rtc.7: setting system clock to 2000-01-08 21:30:41 UTC (947367041)
+palmas-rtc rtc.7: setting system clock to 2000-01-14 08:52:11 UTC (947839931)
 ALSA device list:
   #0: NVIDIA Tegra Dalmore
 kjournald starting.  Commit interval 5 seconds
@@ -362,7 +362,7 @@
 EXT3-fs (mmcblk0p1): mounted filesystem with writeback data mode
 VFS: Mounted root (ext3 filesystem) on device 179:1.
 devtmpfs: mounted
-Freeing unused kernel memory: 236K (c07c7000 - c0802000)
+Freeing unused kernel memory: 236K (c07c6000 - c0801000)
 bash: cannot set terminal process group (-1): Inappropriate ioctl for device
 bash: no job control in this shell
-I have no name!@(none):/# [   14.992124] usb 1-1: new high-speed USB device number 2 using tegra-ehci
+I have no name!@(none):/# [   16.897993] usb 1-1: new high-speed USB device number 2 using tegra-ehci
Diff for ./tegra114-dalmore-headless/tegra114-dalmore/multi_v7_defconfig_log.txt
--- /tmp/fooa	2013-10-19 23:35:41.065836281 -0700
+++ /tmp/foob	2013-10-19 23:35:41.069836285 -0700
@@ -11,7 +11,7 @@
 Err:   serial
 Net:   Net Initialization Skipped
 No ethernet found.
-Hit any key to stop autoboot:  2  0 
+Hit any key to stop autoboot:  2  1  0 
 Dalmore #
 Dalmore #usb reset
 (Re)start USB...
@@ -30,7 +30,7 @@
 Load address: 0x81000000
 Loading: *#################################################  2.8 MiB/s
 done
-Bytes transferred = 3939208 (3c1b88 hex)
+Bytes transferred = 3938440 (3c1888 hex)
 Dalmore #tftpboot 0x82000000 tegra114-dalmore.dtb
 Using asx0 device
 TFTP from server 192.168.100.1; our IP address is 192.168.100.100
@@ -49,20 +49,20 @@
 Timer summary in microseconds:
        Mark    Elapsed  Stage
           0          0  awake
-  2,164,718  2,164,718  usb_start
-  6,168,205  4,003,487  eth_start
-  6,168,202         -3  tftp start
-  9,944,837  3,776,635  tftp done
- 11,180,216  1,235,379  start_kernel
+  3,067,383  3,067,383  usb_start
+  7,071,442  4,004,059  eth_start
+  7,071,440         -2  tftp start
+ 10,878,376  3,806,936  tftp done
+ 13,082,649  2,204,273  start_kernel
 Booting Linux on physical CPU 0x0
-Linux version 3.12.0-rc5-23779-g61e6cfa (pwalmsley@tamien) (gcc version 4.5.1 (Sourcery G++ Lite 2010.09-50) ) #1 SMP Mon Oct 14 12:09:41 PDT 2013
+Linux version 3.12.0-rc6-23919-g31d141e (pwalmsley@kaivo) (gcc version 4.5.1 (Sourcery G++ Lite 2010.09-50) ) #1 SMP Sat Oct 19 23:26:53 PDT 2013
 CPU: ARMv7 Processor [412fc0f2] revision 2 (ARMv7), cr=10c5387d
 CPU: PIPT / VIPT nonaliasing data cache, PIPT instruction cache
 Machine: NVIDIA Tegra SoC (Flattened Device Tree), model: NVIDIA Tegra114 Dalmore evaluation board
 debug: ignoring loglevel setting.
 Memory policy: ECC disabled, Data cache writealloc
 On node 0 totalpages: 524032
-free_area_init_node: node 0, pgdat c07a2a00, node_mem_map c07ea000
+free_area_init_node: node 0, pgdat c07a2a40, node_mem_map c07ea000
   DMA zone: 1520 pages used for memmap
   DMA zone: 0 pages reserved
   DMA zone: 194560 pages, LIFO batch:31
@@ -77,17 +77,17 @@
 PID hash table entries: 4096 (order: 2, 16384 bytes)
 Dentry cache hash table entries: 131072 (order: 7, 524288 bytes)
 Inode-cache hash table entries: 65536 (order: 6, 262144 bytes)
-Memory: 2070616K/2096128K available (5332K kernel code, 589K rwdata, 1388K rodata, 474K init, 278K bss, 25512K reserved, 1317888K highmem)
+Memory: 2070616K/2096128K available (5332K kernel code, 590K rwdata, 1388K rodata, 474K init, 278K bss, 25512K reserved, 1317888K highmem)
 Virtual kernel memory layout:
     vector  : 0xffff0000 - 0xffff1000   (   4 kB)
     fixmap  : 0xfff00000 - 0xfffe0000   ( 896 kB)
     vmalloc : 0xf0000000 - 0xff000000   ( 240 MB)
     lowmem  : 0xc0000000 - 0xef800000   ( 760 MB)
     pkmap   : 0xbfe00000 - 0xc0000000   (   2 MB)
-      .text : 0xc0008000 - 0xc069851c   (6722 kB)
+      .text : 0xc0008000 - 0xc06984f4   (6722 kB)
       .init : 0xc0699000 - 0xc070fb40   ( 475 kB)
-      .data : 0xc0710000 - 0xc07a37e0   ( 590 kB)
-       .bss : 0xc07a37e8 - 0xc07e9334   ( 279 kB)
+      .data : 0xc0710000 - 0xc07a3820   ( 591 kB)
+       .bss : 0xc07a3828 - 0xc07e9074   ( 279 kB)
 SLUB: HWalign=64, Order=0-3, MinObjects=0, CPUs=4, Nodes=1
 Hierarchical RCU implementation.
 NR_IRQS:16 nr_irqs:16 16
@@ -105,7 +105,7 @@
 /cpus/cpu@2 missing clock-frequency property
 /cpus/cpu@3 missing clock-frequency property
 CPU0: thread -1, cpu 0, socket 0, mpidr 80000000
-Setting up static identity map for 0xc0510960 - 0xc05109f8
+Setting up static identity map for 0xc0510a78 - 0xc0510b10
 unable to find compatible sirf rstc node in dtb
 CPU1: Booted secondary processor
 CPU1: thread -1, cpu 1, socket 0, mpidr 80000001
@@ -237,6 +237,7 @@
 mmcblk0boot0: mmc1:0001 SEM32G partition 1 4.00 MiB
 mmcblk0boot1: mmc1:0001 SEM32G partition 2 4.00 MiB
 mmcblk0rpmb: mmc1:0001 SEM32G partition 3 4.00 MiB
+tegra_rtc 7000e000.rtc: setting system clock to 1970-01-01 00:00:15 UTC (15)
 Primary GPT is invalid, using alternate GPT.
  mmcblk0: p1 p2 p3 p4 p5
  mmcblk0boot1: unknown partition table
@@ -255,7 +256,7 @@
 platform 5.regulator: Driver reg-fixed-voltage requests probe deferral
 platform 6.regulator: Driver reg-fixed-voltage requests probe deferral
 platform 7d008000.usb: Driver tegra-ehci requests probe deferral
-tegra_rtc 7000e000.rtc: setting system clock to 1970-01-01 00:00:13 UTC (13)
+platform 7d008000.usb-phy: Driver tegra-phy requests probe deferral
 EXT4-fs (mmcblk0p1): mounting ext3 file system using the ext4 subsystem
 EXT4-fs (mmcblk0p1): recovery complete
 EXT4-fs (mmcblk0p1): mounted filesystem with ordered data mode. Opts: (null)
