
U-Boot SPL 2014.01-00219-gc4d376f (Feb 18 2014 - 19:57:32)


U-Boot 2014.01-00219-gc4d376f (Feb 18 2014 - 19:57:32)

TEGRA114
Board: NVIDIA Dalmore
I2C:   ready
DRAM:  2 GiB
MMC:   Tegra SD/MMC: 0, Tegra SD/MMC: 1
In:    serial
Out:   serial
Err:   serial
Net:   Net Initialization Skipped
No ethernet found.
Hit any key to stop autoboot:  2  0 
Tegra114 (Dalmore) # 
Tegra114 (Dalmore) # usb reset
(Re)start USB...
USB0:   USB EHCI 1.10
scanning bus 0 for devices... 2 USB Device(s) found
       scanning usb for storage devices... 0 Storage Device(s) found
       scanning usb for ethernet devices... 
Warning: asx0 using MAC address from net device
1 Ethernet Device(s) found
Tegra114 (Dalmore) # setenv bootargs 'ignore_loglevel console=ttyS0,115200n8 rw root=PARTUUID=7369c667-ff51-ec4a-29cd-baabf2fbe346 rootwait gpt debug earlyprintk init=/bin/bash'
Tegra114 (Dalmore) # setenv ipaddr 192.168.100.100; setenv serverip 192.168.100.1; setenv tftpserverip 192.168.100.1
Tegra114 (Dalmore) # tftpboot 0x81000000 zImage.multi_v7_defconfig
Using asx0 device
TFTP from server 192.168.100.1; our IP address is 192.168.100.100
Filename 'zImage.multi_v7_defconfig'.
Load address: 0x81000000
Loading: *#################################################################
	 #################################################################
	 #################################################################
	 #################################################################
	 #################################################################
	 #################################################################
	 #################################################################
	 #################################################################
	 #####################################
	 2.9 MiB/s
done
Bytes transferred = 8167936 (7ca200 hex)
Tegra114 (Dalmore) # tftpboot 0x82000000 tegra114-dalmore.dtb
Using asx0 device
TFTP from server 192.168.100.1; our IP address is 192.168.100.100
Filename 'tegra114-dalmore.dtb'.
Load address: 0x82000000
Loading: *###
	 2.6 MiB/s
done
Bytes transferred = 35036 (88dc hex)
Tegra114 (Dalmore) # bootz 0x81000000 - 0x82000000
Kernel image @ 0x81000000 [ 0x000000 - 0x7ca200 ]
## Flattened Device Tree blob at 82000000
   Booting using the fdt blob at 0x82000000
   Loading Device Tree to 8fff4000, end 8ffff8db ... OK

Starting kernel ...

[    0.000000] Booting Linux on physical CPU 0x0
[    0.000000] Linux version 4.14.0-201708-gbebc608 (jonathanh@sellafield) (gcc version 4.7.3 20130328 (prerelease) (crosstool-NG linaro-1.13.1-4.7-2013.04-20130415 - Linaro GCC 2013.04)) #1 SMP Mon Nov 13 02:04:20 PST 2017
[    0.000000] CPU: ARMv7 Processor [412fc0f2] revision 2 (ARMv7), cr=10c5387d
[    0.000000] CPU: div instructions available: patching division code
[    0.000000] CPU: PIPT / VIPT nonaliasing data cache, PIPT instruction cache
[    0.000000] OF: fdt: Machine model: NVIDIA Tegra114 Dalmore evaluation board
[    0.000000] debug: ignoring loglevel setting.
[    0.000000] Memory policy: Data cache writealloc
[    0.000000] efi: Getting EFI parameters from FDT:
[    0.000000] efi: UEFI not found.
[    0.000000] cma: Reserved 64 MiB at 0xfb800000
[    0.000000] On node 0 totalpages: 524032
[    0.000000] free_area_init_node: node 0, pgdat c158fa80, node_mem_map eeff8000
[    0.000000]   DMA zone: 1536 pages used for memmap
[    0.000000]   DMA zone: 0 pages reserved
[    0.000000]   DMA zone: 196608 pages, LIFO batch:31
[    0.000000]   HighMem zone: 327424 pages, LIFO batch:31
[    0.000000] random: fast init done
[    0.000000] percpu: Embedded 17 pages/cpu @eef98000 s39424 r8192 d22016 u69632
[    0.000000] pcpu-alloc: s39424 r8192 d22016 u69632 alloc=17*4096
[    0.000000] pcpu-alloc: [0] 0 [0] 1 [0] 2 [0] 3 
[    0.000000] Built 1 zonelists, mobility grouping on.  Total pages: 522496
[    0.000000] Kernel command line: ignore_loglevel console=ttyS0,115200n8 rw root=PARTUUID=7369c667-ff51-ec4a-29cd-baabf2fbe346 rootwait gpt debug earlyprintk init=/bin/bash
[    0.000000] PID hash table entries: 4096 (order: 2, 16384 bytes)
[    0.000000] Dentry cache hash table entries: 131072 (order: 7, 524288 bytes)
[    0.000000] Inode-cache hash table entries: 65536 (order: 6, 262144 bytes)
[    0.000000] Memory: 1993476K/2096128K available (10240K kernel code, 1631K rwdata, 4504K rodata, 2048K init, 406K bss, 37116K reserved, 65536K cma-reserved, 1244160K highmem)
[    0.000000] Virtual kernel memory layout:
[    0.000000]     vector  : 0xffff0000 - 0xffff1000   (   4 kB)
[    0.000000]     fixmap  : 0xffc00000 - 0xfff00000   (3072 kB)
[    0.000000]     vmalloc : 0xf0800000 - 0xff800000   ( 240 MB)
[    0.000000]     lowmem  : 0xc0000000 - 0xf0000000   ( 768 MB)
[    0.000000]     pkmap   : 0xbfe00000 - 0xc0000000   (   2 MB)
[    0.000000]     modules : 0xbf000000 - 0xbfe00000   (  14 MB)
[    0.000000]       .text : 0xc0208000 - 0xc0d00000   (11232 kB)
[    0.000000]       .init : 0xc1200000 - 0xc1400000   (2048 kB)
[    0.000000]       .data : 0xc1400000 - 0xc1597f28   (1632 kB)
[    0.000000]        .bss : 0xc15a0b9c - 0xc16064fc   ( 407 kB)
[    0.000000] SLUB: HWalign=64, Order=0-3, MinObjects=0, CPUs=4, Nodes=1
[    0.000000] Hierarchical RCU implementation.
[    0.000000] 	RCU event tracing is enabled.
[    0.000000] 	RCU restricting CPUs from NR_CPUS=16 to nr_cpu_ids=4.
[    0.000000] RCU: Adjusting geometry for rcu_fanout_leaf=16, nr_cpu_ids=4
[    0.000000] NR_IRQS: 16, nr_irqs: 16, preallocated irqs: 16
[    0.000000] /interrupt-controller@60004000: 160 interrupts forwarded to /interrupt-controller@50041000
[    0.000000] Tegra clk 127: register failed with -17
[    0.000009] sched_clock: 32 bits at 1000kHz, resolution 1000ns, wraps every 2147483647500ns
[    0.000028] clocksource: timer_us: mask: 0xffffffff max_cycles: 0xffffffff, max_idle_ns: 1911260446275 ns
[    0.000044] Switching to timer-based delay loop, resolution 1000ns
[    0.003218] arch_timer: cp15 timer(s) running at 12.00MHz (virt).
[    0.003237] clocksource: arch_sys_counter: mask: 0xffffffffffffff max_cycles: 0x2c47f4ee7, max_idle_ns: 440795202497 ns
[    0.003256] sched_clock: 56 bits at 12MHz, resolution 83ns, wraps every 4398046511096ns
[    0.003270] Switching to timer-based delay loop, resolution 83ns
[    0.003665] Console: colour dummy device 80x30
[    0.003700] Calibrating delay loop (skipped), value calculated using timer frequency.. 24.00 BogoMIPS (lpj=120000)
[    0.003718] pid_max: default: 32768 minimum: 301
[    0.003822] Mount-cache hash table entries: 2048 (order: 1, 8192 bytes)
[    0.003837] Mountpoint-cache hash table entries: 2048 (order: 1, 8192 bytes)
[    0.004357] CPU: Testing write buffer coherency: ok
[    0.004604] /cpus/cpu@0 missing clock-frequency property
[    0.004637] /cpus/cpu@1 missing clock-frequency property
[    0.004668] /cpus/cpu@2 missing clock-frequency property
[    0.004701] /cpus/cpu@3 missing clock-frequency property
[    0.004715] CPU0: thread -1, cpu 0, socket 0, mpidr 80000000
[    0.005012] Setting up static identity map for 0x80300000 - 0x803000a0
[    0.006237] Hierarchical SRCU implementation.
[    0.007589] Tegra Revision: A01 SKU: 0 CPU Process: 1 SoC Process: 0
[    0.008240] EFI services will not be available.
[    0.008394] smp: Bringing up secondary CPUs ...
[    0.008892] CPU1: thread -1, cpu 1, socket 0, mpidr 80000001
[    0.009474] CPU2: thread -1, cpu 2, socket 0, mpidr 80000002
[    0.010051] CPU3: thread -1, cpu 3, socket 0, mpidr 80000003
[    0.010153] smp: Brought up 1 node, 4 CPUs
[    0.010177] SMP: Total of 4 processors activated (96.00 BogoMIPS).
[    0.010186] CPU: All CPU(s) started in SVC mode.
[    0.011701] devtmpfs: initialized
[    0.019727] VFP support v0.3: implementor 41 architecture 4 part 30 variant f rev 0
[    0.020025] clocksource: jiffies: mask: 0xffffffff max_cycles: 0xffffffff, max_idle_ns: 19112604462750000 ns
[    0.020045] futex hash table entries: 1024 (order: 4, 65536 bytes)
[    0.021477] pinctrl core: initialized pinctrl subsystem
[    0.022744] DMI not present or invalid.
[    0.022992] NET: Registered protocol family 16
[    0.025214] DMA: preallocated 256 KiB pool for atomic coherent allocations
[    0.027163] cpuidle: using governor menu
[    0.048364] No ATAGs?
[    0.048493] hw-breakpoint: found 5 (+1 reserved) breakpoint and 4 watchpoint registers.
[    0.048511] hw-breakpoint: maximum watchpoint size is 8 bytes.
[    0.053943] Serial: AMBA PL011 UART driver
[    0.054693] tegra-mc 70019000.memory-controller: no memory timings for RAM code 3 registered
[    0.054819] iommu: Adding device reg-dummy to group 0
[    0.054854] iommu: Adding device 50000000.host1x to group 1
[    0.054892] iommu: Adding device 54140000.gr2d to group 2
[    0.054924] iommu: Adding device 54180000.gr3d to group 3
[    0.054993] iommu: Adding device 54200000.dc to group 4
[    0.055058] iommu: Adding device 54240000.dc to group 5
[    0.055090] iommu: Adding device 54280000.hdmi to group 6
[    0.055126] iommu: Adding device 54300000.dsi to group 7
[    0.055158] iommu: Adding device 60005000.timer to group 8
[    0.055200] iommu: Adding device 60007000.flow-controller to group 9
[    0.055234] iommu: Adding device 6000a000.dma to group 10
[    0.055266] iommu: Adding device 6000c000.ahb to group 11
[    0.055298] iommu: Adding device 6000d000.gpio to group 12
[    0.055329] iommu: Adding device 70000800.apbmisc to group 13
[    0.055361] iommu: Adding device 70000868.pinmux to group 14
[    0.055392] iommu: Adding device 70006300.serial to group 15
[    0.055424] iommu: Adding device 7000a000.pwm to group 16
[    0.055460] iommu: Adding device 7000c000.i2c to group 17
[    0.055495] iommu: Adding device 7000c700.i2c to group 18
[    0.055527] iommu: Adding device 7000d000.i2c to group 19
[    0.055558] iommu: Adding device 7000da00.spi to group 20
[    0.055588] iommu: Adding device 7000e000.rtc to group 21
[    0.055619] iommu: Adding device 7000e400.pmc to group 22
[    0.055649] iommu: Adding device 7000f800.fuse to group 23
[    0.055681] iommu: Adding device 70019000.memory-controller to group 24
[    0.055713] iommu: Adding device 70080000.ahub to group 25
[    0.055748] iommu: Adding device 700e3000.mipi to group 26
[    0.055782] iommu: Adding device 78000400.sdhci to group 27
[    0.055818] iommu: Adding device 78000600.sdhci to group 28
[    0.055848] iommu: Adding device 7d000000.usb to group 29
[    0.055880] iommu: Adding device 7d000000.usb-phy to group 30
[    0.055913] iommu: Adding device 7d008000.usb to group 31
[    0.055945] iommu: Adding device 7d008000.usb-phy to group 32
[    0.055974] iommu: Adding device timer to group 33
[    0.056009] iommu: Adding device backlight to group 34
[    0.056040] iommu: Adding device clocks to group 35
[    0.056070] iommu: Adding device gpio-keys to group 36
[    0.056101] iommu: Adding device regulators to group 37
[    0.056133] iommu: Adding device regulators:regulator@0 to group 38
[    0.056169] iommu: Adding device regulators:regulator@1 to group 39
[    0.056201] iommu: Adding device regulators:regulator@3 to group 40
[    0.056232] iommu: Adding device regulators:regulator@4 to group 41
[    0.056264] iommu: Adding device regulators:regulator@5 to group 42
[    0.056300] iommu: Adding device regulators:regulator@6 to group 43
[    0.056334] iommu: Adding device regulators:regulator@7 to group 44
[    0.056365] iommu: Adding device sound to group 45
[    0.070110] AT91: Could not find identification node
[    0.070583] dvdd_ts: Failed to request enable GPIO61: -517
[    0.070605] reg-fixed-voltage regulators:regulator@1: Failed to register regulator: -517
[    0.070711] usb1_vbus: Failed to request enable GPIO108: -517
[    0.070725] reg-fixed-voltage regulators:regulator@3: Failed to register regulator: -517
[    0.070827] usb2_vbus: Failed to request enable GPIO86: -517
[    0.070842] reg-fixed-voltage regulators:regulator@4: Failed to register regulator: -517
[    0.071261] VDD_5V0_HDMI_CON: Failed to request enable GPIO81: -517
[    0.071276] reg-fixed-voltage regulators:regulator@7: Failed to register regulator: -517
[    0.073696] vgaarb: loaded
[    0.074380] SCSI subsystem initialized
[    0.074553] libata version 3.00 loaded.
[    0.074750] usbcore: registered new interface driver usbfs
[    0.074798] usbcore: registered new interface driver hub
[    0.074872] usbcore: registered new device driver usb
[    0.078097] tps65090 2-0048: No cache defaults, reading back from HW
[    0.079114] iommu: Adding device tps65090-pmic to group 46
[    0.080052] TPS65090_RAILSDCDC1: supplied by vdd_ac_bat
[    0.081104] TPS65090_RAILSDCDC2: supplied by vdd_ac_bat
[    0.082146] TPS65090_RAILSDCDC3: supplied by vdd_ac_bat
[    0.082652] TPS65090_RAILSFET1: supplied by vdd_ac_bat
[    0.083021] TPS65090_RAILSFET2: supplied by vdd_ac_bat
[    0.083361] TPS65090_RAILSFET3: supplied by vdd-sys-3v3
[    0.083894] TPS65090_RAILSFET4: supplied by vdd-sys-3v3
[    0.084411] TPS65090_RAILSFET5: supplied by vdd-sys-3v3
[    0.084918] TPS65090_RAILSFET6: supplied by vdd-sys-3v3
[    0.085743] TPS65090_RAILSFET7: supplied by vdd-sys-3v3
[    0.086258] TPS65090_RAILSLDO1: supplied by vdd_ac_bat
[    0.086444] TPS65090_RAILSLDO2: supplied by vdd_ac_bat
[    0.086761] iommu: Adding device tps65090-charger to group 47
[    0.087359] palmas 2-0058: Irq flag is 0x00000004
[    0.089304] palmas 2-0058: Muxing GPIO ff, PWM 0, LED 0
[    0.089542] iommu: Adding device 7000d000.i2c:tps65913@58:gpio to group 48
[    0.090064] iommu: Adding device 7000d000.i2c:tps65913@58:pmic to group 49
[    0.091864] SMPS12: supplied by vdd-ao
[    0.092855] vdd_hdmi_5v0: supplied by vdd-sys-5v0
[    0.093665] SMPS3: supplied by vdd-ao
[    0.095415] SMPS457: supplied by vdd-sys-3v3
[    0.097035] SMPS6: supplied by regulator-dummy
[    0.098429] SMPS8: supplied by vdd-sys-3v3
[    0.099997] SMPS9: supplied by vdd-sys-3v3
[    0.100515] sdhci-vdd-sd-slot: Bringing 2840000uV into 2800000-2800000uV
[    0.101888] SMPS10_OUT2: supplied by regulator-dummy
[    0.102708] SMPS10_OUT1: supplied by regulator-dummy
[    0.103541] LDO1: supplied by vdd-sys-3v3
[    0.104709] LDO2: supplied by vdd-sys-3v3
[    0.105823] LDO3: supplied by vddio-1v8
[    0.106911] LDO4: supplied by vdd-sys-3v3
[    0.108013] LDO5: supplied by vdd_ac_bat
[    0.108688] LDO6: supplied by vdd-sys-3v3
[    0.109202] vdd-sensor-2v85: Bringing 2900000uV into 2850000-2850000uV
[    0.110516] LDO7: supplied by vdd-sys-3v3
[    0.112135] LDO8: supplied by vdd-ao
[    0.112663] vdd-rtc: Bringing 675000uV into 900000-900000uV
[    0.114353] LDO9: supplied by sdhci-vdd-sd-slot
[    0.124673] LDOLN: supplied by vdd-sys-5v0
[    0.125781] LDOUSB: supplied by vdd-sys-5v0
[    0.136102] iommu: Adding device 7000d000.i2c:tps65913@58:rtc to group 50
[    0.136522] iommu: Adding device 7000d000.i2c:tps65913@58:pinmux to group 51
[    0.137095] pps_core: LinuxPPS API ver. 1 registered
[    0.137105] pps_core: Software ver. 5.3.6 - Copyright 2005-2007 Rodolfo Giometti <giometti@linux.it>
[    0.137127] PTP clock support registered
[    0.137310] EDAC MC: Ver: 3.0.0
[    0.137589] dmi: Firmware registration failed.
[    0.139405] clocksource: Switched to clocksource arch_sys_counter
[    0.194920] NET: Registered protocol family 2
[    0.195415] TCP established hash table entries: 8192 (order: 3, 32768 bytes)
[    0.195515] TCP bind hash table entries: 8192 (order: 4, 65536 bytes)
[    0.195703] TCP: Hash tables configured (established 8192 bind 8192)
[    0.195789] UDP hash table entries: 512 (order: 2, 16384 bytes)
[    0.195833] UDP-Lite hash table entries: 512 (order: 2, 16384 bytes)
[    0.195983] NET: Registered protocol family 1
[    0.196326] RPC: Registered named UNIX socket transport module.
[    0.196337] RPC: Registered udp transport module.
[    0.196346] RPC: Registered tcp transport module.
[    0.196355] RPC: Registered tcp NFSv4.1 backchannel transport module.
[    0.196369] PCI: CLS 0 bytes, default 64
[    0.197813] iommu: Adding device alarmtimer to group 52
[    0.198632] workingset: timestamp_bits=30 max_order=19 bucket_order=0
[    0.204498] squashfs: version 4.0 (2009/01/31) Phillip Lougher
[    0.205072] NFS: Registering the id_resolver key type
[    0.205097] Key type id_resolver registered
[    0.205107] Key type id_legacy registered
[    0.205149] ntfs: driver 2.1.32 [Flags: R/O].
[    0.206553] bounce: pool size: 64 pages
[    0.206605] Block layer SCSI generic (bsg) driver version 0.4 loaded (major 248)
[    0.206617] io scheduler noop registered
[    0.206627] io scheduler deadline registered
[    0.206833] io scheduler cfq registered (default)
[    0.206844] io scheduler mq-deadline registered
[    0.206854] io scheduler kyber registered
[    0.237933] tegra-apbdma 6000a000.dma: Tegra20 APB DMA driver register 32 channels
[    0.240542] tegra-pmc 7000e400.pmc: i2c-thermtrip node not found, emergency thermal reset disabled.
[    0.289595] Serial: 8250/16550 driver, 4 ports, IRQ sharing disabled
[    0.289697] iommu: Adding device serial8250 to group 53
[    0.292240] console [ttyS0] disabled
[    0.292283] 70006300.serial: ttyS0 at MMIO 0x70006300 (irq = 329, base_baud = 25500000) is a Tegra
[    1.606892] console [ttyS0] enabled
[    1.611161] SuperH (H)SCI(F) driver initialized
[    1.616657] msm_serial: driver initialized
[    1.620951] STMicroelectronics ASC driver initialized
[    1.631913] tegra-hdmi 54280000.hdmi: failed to get HDMI regulator
[    1.653693] brd: module loaded
[    1.663349] loop: module loaded
[    1.683677] m25p80 spi0.0: w25q32dw (4096 Kbytes)
[    1.690554] iommu: Adding device Fixed MDIO bus.0 to group 54
[    1.696719] libphy: Fixed MDIO Bus: probed
[    1.701815] CAN device driver interface
[    1.706454] bgmac_bcma: Broadcom 47xx GBit MAC driver loaded
[    1.713326] e1000e: Intel(R) PRO/1000 Network Driver - 3.2.6-k
[    1.719150] e1000e: Copyright(c) 1999 - 2015 Intel Corporation.
[    1.725126] igb: Intel(R) Gigabit Ethernet Network Driver - version 5.4.0-k
[    1.732090] igb: Copyright (c) 2007-2014 Intel Corporation.
[    1.741028] pegasus: v0.9.3 (2013/04/25), Pegasus/Pegasus II USB Ethernet driver
[    1.748454] usbcore: registered new interface driver pegasus
[    1.754161] usbcore: registered new interface driver asix
[    1.759601] usbcore: registered new interface driver ax88179_178a
[    1.765712] usbcore: registered new interface driver cdc_ether
[    1.771590] usbcore: registered new interface driver smsc75xx
[    1.777367] usbcore: registered new interface driver smsc95xx
[    1.783148] usbcore: registered new interface driver net1080
[    1.788830] usbcore: registered new interface driver cdc_subset
[    1.794781] usbcore: registered new interface driver zaurus
[    1.800408] usbcore: registered new interface driver cdc_ncm
[    1.806280] tegra-phy 7d000000.usb-phy: no vbus regulator
[    1.813670] ehci_hcd: USB 2.0 'Enhanced' Host Controller (EHCI) Driver
[    1.820211] ehci-pci: EHCI PCI platform driver
[    1.824681] ehci-platform: EHCI generic platform driver
[    1.830100] ehci-orion: EHCI orion driver
[    1.834249] SPEAr-ehci: EHCI SPEAr driver
[    1.838377] ehci-st: EHCI STMicroelectronics driver
[    1.843401] ehci-exynos: EHCI EXYNOS driver
[    1.847721] ehci-atmel: EHCI Atmel driver
[    1.851865] tegra-ehci: Tegra EHCI driver
[    1.856170] ohci_hcd: USB 1.1 'Open' Host Controller (OHCI) Driver
[    1.862381] ohci-pci: OHCI PCI platform driver
[    1.866855] ohci-platform: OHCI generic platform driver
[    1.872253] SPEAr-ohci: OHCI SPEAr driver
[    1.876385] ohci-st: OHCI STMicroelectronics driver
[    1.881401] ohci-atmel: OHCI Atmel driver
[    1.886072] usbcore: registered new interface driver usb-storage
[    1.895958] iommu: Adding device ci_hdrc.0 to group 55
[    1.909695] palmas-rtc 7000d000.i2c:tps65913@58:rtc: rtc core: registered 7000d000.i2c:tps65913@58:rtc as rtc0
[    1.921534] tegra_rtc 7000e000.rtc: rtc core: registered 7000e000.rtc as rtc1
[    1.928702] tegra_rtc 7000e000.rtc: Tegra internal Real Time Clock
[    1.935418] i2c /dev entries driver
[    1.942260] IR NEC protocol handler initialized
[    1.946786] IR RC5(x/sz) protocol handler initialized
[    1.951849] IR RC6 protocol handler initialized
[    1.956373] IR JVC protocol handler initialized
[    1.960909] IR Sony protocol handler initialized
[    1.965519] IR SANYO protocol handler initialized
[    1.970228] IR Sharp protocol handler initialized
[    1.974925] IR MCE Keyboard/mouse protocol handler initialized
[    1.980761] IR XMP protocol handler initialized
[    1.988396] sbs-battery 0-000b: sbs_probe: Failed to get device status
[    1.994951] sbs-battery: probe of 0-000b failed with error -121
[    2.011166] sdhci: Secure Digital Host Controller Interface driver
[    2.017340] sdhci: Copyright(c) Pierre Ossman
[    2.023186] Synopsys Designware Multimedia Card Interface Driver
[    2.030391] sdhci-pltfm: SDHCI platform and OF driver helper
[    2.036771] sdhci-tegra 78000400.sdhci: Got CD GPIO
[    2.041689] sdhci-tegra 78000400.sdhci: Got WP GPIO
[    2.054796] mmc0: Invalid maximum block size, assuming 512 bytes
[    2.119554] mmc0: SDHCI controller on 78000400.sdhci [78000400.sdhci] using ADMA
[    2.136256] mmc1: Invalid maximum block size, assuming 512 bytes
[    2.199449] mmc1: SDHCI controller on 78000600.sdhci [78000600.sdhci] using ADMA
[    2.208859] ledtrig-cpu: registered to indicate activity on CPUs
[    2.215165] usbcore: registered new interface driver usbhid
[    2.220750] usbhid: USB HID core driver
[    2.228255] NET: Registered protocol family 10
[    2.233517] Segment Routing with IPv6
[    2.237239] sit: IPv6, IPv4 and MPLS over IPv4 tunneling driver
[    2.243696] NET: Registered protocol family 17
[    2.248143] can: controller area network core (rev 20170425 abi 9)
[    2.254391] NET: Registered protocol family 29
[    2.258832] can: raw protocol (rev 20170425)
[    2.263119] can: broadcast manager protocol (rev 20170425 t)
[    2.268777] can: netlink gateway (rev 20170425) max_hops=1
[    2.274552] Key type dns_resolver registered
[    2.279321] ThumbEE CPU extension supported.
[    2.283616] Registering SWP/SWPB emulation handler
[    2.304317] usb1_vbus: supplied by vdd-sys-5v0
[    2.306095] mmc0: new high speed SDHC card at address aaaa
[    2.306863] mmcblk0: mmc0:aaaa SL16G 14.8 GiB 
[    2.320115] usb2_vbus: supplied by vdd-sys-5v0
[    2.328167] VDD_5V0_HDMI_CON: supplied by vdd-sys-5v0
[    2.334669]  mmcblk0: p1 p2 p3
[    2.339607] [drm] Supports vblank timestamp caching Rev 2 (21.10.2013).
[    2.346224] [drm] No driver support for vblank timestamp query.
[    2.358396] mmc1: new high speed MMC card at address 0001
[    2.364352] mmcblk1: mmc1:0001 SEM32G 29.1 GiB 
[    2.369171] mmcblk1boot0: mmc1:0001 SEM32G partition 1 4.00 MiB
[    2.375429] mmcblk1boot1: mmc1:0001 SEM32G partition 2 4.00 MiB
[    2.381595] mmcblk1rpmb: mmc1:0001 SEM32G partition 3 4.00 MiB
[    2.385935]  mmcblk1: p1 p2 p3 p4 p5 p6 p7 p8
[    2.448676] Console: switching to colour frame buffer device 240x75
[    2.498457] drm drm: fb0:  frame buffer device
[    2.503032] [drm] Initialized tegra 0.0.0 20120330 for drm on minor 0
[    2.513110] tegra-ehci 7d008000.usb: EHCI Host Controller
[    2.518530] tegra-ehci 7d008000.usb: new USB bus registered, assigned bus number 1
[    2.526374] tegra-ehci 7d008000.usb: irq 340, io mem 0x7d008000
[    2.559534] tegra-ehci 7d008000.usb: USB 2.0 started, EHCI 1.10
[    2.566586] hub 1-0:1.0: USB hub found
[    2.570455] hub 1-0:1.0: 1 port detected
[    2.576138] input: gpio-keys as /devices/soc0/gpio-keys/input/input0
[    2.585110] palmas-rtc 7000d000.i2c:tps65913@58:rtc: setting system clock to 2000-04-05 17:00:51 UTC (954954051)
[    2.601505] dvdd_ts: disabling
[    2.604565] usb1_vbus: disabling
[    2.607790] vdd_cam_1v8_reg: disabling
[    2.613266] EXT4-fs (mmcblk1p1): mounting ext3 file system using the ext4 subsystem
[    2.631884] EXT4-fs (mmcblk1p1): recovery complete
[    2.636687] EXT4-fs (mmcblk1p1): mounted filesystem with ordered data mode. Opts: (null)
[    2.644886] VFS: Mounted root (ext3 filesystem) on device 179:17.
[    2.653653] devtmpfs: mounted
[    2.658527] Freeing unused kernel memory: 2048K
bash: cannot set terminal process group (-1): Inappropriate ioctl for device
bash: no job control in this shell
root@(none):/# [    2.939564] usb 1-1: new high-speed USB device number 2 using tegra-ehci
mount -t sysfs none /sys
root@(none):/# 
root@(none):/# [    3.627333] asix 1-1:1.0 eth0: register 'asix' at usb-7d008000.usb-1, ASIX AX88772 USB 2.0 Ethernet, 00:50:b6:0d:b5:16
mount -t debugfs none /sys/kernel/debug
root@(none):/# 
root@(none):/# rtcwake -d rtc1 -m mem -s 3
rtcwake: assuming RTC uses UTC ...
rtcwake: wakeup from "mem" using /dev/rtc1 at Thu Jan  1 00:00:20 1970
[    5.292300] PM: suspend entry (deep)
[    5.295885] PM: Syncing filesystems ... done.
[    5.330943] Freezing user space processes ... (elapsed 0.001 seconds) done.
[    5.339167] OOM killer disabled.
[    5.342421] Freezing remaining freezable tasks ... (elapsed 0.001 seconds) done.
[    5.351147] Suspending console(s) (use no_console_suspend to debug)
[    5.418045] Disabling non-boot CPUs ...
[    5.560687] Entering suspend state LP1
[    5.560711] Enabling non-boot CPUs ...
[    5.561284] CPU1 is up
[    5.561822] CPU2 is up
[    5.562457] CPU3 is up
[    6.180606] OOM killer enabled.
[    6.183742] Restarting tasks ... done.
[    6.209680] PM: suspend exit
root@(none):/# 
root@(none):/# rtcwake -d rtc1 -m mem -s 3
rtcwake: assuming RTC uses UTC ...
rtcwake: wakeup from "mem" using /dev/rtc1 at Thu Jan  1 00:00:29 1970
[    6.579294] PM: suspend entry (deep)
[    6.582921] PM: Syncing filesystems ... done.
[    6.610086] Freezing user space processes ... (elapsed 0.001 seconds) done.
[    6.618330] OOM killer disabled.
[    6.621592] Freezing remaining freezable tasks ... (elapsed 0.001 seconds) done.
[    6.630371] Suspending console(s) (use no_console_suspend to debug)
[    6.697321] Disabling non-boot CPUs ...
[    6.830686] Entering suspend state LP1
[    6.830709] Enabling non-boot CPUs ...
[    6.831285] CPU1 is up
[    6.831811] CPU2 is up
[    6.832455] CPU3 is up
[    7.449213] OOM killer enabled.
[    7.452362] Restarting tasks ... done.
[    7.480011] PM: suspend exit
root@(none):/# 
root@(none):/# rtcwake -d rtc1 -m mem -s 3
rtcwake: assuming RTC uses UTC ...
rtcwake: wakeup from "mem" using /dev/rtc1 at Thu Jan  1 00:00:38 1970
[    7.840699] PM: suspend entry (deep)
[    7.844284] PM: Syncing filesystems ... done.
[    7.880431] Freezing user space processes ... (elapsed 0.001 seconds) done.
[    7.888686] OOM killer disabled.
[    7.891939] Freezing remaining freezable tasks ... (elapsed 0.001 seconds) done.
[    7.900694] Suspending console(s) (use no_console_suspend to debug)
[    7.967328] Disabling non-boot CPUs ...
[    8.110714] Entering suspend state LP1
[    8.110737] Enabling non-boot CPUs ...
[    8.111397] CPU1 is up
[    8.111927] CPU2 is up
[    8.112560] CPU3 is up
[    8.731059] OOM killer enabled.
[    8.734194] Restarting tasks ... done.
[    8.760369] PM: suspend exit
root@(none):/# 
root@(none):/# rtcwake -d rtc1 -m mem -s 3
rtcwake: assuming RTC uses UTC ...
rtcwake: wakeup from "mem" using /dev/rtc1 at Thu Jan  1 00:00:47 1970
[    9.120087] PM: suspend entry (deep)
[    9.123672] PM: Syncing filesystems ... done.
[    9.160704] Freezing user space processes ... (elapsed 0.001 seconds) done.
[    9.168956] OOM killer disabled.
[    9.172214] Freezing remaining freezable tasks ... (elapsed 0.001 seconds) done.
[    9.180971] Suspending console(s) (use no_console_suspend to debug)
[    9.247347] Disabling non-boot CPUs ...
[    9.380468] Entering suspend state LP1
[    9.380491] Enabling non-boot CPUs ...
[    9.381080] CPU1 is up
[    9.381614] CPU2 is up
[    9.382253] CPU3 is up
[    9.999962] OOM killer enabled.
[   10.003098] Restarting tasks ... done.
[   10.029786] PM: suspend exit
root@(none):/# 
root@(none):/# rtcwake -d rtc1 -m mem -s 3
rtcwake: assuming RTC uses UTC ...
rtcwake: wakeup from "mem" using /dev/rtc1 at Thu Jan  1 00:00:56 1970
[   10.394262] PM: suspend entry (deep)
[   10.397839] PM: Syncing filesystems ... done.
[   10.430201] Freezing user space processes ... (elapsed 0.001 seconds) done.
[   10.438456] OOM killer disabled.
[   10.441709] Freezing remaining freezable tasks ... (elapsed 0.001 seconds) done.
[   10.450461] Suspending console(s) (use no_console_suspend to debug)
[   10.517604] Disabling non-boot CPUs ...
[   10.549714] IRQ17 no longer affine to CPU1
[   10.670609] Entering suspend state LP1
[   10.670633] Enabling non-boot CPUs ...
[   10.671219] CPU1 is up
[   10.671750] CPU2 is up
[   10.672387] CPU3 is up
[   11.291565] OOM killer enabled.
[   11.294708] Restarting tasks ... done.
[   11.321702] PM: suspend exit
root@(none):/# 
root@(none):/# rtcwake -d rtc1 -m mem -s 3
rtcwake: assuming RTC uses UTC ...
rtcwake: wakeup from "mem" using /dev/rtc1 at Thu Jan  1 00:01:05 1970
[   11.680144] PM: suspend entry (deep)
[   11.683722] PM: Syncing filesystems ... done.
[   11.721974] Freezing user space processes ... (elapsed 0.001 seconds) done.
[   11.730263] OOM killer disabled.
[   11.733486] Freezing remaining freezable tasks ... (elapsed 0.001 seconds) done.
[   11.742254] Suspending console(s) (use no_console_suspend to debug)
[   11.807116] Disabling non-boot CPUs ...
[   11.940585] Entering suspend state LP1
[   11.940608] Enabling non-boot CPUs ...
[   11.941198] CPU1 is up
[   11.941734] CPU2 is up
[   11.942367] CPU3 is up
[   12.559796] OOM killer enabled.
[   12.562931] Restarting tasks ... done.
[   12.589554] PM: suspend exit
root@(none):/# 
root@(none):/# rtcwake -d rtc1 -m mem -s 3
rtcwake: assuming RTC uses UTC ...
rtcwake: wakeup from "mem" using /dev/rtc1 at Thu Jan  1 00:01:14 1970
[   12.948214] PM: suspend entry (deep)
[   12.951834] PM: Syncing filesystems ... done.
[   12.989966] Freezing user space processes ... (elapsed 0.001 seconds) done.
[   12.998221] OOM killer disabled.
[   13.001474] Freezing remaining freezable tasks ... (elapsed 0.001 seconds) done.
[   13.010241] Suspending console(s) (use no_console_suspend to debug)
[   13.077581] Disabling non-boot CPUs ...
[   13.220361] Entering suspend state LP1
[   13.220385] Enabling non-boot CPUs ...
[   13.220973] CPU1 is up
[   13.221507] CPU2 is up
[   13.222154] CPU3 is up
[   13.840073] OOM killer enabled.
[   13.843208] Restarting tasks ... done.
[   13.869629] PM: suspend exit
root@(none):# 
root@(none):/# rtcwake -d rtc1 -m mem -s 3
rtcwake: assuming RTC uses UTC ...
rtcwake: wakeup from "mem" using /dev/rtc1 at Thu Jan  1 00:01:23 1970
[   14.230959] PM: suspend entry (deep)
[   14.234540] PM: Syncing filesystems ... done.
[   14.270016] Freezing user space processes ... (elapsed 0.001 seconds) done.
[   14.278270] OOM killer disabled.
[   14.281525] Freezing remaining freezable tasks ... (elapsed 0.001 seconds) done.
[   14.290277] Suspending console(s) (use no_console_suspend to debug)
[   14.357367] Disabling non-boot CPUs ...
[   14.489492] IRQ17 no longer affine to CPU3
[   14.490365] Entering suspend state LP1
[   14.490388] Enabling non-boot CPUs ...
[   14.490974] CPU1 is up
[   14.491507] CPU2 is up
[   14.492156] CPU3 is up
[   15.114168] OOM killer enabled.
[   15.117309] Restarting tasks ... done.
[   15.156038] PM: suspend exit
root@(none):/# 
root@(none):/# rtcwake -d rtc1 -m mem -s 3
rtcwake: assuming RTC uses UTC ...
rtcwake: wakeup from "mem" using /dev/rtc1 at Thu Jan  1 00:01:32 1970
[   15.510392] PM: suspend entry (deep)
[   15.513974] PM: Syncing filesystems ... done.
[   15.556398] Freezing user space processes ... (elapsed 0.001 seconds) done.
[   15.564690] OOM killer disabled.
[   15.567913] Freezing remaining freezable tasks ... (elapsed 0.001 seconds) done.
[   15.576640] Suspending console(s) (use no_console_suspend to debug)
[   15.647505] Disabling non-boot CPUs ...
[   15.779453] IRQ17 no longer affine to CPU3
[   15.780335] Entering suspend state LP1
[   15.780359] Enabling non-boot CPUs ...
[   15.780945] CPU1 is up
[   15.781477] CPU2 is up
[   15.782111] CPU3 is up
[   16.401562] OOM killer enabled.
[   16.404702] Restarting tasks ... done.
[   16.446306] PM: suspend exit
root@(none):/# 
root@(none):/# rtcwake -d rtc1 -m mem -s 3
rtcwake: assuming RTC uses UTC ...
rtcwake: wakeup from "mem" using /dev/rtc1 at Thu Jan  1 00:01:41 1970
[   16.803233] PM: suspend entry (deep)
[   16.806815] PM: Syncing filesystems ... done.
[   16.846664] Freezing user space processes ... (elapsed 0.001 seconds) done.
[   16.854954] OOM killer disabled.
[   16.858177] Freezing remaining freezable tasks ... (elapsed 0.001 seconds) done.
[   16.866906] Suspending console(s) (use no_console_suspend to debug)
[   16.936726] Disabling non-boot CPUs ...
[   16.969517] IRQ17 no longer affine to CPU1
[   17.070259] Entering suspend state LP1
[   17.070283] Enabling non-boot CPUs ...
[   17.070869] CPU1 is up
[   17.071401] CPU2 is up
[   17.072041] CPU3 is up
[   17.691564] OOM killer enabled.
[   17.694704] Restarting tasks ... done.
NVTB SYSTEM SUSPEND TEST COMPLETE
[   17.736461] PM: suspend exit
root@(none):/# 
root@(none):/# 