
U-Boot SPL 2015.04-rc3-00209-ga74ef40 (Mar 16 2015 - 14:43:39)


U-Boot 2015.04-rc3-00209-ga74ef40 (Mar 16 2015 - 14:43:39)

TEGRA20
Model: Compulab TrimSlice board
DRAM:  1 GiB
MMC:   Tegra SD/MMC: 0, Tegra SD/MMC: 1
SF: Detected W25Q80BL with page size 256 Bytes, erase size 4 KiB, total 1 MiB
tegra-pcie: PCI regions:
tegra-pcie:   I/O: 0x82000000-0x82010000
tegra-pcie:   non-prefetchable memory: 0xa0000000-0xa8000000
tegra-pcie:   prefetchable memory: 0xa8000000-0xc0000000
tegra-pcie: dual-mode configuration
tegra-pcie: probing port 0, using 2 lanes
In:    serial
Out:   serial
Err:   serial
Net:   RTL8169#0
Hit any key to stop autoboot:  2  0 
Tegra20 (TrimSlice) # 
Tegra20 (TrimSlice) # usb reset
resetting USB...
USB0:   USB EHCI 1.00
scanning bus 0 for devices... 3 USB Device(s) found
USB1:   USB EHCI 1.00
scanning bus 1 for devices... 1 USB Device(s) found
USB2:   lowlevel init failed
       scanning usb for storage devices... 0 Storage Device(s) found
       scanning usb for ethernet devices... 
Warning: asx0 using MAC address from net device
1 Ethernet Device(s) found
Tegra20 (TrimSlice) # setenv bootargs 'ignore_loglevel console=ttyS0,115200n8 rw root=PARTUUID=11eb23c1-01 rootwait gpt debug noinitrd earlyprintk init=/bin/bash'
Tegra20 (TrimSlice) # setenv ipaddr 192.168.100.103; setenv serverip 192.168.100.1; setenv tftpserverip 192.168.100.1
Tegra20 (TrimSlice) # tftpboot 0x00408000 zImage.tegra_defconfig
Using RTL8169#0 device
TFTP from server 192.168.100.1; our IP address is 192.168.100.103
Filename 'zImage.tegra_defconfig'.
Load address: 0x408000
Loading: *#################################################################
	 #################################################################
	 #################################################################
	 #################################################################
	 #################################################################
	 #################################################################
	 ###############################
	 4.1 MiB/s
done
Bytes transferred = 6168456 (5e1f88 hex)
Tegra20 (TrimSlice) # tftpboot 0x02408000 tegra20-trimslice.dtb
Using RTL8169#0 device
TFTP from server 192.168.100.1; our IP address is 192.168.100.103
Filename 'tegra20-trimslice.dtb'.
Load address: 0x2408000
Loading: *##
	 3.4 MiB/s
done
Bytes transferred = 21160 (52a8 hex)
Tegra20 (TrimSlice) # bootz 0x00408000 - 0x02408000
Kernel image @ 0x408000 [ 0x000000 - 0x5e1f88 ]
## Flattened Device Tree blob at 02408000
   Booting using the fdt blob at 0x2408000
   Using Device Tree in place at 02408000, end 024102a7

Starting kernel ...

[    0.000000] Booting Linux on physical CPU 0x0
[    0.000000] Linux version 4.15.0-rc5-15164-g464e1d5 (jonathanh@kaivo) (gcc version 4.7.3 20130328 (prerelease) (crosstool-NG linaro-1.13.1-4.7-2013.04-20130415 - Linaro GCC 2013.04)) #1 SMP PREEMPT Sat Dec 23 21:02:19 PST 2017
[    0.000000] CPU: ARMv7 Processor [411fc090] revision 0 (ARMv7), cr=10c5387d
[    0.000000] CPU: PIPT / VIPT nonaliasing data cache, VIPT aliasing instruction cache
[    0.000000] OF: fdt: Machine model: Compulab TrimSlice board
[    0.000000] debug: ignoring loglevel setting.
[    0.000000] bootconsole [earlycon0] enabled
[    0.000000] Memory policy: Data cache writealloc
[    0.000000] cma: Reserved 64 MiB at 0x3c000000
[    0.000000] On node 0 totalpages: 262144
[    0.000000]   Normal zone: 1536 pages used for memmap
[    0.000000]   Normal zone: 0 pages reserved
[    0.000000]   Normal zone: 196608 pages, LIFO batch:31
[    0.000000]   HighMem zone: 65536 pages, LIFO batch:15
[    0.000000] random: fast init done
[    0.000000] percpu: Embedded 17 pages/cpu @(ptrval) s39104 r8192 d22336 u69632
[    0.000000] pcpu-alloc: s39104 r8192 d22336 u69632 alloc=17*4096
[    0.000000] pcpu-alloc: [0] 0 [0] 1 
[    0.000000] Built 1 zonelists, mobility grouping on.  Total pages: 260608
[    0.000000] Kernel command line: ignore_loglevel console=ttyS0,115200n8 rw root=PARTUUID=11eb23c1-01 rootwait gpt debug noinitrd earlyprintk init=/bin/bash
[    0.000000] Dentry cache hash table entries: 131072 (order: 7, 524288 bytes)
[    0.000000] Inode-cache hash table entries: 65536 (order: 6, 262144 bytes)
[    0.000000] Memory: 959424K/1048576K available (9216K kernel code, 777K rwdata, 2560K rodata, 1024K init, 299K bss, 23616K reserved, 65536K cma-reserved, 196608K highmem)
[    0.000000] Virtual kernel memory layout:
[    0.000000]     vector  : 0xffff0000 - 0xffff1000   (   4 kB)
[    0.000000]     fixmap  : 0xffc00000 - 0xfff00000   (3072 kB)
[    0.000000]     vmalloc : 0xf0800000 - 0xff800000   ( 240 MB)
[    0.000000]     lowmem  : 0xc0000000 - 0xf0000000   ( 768 MB)
[    0.000000]     pkmap   : 0xbfe00000 - 0xc0000000   (   2 MB)
[    0.000000]     modules : 0xbf000000 - 0xbfe00000   (  14 MB)
[    0.000000]       .text : 0x(ptrval) - 0x(ptrval)   (10208 kB)
[    0.000000]       .init : 0x(ptrval) - 0x(ptrval)   (1024 kB)
[    0.000000]       .data : 0x(ptrval) - 0x(ptrval)   ( 778 kB)
[    0.000000]        .bss : 0x(ptrval) - 0x(ptrval)   ( 300 kB)
[    0.000000] Preemptible hierarchical RCU implementation.
[    0.000000] 	RCU restricting CPUs from NR_CPUS=4 to nr_cpu_ids=2.
[    0.000000] 	Tasks RCU enabled.
[    0.000000] RCU: Adjusting geometry for rcu_fanout_leaf=16, nr_cpu_ids=2
[    0.000000] NR_IRQS: 16, nr_irqs: 16, preallocated irqs: 16
[    0.000000] /interrupt-controller@60004000: 128 interrupts forwarded to /interrupt-controller@50041000
[    0.000000] L2C: platform modifies aux control register: 0x02080000 -> 0x3e480001
[    0.000000] L2C: DT/platform modifies aux control register: 0x02080000 -> 0x3e480001
[    0.000000] L2C-310 errata 727915 769419 enabled
[    0.000000] L2C-310 enabling early BRESP for Cortex-A9
[    0.000000] L2C-310: enabling full line of zeros but not enabled in Cortex-A9
[    0.000000] L2C-310 ID prefetch enabled, offset 1 lines
[    0.000000] L2C-310 cache controller enabled, 8 ways, 1024 kB
[    0.000000] L2C-310: CACHE_ID 0x410000c4, AUX_CTRL 0x7e480001
[    0.000009] sched_clock: 32 bits at 1000kHz, resolution 1000ns, wraps every 2147483647500ns
[    0.008266] clocksource: timer_us: mask: 0xffffffff max_cycles: 0xffffffff, max_idle_ns: 1911260446275 ns
[    0.017795] Switching to timer-based delay loop, resolution 1000ns
[    0.024621] Console: colour dummy device 80x30
[    0.028983] Calibrating delay loop (skipped), value calculated using timer frequency.. 2.00 BogoMIPS (lpj=10000)
[    0.039119] pid_max: default: 32768 minimum: 301
[    0.044120] Mount-cache hash table entries: 2048 (order: 1, 8192 bytes)
[    0.050650] Mountpoint-cache hash table entries: 2048 (order: 1, 8192 bytes)
[    0.058455] CPU: Testing write buffer coherency: ok
[    0.063539] CPU0: thread -1, cpu 0, socket 0, mpidr 80000000
[    0.100011] Setting up static identity map for 0x100000 - 0x1000a0
[    0.106226] Hierarchical SRCU implementation.
[    0.130290] Tegra Revision: A03 prime SKU: 8 CPU Process: 1 SoC Process: 2
[    0.149973] smp: Bringing up secondary CPUs ...
[    0.200567] CPU1: thread -1, cpu 1, socket 0, mpidr 80000001
[    0.200654] smp: Brought up 1 node, 2 CPUs
[    0.210324] SMP: Total of 2 processors activated (4.00 BogoMIPS).
[    0.216353] CPU: All CPU(s) started in SVC mode.
[    0.222004] devtmpfs: initialized
[    0.230538] VFP support v0.3: implementor 41 architecture 3 part 30 variant 9 rev 1
[    0.238403] clocksource: jiffies: mask: 0xffffffff max_cycles: 0xffffffff, max_idle_ns: 19112604462750000 ns
[    0.248147] futex hash table entries: 512 (order: 3, 32768 bytes)
[    0.256973] pinctrl core: initialized pinctrl subsystem
[    0.263408] NET: Registered protocol family 16
[    0.269649] DMA: preallocated 256 KiB pool for atomic coherent allocations
[    0.277642] cpuidle: using governor menu
[    0.297096] No ATAGs?
[    0.297173] hw-breakpoint: found 5 (+1 reserved) breakpoint and 1 watchpoint registers.
[    0.307351] hw-breakpoint: maximum watchpoint size is 4 bytes.
[    0.331548] usb1_vbus: Failed to request enable GPIO170: -517
[    0.337202] reg-fixed-voltage regulators:regulator@2: Failed to register regulator: -517
[    0.348427] vgaarb: loaded
[    0.351854] SCSI subsystem initialized
[    0.355767] libata version 3.00 loaded.
[    0.359858] usbcore: registered new interface driver usbfs
[    0.365358] usbcore: registered new interface driver hub
[    0.370676] usbcore: registered new device driver usb
[    0.377544] Linux video capture interface: v2.00
[    0.382176] pps_core: LinuxPPS API ver. 1 registered
[    0.387041] pps_core: Software ver. 5.3.6 - Copyright 2005-2007 Rodolfo Giometti <giometti@linux.it>
[    0.396205] PTP clock support registered
[    0.400694] Advanced Linux Sound Architecture Driver Initialized.
[    0.407338] Bluetooth: Core ver 2.22
[    0.410898] NET: Registered protocol family 31
[    0.415243] Bluetooth: HCI device and connection manager initialized
[    0.421590] Bluetooth: HCI socket layer initialized
[    0.426427] Bluetooth: L2CAP socket layer initialized
[    0.431496] Bluetooth: SCO socket layer initialized
[    0.436956] clocksource: Switched to clocksource timer_us
[    0.523206] NET: Registered protocol family 2
[    0.528486] TCP established hash table entries: 8192 (order: 3, 32768 bytes)
[    0.535500] TCP bind hash table entries: 8192 (order: 4, 65536 bytes)
[    0.541977] TCP: Hash tables configured (established 8192 bind 8192)
[    0.548925] UDP hash table entries: 512 (order: 2, 16384 bytes)
[    0.554792] UDP-Lite hash table entries: 512 (order: 2, 16384 bytes)
[    0.561390] NET: Registered protocol family 1
[    0.566351] RPC: Registered named UNIX socket transport module.
[    0.572196] RPC: Registered udp transport module.
[    0.576850] RPC: Registered tcp transport module.
[    0.581543] RPC: Registered tcp NFSv4.1 backchannel transport module.
[    0.588639] PCI: CLS 0 bytes, default 64
[    0.593791] hw perfevents: no interrupt-affinity property for /pmu, guessing.
[    0.601044] hw perfevents: enabled with armv7_cortex_a9 PMU driver, 7 counters available
[    0.610536] Initialise system trusted keyrings
[    0.615057] workingset: timestamp_bits=30 max_order=18 bucket_order=0
[    0.622485] squashfs: version 4.0 (2009/01/31) Phillip Lougher
[    0.628920] NFS: Registering the id_resolver key type
[    0.633891] Key type id_resolver registered
[    0.638058] Key type id_legacy registered
[    0.646619] Key type asymmetric registered
[    0.650638] Asymmetric key parser 'x509' registered
[    0.655687] bounce: pool size: 64 pages
[    0.659522] io scheduler noop registered (default)
[    0.664216] io scheduler mq-deadline registered
[    0.668737] io scheduler kyber registered
[    0.677353] tegra-pcie 80003000.pcie: dual-mode configuration
[    0.683911] tegra-pcie 80003000.pcie: probing port 0, using 2 lanes
[    0.760682] tegra-pcie 80003000.pcie: PCI host bridge to bus 0000:00
[    0.766940] pci_bus 0000:00: root bus resource [io  0x0000-0xffff]
[    0.773115] pci_bus 0000:00: root bus resource [mem 0xa0000000-0xa7ffffff]
[    0.779952] pci_bus 0000:00: root bus resource [mem 0xa8000000-0xbfffffff pref]
[    0.787232] pci_bus 0000:00: root bus resource [bus 00-ff]
[    0.792717] pci 0000:00:01.0: [10de:0bf0] type 01 class 0x060000
[    0.798683] pci_bus 0000:00: 2-byte config write to 0000:00:01.0 offset 0x4 may corrupt adjacent RW1C bits
[    0.808293] pci_bus 0000:00: 2-byte config write to 0000:00:01.0 offset 0x4 may corrupt adjacent RW1C bits
[    0.817925] pci 0000:00:01.0: enabling Extended Tags
[    0.822840] pci_bus 0000:00: 2-byte config write to 0000:00:01.0 offset 0x88 may corrupt adjacent RW1C bits
[    0.832576] pci_bus 0000:00: 2-byte config write to 0000:00:01.0 offset 0x52 may corrupt adjacent RW1C bits
[    0.842281] pci 0000:00:01.0: PME# supported from D0 D1 D2 D3hot D3cold
[    0.848853] pci_bus 0000:00: 2-byte config write to 0000:00:01.0 offset 0x4c may corrupt adjacent RW1C bits
[    0.858757] pci_bus 0000:00: 2-byte config write to 0000:00:01.0 offset 0x3e may corrupt adjacent RW1C bits
[    0.868413] pci_bus 0000:00: 2-byte config write to 0000:00:01.0 offset 0x4 may corrupt adjacent RW1C bits
[    0.878027] pci_bus 0000:00: 1-byte config write to 0000:00:01.0 offset 0xc may corrupt adjacent RW1C bits
[    0.887642] PCI: bus0: Fast back to back transfers disabled
[    0.893181] pci 0000:00:01.0: bridge configuration invalid ([bus 00-00]), reconfiguring
[    0.901166] pci_bus 0000:00: 2-byte config write to 0000:00:01.0 offset 0x3e may corrupt adjacent RW1C bits
[    0.910874] pci_bus 0000:00: 2-byte config write to 0000:00:01.0 offset 0x3e may corrupt adjacent RW1C bits
[    0.920746] pci 0000:01:00.0: [10ec:8168] type 00 class 0x020000
[    0.926673] pci 0000:01:00.0: reg 0x10: [io  0x0000-0x00ff]
[    0.932235] pci 0000:01:00.0: reg 0x18: [mem 0x00000000-0x00000fff 64bit pref]
[    0.939419] pci 0000:01:00.0: reg 0x20: [mem 0x00000000-0x00003fff 64bit pref]
[    0.946594] pci 0000:01:00.0: reg 0x30: [mem 0x00000000-0x0001ffff pref]
[    0.953445] PCI: bus1: Fast back to back transfers disabled
[    0.958940] pci_bus 0000:01: busn_res: [bus 01-ff] end is updated to 01
[    0.965530] pci 0000:00:01.0: BAR 8: assigned [mem 0xa0000000-0xa00fffff]
[    0.972284] pci 0000:00:01.0: BAR 9: assigned [mem 0xa8000000-0xa80fffff 64bit pref]
[    0.979994] pci 0000:00:01.0: BAR 7: assigned [io  0x1000-0x1fff]
[    0.986055] pci 0000:01:00.0: BAR 6: assigned [mem 0xa0000000-0xa001ffff pref]
[    0.993255] pci 0000:01:00.0: BAR 4: assigned [mem 0xa8000000-0xa8003fff 64bit pref]
[    1.000976] pci 0000:01:00.0: BAR 2: assigned [mem 0xa8004000-0xa8004fff 64bit pref]
[    1.008689] pci 0000:01:00.0: BAR 0: assigned [io  0x1000-0x10ff]
[    1.014738] pci 0000:00:01.0: PCI bridge to [bus 01]
[    1.019687] pci 0000:00:01.0:   bridge window [io  0x1000-0x1fff]
[    1.025742] pci 0000:00:01.0:   bridge window [mem 0xa0000000-0xa00fffff]
[    1.032513] pci 0000:00:01.0:   bridge window [mem 0xa8000000-0xa80fffff 64bit pref]
[    1.040240] pci 0000:00:01.0: nv_msi_ht_cap_quirk didn't locate host bridge
[    1.047208] Disabling cpuidle LP2 state, since PCIe IRQs are in use
[    1.053411] pcieport 0000:00:01.0: enabling device (0140 -> 0143)
[    1.059708] pcieport 0000:00:01.0: Signaling PME with IRQ 295
[    1.068642] tegra-apbdma 6000a000.dma: Tegra20 APB DMA driver register 16 channels
[    1.077765] Serial: 8250/16550 driver, 4 ports, IRQ sharing disabled
[    1.085857] console [ttyS0] disabled
[    1.089392] 70006000.serial: ttyS0 at MMIO 0x70006000 (irq = 279, base_baud = 13500000) is a Tegra
[    1.098312] console [ttyS0] enabled
[    1.098312] console [ttyS0] enabled
[    1.105199] bootconsole [earlycon0] disabled
[    1.105199] bootconsole [earlycon0] disabled
[    1.116188] tegra-hdmi 54280000.hdmi: 54280000.hdmi supply hdmi not found, using dummy regulator
[    1.128260] [drm] Supports vblank timestamp caching Rev 2 (21.10.2013).
[    1.134860] [drm] No driver support for vblank timestamp query.
[    1.140909] [drm] Cannot find any crtc or sizes
[    1.145506] [drm] Cannot find any crtc or sizes
[    1.147011] [drm] Initialized tegra 0.0.0 20120330 for drm on minor 0
[    1.159252] loop: module loaded
[    1.164647] m25p80 spi0.0: found s25fl008k, expected w25q80bl
[    1.170523] m25p80 spi0.0: s25fl008k (1024 Kbytes)
[    1.187300] libphy: Fixed MDIO Bus: probed
[    1.191387] CAN device driver interface
[    1.195268] igb: Intel(R) Gigabit Ethernet Network Driver - version 5.4.0-k
[    1.202228] igb: Copyright (c) 2007-2014 Intel Corporation.
[    1.207996] r8169 Gigabit Ethernet driver 2.3LK-NAPI loaded
[    1.213605] r8169 0000:01:00.0: enabling device (0140 -> 0143)
[    1.219476] r8169 0000:01:00.0 (unnamed net_device) (uninitialized): not PCI Express
[    1.227953] r8169 0000:01:00.0 eth0: RTL8168d/8111d at 0xad7e300e, 00:01:c0:13:7d:63, XID 081000c0 IRQ 286
[    1.237611] r8169 0000:01:00.0 eth0: jumbo features [frames: 9200 bytes, tx checksumming: ko]
[    1.246263] pegasus: v0.9.3 (2013/04/25), Pegasus/Pegasus II USB Ethernet driver
[    1.253736] usbcore: registered new interface driver pegasus
[    1.259468] usbcore: registered new interface driver asix
[    1.264919] usbcore: registered new interface driver ax88179_178a
[    1.271074] usbcore: registered new interface driver cdc_ether
[    1.276985] usbcore: registered new interface driver smsc75xx
[    1.282785] usbcore: registered new interface driver smsc95xx
[    1.288592] usbcore: registered new interface driver net1080
[    1.294301] usbcore: registered new interface driver cdc_subset
[    1.300285] usbcore: registered new interface driver zaurus
[    1.305916] usbcore: registered new interface driver cdc_ncm
[    1.311880] tegra-phy c5004000.usb-phy: no vbus regulator
[    1.318439] tegra-phy c5008000.usb-phy: no vbus regulator
[    1.323964] ehci_hcd: USB 2.0 'Enhanced' Host Controller (EHCI) Driver
[    1.330493] ehci-pci: EHCI PCI platform driver
[    1.334992] tegra-ehci: Tegra EHCI driver
[    1.397939] ulpi_phy_power_on: ulpi write failed
[    1.402547] tegra-ehci c5004000.usb: Failed to power on the phy
[    1.408487] tegra-ehci: probe of c5004000.usb failed with error -110
[    1.417480] tegra-ehci c5008000.usb: EHCI Host Controller
[    1.422899] tegra-ehci c5008000.usb: new USB bus registered, assigned bus number 1
[    1.430698] tegra-ehci c5008000.usb: irq 290, io mem 0xc5008000
[    1.456978] tegra-ehci c5008000.usb: USB 2.0 started, EHCI 1.00
[    1.463731] hub 1-0:1.0: USB hub found
[    1.467537] hub 1-0:1.0: 1 port detected
[    1.472304] usbcore: registered new interface driver cdc_acm
[    1.477971] cdc_acm: USB Abstract Control Model driver for USB modems and ISDN adapters
[    1.486028] usbcore: registered new interface driver cdc_wdm
[    1.491789] usbcore: registered new interface driver usb-storage
[    1.500345] rtc-em3027 2-0056: rtc core: registered rtc-em3027 as rtc0
[    1.507535] tegra_rtc 7000e000.rtc: rtc core: registered 7000e000.rtc as rtc1
[    1.514704] tegra_rtc 7000e000.rtc: Tegra internal Real Time Clock
[    1.521176] i2c /dev entries driver
[    1.525495] usbcore: registered new interface driver uvcvideo
[    1.531245] USB Video Class driver (1.1.1)
[    1.535329] gspca_main: v2.14.0 registered
[    1.540762] sdhci: Secure Digital Host Controller Interface driver
[    1.546927] sdhci: Copyright(c) Pierre Ossman
[    1.551316] sdhci-pltfm: SDHCI platform and OF driver helper
[    1.565394] mmc0: Invalid maximum block size, assuming 512 bytes
[    1.628290] mmc0: SDHCI controller on c8000000.sdhci [c8000000.sdhci] using ADMA
[    1.636418] sdhci-tegra c8000600.sdhci: Got CD GPIO
[    1.641476] sdhci-tegra c8000600.sdhci: Got WP GPIO
[    1.655178] mmc1: Invalid maximum block size, assuming 512 bytes
[    1.718041] mmc1: SDHCI controller on c8000600.sdhci [c8000600.sdhci] using ADMA
[    1.735499] usbcore: registered new interface driver usbhid
[    1.741355] usbhid: USB HID core driver
[    1.752561] tegra-snd-trimslice sound: tlv320aic23-hifi <-> 70002800.i2s mapping ok
[    1.763073] NET: Registered protocol family 10
[    1.769293] Segment Routing with IPv6
[    1.773140] mip6: Mobile IPv6
[    1.776100] sit: IPv6, IPv4 and MPLS over IPv4 tunneling driver
[    1.783625] NET: Registered protocol family 17
[    1.788254] NET: Registered protocol family 15
[    1.792709] can: controller area network core (rev 20170425 abi 9)
[    1.799144] NET: Registered protocol family 29
[    1.803608] can: raw protocol (rev 20170425)
[    1.807914] can: broadcast manager protocol (rev 20170425 t)
[    1.813566] can: netlink gateway (rev 20170425) max_hops=1
[    1.819217] Bluetooth: RFCOMM socket layer initialized
[    1.824358] Bluetooth: RFCOMM ver 1.11
[    1.828150] Bluetooth: BNEP (Ethernet Emulation) ver 1.3
[    1.833454] Bluetooth: BNEP socket layer initialized
[    1.838456] usb 1-1: new high-speed USB device number 2 using tegra-ehci
[    1.845290] Bluetooth: HIDP (Human Interface Emulation) ver 1.2
[    1.851263] Bluetooth: HIDP socket layer initialized
[    1.856476] Key type dns_resolver registered
[    1.861132] Registering SWP/SWPB emulation handler
[    1.866745] Loading compiled-in X.509 certificates
[    1.877143] mmc1: new high speed SD card at address b368
[    1.882295] utmi_phy_clk_enable: timeout waiting for phy to stabilize
[    1.882321] tegra-ehci c5000000.usb: EHCI Host Controller
[    1.882345] tegra-ehci c5000000.usb: new USB bus registered, assigned bus number 2
[    1.882638] tegra-ehci c5000000.usb: irq 288, io mem 0xc5000000
[    1.910899] mmcblk1: mmc1:b368 NCard 1.83 GiB (ro)
[    1.918975]  mmcblk1: p1 p2
[    2.017111] tegra-ehci c5000000.usb: USB 2.0 started, EHCI 1.00
[    2.026728] hub 2-0:1.0: USB hub found
[    2.030583] hub 2-0:1.0: 1 port detected
[    2.035817] input: gpio-keys as /devices/soc0/gpio-keys/input/input0
[    2.043442] rtc-em3027 2-0056: hctosys: unable to read the hardware clock
[    2.050846] hub 1-1:1.0: USB hub found
[    2.050985] cfg80211: Loading compiled-in X.509 certificates for regulatory database
[    2.054157] cfg80211: Loaded X.509 cert 'sforshee: 00b28ddf47aef9cea7'
[    2.054417] platform regulatory.0: Direct firmware load for regulatory.db failed with error -2
[    2.054422] cfg80211: failed to load regulatory.db
[    2.054606] ALSA device list:
[    2.054609]   #0: tegra-trimslice
[    2.088844] hub 1-1:1.0: 4 ports detected
[    2.094248] Waiting for root device PARTUUID=11eb23c1-01...
[    2.407109] usb 1-1.2: new high-speed USB device number 3 using tegra-ehci
[    2.905015] mmc0: host does not support reading read-only switch, assuming write-enable
[    2.915211] mmc0: new high speed SDHC card at address b368
[    2.923608] mmcblk0: mmc0:b368 NCard 3.70 GiB 
[    2.930536]  mmcblk0: p1
[    3.044310] asix 1-1.2:1.0 eth1: register 'asix' at usb-c5008000.usb-1.2, ASIX AX88772 USB 2.0 Ethernet, 00:60:6e:60:6c:68
[    3.058180] EXT4-fs (mmcblk0p1): mounting ext3 file system using the ext4 subsystem
[    3.582127] EXT4-fs (mmcblk0p1): recovery complete
[    3.661362] EXT4-fs (mmcblk0p1): mounted filesystem with ordered data mode. Opts: (null)
[    3.669681] VFS: Mounted root (ext3 filesystem) on device 179:17.
[    3.686649] devtmpfs: mounted
[    3.690632] Freeing unused kernel memory: 1024K
bash: cannot set terminal process group (-1): Inappropriate ioctl for device
bash: no job control in this shell
root@(none):/# 