Diff for ./qemu-vexpress64/__internal/defconfig_log.txt
--- /tmp/fooa	2015-12-10 05:39:06.854751712 -0800
+++ /tmp/foob	2015-12-10 05:39:06.854751712 -0800
@@ -1,6 +1,6 @@
 Booting Linux on physical CPU 0x0
 Initializing cgroup subsys cpu
-Linux version 4.4.0-rc3+ (pwalmsley@tamien) (gcc version 4.9.2 20140904 (prerelease) (crosstool-NG linaro-1.13.1-4.9-2014.09 - Linaro GCC 4.9-2014.09) ) #1 SMP PREEMPT Thu Dec 10 05:18:43 PST 2015
+Linux version 4.4.0-rc4+ (pwalmsley@tamien) (gcc version 4.9.2 20140904 (prerelease) (crosstool-NG linaro-1.13.1-4.9-2014.09 - Linaro GCC 4.9-2014.09) ) #1 SMP PREEMPT Thu Dec 10 05:34:19 PST 2015
 Boot CPU: AArch64 Processor [411fd070]
 Memory limited to 1024MB
 efi: Getting EFI parameters from FDT:
@@ -20,7 +20,7 @@
 Dentry cache hash table entries: 131072 (order: 8, 1048576 bytes)
 Inode-cache hash table entries: 65536 (order: 7, 524288 bytes)
 software IO TLB [mem 0x79c00000-0x7dc00000] (64MB) mapped at [ffffffc039c00000-ffffffc03dbfffff]
-Memory: 938884K/1048576K available (5518K kernel code, 498K rwdata, 2340K rodata, 540K init, 209K bss, 93308K reserved, 16384K cma-reserved)
+Memory: 938884K/1048576K available (5522K kernel code, 494K rwdata, 2340K rodata, 540K init, 209K bss, 93308K reserved, 16384K cma-reserved)
 Virtual kernel memory layout:
     vmalloc : 0xffffff8000000000 - 0xffffffbdbfff0000   (   246 GB)
     vmemmap : 0xffffffbdc0000000 - 0xffffffbfc0000000   (     8 GB maximum)
@@ -29,9 +29,9 @@
     PCI I/O : 0xffffffbffae00000 - 0xffffffbffbe00000   (    16 MB)
     modules : 0xffffffbffc000000 - 0xffffffc000000000   (    64 MB)
     memory  : 0xffffffc000000000 - 0xffffffc040000000   (  1024 MB)
-      .init : 0xffffffc00082f000 - 0xffffffc0008b6000   (   540 KB)
-      .text : 0xffffffc000080000 - 0xffffffc00082e9f4   (  7867 KB)
-      .data : 0xffffffc0008c7000 - 0xffffffc000943a00   (   499 KB)
+      .init : 0xffffffc000830000 - 0xffffffc0008b7000   (   540 KB)
+      .text : 0xffffffc000080000 - 0xffffffc00082f9f4   (  7871 KB)
+      .data : 0xffffffc0008c8000 - 0xffffffc000943a00   (   495 KB)
 SLUB: HWalign=64, Order=0-3, MinObjects=0, CPUs=1, Nodes=1
 Preemptible hierarchical RCU implementation.
 	Build-time adjustment of leaf fanout to 64.
@@ -89,7 +89,7 @@
 kvm [1]: HYP mode not available
 futex hash table entries: 256 (order: 3, 32768 bytes)
 audit: initializing netlink subsys (disabled)
-audit: type=2000 audit(0.472:1): initialized
+audit: type=2000 audit(0.628:1): initialized
 HugeTLB registered 2 MB page size, pre-allocated 0 pages
 VFS: Disk quotas dquot_6.6.0
 VFS: Dquot-cache hash table entries: 512 (order 0, 4096 bytes)
@@ -134,8 +134,8 @@
 EXT4-fs (vda2): mounted filesystem with ordered data mode. Opts: (null)
 VFS: Mounted root (ext4 filesystem) on device 254:2.
 devtmpfs: mounted
-Freeing unused kernel memory: 540K (ffffffc00082f000 - ffffffc0008b6000)
-Freeing alternatives memory: 48K (ffffffc0008b6000 - ffffffc0008c2000)
+Freeing unused kernel memory: 540K (ffffffc000830000 - ffffffc0008b7000)
+Freeing alternatives memory: 48K (ffffffc0008b7000 - ffffffc0008c3000)
 bash: cannot set terminal process group (-1): Inappropriate ioctl for device
 bash: no job control in this shell
 bash-4.3# 
\ No newline at end of file
Diff for ./tegra114-dalmore-a04/tegra114-dalmore/multi_v7_defconfig_log.txt
--- /tmp/fooa	2015-12-10 05:39:06.858751709 -0800
+++ /tmp/foob	2015-12-10 05:39:06.862751705 -0800
@@ -40,7 +40,7 @@
 	 ########################################################
 	 3.4 MiB/s
 done
-Bytes transferred = 6538856 (63c668 hex)
+Bytes transferred = 6541120 (63cf40 hex)
 Tegra114 (Dalmore) # tftpboot 0x82000000 tegra114-dalmore.dtb
 Using asx0 device
 TFTP from server 192.168.100.1; our IP address is 192.168.100.100
@@ -51,7 +51,7 @@
 done
 Bytes transferred = 34894 (884e hex)
 Tegra114 (Dalmore) # bootz 0x81000000 - 0x82000000
-Kernel image @ 0x81000000 [ 0x000000 - 0x63c668 ]
+Kernel image @ 0x81000000 [ 0x000000 - 0x63cf40 ]
 ## Flattened Device Tree blob at 82000000
    Booting using the fdt blob at 0x82000000
    Loading Device Tree to 8fff4000, end 8ffff84d ... OK
@@ -59,7 +59,7 @@
 Starting kernel ...
 
 Booting Linux on physical CPU 0x0
-Linux version 4.4.0-rc3-54662-g31ade3b (pwalmsley@sellafield) (gcc version 4.7.3 20130328 (prerelease) (crosstool-NG linaro-1.13.1-4.7-2013.04-20130415 - Linaro GCC 2013.04) ) #1 SMP Thu Dec 10 05:17:22 PST 2015
+Linux version 4.4.0-rc4-54993-g527e931 (pwalmsley@sellafield) (gcc version 4.7.3 20130328 (prerelease) (crosstool-NG linaro-1.13.1-4.7-2013.04-20130415 - Linaro GCC 2013.04) ) #1 SMP Thu Dec 10 05:33:01 PST 2015
 CPU: ARMv7 Processor [412fc0f2] revision 2 (ARMv7), cr=10c5387d
 CPU: PIPT / VIPT nonaliasing data cache, PIPT instruction cache
 Machine model: NVIDIA Tegra114 Dalmore evaluation board
@@ -80,7 +80,7 @@
 PID hash table entries: 4096 (order: 2, 16384 bytes)
 Dentry cache hash table entries: 131072 (order: 7, 524288 bytes)
 Inode-cache hash table entries: 65536 (order: 6, 262144 bytes)
-Memory: 1998592K/2096128K available (8235K kernel code, 1040K rwdata, 3736K rodata, 1048K init, 340K bss, 32000K reserved, 65536K cma-reserved, 1244160K highmem)
+Memory: 1998592K/2096128K available (8239K kernel code, 1040K rwdata, 3736K rodata, 1044K init, 340K bss, 32000K reserved, 65536K cma-reserved, 1244160K highmem)
 Virtual kernel memory layout:
     vector  : 0xffff0000 - 0xffff1000   (   4 kB)
     fixmap  : 0xffc00000 - 0xfff00000   (3072 kB)
@@ -88,8 +88,8 @@
     lowmem  : 0xc0000000 - 0xf0000000   ( 768 MB)
     pkmap   : 0xbfe00000 - 0xc0000000   (   2 MB)
     modules : 0xbf000000 - 0xbfe00000   (  14 MB)
-      .text : 0xc0208000 - 0xc0db9c60   (11976 kB)
-      .init : 0xc0dba000 - 0xc0ec0000   (1048 kB)
+      .text : 0xc0208000 - 0xc0dbac70   (11980 kB)
+      .init : 0xc0dbb000 - 0xc0ec0000   (1044 kB)
       .data : 0xc0ec0000 - 0xc0fc4160   (1041 kB)
        .bss : 0xc0fc7000 - 0xc101c3e8   ( 341 kB)
 SLUB: HWalign=64, Order=0-3, MinObjects=0, CPUs=4, Nodes=1
@@ -298,7 +298,7 @@
 hub 1-0:1.0: USB hub found
 hub 1-0:1.0: 1 port detected
 input: gpio-keys as /devices/soc0/gpio-keys/input/input0
-palmas-rtc 7000d000.i2c:tps65913@58:rtc: setting system clock to 2000-06-21 22:16:24 UTC (961625784)
+palmas-rtc 7000d000.i2c:tps65913@58:rtc: setting system clock to 2000-06-21 22:32:03 UTC (961626723)
 dvdd_ts: disabling
 usb1_vbus: disabling
 vdd_cam_1v8_reg: disabling
@@ -307,7 +307,7 @@
 EXT4-fs (mmcblk0p1): mounted filesystem with ordered data mode. Opts: (null)
 VFS: Mounted root (ext3 filesystem) on device 179:1.
 devtmpfs: mounted
-Freeing unused kernel memory: 1048K (c0dba000 - c0ec0000)
+Freeing unused kernel memory: 1044K (c0dbb000 - c0ec0000)
 bash: cannot set terminal process group (-1): Inappropriate ioctl for device
 bash: no job control in this shell
-root@(none):/# [    2.248971] usb 1-1: new high-speed USB device number 2 using tegra-ehci
+root@(none):/# [    2.254093] usb 1-1: new high-speed USB device number 2 using tegra-ehci
Diff for ./tegra114-dalmore-a04/tegra114-dalmore/tegra_defconfig_log.txt
--- /tmp/fooa	2015-12-10 05:39:06.866751700 -0800
+++ /tmp/foob	2015-12-10 05:39:06.870751697 -0800
@@ -37,9 +37,9 @@
 	 #################################################################
 	 #################################################################
 	 ##############################
-	 3.2 MiB/s
+	 3.4 MiB/s
 done
-Bytes transferred = 5199536 (4f56b0 hex)
+Bytes transferred = 5201920 (4f6000 hex)
 Tegra114 (Dalmore) # tftpboot 0x82000000 tegra114-dalmore.dtb
 Using asx0 device
 TFTP from server 192.168.100.1; our IP address is 192.168.100.100
@@ -50,7 +50,7 @@
 done
 Bytes transferred = 34894 (884e hex)
 Tegra114 (Dalmore) # bootz 0x81000000 - 0x82000000
-Kernel image @ 0x81000000 [ 0x000000 - 0x4f56b0 ]
+Kernel image @ 0x81000000 [ 0x000000 - 0x4f6000 ]
 ## Flattened Device Tree blob at 82000000
    Booting using the fdt blob at 0x82000000
    Loading Device Tree to 8fff4000, end 8ffff84d ... OK
@@ -61,7 +61,7 @@
 Booting Linux on physical CPU 0x0
 Initializing cgroup subsys cpu
 Initializing cgroup subsys cpuacct
-Linux version 4.4.0-rc3-54662-g31ade3b (pwalmsley@kaivo) (gcc version 4.7.3 20130328 (prerelease) (crosstool-NG linaro-1.13.1-4.7-2013.04-20130415 - Linaro GCC 2013.04) ) #1 SMP PREEMPT Thu Dec 10 05:17:42 PST 2015
+Linux version 4.4.0-rc4-54993-g527e931 (pwalmsley@kaivo) (gcc version 4.7.3 20130328 (prerelease) (crosstool-NG linaro-1.13.1-4.7-2013.04-20130415 - Linaro GCC 2013.04) ) #1 SMP PREEMPT Thu Dec 10 05:33:20 PST 2015
 CPU: ARMv7 Processor [412fc0f2] revision 2 (ARMv7), cr=10c5387d
 CPU: PIPT / VIPT nonaliasing data cache, PIPT instruction cache
 Machine model: NVIDIA Tegra114 Dalmore evaluation board
@@ -83,7 +83,7 @@
 PID hash table entries: 4096 (order: 2, 16384 bytes)
 Dentry cache hash table entries: 131072 (order: 7, 524288 bytes)
 Inode-cache hash table entries: 65536 (order: 6, 262144 bytes)
-Memory: 2002360K/2096128K available (7123K kernel code, 352K rwdata, 2448K rodata, 336K init, 364K bss, 28232K reserved, 65536K cma-reserved, 1244160K highmem)
+Memory: 2002360K/2096128K available (7127K kernel code, 352K rwdata, 2448K rodata, 332K init, 364K bss, 28232K reserved, 65536K cma-reserved, 1244160K highmem)
 Virtual kernel memory layout:
     vector  : 0xffff0000 - 0xffff1000   (   4 kB)
     fixmap  : 0xffc00000 - 0xfff00000   (3072 kB)
@@ -91,8 +91,8 @@
     lowmem  : 0xc0000000 - 0xf0000000   ( 768 MB)
     pkmap   : 0xbfe00000 - 0xc0000000   (   2 MB)
     modules : 0xbf000000 - 0xbfe00000   (  14 MB)
-      .text : 0xc0008000 - 0xc09610ec   (9573 kB)
-      .init : 0xc0962000 - 0xc09b6000   ( 336 kB)
+      .text : 0xc0008000 - 0xc09620fc   (9577 kB)
+      .init : 0xc0963000 - 0xc09b6000   ( 332 kB)
       .data : 0xc09b6000 - 0xc0a0e220   ( 353 kB)
        .bss : 0xc0a11000 - 0xc0a6c0d0   ( 365 kB)
 Preemptible hierarchical RCU implementation.
@@ -301,7 +301,7 @@
 hub 1-0:1.0: USB hub found
 hub 1-0:1.0: 1 port detected
 input: gpio-keys as /devices/soc0/gpio-keys/input/input1
-palmas-rtc 7000d000.i2c:tps65913@58:rtc: setting system clock to 2000-06-21 22:16:57 UTC (961625817)
+palmas-rtc 7000d000.i2c:tps65913@58:rtc: setting system clock to 2000-06-21 22:32:36 UTC (961626756)
 dvdd_ts: disabling
 usb1_vbus: disabling
 vdd_cam_1v8_reg: disabling
@@ -312,7 +312,7 @@
 EXT4-fs (mmcblk0p1): mounted filesystem with ordered data mode. Opts: (null)
 VFS: Mounted root (ext3 filesystem) on device 179:1.
 devtmpfs: mounted
-Freeing unused kernel memory: 336K (c0962000 - c09b6000)
+Freeing unused kernel memory: 332K (c0963000 - c09b6000)
 bash: cannot set terminal process group (-1): Inappropriate ioctl for device
 bash: no job control in this shell
-root@(none):/# [    2.545295] usb 1-1: new high-speed USB device number 2 using tegra-ehci
+root@(none):/# [    2.545606] usb 1-1: new high-speed USB device number 2 using tegra-ehci
Diff for ./tegra124-jetson-tk1/tegra124-jetson-tk1/multi_v7_defconfig_log.txt
--- /tmp/fooa	2015-12-10 05:39:06.878751689 -0800
+++ /tmp/foob	2015-12-10 05:39:06.878751689 -0800
@@ -40,20 +40,20 @@
 	 #################################################################
 	 #################################################################
 	 ########################################################
-	 3.1 MiB/s
+	 3.4 MiB/s
 done
-Bytes transferred = 6538856 (63c668 hex)
+Bytes transferred = 6541120 (63cf40 hex)
 Tegra124 (Jetson TK1) # tftpboot 0x83000000 tegra124-jetson-tk1.dtb
 Using asx0 device
 TFTP from server 192.168.100.1; our IP address is 192.168.100.102
 Filename 'tegra124-jetson-tk1.dtb'.
 Load address: 0x83000000
 Loading: *#####
-	 2.8 MiB/s
+	 2.9 MiB/s
 done
 Bytes transferred = 64138 (fa8a hex)
 Tegra124 (Jetson TK1) # bootz 0x82000000 - 0x83000000
-Kernel image @ 0x82000000 [ 0x000000 - 0x63c668 ]
+Kernel image @ 0x82000000 [ 0x000000 - 0x63cf40 ]
 ## Flattened Device Tree blob at 83000000
    Booting using the fdt blob at 0x83000000
    Using Device Tree in place at 83000000, end 83012a89
@@ -61,7 +61,7 @@
 Starting kernel ...
 
 Booting Linux on physical CPU 0x0
-Linux version 4.4.0-rc3-54662-g31ade3b (pwalmsley@sellafield) (gcc version 4.7.3 20130328 (prerelease) (crosstool-NG linaro-1.13.1-4.7-2013.04-20130415 - Linaro GCC 2013.04) ) #1 SMP Thu Dec 10 05:17:22 PST 2015
+Linux version 4.4.0-rc4-54993-g527e931 (pwalmsley@sellafield) (gcc version 4.7.3 20130328 (prerelease) (crosstool-NG linaro-1.13.1-4.7-2013.04-20130415 - Linaro GCC 2013.04) ) #1 SMP Thu Dec 10 05:33:01 PST 2015
 CPU: ARMv7 Processor [413fc0f3] revision 3 (ARMv7), cr=10c5387d
 CPU: PIPT / VIPT nonaliasing data cache, PIPT instruction cache
 Machine model: NVIDIA Tegra124 Jetson TK1
@@ -82,7 +82,7 @@
 PID hash table entries: 4096 (order: 2, 16384 bytes)
 Dentry cache hash table entries: 131072 (order: 7, 524288 bytes)
 Inode-cache hash table entries: 65536 (order: 6, 262144 bytes)
-Memory: 1998484K/2096128K available (8235K kernel code, 1040K rwdata, 3736K rodata, 1048K init, 340K bss, 32108K reserved, 65536K cma-reserved, 1244160K highmem)
+Memory: 1998484K/2096128K available (8239K kernel code, 1040K rwdata, 3736K rodata, 1044K init, 340K bss, 32108K reserved, 65536K cma-reserved, 1244160K highmem)
 Virtual kernel memory layout:
     vector  : 0xffff0000 - 0xffff1000   (   4 kB)
     fixmap  : 0xffc00000 - 0xfff00000   (3072 kB)
@@ -90,8 +90,8 @@
     lowmem  : 0xc0000000 - 0xf0000000   ( 768 MB)
     pkmap   : 0xbfe00000 - 0xc0000000   (   2 MB)
     modules : 0xbf000000 - 0xbfe00000   (  14 MB)
-      .text : 0xc0208000 - 0xc0db9c60   (11976 kB)
-      .init : 0xc0dba000 - 0xc0ec0000   (1048 kB)
+      .text : 0xc0208000 - 0xc0dbac70   (11980 kB)
+      .init : 0xc0dbb000 - 0xc0ec0000   (1044 kB)
       .data : 0xc0ec0000 - 0xc0fc4160   (1041 kB)
        .bss : 0xc0fc7000 - 0xc101c3e8   ( 341 kB)
 SLUB: HWalign=64, Order=0-3, MinObjects=0, CPUs=4, Nodes=1
@@ -275,14 +275,6 @@
 NET: Registered protocol family 10
 sit: IPv6 over IPv4 tunneling driver
 NET: Registered protocol family 17
-mmc0: MAN_BKOPS_EN bit is not set
-mmc0: new high speed MMC card at address 0001
-mmcblk0: mmc0:0001 SEM16G 14.6 GiB 
-mmcblk0boot0: mmc0:0001 SEM16G partition 1 4.00 MiB
-mmcblk0boot1: mmc0:0001 SEM16G partition 2 4.00 MiB
-mmcblk0rpmb: mmc0:0001 SEM16G partition 3 4.00 MiB
-Primary GPT is invalid, using alternate GPT.
- mmcblk0: p1 p2 p3 p4 p5 p6 p7 p8 p9
 can: controller area network core (rev 20120528 abi 9)
 NET: Registered protocol family 29
 can: raw protocol (rev 20120528)
@@ -295,6 +287,14 @@
 +3.3V_SYS: supplied by +VDD_MUX
 +3.3V_LP0: supplied by +3.3V_SYS
 +1.35V_LP0(sd2): supplied by +5V_SYS
+mmc0: MAN_BKOPS_EN bit is not set
+mmc0: new high speed MMC card at address 0001
+mmcblk0: mmc0:0001 SEM16G 14.6 GiB 
+mmcblk0boot0: mmc0:0001 SEM16G partition 1 4.00 MiB
+mmcblk0boot1: mmc0:0001 SEM16G partition 2 4.00 MiB
+mmcblk0rpmb: mmc0:0001 SEM16G partition 3 4.00 MiB
+Primary GPT is invalid, using alternate GPT.
+ mmcblk0: p1 p2 p3 p4 p5 p6 p7 p8 p9
 +1.05V_RUN_AVDD: supplied by +1.35V_LP0(sd2)
 tegra-pcie 1003000.pcie-controller: probing port 0, using 2 lanes
 tegra-pcie 1003000.pcie-controller: Slot present pin change, signature: 00000008
@@ -363,11 +363,11 @@
 EXT4-fs (mmcblk0p1): couldn't mount as ext3 due to feature incompatibilities
 EXT4-fs (mmcblk0p1): couldn't mount as ext2 due to feature incompatibilities
 EXT4-fs (mmcblk0p1): recovery complete
-usb 2-1: new high-speed USB device number 2 using tegra-ehci
 EXT4-fs (mmcblk0p1): mounted filesystem with ordered data mode. Opts: (null)
+usb 2-1: new high-speed USB device number 2 using tegra-ehci
 VFS: Mounted root (ext4 filesystem) on device 179:1.
 devtmpfs: mounted
-Freeing unused kernel memory: 1048K (c0dba000 - c0ec0000)
+Freeing unused kernel memory: 1044K (c0dbb000 - c0ec0000)
 bash: cannot set terminal process group (-1): Inappropriate ioctl for device
 bash: no job control in this shell
 root@(none):/# 
\ No newline at end of file
Diff for ./tegra124-jetson-tk1/tegra124-jetson-tk1/tegra_defconfig_log.txt
--- /tmp/fooa	2015-12-10 05:39:06.886751682 -0800
+++ /tmp/foob	2015-12-10 05:39:06.890751678 -0800
@@ -39,20 +39,20 @@
 	 #################################################################
 	 #################################################################
 	 ##############################
-	 3.2 MiB/s
+	 3.3 MiB/s
 done
-Bytes transferred = 5199536 (4f56b0 hex)
+Bytes transferred = 5201920 (4f6000 hex)
 Tegra124 (Jetson TK1) # tftpboot 0x83000000 tegra124-jetson-tk1.dtb
 Using asx0 device
 TFTP from server 192.168.100.1; our IP address is 192.168.100.102
 Filename 'tegra124-jetson-tk1.dtb'.
 Load address: 0x83000000
 Loading: *#####
-	 3.4 MiB/s
+	 2.9 MiB/s
 done
 Bytes transferred = 64138 (fa8a hex)
 Tegra124 (Jetson TK1) # bootz 0x82000000 - 0x83000000
-Kernel image @ 0x82000000 [ 0x000000 - 0x4f56b0 ]
+Kernel image @ 0x82000000 [ 0x000000 - 0x4f6000 ]
 ## Flattened Device Tree blob at 83000000
    Booting using the fdt blob at 0x83000000
    Using Device Tree in place at 83000000, end 83012a89
@@ -63,7 +63,7 @@
 Booting Linux on physical CPU 0x0
 Initializing cgroup subsys cpu
 Initializing cgroup subsys cpuacct
-Linux version 4.4.0-rc3-54662-g31ade3b (pwalmsley@kaivo) (gcc version 4.7.3 20130328 (prerelease) (crosstool-NG linaro-1.13.1-4.7-2013.04-20130415 - Linaro GCC 2013.04) ) #1 SMP PREEMPT Thu Dec 10 05:17:42 PST 2015
+Linux version 4.4.0-rc4-54993-g527e931 (pwalmsley@kaivo) (gcc version 4.7.3 20130328 (prerelease) (crosstool-NG linaro-1.13.1-4.7-2013.04-20130415 - Linaro GCC 2013.04) ) #1 SMP PREEMPT Thu Dec 10 05:33:20 PST 2015
 CPU: ARMv7 Processor [413fc0f3] revision 3 (ARMv7), cr=10c5387d
 CPU: PIPT / VIPT nonaliasing data cache, PIPT instruction cache
 Machine model: NVIDIA Tegra124 Jetson TK1
@@ -85,7 +85,7 @@
 PID hash table entries: 4096 (order: 2, 16384 bytes)
 Dentry cache hash table entries: 131072 (order: 7, 524288 bytes)
 Inode-cache hash table entries: 65536 (order: 6, 262144 bytes)
-Memory: 2002252K/2096128K available (7123K kernel code, 352K rwdata, 2448K rodata, 336K init, 364K bss, 28340K reserved, 65536K cma-reserved, 1244160K highmem)
+Memory: 2002252K/2096128K available (7127K kernel code, 352K rwdata, 2448K rodata, 332K init, 364K bss, 28340K reserved, 65536K cma-reserved, 1244160K highmem)
 Virtual kernel memory layout:
     vector  : 0xffff0000 - 0xffff1000   (   4 kB)
     fixmap  : 0xffc00000 - 0xfff00000   (3072 kB)
@@ -93,8 +93,8 @@
     lowmem  : 0xc0000000 - 0xf0000000   ( 768 MB)
     pkmap   : 0xbfe00000 - 0xc0000000   (   2 MB)
     modules : 0xbf000000 - 0xbfe00000   (  14 MB)
-      .text : 0xc0008000 - 0xc09610ec   (9573 kB)
-      .init : 0xc0962000 - 0xc09b6000   ( 336 kB)
+      .text : 0xc0008000 - 0xc09620fc   (9577 kB)
+      .init : 0xc0963000 - 0xc09b6000   ( 332 kB)
       .data : 0xc09b6000 - 0xc0a0e220   ( 353 kB)
        .bss : 0xc0a11000 - 0xc0a6c0d0   ( 365 kB)
 Preemptible hierarchical RCU implementation.
@@ -285,8 +285,8 @@
 NET: Registered protocol family 29
 can: raw protocol (rev 20120528)
 can: broadcast manager protocol (rev 20120528 t)
-can: netlink gateway (rev 20130117) max_hops=1
 input: tegra-hda HDMI/DP,pcm=3 as /devices/soc0/70030000.hda/sound/card0/input1
+can: netlink gateway (rev 20130117) max_hops=1
 Bluetooth: RFCOMM socket layer initialized
 Bluetooth: RFCOMM ver 1.11
 Bluetooth: BNEP (Ethernet Emulation) ver 1.3
@@ -354,7 +354,7 @@
 mmc1: Invalid maximum block size, assuming 512 bytes
 mmc1: SDHCI controller on 700b0400.sdhci [700b0400.sdhci] using ADMA 64-bit
 input: gpio-keys as /devices/soc0/gpio-keys/input/input2
-as3722-rtc as3722-rtc: setting system clock to 2000-01-01 00:00:54 UTC (946684854)
+as3722-rtc as3722-rtc: setting system clock to 2000-01-01 00:00:52 UTC (946684852)
 +1.8V_RUN_CAM: disabling
 +2.8V_RUN_CAM: disabling
 +1.2V_RUN_CAM_FRONT: disabling
@@ -373,7 +373,7 @@
 usb 2-1: new high-speed USB device number 2 using tegra-ehci
 VFS: Mounted root (ext4 filesystem) on device 179:1.
 devtmpfs: mounted
-Freeing unused kernel memory: 336K (c0962000 - c09b6000)
+Freeing unused kernel memory: 332K (c0963000 - c09b6000)
 bash: cannot set terminal process group (-1): Inappropriate ioctl for device
 bash: no job control in this shell
 root@(none):/# 
\ No newline at end of file
Diff for ./tegra20-trimslice/tegra20-trimslice/multi_v7_defconfig_log.txt
--- /tmp/fooa	2015-12-10 05:39:06.894751674 -0800
+++ /tmp/foob	2015-12-10 05:39:06.894751674 -0800
@@ -48,18 +48,18 @@
 	 ########################################################
 	 4.1 MiB/s
 done
-Bytes transferred = 6538856 (63c668 hex)
+Bytes transferred = 6541120 (63cf40 hex)
 Tegra20 (TrimSlice) # tftpboot 0x02408000 tegra20-trimslice.dtb
 Using RTL8169#0 device
 TFTP from server 192.168.100.1; our IP address is 192.168.100.103
 Filename 'tegra20-trimslice.dtb'.
 Load address: 0x2408000
 Loading: *##
-	 4 MiB/s
+	 3.4 MiB/s
 done
 Bytes transferred = 21130 (528a hex)
 Tegra20 (TrimSlice) # bootz 0x00408000 - 0x02408000
-Kernel image @ 0x408000 [ 0x000000 - 0x63c668 ]
+Kernel image @ 0x408000 [ 0x000000 - 0x63cf40 ]
 ## Flattened Device Tree blob at 02408000
    Booting using the fdt blob at 0x2408000
    Using Device Tree in place at 02408000, end 02410289
@@ -67,7 +67,7 @@
 Starting kernel ...
 
 Booting Linux on physical CPU 0x0
-Linux version 4.4.0-rc3-54662-g31ade3b (pwalmsley@sellafield) (gcc version 4.7.3 20130328 (prerelease) (crosstool-NG linaro-1.13.1-4.7-2013.04-20130415 - Linaro GCC 2013.04) ) #1 SMP Thu Dec 10 05:17:22 PST 2015
+Linux version 4.4.0-rc4-54993-g527e931 (pwalmsley@sellafield) (gcc version 4.7.3 20130328 (prerelease) (crosstool-NG linaro-1.13.1-4.7-2013.04-20130415 - Linaro GCC 2013.04) ) #1 SMP Thu Dec 10 05:33:01 PST 2015
 CPU: ARMv7 Processor [411fc090] revision 0 (ARMv7), cr=10c5387d
 CPU: PIPT / VIPT nonaliasing data cache, VIPT aliasing instruction cache
 Machine model: Compulab TrimSlice board
@@ -88,7 +88,7 @@
 PID hash table entries: 4096 (order: 2, 16384 bytes)
 Dentry cache hash table entries: 131072 (order: 7, 524288 bytes)
 Inode-cache hash table entries: 65536 (order: 6, 262144 bytes)
-Memory: 959400K/1048576K available (8235K kernel code, 1040K rwdata, 3736K rodata, 1048K init, 340K bss, 23640K reserved, 65536K cma-reserved, 196608K highmem)
+Memory: 959400K/1048576K available (8239K kernel code, 1040K rwdata, 3736K rodata, 1044K init, 340K bss, 23640K reserved, 65536K cma-reserved, 196608K highmem)
 Virtual kernel memory layout:
     vector  : 0xffff0000 - 0xffff1000   (   4 kB)
     fixmap  : 0xffc00000 - 0xfff00000   (3072 kB)
@@ -96,8 +96,8 @@
     lowmem  : 0xc0000000 - 0xf0000000   ( 768 MB)
     pkmap   : 0xbfe00000 - 0xc0000000   (   2 MB)
     modules : 0xbf000000 - 0xbfe00000   (  14 MB)
-      .text : 0xc0208000 - 0xc0db9c60   (11976 kB)
-      .init : 0xc0dba000 - 0xc0ec0000   (1048 kB)
+      .text : 0xc0208000 - 0xc0dbac70   (11980 kB)
+      .init : 0xc0dbb000 - 0xc0ec0000   (1044 kB)
       .data : 0xc0ec0000 - 0xc0fc4160   (1041 kB)
        .bss : 0xc0fc7000 - 0xc101c3e8   ( 341 kB)
 SLUB: HWalign=64, Order=0-3, MinObjects=0, CPUs=2, Nodes=1
@@ -324,26 +324,26 @@
 tegra-ehci c5000000.usb: new USB bus registered, assigned bus number 2
 tegra-ehci c5000000.usb: irq 288, io mem 0xc5000000
 mmc0: host does not support reading read-only switch, assuming write-enable
-usb 1-1: new high-speed USB device number 2 using tegra-ehci
 mmc0: new high speed SDHC card at address b368
+usb 1-1: new high-speed USB device number 2 using tegra-ehci
+mmcblk0: mmc0:b368 NCard 3.70 GiB 
 tegra-ehci c5000000.usb: USB 2.0 started, EHCI 1.00
+ mmcblk0: p1
 hub 2-0:1.0: USB hub found
-mmcblk0: mmc0:b368 NCard 3.70 GiB 
 hub 2-0:1.0: 1 port detected
 input: gpio-keys as /devices/soc0/gpio-keys/input/input0
- mmcblk0: p1
-rtc-em3027 2-0056: setting system clock to 2014-12-27 02:53:07 UTC (1419648787)
+rtc-em3027 2-0056: setting system clock to 2014-12-27 02:53:43 UTC (1419648823)
 EXT4-fs (mmcblk0p1): mounting ext3 file system using the ext4 subsystem
-hub 1-1:1.0: USB hub found
-hub 1-1:1.0: 4 ports detected
 EXT4-fs (mmcblk0p1): recovery complete
 EXT4-fs (mmcblk0p1): mounted filesystem with ordered data mode. Opts: (null)
 VFS: Mounted root (ext3 filesystem) on device 179:1.
 mmc1: new high speed SD card at address b368
-devtmpfs: mounted
+hub 1-1:1.0: USB hub found
+hub 1-1:1.0: 4 ports detected
 mmcblk1: mmc1:b368 NCard 1.83 GiB (ro)
+devtmpfs: mounted
  mmcblk1: p1 p2
-Freeing unused kernel memory: 1048K (c0dba000 - c0ec0000)
+Freeing unused kernel memory: 1044K (c0dbb000 - c0ec0000)
 bash: cannot set terminal process group (-1): Inappropriate ioctl for device
 bash: no job control in this shell
 usb 1-1.2: new high-speed USB device number 3 using tegra-ehci
Diff for ./tegra20-trimslice/tegra20-trimslice/tegra_defconfig_log.txt
--- /tmp/fooa	2015-12-10 05:39:06.902751666 -0800
+++ /tmp/foob	2015-12-10 05:39:06.902751666 -0800
@@ -19,7 +19,7 @@
 Out:   serial
 Err:   serial
 Net:   RTL8169#0
-Hit any key to stop autoboot:  2  1  0 
+Hit any key to stop autoboot:  2  0 
 Tegra20 (TrimSlice) # 
 Tegra20 (TrimSlice) # usb reset
 resetting USB...
@@ -47,18 +47,18 @@
 	 ##############################
 	 4.1 MiB/s
 done
-Bytes transferred = 5199536 (4f56b0 hex)
+Bytes transferred = 5201920 (4f6000 hex)
 Tegra20 (TrimSlice) # tftpboot 0x02408000 tegra20-trimslice.dtb
 Using RTL8169#0 device
 TFTP from server 192.168.100.1; our IP address is 192.168.100.103
 Filename 'tegra20-trimslice.dtb'.
 Load address: 0x2408000
 Loading: *##
-	 4 MiB/s
+	 3.4 MiB/s
 done
 Bytes transferred = 21130 (528a hex)
 Tegra20 (TrimSlice) # bootz 0x00408000 - 0x02408000
-Kernel image @ 0x408000 [ 0x000000 - 0x4f56b0 ]
+Kernel image @ 0x408000 [ 0x000000 - 0x4f6000 ]
 ## Flattened Device Tree blob at 02408000
    Booting using the fdt blob at 0x2408000
    Using Device Tree in place at 02408000, end 02410289
@@ -69,7 +69,7 @@
 Booting Linux on physical CPU 0x0
 Initializing cgroup subsys cpu
 Initializing cgroup subsys cpuacct
-Linux version 4.4.0-rc3-54662-g31ade3b (pwalmsley@kaivo) (gcc version 4.7.3 20130328 (prerelease) (crosstool-NG linaro-1.13.1-4.7-2013.04-20130415 - Linaro GCC 2013.04) ) #1 SMP PREEMPT Thu Dec 10 05:17:42 PST 2015
+Linux version 4.4.0-rc4-54993-g527e931 (pwalmsley@kaivo) (gcc version 4.7.3 20130328 (prerelease) (crosstool-NG linaro-1.13.1-4.7-2013.04-20130415 - Linaro GCC 2013.04) ) #1 SMP PREEMPT Thu Dec 10 05:33:20 PST 2015
 CPU: ARMv7 Processor [411fc090] revision 0 (ARMv7), cr=10c5387d
 CPU: PIPT / VIPT nonaliasing data cache, VIPT aliasing instruction cache
 Machine model: Compulab TrimSlice board
@@ -91,7 +91,7 @@
 PID hash table entries: 4096 (order: 2, 16384 bytes)
 Dentry cache hash table entries: 131072 (order: 7, 524288 bytes)
 Inode-cache hash table entries: 65536 (order: 6, 262144 bytes)
-Memory: 963168K/1048576K available (7123K kernel code, 352K rwdata, 2448K rodata, 336K init, 364K bss, 19872K reserved, 65536K cma-reserved, 196608K highmem)
+Memory: 963168K/1048576K available (7127K kernel code, 352K rwdata, 2448K rodata, 332K init, 364K bss, 19872K reserved, 65536K cma-reserved, 196608K highmem)
 Virtual kernel memory layout:
     vector  : 0xffff0000 - 0xffff1000   (   4 kB)
     fixmap  : 0xffc00000 - 0xfff00000   (3072 kB)
@@ -99,8 +99,8 @@
     lowmem  : 0xc0000000 - 0xf0000000   ( 768 MB)
     pkmap   : 0xbfe00000 - 0xc0000000   (   2 MB)
     modules : 0xbf000000 - 0xbfe00000   (  14 MB)
-      .text : 0xc0008000 - 0xc09610ec   (9573 kB)
-      .init : 0xc0962000 - 0xc09b6000   ( 336 kB)
+      .text : 0xc0008000 - 0xc09620fc   (9577 kB)
+      .init : 0xc0963000 - 0xc09b6000   ( 332 kB)
       .data : 0xc09b6000 - 0xc0a0e220   ( 353 kB)
        .bss : 0xc0a11000 - 0xc0a6c0d0   ( 365 kB)
 Preemptible hierarchical RCU implementation.
@@ -311,15 +311,15 @@
 tlv320aic23-codec 2-001a: ASoC: Failed to add route RLINEIN -> NULL -> Line Input
 tlv320aic23-codec 2-001a: Control not supported for path MICIN -> [NULL] -> Mic Input
 tlv320aic23-codec 2-001a: ASoC: no dapm match for MICIN --> NULL --> Mic Input
-usb 1-1: new high-speed USB device number 2 using tegra-ehci
 tlv320aic23-codec 2-001a: ASoC: Failed to add route MICIN -> NULL -> Mic Input
+usb 1-1: new high-speed USB device number 2 using tegra-ehci
 tegra-snd-trimslice sound: tlv320aic23-hifi <-> 70002800.i2s mapping ok
 mmc0: host does not support reading read-only switch, assuming write-enable
 mmc0: new high speed SDHC card at address b368
-NET: Registered protocol family 10
 mmcblk0: mmc0:b368 NCard 3.70 GiB 
-mip6: Mobile IPv6
  mmcblk0: p1
+NET: Registered protocol family 10
+mip6: Mobile IPv6
 sit: IPv6 over IPv4 tunneling driver
 NET: Registered protocol family 17
 NET: Registered protocol family 15
@@ -336,28 +336,28 @@
 Bluetooth: HIDP socket layer initialized
 Key type dns_resolver registered
 Registering SWP/SWPB emulation handler
+mmc1: new high speed SD card at address b368
+mmcblk1: mmc1:b368 NCard 1.83 GiB (ro)
 utmi_phy_clk_enable: timeout waiting for phy to stabilize
 tegra-ehci c5000000.usb: EHCI Host Controller
 tegra-ehci c5000000.usb: new USB bus registered, assigned bus number 2
-hub 1-1:1.0: USB hub found
-hub 1-1:1.0: 4 ports detected
 tegra-ehci c5000000.usb: irq 288, io mem 0xc5000000
-mmc1: new high speed SD card at address b368
-mmcblk1: mmc1:b368 NCard 1.83 GiB (ro)
 tegra-ehci c5000000.usb: USB 2.0 started, EHCI 1.00
 hub 2-0:1.0: USB hub found
 hub 2-0:1.0: 1 port detected
 input: gpio-keys as /devices/soc0/gpio-keys/input/input0
- mmcblk1: p1 p2
-rtc-em3027 2-0056: setting system clock to 2014-12-27 02:53:26 UTC (1419648806)
+rtc-em3027 2-0056: setting system clock to 2014-12-27 02:54:01 UTC (1419648841)
 ALSA device list:
   #0: tegra-trimslice
+hub 1-1:1.0: USB hub found
+ mmcblk1: p1 p2
+hub 1-1:1.0: 4 ports detected
 EXT4-fs (mmcblk0p1): mounting ext3 file system using the ext4 subsystem
 EXT4-fs (mmcblk0p1): recovery complete
 EXT4-fs (mmcblk0p1): mounted filesystem with ordered data mode. Opts: (null)
 VFS: Mounted root (ext3 filesystem) on device 179:1.
 devtmpfs: mounted
-Freeing unused kernel memory: 336K (c0962000 - c09b6000)
+Freeing unused kernel memory: 332K (c0963000 - c09b6000)
 usb 1-1.2: new high-speed USB device number 3 using tegra-ehci
 bash: cannot set terminal process group (-1): Inappropriate ioctl for device
 bash: no job control in this shell
Diff for ./tegra30-beaver/tegra30-beaver/multi_v7_defconfig_log.txt
--- /tmp/fooa	2015-12-10 05:39:06.910751659 -0800
+++ /tmp/foob	2015-12-10 05:39:06.910751659 -0800
@@ -38,20 +38,20 @@
 	 #################################################################
 	 #################################################################
 	 ########################################################
-	 3.3 MiB/s
+	 3.5 MiB/s
 done
-Bytes transferred = 6538856 (63c668 hex)
+Bytes transferred = 6541120 (63cf40 hex)
 Tegra30 (Beaver) # tftpboot 0x82000000 tegra30-beaver.dtb
 Using asx0 device
 TFTP from server 192.168.100.1; our IP address is 192.168.100.101
 Filename 'tegra30-beaver.dtb'.
 Load address: 0x82000000
 Loading: *####
-	 3.1 MiB/s
+	 3.3 MiB/s
 done
 Bytes transferred = 51467 (c90b hex)
 Tegra30 (Beaver) # bootz 0x81000000 - 0x82000000
-Kernel image @ 0x81000000 [ 0x000000 - 0x63c668 ]
+Kernel image @ 0x81000000 [ 0x000000 - 0x63cf40 ]
 ## Flattened Device Tree blob at 82000000
    Booting using the fdt blob at 0x82000000
    Loading Device Tree to 8fff0000, end 8ffff90a ... OK
@@ -59,7 +59,7 @@
 Starting kernel ...
 
 Booting Linux on physical CPU 0x0
-Linux version 4.4.0-rc3-54662-g31ade3b (pwalmsley@sellafield) (gcc version 4.7.3 20130328 (prerelease) (crosstool-NG linaro-1.13.1-4.7-2013.04-20130415 - Linaro GCC 2013.04) ) #1 SMP Thu Dec 10 05:17:22 PST 2015
+Linux version 4.4.0-rc4-54993-g527e931 (pwalmsley@sellafield) (gcc version 4.7.3 20130328 (prerelease) (crosstool-NG linaro-1.13.1-4.7-2013.04-20130415 - Linaro GCC 2013.04) ) #1 SMP Thu Dec 10 05:33:01 PST 2015
 CPU: ARMv7 Processor [412fc099] revision 9 (ARMv7), cr=10c5387d
 CPU: PIPT / VIPT nonaliasing data cache, VIPT aliasing instruction cache
 Machine model: NVIDIA Tegra30 Beaver evaluation board
@@ -80,7 +80,7 @@
 PID hash table entries: 4096 (order: 2, 16384 bytes)
 Dentry cache hash table entries: 131072 (order: 7, 524288 bytes)
 Inode-cache hash table entries: 65536 (order: 6, 262144 bytes)
-Memory: 1998512K/2096128K available (8235K kernel code, 1040K rwdata, 3736K rodata, 1048K init, 340K bss, 32080K reserved, 65536K cma-reserved, 1244160K highmem)
+Memory: 1998512K/2096128K available (8239K kernel code, 1040K rwdata, 3736K rodata, 1044K init, 340K bss, 32080K reserved, 65536K cma-reserved, 1244160K highmem)
 Virtual kernel memory layout:
     vector  : 0xffff0000 - 0xffff1000   (   4 kB)
     fixmap  : 0xffc00000 - 0xfff00000   (3072 kB)
@@ -88,8 +88,8 @@
     lowmem  : 0xc0000000 - 0xf0000000   ( 768 MB)
     pkmap   : 0xbfe00000 - 0xc0000000   (   2 MB)
     modules : 0xbf000000 - 0xbfe00000   (  14 MB)
-      .text : 0xc0208000 - 0xc0db9c60   (11976 kB)
-      .init : 0xc0dba000 - 0xc0ec0000   (1048 kB)
+      .text : 0xc0208000 - 0xc0dbac70   (11980 kB)
+      .init : 0xc0dbb000 - 0xc0ec0000   (1044 kB)
       .data : 0xc0ec0000 - 0xc0fc4160   (1041 kB)
        .bss : 0xc0fc7000 - 0xc101c3e8   ( 341 kB)
 SLUB: HWalign=64, Order=0-3, MinObjects=0, CPUs=4, Nodes=1
@@ -362,7 +362,7 @@
 EXT4-fs (mmcblk0p1): mounted filesystem with ordered data mode. Opts: (null)
 VFS: Mounted root (ext3 filesystem) on device 179:1.
 devtmpfs: mounted
-Freeing unused kernel memory: 1048K (c0dba000 - c0ec0000)
+Freeing unused kernel memory: 1044K (c0dbb000 - c0ec0000)
 bash: cannot set terminal process group (-1): Inappropriate ioctl for device
 bash: no job control in this shell
-root@(none):/# [    3.768454] usb 2-1: new high-speed USB device number 2 using tegra-ehci
+root@(none):/# [    3.778882] usb 2-1: new high-speed USB device number 2 using tegra-ehci
Diff for ./tegra30-beaver/tegra30-beaver/tegra_defconfig_log.txt
--- /tmp/fooa	2015-12-10 05:39:06.914751654 -0800
+++ /tmp/foob	2015-12-10 05:39:06.918751651 -0800
@@ -37,20 +37,20 @@
 	 #################################################################
 	 #################################################################
 	 ##############################
-	 3.2 MiB/s
+	 3.5 MiB/s
 done
-Bytes transferred = 5199536 (4f56b0 hex)
+Bytes transferred = 5201920 (4f6000 hex)
 Tegra30 (Beaver) # tftpboot 0x82000000 tegra30-beaver.dtb
 Using asx0 device
 TFTP from server 192.168.100.1; our IP address is 192.168.100.101
 Filename 'tegra30-beaver.dtb'.
 Load address: 0x82000000
 Loading: *####
-	 3.1 MiB/s
+	 2.9 MiB/s
 done
 Bytes transferred = 51467 (c90b hex)
 Tegra30 (Beaver) # bootz 0x81000000 - 0x82000000
-Kernel image @ 0x81000000 [ 0x000000 - 0x4f56b0 ]
+Kernel image @ 0x81000000 [ 0x000000 - 0x4f6000 ]
 ## Flattened Device Tree blob at 82000000
    Booting using the fdt blob at 0x82000000
    Loading Device Tree to 8fff0000, end 8ffff90a ... OK
@@ -61,7 +61,7 @@
 Booting Linux on physical CPU 0x0
 Initializing cgroup subsys cpu
 Initializing cgroup subsys cpuacct
-Linux version 4.4.0-rc3-54662-g31ade3b (pwalmsley@kaivo) (gcc version 4.7.3 20130328 (prerelease) (crosstool-NG linaro-1.13.1-4.7-2013.04-20130415 - Linaro GCC 2013.04) ) #1 SMP PREEMPT Thu Dec 10 05:17:42 PST 2015
+Linux version 4.4.0-rc4-54993-g527e931 (pwalmsley@kaivo) (gcc version 4.7.3 20130328 (prerelease) (crosstool-NG linaro-1.13.1-4.7-2013.04-20130415 - Linaro GCC 2013.04) ) #1 SMP PREEMPT Thu Dec 10 05:33:20 PST 2015
 CPU: ARMv7 Processor [412fc099] revision 9 (ARMv7), cr=10c5387d
 CPU: PIPT / VIPT nonaliasing data cache, VIPT aliasing instruction cache
 Machine model: NVIDIA Tegra30 Beaver evaluation board
@@ -83,7 +83,7 @@
 PID hash table entries: 4096 (order: 2, 16384 bytes)
 Dentry cache hash table entries: 131072 (order: 7, 524288 bytes)
 Inode-cache hash table entries: 65536 (order: 6, 262144 bytes)
-Memory: 2002280K/2096128K available (7123K kernel code, 352K rwdata, 2448K rodata, 336K init, 364K bss, 28312K reserved, 65536K cma-reserved, 1244160K highmem)
+Memory: 2002280K/2096128K available (7127K kernel code, 352K rwdata, 2448K rodata, 332K init, 364K bss, 28312K reserved, 65536K cma-reserved, 1244160K highmem)
 Virtual kernel memory layout:
     vector  : 0xffff0000 - 0xffff1000   (   4 kB)
     fixmap  : 0xffc00000 - 0xfff00000   (3072 kB)
@@ -91,8 +91,8 @@
     lowmem  : 0xc0000000 - 0xf0000000   ( 768 MB)
     pkmap   : 0xbfe00000 - 0xc0000000   (   2 MB)
     modules : 0xbf000000 - 0xbfe00000   (  14 MB)
-      .text : 0xc0008000 - 0xc09610ec   (9573 kB)
-      .init : 0xc0962000 - 0xc09b6000   ( 336 kB)
+      .text : 0xc0008000 - 0xc09620fc   (9577 kB)
+      .init : 0xc0963000 - 0xc09b6000   ( 332 kB)
       .data : 0xc09b6000 - 0xc0a0e220   ( 353 kB)
        .bss : 0xc0a11000 - 0xc0a6c0d0   ( 365 kB)
 Preemptible hierarchical RCU implementation.
@@ -368,7 +368,7 @@
 EXT4-fs (mmcblk0p1): mounted filesystem with ordered data mode. Opts: (null)
 VFS: Mounted root (ext3 filesystem) on device 179:1.
 devtmpfs: mounted
-Freeing unused kernel memory: 336K (c0962000 - c09b6000)
+Freeing unused kernel memory: 332K (c0963000 - c09b6000)
 bash: cannot set terminal process group (-1): Inappropriate ioctl for device
 bash: no job control in this shell
-root@(none):/# [    4.150396] usb 2-1: new high-speed USB device number 2 using tegra-ehci
+root@(none):/# [    4.160551] usb 2-1: new high-speed USB device number 2 using tegra-ehci
