

U-Boot 2015.04-00466-gedec83e90172 (Mar 14 2016 - 10:42:01)

TEGRA124
Model: Acer Chromebook 13 CB5-311
DRAM:  4 GiB
C:   Tegra SD/MMC: 0, Tegra SD/MMC: 1, Tegra SD/MMC: 2
MMC init failed
Using default environment

In:    serial
Out:   serial
Err:   serial
Net:   Net Initialization Skipped
No ethernet found.
Hit any key to stop autoboot:  2  0 
Tegra124 (Nyan-big) # 
Tegra124 (Nyan-big) # usb start
starting USB...
USB0:   USB EHCI 1.10
scanning bus 0 for devices... 2 USB Device(s) found
USB1:   USB EHCI 1.10
scanning bus 1 for devices... 2 USB Device(s) found
       scanning usb for storage devices... 1 Storage Device(s) found
       scanning usb for ethernet devices... 
Warning: asx0 using MAC address from net device
1 Ethernet Device(s) found
Tegra124 (Nyan-big) # mw 0x7000e4a0 0x00080000
Tegra124 (Nyan-big) # setenv bootargs 'ignore_loglevel console=ttyS0,115200n8 rw root=PARTUUID=4d36e82a-b3c0-4b4b-bfcd-afe5217ac023 rootwait gpt debug noinitrd earlyprintk init=/bin/bash'
Tegra124 (Nyan-big) # setenv ipaddr 192.168.100.102; setenv serverip 192.168.100.1; setenv tftpserverip 192.168.100.1
Tegra124 (Nyan-big) # tftpboot 0x82000000 zImage.multi_v7_defconfig
Using asx0 device
TFTP from server 192.168.100.1; our IP address is 192.168.100.102
Filename 'zImage.multi_v7_defconfig'.
Load address: 0x82000000
Loading: *#################################################################
	 #################################################################
	 #################################################################
	 #################################################################
	 #################################################################
	 #################################################################
	 #################################################################
	 #################################################################
	 ####################
	 2.9 MiB/s
done
Bytes transferred = 7918328 (78d2f8 hex)
Tegra124 (Nyan-big) # tftpboot 0x83000000 tegra124-nyan-big.dtb
Using asx0 device
TFTP from server 192.168.100.1; our IP address is 192.168.100.102
Filename 'tegra124-nyan-big.dtb'.
Load address: 0x83000000
Loading: *#####
	 2.7 MiB/s
done
Bytes transferred = 68155 (10a3b hex)
Tegra124 (Nyan-big) # bootz 0x82000000 - 0x83000000
Kernel image @ 0x82000000 [ 0x000000 - 0x78d2f8 ]
## Flattened Device Tree blob at 83000000
   Booting using the fdt blob at 0x83000000
   Using Device Tree in place at 83000000, end 83013a3a

Starting kernel ...

[    0.000000] Booting Linux on physical CPU 0x0
[    0.000000] Linux version 4.12.0-172899-g6f7da29 (jonathanh@sellafield) (gcc version 4.7.3 20130328 (prerelease) (crosstool-NG linaro-1.13.1-4.7-2013.04-20130415 - Linaro GCC 2013.04) ) #1 SMP Sun Jul 2 16:35:49 PDT 2017
[    0.000000] CPU: ARMv7 Processor [413fc0f3] revision 3 (ARMv7), cr=10c5387d
[    0.000000] CPU: div instructions available: patching division code
[    0.000000] CPU: PIPT / VIPT nonaliasing data cache, PIPT instruction cache
[    0.000000] OF: fdt: Machine model: Acer Chromebook 13 CB5-311
[    0.000000] OF: fdt: Ignoring memory range 0x100000000 - 0x17ffff000
[    0.000000] debug: ignoring loglevel setting.
[    0.000000] Memory policy: Data cache writealloc
[    0.000000] efi: Getting EFI parameters from FDT:
[    0.000000] efi: UEFI not found.
[    0.000000] cma: Reserved 64 MiB at 0xfb800000
[    0.000000] On node 0 totalpages: 524287
[    0.000000] free_area_init_node: node 0, pgdat c157f880, node_mem_map eeff8000
[    0.000000]   DMA zone: 1536 pages used for memmap
[    0.000000]   DMA zone: 0 pages reserved
[    0.000000]   DMA zone: 196608 pages, LIFO batch:31
[    0.000000]   HighMem zone: 327679 pages, LIFO batch:31
[    0.000000] percpu: Embedded 17 pages/cpu @eef81000 s39168 r8192 d22272 u69632
[    0.000000] pcpu-alloc: s39168 r8192 d22272 u69632 alloc=17*4096
[    0.000000] pcpu-alloc: [0] 0 [0] 1 [0] 2 [0] 3 
[    0.000000] Built 1 zonelists in Zone order, mobility grouping on.  Total pages: 522751
[    0.000000] Kernel command line: ignore_loglevel console=ttyS0,115200n8 rw root=PARTUUID=4d36e82a-b3c0-4b4b-bfcd-afe5217ac023 rootwait gpt debug noinitrd earlyprintk init=/bin/bash
[    0.000000] PID hash table entries: 4096 (order: 2, 16384 bytes)
[    0.000000] Dentry cache hash table entries: 131072 (order: 7, 524288 bytes)
[    0.000000] Inode-cache hash table entries: 65536 (order: 6, 262144 bytes)
[    0.000000] Memory: 1994436K/2097148K available (10240K kernel code, 1565K rwdata, 4384K rodata, 2048K init, 409K bss, 37176K reserved, 65536K cma-reserved, 1245180K highmem)
[    0.000000] Virtual kernel memory layout:
[    0.000000]     vector  : 0xffff0000 - 0xffff1000   (   4 kB)
[    0.000000]     fixmap  : 0xffc00000 - 0xfff00000   (3072 kB)
[    0.000000]     vmalloc : 0xf0800000 - 0xff800000   ( 240 MB)
[    0.000000]     lowmem  : 0xc0000000 - 0xf0000000   ( 768 MB)
[    0.000000]     pkmap   : 0xbfe00000 - 0xc0000000   (   2 MB)
[    0.000000]     modules : 0xbf000000 - 0xbfe00000   (  14 MB)
[    0.000000]       .text : 0xc0208000 - 0xc0d00000   (11232 kB)
[    0.000000]       .init : 0xc1200000 - 0xc1400000   (2048 kB)
[    0.000000]       .data : 0xc1400000 - 0xc15874f0   (1566 kB)
[    0.000000]        .bss : 0xc1590ce0 - 0xc15f7498   ( 410 kB)
[    0.000000] SLUB: HWalign=64, Order=0-3, MinObjects=0, CPUs=4, Nodes=1
[    0.000000] Hierarchical RCU implementation.
[    0.000000] 	RCU debugfs-based tracing is enabled.
[    0.000000] 	RCU restricting CPUs from NR_CPUS=16 to nr_cpu_ids=4.
[    0.000000] RCU: Adjusting geometry for rcu_fanout_leaf=16, nr_cpu_ids=4
[    0.000000] NR_IRQS:16 nr_irqs:16 16
[    0.000000] /interrupt-controller@60004000: 160 interrupts forwarded to /interrupt-controller@50041000
[    0.000000] Tegra clk 127: register failed with -17
[    0.000004] sched_clock: 32 bits at 1000kHz, resolution 1000ns, wraps every 2147483647500ns
[    0.000012] clocksource: timer_us: mask: 0xffffffff max_cycles: 0xffffffff, max_idle_ns: 1911260446275 ns
[    0.000018] Switching to timer-based delay loop, resolution 1000ns
[    0.001664] arch_timer: cp15 timer(s) running at 12.00MHz (virt).
[    0.001671] clocksource: arch_sys_counter: mask: 0xffffffffffffff max_cycles: 0x2c47f4ee7, max_idle_ns: 440795202497 ns
[    0.001678] sched_clock: 56 bits at 12MHz, resolution 83ns, wraps every 4398046511096ns
[    0.001683] Switching to timer-based delay loop, resolution 83ns
[    0.001894] Console: colour dummy device 80x30
[    0.001908] Calibrating delay loop (skipped), value calculated using timer frequency.. 24.00 BogoMIPS (lpj=120000)
[    0.001914] pid_max: default: 32768 minimum: 301
[    0.001953] Mount-cache hash table entries: 2048 (order: 1, 8192 bytes)
[    0.001957] Mountpoint-cache hash table entries: 2048 (order: 1, 8192 bytes)
[    0.002159] CPU: Testing write buffer coherency: ok
[    0.002280] /cpus/cpu@0 missing clock-frequency property
[    0.002295] /cpus/cpu@1 missing clock-frequency property
[    0.002309] /cpus/cpu@2 missing clock-frequency property
[    0.002324] /cpus/cpu@3 missing clock-frequency property
[    0.002330] CPU0: thread -1, cpu 0, socket 0, mpidr 80000000
[    0.002444] Setting up static identity map for 0x80300000 - 0x803000a0
[    0.003784] Tegra Revision: A01 SKU: 131 CPU Process: 1 SoC Process: 1
[    0.004042] EFI services will not be available.
[    0.004133] smp: Bringing up secondary CPUs ...
[    0.004426] CPU1: thread -1, cpu 1, socket 0, mpidr 80000001
[    0.011913] CPU2: thread -1, cpu 2, socket 0, mpidr 80000002
[    0.021914] CPU3: thread -1, cpu 3, socket 0, mpidr 80000003
[    0.031637] smp: Brought up 1 node, 4 CPUs
[    0.031645] SMP: Total of 4 processors activated (96.00 BogoMIPS).
[    0.031648] CPU: All CPU(s) started in SVC mode.
[    0.032188] devtmpfs: initialized
[    0.037950] VFP support v0.3: implementor 41 architecture 4 part 30 variant f rev 0
[    0.038135] clocksource: jiffies: mask: 0xffffffff max_cycles: 0xffffffff, max_idle_ns: 19112604462750000 ns
[    0.038143] futex hash table entries: 1024 (order: 4, 65536 bytes)
[    0.038712] pinctrl core: initialized pinctrl subsystem
[    0.039482] NET: Registered protocol family 16
[    0.040227] DMA: preallocated 256 KiB pool for atomic coherent allocations
[    0.041128] cpuidle: using governor menu
[    0.050208] No ATAGs?
[    0.050261] hw-breakpoint: found 5 (+1 reserved) breakpoint and 4 watchpoint registers.
[    0.050267] hw-breakpoint: maximum watchpoint size is 8 bytes.
[    0.053093] Serial: AMBA PL011 UART driver
[    0.053447] tegra-mc 70019000.memory-controller: no memory timings for RAM code 0 registered
[    0.058856] AT91: Could not find identification node
[    0.059064] +5V_SYS: supplied by +VDD_MUX
[    0.059165] +3.3V_SYS: supplied by +VDD_MUX
[    0.059383] +VDD_LED: Failed to request enable GPIO122: -517
[    0.059389] reg-fixed-voltage regulators:regulator@5: Failed to register regulator: -517
[    0.059424] +5V_VDD_TS_SW: Failed to request enable GPIO81: -517
[    0.059430] reg-fixed-voltage regulators:regulator@6: Failed to register regulator: -517
[    0.059463] +5V_USB_HS: Failed to request enable GPIO108: -517
[    0.059468] reg-fixed-voltage regulators:regulator@7: Failed to register regulator: -517
[    0.059500] +5V_USB_SS: Failed to request enable GPIO109: -517
[    0.059505] reg-fixed-voltage regulators:regulator@8: Failed to register regulator: -517
[    0.059594] +1.05V_RUN_AVDD_HDMI_PLL: Failed to request enable GPIO63: -517
[    0.059599] reg-fixed-voltage regulators:regulator@11: Failed to register regulator: -517
[    0.059632] +5V_HDMI_CON: Failed to request enable GPIO86: -517
[    0.059636] reg-fixed-voltage regulators:regulator@12: Failed to register regulator: -517
[    0.060636] vgaarb: loaded
[    0.060914] SCSI subsystem initialized
[    0.060982] libata version 3.00 loaded.
[    0.061073] usbcore: registered new interface driver usbfs
[    0.061095] usbcore: registered new interface driver hub
[    0.061120] usbcore: registered new device driver usb
[    0.062445] pps_core: LinuxPPS API ver. 1 registered
[    0.062449] pps_core: Software ver. 5.3.6 - Copyright 2005-2007 Rodolfo Giometti <giometti@linux.it>
[    0.062457] PTP clock support registered
[    0.062523] EDAC MC: Ver: 3.0.0
[    0.062928] tegra-emc 7001b000.emc: no memory timings for RAM code 0 found in DT
[    0.062938] tegra-emc: probe of 7001b000.emc failed with error -2
[    0.063371] clocksource: Switched to clocksource arch_sys_counter
[    0.083557] NET: Registered protocol family 2
[    0.083756] TCP established hash table entries: 8192 (order: 3, 32768 bytes)
[    0.083790] TCP bind hash table entries: 8192 (order: 4, 65536 bytes)
[    0.083853] TCP: Hash tables configured (established 8192 bind 8192)
[    0.083890] UDP hash table entries: 512 (order: 2, 16384 bytes)
[    0.083905] UDP-Lite hash table entries: 512 (order: 2, 16384 bytes)
[    0.083965] NET: Registered protocol family 1
[    0.084110] RPC: Registered named UNIX socket transport module.
[    0.084115] RPC: Registered udp transport module.
[    0.084118] RPC: Registered tcp transport module.
[    0.084121] RPC: Registered tcp NFSv4.1 backchannel transport module.
[    0.084126] PCI: CLS 0 bytes, default 64
[    0.084668] hw perfevents: enabled with armv7_cortex_a15 PMU driver, 7 counters available
[    0.085382] workingset: timestamp_bits=30 max_order=19 bucket_order=0
[    0.088319] squashfs: version 4.0 (2009/01/31) Phillip Lougher
[    0.088578] NFS: Registering the id_resolver key type
[    0.088590] Key type id_resolver registered
[    0.088593] Key type id_legacy registered
[    0.088610] ntfs: driver 2.1.32 [Flags: R/O].
[    0.089221] bounce: pool size: 64 pages
[    0.089238] Block layer SCSI generic (bsg) driver version 0.4 loaded (major 248)
[    0.089242] io scheduler noop registered
[    0.089246] io scheduler deadline registered
[    0.089256] io scheduler cfq registered (default)
[    0.089260] io scheduler mq-deadline registered
[    0.089263] io scheduler kyber registered
[    0.091142] tegra-xusb-padctl 7009f000.padctl: failed to setup XUSB ports: -517
[    0.100672] tegra-apbdma 60020000.dma: Tegra20 APB DMA driver register 32 channels
[    0.101608] tegra-pmc 7000e400.pmc: i2c-thermtrip node not found, emergency thermal reset disabled.
[    0.120332] Serial: 8250/16550 driver, 4 ports, IRQ sharing disabled
[    0.121387] console [ttyS0] disabled
[    0.121405] 70006000.serial: ttyS0 at MMIO 0x70006000 (irq = 333, base_baud = 25500000) is a Tegra
[    1.006554] console [ttyS0] enabled
[    1.010318] SuperH (H)SCI(F) driver initialized
[    1.015177] msm_serial: driver initialized
[    1.019322] STMicroelectronics ASC driver initialized
[    1.026368] tegra-hdmi 54280000.hdmi: failed to get HDMI regulator
[    1.032891] tegra-dpaux 545c0000.dpaux: failed to get VDD supply: -517
[    1.040279] panel-simple panel: panel supply power not found, using dummy regulator
[    1.051554] brd: module loaded
[    1.057336] loop: module loaded
[    1.061405] as3722 4-0040: AS3722 with revision 0x1 found
[    1.071414] as3722-sd2: supplied by +5V_SYS
[    1.075830] as3722-sd3: supplied by +5V_SYS
[    1.080161] +1.35V_LP0(sd3): Bringing 0uV into 1350000-1350000uV
[    1.086390] as3722-sd4: supplied by +5V_SYS
[    1.090720] +1.05V_RUN: Bringing 0uV into 1050000-1050000uV
[    1.096458] as3722-sd5: supplied by +5V_SYS
[    1.102033] as3722-ldo0: supplied by +1.35V_LP0(sd2)
[    1.107751] +1.8V_RUN_CAM: Bringing 0uV into 1800000-1800000uV
[    1.113774] as3722-ldo2: supplied by +1.8V_VDDIO
[    1.119387] as3722-ldo3: supplied by +3.3V_SYS
[    1.123844] +1.00V_LP0_VDD_RTC: Bringing 1100000uV into 1000000-1000000uV
[    1.131409] as3722-ldo4: supplied by +3.3V_SYS
[    1.136004] +3.3V_RUN_CAM: Bringing 0uV into 2800000-2800000uV
[    1.142008] as3722-ldo5: supplied by +1.8V_VDDIO
[    1.146780] +1.2V_RUN_CAM_FRONT: Bringing 0uV into 1200000-1200000uV
[    1.153460] +VDDIO_SDMMC3: Bringing 0uV into 1800000-1800000uV
[    1.159472] as3722-ldo7: supplied by +1.8V_VDDIO
[    1.164243] +1.05V_RUN_CAM_REAR: Bringing 0uV into 1050000-1050000uV
[    1.170777] as3722-ldo9: supplied by +5V_SYS
[    1.175342] +2.8V_RUN_TOUCH: Bringing 0uV into 2800000-2800000uV
[    1.181531] as3722-ldo10: supplied by +5V_SYS
[    1.186043] +2.8V_RUN_CAM_AF: Bringing 0uV into 2800000-2800000uV
[    1.192466] +1.8V_RUN_VPP_FUSE: Bringing 0uV into 1800000-1800000uV
[    1.205258] random: fast init done
[    1.210748] m25p80 spi32765.0: w25q32dw (4096 Kbytes)
[    1.216848] libphy: Fixed MDIO Bus: probed
[    1.221336] CAN device driver interface
[    1.225490] bgmac_bcma: Broadcom 47xx GBit MAC driver loaded
[    1.231589] e1000e: Intel(R) PRO/1000 Network Driver - 3.2.6-k
[    1.237412] e1000e: Copyright(c) 1999 - 2015 Intel Corporation.
[    1.243334] igb: Intel(R) Gigabit Ethernet Network Driver - version 5.4.0-k
[    1.250284] igb: Copyright (c) 2007-2014 Intel Corporation.
[    1.257047] pegasus: v0.9.3 (2013/04/25), Pegasus/Pegasus II USB Ethernet driver
[    1.264453] usbcore: registered new interface driver pegasus
[    1.270115] usbcore: registered new interface driver asix
[    1.275518] usbcore: registered new interface driver ax88179_178a
[    1.281605] usbcore: registered new interface driver cdc_ether
[    1.287444] usbcore: registered new interface driver smsc75xx
[    1.293191] usbcore: registered new interface driver smsc95xx
[    1.298938] usbcore: registered new interface driver net1080
[    1.304598] usbcore: registered new interface driver cdc_subset
[    1.310514] usbcore: registered new interface driver zaurus
[    1.316098] usbcore: registered new interface driver cdc_ncm
[    1.322394] ehci_hcd: USB 2.0 'Enhanced' Host Controller (EHCI) Driver
[    1.328914] ehci-pci: EHCI PCI platform driver
[    1.333358] ehci-platform: EHCI generic platform driver
[    1.338642] ehci-orion: EHCI orion driver
[    1.342693] SPEAr-ehci: EHCI SPEAr driver
[    1.346743] ehci-st: EHCI STMicroelectronics driver
[    1.351653] ehci-exynos: EHCI EXYNOS driver
[    1.355882] ehci-atmel: EHCI Atmel driver
[    1.359925] tegra-ehci: Tegra EHCI driver
[    1.363988] ohci_hcd: USB 1.1 'Open' Host Controller (OHCI) Driver
[    1.370156] ohci-pci: OHCI PCI platform driver
[    1.374604] ohci-platform: OHCI generic platform driver
[    1.379869] ohci-omap3: OHCI OMAP3 driver
[    1.383919] SPEAr-ohci: OHCI SPEAr driver
[    1.387962] ohci-st: OHCI STMicroelectronics driver
[    1.392871] ohci-atmel: OHCI Atmel driver
[    1.397127] usbcore: registered new interface driver usb-storage
[    1.403911] elan_i2c 1-0015: 1-0015 supply vcc not found, using dummy regulator
[    1.405665] as3722-rtc as3722-rtc: rtc core: registered as3722-rtc as rtc0
[    1.405668] as3722-rtc as3722-rtc: RTC interrupt 372
[    1.407904] tegra_rtc 7000e000.rtc: rtc core: registered 7000e000.rtc as rtc1
[    1.407922] tegra_rtc 7000e000.rtc: Tegra internal Real Time Clock
[    1.408174] i2c /dev entries driver
[    1.411313] lm90 0-004c: 0-004c supply vcc not found, using dummy regulator
[    1.449688] sdhci: Secure Digital Host Controller Interface driver
[    1.455871] sdhci: Copyright(c) Pierre Ossman
[    1.460750] Synopsys Designware Multimedia Card Interface Driver
[    1.467183] sdhci-pltfm: SDHCI platform and OF driver helper
[    1.473106] sdhci-tegra 700b0000.sdhci: allocated mmc-pwrseq
[    1.486909] sdhci-tegra 700b0400.sdhci: Got CD GPIO
[    1.491780] sdhci-tegra 700b0400.sdhci: Got WP GPIO
[    1.511489] mmc0: Unknown controller version (3). You may experience problems.
[    1.518731] mmc0: Invalid maximum block size, assuming 512 bytes
[    1.583377] mmc0: SDHCI controller on 700b0600.sdhci [700b0600.sdhci] using ADMA
[    1.591438] ledtrig-cpu: registered to indicate activity on CPUs
[    1.597623] usbcore: registered new interface driver usbhid
[    1.603186] usbhid: USB HID core driver
[    1.608393] NET: Registered protocol family 10
[    1.613179] Segment Routing with IPv6
[    1.616885] sit: IPv6, IPv4 and MPLS over IPv4 tunneling driver
[    1.623022] NET: Registered protocol family 17
[    1.627469] can: controller area network core (rev 20170425 abi 9)
[    1.633674] NET: Registered protocol family 29
[    1.638109] can: raw protocol (rev 20170425)
[    1.642375] can: broadcast manager protocol (rev 20170425 t)
[    1.648032] can: netlink gateway (rev 20170425) max_hops=1
[    1.653651] Key type dns_resolver registered
[    1.658136] ThumbEE CPU extension supported.
[    1.662402] Registering SWP/SWPB emulation handler
[    1.671645] elan_i2c 1-0015: Elan Touchpad: Module ID: 0x002a, Firmware: 0x0005, Sample: 0x0007, IAP: 0x0009
[    1.675024] +3.3V_RUN: supplied by +3.3V_SYS
[    1.676253] +VDD_LED: supplied by +VDD_MUX
[    1.676392] +3.3V_AVDD_HDMI_AP_GATED: supplied by +3.3V_RUN
[    1.676438] +1.8V_RUN_CAM: supplied by +3.3V_RUN
[    1.676478] +VDDIO_SDMMC3: supplied by +3.3V_RUN
[    1.676513] +1.8V_RUN_VPP_FUSE: supplied by +3.3V_RUN
[    1.676687] +5V_VDD_TS_SW: supplied by +5V_SYS
[    1.676949] +5V_USB_HS: supplied by +5V_SYS
[    1.677468] +5V_USB_SS: supplied by +5V_SYS
[    1.678501] +3.3V_PANEL: supplied by +3.3V_RUN
[    1.679318] +3.3V_LP0: supplied by +3.3V_SYS
[    1.679846] +1.05V_RUN_AVDD_HDMI_PLL: supplied by +1.05V_RUN
[    1.680090] +5V_HDMI_CON: supplied by +5V_SYS
[    1.680931]  usb3-0: usb3-0 supply vbus not found, using dummy regulator
[    1.680989]  usb3-1: usb3-1 supply vbus not found, using dummy regulator
[    1.705971] tegra-sor 54540000.sor: failed to probe output: -517
[    1.707143] panel-simple panel: panel supply power not found, using dummy regulator
[    1.708443] sdhci-tegra 700b0000.sdhci: allocated mmc-pwrseq
[    1.716770] mmc1: Unknown controller version (3). You may experience problems.
[    1.716812] mmc1: Invalid maximum block size, assuming 512 bytes
[    1.717233] mmc1: Switching to 3.3V signalling voltage failed
[    1.723272] mmc0: new high speed MMC card at address 0001
[    1.724049] mmcblk0: mmc0:0001 MMC16G 14.4 GiB 
[    1.724790] mmcblk0boot0: mmc0:0001 MMC16G partition 1 2.00 MiB
[    1.725224] mmcblk0boot1: mmc0:0001 MMC16G partition 2 2.00 MiB
[    1.725594] mmcblk0rpmb: mmc0:0001 MMC16G partition 3 128 KiB
[    1.728828]  mmcblk0: p1 p2 p3 p4 p5 p6 p7 p8 p9 p10 p11 p12
[    1.773488] mmc1: SDHCI controller on 700b0000.sdhci [700b0000.sdhci] using ADMA
[    1.774527] sdhci-tegra 700b0400.sdhci: Got CD GPIO
[    1.774538] sdhci-tegra 700b0400.sdhci: Got WP GPIO
[    1.783176] mmc2: Unknown controller version (3). You may experience problems.
[    1.783233] mmc2: Invalid maximum block size, assuming 512 bytes
[    1.810764] mmc1: new high speed SDIO card at address 0001
[    1.843747] mmc2: SDHCI controller on 700b0400.sdhci [700b0400.sdhci] using ADMA
[    1.850117] input: gpio-keys as /devices/soc0/gpio-keys/input/input0
[    1.856403] as3722-rtc as3722-rtc: setting system clock to 2000-01-01 00:00:22 UTC (946684822)
[    1.856824] +3.3V_AVDD_HDMI_AP_GATED: disabling
[    1.856834] +1.05V_RUN: disabling
[    1.857135] +1.8V_RUN_CAM: disabling
[    1.857442] +3.3V_RUN_CAM: disabling
[    1.857722] +1.2V_RUN_CAM_FRONT: disabling
[    1.858016] +1.05V_RUN_CAM_REAR: disabling
[    1.858206] +2.8V_RUN_TOUCH: disabling
[    1.858322] +2.8V_RUN_CAM_AF: disabling
[    1.858431] +1.8V_RUN_VPP_FUSE: disabling
[    1.858538] +VDD_LED: disabling
[    1.858541] +5V_VDD_TS_SW: disabling
[    1.858546] +5V_USB_HS: disabling
[    1.858548] +5V_USB_SS: disabling
[    1.858551] +3.3V_PANEL: disabling
[    1.858554] +1.05V_RUN_AVDD_HDMI_PLL: disabling
[    1.858556] +5V_HDMI_CON: disabling
[    1.944451] input: Elan Touchpad as /devices/soc0/7000c400.i2c/i2c-1/1-0015/input/input1
[    1.954005] EXT4-fs (mmcblk0p3): couldn't mount as ext3 due to feature incompatibilities
[    1.962539] EXT4-fs (mmcblk0p3): couldn't mount as ext2 due to feature incompatibilities
[    1.984534] mmc2: new high speed SDHC card at address 0007
[    1.990269] mmcblk2: mmc2:0007 SD08G 7.42 GiB 
[    2.002810] GPT:Primary header alternate_lba != Alt. header my_lba
[    2.009020] GPT:3014591 != 15564799
[    2.012503] GPT:Primary header thinks Alt. header is not at the end of the disk.
[    2.019915] GPT:3014591 != 15564799
[    2.023406] GPT: Use GNU Parted to correct GPT errors.
[    2.028560]  mmcblk2: p1 p2 p3 p4 p5 p6 p7 p8 p9 p10 p11 p12
[    2.346798] EXT4-fs (mmcblk0p3): recovery complete
[    2.352488] EXT4-fs (mmcblk0p3): mounted filesystem with ordered data mode. Opts: (null)
[    2.360630] VFS: Mounted root (ext4 filesystem) on device 179:3.
[    2.367362] devtmpfs: mounted
[    2.371030] Freeing unused kernel memory: 2048K
bash: cannot set terminal process group (-1): Inappropriate ioctl for device
bash: no job control in this shell
root@(none):/# mount -t sysfs none /sys
root@(none):/# 
root@(none):/# mount -t debugfs none /sys/kernel/debug
root@(none):/# 
root@(none):/# rtcwake -d rtc1 -m mem -s 3
rtcwake: assuming RTC uses UTC ...
rtcwake: wakeup from "mem" using /dev/rtc1 at Thu Jan  1 00:00:28 1970
[    5.787293] PM: Syncing filesystems ... done.
[    5.793337] Freezing user space processes ... (elapsed 0.001 seconds) done.
[    5.801507] OOM killer disabled.
[    5.804770] Freezing remaining freezable tasks ... (elapsed 0.001 seconds) done.
[    5.813431] Suspending console(s) (use no_console_suspend to debug)
[    5.837829] PM: suspend of devices complete after 17.639 msecs
[    5.839304] PM: late suspend of devices complete after 1.466 msecs
[    5.840245] PM: noirq suspend of devices complete after 0.936 msecs
[    5.840247] Disabling non-boot CPUs ...
[    5.840453] IRQ17 no longer affine to CPU1
[    5.840510] IRQ352 no longer affine to CPU1
[    5.915590] IRQ353 no longer affine to CPU2
[    5.975585] IRQ354 no longer affine to CPU3
[    6.034930] Entering suspend state LP1
[    6.034930] Suspended for 2.912 seconds
[    6.034942] Enabling non-boot CPUs ...
[    6.064957] CPU1 is up
[    6.104797] CPU2 is up
[    6.145018] CPU3 is up
[    6.145476] PM: noirq resume of devices complete after 0.452 msecs
[    6.146921] PM: early resume of devices complete after 1.147 msecs
[    6.303354] mmc1: Switching to 3.3V signalling voltage failed
[    6.390645] PM: resume of devices complete after 243.715 msecs
[    6.472820] OOM killer enabled.
[    6.475972] Restarting tasks ... done.
root@(none):/# 
root@(none):/# rtcwake -d rtc1 -m mem -s 3
rtcwake: assuming RTC uses UTC ...
rtcwake: wakeup from "mem" using /dev/rtc1 at Thu Jan  1 00:00:32 1970
[    6.952112] PM: Syncing filesystems ... done.
[    6.957943] Freezing user space processes ... (elapsed 0.001 seconds) done.
[    6.966109] OOM killer disabled.
[    6.969325] Freezing remaining freezable tasks ... (elapsed 0.001 seconds) done.
[    6.977949] Suspending console(s) (use no_console_suspend to debug)
[    7.001833] PM: suspend of devices complete after 17.124 msecs
[    7.003178] PM: late suspend of devices complete after 1.336 msecs
[    7.004146] PM: noirq suspend of devices complete after 0.964 msecs
[    7.004149] Disabling non-boot CPUs ...
[    7.004402] IRQ352 no longer affine to CPU1
[    7.065417] IRQ353 no longer affine to CPU2
[    7.125245] IRQ17 no longer affine to CPU3
[    7.125348] IRQ354 no longer affine to CPU3
[    7.174891] Entering suspend state LP1
[    7.174891] Suspended for 2.859 seconds
[    7.174902] Enabling non-boot CPUs ...
[    7.204930] CPU1 is up
[    7.244774] CPU2 is up
[    7.284992] CPU3 is up
[    7.285432] PM: noirq resume of devices complete after 0.434 msecs
[    7.286765] PM: early resume of devices complete after 1.023 msecs
[    7.443371] mmc1: Switching to 3.3V signalling voltage failed
[    7.535274] PM: resume of devices complete after 248.499 msecs
[    7.617406] OOM killer enabled.
[    7.620538] Restarting tasks ... done.
root@(none):/# 
root@(none):/# rtcwake -d rtc1 -m mem -s 3
rtcwake: assuming RTC uses UTC ...
rtcwake: wakeup from "mem" using /dev/rtc1 at Thu Jan  1 00:00:36 1970
[    8.091894] PM: Syncing filesystems ... done.
[    8.097717] Freezing user space processes ... (elapsed 0.001 seconds) done.
[    8.105887] OOM killer disabled.
[    8.109103] Freezing remaining freezable tasks ... (elapsed 0.001 seconds) done.
[    8.117733] Suspending console(s) (use no_console_suspend to debug)
[    8.140967] PM: suspend of devices complete after 16.474 msecs
[    8.142315] PM: late suspend of devices complete after 1.339 msecs
[    8.143211] PM: noirq suspend of devices complete after 0.891 msecs
[    8.143214] Disabling non-boot CPUs ...
[    8.143495] IRQ352 no longer affine to CPU1
[    8.205359] IRQ17 no longer affine to CPU2
[    8.314839] Entering suspend state LP1
[    8.314839] Suspended for 2.859 seconds
[    8.314851] Enabling non-boot CPUs ...
[    8.344923] CPU1 is up
[    8.384762] CPU2 is up
[    8.424975] CPU3 is up
[    8.425424] PM: noirq resume of devices complete after 0.444 msecs
[    8.426960] PM: early resume of devices complete after 1.215 msecs
[    8.582592] mmc1: Switching to 3.3V signalling voltage failed
[    8.664831] PM: resume of devices complete after 237.862 msecs
[    8.738503] OOM killer enabled.
[    8.741632] Restarting tasks ... done.
root@(none):/# 
root@(none):/# rtcwake -d rtc1 -m mem -s 3
rtcwake: assuming RTC uses UTC ...
rtcwake: wakeup from "mem" using /dev/rtc1 at Thu Jan  1 00:00:40 1970
[    9.231690] PM: Syncing filesystems ... done.
[    9.237513] Freezing user space processes ... (elapsed 0.001 seconds) done.
[    9.245674] OOM killer disabled.
[    9.248890] Freezing remaining freezable tasks ... (elapsed 0.001 seconds) done.
[    9.257523] Suspending console(s) (use no_console_suspend to debug)
[    9.280896] PM: suspend of devices complete after 16.615 msecs
[    9.282296] PM: late suspend of devices complete after 1.392 msecs
[    9.283169] PM: noirq suspend of devices complete after 0.868 msecs
[    9.283171] Disabling non-boot CPUs ...
[    9.454833] Entering suspend state LP1
[    9.454833] Suspended for 2.859 seconds
[    9.454844] Enabling non-boot CPUs ...
[    9.484894] CPU1 is up
[    9.524726] CPU2 is up
[    9.564942] CPU3 is up
[    9.565387] PM: noirq resume of devices complete after 0.440 msecs
[    9.566883] PM: early resume of devices complete after 1.170 msecs
[    9.722373] mmc1: Switching to 3.3V signalling voltage failed
[    9.804780] PM: resume of devices complete after 237.887 msecs
[    9.870287] OOM killer enabled.
[    9.873422] Restarting tasks ... done.
root@(none):/# 
root@(none):/# rtcwake -d rtc1 -m mem -s 3
rtcwake: assuming RTC uses UTC ...
rtcwake: wakeup from "mem" using /dev/rtc1 at Thu Jan  1 00:00:44 1970
[   10.372138] PM: Syncing filesystems ... done.
[   10.377787] Freezing user space processes ... (elapsed 0.001 seconds) done.
[   10.385851] OOM killer disabled.
[   10.389067] Freezing remaining freezable tasks ... (elapsed 0.001 seconds) done.
[   10.397675] Suspending console(s) (use no_console_suspend to debug)
[   10.420771] PM: suspend of devices complete after 16.335 msecs
[   10.422068] PM: late suspend of devices complete after 1.288 msecs
[   10.422980] PM: noirq suspend of devices complete after 0.907 msecs
[   10.422982] Disabling non-boot CPUs ...
[   10.614789] Entering suspend state LP1
[   10.614789] Suspended for 2.840 seconds
[   10.614801] Enabling non-boot CPUs ...
[   10.644861] CPU1 is up
[   10.684697] CPU2 is up
[   10.724914] CPU3 is up
[   10.725354] PM: noirq resume of devices complete after 0.435 msecs
[   10.726628] PM: early resume of devices complete after 0.951 msecs
[   10.883255] mmc1: Switching to 3.3V signalling voltage failed
[   10.975056] PM: resume of devices complete after 248.418 msecs
[   11.040525] OOM killer enabled.
[   11.043662] Restarting tasks ... done.
root@(none):/# 
root@(none):/# rtcwake -d rtc1 -m mem -s 3
rtcwake: assuming RTC uses UTC ...
rtcwake: wakeup from "mem" using /dev/rtc1 at Thu Jan  1 00:00:48 1970
[   11.531645] PM: Syncing filesystems ... done.
[   11.537491] Freezing user space processes ... (elapsed 0.001 seconds) done.
[   11.545563] OOM killer disabled.
[   11.548779] Freezing remaining freezable tasks ... (elapsed 0.001 seconds) done.
[   11.557398] Suspending console(s) (use no_console_suspend to debug)
[   11.581277] PM: suspend of devices complete after 17.123 msecs
[   11.582310] PM: late suspend of devices complete after 1.029 msecs
[   11.583150] PM: noirq suspend of devices complete after 0.837 msecs
[   11.583152] Disabling non-boot CPUs ...
[   11.583429] migrate_irqs: 10 callbacks suppressed
[   11.583431] IRQ352 no longer affine to CPU1
[   11.645293] IRQ17 no longer affine to CPU2
[   11.645402] IRQ353 no longer affine to CPU2
[   11.705254] IRQ354 no longer affine to CPU3
[   11.754766] Entering suspend state LP1
[   11.754766] Suspended for 2.859 seconds
[   11.754778] Enabling non-boot CPUs ...
[   11.784823] CPU1 is up
[   11.824667] CPU2 is up
[   11.864874] CPU3 is up
[   11.865321] PM: noirq resume of devices complete after 0.442 msecs
[   11.866573] PM: early resume of devices complete after 0.951 msecs
[   12.022290] mmc1: Switching to 3.3V signalling voltage failed
[   12.104732] PM: resume of devices complete after 238.148 msecs
[   12.191434] OOM killer enabled.
[   12.194566] Restarting tasks ... done.
root@(none):/# 
root@(none):/# rtcwake -d rtc1 -m mem -s 3
rtcwake: assuming RTC uses UTC ...
rtcwake: wakeup from "mem" using /dev/rtc1 at Thu Jan  1 00:00:52 1970
[   12.672038] PM: Syncing filesystems ... done.
[   12.677798] Freezing user space processes ... (elapsed 0.001 seconds) done.
[   12.685957] OOM killer disabled.
[   12.689174] Freezing remaining freezable tasks ... (elapsed 0.001 seconds) done.
[   12.697794] Suspending console(s) (use no_console_suspend to debug)
[   12.721862] PM: suspend of devices complete after 17.308 msecs
[   12.722938] PM: late suspend of devices complete after 1.070 msecs
[   12.723803] PM: noirq suspend of devices complete after 0.861 msecs
[   12.723805] Disabling non-boot CPUs ...
[   12.723995] IRQ17 no longer affine to CPU1
[   12.724051] IRQ352 no longer affine to CPU1
[   12.805348] IRQ353 no longer affine to CPU2
[   12.865213] IRQ354 no longer affine to CPU3
[   12.914751] Entering suspend state LP1
[   12.914751] Suspended for 2.839 seconds
[   12.914762] Enabling non-boot CPUs ...
[   12.944803] CPU1 is up
[   12.984648] CPU2 is up
[   13.024860] CPU3 is up
[   13.025302] PM: noirq resume of devices complete after 0.437 msecs
[   13.026871] PM: early resume of devices complete after 1.245 msecs
[   13.182229] mmc1: Switching to 3.3V signalling voltage failed
[   13.264756] PM: resume of devices complete after 237.875 msecs
[   13.346806] OOM killer enabled.
[   13.349935] Restarting tasks ... done.
root@(none):/# 
root@(none):/# rtcwake -d rtc1 -m mem -s 3
rtcwake: assuming RTC uses UTC ...
rtcwake: wakeup from "mem" using /dev/rtc1 at Thu Jan  1 00:00:56 1970
[   13.831479] PM: Syncing filesystems ... done.
[   13.837040] Freezing user space processes ... (elapsed 0.001 seconds) done.
[   13.845099] OOM killer disabled.
[   13.848315] Freezing remaining freezable tasks ... (elapsed 0.001 seconds) done.
[   13.856928] Suspending console(s) (use no_console_suspend to debug)
[   13.881037] PM: suspend of devices complete after 17.351 msecs
[   13.882268] PM: late suspend of devices complete after 1.223 msecs
[   13.883142] PM: noirq suspend of devices complete after 0.869 msecs
[   13.883144] Disabling non-boot CPUs ...
[   13.883403] IRQ352 no longer affine to CPU1
[   13.955314] IRQ353 no longer affine to CPU2
[   14.064720] Entering suspend state LP1
[   14.064720] Suspended for 2.849 seconds
[   14.064731] Enabling non-boot CPUs ...
[   14.094777] CPU1 is up
[   14.134616] CPU2 is up
[   14.174832] CPU3 is up
[   14.175272] PM: noirq resume of devices complete after 0.436 msecs
[   14.176795] PM: early resume of devices complete after 1.223 msecs
[   14.332266] mmc1: Switching to 3.3V signalling voltage failed
[   14.414712] PM: resume of devices complete after 237.907 msecs
[   14.488558] OOM killer enabled.
[   14.491687] Restarting tasks ... done.
root@(none):/# 
root@(none):/# rtcwake -d rtc1 -m mem -s 3
rtcwake: assuming RTC uses UTC ...
rtcwake: wakeup from "mem" using /dev/rtc1 at Thu Jan  1 00:01:00 1970
[   14.981621] PM: Syncing filesystems ... done.
[   14.987395] Freezing user space processes ... (elapsed 0.001 seconds) done.
[   14.995467] OOM killer disabled.
[   14.998683] Freezing remaining freezable tasks ... (elapsed 0.001 seconds) done.
[   15.007306] Suspending console(s) (use no_console_suspend to debug)
[   15.031246] PM: suspend of devices complete after 17.171 msecs
[   15.032589] PM: late suspend of devices complete after 1.334 msecs
[   15.033557] PM: noirq suspend of devices complete after 0.963 msecs
[   15.033559] Disabling non-boot CPUs ...
[   15.204692] Entering suspend state LP1
[   15.204692] Suspended for 2.859 seconds
[   15.204704] Enabling non-boot CPUs ...
[   15.234766] CPU1 is up
[   15.274599] CPU2 is up
[   15.314820] CPU3 is up
[   15.315260] PM: noirq resume of devices complete after 0.435 msecs
[   15.316530] PM: early resume of devices complete after 0.975 msecs
[   15.473174] mmc1: Switching to 3.3V signalling voltage failed
[   15.565069] PM: resume of devices complete after 248.529 msecs
[   15.630537] OOM killer enabled.
[   15.633689] Restarting tasks ... done.
root@(none):/# 
root@(none):/# rtcwake -d rtc1 -m mem -s 3
rtcwake: assuming RTC uses UTC ...
rtcwake: wakeup from "mem" using /dev/rtc1 at Thu Jan  1 00:01:04 1970
[   16.131561] PM: Syncing filesystems ... done.
[   16.137402] Freezing user space processes ... (elapsed 0.001 seconds) done.
[   16.145571] OOM killer disabled.
[   16.148788] Freezing remaining freezable tasks ... (elapsed 0.001 seconds) done.
[   16.157413] Suspending console(s) (use no_console_suspend to debug)
[   16.181608] PM: suspend of devices complete after 17.433 msecs
[   16.182849] PM: late suspend of devices complete after 1.232 msecs
[   16.183725] PM: noirq suspend of devices complete after 0.871 msecs
[   16.183727] Disabling non-boot CPUs ...
[   16.394667] Entering suspend state LP1
[   16.394667] Suspended for 2.809 seconds
[   16.394679] Enabling non-boot CPUs ...
[   16.424753] CPU1 is up
[   16.464572] CPU2 is up
[   16.504783] CPU3 is up
[   16.505223] PM: noirq resume of devices complete after 0.435 msecs
[   16.506687] PM: early resume of devices complete after 1.145 msecs
[   16.662181] mmc1: Switching to 3.3V signalling voltage failed
[   16.744621] PM: resume of devices complete after 237.925 msecs
[   16.810124] OOM killer enabled.
[   16.813258] Restarting tasks ... done.
root@(none):/# 
root@(none):/# NVTB SYSTEM SUSPEND TEST COMPLETE
