

U-Boot 2015.04-00466-gedec83e90172 (Mar 14 2016 - 10:42:01)

TEGRA124
Model: Acer Chromebook 13 CB5-311
DRAM:  4 GiB
C:   Tegra SD/MMC: 0, Tegra SD/MMC: 1, Tegra SD/MMC: 2
MMC init failed
Using default environment

In:    serial
Out:   serial
Err:   serial
Net:   Net Initialization Skipped
No ethernet found.
Hit any key to stop autoboot:  2  0 
Tegra124 (Nyan-big) # 
Tegra124 (Nyan-big) # usb start
starting USB...
USB0:   USB EHCI 1.10
scanning bus 0 for devices... 2 USB Device(s) found
USB1:   USB EHCI 1.10
scanning bus 1 for devices... 2 USB Device(s) found
       scanning usb for storage devices... 1 Storage Device(s) found
       scanning usb for ethernet devices... 
Warning: asx0 using MAC address from net device
1 Ethernet Device(s) found
Tegra124 (Nyan-big) # mw 0x7000e4a0 0x00080000
Tegra124 (Nyan-big) # setenv bootargs 'ignore_loglevel console=ttyS0,115200n8 rw root=PARTUUID=4d36e82a-b3c0-4b4b-bfcd-afe5217ac023 rootwait gpt debug noinitrd earlyprintk init=/bin/bash'
Tegra124 (Nyan-big) # setenv ipaddr 192.168.100.102; setenv serverip 192.168.100.1; setenv tftpserverip 192.168.100.1
Tegra124 (Nyan-big) # tftpboot 0x82000000 zImage.multi_v7_defconfig
Using asx0 device
TFTP from server 192.168.100.1; our IP address is 192.168.100.102
Filename 'zImage.multi_v7_defconfig'.
Load address: 0x82000000
Loading: *#################################################################
	 #################################################################
	 #################################################################
	 #################################################################
	 #################################################################
	 #################################################################
	 #################################################################
	 #####################################
	 2.9 MiB/s
done
Bytes transferred = 7215208 (6e1868 hex)
Tegra124 (Nyan-big) # tftpboot 0x83000000 tegra124-nyan-big.dtb
Using asx0 device
TFTP from server 192.168.100.1; our IP address is 192.168.100.102
Filename 'tegra124-nyan-big.dtb'.
Load address: 0x83000000
Loading: *#####
	 2.7 MiB/s
done
Bytes transferred = 67899 (1093b hex)
Tegra124 (Nyan-big) # bootz 0x82000000 - 0x83000000
Kernel image @ 0x82000000 [ 0x000000 - 0x6e1868 ]
## Flattened Device Tree blob at 83000000
   Booting using the fdt blob at 0x83000000
   Using Device Tree in place at 83000000, end 8301393a

Starting kernel ...

[    0.000000] Booting Linux on physical CPU 0x0
[    0.000000] Linux version 4.9.0-rc2-127009-g07d9a38 (pwalmsley@sellafield) (gcc version 4.7.3 20130328 (prerelease) (crosstool-NG linaro-1.13.1-4.7-2013.04-20130415 - Linaro GCC 2013.04) ) #1 SMP Wed Nov 2 05:16:21 PDT 2016
[    0.000000] CPU: ARMv7 Processor [413fc0f3] revision 3 (ARMv7), cr=10c5387d
[    0.000000] CPU: div instructions available: patching division code
[    0.000000] CPU: PIPT / VIPT nonaliasing data cache, PIPT instruction cache
[    0.000000] OF: fdt:Machine model: Acer Chromebook 13 CB5-311
[    0.000000] OF: fdt:Ignoring memory range 0x100000000 - 0x17ffff000
[    0.000000] debug: ignoring loglevel setting.
[    0.000000] efi: Getting EFI parameters from FDT:
[    0.000000] efi: UEFI not found.
[    0.000000] cma: Reserved 64 MiB at 0xfb800000
[    0.000000] Memory policy: Data cache writealloc
[    0.000000] On node 0 totalpages: 524287
[    0.000000] free_area_init_node: node 0, pgdat c1426d40, node_mem_map eeff8000
[    0.000000]   DMA zone: 1536 pages used for memmap
[    0.000000]   DMA zone: 0 pages reserved
[    0.000000]   DMA zone: 196608 pages, LIFO batch:31
[    0.000000]   HighMem zone: 327679 pages, LIFO batch:31
[    0.000000] percpu: Embedded 14 pages/cpu @eef84000 s26624 r8192 d22528 u57344
[    0.000000] pcpu-alloc: s26624 r8192 d22528 u57344 alloc=14*4096
[    0.000000] pcpu-alloc: [0] 0 [0] 1 [0] 2 [0] 3 
[    0.000000] Built 1 zonelists in Zone order, mobility grouping on.  Total pages: 522751
[    0.000000] Kernel command line: ignore_loglevel console=ttyS0,115200n8 rw root=PARTUUID=4d36e82a-b3c0-4b4b-bfcd-afe5217ac023 rootwait gpt debug noinitrd earlyprintk init=/bin/bash
[    0.000000] PID hash table entries: 4096 (order: 2, 16384 bytes)
[    0.000000] Dentry cache hash table entries: 131072 (order: 7, 524288 bytes)
[    0.000000] Inode-cache hash table entries: 65536 (order: 6, 262144 bytes)
[    0.000000] Memory: 1995952K/2097148K available (9216K kernel code, 1186K rwdata, 4048K rodata, 2048K init, 343K bss, 35660K reserved, 65536K cma-reserved, 1245180K highmem)
[    0.000000] Virtual kernel memory layout:
[    0.000000]     vector  : 0xffff0000 - 0xffff1000   (   4 kB)
[    0.000000]     fixmap  : 0xffc00000 - 0xfff00000   (3072 kB)
[    0.000000]     vmalloc : 0xf0800000 - 0xff800000   ( 240 MB)
[    0.000000]     lowmem  : 0xc0000000 - 0xf0000000   ( 768 MB)
[    0.000000]     pkmap   : 0xbfe00000 - 0xc0000000   (   2 MB)
[    0.000000]     modules : 0xbf000000 - 0xbfe00000   (  14 MB)
[    0.000000]       .text : 0xc0208000 - 0xc0c00000   (10208 kB)
[    0.000000]       .init : 0xc1100000 - 0xc1300000   (2048 kB)
[    0.000000]       .data : 0xc1300000 - 0xc1428820   (1187 kB)
[    0.000000]        .bss : 0xc142a000 - 0xc147ff88   ( 344 kB)
[    0.000000] SLUB: HWalign=64, Order=0-3, MinObjects=0, CPUs=4, Nodes=1
[    0.000000] Hierarchical RCU implementation.
[    0.000000] 	Build-time adjustment of leaf fanout to 32.
[    0.000000] 	RCU restricting CPUs from NR_CPUS=16 to nr_cpu_ids=4.
[    0.000000] RCU: Adjusting geometry for rcu_fanout_leaf=32, nr_cpu_ids=4
[    0.000000] NR_IRQS:16 nr_irqs:16 16
[    0.000000] /interrupt-controller@60004000: 160 interrupts forwarded to /interrupt-controller@50041000
[    0.000000] Tegra clk 127: register failed with -17
[    0.000003] sched_clock: 32 bits at 1000kHz, resolution 1000ns, wraps every 2147483647500ns
[    0.000011] clocksource: timer_us: mask: 0xffffffff max_cycles: 0xffffffff, max_idle_ns: 1911260446275 ns
[    0.000017] Switching to timer-based delay loop, resolution 1000ns
[    0.001870] arm_arch_timer: Architected cp15 timer(s) running at 12.00MHz (virt).
[    0.001877] clocksource: arch_sys_counter: mask: 0xffffffffffffff max_cycles: 0x2c47f4ee7, max_idle_ns: 440795202497 ns
[    0.001883] sched_clock: 56 bits at 12MHz, resolution 83ns, wraps every 4398046511096ns
[    0.001887] Switching to timer-based delay loop, resolution 83ns
[    0.002092] Console: colour dummy device 80x30
[    0.002106] Calibrating delay loop (skipped), value calculated using timer frequency.. 24.00 BogoMIPS (lpj=60000)
[    0.002112] pid_max: default: 32768 minimum: 301
[    0.002151] Mount-cache hash table entries: 2048 (order: 1, 8192 bytes)
[    0.002156] Mountpoint-cache hash table entries: 2048 (order: 1, 8192 bytes)
[    0.002404] CPU: Testing write buffer coherency: ok
[    0.002516] /cpus/cpu@0 missing clock-frequency property
[    0.002531] /cpus/cpu@1 missing clock-frequency property
[    0.002545] /cpus/cpu@2 missing clock-frequency property
[    0.002559] /cpus/cpu@3 missing clock-frequency property
[    0.002564] CPU0: thread -1, cpu 0, socket 0, mpidr 80000000
[    0.002574] Setting up static identity map for 0x80300000 - 0x80300098
[    0.003923] Tegra Revision: A01 SKU: 131 CPU Process: 1 SoC Process: 1
[    0.004155] EFI services will not be available.
[    0.004493] CPU1: thread -1, cpu 1, socket 0, mpidr 80000001
[    0.006995] CPU2: thread -1, cpu 2, socket 0, mpidr 80000002
[    0.011990] CPU3: thread -1, cpu 3, socket 0, mpidr 80000003
[    0.016761] Brought up 4 CPUs
[    0.016769] SMP: Total of 4 processors activated (96.00 BogoMIPS).
[    0.016772] CPU: All CPU(s) started in SVC mode.
[    0.017313] devtmpfs: initialized
[    0.024487] VFP support v0.3: implementor 41 architecture 4 part 30 variant f rev 0
[    0.024690] clocksource: jiffies: mask: 0xffffffff max_cycles: 0xffffffff, max_idle_ns: 9556302231375000 ns
[    0.025214] pinctrl core: initialized pinctrl subsystem
[    0.025913] NET: Registered protocol family 16
[    0.026587] DMA: preallocated 256 KiB pool for atomic coherent allocations
[    0.041798] cpuidle: using governor menu
[    0.051761] No ATAGs?
[    0.051774] hw-breakpoint: found 5 (+1 reserved) breakpoint and 4 watchpoint registers.
[    0.051779] hw-breakpoint: maximum watchpoint size is 8 bytes.
[    0.054451] Serial: AMBA PL011 UART driver
[    0.054795] tegra-mc 70019000.memory-controller: no memory timings for RAM code 0 registered
[    0.073722] +5V_SYS: supplied by +VDD_MUX
[    0.073827] +3.3V_SYS: supplied by +VDD_MUX
[    0.074048] +VDD_LED: Failed to request enable GPIO122: -517
[    0.074054] reg-fixed-voltage regulators:regulator@5: Failed to register regulator: -517
[    0.074083] +5V_VDD_TS_SW: Failed to request enable GPIO81: -517
[    0.074088] reg-fixed-voltage regulators:regulator@6: Failed to register regulator: -517
[    0.074117] +5V_USB_HS: Failed to request enable GPIO108: -517
[    0.074121] reg-fixed-voltage regulators:regulator@7: Failed to register regulator: -517
[    0.074149] +5V_USB_SS: Failed to request enable GPIO109: -517
[    0.074153] reg-fixed-voltage regulators:regulator@8: Failed to register regulator: -517
[    0.074230] +1.05V_RUN_AVDD_HDMI_PLL: Failed to request enable GPIO63: -517
[    0.074235] reg-fixed-voltage regulators:regulator@11: Failed to register regulator: -517
[    0.074263] +5V_HDMI_CON: Failed to request enable GPIO86: -517
[    0.074267] reg-fixed-voltage regulators:regulator@12: Failed to register regulator: -517
[    0.075359] vgaarb: loaded
[    0.075660] SCSI subsystem initialized
[    0.075727] libata version 3.00 loaded.
[    0.075831] usbcore: registered new interface driver usbfs
[    0.075856] usbcore: registered new interface driver hub
[    0.075877] usbcore: registered new device driver usb
[    0.077204] pps_core: LinuxPPS API ver. 1 registered
[    0.077207] pps_core: Software ver. 5.3.6 - Copyright 2005-2007 Rodolfo Giometti <giometti@linux.it>
[    0.077216] PTP clock support registered
[    0.077282] EDAC MC: Ver: 3.0.0
[    0.077725] tegra-emc 7001b000.emc: no memory timings for RAM code 0 found in DT
[    0.077734] tegra-emc: probe of 7001b000.emc failed with error -2
[    0.078216] clocksource: Switched to clocksource arch_sys_counter
[    0.081977] NET: Registered protocol family 2
[    0.082174] TCP established hash table entries: 8192 (order: 3, 32768 bytes)
[    0.082207] TCP bind hash table entries: 8192 (order: 4, 65536 bytes)
[    0.082269] TCP: Hash tables configured (established 8192 bind 8192)
[    0.082292] UDP hash table entries: 512 (order: 2, 16384 bytes)
[    0.082307] UDP-Lite hash table entries: 512 (order: 2, 16384 bytes)
[    0.082367] NET: Registered protocol family 1
[    0.082499] RPC: Registered named UNIX socket transport module.
[    0.082502] RPC: Registered udp transport module.
[    0.082505] RPC: Registered tcp transport module.
[    0.082508] RPC: Registered tcp NFSv4.1 backchannel transport module.
[    0.082512] PCI: CLS 0 bytes, default 64
[    0.082965] hw perfevents: enabled with armv7_cortex_a15 PMU driver, 7 counters available
[    0.083505] futex hash table entries: 1024 (order: 4, 65536 bytes)
[    0.083793] workingset: timestamp_bits=30 max_order=19 bucket_order=0
[    0.087526] squashfs: version 4.0 (2009/01/31) Phillip Lougher
[    0.087835] NFS: Registering the id_resolver key type
[    0.087846] Key type id_resolver registered
[    0.087849] Key type id_legacy registered
[    0.087866] ntfs: driver 2.1.32 [Flags: R/O].
[    0.088325] bounce: pool size: 64 pages
[    0.088393] Block layer SCSI generic (bsg) driver version 0.4 loaded (major 248)
[    0.088397] io scheduler noop registered
[    0.088400] io scheduler deadline registered
[    0.088462] io scheduler cfq registered (default)
[    0.090304] tegra-xusb-padctl 7009f000.padctl: failed to setup XUSB ports: -517
[    0.090481] libphy: mdio_driver_register: phy-bcm-ns2-pci
[    0.100269] tegra-apbdma 60020000.dma: Tegra20 APB DMA driver register 32 channels
[    0.100926] tegra-pmc 7000e400.pmc: i2c-thermtrip node not found, emergency thermal reset disabled.
[    0.122441] Serial: 8250/16550 driver, 4 ports, IRQ sharing disabled
[    0.123625] console [ttyS0] disabled
[    0.123642] 70006000.serial: ttyS0 at MMIO 0x70006000 (irq = 331, base_baud = 25500000) is a Tegra
[    0.997050] console [ttyS0] enabled
[    1.000848] SuperH (H)SCI(F) driver initialized
[    1.005724] msm_serial: driver initialized
[    1.009879] STMicroelectronics ASC driver initialized
[    1.016322] [drm] Initialized
[    1.020417] tegra-hdmi 54280000.hdmi: failed to get HDMI regulator
[    1.026957] tegra-dpaux 545c0000.dpaux: failed to get VDD supply: -517
[    1.034183] panel supply power not found, using dummy regulator
[    1.043948] brd: module loaded
[    1.049143] loop: module loaded
[    1.053191] as3722 4-0040: AS3722 with revision 0x1 found
[    1.063295] as3722-sd2: supplied by +5V_SYS
[    1.067706] as3722-sd3: supplied by +5V_SYS
[    1.072070] +1.35V_LP0(sd3): Bringing 0uV into 1350000-1350000uV
[    1.078168] +1.35V_LP0(sd3): ramp_delay not set
[    1.082780] as3722-sd4: supplied by +5V_SYS
[    1.087120] +1.05V_RUN: Bringing 0uV into 1050000-1050000uV
[    1.092786] +1.05V_RUN: ramp_delay not set
[    1.096958] as3722-sd5: supplied by +5V_SYS
[    1.102553] as3722-ldo0: supplied by +1.35V_LP0(sd2)
[    1.108303] +1.8V_RUN_CAM: Bringing 0uV into 1800000-1800000uV
[    1.114228] +1.8V_RUN_CAM: ramp_delay not set
[    1.118672] as3722-ldo2: supplied by +1.8V_VDDIO
[    1.124292] as3722-ldo3: supplied by +3.3V_SYS
[    1.128749] +1.00V_LP0_VDD_RTC: Bringing 1100000uV into 1000000-1000000uV
[    1.135626] +1.00V_LP0_VDD_RTC: ramp_delay not set
[    1.141109] as3722-ldo4: supplied by +3.3V_SYS
[    1.145707] +3.3V_RUN_CAM: Bringing 0uV into 2800000-2800000uV
[    1.151629] +3.3V_RUN_CAM: ramp_delay not set
[    1.156076] as3722-ldo5: supplied by +1.8V_VDDIO
[    1.160844] +1.2V_RUN_CAM_FRONT: Bringing 0uV into 1200000-1200000uV
[    1.167287] +1.2V_RUN_CAM_FRONT: ramp_delay not set
[    1.172406] +VDDIO_SDMMC3: Bringing 0uV into 1800000-1800000uV
[    1.178331] +VDDIO_SDMMC3: ramp_delay not set
[    1.182793] as3722-ldo7: supplied by +1.8V_VDDIO
[    1.187564] +1.05V_RUN_CAM_REAR: Bringing 0uV into 1050000-1050000uV
[    1.194008] +1.05V_RUN_CAM_REAR: ramp_delay not set
[    1.198989] as3722-ldo9: supplied by +5V_SYS
[    1.203554] +2.8V_RUN_TOUCH: Bringing 0uV into 2800000-2800000uV
[    1.209649] +2.8V_RUN_TOUCH: ramp_delay not set
[    1.214286] as3722-ldo10: supplied by +5V_SYS
[    1.218799] +2.8V_RUN_CAM_AF: Bringing 0uV into 2800000-2800000uV
[    1.224982] +2.8V_RUN_CAM_AF: ramp_delay not set
[    1.229856] +1.8V_RUN_VPP_FUSE: Bringing 0uV into 1800000-1800000uV
[    1.236213] +1.8V_RUN_VPP_FUSE: ramp_delay not set
[    1.247536] random: fast init done
[    1.253025] m25p80 spi32765.0: w25q32dw (4096 Kbytes)
[    1.259187] libphy: Fixed MDIO Bus: probed
[    1.263698] CAN device driver interface
[    1.268286] igb: Intel(R) Gigabit Ethernet Network Driver - version 5.4.0-k
[    1.275235] igb: Copyright (c) 2007-2014 Intel Corporation.
[    1.282027] pegasus: v0.9.3 (2013/04/25), Pegasus/Pegasus II USB Ethernet driver
[    1.289434] usbcore: registered new interface driver pegasus
[    1.295103] usbcore: registered new interface driver asix
[    1.300507] usbcore: registered new interface driver ax88179_178a
[    1.306604] usbcore: registered new interface driver cdc_ether
[    1.312447] usbcore: registered new interface driver smsc75xx
[    1.318203] usbcore: registered new interface driver smsc95xx
[    1.323958] usbcore: registered new interface driver net1080
[    1.329621] usbcore: registered new interface driver cdc_subset
[    1.335544] usbcore: registered new interface driver zaurus
[    1.341129] usbcore: registered new interface driver cdc_ncm
[    1.347458] ehci_hcd: USB 2.0 'Enhanced' Host Controller (EHCI) Driver
[    1.353975] ehci-pci: EHCI PCI platform driver
[    1.358426] ehci-platform: EHCI generic platform driver
[    1.363714] ehci-orion: EHCI orion driver
[    1.367758] SPEAr-ehci: EHCI SPEAr driver
[    1.371814] ehci-st: EHCI STMicroelectronics driver
[    1.376734] ehci-exynos: EHCI EXYNOS driver
[    1.380965] ehci-atmel: EHCI Atmel driver
[    1.385017] tegra-ehci: Tegra EHCI driver
[    1.389085] ohci_hcd: USB 1.1 'Open' Host Controller (OHCI) Driver
[    1.395258] ohci-pci: OHCI PCI platform driver
[    1.399710] ohci-platform: OHCI generic platform driver
[    1.404984] ohci-omap3: OHCI OMAP3 driver
[    1.409035] SPEAr-ohci: OHCI SPEAr driver
[    1.413083] ohci-st: OHCI STMicroelectronics driver
[    1.418003] ohci-atmel: OHCI Atmel driver
[    1.422270] usbcore: registered new interface driver usb-storage
[    1.428839] mousedev: PS/2 mouse device common for all mice
[    1.435045] 1-0015 supply vcc not found, using dummy regulator
[    1.442141] as3722-rtc as3722-rtc: rtc core: registered as3722-rtc as rtc0
[    1.449008] as3722-rtc as3722-rtc: RTC interrupt 370
[    1.455935] tegra_rtc 7000e000.rtc: rtc core: registered 7000e000.rtc as rtc1
[    1.463077] tegra_rtc 7000e000.rtc: Tegra internal Real Time Clock
[    1.469435] i2c /dev entries driver
[    1.475343] 0-004c supply vcc not found, using dummy regulator
[    1.485396] sdhci: Secure Digital Host Controller Interface driver
[    1.491571] sdhci: Copyright(c) Pierre Ossman
[    1.496475] Synopsys Designware Multimedia Card Interface Driver
[    1.502872] sdhci-pltfm: SDHCI platform and OF driver helper
[    1.508803] sdhci-tegra 700b0000.sdhci: allocated mmc-pwrseq
[    1.514564] sdhci-tegra 700b0400.sdhci: Got CD GPIO
[    1.519440] sdhci-tegra 700b0400.sdhci: Got WP GPIO
[    1.524429] mmc0: Unknown controller version (3). You may experience problems.
[    1.531667] mmc0: Invalid maximum block size, assuming 512 bytes
[    1.583227] mmc0: SDHCI controller on 700b0600.sdhci [700b0600.sdhci] using ADMA
[    1.591307] ledtrig-cpu: registered to indicate activity on CPUs
[    1.594973] input: Elan Touchpad as /devices/soc0/7000c400.i2c/i2c-1/1-0015/input/input0
[    1.605511] usbcore: registered new interface driver usbhid
[    1.611075] usbhid: USB HID core driver
[    1.616175] NET: Registered protocol family 10
[    1.620957] sit: IPv6, IPv4 and MPLS over IPv4 tunneling driver
[    1.627116] NET: Registered protocol family 17
[    1.631559] can: controller area network core (rev 20120528 abi 9)
[    1.637751] NET: Registered protocol family 29
[    1.642189] can: raw protocol (rev 20120528)
[    1.646451] can: broadcast manager protocol (rev 20160617 t)
[    1.652104] can: netlink gateway (rev 20130117) max_hops=1
[    1.657723] Key type dns_resolver registered
[    1.662221] ThumbEE CPU extension supported.
[    1.666488] Registering SWP/SWPB emulation handler
[    1.678855] +3.3V_RUN: supplied by +3.3V_SYS
[    1.683760] +3.3V_AVDD_HDMI_AP_GATED: supplied by +3.3V_RUN
[    1.689455] +1.8V_RUN_CAM: supplied by +3.3V_RUN
[    1.694182] +VDDIO_SDMMC3: supplied by +3.3V_RUN
[    1.698897] +1.8V_RUN_VPP_FUSE: supplied by +3.3V_RUN
[    1.704155] +VDD_LED: supplied by +VDD_MUX
[    1.708639] +5V_VDD_TS_SW: supplied by +5V_SYS
[    1.713440] +5V_USB_HS: supplied by +5V_SYS
[    1.717797] +5V_USB_SS: supplied by +5V_SYS
[    1.723095] +3.3V_PANEL: supplied by +3.3V_RUN
[    1.728715] +3.3V_LP0: supplied by +3.3V_SYS
[    1.730976] mmc0: new high speed MMC card at address 0001
[    1.731682] mmcblk0: mmc0:0001 MMC16G 14.4 GiB 
[    1.732347] mmcblk0boot0: mmc0:0001 MMC16G partition 1 2.00 MiB
[    1.732820] mmcblk0boot1: mmc0:0001 MMC16G partition 2 2.00 MiB
[    1.733316] mmcblk0rpmb: mmc0:0001 MMC16G partition 3 128 KiB
[    1.743462]  mmcblk0: p1 p2 p3 p4 p5 p6 p7 p8 p9 p10 p11 p12
[    1.767047] +1.05V_RUN_AVDD_HDMI_PLL: supplied by +1.05V_RUN
[    1.773110] +5V_HDMI_CON: supplied by +5V_SYS
[    1.778488] usb3-0 supply vbus not found, using dummy regulator
[    1.784483] usb3-1 supply vbus not found, using dummy regulator
[    1.790536] elan_i2c 1-0015: failed to read report data: -121
[    1.799825] tegra-sor 54540000.sor: failed to probe output: -517
[    1.806363] panel supply power not found, using dummy regulator
[    1.812950] sdhci-tegra 700b0000.sdhci: allocated mmc-pwrseq
[    1.818707] mmc1: Unknown controller version (3). You may experience problems.
[    1.826038] mmc1: Invalid maximum block size, assuming 512 bytes
[    1.832397] mmc1: Switching to 3.3V signalling voltage failed
[    1.873304] mmc1: SDHCI controller on 700b0000.sdhci [700b0000.sdhci] using ADMA
[    1.881445] sdhci-tegra 700b0400.sdhci: Got CD GPIO
[    1.886324] sdhci-tegra 700b0400.sdhci: Got WP GPIO
[    1.891289] mmc2: Unknown controller version (3). You may experience problems.
[    1.898540] mmc2: Invalid maximum block size, assuming 512 bytes
[    1.905335] +VDDIO_SDMMC3: ramp_delay not set
[    1.924475] elan_i2c 1-0015: invalid report id data (ff)
[    1.953439] mmc2: SDHCI controller on 700b0400.sdhci [700b0400.sdhci] using ADMA
[    1.978000] mmc1: new high speed SDIO card at address 0001
[    2.058289] [drm] Supports vblank timestamp caching Rev 2 (21.10.2013).
[    2.064928] [drm] No driver support for vblank timestamp query.
[    2.100900] mmc2: new high speed SDHC card at address 0007
[    2.101493] mmcblk2: mmc2:0007 SD08G 7.42 GiB 
[    2.111695] GPT:Primary header alternate_lba != Alt. header my_lba
[    2.111698] GPT:3014591 != 15564799
[    2.111700] GPT:Primary header thinks Alt. header is not at the end of the disk.
[    2.111701] GPT:3014591 != 15564799
[    2.111702] GPT: Use GNU Parted to correct GPT errors.
[    2.111731]  mmcblk2: p1 p2 p3 p4 p5 p6 p7 p8 p9 p10 p11 p12
[    2.126527] Console: switching to colour frame buffer device 170x48
[    2.177855] drm drm: fb0:  frame buffer device
[    2.198297] [drm] Initialized tegra 0.0.0 20120330 on minor 0
[    2.205217] input: gpio-keys as /devices/soc0/gpio-keys/input/input1
[    2.213027] as3722-rtc as3722-rtc: setting system clock to 2000-01-01 20:57:16 UTC (946760236)
[    2.222159] +1.8V_RUN_CAM: disabling
[    2.225961] +3.3V_RUN_CAM: disabling
[    2.229798] +1.2V_RUN_CAM_FRONT: disabling
[    2.234132] +1.05V_RUN_CAM_REAR: disabling
[    2.238502] +2.8V_RUN_TOUCH: disabling
[    2.242408] +2.8V_RUN_CAM_AF: disabling
[    2.246435] +1.8V_RUN_VPP_FUSE: disabling
[    2.250684] +5V_VDD_TS_SW: disabling
[    2.254286] +5V_USB_HS: disabling
[    2.257591] +5V_USB_SS: disabling
[    2.261821] EXT4-fs (mmcblk0p3): couldn't mount as ext3 due to feature incompatibilities
[    2.270486] EXT4-fs (mmcblk0p3): couldn't mount as ext2 due to feature incompatibilities
[    2.588738] EXT4-fs (mmcblk0p3): recovery complete
[    2.594280] EXT4-fs (mmcblk0p3): mounted filesystem with ordered data mode. Opts: (null)
[    2.602407] VFS: Mounted root (ext4 filesystem) on device 179:3.
[    2.609109] devtmpfs: mounted
[    2.612775] Freeing unused kernel memory: 2048K (c1100000 - c1300000)
bash: cannot set terminal process group (-1): Inappropriate ioctl for device
bash: no job control in this shell
root@(none):/# mount -t sysfs none /sys
root@(none):/# 
root@(none):/# mount -t debugfs none /sys/kernel/debug
root@(none):/# 
root@(none):/# rtcwake -d rtc1 -m mem -s 3
rtcwake: assuming RTC uses UTC ...
rtcwake: wakeup from "mem" using /dev/rtc1 at Thu Jan  1 00:00:28 1970
[    5.776859] PM: Syncing filesystems ... [    5.781441] done.
[    5.788016] Freezing user space processes ... (elapsed 0.001 seconds) done.
[    5.796192] Freezing remaining freezable tasks ... (elapsed 0.001 seconds) done.
[    5.804846] Suspending console(s) (use no_console_suspend to debug)
[    5.859801] PM: suspend of devices complete after 48.148 msecs
[    5.860819] PM: late suspend of devices complete after 1.011 msecs
[    5.861490] PM: noirq suspend of devices complete after 0.666 msecs
[    5.861492] Disabling non-boot CPUs ...
[    5.861887] CPU1: shutdown
[    5.884498] CPU2: shutdown
[    5.914140] IRQ17 no longer affine to CPU3
[    5.914316] CPU3: shutdown
[    5.938753] Entering suspend state LP1
[    5.938753] Suspended for 3.084 seconds
[    5.938763] Enabling non-boot CPUs ...
[    5.953828] CPU1 is up
[    5.973836] CPU2 is up
[    5.993947] CPU3 is up
[    5.994462] PM: noirq resume of devices complete after 0.511 msecs
[    5.995640] PM: early resume of devices complete after 0.877 msecs
[    6.147508] mmc1: Switching to 3.3V signalling voltage failed
[    6.403298] tegra-sor 54540000.sor: failed to attach SOR: -110
[    6.418482] PM: resume of devices complete after 422.836 msecs
[    6.502036] Restarting tasks ... done.
root@(none):/# 
root@(none):/# 