
U-Boot SPL 2014.01-00219-gc4d376f (Feb 18 2014 - 19:57:18)


U-Boot 2014.01-00219-gc4d376f (Feb 18 2014 - 19:57:18)

TEGRA30
Board: NVIDIA Beaver
I2C:   ready
DRAM:  2 GiB
MMC:   Tegra SD/MMC: 0, Tegra SD/MMC: 1
In:    serial
Out:   serial
Err:   serial
Net:   Net Initialization Skipped
No ethernet found.
Hit any key to stop autoboot:  2  0 
Tegra30 (Beaver) # 
Tegra30 (Beaver) # usb reset
(Re)start USB...
USB0:   USB EHCI 1.00
scanning bus 0 for devices... 2 USB Device(s) found
       scanning usb for storage devices... 0 Storage Device(s) found
       scanning usb for ethernet devices... 
Warning: asx0 using MAC address from net device
1 Ethernet Device(s) found
Tegra30 (Beaver) # setenv bootargs 'ignore_loglevel console=ttyS0,115200n8 rw root=PARTUUID=edbe1840-3633-c751-7993-b0ac834f81e0 rootwait gpt debug noinitrd earlyprintk init=/bin/bash'
Tegra30 (Beaver) # setenv ipaddr 192.168.100.101; setenv serverip 192.168.100.1; setenv tftpserverip 192.168.100.1
Tegra30 (Beaver) # tftpboot 0x81000000 zImage.multi_v7_defconfig
Using asx0 device
TFTP from server 192.168.100.1; our IP address is 192.168.100.101
Filename 'zImage.multi_v7_defconfig'.
Load address: 0x81000000
Loading: *#################################################################
	 #################################################################
	 #################################################################
	 #################################################################
	 #################################################################
	 #################################################################
	 #################################################################
	 ##################################################
	 3.3 MiB/s
done
Bytes transferred = 7403096 (70f658 hex)
Tegra30 (Beaver) # tftpboot 0x82000000 tegra30-beaver.dtb
Using asx0 device
TFTP from server 192.168.100.1; our IP address is 192.168.100.101
Filename 'tegra30-beaver.dtb'.
Load address: 0x82000000
Loading: *####
	 3.1 MiB/s
done
Bytes transferred = 51804 (ca5c hex)
Tegra30 (Beaver) # bootz 0x81000000 - 0x82000000
Kernel image @ 0x81000000 [ 0x000000 - 0x70f658 ]
## Flattened Device Tree blob at 82000000
   Booting using the fdt blob at 0x82000000
   Loading Device Tree to 8fff0000, end 8ffffa5b ... OK

Starting kernel ...

[    0.000000] Booting Linux on physical CPU 0x0
[    0.000000] Linux version 4.10.0-rc1-141325-g7ce7d89 (pwalmsley@sellafield) (gcc version 4.7.3 20130328 (prerelease) (crosstool-NG linaro-1.13.1-4.7-2013.04-20130415 - Linaro GCC 2013.04) ) #1 SMP Sun Dec 25 16:40:13 PST 2016
[    0.000000] CPU: ARMv7 Processor [412fc099] revision 9 (ARMv7), cr=10c5387d
[    0.000000] CPU: PIPT / VIPT nonaliasing data cache, VIPT aliasing instruction cache
[    0.000000] OF: fdt:Machine model: NVIDIA Tegra30 Beaver evaluation board
[    0.000000] debug: ignoring loglevel setting.
[    0.000000] efi: Getting EFI parameters from FDT:
[    0.000000] efi: UEFI not found.
[    0.000000] cma: Reserved 64 MiB at 0xfb800000
[    0.000000] Memory policy: Data cache writealloc
[    0.000000] On node 0 totalpages: 524032
[    0.000000] free_area_init_node: node 0, pgdat c142b0c0, node_mem_map eeff8000
[    0.000000]   DMA zone: 1536 pages used for memmap
[    0.000000]   DMA zone: 0 pages reserved
[    0.000000]   DMA zone: 196608 pages, LIFO batch:31
[    0.000000]   HighMem zone: 327424 pages, LIFO batch:31
[    0.000000] percpu: Embedded 14 pages/cpu @eef94000 s26688 r8192 d22464 u57344
[    0.000000] pcpu-alloc: s26688 r8192 d22464 u57344 alloc=14*4096
[    0.000000] pcpu-alloc: [0] 0 [0] 1 [0] 2 [0] 3 
[    0.000000] Built 1 zonelists in Zone order, mobility grouping on.  Total pages: 522496
[    0.000000] Kernel command line: ignore_loglevel console=ttyS0,115200n8 rw root=PARTUUID=edbe1840-3633-c751-7993-b0ac834f81e0 rootwait gpt debug noinitrd earlyprintk init=/bin/bash
[    0.000000] PID hash table entries: 4096 (order: 2, 16384 bytes)
[    0.000000] Dentry cache hash table entries: 131072 (order: 7, 524288 bytes)
[    0.000000] Inode-cache hash table entries: 65536 (order: 6, 262144 bytes)
[    0.000000] Memory: 1994864K/2096128K available (9216K kernel code, 1202K rwdata, 4140K rodata, 2048K init, 472K bss, 35728K reserved, 65536K cma-reserved, 1244160K highmem)
[    0.000000] Virtual kernel memory layout:
[    0.000000]     vector  : 0xffff0000 - 0xffff1000   (   4 kB)
[    0.000000]     fixmap  : 0xffc00000 - 0xfff00000   (3072 kB)
[    0.000000]     vmalloc : 0xf0800000 - 0xff800000   ( 240 MB)
[    0.000000]     lowmem  : 0xc0000000 - 0xf0000000   ( 768 MB)
[    0.000000]     pkmap   : 0xbfe00000 - 0xc0000000   (   2 MB)
[    0.000000]     modules : 0xbf000000 - 0xbfe00000   (  14 MB)
[    0.000000]       .text : 0xc0208000 - 0xc0c00000   (10208 kB)
[    0.000000]       .init : 0xc1100000 - 0xc1300000   (2048 kB)
[    0.000000]       .data : 0xc1300000 - 0xc142cbc0   (1203 kB)
[    0.000000]        .bss : 0xc142e000 - 0xc14a41d0   ( 473 kB)
[    0.000000] SLUB: HWalign=64, Order=0-3, MinObjects=0, CPUs=4, Nodes=1
[    0.000000] Hierarchical RCU implementation.
[    0.000000] 	Build-time adjustment of leaf fanout to 32.
[    0.000000] 	RCU restricting CPUs from NR_CPUS=16 to nr_cpu_ids=4.
[    0.000000] RCU: Adjusting geometry for rcu_fanout_leaf=32, nr_cpu_ids=4
[    0.000000] NR_IRQS:16 nr_irqs:16 16
[    0.000000] /interrupt-controller@60004000: 160 interrupts forwarded to /interrupt-controller@50041000
[    0.000000] L2C: platform modifies aux control register: 0x02080000 -> 0x3e480001
[    0.000000] L2C: DT/platform modifies aux control register: 0x02080000 -> 0x3e480001
[    0.000000] L2C-310 erratum 769419 enabled
[    0.000000] L2C-310 enabling early BRESP for Cortex-A9
[    0.000000] L2C-310: enabling full line of zeros but not enabled in Cortex-A9
[    0.000000] L2C-310 dynamic clock gating enabled, standby mode enabled
[    0.000000] L2C-310 cache controller enabled, 8 ways, 1024 kB
[    0.000000] L2C-310: CACHE_ID 0x410000c7, AUX_CTRL 0x4e480001
[    0.000014] sched_clock: 32 bits at 1000kHz, resolution 1000ns, wraps every 2147483647500ns
[    0.000031] clocksource: timer_us: mask: 0xffffffff max_cycles: 0xffffffff, max_idle_ns: 1911260446275 ns
[    0.000040] Switching to timer-based delay loop, resolution 1000ns
[    0.002616] Console: colour dummy device 80x30
[    0.002642] Calibrating delay loop (skipped), value calculated using timer frequency.. 2.00 BogoMIPS (lpj=5000)
[    0.002652] pid_max: default: 32768 minimum: 301
[    0.002726] Mount-cache hash table entries: 2048 (order: 1, 8192 bytes)
[    0.002733] Mountpoint-cache hash table entries: 2048 (order: 1, 8192 bytes)
[    0.003162] CPU: Testing write buffer coherency: ok
[    0.003472] CPU0: thread -1, cpu 0, socket 0, mpidr 80000000
[    0.003646] Setting up static identity map for 0x80300000 - 0x80300098
[    0.006158] Tegra Revision: A03 SKU: 128 CPU Process: 4 SoC Process: 0
[    0.006636] EFI services will not be available.
[    0.006786] smp: Bringing up secondary CPUs ...
[    0.010353] CPU1: thread -1, cpu 1, socket 0, mpidr 80000001
[    0.015328] CPU2: thread -1, cpu 2, socket 0, mpidr 80000002
[    0.020327] CPU3: thread -1, cpu 3, socket 0, mpidr 80000003
[    0.020368] smp: Brought up 1 node, 4 CPUs
[    0.020381] SMP: Total of 4 processors activated (8.00 BogoMIPS).
[    0.020386] CPU: All CPU(s) started in SVC mode.
[    0.021052] devtmpfs: initialized
[    0.030044] VFP support v0.3: implementor 41 architecture 3 part 30 variant 9 rev 4
[    0.030481] clocksource: jiffies: mask: 0xffffffff max_cycles: 0xffffffff, max_idle_ns: 9556302231375000 ns
[    0.033708] pinctrl core: initialized pinctrl subsystem
[    0.035430] NET: Registered protocol family 16
[    0.037545] DMA: preallocated 256 KiB pool for atomic coherent allocations
[    0.054914] cpuidle: using governor menu
[    0.069324] No ATAGs?
[    0.069339] hw-breakpoint: found 5 (+1 reserved) breakpoint and 1 watchpoint registers.
[    0.069351] hw-breakpoint: maximum watchpoint size is 4 bytes.
[    0.073226] Serial: AMBA PL011 UART driver
[    0.073676] tegra-mc 7000f000.memory-controller: no memory timings for RAM code 3 registered
[    0.092987] vdd_5v_sata: Failed to request enable GPIO30: -517
[    0.093000] reg-fixed-voltage regulators:regulator@3: Failed to register regulator: -517
[    0.093044] usb1_vbus: Failed to request enable GPIO238: -517
[    0.093051] reg-fixed-voltage regulators:regulator@4: Failed to register regulator: -517
[    0.093092] usb3_vbus: Failed to request enable GPIO236: -517
[    0.093099] reg-fixed-voltage regulators:regulator@5: Failed to register regulator: -517
[    0.093186] sys_3v3_pexs: Failed to request enable GPIO95: -517
[    0.093193] reg-fixed-voltage regulators:regulator@7: Failed to register regulator: -517
[    0.095134] vgaarb: loaded
[    0.095617] SCSI subsystem initialized
[    0.095746] libata version 3.00 loaded.
[    0.095903] usbcore: registered new interface driver usbfs
[    0.095944] usbcore: registered new interface driver hub
[    0.095977] usbcore: registered new device driver usb
[    0.103136] vrtc: supplied by vdd_5v_in
[    0.106430] vio: supplied by vdd_5v_in
[    0.111820] vdd1: supplied by vdd_5v_in
[    0.113177] vddio_ddr_1v2: Bringing 600000uV into 1200000-1200000uV
[    0.116827] vdd2: supplied by vdd_5v_in
[    0.126812] ldo1: supplied by vdd_1v5_gen
[    0.129192] ldo2: supplied by vdd_1v5_gen
[    0.129661] vdd_sata,avdd_plle: Bringing 1200000uV into 1050000-1050000uV
[    0.131884] ldo3: supplied by vdd_5v_in
[    0.134237] ldo4: supplied by vdd_5v_in
[    0.136809] ldo5: supplied by vdd_5v_in
[    0.141803] ldo6: supplied by vdd_1v8_gen
[    0.142274] avdd_dsi_csi,pwrdet_mipi: Bringing 1000000uV into 1200000-1200000uV
[    0.144521] ldo7: supplied by vdd_1v8_gen
[    0.151809] ldo8: supplied by vdd_1v8_gen
[    0.156886] pps_core: LinuxPPS API ver. 1 registered
[    0.156892] pps_core: Software ver. 5.3.6 - Copyright 2005-2007 Rodolfo Giometti <giometti@linux.it>
[    0.156905] PTP clock support registered
[    0.157044] EDAC MC: Ver: 3.0.0
[    0.158578] clocksource: Switched to clocksource timer_us
[    0.164474] NET: Registered protocol family 2
[    0.164877] TCP established hash table entries: 8192 (order: 3, 32768 bytes)
[    0.164931] TCP bind hash table entries: 8192 (order: 4, 65536 bytes)
[    0.165013] TCP: Hash tables configured (established 8192 bind 8192)
[    0.165093] UDP hash table entries: 512 (order: 2, 16384 bytes)
[    0.165151] UDP-Lite hash table entries: 512 (order: 2, 16384 bytes)
[    0.165329] NET: Registered protocol family 1
[    0.165612] RPC: Registered named UNIX socket transport module.
[    0.165620] RPC: Registered udp transport module.
[    0.165624] RPC: Registered tcp transport module.
[    0.165627] RPC: Registered tcp NFSv4.1 backchannel transport module.
[    0.165635] PCI: CLS 0 bytes, default 64
[    0.166391] hw perfevents: enabled with armv7_cortex_a9 PMU driver, 7 counters available
[    0.167286] futex hash table entries: 1024 (order: 4, 65536 bytes)
[    0.167772] workingset: timestamp_bits=30 max_order=19 bucket_order=0
[    0.172975] squashfs: version 4.0 (2009/01/31) Phillip Lougher
[    0.173408] NFS: Registering the id_resolver key type
[    0.173433] Key type id_resolver registered
[    0.173438] Key type id_legacy registered
[    0.173468] ntfs: driver 2.1.32 [Flags: R/O].
[    0.174535] bounce: pool size: 64 pages
[    0.174658] Block layer SCSI generic (bsg) driver version 0.4 loaded (major 248)
[    0.174666] io scheduler noop registered
[    0.174670] io scheduler deadline registered
[    0.174762] io scheduler cfq registered (default)
[    0.180282] tegra30-pinctrl 70000868.pinmux: invalid group "sdmmc3_dat6_pd3" for function "rsvd1"
[    0.180296] tegra30-pinctrl 70000868.pinmux: invalid group "sdmmc3_dat7_pd4" for function "rsvd1"
[    0.180310] tegra30-pinctrl 70000868.pinmux: invalid group "vi_vsync_pd6" for function "rsvd1"
[    0.180319] tegra30-pinctrl 70000868.pinmux: invalid group "vi_hsync_pd7" for function "rsvd1"
[    0.180765] tegra30-pinctrl 70000868.pinmux: invalid group "hdmi_int_pn7" for function "rsvd1"
[    0.180809] tegra30-pinctrl 70000868.pinmux: invalid group "ulpi_data3_po4" for function "rsvd1"
[    0.181127] tegra30-pinctrl 70000868.pinmux: invalid group "vi_d10_pt2" for function "rsvd1"
[    0.181139] tegra30-pinctrl 70000868.pinmux: invalid group "vi_d11_pt3" for function "rsvd1"
[    0.181151] tegra30-pinctrl 70000868.pinmux: invalid group "vi_d0_pt4" for function "rsvd1"
[    0.181191] tegra30-pinctrl 70000868.pinmux: invalid group "pu0" for function "rsvd1"
[    0.181220] tegra30-pinctrl 70000868.pinmux: invalid group "pu3" for function "rsvd1"
[    0.181255] tegra30-pinctrl 70000868.pinmux: invalid group "pu6" for function "rsvd1"
[    0.181295] tegra30-pinctrl 70000868.pinmux: invalid group "pv3" for function "rsvd1"
[    0.181771] tegra30-pinctrl 70000868.pinmux: invalid group "pbb0" for function "rsvd1"
[    0.181881] tegra30-pinctrl 70000868.pinmux: invalid group "pcc1" for function "rsvd1"
[    0.186942] tegra-pcie 3000.pcie-controller: 2x3 configuration
[    0.187093] tegra-pcie 3000.pcie-controller: Failed to get supply 'hvdd-pex': -517
[    0.192524] tegra-apbdma 6000a000.dma: Tegra20 APB DMA driver register 32 channels
[    0.193671] tegra-pmc 7000e400.pmc: i2c-thermtrip node not found, emergency thermal reset disabled.
[    0.228648] Serial: 8250/16550 driver, 4 ports, IRQ sharing disabled
[    0.230756] console [ttyS0] disabled
[    0.230792] 70006000.serial: ttyS0 at MMIO 0x70006000 (irq = 331, base_baud = 25500000) is a Tegra
[    1.230889] console [ttyS0] enabled
[    1.234871] SuperH (H)SCI(F) driver initialized
[    1.239964] msm_serial: driver initialized
[    1.244165] STMicroelectronics ASC driver initialized
[    1.251319] [drm] Initialized
[    1.256261] tegra-hdmi 54280000.hdmi: failed to get HDMI regulator
[    1.270786] brd: module loaded
[    1.277924] loop: module loaded
[    1.286213] m25p80 spi32766.1: w25q32 (4096 Kbytes)
[    1.292884] libphy: Fixed MDIO Bus: probed
[    1.297599] CAN device driver interface
[    1.302004] bgmac_bcma: Broadcom 47xx GBit MAC driver loaded
[    1.308388] e1000e: Intel(R) PRO/1000 Network Driver - 3.2.6-k
[    1.314213] e1000e: Copyright(c) 1999 - 2015 Intel Corporation.
[    1.320170] igb: Intel(R) Gigabit Ethernet Network Driver - version 5.4.0-k
[    1.327120] igb: Copyright (c) 2007-2014 Intel Corporation.
[    1.334616] pegasus: v0.9.3 (2013/04/25), Pegasus/Pegasus II USB Ethernet driver
[    1.342056] usbcore: registered new interface driver pegasus
[    1.347739] usbcore: registered new interface driver asix
[    1.353154] usbcore: registered new interface driver ax88179_178a
[    1.359263] usbcore: registered new interface driver cdc_ether
[    1.365124] usbcore: registered new interface driver smsc75xx
[    1.370894] usbcore: registered new interface driver smsc95xx
[    1.376653] usbcore: registered new interface driver net1080
[    1.382327] usbcore: registered new interface driver cdc_subset
[    1.388258] usbcore: registered new interface driver zaurus
[    1.393857] usbcore: registered new interface driver cdc_ncm
[    1.400864] ehci_hcd: USB 2.0 'Enhanced' Host Controller (EHCI) Driver
[    1.407387] ehci-pci: EHCI PCI platform driver
[    1.411853] ehci-platform: EHCI generic platform driver
[    1.417210] ehci-orion: EHCI orion driver
[    1.421296] SPEAr-ehci: EHCI SPEAr driver
[    1.425376] ehci-st: EHCI STMicroelectronics driver
[    1.430325] ehci-exynos: EHCI EXYNOS driver
[    1.434590] ehci-atmel: EHCI Atmel driver
[    1.438672] tegra-ehci: Tegra EHCI driver
[    1.442952] ohci_hcd: USB 1.1 'Open' Host Controller (OHCI) Driver
[    1.449138] ohci-pci: OHCI PCI platform driver
[    1.453607] ohci-platform: OHCI generic platform driver
[    1.458925] ohci-omap3: OHCI OMAP3 driver
[    1.462995] SPEAr-ohci: OHCI SPEAr driver
[    1.467077] ohci-st: OHCI STMicroelectronics driver
[    1.472025] ohci-atmel: OHCI Atmel driver
[    1.476469] usbcore: registered new interface driver usb-storage
[    1.483390] mousedev: PS/2 mouse device common for all mice
[    1.490677] tegra_rtc 7000e000.rtc: rtc core: registered 7000e000.rtc as rtc1
[    1.497852] tegra_rtc 7000e000.rtc: Tegra internal Real Time Clock
[    1.506700] random: fast init done
[    1.519998] tps65910-rtc tps65910-rtc: rtc core: registered tps65910-rtc as rtc0
[    1.527589] i2c /dev entries driver
[    1.538458] sdhci: Secure Digital Host Controller Interface driver
[    1.544646] sdhci: Copyright(c) Pierre Ossman
[    1.549881] Synopsys Designware Multimedia Card Interface Driver
[    1.556505] sdhci-pltfm: SDHCI platform and OF driver helper
[    1.562652] sdhci-tegra 78000000.sdhci: Got CD GPIO
[    1.567540] sdhci-tegra 78000000.sdhci: Got WP GPIO
[    1.573684] mmc0: Invalid maximum block size, assuming 512 bytes
[    1.623665] mmc0: SDHCI controller on 78000000.sdhci [78000000.sdhci] using ADMA
[    1.632258] mmc1: Invalid maximum block size, assuming 512 bytes
[    1.678588] mmc1: SDHCI controller on 78000600.sdhci [78000600.sdhci] using ADMA
[    1.687176] ledtrig-cpu: registered to indicate activity on CPUs
[    1.693384] usbcore: registered new interface driver usbhid
[    1.698954] usbhid: USB HID core driver
[    1.705104] NET: Registered protocol family 10
[    1.710225] Segment Routing with IPv6
[    1.713938] sit: IPv6, IPv4 and MPLS over IPv4 tunneling driver
[    1.720286] NET: Registered protocol family 17
[    1.724741] can: controller area network core (rev 20120528 abi 9)
[    1.730957] NET: Registered protocol family 29
[    1.735397] can: raw protocol (rev 20120528)
[    1.739664] can: broadcast manager protocol (rev 20161123 t)
[    1.745319] can: netlink gateway (rev 20130117) max_hops=1
[    1.751084] Key type dns_resolver registered
[    1.755736] ThumbEE CPU extension supported.
[    1.760010] Registering SWP/SWPB emulation handler
[    1.803058] vdd_ddr: supplied by vdd_5v_in
[    1.808819] vdd_5v_sata: supplied by vdd_5v_in
[    1.813580] usb1_vbus: supplied by vdd_5v_in
[    1.818134] usb3_vbus: supplied by vdd_5v_in
[    1.825233] sys_3v3,vdd_3v3_alw: supplied by vdd_5v_in
[    1.831757] +VDD_5V_HDMI: supplied by sys_3v3,vdd_3v3_alw
[    1.837380] sys_3v3_pexs: supplied by sys_3v3,vdd_3v3_alw
[    1.843463] tegra-pcie 3000.pcie-controller: 2x3 configuration
[    1.852935] tegra-pcie 3000.pcie-controller: probing port 0, using 2 lanes
[    1.861838] mmc1: new high speed MMC card at address 0001
[    1.868912] mmcblk1: mmc1:0001 SEM16G 14.8 GiB 
[    1.873535] mmc0: new ultra high speed DDR50 SDHC card at address aaaa
[    1.880697] mmcblk1boot0: mmc1:0001 SEM16G partition 1 1.00 MiB
[    1.887514] mmcblk0: mmc0:aaaa SS04G 3.69 GiB 
[    1.892161] mmcblk1boot1: mmc1:0001 SEM16G partition 2 1.00 MiB
[    1.899168] mmcblk1rpmb: mmc1:0001 SEM16G partition 3 128 KiB
[    1.908302] Primary GPT is invalid, using alternate GPT.
[    1.913634]  mmcblk1: p1 p2 p3 p4 p5
[    1.920611] tegra-pcie 3000.pcie-controller: probing port 2, using 2 lanes
[    1.929769]  mmcblk0: p1 p2 p3
[    2.332345] tegra-pcie 3000.pcie-controller: link 2 down, retrying
[    2.742393] tegra-pcie 3000.pcie-controller: link 2 down, retrying
[    3.152439] tegra-pcie 3000.pcie-controller: link 2 down, retrying
[    3.160625] tegra-pcie 3000.pcie-controller: link 2 down, ignoring
[    3.166920] tegra-pcie 3000.pcie-controller: PCI host bridge to bus 0000:00
[    3.173879] pci_bus 0000:00: root bus resource [io  0x0000-0xffff]
[    3.180051] pci_bus 0000:00: root bus resource [mem 0x20000000-0x27ffffff]
[    3.186920] pci_bus 0000:00: root bus resource [mem 0x28000000-0x3fffffff pref]
[    3.194220] pci_bus 0000:00: root bus resource [bus 00-ff]
[    3.199724] pci 0000:00:01.0: [10de:0e1c] type 01 class 0x060400
[    3.205774] pci_bus 0000:00: 2-byte config write to 0000:00:01.0 offset 0x52 may corrupt adjacent RW1C bits
[    3.215517] pci 0000:00:01.0: PME# supported from D0 D1 D2 D3hot D3cold
[    3.222124] pci_bus 0000:00: 2-byte config write to 0000:00:01.0 offset 0x4c may corrupt adjacent RW1C bits
[    3.232007] pci_bus 0000:00: 2-byte config write to 0000:00:01.0 offset 0x3e may corrupt adjacent RW1C bits
[    3.241740] pci_bus 0000:00: 2-byte config write to 0000:00:01.0 offset 0x4 may corrupt adjacent RW1C bits
[    3.251380] pci_bus 0000:00: 1-byte config write to 0000:00:01.0 offset 0xc may corrupt adjacent RW1C bits
[    3.261017] PCI: bus0: Fast back to back transfers disabled
[    3.266583] pci 0000:00:01.0: bridge configuration invalid ([bus 00-00]), reconfiguring
[    3.274576] pci_bus 0000:00: 2-byte config write to 0000:00:01.0 offset 0x3e may corrupt adjacent RW1C bits
[    3.284304] pci_bus 0000:00: 2-byte config write to 0000:00:01.0 offset 0x3e may corrupt adjacent RW1C bits
[    3.294031] pci_bus 0000:00: 2-byte config write to 0000:00:01.0 offset 0x3e may corrupt adjacent RW1C bits
[    3.303757] pci_bus 0000:00: 2-byte config write to 0000:00:01.0 offset 0x6 may corrupt adjacent RW1C bits
[    3.313490] pci 0000:01:00.0: [10ec:8168] type 00 class 0x020000
[    3.319507] pci 0000:01:00.0: reg 0x10: [io  0x0000-0x00ff]
[    3.325088] pci 0000:01:00.0: reg 0x18: [mem 0x00000000-0x00000fff 64bit pref]
[    3.332309] pci 0000:01:00.0: reg 0x20: [mem 0x00000000-0x00003fff 64bit pref]
[    3.339556] pci_bus 0000:01: 2-byte config write to 0000:01:00.0 offset 0x52 may corrupt adjacent RW1C bits
[    3.349323] pci 0000:01:00.0: supports D1 D2
[    3.353587] pci 0000:01:00.0: PME# supported from D0 D1 D2 D3hot D3cold
[    3.373603] PCI: bus1: Fast back to back transfers disabled
[    3.379174] pci_bus 0000:01: busn_res: [bus 01-ff] end is updated to 01
[    3.385845] pci 0000:00:01.0: BAR 9: assigned [mem 0x28000000-0x280fffff 64bit pref]
[    3.393580] pci 0000:00:01.0: BAR 7: assigned [io  0x1000-0x1fff]
[    3.399670] pci 0000:01:00.0: BAR 4: assigned [mem 0x28000000-0x28003fff 64bit pref]
[    3.407413] pci 0000:01:00.0: BAR 2: assigned [mem 0x28004000-0x28004fff 64bit pref]
[    3.415155] pci 0000:01:00.0: BAR 0: assigned [io  0x1000-0x10ff]
[    3.421244] pci 0000:00:01.0: PCI bridge to [bus 01]
[    3.426203] pci 0000:00:01.0:   bridge window [io  0x1000-0x1fff]
[    3.432290] pci 0000:00:01.0:   bridge window [mem 0x28000000-0x280fffff 64bit pref]
[    3.440038] pci 0000:00:01.0: nv_msi_ht_cap_quirk didn't locate host bridge
[    3.447050] pcieport 0000:00:01.0: enabling device (0140 -> 0143)
[    3.453339] pcieport 0000:00:01.0: Signaling PME with IRQ 374
[    3.459277] r8169 Gigabit Ethernet driver 2.3LK-NAPI loaded
[    3.464863] r8169 0000:01:00.0: enabling device (0140 -> 0143)
[    3.471648] r8169 0000:01:00.0 eth0: RTL8168evl/8111evl at 0xf0afe000, 02:04:4b:01:60:a6, XID 0c900800 IRQ 375
[    3.481647] r8169 0000:01:00.0 eth0: jumbo features [frames: 9200 bytes, tx checksumming: ko]
[    3.493625] [drm] Supports vblank timestamp caching Rev 2 (21.10.2013).
[    3.500242] [drm] No driver support for vblank timestamp query.
[    3.506187] [drm] Cannot find any crtc or sizes - going 1024x768
[    3.533328] Console: switching to colour frame buffer device 128x48
[    3.546263] drm drm: fb0:  frame buffer device
[    3.564378] [drm] Initialized tegra 0.0.0 20120330 on minor 0
[    3.575588] utmi_phy_clk_enable: timeout waiting for phy to stabilize
[    3.582061] tegra-ehci 7d004000.usb: EHCI Host Controller
[    3.587473] tegra-ehci 7d004000.usb: new USB bus registered, assigned bus number 1
[    3.595301] tegra-ehci 7d004000.usb: irq 343, io mem 0x7d004000
[    3.613977] tegra-ehci 7d004000.usb: USB 2.0 started, EHCI 1.00
[    3.621271] hub 1-0:1.0: USB hub found
[    3.625044] hub 1-0:1.0: 1 port detected
[    3.630132] tegra-ehci 7d008000.usb: EHCI Host Controller
[    3.635546] tegra-ehci 7d008000.usb: new USB bus registered, assigned bus number 2
[    3.643296] tegra-ehci 7d008000.usb: irq 344, io mem 0x7d008000
[    3.663973] tegra-ehci 7d008000.usb: USB 2.0 started, EHCI 1.00
[    3.671134] hub 2-0:1.0: USB hub found
[    3.674901] hub 2-0:1.0: 1 port detected
[    3.685231] tps65910-rtc tps65910-rtc: setting system clock to 2000-01-01 00:00:02 UTC (946684802)
[    3.694860] vdd_sata,avdd_plle: disabling
[    3.699618] usb1_vbus: disabling
[    3.704355] EXT4-fs (mmcblk1p1): mounting ext3 file system using the ext4 subsystem
[    3.720506] EXT4-fs (mmcblk1p1): warning: mounting fs with errors, running e2fsck is recommended
[    3.730742] EXT4-fs (mmcblk1p1): recovery complete
[    3.735546] EXT4-fs (mmcblk1p1): mounted filesystem with ordered data mode. Opts: (null)
[    3.743657] VFS: Mounted root (ext3 filesystem) on device 179:1.
[    3.753823] devtmpfs: mounted
[    3.759297] Freeing unused kernel memory: 2048K
bash: cannot set terminal process group (-1): Inappropriate ioctl for device
bash: no job control in this shell
root@(none):/# mount -t sysfs none /sys
root@(none):/# 
root@(none):/# [    4.615965] asix 2-1:1.0 eth1: register 'asix' at usb-7d008000.usb-1, ASIX AX88772 USB 2.0 Ethernet, 00:50:b6:0f:67:60
mount -t debugfs none /sys/kernel/debug
root@(none):/# 
root@(none):/# rtcwake -d rtc1 -m mem -s 3
rtcwake: wakeup from "mem" using /dev/rtc1 at Thu Jan  1 00:00:21 1970
[    6.476432] PM: Syncing filesystems ... done.
[    6.489844] Freezing user space processes ... (elapsed 0.001 seconds) done.
[    6.497942] Freezing remaining freezable tasks ... (elapsed 0.001 seconds) done.
[    6.506565] Suspending console(s) (use no_console_suspend to debug)
[    6.557582] PM: suspend of devices complete after 43.893 msecs
[    6.558541] PM: late suspend of devices complete after 0.952 msecs
[    6.579313] PM: noirq suspend of devices complete after 20.765 msecs
[    6.579317] Disabling non-boot CPUs ...
[    6.579712] IRQ17 no longer affine to CPU1
[    6.580034] CPU1: shutdown
[    6.620215] CPU2: shutdown
[    6.649719] CPU3: shutdown
[    6.669276] Entering suspend state LP1
[    6.669276] Suspended for 3.215 seconds
[    6.669288] Enabling non-boot CPUs ...
[    6.684668] IRQ17 no longer affine to CPU1
[    6.684877] CPU1: shutdown
[    6.698998] Error taking CPU1 up: -2
[    6.714738] CPU2: shutdown
[    6.728986] Error taking CPU2 up: -2
[    6.744716] CPU3: shutdown
[    6.758983] Error taking CPU3 up: -2
[    6.759611] pcieport 0000:00:01.0: nv_msi_ht_cap_quirk didn't locate host bridge
[    6.778656] PM: noirq resume of devices complete after 19.665 msecs
[    6.779651] PM: early resume of devices complete after 0.633 msecs
[    7.312696] PM: resume of devices complete after 533.036 msecs
[    7.407758] Restarting tasks ... done.
root@(none):/# 
root@(none):/# rtcwake -d rtc1 -m mem -s 3
rtcwake: wakeup from "mem" using /dev/rtc1 at Thu Jan  1 00:00:26 1970
[    8.344373] PM: Syncing filesystems ... done.
[    8.355476] Freezing user space processes ... (elapsed 0.001 seconds) done.
[    8.363573] Freezing remaining freezable tasks ... (elapsed 0.001 seconds) done.
[    8.372170] Suspending console(s) (use no_console_suspend to debug)
[    8.398718] pci_generic_config_write32: 62 callbacks suppressed
[    8.398729] pci_bus 0000:00: 2-byte config write to 0000:00:01.0 offset 0x9c may corrupt adjacent RW1C bits
[    8.428335] PM: suspend of devices complete after 49.120 msecs
[    8.429341] PM: late suspend of devices complete after 0.998 msecs
[    8.429740] pci_bus 0000:01: 2-byte config write to 0000:01:00.0 offset 0x44 may corrupt adjacent RW1C bits
[    8.429754] pci_bus 0000:01: 2-byte config write to 0000:01:00.0 offset 0x44 may corrupt adjacent RW1C bits
[    8.449253] PM: noirq suspend of devices complete after 19.907 msecs
[    8.449257] Disabling non-boot CPUs ...
[    8.449260] Entering suspend state LP1
[    8.449260] Suspended for 3.219 seconds
[    8.449730] pci_bus 0000:00: 2-byte config write to 0000:00:01.0 offset 0x4c may corrupt adjacent RW1C bits
[    8.449741] pci_bus 0000:00: 2-byte config write to 0000:00:01.0 offset 0x88 may corrupt adjacent RW1C bits
[    8.449746] pci_bus 0000:00: 2-byte config write to 0000:00:01.0 offset 0x90 may corrupt adjacent RW1C bits
[    8.449753] pci_bus 0000:00: 2-byte config write to 0000:00:01.0 offset 0x98 may corrupt adjacent RW1C bits
[    8.449757] pci_bus 0000:00: 2-byte config write to 0000:00:01.0 offset 0x9c may corrupt adjacent RW1C bits
[    8.449773] pci_bus 0000:00: 2-byte config write to 0000:00:01.0 offset 0x52 may corrupt adjacent RW1C bits
[    8.449780] pci_bus 0000:00: 2-byte config write to 0000:00:01.0 offset 0x52 may corrupt adjacent RW1C bits
[    8.449804] pcieport 0000:00:01.0: nv_msi_ht_cap_quirk didn't locate host bridge
[    8.468636] PM: noirq resume of devices complete after 19.358 msecs
[    8.469692] PM: early resume of devices complete after 0.586 msecs
[    8.998518] PM: resume of devices complete after 528.816 msecs
[    9.158084] Restarting tasks ... done.
root@(none):/# 
root@(none):/# rtcwake -d rtc1 -m mem -s 3
rtcwake: wakeup from "mem" using /dev/rtc1 at Thu Jan  1 00:00:31 1970
[   10.083608] PM: Syncing filesystems ... done.
[   10.096588] Freezing user space processes ... (elapsed 0.001 seconds) done.
[   10.104729] Freezing remaining freezable tasks ... (elapsed 0.001 seconds) done.
[   10.113389] Suspending console(s) (use no_console_suspend to debug)
[   10.168569] PM: suspend of devices complete after 47.925 msecs
[   10.169807] PM: late suspend of devices complete after 1.230 msecs
[   10.189370] PM: noirq suspend of devices complete after 19.553 msecs
[   10.189376] Disabling non-boot CPUs ...
[   10.189379] Entering suspend state LP1
[   10.189379] Suspended for 3.259 seconds
[   10.189874] pcieport 0000:00:01.0: nv_msi_ht_cap_quirk didn't locate host bridge
[   10.208597] PM: noirq resume of devices complete after 19.201 msecs
[   10.209649] PM: early resume of devices complete after 0.601 msecs
[   10.740593] PM: resume of devices complete after 530.935 msecs
[   10.797019] Restarting tasks ... done.
root@(none):/# 
root@(none):/# rtcwake -d rtc1 -m mem -s 3
rtcwake: wakeup from "mem" using /dev/rtc1 at Thu Jan  1 00:00:36 1970
[   11.850314] PM: Syncing filesystems ... done.
[   11.863335] Freezing user space processes ... (elapsed 0.001 seconds) done.
[   11.871468] Freezing remaining freezable tasks ... (elapsed 0.001 seconds) done.
[   11.880129] Suspending console(s) (use no_console_suspend to debug)
[   11.935954] PM: suspend of devices complete after 48.555 msecs
[   11.937167] PM: late suspend of devices complete after 1.206 msecs
[   11.954324] PM: noirq suspend of devices complete after 17.146 msecs
[   11.954330] Disabling non-boot CPUs ...
[   11.954333] Entering suspend state LP1
[   11.954333] Suspended for 3.235 seconds
[   11.954822] pcieport 0000:00:01.0: nv_msi_ht_cap_quirk didn't locate host bridge
[   11.973560] PM: noirq resume of devices complete after 19.210 msecs
[   11.974595] PM: early resume of devices complete after 0.601 msecs
[   12.513336] PM: resume of devices complete after 538.729 msecs
[   12.569857] Restarting tasks ... done.
root@(none):/# 
root@(none):/# rtcwake -d rtc1 -m mem -s 3
rtcwake: wakeup from "mem" using /dev/rtc1 at Thu Jan  1 00:00:41 1970
[   13.603531] PM: Syncing filesystems ... done.
[   13.616536] Freezing user space processes ... (elapsed 0.001 seconds) done.
[   13.624684] Freezing remaining freezable tasks ... (elapsed 0.001 seconds) done.
[   13.633345] Suspending console(s) (use no_console_suspend to debug)
[   13.658683] pci_generic_config_write32: 65 callbacks suppressed
[   13.658698] pci_bus 0000:00: 2-byte config write to 0000:00:01.0 offset 0x9c may corrupt adjacent RW1C bits
[   13.688517] PM: suspend of devices complete after 47.919 msecs
[   13.689726] PM: late suspend of devices complete after 1.200 msecs
[   13.690220] pci_bus 0000:01: 2-byte config write to 0000:01:00.0 offset 0x44 may corrupt adjacent RW1C bits
[   13.690236] pci_bus 0000:01: 2-byte config write to 0000:01:00.0 offset 0x44 may corrupt adjacent RW1C bits
[   13.709287] PM: noirq suspend of devices complete after 19.555 msecs
[   13.709293] Disabling non-boot CPUs ...
[   13.709295] Entering suspend state LP1
[   13.709295] Suspended for 3.245 seconds
[   13.709753] pci_bus 0000:00: 2-byte config write to 0000:00:01.0 offset 0x4c may corrupt adjacent RW1C bits
[   13.709761] pci_bus 0000:00: 2-byte config write to 0000:00:01.0 offset 0x88 may corrupt adjacent RW1C bits
[   13.709768] pci_bus 0000:00: 2-byte config write to 0000:00:01.0 offset 0x90 may corrupt adjacent RW1C bits
[   13.709773] pci_bus 0000:00: 2-byte config write to 0000:00:01.0 offset 0x98 may corrupt adjacent RW1C bits
[   13.709777] pci_bus 0000:00: 2-byte config write to 0000:00:01.0 offset 0x9c may corrupt adjacent RW1C bits
[   13.709793] pci_bus 0000:00: 2-byte config write to 0000:00:01.0 offset 0x52 may corrupt adjacent RW1C bits
[   13.709800] pci_bus 0000:00: 2-byte config write to 0000:00:01.0 offset 0x52 may corrupt adjacent RW1C bits
[   13.709821] pcieport 0000:00:01.0: nv_msi_ht_cap_quirk didn't locate host bridge
[   13.728538] PM: noirq resume of devices complete after 19.226 msecs
[   13.729596] PM: early resume of devices complete after 0.604 msecs
[   14.263000] PM: resume of devices complete after 533.389 msecs
[   14.422558] Restarting tasks ... done.
root@(none):/# 
root@(none):/# rtcwake -d rtc1 -m mem -s 3
rtcwake: wakeup from "mem" using /dev/rtc1 at Thu Jan  1 00:00:46 1970
[   15.371452] PM: Syncing filesystems ... done.
[   15.384484] Freezing user space processes ... (elapsed 0.001 seconds) done.
[   15.392634] Freezing remaining freezable tasks ... (elapsed 0.001 seconds) done.
[   15.401301] Suspending console(s) (use no_console_suspend to debug)
[   15.463459] PM: suspend of devices complete after 54.889 msecs
[   15.464691] PM: late suspend of devices complete after 1.223 msecs
[   15.484280] PM: noirq suspend of devices complete after 19.578 msecs
[   15.484283] Disabling non-boot CPUs ...
[   15.484288] Entering suspend state LP1
[   15.484288] Suspended for 3.224 seconds
[   15.484783] pcieport 0000:00:01.0: nv_msi_ht_cap_quirk didn't locate host bridge
[   15.503509] PM: noirq resume of devices complete after 19.205 msecs
[   15.504586] PM: early resume of devices complete after 0.607 msecs
[   16.040842] PM: resume of devices complete after 536.246 msecs
[   16.097276] Restarting tasks ... done.
root@(none):/# 
root@(none):/# rtcwake -d rtc1 -m mem -s 3
rtcwake: wakeup from "mem" using /dev/rtc1 at Thu Jan  1 00:00:51 1970
[   17.133463] PM: Syncing filesystems ... done.
[   17.146493] Freezing user space processes ... (elapsed 0.001 seconds) done.
[   17.154640] Freezing remaining freezable tasks ... (elapsed 0.001 seconds) done.
[   17.163292] Suspending console(s) (use no_console_suspend to debug)
[   17.218435] PM: suspend of devices complete after 47.877 msecs
[   17.219652] PM: late suspend of devices complete after 1.206 msecs
[   17.239247] PM: noirq suspend of devices complete after 19.586 msecs
[   17.239251] Disabling non-boot CPUs ...
[   17.239256] Entering suspend state LP1
[   17.239256] Suspended for 3.245 seconds
[   17.239763] pcieport 0000:00:01.0: nv_msi_ht_cap_quirk didn't locate host bridge
[   17.258476] PM: noirq resume of devices complete after 19.203 msecs
[   17.259512] PM: early resume of devices complete after 0.595 msecs
[   17.783013] PM: resume of devices complete after 523.488 msecs
[   17.839469] Restarting tasks ... done.
root@(none):/# 
root@(none):/# rtcwake -d rtc1 -m mem -s 3
rtcwake: wakeup from "mem" using /dev/rtc1 at Thu Jan  1 00:00:56 1970
[   18.874941] PM: Syncing filesystems ... done.
[   18.887953] Freezing user space processes ... (elapsed 0.001 seconds) done.
[   18.896106] Freezing remaining freezable tasks ... (elapsed 0.001 seconds) done.
[   18.904776] Suspending console(s) (use no_console_suspend to debug)
[   18.933581] pci_generic_config_write32: 65 callbacks suppressed
[   18.933596] pci_bus 0000:00: 2-byte config write to 0000:00:01.0 offset 0x9c may corrupt adjacent RW1C bits
[   18.963417] PM: suspend of devices complete after 51.385 msecs
[   18.964667] PM: late suspend of devices complete after 1.240 msecs
[   18.965172] pci_bus 0000:01: 2-byte config write to 0000:01:00.0 offset 0x44 may corrupt adjacent RW1C bits
[   18.965187] pci_bus 0000:01: 2-byte config write to 0000:01:00.0 offset 0x44 may corrupt adjacent RW1C bits
[   18.984233] PM: noirq suspend of devices complete after 19.555 msecs
[   18.984238] Disabling non-boot CPUs ...
[   18.984241] Entering suspend state LP1
[   18.984241] Suspended for 3.254 seconds
[   18.984693] pci_bus 0000:00: 2-byte config write to 0000:00:01.0 offset 0x4c may corrupt adjacent RW1C bits
[   18.984704] pci_bus 0000:00: 2-byte config write to 0000:00:01.0 offset 0x88 may corrupt adjacent RW1C bits
[   18.984709] pci_bus 0000:00: 2-byte config write to 0000:00:01.0 offset 0x90 may corrupt adjacent RW1C bits
[   18.984713] pci_bus 0000:00: 2-byte config write to 0000:00:01.0 offset 0x98 may corrupt adjacent RW1C bits
[   18.984717] pci_bus 0000:00: 2-byte config write to 0000:00:01.0 offset 0x9c may corrupt adjacent RW1C bits
[   18.984736] pci_bus 0000:00: 2-byte config write to 0000:00:01.0 offset 0x52 may corrupt adjacent RW1C bits
[   18.984744] pci_bus 0000:00: 2-byte config write to 0000:00:01.0 offset 0x52 may corrupt adjacent RW1C bits
[   18.984765] pcieport 0000:00:01.0: nv_msi_ht_cap_quirk didn't locate host bridge
[   19.003443] PM: noirq resume of devices complete after 19.184 msecs
[   19.004505] PM: early resume of devices complete after 0.601 msecs
[   19.525419] PM: resume of devices complete after 520.902 msecs
[   19.684966] Restarting tasks ... done.
root@(none):/# 
root@(none):/# rtcwake -d rtc1 -m mem -s 3
rtcwake: wakeup from "mem" using /dev/rtc1 at Thu Jan  1 00:01:01 1970
[   20.633323] PM: Syncing filesystems ... done.
[   20.646348] Freezing user space processes ... (elapsed 0.001 seconds) done.
[   20.654496] Freezing remaining freezable tasks ... (elapsed 0.001 seconds) done.
[   20.663143] Suspending console(s) (use no_console_suspend to debug)
[   20.733366] PM: suspend of devices complete after 62.954 msecs
[   20.734587] PM: late suspend of devices complete after 1.210 msecs
[   20.754185] PM: noirq suspend of devices complete after 19.589 msecs
[   20.754190] Disabling non-boot CPUs ...
[   20.754193] Entering suspend state LP1
[   20.754193] Suspended for 3.230 seconds
[   20.754694] pcieport 0000:00:01.0: nv_msi_ht_cap_quirk didn't locate host bridge
[   20.773414] PM: noirq resume of devices complete after 19.202 msecs
[   20.774472] PM: early resume of devices complete after 0.612 msecs
[   21.313230] PM: resume of devices complete after 538.748 msecs
[   21.369685] Restarting tasks ... done.
root@(none):/# 
root@(none):/# rtcwake -d rtc1 -m mem -s 3
rtcwake: wakeup from "mem" using /dev/rtc1 at Thu Jan  1 00:01:06 1970
[   22.403251] PM: Syncing filesystems ... done.
[   22.416280] Freezing user space processes ... (elapsed 0.001 seconds) done.
[   22.424429] Freezing remaining freezable tasks ... (elapsed 0.001 seconds) done.
[   22.433083] Suspending console(s) (use no_console_suspend to debug)
[   22.503354] PM: suspend of devices complete after 63.015 msecs
[   22.504588] PM: late suspend of devices complete after 1.224 msecs
[   22.524160] PM: noirq suspend of devices complete after 19.560 msecs
[   22.524165] Disabling non-boot CPUs ...
[   22.524169] Entering suspend state LP1
[   22.524169] Suspended for 3.229 seconds
[   22.524675] pcieport 0000:00:01.0: nv_msi_ht_cap_quirk didn't locate host bridge
[   22.543385] PM: noirq resume of devices complete after 19.198 msecs
[   22.544444] PM: early resume of devices complete after 0.609 msecs
[   23.083288] PM: resume of devices complete after 538.820 msecs
[   23.139723] Restarting tasks ... done.
root@(none):/# 
root@(none):/# NVTB SYSTEM SUSPEND TEST COMPLETE
