
U-Boot SPL 2014.07-00097-g772e173 (Jul 25 2014 - 20:02:52)


U-Boot 2014.07-00097-g772e173 (Jul 25 2014 - 20:02:52)

TEGRA124
Board: NVIDIA Jetson TK1
I2C:   ready
DRAM:  2 GiB
MMC:   Tegra SD/MMC: 0, Tegra SD/MMC: 1
In:    serial
Out:   serial
Err:   serial
Net:   Net Initialization Skipped
No ethernet found.
Hit any key to stop autoboot:  2  0 
Tegra124 (Jetson TK1) # 
Tegra124 (Jetson TK1) # usb reset
(Re)start USB...
USB0:   USB EHCI 1.10
scanning bus 0 for devices... 1 USB Device(s) found
USB1:   USB EHCI 1.10
scanning bus 1 for devices... 2 USB Device(s) found
       scanning usb for storage devices... 0 Storage Device(s) found
       scanning usb for ethernet devices... 
Warning: asx0 using MAC address from net device
1 Ethernet Device(s) found
Tegra124 (Jetson TK1) # setenv bootargs 'ignore_loglevel console=ttyS0,115200n8 rw root=/dev/mmcblk0p1 rootwait gpt debug init=/bin/bash noinitrd'
Tegra124 (Jetson TK1) # setenv ipaddr 192.168.100.102; setenv serverip 192.168.100.1; setenv tftpserverip 192.168.100.1
Tegra124 (Jetson TK1) # tftpboot 0x81000000 zImage.multi_v7_defconfig
Waiting for Ethernet connection... done.
Using asx0 device
TFTP from server 192.168.100.1; our IP address is 192.168.100.102
Filename 'zImage.multi_v7_defconfig'.
Load address: 0x81000000
Loading: *#################################################################
	 #################################################################
	 #################################################################
	 #################################################################
	 #################################################################
	 #################################################################
	 ##############################
	 3.1 MiB/s
done
Bytes transferred = 6156048 (5def10 hex)
Tegra124 (Jetson TK1) # tftpboot 0x82000000 tegra124-jetson-tk1.dtb
Using asx0 device
TFTP from server 192.168.100.1; our IP address is 192.168.100.102
Filename 'tegra124-jetson-tk1.dtb'.
Load address: 0x82000000
Loading: *#####
	 2.9 MiB/s
done
Bytes transferred = 62999 (f617 hex)
Tegra124 (Jetson TK1) # bootz 0x81000000 - 0x82000000
Kernel image @ 0x81000000 [ 0x000000 - 0x5def10 ]
## Flattened Device Tree blob at 82000000
   Booting using the fdt blob at 0x82000000
   Using Device Tree in place at 82000000, end 82012616

Starting kernel ...

[    0.000000] Booting Linux on physical CPU 0x0
[    0.000000] Linux version 4.2.0-28491-g64291f7 (pwalmsley@sellafield) (gcc version 4.7.3 20130328 (prerelease) (crosstool-NG linaro-1.13.1-4.7-2013.04-20130415 - Linaro GCC 2013.04) ) #1 SMP Sun Aug 30 12:03:08 PDT 2015
[    0.000000] CPU: ARMv7 Processor [413fc0f3] revision 3 (ARMv7), cr=10c5387d
[    0.000000] CPU: PIPT / VIPT nonaliasing data cache, PIPT instruction cache
[    0.000000] Machine model: NVIDIA Tegra124 Jetson TK1
[    0.000000] debug: ignoring loglevel setting.
[    0.000000] cma: Reserved 64 MiB at 0xfb800000
[    0.000000] Memory policy: Data cache writealloc
[    0.000000] On node 0 totalpages: 524032
[    0.000000] free_area_init_node: node 0, pgdat c0efdb00, node_mem_map ee7f8000
[    0.000000]   DMA zone: 1520 pages used for memmap
[    0.000000]   DMA zone: 0 pages reserved
[    0.000000]   DMA zone: 194560 pages, LIFO batch:31
[    0.000000]   HighMem zone: 329472 pages, LIFO batch:31
[    0.000000] PERCPU: Embedded 11 pages/cpu @ee794000 s14784 r8192 d22080 u45056
[    0.000000] pcpu-alloc: s14784 r8192 d22080 u45056 alloc=11*4096
[    0.000000] pcpu-alloc: [0] 0 [0] 1 [0] 2 [0] 3 
[    0.000000] Built 1 zonelists in Zone order, mobility grouping on.  Total pages: 522512
[    0.000000] Kernel command line: ignore_loglevel console=ttyS0,115200n8 rw root=/dev/mmcblk0p1 rootwait gpt debug init=/bin/bash noinitrd
[    0.000000] PID hash table entries: 4096 (order: 2, 16384 bytes)
[    0.000000] Dentry cache hash table entries: 131072 (order: 7, 524288 bytes)
[    0.000000] Inode-cache hash table entries: 65536 (order: 6, 262144 bytes)
[    0.000000] Memory: 1999308K/2096128K available (7782K kernel code, 1038K rwdata, 3508K rodata, 944K init, 327K bss, 31284K reserved, 65536K cma-reserved, 1252352K highmem)
[    0.000000] Virtual kernel memory layout:
[    0.000000]     vector  : 0xffff0000 - 0xffff1000   (   4 kB)
[    0.000000]     fixmap  : 0xffc00000 - 0xfff00000   (3072 kB)
[    0.000000]     vmalloc : 0xf0000000 - 0xff000000   ( 240 MB)
[    0.000000]     lowmem  : 0xc0000000 - 0xef800000   ( 760 MB)
[    0.000000]     pkmap   : 0xbfe00000 - 0xc0000000   (   2 MB)
[    0.000000]     modules : 0xbf000000 - 0xbfe00000   (  14 MB)
[    0.000000]       .text : 0xc0208000 - 0xc0d0fa90   (11295 kB)
[    0.000000]       .init : 0xc0d10000 - 0xc0dfc000   ( 944 kB)
[    0.000000]       .data : 0xc0dfc000 - 0xc0effb00   (1039 kB)
[    0.000000]        .bss : 0xc0f02000 - 0xc0f53c28   ( 328 kB)
[    0.000000] SLUB: HWalign=64, Order=0-3, MinObjects=0, CPUs=4, Nodes=1
[    0.000000] Hierarchical RCU implementation.
[    0.000000] 	Additional per-CPU info printed with stalls.
[    0.000000] 	Build-time adjustment of leaf fanout to 32.
[    0.000000] 	RCU restricting CPUs from NR_CPUS=16 to nr_cpu_ids=4.
[    0.000000] RCU: Adjusting geometry for rcu_fanout_leaf=32, nr_cpu_ids=4
[    0.000000] NR_IRQS:16 nr_irqs:16 16
[    0.000000] /interrupt-controller@60004000: 160 interrupts forwarded to /interrupt-controller@0,50041000
[    0.000000] L2C: failed to init: -19
[    0.000009] sched_clock: 32 bits at 1000kHz, resolution 1000ns, wraps every 2147483647500ns
[    0.000028] clocksource: timer_us: mask: 0xffffffff max_cycles: 0xffffffff, max_idle_ns: 1911260446275 ns
[    0.000041] Switching to timer-based delay loop, resolution 1000ns
[    0.004259] Architected cp15 timer(s) running at 12.00MHz (virt).
[    0.004277] clocksource: arch_sys_counter: mask: 0xffffffffffffff max_cycles: 0x2c47f4ee7, max_idle_ns: 440795202497 ns
[    0.004296] sched_clock: 56 bits at 12MHz, resolution 83ns, wraps every 4398046511096ns
[    0.004308] Switching to timer-based delay loop, resolution 83ns
[    0.004728] Console: colour dummy device 80x30
[    0.004752] Calibrating delay loop (skipped), value calculated using timer frequency.. 24.00 BogoMIPS (lpj=60000)
[    0.004767] pid_max: default: 32768 minimum: 301
[    0.004879] Mount-cache hash table entries: 2048 (order: 1, 8192 bytes)
[    0.004890] Mountpoint-cache hash table entries: 2048 (order: 1, 8192 bytes)
[    0.005479] CPU: Testing write buffer coherency: ok
[    0.005685] /cpus/cpu@0 missing clock-frequency property
[    0.005723] /cpus/cpu@1 missing clock-frequency property
[    0.005759] /cpus/cpu@2 missing clock-frequency property
[    0.005796] /cpus/cpu@3 missing clock-frequency property
[    0.005807] CPU0: thread -1, cpu 0, socket 0, mpidr 80000000
[    0.005856] Setting up static identity map for 0x80209000 - 0x80209098
[    0.008608] Tegra Revision: A01 SKU: 129 CPU Process: 1 Core Process: 1
[    0.009820] CPU1: thread -1, cpu 1, socket 0, mpidr 80000001
[    0.010392] CPU2: thread -1, cpu 2, socket 0, mpidr 80000002
[    0.010956] CPU3: thread -1, cpu 3, socket 0, mpidr 80000003
[    0.011017] Brought up 4 CPUs
[    0.011036] SMP: Total of 4 processors activated (96.00 BogoMIPS).
[    0.011044] CPU: All CPU(s) started in SVC mode.
[    0.011565] devtmpfs: initialized
[    0.030190] VFP support v0.3: implementor 41 architecture 4 part 30 variant f rev 0
[    0.030965] clocksource: jiffies: mask: 0xffffffff max_cycles: 0xffffffff, max_idle_ns: 9556302231375000 ns
[    0.032655] pinctrl core: initialized pinctrl subsystem
[    0.034286] NET: Registered protocol family 16
[    0.036253] DMA: preallocated 256 KiB pool for atomic coherent allocations
[    0.049100] cpuidle: using governor ladder
[    0.064120] cpuidle: using governor menu
[    0.080823] No ATAGs?
[    0.080857] hw-breakpoint: found 5 (+1 reserved) breakpoint and 4 watchpoint registers.
[    0.080867] hw-breakpoint: maximum watchpoint size is 8 bytes.
[    0.085447] Serial: AMBA PL011 UART driver
[    0.114720] +USB0_VBUS_SW: Failed to request enable GPIO108: -517
[    0.114848] reg-fixed-voltage regulators:regulator@7: Failed to register regulator: -517
[    0.115071] +5V_USB_HS: Failed to request enable GPIO109: -517
[    0.115184] reg-fixed-voltage regulators:regulator@8: Failed to register regulator: -517
[    0.115478] +1.05V_RUN_AVDD_HDMI_PLL: Failed to request enable GPIO63: -517
[    0.115589] reg-fixed-voltage regulators:regulator@11: Failed to register regulator: -517
[    0.115805] +5V_HDMI_CON: Failed to request enable GPIO86: -517
[    0.115915] reg-fixed-voltage regulators:regulator@12: Failed to register regulator: -517
[    0.116129] +5V_SATA: Failed to request enable GPIO242: -517
[    0.116240] reg-fixed-voltage regulators:regulator@13: Failed to register regulator: -517
[    0.116455] +12V_SATA: Failed to request enable GPIO242: -517
[    0.116566] reg-fixed-voltage regulators:regulator@14: Failed to register regulator: -517
[    0.119486] vgaarb: loaded
[    0.120278] SCSI subsystem initialized
[    0.120454] libata version 3.00 loaded.
[    0.120771] usbcore: registered new interface driver usbfs
[    0.120837] usbcore: registered new interface driver hub
[    0.120911] usbcore: registered new device driver usb
[    0.124463] pps_core: LinuxPPS API ver. 1 registered
[    0.124472] pps_core: Software ver. 5.3.6 - Copyright 2005-2007 Rodolfo Giometti <giometti@linux.it>
[    0.124502] PTP clock support registered
[    0.124721] EDAC MC: Ver: 3.0.0
[    0.127892] clocksource: Switched to clocksource arch_sys_counter
[    0.139636] NET: Registered protocol family 2
[    0.140159] TCP established hash table entries: 8192 (order: 3, 32768 bytes)
[    0.140259] TCP bind hash table entries: 8192 (order: 4, 65536 bytes)
[    0.140445] TCP: Hash tables configured (established 8192 bind 8192)
[    0.140496] UDP hash table entries: 512 (order: 2, 16384 bytes)
[    0.140537] UDP-Lite hash table entries: 512 (order: 2, 16384 bytes)
[    0.140707] NET: Registered protocol family 1
[    0.140937] RPC: Registered named UNIX socket transport module.
[    0.140947] RPC: Registered udp transport module.
[    0.140954] RPC: Registered tcp transport module.
[    0.140961] RPC: Registered tcp NFSv4.1 backchannel transport module.
[    0.140980] PCI: CLS 0 bytes, default 64
[    0.143281] futex hash table entries: 1024 (order: 4, 65536 bytes)
[    0.155507] squashfs: version 4.0 (2009/01/31) Phillip Lougher
[    0.156475] NFS: Registering the id_resolver key type
[    0.156506] Key type id_resolver registered
[    0.156514] Key type id_legacy registered
[    0.156583] ntfs: driver 2.1.32 [Flags: R/O].
[    0.157664] bounce: pool size: 64 pages
[    0.157909] Block layer SCSI generic (bsg) driver version 0.4 loaded (major 249)
[    0.157926] io scheduler noop registered
[    0.157941] io scheduler deadline registered
[    0.158145] io scheduler cfq registered (default)
[    0.174649] tegra-pcie 1003000.pcie-controller: 2x1, 1x1 configuration
[    0.174698] tegra-pcie 1003000.pcie-controller: Failed to get supply 'avddio-pex': -517
[    0.181578] tegra-apbdma 60020000.dma: Tegra20 APB DMA driver register 32 channels
[    0.182628] tegra-pmc 7000e400.pmc: emergency thermal reset enabled
[    0.247245] Serial: 8250/16550 driver, 4 ports, IRQ sharing disabled
[    0.249561] SuperH (H)SCI(F) driver initialized
[    0.250516] msm_serial: driver initialized
[    0.251356] console [ttyS0] disabled
[    0.251391] 70006300.serial: ttyS0 at MMIO 0x70006300 (irq = 331, base_baud = 25500000) is a Tegra
[    1.066228] console [ttyS0] enabled
[    1.070532] STMicroelectronics ASC driver initialized
[    1.078004] [drm] Initialized drm 1.1.0 20060810
[    1.084702] tegra-hdmi 54280000.hdmi: failed to get HDMI regulator
[    1.097939] loop: module loaded
[    1.101369] at24 0-0056: 256 byte 24c02 EEPROM, writable, 8 bytes/write
[    1.109388] as3722 4-0040: AS3722 with revision 0x1 found
[    1.132574] +5V_SYS: supplied by +VDD_MUX
[    1.136643] +1.05V_RUN: supplied by +5V_SYS
[    1.140936] tegra-ahci 70027000.sata: Failed to get supply 'hvdd': -517
[    1.147606] tegra-ahci 70027000.sata: Failed to get regulators
[    1.158330] m25p80 spi32765.0: w25q32dw (4096 Kbytes)
[    1.166684] CAN device driver interface
[    1.171876] igb: Intel(R) Gigabit Ethernet Network Driver - version 5.2.18-k
[    1.178934] igb: Copyright (c) 2007-2014 Intel Corporation.
[    1.187582] pegasus: v0.9.3 (2013/04/25), Pegasus/Pegasus II USB Ethernet driver
[    1.195039] usbcore: registered new interface driver pegasus
[    1.200781] usbcore: registered new interface driver asix
[    1.206251] usbcore: registered new interface driver ax88179_178a
[    1.212405] usbcore: registered new interface driver cdc_ether
[    1.218323] usbcore: registered new interface driver smsc75xx
[    1.224151] usbcore: registered new interface driver smsc95xx
[    1.229957] usbcore: registered new interface driver net1080
[    1.235678] usbcore: registered new interface driver cdc_subset
[    1.241658] usbcore: registered new interface driver zaurus
[    1.247334] usbcore: registered new interface driver cdc_ncm
[    1.253264] tegra-phy 7d004000.usb-phy: no vbus regulator
[    1.260776] ehci_hcd: USB 2.0 'Enhanced' Host Controller (EHCI) Driver
[    1.267321] ehci-pci: EHCI PCI platform driver
[    1.271830] ehci-platform: EHCI generic platform driver
[    1.277282] ehci-omap: OMAP-EHCI Host Controller driver
[    1.282665] ehci-orion: EHCI orion driver
[    1.286836] SPEAr-ehci: EHCI SPEAr driver
[    1.291016] ehci-st: EHCI STMicroelectronics driver
[    1.296056] ehci-exynos: EHCI EXYNOS driver
[    1.300423] ehci-atmel: EHCI Atmel driver
[    1.304600] tegra-ehci: Tegra EHCI driver
[    1.308948] tegra-ehci 7d004000.usb: EHCI Host Controller
[    1.314378] tegra-ehci 7d004000.usb: new USB bus registered, assigned bus number 1
[    1.322119] tegra-ehci 7d004000.usb: irq 347, io mem 0x7d004000
[    1.337912] tegra-ehci 7d004000.usb: USB 2.0 started, EHCI 1.10
[    1.344654] hub 1-0:1.0: USB hub found
[    1.348468] hub 1-0:1.0: 1 port detected
[    1.353046] ohci_hcd: USB 1.1 'Open' Host Controller (OHCI) Driver
[    1.359260] ohci-pci: OHCI PCI platform driver
[    1.363776] ohci-platform: OHCI generic platform driver
[    1.369201] ohci-omap3: OHCI OMAP3 driver
[    1.373377] SPEAr-ohci: OHCI SPEAr driver
[    1.377538] ohci-st: OHCI STMicroelectronics driver
[    1.382585] ohci-atmel: OHCI Atmel driver
[    1.386872] usbcore: registered new interface driver usb-storage
[    1.394492] mousedev: PS/2 mouse device common for all mice
[    1.403989] as3722-rtc as3722-rtc: rtc core: registered as3722-rtc as rtc0
[    1.410875] as3722-rtc as3722-rtc: RTC interrupt 366
[    1.419203] tegra_rtc 7000e000.rtc: rtc core: registered 7000e000.rtc as rtc1
[    1.426386] tegra_rtc 7000e000.rtc: Tegra internal Real Time Clock
[    1.433162] i2c /dev entries driver
[    1.441546] 0-004c supply vcc not found, using dummy regulator
[    1.452692] sdhci: Secure Digital Host Controller Interface driver
[    1.458884] sdhci: Copyright(c) Pierre Ossman
[    1.464878] Synopsys Designware Multimedia Card Interface Driver
[    1.472029] sdhci-pltfm: SDHCI platform and OF driver helper
[    1.478443] sdhci-tegra 700b0400.sdhci: Got CD GPIO
[    1.483348] sdhci-tegra 700b0400.sdhci: Got WP GPIO
[    1.488282] mmc0: Unknown controller version (3). You may experience problems.
[    1.495617] +VDDIO_SDMMC3: supplied by regulator-dummy
[    1.500860] sdhci-tegra 700b0400.sdhci: No vmmc regulator found
[    1.506816] mmc0: Invalid maximum block size, assuming 512 bytes
[    1.548017] mmc0: SDHCI controller on 700b0400.sdhci [700b0400.sdhci] using ADMA 64-bit
[    1.556154] mmc1: Unknown controller version (3). You may experience problems.
[    1.563473] sdhci-tegra 700b0600.sdhci: No vmmc regulator found
[    1.569411] sdhci-tegra 700b0600.sdhci: No vqmmc regulator found
[    1.575425] mmc1: Invalid maximum block size, assuming 512 bytes
[    1.617908] mmc1: SDHCI controller on 700b0600.sdhci [700b0600.sdhci] using ADMA 64-bit
[    1.627081] ledtrig-cpu: registered to indicate activity on CPUs
[    1.633344] usbcore: registered new interface driver usbhid
[    1.638924] usbhid: USB HID core driver
[    1.646400] NET: Registered protocol family 17
[    1.650887] can: controller area network core (rev 20120528 abi 9)
[    1.657193] NET: Registered protocol family 29
[    1.661663] can: raw protocol (rev 20120528)
[    1.666004] can: broadcast manager protocol (rev 20120528 t)
[    1.671693] can: netlink gateway (rev 20130117) max_hops=1
[    1.677579] Key type dns_resolver registered
[    1.682490] ThumbEE CPU extension supported.
[    1.686849] Registering SWP/SWPB emulation handler
[    1.701754] tegra-pcie 1003000.pcie-controller: 2x1, 1x1 configuration
[    1.708701] +3.3V_SYS: supplied by +VDD_MUX
[    1.713006] +3.3V_LP0: supplied by +3.3V_SYS
[    1.717588] +1.35V_LP0(sd2): supplied by +5V_SYS
[    1.722297] +1.05V_RUN_AVDD: supplied by +1.35V_LP0(sd2)
[    1.729578] tegra-pcie 1003000.pcie-controller: probing port 0, using 2 lanes
[    1.738872] tegra-pcie 1003000.pcie-controller: Slot present pin change, signature: 00000008
[    1.748273] mmc1: MAN_BKOPS_EN bit is not set
[    1.758156] mmc1: new high speed MMC card at address 0001
[    1.764196] mmcblk0: mmc1:0001 SEM16G 14.6 GiB 
[    1.769018] mmcblk0boot0: mmc1:0001 SEM16G partition 1 4.00 MiB
[    1.775218] mmcblk0boot1: mmc1:0001 SEM16G partition 2 4.00 MiB
[    1.781598] mmcblk0rpmb: mmc1:0001 SEM16G partition 3 4.00 MiB
[    1.790140] Primary GPT is invalid, using alternate GPT.
[    1.795518]  mmcblk0: p1 p2 p3 p4 p5 p6 p7 p8 p9
[    2.165998] tegra-pcie 1003000.pcie-controller: link 0 down, retrying
[    2.594077] tegra-pcie 1003000.pcie-controller: link 0 down, retrying
[    3.022292] tegra-pcie 1003000.pcie-controller: link 0 down, retrying
[    3.030865] tegra-pcie 1003000.pcie-controller: link 0 down, ignoring
[    3.037357] tegra-pcie 1003000.pcie-controller: probing port 1, using 1 lanes
[    3.046607] tegra-pcie 1003000.pcie-controller: Slot present pin change, signature: 00000000
[    3.474742] tegra-pcie 1003000.pcie-controller: link 1 down, retrying
[    3.902815] tegra-pcie 1003000.pcie-controller: link 1 down, retrying
[    4.330921] tegra-pcie 1003000.pcie-controller: link 1 down, retrying
[    4.339512] tegra-pcie 1003000.pcie-controller: link 1 down, ignoring
[    4.346209] tegra-pcie 1003000.pcie-controller: PCI host bridge to bus 0000:00
[    4.353444] pci_bus 0000:00: root bus resource [mem 0x13000000-0x1fffffff]
[    4.360325] pci_bus 0000:00: root bus resource [mem 0x20000000-0x3fffffff pref]
[    4.367639] pci_bus 0000:00: root bus resource [bus 00-ff]
[    4.373133] pci_bus 0000:00: root bus resource [io  0x1000-0xffff]
[    4.379345] PCI: bus0: Fast back to back transfers enabled
[    4.385589] +5V_HDMI_CON: supplied by +5V_SYS
[    4.390077] +1.05V_RUN_AVDD_HDMI_PLL: supplied by +1.05V_RUN
[    4.395874] +3.3V_RUN: supplied by +3.3V_SYS
[    4.400188] +3.3V_AVDD_HDMI_AP_GATED: supplied by +3.3V_RUN
[    4.407792] [drm] Supports vblank timestamp caching Rev 2 (21.10.2013).
[    4.414477] [drm] No driver support for vblank timestamp query.
[    4.519763] tegra-hdmi 54280000.hdmi: cannot set audio to 44100 at 297000000 pclk
[    4.630719] Console: switching to colour frame buffer device 512x135
[    4.725712] drm drm: fb0:  frame buffer device
[    4.730163] drm drm: registered panic notifier
[    4.748066] [drm] Initialized tegra 0.0.0 20120330 on minor 0
[    4.754933] +5V_SATA: supplied by +5V_SYS
[    4.759085] +12V_SATA: supplied by +VDD_MUX
[    4.763680] tegra-ahci 70027000.sata: AHCI 0001.0301 32 slots 2 ports 3 Gbps 0x1 impl platform mode
[    4.772757] tegra-ahci 70027000.sata: flags: 64bit ncq sntf pm led pio slum part sadm sds apst 
[    4.783790] scsi host0: tegra-ahci
[    4.788490] scsi host1: tegra-ahci
[    4.792229] ata1: SATA max UDMA/133 mmio [mem 0x70027000-0x70028fff] port 0x100 irq 341
[    4.800259] ata2: DUMMY
[    4.803918] +5V_USB_HS: supplied by +5V_SYS
[    4.809378] tegra-ehci 7d008000.usb: EHCI Host Controller
[    4.814843] tegra-ehci 7d008000.usb: new USB bus registered, assigned bus number 2
[    4.822613] tegra-ehci 7d008000.usb: irq 348, io mem 0x7d008000
[    4.838047] tegra-ehci 7d008000.usb: USB 2.0 started, EHCI 1.10
[    4.845032] hub 2-0:1.0: USB hub found
[    4.848875] hub 2-0:1.0: 1 port detected
[    4.854762] input: gpio-keys as /devices/soc0/gpio-keys/input/input0
[    4.862370] as3722-rtc as3722-rtc: setting system clock to 2000-02-01 00:00:19 UTC (949363219)
[    4.882490] +USB0_VBUS_SW: disabling
[    4.886130] +1.8V_RUN_VPP_FUSE: disabling
[    4.890575] +2.8V_RUN_CAM_AF: disabling
[    4.894784] +3.3V_RUN_TOUCH: disabling
[    4.898918] +1.05V_RUN_CAM_REAR: disabling
[    4.903387] +1.2V_RUN_CAM_FRONT: disabling
[    4.907823] +2.8V_RUN_CAM: disabling
[    4.911559] +1.8V_RUN_CAM: disabling
[    5.128029] ata1: SATA link down (SStatus 0 SControl 300)
[    5.134435] EXT4-fs (mmcblk0p1): couldn't mount as ext3 due to feature incompatibilities
[    5.143332] EXT4-fs (mmcblk0p1): couldn't mount as ext2 due to feature incompatibilities
[    5.163710] usb 2-1: new high-speed USB device number 2 using tegra-ehci
[    5.170773] EXT4-fs (mmcblk0p1): recovery complete
[    5.175627] EXT4-fs (mmcblk0p1): mounted filesystem with ordered data mode. Opts: (null)
[    5.183808] VFS: Mounted root (ext4 filesystem) on device 179:1.
[    5.194658] devtmpfs: mounted
[    5.198406] Freeing unused kernel memory: 944K (c0d10000 - c0dfc000)
bash: cannot set terminal process group (-1): Inappropriate ioctl for device
bash: no job control in this shell
root@(none):/# 