

U-Boot 2011.03 (Jun 11 2013 - 06:07:37)

T114
Board: NVIDIA Dalmore
DRAM:  2 GiB
MMC:   Tegra2 SD/MMC: 0, Tegra2 SD/MMC: 1
In:    serial
Out:   serial
Err:   serial
Net:   Net Initialization Skipped
No ethernet found.
Hit any key to stop autoboot:  2  0 
Dalmore #
Dalmore #usb reset
(Re)start USB...
USB:   Register 10011 NbrPorts 1
USB EHCI 1.10
scanning bus for devices... 2 USB Device(s) found
       scanning bus for storage devices... 0 Storage Device(s) found
       scanning bus for ethernet devices... 1 Ethernet Device(s) found
Dalmore #setenv bootargs 'ignore_loglevel console=ttyS0,115200n8 rw root=/dev/mmcblk0p1 rootwait gpt init=/bin/bash'
Dalmore #setenv ipaddr 192.168.100.100; setenv serverip 192.168.100.1; setenv tftpserverip 192.168.100.1
Dalmore #tftpboot 0x81000000 zImage.multi_v7_defconfig
Waiting for Ethernet connection... done.
Using asx0 device
TFTP from server 192.168.100.1; our IP address is 192.168.100.100
Filename 'zImage.multi_v7_defconfig'.
Load address: 0x81000000
Loading: *#################################################  2.8 MiB/s
done
Bytes transferred = 3968256 (3c8d00 hex)
Dalmore #tftpboot 0x82000000 tegra114-dalmore.dtb
Using asx0 device
TFTP from server 192.168.100.1; our IP address is 192.168.100.100
Filename 'tegra114-dalmore.dtb'.
Load address: 0x82000000
Loading: *#################################################  2.5 MiB/s
done
Bytes transferred = 24048 (5df0 hex)
Dalmore #bootz 0x81000000 - 0x82000000
## Flattened Device Tree blob at 82000000
   Booting using the fdt blob at 0x82000000
   Loading Device Tree to 81ff7000, end 81fffdef ... OK

Starting kernel ...

Timer summary in microseconds:
       Mark    Elapsed  Stage
          0          0  awake
  2,150,815  2,150,815  usb_start
  6,154,154  4,003,339  eth_start
  6,154,152         -2  tftp start
  9,992,683  3,838,531  tftp done
 12,166,149  2,173,466  start_kernel
[    0.000000] Booting Linux on physical CPU 0x0
[    0.000000] Linux version 3.11.4-12730-g90fec81 (pwalmsley@tamien) (gcc version 4.5.1 (Sourcery G++ Lite 2010.09-50) ) #1 SMP Mon Oct 7 22:38:54 PDT 2013
[    0.000000] CPU: ARMv7 Processor [412fc0f2] revision 2 (ARMv7), cr=10c5387d
[    0.000000] CPU: PIPT / VIPT nonaliasing data cache, PIPT instruction cache
[    0.000000] Machine: NVIDIA Tegra SoC (Flattened Device Tree), model: NVIDIA Tegra114 Dalmore evaluation board
[    0.000000] debug: ignoring loglevel setting.
[    0.000000] Memory policy: ECC disabled, Data cache writealloc
[    0.000000] On node 0 totalpages: 524032
[    0.000000] free_area_init_node: node 0, pgdat c07b6a40, node_mem_map c07fe000
[    0.000000]   DMA zone: 1520 pages used for memmap
[    0.000000]   DMA zone: 0 pages reserved
[    0.000000]   DMA zone: 194560 pages, LIFO batch:31
[    0.000000]   HighMem zone: 2574 pages used for memmap
[    0.000000]   HighMem zone: 329472 pages, LIFO batch:31
[    0.000000] Tegra Revision: A01 SKU: 0 CPU Process: 1 Core Process: 1
[    0.000000] PERCPU: Embedded 5 pages/cpu @c1813000 s7168 r0 d13312 u32768
[    0.000000] pcpu-alloc: s7168 r0 d13312 u32768 alloc=8*4096
[    0.000000] pcpu-alloc: [0] 0 [0] 1 [0] 2 [0] 3 
[    0.000000] Built 1 zonelists in Zone order, mobility grouping on.  Total pages: 522512
[    0.000000] Kernel command line: ignore_loglevel console=ttyS0,115200n8 rw root=/dev/mmcblk0p1 rootwait gpt init=/bin/bash
[    0.000000] PID hash table entries: 4096 (order: 2, 16384 bytes)
[    0.000000] Dentry cache hash table entries: 131072 (order: 7, 524288 bytes)
[    0.000000] Inode-cache hash table entries: 65536 (order: 6, 262144 bytes)
[    0.000000] Memory: 2070556K/2096128K available (5387K kernel code, 584K rwdata, 1416K rodata, 479K init, 279K bss, 25572K reserved, 1317888K highmem)
[    0.000000] Virtual kernel memory layout:
[    0.000000]     vector  : 0xffff0000 - 0xffff1000   (   4 kB)
[    0.000000]     fixmap  : 0xfff00000 - 0xfffe0000   ( 896 kB)
[    0.000000]     vmalloc : 0xf0000000 - 0xff000000   ( 240 MB)
[    0.000000]     lowmem  : 0xc0000000 - 0xef800000   ( 760 MB)
[    0.000000]     pkmap   : 0xbfe00000 - 0xc0000000   (   2 MB)
[    0.000000]       .text : 0xc0008000 - 0xc06ad064   (6805 kB)
[    0.000000]       .init : 0xc06ae000 - 0xc0725c00   ( 479 kB)
[    0.000000]       .data : 0xc0726000 - 0xc07b8180   ( 585 kB)
[    0.000000]        .bss : 0xc07b8180 - 0xc07fde54   ( 280 kB)
[    0.000000] SLUB: HWalign=64, Order=0-3, MinObjects=0, CPUs=4, Nodes=1
[    0.000000] Hierarchical RCU implementation.
[    0.000000] NR_IRQS:16 nr_irqs:16 16
[    0.000000] sched_clock: 32 bits at 1000kHz, resolution 1000ns, wraps every 4294967ms
[    0.000000] Architected local timer running at 12.00MHz (virt).
[    0.000000] Switching to timer-based delay loop
[    0.000000] sched_clock: ARM arch timer >56 bits at 12000kHz, resolution 83ns
[    0.000000] Console: colour dummy device 80x30
[   12.349257] Calibrating delay loop (skipped), value calculated using timer frequency.. 24.00 BogoMIPS (lpj=120000)
[   12.349274] pid_max: default: 32768 minimum: 301
[   12.349425] Mount-cache hash table entries: 512
[   12.355997] CPU: Testing write buffer coherency: ok
[   12.356225] /cpus/cpu@0 missing clock-frequency property
[   12.356238] /cpus/cpu@1 missing clock-frequency property
[   12.356248] /cpus/cpu@2 missing clock-frequency property
[   12.356257] /cpus/cpu@3 missing clock-frequency property
[   12.356272] CPU0: thread -1, cpu 0, socket 0, mpidr 80000000
[   12.356302] Setting up static identity map for 0xc051d118 - 0xc051d1b0
[   12.356479] unable to find compatible sirf rstc node in dtb
[   12.357914] CPU1: Booted secondary processor
[   12.357943] CPU1: thread -1, cpu 1, socket 0, mpidr 80000001
[   12.358724] CPU2: Booted secondary processor
[   12.358747] CPU2: thread -1, cpu 2, socket 0, mpidr 80000002
[   12.359546] CPU3: Booted secondary processor
[   12.359570] CPU3: thread -1, cpu 3, socket 0, mpidr 80000003
[   12.359661] Brought up 4 CPUs
[   12.359688] SMP: Total of 4 processors activated (96.00 BogoMIPS).
[   12.359696] CPU: All CPU(s) started in SVC mode.
[   12.360327] devtmpfs: initialized
[   12.365867] pinctrl core: initialized pinctrl subsystem
[   12.366211] regulator-dummy: no parameters
[   12.366564] NET: Registered protocol family 16
[   12.366790] DMA: preallocated 256 KiB pool for atomic coherent allocations
[   12.366977] unable to find compatible sirf pwrc node in dtb
[   12.376644] Serial: AMBA PL011 UART driver
[   12.381537] bio: create slab <bio-0> at 0
[   12.382849] edma-dma-engine edma-dma-engine.0: Can't allocate PaRAM dummy slot
[   12.382871] edma-dma-engine: probe of edma-dma-engine.0 failed with error -5
[   12.383238] vdd_ac_bat: 5000 mV 
[   12.383419] dvdd_ts: Failed to request enable GPIO61: -517
[   12.383514] reg-fixed-voltage 1.regulator: Failed to register regulator: -517
[   12.383534] platform 1.regulator: Driver reg-fixed-voltage requests probe deferral
[   12.383654] lcd_bl_en: Failed to request enable GPIO58: -517
[   12.383738] reg-fixed-voltage 2.regulator: Failed to register regulator: -517
[   12.383758] platform 2.regulator: Driver reg-fixed-voltage requests probe deferral
[   12.383876] usb1_vbus: Failed to request enable GPIO108: -517
[   12.383957] reg-fixed-voltage 3.regulator: Failed to register regulator: -517
[   12.383976] platform 3.regulator: Driver reg-fixed-voltage requests probe deferral
[   12.384093] usb2_vbus: Failed to request enable GPIO86: -517
[   12.384174] reg-fixed-voltage 4.regulator: Failed to register regulator: -517
[   12.384193] platform 4.regulator: Driver reg-fixed-voltage requests probe deferral
[   12.384310] vdd_hdmi_5v0: Failed to request enable GPIO81: -517
[   12.384390] reg-fixed-voltage 5.regulator: Failed to register regulator: -517
[   12.384408] platform 5.regulator: Driver reg-fixed-voltage requests probe deferral
[   12.385268] vgaarb: loaded
[   12.385582] SCSI subsystem initialized
[   12.385736] libata version 3.00 loaded.
[   12.385907] usbcore: registered new interface driver usbfs
[   12.385951] usbcore: registered new interface driver hub
[   12.386036] usbcore: registered new device driver usb
[   12.388686] vdd-cpu: 500 <--> 1520 mV at 1100 mV 
[   12.388946] pps_core: LinuxPPS API ver. 1 registered
[   12.388972] pps_core: Software ver. 5.3.6 - Copyright 2005-2007 Rodolfo Giometti <giometti@linux.it>
[   12.388996] PTP clock support registered
[   12.389036] EDAC MC: Ver: 3.0.0
[   12.389906] Switched to clocksource arch_sys_counter
[   12.397298] NET: Registered protocol family 2
[   12.397779] TCP established hash table entries: 8192 (order: 4, 65536 bytes)
[   12.397969] TCP bind hash table entries: 8192 (order: 4, 65536 bytes)
[   12.398147] TCP: Hash tables configured (established 8192 bind 8192)
[   12.398205] TCP: reno registered
[   12.398220] UDP hash table entries: 512 (order: 2, 16384 bytes)
[   12.398262] UDP-Lite hash table entries: 512 (order: 2, 16384 bytes)
[   12.398491] NET: Registered protocol family 1
[   12.398757] RPC: Registered named UNIX socket transport module.
[   12.398767] RPC: Registered udp transport module.
[   12.398774] RPC: Registered tcp transport module.
[   12.398782] RPC: Registered tcp NFSv4.1 backchannel transport module.
[   12.398792] PCI: CLS 0 bytes, default 64
[   12.400697] bounce pool size: 64 pages
[   12.408125] NFS: Registering the id_resolver key type
[   12.408164] Key type id_resolver registered
[   12.408174] Key type id_legacy registered
[   12.408409] Block layer SCSI generic (bsg) driver version 0.4 loaded (major 251)
[   12.408420] io scheduler noop registered
[   12.408429] io scheduler deadline registered
[   12.408567] io scheduler cfq registered (default)
[   12.416929] tegra-apbdma 6000a000.dma: Tegra20 APB DMA driver register 32 channels
[   12.463278] Serial: 8250/16550 driver, 4 ports, IRQ sharing disabled
[   12.464392] Serial: IMX driver
[   12.465352] 70006300.serial: ttyS0 at MMIO 0x70006300 (irq = 122) is a Tegra
[   13.176202] console [ttyS0] enabled
[   13.180496] serial: Freescale lpuart driver
[   13.184849] [drm] Initialized drm 1.1.0 20060810
[   13.191796] ehci_hcd: USB 2.0 'Enhanced' Host Controller (EHCI) Driver
[   13.198311] ehci-pci: EHCI PCI platform driver
[   13.202765] ehci-platform: EHCI generic platform driver
[   13.208061] ehci-omap: OMAP-EHCI Host Controller driver
[   13.213328] ehci-orion: EHCI orion driver
[   13.217407] SPEAr-ehci: EHCI SPEAr driver
[   13.221469] tegra-ehci: Tegra EHCI driver
[   13.225791] usbcore: registered new interface driver usb-storage
[   13.232916] mousedev: PS/2 mouse device common for all mice
[   13.239090] tegra_rtc 7000e000.rtc: rtc core: registered 7000e000.rtc as rtc0
[   13.246207] tegra_rtc 7000e000.rtc: Tegra internal Real Time Clock
[   13.252929] sdhci: Secure Digital Host Controller Interface driver
[   13.259084] sdhci: Copyright(c) Pierre Ossman
[   13.263710] sdhci-pltfm: SDHCI platform and OF driver helper
[   13.269664] sdhci-tegra 78000400.sdhci: Got CD GPIO #170.
[   13.276068] mmc0: no vqmmc regulator found
[   13.280157] mmc0: no vmmc regulator found
[   13.284145] mmc0: Invalid maximum block size, assuming 512 bytes
[   13.336114] mmc0: SDHCI controller on 78000400.sdhci [78000400.sdhci] using ADMA
[   13.343580] mmc1: no vqmmc regulator found
[   13.347671] mmc1: no vmmc regulator found
[   13.351657] mmc1: Invalid maximum block size, assuming 512 bytes
[   13.395871] mmc1: SDHCI controller on 78000600.sdhci [78000600.sdhci] using ADMA
[   13.403621] usbcore: registered new interface driver usbhid
[   13.409176] usbhid: USB HID core driver
[   13.413215] TCP: cubic registered
[   13.416999] NET: Registered protocol family 10
[   13.422030] sit: IPv6 over IPv4 tunneling driver
[   13.427221] Key type dns_resolver registered
[   13.431585] VFP support v0.3: implementor 41 architecture 4 part 30 variant f rev 0
[   13.439251] Registering SWP/SWPB emulation handler
[   13.444939] dvdd_ts: 1800 mV 
[   13.448212] lcd_bl_en: 5000 mV 
[   13.451581] usb1_vbus: 5000 mV 
[   13.454744] reg-fixed-voltage 3.regulator: Failed to find supply vin
[   13.461170] reg-fixed-voltage 3.regulator: Failed to register regulator: -517
[   13.468288] platform 3.regulator: Driver reg-fixed-voltage requests probe deferral
[   13.476249] usb2_vbus: 5000 mV 
[   13.479399] reg-fixed-voltage 4.regulator: Failed to find supply vin
[   13.485818] reg-fixed-voltage 4.regulator: Failed to register regulator: -517
[   13.492922] platform 4.regulator: Driver reg-fixed-voltage requests probe deferral
[   13.500830] vdd_hdmi_5v0: 5000 mV 
[   13.504238] reg-fixed-voltage 5.regulator: Failed to find supply vin
[   13.510651] reg-fixed-voltage 5.regulator: Failed to register regulator: -517
[   13.517645] mmc1: BKOPS_EN bit is not set
[   13.521748] platform 5.regulator: Driver reg-fixed-voltage requests probe deferral
[   13.529519] tegra_rtc 7000e000.rtc: setting system clock to 1970-01-01 00:00:14 UTC (14)
[   13.538711] Waiting for root device /dev/mmcblk0p1...
[   13.544160] mmc1: new HS200 MMC card at address 0001
[   13.549485] mmcblk0: mmc1:0001 SEM32G 29.1 GiB 
[   13.554139] mmcblk0boot0: mmc1:0001 SEM32G partition 1 4.00 MiB
[   13.560184] mmcblk0boot1: mmc1:0001 SEM32G partition 2 4.00 MiB
[   13.566226] mmcblk0rpmb: mmc1:0001 SEM32G partition 3 4.00 MiB
[   13.574210] Primary GPT is invalid, using alternate GPT.
[   13.579530]  mmcblk0: p1 p2 p3 p4 p5
[   13.585574]  mmcblk0boot1: unknown partition table
[   13.591746]  mmcblk0boot0: unknown partition table
[   13.596976] usb1_vbus: 5000 mV 
[   13.600130] reg-fixed-voltage 3.regulator: Failed to find supply vin
[   13.606566] reg-fixed-voltage 3.regulator: Failed to register regulator: -517
[   13.613673] platform 3.regulator: Driver reg-fixed-voltage requests probe deferral
[   13.621628] usb2_vbus: 5000 mV 
[   13.624778] reg-fixed-voltage 4.regulator: Failed to find supply vin
[   13.631199] reg-fixed-voltage 4.regulator: Failed to register regulator: -517
[   13.638316] platform 4.regulator: Driver reg-fixed-voltage requests probe deferral
[   13.646207] vdd_hdmi_5v0: 5000 mV 
[   13.649615] reg-fixed-voltage 5.regulator: Failed to find supply vin
[   13.656027] reg-fixed-voltage 5.regulator: Failed to register regulator: -517
[   13.663130] platform 5.regulator: Driver reg-fixed-voltage requests probe deferral
[   13.758173] EXT4-fs (mmcblk0p1): mounting ext3 file system using the ext4 subsystem
[   13.800801] EXT4-fs (mmcblk0p1): recovery complete
[   13.805597] EXT4-fs (mmcblk0p1): mounted filesystem with ordered data mode. Opts: (null)
[   13.813677] VFS: Mounted root (ext3 filesystem) on device 179:1.
[   13.821719] devtmpfs: mounted
[   13.825113] Freeing unused kernel memory: 476K (c06ae000 - c0725000)
bash: cannot set terminal process group (-1): Inappropriate ioctl for device
bash: no job control in this shell
I have no name!@(none):/# 