

U-Boot 2011.03 (Jun 11 2013 - 06:07:37)

T114
Board: NVIDIA Dalmore
DRAM:  2 GiB
MMC:   Tegra2 SD/MMC: 0, Tegra2 SD/MMC: 1
In:    serial
Out:   serial
Err:   serial
Net:   Net Initialization Skipped
No ethernet found.
Hit any key to stop autoboot:  2  0 
Dalmore #
Dalmore #usb reset
(Re)start USB...
USB:   Register 10011 NbrPorts 1
USB EHCI 1.10
scanning bus for devices... 2 USB Device(s) found
       scanning bus for storage devices... 0 Storage Device(s) found
       scanning bus for ethernet devices... 1 Ethernet Device(s) found
Dalmore #setenv bootargs 'ignore_loglevel console=ttyS0,115200n8 rw root=/dev/mmcblk0p1 rootwait gpt init=/bin/bash'
Dalmore #setenv ipaddr 192.168.100.100; setenv serverip 192.168.100.1; setenv tftpserverip 192.168.100.1
Dalmore #tftpboot 0x81000000 zImage.tegra_defconfig
Waiting for Ethernet connection... done.
Using asx0 device
TFTP from server 192.168.100.1; our IP address is 192.168.100.100
Filename 'zImage.tegra_defconfig'.
Load address: 0x81000000
Loading: *#################################################  2.8 MiB/s
done
Bytes transferred = 4326568 (4204a8 hex)
Dalmore #tftpboot 0x82000000 tegra114-dalmore.dtb
Using asx0 device
TFTP from server 192.168.100.1; our IP address is 192.168.100.100
Filename 'tegra114-dalmore.dtb'.
Load address: 0x82000000
Loading: *#################################################  2.5 MiB/s
done
Bytes transferred = 24048 (5df0 hex)
Dalmore #bootz 0x81000000 - 0x82000000
## Flattened Device Tree blob at 82000000
   Booting using the fdt blob at 0x82000000
   Loading Device Tree to 81ff7000, end 81fffdef ... OK

Starting kernel ...

Timer summary in microseconds:
       Mark    Elapsed  Stage
          0          0  awake
  2,123,195  2,123,195  usb_start
  6,126,466  4,003,271  eth_start
  6,126,463         -3  tftp start
 10,037,196  3,910,733  tftp done
 12,138,896  2,101,700  start_kernel
[    0.000000] Booting Linux on physical CPU 0x0
[    0.000000] Initializing cgroup subsys cpu
[    0.000000] Initializing cgroup subsys cpuacct
[    0.000000] Linux version 3.11.4-12730-g90fec81 (pwalmsley@tamien) (gcc version 4.5.1 (Sourcery G++ Lite 2010.09-50) ) #1 SMP PREEMPT Mon Oct 7 22:36:06 PDT 2013
[    0.000000] CPU: ARMv7 Processor [412fc0f2] revision 2 (ARMv7), cr=10c5387d
[    0.000000] CPU: PIPT / VIPT nonaliasing data cache, PIPT instruction cache
[    0.000000] Machine: NVIDIA Tegra SoC (Flattened Device Tree), model: NVIDIA Tegra114 Dalmore evaluation board
[    0.000000] debug: ignoring loglevel setting.
[    0.000000] cma: CMA: reserved 16 MiB at ae800000
[    0.000000] Memory policy: ECC disabled, Data cache writealloc
[    0.000000] On node 0 totalpages: 524032
[    0.000000] free_area_init_node: node 0, pgdat c0801780, node_mem_map c0859000
[    0.000000]   Normal zone: 1520 pages used for memmap
[    0.000000]   Normal zone: 0 pages reserved
[    0.000000]   Normal zone: 194560 pages, LIFO batch:31
[    0.000000]   HighMem zone: 2574 pages used for memmap
[    0.000000]   HighMem zone: 329472 pages, LIFO batch:31
[    0.000000] Tegra Revision: A01 SKU: 0 CPU Process: 1 Core Process: 1
[    0.000000] PERCPU: Embedded 8 pages/cpu @c186e000 s9472 r8192 d15104 u32768
[    0.000000] pcpu-alloc: s9472 r8192 d15104 u32768 alloc=8*4096
[    0.000000] pcpu-alloc: [0] 0 [0] 1 [0] 2 [0] 3 
[    0.000000] Built 1 zonelists in Zone order, mobility grouping on.  Total pages: 522512
[    0.000000] Kernel command line: ignore_loglevel console=ttyS0,115200n8 rw root=/dev/mmcblk0p1 rootwait gpt init=/bin/bash
[    0.000000] PID hash table entries: 4096 (order: 2, 16384 bytes)
[    0.000000] Dentry cache hash table entries: 131072 (order: 7, 524288 bytes)
[    0.000000] Inode-cache hash table entries: 65536 (order: 6, 262144 bytes)
[    0.000000] Memory: 2053728K/2096128K available (5882K kernel code, 299K rwdata, 1748K rodata, 237K init, 342K bss, 42400K reserved, 1317888K highmem)
[    0.000000] Virtual kernel memory layout:
[    0.000000]     vector  : 0xffff0000 - 0xffff1000   (   4 kB)
[    0.000000]     fixmap  : 0xfff00000 - 0xfffe0000   ( 896 kB)
[    0.000000]     vmalloc : 0xf0000000 - 0xff000000   ( 240 MB)
[    0.000000]     lowmem  : 0xc0000000 - 0xef800000   ( 760 MB)
[    0.000000]     pkmap   : 0xbfe00000 - 0xc0000000   (   2 MB)
[    0.000000]     modules : 0xbf000000 - 0xbfe00000   (  14 MB)
[    0.000000]       .text : 0xc0008000 - 0xc077bea4   (7632 kB)
[    0.000000]       .init : 0xc077c000 - 0xc07b7500   ( 238 kB)
[    0.000000]       .data : 0xc07b8000 - 0xc0802e60   ( 300 kB)
[    0.000000]        .bss : 0xc0802e60 - 0xc08586d0   ( 343 kB)
[    0.000000] Preemptible hierarchical RCU implementation.
[    0.000000] NR_IRQS:16 nr_irqs:16 16
[    0.000000] sched_clock: 32 bits at 1000kHz, resolution 1000ns, wraps every 4294967ms
[    0.000000] Architected local timer running at 12.00MHz (virt).
[    0.000000] Switching to timer-based delay loop
[    0.000000] sched_clock: ARM arch timer >56 bits at 12000kHz, resolution 83ns
[    0.000000] Console: colour dummy device 80x30
[   12.379794] Calibrating delay loop (skipped), value calculated using timer frequency.. 24.00 BogoMIPS (lpj=120000)
[   12.379811] pid_max: default: 32768 minimum: 301
[   12.380254] Mount-cache hash table entries: 512
[   12.396139] Initializing cgroup subsys debug
[   12.396155] Initializing cgroup subsys freezer
[   12.396203] CPU: Testing write buffer coherency: ok
[   12.396539] /cpus/cpu@0 missing clock-frequency property
[   12.396552] /cpus/cpu@1 missing clock-frequency property
[   12.396561] /cpus/cpu@2 missing clock-frequency property
[   12.396570] /cpus/cpu@3 missing clock-frequency property
[   12.396583] CPU0: thread -1, cpu 0, socket 0, mpidr 80000000
[   12.396614] Setting up static identity map for 0xc0597f18 - 0xc0597fb0
[   12.450333] CPU1: Booted secondary processor
[   12.450360] CPU1: thread -1, cpu 1, socket 0, mpidr 80000001
[   12.470263] CPU2: Booted secondary processor
[   12.470288] CPU2: thread -1, cpu 2, socket 0, mpidr 80000002
[   12.490192] CPU3: Booted secondary processor
[   12.490217] CPU3: thread -1, cpu 3, socket 0, mpidr 80000003
[   12.490327] Brought up 4 CPUs
[   12.490355] SMP: Total of 4 processors activated (96.00 BogoMIPS).
[   12.490363] CPU: All CPU(s) started in SVC mode.
[   12.491388] devtmpfs: initialized
[   12.504490] pinctrl core: initialized pinctrl subsystem
[   12.505024] regulator-dummy: no parameters
[   12.505817] NET: Registered protocol family 16
[   12.507541] DMA: preallocated 256 KiB pool for atomic coherent allocations
[   12.518725] No ATAGs?
[   12.518754] hw-breakpoint: found 5 (+1 reserved) breakpoint and 4 watchpoint registers.
[   12.518764] hw-breakpoint: maximum watchpoint size is 8 bytes.
[   12.529580] bio: create slab <bio-0> at 0
[   12.530862] vdd_ac_bat: 5000 mV 
[   12.531162] dvdd_ts: Failed to request enable GPIO61: -517
[   12.531324] reg-fixed-voltage 1.regulator: Failed to register regulator: -517
[   12.531348] platform 1.regulator: Driver reg-fixed-voltage requests probe deferral
[   12.531542] lcd_bl_en: Failed to request enable GPIO58: -517
[   12.531686] reg-fixed-voltage 2.regulator: Failed to register regulator: -517
[   12.531708] platform 2.regulator: Driver reg-fixed-voltage requests probe deferral
[   12.531900] usb1_vbus: Failed to request enable GPIO108: -517
[   12.532042] reg-fixed-voltage 3.regulator: Failed to register regulator: -517
[   12.532063] platform 3.regulator: Driver reg-fixed-voltage requests probe deferral
[   12.532255] usb2_vbus: Failed to request enable GPIO86: -517
[   12.532397] reg-fixed-voltage 4.regulator: Failed to register regulator: -517
[   12.532418] platform 4.regulator: Driver reg-fixed-voltage requests probe deferral
[   12.532607] vdd_hdmi_5v0: Failed to request enable GPIO81: -517
[   12.532748] reg-fixed-voltage 5.regulator: Failed to register regulator: -517
[   12.532769] platform 5.regulator: Driver reg-fixed-voltage requests probe deferral
[   12.533853] vgaarb: loaded
[   12.534946] SCSI subsystem initialized
[   12.535319] usbcore: registered new interface driver usbfs
[   12.535432] usbcore: registered new interface driver hub
[   12.535581] usbcore: registered new device driver usb
[   12.539442] vdd-cpu: 500 <--> 1520 mV at 1100 mV 
[   12.540087] tps65090 1-0048: No cache defaults, reading back from HW
[   12.546454] vdd-sys-5v0: no parameters
[   12.546507] vdd-sys-5v0: supplied by vdd_ac_bat
[   12.547951] vdd-sys-3v3: no parameters
[   12.547987] vdd-sys-3v3: supplied by vdd_ac_bat
[   12.549443] vdd-ao: no parameters
[   12.549479] vdd-ao: supplied by vdd_ac_bat
[   12.549742] vdd-lcd-bl: no parameters
[   12.549777] vdd-lcd-bl: supplied by vdd_ac_bat
[   12.550032] TPS65090_RAILSFET2: no parameters
[   12.550067] TPS65090_RAILSFET2: supplied by vdd_ac_bat
[   12.550312] vdd-modem-3v3: no parameters
[   12.550344] vdd-modem-3v3: supplied by vdd-sys-3v3
[   12.550597] avdd-lcd: no parameters
[   12.550630] avdd-lcd: supplied by vdd-sys-3v3
[   12.550891] vdd-lvds: no parameters
[   12.550925] vdd-lvds: supplied by vdd-sys-3v3
[   12.551176] vdd-sd-slot: no parameters
[   12.551209] vdd-sd-slot: supplied by vdd-sys-3v3
[   12.551478] vdd-com-3v3: no parameters
[   12.551511] vdd-com-3v3: supplied by vdd-sys-3v3
[   12.551760] vdd-sby-5v0: no parameters
[   12.551791] vdd-sby-5v0: supplied by vdd_ac_bat
[   12.552046] vdd-sby-3v3: no parameters
[   12.552078] vdd-sby-3v3: supplied by vdd_ac_bat
[   12.552520] Linux video capture interface: v2.00
[   12.553212] platform 7000f010.iommu: Driver tegra-smmu requests probe deferral
[   12.553508] Advanced Linux Sound Architecture Driver Initialized.
[   12.554269] Bluetooth: Core ver 2.16
[   12.554342] NET: Registered protocol family 31
[   12.554350] Bluetooth: HCI device and connection manager initialized
[   12.554375] Bluetooth: HCI socket layer initialized
[   12.554397] Bluetooth: L2CAP socket layer initialized
[   12.554444] Bluetooth: SCO socket layer initialized
[   12.555073] cfg80211: Calling CRDA to update world regulatory domain
[   12.556181] Switched to clocksource arch_sys_counter
[   12.570250] NET: Registered protocol family 2
[   12.571154] TCP established hash table entries: 8192 (order: 4, 65536 bytes)
[   12.571357] TCP bind hash table entries: 8192 (order: 4, 65536 bytes)
[   12.571534] TCP: Hash tables configured (established 8192 bind 8192)
[   12.571979] TCP: reno registered
[   12.571995] UDP hash table entries: 512 (order: 2, 16384 bytes)
[   12.572037] UDP-Lite hash table entries: 512 (order: 2, 16384 bytes)
[   12.572453] NET: Registered protocol family 1
[   12.573180] RPC: Registered named UNIX socket transport module.
[   12.573191] RPC: Registered udp transport module.
[   12.573198] RPC: Registered tcp transport module.
[   12.573206] RPC: Registered tcp NFSv4.1 backchannel transport module.
[   12.573217] PCI: CLS 0 bytes, default 64
[   12.576930] bounce pool size: 64 pages
[   12.578605] squashfs: version 4.0 (2009/01/31) Phillip Lougher
[   12.580849] io scheduler noop registered (default)
[   12.592050] tegra-apbdma 6000a000.dma: Tegra20 APB DMA driver register 32 channels
[   12.592537] Serial: 8250/16550 driver, 4 ports, IRQ sharing disabled
[   12.594537] 70006300.serial: ttyS0 at MMIO 0x70006300 (irq = 122) is a Tegra
[   13.423863] console [ttyS0] enabled
[   13.428155] [drm] Initialized drm 1.1.0 20060810
[   13.438445] loop: module loaded
[   13.444694] m25p80 spi32766.0: w25q32dw (4096 Kbytes)
[   13.451466] pegasus: v0.9.3 (2013/04/25), Pegasus/Pegasus II USB Ethernet driver
[   13.458927] usbcore: registered new interface driver pegasus
[   13.464659] usbcore: registered new interface driver asix
[   13.470090] usbcore: registered new interface driver ax88179_178a
[   13.476234] usbcore: registered new interface driver cdc_ether
[   13.482108] usbcore: registered new interface driver r815x
[   13.487675] usbcore: registered new interface driver smsc75xx
[   13.493498] usbcore: registered new interface driver smsc95xx
[   13.499275] usbcore: registered new interface driver net1080
[   13.504981] usbcore: registered new interface driver cdc_subset
[   13.510928] usbcore: registered new interface driver zaurus
[   13.516590] usbcore: registered new interface driver cdc_ncm
[   13.522256] ehci_hcd: USB 2.0 'Enhanced' Host Controller (EHCI) Driver
[   13.528762] ehci-pci: EHCI PCI platform driver
[   13.533274] tegra-ehci: Tegra EHCI driver
[   13.537471] usbcore: registered new interface driver cdc_acm
[   13.543112] cdc_acm: USB Abstract Control Model driver for USB modems and ISDN adapters
[   13.551136] usbcore: registered new interface driver cdc_wdm
[   13.556865] usbcore: registered new interface driver usb-storage
[   13.563430] mousedev: PS/2 mouse device common for all mice
[   13.570284] tegra_rtc 7000e000.rtc: rtc core: registered 7000e000.rtc as rtc0
[   13.577439] tegra_rtc 7000e000.rtc: Tegra internal Real Time Clock
[   13.584980] sbs-battery 0-000b: sbs_probe: Failed to get device status
[   13.591489] sbs-battery: probe of 0-000b failed with error -121
[   13.600986] cpuidle: using governor ladder
[   13.605080] cpuidle: using governor menu
[   13.609045] sdhci: Secure Digital Host Controller Interface driver
[   13.615202] sdhci: Copyright(c) Pierre Ossman
[   13.619532] sdhci-pltfm: SDHCI platform and OF driver helper
[   13.625604] sdhci-tegra 78000400.sdhci: Got CD GPIO #170.
[   13.632025] mmc0: no vqmmc regulator found
[   13.636104] mmc0: no vmmc regulator found
[   13.640091] mmc0: Invalid maximum block size, assuming 512 bytes
[   13.691641] mmc0: SDHCI controller on 78000400.sdhci [78000400.sdhci] using ADMA
[   13.701194] mmc1: no vqmmc regulator found
[   13.705292] mmc1: no vmmc regulator found
[   13.709278] mmc1: Invalid maximum block size, assuming 512 bytes
[   13.751400] mmc1: SDHCI controller on 78000600.sdhci [78000600.sdhci] using ADMA
[   13.759403] usbcore: registered new interface driver usbhid
[   13.767004] usbhid: USB HID core driver
[   13.883149] mmc1: BKOPS_EN bit is not set
[   13.913572] mmc1: new HS200 MMC card at address 0001
[   13.919124] mmcblk0: mmc1:0001 SEM32G 29.1 GiB 
[   13.923957] mmcblk0boot0: mmc1:0001 SEM32G partition 1 4.00 MiB
[   13.930151] mmcblk0boot1: mmc1:0001 SEM32G partition 2 4.00 MiB
[   13.936316] mmcblk0rpmb: mmc1:0001 SEM32G partition 3 4.00 MiB
[   13.944639] Primary GPT is invalid, using alternate GPT.
[   13.949943]  mmcblk0: p1 p2 p3 p4 p5
[   13.956877]  mmcblk0boot1: unknown partition table
[   13.963342]  mmcblk0boot0: unknown partition table
[   14.219089] rt5640 0-001c: ASoC: mux INR Mux has no paths
[   14.224524] rt5640 0-001c: ASoC: mux INL Mux has no paths
[   14.231510] tegra-snd-rt5640 sound.3:  rt5640-aif1 <-> 70080400.i2s mapping ok
[   14.240051] input: NVIDIA Tegra Dalmore Headphones as /devices/soc0/sound.3/sound/card0/input0
[   14.250184] TCP: cubic registered
[   14.253764] NET: Registered protocol family 10
[   14.259579] mip6: Mobile IPv6
[   14.262534] sit: IPv6 over IPv4 tunneling driver
[   14.268709] NET: Registered protocol family 17
[   14.273194] NET: Registered protocol family 15
[   14.277783] Bluetooth: RFCOMM socket layer initialized
[   14.282913] Bluetooth: RFCOMM ver 1.11
[   14.286642] Bluetooth: BNEP (Ethernet Emulation) ver 1.3
[   14.291952] Bluetooth: BNEP socket layer initialized
[   14.296889] Bluetooth: HIDP (Human Interface Emulation) ver 1.2
[   14.302813] Bluetooth: HIDP socket layer initialized
[   14.307972] VFP support v0.3: implementor 41 architecture 4 part 30 variant f rev 0
[   14.315871] Registering SWP/SWPB emulation handler
[   14.321376] vdd-com-3v3: disabling
[   14.325369] vdd-lvds: disabling
[   14.329094] avdd-lcd: disabling
[   14.332821] vdd-lcd-bl: disabling
[   14.337178] dvdd_ts: 1800 mV 
[   14.340504] lcd_bl_en: 5000 mV 
[   14.343929] usb1_vbus: 5000 mV 
[   14.347104] usb1_vbus: supplied by vdd-sys-5v0
[   14.351893] usb2_vbus: 5000 mV 
[   14.355046] usb2_vbus: supplied by vdd-sys-5v0
[   14.359855] vdd_hdmi_5v0: 5000 mV 
[   14.363267] vdd_hdmi_5v0: supplied by vdd-sys-5v0
[   14.368483] tegra_rtc 7000e000.rtc: setting system clock to 1970-01-01 00:00:15 UTC (15)
[   14.376962] ALSA device list:
[   14.379937]   #0: NVIDIA Tegra Dalmore
[   14.409137] kjournald starting.  Commit interval 5 seconds
[   14.416325] EXT3-fs (mmcblk0p1): using internal journal
[   14.421556] EXT3-fs (mmcblk0p1): recovery complete
[   14.426321] EXT3-fs (mmcblk0p1): mounted filesystem with writeback data mode
[   14.433403] VFS: Mounted root (ext3 filesystem) on device 179:1.
[   14.440474] devtmpfs: mounted
[   14.443693] Freeing unused kernel memory: 236K (c077c000 - c07b7000)
bash: cannot set terminal process group (-1): Inappropriate ioctl for device
bash: no job control in this shell
I have no name!@(none):/# 