[0000.729] [TegraBoot] (version 23.00.2015.14-mobile-1ef66670)
[0000.734] Processing in cold boot mode Bootloader 2
[0000.739] A01Q Bootrom Patch rev = 3
[0000.742] Power-up reason: pmu watchdog
[0000.746] No Battery Present
[0000.749] Platform has Ddr4 type ram
[0000.752] max77620 disabling SD1 Remote Sense
[0000.757] Setting Ddr voltage to 1125mv
[0000.761] Serial Number of Pmic Max77663: 0x40daf
[0000.768] Entering ramdump check
[0000.771] Get RamDumpCarveOut = 0x0
[0000.775] RamDumpCarveOut=0x0,  RamDumperFlag=0xe59ff3f8
[0000.780] Last reboot was clean, booting normally!
[0000.784] Sdram initialization is successful 
[0000.789] SecureOs Carveout Base=0xff800000 Size=0x00800000
[0000.794] GSC1 Carveout Base=0xff700000 Size=0x00100000
[0000.820] GSC2 Carveout Base=0xff600000 Size=0x00100000
[0000.846] GSC3 Carveout Base=0xff500000 Size=0x00100000
[0000.851] GSC4 Carveout Base=0xff400000 Size=0x00100000
[0000.856] GSC5 Carveout Base=0xff300000 Size=0x00100000
[0000.861] BpmpFw Carveout Base=0xff2c0000 Size=0x00040000
[0000.866] Lp0 Carveout Base=0xff2bf000 Size=0x00001000
[0000.882] RamDump Carveout Base=0xff23f000 Size=0x00080000
[0000.887] Platform-DebugCarveout: 0
[0000.891] Nck Carveout Base=0xff03f000 Size=0x00200000
[0000.940] Using GPT Primary to query partitions 
[0000.945] Loading Tboot-CPU binary
[0000.994] Verifying bootloader in OdmNonSecureSBK mode
[0001.004] Bootloader load address is 0xa0000000,                            entry address is 0xa0000258
[0001.013] Bootloader downloaded successfully.
[0001.017] Downloaded Tboot-CPU binary to 0xa0000258
[0001.023] MAX77620_GPIO1 Configured.
[0001.027] MAX77620_GPIO5 Configured.
[0001.030] CPU power rail is up
[0001.033] CPU clock enabled
[0001.037] Performing RAM repair
[0001.040] Updating A64 Warmreset Address to 0xa00002e9
[0001.059] Bootloader DTB Load Address: 0x83000000
[0001.076] Kernel DTB Load Address: 0x83080000
[0001.081] Loading cboot binary
[0001.175] Verifying bootloader in OdmNonSecureSBK mode
[0001.263] Bootloader load address is 0x8010fda8,                            entry address is 0x80110000
[0001.272] Bootloader downloaded successfully.
[0001.276] GPT: Partition NOT found ! 
[0001.280] Find Partition via GPT Failed
[0001.283] function NvTbootGetBinaryOffsets: 0x845208 error
[0001.289] Error in NvTbootLoadBinary: 0x845208 !
[0001.293] GPT: Partition NOT found ! 
[0001.297] No FB partition
[0001.299] Next binary entry address: 0x80110000 
[0001.303] BoardId: 2595
[0001.308] dram memory type is 3
[0001.314] WB0 init successful
[0001.341] Bpmp FW successfully loaded
[0001.344] Set NvDecSticky Bits
[0001.347] GSC1 address : ff700000
[0001.351] GSC2 address : ff600000
[0001.355] GSC3 address : ff500000
[0001.359] GSC4 address : ff400000
[0001.362] GSC5 address : ff300000
[0001.366] GSC MC Settings done
[0001.371] TOS old plaintext Image length 61440
[0001.377] *** Secure OS image signature not verified ***
[0001.382] Loading and Validation of Secure OS Successful
[0001.387] NvTbootPackSdramParams: start. 
[0001.392] NvTbootPackSdramParams: done. 
[0001.396] Tegraboot started after 721484 us
[0001.400] Basic modules init took 348739 us
[0001.404] Sec Bootdevice Read Time = 202 ms, Read Size = 8459 KB
[0001.410] Next stage binary read took 14370 us
[0001.414] Carveout took 252967 us
[0001.417] CPU initialization took 92329 us
[0001.421] Total time taken by TegraBoot 708405 us

[0001.426] Starting CPU & Halting co-processor 

64b[0001.561] LPDDR4 Training: Number of tables = 10
[0001.565] EMC Training (SRC-freq: 204000; DST-freq: 408000)
[0001.572] EMC Training Successful
[0001.575] EMC Training (SRC-freq: 204000; DST-freq: 665600)
[0001.580] EMC Training Successful
[0001.583] EMC Training (SRC-freq: 204000; DST-freq: 800000)
[0001.595] EMC Training Successful
[0001.598] EMC Training (SRC-freq: 204000; DST-freq: 1065600)
[0001.621] EMC Training Successful
[0001.624] EMC Training (SRC-freq: 204000; DST-freq: 1331200)
[0001.645] EMC Training Successful
[0001.648] EMC Training (SRC-freq: 204000; DST-freq: 1600000)
[0001.668] EMC Training Successful
[0001.671] Switching to 800000 KHz Success
[0001.704] LPDDR4 Training: Number of tables = 10


U-Boot 2015.07-rc2-g2ac3917 (Nov 09 2015 - 13:12:08 -0800)

TEGRA210
Model: NVIDIA P2371-0000
DRAM:  3 GiB
MC:   Tegra SD/MMC: 0, Tegra SD/MMC: 1
*** Warning - bad CRC, using default environment

In:    serial
Out:   serial
Err:   serial
Net:   Net Initialization Skipped
No ethernet found.
Hit any key to stop autoboot:  2  1  0 
Tegra210 (P2371-0000) # 
Tegra210 (P2371-0000) # ums 0 mmc 0
UMS: disk start sector: 0x0, count: 0x1d5a000
|/-\|/-\/-\|/-\/-\|/-\/-\|/-\/-\|/-\/-\|/-\/-\|/-\/-\|/-\/-\CTRL+C - Operation aborted
Tegra210 (P2371-0000) # 
Tegra210 (P2371-0000) # env set fdt_copy_node_names /cpus:/psci
Tegra210 (P2371-0000) # setenv rootpart 1
Tegra210 (P2371-0000) # setenv devtype mmc
Tegra210 (P2371-0000) # setenv devnum 0
Tegra210 (P2371-0000) # part uuid ${devtype} ${devnum}:${rootpart} uuid
Tegra210 (P2371-0000) # setenv bootargs ignore_loglevel console=ttyS0,115200n8 earlycon=uart8250,mmio32,0x70006000 rw root=PARTUUID=00000000-0001-0000-788f-a75600000000 rootwait debug earlyprintk init=/bin/bash
Tegra210 (P2371-0000) # load ${devtype} ${devnum}:${rootpart} ${kernel_addr_r} /boot/Image.defconfig
13790208 bytes read in 768 ms (17.1 MiB/s)
Tegra210 (P2371-0000) # load ${devtype} ${devnum}:${rootpart} ${fdt_addr_r} /boot/tegra210-p2371-0000.dtb
41182 bytes read in 455 ms (87.9 KiB/s)
Tegra210 (P2371-0000) # load ${devtype} ${devnum}:${rootpart} ${ramdisk_addr_r} /boot/tegra-ramdisk.img
1627787 bytes read in 495 ms (3.1 MiB/s)
Tegra210 (P2371-0000) # ramdisk_size=${filesize}
Tegra210 (P2371-0000) # booti ${kernel_addr_r} - ${fdt_addr_r}
## Flattened Device Tree blob at 82000000
   Booting using the fdt blob at 0x82000000
   Using Device Tree in place at 0000000082000000, end 000000008200d0dd

Starting kernel ...

[    0.000000] Booting Linux on physical CPU 0x0
[    0.000000] Linux version 4.8.0-136064-gc8d2bc9 (pwalmsley@tamien) (gcc version 4.9.2 20140904 (prerelease) (crosstool-NG linaro-1.13.1-4.9-2014.09 - Linaro GCC 4.9-2014.09) ) #1 SMP PREEMPT Sun Oct 2 17:08:58 PDT 2016
[    0.000000] Boot CPU: AArch64 Processor [411fd071]
[    0.000000] debug: ignoring loglevel setting.
[    0.000000] earlycon: uart8250 at MMIO32 0x0000000070006000 (options '')
[    0.000000] bootconsole [uart8250] enabled
[    0.000000] efi: Getting EFI parameters from FDT:
[    0.000000] efi: UEFI not found.
[    0.000000] cma: Reserved 16 MiB at 0x00000000fe000000
[    0.000000] On node 0 totalpages: 782848
[    0.000000]   DMA zone: 8192 pages used for memmap
[    0.000000]   DMA zone: 0 pages reserved
[    0.000000]   DMA zone: 520704 pages, LIFO batch:31
[    0.000000]   Normal zone: 4096 pages used for memmap
[    0.000000]   Normal zone: 262144 pages, LIFO batch:31
[    0.000000] psci: probing for conduit method from DT.
[    0.000000] psci: PSCIv0.2 detected in firmware.
[    0.000000] psci: Using standard PSCI v0.2 function IDs
[    0.000000] psci: MIGRATE_INFO_TYPE not supported.
[    0.000000] percpu: Embedded 21 pages/cpu @ffff8000bff4b000 s47488 r8192 d30336 u86016
[    0.000000] pcpu-alloc: s47488 r8192 d30336 u86016 alloc=21*4096
[    0.000000] pcpu-alloc: [0] 0 [0] 1 [0] 2 [0] 3 
[    0.000000] Detected PIPT I-cache on CPU0
[    0.000000] CPU features: enabling workaround for ARM erratum 832075
[    0.000000] CPU features: enabling workaround for ARM erratum 834220
[    0.000000] Built 1 zonelists in Zone order, mobility grouping on.  Total pages: 770560
[    0.000000] Kernel command line: ignore_loglevel console=ttyS0,115200n8 earlycon=uart8250,mmio32,0x70006000 rw root=PARTUUID=00000000-0001-0000-788f-a75600000000 rootwait debug earlyprintk init=/bin/bash
[    0.000000] log_buf_len individual max cpu contribution: 4096 bytes
[    0.000000] log_buf_len total cpu_extra contributions: 12288 bytes
[    0.000000] log_buf_len min size: 16384 bytes
[    0.000000] log_buf_len: 32768 bytes
[    0.000000] early log buf free: 14276(87%)
[    0.000000] PID hash table entries: 4096 (order: 3, 32768 bytes)
[    0.000000] Dentry cache hash table entries: 524288 (order: 10, 4194304 bytes)
[    0.000000] Inode-cache hash table entries: 262144 (order: 9, 2097152 bytes)
[    0.000000] software IO TLB [mem 0xfa000000-0xfe000000] (64MB) mapped at [ffff80007a000000-ffff80007dffffff]
[    0.000000] Memory: 2979164K/3131392K available (7932K kernel code, 795K rwdata, 3704K rodata, 960K init, 273K bss, 135844K reserved, 16384K cma-reserved)
[    0.000000] Virtual kernel memory layout:
[    0.000000]     modules : 0xffff000000000000 - 0xffff000008000000   (   128 MB)
[    0.000000]     vmalloc : 0xffff000008000000 - 0xffff7dffbfff0000   (129022 GB)
[    0.000000]       .text : 0xffff000008080000 - 0xffff000008840000   (  7936 KB)
[    0.000000]     .rodata : 0xffff000008840000 - 0xffff000008bf0000   (  3776 KB)
[    0.000000]       .init : 0xffff000008bf0000 - 0xffff000008ce0000   (   960 KB)
[    0.000000]       .data : 0xffff000008ce0000 - 0xffff000008da6c00   (   795 KB)
[    0.000000]        .bss : 0xffff000008da6c00 - 0xffff000008deb0b8   (   274 KB)
[    0.000000]     fixed   : 0xffff7dfffe7fd000 - 0xffff7dfffec00000   (  4108 KB)
[    0.000000]     PCI I/O : 0xffff7dfffee00000 - 0xffff7dffffe00000   (    16 MB)
[    0.000000]     vmemmap : 0xffff7e0000000000 - 0xffff800000000000   (  2048 GB maximum)
[    0.000000]               0xffff7e0000000000 - 0xffff7e0003000000   (    48 MB actual)
[    0.000000]     memory  : 0xffff800000000000 - 0xffff8000c0000000   (  3072 MB)
[    0.000000] SLUB: HWalign=64, Order=0-3, MinObjects=0, CPUs=4, Nodes=1
[    0.000000] Preemptible hierarchical RCU implementation.
[    0.000000] 	Build-time adjustment of leaf fanout to 64.
[    0.000000] 	RCU restricting CPUs from NR_CPUS=64 to nr_cpu_ids=4.
[    0.000000] RCU: Adjusting geometry for rcu_fanout_leaf=64, nr_cpu_ids=4
[    0.000000] NR_IRQS:64 nr_irqs:64 0
[    0.000000] GIC: Using split EOI/Deactivate mode
[    0.000000] /interrupt-controller@60004000: 192 interrupts forwarded to /interrupt-controller@50041000
[    0.000000] PLL_MB already enabled. Postponing set full defaults
[    0.000000] PLL_U already enabled. Postponing set full defaults
[    0.000000] PLL_P already enabled. Postponing set full defaults
[    0.000000] PLL_X already enabled. Postponing set full defaults
[    0.000000] boot misc1 0x0: expected 0x20
[    0.000000]  (comparison mask = 0xffffff)
[    0.000000] arm_arch_timer: Architected cp15 timer(s) running at 19.20MHz (phys).
[    0.000000] clocksource: arch_sys_counter: mask: 0xffffffffffffff max_cycles: 0x46d987e47, max_idle_ns: 440795202767 ns
[    0.000004] sched_clock: 56 bits at 19MHz, resolution 52ns, wraps every 4398046511078ns
[    0.008386] Console: colour dummy device 80x25
[    0.012998] Calibrating delay loop (skipped), value calculated using timer frequency.. 38.40 BogoMIPS (lpj=76800)
[    0.023610] pid_max: default: 32768 minimum: 301
[    0.028451] Security Framework initialized
[    0.032724] Mount-cache hash table entries: 8192 (order: 4, 65536 bytes)
[    0.039651] Mountpoint-cache hash table entries: 8192 (order: 4, 65536 bytes)
[    0.047896] ASID allocator initialised with 65536 entries
[    0.078365] Speedo Revision 4
[    0.081442] Tegra Revision: A01 SKU: 1 CPU Process: -22 SoC Process: -22
[    0.088964] EFI services will not be available.
[    0.117785] Detected PIPT I-cache on CPU1
[    0.117825] CPU1: Booted secondary processor [411fd071]
[    0.133817] Detected PIPT I-cache on CPU2
[    0.133851] CPU2: Booted secondary processor [411fd071]
[    0.149853] Detected PIPT I-cache on CPU3
[    0.149885] CPU3: Booted secondary processor [411fd071]
[    0.149955] Brought up 4 CPUs
[    0.181631] SMP: Total of 4 processors activated.
[    0.186498] CPU features: detected feature: 32-bit EL0 Support
[    0.192533] CPU: All CPU(s) started at EL2
[    0.196784] alternatives: patching kernel code
[    0.204446] devtmpfs: initialized
[    0.217179] DMI not present or invalid.
[    0.221363] clocksource: jiffies: mask: 0xffffffff max_cycles: 0xffffffff, max_idle_ns: 7645041785100000 ns
[    0.231835] pinctrl core: initialized pinctrl subsystem
[    0.238426] NET: Registered protocol family 16
[    0.259074] cpuidle: using governor menu
[    0.263334] vdso: 2 pages (1 code @ ffff000008846000, 1 data @ ffff000008ce4000)
[    0.271003] hw-breakpoint: found 6 breakpoint and 4 watchpoint registers.
[    0.278761] DMA: preallocated 256 KiB pool for atomic allocations
[    0.285302] Serial: AMBA PL011 UART driver
[    0.326084] HugeTLB registered 2 MB page size, pre-allocated 0 pages
[    0.333435] ACPI: Interpreter disabled.
[    0.338342] vgaarb: loaded
[    0.341376] SCSI subsystem initialized
[    0.345431] libata version 3.00 loaded.
[    0.349677] usbcore: registered new interface driver usbfs
[    0.355430] usbcore: registered new interface driver hub
[    0.361003] usbcore: registered new device driver usb
[    0.366940] pps_core: LinuxPPS API ver. 1 registered
[    0.372089] pps_core: Software ver. 5.3.6 - Copyright 2005-2007 Rodolfo Giometti <giometti@linux.it>
[    0.381557] PTP clock support registered
[    0.385772] dmi: Firmware registration failed.
[    0.390641] Advanced Linux Sound Architecture Driver Initialized.
[    0.397686] clocksource: Switched to clocksource arch_sys_counter
[    0.404121] VFS: Disk quotas dquot_6.6.0
[    0.408233] VFS: Dquot-cache hash table entries: 512 (order 0, 4096 bytes)
[    0.415562] pnp: PnP ACPI: disabled
[    0.426592] NET: Registered protocol family 2
[    0.431614] TCP established hash table entries: 32768 (order: 6, 262144 bytes)
[    0.439297] TCP bind hash table entries: 32768 (order: 7, 524288 bytes)
[    0.446400] TCP: Hash tables configured (established 32768 bind 32768)
[    0.453225] UDP hash table entries: 2048 (order: 4, 65536 bytes)
[    0.459482] UDP-Lite hash table entries: 2048 (order: 4, 65536 bytes)
[    0.466317] NET: Registered protocol family 1
[    0.471115] RPC: Registered named UNIX socket transport module.
[    0.477249] RPC: Registered udp transport module.
[    0.482120] RPC: Registered tcp transport module.
[    0.486989] RPC: Registered tcp NFSv4.1 backchannel transport module.
[    0.493659] PCI: CLS 0 bytes, default 128
[    0.498321] kvm [1]: IDMAP page: 80829000
[    0.502480] kvm [1]: HYP VA range: 800000000000:ffffffffffff
[    0.509026] kvm [1]: 8-bit VMID
[    0.512284] kvm [1]: Hyp mode initialized successfully
[    0.517645] kvm [1]: vgic-v2@50044000
[    0.521554] kvm [1]: vgic interrupt IRQ1
[    0.525704] kvm [1]: virtual timer IRQ4
[    0.531726] futex hash table entries: 1024 (order: 5, 131072 bytes)
[    0.538302] audit: initializing netlink subsys (disabled)
[    0.543919] audit: type=2000 audit(0.467:1): initialized
[    0.549833] workingset: timestamp_bits=46 max_order=20 bucket_order=0
[    0.566076] squashfs: version 4.0 (2009/01/31) Phillip Lougher
[    0.572914] NFS: Registering the id_resolver key type
[    0.578165] Key type id_resolver registered
[    0.582497] Key type id_legacy registered
[    0.586657] nfs4filelayout_init: NFSv4 File Layout Driver Registering...
[    0.593750] 9p: Installing v9fs 9p2000 file system support
[    0.601638] io scheduler noop registered
[    0.605855] io scheduler cfq registered (default)
[    0.611511] libphy: mdio_driver_register: phy-bcm-ns2-pci
[    0.626548] tegra-apbdma 60020000.dma: Tegra20 APB DMA driver register 32 channels
[    0.634899] tegra-pmc 7000e400.pmc: i2c-thermtrip node not found, emergency thermal reset disabled.
[    0.644465] xenfs: not registering filesystem on non-xen platform
[    0.654207] Serial: 8250/16550 driver, 4 ports, IRQ sharing disabled
[    0.662343] console [ttyS0] disabled
[    0.666091] 70006000.serial: ttyS0 at MMIO 0x70006000 (irq = 312, base_baud = 25500000) is a Tegra
[    0.675398] console [ttyS0] enabled
[    0.675398] console [ttyS0] enabled
[    0.682485] bootconsole [uart8250] disabled
[    0.682485] bootconsole [uart8250] disabled
[    0.691343] SuperH (H)SCI(F) driver initialized
[    0.696124] msm_serial: driver initialized
[    0.700577] Unable to detect cache hierarchy from DT for CPU 0
[    0.711208] loop: module loaded
[    0.715969] libphy: Fixed MDIO Bus: probed
[    0.720576] tun: Universal TUN/TAP device driver, 1.6
[    0.725631] tun: (C) 1999-2004 Max Krasnyansky <maxk@qualcomm.com>
[    0.732274] e1000e: Intel(R) PRO/1000 Network Driver - 3.2.6-k
[    0.738110] e1000e: Copyright(c) 1999 - 2015 Intel Corporation.
[    0.744090] igb: Intel(R) Gigabit Ethernet Network Driver - version 5.3.0-k
[    0.751050] igb: Copyright (c) 2007-2014 Intel Corporation.
[    0.756672] igbvf: Intel(R) Gigabit Virtual Function Network Driver - version 2.0.2-k
[    0.764496] igbvf: Copyright (c) 2009 - 2012 Intel Corporation.
[    0.770463] sky2: driver version 1.30
[    0.774508] VFIO - User Level meta-driver version: 0.3
[    0.780687] ehci_hcd: USB 2.0 'Enhanced' Host Controller (EHCI) Driver
[    0.787219] ehci-pci: EHCI PCI platform driver
[    0.791709] ehci-platform: EHCI generic platform driver
[    0.797010] ehci-exynos: EHCI EXYNOS driver
[    0.801263] ehci-msm: Qualcomm On-Chip EHCI Host Controller
[    0.806895] ohci_hcd: USB 1.1 'Open' Host Controller (OHCI) Driver
[    0.813086] ohci-pci: OHCI PCI platform driver
[    0.817573] ohci-platform: OHCI generic platform driver
[    0.822868] ohci-exynos: OHCI EXYNOS driver
[    0.827385] usbcore: registered new interface driver usb-storage
[    0.834168] mousedev: PS/2 mouse device common for all mice
[    0.840777] tegra_rtc 7000e000.rtc: rtc core: registered 7000e000.rtc as rtc1
[    0.847960] tegra_rtc 7000e000.rtc: Tegra internal Real Time Clock
[    0.854248] i2c /dev entries driver
[    0.859344] sdhci: Secure Digital Host Controller Interface driver
[    0.865533] sdhci: Copyright(c) Pierre Ossman
[    0.869922] Synopsys Designware Multimedia Card Interface Driver
[    0.876224] sdhci-pltfm: SDHCI platform and OF driver helper
[    0.882112] mmc0: Unknown controller version (3). You may experience problems.
[    0.933714] mmc0: SDHCI controller on 700b0600.sdhci [700b0600.sdhci] using ADMA 64-bit
[    0.944259] ledtrig-cpu: registered to indicate activity on CPUs
[    0.951125] usbcore: registered new interface driver usbhid
[    0.956783] usbhid: USB HID core driver
[    0.962826] NET: Registered protocol family 17
[    0.967468] 9pnet: Installing 9P2000 support
[    0.971872] Key type dns_resolver registered
[    0.976782] registered taskstats version 1
[    0.981302] hctosys: unable to open rtc device (rtc0)
[    0.993214] ALSA device list:
[    0.996224]   No soundcards found.
[    0.999908] Waiting for root device PARTUUID=00000000-0001-0000-788f-a75600000000...
[    1.037010] mmc0: new high speed MMC card at address 0001
[    1.042877] mmcblk0: mmc0:0001 SDW16G 14.7 GiB 
[    1.047600] mmcblk0boot0: mmc0:0001 SDW16G partition 1 4.00 MiB
[    1.053724] mmcblk0boot1: mmc0:0001 SDW16G partition 2 4.00 MiB
[    1.059816] mmcblk0rpmb: mmc0:0001 SDW16G partition 3 4.00 MiB
[    1.068090]  mmcblk0: p1 p2 p3 p4 p5 p6 p7 p8 p9 p10 p11 p12 p13 p14 p15 p16 p17 p18
[    1.120051] EXT4-fs (mmcblk0p1): couldn't mount as ext3 due to feature incompatibilities
[    1.144375] EXT4-fs (mmcblk0p1): mounted filesystem with ordered data mode. Opts: (null)
[    1.152501] VFS: Mounted root (ext4 filesystem) on device 179:1.
[    1.163694] devtmpfs: mounted
[    1.167229] Freeing unused kernel memory: 960K (ffff800000bf0000 - ffff800000ce0000)
bash: cannot set terminal process group (-1): Inappropriate ioctl for device
bash: no job contr[    1.333210] random: fast init done
ol in this shell
root@(none):/# 