
U-Boot SPL 2014.01-00219-gc4d376f (Feb 18 2014 - 19:57:18)


U-Boot 2014.01-00219-gc4d376f (Feb 18 2014 - 19:57:18)

TEGRA30
Board: NVIDIA Beaver
I2C:   ready
DRAM:  2 GiB
MMC:   Tegra SD/MMC: 0, Tegra SD/MMC: 1
In:    serial
Out:   serial
Err:   serial
Net:   Net Initialization Skipped
No ethernet found.
Hit any key to stop autoboot:  2  0 
Tegra30 (Beaver) # 
Tegra30 (Beaver) # usb reset
(Re)start USB...
USB0:   USB EHCI 1.00
scanning bus 0 for devices... 2 USB Device(s) found
       scanning usb for storage devices... 0 Storage Device(s) found
       scanning usb for ethernet devices... 
Warning: asx0 using MAC address from net device
1 Ethernet Device(s) found
Tegra30 (Beaver) # setenv bootargs 'ignore_loglevel console=ttyS0,115200n8 rw root=PARTUUID=edbe1840-3633-c751-7993-b0ac834f81e0 rootwait gpt debug noinitrd earlyprintk init=/bin/bash'
Tegra30 (Beaver) # setenv ipaddr 192.168.100.101; setenv serverip 192.168.100.1; setenv tftpserverip 192.168.100.1
Tegra30 (Beaver) # tftpboot 0x81000000 zImage.multi_v7_defconfig
Using asx0 device
TFTP from server 192.168.100.1; our IP address is 192.168.100.101
Filename 'zImage.multi_v7_defconfig'.
Load address: 0x81000000
Loading: *#################################################################
	 #################################################################
	 #################################################################
	 #################################################################
	 #################################################################
	 #################################################################
	 #################################################################
	 #################################################################
	 ####################
	 3.2 MiB/s
done
Bytes transferred = 7914664 (78c4a8 hex)
Tegra30 (Beaver) # tftpboot 0x82000000 tegra30-beaver.dtb
Using asx0 device
TFTP from server 192.168.100.1; our IP address is 192.168.100.101
Filename 'tegra30-beaver.dtb'.
Load address: 0x82000000
Loading: *####
	 2.5 MiB/s
done
Bytes transferred = 51804 (ca5c hex)
Tegra30 (Beaver) # bootz 0x81000000 - 0x82000000
Kernel image @ 0x81000000 [ 0x000000 - 0x78c4a8 ]
## Flattened Device Tree blob at 82000000
   Booting using the fdt blob at 0x82000000
   Loading Device Tree to 8fff0000, end 8ffffa5b ... OK

Starting kernel ...

[    0.000000] Booting Linux on physical CPU 0x0
[    0.000000] Linux version 4.12.0-rc1-170892-g2ea659a (jonathanh@sellafield) (gcc version 4.7.3 20130328 (prerelease) (crosstool-NG linaro-1.13.1-4.7-2013.04-20130415 - Linaro GCC 2013.04) ) #1 SMP Sat May 13 13:37:05 PDT 2017
[    0.000000] CPU: ARMv7 Processor [412fc099] revision 9 (ARMv7), cr=10c5387d
[    0.000000] CPU: PIPT / VIPT nonaliasing data cache, VIPT aliasing instruction cache
[    0.000000] OF: fdt: Machine model: NVIDIA Tegra30 Beaver evaluation board
[    0.000000] debug: ignoring loglevel setting.
[    0.000000] Memory policy: Data cache writealloc
[    0.000000] efi: Getting EFI parameters from FDT:
[    0.000000] efi: UEFI not found.
[    0.000000] cma: Reserved 64 MiB at 0xfb800000
[    0.000000] On node 0 totalpages: 524032
[    0.000000] free_area_init_node: node 0, pgdat c157fd40, node_mem_map eeff8000
[    0.000000]   DMA zone: 1536 pages used for memmap
[    0.000000]   DMA zone: 0 pages reserved
[    0.000000]   DMA zone: 196608 pages, LIFO batch:31
[    0.000000]   HighMem zone: 327424 pages, LIFO batch:31
[    0.000000] percpu: Embedded 17 pages/cpu @eef88000 s39168 r8192 d22272 u69632
[    0.000000] pcpu-alloc: s39168 r8192 d22272 u69632 alloc=17*4096
[    0.000000] pcpu-alloc: [0] 0 [0] 1 [0] 2 [0] 3 
[    0.000000] Built 1 zonelists in Zone order, mobility grouping on.  Total pages: 522496
[    0.000000] Kernel command line: ignore_loglevel console=ttyS0,115200n8 rw root=PARTUUID=edbe1840-3633-c751-7993-b0ac834f81e0 rootwait gpt debug noinitrd earlyprintk init=/bin/bash
[    0.000000] PID hash table entries: 4096 (order: 2, 16384 bytes)
[    0.000000] Dentry cache hash table entries: 131072 (order: 7, 524288 bytes)
[    0.000000] Inode-cache hash table entries: 65536 (order: 6, 262144 bytes)
[    0.000000] Memory: 1993460K/2096128K available (10240K kernel code, 1566K rwdata, 4388K rodata, 2048K init, 409K bss, 37132K reserved, 65536K cma-reserved, 1244160K highmem)
[    0.000000] Virtual kernel memory layout:
[    0.000000]     vector  : 0xffff0000 - 0xffff1000   (   4 kB)
[    0.000000]     fixmap  : 0xffc00000 - 0xfff00000   (3072 kB)
[    0.000000]     vmalloc : 0xf0800000 - 0xff800000   ( 240 MB)
[    0.000000]     lowmem  : 0xc0000000 - 0xf0000000   ( 768 MB)
[    0.000000]     pkmap   : 0xbfe00000 - 0xc0000000   (   2 MB)
[    0.000000]     modules : 0xbf000000 - 0xbfe00000   (  14 MB)
[    0.000000]       .text : 0xc0208000 - 0xc0d00000   (11232 kB)
[    0.000000]       .init : 0xc1200000 - 0xc1400000   (2048 kB)
[    0.000000]       .data : 0xc1400000 - 0xc15879b0   (1567 kB)
[    0.000000]        .bss : 0xc1590d04 - 0xc15f74d8   ( 410 kB)
[    0.000000] SLUB: HWalign=64, Order=0-3, MinObjects=0, CPUs=4, Nodes=1
[    0.000000] Hierarchical RCU implementation.
[    0.000000] 	RCU debugfs-based tracing is enabled.
[    0.000000] 	RCU restricting CPUs from NR_CPUS=16 to nr_cpu_ids=4.
[    0.000000] RCU: Adjusting geometry for rcu_fanout_leaf=16, nr_cpu_ids=4
[    0.000000] NR_IRQS:16 nr_irqs:16 16
[    0.000000] /interrupt-controller@60004000: 160 interrupts forwarded to /interrupt-controller@50041000
[    0.000000] L2C: platform modifies aux control register: 0x02080000 -> 0x3e480001
[    0.000000] L2C: DT/platform modifies aux control register: 0x02080000 -> 0x3e480001
[    0.000000] L2C-310 erratum 769419 enabled
[    0.000000] L2C-310 enabling early BRESP for Cortex-A9
[    0.000000] L2C-310: enabling full line of zeros but not enabled in Cortex-A9
[    0.000000] L2C-310 dynamic clock gating enabled, standby mode enabled
[    0.000000] L2C-310 cache controller enabled, 8 ways, 1024 kB
[    0.000000] L2C-310: CACHE_ID 0x410000c7, AUX_CTRL 0x4e480001
[    0.000013] sched_clock: 32 bits at 1000kHz, resolution 1000ns, wraps every 2147483647500ns
[    0.000031] clocksource: timer_us: mask: 0xffffffff max_cycles: 0xffffffff, max_idle_ns: 1911260446275 ns
[    0.000040] Switching to timer-based delay loop, resolution 1000ns
[    0.002868] Console: colour dummy device 80x30
[    0.002899] Calibrating delay loop (skipped), value calculated using timer frequency.. 2.00 BogoMIPS (lpj=10000)
[    0.002909] pid_max: default: 32768 minimum: 301
[    0.002978] Mount-cache hash table entries: 2048 (order: 1, 8192 bytes)
[    0.002985] Mountpoint-cache hash table entries: 2048 (order: 1, 8192 bytes)
[    0.003380] CPU: Testing write buffer coherency: ok
[    0.003698] CPU0: thread -1, cpu 0, socket 0, mpidr 80000000
[    0.003917] Setting up static identity map for 0x80300000 - 0x803000a0
[    0.006530] Tegra Revision: A03 SKU: 128 CPU Process: 4 SoC Process: 0
[    0.007094] EFI services will not be available.
[    0.007249] smp: Bringing up secondary CPUs ...
[    0.010381] CPU1: thread -1, cpu 1, socket 0, mpidr 80000001
[    0.020338] CPU2: thread -1, cpu 2, socket 0, mpidr 80000002
[    0.030338] CPU3: thread -1, cpu 3, socket 0, mpidr 80000003
[    0.030382] smp: Brought up 1 node, 4 CPUs
[    0.030395] SMP: Total of 4 processors activated (8.00 BogoMIPS).
[    0.030400] CPU: All CPU(s) started in SVC mode.
[    0.031097] devtmpfs: initialized
[    0.039367] VFP support v0.3: implementor 41 architecture 3 part 30 variant 9 rev 4
[    0.039782] clocksource: jiffies: mask: 0xffffffff max_cycles: 0xffffffff, max_idle_ns: 19112604462750000 ns
[    0.039803] futex hash table entries: 1024 (order: 4, 65536 bytes)
[    0.043193] pinctrl core: initialized pinctrl subsystem
[    0.044940] NET: Registered protocol family 16
[    0.047558] DMA: preallocated 256 KiB pool for atomic coherent allocations
[    0.049218] cpuidle: using governor menu
[    0.063117] No ATAGs?
[    0.063217] hw-breakpoint: found 5 (+1 reserved) breakpoint and 1 watchpoint registers.
[    0.063227] hw-breakpoint: maximum watchpoint size is 4 bytes.
[    0.067518] Serial: AMBA PL011 UART driver
[    0.067987] tegra-mc 7000f000.memory-controller: no memory timings for RAM code 3 registered
[    0.077100] AT91: Could not find identification node
[    0.077576] vdd_5v_sata: Failed to request enable GPIO30: -517
[    0.077591] reg-fixed-voltage regulators:regulator@3: Failed to register regulator: -517
[    0.077639] usb1_vbus: Failed to request enable GPIO238: -517
[    0.077646] reg-fixed-voltage regulators:regulator@4: Failed to register regulator: -517
[    0.077692] usb3_vbus: Failed to request enable GPIO236: -517
[    0.077699] reg-fixed-voltage regulators:regulator@5: Failed to register regulator: -517
[    0.077797] sys_3v3_pexs: Failed to request enable GPIO95: -517
[    0.077805] reg-fixed-voltage regulators:regulator@7: Failed to register regulator: -517
[    0.079555] vgaarb: loaded
[    0.080036] SCSI subsystem initialized
[    0.080172] libata version 3.00 loaded.
[    0.080323] usbcore: registered new interface driver usbfs
[    0.080362] usbcore: registered new interface driver hub
[    0.080394] usbcore: registered new device driver usb
[    0.087407] vrtc: supplied by vdd_5v_in
[    0.090693] vio: supplied by vdd_5v_in
[    0.101824] vdd1: supplied by vdd_5v_in
[    0.103184] vddio_ddr_1v2: Bringing 600000uV into 1200000-1200000uV
[    0.111831] vdd2: supplied by vdd_5v_in
[    0.131826] ldo1: supplied by vdd_1v5_gen
[    0.134212] ldo2: supplied by vdd_1v5_gen
[    0.134683] vdd_sata,avdd_plle: Bringing 1200000uV into 1050000-1050000uV
[    0.136915] ldo3: supplied by vdd_5v_in
[    0.139271] ldo4: supplied by vdd_5v_in
[    0.141829] ldo5: supplied by vdd_5v_in
[    0.151819] ldo6: supplied by vdd_1v8_gen
[    0.152289] avdd_dsi_csi,pwrdet_mipi: Bringing 1000000uV into 1200000-1200000uV
[    0.154550] ldo7: supplied by vdd_1v8_gen
[    0.161820] ldo8: supplied by vdd_1v8_gen
[    0.171923] pps_core: LinuxPPS API ver. 1 registered
[    0.171929] pps_core: Software ver. 5.3.6 - Copyright 2005-2007 Rodolfo Giometti <giometti@linux.it>
[    0.171942] PTP clock support registered
[    0.172074] EDAC MC: Ver: 3.0.0
[    0.173581] clocksource: Switched to clocksource timer_us
[    0.206735] NET: Registered protocol family 2
[    0.207159] TCP established hash table entries: 8192 (order: 3, 32768 bytes)
[    0.207215] TCP bind hash table entries: 8192 (order: 4, 65536 bytes)
[    0.207298] TCP: Hash tables configured (established 8192 bind 8192)
[    0.207447] UDP hash table entries: 512 (order: 2, 16384 bytes)
[    0.207516] UDP-Lite hash table entries: 512 (order: 2, 16384 bytes)
[    0.207682] NET: Registered protocol family 1
[    0.208009] RPC: Registered named UNIX socket transport module.
[    0.208017] RPC: Registered udp transport module.
[    0.208021] RPC: Registered tcp transport module.
[    0.208025] RPC: Registered tcp NFSv4.1 backchannel transport module.
[    0.208036] PCI: CLS 0 bytes, default 64
[    0.208864] hw perfevents: no interrupt-affinity property for /pmu, guessing.
[    0.209067] hw perfevents: enabled with armv7_cortex_a9 PMU driver, 7 counters available
[    0.210284] workingset: timestamp_bits=30 max_order=19 bucket_order=0
[    0.215096] squashfs: version 4.0 (2009/01/31) Phillip Lougher
[    0.215516] NFS: Registering the id_resolver key type
[    0.215546] Key type id_resolver registered
[    0.215550] Key type id_legacy registered
[    0.215584] ntfs: driver 2.1.32 [Flags: R/O].
[    0.216704] bounce: pool size: 64 pages
[    0.216742] Block layer SCSI generic (bsg) driver version 0.4 loaded (major 248)
[    0.216750] io scheduler noop registered
[    0.216755] io scheduler deadline registered
[    0.216777] io scheduler cfq registered (default)
[    0.216782] io scheduler mq-deadline registered
[    0.216786] io scheduler kyber registered
[    0.222964] tegra30-pinctrl 70000868.pinmux: invalid group "sdmmc3_dat6_pd3" for function "rsvd1"
[    0.222980] tegra30-pinctrl 70000868.pinmux: invalid group "sdmmc3_dat7_pd4" for function "rsvd1"
[    0.222993] tegra30-pinctrl 70000868.pinmux: invalid group "vi_vsync_pd6" for function "rsvd1"
[    0.223003] tegra30-pinctrl 70000868.pinmux: invalid group "vi_hsync_pd7" for function "rsvd1"
[    0.223443] tegra30-pinctrl 70000868.pinmux: invalid group "hdmi_int_pn7" for function "rsvd1"
[    0.223486] tegra30-pinctrl 70000868.pinmux: invalid group "ulpi_data3_po4" for function "rsvd1"
[    0.223863] tegra30-pinctrl 70000868.pinmux: invalid group "vi_d10_pt2" for function "rsvd1"
[    0.223877] tegra30-pinctrl 70000868.pinmux: invalid group "vi_d11_pt3" for function "rsvd1"
[    0.223889] tegra30-pinctrl 70000868.pinmux: invalid group "vi_d0_pt4" for function "rsvd1"
[    0.223944] tegra30-pinctrl 70000868.pinmux: invalid group "pu0" for function "rsvd1"
[    0.223975] tegra30-pinctrl 70000868.pinmux: invalid group "pu3" for function "rsvd1"
[    0.224005] tegra30-pinctrl 70000868.pinmux: invalid group "pu6" for function "rsvd1"
[    0.224045] tegra30-pinctrl 70000868.pinmux: invalid group "pv3" for function "rsvd1"
[    0.224531] tegra30-pinctrl 70000868.pinmux: invalid group "pbb0" for function "rsvd1"
[    0.224645] tegra30-pinctrl 70000868.pinmux: invalid group "pcc1" for function "rsvd1"
[    0.229665] tegra-pcie 3000.pcie-controller: 2x3 configuration
[    0.229809] tegra-pcie 3000.pcie-controller: Failed to get supply 'hvdd-pex': -517
[    0.235218] tegra-apbdma 6000a000.dma: Tegra20 APB DMA driver register 32 channels
[    0.236766] tegra-pmc 7000e400.pmc: i2c-thermtrip node not found, emergency thermal reset disabled.
[    0.268621] Serial: 8250/16550 driver, 4 ports, IRQ sharing disabled
[    0.270615] console [ttyS0] disabled
[    0.270652] 70006000.serial: ttyS0 at MMIO 0x70006000 (irq = 331, base_baud = 25500000) is a Tegra
[    1.290917] console [ttyS0] enabled
[    1.294938] SuperH (H)SCI(F) driver initialized
[    1.300009] msm_serial: driver initialized
[    1.304226] STMicroelectronics ASC driver initialized
[    1.312658] tegra-hdmi 54280000.hdmi: failed to get HDMI regulator
[    1.327325] brd: module loaded
[    1.336184] loop: module loaded
[    1.344724] m25p80 spi32766.1: w25q32 (4096 Kbytes)
[    1.351400] libphy: Fixed MDIO Bus: probed
[    1.356225] CAN device driver interface
[    1.360589] bgmac_bcma: Broadcom 47xx GBit MAC driver loaded
[    1.366979] e1000e: Intel(R) PRO/1000 Network Driver - 3.2.6-k
[    1.372794] e1000e: Copyright(c) 1999 - 2015 Intel Corporation.
[    1.378743] igb: Intel(R) Gigabit Ethernet Network Driver - version 5.4.0-k
[    1.385694] igb: Copyright (c) 2007-2014 Intel Corporation.
[    1.393151] pegasus: v0.9.3 (2013/04/25), Pegasus/Pegasus II USB Ethernet driver
[    1.400595] usbcore: registered new interface driver pegasus
[    1.406279] usbcore: registered new interface driver asix
[    1.411682] usbcore: registered new interface driver ax88179_178a
[    1.417788] usbcore: registered new interface driver cdc_ether
[    1.423641] usbcore: registered new interface driver smsc75xx
[    1.429396] usbcore: registered new interface driver smsc95xx
[    1.435154] usbcore: registered new interface driver net1080
[    1.440814] usbcore: registered new interface driver cdc_subset
[    1.446751] usbcore: registered new interface driver zaurus
[    1.452339] usbcore: registered new interface driver cdc_ncm
[    1.459397] ehci_hcd: USB 2.0 'Enhanced' Host Controller (EHCI) Driver
[    1.465921] ehci-pci: EHCI PCI platform driver
[    1.470376] ehci-platform: EHCI generic platform driver
[    1.475716] ehci-orion: EHCI orion driver
[    1.479798] SPEAr-ehci: EHCI SPEAr driver
[    1.483880] ehci-st: EHCI STMicroelectronics driver
[    1.488816] ehci-exynos: EHCI EXYNOS driver
[    1.493069] ehci-atmel: EHCI Atmel driver
[    1.497150] tegra-ehci: Tegra EHCI driver
[    1.501439] ohci_hcd: USB 1.1 'Open' Host Controller (OHCI) Driver
[    1.507622] ohci-pci: OHCI PCI platform driver
[    1.512088] ohci-platform: OHCI generic platform driver
[    1.517408] ohci-omap3: OHCI OMAP3 driver
[    1.521478] SPEAr-ohci: OHCI SPEAr driver
[    1.525559] ohci-st: OHCI STMicroelectronics driver
[    1.530494] ohci-atmel: OHCI Atmel driver
[    1.534923] usbcore: registered new interface driver usb-storage
[    1.543347] tegra_rtc 7000e000.rtc: rtc core: registered 7000e000.rtc as rtc1
[    1.550524] tegra_rtc 7000e000.rtc: Tegra internal Real Time Clock
[    1.559451] random: fast init done
[    1.572759] tps65910-rtc tps65910-rtc: rtc core: registered tps65910-rtc as rtc0
[    1.580352] i2c /dev entries driver
[    1.591811] sdhci: Secure Digital Host Controller Interface driver
[    1.598003] sdhci: Copyright(c) Pierre Ossman
[    1.603246] Synopsys Designware Multimedia Card Interface Driver
[    1.609968] sdhci-pltfm: SDHCI platform and OF driver helper
[    1.616143] sdhci-tegra 78000000.sdhci: Got CD GPIO
[    1.621018] sdhci-tegra 78000000.sdhci: Got WP GPIO
[    1.634185] mmc0: Invalid maximum block size, assuming 512 bytes
[    1.703675] mmc0: SDHCI controller on 78000000.sdhci [78000000.sdhci] using ADMA
[    1.720043] mmc1: Invalid maximum block size, assuming 512 bytes
[    1.783600] mmc1: SDHCI controller on 78000600.sdhci [78000600.sdhci] using ADMA
[    1.792298] ledtrig-cpu: registered to indicate activity on CPUs
[    1.798586] usbcore: registered new interface driver usbhid
[    1.804156] usbhid: USB HID core driver
[    1.810304] NET: Registered protocol family 10
[    1.815449] Segment Routing with IPv6
[    1.819142] sit: IPv6, IPv4 and MPLS over IPv4 tunneling driver
[    1.825488] NET: Registered protocol family 17
[    1.829924] can: controller area network core (rev 20170425 abi 9)
[    1.836144] NET: Registered protocol family 29
[    1.840576] can: raw protocol (rev 20170425)
[    1.844848] can: broadcast manager protocol (rev 20170425 t)
[    1.850495] can: netlink gateway (rev 20170425) max_hops=1
[    1.856262] Key type dns_resolver registered
[    1.860911] ThumbEE CPU extension supported.
[    1.865192] Registering SWP/SWPB emulation handler
[    1.880572] vdd_ddr: supplied by vdd_5v_in
[    1.885512] vdd_5v_sata: supplied by vdd_5v_in
[    1.890270] usb1_vbus: supplied by vdd_5v_in
[    1.894854] usb3_vbus: supplied by vdd_5v_in
[    1.900345] sys_3v3,vdd_3v3_alw: supplied by vdd_5v_in
[    1.906295] sys_3v3_pexs: supplied by sys_3v3,vdd_3v3_alw
[    1.911808] +VDD_5V_HDMI: supplied by sys_3v3,vdd_3v3_alw
[    1.915570] mmc1: new high speed MMC card at address 0001
[    1.918577] mmcblk1: mmc1:0001 SEM16G 14.8 GiB 
[    1.919594] mmcblk1boot0: mmc1:0001 SEM16G partition 1 1.00 MiB
[    1.920634] mmcblk1boot1: mmc1:0001 SEM16G partition 2 1.00 MiB
[    1.921097] mmc0: new ultra high speed DDR50 SDHC card at address aaaa
[    1.921750] mmcblk1rpmb: mmc1:0001 SEM16G partition 3 128 KiB
[    1.921939] mmcblk0: mmc0:aaaa SS04G 3.69 GiB 
[    1.933592] Primary GPT is invalid, using alternate GPT.
[    1.933611]  mmcblk1: p1 p2 p3 p4 p5
[    1.956980]  mmcblk0: p1 p2 p3
[    1.968284] tegra-pcie 3000.pcie-controller: 2x3 configuration
[    1.976551] tegra-pcie 3000.pcie-controller: probing port 0, using 2 lanes
[    2.041692] tegra-pcie 3000.pcie-controller: probing port 2, using 2 lanes
[    2.452429] tegra-pcie 3000.pcie-controller: link 2 down, retrying
[    2.862465] tegra-pcie 3000.pcie-controller: link 2 down, retrying
[    3.272500] tegra-pcie 3000.pcie-controller: link 2 down, retrying
[    3.280693] tegra-pcie 3000.pcie-controller: link 2 down, ignoring
[    3.286986] tegra-pcie 3000.pcie-controller: PCI host bridge to bus 0000:00
[    3.293947] pci_bus 0000:00: root bus resource [io  0x0000-0xffff]
[    3.300112] pci_bus 0000:00: root bus resource [mem 0x20000000-0x27ffffff]
[    3.306979] pci_bus 0000:00: root bus resource [mem 0x28000000-0x3fffffff pref]
[    3.314279] pci_bus 0000:00: root bus resource [bus 00-ff]
[    3.319771] pci 0000:00:01.0: [10de:0e1c] type 01 class 0x060400
[    3.325797] pci_bus 0000:00: 2-byte config write to 0000:00:01.0 offset 0x88 may corrupt adjacent RW1C bits
[    3.335544] pci_bus 0000:00: 2-byte config write to 0000:00:01.0 offset 0x52 may corrupt adjacent RW1C bits
[    3.345286] pci 0000:00:01.0: PME# supported from D0 D1 D2 D3hot D3cold
[    3.351885] pci_bus 0000:00: 2-byte config write to 0000:00:01.0 offset 0x4c may corrupt adjacent RW1C bits
[    3.361747] pci_bus 0000:00: 2-byte config write to 0000:00:01.0 offset 0x3e may corrupt adjacent RW1C bits
[    3.371479] pci_bus 0000:00: 2-byte config write to 0000:00:01.0 offset 0x4 may corrupt adjacent RW1C bits
[    3.381120] pci_bus 0000:00: 1-byte config write to 0000:00:01.0 offset 0xc may corrupt adjacent RW1C bits
[    3.390758] PCI: bus0: Fast back to back transfers disabled
[    3.396324] pci 0000:00:01.0: bridge configuration invalid ([bus 00-00]), reconfiguring
[    3.404317] pci_bus 0000:00: 2-byte config write to 0000:00:01.0 offset 0x3e may corrupt adjacent RW1C bits
[    3.414044] pci_bus 0000:00: 2-byte config write to 0000:00:01.0 offset 0x3e may corrupt adjacent RW1C bits
[    3.423771] pci_bus 0000:00: 2-byte config write to 0000:00:01.0 offset 0x3e may corrupt adjacent RW1C bits
[    3.433489] pci_bus 0000:00: 2-byte config write to 0000:00:01.0 offset 0x6 may corrupt adjacent RW1C bits
[    3.443226] pci 0000:01:00.0: [10ec:8168] type 00 class 0x020000
[    3.449247] pci 0000:01:00.0: reg 0x10: [io  0x0000-0x00ff]
[    3.454829] pci 0000:01:00.0: reg 0x18: [mem 0x00000000-0x00000fff 64bit pref]
[    3.462043] pci 0000:01:00.0: reg 0x20: [mem 0x00000000-0x00003fff 64bit pref]
[    3.469326] pci 0000:01:00.0: supports D1 D2
[    3.473593] pci 0000:01:00.0: PME# supported from D0 D1 D2 D3hot D3cold
[    3.503610] PCI: bus1: Fast back to back transfers disabled
[    3.509171] pci_bus 0000:01: busn_res: [bus 01-ff] end is updated to 01
[    3.515842] pci 0000:00:01.0: BAR 9: assigned [mem 0x28000000-0x280fffff 64bit pref]
[    3.523578] pci 0000:00:01.0: BAR 7: assigned [io  0x1000-0x1fff]
[    3.529659] pci 0000:01:00.0: BAR 4: assigned [mem 0x28000000-0x28003fff 64bit pref]
[    3.537403] pci 0000:01:00.0: BAR 2: assigned [mem 0x28004000-0x28004fff 64bit pref]
[    3.545146] pci 0000:01:00.0: BAR 0: assigned [io  0x1000-0x10ff]
[    3.551227] pci 0000:00:01.0: PCI bridge to [bus 01]
[    3.556186] pci 0000:00:01.0:   bridge window [io  0x1000-0x1fff]
[    3.562266] pci 0000:00:01.0:   bridge window [mem 0x28000000-0x280fffff 64bit pref]
[    3.570015] pci 0000:00:01.0: nv_msi_ht_cap_quirk didn't locate host bridge
[    3.577032] pcieport 0000:00:01.0: enabling device (0140 -> 0143)
[    3.583309] pcieport 0000:00:01.0: Signaling PME with IRQ 374
[    3.589270] r8169 Gigabit Ethernet driver 2.3LK-NAPI loaded
[    3.594860] r8169 0000:01:00.0: enabling device (0140 -> 0143)
[    3.601605] r8169 0000:01:00.0 eth0: RTL8168evl/8111evl at 0xf0b1c000, 02:04:4b:01:60:a6, XID 0c900800 IRQ 375
[    3.611606] r8169 0000:01:00.0 eth0: jumbo features [frames: 9200 bytes, tx checksumming: ko]
[    3.626668] utmi_phy_clk_enable: timeout waiting for phy to stabilize
[    3.633117] tegra-ehci 7d004000.usb: EHCI Host Controller
[    3.638539] tegra-ehci 7d004000.usb: new USB bus registered, assigned bus number 1
[    3.646292] tegra-ehci 7d004000.usb: irq 343, io mem 0x7d004000
[    3.673993] tegra-ehci 7d004000.usb: USB 2.0 started, EHCI 1.00
[    3.681266] hub 1-0:1.0: USB hub found
[    3.685042] hub 1-0:1.0: 1 port detected
[    3.690081] tegra-ehci 7d008000.usb: EHCI Host Controller
[    3.695506] tegra-ehci 7d008000.usb: new USB bus registered, assigned bus number 2
[    3.703231] tegra-ehci 7d008000.usb: irq 344, io mem 0x7d008000
[    3.733976] tegra-ehci 7d008000.usb: USB 2.0 started, EHCI 1.00
[    3.741139] hub 2-0:1.0: USB hub found
[    3.744911] hub 2-0:1.0: 1 port detected
[    3.754870] tps65910-rtc tps65910-rtc: setting system clock to 2000-01-01 00:00:02 UTC (946684802)
[    3.764365] vdd_sata,avdd_plle: disabling
[    3.769108] usb1_vbus: disabling
[    3.774504] EXT4-fs (mmcblk1p1): mounting ext3 file system using the ext4 subsystem
[    3.840248] EXT4-fs (mmcblk1p1): warning: mounting fs with errors, running e2fsck is recommended
[    3.850517] EXT4-fs (mmcblk1p1): recovery complete
[    3.856500] EXT4-fs (mmcblk1p1): mounted filesystem with ordered data mode. Opts: (null)
[    3.864619] VFS: Mounted root (ext3 filesystem) on device 179:1.
[    3.881123] devtmpfs: mounted
[    3.886547] Freeing unused kernel memory: 2048K
bash: cannot set terminal process group (-1): Inappropriate ioctl for device
bash: no job control in this shell
root@(none):/# [    4.113994] usb 2-1: new high-speed USB device number 2 using tegra-ehci
[    4.794210] asix 2-1:1.0 eth1: register 'asix' at usb-7d008000.usb-1, ASIX AX88772 USB 2.0 Ethernet, 00:50:b6:0f:67:60
