[0000.728] [TegraBoot] (version 23.00.2015.14-mobile-1ef66670)
[0000.733] Processing in cold boot mode Bootloader 2
[0000.738] A01Q Bootrom Patch rev = 3
[0000.741] Power-up reason: pmu watchdog
[0000.745] No Battery Present
[0000.748] Platform has Ddr4 type ram
[0000.751] max77620 disabling SD1 Remote Sense
[0000.755] Setting Ddr voltage to 1125mv
[0000.759] Serial Number of Pmic Max77663: 0x40daf
[0000.767] Entering ramdump check
[0000.770] Get RamDumpCarveOut = 0x0
[0000.773] RamDumpCarveOut=0x0,  RamDumperFlag=0xe59ff3f8
[0000.778] Last reboot was clean, booting normally!
[0000.783] Sdram initialization is successful 
[0000.787] SecureOs Carveout Base=0xff800000 Size=0x00800000
[0000.793] GSC1 Carveout Base=0xff700000 Size=0x00100000
[0000.818] GSC2 Carveout Base=0xff600000 Size=0x00100000
[0000.844] GSC3 Carveout Base=0xff500000 Size=0x00100000
[0000.849] GSC4 Carveout Base=0xff400000 Size=0x00100000
[0000.855] GSC5 Carveout Base=0xff300000 Size=0x00100000
[0000.860] BpmpFw Carveout Base=0xff2c0000 Size=0x00040000
[0000.865] Lp0 Carveout Base=0xff2bf000 Size=0x00001000
[0000.880] RamDump Carveout Base=0xff23f000 Size=0x00080000
[0000.886] Platform-DebugCarveout: 0
[0000.889] Nck Carveout Base=0xff03f000 Size=0x00200000
[0000.938] Using GPT Primary to query partitions 
[0000.944] Loading Tboot-CPU binary
[0000.993] Verifying bootloader in OdmNonSecureSBK mode
[0001.003] Bootloader load address is 0xa0000000,                            entry address is 0xa0000258
[0001.012] Bootloader downloaded successfully.
[0001.016] Downloaded Tboot-CPU binary to 0xa0000258
[0001.021] MAX77620_GPIO1 Configured.
[0001.025] MAX77620_GPIO5 Configured.
[0001.028] CPU power rail is up
[0001.031] CPU clock enabled
[0001.035] Performing RAM repair
[0001.038] Updating A64 Warmreset Address to 0xa00002e9
[0001.057] Bootloader DTB Load Address: 0x83000000
[0001.074] Kernel DTB Load Address: 0x83080000
[0001.080] Loading cboot binary
[0001.173] Verifying bootloader in OdmNonSecureSBK mode
[0001.261] Bootloader load address is 0x8010fda8,                            entry address is 0x80110000
[0001.270] Bootloader downloaded successfully.
[0001.275] GPT: Partition NOT found ! 
[0001.278] Find Partition via GPT Failed
[0001.282] function NvTbootGetBinaryOffsets: 0x845208 error
[0001.287] Error in NvTbootLoadBinary: 0x845208 !
[0001.291] GPT: Partition NOT found ! 
[0001.295] No FB partition
[0001.297] Next binary entry address: 0x80110000 
[0001.302] BoardId: 2595
[0001.307] dram memory type is 3
[0001.312] WB0 init successful
[0001.339] Bpmp FW successfully loaded
[0001.342] Set NvDecSticky Bits
[0001.346] GSC1 address : ff700000
[0001.349] GSC2 address : ff600000
[0001.353] GSC3 address : ff500000
[0001.357] GSC4 address : ff400000
[0001.361] GSC5 address : ff300000
[0001.364] GSC MC Settings done
[0001.369] TOS old plaintext Image length 61440
[0001.375] *** Secure OS image signature not verified ***
[0001.380] Loading and Validation of Secure OS Successful
[0001.385] NvTbootPackSdramParams: start. 
[0001.390] NvTbootPackSdramParams: done. 
[0001.394] Tegraboot started after 720047 us
[0001.398] Basic modules init took 348679 us
[0001.402] Sec Bootdevice Read Time = 202 ms, Read Size = 8459 KB
[0001.408] Next stage binary read took 14368 us
[0001.412] Carveout took 252724 us
[0001.415] CPU initialization took 92318 us
[0001.419] Total time taken by TegraBoot 708089 us

[0001.424] Starting CPU & Halting co-processor 

64b[0001.559] LPDDR4 Training: Number of tables = 10
[0001.564] EMC Training (SRC-freq: 204000; DST-freq: 408000)
[0001.570] EMC Training Successful
[0001.573] EMC Training (SRC-freq: 204000; DST-freq: 665600)
[0001.579] EMC Training Successful
[0001.582] EMC Training (SRC-freq: 204000; DST-freq: 800000)
[0001.593] EMC Training Successful
[0001.596] EMC Training (SRC-freq: 204000; DST-freq: 1065600)
[0001.619] EMC Training Successful
[0001.622] EMC Training (SRC-freq: 204000; DST-freq: 1331200)
[0001.644] EMC Training Successful
[0001.647] EMC Training (SRC-freq: 204000; DST-freq: 1600000)
[0001.666] EMC Training Successful
[0001.669] Switching to 800000 KHz Success
[0001.703] LPDDR4 Training: Number of tables = 10


U-Boot 2015.07-rc2-g2ac3917 (Nov 09 2015 - 13:12:08 -0800)

TEGRA210
Model: NVIDIA P2371-0000
DRAM:  3 GiB
MC:   Tegra SD/MMC: 0, Tegra SD/MMC: 1
*** Warning - bad CRC, using default environment

In:    serial
Out:   serial
Err:   serial
Net:   Net Initialization Skipped
No ethernet found.
Hit any key to stop autoboot:  2  0 
Tegra210 (P2371-0000) # 
Tegra210 (P2371-0000) # ums 0 mmc 0
UMS: disk start sector: 0x0, count: 0x1d5a000
|/-\|/-\/-\|/-\/-\|/-\/-\|/-\/-\|/-\/-\|/-\/-\|/-\/-\|/-\/-\CTRL+C - Operation aborted
Tegra210 (P2371-0000) # 
Tegra210 (P2371-0000) # env set fdt_copy_node_names /cpus:/psci
Tegra210 (P2371-0000) # setenv rootpart 1
Tegra210 (P2371-0000) # setenv devtype mmc
Tegra210 (P2371-0000) # setenv devnum 0
Tegra210 (P2371-0000) # part uuid ${devtype} ${devnum}:${rootpart} uuid
Tegra210 (P2371-0000) # setenv bootargs ignore_loglevel console=ttyS0,115200n8 earlycon=uart8250,mmio32,0x70006000 rw root=/dev/mmcblk0p1 rootwait debug earlyprintk init=/bin/bash
Tegra210 (P2371-0000) # load ${devtype} ${devnum}:${rootpart} ${kernel_addr_r} /boot/Image.defconfig
11674624 bytes read in 735 ms (15.1 MiB/s)
Tegra210 (P2371-0000) # load ${devtype} ${devnum}:${rootpart} ${fdt_addr_r} /boot/tegra210-p2371-0000.dtb
37136 bytes read in 453 ms (79.1 KiB/s)
Tegra210 (P2371-0000) # load ${devtype} ${devnum}:${rootpart} ${ramdisk_addr_r} /boot/tegra-ramdisk.img
1627787 bytes read in 495 ms (3.1 MiB/s)
Tegra210 (P2371-0000) # ramdisk_size=${filesize}
Tegra210 (P2371-0000) # booti ${kernel_addr_r} - ${fdt_addr_r}
## Flattened Device Tree blob at 82000000
   Booting using the fdt blob at 0x82000000
   Using Device Tree in place at 0000000082000000, end 000000008200c10f

Starting kernel ...

[    0.000000] Booting Linux on physical CPU 0x0
[    0.000000] Linux version 4.6.0-rc3+ (pwalmsley@tamien) (gcc version 4.9.2 20140904 (prerelease) (crosstool-NG linaro-1.13.1-4.9-2014.09 - Linaro GCC 4.9-2014.09) ) #1 SMP PREEMPT Sun Apr 10 18:35:55 PDT 2016
[    0.000000] Boot CPU: AArch64 Processor [411fd071]
[    0.000000] debug: ignoring loglevel setting.
[    0.000000] earlycon: uart8250 at MMIO32 0x0000000070006000 (options '')
[    0.000000] bootconsole [uart8250] enabled
[    0.000000] efi: Getting EFI parameters from FDT:
[    0.000000] efi: UEFI not found.
[    0.000000] cma: Reserved 16 MiB at 0x00000000fe000000
[    0.000000] On node 0 totalpages: 782848
[    0.000000]   DMA zone: 8192 pages used for memmap
[    0.000000]   DMA zone: 0 pages reserved
[    0.000000]   DMA zone: 520704 pages, LIFO batch:31
[    0.000000]   Normal zone: 4096 pages used for memmap
[    0.000000]   Normal zone: 262144 pages, LIFO batch:31
[    0.000000] psci: probing for conduit method from DT.
[    0.000000] psci: PSCIv0.2 detected in firmware.
[    0.000000] psci: Using standard PSCI v0.2 function IDs
[    0.000000] psci: MIGRATE_INFO_TYPE not supported.
[    0.000000] percpu: Embedded 20 pages/cpu @ffffffc0bff5a000 s43008 r8192 d30720 u81920
[    0.000000] pcpu-alloc: s43008 r8192 d30720 u81920 alloc=20*4096
[    0.000000] pcpu-alloc: [0] 0 [0] 1 [0] 2 [0] 3 
[    0.000000] Detected PIPT I-cache on CPU0
[    0.000000] CPU features: enabling workaround for ARM erratum 832075
[    0.000000] CPU features: enabling workaround for ARM erratum 834220
[    0.000000] Built 1 zonelists in Zone order, mobility grouping on.  Total pages: 770560
[    0.000000] Kernel command line: ignore_loglevel console=ttyS0,115200n8 earlycon=uart8250,mmio32,0x70006000 rw root=/dev/mmcblk0p1 rootwait debug earlyprintk init=/bin/bash
[    0.000000] log_buf_len individual max cpu contribution: 4096 bytes
[    0.000000] log_buf_len total cpu_extra contributions: 12288 bytes
[    0.000000] log_buf_len min size: 16384 bytes
[    0.000000] log_buf_len: 32768 bytes
[    0.000000] early log buf free: 14320(87%)
[    0.000000] PID hash table entries: 4096 (order: 3, 32768 bytes)
[    0.000000] Dentry cache hash table entries: 524288 (order: 10, 4194304 bytes)
[    0.000000] Inode-cache hash table entries: 262144 (order: 9, 2097152 bytes)
[    0.000000] software IO TLB [mem 0xfa000000-0xfe000000] (64MB) mapped at [ffffffc07a000000-ffffffc07dffffff]
[    0.000000] Memory: 2981316K/3131392K available (6996K kernel code, 625K rwdata, 2956K rodata, 816K init, 244K bss, 133692K reserved, 16384K cma-reserved)
[    0.000000] Virtual kernel memory layout:
[    0.000000]     modules : 0xffffff8000000000 - 0xffffff8008000000   (   128 MB)
[    0.000000]     vmalloc : 0xffffff8008000000 - 0xffffffbdbfff0000   (   246 GB)
[    0.000000]       .text : 0xffffff8008080000 - 0xffffff8008753000   (  6988 KB)
[    0.000000]     .rodata : 0xffffff8008753000 - 0xffffff8008a3a000   (  2972 KB)
[    0.000000]       .init : 0xffffff8008a3a000 - 0xffffff8008b06000   (   816 KB)
[    0.000000]       .data : 0xffffff8008b06000 - 0xffffff8008ba2400   (   625 KB)
[    0.000000]     vmemmap : 0xffffffbdc0000000 - 0xffffffbfc0000000   (     8 GB maximum)
[    0.000000]               0xffffffbdc0000000 - 0xffffffbdc3000000   (    48 MB actual)
[    0.000000]     fixed   : 0xffffffbffe7fd000 - 0xffffffbffec00000   (  4108 KB)
[    0.000000]     PCI I/O : 0xffffffbffee00000 - 0xffffffbfffe00000   (    16 MB)
[    0.000000]     memory  : 0xffffffc000000000 - 0xffffffc0c0000000   (  3072 MB)
[    0.000000] SLUB: HWalign=64, Order=0-3, MinObjects=0, CPUs=4, Nodes=1
[    0.000000] Preemptible hierarchical RCU implementation.
[    0.000000] 	Build-time adjustment of leaf fanout to 64.
[    0.000000] 	RCU restricting CPUs from NR_CPUS=64 to nr_cpu_ids=4.
[    0.000000] RCU: Adjusting geometry for rcu_fanout_leaf=64, nr_cpu_ids=4
[    0.000000] NR_IRQS:64 nr_irqs:64 0
[    0.000000] GIC: Using split EOI/Deactivate mode
[    0.000000] /interrupt-controller@0,60004000: 192 interrupts forwarded to /interrupt-controller@0,50041000
[    0.000000] PLL_MB already enabled. Postponing set full defaults
[    0.000000] PLL_U already enabled. Postponing set full defaults
[    0.000000] PLL_P already enabled. Postponing set full defaults
[    0.000000] PLL_X already enabled. Postponing set full defaults
[    0.000000] boot misc1 0x0: expected 0x20
[    0.000000]  (comparison mask = 0xffffff)
[    0.000000] Architected cp15 timer(s) running at 19.20MHz (phys).
[    0.000000] clocksource: arch_sys_counter: mask: 0xffffffffffffff max_cycles: 0x46d987e47, max_idle_ns: 440795202767 ns
[    0.000004] sched_clock: 56 bits at 19MHz, resolution 52ns, wraps every 4398046511078ns
[    0.008385] Console: colour dummy device 80x25
[    0.012993] Calibrating delay loop (skipped), value calculated using timer frequency.. 38.40 BogoMIPS (lpj=76800)
[    0.023618] pid_max: default: 32768 minimum: 301
[    0.028460] Security Framework initialized
[    0.032732] Mount-cache hash table entries: 8192 (order: 4, 65536 bytes)
[    0.039659] Mountpoint-cache hash table entries: 8192 (order: 4, 65536 bytes)
[    0.047895] ASID allocator initialised with 65536 entries
[    0.054616] Speedo Revision 4
[    0.057709] Tegra Revision: A01 SKU: 1 CPU Process: -22 SoC Process: -22
[    0.065139] EFI services will not be available.
[    0.070358] Detected PIPT I-cache on CPU1
[    0.070399] CPU1: Booted secondary processor [411fd071]
[    0.070789] Detected PIPT I-cache on CPU2
[    0.070821] CPU2: Booted secondary processor [411fd071]
[    0.071212] Detected PIPT I-cache on CPU3
[    0.071245] CPU3: Booted secondary processor [411fd071]
[    0.071314] Brought up 4 CPUs
[    0.102999] SMP: Total of 4 processors activated.
[    0.107865] CPU: All CPU(s) started at EL2
[    0.112115] alternatives: patching kernel code
[    0.119430] devtmpfs: initialized
[    0.130720] DMI not present or invalid.
[    0.134920] clocksource: jiffies: mask: 0xffffffff max_cycles: 0xffffffff, max_idle_ns: 7645041785100000 ns
[    0.145505] pinctrl core: initialized pinctrl subsystem
[    0.152238] NET: Registered protocol family 16
[    0.172895] cpuidle: using governor menu
[    0.177119] vdso: 2 pages (1 code @ ffffff8008759000, 1 data @ ffffff8008b0c000)
[    0.184790] hw-breakpoint: found 6 breakpoint and 4 watchpoint registers.
[    0.192630] DMA: preallocated 256 KiB pool for atomic allocations
[    0.199153] Serial: AMBA PL011 UART driver
[    0.235922] HugeTLB registered 2 MB page size, pre-allocated 0 pages
[    0.244257] vgaarb: loaded
[    0.247384] SCSI subsystem initialized
[    0.251417] libata version 3.00 loaded.
[    0.255653] usbcore: registered new interface driver usbfs
[    0.261380] usbcore: registered new interface driver hub
[    0.266937] usbcore: registered new device driver usb
[    0.272732] pps_core: LinuxPPS API ver. 1 registered
[    0.277883] pps_core: Software ver. 5.3.6 - Copyright 2005-2007 Rodolfo Giometti <giometti@linux.it>
[    0.287356] PTP clock support registered
[    0.291566] dmi: Firmware registration failed.
[    0.296324] Advanced Linux Sound Architecture Driver Initialized.
[    0.303271] clocksource: Switched to clocksource arch_sys_counter
[    0.309689] VFS: Disk quotas dquot_6.6.0
[    0.313791] VFS: Dquot-cache hash table entries: 512 (order 0, 4096 bytes)
[    0.328563] NET: Registered protocol family 2
[    0.333572] TCP established hash table entries: 32768 (order: 6, 262144 bytes)
[    0.341259] TCP bind hash table entries: 32768 (order: 7, 524288 bytes)
[    0.348385] TCP: Hash tables configured (established 32768 bind 32768)
[    0.355241] UDP hash table entries: 2048 (order: 4, 65536 bytes)
[    0.361512] UDP-Lite hash table entries: 2048 (order: 4, 65536 bytes)
[    0.368400] NET: Registered protocol family 1
[    0.373174] RPC: Registered named UNIX socket transport module.
[    0.379331] RPC: Registered udp transport module.
[    0.384197] RPC: Registered tcp transport module.
[    0.389080] RPC: Registered tcp NFSv4.1 backchannel transport module.
[    0.395761] PCI: CLS 0 bytes, default 128
[    0.400947] kvm [1]: 8-bit VMID
[    0.404206] kvm [1]: Hyp mode initialized successfully
[    0.409621] kvm [1]: interrupt-controller@50044000 IRQ9
[    0.415477] kvm [1]: timer IRQ3
[    0.421336] futex hash table entries: 1024 (order: 5, 131072 bytes)
[    0.427947] audit: initializing netlink subsys (disabled)
[    0.433571] audit: type=2000 audit(0.363:1): initialized
[    0.439568] workingset: timestamp_bits=44 max_order=20 bucket_order=0
[    0.456084] squashfs: version 4.0 (2009/01/31) Phillip Lougher
[    0.462986] NFS: Registering the id_resolver key type
[    0.468290] Key type id_resolver registered
[    0.472620] Key type id_legacy registered
[    0.477043] fuse init (API version 7.24)
[    0.481588] 9p: Installing v9fs 9p2000 file system support
[    0.489726] io scheduler noop registered
[    0.493984] io scheduler cfq registered (default)
[    0.508542] tegra-apbdma 60020000.dma: Tegra20 APB DMA driver register 32 channels
[    0.516931] tegra-pmc 7000e400.pmc: i2c-thermtrip node not found, emergency thermal reset disabled.
[    0.526532] xenfs: not registering filesystem on non-xen platform
[    0.536194] Serial: 8250/16550 driver, 4 ports, IRQ sharing disabled
[    0.544319] console [ttyS0] disabled
[    0.548062] 70006000.serial: ttyS0 at MMIO 0x70006000 (irq = 312, base_baud = 25500000) is a Tegra
[    0.557360] console [ttyS0] enabled
[    0.557360] console [ttyS0] enabled
[    0.564443] bootconsole [uart8250] disabled
[    0.564443] bootconsole [uart8250] disabled
[    0.573322] SuperH (H)SCI(F) driver initialized
[    0.578040] msm_serial: driver initialized
[    0.582537] Unable to detect cache hierarchy from DT for CPU 0
[    0.592892] loop: module loaded
[    0.597422] tun: Universal TUN/TAP device driver, 1.6
[    0.602511] tun: (C) 1999-2004 Max Krasnyansky <maxk@qualcomm.com>
[    0.609012] e1000e: Intel(R) PRO/1000 Network Driver - 3.2.6-k
[    0.614850] e1000e: Copyright(c) 1999 - 2015 Intel Corporation.
[    0.620834] igb: Intel(R) Gigabit Ethernet Network Driver - version 5.3.0-k
[    0.627800] igb: Copyright (c) 2007-2014 Intel Corporation.
[    0.633429] igbvf: Intel(R) Gigabit Virtual Function Network Driver - version 2.0.2-k
[    0.641255] igbvf: Copyright (c) 2009 - 2012 Intel Corporation.
[    0.647233] sky2: driver version 1.30
[    0.651297] VFIO - User Level meta-driver version: 0.3
[    0.657312] ehci_hcd: USB 2.0 'Enhanced' Host Controller (EHCI) Driver
[    0.663849] ehci-pci: EHCI PCI platform driver
[    0.668343] ehci-platform: EHCI generic platform driver
[    0.673671] ehci-msm: Qualcomm On-Chip EHCI Host Controller
[    0.679321] ohci_hcd: USB 1.1 'Open' Host Controller (OHCI) Driver
[    0.685517] ohci-pci: OHCI PCI platform driver
[    0.690009] ohci-platform: OHCI generic platform driver
[    0.695518] usbcore: registered new interface driver usb-storage
[    0.702327] mousedev: PS/2 mouse device common for all mice
[    0.708425] i2c /dev entries driver
[    0.713112] sdhci: Secure Digital Host Controller Interface driver
[    0.719300] sdhci: Copyright(c) Pierre Ossman
[    0.723733] Synopsys Designware Multimedia Card Interface Driver
[    0.730065] sdhci-pltfm: SDHCI platform and OF driver helper
[    0.735958] mmc0: Unknown controller version (3). You may experience problems.
[    0.779315] mmc0: SDHCI controller on 700b0600.sdhci [700b0600.sdhci] using ADMA 64-bit
[    0.787832] ledtrig-cpu: registered to indicate activity on CPUs
[    0.795981] usbcore: registered new interface driver usbhid
[    0.801561] usbhid: USB HID core driver
[    0.806770] NET: Registered protocol family 17
[    0.811319] 9pnet: Installing 9P2000 support
[    0.815656] Key type dns_resolver registered
[    0.820567] registered taskstats version 1
[    0.825014] hctosys: unable to open rtc device (rtc0)
[    0.836615] ALSA device list:
[    0.839593]   No soundcards found.
[    0.843285] Waiting for root device /dev/mmcblk0p1...
[    0.865785] mmc0: new high speed MMC card at address 0001
[    0.871586] mmcblk0: mmc0:0001 SDW16G 14.7 GiB 
[    0.876339] mmcblk0boot0: mmc0:0001 SDW16G partition 1 4.00 MiB
[    0.882428] mmcblk0boot1: mmc0:0001 SDW16G partition 2 4.00 MiB
[    0.888504] mmcblk0rpmb: mmc0:0001 SDW16G partition 3 4.00 MiB
[    0.896776]  mmcblk0: p1 p2 p3 p4 p5 p6 p7 p8 p9 p10 p11 p12 p13 p14 p15 p16 p17 p18
[    0.953637] EXT4-fs (mmcblk0p1): couldn't mount as ext3 due to feature incompatibilities
[    0.978628] EXT4-fs (mmcblk0p1): mounted filesystem with ordered data mode. Opts: (null)
[    0.986741] VFS: Mounted root (ext4 filesystem) on device 179:1.
[    0.997568] devtmpfs: mounted
[    1.000977] Freeing unused kernel memory: 816K (ffffff8008a3a000 - ffffff8008b06000)
bash: cannot set terminal process group (-1): Inappropriate ioctl for device
bash: no job control in this shell
root@(none):/# 