
U-Boot SPL 2015.04-rc3-00209-ga74ef40 (Mar 16 2015 - 14:43:39)


U-Boot 2015.04-rc3-00209-ga74ef40 (Mar 16 2015 - 14:43:39)

TEGRA20
Model: Compulab TrimSlice board
DRAM:  1 GiB
MMC:   Tegra SD/MMC: 0, Tegra SD/MMC: 1
SF: Detected W25Q80BL with page size 256 Bytes, erase size 4 KiB, total 1 MiB
tegra-pcie: PCI regions:
tegra-pcie:   I/O: 0x82000000-0x82010000
tegra-pcie:   non-prefetchable memory: 0xa0000000-0xa8000000
tegra-pcie:   prefetchable memory: 0xa8000000-0xc0000000
tegra-pcie: dual-mode configuration
tegra-pcie: probing port 0, using 2 lanes
In:    serial
Out:   serial
Err:   serial
Net:   RTL8169#0
Hit any key to stop autoboot:  2  0 
Tegra20 (TrimSlice) # 
Tegra20 (TrimSlice) # usb reset
resetting USB...
USB0:   USB EHCI 1.00
scanning bus 0 for devices... 3 USB Device(s) found
USB1:   USB EHCI 1.00
scanning bus 1 for devices... 1 USB Device(s) found
USB2:   lowlevel init failed
       scanning usb for storage devices... 0 Storage Device(s) found
       scanning usb for ethernet devices... 
Warning: asx0 using MAC address from net device
1 Ethernet Device(s) found
Tegra20 (TrimSlice) # setenv bootargs 'ignore_loglevel console=ttyS0,115200n8 rw root=PARTUUID=11eb23c1-01 rootwait gpt debug noinitrd earlyprintk init=/bin/bash'
Tegra20 (TrimSlice) # setenv ipaddr 192.168.100.103; setenv serverip 192.168.100.1; setenv tftpserverip 192.168.100.1
Tegra20 (TrimSlice) # tftpboot 0x00408000 zImage.tegra_defconfig
Using RTL8169#0 device
TFTP from server 192.168.100.1; our IP address is 192.168.100.103
Filename 'zImage.tegra_defconfig'.
Load address: 0x408000
Loading: *#################################################################
	 #################################################################
	 #################################################################
	 #################################################################
	 #################################################################
	 #################################################################
	 ##################################
	 3.4 MiB/s
done
Bytes transferred = 6216816 (5edc70 hex)
Tegra20 (TrimSlice) # tftpboot 0x02408000 tegra20-trimslice.dtb
Using RTL8169#0 device
TFTP from server 192.168.100.1; our IP address is 192.168.100.103
Filename 'tegra20-trimslice.dtb'.
Load address: 0x2408000
Loading: *##
	 3.4 MiB/s
done
Bytes transferred = 21686 (54b6 hex)
Tegra20 (TrimSlice) # bootz 0x00408000 - 0x02408000
Kernel image @ 0x408000 [ 0x000000 - 0x5edc70 ]
## Flattened Device Tree blob at 02408000
   Booting using the fdt blob at 0x2408000
   Using Device Tree in place at 02408000, end 024104b5

Starting kernel ...

[    0.000000] Booting Linux on physical CPU 0x0
[    0.000000] Linux version 4.16.0-rc1-28877-g7928b2c (jonathanh@kaivo) (gcc version 4.7.3 20130328 (prerelease) (crosstool-NG linaro-1.13.1-4.7-2013.04-20130415 - Linaro GCC 2013.04)) #1 SMP PREEMPT Sun Feb 11 15:34:51 PST 2018
[    0.000000] CPU: ARMv7 Processor [411fc090] revision 0 (ARMv7), cr=10c5387d
[    0.000000] CPU: PIPT / VIPT nonaliasing data cache, VIPT aliasing instruction cache
[    0.000000] OF: fdt: Machine model: Compulab TrimSlice board
[    0.000000] debug: ignoring loglevel setting.
[    0.000000] bootconsole [earlycon0] enabled
[    0.000000] Memory policy: Data cache writealloc
[    0.000000] cma: Reserved 64 MiB at 0x3c000000
[    0.000000] On node 0 totalpages: 262144
[    0.000000]   Normal zone: 1536 pages used for memmap
[    0.000000]   Normal zone: 0 pages reserved
[    0.000000]   Normal zone: 196608 pages, LIFO batch:31
[    0.000000]   HighMem zone: 65536 pages, LIFO batch:15
[    0.000000] random: fast init done
[    0.000000] percpu: Embedded 17 pages/cpu @(ptrval) s39296 r8192 d22144 u69632
[    0.000000] pcpu-alloc: s39296 r8192 d22144 u69632 alloc=17*4096
[    0.000000] pcpu-alloc: [0] 0 [0] 1 
[    0.000000] Built 1 zonelists, mobility grouping on.  Total pages: 260608
[    0.000000] Kernel command line: ignore_loglevel console=ttyS0,115200n8 rw root=PARTUUID=11eb23c1-01 rootwait gpt debug noinitrd earlyprintk init=/bin/bash
[    0.000000] Dentry cache hash table entries: 131072 (order: 7, 524288 bytes)
[    0.000000] Inode-cache hash table entries: 65536 (order: 6, 262144 bytes)
[    0.000000] Memory: 959416K/1048576K available (9216K kernel code, 783K rwdata, 2584K rodata, 1024K init, 298K bss, 23624K reserved, 65536K cma-reserved, 196608K highmem)
[    0.000000] Virtual kernel memory layout:
[    0.000000]     vector  : 0xffff0000 - 0xffff1000   (   4 kB)
[    0.000000]     fixmap  : 0xffc00000 - 0xfff00000   (3072 kB)
[    0.000000]     vmalloc : 0xf0800000 - 0xff800000   ( 240 MB)
[    0.000000]     lowmem  : 0xc0000000 - 0xf0000000   ( 768 MB)
[    0.000000]     pkmap   : 0xbfe00000 - 0xc0000000   (   2 MB)
[    0.000000]     modules : 0xbf000000 - 0xbfe00000   (  14 MB)
[    0.000000]       .text : 0x(ptrval) - 0x(ptrval)   (10208 kB)
[    0.000000]       .init : 0x(ptrval) - 0x(ptrval)   (1024 kB)
[    0.000000]       .data : 0x(ptrval) - 0x(ptrval)   ( 784 kB)
[    0.000000]        .bss : 0x(ptrval) - 0x(ptrval)   ( 299 kB)
[    0.000000] Preemptible hierarchical RCU implementation.
[    0.000000] 	RCU restricting CPUs from NR_CPUS=4 to nr_cpu_ids=2.
[    0.000000] 	Tasks RCU enabled.
[    0.000000] RCU: Adjusting geometry for rcu_fanout_leaf=16, nr_cpu_ids=2
[    0.000000] NR_IRQS: 16, nr_irqs: 16, preallocated irqs: 16
[    0.000000] /interrupt-controller@60004000: 128 interrupts forwarded to /interrupt-controller@50041000
[    0.000000] L2C: platform modifies aux control register: 0x02080000 -> 0x3e480001
[    0.000000] L2C: DT/platform modifies aux control register: 0x02080000 -> 0x3e480001
[    0.000000] L2C-310 errata 727915 769419 enabled
[    0.000000] L2C-310 enabling early BRESP for Cortex-A9
[    0.000000] L2C-310: enabling full line of zeros but not enabled in Cortex-A9
[    0.000000] L2C-310 ID prefetch enabled, offset 1 lines
[    0.000000] L2C-310 cache controller enabled, 8 ways, 1024 kB
[    0.000000] L2C-310: CACHE_ID 0x410000c4, AUX_CTRL 0x7e480001
[    0.000009] sched_clock: 32 bits at 1000kHz, resolution 1000ns, wraps every 2147483647500ns
[    0.008267] clocksource: timer_us: mask: 0xffffffff max_cycles: 0xffffffff, max_idle_ns: 1911260446275 ns
[    0.017795] Switching to timer-based delay loop, resolution 1000ns
[    0.024664] Console: colour dummy device 80x30
[    0.029028] Calibrating delay loop (skipped), value calculated using timer frequency.. 2.00 BogoMIPS (lpj=10000)
[    0.039163] pid_max: default: 32768 minimum: 301
[    0.044184] Mount-cache hash table entries: 2048 (order: 1, 8192 bytes)
[    0.050715] Mountpoint-cache hash table entries: 2048 (order: 1, 8192 bytes)
[    0.058552] CPU: Testing write buffer coherency: ok
[    0.063652] CPU0: thread -1, cpu 0, socket 0, mpidr 80000000
[    0.100010] Setting up static identity map for 0x100000 - 0x1000a0
[    0.106231] Hierarchical SRCU implementation.
[    0.130327] Tegra Revision: A03 prime SKU: 8 CPU Process: 1 SoC Process: 2
[    0.149971] smp: Bringing up secondary CPUs ...
[    0.200605] CPU1: thread -1, cpu 1, socket 0, mpidr 80000001
[    0.200696] smp: Brought up 1 node, 2 CPUs
[    0.210367] SMP: Total of 2 processors activated (4.00 BogoMIPS).
[    0.216395] CPU: All CPU(s) started in SVC mode.
[    0.222103] devtmpfs: initialized
[    0.230935] VFP support v0.3: implementor 41 architecture 3 part 30 variant 9 rev 1
[    0.238810] clocksource: jiffies: mask: 0xffffffff max_cycles: 0xffffffff, max_idle_ns: 19112604462750000 ns
[    0.248557] futex hash table entries: 512 (order: 3, 32768 bytes)
[    0.257418] pinctrl core: initialized pinctrl subsystem
[    0.263926] NET: Registered protocol family 16
[    0.270030] DMA: preallocated 256 KiB pool for atomic coherent allocations
[    0.278084] cpuidle: using governor menu
[    0.298494] No ATAGs?
[    0.298571] hw-breakpoint: found 5 (+1 reserved) breakpoint and 1 watchpoint registers.
[    0.308727] hw-breakpoint: maximum watchpoint size is 4 bytes.
[    0.334300] usb1_vbus: Failed to request enable GPIO170: -517
[    0.339989] reg-fixed-voltage regulators:regulator@2: Failed to register regulator: -517
[    0.351310] vgaarb: loaded
[    0.354760] SCSI subsystem initialized
[    0.358695] libata version 3.00 loaded.
[    0.362849] usbcore: registered new interface driver usbfs
[    0.368317] usbcore: registered new interface driver hub
[    0.373649] usbcore: registered new device driver usb
[    0.380663] Linux video capture interface: v2.00
[    0.385283] pps_core: LinuxPPS API ver. 1 registered
[    0.390171] pps_core: Software ver. 5.3.6 - Copyright 2005-2007 Rodolfo Giometti <giometti@linux.it>
[    0.399301] PTP clock support registered
[    0.403849] Advanced Linux Sound Architecture Driver Initialized.
[    0.410557] Bluetooth: Core ver 2.22
[    0.414103] NET: Registered protocol family 31
[    0.418457] Bluetooth: HCI device and connection manager initialized
[    0.424809] Bluetooth: HCI socket layer initialized
[    0.429642] Bluetooth: L2CAP socket layer initialized
[    0.434707] Bluetooth: SCO socket layer initialized
[    0.440195] clocksource: Switched to clocksource timer_us
[    0.532284] NET: Registered protocol family 2
[    0.537539] tcp_listen_portaddr_hash hash table entries: 512 (order: 0, 6144 bytes)
[    0.545186] TCP established hash table entries: 8192 (order: 3, 32768 bytes)
[    0.552216] TCP bind hash table entries: 8192 (order: 4, 65536 bytes)
[    0.558662] TCP: Hash tables configured (established 8192 bind 8192)
[    0.565667] UDP hash table entries: 512 (order: 2, 16384 bytes)
[    0.571559] UDP-Lite hash table entries: 512 (order: 2, 16384 bytes)
[    0.578116] NET: Registered protocol family 1
[    0.603237] RPC: Registered named UNIX socket transport module.
[    0.609057] RPC: Registered udp transport module.
[    0.613792] RPC: Registered tcp transport module.
[    0.618417] RPC: Registered tcp NFSv4.1 backchannel transport module.
[    0.625615] PCI: CLS 0 bytes, default 64
[    0.630915] hw perfevents: no interrupt-affinity property for /pmu, guessing.
[    0.638132] hw perfevents: enabled with armv7_cortex_a9 PMU driver, 7 counters available
[    0.647687] Initialise system trusted keyrings
[    0.652232] workingset: timestamp_bits=30 max_order=18 bucket_order=0
[    0.659666] squashfs: version 4.0 (2009/01/31) Phillip Lougher
[    0.666144] NFS: Registering the id_resolver key type
[    0.671164] Key type id_resolver registered
[    0.675257] Key type id_legacy registered
[    0.684085] Key type asymmetric registered
[    0.688087] Asymmetric key parser 'x509' registered
[    0.693183] bounce: pool size: 64 pages
[    0.697008] io scheduler noop registered (default)
[    0.701725] io scheduler mq-deadline registered
[    0.706207] io scheduler kyber registered
[    0.715290] tegra-pcie 80003000.pcie: dual-mode configuration
[    0.721926] tegra-pcie 80003000.pcie: probing port 0, using 2 lanes
[    0.798704] tegra-pcie 80003000.pcie: PCI host bridge to bus 0000:00
[    0.805018] pci_bus 0000:00: root bus resource [io  0x0000-0xffff]
[    0.811130] pci_bus 0000:00: root bus resource [mem 0xa0000000-0xa7ffffff]
[    0.817960] pci_bus 0000:00: root bus resource [mem 0xa8000000-0xbfffffff pref]
[    0.825253] pci_bus 0000:00: root bus resource [bus 00-ff]
[    0.830755] pci 0000:00:01.0: [10de:0bf0] type 01 class 0x060000
[    0.836690] pci_bus 0000:00: 2-byte config write to 0000:00:01.0 offset 0x4 may corrupt adjacent RW1C bits
[    0.846317] pci_bus 0000:00: 2-byte config write to 0000:00:01.0 offset 0x4 may corrupt adjacent RW1C bits
[    0.855943] pci 0000:00:01.0: enabling Extended Tags
[    0.860874] pci_bus 0000:00: 2-byte config write to 0000:00:01.0 offset 0x88 may corrupt adjacent RW1C bits
[    0.870597] pci_bus 0000:00: 2-byte config write to 0000:00:01.0 offset 0x52 may corrupt adjacent RW1C bits
[    0.880303] pci 0000:00:01.0: PME# supported from D0 D1 D2 D3hot D3cold
[    0.886862] pci_bus 0000:00: 2-byte config write to 0000:00:01.0 offset 0x4c may corrupt adjacent RW1C bits
[    0.896783] pci_bus 0000:00: 2-byte config write to 0000:00:01.0 offset 0x3e may corrupt adjacent RW1C bits
[    0.906439] pci_bus 0000:00: 2-byte config write to 0000:00:01.0 offset 0x4 may corrupt adjacent RW1C bits
[    0.916053] pci_bus 0000:00: 1-byte config write to 0000:00:01.0 offset 0xc may corrupt adjacent RW1C bits
[    0.925668] PCI: bus0: Fast back to back transfers disabled
[    0.931223] pci 0000:00:01.0: bridge configuration invalid ([bus 00-00]), reconfiguring
[    0.939180] pci_bus 0000:00: 2-byte config write to 0000:00:01.0 offset 0x3e may corrupt adjacent RW1C bits
[    0.948902] pci_bus 0000:00: 2-byte config write to 0000:00:01.0 offset 0x3e may corrupt adjacent RW1C bits
[    0.958775] pci 0000:01:00.0: [10ec:8168] type 00 class 0x020000
[    0.964723] pci 0000:01:00.0: reg 0x10: [io  0x0000-0x00ff]
[    0.970259] pci 0000:01:00.0: reg 0x18: [mem 0x00000000-0x00000fff 64bit pref]
[    0.977432] pci 0000:01:00.0: reg 0x20: [mem 0x00000000-0x00003fff 64bit pref]
[    0.984635] pci 0000:01:00.0: reg 0x30: [mem 0x00000000-0x0001ffff pref]
[    0.991376] pci 0000:01:00.0: supports D1 D2
[    0.995550] pci 0000:01:00.0: PME# supported from D0 D1 D2 D3hot D3cold
[    1.030236] PCI: bus1: Fast back to back transfers disabled
[    1.035715] pci_bus 0000:01: busn_res: [bus 01-ff] end is updated to 01
[    1.042338] pci 0000:00:01.0: BAR 8: assigned [mem 0xa0000000-0xa00fffff]
[    1.049061] pci 0000:00:01.0: BAR 9: assigned [mem 0xa8000000-0xa80fffff 64bit pref]
[    1.056788] pci 0000:00:01.0: BAR 7: assigned [io  0x1000-0x1fff]
[    1.062859] pci 0000:01:00.0: BAR 6: assigned [mem 0xa0000000-0xa001ffff pref]
[    1.070034] pci 0000:01:00.0: BAR 4: assigned [mem 0xa8000000-0xa8003fff 64bit pref]
[    1.077768] pci 0000:01:00.0: BAR 2: assigned [mem 0xa8004000-0xa8004fff 64bit pref]
[    1.085479] pci 0000:01:00.0: BAR 0: assigned [io  0x1000-0x10ff]
[    1.091542] pci 0000:00:01.0: PCI bridge to [bus 01]
[    1.096465] pci 0000:00:01.0:   bridge window [io  0x1000-0x1fff]
[    1.102546] pci 0000:00:01.0:   bridge window [mem 0xa0000000-0xa00fffff]
[    1.109292] pci 0000:00:01.0:   bridge window [mem 0xa8000000-0xa80fffff 64bit pref]
[    1.117033] pci 0000:00:01.0: nv_msi_ht_cap_quirk didn't locate host bridge
[    1.124028] Disabling cpuidle LP2 state, since PCIe IRQs are in use
[    1.130241] pcieport 0000:00:01.0: enabling device (0140 -> 0143)
[    1.136521] pcieport 0000:00:01.0: Signaling PME with IRQ 298
[    1.145568] tegra-apbdma 6000a000.dma: Tegra20 APB DMA driver register 16 channels
[    1.154842] Serial: 8250/16550 driver, 4 ports, IRQ sharing disabled
[    1.163051] console [ttyS0] disabled
[    1.166571] 70006000.serial: ttyS0 at MMIO 0x70006000 (irq = 282, base_baud = 13500000) is a Tegra
[    1.175507] console [ttyS0] enabled
[    1.175507] console [ttyS0] enabled
[    1.182412] bootconsole [earlycon0] disabled
[    1.182412] bootconsole [earlycon0] disabled
[    1.201322] tegra-dc 54240000.dc: Linked as a consumer to 54200000.dc
[    1.216309] tegra-hdmi 54280000.hdmi: 54280000.hdmi supply hdmi not found, using dummy regulator
[    1.228474] [drm] Supports vblank timestamp caching Rev 2 (21.10.2013).
[    1.235095] [drm] No driver support for vblank timestamp query.
[    1.241147] [drm] Cannot find any crtc or sizes
[    1.245755] [drm] Cannot find any crtc or sizes
[    1.250310] [drm] Initialized tegra 0.0.0 20120330 for drm on minor 0
[    1.268278] loop: module loaded
[    1.273829] m25p80 spi0.0: found s25fl008k, expected w25q80bl
[    1.279644] m25p80 spi0.0: s25fl008k (1024 Kbytes)
[    1.296483] libphy: Fixed MDIO Bus: probed
[    1.300594] CAN device driver interface
[    1.304481] igb: Intel(R) Gigabit Ethernet Network Driver - version 5.4.0-k
[    1.311443] igb: Copyright (c) 2007-2014 Intel Corporation.
[    1.317181] r8169 Gigabit Ethernet driver 2.3LK-NAPI loaded
[    1.322818] r8169 0000:01:00.0: enabling device (0140 -> 0143)
[    1.329497] r8169 0000:01:00.0 eth0: RTL8168d/8111d at 0x90ac065b, 00:01:c0:13:7d:63, XID 081000c0 IRQ 299
[    1.339157] r8169 0000:01:00.0 eth0: jumbo features [frames: 9200 bytes, tx checksumming: ko]
[    1.347842] pegasus: v0.9.3 (2013/04/25), Pegasus/Pegasus II USB Ethernet driver
[    1.355327] usbcore: registered new interface driver pegasus
[    1.361063] usbcore: registered new interface driver asix
[    1.366510] usbcore: registered new interface driver ax88179_178a
[    1.372678] usbcore: registered new interface driver cdc_ether
[    1.378568] usbcore: registered new interface driver smsc75xx
[    1.384399] usbcore: registered new interface driver smsc95xx
[    1.390208] usbcore: registered new interface driver net1080
[    1.395914] usbcore: registered new interface driver cdc_subset
[    1.401909] usbcore: registered new interface driver zaurus
[    1.407548] usbcore: registered new interface driver cdc_ncm
[    1.413534] tegra-phy c5004000.usb-phy: no vbus regulator
[    1.420082] tegra-phy c5008000.usb-phy: no vbus regulator
[    1.425641] ehci_hcd: USB 2.0 'Enhanced' Host Controller (EHCI) Driver
[    1.432168] ehci-pci: EHCI PCI platform driver
[    1.436671] tegra-ehci: Tegra EHCI driver
[    1.501181] ulpi_phy_power_on: ulpi write failed
[    1.505789] tegra-ehci c5004000.usb: Failed to power on the phy
[    1.511730] tegra-ehci: probe of c5004000.usb failed with error -110
[    1.520724] tegra-ehci c5008000.usb: EHCI Host Controller
[    1.526135] tegra-ehci c5008000.usb: new USB bus registered, assigned bus number 1
[    1.533937] tegra-ehci c5008000.usb: irq 293, io mem 0xc5008000
[    1.560220] tegra-ehci c5008000.usb: USB 2.0 started, EHCI 1.00
[    1.567017] hub 1-0:1.0: USB hub found
[    1.570822] hub 1-0:1.0: 1 port detected
[    1.575643] usbcore: registered new interface driver cdc_acm
[    1.581310] cdc_acm: USB Abstract Control Model driver for USB modems and ISDN adapters
[    1.589363] usbcore: registered new interface driver cdc_wdm
[    1.595138] usbcore: registered new interface driver usb-storage
[    1.603843] rtc-em3027 2-0056: rtc core: registered rtc-em3027 as rtc0
[    1.611074] tegra_rtc 7000e000.rtc: rtc core: registered 7000e000.rtc as rtc1
[    1.618236] tegra_rtc 7000e000.rtc: Tegra internal Real Time Clock
[    1.624724] i2c /dev entries driver
[    1.629117] usbcore: registered new interface driver uvcvideo
[    1.634869] USB Video Class driver (1.1.1)
[    1.638953] gspca_main: v2.14.0 registered
[    1.644456] sdhci: Secure Digital Host Controller Interface driver
[    1.650669] sdhci: Copyright(c) Pierre Ossman
[    1.655013] sdhci-pltfm: SDHCI platform and OF driver helper
[    1.669112] mmc0: Invalid maximum block size, assuming 512 bytes
[    1.701610] mmc0: SDHCI controller on c8000000.sdhci [c8000000.sdhci] using ADMA
[    1.709884] sdhci-tegra c8000600.sdhci: Got CD GPIO
[    1.714961] sdhci-tegra c8000600.sdhci: Got WP GPIO
[    1.728693] mmc1: Invalid maximum block size, assuming 512 bytes
[    1.761211] mmc1: SDHCI controller on c8000600.sdhci [c8000600.sdhci] using ADMA
[    1.770173] usbcore: registered new interface driver usbhid
[    1.775844] usbhid: USB HID core driver
[    1.792714] tegra-snd-trimslice sound: tlv320aic23-hifi <-> 70002800.i2s mapping ok
[    1.802996] NET: Registered protocol family 10
[    1.808943] Segment Routing with IPv6
[    1.812845] mip6: Mobile IPv6
[    1.815836] sit: IPv6, IPv4 and MPLS over IPv4 tunneling driver
[    1.823331] NET: Registered protocol family 17
[    1.827779] NET: Registered protocol family 15
[    1.832287] can: controller area network core (rev 20170425 abi 9)
[    1.838725] NET: Registered protocol family 29
[    1.843202] can: raw protocol (rev 20170425)
[    1.847475] can: broadcast manager protocol (rev 20170425 t)
[    1.853165] can: netlink gateway (rev 20170425) max_hops=1
[    1.858830] Bluetooth: RFCOMM socket layer initialized
[    1.864024] Bluetooth: RFCOMM ver 1.11
[    1.867790] Bluetooth: BNEP (Ethernet Emulation) ver 1.3
[    1.873187] Bluetooth: BNEP socket layer initialized
[    1.878139] Bluetooth: HIDP (Human Interface Emulation) ver 1.2
[    1.884106] Bluetooth: HIDP socket layer initialized
[    1.889308] Key type dns_resolver registered
[    1.893956] Registering SWP/SWPB emulation handler
[    1.899592] Loading compiled-in X.509 certificates
[    1.911283] mmc1: new high speed SD card at address b368
[    1.924838] mmcblk1: mmc1:b368 NCard 1.83 GiB (ro)
[    1.926024] utmi_phy_clk_enable: timeout waiting for phy to stabilize
[    1.936131] tegra-ehci c5000000.usb: EHCI Host Controller
[    1.940237] usb 1-1: new high-speed USB device number 2 using tegra-ehci
[    1.941557] tegra-ehci c5000000.usb: new USB bus registered, assigned bus number 2
[    1.956360] tegra-ehci c5000000.usb: irq 291, io mem 0xc5000000
[    1.967300]  mmcblk1: p1 p2
[    2.130374] tegra-ehci c5000000.usb: USB 2.0 started, EHCI 1.00
[    2.139665] hub 2-0:1.0: USB hub found
[    2.143600] hub 2-0:1.0: 1 port detected
[    2.150116] input: gpio-keys as /devices/soc0/gpio-keys/input/input0
[    2.158085] hub 1-1:1.0: USB hub found
[    2.158159] rtc-em3027 2-0056: hctosys: unable to read the hardware clock
[    2.168662] hub 1-1:1.0: 4 ports detected
[    2.168812] cfg80211: Loading compiled-in X.509 certificates for regulatory database
[    2.183880] cfg80211: Loaded X.509 cert 'sforshee: 00b28ddf47aef9cea7'
[    2.190706] platform regulatory.0: Direct firmware load for regulatory.db failed with error -2
[    2.199318] cfg80211: failed to load regulatory.db
[    2.204235] ALSA device list:
[    2.207194]   #0: tegra-trimslice
[    2.210829] Waiting for root device PARTUUID=11eb23c1-01...
[    2.500362] usb 1-1.2: new high-speed USB device number 3 using tegra-ehci
[    2.925904] mmc0: host does not support reading read-only switch, assuming write-enable
[    2.936125] mmc0: new high speed SDHC card at address b368
[    2.977680] mmcblk0: mmc0:b368 NCard 3.70 GiB 
[    2.985900]  mmcblk0: p1
[    3.137071] asix 1-1.2:1.0 eth1: register 'asix' at usb-c5008000.usb-1.2, ASIX AX88772 USB 2.0 Ethernet, 00:60:6e:60:6c:68
[    3.172209] EXT4-fs (mmcblk0p1): mounting ext3 file system using the ext4 subsystem
[    3.193635] EXT4-fs (mmcblk0p1): warning: mounting fs with errors, running e2fsck is recommended
[    3.275560] EXT4-fs (mmcblk0p1): recovery complete
[    3.280416] EXT4-fs (mmcblk0p1): mounted filesystem with ordered data mode. Opts: (null)
[    3.288623] VFS: Mounted root (ext3 filesystem) on device 179:17.
[    3.304088] devtmpfs: mounted
[    3.307982] Freeing unused kernel memory: 1024K
bash: cannot set terminal process group (-1): Inappropriate ioctl for device
bash: no job control in this shell
root@(none):/# mount -t sysfs none /sys
root@(none):/# 
root@(none):/# mount -t debugfs none /sys/kernel/debug
root@(none):/# 
root@(none):/# rtcwake -d rtc1 -m mem -s 3
rtcwake: assuming RTC uses UTC ...
rtcwake: wakeup from "mem" using /dev/rtc1 at Thu Jan  1 00:00:24 1970
[    8.090424] PM: suspend entry (deep)
[    8.094029] PM: Syncing filesystems ... done.
[    8.101368] Freezing user space processes ... (elapsed 0.001 seconds) done.
[    8.109456] OOM killer disabled.
[    8.112709] Freezing remaining freezable tasks ... (elapsed 0.001 seconds) done.
[    8.121841] Suspending console(s) (use no_console_suspend to debug)
[    8.162847] pci_generic_config_write32: 21 callbacks suppressed
[    8.162890] pci_bus 0000:00: 2-byte config write to 0000:00:01.0 offset 0x9c may corrupt adjacent RW1C bits
[    8.211010] Disabling non-boot CPUs ...
[    8.265393] Entering suspend state LP1
[    8.265499] Enabling non-boot CPUs ...
[    8.273822] CPU1 is up
[    8.274976] pci_bus 0000:00: 2-byte config write to 0000:00:01.0 offset 0x4c may corrupt adjacent RW1C bits
[    8.275030] pci_bus 0000:00: 2-byte config write to 0000:00:01.0 offset 0x88 may corrupt adjacent RW1C bits
[    8.275066] pci_bus 0000:00: 2-byte config write to 0000:00:01.0 offset 0x90 may corrupt adjacent RW1C bits
[    8.275100] pci_bus 0000:00: 2-byte config write to 0000:00:01.0 offset 0x98 may corrupt adjacent RW1C bits
[    8.275132] pci_bus 0000:00: 2-byte config write to 0000:00:01.0 offset 0x9c may corrupt adjacent RW1C bits
[    8.275219] pci_bus 0000:00: 2-byte config write to 0000:00:01.0 offset 0x52 may corrupt adjacent RW1C bits
[    8.275254] pci_bus 0000:00: 2-byte config write to 0000:00:01.0 offset 0x52 may corrupt adjacent RW1C bits
[    8.275291] pci_bus 0000:00: 2-byte config write to 0000:00:01.0 offset 0x5c may corrupt adjacent RW1C bits
[    8.275326] pci_bus 0000:00: 2-byte config write to 0000:00:01.0 offset 0x52 may corrupt adjacent RW1C bits
[    8.275396] pcieport 0000:00:01.0: nv_msi_ht_cap_quirk didn't locate host bridge
[    8.978651] OOM killer enabled.
[    8.981812] Restarting tasks ... done.
[    8.986750] PM: suspend exit
root@(none):/# 
root@(none):/# rtcwake -d rtc1 -m mem -s 3
rtcwake: assuming RTC uses UTC ...
rtcwake: wakeup from "mem" using /dev/rtc1 at Thu Jan  1 00:00:29 1970
[    9.674938] PM: suspend entry (deep)
[    9.678513] PM: Syncing filesystems ... done.
[    9.683319] Freezing user space processes ... (elapsed 0.001 seconds) done.
[    9.691473] OOM killer disabled.
[    9.694694] Freezing remaining freezable tasks ... (elapsed 0.001 seconds) done.
[    9.703819] Suspending console(s) (use no_console_suspend to debug)
[    9.790958] Disabling non-boot CPUs ...
[    9.834224] Entering suspend state LP1
[    9.834330] Enabling non-boot CPUs ...
[    9.842544] CPU1 is up
[    9.844586] pcieport 0000:00:01.0: nv_msi_ht_cap_quirk didn't locate host bridge
[   10.445361] OOM killer enabled.
[   10.448496] Restarting tasks ... done.
[   10.452550] PM: suspend exit
root@(none):/# 
root@(none):/# rtcwake -d rtc1 -m mem -s 3
rtcwake: assuming RTC uses UTC ...
rtcwake: wakeup from "mem" using /dev/rtc1 at Thu Jan  1 00:00:34 1970
[   11.245024] PM: suspend entry (deep)
[   11.248599] PM: Syncing filesystems ... done.
[   11.253391] Freezing user space processes ... (elapsed 0.001 seconds) done.
[   11.261553] OOM killer disabled.
[   11.264775] Freezing remaining freezable tasks ... (elapsed 0.001 seconds) done.
[   11.273909] Suspending console(s) (use no_console_suspend to debug)
[   11.360872] Disabling non-boot CPUs ...
[   11.414279] Entering suspend state LP1
[   11.414384] Enabling non-boot CPUs ...
[   11.422810] CPU1 is up
[   11.424531] pcieport 0000:00:01.0: nv_msi_ht_cap_quirk didn't locate host bridge
[   12.024669] OOM killer enabled.
[   12.027804] Restarting tasks ... done.
[   12.031872] PM: suspend exit
root@(none):/# 
root@(none):/# rtcwake -d rtc1 -m mem -s 3
rtcwake: assuming RTC uses UTC ...
rtcwake: wakeup from "mem" using /dev/rtc1 at Thu Jan  1 00:00:39 1970
[   12.824734] PM: suspend entry (deep)
[   12.828309] PM: Syncing filesystems ... done.
[   12.833081] Freezing user space processes ... (elapsed 0.001 seconds) done.
[   12.841246] OOM killer disabled.
[   12.844467] Freezing remaining freezable tasks ... (elapsed 0.001 seconds) done.
[   12.853578] Suspending console(s) (use no_console_suspend to debug)
[   12.940783] Disabling non-boot CPUs ...
[   12.984580] Entering suspend state LP1
[   12.984687] Enabling non-boot CPUs ...
[   12.993094] CPU1 is up
[   12.995603] pcieport 0000:00:01.0: nv_msi_ht_cap_quirk didn't locate host bridge
[   13.605087] OOM killer enabled.
[   13.608217] Restarting tasks ... done.
[   13.612256] PM: suspend exit
root@(none):/# 
root@(none):/# rtcwake -d rtc1 -m mem -s 3
rtcwake: assuming RTC uses UTC ...
rtcwake: wakeup from "mem" using /dev/rtc1 at Thu Jan  1 00:00:44 1970
[   14.394740] PM: suspend entry (deep)
[   14.398315] PM: Syncing filesystems ... done.
[   14.403076] Freezing user space processes ... (elapsed 0.001 seconds) done.
[   14.411244] OOM killer disabled.
[   14.414465] Freezing remaining freezable tasks ... (elapsed 0.001 seconds) done.
[   14.423581] Suspending console(s) (use no_console_suspend to debug)
[   14.462498] pci_generic_config_write32: 38 callbacks suppressed
[   14.462541] pci_bus 0000:00: 2-byte config write to 0000:00:01.0 offset 0x9c may corrupt adjacent RW1C bits
[   14.510710] Disabling non-boot CPUs ...
[   14.554224] Entering suspend state LP1
[   14.554337] Enabling non-boot CPUs ...
[   14.562819] CPU1 is up
[   14.564495] pci_bus 0000:00: 2-byte config write to 0000:00:01.0 offset 0x4c may corrupt adjacent RW1C bits
[   14.564573] pci_bus 0000:00: 2-byte config write to 0000:00:01.0 offset 0x88 may corrupt adjacent RW1C bits
[   14.564634] pci_bus 0000:00: 2-byte config write to 0000:00:01.0 offset 0x90 may corrupt adjacent RW1C bits
[   14.564668] pci_bus 0000:00: 2-byte config write to 0000:00:01.0 offset 0x98 may corrupt adjacent RW1C bits
[   14.564703] pci_bus 0000:00: 2-byte config write to 0000:00:01.0 offset 0x9c may corrupt adjacent RW1C bits
[   14.564828] pci_bus 0000:00: 2-byte config write to 0000:00:01.0 offset 0x52 may corrupt adjacent RW1C bits
[   14.564866] pci_bus 0000:00: 2-byte config write to 0000:00:01.0 offset 0x52 may corrupt adjacent RW1C bits
[   14.564904] pci_bus 0000:00: 2-byte config write to 0000:00:01.0 offset 0x5c may corrupt adjacent RW1C bits
[   14.564940] pci_bus 0000:00: 2-byte config write to 0000:00:01.0 offset 0x52 may corrupt adjacent RW1C bits
[   14.565012] pcieport 0000:00:01.0: nv_msi_ht_cap_quirk didn't locate host bridge
[   15.268288] OOM killer enabled.
[   15.271449] Restarting tasks ... done.
[   15.275843] PM: suspend exit
root@(none):/# 
root@(none):/# rtcwake -d rtc1 -m mem -s 3
rtcwake: assuming RTC uses UTC ...
rtcwake: wakeup from "mem" using /dev/rtc1 at Thu Jan  1 00:00:49 1970
[   15.964618] PM: suspend entry (deep)
[   15.968193] PM: Syncing filesystems ... done.
[   15.972965] Freezing user space processes ... (elapsed 0.001 seconds) done.
[   15.981130] OOM killer disabled.
[   15.984351] Freezing remaining freezable tasks ... (elapsed 0.001 seconds) done.
[   15.993463] Suspending console(s) (use no_console_suspend to debug)
[   16.080730] Disabling non-boot CPUs ...
[   16.123757] Entering suspend state LP1
[   16.123861] Enabling non-boot CPUs ...
[   16.132091] CPU1 is up
[   16.134120] pcieport 0000:00:01.0: nv_msi_ht_cap_quirk didn't locate host bridge
[   16.745583] OOM killer enabled.
[   16.748713] Restarting tasks ... done.
[   16.752770] PM: suspend exit
root@(none):/# 
root@(none):/# rtcwake -d rtc1 -m mem -s 3
rtcwake: assuming RTC uses UTC ...
rtcwake: wakeup from "mem" using /dev/rtc1 at Thu Jan  1 00:00:54 1970
[   17.544586] PM: suspend entry (deep)
[   17.548162] PM: Syncing filesystems ... done.
[   17.552935] Freezing user space processes ... (elapsed 0.001 seconds) done.
[   17.561102] OOM killer disabled.
[   17.564323] Freezing remaining freezable tasks ... (elapsed 0.001 seconds) done.
[   17.573435] Suspending console(s) (use no_console_suspend to debug)
[   17.660587] Disabling non-boot CPUs ...
[   17.703604] Entering suspend state LP1
[   17.703710] Enabling non-boot CPUs ...
[   17.711924] CPU1 is up
[   17.713840] pcieport 0000:00:01.0: nv_msi_ht_cap_quirk didn't locate host bridge
[   18.325031] OOM killer enabled.
[   18.328161] Restarting tasks ... done.
[   18.333031] PM: suspend exit
root@(none):/# 
root@(none):/# rtcwake -d rtc1 -m mem -s 3
rtcwake: assuming RTC uses UTC ...
rtcwake: wakeup from "mem" using /dev/rtc1 at Thu Jan  1 00:00:59 1970
[   19.099080] PM: suspend entry (deep)
[   19.102680] PM: Syncing filesystems ... done.
[   19.107325] Freezing user space processes ... (elapsed 0.001 seconds) done.
[   19.115982] OOM killer disabled.
[   19.119203] Freezing remaining freezable tasks ... (elapsed 0.001 seconds) done.
[   19.127762] Suspending console(s) (use no_console_suspend to debug)
[   19.220457] Disabling non-boot CPUs ...
[   19.263677] Entering suspend state LP1
[   19.263783] Enabling non-boot CPUs ...
[   19.271997] CPU1 is up
[   19.273803] pcieport 0000:00:01.0: nv_msi_ht_cap_quirk didn't locate host bridge
[   19.873657] OOM killer enabled.
[   19.876792] Restarting tasks ... done.
[   19.880834] PM: suspend exit
root@(none):/# 
root@(none):/# rtcwake -d rtc1 -m mem -s 3
rtcwake: assuming RTC uses UTC ...
rtcwake: wakeup from "mem" using /dev/rtc1 at Thu Jan  1 00:01:04 1970
[   20.684242] PM: suspend entry (deep)
[   20.687817] PM: Syncing filesystems ... done.
[   20.692579] Freezing user space processes ... (elapsed 0.001 seconds) done.
[   20.700746] OOM killer disabled.
[   20.703968] Freezing remaining freezable tasks ... (elapsed 0.001 seconds) done.
[   20.713076] Suspending console(s) (use no_console_suspend to debug)
[   20.752904] pci_generic_config_write32: 38 callbacks suppressed
[   20.752947] pci_bus 0000:00: 2-byte config write to 0000:00:01.0 offset 0x9c may corrupt adjacent RW1C bits
[   20.800379] Disabling non-boot CPUs ...
[   20.853460] Entering suspend state LP1
[   20.853566] Enabling non-boot CPUs ...
[   20.861776] CPU1 is up
[   20.863432] pci_bus 0000:00: 2-byte config write to 0000:00:01.0 offset 0x4c may corrupt adjacent RW1C bits
[   20.863484] pci_bus 0000:00: 2-byte config write to 0000:00:01.0 offset 0x88 may corrupt adjacent RW1C bits
[   20.863519] pci_bus 0000:00: 2-byte config write to 0000:00:01.0 offset 0x90 may corrupt adjacent RW1C bits
[   20.863552] pci_bus 0000:00: 2-byte config write to 0000:00:01.0 offset 0x98 may corrupt adjacent RW1C bits
[   20.863586] pci_bus 0000:00: 2-byte config write to 0000:00:01.0 offset 0x9c may corrupt adjacent RW1C bits
[   20.863672] pci_bus 0000:00: 2-byte config write to 0000:00:01.0 offset 0x52 may corrupt adjacent RW1C bits
[   20.863709] pci_bus 0000:00: 2-byte config write to 0000:00:01.0 offset 0x52 may corrupt adjacent RW1C bits
[   20.863745] pci_bus 0000:00: 2-byte config write to 0000:00:01.0 offset 0x5c may corrupt adjacent RW1C bits
[   20.863780] pci_bus 0000:00: 2-byte config write to 0000:00:01.0 offset 0x52 may corrupt adjacent RW1C bits
[   20.863852] pcieport 0000:00:01.0: nv_msi_ht_cap_quirk didn't locate host bridge
[   21.574736] OOM killer enabled.
[   21.577864] Restarting tasks ... done.
[   21.581928] PM: suspend exit
root@(none):/# 
root@(none):/# rtcwake -d rtc1 -m mem -s 3
rtcwake: assuming RTC uses UTC ...
rtcwake: wakeup from "mem" using /dev/rtc1 at Thu Jan  1 00:01:09 1970
[   22.274446] PM: suspend entry (deep)
[   22.278021] PM: Syncing filesystems ... done.
[   22.282825] Freezing user space processes ... (elapsed 0.001 seconds) done.
[   22.291000] OOM killer disabled.
[   22.294222] Freezing remaining freezable tasks ... (elapsed 0.001 seconds) done.
[   22.303357] Suspending console(s) (use no_console_suspend to debug)
[   22.390353] Disabling non-boot CPUs ...
[   22.443381] Entering suspend state LP1
[   22.443488] Enabling non-boot CPUs ...
[   22.451717] CPU1 is up
[   22.453391] pcieport 0000:00:01.0: nv_msi_ht_cap_quirk didn't locate host bridge
[   23.055027] OOM killer enabled.
[   23.058157] Restarting tasks ... done.
[   23.062839] PM: suspend exit
root@(none):/# 
root@(none):/# NVTB SYSTEM SUSPEND TEST COMPLETE
