

U-Boot 2015.04-00466-gedec83e90172 (Mar 14 2016 - 10:42:01)

TEGRA124
Model: Acer Chromebook 13 CB5-311
DRAM:  4 GiB
C:   Tegra SD/MMC: 0, Tegra SD/MMC: 1, Tegra SD/MMC: 2
MMC init failed
Using default environment

In:    serial
Out:   serial
Err:   serial
Net:   Net Initialization Skipped
No ethernet found.
Hit any key to stop autoboot:  2  0 
Tegra124 (Nyan-big) # 
Tegra124 (Nyan-big) # usb start
starting USB...
USB0:   USB EHCI 1.10
scanning bus 0 for devices... 2 USB Device(s) found
USB1:   USB EHCI 1.10
scanning bus 1 for devices... 2 USB Device(s) found
       scanning usb for storage devices... 1 Storage Device(s) found
       scanning usb for ethernet devices... 
Warning: asx0 using MAC address from net device
1 Ethernet Device(s) found
Tegra124 (Nyan-big) # setenv bootargs 'ignore_loglevel console=ttyS0,115200n8 rw root=PARTUUID=4d36e82a-b3c0-4b4b-bfcd-afe5217ac023 rootwait gpt debug noinitrd earlyprintk init=/bin/bash'
Tegra124 (Nyan-big) # setenv ipaddr 192.168.100.102; setenv serverip 192.168.100.1; setenv tftpserverip 192.168.100.1
Tegra124 (Nyan-big) # tftpboot 0x82000000 zImage.tegra_defconfig
Using asx0 device
TFTP from server 192.168.100.1; our IP address is 192.168.100.102
Filename 'zImage.tegra_defconfig'.
Load address: 0x82000000
Loading: *#################################################################
	 #################################################################
	 #################################################################
	 #################################################################
	 #################################################################
	 #####################################################
	 3.5 MiB/s
done
Bytes transferred = 5546288 (54a130 hex)
Tegra124 (Nyan-big) # tftpboot 0x83000000 tegra124-nyan-big.dtb
Using asx0 device
TFTP from server 192.168.100.1; our IP address is 192.168.100.102
Filename 'tegra124-nyan-big.dtb'.
Load address: 0x83000000
Loading: *#####
	 3.4 MiB/s
done
Bytes transferred = 66901 (10555 hex)
Tegra124 (Nyan-big) # bootz 0x82000000 - 0x83000000
Kernel image @ 0x82000000 [ 0x000000 - 0x54a130 ]
## Flattened Device Tree blob at 83000000
   Booting using the fdt blob at 0x83000000
   Using Device Tree in place at 83000000, end 83013554

Starting kernel ...

[    2.525517] console [ttyS0] enabled
[    2.528994] bootconsole [earlycon0] disabled
[    2.534329] [drm] Initialized drm 1.1.0 20060810
[    2.539662] tegra-hdmi 54280000.hdmi: failed to get HDMI regulator
[    2.546263] tegra-dpaux 545c0000.dpaux: failed to get VDD supply: -517
[    2.553559] panel supply power not found, using dummy regulator
[    2.584942] loop: module loaded
[    2.588683] as3722 4-0040: AS3722 with revision 0x1 found
[    2.598868] as3722-sd2: supplied by +5V_SYS
[    2.603379] as3722-sd3: supplied by +5V_SYS
[    2.607729] +1.35V_LP0(sd3): Bringing 0uV into 1350000-1350000uV
[    2.613989] as3722-sd4: supplied by +5V_SYS
[    2.618334] +1.05V_RUN: Bringing 0uV into 1050000-1050000uV
[    2.624160] as3722-sd5: supplied by +5V_SYS
[    2.629948] as3722-ldo0: supplied by +1.35V_LP0(sd2)
[    2.635783] +1.8V_RUN_CAM: Bringing 0uV into 1800000-1800000uV
[    2.641891] as3722-ldo2: supplied by +1.8V_VDDIO
[    2.647620] as3722-ldo3: supplied by +3.3V_SYS
[    2.652071] +1.00V_LP0_VDD_RTC: Bringing 1100000uV into 1000000-1000000uV
[    2.659740] as3722-ldo4: supplied by +3.3V_SYS
[    2.664336] +3.3V_RUN_CAM: Bringing 0uV into 2800000-2800000uV
[    2.670449] as3722-ldo5: supplied by +1.8V_VDDIO
[    2.675231] +1.2V_RUN_CAM_FRONT: Bringing 0uV into 1200000-1200000uV
[    2.682013] +VDDIO_SDMMC3: Bringing 0uV into 1800000-1800000uV
[    2.688148] as3722-ldo7: supplied by +1.8V_VDDIO
[    2.692921] +1.05V_RUN_CAM_REAR: Bringing 0uV into 1050000-1050000uV
[    2.699570] as3722-ldo9: supplied by +5V_SYS
[    2.704139] +2.8V_RUN_TOUCH: Bringing 0uV into 2800000-2800000uV
[    2.710444] as3722-ldo10: supplied by +5V_SYS
[    2.714960] +2.8V_RUN_CAM_AF: Bringing 0uV into 2800000-2800000uV
[    2.721498] +1.8V_RUN_VPP_FUSE: Bringing 0uV into 1800000-1800000uV
[    2.761800] cros-ec-spi spi32766.0: Chrome EC device registered
[    2.777271] m25p80 spi32765.0: w25q32dw (4096 Kbytes)
[    2.793476] CAN device driver interface
[    2.797352] igb: Intel(R) Gigabit Ethernet Network Driver - version 5.3.0-k
[    2.804296] igb: Copyright (c) 2007-2014 Intel Corporation.
[    2.809979] pegasus: v0.9.3 (2013/04/25), Pegasus/Pegasus II USB Ethernet driver
[    2.817425] usbcore: registered new interface driver pegasus
[    2.823122] usbcore: registered new interface driver asix
[    2.828564] usbcore: registered new interface driver ax88179_178a
[    2.834697] usbcore: registered new interface driver cdc_ether
[    2.840568] usbcore: registered new interface driver smsc75xx
[    2.846363] usbcore: registered new interface driver smsc95xx
[    2.852131] usbcore: registered new interface driver net1080
[    2.857821] usbcore: registered new interface driver cdc_subset
[    2.863762] usbcore: registered new interface driver zaurus
[    2.869383] usbcore: registered new interface driver cdc_ncm
[    2.875135] ehci_hcd: USB 2.0 'Enhanced' Host Controller (EHCI) Driver
[    2.881645] ehci-pci: EHCI PCI platform driver
[    2.886126] tegra-ehci: Tegra EHCI driver
[    2.890465] usbcore: registered new interface driver cdc_acm
[    2.896115] cdc_acm: USB Abstract Control Model driver for USB modems and ISDN adapters
[    2.904139] usbcore: registered new interface driver cdc_wdm
[    2.909844] usbcore: registered new interface driver usb-storage
[    2.916109] mousedev: PS/2 mouse device common for all mice
[    2.921983] input: cros_ec as /devices/soc0/7000d400.spi/spi_master/spi32766/spi32766.0/7000d400.spi:cros-ec@0:keyboard-controller/input/input0
[    2.937012] as3722-rtc as3722-rtc: rtc core: registered as3722-rtc as rtc0
[    2.943870] as3722-rtc as3722-rtc: RTC interrupt 370
[    2.950679] tegra_rtc 7000e000.rtc: rtc core: registered 7000e000.rtc as rtc1
[    2.957843] tegra_rtc 7000e000.rtc: Tegra internal Real Time Clock
[    2.964147] i2c /dev entries driver
[    2.968398] usbcore: registered new interface driver uvcvideo
[    2.974128] USB Video Class driver (1.1.1)
[    2.978219] gspca_main: v2.14.0 registered
[    2.982604] 0-004c supply vcc not found, using dummy regulator
[    2.990390] tegra-wdt 60005000.timer: initialized (heartbeat = 120 sec, nowayout = 0)
[    2.998822] sdhci: Secure Digital Host Controller Interface driver
[    3.005006] sdhci: Copyright(c) Pierre Ossman
[    3.009348] sdhci-pltfm: SDHCI platform and OF driver helper
[    3.015165] sdhci-tegra 700b0000.sdhci: allocated mmc-pwrseq
[    3.020825] mmc0: Unknown controller version (3). You may experience problems.
[    3.028220] sdhci-tegra 700b0400.sdhci: Got CD GPIO
[    3.033091] sdhci-tegra 700b0400.sdhci: Got WP GPIO
[    3.037993] mmc0: Unknown controller version (3). You may experience problems.
[    3.045399] mmc0: Unknown controller version (3). You may experience problems.
[    3.052637] mmc0: Invalid maximum block size, assuming 512 bytes
[    3.094606] mmc0: SDHCI controller on 700b0600.sdhci [700b0600.sdhci] using ADMA 64-bit
[    3.105150] usbcore: registered new interface driver usbhid
[    3.113772] usbhid: USB HID core driver
[    3.124660] tegra30-i2s 70301100.i2s: DMA channels sourced from device 70300000.ahub
[    3.155056] max98090 0-0010: MAX98090 REVID=0x43
[    3.162414] max98090 0-0010: use default 2.8v micbias
[    3.165071] mmc0: new high speed MMC card at address 0001
[    3.167624] mmcblk0: mmc0:0001 MMC16G 14.4 GiB 
[    3.167847] mmcblk0boot0: mmc0:0001 MMC16G partition 1 2.00 MiB
[    3.168041] mmcblk0boot1: mmc0:0001 MMC16G partition 2 2.00 MiB
[    3.168217] mmcblk0rpmb: mmc0:0001 MMC16G partition 3 128 KiB
[    3.175858]  mmcblk0: p1 p2 p3 p4 p5 p6 p7 p8 p9 p10 p11 p12
[    3.203493] tegra-snd-max98090 sound: HiFi <-> 70301100.i2s mapping ok
[    3.211281] input: GoogleNyanBig Headphones as /devices/soc0/sound/sound/card1/input1
[    3.219379] input: GoogleNyanBig Mic Jack as /devices/soc0/sound/sound/card1/input2
[    3.434583] NET: Registered protocol family 10
[    3.554593] mip6: Mobile IPv6
[    3.557551] sit: IPv6 over IPv4 tunneling driver
[    3.563219] NET: Registered protocol family 17
[    3.567688] NET: Registered protocol family 15
[    3.572128] can: controller area network core (rev 20120528 abi 9)
[    3.604640] NET: Registered protocol family 29
[    3.609079] can: raw protocol (rev 20120528)
[    3.613336] can: broadcast manager protocol (rev 20120528 t)
[    3.618992] can: netlink gateway (rev 20130117) max_hops=1
[    3.625210] input: tegra-hda HDMI/DP,pcm=3 as /devices/soc0/70030000.hda/sound/card0/input3
[    3.644633] Bluetooth: RFCOMM socket layer initialized
[    3.649762] Bluetooth: RFCOMM ver 1.11
[    3.653503] Bluetooth: BNEP (Ethernet Emulation) ver 1.3
[    3.658812] Bluetooth: BNEP socket layer initialized
[    3.663762] Bluetooth: HIDP (Human Interface Emulation) ver 1.2
[    3.669675] Bluetooth: HIDP socket layer initialized
[    3.674772] Key type dns_resolver registered
[    3.679489] Registering SWP/SWPB emulation handler
[    3.695448] +3.3V_RUN: supplied by +3.3V_SYS
[    3.700211] +3.3V_AVDD_HDMI_AP_GATED: supplied by +3.3V_RUN
[    3.705855] +1.8V_RUN_CAM: supplied by +3.3V_RUN
[    3.710502] +VDDIO_SDMMC3: supplied by +3.3V_RUN
[    3.715162] +1.8V_RUN_VPP_FUSE: supplied by +3.3V_RUN
[    3.720327] +VDD_LED: supplied by +VDD_MUX
[    3.724630] +5V_VDD_TS_SW: supplied by +5V_SYS
[    3.729281] +5V_USB_HS: supplied by +5V_SYS
[    3.733661] +5V_USB_SS: supplied by +5V_SYS
[    3.738448] +3.3V_PANEL: supplied by +3.3V_RUN
[    3.743456] +3.3V_LP0: supplied by +3.3V_SYS
[    3.748175] +1.05V_RUN_AVDD_HDMI_PLL: supplied by +1.05V_RUN
[    3.754038] +5V_HDMI_CON: supplied by +5V_SYS
[    3.759531] usb3-0 supply vbus not found, using dummy regulator
[    3.765534] usb3-1 supply vbus not found, using dummy regulator
[    3.773702] tegra-sor 54540000.sor: failed to probe output: -517
[    3.779943] panel supply power not found, using dummy regulator
[    3.845286] tegra-xusb 70090000.usb: Firmware timestamp: 2014-09-16 02:10:07 UTC
[    3.852695] tegra-xusb 70090000.usb: xHCI Host Controller
[    3.858118] tegra-xusb 70090000.usb: new USB bus registered, assigned bus number 1
[    3.867677] tegra-xusb 70090000.usb: hcc params 0x0184f525 hci version 0x100 quirks 0x00010010
[    3.876313] tegra-xusb 70090000.usb: irq 342, io mem 0x70090000
[    3.883052] hub 1-0:1.0: USB hub found
[    3.886896] hub 1-0:1.0: 6 ports detected
[    3.891632] tegra-xusb 70090000.usb: xHCI Host Controller
[    3.897092] tegra-xusb 70090000.usb: new USB bus registered, assigned bus number 2
[    3.904762] usb usb2: We don't know the algorithms for LPM for this host, disabling LPM.
[    3.913670] hub 2-0:1.0: USB hub found
[    3.917509] hub 2-0:1.0: 2 ports detected
[    3.922578] sdhci-tegra 700b0000.sdhci: allocated mmc-pwrseq
[    3.928315] mmc1: Unknown controller version (3). You may experience problems.
[    3.935765] mmc1: Invalid maximum block size, assuming 512 bytes
[    3.942181] +1.8V_VDDIO: voltage operation not allowed
[    3.947364] mmc1: Switching to 3.3V signalling voltage failed
[    3.984815] mmc1: SDHCI controller on 700b0000.sdhci [700b0000.sdhci] using ADMA 64-bit
[    3.993098] sdhci-tegra 700b0400.sdhci: Got CD GPIO
[    4.000111] sdhci-tegra 700b0400.sdhci: Got WP GPIO
[    4.008079] mmc2: Unknown controller version (3). You may experience problems.
[    4.015639] mmc2: Invalid maximum block size, assuming 512 bytes
[    4.053403] mmc1: new high speed SDIO card at address 0001
[    4.064732] mmc2: SDHCI controller on 700b0400.sdhci [700b0400.sdhci] using ADMA 64-bit
[    4.170121] [drm] Supports vblank timestamp caching Rev 2 (21.10.2013).
[    4.176774] [drm] No driver support for vblank timestamp query.
[    4.214601] usb 1-2: new high-speed USB device number 2 using tegra-xusb
[    4.225972] mmc2: new high speed SDHC card at address 0007
[    4.226532] mmcblk2: mmc2:0007 SD08G 7.42 GiB 
[    4.238492] Console: switching to colour frame buffer device 170x48
[    4.249009] GPT:Primary header alternate_lba != Alt. header my_lba
[    4.249011] GPT:3014591 != 15564799
[    4.249012] GPT:Primary header thinks Alt. header is not at the end of the disk.
[    4.249013] GPT:3014591 != 15564799
[    4.249014] GPT: Use GNU Parted to correct GPT errors.
[    4.249038]  mmcblk2: p1 p2 p3 p4 p5 p6 p7 p8 p9 p10 p11 p12
[    4.298280] drm drm: fb0:  frame buffer device
[    4.324684] [drm] Initialized tegra 0.0.0 20120330 on minor 0
[    4.331209] input: gpio-keys as /devices/soc0/gpio-keys/input/input4
[    4.338594] as3722-rtc as3722-rtc: setting system clock to 2000-01-01 00:00:23 UTC (946684823)
[    4.352728] +1.8V_RUN_CAM: disabling
[    4.356525] +1.2V_RUN_CAM_FRONT: disabling
[    4.360780] +1.05V_RUN_CAM_REAR: disabling
[    4.365084] +2.8V_RUN_TOUCH: disabling
[    4.368926] +2.8V_RUN_CAM_AF: disabling
[    4.372851] +1.8V_RUN_VPP_FUSE: disabling
[    4.377004] +5V_VDD_TS_SW: disabling
[    4.380765] ALSA device list:
[    4.383721]   #0: tegra-hda at 0x70038000 irq 341
[    4.388477]   #1: GoogleNyanBig
[    4.392402] EXT4-fs (mmcblk0p3): couldn't mount as ext3 due to feature incompatibilities
[    4.500956] uvcvideo: Found UVC 1.00 device HD WebCam (1bcf:2c67)
[    4.515665] input: HD WebCam as /devices/soc0/70090000.usb/usb1/1-2/1-2:1.0/input/input5
[    4.754912] EXT4-fs (mmcblk0p3): recovery complete
[    4.760594] EXT4-fs (mmcblk0p3): mounted filesystem with ordered data mode. Opts: (null)
[    4.768744] VFS: Mounted root (ext4 filesystem) on device 179:3.
[    4.775386] devtmpfs: mounted
[    4.778812] Freeing unused kernel memory: 1024K (c0c00000 - c0d00000)
[    4.814609] usb 1-3: new high-speed USB device number 3 using tegra-xusb
bash: cannot set terminal process group (-1): Inappropriate ioctl for device
bash: no job control in this shell
root@(none):/# [    5.817460] asix 1-3:1.0 eth0: register 'asix' at usb-70090000.usb-3, ASIX AX88772 USB 2.0 Ethernet, c8:d7:19:90:fa:65
[    6.104664] usb 1-1: new high-speed USB device number 4 using tegra-xusb
[    6.253285] usb-storage 1-1:1.0: USB Mass Storage device detected
[    6.260249] scsi host0: usb-storage 1-1:1.0
[    7.316168] scsi 0:0:0:0: Direct-Access     SanDisk  SDDR-113         9412 PQ: 0 ANSI: 0
[    7.489010] sd 0:0:0:0: [sda] 15523840 512-byte logical blocks: (7.95 GB/7.40 GiB)
[    7.497864] sd 0:0:0:0: [sda] Write Protect is off
[    7.502647] sd 0:0:0:0: [sda] Mode Sense: 03 00 00 00
[    7.508854] sd 0:0:0:0: [sda] No Caching mode page found
[    7.514157] sd 0:0:0:0: [sda] Assuming drive cache: write through
[    7.540674]  sda: sda1 sda2 sda3 sda4 sda5 sda6 sda7 sda8 sda9 sda10 sda11 sda12 sda13
[    7.554125] sd 0:0:0:0: [sda] Attached SCSI removable disk
