
U-Boot SPL 2014.07-00097-g772e173 (Jul 25 2014 - 20:02:52)


U-Boot 2014.07-00097-g772e173 (Jul 25 2014 - 20:02:52)

TEGRA124
Board: NVIDIA Jetson TK1
I2C:   ready
DRAM:  2 GiB
MMC:   Tegra SD/MMC: 0, Tegra SD/MMC: 1
In:    serial
Out:   serial
Err:   serial
Net:   Net Initialization Skipped
No ethernet found.
Hit any key to stop autoboot:  2  0 
Tegra124 (Jetson TK1) # 
Tegra124 (Jetson TK1) # usb reset
(Re)start USB...
USB0:   USB EHCI 1.10
scanning bus 0 for devices... 1 USB Device(s) found
USB1:   USB EHCI 1.10
scanning bus 1 for devices... 2 USB Device(s) found
       scanning usb for storage devices... 0 Storage Device(s) found
       scanning usb for ethernet devices... 
Warning: asx0 using MAC address from net device
1 Ethernet Device(s) found
Tegra124 (Jetson TK1) # setenv bootargs 'ignore_loglevel console=ttyS0,115200n8 rw root=/dev/mmcblk0p1 rootwait gpt debug init=/bin/bash noinitrd'
Tegra124 (Jetson TK1) # setenv ipaddr 192.168.100.102; setenv serverip 192.168.100.1; setenv tftpserverip 192.168.100.1
Tegra124 (Jetson TK1) # tftpboot 0x81000000 zImage.multi_v7_defconfig
Using asx0 device
TFTP from server 192.168.100.1; our IP address is 192.168.100.102
Filename 'zImage.multi_v7_defconfig'.
Load address: 0x81000000
Loading: *#################################################################
	 #################################################################
	 #################################################################
	 #################################################################
	 #################################################################
	 ############
	 2.8 MiB/s
done
Bytes transferred = 4938008 (4b5918 hex)
Tegra124 (Jetson TK1) # tftpboot 0x82000000 tegra124-jetson-tk1.dtb
Using asx0 device
TFTP from server 192.168.100.1; our IP address is 192.168.100.102
Filename 'tegra124-jetson-tk1.dtb'.
Load address: 0x82000000
Loading: *###
	 2.7 MiB/s
done
Bytes transferred = 42784 (a720 hex)
Tegra124 (Jetson TK1) # bootz 0x81000000 - 0x82000000
Kernel image @ 0x81000000 [ 0x000000 - 0x4b5918 ]
## Flattened Device Tree blob at 82000000
   Booting using the fdt blob at 0x82000000
   Using Device Tree in place at 82000000, end 8200d71f

Starting kernel ...

[    0.000000] Booting Linux on physical CPU 0x0
[    0.000000] Linux version 3.16.0-79775-g19583ca (pwalmsley@kaivo) (gcc version 4.7.3 20130328 (prerelease) (crosstool-NG linaro-1.13.1-4.7-2013.04-20130415 - Linaro GCC 2013.04) ) #1 SMP Mon Aug 4 00:46:30 PDT 2014
[    0.000000] CPU: ARMv7 Processor [413fc0f3] revision 3 (ARMv7), cr=10c5387d
[    0.000000] CPU: PIPT / VIPT nonaliasing data cache, PIPT instruction cache
[    0.000000] Machine model: NVIDIA Tegra124 Jetson TK1
[    0.000000] debug: ignoring loglevel setting.
[    0.000000] cma: CMA: reserved 64 MiB at ab800000
[    0.000000] Memory policy: Data cache writealloc
[    0.000000] On node 0 totalpages: 524032
[    0.000000] free_area_init_node: node 0, pgdat c0c43b00, node_mem_map ea7d8000
[    0.000000]   DMA zone: 1520 pages used for memmap
[    0.000000]   DMA zone: 0 pages reserved
[    0.000000]   DMA zone: 194560 pages, LIFO batch:31
[    0.000000]   HighMem zone: 2574 pages used for memmap
[    0.000000]   HighMem zone: 329472 pages, LIFO batch:31
[    0.000000] Tegra: unknown chip id 64
[    0.000000] Tegra Revision: A01 SKU: 129 CPU Process: 0 Core Process: 0
[    0.000000] PERCPU: Embedded 8 pages/cpu @ea78a000 s8448 r8192 d16128 u32768
[    0.000000] pcpu-alloc: s8448 r8192 d16128 u32768 alloc=8*4096
[    0.000000] pcpu-alloc: [0] 0 [0] 1 [0] 2 [0] 3 
[    0.000000] Built 1 zonelists in Zone order, mobility grouping on.  Total pages: 522512
[    0.000000] Kernel command line: ignore_loglevel console=ttyS0,115200n8 rw root=/dev/mmcblk0p1 rootwait gpt debug init=/bin/bash noinitrd
[    0.000000] PID hash table entries: 4096 (order: 2, 16384 bytes)
[    0.000000] Dentry cache hash table entries: 131072 (order: 7, 524288 bytes)
[    0.000000] Inode-cache hash table entries: 65536 (order: 6, 262144 bytes)
[    0.000000] Memory: 2002108K/2096128K available (6366K kernel code, 894K rwdata, 2568K rodata, 652K init, 304K bss, 94020K reserved, 1317888K highmem)
[    0.000000] Virtual kernel memory layout:
[    0.000000]     vector  : 0xffff0000 - 0xffff1000   (   4 kB)
[    0.000000]     fixmap  : 0xffc00000 - 0xffe00000   (2048 kB)
[    0.000000]     vmalloc : 0xf0000000 - 0xff000000   ( 240 MB)
[    0.000000]     lowmem  : 0xc0000000 - 0xef800000   ( 760 MB)
[    0.000000]     pkmap   : 0xbfe00000 - 0xc0000000   (   2 MB)
[    0.000000]     modules : 0xbf000000 - 0xbfe00000   (  14 MB)
[    0.000000]       .text : 0xc0208000 - 0xc0ac1b54   (8935 kB)
[    0.000000]       .init : 0xc0ac2000 - 0xc0b65100   ( 653 kB)
[    0.000000]       .data : 0xc0b66000 - 0xc0c45800   ( 894 kB)
[    0.000000]        .bss : 0xc0c45808 - 0xc0c91898   ( 305 kB)
[    0.000000] SLUB: HWalign=64, Order=0-3, MinObjects=0, CPUs=4, Nodes=1
[    0.000000] Hierarchical RCU implementation.
[    0.000000] 	RCU restricting CPUs from NR_CPUS=8 to nr_cpu_ids=4.
[    0.000000] RCU: Adjusting geometry for rcu_fanout_leaf=16, nr_cpu_ids=4
[    0.000000] NR_IRQS:16 nr_irqs:16 16
[    0.000000] L2C: failed to init: -19
[    0.000009] sched_clock: 32 bits at 1000kHz, resolution 1000ns, wraps every 2147483648000ns
[    0.002682] Architected cp15 timer(s) running at 12.00MHz (virt).
[    0.002705] sched_clock: 56 bits at 12MHz, resolution 83ns, wraps every 2863311536128ns
[    0.002713] Switching to timer-based delay loop
[    0.002999] Console: colour dummy device 80x30
[    0.003022] Calibrating delay loop (skipped), value calculated using timer frequency.. 24.00 BogoMIPS (lpj=60000)
[    0.003036] pid_max: default: 32768 minimum: 301
[    0.003167] Mount-cache hash table entries: 2048 (order: 1, 8192 bytes)
[    0.003179] Mountpoint-cache hash table entries: 2048 (order: 1, 8192 bytes)
[    0.003699] CPU: Testing write buffer coherency: ok
[    0.003890] /cpus/cpu@0 missing clock-frequency property
[    0.003918] /cpus/cpu@1 missing clock-frequency property
[    0.003944] /cpus/cpu@2 missing clock-frequency property
[    0.003971] /cpus/cpu@3 missing clock-frequency property
[    0.003983] CPU0: thread -1, cpu 0, socket 0, mpidr 80000000
[    0.004022] Setting up static identity map for 0x808036d0 - 0x80803768
[    0.006359] CPU1: Booted secondary processor
[    0.006386] CPU1: thread -1, cpu 1, socket 0, mpidr 80000001
[    0.006861] CPU2: Booted secondary processor
[    0.006885] CPU2: thread -1, cpu 2, socket 0, mpidr 80000002
[    0.007367] CPU3: Booted secondary processor
[    0.007391] CPU3: thread -1, cpu 3, socket 0, mpidr 80000003
[    0.007482] Brought up 4 CPUs
[    0.007510] SMP: Total of 4 processors activated.
[    0.007518] CPU: All CPU(s) started in SVC mode.
[    0.008046] devtmpfs: initialized
[    0.013701] VFP support v0.3: implementor 41 architecture 4 part 30 variant f rev 0
[    0.014123] pinctrl core: initialized pinctrl subsystem
[    0.014550] regulator-dummy: no parameters
[    0.029387] NET: Registered protocol family 16
[    0.031363] DMA: preallocated 256 KiB pool for atomic coherent allocations
[    0.032953] cpuidle: using governor ladder
[    0.032967] cpuidle: using governor menu
[    0.044525] No ATAGs?
[    0.044561] hw-breakpoint: found 5 (+1 reserved) breakpoint and 4 watchpoint registers.
[    0.044571] hw-breakpoint: maximum watchpoint size is 8 bytes.
[    0.044719] EXYNOS: PMU not supported
[    0.046928] Serial: AMBA PL011 UART driver
[    0.070584] edma-dma-engine edma-dma-engine.0: Can't allocate PaRAM dummy slot
[    0.070606] edma-dma-engine: probe of edma-dma-engine.0 failed with error -5
[    0.071154] +VDD_MUX: 12000 mV 
[    0.071382] +5V_SYS: 5000 mV 
[    0.071428] +5V_SYS: supplied by +VDD_MUX
[    0.071686] +3.3V_SYS: 3300 mV 
[    0.071731] +3.3V_SYS: supplied by +VDD_MUX
[    0.071866] platform regulators:regulator@3: Driver reg-fixed-voltage requests probe deferral
[    0.072038] +3.3V_AVDD_HDMI_AP_GATED: 3300 mV 
[    0.072085] reg-fixed-voltage regulators:regulator@4: Failed to find supply vin
[    0.072195] reg-fixed-voltage regulators:regulator@4: Failed to register regulator: -517
[    0.072217] platform regulators:regulator@4: Driver reg-fixed-voltage requests probe deferral
[    0.072386] +USB0_VBUS_SW: Failed to request enable GPIO108: -517
[    0.072478] reg-fixed-voltage regulators:regulator@7: Failed to register regulator: -517
[    0.072500] platform regulators:regulator@7: Driver reg-fixed-voltage requests probe deferral
[    0.072683] +5V_USB_HS: Failed to request enable GPIO109: -517
[    0.072772] reg-fixed-voltage regulators:regulator@8: Failed to register regulator: -517
[    0.072793] platform regulators:regulator@8: Driver reg-fixed-voltage requests probe deferral
[    0.072865] platform regulators:regulator@10: Driver reg-fixed-voltage requests probe deferral
[    0.073032] +1.05V_RUN_AVDD_HDMI_PLL: Failed to request enable GPIO63: -517
[    0.073121] reg-fixed-voltage regulators:regulator@11: Failed to register regulator: -517
[    0.073141] platform regulators:regulator@11: Driver reg-fixed-voltage requests probe deferral
[    0.073307] +5V_HDMI_CON: Failed to request enable GPIO86: -517
[    0.073393] reg-fixed-voltage regulators:regulator@12: Failed to register regulator: -517
[    0.073414] platform regulators:regulator@12: Driver reg-fixed-voltage requests probe deferral
[    0.075511] vgaarb: loaded
[    0.076120] SCSI subsystem initialized
[    0.076297] libata version 3.00 loaded.
[    0.076626] usbcore: registered new interface driver usbfs
[    0.076703] usbcore: registered new interface driver hub
[    0.076806] usbcore: registered new device driver usb
[    0.079931] Linux video capture interface: v2.00
[    0.079986] pps_core: LinuxPPS API ver. 1 registered
[    0.079995] pps_core: Software ver. 5.3.6 - Copyright 2005-2007 Rodolfo Giometti <giometti@linux.it>
[    0.080026] PTP clock support registered
[    0.080101] EDAC MC: Ver: 3.0.0
[    0.080830] Advanced Linux Sound Architecture Driver Initialized.
[    0.081888] Switched to clocksource arch_sys_counter
[    0.092113] NET: Registered protocol family 2
[    0.092714] TCP established hash table entries: 8192 (order: 3, 32768 bytes)
[    0.092804] TCP bind hash table entries: 8192 (order: 4, 65536 bytes)
[    0.092990] TCP: Hash tables configured (established 8192 bind 8192)
[    0.093039] TCP: reno registered
[    0.093052] UDP hash table entries: 512 (order: 2, 16384 bytes)
[    0.093093] UDP-Lite hash table entries: 512 (order: 2, 16384 bytes)
[    0.093257] NET: Registered protocol family 1
[    0.093475] RPC: Registered named UNIX socket transport module.
[    0.093485] RPC: Registered udp transport module.
[    0.093492] RPC: Registered tcp transport module.
[    0.093499] RPC: Registered tcp NFSv4.1 backchannel transport module.
[    0.093520] PCI: CLS 0 bytes, default 64
[    0.095595] futex hash table entries: 1024 (order: 4, 65536 bytes)
[    0.107713] squashfs: version 4.0 (2009/01/31) Phillip Lougher
[    0.108463] NFS: Registering the id_resolver key type
[    0.108492] Key type id_resolver registered
[    0.108501] Key type id_legacy registered
[    0.108551] msgmni has been set to 1464
[    0.108967] bounce: pool size: 64 pages
[    0.109197] Block layer SCSI generic (bsg) driver version 0.4 loaded (major 249)
[    0.109213] io scheduler noop registered
[    0.109227] io scheduler deadline registered
[    0.109430] io scheduler cfq registered (default)
[    0.125072] tegra-apbdma 60020000.dma: Tegra20 APB DMA driver register 32 channels
[    0.189236] Serial: 8250/16550 driver, 4 ports, IRQ sharing disabled
[    0.191037] Serial: IMX driver
[    0.191348] msm_serial: driver initialized
[    0.192164] console [ttyS0] disabled
[    0.192199] 70006300.serial: ttyS0 at MMIO 0x70006300 (irq = 122, base_baud = 25500000) is a Tegra
[    1.047935] console [ttyS0] enabled
[    1.052149] STMicroelectronics ASC driver initialized
[    1.057934] serial: Freescale lpuart driver
[    1.062312] [drm] Initialized drm 1.1.0 20060810
[    1.067666] tegra-hdmi 54280000.hdmi: failed to get HDMI regulator
[    1.073869] platform 54280000.hdmi: Driver tegra-hdmi requests probe deferral
[    1.086729] loop: module loaded
[    1.090195] at24 0-0056: 256 byte 24c02 EEPROM, writable, 8 bytes/write
[    1.097927] as3722 4-0040: AS3722 with revision 0x1 found
[    1.108020] +VDD_CPU_AP: 700 <--> 1400 mV at 1000 mV 3500 mA 
[    1.115051] +VDD_CORE: 700 <--> 1350 mV at 1100 mV 2500 mA 
[    1.121003] +1.35V_LP0(sd2): 1350 mV 
[    1.124736] +1.35V_LP0(sd2): supplied by +5V_SYS
[    1.129835] +1.35V_LP0(sd3): 1350 mV 
[    1.133565] +1.35V_LP0(sd3): supplied by +5V_SYS
[    1.138674] +1.05V_RUN: 1050 mV 
[    1.141969] +1.05V_RUN: supplied by +5V_SYS
[    1.146499] +1.8V_VDDIO: 1800 mV 
[    1.149881] +1.8V_VDDIO: supplied by +5V_SYS
[    1.155528] +VDD_GPU_AP: 650 <--> 1200 mV at 1000 mV 3500 mA 
[    1.162445] +1.05V_RUN_AVDD: 1050 mV at 300 mA 
[    1.167058] +1.05V_RUN_AVDD: supplied by +1.35V_LP0(sd2)
[    1.172845] +1.8V_RUN_CAM: 1800 mV at 150 mA 
[    1.177280] as3722-regulator as3722-regulator: Failed to find supply vin-ldo1-6
[    1.184697] as3722-regulator as3722-regulator: regulator 8 register failed -517
[    1.193213] platform as3722-regulator: Driver as3722-regulator requests probe deferral
[    1.206397] CAN device driver interface
[    1.212224] pegasus: v0.9.3 (2013/04/25), Pegasus/Pegasus II USB Ethernet driver
[    1.219685] usbcore: registered new interface driver pegasus
[    1.225424] usbcore: registered new interface driver asix
[    1.230886] usbcore: registered new interface driver ax88179_178a
[    1.237037] usbcore: registered new interface driver cdc_ether
[    1.242949] usbcore: registered new interface driver smsc75xx
[    1.248774] usbcore: registered new interface driver smsc95xx
[    1.254577] usbcore: registered new interface driver net1080
[    1.260304] usbcore: registered new interface driver cdc_subset
[    1.266283] usbcore: registered new interface driver zaurus
[    1.271967] usbcore: registered new interface driver cdc_ncm
[    1.277658] ehci_hcd: USB 2.0 'Enhanced' Host Controller (EHCI) Driver
[    1.284196] ehci-pci: EHCI PCI platform driver
[    1.288701] ehci-platform: EHCI generic platform driver
[    1.294098] ehci-omap: OMAP-EHCI Host Controller driver
[    1.299452] ehci-orion: EHCI orion driver
[    1.303593] SPEAr-ehci: EHCI SPEAr driver
[    1.307735] tegra-ehci: Tegra EHCI driver
[    1.311963] platform 7d004000.usb: Driver tegra-ehci requests probe deferral
[    1.319134] platform 7d008000.usb: Driver tegra-ehci requests probe deferral
[    1.326264] ohci_hcd: USB 1.1 'Open' Host Controller (OHCI) Driver
[    1.332468] ohci-pci: OHCI PCI platform driver
[    1.336976] ohci-platform: OHCI generic platform driver
[    1.342349] ohci-omap3: OHCI OMAP3 driver
[    1.346476] SPEAr-ohci: OHCI SPEAr driver
[    1.351226] usbcore: registered new interface driver usb-storage
[    1.357765] tegra-phy 7d004000.usb-phy: no vbus regulator
[    1.363422] platform 7d008000.usb-phy: Driver tegra-phy requests probe deferral
[    1.372101] mousedev: PS/2 mouse device common for all mice
[    1.380471] as3722-rtc as3722-rtc: rtc core: registered as3722-rtc as rtc0
[    1.387355] as3722-rtc as3722-rtc: RTC interrupt 464
[    1.395186] tegra_rtc 7000e000.rtc: rtc core: registered 7000e000.rtc as rtc1
[    1.402347] tegra_rtc 7000e000.rtc: Tegra internal Real Time Clock
[    1.409018] i2c /dev entries driver
[    1.414218] usbcore: registered new interface driver uvcvideo
[    1.419969] USB Video Class driver (1.1.1)
[    1.424073] gspca_main: v2.14.0 registered
[    1.428948] 0-004c supply vcc not found, using dummy regulator
[    1.438973] sdhci: Secure Digital Host Controller Interface driver
[    1.445159] sdhci: Copyright(c) Pierre Ossman
[    1.450373] Synopsys Designware Multimedia Card Interface Driver
[    1.457014] sdhci-pltfm: SDHCI platform and OF driver helper
[    1.463373] sdhci-tegra 700b0400.sdhci: Got CD GPIO #170.
[    1.468797] sdhci-tegra 700b0400.sdhci: Got WP GPIO #132.
[    1.474236] mmc0: Unknown controller version (3). You may experience problems.
[    1.481539] mmc0: no vqmmc regulator found
[    1.485645] mmc0: no vmmc regulator found
[    1.489659] mmc0: Invalid maximum block size, assuming 512 bytes
[    1.526937] mmc0: SDHCI controller on 700b0400.sdhci [700b0400.sdhci] using ADMA
[    1.534453] mmc1: Unknown controller version (3). You may experience problems.
[    1.541710] mmc1: no vqmmc regulator found
[    1.545814] mmc1: no vmmc regulator found
[    1.549828] mmc1: Invalid maximum block size, assuming 512 bytes
[    1.586908] mmc1: SDHCI controller on 700b0600.sdhci [700b0600.sdhci] using ADMA
[    1.595026] usbcore: registered new interface driver usbhid
[    1.600618] usbhid: USB HID core driver
[    1.640873] mmc1: BKOPS_EN bit is not set
[    1.648814] mmc1: new high speed MMC card at address 0001
[    1.654562] mmcblk0: mmc1:0001 SEM16G 14.6 GiB 
[    1.659211] mmcblk0boot0: mmc1:0001 SEM16G partition 1 4.00 MiB
[    1.665236] mmcblk0boot1: mmc1:0001 SEM16G partition 2 4.00 MiB
[    1.671255] mmcblk0rpmb: mmc1:0001 SEM16G partition 3 4.00 MiB
[    1.679046] Primary GPT is invalid, using alternate GPT.
[    1.684390]  mmcblk0: p1 p2 p3 p4 p5 p6 p7 p8 p9
[    1.692492]  mmcblk0boot1: unknown partition table
[    1.698617]  mmcblk0boot0: unknown partition table
[    2.024294] tegra30-i2s 70301100.i2s: DMA channels sourced from device 70300000.ahub
[    2.040621] tegra-snd-rt5640 sound: rt5640-aif1 <-> 70301100.i2s mapping ok
[    2.050697] input: NVIDIA Tegra Jetson TK1 Headphones as /devices/soc0/sound/sound/card0/input0
[    2.060644] TCP: cubic registered
[    2.063978] NET: Registered protocol family 17
[    2.068445] can: controller area network core (rev 20120528 abi 9)
[    2.074688] NET: Registered protocol family 29
[    2.079145] can: raw protocol (rev 20120528)
[    2.083426] can: broadcast manager protocol (rev 20120528 t)
[    2.089100] can: netlink gateway (rev 20130117) max_hops=1
[    2.094967] Key type dns_resolver registered
[    2.099862] ThumbEE CPU extension supported.
[    2.104161] Registering SWP/SWPB emulation handler
[    2.110673] +3.3V_RUN: 3300 mV 
[    2.113877] +3.3V_RUN: supplied by +3.3V_SYS
[    2.118646] +3.3V_AVDD_HDMI_AP_GATED: 3300 mV 
[    2.123198] +3.3V_AVDD_HDMI_AP_GATED: supplied by +3.3V_RUN
[    2.129313] +USB0_VBUS_SW: 5000 mV 
[    2.132916] +USB0_VBUS_SW: supplied by +5V_SYS
[    2.137912] +5V_USB_HS: 5000 mV 
[    2.141207] +5V_USB_HS: supplied by +5V_SYS
[    2.146605] +3.3V_LP0: 3300 mV 
[    2.149862] +3.3V_LP0: supplied by +3.3V_SYS
[    2.154682] +1.05V_RUN_AVDD_HDMI_PLL: 1050 mV 
[    2.159238] reg-fixed-voltage regulators:regulator@11: Failed to find supply vin
[    2.166835] reg-fixed-voltage regulators:regulator@11: Failed to register regulator: -517
[    2.175077] platform regulators:regulator@11: Driver reg-fixed-voltage requests probe deferral
[    2.184619] +5V_HDMI_CON: 5000 mV 
[    2.188132] +5V_HDMI_CON: supplied by +5V_SYS
[    2.193221] tegra-hdmi 54280000.hdmi: failed to get PLL regulator
[    2.199435] platform 54280000.hdmi: Driver tegra-hdmi requests probe deferral
[    2.208847] +VDD_CPU_AP: 700 <--> 1400 mV at 1000 mV 3500 mA 
[    2.215841] +VDD_CORE: 700 <--> 1350 mV at 1100 mV 2500 mA 
[    2.221692] +1.35V_LP0(sd2): 1350 mV 
[    2.225480] +1.35V_LP0(sd2): supplied by +5V_SYS
[    2.230376] +1.35V_LP0(sd3): 1350 mV 
[    2.234185] +1.35V_LP0(sd3): supplied by +5V_SYS
[    2.239121] +1.05V_RUN: 1050 mV 
[    2.242499] +1.05V_RUN: supplied by +5V_SYS
[    2.246972] +1.8V_VDDIO: 1800 mV 
[    2.250387] +1.8V_VDDIO: supplied by +5V_SYS
[    2.255874] +VDD_GPU_AP: 650 <--> 1200 mV at 1000 mV 3500 mA 
[    2.262607] +1.05V_RUN_AVDD: 1050 mV at 300 mA 
[    2.267290] +1.05V_RUN_AVDD: supplied by +1.35V_LP0(sd2)
[    2.272870] +1.8V_RUN_CAM: 1800 mV at 150 mA 
[    2.277329] +1.8V_RUN_CAM: supplied by +3.3V_RUN
[    2.283416] +1.2V_GEN_AVDD: 1200 mV at 150 mA 
[    2.287983] +1.2V_GEN_AVDD: supplied by +1.8V_VDDIO
[    2.294728] +1.05V_LP0_VDD_RTC: 1000 mV at 150 mA 
[    2.300537] +2.8V_RUN_CAM: 2800 mV at 150 mA 
[    2.306157] +1.2V_RUN_CAM_FRONT: 1200 mV at 150 mA 
[    2.311149] +1.2V_RUN_CAM_FRONT: supplied by +1.8V_VDDIO
[    2.317342] +VDDIO_SDMMC3: 1800 <--> 3300 mV at 150 mA 
[    2.322697] +VDDIO_SDMMC3: supplied by +3.3V_RUN
[    2.328299] +1.05V_RUN_CAM_REAR: 1050 mV at 150 mA 
[    2.333290] +1.05V_RUN_CAM_REAR: supplied by +1.8V_VDDIO
[    2.340457] +3.3V_RUN_TOUCH: 2800 mV at 150 mA 
[    2.345110] +3.3V_RUN_TOUCH: supplied by +5V_SYS
[    2.350749] +2.8V_RUN_CAM_AF: 2800 mV at 150 mA 
[    2.355487] +2.8V_RUN_CAM_AF: supplied by +5V_SYS
[    2.361413] +1.8V_RUN_VPP_FUSE: 1800 mV at 150 mA 
[    2.366327] +1.8V_RUN_VPP_FUSE: supplied by +3.3V_RUN
[    2.372228] tegra-ehci 7d004000.usb: EHCI Host Controller
[    2.377655] tegra-ehci 7d004000.usb: new USB bus registered, assigned bus number 1
[    2.385415] tegra-ehci 7d004000.usb: irq 53, io mem 0x7d004000
[    2.396929] tegra-ehci 7d004000.usb: USB 2.0 started, EHCI 1.10
[    2.403842] hub 1-0:1.0: USB hub found
[    2.407673] hub 1-0:1.0: 1 port detected
[    2.412693] platform 7d008000.usb: Driver tegra-ehci requests probe deferral
[    2.421156] +1.05V_RUN_AVDD_HDMI_PLL: 1050 mV 
[    2.425699] +1.05V_RUN_AVDD_HDMI_PLL: supplied by +1.05V_RUN
[    2.433651] [drm] Supports vblank timestamp caching Rev 2 (21.10.2013).
[    2.440307] [drm] No driver support for vblank timestamp query.
[    2.446301] host1x drm: No connectors reported connected with modes
[    2.452595] [drm] Cannot find any crtc or sizes - going 1024x768
[    2.467563] Console: switching to colour frame buffer device 128x48
[    2.481112] host1x drm: fb0:  frame buffer device
[    2.485843] host1x drm: registered panic notifier
[    2.502056] [drm] Initialized tegra 0.0.0 20120330 on minor 0
[    2.508639] tegra-ehci 7d008000.usb: EHCI Host Controller
[    2.514080] tegra-ehci 7d008000.usb: new USB bus registered, assigned bus number 2
[    2.521923] tegra-ehci 7d008000.usb: irq 129, io mem 0x7d008000
[    2.537043] tegra-ehci 7d008000.usb: USB 2.0 started, EHCI 1.10
[    2.543841] hub 2-0:1.0: USB hub found
[    2.547655] hub 2-0:1.0: 1 port detected
[    2.552793] input: gpio-keys as /devices/soc0/gpio-keys/input/input1
[    2.560138] as3722-rtc as3722-rtc: setting system clock to 2000-02-01 00:00:47 UTC (949363247)
[    2.578518] +1.05V_RUN_AVDD_HDMI_PLL: disabling
[    2.583091] +1.8V_RUN_VPP_FUSE: disabling
[    2.587552] +2.8V_RUN_CAM_AF: disabling
[    2.591737] +3.3V_RUN_TOUCH: disabling
[    2.595857] +1.05V_RUN_CAM_REAR: disabling
[    2.600324] +VDDIO_SDMMC3: disabling
[    2.604270] +1.2V_RUN_CAM_FRONT: disabling
[    2.608517] +2.8V_RUN_CAM: disabling
[    2.612224] +1.8V_RUN_CAM: disabling
[    2.615916] +1.05V_RUN: disabling
[    2.619362] +USB0_VBUS_SW: disabling
[    2.622947] +3.3V_AVDD_HDMI_AP_GATED: disabling
[    2.627825] ALSA device list:
[    2.630788]   #0: NVIDIA Tegra Jetson TK1
[    2.636143] EXT4-fs (mmcblk0p1): couldn't mount as ext3 due to feature incompatibilities
[    2.644942] EXT4-fs (mmcblk0p1): couldn't mount as ext2 due to feature incompatibilities
[    2.658924] EXT4-fs (mmcblk0p1): recovery complete
[    2.663768] EXT4-fs (mmcblk0p1): mounted filesystem with ordered data mode. Opts: (null)
[    2.671943] VFS: Mounted root (ext4 filesystem) on device 179:1.
[    2.682509] devtmpfs: mounted
[    2.685974] Freeing unused kernel memory: 652K (c0ac2000 - c0b65000)
bash: cannot set terminal process group (-1): Inappropriate ioctl for device
bash: no job control in this shell
root@(none):/# [    2.862087] usb 2-1: new high-speed USB device number 2 using tegra-ehci
