
U-Boot SPL 2014.01-00219-gc4d376f (Feb 18 2014 - 19:57:32)


U-Boot 2014.01-00219-gc4d376f (Feb 18 2014 - 19:57:32)

TEGRA114
Board: NVIDIA Dalmore
I2C:   ready
DRAM:  2 GiB
MMC:   Tegra SD/MMC: 0, Tegra SD/MMC: 1
In:    serial
Out:   serial
Err:   serial
Net:   Net Initialization Skipped
No ethernet found.
Hit any key to stop autoboot:  2  1  0 
Tegra114 (Dalmore) # 
Tegra114 (Dalmore) # usb reset
(Re)start USB...
USB0:   USB EHCI 1.10
scanning bus 0 for devices... 2 USB Device(s) found
       scanning usb for storage devices... 0 Storage Device(s) found
       scanning usb for ethernet devices... 
Warning: asx0 using MAC address from net device
1 Ethernet Device(s) found
Tegra114 (Dalmore) # setenv bootargs 'ignore_loglevel console=ttyS0,115200n8 rw root=PARTUUID=7369c667-ff51-ec4a-29cd-baabf2fbe346 rootwait gpt debug earlyprintk init=/bin/bash'
Tegra114 (Dalmore) # setenv ipaddr 192.168.100.100; setenv serverip 192.168.100.1; setenv tftpserverip 192.168.100.1
Tegra114 (Dalmore) # tftpboot 0x81000000 zImage.tegra_defconfig
Using asx0 device
TFTP from server 192.168.100.1; our IP address is 192.168.100.100
Filename 'zImage.tegra_defconfig'.
Load address: 0x81000000
Loading: *#################################################################
	 #################################################################
	 #################################################################
	 #################################################################
	 #################################################################
	 ############################################
	 3 MiB/s
done
Bytes transferred = 5410256 (528dd0 hex)
Tegra114 (Dalmore) # tftpboot 0x82000000 tegra114-dalmore.dtb
Using asx0 device
TFTP from server 192.168.100.1; our IP address is 192.168.100.100
Filename 'tegra114-dalmore.dtb'.
Load address: 0x82000000
Loading: *###
	 3 MiB/s
done
Bytes transferred = 34956 (888c hex)
Tegra114 (Dalmore) # bootz 0x81000000 - 0x82000000
Kernel image @ 0x81000000 [ 0x000000 - 0x528dd0 ]
## Flattened Device Tree blob at 82000000
   Booting using the fdt blob at 0x82000000
   Loading Device Tree to 8fff4000, end 8ffff88b ... OK

Starting kernel ...

Uncompressing Linux... done, booting the kernel.
[    0.000000] Booting Linux on physical CPU 0x0
[    0.000000] Linux version 4.8.0-rc3-110147-gfa8410b (pwalmsley@kaivo) (gcc version 4.7.3 20130328 (prerelease) (crosstool-NG linaro-1.13.1-4.7-2013.04-20130415 - Linaro GCC 2013.04) ) #1 SMP PREEMPT Sun Aug 21 16:34:24 PDT 2016
[    0.000000] CPU: ARMv7 Processor [412fc0f2] revision 2 (ARMv7), cr=10c5387d
[    0.000000] CPU: div instructions available: patching division code
[    0.000000] CPU: PIPT / VIPT nonaliasing data cache, PIPT instruction cache
[    0.000000] OF: fdt:Machine model: NVIDIA Tegra114 Dalmore evaluation board
[    0.000000] debug: ignoring loglevel setting.
[    0.000000] bootconsole [earlycon0] enabled
[    0.000000] cma: Reserved 64 MiB at 0xfbc00000
[    0.000000] Memory policy: Data cache writealloc
[    0.000000] On node 0 totalpages: 524032
[    0.000000] free_area_init_node: node 0, pgdat c0d5c340, node_mem_map eeff7000
[    0.000000]   Normal zone: 1536 pages used for memmap
[    0.000000]   Normal zone: 0 pages reserved
[    0.000000]   Normal zone: 196608 pages, LIFO batch:31
[    0.000000]   HighMem zone: 327424 pages, LIFO batch:31
[    0.000000] percpu: Embedded 14 pages/cpu @eef9a000 s25472 r8192 d23680 u57344
[    0.000000] pcpu-alloc: s25472 r8192 d23680 u57344 alloc=14*4096
[    0.000000] pcpu-alloc: [0] 0 [0] 1 [0] 2 [0] 3 
[    0.000000] Built 1 zonelists in Zone order, mobility grouping on.  Total pages: 522496
[    0.000000] Kernel command line: ignore_loglevel console=ttyS0,115200n8 rw root=PARTUUID=7369c667-ff51-ec4a-29cd-baabf2fbe346 rootwait gpt debug earlyprintk init=/bin/bash
[    0.000000] PID hash table entries: 4096 (order: 2, 16384 bytes)
[    0.000000] Dentry cache hash table entries: 131072 (order: 7, 524288 bytes)
[    0.000000] Inode-cache hash table entries: 65536 (order: 6, 262144 bytes)
[    0.000000] Memory: 1999936K/2096128K available (8192K kernel code, 375K rwdata, 2432K rodata, 1024K init, 366K bss, 30656K reserved, 65536K cma-reserved, 1244160K highmem)
[    0.000000] Virtual kernel memory layout:
[    0.000000]     vector  : 0xffff0000 - 0xffff1000   (   4 kB)
[    0.000000]     fixmap  : 0xffc00000 - 0xfff00000   (3072 kB)
[    0.000000]     vmalloc : 0xf0800000 - 0xff800000   ( 240 MB)
[    0.000000]     lowmem  : 0xc0000000 - 0xf0000000   ( 768 MB)
[    0.000000]     pkmap   : 0xbfe00000 - 0xc0000000   (   2 MB)
[    0.000000]     modules : 0xbf000000 - 0xbfe00000   (  14 MB)
[    0.000000]       .text : 0xc0008000 - 0xc0900000   (9184 kB)
[    0.000000]       .init : 0xc0c00000 - 0xc0d00000   (1024 kB)
[    0.000000]       .data : 0xc0d00000 - 0xc0d5ddc0   ( 376 kB)
[    0.000000]        .bss : 0xc0d5f000 - 0xc0dbab20   ( 367 kB)
[    0.000000] Preemptible hierarchical RCU implementation.
[    0.000000] 	Build-time adjustment of leaf fanout to 32.
[    0.000000] NR_IRQS:16 nr_irqs:16 16
[    0.000000] /interrupt-controller@60004000: 160 interrupts forwarded to /interrupt-controller@50041000
[    0.000000] Tegra clk 127: register failed with -17
[    0.000008] sched_clock: 32 bits at 1000kHz, resolution 1000ns, wraps every 2147483647500ns
[    0.007484] clocksource: timer_us: mask: 0xffffffff max_cycles: 0xffffffff, max_idle_ns: 1911260446275 ns
[    0.017100] Switching to timer-based delay loop, resolution 1000ns
[    0.024184] arm_arch_timer: Architected cp15 timer(s) running at 12.00MHz (virt).
[    0.030884] clocksource: arch_sys_counter: mask: 0xffffffffffffff max_cycles: 0x2c47f4ee7, max_idle_ns: 440795202497 ns
[    0.041717] sched_clock: 56 bits at 12MHz, resolution 83ns, wraps every 4398046511096ns
[    0.049771] Switching to timer-based delay loop, resolution 83ns
[    0.056289] Console: colour dummy device 80x30
[    0.060360] Calibrating delay loop (skipped), value calculated using timer frequency.. 24.00 BogoMIPS (lpj=120000)
[    0.070741] pid_max: default: 32768 minimum: 301
[    0.076003] Mount-cache hash table entries: 2048 (order: 1, 8192 bytes)
[    0.082111] Mountpoint-cache hash table entries: 2048 (order: 1, 8192 bytes)
[    0.090678] CPU: Testing write buffer coherency: ok
[    0.094416] /cpus/cpu@0 missing clock-frequency property
[    0.099532] /cpus/cpu@1 missing clock-frequency property
[    0.104928] /cpus/cpu@2 missing clock-frequency property
[    0.110282] /cpus/cpu@3 missing clock-frequency property
[    0.115652] CPU0: thread -1, cpu 0, socket 0, mpidr 80000000
[    0.121370] Setting up static identity map for 0x80100000 - 0x80100098
[    0.188470] Tegra Revision: A01 SKU: 0 CPU Process: 1 SoC Process: 0
[    0.228675] CPU1: thread -1, cpu 1, socket 0, mpidr 80000001
[    0.268734] CPU2: thread -1, cpu 2, socket 0, mpidr 80000002
[    0.308780] CPU3: thread -1, cpu 3, socket 0, mpidr 80000003
[    0.308887] Brought up 4 CPUs
[    0.327193] SMP: Total of 4 processors activated (96.00 BogoMIPS).
[    0.333443] CPU: All CPU(s) started in SVC mode.
[    0.364904] devtmpfs: initialized
[    0.398234] VFP support v0.3: implementor 41 architecture 4 part 30 variant f rev 0
[    0.404698] clocksource: jiffies: mask: 0xffffffff max_cycles: 0xffffffff, max_idle_ns: 19112604462750000 ns
[    0.474199] pinctrl core: initialized pinctrl subsystem
[    0.564729] NET: Registered protocol family 16
[    0.568646] DMA: preallocated 256 KiB pool for atomic coherent allocations
[    0.604348] cpuidle: using governor menu
[    0.626462] No ATAGs?
[    0.626671] hw-breakpoint: found 5 (+1 reserved) breakpoint and 4 watchpoint registers.
[    0.634991] hw-breakpoint: maximum watchpoint size is 8 bytes.
[    0.666003] tegra-mc 70019000.memory-controller: no memory timings for RAM code 3 registered
[    0.986925] dvdd_ts: Failed to request enable GPIO61: -517
[    0.990590] reg-fixed-voltage regulators:regulator@1: Failed to register regulator: -517
[    0.998916] usb1_vbus: Failed to request enable GPIO108: -517
[    1.004542] reg-fixed-voltage regulators:regulator@3: Failed to register regulator: -517
[    1.012834] usb2_vbus: Failed to request enable GPIO86: -517
[    1.018408] reg-fixed-voltage regulators:regulator@4: Failed to register regulator: -517
[    1.027324] VDD_5V0_HDMI_CON: Failed to request enable GPIO81: -517
[    1.032882] reg-fixed-voltage regulators:regulator@7: Failed to register regulator: -517
[    1.042839] vgaarb: loaded
[    1.071628] SCSI subsystem initialized
[    1.073863] libata version 3.00 loaded.
[    1.078128] usbcore: registered new interface driver usbfs
[    1.083210] usbcore: registered new interface driver hub
[    1.088530] usbcore: registered new device driver usb
[    1.097959] tps65090 2-0048: No cache defaults, reading back from HW
[    1.104676] TPS65090_RAILSDCDC1: supplied by vdd_ac_bat
[    1.108890] vdd_hdmi_5v0: supplied by vdd-sys-5v0
[    1.113652] TPS65090_RAILSDCDC2: supplied by vdd_ac_bat
[    1.119457] TPS65090_RAILSDCDC3: supplied by vdd_ac_bat
[    1.124237] TPS65090_RAILSFET1: supplied by vdd_ac_bat
[    1.129235] TPS65090_RAILSFET2: supplied by vdd_ac_bat
[    1.134462] TPS65090_RAILSFET3: supplied by vdd-sys-3v3
[    1.139888] TPS65090_RAILSFET4: supplied by vdd-sys-3v3
[    1.145205] TPS65090_RAILSFET5: supplied by vdd-sys-3v3
[    1.150456] TPS65090_RAILSFET6: supplied by vdd-sys-3v3
[    1.156111] TPS65090_RAILSFET7: supplied by vdd-sys-3v3
[    1.161027] TPS65090_RAILSLDO1: supplied by vdd_ac_bat
[    1.165951] TPS65090_RAILSLDO2: supplied by vdd_ac_bat
[    1.171808] palmas 2-0058: Irq flag is 0x00000008
[    1.177453] genirq: Setting trigger mode 8 for irq 341 failed (irq_chip_set_type_parent+0x0/0x28)
[    1.184533] dummy 2-0059: Failed to request IRQ 341 for palmas: -22
[    1.191394] palmas: probe of 2-0058 failed with error -22
[    1.196500] Linux video capture interface: v2.00
[    1.201086] pps_core: LinuxPPS API ver. 1 registered
[    1.205983] pps_core: Software ver. 5.3.6 - Copyright 2005-2007 Rodolfo Giometti <giometti@linux.it>
[    1.215273] PTP clock support registered
[    1.220142] Advanced Linux Sound Architecture Driver Initialized.
[    1.227075] Bluetooth: Core ver 2.21
[    1.229023] NET: Registered protocol family 31
[    1.233487] Bluetooth: HCI device and connection manager initialized
[    1.239935] Bluetooth: HCI socket layer initialized
[    1.244823] Bluetooth: L2CAP socket layer initialized
[    1.250014] Bluetooth: SCO socket layer initialized
[    1.256482] clocksource: Switched to clocksource arch_sys_counter
[    1.636506] NET: Registered protocol family 2
[    1.956508] TCP established hash table entries: 8192 (order: 3, 32768 bytes)
[    1.961817] TCP bind hash table entries: 8192 (order: 4, 65536 bytes)
[    1.968451] TCP: Hash tables configured (established 8192 bind 8192)
[    1.975078] UDP hash table entries: 512 (order: 2, 16384 bytes)
[    1.980675] UDP-Lite hash table entries: 512 (order: 2, 16384 bytes)
[    2.126500] NET: Registered protocol family 1
[    2.246508] RPC: Registered named UNIX socket transport module.
[    2.250599] RPC: Registered udp transport module.
[    2.255365] RPC: Registered tcp transport module.
[    2.260179] RPC: Registered tcp NFSv4.1 backchannel transport module.
[    2.266677] PCI: CLS 0 bytes, default 64
[    2.308821] futex hash table entries: 1024 (order: 4, 65536 bytes)
[    2.314256] workingset: timestamp_bits=30 max_order=19 bucket_order=0
[    3.116503] squashfs: version 4.0 (2009/01/31) Phillip Lougher
[    3.436561] NFS: Registering the id_resolver key type
[    3.439811] Key type id_resolver registered
[    3.444032] Key type id_legacy registered
[    3.452344] bounce: pool size: 64 pages
[    3.454359] io scheduler noop registered (default)
[    3.677200] tegra-apbdma 6000a000.dma: Tegra20 APB DMA driver register 32 channels
[    3.683735] tegra-pmc 7000e400.pmc: i2c-thermtrip node not found, emergency thermal reset disabled.
[    3.692798] Serial: 8250/16550 driver, 4 ports, IRQ sharing disabled
[    3.702362] console [ttyS0] disabled
[    3.704202] 70006300.serial: ttyS0 at MMIO 0x70006300 (irq = 329, base_baud = 25500000) is a Tegra
[    3.713215] console [ttyS0] enabled
[    3.713215] console [ttyS0] enabled
[    3.719478] bootconsole [earlycon0] disabled
[    3.719478] bootconsole [earlycon0] disabled
[    3.730540] [drm] Initialized drm 1.1.0 20060810
[    3.736309] tegra-hdmi 54280000.hdmi: failed to get HDMI regulator
[    3.742943] tegra-dsi 54300000.dsi: cannot get VDD supply
[    3.767653] loop: module loaded
[    3.818909] m25p80 spi32766.0: w25q32dw (4096 Kbytes)
[    3.827915] libphy: Fixed MDIO Bus: probed
[    3.832009] CAN device driver interface
[    3.835932] igb: Intel(R) Gigabit Ethernet Network Driver - version 5.3.0-k
[    3.842930] igb: Copyright (c) 2007-2014 Intel Corporation.
[    3.848897] pegasus: v0.9.3 (2013/04/25), Pegasus/Pegasus II USB Ethernet driver
[    3.856409] usbcore: registered new interface driver pegasus
[    3.862259] usbcore: registered new interface driver asix
[    3.867822] usbcore: registered new interface driver ax88179_178a
[    3.874026] usbcore: registered new interface driver cdc_ether
[    3.880055] usbcore: registered new interface driver smsc75xx
[    3.885960] usbcore: registered new interface driver smsc95xx
[    3.891869] usbcore: registered new interface driver net1080
[    3.897666] usbcore: registered new interface driver cdc_subset
[    3.903693] usbcore: registered new interface driver zaurus
[    3.909484] usbcore: registered new interface driver cdc_ncm
[    3.915567] ehci_hcd: USB 2.0 'Enhanced' Host Controller (EHCI) Driver
[    3.922106] ehci-pci: EHCI PCI platform driver
[    3.926683] tegra-ehci: Tegra EHCI driver
[    3.931566] usbcore: registered new interface driver cdc_acm
[    3.937238] cdc_acm: USB Abstract Control Model driver for USB modems and ISDN adapters
[    3.945354] usbcore: registered new interface driver cdc_wdm
[    3.951205] usbcore: registered new interface driver usb-storage
[    3.958018] mousedev: PS/2 mouse device common for all mice
[    3.966458] tegra_rtc 7000e000.rtc: rtc core: registered 7000e000.rtc as rtc1
[    3.973720] tegra_rtc 7000e000.rtc: Tegra internal Real Time Clock
[    3.980280] i2c /dev entries driver
[    3.985359] usbcore: registered new interface driver uvcvideo
[    3.991122] USB Video Class driver (1.1.1)
[    3.995211] gspca_main: v2.14.0 registered
[    4.000030] sbs-battery 0-000b: sbs_probe: Failed to get device status
[    4.006592] sbs-battery: probe of 0-000b failed with error -121
[    4.013399] random: fast init done
[    4.018999] tegra-wdt 60005000.timer: initialized (heartbeat = 120 sec, nowayout = 0)
[    4.027694] sdhci: Secure Digital Host Controller Interface driver
[    4.033863] sdhci: Copyright(c) Pierre Ossman
[    4.038233] sdhci-pltfm: SDHCI platform and OF driver helper
[    4.044261] sdhci-tegra 78000400.sdhci: Got CD GPIO
[    4.049174] sdhci-tegra 78000400.sdhci: Got WP GPIO
[    4.055151] mmc0: Invalid maximum block size, assuming 512 bytes
[    4.126761] mmc0: SDHCI controller on 78000400.sdhci [78000400.sdhci] using ADMA
[    4.136402] mmc1: Invalid maximum block size, assuming 512 bytes
[    4.216536] mmc1: SDHCI controller on 78000600.sdhci [78000600.sdhci] using ADMA
[    4.231897] usbcore: registered new interface driver usbhid
[    4.239446] usbhid: USB HID core driver
[    4.272420] mmc0: new high speed SDHC card at address aaaa
[    4.278900] mmcblk0: mmc0:aaaa SL16G 14.8 GiB 
[    4.300605]  mmcblk0: p1 p2 p3
[    4.304581] mmc1: new high speed MMC card at address 0001
[    4.311677] mmcblk1: mmc1:0001 SEM32G 29.1 GiB 
[    4.317450] mmcblk1boot0: mmc1:0001 SEM32G partition 1 4.00 MiB
[    4.323799] mmcblk1boot1: mmc1:0001 SEM32G partition 2 4.00 MiB
[    4.330161] mmcblk1rpmb: mmc1:0001 SEM32G partition 3 4.00 MiB
[    4.339115]  mmcblk1: p1 p2 p3 p4 p5 p6 p7 p8
[    4.689587] tegra30-i2s 70080400.i2s: DMA channels sourced from device 70080000.ahub
[    4.707058] tegra-snd-rt5640 sound: rt5640-aif1 <-> 70080400.i2s mapping ok
[    4.719591] input: NVIDIA Tegra Dalmore Headphones as /devices/soc0/sound/sound/card0/input0
[    5.006506] NET: Registered protocol family 10
[    5.166536] mip6: Mobile IPv6
[    5.169503] sit: IPv6, IPv4 and MPLS over IPv4 tunneling driver
[    5.178641] NET: Registered protocol family 17
[    5.183117] NET: Registered protocol family 15
[    5.187580] can: controller area network core (rev 20120528 abi 9)
[    5.226623] NET: Registered protocol family 29
[    5.231062] can: raw protocol (rev 20120528)
[    5.235328] can: broadcast manager protocol (rev 20160617 t)
[    5.241045] can: netlink gateway (rev 20130117) max_hops=1
[    5.286642] Bluetooth: RFCOMM socket layer initialized
[    5.291794] Bluetooth: RFCOMM ver 1.11
[    5.295548] Bluetooth: BNEP (Ethernet Emulation) ver 1.3
[    5.300918] Bluetooth: BNEP socket layer initialized
[    5.305875] Bluetooth: HIDP (Human Interface Emulation) ver 1.2
[    5.311820] Bluetooth: HIDP socket layer initialized
[    5.317095] Key type dns_resolver registered
[    5.322683] Registering SWP/SWPB emulation handler
[    5.330305] usb1_vbus: supplied by vdd-sys-5v0
[    5.335600] usb2_vbus: supplied by vdd-sys-5v0
[    5.341270] VDD_5V0_HDMI_CON: supplied by vdd-sys-5v0
[    5.347348] tegra-hdmi 54280000.hdmi: failed to get PLL regulator
[    5.353894] tegra-dsi 54300000.dsi: cannot get VDD supply
[    5.363029] tegra-ehci 7d008000.usb: EHCI Host Controller
[    5.368534] tegra-ehci 7d008000.usb: new USB bus registered, assigned bus number 1
[    5.376432] tegra-ehci 7d008000.usb: irq 339, io mem 0x7d008000
[    5.406572] tegra-ehci 7d008000.usb: USB 2.0 started, EHCI 1.10
[    5.414499] hub 1-0:1.0: USB hub found
[    5.418377] hub 1-0:1.0: 1 port detected
[    5.424191] tegra-hdmi 54280000.hdmi: failed to get PLL regulator
[    5.430935] tegra-dsi 54300000.dsi: cannot get VDD supply
[    5.437972] input: gpio-keys as /devices/soc0/gpio-keys/input/input1
[    5.445112] hctosys: unable to open rtc device (rtc0)
[    5.457705] tegra-hdmi 54280000.hdmi: failed to get PLL regulator
[    5.464260] tegra-dsi 54300000.dsi: cannot get VDD supply
[    5.479372] vdd_hdmi_5v0: disabling
[    5.484426] dvdd_ts: disabling
[    5.487555] usb1_vbus: disabling
[    5.490782] VDD_5V0_HDMI_CON: disabling
[    5.494891] ALSA device list:
[    5.497921]   #0: NVIDIA Tegra Dalmore
[    5.502914] EXT4-fs (mmcblk1p1): mounting ext3 file system using the ext4 subsystem
[    5.587205] EXT4-fs (mmcblk1p1): recovery complete
[    5.592009] EXT4-fs (mmcblk1p1): mounted filesystem with ordered data mode. Opts: (null)
[    5.600205] VFS: Mounted root (ext3 filesystem) on device 179:17.
[    5.611772] devtmpfs: mounted
[    5.615778] Freeing unused kernel memory: 1024K (c0c00000 - c0d00000)
bash: cannot set terminal process group (-1): Inappropriate ioctl for device
bash: no job control in this shell
root@(none):/# [    5.776552] usb 1-1: new high-speed USB device number 2 using tegra-ehci
mount -t sysfs none /sys
root@(none):/# 
root@(none):/# [    6.874830] asix 1-1:1.0 eth0: register 'asix' at usb-7d008000.usb-1, ASIX AX88772 USB 2.0 Ethernet, 00:50:b6:0d:b5:16
[    6.886872] tegra-hdmi 54280000.hdmi: failed to get PLL regulator
[    6.893458] tegra-dsi 54300000.dsi: cannot get VDD supply
mount -t debugfs none /sys/kernel/debug
root@(none):/# 
root@(none):/# rtcwake -d rtc1 -m mem -s 3
rtcwake: assuming RTC uses UTC ...
rtcwake: wakeup from "mem" using /dev/rtc1 at Thu Jan  1 00:00:22 1970
[    8.227552] PM: Syncing filesystems ... done.
[    8.234480] Freezing user space processes ... (elapsed 0.001 seconds) done.
[    8.242811] Double checking all user space processes after OOM killer disable... (elapsed 0.000 seconds) 
[    8.252479] Freezing remaining freezable tasks ... (elapsed 0.001 seconds) done.
[    8.261273] Suspending console(s) (use no_console_suspend to debug)
[    8.318869] PM: suspend of devices complete after 50.156 msecs
[    8.320388] PM: late suspend of devices complete after 1.505 msecs
[    8.321930] PM: noirq suspend of devices complete after 1.531 msecs
[    8.321934] Disabling non-boot CPUs ...
[    8.377011] IRQ17 no longer affine to CPU1
[    8.377367] CPU1: shutdown
[    8.557461] CPU2: shutdown
[    8.637362] CPU3: shutdown
[    8.688879] Entering suspend state LP1
[    8.688929] Enabling non-boot CPUs ...
[    8.749830] CPU1 is up
[    8.810427] CPU2 is up
[    8.871173] CPU3 is up
[    8.872097] PM: noirq resume of devices complete after 0.913 msecs
[    8.874438] PM: early resume of devices complete after 1.686 msecs
[    8.948627] PM: resume of devices complete after 74.171 msecs
[    8.950976] tegra-hdmi 54280000.hdmi: failed to get PLL regulator
[    8.951494] tegra-dsi 54300000.dsi: cannot get VDD supply
[    9.028475] Restarting tasks ... done.
root@(none):/# 
root@(none):/# rtcwake -d rtc1 -m mem -s 3
rtcwake: assuming RTC uses UTC ...
rtcwake: wakeup from "mem" using /dev/rtc1 at Thu Jan  1 00:00:31 1970
[   10.318122] PM: Syncing filesystems ... done.
[   10.323671] Freezing user space processes ... (elapsed 0.001 seconds) done.
[   10.332019] Double checking all user space processes after OOM killer disable... (elapsed 0.000 seconds) 
[   10.341690] Freezing remaining freezable tasks ... (elapsed 0.001 seconds) done.
[   10.350501] Suspending console(s) (use no_console_suspend to debug)
[   10.408613] PM: suspend of devices complete after 50.684 msecs
[   10.410428] PM: late suspend of devices complete after 1.798 msecs
[   10.411847] PM: noirq suspend of devices complete after 1.409 msecs
[   10.411851] Disabling non-boot CPUs ...
[   10.467292] CPU1: shutdown
[   10.556900] IRQ17 no longer affine to CPU2
[   10.557255] CPU2: shutdown
[   10.637177] CPU3: shutdown
[   10.688798] Entering suspend state LP1
[   10.688846] Enabling non-boot CPUs ...
[   10.749791] CPU1 is up
[   10.810415] CPU2 is up
[   10.871164] CPU3 is up
[   10.872093] PM: noirq resume of devices complete after 0.918 msecs
[   10.874468] PM: early resume of devices complete after 1.726 msecs
[   10.948634] PM: resume of devices complete after 74.147 msecs
[   10.951020] tegra-hdmi 54280000.hdmi: failed to get PLL regulator
[   10.951541] tegra-dsi 54300000.dsi: cannot get VDD supply
[   11.028599] Restarting tasks ... done.
root@(none):/# 
root@(none):/# rtcwake -d rtc1 -m mem -s 3
rtcwake: assuming RTC uses UTC ...
rtcwake: wakeup from "mem" using /dev/rtc1 at Thu Jan  1 00:00:40 1970
[   12.307164] PM: Syncing filesystems ... done.
[   12.312444] Freezing user space processes ... (elapsed 0.001 seconds) done.
[   12.320767] Double checking all user space processes after OOM killer disable... (elapsed 0.000 seconds) 
[   12.330437] Freezing remaining freezable tasks ... (elapsed 0.001 seconds) done.
[   12.339262] Suspending console(s) (use no_console_suspend to debug)
[   12.398468] PM: suspend of devices complete after 51.792 msecs
[   12.399943] PM: late suspend of devices complete after 1.465 msecs
[   12.401425] PM: noirq suspend of devices complete after 1.474 msecs
[   12.401430] Disabling non-boot CPUs ...
[   12.437239] CPU1: shutdown
[   12.537219] CPU2: shutdown
[   12.636787] IRQ17 no longer affine to CPU3
[   12.637147] CPU3: shutdown
[   12.688773] Entering suspend state LP1
[   12.688822] Enabling non-boot CPUs ...
[   12.749756] CPU1 is up
[   12.810359] CPU2 is up
[   12.871095] CPU3 is up
[   12.872031] PM: noirq resume of devices complete after 0.925 msecs
[   12.874066] PM: early resume of devices complete after 1.381 msecs
[   12.948564] PM: resume of devices complete after 74.480 msecs
[   12.950940] tegra-hdmi 54280000.hdmi: failed to get PLL regulator
[   12.951457] tegra-dsi 54300000.dsi: cannot get VDD supply
[   13.028535] Restarting tasks ... done.
root@(none):/# 
root@(none):/# rtcwake -d rtc1 -m mem -s 3
rtcwake: assuming RTC uses UTC ...
rtcwake: wakeup from "mem" using /dev/rtc1 at Thu Jan  1 00:00:49 1970
[   14.306170] PM: Syncing filesystems ... done.
[   14.311499] Freezing user space processes ... (elapsed 0.001 seconds) done.
[   14.319790] Double checking all user space processes after OOM killer disable... (elapsed 0.000 seconds) 
[   14.329463] Freezing remaining freezable tasks ... (elapsed 0.001 seconds) done.
[   14.338320] Suspending console(s) (use no_console_suspend to debug)
[   14.398660] PM: suspend of devices complete after 52.938 msecs
[   14.400134] PM: late suspend of devices complete after 1.464 msecs
[   14.401612] PM: noirq suspend of devices complete after 1.469 msecs
[   14.401617] Disabling non-boot CPUs ...
[   14.436863] IRQ17 no longer affine to CPU1
[   14.437225] CPU1: shutdown
[   14.537167] CPU2: shutdown
[   14.637089] CPU3: shutdown
[   14.688719] Entering suspend state LP1
[   14.688768] Enabling non-boot CPUs ...
[   14.749718] CPU1 is up
[   14.810318] CPU2 is up
[   14.871054] CPU3 is up
[   14.871963] PM: noirq resume of devices complete after 0.898 msecs
[   14.873985] PM: early resume of devices complete after 1.386 msecs
[   14.948749] PM: resume of devices complete after 74.746 msecs
[   14.951132] tegra-hdmi 54280000.hdmi: failed to get PLL regulator
[   14.951651] tegra-dsi 54300000.dsi: cannot get VDD supply
[   15.028703] Restarting tasks ... done.
root@(none):/# 
root@(none):/# rtcwake -d rtc1 -m mem -s 3
rtcwake: assuming RTC uses UTC ...
rtcwake: wakeup from "mem" using /dev/rtc1 at Thu Jan  1 00:00:58 1970
[   16.320340] PM: Syncing filesystems ... done.
[   16.325893] Freezing user space processes ... (elapsed 0.001 seconds) done.
[   16.334222] Double checking all user space processes after OOM killer disable... (elapsed 0.000 seconds) 
[   16.343893] Freezing remaining freezable tasks ... (elapsed 0.001 seconds) done.
[   16.352725] Suspending console(s) (use no_console_suspend to debug)
[   16.408720] PM: suspend of devices complete after 48.569 msecs
[   16.410253] PM: late suspend of devices complete after 1.518 msecs
[   16.411783] PM: noirq suspend of devices complete after 1.521 msecs
[   16.411788] Disabling non-boot CPUs ...
[   16.447182] CPU1: shutdown
[   16.547143] CPU2: shutdown
[   16.646709] IRQ17 no longer affine to CPU3
[   16.647060] CPU3: shutdown
[   16.698672] Entering suspend state LP1
[   16.698722] Enabling non-boot CPUs ...
[   16.759688] CPU1 is up
[   16.820271] CPU2 is up
[   16.881010] CPU3 is up
[   16.881898] PM: noirq resume of devices complete after 0.878 msecs
[   16.884099] PM: early resume of devices complete after 1.550 msecs
[   16.948495] PM: resume of devices complete after 64.378 msecs
[   16.950870] tegra-hdmi 54280000.hdmi: failed to get PLL regulator
[   16.951391] tegra-dsi 54300000.dsi: cannot get VDD supply
[   17.028453] Restarting tasks ... done.
root@(none):/# 
root@(none):/# rtcwake -d rtc1 -m mem -s 3
rtcwake: assuming RTC uses UTC ...
rtcwake: wakeup from "mem" using /dev/rtc1 at Thu Jan  1 00:01:07 1970
[   18.317569] PM: Syncing filesystems ... done.
[   18.323123] Freezing user space processes ... (elapsed 0.001 seconds) done.
[   18.331452] Double checking all user space processes after OOM killer disable... (elapsed 0.000 seconds) 
[   18.341122] Freezing remaining freezable tasks ... (elapsed 0.001 seconds) done.
[   18.349945] Suspending console(s) (use no_console_suspend to debug)
[   18.408599] PM: suspend of devices complete after 51.227 msecs
[   18.410078] PM: late suspend of devices complete after 1.468 msecs
[   18.411567] PM: noirq suspend of devices complete after 1.481 msecs
[   18.411571] Disabling non-boot CPUs ...
[   18.447138] CPU1: shutdown
[   18.547099] CPU2: shutdown
[   18.646659] IRQ17 no longer affine to CPU3
[   18.647015] CPU3: shutdown
[   18.698638] Entering suspend state LP1
[   18.698687] Enabling non-boot CPUs ...
[   18.759632] CPU1 is up
[   18.820227] CPU2 is up
[   18.880969] CPU3 is up
[   18.881865] PM: noirq resume of devices complete after 0.885 msecs
[   18.884082] PM: early resume of devices complete after 1.564 msecs
[   18.958667] PM: resume of devices complete after 74.567 msecs
[   18.961034] tegra-hdmi 54280000.hdmi: failed to get PLL regulator
[   18.961544] tegra-dsi 54300000.dsi: cannot get VDD supply
[   19.038615] Restarting tasks ... done.
root@(none):/# 
root@(none):/# rtcwake -d rtc1 -m mem -s 3
rtcwake: assuming RTC uses UTC ...
rtcwake: wakeup from "mem" using /dev/rtc1 at Thu Jan  1 00:01:16 1970
[   20.314396] PM: Syncing filesystems ... done.
[   20.319775] Freezing user space processes ... (elapsed 0.001 seconds) done.
[   20.328114] Double checking all user space processes after OOM killer disable... (elapsed 0.000 seconds) 
[   20.337817] Freezing remaining freezable tasks ... (elapsed 0.001 seconds) done.
[   20.346659] Suspending console(s) (use no_console_suspend to debug)
[   20.408065] PM: suspend of devices complete after 54.000 msecs
[   20.409550] PM: late suspend of devices complete after 1.474 msecs
[   20.411034] PM: noirq suspend of devices complete after 1.475 msecs
[   20.411039] Disabling non-boot CPUs ...
[   20.457080] CPU1: shutdown
[   20.567052] CPU2: shutdown
[   20.666959] CPU3: shutdown
[   20.718619] Entering suspend state LP1
[   20.718668] Enabling non-boot CPUs ...
[   20.779587] CPU1 is up
[   20.840187] CPU2 is up
[   20.900939] CPU3 is up
[   20.901835] PM: noirq resume of devices complete after 0.885 msecs
[   20.904093] PM: early resume of devices complete after 1.624 msecs
[   20.978472] PM: resume of devices complete after 74.362 msecs
[   20.980821] tegra-hdmi 54280000.hdmi: failed to get PLL regulator
[   20.981341] tegra-dsi 54300000.dsi: cannot get VDD supply
[   21.054314] Restarting tasks ... done.
root@(none):/# 
root@(none):/# rtcwake -d rtc1 -m mem -s 3
rtcwake: assuming RTC uses UTC ...
rtcwake: wakeup from "mem" using /dev/rtc1 at Thu Jan  1 00:01:25 1970
[   22.337977] PM: Syncing filesystems ... done.
[   22.343297] Freezing user space processes ... (elapsed 0.001 seconds) done.
[   22.351632] Double checking all user space processes after OOM killer disable... (elapsed 0.000 seconds) 
[   22.361303] Freezing remaining freezable tasks ... (elapsed 0.001 seconds) done.
[   22.370133] Suspending console(s) (use no_console_suspend to debug)
[   22.428623] PM: suspend of devices complete after 51.065 msecs
[   22.430102] PM: late suspend of devices complete after 1.468 msecs
[   22.431582] PM: noirq suspend of devices complete after 1.471 msecs
[   22.431586] Disabling non-boot CPUs ...
[   22.467048] CPU1: shutdown
[   22.576998] CPU2: shutdown
[   22.656577] IRQ17 no longer affine to CPU3
[   22.656923] CPU3: shutdown
[   22.708573] Entering suspend state LP1
[   22.708622] Enabling non-boot CPUs ...
[   22.769561] CPU1 is up
[   22.830167] CPU2 is up
[   22.890898] CPU3 is up
[   22.891797] PM: noirq resume of devices complete after 0.888 msecs
[   22.894035] PM: early resume of devices complete after 1.592 msecs
[   22.968380] PM: resume of devices complete after 74.326 msecs
[   22.970742] tegra-hdmi 54280000.hdmi: failed to get PLL regulator
[   22.971263] tegra-dsi 54300000.dsi: cannot get VDD supply
[   23.048331] Restarting tasks ... done.
root@(none):/# 
root@(none):/# rtcwake -d rtc1 -m mem -s 3
rtcwake: assuming RTC uses UTC ...
rtcwake: wakeup from "mem" using /dev/rtc1 at Thu Jan  1 00:01:34 1970
[   24.328026] PM: Syncing filesystems ... done.
[   24.333066] Freezing user space processes ... (elapsed 0.001 seconds) done.
[   24.341403] Double checking all user space processes after OOM killer disable... (elapsed 0.000 seconds) 
[   24.351075] Freezing remaining freezable tasks ... (elapsed 0.001 seconds) done.
[   24.359896] Suspending console(s) (use no_console_suspend to debug)
[   24.418824] PM: suspend of devices complete after 51.506 msecs
[   24.420356] PM: late suspend of devices complete after 1.516 msecs
[   24.421878] PM: noirq suspend of devices complete after 1.513 msecs
[   24.421882] Disabling non-boot CPUs ...
[   24.457011] CPU1: shutdown
[   24.556978] CPU2: shutdown
[   24.656535] IRQ17 no longer affine to CPU3
[   24.656881] CPU3: shutdown
[   24.708516] Entering suspend state LP1
[   24.708565] Enabling non-boot CPUs ...
[   24.769527] CPU1 is up
[   24.830131] CPU2 is up
[   24.890860] CPU3 is up
[   24.891738] PM: noirq resume of devices complete after 0.869 msecs
[   24.893708] PM: early resume of devices complete after 1.314 msecs
[   24.958259] PM: resume of devices complete after 64.532 msecs
[   24.960644] tegra-hdmi 54280000.hdmi: failed to get PLL regulator
[   24.961159] tegra-dsi 54300000.dsi: cannot get VDD supply
[   25.038208] Restarting tasks ... done.
root@(none):/# 
root@(none):/# rtcwake -d rtc1 -m mem -s 3
rtcwake: assuming RTC uses UTC ...
rtcwake: wakeup from "mem" using /dev/rtc1 at Thu Jan  1 00:01:43 1970
[   26.326855] PM: Syncing filesystems ... done.
[   26.332134] Freezing user space processes ... (elapsed 0.001 seconds) done.
[   26.340461] Double checking all user space processes after OOM killer disable... (elapsed 0.000 seconds) 
[   26.350134] Freezing remaining freezable tasks ... (elapsed 0.001 seconds) done.
[   26.358983] Suspending console(s) (use no_console_suspend to debug)
[   26.418492] PM: suspend of devices complete after 52.102 msecs
[   26.419976] PM: late suspend of devices complete after 1.474 msecs
[   26.421459] PM: noirq suspend of devices complete after 1.474 msecs
[   26.421464] Disabling non-boot CPUs ...
[   26.456977] CPU1: shutdown
[   26.556940] CPU2: shutdown
[   26.656491] IRQ17 no longer affine to CPU3
[   26.656855] CPU3: shutdown
[   26.708485] Entering suspend state LP1
[   26.708534] Enabling non-boot CPUs ...
[   26.769478] CPU1 is up
[   26.830057] CPU2 is up
[   26.890781] CPU3 is up
[   26.891708] PM: noirq resume of devices complete after 0.916 msecs
[   26.893687] PM: early resume of devices complete after 1.322 msecs
[   26.958261] PM: resume of devices complete after 64.557 msecs
[   26.960614] tegra-hdmi 54280000.hdmi: failed to get PLL regulator
[   26.961130] tegra-dsi 54300000.dsi: cannot get VDD supply
[   27.038202] Restarting tasks ... done.
root@(none):/# 
root@(none):/# NVTB SYSTEM SUSPEND TEST COMPLETE
