
U-Boot SPL 2013.04-rc2-06423-gf2e8a87-dirty (May 15 2013 - 09:45:39)


U-Boot 2013.04-rc2-06423-gf2e8a87-dirty (May 15 2013 - 09:45:39)

TEGRA30
Board: NVIDIA Beaver
DRAM:  2 GiB
MMC:   Tegra SD/MMC: 0, Tegra SD/MMC: 1
*** Warning - bad CRC, using default environment

In:    serial
Out:   serial
Err:   serial
Hit any key to stop autoboot:  2  0 
Tegra30 (Beaver) # 
Tegra30 (Beaver) # setenv bootargs 'console=ttyS0,230400n8 noinitrd root=/dev/mmcblk0p1 rw rootwait gpt ignore_loglevel debug'
Tegra30 (Beaver) # loady 0x81000000
## Ready for binary (ymodem) download to 0x81000000 at 230400 bps...
CSending: zImage
Sending: 

Transfer complete
yzModem - CRC mode, 7(SOH)/4225(STX)/0(CAN) packets, 3 retries
## Total Size      = 0x00420648 = 4326984 Bytes
Tegra30 (Beaver) # loady 0x82000000
## Ready for binary (ymodem) download to 0x82000000 at 230400 bps...
CSending: tegra30-beaver.dtb
Sending: 

Transfer complete
yzModem - CRC mode, 2(SOH)/17(STX)/0(CAN) packets, 3 retries
## Total Size      = 0x0000439d = 17309 Bytes
Tegra30 (Beaver) # bootz 0x81000000 - 0x82000000
## Flattened Device Tree blob at 82000000
   Booting using the fdt blob at 0x82000000
   Loading Device Tree to 8fff8000, end 8ffff39c ... OK

Starting kernel ...

[    0.000000] Booting Linux on physical CPU 0x0
[    0.000000] Initializing cgroup subsys cpu
[    0.000000] Initializing cgroup subsys cpuacct
[    0.000000] Linux version 3.11.3-12672-gdb20388 (pwalmsley@tamien) (gcc version 4.5.1 (Sourcery G++ Lite 2010.09-50) ) #1 SMP PREEMPT Mon Oct 7 22:14:37 PDT 2013
[    0.000000] CPU: ARMv7 Processor [412fc099] revision 9 (ARMv7), cr=10c5387d
[    0.000000] CPU: PIPT / VIPT nonaliasing data cache, VIPT aliasing instruction cache
[    0.000000] Machine: NVIDIA Tegra SoC (Flattened Device Tree), model: NVIDIA Tegra30 Beaver evaluation board
[    0.000000] debug: ignoring loglevel setting.
[    0.000000] cma: CMA: reserved 16 MiB at ae800000
[    0.000000] Memory policy: ECC disabled, Data cache writealloc
[    0.000000] On node 0 totalpages: 524032
[    0.000000] free_area_init_node: node 0, pgdat c0801780, node_mem_map c0859000
[    0.000000]   Normal zone: 1520 pages used for memmap
[    0.000000]   Normal zone: 0 pages reserved
[    0.000000]   Normal zone: 194560 pages, LIFO batch:31
[    0.000000]   HighMem zone: 2574 pages used for memmap
[    0.000000]   HighMem zone: 329472 pages, LIFO batch:31
[    0.000000] fuse_speedo_calib: ATE prog ver 3.3
[    0.000000] Tegra30: CPU Speedo ID 5, Soc Speedo ID 2
[    0.000000] Tegra Revision: A03 SKU: 128 CPU Process: 4 Core Process: 0
[    0.000000] L310 cache controller enabled
[    0.000000] l2x0: 8 ways, CACHE_ID 0x410000c7, AUX_CTRL 0x7e480001, Cache size: 1048576 B
[    0.000000] PERCPU: Embedded 8 pages/cpu @c186b000 s9472 r8192 d15104 u32768
[    0.000000] pcpu-alloc: s9472 r8192 d15104 u32768 alloc=8*4096
[    0.000000] pcpu-alloc: [0] 0 [0] 1 [0] 2 [0] 3 
[    0.000000] Built 1 zonelists in Zone order, mobility grouping on.  Total pages: 522512
[    0.000000] Kernel command line: console=ttyS0,230400n8 noinitrd root=/dev/mmcblk0p1 rw rootwait gpt ignore_loglevel debug
[    0.000000] PID hash table entries: 4096 (order: 2, 16384 bytes)
[    0.000000] Dentry cache hash table entries: 131072 (order: 7, 524288 bytes)
[    0.000000] Inode-cache hash table entries: 65536 (order: 6, 262144 bytes)
[    0.000000] Memory: 2053744K/2096128K available (5878K kernel code, 299K rwdata, 1748K rodata, 237K init, 342K bss, 42384K reserved, 1317888K highmem)
[    0.000000] Virtual kernel memory layout:
[    0.000000]     vector  : 0xffff0000 - 0xffff1000   (   4 kB)
[    0.000000]     fixmap  : 0xfff00000 - 0xfffe0000   ( 896 kB)
[    0.000000]     vmalloc : 0xf0000000 - 0xff000000   ( 240 MB)
[    0.000000]     lowmem  : 0xc0000000 - 0xef800000   ( 760 MB)
[    0.000000]     pkmap   : 0xbfe00000 - 0xc0000000   (   2 MB)
[    0.000000]     modules : 0xbf000000 - 0xbfe00000   (  14 MB)
[    0.000000]       .text : 0xc0008000 - 0xc077aea4   (7628 kB)
[    0.000000]       .init : 0xc077b000 - 0xc07b6500   ( 238 kB)
[    0.000000]       .data : 0xc07b8000 - 0xc0802e60   ( 300 kB)
[    0.000000]        .bss : 0xc0802e60 - 0xc08586d0   ( 343 kB)
[    0.000000] Preemptible hierarchical RCU implementation.
[    0.000000] NR_IRQS:16 nr_irqs:16 16
[    0.000000] sched_clock: 32 bits at 1000kHz, resolution 1000ns, wraps every 4294967ms
[    0.000000] Console: colour dummy device 80x30
[    0.000543] Calibrating delay loop... 2786.91 BogoMIPS (lpj=13934592)
[    0.059998] pid_max: default: 32768 minimum: 301
[    0.060343] Mount-cache hash table entries: 512
[    0.068335] Initializing cgroup subsys debug
[    0.068359] Initializing cgroup subsys freezer
[    0.068396] CPU: Testing write buffer coherency: ok
[    0.068759] CPU0: thread -1, cpu 0, socket 0, mpidr 80000000
[    0.068823] Setting up static identity map for 0xc0597ea0 - 0xc0597f38
[    0.130068] CPU1: Booted secondary processor
[    0.188803] CPU1: thread -1, cpu 1, socket 0, mpidr 80000001
[    0.210040] CPU2: Booted secondary processor
[    0.268802] CPU2: thread -1, cpu 2, socket 0, mpidr 80000002
[    0.290025] CPU3: Booted secondary processor
[    0.348801] CPU3: thread -1, cpu 3, socket 0, mpidr 80000003
[    0.348872] Brought up 4 CPUs
[    0.348891] SMP: Total of 4 processors activated (11167.33 BogoMIPS).
[    0.348898] CPU: All CPU(s) started in SVC mode.
[    0.349677] devtmpfs: initialized
[    0.359675] pinctrl core: initialized pinctrl subsystem
[    0.360086] regulator-dummy: no parameters
[    0.361212] NET: Registered protocol family 16
[    0.364032] DMA: preallocated 256 KiB pool for atomic coherent allocations
[    0.372032] No ATAGs?
[    0.372055] hw-breakpoint: found 5 (+1 reserved) breakpoint and 1 watchpoint registers.
[    0.372061] hw-breakpoint: maximum watchpoint size is 4 bytes.
[    0.380705] bio: create slab <bio-0> at 0
[    0.381660] vdd_5v_in: 5000 mV 
[    0.381794] platform 1.regulator: Driver reg-fixed-voltage requests probe deferral
[    0.381834] platform 2.regulator: Driver reg-fixed-voltage requests probe deferral
[    0.381981] vdd_5v_sata: 5000 mV 
[    0.382011] vdd_5v_sata: supplied by vdd_5v_in
[    0.382224] usb1_vbus: 5000 mV 
[    0.382263] usb1_vbus: supplied by vdd_5v_in
[    0.382447] usb3_vbus: 5000 mV 
[    0.382468] usb3_vbus: supplied by vdd_5v_in
[    0.382577] platform 6.regulator: Driver reg-fixed-voltage requests probe deferral
[    0.382735] sys_3v3_pexs: 3300 mV 
[    0.382760] reg-fixed-voltage 7.regulator: Failed to find supply vin
[    0.382854] reg-fixed-voltage 7.regulator: Failed to register regulator: -517
[    0.382866] platform 7.regulator: Driver reg-fixed-voltage requests probe deferral
[    0.383595] vgaarb: loaded
[    0.384419] SCSI subsystem initialized
[    0.384708] usbcore: registered new interface driver usbfs
[    0.384796] usbcore: registered new interface driver hub
[    0.384921] usbcore: registered new device driver usb
[    0.388371] tps62361-vout: 500 <--> 1500 mV at 1160 mV 
[    0.388720] tps65910 4-002d: VMBCH-Threshold not specified
[    0.388728] tps65910 4-002d: VMBCH2-Threshold not specified
[    0.394055] vdd_1v8_gen: 1800 mV 
[    0.394097] vdd_1v8_gen: supplied by vdd_5v_in
[    0.397253] vddio_ddr_1v2: 1200 mV 
[    0.397743] vddio_ddr_1v2: supplied by vdd_5v_in
[    0.401098] vdd_1v5_gen: 1500 mV 
[    0.401130] vdd_1v5_gen: supplied by vdd_5v_in
[    0.404515] vdd_cpu,vdd_sys: 1000 mV 
[    0.406958] vdd_pexa,vdd_pexb: 1050 mV 
[    0.406990] vdd_pexa,vdd_pexb: supplied by vdd_1v5_gen
[    0.409781] vdd_sata,avdd_plle: 1050 mV 
[    0.409812] vdd_sata,avdd_plle: supplied by vdd_1v5_gen
[    0.412269] vdd_rtc: 1200 mV 
[    0.412301] vdd_rtc: supplied by vdd_5v_in
[    0.414768] vddio_sdmmc,avdd_vdac: 3300 mV 
[    0.414800] vddio_sdmmc,avdd_vdac: supplied by vdd_5v_in
[    0.417579] avdd_dsi_csi,pwrdet_mipi: 1200 mV 
[    0.417610] avdd_dsi_csi,pwrdet_mipi: supplied by vdd_1v8_gen
[    0.420084] vdd_pllm,x,u,a_p_c_s: 1200 mV 
[    0.420116] vdd_pllm,x,u,a_p_c_s: supplied by vdd_1v8_gen
[    0.422908] vdd_ddr_hs: 1000 mV 
[    0.422939] vdd_ddr_hs: supplied by vdd_1v8_gen
[    0.423284] Linux video capture interface: v2.00
[    0.423849] platform 7000f010.iommu: Driver tegra-smmu requests probe deferral
[    0.424060] Advanced Linux Sound Architecture Driver Initialized.
[    0.424639] Bluetooth: Core ver 2.16
[    0.424694] NET: Registered protocol family 31
[    0.424699] Bluetooth: HCI device and connection manager initialized
[    0.424717] Bluetooth: HCI socket layer initialized
[    0.424732] Bluetooth: L2CAP socket layer initialized
[    0.424770] Bluetooth: SCO socket layer initialized
[    0.425175] cfg80211: Calling CRDA to update world regulatory domain
[    0.425917] Switched to clocksource timer_us
[    0.435465] NET: Registered protocol family 2
[    0.436167] TCP established hash table entries: 8192 (order: 4, 65536 bytes)
[    0.436263] TCP bind hash table entries: 8192 (order: 4, 65536 bytes)
[    0.436336] TCP: Hash tables configured (established 8192 bind 8192)
[    0.436793] TCP: reno registered
[    0.436805] UDP hash table entries: 512 (order: 2, 16384 bytes)
[    0.436867] UDP-Lite hash table entries: 512 (order: 2, 16384 bytes)
[    0.437243] NET: Registered protocol family 1
[    0.437870] RPC: Registered named UNIX socket transport module.
[    0.437877] RPC: Registered udp transport module.
[    0.437881] RPC: Registered tcp transport module.
[    0.437884] RPC: Registered tcp NFSv4.1 backchannel transport module.
[    0.437893] PCI: CLS 0 bytes, default 64
[    0.438808] hw perfevents: enabled with ARMv7 Cortex-A9 PMU driver, 7 counters available
[    0.441196] bounce pool size: 64 pages
[    0.442356] squashfs: version 4.0 (2009/01/31) Phillip Lougher
[    0.443999] io scheduler noop registered (default)
[    0.447875] tegra-apbdma 6000a000.dma: Tegra20 APB DMA driver register 32 channels
[    0.448264] Serial: 8250/16550 driver, 4 ports, IRQ sharing disabled
[    0.449614] 70006000.serial: ttyS0 at MMIO 0x70006000 (irq = 68) is a Tegra
[    0.842802] console [ttyS0] enabled
[    0.845154] [drm] Initialized drm 1.1.0 20060810
[    0.849225] [drm] Supports vblank timestamp caching Rev 1 (10.10.2010).
[    0.852545] [drm] No driver support for vblank timestamp query.
[    0.855532] tegra-host1x 50000000.host1x: No connectors reported connected with modes
[    0.859502] [drm] Cannot find any crtc or sizes - going 1024x768
[    0.877921] Console: switching to colour frame buffer device 128x48
[    0.887123] tegra-host1x 50000000.host1x: fb0:  frame buffer device
[    0.890267] tegra-host1x 50000000.host1x: registered panic notifier
[    0.893415] [drm] Initialized tegra 0.0.0 20120330 on minor 0
[    0.899695] loop: module loaded
[    0.904028] m25p80 spi32766.1: w25q32 (4096 Kbytes)
[    0.907542] pegasus: v0.9.3 (2013/04/25), Pegasus/Pegasus II USB Ethernet driver
[    0.911327] usbcore: registered new interface driver pegasus
[    0.914225] usbcore: registered new interface driver asix
[    0.916996] usbcore: registered new interface driver ax88179_178a
[    0.920099] usbcore: registered new interface driver cdc_ether
[    0.923072] usbcore: registered new interface driver r815x
[    0.925880] usbcore: registered new interface driver smsc75xx
[    0.928850] usbcore: registered new interface driver smsc95xx
[    0.931779] usbcore: registered new interface driver net1080
[    0.934665] usbcore: registered new interface driver cdc_subset
[    0.937692] usbcore: registered new interface driver zaurus
[    0.940562] usbcore: registered new interface driver cdc_ncm
[    0.943435] ehci_hcd: USB 2.0 'Enhanced' Host Controller (EHCI) Driver
[    0.946717] ehci-pci: EHCI PCI platform driver
[    0.949001] tegra-ehci: Tegra EHCI driver
[    0.951191] usbcore: registered new interface driver cdc_acm
[    0.954030] cdc_acm: USB Abstract Control Model driver for USB modems and ISDN adapters
[    0.958102] usbcore: registered new interface driver cdc_wdm
[    0.961003] usbcore: registered new interface driver usb-storage
[    0.964425] mousedev: PS/2 mouse device common for all mice
[    0.968177] tegra_rtc 7000e000.rtc: rtc core: registered 7000e000.rtc as rtc0
[    0.971780] tegra_rtc 7000e000.rtc: Tegra internal Real Time Clock
[    0.987751] tps65910-rtc tps65910-rtc: rtc core: registered tps65910-rtc as rtc1
[    0.992683] cpuidle: using governor ladder
[    0.994740] cpuidle: using governor menu
[    0.996771] sdhci: Secure Digital Host Controller Interface driver
[    0.999869] sdhci: Copyright(c) Pierre Ossman
[    1.002053] sdhci-pltfm: SDHCI platform and OF driver helper
[    1.005229] sdhci-tegra 78000000.sdhci: Got CD GPIO #69.
[    1.007924] sdhci-tegra 78000000.sdhci: Got WP GPIO #155.
[    1.011684] mmc0: no vqmmc regulator found
[    1.013741] mmc0: no vmmc regulator found
[    1.015752] mmc0: Invalid maximum block size, assuming 512 bytes
[    1.055929] mmc0: SDHCI controller on 78000000.sdhci [78000000.sdhci] using ADMA
[    1.062755] mmc1: no vqmmc regulator found
[    1.064812] mmc1: no vmmc regulator found
[    1.066835] mmc1: Invalid maximum block size, assuming 512 bytes
[    1.115926] mmc1: SDHCI controller on 78000600.sdhci [78000600.sdhci] using ADMA
[    1.120349] usbcore: registered new interface driver usbhid
[    1.125179] usbhid: USB HID core driver
[    1.264394] mmc1: new high speed MMC card at address 0001
[    1.267516] mmcblk0: mmc1:0001 SEM16G 14.8 GiB 
[    1.270030] mmcblk0boot0: mmc1:0001 SEM16G partition 1 1.00 MiB
[    1.273246] mmcblk0boot1: mmc1:0001 SEM16G partition 2 1.00 MiB
[    1.276447] mmcblk0rpmb: mmc1:0001 SEM16G partition 3 128 KiB
[    1.283443] Primary GPT is invalid, using alternate GPT.
[    1.286141]  mmcblk0: p1 p2 p3 p4 p5
[    1.292083]  mmcblk0boot1: unknown partition table
[    1.297489]  mmcblk0boot0: unknown partition table
[    1.558943] rt5640 4-001c: ASoC: mux INR Mux has no paths
[    1.561670] rt5640 4-001c: ASoC: mux INL Mux has no paths
[    1.566125] tegra-snd-rt5640 sound.4:  rt5640-aif1 <-> 70080400.i2s mapping ok
[    1.570662] input: NVIDIA Tegra Beaver Headphones as /devices/soc0/sound.4/sound/card0/input0
[    1.576149] TCP: cubic registered
[    1.578015] NET: Registered protocol family 10
[    1.581243] mip6: Mobile IPv6
[    1.582737] sit: IPv6 over IPv4 tunneling driver
[    1.586189] NET: Registered protocol family 17
[    1.588450] NET: Registered protocol family 15
[    1.590836] Bluetooth: RFCOMM socket layer initialized
[    1.593416] Bluetooth: RFCOMM ver 1.11
[    1.595295] Bluetooth: BNEP (Ethernet Emulation) ver 1.3
[    1.597987] Bluetooth: BNEP socket layer initialized
[    1.600477] Bluetooth: HIDP (Human Interface Emulation) ver 1.2
[    1.603457] Bluetooth: HIDP socket layer initialized
[    1.606140] VFP support v0.3: implementor 41 architecture 3 part 30 variant 9 rev 4
[    1.610245] Registering SWP/SWPB emulation handler
[    1.613131] vdd_sata,avdd_plle: disabling
[    1.616821] chargepump_5v: 5000 mV 
[    1.620095] vdd_ddr: 1500 mV 
[    1.621619] vdd_ddr: supplied by vdd_5v_in
[    1.624845] sys_3v3,vdd_3v3_alw: 3300 mV 
[    1.626893] sys_3v3,vdd_3v3_alw: supplied by vdd_5v_in
[    1.629715] sys_3v3_pexs: 3300 mV 
[    1.631501] sys_3v3_pexs: supplied by sys_3v3,vdd_3v3_alw
[    1.634576] tegra_rtc 7000e000.rtc: setting system clock to 1970-01-01 00:03:42 UTC (222)
[    1.638934] ALSA device list:
[    1.640426]   #0: NVIDIA Tegra Beaver
[    1.750725] kjournald starting.  Commit interval 5 seconds
[    1.752485] EXT3-fs (mmcblk0p1): using internal journal
[    1.753970] EXT3-fs (mmcblk0p1): recovery complete
[    1.753974] EXT3-fs (mmcblk0p1): mounted filesystem with writeback data mode
[    1.754049] VFS: Mounted root (ext3 filesystem) on device 179:1.
[    1.756343] devtmpfs: mounted
[    1.756577] Freeing unused kernel memory: 236K (c077b000 - c07b6000)
 
INIT: version 2.88 booting
[info] Using makefile-style concurrent boot in runlevel S.
[....] Starting the hotplug events dispatcher: udevd[    2.674358] udevd[177]: starting version 175
[ ok .
[....] Synthesizing the initial hotplug events...[ ok done.
[....] Waiting for /dev to be fully populated...[ ok done.
[....] Activating swap...[ ok done.
[....] Cleaning up temporary files... /tmp[ ok .
[....] Activating lvm and md swap...[ ok done.
[....] Checking file systems...fsck from util-linux 2.20.1
[ ok done.
[....] Mounting local filesystems...[ ok done.
[....] Activating swapfile swap...[ ok done.
[....] Cleaning up temporary files...[ ok .
[....] Setting kernel variables ...[ ok done.
[....] Configuring network interfaces...[ ok done.
[....] Starting rpcbind daemon...[ ok .
[....] Starting NFS common utilities: statd idmapd[FAIL failed!
[....] Cleaning up temporary files...[ ok .
[....] Starting network benchmark server[ ok .
[....] startpar: service(s) returned failure: nfs-common ...[FAIL failed!
INIT: Entering runlevel: 2
[info] Using makefile-style concurrent boot in runlevel 2.
[....] Starting network benchmark server[FAIL failed!
[....] Starting rpcbind daemon...[....] Already running.[ ok .
[....] Starting NFS common utilities: statd idmapd[FAIL failed!
[....] Starting system message bus: dbus[ ok .
[....] startpar: service(s) returned failure: nfs-common ...[FAIL failed!

Debian GNU/Linux wheezy/sid armel ttyS0

armel login: 