
U-Boot SPL 2015.04-rc3-00209-ga74ef40 (Mar 16 2015 - 14:43:39)


U-Boot 2015.04-rc3-00209-ga74ef40 (Mar 16 2015 - 14:43:39)

TEGRA20
Model: Compulab TrimSlice board
DRAM:  1 GiB
MMC:   Tegra SD/MMC: 0, Tegra SD/MMC: 1
SF: Detected W25Q80BL with page size 256 Bytes, erase size 4 KiB, total 1 MiB
tegra-pcie: PCI regions:
tegra-pcie:   I/O: 0x82000000-0x82010000
tegra-pcie:   non-prefetchable memory: 0xa0000000-0xa8000000
tegra-pcie:   prefetchable memory: 0xa8000000-0xc0000000
tegra-pcie: dual-mode configuration
tegra-pcie: probing port 0, using 2 lanes
In:    serial
Out:   serial
Err:   serial
Net:   RTL8169#0
Hit any key to stop autoboot:  2  1  0 
Tegra20 (TrimSlice) # 
Tegra20 (TrimSlice) # usb reset
resetting USB...
USB0:   USB EHCI 1.00
scanning bus 0 for devices... 3 USB Device(s) found
USB1:   USB EHCI 1.00
scanning bus 1 for devices... 1 USB Device(s) found
USB2:   lowlevel init failed
       scanning usb for storage devices... 0 Storage Device(s) found
       scanning usb for ethernet devices... 
Warning: asx0 using MAC address from net device
1 Ethernet Device(s) found
Tegra20 (TrimSlice) # setenv bootargs 'ignore_loglevel console=ttyS0,115200n8 rw root=PARTUUID=11eb23c1-01 rootwait gpt debug noinitrd earlyprintk init=/bin/bash'
Tegra20 (TrimSlice) # setenv ipaddr 192.168.100.103; setenv serverip 192.168.100.1; setenv tftpserverip 192.168.100.1
Tegra20 (TrimSlice) # tftpboot 0x00408000 zImage.multi_v7_defconfig
Using RTL8169#0 device
TFTP from server 192.168.100.1; our IP address is 192.168.100.103
Filename 'zImage.multi_v7_defconfig'.
Load address: 0x408000
Loading: *#################################################################
	 #################################################################
	 #################################################################
	 #################################################################
	 #################################################################
	 #################################################################
	 #################################################################
	 #################################################################
	 ##############################
	 4.1 MiB/s
done
Bytes transferred = 8065536 (7b1200 hex)
Tegra20 (TrimSlice) # tftpboot 0x02408000 tegra20-trimslice.dtb
Using RTL8169#0 device
TFTP from server 192.168.100.1; our IP address is 192.168.100.103
Filename 'tegra20-trimslice.dtb'.
Load address: 0x2408000
Loading: *##
	 3.4 MiB/s
done
Bytes transferred = 21160 (52a8 hex)
Tegra20 (TrimSlice) # bootz 0x00408000 - 0x02408000
Kernel image @ 0x408000 [ 0x000000 - 0x7b1200 ]
## Flattened Device Tree blob at 02408000
   Booting using the fdt blob at 0x2408000
   Using Device Tree in place at 02408000, end 024102a7

Starting kernel ...

[    0.000000] Booting Linux on physical CPU 0x0
[    0.000000] Linux version 4.15.0-rc8-335804-ga8750ddca918 (jonathanh@tamien) (gcc version 4.7.3 20130328 (prerelease) (crosstool-NG linaro-1.13.1-4.7-2013.04-20130415 - Linaro GCC 2013.04)) #1 SMP Sun Jan 14 16:34:20 PST 2018
[    0.000000] CPU: ARMv7 Processor [411fc090] revision 0 (ARMv7), cr=10c5387d
[    0.000000] CPU: PIPT / VIPT nonaliasing data cache, VIPT aliasing instruction cache
[    0.000000] OF: fdt: Machine model: Compulab TrimSlice board
[    0.000000] debug: ignoring loglevel setting.
[    0.000000] Memory policy: Data cache writealloc
[    0.000000] efi: Getting EFI parameters from FDT:
[    0.000000] efi: UEFI not found.
[    0.000000] cma: Reserved 64 MiB at 0x3c000000
[    0.000000] On node 0 totalpages: 262144
[    0.000000]   DMA zone: 1536 pages used for memmap
[    0.000000]   DMA zone: 0 pages reserved
[    0.000000]   DMA zone: 196608 pages, LIFO batch:31
[    0.000000]   HighMem zone: 65536 pages, LIFO batch:15
[    0.000000] random: fast init done
[    0.000000] percpu: Embedded 17 pages/cpu @(ptrval) s39104 r8192 d22336 u69632
[    0.000000] pcpu-alloc: s39104 r8192 d22336 u69632 alloc=17*4096
[    0.000000] pcpu-alloc: [0] 0 [0] 1 
[    0.000000] Built 1 zonelists, mobility grouping on.  Total pages: 260608
[    0.000000] Kernel command line: ignore_loglevel console=ttyS0,115200n8 rw root=PARTUUID=11eb23c1-01 rootwait gpt debug noinitrd earlyprintk init=/bin/bash
[    0.000000] Dentry cache hash table entries: 131072 (order: 7, 524288 bytes)
[    0.000000] Inode-cache hash table entries: 65536 (order: 6, 262144 bytes)
[    0.000000] Memory: 953376K/1048576K available (11264K kernel code, 1602K rwdata, 4296K rodata, 2048K init, 404K bss, 29664K reserved, 65536K cma-reserved, 196608K highmem)
[    0.000000] Virtual kernel memory layout:
[    0.000000]     vector  : 0xffff0000 - 0xffff1000   (   4 kB)
[    0.000000]     fixmap  : 0xffc00000 - 0xfff00000   (3072 kB)
[    0.000000]     vmalloc : 0xf0800000 - 0xff800000   ( 240 MB)
[    0.000000]     lowmem  : 0xc0000000 - 0xf0000000   ( 768 MB)
[    0.000000]     pkmap   : 0xbfe00000 - 0xc0000000   (   2 MB)
[    0.000000]     modules : 0xbf000000 - 0xbfe00000   (  14 MB)
[    0.000000]       .text : 0x(ptrval) - 0x(ptrval)   (12256 kB)
[    0.000000]       .init : 0x(ptrval) - 0x(ptrval)   (2048 kB)
[    0.000000]       .data : 0x(ptrval) - 0x(ptrval)   (1603 kB)
[    0.000000]        .bss : 0x(ptrval) - 0x(ptrval)   ( 405 kB)
[    0.000000] SLUB: HWalign=64, Order=0-3, MinObjects=0, CPUs=2, Nodes=1
[    0.000000] Hierarchical RCU implementation.
[    0.000000] 	RCU event tracing is enabled.
[    0.000000] 	RCU restricting CPUs from NR_CPUS=16 to nr_cpu_ids=2.
[    0.000000] RCU: Adjusting geometry for rcu_fanout_leaf=16, nr_cpu_ids=2
[    0.000000] NR_IRQS: 16, nr_irqs: 16, preallocated irqs: 16
[    0.000000] /interrupt-controller@60004000: 128 interrupts forwarded to /interrupt-controller@50041000
[    0.000000] L2C: platform modifies aux control register: 0x02080000 -> 0x3e480001
[    0.000000] L2C: DT/platform modifies aux control register: 0x02080000 -> 0x3e480001
[    0.000000] L2C-310 errata 727915 769419 enabled
[    0.000000] L2C-310 enabling early BRESP for Cortex-A9
[    0.000000] L2C-310: enabling full line of zeros but not enabled in Cortex-A9
[    0.000000] L2C-310 ID prefetch enabled, offset 1 lines
[    0.000000] L2C-310 cache controller enabled, 8 ways, 1024 kB
[    0.000000] L2C-310: CACHE_ID 0x410000c4, AUX_CTRL 0x7e480001
[    0.000009] sched_clock: 32 bits at 1000kHz, resolution 1000ns, wraps every 2147483647500ns
[    0.000026] clocksource: timer_us: mask: 0xffffffff max_cycles: 0xffffffff, max_idle_ns: 1911260446275 ns
[    0.000036] Switching to timer-based delay loop, resolution 1000ns
[    0.001796] Console: colour dummy device 80x30
[    0.001825] Calibrating delay loop (skipped), value calculated using timer frequency.. 2.00 BogoMIPS (lpj=10000)
[    0.001836] pid_max: default: 32768 minimum: 301
[    0.001920] Mount-cache hash table entries: 2048 (order: 1, 8192 bytes)
[    0.001931] Mountpoint-cache hash table entries: 2048 (order: 1, 8192 bytes)
[    0.002367] CPU: Testing write buffer coherency: ok
[    0.002578] CPU0: thread -1, cpu 0, socket 0, mpidr 80000000
[    0.002816] Setting up static identity map for 0x300000 - 0x3000a0
[    0.003487] Hierarchical SRCU implementation.
[    0.004363] Tegra Revision: A03 prime SKU: 8 CPU Process: 1 SoC Process: 2
[    0.004822] EFI services will not be available.
[    0.004918] smp: Bringing up secondary CPUs ...
[    0.005439] CPU1: thread -1, cpu 1, socket 0, mpidr 80000001
[    0.005525] smp: Brought up 1 node, 2 CPUs
[    0.005537] SMP: Total of 2 processors activated (4.00 BogoMIPS).
[    0.005542] CPU: All CPU(s) started in SVC mode.
[    0.006202] devtmpfs: initialized
[    0.009748] VFP support v0.3: implementor 41 architecture 3 part 30 variant 9 rev 1
[    0.010010] clocksource: jiffies: mask: 0xffffffff max_cycles: 0xffffffff, max_idle_ns: 19112604462750000 ns
[    0.010027] futex hash table entries: 512 (order: 3, 32768 bytes)
[    0.013033] pinctrl core: initialized pinctrl subsystem
[    0.013942] DMI not present or invalid.
[    0.014170] NET: Registered protocol family 16
[    0.016524] DMA: preallocated 256 KiB pool for atomic coherent allocations
[    0.017831] cpuidle: using governor menu
[    0.033208] No ATAGs?
[    0.033273] hw-breakpoint: found 5 (+1 reserved) breakpoint and 1 watchpoint registers.
[    0.033284] hw-breakpoint: maximum watchpoint size is 4 bytes.
[    0.037888] Serial: AMBA PL011 UART driver
[    0.048261] AT91: Could not find identification node
[    0.048769] usb1_vbus: Failed to request enable GPIO170: -517
[    0.048786] reg-fixed-voltage regulators:regulator@2: Failed to register regulator: -517
[    0.052495] vgaarb: loaded
[    0.053039] SCSI subsystem initialized
[    0.053164] libata version 3.00 loaded.
[    0.053325] usbcore: registered new interface driver usbfs
[    0.053360] usbcore: registered new interface driver hub
[    0.053398] usbcore: registered new device driver usb
[    0.055387] pps_core: LinuxPPS API ver. 1 registered
[    0.055394] pps_core: Software ver. 5.3.6 - Copyright 2005-2007 Rodolfo Giometti <giometti@linux.it>
[    0.055410] PTP clock support registered
[    0.055549] EDAC MC: Ver: 3.0.0
[    0.055791] dmi: Firmware registration failed.
[    0.057218] clocksource: Switched to clocksource timer_us
[    0.092268] NET: Registered protocol family 2
[    0.092683] TCP established hash table entries: 8192 (order: 3, 32768 bytes)
[    0.092753] TCP bind hash table entries: 8192 (order: 4, 65536 bytes)
[    0.092866] TCP: Hash tables configured (established 8192 bind 8192)
[    0.092979] UDP hash table entries: 512 (order: 2, 16384 bytes)
[    0.093030] UDP-Lite hash table entries: 512 (order: 2, 16384 bytes)
[    0.093188] NET: Registered protocol family 1
[    0.093497] RPC: Registered named UNIX socket transport module.
[    0.093505] RPC: Registered udp transport module.
[    0.093511] RPC: Registered tcp transport module.
[    0.093516] RPC: Registered tcp NFSv4.1 backchannel transport module.
[    0.093525] PCI: CLS 0 bytes, default 64
[    0.094336] hw perfevents: no interrupt-affinity property for /pmu, guessing.
[    0.094509] hw perfevents: enabled with armv7_cortex_a9 PMU driver, 7 counters available
[    0.095564] Initialise system trusted keyrings
[    0.095669] workingset: timestamp_bits=30 max_order=18 bucket_order=0
[    0.099893] squashfs: version 4.0 (2009/01/31) Phillip Lougher
[    0.100329] NFS: Registering the id_resolver key type
[    0.100348] Key type id_resolver registered
[    0.100354] Key type id_legacy registered
[    0.100385] ntfs: driver 2.1.32 [Flags: R/O].
[    0.101522] Key type asymmetric registered
[    0.101530] Asymmetric key parser 'x509' registered
[    0.101567] bounce: pool size: 64 pages
[    0.101606] Block layer SCSI generic (bsg) driver version 0.4 loaded (major 247)
[    0.101614] io scheduler noop registered
[    0.101620] io scheduler deadline registered
[    0.101788] io scheduler cfq registered (default)
[    0.101795] io scheduler mq-deadline registered
[    0.101801] io scheduler kyber registered
[    0.114018] tegra-pcie 80003000.pcie: dual-mode configuration
[    0.114730] tegra-pcie 80003000.pcie: probing port 0, using 2 lanes
[    0.197247] tegra-pcie 80003000.pcie: PCI host bridge to bus 0000:00
[    0.197259] pci_bus 0000:00: root bus resource [io  0x0000-0xffff]
[    0.197269] pci_bus 0000:00: root bus resource [mem 0xa0000000-0xa7ffffff]
[    0.197277] pci_bus 0000:00: root bus resource [mem 0xa8000000-0xbfffffff pref]
[    0.197286] pci_bus 0000:00: root bus resource [bus 00-ff]
[    0.197315] pci 0000:00:01.0: [10de:0bf0] type 01 class 0x060000
[    0.197334] pci_bus 0000:00: 2-byte config write to 0000:00:01.0 offset 0x4 may corrupt adjacent RW1C bits
[    0.197345] pci_bus 0000:00: 2-byte config write to 0000:00:01.0 offset 0x4 may corrupt adjacent RW1C bits
[    0.197364] pci 0000:00:01.0: enabling Extended Tags
[    0.197374] pci_bus 0000:00: 2-byte config write to 0000:00:01.0 offset 0x88 may corrupt adjacent RW1C bits
[    0.197401] pci_bus 0000:00: 2-byte config write to 0000:00:01.0 offset 0x52 may corrupt adjacent RW1C bits
[    0.197426] pci 0000:00:01.0: PME# supported from D0 D1 D2 D3hot D3cold
[    0.197437] pci_bus 0000:00: 2-byte config write to 0000:00:01.0 offset 0x4c may corrupt adjacent RW1C bits
[    0.197587] pci_bus 0000:00: 2-byte config write to 0000:00:01.0 offset 0x3e may corrupt adjacent RW1C bits
[    0.197599] pci_bus 0000:00: 2-byte config write to 0000:00:01.0 offset 0x4 may corrupt adjacent RW1C bits
[    0.197609] pci_bus 0000:00: 1-byte config write to 0000:00:01.0 offset 0xc may corrupt adjacent RW1C bits
[    0.197616] PCI: bus0: Fast back to back transfers disabled
[    0.197625] pci 0000:00:01.0: bridge configuration invalid ([bus 00-00]), reconfiguring
[    0.197635] pci_bus 0000:00: 2-byte config write to 0000:00:01.0 offset 0x3e may corrupt adjacent RW1C bits
[    0.197646] pci_bus 0000:00: 2-byte config write to 0000:00:01.0 offset 0x3e may corrupt adjacent RW1C bits
[    0.197744] pci 0000:01:00.0: [10ec:8168] type 00 class 0x020000
[    0.197772] pci 0000:01:00.0: reg 0x10: [io  0x0000-0x00ff]
[    0.197797] pci 0000:01:00.0: reg 0x18: [mem 0x00000000-0x00000fff 64bit pref]
[    0.197816] pci 0000:01:00.0: reg 0x20: [mem 0x00000000-0x00003fff 64bit pref]
[    0.197829] pci 0000:01:00.0: reg 0x30: [mem 0x00000000-0x0001ffff pref]
[    0.197946] PCI: bus1: Fast back to back transfers disabled
[    0.197958] pci_bus 0000:01: busn_res: [bus 01-ff] end is updated to 01
[    0.197986] pci 0000:00:01.0: BAR 8: assigned [mem 0xa0000000-0xa00fffff]
[    0.197997] pci 0000:00:01.0: BAR 9: assigned [mem 0xa8000000-0xa80fffff 64bit pref]
[    0.198007] pci 0000:00:01.0: BAR 7: assigned [io  0x1000-0x1fff]
[    0.198018] pci 0000:01:00.0: BAR 6: assigned [mem 0xa0000000-0xa001ffff pref]
[    0.198029] pci 0000:01:00.0: BAR 4: assigned [mem 0xa8000000-0xa8003fff 64bit pref]
[    0.198047] pci 0000:01:00.0: BAR 2: assigned [mem 0xa8004000-0xa8004fff 64bit pref]
[    0.198064] pci 0000:01:00.0: BAR 0: assigned [io  0x1000-0x10ff]
[    0.198075] pci 0000:00:01.0: PCI bridge to [bus 01]
[    0.198084] pci 0000:00:01.0:   bridge window [io  0x1000-0x1fff]
[    0.198093] pci 0000:00:01.0:   bridge window [mem 0xa0000000-0xa00fffff]
[    0.198102] pci 0000:00:01.0:   bridge window [mem 0xa8000000-0xa80fffff 64bit pref]
[    0.198124] pci 0000:00:01.0: nv_msi_ht_cap_quirk didn't locate host bridge
[    0.198175] Disabling cpuidle LP2 state, since PCIe IRQs are in use
[    0.198211] pcieport 0000:00:01.0: enabling device (0140 -> 0143)
[    0.198384] pcieport 0000:00:01.0: Signaling PME with IRQ 295
[    0.204538] tegra-apbdma 6000a000.dma: Tegra20 APB DMA driver register 16 channels
[    0.247480] Serial: 8250/16550 driver, 4 ports, IRQ sharing disabled
[    0.249683] console [ttyS0] disabled
[    0.249722] 70006000.serial: ttyS0 at MMIO 0x70006000 (irq = 279, base_baud = 13500000) is a Tegra
[    1.322243] console [ttyS0] enabled
[    1.326318] SuperH (H)SCI(F) driver initialized
[    1.331624] msm_serial: driver initialized
[    1.335841] STMicroelectronics ASC driver initialized
[    1.345223] tegra-hdmi 54280000.hdmi: 54280000.hdmi supply hdmi not found, using dummy regulator
[    1.356312] [drm] Supports vblank timestamp caching Rev 2 (21.10.2013).
[    1.362928] [drm] No driver support for vblank timestamp query.
[    1.368872] [drm] Cannot find any crtc or sizes
[    1.373447] [drm] Initialized tegra 0.0.0 20120330 for drm on minor 0
[    1.381553] [drm] Cannot find any crtc or sizes
[    1.391664] brd: module loaded
[    1.399818] loop: module loaded
[    1.409050] m25p80 spi0.0: found s25fl008k, expected w25q80bl
[    1.414852] m25p80 spi0.0: s25fl008k (1024 Kbytes)
[    1.421567] libphy: Fixed MDIO Bus: probed
[    1.426335] CAN device driver interface
[    1.430865] bgmac_bcma: Broadcom 47xx GBit MAC driver loaded
[    1.437555] e1000e: Intel(R) PRO/1000 Network Driver - 3.2.6-k
[    1.443372] e1000e: Copyright(c) 1999 - 2015 Intel Corporation.
[    1.449342] igb: Intel(R) Gigabit Ethernet Network Driver - version 5.4.0-k
[    1.456285] igb: Copyright (c) 2007-2014 Intel Corporation.
[    1.462420] r8169 Gigabit Ethernet driver 2.3LK-NAPI loaded
[    1.468015] r8169 0000:01:00.0: enabling device (0140 -> 0143)
[    1.473873] r8169 0000:01:00.0 (unnamed net_device) (uninitialized): not PCI Express
[    1.482155] r8169 0000:01:00.0 eth0: RTL8168d/8111d at 0xb9fa7cd3, 00:01:c0:13:7d:63, XID 081000c0 IRQ 286
[    1.491810] r8169 0000:01:00.0 eth0: jumbo features [frames: 9200 bytes, tx checksumming: ko]
[    1.502689] pegasus: v0.9.3 (2013/04/25), Pegasus/Pegasus II USB Ethernet driver
[    1.510138] usbcore: registered new interface driver pegasus
[    1.515810] usbcore: registered new interface driver asix
[    1.521234] usbcore: registered new interface driver ax88179_178a
[    1.527356] usbcore: registered new interface driver cdc_ether
[    1.533203] usbcore: registered new interface driver smsc75xx
[    1.538985] usbcore: registered new interface driver smsc95xx
[    1.544736] usbcore: registered new interface driver net1080
[    1.550424] usbcore: registered new interface driver cdc_subset
[    1.556348] usbcore: registered new interface driver zaurus
[    1.561962] usbcore: registered new interface driver cdc_ncm
[    1.567892] tegra-phy c5004000.usb-phy: no vbus regulator
[    1.574385] tegra-phy c5008000.usb-phy: no vbus regulator
[    1.581149] ehci_hcd: USB 2.0 'Enhanced' Host Controller (EHCI) Driver
[    1.587681] ehci-pci: EHCI PCI platform driver
[    1.592141] ehci-platform: EHCI generic platform driver
[    1.597522] ehci-orion: EHCI orion driver
[    1.601634] SPEAr-ehci: EHCI SPEAr driver
[    1.605729] ehci-st: EHCI STMicroelectronics driver
[    1.610711] ehci-exynos: EHCI EXYNOS driver
[    1.615001] ehci-atmel: EHCI Atmel driver
[    1.619117] tegra-ehci: Tegra EHCI driver
[    1.678201] ulpi_phy_power_on: ulpi write failed
[    1.682808] tegra-ehci c5004000.usb: Failed to power on the phy
[    1.688748] tegra-ehci: probe of c5004000.usb failed with error -110
[    1.697726] tegra-ehci c5008000.usb: EHCI Host Controller
[    1.703132] tegra-ehci c5008000.usb: new USB bus registered, assigned bus number 1
[    1.710851] tegra-ehci c5008000.usb: irq 290, io mem 0xc5008000
[    1.737240] tegra-ehci c5008000.usb: USB 2.0 started, EHCI 1.00
[    1.743675] hub 1-0:1.0: USB hub found
[    1.747459] hub 1-0:1.0: 1 port detected
[    1.751668] ohci_hcd: USB 1.1 'Open' Host Controller (OHCI) Driver
[    1.757861] ohci-pci: OHCI PCI platform driver
[    1.762332] ohci-platform: OHCI generic platform driver
[    1.767723] SPEAr-ohci: OHCI SPEAr driver
[    1.771825] ohci-st: OHCI STMicroelectronics driver
[    1.776785] ohci-atmel: OHCI Atmel driver
[    1.781390] usbcore: registered new interface driver usb-storage
[    1.790590] rtc-em3027 2-0056: rtc core: registered rtc-em3027 as rtc0
[    1.798254] tegra_rtc 7000e000.rtc: rtc core: registered 7000e000.rtc as rtc1
[    1.805406] tegra_rtc 7000e000.rtc: Tegra internal Real Time Clock
[    1.811995] i2c /dev entries driver
[    1.825091] sdhci: Secure Digital Host Controller Interface driver
[    1.831289] sdhci: Copyright(c) Pierre Ossman
[    1.836882] Synopsys Designware Multimedia Card Interface Driver
[    1.843982] sdhci-pltfm: SDHCI platform and OF driver helper
[    1.857801] mmc0: Invalid maximum block size, assuming 512 bytes
[    1.917413] mmc0: SDHCI controller on c8000000.sdhci [c8000000.sdhci] using ADMA
[    1.925295] sdhci-tegra c8000600.sdhci: Got CD GPIO
[    1.930339] sdhci-tegra c8000600.sdhci: Got WP GPIO
[    1.944003] mmc1: Invalid maximum block size, assuming 512 bytes
[    2.007570] mmc1: SDHCI controller on c8000600.sdhci [c8000600.sdhci] using ADMA
[    2.018287] ledtrig-cpu: registered to indicate activity on CPUs
[    2.024823] usbcore: registered new interface driver usbhid
[    2.030435] usbhid: USB HID core driver
[    2.041254] NET: Registered protocol family 10
[    2.047467] Segment Routing with IPv6
[    2.051175] sit: IPv6, IPv4 and MPLS over IPv4 tunneling driver
[    2.057508] NET: Registered protocol family 17
[    2.061945] can: controller area network core (rev 20170425 abi 9)
[    2.068180] NET: Registered protocol family 29
[    2.072612] can: raw protocol (rev 20170425)
[    2.076868] can: broadcast manager protocol (rev 20170425 t)
[    2.082528] can: netlink gateway (rev 20170425) max_hops=1
[    2.088292] Key type dns_resolver registered
[    2.092914] ThumbEE CPU extension supported.
[    2.097176] Registering SWP/SWPB emulation handler
[    2.102370] Loading compiled-in X.509 certificates
[    2.115887] utmi_phy_clk_enable: timeout waiting for phy to stabilize
[    2.122390] tegra-ehci c5000000.usb: EHCI Host Controller
[    2.127245] usb 1-1: new high-speed USB device number 2 using tegra-ehci
[    2.134497] tegra-ehci c5000000.usb: new USB bus registered, assigned bus number 2
[    2.142365] tegra-ehci c5000000.usb: irq 288, io mem 0xc5000000
[    2.187186] mmc1: new high speed SD card at address b368
[    2.193919] mmcblk1: mmc1:b368 NCard 1.83 GiB (ro)
[    2.201634]  mmcblk1: p1 p2
[    2.307389] tegra-ehci c5000000.usb: USB 2.0 started, EHCI 1.00
[    2.315586] hub 2-0:1.0: USB hub found
[    2.319625] hub 2-0:1.0: 1 port detected
[    2.326769] input: gpio-keys as /devices/soc0/gpio-keys/input/input0
[    2.335117] rtc-em3027 2-0056: hctosys: unable to read the hardware clock
[   2.342219] hub 1-1:1.0: USB hub found
[    2.345989] hub 1-1:1.0: 4 ports detected
[    2.351060] Waiting for root device PARTUUID=11eb23c1-01...
[    2.667365] usb 1-1.2: new high-speed USB device number 3 using tegra-ehci
[    3.195185] mmc0: host does not support reading read-only switch, assuming write-enable
[    3.205329] mmc0: new high speed SDHC card at address b368
[    3.212182] mmcblk0: mmc0:b368 NCard 3.70 GiB 
[    3.218526]  mmcblk0: p1
[    3.291916] asix 1-1.2:1.0 eth1: register 'asix' at usb-c5008000.usb-1.2, ASIX AX88772 USB 2.0 Ethernet, 00:60:6e:60:6c:68
[    3.308002] EXT4-fs (mmcblk0p1): mounting ext3 file system using the ext4 subsystem
[    3.327273] EXT4-fs (mmcblk0p1): warning: mounting fs with errors, running e2fsck is recommended
[    3.405216] EXT4-fs (mmcblk0p1): recovery complete
[    3.410044] EXT4-fs (mmcblk0p1): mounted filesystem with ordered data mode. Opts: (null)
[    3.418173] VFS: Mounted root (ext3 filesystem) on device 179:17.
[    3.432705] devtmpfs: mounted
[    3.437290] Freeing unused kernel memory: 2048K
bash: cannot set terminal process group (-1): Inappropriate ioctl for device
bash: no job control in this shell
root@(none):/# mount -t sysfs none /sys
root@(none):/# 
root@(none):/# mount -t debugfs none /sys/kernel/debug
root@(none):/# 
root@(none):/# rtcwake -d rtc1 -m mem -s 3
rtcwake: assuming RTC uses UTC ...
rtcwake: wakeup from "mem" using /dev/rtc1 at Thu Jan  1 00:00:25 1970
[    7.483241] PM: suspend entry (deep)
[    7.486842] PM: Syncing filesystems ... done.
[    7.493703] Freezing user space processes ... (elapsed 0.001 seconds) done.
[    7.502052] OOM killer disabled.
[    7.505293] Freezing remaining freezable tasks ... (elapsed 0.001 seconds) done.
[    7.513965] Suspending console(s) (use no_console_suspend to debug)
[    7.553257] pci_generic_config_write32: 20 callbacks suppressed
[    7.553302] pci_bus 0000:00: 2-byte config write to 0000:00:01.0 offset 0x9c may corrupt adjacent RW1C bits
[    7.576220] Disabling non-boot CPUs ...
[    7.610785] Entering suspend state LP1
[    7.610833] Enabling non-boot CPUs ...
[    7.612528] CPU1 is up
[    7.613601] pci_bus 0000:00: 2-byte config write to 0000:00:01.0 offset 0x4c may corrupt adjacent RW1C bits
[    7.613648] pci_bus 0000:00: 2-byte config write to 0000:00:01.0 offset 0x88 may corrupt adjacent RW1C bits
[    7.613680] pci_bus 0000:00: 2-byte config write to 0000:00:01.0 offset 0x90 may corrupt adjacent RW1C bits
[    7.613710] pci_bus 0000:00: 2-byte config write to 0000:00:01.0 offset 0x98 may corrupt adjacent RW1C bits
[    7.613738] pci_bus 0000:00: 2-byte config write to 0000:00:01.0 offset 0x9c may corrupt adjacent RW1C bits
[    7.613818] pci_bus 0000:00: 2-byte config write to 0000:00:01.0 offset 0x52 may corrupt adjacent RW1C bits
[    7.613849] pci_bus 0000:00: 2-byte config write to 0000:00:01.0 offset 0x52 may corrupt adjacent RW1C bits
[    7.613884] pci_bus 0000:00: 2-byte config write to 0000:00:01.0 offset 0x5c may corrupt adjacent RW1C bits
[    7.613915] pci_bus 0000:00: 2-byte config write to 0000:00:01.0 offset 0x52 may corrupt adjacent RW1C bits
[    7.613982] pcieport 0000:00:01.0: nv_msi_ht_cap_quirk didn't locate host bridge
[    8.294360] OOM killer enabled.
[    8.297508] Restarting tasks ... done.
[    8.302156] PM: suspend exit
root@(none):/# 
root@(none):/# rtcwake -d rtc1 -m mem -s 3
rtcwake: assuming RTC uses UTC ...
rtcwake: wakeup from "mem" using /dev/rtc1 at Thu Jan  1 00:00:30 1970
[    9.338551] PM: suspend entry (deep)
[    9.342124] PM: Syncing filesystems ... done.
[    9.347106] Freezing user space processes ... (elapsed 0.001 seconds) done.
[    9.355250] OOM killer disabled.
[    9.358518] Freezing remaining freezable tasks ... (elapsed 0.001 seconds) done.
[    9.367037] Suspending console(s) (use no_console_suspend to debug)
[    9.425384] Disabling non-boot CPUs ...
[    9.470000] Entering suspend state LP1
[    9.470048] Enabling non-boot CPUs ...
[    9.471855] CPU1 is up
[    9.473368] pcieport 0000:00:01.0: nv_msi_ht_cap_quirk didn't locate host bridge
[   10.051188] OOM killer enabled.
[   10.054323] Restarting tasks ... done.
[   10.058773] PM: suspend exit
root@(none):/# 
root@(none):/# rtcwake -d rtc1 -m mem -s 3
rtcwake: assuming RTC uses UTC ...
rtcwake: wakeup from "mem" using /dev/rtc1 at Thu Jan  1 00:00:35 1970
[   11.199028] PM: suspend entry (deep)
[   11.202602] PM: Syncing filesystems ... done.
[   11.207625] Freezing user space processes ... (elapsed 0.001 seconds) done.
[   11.215732] OOM killer disabled.
[   11.219003] Freezing remaining freezable tasks ... (elapsed 0.001 seconds) done.
[   11.227541] Suspending console(s) (use no_console_suspend to debug)
[   11.285996] Disabling non-boot CPUs ...
[   11.329810] Entering suspend state LP1
[   11.329859] Enabling non-boot CPUs ...
[   11.331660] CPU1 is up
[   11.333067] pcieport 0000:00:01.0: nv_msi_ht_cap_quirk didn't locate host bridge
[   11.911418] OOM killer enabled.
[   11.914553] Restarting tasks ... done.
[   11.918877] PM: suspend exit
root@(none):/# 
root@(none):/# rtcwake -d rtc1 -m mem -s 3
rtcwake: assuming RTC uses UTC ...
rtcwake: wakeup from "mem" using /dev/rtc1 at Thu Jan  1 00:00:40 1970
[   13.058768] PM: suspend entry (deep)
[   13.062342] PM: Syncing filesystems ... done.
[   13.067366] Freezing user space processes ... (elapsed 0.001 seconds) done.
[   13.075466] OOM killer disabled.
[   13.078735] Freezing remaining freezable tasks ... (elapsed 0.001 seconds) done.
[   13.087268] Suspending console(s) (use no_console_suspend to debug)
[   13.124168] pci_generic_config_write32: 26 callbacks suppressed
[   13.124214] pci_bus 0000:00: 2-byte config write to 0000:00:01.0 offset 0x9c may corrupt adjacent RW1C bits
[   13.146500] Disabling non-boot CPUs ...
[   13.189738] Entering suspend state LP1
[   13.189788] Enabling non-boot CPUs ...
[   13.191559] CPU1 is up
[   13.192833] pci_bus 0000:00: 2-byte config write to 0000:00:01.0 offset 0x4c may corrupt adjacent RW1C bits
[   13.192881] pci_bus 0000:00: 2-byte config write to 0000:00:01.0 offset 0x88 may corrupt adjacent RW1C bits
[   13.192914] pci_bus 0000:00: 2-byte config write to 0000:00:01.0 offset 0x90 may corrupt adjacent RW1C bits
[   13.192943] pci_bus 0000:00: 2-byte config write to 0000:00:01.0 offset 0x98 may corrupt adjacent RW1C bits
[   13.192971] pci_bus 0000:00: 2-byte config write to 0000:00:01.0 offset 0x9c may corrupt adjacent RW1C bits
[   13.193052] pci_bus 0000:00: 2-byte config write to 0000:00:01.0 offset 0x52 may corrupt adjacent RW1C bits
[   13.193083] pci_bus 0000:00: 2-byte config write to 0000:00:01.0 offset 0x52 may corrupt adjacent RW1C bits
[   13.193118] pci_bus 0000:00: 2-byte config write to 0000:00:01.0 offset 0x5c may corrupt adjacent RW1C bits
[   13.193149] pci_bus 0000:00: 2-byte config write to 0000:00:01.0 offset 0x52 may corrupt adjacent RW1C bits
[   13.193217] pcieport 0000:00:01.0: nv_msi_ht_cap_quirk didn't locate host bridge
[   13.864083] OOM killer enabled.
[   13.867227] Restarting tasks ... done.
[   13.871350] PM: suspend exit
root@(none):/# 
root@(none):/# rtcwake -d rtc1 -m mem -s 3
rtcwake: assuming RTC uses UTC ...
rtcwake: wakeup from "mem" using /dev/rtc1 at Thu Jan  1 00:00:45 1970
[   14.918505] PM: suspend entry (deep)
[   14.922079] PM: Syncing filesystems ... done.
[   14.927107] Freezing user space processes ... (elapsed 0.001 seconds) done.
[   14.935210] OOM killer disabled.
[   14.938469] Freezing remaining freezable tasks ... (elapsed 0.001 seconds) done.
[   14.946997] Suspending console(s) (use no_console_suspend to debug)
[   15.005766] Disabling non-boot CPUs ...
[   15.049891] Entering suspend state LP1
[   15.049939] Enabling non-boot CPUs ...
[   15.051731] CPU1 is up
[   15.053278] pcieport 0000:00:01.0: nv_msi_ht_cap_quirk didn't locate host bridge
[   15.629094] OOM killer enabled.
[   15.632228] Restarting tasks ... done.
[   15.636770] PM: suspend exit
root@(none):/# 
root@(none):/# rtcwake -d rtc1 -m mem -s 3
rtcwake: assuming RTC uses UTC ...
rtcwake: wakeup from "mem" using /dev/rtc1 at Thu Jan  1 00:00:50 1970
[   16.778345] PM: suspend entry (deep)
[   16.781919] PM: Syncing filesystems ... done.
[   16.786938] Freezing user space processes ... (elapsed 0.001 seconds) done.
[   16.795040] OOM killer disabled.
[   16.798308] Freezing remaining freezable tasks ... (elapsed 0.001 seconds) done.
[   16.806822] Suspending console(s) (use no_console_suspend to debug)
[   16.865580] Disabling non-boot CPUs ...
[   16.909605] Entering suspend state LP1
[   16.909654] Enabling non-boot CPUs ...
[   16.911450] CPU1 is up
[   16.912836] pcieport 0000:00:01.0: nv_msi_ht_cap_quirk didn't locate host bridge
[   17.481179] OOM killer enabled.
[   17.484314] Restarting tasks ... done.
[   17.488906] PM: suspend exit
root@(none):/# 
root@(none):/# rtcwake -d rtc1 -m mem -s 3
rtcwake: assuming RTC uses UTC ...
rtcwake: wakeup from "mem" using /dev/rtc1 at Thu Jan  1 00:00:55 1970
[   18.638271] PM: suspend entry (deep)
[   18.641845] PM: Syncing filesystems ... done.
[   18.646872] Freezing user space processes ... (elapsed 0.001 seconds) done.
[   18.654977] OOM killer disabled.
[   18.658245] Freezing remaining freezable tasks ... (elapsed 0.001 seconds) done.
[   18.666759] Suspending console(s) (use no_console_suspend to debug)
[   18.703169] pci_generic_config_write32: 26 callbacks suppressed
[   18.703214] pci_bus 0000:00: 2-byte config write to 0000:00:01.0 offset 0x9c may corrupt adjacent RW1C bits
[   18.725794] Disabling non-boot CPUs ...
[   18.769595] Entering suspend state LP1
[   18.769644] Enabling non-boot CPUs ...
[   18.771431] CPU1 is up
[   18.772901] pci_bus 0000:00: 2-byte config write to 0000:00:01.0 offset 0x4c may corrupt adjacent RW1C bits
[   18.772949] pci_bus 0000:00: 2-byte config write to 0000:00:01.0 offset 0x88 may corrupt adjacent RW1C bits
[   18.772982] pci_bus 0000:00: 2-byte config write to 0000:00:01.0 offset 0x90 may corrupt adjacent RW1C bits
[   18.773012] pci_bus 0000:00: 2-byte config write to 0000:00:01.0 offset 0x98 may corrupt adjacent RW1C bits
[   18.773041] pci_bus 0000:00: 2-byte config write to 0000:00:01.0 offset 0x9c may corrupt adjacent RW1C bits
[   18.773122] pci_bus 0000:00: 2-byte config write to 0000:00:01.0 offset 0x52 may corrupt adjacent RW1C bits
[   18.773179] pci_bus 0000:00: 2-byte config write to 0000:00:01.0 offset 0x52 may corrupt adjacent RW1C bits
[   18.773215] pci_bus 0000:00: 2-byte config write to 0000:00:01.0 offset 0x5c may corrupt adjacent RW1C bits
[   18.773246] pci_bus 0000:00: 2-byte config write to 0000:00:01.0 offset 0x52 may corrupt adjacent RW1C bits
[   18.773314] pcieport 0000:00:01.0: nv_msi_ht_cap_quirk didn't locate host bridge
[   19.453918] OOM killer enabled.
[   19.457067] Restarting tasks ... done.
[   19.461268] PM: suspend exit
root@(none):/# 
root@(none):/# rtcwake -d rtc1 -m mem -s[   20.505997] random: crng init done
 3
rtcwake: assuming RTC uses UTC ...
rtcwake: wakeup from "mem" using /dev/rtc1 at Thu Jan  1 00:01:00 1970
[   20.561220] PM: suspend entry (deep)
[   20.564791] PM: Syncing filesystems ... done.
[   20.569702] Freezing user space processes ... (elapsed 0.001 seconds) done.
[   20.577826] OOM killer disabled.
[   20.581044] Freezing remaining freezable tasks ... (elapsed 0.001 seconds) done.
[   20.589585] Suspending console(s) (use no_console_suspend to debug)
[   20.656155] Disabling non-boot CPUs ...
[   20.699524] Entering suspend state LP1
[   20.699573] Enabling non-boot CPUs ...
[   20.701382] CPU1 is up
[   20.702884] pcieport 0000:00:01.0: nv_msi_ht_cap_quirk didn't locate host bridge
[   21.270999] OOM killer enabled.
[   21.274134] Restarting tasks ... done.
[   21.278525] PM: suspend exit
root@(none):/# 
root@(none):/# rtcwake -d rtc1 -m mem -s 3
rtcwake: assuming RTC uses UTC ...
rtcwake: wakeup from "mem" using /dev/rtc1 at Thu Jan  1 00:01:05 1970
[   22.427855] PM: suspend entry (deep)
[   22.431428] PM: Syncing filesystems ... done.
[   22.436415] Freezing user space processes ... (elapsed 0.001 seconds) done.
[   22.444522] OOM killer disabled.
[   22.447790] Freezing remaining freezable tasks ... (elapsed 0.001 seconds) done.
[   22.456306] Suspending console(s) (use no_console_suspend to debug)
[   22.516230] Disabling non-boot CPUs ...
[   22.559410] Entering suspend state LP1
[   22.559458] Enabling non-boot CPUs ...
[   22.561256] CPU1 is up
[   22.562734] pcieport 0000:00:01.0: nv_msi_ht_cap_quirk didn't locate host bridge
[   23.131048] OOM killer enabled.
[   23.134184] Restarting tasks ... done.
[   23.138865] PM: suspend exit
root@(none):/# 
root@(none):/# rtcwake -d rtc1 -m mem -s 3
rtcwake: assuming RTC uses UTC ...
rtcwake: wakeup from "mem" using /dev/rtc1 at Thu Jan  1 00:01:10 1970
[   24.288186] PM: suspend entry (deep)
[   24.291759] PM: Syncing filesystems ... done.
[   24.296779] Freezing user space processes ... (elapsed 0.001 seconds) done.
[   24.304885] OOM killer disabled.
[   24.308155] Freezing remaining freezable tasks ... (elapsed 0.001 seconds) done.
[   24.316692] Suspending console(s) (use no_console_suspend to debug)
[   24.353221] pci_generic_config_write32: 26 callbacks suppressed
[   24.353269] pci_bus 0000:00: 2-byte config write to 0000:00:01.0 offset 0x9c may corrupt adjacent RW1C bits
[   24.375918] Disabling non-boot CPUs ...
[   24.419397] Entering suspend state LP1
[   24.419446] Enabling non-boot CPUs ...
[   24.421276] CPU1 is up
[   24.422505] pci_bus 0000:00: 2-byte config write to 0000:00:01.0 offset 0x4c may corrupt adjacent RW1C bits
[   24.422556] pci_bus 0000:00: 2-byte config write to 0000:00:01.0 offset 0x88 may corrupt adjacent RW1C bits
[   24.422586] pci_bus 0000:00: 2-byte config write to 0000:00:01.0 offset 0x90 may corrupt adjacent RW1C bits
[   24.422615] pci_bus 0000:00: 2-byte config write to 0000:00:01.0 offset 0x98 may corrupt adjacent RW1C bits
[   24.422642] pci_bus 0000:00: 2-byte config write to 0000:00:01.0 offset 0x9c may corrupt adjacent RW1C bits
[   24.422722] pci_bus 0000:00: 2-byte config write to 0000:00:01.0 offset 0x52 may corrupt adjacent RW1C bits
[   24.422754] pci_bus 0000:00: 2-byte config write to 0000:00:01.0 offset 0x52 may corrupt adjacent RW1C bits
[   24.422785] pci_bus 0000:00: 2-byte config write to 0000:00:01.0 offset 0x5c may corrupt adjacent RW1C bits
[   24.422816] pci_bus 0000:00: 2-byte config write to 0000:00:01.0 offset 0x52 may corrupt adjacent RW1C bits
[   24.422883] pcieport 0000:00:01.0: nv_msi_ht_cap_quirk didn't locate host bridge
[   25.104132] OOM killer enabled.
[   25.107278] Restarting tasks ... done.
[   25.112156] PM: suspend exit
root@(none):/# 
root@(none):/# NVTB SYSTEM SUSPEND TEST COMPLETE
