
U-Boot SPL 2015.04-rc3-00209-ga74ef40 (Mar 16 2015 - 14:43:39)


U-Boot 2015.04-rc3-00209-ga74ef40 (Mar 16 2015 - 14:43:39)

TEGRA20
Model: Compulab TrimSlice board
DRAM:  1 GiB
MMC:   Tegra SD/MMC: 0, Tegra SD/MMC: 1
SF: Detected W25Q80BL with page size 256 Bytes, erase size 4 KiB, total 1 MiB
tegra-pcie: PCI regions:
tegra-pcie:   I/O: 0x82000000-0x82010000
tegra-pcie:   non-prefetchable memory: 0xa0000000-0xa8000000
tegra-pcie:   prefetchable memory: 0xa8000000-0xc0000000
tegra-pcie: dual-mode configuration
tegra-pcie: probing port 0, using 2 lanes
In:    serial
Out:   serial
Err:   serial
Net:   RTL8169#0
Hit any key to stop autoboot:  2  0 
Tegra20 (TrimSlice) # 
Tegra20 (TrimSlice) # usb reset
resetting USB...
USB0:   USB EHCI 1.00
scanning bus 0 for devices... 3 USB Device(s) found
USB1:   USB EHCI 1.00
scanning bus 1 for devices... 1 USB Device(s) found
USB2:   lowlevel init failed
       scanning usb for storage devices... 0 Storage Device(s) found
       scanning usb for ethernet devices... 
Warning: asx0 using MAC address from net device
1 Ethernet Device(s) found
Tegra20 (TrimSlice) # setenv bootargs 'ignore_loglevel console=ttyS0,115200n8 rw root=PARTUUID=11eb23c1-01 rootwait gpt debug noinitrd earlyprintk init=/bin/bash'
Tegra20 (TrimSlice) # setenv ipaddr 192.168.100.103; setenv serverip 192.168.100.1; setenv tftpserverip 192.168.100.1
Tegra20 (TrimSlice) # tftpboot 0x00408000 zImage.tegra_defconfig
Using RTL8169#0 device
TFTP from server 192.168.100.1; our IP address is 192.168.100.103
Filename 'zImage.tegra_defconfig'.
Load address: 0x408000
Loading: *#################################################################
	 #################################################################
	 #################################################################
	 #################################################################
	 #################################################################
	 #################################################################
	 ###############################
	 3.9 MiB/s
done
Bytes transferred = 6168192 (5e1e80 hex)
Tegra20 (TrimSlice) # tftpboot 0x02408000 tegra20-trimslice.dtb
Using RTL8169#0 device
TFTP from server 192.168.100.1; our IP address is 192.168.100.103
Filename 'tegra20-trimslice.dtb'.
Load address: 0x2408000
Loading: *##
	 3.4 MiB/s
done
Bytes transferred = 21160 (52a8 hex)
Tegra20 (TrimSlice) # bootz 0x00408000 - 0x02408000
Kernel image @ 0x408000 [ 0x000000 - 0x5e1e80 ]
## Flattened Device Tree blob at 02408000
   Booting using the fdt blob at 0x2408000
   Using Device Tree in place at 02408000, end 024102a7

Starting kernel ...

[    0.000000] Booting Linux on physical CPU 0x0
[    0.000000] Linux version 4.15.0-rc8-15855-ga8750dd (jonathanh@kaivo) (gcc version 4.7.3 20130328 (prerelease) (crosstool-NG linaro-1.13.1-4.7-2013.04-20130415 - Linaro GCC 2013.04)) #1 SMP PREEMPT Sun Jan 14 16:32:59 PST 2018
[    0.000000] CPU: ARMv7 Processor [411fc090] revision 0 (ARMv7), cr=10c5387d
[    0.000000] CPU: PIPT / VIPT nonaliasing data cache, VIPT aliasing instruction cache
[    0.000000] OF: fdt: Machine model: Compulab TrimSlice board
[    0.000000] debug: ignoring loglevel setting.
[    0.000000] bootconsole [earlycon0] enabled
[    0.000000] Memory policy: Data cache writealloc
[    0.000000] cma: Reserved 64 MiB at 0x3c000000
[    0.000000] On node 0 totalpages: 262144
[    0.000000]   Normal zone: 1536 pages used for memmap
[    0.000000]   Normal zone: 0 pages reserved
[    0.000000]   Normal zone: 196608 pages, LIFO batch:31
[    0.000000]   HighMem zone: 65536 pages, LIFO batch:15
[    0.000000] random: fast init done
[    0.000000] percpu: Embedded 17 pages/cpu @(ptrval) s39168 r8192 d22272 u69632
[    0.000000] pcpu-alloc: s39168 r8192 d22272 u69632 alloc=17*4096
[    0.000000] pcpu-alloc: [0] 0 [0] 1 
[    0.000000] Built 1 zonelists, mobility grouping on.  Total pages: 260608
[    0.000000] Kernel command line: ignore_loglevel console=ttyS0,115200n8 rw root=PARTUUID=11eb23c1-01 rootwait gpt debug noinitrd earlyprintk init=/bin/bash
[    0.000000] Dentry cache hash table entries: 131072 (order: 7, 524288 bytes)
[    0.000000] Inode-cache hash table entries: 65536 (order: 6, 262144 bytes)
[    0.000000] Memory: 959424K/1048576K available (9216K kernel code, 778K rwdata, 2560K rodata, 1024K init, 299K bss, 23616K reserved, 65536K cma-reserved, 196608K highmem)
[    0.000000] Virtual kernel memory layout:
[    0.000000]     vector  : 0xffff0000 - 0xffff1000   (   4 kB)
[    0.000000]     fixmap  : 0xffc00000 - 0xfff00000   (3072 kB)
[    0.000000]     vmalloc : 0xf0800000 - 0xff800000   ( 240 MB)
[    0.000000]     lowmem  : 0xc0000000 - 0xf0000000   ( 768 MB)
[    0.000000]     pkmap   : 0xbfe00000 - 0xc0000000   (   2 MB)
[    0.000000]     modules : 0xbf000000 - 0xbfe00000   (  14 MB)
[    0.000000]       .text : 0x(ptrval) - 0x(ptrval)   (10208 kB)
[    0.000000]       .init : 0x(ptrval) - 0x(ptrval)   (1024 kB)
[    0.000000]       .data : 0x(ptrval) - 0x(ptrval)   ( 779 kB)
[    0.000000]        .bss : 0x(ptrval) - 0x(ptrval)   ( 300 kB)
[    0.000000] Preemptible hierarchical RCU implementation.
[    0.000000] 	RCU restricting CPUs from NR_CPUS=4 to nr_cpu_ids=2.
[    0.000000] 	Tasks RCU enabled.
[    0.000000] RCU: Adjusting geometry for rcu_fanout_leaf=16, nr_cpu_ids=2
[    0.000000] NR_IRQS: 16, nr_irqs: 16, preallocated irqs: 16
[    0.000000] /interrupt-controller@60004000: 128 interrupts forwarded to /interrupt-controller@50041000
[    0.000000] L2C: platform modifies aux control register: 0x02080000 -> 0x3e480001
[    0.000000] L2C: DT/platform modifies aux control register: 0x02080000 -> 0x3e480001
[    0.000000] L2C-310 errata 727915 769419 enabled
[    0.000000] L2C-310 enabling early BRESP for Cortex-A9
[    0.000000] L2C-310: enabling full line of zeros but not enabled in Cortex-A9
[    0.000000] L2C-310 ID prefetch enabled, offset 1 lines
[    0.000000] L2C-310 cache controller enabled, 8 ways, 1024 kB
[    0.000000] L2C-310: CACHE_ID 0x410000c4, AUX_CTRL 0x7e480001
[    0.000011] sched_clock: 32 bits at 1000kHz, resolution 1000ns, wraps every 2147483647500ns
[    0.008269] clocksource: timer_us: mask: 0xffffffff max_cycles: 0xffffffff, max_idle_ns: 1911260446275 ns
[    0.017797] Switching to timer-based delay loop, resolution 1000ns
[    0.024642] Console: colour dummy device 80x30
[    0.029004] Calibrating delay loop (skipped), value calculated using timer frequency.. 2.00 BogoMIPS (lpj=10000)
[    0.039141] pid_max: default: 32768 minimum: 301
[    0.044156] Mount-cache hash table entries: 2048 (order: 1, 8192 bytes)
[    0.050685] Mountpoint-cache hash table entries: 2048 (order: 1, 8192 bytes)
[    0.058514] CPU: Testing write buffer coherency: ok
[    0.063609] CPU0: thread -1, cpu 0, socket 0, mpidr 80000000
[    0.100011] Setting up static identity map for 0x100000 - 0x1000a0
[    0.106229] Hierarchical SRCU implementation.
[    0.130296] Tegra Revision: A03 prime SKU: 8 CPU Process: 1 SoC Process: 2
[    0.149971] smp: Bringing up secondary CPUs ...
[    0.200604] CPU1: thread -1, cpu 1, socket 0, mpidr 80000001
[    0.200692] smp: Brought up 1 node, 2 CPUs
[    0.210362] SMP: Total of 2 processors activated (4.00 BogoMIPS).
[    0.216391] CPU: All CPU(s) started in SVC mode.
[    0.222078] devtmpfs: initialized
[    0.230715] VFP support v0.3: implementor 41 architecture 3 part 30 variant 9 rev 1
[    0.238589] clocksource: jiffies: mask: 0xffffffff max_cycles: 0xffffffff, max_idle_ns: 19112604462750000 ns
[    0.248333] futex hash table entries: 512 (order: 3, 32768 bytes)
[    0.257211] pinctrl core: initialized pinctrl subsystem
[    0.263706] NET: Registered protocol family 16
[    0.269776] DMA: preallocated 256 KiB pool for atomic coherent allocations
[    0.277843] cpuidle: using governor menu
[    0.297702] No ATAGs?
[    0.297779] hw-breakpoint: found 5 (+1 reserved) breakpoint and 1 watchpoint registers.
[    0.307935] hw-breakpoint: maximum watchpoint size is 4 bytes.
[    0.333193] usb1_vbus: Failed to request enable GPIO170: -517
[    0.338847] reg-fixed-voltage regulators:regulator@2: Failed to register regulator: -517
[    0.350181] vgaarb: loaded
[    0.353631] SCSI subsystem initialized
[    0.357566] libata version 3.00 loaded.
[    0.361721] usbcore: registered new interface driver usbfs
[    0.367188] usbcore: registered new interface driver hub
[    0.372513] usbcore: registered new device driver usb
[    0.379449] Linux video capture interface: v2.00
[    0.384094] pps_core: LinuxPPS API ver. 1 registered
[    0.388959] pps_core: Software ver. 5.3.6 - Copyright 2005-2007 Rodolfo Giometti <giometti@linux.it>
[    0.398135] PTP clock support registered
[    0.402656] Advanced Linux Sound Architecture Driver Initialized.
[    0.409332] Bluetooth: Core ver 2.22
[    0.412894] NET: Registered protocol family 31
[    0.417239] Bluetooth: HCI device and connection manager initialized
[    0.423585] Bluetooth: HCI socket layer initialized
[    0.428423] Bluetooth: L2CAP socket layer initialized
[    0.433495] Bluetooth: SCO socket layer initialized
[    0.438962] clocksource: Switched to clocksource timer_us
[    0.529343] NET: Registered protocol family 2
[    0.534639] TCP established hash table entries: 8192 (order: 3, 32768 bytes)
[    0.541680] TCP bind hash table entries: 8192 (order: 4, 65536 bytes)
[    0.548125] TCP: Hash tables configured (established 8192 bind 8192)
[    0.555149] UDP hash table entries: 512 (order: 2, 16384 bytes)
[    0.561045] UDP-Lite hash table entries: 512 (order: 2, 16384 bytes)
[    0.567585] NET: Registered protocol family 1
[    0.572583] RPC: Registered named UNIX socket transport module.
[    0.578403] RPC: Registered udp transport module.
[    0.583106] RPC: Registered tcp transport module.
[    0.587763] RPC: Registered tcp NFSv4.1 backchannel transport module.
[    0.594924] PCI: CLS 0 bytes, default 64
[    0.600200] hw perfevents: no interrupt-affinity property for /pmu, guessing.
[    0.607416] hw perfevents: enabled with armv7_cortex_a9 PMU driver, 7 counters available
[    0.616992] Initialise system trusted keyrings
[    0.621543] workingset: timestamp_bits=30 max_order=18 bucket_order=0
[    0.629011] squashfs: version 4.0 (2009/01/31) Phillip Lougher
[    0.635470] NFS: Registering the id_resolver key type
[    0.640467] Key type id_resolver registered
[    0.644583] Key type id_legacy registered
[    0.653307] Key type asymmetric registered
[    0.657309] Asymmetric key parser 'x509' registered
[    0.662391] bounce: pool size: 64 pages
[    0.666210] io scheduler noop registered (default)
[    0.670925] io scheduler mq-deadline registered
[    0.675409] io scheduler kyber registered
[    0.684085] tegra-pcie 80003000.pcie: dual-mode configuration
[    0.690724] tegra-pcie 80003000.pcie: probing port 0, using 2 lanes
[    0.767478] tegra-pcie 80003000.pcie: PCI host bridge to bus 0000:00
[    0.773761] pci_bus 0000:00: root bus resource [io  0x0000-0xffff]
[    0.779902] pci_bus 0000:00: root bus resource [mem 0xa0000000-0xa7ffffff]
[    0.786735] pci_bus 0000:00: root bus resource [mem 0xa8000000-0xbfffffff pref]
[    0.794028] pci_bus 0000:00: root bus resource [bus 00-ff]
[    0.799528] pci 0000:00:01.0: [10de:0bf0] type 01 class 0x060000
[    0.805464] pci_bus 0000:00: 2-byte config write to 0000:00:01.0 offset 0x4 may corrupt adjacent RW1C bits
[    0.815091] pci_bus 0000:00: 2-byte config write to 0000:00:01.0 offset 0x4 may corrupt adjacent RW1C bits
[    0.824722] pci 0000:00:01.0: enabling Extended Tags
[    0.829649] pci_bus 0000:00: 2-byte config write to 0000:00:01.0 offset 0x88 may corrupt adjacent RW1C bits
[    0.839371] pci_bus 0000:00: 2-byte config write to 0000:00:01.0 offset 0x52 may corrupt adjacent RW1C bits
[    0.849077] pci 0000:00:01.0: PME# supported from D0 D1 D2 D3hot D3cold
[    0.855636] pci_bus 0000:00: 2-byte config write to 0000:00:01.0 offset 0x4c may corrupt adjacent RW1C bits
[    0.865556] pci_bus 0000:00: 2-byte config write to 0000:00:01.0 offset 0x3e may corrupt adjacent RW1C bits
[    0.875211] pci_bus 0000:00: 2-byte config write to 0000:00:01.0 offset 0x4 may corrupt adjacent RW1C bits
[    0.884825] pci_bus 0000:00: 1-byte config write to 0000:00:01.0 offset 0xc may corrupt adjacent RW1C bits
[    0.894441] PCI: bus0: Fast back to back transfers disabled
[    0.899990] pci 0000:00:01.0: bridge configuration invalid ([bus 00-00]), reconfiguring
[    0.907953] pci_bus 0000:00: 2-byte config write to 0000:00:01.0 offset 0x3e may corrupt adjacent RW1C bits
[    0.917672] pci_bus 0000:00: 2-byte config write to 0000:00:01.0 offset 0x3e may corrupt adjacent RW1C bits
[    0.927551] pci 0000:01:00.0: [10ec:8168] type 00 class 0x020000
[    0.933494] pci 0000:01:00.0: reg 0x10: [io  0x0000-0x00ff]
[    0.939035] pci 0000:01:00.0: reg 0x18: [mem 0x00000000-0x00000fff 64bit pref]
[    0.946209] pci 0000:01:00.0: reg 0x20: [mem 0x00000000-0x00003fff 64bit pref]
[    0.953416] pci 0000:01:00.0: reg 0x30: [mem 0x00000000-0x0001ffff pref]
[    0.960249] PCI: bus1: Fast back to back transfers disabled
[    0.965727] pci_bus 0000:01: busn_res: [bus 01-ff] end is updated to 01
[    0.972352] pci 0000:00:01.0: BAR 8: assigned [mem 0xa0000000-0xa00fffff]
[    0.979088] pci 0000:00:01.0: BAR 9: assigned [mem 0xa8000000-0xa80fffff 64bit pref]
[    0.986785] pci 0000:00:01.0: BAR 7: assigned [io  0x1000-0x1fff]
[    0.992871] pci 0000:01:00.0: BAR 6: assigned [mem 0xa0000000-0xa001ffff pref]
[    1.000059] pci 0000:01:00.0: BAR 4: assigned [mem 0xa8000000-0xa8003fff 64bit pref]
[    1.007768] pci 0000:01:00.0: BAR 2: assigned [mem 0xa8004000-0xa8004fff 64bit pref]
[    1.015493] pci 0000:01:00.0: BAR 0: assigned [io  0x1000-0x10ff]
[    1.021555] pci 0000:00:01.0: PCI bridge to [bus 01]
[    1.026478] pci 0000:00:01.0:   bridge window [io  0x1000-0x1fff]
[    1.032558] pci 0000:00:01.0:   bridge window [mem 0xa0000000-0xa00fffff]
[    1.039316] pci 0000:00:01.0:   bridge window [mem 0xa8000000-0xa80fffff 64bit pref]
[    1.047034] pci 0000:00:01.0: nv_msi_ht_cap_quirk didn't locate host bridge
[    1.054014] Disabling cpuidle LP2 state, since PCIe IRQs are in use
[    1.060232] pcieport 0000:00:01.0: enabling device (0140 -> 0143)
[    1.066505] pcieport 0000:00:01.0: Signaling PME with IRQ 295
[    1.075541] tegra-apbdma 6000a000.dma: Tegra20 APB DMA driver register 16 channels
[    1.084711] Serial: 8250/16550 driver, 4 ports, IRQ sharing disabled
[    1.092906] console [ttyS0] disabled
[    1.096425] 70006000.serial: ttyS0 at MMIO 0x70006000 (irq = 279, base_baud = 13500000) is a Tegra
[    1.105362] console [ttyS0] enabled
[    1.105362] console [ttyS0] enabled
[    1.112266] bootconsole [earlycon0] disabled
[    1.112266] bootconsole [earlycon0] disabled
[    1.123337] tegra-hdmi 54280000.hdmi: 54280000.hdmi supply hdmi not found, using dummy regulator
[    1.135458] [drm] Supports vblank timestamp caching Rev 2 (21.10.2013).
[    1.142078] [drm] No driver support for vblank timestamp query.
[    1.148114] [drm] Cannot find any crtc or sizes
[    1.152731] [drm] Cannot find any crtc or sizes
[    1.157303] [drm] Initialized tegra 0.0.0 20120330 for drm on minor 0
[    1.175184] loop: module loaded
[    1.180685] m25p80 spi0.0: found s25fl008k, expected w25q80bl
[    1.186499] m25p80 spi0.0: s25fl008k (1024 Kbytes)
[    1.193317] libphy: Fixed MDIO Bus: probed
[    1.197404] CAN device driver interface
[    1.201330] igb: Intel(R) Gigabit Ethernet Network Driver - version 5.4.0-k
[    1.208274] igb: Copyright (c) 2007-2014 Intel Corporation.
[    1.214038] r8169 Gigabit Ethernet driver 2.3LK-NAPI loaded
[    1.219672] r8169 0000:01:00.0: enabling device (0140 -> 0143)
[    1.225522] r8169 0000:01:00.0 (unnamed net_device) (uninitialized): not PCI Express
[    1.234050] r8169 0000:01:00.0 eth0: RTL8168d/8111d at 0x6b7a0c53, 00:01:c0:13:7d:63, XID 081000c0 IRQ 286
[    1.243706] r8169 0000:01:00.0 eth0: jumbo features [frames: 9200 bytes, tx checksumming: ko]
[    1.252380] pegasus: v0.9.3 (2013/04/25), Pegasus/Pegasus II USB Ethernet driver
[    1.259863] usbcore: registered new interface driver pegasus
[    1.265578] usbcore: registered new interface driver asix
[    1.271046] usbcore: registered new interface driver ax88179_178a
[    1.277193] usbcore: registered new interface driver cdc_ether
[    1.283106] usbcore: registered new interface driver smsc75xx
[    1.288911] usbcore: registered new interface driver smsc95xx
[    1.294726] usbcore: registered new interface driver net1080
[    1.300448] usbcore: registered new interface driver cdc_subset
[    1.306419] usbcore: registered new interface driver zaurus
[    1.312070] usbcore: registered new interface driver cdc_ncm
[    1.318021] tegra-phy c5004000.usb-phy: no vbus regulator
[    1.324594] tegra-phy c5008000.usb-phy: no vbus regulator
[    1.330151] ehci_hcd: USB 2.0 'Enhanced' Host Controller (EHCI) Driver
[    1.336662] ehci-pci: EHCI PCI platform driver
[    1.341184] tegra-ehci: Tegra EHCI driver
[    1.399946] ulpi_phy_power_on: ulpi write failed
[    1.404554] tegra-ehci c5004000.usb: Failed to power on the phy
[    1.410494] tegra-ehci: probe of c5004000.usb failed with error -110
[    1.419489] tegra-ehci c5008000.usb: EHCI Host Controller
[    1.424899] tegra-ehci c5008000.usb: new USB bus registered, assigned bus number 1
[    1.432705] tegra-ehci c5008000.usb: irq 290, io mem 0xc5008000
[    1.458985] tegra-ehci c5008000.usb: USB 2.0 started, EHCI 1.00
[    1.465788] hub 1-0:1.0: USB hub found
[    1.469582] hub 1-0:1.0: 1 port detected
[    1.474381] usbcore: registered new interface driver cdc_acm
[    1.480046] cdc_acm: USB Abstract Control Model driver for USB modems and ISDN adapters
[    1.488099] usbcore: registered new interface driver cdc_wdm
[    1.493867] usbcore: registered new interface driver usb-storage
[    1.502486] rtc-em3027 2-0056: rtc core: registered rtc-em3027 as rtc0
[    1.509713] tegra_rtc 7000e000.rtc: rtc core: registered 7000e000.rtc as rtc1
[    1.516877] tegra_rtc 7000e000.rtc: Tegra internal Real Time Clock
[    1.523360] i2c /dev entries driver
[    1.527750] usbcore: registered new interface driver uvcvideo
[    1.533505] USB Video Class driver (1.1.1)
[    1.537589] gspca_main: v2.14.0 registered
[    1.543043] sdhci: Secure Digital Host Controller Interface driver
[    1.549254] sdhci: Copyright(c) Pierre Ossman
[    1.553597] sdhci-pltfm: SDHCI platform and OF driver helper
[    1.567709] mmc0: Invalid maximum block size, assuming 512 bytes
[    1.630301] mmc0: SDHCI controller on c8000000.sdhci [c8000000.sdhci] using ADMA
[    1.638499] sdhci-tegra c8000600.sdhci: Got CD GPIO
[    1.643553] sdhci-tegra c8000600.sdhci: Got WP GPIO
[    1.657263] mmc1: Invalid maximum block size, assuming 512 bytes
[    1.720075] mmc1: SDHCI controller on c8000600.sdhci [c8000600.sdhci] using ADMA
[    1.738387] usbcore: registered new interface driver usbhid
[    1.744183] usbhid: USB HID core driver
[    1.755662] tegra-snd-trimslice sound: tlv320aic23-hifi <-> 70002800.i2s mapping ok
[    1.766559] NET: Registered protocol family 10
[    1.772755] Segment Routing with IPv6
[    1.776598] mip6: Mobile IPv6
[    1.779579] sit: IPv6, IPv4 and MPLS over IPv4 tunneling driver
[    1.787150] NET: Registered protocol family 17
[    1.791905] NET: Registered protocol family 15
[    1.796409] can: controller area network core (rev 20170425 abi 9)
[    1.802849] NET: Registered protocol family 29
[    1.807282] can: raw protocol (rev 20170425)
[    1.811579] can: broadcast manager protocol (rev 20170425 t)
[    1.817230] can: netlink gateway (rev 20170425) max_hops=1
[    1.822885] Bluetooth: RFCOMM socket layer initialized
[    1.828027] Bluetooth: RFCOMM ver 1.11
[    1.831850] Bluetooth: BNEP (Ethernet Emulation) ver 1.3
[    1.837199] Bluetooth: BNEP socket layer initialized
[    1.842198] usb 1-1: new high-speed USB device number 2 using tegra-ehci
[    1.849148] Bluetooth: HIDP (Human Interface Emulation) ver 1.2
[    1.855116] Bluetooth: HIDP socket layer initialized
[    1.860371] Key type dns_resolver registered
[    1.865079] Registering SWP/SWPB emulation handler
[    1.870821] Loading compiled-in X.509 certificates
[    1.879118] mmc1: new high speed SD card at address b368
[    1.890016] mmcblk1: mmc1:b368 NCard 1.83 GiB (ro)
[    1.898082] utmi_phy_clk_enable: timeout waiting for phy to stabilize
[    1.904851] tegra-ehci c5000000.usb: EHCI Host Controller
[    1.910314] tegra-ehci c5000000.usb: new USB bus registered, assigned bus number 2
[    1.918063]  mmcblk1: p1 p2
[    1.921946] tegra-ehci c5000000.usb: irq 288, io mem 0xc5000000
[    2.029100] tegra-ehci c5000000.usb: USB 2.0 started, EHCI 1.00
[    2.038339] hub 2-0:1.0: USB hub found
[    2.042271] hub 2-0:1.0: 1 port detected
[    2.048722] input: gpio-keys as /devices/soc0/gpio-keys/input/input0
[    2.056857] hub 1-1:1.0: USB hub found
[    2.060847] hub 1-1:1.0: 4 ports detected
[    2.065127] rtc-em3027 2-0056: hctosys: unable to read the hardware clock
[    2.072479] cfg80211: Loading compiled-in X.509 certificates for regulatory database
[    2.083634] cfg80211: Loaded X.509 cert 'sforshee: 00b28ddf47aef9cea7'
[    2.090502] platform regulatory.0: Direct firmware load for regulatory.db failed with error -2
[    2.099110] ALSA device list:
[    2.099113]   #0: tegra-trimslice
[    2.105383] cfg80211: failed to load regulatory.db
[    2.110463] Waiting for root device PARTUUID=11eb23c1-01...
[    2.399108] usb 1-1.2: new high-speed USB device number 3 using tegra-ehci
[    2.877020] mmc0: host does not support reading read-only switch, assuming write-enable
[    2.887057] mmc0: new high speed SDHC card at address b368
[    2.893929] mmcblk0: mmc0:b368 NCard 3.70 GiB 
[    2.901256]  mmcblk0: p1
[    3.034937] asix 1-1.2:1.0 eth1: register 'asix' at usb-c5008000.usb-1.2, ASIX AX88772 USB 2.0 Ethernet, 00:60:6e:60:6c:68
[    3.070456] EXT4-fs (mmcblk0p1): mounting ext3 file system using the ext4 subsystem
[    3.252760] EXT4-fs (mmcblk0p1): warning: mounting fs with errors, running e2fsck is recommended
[    3.332200] EXT4-fs (mmcblk0p1): recovery complete
[    3.407170] EXT4-fs (mmcblk0p1): mounted filesystem with ordered data mode. Opts: (null)
[    3.415515] VFS: Mounted root (ext3 filesystem) on device 179:17.
[    3.432676] devtmpfs: mounted
[    3.436653] Freeing unused kernel memory: 1024K
bash: cannot set terminal process group (-1): Inappropriate ioctl for device
bash: no job control in this shell
root@(none):/# mount -t sysfs none /sys
root@(none):/# 
root@(none):/# mount -t debugfs none /sys/kernel/debug
root@(none):/# 
root@(none):/# rtcwake -d rtc1 -m mem -s 3
rtcwake: assuming RTC uses UTC ...
rtcwake: wakeup from "mem" using /dev/rtc1 at Thu Jan  1 00:00:24 1970
[    8.406360] PM: suspend entry (deep)
[    8.410071] PM: Syncing filesystems ... done.
[    8.417504] Freezing user space processes ... (elapsed 0.001 seconds) done.
[    8.426469] OOM killer disabled.
[    8.429704] Freezing remaining freezable tasks ... (elapsed 0.001 seconds) done.
[    8.438187] Suspending console(s) (use no_console_suspend to debug)
[    8.473290] pci_generic_config_write32: 20 callbacks suppressed
[    8.473333] pci_bus 0000:00: 2-byte config write to 0000:00:01.0 offset 0x9c may corrupt adjacent RW1C bits
[    8.495731] Disabling non-boot CPUs ...
[    8.546883] Entering suspend state LP1
[    8.546993] Enabling non-boot CPUs ...
[    8.555219] CPU1 is up
[    8.556180] pci_bus 0000:00: 2-byte config write to 0000:00:01.0 offset 0x4c may corrupt adjacent RW1C bits
[    8.556231] pci_bus 0000:00: 2-byte config write to 0000:00:01.0 offset 0x88 may corrupt adjacent RW1C bits
[    8.556261] pci_bus 0000:00: 2-byte config write to 0000:00:01.0 offset 0x90 may corrupt adjacent RW1C bits
[    8.556289] pci_bus 0000:00: 2-byte config write to 0000:00:01.0 offset 0x98 may corrupt adjacent RW1C bits
[    8.556316] pci_bus 0000:00: 2-byte config write to 0000:00:01.0 offset 0x9c may corrupt adjacent RW1C bits
[    8.556402] pci_bus 0000:00: 2-byte config write to 0000:00:01.0 offset 0x52 may corrupt adjacent RW1C bits
[    8.556436] pci_bus 0000:00: 2-byte config write to 0000:00:01.0 offset 0x52 may corrupt adjacent RW1C bits
[    8.556468] pci_bus 0000:00: 2-byte config write to 0000:00:01.0 offset 0x5c may corrupt adjacent RW1C bits
[    8.556499] pci_bus 0000:00: 2-byte config write to 0000:00:01.0 offset 0x52 may corrupt adjacent RW1C bits
[    8.556569] pcieport 0000:00:01.0: nv_msi_ht_cap_quirk didn't locate host bridge
[    9.227106] OOM killer enabled.
[    9.230264] Restarting tasks ... done.
[    9.234826] PM: suspend exit
root@(none):/# 
root@(none):/# rtcwake -d rtc1 -m mem -s 3
rtcwake: assuming RTC uses UTC ...
rtcwake: wakeup from "mem" using /dev/rtc1 at Thu Jan  1 00:00:29 1970
[   10.087709] PM: suspend entry (deep)
[   10.091427] PM: Syncing filesystems ... done.
[   10.096059] Freezing user space processes ... (elapsed 0.001 seconds) done.
[   10.104672] OOM killer disabled.
[   10.107892] Freezing remaining freezable tasks ... (elapsed 0.001 seconds) done.
[   10.116334] Suspending console(s) (use no_console_suspend to debug)
[   10.175337] Disabling non-boot CPUs ...
[   10.223216] Entering suspend state LP1
[   10.223320] Enabling non-boot CPUs ...
[   10.231620] CPU1 is up
[   10.233925] pcieport 0000:00:01.0: nv_msi_ht_cap_quirk didn't locate host bridge
[   10.804244] OOM killer enabled.
[   10.807378] Restarting tasks ... done.
[   10.811448] PM: suspend exit
root@(none):/# 
root@(none):/# rtcwake -d rtc1 -m mem -s 3
rtcwake: assuming RTC uses UTC ...
rtcwake: wakeup from "mem" using /dev/rtc1 at Thu Jan  1 00:00:34 1970
[   11.762437] PM: suspend entry (deep)
[   11.766008] PM: Syncing filesystems ... done.
[   11.770705] Freezing user space processes ... (elapsed 0.001 seconds) done.
[   11.778788] OOM killer disabled.
[   11.782557] Freezing remaining freezable tasks ... (elapsed 0.001 seconds) done.
[   11.791101] Suspending console(s) (use no_console_suspend to debug)
[   11.827595] Disabling non-boot CPUs ...
[   11.862665] Entering suspend state LP1
[   11.862767] Enabling non-boot CPUs ...
[   11.870857] CPU1 is up
[   11.873173] pcieport 0000:00:01.0: nv_msi_ht_cap_quirk didn't locate host bridge
[   12.443688] OOM killer enabled.
[   12.446818] Restarting tasks ... done.
[   12.451511] PM: suspend exit
root@(none):/# 
root@(none):/# rtcwake -d rtc1 -m mem -s 3
rtcwake: assuming RTC uses UTC ...
rtcwake: wakeup from "mem" using /dev/rtc1 at Thu Jan  1 00:00:39 1970
[   13.403866] PM: suspend entry (deep)
[   13.407440] PM: Syncing filesystems ... done.
[   13.412218] Freezing user space processes ... (elapsed 0.001 seconds) done.
[   13.420395] OOM killer disabled.
[   13.423617] Freezing remaining freezable tasks ... (elapsed 0.001 seconds) done.
[   13.432709] Suspending console(s) (use no_console_suspend to debug)
[   13.494847] Disabling non-boot CPUs ...
[   13.552498] Entering suspend state LP1
[   13.552600] Enabling non-boot CPUs ...
[   13.560705] CPU1 is up
[   13.562056] pci_generic_config_write32: 27 callbacks suppressed
[   13.562103] pci_bus 0000:00: 2-byte config write to 0000:00:01.0 offset 0x4c may corrupt adjacent RW1C bits
[   13.562179] pci_bus 0000:00: 2-byte config write to 0000:00:01.0 offset 0x88 may corrupt adjacent RW1C bits
[   13.562260] pci_bus 0000:00: 2-byte config write to 0000:00:01.0 offset 0x90 may corrupt adjacent RW1C bits
[   13.562292] pci_bus 0000:00: 2-byte config write to 0000:00:01.0 offset 0x98 may corrupt adjacent RW1C bits
[   13.562321] pci_bus 0000:00: 2-byte config write to 0000:00:01.0 offset 0x9c may corrupt adjacent RW1C bits
[   13.562407] pci_bus 0000:00: 2-byte config write to 0000:00:01.0 offset 0x52 may corrupt adjacent RW1C bits
[   13.562439] pci_bus 0000:00: 2-byte config write to 0000:00:01.0 offset 0x52 may corrupt adjacent RW1C bits
[   13.562472] pci_bus 0000:00: 2-byte config write to 0000:00:01.0 offset 0x5c may corrupt adjacent RW1C bits
[   13.562503] pci_bus 0000:00: 2-byte config write to 0000:00:01.0 offset 0x52 may corrupt adjacent RW1C bits
[   13.562534] pci_bus 0000:00: 2-byte config write to 0000:00:01.0 offset 0x4c may corrupt adjacent RW1C bits
[   13.562598] pcieport 0000:00:01.0: nv_msi_ht_cap_quirk didn't locate host bridge
[   14.237695] OOM killer enabled.
[   14.240837] Restarting tasks ... done.
[   14.244855] PM: suspend exit
root@(none):/# 
root@(none):/# rtcwake -d rtc1 -m mem -s 3
rtcwake: assuming RTC uses UTC ...
rtcwake: wakeup from "mem" using /dev/rtc1 at Thu Jan  1 00:00:44 1970
[   15.093788] PM: suspend entry (deep)
[   15.097362] PM: Syncing filesystems ... done.
[   15.102141] Freezing user space processes ... (elapsed 0.001 seconds) done.
[   15.110323] OOM killer disabled.
[   15.113544] Freezing remaining freezable tasks ... (elapsed 0.001 seconds) done.
[   15.122640] Suspending console(s) (use no_console_suspend to debug)
[   15.184550] Disabling non-boot CPUs ...
[   15.232210] Entering suspend state LP1
[   15.232312] Enabling non-boot CPUs ...
[   15.240664] CPU1 is up
[   15.242254] pcieport 0000:00:01.0: nv_msi_ht_cap_quirk didn't locate host bridge
[   15.812987] OOM killer enabled.
[   15.816121] Restarting tasks ... done.
[   15.820673] PM: suspend exit
root@(none):/# 
root@(none):/# rtcwake -d rtc1 -m mem -s 3
rtcwake: assuming RTC uses UTC ...
rtcwake: wakeup from "mem" using /dev/rtc1 at Thu Jan  1 00:00:49 1970
[   16.773227] PM: suspend entry (deep)
[   16.776801] PM: Syncing filesystems ... done.
[   16.781548] Freezing user space processes ... (elapsed 0.001 seconds) done.
[   16.789710] OOM killer disabled.
[   16.792930] Freezing remaining freezable tasks ... (elapsed 0.001 seconds) done.
[   16.802020] Suspending console(s) (use no_console_suspend to debug)
[   16.863520] Disabling non-boot CPUs ...
[   16.912478] Entering suspend state LP1
[   16.912589] Enabling non-boot CPUs ...
[   16.920768] CPU1 is up
[   16.922564] pcieport 0000:00:01.0: nv_msi_ht_cap_quirk didn't locate host bridge
[   17.493388] OOM killer enabled.
[   17.496523] Restarting tasks ... done.
[   17.501310] PM: suspend exit
root@(none):/# 
root@(none):/# rtcwake -d rtc1 -m mem -s 3
rtcwake: assuming RTC uses UTC ...
rtcwake: wakeup from "mem" using /dev/rtc1 at Thu Jan  1 00:00:54 1970
[   18.453197] PM: suspend entry (deep)
[   18.456770] PM: Syncing filesystems ... done.
[   18.461520] Freezing user space processes ... (elapsed 0.001 seconds) done.
[   18.469684] OOM killer disabled.
[   18.472905] Freezing remaining freezable tasks ... (elapsed 0.001 seconds) done.
[   18.481472] Suspending console(s) (use no_console_suspend to debug)
[   18.544265] Disabling non-boot CPUs ...
[   18.603553] Entering suspend state LP1
[   18.603656] Enabling non-boot CPUs ...
[   18.612053] CPU1 is up
[   18.613511] pci_generic_config_write32: 26 callbacks suppressed
[   18.613556] pci_bus 0000:00: 2-byte config write to 0000:00:01.0 offset 0x4c may corrupt adjacent RW1C bits
[   18.613639] pci_bus 0000:00: 2-byte config write to 0000:00:01.0 offset 0x88 may corrupt adjacent RW1C bits
[   18.613671] pci_bus 0000:00: 2-byte config write to 0000:00:01.0 offset 0x90 may corrupt adjacent RW1C bits
[   18.613722] pci_bus 0000:00: 2-byte config write to 0000:00:01.0 offset 0x98 may corrupt adjacent RW1C bits
[   18.613753] pci_bus 0000:00: 2-byte config write to 0000:00:01.0 offset 0x9c may corrupt adjacent RW1C bits
[   18.613839] pci_bus 0000:00: 2-byte config write to 0000:00:01.0 offset 0x52 may corrupt adjacent RW1C bits
[   18.613906] pci_bus 0000:00: 2-byte config write to 0000:00:01.0 offset 0x52 may corrupt adjacent RW1C bits
[   18.613942] pci_bus 0000:00: 2-byte config write to 0000:00:01.0 offset 0x5c may corrupt adjacent RW1C bits
[   18.613973] pci_bus 0000:00: 2-byte config write to 0000:00:01.0 offset 0x52 may corrupt adjacent RW1C bits
[   18.614004] pci_bus 0000:00: 2-byte config write to 0000:00:01.0 offset 0x4c may corrupt adjacent RW1C bits
[   18.614068] pcieport 0000:00:01.0: nv_msi_ht_cap_quirk didn't locate host bridge
[   19.286205] OOM killer enabled.
[   19.289363] Restarting tasks ... done.
[   19.293387] PM: suspend exit
root@(none):/# 
root@(none):/# rtcwake -d rtc1 -m mem -s 3
rtcwake: assuming RTC uses UTC ...
rtcwake: wakeup from "mem" using /dev/rtc1 at Thu Jan  1 00:00:59 1970
[   20.143796] PM: suspend entry (deep)
[   20.147369] PM: Syncing filesystems ... done.
[   20.152119] Freezing user space processes ... (elapsed 0.001 seconds) done.
[   20.160284] OOM killer disabled.
[   20.163505] Freezing remaining freezable tasks ... (elapsed 0.001 seconds) done.
[   20.172068] Suspending console(s) (use no_console_suspend to debug)
[   20.233567] Disabling non-boot CPUs ...
[   20.292628] Entering suspend state LP1
[   20.292732] Enabling non-boot CPUs ...
[   20.301126] CPU1 is up
[   20.303313] pcieport 0000:00:01.0: nv_msi_ht_cap_quirk didn't locate host bridge
[   20.873427] OOM killer enabled.
[   20.876557] Restarting tasks ... done.
[   20.881069] PM: suspend exit
root@(none):/# 
root@(none):/# rtcwake -d rtc1 -m mem -s 3
rtcwake: assuming RTC uses UTC ...
rtcwake: wakeup from "mem" using /dev/rtc1 at Thu Jan  1 00:01:04 1970
[   21.832939] PM: suspend entry (deep)
[   21.836513] PM: Syncing filesystems ... done.
[   21.841277] Freezing user space processes ... (elapsed 0.001 seconds) done.
[   21.849438] OOM killer disabled.
[   21.852660] Freezing remaining freezable tasks ... (elapsed 0.001 seconds) done.
[   21.861197] Suspending console(s) (use no_console_suspend to debug)
[   21.923941] Disabling non-boot CPUs ...
[   21.982887] Entering suspend state LP1
[   21.982989] Enabling non-boot CPUs ...
[   21.991404] CPU1 is up
[   21.993035] pcieport 0000:00:01.0: nv_msi_ht_cap_quirk didn't locate host bridge
[   22.563158] OOM killer enabled.
[   22.566288] Restarting tasks ... done.
[   22.570764] PM: suspend exit
root@(none):/# 
root@(none):/# rtcwake -d rtc1 -m mem -s 3
rtcwake: assuming RTC uses UTC ...
rtcwake: wakeup from "mem" using /dev/rtc1 at Thu Jan  1 00:01:09 1970
[   23.522958] PM: suspend entry (deep)
[   23.526532] PM: Syncing filesystems ... done.
[   23.531281] Freezing user space processes ... (elapsed 0.001 seconds) done.
[   23.539442] OOM killer disabled.
[   23.542662] Freezing remaining freezable tasks ... (elapsed 0.001 seconds) done.
[   23.551200] Suspending console(s) (use no_console_suspend to debug)
[   23.612493] Disabling non-boot CPUs ...
[   23.672517] Entering suspend state LP1
[   23.672620] Enabling non-boot CPUs ...
[   23.681012] CPU1 is up
[   23.682462] pci_generic_config_write32: 26 callbacks suppressed
[   23.682505] pci_bus 0000:00: 2-byte config write to 0000:00:01.0 offset 0x4c may corrupt adjacent RW1C bits
[   23.682555] pci_bus 0000:00: 2-byte config write to 0000:00:01.0 offset 0x88 may corrupt adjacent RW1C bits
[   23.682586] pci_bus 0000:00: 2-byte config write to 0000:00:01.0 offset 0x90 may corrupt adjacent RW1C bits
[   23.682615] pci_bus 0000:00: 2-byte config write to 0000:00:01.0 offset 0x98 may corrupt adjacent RW1C bits
[   23.682642] pci_bus 0000:00: 2-byte config write to 0000:00:01.0 offset 0x9c may corrupt adjacent RW1C bits
[   23.682726] pci_bus 0000:00: 2-byte config write to 0000:00:01.0 offset 0x52 may corrupt adjacent RW1C bits
[   23.682758] pci_bus 0000:00: 2-byte config write to 0000:00:01.0 offset 0x52 may corrupt adjacent RW1C bits
[   23.682791] pci_bus 0000:00: 2-byte config write to 0000:00:01.0 offset 0x5c may corrupt adjacent RW1C bits
[   23.682821] pci_bus 0000:00: 2-byte config write to 0000:00:01.0 offset 0x52 may corrupt adjacent RW1C bits
[   23.682852] pci_bus 0000:00: 2-byte config write to 0000:00:01.0 offset 0x4c may corrupt adjacent RW1C bits
[   23.682917] pcieport 0000:00:01.0: nv_msi_ht_cap_quirk didn't locate host bridge
[   24.357405] OOM killer enabled.
[   24.360547] Restarting tasks ... done.
[   24.364762] PM: suspend exit
root@(none):/# 
root@(none):/# NVTB SYSTEM SUSPEND TEST COMPLETE
