
U-Boot SPL 2014.01-00219-gc4d376f (Feb 18 2014 - 19:57:18)


U-Boot 2014.01-00219-gc4d376f (Feb 18 2014 - 19:57:18)

TEGRA30
Board: NVIDIA Beaver
I2C:   ready
DRAM:  2 GiB
MMC:   Tegra SD/MMC: 0, Tegra SD/MMC: 1
In:    serial
Out:   serial
Err:   serial
Net:   Net Initialization Skipped
No ethernet found.
Hit any key to stop autoboot:  2  0 
Tegra30 (Beaver) # 
Tegra30 (Beaver) # usb reset
(Re)start USB...
USB0:   USB EHCI 1.00
scanning bus 0 for devices... 2 USB Device(s) found
       scanning usb for storage devices... 0 Storage Device(s) found
       scanning usb for ethernet devices... 
Warning: asx0 using MAC address from net device
1 Ethernet Device(s) found
Tegra30 (Beaver) # setenv bootargs 'ignore_loglevel console=ttyS0,115200n8 rw root=PARTUUID=edbe1840-3633-c751-7993-b0ac834f81e0 rootwait gpt debug noinitrd earlyprintk init=/bin/bash'
Tegra30 (Beaver) # setenv ipaddr 192.168.100.101; setenv serverip 192.168.100.1; setenv tftpserverip 192.168.100.1
Tegra30 (Beaver) # tftpboot 0x81000000 zImage.multi_v7_defconfig
Using asx0 device
TFTP from server 192.168.100.1; our IP address is 192.168.100.101
Filename 'zImage.multi_v7_defconfig'.
Load address: 0x81000000
Loading: *#################################################################
	 #################################################################
	 #################################################################
	 #################################################################
	 #################################################################
	 #################################################################
	 #################################################################
	 #######################################
	 3.2 MiB/s
done
Bytes transferred = 7239360 (6e76c0 hex)
Tegra30 (Beaver) # tftpboot 0x82000000 tegra30-beaver.dtb
Using asx0 device
TFTP from server 192.168.100.1; our IP address is 192.168.100.101
Filename 'tegra30-beaver.dtb'.
Load address: 0x82000000
Loading: *####
	 3.1 MiB/s
done
Bytes transferred = 51511 (c937 hex)
Tegra30 (Beaver) # bootz 0x81000000 - 0x82000000
Kernel image @ 0x81000000 [ 0x000000 - 0x6e76c0 ]
## Flattened Device Tree blob at 82000000
   Booting using the fdt blob at 0x82000000
   Loading Device Tree to 8fff0000, end 8ffff936 ... OK

Starting kernel ...

[    0.000000] Booting Linux on physical CPU 0x0
[    0.000000] Linux version 4.7.0-rc4-96064-g33688ab (pwalmsley@sellafield) (gcc version 4.7.3 20130328 (prerelease) (crosstool-NG linaro-1.13.1-4.7-2013.04-20130415 - Linaro GCC 2013.04) ) #1 SMP Sun Jun 19 22:04:28 PDT 2016
[    0.000000] CPU: ARMv7 Processor [412fc099] revision 9 (ARMv7), cr=10c5387d
[    0.000000] CPU: PIPT / VIPT nonaliasing data cache, VIPT aliasing instruction cache
[    0.000000] Machine model: NVIDIA Tegra30 Beaver evaluation board
[    0.000000] debug: ignoring loglevel setting.
[    0.000000] cma: Reserved 64 MiB at 0xfb800000
[    0.000000] Memory policy: Data cache writealloc
[    0.000000] On node 0 totalpages: 524032
[    0.000000] free_area_init_node: node 0, pgdat c141bb40, node_mem_map eeff8000
[    0.000000]   DMA zone: 1536 pages used for memmap
[    0.000000]   DMA zone: 0 pages reserved
[    0.000000]   DMA zone: 196608 pages, LIFO batch:31
[    0.000000]   HighMem zone: 327424 pages, LIFO batch:31
[    0.000000] percpu: Embedded 13 pages/cpu @eef8f000 s23808 r8192 d21248 u53248
[    0.000000] pcpu-alloc: s23808 r8192 d21248 u53248 alloc=13*4096
[    0.000000] pcpu-alloc: [0] 0 [0] 1 [0] 2 [0] 3 
[    0.000000] Built 1 zonelists in Zone order, mobility grouping on.  Total pages: 522496
[    0.000000] Kernel command line: ignore_loglevel console=ttyS0,115200n8 rw root=PARTUUID=edbe1840-3633-c751-7993-b0ac834f81e0 rootwait gpt debug noinitrd earlyprintk init=/bin/bash
[    0.000000] PID hash table entries: 4096 (order: 2, 16384 bytes)
[    0.000000] Dentry cache hash table entries: 131072 (order: 7, 524288 bytes)
[    0.000000] Inode-cache hash table entries: 65536 (order: 6, 262144 bytes)
[    0.000000] Memory: 1995036K/2096128K available (9529K kernel code, 1142K rwdata, 4476K rodata, 2048K init, 343K bss, 35556K reserved, 65536K cma-reserved, 1244160K highmem)
[    0.000000] Virtual kernel memory layout:
[    0.000000]     vector  : 0xffff0000 - 0xffff1000   (   4 kB)
[    0.000000]     fixmap  : 0xffc00000 - 0xfff00000   (3072 kB)
[    0.000000]     vmalloc : 0xf0800000 - 0xff800000   ( 240 MB)
[    0.000000]     lowmem  : 0xc0000000 - 0xf0000000   ( 768 MB)
[    0.000000]     pkmap   : 0xbfe00000 - 0xc0000000   (   2 MB)
[    0.000000]     modules : 0xbf000000 - 0xbfe00000   (  14 MB)
[    0.000000]       .text : 0xc0208000 - 0xc10ad50c   (14998 kB)
[    0.000000]       .init : 0xc1100000 - 0xc1300000   (2048 kB)
[    0.000000]       .data : 0xc1300000 - 0xc141dba0   (1143 kB)
[    0.000000]        .bss : 0xc141f000 - 0xc1474ca0   ( 344 kB)
[    0.000000] SLUB: HWalign=64, Order=0-3, MinObjects=0, CPUs=4, Nodes=1
[    0.000000] Hierarchical RCU implementation.
[    0.000000] 	Build-time adjustment of leaf fanout to 32.
[    0.000000] 	RCU restricting CPUs from NR_CPUS=16 to nr_cpu_ids=4.
[    0.000000] RCU: Adjusting geometry for rcu_fanout_leaf=32, nr_cpu_ids=4
[    0.000000] NR_IRQS:16 nr_irqs:16 16
[    0.000000] /interrupt-controller@60004000: 160 interrupts forwarded to /interrupt-controller@50041000
[    0.000000] L2C: platform modifies aux control register: 0x02080000 -> 0x3e480001
[    0.000000] L2C: DT/platform modifies aux control register: 0x02080000 -> 0x3e480001
[    0.000000] L2C-310 erratum 769419 enabled
[    0.000000] L2C-310 enabling early BRESP for Cortex-A9
[    0.000000] L2C-310: enabling full line of zeros but not enabled in Cortex-A9
[    0.000000] L2C-310 dynamic clock gating enabled, standby mode enabled
[    0.000000] L2C-310 cache controller enabled, 8 ways, 1024 kB
[    0.000000] L2C-310: CACHE_ID 0x410000c7, AUX_CTRL 0x4e480001
[    0.000013] sched_clock: 32 bits at 1000kHz, resolution 1000ns, wraps every 2147483647500ns
[    0.000031] clocksource: timer_us: mask: 0xffffffff max_cycles: 0xffffffff, max_idle_ns: 1911260446275 ns
[    0.000041] Switching to timer-based delay loop, resolution 1000ns
[    0.002811] Console: colour dummy device 80x30
[    0.002836] Calibrating delay loop (skipped), value calculated using timer frequency.. 2.00 BogoMIPS (lpj=5000)
[    0.002845] pid_max: default: 32768 minimum: 301
[    0.002932] Mount-cache hash table entries: 2048 (order: 1, 8192 bytes)
[    0.002939] Mountpoint-cache hash table entries: 2048 (order: 1, 8192 bytes)
[    0.003372] CPU: Testing write buffer coherency: ok
[    0.003662] CPU0: thread -1, cpu 0, socket 0, mpidr 80000000
[    0.003708] Setting up static identity map for 0x80300000 - 0x80300098
[    0.006205] Tegra Revision: A03 SKU: 128 CPU Process: 4 SoC Process: 0
[    0.010351] CPU1: thread -1, cpu 1, socket 0, mpidr 80000001
[    0.015335] CPU2: thread -1, cpu 2, socket 0, mpidr 80000002
[    0.020332] CPU3: thread -1, cpu 3, socket 0, mpidr 80000003
[    0.020376] Brought up 4 CPUs
[    0.020390] SMP: Total of 4 processors activated (8.00 BogoMIPS).
[    0.020395] CPU: All CPU(s) started in SVC mode.
[    0.021083] devtmpfs: initialized
[    0.029193] VFP support v0.3: implementor 41 architecture 3 part 30 variant 9 rev 4
[    0.029806] clocksource: jiffies: mask: 0xffffffff max_cycles: 0xffffffff, max_idle_ns: 9556302231375000 ns
[    0.033103] pinctrl core: initialized pinctrl subsystem
[    0.034568] NET: Registered protocol family 16
[    0.037377] DMA: preallocated 256 KiB pool for atomic coherent allocations
[    0.049930] cpuidle: using governor menu
[    0.058993] No ATAGs?
[    0.059018] hw-breakpoint: found 5 (+1 reserved) breakpoint and 1 watchpoint registers.
[    0.059024] hw-breakpoint: maximum watchpoint size is 4 bytes.
[    0.062148] Serial: AMBA PL011 UART driver
[    0.063466] tegra-mc 7000f000.memory-controller: no memory timings for RAM code 3 registered
[    0.082799] vdd_5v_sata: Failed to request enable GPIO30: -517
[    0.082813] reg-fixed-voltage regulators:regulator@3: Failed to register regulator: -517
[    0.082857] usb1_vbus: Failed to request enable GPIO238: -517
[    0.082864] reg-fixed-voltage regulators:regulator@4: Failed to register regulator: -517
[    0.082906] usb3_vbus: Failed to request enable GPIO236: -517
[    0.082914] reg-fixed-voltage regulators:regulator@5: Failed to register regulator: -517
[    0.083002] sys_3v3_pexs: Failed to request enable GPIO95: -517
[    0.083009] reg-fixed-voltage regulators:regulator@7: Failed to register regulator: -517
[    0.085032] vgaarb: loaded
[    0.085516] SCSI subsystem initialized
[    0.085628] libata version 3.00 loaded.
[    0.085797] usbcore: registered new interface driver usbfs
[    0.085834] usbcore: registered new interface driver hub
[    0.085874] usbcore: registered new device driver usb
[    0.092602] vrtc: supplied by vdd_5v_in
[    0.095912] vio: supplied by vdd_5v_in
[    0.101828] vdd1: supplied by vdd_5v_in
[    0.103194] vddio_ddr_1v2: Bringing 600000uV into 1200000-1200000uV
[    0.106825] vdd2: supplied by vdd_5v_in
[    0.116829] ldo1: supplied by vdd_1v5_gen
[    0.119198] ldo2: supplied by vdd_1v5_gen
[    0.119692] vdd_sata,avdd_plle: Bringing 1200000uV into 1050000-1050000uV
[    0.121942] ldo3: supplied by vdd_5v_in
[    0.124315] ldo4: supplied by vdd_5v_in
[    0.126838] ldo5: supplied by vdd_5v_in
[    0.131829] ldo6: supplied by vdd_1v8_gen
[    0.132301] avdd_dsi_csi,pwrdet_mipi: Bringing 1000000uV into 1200000-1200000uV
[    0.134540] ldo7: supplied by vdd_1v8_gen
[    0.141847] ldo8: supplied by vdd_1v8_gen
[    0.146883] pps_core: LinuxPPS API ver. 1 registered
[    0.146889] pps_core: Software ver. 5.3.6 - Copyright 2005-2007 Rodolfo Giometti <giometti@linux.it>
[    0.146902] PTP clock support registered
[    0.147036] EDAC MC: Ver: 3.0.0
[    0.148550] clocksource: Switched to clocksource timer_us
[    0.154392] NET: Registered protocol family 2
[    0.154794] TCP established hash table entries: 8192 (order: 3, 32768 bytes)
[    0.154847] TCP bind hash table entries: 8192 (order: 4, 65536 bytes)
[    0.154929] TCP: Hash tables configured (established 8192 bind 8192)
[    0.155015] UDP hash table entries: 512 (order: 2, 16384 bytes)
[    0.155073] UDP-Lite hash table entries: 512 (order: 2, 16384 bytes)
[    0.155245] NET: Registered protocol family 1
[    0.155476] RPC: Registered named UNIX socket transport module.
[    0.155482] RPC: Registered udp transport module.
[    0.155487] RPC: Registered tcp transport module.
[    0.155490] RPC: Registered tcp NFSv4.1 backchannel transport module.
[    0.155500] PCI: CLS 0 bytes, default 64
[    0.156258] hw perfevents: enabled with armv7_cortex_a9 PMU driver, 7 counters available
[    0.157156] futex hash table entries: 1024 (order: 4, 65536 bytes)
[    0.157698] workingset: timestamp_bits=28 max_order=19 bucket_order=0
[    0.163030] squashfs: version 4.0 (2009/01/31) Phillip Lougher
[    0.163498] NFS: Registering the id_resolver key type
[    0.163569] Key type id_resolver registered
[    0.163575] Key type id_legacy registered
[    0.163607] ntfs: driver 2.1.32 [Flags: R/O].
[    0.164466] bounce: pool size: 64 pages
[    0.164594] Block layer SCSI generic (bsg) driver version 0.4 loaded (major 248)
[    0.164602] io scheduler noop registered
[    0.164607] io scheduler deadline registered
[    0.164626] io scheduler cfq registered (default)
[    0.170445] tegra30-pinctrl 70000868.pinmux: invalid group "sdmmc3_dat6_pd3" for function "rsvd1"
[    0.170461] tegra30-pinctrl 70000868.pinmux: invalid group "sdmmc3_dat7_pd4" for function "rsvd1"
[    0.170476] tegra30-pinctrl 70000868.pinmux: invalid group "vi_vsync_pd6" for function "rsvd1"
[    0.170485] tegra30-pinctrl 70000868.pinmux: invalid group "vi_hsync_pd7" for function "rsvd1"
[    0.170934] tegra30-pinctrl 70000868.pinmux: invalid group "hdmi_int_pn7" for function "rsvd1"
[    0.170979] tegra30-pinctrl 70000868.pinmux: invalid group "ulpi_data3_po4" for function "rsvd1"
[    0.171304] tegra30-pinctrl 70000868.pinmux: invalid group "vi_d10_pt2" for function "rsvd1"
[    0.171317] tegra30-pinctrl 70000868.pinmux: invalid group "vi_d11_pt3" for function "rsvd1"
[    0.171329] tegra30-pinctrl 70000868.pinmux: invalid group "vi_d0_pt4" for function "rsvd1"
[    0.171378] tegra30-pinctrl 70000868.pinmux: invalid group "pu0" for function "rsvd1"
[    0.171408] tegra30-pinctrl 70000868.pinmux: invalid group "pu3" for function "rsvd1"
[    0.171439] tegra30-pinctrl 70000868.pinmux: invalid group "pu6" for function "rsvd1"
[    0.171479] tegra30-pinctrl 70000868.pinmux: invalid group "pv3" for function "rsvd1"
[    0.171958] tegra30-pinctrl 70000868.pinmux: invalid group "pbb0" for function "rsvd1"
[    0.172069] tegra30-pinctrl 70000868.pinmux: invalid group "pcc1" for function "rsvd1"
[    0.177175] tegra-pcie 3000.pcie-controller: 2x3 configuration
[    0.177323] tegra-pcie 3000.pcie-controller: Failed to get supply 'hvdd-pex': -517
[    0.181114] tegra-apbdma 6000a000.dma: Tegra20 APB DMA driver register 32 channels
[    0.182257] tegra-pmc 7000e400.pmc: i2c-thermtrip node not found, emergency thermal reset disabled.
[    0.215057] Serial: 8250/16550 driver, 4 ports, IRQ sharing disabled
[    0.217155] console [ttyS0] disabled
[    0.217194] 70006000.serial: ttyS0 at MMIO 0x70006000 (irq = 331, base_baud = 25500000) is a Tegra
[    1.198366] console [ttyS0] enabled
[    1.202367] SuperH (H)SCI(F) driver initialized
[    1.207497] msm_serial: driver initialized
[    1.211708] STMicroelectronics ASC driver initialized
[    1.218998] [drm] Initialized drm 1.1.0 20060810
[    1.225567] tegra-hdmi 54280000.hdmi: failed to get HDMI regulator
[    1.239734] brd: module loaded
[    1.246632] loop: module loaded
[    1.254761] m25p80 spi32766.1: w25q32 (4096 Kbytes)
[    1.261661] libphy: Fixed MDIO Bus: probed
[    1.266169] CAN device driver interface
[    1.271119] igb: Intel(R) Gigabit Ethernet Network Driver - version 5.3.0-k
[    1.278076] igb: Copyright (c) 2007-2014 Intel Corporation.
[    1.285418] pegasus: v0.9.3 (2013/04/25), Pegasus/Pegasus II USB Ethernet driver
[    1.292860] usbcore: registered new interface driver pegasus
[    1.298554] usbcore: registered new interface driver asix
[    1.303969] usbcore: registered new interface driver ax88179_178a
[    1.310078] usbcore: registered new interface driver cdc_ether
[    1.315937] usbcore: registered new interface driver smsc75xx
[    1.321716] usbcore: registered new interface driver smsc95xx
[    1.327480] usbcore: registered new interface driver net1080
[    1.333155] usbcore: registered new interface driver cdc_subset
[    1.339090] usbcore: registered new interface driver zaurus
[    1.344705] usbcore: registered new interface driver cdc_ncm
[    1.351817] ehci_hcd: USB 2.0 'Enhanced' Host Controller (EHCI) Driver
[    1.358348] ehci-pci: EHCI PCI platform driver
[    1.362812] ehci-platform: EHCI generic platform driver
[    1.368162] ehci-omap: OMAP-EHCI Host Controller driver
[    1.373459] ehci-orion: EHCI orion driver
[    1.377540] SPEAr-ehci: EHCI SPEAr driver
[    1.381624] ehci-st: EHCI STMicroelectronics driver
[    1.386573] ehci-exynos: EHCI EXYNOS driver
[    1.390842] ehci-atmel: EHCI Atmel driver
[    1.394923] tegra-ehci: Tegra EHCI driver
[    1.399262] ohci_hcd: USB 1.1 'Open' Host Controller (OHCI) Driver
[    1.405450] ohci-pci: OHCI PCI platform driver
[    1.409918] ohci-platform: OHCI generic platform driver
[    1.415241] ohci-omap3: OHCI OMAP3 driver
[    1.419324] SPEAr-ohci: OHCI SPEAr driver
[    1.423396] ohci-st: OHCI STMicroelectronics driver
[    1.428353] ohci-atmel: OHCI Atmel driver
[    1.432794] usbcore: registered new interface driver usb-storage
[    1.439773] mousedev: PS/2 mouse device common for all mice
[    1.447203] tegra_rtc 7000e000.rtc: rtc core: registered 7000e000.rtc as rtc1
[    1.454378] tegra_rtc 7000e000.rtc: Tegra internal Real Time Clock
[    1.473076] tps65910-rtc tps65910-rtc: rtc core: registered tps65910-rtc as rtc0
[    1.480658] i2c /dev entries driver
[    1.491535] sdhci: Secure Digital Host Controller Interface driver
[    1.497721] sdhci: Copyright(c) Pierre Ossman
[    1.502986] Synopsys Designware Multimedia Card Interface Driver
[    1.509625] sdhci-pltfm: SDHCI platform and OF driver helper
[    1.515831] sdhci-tegra 78000000.sdhci: Got CD GPIO
[    1.520722] sdhci-tegra 78000000.sdhci: Got WP GPIO
[    1.526820] mmc0: Invalid maximum block size, assuming 512 bytes
[    1.568637] mmc0: SDHCI controller on 78000000.sdhci [78000000.sdhci] using ADMA
[    1.577269] mmc1: Invalid maximum block size, assuming 512 bytes
[    1.618557] mmc1: SDHCI controller on 78000600.sdhci [78000600.sdhci] using ADMA
[    1.627077] ledtrig-cpu: registered to indicate activity on CPUs
[    1.633293] usbcore: registered new interface driver usbhid
[    1.638863] usbhid: USB HID core driver
[    1.645918] NET: Registered protocol family 10
[    1.650880] sit: IPv6 over IPv4 tunneling driver
[    1.655938] NET: Registered protocol family 17
[    1.660395] can: controller area network core (rev 20120528 abi 9)
[    1.666612] NET: Registered protocol family 29
[    1.671054] can: raw protocol (rev 20120528)
[    1.675319] can: broadcast manager protocol (rev 20120528 t)
[    1.680979] can: netlink gateway (rev 20130117) max_hops=1
[    1.686756] Key type dns_resolver registered
[    1.691425] ThumbEE CPU extension supported.
[    1.695702] Registering SWP/SWPB emulation handler
[    1.708576] vdd_ddr: supplied by vdd_5v_in
[    1.717613] vdd_5v_sata: supplied by vdd_5v_in
[    1.724412] usb1_vbus: supplied by vdd_5v_in
[    1.729003] usb3_vbus: supplied by vdd_5v_in
[    1.738593] sys_3v3,vdd_3v3_alw: supplied by vdd_5v_in
[    1.746342] +VDD_5V_HDMI: supplied by sys_3v3,vdd_3v3_alw
[    1.753993] sys_3v3_pexs: supplied by sys_3v3,vdd_3v3_alw
[    1.760076] tegra-pcie 3000.pcie-controller: 2x3 configuration
[    1.771744] tegra-pcie 3000.pcie-controller: probing port 0, using 2 lanes
[    1.812480] mmc0: error -110 whilst initialising SD card
[    1.837296] tegra-pcie 3000.pcie-controller: probing port 2, using 2 lanes
[    1.853558] mmc1: new high speed MMC card at address 0001
[    1.870295] mmcblk1: mmc1:0001 SEM16G 14.8 GiB 
[    1.876903] mmcblk1boot0: mmc1:0001 SEM16G partition 1 1.00 MiB
[    1.894884] mmcblk1boot1: mmc1:0001 SEM16G partition 2 1.00 MiB
[    1.902862] mmcblk1rpmb: mmc1:0001 SEM16G partition 3 128 KiB
[    1.926060] Primary GPT is invalid, using alternate GPT.
[    1.931378]  mmcblk1: p1 p2 p3 p4 p5
[    2.248029] tegra-pcie 3000.pcie-controller: link 2 down, retrying
[    2.657931] tegra-pcie 3000.pcie-controller: link 2 down, retrying
[    3.077941] tegra-pcie 3000.pcie-controller: link 2 down, retrying
[    3.086130] tegra-pcie 3000.pcie-controller: link 2 down, ignoring
[    3.092437] tegra-pcie 3000.pcie-controller: PCI host bridge to bus 0000:00
[    3.099397] pci_bus 0000:00: root bus resource [io  0x0000-0xffff]
[    3.105568] pci_bus 0000:00: root bus resource [mem 0x20000000-0x27ffffff]
[    3.112432] pci_bus 0000:00: root bus resource [mem 0x28000000-0x3fffffff pref]
[    3.119729] pci_bus 0000:00: root bus resource [bus 00-ff]
[    3.125229] pci 0000:00:01.0: [10de:0e1c] type 01 class 0x060400
[    3.131293] pci 0000:00:01.0: PME# supported from D0 D1 D2 D3hot D3cold
[    3.138052] PCI: bus0: Fast back to back transfers disabled
[    3.143622] pci 0000:00:01.0: bridge configuration invalid ([bus 00-00]), reconfiguring
[    3.151712] pci 0000:01:00.0: [10ec:8168] type 00 class 0x020000
[    3.157726] pci 0000:01:00.0: reg 0x10: [io  0x0000-0x00ff]
[    3.163305] pci 0000:01:00.0: reg 0x18: [mem 0x00000000-0x00000fff 64bit pref]
[    3.170523] pci 0000:01:00.0: reg 0x20: [mem 0x00000000-0x00003fff 64bit pref]
[    3.177810] pci 0000:01:00.0: supports D1 D2
[    3.182073] pci 0000:01:00.0: PME# supported from D0 D1 D2 D3hot D3cold
[    3.198574] PCI: bus1: Fast back to back transfers disabled
[    3.204144] pci_bus 0000:01: busn_res: [bus 01-ff] end is updated to 01
[    3.210812] pci 0000:00:01.0: BAR 9: assigned [mem 0x28000000-0x280fffff 64bit pref]
[    3.218546] pci 0000:00:01.0: BAR 7: assigned [io  0x1000-0x1fff]
[    3.224634] pci 0000:01:00.0: BAR 4: assigned [mem 0x28000000-0x28003fff 64bit pref]
[    3.232375] pci 0000:01:00.0: BAR 2: assigned [mem 0x28004000-0x28004fff 64bit pref]
[    3.240113] pci 0000:01:00.0: BAR 0: assigned [io  0x1000-0x10ff]
[    3.246200] pci 0000:00:01.0: PCI bridge to [bus 01]
[    3.251157] pci 0000:00:01.0:   bridge window [io  0x1000-0x1fff]
[    3.257241] pci 0000:00:01.0:   bridge window [mem 0x28000000-0x280fffff 64bit pref]
[    3.264988] pci 0000:00:01.0: nv_msi_ht_cap_quirk didn't locate host bridge
[    3.272041] pcieport 0000:00:01.0: enabling device (0140 -> 0143)
[    3.278270] pcieport 0000:00:01.0: Signaling PME through PCIe PME interrupt
[    3.285225] pci 0000:01:00.0: Signaling PME through PCIe PME interrupt
[    3.291742] pcie_pme 0000:00:01.0:pcie001: service driver pcie_pme loaded
[    3.298707] r8169 Gigabit Ethernet driver 2.3LK-NAPI loaded
[    3.304292] r8169 0000:01:00.0: enabling device (0140 -> 0143)
[    3.311046] r8169 0000:01:00.0 eth0: RTL8168evl/8111evl at 0xf09f2000, 02:04:4b:01:60:a6, XID 0c900800 IRQ 375
[    3.321042] r8169 0000:01:00.0 eth0: jumbo features [frames: 9200 bytes, tx checksumming: ko]
[    3.332792] [drm] Supports vblank timestamp caching Rev 2 (21.10.2013).
[    3.339411] [drm] No driver support for vblank timestamp query.
[    3.345349] drm drm: No connectors reported connected with modes
[    3.351354] [drm] Cannot find any crtc or sizes - going 1024x768
[    3.388122] Console: switching to colour frame buffer device 128x48
[    3.400876] drm drm: fb0:  frame buffer device
[    3.508943] [drm] Initialized tegra 0.0.0 20120330 on minor 0
[    3.519954] utmi_phy_clk_enable: timeout waiting for phy to stabilize
[    3.526420] tegra-ehci 7d004000.usb: EHCI Host Controller
[    3.531834] tegra-ehci 7d004000.usb: new USB bus registered, assigned bus number 1
[    3.540126] tegra-ehci 7d004000.usb: irq 343, io mem 0x7d004000
[    3.553942] tegra-ehci 7d004000.usb: USB 2.0 started, EHCI 1.00
[    3.560390] hub 1-0:1.0: USB hub found
[    3.564173] hub 1-0:1.0: 1 port detected
[    3.569197] tegra-ehci 7d008000.usb: EHCI Host Controller
[    3.574608] tegra-ehci 7d008000.usb: new USB bus registered, assigned bus number 2
[    3.582399] tegra-ehci 7d008000.usb: irq 344, io mem 0x7d008000
[    3.593936] tegra-ehci 7d008000.usb: USB 2.0 started, EHCI 1.00
[    3.600317] hub 2-0:1.0: USB hub found
[    3.604084] hub 2-0:1.0: 1 port detected
[    3.612866] tps65910-rtc tps65910-rtc: setting system clock to 2000-01-01 00:00:02 UTC (946684802)
[    3.626531] vdd_sata,avdd_plle: disabling
[    3.630925] usb1_vbus: disabling
[    3.636429] EXT4-fs (mmcblk1p1): mounting ext3 file system using the ext4 subsystem
[    3.696434] EXT4-fs (mmcblk1p1): warning: mounting fs with errors, running e2fsck is recommended
[    3.706750] EXT4-fs (mmcblk1p1): recovery complete
[    3.712743] EXT4-fs (mmcblk1p1): mounted filesystem with ordered data mode. Opts: (null)
[    3.720860] VFS: Mounted root (ext3 filesystem) on device 179:1.
[    3.732672] devtmpfs: mounted
[    3.738985] Freeing unused kernel memory: 2048K (c1100000 - c1300000)
bash: cannot set terminal process group (-1): Inappropriate ioctl for device
bash: no job control in this shell
[    3.913572] usb 2-1: new high-speed USB device number 2 using tegra-ehci
root@(none):/# 