

U-Boot 2015.04-00466-gedec83e90172 (Mar 14 2016 - 10:42:01)

TEGRA124
Model: Acer Chromebook 13 CB5-311
DRAM:  4 GiB
:   Tegra SD/MMC: 0, Tegra SD/MMC: 1, Tegra SD/MMC: 2
MMC init failed
Using default environment

In:    serial
Out:   serial
Err:   serial
Net:   Net Initialization Skipped
No ethernet found.
Hit any key to stop autoboot:  2  0 
Tegra124 (Nyan-big) # 
Tegra124 (Nyan-big) # usb start
starting USB...
USB0:   USB EHCI 1.10
scanning bus 0 for devices... 2 USB Device(s) found
USB1:   USB EHCI 1.10
scanning bus 1 for devices... 2 USB Device(s) found
       scanning usb for storage devices... 1 Storage Device(s) found
       scanning usb for ethernet devices... 
Warning: asx0 using MAC address from net device
1 Ethernet Device(s) found
Tegra124 (Nyan-big) # mw 0x7000e4a0 0x00080000
Tegra124 (Nyan-big) # setenv bootargs 'ignore_loglevel console=ttyS0,115200n8 rw root=PARTUUID=4d36e82a-b3c0-4b4b-bfcd-afe5217ac023 rootwait gpt debug noinitrd earlyprintk init=/bin/bash'
Tegra124 (Nyan-big) # setenv ipaddr 192.168.100.102; setenv serverip 192.168.100.1; setenv tftpserverip 192.168.100.1
Tegra124 (Nyan-big) # tftpboot 0x82000000 zImage.multi_v7_defconfig
Using asx0 device
TFTP from server 192.168.100.1; our IP address is 192.168.100.102
Filename 'zImage.multi_v7_defconfig'.
Load address: 0x82000000
Loading: *#################################################################
	 #################################################################
	 #################################################################
	 #################################################################
	 #################################################################
	 #################################################################
	 #################################################################
	 ##################################################
	 3.6 MiB/s
done
Bytes transferred = 7412512 (711b20 hex)
Tegra124 (Nyan-big) # tftpboot 0x83000000 tegra124-nyan-big.dtb
Using asx0 device
TFTP from server 192.168.100.1; our IP address is 192.168.100.102
Filename 'tegra124-nyan-big.dtb'.
Load address: 0x83000000
Loading: *#####
	 3.4 MiB/s
done
Bytes transferred = 67943 (10967 hex)
Tegra124 (Nyan-big) # bootz 0x82000000 - 0x83000000
Kernel image @ 0x82000000 [ 0x000000 - 0x711b20 ]
## Flattened Device Tree blob at 83000000
   Booting using the fdt blob at 0x83000000
   Using Device Tree in place at 83000000, end 83013966

Starting kernel ...

[    0.000000] Booting Linux on physical CPU 0x0
[    0.000000] Linux version 4.10.0-rc6-142786-g566cf87 (pwalmsley@sellafield) (gcc version 4.7.3 20130328 (prerelease) (crosstool-NG linaro-1.13.1-4.7-2013.04-20130415 - Linaro GCC 2013.04) ) #1 SMP Sun Jan 29 15:05:05 PST 2017
[    0.000000] CPU: ARMv7 Processor [413fc0f3] revision 3 (ARMv7), cr=10c5387d
[    0.000000] CPU: div instructions available: patching division code
[    0.000000] CPU: PIPT / VIPT nonaliasing data cache, PIPT instruction cache
[    0.000000] OF: fdt:Machine model: Acer Chromebook 13 CB5-311
[    0.000000] OF: fdt:Ignoring memory range 0x100000000 - 0x17ffff000
[    0.000000] debug: ignoring loglevel setting.
[    0.000000] efi: Getting EFI parameters from FDT:
[    0.000000] efi: UEFI not found.
[    0.000000] cma: Reserved 64 MiB at 0xfb800000
[    0.000000] Memory policy: Data cache writealloc
[    0.000000] On node 0 totalpages: 524287
[    0.000000] free_area_init_node: node 0, pgdat c142b5c0, node_mem_map eeff8000
[    0.000000]   DMA zone: 1536 pages used for memmap
[    0.000000]   DMA zone: 0 pages reserved
[    0.000000]   DMA zone: 196608 pages, LIFO batch:31
[    0.000000]   HighMem zone: 327679 pages, LIFO batch:31
[    0.000000] percpu: Embedded 14 pages/cpu @eef8d000 s26176 r8192 d22976 u57344
[    0.000000] pcpu-alloc: s26176 r8192 d22976 u57344 alloc=14*4096
[    0.000000] pcpu-alloc: [0] 0 [0] 1 [0] 2 [0] 3 
[    0.000000] Built 1 zonelists in Zone order, mobility grouping on.  Total pages: 522751
[    0.000000] Kernel command line: ignore_loglevel console=ttyS0,115200n8 rw root=PARTUUID=4d36e82a-b3c0-4b4b-bfcd-afe5217ac023 rootwait gpt debug noinitrd earlyprintk init=/bin/bash
[    0.000000] PID hash table entries: 4096 (order: 2, 16384 bytes)
[    0.000000] Dentry cache hash table entries: 131072 (order: 7, 524288 bytes)
[    0.000000] Inode-cache hash table entries: 65536 (order: 6, 262144 bytes)
[    0.000000] Memory: 1995772K/2097148K available (9216K kernel code, 1204K rwdata, 4148K rodata, 2048K init, 536K bss, 35840K reserved, 65536K cma-reserved, 1245180K highmem)
[    0.000000] Virtual kernel memory layout:
[    0.000000]     vector  : 0xffff0000 - 0xffff1000   (   4 kB)
[    0.000000]     fixmap  : 0xffc00000 - 0xfff00000   (3072 kB)
[    0.000000]     vmalloc : 0xf0800000 - 0xff800000   ( 240 MB)
[    0.000000]     lowmem  : 0xc0000000 - 0xf0000000   ( 768 MB)
[    0.000000]     pkmap   : 0xbfe00000 - 0xc0000000   (   2 MB)
[    0.000000]     modules : 0xbf000000 - 0xbfe00000   (  14 MB)
[    0.000000]       .text : 0xc0208000 - 0xc0c00000   (10208 kB)
[    0.000000]       .init : 0xc1100000 - 0xc1300000   (2048 kB)
[    0.000000]       .data : 0xc1300000 - 0xc142d0c0   (1205 kB)
[    0.000000]        .bss : 0xc142f000 - 0xc14b51d0   ( 537 kB)
[    0.000000] SLUB: HWalign=64, Order=0-3, MinObjects=0, CPUs=4, Nodes=1
[    0.000000] Hierarchical RCU implementation.
[    0.000000] 	Build-time adjustment of leaf fanout to 32.
[    0.000000] 	RCU restricting CPUs from NR_CPUS=16 to nr_cpu_ids=4.
[    0.000000] RCU: Adjusting geometry for rcu_fanout_leaf=32, nr_cpu_ids=4
[    0.000000] NR_IRQS:16 nr_irqs:16 16
[    0.000000] /interrupt-controller@60004000: 160 interrupts forwarded to /interrupt-controller@50041000
[    0.000000] Tegra clk 127: register failed with -17
[    0.000003] sched_clock: 32 bits at 1000kHz, resolution 1000ns, wraps every 2147483647500ns
[    0.000011] clocksource: timer_us: mask: 0xffffffff max_cycles: 0xffffffff, max_idle_ns: 1911260446275 ns
[    0.000016] Switching to timer-based delay loop, resolution 1000ns
[    0.001685] arm_arch_timer: Architected cp15 timer(s) running at 12.00MHz (virt).
[    0.001691] clocksource: arch_sys_counter: mask: 0xffffffffffffff max_cycles: 0x2c47f4ee7, max_idle_ns: 440795202497 ns
[    0.001697] sched_clock: 56 bits at 12MHz, resolution 83ns, wraps every 4398046511096ns
[    0.001701] Switching to timer-based delay loop, resolution 83ns
[    0.001899] Console: colour dummy device 80x30
[    0.001915] Calibrating delay loop (skipped), value calculated using timer frequency.. 24.00 BogoMIPS (lpj=120000)
[    0.001921] pid_max: default: 32768 minimum: 301
[    0.001962] Mount-cache hash table entries: 2048 (order: 1, 8192 bytes)
[    0.001966] Mountpoint-cache hash table entries: 2048 (order: 1, 8192 bytes)
[    0.002204] CPU: Testing write buffer coherency: ok
[    0.002328] /cpus/cpu@0 missing clock-frequency property
[    0.002342] /cpus/cpu@1 missing clock-frequency property
[    0.002357] /cpus/cpu@2 missing clock-frequency property
[    0.002371] /cpus/cpu@3 missing clock-frequency property
[    0.002376] CPU0: thread -1, cpu 0, socket 0, mpidr 80000000
[    0.002473] Setting up static identity map for 0x80300000 - 0x80300098
[    0.003725] Tegra Revision: A01 SKU: 131 CPU Process: 1 SoC Process: 1
[    0.003944] EFI services will not be available.
[    0.004036] smp: Bringing up secondary CPUs ...
[    0.004337] CPU1: thread -1, cpu 1, socket 0, mpidr 80000001
[    0.011862] CPU2: thread -1, cpu 2, socket 0, mpidr 80000002
[    0.021858] CPU3: thread -1, cpu 3, socket 0, mpidr 80000003
[    0.031581] smp: Brought up 1 node, 4 CPUs
[    0.031588] SMP: Total of 4 processors activated (96.00 BogoMIPS).
[    0.031591] CPU: All CPU(s) started in SVC mode.
[    0.032131] devtmpfs: initialized
[    0.039124] VFP support v0.3: implementor 41 architecture 4 part 30 variant f rev 0
[    0.039327] clocksource: jiffies: mask: 0xffffffff max_cycles: 0xffffffff, max_idle_ns: 19112604462750000 ns
[    0.039851] pinctrl core: initialized pinctrl subsystem
[    0.040574] NET: Registered protocol family 16
[    0.041246] DMA: preallocated 256 KiB pool for atomic coherent allocations
[    0.071608] cpuidle: using governor menu
[    0.081821] No ATAGs?
[    0.081883] hw-breakpoint: found 5 (+1 reserved) breakpoint and 4 watchpoint registers.
[    0.081888] hw-breakpoint: maximum watchpoint size is 8 bytes.
[    0.084517] Serial: AMBA PL011 UART driver
[    0.084859] tegra-mc 70019000.memory-controller: no memory timings for RAM code 0 registered
[    0.113470] +5V_SYS: supplied by +VDD_MUX
[    0.113571] +3.3V_SYS: supplied by +VDD_MUX
[    0.113793] +VDD_LED: Failed to request enable GPIO122: -517
[    0.113798] reg-fixed-voltage regulators:regulator@5: Failed to register regulator: -517
[    0.113828] +5V_VDD_TS_SW: Failed to request enable GPIO81: -517
[    0.113832] reg-fixed-voltage regulators:regulator@6: Failed to register regulator: -517
[    0.113861] +5V_USB_HS: Failed to request enable GPIO108: -517
[    0.113865] reg-fixed-voltage regulators:regulator@7: Failed to register regulator: -517
[    0.113893] +5V_USB_SS: Failed to request enable GPIO109: -517
[    0.113897] reg-fixed-voltage regulators:regulator@8: Failed to register regulator: -517
[    0.113975] +1.05V_RUN_AVDD_HDMI_PLL: Failed to request enable GPIO63: -517
[    0.113979] reg-fixed-voltage regulators:regulator@11: Failed to register regulator: -517
[    0.114007] +5V_HDMI_CON: Failed to request enable GPIO86: -517
[    0.114011] reg-fixed-voltage regulators:regulator@12: Failed to register regulator: -517
[    0.115111] vgaarb: loaded
[    0.115408] SCSI subsystem initialized
[    0.115475] libata version 3.00 loaded.
[    0.115568] usbcore: registered new interface driver usbfs
[    0.115589] usbcore: registered new interface driver hub
[    0.115614] usbcore: registered new device driver usb
[    0.116961] pps_core: LinuxPPS API ver. 1 registered
[    0.116964] pps_core: Software ver. 5.3.6 - Copyright 2005-2007 Rodolfo Giometti <giometti@linux.it>
[    0.116972] PTP clock support registered
[    0.117039] EDAC MC: Ver: 3.0.0
[    0.117480] tegra-emc 7001b000.emc: no memory timings for RAM code 0 found in DT
[    0.117490] tegra-emc: probe of 7001b000.emc failed with error -2
[    0.117980] clocksource: Switched to clocksource arch_sys_counter
[    0.121566] NET: Registered protocol family 2
[    0.121782] TCP established hash table entries: 8192 (order: 3, 32768 bytes)
[    0.121815] TCP bind hash table entries: 8192 (order: 4, 65536 bytes)
[    0.121877] TCP: Hash tables configured (established 8192 bind 8192)
[    0.121906] UDP hash table entries: 512 (order: 2, 16384 bytes)
[    0.121921] UDP-Lite hash table entries: 512 (order: 2, 16384 bytes)
[    0.121982] NET: Registered protocol family 1
[    0.122122] RPC: Registered named UNIX socket transport module.
[    0.122124] RPC: Registered udp transport module.
[    0.122127] RPC: Registered tcp transport module.
[    0.122129] RPC: Registered tcp NFSv4.1 backchannel transport module.
[    0.122133] PCI: CLS 0 bytes, default 64
[    0.122573] hw perfevents: enabled with armv7_cortex_a15 PMU driver, 7 counters available
[    0.123102] futex hash table entries: 1024 (order: 4, 65536 bytes)
[    0.123380] workingset: timestamp_bits=30 max_order=19 bucket_order=0
[    0.127120] squashfs: version 4.0 (2009/01/31) Phillip Lougher
[    0.127410] NFS: Registering the id_resolver key type
[    0.127422] Key type id_resolver registered
[    0.127424] Key type id_legacy registered
[    0.127441] ntfs: driver 2.1.32 [Flags: R/O].
[    0.128061] bounce: pool size: 64 pages
[    0.128131] Block layer SCSI generic (bsg) driver version 0.4 loaded (major 248)
[    0.128136] io scheduler noop registered
[    0.128138] io scheduler deadline registered
[    0.128197] io scheduler cfq registered (default)
[    0.129930] tegra-xusb-padctl 7009f000.padctl: failed to setup XUSB ports: -517
[    0.139961] tegra-apbdma 60020000.dma: Tegra20 APB DMA driver register 32 channels
[    0.140667] tegra-pmc 7000e400.pmc: i2c-thermtrip node not found, emergency thermal reset disabled.
[    0.161777] Serial: 8250/16550 driver, 4 ports, IRQ sharing disabled
[    0.162968] console [ttyS0] disabled
[    0.162984] 70006000.serial: ttyS0 at MMIO 0x70006000 (irq = 333, base_baud = 25500000) is a Tegra
[    1.036774] console [ttyS0] enabled
[    1.040563] SuperH (H)SCI(F) driver initialized
[    1.045427] msm_serial: driver initialized
[    1.049586] STMicroelectronics ASC driver initialized
[    1.056043] [drm] Initialized
[    1.060188] tegra-hdmi 54280000.hdmi: failed to get HDMI regulator
[    1.066720] tegra-dpaux 545c0000.dpaux: failed to get VDD supply: -517
[    1.074004] panel supply power not found, using dummy regulator
[    1.083890] brd: module loaded
[    1.089177] loop: module loaded
[    1.093219] as3722 4-0040: AS3722 with revision 0x1 found
[    1.103296] as3722-sd2: supplied by +5V_SYS
[    1.107705] as3722-sd3: supplied by +5V_SYS
[    1.112040] +1.35V_LP0(sd3): Bringing 0uV into 1350000-1350000uV
[    1.118267] as3722-sd4: supplied by +5V_SYS
[    1.122600] +1.05V_RUN: Bringing 0uV into 1050000-1050000uV
[    1.128351] as3722-sd5: supplied by +5V_SYS
[    1.133931] as3722-ldo0: supplied by +1.35V_LP0(sd2)
[    1.139676] +1.8V_RUN_CAM: Bringing 0uV into 1800000-1800000uV
[    1.145689] as3722-ldo2: supplied by +1.8V_VDDIO
[    1.151309] as3722-ldo3: supplied by +3.3V_SYS
[    1.155757] +1.00V_LP0_VDD_RTC: Bringing 1100000uV into 1000000-1000000uV
[    1.163335] as3722-ldo4: supplied by +3.3V_SYS
[    1.167924] +3.3V_RUN_CAM: Bringing 0uV into 2800000-2800000uV
[    1.173946] as3722-ldo5: supplied by +1.8V_VDDIO
[    1.178716] +1.2V_RUN_CAM_FRONT: Bringing 0uV into 1200000-1200000uV
[    1.185401] +VDDIO_SDMMC3: Bringing 0uV into 1800000-1800000uV
[    1.191443] as3722-ldo7: supplied by +1.8V_VDDIO
[    1.196205] +1.05V_RUN_CAM_REAR: Bringing 0uV into 1050000-1050000uV
[    1.202763] as3722-ldo9: supplied by +5V_SYS
[    1.207322] +2.8V_RUN_TOUCH: Bringing 0uV into 2800000-2800000uV
[    1.213534] as3722-ldo10: supplied by +5V_SYS
[    1.218039] +2.8V_RUN_CAM_AF: Bringing 0uV into 2800000-2800000uV
[    1.224480] +1.8V_RUN_VPP_FUSE: Bringing 0uV into 1800000-1800000uV
[    1.237030] random: fast init done
[    1.242985] m25p80 spi32765.0: w25q32dw (4096 Kbytes)
[    1.249171] libphy: Fixed MDIO Bus: probed
[    1.253672] CAN device driver interface
[    1.257821] bgmac_bcma: Broadcom 47xx GBit MAC driver loaded
[    1.263957] e1000e: Intel(R) PRO/1000 Network Driver - 3.2.6-k
[    1.269780] e1000e: Copyright(c) 1999 - 2015 Intel Corporation.
[    1.275706] igb: Intel(R) Gigabit Ethernet Network Driver - version 5.4.0-k
[    1.282654] igb: Copyright (c) 2007-2014 Intel Corporation.
[    1.289480] pegasus: v0.9.3 (2013/04/25), Pegasus/Pegasus II USB Ethernet driver
[    1.296880] usbcore: registered new interface driver pegasus
[    1.302550] usbcore: registered new interface driver asix
[    1.307947] usbcore: registered new interface driver ax88179_178a
[    1.314044] usbcore: registered new interface driver cdc_ether
[    1.319886] usbcore: registered new interface driver smsc75xx
[    1.325635] usbcore: registered new interface driver smsc95xx
[    1.331384] usbcore: registered new interface driver net1080
[    1.337040] usbcore: registered new interface driver cdc_subset
[    1.342962] usbcore: registered new interface driver zaurus
[    1.348547] usbcore: registered new interface driver cdc_ncm
[    1.354858] ehci_hcd: USB 2.0 'Enhanced' Host Controller (EHCI) Driver
[    1.361374] ehci-pci: EHCI PCI platform driver
[    1.365822] ehci-platform: EHCI generic platform driver
[    1.371111] ehci-orion: EHCI orion driver
[    1.375156] SPEAr-ehci: EHCI SPEAr driver
[    1.379208] ehci-st: EHCI STMicroelectronics driver
[    1.384121] ehci-exynos: EHCI EXYNOS driver
[    1.388353] ehci-atmel: EHCI Atmel driver
[    1.392398] tegra-ehci: Tegra EHCI driver
[    1.396458] ohci_hcd: USB 1.1 'Open' Host Controller (OHCI) Driver
[    1.402632] ohci-pci: OHCI PCI platform driver
[    1.407077] ohci-platform: OHCI generic platform driver
[    1.412349] ohci-omap3: OHCI OMAP3 driver
[    1.416394] SPEAr-ohci: OHCI SPEAr driver
[    1.420446] ohci-st: OHCI STMicroelectronics driver
[    1.425360] ohci-atmel: OHCI Atmel driver
[    1.429626] usbcore: registered new interface driver usb-storage
[    1.436185] mousedev: PS/2 mouse device common for all mice
[    1.442388] 1-0015 supply vcc not found, using dummy regulator
[    1.449568] as3722-rtc as3722-rtc: rtc core: registered as3722-rtc as rtc0
[    1.456425] as3722-rtc as3722-rtc: RTC interrupt 372
[    1.463352] tegra_rtc 7000e000.rtc: rtc core: registered 7000e000.rtc as rtc1
[    1.470491] tegra_rtc 7000e000.rtc: Tegra internal Real Time Clock
[    1.476848] i2c /dev entries driver
[    1.482793] 0-004c supply vcc not found, using dummy regulator
[    1.492876] sdhci: Secure Digital Host Controller Interface driver
[    1.499055] sdhci: Copyright(c) Pierre Ossman
[    1.503957] Synopsys Designware Multimedia Card Interface Driver
[    1.510358] sdhci-pltfm: SDHCI platform and OF driver helper
[    1.516280] sdhci-tegra 700b0000.sdhci: allocated mmc-pwrseq
[    1.522057] sdhci-tegra 700b0400.sdhci: Got CD GPIO
[    1.526926] sdhci-tegra 700b0400.sdhci: Got WP GPIO
[    1.531917] mmc0: Unknown controller version (3). You may experience problems.
[    1.539152] mmc0: Invalid maximum block size, assuming 512 bytes
[    1.607984] mmc0: SDHCI controller on 700b0600.sdhci [700b0600.sdhci] using ADMA
[    1.614496] elan_i2c 1-0015: Elan Touchpad: Module ID: 0x002a, Firmware: 0x0005, Sample: 0x0007, IAP: 0x0009
[    1.614704] input: Elan Touchpad as /devices/soc0/7000c400.i2c/i2c-1/1-0015/input/input0
[    1.633948] ledtrig-cpu: registered to indicate activity on CPUs
[    1.640068] usbcore: registered new interface driver usbhid
[    1.645624] usbhid: USB HID core driver
[    1.650850] NET: Registered protocol family 10
[    1.655622] Segment Routing with IPv6
[    1.659302] sit: IPv6, IPv4 and MPLS over IPv4 tunneling driver
[    1.665444] NET: Registered protocol family 17
[    1.669885] can: controller area network core (rev 20120528 abi 9)
[    1.676071] NET: Registered protocol family 29
[    1.680509] can: raw protocol (rev 20120528)
[    1.684765] can: broadcast manager protocol (rev 20161123 t)
[    1.690416] can: netlink gateway (rev 20130117) max_hops=1
[    1.696026] Key type dns_resolver registered
[    1.700520] ThumbEE CPU extension supported.
[    1.704779] Registering SWP/SWPB emulation handler
[    1.717123] +3.3V_RUN: supplied by +3.3V_SYS
[    1.722054] +3.3V_AVDD_HDMI_AP_GATED: supplied by +3.3V_RUN
[    1.727721] +1.8V_RUN_CAM: supplied by +3.3V_RUN
[    1.732456] +VDDIO_SDMMC3: supplied by +3.3V_RUN
[    1.737092] +1.8V_RUN_VPP_FUSE: supplied by +3.3V_RUN
[    1.742356] +VDD_LED: supplied by +VDD_MUX
[    1.746647] +5V_VDD_TS_SW: supplied by +5V_SYS
[    1.751572] +5V_USB_HS: supplied by +5V_SYS
[    1.756101] +5V_USB_SS: supplied by +5V_SYS
[    1.761264] +3.3V_PANEL: supplied by +3.3V_RUN
[    1.766715] +3.3V_LP0: supplied by +3.3V_SYS
[    1.770516] mmc0: new high speed MMC card at address 0001
[    1.771141] mmcblk0: mmc0:0001 MMC16G 14.4 GiB 
[    1.771613] mmcblk0boot0: mmc0:0001 MMC16G partition 1 2.00 MiB
[    1.771833] mmcblk0boot1: mmc0:0001 MMC16G partition 2 2.00 MiB
[    1.772459] mmcblk0rpmb: mmc0:0001 MMC16G partition 3 128 KiB
[    1.782902]  mmcblk0: p1 p2 p3 p4 p5 p6 p7 p8 p9 p10 p11 p12
[    1.805006] +1.05V_RUN_AVDD_HDMI_PLL: supplied by +1.05V_RUN
[    1.805220] elan_i2c 1-0015: failed to read report data: -121
[    1.805622] elan_i2c 1-0015: failed to read report data: -121
[    1.822505] +5V_HDMI_CON: supplied by +5V_SYS
[    1.827551] usb3-0 supply vbus not found, using dummy regulator
[    1.833573] usb3-1 supply vbus not found, using dummy regulator
[    1.843135] tegra-sor 54540000.sor: failed to probe output: -517
[    1.849923] panel supply power not found, using dummy regulator
[    1.856555] sdhci-tegra 700b0000.sdhci: allocated mmc-pwrseq
[    1.862371] mmc1: Unknown controller version (3). You may experience problems.
[    1.869696] mmc1: Invalid maximum block size, assuming 512 bytes
[    1.876005] mmc1: Switching to 3.3V signalling voltage failed
[    1.938067] mmc1: SDHCI controller on 700b0000.sdhci [700b0000.sdhci] using ADMA
[    1.946212] sdhci-tegra 700b0400.sdhci: Got CD GPIO
[    1.951092] sdhci-tegra 700b0400.sdhci: Got WP GPIO
[    1.956053] mmc2: Unknown controller version (3). You may experience problems.
[    1.963325] mmc2: Invalid maximum block size, assuming 512 bytes
[    1.963700] elan_i2c 1-0015: invalid report id data (ff)
[    2.017094] mmc1: new high speed SDIO card at address 0001
[    2.038098] mmc2: SDHCI controller on 700b0400.sdhci [700b0400.sdhci] using ADMA
[    2.142730] [drm] Supports vblank timestamp caching Rev 2 (21.10.2013).
[    2.149356] [drm] No driver support for vblank timestamp query.
[    2.190619] mmc2: new high speed SDHC card at address 0007
[    2.191182] mmcblk2: mmc2:0007 SD08G 7.42 GiB 
[    2.201102] GPT:Primary header alternate_lba != Alt. header my_lba
[    2.201106] GPT:3014591 != 15564799
[    2.201108] GPT:Primary header thinks Alt. header is not at the end of the disk.
[    2.201109] GPT:3014591 != 15564799
[    2.201110] GPT: Use GNU Parted to correct GPT errors.
[    2.201139]  mmcblk2: p1 p2 p3 p4 p5 p6 p7 p8 p9 p10 p11 p12
[    2.211425] Console: switching to colour frame buffer device 170x48
[    2.262630] drm drm: fb0:  frame buffer device
[    2.298082] [drm] Initialized tegra 0.0.0 20120330 on minor 0
[    2.304935] input: gpio-keys as /devices/soc0/gpio-keys/input/input1
[    2.312628] as3722-rtc as3722-rtc: setting system clock to 2000-01-01 00:00:23 UTC (946684823)
[    2.321764] +1.8V_RUN_CAM: disabling
[    2.325486] +3.3V_RUN_CAM: disabling
[    2.329330] +1.2V_RUN_CAM_FRONT: disabling
[    2.333623] +1.05V_RUN_CAM_REAR: disabling
[    2.337872] +2.8V_RUN_TOUCH: disabling
[    2.341855] +2.8V_RUN_CAM_AF: disabling
[    2.345844] +1.8V_RUN_VPP_FUSE: disabling
[    2.350089] +5V_VDD_TS_SW: disabling
[    2.353664] +5V_USB_HS: disabling
[    2.356969] +5V_USB_SS: disabling
[    2.361217] EXT4-fs (mmcblk0p3): couldn't mount as ext3 due to feature incompatibilities
[    2.369883] EXT4-fs (mmcblk0p3): couldn't mount as ext2 due to feature incompatibilities
[    2.617418] EXT4-fs (mmcblk0p3): recovery complete
[    2.622961] EXT4-fs (mmcblk0p3): mounted filesystem with ordered data mode. Opts: (null)
[    2.631092] VFS: Mounted root (ext4 filesystem) on device 179:3.
[    2.637797] devtmpfs: mounted
[    2.641479] Freeing unused kernel memory: 2048K
bash: cannot set terminal process group (-1): Inappropriate ioctl for device
bash: no job control in this shell
root@(none):/# mount -t sysfs none /sys
root@(none):/# 
root@(none):/# mount -t debugfs none /sys/kernel/debug
root@(none):/# 
root@(none):/# rtcwake -d rtc1 -m mem -s 3
rtcwake: assuming RTC uses UTC ...
rtcwake: wakeup from "mem" using /dev/rtc1 at Thu Jan  1 00:00:28 1970
[    5.888797] PM: Syncing filesystems ... done.
[    5.898857] Freezing user space processes ... (elapsed 0.001 seconds) done.
[    5.906985] Freezing remaining freezable tasks ... (elapsed 0.001 seconds) done.
[    5.915483] Suspending console(s) (use no_console_suspend to debug)
[    5.968091] PM: suspend of devices complete after 45.776 msecs
[    5.969534] PM: late suspend of devices complete after 1.435 msecs
[    5.970484] PM: noirq suspend of devices complete after 0.945 msecs
[    5.970485] Disabling non-boot CPUs ...
[    5.970863] CPU1: shutdown
[    6.049138] IRQ17 no longer affine to CPU2
[    6.049347] CPU2: shutdown
[    6.089044] CPU3: shutdown
[    6.138553] Entering suspend state LP1
[    6.138553] Suspended for 3.103 seconds
[    6.138564] Enabling non-boot CPUs ...
[    6.168683] CPU1 is up
[    6.208684] CPU2 is up
[    6.248779] CPU3 is up
[    6.249241] PM: noirq resume of devices complete after 0.458 msecs
[    6.250085] PM: early resume of devices complete after 0.554 msecs
[    6.406940] mmc1: Switching to 3.3V signalling voltage failed
[    6.658016] tegra-sor 54540000.sor: failed to attach SOR: -110
[    6.677846] PM: resume of devices complete after 427.756 msecs
[    6.761320] Restarting tasks ... done.
root@(none):/# 
root@(none):/# rtcwake -d rtc1 -m mem -s 3
rtcwake: assuming RTC uses UTC ...
rtcwake: wakeup from "mem" using /dev/rtc1 at Thu Jan  1 00:00:33 1970
[    7.877887] PM: Syncing filesystems ... done.
[    7.887305] Freezing user space processes ... (elapsed 0.001 seconds) done.
[    7.895460] Freezing remaining freezable tasks ... (elapsed 0.001 seconds) done.
[    7.904058] Suspending console(s) (use no_console_suspend to debug)
[    7.958177] PM: suspend of devices complete after 47.298 msecs
[    7.959693] PM: late suspend of devices complete after 1.507 msecs
[    7.960658] PM: noirq suspend of devices complete after 0.960 msecs
[    7.960660] Disabling non-boot CPUs ...
[    7.960858] IRQ17 no longer affine to CPU1
[    7.961019] CPU1: shutdown
[    8.019024] CPU2: shutdown
[    8.078931] CPU3: shutdown
[    8.128482] Entering suspend state LP1
[    8.128482] Suspended for 3.009 seconds
[    8.128493] Enabling non-boot CPUs ...
[    8.158666] CPU1 is up
[    8.198658] CPU2 is up
[    8.238754] CPU3 is up
[    8.239253] PM: noirq resume of devices complete after 0.494 msecs
[    8.240763] PM: early resume of devices complete after 1.204 msecs
[    8.397228] mmc1: Switching to 3.3V signalling voltage failed
[    8.648036] tegra-sor 54540000.sor: failed to attach SOR: -110
[    8.668220] PM: resume of devices complete after 427.452 msecs
[    8.751697] Restarting tasks ... done.
root@(none):/# 
root@(none):/# rtcwake -d rtc1 -m mem -s 3
rtcwake: assuming RTC uses UTC ...
rtcwake: wakeup from "mem" using /dev/rtc1 at Thu Jan  1 00:00:38 1970
[    9.867751] PM: Syncing filesystems ... done.
[    9.877166] Freezing user space processes ... (elapsed 0.001 seconds) done.
[    9.885321] Freezing remaining freezable tasks ... (elapsed 0.001 seconds) done.
[    9.893921] Suspending console(s) (use no_console_suspend to debug)
[    9.948504] PM: suspend of devices complete after 47.762 msecs
[    9.949973] PM: late suspend of devices complete after 1.460 msecs
[    9.950916] PM: noirq suspend of devices complete after 0.939 msecs
[    9.950918] Disabling non-boot CPUs ...
[    9.951269] CPU1: shutdown
[   10.028800] IRQ17 no longer affine to CPU2
[   10.029015] CPU2: shutdown
[   10.088907] CPU3: shutdown
[   10.138458] Entering suspend state LP1
[   10.138458] Suspended for 2.989 seconds
[   10.138468] Enabling non-boot CPUs ...
[   10.168647] CPU1 is up
[   10.208647] CPU2 is up
[   10.248741] CPU3 is up
[   10.249211] PM: noirq resume of devices complete after 0.465 msecs
[   10.250609] PM: early resume of devices complete after 1.076 msecs
[   10.408021] mmc1: Switching to 3.3V signalling voltage failed
[   10.667957] tegra-sor 54540000.sor: failed to attach SOR: -110
[   10.679121] PM: resume of devices complete after 428.502 msecs
[   10.762698] Restarting tasks ... done.
root@(none):/# 
root@(none):/# rtcwake -d rtc1 -m mem -s 3
rtcwake: assuming RTC uses UTC ...
rtcwake: wakeup from "mem" using /dev/rtc1 at Thu Jan  1 00:00:43 1970
[   11.867296] PM: Syncing filesystems ... done.
[   11.876639] Freezing user space processes ... (elapsed 0.001 seconds) done.
[   11.884706] Freezing remaining freezable tasks ... (elapsed 0.001 seconds) done.
[   11.893314] Suspending console(s) (use no_console_suspend to debug)
[   11.942517] PM: suspend of devices complete after 42.392 msecs
[   11.943995] PM: late suspend of devices complete after 1.469 msecs
[   11.944936] PM: noirq suspend of devices complete after 0.936 msecs
[   11.944938] Disabling non-boot CPUs ...
[   11.945286] CPU1: shutdown
[   11.999020] CPU2: shutdown
[   12.058926] CPU3: shutdown
[   12.108427] Entering suspend state LP1
[   12.108427] Suspended for 3.029 seconds
[   12.108437] Enabling non-boot CPUs ...
[   12.138626] CPU1 is up
[   12.178626] CPU2 is up
[   12.218713] CPU3 is up
[   12.219190] PM: noirq resume of devices complete after 0.472 msecs
[   12.220565] PM: early resume of devices complete after 1.070 msecs
[   12.377834] mmc1: Switching to 3.3V signalling voltage failed
[   12.637944] tegra-sor 54540000.sor: failed to attach SOR: -110
[   12.649023] PM: resume of devices complete after 428.451 msecs
[   12.728407] Restarting tasks ... done.
root@(none):/# 
root@(none):/# rtcwake -d rtc1 -m mem -s 3
rtcwake: assuming RTC uses UTC ...
rtcwake: wakeup from "mem" using /dev/rtc1 at Thu Jan  1 00:00:48 1970
[   13.836888] PM: Syncing filesystems ... done.
[   13.846245] Freezing user space processes ... (elapsed 0.001 seconds) done.
[   13.854401] Freezing remaining freezable tasks ... (elapsed 0.001 seconds) done.
[   13.863013] Suspending console(s) (use no_console_suspend to debug)
[   13.912607] PM: suspend of devices complete after 42.784 msecs
[   13.914077] PM: late suspend of devices complete after 1.462 msecs
[   13.915013] PM: noirq suspend of devices complete after 0.931 msecs
[   13.915015] Disabling non-boot CPUs ...
[   13.915368] CPU1: shutdown
[   13.968770] IRQ17 no longer affine to CPU2
[   13.968983] CPU2: shutdown
[   14.028868] CPU3: shutdown
[   14.078405] Entering suspend state LP1
[   14.078405] Suspended for 3.029 seconds
[   14.078415] Enabling non-boot CPUs ...
[   14.108598] CPU1 is up
[   14.148595] CPU2 is up
[   14.188685] CPU3 is up
[   14.189160] PM: noirq resume of devices complete after 0.470 msecs
[   14.190551] PM: early resume of devices complete after 1.082 msecs
[   14.347937] mmc1: Switching to 3.3V signalling voltage failed
[   14.607956] tegra-sor 54540000.sor: failed to attach SOR: -110
[   14.618984] PM: resume of devices complete after 428.425 msecs
[   14.702538] Restarting tasks ... done.
root@(none):/# 
root@(none):/# rtcwake -d rtc1 -m mem -s 3
rtcwake: assuming RTC uses UTC ...
rtcwake: wakeup from "mem" using /dev/rtc1 at Thu Jan  1 00:00:53 1970
[   15.807394] PM: Syncing filesystems ... done.
[   15.816723] Freezing user space processes ... (elapsed 0.001 seconds) done.
[   15.824787] Freezing remaining freezable tasks ... (elapsed 0.001 seconds) done.
[   15.833397] Suspending console(s) (use no_console_suspend to debug)
[   15.882496] PM: suspend of devices complete after 42.276 msecs
[   15.883955] PM: late suspend of devices complete after 1.450 msecs
[   15.884896] PM: noirq suspend of devices complete after 0.936 msecs
[   15.884898] Disabling non-boot CPUs ...
[   15.885256] CPU1: shutdown
[   15.938970] CPU2: shutdown
[   15.998887] CPU3: shutdown
[   16.048379] Entering suspend state LP1
[   16.048379] Suspended for 3.029 seconds
[   16.048389] Enabling non-boot CPUs ...
[   16.078566] CPU1 is up
[   16.118563] CPU2 is up
[   16.158656] CPU3 is up
[   16.159125] PM: noirq resume of devices complete after 0.464 msecs
[   16.160330] PM: early resume of devices complete after 0.880 msecs
[   16.317889] mmc1: Switching to 3.3V signalling voltage failed
[   16.577904] tegra-sor 54540000.sor: failed to attach SOR: -110
[   16.588925] PM: resume of devices complete after 428.586 msecs
[   16.668409] Restarting tasks ... done.
root@(none):/# 
root@(none):/# rtcwake -d rtc1 -m mem -s 3
rtcwake: assuming RTC uses UTC ...
rtcwake: wakeup from "mem" using /dev/rtc1 at Thu Jan  1 00:00:58 1970
[   17.776794] PM: Syncing filesystems ... done.
[   17.786132] Freezing user space processes ... (elapsed 0.001 seconds) done.
[   17.794189] Freezing remaining freezable tasks ... (elapsed 0.001 seconds) done.
[   17.802694] Suspending console(s) (use no_console_suspend to debug)
[   17.852476] PM: suspend of devices complete after 43.020 msecs
[   17.853988] PM: late suspend of devices complete after 1.503 msecs
[   17.854951] PM: noirq suspend of devices complete after 0.959 msecs
[   17.854953] Disabling non-boot CPUs ...
[   17.855309] CPU1: shutdown
[   17.908918] CPU2: shutdown
[   17.968854] CPU3: shutdown
[   18.018354] Entering suspend state LP1
[   18.018354] Suspended for 3.029 seconds
[   18.018363] Enabling non-boot CPUs ...
[   18.048534] CPU1 is up
[   18.088546] CPU2 is up
[   18.128627] CPU3 is up
[   18.129103] PM: noirq resume of devices complete after 0.471 msecs
[   18.130502] PM: early resume of devices complete after 1.086 msecs
[   18.287528] mmc1: Switching to 3.3V signalling voltage failed
[   18.537840] tegra-sor 54540000.sor: failed to attach SOR: -110
[   18.558832] PM: resume of devices complete after 428.325 msecs
[   18.638218] Restarting tasks ... done.
root@(none):/# 
root@(none):/# rtcwake -d rtc1 -m mem -s 3
rtcwake: assuming RTC uses UTC ...
rtcwake: wakeup from "mem" using /dev/rtc1 at Thu Jan  1 00:01:03 1970
[   19.757614] PM: Syncing filesystems ... done.
[   19.766954] Freezing user space processes ... (elapsed 0.001 seconds) done.
[   19.775017] Freezing remaining freezable tasks ... (elapsed 0.001 seconds) done.
[   19.783519] Suspending console(s) (use no_console_suspend to debug)
[   19.839095] PM: suspend of devices complete after 48.808 msecs
[   19.840599] PM: late suspend of devices complete after 1.496 msecs
[   19.841570] PM: noirq suspend of devices complete after 0.966 msecs
[   19.841572] Disabling non-boot CPUs ...
[   19.841922] CPU1: shutdown
[   19.898684] IRQ17 no longer affine to CPU2
[   19.898900] CPU2: shutdown
[   19.958789] CPU3: shutdown
[   20.008324] Entering suspend state LP1
[   20.008324] Suspended for 3.009 seconds
[   20.008334] Enabling non-boot CPUs ...
[   20.038504] CPU1 is up
[   20.078504] CPU2 is up
[   20.118606] CPU3 is up
[   20.119078] PM: noirq resume of devices complete after 0.467 msecs
[   20.120239] PM: early resume of devices complete after 0.848 msecs
[   20.277228] mmc1: Switching to 3.3V signalling voltage failed
[   20.527815] tegra-sor 54540000.sor: failed to attach SOR: -110
[   20.548380] PM: resume of devices complete after 428.135 msecs
[   20.631878] Restarting tasks ... done.
root@(none):/# 
root@(none):/# rtcwake -d rtc1 -m mem -s 3
rtcwake: assuming RTC uses UTC ...
rtcwake: wakeup from "mem" using /dev/rtc1 at Thu Jan  1 00:01:08 1970
[   21.738119] PM: Syncing filesystems ... done.
[   21.747542] Freezing user space processes ... (elapsed 0.001 seconds) done.
[   21.755694] Freezing remaining freezable tasks ... (elapsed 0.001 seconds) done.
[   21.764217] Suspending console(s) (use no_console_suspend to debug)
[   21.812398] PM: suspend of devices complete after 41.369 msecs
[   21.813931] PM: late suspend of devices complete after 1.523 msecs
[   21.814893] PM: noirq suspend of devices complete after 0.958 msecs
[   21.814895] Disabling non-boot CPUs ...
[   21.815248] CPU1: shutdown
[   21.868649] IRQ17 no longer affine to CPU2
[   21.868860] CPU2: shutdown
[   21.928736] CPU3: shutdown
[   21.978289] Entering suspend state LP1
[   21.978289] Suspended for 3.029 seconds
[   21.978298] Enabling non-boot CPUs ...
[   22.008478] CPU1 is up
[   22.048480] CPU2 is up
[   22.088592] CPU3 is up
[   22.089072] PM: noirq resume of devices complete after 0.475 msecs
[   22.090444] PM: early resume of devices complete after 1.055 msecs
[   22.246844] mmc1: Switching to 3.3V signalling voltage failed
[   22.497847] tegra-sor 54540000.sor: failed to attach SOR: -110
[   22.518052] PM: resume of devices complete after 427.603 msecs
[   22.601518] Restarting tasks ... done.
root@(none):/# 
root@(none):/# rtcwake -d rtc1 -m mem -s 3
rtcwake: assuming RTC uses UTC ...
rtcwake: wakeup from "mem" using /dev/rtc1 at Thu Jan  1 00:01:13 1970
[   23.708106] PM: Syncing filesystems ... done.
[   23.717715] Freezing user space processes ... (elapsed 0.001 seconds) done.
[   23.725877] Freezing remaining freezable tasks ... (elapsed 0.001 seconds) done.
[   23.734403] Suspending console(s) (use no_console_suspend to debug)
[   23.781940] PM: suspend of devices complete after 40.726 msecs
[   23.783478] PM: late suspend of devices complete after 1.529 msecs
[   23.784444] PM: noirq suspend of devices complete after 0.961 msecs
[   23.784446] Disabling non-boot CPUs ...
[   23.784799] CPU1: shutdown
[   23.848843] CPU2: shutdown
[   23.918513] IRQ17 no longer affine to CPU3
[   23.918723] CPU3: shutdown
[   23.968275] Entering suspend state LP1
[   23.968275] Suspended for 3.009 seconds
[   23.968285] Enabling non-boot CPUs ...
[   23.998456] CPU1 is up
[   24.038456] CPU2 is up
[   24.078545] CPU3 is up
[   24.079013] PM: noirq resume of devices complete after 0.464 msecs
[   24.080498] PM: early resume of devices complete after 1.161 msecs
[   24.237010] mmc1: Switching to 3.3V signalling voltage failed
[   24.487775] tegra-sor 54540000.sor: failed to attach SOR: -110
[   24.508062] PM: resume of devices complete after 427.559 msecs
[   24.591525] Restarting tasks ... done.
root@(none):/# 
root@(none):/# NVTB SYSTEM SUSPEND TEST COMPLETE
