
U-Boot SPL 2015.04-rc3-00209-ga74ef40 (Mar 16 2015 - 14:43:39)


U-Boot 2015.04-rc3-00209-ga74ef40 (Mar 16 2015 - 14:43:39)

TEGRA20
Model: Compulab TrimSlice board
DRAM:  1 GiB
MMC:   Tegra SD/MMC: 0, Tegra SD/MMC: 1
SF: Detected W25Q80BL with page size 256 Bytes, erase size 4 KiB, total 1 MiB
tegra-pcie: PCI regions:
tegra-pcie:   I/O: 0x82000000-0x82010000
tegra-pcie:   non-prefetchable memory: 0xa0000000-0xa8000000
tegra-pcie:   prefetchable memory: 0xa8000000-0xc0000000
tegra-pcie: dual-mode configuration
tegra-pcie: probing port 0, using 2 lanes
In:    serial
Out:   serial
Err:   serial
Net:   RTL8169#0
Hit any key to stop autoboot:  2  0 
Tegra20 (TrimSlice) # 
Tegra20 (TrimSlice) # usb reset
resetting USB...
USB0:   USB EHCI 1.00
scanning bus 0 for devices... 3 USB Device(s) found
USB1:   USB EHCI 1.00
scanning bus 1 for devices... 1 USB Device(s) found
USB2:   lowlevel init failed
       scanning usb for storage devices... 0 Storage Device(s) found
       scanning usb for ethernet devices... 
Warning: asx0 using MAC address from net device
1 Ethernet Device(s) found
Tegra20 (TrimSlice) # setenv bootargs 'ignore_loglevel console=ttyS0,115200n8 rw root=PARTUUID=11eb23c1-01 rootwait gpt debug noinitrd earlyprintk init=/bin/bash'
Tegra20 (TrimSlice) # setenv ipaddr 192.168.100.103; setenv serverip 192.168.100.1; setenv tftpserverip 192.168.100.1
Tegra20 (TrimSlice) # tftpboot 0x00408000 zImage.multi_v7_defconfig
Using RTL8169#0 device
TFTP from server 192.168.100.1; our IP address is 192.168.100.103
Filename 'zImage.multi_v7_defconfig'.
Load address: 0x408000
Loading: *#################################################################
	 #################################################################
	 #################################################################
	 #################################################################
	 #################################################################
	 #################################################################
	 #################################################################
	 #################################################################
	 ##############################
	 4 MiB/s
done
Bytes transferred = 8061440 (7b0200 hex)
Tegra20 (TrimSlice) # tftpboot 0x02408000 tegra20-trimslice.dtb
Using RTL8169#0 device
TFTP from server 192.168.100.1; our IP address is 192.168.100.103
Filename 'tegra20-trimslice.dtb'.
Load address: 0x2408000
Loading: *##
	 3.4 MiB/s
done
Bytes transferred = 21160 (52a8 hex)
Tegra20 (TrimSlice) # bootz 0x00408000 - 0x02408000
Kernel image @ 0x408000 [ 0x000000 - 0x7b0200 ]
## Flattened Device Tree blob at 02408000
   Booting using the fdt blob at 0x2408000
   Using Device Tree in place at 02408000, end 024102a7

Starting kernel ...

[    0.000000] Booting Linux on physical CPU 0x0
[    0.000000] Linux version 4.15.0-rc5-335113-g464e1d5f23cc (jonathanh@tamien) (gcc version 4.7.3 20130328 (prerelease) (crosstool-NG linaro-1.13.1-4.7-2013.04-20130415 - Linaro GCC 2013.04)) #1 SMP Sat Dec 23 21:03:22 PST 2017
[    0.000000] CPU: ARMv7 Processor [411fc090] revision 0 (ARMv7), cr=10c5387d
[    0.000000] CPU: PIPT / VIPT nonaliasing data cache, VIPT aliasing instruction cache
[    0.000000] OF: fdt: Machine model: Compulab TrimSlice board
[    0.000000] debug: ignoring loglevel setting.
[    0.000000] Memory policy: Data cache writealloc
[    0.000000] efi: Getting EFI parameters from FDT:
[    0.000000] efi: UEFI not found.
[    0.000000] cma: Reserved 64 MiB at 0x3c000000
[    0.000000] On node 0 totalpages: 262144
[    0.000000]   DMA zone: 1536 pages used for memmap
[    0.000000]   DMA zone: 0 pages reserved
[    0.000000]   DMA zone: 196608 pages, LIFO batch:31
[    0.000000]   HighMem zone: 65536 pages, LIFO batch:15
[    0.000000] random: fast init done
[    0.000000] percpu: Embedded 17 pages/cpu @(ptrval) s39040 r8192 d22400 u69632
[    0.000000] pcpu-alloc: s39040 r8192 d22400 u69632 alloc=17*4096
[    0.000000] pcpu-alloc: [0] 0 [0] 1 
[    0.000000] Built 1 zonelists, mobility grouping on.  Total pages: 260608
[    0.000000] Kernel command line: ignore_loglevel console=ttyS0,115200n8 rw root=PARTUUID=11eb23c1-01 rootwait gpt debug noinitrd earlyprintk init=/bin/bash
[    0.000000] Dentry cache hash table entries: 131072 (order: 7, 524288 bytes)
[    0.000000] Inode-cache hash table entries: 65536 (order: 6, 262144 bytes)
[    0.000000] Memory: 953376K/1048576K available (11264K kernel code, 1602K rwdata, 4296K rodata, 2048K init, 404K bss, 29664K reserved, 65536K cma-reserved, 196608K highmem)
[    0.000000] Virtual kernel memory layout:
[    0.000000]     vector  : 0xffff0000 - 0xffff1000   (   4 kB)
[    0.000000]     fixmap  : 0xffc00000 - 0xfff00000   (3072 kB)
[    0.000000]     vmalloc : 0xf0800000 - 0xff800000   ( 240 MB)
[    0.000000]     lowmem  : 0xc0000000 - 0xf0000000   ( 768 MB)
[    0.000000]     pkmap   : 0xbfe00000 - 0xc0000000   (   2 MB)
[    0.000000]     modules : 0xbf000000 - 0xbfe00000   (  14 MB)
[    0.000000]       .text : 0x(ptrval) - 0x(ptrval)   (12256 kB)
[    0.000000]       .init : 0x(ptrval) - 0x(ptrval)   (2048 kB)
[    0.000000]       .data : 0x(ptrval) - 0x(ptrval)   (1603 kB)
[    0.000000]        .bss : 0x(ptrval) - 0x(ptrval)   ( 405 kB)
[    0.000000] SLUB: HWalign=64, Order=0-3, MinObjects=0, CPUs=2, Nodes=1
[    0.000000] Hierarchical RCU implementation.
[    0.000000] 	RCU event tracing is enabled.
[    0.000000] 	RCU restricting CPUs from NR_CPUS=16 to nr_cpu_ids=2.
[    0.000000] RCU: Adjusting geometry for rcu_fanout_leaf=16, nr_cpu_ids=2
[    0.000000] NR_IRQS: 16, nr_irqs: 16, preallocated irqs: 16
[    0.000000] /interrupt-controller@60004000: 128 interrupts forwarded to /interrupt-controller@50041000
[    0.000000] L2C: platform modifies aux control register: 0x02080000 -> 0x3e480001
[    0.000000] L2C: DT/platform modifies aux control register: 0x02080000 -> 0x3e480001
[    0.000000] L2C-310 errata 727915 769419 enabled
[    0.000000] L2C-310 enabling early BRESP for Cortex-A9
[    0.000000] L2C-310: enabling full line of zeros but not enabled in Cortex-A9
[    0.000000] L2C-310 ID prefetch enabled, offset 1 lines
[    0.000000] L2C-310 cache controller enabled, 8 ways, 1024 kB
[    0.000000] L2C-310: CACHE_ID 0x410000c4, AUX_CTRL 0x7e480001
[    0.000008] sched_clock: 32 bits at 1000kHz, resolution 1000ns, wraps every 2147483647500ns
[    0.000025] clocksource: timer_us: mask: 0xffffffff max_cycles: 0xffffffff, max_idle_ns: 1911260446275 ns
[    0.000035] Switching to timer-based delay loop, resolution 1000ns
[    0.001815] Console: colour dummy device 80x30
[    0.001843] Calibrating delay loop (skipped), value calculated using timer frequency.. 2.00 BogoMIPS (lpj=10000)
[    0.001854] pid_max: default: 32768 minimum: 301
[    0.001932] Mount-cache hash table entries: 2048 (order: 1, 8192 bytes)
[    0.001943] Mountpoint-cache hash table entries: 2048 (order: 1, 8192 bytes)
[    0.002383] CPU: Testing write buffer coherency: ok
[    0.002593] CPU0: thread -1, cpu 0, socket 0, mpidr 80000000
[    0.002831] Setting up static identity map for 0x300000 - 0x3000a0
[    0.003515] Hierarchical SRCU implementation.
[    0.004397] Tegra Revision: A03 prime SKU: 8 CPU Process: 1 SoC Process: 2
[    0.004866] EFI services will not be available.
[    0.004963] smp: Bringing up secondary CPUs ...
[    0.005489] CPU1: thread -1, cpu 1, socket 0, mpidr 80000001
[    0.005575] smp: Brought up 1 node, 2 CPUs
[    0.005586] SMP: Total of 2 processors activated (4.00 BogoMIPS).
[    0.005591] CPU: All CPU(s) started in SVC mode.
[    0.006259] devtmpfs: initialized
[    0.009799] VFP support v0.3: implementor 41 architecture 3 part 30 variant 9 rev 1
[    0.010053] clocksource: jiffies: mask: 0xffffffff max_cycles: 0xffffffff, max_idle_ns: 19112604462750000 ns
[    0.010070] futex hash table entries: 512 (order: 3, 32768 bytes)
[    0.013041] pinctrl core: initialized pinctrl subsystem
[    0.013974] DMI not present or invalid.
[    0.014208] NET: Registered protocol family 16
[    0.016343] DMA: preallocated 256 KiB pool for atomic coherent allocations
[    0.017647] cpuidle: using governor menu
[    0.033398] No ATAGs?
[    0.033465] hw-breakpoint: found 5 (+1 reserved) breakpoint and 1 watchpoint registers.
[    0.033476] hw-breakpoint: maximum watchpoint size is 4 bytes.
[    0.038141] Serial: AMBA PL011 UART driver
[    0.048554] AT91: Could not find identification node
[    0.049059] usb1_vbus: Failed to request enable GPIO170: -517
[    0.049075] reg-fixed-voltage regulators:regulator@2: Failed to register regulator: -517
[    0.052810] vgaarb: loaded
[    0.053361] SCSI subsystem initialized
[    0.053491] libata version 3.00 loaded.
[    0.053652] usbcore: registered new interface driver usbfs
[    0.053688] usbcore: registered new interface driver hub
[    0.053728] usbcore: registered new device driver usb
[    0.055739] pps_core: LinuxPPS API ver. 1 registered
[    0.055747] pps_core: Software ver. 5.3.6 - Copyright 2005-2007 Rodolfo Giometti <giometti@linux.it>
[    0.055763] PTP clock support registered
[    0.055901] EDAC MC: Ver: 3.0.0
[    0.056142] dmi: Firmware registration failed.
[    0.057580] clocksource: Switched to clocksource timer_us
[    0.092517] NET: Registered protocol family 2
[    0.092937] TCP established hash table entries: 8192 (order: 3, 32768 bytes)
[    0.093007] TCP bind hash table entries: 8192 (order: 4, 65536 bytes)
[    0.093121] TCP: Hash tables configured (established 8192 bind 8192)
[    0.093233] UDP hash table entries: 512 (order: 2, 16384 bytes)
[    0.093286] UDP-Lite hash table entries: 512 (order: 2, 16384 bytes)
[    0.093443] NET: Registered protocol family 1
[    0.093749] RPC: Registered named UNIX socket transport module.
[    0.093757] RPC: Registered udp transport module.
[    0.093763] RPC: Registered tcp transport module.
[    0.093768] RPC: Registered tcp NFSv4.1 backchannel transport module.
[    0.093777] PCI: CLS 0 bytes, default 64
[    0.094587] hw perfevents: no interrupt-affinity property for /pmu, guessing.
[    0.094763] hw perfevents: enabled with armv7_cortex_a9 PMU driver, 7 counters available
[    0.095824] Initialise system trusted keyrings
[    0.095932] workingset: timestamp_bits=30 max_order=18 bucket_order=0
[    0.100188] squashfs: version 4.0 (2009/01/31) Phillip Lougher
[    0.100627] NFS: Registering the id_resolver key type
[    0.100648] Key type id_resolver registered
[    0.100654] Key type id_legacy registered
[    0.100685] ntfs: driver 2.1.32 [Flags: R/O].
[    0.101817] Key type asymmetric registered
[    0.101826] Asymmetric key parser 'x509' registered
[    0.101863] bounce: pool size: 64 pages
[    0.101901] Block layer SCSI generic (bsg) driver version 0.4 loaded (major 247)
[    0.101910] io scheduler noop registered
[    0.101916] io scheduler deadline registered
[    0.102082] io scheduler cfq registered (default)
[    0.102090] io scheduler mq-deadline registered
[    0.102095] io scheduler kyber registered
[    0.114474] tegra-pcie 80003000.pcie: dual-mode configuration
[    0.115188] tegra-pcie 80003000.pcie: probing port 0, using 2 lanes
[    0.197703] tegra-pcie 80003000.pcie: PCI host bridge to bus 0000:00
[    0.197715] pci_bus 0000:00: root bus resource [io  0x0000-0xffff]
[    0.197724] pci_bus 0000:00: root bus resource [mem 0xa0000000-0xa7ffffff]
[    0.197733] pci_bus 0000:00: root bus resource [mem 0xa8000000-0xbfffffff pref]
[    0.197741] pci_bus 0000:00: root bus resource [bus 00-ff]
[    0.197771] pci 0000:00:01.0: [10de:0bf0] type 01 class 0x060000
[    0.197791] pci_bus 0000:00: 2-byte config write to 0000:00:01.0 offset 0x4 may corrupt adjacent RW1C bits
[    0.197802] pci_bus 0000:00: 2-byte config write to 0000:00:01.0 offset 0x4 may corrupt adjacent RW1C bits
[    0.197821] pci 0000:00:01.0: enabling Extended Tags
[    0.197831] pci_bus 0000:00: 2-byte config write to 0000:00:01.0 offset 0x88 may corrupt adjacent RW1C bits
[    0.197857] pci_bus 0000:00: 2-byte config write to 0000:00:01.0 offset 0x52 may corrupt adjacent RW1C bits
[    0.197881] pci 0000:00:01.0: PME# supported from D0 D1 D2 D3hot D3cold
[    0.197892] pci_bus 0000:00: 2-byte config write to 0000:00:01.0 offset 0x4c may corrupt adjacent RW1C bits
[    0.198042] pci_bus 0000:00: 2-byte config write to 0000:00:01.0 offset 0x3e may corrupt adjacent RW1C bits
[    0.198054] pci_bus 0000:00: 2-byte config write to 0000:00:01.0 offset 0x4 may corrupt adjacent RW1C bits
[    0.198064] pci_bus 0000:00: 1-byte config write to 0000:00:01.0 offset 0xc may corrupt adjacent RW1C bits
[    0.198070] PCI: bus0: Fast back to back transfers disabled
[    0.198080] pci 0000:00:01.0: bridge configuration invalid ([bus 00-00]), reconfiguring
[    0.198089] pci_bus 0000:00: 2-byte config write to 0000:00:01.0 offset 0x3e may corrupt adjacent RW1C bits
[    0.198099] pci_bus 0000:00: 2-byte config write to 0000:00:01.0 offset 0x3e may corrupt adjacent RW1C bits
[    0.198198] pci 0000:01:00.0: [10ec:8168] type 00 class 0x020000
[    0.198227] pci 0000:01:00.0: reg 0x10: [io  0x0000-0x00ff]
[    0.198251] pci 0000:01:00.0: reg 0x18: [mem 0x00000000-0x00000fff 64bit pref]
[    0.198270] pci 0000:01:00.0: reg 0x20: [mem 0x00000000-0x00003fff 64bit pref]
[    0.198283] pci 0000:01:00.0: reg 0x30: [mem 0x00000000-0x0001ffff pref]
[    0.198402] PCI: bus1: Fast back to back transfers disabled
[    0.198415] pci_bus 0000:01: busn_res: [bus 01-ff] end is updated to 01
[    0.198442] pci 0000:00:01.0: BAR 8: assigned [mem 0xa0000000-0xa00fffff]
[    0.198453] pci 0000:00:01.0: BAR 9: assigned [mem 0xa8000000-0xa80fffff 64bit pref]
[    0.198462] pci 0000:00:01.0: BAR 7: assigned [io  0x1000-0x1fff]
[    0.198473] pci 0000:01:00.0: BAR 6: assigned [mem 0xa0000000-0xa001ffff pref]
[    0.198483] pci 0000:01:00.0: BAR 4: assigned [mem 0xa8000000-0xa8003fff 64bit pref]
[    0.198501] pci 0000:01:00.0: BAR 2: assigned [mem 0xa8004000-0xa8004fff 64bit pref]
[    0.198517] pci 0000:01:00.0: BAR 0: assigned [io  0x1000-0x10ff]
[    0.198528] pci 0000:00:01.0: PCI bridge to [bus 01]
[    0.198536] pci 0000:00:01.0:   bridge window [io  0x1000-0x1fff]
[    0.198545] pci 0000:00:01.0:   bridge window [mem 0xa0000000-0xa00fffff]
[    0.198553] pci 0000:00:01.0:   bridge window [mem 0xa8000000-0xa80fffff 64bit pref]
[    0.198575] pci 0000:00:01.0: nv_msi_ht_cap_quirk didn't locate host bridge
[    0.198626] Disabling cpuidle LP2 state, since PCIe IRQs are in use
[    0.198663] pcieport 0000:00:01.0: enabling device (0140 -> 0143)
[    0.198833] pcieport 0000:00:01.0: Signaling PME with IRQ 295
[    0.205086] tegra-apbdma 6000a000.dma: Tegra20 APB DMA driver register 16 channels
[    0.248389] Serial: 8250/16550 driver, 4 ports, IRQ sharing disabled
[    0.250599] console [ttyS0] disabled
[    0.250639] 70006000.serial: ttyS0 at MMIO 0x70006000 (irq = 279, base_baud = 13500000) is a Tegra
[    1.323155] console [ttyS0] enabled
[    1.327232] SuperH (H)SCI(F) driver initialized
[    1.332548] msm_serial: driver initialized
[    1.336769] STMicroelectronics ASC driver initialized
[    1.346225] tegra-hdmi 54280000.hdmi: 54280000.hdmi supply hdmi not found, using dummy regulator
[    1.357345] [drm] Supports vblank timestamp caching Rev 2 (21.10.2013).
[    1.363962] [drm] No driver support for vblank timestamp query.
[    1.369907] [drm] Cannot find any crtc or sizes
[    1.374485] [drm] Initialized tegra 0.0.0 20120330 for drm on minor 0
[    1.382602] [drm] Cannot find any crtc or sizes
[    1.392723] brd: module loaded
[    1.400937] loop: module loaded
[    1.410242] m25p80 spi0.0: found s25fl008k, expected w25q80bl
[    1.416045] m25p80 spi0.0: s25fl008k (1024 Kbytes)
[    1.422782] libphy: Fixed MDIO Bus: probed
[    1.427606] CAN device driver interface
[    1.432118] bgmac_bcma: Broadcom 47xx GBit MAC driver loaded
[    1.438826] e1000e: Intel(R) PRO/1000 Network Driver - 3.2.6-k
[    1.444643] e1000e: Copyright(c) 1999 - 2015 Intel Corporation.
[    1.450620] igb: Intel(R) Gigabit Ethernet Network Driver - version 5.4.0-k
[    1.457579] igb: Copyright (c) 2007-2014 Intel Corporation.
[    1.463707] r8169 Gigabit Ethernet driver 2.3LK-NAPI loaded
[    1.469303] r8169 0000:01:00.0: enabling device (0140 -> 0143)
[    1.475160] r8169 0000:01:00.0 (unnamed net_device) (uninitialized): not PCI Express
[    1.483445] r8169 0000:01:00.0 eth0: RTL8168d/8111d at 0xbf7e843e, 00:01:c0:13:7d:63, XID 081000c0 IRQ 286
[    1.493101] r8169 0000:01:00.0 eth0: jumbo features [frames: 9200 bytes, tx checksumming: ko]
[    1.504013] pegasus: v0.9.3 (2013/04/25), Pegasus/Pegasus II USB Ethernet driver
[    1.511462] usbcore: registered new interface driver pegasus
[    1.517135] usbcore: registered new interface driver asix
[    1.522560] usbcore: registered new interface driver ax88179_178a
[    1.528681] usbcore: registered new interface driver cdc_ether
[    1.534529] usbcore: registered new interface driver smsc75xx
[    1.540311] usbcore: registered new interface driver smsc95xx
[    1.546062] usbcore: registered new interface driver net1080
[    1.551744] usbcore: registered new interface driver cdc_subset
[    1.557685] usbcore: registered new interface driver zaurus
[    1.563283] usbcore: registered new interface driver cdc_ncm
[    1.569216] tegra-phy c5004000.usb-phy: no vbus regulator
[    1.575710] tegra-phy c5008000.usb-phy: no vbus regulator
[    1.582503] ehci_hcd: USB 2.0 'Enhanced' Host Controller (EHCI) Driver
[    1.589034] ehci-pci: EHCI PCI platform driver
[    1.593495] ehci-platform: EHCI generic platform driver
[    1.598880] ehci-orion: EHCI orion driver
[    1.602995] SPEAr-ehci: EHCI SPEAr driver
[    1.607091] ehci-st: EHCI STMicroelectronics driver
[    1.612075] ehci-exynos: EHCI EXYNOS driver
[    1.616367] ehci-atmel: EHCI Atmel driver
[    1.620482] tegra-ehci: Tegra EHCI driver
[    1.678558] ulpi_phy_power_on: ulpi write failed
[    1.683166] tegra-ehci c5004000.usb: Failed to power on the phy
[    1.689105] tegra-ehci: probe of c5004000.usb failed with error -110
[    1.698081] tegra-ehci c5008000.usb: EHCI Host Controller
[    1.703488] tegra-ehci c5008000.usb: new USB bus registered, assigned bus number 1
[    1.711208] tegra-ehci c5008000.usb: irq 290, io mem 0xc5008000
[    1.737597] tegra-ehci c5008000.usb: USB 2.0 started, EHCI 1.00
[    1.744035] hub 1-0:1.0: USB hub found
[    1.747819] hub 1-0:1.0: 1 port detected
[    1.752032] ohci_hcd: USB 1.1 'Open' Host Controller (OHCI) Driver
[    1.758225] ohci-pci: OHCI PCI platform driver
[    1.762696] ohci-platform: OHCI generic platform driver
[    1.768091] SPEAr-ohci: OHCI SPEAr driver
[    1.772191] ohci-st: OHCI STMicroelectronics driver
[    1.777154] ohci-atmel: OHCI Atmel driver
[    1.781764] usbcore: registered new interface driver usb-storage
[    1.790998] rtc-em3027 2-0056: rtc core: registered rtc-em3027 as rtc0
[    1.798674] tegra_rtc 7000e000.rtc: rtc core: registered 7000e000.rtc as rtc1
[    1.805827] tegra_rtc 7000e000.rtc: Tegra internal Real Time Clock
[    1.812425] i2c /dev entries driver
[    1.825677] sdhci: Secure Digital Host Controller Interface driver
[    1.831877] sdhci: Copyright(c) Pierre Ossman
[    1.837483] Synopsys Designware Multimedia Card Interface Driver
[    1.844603] sdhci-pltfm: SDHCI platform and OF driver helper
[    1.858158] mmc0: Invalid maximum block size, assuming 512 bytes
[    1.917776] mmc0: SDHCI controller on c8000000.sdhci [c8000000.sdhci] using ADMA
[    1.925672] sdhci-tegra c8000600.sdhci: Got CD GPIO
[    1.930720] sdhci-tegra c8000600.sdhci: Got WP GPIO
[    1.944389] mmc1: Invalid maximum block size, assuming 512 bytes
[    2.007929] mmc1: SDHCI controller on c8000600.sdhci [c8000600.sdhci] using ADMA
[    2.018689] ledtrig-cpu: registered to indicate activity on CPUs
[    2.025226] usbcore: registered new interface driver usbhid
[    2.030840] usbhid: USB HID core driver
[    2.041729] NET: Registered protocol family 10
[    2.048009] Segment Routing with IPv6
[    2.051716] sit: IPv6, IPv4 and MPLS over IPv4 tunneling driver
[    2.058046] NET: Registered protocol family 17
[    2.062483] can: controller area network core (rev 20170425 abi 9)
[    2.068718] NET: Registered protocol family 29
[    2.073149] can: raw protocol (rev 20170425)
[    2.077406] can: broadcast manager protocol (rev 20170425 t)
[    2.083068] can: netlink gateway (rev 20170425) max_hops=1
[    2.088839] Key type dns_resolver registered
[    2.093463] ThumbEE CPU extension supported.
[    2.097754] Registering SWP/SWPB emulation handler
[    2.102926] Loading compiled-in X.509 certificates
[    2.116570] utmi_phy_clk_enable: timeout waiting for phy to stabilize
[    2.123072] tegra-ehci c5000000.usb: EHCI Host Controller
[    2.127603] usb 1-1: new high-speed USB device number 2 using tegra-ehci
[    2.135178] tegra-ehci c5000000.usb: new USB bus registered, assigned bus number 2
[    2.143046] tegra-ehci c5000000.usb: irq 288, io mem 0xc5000000
[    2.187552] mmc1: new high speed SD card at address b368
[    2.194270] mmcblk1: mmc1:b368 NCard 1.83 GiB (ro)
[    2.202001]  mmcblk1: p1 p2
[    2.307740] tegra-ehci c5000000.usb: USB 2.0 started, EHCI 1.00
[    2.315797] hub 2-0:1.0: USB hub found
[    2.319842] hub 2-0:1.0: 1 port detected
[    2.326995] input: gpio-keys as /devices/soc0/gpio-keys/input/input0
[    2.334903] rtc-em3027 2-0056: hctosys: unable to read the hardware clock
[    2.342112] hub 1-1:1.0: USB hub found
[    2.346339] hub 1-1:1.0: 4 ports detected
[    2.351503] Waiting for root device PARTUUID=11eb23c1-01...
[    2.667725] usb 1-1.2: new high-speed USB device number 3 using tegra-ehci
[    3.225544] mmc0: host does not support reading read-only switch, assuming write-enable
[    3.235695] mmc0: new high speed SDHC card at address b368
[    3.242576] mmcblk0: mmc0:b368 NCard 3.70 GiB 
[    3.248922]  mmcblk0: p1
[    3.288424] asix 1-1.2:1.0 eth1: register 'asix' at usb-c5008000.usb-1.2, ASIX AX88772 USB 2.0 Ethernet, 00:60:6e:60:6c:68
[    3.308430] EXT4-fs (mmcblk0p1): mounting ext3 file system using the ext4 subsystem
[    3.397047] EXT4-fs (mmcblk0p1): recovery complete
[    3.401978] EXT4-fs (mmcblk0p1): mounted filesystem with ordered data mode. Opts: (null)
[    3.410211] VFS: Mounted root (ext3 filesystem) on device 179:17.
[    3.424459] devtmpfs: mounted
[    3.429012] Freeing unused kernel memory: 2048K
bash: cannot set terminal process group (-1): Inappropriate ioctl for device
bash: no job control in this shell
root@(none):/# mount -t sysfs none /sys
root@(none):/# 
root@(none):/# mount -t debugfs none /sys/kernel/debug
root@(none):/# 
root@(none):/# rtcwake -d rtc1 -m mem -s 3
rtcwake: assuming RTC uses UTC ...
rtcwake: wakeup from "mem" using /dev/rtc1 at Thu Jan  1 00:00:25 1970
[    7.482334] PM: suspend entry (deep)
[    7.485937] PM: Syncing filesystems ... done.
[    7.492815] Freezing user space processes ... (elapsed 0.001 seconds) done.
[    7.501171] OOM killer disabled.
[    7.504412] Freezing remaining freezable tasks ... (elapsed 0.001 seconds) done.
[    7.513081] Suspending console(s) (use no_console_suspend to debug)
[    7.554232] pci_generic_config_write32: 20 callbacks suppressed
[    7.554276] pci_bus 0000:00: 2-byte config write to 0000:00:01.0 offset 0x9c may corrupt adjacent RW1C bits
[    7.578219] Disabling non-boot CPUs ...
[    7.631103] Entering suspend state LP1
[    7.631151] Enabling non-boot CPUs ...
[    7.632857] CPU1 is up
[    7.633728] pci_bus 0000:00: 2-byte config write to 0000:00:01.0 offset 0x4c may corrupt adjacent RW1C bits
[    7.633776] pci_bus 0000:00: 2-byte config write to 0000:00:01.0 offset 0x88 may corrupt adjacent RW1C bits
[    7.633809] pci_bus 0000:00: 2-byte config write to 0000:00:01.0 offset 0x90 may corrupt adjacent RW1C bits
[    7.633837] pci_bus 0000:00: 2-byte config write to 0000:00:01.0 offset 0x98 may corrupt adjacent RW1C bits
[    7.633863] pci_bus 0000:00: 2-byte config write to 0000:00:01.0 offset 0x9c may corrupt adjacent RW1C bits
[    7.633950] pci_bus 0000:00: 2-byte config write to 0000:00:01.0 offset 0x52 may corrupt adjacent RW1C bits
[    7.633983] pci_bus 0000:00: 2-byte config write to 0000:00:01.0 offset 0x52 may corrupt adjacent RW1C bits
[    7.634013] pci_bus 0000:00: 2-byte config write to 0000:00:01.0 offset 0x5c may corrupt adjacent RW1C bits
[    7.634043] pci_bus 0000:00: 2-byte config write to 0000:00:01.0 offset 0x52 may corrupt adjacent RW1C bits
[    7.634109] pcieport 0000:00:01.0: nv_msi_ht_cap_quirk didn't locate host bridge
[    8.314964] OOM killer enabled.
[    8.318114] Restarting tasks ... done.
[    8.322312] PM: suspend exit
root@(none):/# 
root@(none):/# rtcwake -d rtc1 -m mem -s 3
rtcwake: assuming RTC uses UTC ...
rtcwake: wakeup from "mem" using /dev/rtc1 at Thu Jan  1 00:00:30 1970
[    9.009082] PM: suspend entry (deep)
[    9.012657] PM: Syncing filesystems ... done.
[    9.017682] Freezing user space processes ... (elapsed 0.001 seconds) done.
[    9.025784] OOM killer disabled.
[    9.029044] Freezing remaining freezable tasks ... (elapsed 0.001 seconds) done.
[    9.037581] Suspending console(s) (use no_console_suspend to debug)
[    9.098410] Disabling non-boot CPUs ...
[    9.150333] Entering suspend state LP1
[    9.150382] Enabling non-boot CPUs ...
[    9.152301] CPU1 is up
[    9.153856] pcieport 0000:00:01.0: nv_msi_ht_cap_quirk didn't locate host bridge
[    9.729667] OOM killer enabled.
[    9.732801] Restarting tasks ... done.
[    9.736984] PM: suspend exit
root@(none):/# 
root@(none):/# rtcwake -d rtc1 -m mem -s 3
rtcwake: assuming RTC uses UTC ...
rtcwake: wakeup from "mem" using /dev/rtc1 at Thu Jan  1 00:00:35 1970
[   10.528947] PM: suspend entry (deep)
[   10.532522] PM: Syncing filesystems ... done.
[   10.537544] Freezing user space processes ... (elapsed 0.001 seconds) done.
[   10.545645] OOM killer disabled.
[   10.548904] Freezing remaining freezable tasks ... (elapsed 0.001 seconds) done.
[   10.557423] Suspending console(s) (use no_console_suspend to debug)
[   10.617562] Disabling non-boot CPUs ...
[   10.660242] Entering suspend state LP1
[   10.660291] Enabling non-boot CPUs ...
[   10.662110] CPU1 is up
[   10.663630] pcieport 0000:00:01.0: nv_msi_ht_cap_quirk didn't locate host bridge
[   11.241668] OOM killer enabled.
[   11.244802] Restarting tasks ... done.
[   11.249215] PM: suspend exit
root@(none):/# 
root@(none):/# rtcwake -d rtc1 -m mem -s 3
rtcwake: assuming RTC uses UTC ...
rtcwake: wakeup from "mem" using /dev/rtc1 at Thu Jan  1 00:00:40 1970
[   12.039005] PM: suspend entry (deep)
[   12.042579] PM: Syncing filesystems ... done.
[   12.047598] Freezing user space processes ... (elapsed 0.001 seconds) done.
[   12.055704] OOM killer disabled.
[   12.058964] Freezing remaining freezable tasks ... (elapsed 0.001 seconds) done.
[   12.067504] Suspending console(s) (use no_console_suspend to debug)
[   12.127834] Disabling non-boot CPUs ...
[   12.180139] Entering suspend state LP1
[   12.180187] Enabling non-boot CPUs ...
[   12.181981] CPU1 is up
[   12.183785] pcieport 0000:00:01.0: nv_msi_ht_cap_quirk didn't locate host bridge
[   12.761685] OOM killer enabled.
[   12.764820] Restarting tasks ... done.
[   12.769477] PM: suspend exit
root@(none):/# 
root@(none):/# rtcwake -d rtc1 -m mem -s 3
rtcwake: assuming RTC uses UTC ...
rtcwake: wakeup from "mem" using /dev/rtc1 at Thu Jan  1 00:00:45 1970
[   13.558528] PM: suspend entry (deep)
[   13.562133] PM: Syncing filesystems ... done.
[   13.567121] Freezing user space processes ... (elapsed 0.001 seconds) done.
[   13.575226] OOM killer disabled.
[   13.578496] Freezing remaining freezable tasks ... (elapsed 0.001 seconds) done.
[   13.587020] Suspending console(s) (use no_console_suspend to debug)
[   13.622895] pci_generic_config_write32: 38 callbacks suppressed
[   13.622938] pci_bus 0000:00: 2-byte config write to 0000:00:01.0 offset 0x9c may corrupt adjacent RW1C bits
[   13.647143] Disabling non-boot CPUs ...
[   13.680110] Entering suspend state LP1
[   13.680159] Enabling non-boot CPUs ...
[   13.681936] CPU1 is up
[   13.682775] pci_bus 0000:00: 2-byte config write to 0000:00:01.0 offset 0x4c may corrupt adjacent RW1C bits
[   13.682825] pci_bus 0000:00: 2-byte config write to 0000:00:01.0 offset 0x88 may corrupt adjacent RW1C bits
[   13.682856] pci_bus 0000:00: 2-byte config write to 0000:00:01.0 offset 0x90 may corrupt adjacent RW1C bits
[   13.682883] pci_bus 0000:00: 2-byte config write to 0000:00:01.0 offset 0x98 may corrupt adjacent RW1C bits
[   13.682910] pci_bus 0000:00: 2-byte config write to 0000:00:01.0 offset 0x9c may corrupt adjacent RW1C bits
[   13.682995] pci_bus 0000:00: 2-byte config write to 0000:00:01.0 offset 0x52 may corrupt adjacent RW1C bits
[   13.683029] pci_bus 0000:00: 2-byte config write to 0000:00:01.0 offset 0x52 may corrupt adjacent RW1C bits
[   13.683060] pci_bus 0000:00: 2-byte config write to 0000:00:01.0 offset 0x5c may corrupt adjacent RW1C bits
[   13.683090] pci_bus 0000:00: 2-byte config write to 0000:00:01.0 offset 0x52 may corrupt adjacent RW1C bits
[   13.683181] pcieport 0000:00:01.0: nv_msi_ht_cap_quirk didn't locate host bridge
[   14.354884] OOM killer enabled.
[   14.358030] Restarting tasks ... done.
[   14.362820] PM: suspend exit
root@(none):/# 
root@(none):/# rtcwake -d rtc1 -m mem -s 3
rtcwake: assuming RTC uses UTC ...
rtcwake: wakeup from "mem" using /dev/rtc1 at Thu Jan  1 00:00:50 1970
[   15.062426] PM: suspend entry (deep)
[   15.065995] PM: Syncing filesystems ... done.
[   15.070877] Freezing user space processes ... (elapsed 0.001 seconds) done.
[   15.078984] OOM killer disabled.
[   15.082202] Freezing remaining freezable tasks ... (elapsed 0.001 seconds) done.
[   15.090733] Suspending console(s) (use no_console_suspend to debug)
[   15.157421] Disabling non-boot CPUs ...
[   15.200029] Entering suspend state LP1
[   15.200078] Enabling non-boot CPUs ...
[   15.201874] CPU1 is up
[   15.203221] pcieport 0000:00:01.0: nv_msi_ht_cap_quirk didn't locate host bridge
[   15.769445] OOM killer enabled.
[   15.772580] Restarting tasks ... done.
[   15.777112] PM: suspend exit
root@(none):/# 
root@(none):/# rtcwake -d rtc1 -m mem -s 3
rtcwake: assuming RTC uses UTC ...
rtcwake: wakeup from "mem" using /dev/rtc1 at Thu Jan  1 00:00:55 1970
[   16.581912] PM: suspend entry (deep)
[   16.585483] PM: Syncing filesystems ... done.
[   16.590419] Freezing user space processes ... (elapsed 0.001 seconds) done.
[   16.598549] OOM killer disabled.
[   16.601767] Freezing remaining freezable tasks ... (elapsed 0.001 seconds) done.
[   16.610305] Suspending console(s) (use no_console_suspend to debug)
[   16.676237] Disabling non-boot CPUs ...
[   16.719919] Entering suspend state LP1
[   16.719968] Enabling non-boot CPUs ...
[   16.721763] CPU1 is up
[   16.723314] pcieport 0000:00:01.0: nv_msi_ht_cap_quirk didn't locate host bridge
[   17.299371] OOM killer enabled.
[   17.302505] Restarting tasks ... done.
[   17.307339] PM: suspend exit
root@(none):/# 
root@(none):/# rtcwake -d rtc1 -m mem -s 3
rtcwake: assuming RTC uses UTC ...
rtcwake: wakeup from "mem" using /dev/rtc1 at Thu Jan  1 00:01:00 1970
[   18.102228] PM: suspend entry (deep)
[   18.105799] PM: Syncing filesystems ... done.
[   18.110699] Freezing user space processes ... (elapsed 0.001 seconds) done.
[   18.118812] OOM killer disabled.
[   18.122030] Freezing remaining freezable tasks ... (elapsed 0.001 seconds) done.
[   18.130564] Suspending console(s) (use no_console_suspend to debug)
[   18.197375] Disabling non-boot CPUs ...
[   18.249896] Entering suspend state LP1
[   18.249945] Enabling non-boot CPUs ...
[   18.251730] CPU1 is up
[   18.253118] pcieport 0000:00:01.0: nv_msi_ht_cap_quirk didn't locate host bridge
[   18.837265] OOM killer enabled.
[   18.840399] Restarting tasks ... done.
[   18.844716] PM: suspend exit
root@(none):/# 
root@(none):/# rtcwake -d rtc1 -m mem -s 3
rtcwake: assuming RTC uses UTC ...
rtcwake: wakeup from "mem" using /dev/rtc1 at Thu Jan  1 00:01:05 1970
[   19.628607] PM: suspend entry (deep)
[   19.632182] PM: Syncing filesystems ... done.
[   19.637193] Freezing user space processes ... (elapsed 0.001 seconds) done.
[   19.645297] OOM killer disabled.
[   19.648569] Freezing remaining freezable tasks ... (elapsed 0.001 seconds) done.
[   19.657108] Suspending console(s) (use no_console_suspend to debug)
[   19.693215] pci_generic_config_write32: 38 callbacks suppressed
[   19.693258] pci_bus 0000:00: 2-byte config write to 0000:00:01.0 offset 0x9c may corrupt adjacent RW1C bits
[   19.717631] Disabling non-boot CPUs ...
[   19.769773] Entering suspend state LP1
[   19.769821] Enabling non-boot CPUs ...
[   19.771611] CPU1 is up
[   19.772952] pci_bus 0000:00: 2-byte config write to 0000:00:01.0 offset 0x4c may corrupt adjacent RW1C bits
[   19.773000] pci_bus 0000:00: 2-byte config write to 0000:00:01.0 offset 0x88 may corrupt adjacent RW1C bits
[   19.773031] pci_bus 0000:00: 2-byte config write to 0000:00:01.0 offset 0x90 may corrupt adjacent RW1C bits
[   19.773060] pci_bus 0000:00: 2-byte config write to 0000:00:01.0 offset 0x98 may corrupt adjacent RW1C bits
[   19.773087] pci_bus 0000:00: 2-byte config write to 0000:00:01.0 offset 0x9c may corrupt adjacent RW1C bits
[   19.773173] pci_bus 0000:00: 2-byte config write to 0000:00:01.0 offset 0x52 may corrupt adjacent RW1C bits
[   19.773205] pci_bus 0000:00: 2-byte config write to 0000:00:01.0 offset 0x52 may corrupt adjacent RW1C bits
[   19.773238] pci_bus 0000:00: 2-byte config write to 0000:00:01.0 offset 0x5c may corrupt adjacent RW1C bits
[   19.773268] pci_bus 0000:00: 2-byte config write to 0000:00:01.0 offset 0x52 may corrupt adjacent RW1C bits
[   19.773334] pcieport 0000:00:01.0: nv_msi_ht_cap_quirk didn't locate host bridge
[   20.444564] OOM killer enabled.
[   20.447715] Restarting tasks ... done.
[   20.451934] PM: suspend exit
root@(none):/# 
root@(none):/# rtcwake -d rtc1 -m mem -s 3
rtcwake: assuming RTC uses UTC ...
rtcwake: wakeup from "mem" using /dev/rtc1 at Thu Jan  1 00:01:10 1970
[   21.148537] PM: suspend entry (deep)
[   21.152111] PM: Syncing filesystems ... done.
[   21.157120] Freezing user space processes ... (elapsed 0.001 seconds) done.
[   21.165223] OOM killer disabled.
[   21.168487] Freezing remaining freezable tasks ... (elapsed 0.001 seconds) done.
[   21.177027] Suspending console(s) (use no_console_suspend to debug)
[   21.236221] Disabling non-boot CPUs ...
[   21.279718] Entering suspend state LP1
[   21.279768] Enabling non-boot CPUs ...
[   21.281568] CPU1 is up
[   21.283181] pcieport 0000:00:01.0: nv_msi_ht_cap_quirk didn't locate host bridge
[   21.861067] OOM killer enabled.
[   21.864202] Restarting tasks ... done.
[   21.868326] PM: suspend exit
root@(none):/# 
root@(none):/# NVTB SYSTEM SUSPEND TEST COMPLETE
