

U-Boot 2015.04-00466-gedec83e90172 (Mar 14 2016 - 10:42:01)

TEGRA124
Model: Acer Chromebook 13 CB5-311
DRAM:  4 GiB
C:   Tegra SD/MMC: 0, Tegra SD/MMC: 1, Tegra SD/MMC: 2
MMC init failed
Using default environment

In:    serial
Out:   serial
Err:   serial
Net:   Net Initialization Skipped
No ethernet found.
Hit any key to stop autoboot:  2  0 
Tegra124 (Nyan-big) # 
Tegra124 (Nyan-big) # usb start
starting USB...
USB0:   USB EHCI 1.10
scanning bus 0 for devices... 2 USB Device(s) found
USB1:   USB EHCI 1.10
scanning bus 1 for devices... 2 USB Device(s) found
       scanning usb for storage devices... 1 Storage Device(s) found
       scanning usb for ethernet devices... 
Warning: asx0 using MAC address from net device
1 Ethernet Device(s) found
Tegra124 (Nyan-big) # mw 0x7000e4a0 0x00080000
Tegra124 (Nyan-big) # setenv bootargs 'ignore_loglevel console=ttyS0,115200n8 rw root=PARTUUID=4d36e82a-b3c0-4b4b-bfcd-afe5217ac023 rootwait gpt debug noinitrd earlyprintk init=/bin/bash'
Tegra124 (Nyan-big) # setenv ipaddr 192.168.100.102; setenv serverip 192.168.100.1; setenv tftpserverip 192.168.100.1
Tegra124 (Nyan-big) # tftpboot 0x82000000 zImage.multi_v7_defconfig
Using asx0 device
TFTP from server 192.168.100.1; our IP address is 192.168.100.102
Filename 'zImage.multi_v7_defconfig'.
Load address: 0x82000000
Loading: *#################################################################
	 #################################################################
	 #################################################################
	 #################################################################
	 #################################################################
	 #################################################################
	 #################################################################
	 #################################################################
	 ####################
	 2.9 MiB/s
done
Bytes transferred = 7917600 (78d020 hex)
Tegra124 (Nyan-big) # tftpboot 0x83000000 tegra124-nyan-big.dtb
Using asx0 device
TFTP from server 192.168.100.1; our IP address is 192.168.100.102
Filename 'tegra124-nyan-big.dtb'.
Load address: 0x83000000
Loading: *#####
	 2.8 MiB/s
done
Bytes transferred = 68155 (10a3b hex)
Tegra124 (Nyan-big) # bootz 0x82000000 - 0x83000000
Kernel image @ 0x82000000 [ 0x000000 - 0x78d020 ]
## Flattened Device Tree blob at 83000000
   Booting using the fdt blob at 0x83000000
   Using Device Tree in place at 83000000, end 83013a3a

Starting kernel ...

[    0.000000] Booting Linux on physical CPU 0x0
[    0.000000] Linux version 4.12.0-rc7-172780-gc0bc126 (jonathanh@sellafield) (gcc version 4.7.3 20130328 (prerelease) (crosstool-NG linaro-1.13.1-4.7-2013.04-20130415 - Linaro GCC 2013.04) ) #1 SMP Mon Jun 26 02:34:56 PDT 2017
[    0.000000] CPU: ARMv7 Processor [413fc0f3] revision 3 (ARMv7), cr=10c5387d
[    0.000000] CPU: div instructions available: patching division code
[    0.000000] CPU: PIPT / VIPT nonaliasing data cache, PIPT instruction cache
[    0.000000] OF: fdt: Machine model: Acer Chromebook 13 CB5-311
[    0.000000] OF: fdt: Ignoring memory range 0x100000000 - 0x17ffff000
[    0.000000] debug: ignoring loglevel setting.
[    0.000000] Memory policy: Data cache writealloc
[    0.000000] efi: Getting EFI parameters from FDT:
[    0.000000] efi: UEFI not found.
[    0.000000] cma: Reserved 64 MiB at 0xfb800000
[    0.000000] On node 0 totalpages: 524287
[    0.000000] free_area_init_node: node 0, pgdat c157fd40, node_mem_map eeff8000
[    0.000000]   DMA zone: 1536 pages used for memmap
[    0.000000]   DMA zone: 0 pages reserved
[    0.000000]   DMA zone: 196608 pages, LIFO batch:31
[    0.000000]   HighMem zone: 327679 pages, LIFO batch:31
[    0.000000] percpu: Embedded 17 pages/cpu @eef81000 s39168 r8192 d22272 u69632
[    0.000000] pcpu-alloc: s39168 r8192 d22272 u69632 alloc=17*4096
[    0.000000] pcpu-alloc: [0] 0 [0] 1 [0] 2 [0] 3 
[    0.000000] Built 1 zonelists in Zone order, mobility grouping on.  Total pages: 522751
[    0.000000] Kernel command line: ignore_loglevel console=ttyS0,115200n8 rw root=PARTUUID=4d36e82a-b3c0-4b4b-bfcd-afe5217ac023 rootwait gpt debug noinitrd earlyprintk init=/bin/bash
[    0.000000] PID hash table entries: 4096 (order: 2, 16384 bytes)
[    0.000000] Dentry cache hash table entries: 131072 (order: 7, 524288 bytes)
[    0.000000] Inode-cache hash table entries: 65536 (order: 6, 262144 bytes)
[    0.000000] Memory: 1994436K/2097148K available (10240K kernel code, 1566K rwdata, 4384K rodata, 2048K init, 409K bss, 37176K reserved, 65536K cma-reserved, 1245180K highmem)
[    0.000000] Virtual kernel memory layout:
[    0.000000]     vector  : 0xffff0000 - 0xffff1000   (   4 kB)
[    0.000000]     fixmap  : 0xffc00000 - 0xfff00000   (3072 kB)
[    0.000000]     vmalloc : 0xf0800000 - 0xff800000   ( 240 MB)
[    0.000000]     lowmem  : 0xc0000000 - 0xf0000000   ( 768 MB)
[    0.000000]     pkmap   : 0xbfe00000 - 0xc0000000   (   2 MB)
[    0.000000]     modules : 0xbf000000 - 0xbfe00000   (  14 MB)
[    0.000000]       .text : 0xc0208000 - 0xc0d00000   (11232 kB)
[    0.000000]       .init : 0xc1200000 - 0xc1400000   (2048 kB)
[    0.000000]       .data : 0xc1400000 - 0xc15879b0   (1567 kB)
[    0.000000]        .bss : 0xc1590ce0 - 0xc15f7498   ( 410 kB)
[    0.000000] SLUB: HWalign=64, Order=0-3, MinObjects=0, CPUs=4, Nodes=1
[    0.000000] Hierarchical RCU implementation.
[    0.000000] 	RCU debugfs-based tracing is enabled.
[    0.000000] 	RCU restricting CPUs from NR_CPUS=16 to nr_cpu_ids=4.
[    0.000000] RCU: Adjusting geometry for rcu_fanout_leaf=16, nr_cpu_ids=4
[    0.000000] NR_IRQS:16 nr_irqs:16 16
[    0.000000] /interrupt-controller@60004000: 160 interrupts forwarded to /interrupt-controller@50041000
[    0.000000] Tegra clk 127: register failed with -17
[    0.000004] sched_clock: 32 bits at 1000kHz, resolution 1000ns, wraps every 2147483647500ns
[    0.000012] clocksource: timer_us: mask: 0xffffffff max_cycles: 0xffffffff, max_idle_ns: 1911260446275 ns
[    0.000018] Switching to timer-based delay loop, resolution 1000ns
[    0.001656] arch_timer: cp15 timer(s) running at 12.00MHz (virt).
[    0.001663] clocksource: arch_sys_counter: mask: 0xffffffffffffff max_cycles: 0x2c47f4ee7, max_idle_ns: 440795202497 ns
[    0.001670] sched_clock: 56 bits at 12MHz, resolution 83ns, wraps every 4398046511096ns
[    0.001674] Switching to timer-based delay loop, resolution 83ns
[    0.001885] Console: colour dummy device 80x30
[    0.001900] Calibrating delay loop (skipped), value calculated using timer frequency.. 24.00 BogoMIPS (lpj=120000)
[    0.001906] pid_max: default: 32768 minimum: 301
[    0.001944] Mount-cache hash table entries: 2048 (order: 1, 8192 bytes)
[    0.001948] Mountpoint-cache hash table entries: 2048 (order: 1, 8192 bytes)
[    0.002153] CPU: Testing write buffer coherency: ok
[    0.002273] /cpus/cpu@0 missing clock-frequency property
[    0.002288] /cpus/cpu@1 missing clock-frequency property
[    0.002302] /cpus/cpu@2 missing clock-frequency property
[    0.002318] /cpus/cpu@3 missing clock-frequency property
[    0.002323] CPU0: thread -1, cpu 0, socket 0, mpidr 80000000
[    0.002438] Setting up static identity map for 0x80300000 - 0x803000a0
[    0.003772] Tegra Revision: A01 SKU: 131 CPU Process: 1 SoC Process: 1
[    0.004031] EFI services will not be available.
[    0.004123] smp: Bringing up secondary CPUs ...
[    0.004416] CPU1: thread -1, cpu 1, socket 0, mpidr 80000001
[    0.011908] CPU2: thread -1, cpu 2, socket 0, mpidr 80000002
[    0.021913] CPU3: thread -1, cpu 3, socket 0, mpidr 80000003
[    0.031634] smp: Brought up 1 node, 4 CPUs
[    0.031641] SMP: Total of 4 processors activated (96.00 BogoMIPS).
[    0.031645] CPU: All CPU(s) started in SVC mode.
[    0.032185] devtmpfs: initialized
[    0.037872] VFP support v0.3: implementor 41 architecture 4 part 30 variant f rev 0
[    0.038059] clocksource: jiffies: mask: 0xffffffff max_cycles: 0xffffffff, max_idle_ns: 19112604462750000 ns
[    0.038067] futex hash table entries: 1024 (order: 4, 65536 bytes)
[    0.038633] pinctrl core: initialized pinctrl subsystem
[    0.039390] NET: Registered protocol family 16
[    0.040128] DMA: preallocated 256 KiB pool for atomic coherent allocations
[    0.041006] cpuidle: using governor menu
[    0.049924] No ATAGs?
[    0.049975] hw-breakpoint: found 5 (+1 reserved) breakpoint and 4 watchpoint registers.
[    0.049981] hw-breakpoint: maximum watchpoint size is 8 bytes.
[    0.052816] Serial: AMBA PL011 UART driver
[    0.053168] tegra-mc 70019000.memory-controller: no memory timings for RAM code 0 registered
[    0.058516] AT91: Could not find identification node
[    0.058721] +5V_SYS: supplied by +VDD_MUX
[    0.058820] +3.3V_SYS: supplied by +VDD_MUX
[    0.059035] +VDD_LED: Failed to request enable GPIO122: -517
[    0.059041] reg-fixed-voltage regulators:regulator@5: Failed to register regulator: -517
[    0.059075] +5V_VDD_TS_SW: Failed to request enable GPIO81: -517
[    0.059080] reg-fixed-voltage regulators:regulator@6: Failed to register regulator: -517
[    0.059115] +5V_USB_HS: Failed to request enable GPIO108: -517
[    0.059119] reg-fixed-voltage regulators:regulator@7: Failed to register regulator: -517
[    0.059153] +5V_USB_SS: Failed to request enable GPIO109: -517
[    0.059157] reg-fixed-voltage regulators:regulator@8: Failed to register regulator: -517
[    0.059247] +1.05V_RUN_AVDD_HDMI_PLL: Failed to request enable GPIO63: -517
[    0.059251] reg-fixed-voltage regulators:regulator@11: Failed to register regulator: -517
[    0.059284] +5V_HDMI_CON: Failed to request enable GPIO86: -517
[    0.059288] reg-fixed-voltage regulators:regulator@12: Failed to register regulator: -517
[    0.060287] vgaarb: loaded
[    0.060562] SCSI subsystem initialized
[    0.060620] libata version 3.00 loaded.
[    0.060708] usbcore: registered new interface driver usbfs
[    0.060729] usbcore: registered new interface driver hub
[    0.060755] usbcore: registered new device driver usb
[    0.062059] pps_core: LinuxPPS API ver. 1 registered
[    0.062063] pps_core: Software ver. 5.3.6 - Copyright 2005-2007 Rodolfo Giometti <giometti@linux.it>
[    0.062071] PTP clock support registered
[    0.062136] EDAC MC: Ver: 3.0.0
[    0.062555] tegra-emc 7001b000.emc: no memory timings for RAM code 0 found in DT
[    0.062566] tegra-emc: probe of 7001b000.emc failed with error -2
[    0.062996] clocksource: Switched to clocksource arch_sys_counter
[    0.083128] NET: Registered protocol family 2
[    0.083327] TCP established hash table entries: 8192 (order: 3, 32768 bytes)
[    0.083361] TCP bind hash table entries: 8192 (order: 4, 65536 bytes)
[    0.083424] TCP: Hash tables configured (established 8192 bind 8192)
[    0.083460] UDP hash table entries: 512 (order: 2, 16384 bytes)
[    0.083475] UDP-Lite hash table entries: 512 (order: 2, 16384 bytes)
[    0.083536] NET: Registered protocol family 1
[    0.083691] RPC: Registered named UNIX socket transport module.
[    0.083695] RPC: Registered udp transport module.
[    0.083698] RPC: Registered tcp transport module.
[    0.083701] RPC: Registered tcp NFSv4.1 backchannel transport module.
[    0.083706] PCI: CLS 0 bytes, default 64
[    0.084250] hw perfevents: enabled with armv7_cortex_a15 PMU driver, 7 counters available
[    0.084953] workingset: timestamp_bits=30 max_order=19 bucket_order=0
[    0.087815] squashfs: version 4.0 (2009/01/31) Phillip Lougher
[    0.088066] NFS: Registering the id_resolver key type
[    0.088080] Key type id_resolver registered
[    0.088083] Key type id_legacy registered
[    0.088099] ntfs: driver 2.1.32 [Flags: R/O].
[    0.088707] bounce: pool size: 64 pages
[    0.088724] Block layer SCSI generic (bsg) driver version 0.4 loaded (major 248)
[    0.088728] io scheduler noop registered
[    0.088732] io scheduler deadline registered
[    0.088743] io scheduler cfq registered (default)
[    0.088747] io scheduler mq-deadline registered
[    0.088750] io scheduler kyber registered
[    0.090602] tegra-xusb-padctl 7009f000.padctl: failed to setup XUSB ports: -517
[    0.100115] tegra-apbdma 60020000.dma: Tegra20 APB DMA driver register 32 channels
[    0.101049] tegra-pmc 7000e400.pmc: i2c-thermtrip node not found, emergency thermal reset disabled.
[    0.119234] Serial: 8250/16550 driver, 4 ports, IRQ sharing disabled
[    0.120262] console [ttyS0] disabled
[    0.120281] 70006000.serial: ttyS0 at MMIO 0x70006000 (irq = 333, base_baud = 25500000) is a Tegra
[    1.005906] console [ttyS0] enabled
[    1.009668] SuperH (H)SCI(F) driver initialized
[    1.014521] msm_serial: driver initialized
[    1.018669] STMicroelectronics ASC driver initialized
[    1.025687] tegra-hdmi 54280000.hdmi: failed to get HDMI regulator
[    1.032212] tegra-dpaux 545c0000.dpaux: failed to get VDD supply: -517
[    1.039596] panel-simple panel: panel supply power not found, using dummy regulator
[    1.050792] brd: module loaded
[    1.056517] loop: module loaded
[    1.060571] as3722 4-0040: AS3722 with revision 0x1 found
[    1.070573] as3722-sd2: supplied by +5V_SYS
[    1.074990] as3722-sd3: supplied by +5V_SYS
[    1.079320] +1.35V_LP0(sd3): Bringing 0uV into 1350000-1350000uV
[    1.085544] as3722-sd4: supplied by +5V_SYS
[    1.089871] +1.05V_RUN: Bringing 0uV into 1050000-1050000uV
[    1.095613] as3722-sd5: supplied by +5V_SYS
[    1.101185] as3722-ldo0: supplied by +1.35V_LP0(sd2)
[    1.106903] +1.8V_RUN_CAM: Bringing 0uV into 1800000-1800000uV
[    1.112905] as3722-ldo2: supplied by +1.8V_VDDIO
[    1.118532] as3722-ldo3: supplied by +3.3V_SYS
[    1.122981] +1.00V_LP0_VDD_RTC: Bringing 1100000uV into 1000000-1000000uV
[    1.130553] as3722-ldo4: supplied by +3.3V_SYS
[    1.135150] +3.3V_RUN_CAM: Bringing 0uV into 2800000-2800000uV
[    1.141152] as3722-ldo5: supplied by +1.8V_VDDIO
[    1.145927] +1.2V_RUN_CAM_FRONT: Bringing 0uV into 1200000-1200000uV
[    1.152603] +VDDIO_SDMMC3: Bringing 0uV into 1800000-1800000uV
[    1.158621] as3722-ldo7: supplied by +1.8V_VDDIO
[    1.163392] +1.05V_RUN_CAM_REAR: Bringing 0uV into 1050000-1050000uV
[    1.169926] as3722-ldo9: supplied by +5V_SYS
[    1.174492] +2.8V_RUN_TOUCH: Bringing 0uV into 2800000-2800000uV
[    1.180682] as3722-ldo10: supplied by +5V_SYS
[    1.185193] +2.8V_RUN_CAM_AF: Bringing 0uV into 2800000-2800000uV
[    1.191616] +1.8V_RUN_VPP_FUSE: Bringing 0uV into 1800000-1800000uV
[    1.204012] random: fast init done
[    1.209900] m25p80 spi32765.0: w25q32dw (4096 Kbytes)
[    1.215974] libphy: Fixed MDIO Bus: probed
[    1.220441] CAN device driver interface
[    1.224591] bgmac_bcma: Broadcom 47xx GBit MAC driver loaded
[    1.230687] e1000e: Intel(R) PRO/1000 Network Driver - 3.2.6-k
[    1.236509] e1000e: Copyright(c) 1999 - 2015 Intel Corporation.
[    1.242430] igb: Intel(R) Gigabit Ethernet Network Driver - version 5.4.0-k
[    1.249379] igb: Copyright (c) 2007-2014 Intel Corporation.
[    1.256134] pegasus: v0.9.3 (2013/04/25), Pegasus/Pegasus II USB Ethernet driver
[    1.263538] usbcore: registered new interface driver pegasus
[    1.269196] usbcore: registered new interface driver asix
[    1.274599] usbcore: registered new interface driver ax88179_178a
[    1.280688] usbcore: registered new interface driver cdc_ether
[    1.286527] usbcore: registered new interface driver smsc75xx
[    1.292272] usbcore: registered new interface driver smsc95xx
[    1.298019] usbcore: registered new interface driver net1080
[    1.303678] usbcore: registered new interface driver cdc_subset
[    1.309591] usbcore: registered new interface driver zaurus
[    1.315174] usbcore: registered new interface driver cdc_ncm
[    1.321472] ehci_hcd: USB 2.0 'Enhanced' Host Controller (EHCI) Driver
[    1.327988] ehci-pci: EHCI PCI platform driver
[    1.332432] ehci-platform: EHCI generic platform driver
[    1.337715] ehci-orion: EHCI orion driver
[    1.341766] SPEAr-ehci: EHCI SPEAr driver
[    1.345814] ehci-st: EHCI STMicroelectronics driver
[    1.350724] ehci-exynos: EHCI EXYNOS driver
[    1.354953] ehci-atmel: EHCI Atmel driver
[    1.358995] tegra-ehci: Tegra EHCI driver
[    1.363057] ohci_hcd: USB 1.1 'Open' Host Controller (OHCI) Driver
[    1.369226] ohci-pci: OHCI PCI platform driver
[    1.373675] ohci-platform: OHCI generic platform driver
[    1.378940] ohci-omap3: OHCI OMAP3 driver
[    1.382983] SPEAr-ohci: OHCI SPEAr driver
[    1.387032] ohci-st: OHCI STMicroelectronics driver
[    1.391942] ohci-atmel: OHCI Atmel driver
[    1.396198] usbcore: registered new interface driver usb-storage
[    1.403122] elan_i2c 1-0015: 1-0015 supply vcc not found, using dummy regulator
[    1.404707] as3722-rtc as3722-rtc: rtc core: registered as3722-rtc as rtc0
[    1.404710] as3722-rtc as3722-rtc: RTC interrupt 372
[    1.406944] tegra_rtc 7000e000.rtc: rtc core: registered 7000e000.rtc as rtc1
[    1.406964] tegra_rtc 7000e000.rtc: Tegra internal Real Time Clock
[    1.407213] i2c /dev entries driver
[    1.410321] lm90 0-004c: 0-004c supply vcc not found, using dummy regulator
[    1.448891] sdhci: Secure Digital Host Controller Interface driver
[    1.455074] sdhci: Copyright(c) Pierre Ossman
[    1.459949] Synopsys Designware Multimedia Card Interface Driver
[    1.466381] sdhci-pltfm: SDHCI platform and OF driver helper
[    1.472302] sdhci-tegra 700b0000.sdhci: allocated mmc-pwrseq
[    1.486110] sdhci-tegra 700b0400.sdhci: Got CD GPIO
[    1.490980] sdhci-tegra 700b0400.sdhci: Got WP GPIO
[    1.511117] mmc0: Unknown controller version (3). You may experience problems.
[    1.518366] mmc0: Invalid maximum block size, assuming 512 bytes
[    1.583002] mmc0: SDHCI controller on 700b0600.sdhci [700b0600.sdhci] using ADMA
[    1.591056] ledtrig-cpu: registered to indicate activity on CPUs
[    1.597238] usbcore: registered new interface driver usbhid
[    1.602801] usbhid: USB HID core driver
[    1.607998] NET: Registered protocol family 10
[    1.612773] Segment Routing with IPv6
[    1.616476] sit: IPv6, IPv4 and MPLS over IPv4 tunneling driver
[    1.622610] NET: Registered protocol family 17
[    1.627059] can: controller area network core (rev 20170425 abi 9)
[    1.633262] NET: Registered protocol family 29
[    1.637698] can: raw protocol (rev 20170425)
[    1.641960] can: broadcast manager protocol (rev 20170425 t)
[    1.647617] can: netlink gateway (rev 20170425) max_hops=1
[    1.653230] Key type dns_resolver registered
[    1.657713] ThumbEE CPU extension supported.
[    1.661979] Registering SWP/SWPB emulation handler
[    1.672763] +3.3V_RUN: supplied by +3.3V_SYS
[    1.673704] elan_i2c 1-0015: Elan Touchpad: Module ID: 0x002a, Firmware: 0x0005, Sample: 0x0007, IAP: 0x0009
[    1.687318] input: Elan Touchpad as /devices/soc0/7000c400.i2c/i2c-1/1-0015/input/input0
[    1.687818] +VDD_LED: supplied by +VDD_MUX
[    1.687921] +3.3V_AVDD_HDMI_AP_GATED: supplied by +3.3V_RUN
[    1.687959] +1.8V_RUN_CAM: supplied by +3.3V_RUN
[    1.687996] +VDDIO_SDMMC3: supplied by +3.3V_RUN
[    1.688035] +1.8V_RUN_VPP_FUSE: supplied by +3.3V_RUN
[    1.688211] +5V_VDD_TS_SW: supplied by +5V_SYS
[    1.688444] +5V_USB_HS: supplied by +5V_SYS
[    1.688677] +5V_USB_SS: supplied by +5V_SYS
[    1.709918] +3.3V_PANEL: supplied by +3.3V_RUN
[    1.728301] +3.3V_LP0: supplied by +3.3V_SYS
[    1.741247] elan_i2c 1-0015: failed to read report data: -121
[    1.741816] +1.05V_RUN_AVDD_HDMI_PLL: supplied by +1.05V_RUN
[    1.742364] +5V_HDMI_CON: supplied by +5V_SYS
[    1.744059]  usb3-0: usb3-0 supply vbus not found, using dummy regulator
[    1.744185]  usb3-1: usb3-1 supply vbus not found, using dummy regulator
[    1.760853] mmc0: new high speed MMC card at address 0001
[    1.761511] mmcblk0: mmc0:0001 MMC16G 14.4 GiB 
[    1.762972] tegra-sor 54540000.sor: failed to probe output: -517
[    1.764088] panel-simple panel: panel supply power not found, using dummy regulator
[    1.765470] sdhci-tegra 700b0000.sdhci: allocated mmc-pwrseq
[    1.773318] mmc1: Unknown controller version (3). You may experience problems.
[    1.773364] mmc1: Invalid maximum block size, assuming 512 bytes
[    1.773507] mmcblk0boot0: mmc0:0001 MMC16G partition 1 2.00 MiB
[    1.773977] mmc1: Switching to 3.3V signalling voltage failed
[    1.793161] mmcblk0boot1: mmc0:0001 MMC16G partition 2 2.00 MiB
[    1.793800] mmcblk0rpmb: mmc0:0001 MMC16G partition 3 128 KiB
[    1.797931]  mmcblk0: p1 p2 p3 p4 p5 p6 p7 p8 p9 p10 p11 p12
[    1.843100] mmc1: SDHCI controller on 700b0000.sdhci [700b0000.sdhci] using ADMA
[    1.851211] sdhci-tegra 700b0400.sdhci: Got CD GPIO
[    1.856128] sdhci-tegra 700b0400.sdhci: Got WP GPIO
[    1.869460] mmc2: Unknown controller version (3). You may experience problems.
[    1.876804] mmc2: Invalid maximum block size, assuming 512 bytes
[    1.892424] elan_i2c 1-0015: invalid report id data (ff)
[    1.911082] mmc1: new high speed SDIO card at address 0001
[    1.943077] mmc2: SDHCI controller on 700b0400.sdhci [700b0400.sdhci] using ADMA
[    1.956330] input: gpio-keys as /devices/soc0/gpio-keys/input/input1
[    1.963772] as3722-rtc as3722-rtc: setting system clock to 2000-01-01 00:00:22 UTC (946684822)
[    1.972712] +3.3V_AVDD_HDMI_AP_GATED: disabling
[    1.977267] +1.05V_RUN: disabling
[    1.980686] +1.8V_RUN_CAM: disabling
[    1.984516] +3.3V_RUN_CAM: disabling
[    1.988254] +1.2V_RUN_CAM_FRONT: disabling
[    1.993117] +1.05V_RUN_CAM_REAR: disabling
[    1.997428] +2.8V_RUN_TOUCH: disabling
[    2.001348] +2.8V_RUN_CAM_AF: disabling
[    2.005448] +1.8V_RUN_VPP_FUSE: disabling
[    2.009662] +VDD_LED: disabling
[    2.012801] +5V_VDD_TS_SW: disabling
[    2.016410] +5V_USB_HS: disabling
[    2.019726] +5V_USB_SS: disabling
[    2.023058] +3.3V_PANEL: disabling
[    2.026460] +1.05V_RUN_AVDD_HDMI_PLL: disabling
[    2.030980] +5V_HDMI_CON: disabling
[    2.035394] EXT4-fs (mmcblk0p3): couldn't mount as ext3 due to feature incompatibilities
[    2.044108] EXT4-fs (mmcblk0p3): couldn't mount as ext2 due to feature incompatibilities
[    2.124817] mmc2: new high speed SDHC card at address 0007
[    2.130917] mmcblk2: mmc2:0007 SD08G 7.42 GiB 
[    2.145989] GPT:Primary header alternate_lba != Alt. header my_lba
[    2.152162] GPT:3014591 != 15564799
[    2.155671] GPT:Primary header thinks Alt. header is not at the end of the disk.
[    2.163054] GPT:3014591 != 15564799
[    2.166530] GPT: Use GNU Parted to correct GPT errors.
[    2.171676]  mmcblk2: p1 p2 p3 p4 p5 p6 p7 p8 p9 p10 p11 p12
[    2.229063] EXT4-fs (mmcblk0p3): recovery complete
[    2.234719] EXT4-fs (mmcblk0p3): mounted filesystem with ordered data mode. Opts: (null)
[    2.242822] VFS: Mounted root (ext4 filesystem) on device 179:3.
[    2.249522] devtmpfs: mounted
[    2.253204] Freeing unused kernel memory: 2048K
bash: cannot set terminal process group (-1): Inappropriate ioctl for device
bash: no job control in this shell
root@(none):/# mount -t sysfs none /sys
root@(none):/# 
root@(none):/# mount -t debugfs none /sys/kernel/debug
root@(none):/# 
root@(none):/# rtcwake -d rtc1 -m mem -s 3
rtcwake: assuming RTC uses UTC ...
rtcwake: wakeup from "mem" using /dev/rtc1 at Thu Jan  1 00:00:27 1970
[    4.782914] PM: Syncing filesystems ... done.
[    4.788651] Freezing user space processes ... (elapsed 0.001 seconds) done.
[    4.796824] OOM killer disabled.
[    4.800045] Freezing remaining freezable tasks ... (elapsed 0.001 seconds) done.
[    4.808701] Suspending console(s) (use no_console_suspend to debug)
[    4.832240] PM: suspend of devices complete after 16.751 msecs
[    4.833470] PM: late suspend of devices complete after 1.221 msecs
[    4.834463] PM: noirq suspend of devices complete after 0.988 msecs
[    4.834466] Disabling non-boot CPUs ...
[    4.834710] IRQ352 no longer affine to CPU1
[    4.895330] IRQ353 no longer affine to CPU2
[    4.955095] IRQ354 no longer affine to CPU3
[    5.004582] Entering suspend state LP1
[    5.004582] Suspended for 2.906 seconds
[    5.004593] Enabling non-boot CPUs ...
[    5.034573] CPU1 is up
[    5.074432] CPU2 is up
[    5.114682] CPU3 is up
[    5.115143] PM: noirq resume of devices complete after 0.455 msecs
[    5.116362] PM: early resume of devices complete after 0.900 msecs
[    5.272177] mmc1: Switching to 3.3V signalling voltage failed
[    5.354536] PM: resume of devices complete after 238.163 msecs
[    5.432523] OOM killer enabled.
[    5.435656] Restarting tasks ... done.
root@(none):/# 
root@(none):/# rtcwake -d rtc1 -m mem -s 3
rtcwake: assuming RTC uses UTC ...
rtcwake: wakeup from "mem" using /dev/rtc1 at Thu Jan  1 00:00:31 1970
[    5.961377] PM: Syncing filesystems ... done.
[    5.966924] Freezing user space processes ... (elapsed 0.001 seconds) done.
[    5.974980] OOM killer disabled.
[    5.978196] Freezing remaining freezable tasks ... (elapsed 0.001 seconds) done.
[    5.986797] Suspending console(s) (use no_console_suspend to debug)
[    6.011150] PM: suspend of devices complete after 17.594 msecs
[    6.012175] PM: late suspend of devices complete after 1.021 msecs
[    6.013017] PM: noirq suspend of devices complete after 0.838 msecs
[    6.013020] Disabling non-boot CPUs ...
[    6.013256] IRQ352 no longer affine to CPU1
[    6.085077] IRQ353 no longer affine to CPU2
[    6.145001] IRQ354 no longer affine to CPU3
[    6.194503] Entering suspend state LP1
[    6.194503] Suspended for 2.810 seconds
[    6.194515] Enabling non-boot CPUs ...
[    6.224578] CPU1 is up
[    6.264413] CPU2 is up
[    6.304611] CPU3 is up
[    6.305070] PM: noirq resume of devices complete after 0.454 msecs
[    6.306312] PM: early resume of devices complete after 0.923 msecs
[    6.462206] mmc1: Switching to 3.3V signalling voltage failed
[    6.544471] PM: resume of devices complete after 238.151 msecs
[    6.622470] OOM killer enabled.
[    6.625603] Restarting tasks ... done.
root@(none):/# 
root@(none):/# rtcwake -d rtc1 -m mem -s 3
rtcwake: assuming RTC uses UTC ...
rtcwake: wakeup from "mem" using /dev/rtc1 at Thu Jan  1 00:00:35 1970
[    7.151831] PM: Syncing filesystems ... done.
[    7.157712] Freezing user space processes ... (elapsed 0.001 seconds) done.
[    7.165874] OOM killer disabled.
[    7.169090] Freezing remaining freezable tasks ... (elapsed 0.001 seconds) done.
[    7.177683] Suspending console(s) (use no_console_suspend to debug)
[    7.201190] PM: suspend of devices complete after 16.746 msecs
[    7.202255] PM: late suspend of devices complete after 1.059 msecs
[    7.203123] PM: noirq suspend of devices complete after 0.865 msecs
[    7.203126] Disabling non-boot CPUs ...
[    7.203384] IRQ352 no longer affine to CPU1
[    7.275004] IRQ353 no longer affine to CPU2
[    7.334835] IRQ354 no longer affine to CPU3
[    7.384705] Entering suspend state LP1
[    7.384705] Suspended for 2.809 seconds
[    7.384716] Enabling non-boot CPUs ...
[    7.414532] CPU1 is up
[    7.454377] CPU2 is up
[    7.494565] CPU3 is up
[    7.495010] PM: noirq resume of devices complete after 0.439 msecs
[    7.496309] PM: early resume of devices complete after 0.997 msecs
[    7.651945] mmc1: Switching to 3.3V signalling voltage failed
[    7.734440] PM: resume of devices complete after 238.122 msecs
[    7.812444] OOM killer enabled.
[    7.815577] Restarting tasks ... done.
root@(none):/# 
root@(none):/# rtcwake -d rtc1 -m mem -s 3
rtcwake: assuming RTC uses UTC ...
rtcwake: wakeup from "mem" using /dev/rtc1 at Thu Jan  1 00:00:39 1970
[    8.341787] PM: Syncing filesystems ... done.
[    8.347620] Freezing user space processes ... (elapsed 0.001 seconds) done.
[    8.355788] OOM killer disabled.
[    8.359004] Freezing remaining freezable tasks ... (elapsed 0.001 seconds) done.
[    8.367598] Suspending console(s) (use no_console_suspend to debug)
[    8.391891] PM: suspend of devices complete after 17.533 msecs
[    8.393326] PM: late suspend of devices complete after 1.426 msecs
[    8.394329] PM: noirq suspend of devices complete after 0.999 msecs
[    8.394331] Disabling non-boot CPUs ...
[    8.394531] IRQ17 no longer affine to CPU1
[    8.564663] Entering suspend state LP1
[    8.564663] Suspended for 2.819 seconds
[    8.564674] Enabling non-boot CPUs ...
[    8.594495] CPU1 is up
[    8.634337] CPU2 is up
[    8.674541] CPU3 is up
[    8.674993] PM: noirq resume of devices complete after 0.446 msecs
[    8.676328] PM: early resume of devices complete after 1.028 msecs
[    8.831904] mmc1: Switching to 3.3V signalling voltage failed
[    8.914384] PM: resume of devices complete after 238.047 msecs
[    8.983956] OOM killer enabled.
[    8.987085] Restarting tasks ... done.
root@(none):/# 
root@(none):/# rtcwake -d rtc1 -m mem -s 3
rtcwake: assuming RTC uses UTC ...
rtcwake: wakeup from "mem" using /dev/rtc1 at Thu Jan  1 00:00:43 1970
[    9.521394] PM: Syncing filesystems ... done.
[    9.526943] Freezing user space processes ... (elapsed 0.001 seconds) done.
[    9.535000] OOM killer disabled.
[    9.538216] Freezing remaining freezable tasks ... (elapsed 0.001 seconds) done.
[    9.546819] Suspending console(s) (use no_console_suspend to debug)
[    9.571180] PM: suspend of devices complete after 17.601 msecs
[    9.572519] PM: late suspend of devices complete after 1.330 msecs
[    9.573491] PM: noirq suspend of devices complete after 0.967 msecs
[    9.573493] Disabling non-boot CPUs ...
[    9.744401] Entering suspend state LP1
[    9.744401] Suspended for 2.820 seconds
[    9.744412] Enabling non-boot CPUs ...
[    9.774474] CPU1 is up
[    9.814319] CPU2 is up
[    9.854526] CPU3 is up
[    9.854960] PM: noirq resume of devices complete after 0.430 msecs
[    9.856386] PM: early resume of devices complete after 1.110 msecs
[   10.013021] mmc1: Switching to 3.3V signalling voltage failed
[   10.104526] PM: resume of devices complete after 248.131 msecs
[   10.170079] OOM killer enabled.
[   10.173231] Restarting tasks ... done.
root@(none):/# 
root@(none):/# rtcwake -d rtc1 -m mem -s 3
rtcwake: assuming RTC uses UTC ...
rtcwake: wakeup from "mem" using /dev/rtc1 at Thu Jan  1 00:00:47 1970
[   10.701727] PM: Syncing filesystems ... done.
[   10.707588] Freezing user space processes ... (elapsed 0.001 seconds) done.
[   10.715752] OOM killer disabled.
[   10.718968] Freezing remaining freezable tasks ... (elapsed 0.001 seconds) done.
[   10.727564] Suspending console(s) (use no_console_suspend to debug)
[   10.750806] PM: suspend of devices complete after 16.485 msecs
[   10.752141] PM: late suspend of devices complete after 1.326 msecs
[   10.753097] PM: noirq suspend of devices complete after 0.951 msecs
[   10.753099] Disabling non-boot CPUs ...
[   10.753359] migrate_irqs: 7 callbacks suppressed
[   10.753361] IRQ352 no longer affine to CPU1
[   10.814840] IRQ17 no longer affine to CPU2
[   10.814947] IRQ353 no longer affine to CPU2
[   10.874742] IRQ354 no longer affine to CPU3
[   10.924660] Entering suspend state LP1
[   10.924660] Suspended for 2.819 seconds
[   10.924671] Enabling non-boot CPUs ...
[   10.954461] CPU1 is up
[   10.994288] CPU2 is up
[   11.034503] CPU3 is up
[   11.034935] PM: noirq resume of devices complete after 0.427 msecs
[   11.036350] PM: early resume of devices complete after 1.086 msecs
[   11.192122] mmc1: Switching to 3.3V signalling voltage failed
[   11.274405] PM: resume of devices complete after 238.046 msecs
[   11.361048] OOM killer enabled.
[   11.364180] Restarting tasks ... done.
root@(none):/# 
root@(none):/# rtcwake -d rtc1 -m mem -s 3
rtcwake: assuming RTC uses UTC ...
rtcwake: wakeup from "mem" using /dev/rtc1 at Thu Jan  1 00:00:51 1970
[   11.880866] PM: Syncing filesystems ... done.
[   11.886414] Freezing user space processes ... (elapsed 0.001 seconds) done.
[   11.894554] OOM killer disabled.
[   11.897770] Freezing remaining freezable tasks ... (elapsed 0.001 seconds) done.
[   11.906379] Suspending console(s) (use no_console_suspend to debug)
[   11.930780] PM: suspend of devices complete after 17.638 msecs
[   11.932122] PM: late suspend of devices complete after 1.333 msecs
[   11.933101] PM: noirq suspend of devices complete after 0.974 msecs
[   11.933103] Disabling non-boot CPUs ...
[   11.933345] IRQ352 no longer affine to CPU1
[   11.994958] IRQ353 no longer affine to CPU2
[   12.054731] IRQ17 no longer affine to CPU3
[   12.054833] IRQ354 no longer affine to CPU3
[   12.104327] Entering suspend state LP1
[   12.104327] Suspended for 2.820 seconds
[   12.104339] Enabling non-boot CPUs ...
[   12.134444] CPU1 is up
[   12.174273] CPU2 is up
[   12.214479] CPU3 is up
[   12.214916] PM: noirq resume of devices complete after 0.431 msecs
[   12.216329] PM: early resume of devices complete after 1.109 msecs
[   12.372843] mmc1: Switching to 3.3V signalling voltage failed
[   12.464782] PM: resume of devices complete after 248.444 msecs
[   12.546840] OOM killer enabled.
[   12.549969] Restarting tasks ... done.
root@(none):/# 
root@(none):/# rtcwake -d rtc1 -m mem -s 3
rtcwake: assuming RTC uses UTC ...
rtcwake: wakeup from "mem" using /dev/rtc1 at Thu Jan  1 00:00:55 1970
[   13.061686] PM: Syncing filesystems ... done.
[   13.067573] Freezing user space processes ... (elapsed 0.001 seconds) done.
[   13.075748] OOM killer disabled.
[   13.078964] Freezing remaining freezable tasks ... (elapsed 0.001 seconds) done.
[   13.087558] Suspending console(s) (use no_console_suspend to debug)
[   13.111074] PM: suspend of devices complete after 16.756 msecs
[   13.112561] PM: late suspend of devices complete after 1.477 msecs
[   13.113531] PM: noirq suspend of devices complete after 0.965 msecs
[   13.113533] Disabling non-boot CPUs ...
[   13.113792] IRQ352 no longer affine to CPU1
[   13.174892] IRQ353 no longer affine to CPU2
[   13.274614] Entering suspend state LP1
[   13.274614] Suspended for 2.829 seconds
[   13.274626] Enabling non-boot CPUs ...
[   13.304401] CPU1 is up
[   13.344249] CPU2 is up
[   13.384442] CPU3 is up
[   13.384881] PM: noirq resume of devices complete after 0.433 msecs
[   13.386050] PM: early resume of devices complete after 0.853 msecs
[   13.541886] mmc1: Switching to 3.3V signalling voltage failed
[   13.624319] PM: resume of devices complete after 238.258 msecs
[   13.698078] OOM killer enabled.
[   13.701207] Restarting tasks ... done.
root@(none):/# 
root@(none):/# rtcwake -d rtc1 -m mem -s 3
rtcwake: assuming RTC uses UTC ...
rtcwake: wakeup from "mem" using /dev/rtc1 at Thu Jan  1 00:00:59 1970
[   14.231223] PM: Syncing filesystems ... done.
[   14.236998] Freezing user space processes ... (elapsed 0.001 seconds) done.
[   14.245163] OOM killer disabled.
[   14.248379] Freezing remaining freezable tasks ... (elapsed 0.001 seconds) done.
[   14.256991] Suspending console(s) (use no_console_suspend to debug)
[   14.280312] PM: suspend of devices complete after 16.560 msecs
[   14.281653] PM: late suspend of devices complete after 1.333 msecs
[   14.282596] PM: noirq suspend of devices complete after 0.939 msecs
[   14.282599] Disabling non-boot CPUs ...
[   14.474288] Entering suspend state LP1
[   14.474288] Suspended for 2.800 seconds
[   14.474299] Enabling non-boot CPUs ...
[   14.504377] CPU1 is up
[   14.544219] CPU2 is up
[   14.584429] CPU3 is up
[   14.584873] PM: noirq resume of devices complete after 0.439 msecs
[   14.586091] PM: early resume of devices complete after 0.892 msecs
[   14.741673] mmc1: Switching to 3.3V signalling voltage failed
[   14.824275] PM: resume of devices complete after 238.171 msecs
[   14.889784] OOM killer enabled.
[   14.892918] Restarting tasks ... done.
root@(none):/# 
root@(none):/# rtcwake -d rtc1 -m mem -s 3
rtcwake: assuming RTC uses UTC ...
rtcwake: wakeup from "mem" using /dev/rtc1 at Thu Jan  1 00:01:03 1970
[   15.431646] PM: Syncing filesystems ... done.
[   15.437529] Freezing user space processes ... (elapsed 0.001 seconds) done.
[   15.445691] OOM killer disabled.
[   15.448908] Freezing remaining freezable tasks ... (elapsed 0.001 seconds) done.
[   15.457502] Suspending console(s) (use no_console_suspend to debug)
[   15.481038] PM: suspend of devices complete after 16.777 msecs
[   15.482351] PM: late suspend of devices complete after 1.304 msecs
[   15.483307] PM: noirq suspend of devices complete after 0.952 msecs
[   15.483310] Disabling non-boot CPUs ...
[   15.654491] Entering suspend state LP1
[   15.654491] Suspended for 2.819 seconds
[   15.654502] Enabling non-boot CPUs ...
[   15.684349] CPU1 is up
[   15.724189] CPU2 is up
[   15.764390] CPU3 is up
[   15.764840] PM: noirq resume of devices complete after 0.444 msecs
[   15.766065] PM: early resume of devices complete after 0.906 msecs
[   15.922495] mmc1: Switching to 3.3V signalling voltage failed
[   16.004128] PM: resume of devices complete after 238.054 msecs
[   16.069632] OOM killer enabled.
[   16.072778] Restarting tasks ... done.
root@(none):/# 
root@(none):/# NVTB SYSTEM SUSPEND TEST COMPLETE
