

U-Boot 2015.04-00466-gedec83e90172 (Mar 14 2016 - 10:42:01)

TEGRA124
Model: Acer Chromebook 13 CB5-311
DRAM:  4 GiB
:   Tegra SD/MMC: 0, Tegra SD/MMC: 1, Tegra SD/MMC: 2
MMC init failed
Using default environment

In:    serial
Out:   serial
Err:   serial
Net:   Net Initialization Skipped
No ethernet found.
Hit any key to stop autoboot:  2  0 
Tegra124 (Nyan-big) # 
Tegra124 (Nyan-big) # usb start
starting USB...
USB0:   USB EHCI 1.10
scanning bus 0 for devices... 2 USB Device(s) found
USB1:   USB EHCI 1.10
scanning bus 1 for devices... 2 USB Device(s) found
       scanning usb for storage devices... 1 Storage Device(s) found
       scanning usb for ethernet devices... 
Warning: asx0 using MAC address from net device
1 Ethernet Device(s) found
Tegra124 (Nyan-big) # mw 0x7000e4a0 0x00080000
Tegra124 (Nyan-big) # setenv bootargs 'ignore_loglevel console=ttyS0,115200n8 rw root=PARTUUID=4d36e82a-b3c0-4b4b-bfcd-afe5217ac023 rootwait gpt debug noinitrd earlyprintk init=/bin/bash'
Tegra124 (Nyan-big) # setenv ipaddr 192.168.100.102; setenv serverip 192.168.100.1; setenv tftpserverip 192.168.100.1
Tegra124 (Nyan-big) # tftpboot 0x82000000 zImage.tegra_defconfig
Using asx0 device
TFTP from server 192.168.100.1; our IP address is 192.168.100.102
Filename 'zImage.tegra_defconfig'.
Load address: 0x82000000
Loading: *#################################################################
	 #################################################################
	 #################################################################
	 #################################################################
	 #################################################################
	 #################################################################
	 #########################
	 3.1 MiB/s
done
Bytes transferred = 6091152 (5cf190 hex)
Tegra124 (Nyan-big) # tftpboot 0x83000000 tegra124-nyan-big.dtb
Using asx0 device
TFTP from server 192.168.100.1; our IP address is 192.168.100.102
Filename 'tegra124-nyan-big.dtb'.
Load address: 0x83000000
Loading: *#####
	 2.7 MiB/s
done
Bytes transferred = 68155 (10a3b hex)
Tegra124 (Nyan-big) # bootz 0x82000000 - 0x83000000
Kernel image @ 0x82000000 [ 0x000000 - 0x5cf190 ]
## Flattened Device Tree blob at 83000000
   Booting using the fdt blob at 0x83000000
   Using Device Tree in place at 83000000, end 83013a3a

Starting kernel ...

Uncompressing Linux... done, booting the kernel.
[    0.000000] Booting Linux on physical CPU 0x0
[    0.000000] Linux version 4.12.0-rc7-172780-gc0bc126 (jonathanh@kaivo) (gcc version 4.7.3 20130328 (prerelease) (crosstool-NG linaro-1.13.1-4.7-2013.04-20130415 - Linaro GCC 2013.04) ) #1 SMP PREEMPT Mon Jun 26 02:35:05 PDT 2017
[    0.000000] CPU: ARMv7 Processor [413fc0f3] revision 3 (ARMv7), cr=10c5387d
[    0.000000] CPU: div instructions available: patching division code
[    0.000000] CPU: PIPT / VIPT nonaliasing data cache, PIPT instruction cache
[    0.000000] OF: fdt: Machine model: Acer Chromebook 13 CB5-311
[    0.000000] OF: fdt: Ignoring memory range 0x100000000 - 0x17ffff000
[    0.000000] debug: ignoring loglevel setting.
[    0.000000] bootconsole [earlycon0] enabled
[    0.000000] Memory policy: Data cache writealloc
[    0.000000] cma: Reserved 64 MiB at 0xfbc00000
[    0.000000] On node 0 totalpages: 524287
[    0.000000] free_area_init_node: node 0, pgdat c0eaeac0, node_mem_map eeff7000
[    0.000000]   Normal zone: 1536 pages used for memmap
[    0.000000]   Normal zone: 0 pages reserved
[    0.000000]   Normal zone: 196608 pages, LIFO batch:31
[    0.000000]   HighMem zone: 327679 pages, LIFO batch:31
[    0.000000] percpu: Embedded 17 pages/cpu @eef80000 s39040 r8192 d22400 u69632
[    0.000000] pcpu-alloc: s39040 r8192 d22400 u69632 alloc=17*4096
[    0.000000] pcpu-alloc: [0] 0 [0] 1 [0] 2 [0] 3 
[    0.000000] Built 1 zonelists in Zone order, mobility grouping on.  Total pages: 522751
[    0.000000] Kernel command line: ignore_loglevel console=ttyS0,115200n8 rw root=PARTUUID=4d36e82a-b3c0-4b4b-bfcd-afe5217ac023 rootwait gpt debug noinitrd earlyprintk init=/bin/bash
[    0.000000] PID hash table entries: 4096 (order: 2, 16384 bytes)
[    0.000000] Dentry cache hash table entries: 131072 (order: 7, 524288 bytes)
[    0.000000] Inode-cache hash table entries: 65536 (order: 6, 262144 bytes)
[    0.000000] Memory: 1999452K/2097148K available (9216K kernel code, 740K rwdata, 2688K rodata, 1024K init, 307K bss, 32160K reserved, 65536K cma-reserved, 1245180K highmem)
[    0.000000] Virtual kernel memory layout:
[    0.000000]     vector  : 0xffff0000 - 0xffff1000   (   4 kB)
[    0.000000]     fixmap  : 0xffc00000 - 0xfff00000   (3072 kB)
[    0.000000]     vmalloc : 0xf0800000 - 0xff800000   ( 240 MB)
[    0.000000]     lowmem  : 0xc0000000 - 0xf0000000   ( 768 MB)
[    0.000000]     pkmap   : 0xbfe00000 - 0xc0000000   (   2 MB)
[    0.000000]     modules : 0xbf000000 - 0xbfe00000   (  14 MB)
[    0.000000]       .text : 0xc0008000 - 0xc0a00000   (10208 kB)
[    0.000000]       .init : 0xc0d00000 - 0xc0e00000   (1024 kB)
[    0.000000]       .data : 0xc0e00000 - 0xc0eb90b8   ( 741 kB)
[    0.000000]        .bss : 0xc0ec3640 - 0xc0f1044c   ( 308 kB)
[    0.000000] Preemptible hierarchical RCU implementation.
[    0.000000] NR_IRQS:16 nr_irqs:16 16
[    0.000000] /interrupt-controller@60004000: 160 interrupts forwarded to /interrupt-controller@50041000
[    0.000000] Tegra clk 127: register failed with -17
[    0.000004] sched_clock: 32 bits at 1000kHz, resolution 1000ns, wraps every 2147483647500ns
[    0.008107] clocksource: timer_us: mask: 0xffffffff max_cycles: 0xffffffff, max_idle_ns: 1911260446275 ns
[    0.017725] Switching to timer-based delay loop, resolution 1000ns
[    0.024335] arch_timer: cp15 timer(s) running at 12.00MHz (virt).
[    0.030119] clocksource: arch_sys_counter: mask: 0xffffffffffffff max_cycles: 0x2c47f4ee7, max_idle_ns: 440795202497 ns
[    0.040953] sched_clock: 56 bits at 12MHz, resolution 83ns, wraps every 4398046511096ns
[    0.049010] Switching to timer-based delay loop, resolution 83ns
[    0.055272] Console: colour dummy device 80x30
[    0.059590] Calibrating delay loop (skipped), value calculated using timer frequency.. 24.00 BogoMIPS (lpj=120000)
[    0.069988] pid_max: default: 32768 minimum: 301
[    0.074849] Mount-cache hash table entries: 2048 (order: 1, 8192 bytes)
[    0.081342] Mountpoint-cache hash table entries: 2048 (order: 1, 8192 bytes)
[    0.088760] CPU: Testing write buffer coherency: ok
[    0.093525] /cpus/cpu@0 missing clock-frequency property
[    0.098766] /cpus/cpu@1 missing clock-frequency property
[    0.104149] /cpus/cpu@2 missing clock-frequency property
[    0.109513] /cpus/cpu@3 missing clock-frequency property
[    0.114882] CPU0: thread -1, cpu 0, socket 0, mpidr 80000000
[    0.154927] Setting up static identity map for 0x80100000 - 0x801000a0
[    0.175140] Tegra Revision: A01 SKU: 131 CPU Process: 1 SoC Process: 1
[    0.194931] smp: Bringing up secondary CPUs ...
[    0.245228] CPU1: thread -1, cpu 1, socket 0, mpidr 80000001
[    0.325258] CPU2: thread -1, cpu 2, socket 0, mpidr 80000002
[    0.405297] CPU3: thread -1, cpu 3, socket 0, mpidr 80000003
[    0.415045] smp: Brought up 1 node, 4 CPUs
[    0.434469] SMP: Total of 4 processors activated (96.00 BogoMIPS).
[    0.440713] CPU: All CPU(s) started in SVC mode.
[    0.446064] devtmpfs: initialized
[    0.456844] VFP support v0.3: implementor 41 architecture 4 part 30 variant f rev 0
[    0.462791] clocksource: jiffies: mask: 0xffffffff max_cycles: 0xffffffff, max_idle_ns: 19112604462750000 ns
[    0.472553] futex hash table entries: 1024 (order: 4, 65536 bytes)
[    0.479319] pinctrl core: initialized pinctrl subsystem
[    0.484568] NET: Registered protocol family 16
[    0.489128] DMA: preallocated 256 KiB pool for atomic coherent allocations
[    0.496084] cpuidle: using governor menu
[    0.508342] No ATAGs?
[    0.508400] hw-breakpoint: found 5 (+1 reserved) breakpoint and 4 watchpoint registers.
[    0.516914] hw-breakpoint: maximum watchpoint size is 8 bytes.
[    0.523732] tegra-mc 70019000.memory-controller: no memory timings for RAM code 0 registered
[    0.537630] +5V_SYS: supplied by +VDD_MUX
[    0.539939] +3.3V_SYS: supplied by +VDD_MUX
[    0.544332] +VDD_LED: Failed to request enable GPIO122: -517
[    0.549777] reg-fixed-voltage regulators:regulator@5: Failed to register regulator: -517
[    0.557966] +5V_VDD_TS_SW: Failed to request enable GPIO81: -517
[    0.563989] reg-fixed-voltage regulators:regulator@6: Failed to register regulator: -517
[    0.572177] +5V_USB_HS: Failed to request enable GPIO108: -517
[    0.578029] reg-fixed-voltage regulators:regulator@7: Failed to register regulator: -517
[    0.586217] +5V_USB_SS: Failed to request enable GPIO109: -517
[    0.592069] reg-fixed-voltage regulators:regulator@8: Failed to register regulator: -517
[    0.600317] +1.05V_RUN_AVDD_HDMI_PLL: Failed to request enable GPIO63: -517
[    0.607236] reg-fixed-voltage regulators:regulator@11: Failed to register regulator: -517
[    0.615509] +5V_HDMI_CON: Failed to request enable GPIO86: -517
[    0.621449] reg-fixed-voltage regulators:regulator@12: Failed to register regulator: -517
[    0.630141] vgaarb: loaded
[    0.632727] SCSI subsystem initialized
[    0.636360] libata version 3.00 loaded.
[    0.640303] usbcore: registered new interface driver usbfs
[    0.645740] usbcore: registered new interface driver hub
[    0.651128] usbcore: registered new device driver usb
[    0.657405] Linux video capture interface: v2.00
[    0.660908] pps_core: LinuxPPS API ver. 1 registered
[    0.665915] pps_core: Software ver. 5.3.6 - Copyright 2005-2007 Rodolfo Giometti <giometti@linux.it>
[    0.675108] PTP clock support registered
[    0.679241] tegra-emc 7001b000.emc: no memory timings for RAM code 0 found in DT
[    0.686540] tegra-emc: probe of 7001b000.emc failed with error -2
[    0.692804] Advanced Linux Sound Architecture Driver Initialized.
[    0.699127] Bluetooth: Core ver 2.22
[    0.702500] NET: Registered protocol family 31
[    0.706995] Bluetooth: HCI device and connection manager initialized
[    0.713404] Bluetooth: HCI socket layer initialized
[    0.718348] Bluetooth: L2CAP socket layer initialized
[    0.723470] Bluetooth: SCO socket layer initialized
[    0.728870] clocksource: Switched to clocksource arch_sys_counter
[    0.767458] NET: Registered protocol family 2
[    0.770425] TCP established hash table entries: 8192 (order: 3, 32768 bytes)
[    0.777121] TCP bind hash table entries: 8192 (order: 4, 65536 bytes)
[    0.783659] TCP: Hash tables configured (established 8192 bind 8192)
[    0.790187] UDP hash table entries: 512 (order: 2, 16384 bytes)
[    0.795996] UDP-Lite hash table entries: 512 (order: 2, 16384 bytes)
[    0.802524] NET: Registered protocol family 1
[    0.807099] RPC: Registered named UNIX socket transport module.
[    0.812809] RPC: Registered udp transport module.
[    0.817564] RPC: Registered tcp transport module.
[    0.822335] RPC: Registered tcp NFSv4.1 backchannel transport module.
[    0.828832] PCI: CLS 0 bytes, default 64
[    0.833505] hw perfevents: enabled with armv7_cortex_a15 PMU driver, 7 counters available
[    0.841900] workingset: timestamp_bits=30 max_order=19 bucket_order=0
[    0.848080] squashfs: version 4.0 (2009/01/31) Phillip Lougher
[    0.853727] NFS: Registering the id_resolver key type
[    0.858567] Key type id_resolver registered
[    0.862833] Key type id_legacy registered
[    0.868563] bounce: pool size: 64 pages
[    0.870792] io scheduler noop registered (default)
[    0.875631] io scheduler mq-deadline registered
[    0.880242] io scheduler kyber registered
[    0.885007] tegra-xusb-padctl 7009f000.padctl: failed to setup XUSB ports: -517
[    0.897639] tegra-apbdma 60020000.dma: Tegra20 APB DMA driver register 32 channels
[    0.903772] tegra-pmc 7000e400.pmc: i2c-thermtrip node not found, emergency thermal reset disabled.
[    0.912684] Serial: 8250/16550 driver, 4 ports, IRQ sharing disabled
[    0.919637] console [ttyS0] disabled
[    0.922542] 70006000.serial: ttyS0 at MMIO 0x70006000 (irq = 333, base_baud = 25500000) is a Tegra
[    0.931570] console [ttyS0] enabled
[    0.931570] console [ttyS0] enabled
[    0.937869] bootconsole [earlycon0] disabled
[    0.937869] bootconsole [earlycon0] disabled
[    0.947418] tegra-hdmi 54280000.hdmi: failed to get HDMI regulator
[    0.955594] tegra-dpaux 545c0000.dpaux: failed to get VDD supply: -517
[    0.963003] panel-simple panel: panel supply power not found, using dummy regulator
[    0.974866] loop: module loaded
[    0.978571] as3722 4-0040: AS3722 with revision 0x1 found
[    0.988723] as3722-sd2: supplied by +5V_SYS
[    0.993190] as3722-sd3: supplied by +5V_SYS
[    0.997523] +1.35V_LP0(sd3): Bringing 0uV into 1350000-1350000uV
[    1.003722] as3722-sd4: supplied by +5V_SYS
[    1.008056] +1.05V_RUN: Bringing 0uV into 1050000-1050000uV
[    1.013831] as3722-sd5: supplied by +5V_SYS
[    1.019447] as3722-ldo0: supplied by +1.35V_LP0(sd2)
[    1.025187] +1.8V_RUN_CAM: Bringing 0uV into 1800000-1800000uV
[    1.031232] as3722-ldo2: supplied by +1.8V_VDDIO
[    1.036875] as3722-ldo3: supplied by +3.3V_SYS
[    1.041335] +1.00V_LP0_VDD_RTC: Bringing 1100000uV into 1000000-1000000uV
[    1.048931] as3722-ldo4: supplied by +3.3V_SYS
[    1.053530] +3.3V_RUN_CAM: Bringing 0uV into 2800000-2800000uV
[    1.059573] as3722-ldo5: supplied by +1.8V_VDDIO
[    1.064343] +1.2V_RUN_CAM_FRONT: Bringing 0uV into 1200000-1200000uV
[    1.071058] +VDDIO_SDMMC3: Bringing 0uV into 1800000-1800000uV
[    1.077102] as3722-ldo7: supplied by +1.8V_VDDIO
[    1.081884] +1.05V_RUN_CAM_REAR: Bringing 0uV into 1050000-1050000uV
[    1.088450] as3722-ldo9: supplied by +5V_SYS
[    1.093024] +2.8V_RUN_TOUCH: Bringing 0uV into 2800000-2800000uV
[    1.099252] as3722-ldo10: supplied by +5V_SYS
[    1.103761] +2.8V_RUN_CAM_AF: Bringing 0uV into 2800000-2800000uV
[    1.110230] +1.8V_RUN_VPP_FUSE: Bringing 0uV into 1800000-1800000uV
[    1.133442] cros-ec-spi spi32766.0: packet too long (249 bytes, expected 4)
[    1.149144] cros-ec-spi spi32766.0: Chrome EC device registered
[    1.158203] random: fast init done
[    1.164237] m25p80 spi32765.0: w25q32dw (4096 Kbytes)
[    1.170118] libphy: Fixed MDIO Bus: probed
[    1.174203] CAN device driver interface
[    1.178048] igb: Intel(R) Gigabit Ethernet Network Driver - version 5.4.0-k
[    1.185016] igb: Copyright (c) 2007-2014 Intel Corporation.
[    1.190642] pegasus: v0.9.3 (2013/04/25), Pegasus/Pegasus II USB Ethernet driver
[    1.198052] usbcore: registered new interface driver pegasus
[    1.203741] usbcore: registered new interface driver asix
[    1.209162] usbcore: registered new interface driver ax88179_178a
[    1.215259] usbcore: registered new interface driver cdc_ether
[    1.221121] usbcore: registered new interface driver smsc75xx
[    1.226882] usbcore: registered new interface driver smsc95xx
[    1.232641] usbcore: registered new interface driver net1080
[    1.238306] usbcore: registered new interface driver cdc_subset
[    1.244271] usbcore: registered new interface driver zaurus
[    1.249867] usbcore: registered new interface driver cdc_ncm
[    1.255601] ehci_hcd: USB 2.0 'Enhanced' Host Controller (EHCI) Driver
[    1.262128] ehci-pci: EHCI PCI platform driver
[    1.266584] tegra-ehci: Tegra EHCI driver
[    1.270855] usbcore: registered new interface driver cdc_acm
[    1.276498] cdc_acm: USB Abstract Control Model driver for USB modems and ISDN adapters
[    1.284524] usbcore: registered new interface driver cdc_wdm
[    1.290205] usbcore: registered new interface driver usb-storage
[    1.296389] input: cros_ec as /devices/soc0/7000d400.spi/spi_master/spi32766/spi32766.0/7000d400.spi:cros-ec@0:keyboard-controller/input/input0
[    1.316563] as3722-rtc as3722-rtc: rtc core: registered as3722-rtc as rtc0
[    1.323435] as3722-rtc as3722-rtc: RTC interrupt 372
[    1.330206] tegra_rtc 7000e000.rtc: rtc core: registered 7000e000.rtc as rtc1
[    1.337337] tegra_rtc 7000e000.rtc: Tegra internal Real Time Clock
[    1.343612] i2c /dev entries driver
[    1.347575] usbcore: registered new interface driver uvcvideo
[    1.353312] USB Video Class driver (1.1.1)
[    1.357396] gspca_main: v2.14.0 registered
[    1.361726] lm90 0-004c: 0-004c supply vcc not found, using dummy regulator
[    1.370415] tegra-wdt 60005000.timer: initialized (heartbeat = 120 sec, nowayout = 0)
[    1.378733] sdhci: Secure Digital Host Controller Interface driver
[    1.384911] sdhci: Copyright(c) Pierre Ossman
[    1.389261] sdhci-pltfm: SDHCI platform and OF driver helper
[    1.395022] sdhci-tegra 700b0000.sdhci: allocated mmc-pwrseq
[    1.408834] sdhci-tegra 700b0400.sdhci: Got CD GPIO
[    1.413718] sdhci-tegra 700b0400.sdhci: Got WP GPIO
[    1.432903] mmc0: Unknown controller version (3). You may experience problems.
[    1.440142] mmc0: Invalid maximum block size, assuming 512 bytes
[    1.508902] mmc0: SDHCI controller on 700b0600.sdhci [700b0600.sdhci] using ADMA
[    1.516609] usbcore: registered new interface driver usbhid
[    1.523302] usbhid: USB HID core driver
[    1.531835] tegra30-i2s 70301100.i2s: DMA channels sourced from device 70300000.ahub
[    1.579365] max98090 0-0010: MAX98090 REVID=0x43
[    1.585907] max98090 0-0010: use default 2.8v micbias
[    1.593344] tegra-snd-max98090 sound: HiFi <-> 70301100.i2s mapping ok
[    1.599914] mmc0: new high speed MMC card at address 0001
[    1.605580] mmcblk0: mmc0:0001 MMC16G 14.4 GiB 
[    1.611081] mmcblk0boot0: mmc0:0001 MMC16G partition 1 2.00 MiB
[    1.617081] input: GoogleNyanBig Headphones as /devices/soc0/sound/sound/card1/input1
[    1.625057] input: GoogleNyanBig Mic Jack as /devices/soc0/sound/sound/card1/input2
[    1.625114] mmcblk0boot1: mmc0:0001 MMC16G partition 2 2.00 MiB
[    1.625293] mmcblk0rpmb: mmc0:0001 MMC16G partition 3 128 KiB
[    1.628349]  mmcblk0: p1 p2 p3 p4 p5 p6 p7 p8 p9 p10 p11 p12
[    1.650526] NET: Registered protocol family 10
[    1.655454] Segment Routing with IPv6
[    1.659173] mip6: Mobile IPv6
[    1.662132] sit: IPv6, IPv4 and MPLS over IPv4 tunneling driver
[    1.668614] NET: Registered protocol family 17
[    1.673069] NET: Registered protocol family 15
[    1.677499] can: controller area network core (rev 20170425 abi 9)
[    1.683746] NET: Registered protocol family 29
[    1.688176] can: raw protocol (rev 20170425)
[    1.692447] can: broadcast manager protocol (rev 20170425 t)
[    1.698094] can: netlink gateway (rev 20170425) max_hops=1
[    1.703643] Bluetooth: RFCOMM socket layer initialized
[    1.708780] Bluetooth: RFCOMM ver 1.11
[    1.712530] Bluetooth: BNEP (Ethernet Emulation) ver 1.3
[    1.717829] Bluetooth: BNEP socket layer initialized
[    1.722783] Bluetooth: HIDP (Human Interface Emulation) ver 1.2
[    1.728688] Bluetooth: HIDP socket layer initialized
[    1.733734] Key type dns_resolver registered
[    1.738212] Registering SWP/SWPB emulation handler
[    1.749745] +3.3V_RUN: supplied by +3.3V_SYS
[    1.754638] +VDD_LED: supplied by +VDD_MUX
[    1.758834] +3.3V_AVDD_HDMI_AP_GATED: supplied by +3.3V_RUN
[    1.764463] +1.8V_RUN_CAM: supplied by +3.3V_RUN
[    1.769136] +VDDIO_SDMMC3: supplied by +3.3V_RUN
[    1.773776] +1.8V_RUN_VPP_FUSE: supplied by +3.3V_RUN
[    1.778922] +5V_VDD_TS_SW: supplied by +5V_SYS
[    1.783623] +5V_USB_HS: supplied by +5V_SYS
[    1.787938] +5V_USB_SS: supplied by +5V_SYS
[    1.793102] +3.3V_PANEL: supplied by +3.3V_RUN
[    1.798447] +3.3V_LP0: supplied by +3.3V_SYS
[    1.803202] +1.05V_RUN_AVDD_HDMI_PLL: supplied by +1.05V_RUN
[    1.809120] +5V_HDMI_CON: supplied by +5V_SYS
[    1.814169]  usb3-0: usb3-0 supply vbus not found, using dummy regulator
[    1.820996]  usb3-1: usb3-1 supply vbus not found, using dummy regulator
[    1.830184] tegra-sor 54540000.sor: failed to probe output: -517
[    1.836330] panel-simple panel: panel supply power not found, using dummy regulator
[    1.909627] tegra-xusb 70090000.usb: Firmware timestamp: 2014-09-16 02:10:07 UTC
[    1.917023] tegra-xusb 70090000.usb: xHCI Host Controller
[    1.922453] tegra-xusb 70090000.usb: new USB bus registered, assigned bus number 1
[    1.932000] tegra-xusb 70090000.usb: hcc params 0x0184f525 hci version 0x100 quirks 0x00010010
[    1.940648] tegra-xusb 70090000.usb: irq 344, io mem 0x70090000
[    1.947176] hub 1-0:1.0: USB hub found
[    1.951021] hub 1-0:1.0: 6 ports detected
[    1.955443] tegra-xusb 70090000.usb: xHCI Host Controller
[    1.960878] tegra-xusb 70090000.usb: new USB bus registered, assigned bus number 2
[    1.968559] usb usb2: We don't know the algorithms for LPM for this host, disabling LPM.
[    1.977283] hub 2-0:1.0: USB hub found
[    1.981101] hub 2-0:1.0: 2 ports detected
[    1.986185] sdhci-tegra 700b0000.sdhci: allocated mmc-pwrseq
[    1.999146] mmc1: Unknown controller version (3). You may experience problems.
[    2.006402] mmc1: Invalid maximum block size, assuming 512 bytes
[    2.012885] mmc1: Switching to 3.3V signalling voltage failed
[    2.068957] mmc1: SDHCI controller on 700b0000.sdhci [700b0000.sdhci] using ADMA
[    2.076540] sdhci-tegra 700b0400.sdhci: Got CD GPIO
[    2.081422] sdhci-tegra 700b0400.sdhci: Got WP GPIO
[    2.094823] mmc2: Unknown controller version (3). You may experience problems.
[    2.102164] mmc2: Invalid maximum block size, assuming 512 bytes
[    2.135010] mmc1: new high speed SDIO card at address 0001
[    2.169022] mmc2: SDHCI controller on 700b0400.sdhci [700b0400.sdhci] using ADMA
[    2.183473] input: gpio-keys as /devices/soc0/gpio-keys/input/input3
[    2.191204] as3722-rtc as3722-rtc: setting system clock to 2000-01-01 00:00:23 UTC (946684823)
[    2.200287] +3.3V_AVDD_HDMI_AP_GATED: disabling
[    2.205910] +1.8V_RUN_CAM: disabling
[    2.209854] +1.2V_RUN_CAM_FRONT: disabling
[    2.214179] +1.05V_RUN_CAM_REAR: disabling
[    2.218468] +2.8V_RUN_TOUCH: disabling
[    2.222529] +2.8V_RUN_CAM_AF: disabling
[    2.226589] +1.8V_RUN_VPP_FUSE: disabling
[    2.230854] +VDD_LED: disabling
[    2.233993] +5V_VDD_TS_SW: disabling
[    2.237562] +3.3V_PANEL: disabling
[    2.240988] +1.05V_RUN_AVDD_HDMI_PLL: disabling
[    2.245508] +5V_HDMI_CON: disabling
[    2.248993] ALSA device list:
[    2.251955]   #1: GoogleNyanBig
[    2.308982] usb 1-2: new high-speed USB device number 2 using tegra-xusb
[    2.319917] EXT4-fs (mmcblk0p3): couldn't mount as ext3 due to feature incompatibilities
[    2.320078] input: tegra-hda HDMI/DP,pcm=3 as /devices/soc0/70030000.hda/sound/card0/input4
[    2.340780] mmc2: new high speed SDHC card at address 0007
[    2.356862] mmcblk2: mmc2:0007 SD08G 7.42 GiB 
[    2.370388] GPT:Primary header alternate_lba != Alt. header my_lba
[    2.376557] GPT:3014591 != 15564799
[    2.380153] GPT:Primary header thinks Alt. header is not at the end of the disk.
[    2.387541] GPT:3014591 != 15564799
[    2.391046] GPT: Use GNU Parted to correct GPT errors.
[    2.396198]  mmcblk2: p1 p2 p3 p4 p5 p6 p7 p8 p9 p10 p11 p12
[    2.493947] EXT4-fs (mmcblk0p3): recovery complete
[    2.498735] EXT4-fs (mmcblk0p3): mounted filesystem with ordered data mode. Opts: (null)
[    2.506871] VFS: Mounted root (ext4 filesystem) on device 179:3.
[    2.514065] devtmpfs: mounted
[    2.517467] Freeing unused kernel memory: 1024K
bash: cannot set terminal process group (-1): Inappropriate ioctl for device
bash: no job control in this shell
root@(none):/# [    2.619256] uvcvideo: Found UVC 1.00 device HD WebCam (1bcf:2c67)
[    2.634142] input: HD WebCam as /devices/soc0/70090000.usb/usb1/1-2/1-2:1.0/input/input5
[    2.978962] usb 1-3: new high-speed USB device number 3 using tegra-xusb
mount -t sysfs none /sys
root@(none):/# 
root@(none):/# [    3.628096] asix 1-3:1.0 eth0: register 'asix' at usb-70090000.usb-3, ASIX AX88772 USB 2.0 Ethernet, c8:d7:19:90:fa:65
[    3.978963] usb 1-1: new high-speed USB device number 4 using tegra-xusb
[    4.157392] usb-storage 1-1:1.0: USB Mass Storage device detected
[    4.164281] scsi host0: usb-storage 1-1:1.0
mount -t debugfs none /sys/kernel/debug
root@(none):/# 
root@(none):/# [    5.241006] scsi 0:0:0:0: Direct-Access     SanDisk  SDDR-113         9412 PQ: 0 ANSI: 0
[    5.413674] sd 0:0:0:0: [sda] 15523840 512-byte logical blocks: (7.95 GB/7.40 GiB)
[    5.422669] sd 0:0:0:0: [sda] Write Protect is off
[    5.427452] sd 0:0:0:0: [sda] Mode Sense: 03 00 00 00
[    5.433692] sd 0:0:0:0: [sda] No Caching mode page found
[    5.439020] sd 0:0:0:0: [sda] Assuming drive cache: write through
[    5.464409]  sda: sda1 sda2 sda3 sda4 sda5 sda6 sda7 sda8 sda9 sda10 sda11 sda12 sda13
[    5.478715] sd 0:0:0:0: [sda] Attached SCSI removable disk
rtcwake -d rtc1 -m mem -s 3
rtcwake: assuming RTC uses UTC ...
rtcwake: wakeup from "mem" using /dev/rtc1 at Thu Jan  1 00:00:28 1970
[    5.570344] PM: Syncing filesystems ... done.
[    5.576206] Freezing user space processes ... (elapsed 0.001 seconds) done.
[    5.584389] OOM killer disabled.
[    5.587609] Freezing remaining freezable tasks ... (elapsed 0.001 seconds) done.
[    5.596198] Suspending console(s) (use no_console_suspend to debug)
[    5.780314] PM: suspend of devices complete after 177.492 msecs
[    5.781759] PM: late suspend of devices complete after 1.436 msecs
[    5.782541] PM: noirq suspend of devices complete after 0.776 msecs
[    5.782543] Disabling non-boot CPUs ...
[    5.839175] IRQ352 no longer affine to CPU1
[    5.919123] IRQ17 no longer affine to CPU2
[    5.919235] IRQ353 no longer affine to CPU2
[    6.019183] IRQ354 no longer affine to CPU3
[    6.070681] Entering suspend state LP1
[    6.070681] Suspended for 2.676 seconds
[    6.070703] Enabling non-boot CPUs ...
[    6.100789] CPU1 is up
[    6.140675] CPU2 is up
[    6.180951] CPU3 is up
[    6.181330] PM: noirq resume of devices complete after 0.374 msecs
[    6.182680] PM: early resume of devices complete after 0.843 msecs
[    6.240078] mmc1: Switching to 3.3V signalling voltage failed
[    6.449260] usb 1-1: reset high-speed USB device number 4 using tegra-xusb
[    6.773574] PM: resume of devices complete after 590.884 msecs
[    6.862069] OOM killer enabled.
[    6.865199] Restarting tasks ... done.
root@(none):/# 
root@(none):/# rtcwake -d rtc1 -m mem -s 3
rtcwake: assuming RTC uses UTC ...
rtcwake: wakeup from "mem" using /dev/rtc1 at Thu Jan  1 00:00:33 1970
[    7.976638] PM: Syncing filesystems ... done.
[    7.982150] Freezing user space processes ... (elapsed 0.001 seconds) done.
[    7.990350] OOM killer disabled.
[    7.993570] Freezing remaining freezable tasks ... (elapsed 0.001 seconds) done.
[    8.002258] Suspending console(s) (use no_console_suspend to debug)
[    8.190283] PM: suspend of devices complete after 181.446 msecs
[    8.191326] PM: late suspend of devices complete after 1.034 msecs
[    8.192191] PM: noirq suspend of devices complete after 0.860 msecs
[    8.192193] Disabling non-boot CPUs ...
[    8.229093] IRQ352 no longer affine to CPU1
[    8.329185] IRQ353 no longer affine to CPU2
[    8.429131] IRQ354 no longer affine to CPU3
[    8.480462] Entering suspend state LP1
[    8.480462] Suspended for 2.589 seconds
[    8.480484] Enabling non-boot CPUs ...
[    8.510793] CPU1 is up
[    8.550656] CPU2 is up
[    8.590935] CPU3 is up
[    8.591382] PM: noirq resume of devices complete after 0.443 msecs
[    8.593096] PM: early resume of devices complete after 1.204 msecs
[    8.650695] mmc1: Switching to 3.3V signalling voltage failed
[    9.183186] PM: resume of devices complete after 590.080 msecs
[    9.260892] OOM killer enabled.
[    9.264022] Restarting tasks ... done.
root@(none):/# 
root@(none):/# rtcwake -d rtc1 -m mem -s 3
rtcwake: assuming RTC uses UTC ...
rtcwake: wakeup from "mem" using /dev/rtc1 at Thu Jan  1 00:00:38 1970
[   10.386324] PM: Syncing filesystems ... done.
[   10.391841] Freezing user space processes ... (elapsed 0.001 seconds) done.
[   10.400040] OOM killer disabled.
[   10.403260] Freezing remaining freezable tasks ... (elapsed 0.001 seconds) done.
[   10.411958] Suspending console(s) (use no_console_suspend to debug)
[   10.600256] PM: suspend of devices complete after 181.719 msecs
[   10.601565] PM: late suspend of devices complete after 1.300 msecs
[   10.602332] PM: noirq suspend of devices complete after 0.762 msecs
[   10.602334] Disabling non-boot CPUs ...
[   10.639061] IRQ352 no longer affine to CPU1
[   10.739158] IRQ353 no longer affine to CPU2
[   10.839084] IRQ354 no longer affine to CPU3
[   10.890407] Entering suspend state LP1
[   10.890407] Suspended for 2.589 seconds
[   10.890428] Enabling non-boot CPUs ...
[   10.920773] CPU1 is up
[   10.960635] CPU2 is up
[   11.000907] CPU3 is up
[   11.001334] PM: noirq resume of devices complete after 0.422 msecs
[   11.003032] PM: early resume of devices complete after 1.195 msecs
[   11.060144] mmc1: Switching to 3.3V signalling voltage failed
[   11.269204] usb 1-1: reset high-speed USB device number 4 using tegra-xusb
[   11.591391] PM: resume of devices complete after 588.349 msecs
[   11.675802] OOM killer enabled.
[   11.678936] Restarting tasks ... done.
root@(none):/# 
root@(none):/# rtcwake -d rtc1 -m mem -s 3
rtcwake: assuming RTC uses UTC ...
rtcwake: wakeup from "mem" using /dev/rtc1 at Thu Jan  1 00:00:43 1970
[   12.795861] PM: Syncing filesystems ... done.
[   12.801369] Freezing user space processes ... (elapsed 0.001 seconds) done.
[   12.809458] OOM killer disabled.
[   12.812673] Freezing remaining freezable tasks ... (elapsed 0.001 seconds) done.
[   12.821310] Suspending console(s) (use no_console_suspend to debug)
[   13.010229] PM: suspend of devices complete after 182.340 msecs
[   13.011534] PM: late suspend of devices complete after 1.295 msecs
[   13.012294] PM: noirq suspend of devices complete after 0.755 msecs
[   13.012296] Disabling non-boot CPUs ...
[   13.049035] IRQ352 no longer affine to CPU1
[   13.149125] IRQ353 no longer affine to CPU2
[   13.249064] IRQ354 no longer affine to CPU3
[   13.300429] Entering suspend state LP1
[   13.300429] Suspended for 2.589 seconds
[   13.300451] Enabling non-boot CPUs ...
[   13.330756] CPU1 is up
[   13.370601] CPU2 is up
[   13.410876] CPU3 is up
[   13.411317] PM: noirq resume of devices complete after 0.436 msecs
[   13.412924] PM: early resume of devices complete after 1.096 msecs
[   13.470306] mmc1: Switching to 3.3V signalling voltage failed
[   14.003556] PM: resume of devices complete after 590.622 msecs
[   14.081124] OOM killer enabled.
[   14.084253] Restarting tasks ... done.
root@(none):/# 
root@(none):/# rtcwake -d rtc1 -m mem -s 3
rtcwake: assuming RTC uses UTC ...
rtcwake: wakeup from "mem" using /dev/rtc1 at Thu Jan  1 00:00:48 1970
[   15.206665] PM: Syncing filesystems ... done.
[   15.212335] Freezing user space processes ... (elapsed 0.001 seconds) done.
[   15.220520] OOM killer disabled.
[   15.223740] Freezing remaining freezable tasks ... (elapsed 0.001 seconds) done.
[   15.232422] Suspending console(s) (use no_console_suspend to debug)
[   15.420170] PM: suspend of devices complete after 181.033 msecs
[   15.421142] PM: late suspend of devices complete after 0.963 msecs
[   15.421984] PM: noirq suspend of devices complete after 0.838 msecs
[   15.421986] Disabling non-boot CPUs ...
[   15.459001] IRQ352 no longer affine to CPU1
[   15.569046] IRQ353 no longer affine to CPU2
[   15.669020] IRQ354 no longer affine to CPU3
[   15.720348] Entering suspend state LP1
[   15.720348] Suspended for 2.579 seconds
[   15.720370] Enabling non-boot CPUs ...
[   15.750717] CPU1 is up
[   15.790567] CPU2 is up
[   15.830858] CPU3 is up
[   15.831276] PM: noirq resume of devices complete after 0.413 msecs
[   15.832950] PM: early resume of devices complete after 1.171 msecs
[   15.890198] mmc1: Switching to 3.3V signalling voltage failed
[   16.423732] PM: resume of devices complete after 590.772 msecs
[   16.501285] OOM killer enabled.
[   16.504414] Restarting tasks ... done.
root@(none):/# 
root@(none):/# rtcwake -d rtc1 -m mem -s 3
rtcwake: assuming RTC uses UTC ...
rtcwake: wakeup from "mem" using /dev/rtc1 at Thu Jan  1 00:00:53 1970
[   17.625804] PM: Syncing filesystems ... done.
[   17.631316] Freezing user space processes ... (elapsed 0.001 seconds) done.
[   17.639514] OOM killer disabled.
[   17.642733] Freezing remaining freezable tasks ... (elapsed 0.001 seconds) done.
[   17.651420] Suspending console(s) (use no_console_suspend to debug)
[   17.840170] PM: suspend of devices complete after 182.172 msecs
[   17.841466] PM: late suspend of devices complete after 1.287 msecs
[   17.842225] PM: noirq suspend of devices complete after 0.753 msecs
[   17.842228] Disabling non-boot CPUs ...
[   17.878976] IRQ352 no longer affine to CPU1
[   17.979071] IRQ353 no longer affine to CPU2
[   18.079001] IRQ354 no longer affine to CPU3
[   18.130314] Entering suspend state LP1
[   18.130314] Suspended for 2.589 seconds
[   18.130336] Enabling non-boot CPUs ...
[   18.160688] CPU1 is up
[   18.200607] CPU2 is up
[   18.240820] CPU3 is up
[   18.241227] PM: noirq resume of devices complete after 0.403 msecs
[   18.242737] PM: early resume of devices complete after 1.018 msecs
[   18.299689] mmc1: Switching to 3.3V signalling voltage failed
[   18.509115] usb 1-1: reset high-speed USB device number 4 using tegra-xusb
[   18.841641] PM: resume of devices complete after 598.895 msecs
[   18.926288] OOM killer enabled.
[   18.929422] Restarting tasks ... done.
root@(none):/# 
root@(none):/# rtcwake -d rtc1 -m mem -s 3
rtcwake: assuming RTC uses UTC ...
rtcwake: wakeup from "mem" using /dev/rtc1 at Thu Jan  1 00:00:58 1970
[   20.036607] PM: Syncing filesystems ... done.
[   20.042260] Freezing user space processes ... (elapsed 0.001 seconds) done.
[   20.050452] OOM killer disabled.
[   20.053668] Freezing remaining freezable tasks ... (elapsed 0.001 seconds) done.
[   20.062289] Suspending console(s) (use no_console_suspend to debug)
[   20.250140] PM: suspend of devices complete after 181.266 msecs
[   20.251244] PM: late suspend of devices complete after 1.095 msecs
[   20.252083] PM: noirq suspend of devices complete after 0.833 msecs
[   20.252085] Disabling non-boot CPUs ...
[   20.288952] IRQ352 no longer affine to CPU1
[   20.388925] IRQ17 no longer affine to CPU2
[   20.389036] IRQ353 no longer affine to CPU2
[   20.488980] IRQ354 no longer affine to CPU3
[   20.540309] Entering suspend state LP1
[   20.540309] Suspended for 2.589 seconds
[   20.540331] Enabling non-boot CPUs ...
[   20.570666] CPU1 is up
[   20.610516] CPU2 is up
[   20.650797] CPU3 is up
[   20.651214] PM: noirq resume of devices complete after 0.413 msecs
[   20.652830] PM: early resume of devices complete after 1.122 msecs
[   20.710095] mmc1: Switching to 3.3V signalling voltage failed
[   21.241594] PM: resume of devices complete after 588.755 msecs
[   21.323268] OOM killer enabled.
[   21.326397] Restarting tasks ... done.
root@(none):/# 
root@(none):/# rtcwake -d rtc1 -m mem -s 3
rtcwake: assuming RTC uses UTC ...
rtcwake: wakeup from "mem" using /dev/rtc1 at Thu Jan  1 00:01:03 1970
[   22.446572] PM: Syncing filesystems ... done.
[   22.452236] Freezing user space processes ... (elapsed 0.001 seconds) done.
[   22.460428] OOM killer disabled.
[   22.463644] Freezing remaining freezable tasks ... (elapsed 0.001 seconds) done.
[   22.472265] Suspending console(s) (use no_console_suspend to debug)
[   22.660055] PM: suspend of devices complete after 181.206 msecs
[   22.660934] PM: late suspend of devices complete after 0.875 msecs
[   22.661723] PM: noirq suspend of devices complete after 0.784 msecs
[   22.661725] Disabling non-boot CPUs ...
[   22.698908] IRQ352 no longer affine to CPU1
[   22.798977] IRQ353 no longer affine to CPU2
[   22.898952] IRQ354 no longer affine to CPU3
[   22.950255] Entering suspend state LP1
[   22.950255] Suspended for 2.589 seconds
[   22.950277] Enabling non-boot CPUs ...
[   22.980645] CPU1 is up
[   23.020491] CPU2 is up
[   23.060772] CPU3 is up
[   23.061189] PM: noirq resume of devices complete after 0.413 msecs
[   23.062817] PM: early resume of devices complete after 1.131 msecs
[   23.119802] mmc1: Switching to 3.3V signalling voltage failed
[   23.654173] PM: resume of devices complete after 591.346 msecs
[   23.731924] OOM killer enabled.
[   23.735053] Restarting tasks ... done.
root@(none):/# 
root@(none):/# rtcwake -d rtc1 -m mem -s 3
rtcwake: assuming RTC uses UTC ...
rtcwake: wakeup from "mem" using /dev/rtc1 at Thu Jan  1 00:01:08 1970
[   24.856460] PM: Syncing filesystems ... done.
[   24.862024] Freezing user space processes ... (elapsed 0.001 seconds) done.
[   24.870190] OOM killer disabled.
[   24.873407] Freezing remaining freezable tasks ... (elapsed 0.001 seconds) done.
[   24.881924] Suspending console(s) (use no_console_suspend to debug)
[   25.070080] PM: suspend of devices complete after 181.578 msecs
[   25.071029] PM: late suspend of devices complete after 0.941 msecs
[   25.071868] PM: noirq suspend of devices complete after 0.834 msecs
[   25.071871] Disabling non-boot CPUs ...
[   25.108893] IRQ352 no longer affine to CPU1
[   25.208935] IRQ353 no longer affine to CPU2
[   25.319022] IRQ354 no longer affine to CPU3
[   25.370325] Entering suspend state LP1
[   25.370325] Suspended for 2.579 seconds
[   25.370347] Enabling non-boot CPUs ...
[   25.400599] CPU1 is up
[   25.440460] CPU2 is up
[   25.480752] CPU3 is up
[   25.481180] PM: noirq resume of devices complete after 0.424 msecs
[   25.482697] PM: early resume of devices complete after 1.028 msecs
[   25.540282] mmc1: Switching to 3.3V signalling voltage failed
[   25.748966] usb 1-1: reset high-speed USB device number 4 using tegra-xusb
[   26.072683] PM: resume of devices complete after 589.976 msecs
[   26.157106] OOM killer enabled.
[   26.160238] Restarting tasks ... done.
root@(none):/# 
root@(none):/# rtcwake -d rtc1 -m mem -s 3
rtcwake: assuming RTC uses UTC ...
rtcwake: wakeup from "mem" using /dev/rtc1 at Thu Jan  1 00:01:13 1970
[   27.276522] PM: Syncing filesystems ... done.
[   27.282194] Freezing user space processes ... (elapsed 0.001 seconds) done.
[   27.290383] OOM killer disabled.
[   27.293599] Freezing remaining freezable tasks ... (elapsed 0.001 seconds) done.
[   27.302216] Suspending console(s) (use no_console_suspend to debug)
[   27.490051] PM: suspend of devices complete after 181.254 msecs
[   27.491421] PM: late suspend of devices complete after 1.362 msecs
[   27.492187] PM: noirq suspend of devices complete after 0.760 msecs
[   27.492190] Disabling non-boot CPUs ...
[   27.528852] IRQ352 no longer affine to CPU1
[   27.638905] IRQ353 no longer affine to CPU2
[   27.738889] IRQ354 no longer affine to CPU3
[   27.790191] Entering suspend state LP1
[   27.790191] Suspended for 2.579 seconds
[   27.790213] Enabling non-boot CPUs ...
[   27.820571] CPU1 is up
[   27.860438] CPU2 is up
[   27.900718] CPU3 is up
[   27.901127] PM: noirq resume of devices complete after 0.404 msecs
[   27.902662] PM: early resume of devices complete after 1.041 msecs
[   27.960179] mmc1: Switching to 3.3V signalling voltage failed
[   28.492397] PM: resume of devices complete after 589.725 msecs
[   28.569955] OOM killer enabled.
[   28.573084] Restarting tasks ... done.
root@(none):/# 
root@(none):/# NVTB SYSTEM SUSPEND TEST COMPLETE
