

U-Boot 2015.04-00466-gedec83e90172 (Mar 14 2016 - 10:42:01)

TEGRA124
Model: Acer Chromebook 13 CB5-311
DRAM:  4 GiB
C:   Tegra SD/MMC: 0, Tegra SD/MMC: 1, Tegra SD/MMC: 2
MMC init failed
Using default environment

In:    serial
Out:   serial
Err:   serial
Net:   Net Initialization Skipped
No ethernet found.
Hit any key to stop autoboot:  2  1  0 
Tegra124 (Nyan-big) # 
Tegra124 (Nyan-big) # usb start
starting USB...
USB0:   USB EHCI 1.10
scanning bus 0 for devices... 2 USB Device(s) found
USB1:   USB EHCI 1.10
scanning bus 1 for devices... 2 USB Device(s) found
       scanning usb for storage devices... 1 Storage Device(s) found
       scanning usb for ethernet devices... 
Warning: asx0 using MAC address from net device
1 Ethernet Device(s) found
Tegra124 (Nyan-big) # mw 0x7000e4a0 0x00080000
Tegra124 (Nyan-big) # setenv bootargs 'ignore_loglevel console=ttyS0,115200n8 rw root=PARTUUID=4d36e82a-b3c0-4b4b-bfcd-afe5217ac023 rootwait gpt debug noinitrd earlyprintk init=/bin/bash'
Tegra124 (Nyan-big) # setenv ipaddr 192.168.100.102; setenv serverip 192.168.100.1; setenv tftpserverip 192.168.100.1
Tegra124 (Nyan-big) # tftpboot 0x82000000 zImage.multi_v7_defconfig
Using asx0 device
TFTP from server 192.168.100.1; our IP address is 192.168.100.102
Filename 'zImage.multi_v7_defconfig'.
Load address: 0x82000000
Loading: *#################################################################
	 #################################################################
	 #################################################################
	 #################################################################
	 #################################################################
	 #################################################################
	 #################################################################
	 #####################################
	 3.4 MiB/s
done
Bytes transferred = 7215208 (6e1868 hex)
Tegra124 (Nyan-big) # tftpboot 0x83000000 tegra124-nyan-big.dtb
Using asx0 device
TFTP from server 192.168.100.1; our IP address is 192.168.100.102
Filename 'tegra124-nyan-big.dtb'.
Load address: 0x83000000
Loading: *#####
	 3.4 MiB/s
done
Bytes transferred = 67899 (1093b hex)
Tegra124 (Nyan-big) # bootz 0x82000000 - 0x83000000
Kernel image @ 0x82000000 [ 0x000000 - 0x6e1868 ]
## Flattened Device Tree blob at 83000000
   Booting using the fdt blob at 0x83000000
   Using Device Tree in place at 83000000, end 8301393a

Starting kernel ...

[    0.000000] Booting Linux on physical CPU 0x0
[    0.000000] Linux version 4.9.0-rc2-127009-g07d9a38 (pwalmsley@sellafield) (gcc version 4.7.3 20130328 (prerelease) (crosstool-NG linaro-1.13.1-4.7-2013.04-20130415 - Linaro GCC 2013.04) ) #1 SMP Wed Nov 2 05:16:21 PDT 2016
[    0.000000] CPU: ARMv7 Processor [413fc0f3] revision 3 (ARMv7), cr=10c5387d
[    0.000000] CPU: div instructions available: patching division code
[    0.000000] CPU: PIPT / VIPT nonaliasing data cache, PIPT instruction cache
[    0.000000] OF: fdt:Machine model: Acer Chromebook 13 CB5-311
[    0.000000] OF: fdt:Ignoring memory range 0x100000000 - 0x17ffff000
[    0.000000] debug: ignoring loglevel setting.
[    0.000000] efi: Getting EFI parameters from FDT:
[    0.000000] efi: UEFI not found.
[    0.000000] cma: Reserved 64 MiB at 0xfb800000
[    0.000000] Memory policy: Data cache writealloc
[    0.000000] On node 0 totalpages: 524287
[    0.000000] free_area_init_node: node 0, pgdat c1426d40, node_mem_map eeff8000
[    0.000000]   DMA zone: 1536 pages used for memmap
[    0.000000]   DMA zone: 0 pages reserved
[    0.000000]   DMA zone: 196608 pages, LIFO batch:31
[    0.000000]   HighMem zone: 327679 pages, LIFO batch:31
[    0.000000] percpu: Embedded 14 pages/cpu @eef84000 s26624 r8192 d22528 u57344
[    0.000000] pcpu-alloc: s26624 r8192 d22528 u57344 alloc=14*4096
[    0.000000] pcpu-alloc: [0] 0 [0] 1 [0] 2 [0] 3 
[    0.000000] Built 1 zonelists in Zone order, mobility grouping on.  Total pages: 522751
[    0.000000] Kernel command line: ignore_loglevel console=ttyS0,115200n8 rw root=PARTUUID=4d36e82a-b3c0-4b4b-bfcd-afe5217ac023 rootwait gpt debug noinitrd earlyprintk init=/bin/bash
[    0.000000] PID hash table entries: 4096 (order: 2, 16384 bytes)
[    0.000000] Dentry cache hash table entries: 131072 (order: 7, 524288 bytes)
[    0.000000] Inode-cache hash table entries: 65536 (order: 6, 262144 bytes)
[    0.000000] Memory: 1995952K/2097148K available (9216K kernel code, 1186K rwdata, 4048K rodata, 2048K init, 343K bss, 35660K reserved, 65536K cma-reserved, 1245180K highmem)
[    0.000000] Virtual kernel memory layout:
[    0.000000]     vector  : 0xffff0000 - 0xffff1000   (   4 kB)
[    0.000000]     fixmap  : 0xffc00000 - 0xfff00000   (3072 kB)
[    0.000000]     vmalloc : 0xf0800000 - 0xff800000   ( 240 MB)
[    0.000000]     lowmem  : 0xc0000000 - 0xf0000000   ( 768 MB)
[    0.000000]     pkmap   : 0xbfe00000 - 0xc0000000   (   2 MB)
[    0.000000]     modules : 0xbf000000 - 0xbfe00000   (  14 MB)
[    0.000000]       .text : 0xc0208000 - 0xc0c00000   (10208 kB)
[    0.000000]       .init : 0xc1100000 - 0xc1300000   (2048 kB)
[    0.000000]       .data : 0xc1300000 - 0xc1428820   (1187 kB)
[    0.000000]        .bss : 0xc142a000 - 0xc147ff88   ( 344 kB)
[    0.000000] SLUB: HWalign=64, Order=0-3, MinObjects=0, CPUs=4, Nodes=1
[    0.000000] Hierarchical RCU implementation.
[    0.000000] 	Build-time adjustment of leaf fanout to 32.
[    0.000000] 	RCU restricting CPUs from NR_CPUS=16 to nr_cpu_ids=4.
[    0.000000] RCU: Adjusting geometry for rcu_fanout_leaf=32, nr_cpu_ids=4
[    0.000000] NR_IRQS:16 nr_irqs:16 16
[    0.000000] /interrupt-controller@60004000: 160 interrupts forwarded to /interrupt-controller@50041000
[    0.000000] Tegra clk 127: register failed with -17
[    0.000004] sched_clock: 32 bits at 1000kHz, resolution 1000ns, wraps every 2147483647500ns
[    0.000012] clocksource: timer_us: mask: 0xffffffff max_cycles: 0xffffffff, max_idle_ns: 1911260446275 ns
[    0.000018] Switching to timer-based delay loop, resolution 1000ns
[    0.001878] arm_arch_timer: Architected cp15 timer(s) running at 12.00MHz (virt).
[    0.001885] clocksource: arch_sys_counter: mask: 0xffffffffffffff max_cycles: 0x2c47f4ee7, max_idle_ns: 440795202497 ns
[    0.001891] sched_clock: 56 bits at 12MHz, resolution 83ns, wraps every 4398046511096ns
[    0.001895] Switching to timer-based delay loop, resolution 83ns
[    0.002098] Console: colour dummy device 80x30
[    0.002113] Calibrating delay loop (skipped), value calculated using timer frequency.. 24.00 BogoMIPS (lpj=60000)
[    0.002118] pid_max: default: 32768 minimum: 301
[    0.002157] Mount-cache hash table entries: 2048 (order: 1, 8192 bytes)
[    0.002161] Mountpoint-cache hash table entries: 2048 (order: 1, 8192 bytes)
[    0.002409] CPU: Testing write buffer coherency: ok
[    0.002523] /cpus/cpu@0 missing clock-frequency property
[    0.002538] /cpus/cpu@1 missing clock-frequency property
[    0.002552] /cpus/cpu@2 missing clock-frequency property
[    0.002566] /cpus/cpu@3 missing clock-frequency property
[    0.002571] CPU0: thread -1, cpu 0, socket 0, mpidr 80000000
[    0.002581] Setting up static identity map for 0x80300000 - 0x80300098
[    0.003920] Tegra Revision: A01 SKU: 131 CPU Process: 1 SoC Process: 1
[    0.004152] EFI services will not be available.
[    0.004492] CPU1: thread -1, cpu 1, socket 0, mpidr 80000001
[    0.007002] CPU2: thread -1, cpu 2, socket 0, mpidr 80000002
[    0.011997] CPU3: thread -1, cpu 3, socket 0, mpidr 80000003
[    0.016770] Brought up 4 CPUs
[    0.016777] SMP: Total of 4 processors activated (96.00 BogoMIPS).
[    0.016780] CPU: All CPU(s) started in SVC mode.
[    0.017319] devtmpfs: initialized
[    0.024461] VFP support v0.3: implementor 41 architecture 4 part 30 variant f rev 0
[    0.024662] clocksource: jiffies: mask: 0xffffffff max_cycles: 0xffffffff, max_idle_ns: 9556302231375000 ns
[    0.025195] pinctrl core: initialized pinctrl subsystem
[    0.025897] NET: Registered protocol family 16
[    0.026571] DMA: preallocated 256 KiB pool for atomic coherent allocations
[    0.041808] cpuidle: using governor menu
[    0.051764] No ATAGs?
[    0.051776] hw-breakpoint: found 5 (+1 reserved) breakpoint and 4 watchpoint registers.
[    0.051780] hw-breakpoint: maximum watchpoint size is 8 bytes.
[    0.054440] Serial: AMBA PL011 UART driver
[    0.054784] tegra-mc 70019000.memory-controller: no memory timings for RAM code 0 registered
[    0.073722] +5V_SYS: supplied by +VDD_MUX
[    0.073827] +3.3V_SYS: supplied by +VDD_MUX
[    0.074048] +VDD_LED: Failed to request enable GPIO122: -517
[    0.074053] reg-fixed-voltage regulators:regulator@5: Failed to register regulator: -517
[    0.074083] +5V_VDD_TS_SW: Failed to request enable GPIO81: -517
[    0.074088] reg-fixed-voltage regulators:regulator@6: Failed to register regulator: -517
[    0.074116] +5V_USB_HS: Failed to request enable GPIO108: -517
[    0.074120] reg-fixed-voltage regulators:regulator@7: Failed to register regulator: -517
[    0.074148] +5V_USB_SS: Failed to request enable GPIO109: -517
[    0.074152] reg-fixed-voltage regulators:regulator@8: Failed to register regulator: -517
[    0.074229] +1.05V_RUN_AVDD_HDMI_PLL: Failed to request enable GPIO63: -517
[    0.074233] reg-fixed-voltage regulators:regulator@11: Failed to register regulator: -517
[    0.074262] +5V_HDMI_CON: Failed to request enable GPIO86: -517
[    0.074266] reg-fixed-voltage regulators:regulator@12: Failed to register regulator: -517
[    0.075357] vgaarb: loaded
[    0.075660] SCSI subsystem initialized
[    0.075726] libata version 3.00 loaded.
[    0.075829] usbcore: registered new interface driver usbfs
[    0.075854] usbcore: registered new interface driver hub
[    0.075876] usbcore: registered new device driver usb
[    0.077206] pps_core: LinuxPPS API ver. 1 registered
[    0.077209] pps_core: Software ver. 5.3.6 - Copyright 2005-2007 Rodolfo Giometti <giometti@linux.it>
[    0.077218] PTP clock support registered
[    0.077284] EDAC MC: Ver: 3.0.0
[    0.077727] tegra-emc 7001b000.emc: no memory timings for RAM code 0 found in DT
[    0.077736] tegra-emc: probe of 7001b000.emc failed with error -2
[    0.078219] clocksource: Switched to clocksource arch_sys_counter
[    0.081974] NET: Registered protocol family 2
[    0.082169] TCP established hash table entries: 8192 (order: 3, 32768 bytes)
[    0.082202] TCP bind hash table entries: 8192 (order: 4, 65536 bytes)
[    0.082265] TCP: Hash tables configured (established 8192 bind 8192)
[    0.082288] UDP hash table entries: 512 (order: 2, 16384 bytes)
[    0.082303] UDP-Lite hash table entries: 512 (order: 2, 16384 bytes)
[    0.082364] NET: Registered protocol family 1
[    0.082495] RPC: Registered named UNIX socket transport module.
[    0.082498] RPC: Registered udp transport module.
[    0.082501] RPC: Registered tcp transport module.
[    0.082504] RPC: Registered tcp NFSv4.1 backchannel transport module.
[    0.082508] PCI: CLS 0 bytes, default 64
[    0.082959] hw perfevents: enabled with armv7_cortex_a15 PMU driver, 7 counters available
[    0.083503] futex hash table entries: 1024 (order: 4, 65536 bytes)
[    0.083788] workingset: timestamp_bits=30 max_order=19 bucket_order=0
[    0.087522] squashfs: version 4.0 (2009/01/31) Phillip Lougher
[    0.087831] NFS: Registering the id_resolver key type
[    0.087841] Key type id_resolver registered
[    0.087844] Key type id_legacy registered
[    0.087861] ntfs: driver 2.1.32 [Flags: R/O].
[    0.088314] bounce: pool size: 64 pages
[    0.088384] Block layer SCSI generic (bsg) driver version 0.4 loaded (major 248)
[    0.088388] io scheduler noop registered
[    0.088390] io scheduler deadline registered
[    0.088452] io scheduler cfq registered (default)
[    0.090295] tegra-xusb-padctl 7009f000.padctl: failed to setup XUSB ports: -517
[    0.090473] libphy: mdio_driver_register: phy-bcm-ns2-pci
[    0.100249] tegra-apbdma 60020000.dma: Tegra20 APB DMA driver register 32 channels
[    0.100908] tegra-pmc 7000e400.pmc: i2c-thermtrip node not found, emergency thermal reset disabled.
[    0.122411] Serial: 8250/16550 driver, 4 ports, IRQ sharing disabled
[    0.123582] console [ttyS0] disabled
[    0.123598] 70006000.serial: ttyS0 at MMIO 0x70006000 (irq = 331, base_baud = 25500000) is a Tegra
[    0.997011] console [ttyS0] enabled
[    1.000813] SuperH (H)SCI(F) driver initialized
[    1.005689] msm_serial: driver initialized
[    1.009844] STMicroelectronics ASC driver initialized
[    1.016288] [drm] Initialized
[    1.020381] tegra-hdmi 54280000.hdmi: failed to get HDMI regulator
[    1.026917] tegra-dpaux 545c0000.dpaux: failed to get VDD supply: -517
[    1.034144] panel supply power not found, using dummy regulator
[    1.043893] brd: module loaded
[    1.049088] loop: module loaded
[    1.053133] as3722 4-0040: AS3722 with revision 0x1 found
[    1.063245] as3722-sd2: supplied by +5V_SYS
[    1.067657] as3722-sd3: supplied by +5V_SYS
[    1.072020] +1.35V_LP0(sd3): Bringing 0uV into 1350000-1350000uV
[    1.078117] +1.35V_LP0(sd3): ramp_delay not set
[    1.082732] as3722-sd4: supplied by +5V_SYS
[    1.087073] +1.05V_RUN: Bringing 0uV into 1050000-1050000uV
[    1.092739] +1.05V_RUN: ramp_delay not set
[    1.096911] as3722-sd5: supplied by +5V_SYS
[    1.102505] as3722-ldo0: supplied by +1.35V_LP0(sd2)
[    1.108248] +1.8V_RUN_CAM: Bringing 0uV into 1800000-1800000uV
[    1.114172] +1.8V_RUN_CAM: ramp_delay not set
[    1.118616] as3722-ldo2: supplied by +1.8V_VDDIO
[    1.124236] as3722-ldo3: supplied by +3.3V_SYS
[    1.128691] +1.00V_LP0_VDD_RTC: Bringing 1100000uV into 1000000-1000000uV
[    1.135567] +1.00V_LP0_VDD_RTC: ramp_delay not set
[    1.141050] as3722-ldo4: supplied by +3.3V_SYS
[    1.145648] +3.3V_RUN_CAM: Bringing 0uV into 2800000-2800000uV
[    1.151571] +3.3V_RUN_CAM: ramp_delay not set
[    1.156017] as3722-ldo5: supplied by +1.8V_VDDIO
[    1.160787] +1.2V_RUN_CAM_FRONT: Bringing 0uV into 1200000-1200000uV
[    1.167230] +1.2V_RUN_CAM_FRONT: ramp_delay not set
[    1.172347] +VDDIO_SDMMC3: Bringing 0uV into 1800000-1800000uV
[    1.178273] +VDDIO_SDMMC3: ramp_delay not set
[    1.182734] as3722-ldo7: supplied by +1.8V_VDDIO
[    1.187505] +1.05V_RUN_CAM_REAR: Bringing 0uV into 1050000-1050000uV
[    1.193949] +1.05V_RUN_CAM_REAR: ramp_delay not set
[    1.198929] as3722-ldo9: supplied by +5V_SYS
[    1.203490] +2.8V_RUN_TOUCH: Bringing 0uV into 2800000-2800000uV
[    1.209585] +2.8V_RUN_TOUCH: ramp_delay not set
[    1.214221] as3722-ldo10: supplied by +5V_SYS
[    1.218733] +2.8V_RUN_CAM_AF: Bringing 0uV into 2800000-2800000uV
[    1.224916] +2.8V_RUN_CAM_AF: ramp_delay not set
[    1.229789] +1.8V_RUN_VPP_FUSE: Bringing 0uV into 1800000-1800000uV
[    1.236146] +1.8V_RUN_VPP_FUSE: ramp_delay not set
[    1.247462] random: fast init done
[    1.252986] m25p80 spi32765.0: w25q32dw (4096 Kbytes)
[    1.259143] libphy: Fixed MDIO Bus: probed
[    1.263654] CAN device driver interface
[    1.268243] igb: Intel(R) Gigabit Ethernet Network Driver - version 5.4.0-k
[    1.275190] igb: Copyright (c) 2007-2014 Intel Corporation.
[    1.281981] pegasus: v0.9.3 (2013/04/25), Pegasus/Pegasus II USB Ethernet driver
[    1.289391] usbcore: registered new interface driver pegasus
[    1.295060] usbcore: registered new interface driver asix
[    1.300464] usbcore: registered new interface driver ax88179_178a
[    1.306560] usbcore: registered new interface driver cdc_ether
[    1.312402] usbcore: registered new interface driver smsc75xx
[    1.318158] usbcore: registered new interface driver smsc95xx
[    1.323913] usbcore: registered new interface driver net1080
[    1.329577] usbcore: registered new interface driver cdc_subset
[    1.335499] usbcore: registered new interface driver zaurus
[    1.341084] usbcore: registered new interface driver cdc_ncm
[    1.347415] ehci_hcd: USB 2.0 'Enhanced' Host Controller (EHCI) Driver
[    1.353932] ehci-pci: EHCI PCI platform driver
[    1.358381] ehci-platform: EHCI generic platform driver
[    1.363672] ehci-orion: EHCI orion driver
[    1.367716] SPEAr-ehci: EHCI SPEAr driver
[    1.371772] ehci-st: EHCI STMicroelectronics driver
[    1.376692] ehci-exynos: EHCI EXYNOS driver
[    1.380923] ehci-atmel: EHCI Atmel driver
[    1.384975] tegra-ehci: Tegra EHCI driver
[    1.389041] ohci_hcd: USB 1.1 'Open' Host Controller (OHCI) Driver
[    1.395215] ohci-pci: OHCI PCI platform driver
[    1.399667] ohci-platform: OHCI generic platform driver
[    1.404940] ohci-omap3: OHCI OMAP3 driver
[    1.408991] SPEAr-ohci: OHCI SPEAr driver
[    1.413037] ohci-st: OHCI STMicroelectronics driver
[    1.417956] ohci-atmel: OHCI Atmel driver
[    1.422222] usbcore: registered new interface driver usb-storage
[    1.428792] mousedev: PS/2 mouse device common for all mice
[    1.434996] 1-0015 supply vcc not found, using dummy regulator
[    1.442083] as3722-rtc as3722-rtc: rtc core: registered as3722-rtc as rtc0
[    1.448952] as3722-rtc as3722-rtc: RTC interrupt 370
[    1.455876] tegra_rtc 7000e000.rtc: rtc core: registered 7000e000.rtc as rtc1
[    1.463016] tegra_rtc 7000e000.rtc: Tegra internal Real Time Clock
[    1.469377] i2c /dev entries driver
[    1.475282] 0-004c supply vcc not found, using dummy regulator
[    1.485339] sdhci: Secure Digital Host Controller Interface driver
[    1.491516] sdhci: Copyright(c) Pierre Ossman
[    1.496422] Synopsys Designware Multimedia Card Interface Driver
[    1.502817] sdhci-pltfm: SDHCI platform and OF driver helper
[    1.508747] sdhci-tegra 700b0000.sdhci: allocated mmc-pwrseq
[    1.514511] sdhci-tegra 700b0400.sdhci: Got CD GPIO
[    1.519386] sdhci-tegra 700b0400.sdhci: Got WP GPIO
[    1.524375] mmc0: Unknown controller version (3). You may experience problems.
[    1.531612] mmc0: Invalid maximum block size, assuming 512 bytes
[    1.583229] mmc0: SDHCI controller on 700b0600.sdhci [700b0600.sdhci] using ADMA
[    1.591316] ledtrig-cpu: registered to indicate activity on CPUs
[    1.594980] input: Elan Touchpad as /devices/soc0/7000c400.i2c/i2c-1/1-0015/input/input0
[    1.605518] usbcore: registered new interface driver usbhid
[    1.611082] usbhid: USB HID core driver
[    1.616163] NET: Registered protocol family 10
[    1.620944] sit: IPv6, IPv4 and MPLS over IPv4 tunneling driver
[    1.627101] NET: Registered protocol family 17
[    1.631542] can: controller area network core (rev 20120528 abi 9)
[    1.637734] NET: Registered protocol family 29
[    1.642171] can: raw protocol (rev 20120528)
[    1.646433] can: broadcast manager protocol (rev 20160617 t)
[    1.652086] can: netlink gateway (rev 20130117) max_hops=1
[    1.657702] Key type dns_resolver registered
[    1.662199] ThumbEE CPU extension supported.
[    1.666466] Registering SWP/SWPB emulation handler
[    1.678814] +3.3V_RUN: supplied by +3.3V_SYS
[    1.683662] +3.3V_AVDD_HDMI_AP_GATED: supplied by +3.3V_RUN
[    1.689380] +1.8V_RUN_CAM: supplied by +3.3V_RUN
[    1.694137] +VDDIO_SDMMC3: supplied by +3.3V_RUN
[    1.698862] +1.8V_RUN_VPP_FUSE: supplied by +3.3V_RUN
[    1.704185] +VDD_LED: supplied by +VDD_MUX
[    1.708635] +5V_VDD_TS_SW: supplied by +5V_SYS
[    1.713313] +5V_USB_HS: supplied by +5V_SYS
[    1.717852] +5V_USB_SS: supplied by +5V_SYS
[    1.723032] +3.3V_PANEL: supplied by +3.3V_RUN
[    1.728534] +3.3V_LP0: supplied by +3.3V_SYS
[    1.733594] +1.05V_RUN_AVDD_HDMI_PLL: supplied by +1.05V_RUN
[    1.735748] mmc0: new high speed MMC card at address 0001
[    1.736159] mmcblk0: mmc0:0001 MMC16G 14.4 GiB 
[    1.736399] mmcblk0boot0: mmc0:0001 MMC16G partition 1 2.00 MiB
[    1.736796] mmcblk0boot1: mmc0:0001 MMC16G partition 2 2.00 MiB
[    1.736982] mmcblk0rpmb: mmc0:0001 MMC16G partition 3 128 KiB
[    1.744348]  mmcblk0: p1 p2 p3 p4 p5 p6 p7 p8 p9 p10 p11 p12
[    1.772917] +5V_HDMI_CON: supplied by +5V_SYS
[    1.778210] usb3-0 supply vbus not found, using dummy regulator
[    1.784272] usb3-1 supply vbus not found, using dummy regulator
[    1.790312] elan_i2c 1-0015: failed to read report data: -121
[    1.799565] tegra-sor 54540000.sor: failed to probe output: -517
[    1.806386] panel supply power not found, using dummy regulator
[    1.813098] sdhci-tegra 700b0000.sdhci: allocated mmc-pwrseq
[    1.818938] mmc1: Unknown controller version (3). You may experience problems.
[    1.826267] mmc1: Invalid maximum block size, assuming 512 bytes
[    1.832627] mmc1: Switching to 3.3V signalling voltage failed
[    1.871545] elan_i2c 1-0015: invalid report id data (ff)
[    1.878271] mmc1: SDHCI controller on 700b0000.sdhci [700b0000.sdhci] using ADMA
[    1.886415] sdhci-tegra 700b0400.sdhci: Got CD GPIO
[    1.891294] sdhci-tegra 700b0400.sdhci: Got WP GPIO
[    1.896261] mmc2: Unknown controller version (3). You may experience problems.
[    1.903512] mmc2: Invalid maximum block size, assuming 512 bytes
[    1.910305] +VDDIO_SDMMC3: ramp_delay not set
[    1.956009] mmc1: new high speed SDIO card at address 0001
[    1.961837] mmc2: SDHCI controller on 700b0400.sdhci [700b0400.sdhci] using ADMA
[    2.067923] [drm] Supports vblank timestamp caching Rev 2 (21.10.2013).
[    2.074550] [drm] No driver support for vblank timestamp query.
[    2.110826] mmc2: new high speed SDHC card at address 0007
[    2.111422] mmcblk2: mmc2:0007 SD08G 7.42 GiB 
[    2.121457] GPT:Primary header alternate_lba != Alt. header my_lba
[    2.121460] GPT:3014591 != 15564799
[    2.121462] GPT:Primary header thinks Alt. header is not at the end of the disk.
[    2.121463] GPT:3014591 != 15564799
[    2.121464] GPT: Use GNU Parted to correct GPT errors.
[    2.121491]  mmcblk2: p1 p2 p3 p4 p5 p6 p7 p8 p9 p10 p11 p12
[    2.136171] Console: switching to colour frame buffer device 170x48
[    2.187512] drm drm: fb0:  frame buffer device
[    2.208298] [drm] Initialized tegra 0.0.0 20120330 on minor 0
[    2.215219] input: gpio-keys as /devices/soc0/gpio-keys/input/input1
[    2.223030] as3722-rtc as3722-rtc: setting system clock to 2000-01-01 20:53:40 UTC (946760020)
[    2.232169] +1.8V_RUN_CAM: disabling
[    2.235974] +3.3V_RUN_CAM: disabling
[    2.239812] +1.2V_RUN_CAM_FRONT: disabling
[    2.244147] +1.05V_RUN_CAM_REAR: disabling
[    2.248508] +2.8V_RUN_TOUCH: disabling
[    2.252413] +2.8V_RUN_CAM_AF: disabling
[    2.256433] +1.8V_RUN_VPP_FUSE: disabling
[    2.260669] +5V_VDD_TS_SW: disabling
[    2.264278] +5V_USB_HS: disabling
[    2.267591] +5V_USB_SS: disabling
[    2.271787] EXT4-fs (mmcblk0p3): couldn't mount as ext3 due to feature incompatibilities
[    2.280418] EXT4-fs (mmcblk0p3): couldn't mount as ext2 due to feature incompatibilities
[    2.585279] EXT4-fs (mmcblk0p3): recovery complete
[    2.590823] EXT4-fs (mmcblk0p3): mounted filesystem with ordered data mode. Opts: (null)
[    2.598954] VFS: Mounted root (ext4 filesystem) on device 179:3.
[    2.606158] devtmpfs: mounted
[    2.609859] Freeing unused kernel memory: 2048K (c1100000 - c1300000)
bash: cannot set terminal process group (-1): Inappropriate ioctl for device
bash: no job control in this shell
root@(none):/# 