

U-Boot 2015.04-00466-gedec83e90172 (Mar 14 2016 - 10:42:01)

TEGRA124
Model: Acer Chromebook 13 CB5-311
DRAM:  4 GiB
:   Tegra SD/MMC: 0, Tegra SD/MMC: 1, Tegra SD/MMC: 2
MMC init failed
Using default environment

In:    serial
Out:   serial
Err:   serial
Net:   Net Initialization Skipped
No ethernet found.
Hit any key to stop autoboot:  2  0 
Tegra124 (Nyan-big) # 
Tegra124 (Nyan-big) # usb start
starting USB...
USB0:   USB EHCI 1.10
scanning bus 0 for devices... 2 USB Device(s) found
USB1:   USB EHCI 1.10
scanning bus 1 for devices... 2 USB Device(s) found
       scanning usb for storage devices... 1 Storage Device(s) found
       scanning usb for ethernet devices... 
Warning: asx0 using MAC address from net device
1 Ethernet Device(s) found
Tegra124 (Nyan-big) # mw 0x7000e4a0 0x00080000
Tegra124 (Nyan-big) # setenv bootargs 'ignore_loglevel console=ttyS0,115200n8 rw root=PARTUUID=4d36e82a-b3c0-4b4b-bfcd-afe5217ac023 rootwait gpt debug noinitrd earlyprintk init=/bin/bash'
Tegra124 (Nyan-big) # setenv ipaddr 192.168.100.102; setenv serverip 192.168.100.1; setenv tftpserverip 192.168.100.1
Tegra124 (Nyan-big) # tftpboot 0x82000000 zImage.tegra_defconfig
Using asx0 device
TFTP from server 192.168.100.1; our IP address is 192.168.100.102
Filename 'zImage.tegra_defconfig'.
Load address: 0x82000000
Loading: *#################################################################
	 #################################################################
	 #################################################################
	 #################################################################
	 #################################################################
	 ###############################################
	 3.6 MiB/s
done
Bytes transferred = 5452776 (5333e8 hex)
Tegra124 (Nyan-big) # tftpboot 0x83000000 tegra124-nyan-big.dtb
Using asx0 device
TFTP from server 192.168.100.1; our IP address is 192.168.100.102
Filename 'tegra124-nyan-big.dtb'.
Load address: 0x83000000
Loading: *#####
	 3.4 MiB/s
done
Bytes transferred = 67899 (1093b hex)
Tegra124 (Nyan-big) # bootz 0x82000000 - 0x83000000
Kernel image @ 0x82000000 [ 0x000000 - 0x5333e8 ]
## Flattened Device Tree blob at 83000000
   Booting using the fdt blob at 0x83000000
   Using Device Tree in place at 83000000, end 8301393a

Starting kernel ...

Uncompressing Linux... done, booting the kernel.
[    0.000000] Booting Linux on physical CPU 0x0
[    0.000000] Linux version 4.9.0-rc2-127009-g07d9a38 (pwalmsley@kaivo) (gcc version 4.7.3 20130328 (prerelease) (crosstool-NG linaro-1.13.1-4.7-2013.04-20130415 - Linaro GCC 2013.04) ) #1 SMP PREEMPT Wed Nov 2 05:16:29 PDT 2016
[    0.000000] CPU: ARMv7 Processor [413fc0f3] revision 3 (ARMv7), cr=10c5387d
[    0.000000] CPU: div instructions available: patching division code
[    0.000000] CPU: PIPT / VIPT nonaliasing data cache, PIPT instruction cache
[    0.000000] OF: fdt:Machine model: Acer Chromebook 13 CB5-311
[    0.000000] OF: fdt:Ignoring memory range 0x100000000 - 0x17ffff000
[    0.000000] debug: ignoring loglevel setting.
[    0.000000] bootconsole [earlycon0] enabled
[    0.000000] cma: Reserved 64 MiB at 0xfbc00000
[    0.000000] Memory policy: Data cache writealloc
[    0.000000] On node 0 totalpages: 524287
[    0.000000] free_area_init_node: node 0, pgdat c0d5cb00, node_mem_map eeff7000
[    0.000000]   Normal zone: 1536 pages used for memmap
[    0.000000]   Normal zone: 0 pages reserved
[    0.000000]   Normal zone: 196608 pages, LIFO batch:31
[    0.000000]   HighMem zone: 327679 pages, LIFO batch:31
[    0.000000] percpu: Embedded 14 pages/cpu @eef83000 s26176 r8192 d22976 u57344
[    0.000000] pcpu-alloc: s26176 r8192 d22976 u57344 alloc=14*4096
[    0.000000] pcpu-alloc: [0] 0 [0] 1 [0] 2 [0] 3 
[    0.000000] Built 1 zonelists in Zone order, mobility grouping on.  Total pages: 522751
[    0.000000] Kernel command line: ignore_loglevel console=ttyS0,115200n8 rw root=PARTUUID=4d36e82a-b3c0-4b4b-bfcd-afe5217ac023 rootwait gpt debug noinitrd earlyprintk init=/bin/bash
[    0.000000] PID hash table entries: 4096 (order: 2, 16384 bytes)
[    0.000000] Dentry cache hash table entries: 131072 (order: 7, 524288 bytes)
[    0.000000] Inode-cache hash table entries: 65536 (order: 6, 262144 bytes)
[    0.000000] Memory: 2000824K/2097148K available (8192K kernel code, 376K rwdata, 2448K rodata, 1024K init, 370K bss, 30788K reserved, 65536K cma-reserved, 1245180K highmem)
[    0.000000] Virtual kernel memory layout:
[    0.000000]     vector  : 0xffff0000 - 0xffff1000   (   4 kB)
[    0.000000]     fixmap  : 0xffc00000 - 0xfff00000   (3072 kB)
[    0.000000]     vmalloc : 0xf0800000 - 0xff800000   ( 240 MB)
[    0.000000]     lowmem  : 0xc0000000 - 0xf0000000   ( 768 MB)
[    0.000000]     pkmap   : 0xbfe00000 - 0xc0000000   (   2 MB)
[    0.000000]     modules : 0xbf000000 - 0xbfe00000   (  14 MB)
[    0.000000]       .text : 0xc0008000 - 0xc0900000   (9184 kB)
[    0.000000]       .init : 0xc0c00000 - 0xc0d00000   (1024 kB)
[    0.000000]       .data : 0xc0d00000 - 0xc0d5e1a0   ( 377 kB)
[    0.000000]        .bss : 0xc0d60000 - 0xc0dbca90   ( 371 kB)
[    0.000000] Preemptible hierarchical RCU implementation.
[    0.000000] 	Build-time adjustment of leaf fanout to 32.
[    0.000000] NR_IRQS:16 nr_irqs:16 16
[    0.000000] /interrupt-controller@60004000: 160 interrupts forwarded to /interrupt-controller@50041000
[    0.000000] Tegra clk 127: register failed with -17
[    0.000003] sched_clock: 32 bits at 1000kHz, resolution 1000ns, wraps every 2147483647500ns
[    0.008023] clocksource: timer_us: mask: 0xffffffff max_cycles: 0xffffffff, max_idle_ns: 1911260446275 ns
[    0.017640] Switching to timer-based delay loop, resolution 1000ns
[    0.024320] arm_arch_timer: Architected cp15 timer(s) running at 12.00MHz (virt).
[    0.031420] clocksource: arch_sys_counter: mask: 0xffffffffffffff max_cycles: 0x2c47f4ee7, max_idle_ns: 440795202497 ns
[    0.042254] sched_clock: 56 bits at 12MHz, resolution 83ns, wraps every 4398046511096ns
[    0.050311] Switching to timer-based delay loop, resolution 83ns
[    0.056558] Console: colour dummy device 80x30
[    0.060892] Calibrating delay loop (skipped), value calculated using timer frequency.. 24.00 BogoMIPS (lpj=120000)
[    0.071283] pid_max: default: 32768 minimum: 301
[    0.076163] Mount-cache hash table entries: 2048 (order: 1, 8192 bytes)
[    0.082643] Mountpoint-cache hash table entries: 2048 (order: 1, 8192 bytes)
[    0.090285] CPU: Testing write buffer coherency: ok
[    0.094818] /cpus/cpu@0 missing clock-frequency property
[    0.100067] /cpus/cpu@1 missing clock-frequency property
[    0.105451] /cpus/cpu@2 missing clock-frequency property
[    0.110814] /cpus/cpu@3 missing clock-frequency property
[    0.116183] CPU0: thread -1, cpu 0, socket 0, mpidr 80000000
[    0.121904] Setting up static identity map for 0x80100000 - 0x80100098
[    0.208739] Tegra Revision: A01 SKU: 131 CPU Process: 1 SoC Process: 1
[    0.278783] CPU1: thread -1, cpu 1, socket 0, mpidr 80000001
[    0.358813] CPU2: thread -1, cpu 2, socket 0, mpidr 80000002
[    0.438854] CPU3: thread -1, cpu 3, socket 0, mpidr 80000003
[    0.448660] Brought up 4 CPUs
[    0.466957] SMP: Total of 4 processors activated (96.00 BogoMIPS).
[    0.473197] CPU: All CPU(s) started in SVC mode.
[    0.508393] devtmpfs: initialized
[    0.528667] VFP support v0.3: implementor 41 architecture 4 part 30 variant f rev 0
[    0.534693] clocksource: jiffies: mask: 0xffffffff max_cycles: 0xffffffff, max_idle_ns: 19112604462750000 ns
[    0.604414] pinctrl core: initialized pinctrl subsystem
[    0.694597] NET: Registered protocol family 16
[    0.697648] DMA: preallocated 256 KiB pool for atomic coherent allocations
[    0.734449] cpuidle: using governor menu
[    0.755225] No ATAGs?[    0.755418] hw-breakpoint: found 5 (+1 reserved) breakpoint and 4 watchpoint registers.
[    0.763468] hw-breakpoint: maximum watchpoint size is 8 bytes.
[    0.799586] tegra-mc 70019000.memory-controller: no memory timings for RAM code 0 registered
[    1.100042] +5V_SYS: supplied by +VDD_MUX
[    1.102413] +3.3V_SYS: supplied by +VDD_MUX
[    1.106879] +VDD_LED: Failed to request enable GPIO122: -517
[    1.112208] reg-fixed-voltage regulators:regulator@5: Failed to register regulator: -517
[    1.120377] +5V_VDD_TS_SW: Failed to request enable GPIO81: -517
[    1.126407] reg-fixed-voltage regulators:regulator@6: Failed to register regulator: -517
[    1.134588] +5V_USB_HS: Failed to request enable GPIO108: -517
[    1.140447] reg-fixed-voltage regulators:regulator@7: Failed to register regulator: -517
[    1.148626] +5V_USB_SS: Failed to request enable GPIO109: -517
[    1.154486] reg-fixed-voltage regulators:regulator@8: Failed to register regulator: -517
[    1.162739] +1.05V_RUN_AVDD_HDMI_PLL: Failed to request enable GPIO63: -517
[    1.169654] reg-fixed-voltage regulators:regulator@11: Failed to register regulator: -517
[    1.177919] +5V_HDMI_CON: Failed to request enable GPIO86: -517
[    1.183866] reg-fixed-voltage regulators:regulator@12: Failed to register regulator: -517
[    1.192735] vgaarb: loaded
[    1.225071] SCSI subsystem initialized
[    1.227092] libata version 3.00 loaded.
[    1.231104] usbcore: registered new interface driver usbfs
[    1.236509] usbcore: registered new interface driver hub
[    1.241857] usbcore: registered new device driver usb
[    1.248631] Linux video capture interface: v2.00
[    1.251637] pps_core: LinuxPPS API ver. 1 registered
[    1.256627] pps_core: Software ver. 5.3.6 - Copyright 2005-2007 Rodolfo Giometti <giometti@linux.it>
[    1.265855] PTP clock support registered
[    1.270011] tegra-emc 7001b000.emc: no memory timings for RAM code 0 found in DT
[    1.277267] tegra-emc: probe of 7001b000.emc failed with error -2
[    1.283577] Advanced Linux Sound Architecture Driver Initialized.
[    1.290140] Bluetooth: Core ver 2.22
[    1.293223] NET: Registered protocol family 31
[    1.297707] Bluetooth: HCI device and connection manager initialized
[    1.304133] Bluetooth: HCI socket layer initialized
[    1.309065] Bluetooth: L2CAP socket layer initialized
[    1.314198] Bluetooth: SCO socket layer initialized
[    1.319695] clocksource: Switched to clocksource arch_sys_counter
[    1.679701] NET: Registered protocol family 2
[    1.999702] TCP established hash table entries: 8192 (order: 3, 32768 bytes)
[    2.004943] TCP bind hash table entries: 8192 (order: 4, 65536 bytes)
[    2.011487] TCP: Hash tables configured (established 8192 bind 8192)
[    2.017978] UDP hash table entries: 512 (order: 2, 16384 bytes)
[    2.023826] UDP-Lite hash table entries: 512 (order: 2, 16384 bytes)
[    2.149700] NET: Registered protocol family 1
[    2.269703] RPC: Registered named UNIX socket transport module.
[    2.273786] RPC: Registered udp transport module.
[    2.278552] RPC: Registered tcp transport module.
[    2.283335] RPC: Registered tcp NFSv4.1 backchannel transport module.
[    2.289835] PCI: CLS 0 bytes, default 64
[    2.294564] hw perfevents: enabled with armv7_cortex_a15 PMU driver, 7 counters available
[    2.340460] futex hash table entries: 1024 (order: 4, 65536 bytes)
[    2.345416] workingset: timestamp_bits=30 max_order=19 bucket_order=0
[    3.149699] squashfs: version 4.0 (2009/01/31) Phillip Lougher
[    3.469723] NFS: Registering the id_resolver key type
[    3.472951] Key type id_resolver registered
[    3.477186] Key type id_legacy registered
[    3.482787] bounce: pool size: 64 pages
[    3.485161] io scheduler noop registered (default)
[    3.700497] tegra-xusb-padctl 7009f000.padctl: failed to setup XUSB ports: -517
[    3.714424] tegra-apbdma 60020000.dma: Tegra20 APB DMA driver register 32 channels
[    3.720477] tegra-pmc 7000e400.pmc: i2c-thermtrip node not found, emergency thermal reset disabled.
[    3.729533] Serial: 8250/16550 driver, 4 ports, IRQ sharing disabled
[    3.736964] console [ttyS0] disabled
[    3.739325] 70006000.serial: ttyS0 at MMIO 0x70006000 (irq = 331, base_baud = 25500000) is a Tegra
[    3.748352] console [ttyS0] enabled
[    3.748352] console [ttyS0] enabled
[    3.754658] bootconsole [earlycon0] disabled
[    3.754658] bootconsole [earlycon0] disabled
[    3.764245] [drm] Initialized
[    3.769196] tegra-hdmi 54280000.hdmi: failed to get HDMI regulator
[    3.775779] tegra-dpaux 545c0000.dpaux: failed to get VDD supply: -517
[    3.783092] panel supply power not found, using dummy regulator
[    3.794531] loop: module loaded
[    3.798322] as3722 4-0040: AS3722 with revision 0x1 found
[    3.809544] as3722-sd2: supplied by +5V_SYS
[    3.814065] as3722-sd3: supplied by +5V_SYS
[    3.818400] +1.35V_LP0(sd3): Bringing 0uV into 1350000-1350000uV
[    3.824506] +1.35V_LP0(sd3): ramp_delay not set
[    3.829191] as3722-sd4: supplied by +5V_SYS
[    3.833538] +1.05V_RUN: Bringing 0uV into 1050000-1050000uV
[    3.839196] +1.05V_RUN: ramp_delay not set
[    3.843453] as3722-sd5: supplied by +5V_SYS
[    3.849234] as3722-ldo0: supplied by +1.35V_LP0(sd2)
[    3.855068] +1.8V_RUN_CAM: Bringing 0uV into 1800000-1800000uV
[    3.860995] +1.8V_RUN_CAM: ramp_delay not set
[    3.865533] as3722-ldo2: supplied by +1.8V_VDDIO
[    3.871264] as3722-ldo3: supplied by +3.3V_SYS
[    3.875715] +1.00V_LP0_VDD_RTC: Bringing 1100000uV into 1000000-1000000uV
[    3.882594] +1.00V_LP0_VDD_RTC: ramp_delay not set
[    3.888156] as3722-ldo4: supplied by +3.3V_SYS
[    3.892765] +3.3V_RUN_CAM: Bringing 0uV into 2800000-2800000uV
[    3.898684] +3.3V_RUN_CAM: ramp_delay not set
[    3.903226] as3722-ldo5: supplied by +1.8V_VDDIO
[    3.908002] +1.2V_RUN_CAM_FRONT: Bringing 0uV into 1200000-1200000uV
[    3.914449] +1.2V_RUN_CAM_FRONT: ramp_delay not set
[    3.919654] +VDDIO_SDMMC3: Bringing 0uV into 1800000-1800000uV
[    3.925581] +VDDIO_SDMMC3: ramp_delay not set
[    3.930140] as3722-ldo7: supplied by +1.8V_VDDIO
[    3.934915] +1.05V_RUN_CAM_REAR: Bringing 0uV into 1050000-1050000uV
[    3.941361] +1.05V_RUN_CAM_REAR: ramp_delay not set
[    3.946427] as3722-ldo9: supplied by +5V_SYS
[    3.951007] +2.8V_RUN_TOUCH: Bringing 0uV into 2800000-2800000uV
[    3.957100] +2.8V_RUN_TOUCH: ramp_delay not set
[    3.961829] as3722-ldo10: supplied by +5V_SYS
[    3.966337] +2.8V_RUN_CAM_AF: Bringing 0uV into 2800000-2800000uV
[    3.972524] +2.8V_RUN_CAM_AF: ramp_delay not set
[    3.977489] +1.8V_RUN_VPP_FUSE: Bringing 0uV into 1800000-1800000uV
[    3.983849] +1.8V_RUN_VPP_FUSE: ramp_delay not set
[    4.030054] cros-ec-spi spi32766.0: Chrome EC device registered
[    4.039569] random: fast init done
[    4.045359] m25p80 spi32765.0: w25q32dw (4096 Kbytes)
[    4.051756] libphy: Fixed MDIO Bus: probed
[    4.055840] CAN device driver interface
[    4.059710] igb: Intel(R) Gigabit Ethernet Network Driver - version 5.4.0-k
[    4.066653] igb: Copyright (c) 2007-2014 Intel Corporation.
[    4.072331] pegasus: v0.9.3 (2013/04/25), Pegasus/Pegasus II USB Ethernet driver
[    4.079761] usbcore: registered new interface driver pegasus
[    4.085458] usbcore: registered new interface driver asix
[    4.090891] usbcore: registered new interface driver ax88179_178a
[    4.097005] usbcore: registered new interface driver cdc_ether
[    4.102882] usbcore: registered new interface driver smsc75xx
[    4.108670] usbcore: registered new interface driver smsc95xx
[    4.114447] usbcore: registered new interface driver net1080
[    4.120138] usbcore: registered new interface driver cdc_subset
[    4.126079] usbcore: registered new interface driver zaurus
[    4.131700] usbcore: registered new interface driver cdc_ncm
[    4.137444] ehci_hcd: USB 2.0 'Enhanced' Host Controller (EHCI) Driver
[    4.143961] ehci-pci: EHCI PCI platform driver
[    4.148437] tegra-ehci: Tegra EHCI driver
[    4.152772] usbcore: registered new interface driver cdc_acm
[    4.158415] cdc_acm: USB Abstract Control Model driver for USB modems and ISDN adapters
[    4.166447] usbcore: registered new interface driver cdc_wdm
[    4.172156] usbcore: registered new interface driver usb-storage
[    4.178415] mousedev: PS/2 mouse device common for all mice
[    4.184282] input: cros_ec as /devices/soc0/7000d400.spi/spi_master/spi32766/spi32766.0/7000d400.spi:cros-ec@0:keyboard-controller/input/input0
[    4.199175] as3722-rtc as3722-rtc: rtc core: registered as3722-rtc as rtc0
[    4.206040] as3722-rtc as3722-rtc: RTC interrupt 370
[    4.213000] tegra_rtc 7000e000.rtc: rtc core: registered 7000e000.rtc as rtc1
[    4.220157] tegra_rtc 7000e000.rtc: Tegra internal Real Time Clock
[    4.226453] i2c /dev entries driver
[    4.230709] usbcore: registered new interface driver uvcvideo
[    4.236438] USB Video Class driver (1.1.1)
[    4.240529] gspca_main: v2.14.0 registered
[    4.244906] 0-004c supply vcc not found, using dummy regulator
[    4.252728] tegra-wdt 60005000.timer: initialized (heartbeat = 120 sec, nowayout = 0)
[    4.261148] sdhci: Secure Digital Host Controller Interface driver
[    4.267311] sdhci: Copyright(c) Pierre Ossman
[    4.271664] sdhci-pltfm: SDHCI platform and OF driver helper
[    4.277452] sdhci-tegra 700b0000.sdhci: allocated mmc-pwrseq
[    4.283253] sdhci-tegra 700b0400.sdhci: Got CD GPIO
[    4.288124] sdhci-tegra 700b0400.sdhci: Got WP GPIO
[    4.293147] mmc0: Unknown controller version (3). You may experience problems.
[    4.300391] mmc0: Invalid maximum block size, assuming 512 bytes
[    4.369732] mmc0: SDHCI controller on 700b0600.sdhci [700b0600.sdhci] using ADMA
[    4.379660] usbcore: registered new interface driver usbhid
[    4.388291] usbhid: USB HID core driver
[    4.396633] tegra30-i2s 70301100.i2s: DMA channels sourced from device 70300000.ahub
[    4.450186] max98090 0-0010: MAX98090 REVID=0x43
[    4.457564] max98090 0-0010: use default 2.8v micbias
[    4.460198] mmc0: new high speed MMC card at address 0001
[    4.460677] mmcblk0: mmc0:0001 MMC16G 14.4 GiB 
[    4.460882] mmcblk0boot0: mmc0:0001 MMC16G partition 1 2.00 MiB
[    4.461092] mmcblk0boot1: mmc0:0001 MMC16G partition 2 2.00 MiB
[    4.461273] mmcblk0rpmb: mmc0:0001 MMC16G partition 3 128 KiB
[    4.464482]  mmcblk0: p1 p2 p3 p4 p5 p6 p7 p8 p9 p10 p11 p12
[    4.498350] tegra-snd-max98090 sound: HiFi <-> 70301100.i2s mapping ok
[    4.506145] input: GoogleNyanBig Headphones as /devices/soc0/sound/sound/card1/input1
[    4.514252] input: GoogleNyanBig Mic Jack as /devices/soc0/sound/sound/card1/input2
[    4.799704] NET: Registered protocol family 10
[    4.959712] mip6: Mobile IPv6
[    4.962672] sit: IPv6, IPv4 and MPLS over IPv4 tunneling driver
[    4.969641] NET: Registered protocol family 17
[    4.974094] NET: Registered protocol family 15
[    4.978523] can: controller area network core (rev 20120528 abi 9)
[    5.019747] NET: Registered protocol family 29
[    5.024178] can: raw protocol (rev 20120528)
[    5.028435] can: broadcast manager protocol (rev 20160617 t)
[    5.034095] can: netlink gateway (rev 20130117) max_hops=1
[    5.079755] Bluetooth: RFCOMM socket layer initialized
[    5.084891] Bluetooth: RFCOMM ver 1.11
[    5.088632] Bluetooth: BNEP (Ethernet Emulation) ver 1.3
[    5.093942] Bluetooth: BNEP socket layer initialized
[    5.098891] Bluetooth: HIDP (Human Interface Emulation) ver 1.2
[    5.104806] Bluetooth: HIDP socket layer initialized
[    5.109927] Key type dns_resolver registered
[    5.114647] Registering SWP/SWPB emulation handler
[    5.126060] +3.3V_RUN: supplied by +3.3V_SYS
[    5.130923] +3.3V_AVDD_HDMI_AP_GATED: supplied by +3.3V_RUN
[    5.136530] +1.8V_RUN_CAM: supplied by +3.3V_RUN
[    5.141274] +VDDIO_SDMMC3: supplied by +3.3V_RUN
[    5.145920] +1.8V_RUN_VPP_FUSE: supplied by +3.3V_RUN
[    5.151106] +VDD_LED: supplied by +VDD_MUX
[    5.155425] +5V_VDD_TS_SW: supplied by +5V_SYS
[    5.160086] +5V_USB_HS: supplied by +5V_SYS
[    5.164471] +5V_USB_SS: supplied by +5V_SYS
[    5.169250] +3.3V_PANEL: supplied by +3.3V_RUN
[    5.171023] input: tegra-hda HDMI/DP,pcm=3 as /devices/soc0/70030000.hda/sound/card0/input3
[    5.182791] +3.3V_LP0: supplied by +3.3V_SYS
[    5.187511] +1.05V_RUN_AVDD_HDMI_PLL: supplied by +1.05V_RUN
[    5.193380] +5V_HDMI_CON: supplied by +5V_SYS
[    5.198848] usb3-0 supply vbus not found, using dummy regulator
[    5.204847] usb3-1 supply vbus not found, using dummy regulator
[    5.213438] tegra-sor 54540000.sor: failed to probe output: -517
[    5.219588] panel supply power not found, using dummy regulator
[    5.290457] tegra-xusb 70090000.usb: Firmware timestamp: 2014-09-16 02:10:07 UTC
[    5.297865] tegra-xusb 70090000.usb: xHCI Host Controller
[    5.303294] tegra-xusb 70090000.usb: new USB bus registered, assigned bus number 1
[    5.312866] tegra-xusb 70090000.usb: hcc params 0x0184f525 hci version 0x100 quirks 0x00010010
[    5.321538] tegra-xusb 70090000.usb: irq 342, io mem 0x70090000
[    5.328299] hub 1-0:1.0: USB hub found
[    5.332142] hub 1-0:1.0: 6 ports detected
[    5.336841] tegra-xusb 70090000.usb: xHCI Host Controller
[    5.342274] tegra-xusb 70090000.usb: new USB bus registered, assigned bus number 2
[    5.349942] usb usb2: We don't know the algorithms for LPM for this host, disabling LPM.
[    5.358861] hub 2-0:1.0: USB hub found
[    5.362673] hub 2-0:1.0: 2 ports detected
[    5.367901] sdhci-tegra 700b0000.sdhci: allocated mmc-pwrseq
[    5.373784] mmc1: Unknown controller version (3). You may experience problems.
[    5.381068] mmc1: Invalid maximum block size, assuming 512 bytes
[    5.387623] mmc1: Switching to 3.3V signalling voltage failed
[    5.449782] mmc1: SDHCI controller on 700b0000.sdhci [700b0000.sdhci] using ADMA
[    5.457372] sdhci-tegra 700b0400.sdhci: Got CD GPIO
[    5.462254] sdhci-tegra 700b0400.sdhci: Got WP GPIO
[    5.467233] mmc2: Unknown controller version (3). You may experience problems.
[    5.474509] mmc2: Invalid maximum block size, assuming 512 bytes
[    5.481475] +VDDIO_SDMMC3: ramp_delay not set
[    5.527954] mmc1: new high speed SDIO card at address 0001
[    5.549870] mmc2: SDHCI controller on 700b0400.sdhci [700b0400.sdhci] using ADMA
[    5.657296] [drm] Supports vblank timestamp caching Rev 2 (21.10.2013).
[    5.663920] [drm] No driver support for vblank timestamp query.
[    5.689732] usb 1-2: new high-speed USB device number 2 using tegra-xusb
[    5.712304] mmc2: new high speed SDHC card at address 0007
[    5.713044] mmcblk2: mmc2:0007 SD08G 7.42 GiB 
[    5.723497] GPT:Primary header alternate_lba != Alt. header my_lba
[    5.723501] GPT:3014591 != 15564799
[    5.723502] GPT:Primary header thinks Alt. header is not at the end of the disk.
[    5.723503] GPT:3014591 != 15564799
[    5.723504] GPT: Use GNU Parted to correct GPT errors.
[    5.723528]  mmcblk2: p1 p2 p3 p4 p5 p6 p7 p8 p9 p10 p11 p12
[    5.728962] Console: switching to colour frame buffer device 170x48
[    5.787130] drm drm: fb0:  frame buffer device
[    5.829806] [drm] Initialized tegra 0.0.0 20120330 on minor 0
[    5.836313] input: gpio-keys as /devices/soc0/gpio-keys/input/input4
[    5.843907] as3722-rtc as3722-rtc: setting system clock to 2000-01-01 20:53:02 UTC (946759982)
[    5.852884] +1.8V_RUN_CAM: disabling
[    5.856676] +1.2V_RUN_CAM_FRONT: disabling
[    5.861067] +1.05V_RUN_CAM_REAR: disabling
[    5.865392] +2.8V_RUN_TOUCH: disabling
[    5.869320] +2.8V_RUN_CAM_AF: disabling
[    5.873402] +1.8V_RUN_VPP_FUSE: disabling
[    5.877630] +5V_VDD_TS_SW: disabling
[    5.881300] ALSA device list:
[    5.884268]   #0: tegra-hda at 0x70038000 irq 341
[    5.888959]   #1: GoogleNyanBig
[    5.892948] EXT4-fs (mmcblk0p3): couldn't mount as ext3 due to feature incompatibilities
[    6.017237] uvcvideo: Found UVC 1.00 device HD WebCam (1bcf:2c67)
[    6.032108] input: HD WebCam as /devices/soc0/70090000.usb/usb1/1-2/1-2:1.0/input/input5
[    6.240028] EXT4-fs (mmcblk0p3): recovery complete
[    6.245755] EXT4-fs (mmcblk0p3): mounted filesystem with ordered data mode. Opts: (null)
[    6.253910] VFS: Mounted root (ext4 filesystem) on device 179:3.
[    6.261840] devtmpfs: mounted
[    6.265227] Freeing unused kernel memory: 1024K (c0c00000 - c0d00000)
bash: cannot set terminal process group (-1): Inappropriate ioctl for device
bash: no job control in this shell
root@(none):/# [    6.399773] usb 1-3: new high-speed USB device number 3 using tegra-xusb
[    7.049156] asix 1-3:1.0 eth0: register 'asix' at usb-70090000.usb-3, ASIX AX88772 USB 2.0 Ethernet, c8:d7:19:90:fa:65
