
U-Boot SPL 2014.01-00219-gc4d376f (Feb 18 2014 - 19:57:18)


U-Boot 2014.01-00219-gc4d376f (Feb 18 2014 - 19:57:18)

TEGRA30
Board: NVIDIA Beaver
I2C:   ready
DRAM:  2 GiB
MMC:   Tegra SD/MMC: 0, Tegra SD/MMC: 1
In:    serial
Out:   serial
Err:   serial
Net:   Net Initialization Skipped
No ethernet found.
Hit any key to stop autoboot:  2  0 
Tegra30 (Beaver) # 
Tegra30 (Beaver) # usb reset
(Re)start USB...
USB0:   USB EHCI 1.00
scanning bus 0 for devices... 2 USB Device(s) found
       scanning usb for storage devices... 0 Storage Device(s) found
       scanning usb for ethernet devices... 
Warning: asx0 using MAC address from net device
1 Ethernet Device(s) found
Tegra30 (Beaver) # setenv bootargs 'ignore_loglevel console=ttyS0,115200n8 rw root=PARTUUID=edbe1840-3633-c751-7993-b0ac834f81e0 rootwait gpt debug noinitrd earlyprintk init=/bin/bash'
Tegra30 (Beaver) # setenv ipaddr 192.168.100.101; setenv serverip 192.168.100.1; setenv tftpserverip 192.168.100.1
Tegra30 (Beaver) # tftpboot 0x81000000 zImage.multi_v7_defconfig
Using asx0 device
TFTP from server 192.168.100.1; our IP address is 192.168.100.101
Filename 'zImage.multi_v7_defconfig'.
Load address: 0x81000000
Loading: *#################################################################
	 #################################################################
	 #################################################################
	 #################################################################
	 #################################################################
	 #################################################################
	 #################################################################
	 #################################################################
	 ####################################
	 2.9 MiB/s
done
Bytes transferred = 8159744 (7c8200 hex)
Tegra30 (Beaver) # tftpboot 0x82000000 tegra30-beaver.dtb
Using asx0 device
TFTP from server 192.168.100.1; our IP address is 192.168.100.101
Filename 'tegra30-beaver.dtb'.
Load address: 0x82000000
Loading: *####
	 2.7 MiB/s
done
Bytes transferred = 51470 (c90e hex)
Tegra30 (Beaver) # bootz 0x81000000 - 0x82000000
Kernel image @ 0x81000000 [ 0x000000 - 0x7c8200 ]
## Flattened Device Tree blob at 82000000
   Booting using the fdt blob at 0x82000000
   Loading Device Tree to 8fff0000, end 8ffff90d ... OK

Starting kernel ...

[    0.000000] Booting Linux on physical CPU 0x0
[    0.000000] Linux version 4.16.0-rc1-348826-g7928b2cbe55b (jonathanh@tamien) (gcc version 4.7.3 20130328 (prerelease) (crosstool-NG linaro-1.13.1-4.7-2013.04-20130415 - Linaro GCC 2013.04)) #1 SMP Sun Feb 11 15:35:47 PST 2018
[    0.000000] CPU: ARMv7 Processor [412fc099] revision 9 (ARMv7), cr=10c5387d
[    0.000000] CPU: PIPT / VIPT nonaliasing data cache, VIPT aliasing instruction cache
[    0.000000] OF: fdt: Machine model: NVIDIA Tegra30 Beaver evaluation board
[    0.000000] debug: ignoring loglevel setting.
[    0.000000] Memory policy: Data cache writealloc
[    0.000000] efi: Getting EFI parameters from FDT:
[    0.000000] efi: UEFI not found.
[    0.000000] cma: Reserved 64 MiB at 0xfb800000
[    0.000000] On node 0 totalpages: 524032
[    0.000000]   DMA zone: 1536 pages used for memmap
[    0.000000]   DMA zone: 0 pages reserved
[    0.000000]   DMA zone: 196608 pages, LIFO batch:31
[    0.000000]   HighMem zone: 327424 pages, LIFO batch:31
[    0.000000] random: fast init done
[    0.000000] percpu: Embedded 17 pages/cpu @(ptrval) s39232 r8192 d22208 u69632
[    0.000000] pcpu-alloc: s39232 r8192 d22208 u69632 alloc=17*4096
[    0.000000] pcpu-alloc: [0] 0 [0] 1 [0] 2 [0] 3 
[    0.000000] Built 1 zonelists, mobility grouping on.  Total pages: 522496
[    0.000000] Kernel command line: ignore_loglevel console=ttyS0,115200n8 rw root=PARTUUID=edbe1840-3633-c751-7993-b0ac834f81e0 rootwait gpt debug noinitrd earlyprintk init=/bin/bash
[    0.000000] Dentry cache hash table entries: 131072 (order: 7, 524288 bytes)
[    0.000000] Inode-cache hash table entries: 65536 (order: 6, 262144 bytes)
[    0.000000] Memory: 1992508K/2096128K available (11264K kernel code, 1570K rwdata, 4348K rodata, 2048K init, 405K bss, 38084K reserved, 65536K cma-reserved, 1244160K highmem)
[    0.000000] Virtual kernel memory layout:
[    0.000000]     vector  : 0xffff0000 - 0xffff1000   (   4 kB)
[    0.000000]     fixmap  : 0xffc00000 - 0xfff00000   (3072 kB)
[    0.000000]     vmalloc : 0xf0800000 - 0xff800000   ( 240 MB)
[    0.000000]     lowmem  : 0xc0000000 - 0xf0000000   ( 768 MB)
[    0.000000]     pkmap   : 0xbfe00000 - 0xc0000000   (   2 MB)
[    0.000000]     modules : 0xbf000000 - 0xbfe00000   (  14 MB)
[    0.000000]       .text : 0x(ptrval) - 0x(ptrval)   (12256 kB)
[    0.000000]       .init : 0x(ptrval) - 0x(ptrval)   (2048 kB)
[    0.000000]       .data : 0x(ptrval) - 0x(ptrval)   (1571 kB)
[    0.000000]        .bss : 0x(ptrval) - 0x(ptrval)   ( 406 kB)
[    0.000000] SLUB: HWalign=64, Order=0-3, MinObjects=0, CPUs=4, Nodes=1
[    0.000000] Hierarchical RCU implementation.
[    0.000000] 	RCU event tracing is enabled.
[    0.000000] 	RCU restricting CPUs from NR_CPUS=16 to nr_cpu_ids=4.
[    0.000000] RCU: Adjusting geometry for rcu_fanout_leaf=16, nr_cpu_ids=4
[    0.000000] NR_IRQS: 16, nr_irqs: 16, preallocated irqs: 16
[    0.000000] /interrupt-controller@60004000: 160 interrupts forwarded to /interrupt-controller@50041000
[    0.000000] L2C: platform modifies aux control register: 0x02080000 -> 0x3e480001
[    0.000000] L2C: DT/platform modifies aux control register: 0x02080000 -> 0x3e480001
[    0.000000] L2C-310 erratum 769419 enabled
[    0.000000] L2C-310 enabling early BRESP for Cortex-A9
[    0.000000] L2C-310: enabling full line of zeros but not enabled in Cortex-A9
[    0.000000] L2C-310 dynamic clock gating enabled, standby mode enabled
[    0.000000] L2C-310 cache controller enabled, 8 ways, 1024 kB
[    0.000000] L2C-310: CACHE_ID 0x410000c7, AUX_CTRL 0x4e480001
[    0.000012] sched_clock: 32 bits at 1000kHz, resolution 1000ns, wraps every 2147483647500ns
[    0.000031] clocksource: timer_us: mask: 0xffffffff max_cycles: 0xffffffff, max_idle_ns: 1911260446275 ns
[    0.000039] Switching to timer-based delay loop, resolution 1000ns
[    0.003074] Console: colour dummy device 80x30
[    0.003107] Calibrating delay loop (skipped), value calculated using timer frequency.. 2.00 BogoMIPS (lpj=10000)
[    0.003117] pid_max: default: 32768 minimum: 301
[    0.003208] Mount-cache hash table entries: 2048 (order: 1, 8192 bytes)
[    0.003218] Mountpoint-cache hash table entries: 2048 (order: 1, 8192 bytes)
[    0.003620] CPU: Testing write buffer coherency: ok
[    0.003936] CPU0: thread -1, cpu 0, socket 0, mpidr 80000000
[    0.004163] Setting up static identity map for 0x80300000 - 0x803000a0
[    0.005521] Hierarchical SRCU implementation.
[    0.007585] Tegra Revision: A03 SKU: 128 CPU Process: 4 SoC Process: 0
[    0.008218] EFI services will not be available.
[    0.008327] smp: Bringing up secondary CPUs ...
[    0.010375] CPU1: thread -1, cpu 1, socket 0, mpidr 80000001
[    0.020354] CPU2: thread -1, cpu 2, socket 0, mpidr 80000002
[    0.030335] CPU3: thread -1, cpu 3, socket 0, mpidr 80000003
[    0.030390] smp: Brought up 1 node, 4 CPUs
[    0.030402] SMP: Total of 4 processors activated (8.00 BogoMIPS).
[    0.030407] CPU: All CPU(s) started in SVC mode.
[    0.031157] devtmpfs: initialized
[    0.038333] VFP support v0.3: implementor 41 architecture 3 part 30 variant 9 rev 4
[    0.038758] clocksource: jiffies: mask: 0xffffffff max_cycles: 0xffffffff, max_idle_ns: 19112604462750000 ns
[    0.038777] futex hash table entries: 1024 (order: 4, 65536 bytes)
[    0.042271] pinctrl core: initialized pinctrl subsystem
[    0.043666] DMI not present or invalid.
[    0.043936] NET: Registered protocol family 16
[    0.046994] DMA: preallocated 256 KiB pool for atomic coherent allocations
[    0.048722] cpuidle: using governor menu
[    0.062208] No ATAGs?
[    0.062317] hw-breakpoint: found 5 (+1 reserved) breakpoint and 1 watchpoint registers.
[    0.062328] hw-breakpoint: maximum watchpoint size is 4 bytes.
[    0.066770] Serial: AMBA PL011 UART driver
[    0.067378] tegra-mc 7000f000.memory-controller: no memory timings for RAM code 3 registered
[    0.067554] iommu: Adding device 54200000.dc to group 0
[    0.067591] iommu: Adding device 54240000.dc to group 0
[    0.076185] AT91: Could not find identification node
[    0.076691] vdd_5v_sata: Failed to request enable GPIO30: -517
[    0.076706] reg-fixed-voltage regulators:regulator@3: Failed to register regulator: -517
[    0.076755] usb1_vbus: Failed to request enable GPIO238: -517
[    0.076763] reg-fixed-voltage regulators:regulator@4: Failed to register regulator: -517
[    0.076812] usb3_vbus: Failed to request enable GPIO236: -517
[    0.076819] reg-fixed-voltage regulators:regulator@5: Failed to register regulator: -517
[    0.076918] sys_3v3_pexs: Failed to request enable GPIO95: -517
[    0.076926] reg-fixed-voltage regulators:regulator@7: Failed to register regulator: -517
[    0.078783] vgaarb: loaded
[    0.079271] SCSI subsystem initialized
[    0.079435] libata version 3.00 loaded.
[    0.079575] usbcore: registered new interface driver usbfs
[    0.079605] usbcore: registered new interface driver hub
[    0.079640] usbcore: registered new device driver usb
[    0.086786] vrtc: supplied by vdd_5v_in
[    0.090067] vio: supplied by vdd_5v_in
[    0.101804] vdd1: supplied by vdd_5v_in
[    0.103180] vddio_ddr_1v2: Bringing 600000uV into 1200000-1200000uV
[    0.111814] vdd2: supplied by vdd_5v_in
[    0.131809] ldo1: supplied by vdd_1v5_gen
[    0.134183] ldo2: supplied by vdd_1v5_gen
[    0.134655] vdd_sata,avdd_plle: Bringing 1200000uV into 1050000-1050000uV
[    0.136876] ldo3: supplied by vdd_5v_in
[    0.139221] ldo4: supplied by vdd_5v_in
[    0.141799] ldo5: supplied by vdd_5v_in
[    0.151813] ldo6: supplied by vdd_1v8_gen
[    0.152288] avdd_dsi_csi,pwrdet_mipi: Bringing 1000000uV into 1200000-1200000uV
[    0.154521] ldo7: supplied by vdd_1v8_gen
[    0.161803] ldo8: supplied by vdd_1v8_gen
[    0.171928] pps_core: LinuxPPS API ver. 1 registered
[    0.171934] pps_core: Software ver. 5.3.6 - Copyright 2005-2007 Rodolfo Giometti <giometti@linux.it>
[    0.171946] PTP clock support registered
[    0.172087] EDAC MC: Ver: 3.0.0
[    0.173668] clocksource: Switched to clocksource timer_us
[    0.204739] NET: Registered protocol family 2
[    0.205148] tcp_listen_portaddr_hash hash table entries: 512 (order: 0, 6144 bytes)
[    0.205170] TCP established hash table entries: 8192 (order: 3, 32768 bytes)
[    0.205226] TCP bind hash table entries: 8192 (order: 4, 65536 bytes)
[    0.205312] TCP: Hash tables configured (established 8192 bind 8192)
[    0.205452] UDP hash table entries: 512 (order: 2, 16384 bytes)
[    0.205516] UDP-Lite hash table entries: 512 (order: 2, 16384 bytes)
[    0.205697] NET: Registered protocol family 1
[    0.206079] RPC: Registered named UNIX socket transport module.
[    0.206085] RPC: Registered udp transport module.
[    0.206090] RPC: Registered tcp transport module.
[    0.206094] RPC: Registered tcp NFSv4.1 backchannel transport module.
[    0.206104] PCI: CLS 0 bytes, default 64
[    0.206920] hw perfevents: no interrupt-affinity property for /pmu, guessing.
[    0.207159] hw perfevents: enabled with armv7_cortex_a9 PMU driver, 7 counters available
[    0.208228] Initialise system trusted keyrings
[    0.208349] workingset: timestamp_bits=30 max_order=19 bucket_order=0
[    0.212238] squashfs: version 4.0 (2009/01/31) Phillip Lougher
[    0.212673] NFS: Registering the id_resolver key type
[    0.212696] Key type id_resolver registered
[    0.212701] Key type id_legacy registered
[    0.212731] ntfs: driver 2.1.32 [Flags: R/O].
[    0.213820] Key type asymmetric registered
[    0.213831] Asymmetric key parser 'x509' registered
[    0.213865] bounce: pool size: 64 pages
[    0.213911] Block layer SCSI generic (bsg) driver version 0.4 loaded (major 246)
[    0.213920] io scheduler noop registered
[    0.213924] io scheduler deadline registered
[    0.214071] io scheduler cfq registered (default)
[    0.214078] io scheduler mq-deadline registered
[    0.214083] io scheduler kyber registered
[    0.220787] tegra30-pinctrl 70000868.pinmux: invalid group "sdmmc3_dat6_pd3" for function "rsvd1"
[    0.220802] tegra30-pinctrl 70000868.pinmux: invalid group "sdmmc3_dat7_pd4" for function "rsvd1"
[    0.220816] tegra30-pinctrl 70000868.pinmux: invalid group "vi_vsync_pd6" for function "rsvd1"
[    0.220826] tegra30-pinctrl 70000868.pinmux: invalid group "vi_hsync_pd7" for function "rsvd1"
[    0.221265] tegra30-pinctrl 70000868.pinmux: invalid group "hdmi_int_pn7" for function "rsvd1"
[    0.221307] tegra30-pinctrl 70000868.pinmux: invalid group "ulpi_data3_po4" for function "rsvd1"
[    0.221625] tegra30-pinctrl 70000868.pinmux: invalid group "vi_d10_pt2" for function "rsvd1"
[    0.221637] tegra30-pinctrl 70000868.pinmux: invalid group "vi_d11_pt3" for function "rsvd1"
[    0.221649] tegra30-pinctrl 70000868.pinmux: invalid group "vi_d0_pt4" for function "rsvd1"
[    0.221688] tegra30-pinctrl 70000868.pinmux: invalid group "pu0" for function "rsvd1"
[    0.221717] tegra30-pinctrl 70000868.pinmux: invalid group "pu3" for function "rsvd1"
[    0.221753] tegra30-pinctrl 70000868.pinmux: invalid group "pu6" for function "rsvd1"
[    0.221792] tegra30-pinctrl 70000868.pinmux: invalid group "pv3" for function "rsvd1"
[    0.222266] tegra30-pinctrl 70000868.pinmux: invalid group "pbb0" for function "rsvd1"
[    0.222376] tegra30-pinctrl 70000868.pinmux: invalid group "pcc1" for function "rsvd1"
[    0.227974] tegra-pcie 3000.pcie: 2x3 configuration
[    0.228127] tegra-pcie 3000.pcie: Failed to get supply 'hvdd-pex': -517
[    0.234262] tegra-apbdma 6000a000.dma: Tegra20 APB DMA driver register 32 channels
[    0.236458] tegra-pmc 7000e400.pmc: i2c-thermtrip node not found, emergency thermal reset disabled.
[    0.266609] Serial: 8250/16550 driver, 4 ports, IRQ sharing disabled
[    0.268649] console [ttyS0] disabled
[    0.268688] 70006000.serial: ttyS0 at MMIO 0x70006000 (irq = 331, base_baud = 25500000) is a Tegra
[    1.316992] console [ttyS0] enabled
[    1.321028] SuperH (H)SCI(F) driver initialized
[    1.326199] msm_serial: driver initialized
[    1.330397] STMicroelectronics ASC driver initialized
[    1.338897] Failed to attached device 54200000.dc to IOMMU_mapping
[    1.353235] Failed to attached device 54240000.dc to IOMMU_mapping
[    1.368015] tegra-hdmi 54280000.hdmi: failed to get HDMI regulator
[    1.381239] brd: module loaded
[    1.389893] loop: module loaded
[    1.399034] m25p80 spi0.1: w25q32 (4096 Kbytes)
[    1.405277] libphy: Fixed MDIO Bus: probed
[    1.409937] CAN device driver interface
[    1.414340] bgmac_bcma: Broadcom 47xx GBit MAC driver loaded
[    1.420753] e1000e: Intel(R) PRO/1000 Network Driver - 3.2.6-k
[    1.426650] e1000e: Copyright(c) 1999 - 2015 Intel Corporation.
[    1.432593] igb: Intel(R) Gigabit Ethernet Network Driver - version 5.4.0-k
[    1.439548] igb: Copyright (c) 2007-2014 Intel Corporation.
[    1.447367] pegasus: v0.9.3 (2013/04/25), Pegasus/Pegasus II USB Ethernet driver
[    1.454810] usbcore: registered new interface driver pegasus
[    1.460477] usbcore: registered new interface driver asix
[    1.465888] usbcore: registered new interface driver ax88179_178a
[    1.471981] usbcore: registered new interface driver cdc_ether
[    1.477846] usbcore: registered new interface driver smsc75xx
[    1.483599] usbcore: registered new interface driver smsc95xx
[    1.489357] usbcore: registered new interface driver net1080
[    1.495028] usbcore: registered new interface driver cdc_subset
[    1.500947] usbcore: registered new interface driver zaurus
[    1.506544] usbcore: registered new interface driver cdc_ncm
[    1.512379] tegra-phy 7d000000.usb-phy: no vbus regulator
[    1.520193] ehci_hcd: USB 2.0 'Enhanced' Host Controller (EHCI) Driver
[    1.526718] ehci-pci: EHCI PCI platform driver
[    1.531171] ehci-platform: EHCI generic platform driver
[    1.536517] ehci-orion: EHCI orion driver
[    1.540607] SPEAr-ehci: EHCI SPEAr driver
[    1.544692] ehci-st: EHCI STMicroelectronics driver
[    1.549633] ehci-exynos: EHCI EXYNOS driver
[    1.553907] ehci-atmel: EHCI Atmel driver
[    1.557981] tegra-ehci: Tegra EHCI driver
[    1.562282] ohci_hcd: USB 1.1 'Open' Host Controller (OHCI) Driver
[    1.568468] ohci-pci: OHCI PCI platform driver
[    1.572932] ohci-platform: OHCI generic platform driver
[    1.578272] SPEAr-ohci: OHCI SPEAr driver
[    1.582348] ohci-st: OHCI STMicroelectronics driver
[    1.587300] ohci-atmel: OHCI Atmel driver
[    1.591744] usbcore: registered new interface driver usb-storage
[    1.606904] tegra_rtc 7000e000.rtc: rtc core: registered 7000e000.rtc as rtc1
[    1.614085] tegra_rtc 7000e000.rtc: Tegra internal Real Time Clock
[    1.632863] tps65910-rtc tps65910-rtc: rtc core: registered tps65910-rtc as rtc0
[    1.640458] i2c /dev entries driver
[    1.652491] sdhci: Secure Digital Host Controller Interface driver
[    1.658678] sdhci: Copyright(c) Pierre Ossman
[    1.664040] Synopsys Designware Multimedia Card Interface Driver
[    1.670885] sdhci-pltfm: SDHCI platform and OF driver helper
[    1.677090] sdhci-tegra 78000000.sdhci: Got CD GPIO
[    1.681966] sdhci-tegra 78000000.sdhci: Got WP GPIO
[    1.695135] mmc0: Invalid maximum block size, assuming 512 bytes
[    1.733081] mmc0: SDHCI controller on 78000000.sdhci [78000000.sdhci] using ADMA
[    1.745534] mmc1: Invalid maximum block size, assuming 512 bytes
[    1.777799] mmc1: SDHCI controller on 78000600.sdhci [78000600.sdhci] using ADMA
[    1.786750] ledtrig-cpu: registered to indicate activity on CPUs
[    1.793043] usbcore: registered new interface driver usbhid
[    1.798612] usbhid: USB HID core driver
[    1.805061] NET: Registered protocol family 10
[    1.810197] Segment Routing with IPv6
[    1.813917] sit: IPv6, IPv4 and MPLS over IPv4 tunneling driver
[    1.820215] NET: Registered protocol family 17
[    1.824666] can: controller area network core (rev 20170425 abi 9)
[    1.830873] NET: Registered protocol family 29
[    1.835315] can: raw protocol (rev 20170425)
[    1.839572] can: broadcast manager protocol (rev 20170425 t)
[    1.845228] can: netlink gateway (rev 20170425) max_hops=1
[    1.850994] Key type dns_resolver registered
[    1.855188] mmc1: new high speed MMC card at address 0001
[    1.855654] ThumbEE CPU extension supported.
[    1.861542] mmcblk1: mmc1:0001 SEM16G 14.8 GiB 
[    1.864929] Registering SWP/SWPB emulation handler
[    1.870278] mmcblk1boot0: mmc1:0001 SEM16G partition 1 1.00 MiB
[    1.875249] Loading compiled-in X.509 certificates
[    1.881080] mmcblk1boot1: mmc1:0001 SEM16G partition 2 1.00 MiB
[    1.891892] mmcblk1rpmb: mmc1:0001 SEM16G partition 3 128 KiB, chardev (236:0)
[    1.903181] Primary GPT is invalid, using alternate GPT.
[    1.908526]  mmcblk1: p1 p2 p3 p4 p5
[    1.908947] vdd_ddr: supplied by vdd_5v_in
[    1.917572] vdd_5v_sata: supplied by vdd_5v_in
[    1.922382] usb1_vbus: supplied by vdd_5v_in
[    1.926991] usb3_vbus: supplied by vdd_5v_in
[    1.931127] mmc0: new ultra high speed DDR50 SDHC card at address aaaa
[    1.938850] mmcblk0: mmc0:aaaa SS04G 3.69 GiB 
[    1.944671] sys_3v3,vdd_3v3_alw: supplied by vdd_5v_in
[    1.951624] sys_3v3_pexs: supplied by sys_3v3,vdd_3v3_alw
[    1.957158] +VDD_5V_HDMI: supplied by sys_3v3,vdd_3v3_alw
[    1.963299] tegra-pcie 3000.pcie: 2x3 configuration
[    1.965926]  mmcblk0: p1 p2 p3
[    1.974161] tegra-pcie 3000.pcie: probing port 0, using 2 lanes
[    2.038355] tegra-pcie 3000.pcie: probing port 2, using 2 lanes
[    2.447337] tegra-pcie 3000.pcie: link 2 down, retrying
[    2.856459] tegra-pcie 3000.pcie: link 2 down, retrying
[    3.264720] tegra-pcie 3000.pcie: link 2 down, retrying
[    3.271943] tegra-pcie 3000.pcie: link 2 down, ignoring
[    3.277270] tegra-pcie 3000.pcie: PCI host bridge to bus 0000:00
[    3.283266] pci_bus 0000:00: root bus resource [io  0x0000-0xffff]
[    3.289443] pci_bus 0000:00: root bus resource [mem 0x20000000-0x27ffffff]
[    3.296311] pci_bus 0000:00: root bus resource [mem 0x28000000-0x3fffffff pref]
[    3.303603] pci_bus 0000:00: root bus resource [bus 00-ff]
[    3.309111] pci 0000:00:01.0: [10de:0e1c] type 01 class 0x060400
[    3.315127] pci_bus 0000:00: 2-byte config write to 0000:00:01.0 offset 0x4 may corrupt adjacent RW1C bits
[    3.324770] pci_bus 0000:00: 2-byte config write to 0000:00:01.0 offset 0x4 may corrupt adjacent RW1C bits
[    3.334424] pci 0000:00:01.0: enabling Extended Tags
[    3.339377] pci_bus 0000:00: 2-byte config write to 0000:00:01.0 offset 0x88 may corrupt adjacent RW1C bits
[    3.349125] pci_bus 0000:00: 2-byte config write to 0000:00:01.0 offset 0x52 may corrupt adjacent RW1C bits
[    3.358869] pci 0000:00:01.0: PME# supported from D0 D1 D2 D3hot D3cold
[    3.365478] pci_bus 0000:00: 2-byte config write to 0000:00:01.0 offset 0x4c may corrupt adjacent RW1C bits
[    3.375351] pci_bus 0000:00: 2-byte config write to 0000:00:01.0 offset 0x3e may corrupt adjacent RW1C bits
[    3.385083] pci_bus 0000:00: 2-byte config write to 0000:00:01.0 offset 0x4 may corrupt adjacent RW1C bits
[    3.394725] pci_bus 0000:00: 1-byte config write to 0000:00:01.0 offset 0xc may corrupt adjacent RW1C bits
[    3.404364] PCI: bus0: Fast back to back transfers disabled
[    3.409923] pci 0000:00:01.0: bridge configuration invalid ([bus 00-00]), reconfiguring
[    3.417917] pci_bus 0000:00: 2-byte config write to 0000:00:01.0 offset 0x3e may corrupt adjacent RW1C bits
[    3.427646] pci_bus 0000:00: 2-byte config write to 0000:00:01.0 offset 0x3e may corrupt adjacent RW1C bits
[    3.437457] pci 0000:01:00.0: [10ec:8168] type 00 class 0x020000
[    3.443471] pci 0000:01:00.0: reg 0x10: [io  0x0000-0x00ff]
[    3.449057] pci 0000:01:00.0: reg 0x18: [mem 0x00000000-0x00000fff 64bit pref]
[    3.456279] pci 0000:01:00.0: reg 0x20: [mem 0x00000000-0x00003fff 64bit pref]
[    3.463558] pci 0000:01:00.0: supports D1 D2
[    3.467825] pci 0000:01:00.0: PME# supported from D0 D1 D2 D3hot D3cold
[    3.503695] PCI: bus1: Fast back to back transfers disabled
[    3.509257] pci_bus 0000:01: busn_res: [bus 01-ff] end is updated to 01
[    3.515890] pci 0000:00:01.0: BAR 9: assigned [mem 0x28000000-0x280fffff 64bit pref]
[    3.523617] pci 0000:00:01.0: BAR 7: assigned [io  0x1000-0x1fff]
[    3.529709] pci 0000:01:00.0: BAR 4: assigned [mem 0x28000000-0x28003fff 64bit pref]
[    3.537452] pci 0000:01:00.0: BAR 2: assigned [mem 0x28004000-0x28004fff 64bit pref]
[    3.545192] pci 0000:01:00.0: BAR 0: assigned [io  0x1000-0x10ff]
[    3.551273] pci 0000:00:01.0: PCI bridge to [bus 01]
[    3.556233] pci 0000:00:01.0:   bridge window [io  0x1000-0x1fff]
[    3.562312] pci 0000:00:01.0:   bridge window [mem 0x28000000-0x280fffff 64bit pref]
[    3.570064] pci 0000:00:01.0: nv_msi_ht_cap_quirk didn't locate host bridge
[    3.577108] pcieport 0000:00:01.0: enabling device (0140 -> 0143)
[    3.583399] pcieport 0000:00:01.0: Signaling PME with IRQ 375
[    3.589385] r8169 Gigabit Ethernet driver 2.3LK-NAPI loaded
[    3.594979] r8169 0000:01:00.0: enabling device (0140 -> 0143)
[    3.601769] r8169 0000:01:00.0 eth0: RTL8168evl/8111evl at 0x5a42a840, 02:04:4b:01:60:a6, XID 0c900800 IRQ 376
[    3.611772] r8169 0000:01:00.0 eth0: jumbo features [frames: 9200 bytes, tx checksumming: ko]
[    3.625277] [drm] Supports vblank timestamp caching Rev 2 (21.10.2013).
[    3.631879] [drm] No driver support for vblank timestamp query.
[    3.637843] [drm] Cannot find any crtc or sizes
[    3.642454] [drm] Initialized tegra 0.0.0 20120330 for drm on minor 0
[    3.651989] tegra-ehci 7d004000.usb: EHCI Host Controller
[    3.657410] tegra-ehci 7d004000.usb: new USB bus registered, assigned bus number 1
[    3.665182] tegra-ehci 7d004000.usb: irq 344, io mem 0x7d004000
[    3.671134] [drm] Cannot find any crtc or sizes
[    3.694069] tegra-ehci 7d004000.usb: USB 2.0 started, EHCI 1.00
[    3.701265] hub 1-0:1.0: USB hub found
[    3.705047] hub 1-0:1.0: 1 port detected
[    3.710243] tegra-ehci 7d008000.usb: EHCI Host Controller
[    3.715658] tegra-ehci 7d008000.usb: new USB bus registered, assigned bus number 2
[    3.723400] tegra-ehci 7d008000.usb: irq 345, io mem 0x7d008000
[    3.754067] tegra-ehci 7d008000.usb: USB 2.0 started, EHCI 1.00
[    3.761145] hub 2-0:1.0: USB hub found
[    3.764917] hub 2-0:1.0: 1 port detected
[    3.775260] tps65910-rtc tps65910-rtc: setting system clock to 2000-01-01 00:00:02 UTC (946684802)
[    3.784810] vdd_sata,avdd_plle: disabling
[    3.789555] usb1_vbus: disabling
[    3.794753] EXT4-fs (mmcblk1p1): mounting ext3 file system using the ext4 subsystem
[    3.851783] EXT4-fs (mmcblk1p1): warning: mounting fs with errors, running e2fsck is recommended
[    3.862021] EXT4-fs (mmcblk1p1): recovery complete
[    3.868016] EXT4-fs (mmcblk1p1): mounted filesystem with ordered data mode. Opts: (null)
[    3.876149] VFS: Mounted root (ext3 filesystem) on device 179:1.
[    3.892848] devtmpfs: mounted
[    3.898305] Freeing unused kernel memory: 2048K
bash: cannot set terminal process group (-1): Inappropriate ioctl for device
bash: no job control in this shell
root@(none):/# [    4.134079] usb 2-1: new high-speed USB device number 2 using tegra-ehci
[    4.823237] asix 2-1:1.0 eth1: register 'asix' at usb-7d008000.usb-1, ASIX AX88772 USB 2.0 Ethernet, 00:50:b6:0f:67:60
