
U-Boot SPL 2015.04-rc3-00209-ga74ef40 (Mar 16 2015 - 14:43:39)


U-Boot 2015.04-rc3-00209-ga74ef40 (Mar 16 2015 - 14:43:39)

TEGRA20
Model: Compulab TrimSlice board
DRAM:  1 GiB
MMC:   Tegra SD/MMC: 0, Tegra SD/MMC: 1
SF: Detected W25Q80BL with page size 256 Bytes, erase size 4 KiB, total 1 MiB
tegra-pcie: PCI regions:
tegra-pcie:   I/O: 0x82000000-0x82010000
tegra-pcie:   non-prefetchable memory: 0xa0000000-0xa8000000
tegra-pcie:   prefetchable memory: 0xa8000000-0xc0000000
tegra-pcie: dual-mode configuration
tegra-pcie: probing port 0, using 2 lanes
In:    serial
Out:   serial
Err:   serial
Net:   RTL8169#0
Hit any key to stop autoboot:  2  1  0 
Tegra20 (TrimSlice) # 
Tegra20 (TrimSlice) # usb reset
resetting USB...
USB0:   USB EHCI 1.00
scanning bus 0 for devices... 3 USB Device(s) found
USB1:   USB EHCI 1.00
scanning bus 1 for devices... 1 USB Device(s) found
USB2:   lowlevel init failed
       scanning usb for storage devices... 0 Storage Device(s) found
       scanning usb for ethernet devices... 
Warning: asx0 using MAC address from net device
1 Ethernet Device(s) found
Tegra20 (TrimSlice) # setenv bootargs 'ignore_loglevel console=ttyS0,115200n8 rw root=PARTUUID=11eb23c1-01 rootwait gpt debug noinitrd earlyprintk init=/bin/bash'
Tegra20 (TrimSlice) # setenv ipaddr 192.168.100.103; setenv serverip 192.168.100.1; setenv tftpserverip 192.168.100.1
Tegra20 (TrimSlice) # tftpboot 0x00408000 zImage.multi_v7_defconfig
Using RTL8169#0 device
TFTP from server 192.168.100.1; our IP address is 192.168.100.103
Filename 'zImage.multi_v7_defconfig'.
Load address: 0x408000
Loading: *#################################################################
	 #################################################################
	 #################################################################
	 #################################################################
	 #################################################################
	 #################################################################
	 #################################################################
	 #######################################
	 4 MiB/s
done
Bytes transferred = 7239024 (6e7570 hex)
Tegra20 (TrimSlice) # tftpboot 0x02408000 tegra20-trimslice.dtb
Using RTL8169#0 device
TFTP from server 192.168.100.1; our IP address is 192.168.100.103
Filename 'tegra20-trimslice.dtb'.
Load address: 0x2408000
Loading: *##
	 3.4 MiB/s
done
Bytes transferred = 21172 (52b4 hex)
Tegra20 (TrimSlice) # bootz 0x00408000 - 0x02408000
Kernel image @ 0x408000 [ 0x000000 - 0x6e7570 ]
## Flattened Device Tree blob at 02408000
   Booting using the fdt blob at 0x2408000
   Using Device Tree in place at 02408000, end 024102b3

Starting kernel ...

[    0.000000] Booting Linux on physical CPU 0x0
[    0.000000] Linux version 4.7.0-rc3-95766-g5edb564 (pwalmsley@sellafield) (gcc version 4.7.3 20130328 (prerelease) (crosstool-NG linaro-1.13.1-4.7-2013.04-20130415 - Linaro GCC 2013.04) ) #1 SMP Sun Jun 12 07:34:14 PDT 2016
[    0.000000] CPU: ARMv7 Processor [411fc090] revision 0 (ARMv7), cr=10c5387d
[    0.000000] CPU: PIPT / VIPT nonaliasing data cache, VIPT aliasing instruction cache
[    0.000000] Machine model: Compulab TrimSlice board
[    0.000000] debug: ignoring loglevel setting.
[    0.000000] cma: Reserved 64 MiB at 0x3c000000
[    0.000000] Memory policy: Data cache writealloc
[    0.000000] On node 0 totalpages: 262144
[    0.000000] free_area_init_node: node 0, pgdat c141bb40, node_mem_map ef7f8000
[    0.000000]   DMA zone: 1536 pages used for memmap
[    0.000000]   DMA zone: 0 pages reserved
[    0.000000]   DMA zone: 196608 pages, LIFO batch:31
[    0.000000]   HighMem zone: 65536 pages, LIFO batch:15
[    0.000000] percpu: Embedded 13 pages/cpu @ef7c9000 s23808 r8192 d21248 u53248
[    0.000000] pcpu-alloc: s23808 r8192 d21248 u53248 alloc=13*4096
[    0.000000] pcpu-alloc: [0] 0 [0] 1 
[    0.000000] Built 1 zonelists in Zone order, mobility grouping on.  Total pages: 260608
[    0.000000] Kernel command line: ignore_loglevel console=ttyS0,115200n8 rw root=PARTUUID=11eb23c1-01 rootwait gpt debug noinitrd earlyprintk init=/bin/bash
[    0.000000] PID hash table entries: 4096 (order: 2, 16384 bytes)
[    0.000000] Dentry cache hash table entries: 131072 (order: 7, 524288 bytes)
[    0.000000] Inode-cache hash table entries: 65536 (order: 6, 262144 bytes)
[    0.000000] Memory: 955932K/1048576K available (9529K kernel code, 1142K rwdata, 4476K rodata, 2048K init, 343K bss, 27108K reserved, 65536K cma-reserved, 196608K highmem)
[    0.000000] Virtual kernel memory layout:
[    0.000000]     vector  : 0xffff0000 - 0xffff1000   (   4 kB)
[    0.000000]     fixmap  : 0xffc00000 - 0xfff00000   (3072 kB)
[    0.000000]     vmalloc : 0xf0800000 - 0xff800000   ( 240 MB)
[    0.000000]     lowmem  : 0xc0000000 - 0xf0000000   ( 768 MB)
[    0.000000]     pkmap   : 0xbfe00000 - 0xc0000000   (   2 MB)
[    0.000000]     modules : 0xbf000000 - 0xbfe00000   (  14 MB)
[    0.000000]       .text : 0xc0208000 - 0xc10ad5bc   (14998 kB)
[    0.000000]       .init : 0xc1100000 - 0xc1300000   (2048 kB)
[    0.000000]       .data : 0xc1300000 - 0xc141dba0   (1143 kB)
[    0.000000]        .bss : 0xc141f000 - 0xc1474ca0   ( 344 kB)
[    0.000000] SLUB: HWalign=64, Order=0-3, MinObjects=0, CPUs=2, Nodes=1
[    0.000000] Hierarchical RCU implementation.
[    0.000000] 	Build-time adjustment of leaf fanout to 32.
[    0.000000] 	RCU restricting CPUs from NR_CPUS=16 to nr_cpu_ids=2.
[    0.000000] RCU: Adjusting geometry for rcu_fanout_leaf=32, nr_cpu_ids=2
[    0.000000] NR_IRQS:16 nr_irqs:16 16
[    0.000000] /interrupt-controller@60004000: 128 interrupts forwarded to /interrupt-controller@50041000
[    0.000000] L2C: platform modifies aux control register: 0x02080000 -> 0x3e480001
[    0.000000] L2C: DT/platform modifies aux control register: 0x02080000 -> 0x3e480001
[    0.000000] L2C-310 errata 727915 769419 enabled
[    0.000000] L2C-310 enabling early BRESP for Cortex-A9
[    0.000000] L2C-310: enabling full line of zeros but not enabled in Cortex-A9
[    0.000000] L2C-310 ID prefetch enabled, offset 1 lines
[    0.000000] L2C-310 cache controller enabled, 8 ways, 1024 kB
[    0.000000] L2C-310: CACHE_ID 0x410000c4, AUX_CTRL 0x7e480001
[    0.000010] sched_clock: 32 bits at 1000kHz, resolution 1000ns, wraps every 2147483647500ns
[    0.000027] clocksource: timer_us: mask: 0xffffffff max_cycles: 0xffffffff, max_idle_ns: 1911260446275 ns
[    0.000037] Switching to timer-based delay loop, resolution 1000ns
[    0.001649] Console: colour dummy device 80x30
[    0.001671] Calibrating delay loop (skipped), value calculated using timer frequency.. 2.00 BogoMIPS (lpj=5000)
[    0.001682] pid_max: default: 32768 minimum: 301
[    0.001755] Mount-cache hash table entries: 2048 (order: 1, 8192 bytes)
[    0.001764] Mountpoint-cache hash table entries: 2048 (order: 1, 8192 bytes)
[    0.002250] CPU: Testing write buffer coherency: ok
[    0.002431] CPU0: thread -1, cpu 0, socket 0, mpidr 80000000
[    0.002454] Setting up static identity map for 0x300000 - 0x300098
[    0.003948] Tegra Revision: A03 prime SKU: 8 CPU Process: 1 SoC Process: 2
[    0.004970] CPU1: thread -1, cpu 1, socket 0, mpidr 80000001
[    0.005035] Brought up 2 CPUs
[    0.005047] SMP: Total of 2 processors activated (4.00 BogoMIPS).
[    0.005052] CPU: All CPU(s) started in SVC mode.
[    0.005693] devtmpfs: initialized
[    0.009561] VFP support v0.3: implementor 41 architecture 3 part 30 variant 9 rev 1
[    0.009876] clocksource: jiffies: mask: 0xffffffff max_cycles: 0xffffffff, max_idle_ns: 9556302231375000 ns
[    0.012839] pinctrl core: initialized pinctrl subsystem
[    0.013993] NET: Registered protocol family 16
[    0.016156] DMA: preallocated 256 KiB pool for atomic coherent allocations
[    0.029921] cpuidle: using governor menu
[    0.041494] No ATAGs?
[    0.041514] hw-breakpoint: found 5 (+1 reserved) breakpoint and 1 watchpoint registers.
[    0.041521] hw-breakpoint: maximum watchpoint size is 4 bytes.
[    0.045043] Serial: AMBA PL011 UART driver
[    0.068251] usb1_vbus: Failed to request enable GPIO170: -517
[    0.068266] reg-fixed-voltage regulators:regulator@2: Failed to register regulator: -517
[    0.071991] vgaarb: loaded
[    0.072557] SCSI subsystem initialized
[    0.072677] libata version 3.00 loaded.
[    0.072877] usbcore: registered new interface driver usbfs
[    0.072921] usbcore: registered new interface driver hub
[    0.072960] usbcore: registered new device driver usb
[    0.075091] pps_core: LinuxPPS API ver. 1 registered
[    0.075099] pps_core: Software ver. 5.3.6 - Copyright 2005-2007 Rodolfo Giometti <giometti@linux.it>
[    0.075115] PTP clock support registered
[    0.075263] EDAC MC: Ver: 3.0.0
[    0.077047] clocksource: Switched to clocksource timer_us
[    0.084737] NET: Registered protocol family 2
[    0.085174] TCP established hash table entries: 8192 (order: 3, 32768 bytes)
[    0.085248] TCP bind hash table entries: 8192 (order: 4, 65536 bytes)
[    0.085354] TCP: Hash tables configured (established 8192 bind 8192)
[    0.085438] UDP hash table entries: 512 (order: 2, 16384 bytes)
[    0.085486] UDP-Lite hash table entries: 512 (order: 2, 16384 bytes)
[    0.085618] NET: Registered protocol family 1
[    0.085839] RPC: Registered named UNIX socket transport module.
[    0.085847] RPC: Registered udp transport module.
[    0.085853] RPC: Registered tcp transport module.
[    0.085857] RPC: Registered tcp NFSv4.1 backchannel transport module.
[    0.085866] PCI: CLS 0 bytes, default 64
[    0.086662] hw perfevents: enabled with armv7_cortex_a9 PMU driver, 7 counters available
[    0.087637] futex hash table entries: 512 (order: 3, 32768 bytes)
[    0.088201] workingset: timestamp_bits=28 max_order=18 bucket_order=0
[    0.095606] squashfs: version 4.0 (2009/01/31) Phillip Lougher
[    0.096192] NFS: Registering the id_resolver key type
[    0.096231] Key type id_resolver registered
[    0.096238] Key type id_legacy registered
[    0.096270] ntfs: driver 2.1.32 [Flags: R/O].
[    0.097211] bounce: pool size: 64 pages
[    0.097364] Block layer SCSI generic (bsg) driver version 0.4 loaded (major 248)
[    0.097373] io scheduler noop registered
[    0.097379] io scheduler deadline registered
[    0.097405] io scheduler cfq registered (default)
[    0.108883] tegra-pcie 80003000.pcie-controller: dual-mode configuration
[    0.109590] tegra-pcie 80003000.pcie-controller: probing port 0, using 2 lanes
[    0.193258] tegra-pcie 80003000.pcie-controller: PCI host bridge to bus 0000:00
[    0.193269] pci_bus 0000:00: root bus resource [io  0x0000-0xffff]
[    0.193279] pci_bus 0000:00: root bus resource [mem 0xa0000000-0xa7ffffff]
[    0.193287] pci_bus 0000:00: root bus resource [mem 0xa8000000-0xbfffffff pref]
[    0.193295] pci_bus 0000:00: root bus resource [bus 00-ff]
[    0.193327] pci 0000:00:01.0: [10de:0bf0] type 01 class 0x060000
[    0.193386] pci 0000:00:01.0: PME# supported from D0 D1 D2 D3hot D3cold
[    0.193580] PCI: bus0: Fast back to back transfers disabled
[    0.193591] pci 0000:00:01.0: bridge configuration invalid ([bus 00-00]), reconfiguring
[    0.193717] pci 0000:01:00.0: [10ec:8168] type 00 class 0x020000
[    0.193740] pci 0000:01:00.0: reg 0x10: [io  0x0000-0x00ff]
[    0.193762] pci 0000:01:00.0: reg 0x18: [mem 0x00000000-0x00000fff 64bit pref]
[    0.193778] pci 0000:01:00.0: reg 0x20: [mem 0x00000000-0x00003fff 64bit pref]
[    0.193790] pci 0000:01:00.0: reg 0x30: [mem 0x00000000-0x0001ffff pref]
[    0.193866] pci 0000:01:00.0: supports D1 D2
[    0.193875] pci 0000:01:00.0: PME# supported from D0 D1 D2 D3hot D3cold
[    0.202080] PCI: bus1: Fast back to back transfers disabled
[    0.202093] pci_bus 0000:01: busn_res: [bus 01-ff] end is updated to 01
[    0.202104] Disabling cpuidle LP2 state, since PCIe IRQs are in use
[    0.202160] pci 0000:00:01.0: BAR 8: assigned [mem 0xa0000000-0xa00fffff]
[    0.202172] pci 0000:00:01.0: BAR 9: assigned [mem 0xa8000000-0xa80fffff 64bit pref]
[    0.202181] pci 0000:00:01.0: BAR 7: assigned [io  0x1000-0x1fff]
[    0.202193] pci 0000:01:00.0: BAR 6: assigned [mem 0xa0000000-0xa001ffff pref]
[    0.202202] pci 0000:01:00.0: BAR 4: assigned [mem 0xa8000000-0xa8003fff 64bit pref]
[    0.202219] pci 0000:01:00.0: BAR 2: assigned [mem 0xa8004000-0xa8004fff 64bit pref]
[    0.202234] pci 0000:01:00.0: BAR 0: assigned [io  0x1000-0x10ff]
[    0.202245] pci 0000:00:01.0: PCI bridge to [bus 01]
[    0.202252] pci 0000:00:01.0:   bridge window [io  0x1000-0x1fff]
[    0.202261] pci 0000:00:01.0:   bridge window [mem 0xa0000000-0xa00fffff]
[    0.202269] pci 0000:00:01.0:   bridge window [mem 0xa8000000-0xa80fffff 64bit pref]
[    0.202289] pci 0000:00:01.0: nv_msi_ht_cap_quirk didn't locate host bridge
[    0.202355] pcieport 0000:00:01.0: enabling device (0140 -> 0143)
[    0.202501] pcieport 0000:00:01.0: Signaling PME through PCIe PME interrupt
[    0.202510] pci 0000:01:00.0: Signaling PME through PCIe PME interrupt
[    0.202519] pcie_pme 0000:00:01.0:pcie001: service driver pcie_pme loaded
[    0.206266] tegra-apbdma 6000a000.dma: Tegra20 APB DMA driver register 16 channels
[    0.251550] Serial: 8250/16550 driver, 4 ports, IRQ sharing disabled
[    0.253883] console [ttyS0] disabled
[    0.253917] 70006000.serial: ttyS0 at MMIO 0x70006000 (irq = 279, base_baud = 13500000) is a Tegra
[    1.197722] console [ttyS0] enabled
[    1.201801] SuperH (H)SCI(F) driver initialized
[    1.207110] msm_serial: driver initialized
[    1.211347] STMicroelectronics ASC driver initialized
[    1.219091] [drm] Initialized drm 1.1.0 20060810
[    1.225980] 54280000.hdmi supply hdmi not found, using dummy regulator
[    1.235675] [drm] Supports vblank timestamp caching Rev 2 (21.10.2013).
[    1.242306] [drm] No driver support for vblank timestamp query.
[    1.248260] drm drm: No connectors reported connected with modes
[    1.254271] [drm] Cannot find any crtc or sizes - going 1024x768
[    1.276406] Console: switching to colour frame buffer device 128x48
[    1.291106] drm drm: fb0:  frame buffer device
[    1.307056] [drm] Initialized tegra 0.0.0 20120330 on minor 0
[    1.321358] brd: module loaded
[    1.328570] loop: module loaded
[    1.337187] m25p80 spi32766.0: found s25fl008k, expected w25q80bl
[    1.343321] m25p80 spi32766.0: s25fl008k (1024 Kbytes)
[    1.350770] libphy: Fixed MDIO Bus: probed
[    1.355389] CAN device driver interface
[    1.360692] igb: Intel(R) Gigabit Ethernet Network Driver - version 5.3.0-k
[    1.367652] igb: Copyright (c) 2007-2014 Intel Corporation.
[    1.373748] r8169 Gigabit Ethernet driver 2.3LK-NAPI loaded
[    1.379344] r8169 0000:01:00.0: enabling device (0140 -> 0143)
[    1.385945] r8169 0000:01:00.0 eth0: RTL8168d/8111d at 0xf0878000, 00:01:c0:13:7d:63, XID 081000c0 IRQ 296
[    1.395609] r8169 0000:01:00.0 eth0: jumbo features [frames: 9200 bytes, tx checksumming: ko]
[    1.406080] pegasus: v0.9.3 (2013/04/25), Pegasus/Pegasus II USB Ethernet driver
[    1.413540] usbcore: registered new interface driver pegasus
[    1.419243] usbcore: registered new interface driver asix
[    1.424674] usbcore: registered new interface driver ax88179_178a
[    1.430799] usbcore: registered new interface driver cdc_ether
[    1.436676] usbcore: registered new interface driver smsc75xx
[    1.442465] usbcore: registered new interface driver smsc95xx
[    1.448240] usbcore: registered new interface driver net1080
[    1.453936] usbcore: registered new interface driver cdc_subset
[    1.459886] usbcore: registered new interface driver zaurus
[    1.465515] usbcore: registered new interface driver cdc_ncm
[    1.471464] tegra-phy c5004000.usb-phy: no vbus regulator
[    1.477973] tegra-phy c5008000.usb-phy: no vbus regulator
[    1.484797] ehci_hcd: USB 2.0 'Enhanced' Host Controller (EHCI) Driver
[    1.491327] ehci-pci: EHCI PCI platform driver
[    1.495807] ehci-platform: EHCI generic platform driver
[    1.501195] ehci-omap: OMAP-EHCI Host Controller driver
[    1.506526] ehci-orion: EHCI orion driver
[    1.510642] SPEAr-ehci: EHCI SPEAr driver
[    1.514770] ehci-st: EHCI STMicroelectronics driver
[    1.519758] ehci-exynos: EHCI EXYNOS driver
[    1.524072] ehci-atmel: EHCI Atmel driver
[    1.528191] tegra-ehci: Tegra EHCI driver
[    1.532375] ------------[ cut here ]------------
[    1.536991] WARNING: CPU: 1 PID: 1 at drivers/reset/core.c:187 __of_reset_control_get+0x1bc/0x228
[    1.545855] Modules linked in:
[    1.548918] CPU: 1 PID: 1 Comm: swapper/0 Not tainted 4.7.0-rc3-95766-g5edb564 #1
[    1.556382] Hardware name: NVIDIA Tegra SoC (Flattened Device Tree)
[    1.562658] [<c030f9d0>] (unwind_backtrace) from [<c030b0c0>] (show_stack+0x10/0x14)
[    1.570389] [<c030b0c0>] (show_stack) from [<c0585a88>] (dump_stack+0x84/0xa4)
[    1.577601] [<c0585a88>] (dump_stack) from [<c0341b5c>] (__warn+0xd4/0x100)
[    1.584550] [<c0341b5c>] (__warn) from [<c0341ba8>] (warn_slowpath_null+0x20/0x28)
[    1.592105] [<c0341ba8>] (warn_slowpath_null) from [<c06a0030>] (__of_reset_control_get+0x1bc/0x228)
[    1.601226] [<c06a0030>] (__of_reset_control_get) from [<c091236c>] (tegra_ehci_probe+0x2d0/0x51c)
[    1.610169] [<c091236c>] (tegra_ehci_probe) from [<c077945c>] (platform_drv_probe+0x50/0xb0)
[    1.618596] [<c077945c>] (platform_drv_probe) from [<c0777dc0>] (driver_probe_device+0x1f4/0x2b0)
[    1.627452] [<c0777dc0>] (driver_probe_device) from [<c0777f28>] (__driver_attach+0xac/0xb0)
[    1.635873] [<c0777f28>] (__driver_attach) from [<c07763d4>] (bus_for_each_dev+0x54/0x88)
[    1.644034] [<c07763d4>] (bus_for_each_dev) from [<c07773b4>] (bus_add_driver+0xe8/0x1f4)
[    1.652196] [<c07773b4>] (bus_add_driver) from [<c0778744>] (driver_register+0x78/0xf4)
[    1.660183] [<c0778744>] (driver_register) from [<c0301e7c>] (do_one_initcall+0x3c/0x16c)
[    1.668349] [<c0301e7c>] (do_one_initcall) from [<c1100d80>] (kernel_init_freeable+0x120/0x1ec)
[    1.677039] [<c1100d80>] (kernel_init_freeable) from [<c0b5bba4>] (kernel_init+0x8/0x118)
[    1.685202] [<c0b5bba4>] (kernel_init) from [<c0307fb8>] (ret_from_fork+0x14/0x3c)
[    1.692783] ---[ end trace fbffd6201368640d ]---
[    1.697402] tegra-ehci c5000000.usb: can't get utmi-pads reset from the PHY
[    1.704358] tegra-ehci c5000000.usb: continuing, but please update your DT
[    1.728253] ulpi_phy_power_on: ulpi write failed
[    1.732874] tegra-ehci c5004000.usb: Failed to power on the phy
[    1.738804] tegra-ehci: probe of c5004000.usb failed with error -110
[    1.747795] tegra-ehci c5008000.usb: EHCI Host Controller
[    1.753210] tegra-ehci c5008000.usb: new USB bus registered, assigned bus number 1
[    1.761020] tegra-ehci c5008000.usb: irq 290, io mem 0xc5008000
[    1.772064] tegra-ehci c5008000.usb: USB 2.0 started, EHCI 1.00
[    1.778588] hub 1-0:1.0: USB hub found
[    1.782381] hub 1-0:1.0: 1 port detected
[    1.786599] ohci_hcd: USB 1.1 'Open' Host Controller (OHCI) Driver
[    1.792795] ohci-pci: OHCI PCI platform driver
[    1.797285] ohci-platform: OHCI generic platform driver
[    1.802672] ohci-omap3: OHCI OMAP3 driver
[    1.806781] SPEAr-ohci: OHCI SPEAr driver
[    1.810907] ohci-st: OHCI STMicroelectronics driver
[    1.815895] ohci-atmel: OHCI Atmel driver
[    1.820499] usbcore: registered new interface driver usb-storage
[    1.827779] mousedev: PS/2 mouse device common for all mice
[    1.835213] rtc-em3027 2-0056: rtc core: registered rtc-em3027 as rtc0
[    1.842922] tegra_rtc 7000e000.rtc: rtc core: registered 7000e000.rtc as rtc1
[    1.850085] tegra_rtc 7000e000.rtc: Tegra internal Real Time Clock
[    1.856676] i2c /dev entries driver
[    1.869284] sdhci: Secure Digital Host Controller Interface driver
[    1.875477] sdhci: Copyright(c) Pierre Ossman
[    1.881027] Synopsys Designware Multimedia Card Interface Driver
[    1.887879] sdhci-pltfm: SDHCI platform and OF driver helper
[    1.894473] mmc0: Invalid maximum block size, assuming 512 bytes
[    1.927066] mmc0: SDHCI controller on c8000000.sdhci [c8000000.sdhci] using ADMA
[    1.934571] sdhci-tegra c8000600.sdhci: Got CD GPIO
[    1.939466] sdhci-tegra c8000600.sdhci: Got WP GPIO
[    1.944502] mmc1: Invalid maximum block size, assuming 512 bytes
[    1.977140] mmc1: SDHCI controller on c8000600.sdhci [c8000600.sdhci] using ADMA
[    1.985738] ledtrig-cpu: registered to indicate activity on CPUs
[    1.992020] usbcore: registered new interface driver usbhid
[    1.997595] usbhid: USB HID core driver
[    2.005841] NET: Registered protocol family 10
[    2.010997] sit: IPv6 over IPv4 tunneling driver
[    2.016102] NET: Registered protocol family 17
[    2.020561] can: controller area network core (rev 20120528 abi 9)
[    2.026790] NET: Registered protocol family 29
[    2.031235] can: raw protocol (rev 20120528)
[    2.035506] can: broadcast manager protocol (rev 20120528 t)
[    2.041164] can: netlink gateway (rev 20130117) max_hops=1
[    2.046965] Key type dns_resolver registered
[    2.051593] ThumbEE CPU extension supported.
[    2.055873] Registering SWP/SWPB emulation handler
[    2.065594] utmi_phy_clk_enable: timeout waiting for phy to stabilize
[    2.072079] tegra-ehci c5000000.usb: EHCI Host Controller
[    2.077529] tegra-ehci c5000000.usb: new USB bus registered, assigned bus number 2
[    2.085412] tegra-ehci c5000000.usb: irq 288, io mem 0xc5000000
[    2.119412] mmc0: host does not support reading read-only switch, assuming write-enable
[    2.129231] mmc0: new high speed SDHC card at address b368
[    2.135054] mmcblk0: mmc0:b368 NCard 3.70 GiB 
[    2.141366]  mmcblk0: p1
[    2.167069] usb 1-1: new high-speed USB device number 2 using tegra-ehci
[    2.177103] tegra-ehci c5000000.usb: USB 2.0 started, EHCI 1.00
[    2.184027] hub 2-0:1.0: USB hub found
[    2.187868] hub 2-0:1.0: 1 port detected
[    2.193209] input: gpio-keys as /devices/soc0/gpio-keys/input/input0
[    2.199883] mmc1: new high speed SD card at address b368
[    2.200321] rtc-em3027 2-0056: hctosys: unable to read the hardware clock
[    2.212643] mmcblk1: mmc1:b368 NCard 1.83 GiB (ro)
[    2.220082]  mmcblk1: p1 p2
[    2.224528] EXT4-fs (mmcblk0p1): mounting ext3 file system using the ext4 subsystem
[    2.311717] EXT4-fs (mmcblk0p1): recovery complete
[    2.316559] EXT4-fs (mmcblk0p1): mounted filesystem with ordered data mode. Opts: (null)
[    2.324708] VFS: Mounted root (ext3 filesystem) on device 179:1.
[    2.331494] hub 1-1:1.0: USB hub found
[    2.335430] hub 1-1:1.0: 4 ports detected
[    2.339766] devtmpfs: mounted
[    2.345281] Freeing unused kernel memory: 2048K (c1100000 - c1300000)
bash: cannot set terminal process group (-1): Inappropriate ioctl for device
bash: no job control in this shell
[    2.637131] usb 1-1.2: new high-speed USB device number 3 using tegra-ehci
root@(none):/# [    3.555370] asix 1-1.2:1.0 eth1: register 'asix' at usb-c5008000.usb-1.2, ASIX AX88772 USB 2.0 Ethernet, 00:60:6e:60:6c:68
mount -t sysfs none /sys
root@(none):/# 
root@(none):/# mount -t debugfs none /sys/kernel/debug
root@(none):/# 
root@(none):/# rtcwake -d rtc1 -m mem -s 3
rtcwake: assuming RTC uses UTC ...
rtcwake: wakeup from "mem" using /dev/rtc1 at Thu Jan  1 00:00:23 1970
[    7.235229] PM: Syncing filesystems ... done.
[    7.281647] Freezing user space processes ... (elapsed 0.001 seconds) done.
[    7.290078] Freezing remaining freezable tasks ... (elapsed 0.001 seconds) done.
[    7.298965] Suspending console(s) (use no_console_suspend to debug)
[    7.334864] PM: suspend of devices complete after 27.715 msecs
[    7.338479] PM: late suspend of devices complete after 3.583 msecs
[    7.352685] PM: noirq suspend of devices complete after 14.174 msecs
[    7.352696] Disabling non-boot CPUs ...
[    7.354573] CPU1: shutdown
[    7.370205] Entering suspend state LP1
[    7.370255] Enabling non-boot CPUs ...
[    7.396295] CPU1 is up
[    7.397280] pcieport 0000:00:01.0: nv_msi_ht_cap_quirk didn't locate host bridge
[    7.412348] PM: noirq resume of devices complete after 16.020 msecs
[    7.415917] PM: early resume of devices complete after 2.850 msecs
[    7.485565] PM: resume of devices complete after 69.614 msecs
[    7.549705] Restarting tasks ... done.
root@(none):/# 
root@(none):/# rtcwake -d rtc1 -m mem -s 3
rtcwake: assuming RTC uses UTC ...
rtcwake: wakeup from "mem" using /dev/rtc1 at Thu Jan  1 00:00:27 1970
[    8.081909] PM: Syncing filesystems ... done.
[    8.114753] Freezing user space processes ... (elapsed 0.001 seconds) done.
[    8.123170] Freezing remaining freezable tasks ... (elapsed 0.001 seconds) done.
[    8.132069] Suspending console(s) (use no_console_suspend to debug)
[    8.168959] PM: suspend of devices complete after 28.775 msecs
[    8.172704] PM: late suspend of devices complete after 3.712 msecs
[    8.187616] PM: noirq suspend of devices complete after 14.882 msecs
[    8.187629] Disabling non-boot CPUs ...
[    8.189496] CPU1: shutdown
[    8.215135] Entering suspend state LP1
[    8.215186] Enabling non-boot CPUs ...
[    8.241242] CPU1 is up
[    8.242047] pcieport 0000:00:01.0: nv_msi_ht_cap_quirk didn't locate host bridge
[    8.257258] PM: noirq resume of devices complete after 15.984 msecs
[    8.260881] PM: early resume of devices complete after 2.912 msecs
[    8.325620] PM: resume of devices complete after 64.706 msecs
[    8.389702] Restarting tasks ... done.
root@(none):/# 
root@(none):/# rtcwake -d rtc1 -m mem -s 3
rtcwake: assuming RTC uses UTC ...
rtcwake: wakeup from "mem" using /dev/rtc1 at Thu Jan  1 00:00:31 1970
[    8.926750] PM: Syncing filesystems ... done.
[    8.959573] Freezing user space processes ... (elapsed 0.001 seconds) done.
[    8.967995] Freezing remaining freezable tasks ... (elapsed 0.001 seconds) done.
[    8.976862] Suspending console(s) (use no_console_suspend to debug)
[    9.003787] PM: suspend of devices complete after 18.799 msecs
[    9.007327] PM: late suspend of devices complete after 3.509 msecs
[    9.022544] PM: noirq suspend of devices complete after 15.185 msecs
[    9.022556] Disabling non-boot CPUs ...
[    9.024309] CPU1: shutdown
[    9.050086] Entering suspend state LP1
[    9.050136] Enabling non-boot CPUs ...
[    9.076190] CPU1 is up
[    9.077548] pcieport 0000:00:01.0: nv_msi_ht_cap_quirk didn't locate host bridge
[    9.092190] PM: noirq resume of devices complete after 15.966 msecs
[    9.095790] PM: early resume of devices complete after 2.902 msecs
[    9.165354] PM: resume of devices complete after 69.531 msecs
[    9.229419] Restarting tasks ... done.
root@(none):/# 
root@(none):/# rtcwake -d rtc1 -m mem -s 3
rtcwake: assuming RTC uses UTC ...
rtcwake: wakeup from "mem" using /dev/rtc1 at Thu Jan  1 00:00:35 1970
[    9.758717] PM: Syncing filesystems ... done.
[    9.782626] Freezing user space processes ... (elapsed 0.001 seconds) done.
[    9.790881] Freezing remaining freezable tasks ... (elapsed 0.001 seconds) done.
[    9.799741] Suspending console(s) (use no_console_suspend to debug)
[    9.833988] PM: suspend of devices complete after 26.099 msecs
[    9.837572] PM: late suspend of devices complete after 3.554 msecs
[    9.852536] PM: noirq suspend of devices complete after 14.931 msecs
[    9.852547] Disabling non-boot CPUs ...
[    9.854326] CPU1: shutdown
[    9.870022] Entering suspend state LP1
[    9.870072] Enabling non-boot CPUs ...
[    9.896167] CPU1 is up
[    9.897412] pcieport 0000:00:01.0: nv_msi_ht_cap_quirk didn't locate host bridge
[    9.912147] PM: noirq resume of devices complete after 15.945 msecs
[    9.915783] PM: early resume of devices complete after 2.925 msecs
[    9.980384] PM: resume of devices complete after 64.567 msecs
[   10.044462] Restarting tasks ... done.
root@(none):/# 
root@(none):/# rtcwake -d rtc1 -m mem -s 3
rtcwake: assuming RTC uses UTC ...
rtcwake: wakeup from "mem" using /dev/rtc1 at Thu Jan  1 00:00:39 1970
[   10.578580] PM: Syncing filesystems ... done.
[   10.602461] Freezing user space processes ... (elapsed 0.001 seconds) done.
[   10.610790] Freezing remaining freezable tasks ... (elapsed 0.001 seconds) done.
[   10.619683] Suspending console(s) (use no_console_suspend to debug)
[   10.654250] PM: suspend of devices complete after 26.408 msecs
[   10.657806] PM: late suspend of devices complete after 3.524 msecs
[   10.672419] PM: noirq suspend of devices complete after 14.582 msecs
[   10.672431] Disabling non-boot CPUs ...
[   10.674194] CPU1: shutdown
[   10.699968] Entering suspend state LP1
[   10.700019] Enabling non-boot CPUs ...
[   10.726057] CPU1 is up
[   10.726875] pcieport 0000:00:01.0: nv_msi_ht_cap_quirk didn't locate host bridge
[   10.742068] PM: noirq resume of devices complete after 15.978 msecs
[   10.745674] PM: early resume of devices complete after 2.901 msecs
[   10.814077] PM: resume of devices complete after 68.371 msecs
[   10.878142] Restarting tasks ... done.
root@(none):/# 
root@(none):/# rtcwake -d rtc1 -m mem -s 3
rtcwake: assuming RTC uses UTC ...
rtcwake: wakeup from "mem" using /dev/rtc1 at Thu Jan  1 00:00:43 1970
[   11.411340] PM: Syncing filesystems ... done.
[   11.444168] Freezing user space processes ... (elapsed 0.001 seconds) done.
[   11.452592] Freezing remaining freezable tasks ... (elapsed 0.001 seconds) done.
[   11.461458] Suspending console(s) (use no_console_suspend to debug)
[   11.493823] PM: suspend of devices complete after 24.241 msecs
[   11.497481] PM: late suspend of devices complete after 3.627 msecs
[   11.512399] PM: noirq suspend of devices complete after 14.886 msecs
[   11.512411] Disabling non-boot CPUs ...
[   11.514299] CPU1: shutdown
[   11.539921] Entering suspend state LP1
[   11.539971] Enabling non-boot CPUs ...
[   11.566061] CPU1 is up
[   11.567367] pcieport 0000:00:01.0: nv_msi_ht_cap_quirk didn't locate host bridge
[   11.582074] PM: noirq resume of devices complete after 15.980 msecs
[   11.585701] PM: early resume of devices complete after 2.926 msecs
[   11.650297] PM: resume of devices complete after 64.563 msecs
[   11.714414] Restarting tasks ... done.
root@(none):/# 
root@(none):/# rtcwake -d rtc1 -m mem -s 3
rtcwake: assuming RTC uses UTC ...
rtcwake: wakeup from "mem" using /dev/rtc1 at Thu Jan  1 00:00:47 1970
[   12.248681] PM: Syncing filesystems ... done.
[   12.272546] Freezing user space processes ... (elapsed 0.001 seconds) done.
[   12.280809] Freezing remaining freezable tasks ... (elapsed 0.001 seconds) done.
[   12.289546] Suspending console(s) (use no_console_suspend to debug)
[   12.323866] PM: suspend of devices complete after 26.694 msecs
[   12.327453] PM: late suspend of devices complete after 3.556 msecs
[   12.342310] PM: noirq suspend of devices complete after 14.824 msecs
[   12.342321] Disabling non-boot CPUs ...
[   12.344080] CPU1: shutdown
[   12.369861] Entering suspend state LP1
[   12.369911] Enabling non-boot CPUs ...
[   12.395948] CPU1 is up
[   12.397292] pcieport 0000:00:01.0: nv_msi_ht_cap_quirk didn't locate host bridge
[   12.411974] PM: noirq resume of devices complete after 15.992 msecs
[   12.415639] PM: early resume of devices complete after 2.941 msecs
[   12.480241] PM: resume of devices complete after 64.569 msecs
[   12.544356] Restarting tasks ... done.
root@(none):/# 
root@(none):/# rtcwake -d rtc1 -m mem -s 3
rtcwake: assuming RTC uses UTC ...
rtcwake: wakeup from "mem" using /dev/rtc1 at Thu Jan  1 00:00:51 1970
[   13.081405] PM: Syncing filesystems ... done.
[   13.114314] Freezing user space processes ... (elapsed 0.001 seconds) done.
[   13.122735] Freezing remaining freezable tasks ... (elapsed 0.001 seconds) done.
[   13.131601] Suspending console(s) (use no_console_suspend to debug)
[   13.159040] PM: suspend of devices complete after 19.311 msecs
[   13.162651] PM: late suspend of devices complete after 3.578 msecs
[   13.177309] PM: noirq suspend of devices complete after 14.627 msecs
[   13.177320] Disabling non-boot CPUs ...
[   13.179072] CPU1: shutdown
[   13.194782] Entering suspend state LP1
[   13.194831] Enabling non-boot CPUs ...
[   13.220894] CPU1 is up
[   13.223410] pcieport 0000:00:01.0: nv_msi_ht_cap_quirk didn't locate host bridge
[   13.236896] PM: noirq resume of devices complete after 15.971 msecs
[   13.240539] PM: early resume of devices complete after 2.926 msecs
[   13.310102] PM: resume of devices complete after 69.531 msecs
[   13.374186] Restarting tasks ... done.
root@(none):/# 
root@(none):/# rtcwake -d rtc1 -m mem -s 3
rtcwake: assuming RTC uses UTC ...
rtcwake: wakeup from "mem" using /dev/rtc1 at Thu Jan  1 00:00:55 1970
[   13.911231] PM: Syncing filesystems ... done.
[   13.944108] Freezing user space processes ... (elapsed 0.001 seconds) done.
[   13.952528] Freezing remaining freezable tasks ... (elapsed 0.001 seconds) done.
[   13.961396] Suspending console(s) (use no_console_suspend to debug)
[   13.993273] PM: suspend of devices complete after 23.749 msecs
[   13.996858] PM: late suspend of devices complete after 3.554 msecs
[   14.012248] PM: noirq suspend of devices complete after 15.358 msecs
[   14.012259] Disabling non-boot CPUs ...
[   14.014143] CPU1: shutdown
[   14.039704] Entering suspend state LP1
[   14.039754] Enabling non-boot CPUs ...
[   14.065810] CPU1 is up
[   14.067006] pcieport 0000:00:01.0: nv_msi_ht_cap_quirk didn't locate host bridge
[   14.081852] PM: noirq resume of devices complete after 16.008 msecs
[   14.085464] PM: early resume of devices complete after 2.893 msecs
[   14.150111] PM: resume of devices complete after 64.614 msecs
[   14.214187] Restarting tasks ... done.
root@(none):/# 
root@(none):/# rtcwake -d rtc1 -m mem -s 3
rtcwake: assuming RTC uses UTC ...
rtcwake: wakeup from "mem" using /dev/rtc1 at Thu Jan  1 00:00:59 1970
[   14.753376] PM: Syncing filesystems ... done.
[   14.777278] Freezing user space processes ... (elapsed 0.001 seconds) done.
[   14.785533] Freezing remaining freezable tasks ... (elapsed 0.001 seconds) done.
[   14.794285] Suspending console(s) (use no_console_suspend to debug)
[   14.828480] PM: suspend of devices complete after 26.577 msecs
[   14.832259] PM: late suspend of devices complete after 3.748 msecs
[   14.847167] PM: noirq suspend of devices complete after 14.877 msecs
[   14.847179] Disabling non-boot CPUs ...
[   14.849071] CPU1: shutdown
[   14.864666] Entering suspend state LP1
[   14.864716] Enabling non-boot CPUs ...
[   14.890807] CPU1 is up
[   14.892087] pcieport 0000:00:01.0: nv_msi_ht_cap_quirk didn't locate host bridge
[   14.906816] PM: noirq resume of devices complete after 15.976 msecs
[   14.910406] PM: early resume of devices complete after 2.879 msecs
[   14.980043] PM: resume of devices complete after 69.604 msecs
[   15.044128] Restarting tasks ... done.
root@(none):/# 
root@(none):/# NVTB SYSTEM SUSPEND TEST COMPLETE
