[    0.000000] Booting Linux on physical CPU 0x0
[    0.000000] Linux version 4.10.0-rc4-166515-g49def18 (pwalmsley@tamien) (gcc version 4.9.2 20140904 (prerelease) (crosstool-NG linaro-1.13.1-4.9-2014.09 - Linaro GCC 4.9-2014.09) ) #1 SMP PREEMPT Mon Jan 16 02:38:55 PST 2017
[    0.000000] Boot CPU: AArch64 Processor [411fd070]
[    0.000000] Memory limited to 1024MB
[    0.000000] efi: Getting EFI parameters from FDT:
[    0.000000] efi: UEFI not found.
[    0.000000] cma: Reserved 16 MiB at 0x000000007f000000
[    0.000000] psci: probing for conduit method from DT.
[    0.000000] psci: PSCIv0.2 detected in firmware.
[    0.000000] psci: Using standard PSCI v0.2 function IDs
[    0.000000] psci: Trusted OS migration not required
[    0.000000] percpu: Embedded 21 pages/cpu @ffff80003efd5000 s48128 r8192 d29696 u86016
[    0.000000] Detected PIPT I-cache on CPU0
[    0.000000] CPU features: enabling workaround for ARM erratum 832075
[    0.000000] CPU features: enabling workaround for ARM erratum 834220
[    0.000000] Built 1 zonelists in Zone order, mobility grouping on.  Total pages: 258048
[    0.000000] Kernel command line: root=/dev/vda2 rw rootwait mem=1024M console=ttyAMA0,38400n8 init=/bin/bash
[    0.000000] PID hash table entries: 4096 (order: 3, 32768 bytes)
[    0.000000] Dentry cache hash table entries: 131072 (order: 8, 1048576 bytes)
[    0.000000] Inode-cache hash table entries: 65536 (order: 7, 524288 bytes)
[    0.000000] Memory: 998944K/1048576K available (8508K kernel code, 944K rwdata, 4108K rodata, 1024K init, 395K bss, 33248K reserved, 16384K cma-reserved)
[    0.000000] Virtual kernel memory layout:
[    0.000000]     modules : 0xffff000000000000 - 0xffff000008000000   (   128 MB)
[    0.000000]     vmalloc : 0xffff000008000000 - 0xffff7dffbfff0000   (129022 GB)
[    0.000000]       .text : 0xffff000008080000 - 0xffff0000088d0000   (  8512 KB)
[    0.000000]     .rodata : 0xffff0000088d0000 - 0xffff000008ce0000   (  4160 KB)
[    0.000000]       .init : 0xffff000008ce0000 - 0xffff000008de0000   (  1024 KB)
[    0.000000]       .data : 0xffff000008de0000 - 0xffff000008ecc200   (   945 KB)
[    0.000000]        .bss : 0xffff000008ecc200 - 0xffff000008f2ee50   (   396 KB)
[    0.000000]     fixed   : 0xffff7dfffe7fd000 - 0xffff7dfffec00000   (  4108 KB)
[    0.000000]     PCI I/O : 0xffff7dfffee00000 - 0xffff7dffffe00000   (    16 MB)
[    0.000000]     vmemmap : 0xffff7e0000000000 - 0xffff800000000000   (  2048 GB maximum)
[    0.000000]               0xffff7e0000000000 - 0xffff7e0001000000   (    16 MB actual)
[    0.000000]     memory  : 0xffff800000000000 - 0xffff800040000000   (  1024 MB)
[    0.000000] SLUB: HWalign=64, Order=0-3, MinObjects=0, CPUs=1, Nodes=1
[    0.000000] Preemptible hierarchical RCU implementation.
[    0.000000] 	Build-time adjustment of leaf fanout to 64.
[    0.000000] 	RCU restricting CPUs from NR_CPUS=64 to nr_cpu_ids=1.
[    0.000000] RCU: Adjusting geometry for rcu_fanout_leaf=64, nr_cpu_ids=1
[    0.000000] NR_IRQS:64 nr_irqs:64 0
[    0.000000] GICv2m: range[mem 0x08020000-0x08020fff], SPI[80:143]
[    0.000000] arm_arch_timer: WARNING: Invalid trigger for IRQ3, assuming level low
[    0.000000] arm_arch_timer: WARNING: Please fix your firmware
[    0.000000] arm_arch_timer: Architected cp15 timer(s) running at 62.50MHz (virt).
[    0.000000] clocksource: arch_sys_counter: mask: 0xffffffffffffff max_cycles: 0x1cd42e208c, max_idle_ns: 881590405314 ns
[    0.000300] sched_clock: 56 bits at 62MHz, resolution 16ns, wraps every 4398046511096ns
[    0.010977] Console: colour dummy device 80x25
[    0.011974] Calibrating delay loop (skipped), value calculated using timer frequency.. 125.00 BogoMIPS (lpj=250000)
[    0.012189] pid_max: default: 32768 minimum: 301
[    0.013157] Security Framework initialized
[    0.013780] Mount-cache hash table entries: 2048 (order: 2, 16384 bytes)
[    0.013841] Mountpoint-cache hash table entries: 2048 (order: 2, 16384 bytes)
[    0.062591] ASID allocator initialised with 65536 entries
[    0.088709] EFI services will not be available.
[    0.091379] smp: Bringing up secondary CPUs ...
[    0.091488] smp: Brought up 1 node, 1 CPU
[    0.091540] SMP: Total of 1 processors activated.
[    0.091656] CPU features: detected feature: 32-bit EL0 Support
[    0.092253] CPU: All CPU(s) started at EL1
[    0.093454] alternatives: patching kernel code
[    0.107838] devtmpfs: initialized
[    0.123510] DMI not present or invalid.
[    0.125979] clocksource: jiffies: mask: 0xffffffff max_cycles: 0xffffffff, max_idle_ns: 7645041785100000 ns
[    0.130501] pinctrl core: initialized pinctrl subsystem
[    0.170885] NET: Registered protocol family 16
[    0.199509] cpuidle: using governor menu
[    0.201239] vdso: 2 pages (1 code @ ffff0000088d7000, 1 data @ ffff000008de5000)
[    0.201603] hw-breakpoint: found 6 breakpoint and 4 watchpoint registers.
[    0.212748] DMA: preallocated 256 KiB pool for atomic allocations
[    0.217173] Serial: AMBA PL011 UART driver
[    0.285343] 9000000.pl011: ttyAMA0 at MMIO 0x9000000 (irq = 39, base_baud = 0) is a PL011 rev1
[    0.309664] console [ttyAMA0] enabled
[    0.316120] irq: type mismatch, failed to map hwirq-27 for /intc!
[    0.483909] HugeTLB registered 2 MB page size, pre-allocated 0 pages
[    0.504129] ACPI: Interpreter disabled.
[    0.517316] vgaarb: loaded
[    0.520916] SCSI subsystem initialized
[    0.531530] usbcore: registered new interface driver usbfs
[    0.532243] usbcore: registered new interface driver hub
[    0.536390] usbcore: registered new device driver usb
[    0.541135] pps_core: LinuxPPS API ver. 1 registered
[    0.541418] pps_core: Software ver. 5.3.6 - Copyright 2005-2007 Rodolfo Giometti <giometti@linux.it>
[    0.544482] PTP clock support registered
[    0.546957] dmi: Firmware registration failed.
[    0.548730] Advanced Linux Sound Architecture Driver Initialized.
[    0.564463] clocksource: Switched to clocksource arch_sys_counter
[    0.565686] VFS: Disk quotas dquot_6.6.0
[    0.566150] VFS: Dquot-cache hash table entries: 512 (order 0, 4096 bytes)
[    0.571136] pnp: PnP ACPI: disabled
[    0.655273] NET: Registered protocol family 2
[    0.662991] TCP established hash table entries: 8192 (order: 4, 65536 bytes)
[    0.663655] TCP bind hash table entries: 8192 (order: 5, 131072 bytes)
[    0.664747] TCP: Hash tables configured (established 8192 bind 8192)
[    0.665897] UDP hash table entries: 512 (order: 2, 16384 bytes)
[    0.666426] UDP-Lite hash table entries: 512 (order: 2, 16384 bytes)
[    0.668637] NET: Registered protocol family 1
[    0.681085] RPC: Registered named UNIX socket transport module.
[    0.681656] RPC: Registered udp transport module.
[    0.681912] RPC: Registered tcp transport module.
[    0.682153] RPC: Registered tcp NFSv4.1 backchannel transport module.
[    0.692912] kvm [1]: HYP mode not available
[    0.708024] futex hash table entries: 256 (order: 3, 32768 bytes)
[    0.713157] audit: initializing netlink subsys (disabled)
[    0.717241] audit: type=2000 audit(0.676:1): initialized
[    0.724782] workingset: timestamp_bits=46 max_order=18 bucket_order=0
[    0.813032] squashfs: version 4.0 (2009/01/31) Phillip Lougher
[    0.824063] NFS: Registering the id_resolver key type
[    0.826718] Key type id_resolver registered
[    0.827046] Key type id_legacy registered
[    0.827478] nfs4filelayout_init: NFSv4 File Layout Driver Registering...
[    0.829680] 9p: Installing v9fs 9p2000 file system support
[    0.846870] Block layer SCSI generic (bsg) driver version 0.4 loaded (major 247)
[    0.847407] io scheduler noop registered
[    0.849768] io scheduler cfq registered (default)
[    0.887192] pl061_gpio 9030000.pl061: PL061 GPIO chip @0x0000000009030000 registered
[    0.897962] OF: PCI: host bridge /pcie@10000000 ranges:
[    0.898685] OF: PCI:    IO 0x3eff0000..0x3effffff -> 0x00000000
[    0.899289] OF: PCI:   MEM 0x10000000..0x3efeffff -> 0x10000000
[    0.899631] OF: PCI:   MEM 0x8000000000..0xffffffffff -> 0x8000000000
[    0.902449] pci-host-generic 3f000000.pcie: ECAM at [mem 0x3f000000-0x3fffffff] for [bus 00-0f]
[    0.904666] pci-host-generic 3f000000.pcie: PCI host bridge to bus 0000:00
[    0.905216] pci_bus 0000:00: root bus resource [bus 00-0f]
[    0.905576] pci_bus 0000:00: root bus resource [io  0x0000-0xffff]
[    0.905897] pci_bus 0000:00: root bus resource [mem 0x10000000-0x3efeffff]
[    0.906242] pci_bus 0000:00: root bus resource [mem 0x8000000000-0xffffffffff]
[    0.975689] xenfs: not registering filesystem on non-xen platform
[    1.020167] Serial: 8250/16550 driver, 4 ports, IRQ sharing enabled
[    1.037949] SuperH (H)SCI(F) driver initialized
[    1.041643] msm_serial: driver initialized
[    1.046816] cacheinfo: Unable to detect cache hierarchy for CPU 0
[    1.126245] loop: module loaded
[    1.188280]  vda: vda1 vda2
[    1.204841] hisi_sas: driver version v1.6
[    1.234964] libphy: Fixed MDIO Bus: probed
[    1.239862] tun: Universal TUN/TAP device driver, 1.6
[    1.240165] tun: (C) 1999-2004 Max Krasnyansky <maxk@qualcomm.com>
[    1.260853] e1000e: Intel(R) PRO/1000 Network Driver - 3.2.6-k
[    1.261184] e1000e: Copyright(c) 1999 - 2015 Intel Corporation.
[    1.262468] igb: Intel(R) Gigabit Ethernet Network Driver - version 5.4.0-k
[    1.262825] igb: Copyright (c) 2007-2014 Intel Corporation.
[    1.263818] igbvf: Intel(R) Gigabit Virtual Function Network Driver - version 2.4.0-k
[    1.264242] igbvf: Copyright (c) 2009 - 2012 Intel Corporation.
[    1.265727] sky2: driver version 1.30
[    1.271062] VFIO - User Level meta-driver version: 0.3
[    1.295636] ehci_hcd: USB 2.0 'Enhanced' Host Controller (EHCI) Driver
[    1.296092] ehci-pci: EHCI PCI platform driver
[    1.298485] ehci-platform: EHCI generic platform driver
[    1.301029] ehci-exynos: EHCI EXYNOS driver
[    1.302196] ehci-msm: Qualcomm On-Chip EHCI Host Controller
[    1.303510] ohci_hcd: USB 1.1 'Open' Host Controller (OHCI) Driver
[    1.303978] ohci-pci: OHCI PCI platform driver
[    1.305830] ohci-platform: OHCI generic platform driver
[    1.306918] ohci-exynos: OHCI EXYNOS driver
[    1.312696] usbcore: registered new interface driver usb-storage
[    1.325141] mousedev: PS/2 mouse device common for all mice
[    1.337043] rtc-pl031 9010000.pl031: rtc core: registered pl031 as rtc0
[    1.343401] i2c /dev entries driver
[    1.374606] sdhci: Secure Digital Host Controller Interface driver
[    1.374933] sdhci: Copyright(c) Pierre Ossman
[    1.379060] Synopsys Designware Multimedia Card Interface Driver
[    1.386279] sdhci-pltfm: SDHCI platform and OF driver helper
[    1.394818] ledtrig-cpu: registered to indicate activity on CPUs
[    1.407069] usbcore: registered new interface driver usbhid
[    1.407380] usbhid: USB HID core driver
[    1.427522] NET: Registered protocol family 17
[    1.429947] 9pnet: Installing 9P2000 support
[    1.430771] Key type dns_resolver registered
[    1.435832] registered taskstats version 1
[    1.446052] input: gpio-keys as /devices/platform/gpio-keys/input/input0
[    1.449957] rtc-pl031 9010000.pl031: setting system clock to 2017-01-16 10:39:38 UTC (1484563178)
[    1.451301] ALSA device list:
[    1.451513]   No soundcards found.
[    1.455668] uart-pl011 9000000.pl011: no DMA platform data
[    1.478266] EXT4-fs (vda2): couldn't mount as ext3 due to feature incompatibilities
[    1.560111] EXT4-fs (vda2): recovery complete
[    1.561707] EXT4-fs (vda2): mounted filesystem with ordered data mode. Opts: (null)
[    1.562344] VFS: Mounted root (ext4 filesystem) on device 254:2.
[    1.569414] devtmpfs: mounted
[    1.612739] Freeing unused kernel memory: 1024K
bash: cannot set terminal process group (-1): Inappropriate ioctl for device
bash: no job control in this shell
bash-4.3# 