[    0.000000] Booting Linux on physical CPU 0x0
[    0.000000] Linux version 4.5.0-rc4+ (pwalmsley@tamien) (gcc version 4.9.2 20140904 (prerelease) (crosstool-NG linaro-1.13.1-4.9-2014.09 - Linaro GCC 4.9-2014.09) ) #1 SMP PREEMPT Sun Feb 14 13:36:03 PST 2016
[    0.000000] Boot CPU: AArch64 Processor [411fd070]
[    0.000000] Memory limited to 1024MB
[    0.000000] efi: Getting EFI parameters from FDT:
[    0.000000] efi: UEFI not found.
[    0.000000] cma: Reserved 16 MiB at 0x000000007f000000
[    0.000000] psci: probing for conduit method from DT.
[    0.000000] psci: PSCIv0.2 detected in firmware.
[    0.000000] psci: Using standard PSCI v0.2 function IDs
[    0.000000] psci: Trusted OS migration not required
[    0.000000] PERCPU: Embedded 20 pages/cpu @ffffffc03efdb000 s41984 r8192 d31744 u81920
[    0.000000] Detected PIPT I-cache on CPU0
[    0.000000] CPU features: enabling workaround for ARM erratum 832075
[    0.000000] CPU features: enabling workaround for ARM erratum 834220
[    0.000000] Built 1 zonelists in Zone order, mobility grouping on.  Total pages: 258048
[    0.000000] Kernel command line: root=/dev/vda2 rw rootwait mem=1024M console=ttyAMA0,38400n8 init=/bin/bash
[    0.000000] PID hash table entries: 4096 (order: 3, 32768 bytes)
[    0.000000] Dentry cache hash table entries: 131072 (order: 8, 1048576 bytes)
[    0.000000] Inode-cache hash table entries: 65536 (order: 7, 524288 bytes)
[    0.000000] software IO TLB [mem 0x79c00000-0x7dc00000] (64MB) mapped at [ffffffc039c00000-ffffffc03dbfffff]
[    0.000000] Memory: 937056K/1048576K available (6512K kernel code, 597K rwdata, 2904K rodata, 724K init, 243K bss, 95136K reserved, 16384K cma-reserved)
[    0.000000] Virtual kernel memory layout:
[    0.000000]     vmalloc : 0xffffff8000000000 - 0xffffffbdbfff0000   (   246 GB)
[    0.000000]     vmemmap : 0xffffffbdc0000000 - 0xffffffbfc0000000   (     8 GB maximum)
[    0.000000]               0xffffffbdc1000000 - 0xffffffbdc2000000   (    16 MB actual)
[    0.000000]     fixed   : 0xffffffbffa7fd000 - 0xffffffbffac00000   (  4108 KB)
[    0.000000]     PCI I/O : 0xffffffbffae00000 - 0xffffffbffbe00000   (    16 MB)
[    0.000000]     modules : 0xffffffbffc000000 - 0xffffffc000000000   (    64 MB)
[    0.000000]     memory  : 0xffffffc000000000 - 0xffffffc040000000   (  1024 MB)
[    0.000000]       .init : 0xffffffc0009b5000 - 0xffffffc000a6a000   (   724 KB)
[    0.000000]       .text : 0xffffffc000080000 - 0xffffffc0009b42a4   (  9425 KB)
[    0.000000]       .data : 0xffffffc000a6a000 - 0xffffffc000aff600   (   598 KB)
[    0.000000] SLUB: HWalign=64, Order=0-3, MinObjects=0, CPUs=1, Nodes=1
[    0.000000] Preemptible hierarchical RCU implementation.
[    0.000000] 	Build-time adjustment of leaf fanout to 64.
[    0.000000] 	RCU restricting CPUs from NR_CPUS=64 to nr_cpu_ids=1.
[    0.000000] RCU: Adjusting geometry for rcu_fanout_leaf=64, nr_cpu_ids=1
[    0.000000] NR_IRQS:64 nr_irqs:64 0
[    0.000000] Architected cp15 timer(s) running at 62.50MHz (virt).
[    0.000000] clocksource: arch_sys_counter: mask: 0xffffffffffffff max_cycles: 0x1cd42e208c, max_idle_ns: 881590405314 ns
[    0.000153] sched_clock: 56 bits at 62MHz, resolution 16ns, wraps every 4398046511096ns
[    0.006088] Console: colour dummy device 80x25
[    0.006688] Calibrating delay loop (skipped), value calculated using timer frequency.. 125.00 BogoMIPS (lpj=250000)
[    0.006836] pid_max: default: 32768 minimum: 301
[    0.007603] Security Framework initialized
[    0.008017] Mount-cache hash table entries: 2048 (order: 2, 16384 bytes)
[    0.008060] Mountpoint-cache hash table entries: 2048 (order: 2, 16384 bytes)
[    0.029522] ASID allocator initialised with 65536 entries
[    0.046145] EFI services will not be available.
[    0.048310] Brought up 1 CPUs
[    0.048354] SMP: Total of 1 processors activated.
[    0.048573] CPU: All CPU(s) started at EL1
[    0.049199] alternatives: patching kernel code
[    0.063544] devtmpfs: initialized
[    0.072508] DMI not present or invalid.
[    0.074067] clocksource: jiffies: mask: 0xffffffff max_cycles: 0xffffffff, max_idle_ns: 7645041785100000 ns
[    0.076031] pinctrl core: initialized pinctrl subsystem
[    0.097866] NET: Registered protocol family 16
[    0.116914] cpuidle: using governor menu
[    0.117681] vdso: 2 pages (1 code @ ffffffc000a71000, 1 data @ ffffffc000a70000)
[    0.117981] hw-breakpoint: found 6 breakpoint and 4 watchpoint registers.
[    0.123917] DMA: preallocated 256 KiB pool for atomic allocations
[    0.126320] Serial: AMBA PL011 UART driver
[    0.165322] 9000000.pl011: ttyAMA0 at MMIO 0x9000000 (irq = 38, base_baud = 0) is a PL011 rev1
[    0.185657] console [ttyAMA0] enabled
[    0.296709] HugeTLB registered 2 MB page size, pre-allocated 0 pages
[    0.316626] vgaarb: loaded
[    0.318382] SCSI subsystem initialized
[    0.323910] usbcore: registered new interface driver usbfs
[    0.326367] usbcore: registered new interface driver hub
[    0.327017] usbcore: registered new device driver usb
[    0.328466] pps_core: LinuxPPS API ver. 1 registered
[    0.328658] pps_core: Software ver. 5.3.6 - Copyright 2005-2007 Rodolfo Giometti <giometti@linux.it>
[    0.330547] PTP clock support registered
[    0.332401] dmi: Firmware registration failed.
[    0.336229] Advanced Linux Sound Architecture Driver Initialized.
[    0.345546] clocksource: Switched to clocksource arch_sys_counter
[    0.349303] VFS: Disk quotas dquot_6.6.0
[    0.350940] VFS: Dquot-cache hash table entries: 512 (order 0, 4096 bytes)
[    0.414554] NET: Registered protocol family 2
[    0.420235] TCP established hash table entries: 8192 (order: 4, 65536 bytes)
[    0.420790] TCP bind hash table entries: 8192 (order: 5, 131072 bytes)
[    0.421330] TCP: Hash tables configured (established 8192 bind 8192)
[    0.423175] UDP hash table entries: 512 (order: 2, 16384 bytes)
[    0.423608] UDP-Lite hash table entries: 512 (order: 2, 16384 bytes)
[    0.425259] NET: Registered protocol family 1
[    0.432768] RPC: Registered named UNIX socket transport module.
[    0.433125] RPC: Registered udp transport module.
[    0.433643] RPC: Registered tcp transport module.
[    0.433888] RPC: Registered tcp NFSv4.1 backchannel transport module.
[    0.439677] kvm [1]: HYP mode not available
[    0.455251] futex hash table entries: 256 (order: 3, 32768 bytes)
[    0.456248] audit: initializing netlink subsys (disabled)
[    0.457179] audit: type=2000 audit(0.424:1): initialized
[    0.531160] squashfs: version 4.0 (2009/01/31) Phillip Lougher
[    0.540765] NFS: Registering the id_resolver key type
[    0.542642] Key type id_resolver registered
[    0.542864] Key type id_legacy registered
[    0.544289] fuse init (API version 7.24)
[    0.547759] 9p: Installing v9fs 9p2000 file system support
[    0.559741] io scheduler noop registered
[    0.560776] io scheduler cfq registered (default)
[    0.593271] xenfs: not registering filesystem on non-xen platform
[    0.620301] Serial: 8250/16550 driver, 4 ports, IRQ sharing disabled
[    0.631408] SuperH (H)SCI(F) driver initialized
[    0.633135] msm_serial: driver initialized
[    0.636730] Unable to detect cache hierarchy from DT for CPU 0
[    0.706930] loop: module loaded
[    0.737247]  vda: vda1 vda2
[    0.754579] tun: Universal TUN/TAP device driver, 1.6
[    0.754852] tun: (C) 1999-2004 Max Krasnyansky <maxk@qualcomm.com>
[    0.775064] e1000e: Intel(R) PRO/1000 Network Driver - 3.2.6-k
[    0.775343] e1000e: Copyright(c) 1999 - 2015 Intel Corporation.
[    0.776015] igb: Intel(R) Gigabit Ethernet Network Driver - version 5.3.0-k
[    0.776292] igb: Copyright (c) 2007-2014 Intel Corporation.
[    0.777503] igbvf: Intel(R) Gigabit Virtual Function Network Driver - version 2.0.2-k
[    0.778554] igbvf: Copyright (c) 2009 - 2012 Intel Corporation.
[    0.779279] sky2: driver version 1.30
[    0.783256] VFIO - User Level meta-driver version: 0.3
[    0.792051] ehci_hcd: USB 2.0 'Enhanced' Host Controller (EHCI) Driver
[    0.792397] ehci-pci: EHCI PCI platform driver
[    0.793039] ehci-platform: EHCI generic platform driver
[    0.794309] ohci_hcd: USB 1.1 'Open' Host Controller (OHCI) Driver
[    0.794647] ohci-pci: OHCI PCI platform driver
[    0.796006] ohci-platform: OHCI generic platform driver
[    0.797095] usbcore: registered new interface driver usb-storage
[    0.799301] mousedev: PS/2 mouse device common for all mice
[    0.818779] rtc-pl031 9010000.pl031: rtc core: registered pl031 as rtc0
[    0.826600] sdhci: Secure Digital Host Controller Interface driver
[    0.826879] sdhci: Copyright(c) Pierre Ossman
[    0.827651] Synopsys Designware Multimedia Card Interface Driver
[    0.829317] sdhci-pltfm: SDHCI platform and OF driver helper
[    0.831958] ledtrig-cpu: registered to indicate activity on CPUs
[    0.838365] usbcore: registered new interface driver usbhid
[    0.838628] usbhid: USB HID core driver
[    0.847786] NET: Registered protocol family 17
[    0.849116] 9pnet: Installing 9P2000 support
[    0.850470] Key type dns_resolver registered
[    0.854112] registered taskstats version 1
[    0.863212] rtc-pl031 9010000.pl031: setting system clock to 2016-02-14 21:36:33 UTC (1455485793)
[    0.864986] ALSA device list:
[    0.865143]   No soundcards found.
[    0.868711] uart-pl011 9000000.pl011: no DMA platform data
[    0.874703] EXT4-fs (vda2): couldn't mount as ext3 due to feature incompatibilities
[    0.920876] EXT4-fs (vda2): recovery complete
[    0.922011] EXT4-fs (vda2): mounted filesystem with ordered data mode. Opts: (null)
[    0.922934] VFS: Mounted root (ext4 filesystem) on device 254:2.
[    0.926157] devtmpfs: mounted
[    0.953576] Freeing unused kernel memory: 724K (ffffffc0009b5000 - ffffffc000a6a000)
bash: cannot set terminal process group (-1): Inappropriate ioctl for device
bash: no job control in this shell
bash-4.3# 