Diff for ./qemu-vexpress64/__internal/defconfig_log.txt
--- /tmp/fooa	2015-03-08 16:44:06.741222692 -0700
+++ /tmp/foob	2015-03-08 16:44:06.741222692 -0700
@@ -1,6 +1,6 @@
 Booting Linux on physical CPU 0x0
 Initializing cgroup subsys cpu
-Linux version 4.0.0-rc2+ (pwalmsley@kaivo) (gcc version 4.9.2 20140904 (prerelease) (crosstool-NG linaro-1.13.1-4.9-2014.09 - Linaro GCC 4.9-2014.09) ) #1 SMP PREEMPT Wed Mar 4 01:23:37 PST 2015
+Linux version 4.0.0-rc3+ (pwalmsley@kaivo) (gcc version 4.9.2 20140904 (prerelease) (crosstool-NG linaro-1.13.1-4.9-2014.09 - Linaro GCC 4.9-2014.09) ) #1 SMP PREEMPT Sun Mar 8 16:36:31 PDT 2015
 CPU: AArch64 Processor [411fd070] revision 0
 Detected PIPT I-cache on CPU0
 Memory limited to 1024MB
@@ -83,7 +83,7 @@
 kvm [1]: HYP mode not available
 futex hash table entries: 256 (order: 2, 16384 bytes)
 audit: initializing netlink subsys (disabled)
-audit: type=2000 audit(0.590:1): initialized
+audit: type=2000 audit(0.640:1): initialized
 HugeTLB registered 2 MB page size, pre-allocated 0 pages
 VFS: Disk quotas dquot_6.5.2
 VFS: Dquot-cache hash table entries: 512 (order 0, 4096 bytes)
Diff for ./tegra114-dalmore-a04/tegra114-dalmore/multi_v7_defconfig_log.txt
--- /tmp/fooa	2015-03-08 16:44:06.773222686 -0700
+++ /tmp/foob	2015-03-08 16:44:06.777222685 -0700
@@ -37,10 +37,10 @@
 	 #################################################################
 	 #################################################################
 	 #################################################################
-	 ########################
-	 3.5 MiB/s
+	 #########################
+	 3.3 MiB/s
 done
-Bytes transferred = 6076544 (5cb880 hex)
+Bytes transferred = 6080664 (5cc898 hex)
 Tegra114 (Dalmore) # tftpboot 0x82000000 tegra114-dalmore.dtb
 Using asx0 device
 TFTP from server 192.168.100.1; our IP address is 192.168.100.100
@@ -51,7 +51,7 @@
 done
 Bytes transferred = 34638 (874e hex)
 Tegra114 (Dalmore) # bootz 0x81000000 - 0x82000000
-Kernel image @ 0x81000000 [ 0x000000 - 0x5cb880 ]
+Kernel image @ 0x81000000 [ 0x000000 - 0x5cc898 ]
 ## Flattened Device Tree blob at 82000000
    Booting using the fdt blob at 0x82000000
    Loading Device Tree to 8fff4000, end 8ffff74d ... OK
@@ -59,7 +59,7 @@
 Starting kernel ...
 
 Booting Linux on physical CPU 0x0
-Linux version 4.0.0-rc2-23674-g13a7a6a (pwalmsley@tamien) (gcc version 4.7.3 20130328 (prerelease) (crosstool-NG linaro-1.13.1-4.7-2013.04-20130415 - Linaro GCC 2013.04) ) #1 SMP Wed Mar 4 01:22:22 PST 2015
+Linux version 4.0.0-rc3-24099-g9eccca0 (pwalmsley@tamien) (gcc version 4.7.3 20130328 (prerelease) (crosstool-NG linaro-1.13.1-4.7-2013.04-20130415 - Linaro GCC 2013.04) ) #1 SMP Sun Mar 8 16:35:33 PDT 2015
 CPU: ARMv7 Processor [412fc0f2] revision 2 (ARMv7), cr=10c5387d
 CPU: PIPT / VIPT nonaliasing data cache, PIPT instruction cache
 Machine model: NVIDIA Tegra114 Dalmore evaluation board
@@ -80,7 +80,7 @@
 PID hash table entries: 4096 (order: 2, 16384 bytes)
 Dentry cache hash table entries: 131072 (order: 7, 524288 bytes)
 Inode-cache hash table entries: 65536 (order: 6, 262144 bytes)
-Memory: 1999648K/2096128K available (7826K kernel code, 1015K rwdata, 3412K rodata, 804K init, 314K bss, 30944K reserved, 65536K cma-reserved, 1252352K highmem)
+Memory: 1999648K/2096128K available (7830K kernel code, 1015K rwdata, 3412K rodata, 800K init, 314K bss, 30944K reserved, 65536K cma-reserved, 1252352K highmem)
 Virtual kernel memory layout:
     vector  : 0xffff0000 - 0xffff1000   (   4 kB)
     fixmap  : 0xffc00000 - 0xfff00000   (3072 kB)
@@ -88,10 +88,10 @@
     lowmem  : 0xc0000000 - 0xef800000   ( 760 MB)
     pkmap   : 0xbfe00000 - 0xc0000000   (   2 MB)
     modules : 0xbf000000 - 0xbfe00000   (  14 MB)
-      .text : 0xc0208000 - 0xc0d02a80   (11243 kB)
-      .init : 0xc0d03000 - 0xc0dcc000   ( 804 kB)
-      .data : 0xc0dcc000 - 0xc0ec9e60   (1016 kB)
-       .bss : 0xc0ec9e60 - 0xc0f18968   ( 315 kB)
+      .text : 0xc0208000 - 0xc0d03b28   (11247 kB)
+      .init : 0xc0d04000 - 0xc0dcc000   ( 800 kB)
+      .data : 0xc0dcc000 - 0xc0ec9e20   (1016 kB)
+       .bss : 0xc0ec9e20 - 0xc0f18968   ( 315 kB)
 SLUB: HWalign=64, Order=0-3, MinObjects=0, CPUs=4, Nodes=1
 Hierarchical RCU implementation.
 	Additional per-CPU info printed with stalls.
@@ -115,7 +115,7 @@
 /cpus/cpu@2 missing clock-frequency property
 /cpus/cpu@3 missing clock-frequency property
 CPU0: thread -1, cpu 0, socket 0, mpidr 80000000
-Setting up static identity map for 0x809668f8 - 0x80966990
+Setting up static identity map for 0x80967690 - 0x80967728
 Tegra Revision: A01 SKU: 0 CPU Process: 1 Core Process: 0
 CPU1: thread -1, cpu 1, socket 0, mpidr 80000001
 CPU2: thread -1, cpu 2, socket 0, mpidr 80000002
@@ -334,7 +334,7 @@
 hub 1-0:1.0: USB hub found
 hub 1-0:1.0: 1 port detected
 input: gpio-keys as /devices/soc0/gpio-keys/input/input1
-palmas-rtc 7000d000.i2c:tps65913@58:rtc: setting system clock to 2000-08-09 04:44:08 UTC (965796248)
+palmas-rtc 7000d000.i2c:tps65913@58:rtc: setting system clock to 2000-08-13 18:57:33 UTC (966193053)
 vdd_cam_1v8_reg: disabling
 usb1_vbus: disabling
 dvdd_ts: disabling
@@ -345,7 +345,7 @@
 EXT4-fs (mmcblk0p1): mounted filesystem with ordered data mode. Opts: (null)
 VFS: Mounted root (ext3 filesystem) on device 179:1.
 devtmpfs: mounted
-Freeing unused kernel memory: 804K (c0d03000 - c0dcc000)
+Freeing unused kernel memory: 800K (c0d04000 - c0dcc000)
 bash: cannot set terminal process group (-1): Inappropriate ioctl for device
 bash: no job control in this shell
-root@(none):/# [    2.768805] usb 1-1: new high-speed USB device number 2 using tegra-ehci
+root@(none):/# [    2.778744] usb 1-1: new high-speed USB device number 2 using tegra-ehci
Diff for ./tegra114-dalmore-a04/tegra114-dalmore/tegra_defconfig_log.txt
--- /tmp/fooa	2015-03-08 16:44:06.789222682 -0700
+++ /tmp/foob	2015-03-08 16:44:06.793222683 -0700
@@ -37,9 +37,9 @@
 	 #################################################################
 	 #################################################################
 	 ####
-	 3.3 MiB/s
+	 3.1 MiB/s
 done
-Bytes transferred = 4825296 (49a0d0 hex)
+Bytes transferred = 4827192 (49a838 hex)
 Tegra114 (Dalmore) # tftpboot 0x82000000 tegra114-dalmore.dtb
 Using asx0 device
 TFTP from server 192.168.100.1; our IP address is 192.168.100.100
@@ -50,7 +50,7 @@
 done
 Bytes transferred = 34638 (874e hex)
 Tegra114 (Dalmore) # bootz 0x81000000 - 0x82000000
-Kernel image @ 0x81000000 [ 0x000000 - 0x49a0d0 ]
+Kernel image @ 0x81000000 [ 0x000000 - 0x49a838 ]
 ## Flattened Device Tree blob at 82000000
    Booting using the fdt blob at 0x82000000
    Loading Device Tree to 8fff4000, end 8ffff74d ... OK
@@ -61,7 +61,7 @@
 Booting Linux on physical CPU 0x0
 Initializing cgroup subsys cpu
 Initializing cgroup subsys cpuacct
-Linux version 4.0.0-rc2-128890-g13a7a6a (pwalmsley@kaivo) (gcc version 4.7.3 20130328 (prerelease) (crosstool-NG linaro-1.13.1-4.7-2013.04-20130415 - Linaro GCC 2013.04) ) #1 SMP PREEMPT Wed Mar 4 01:21:17 PST 2015
+Linux version 4.0.0-rc3-129315-g9eccca0 (pwalmsley@kaivo) (gcc version 4.7.3 20130328 (prerelease) (crosstool-NG linaro-1.13.1-4.7-2013.04-20130415 - Linaro GCC 2013.04) ) #1 SMP PREEMPT Sun Mar 8 16:34:06 PDT 2015
 CPU: ARMv7 Processor [412fc0f2] revision 2 (ARMv7), cr=10c5387d
 CPU: PIPT / VIPT nonaliasing data cache, PIPT instruction cache
 Machine model: NVIDIA Tegra114 Dalmore evaluation board
@@ -69,7 +69,7 @@
 cma: Reserved 64 MiB at 0xfbc00000
 Memory policy: Data cache writealloc
 On node 0 totalpages: 524032
-free_area_init_node: node 0, pgdat c0943c80, node_mem_map ee7f7000
+free_area_init_node: node 0, pgdat c0943c40, node_mem_map ee7f7000
   Normal zone: 1520 pages used for memmap
   Normal zone: 0 pages reserved
   Normal zone: 194560 pages, LIFO batch:31
@@ -82,7 +82,7 @@
 PID hash table entries: 4096 (order: 2, 16384 bytes)
 Dentry cache hash table entries: 131072 (order: 7, 524288 bytes)
 Inode-cache hash table entries: 65536 (order: 6, 262144 bytes)
-Memory: 2003204K/2096128K available (6609K kernel code, 317K rwdata, 2228K rodata, 304K init, 351K bss, 27388K reserved, 65536K cma-reserved, 1252352K highmem)
+Memory: 2003204K/2096128K available (6614K kernel code, 317K rwdata, 2228K rodata, 300K init, 351K bss, 27388K reserved, 65536K cma-reserved, 1252352K highmem)
 Virtual kernel memory layout:
     vector  : 0xffff0000 - 0xffff1000   (   4 kB)
     fixmap  : 0xffc00000 - 0xfff00000   (3072 kB)
@@ -90,10 +90,10 @@
     lowmem  : 0xc0000000 - 0xef800000   ( 760 MB)
     pkmap   : 0xbfe00000 - 0xc0000000   (   2 MB)
     modules : 0xbf000000 - 0xbfe00000   (  14 MB)
-      .text : 0xc0008000 - 0xc08a9c00   (8839 kB)
-      .init : 0xc08aa000 - 0xc08f6000   ( 304 kB)
-      .data : 0xc08f6000 - 0xc09457a0   ( 318 kB)
-       .bss : 0xc09457a0 - 0xc099d3b0   ( 352 kB)
+      .text : 0xc0008000 - 0xc08aac70   (8844 kB)
+      .init : 0xc08ab000 - 0xc08f6000   ( 300 kB)
+      .data : 0xc08f6000 - 0xc0945720   ( 318 kB)
+       .bss : 0xc0945720 - 0xc099d370   ( 352 kB)
 Preemptible hierarchical RCU implementation.
 	Additional per-CPU info printed with stalls.
 NR_IRQS:16 nr_irqs:16 16
@@ -116,7 +116,7 @@
 /cpus/cpu@2 missing clock-frequency property
 /cpus/cpu@3 missing clock-frequency property
 CPU0: thread -1, cpu 0, socket 0, mpidr 80000000
-Setting up static identity map for 0x806437f0 - 0x80643888
+Setting up static identity map for 0x806441b8 - 0x80644250
 Tegra Revision: A01 SKU: 0 CPU Process: 1 Core Process: 0
 CPU1: thread -1, cpu 1, socket 0, mpidr 80000001
 CPU2: thread -1, cpu 2, socket 0, mpidr 80000002
@@ -325,7 +325,7 @@
 hub 1-0:1.0: USB hub found
 hub 1-0:1.0: 1 port detected
 input: gpio-keys as /devices/soc0/gpio-keys/input/input1
-palmas-rtc 7000d000.i2c:tps65913@58:rtc: setting system clock to 2000-08-09 04:43:22 UTC (965796202)
+palmas-rtc 7000d000.i2c:tps65913@58:rtc: setting system clock to 2000-08-13 18:56:37 UTC (966192997)
 vdd_cam_1v8_reg: disabling
 usb1_vbus: disabling
 dvdd_ts: disabling
@@ -337,7 +337,7 @@
 EXT3-fs (mmcblk0p1): mounted filesystem with writeback data mode
 VFS: Mounted root (ext3 filesystem) on device 179:1.
 devtmpfs: mounted
-Freeing unused kernel memory: 304K (c08aa000 - c08f6000)
+Freeing unused kernel memory: 300K (c08ab000 - c08f6000)
 bash: cannot set terminal process group (-1): Inappropriate ioctl for device
 bash: no job control in this shell
-root@(none):/# [    2.939572] usb 1-1: new high-speed USB device number 2 using tegra-ehci
+root@(none):/# [    2.939769] usb 1-1: new high-speed USB device number 2 using tegra-ehci
Diff for ./tegra124-jetson-tk1/tegra124-jetson-tk1/multi_v7_defconfig_log.txt
--- /tmp/fooa	2015-03-08 16:44:06.797222682 -0700
+++ /tmp/foob	2015-03-08 16:44:06.801222681 -0700
@@ -39,21 +39,21 @@
 	 #################################################################
 	 #################################################################
 	 #################################################################
-	 ########################
+	 #########################
 	 3.3 MiB/s
 done
-Bytes transferred = 6076544 (5cb880 hex)
+Bytes transferred = 6080664 (5cc898 hex)
 Tegra124 (Jetson TK1) # tftpboot 0x82000000 tegra124-jetson-tk1.dtb
 Using asx0 device
 TFTP from server 192.168.100.1; our IP address is 192.168.100.102
 Filename 'tegra124-jetson-tk1.dtb'.
 Load address: 0x82000000
 Loading: *####
-	 2.9 MiB/s
+	 3.1 MiB/s
 done
 Bytes transferred = 49059 (bfa3 hex)
 Tegra124 (Jetson TK1) # bootz 0x81000000 - 0x82000000
-Kernel image @ 0x81000000 [ 0x000000 - 0x5cb880 ]
+Kernel image @ 0x81000000 [ 0x000000 - 0x5cc898 ]
 ## Flattened Device Tree blob at 82000000
    Booting using the fdt blob at 0x82000000
    Using Device Tree in place at 82000000, end 8200efa2
@@ -61,7 +61,7 @@
 Starting kernel ...
 
 Booting Linux on physical CPU 0x0
-Linux version 4.0.0-rc2-23674-g13a7a6a (pwalmsley@tamien) (gcc version 4.7.3 20130328 (prerelease) (crosstool-NG linaro-1.13.1-4.7-2013.04-20130415 - Linaro GCC 2013.04) ) #1 SMP Wed Mar 4 01:22:22 PST 2015
+Linux version 4.0.0-rc3-24099-g9eccca0 (pwalmsley@tamien) (gcc version 4.7.3 20130328 (prerelease) (crosstool-NG linaro-1.13.1-4.7-2013.04-20130415 - Linaro GCC 2013.04) ) #1 SMP Sun Mar 8 16:35:33 PDT 2015
 CPU: ARMv7 Processor [413fc0f3] revision 3 (ARMv7), cr=10c5387d
 CPU: PIPT / VIPT nonaliasing data cache, PIPT instruction cache
 Machine model: NVIDIA Tegra124 Jetson TK1
@@ -82,7 +82,7 @@
 PID hash table entries: 4096 (order: 2, 16384 bytes)
 Dentry cache hash table entries: 131072 (order: 7, 524288 bytes)
 Inode-cache hash table entries: 65536 (order: 6, 262144 bytes)
-Memory: 1999580K/2096128K available (7826K kernel code, 1015K rwdata, 3412K rodata, 804K init, 314K bss, 31012K reserved, 65536K cma-reserved, 1252352K highmem)
+Memory: 1999580K/2096128K available (7830K kernel code, 1015K rwdata, 3412K rodata, 800K init, 314K bss, 31012K reserved, 65536K cma-reserved, 1252352K highmem)
 Virtual kernel memory layout:
     vector  : 0xffff0000 - 0xffff1000   (   4 kB)
     fixmap  : 0xffc00000 - 0xfff00000   (3072 kB)
@@ -90,10 +90,10 @@
     lowmem  : 0xc0000000 - 0xef800000   ( 760 MB)
     pkmap   : 0xbfe00000 - 0xc0000000   (   2 MB)
     modules : 0xbf000000 - 0xbfe00000   (  14 MB)
-      .text : 0xc0208000 - 0xc0d02a80   (11243 kB)
-      .init : 0xc0d03000 - 0xc0dcc000   ( 804 kB)
-      .data : 0xc0dcc000 - 0xc0ec9e60   (1016 kB)
-       .bss : 0xc0ec9e60 - 0xc0f18968   ( 315 kB)
+      .text : 0xc0208000 - 0xc0d03b28   (11247 kB)
+      .init : 0xc0d04000 - 0xc0dcc000   ( 800 kB)
+      .data : 0xc0dcc000 - 0xc0ec9e20   (1016 kB)
+       .bss : 0xc0ec9e20 - 0xc0f18968   ( 315 kB)
 SLUB: HWalign=64, Order=0-3, MinObjects=0, CPUs=4, Nodes=1
 Hierarchical RCU implementation.
 	Additional per-CPU info printed with stalls.
@@ -117,7 +117,7 @@
 /cpus/cpu@2 missing clock-frequency property
 /cpus/cpu@3 missing clock-frequency property
 CPU0: thread -1, cpu 0, socket 0, mpidr 80000000
-Setting up static identity map for 0x809668f8 - 0x80966990
+Setting up static identity map for 0x80967690 - 0x80967728
 Tegra Revision: A01 SKU: 129 CPU Process: 1 Core Process: 1
 CPU1: thread -1, cpu 1, socket 0, mpidr 80000001
 CPU2: thread -1, cpu 2, socket 0, mpidr 80000002
@@ -399,7 +399,7 @@
 hub 2-0:1.0: USB hub found
 hub 2-0:1.0: 1 port detected
 input: gpio-keys as /devices/soc0/gpio-keys/input/input1
-as3722-rtc as3722-rtc: setting system clock to 2000-02-01 00:00:18 UTC (949363218)
+as3722-rtc as3722-rtc: setting system clock to 2000-02-01 00:00:17 UTC (949363217)
 +1.8V_RUN_VPP_FUSE: disabling
 +2.8V_RUN_CAM_AF: disabling
 +3.3V_RUN_TOUCH: disabling
@@ -416,7 +416,7 @@
 EXT4-fs (mmcblk0p1): mounted filesystem with ordered data mode. Opts: (null)
 VFS: Mounted root (ext4 filesystem) on device 179:1.
 devtmpfs: mounted
-Freeing unused kernel memory: 804K (c0d03000 - c0dcc000)
+Freeing unused kernel memory: 800K (c0d04000 - c0dcc000)
 bash: cannot set terminal process group (-1): Inappropriate ioctl for device
 bash: no job control in this shell
-root@(none):/# [    5.720801] usb 2-1: new high-speed USB device number 2 using tegra-ehci
+root@(none):/# [    5.735444] usb 2-1: new high-speed USB device number 2 using tegra-ehci
Diff for ./tegra124-jetson-tk1/tegra124-jetson-tk1/tegra_defconfig_log.txt
--- /tmp/fooa	2015-03-08 16:44:06.805222680 -0700
+++ /tmp/foob	2015-03-08 16:44:06.809222679 -0700
@@ -39,20 +39,20 @@
 	 #################################################################
 	 #################################################################
 	 ####
-	 3.3 MiB/s
+	 3.2 MiB/s
 done
-Bytes transferred = 4825296 (49a0d0 hex)
+Bytes transferred = 4827192 (49a838 hex)
 Tegra124 (Jetson TK1) # tftpboot 0x82000000 tegra124-jetson-tk1.dtb
 Using asx0 device
 TFTP from server 192.168.100.1; our IP address is 192.168.100.102
 Filename 'tegra124-jetson-tk1.dtb'.
 Load address: 0x82000000
 Loading: *####
-	 3.1 MiB/s
+	 2.9 MiB/s
 done
 Bytes transferred = 49059 (bfa3 hex)
 Tegra124 (Jetson TK1) # bootz 0x81000000 - 0x82000000
-Kernel image @ 0x81000000 [ 0x000000 - 0x49a0d0 ]
+Kernel image @ 0x81000000 [ 0x000000 - 0x49a838 ]
 ## Flattened Device Tree blob at 82000000
    Booting using the fdt blob at 0x82000000
    Using Device Tree in place at 82000000, end 8200efa2
@@ -63,7 +63,7 @@
 Booting Linux on physical CPU 0x0
 Initializing cgroup subsys cpu
 Initializing cgroup subsys cpuacct
-Linux version 4.0.0-rc2-128890-g13a7a6a (pwalmsley@kaivo) (gcc version 4.7.3 20130328 (prerelease) (crosstool-NG linaro-1.13.1-4.7-2013.04-20130415 - Linaro GCC 2013.04) ) #1 SMP PREEMPT Wed Mar 4 01:21:17 PST 2015
+Linux version 4.0.0-rc3-129315-g9eccca0 (pwalmsley@kaivo) (gcc version 4.7.3 20130328 (prerelease) (crosstool-NG linaro-1.13.1-4.7-2013.04-20130415 - Linaro GCC 2013.04) ) #1 SMP PREEMPT Sun Mar 8 16:34:06 PDT 2015
 CPU: ARMv7 Processor [413fc0f3] revision 3 (ARMv7), cr=10c5387d
 CPU: PIPT / VIPT nonaliasing data cache, PIPT instruction cache
 Machine model: NVIDIA Tegra124 Jetson TK1
@@ -71,7 +71,7 @@
 cma: Reserved 64 MiB at 0xfbc00000
 Memory policy: Data cache writealloc
 On node 0 totalpages: 524032
-free_area_init_node: node 0, pgdat c0943c80, node_mem_map ee7f7000
+free_area_init_node: node 0, pgdat c0943c40, node_mem_map ee7f7000
   Normal zone: 1520 pages used for memmap
   Normal zone: 0 pages reserved
   Normal zone: 194560 pages, LIFO batch:31
@@ -84,7 +84,7 @@
 PID hash table entries: 4096 (order: 2, 16384 bytes)
 Dentry cache hash table entries: 131072 (order: 7, 524288 bytes)
 Inode-cache hash table entries: 65536 (order: 6, 262144 bytes)
-Memory: 2003136K/2096128K available (6609K kernel code, 317K rwdata, 2228K rodata, 304K init, 351K bss, 27456K reserved, 65536K cma-reserved, 1252352K highmem)
+Memory: 2003136K/2096128K available (6614K kernel code, 317K rwdata, 2228K rodata, 300K init, 351K bss, 27456K reserved, 65536K cma-reserved, 1252352K highmem)
 Virtual kernel memory layout:
     vector  : 0xffff0000 - 0xffff1000   (   4 kB)
     fixmap  : 0xffc00000 - 0xfff00000   (3072 kB)
@@ -92,10 +92,10 @@
     lowmem  : 0xc0000000 - 0xef800000   ( 760 MB)
     pkmap   : 0xbfe00000 - 0xc0000000   (   2 MB)
     modules : 0xbf000000 - 0xbfe00000   (  14 MB)
-      .text : 0xc0008000 - 0xc08a9c00   (8839 kB)
-      .init : 0xc08aa000 - 0xc08f6000   ( 304 kB)
-      .data : 0xc08f6000 - 0xc09457a0   ( 318 kB)
-       .bss : 0xc09457a0 - 0xc099d3b0   ( 352 kB)
+      .text : 0xc0008000 - 0xc08aac70   (8844 kB)
+      .init : 0xc08ab000 - 0xc08f6000   ( 300 kB)
+      .data : 0xc08f6000 - 0xc0945720   ( 318 kB)
+       .bss : 0xc0945720 - 0xc099d370   ( 352 kB)
 Preemptible hierarchical RCU implementation.
 	Additional per-CPU info printed with stalls.
 NR_IRQS:16 nr_irqs:16 16
@@ -118,7 +118,7 @@
 /cpus/cpu@2 missing clock-frequency property
 /cpus/cpu@3 missing clock-frequency property
 CPU0: thread -1, cpu 0, socket 0, mpidr 80000000
-Setting up static identity map for 0x806437f0 - 0x80643888
+Setting up static identity map for 0x806441b8 - 0x80644250
 Tegra Revision: A01 SKU: 129 CPU Process: 1 Core Process: 1
 CPU1: thread -1, cpu 1, socket 0, mpidr 80000001
 CPU2: thread -1, cpu 2, socket 0, mpidr 80000002
@@ -390,7 +390,7 @@
 hub 2-0:1.0: USB hub found
 hub 2-0:1.0: 1 port detected
 input: gpio-keys as /devices/soc0/gpio-keys/input/input1
-as3722-rtc as3722-rtc: setting system clock to 2000-02-01 00:00:17 UTC (949363217)
+as3722-rtc as3722-rtc: setting system clock to 2000-02-01 00:00:18 UTC (949363218)
 +1.8V_RUN_VPP_FUSE: disabling
 +2.8V_RUN_CAM_AF: disabling
 +3.3V_RUN_TOUCH: disabling
@@ -407,7 +407,8 @@
 EXT4-fs (mmcblk0p1): mounted filesystem with ordered data mode. Opts: (null)
 VFS: Mounted root (ext4 filesystem) on device 179:1.
 devtmpfs: mounted
-Freeing unused kernel memory: 304K (c08aa000 - c08f6000)
+Freeing unused kernel memory: 300K (c08ab000 - c08f6000)
 bash: cannot set terminal process group (-1): Inappropriate ioctl for device
 bash: no job control in this shell
-root@(none):/# [    5.832296] usb 2-1: new high-speed USB device number 2 using tegra-ehci
+usb 2-1: new high-speed USB device number 2 using tegra-ehci
+root@(none):/# 
\ No newline at end of file
Diff for ./tegra30-beaver/tegra30-beaver/multi_v7_defconfig_log.txt
--- /tmp/fooa	2015-03-08 16:44:06.817222678 -0700
+++ /tmp/foob	2015-03-08 16:44:06.817222678 -0700
@@ -37,21 +37,21 @@
 	 #################################################################
 	 #################################################################
 	 #################################################################
-	 ########################
+	 #########################
 	 3.2 MiB/s
 done
-Bytes transferred = 6076544 (5cb880 hex)
+Bytes transferred = 6080664 (5cc898 hex)
 Tegra30 (Beaver) # tftpboot 0x82000000 tegra30-beaver.dtb
 Using asx0 device
 TFTP from server 192.168.100.1; our IP address is 192.168.100.101
 Filename 'tegra30-beaver.dtb'.
 Load address: 0x82000000
 Loading: *##
-	 2.6 MiB/s
+	 2.9 MiB/s
 done
 Bytes transferred = 24641 (6041 hex)
 Tegra30 (Beaver) # bootz 0x81000000 - 0x82000000
-Kernel image @ 0x81000000 [ 0x000000 - 0x5cb880 ]
+Kernel image @ 0x81000000 [ 0x000000 - 0x5cc898 ]
 ## Flattened Device Tree blob at 82000000
    Booting using the fdt blob at 0x82000000
    Loading Device Tree to 8fff6000, end 8ffff040 ... OK
@@ -59,7 +59,7 @@
 Starting kernel ...
 
 Booting Linux on physical CPU 0x0
-Linux version 4.0.0-rc2-23674-g13a7a6a (pwalmsley@tamien) (gcc version 4.7.3 20130328 (prerelease) (crosstool-NG linaro-1.13.1-4.7-2013.04-20130415 - Linaro GCC 2013.04) ) #1 SMP Wed Mar 4 01:22:22 PST 2015
+Linux version 4.0.0-rc3-24099-g9eccca0 (pwalmsley@tamien) (gcc version 4.7.3 20130328 (prerelease) (crosstool-NG linaro-1.13.1-4.7-2013.04-20130415 - Linaro GCC 2013.04) ) #1 SMP Sun Mar 8 16:35:33 PDT 2015
 CPU: ARMv7 Processor [412fc099] revision 9 (ARMv7), cr=10c5387d
 CPU: PIPT / VIPT nonaliasing data cache, VIPT aliasing instruction cache
 Machine model: NVIDIA Tegra30 Beaver evaluation board
@@ -80,7 +80,7 @@
 PID hash table entries: 4096 (order: 2, 16384 bytes)
 Dentry cache hash table entries: 131072 (order: 7, 524288 bytes)
 Inode-cache hash table entries: 65536 (order: 6, 262144 bytes)
-Memory: 1999696K/2096128K available (7826K kernel code, 1015K rwdata, 3412K rodata, 804K init, 314K bss, 30896K reserved, 65536K cma-reserved, 1252352K highmem)
+Memory: 1999696K/2096128K available (7830K kernel code, 1015K rwdata, 3412K rodata, 800K init, 314K bss, 30896K reserved, 65536K cma-reserved, 1252352K highmem)
 Virtual kernel memory layout:
     vector  : 0xffff0000 - 0xffff1000   (   4 kB)
     fixmap  : 0xffc00000 - 0xfff00000   (3072 kB)
@@ -88,10 +88,10 @@
     lowmem  : 0xc0000000 - 0xef800000   ( 760 MB)
     pkmap   : 0xbfe00000 - 0xc0000000   (   2 MB)
     modules : 0xbf000000 - 0xbfe00000   (  14 MB)
-      .text : 0xc0208000 - 0xc0d02a80   (11243 kB)
-      .init : 0xc0d03000 - 0xc0dcc000   ( 804 kB)
-      .data : 0xc0dcc000 - 0xc0ec9e60   (1016 kB)
-       .bss : 0xc0ec9e60 - 0xc0f18968   ( 315 kB)
+      .text : 0xc0208000 - 0xc0d03b28   (11247 kB)
+      .init : 0xc0d04000 - 0xc0dcc000   ( 800 kB)
+      .data : 0xc0dcc000 - 0xc0ec9e20   (1016 kB)
+       .bss : 0xc0ec9e20 - 0xc0f18968   ( 315 kB)
 SLUB: HWalign=64, Order=0-3, MinObjects=0, CPUs=4, Nodes=1
 Hierarchical RCU implementation.
 	Additional per-CPU info printed with stalls.
@@ -116,7 +116,7 @@
 Mountpoint-cache hash table entries: 2048 (order: 1, 8192 bytes)
 CPU: Testing write buffer coherency: ok
 CPU0: thread -1, cpu 0, socket 0, mpidr 80000000
-Setting up static identity map for 0x809668f8 - 0x80966990
+Setting up static identity map for 0x80967690 - 0x80967728
 Tegra Revision: A03 SKU: 128 CPU Process: 4 Core Process: 0
 CPU1: thread -1, cpu 1, socket 0, mpidr 80000001
 CPU2: thread -1, cpu 2, socket 0, mpidr 80000002
@@ -384,7 +384,7 @@
 EXT4-fs (mmcblk0p1): mounted filesystem with ordered data mode. Opts: (null)
 VFS: Mounted root (ext3 filesystem) on device 179:1.
 devtmpfs: mounted
-Freeing unused kernel memory: 804K (c0d03000 - c0dcc000)
+Freeing unused kernel memory: 800K (c0d04000 - c0dcc000)
 bash: cannot set terminal process group (-1): Inappropriate ioctl for device
 bash: no job control in this shell
-root@(none):/# [    4.228456] usb 2-1: new high-speed USB device number 2 using tegra-ehci
+root@(none):/# [    4.203430] usb 2-1: new high-speed USB device number 2 using tegra-ehci
Diff for ./tegra30-beaver/tegra30-beaver/tegra_defconfig_log.txt
--- /tmp/fooa	2015-03-08 16:44:06.825222676 -0700
+++ /tmp/foob	2015-03-08 16:44:06.825222676 -0700
@@ -39,18 +39,18 @@
 	 ####
 	 3.4 MiB/s
 done
-Bytes transferred = 4825296 (49a0d0 hex)
+Bytes transferred = 4827192 (49a838 hex)
 Tegra30 (Beaver) # tftpboot 0x82000000 tegra30-beaver.dtb
 Using asx0 device
 TFTP from server 192.168.100.1; our IP address is 192.168.100.101
 Filename 'tegra30-beaver.dtb'.
 Load address: 0x82000000
 Loading: *##
-	 2.6 MiB/s
+	 2.9 MiB/s
 done
 Bytes transferred = 24641 (6041 hex)
 Tegra30 (Beaver) # bootz 0x81000000 - 0x82000000
-Kernel image @ 0x81000000 [ 0x000000 - 0x49a0d0 ]
+Kernel image @ 0x81000000 [ 0x000000 - 0x49a838 ]
 ## Flattened Device Tree blob at 82000000
    Booting using the fdt blob at 0x82000000
    Loading Device Tree to 8fff6000, end 8ffff040 ... OK
@@ -61,7 +61,7 @@
 Booting Linux on physical CPU 0x0
 Initializing cgroup subsys cpu
 Initializing cgroup subsys cpuacct
-Linux version 4.0.0-rc2-128890-g13a7a6a (pwalmsley@kaivo) (gcc version 4.7.3 20130328 (prerelease) (crosstool-NG linaro-1.13.1-4.7-2013.04-20130415 - Linaro GCC 2013.04) ) #1 SMP PREEMPT Wed Mar 4 01:21:17 PST 2015
+Linux version 4.0.0-rc3-129315-g9eccca0 (pwalmsley@kaivo) (gcc version 4.7.3 20130328 (prerelease) (crosstool-NG linaro-1.13.1-4.7-2013.04-20130415 - Linaro GCC 2013.04) ) #1 SMP PREEMPT Sun Mar 8 16:34:06 PDT 2015
 CPU: ARMv7 Processor [412fc099] revision 9 (ARMv7), cr=10c5387d
 CPU: PIPT / VIPT nonaliasing data cache, VIPT aliasing instruction cache
 Machine model: NVIDIA Tegra30 Beaver evaluation board
@@ -69,7 +69,7 @@
 cma: Reserved 64 MiB at 0xfbc00000
 Memory policy: Data cache writealloc
 On node 0 totalpages: 524032
-free_area_init_node: node 0, pgdat c0943c80, node_mem_map ee7f7000
+free_area_init_node: node 0, pgdat c0943c40, node_mem_map ee7f7000
   Normal zone: 1520 pages used for memmap
   Normal zone: 0 pages reserved
   Normal zone: 194560 pages, LIFO batch:31
@@ -82,7 +82,7 @@
 PID hash table entries: 4096 (order: 2, 16384 bytes)
 Dentry cache hash table entries: 131072 (order: 7, 524288 bytes)
 Inode-cache hash table entries: 65536 (order: 6, 262144 bytes)
-Memory: 2003252K/2096128K available (6609K kernel code, 317K rwdata, 2228K rodata, 304K init, 351K bss, 27340K reserved, 65536K cma-reserved, 1252352K highmem)
+Memory: 2003252K/2096128K available (6614K kernel code, 317K rwdata, 2228K rodata, 300K init, 351K bss, 27340K reserved, 65536K cma-reserved, 1252352K highmem)
 Virtual kernel memory layout:
     vector  : 0xffff0000 - 0xffff1000   (   4 kB)
     fixmap  : 0xffc00000 - 0xfff00000   (3072 kB)
@@ -90,10 +90,10 @@
     lowmem  : 0xc0000000 - 0xef800000   ( 760 MB)
     pkmap   : 0xbfe00000 - 0xc0000000   (   2 MB)
     modules : 0xbf000000 - 0xbfe00000   (  14 MB)
-      .text : 0xc0008000 - 0xc08a9c00   (8839 kB)
-      .init : 0xc08aa000 - 0xc08f6000   ( 304 kB)
-      .data : 0xc08f6000 - 0xc09457a0   ( 318 kB)
-       .bss : 0xc09457a0 - 0xc099d3b0   ( 352 kB)
+      .text : 0xc0008000 - 0xc08aac70   (8844 kB)
+      .init : 0xc08ab000 - 0xc08f6000   ( 300 kB)
+      .data : 0xc08f6000 - 0xc0945720   ( 318 kB)
+       .bss : 0xc0945720 - 0xc099d370   ( 352 kB)
 Preemptible hierarchical RCU implementation.
 	Additional per-CPU info printed with stalls.
 NR_IRQS:16 nr_irqs:16 16
@@ -117,7 +117,7 @@
 Initializing cgroup subsys debug
 CPU: Testing write buffer coherency: ok
 CPU0: thread -1, cpu 0, socket 0, mpidr 80000000
-Setting up static identity map for 0x806437f0 - 0x80643888
+Setting up static identity map for 0x806441b8 - 0x80644250
 Tegra Revision: A03 SKU: 128 CPU Process: 4 Core Process: 0
 CPU1: thread -1, cpu 1, socket 0, mpidr 80000001
 CPU2: thread -1, cpu 2, socket 0, mpidr 80000002
@@ -376,7 +376,7 @@
 EXT3-fs (mmcblk0p1): mounted filesystem with writeback data mode
 VFS: Mounted root (ext3 filesystem) on device 179:1.
 devtmpfs: mounted
-Freeing unused kernel memory: 304K (c08aa000 - c08f6000)
+Freeing unused kernel memory: 300K (c08ab000 - c08f6000)
 bash: cannot set terminal process group (-1): Inappropriate ioctl for device
 bash: no job control in this shell
-root@(none):/# [    4.476362] usb 2-1: new high-speed USB device number 2 using tegra-ehci
+root@(none):/# [    4.476417] usb 2-1: new high-speed USB device number 2 using tegra-ehci
