
U-Boot SPL 2014.01-00219-gc4d376f (Feb 18 2014 - 19:57:18)


U-Boot 2014.01-00219-gc4d376f (Feb 18 2014 - 19:57:18)

TEGRA30
Board: NVIDIA Beaver
I2C:   ready
DRAM:  2 GiB
MMC:   Tegra SD/MMC: 0, Tegra SD/MMC: 1
In:    serial
Out:   serial
Err:   serial
Net:   Net Initialization Skipped
No ethernet found.
Hit any key to stop autoboot:  2  0 
Tegra30 (Beaver) # 
Tegra30 (Beaver) # usb reset
(Re)start USB...
USB0:   USB EHCI 1.00
scanning bus 0 for devices... 2 USB Device(s) found
       scanning usb for storage devices... 0 Storage Device(s) found
       scanning usb for ethernet devices... 
Warning: asx0 using MAC address from net device
1 Ethernet Device(s) found
Tegra30 (Beaver) # setenv bootargs 'ignore_loglevel console=ttyS0,115200n8 rw root=PARTUUID=edbe1840-3633-c751-7993-b0ac834f81e0 rootwait gpt debug noinitrd earlyprintk init=/bin/bash'
Tegra30 (Beaver) # setenv ipaddr 192.168.100.101; setenv serverip 192.168.100.1; setenv tftpserverip 192.168.100.1
Tegra30 (Beaver) # tftpboot 0x81000000 zImage.tegra_defconfig
Using asx0 device
TFTP from server 192.168.100.1; our IP address is 192.168.100.101
Filename 'zImage.tegra_defconfig'.
Load address: 0x81000000
Loading: *#################################################################
	 #################################################################
	 #################################################################
	 #################################################################
	 #################################################################
	 #################################################################
	 ##################################
	 2.9 MiB/s
done
Bytes transferred = 6216816 (5edc70 hex)
Tegra30 (Beaver) # tftpboot 0x82000000 tegra30-beaver.dtb
Using asx0 device
TFTP from server 192.168.100.1; our IP address is 192.168.100.101
Filename 'tegra30-beaver.dtb'.
Load address: 0x82000000
Loading: *####
	 3.3 MiB/s
done
Bytes transferred = 51470 (c90e hex)
Tegra30 (Beaver) # bootz 0x81000000 - 0x82000000
Kernel image @ 0x81000000 [ 0x000000 - 0x5edc70 ]
## Flattened Device Tree blob at 82000000
   Booting using the fdt blob at 0x82000000
   Loading Device Tree to 8fff0000, end 8ffff90d ... OK

Starting kernel ...

[    0.000000] Booting Linux on physical CPU 0x0
[    0.000000] Linux version 4.16.0-rc1-28877-g7928b2c (jonathanh@kaivo) (gcc version 4.7.3 20130328 (prerelease) (crosstool-NG linaro-1.13.1-4.7-2013.04-20130415 - Linaro GCC 2013.04)) #1 SMP PREEMPT Sun Feb 11 15:34:51 PST 2018
[    0.000000] CPU: ARMv7 Processor [412fc099] revision 9 (ARMv7), cr=10c5387d
[    0.000000] CPU: PIPT / VIPT nonaliasing data cache, VIPT aliasing instruction cache
[    0.000000] OF: fdt: Machine model: NVIDIA Tegra30 Beaver evaluation board
[    0.000000] debug: ignoring loglevel setting.
[    0.000000] bootconsole [earlycon0] enabled
[    0.000000] Memory policy: Data cache writealloc
[    0.000000] cma: Reserved 64 MiB at 0xfbc00000
[    0.000000] On node 0 totalpages: 524032
[    0.000000]   Normal zone: 1536 pages used for memmap
[    0.000000]   Normal zone: 0 pages reserved
[    0.000000]   Normal zone: 196608 pages, LIFO batch:31
[    0.000000]   HighMem zone: 327424 pages, LIFO batch:31
[    0.000000] random: fast init done
[    0.000000] percpu: Embedded 17 pages/cpu @(ptrval) s39296 r8192 d22144 u69632
[    0.000000] pcpu-alloc: s39296 r8192 d22144 u69632 alloc=17*4096
[    0.000000] pcpu-alloc: [0] 0 [0] 1 [0] 2 [0] 3 
[    0.000000] Built 1 zonelists, mobility grouping on.  Total pages: 522496
[    0.000000] Kernel command line: ignore_loglevel console=ttyS0,115200n8 rw root=PARTUUID=edbe1840-3633-c751-7993-b0ac834f81e0 rootwait gpt debug noinitrd earlyprintk init=/bin/bash
[    0.000000] Dentry cache hash table entries: 131072 (order: 7, 524288 bytes)
[    0.000000] Inode-cache hash table entries: 65536 (order: 6, 262144 bytes)
[    0.000000] Memory: 1998524K/2096128K available (9216K kernel code, 783K rwdata, 2584K rodata, 1024K init, 298K bss, 32068K reserved, 65536K cma-reserved, 1244160K highmem)
[    0.000000] Virtual kernel memory layout:
[    0.000000]     vector  : 0xffff0000 - 0xffff1000   (   4 kB)
[    0.000000]     fixmap  : 0xffc00000 - 0xfff00000   (3072 kB)
[    0.000000]     vmalloc : 0xf0800000 - 0xff800000   ( 240 MB)
[    0.000000]     lowmem  : 0xc0000000 - 0xf0000000   ( 768 MB)
[    0.000000]     pkmap   : 0xbfe00000 - 0xc0000000   (   2 MB)
[    0.000000]     modules : 0xbf000000 - 0xbfe00000   (  14 MB)
[    0.000000]       .text : 0x(ptrval) - 0x(ptrval)   (10208 kB)
[    0.000000]       .init : 0x(ptrval) - 0x(ptrval)   (1024 kB)
[    0.000000]       .data : 0x(ptrval) - 0x(ptrval)   ( 784 kB)
[    0.000000]        .bss : 0x(ptrval) - 0x(ptrval)   ( 299 kB)
[    0.000000] Preemptible hierarchical RCU implementation.
[    0.000000] 	Tasks RCU enabled.
[    0.000000] NR_IRQS: 16, nr_irqs: 16, preallocated irqs: 16
[    0.000000] /interrupt-controller@60004000: 160 interrupts forwarded to /interrupt-controller@50041000
[    0.000000] L2C: platform modifies aux control register: 0x02080000 -> 0x3e480001
[    0.000000] L2C: DT/platform modifies aux control register: 0x02080000 -> 0x3e480001
[    0.000000] L2C-310 erratum 769419 enabled
[    0.000000] L2C-310 enabling early BRESP for Cortex-A9
[    0.000000] L2C-310: enabling full line of zeros but not enabled in Cortex-A9
[    0.000000] L2C-310 dynamic clock gating enabled, standby mode enabled
[    0.000000] L2C-310 cache controller enabled, 8 ways, 1024 kB
[    0.000000] L2C-310: CACHE_ID 0x410000c7, AUX_CTRL 0x4e480001
[    0.000013] sched_clock: 32 bits at 1000kHz, resolution 1000ns, wraps every 2147483647500ns
[    0.006451] clocksource: timer_us: mask: 0xffffffff max_cycles: 0xffffffff, max_idle_ns: 1911260446275 ns
[    0.015980] Switching to timer-based delay loop, resolution 1000ns
[    0.022991] Console: colour dummy device 80x30
[    0.026568] Calibrating delay loop (skipped), value calculated using timer frequency.. 2.00 BogoMIPS (lpj=10000)
[    0.036699] pid_max: default: 32768 minimum: 301
[    0.041644] Mount-cache hash table entries: 2048 (order: 1, 8192 bytes)
[    0.047874] Mountpoint-cache hash table entries: 2048 (order: 1, 8192 bytes)
[    0.055606] CPU: Testing write buffer coherency: ok
[    0.060113] CPU0: thread -1, cpu 0, socket 0, mpidr 80000000
[    0.100014] Setting up static identity map for 0x80100000 - 0x801000a0
[    0.104725] Hierarchical SRCU implementation.
[    0.120436] Tegra Revision: A03 SKU: 128 CPU Process: 4 SoC Process: 0
[    0.139971] smp: Bringing up secondary CPUs ...
[    0.200395] CPU1: thread -1, cpu 1, socket 0, mpidr 80000001
[    0.280384] CPU2: thread -1, cpu 2, socket 0, mpidr 80000002
[    0.360384] CPU3: thread -1, cpu 3, socket 0, mpidr 80000003
[    0.360446] smp: Brought up 1 node, 4 CPUs
[    0.379537] SMP: Total of 4 processors activated (8.00 BogoMIPS).
[    0.385602] CPU: All CPU(s) started in SVC mode.
[    0.391308] devtmpfs: initialized
[    0.404236] VFP support v0.3: implementor 41 architecture 3 part 30 variant 9 rev 4
[    0.410394] clocksource: jiffies: mask: 0xffffffff max_cycles: 0xffffffff, max_idle_ns: 19112604462750000 ns
[    0.419795] futex hash table entries: 1024 (order: 4, 65536 bytes)
[    0.429194] pinctrl core: initialized pinctrl subsystem
[    0.433765] NET: Registered protocol family 16
[    0.438998] DMA: preallocated 256 KiB pool for atomic coherent allocations
[    0.444972] cpuidle: using governor menu
[    0.461809] No ATAGs?
[    0.461930] hw-breakpoint: found 5 (+1 reserved) breakpoint and 1 watchpoint registers.
[    0.470283] hw-breakpoint: maximum watchpoint size is 4 bytes.
[    0.477599] tegra-mc 7000f000.memory-controller: no memory timings for RAM code 3 registered
[    0.484718] iommu: Adding device 54200000.dc to group 0
[    0.489713] iommu: Adding device 54240000.dc to group 0
[    0.508917] vdd_5v_sata: Failed to request enable GPIO30: -517
[    0.512864] reg-fixed-voltage regulators:regulator@3: Failed to register regulator: -517
[    0.520995] usb1_vbus: Failed to request enable GPIO238: -517
[    0.526615] reg-fixed-voltage regulators:regulator@4: Failed to register regulator: -517
[    0.534759] usb3_vbus: Failed to request enable GPIO236: -517
[    0.540408] reg-fixed-voltage regulators:regulator@5: Failed to register regulator: -517
[    0.548586] sys_3v3_pexs: Failed to request enable GPIO95: -517
[    0.554377] reg-fixed-voltage regulators:regulator@7: Failed to register regulator: -517
[    0.563612] vgaarb: loaded
[    0.565778] SCSI subsystem initialized
[    0.569043] libata version 3.00 loaded.
[    0.572950] usbcore: registered new interface driver usbfs
[    0.578148] usbcore: registered new interface driver hub
[    0.583469] usbcore: registered new device driver usb
[    0.596008] vrtc: supplied by vdd_5v_in
[    0.601299] vio: supplied by vdd_5v_in
[    0.611934] vdd1: supplied by vdd_5v_in
[    0.615232] vddio_ddr_1v2: Bringing 600000uV into 1200000-1200000uV
[    0.631917] vdd2: supplied by vdd_5v_in
[    0.651915] ldo1: supplied by vdd_1v5_gen
[    0.656457] ldo2: supplied by vdd_1v5_gen
[    0.659039] vdd_sata,avdd_plle: Bringing 1200000uV into 1050000-1050000uV
[    0.667606] ldo3: supplied by vdd_5v_in
[    0.671962] ldo4: supplied by vdd_5v_in
[    0.681934] ldo5: supplied by vdd_5v_in
[    0.691917] ldo6: supplied by vdd_1v8_gen
[    0.694511] avdd_dsi_csi,pwrdet_mipi: Bringing 1000000uV into 1200000-1200000uV
[    0.703580] ldo7: supplied by vdd_1v8_gen
[    0.711920] ldo8: supplied by vdd_1v8_gen
[    0.722277] Linux video capture interface: v2.00
[    0.725059] pps_core: LinuxPPS API ver. 1 registered
[    0.729916] pps_core: Software ver. 5.3.6 - Copyright 2005-2007 Rodolfo Giometti <giometti@linux.it>
[    0.739076] PTP clock support registered
[    0.743457] Advanced Linux Sound Architecture Driver Initialized.
[    0.749587] Bluetooth: Core ver 2.22
[    0.752602] NET: Registered protocol family 31
[    0.756956] Bluetooth: HCI device and connection manager initialized
[    0.763300] Bluetooth: HCI socket layer initialized
[    0.768140] Bluetooth: L2CAP socket layer initialized
[    0.773203] Bluetooth: SCO socket layer initialized
[    0.778601] clocksource: Switched to clocksource timer_us
[    0.849694] NET: Registered protocol family 2
[    0.853032] tcp_listen_portaddr_hash hash table entries: 512 (order: 0, 6144 bytes)
[    0.859861] TCP established hash table entries: 8192 (order: 3, 32768 bytes)
[    0.866842] TCP bind hash table entries: 8192 (order: 4, 65536 bytes)
[    0.873307] TCP: Hash tables configured (established 8192 bind 8192)
[    0.880170] UDP hash table entries: 512 (order: 2, 16384 bytes)
[    0.885486] UDP-Lite hash table entries: 512 (order: 2, 16384 bytes)
[    0.892112] NET: Registered protocol family 1
[    0.896854] RPC: Registered named UNIX socket transport module.
[    0.901994] RPC: Registered udp transport module.
[    0.906655] RPC: Registered tcp transport module.
[    0.911344] RPC: Registered tcp NFSv4.1 backchannel transport module.
[    0.918394] PCI: CLS 0 bytes, default 64
[    0.922895] hw perfevents: no interrupt-affinity property for /pmu, guessing.
[    0.929056] hw perfevents: enabled with armv7_cortex_a9 PMU driver, 7 counters available
[    0.938223] Initialise system trusted keyrings
[    0.941418] workingset: timestamp_bits=30 max_order=19 bucket_order=0
[    0.948548] squashfs: version 4.0 (2009/01/31) Phillip Lougher
[    0.954072] NFS: Registering the id_resolver key type
[    0.958497] Key type id_resolver registered
[    0.962665] Key type id_legacy registered
[    0.970572] Key type asymmetric registered
[    0.972754] Asymmetric key parser 'x509' registered
[    0.977882] bounce: pool size: 64 pages
[    0.981519] io scheduler noop registered (default)
[    0.986187] io scheduler mq-deadline registered
[    0.990710] io scheduler kyber registered
[    0.999217] tegra30-pinctrl 70000868.pinmux: invalid group "sdmmc3_dat6_pd3" for function "rsvd1"
[    1.006174] tegra30-pinctrl 70000868.pinmux: invalid group "sdmmc3_dat7_pd4" for function "rsvd1"
[    1.015035] tegra30-pinctrl 70000868.pinmux: invalid group "vi_vsync_pd6" for function "rsvd1"
[    1.023610] tegra30-pinctrl 70000868.pinmux: invalid group "vi_hsync_pd7" for function "rsvd1"
[    1.032852] tegra30-pinctrl 70000868.pinmux: invalid group "hdmi_int_pn7" for function "rsvd1"
[    1.040824] tegra30-pinctrl 70000868.pinmux: invalid group "ulpi_data3_po4" for function "rsvd1"
[    1.050030] tegra30-pinctrl 70000868.pinmux: invalid group "vi_d10_pt2" for function "rsvd1"
[    1.057919] tegra30-pinctrl 70000868.pinmux: invalid group "vi_d11_pt3" for function "rsvd1"
[    1.066344] tegra30-pinctrl 70000868.pinmux: invalid group "vi_d0_pt4" for function "rsvd1"
[    1.074701] tegra30-pinctrl 70000868.pinmux: invalid group "pu0" for function "rsvd1"
[    1.082488] tegra30-pinctrl 70000868.pinmux: invalid group "pu3" for function "rsvd1"
[    1.090286] tegra30-pinctrl 70000868.pinmux: invalid group "pu6" for function "rsvd1"
[    1.098093] tegra30-pinctrl 70000868.pinmux: invalid group "pv3" for function "rsvd1"
[    1.106612] tegra30-pinctrl 70000868.pinmux: invalid group "pbb0" for function "rsvd1"
[    1.113911] tegra30-pinctrl 70000868.pinmux: invalid group "pcc1" for function "rsvd1"
[    1.123532] tegra-pcie 3000.pcie: 2x3 configuration
[    1.126665] tegra-pcie 3000.pcie: Failed to get supply 'hvdd-pex': -517
[    1.137255] tegra-apbdma 6000a000.dma: Tegra20 APB DMA driver register 32 channels
[    1.143831] tegra-pmc 7000e400.pmc: i2c-thermtrip node not found, emergency thermal reset disabled.
[    1.152421] Serial: 8250/16550 driver, 4 ports, IRQ sharing disabled
[    1.159784] console [ttyS0] disabled
[    1.161837] 70006000.serial: ttyS0 at MMIO 0x70006000 (irq = 331, base_baud = 25500000) is a Tegra
[    1.170784] console [ttyS0] enabled
[    1.170784] console [ttyS0] enabled
[    1.176966] bootconsole [earlycon0] disabled
[    1.176966] bootconsole [earlycon0] disabled
[    1.204029] tegra-hdmi 54280000.hdmi: failed to get HDMI regulator
[    1.222034] loop: module loaded
[    1.228105] m25p80 spi0.1: w25q32 (4096 Kbytes)
[    1.234382] libphy: Fixed MDIO Bus: probed
[    1.238470] CAN device driver interface
[    1.242378] igb: Intel(R) Gigabit Ethernet Network Driver - version 5.4.0-k
[    1.249337] igb: Copyright (c) 2007-2014 Intel Corporation.
[    1.255008] pegasus: v0.9.3 (2013/04/25), Pegasus/Pegasus II USB Ethernet driver
[    1.262474] usbcore: registered new interface driver pegasus
[    1.268181] usbcore: registered new interface driver asix
[    1.273646] usbcore: registered new interface driver ax88179_178a
[    1.279782] usbcore: registered new interface driver cdc_ether
[    1.285651] usbcore: registered new interface driver smsc75xx
[    1.291449] usbcore: registered new interface driver smsc95xx
[    1.297231] usbcore: registered new interface driver net1080
[    1.302933] usbcore: registered new interface driver cdc_subset
[    1.308896] usbcore: registered new interface driver zaurus
[    1.314510] usbcore: registered new interface driver cdc_ncm
[    1.320401] tegra-phy 7d000000.usb-phy: no vbus regulator
[    1.327193] ehci_hcd: USB 2.0 'Enhanced' Host Controller (EHCI) Driver
[    1.333724] ehci-pci: EHCI PCI platform driver
[    1.338218] tegra-ehci: Tegra EHCI driver
[    1.342849] usbcore: registered new interface driver cdc_acm
[    1.348493] cdc_acm: USB Abstract Control Model driver for USB modems and ISDN adapters
[    1.356538] usbcore: registered new interface driver cdc_wdm
[    1.362250] usbcore: registered new interface driver usb-storage
[    1.376769] tegra_rtc 7000e000.rtc: rtc core: registered 7000e000.rtc as rtc1
[    1.383966] tegra_rtc 7000e000.rtc: Tegra internal Real Time Clock
[    1.403220] tps65910-rtc tps65910-rtc: rtc core: registered tps65910-rtc as rtc0
[    1.410692] i2c /dev entries driver
[    1.415168] usbcore: registered new interface driver uvcvideo
[    1.420916] USB Video Class driver (1.1.1)
[    1.424998] gspca_main: v2.14.0 registered
[    1.429850] tegra-wdt 60005000.timer: initialized (heartbeat = 120 sec, nowayout = 0)
[    1.438211] sdhci: Secure Digital Host Controller Interface driver
[    1.444394] sdhci: Copyright(c) Pierre Ossman
[    1.448748] sdhci-pltfm: SDHCI platform and OF driver helper
[    1.454641] sdhci-tegra 78000000.sdhci: Got CD GPIO
[    1.459535] sdhci-tegra 78000000.sdhci: Got WP GPIO
[    1.472711] mmc0: Invalid maximum block size, assuming 512 bytes
[    1.510893] mmc0: SDHCI controller on 78000000.sdhci [78000000.sdhci] using ADMA
[    1.525601] mmc1: Invalid maximum block size, assuming 512 bytes
[    1.558060] mmc1: SDHCI controller on 78000600.sdhci [78000600.sdhci] using ADMA
[    1.566524] usbcore: registered new interface driver usbhid
[    1.572120] usbhid: USB HID core driver
[    1.620119] mmc1: new high speed MMC card at address 0001
[    1.631890] mmcblk1: mmc1:0001 SEM16G 14.8 GiB 
[    1.642756] mmcblk1boot0: mmc1:0001 SEM16G partition 1 1.00 MiB
[    1.655405] mmcblk1boot1: mmc1:0001 SEM16G partition 2 1.00 MiB
[    1.661725] mmcblk1rpmb: mmc1:0001 SEM16G partition 3 128 KiB, chardev (247:0)
[    1.673353] Primary GPT is invalid, using alternate GPT.
[    1.678720]  mmcblk1: p1 p2 p3 p4 p5
[    1.695066] mmc0: new ultra high speed DDR50 SDHC card at address aaaa
[    1.707970] mmcblk0: mmc0:aaaa SS04G 3.69 GiB 
[    1.734745]  mmcblk0: p1 p2 p3
[    2.001077] tegra30-i2s 70080400.i2s: DMA channels sourced from device 70080000.ahub
[    2.016880] tegra-snd-rt5640 sound: rt5640-aif1 <-> 70080400.i2s mapping ok
[    2.027075] input: NVIDIA Tegra Beaver Headphones as /devices/soc0/sound/sound/card0/input0
[    2.037219] NET: Registered protocol family 10
[    2.042868] Segment Routing with IPv6
[    2.046659] mip6: Mobile IPv6
[    2.049635] sit: IPv6, IPv4 and MPLS over IPv4 tunneling driver
[    2.056809] NET: Registered protocol family 17
[    2.061272] NET: Registered protocol family 15
[    2.065702] can: controller area network core (rev 20170425 abi 9)
[    2.072060] NET: Registered protocol family 29
[    2.076492] can: raw protocol (rev 20170425)
[    2.080762] can: broadcast manager protocol (rev 20170425 t)
[    2.086411] can: netlink gateway (rev 20170425) max_hops=1
[    2.092125] Bluetooth: RFCOMM socket layer initialized
[    2.097269] Bluetooth: RFCOMM ver 1.11
[    2.101030] Bluetooth: BNEP (Ethernet Emulation) ver 1.3
[    2.106332] Bluetooth: BNEP socket layer initialized
[    2.111293] Bluetooth: HIDP (Human Interface Emulation) ver 1.2
[    2.117201] Bluetooth: HIDP socket layer initialized
[    2.122380] Key type dns_resolver registered
[    2.127013] Registering SWP/SWPB emulation handler
[    2.132461] Loading compiled-in X.509 certificates
[    2.151851] vdd_ddr: supplied by vdd_5v_in
[    2.156751] vdd_5v_sata: supplied by vdd_5v_in
[    2.161586] usb1_vbus: supplied by vdd_5v_in
[    2.166157] usb3_vbus: supplied by vdd_5v_in
[    2.171723] sys_3v3,vdd_3v3_alw: supplied by vdd_5v_in
[    2.177677] sys_3v3_pexs: supplied by sys_3v3,vdd_3v3_alw
[    2.183262] +VDD_5V_HDMI: supplied by sys_3v3,vdd_3v3_alw
[    2.188963] tegra-pcie 3000.pcie: 2x3 configuration
[    2.197909] tegra-pcie 3000.pcie: probing port 0, using 2 lanes
[    2.262137] tegra-pcie 3000.pcie: probing port 2, using 2 lanes
[    2.672043] tegra-pcie 3000.pcie: link 2 down, retrying
[    3.081268] tegra-pcie 3000.pcie: link 2 down, retrying
[    3.490418] tegra-pcie 3000.pcie: link 2 down, retrying
[    3.497641] tegra-pcie 3000.pcie: link 2 down, ignoring
[    3.503022] tegra-pcie 3000.pcie: PCI host bridge to bus 0000:00
[    3.509035] pci_bus 0000:00: root bus resource [io  0x0000-0xffff]
[    3.515201] pci_bus 0000:00: root bus resource [mem 0x20000000-0x27ffffff]
[    3.522070] pci_bus 0000:00: root bus resource [mem 0x28000000-0x3fffffff pref]
[    3.529372] pci_bus 0000:00: root bus resource [bus 00-ff]
[    3.534886] pci 0000:00:01.0: [10de:0e1c] type 01 class 0x060400
[    3.540904] pci_bus 0000:00: 2-byte config write to 0000:00:01.0 offset 0x4 may corrupt adjacent RW1C bits
[    3.550548] pci_bus 0000:00: 2-byte config write to 0000:00:01.0 offset 0x4 may corrupt adjacent RW1C bits
[    3.560204] pci 0000:00:01.0: enabling Extended Tags
[    3.565157] pci_bus 0000:00: 2-byte config write to 0000:00:01.0 offset 0x88 may corrupt adjacent RW1C bits
[    3.574905] pci_bus 0000:00: 2-byte config write to 0000:00:01.0 offset 0x52 may corrupt adjacent RW1C bits
[    3.584653] pci 0000:00:01.0: PME# supported from D0 D1 D2 D3hot D3cold
[    3.591263] pci_bus 0000:00: 2-byte config write to 0000:00:01.0 offset 0x4c may corrupt adjacent RW1C bits
[    3.601163] pci_bus 0000:00: 2-byte config write to 0000:00:01.0 offset 0x3e may corrupt adjacent RW1C bits
[    3.610900] pci_bus 0000:00: 2-byte config write to 0000:00:01.0 offset 0x4 may corrupt adjacent RW1C bits
[    3.620544] pci_bus 0000:00: 1-byte config write to 0000:00:01.0 offset 0xc may corrupt adjacent RW1C bits
[    3.630184] PCI: bus0: Fast back to back transfers disabled
[    3.635744] pci 0000:00:01.0: bridge configuration invalid ([bus 00-00]), reconfiguring
[    3.643739] pci_bus 0000:00: 2-byte config write to 0000:00:01.0 offset 0x3e may corrupt adjacent RW1C bits
[    3.653468] pci_bus 0000:00: 2-byte config write to 0000:00:01.0 offset 0x3e may corrupt adjacent RW1C bits
[    3.663343] pci 0000:01:00.0: [10ec:8168] type 00 class 0x020000
[    3.669372] pci 0000:01:00.0: reg 0x10: [io  0x0000-0x00ff]
[    3.674945] pci 0000:01:00.0: reg 0x18: [mem 0x00000000-0x00000fff 64bit pref]
[    3.682169] pci 0000:01:00.0: reg 0x20: [mem 0x00000000-0x00003fff 64bit pref]
[    3.689461] pci 0000:01:00.0: supports D1 D2
[    3.693719] pci 0000:01:00.0: PME# supported from D0 D1 D2 D3hot D3cold
[    3.728634] PCI: bus1: Fast back to back transfers disabled
[    3.734197] pci_bus 0000:01: busn_res: [bus 01-ff] end is updated to 01
[    3.740837] pci 0000:00:01.0: BAR 9: assigned [mem 0x28000000-0x280fffff 64bit pref]
[    3.748562] pci 0000:00:01.0: BAR 7: assigned [io  0x1000-0x1fff]
[    3.754657] pci 0000:01:00.0: BAR 4: assigned [mem 0x28000000-0x28003fff 64bit pref]
[    3.762401] pci 0000:01:00.0: BAR 2: assigned [mem 0x28004000-0x28004fff 64bit pref]
[    3.770143] pci 0000:01:00.0: BAR 0: assigned [io  0x1000-0x10ff]
[    3.776224] pci 0000:00:01.0: PCI bridge to [bus 01]
[    3.781185] pci 0000:00:01.0:   bridge window [io  0x1000-0x1fff]
[    3.787265] pci 0000:00:01.0:   bridge window [mem 0x28000000-0x280fffff 64bit pref]
[    3.795018] pci 0000:00:01.0: nv_msi_ht_cap_quirk didn't locate host bridge
[    3.802067] pcieport 0000:00:01.0: enabling device (0140 -> 0143)
[    3.808428] pcieport 0000:00:01.0: Signaling PME with IRQ 375
[    3.814475] r8169 Gigabit Ethernet driver 2.3LK-NAPI loaded
[    3.820103] r8169 0000:01:00.0: enabling device (0140 -> 0143)
[    3.827116] r8169 0000:01:00.0 eth0: RTL8168evl/8111evl at 0x2ae3064d, 02:04:4b:01:60:a6, XID 0c900800 IRQ 376
[    3.837125] r8169 0000:01:00.0 eth0: jumbo features [frames: 9200 bytes, tx checksumming: ko]
[    3.849023] [drm] Supports vblank timestamp caching Rev 2 (21.10.2013).
[    3.855623] [drm] No driver support for vblank timestamp query.
[    3.861610] [drm] Cannot find any crtc or sizes
[    3.866295] [drm] Initialized tegra 0.0.0 20120330 for drm on minor 0
[    3.873835] tegra-ehci 7d004000.usb: EHCI Host Controller
[    3.879268] tegra-ehci 7d004000.usb: new USB bus registered, assigned bus number 1
[    3.887106] tegra-ehci 7d004000.usb: irq 344, io mem 0x7d004000
[    3.893092] [drm] Cannot find any crtc or sizes
[    3.918620] tegra-ehci 7d004000.usb: USB 2.0 started, EHCI 1.00
[    3.925681] hub 1-0:1.0: USB hub found
[    3.929464] hub 1-0:1.0: 1 port detected
[    3.934012] tegra-ehci 7d008000.usb: EHCI Host Controller
[    3.939429] tegra-ehci 7d008000.usb: new USB bus registered, assigned bus number 2
[    3.947238] tegra-ehci 7d008000.usb: irq 345, io mem 0x7d008000
[    3.978617] tegra-ehci 7d008000.usb: USB 2.0 started, EHCI 1.00
[    3.985550] hub 2-0:1.0: USB hub found
[    3.989333] hub 2-0:1.0: 1 port detected
[    3.997368] tps65910-rtc tps65910-rtc: setting system clock to 2000-01-01 00:00:02 UTC (946684802)
[    4.006716] cfg80211: Loading compiled-in X.509 certificates for regulatory database
[    4.018177] cfg80211: Loaded X.509 cert 'sforshee: 00b28ddf47aef9cea7'
[    4.024936] platform regulatory.0: Direct firmware load for regulatory.db failed with error -2
[    4.029297] vdd_sata,avdd_plle: disabling
[    4.033547] cfg80211: failed to load regulatory.db
[    4.042765] usb1_vbus: disabling
[    4.045985] ALSA device list:
[    4.048979]   #0: NVIDIA Tegra Beaver
[    4.054709] EXT4-fs (mmcblk1p1): mounting ext3 file system using the ext4 subsystem
[    4.070768] EXT4-fs (mmcblk1p1): warning: mounting fs with errors, running e2fsck is recommended
[    4.081021] EXT4-fs (mmcblk1p1): recovery complete
[    4.085808] EXT4-fs (mmcblk1p1): mounted filesystem with ordered data mode. Opts: (null)
[    4.094043] VFS: Mounted root (ext3 filesystem) on device 179:1.
[    4.112968] devtmpfs: mounted
[    4.117433] Freeing unused kernel memory: 1024K
bash: cannot set terminal process group (-1): Inappropriate ioctl for device
bash: no job control in this shell
root@(none):/# [    4.368629] usb 2-1: new high-speed USB device number 2 using tegra-ehci
[    5.039435] asix 2-1:1.0 eth1: register 'asix' at usb-7d008000.usb-1, ASIX AX88772 USB 2.0 Ethernet, 00:50:b6:0f:67:60
mount -t sysfs none /sys
root@(none):/# 
root@(none):/# mount -t debugfs none /sys/kernel/debug
root@(none):/# 
root@(none):/# rtcwake -d rtc1 -m mem -s 3
rtcwake: wakeup from "mem" using /dev/rtc1 at Thu Jan  1 00:00:22 1970
[    7.215163] PM: suspend entry (deep)
[    7.218778] PM: Syncing filesystems ... done.
[    7.224750] Freezing user space processes ... (elapsed 0.001 seconds) done.
[    7.232826] OOM killer disabled.
[    7.236042] Freezing remaining freezable tasks ... (elapsed 0.001 seconds) done.
[    7.244584] Suspending console(s) (use no_console_suspend to debug)
[    7.329056] Disabling non-boot CPUs ...
[    7.379001] IRQ17 no longer affine to CPU1
[    7.499581] Entering suspend state LP1
[    7.499607] Enabling non-boot CPUs ...
[    7.501272] CPU1 is up
[    7.502856] CPU2 is up
[    7.504555] CPU3 is up
[    7.505096] pcieport 0000:00:01.0: nv_msi_ht_cap_quirk didn't locate host bridge
[    8.134641] OOM killer enabled.
[    8.137774] Restarting tasks ... done.
[    8.142036] PM: suspend exit
root@(none):/# 
root@(none):/# rtcwake -d rtc1 -m mem -s 3
rtcwake: wakeup from "mem" using /dev/rtc1 at Thu Jan  1 00:00:27 1970
[    9.119188] PM: suspend entry (deep)
[    9.122760] PM: Syncing filesystems ... done.
[    9.127880] Freezing user space processes ... (elapsed 0.000 seconds) done.
[    9.135595] OOM killer disabled.
[    9.138830] Freezing remaining freezable tasks ... (elapsed 0.001 seconds) done.
[    9.147337] Suspending console(s) (use no_console_suspend to debug)
[    9.188807] pci_generic_config_write32: 33 callbacks suppressed
[    9.188820] pci_bus 0000:00: 2-byte config write to 0000:00:01.0 offset 0x9c may corrupt adjacent RW1C bits
[    9.239039] Disabling non-boot CPUs ...
[    9.288968] IRQ17 no longer affine to CPU1
[    9.419257] Entering suspend state LP1
[    9.419293] Enabling non-boot CPUs ...
[    9.421202] CPU1 is up
[    9.422977] CPU2 is up
[    9.424869] CPU3 is up
[    9.425517] pci_bus 0000:00: 2-byte config write to 0000:00:01.0 offset 0x4c may corrupt adjacent RW1C bits
[    9.425532] pci_bus 0000:00: 2-byte config write to 0000:00:01.0 offset 0x88 may corrupt adjacent RW1C bits
[    9.425539] pci_bus 0000:00: 2-byte config write to 0000:00:01.0 offset 0x90 may corrupt adjacent RW1C bits
[    9.425547] pci_bus 0000:00: 2-byte config write to 0000:00:01.0 offset 0x98 may corrupt adjacent RW1C bits
[    9.425552] pci_bus 0000:00: 2-byte config write to 0000:00:01.0 offset 0x9c may corrupt adjacent RW1C bits
[    9.425573] pci_bus 0000:00: 2-byte config write to 0000:00:01.0 offset 0x52 may corrupt adjacent RW1C bits
[    9.425581] pci_bus 0000:00: 2-byte config write to 0000:00:01.0 offset 0x52 may corrupt adjacent RW1C bits
[    9.425586] pci_bus 0000:00: 2-byte config write to 0000:00:01.0 offset 0x5c may corrupt adjacent RW1C bits
[    9.425594] pci_bus 0000:00: 2-byte config write to 0000:00:01.0 offset 0x52 may corrupt adjacent RW1C bits
[    9.425620] pcieport 0000:00:01.0: nv_msi_ht_cap_quirk didn't locate host bridge
[   10.180898] OOM killer enabled.
[   10.184027] Restarting tasks ... done.
[   10.191014] PM: suspend exit
root@(none):/# 
root@(none):/# rtcwake -d rtc1 -m mem -s 3
rtcwake: wakeup from "mem" using /dev/rtc1 at Thu Jan  1 00:00:32 1970
[   11.051457] PM: suspend entry (deep)
[   11.055038] PM: Syncing filesystems ... done.
[   11.061030] Freezing user space processes ... (elapsed 0.001 seconds) done.
[   11.069138] OOM killer disabled.
[   11.072354] Freezing remaining freezable tasks ... (elapsed 0.001 seconds) done.
[   11.080912] Suspending console(s) (use no_console_suspend to debug)
[   11.179131] Disabling non-boot CPUs ...
[   11.358792] IRQ17 no longer affine to CPU3
[   11.359400] Entering suspend state LP1
[   11.359437] Enabling non-boot CPUs ...
[   11.361343] CPU1 is up
[   11.363110] CPU2 is up
[   11.365039] CPU3 is up
[   11.365705] pcieport 0000:00:01.0: nv_msi_ht_cap_quirk didn't locate host bridge
[   12.018227] OOM killer enabled.
[   12.021367] Restarting tasks ... done.
[   12.026254] PM: suspend exit
root@(none):/# 
root@(none):/# rtcwake -d rtc1 -m mem -s 3
rtcwake: wakeup from "mem" using /dev/rtc1 at Thu Jan  1 00:00:37 1970
[   12.986967] PM: suspend entry (deep)
[   12.990681] PM: Syncing filesystems ... done.
[   12.996539] Freezing user space processes ... (elapsed 0.001 seconds) done.
[   13.004651] OOM killer disabled.
[   13.007868] Freezing remaining freezable tasks ... (elapsed 0.001 seconds) done.
[   13.016384] Suspending console(s) (use no_console_suspend to debug)
[   13.109074] Disabling non-boot CPUs ...
[   13.158997] IRQ17 no longer affine to CPU1
[   13.279442] Entering suspend state LP1
[   13.279477] Enabling non-boot CPUs ...
[   13.281409] CPU1 is up
[   13.283188] CPU2 is up
[   13.285120] CPU3 is up
[   13.285851] pcieport 0000:00:01.0: nv_msi_ht_cap_quirk didn't locate host bridge
[   13.932575] OOM killer enabled.
[   13.935708] Restarting tasks ... done.
[   13.940078] PM: suspend exit
root@(none):/# 
root@(none):/# rtcwake -d rtc1 -m mem -s 3
rtcwake: wakeup from "mem" using /dev/rtc1 at Thu Jan  1 00:00:42 1970
[   14.910319] PM: suspend entry (deep)
[   14.913901] PM: Syncing filesystems ... done.
[   14.919792] Freezing user space processes ... (elapsed 0.001 seconds) done.
[   14.927890] OOM killer disabled.
[   14.931125] Freezing remaining freezable tasks ... (elapsed 0.001 seconds) done.
[   14.939676] Suspending console(s) (use no_console_suspend to debug)
[   14.980412] pci_generic_config_write32: 26 callbacks suppressed
[   14.980428] pci_bus 0000:00: 2-byte config write to 0000:00:01.0 offset 0x9c may corrupt adjacent RW1C bits
[   15.029019] Disabling non-boot CPUs ...
[   15.148825] IRQ17 no longer affine to CPU2
[   15.209285] Entering suspend state LP1
[   15.209319] Enabling non-boot CPUs ...
[   15.211226] CPU1 is up
[   15.213002] CPU2 is up
[   15.214913] CPU3 is up
[   15.215560] pci_bus 0000:00: 2-byte config write to 0000:00:01.0 offset 0x4c may corrupt adjacent RW1C bits
[   15.215574] pci_bus 0000:00: 2-byte config write to 0000:00:01.0 offset 0x88 may corrupt adjacent RW1C bits
[   15.215580] pci_bus 0000:00: 2-byte config write to 0000:00:01.0 offset 0x90 may corrupt adjacent RW1C bits
[   15.215586] pci_bus 0000:00: 2-byte config write to 0000:00:01.0 offset 0x98 may corrupt adjacent RW1C bits
[   15.215592] pci_bus 0000:00: 2-byte config write to 0000:00:01.0 offset 0x9c may corrupt adjacent RW1C bits
[   15.215618] pci_bus 0000:00: 2-byte config write to 0000:00:01.0 offset 0x52 may corrupt adjacent RW1C bits
[   15.215626] pci_bus 0000:00: 2-byte config write to 0000:00:01.0 offset 0x52 may corrupt adjacent RW1C bits
[   15.215634] pci_bus 0000:00: 2-byte config write to 0000:00:01.0 offset 0x5c may corrupt adjacent RW1C bits
[   15.215641] pci_bus 0000:00: 2-byte config write to 0000:00:01.0 offset 0x52 may corrupt adjacent RW1C bits
[   15.215662] pcieport 0000:00:01.0: nv_msi_ht_cap_quirk didn't locate host bridge
[   15.952080] OOM killer enabled.
[   15.955210] Restarting tasks ... done.
[   15.961184] PM: suspend exit
root@(none):/# 
root@(none):/# rtcwake -d rtc1 -m mem -s 3
rtcwake: wakeup from "mem" using /dev/rtc1 at Thu Jan  1 00:00:47 1970
[   16.834908] PM: suspend entry (deep)
[   16.838508] PM: Syncing filesystems ... done.
[   16.843375] Freezing user space processes ... (elapsed 0.001 seconds) done.
[   16.851491] OOM killer disabled.
[   16.854709] Freezing remaining freezable tasks ... (elapsed 0.001 seconds) done.
[   16.863267] Suspending console(s) (use no_console_suspend to debug)
[   16.969013] Disabling non-boot CPUs ...
[   17.058804] IRQ17 no longer affine to CPU2
[   17.119238] Entering suspend state LP1
[   17.119272] Enabling non-boot CPUs ...
[   17.121185] CPU1 is up
[   17.122985] CPU2 is up
[   17.124903] CPU3 is up
[   17.125554] pcieport 0000:00:01.0: nv_msi_ht_cap_quirk didn't locate host bridge
[   17.778155] OOM killer enabled.
[   17.781293] Restarting tasks ... done.
[   17.785625] PM: suspend exit
root@(none):/# 
root@(none):/# rtcwake -d rtc1 -m mem -s 3
rtcwake: wakeup from "mem" using /dev/rtc1 at Thu Jan  1 00:00:52 1970
[   18.742407] PM: suspend entry (deep)
[   18.745990] PM: Syncing filesystems ... done.
[   18.750871] Freezing user space processes ... (elapsed 0.001 seconds) done.
[   18.758987] OOM killer disabled.
[   18.762202] Freezing remaining freezable tasks ... (elapsed 0.001 seconds) done.
[   18.770767] Suspending console(s) (use no_console_suspend to debug)
[   18.858998] Disabling non-boot CPUs ...
[   18.988776] IRQ17 no longer affine to CPU2
[   19.039193] Entering suspend state LP1
[   19.039229] Enabling non-boot CPUs ...
[   19.041131] CPU1 is up
[   19.042913] CPU2 is up
[   19.044843] CPU3 is up
[   19.045487] pcieport 0000:00:01.0: nv_msi_ht_cap_quirk didn't locate host bridge
[   19.709920] OOM killer enabled.
[   19.713050] Restarting tasks ... done.
[   19.717394] PM: suspend exit
root@(none):/# 
root@(none):/# rtcwake -d rtc1 -m mem -s 3
rtcwake: wakeup from "mem" using /dev/rtc1 at Thu Jan  1 00:00:57 1970
[   20.672463] PM: suspend entry (deep)
[   20.676041] PM: Syncing filesystems ... done.
[   20.681933] Freezing user space processes ... (elapsed 0.001 seconds) done.
[   20.690059] OOM killer disabled.
[   20.693275] Freezing remaining freezable tasks ... (elapsed 0.001 seconds) done.
[   20.701829] Suspending console(s) (use no_console_suspend to debug)
[   20.750327] pci_generic_config_write32: 26 callbacks suppressed
[   20.750343] pci_bus 0000:00: 2-byte config write to 0000:00:01.0 offset 0x9c may corrupt adjacent RW1C bits
[   20.798949] Disabling non-boot CPUs ...
[   20.908726] IRQ17 no longer affine to CPU2
[   20.969195] Entering suspend state LP1
[   20.969229] Enabling non-boot CPUs ...
[   20.971138] CPU1 is up
[   20.972919] CPU2 is up
[   20.974856] CPU3 is up
[   20.975400] pci_bus 0000:00: 2-byte config write to 0000:00:01.0 offset 0x4c may corrupt adjacent RW1C bits
[   20.975415] pci_bus 0000:00: 2-byte config write to 0000:00:01.0 offset 0x88 may corrupt adjacent RW1C bits
[   20.975423] pci_bus 0000:00: 2-byte config write to 0000:00:01.0 offset 0x90 may corrupt adjacent RW1C bits
[   20.975428] pci_bus 0000:00: 2-byte config write to 0000:00:01.0 offset 0x98 may corrupt adjacent RW1C bits
[   20.975434] pci_bus 0000:00: 2-byte config write to 0000:00:01.0 offset 0x9c may corrupt adjacent RW1C bits
[   20.975454] pci_bus 0000:00: 2-byte config write to 0000:00:01.0 offset 0x52 may corrupt adjacent RW1C bits
[   20.975465] pci_bus 0000:00: 2-byte config write to 0000:00:01.0 offset 0x52 may corrupt adjacent RW1C bits
[   20.975473] pci_bus 0000:00: 2-byte config write to 0000:00:01.0 offset 0x5c may corrupt adjacent RW1C bits
[   20.975481] pci_bus 0000:00: 2-byte config write to 0000:00:01.0 offset 0x52 may corrupt adjacent RW1C bits
[   20.975507] pcieport 0000:00:01.0: nv_msi_ht_cap_quirk didn't locate host bridge
[   21.731196] OOM killer enabled.
[   21.734326] Restarting tasks ... done.
[   21.738632] PM: suspend exit
root@(none):/# 
root@(none):/# rtcwake -d rtc1 -m mem -s 3
rtcwake: wakeup from "mem" using /dev/rtc1 at Thu Jan  1 00:01:02 1970
[   22.604784] PM: suspend entry (deep)
[   22.608366] PM: Syncing filesystems ... done.
[   22.614225] Freezing user space processes ... (elapsed 0.001 seconds) done.
[   22.622354] OOM killer disabled.
[   22.625570] Freezing remaining freezable tasks ... (elapsed 0.001 seconds) done.
[   22.634131] Suspending console(s) (use no_console_suspend to debug)
[   22.728890] Disabling non-boot CPUs ...
[   22.898645] IRQ17 no longer affine to CPU3
[   22.899167] Entering suspend state LP1
[   22.899203] Enabling non-boot CPUs ...
[   22.901116] CPU1 is up
[   22.902914] CPU2 is up
[   22.904830] CPU3 is up
[   22.905427] pcieport 0000:00:01.0: nv_msi_ht_cap_quirk didn't locate host bridge
[   23.558587] OOM killer enabled.
[   23.561716] Restarting tasks ... done.
[   23.566000] PM: suspend exit
root@(none):/# 
root@(none):/# rtcwake -d rtc1 -m mem -s 3
rtcwake: wakeup from "mem" using /dev/rtc1 at Thu Jan  1 00:01:07 1970
[   24.523123] PM: suspend entry (deep)
[   24.526704] PM: Syncing filesystems ... done.
[   24.532589] Freezing user space processes ... (elapsed 0.001 seconds) done.
[   24.540707] OOM killer disabled.
[   24.543924] Freezing remaining freezable tasks ... (elapsed 0.001 seconds) done.
[   24.552477] Suspending console(s) (use no_console_suspend to debug)
[   24.648924] Disabling non-boot CPUs ...
[   24.768688] IRQ17 no longer affine to CPU2
[   24.829127] Entering suspend state LP1
[   24.829162] Enabling non-boot CPUs ...
[   24.831077] CPU1 is up
[   24.832876] CPU2 is up
[   24.834809] CPU3 is up
[   24.835388] pcieport 0000:00:01.0: nv_msi_ht_cap_quirk didn't locate host bridge
[   25.487570] OOM killer enabled.
[   25.490708] Restarting tasks ... done.
[   25.494984] PM: suspend exit
root@(none):/# 
root@(none):/# NVTB SYSTEM SUSPEND TEST COMPLETE
