Diff for ./tegra114-dalmore-a04/tegra114-dalmore/multi_v7_defconfig_log.txt
--- /tmp/fooa	2014-03-02 19:51:02.906408148 -0800
+++ /tmp/foob	2014-03-02 19:51:02.910408150 -0800
@@ -36,9 +36,9 @@
 	 #################################################################
 	 #################################################################
 	 ###############################################
-	 3.6 MiB/s
+	 3.3 MiB/s
 done
-Bytes transferred = 4506408 (44c328 hex)
+Bytes transferred = 4506752 (44c480 hex)
 Tegra114 (Dalmore) # tftpboot 0x82000000 tegra114-dalmore.dtb
 Using asx0 device
 TFTP from server 192.168.100.1; our IP address is 192.168.100.100
@@ -49,7 +49,7 @@
 done
 Bytes transferred = 34059 (850b hex)
 Tegra114 (Dalmore) # bootz 0x81000000 - 0x82000000
-Kernel image @ 0x81000000 [ 0x000000 - 0x44c328 ]
+Kernel image @ 0x81000000 [ 0x000000 - 0x44c480 ]
 ## Flattened Device Tree blob at 82000000
    Booting using the fdt blob at 0x82000000
    Loading Device Tree to 8fff4000, end 8ffff50a ... OK
@@ -57,7 +57,7 @@
 Starting kernel ...
 
 Booting Linux on physical CPU 0x0
-Linux version 3.14.0-rc4-50178-gcfbf8d4 (pwalmsley@kaivo) (gcc version 4.7.3 20130328 (prerelease) (crosstool-NG linaro-1.13.1-4.7-2013.04-20130415 - Linaro GCC 2013.04) ) #1 SMP Thu Feb 27 03:05:45 PST 2014
+Linux version 3.14.0-rc5-50364-g0414855 (pwalmsley@kaivo) (gcc version 4.7.3 20130328 (prerelease) (crosstool-NG linaro-1.13.1-4.7-2013.04-20130415 - Linaro GCC 2013.04) ) #1 SMP Sun Mar 2 19:33:17 PST 2014
 CPU: ARMv7 Processor [412fc0f2] revision 2 (ARMv7), cr=10c5387d
 CPU: PIPT / VIPT nonaliasing data cache, PIPT instruction cache
 Machine model: NVIDIA Tegra114 Dalmore evaluation board
@@ -88,7 +88,7 @@
     lowmem  : 0xc0000000 - 0xef800000   ( 760 MB)
     pkmap   : 0xbfe00000 - 0xc0000000   (   2 MB)
     modules : 0xbf000000 - 0xbfe00000   (  14 MB)
-      .text : 0xc0008000 - 0xc0805f70   (8184 kB)
+      .text : 0xc0008000 - 0xc0805f9c   (8184 kB)
       .init : 0xc0806000 - 0xc0886000   ( 512 kB)
       .data : 0xc0886000 - 0xc0936940   ( 707 kB)
        .bss : 0xc0936948 - 0xc097da80   ( 285 kB)
@@ -109,7 +109,7 @@
 /cpus/cpu@2 missing clock-frequency property
 /cpus/cpu@3 missing clock-frequency property
 CPU0: thread -1, cpu 0, socket 0, mpidr 80000000
-Setting up static identity map for 0x80585638 - 0x805856d0
+Setting up static identity map for 0x805857a8 - 0x80585840
 unable to find compatible sirf rstc node in dtb
 CPU1: Booted secondary processor
 CPU1: thread -1, cpu 1, socket 0, mpidr 80000001
@@ -348,7 +348,7 @@
 hub 1-0:1.0: USB hub found
 hub 1-0:1.0: 1 port detected
 input: gpio-keys.3 as /devices/soc0/gpio-keys.3/input/input1
-palmas-rtc rtc.8: setting system clock to 2000-01-13 02:16:43 UTC (947729803)
+palmas-rtc rtc.8: setting system clock to 2000-01-16 18:45:07 UTC (948048307)
 spear_cpufreq: Invalid cpufreq_tbl
 ALSA device list:
   #0: NVIDIA Tegra Dalmore
Diff for ./tegra114-dalmore-a04/tegra114-dalmore/tegra_defconfig_log.txt
--- /tmp/fooa	2014-03-02 19:51:03.030408225 -0800
+++ /tmp/foob	2014-03-02 19:51:03.034408227 -0800
@@ -36,20 +36,20 @@
 	 #################################################################
 	 #################################################################
 	 #############################
-	 3.4 MiB/s
+	 3.3 MiB/s
 done
-Bytes transferred = 4230544 (408d90 hex)
+Bytes transferred = 4230616 (408dd8 hex)
 Tegra114 (Dalmore) # tftpboot 0x82000000 tegra114-dalmore.dtb
 Using asx0 device
 TFTP from server 192.168.100.1; our IP address is 192.168.100.100
 Filename 'tegra114-dalmore.dtb'.
 Load address: 0x82000000
 Loading: *###
-	 3.2 MiB/s
+	 3 MiB/s
 done
 Bytes transferred = 34059 (850b hex)
 Tegra114 (Dalmore) # bootz 0x81000000 - 0x82000000
-Kernel image @ 0x81000000 [ 0x000000 - 0x408d90 ]
+Kernel image @ 0x81000000 [ 0x000000 - 0x408dd8 ]
 ## Flattened Device Tree blob at 82000000
    Booting using the fdt blob at 0x82000000
    Loading Device Tree to 8fff4000, end 8ffff50a ... OK
@@ -60,7 +60,7 @@
 Booting Linux on physical CPU 0x0
 Initializing cgroup subsys cpu
 Initializing cgroup subsys cpuacct
-Linux version 3.14.0-rc4-50178-gcfbf8d4 (pwalmsley@tamien) (gcc version 4.7.3 20130328 (prerelease) (crosstool-NG linaro-1.13.1-4.7-2013.04-20130415 - Linaro GCC 2013.04) ) #1 SMP PREEMPT Thu Feb 27 03:06:30 PST 2014
+Linux version 3.14.0-rc5-50364-g0414855 (pwalmsley@tamien) (gcc version 4.7.3 20130328 (prerelease) (crosstool-NG linaro-1.13.1-4.7-2013.04-20130415 - Linaro GCC 2013.04) ) #1 SMP PREEMPT Sun Mar 2 19:34:32 PST 2014
 CPU: ARMv7 Processor [412fc0f2] revision 2 (ARMv7), cr=10c5387d
 CPU: PIPT / VIPT nonaliasing data cache, PIPT instruction cache
 Machine model: NVIDIA Tegra114 Dalmore evaluation board
@@ -91,7 +91,7 @@
     lowmem  : 0xc0000000 - 0xef800000   ( 760 MB)
     pkmap   : 0xbfe00000 - 0xc0000000   (   2 MB)
     modules : 0xbf000000 - 0xbfe00000   (  14 MB)
-      .text : 0xc0008000 - 0xc078a044   (7689 kB)
+      .text : 0xc0008000 - 0xc078a064   (7689 kB)
       .init : 0xc078b000 - 0xc07c93c0   ( 249 kB)
       .data : 0xc07ca000 - 0xc08193e0   ( 317 kB)
        .bss : 0xc08193ec - 0xc086e758   ( 341 kB)
@@ -113,7 +113,7 @@
 /cpus/cpu@2 missing clock-frequency property
 /cpus/cpu@3 missing clock-frequency property
 CPU0: thread -1, cpu 0, socket 0, mpidr 80000000
-Setting up static identity map for 0x80573bf0 - 0x80573c88
+Setting up static identity map for 0x80573d58 - 0x80573df0
 CPU1: Booted secondary processor
 CPU1: thread -1, cpu 1, socket 0, mpidr 80000001
 CPU2: Booted secondary processor
@@ -350,7 +350,7 @@
 hub 1-0:1.0: USB hub found
 hub 1-0:1.0: 1 port detected
 input: gpio-keys.3 as /devices/soc0/gpio-keys.3/input/input1
-palmas-rtc rtc.8: setting system clock to 2000-01-13 02:17:23 UTC (947729843)
+palmas-rtc rtc.8: setting system clock to 2000-01-16 18:46:04 UTC (948048364)
 ALSA device list:
   #0: NVIDIA Tegra Dalmore
 kjournald starting.  Commit interval 5 seconds
@@ -362,4 +362,4 @@
 Freeing unused kernel memory: 248K (c078b000 - c07c9000)
 bash: cannot set terminal process group (-1): Inappropriate ioctl for device
 bash: no job control in this shell
-root@(none):/# [    2.772144] usb 1-1: new high-speed USB device number 2 using tegra-ehci
+root@(none):/# [    2.772354] usb 1-1: new high-speed USB device number 2 using tegra-ehci
Diff for ./tegra30-beaver/tegra30-beaver/multi_v7_defconfig_log.txt
--- /tmp/fooa	2014-03-02 19:51:03.054408240 -0800
+++ /tmp/foob	2014-03-02 19:51:03.058408243 -0800
@@ -36,20 +36,20 @@
 	 #################################################################
 	 #################################################################
 	 ###############################################
-	 3.6 MiB/s
+	 3.3 MiB/s
 done
-Bytes transferred = 4506408 (44c328 hex)
+Bytes transferred = 4506752 (44c480 hex)
 Tegra30 (Beaver) # tftpboot 0x82000000 tegra30-beaver.dtb
 Using asx0 device
 TFTP from server 192.168.100.1; our IP address is 192.168.100.101
 Filename 'tegra30-beaver.dtb'.
 Load address: 0x82000000
 Loading: *##
-	 2.5 MiB/s
+	 3.2 MiB/s
 done
 Bytes transferred = 23852 (5d2c hex)
 Tegra30 (Beaver) # bootz 0x81000000 - 0x82000000
-Kernel image @ 0x81000000 [ 0x000000 - 0x44c328 ]
+Kernel image @ 0x81000000 [ 0x000000 - 0x44c480 ]
 ## Flattened Device Tree blob at 82000000
    Booting using the fdt blob at 0x82000000
    Loading Device Tree to 8fff7000, end 8ffffd2b ... OK
@@ -57,7 +57,7 @@
 Starting kernel ...
 
 Booting Linux on physical CPU 0x0
-Linux version 3.14.0-rc4-50178-gcfbf8d4 (pwalmsley@kaivo) (gcc version 4.7.3 20130328 (prerelease) (crosstool-NG linaro-1.13.1-4.7-2013.04-20130415 - Linaro GCC 2013.04) ) #1 SMP Thu Feb 27 03:05:45 PST 2014
+Linux version 3.14.0-rc5-50364-g0414855 (pwalmsley@kaivo) (gcc version 4.7.3 20130328 (prerelease) (crosstool-NG linaro-1.13.1-4.7-2013.04-20130415 - Linaro GCC 2013.04) ) #1 SMP Sun Mar 2 19:33:17 PST 2014
 CPU: ARMv7 Processor [412fc099] revision 9 (ARMv7), cr=10c5387d
 CPU: PIPT / VIPT nonaliasing data cache, VIPT aliasing instruction cache
 Machine model: NVIDIA Tegra30 Beaver evaluation board
@@ -92,7 +92,7 @@
     lowmem  : 0xc0000000 - 0xef800000   ( 760 MB)
     pkmap   : 0xbfe00000 - 0xc0000000   (   2 MB)
     modules : 0xbf000000 - 0xbfe00000   (  14 MB)
-      .text : 0xc0008000 - 0xc0805f70   (8184 kB)
+      .text : 0xc0008000 - 0xc0805f9c   (8184 kB)
       .init : 0xc0806000 - 0xc0886000   ( 512 kB)
       .data : 0xc0886000 - 0xc0936940   ( 707 kB)
        .bss : 0xc0936948 - 0xc097da80   ( 285 kB)
@@ -106,7 +106,7 @@
 Mount-cache hash table entries: 512
 CPU: Testing write buffer coherency: ok
 CPU0: thread -1, cpu 0, socket 0, mpidr 80000000
-Setting up static identity map for 0x80585638 - 0x805856d0
+Setting up static identity map for 0x805857a8 - 0x80585840
 unable to find compatible sirf rstc node in dtb
 CPU1: Booted secondary processor
 CPU1: thread -1, cpu 1, socket 0, mpidr 80000001
@@ -356,4 +356,4 @@
 usb 1-1: new high-speed USB device number 2 using tegra-ehci
 bash: cannot set terminal process group (-1): Inappropriate ioctl for device
 bash: no job control in this shell
-root@(none):/# [    4.513819] asix 1-1:1.0 eth1: register 'asix' at usb-7d008000.usb-1, ASIX AX88772 USB 2.0 Ethernet, 00:50:b6:0f:68:6d
+root@(none):/# [    4.513818] asix 1-1:1.0 eth1: register 'asix' at usb-7d008000.usb-1, ASIX AX88772 USB 2.0 Ethernet, 00:50:b6:0f:68:6d
Diff for ./tegra30-beaver/tegra30-beaver/tegra_defconfig_log.txt
--- /tmp/fooa	2014-03-02 19:51:03.086408260 -0800
+++ /tmp/foob	2014-03-02 19:51:03.090408263 -0800
@@ -36,9 +36,9 @@
 	 #################################################################
 	 #################################################################
 	 #############################
-	 3.2 MiB/s
+	 3.5 MiB/s
 done
-Bytes transferred = 4230544 (408d90 hex)
+Bytes transferred = 4230616 (408dd8 hex)
 Tegra30 (Beaver) # tftpboot 0x82000000 tegra30-beaver.dtb
 Using asx0 device
 TFTP from server 192.168.100.1; our IP address is 192.168.100.101
@@ -49,7 +49,7 @@
 done
 Bytes transferred = 23852 (5d2c hex)
 Tegra30 (Beaver) # bootz 0x81000000 - 0x82000000
-Kernel image @ 0x81000000 [ 0x000000 - 0x408d90 ]
+Kernel image @ 0x81000000 [ 0x000000 - 0x408dd8 ]
 ## Flattened Device Tree blob at 82000000
    Booting using the fdt blob at 0x82000000
    Loading Device Tree to 8fff7000, end 8ffffd2b ... OK
@@ -60,7 +60,7 @@
 Booting Linux on physical CPU 0x0
 Initializing cgroup subsys cpu
 Initializing cgroup subsys cpuacct
-Linux version 3.14.0-rc4-50178-gcfbf8d4 (pwalmsley@tamien) (gcc version 4.7.3 20130328 (prerelease) (crosstool-NG linaro-1.13.1-4.7-2013.04-20130415 - Linaro GCC 2013.04) ) #1 SMP PREEMPT Thu Feb 27 03:06:30 PST 2014
+Linux version 3.14.0-rc5-50364-g0414855 (pwalmsley@tamien) (gcc version 4.7.3 20130328 (prerelease) (crosstool-NG linaro-1.13.1-4.7-2013.04-20130415 - Linaro GCC 2013.04) ) #1 SMP PREEMPT Sun Mar 2 19:34:32 PST 2014
 CPU: ARMv7 Processor [412fc099] revision 9 (ARMv7), cr=10c5387d
 CPU: PIPT / VIPT nonaliasing data cache, VIPT aliasing instruction cache
 Machine model: NVIDIA Tegra30 Beaver evaluation board
@@ -95,7 +95,7 @@
     lowmem  : 0xc0000000 - 0xef800000   ( 760 MB)
     pkmap   : 0xbfe00000 - 0xc0000000   (   2 MB)
     modules : 0xbf000000 - 0xbfe00000   (  14 MB)
-      .text : 0xc0008000 - 0xc078a044   (7689 kB)
+      .text : 0xc0008000 - 0xc078a064   (7689 kB)
       .init : 0xc078b000 - 0xc07c93c0   ( 249 kB)
       .data : 0xc07ca000 - 0xc08193e0   ( 317 kB)
        .bss : 0xc08193ec - 0xc086e758   ( 341 kB)
@@ -110,7 +110,7 @@
 Initializing cgroup subsys freezer
 CPU: Testing write buffer coherency: ok
 CPU0: thread -1, cpu 0, socket 0, mpidr 80000000
-Setting up static identity map for 0x80573bf0 - 0x80573c88
+Setting up static identity map for 0x80573d58 - 0x80573df0
 CPU1: Booted secondary processor
 CPU1: thread -1, cpu 1, socket 0, mpidr 80000001
 CPU2: Booted secondary processor
@@ -362,4 +362,4 @@
 usb 1-1: new high-speed USB device number 2 using tegra-ehci
 bash: cannot set terminal process group (-1): Inappropriate ioctl for device
 bash: no job control in this shell
-root@(none):/# [    4.771690] asix 1-1:1.0 eth1: register 'asix' at usb-7d008000.usb-1, ASIX AX88772 USB 2.0 Ethernet, 00:50:b6:0f:68:6d
+root@(none):/# [    4.771380] asix 1-1:1.0 eth1: register 'asix' at usb-7d008000.usb-1, ASIX AX88772 USB 2.0 Ethernet, 00:50:b6:0f:68:6d
