
U-Boot SPL 2016.05-rc2 (Apr 21 2016 - 16:23:00)
Trying to boot from RAM


U-Boot 2016.05-rc2 (Apr 21 2016 - 16:23:00 -0700)

TEGRA124
Model: NVIDIA Jetson TK1
Board: NVIDIA Jetson TK1
DRAM:  2 GiB
MC:   Tegra SD/MMC: 0, Tegra SD/MMC: 1
In:    serial
Out:   serial
Err:   serial
Net:   No ethernet found.
Hit any key to stop autoboot:  2  0 
Tegra124 (Jetson TK1) # 
Tegra124 (Jetson TK1) # pci enum
Tegra124 (Jetson TK1) # setenv bootargs 'ignore_loglevel console=ttyS0,115200n8 rw root=PARTUUID=b1791faa-84e8-4e27-83a1-9fb0a77e8803 rootwait gpt debug noinitrd earlyprintk init=/bin/bash'
Tegra124 (Jetson TK1) # setenv ipaddr 192.168.100.102; setenv serverip 192.168.100.1; setenv tftpserverip 192.168.100.1
Tegra124 (Jetson TK1) # tftpboot 0x82000000 zImage.multi_v7_defconfig

Warning: eth_rtl8169 using MAC address from ROM
Using eth_rtl8169 device
TFTP from server 192.168.100.1; our IP address is 192.168.100.102
Filename 'zImage.multi_v7_defconfig'.
Load address: 0x82000000
Loading: *#################################################################
	 #################################################################
	 #################################################################
	 #################################################################
	 #################################################################
	 #################################################################
	 #################################################################
	 #######################################
	 3.5 MiB/s
done
Bytes transferred = 7238912 (6e7500 hex)
Tegra124 (Jetson TK1) # tftpboot 0x83000000 tegra124-jetson-tk1.dtb
Using eth_rtl8169 device
TFTP from server 192.168.100.1; our IP address is 192.168.100.102
Filename 'tegra124-jetson-tk1.dtb'.
Load address: 0x83000000
Loading: *#####
	 3.5 MiB/s
done
Bytes transferred = 66737 (104b1 hex)
Tegra124 (Jetson TK1) # bootz 0x82000000 - 0x83000000
Kernel image @ 0x82000000 [ 0x000000 - 0x6e7500 ]
## Flattened Device Tree blob at 83000000
   Booting using the fdt blob at 0x83000000
   Using Device Tree in place at 83000000, end 830134b0

Starting kernel ...

[    0.000000] Booting Linux on physical CPU 0x0
[    0.000000] Linux version 4.7.0-rc1-95164-g1a695a9 (pwalmsley@kaivo) (gcc version 4.7.3 20130328 (prerelease) (crosstool-NG linaro-1.13.1-4.7-2013.04-20130415 - Linaro GCC 2013.04) ) #1 SMP Tue May 31 07:38:23 PDT 2016
[    0.000000] CPU: ARMv7 Processor [413fc0f3] revision 3 (ARMv7), cr=10c5387d
[    0.000000] CPU: div instructions available: patching division code
[    0.000000] CPU: PIPT / VIPT nonaliasing data cache, PIPT instruction cache
[    0.000000] Machine model: NVIDIA Tegra124 Jetson TK1
[    0.000000] debug: ignoring loglevel setting.
[    0.000000] cma: Reserved 64 MiB at 0xfb800000
[    0.000000] Memory policy: Data cache writealloc
[    0.000000] On node 0 totalpages: 524032
[    0.000000] free_area_init_node: node 0, pgdat c141bb40, node_mem_map eeff8000
[    0.000000]   DMA zone: 1536 pages used for memmap
[    0.000000]   DMA zone: 0 pages reserved
[    0.000000]   DMA zone: 196608 pages, LIFO batch:31
[    0.000000]   HighMem zone: 327424 pages, LIFO batch:31
[    0.000000] percpu: Embedded 13 pages/cpu @eef89000 s23808 r8192 d21248 u53248
[    0.000000] pcpu-alloc: s23808 r8192 d21248 u53248 alloc=13*4096
[    0.000000] pcpu-alloc: [0] 0 [0] 1 [0] 2 [0] 3 
[    0.000000] Built 1 zonelists in Zone order, mobility grouping on.  Total pages: 522496
[    0.000000] Kernel command line: ignore_loglevel console=ttyS0,115200n8 rw root=PARTUUID=b1791faa-84e8-4e27-83a1-9fb0a77e8803 rootwait gpt debug noinitrd earlyprintk init=/bin/bash
[    0.000000] PID hash table entries: 4096 (order: 2, 16384 bytes)
[    0.000000] Dentry cache hash table entries: 131072 (order: 7, 524288 bytes)
[    0.000000] Inode-cache hash table entries: 65536 (order: 6, 262144 bytes)
[    0.000000] Memory: 1994996K/2096128K available (9529K kernel code, 1142K rwdata, 4476K rodata, 2048K init, 343K bss, 35596K reserved, 65536K cma-reserved, 1244160K highmem)
[    0.000000] Virtual kernel memory layout:
[    0.000000]     vector  : 0xffff0000 - 0xffff1000   (   4 kB)
[    0.000000]     fixmap  : 0xffc00000 - 0xfff00000   (3072 kB)
[    0.000000]     vmalloc : 0xf0800000 - 0xff800000   ( 240 MB)
[    0.000000]     lowmem  : 0xc0000000 - 0xf0000000   ( 768 MB)
[    0.000000]     pkmap   : 0xbfe00000 - 0xc0000000   (   2 MB)
[    0.000000]     modules : 0xbf000000 - 0xbfe00000   (  14 MB)
[    0.000000]       .text : 0xc0208000 - 0xc10ad590   (14998 kB)
[    0.000000]       .init : 0xc1100000 - 0xc1300000   (2048 kB)
[    0.000000]       .data : 0xc1300000 - 0xc141dba0   (1143 kB)
[    0.000000]        .bss : 0xc141f000 - 0xc1474ca0   ( 344 kB)
[    0.000000] SLUB: HWalign=64, Order=0-3, MinObjects=0, CPUs=4, Nodes=1
[    0.000000] Hierarchical RCU implementation.
[    0.000000] 	Build-time adjustment of leaf fanout to 32.
[    0.000000] 	RCU restricting CPUs from NR_CPUS=16 to nr_cpu_ids=4.
[    0.000000] RCU: Adjusting geometry for rcu_fanout_leaf=32, nr_cpu_ids=4
[    0.000000] NR_IRQS:16 nr_irqs:16 16
[    0.000000] /interrupt-controller@60004000: 160 interrupts forwarded to /interrupt-controller@0,50041000
[    0.000000] Tegra clk 127: register failed with -17
[    0.000010] sched_clock: 32 bits at 1000kHz, resolution 1000ns, wraps every 2147483647500ns
[    0.000031] clocksource: timer_us: mask: 0xffffffff max_cycles: 0xffffffff, max_idle_ns: 1911260446275 ns
[    0.000045] Switching to timer-based delay loop, resolution 1000ns
[    0.005346] Architected cp15 timer(s) running at 12.00MHz (virt).
[    0.005363] clocksource: arch_sys_counter: mask: 0xffffffffffffff max_cycles: 0x2c47f4ee7, max_idle_ns: 440795202497 ns
[    0.005381] sched_clock: 56 bits at 12MHz, resolution 83ns, wraps every 4398046511096ns
[    0.005394] Switching to timer-based delay loop, resolution 83ns
[    0.005900] Console: colour dummy device 80x30
[    0.005925] Calibrating delay loop (skipped), value calculated using timer frequency.. 24.00 BogoMIPS (lpj=60000)
[    0.005939] pid_max: default: 32768 minimum: 301
[    0.006035] Mount-cache hash table entries: 2048 (order: 1, 8192 bytes)
[    0.006047] Mountpoint-cache hash table entries: 2048 (order: 1, 8192 bytes)
[    0.006647] CPU: Testing write buffer coherency: ok
[    0.006865] /cpus/cpu@0 missing clock-frequency property
[    0.006909] /cpus/cpu@1 missing clock-frequency property
[    0.006951] /cpus/cpu@2 missing clock-frequency property
[    0.006994] /cpus/cpu@3 missing clock-frequency property
[    0.007005] CPU0: thread -1, cpu 0, socket 0, mpidr 80000000
[    0.007026] Setting up static identity map for 0x80300000 - 0x80300098
[    0.010572] Tegra Revision: A01 SKU: 129 CPU Process: 1 SoC Process: 1
[    0.012012] CPU1: thread -1, cpu 1, socket 0, mpidr 80000001
[    0.015707] CPU2: thread -1, cpu 2, socket 0, mpidr 80000002
[    0.020703] CPU3: thread -1, cpu 3, socket 0, mpidr 80000003
[    0.025163] Brought up 4 CPUs
[    0.025182] SMP: Total of 4 processors activated (96.00 BogoMIPS).
[    0.025189] CPU: All CPU(s) started in SVC mode.
[    0.026666] devtmpfs: initialized
[    0.045604] VFP support v0.3: implementor 41 architecture 4 part 30 variant f rev 0
[    0.046299] clocksource: jiffies: mask: 0xffffffff max_cycles: 0xffffffff, max_idle_ns: 9556302231375000 ns
[    0.047672] pinctrl core: initialized pinctrl subsystem
[    0.049349] NET: Registered protocol family 16
[    0.051320] DMA: preallocated 256 KiB pool for atomic coherent allocations
[    0.065294] cpuidle: using governor menu
[    0.084805] No ATAGs?
[    0.084832] hw-breakpoint: found 5 (+1 reserved) breakpoint and 4 watchpoint registers.
[    0.084843] hw-breakpoint: maximum watchpoint size is 8 bytes.
[    0.091140] Serial: AMBA PL011 UART driver
[    0.120447] +5V_SYS: supplied by +VDD_MUX
[    0.120772] +3.3V_SYS: supplied by +VDD_MUX
[    0.121422] +USB0_VBUS_SW: Failed to request enable GPIO108: -517
[    0.121437] reg-fixed-voltage regulators:regulator@7: Failed to register regulator: -517
[    0.121529] +5V_USB_HS: Failed to request enable GPIO109: -517
[    0.121542] reg-fixed-voltage regulators:regulator@8: Failed to register regulator: -517
[    0.121712] +1.05V_RUN_AVDD_HDMI_PLL: Failed to request enable GPIO63: -517
[    0.121724] reg-fixed-voltage regulators:regulator@11: Failed to register regulator: -517
[    0.121812] +5V_HDMI_CON: Failed to request enable GPIO86: -517
[    0.121824] reg-fixed-voltage regulators:regulator@12: Failed to register regulator: -517
[    0.121913] +5V_SATA: Failed to request enable GPIO242: -517
[    0.121924] reg-fixed-voltage regulators:regulator@13: Failed to register regulator: -517
[    0.122011] +12V_SATA: Failed to request enable GPIO242: -517
[    0.122022] reg-fixed-voltage regulators:regulator@14: Failed to register regulator: -517
[    0.125380] vgaarb: loaded
[    0.126227] SCSI subsystem initialized
[    0.126390] libata version 3.00 loaded.
[    0.126665] usbcore: registered new interface driver usbfs
[    0.126736] usbcore: registered new interface driver hub
[    0.126800] usbcore: registered new device driver usb
[    0.130623] pps_core: LinuxPPS API ver. 1 registered
[    0.130633] pps_core: Software ver. 5.3.6 - Copyright 2005-2007 Rodolfo Giometti <giometti@linux.it>
[    0.130655] PTP clock support registered
[    0.130859] EDAC MC: Ver: 3.0.0
[    0.134033] clocksource: Switched to clocksource arch_sys_counter
[    0.145290] NET: Registered protocol family 2
[    0.145813] TCP established hash table entries: 8192 (order: 3, 32768 bytes)
[    0.145911] TCP bind hash table entries: 8192 (order: 4, 65536 bytes)
[    0.146098] TCP: Hash tables configured (established 8192 bind 8192)
[    0.146149] UDP hash table entries: 512 (order: 2, 16384 bytes)
[    0.146190] UDP-Lite hash table entries: 512 (order: 2, 16384 bytes)
[    0.146348] NET: Registered protocol family 1
[    0.146579] RPC: Registered named UNIX socket transport module.
[    0.146589] RPC: Registered udp transport module.
[    0.146596] RPC: Registered tcp transport module.
[    0.146604] RPC: Registered tcp NFSv4.1 backchannel transport module.
[    0.146614] PCI: CLS 0 bytes, default 64
[    0.147802] hw perfevents: enabled with armv7_cortex_a15 PMU driver, 7 counters available
[    0.149349] futex hash table entries: 1024 (order: 4, 65536 bytes)
[    0.150063] workingset: timestamp_bits=28 max_order=19 bucket_order=0
[    0.161565] squashfs: version 4.0 (2009/01/31) Phillip Lougher
[    0.162418] NFS: Registering the id_resolver key type
[    0.162447] Key type id_resolver registered
[    0.162455] Key type id_legacy registered
[    0.162498] ntfs: driver 2.1.32 [Flags: R/O].
[    0.163805] bounce: pool size: 64 pages
[    0.164044] Block layer SCSI generic (bsg) driver version 0.4 loaded (major 248)
[    0.164054] io scheduler noop registered
[    0.164062] io scheduler deadline registered
[    0.164099] io scheduler cfq registered (default)
[    0.169955] usb2-0 supply vbus not found, using dummy regulator
[    0.170082] usb2-1 supply vbus not found, using dummy regulator
[    0.170484] tegra-xusb-padctl 7009f000.padctl: failed to setup XUSB ports: -517
[    0.187234] tegra-pcie 1003000.pcie-controller: 2x1, 1x1 configuration
[    0.187288] tegra-pcie 1003000.pcie-controller: Failed to get supply 'avddio-pex': -517
[    0.194711] tegra-apbdma 60020000.dma: Tegra20 APB DMA driver register 32 channels
[    0.196774] tegra-pmc 7000e400.pmc: emergency thermal reset enabled
[    0.260648] Serial: 8250/16550 driver, 4 ports, IRQ sharing disabled
[    0.263637] console [ttyS0] disabled
[    0.263671] 70006300.serial: ttyS0 at MMIO 0x70006300 (irq = 333, base_baud = 25500000) is a Tegra
[    1.114072] console [ttyS0] enabled
[    1.118485] SuperH (H)SCI(F) driver initialized
[    1.124127] msm_serial: driver initialized
[    1.128421] STMicroelectronics ASC driver initialized
[    1.134445] serial-tegra serial@70006000: failed to get alias id, errno -19
[    1.141472] serial-tegra serial@70006040: failed to get alias id, errno -19
[    1.151567] [drm] Initialized drm 1.1.0 20060810
[    1.159753] tegra-hdmi 54280000.hdmi: failed to get HDMI regulator
[    1.179553] brd: module loaded
[    1.188719] loop: module loaded
[    1.192347] at24 0-0056: 256 byte 24c02 EEPROM, writable, 8 bytes/write
[    1.200693] as3722 4-0040: AS3722 with revision 0x1 found
[    1.211883] as3722-sd2: supplied by +5V_SYS
[    1.216561] as3722-sd3: supplied by +5V_SYS
[    1.220975] +1.35V_LP0(sd3): Bringing 0uV into 1350000-1350000uV
[    1.227367] as3722-sd4: supplied by +5V_SYS
[    1.232034] as3722-sd5: supplied by +5V_SYS
[    1.238114] as3722-ldo0: supplied by +1.35V_LP0(sd2)
[    1.244245] +1.8V_RUN_CAM: Bringing 0uV into 1800000-1800000uV
[    1.250504] as3722-ldo2: supplied by +1.8V_VDDIO
[    1.256450] as3722-ldo3: supplied by +3.3V_SYS
[    1.260948] +1.05V_LP0_VDD_RTC: Bringing 1100000uV into 1000000-1000000uV
[    1.268771] as3722-ldo4: supplied by +3.3V_SYS
[    1.273452] +2.8V_RUN_CAM: Bringing 0uV into 2800000-2800000uV
[    1.279720] as3722-ldo5: supplied by +1.8V_VDDIO
[    1.284565] +1.2V_RUN_CAM_FRONT: Bringing 0uV into 1200000-1200000uV
[    1.291536] +VDDIO_SDMMC3: bypassed regulator has no supply!
[    1.297209] +VDDIO_SDMMC3: failed to get the current voltage(-517)
[    1.303399] as3722-regulator as3722-regulator: regulator 13 register failed -517
[    1.315718] tegra-ahci 70027000.sata: couldn't get PHY in node sata: -517
[    1.337662] m25p80 spi32765.0: w25q32dw (4096 Kbytes)
[    1.346273] libphy: Fixed MDIO Bus: probed
[    1.351086] CAN device driver interface
[    1.357090] igb: Intel(R) Gigabit Ethernet Network Driver - version 5.3.0-k
[    1.364056] igb: Copyright (c) 2007-2014 Intel Corporation.
[    1.373135] pegasus: v0.9.3 (2013/04/25), Pegasus/Pegasus II USB Ethernet driver
[    1.380589] usbcore: registered new interface driver pegasus
[    1.386319] usbcore: registered new interface driver asix
[    1.391768] usbcore: registered new interface driver ax88179_178a
[    1.397908] usbcore: registered new interface driver cdc_ether
[    1.403806] usbcore: registered new interface driver smsc75xx
[    1.409619] usbcore: registered new interface driver smsc95xx
[    1.415414] usbcore: registered new interface driver net1080
[    1.421123] usbcore: registered new interface driver cdc_subset
[    1.427103] usbcore: registered new interface driver zaurus
[    1.432753] usbcore: registered new interface driver cdc_ncm
[    1.438679] tegra-phy 7d004000.usb-phy: no vbus regulator
[    1.446327] ehci_hcd: USB 2.0 'Enhanced' Host Controller (EHCI) Driver
[    1.452866] ehci-pci: EHCI PCI platform driver
[    1.457361] ehci-platform: EHCI generic platform driver
[    1.462823] ehci-omap: OMAP-EHCI Host Controller driver
[    1.468207] ehci-orion: EHCI orion driver
[    1.472380] SPEAr-ehci: EHCI SPEAr driver
[    1.476560] ehci-st: EHCI STMicroelectronics driver
[    1.481609] ehci-exynos: EHCI EXYNOS driver
[    1.485977] ehci-atmel: EHCI Atmel driver
[    1.490151] tegra-ehci: Tegra EHCI driver
[    1.494419] ------------[ cut here ]------------
[    1.499058] WARNING: CPU: 0 PID: 1 at drivers/reset/core.c:187 __of_reset_control_get+0x1bc/0x228
[    1.507928] Modules linked in:
[    1.511005] CPU: 0 PID: 1 Comm: swapper/0 Not tainted 4.7.0-rc1-95164-g1a695a9 #1
[    1.518474] Hardware name: NVIDIA Tegra SoC (Flattened Device Tree)
[    1.524751] [<c030f9d0>] (unwind_backtrace) from [<c030b0c0>] (show_stack+0x10/0x14)
[    1.532493] [<c030b0c0>] (show_stack) from [<c05856e8>] (dump_stack+0x84/0xa4)
[    1.539712] [<c05856e8>] (dump_stack) from [<c0341b5c>] (__warn+0xd4/0x100)
[    1.546669] [<c0341b5c>] (__warn) from [<c0341ba8>] (warn_slowpath_null+0x20/0x28)
[    1.554231] [<c0341ba8>] (warn_slowpath_null) from [<c069fbd4>] (__of_reset_control_get+0x1bc/0x228)
[    1.563357] [<c069fbd4>] (__of_reset_control_get) from [<c0911ce8>] (tegra_ehci_probe+0x2d0/0x51c)
[    1.572310] [<c0911ce8>] (tegra_ehci_probe) from [<c0778efc>] (platform_drv_probe+0x50/0xb0)
[    1.580742] [<c0778efc>] (platform_drv_probe) from [<c0777860>] (driver_probe_device+0x1f4/0x2b0)
[    1.589608] [<c0777860>] (driver_probe_device) from [<c07779c8>] (__driver_attach+0xac/0xb0)
[    1.598037] [<c07779c8>] (__driver_attach) from [<c0775e74>] (bus_for_each_dev+0x54/0x88)
[    1.606207] [<c0775e74>] (bus_for_each_dev) from [<c0776e54>] (bus_add_driver+0xe8/0x1f4)
[    1.614378] [<c0776e54>] (bus_add_driver) from [<c07781e4>] (driver_register+0x78/0xf4)
[    1.622374] [<c07781e4>] (driver_register) from [<c0301e7c>] (do_one_initcall+0x3c/0x16c)
[    1.630546] [<c0301e7c>] (do_one_initcall) from [<c1100d80>] (kernel_init_freeable+0x120/0x1ec)
[    1.639241] [<c1100d80>] (kernel_init_freeable) from [<c0b5b4ec>] (kernel_init+0x8/0x118)
[    1.647413] [<c0b5b4ec>] (kernel_init) from [<c0307fb8>] (ret_from_fork+0x14/0x3c)
[    1.655006] ---[ end trace c4fa4bf9fcea028f ]---
[    1.659637] tegra-ehci 7d004000.usb: can't get utmi-pads reset from the PHY
[    1.666607] tegra-ehci 7d004000.usb: continuing, but please update your DT
[    1.673587] tegra-ehci 7d004000.usb: EHCI Host Controller
[    1.679039] tegra-ehci 7d004000.usb: new USB bus registered, assigned bus number 1
[    1.686878] tegra-ehci 7d004000.usb: irq 352, io mem 0x7d004000
[    1.699051] tegra-ehci 7d004000.usb: USB 2.0 started, EHCI 1.10
[    1.705823] hub 1-0:1.0: USB hub found
[    1.709623] hub 1-0:1.0: 1 port detected
[    1.714210] ohci_hcd: USB 1.1 'Open' Host Controller (OHCI) Driver
[    1.720426] ohci-pci: OHCI PCI platform driver
[    1.724935] ohci-platform: OHCI generic platform driver
[    1.730362] ohci-omap3: OHCI OMAP3 driver
[    1.734538] SPEAr-ohci: OHCI SPEAr driver
[    1.738699] ohci-st: OHCI STMicroelectronics driver
[    1.743746] ohci-atmel: OHCI Atmel driver
[    1.748607] usbcore: registered new interface driver usb-storage
[    1.756404] mousedev: PS/2 mouse device common for all mice
[    1.765549] as3722-rtc as3722-rtc: rtc core: registered as3722-rtc as rtc0
[    1.772436] as3722-rtc as3722-rtc: RTC interrupt 375
[    1.780836] tegra_rtc 7000e000.rtc: rtc core: registered 7000e000.rtc as rtc1
[    1.788020] tegra_rtc 7000e000.rtc: Tegra internal Real Time Clock
[    1.794816] i2c /dev entries driver
[    1.805483] 0-004c supply vcc not found, using dummy regulator
[    1.821208] sdhci: Secure Digital Host Controller Interface driver
[    1.827402] sdhci: Copyright(c) Pierre Ossman
[    1.833483] Synopsys Designware Multimedia Card Interface Driver
[    1.840722] sdhci-pltfm: SDHCI platform and OF driver helper
[    1.847228] sdhci-tegra 700b0400.sdhci: Got CD GPIO
[    1.852136] sdhci-tegra 700b0400.sdhci: Got WP GPIO
[    1.857078] mmc0: Unknown controller version (3). You may experience problems.
[    1.864559] mmc0: Unknown controller version (3). You may experience problems.
[    1.871847] mmc0: Invalid maximum block size, assuming 512 bytes
[    1.909054] mmc0: SDHCI controller on 700b0600.sdhci [700b0600.sdhci] using ADMA 64-bit
[    1.918788] ledtrig-cpu: registered to indicate activity on CPUs
[    1.925144] usbcore: registered new interface driver usbhid
[    1.930725] usbhid: USB HID core driver
[    1.939152] tegra124-dfll 70110000.clock: couldn't get vdd_cpu regulator
[    1.950821] NET: Registered protocol family 10
[    1.955947] sit: IPv6 over IPv4 tunneling driver
[    1.961280] NET: Registered protocol family 17
[    1.965766] can: controller area network core (rev 20120528 abi 9)
[    1.972026] NET: Registered protocol family 29
[    1.976504] can: raw protocol (rev 20120528)
[    1.980793] can: broadcast manager protocol (rev 20120528 t)
[    1.986473] can: netlink gateway (rev 20130117) max_hops=1
[    1.992358] Key type dns_resolver registered
[    1.997294] ThumbEE CPU extension supported.
[    2.001594] Registering SWP/SWPB emulation handler
[    2.010768] +3.3V_RUN: supplied by +3.3V_SYS
[    2.016342] +3.3V_AVDD_HDMI_AP_GATED: supplied by +3.3V_RUN
[    2.022490] +USB0_VBUS_SW: supplied by +5V_SYS
[    2.027618] +5V_USB_HS: supplied by +5V_SYS
[    2.033368] +3.3V_LP0: supplied by +3.3V_SYS
[    2.039538] +5V_HDMI_CON: supplied by +5V_SYS
[    2.044641] +5V_SATA: supplied by +5V_SYS
[    2.049183] +12V_SATA: supplied by +VDD_MUX
[    2.055446] usb2-0 supply vbus not found, using dummy regulator
[    2.060795] mmc0: new high speed MMC card at address 0001
[    2.061912] mmcblk0: mmc0:0001 SEM16G 14.7 GiB 
[    2.063019] mmcblk0boot0: mmc0:0001 SEM16G partition 1 4.00 MiB
[    2.064218] mmcblk0boot1: mmc0:0001 SEM16G partition 2 4.00 MiB
[    2.065265] mmcblk0rpmb: mmc0:0001 SEM16G partition 3 4.00 MiB
[    2.067580]  mmcblk0: p1
[    2.091839] usb2-1 supply vbus not found, using dummy regulator
[    2.098147] usb3-0 supply vbus not found, using dummy regulator
[    2.105397] tegra-pcie 1003000.pcie-controller: 2x1, 1x1 configuration
[    2.112038] tegra-pcie 1003000.pcie-controller: Failed to get supply 'avddio-pex': -517
[    2.121893] tegra-hdmi 54280000.hdmi: failed to get PLL regulator
[    2.133004] as3722-sd2: supplied by +5V_SYS
[    2.137655] as3722-sd3: supplied by +5V_SYS
[    2.142276] as3722-sd4: supplied by +5V_SYS
[    2.146820] +1.05V_RUN_AVDD_HDMI_PLL: supplied by +1.05V_RUN
[    2.152656] as3722-sd5: supplied by +5V_SYS
[    2.158671] as3722-ldo0: supplied by +1.35V_LP0(sd2)
[    2.164814] as3722-ldo1: supplied by +3.3V_RUN
[    2.169618] as3722-ldo2: supplied by +1.8V_VDDIO
[    2.175157] as3722-ldo3: supplied by +3.3V_SYS
[    2.180490] as3722-ldo4: supplied by +3.3V_SYS
[    2.185216] as3722-ldo5: supplied by +1.8V_VDDIO
[    2.190115] as3722-ldo6: supplied by +3.3V_RUN
[    2.194845] as3722-ldo7: supplied by +1.8V_VDDIO
[    2.200209] +1.05V_RUN_CAM_REAR: Bringing 0uV into 1050000-1050000uV
[    2.207315] as3722-ldo9: supplied by +5V_SYS
[    2.212805] +3.3V_RUN_TOUCH: Bringing 0uV into 2800000-2800000uV
[    2.219423] as3722-ldo10: supplied by +5V_SYS
[    2.224287] +2.8V_RUN_CAM_AF: Bringing 0uV into 2800000-2800000uV
[    2.231128] as3722-ldo11: supplied by +3.3V_RUN
[    2.236449] +1.8V_RUN_VPP_FUSE: Bringing 0uV into 1800000-1800000uV
[    2.246081] tegra-ahci 70027000.sata: AHCI 0001.0301 32 slots 2 ports 3 Gbps 0x1 impl platform mode
[    2.255159] tegra-ahci 70027000.sata: flags: 64bit ncq sntf pm led pio slum part sadm sds apst 
[    2.266012] scsi host0: tegra-ahci
[    2.270631] scsi host1: tegra-ahci
[    2.274430] ata1: SATA max UDMA/133 mmio [mem 0x70027000-0x70028fff] port 0x100 irq 343
[    2.282442] ata2: DUMMY
[    2.288081] tegra-ehci 7d008000.usb: EHCI Host Controller
[    2.293536] tegra-ehci 7d008000.usb: new USB bus registered, assigned bus number 2
[    2.301296] tegra-ehci 7d008000.usb: irq 353, io mem 0x7d008000
[    2.314152] tegra-ehci 7d008000.usb: USB 2.0 started, EHCI 1.10
[    2.321260] hub 2-0:1.0: USB hub found
[    2.325117] hub 2-0:1.0: 1 port detected
[    2.331606] sdhci-tegra 700b0400.sdhci: Got CD GPIO
[    2.336557] sdhci-tegra 700b0400.sdhci: Got WP GPIO
[    2.341548] mmc1: Unknown controller version (3). You may experience problems.
[    2.349069] mmc1: Invalid maximum block size, assuming 512 bytes
[    2.389625] mmc1: SDHCI controller on 700b0400.sdhci [700b0400.sdhci] using ADMA 64-bit
[    2.402245] tegra-pcie 1003000.pcie-controller: 2x1, 1x1 configuration
[    2.413267] tegra-pcie 1003000.pcie-controller: probing port 0, using 2 lanes
[    2.423633] tegra-pcie 1003000.pcie-controller: Slot present pin change, signature: 00000008
[    2.446758] tegra-pcie 1003000.pcie-controller: probing port 1, using 1 lanes
[    2.456029] tegra-pcie 1003000.pcie-controller: Slot present pin change, signature: 00000000
[    2.470912] tegra-pcie 1003000.pcie-controller: PCI host bridge to bus 0000:00
[    2.478164] pci_bus 0000:00: root bus resource [io  0x0000-0xffff]
[    2.484368] pci_bus 0000:00: root bus resource [mem 0x13000000-0x1fffffff]
[    2.491280] pci_bus 0000:00: root bus resource [mem 0x20000000-0x3fffffff pref]
[    2.498626] pci_bus 0000:00: root bus resource [bus 00-ff]
[    2.504198] pci 0000:00:01.0: [10de:0e12] type 01 class 0x060400
[    2.510370] pci 0000:00:01.0: PME# supported from D0 D1 D2 D3hot D3cold
[    2.517375] pci 0000:00:02.0: [10de:0e13] type 01 class 0x060400
[    2.523557] pci 0000:00:02.0: PME# supported from D0 D1 D2 D3hot D3cold
[    2.530622] PCI: bus0: Fast back to back transfers disabled
[    2.536236] pci 0000:00:01.0: bridge configuration invalid ([bus 00-00]), reconfiguring
[    2.544292] pci 0000:00:02.0: bridge configuration invalid ([bus 00-00]), reconfiguring
[    2.552585] pci 0000:01:00.0: [8086:4232] type 00 class 0x028000
[    2.558680] pci 0000:01:00.0: reg 0x10: [mem 0x00000000-0x00001fff 64bit]
[    2.565729] pci 0000:01:00.0: PME# supported from D0 D3hot D3cold
[    2.579185] PCI: bus1: Fast back to back transfers disabled
[    2.584823] pci_bus 0000:01: busn_res: [bus 01-ff] end is updated to 01
[    2.591755] pci 0000:02:00.0: [10ec:8168] type 00 class 0x020000
[    2.597779] ata1: SATA link down (SStatus 0 SControl 300)
[    2.603259] pci 0000:02:00.0: reg 0x10: [io  0x0000-0x00ff]
[    2.608914] pci 0000:02:00.0: reg 0x18: [mem 0x00000000-0x00000fff 64bit]
[    2.615771] pci 0000:02:00.0: reg 0x20: [mem 0x00000000-0x00003fff 64bit pref]
[    2.623200] pci 0000:02:00.0: supports D1 D2
[    2.627514] pci 0000:02:00.0: PME# supported from D0 D1 D2 D3hot D3cold
[    2.644178] PCI: bus2: Fast back to back transfers disabled
[    2.649785] pci_bus 0000:02: busn_res: [bus 02-ff] end is updated to 02
[    2.656583] pci 0000:00:01.0: BAR 8: assigned [mem 0x13000000-0x130fffff]
[    2.663415] pci 0000:00:02.0: BAR 8: assigned [mem 0x13100000-0x131fffff]
[    2.670255] pci 0000:00:02.0: BAR 9: assigned [mem 0x20000000-0x200fffff 64bit pref]
[    2.678044] pci 0000:00:02.0: BAR 7: assigned [io  0x1000-0x1fff]
[    2.684192] pci 0000:01:00.0: BAR 0: assigned [mem 0x13000000-0x13001fff 64bit]
[    2.691573] pci 0000:00:01.0: PCI bridge to [bus 01]
[    2.696593] pci 0000:00:01.0:   bridge window [mem 0x13000000-0x130fffff]
[    2.703445] pci 0000:02:00.0: BAR 4: assigned [mem 0x20000000-0x20003fff 64bit pref]
[    2.711256] pci 0000:02:00.0: BAR 2: assigned [mem 0x13100000-0x13100fff 64bit]
[    2.718633] pci 0000:02:00.0: BAR 0: assigned [io  0x1000-0x10ff]
[    2.724781] pci 0000:00:02.0: PCI bridge to [bus 02]
[    2.729795] pci 0000:00:02.0:   bridge window [io  0x1000-0x1fff]
[    2.735941] pci 0000:00:02.0:   bridge window [mem 0x13100000-0x131fffff]
[    2.742776] pci 0000:00:02.0:   bridge window [mem 0x20000000-0x200fffff 64bit pref]
[    2.750604] pci 0000:00:01.0: nv_msi_ht_cap_quirk didn't locate host bridge
[    2.757735] pcieport 0000:00:01.0: enabling device (0140 -> 0142)
[    2.764183] pcieport 0000:00:01.0: Signaling PME through PCIe PME interrupt
[    2.771187] pci 0000:01:00.0: Signaling PME through PCIe PME interrupt
[    2.777765] pcie_pme 0000:00:01.0:pcie001: service driver pcie_pme loaded
[    2.784706] pci 0000:00:02.0: nv_msi_ht_cap_quirk didn't locate host bridge
[    2.791831] pcieport 0000:00:02.0: enabling device (0140 -> 0143)
[    2.798246] pcieport 0000:00:02.0: Signaling PME through PCIe PME interrupt
[    2.805247] pci 0000:02:00.0: Signaling PME through PCIe PME interrupt
[    2.811821] pcie_pme 0000:00:02.0:pcie001: service driver pcie_pme loaded
[    2.818994] r8169 Gigabit Ethernet driver 2.3LK-NAPI loaded
[    2.824636] r8169 0000:02:00.0: enabling device (0140 -> 0143)
[    2.840845] r8169 0000:02:00.0 eth0: RTL8168g/8111g at 0xf0a52000, 00:04:4b:3a:d9:81, XID 0c000800 IRQ 393
[    2.850562] r8169 0000:02:00.0 eth0: jumbo features [frames: 9200 bytes, tx checksumming: ko]
[    2.863120] [drm] Supports vblank timestamp caching Rev 2 (21.10.2013).
[    2.869781] [drm] No driver support for vblank timestamp query.
[    2.877648] mmc1: new high speed SDHC card at address aaaa
[    2.884166] mmcblk1: mmc1:aaaa SD04G 3.69 GiB 
[    2.899338]  mmcblk1: p1 p2 p3
[    2.994436] tegra-hdmi 54280000.hdmi: cannot set audio to 44100 at 297000000 pclk
[    3.164696] Console: switching to colour frame buffer device 512x135
[    3.259070] drm drm: fb0:  frame buffer device
[    3.274158] [drm] Initialized tegra 0.0.0 20120330 on minor 0
[    3.281684] of: dev_pm_opp_of_cpumask_add_table: couldn't find opp table for cpu:0, -19
[    3.289739] cpufreq: cpufreq_online: CPU0: Running at unlisted freq: 696000 KHz
[    3.297064] cpufreq: cpufreq_online: CPU0: Unlisted initial frequency changed to: 714000 KHz
[    3.305670] cpu cpu1: cpufreq_init: failed to get clk: -2
[    3.311151] cpu cpu2: cpufreq_init: failed to get clk: -2
[    3.316624] cpu cpu3: cpufreq_init: failed to get clk: -2
[    3.322703] input: gpio-keys as /devices/soc0/gpio-keys/input/input0
[    3.331401] as3722-rtc as3722-rtc: setting system clock to 2000-01-01 00:06:01 UTC (946685161)
[    3.371257] +USB0_VBUS_SW: disabling
[    3.375009] +1.8V_RUN_CAM: disabling
[    3.379658] +2.8V_RUN_CAM: disabling
[    3.384267] +1.2V_RUN_CAM_FRONT: disabling
[    3.389394] +1.05V_RUN_CAM_REAR: disabling
[    3.390438] +3.3V_RUN_TOUCH: disabling
[    3.390767] +2.8V_RUN_CAM_AF: disabling
[    3.391765] +1.8V_RUN_VPP_FUSE: disabling
[    3.409229] EXT4-fs (mmcblk0p1): mounting ext3 file system using the ext4 subsystem
[    3.441597] EXT4-fs (mmcblk0p1): recovery complete
[    3.446549] EXT4-fs (mmcblk0p1): mounted filesystem with ordered data mode. Opts: (null)
[    3.454774] VFS: Mounted root (ext3 filesystem) on device 179:1.
[    3.468582] devtmpfs: mounted
[    3.477215] Freeing unused kernel memory: 2048K (c1100000 - c1300000)
bash: cannot set terminal process group (-1): Inappropriate ioctl for device
bash: no job control in this shell
root@(none):/# mount -t sysfs none /sys
root@(none):/# 
root@(none):/# mount -t debugfs none /sys/kernel/debug
root@(none):/# 
root@(none):/# rtcwake -d rtc1 -m mem -s 3
rtcwake: assuming RTC uses UTC ...
rtcwake: wakeup from "mem" using /dev/rtc1 at Thu Jan  1 00:00:20 1970
[    6.406177] PM: Syncing filesystems ... done.
[    6.668543] Freezing user space processes ... (elapsed 0.001 seconds) done.
[    6.677250] Freezing remaining freezable tasks ... (elapsed 0.001 seconds) done.
[    6.686497] Suspending console(s) (use no_console_suspend to debug)
[    6.786656] PM: suspend of devices complete after 91.176 msecs
[    6.791528] PM: late suspend of devices complete after 4.846 msecs
[    6.807689] PM: noirq suspend of devices complete after 16.141 msecs
[    6.807696] Disabling non-boot CPUs ...
[    6.808590] IRQ17 no longer affine to CPU1
[    6.809375] CPU1: shutdown
[    6.839256] CPU2: shutdown
[    6.858622] CPU3: shutdown
[    6.876475] Entering suspend state LP1
[    6.876490] Enabling non-boot CPUs ...
[    6.899824] cpu cpu1: cpufreq_init: failed to get clk: -2
[    6.899920] CPU1 is up
[    6.924880] cpu cpu2: cpufreq_init: failed to get clk: -2
[    6.924976] CPU2 is up
[    6.950020] cpu cpu3: cpufreq_init: failed to get clk: -2
[    6.950127] CPU3 is up
[    6.950803] pcieport 0000:00:01.0: nv_msi_ht_cap_quirk didn't locate host bridge
[    6.950865] pcieport 0000:00:02.0: nv_msi_ht_cap_quirk didn't locate host bridge
[    6.964116] PM: noirq resume of devices complete after 13.982 msecs
[    6.965242] PM: early resume of devices complete after 0.810 msecs
[    6.969076] tegra-hdmi 54280000.hdmi: cannot set audio to 44100 at 297000000 pclk
[    7.048938] PM: resume of devices complete after 83.686 msecs
[    7.155269] Restarting tasks ... done.
root@(none):/# 
root@(none):/# [    7.281870] ata1: SATA link down (SStatus 0 SControl 300)
rtcwake -d rtc1 -m mem -s 3
rtcwake: assuming RTC uses UTC ...
rtcwake: wakeup from "mem" using /dev/rtc1 at Thu Jan  1 00:00:25 1970
[    8.400482] PM: Syncing filesystems ... done.
[    8.617220] Freezing user space processes ... (elapsed 0.001 seconds) done.
[    8.625883] Freezing remaining freezable tasks ... (elapsed 0.001 seconds) done.
[    8.635062] Suspending console(s) (use no_console_suspend to debug)
[    8.761827] PM: suspend of devices complete after 117.647 msecs
[    8.768872] PM: late suspend of devices complete after 7.018 msecs
[    8.787466] PM: noirq suspend of devices complete after 18.575 msecs
[    8.787473] Disabling non-boot CPUs ...
[    8.789159] CPU1: shutdown
[    8.814169] CPU2: shutdown
[    8.832910] IRQ17 no longer affine to CPU3
[    8.833683] CPU3: shutdown
[    8.851423] Entering suspend state LP1
[    8.851437] Enabling non-boot CPUs ...
[    8.874785] cpu cpu1: cpufreq_init: failed to get clk: -2
[    8.874883] CPU1 is up
[    8.899854] cpu cpu2: cpufreq_init: failed to get clk: -2
[    8.899952] CPU2 is up
[    8.924980] cpu cpu3: cpufreq_init: failed to get clk: -2
[    8.925093] CPU3 is up
[    8.925856] pcieport 0000:00:01.0: nv_msi_ht_cap_quirk didn't locate host bridge
[    8.925859] pcieport 0000:00:02.0: nv_msi_ht_cap_quirk didn't locate host bridge
[    8.939090] PM: noirq resume of devices complete after 13.991 msecs
[    8.940961] PM: early resume of devices complete after 1.554 msecs
[    8.943525] tegra-hdmi 54280000.hdmi: cannot set audio to 44100 at 297000000 pclk
[    9.023379] PM: resume of devices complete after 82.407 msecs
[    9.129851] Restarting tasks ... done.
root@(none):/# 
root@(none):/# [    9.256664] ata1: SATA link down (SStatus 0 SControl 300)
rtcwake -d rtc1 -m mem -s 3
rtcwake: assuming RTC uses UTC ...
rtcwake: wakeup from "mem" using /dev/rtc1 at Thu Jan  1 00:00:30 1970
[   10.380226] PM: Syncing filesystems ... done.
[   10.603616] Freezing user space processes ... (elapsed 0.001 seconds) done.
[   10.612253] Freezing remaining freezable tasks ... (elapsed 0.001 seconds) done.
[   10.621442] Suspending console(s) (use no_console_suspend to debug)
[   10.731826] PM: suspend of devices complete after 101.407 msecs
[   10.738002] PM: late suspend of devices complete after 6.149 msecs
[   10.757599] PM: noirq suspend of devices complete after 19.577 msecs
[   10.757606] Disabling non-boot CPUs ...
[   10.759248] CPU1: shutdown
[   10.788537] IRQ17 no longer affine to CPU2
[   10.789293] CPU2: shutdown
[   10.808311] CPU3: shutdown
[   10.826450] Entering suspend state LP1
[   10.826464] Enabling non-boot CPUs ...
[   10.849767] cpu cpu1: cpufreq_init: failed to get clk: -2
[   10.849865] CPU1 is up
[   10.874826] cpu cpu2: cpufreq_init: failed to get clk: -2
[   10.874923] CPU2 is up
[   10.899962] cpu cpu3: cpufreq_init: failed to get clk: -2
[   10.900069] CPU3 is up
[   10.900810] pcieport 0000:00:02.0: nv_msi_ht_cap_quirk didn't locate host bridge
[   10.900812] pcieport 0000:00:01.0: nv_msi_ht_cap_quirk didn't locate host bridge
[   10.914060] PM: noirq resume of devices complete after 13.985 msecs
[   10.915836] PM: early resume of devices complete after 1.460 msecs
[   10.919120] tegra-hdmi 54280000.hdmi: cannot set audio to 44100 at 297000000 pclk
[   10.999048] PM: resume of devices complete after 83.202 msecs
[   11.106393] Restarting tasks ... done.
[   11.234898] ata1: SATA link down (SStatus 0 SControl 300)
root@(none):/# 
root@(none):/# rtcwake -d rtc1 -m mem -s 3
rtcwake: assuming RTC uses UTC ...
rtcwake: wakeup from "mem" using /dev/rtc1 at Thu Jan  1 00:00:35 1970
[   12.355416] PM: Syncing filesystems ... done.
[   12.614577] Freezing user space processes ... (elapsed 0.001 seconds) done.
[   12.623138] Freezing remaining freezable tasks ... (elapsed 0.001 seconds) done.
[   12.631801] Suspending console(s) (use no_console_suspend to debug)
[   12.745543] PM: suspend of devices complete after 106.772 msecs
[   12.747364] PM: late suspend of devices complete after 1.812 msecs
[   12.759637] PM: noirq suspend of devices complete after 12.268 msecs
[   12.759639] Disabling non-boot CPUs ...
[   12.760024] CPU1: shutdown
[   12.775070] CPU2: shutdown
[   12.789724] IRQ17 no longer affine to CPU3
[   12.789921] CPU3: shutdown
[   12.804424] Entering suspend state LP1
[   12.804437] Enabling non-boot CPUs ...
[   12.829643] cpu cpu1: cpufreq_init: failed to get clk: -2
[   12.829728] CPU1 is up
[   12.854675] cpu cpu2: cpufreq_init: failed to get clk: -2
[   12.854756] CPU2 is up
[   12.879784] cpu cpu3: cpufreq_init: failed to get clk: -2
[   12.879878] CPU3 is up
[   12.880523] pcieport 0000:00:02.0: nv_msi_ht_cap_quirk didn't locate host bridge
[   12.880535] pcieport 0000:00:01.0: nv_msi_ht_cap_quirk didn't locate host bridge
[   12.894030] PM: noirq resume of devices complete after 14.147 msecs
[   12.895369] PM: early resume of devices complete after 1.029 msecs
[   12.898835] tegra-hdmi 54280000.hdmi: cannot set audio to 44100 at 297000000 pclk
[   12.977808] PM: resume of devices complete after 82.429 msecs
[   13.084213] Restarting tasks ... done.
root@(none):/# 
root@(none):/# [   13.211558] ata1: SATA link down (SStatus 0 SControl 300)
rtcwake -d rtc1 -m mem -s 3
rtcwake: assuming RTC uses UTC ...
rtcwake: wakeup from "mem" using /dev/rtc1 at Thu Jan  1 00:00:40 1970
[   14.336124] PM: Syncing filesystems ... done.
[   14.569419] Freezing user space processes ... (elapsed 0.001 seconds) done.
[   14.578054] Freezing remaining freezable tasks ... (elapsed 0.001 seconds) done.
[   14.587201] Suspending console(s) (use no_console_suspend to debug)
[   14.686619] PM: suspend of devices complete after 90.493 msecs
[   14.691470] PM: late suspend of devices complete after 4.825 msecs
[   14.707429] PM: noirq suspend of devices complete after 15.940 msecs
[   14.707436] Disabling non-boot CPUs ...
[   14.709130] CPU1: shutdown
[   14.734147] CPU2: shutdown
[   14.752860] IRQ17 no longer affine to CPU3
[   14.753566] CPU3: shutdown
[   14.771353] Entering suspend state LP1
[   14.771368] Enabling non-boot CPUs ...
[   14.794715] cpu cpu1: cpufreq_init: failed to get clk: -2
[   14.794811] CPU1 is up
[   14.819787] cpu cpu2: cpufreq_init: failed to get clk: -2
[   14.819884] CPU2 is up
[   14.844912] cpu cpu3: cpufreq_init: failed to get clk: -2
[   14.845020] CPU3 is up
[   14.845733] pcieport 0000:00:02.0: nv_msi_ht_cap_quirk didn't locate host bridge
[   14.845735] pcieport 0000:00:01.0: nv_msi_ht_cap_quirk didn't locate host bridge
[   14.859007] PM: noirq resume of devices complete after 13.982 msecs
[   14.860105] PM: early resume of devices complete after 0.771 msecs
[   14.863430] tegra-hdmi 54280000.hdmi: cannot set audio to 44100 at 297000000 pclk
[   14.943197] PM: resume of devices complete after 83.084 msecs
[   15.049591] Restarting tasks ... done.
root@(none):/# 
root@(none):/# [   15.176255] ata1: SATA link down (SStatus 0 SControl 300)
rtcwake -d rtc1 -m mem -s 3
rtcwake: assuming RTC uses UTC ...
rtcwake: wakeup from "mem" using /dev/rtc1 at Thu Jan  1 00:00:45 1970
[   16.306310] PM: Syncing filesystems ... done.
[   16.565719] Freezing user space processes ... (elapsed 0.001 seconds) done.
[   16.574699] Freezing remaining freezable tasks ... (elapsed 0.001 seconds) done.
[   16.584270] Suspending console(s) (use no_console_suspend to debug)
[   16.697346] PM: suspend of devices complete after 102.853 msecs
[   16.704683] PM: late suspend of devices complete after 7.303 msecs
[   16.724382] PM: noirq suspend of devices complete after 19.665 msecs
[   16.724393] Disabling non-boot CPUs ...
[   16.726785] CPU1: shutdown
[   16.746591] CPU2: shutdown
[   16.764639] IRQ17 no longer affine to CPU3
[   16.765659] CPU3: shutdown
[   16.792471] Entering suspend state LP1
[   16.792485] Enabling non-boot CPUs ...
[   16.814674] cpu cpu1: cpufreq_init: failed to get clk: -2
[   16.814771] CPU1 is up
[   16.839736] cpu cpu2: cpufreq_init: failed to get clk: -2
[   16.839831] CPU2 is up
[   16.864874] cpu cpu3: cpufreq_init: failed to get clk: -2
[   16.864981] CPU3 is up
[   16.865679] pcieport 0000:00:01.0: nv_msi_ht_cap_quirk didn't locate host bridge
[   16.865721] pcieport 0000:00:02.0: nv_msi_ht_cap_quirk didn't locate host bridge
[   16.878987] PM: noirq resume of devices complete after 14.000 msecs
[   16.880853] PM: early resume of devices complete after 1.522 msecs
[   16.884045] tegra-hdmi 54280000.hdmi: cannot set audio to 44100 at 297000000 pclk
[   16.963857] PM: resume of devices complete after 82.994 msecs
[   17.070330] Restarting tasks ... done.
root@(none):/# 
root@(none):/# [   17.196290] ata1: SATA link down (SStatus 0 SControl 300)
rtcwake -d rtc1 -m mem -s 3
rtcwake: assuming RTC uses UTC ...
rtcwake: wakeup from "mem" using /dev/rtc1 at Thu Jan  1 00:00:50 1970
[   18.335818] PM: Syncing filesystems ... done.
[   18.596165] Freezing user space processes ... (elapsed 0.001 seconds) done.
[   18.605180] Freezing remaining freezable tasks ... (elapsed 0.001 seconds) done.
[   18.614696] Suspending console(s) (use no_console_suspend to debug)
[   18.722999] PM: suspend of devices complete after 98.074 msecs
[   18.730654] PM: late suspend of devices complete after 7.618 msecs
[   18.749325] PM: noirq suspend of devices complete after 18.642 msecs
[   18.749336] Disabling non-boot CPUs ...
[   18.750501] IRQ17 no longer affine to CPU1
[   18.751583] CPU1: shutdown
[   18.776841] CPU2: shutdown
[   18.795586] CPU3: shutdown
[   18.822431] Entering suspend state LP1
[   18.822446] Enabling non-boot CPUs ...
[   18.844651] cpu cpu1: cpufreq_init: failed to get clk: -2
[   18.844747] CPU1 is up
[   18.869714] cpu cpu2: cpufreq_init: failed to get clk: -2
[   18.869810] CPU2 is up
[   18.894837] cpu cpu3: cpufreq_init: failed to get clk: -2
[   18.894945] CPU3 is up
[   18.895675] pcieport 0000:00:02.0: nv_msi_ht_cap_quirk didn't locate host bridge
[   18.895781] pcieport 0000:00:01.0: nv_msi_ht_cap_quirk didn't locate host bridge
[   18.908942] PM: noirq resume of devices complete after 13.992 msecs
[   18.910526] PM: early resume of devices complete after 1.269 msecs
[   18.913901] tegra-hdmi 54280000.hdmi: cannot set audio to 44100 at 297000000 pclk
[   18.993694] PM: resume of devices complete after 83.158 msecs
[   19.101009] Restarting tasks ... done.
root@(none):/# 
root@(none):/# [   19.227355] ata1: SATA link down (SStatus 0 SControl 300)
rtcwake -d rtc1 -m mem -s 3
rtcwake: assuming RTC uses UTC ...
rtcwake: wakeup from "mem" using /dev/rtc1 at Thu Jan  1 00:00:55 1970
[   20.357713] PM: Syncing filesystems ... done.
[   20.618178] Freezing user space processes ... (elapsed 0.001 seconds) done.
[   20.627095] Freezing remaining freezable tasks ... (elapsed 0.002 seconds) done.
[   20.636722] Suspending console(s) (use no_console_suspend to debug)
[   20.747334] PM: suspend of devices complete after 100.390 msecs
[   20.756601] PM: late suspend of devices complete after 9.228 msecs
[   20.774189] PM: noirq suspend of devices complete after 17.559 msecs
[   20.774199] Disabling non-boot CPUs ...
[   20.776581] CPU1: shutdown
[   20.801470] CPU2: shutdown
[   20.819602] IRQ17 no longer affine to CPU3
[   20.820632] CPU3: shutdown
[   20.847357] Entering suspend state LP1
[   20.847372] Enabling non-boot CPUs ...
[   20.869614] cpu cpu1: cpufreq_init: failed to get clk: -2
[   20.869713] CPU1 is up
[   20.894671] cpu cpu2: cpufreq_init: failed to get clk: -2
[   20.894768] CPU2 is up
[   20.919800] cpu cpu3: cpufreq_init: failed to get clk: -2
[   20.919912] CPU3 is up
[   20.920605] pcieport 0000:00:02.0: nv_msi_ht_cap_quirk didn't locate host bridge
[   20.920706] pcieport 0000:00:01.0: nv_msi_ht_cap_quirk didn't locate host bridge
[   20.933911] PM: noirq resume of devices complete after 13.993 msecs
[   20.935606] PM: early resume of devices complete after 1.355 msecs
[   20.938604] tegra-hdmi 54280000.hdmi: cannot set audio to 44100 at 297000000 pclk
[   21.018501] PM: resume of devices complete after 82.885 msecs
[   21.126423] Restarting tasks ... done.
[   21.257970] ata1: SATA link down (SStatus 0 SControl 300)
root@(none):/# 
root@(none):/# rtcwake -d rtc1 -m mem -s 3
rtcwake: assuming RTC uses UTC ...
rtcwake: wakeup from "mem" using /dev/rtc1 at Thu Jan  1 00:01:00 1970
[   22.381121] PM: Syncing filesystems ... done.
[   22.642143] Freezing user space processes ... (elapsed 0.001 seconds) done.
[   22.651138] Freezing remaining freezable tasks ... (elapsed 0.001 seconds) done.
[   22.660633] Suspending console(s) (use no_console_suspend to debug)
[   22.767921] PM: suspend of devices complete after 97.059 msecs
[   22.777025] PM: late suspend of devices complete after 9.066 msecs
[   22.794161] PM: noirq suspend of devices complete after 17.108 msecs
[   22.794171] Disabling non-boot CPUs ...
[   22.796557] CPU1: shutdown
[   22.816505] CPU2: shutdown
[   22.834534] IRQ17 no longer affine to CPU3
[   22.835560] CPU3: shutdown
[   22.862343] Entering suspend state LP1
[   22.862357] Enabling non-boot CPUs ...
[   22.884581] cpu cpu1: cpufreq_init: failed to get clk: -2
[   22.884677] CPU1 is up
[   22.909641] cpu cpu2: cpufreq_init: failed to get clk: -2
[   22.909736] CPU2 is up
[   22.934770] cpu cpu3: cpufreq_init: failed to get clk: -2
[   22.934875] CPU3 is up
[   22.935616] pcieport 0000:00:01.0: nv_msi_ht_cap_quirk didn't locate host bridge
[   22.935618] pcieport 0000:00:02.0: nv_msi_ht_cap_quirk didn't locate host bridge
[   22.948878] PM: noirq resume of devices complete after 13.996 msecs
[   22.949969] PM: early resume of devices complete after 0.769 msecs
[   22.953310] tegra-hdmi 54280000.hdmi: cannot set audio to 44100 at 297000000 pclk
[   23.033202] PM: resume of devices complete after 83.224 msecs
[   23.139594] Restarting tasks ... done.
root@(none):/# 
root@(none):/# [   23.266213] ata1: SATA link down (SStatus 0 SControl 300)
rtcwake -d rtc1 -m mem -s 3
rtcwake: assuming RTC uses UTC ...
rtcwake: wakeup from "mem" using /dev/rtc1 at Thu Jan  1 00:01:05 1970
[   24.391672] PM: Syncing filesystems ... done.
[   24.652717] Freezing user space processes ... (elapsed 0.001 seconds) done.
[   24.661704] Freezing remaining freezable tasks ... (elapsed 0.001 seconds) done.
[   24.671234] Suspending console(s) (use no_console_suspend to debug)
[   24.792233] PM: suspend of devices complete after 110.773 msecs
[   24.801250] PM: late suspend of devices complete after 8.977 msecs
[   24.819043] PM: noirq suspend of devices complete after 17.764 msecs
[   24.819053] Disabling non-boot CPUs ...
[   24.821305] CPU1: shutdown
[   24.851684] CPU2: shutdown
[   24.870335] CPU3: shutdown
[   24.897366] Entering suspend state LP1
[   24.897380] Enabling non-boot CPUs ...
[   24.919546] cpu cpu1: cpufreq_init: failed to get clk: -2
[   24.919647] CPU1 is up
[   24.944603] cpu cpu2: cpufreq_init: failed to get clk: -2
[   24.944700] CPU2 is up
[   24.969731] cpu cpu3: cpufreq_init: failed to get clk: -2
[   24.969841] CPU3 is up
[   24.970590] pcieport 0000:00:01.0: nv_msi_ht_cap_quirk didn't locate host bridge
[   24.970593] pcieport 0000:00:02.0: nv_msi_ht_cap_quirk didn't locate host bridge
[   24.983846] PM: noirq resume of devices complete after 13.999 msecs
[   24.985605] PM: early resume of devices complete after 1.442 msecs
[   24.988200] tegra-hdmi 54280000.hdmi: cannot set audio to 44100 at 297000000 pclk
[   25.068034] PM: resume of devices complete after 82.420 msecs
[   25.170412] Restarting tasks ... done.
root@(none):/# 
root@(none):/# [   25.301206] ata1: SATA link down (SStatus 0 SControl 300)
NVTB SYSTEM SUSPEND TEST COMPLETE
