
U-Boot SPL 2016.05-rc2 (Apr 21 2016 - 16:23:00)
Trying to boot from RAM


U-Boot 2016.05-rc2 (Apr 21 2016 - 16:23:00 -0700)

TEGRA124
Model: NVIDIA Jetson TK1
Board: NVIDIA Jetson TK1
DRAM:  2 GiB
MC:   Tegra SD/MMC: 0, Tegra SD/MMC: 1
In:    serial
Out:   serial
Err:   serial
Net:   No ethernet found.
Hit any key to stop autoboot:  2  0 
Tegra124 (Jetson TK1) # 
Tegra124 (Jetson TK1) # pci enum
Tegra124 (Jetson TK1) # setenv bootargs 'ignore_loglevel console=ttyS0,115200n8 rw root=PARTUUID=b1791faa-84e8-4e27-83a1-9fb0a77e8803 rootwait gpt debug noinitrd earlyprintk init=/bin/bash'
Tegra124 (Jetson TK1) # setenv ipaddr 192.168.100.102; setenv serverip 192.168.100.1; setenv tftpserverip 192.168.100.1
Tegra124 (Jetson TK1) # tftpboot 0x82000000 zImage.tegra_defconfig

Warning: eth_rtl8169 using MAC address from ROM
Using eth_rtl8169 device
TFTP from server 192.168.100.1; our IP address is 192.168.100.102
Filename 'zImage.tegra_defconfig'.
Load address: 0x82000000
Loading: *#################################################################
	 #################################################################
	 #################################################################
	 #################################################################
	 #################################################################
	 #####################################################
	 3.9 MiB/s
done
Bytes transferred = 5538824 (548408 hex)
Tegra124 (Jetson TK1) # tftpboot 0x83000000 tegra124-jetson-tk1.dtb
Using eth_rtl8169 device
TFTP from server 192.168.100.1; our IP address is 192.168.100.102
Filename 'tegra124-jetson-tk1.dtb'.
Load address: 0x83000000
Loading: *#####
	 3.7 MiB/s
done
Bytes transferred = 66737 (104b1 hex)
Tegra124 (Jetson TK1) # bootz 0x82000000 - 0x83000000
Kernel image @ 0x82000000 [ 0x000000 - 0x548408 ]
## Flattened Device Tree blob at 83000000
   Booting using the fdt blob at 0x83000000
   Using Device Tree in place at 83000000, end 830134b0

Starting kernel ...

Uncompressing Linux... done, booting the kernel.
[    0.000000] Booting Linux on physical CPU 0x0
[    0.000000] Linux version 4.7.0-rc1-95164-g1a695a9 (pwalmsley@sellafield) (gcc version 4.7.3 20130328 (prerelease) (crosstool-NG linaro-1.13.1-4.7-2013.04-20130415 - Linaro GCC 2013.04) ) #1 SMP PREEMPT Tue May 31 07:36:14 PDT 2016
[    0.000000] CPU: ARMv7 Processor [413fc0f3] revision 3 (ARMv7), cr=10c5387d
[    0.000000] CPU: div instructions available: patching division code
[    0.000000] CPU: PIPT / VIPT nonaliasing data cache, PIPT instruction cache
[    0.000000] Machine model: NVIDIA Tegra124 Jetson TK1
[    0.000000] debug: ignoring loglevel setting.
[    0.000000] bootconsole [earlycon0] enabled
[    0.000000] cma: Reserved 64 MiB at 0xfbc00000
[    0.000000] Memory policy: Data cache writealloc
[    0.000000] On node 0 totalpages: 524032
[    0.000000] free_area_init_node: node 0, pgdat c0c5bd40, node_mem_map eeff7000
[    0.000000]   Normal zone: 1536 pages used for memmap
[    0.000000]   Normal zone: 0 pages reserved
[    0.000000]   Normal zone: 196608 pages, LIFO batch:31
[    0.000000]   HighMem zone: 327424 pages, LIFO batch:31
[    0.000000] percpu: Embedded 13 pages/cpu @eef88000 s23936 r8192 d21120 u53248
[    0.000000] pcpu-alloc: s23936 r8192 d21120 u53248 alloc=13*4096
[    0.000000] pcpu-alloc: [0] 0 [0] 1 [0] 2 [0] 3 
[    0.000000] Built 1 zonelists in Zone order, mobility grouping on.  Total pages: 522496
[    0.000000] Kernel command line: ignore_loglevel console=ttyS0,115200n8 rw root=PARTUUID=b1791faa-84e8-4e27-83a1-9fb0a77e8803 rootwait gpt debug noinitrd earlyprintk init=/bin/bash
[    0.000000] PID hash table entries: 4096 (order: 2, 16384 bytes)
[    0.000000] Dentry cache hash table entries: 131072 (order: 7, 524288 bytes)
[    0.000000] Inode-cache hash table entries: 65536 (order: 6, 262144 bytes)
[    0.000000] Memory: 2000856K/2096128K available (7416K kernel code, 374K rwdata, 2820K rodata, 1024K init, 366K bss, 29736K reserved, 65536K cma-reserved, 1244160K highmem)
[    0.000000] Virtual kernel memory layout:
[    0.000000]     vector  : 0xffff0000 - 0xffff1000   (   4 kB)
[    0.000000]     fixmap  : 0xffc00000 - 0xfff00000   (3072 kB)
[    0.000000]     vmalloc : 0xf0800000 - 0xff800000   ( 240 MB)
[    0.000000]     lowmem  : 0xc0000000 - 0xf0000000   ( 768 MB)
[    0.000000]     pkmap   : 0xbfe00000 - 0xc0000000   (   2 MB)
[    0.000000]     modules : 0xbf000000 - 0xbfe00000   (  14 MB)
[    0.000000]       .text : 0xc0008000 - 0xc0aff0a4   (11229 kB)
[    0.000000]       .init : 0xc0b00000 - 0xc0c00000   (1024 kB)
[    0.000000]       .data : 0xc0c00000 - 0xc0c5d8c0   ( 375 kB)
[    0.000000]        .bss : 0xc0c5f000 - 0xc0cbab18   ( 367 kB)
[    0.000000] Preemptible hierarchical RCU implementation.
[    0.000000] 	Build-time adjustment of leaf fanout to 32.
[    0.000000] NR_IRQS:16 nr_irqs:16 16
[    0.000000] /interrupt-controller@60004000: 160 interrupts forwarded to /interrupt-controller@0,50041000
[    0.000000] Tegra clk 127: register failed with -17
[    0.000008] sched_clock: 32 bits at 1000kHz, resolution 1000ns, wraps every 2147483647500ns
[    0.007287] clocksource: timer_us: mask: 0xffffffff max_cycles: 0xffffffff, max_idle_ns: 1911260446275 ns
[    0.016897] Switching to timer-based delay loop, resolution 1000ns
[    0.024370] Architected cp15 timer(s) running at 12.00MHz (virt).
[    0.029293] clocksource: arch_sys_counter: mask: 0xffffffffffffff max_cycles: 0x2c47f4ee7, max_idle_ns: 440795202497 ns
[    0.040128] sched_clock: 56 bits at 12MHz, resolution 83ns, wraps every 4398046511096ns
[    0.048183] Switching to timer-based delay loop, resolution 83ns
[    0.054701] Console: colour dummy device 80x30
[    0.058767] Calibrating delay loop (skipped), value calculated using timer frequency.. 24.00 BogoMIPS (lpj=120000)
[    0.069151] pid_max: default: 32768 minimum: 301
[    0.074396] Mount-cache hash table entries: 2048 (order: 1, 8192 bytes)
[    0.080522] Mountpoint-cache hash table entries: 2048 (order: 1, 8192 bytes)
[    0.089063] CPU: Testing write buffer coherency: ok
[    0.092833] /cpus/cpu@0 missing clock-frequency property
[    0.097954] /cpus/cpu@1 missing clock-frequency property
[    0.103352] /cpus/cpu@2 missing clock-frequency property
[    0.108705] /cpus/cpu@3 missing clock-frequency property
[    0.114061] CPU0: thread -1, cpu 0, socket 0, mpidr 80000000
[    0.119779] Setting up static identity map for 0x80100000 - 0x80100098
[    0.176964] Tegra Revision: A01 SKU: 129 CPU Process: 1 SoC Process: 1
[    0.226982] CPU1: thread -1, cpu 1, socket 0, mpidr 80000001
[    0.277051] CPU2: thread -1, cpu 2, socket 0, mpidr 80000002
[    0.327125] CPU3: thread -1, cpu 3, socket 0, mpidr 80000003
[    0.336714] Brought up 4 CPUs
[    0.355020] SMP: Total of 4 processors activated (96.00 BogoMIPS).
[    0.361257] CPU: All CPU(s) started in SVC mode.
[    0.397474] devtmpfs: initialized
[    0.450334] VFP support v0.3: implementor 41 architecture 4 part 30 variant f rev 0
[    0.456770] clocksource: jiffies: mask: 0xffffffff max_cycles: 0xffffffff, max_idle_ns: 19112604462750000 ns
[    0.526308] pinctrl core: initialized pinctrl subsystem
[    0.616868] NET: Registered protocol family 16
[    0.620721] DMA: preallocated 256 KiB pool for atomic coherent allocations
[    0.656501] cpuidle: using governor menu
[    0.683843] No ATAGs?
[    0.684051] hw-breakpoint: found 5 (+1 reserved) breakpoint and 4 watchpoint registers.
[    0.692370] hw-breakpoint: maximum watchpoint size is 8 bytes.
[    1.044397] +5V_SYS: supplied by +VDD_MUX
[    1.047175] +3.3V_SYS: supplied by +VDD_MUX
[    1.052049] +USB0_VBUS_SW: Failed to request enable GPIO108: -517
[    1.057013] reg-fixed-voltage regulators:regulator@7: Failed to register regulator: -517
[    1.065260] +5V_USB_HS: Failed to request enable GPIO109: -517
[    1.071046] reg-fixed-voltage regulators:regulator@8: Failed to register regulator: -517
[    1.079415] +1.05V_RUN_AVDD_HDMI_PLL: Failed to request enable GPIO63: -517
[    1.086213] reg-fixed-voltage regulators:regulator@11: Failed to register regulator: -517
[    1.094551] +5V_HDMI_CON: Failed to request enable GPIO86: -517
[    1.100425] reg-fixed-voltage regulators:regulator@12: Failed to register regulator: -517
[    1.108763] +5V_SATA: Failed to request enable GPIO242: -517
[    1.114377] reg-fixed-voltage regulators:regulator@13: Failed to register regulator: -517
[    1.122717] +12V_SATA: Failed to request enable GPIO242: -517
[    1.128417] reg-fixed-voltage regulators:regulator@14: Failed to register regulator: -517
[    1.138606] vgaarb: loaded
[    1.169013] SCSI subsystem initialized
[    1.171229] libata version 3.00 loaded.
[    1.175501] usbcore: registered new interface driver usbfs
[    1.180563] usbcore: registered new interface driver hub
[    1.185914] usbcore: registered new device driver usb
[    1.195252] Linux video capture interface: v2.00
[    1.198142] pps_core: LinuxPPS API ver. 1 registered
[    1.203089] pps_core: Software ver. 5.3.6 - Copyright 2005-2007 Rodolfo Giometti <giometti@linux.it>
[    1.212313] PTP clock support registered
[    1.218055] Advanced Linux Sound Architecture Driver Initialized.
[    1.224051] Bluetooth: Core ver 2.21
[    1.226108] NET: Registered protocol family 31
[    1.230562] Bluetooth: HCI device and connection manager initialized
[    1.236971] Bluetooth: HCI socket layer initialized
[    1.241924] Bluetooth: L2CAP socket layer initialized
[    1.247051] Bluetooth: SCO socket layer initialized
[    1.253515] clocksource: Switched to clocksource arch_sys_counter
[    1.533550] NET: Registered protocol family 2
[    1.773556] TCP established hash table entries: 8192 (order: 3, 32768 bytes)
[    1.778865] TCP bind hash table entries: 8192 (order: 4, 65536 bytes)
[    1.785472] TCP: Hash tables configured (established 8192 bind 8192)
[    1.792129] UDP hash table entries: 512 (order: 2, 16384 bytes)
[    1.797722] UDP-Lite hash table entries: 512 (order: 2, 16384 bytes)
[    1.893550] NET: Registered protocol family 1
[    1.983555] RPC: Registered named UNIX socket transport module.
[    1.987646] RPC: Registered udp transport module.
[    1.992412] RPC: Registered tcp transport module.
[    1.997200] RPC: Registered tcp NFSv4.1 backchannel transport module.
[    2.003720] PCI: CLS 0 bytes, default 64
[    2.009772] hw perfevents: enabled with armv7_cortex_a15 PMU driver, 7 counters available
[    2.045757] futex hash table entries: 1024 (order: 4, 65536 bytes)
[    2.051788] workingset: timestamp_bits=28 max_order=19 bucket_order=0
[    2.653549] squashfs: version 4.0 (2009/01/31) Phillip Lougher
[    2.893606] NFS: Registering the id_resolver key type
[    2.896860] Key type id_resolver registered
[    2.901076] Key type id_legacy registered
[    2.909381] bounce: pool size: 64 pages
[    2.911394] io scheduler noop registered (default)
[    3.076282] usb2-0 supply vbus not found, using dummy regulator
[    3.080610] usb2-1 supply vbus not found, using dummy regulator
[    3.087034] tegra-xusb-padctl 7009f000.padctl: failed to setup XUSB ports: -517
[    3.104498] tegra-pcie 1003000.pcie-controller: 2x1, 1x1 configuration
[    3.109240] tegra-pcie 1003000.pcie-controller: Failed to get supply 'avddio-pex': -517
[    3.128856] tegra-apbdma 60020000.dma: Tegra20 APB DMA driver register 32 channels
[    3.135555] tegra-pmc 7000e400.pmc: emergency thermal reset enabled
[    3.141719] Serial: 8250/16550 driver, 4 ports, IRQ sharing disabled
[    3.151161] console [ttyS0] disabled
[    3.152955] 70006300.serial: ttyS0 at MMIO 0x70006300 (irq = 333, base_baud = 25500000) is a Tegra
[    3.162008] console [ttyS0] enabled
[    3.162008] console [ttyS0] enabled
[    3.168299] bootconsole [earlycon0] disabled
[    3.168299] bootconsole [earlycon0] disabled
[    3.178154] serial-tegra serial@70006000: failed to get alias id, errno -19
[    3.186485] serial-tegra serial@70006040: failed to get alias id, errno -19
[    3.195228] [drm] Initialized drm 1.1.0 20060810
[    3.201309] tegra-hdmi 54280000.hdmi: failed to get HDMI regulator
[    3.226073] loop: module loaded
[    3.230040] at24 0-0056: 256 byte 24c02 EEPROM, writable, 8 bytes/write
[    3.237488] as3722 4-0040: AS3722 with revision 0x1 found
[    3.250074] as3722-sd2: supplied by +5V_SYS
[    3.255033] as3722-sd3: supplied by +5V_SYS
[    3.259451] +1.35V_LP0(sd3): Bringing 0uV into 1350000-1350000uV
[    3.266108] as3722-sd4: supplied by +5V_SYS
[    3.271019] as3722-sd5: supplied by +5V_SYS
[    3.277669] as3722-ldo0: supplied by +1.35V_LP0(sd2)
[    3.284062] +1.8V_RUN_CAM: Bringing 0uV into 1800000-1800000uV
[    3.290582] as3722-ldo2: supplied by +1.8V_VDDIO
[    3.296821] as3722-ldo3: supplied by +3.3V_SYS
[    3.301315] +1.05V_LP0_VDD_RTC: Bringing 1100000uV into 1000000-1000000uV
[    3.309410] as3722-ldo4: supplied by +3.3V_SYS
[    3.314108] +2.8V_RUN_CAM: Bringing 0uV into 2800000-2800000uV
[    3.320641] as3722-ldo5: supplied by +1.8V_VDDIO
[    3.325519] +1.2V_RUN_CAM_FRONT: Bringing 0uV into 1200000-1200000uV
[    3.332741] +VDDIO_SDMMC3: bypassed regulator has no supply!
[    3.338419] +VDDIO_SDMMC3: failed to get the current voltage(-517)
[    3.344615] as3722-regulator as3722-regulator: regulator 13 register failed -517
[    3.384289] tegra-ahci 70027000.sata: couldn't get PHY in node sata: -517
[    3.404229] m25p80 spi32765.0: w25q32dw (4096 Kbytes)
[    3.412513] CAN device driver interface
[    3.416510] igb: Intel(R) Gigabit Ethernet Network Driver - version 5.3.0-k
[    3.423460] igb: Copyright (c) 2007-2014 Intel Corporation.
[    3.429407] pegasus: v0.9.3 (2013/04/25), Pegasus/Pegasus II USB Ethernet driver
[    3.436982] usbcore: registered new interface driver pegasus
[    3.442796] usbcore: registered new interface driver asix
[    3.448367] usbcore: registered new interface driver ax88179_178a
[    3.454621] usbcore: registered new interface driver cdc_ether
[    3.460608] usbcore: registered new interface driver smsc75xx
[    3.466531] usbcore: registered new interface driver smsc95xx
[    3.472383] usbcore: registered new interface driver net1080
[    3.478171] usbcore: registered new interface driver cdc_subset
[    3.484228] usbcore: registered new interface driver zaurus
[    3.489965] usbcore: registered new interface driver cdc_ncm
[    3.495946] tegra-phy 7d004000.usb-phy: no vbus regulator
[    3.501727] ehci_hcd: USB 2.0 'Enhanced' Host Controller (EHCI) Driver
[    3.508266] ehci-pci: EHCI PCI platform driver
[    3.512826] tegra-ehci: Tegra EHCI driver
[    3.517101] ------------[ cut here ]------------
[    3.521728] WARNING: CPU: 0 PID: 1 at drivers/reset/core.c:187 __of_reset_control_get+0x1b4/0x218
[    3.530600] Modules linked in:
[    3.533680] CPU: 0 PID: 1 Comm: swapper/0 Not tainted 4.7.0-rc1-95164-g1a695a9 #1
[    3.541151] Hardware name: NVIDIA Tegra SoC (Flattened Device Tree)
[    3.547428] [<c010f1e8>] (unwind_backtrace) from [<c010a864>] (show_stack+0x10/0x14)
[    3.555169] [<c010a864>] (show_stack) from [<c033d174>] (dump_stack+0x84/0xa4)
[    3.562388] [<c033d174>] (dump_stack) from [<c011f2f4>] (__warn+0xd4/0x100)
[    3.569346] [<c011f2f4>] (__warn) from [<c011f340>] (warn_slowpath_null+0x20/0x28)
[    3.576910] [<c011f340>] (warn_slowpath_null) from [<c03c06e0>] (__of_reset_control_get+0x1b4/0x218)
[    3.586035] [<c03c06e0>] (__of_reset_control_get) from [<c0513c34>] (tegra_ehci_probe+0x2c8/0x514)
[    3.594985] [<c0513c34>] (tegra_ehci_probe) from [<c0441300>] (platform_drv_probe+0x50/0xb0)
[    3.603414] [<c0441300>] (platform_drv_probe) from [<c043fd2c>] (driver_probe_device+0x1f4/0x2b0)
[    3.612276] [<c043fd2c>] (driver_probe_device) from [<c043fe94>] (__driver_attach+0xac/0xb0)
[    3.620706] [<c043fe94>] (__driver_attach) from [<c043e350>] (bus_for_each_dev+0x54/0x88)
[    3.628879] [<c043e350>] (bus_for_each_dev) from [<c043f320>] (bus_add_driver+0xe8/0x1f4)
[    3.637048] [<c043f320>] (bus_add_driver) from [<c0440690>] (driver_register+0x78/0xf4)
[    3.645042] [<c0440690>] (driver_register) from [<c010179c>] (do_one_initcall+0x3c/0x16c)
[    3.653214] [<c010179c>] (do_one_initcall) from [<c0b00d94>] (kernel_init_freeable+0x11c/0x1e8)
[    3.661908] [<c0b00d94>] (kernel_init_freeable) from [<c07f1574>] (kernel_init+0x8/0x118)
[    3.670079] [<c07f1574>] (kernel_init) from [<c0107938>] (ret_from_fork+0x14/0x3c)
[    3.677672] ---[ end trace ec239f4d5330b968 ]---
[    3.682287] tegra-ehci 7d004000.usb: can't get utmi-pads reset from the PHY
[    3.689256] tegra-ehci 7d004000.usb: continuing, but please update your DT
[    3.696240] tegra-ehci 7d004000.usb: EHCI Host Controller
[    3.701678] tegra-ehci 7d004000.usb: new USB bus registered, assigned bus number 1
[    3.709567] tegra-ehci 7d004000.usb: irq 352, io mem 0x7d004000
[    3.733547] tegra-ehci 7d004000.usb: USB 2.0 started, EHCI 1.10
[    3.741194] hub 1-0:1.0: USB hub found
[    3.745022] hub 1-0:1.0: 1 port detected
[    3.750876] usbcore: registered new interface driver cdc_acm
[    3.756573] cdc_acm: USB Abstract Control Model driver for USB modems and ISDN adapters
[    3.764728] usbcore: registered new interface driver cdc_wdm
[    3.770560] usbcore: registered new interface driver usb-storage
[    3.777358] mousedev: PS/2 mouse device common for all mice
[    3.786560] as3722-rtc as3722-rtc: rtc core: registered as3722-rtc as rtc0
[    3.793429] as3722-rtc as3722-rtc: RTC interrupt 375
[    3.801516] tegra_rtc 7000e000.rtc: rtc core: registered 7000e000.rtc as rtc1
[    3.808785] tegra_rtc 7000e000.rtc: Tegra internal Real Time Clock
[    3.815389] i2c /dev entries driver
[    3.821186] usbcore: registered new interface driver uvcvideo
[    3.826947] USB Video Class driver (1.1.1)
[    3.831037] gspca_main: v2.14.0 registered
[    3.835983] 0-004c supply vcc not found, using dummy regulator
[    3.845925] tegra-wdt 60005000.timer: initialized (heartbeat = 120 sec, nowayout = 0)
[    3.855159] sdhci: Secure Digital Host Controller Interface driver
[    3.861329] sdhci: Copyright(c) Pierre Ossman
[    3.865699] sdhci-pltfm: SDHCI platform and OF driver helper
[    3.871743] sdhci-tegra 700b0400.sdhci: Got CD GPIO
[    3.876654] sdhci-tegra 700b0400.sdhci: Got WP GPIO
[    3.881585] mmc0: Unknown controller version (3). You may experience problems.
[    3.889149] mmc0: Unknown controller version (3). You may experience problems.
[    3.896472] mmc0: Invalid maximum block size, assuming 512 bytes
[    3.943583] mmc0: SDHCI controller on 700b0600.sdhci [700b0600.sdhci] using ADMA 64-bit
[    3.958049] usbcore: registered new interface driver usbhid
[    3.963724] usbhid: USB HID core driver
[    3.979198] tegra124-dfll 70110000.clock: couldn't get vdd_cpu regulator
[    4.021301] mmc0: new high speed MMC card at address 0001
[    4.027777] mmcblk0: mmc0:0001 SEM16G 14.7 GiB 
[    4.032761] mmcblk0boot0: mmc0:0001 SEM16G partition 1 4.00 MiB
[    4.039169] mmcblk0boot1: mmc0:0001 SEM16G partition 2 4.00 MiB
[    4.045603] mmcblk0rpmb: mmc0:0001 SEM16G partition 3 4.00 MiB
[    4.053555]  mmcblk0: p1
[    4.413471] tegra30-i2s 70301100.i2s: DMA channels sourced from device 70300000.ahub
[    4.432555] rt5640 0-001c: ASoC: no source widget found for DAC L2 Power
[    4.439301] rt5640 0-001c: ASoC: Failed to add route DAC L2 Power -> direct -> IF2 DAC L
[    4.447804] rt5640 0-001c: ASoC: no source widget found for DAC R2 Power
[    4.454530] rt5640 0-001c: ASoC: Failed to add route DAC R2 Power -> direct -> IF2 DAC R
[    4.464767] tegra-snd-rt5640 sound: rt5640-aif1 <-> 70301100.i2s mapping ok
[    4.476358] input: NVIDIA Tegra Jetson TK1 Headphones as /devices/soc0/sound/sound/card1/input1
[    4.486898] input: tegra-hda HDMI/DP,pcm=3 as /devices/soc0/70030000.hda/sound/card0/input0
[    4.703554] NET: Registered protocol family 10
[    4.833582] mip6: Mobile IPv6
[    4.836548] sit: IPv6 over IPv4 tunneling driver
[    4.844217] NET: Registered protocol family 17
[    4.848690] NET: Registered protocol family 15
[    4.853127] can: controller area network core (rev 20120528 abi 9)
[    4.883672] NET: Registered protocol family 29
[    4.888113] can: raw protocol (rev 20120528)
[    4.892377] can: broadcast manager protocol (rev 20120528 t)
[    4.898064] can: netlink gateway (rev 20130117) max_hops=1
[    4.933675] Bluetooth: RFCOMM socket layer initialized
[    4.938823] Bluetooth: RFCOMM ver 1.11
[    4.942576] Bluetooth: BNEP (Ethernet Emulation) ver 1.3
[    4.947917] Bluetooth: BNEP socket layer initialized
[    4.952874] Bluetooth: HIDP (Human Interface Emulation) ver 1.2
[    4.958814] Bluetooth: HIDP socket layer initialized
[    4.964102] Key type dns_resolver registered
[    4.969669] Registering SWP/SWPB emulation handler
[    4.987669] +3.3V_RUN: supplied by +3.3V_SYS
[    4.993204] +3.3V_AVDD_HDMI_AP_GATED: supplied by +3.3V_RUN
[    4.999211] +USB0_VBUS_SW: supplied by +5V_SYS
[    5.004497] +5V_USB_HS: supplied by +5V_SYS
[    5.010214] +3.3V_LP0: supplied by +3.3V_SYS
[    5.016423] +5V_HDMI_CON: supplied by +5V_SYS
[    5.021434] +5V_SATA: supplied by +5V_SYS
[    5.026253] +12V_SATA: supplied by +VDD_MUX
[    5.033470] usb2-0 supply vbus not found, using dummy regulator
[    5.039661] usb2-1 supply vbus not found, using dummy regulator
[    5.046096] usb3-0 supply vbus not found, using dummy regulator
[    5.052777] tegra-pcie 1003000.pcie-controller: 2x1, 1x1 configuration
[    5.059366] tegra-pcie 1003000.pcie-controller: Failed to get supply 'avddio-pex': -517
[    5.067965] tegra-hdmi 54280000.hdmi: failed to get PLL regulator
[    5.079039] as3722-sd2: supplied by +5V_SYS
[    5.083999] as3722-sd3: supplied by +5V_SYS
[    5.088783] as3722-sd4: supplied by +5V_SYS
[    5.093466] +1.05V_RUN_AVDD_HDMI_PLL: supplied by +1.05V_RUN
[    5.099363] as3722-sd5: supplied by +5V_SYS
[    5.106210] as3722-ldo0: supplied by +1.35V_LP0(sd2)
[    5.111986] as3722-ldo1: supplied by +3.3V_RUN
[    5.117236] as3722-ldo2: supplied by +1.8V_VDDIO
[    5.123069] as3722-ldo3: supplied by +3.3V_SYS
[    5.128881] as3722-ldo4: supplied by +3.3V_SYS
[    5.134045] as3722-ldo5: supplied by +1.8V_VDDIO
[    5.139258] as3722-ldo6: supplied by +3.3V_RUN
[    5.144325] as3722-ldo7: supplied by +1.8V_VDDIO
[    5.149731] +1.05V_RUN_CAM_REAR: Bringing 0uV into 1050000-1050000uV
[    5.157123] as3722-ldo9: supplied by +5V_SYS
[    5.162693] +3.3V_RUN_TOUCH: Bringing 0uV into 2800000-2800000uV
[    5.169581] as3722-ldo10: supplied by +5V_SYS
[    5.174510] +2.8V_RUN_CAM_AF: Bringing 0uV into 2800000-2800000uV
[    5.181440] as3722-ldo11: supplied by +3.3V_RUN
[    5.186539] +1.8V_RUN_VPP_FUSE: Bringing 0uV into 1800000-1800000uV
[    5.196065] tegra-ahci 70027000.sata: AHCI 0001.0301 32 slots 2 ports 3 Gbps 0x1 impl platform mode
[    5.205143] tegra-ahci 70027000.sata: flags: 64bit ncq sntf pm led pio slum part sadm sds apst 
[    5.217475] scsi host0: tegra-ahci
[    5.295479] scsi host1: tegra-ahci
[    5.299716] ata1: SATA max UDMA/133 mmio [mem 0x70027000-0x70028fff] port 0x100 irq 343
[    5.307761] ata2: DUMMY
[    5.311424] tegra-ehci 7d008000.usb: EHCI Host Controller
[    5.316926] tegra-ehci 7d008000.usb: new USB bus registered, assigned bus number 2
[    5.324878] tegra-ehci 7d008000.usb: irq 353, io mem 0x7d008000
[    5.343648] tegra-ehci 7d008000.usb: USB 2.0 started, EHCI 1.10
[    5.351324] hub 2-0:1.0: USB hub found
[    5.355155] hub 2-0:1.0: 1 port detected
[    5.414316] tegra-xusb 70090000.usb: Firmware timestamp: 2014-09-16 02:10:07 UTC
[    5.421774] tegra-xusb 70090000.usb: xHCI Host Controller
[    5.427244] tegra-xusb 70090000.usb: new USB bus registered, assigned bus number 3
[    5.437481] tegra-xusb 70090000.usb: hcc params 0x0184f525 hci version 0x100 quirks 0x00010010
[    5.446201] tegra-xusb 70090000.usb: irq 345, io mem 0x70090000
[    5.454118] hub 3-0:1.0: USB hub found
[    5.457938] hub 3-0:1.0: 6 ports detected
[    5.463887] tegra-xusb 70090000.usb: xHCI Host Controller
[    5.469311] tegra-xusb 70090000.usb: new USB bus registered, assigned bus number 4
[    5.477076] usb usb4: We don't know the algorithms for LPM for this host, disabling LPM.
[    5.486937] hub 4-0:1.0: USB hub found
[    5.490726] hub 4-0:1.0: 2 ports detected
[    5.497456] sdhci-tegra 700b0400.sdhci: Got CD GPIO
[    5.502352] sdhci-tegra 700b0400.sdhci: Got WP GPIO
[    5.507357] mmc1: Unknown controller version (3). You may experience problems.
[    5.515028] mmc1: Invalid maximum block size, assuming 512 bytes
[    5.564214] mmc1: SDHCI controller on 700b0400.sdhci [700b0400.sdhci] using ADMA 64-bit
[    5.590734] tegra-pcie 1003000.pcie-controller: 2x1, 1x1 configuration
[    5.599783] tegra-pcie 1003000.pcie-controller: probing port 0, using 2 lanes
[    5.609116] tegra-pcie 1003000.pcie-controller: Slot present pin change, signature: 00000008
[    5.632398] tegra-pcie 1003000.pcie-controller: probing port 1, using 1 lanes
[    5.638309] ata1: SATA link down (SStatus 0 SControl 300)
[    5.647230] tegra-pcie 1003000.pcie-controller: Slot present pin change, signature: 00000000
[    5.662396] tegra-pcie 1003000.pcie-controller: PCI host bridge to bus 0000:00
[    5.669704] pci_bus 0000:00: root bus resource [io  0x0000-0xffff]
[    5.675993] pci_bus 0000:00: root bus resource [mem 0x13000000-0x1fffffff]
[    5.682914] pci_bus 0000:00: root bus resource [mem 0x20000000-0x3fffffff pref]
[    5.690255] pci_bus 0000:00: root bus resource [bus 00-ff]
[    5.695839] pci 0000:00:01.0: [10de:0e12] type 01 class 0x060400
[    5.702009] pci 0000:00:01.0: PME# supported from D0 D1 D2 D3hot D3cold
[    5.709453] pci 0000:00:02.0: [10de:0e13] type 01 class 0x060400
[    5.715605] pci 0000:00:02.0: PME# supported from D0 D1 D2 D3hot D3cold
[    5.722877] PCI: bus0: Fast back to back transfers disabled
[    5.728518] pci 0000:00:01.0: bridge configuration invalid ([bus 00-00]), reconfiguring
[    5.736633] pci 0000:00:02.0: bridge configuration invalid ([bus 00-00]), reconfiguring
[    5.745199] pci 0000:01:00.0: [8086:4232] type 00 class 0x028000
[    5.751245] pci 0000:01:00.0: reg 0x10: [mem 0x00000000-0x00001fff 64bit]
[    5.758266] pci 0000:01:00.0: PME# supported from D0 D3hot D3cold
[    5.783722] PCI: bus1: Fast back to back transfers disabled
[    5.789367] pci_bus 0000:01: busn_res: [bus 01-ff] end is updated to 01
[    5.796555] pci 0000:02:00.0: [10ec:8168] type 00 class 0x020000
[    5.802585] pci 0000:02:00.0: reg 0x10: [io  0x0000-0x00ff]
[    5.808226] pci 0000:02:00.0: reg 0x18: [mem 0x00000000-0x00000fff 64bit]
[    5.815095] pci 0000:02:00.0: reg 0x20: [mem 0x00000000-0x00003fff 64bit pref]
[    5.822526] pci 0000:02:00.0: supports D1 D2
[    5.826903] pci 0000:02:00.0: PME# supported from D0 D1 D2 D3hot D3cold
[    5.847730] mmc1: new high speed SDHC card at address aaaa
[    5.854013] PCI: bus2: Fast back to back transfers disabled
[    5.859786] pci_bus 0000:02: busn_res: [bus 02-ff] end is updated to 02
[    5.866482] mmcblk1: mmc1:aaaa SD04G 3.69 GiB 
[    5.872398] pci 0000:00:01.0: BAR 8: assigned [mem 0x13000000-0x130fffff]
[    5.879331] pci 0000:00:02.0: BAR 8: assigned [mem 0x13100000-0x131fffff]
[    5.886266] pci 0000:00:02.0: BAR 9: assigned [mem 0x20000000-0x200fffff 64bit pref]
[    5.894219] pci 0000:00:02.0: BAR 7: assigned [io  0x1000-0x1fff]
[    5.900341] pci 0000:01:00.0: BAR 0: assigned [mem 0x13000000-0x13001fff 64bit]
[    5.902185]  mmcblk1: p1 p2 p3
[    5.910776] pci 0000:00:01.0: PCI bridge to [bus 01]
[    5.915785] pci 0000:00:01.0:   bridge window [mem 0x13000000-0x130fffff]
[    5.922585] pci 0000:02:00.0: BAR 4: assigned [mem 0x20000000-0x20003fff 64bit pref]
[    5.930384] pci 0000:02:00.0: BAR 2: assigned [mem 0x13100000-0x13100fff 64bit]
[    5.937762] pci 0000:02:00.0: BAR 0: assigned [io  0x1000-0x10ff]
[    5.943895] pci 0000:00:02.0: PCI bridge to [bus 02]
[    5.948868] pci 0000:00:02.0:   bridge window [io  0x1000-0x1fff]
[    5.955021] pci 0000:00:02.0:   bridge window [mem 0x13100000-0x131fffff]
[    5.961806] pci 0000:00:02.0:   bridge window [mem 0x20000000-0x200fffff 64bit pref]
[    5.969613] pci 0000:00:01.0: nv_msi_ht_cap_quirk didn't locate host bridge
[    5.976773] pcieport 0000:00:01.0: enabling device (0140 -> 0142)
[    5.983319] pcieport 0000:00:01.0: Signaling PME through PCIe PME interrupt
[    5.990292] pci 0000:01:00.0: Signaling PME through PCIe PME interrupt
[    5.996830] pcie_pme 0000:00:01.0:pcie001: service driver pcie_pme loaded
[    6.003701] pci 0000:00:02.0: nv_msi_ht_cap_quirk didn't locate host bridge
[    6.010779] pcieport 0000:00:02.0: enabling device (0140 -> 0143)
[    6.017303] pcieport 0000:00:02.0: Signaling PME through PCIe PME interrupt
[    6.024286] pci 0000:02:00.0: Signaling PME through PCIe PME interrupt
[    6.030809] pcie_pme 0000:00:02.0:pcie001: service driver pcie_pme loaded
[    6.038020] r8169 Gigabit Ethernet driver 2.3LK-NAPI loaded
[    6.043653] r8169 0000:02:00.0: enabling device (0140 -> 0143)
[    6.066384] r8169 0000:02:00.0 eth0: RTL8168g/8111g at 0xf09fc000, 00:04:4b:3a:d9:81, XID 0c000800 IRQ 393
[    6.076077] r8169 0000:02:00.0 eth0: jumbo features [frames: 9200 bytes, tx checksumming: ko]
[    6.089374] [drm] Supports vblank timestamp caching Rev 2 (21.10.2013).
[    6.096030] [drm] No driver support for vblank timestamp query.
[    6.225541] tegra-hdmi 54280000.hdmi: cannot set audio to 44100 at 297000000 pclk
[    6.395913] Console: switching to colour frame buffer device 512x135
[    6.490460] drm drm: fb0:  frame buffer device
[    6.523653] [drm] Initialized tegra 0.0.0 20120330 on minor 0
[    6.530578] of: dev_pm_opp_of_cpumask_add_table: couldn't find opp table for cpu:0, -19
[    6.538654] cpufreq: cpufreq_online: CPU0: Running at unlisted freq: 696000 KHz
[    6.546018] cpufreq: cpufreq_online: CPU0: Unlisted initial frequency changed to: 714000 KHz
[    6.554833] cpu cpu1: cpufreq_init: failed to get clk: -2
[    6.560388] cpu cpu2: cpufreq_init: failed to get clk: -2
[    6.566013] cpu cpu3: cpufreq_init: failed to get clk: -2
[    6.572337] input: gpio-keys as /devices/soc0/gpio-keys/input/input2
[    6.580051] as3722-rtc as3722-rtc: setting system clock to 2000-01-01 00:04:13 UTC (946685053)
[    6.596724] +USB0_VBUS_SW: disabling
[    6.600308] +1.8V_RUN_CAM: disabling
[    6.604167] +2.8V_RUN_CAM: disabling
[    6.608041] +1.2V_RUN_CAM_FRONT: disabling
[    6.612440] +1.05V_RUN_CAM_REAR: disabling
[    6.616690] +3.3V_RUN_TOUCH: disabling
[    6.620549] +2.8V_RUN_CAM_AF: disabling
[    6.624563] +1.8V_RUN_VPP_FUSE: disabling
[    6.628922] ALSA device list:
[    6.631882]   #0: tegra-hda at 0x70038000 irq 344
[    6.636597]   #1: NVIDIA Tegra Jetson TK1
[    6.641785] EXT4-fs (mmcblk0p1): mounting ext3 file system using the ext4 subsystem
[    6.694204] EXT4-fs (mmcblk0p1): recovery complete
[    6.699000] EXT4-fs (mmcblk0p1): mounted filesystem with ordered data mode. Opts: (null)
[    6.707139] VFS: Mounted root (ext3 filesystem) on device 179:1.
[    6.719015] devtmpfs: mounted
[    6.722838] Freeing unused kernel memory: 1024K (c0b00000 - c0c00000)
bash: cannot set terminal process group (-1): Inappropriate ioctl for device
bash: no job control in this shell
root@(none):/# mount -t sysfs none /sys
root@(none):/# 
root@(none):/# mount -t debugfs none /sys/kernel/debug
root@(none):/# 
root@(none):/# rtcwake -d rtc1 -m mem -s 3
rtcwake: assuming RTC uses UTC ...
rtcwake: wakeup from "mem" using /dev/rtc1 at Thu Jan  1 00:00:23 1970
[   10.351350] PM: Syncing filesystems ... done.
[   10.386197] Freezing user space processes ... (elapsed 0.001 seconds) done.
[   10.388122] Freezing remaining freezable tasks ... (elapsed 0.001 seconds) done.
[   10.388133] Suspending console(s) (use no_console_suspend to debug)
[   10.836180] PM: suspend of devices complete after 189.382 msecs
[   10.842818] PM: late suspend of devices complete after 6.611 msecs
[   10.868050] PM: noirq suspend of devices complete after 25.204 msecs
[   10.868062] Disabling non-boot CPUs ...
[   10.895914] CPU1: shutdown
[   10.976304] CPU2: shutdown
[   11.044668] IRQ17 no longer affine to CPU3
[   11.045651] CPU3: shutdown
[   11.080621] Entering suspend state LP1
[   11.080650] Enabling non-boot CPUs ...
[   11.125001] cpu cpu1: cpufreq_init: failed to get clk: -2
[   11.125143] CPU1 is up
[   11.175230] cpu cpu2: cpufreq_init: failed to get clk: -2
[   11.175393] CPU2 is up
[   11.225555] cpu cpu3: cpufreq_init: failed to get clk: -2
[   11.225715] CPU3 is up
[   11.226488] pcieport 0000:00:01.0: nv_msi_ht_cap_quirk didn't locate host bridge
[   11.226490] pcieport 0000:00:02.0: nv_msi_ht_cap_quirk didn't locate host bridge
[   11.243618] PM: noirq resume of devices complete after 17.898 msecs
[   11.245680] PM: early resume of devices complete after 1.544 msecs
[   11.252513] tegra-hdmi 54280000.hdmi: cannot set audio to 44100 at 297000000 pclk
[   11.293561] ------------[ cut here ]------------
[   11.293574] WARNING: CPU: 0 PID: 127 at drivers/gpu/drm/drm_atomic_helper.c:1108 drm_atomic_helper_wait_for_vblanks+0x20c/0x218
[   11.293576] [CRTC:25] vblank wait timed out
[   11.293579] Modules linked in:
[   11.293584] CPU: 0 PID: 127 Comm: rtcwake Tainted: G        W       4.7.0-rc1-95164-g1a695a9 #1
[   11.293586] Hardware name: NVIDIA Tegra SoC (Flattened Device Tree)
[   11.293599] [<c010f1e8>] (unwind_backtrace) from [<c010a864>] (show_stack+0x10/0x14)
[   11.293606] [<c010a864>] (show_stack) from [<c033d174>] (dump_stack+0x84/0xa4)
[   11.293613] [<c033d174>] (dump_stack) from [<c011f2f4>] (__warn+0xd4/0x100)
[   11.293619] [<c011f2f4>] (__warn) from [<c011f3c0>] (warn_slowpath_fmt+0x38/0x48)
[   11.293625] [<c011f3c0>] (warn_slowpath_fmt) from [<c04018f8>] (drm_atomic_helper_wait_for_vblanks+0x20c/0x218)
[   11.293633] [<c04018f8>] (drm_atomic_helper_wait_for_vblanks) from [<c04280bc>] (tegra_atomic_complete+0x3c/0x54)
[   11.293639] [<c04280bc>] (tegra_atomic_complete) from [<c0428134>] (tegra_atomic_commit+0x60/0x90)
[   11.293644] [<c0428134>] (tegra_atomic_commit) from [<c04249f4>] (drm_atomic_commit+0x40/0x64)
[   11.293649] [<c04249f4>] (drm_atomic_commit) from [<c0401458>] (drm_atomic_helper_resume+0x28/0x3c)
[   11.293655] [<c0401458>] (drm_atomic_helper_resume) from [<c0427aa8>] (host1x_drm_resume+0x18/0x30)
[   11.293661] [<c0427aa8>] (host1x_drm_resume) from [<c0446fa0>] (pm_generic_resume+0x2c/0x38)
[   11.293667] [<c0446fa0>] (pm_generic_resume) from [<c044a134>] (dpm_run_callback+0x1c/0x48)
[   11.293673] [<c044a134>] (dpm_run_callback) from [<c044a2f0>] (device_resume+0xb8/0x230)
[   11.293678] [<c044a2f0>] (device_resume) from [<c044b89c>] (dpm_resume+0xe0/0x208)
[   11.293684] [<c044b89c>] (dpm_resume) from [<c044bb64>] (dpm_resume_end+0xc/0x18)
[   11.293690] [<c044bb64>] (dpm_resume_end) from [<c0161d7c>] (suspend_devices_and_enter+0x10c/0x3e8)
[   11.293695] [<c0161d7c>] (suspend_devices_and_enter) from [<c01621c8>] (pm_suspend+0x170/0x218)
[   11.293699] [<c01621c8>] (pm_suspend) from [<c0160e68>] (state_store+0x68/0xb8)
[   11.293705] [<c0160e68>] (state_store) from [<c033f05c>] (kobj_attr_store+0x14/0x20)
[   11.293712] [<c033f05c>] (kobj_attr_store) from [<c0251b0c>] (sysfs_kf_write+0x44/0x48)
[   11.293718] [<c0251b0c>] (sysfs_kf_write) from [<c0251104>] (kernfs_fop_write+0xc0/0x1e0)
[   11.293723] [<c0251104>] (kernfs_fop_write) from [<c01f5614>] (__vfs_write+0x2c/0x114)
[   11.293728] [<c01f5614>] (__vfs_write) from [<c01f6af4>] (vfs_write+0xa4/0x160)
[   11.293733] [<c01f6af4>] (vfs_write) from [<c01f6d8c>] (SyS_write+0x40/0x8c)
[   11.293738] [<c01f6d8c>] (SyS_write) from [<c0107880>] (ret_fast_syscall+0x0/0x3c)
[   11.293741] ---[ end trace ec239f4d5330b96a ]---
[   11.330628] PM: resume of devices complete after 84.937 msecs
[   11.566512] ata1: SATA link down (SStatus 0 SControl 300)
[   11.689513] Restarting tasks ... done.
root@(none):/# 
root@(none):/# rtcwake -d rtc1 -m mem -s 3
rtcwake: assuming RTC uses UTC ...
rtcwake: wakeup from "mem" using /dev/rtc1 at Thu Jan  1 00:00:28 1970
[   12.660903] PM: Syncing filesystems ... done.
[   12.686228] Freezing user space processes ... (elapsed 0.001 seconds) done.
[   12.688209] Freezing remaining freezable tasks ... (elapsed 0.001 seconds) done.
[   12.688220] Suspending console(s) (use no_console_suspend to debug)
[   13.146298] PM: suspend of devices complete after 198.185 msecs
[   13.152908] PM: late suspend of devices complete after 6.583 msecs
[   13.178893] PM: noirq suspend of devices complete after 25.957 msecs
[   13.178906] Disabling non-boot CPUs ...
[   13.204972] IRQ17 no longer affine to CPU1
[   13.206039] CPU1: shutdown
[   13.275803] CPU2: shutdown
[   13.355727] CPU3: shutdown
[   13.410439] Entering suspend state LP1
[   13.410467] Enabling non-boot CPUs ...
[   13.454966] cpu cpu1: cpufreq_init: failed to get clk: -2
[   13.455106] CPU1 is up
[   13.505184] cpu cpu2: cpufreq_init: failed to get clk: -2
[   13.505333] CPU2 is up
[   13.555508] cpu cpu3: cpufreq_init: failed to get clk: -2
[   13.555668] CPU3 is up
[   13.556428] pcieport 0000:00:02.0: nv_msi_ht_cap_quirk didn't locate host bridge
[   13.556430] pcieport 0000:00:01.0: nv_msi_ht_cap_quirk didn't locate host bridge
[   13.573574] PM: noirq resume of devices complete after 17.900 msecs
[   13.575521] PM: early resume of devices complete after 1.411 msecs
[   13.582070] tegra-hdmi 54280000.hdmi: cannot set audio to 44100 at 297000000 pclk
[   13.623543] ------------[ cut here ]------------
[   13.623555] WARNING: CPU: 0 PID: 144 at drivers/gpu/drm/drm_atomic_helper.c:1108 drm_atomic_helper_wait_for_vblanks+0x20c/0x218
[   13.623557] [CRTC:25] vblank wait timed out
[   13.623561] Modules linked in:
[   13.623566] CPU: 0 PID: 144 Comm: rtcwake Tainted: G        W       4.7.0-rc1-95164-g1a695a9 #1
[   13.623567] Hardware name: NVIDIA Tegra SoC (Flattened Device Tree)
[   13.623580] [<c010f1e8>] (unwind_backtrace) from [<c010a864>] (show_stack+0x10/0x14)
[   13.623587] [<c010a864>] (show_stack) from [<c033d174>] (dump_stack+0x84/0xa4)
[   13.623594] [<c033d174>] (dump_stack) from [<c011f2f4>] (__warn+0xd4/0x100)
[   13.623600] [<c011f2f4>] (__warn) from [<c011f3c0>] (warn_slowpath_fmt+0x38/0x48)
[   13.623606] [<c011f3c0>] (warn_slowpath_fmt) from [<c04018f8>] (drm_atomic_helper_wait_for_vblanks+0x20c/0x218)
[   13.623614] [<c04018f8>] (drm_atomic_helper_wait_for_vblanks) from [<c04280bc>] (tegra_atomic_complete+0x3c/0x54)
[   13.623620] [<c04280bc>] (tegra_atomic_complete) from [<c0428134>] (tegra_atomic_commit+0x60/0x90)
[   13.623625] [<c0428134>] (tegra_atomic_commit) from [<c04249f4>] (drm_atomic_commit+0x40/0x64)
[   13.623630] [<c04249f4>] (drm_atomic_commit) from [<c0401458>] (drm_atomic_helper_resume+0x28/0x3c)
[   13.623635] [<c0401458>] (drm_atomic_helper_resume) from [<c0427aa8>] (host1x_drm_resume+0x18/0x30)
[   13.623641] [<c0427aa8>] (host1x_drm_resume) from [<c0446fa0>] (pm_generic_resume+0x2c/0x38)
[   13.623648] [<c0446fa0>] (pm_generic_resume) from [<c044a134>] (dpm_run_callback+0x1c/0x48)
[   13.623653] [<c044a134>] (dpm_run_callback) from [<c044a2f0>] (device_resume+0xb8/0x230)
[   13.623658] [<c044a2f0>] (device_resume) from [<c044b89c>] (dpm_resume+0xe0/0x208)
[   13.623664] [<c044b89c>] (dpm_resume) from [<c044bb64>] (dpm_resume_end+0xc/0x18)
[   13.623670] [<c044bb64>] (dpm_resume_end) from [<c0161d7c>] (suspend_devices_and_enter+0x10c/0x3e8)
[   13.623675] [<c0161d7c>] (suspend_devices_and_enter) from [<c01621c8>] (pm_suspend+0x170/0x218)
[   13.623679] [<c01621c8>] (pm_suspend) from [<c0160e68>] (state_store+0x68/0xb8)
[   13.623685] [<c0160e68>] (state_store) from [<c033f05c>] (kobj_attr_store+0x14/0x20)
[   13.623691] [<c033f05c>] (kobj_attr_store) from [<c0251b0c>] (sysfs_kf_write+0x44/0x48)
[   13.623697] [<c0251b0c>] (sysfs_kf_write) from [<c0251104>] (kernfs_fop_write+0xc0/0x1e0)
[   13.623703] [<c0251104>] (kernfs_fop_write) from [<c01f5614>] (__vfs_write+0x2c/0x114)
[   13.623708] [<c01f5614>] (__vfs_write) from [<c01f6af4>] (vfs_write+0xa4/0x160)
[   13.623712] [<c01f6af4>] (vfs_write) from [<c01f6d8c>] (SyS_write+0x40/0x8c)
[   13.623718] [<c01f6d8c>] (SyS_write) from [<c0107880>] (ret_fast_syscall+0x0/0x3c)
[   13.623720] ---[ end trace ec239f4d5330b96b ]---
[   13.660579] PM: resume of devices complete after 85.049 msecs
[   13.896478] ata1: SATA link down (SStatus 0 SControl 300)
[   14.019630] Restarting tasks ... done.
root@(none):/# 
root@(none):/# rtcwake -d rtc1 -m mem -s 3
rtcwake: assuming RTC uses UTC ...
rtcwake: wakeup from "mem" using /dev/rtc1 at Thu Jan  1 00:00:33 1970
[   14.971529] PM: Syncing filesystems ... done.
[   14.996280] Freezing user space processes ... (elapsed 0.001 seconds) done.
[   14.998350] Freezing remaining freezable tasks ... (elapsed 0.002 seconds) done.
[   14.998360] Suspending console(s) (use no_console_suspend to debug)
[   15.476284] PM: suspend of devices complete after 215.696 msecs
[   15.486561] PM: late suspend of devices complete after 10.238 msecs
[   15.509073] PM: noirq suspend of devices complete after 22.481 msecs
[   15.509085] Disabling non-boot CPUs ...
[   15.545999] CPU1: shutdown
[   15.625901] CPU2: shutdown
[   15.685571] CPU3: shutdown
[   15.720525] Entering suspend state LP1
[   15.720553] Enabling non-boot CPUs ...
[   15.764931] cpu cpu1: cpufreq_init: failed to get clk: -2
[   15.765072] CPU1 is up
[   15.815161] cpu cpu2: cpufreq_init: failed to get clk: -2
[   15.815310] CPU2 is up
[   15.865467] cpu cpu3: cpufreq_init: failed to get clk: -2
[   15.865631] CPU3 is up
[   15.866377] pcieport 0000:00:01.0: nv_msi_ht_cap_quirk didn't locate host bridge
[   15.866379] pcieport 0000:00:02.0: nv_msi_ht_cap_quirk didn't locate host bridge
[   15.883540] PM: noirq resume of devices complete after 17.903 msecs
[   15.885820] PM: early resume of devices complete after 1.751 msecs
[   15.892541] tegra-hdmi 54280000.hdmi: cannot set audio to 44100 at 297000000 pclk
[   15.933494] ------------[ cut here ]------------
[   15.933508] WARNING: CPU: 0 PID: 163 at drivers/gpu/drm/drm_atomic_helper.c:1108 drm_atomic_helper_wait_for_vblanks+0x20c/0x218
[   15.933509] [CRTC:25] vblank wait timed out
[   15.933513] Modules linked in:
[   15.933518] CPU: 0 PID: 163 Comm: rtcwake Tainted: G        W       4.7.0-rc1-95164-g1a695a9 #1
[   15.933520] Hardware name: NVIDIA Tegra SoC (Flattened Device Tree)
[   15.933532] [<c010f1e8>] (unwind_backtrace) from [<c010a864>] (show_stack+0x10/0x14)
[   15.933539] [<c010a864>] (show_stack) from [<c033d174>] (dump_stack+0x84/0xa4)
[   15.933546] [<c033d174>] (dump_stack) from [<c011f2f4>] (__warn+0xd4/0x100)
[   15.933552] [<c011f2f4>] (__warn) from [<c011f3c0>] (warn_slowpath_fmt+0x38/0x48)
[   15.933559] [<c011f3c0>] (warn_slowpath_fmt) from [<c04018f8>] (drm_atomic_helper_wait_for_vblanks+0x20c/0x218)
[   15.933567] [<c04018f8>] (drm_atomic_helper_wait_for_vblanks) from [<c04280bc>] (tegra_atomic_complete+0x3c/0x54)
[   15.933572] [<c04280bc>] (tegra_atomic_complete) from [<c0428134>] (tegra_atomic_commit+0x60/0x90)
[   15.933577] [<c0428134>] (tegra_atomic_commit) from [<c04249f4>] (drm_atomic_commit+0x40/0x64)
[   15.933582] [<c04249f4>] (drm_atomic_commit) from [<c0401458>] (drm_atomic_helper_resume+0x28/0x3c)
[   15.933588] [<c0401458>] (drm_atomic_helper_resume) from [<c0427aa8>] (host1x_drm_resume+0x18/0x30)
[   15.933594] [<c0427aa8>] (host1x_drm_resume) from [<c0446fa0>] (pm_generic_resume+0x2c/0x38)
[   15.933601] [<c0446fa0>] (pm_generic_resume) from [<c044a134>] (dpm_run_callback+0x1c/0x48)
[   15.933606] [<c044a134>] (dpm_run_callback) from [<c044a2f0>] (device_resume+0xb8/0x230)
[   15.933612] [<c044a2f0>] (device_resume) from [<c044b89c>] (dpm_resume+0xe0/0x208)
[   15.933617] [<c044b89c>] (dpm_resume) from [<c044bb64>] (dpm_resume_end+0xc/0x18)
[   15.933624] [<c044bb64>] (dpm_resume_end) from [<c0161d7c>] (suspend_devices_and_enter+0x10c/0x3e8)
[   15.933629] [<c0161d7c>] (suspend_devices_and_enter) from [<c01621c8>] (pm_suspend+0x170/0x218)
[   15.933633] [<c01621c8>] (pm_suspend) from [<c0160e68>] (state_store+0x68/0xb8)
[   15.933639] [<c0160e68>] (state_store) from [<c033f05c>] (kobj_attr_store+0x14/0x20)
[   15.933646] [<c033f05c>] (kobj_attr_store) from [<c0251b0c>] (sysfs_kf_write+0x44/0x48)
[   15.933652] [<c0251b0c>] (sysfs_kf_write) from [<c0251104>] (kernfs_fop_write+0xc0/0x1e0)
[   15.933657] [<c0251104>] (kernfs_fop_write) from [<c01f5614>] (__vfs_write+0x2c/0x114)
[   15.933662] [<c01f5614>] (__vfs_write) from [<c01f6af4>] (vfs_write+0xa4/0x160)
[   15.933667] [<c01f6af4>] (vfs_write) from [<c01f6d8c>] (SyS_write+0x40/0x8c)
[   15.933672] [<c01f6d8c>] (SyS_write) from [<c0107880>] (ret_fast_syscall+0x0/0x3c)
[   15.933675] ---[ end trace ec239f4d5330b96c ]---
[   15.970528] PM: resume of devices complete after 84.698 msecs
[   16.206486] ata1: SATA link down (SStatus 0 SControl 300)
[   16.325513] Restarting tasks ... done.
root@(none):/# 
root@(none):/# rtcwake -d rtc1 -m mem -s 3
rtcwake: assuming RTC uses UTC ...
rtcwake: wakeup from "mem" using /dev/rtc1 at Thu Jan  1 00:00:38 1970
[   17.281516] PM: Syncing filesystems ... done.
[   17.306241] Freezing user space processes ... (elapsed 0.001 seconds) done.
[   17.308284] Freezing remaining freezable tasks ... (elapsed 0.001 seconds) done.
[   17.308295] Suspending console(s) (use no_console_suspend to debug)
[   17.786226] PM: suspend of devices complete after 216.515 msecs
[   17.795066] PM: late suspend of devices complete after 8.803 msecs
[   17.818883] PM: noirq suspend of devices complete after 23.787 msecs
[   17.818896] Disabling non-boot CPUs ...
[   17.845861] CPU1: shutdown
[   17.925792] CPU2: shutdown
[   17.985549] CPU3: shutdown
[   18.020502] Entering suspend state LP1
[   18.020530] Enabling non-boot CPUs ...
[   18.064905] cpu cpu1: cpufreq_init: failed to get clk: -2
[   18.065044] CPU1 is up
[   18.115134] cpu cpu2: cpufreq_init: failed to get clk: -2
[   18.115280] CPU2 is up
[   18.165439] cpu cpu3: cpufreq_init: failed to get clk: -2
[   18.165613] CPU3 is up
[   18.166297] pcieport 0000:00:01.0: nv_msi_ht_cap_quirk didn't locate host bridge
[   18.166314] pcieport 0000:00:02.0: nv_msi_ht_cap_quirk didn't locate host bridge
[   18.183502] PM: noirq resume of devices complete after 17.884 msecs
[   18.185471] PM: early resume of devices complete after 1.447 msecs
[   18.192682] tegra-hdmi 54280000.hdmi: cannot set audio to 44100 at 297000000 pclk
[   18.233460] ------------[ cut here ]------------
[   18.233473] WARNING: CPU: 0 PID: 166 at drivers/gpu/drm/drm_atomic_helper.c:1108 drm_atomic_helper_wait_for_vblanks+0x20c/0x218
[   18.233475] [CRTC:25] vblank wait timed out
[   18.233479] Modules linked in:
[   18.233484] CPU: 0 PID: 166 Comm: rtcwake Tainted: G        W       4.7.0-rc1-95164-g1a695a9 #1
[   18.233485] Hardware name: NVIDIA Tegra SoC (Flattened Device Tree)
[   18.233498] [<c010f1e8>] (unwind_backtrace) from [<c010a864>] (show_stack+0x10/0x14)
[   18.233505] [<c010a864>] (show_stack) from [<c033d174>] (dump_stack+0x84/0xa4)
[   18.233512] [<c033d174>] (dump_stack) from [<c011f2f4>] (__warn+0xd4/0x100)
[   18.233518] [<c011f2f4>] (__warn) from [<c011f3c0>] (warn_slowpath_fmt+0x38/0x48)
[   18.233524] [<c011f3c0>] (warn_slowpath_fmt) from [<c04018f8>] (drm_atomic_helper_wait_for_vblanks+0x20c/0x218)
[   18.233532] [<c04018f8>] (drm_atomic_helper_wait_for_vblanks) from [<c04280bc>] (tegra_atomic_complete+0x3c/0x54)
[   18.233539] [<c04280bc>] (tegra_atomic_complete) from [<c0428134>] (tegra_atomic_commit+0x60/0x90)
[   18.233543] [<c0428134>] (tegra_atomic_commit) from [<c04249f4>] (drm_atomic_commit+0x40/0x64)
[   18.233548] [<c04249f4>] (drm_atomic_commit) from [<c0401458>] (drm_atomic_helper_resume+0x28/0x3c)
[   18.233554] [<c0401458>] (drm_atomic_helper_resume) from [<c0427aa8>] (host1x_drm_resume+0x18/0x30)
[   18.233560] [<c0427aa8>] (host1x_drm_resume) from [<c0446fa0>] (pm_generic_resume+0x2c/0x38)
[   18.233567] [<c0446fa0>] (pm_generic_resume) from [<c044a134>] (dpm_run_callback+0x1c/0x48)
[   18.233572] [<c044a134>] (dpm_run_callback) from [<c044a2f0>] (device_resume+0xb8/0x230)
[   18.233578] [<c044a2f0>] (device_resume) from [<c044b89c>] (dpm_resume+0xe0/0x208)
[   18.233583] [<c044b89c>] (dpm_resume) from [<c044bb64>] (dpm_resume_end+0xc/0x18)
[   18.233590] [<c044bb64>] (dpm_resume_end) from [<c0161d7c>] (suspend_devices_and_enter+0x10c/0x3e8)
[   18.233595] [<c0161d7c>] (suspend_devices_and_enter) from [<c01621c8>] (pm_suspend+0x170/0x218)
[   18.233599] [<c01621c8>] (pm_suspend) from [<c0160e68>] (state_store+0x68/0xb8)
[   18.233605] [<c0160e68>] (state_store) from [<c033f05c>] (kobj_attr_store+0x14/0x20)
[   18.233611] [<c033f05c>] (kobj_attr_store) from [<c0251b0c>] (sysfs_kf_write+0x44/0x48)
[   18.233617] [<c0251b0c>] (sysfs_kf_write) from [<c0251104>] (kernfs_fop_write+0xc0/0x1e0)
[   18.233623] [<c0251104>] (kernfs_fop_write) from [<c01f5614>] (__vfs_write+0x2c/0x114)
[   18.233628] [<c01f5614>] (__vfs_write) from [<c01f6af4>] (vfs_write+0xa4/0x160)
[   18.233632] [<c01f6af4>] (vfs_write) from [<c01f6d8c>] (SyS_write+0x40/0x8c)
[   18.233638] [<c01f6d8c>] (SyS_write) from [<c0107880>] (ret_fast_syscall+0x0/0x3c)
[   18.233640] ---[ end trace ec239f4d5330b96d ]---
[   18.270551] PM: resume of devices complete after 85.071 msecs
[   18.506462] ata1: SATA link down (SStatus 0 SControl 300)
[   18.625352] Restarting tasks ... done.
root@(none):/# 
root@(none):/# rtcwake -d rtc1 -m mem -s 3
rtcwake: assuming RTC uses UTC ...
rtcwake: wakeup from "mem" using /dev/rtc1 at Thu Jan  1 00:00:43 1970
[   19.606151] PM: Syncing filesystems ... done.
[   19.643887] Freezing user space processes ... (elapsed 0.019 seconds) done.
[   19.645941] Freezing remaining freezable tasks ... (elapsed 0.002 seconds) done.
[   19.645951] Suspending console(s) (use no_console_suspend to debug)
[   20.086214] PM: suspend of devices complete after 191.629 msecs
[   20.095834] PM: late suspend of devices complete after 9.580 msecs
[   20.119003] PM: noirq suspend of devices complete after 23.140 msecs
[   20.119016] Disabling non-boot CPUs ...
[   20.144831] IRQ17 no longer affine to CPU1
[   20.145931] CPU1: shutdown
[   20.215735] CPU2: shutdown
[   20.285608] CPU3: shutdown
[   20.340361] Entering suspend state LP1
[   20.340389] Enabling non-boot CPUs ...
[   20.384856] cpu cpu1: cpufreq_init: failed to get clk: -2
[   20.384998] CPU1 is up
[   20.435096] cpu cpu2: cpufreq_init: failed to get clk: -2
[   20.435240] CPU2 is up
[   20.485405] cpu cpu3: cpufreq_init: failed to get clk: -2
[   20.485562] CPU3 is up
[   20.486336] pcieport 0000:00:01.0: nv_msi_ht_cap_quirk didn't locate host bridge
[   20.486338] pcieport 0000:00:02.0: nv_msi_ht_cap_quirk didn't locate host bridge
[   20.503485] PM: noirq resume of devices complete after 17.917 msecs
[   20.505350] PM: early resume of devices complete after 1.350 msecs
[   20.513219] tegra-hdmi 54280000.hdmi: cannot set audio to 44100 at 297000000 pclk
[   20.553426] ------------[ cut here ]------------
[   20.553440] WARNING: CPU: 0 PID: 170 at drivers/gpu/drm/drm_atomic_helper.c:1108 drm_atomic_helper_wait_for_vblanks+0x20c/0x218
[   20.553442] [CRTC:25] vblank wait timed out
[   20.553446] Modules linked in:
[   20.553450] CPU: 0 PID: 170 Comm: rtcwake Tainted: G        W       4.7.0-rc1-95164-g1a695a9 #1
[   20.553452] Hardware name: NVIDIA Tegra SoC (Flattened Device Tree)
[   20.553465] [<c010f1e8>] (unwind_backtrace) from [<c010a864>] (show_stack+0x10/0x14)
[   20.553472] [<c010a864>] (show_stack) from [<c033d174>] (dump_stack+0x84/0xa4)
[   20.553479] [<c033d174>] (dump_stack) from [<c011f2f4>] (__warn+0xd4/0x100)
[   20.553485] [<c011f2f4>] (__warn) from [<c011f3c0>] (warn_slowpath_fmt+0x38/0x48)
[   20.553491] [<c011f3c0>] (warn_slowpath_fmt) from [<c04018f8>] (drm_atomic_helper_wait_for_vblanks+0x20c/0x218)
[   20.553499] [<c04018f8>] (drm_atomic_helper_wait_for_vblanks) from [<c04280bc>] (tegra_atomic_complete+0x3c/0x54)
[   20.553505] [<c04280bc>] (tegra_atomic_complete) from [<c0428134>] (tegra_atomic_commit+0x60/0x90)
[   20.553510] [<c0428134>] (tegra_atomic_commit) from [<c04249f4>] (drm_atomic_commit+0x40/0x64)
[   20.553515] [<c04249f4>] (drm_atomic_commit) from [<c0401458>] (drm_atomic_helper_resume+0x28/0x3c)
[   20.553521] [<c0401458>] (drm_atomic_helper_resume) from [<c0427aa8>] (host1x_drm_resume+0x18/0x30)
[   20.553526] [<c0427aa8>] (host1x_drm_resume) from [<c0446fa0>] (pm_generic_resume+0x2c/0x38)
[   20.553533] [<c0446fa0>] (pm_generic_resume) from [<c044a134>] (dpm_run_callback+0x1c/0x48)
[   20.553538] [<c044a134>] (dpm_run_callback) from [<c044a2f0>] (device_resume+0xb8/0x230)
[   20.553544] [<c044a2f0>] (device_resume) from [<c044b89c>] (dpm_resume+0xe0/0x208)
[   20.553549] [<c044b89c>] (dpm_resume) from [<c044bb64>] (dpm_resume_end+0xc/0x18)
[   20.553556] [<c044bb64>] (dpm_resume_end) from [<c0161d7c>] (suspend_devices_and_enter+0x10c/0x3e8)
[   20.553561] [<c0161d7c>] (suspend_devices_and_enter) from [<c01621c8>] (pm_suspend+0x170/0x218)
[   20.553565] [<c01621c8>] (pm_suspend) from [<c0160e68>] (state_store+0x68/0xb8)
[   20.553570] [<c0160e68>] (state_store) from [<c033f05c>] (kobj_attr_store+0x14/0x20)
[   20.553577] [<c033f05c>] (kobj_attr_store) from [<c0251b0c>] (sysfs_kf_write+0x44/0x48)
[   20.553583] [<c0251b0c>] (sysfs_kf_write) from [<c0251104>] (kernfs_fop_write+0xc0/0x1e0)
[   20.553589] [<c0251104>] (kernfs_fop_write) from [<c01f5614>] (__vfs_write+0x2c/0x114)
[   20.553594] [<c01f5614>] (__vfs_write) from [<c01f6af4>] (vfs_write+0xa4/0x160)
[   20.553598] [<c01f6af4>] (vfs_write) from [<c01f6d8c>] (SyS_write+0x40/0x8c)
[   20.553604] [<c01f6d8c>] (SyS_write) from [<c0107880>] (ret_fast_syscall+0x0/0x3c)
[   20.553606] ---[ end trace ec239f4d5330b96e ]---
[   20.590490] PM: resume of devices complete after 85.130 msecs
[   20.826381] ata1: SATA link down (SStatus 0 SControl 300)
[   20.949383] Restarting tasks ... done.
root@(none):/# 
root@(none):/# rtcwake -d rtc1 -m mem -s 3
rtcwake: assuming RTC uses UTC ...
rtcwake: wakeup from "mem" using /dev/rtc1 at Thu Jan  1 00:00:48 1970
[   21.901160] PM: Syncing filesystems ... done.
[   21.926181] Freezing user space processes ... (elapsed 0.001 seconds) done.
[   21.928231] Freezing remaining freezable tasks ... (elapsed 0.001 seconds) done.
[   21.928241] Suspending console(s) (use no_console_suspend to debug)
[   22.406011] PM: suspend of devices complete after 215.796 msecs
[   22.412629] PM: late suspend of devices complete after 6.590 msecs
[   22.438734] PM: noirq suspend of devices complete after 26.077 msecs
[   22.438745] Disabling non-boot CPUs ...
[   22.465809] CPU1: shutdown
[   22.545715] CPU2: shutdown
[   22.605515] CPU3: shutdown
[   22.640429] Entering suspend state LP1
[   22.640457] Enabling non-boot CPUs ...
[   22.684822] cpu cpu1: cpufreq_init: failed to get clk: -2
[   22.684962] CPU1 is up
[   22.735063] cpu cpu2: cpufreq_init: failed to get clk: -2
[   22.735207] CPU2 is up
[   22.785372] cpu cpu3: cpufreq_init: failed to get clk: -2
[   22.785536] CPU3 is up
[   22.786256] pcieport 0000:00:02.0: nv_msi_ht_cap_quirk didn't locate host bridge
[   22.786258] pcieport 0000:00:01.0: nv_msi_ht_cap_quirk didn't locate host bridge
[   22.803450] PM: noirq resume of devices complete after 17.908 msecs
[   22.805584] PM: early resume of devices complete after 1.610 msecs
[   22.812594] tegra-hdmi 54280000.hdmi: cannot set audio to 44100 at 297000000 pclk
[   22.853389] ------------[ cut here ]------------
[   22.853403] WARNING: CPU: 0 PID: 173 at drivers/gpu/drm/drm_atomic_helper.c:1108 drm_atomic_helper_wait_for_vblanks+0x20c/0x218
[   22.853405] [CRTC:25] vblank wait timed out
[   22.853409] Modules linked in:
[   22.853413] CPU: 0 PID: 173 Comm: rtcwake Tainted: G        W       4.7.0-rc1-95164-g1a695a9 #1
[   22.853415] Hardware name: NVIDIA Tegra SoC (Flattened Device Tree)
[   22.853428] [<c010f1e8>] (unwind_backtrace) from [<c010a864>] (show_stack+0x10/0x14)
[   22.853435] [<c010a864>] (show_stack) from [<c033d174>] (dump_stack+0x84/0xa4)
[   22.853442] [<c033d174>] (dump_stack) from [<c011f2f4>] (__warn+0xd4/0x100)
[   22.853448] [<c011f2f4>] (__warn) from [<c011f3c0>] (warn_slowpath_fmt+0x38/0x48)
[   22.853454] [<c011f3c0>] (warn_slowpath_fmt) from [<c04018f8>] (drm_atomic_helper_wait_for_vblanks+0x20c/0x218)
[   22.853463] [<c04018f8>] (drm_atomic_helper_wait_for_vblanks) from [<c04280bc>] (tegra_atomic_complete+0x3c/0x54)
[   22.853468] [<c04280bc>] (tegra_atomic_complete) from [<c0428134>] (tegra_atomic_commit+0x60/0x90)
[   22.853473] [<c0428134>] (tegra_atomic_commit) from [<c04249f4>] (drm_atomic_commit+0x40/0x64)
[   22.853478] [<c04249f4>] (drm_atomic_commit) from [<c0401458>] (drm_atomic_helper_resume+0x28/0x3c)
[   22.853484] [<c0401458>] (drm_atomic_helper_resume) from [<c0427aa8>] (host1x_drm_resume+0x18/0x30)
[   22.853489] [<c0427aa8>] (host1x_drm_resume) from [<c0446fa0>] (pm_generic_resume+0x2c/0x38)
[   22.853496] [<c0446fa0>] (pm_generic_resume) from [<c044a134>] (dpm_run_callback+0x1c/0x48)
[   22.853502] [<c044a134>] (dpm_run_callback) from [<c044a2f0>] (device_resume+0xb8/0x230)
[   22.853507] [<c044a2f0>] (device_resume) from [<c044b89c>] (dpm_resume+0xe0/0x208)
[   22.853512] [<c044b89c>] (dpm_resume) from [<c044bb64>] (dpm_resume_end+0xc/0x18)
[   22.853519] [<c044bb64>] (dpm_resume_end) from [<c0161d7c>] (suspend_devices_and_enter+0x10c/0x3e8)
[   22.853524] [<c0161d7c>] (suspend_devices_and_enter) from [<c01621c8>] (pm_suspend+0x170/0x218)
[   22.853528] [<c01621c8>] (pm_suspend) from [<c0160e68>] (state_store+0x68/0xb8)
[   22.853534] [<c0160e68>] (state_store) from [<c033f05c>] (kobj_attr_store+0x14/0x20)
[   22.853541] [<c033f05c>] (kobj_attr_store) from [<c0251b0c>] (sysfs_kf_write+0x44/0x48)
[   22.853547] [<c0251b0c>] (sysfs_kf_write) from [<c0251104>] (kernfs_fop_write+0xc0/0x1e0)
[   22.853552] [<c0251104>] (kernfs_fop_write) from [<c01f5614>] (__vfs_write+0x2c/0x114)
[   22.853557] [<c01f5614>] (__vfs_write) from [<c01f6af4>] (vfs_write+0xa4/0x160)
[   22.853562] [<c01f6af4>] (vfs_write) from [<c01f6d8c>] (SyS_write+0x40/0x8c)
[   22.853567] [<c01f6d8c>] (SyS_write) from [<c0107880>] (ret_fast_syscall+0x0/0x3c)
[   22.853570] ---[ end trace ec239f4d5330b96f ]---
[   22.890455] PM: resume of devices complete after 84.861 msecs
[   23.126335] ata1: SATA link down (SStatus 0 SControl 300)
[   23.245402] Restarting tasks ... done.
root@(none):/# 
root@(none):/# rtcwake -d rtc1 -m mem -s 3
rtcwake: assuming RTC uses UTC ...
rtcwake: wakeup from "mem" using /dev/rtc1 at Thu Jan  1 00:00:53 1970
[   24.199874] PM: Syncing filesystems ... done.
[   24.226146] Freezing user space processes ... (elapsed 0.001 seconds) done.
[   24.228201] Freezing remaining freezable tasks ... (elapsed 0.002 seconds) done.
[   24.228212] Suspending console(s) (use no_console_suspend to debug)
[   24.706147] PM: suspend of devices complete after 218.884 msecs
[   24.713661] PM: late suspend of devices complete after 7.475 msecs
[   24.738108] PM: noirq suspend of devices complete after 24.411 msecs
[   24.738122] Disabling non-boot CPUs ...
[   24.775810] CPU1: shutdown
[   24.845730] CPU2: shutdown
[   24.905481] CPU3: shutdown
[   24.940382] Entering suspend state LP1
[   24.940410] Enabling non-boot CPUs ...
[   24.984786] cpu cpu1: cpufreq_init: failed to get clk: -2
[   24.984928] CPU1 is up
[   25.035030] cpu cpu2: cpufreq_init: failed to get clk: -2
[   25.035173] CPU2 is up
[   25.085340] cpu cpu3: cpufreq_init: failed to get clk: -2
[   25.085503] CPU3 is up
[   25.086225] pcieport 0000:00:02.0: nv_msi_ht_cap_quirk didn't locate host bridge
[   25.086227] pcieport 0000:00:01.0: nv_msi_ht_cap_quirk didn't locate host bridge
[   25.103405] PM: noirq resume of devices complete after 17.896 msecs
[   25.105285] PM: early resume of devices complete after 1.359 msecs
[   25.112146] tegra-hdmi 54280000.hdmi: cannot set audio to 44100 at 297000000 pclk
[   25.153395] ------------[ cut here ]------------
[   25.153410] WARNING: CPU: 0 PID: 176 at drivers/gpu/drm/drm_atomic_helper.c:1108 drm_atomic_helper_wait_for_vblanks+0x20c/0x218
[   25.153412] [CRTC:25] vblank wait timed out
[   25.153416] Modules linked in:
[   25.153421] CPU: 0 PID: 176 Comm: rtcwake Tainted: G        W       4.7.0-rc1-95164-g1a695a9 #1
[   25.153423] Hardware name: NVIDIA Tegra SoC (Flattened Device Tree)
[   25.153436] [<c010f1e8>] (unwind_backtrace) from [<c010a864>] (show_stack+0x10/0x14)
[   25.153443] [<c010a864>] (show_stack) from [<c033d174>] (dump_stack+0x84/0xa4)
[   25.153450] [<c033d174>] (dump_stack) from [<c011f2f4>] (__warn+0xd4/0x100)
[   25.153456] [<c011f2f4>] (__warn) from [<c011f3c0>] (warn_slowpath_fmt+0x38/0x48)
[   25.153463] [<c011f3c0>] (warn_slowpath_fmt) from [<c04018f8>] (drm_atomic_helper_wait_for_vblanks+0x20c/0x218)
[   25.153471] [<c04018f8>] (drm_atomic_helper_wait_for_vblanks) from [<c04280bc>] (tegra_atomic_complete+0x3c/0x54)
[   25.153478] [<c04280bc>] (tegra_atomic_complete) from [<c0428134>] (tegra_atomic_commit+0x60/0x90)
[   25.153486] [<c0428134>] (tegra_atomic_commit) from [<c04249f4>] (drm_atomic_commit+0x40/0x64)
[   25.153500] [<c04249f4>] (drm_atomic_commit) from [<c0401458>] (drm_atomic_helper_resume+0x28/0x3c)
[   25.153519] [<c0401458>] (drm_atomic_helper_resume) from [<c0427aa8>] (host1x_drm_resume+0x18/0x30)
[   25.153527] [<c0427aa8>] (host1x_drm_resume) from [<c0446fa0>] (pm_generic_resume+0x2c/0x38)
[   25.153534] [<c0446fa0>] (pm_generic_resume) from [<c044a134>] (dpm_run_callback+0x1c/0x48)
[   25.153540] [<c044a134>] (dpm_run_callback) from [<c044a2f0>] (device_resume+0xb8/0x230)
[   25.153546] [<c044a2f0>] (device_resume) from [<c044b89c>] (dpm_resume+0xe0/0x208)
[   25.153551] [<c044b89c>] (dpm_resume) from [<c044bb64>] (dpm_resume_end+0xc/0x18)
[   25.153558] [<c044bb64>] (dpm_resume_end) from [<c0161d7c>] (suspend_devices_and_enter+0x10c/0x3e8)
[   25.153564] [<c0161d7c>] (suspend_devices_and_enter) from [<c01621c8>] (pm_suspend+0x170/0x218)
[   25.153568] [<c01621c8>] (pm_suspend) from [<c0160e68>] (state_store+0x68/0xb8)
[   25.153574] [<c0160e68>] (state_store) from [<c033f05c>] (kobj_attr_store+0x14/0x20)
[   25.153582] [<c033f05c>] (kobj_attr_store) from [<c0251b0c>] (sysfs_kf_write+0x44/0x48)
[   25.153588] [<c0251b0c>] (sysfs_kf_write) from [<c0251104>] (kernfs_fop_write+0xc0/0x1e0)
[   25.153594] [<c0251104>] (kernfs_fop_write) from [<c01f5614>] (__vfs_write+0x2c/0x114)
[   25.153599] [<c01f5614>] (__vfs_write) from [<c01f6af4>] (vfs_write+0xa4/0x160)
[   25.153603] [<c01f6af4>] (vfs_write) from [<c01f6d8c>] (SyS_write+0x40/0x8c)
[   25.153610] [<c01f6d8c>] (SyS_write) from [<c0107880>] (ret_fast_syscall+0x0/0x3c)
[   25.153614] ---[ end trace ec239f4d5330b970 ]---
[   25.190539] PM: resume of devices complete after 85.244 msecs
[   25.426343] ata1: SATA link down (SStatus 0 SControl 300)
[   25.545405] Restarting tasks ... done.
root@(none):/# 
root@(none):/# rtcwake -d rtc1 -m mem -s 3
rtcwake: assuming RTC uses UTC ...
rtcwake: wakeup from "mem" using /dev/rtc1 at Thu Jan  1 00:00:58 1970
[   26.521133] PM: Syncing filesystems ... done.
[   26.536543] Freezing user space processes ... (elapsed 0.001 seconds) done.
[   26.538719] Freezing remaining freezable tasks ... (elapsed 0.002 seconds) done.
[   26.538730] Suspending console(s) (use no_console_suspend to debug)
[   26.915601] PM: suspend of devices complete after 185.492 msecs
[   26.922099] PM: late suspend of devices complete after 6.471 msecs
[   26.936257] PM: noirq suspend of devices complete after 14.137 msecs
[   26.936266] Disabling non-boot CPUs ...
[   26.965001] CPU1: shutdown
[   27.024921] CPU2: shutdown
[   27.094765] CPU3: shutdown
[   27.148227] Entering suspend state LP1
[   27.148255] Enabling non-boot CPUs ...
[   27.194762] cpu cpu1: cpufreq_init: failed to get clk: -2
[   27.194903] CPU1 is up
[   27.245007] cpu cpu2: cpufreq_init: failed to get clk: -2
[   27.245156] CPU2 is up
[   27.295311] cpu cpu3: cpufreq_init: failed to get clk: -2
[   27.295473] CPU3 is up
[   27.296229] pcieport 0000:00:01.0: nv_msi_ht_cap_quirk didn't locate host bridge
[   27.296231] pcieport 0000:00:02.0: nv_msi_ht_cap_quirk didn't locate host bridge
[   27.313386] PM: noirq resume of devices complete after 17.907 msecs
[   27.315341] PM: early resume of devices complete after 1.436 msecs
[   27.322403] tegra-hdmi 54280000.hdmi: cannot set audio to 44100 at 297000000 pclk
[   27.363327] ------------[ cut here ]------------
[   27.363341] WARNING: CPU: 0 PID: 179 at drivers/gpu/drm/drm_atomic_helper.c:1108 drm_atomic_helper_wait_for_vblanks+0x20c/0x218
[   27.363343] [CRTC:25] vblank wait timed out
[   27.363347] Modules linked in:
[   27.363351] CPU: 0 PID: 179 Comm: rtcwake Tainted: G        W       4.7.0-rc1-95164-g1a695a9 #1
[   27.363353] Hardware name: NVIDIA Tegra SoC (Flattened Device Tree)
[   27.363366] [<c010f1e8>] (unwind_backtrace) from [<c010a864>] (show_stack+0x10/0x14)
[   27.363373] [<c010a864>] (show_stack) from [<c033d174>] (dump_stack+0x84/0xa4)
[   27.363380] [<c033d174>] (dump_stack) from [<c011f2f4>] (__warn+0xd4/0x100)
[   27.363386] [<c011f2f4>] (__warn) from [<c011f3c0>] (warn_slowpath_fmt+0x38/0x48)
[   27.363392] [<c011f3c0>] (warn_slowpath_fmt) from [<c04018f8>] (drm_atomic_helper_wait_for_vblanks+0x20c/0x218)
[   27.363400] [<c04018f8>] (drm_atomic_helper_wait_for_vblanks) from [<c04280bc>] (tegra_atomic_complete+0x3c/0x54)
[   27.363406] [<c04280bc>] (tegra_atomic_complete) from [<c0428134>] (tegra_atomic_commit+0x60/0x90)
[   27.363411] [<c0428134>] (tegra_atomic_commit) from [<c04249f4>] (drm_atomic_commit+0x40/0x64)
[   27.363416] [<c04249f4>] (drm_atomic_commit) from [<c0401458>] (drm_atomic_helper_resume+0x28/0x3c)
[   27.363421] [<c0401458>] (drm_atomic_helper_resume) from [<c0427aa8>] (host1x_drm_resume+0x18/0x30)
[   27.363427] [<c0427aa8>] (host1x_drm_resume) from [<c0446fa0>] (pm_generic_resume+0x2c/0x38)
[   27.363434] [<c0446fa0>] (pm_generic_resume) from [<c044a134>] (dpm_run_callback+0x1c/0x48)
[   27.363439] [<c044a134>] (dpm_run_callback) from [<c044a2f0>] (device_resume+0xb8/0x230)
[   27.363445] [<c044a2f0>] (device_resume) from [<c044b89c>] (dpm_resume+0xe0/0x208)
[   27.363450] [<c044b89c>] (dpm_resume) from [<c044bb64>] (dpm_resume_end+0xc/0x18)
[   27.363457] [<c044bb64>] (dpm_resume_end) from [<c0161d7c>] (suspend_devices_and_enter+0x10c/0x3e8)
[   27.363462] [<c0161d7c>] (suspend_devices_and_enter) from [<c01621c8>] (pm_suspend+0x170/0x218)
[   27.363466] [<c01621c8>] (pm_suspend) from [<c0160e68>] (state_store+0x68/0xb8)
[   27.363471] [<c0160e68>] (state_store) from [<c033f05c>] (kobj_attr_store+0x14/0x20)
[   27.363478] [<c033f05c>] (kobj_attr_store) from [<c0251b0c>] (sysfs_kf_write+0x44/0x48)
[   27.363484] [<c0251b0c>] (sysfs_kf_write) from [<c0251104>] (kernfs_fop_write+0xc0/0x1e0)
[   27.363490] [<c0251104>] (kernfs_fop_write) from [<c01f5614>] (__vfs_write+0x2c/0x114)
[   27.363495] [<c01f5614>] (__vfs_write) from [<c01f6af4>] (vfs_write+0xa4/0x160)
[   27.363500] [<c01f6af4>] (vfs_write) from [<c01f6d8c>] (SyS_write+0x40/0x8c)
[   27.363505] [<c01f6d8c>] (SyS_write) from [<c0107880>] (ret_fast_syscall+0x0/0x3c)
[   27.363508] ---[ end trace ec239f4d5330b971 ]---
[   27.400417] PM: resume of devices complete after 85.067 msecs
[   27.636295] ata1: SATA link down (SStatus 0 SControl 300)
[   27.755190] Restarting tasks ... done.
root@(none):/# 
root@(none):/# rtcwake -d rtc1 -m mem -s 3
rtcwake: assuming RTC uses UTC ...
rtcwake: wakeup from "mem" using /dev/rtc1 at Thu Jan  1 00:01:03 1970
[   28.711294] PM: Syncing filesystems ... done.
[   28.736087] Freezing user space processes ... (elapsed 0.001 seconds) done.
[   28.738140] Freezing remaining freezable tasks ... (elapsed 0.002 seconds) done.
[   28.738150] Suspending console(s) (use no_console_suspend to debug)
[   29.205958] PM: suspend of devices complete after 207.303 msecs
[   29.212561] PM: late suspend of devices complete after 6.575 msecs
[   29.238651] PM: noirq suspend of devices complete after 26.064 msecs
[   29.238664] Disabling non-boot CPUs ...
[   29.265697] CPU1: shutdown
[   29.345623] CPU2: shutdown
[   29.405390] CPU3: shutdown
[   29.440337] Entering suspend state LP1
[   29.440365] Enabling non-boot CPUs ...
[   29.484724] cpu cpu1: cpufreq_init: failed to get clk: -2
[   29.484866] CPU1 is up
[   29.534966] cpu cpu2: cpufreq_init: failed to get clk: -2
[   29.535109] CPU2 is up
[   29.585278] cpu cpu3: cpufreq_init: failed to get clk: -2
[   29.585438] CPU3 is up
[   29.586134] pcieport 0000:00:02.0: nv_msi_ht_cap_quirk didn't locate host bridge
[   29.586236] pcieport 0000:00:01.0: nv_msi_ht_cap_quirk didn't locate host bridge
[   29.603341] PM: noirq resume of devices complete after 17.897 msecs
[   29.605463] PM: early resume of devices complete after 1.612 msecs
[   29.612445] tegra-hdmi 54280000.hdmi: cannot set audio to 44100 at 297000000 pclk
[   29.653293] ------------[ cut here ]------------
[   29.653307] WARNING: CPU: 0 PID: 183 at drivers/gpu/drm/drm_atomic_helper.c:1108 drm_atomic_helper_wait_for_vblanks+0x20c/0x218
[   29.653309] [CRTC:25] vblank wait timed out
[   29.653312] Modules linked in:
[   29.653317] CPU: 0 PID: 183 Comm: rtcwake Tainted: G        W       4.7.0-rc1-95164-g1a695a9 #1
[   29.653319] Hardware name: NVIDIA Tegra SoC (Flattened Device Tree)
[   29.653332] [<c010f1e8>] (unwind_backtrace) from [<c010a864>] (show_stack+0x10/0x14)
[   29.653339] [<c010a864>] (show_stack) from [<c033d174>] (dump_stack+0x84/0xa4)
[   29.653346] [<c033d174>] (dump_stack) from [<c011f2f4>] (__warn+0xd4/0x100)
[   29.653352] [<c011f2f4>] (__warn) from [<c011f3c0>] (warn_slowpath_fmt+0x38/0x48)
[   29.653358] [<c011f3c0>] (warn_slowpath_fmt) from [<c04018f8>] (drm_atomic_helper_wait_for_vblanks+0x20c/0x218)
[   29.653367] [<c04018f8>] (drm_atomic_helper_wait_for_vblanks) from [<c04280bc>] (tegra_atomic_complete+0x3c/0x54)
[   29.653372] [<c04280bc>] (tegra_atomic_complete) from [<c0428134>] (tegra_atomic_commit+0x60/0x90)
[   29.653377] [<c0428134>] (tegra_atomic_commit) from [<c04249f4>] (drm_atomic_commit+0x40/0x64)
[   29.653382] [<c04249f4>] (drm_atomic_commit) from [<c0401458>] (drm_atomic_helper_resume+0x28/0x3c)
[   29.653388] [<c0401458>] (drm_atomic_helper_resume) from [<c0427aa8>] (host1x_drm_resume+0x18/0x30)
[   29.653394] [<c0427aa8>] (host1x_drm_resume) from [<c0446fa0>] (pm_generic_resume+0x2c/0x38)
[   29.653400] [<c0446fa0>] (pm_generic_resume) from [<c044a134>] (dpm_run_callback+0x1c/0x48)
[   29.653406] [<c044a134>] (dpm_run_callback) from [<c044a2f0>] (device_resume+0xb8/0x230)
[   29.653411] [<c044a2f0>] (device_resume) from [<c044b89c>] (dpm_resume+0xe0/0x208)
[   29.653416] [<c044b89c>] (dpm_resume) from [<c044bb64>] (dpm_resume_end+0xc/0x18)
[   29.653423] [<c044bb64>] (dpm_resume_end) from [<c0161d7c>] (suspend_devices_and_enter+0x10c/0x3e8)
[   29.653428] [<c0161d7c>] (suspend_devices_and_enter) from [<c01621c8>] (pm_suspend+0x170/0x218)
[   29.653432] [<c01621c8>] (pm_suspend) from [<c0160e68>] (state_store+0x68/0xb8)
[   29.653438] [<c0160e68>] (state_store) from [<c033f05c>] (kobj_attr_store+0x14/0x20)
[   29.653445] [<c033f05c>] (kobj_attr_store) from [<c0251b0c>] (sysfs_kf_write+0x44/0x48)
[   29.653451] [<c0251b0c>] (sysfs_kf_write) from [<c0251104>] (kernfs_fop_write+0xc0/0x1e0)
[   29.653457] [<c0251104>] (kernfs_fop_write) from [<c01f5614>] (__vfs_write+0x2c/0x114)
[   29.653461] [<c01f5614>] (__vfs_write) from [<c01f6af4>] (vfs_write+0xa4/0x160)
[   29.653466] [<c01f6af4>] (vfs_write) from [<c01f6d8c>] (SyS_write+0x40/0x8c)
[   29.653472] [<c01f6d8c>] (SyS_write) from [<c0107880>] (ret_fast_syscall+0x0/0x3c)
[   29.653474] ---[ end trace ec239f4d5330b972 ]---
[   29.690455] PM: resume of devices complete after 84.984 msecs
[   29.936204] ata1: SATA link down (SStatus 0 SControl 300)
[   30.045328] Restarting tasks ... done.
root@(none):/# 
root@(none):/# rtcwake -d rtc1 -m mem -s 3
rtcwake: assuming RTC uses UTC ...
rtcwake: wakeup from "mem" using /dev/rtc1 at Thu Jan  1 00:01:08 1970
[   31.002024] PM: Syncing filesystems ... done.
[   31.026059] Freezing user space processes ... (elapsed 0.001 seconds) done.
[   31.028118] Freezing remaining freezable tasks ... (elapsed 0.002 seconds) done.
[   31.028128] Suspending console(s) (use no_console_suspend to debug)
[   31.505880] PM: suspend of devices complete after 215.702 msecs
[   31.512467] PM: late suspend of devices complete after 6.559 msecs
[   31.538632] PM: noirq suspend of devices complete after 26.138 msecs
[   31.538645] Disabling non-boot CPUs ...
[   31.565691] CPU1: shutdown
[   31.645590] CPU2: shutdown
[   31.705430] CPU3: shutdown
[   31.740307] Entering suspend state LP1
[   31.740335] Enabling non-boot CPUs ...
[   31.784693] cpu cpu1: cpufreq_init: failed to get clk: -2
[   31.784836] CPU1 is up
[   31.834932] cpu cpu2: cpufreq_init: failed to get clk: -2
[   31.835080] CPU2 is up
[   31.885248] cpu cpu3: cpufreq_init: failed to get clk: -2
[   31.885411] CPU3 is up
[   31.886053] pcieport 0000:00:01.0: nv_msi_ht_cap_quirk didn't locate host bridge
[   31.886212] pcieport 0000:00:02.0: nv_msi_ht_cap_quirk didn't locate host bridge
[   31.903305] PM: noirq resume of devices complete after 17.889 msecs
[   31.905284] PM: early resume of devices complete after 1.463 msecs
[   31.912328] tegra-hdmi 54280000.hdmi: cannot set audio to 44100 at 297000000 pclk
[   31.953259] ------------[ cut here ]------------
[   31.953273] WARNING: CPU: 0 PID: 186 at drivers/gpu/drm/drm_atomic_helper.c:1108 drm_atomic_helper_wait_for_vblanks+0x20c/0x218
[   31.953274] [CRTC:25] vblank wait timed out
[   31.953278] Modules linked in:
[   31.953283] CPU: 0 PID: 186 Comm: rtcwake Tainted: G        W       4.7.0-rc1-95164-g1a695a9 #1
[   31.953285] Hardware name: NVIDIA Tegra SoC (Flattened Device Tree)
[   31.953297] [<c010f1e8>] (unwind_backtrace) from [<c010a864>] (show_stack+0x10/0x14)
[   31.953305] [<c010a864>] (show_stack) from [<c033d174>] (dump_stack+0x84/0xa4)
[   31.953312] [<c033d174>] (dump_stack) from [<c011f2f4>] (__warn+0xd4/0x100)
[   31.953318] [<c011f2f4>] (__warn) from [<c011f3c0>] (warn_slowpath_fmt+0x38/0x48)
[   31.953324] [<c011f3c0>] (warn_slowpath_fmt) from [<c04018f8>] (drm_atomic_helper_wait_for_vblanks+0x20c/0x218)
[   31.953333] [<c04018f8>] (drm_atomic_helper_wait_for_vblanks) from [<c04280bc>] (tegra_atomic_complete+0x3c/0x54)
[   31.953338] [<c04280bc>] (tegra_atomic_complete) from [<c0428134>] (tegra_atomic_commit+0x60/0x90)
[   31.953343] [<c0428134>] (tegra_atomic_commit) from [<c04249f4>] (drm_atomic_commit+0x40/0x64)
[   31.953348] [<c04249f4>] (drm_atomic_commit) from [<c0401458>] (drm_atomic_helper_resume+0x28/0x3c)
[   31.953354] [<c0401458>] (drm_atomic_helper_resume) from [<c0427aa8>] (host1x_drm_resume+0x18/0x30)
[   31.953360] [<c0427aa8>] (host1x_drm_resume) from [<c0446fa0>] (pm_generic_resume+0x2c/0x38)
[   31.953367] [<c0446fa0>] (pm_generic_resume) from [<c044a134>] (dpm_run_callback+0x1c/0x48)
[   31.953372] [<c044a134>] (dpm_run_callback) from [<c044a2f0>] (device_resume+0xb8/0x230)
[   31.953377] [<c044a2f0>] (device_resume) from [<c044b89c>] (dpm_resume+0xe0/0x208)
[   31.953383] [<c044b89c>] (dpm_resume) from [<c044bb64>] (dpm_resume_end+0xc/0x18)
[   31.953389] [<c044bb64>] (dpm_resume_end) from [<c0161d7c>] (suspend_devices_and_enter+0x10c/0x3e8)
[   31.953394] [<c0161d7c>] (suspend_devices_and_enter) from [<c01621c8>] (pm_suspend+0x170/0x218)
[   31.953398] [<c01621c8>] (pm_suspend) from [<c0160e68>] (state_store+0x68/0xb8)
[   31.953404] [<c0160e68>] (state_store) from [<c033f05c>] (kobj_attr_store+0x14/0x20)
[   31.953411] [<c033f05c>] (kobj_attr_store) from [<c0251b0c>] (sysfs_kf_write+0x44/0x48)
[   31.953417] [<c0251b0c>] (sysfs_kf_write) from [<c0251104>] (kernfs_fop_write+0xc0/0x1e0)
[   31.953423] [<c0251104>] (kernfs_fop_write) from [<c01f5614>] (__vfs_write+0x2c/0x114)
[   31.953428] [<c01f5614>] (__vfs_write) from [<c01f6af4>] (vfs_write+0xa4/0x160)
[   31.953432] [<c01f6af4>] (vfs_write) from [<c01f6d8c>] (SyS_write+0x40/0x8c)
[   31.953438] [<c01f6d8c>] (SyS_write) from [<c0107880>] (ret_fast_syscall+0x0/0x3c)
[   31.953440] ---[ end trace ec239f4d5330b973 ]---
[   31.990339] PM: resume of devices complete after 85.046 msecs
[   32.226217] ata1: SATA link down (SStatus 0 SControl 300)
[   32.345231] Restarting tasks ... done.
root@(none):/# 
root@(none):/# NVTB SYSTEM SUSPEND TEST COMPLETE
