
U-Boot SPL 2014.01-00219-gc4d376f (Feb 18 2014 - 19:57:18)


U-Boot 2014.01-00219-gc4d376f (Feb 18 2014 - 19:57:18)

TEGRA30
Board: NVIDIA Beaver
I2C:   ready
DRAM:  2 GiB
MMC:   Tegra SD/MMC: 0, Tegra SD/MMC: 1
In:    serial
Out:   serial
Err:   serial
Net:   Net Initialization Skipped
No ethernet found.
Hit any key to stop autoboot:  2  0 
Tegra30 (Beaver) # 
Tegra30 (Beaver) # usb reset
(Re)start USB...
USB0:   USB EHCI 1.00
scanning bus 0 for devices... 2 USB Device(s) found
       scanning usb for storage devices... 0 Storage Device(s) found
       scanning usb for ethernet devices... 
Warning: asx0 using MAC address from net device
1 Ethernet Device(s) found
Tegra30 (Beaver) # setenv bootargs 'ignore_loglevel console=ttyS0,115200n8 rw root=PARTUUID=edbe1840-3633-c751-7993-b0ac834f81e0 rootwait gpt debug noinitrd earlyprintk init=/bin/bash'
Tegra30 (Beaver) # setenv ipaddr 192.168.100.101; setenv serverip 192.168.100.1; setenv tftpserverip 192.168.100.1
Tegra30 (Beaver) # tftpboot 0x81000000 zImage.multi_v7_defconfig
Using asx0 device
TFTP from server 192.168.100.1; our IP address is 192.168.100.101
Filename 'zImage.multi_v7_defconfig'.
Load address: 0x81000000
Loading: *#################################################################
	 #################################################################
	 #################################################################
	 #################################################################
	 #################################################################
	 #################################################################
	 #################################################################
	 ##########################################
	 3.4 MiB/s
done
Bytes transferred = 7284752 (6f2810 hex)
Tegra30 (Beaver) # tftpboot 0x82000000 tegra30-beaver.dtb
Using asx0 device
TFTP from server 192.168.100.1; our IP address is 192.168.100.101
Filename 'tegra30-beaver.dtb'.
Load address: 0x82000000
Loading: *####
	 3.1 MiB/s
done
Bytes transferred = 51572 (c974 hex)
Tegra30 (Beaver) # bootz 0x81000000 - 0x82000000
Kernel image @ 0x81000000 [ 0x000000 - 0x6f2810 ]
## Flattened Device Tree blob at 82000000
   Booting using the fdt blob at 0x82000000
   Loading Device Tree to 8fff0000, end 8ffff973 ... OK

Starting kernel ...

[    0.000000] Booting Linux on physical CPU 0x0
[    0.000000] Linux version 4.9.0-rc3-127352-ga909d3e (pwalmsley@sellafield) (gcc version 4.7.3 20130328 (prerelease) (crosstool-NG linaro-1.13.1-4.7-2013.04-20130415 - Linaro GCC 2013.04) ) #1 SMP Wed Nov 2 06:03:37 PDT 2016
[    0.000000] CPU: ARMv7 Processor [412fc099] revision 9 (ARMv7), cr=10c5387d
[    0.000000] CPU: PIPT / VIPT nonaliasing data cache, VIPT aliasing instruction cache
[    0.000000] OF: fdt:Machine model: NVIDIA Tegra30 Beaver evaluation board
[    0.000000] debug: ignoring loglevel setting.
[    0.000000] efi: Getting EFI parameters from FDT:
[    0.000000] efi: UEFI not found.
[    0.000000] cma: Reserved 64 MiB at 0xfb800000
[    0.000000] Memory policy: Data cache writealloc
[    0.000000] On node 0 totalpages: 524032
[    0.000000] free_area_init_node: node 0, pgdat c1427f80, node_mem_map eeff8000
[    0.000000]   DMA zone: 1536 pages used for memmap
[    0.000000]   DMA zone: 0 pages reserved
[    0.000000]   DMA zone: 196608 pages, LIFO batch:31
[    0.000000]   HighMem zone: 327424 pages, LIFO batch:31
[    0.000000] percpu: Embedded 14 pages/cpu @eef94000 s26624 r8192 d22528 u57344
[    0.000000] pcpu-alloc: s26624 r8192 d22528 u57344 alloc=14*4096
[    0.000000] pcpu-alloc: [0] 0 [0] 1 [0] 2 [0] 3 
[    0.000000] Built 1 zonelists in Zone order, mobility grouping on.  Total pages: 522496
[    0.000000] Kernel command line: ignore_loglevel console=ttyS0,115200n8 rw root=PARTUUID=edbe1840-3633-c751-7993-b0ac834f81e0 rootwait gpt debug noinitrd earlyprintk init=/bin/bash
[    0.000000] PID hash table entries: 4096 (order: 2, 16384 bytes)
[    0.000000] Dentry cache hash table entries: 131072 (order: 7, 524288 bytes)
[    0.000000] Inode-cache hash table entries: 65536 (order: 6, 262144 bytes)
[    0.000000] Memory: 1995008K/2096128K available (9216K kernel code, 1190K rwdata, 4068K rodata, 2048K init, 343K bss, 35584K reserved, 65536K cma-reserved, 1244160K highmem)
[    0.000000] Virtual kernel memory layout:
[    0.000000]     vector  : 0xffff0000 - 0xffff1000   (   4 kB)
[    0.000000]     fixmap  : 0xffc00000 - 0xfff00000   (3072 kB)
[    0.000000]     vmalloc : 0xf0800000 - 0xff800000   ( 240 MB)
[    0.000000]     lowmem  : 0xc0000000 - 0xf0000000   ( 768 MB)
[    0.000000]     pkmap   : 0xbfe00000 - 0xc0000000   (   2 MB)
[    0.000000]     modules : 0xbf000000 - 0xbfe00000   (  14 MB)
[    0.000000]       .text : 0xc0208000 - 0xc0c00000   (10208 kB)
[    0.000000]       .init : 0xc1100000 - 0xc1300000   (2048 kB)
[    0.000000]       .data : 0xc1300000 - 0xc1429a60   (1191 kB)
[    0.000000]        .bss : 0xc142b000 - 0xc1480fc8   ( 344 kB)
[    0.000000] SLUB: HWalign=64, Order=0-3, MinObjects=0, CPUs=4, Nodes=1
[    0.000000] Hierarchical RCU implementation.
[    0.000000] 	Build-time adjustment of leaf fanout to 32.
[    0.000000] 	RCU restricting CPUs from NR_CPUS=16 to nr_cpu_ids=4.
[    0.000000] RCU: Adjusting geometry for rcu_fanout_leaf=32, nr_cpu_ids=4
[    0.000000] NR_IRQS:16 nr_irqs:16 16
[    0.000000] /interrupt-controller@60004000: 160 interrupts forwarded to /interrupt-controller@50041000
[    0.000000] L2C: platform modifies aux control register: 0x02080000 -> 0x3e480001
[    0.000000] L2C: DT/platform modifies aux control register: 0x02080000 -> 0x3e480001
[    0.000000] L2C-310 erratum 769419 enabled
[    0.000000] L2C-310 enabling early BRESP for Cortex-A9
[    0.000000] L2C-310: enabling full line of zeros but not enabled in Cortex-A9
[    0.000000] L2C-310 dynamic clock gating enabled, standby mode enabled
[    0.000000] L2C-310 cache controller enabled, 8 ways, 1024 kB
[    0.000000] L2C-310: CACHE_ID 0x410000c7, AUX_CTRL 0x4e480001
[    0.000014] sched_clock: 32 bits at 1000kHz, resolution 1000ns, wraps every 2147483647500ns
[    0.000032] clocksource: timer_us: mask: 0xffffffff max_cycles: 0xffffffff, max_idle_ns: 1911260446275 ns
[    0.000041] Switching to timer-based delay loop, resolution 1000ns
[    0.002748] Console: colour dummy device 80x30
[    0.002775] Calibrating delay loop (skipped), value calculated using timer frequency.. 2.00 BogoMIPS (lpj=5000)
[    0.002784] pid_max: default: 32768 minimum: 301
[    0.002870] Mount-cache hash table entries: 2048 (order: 1, 8192 bytes)
[    0.002877] Mountpoint-cache hash table entries: 2048 (order: 1, 8192 bytes)
[    0.003305] CPU: Testing write buffer coherency: ok
[    0.003596] CPU0: thread -1, cpu 0, socket 0, mpidr 80000000
[    0.003640] Setting up static identity map for 0x80300000 - 0x80300098
[    0.006134] Tegra Revision: A03 SKU: 128 CPU Process: 4 SoC Process: 0
[    0.006623] EFI services will not be available.
[    0.010365] CPU1: thread -1, cpu 1, socket 0, mpidr 80000001
[    0.015342] CPU2: thread -1, cpu 2, socket 0, mpidr 80000002
[    0.020342] CPU3: thread -1, cpu 3, socket 0, mpidr 80000003
[    0.020386] Brought up 4 CPUs
[    0.020399] SMP: Total of 4 processors activated (8.00 BogoMIPS).
[    0.020403] CPU: All CPU(s) started in SVC mode.
[    0.021093] devtmpfs: initialized
[    0.029746] VFP support v0.3: implementor 41 architecture 3 part 30 variant 9 rev 4
[    0.030215] clocksource: jiffies: mask: 0xffffffff max_cycles: 0xffffffff, max_idle_ns: 9556302231375000 ns
[    0.033477] pinctrl core: initialized pinctrl subsystem
[    0.035059] NET: Registered protocol family 16
[    0.037183] DMA: preallocated 256 KiB pool for atomic coherent allocations
[    0.054927] cpuidle: using governor menu
[    0.069046] No ATAGs?
[    0.069074] hw-breakpoint: found 5 (+1 reserved) breakpoint and 1 watchpoint registers.
[    0.069082] hw-breakpoint: maximum watchpoint size is 4 bytes.
[    0.073079] Serial: AMBA PL011 UART driver
[    0.073523] tegra-mc 7000f000.memory-controller: no memory timings for RAM code 3 registered
[    0.092917] vdd_5v_sata: Failed to request enable GPIO30: -517
[    0.092930] reg-fixed-voltage regulators:regulator@3: Failed to register regulator: -517
[    0.092973] usb1_vbus: Failed to request enable GPIO238: -517
[    0.092980] reg-fixed-voltage regulators:regulator@4: Failed to register regulator: -517
[    0.093020] usb3_vbus: Failed to request enable GPIO236: -517
[    0.093027] reg-fixed-voltage regulators:regulator@5: Failed to register regulator: -517
[    0.093113] sys_3v3_pexs: Failed to request enable GPIO95: -517
[    0.093120] reg-fixed-voltage regulators:regulator@7: Failed to register regulator: -517
[    0.094979] vgaarb: loaded
[    0.095466] SCSI subsystem initialized
[    0.095571] libata version 3.00 loaded.
[    0.095739] usbcore: registered new interface driver usbfs
[    0.095774] usbcore: registered new interface driver hub
[    0.095807] usbcore: registered new device driver usb
[    0.102891] vrtc: supplied by vdd_5v_in
[    0.106192] vio: supplied by vdd_5v_in
[    0.111833] vdd1: supplied by vdd_5v_in
[    0.113189] vddio_ddr_1v2: Bringing 600000uV into 1200000-1200000uV
[    0.116836] vdd2: supplied by vdd_5v_in
[    0.126826] ldo1: supplied by vdd_1v5_gen
[    0.129213] ldo2: supplied by vdd_1v5_gen
[    0.129683] vdd_sata,avdd_plle: Bringing 1200000uV into 1050000-1050000uV
[    0.130021] vdd_sata,avdd_plle: ramp_delay not set
[    0.131926] ldo3: supplied by vdd_5v_in
[    0.134290] ldo4: supplied by vdd_5v_in
[    0.136825] ldo5: supplied by vdd_5v_in
[    0.141819] ldo6: supplied by vdd_1v8_gen
[    0.142288] avdd_dsi_csi,pwrdet_mipi: Bringing 1000000uV into 1200000-1200000uV
[    0.142623] avdd_dsi_csi,pwrdet_mipi: ramp_delay not set
[    0.144535] ldo7: supplied by vdd_1v8_gen
[    0.151824] ldo8: supplied by vdd_1v8_gen
[    0.156866] pps_core: LinuxPPS API ver. 1 registered
[    0.156873] pps_core: Software ver. 5.3.6 - Copyright 2005-2007 Rodolfo Giometti <giometti@linux.it>
[    0.156889] PTP clock support registered
[    0.157028] EDAC MC: Ver: 3.0.0
[    0.158576] clocksource: Switched to clocksource timer_us
[    0.164398] NET: Registered protocol family 2
[    0.164794] TCP established hash table entries: 8192 (order: 3, 32768 bytes)
[    0.164848] TCP bind hash table entries: 8192 (order: 4, 65536 bytes)
[    0.164930] TCP: Hash tables configured (established 8192 bind 8192)
[    0.165015] UDP hash table entries: 512 (order: 2, 16384 bytes)
[    0.165072] UDP-Lite hash table entries: 512 (order: 2, 16384 bytes)
[    0.165240] NET: Registered protocol family 1
[    0.165546] RPC: Registered named UNIX socket transport module.
[    0.165553] RPC: Registered udp transport module.
[    0.165557] RPC: Registered tcp transport module.
[    0.165561] RPC: Registered tcp NFSv4.1 backchannel transport module.
[    0.165570] PCI: CLS 0 bytes, default 64
[    0.166351] hw perfevents: enabled with armv7_cortex_a9 PMU driver, 7 counters available
[    0.167196] futex hash table entries: 1024 (order: 4, 65536 bytes)
[    0.167679] workingset: timestamp_bits=30 max_order=19 bucket_order=0
[    0.172823] squashfs: version 4.0 (2009/01/31) Phillip Lougher
[    0.173305] NFS: Registering the id_resolver key type
[    0.173331] Key type id_resolver registered
[    0.173336] Key type id_legacy registered
[    0.173367] ntfs: driver 2.1.32 [Flags: R/O].
[    0.174160] bounce: pool size: 64 pages
[    0.174290] Block layer SCSI generic (bsg) driver version 0.4 loaded (major 248)
[    0.174299] io scheduler noop registered
[    0.174303] io scheduler deadline registered
[    0.174395] io scheduler cfq registered (default)
[    0.176615] libphy: mdio_driver_register: phy-bcm-ns2-pci
[    0.180083] tegra30-pinctrl 70000868.pinmux: invalid group "sdmmc3_dat6_pd3" for function "rsvd1"
[    0.180098] tegra30-pinctrl 70000868.pinmux: invalid group "sdmmc3_dat7_pd4" for function "rsvd1"
[    0.180112] tegra30-pinctrl 70000868.pinmux: invalid group "vi_vsync_pd6" for function "rsvd1"
[    0.180121] tegra30-pinctrl 70000868.pinmux: invalid group "vi_hsync_pd7" for function "rsvd1"
[    0.180586] tegra30-pinctrl 70000868.pinmux: invalid group "hdmi_int_pn7" for function "rsvd1"
[    0.180630] tegra30-pinctrl 70000868.pinmux: invalid group "ulpi_data3_po4" for function "rsvd1"
[    0.180960] tegra30-pinctrl 70000868.pinmux: invalid group "vi_d10_pt2" for function "rsvd1"
[    0.180972] tegra30-pinctrl 70000868.pinmux: invalid group "vi_d11_pt3" for function "rsvd1"
[    0.180984] tegra30-pinctrl 70000868.pinmux: invalid group "vi_d0_pt4" for function "rsvd1"
[    0.181025] tegra30-pinctrl 70000868.pinmux: invalid group "pu0" for function "rsvd1"
[    0.181054] tegra30-pinctrl 70000868.pinmux: invalid group "pu3" for function "rsvd1"
[    0.181084] tegra30-pinctrl 70000868.pinmux: invalid group "pu6" for function "rsvd1"
[    0.181131] tegra30-pinctrl 70000868.pinmux: invalid group "pv3" for function "rsvd1"
[    0.181622] tegra30-pinctrl 70000868.pinmux: invalid group "pbb0" for function "rsvd1"
[    0.181735] tegra30-pinctrl 70000868.pinmux: invalid group "pcc1" for function "rsvd1"
[    0.186900] tegra-pcie 3000.pcie-controller: 2x3 configuration
[    0.187048] tegra-pcie 3000.pcie-controller: Failed to get supply 'hvdd-pex': -517
[    0.192452] tegra-apbdma 6000a000.dma: Tegra20 APB DMA driver register 32 channels
[    0.193507] tegra-pmc 7000e400.pmc: i2c-thermtrip node not found, emergency thermal reset disabled.
[    0.225671] Serial: 8250/16550 driver, 4 ports, IRQ sharing disabled
[    0.227727] console [ttyS0] disabled
[    0.227764] 70006000.serial: ttyS0 at MMIO 0x70006000 (irq = 331, base_baud = 25500000) is a Tegra
[    1.237569] console [ttyS0] enabled
[    1.241553] SuperH (H)SCI(F) driver initialized
[    1.246667] msm_serial: driver initialized
[    1.250869] STMicroelectronics ASC driver initialized
[    1.258030] [drm] Initialized
[    1.262928] tegra-hdmi 54280000.hdmi: failed to get HDMI regulator
[    1.276945] brd: module loaded
[    1.283899] loop: module loaded
[    1.292183] m25p80 spi32766.1: w25q32 (4096 Kbytes)
[    1.298821] libphy: Fixed MDIO Bus: probed
[    1.303503] CAN device driver interface
[    1.308568] e1000e: Intel(R) PRO/1000 Network Driver - 3.2.6-k
[    1.314394] e1000e: Copyright(c) 1999 - 2015 Intel Corporation.
[    1.320347] igb: Intel(R) Gigabit Ethernet Network Driver - version 5.4.0-k
[    1.327298] igb: Copyright (c) 2007-2014 Intel Corporation.
[    1.334769] pegasus: v0.9.3 (2013/04/25), Pegasus/Pegasus II USB Ethernet driver
[    1.342206] usbcore: registered new interface driver pegasus
[    1.347890] usbcore: registered new interface driver asix
[    1.353305] usbcore: registered new interface driver ax88179_178a
[    1.359415] usbcore: registered new interface driver cdc_ether
[    1.365273] usbcore: registered new interface driver smsc75xx
[    1.371041] usbcore: registered new interface driver smsc95xx
[    1.376807] usbcore: registered new interface driver net1080
[    1.382480] usbcore: registered new interface driver cdc_subset
[    1.388413] usbcore: registered new interface driver zaurus
[    1.394015] usbcore: registered new interface driver cdc_ncm
[    1.401053] ehci_hcd: USB 2.0 'Enhanced' Host Controller (EHCI) Driver
[    1.407580] ehci-pci: EHCI PCI platform driver
[    1.412046] ehci-platform: EHCI generic platform driver
[    1.417383] ehci-orion: EHCI orion driver
[    1.421464] SPEAr-ehci: EHCI SPEAr driver
[    1.425549] ehci-st: EHCI STMicroelectronics driver
[    1.430504] ehci-exynos: EHCI EXYNOS driver
[    1.434775] ehci-atmel: EHCI Atmel driver
[    1.438856] tegra-ehci: Tegra EHCI driver
[    1.443137] ohci_hcd: USB 1.1 'Open' Host Controller (OHCI) Driver
[    1.449321] ohci-pci: OHCI PCI platform driver
[    1.453791] ohci-platform: OHCI generic platform driver
[    1.459106] ohci-omap3: OHCI OMAP3 driver
[    1.463180] SPEAr-ohci: OHCI SPEAr driver
[    1.467268] ohci-st: OHCI STMicroelectronics driver
[    1.472217] ohci-atmel: OHCI Atmel driver
[    1.476653] usbcore: registered new interface driver usb-storage
[    1.483602] mousedev: PS/2 mouse device common for all mice
[    1.490864] tegra_rtc 7000e000.rtc: rtc core: registered 7000e000.rtc as rtc1
[    1.498039] tegra_rtc 7000e000.rtc: Tegra internal Real Time Clock
[    1.506884] random: fast init done
[    1.520179] tps65910-rtc tps65910-rtc: rtc core: registered tps65910-rtc as rtc0
[    1.527765] i2c /dev entries driver
[    1.538728] sdhci: Secure Digital Host Controller Interface driver
[    1.544906] sdhci: Copyright(c) Pierre Ossman
[    1.550129] Synopsys Designware Multimedia Card Interface Driver
[    1.556770] sdhci-pltfm: SDHCI platform and OF driver helper
[    1.562918] sdhci-tegra 78000000.sdhci: Got CD GPIO
[    1.567805] sdhci-tegra 78000000.sdhci: Got WP GPIO
[    1.573919] mmc0: Invalid maximum block size, assuming 512 bytes
[    1.623663] mmc0: SDHCI controller on 78000000.sdhci [78000000.sdhci] using ADMA
[    1.632264] mmc1: Invalid maximum block size, assuming 512 bytes
[    1.678587] mmc1: SDHCI controller on 78000600.sdhci [78000600.sdhci] using ADMA
[    1.687293] ledtrig-cpu: registered to indicate activity on CPUs
[    1.693535] usbcore: registered new interface driver usbhid
[    1.699105] usbhid: USB HID core driver
[    1.705023] NET: Registered protocol family 10
[    1.710089] sit: IPv6, IPv4 and MPLS over IPv4 tunneling driver
[    1.716440] NET: Registered protocol family 17
[    1.720895] can: controller area network core (rev 20120528 abi 9)
[    1.727107] NET: Registered protocol family 29
[    1.731547] can: raw protocol (rev 20120528)
[    1.735812] can: broadcast manager protocol (rev 20160617 t)
[    1.741470] can: netlink gateway (rev 20130117) max_hops=1
[    1.747222] Key type dns_resolver registered
[    1.751892] ThumbEE CPU extension supported.
[    1.756169] Registering SWP/SWPB emulation handler
[    1.786217] vdd_ddr: supplied by vdd_5v_in
[    1.787812] vddio_sdmmc,avdd_vdac: ramp_delay not set
[    1.796979] vdd_5v_sata: supplied by vdd_5v_in
[    1.801712] usb1_vbus: supplied by vdd_5v_in
[    1.806274] usb3_vbus: supplied by vdd_5v_in
[    1.813346] sys_3v3,vdd_3v3_alw: supplied by vdd_5v_in
[    1.819066] +VDD_5V_HDMI: supplied by sys_3v3,vdd_3v3_alw
[    1.824673] sys_3v3_pexs: supplied by sys_3v3,vdd_3v3_alw
[    1.827892] mmc1: new high speed MMC card at address 0001
[    1.829219] mmcblk1: mmc1:0001 SEM16G 14.8 GiB 
[    1.830250] mmcblk1boot0: mmc1:0001 SEM16G partition 1 1.00 MiB
[    1.831275] mmcblk1boot1: mmc1:0001 SEM16G partition 2 1.00 MiB
[    1.832341] mmcblk1rpmb: mmc1:0001 SEM16G partition 3 128 KiB
[    1.837031] Primary GPT is invalid, using alternate GPT.
[    1.837046]  mmcblk1: p1 p2 p3 p4 p5
[    1.839433] mmc0: new ultra high speed DDR50 SDHC card at address aaaa
[    1.840751] mmcblk0: mmc0:aaaa SS04G 3.69 GiB 
[    1.869979]  mmcblk0: p1 p2 p3
[    1.881269] tegra-pcie 3000.pcie-controller: 2x3 configuration
[    1.889631] tegra-pcie 3000.pcie-controller: probing port 0, using 2 lanes
[    1.954784] tegra-pcie 3000.pcie-controller: probing port 2, using 2 lanes
[    2.365482] tegra-pcie 3000.pcie-controller: link 2 down, retrying
[    2.775499] tegra-pcie 3000.pcie-controller: link 2 down, retrying
[    3.185525] tegra-pcie 3000.pcie-controller: link 2 down, retrying
[    3.193716] tegra-pcie 3000.pcie-controller: link 2 down, ignoring
[    3.200013] tegra-pcie 3000.pcie-controller: PCI host bridge to bus 0000:00
[    3.206974] pci_bus 0000:00: root bus resource [io  0x0000-0xffff]
[    3.213148] pci_bus 0000:00: root bus resource [mem 0x20000000-0x27ffffff]
[    3.220014] pci_bus 0000:00: root bus resource [mem 0x28000000-0x3fffffff pref]
[    3.227313] pci_bus 0000:00: root bus resource [bus 00-ff]
[    3.232812] pci 0000:00:01.0: [10de:0e1c] type 01 class 0x060400
[    3.238880] pci 0000:00:01.0: PME# supported from D0 D1 D2 D3hot D3cold
[    3.245635] PCI: bus0: Fast back to back transfers disabled
[    3.251206] pci 0000:00:01.0: bridge configuration invalid ([bus 00-00]), reconfiguring
[    3.259306] pci 0000:01:00.0: [10ec:8168] type 00 class 0x020000
[    3.265323] pci 0000:01:00.0: reg 0x10: [io  0x0000-0x00ff]
[    3.270902] pci 0000:01:00.0: reg 0x18: [mem 0x00000000-0x00000fff 64bit pref]
[    3.278121] pci 0000:01:00.0: reg 0x20: [mem 0x00000000-0x00003fff 64bit pref]
[    3.285406] pci 0000:01:00.0: supports D1 D2
[    3.289672] pci 0000:01:00.0: PME# supported from D0 D1 D2 D3hot D3cold
[    3.308600] PCI: bus1: Fast back to back transfers disabled
[    3.314172] pci_bus 0000:01: busn_res: [bus 01-ff] end is updated to 01
[    3.320837] pci 0000:00:01.0: BAR 9: assigned [mem 0x28000000-0x280fffff 64bit pref]
[    3.328574] pci 0000:00:01.0: BAR 7: assigned [io  0x1000-0x1fff]
[    3.334664] pci 0000:01:00.0: BAR 4: assigned [mem 0x28000000-0x28003fff 64bit pref]
[    3.342406] pci 0000:01:00.0: BAR 2: assigned [mem 0x28004000-0x28004fff 64bit pref]
[    3.350145] pci 0000:01:00.0: BAR 0: assigned [io  0x1000-0x10ff]
[    3.356233] pci 0000:00:01.0: PCI bridge to [bus 01]
[    3.361193] pci 0000:00:01.0:   bridge window [io  0x1000-0x1fff]
[    3.367277] pci 0000:00:01.0:   bridge window [mem 0x28000000-0x280fffff 64bit pref]
[    3.375022] pci 0000:00:01.0: nv_msi_ht_cap_quirk didn't locate host bridge
[    3.382028] pcieport 0000:00:01.0: enabling device (0140 -> 0143)
[    3.388311] pcieport 0000:00:01.0: Signaling PME through PCIe PME interrupt
[    3.395271] pci 0000:01:00.0: Signaling PME through PCIe PME interrupt
[    3.401791] pcie_pme 0000:00:01.0:pcie001: service driver pcie_pme loaded
[    3.408762] r8169 Gigabit Ethernet driver 2.3LK-NAPI loaded
[    3.414349] r8169 0000:01:00.0: enabling device (0140 -> 0143)
[    3.421516] r8169 0000:01:00.0 eth0: RTL8168evl/8111evl at 0xf09f8000, 02:04:4b:01:60:a6, XID 0c900800 IRQ 375
[    3.431518] r8169 0000:01:00.0 eth0: jumbo features [frames: 9200 bytes, tx checksumming: ko]
[    3.443414] [drm] Supports vblank timestamp caching Rev 2 (21.10.2013).
[    3.450028] [drm] No driver support for vblank timestamp query.
[    3.455965] drm drm: No connectors reported connected with modes
[    3.461980] [drm] Cannot find any crtc or sizes - going 1024x768
[    3.487820] Console: switching to colour frame buffer device 128x48
[    3.500138] drm drm: fb0:  frame buffer device
[    3.518968] [drm] Initialized tegra 0.0.0 20120330 on minor 0
[    3.530205] utmi_phy_clk_enable: timeout waiting for phy to stabilize
[    3.536676] tegra-ehci 7d004000.usb: EHCI Host Controller
[    3.542086] tegra-ehci 7d004000.usb: new USB bus registered, assigned bus number 1
[    3.549926] tegra-ehci 7d004000.usb: irq 343, io mem 0x7d004000
[    3.568980] tegra-ehci 7d004000.usb: USB 2.0 started, EHCI 1.00
[    3.575847] hub 1-0:1.0: USB hub found
[    3.579620] hub 1-0:1.0: 1 port detected
[    3.584677] tegra-ehci 7d008000.usb: EHCI Host Controller
[    3.590100] tegra-ehci 7d008000.usb: new USB bus registered, assigned bus number 2
[    3.597835] tegra-ehci 7d008000.usb: irq 344, io mem 0x7d008000
[    3.618973] tegra-ehci 7d008000.usb: USB 2.0 started, EHCI 1.00
[    3.625760] hub 2-0:1.0: USB hub found
[    3.629528] hub 2-0:1.0: 1 port detected
[    3.639917] tps65910-rtc tps65910-rtc: setting system clock to 2000-01-01 00:00:02 UTC (946684802)
[    3.649533] vdd_sata,avdd_plle: disabling
[    3.654278] usb1_vbus: disabling
[    3.659080] EXT4-fs (mmcblk1p1): mounting ext3 file system using the ext4 subsystem
[    3.700072] EXT4-fs (mmcblk1p1): warning: mounting fs with errors, running e2fsck is recommended
[    3.710308] EXT4-fs (mmcblk1p1): recovery complete
[    3.716289] EXT4-fs (mmcblk1p1): mounted filesystem with ordered data mode. Opts: (null)
[    3.724403] VFS: Mounted root (ext3 filesystem) on device 179:1.
[    3.733785] devtmpfs: mounted
[    3.739270] Freeing unused kernel memory: 2048K (c1100000 - c1300000)
bash: cannot set terminal process group (-1): Inappropriate ioctl for device
bash: no job control in this shell
root@(none):/# [    3.958600] usb 2-1: new high-speed USB device number 2 using tegra-ehci
