

U-Boot 2015.04-00466-gedec83e90172 (Mar 14 2016 - 10:42:01)

TEGRA124
Model: Acer Chromebook 13 CB5-311
DRAM:  4 GiB
:   Tegra SD/MMC: 0, Tegra SD/MMC: 1, Tegra SD/MMC: 2
MMC init failed
Using default environment

In:    serial
Out:   serial
Err:   serial
Net:   Net Initialization Skipped
No ethernet found.
Hit any key to stop autoboot:  2  0 
Tegra124 (Nyan-big) # 
Tegra124 (Nyan-big) # usb start
starting USB...
USB0:   USB EHCI 1.10
scanning bus 0 for devices... 2 USB Device(s) found
USB1:   USB EHCI 1.10
scanning bus 1 for devices... 2 USB Device(s) found
       scanning usb for storage devices... 1 Storage Device(s) found
       scanning usb for ethernet devices... 
Warning: asx0 using MAC address from net device
1 Ethernet Device(s) found
Tegra124 (Nyan-big) # mw 0x7000e4a0 0x00080000
Tegra124 (Nyan-big) # setenv bootargs 'ignore_loglevel console=ttyS0,115200n8 rw root=PARTUUID=4d36e82a-b3c0-4b4b-bfcd-afe5217ac023 rootwait gpt debug noinitrd earlyprintk init=/bin/bash'
Tegra124 (Nyan-big) # setenv ipaddr 192.168.100.102; setenv serverip 192.168.100.1; setenv tftpserverip 192.168.100.1
Tegra124 (Nyan-big) # tftpboot 0x82000000 zImage.multi_v7_defconfig
Using asx0 device
TFTP from server 192.168.100.1; our IP address is 192.168.100.102
Filename 'zImage.multi_v7_defconfig'.
Load address: 0x82000000
Loading: *#################################################################
	 #################################################################
	 #################################################################
	 #################################################################
	 #################################################################
	 #################################################################
	 #################################################################
	 ###################################################
	 2.8 MiB/s
done
Bytes transferred = 7415968 (7128a0 hex)
Tegra124 (Nyan-big) # tftpboot 0x83000000 tegra124-nyan-big.dtb
Using asx0 device
TFTP from server 192.168.100.1; our IP address is 192.168.100.102
Filename 'tegra124-nyan-big.dtb'.
Load address: 0x83000000
Loading: *#####
	 2.7 MiB/s
done
Bytes transferred = 67943 (10967 hex)
Tegra124 (Nyan-big) # bootz 0x82000000 - 0x83000000
Kernel image @ 0x82000000 [ 0x000000 - 0x7128a0 ]
## Flattened Device Tree blob at 83000000
   Booting using the fdt blob at 0x83000000
   Using Device Tree in place at 83000000, end 83013966

Starting kernel ...

[    0.000000] Booting Linux on physical CPU 0x0
[    0.000000] Linux version 4.10.0-143272-gc470abd (pwalmsley@sellafield) (gcc version 4.7.3 20130328 (prerelease) (crosstool-NG linaro-1.13.1-4.7-2013.04-20130415 - Linaro GCC 2013.04) ) #1 SMP Sun Feb 19 15:04:08 PST 2017
[    0.000000] CPU: ARMv7 Processor [413fc0f3] revision 3 (ARMv7), cr=10c5387d
[    0.000000] CPU: div instructions available: patching division code
[    0.000000] CPU: PIPT / VIPT nonaliasing data cache, PIPT instruction cache
[    0.000000] OF: fdt:Machine model: Acer Chromebook 13 CB5-311
[    0.000000] OF: fdt:Ignoring memory range 0x100000000 - 0x17ffff000
[    0.000000] debug: ignoring loglevel setting.
[    0.000000] efi: Getting EFI parameters from FDT:
[    0.000000] efi: UEFI not found.
[    0.000000] cma: Reserved 64 MiB at 0xfb800000
[    0.000000] Memory policy: Data cache writealloc
[    0.000000] On node 0 totalpages: 524287
[    0.000000] free_area_init_node: node 0, pgdat c142ba40, node_mem_map eeff8000
[    0.000000]   DMA zone: 1536 pages used for memmap
[    0.000000]   DMA zone: 0 pages reserved
[    0.000000]   DMA zone: 196608 pages, LIFO batch:31
[    0.000000]   HighMem zone: 327679 pages, LIFO batch:31
[    0.000000] percpu: Embedded 14 pages/cpu @eef8d000 s26176 r8192 d22976 u57344
[    0.000000] pcpu-alloc: s26176 r8192 d22976 u57344 alloc=14*4096
[    0.000000] pcpu-alloc: [0] 0 [0] 1 [0] 2 [0] 3 
[    0.000000] Built 1 zonelists in Zone order, mobility grouping on.  Total pages: 522751
[    0.000000] Kernel command line: ignore_loglevel console=ttyS0,115200n8 rw root=PARTUUID=4d36e82a-b3c0-4b4b-bfcd-afe5217ac023 rootwait gpt debug noinitrd earlyprintk init=/bin/bash
[    0.000000] PID hash table entries: 4096 (order: 2, 16384 bytes)
[    0.000000] Dentry cache hash table entries: 131072 (order: 7, 524288 bytes)
[    0.000000] Inode-cache hash table entries: 65536 (order: 6, 262144 bytes)
[    0.000000] Memory: 1995772K/2097148K available (9216K kernel code, 1205K rwdata, 4152K rodata, 2048K init, 536K bss, 35840K reserved, 65536K cma-reserved, 1245180K highmem)
[    0.000000] Virtual kernel memory layout:
[    0.000000]     vector  : 0xffff0000 - 0xffff1000   (   4 kB)
[    0.000000]     fixmap  : 0xffc00000 - 0xfff00000   (3072 kB)
[    0.000000]     vmalloc : 0xf0800000 - 0xff800000   ( 240 MB)
[    0.000000]     lowmem  : 0xc0000000 - 0xf0000000   ( 768 MB)
[    0.000000]     pkmap   : 0xbfe00000 - 0xc0000000   (   2 MB)
[    0.000000]     modules : 0xbf000000 - 0xbfe00000   (  14 MB)
[    0.000000]       .text : 0xc0208000 - 0xc0c00000   (10208 kB)
[    0.000000]       .init : 0xc1100000 - 0xc1300000   (2048 kB)
[    0.000000]       .data : 0xc1300000 - 0xc142d540   (1206 kB)
[    0.000000]        .bss : 0xc142f000 - 0xc14b51d0   ( 537 kB)
[    0.000000] SLUB: HWalign=64, Order=0-3, MinObjects=0, CPUs=4, Nodes=1
[    0.000000] Hierarchical RCU implementation.
[    0.000000] 	Build-time adjustment of leaf fanout to 32.
[    0.000000] 	RCU restricting CPUs from NR_CPUS=16 to nr_cpu_ids=4.
[    0.000000] RCU: Adjusting geometry for rcu_fanout_leaf=32, nr_cpu_ids=4
[    0.000000] NR_IRQS:16 nr_irqs:16 16
[    0.000000] /interrupt-controller@60004000: 160 interrupts forwarded to /interrupt-controller@50041000
[    0.000000] Tegra clk 127: register failed with -17
[    0.000004] sched_clock: 32 bits at 1000kHz, resolution 1000ns, wraps every 2147483647500ns
[    0.000013] clocksource: timer_us: mask: 0xffffffff max_cycles: 0xffffffff, max_idle_ns: 1911260446275 ns
[    0.000018] Switching to timer-based delay loop, resolution 1000ns
[    0.001676] arm_arch_timer: Architected cp15 timer(s) running at 12.00MHz (virt).
[    0.001682] clocksource: arch_sys_counter: mask: 0xffffffffffffff max_cycles: 0x2c47f4ee7, max_idle_ns: 440795202497 ns
[    0.001689] sched_clock: 56 bits at 12MHz, resolution 83ns, wraps every 4398046511096ns
[    0.001693] Switching to timer-based delay loop, resolution 83ns
[    0.001897] Console: colour dummy device 80x30
[    0.001912] Calibrating delay loop (skipped), value calculated using timer frequency.. 24.00 BogoMIPS (lpj=120000)
[    0.001918] pid_max: default: 32768 minimum: 301
[    0.001958] Mount-cache hash table entries: 2048 (order: 1, 8192 bytes)
[    0.001962] Mountpoint-cache hash table entries: 2048 (order: 1, 8192 bytes)
[    0.002200] CPU: Testing write buffer coherency: ok
[    0.002324] /cpus/cpu@0 missing clock-frequency property
[    0.002338] /cpus/cpu@1 missing clock-frequency property
[    0.002352] /cpus/cpu@2 missing clock-frequency property
[    0.002366] /cpus/cpu@3 missing clock-frequency property
[    0.002370] CPU0: thread -1, cpu 0, socket 0, mpidr 80000000
[    0.002466] Setting up static identity map for 0x80300000 - 0x80300098
[    0.003717] Tegra Revision: A01 SKU: 131 CPU Process: 1 SoC Process: 1
[    0.003938] EFI services will not be available.
[    0.004030] smp: Bringing up secondary CPUs ...
[    0.004325] CPU1: thread -1, cpu 1, socket 0, mpidr 80000001
[    0.011856] CPU2: thread -1, cpu 2, socket 0, mpidr 80000002
[    0.021852] CPU3: thread -1, cpu 3, socket 0, mpidr 80000003
[    0.031575] smp: Brought up 1 node, 4 CPUs
[    0.031581] SMP: Total of 4 processors activated (96.00 BogoMIPS).
[    0.031584] CPU: All CPU(s) started in SVC mode.
[    0.032126] devtmpfs: initialized
[    0.039058] VFP support v0.3: implementor 41 architecture 4 part 30 variant f rev 0
[    0.039260] clocksource: jiffies: mask: 0xffffffff max_cycles: 0xffffffff, max_idle_ns: 19112604462750000 ns
[    0.039267] futex hash table entries: 1024 (order: 4, 65536 bytes)
[    0.039826] pinctrl core: initialized pinctrl subsystem
[    0.040560] NET: Registered protocol family 16
[    0.041232] DMA: preallocated 256 KiB pool for atomic coherent allocations
[    0.071602] cpuidle: using governor menu
[    0.081780] No ATAGs?
[    0.081839] hw-breakpoint: found 5 (+1 reserved) breakpoint and 4 watchpoint registers.
[    0.081844] hw-breakpoint: maximum watchpoint size is 8 bytes.
[    0.084459] Serial: AMBA PL011 UART driver
[    0.084801] tegra-mc 70019000.memory-controller: no memory timings for RAM code 0 registered
[    0.113465] +5V_SYS: supplied by +VDD_MUX
[    0.113571] +3.3V_SYS: supplied by +VDD_MUX
[    0.113793] +VDD_LED: Failed to request enable GPIO122: -517
[    0.113798] reg-fixed-voltage regulators:regulator@5: Failed to register regulator: -517
[    0.113828] +5V_VDD_TS_SW: Failed to request enable GPIO81: -517
[    0.113832] reg-fixed-voltage regulators:regulator@6: Failed to register regulator: -517
[    0.113861] +5V_USB_HS: Failed to request enable GPIO108: -517
[    0.113864] reg-fixed-voltage regulators:regulator@7: Failed to register regulator: -517
[    0.113893] +5V_USB_SS: Failed to request enable GPIO109: -517
[    0.113897] reg-fixed-voltage regulators:regulator@8: Failed to register regulator: -517
[    0.113975] +1.05V_RUN_AVDD_HDMI_PLL: Failed to request enable GPIO63: -517
[    0.113978] reg-fixed-voltage regulators:regulator@11: Failed to register regulator: -517
[    0.114006] +5V_HDMI_CON: Failed to request enable GPIO86: -517
[    0.114010] reg-fixed-voltage regulators:regulator@12: Failed to register regulator: -517
[    0.115111] vgaarb: loaded
[    0.115405] SCSI subsystem initialized
[    0.115470] libata version 3.00 loaded.
[    0.115562] usbcore: registered new interface driver usbfs
[    0.115584] usbcore: registered new interface driver hub
[    0.115609] usbcore: registered new device driver usb
[    0.116947] pps_core: LinuxPPS API ver. 1 registered
[    0.116951] pps_core: Software ver. 5.3.6 - Copyright 2005-2007 Rodolfo Giometti <giometti@linux.it>
[    0.116958] PTP clock support registered
[    0.117027] EDAC MC: Ver: 3.0.0
[    0.117468] tegra-emc 7001b000.emc: no memory timings for RAM code 0 found in DT
[    0.117476] tegra-emc: probe of 7001b000.emc failed with error -2
[    0.117963] clocksource: Switched to clocksource arch_sys_counter
[    0.121505] NET: Registered protocol family 2
[    0.121719] TCP established hash table entries: 8192 (order: 3, 32768 bytes)
[    0.121752] TCP bind hash table entries: 8192 (order: 4, 65536 bytes)
[    0.121813] TCP: Hash tables configured (established 8192 bind 8192)
[    0.121835] UDP hash table entries: 512 (order: 2, 16384 bytes)
[    0.121849] UDP-Lite hash table entries: 512 (order: 2, 16384 bytes)
[    0.121913] NET: Registered protocol family 1
[    0.122053] RPC: Registered named UNIX socket transport module.
[    0.122056] RPC: Registered udp transport module.
[    0.122058] RPC: Registered tcp transport module.
[    0.122060] RPC: Registered tcp NFSv4.1 backchannel transport module.
[    0.122064] PCI: CLS 0 bytes, default 64
[    0.122506] hw perfevents: enabled with armv7_cortex_a15 PMU driver, 7 counters available
[    0.123261] workingset: timestamp_bits=30 max_order=19 bucket_order=0
[    0.126956] squashfs: version 4.0 (2009/01/31) Phillip Lougher
[    0.127245] NFS: Registering the id_resolver key type
[    0.127256] Key type id_resolver registered
[    0.127258] Key type id_legacy registered
[    0.127274] ntfs: driver 2.1.32 [Flags: R/O].
[    0.127874] bounce: pool size: 64 pages
[    0.127945] Block layer SCSI generic (bsg) driver version 0.4 loaded (major 248)
[    0.127949] io scheduler noop registered
[    0.127965] io scheduler deadline registered
[    0.128027] io scheduler cfq registered (default)
[    0.129751] tegra-xusb-padctl 7009f000.padctl: failed to setup XUSB ports: -517
[    0.139805] tegra-apbdma 60020000.dma: Tegra20 APB DMA driver register 32 channels
[    0.140517] tegra-pmc 7000e400.pmc: i2c-thermtrip node not found, emergency thermal reset disabled.
[    0.161346] Serial: 8250/16550 driver, 4 ports, IRQ sharing disabled
[    0.162528] console [ttyS0] disabled
[    0.162544] 70006000.serial: ttyS0 at MMIO 0x70006000 (irq = 333, base_baud = 25500000) is a Tegra
[    1.035977] console [ttyS0] enabled
[    1.039766] SuperH (H)SCI(F) driver initialized
[    1.044631] msm_serial: driver initialized
[    1.048789] STMicroelectronics ASC driver initialized
[    1.055249] [drm] Initialized
[    1.059389] tegra-hdmi 54280000.hdmi: failed to get HDMI regulator
[    1.065915] tegra-dpaux 545c0000.dpaux: failed to get VDD supply: -517
[    1.073207] panel supply power not found, using dummy regulator
[    1.083057] brd: module loaded
[    1.088318] loop: module loaded
[    1.092358] as3722 4-0040: AS3722 with revision 0x1 found
[    1.102423] as3722-sd2: supplied by +5V_SYS
[    1.106831] as3722-sd3: supplied by +5V_SYS
[    1.111165] +1.35V_LP0(sd3): Bringing 0uV into 1350000-1350000uV
[    1.117344] as3722-sd4: supplied by +5V_SYS
[    1.121722] +1.05V_RUN: Bringing 0uV into 1050000-1050000uV
[    1.127459] as3722-sd5: supplied by +5V_SYS
[    1.133057] as3722-ldo0: supplied by +1.35V_LP0(sd2)
[    1.138799] +1.8V_RUN_CAM: Bringing 0uV into 1800000-1800000uV
[    1.144811] as3722-ldo2: supplied by +1.8V_VDDIO
[    1.150431] as3722-ldo3: supplied by +3.3V_SYS
[    1.154879] +1.00V_LP0_VDD_RTC: Bringing 1100000uV into 1000000-1000000uV
[    1.162455] as3722-ldo4: supplied by +3.3V_SYS
[    1.167046] +3.3V_RUN_CAM: Bringing 0uV into 2800000-2800000uV
[    1.173067] as3722-ldo5: supplied by +1.8V_VDDIO
[    1.177829] +1.2V_RUN_CAM_FRONT: Bringing 0uV into 1200000-1200000uV
[    1.184518] +VDDIO_SDMMC3: Bringing 0uV into 1800000-1800000uV
[    1.190561] as3722-ldo7: supplied by +1.8V_VDDIO
[    1.195323] +1.05V_RUN_CAM_REAR: Bringing 0uV into 1050000-1050000uV
[    1.201879] as3722-ldo9: supplied by +5V_SYS
[    1.206441] +2.8V_RUN_TOUCH: Bringing 0uV into 2800000-2800000uV
[    1.212653] as3722-ldo10: supplied by +5V_SYS
[    1.217160] +2.8V_RUN_CAM_AF: Bringing 0uV into 2800000-2800000uV
[    1.223604] +1.8V_RUN_VPP_FUSE: Bringing 0uV into 1800000-1800000uV
[    1.236143] random: fast init done
[    1.242052] m25p80 spi32765.0: w25q32dw (4096 Kbytes)
[    1.248232] libphy: Fixed MDIO Bus: probed
[    1.252734] CAN device driver interface
[    1.256887] bgmac_bcma: Broadcom 47xx GBit MAC driver loaded
[    1.263020] e1000e: Intel(R) PRO/1000 Network Driver - 3.2.6-k
[    1.268842] e1000e: Copyright(c) 1999 - 2015 Intel Corporation.
[    1.274767] igb: Intel(R) Gigabit Ethernet Network Driver - version 5.4.0-k
[    1.281715] igb: Copyright (c) 2007-2014 Intel Corporation.
[    1.288551] pegasus: v0.9.3 (2013/04/25), Pegasus/Pegasus II USB Ethernet driver
[    1.295951] usbcore: registered new interface driver pegasus
[    1.301620] usbcore: registered new interface driver asix
[    1.307019] usbcore: registered new interface driver ax88179_178a
[    1.313115] usbcore: registered new interface driver cdc_ether
[    1.318956] usbcore: registered new interface driver smsc75xx
[    1.324706] usbcore: registered new interface driver smsc95xx
[    1.330454] usbcore: registered new interface driver net1080
[    1.336110] usbcore: registered new interface driver cdc_subset
[    1.342031] usbcore: registered new interface driver zaurus
[    1.347612] usbcore: registered new interface driver cdc_ncm
[    1.353927] ehci_hcd: USB 2.0 'Enhanced' Host Controller (EHCI) Driver
[    1.360442] ehci-pci: EHCI PCI platform driver
[    1.364887] ehci-platform: EHCI generic platform driver
[    1.370174] ehci-orion: EHCI orion driver
[    1.374219] SPEAr-ehci: EHCI SPEAr driver
[    1.378271] ehci-st: EHCI STMicroelectronics driver
[    1.383183] ehci-exynos: EHCI EXYNOS driver
[    1.387409] ehci-atmel: EHCI Atmel driver
[    1.391460] tegra-ehci: Tegra EHCI driver
[    1.395520] ohci_hcd: USB 1.1 'Open' Host Controller (OHCI) Driver
[    1.401692] ohci-pci: OHCI PCI platform driver
[    1.406137] ohci-platform: OHCI generic platform driver
[    1.411410] ohci-omap3: OHCI OMAP3 driver
[    1.415454] SPEAr-ohci: OHCI SPEAr driver
[    1.419509] ohci-st: OHCI STMicroelectronics driver
[    1.424422] ohci-atmel: OHCI Atmel driver
[    1.428691] usbcore: registered new interface driver usb-storage
[    1.435250] mousedev: PS/2 mouse device common for all mice
[    1.441456] 1-0015 supply vcc not found, using dummy regulator
[    1.448657] as3722-rtc as3722-rtc: rtc core: registered as3722-rtc as rtc0
[    1.455514] as3722-rtc as3722-rtc: RTC interrupt 372
[    1.462436] tegra_rtc 7000e000.rtc: rtc core: registered 7000e000.rtc as rtc1
[    1.469575] tegra_rtc 7000e000.rtc: Tegra internal Real Time Clock
[    1.475932] i2c /dev entries driver
[    1.481878] 0-004c supply vcc not found, using dummy regulator
[    1.491958] sdhci: Secure Digital Host Controller Interface driver
[    1.498137] sdhci: Copyright(c) Pierre Ossman
[    1.503037] Synopsys Designware Multimedia Card Interface Driver
[    1.509438] sdhci-pltfm: SDHCI platform and OF driver helper
[    1.515357] sdhci-tegra 700b0000.sdhci: allocated mmc-pwrseq
[    1.521122] sdhci-tegra 700b0400.sdhci: Got CD GPIO
[    1.525991] sdhci-tegra 700b0400.sdhci: Got WP GPIO
[    1.530979] mmc0: Unknown controller version (3). You may experience problems.
[    1.538217] mmc0: Invalid maximum block size, assuming 512 bytes
[    1.607969] mmc0: SDHCI controller on 700b0600.sdhci [700b0600.sdhci] using ADMA
[    1.616070] ledtrig-cpu: registered to indicate activity on CPUs
[    1.622206] usbcore: registered new interface driver usbhid
[    1.627762] usbhid: USB HID core driver
[    1.632981] NET: Registered protocol family 10
[    1.637829] Segment Routing with IPv6
[    1.641529] sit: IPv6, IPv4 and MPLS over IPv4 tunneling driver
[    1.647682] NET: Registered protocol family 17
[    1.652128] can: controller area network core (rev 20120528 abi 9)
[    1.658384] NET: Registered protocol family 29
[    1.662820] can: raw protocol (rev 20120528)
[    1.667083] can: broadcast manager protocol (rev 20161123 t)
[    1.672742] can: netlink gateway (rev 20130117) max_hops=1
[    1.678368] Key type dns_resolver registered
[    1.682641] elan_i2c 1-0015: Elan Touchpad: Module ID: 0x002a, Firmware: 0x0005, Sample: 0x0007, IAP: 0x0009
[    1.692633] ThumbEE CPU extension supported.
[    1.692649] input: Elan Touchpad as /devices/soc0/7000c400.i2c/i2c-1/1-0015/input/input0
[    1.704965] Registering SWP/SWPB emulation handler
[    1.714759] +3.3V_RUN: supplied by +3.3V_SYS
[    1.720651] +3.3V_AVDD_HDMI_AP_GATED: supplied by +3.3V_RUN
[    1.726311] +1.8V_RUN_CAM: supplied by +3.3V_RUN
[    1.731046] +VDDIO_SDMMC3: supplied by +3.3V_RUN
[    1.735680] +1.8V_RUN_VPP_FUSE: supplied by +3.3V_RUN
[    1.740943] +VDD_LED: supplied by +VDD_MUX
[    1.745225] +5V_VDD_TS_SW: supplied by +5V_SYS
[    1.750042] +5V_USB_HS: supplied by +5V_SYS
[    1.754567] +5V_USB_SS: supplied by +5V_SYS
[    1.759841] +3.3V_PANEL: supplied by +3.3V_RUN
[    1.765346] +3.3V_LP0: supplied by +3.3V_SYS
[    1.769757] mmc0: new high speed MMC card at address 0001
[    1.775908] +1.05V_RUN_AVDD_HDMI_PLL: supplied by +1.05V_RUN
[    1.776087] mmcblk0: mmc0:0001 MMC16G 14.4 GiB 
[    1.776158] elan_i2c 1-0015: failed to read report data: -121
[    1.776599] mmcblk0boot0: mmc0:0001 MMC16G partition 1 2.00 MiB
[    1.776677] elan_i2c 1-0015: failed to read report data: -121
[    1.777072] mmcblk0boot1: mmc0:0001 MMC16G partition 2 2.00 MiB
[    1.777502] mmcblk0rpmb: mmc0:0001 MMC16G partition 3 128 KiB
[    1.787409]  mmcblk0: p1 p2 p3 p4 p5 p6 p7 p8 p9 p10 p11 p12
[    1.821227] +5V_HDMI_CON: supplied by +5V_SYS
[    1.826293] usb3-0 supply vbus not found, using dummy regulator
[    1.832336] usb3-1 supply vbus not found, using dummy regulator
[    1.841957] tegra-sor 54540000.sor: failed to probe output: -517
[    1.848783] panel supply power not found, using dummy regulator
[    1.855479] sdhci-tegra 700b0000.sdhci: allocated mmc-pwrseq
[    1.861302] mmc1: Unknown controller version (3). You may experience problems.
[    1.868627] mmc1: Invalid maximum block size, assuming 512 bytes
[    1.874933] mmc1: Switching to 3.3V signalling voltage failed
[    1.921728] elan_i2c 1-0015: invalid report id data (ff)
[    1.938067] mmc1: SDHCI controller on 700b0000.sdhci [700b0000.sdhci] using ADMA
[    1.946201] sdhci-tegra 700b0400.sdhci: Got CD GPIO
[    1.951099] sdhci-tegra 700b0400.sdhci: Got WP GPIO
[    1.956060] mmc2: Unknown controller version (3). You may experience problems.
[    1.963311] mmc2: Invalid maximum block size, assuming 512 bytes
[    2.008233] mmc1: new high speed SDIO card at address 0001
[    2.028047] mmc2: SDHCI controller on 700b0400.sdhci [700b0400.sdhci] using ADMA
[    2.132777] [drm] Supports vblank timestamp caching Rev 2 (21.10.2013).
[    2.139403] [drm] No driver support for vblank timestamp query.
[    2.179540] mmc2: new high speed SDHC card at address 0007
[    2.179930] mmcblk2: mmc2:0007 SD08G 7.42 GiB 
[    2.188427] GPT:Primary header alternate_lba != Alt. header my_lba
[    2.188431] GPT:3014591 != 15564799
[    2.188432] GPT:Primary header thinks Alt. header is not at the end of the disk.
[    2.188433] GPT:3014591 != 15564799
[    2.188434] GPT: Use GNU Parted to correct GPT errors.
[    2.188458]  mmcblk2: p1 p2 p3 p4 p5 p6 p7 p8 p9 p10 p11 p12
[    2.200156] Console: switching to colour frame buffer device 170x48
[    2.251457] drm drm: fb0:  frame buffer device
[    2.288066] [drm] Initialized tegra 0.0.0 20120330 on minor 0
[    2.294889] input: gpio-keys as /devices/soc0/gpio-keys/input/input1
[    2.302572] as3722-rtc as3722-rtc: setting system clock to 2000-01-01 00:00:23 UTC (946684823)
[    2.311713] +1.8V_RUN_CAM: disabling
[    2.315437] +3.3V_RUN_CAM: disabling
[    2.319282] +1.2V_RUN_CAM_FRONT: disabling
[    2.323580] +1.05V_RUN_CAM_REAR: disabling
[    2.327831] +2.8V_RUN_TOUCH: disabling
[    2.331813] +2.8V_RUN_CAM_AF: disabling
[    2.335804] +1.8V_RUN_VPP_FUSE: disabling
[    2.340045] +5V_VDD_TS_SW: disabling
[    2.343620] +5V_USB_HS: disabling
[    2.346924] +5V_USB_SS: disabling
[    2.351179] EXT4-fs (mmcblk0p3): couldn't mount as ext3 due to feature incompatibilities
[    2.359856] EXT4-fs (mmcblk0p3): couldn't mount as ext2 due to feature incompatibilities
[    2.630168] EXT4-fs (mmcblk0p3): recovery complete
[    2.635856] EXT4-fs (mmcblk0p3): mounted filesystem with ordered data mode. Opts: (null)
[    2.643982] VFS: Mounted root (ext4 filesystem) on device 179:3.
[    2.650723] devtmpfs: mounted
[    2.654400] Freeing unused kernel memory: 2048K
bash: cannot set terminal process group (-1): Inappropriate ioctl for device
bash: no job control in this shell
root@(none):/# mount -t sysfs none /sys
root@(none):/# 
root@(none):/# mount -t debugfs none /sys/kernel/debug
root@(none):/# 
root@(none):/# rtcwake -d rtc1 -m mem -s 3
rtcwake: assuming RTC uses UTC ...
rtcwake: wakeup from "mem" using /dev/rtc1 at Thu Jan  1 00:00:28 1970
[    5.800597] PM: Syncing filesystems ... done.
[    5.810834] Freezing user space processes ... (elapsed 0.001 seconds) done.
[    5.818987] Freezing remaining freezable tasks ... (elapsed 0.001 seconds) done.
[    5.827576] Suspending console(s) (use no_console_suspend to debug)
[    5.874789] PM: suspend of devices complete after 40.380 msecs
[    5.876211] PM: late suspend of devices complete after 1.414 msecs
[    5.877078] PM: noirq suspend of devices complete after 0.862 msecs
[    5.877079] Disabling non-boot CPUs ...
[    5.877475] CPU1: shutdown
[    5.939326] CPU2: shutdown
[    5.999009] CPU3: shutdown
[    6.038617] Entering suspend state LP1
[    6.038617] Suspended for 3.129 seconds
[    6.038628] Enabling non-boot CPUs ...
[    6.068663] CPU1 is up
[    6.108658] CPU2 is up
[    6.148767] CPU3 is up
[    6.149250] PM: noirq resume of devices complete after 0.478 msecs
[    6.150402] PM: early resume of devices complete after 0.851 msecs
[    6.307193] mmc1: Switching to 3.3V signalling voltage failed
[    6.558029] tegra-sor 54540000.sor: failed to attach SOR: -110
[    6.578189] PM: resume of devices complete after 427.782 msecs
[    6.657559] Restarting tasks ... done.
root@(none):/# 
root@(none):/# rtcwake -d rtc1 -m mem -s 3
rtcwake: assuming RTC uses UTC ...
rtcwake: wakeup from "mem" using /dev/rtc1 at Thu Jan  1 00:00:33 1970
[    7.757727] PM: Syncing filesystems ... done.
[    7.767070] Freezing user space processes ... (elapsed 0.001 seconds) done.
[    7.775225] Freezing remaining freezable tasks ... (elapsed 0.001 seconds) done.
[    7.783893] Suspending console(s) (use no_console_suspend to debug)
[    7.841842] PM: suspend of devices complete after 51.148 msecs
[    7.843325] PM: late suspend of devices complete after 1.474 msecs
[    7.844269] PM: noirq suspend of devices complete after 0.938 msecs
[    7.844270] Disabling non-boot CPUs ...
[    7.844454] IRQ17 no longer affine to CPU1
[    7.844612] CPU1: shutdown
[    7.899105] CPU2: shutdown
[    7.958926] CPU3: shutdown
[    8.008436] Entering suspend state LP1
[    8.008436] Suspended for 3.029 seconds
[    8.008447] Enabling non-boot CPUs ...
[    8.038640] CPU1 is up
[    8.078632] CPU2 is up
[    8.118733] CPU3 is up
[    8.119233] PM: noirq resume of devices complete after 0.495 msecs
[    8.120590] PM: early resume of devices complete after 1.060 msecs
[    8.277183] mmc1: Switching to 3.3V signalling voltage failed
[    8.527997] tegra-sor 54540000.sor: failed to attach SOR: -110
[    8.548107] PM: resume of devices complete after 427.511 msecs
[    8.631567] Restarting tasks ... done.
root@(none):/# 
root@(none):/# rtcwake -d rtc1 -m mem -s 3
rtcwake: assuming RTC uses UTC ...
rtcwake: wakeup from "mem" using /dev/rtc1 at Thu Jan  1 00:00:38 1970
[    9.717520] PM: Syncing filesystems ... done.
[    9.726968] Freezing user space processes ... (elapsed 0.001 seconds) done.
[    9.735125] Freezing remaining freezable tasks ... (elapsed 0.001 seconds) done.
[    9.743743] Suspending console(s) (use no_console_suspend to debug)
[    9.795254] PM: suspend of devices complete after 44.682 msecs
[    9.796504] PM: late suspend of devices complete after 1.241 msecs
[    9.797452] PM: noirq suspend of devices complete after 0.944 msecs
[    9.797454] Disabling non-boot CPUs ...
[    9.797637] IRQ17 no longer affine to CPU1
[    9.797798] CPU1: shutdown
[    9.859084] CPU2: shutdown
[    9.918897] CPU3: shutdown
[    9.968389] Entering suspend state LP1
[    9.968389] Suspended for 3.039 seconds
[    9.968400] Enabling non-boot CPUs ...
[    9.998605] CPU1 is up
[   10.038599] CPU2 is up
[   10.078697] CPU3 is up
[   10.079171] PM: noirq resume of devices complete after 0.469 msecs
[   10.080556] PM: early resume of devices complete after 1.068 msecs
[   10.237022] mmc1: Switching to 3.3V signalling voltage failed
[   10.487989] tegra-sor 54540000.sor: failed to attach SOR: -110
[   10.508219] PM: resume of devices complete after 427.657 msecs
[   10.591677] Restarting tasks ... done.
root@(none):/# 
root@(none):/# rtcwake -d rtc1 -m mem -s 3
rtcwake: assuming RTC uses UTC ...
rtcwake: wakeup from "mem" using /dev/rtc1 at Thu Jan  1 00:00:43 1970
[   11.677910] PM: Syncing filesystems ... done.
[   11.687473] Freezing user space processes ... (elapsed 0.001 seconds) done.
[   11.695629] Freezing remaining freezable tasks ... (elapsed 0.001 seconds) done.
[   11.704248] Suspending console(s) (use no_console_suspend to debug)
[   11.755105] PM: suspend of devices complete after 44.027 msecs
[   11.756364] PM: late suspend of devices complete after 1.249 msecs
[   11.757503] PM: noirq suspend of devices complete after 1.133 msecs
[   11.757505] Disabling non-boot CPUs ...
[   11.757855] CPU1: shutdown
[   11.818818] IRQ17 no longer affine to CPU2
[   11.819062] CPU2: shutdown
[   11.878875] CPU3: shutdown
[   11.928363] Entering suspend state LP1
[   11.928363] Suspended for 3.039 seconds
[   11.928373] Enabling non-boot CPUs ...
[   11.958581] CPU1 is up
[   11.998578] CPU2 is up
[   12.038676] CPU3 is up
[   12.039149] PM: noirq resume of devices complete after 0.468 msecs
[   12.040466] PM: early resume of devices complete after 1.009 msecs
[   12.197135] mmc1: Switching to 3.3V signalling voltage failed
[   12.447874] tegra-sor 54540000.sor: failed to attach SOR: -110
[   12.468188] PM: resume of devices complete after 427.717 msecs
[   12.551641] Restarting tasks ... done.
root@(none):/# 
root@(none):/# rtcwake -d rtc1 -m mem -s 3
rtcwake: assuming RTC uses UTC ...
rtcwake: wakeup from "mem" using /dev/rtc1 at Thu Jan  1 00:00:48 1970
[   13.637880] PM: Syncing filesystems ... done.
[   13.647446] Freezing user space processes ... (elapsed 0.001 seconds) done.
[   13.655603] Freezing remaining freezable tasks ... (elapsed 0.001 seconds) done.
[   13.664223] Suspending console(s) (use no_console_suspend to debug)
[   13.715041] PM: suspend of devices complete after 43.988 msecs
[   13.716234] PM: late suspend of devices complete after 1.185 msecs
[   13.717133] PM: noirq suspend of devices complete after 0.894 msecs
[   13.717134] Disabling non-boot CPUs ...
[   13.717496] CPU1: shutdown
[   13.779038] CPU2: shutdown
[   13.838618] IRQ17 no longer affine to CPU3
[   13.838857] CPU3: shutdown
[   13.888338] Entering suspend state LP1
[   13.888338] Suspended for 3.039 seconds
[   13.888349] Enabling non-boot CPUs ...
[   13.918565] CPU1 is up
[   13.958552] CPU2 is up
[   13.998650] CPU3 is up
[   13.999122] PM: noirq resume of devices complete after 0.468 msecs
[   14.000572] PM: early resume of devices complete after 1.141 msecs
[   14.157035] mmc1: Switching to 3.3V signalling voltage failed
[   14.407911] tegra-sor 54540000.sor: failed to attach SOR: -110
[   14.428090] PM: resume of devices complete after 427.512 msecs
[   14.511544] Restarting tasks ... done.
root@(none):/# 
root@(none):/# rtcwake -d rtc1 -m mem -s 3
rtcwake: assuming RTC uses UTC ...
rtcwake: wakeup from "mem" using /dev/rtc1 at Thu Jan  1 00:00:53 1970
[   15.597677] PM: Syncing filesystems ... done.
[   15.607209] Freezing user space processes ... (elapsed 0.001 seconds) done.
[   15.615351] Freezing remaining freezable tasks ... (elapsed 0.001 seconds) done.
[   15.623966] Suspending console(s) (use no_console_suspend to debug)
[   15.675083] PM: suspend of devices complete after 44.288 msecs
[   15.676299] PM: late suspend of devices complete after 1.207 msecs
[   15.677176] PM: noirq suspend of devices complete after 0.873 msecs
[   15.677178] Disabling non-boot CPUs ...
[   15.677365] IRQ17 no longer affine to CPU1
[   15.677530] CPU1: shutdown
[   15.738995] CPU2: shutdown
[   15.798805] CPU3: shutdown
[   15.848300] Entering suspend state LP1
[   15.848300] Suspended for 3.039 seconds
[   15.848311] Enabling non-boot CPUs ...
[   15.878515] CPU1 is up
[   15.918514] CPU2 is up
[   15.958619] CPU3 is up
[   15.959090] PM: noirq resume of devices complete after 0.466 msecs
[   15.960496] PM: early resume of devices complete after 1.101 msecs
[   16.117069] mmc1: Switching to 3.3V signalling voltage failed
[   16.367882] tegra-sor 54540000.sor: failed to attach SOR: -110
[   16.387975] PM: resume of devices complete after 427.473 msecs
[   16.471433] Restarting tasks ... done.
root@(none):/# 
root@(none):/# rtcwake -d rtc1 -m mem -s 3
rtcwake: assuming RTC uses UTC ...
rtcwake: wakeup from "mem" using /dev/rtc1 at Thu Jan  1 00:00:58 1970
[   17.556842] PM: Syncing filesystems ... done.
[   17.566181] Freezing user space processes ... (elapsed 0.001 seconds) done.
[   17.574247] Freezing remaining freezable tasks ... (elapsed 0.001 seconds) done.
[   17.582850] Suspending console(s) (use no_console_suspend to debug)
[   17.634977] PM: suspend of devices complete after 45.308 msecs
[   17.636230] PM: late suspend of devices complete after 1.244 msecs
[   17.637165] PM: noirq suspend of devices complete after 0.930 msecs
[   17.637167] Disabling non-boot CPUs ...
[   17.637520] CPU1: shutdown
[   17.698920] CPU2: shutdown
[   17.758787] CPU3: shutdown
[   17.808326] Entering suspend state LP1
[   17.808326] Suspended for 3.039 seconds
[   17.808337] Enabling non-boot CPUs ...
[   17.838496] CPU1 is up
[   17.878495] CPU2 is up
[   17.918605] CPU3 is up
[   17.919088] PM: noirq resume of devices complete after 0.478 msecs
[   17.920455] PM: early resume of devices complete after 1.067 msecs
[   18.078000] mmc1: Switching to 3.3V signalling voltage failed
[   18.337776] tegra-sor 54540000.sor: failed to attach SOR: -110
[   18.349209] PM: resume of devices complete after 428.744 msecs
[   18.428713] Restarting tasks ... done.
root@(none):/# 
root@(none):/# rtcwake -d rtc1 -m mem -s 3
rtcwake: assuming RTC uses UTC ...
rtcwake: wakeup from "mem" using /dev/rtc1 at Thu Jan  1 00:01:03 1970
[   19.517593] PM: Syncing filesystems ... done.
[   19.527078] Freezing user space processes ... (elapsed 0.001 seconds) done.
[   19.535149] Freezing remaining freezable tasks ... (elapsed 0.001 seconds) done.
[   19.543753] Suspending console(s) (use no_console_suspend to debug)
[   19.595947] PM: suspend of devices complete after 45.377 msecs
[   19.596993] PM: late suspend of devices complete after 1.042 msecs
[   19.597857] PM: noirq suspend of devices complete after 0.861 msecs
[   19.597859] Disabling non-boot CPUs ...
[   19.598057] IRQ17 no longer affine to CPU1
[   19.598216] CPU1: shutdown
[   19.658902] CPU2: shutdown
[   19.718811] CPU3: shutdown
[   19.768295] Entering suspend state LP1
[   19.768295] Suspended for 3.039 seconds
[   19.768305] Enabling non-boot CPUs ...
[   19.798466] CPU1 is up
[   19.838471] CPU2 is up
[   19.878563] CPU3 is up
[   19.879038] PM: noirq resume of devices complete after 0.470 msecs
[   19.880440] PM: early resume of devices complete after 1.083 msecs
[   20.037287] mmc1: Switching to 3.3V signalling voltage failed
[   20.287829] tegra-sor 54540000.sor: failed to attach SOR: -110
[   20.308470] PM: resume of devices complete after 428.024 msecs
[   20.391927] Restarting tasks ... done.
root@(none):/# 
root@(none):/# rtcwake -d rtc1 -m mem -s 3
rtcwake: assuming RTC uses UTC ...
rtcwake: wakeup from "mem" using /dev/rtc1 at Thu Jan  1 00:01:08 1970
[   21.476787] PM: Syncing filesystems ... done.
[   21.486131] Freezing user space processes ... (elapsed 0.001 seconds) done.
[   21.494305] Freezing remaining freezable tasks ... (elapsed 0.001 seconds) done.
[   21.502920] Suspending console(s) (use no_console_suspend to debug)
[   21.555802] PM: suspend of devices complete after 46.064 msecs
[   21.557076] PM: late suspend of devices complete after 1.266 msecs
[   21.557959] PM: noirq suspend of devices complete after 0.878 msecs
[   21.557961] Disabling non-boot CPUs ...
[   21.558311] CPU1: shutdown
[   21.618613] IRQ17 no longer affine to CPU2
[   21.618858] CPU2: shutdown
[   21.678757] CPU3: shutdown
[   21.728255] Entering suspend state LP1
[   21.728255] Suspended for 3.039 seconds
[   21.728266] Enabling non-boot CPUs ...
[   21.758439] CPU1 is up
[   21.798445] CPU2 is up
[   21.838538] CPU3 is up
[   21.839015] PM: noirq resume of devices complete after 0.472 msecs
[   21.840178] PM: early resume of devices complete after 0.865 msecs
[   21.996927] mmc1: Switching to 3.3V signalling voltage failed
[   22.247779] tegra-sor 54540000.sor: failed to attach SOR: -110
[   22.268116] PM: resume of devices complete after 427.931 msecs
[   22.351573] Restarting tasks ... done.
root@(none):/# 
root@(none):/# rtcwake -d rtc1 -m mem -s 3
rtcwake: assuming RTC uses UTC ...
rtcwake: wakeup from "mem" using /dev/rtc1 at Thu Jan  1 00:01:13 1970
[   23.436675] PM: Syncing filesystems ... done.
[   23.446014] Freezing user space processes ... (elapsed 0.001 seconds) done.
[   23.454180] Freezing remaining freezable tasks ... (elapsed 0.001 seconds) done.
[   23.462794] Suspending console(s) (use no_console_suspend to debug)
[   23.515127] PM: suspend of devices complete after 45.515 msecs
[   23.516536] PM: late suspend of devices complete after 1.401 msecs
[   23.517406] PM: noirq suspend of devices complete after 0.865 msecs
[   23.517408] Disabling non-boot CPUs ...
[   23.517781] CPU1: shutdown
[   23.578593] IRQ17 no longer affine to CPU2
[   23.578839] CPU2: shutdown
[   23.638710] CPU3: shutdown
[   23.688236] Entering suspend state LP1
[   23.688236] Suspended for 3.039 seconds
[   23.688247] Enabling non-boot CPUs ...
[   23.718415] CPU1 is up
[   23.758411] CPU2 is up
[   23.798512] CPU3 is up
[   23.798982] PM: noirq resume of devices complete after 0.465 msecs
[   23.800435] PM: early resume of devices complete after 1.134 msecs
[   23.956850] mmc1: Switching to 3.3V signalling voltage failed
[   24.207767] tegra-sor 54540000.sor: failed to attach SOR: -110
[   24.228036] PM: resume of devices complete after 427.595 msecs
[   24.311488] Restarting tasks ... done.
root@(none):/# 
root@(none):/# NVTB SYSTEM SUSPEND TEST COMPLETE
