
U-Boot SPL 2014.01-00219-gc4d376f (Feb 18 2014 - 19:57:18)


U-Boot 2014.01-00219-gc4d376f (Feb 18 2014 - 19:57:18)

TEGRA30
Board: NVIDIA Beaver
I2C:   ready
DRAM:  2 GiB
MMC:   Tegra SD/MMC: 0, Tegra SD/MMC: 1
In:    serial
Out:   serial
Err:   serial
Net:   Net Initialization Skipped
No ethernet found.
Hit any key to stop autoboot:  2  0 
Tegra30 (Beaver) # 
Tegra30 (Beaver) # usb reset
(Re)start USB...
USB0:   USB EHCI 1.00
scanning bus 0 for devices... 2 USB Device(s) found
       scanning usb for storage devices... 0 Storage Device(s) found
       scanning usb for ethernet devices... 
Warning: asx0 using MAC address from net device
1 Ethernet Device(s) found
Tegra30 (Beaver) # setenv bootargs 'ignore_loglevel console=ttyS0,115200n8 rw root=PARTUUID=edbe1840-3633-c751-7993-b0ac834f81e0 rootwait gpt debug noinitrd earlyprintk init=/bin/bash'
Tegra30 (Beaver) # setenv ipaddr 192.168.100.101; setenv serverip 192.168.100.1; setenv tftpserverip 192.168.100.1
Tegra30 (Beaver) # tftpboot 0x81000000 zImage.multi_v7_defconfig
Using asx0 device
TFTP from server 192.168.100.1; our IP address is 192.168.100.101
Filename 'zImage.multi_v7_defconfig'.
Load address: 0x81000000
Loading: *#################################################################
	 #################################################################
	 #################################################################
	 #################################################################
	 #################################################################
	 #################################################################
	 #################################################################
	 ###########################################################
	 3.3 MiB/s
done
Bytes transferred = 7537352 (7302c8 hex)
Tegra30 (Beaver) # tftpboot 0x82000000 tegra30-beaver.dtb
Using asx0 device
TFTP from server 192.168.100.1; our IP address is 192.168.100.101
Filename 'tegra30-beaver.dtb'.
Load address: 0x82000000
Loading: *####
	 3.1 MiB/s
done
Bytes transferred = 51804 (ca5c hex)
Tegra30 (Beaver) # bootz 0x81000000 - 0x82000000
Kernel image @ 0x81000000 [ 0x000000 - 0x7302c8 ]
## Flattened Device Tree blob at 82000000
   Booting using the fdt blob at 0x82000000
   Loading Device Tree to 8fff0000, end 8ffffa5b ... OK

Starting kernel ...

[    0.000000] Booting Linux on physical CPU 0x0
[    0.000000] Linux version 4.11.0-rc1-155019-gc1ae3cf (pwalmsley@sellafield) (gcc version 4.7.3 20130328 (prerelease) (crosstool-NG linaro-1.13.1-4.7-2013.04-20130415 - Linaro GCC 2013.04) ) #1 SMP Sun Mar 5 13:36:32 PST 2017
[    0.000000] CPU: ARMv7 Processor [412fc099] revision 9 (ARMv7), cr=10c5387d
[    0.000000] CPU: PIPT / VIPT nonaliasing data cache, VIPT aliasing instruction cache
[    0.000000] OF: fdt: Machine model: NVIDIA Tegra30 Beaver evaluation board
[    0.000000] debug: ignoring loglevel setting.
[    0.000000] efi: Getting EFI parameters from FDT:
[    0.000000] efi: UEFI not found.
[    0.000000] cma: Reserved 64 MiB at 0xfb800000
[    0.000000] Memory policy: Data cache writealloc
[    0.000000] On node 0 totalpages: 524032
[    0.000000] free_area_init_node: node 0, pgdat c1538180, node_mem_map eeff8000
[    0.000000]   DMA zone: 1536 pages used for memmap
[    0.000000]   DMA zone: 0 pages reserved
[    0.000000]   DMA zone: 196608 pages, LIFO batch:31
[    0.000000]   HighMem zone: 327424 pages, LIFO batch:31
[    0.000000] percpu: Embedded 16 pages/cpu @eef8c000 s34304 r8192 d23040 u65536
[    0.000000] pcpu-alloc: s34304 r8192 d23040 u65536 alloc=16*4096
[    0.000000] pcpu-alloc: [0] 0 [0] 1 [0] 2 [0] 3 
[    0.000000] Built 1 zonelists in Zone order, mobility grouping on.  Total pages: 522496
[    0.000000] Kernel command line: ignore_loglevel console=ttyS0,115200n8 rw root=PARTUUID=edbe1840-3633-c751-7993-b0ac834f81e0 rootwait gpt debug noinitrd earlyprintk init=/bin/bash
[    0.000000] PID hash table entries: 4096 (order: 2, 16384 bytes)
[    0.000000] Dentry cache hash table entries: 131072 (order: 7, 524288 bytes)
[    0.000000] Inode-cache hash table entries: 65536 (order: 6, 262144 bytes)
[    0.000000] Memory: 1993692K/2096128K available (10240K kernel code, 1254K rwdata, 4212K rodata, 2048K init, 536K bss, 36900K reserved, 65536K cma-reserved, 1244160K highmem)
[    0.000000] Virtual kernel memory layout:
[    0.000000]     vector  : 0xffff0000 - 0xffff1000   (   4 kB)
[    0.000000]     fixmap  : 0xffc00000 - 0xfff00000   (3072 kB)
[    0.000000]     vmalloc : 0xf0800000 - 0xff800000   ( 240 MB)
[    0.000000]     lowmem  : 0xc0000000 - 0xf0000000   ( 768 MB)
[    0.000000]     pkmap   : 0xbfe00000 - 0xc0000000   (   2 MB)
[    0.000000]     modules : 0xbf000000 - 0xbfe00000   (  14 MB)
[    0.000000]       .text : 0xc0208000 - 0xc0d00000   (11232 kB)
[    0.000000]       .init : 0xc1200000 - 0xc1400000   (2048 kB)
[    0.000000]       .data : 0xc1400000 - 0xc1539aa0   (1255 kB)
[    0.000000]        .bss : 0xc153b000 - 0xc15c13b8   ( 537 kB)
[    0.000000] SLUB: HWalign=64, Order=0-3, MinObjects=0, CPUs=4, Nodes=1
[    0.000000] Hierarchical RCU implementation.
[    0.000000] 	RCU debugfs-based tracing is enabled.
[    0.000000] 	Build-time adjustment of leaf fanout to 32.
[    0.000000] 	RCU restricting CPUs from NR_CPUS=16 to nr_cpu_ids=4.
[    0.000000] RCU: Adjusting geometry for rcu_fanout_leaf=32, nr_cpu_ids=4
[    0.000000] NR_IRQS:16 nr_irqs:16 16
[    0.000000] /interrupt-controller@60004000: 160 interrupts forwarded to /interrupt-controller@50041000
[    0.000000] L2C: platform modifies aux control register: 0x02080000 -> 0x3e480001
[    0.000000] L2C: DT/platform modifies aux control register: 0x02080000 -> 0x3e480001
[    0.000000] L2C-310 erratum 769419 enabled
[    0.000000] L2C-310 enabling early BRESP for Cortex-A9
[    0.000000] L2C-310: enabling full line of zeros but not enabled in Cortex-A9
[    0.000000] L2C-310 dynamic clock gating enabled, standby mode enabled
[    0.000000] L2C-310 cache controller enabled, 8 ways, 1024 kB
[    0.000000] L2C-310: CACHE_ID 0x410000c7, AUX_CTRL 0x4e480001
[    0.000013] sched_clock: 32 bits at 1000kHz, resolution 1000ns, wraps every 2147483647500ns
[    0.000030] clocksource: timer_us: mask: 0xffffffff max_cycles: 0xffffffff, max_idle_ns: 1911260446275 ns
[    0.000039] Switching to timer-based delay loop, resolution 1000ns
[    0.002686] Console: colour dummy device 80x30
[    0.002713] Calibrating delay loop (skipped), value calculated using timer frequency.. 2.00 BogoMIPS (lpj=10000)
[    0.002723] pid_max: default: 32768 minimum: 301
[    0.002796] Mount-cache hash table entries: 2048 (order: 1, 8192 bytes)
[    0.002804] Mountpoint-cache hash table entries: 2048 (order: 1, 8192 bytes)
[    0.003193] CPU: Testing write buffer coherency: ok
[    0.003505] CPU0: thread -1, cpu 0, socket 0, mpidr 80000000
[    0.003661] Setting up static identity map for 0x80300000 - 0x80300098
[    0.006218] Tegra Revision: A03 SKU: 128 CPU Process: 4 SoC Process: 0
[    0.006698] EFI services will not be available.
[    0.006847] smp: Bringing up secondary CPUs ...
[    0.010374] CPU1: thread -1, cpu 1, socket 0, mpidr 80000001
[    0.020332] CPU2: thread -1, cpu 2, socket 0, mpidr 80000002
[    0.030329] CPU3: thread -1, cpu 3, socket 0, mpidr 80000003
[    0.030372] smp: Brought up 1 node, 4 CPUs
[    0.030386] SMP: Total of 4 processors activated (8.00 BogoMIPS).
[    0.030391] CPU: All CPU(s) started in SVC mode.
[    0.031074] devtmpfs: initialized
[    0.039424] VFP support v0.3: implementor 41 architecture 3 part 30 variant 9 rev 4
[    0.039838] clocksource: jiffies: mask: 0xffffffff max_cycles: 0xffffffff, max_idle_ns: 19112604462750000 ns
[    0.039857] futex hash table entries: 1024 (order: 4, 65536 bytes)
[    0.043240] pinctrl core: initialized pinctrl subsystem
[    0.045011] NET: Registered protocol family 16
[    0.047280] DMA: preallocated 256 KiB pool for atomic coherent allocations
[    0.048928] cpuidle: using governor menu
[    0.063395] No ATAGs?
[    0.063502] hw-breakpoint: found 5 (+1 reserved) breakpoint and 1 watchpoint registers.
[    0.063513] hw-breakpoint: maximum watchpoint size is 4 bytes.
[    0.067463] Serial: AMBA PL011 UART driver
[    0.067932] tegra-mc 7000f000.memory-controller: no memory timings for RAM code 3 registered
[    0.077123] vdd_5v_sata: Failed to request enable GPIO30: -517
[    0.077137] reg-fixed-voltage regulators:regulator@3: Failed to register regulator: -517
[    0.077181] usb1_vbus: Failed to request enable GPIO238: -517
[    0.077188] reg-fixed-voltage regulators:regulator@4: Failed to register regulator: -517
[    0.077230] usb3_vbus: Failed to request enable GPIO236: -517
[    0.077237] reg-fixed-voltage regulators:regulator@5: Failed to register regulator: -517
[    0.077324] sys_3v3_pexs: Failed to request enable GPIO95: -517
[    0.077331] reg-fixed-voltage regulators:regulator@7: Failed to register regulator: -517
[    0.079217] vgaarb: loaded
[    0.079669] SCSI subsystem initialized
[    0.079805] libata version 3.00 loaded.
[    0.079989] usbcore: registered new interface driver usbfs
[    0.080021] usbcore: registered new interface driver hub
[    0.080061] usbcore: registered new device driver usb
[    0.087109] vrtc: supplied by vdd_5v_in
[    0.090407] vio: supplied by vdd_5v_in
[    0.101825] vdd1: supplied by vdd_5v_in
[    0.103182] vddio_ddr_1v2: Bringing 600000uV into 1200000-1200000uV
[    0.111831] vdd2: supplied by vdd_5v_in
[    0.131814] ldo1: supplied by vdd_1v5_gen
[    0.134200] ldo2: supplied by vdd_1v5_gen
[    0.134668] vdd_sata,avdd_plle: Bringing 1200000uV into 1050000-1050000uV
[    0.136898] ldo3: supplied by vdd_5v_in
[    0.139258] ldo4: supplied by vdd_5v_in
[    0.141816] ldo5: supplied by vdd_5v_in
[    0.151815] ldo6: supplied by vdd_1v8_gen
[    0.152284] avdd_dsi_csi,pwrdet_mipi: Bringing 1000000uV into 1200000-1200000uV
[    0.154539] ldo7: supplied by vdd_1v8_gen
[    0.161824] ldo8: supplied by vdd_1v8_gen
[    0.171913] pps_core: LinuxPPS API ver. 1 registered
[    0.171919] pps_core: Software ver. 5.3.6 - Copyright 2005-2007 Rodolfo Giometti <giometti@linux.it>
[    0.171932] PTP clock support registered
[    0.172073] EDAC MC: Ver: 3.0.0
[    0.173580] clocksource: Switched to clocksource timer_us
[    0.178795] NET: Registered protocol family 2
[    0.179178] TCP established hash table entries: 8192 (order: 3, 32768 bytes)
[    0.179231] TCP bind hash table entries: 8192 (order: 4, 65536 bytes)
[    0.179314] TCP: Hash tables configured (established 8192 bind 8192)
[    0.179432] UDP hash table entries: 512 (order: 2, 16384 bytes)
[    0.179492] UDP-Lite hash table entries: 512 (order: 2, 16384 bytes)
[    0.179653] NET: Registered protocol family 1
[    0.179891] RPC: Registered named UNIX socket transport module.
[    0.179898] RPC: Registered udp transport module.
[    0.179903] RPC: Registered tcp transport module.
[    0.179962] RPC: Registered tcp NFSv4.1 backchannel transport module.
[    0.179972] PCI: CLS 0 bytes, default 64
[    0.180748] hw perfevents: enabled with armv7_cortex_a9 PMU driver, 7 counters available
[    0.181979] workingset: timestamp_bits=30 max_order=19 bucket_order=0
[    0.186736] squashfs: version 4.0 (2009/01/31) Phillip Lougher
[    0.187151] NFS: Registering the id_resolver key type
[    0.187178] Key type id_resolver registered
[    0.187182] Key type id_legacy registered
[    0.187210] ntfs: driver 2.1.32 [Flags: R/O].
[    0.188239] bounce: pool size: 64 pages
[    0.188274] Block layer SCSI generic (bsg) driver version 0.4 loaded (major 248)
[    0.188282] io scheduler noop registered
[    0.188287] io scheduler deadline registered
[    0.188383] io scheduler cfq registered (default)
[    0.188389] io scheduler mq-deadline registered
[    0.194360] tegra30-pinctrl 70000868.pinmux: invalid group "sdmmc3_dat6_pd3" for function "rsvd1"
[    0.194375] tegra30-pinctrl 70000868.pinmux: invalid group "sdmmc3_dat7_pd4" for function "rsvd1"
[    0.194389] tegra30-pinctrl 70000868.pinmux: invalid group "vi_vsync_pd6" for function "rsvd1"
[    0.194399] tegra30-pinctrl 70000868.pinmux: invalid group "vi_hsync_pd7" for function "rsvd1"
[    0.194827] tegra30-pinctrl 70000868.pinmux: invalid group "hdmi_int_pn7" for function "rsvd1"
[    0.194869] tegra30-pinctrl 70000868.pinmux: invalid group "ulpi_data3_po4" for function "rsvd1"
[    0.195178] tegra30-pinctrl 70000868.pinmux: invalid group "vi_d10_pt2" for function "rsvd1"
[    0.195191] tegra30-pinctrl 70000868.pinmux: invalid group "vi_d11_pt3" for function "rsvd1"
[    0.195202] tegra30-pinctrl 70000868.pinmux: invalid group "vi_d0_pt4" for function "rsvd1"
[    0.195247] tegra30-pinctrl 70000868.pinmux: invalid group "pu0" for function "rsvd1"
[    0.195276] tegra30-pinctrl 70000868.pinmux: invalid group "pu3" for function "rsvd1"
[    0.195304] tegra30-pinctrl 70000868.pinmux: invalid group "pu6" for function "rsvd1"
[    0.195343] tegra30-pinctrl 70000868.pinmux: invalid group "pv3" for function "rsvd1"
[    0.195808] tegra30-pinctrl 70000868.pinmux: invalid group "pbb0" for function "rsvd1"
[    0.195916] tegra30-pinctrl 70000868.pinmux: invalid group "pcc1" for function "rsvd1"
[    0.201115] tegra-pcie 3000.pcie-controller: 2x3 configuration
[    0.201262] tegra-pcie 3000.pcie-controller: Failed to get supply 'hvdd-pex': -517
[    0.206745] tegra-apbdma 6000a000.dma: Tegra20 APB DMA driver register 32 channels
[    0.207916] tegra-pmc 7000e400.pmc: i2c-thermtrip node not found, emergency thermal reset disabled.
[    0.239593] Serial: 8250/16550 driver, 4 ports, IRQ sharing disabled
[    0.241717] console [ttyS0] disabled
[    0.241756] 70006000.serial: ttyS0 at MMIO 0x70006000 (irq = 331, base_baud = 25500000) is a Tegra
[    1.251218] console [ttyS0] enabled
[    1.255256] SuperH (H)SCI(F) driver initialized
[    1.260355] msm_serial: driver initialized
[    1.264572] STMicroelectronics ASC driver initialized
[    1.273822] tegra-hdmi 54280000.hdmi: failed to get HDMI regulator
[    1.288056] brd: module loaded
[    1.296857] loop: module loaded
[    1.305293] m25p80 spi32766.1: w25q32 (4096 Kbytes)
[    1.312018] libphy: Fixed MDIO Bus: probed
[    1.316805] CAN device driver interface
[    1.321176] bgmac_bcma: Broadcom 47xx GBit MAC driver loaded
[    1.327656] e1000e: Intel(R) PRO/1000 Network Driver - 3.2.6-k
[    1.333473] e1000e: Copyright(c) 1999 - 2015 Intel Corporation.
[    1.339426] igb: Intel(R) Gigabit Ethernet Network Driver - version 5.4.0-k
[    1.346378] igb: Copyright (c) 2007-2014 Intel Corporation.
[    1.353874] pegasus: v0.9.3 (2013/04/25), Pegasus/Pegasus II USB Ethernet driver
[    1.361301] usbcore: registered new interface driver pegasus
[    1.366983] usbcore: registered new interface driver asix
[    1.372385] usbcore: registered new interface driver ax88179_178a
[    1.378489] usbcore: registered new interface driver cdc_ether
[    1.384347] usbcore: registered new interface driver smsc75xx
[    1.390104] usbcore: registered new interface driver smsc95xx
[    1.395858] usbcore: registered new interface driver net1080
[    1.401519] usbcore: registered new interface driver cdc_subset
[    1.407449] usbcore: registered new interface driver zaurus
[    1.413036] usbcore: registered new interface driver cdc_ncm
[    1.420062] ehci_hcd: USB 2.0 'Enhanced' Host Controller (EHCI) Driver
[    1.426591] ehci-pci: EHCI PCI platform driver
[    1.431046] ehci-platform: EHCI generic platform driver
[    1.436397] ehci-orion: EHCI orion driver
[    1.440474] SPEAr-ehci: EHCI SPEAr driver
[    1.444562] ehci-st: EHCI STMicroelectronics driver
[    1.449500] ehci-exynos: EHCI EXYNOS driver
[    1.453767] ehci-atmel: EHCI Atmel driver
[    1.457837] tegra-ehci: Tegra EHCI driver
[    1.462127] ohci_hcd: USB 1.1 'Open' Host Controller (OHCI) Driver
[    1.468314] ohci-pci: OHCI PCI platform driver
[    1.472775] ohci-platform: OHCI generic platform driver
[    1.478096] ohci-omap3: OHCI OMAP3 driver
[    1.482170] SPEAr-ohci: OHCI SPEAr driver
[    1.486255] ohci-st: OHCI STMicroelectronics driver
[    1.491193] ohci-atmel: OHCI Atmel driver
[    1.495631] usbcore: registered new interface driver usb-storage
[    1.504034] tegra_rtc 7000e000.rtc: rtc core: registered 7000e000.rtc as rtc1
[    1.511185] tegra_rtc 7000e000.rtc: Tegra internal Real Time Clock
[    1.520028] random: fast init done
[    1.533331] tps65910-rtc tps65910-rtc: rtc core: registered tps65910-rtc as rtc0
[    1.540921] i2c /dev entries driver
[    1.552381] sdhci: Secure Digital Host Controller Interface driver
[    1.558572] sdhci: Copyright(c) Pierre Ossman
[    1.563847] Synopsys Designware Multimedia Card Interface Driver
[    1.570492] sdhci-pltfm: SDHCI platform and OF driver helper
[    1.576662] sdhci-tegra 78000000.sdhci: Got CD GPIO
[    1.581536] sdhci-tegra 78000000.sdhci: Got WP GPIO
[    1.587659] mmc0: Invalid maximum block size, assuming 512 bytes
[    1.653667] mmc0: SDHCI controller on 78000000.sdhci [78000000.sdhci] using ADMA
[    1.662252] mmc1: Invalid maximum block size, assuming 512 bytes
[    1.723586] mmc1: SDHCI controller on 78000600.sdhci [78000600.sdhci] using ADMA
[    1.732278] ledtrig-cpu: registered to indicate activity on CPUs
[    1.738505] usbcore: registered new interface driver usbhid
[    1.744076] usbhid: USB HID core driver
[    1.750338] NET: Registered protocol family 10
[    1.755410] Segment Routing with IPv6
[    1.759103] sit: IPv6, IPv4 and MPLS over IPv4 tunneling driver
[    1.765447] NET: Registered protocol family 17
[    1.769883] can: controller area network core (rev 20120528 abi 9)
[    1.776184] NET: Registered protocol family 29
[    1.780616] can: raw protocol (rev 20120528)
[    1.784884] can: broadcast manager protocol (rev 20161123 t)
[    1.790530] can: netlink gateway (rev 20130117) max_hops=1
[    1.796285] Key type dns_resolver registered
[    1.800936] ThumbEE CPU extension supported.
[    1.805215] Registering SWP/SWPB emulation handler
[    1.833085] vdd_ddr: supplied by vdd_5v_in
[    1.838423] vdd_5v_sata: supplied by vdd_5v_in
[    1.843170] usb1_vbus: supplied by vdd_5v_in
[    1.847757] usb3_vbus: supplied by vdd_5v_in
[    1.854446] sys_3v3,vdd_3v3_alw: supplied by vdd_5v_in
[    1.860752] sys_3v3_pexs: supplied by sys_3v3,vdd_3v3_alw
[    1.866310] +VDD_5V_HDMI: supplied by sys_3v3,vdd_3v3_alw
[    1.872330] tegra-pcie 3000.pcie-controller: 2x3 configuration
[    1.877258] mmc1: new high speed MMC card at address 0001
[    1.880595] mmc0: new ultra high speed DDR50 SDHC card at address aaaa
[    1.881058] mmcblk1: mmc1:0001 SEM16G 14.8 GiB 
[    1.881566] mmcblk0: mmc0:aaaa SS04G 3.69 GiB 
[    1.882180] mmcblk1boot0: mmc1:0001 SEM16G partition 1 1.00 MiB
[    1.883175] mmcblk1boot1: mmc1:0001 SEM16G partition 2 1.00 MiB
[    1.883743] mmcblk1rpmb: mmc1:0001 SEM16G partition 3 128 KiB
[    1.891350] Primary GPT is invalid, using alternate GPT.
[    1.891366]  mmcblk1: p1 p2 p3 p4 p5
[    1.905385]  mmcblk0: p1 p2 p3
[    1.931016] tegra-pcie 3000.pcie-controller: probing port 0, using 2 lanes
[    1.996161] tegra-pcie 3000.pcie-controller: probing port 2, using 2 lanes
[    2.406782] tegra-pcie 3000.pcie-controller: link 2 down, retrying
[    2.816711] tegra-pcie 3000.pcie-controller: link 2 down, retrying
[    3.226643] tegra-pcie 3000.pcie-controller: link 2 down, retrying
[    3.234820] tegra-pcie 3000.pcie-controller: link 2 down, ignoring
[    3.241105] tegra-pcie 3000.pcie-controller: PCI host bridge to bus 0000:00
[    3.248078] pci_bus 0000:00: root bus resource [io  0x0000-0xffff]
[    3.254252] pci_bus 0000:00: root bus resource [mem 0x20000000-0x27ffffff]
[    3.261111] pci_bus 0000:00: root bus resource [mem 0x28000000-0x3fffffff pref]
[    3.268410] pci_bus 0000:00: root bus resource [bus 00-ff]
[    3.273911] pci 0000:00:01.0: [10de:0e1c] type 01 class 0x060400
[    3.279926] pci_bus 0000:00: 2-byte config write to 0000:00:01.0 offset 0x88 may corrupt adjacent RW1C bits
[    3.289686] pci_bus 0000:00: 2-byte config write to 0000:00:01.0 offset 0x52 may corrupt adjacent RW1C bits
[    3.299431] pci 0000:00:01.0: PME# supported from D0 D1 D2 D3hot D3cold
[    3.306039] pci_bus 0000:00: 2-byte config write to 0000:00:01.0 offset 0x4c may corrupt adjacent RW1C bits
[    3.315907] pci_bus 0000:00: 2-byte config write to 0000:00:01.0 offset 0x3e may corrupt adjacent RW1C bits
[    3.325638] pci_bus 0000:00: 2-byte config write to 0000:00:01.0 offset 0x4 may corrupt adjacent RW1C bits
[    3.335278] pci_bus 0000:00: 1-byte config write to 0000:00:01.0 offset 0xc may corrupt adjacent RW1C bits
[    3.344916] PCI: bus0: Fast back to back transfers disabled
[    3.350476] pci 0000:00:01.0: bridge configuration invalid ([bus 00-00]), reconfiguring
[    3.358470] pci_bus 0000:00: 2-byte config write to 0000:00:01.0 offset 0x3e may corrupt adjacent RW1C bits
[    3.368196] pci_bus 0000:00: 2-byte config write to 0000:00:01.0 offset 0x3e may corrupt adjacent RW1C bits
[    3.377923] pci_bus 0000:00: 2-byte config write to 0000:00:01.0 offset 0x3e may corrupt adjacent RW1C bits
[    3.387649] pci_bus 0000:00: 2-byte config write to 0000:00:01.0 offset 0x6 may corrupt adjacent RW1C bits
[    3.397388] pci 0000:01:00.0: [10ec:8168] type 00 class 0x020000
[    3.403395] pci 0000:01:00.0: reg 0x10: [io  0x0000-0x00ff]
[    3.408980] pci 0000:01:00.0: reg 0x18: [mem 0x00000000-0x00000fff 64bit pref]
[    3.416202] pci 0000:01:00.0: reg 0x20: [mem 0x00000000-0x00003fff 64bit pref]
[    3.423483] pci 0000:01:00.0: supports D1 D2
[    3.427749] pci 0000:01:00.0: PME# supported from D0 D1 D2 D3hot D3cold
[    3.463610] PCI: bus1: Fast back to back transfers disabled
[    3.469173] pci_bus 0000:01: busn_res: [bus 01-ff] end is updated to 01
[    3.475841] pci 0000:00:01.0: BAR 9: assigned [mem 0x28000000-0x280fffff 64bit pref]
[    3.483576] pci 0000:00:01.0: BAR 7: assigned [io  0x1000-0x1fff]
[    3.489657] pci 0000:01:00.0: BAR 4: assigned [mem 0x28000000-0x28003fff 64bit pref]
[    3.497402] pci 0000:01:00.0: BAR 2: assigned [mem 0x28004000-0x28004fff 64bit pref]
[    3.505145] pci 0000:01:00.0: BAR 0: assigned [io  0x1000-0x10ff]
[    3.511226] pci 0000:00:01.0: PCI bridge to [bus 01]
[    3.516185] pci 0000:00:01.0:   bridge window [io  0x1000-0x1fff]
[    3.522264] pci 0000:00:01.0:   bridge window [mem 0x28000000-0x280fffff 64bit pref]
[    3.530013] pci 0000:00:01.0: nv_msi_ht_cap_quirk didn't locate host bridge
[    3.537028] pcieport 0000:00:01.0: enabling device (0140 -> 0143)
[    3.543313] pcieport 0000:00:01.0: Signaling PME with IRQ 374
[    3.549255] r8169 Gigabit Ethernet driver 2.3LK-NAPI loaded
[    3.554842] r8169 0000:01:00.0: enabling device (0140 -> 0143)
[    3.561599] r8169 0000:01:00.0 eth0: RTL8168evl/8111evl at 0xf0b01000, 02:04:4b:01:60:a6, XID 0c900800 IRQ 375
[    3.571601] r8169 0000:01:00.0 eth0: jumbo features [frames: 9200 bytes, tx checksumming: ko]
[    3.583506] [drm] Supports vblank timestamp caching Rev 2 (21.10.2013).
[    3.590125] [drm] No driver support for vblank timestamp query.
[    3.596070] [drm] Cannot find any crtc or sizes - going 1024x768
[    3.622746] Console: switching to colour frame buffer device 128x48
[    3.635288] drm drm: fb0:  frame buffer device
[    3.639779] [drm] Initialized tegra 0.0.0 20120330 for drm on minor 0
[    3.651677] utmi_phy_clk_enable: timeout waiting for phy to stabilize
[    3.658167] tegra-ehci 7d004000.usb: EHCI Host Controller
[    3.663583] tegra-ehci 7d004000.usb: new USB bus registered, assigned bus number 1
[    3.671394] tegra-ehci 7d004000.usb: irq 343, io mem 0x7d004000
[    3.703985] tegra-ehci 7d004000.usb: USB 2.0 started, EHCI 1.00
[    3.711277] hub 1-0:1.0: USB hub found
[    3.715052] hub 1-0:1.0: 1 port detected
[    3.720172] tegra-ehci 7d008000.usb: EHCI Host Controller
[    3.725588] tegra-ehci 7d008000.usb: new USB bus registered, assigned bus number 2
[    3.733321] tegra-ehci 7d008000.usb: irq 344, io mem 0x7d008000
[    3.763975] tegra-ehci 7d008000.usb: USB 2.0 started, EHCI 1.00
[    3.771165] hub 2-0:1.0: USB hub found
[    3.774936] hub 2-0:1.0: 1 port detected
[    3.785260] tps65910-rtc tps65910-rtc: setting system clock to 2000-01-01 00:00:02 UTC (946684802)
[    3.794894] vdd_sata,avdd_plle: disabling
[    3.799637] usb1_vbus: disabling
[    3.804814] EXT4-fs (mmcblk1p1): mounting ext3 file system using the ext4 subsystem
[    3.819760] EXT4-fs (mmcblk1p1): warning: mounting fs with errors, running e2fsck is recommended
[    3.829972] EXT4-fs (mmcblk1p1): recovery complete
[    3.834772] EXT4-fs (mmcblk1p1): mounted filesystem with ordered data mode. Opts: (null)
[    3.842870] VFS: Mounted root (ext3 filesystem) on device 179:1.
[    3.852929] devtmpfs: mounted
[    3.858367] Freeing unused kernel memory: 2048K
bash: cannot set terminal process group (-1): Inappropriate ioctl for device
bash: no job control in this shell
root@(none):/# [    4.133992] usb 2-1: new high-speed USB device number 2 using tegra-ehci
[    4.811300] asix 2-1:1.0 eth1: register 'asix' at usb-7d008000.usb-1, ASIX AX88772 USB 2.0 Ethernet, 00:50:b6:0f:67:60
mount -t sysfs none /sys
root@(none):/# 
root@(none):/# mount -t debugfs none /sys/kernel/debug
root@(none):/# 
root@(none):/# rtcwake -d rtc1 -m mem -s 3
rtcwake: wakeup from "mem" using /dev/rtc1 at Thu Jan  1 00:00:22 1970
[    7.504221] PM: Syncing filesystems ... done.
[    7.517563] Freezing user space processes ... (elapsed 0.001 seconds) done.
[    7.525671] Freezing remaining freezable tasks ... (elapsed 0.001 seconds) done.
[    7.534298] Suspending console(s) (use no_console_suspend to debug)
[    7.618315] PM: suspend of devices complete after 76.909 msecs
[    7.620396] PM: late suspend of devices complete after 2.074 msecs
[    7.644292] PM: noirq suspend of devices complete after 23.888 msecs
[    7.644296] Disabling non-boot CPUs ...
[    7.644665] IRQ17 no longer affine to CPU1
[    7.805287] Entering suspend state LP1
[    7.805287] Suspended for 3.063 seconds
[    7.805302] Enabling non-boot CPUs ...
[    7.835699] CPU1 is up
[    7.875593] CPU2 is up
[    7.915762] CPU3 is up
[    7.916473] pcieport 0000:00:01.0: nv_msi_ht_cap_quirk didn't locate host bridge
[    7.943642] PM: noirq resume of devices complete after 27.871 msecs
[    7.944741] PM: early resume of devices complete after 0.671 msecs
[    8.496477] PM: resume of devices complete after 551.725 msecs
[    8.567720] Restarting tasks ... done.
root@(none):/# 
root@(none):/# rtcwake -d rtc1 -m mem -s 3
rtcwake: wakeup from "mem" using /dev/rtc1 at Thu Jan  1 00:00:27 1970
[    9.507238] PM: Syncing filesystems ... done.
[    9.519544] Freezing user space processes ... (elapsed 0.001 seconds) done.
[    9.527647] Freezing remaining freezable tasks ... (elapsed 0.001 seconds) done.
[    9.536257] Suspending console(s) (use no_console_suspend to debug)
[    9.574852] pci_generic_config_write32: 63 callbacks suppressed
[    9.574865] pci_bus 0000:00: 2-byte config write to 0000:00:01.0 offset 0x9c may corrupt adjacent RW1C bits
[    9.617887] PM: suspend of devices complete after 74.603 msecs
[    9.621143] PM: late suspend of devices complete after 3.247 msecs
[    9.621542] pci_bus 0000:01: 2-byte config write to 0000:01:00.0 offset 0x44 may corrupt adjacent RW1C bits
[    9.621557] pci_bus 0000:01: 2-byte config write to 0000:01:00.0 offset 0x44 may corrupt adjacent RW1C bits
[    9.644262] PM: noirq suspend of devices complete after 23.113 msecs
[    9.644266] Disabling non-boot CPUs ...
[    9.644616] IRQ17 no longer affine to CPU1
[    9.805168] Entering suspend state LP1
[    9.805168] Suspended for 3.000 seconds
[    9.805187] Enabling non-boot CPUs ...
[    9.836213] CPU1 is up
[    9.876062] CPU2 is up
[    9.916283] CPU3 is up
[    9.917133] pci_bus 0000:00: 2-byte config write to 0000:00:01.0 offset 0x4c may corrupt adjacent RW1C bits
[    9.917150] pci_bus 0000:00: 2-byte config write to 0000:00:01.0 offset 0x88 may corrupt adjacent RW1C bits
[    9.917156] pci_bus 0000:00: 2-byte config write to 0000:00:01.0 offset 0x90 may corrupt adjacent RW1C bits
[    9.917163] pci_bus 0000:00: 2-byte config write to 0000:00:01.0 offset 0x98 may corrupt adjacent RW1C bits
[    9.917167] pci_bus 0000:00: 2-byte config write to 0000:00:01.0 offset 0x9c may corrupt adjacent RW1C bits
[    9.917190] pci_bus 0000:00: 2-byte config write to 0000:00:01.0 offset 0x52 may corrupt adjacent RW1C bits
[    9.917198] pci_bus 0000:00: 2-byte config write to 0000:00:01.0 offset 0x52 may corrupt adjacent RW1C bits
[    9.917226] pcieport 0000:00:01.0: nv_msi_ht_cap_quirk didn't locate host bridge
[    9.943613] PM: noirq resume of devices complete after 27.321 msecs
[    9.946094] PM: early resume of devices complete after 1.973 msecs
[   10.505048] PM: resume of devices complete after 558.940 msecs
[   10.679749] Restarting tasks ... done.
root@(none):/# 
root@(none):/# rtcwake -d rtc1 -m mem -s 3
rtcwake: wakeup from "mem" using /dev/rtc1 at Thu Jan  1 00:00:32 1970
[   11.512009] PM: Syncing filesystems ... done.
[   11.526591] Freezing user space processes ... (elapsed 0.001 seconds) done.
[   11.534742] Freezing remaining freezable tasks ... (elapsed 0.001 seconds) done.
[   11.543394] Suspending console(s) (use no_console_suspend to debug)
[   11.629077] PM: suspend of devices complete after 78.407 msecs
[   11.631267] PM: late suspend of devices complete after 2.177 msecs
[   11.654372] PM: noirq suspend of devices complete after 23.096 msecs
[   11.654376] Disabling non-boot CPUs ...
[   11.786150] IRQ17 no longer affine to CPU3
[   11.815450] Entering suspend state LP1
[   11.815450] Suspended for 2.989 seconds
[   11.815472] Enabling non-boot CPUs ...
[   11.846214] CPU1 is up
[   11.886006] CPU2 is up
[   11.926230] CPU3 is up
[   11.927170] pcieport 0000:00:01.0: nv_msi_ht_cap_quirk didn't locate host bridge
[   11.953580] PM: noirq resume of devices complete after 27.336 msecs
[   11.956027] PM: early resume of devices complete after 1.923 msecs
[   12.514936] PM: resume of devices complete after 558.897 msecs
[   12.586476] Restarting tasks ... done.
root@(none):/# 
root@(none):/# rtcwake -d rtc1 -m mem -s 3
rtcwake: wakeup from "mem" using /dev/rtc1 at Thu Jan  1 00:00:37 1970
[   13.532468] PM: Syncing filesystems ... done.
[   13.547078] Freezing user space processes ... (elapsed 0.001 seconds) done.
[   13.555228] Freezing remaining freezable tasks ... (elapsed 0.001 seconds) done.
[   13.563903] Suspending console(s) (use no_console_suspend to debug)
[   13.648555] PM: suspend of devices complete after 77.389 msecs
[   13.649643] PM: late suspend of devices complete after 1.079 msecs
[   13.674372] PM: noirq suspend of devices complete after 24.717 msecs
[   13.674377] Disabling non-boot CPUs ...
[   13.674819] IRQ17 no longer affine to CPU1
[   13.835494] Entering suspend state LP1
[   13.835494] Suspended for 2.979 seconds
[   13.835513] Enabling non-boot CPUs ...
[   13.866136] CPU1 is up
[   13.905947] CPU2 is up
[   13.946186] CPU3 is up
[   13.947080] pcieport 0000:00:01.0: nv_msi_ht_cap_quirk didn't locate host bridge
[   13.973544] PM: noirq resume of devices complete after 27.345 msecs
[   13.976088] PM: early resume of devices complete after 2.009 msecs
[   14.530638] PM: resume of devices complete after 554.538 msecs
[   14.602195] Restarting tasks ... done.
root@(none):/# 
root@(none):/# rtcwake -d rtc1 -m mem -s 3
rtcwake: wakeup from "mem" using /dev/rtc1 at Thu Jan  1 00:00:42 1970
[   15.550937] PM: Syncing filesystems ... done.
[   15.565546] Freezing user space processes ... (elapsed 0.001 seconds) done.
[   15.573702] Freezing remaining freezable tasks ... (elapsed 0.001 seconds) done.
[   15.582366] Suspending console(s) (use no_console_suspend to debug)
[   15.624137] pci_generic_config_write32: 65 callbacks suppressed
[   15.624155] pci_bus 0000:00: 2-byte config write to 0000:00:01.0 offset 0x9c may corrupt adjacent RW1C bits
[   15.669497] PM: suspend of devices complete after 79.864 msecs
[   15.672157] PM: late suspend of devices complete after 2.649 msecs
[   15.672669] pci_bus 0000:01: 2-byte config write to 0000:01:00.0 offset 0x44 may corrupt adjacent RW1C bits
[   15.672687] pci_bus 0000:01: 2-byte config write to 0000:01:00.0 offset 0x44 may corrupt adjacent RW1C bits
[   15.704292] PM: noirq suspend of devices complete after 32.124 msecs
[   15.704297] Disabling non-boot CPUs ...
[   15.777492] IRQ17 no longer affine to CPU2
[   15.865385] Entering suspend state LP1
[   15.865385] Suspended for 2.970 seconds
[   15.865402] Enabling non-boot CPUs ...
[   15.896087] CPU1 is up
[   15.935938] CPU2 is up
[   15.976125] CPU3 is up
[   15.976988] pci_bus 0000:00: 2-byte config write to 0000:00:01.0 offset 0x4c may corrupt adjacent RW1C bits
[   15.977006] pci_bus 0000:00: 2-byte config write to 0000:00:01.0 offset 0x88 may corrupt adjacent RW1C bits
[   15.977013] pci_bus 0000:00: 2-byte config write to 0000:00:01.0 offset 0x90 may corrupt adjacent RW1C bits
[   15.977018] pci_bus 0000:00: 2-byte config write to 0000:00:01.0 offset 0x98 may corrupt adjacent RW1C bits
[   15.977025] pci_bus 0000:00: 2-byte config write to 0000:00:01.0 offset 0x9c may corrupt adjacent RW1C bits
[   15.977048] pci_bus 0000:00: 2-byte config write to 0000:00:01.0 offset 0x52 may corrupt adjacent RW1C bits
[   15.977056] pci_bus 0000:00: 2-byte config write to 0000:00:01.0 offset 0x52 may corrupt adjacent RW1C bits
[   15.977083] pcieport 0000:00:01.0: nv_msi_ht_cap_quirk didn't locate host bridge
[   16.013570] PM: noirq resume of devices complete after 37.432 msecs
[   16.016075] PM: early resume of devices complete after 1.971 msecs
[   16.569983] PM: resume of devices complete after 553.896 msecs
[   16.744672] Restarting tasks ... done.
root@(none):/# 
root@(none):/# rtcwake -d rtc1 -m mem -s 3
rtcwake: wakeup from "mem" using /dev/rtc1 at Thu Jan  1 00:00:47 1970
[   17.594988] PM: Syncing filesystems ... done.
[   17.609085] Freezing user space processes ... (elapsed 0.001 seconds) done.
[   17.617240] Freezing remaining freezable tasks ... (elapsed 0.001 seconds) done.
[   17.625916] Suspending console(s) (use no_console_suspend to debug)
[   17.717438] PM: suspend of devices complete after 84.257 msecs
[   17.719023] PM: late suspend of devices complete after 1.576 msecs
[   17.744251] PM: noirq suspend of devices complete after 25.219 msecs
[   17.744257] Disabling non-boot CPUs ...
[   17.744689] IRQ17 no longer affine to CPU1
[   17.925065] Entering suspend state LP1
[   17.925065] Suspended for 2.940 seconds
[   17.925081] Enabling non-boot CPUs ...
[   17.955638] CPU1 is up
[   17.995781] CPU2 is up
[   18.036069] CPU3 is up
[   18.036942] pcieport 0000:00:01.0: nv_msi_ht_cap_quirk didn't locate host bridge
[   18.063472] PM: noirq resume of devices complete after 27.391 msecs
[   18.064901] PM: early resume of devices complete after 0.933 msecs
[   18.625870] PM: resume of devices complete after 560.957 msecs
[   18.697410] Restarting tasks ... done.
root@(none):/# 
root@(none):/# rtcwake -d rtc1 -m mem -s 3
rtcwake: wakeup from "mem" using /dev/rtc1 at Thu Jan  1 00:00:52 1970
[   19.640353] PM: Syncing filesystems ... done.
[   19.654943] Freezing user space processes ... (elapsed 0.001 seconds) done.
[   19.663079] Freezing remaining freezable tasks ... (elapsed 0.001 seconds) done.
[   19.671744] Suspending console(s) (use no_console_suspend to debug)
[   19.758448] PM: suspend of devices complete after 79.413 msecs
[   19.761624] PM: late suspend of devices complete after 3.164 msecs
[   19.784219] PM: noirq suspend of devices complete after 22.586 msecs
[   19.784222] Disabling non-boot CPUs ...
[   19.896081] IRQ17 no longer affine to CPU3
[   19.925338] Entering suspend state LP1
[   19.925338] Suspended for 2.999 seconds
[   19.925358] Enabling non-boot CPUs ...
[   19.956012] CPU1 is up
[   19.995856] CPU2 is up
[   20.036061] CPU3 is up
[   20.036973] pcieport 0000:00:01.0: nv_msi_ht_cap_quirk didn't locate host bridge
[   20.063436] PM: noirq resume of devices complete after 27.364 msecs
[   20.064807] PM: early resume of devices complete after 0.845 msecs
[   20.625214] PM: resume of devices complete after 560.393 msecs
[   20.696761] Restarting tasks ... done.
root@(none):/# 
root@(none):/# rtcwake -d rtc1 -m mem -s 3
rtcwake: wakeup from "mem" using /dev/rtc1 at Thu Jan  1 00:00:57 1970
[   21.641523] PM: Syncing filesystems ... done.
[   21.656132] Freezing user space processes ... (elapsed 0.001 seconds) done.
[   21.664279] Freezing remaining freezable tasks ... (elapsed 0.001 seconds) done.
[   21.672947] Suspending console(s) (use no_console_suspend to debug)
[   21.715032] pci_generic_config_write32: 65 callbacks suppressed
[   21.715049] pci_bus 0000:00: 2-byte config write to 0000:00:01.0 offset 0x9c may corrupt adjacent RW1C bits
[   21.758871] PM: suspend of devices complete after 78.649 msecs
[   21.762014] PM: late suspend of devices complete after 3.132 msecs
[   21.762528] pci_bus 0000:01: 2-byte config write to 0000:01:00.0 offset 0x44 may corrupt adjacent RW1C bits
[   21.762546] pci_bus 0000:01: 2-byte config write to 0000:01:00.0 offset 0x44 may corrupt adjacent RW1C bits
[   21.784183] PM: noirq suspend of devices complete after 22.160 msecs
[   21.784187] Disabling non-boot CPUs ...
[   21.784642] IRQ17 no longer affine to CPU1
[   21.945367] Entering suspend state LP1
[   21.945367] Suspended for 2.979 seconds
[   21.945388] Enabling non-boot CPUs ...
[   21.976026] CPU1 is up
[   22.015800] CPU2 is up
[   22.056016] CPU3 is up
[   22.056866] pci_bus 0000:00: 2-byte config write to 0000:00:01.0 offset 0x4c may corrupt adjacent RW1C bits
[   22.056888] pci_bus 0000:00: 2-byte config write to 0000:00:01.0 offset 0x88 may corrupt adjacent RW1C bits
[   22.056894] pci_bus 0000:00: 2-byte config write to 0000:00:01.0 offset 0x90 may corrupt adjacent RW1C bits
[   22.056899] pci_bus 0000:00: 2-byte config write to 0000:00:01.0 offset 0x98 may corrupt adjacent RW1C bits
[   22.056904] pci_bus 0000:00: 2-byte config write to 0000:00:01.0 offset 0x9c may corrupt adjacent RW1C bits
[   22.056927] pci_bus 0000:00: 2-byte config write to 0000:00:01.0 offset 0x52 may corrupt adjacent RW1C bits
[   22.056935] pci_bus 0000:00: 2-byte config write to 0000:00:01.0 offset 0x52 may corrupt adjacent RW1C bits
[   22.056962] pcieport 0000:00:01.0: nv_msi_ht_cap_quirk didn't locate host bridge
[   22.083404] PM: noirq resume of devices complete after 27.376 msecs
[   22.086265] PM: early resume of devices complete after 2.340 msecs
[   22.639968] PM: resume of devices complete after 553.689 msecs
[   22.814637] Restarting tasks ... done.
root@(none):/# 
root@(none):/# rtcwake -d rtc1 -m mem -s 3
rtcwake: wakeup from "mem" using /dev/rtc1 at Thu Jan  1 00:01:02 1970
[   23.662323] PM: Syncing filesystems ... done.
[   23.676917] Freezing user space processes ... (elapsed 0.001 seconds) done.
[   23.685078] Freezing remaining freezable tasks ... (elapsed 0.001 seconds) done.
[   23.693753] Suspending console(s) (use no_console_suspend to debug)
[   23.778819] PM: suspend of devices complete after 77.794 msecs
[   23.781963] PM: late suspend of devices complete after 3.133 msecs
[   23.804157] PM: noirq suspend of devices complete after 22.185 msecs
[   23.804161] Disabling non-boot CPUs ...
[   23.804609] IRQ17 no longer affine to CPU1
[   23.965260] Entering suspend state LP1
[   23.965260] Suspended for 2.980 seconds
[   23.965281] Enabling non-boot CPUs ...
[   23.995950] CPU1 is up
[   24.035754] CPU2 is up
[   24.075956] CPU3 is up
[   24.076858] pcieport 0000:00:01.0: nv_msi_ht_cap_quirk didn't locate host bridge
[   24.103361] PM: noirq resume of devices complete after 27.392 msecs
[   24.104828] PM: early resume of devices complete after 0.938 msecs
[   24.665314] PM: resume of devices complete after 560.473 msecs
[   24.736856] Restarting tasks ... done.
root@(none):/# 
root@(none):/# rtcwake -d rtc1 -m mem -s 3
rtcwake: wakeup from "mem" using /dev/rtc1 at Thu Jan  1 00:01:07 1970
[   25.682489] PM: Syncing filesystems ... done.
[   25.697073] Freezing user space processes ... (elapsed 0.001 seconds) done.
[   25.705221] Freezing remaining freezable tasks ... (elapsed 0.001 seconds) done.
[   25.713902] Suspending console(s) (use no_console_suspend to debug)
[   25.798806] PM: suspend of devices complete after 77.642 msecs
[   25.802958] PM: late suspend of devices complete after 4.141 msecs
[   25.834131] PM: noirq suspend of devices complete after 31.165 msecs
[   25.834136] Disabling non-boot CPUs ...
[   25.834592] IRQ17 no longer affine to CPU1
[   25.985210] Entering suspend state LP1
[   25.985210] Suspended for 2.980 seconds
[   25.985230] Enabling non-boot CPUs ...
[   26.015909] CPU1 is up
[   26.055681] CPU2 is up
[   26.095953] CPU3 is up
[   26.096879] pcieport 0000:00:01.0: nv_msi_ht_cap_quirk didn't locate host bridge
[   26.123324] PM: noirq resume of devices complete after 27.362 msecs
[   26.125716] PM: early resume of devices complete after 1.855 msecs
[   26.685582] PM: resume of devices complete after 559.853 msecs
[   26.757130] Restarting tasks ... done.
root@(none):/# 
root@(none):/# NVTB SYSTEM SUSPEND TEST COMPLETE
