Diff for ./qemu-vexpress64/__internal/defconfig_log.txt
--- /tmp/fooa	2017-08-28 00:47:51.345429564 -0700
+++ /tmp/foob	2017-08-28 00:47:51.345429564 -0700
@@ -1,5 +1,5 @@
 Booting Linux on physical CPU 0x0
-Linux version 4.13.0-rc6-186564-g14ccee7 (jonathanh@kaivo) (gcc version 4.9.2 20140904 (prerelease) (crosstool-NG linaro-1.13.1-4.9-2014.09 - Linaro GCC 4.9-2014.09)) #1 SMP PREEMPT Sun Aug 20 15:10:09 PDT 2017
+Linux version 4.13.0-rc7-186788-gcc4a41f (jonathanh@kaivo) (gcc version 4.9.2 20140904 (prerelease) (crosstool-NG linaro-1.13.1-4.9-2014.09 - Linaro GCC 4.9-2014.09)) #1 SMP PREEMPT Sun Aug 27 17:40:18 PDT 2017
 Boot CPU: AArch64 Processor [411fd070]
 Machine model: linux,dummy-virt
 Memory limited to 1024MB
@@ -113,7 +113,7 @@
 hw perfevents: enabled with armv8_pmuv3 PMU driver, 1 counters available
 kvm [1]: HYP mode not available
 audit: initializing netlink subsys (disabled)
-audit: type=2000 audit(0.810:1): state=initialized audit_enabled=0 res=1
+audit: type=2000 audit(0.726:1): state=initialized audit_enabled=0 res=1
 workingset: timestamp_bits=44 max_order=18 bucket_order=0
 squashfs: version 4.0 (2009/01/31) Phillip Lougher
 NFS: Registering the id_resolver key type
@@ -179,7 +179,7 @@
 Key type dns_resolver registered
 registered taskstats version 1
 input: gpio-keys as /devices/platform/gpio-keys/input/input0
-rtc-pl031 9010000.pl031: setting system clock to 2017-08-20 22:10:43 UTC (1503267043)
+rtc-pl031 9010000.pl031: setting system clock to 2017-08-28 07:47:34 UTC (1503906454)
 ALSA device list:
   No soundcards found.
 uart-pl011 9000000.pl011: no DMA platform data
Diff for ./tegra114-dalmore-a04/tegra114-dalmore/multi_v7_defconfig_log.txt
--- /tmp/fooa	2017-08-28 00:47:51.381429714 -0700
+++ /tmp/foob	2017-08-28 00:47:51.381429714 -0700
@@ -39,21 +39,21 @@
 	 #################################################################
 	 #################################################################
 	 #################################################################
-	 ##########################
-	 3 MiB/s
+	 ###########################
+	 2.9 MiB/s
 done
-Bytes transferred = 8014792 (7a4bc8 hex)
+Bytes transferred = 8018352 (7a59b0 hex)
 Tegra114 (Dalmore) # tftpboot 0x82000000 tegra114-dalmore.dtb
 Using asx0 device
 TFTP from server 192.168.100.1; our IP address is 192.168.100.100
 Filename 'tegra114-dalmore.dtb'.
 Load address: 0x82000000
 Loading: *###
-	 2.8 MiB/s
+	 3 MiB/s
 done
 Bytes transferred = 35044 (88e4 hex)
 Tegra114 (Dalmore) # bootz 0x81000000 - 0x82000000
-Kernel image @ 0x81000000 [ 0x000000 - 0x7a4bc8 ]
+Kernel image @ 0x81000000 [ 0x000000 - 0x7a59b0 ]
 ## Flattened Device Tree blob at 82000000
    Booting using the fdt blob at 0x82000000
    Loading Device Tree to 8fff4000, end 8ffff8e3 ... OK
@@ -61,7 +61,7 @@
 Starting kernel ...
 
 Booting Linux on physical CPU 0x0
-Linux version 4.13.0-rc6-186564-g14ccee7 (jonathanh@sellafield) (gcc version 4.7.3 20130328 (prerelease) (crosstool-NG linaro-1.13.1-4.7-2013.04-20130415 - Linaro GCC 2013.04)) #1 SMP Sun Aug 20 15:06:31 PDT 2017
+Linux version 4.13.0-rc7-186788-gcc4a41f (jonathanh@sellafield) (gcc version 4.7.3 20130328 (prerelease) (crosstool-NG linaro-1.13.1-4.7-2013.04-20130415 - Linaro GCC 2013.04)) #1 SMP Sun Aug 27 17:36:32 PDT 2017
 CPU: ARMv7 Processor [412fc0f2] revision 2 (ARMv7), cr=10c5387d
 CPU: div instructions available: patching division code
 CPU: PIPT / VIPT nonaliasing data cache, PIPT instruction cache
@@ -72,7 +72,7 @@
 efi: UEFI not found.
 cma: Reserved 64 MiB at 0xfb800000
 On node 0 totalpages: 524032
-free_area_init_node: node 0, pgdat c157ee00, node_mem_map eeff8000
+free_area_init_node: node 0, pgdat c157e840, node_mem_map eeff8000
   DMA zone: 1536 pages used for memmap
   DMA zone: 0 pages reserved
   DMA zone: 196608 pages, LIFO batch:31
@@ -95,7 +95,7 @@
     modules : 0xbf000000 - 0xbfe00000   (  14 MB)
       .text : 0xc0208000 - 0xc0d00000   (11232 kB)
       .init : 0xc1200000 - 0xc1400000   (2048 kB)
-      .data : 0xc1400000 - 0xc1586be8   (1563 kB)
+      .data : 0xc1400000 - 0xc15869a8   (1563 kB)
        .bss : 0xc158fcb0 - 0xc15f46fc   ( 403 kB)
 SLUB: HWalign=64, Order=0-3, MinObjects=0, CPUs=4, Nodes=1
 Hierarchical RCU implementation.
@@ -336,7 +336,7 @@
 hub 1-0:1.0: USB hub found
 hub 1-0:1.0: 1 port detected
 input: gpio-keys as /devices/soc0/gpio-keys/input/input0
-palmas-rtc 7000d000.i2c:tps65913@58:rtc: setting system clock to 2000-01-12 05:00:37 UTC (947653237)
+palmas-rtc 7000d000.i2c:tps65913@58:rtc: setting system clock to 2000-01-19 07:31:05 UTC (948267065)
 dvdd_ts: disabling
 usb1_vbus: disabling
 vdd_cam_1v8_reg: disabling
@@ -348,4 +348,4 @@
 Freeing unused kernel memory: 2048K
 bash: cannot set terminal process group (-1): Inappropriate ioctl for device
 bash: no job control in this shell
-root@(none):/# [    2.599410] usb 1-1: new high-speed USB device number 2 using tegra-ehci
+root@(none):/# [    2.609142] usb 1-1: new high-speed USB device number 2 using tegra-ehci
Diff for ./tegra114-dalmore-a04/tegra114-dalmore/tegra_defconfig_log.txt
--- /tmp/fooa	2017-08-28 00:47:51.413429849 -0700
+++ /tmp/foob	2017-08-28 00:47:51.413429849 -0700
@@ -40,18 +40,18 @@
 	 #############################
 	 2.9 MiB/s
 done
-Bytes transferred = 6147352 (5dcd18 hex)
+Bytes transferred = 6147368 (5dcd28 hex)
 Tegra114 (Dalmore) # tftpboot 0x82000000 tegra114-dalmore.dtb
 Using asx0 device
 TFTP from server 192.168.100.1; our IP address is 192.168.100.100
 Filename 'tegra114-dalmore.dtb'.
 Load address: 0x82000000
 Loading: *###
-	 2.8 MiB/s
+	 2.6 MiB/s
 done
 Bytes transferred = 35044 (88e4 hex)
 Tegra114 (Dalmore) # bootz 0x81000000 - 0x82000000
-Kernel image @ 0x81000000 [ 0x000000 - 0x5dcd18 ]
+Kernel image @ 0x81000000 [ 0x000000 - 0x5dcd28 ]
 ## Flattened Device Tree blob at 82000000
    Booting using the fdt blob at 0x82000000
    Loading Device Tree to 8fff4000, end 8ffff8e3 ... OK
@@ -60,7 +60,7 @@
 
 Uncompressing Linux... done, booting the kernel.
 Booting Linux on physical CPU 0x0
-Linux version 4.13.0-rc6-186564-g14ccee7 (jonathanh@kaivo) (gcc version 4.7.3 20130328 (prerelease) (crosstool-NG linaro-1.13.1-4.7-2013.04-20130415 - Linaro GCC 2013.04)) #1 SMP PREEMPT Sun Aug 20 15:05:42 PDT 2017
+Linux version 4.13.0-rc7-186788-gcc4a41f (jonathanh@kaivo) (gcc version 4.7.3 20130328 (prerelease) (crosstool-NG linaro-1.13.1-4.7-2013.04-20130415 - Linaro GCC 2013.04)) #1 SMP PREEMPT Sun Aug 27 17:35:45 PDT 2017
 CPU: ARMv7 Processor [412fc0f2] revision 2 (ARMv7), cr=10c5387d
 CPU: div instructions available: patching division code
 CPU: PIPT / VIPT nonaliasing data cache, PIPT instruction cache
@@ -70,7 +70,7 @@
 Memory policy: Data cache writealloc
 cma: Reserved 64 MiB at 0xfbc00000
 On node 0 totalpages: 524032
-free_area_init_node: node 0, pgdat c0eafa40, node_mem_map eeff7000
+free_area_init_node: node 0, pgdat c0eaf500, node_mem_map eeff7000
   Normal zone: 1536 pages used for memmap
   Normal zone: 0 pages reserved
   Normal zone: 196608 pages, LIFO batch:31
@@ -93,7 +93,7 @@
     modules : 0xbf000000 - 0xbfe00000   (  14 MB)
       .text : 0xc0008000 - 0xc0a00000   (10208 kB)
       .init : 0xc0d00000 - 0xc0e00000   (1024 kB)
-      .data : 0xc0e00000 - 0xc0eba248   ( 745 kB)
+      .data : 0xc0e00000 - 0xc0eba0c8   ( 745 kB)
        .bss : 0xc0ec45b0 - 0xc0f0f37c   ( 300 kB)
 Preemptible hierarchical RCU implementation.
 NR_IRQS: 16, nr_irqs: 16, preallocated irqs: 16
@@ -327,7 +327,7 @@
 hub 1-0:1.0: USB hub found
 hub 1-0:1.0: 1 port detected
 input: gpio-keys as /devices/soc0/gpio-keys/input/input1
-palmas-rtc 7000d000.i2c:tps65913@58:rtc: setting system clock to 2000-01-12 04:58:06 UTC (947653086)
+palmas-rtc 7000d000.i2c:tps65913@58:rtc: setting system clock to 2000-01-19 07:28:24 UTC (948266904)
 dvdd_ts: disabling
 usb1_vbus: disabling
 vdd_cam_1v8_reg: disabling
@@ -341,5 +341,5 @@
 Freeing unused kernel memory: 1024K
 bash: cannot set terminal process group (-1): Inappropriate ioctl for device
 bash: no job control in this shell
-root@(none):/# [    2.837066] usb 1-1: new high-speed USB device number 2 using tegra-ehci
+root@(none):/# [    2.827687] usb 1-1: new high-speed USB device number 2 using tegra-ehci
 asix 1-1:1.0 eth0: register 'asix' at usb-7d008000.usb-1, ASIX AX88772 USB 2.0 Ethernet, 00:50:b6:0d:b5:16
Diff for ./tegra124-jetson-tk1/tegra124-jetson-tk1/multi_v7_defconfig_log.txt
--- /tmp/fooa	2017-08-28 00:47:51.441429966 -0700
+++ /tmp/foob	2017-08-28 00:47:51.445429983 -0700
@@ -34,21 +34,21 @@
 	 #################################################################
 	 #################################################################
 	 #################################################################
-	 ##########################
-	 3.3 MiB/s
+	 ###########################
+	 3.2 MiB/s
 done
-Bytes transferred = 8014792 (7a4bc8 hex)
+Bytes transferred = 8018352 (7a59b0 hex)
 Tegra124 (Jetson TK1) # tftpboot 0x83000000 tegra124-jetson-tk1.dtb
 Using eth_rtl8169 device
 TFTP from server 192.168.100.1; our IP address is 192.168.100.102
 Filename 'tegra124-jetson-tk1.dtb'.
 Load address: 0x83000000
 Loading: *#####
-	 3.8 MiB/s
+	 3 MiB/s
 done
 Bytes transferred = 67161 (10659 hex)
 Tegra124 (Jetson TK1) # bootz 0x82000000 - 0x83000000
-Kernel image @ 0x82000000 [ 0x000000 - 0x7a4bc8 ]
+Kernel image @ 0x82000000 [ 0x000000 - 0x7a59b0 ]
 ## Flattened Device Tree blob at 83000000
    Booting using the fdt blob at 0x83000000
    Using Device Tree in place at 83000000, end 83013658
@@ -56,7 +56,7 @@
 Starting kernel ...
 
 Booting Linux on physical CPU 0x0
-Linux version 4.13.0-rc6-186564-g14ccee7 (jonathanh@sellafield) (gcc version 4.7.3 20130328 (prerelease) (crosstool-NG linaro-1.13.1-4.7-2013.04-20130415 - Linaro GCC 2013.04)) #1 SMP Sun Aug 20 15:06:31 PDT 2017
+Linux version 4.13.0-rc7-186788-gcc4a41f (jonathanh@sellafield) (gcc version 4.7.3 20130328 (prerelease) (crosstool-NG linaro-1.13.1-4.7-2013.04-20130415 - Linaro GCC 2013.04)) #1 SMP Sun Aug 27 17:36:32 PDT 2017
 CPU: ARMv7 Processor [413fc0f3] revision 3 (ARMv7), cr=10c5387d
 CPU: div instructions available: patching division code
 CPU: PIPT / VIPT nonaliasing data cache, PIPT instruction cache
@@ -67,7 +67,7 @@
 efi: UEFI not found.
 cma: Reserved 64 MiB at 0xfb800000
 On node 0 totalpages: 524032
-free_area_init_node: node 0, pgdat c157ee00, node_mem_map eeff8000
+free_area_init_node: node 0, pgdat c157e840, node_mem_map eeff8000
   DMA zone: 1536 pages used for memmap
   DMA zone: 0 pages reserved
   DMA zone: 196608 pages, LIFO batch:31
@@ -90,7 +90,7 @@
     modules : 0xbf000000 - 0xbfe00000   (  14 MB)
       .text : 0xc0208000 - 0xc0d00000   (11232 kB)
       .init : 0xc1200000 - 0xc1400000   (2048 kB)
-      .data : 0xc1400000 - 0xc1586be8   (1563 kB)
+      .data : 0xc1400000 - 0xc15869a8   (1563 kB)
        .bss : 0xc158fcb0 - 0xc15f46fc   ( 403 kB)
 SLUB: HWalign=64, Order=0-3, MinObjects=0, CPUs=4, Nodes=1
 Hierarchical RCU implementation.
@@ -407,8 +407,7 @@
 pci 0000:02:00.0: reg 0x20: [mem 0x00000000-0x00003fff 64bit pref]
 pci 0000:02:00.0: supports D1 D2
 pci 0000:02:00.0: PME# supported from D0 D1 D2 D3hot D3cold
-mmcblk1: error -5 sending stop command, original cmd response 0x900, card status 0x900
-mmcblk1: error -5 transferring data, sector 7744504, nr 8, cmd response 0x900, card status 0x80000b00
+ mmcblk1: p1 p2 p3
 PCI: bus2: Fast back to back transfers disabled
 pci_bus 0000:02: busn_res: [bus 02-ff] end is updated to 02
 pci 0000:00:01.0: BAR 8: assigned [mem 0x13000000-0x130fffff]
@@ -425,9 +424,6 @@
 pci 0000:00:02.0:   bridge window [io  0x1000-0x1fff]
 pci 0000:00:02.0:   bridge window [mem 0x13100000-0x131fffff]
 pci 0000:00:02.0:   bridge window [mem 0x20000000-0x200fffff 64bit pref]
-mmcblk1: error -5 sending stop command, original cmd response 0x900, card status 0x900
-mmcblk1: error -5 transferring data, sector 7744504, nr 8, cmd response 0x900, card status 0x80000b00
-mmcblk1: retrying using single block read
 pci 0000:00:01.0: nv_msi_ht_cap_quirk didn't locate host bridge
 pcieport 0000:00:01.0: enabling device (0140 -> 0142)
 pcieport 0000:00:01.0: Signaling PME with IRQ 393
@@ -436,7 +432,6 @@
 pcieport 0000:00:02.0: Signaling PME with IRQ 394
 r8169 Gigabit Ethernet driver 2.3LK-NAPI loaded
 r8169 0000:02:00.0: enabling device (0140 -> 0143)
- mmcblk1: p1 p2 p3
 r8169 0000:02:00.0 eth0: RTL8168g/8111g at 0xf0b72000, 00:04:4b:3a:d9:81, XID 0c000800 IRQ 395
 r8169 0000:02:00.0 eth0: jumbo features [frames: 9200 bytes, tx checksumming: ko]
 +1.05V_RUN_AVDD_HDMI_PLL: supplied by +1.05V_RUN
@@ -450,7 +445,7 @@
 cpufreq: cpufreq_online: CPU0: Running at unlisted freq: 696000 KHz
 cpufreq: cpufreq_online: CPU0: Unlisted initial frequency changed to: 714000 KHz
 input: gpio-keys as /devices/soc0/gpio-keys/input/input0
-as3722-rtc as3722-rtc: setting system clock to 2000-01-01 00:02:06 UTC (946684926)
+as3722-rtc as3722-rtc: setting system clock to 2000-01-01 00:02:22 UTC (946684942)
 +USB0_VBUS_SW: disabling
 +1.8V_RUN_CAM: disabling
 +2.8V_RUN_CAM: disabling
Diff for ./tegra124-jetson-tk1/tegra124-jetson-tk1/tegra_defconfig_log.txt
--- /tmp/fooa	2017-08-28 00:47:51.473430100 -0700
+++ /tmp/foob	2017-08-28 00:47:51.477430117 -0700
@@ -33,9 +33,9 @@
 	 #################################################################
 	 #################################################################
 	 #############################
-	 3.4 MiB/s
+	 3.5 MiB/s
 done
-Bytes transferred = 6147352 (5dcd18 hex)
+Bytes transferred = 6147368 (5dcd28 hex)
 Tegra124 (Jetson TK1) # tftpboot 0x83000000 tegra124-jetson-tk1.dtb
 Using eth_rtl8169 device
 TFTP from server 192.168.100.1; our IP address is 192.168.100.102
@@ -46,7 +46,7 @@
 done
 Bytes transferred = 67161 (10659 hex)
 Tegra124 (Jetson TK1) # bootz 0x82000000 - 0x83000000
-Kernel image @ 0x82000000 [ 0x000000 - 0x5dcd18 ]
+Kernel image @ 0x82000000 [ 0x000000 - 0x5dcd28 ]
 ## Flattened Device Tree blob at 83000000
    Booting using the fdt blob at 0x83000000
    Using Device Tree in place at 83000000, end 83013658
@@ -55,7 +55,7 @@
 
 Uncompressing Linux... done, booting the kernel.
 Booting Linux on physical CPU 0x0
-Linux version 4.13.0-rc6-186564-g14ccee7 (jonathanh@kaivo) (gcc version 4.7.3 20130328 (prerelease) (crosstool-NG linaro-1.13.1-4.7-2013.04-20130415 - Linaro GCC 2013.04)) #1 SMP PREEMPT Sun Aug 20 15:05:42 PDT 2017
+Linux version 4.13.0-rc7-186788-gcc4a41f (jonathanh@kaivo) (gcc version 4.7.3 20130328 (prerelease) (crosstool-NG linaro-1.13.1-4.7-2013.04-20130415 - Linaro GCC 2013.04)) #1 SMP PREEMPT Sun Aug 27 17:35:45 PDT 2017
 CPU: ARMv7 Processor [413fc0f3] revision 3 (ARMv7), cr=10c5387d
 CPU: div instructions available: patching division code
 CPU: PIPT / VIPT nonaliasing data cache, PIPT instruction cache
@@ -65,7 +65,7 @@
 Memory policy: Data cache writealloc
 cma: Reserved 64 MiB at 0xfbc00000
 On node 0 totalpages: 524032
-free_area_init_node: node 0, pgdat c0eafa40, node_mem_map eeff7000
+free_area_init_node: node 0, pgdat c0eaf500, node_mem_map eeff7000
   Normal zone: 1536 pages used for memmap
   Normal zone: 0 pages reserved
   Normal zone: 196608 pages, LIFO batch:31
@@ -88,7 +88,7 @@
     modules : 0xbf000000 - 0xbfe00000   (  14 MB)
       .text : 0xc0008000 - 0xc0a00000   (10208 kB)
       .init : 0xc0d00000 - 0xc0e00000   (1024 kB)
-      .data : 0xc0e00000 - 0xc0eba248   ( 745 kB)
+      .data : 0xc0e00000 - 0xc0eba0c8   ( 745 kB)
        .bss : 0xc0ec45b0 - 0xc0f0f37c   ( 300 kB)
 Preemptible hierarchical RCU implementation.
 NR_IRQS: 16, nr_irqs: 16, preallocated irqs: 16
@@ -402,8 +402,8 @@
 pci 0000:01:00.0: reg 0x10: [mem 0x00000000-0x00001fff 64bit]
 pci 0000:01:00.0: PME# supported from D0 D3hot D3cold
 mmc1: new high speed SDHC card at address aaaa
-PCI: bus1: Fast back to back transfers disabled
 mmcblk1: mmc1:aaaa SD04G 3.69 GiB 
+PCI: bus1: Fast back to back transfers disabled
 pci_bus 0000:01: busn_res: [bus 01-ff] end is updated to 01
 pci 0000:02:00.0: [10ec:8168] type 00 class 0x020000
 pci 0000:02:00.0: reg 0x10: [io  0x0000-0x00ff]
@@ -411,8 +411,7 @@
 pci 0000:02:00.0: reg 0x20: [mem 0x00000000-0x00003fff 64bit pref]
 pci 0000:02:00.0: supports D1 D2
 pci 0000:02:00.0: PME# supported from D0 D1 D2 D3hot D3cold
-mmcblk1: error -5 sending stop command, original cmd response 0x900, card status 0x900
-mmcblk1: error -5 transferring data, sector 7744504, nr 8, cmd response 0x900, card status 0x80000b00
+ mmcblk1: p1 p2 p3
 PCI: bus2: Fast back to back transfers disabled
 pci_bus 0000:02: busn_res: [bus 02-ff] end is updated to 02
 pci 0000:00:01.0: BAR 8: assigned [mem 0x13000000-0x130fffff]
@@ -429,11 +428,7 @@
 pci 0000:00:02.0:   bridge window [io  0x1000-0x1fff]
 pci 0000:00:02.0:   bridge window [mem 0x13100000-0x131fffff]
 pci 0000:00:02.0:   bridge window [mem 0x20000000-0x200fffff 64bit pref]
-mmcblk1: error -5 sending stop command, original cmd response 0x900, card status 0x900
-mmcblk1: error -5 transferring data, sector 7744504, nr 8, cmd response 0x900, card status 0x80000b00
-mmcblk1: retrying using single block read
 pci 0000:00:01.0: nv_msi_ht_cap_quirk didn't locate host bridge
- mmcblk1: p1 p2 p3
 pcieport 0000:00:01.0: enabling device (0140 -> 0142)
 pcieport 0000:00:01.0: Signaling PME with IRQ 393
 pci 0000:00:02.0: nv_msi_ht_cap_quirk didn't locate host bridge
Diff for ./tegra124-nyan-big/tegra124-nyan-big/multi_v7_defconfig_log.txt
--- /tmp/fooa	2017-08-28 00:47:51.493430184 -0700
+++ /tmp/foob	2017-08-28 00:47:51.497430200 -0700
@@ -42,10 +42,10 @@
 	 #################################################################
 	 #################################################################
 	 #################################################################
-	 ##########################
-	 2.9 MiB/s
+	 ###########################
+	 2.8 MiB/s
 done
-Bytes transferred = 8014792 (7a4bc8 hex)
+Bytes transferred = 8018352 (7a59b0 hex)
 Tegra124 (Nyan-big) # tftpboot 0x83000000 tegra124-nyan-big.dtb
 Using asx0 device
 TFTP from server 192.168.100.1; our IP address is 192.168.100.102
@@ -56,7 +56,7 @@
 done
 Bytes transferred = 68183 (10a57 hex)
 Tegra124 (Nyan-big) # bootz 0x82000000 - 0x83000000
-Kernel image @ 0x82000000 [ 0x000000 - 0x7a4bc8 ]
+Kernel image @ 0x82000000 [ 0x000000 - 0x7a59b0 ]
 ## Flattened Device Tree blob at 83000000
    Booting using the fdt blob at 0x83000000
    Using Device Tree in place at 83000000, end 83013a56
@@ -64,7 +64,7 @@
 Starting kernel ...
 
 Booting Linux on physical CPU 0x0
-Linux version 4.13.0-rc6-186564-g14ccee7 (jonathanh@sellafield) (gcc version 4.7.3 20130328 (prerelease) (crosstool-NG linaro-1.13.1-4.7-2013.04-20130415 - Linaro GCC 2013.04)) #1 SMP Sun Aug 20 15:06:31 PDT 2017
+Linux version 4.13.0-rc7-186788-gcc4a41f (jonathanh@sellafield) (gcc version 4.7.3 20130328 (prerelease) (crosstool-NG linaro-1.13.1-4.7-2013.04-20130415 - Linaro GCC 2013.04)) #1 SMP Sun Aug 27 17:36:32 PDT 2017
 CPU: ARMv7 Processor [413fc0f3] revision 3 (ARMv7), cr=10c5387d
 CPU: div instructions available: patching division code
 CPU: PIPT / VIPT nonaliasing data cache, PIPT instruction cache
@@ -76,7 +76,7 @@
 efi: UEFI not found.
 cma: Reserved 64 MiB at 0xfb800000
 On node 0 totalpages: 524287
-free_area_init_node: node 0, pgdat c157ee00, node_mem_map eeff8000
+free_area_init_node: node 0, pgdat c157e840, node_mem_map eeff8000
   DMA zone: 1536 pages used for memmap
   DMA zone: 0 pages reserved
   DMA zone: 196608 pages, LIFO batch:31
@@ -99,7 +99,7 @@
     modules : 0xbf000000 - 0xbfe00000   (  14 MB)
       .text : 0xc0208000 - 0xc0d00000   (11232 kB)
       .init : 0xc1200000 - 0xc1400000   (2048 kB)
-      .data : 0xc1400000 - 0xc1586be8   (1563 kB)
+      .data : 0xc1400000 - 0xc15869a8   (1563 kB)
        .bss : 0xc158fcb0 - 0xc15f46fc   ( 403 kB)
 SLUB: HWalign=64, Order=0-3, MinObjects=0, CPUs=4, Nodes=1
 Hierarchical RCU implementation.
Diff for ./tegra124-nyan-big/tegra124-nyan-big/tegra_defconfig_log.txt
--- /tmp/fooa	2017-08-28 00:47:51.521430301 -0700
+++ /tmp/foob	2017-08-28 00:47:51.525430318 -0700
@@ -5,7 +5,7 @@
 TEGRA124
 Model: Acer Chromebook 13 CB5-311
 DRAM:  4 GiB
-C:   Tegra SD/MMC: 0, Tegra SD/MMC: 1, Tegra SD/MMC: 2
+:   Tegra SD/MMC: 0, Tegra SD/MMC: 1, Tegra SD/MMC: 2
 MMC init failed
 Using default environment
 
@@ -41,20 +41,20 @@
 	 #################################################################
 	 #################################################################
 	 #############################
-	 3.2 MiB/s
+	 2.9 MiB/s
 done
-Bytes transferred = 6147352 (5dcd18 hex)
+Bytes transferred = 6147368 (5dcd28 hex)
 Tegra124 (Nyan-big) # tftpboot 0x83000000 tegra124-nyan-big.dtb
 Using asx0 device
 TFTP from server 192.168.100.1; our IP address is 192.168.100.102
 Filename 'tegra124-nyan-big.dtb'.
 Load address: 0x83000000
 Loading: *#####
-	 2.7 MiB/s
+	 3.1 MiB/s
 done
 Bytes transferred = 68183 (10a57 hex)
 Tegra124 (Nyan-big) # bootz 0x82000000 - 0x83000000
-Kernel image @ 0x82000000 [ 0x000000 - 0x5dcd18 ]
+Kernel image @ 0x82000000 [ 0x000000 - 0x5dcd28 ]
 ## Flattened Device Tree blob at 83000000
    Booting using the fdt blob at 0x83000000
    Using Device Tree in place at 83000000, end 83013a56
@@ -63,7 +63,7 @@
 
 Uncompressing Linux... done, booting the kernel.
 Booting Linux on physical CPU 0x0
-Linux version 4.13.0-rc6-186564-g14ccee7 (jonathanh@kaivo) (gcc version 4.7.3 20130328 (prerelease) (crosstool-NG linaro-1.13.1-4.7-2013.04-20130415 - Linaro GCC 2013.04)) #1 SMP PREEMPT Sun Aug 20 15:05:42 PDT 2017
+Linux version 4.13.0-rc7-186788-gcc4a41f (jonathanh@kaivo) (gcc version 4.7.3 20130328 (prerelease) (crosstool-NG linaro-1.13.1-4.7-2013.04-20130415 - Linaro GCC 2013.04)) #1 SMP PREEMPT Sun Aug 27 17:35:45 PDT 2017
 CPU: ARMv7 Processor [413fc0f3] revision 3 (ARMv7), cr=10c5387d
 CPU: div instructions available: patching division code
 CPU: PIPT / VIPT nonaliasing data cache, PIPT instruction cache
@@ -74,7 +74,7 @@
 Memory policy: Data cache writealloc
 cma: Reserved 64 MiB at 0xfbc00000
 On node 0 totalpages: 524287
-free_area_init_node: node 0, pgdat c0eafa40, node_mem_map eeff7000
+free_area_init_node: node 0, pgdat c0eaf500, node_mem_map eeff7000
   Normal zone: 1536 pages used for memmap
   Normal zone: 0 pages reserved
   Normal zone: 196608 pages, LIFO batch:31
@@ -97,7 +97,7 @@
     modules : 0xbf000000 - 0xbfe00000   (  14 MB)
       .text : 0xc0008000 - 0xc0a00000   (10208 kB)
       .init : 0xc0d00000 - 0xc0e00000   (1024 kB)
-      .data : 0xc0e00000 - 0xc0eba248   ( 745 kB)
+      .data : 0xc0e00000 - 0xc0eba0c8   ( 745 kB)
        .bss : 0xc0ec45b0 - 0xc0f0f37c   ( 300 kB)
 Preemptible hierarchical RCU implementation.
 NR_IRQS: 16, nr_irqs: 16, preallocated irqs: 16
@@ -354,20 +354,20 @@
 mmc2: Invalid maximum block size, assuming 512 bytes
 mmc1: new high speed SDIO card at address 0001
 mmc2: SDHCI controller on 700b0400.sdhci [700b0400.sdhci] using ADMA
-mmcblk0boot1: mmc0:0001 MMC16G partition 2 2.00 MiB
 [drm] Supports vblank timestamp caching Rev 2 (21.10.2013).
 [drm] No driver support for vblank timestamp query.
+mmcblk0boot1: mmc0:0001 MMC16G partition 2 2.00 MiB
 mmcblk0rpmb: mmc0:0001 MMC16G partition 3 128 KiB
  mmcblk0: p1 p2 p3 p4 p5 p6 p7 p8 p9 p10 p11 p12
 mmc2: new high speed SDHC card at address 0007
 mmcblk2: mmc2:0007 SD08G 7.42 GiB 
-Console: switching to colour frame buffer device 170x48
 GPT:Primary header alternate_lba != Alt. header my_lba
 GPT:3014591 != 15564799
 GPT:Primary header thinks Alt. header is not at the end of the disk.
 GPT:3014591 != 15564799
 GPT: Use GNU Parted to correct GPT errors.
  mmcblk2: p1 p2 p3 p4 p5 p6 p7 p8 p9 p10 p11 p12
+Console: switching to colour frame buffer device 170x48
 usb 1-2: new high-speed USB device number 2 using tegra-xusb
 drm drm: fb0:  frame buffer device
 [drm] Initialized tegra 0.0.0 20120330 for drm on minor 0
@@ -388,14 +388,13 @@
 input: tegra-hda HDMI/DP,pcm=3 as /devices/soc0/70030000.hda/sound/card0/input4
 asix 1-3:1.0 eth0: register 'asix' at usb-70090000.usb-3, ASIX AX88772 USB 2.0 Ethernet, c8:d7:19:90:fa:65
 EXT4-fs (mmcblk0p3): couldn't mount as ext3 due to feature incompatibilities
-usb 1-1: new high-speed USB device number 4 using tegra-xusb
 EXT4-fs (mmcblk0p3): recovery complete
 EXT4-fs (mmcblk0p3): mounted filesystem with ordered data mode. Opts: (null)
 VFS: Mounted root (ext4 filesystem) on device 179:3.
 devtmpfs: mounted
 Freeing unused kernel memory: 1024K
-usb-storage 1-1:1.0: USB Mass Storage device detected
-scsi host0: usb-storage 1-1:1.0
 bash: cannot set terminal process group (-1): Inappropriate ioctl for device
 bash: no job control in this shell
-root@(none):/# 
\ No newline at end of file
+root@(none):/# [    3.777769] usb 1-1: new high-speed USB device number 4 using tegra-xusb
+usb-storage 1-1:1.0: USB Mass Storage device detected
+scsi host0: usb-storage 1-1:1.0
Diff for ./tegra132-norrin/tegra132-norrin/defconfig_log.txt
--- /tmp/fooa	2017-08-28 00:47:51.541430385 -0700
+++ /tmp/foob	2017-08-28 00:47:51.545430401 -0700
@@ -31,7 +31,7 @@
 MSENC clock is set to  79200 KHz
 Vde clock is set to 204000 KHz
 
-Bootloader-Cpu Init at (time stamp): 1800979 us
+Bootloader-Cpu Init at (time stamp): 1800585 us
 
 Pinmux changes applied in kernel way
 
@@ -62,22 +62,22 @@
 Board Id Read Time: 3 us
 Power Rail enable Time: 1 us
 
-Miscellaneous avp time: 1800953  us
-Bootloader (AosInit) time: 734246 us
-Bootloader Main Init time: 180068 us
-BlockDevMgrInit time: 157544 us
+Miscellaneous avp time: 1800559  us
+Bootloader (AosInit) time: 733517 us
+Bootloader Main Init time: 180180 us
+BlockDevMgrInit time: 157539 us
 PartMgrInit time: 8 us
-StorMgrInit time: 30 us
+StorMgrInit time: 31 us
 FsMgrInit time: 2 us
-Partition Table load: 76762 us 
-Display init time: 574685 us
+Partition Table load: 77019 us 
+Display init time: 574613 us
 Kernel read time: 1319 msec
 Load Kernel Size:   17483776 Bytes
 Bl Kernel ReadSpeed: 13255000 Bytes/sec
-Pre-Kernel Jump time: 3775706 us
-Clearing 32 Bit State and Warm resetting to 64bit mode: 8713682 us
+Pre-Kernel Jump time: 3773589 us
+Clearing 32 Bit State and Warm resetting to 64bit mode: 8710603 us
 Booting Linux on physical CPU 0x0
-Linux version 4.13.0-rc6-186564-g14ccee7 (jonathanh@kaivo) (gcc version 4.9.2 20140904 (prerelease) (crosstool-NG linaro-1.13.1-4.9-2014.09 - Linaro GCC 4.9-2014.09)) #1 SMP PREEMPT Sun Aug 20 15:10:09 PDT 2017
+Linux version 4.13.0-rc7-186788-gcc4a41f (jonathanh@kaivo) (gcc version 4.9.2 20140904 (prerelease) (crosstool-NG linaro-1.13.1-4.9-2014.09 - Linaro GCC 4.9-2014.09)) #1 SMP PREEMPT Sun Aug 27 17:40:18 PDT 2017
 Boot CPU: AArch64 Processor [4e0f0000]
 Machine model: NVIDIA Tegra132 Norrin
 Memory limited to 1734MB
@@ -199,7 +199,7 @@
 Freeing initrd memory: 1284K
 kvm [1]: HYP mode not available
 audit: initializing netlink subsys (disabled)
-audit: type=2000 audit(0.929:1): state=initialized audit_enabled=0 res=1
+audit: type=2000 audit(0.935:1): state=initialized audit_enabled=0 res=1
 workingset: timestamp_bits=44 max_order=19 bucket_order=0
 squashfs: version 4.0 (2009/01/31) Phillip Lougher
 NFS: Registering the id_resolver key type
@@ -264,14 +264,14 @@
 usbhid: USB HID core driver
 mmc0: new high speed MMC card at address 0001
 NET: Registered protocol family 17
+9pnet: Installing 9P2000 support
+Key type dns_resolver registered
+registered taskstats version 1
 mmcblk0: mmc0:0001 SEM16G 14.7 GiB 
 mmcblk0boot0: mmc0:0001 SEM16G partition 1 4.00 MiB
 mmcblk0boot1: mmc0:0001 SEM16G partition 2 4.00 MiB
 mmcblk0rpmb: mmc0:0001 SEM16G partition 3 4.00 MiB
  mmcblk0: p1 p2 p3 p4 p5 p6 p7 p8
-9pnet: Installing 9P2000 support
-Key type dns_resolver registered
-registered taskstats version 1
 +VDD_LED: supplied by +VDD_MUX
 +5V_USB_HS: supplied by +5V_SYS
 +5V_USB_SS: supplied by +5V_SYS
@@ -279,7 +279,6 @@
 sdhci-tegra 700b0400.sdhci: Got CD GPIO
 sdhci-tegra 700b0400.sdhci: Got WP GPIO
 input: gpio-keys as /devices/platform/gpio-keys/input/input0
-sdhci-tegra 700b0400.sdhci: Got CD GPIO
 hctosys: unable to open rtc device (rtc0)
 +3.3V_AVDD_HDMI_AP_GATED: disabling
 +VDD_LED: disabling
@@ -290,6 +289,7 @@
 ALSA device list:
   No soundcards found.
 Freeing unused kernel memory: 1088K
+sdhci-tegra 700b0400.sdhci: Got CD GPIO
 sdhci-tegra 700b0400.sdhci: Got WP GPIO
 
 System initialization...
Diff for ./tegra20-trimslice/tegra20-trimslice/multi_v7_defconfig_log.txt
--- /tmp/fooa	2017-08-28 00:47:51.573430518 -0700
+++ /tmp/foob	2017-08-28 00:47:51.577430536 -0700
@@ -47,21 +47,21 @@
 	 #################################################################
 	 #################################################################
 	 #################################################################
-	 ##########################
-	 3.4 MiB/s
+	 ###########################
+	 3.7 MiB/s
 done
-Bytes transferred = 8014792 (7a4bc8 hex)
+Bytes transferred = 8018352 (7a59b0 hex)
 Tegra20 (TrimSlice) # tftpboot 0x02408000 tegra20-trimslice.dtb
 Using RTL8169#0 device
 TFTP from server 192.168.100.1; our IP address is 192.168.100.103
 Filename 'tegra20-trimslice.dtb'.
 Load address: 0x2408000
 Loading: *##
-	 2.9 MiB/s
+	 3.4 MiB/s
 done
 Bytes transferred = 21454 (53ce hex)
 Tegra20 (TrimSlice) # bootz 0x00408000 - 0x02408000
-Kernel image @ 0x408000 [ 0x000000 - 0x7a4bc8 ]
+Kernel image @ 0x408000 [ 0x000000 - 0x7a59b0 ]
 ## Flattened Device Tree blob at 02408000
    Booting using the fdt blob at 0x2408000
    Using Device Tree in place at 02408000, end 024103cd
@@ -69,7 +69,7 @@
 Starting kernel ...
 
 Booting Linux on physical CPU 0x0
-Linux version 4.13.0-rc6-186564-g14ccee7 (jonathanh@sellafield) (gcc version 4.7.3 20130328 (prerelease) (crosstool-NG linaro-1.13.1-4.7-2013.04-20130415 - Linaro GCC 2013.04)) #1 SMP Sun Aug 20 15:06:31 PDT 2017
+Linux version 4.13.0-rc7-186788-gcc4a41f (jonathanh@sellafield) (gcc version 4.7.3 20130328 (prerelease) (crosstool-NG linaro-1.13.1-4.7-2013.04-20130415 - Linaro GCC 2013.04)) #1 SMP Sun Aug 27 17:36:32 PDT 2017
 CPU: ARMv7 Processor [411fc090] revision 0 (ARMv7), cr=10c5387d
 CPU: PIPT / VIPT nonaliasing data cache, VIPT aliasing instruction cache
 OF: fdt: Machine model: Compulab TrimSlice board
@@ -79,7 +79,7 @@
 efi: UEFI not found.
 cma: Reserved 64 MiB at 0x3c000000
 On node 0 totalpages: 262144
-free_area_init_node: node 0, pgdat c157ee00, node_mem_map ef7f8000
+free_area_init_node: node 0, pgdat c157e840, node_mem_map ef7f8000
   DMA zone: 1536 pages used for memmap
   DMA zone: 0 pages reserved
   DMA zone: 196608 pages, LIFO batch:31
@@ -102,7 +102,7 @@
     modules : 0xbf000000 - 0xbfe00000   (  14 MB)
       .text : 0xc0208000 - 0xc0d00000   (11232 kB)
       .init : 0xc1200000 - 0xc1400000   (2048 kB)
-      .data : 0xc1400000 - 0xc1586be8   (1563 kB)
+      .data : 0xc1400000 - 0xc15869a8   (1563 kB)
        .bss : 0xc158fcb0 - 0xc15f46fc   ( 403 kB)
 SLUB: HWalign=64, Order=0-3, MinObjects=0, CPUs=2, Nodes=1
 Hierarchical RCU implementation.
@@ -344,32 +344,21 @@
 tegra-ehci c5000000.usb: irq 288, io mem 0xc5000000
 mmc1: new high speed SD card at address b368
 mmcblk1: mmc1:b368 NCard 1.83 GiB (ro)
-mmcblk1: error -5 sending stop command, original cmd response 0x900, card status 0x900
-mmcblk1: error -5 transferring data, sector 3839992, nr 8, cmd response 0x900, card status 0x80000b00
+ mmcblk1: p1 p2
 tegra-ehci c5000000.usb: USB 2.0 started, EHCI 1.00
 hub 2-0:1.0: USB hub found
 hub 2-0:1.0: 1 port detected
 input: gpio-keys as /devices/soc0/gpio-keys/input/input0
-hub 1-1:1.0: USB hub found
 rtc-em3027 2-0056: hctosys: unable to read the hardware clock
+hub 1-1:1.0: USB hub found
 hub 1-1:1.0: 4 ports detected
-mmcblk1: error -5 sending stop command, original cmd response 0x900, card status 0x900
-mmcblk1: error -5 transferring data, sector 3839992, nr 8, cmd response 0x900, card status 0x80000b00
-mmcblk1: retrying using single block read
- mmcblk1: p1 p2
 Waiting for root device PARTUUID=11eb23c1-01...
 usb 1-1.2: new high-speed USB device number 3 using tegra-ehci
 mmc0: host does not support reading read-only switch, assuming write-enable
 mmc0: new high speed SDHC card at address b368
 mmcblk0: mmc0:b368 NCard 3.70 GiB 
-mmcblk0: error -5 sending stop command, original cmd response 0x900, card status 0x900
-mmcblk0: error -5 transferring data, sector 7759864, nr 8, cmd response 0x900, card status 0x80000b00
-asix 1-1.2:1.0 eth1: register 'asix' at usb-c5008000.usb-1.2, ASIX AX88772 USB 2.0 Ethernet, 00:60:6e:60:6c:68
-mmcblk0: error -5 sending stop command, original cmd response 0x900, card status 0x900
-mmcblk0: error -5 transferring data, sector 7759864, nr 8, cmd response 0x900, card status 0x80000b00
-mmcblk0: retrying using single block read
  mmcblk0: p1
-mmcblk0: r/w command failed, status = 0x80000900
+asix 1-1.2:1.0 eth1: register 'asix' at usb-c5008000.usb-1.2, ASIX AX88772 USB 2.0 Ethernet, 00:60:6e:60:6c:68
 EXT4-fs (mmcblk0p1): mounting ext3 file system using the ext4 subsystem
 EXT4-fs (mmcblk0p1): recovery complete
 EXT4-fs (mmcblk0p1): mounted filesystem with ordered data mode. Opts: (null)
Diff for ./tegra20-trimslice/tegra20-trimslice/tegra_defconfig_log.txt
--- /tmp/fooa	2017-08-28 00:47:51.621430719 -0700
+++ /tmp/foob	2017-08-28 00:47:51.625430737 -0700
@@ -46,9 +46,9 @@
 	 #################################################################
 	 #################################################################
 	 #############################
-	 3.3 MiB/s
+	 3.6 MiB/s
 done
-Bytes transferred = 6147352 (5dcd18 hex)
+Bytes transferred = 6147368 (5dcd28 hex)
 Tegra20 (TrimSlice) # tftpboot 0x02408000 tegra20-trimslice.dtb
 Using RTL8169#0 device
 TFTP from server 192.168.100.1; our IP address is 192.168.100.103
@@ -59,7 +59,7 @@
 done
 Bytes transferred = 21454 (53ce hex)
 Tegra20 (TrimSlice) # bootz 0x00408000 - 0x02408000
-Kernel image @ 0x408000 [ 0x000000 - 0x5dcd18 ]
+Kernel image @ 0x408000 [ 0x000000 - 0x5dcd28 ]
 ## Flattened Device Tree blob at 02408000
    Booting using the fdt blob at 0x2408000
    Using Device Tree in place at 02408000, end 024103cd
@@ -68,7 +68,7 @@
 
 Uncompressing Linux... done, booting the kernel.
 Booting Linux on physical CPU 0x0
-Linux version 4.13.0-rc6-186564-g14ccee7 (jonathanh@kaivo) (gcc version 4.7.3 20130328 (prerelease) (crosstool-NG linaro-1.13.1-4.7-2013.04-20130415 - Linaro GCC 2013.04)) #1 SMP PREEMPT Sun Aug 20 15:05:42 PDT 2017
+Linux version 4.13.0-rc7-186788-gcc4a41f (jonathanh@kaivo) (gcc version 4.7.3 20130328 (prerelease) (crosstool-NG linaro-1.13.1-4.7-2013.04-20130415 - Linaro GCC 2013.04)) #1 SMP PREEMPT Sun Aug 27 17:35:45 PDT 2017
 CPU: ARMv7 Processor [411fc090] revision 0 (ARMv7), cr=10c5387d
 CPU: PIPT / VIPT nonaliasing data cache, VIPT aliasing instruction cache
 OF: fdt: Machine model: Compulab TrimSlice board
@@ -77,7 +77,7 @@
 Memory policy: Data cache writealloc
 cma: Reserved 64 MiB at 0x3c000000
 On node 0 totalpages: 262144
-free_area_init_node: node 0, pgdat c0eafa40, node_mem_map ef7f7000
+free_area_init_node: node 0, pgdat c0eaf500, node_mem_map ef7f7000
   Normal zone: 1536 pages used for memmap
   Normal zone: 0 pages reserved
   Normal zone: 196608 pages, LIFO batch:31
@@ -100,7 +100,7 @@
     modules : 0xbf000000 - 0xbfe00000   (  14 MB)
       .text : 0xc0008000 - 0xc0a00000   (10208 kB)
       .init : 0xc0d00000 - 0xc0e00000   (1024 kB)
-      .data : 0xc0e00000 - 0xc0eba248   ( 745 kB)
+      .data : 0xc0e00000 - 0xc0eba0c8   ( 745 kB)
        .bss : 0xc0ec45b0 - 0xc0f0f37c   ( 300 kB)
 Preemptible hierarchical RCU implementation.
 	RCU restricting CPUs from NR_CPUS=4 to nr_cpu_ids=2.
@@ -333,8 +333,7 @@
 utmi_phy_clk_enable: timeout waiting for phy to stabilize
 tegra-ehci c5000000.usb: EHCI Host Controller
 tegra-ehci c5000000.usb: new USB bus registered, assigned bus number 2
-mmcblk1: error -5 sending stop command, original cmd response 0x900, card status 0x900
-mmcblk1: error -5 transferring data, sector 3839992, nr 8, cmd response 0x900, card status 0x80000b00
+ mmcblk1: p1 p2
 tegra-ehci c5000000.usb: irq 288, io mem 0xc5000000
 tegra-ehci c5000000.usb: USB 2.0 started, EHCI 1.00
 hub 2-0:1.0: USB hub found
@@ -345,23 +344,13 @@
 rtc-em3027 2-0056: hctosys: unable to read the hardware clock
 ALSA device list:
   #0: tegra-trimslice
-mmcblk1: error -5 sending stop command, original cmd response 0x900, card status 0x900
-mmcblk1: error -5 transferring data, sector 3839992, nr 8, cmd response 0x900, card status 0x80000b00
-mmcblk1: retrying using single block read
- mmcblk1: p1 p2
 Waiting for root device PARTUUID=11eb23c1-01...
 usb 1-1.2: new high-speed USB device number 3 using tegra-ehci
 mmc0: host does not support reading read-only switch, assuming write-enable
 mmc0: new high speed SDHC card at address b368
 mmcblk0: mmc0:b368 NCard 3.70 GiB 
-mmcblk0: error -5 sending stop command, original cmd response 0x900, card status 0x900
-mmcblk0: error -5 transferring data, sector 7759864, nr 8, cmd response 0x900, card status 0x80000b00
-asix 1-1.2:1.0 eth1: register 'asix' at usb-c5008000.usb-1.2, ASIX AX88772 USB 2.0 Ethernet, 00:60:6e:60:6c:68
-mmcblk0: error -5 sending stop command, original cmd response 0x900, card status 0x900
-mmcblk0: error -5 transferring data, sector 7759864, nr 8, cmd response 0x900, card status 0x80000b00
-mmcblk0: retrying using single block read
  mmcblk0: p1
-mmcblk0: r/w command failed, status = 0x80000900
+asix 1-1.2:1.0 eth1: register 'asix' at usb-c5008000.usb-1.2, ASIX AX88772 USB 2.0 Ethernet, 00:60:6e:60:6c:68
 EXT4-fs (mmcblk0p1): mounting ext3 file system using the ext4 subsystem
 EXT4-fs (mmcblk0p1): recovery complete
 EXT4-fs (mmcblk0p1): mounted filesystem with ordered data mode. Opts: (null)
Diff for ./tegra210-p2371-0000/tegra210-p2371-0000/defconfig_log.txt
--- /tmp/fooa	2017-08-28 00:47:51.645430820 -0700
+++ /tmp/foob	2017-08-28 00:47:51.649430837 -0700
@@ -64,17 +64,17 @@
 Loading and Validation of Secure OS Successful
 NvTbootPackSdramParams: start. 
 NvTbootPackSdramParams: done. 
-Tegraboot started after 830654 us
-Basic modules init took 348775 us
-Sec Bootdevice Read Time = 202 ms, Read Size = 8459 KB
-Next stage binary read took 14386 us
-Carveout took 252654 us
-CPU initialization took 92446 us
-Total time taken by TegraBoot 708261 us
+Tegraboot started after 730104 us
+Basic modules init took 348749 us
+Sec Bootdevice Read Time = 204 ms, Read Size = 8459 KB
+Next stage binary read took 14385 us
+Carveout took 253883 us
+CPU initialization took 93002 us
+Total time taken by TegraBoot 710019 us
 
 Starting CPU & Halting co-processor 
 
-64b[0001.668] LPDDR4 Training: Number of tables = 10
+64b[0001.571] LPDDR4 Training: Number of tables = 10
 EMC Training (SRC-freq: 204000; DST-freq: 408000)
 EMC Training Successful
 EMC Training (SRC-freq: 204000; DST-freq: 665600)
@@ -108,7 +108,7 @@
 Tegra210 (P2371-0000) # 
 Tegra210 (P2371-0000) # ums 0 mmc 0
 UMS: disk start sector: 0x0, count: 0x1d5a000
-|/-\|/-\/-\|/-\/-\|/-\/-\|/-\/-\|/-\/-\|/-\/-\|/-\/-\|/-\/-\|/-\/-\|/-\/-\|/-\/-\|CTRL+C - Operation aborted
+|/-\|/-\/-\|/-\/-\|/-\/-\|/-\/-\|/-\/-\|/-\/-\|/-\/-\|/-\/-CTRL+C - Operation aborted
 Tegra210 (P2371-0000) # 
 Tegra210 (P2371-0000) # env set fdt_copy_node_names /cpus:/psci
 Tegra210 (P2371-0000) # setenv rootpart 1
@@ -117,9 +117,9 @@
 Tegra210 (P2371-0000) # part uuid ${devtype} ${devnum}:${rootpart} uuid
 Tegra210 (P2371-0000) # setenv bootargs ignore_loglevel console=ttyS0,115200n8 earlycon=uart8250,mmio32,0x70006000 rw root=PARTUUID=00000000-0001-0000-788f-a75600000000 rootwait debug earlyprintk init=/bin/bash
 Tegra210 (P2371-0000) # load ${devtype} ${devnum}:${rootpart} ${kernel_addr_r} /boot/Image.defconfig
-16163328 bytes read in 823 ms (18.7 MiB/s)
+16163328 bytes read in 824 ms (18.7 MiB/s)
 Tegra210 (P2371-0000) # load ${devtype} ${devnum}:${rootpart} ${fdt_addr_r} /boot/tegra210-p2371-0000.dtb
-45170 bytes read in 454 ms (96.7 KiB/s)
+45170 bytes read in 453 ms (96.7 KiB/s)
 Tegra210 (P2371-0000) # load ${devtype} ${devnum}:${rootpart} ${ramdisk_addr_r} /boot/tegra-ramdisk.img
 1627787 bytes read in 495 ms (3.1 MiB/s)
 Tegra210 (P2371-0000) # ramdisk_size=${filesize}
@@ -131,7 +131,7 @@
 Starting kernel ...
 
 Booting Linux on physical CPU 0x0
-Linux version 4.13.0-rc6-186564-g14ccee7 (jonathanh@kaivo) (gcc version 4.9.2 20140904 (prerelease) (crosstool-NG linaro-1.13.1-4.9-2014.09 - Linaro GCC 4.9-2014.09)) #1 SMP PREEMPT Sun Aug 20 15:10:09 PDT 2017
+Linux version 4.13.0-rc7-186788-gcc4a41f (jonathanh@kaivo) (gcc version 4.9.2 20140904 (prerelease) (crosstool-NG linaro-1.13.1-4.9-2014.09 - Linaro GCC 4.9-2014.09)) #1 SMP PREEMPT Sun Aug 27 17:40:18 PDT 2017
 Boot CPU: AArch64 Processor [411fd071]
 Machine model: NVIDIA Tegra210 P2371 (P2530/P2595) reference design
 debug: ignoring loglevel setting.
@@ -267,14 +267,14 @@
 RPC: Registered tcp NFSv4.1 backchannel transport module.
 PCI: CLS 0 bytes, default 128
 kvm [1]: 8-bit VMID
-kvm [1]: IDMAP page: 8094f000
+kvm [1]: IDMAP page: 80950000
 kvm [1]: HYP VA range: 800000000000:ffffffffffff
 kvm [1]: Hyp mode initialized successfully
 kvm [1]: vgic-v2@50044000
 kvm [1]: vgic interrupt IRQ1
 kvm [1]: virtual timer IRQ4
 audit: initializing netlink subsys (disabled)
-audit: type=2000 audit(0.507:1): state=initialized audit_enabled=0 res=1
+audit: type=2000 audit(0.511:1): state=initialized audit_enabled=0 res=1
 workingset: timestamp_bits=44 max_order=20 bucket_order=0
 squashfs: version 4.0 (2009/01/31) Phillip Lougher
 NFS: Registering the id_resolver key type
Diff for ./tegra210-smaug/tegra210-smaug/defconfig_log.txt
--- /tmp/fooa	2017-08-28 00:47:51.665430904 -0700
+++ /tmp/foob	2017-08-28 00:47:51.665430904 -0700
@@ -1,4 +1,11 @@
-  0.000000] NUMA: No NUMA configuration found
+11fd071]
+Machine model: Google Pixel C
+efi: Getting EFI parameters from FDT:
+efi: UEFI not found.
+cma: Reserved 16 MiB at 0x00000000f5400000
+earlycon: uart0 at MMIO 0x0000000070006000 (options '115200n8')
+bootconsole [uart0] enabled
+NUMA: No NUMA configuration found
 NUMA: Faking a node at [mem 0x0000000000000000-0x000000013fffffff]
 NUMA: NODE_DATA [mem 0x13ff9f100-0x13ffa0bff]
 Zone ranges:
@@ -67,7 +74,7 @@
 console [tty0] enabled
 bootconsole [uart0] disabled
 Booting Linux on physical CPU 0x0
-Linux version 4.13.0-rc6-186564-g14ccee7 (jonathanh@kaivo) (gcc version 4.9.2 20140904 (prerelease) (crosstool-NG linaro-1.13.1-4.9-2014.09 - Linaro GCC 4.9-2014.09)) #1 SMP PREEMPT Sun Aug 20 15:10:09 PDT 2017
+Linux version 4.13.0-rc7-186788-gcc4a41f (jonathanh@kaivo) (gcc version 4.9.2 20140904 (prerelease) (crosstool-NG linaro-1.13.1-4.9-2014.09 - Linaro GCC 4.9-2014.09)) #1 SMP PREEMPT Sun Aug 27 17:40:18 PDT 2017
 Boot CPU: AArch64 Processor [411fd071]
 Machine model: Google Pixel C
 efi: Getting EFI parameters from FDT:
@@ -217,14 +224,14 @@
 Unpacking initramfs...
 Freeing initrd memory: 1280K
 kvm [1]: 8-bit VMID
-kvm [1]: IDMAP page: 8094f000
+kvm [1]: IDMAP page: 80950000
 kvm [1]: HYP VA range: 800000000000:ffffffffffff
 kvm [1]: Hyp mode initialized successfully
 kvm [1]: vgic-v2@50044000
 kvm [1]: vgic interrupt IRQ1
 kvm [1]: virtual timer IRQ4
 audit: initializing netlink subsys (disabled)
-audit: type=2000 audit(0.270:1): state=initialized audit_enabled=0 res=1
+audit: type=2000 audit(0.266:1): state=initialized audit_enabled=0 res=1
 workingset: timestamp_bits=44 max_order=20 bucket_order=0
 squashfs: version 4.0 (2009/01/31) Phillip Lougher
 NFS: Registering the id_resolver key type
@@ -329,7 +336,7 @@
 mmcblk0boot1: mmc0:0001 BGND3R partition 2 4.00 MiB
 mmcblk0rpmb: mmc0:0001 BGND3R partition 3 4.00 MiB
  mmcblk0: p1 p2 p3 p4 p5 p6 p7 p8 p9 p10 p11
-max77686-rtc max77620-rtc: setting system clock to 2001-06-01 03:34:34 UTC (991366474)
+max77686-rtc max77620-rtc: setting system clock to 2001-06-08 06:04:38 UTC (991980278)
 PP1200_AVDD: disabling
 PP1200_RCAM: disabling
 PP2800L_RCAM: disabling
Diff for ./tegra30-beaver/tegra30-beaver/multi_v7_defconfig_log.txt
--- /tmp/fooa	2017-08-28 00:47:51.701431055 -0700
+++ /tmp/foob	2017-08-28 00:47:51.705431072 -0700
@@ -39,21 +39,21 @@
 	 #################################################################
 	 #################################################################
 	 #################################################################
-	 ##########################
-	 2.9 MiB/s
+	 ###########################
+	 3 MiB/s
 done
-Bytes transferred = 8014792 (7a4bc8 hex)
+Bytes transferred = 8018352 (7a59b0 hex)
 Tegra30 (Beaver) # tftpboot 0x82000000 tegra30-beaver.dtb
 Using asx0 device
 TFTP from server 192.168.100.1; our IP address is 192.168.100.101
 Filename 'tegra30-beaver.dtb'.
 Load address: 0x82000000
 Loading: *####
-	 3.3 MiB/s
+	 3.1 MiB/s
 done
 Bytes transferred = 51848 (ca88 hex)
 Tegra30 (Beaver) # bootz 0x81000000 - 0x82000000
-Kernel image @ 0x81000000 [ 0x000000 - 0x7a4bc8 ]
+Kernel image @ 0x81000000 [ 0x000000 - 0x7a59b0 ]
 ## Flattened Device Tree blob at 82000000
    Booting using the fdt blob at 0x82000000
    Loading Device Tree to 8fff0000, end 8ffffa87 ... OK
@@ -61,7 +61,7 @@
 Starting kernel ...
 
 Booting Linux on physical CPU 0x0
-Linux version 4.13.0-rc6-186564-g14ccee7 (jonathanh@sellafield) (gcc version 4.7.3 20130328 (prerelease) (crosstool-NG linaro-1.13.1-4.7-2013.04-20130415 - Linaro GCC 2013.04)) #1 SMP Sun Aug 20 15:06:31 PDT 2017
+Linux version 4.13.0-rc7-186788-gcc4a41f (jonathanh@sellafield) (gcc version 4.7.3 20130328 (prerelease) (crosstool-NG linaro-1.13.1-4.7-2013.04-20130415 - Linaro GCC 2013.04)) #1 SMP Sun Aug 27 17:36:32 PDT 2017
 CPU: ARMv7 Processor [412fc099] revision 9 (ARMv7), cr=10c5387d
 CPU: PIPT / VIPT nonaliasing data cache, VIPT aliasing instruction cache
 OF: fdt: Machine model: NVIDIA Tegra30 Beaver evaluation board
@@ -71,7 +71,7 @@
 efi: UEFI not found.
 cma: Reserved 64 MiB at 0xfb800000
 On node 0 totalpages: 524032
-free_area_init_node: node 0, pgdat c157ee00, node_mem_map eeff8000
+free_area_init_node: node 0, pgdat c157e840, node_mem_map eeff8000
   DMA zone: 1536 pages used for memmap
   DMA zone: 0 pages reserved
   DMA zone: 196608 pages, LIFO batch:31
@@ -94,7 +94,7 @@
     modules : 0xbf000000 - 0xbfe00000   (  14 MB)
       .text : 0xc0208000 - 0xc0d00000   (11232 kB)
       .init : 0xc1200000 - 0xc1400000   (2048 kB)
-      .data : 0xc1400000 - 0xc1586be8   (1563 kB)
+      .data : 0xc1400000 - 0xc15869a8   (1563 kB)
        .bss : 0xc158fcb0 - 0xc15f46fc   ( 403 kB)
 SLUB: HWalign=64, Order=0-3, MinObjects=0, CPUs=4, Nodes=1
 Hierarchical RCU implementation.
@@ -312,8 +312,8 @@
 sys_3v3_pexs: supplied by sys_3v3,vdd_3v3_alw
 +VDD_5V_HDMI: supplied by sys_3v3,vdd_3v3_alw
 tegra-pcie 3000.pcie: 2x3 configuration
-tegra-pcie 3000.pcie: probing port 0, using 2 lanes
 mmc1: new high speed MMC card at address 0001
+tegra-pcie 3000.pcie: probing port 0, using 2 lanes
 mmcblk1: mmc1:0001 SEM16G 14.8 GiB 
 mmcblk1boot0: mmc1:0001 SEM16G partition 1 1.00 MiB
 mmcblk1boot1: mmc1:0001 SEM16G partition 2 1.00 MiB
@@ -321,8 +321,8 @@
 Primary GPT is invalid, using alternate GPT.
  mmcblk1: p1 p2 p3 p4 p5
 mmc0: new ultra high speed DDR50 SDHC card at address aaaa
-tegra-pcie 3000.pcie: probing port 2, using 2 lanes
 mmcblk0: mmc0:aaaa SS04G 3.69 GiB 
+tegra-pcie 3000.pcie: probing port 2, using 2 lanes
  mmcblk0: p1 p2 p3
 tegra-pcie 3000.pcie: link 2 down, retrying
 tegra-pcie 3000.pcie: link 2 down, retrying
@@ -401,5 +401,5 @@
 Freeing unused kernel memory: 2048K
 bash: cannot set terminal process group (-1): Inappropriate ioctl for device
 bash: no job control in this shell
-root@(none):/# [    4.123716] usb 2-1: new high-speed USB device number 2 using tegra-ehci
+root@(none):/# [    4.123723] usb 2-1: new high-speed USB device number 2 using tegra-ehci
 asix 2-1:1.0 eth1: register 'asix' at usb-7d008000.usb-1, ASIX AX88772 USB 2.0 Ethernet, 00:50:b6:0f:67:60
Diff for ./tegra30-beaver/tegra30-beaver/tegra_defconfig_log.txt
--- /tmp/fooa	2017-08-28 00:47:51.737431206 -0700
+++ /tmp/foob	2017-08-28 00:47:51.737431206 -0700
@@ -40,18 +40,18 @@
 	 #############################
 	 2.8 MiB/s
 done
-Bytes transferred = 6147352 (5dcd18 hex)
+Bytes transferred = 6147368 (5dcd28 hex)
 Tegra30 (Beaver) # tftpboot 0x82000000 tegra30-beaver.dtb
 Using asx0 device
 TFTP from server 192.168.100.1; our IP address is 192.168.100.101
 Filename 'tegra30-beaver.dtb'.
 Load address: 0x82000000
 Loading: *####
-	 2.7 MiB/s
+	 2.6 MiB/s
 done
 Bytes transferred = 51848 (ca88 hex)
 Tegra30 (Beaver) # bootz 0x81000000 - 0x82000000
-Kernel image @ 0x81000000 [ 0x000000 - 0x5dcd18 ]
+Kernel image @ 0x81000000 [ 0x000000 - 0x5dcd28 ]
 ## Flattened Device Tree blob at 82000000
    Booting using the fdt blob at 0x82000000
    Loading Device Tree to 8fff0000, end 8ffffa87 ... OK
@@ -60,7 +60,7 @@
 
 Uncompressing Linux... done, booting the kernel.
 Booting Linux on physical CPU 0x0
-Linux version 4.13.0-rc6-186564-g14ccee7 (jonathanh@kaivo) (gcc version 4.7.3 20130328 (prerelease) (crosstool-NG linaro-1.13.1-4.7-2013.04-20130415 - Linaro GCC 2013.04)) #1 SMP PREEMPT Sun Aug 20 15:05:42 PDT 2017
+Linux version 4.13.0-rc7-186788-gcc4a41f (jonathanh@kaivo) (gcc version 4.7.3 20130328 (prerelease) (crosstool-NG linaro-1.13.1-4.7-2013.04-20130415 - Linaro GCC 2013.04)) #1 SMP PREEMPT Sun Aug 27 17:35:45 PDT 2017
 CPU: ARMv7 Processor [412fc099] revision 9 (ARMv7), cr=10c5387d
 CPU: PIPT / VIPT nonaliasing data cache, VIPT aliasing instruction cache
 OF: fdt: Machine model: NVIDIA Tegra30 Beaver evaluation board
@@ -69,7 +69,7 @@
 Memory policy: Data cache writealloc
 cma: Reserved 64 MiB at 0xfbc00000
 On node 0 totalpages: 524032
-free_area_init_node: node 0, pgdat c0eafa40, node_mem_map eeff7000
+free_area_init_node: node 0, pgdat c0eaf500, node_mem_map eeff7000
   Normal zone: 1536 pages used for memmap
   Normal zone: 0 pages reserved
   Normal zone: 196608 pages, LIFO batch:31
@@ -92,7 +92,7 @@
     modules : 0xbf000000 - 0xbfe00000   (  14 MB)
       .text : 0xc0008000 - 0xc0a00000   (10208 kB)
       .init : 0xc0d00000 - 0xc0e00000   (1024 kB)
-      .data : 0xc0e00000 - 0xc0eba248   ( 745 kB)
+      .data : 0xc0e00000 - 0xc0eba0c8   ( 745 kB)
        .bss : 0xc0ec45b0 - 0xc0f0f37c   ( 300 kB)
 Preemptible hierarchical RCU implementation.
 NR_IRQS: 16, nr_irqs: 16, preallocated irqs: 16
@@ -394,4 +394,4 @@
 Freeing unused kernel memory: 1024K
 bash: cannot set terminal process group (-1): Inappropriate ioctl for device
 bash: no job control in this shell
-root@(none):/# [    4.400087] usb 2-1: new high-speed USB device number 2 using tegra-ehci
+root@(none):/# [    4.400097] usb 2-1: new high-speed USB device number 2 using tegra-ehci
