
U-Boot SPL 2016.05-rc2 (Apr 21 2016 - 16:23:00)
Trying to boot from RAM


U-Boot 2016.05-rc2 (Apr 21 2016 - 16:23:00 -0700)

TEGRA124
Model: NVIDIA Jetson TK1
Board: NVIDIA Jetson TK1
DRAM:  2 GiB
MC:   Tegra SD/MMC: 0, Tegra SD/MMC: 1
In:    serial
Out:   serial
Err:   serial
Net:   No ethernet found.
Hit any key to stop autoboot:  2  0 
Tegra124 (Jetson TK1) # 
Tegra124 (Jetson TK1) # pci enum
Tegra124 (Jetson TK1) # setenv bootargs 'ignore_loglevel console=ttyS0,115200n8 rw root=PARTUUID=b1791faa-84e8-4e27-83a1-9fb0a77e8803 rootwait gpt debug noinitrd earlyprintk init=/bin/bash'
Tegra124 (Jetson TK1) # setenv ipaddr 192.168.100.102; setenv serverip 192.168.100.1; setenv tftpserverip 192.168.100.1
Tegra124 (Jetson TK1) # tftpboot 0x82000000 zImage.multi_v7_defconfig

Warning: eth_rtl8169 using MAC address from ROM
Using eth_rtl8169 device
TFTP from server 192.168.100.1; our IP address is 192.168.100.102
Filename 'zImage.multi_v7_defconfig'.
Load address: 0x82000000
Loading: *#################################################################
	 #################################################################
	 #################################################################
	 #################################################################
	 #################################################################
	 #################################################################
	 #################################################################
	 ##########################################
	 3.9 MiB/s
done
Bytes transferred = 7288016 (6f34d0 hex)
Tegra124 (Jetson TK1) # tftpboot 0x83000000 tegra124-jetson-tk1.dtb
Using eth_rtl8169 device
TFTP from server 192.168.100.1; our IP address is 192.168.100.102
Filename 'tegra124-jetson-tk1.dtb'.
Load address: 0x83000000
Loading: *#####
	 3.8 MiB/s
done
Bytes transferred = 67133 (1063d hex)
Tegra124 (Jetson TK1) # bootz 0x82000000 - 0x83000000
Kernel image @ 0x82000000 [ 0x000000 - 0x6f34d0 ]
## Flattened Device Tree blob at 83000000
   Booting using the fdt blob at 0x83000000
   Using Device Tree in place at 83000000, end 8301363c

Starting kernel ...

[    0.000000] Booting Linux on physical CPU 0x0
[    0.000000] Linux version 4.9.0-rc7-128686-ge5517c2 (pwalmsley@sellafield) (gcc version 4.7.3 20130328 (prerelease) (crosstool-NG linaro-1.13.1-4.7-2013.04-20130415 - Linaro GCC 2013.04) ) #1 SMP Sun Nov 27 13:35:08 PST 2016
[    0.000000] CPU: ARMv7 Processor [413fc0f3] revision 3 (ARMv7), cr=10c5387d
[    0.000000] CPU: div instructions available: patching division code
[    0.000000] CPU: PIPT / VIPT nonaliasing data cache, PIPT instruction cache
[    0.000000] OF: fdt:Machine model: NVIDIA Tegra124 Jetson TK1
[    0.000000] debug: ignoring loglevel setting.
[    0.000000] efi: Getting EFI parameters from FDT:
[    0.000000] efi: UEFI not found.
[    0.000000] cma: Reserved 64 MiB at 0xfb800000
[    0.000000] Memory policy: Data cache writealloc
[    0.000000] On node 0 totalpages: 524032
[    0.000000] free_area_init_node: node 0, pgdat c1427fc0, node_mem_map eeff8000
[    0.000000]   DMA zone: 1536 pages used for memmap
[    0.000000]   DMA zone: 0 pages reserved
[    0.000000]   DMA zone: 196608 pages, LIFO batch:31
[    0.000000]   HighMem zone: 327424 pages, LIFO batch:31
[    0.000000] percpu: Embedded 14 pages/cpu @eef8e000 s26624 r8192 d22528 u57344
[    0.000000] pcpu-alloc: s26624 r8192 d22528 u57344 alloc=14*4096
[    0.000000] pcpu-alloc: [0] 0 [0] 1 [0] 2 [0] 3 
[    0.000000] Built 1 zonelists in Zone order, mobility grouping on.  Total pages: 522496
[    0.000000] Kernel command line: ignore_loglevel console=ttyS0,115200n8 rw root=PARTUUID=b1791faa-84e8-4e27-83a1-9fb0a77e8803 rootwait gpt debug noinitrd earlyprintk init=/bin/bash
[    0.000000] PID hash table entries: 4096 (order: 2, 16384 bytes)
[    0.000000] Dentry cache hash table entries: 131072 (order: 7, 524288 bytes)
[    0.000000] Inode-cache hash table entries: 65536 (order: 6, 262144 bytes)
[    0.000000] Memory: 1994968K/2096128K available (9216K kernel code, 1190K rwdata, 4068K rodata, 2048K init, 343K bss, 35624K reserved, 65536K cma-reserved, 1244160K highmem)
[    0.000000] Virtual kernel memory layout:
[    0.000000]     vector  : 0xffff0000 - 0xffff1000   (   4 kB)
[    0.000000]     fixmap  : 0xffc00000 - 0xfff00000   (3072 kB)
[    0.000000]     vmalloc : 0xf0800000 - 0xff800000   ( 240 MB)
[    0.000000]     lowmem  : 0xc0000000 - 0xf0000000   ( 768 MB)
[    0.000000]     pkmap   : 0xbfe00000 - 0xc0000000   (   2 MB)
[    0.000000]     modules : 0xbf000000 - 0xbfe00000   (  14 MB)
[    0.000000]       .text : 0xc0208000 - 0xc0c00000   (10208 kB)
[    0.000000]       .init : 0xc1100000 - 0xc1300000   (2048 kB)
[    0.000000]       .data : 0xc1300000 - 0xc1429aa0   (1191 kB)
[    0.000000]        .bss : 0xc142b000 - 0xc1480fc8   ( 344 kB)
[    0.000000] SLUB: HWalign=64, Order=0-3, MinObjects=0, CPUs=4, Nodes=1
[    0.000000] Hierarchical RCU implementation.
[    0.000000] 	Build-time adjustment of leaf fanout to 32.
[    0.000000] 	RCU restricting CPUs from NR_CPUS=16 to nr_cpu_ids=4.
[    0.000000] RCU: Adjusting geometry for rcu_fanout_leaf=32, nr_cpu_ids=4
[    0.000000] NR_IRQS:16 nr_irqs:16 16
[    0.000000] /interrupt-controller@60004000: 160 interrupts forwarded to /interrupt-controller@50041000
[    0.000000] Tegra clk 127: register failed with -17
[    0.000008] sched_clock: 32 bits at 1000kHz, resolution 1000ns, wraps every 2147483647500ns
[    0.000031] clocksource: timer_us: mask: 0xffffffff max_cycles: 0xffffffff, max_idle_ns: 1911260446275 ns
[    0.000045] Switching to timer-based delay loop, resolution 1000ns
[    0.005510] arm_arch_timer: Architected cp15 timer(s) running at 12.00MHz (virt).
[    0.005529] clocksource: arch_sys_counter: mask: 0xffffffffffffff max_cycles: 0x2c47f4ee7, max_idle_ns: 440795202497 ns
[    0.005546] sched_clock: 56 bits at 12MHz, resolution 83ns, wraps every 4398046511096ns
[    0.005559] Switching to timer-based delay loop, resolution 83ns
[    0.006023] Console: colour dummy device 80x30
[    0.006049] Calibrating delay loop (skipped), value calculated using timer frequency.. 24.00 BogoMIPS (lpj=60000)
[    0.006064] pid_max: default: 32768 minimum: 301
[    0.006158] Mount-cache hash table entries: 2048 (order: 1, 8192 bytes)
[    0.006169] Mountpoint-cache hash table entries: 2048 (order: 1, 8192 bytes)
[    0.006768] CPU: Testing write buffer coherency: ok
[    0.006986] /cpus/cpu@0 missing clock-frequency property
[    0.007028] /cpus/cpu@1 missing clock-frequency property
[    0.007070] /cpus/cpu@2 missing clock-frequency property
[    0.007113] /cpus/cpu@3 missing clock-frequency property
[    0.007125] CPU0: thread -1, cpu 0, socket 0, mpidr 80000000
[    0.007146] Setting up static identity map for 0x80300000 - 0x80300098
[    0.010885] Tegra Revision: A01 SKU: 129 CPU Process: 1 SoC Process: 1
[    0.011555] EFI services will not be available.
[    0.012303] CPU1: thread -1, cpu 1, socket 0, mpidr 80000001
[    0.015962] CPU2: thread -1, cpu 2, socket 0, mpidr 80000002
[    0.020959] CPU3: thread -1, cpu 3, socket 0, mpidr 80000003
[    0.025477] Brought up 4 CPUs
[    0.025497] SMP: Total of 4 processors activated (96.00 BogoMIPS).
[    0.025505] CPU: All CPU(s) started in SVC mode.
[    0.026983] devtmpfs: initialized
[    0.047603] VFP support v0.3: implementor 41 architecture 4 part 30 variant f rev 0
[    0.048042] clocksource: jiffies: mask: 0xffffffff max_cycles: 0xffffffff, max_idle_ns: 9556302231375000 ns
[    0.049407] pinctrl core: initialized pinctrl subsystem
[    0.051190] NET: Registered protocol family 16
[    0.053126] DMA: preallocated 256 KiB pool for atomic coherent allocations
[    0.070604] cpuidle: using governor menu
[    0.101177] No ATAGs?
[    0.101205] hw-breakpoint: found 5 (+1 reserved) breakpoint and 4 watchpoint registers.
[    0.101215] hw-breakpoint: maximum watchpoint size is 8 bytes.
[    0.108170] Serial: AMBA PL011 UART driver
[    0.145912] +5V_SYS: supplied by +VDD_MUX
[    0.146220] +3.3V_SYS: supplied by +VDD_MUX
[    0.146873] +USB0_VBUS_SW: Failed to request enable GPIO108: -517
[    0.146889] reg-fixed-voltage regulators:regulator@7: Failed to register regulator: -517
[    0.146975] +5V_USB_HS: Failed to request enable GPIO109: -517
[    0.146989] reg-fixed-voltage regulators:regulator@8: Failed to register regulator: -517
[    0.147150] +1.05V_RUN_AVDD_HDMI_PLL: Failed to request enable GPIO63: -517
[    0.147163] reg-fixed-voltage regulators:regulator@11: Failed to register regulator: -517
[    0.147247] +5V_HDMI_CON: Failed to request enable GPIO86: -517
[    0.147260] reg-fixed-voltage regulators:regulator@12: Failed to register regulator: -517
[    0.147344] +5V_SATA: Failed to request enable GPIO242: -517
[    0.147356] reg-fixed-voltage regulators:regulator@13: Failed to register regulator: -517
[    0.147439] +12V_SATA: Failed to request enable GPIO242: -517
[    0.147451] reg-fixed-voltage regulators:regulator@14: Failed to register regulator: -517
[    0.150711] vgaarb: loaded
[    0.151599] SCSI subsystem initialized
[    0.151765] libata version 3.00 loaded.
[    0.152046] usbcore: registered new interface driver usbfs
[    0.152110] usbcore: registered new interface driver hub
[    0.152172] usbcore: registered new device driver usb
[    0.155771] pps_core: LinuxPPS API ver. 1 registered
[    0.155781] pps_core: Software ver. 5.3.6 - Copyright 2005-2007 Rodolfo Giometti <giometti@linux.it>
[    0.155803] PTP clock support registered
[    0.156025] EDAC MC: Ver: 3.0.0
[    0.159208] clocksource: Switched to clocksource arch_sys_counter
[    0.170510] NET: Registered protocol family 2
[    0.171028] TCP established hash table entries: 8192 (order: 3, 32768 bytes)
[    0.171127] TCP bind hash table entries: 8192 (order: 4, 65536 bytes)
[    0.171314] TCP: Hash tables configured (established 8192 bind 8192)
[    0.171364] UDP hash table entries: 512 (order: 2, 16384 bytes)
[    0.171405] UDP-Lite hash table entries: 512 (order: 2, 16384 bytes)
[    0.171561] NET: Registered protocol family 1
[    0.171871] RPC: Registered named UNIX socket transport module.
[    0.171881] RPC: Registered udp transport module.
[    0.171888] RPC: Registered tcp transport module.
[    0.171896] RPC: Registered tcp NFSv4.1 backchannel transport module.
[    0.171906] PCI: CLS 0 bytes, default 64
[    0.173126] hw perfevents: enabled with armv7_cortex_a15 PMU driver, 7 counters available
[    0.174639] futex hash table entries: 1024 (order: 4, 65536 bytes)
[    0.175382] workingset: timestamp_bits=30 max_order=19 bucket_order=0
[    0.186519] squashfs: version 4.0 (2009/01/31) Phillip Lougher
[    0.187369] NFS: Registering the id_resolver key type
[    0.187399] Key type id_resolver registered
[    0.187408] Key type id_legacy registered
[    0.187451] ntfs: driver 2.1.32 [Flags: R/O].
[    0.188677] bounce: pool size: 64 pages
[    0.188873] Block layer SCSI generic (bsg) driver version 0.4 loaded (major 248)
[    0.188883] io scheduler noop registered
[    0.188892] io scheduler deadline registered
[    0.189074] io scheduler cfq registered (default)
[    0.194690] usb2-0 supply vbus not found, using dummy regulator
[    0.194814] usb2-1 supply vbus not found, using dummy regulator
[    0.195203] tegra-xusb-padctl 7009f000.padctl: failed to setup XUSB ports: -517
[    0.195904] libphy: mdio_driver_register: phy-bcm-ns2-pci
[    0.211921] tegra-pcie 1003000.pcie-controller: 2x1, 1x1 configuration
[    0.211974] tegra-pcie 1003000.pcie-controller: Failed to get supply 'avddio-pex': -517
[    0.217982] tegra124-dfll 70110000.clock: couldn't get vdd_cpu regulator
[    0.226202] tegra-apbdma 60020000.dma: Tegra20 APB DMA driver register 32 channels
[    0.228149] tegra-pmc 7000e400.pmc: emergency thermal reset enabled
[    0.288167] Serial: 8250/16550 driver, 4 ports, IRQ sharing disabled
[    0.291143] console [ttyS0] disabled
[    0.291178] 70006300.serial: ttyS0 at MMIO 0x70006300 (irq = 335, base_baud = 25500000) is a Tegra
[    1.168612] console [ttyS0] enabled
[    1.173015] SuperH (H)SCI(F) driver initialized
[    1.178616] msm_serial: driver initialized
[    1.182933] STMicroelectronics ASC driver initialized
[    1.188889] 70006000.serial: ttyTHS1 at MMIO 0x70006000 (irq = 333, base_baud = 0) is a TEGRA_UART
[    1.198186] 70006040.serial: ttyTHS2 at MMIO 0x70006040 (irq = 334, base_baud = 0) is a TEGRA_UART
[    1.210549] [drm] Initialized
[    1.216716] tegra-hdmi 54280000.hdmi: failed to get HDMI regulator
[    1.236270] brd: module loaded
[    1.245377] loop: module loaded
[    1.249768] at24 0-0056: 256 byte 24c02 EEPROM, writable, 8 bytes/write
[    1.258168] as3722 4-0040: AS3722 with revision 0x1 found
[    1.270601] as3722-sd2: supplied by +5V_SYS
[    1.275272] as3722-sd3: supplied by +5V_SYS
[    1.279690] +1.35V_LP0(sd3): Bringing 0uV into 1350000-1350000uV
[    1.286072] as3722-sd4: supplied by +5V_SYS
[    1.290728] as3722-sd5: supplied by +5V_SYS
[    1.296808] as3722-ldo0: supplied by +1.35V_LP0(sd2)
[    1.302900] +1.8V_RUN_CAM: Bringing 0uV into 1800000-1800000uV
[    1.309157] as3722-ldo2: supplied by +1.8V_VDDIO
[    1.315107] as3722-ldo3: supplied by +3.3V_SYS
[    1.319607] +1.05V_LP0_VDD_RTC: Bringing 1100000uV into 1000000-1000000uV
[    1.327424] as3722-ldo4: supplied by +3.3V_SYS
[    1.332098] +2.8V_RUN_CAM: Bringing 0uV into 2800000-2800000uV
[    1.338362] as3722-ldo5: supplied by +1.8V_VDDIO
[    1.343211] +1.2V_RUN_CAM_FRONT: Bringing 0uV into 1200000-1200000uV
[    1.350185] +VDDIO_SDMMC3: bypassed regulator has no supply!
[    1.355857] +VDDIO_SDMMC3: failed to get the current voltage(-517)
[    1.362048] as3722-regulator as3722-regulator: regulator 13 register failed -517
[    1.374815] tegra-ahci 70027000.sata: couldn't get PHY in node sata: -517
[    1.394792] random: fast init done
[    1.398352] m25p80 spi32765.0: w25q32dw (4096 Kbytes)
[    1.406520] libphy: Fixed MDIO Bus: probed
[    1.411808] CAN device driver interface
[    1.417926] e1000e: Intel(R) PRO/1000 Network Driver - 3.2.6-k
[    1.423767] e1000e: Copyright(c) 1999 - 2015 Intel Corporation.
[    1.429760] igb: Intel(R) Gigabit Ethernet Network Driver - version 5.4.0-k
[    1.436726] igb: Copyright (c) 2007-2014 Intel Corporation.
[    1.446032] pegasus: v0.9.3 (2013/04/25), Pegasus/Pegasus II USB Ethernet driver
[    1.453486] usbcore: registered new interface driver pegasus
[    1.459230] usbcore: registered new interface driver asix
[    1.464679] usbcore: registered new interface driver ax88179_178a
[    1.470821] usbcore: registered new interface driver cdc_ether
[    1.476721] usbcore: registered new interface driver smsc75xx
[    1.482536] usbcore: registered new interface driver smsc95xx
[    1.488335] usbcore: registered new interface driver net1080
[    1.494045] usbcore: registered new interface driver cdc_subset
[    1.500014] usbcore: registered new interface driver zaurus
[    1.505657] usbcore: registered new interface driver cdc_ncm
[    1.511543] tegra-phy 7d004000.usb-phy: no vbus regulator
[    1.519049] ehci_hcd: USB 2.0 'Enhanced' Host Controller (EHCI) Driver
[    1.525587] ehci-pci: EHCI PCI platform driver
[    1.530084] ehci-platform: EHCI generic platform driver
[    1.535539] ehci-orion: EHCI orion driver
[    1.539709] SPEAr-ehci: EHCI SPEAr driver
[    1.543863] ehci-st: EHCI STMicroelectronics driver
[    1.548907] ehci-exynos: EHCI EXYNOS driver
[    1.553270] ehci-atmel: EHCI Atmel driver
[    1.557440] tegra-ehci: Tegra EHCI driver
[    1.564291] tegra-ehci 7d004000.usb: EHCI Host Controller
[    1.569728] tegra-ehci 7d004000.usb: new USB bus registered, assigned bus number 1
[    1.577473] tegra-ehci 7d004000.usb: irq 354, io mem 0x7d004000
[    1.594233] tegra-ehci 7d004000.usb: USB 2.0 started, EHCI 1.10
[    1.600973] hub 1-0:1.0: USB hub found
[    1.604785] hub 1-0:1.0: 1 port detected
[    1.609316] ohci_hcd: USB 1.1 'Open' Host Controller (OHCI) Driver
[    1.615518] ohci-pci: OHCI PCI platform driver
[    1.620026] ohci-platform: OHCI generic platform driver
[    1.625446] ohci-omap3: OHCI OMAP3 driver
[    1.629617] SPEAr-ohci: OHCI SPEAr driver
[    1.633780] ohci-st: OHCI STMicroelectronics driver
[    1.638817] ohci-atmel: OHCI Atmel driver
[    1.643644] usbcore: registered new interface driver usb-storage
[    1.651374] mousedev: PS/2 mouse device common for all mice
[    1.660151] as3722-rtc as3722-rtc: rtc core: registered as3722-rtc as rtc0
[    1.667044] as3722-rtc as3722-rtc: RTC interrupt 377
[    1.675454] tegra_rtc 7000e000.rtc: rtc core: registered 7000e000.rtc as rtc1
[    1.682644] tegra_rtc 7000e000.rtc: Tegra internal Real Time Clock
[    1.689444] i2c /dev entries driver
[    1.700188] 0-004c supply vcc not found, using dummy regulator
[    1.716197] sdhci: Secure Digital Host Controller Interface driver
[    1.722391] sdhci: Copyright(c) Pierre Ossman
[    1.728446] Synopsys Designware Multimedia Card Interface Driver
[    1.735685] sdhci-pltfm: SDHCI platform and OF driver helper
[    1.742145] sdhci-tegra 700b0400.sdhci: Got CD GPIO
[    1.747054] sdhci-tegra 700b0400.sdhci: Got WP GPIO
[    1.752190] mmc0: Unknown controller version (3). You may experience problems.
[    1.759515] mmc0: Invalid maximum block size, assuming 512 bytes
[    1.809234] mmc0: SDHCI controller on 700b0600.sdhci [700b0600.sdhci] using ADMA
[    1.818696] ledtrig-cpu: registered to indicate activity on CPUs
[    1.825062] usbcore: registered new interface driver usbhid
[    1.830647] usbhid: USB HID core driver
[    1.838119] NET: Registered protocol family 10
[    1.843519] sit: IPv6, IPv4 and MPLS over IPv4 tunneling driver
[    1.850119] NET: Registered protocol family 17
[    1.854591] can: controller area network core (rev 20120528 abi 9)
[    1.860840] NET: Registered protocol family 29
[    1.865297] can: raw protocol (rev 20120528)
[    1.869577] can: broadcast manager protocol (rev 20161123 t)
[    1.875247] can: netlink gateway (rev 20130117) max_hops=1
[    1.881120] Key type dns_resolver registered
[    1.886056] ThumbEE CPU extension supported.
[    1.890347] Registering SWP/SWPB emulation handler
[    1.911566] +3.3V_RUN: supplied by +3.3V_SYS
[    1.916981] +3.3V_AVDD_HDMI_AP_GATED: supplied by +3.3V_RUN
[    1.923078] +USB0_VBUS_SW: supplied by +5V_SYS
[    1.928200] +5V_USB_HS: supplied by +5V_SYS
[    1.934328] +3.3V_LP0: supplied by +3.3V_SYS
[    1.940346] +5V_HDMI_CON: supplied by +5V_SYS
[    1.945623] +5V_SATA: supplied by +5V_SYS
[    1.950537] mmc0: new high speed MMC card at address 0001
[    1.950543] +12V_SATA: supplied by +VDD_MUX
[    1.952765] usb2-0 supply vbus not found, using dummy regulator
[    1.952916] usb2-1 supply vbus not found, using dummy regulator
[    1.953275] usb3-0 supply vbus not found, using dummy regulator
[    1.954570] tegra-pcie 1003000.pcie-controller: 2x1, 1x1 configuration
[    1.954624] tegra-pcie 1003000.pcie-controller: Failed to get supply 'avddio-pex': -517
[    1.958167] tegra124-dfll 70110000.clock: couldn't get vdd_cpu regulator
[    1.963336] tegra-hdmi 54280000.hdmi: failed to get PLL regulator
[    1.968020] as3722-sd2: supplied by +5V_SYS
[    1.968376] as3722-sd3: supplied by +5V_SYS
[    1.968707] as3722-sd4: supplied by +5V_SYS
[    1.969005] +1.05V_RUN_AVDD_HDMI_PLL: supplied by +1.05V_RUN
[    1.969108] as3722-sd5: supplied by +5V_SYS
[    1.971135] as3722-ldo0: supplied by +1.35V_LP0(sd2)
[    1.972075] as3722-ldo1: supplied by +3.3V_RUN
[    1.972522] as3722-ldo2: supplied by +1.8V_VDDIO
[    1.973536] as3722-ldo3: supplied by +3.3V_SYS
[    1.974529] as3722-ldo4: supplied by +3.3V_SYS
[    1.974853] as3722-ldo5: supplied by +1.8V_VDDIO
[    1.975196] as3722-ldo6: supplied by +3.3V_RUN
[    1.975534] as3722-ldo7: supplied by +1.8V_VDDIO
[    1.975833] +1.05V_RUN_CAM_REAR: Bringing 0uV into 1050000-1050000uV
[    1.976260] as3722-ldo9: supplied by +5V_SYS
[    1.976675] +3.3V_RUN_TOUCH: Bringing 0uV into 2800000-2800000uV
[    1.977086] as3722-ldo10: supplied by +5V_SYS
[    1.977318] +2.8V_RUN_CAM_AF: Bringing 0uV into 2800000-2800000uV
[    1.977737] as3722-ldo11: supplied by +3.3V_RUN
[    1.977969] +1.8V_RUN_VPP_FUSE: Bringing 0uV into 1800000-1800000uV
[    1.981688] tegra-ahci 70027000.sata: AHCI 0001.0301 32 slots 2 ports 3 Gbps 0x1 impl platform mode
[    1.981699] tegra-ahci 70027000.sata: flags: 64bit ncq sntf pm led pio slum part sadm sds apst 
[    1.983823] scsi host0: tegra-ahci
[    1.985072] scsi host1: tegra-ahci
[    1.985522] ata1: SATA max UDMA/133 mmio [mem 0x70027000-0x70028fff] port 0x100 irq 345
[    1.985527] ata2: DUMMY
[    1.989055] tegra-ehci 7d008000.usb: EHCI Host Controller
[    1.989088] tegra-ehci 7d008000.usb: new USB bus registered, assigned bus number 2
[    1.989365] tegra-ehci 7d008000.usb: irq 355, io mem 0x7d008000
[    2.004341] tegra-ehci 7d008000.usb: USB 2.0 started, EHCI 1.10
[    2.005358] hub 2-0:1.0: USB hub found
[    2.005405] hub 2-0:1.0: 1 port detected
[    2.008519] sdhci-tegra 700b0400.sdhci: Got CD GPIO
[    2.008540] sdhci-tegra 700b0400.sdhci: Got WP GPIO
[    2.008744] mmc1: Unknown controller version (3). You may experience problems.
[    2.008837] mmc1: Invalid maximum block size, assuming 512 bytes
[    2.054832] mmc1: SDHCI controller on 700b0400.sdhci [700b0400.sdhci] using ADMA
[    2.055800] tegra-pcie 1003000.pcie-controller: 2x1, 1x1 configuration
[    2.058110] tegra-pcie 1003000.pcie-controller: probing port 0, using 2 lanes
[    2.060294] tegra-pcie 1003000.pcie-controller: Slot present pin change, signature: 00000008
[    2.090582] tegra-pcie 1003000.pcie-controller: probing port 1, using 1 lanes
[    2.092749] tegra-pcie 1003000.pcie-controller: Slot present pin change, signature: 00000000
[    2.106698] tegra-pcie 1003000.pcie-controller: PCI host bridge to bus 0000:00
[    2.106708] pci_bus 0000:00: root bus resource [io  0x0000-0xffff]
[    2.106715] pci_bus 0000:00: root bus resource [mem 0x13000000-0x1fffffff]
[    2.106722] pci_bus 0000:00: root bus resource [mem 0x20000000-0x3fffffff pref]
[    2.106730] pci_bus 0000:00: root bus resource [bus 00-ff]
[    2.106773] pci 0000:00:01.0: [10de:0e12] type 01 class 0x060400
[    2.106900] pci 0000:00:01.0: PME# supported from D0 D1 D2 D3hot D3cold
[    2.107239] pci 0000:00:02.0: [10de:0e13] type 01 class 0x060400
[    2.107354] pci 0000:00:02.0: PME# supported from D0 D1 D2 D3hot D3cold
[    2.107702] PCI: bus0: Fast back to back transfers disabled
[    2.107711] pci 0000:00:01.0: bridge configuration invalid ([bus 00-00]), reconfiguring
[    2.107729] pci 0000:00:02.0: bridge configuration invalid ([bus 00-00]), reconfiguring
[    2.107974] pci 0000:01:00.0: [8086:4232] type 00 class 0x028000
[    2.108027] pci 0000:01:00.0: reg 0x10: [mem 0x00000000-0x00001fff 64bit]
[    2.108254] pci 0000:01:00.0: PME# supported from D0 D3hot D3cold
[    2.119406] PCI: bus1: Fast back to back transfers disabled
[    2.119425] pci_bus 0000:01: busn_res: [bus 01-ff] end is updated to 01
[    2.119736] pci 0000:02:00.0: [10ec:8168] type 00 class 0x020000
[    2.119775] pci 0000:02:00.0: reg 0x10: [io  0x0000-0x00ff]
[    2.119816] pci 0000:02:00.0: reg 0x18: [mem 0x00000000-0x00000fff 64bit]
[    2.119844] pci 0000:02:00.0: reg 0x20: [mem 0x00000000-0x00003fff 64bit pref]
[    2.120024] pci 0000:02:00.0: supports D1 D2
[    2.120030] pci 0000:02:00.0: PME# supported from D0 D1 D2 D3hot D3cold
[    2.134372] PCI: bus2: Fast back to back transfers disabled
[    2.134387] pci_bus 0000:02: busn_res: [bus 02-ff] end is updated to 02
[    2.134573] pci 0000:00:01.0: BAR 8: assigned [mem 0x13000000-0x130fffff]
[    2.134582] pci 0000:00:02.0: BAR 8: assigned [mem 0x13100000-0x131fffff]
[    2.134591] pci 0000:00:02.0: BAR 9: assigned [mem 0x20000000-0x200fffff 64bit pref]
[    2.134598] pci 0000:00:02.0: BAR 7: assigned [io  0x1000-0x1fff]
[    2.134611] pci 0000:01:00.0: BAR 0: assigned [mem 0x13000000-0x13001fff 64bit]
[    2.134645] pci 0000:00:01.0: PCI bridge to [bus 01]
[    2.134657] pci 0000:00:01.0:   bridge window [mem 0x13000000-0x130fffff]
[    2.134676] pci 0000:02:00.0: BAR 4: assigned [mem 0x20000000-0x20003fff 64bit pref]
[    2.134704] pci 0000:02:00.0: BAR 2: assigned [mem 0x13100000-0x13100fff 64bit]
[    2.134731] pci 0000:02:00.0: BAR 0: assigned [io  0x1000-0x10ff]
[    2.134743] pci 0000:00:02.0: PCI bridge to [bus 02]
[    2.134750] pci 0000:00:02.0:   bridge window [io  0x1000-0x1fff]
[    2.134761] pci 0000:00:02.0:   bridge window [mem 0x13100000-0x131fffff]
[    2.134770] pci 0000:00:02.0:   bridge window [mem 0x20000000-0x200fffff 64bit pref]
[    2.134808] pci 0000:00:01.0: nv_msi_ht_cap_quirk didn't locate host bridge
[    2.134925] pcieport 0000:00:01.0: enabling device (0140 -> 0142)
[    2.135264] pcieport 0000:00:01.0: Signaling PME through PCIe PME interrupt
[    2.135270] pci 0000:01:00.0: Signaling PME through PCIe PME interrupt
[    2.135280] pcie_pme 0000:00:01.0:pcie001: service driver pcie_pme loaded
[    2.135397] pci 0000:00:02.0: nv_msi_ht_cap_quirk didn't locate host bridge
[    2.135480] pcieport 0000:00:02.0: enabling device (0140 -> 0143)
[    2.135767] pcieport 0000:00:02.0: Signaling PME through PCIe PME interrupt
[    2.135773] pci 0000:02:00.0: Signaling PME through PCIe PME interrupt
[    2.135783] pcie_pme 0000:00:02.0:pcie001: service driver pcie_pme loaded
[    2.136122] r8169 Gigabit Ethernet driver 2.3LK-NAPI loaded
[    2.136146] r8169 0000:02:00.0: enabling device (0140 -> 0143)
[    2.151405] r8169 0000:02:00.0 eth0: RTL8168g/8111g at 0xf0a3b000, 00:04:4b:3a:d9:81, XID 0c000800 IRQ 395
[    2.151414] r8169 0000:02:00.0 eth0: jumbo features [frames: 9200 bytes, tx checksumming: ko]
[    2.159604] [drm] Supports vblank timestamp caching Rev 2 (21.10.2013).
[    2.159609] [drm] No driver support for vblank timestamp query.
[    2.159646] drm drm: No connectors reported connected with modes
[    2.159657] [drm] Cannot find any crtc or sizes - going 1024x768
[    2.302794] ata1: SATA link down (SStatus 0 SControl 300)
[    2.309630] mmc1: new high speed SDHC card at address aaaa
[    2.311007] mmcblk1: mmc1:aaaa SD04G 3.69 GiB 
[    2.325231]  mmcblk1: p1 p2 p3
[    2.632914] mmcblk0: mmc0:0001 SEM16G 14.7 GiB 
[    2.633913] mmcblk0boot0: mmc0:0001 SEM16G partition 1 4.00 MiB
[    2.635006] mmcblk0boot1: mmc0:0001 SEM16G partition 2 4.00 MiB
[    2.635834] mmcblk0rpmb: mmc0:0001 SEM16G partition 3 4.00 MiB
[    2.639631] Console: switching to colour frame buffer device 128x48
[    2.646473]  mmcblk0: p1
[    2.678730] drm drm: fb0:  frame buffer device
[    2.699317] [drm] Initialized tegra 0.0.0 20120330 on minor 0
[    2.706806] of: dev_pm_opp_of_cpumask_add_table: couldn't find opp table for cpu:0, -19
[    2.714878] cpufreq: cpufreq_online: CPU0: Running at unlisted freq: 696000 KHz
[    2.722211] cpufreq: cpufreq_online: CPU0: Unlisted initial frequency changed to: 714000 KHz
[    2.731471] input: gpio-keys as /devices/soc0/gpio-keys/input/input0
[    2.738737] as3722-rtc as3722-rtc: setting system clock to 2000-01-01 00:02:31 UTC (946684951)
[    2.747839] +USB0_VBUS_SW: disabling
[    2.751442] +1.8V_RUN_CAM: disabling
[    2.755258] +2.8V_RUN_CAM: disabling
[    2.759030] +1.2V_RUN_CAM_FRONT: disabling
[    2.763304] +1.05V_RUN_CAM_REAR: disabling
[    2.767623] +3.3V_RUN_TOUCH: disabling
[    2.771545] +2.8V_RUN_CAM_AF: disabling
[    2.775610] +1.8V_RUN_VPP_FUSE: disabling
[    2.780742] EXT4-fs (mmcblk0p1): mounting ext3 file system using the ext4 subsystem
[    2.802781] EXT4-fs (mmcblk0p1): recovery complete
[    2.807602] EXT4-fs (mmcblk0p1): mounted filesystem with ordered data mode. Opts: (null)
[    2.815721] VFS: Mounted root (ext3 filesystem) on device 179:17.
[    2.825945] devtmpfs: mounted
[    2.829675] Freeing unused kernel memory: 2048K (c1100000 - c1300000)
bash: cannot set terminal process group (-1): Inappropriate ioctl for device
bash: no job control in this shell
root@(none):/# mount -t sysfs none /sys
root@(none):/# 
root@(none):/# mount -t debugfs none /sys/kernel/debug
root@(none):/# 
root@(none):/# rtcwake -d rtc1 -m mem -s 3
rtcwake: assuming RTC uses UTC ...
rtcwake: wakeup from "mem" using /dev/rtc1 at Thu Jan  1 00:00:19 1970
[    6.472380] PM: Syncing filesystems ... done.
[    6.493711] Freezing user space processes ... (elapsed 0.001 seconds) done.
[    6.502214] Freezing remaining freezable tasks ... (elapsed 0.001 seconds) done.
[    6.511241] Suspending console(s) (use no_console_suspend to debug)
[    6.586847] PM: suspend of devices complete after 67.127 msecs
[    6.592294] PM: late suspend of devices complete after 5.422 msecs
[    6.613215] PM: noirq suspend of devices complete after 20.903 msecs
[    6.613223] Disabling non-boot CPUs ...
[    6.614157] IRQ17 no longer affine to CPU1
[    6.614847] CPU1: shutdown
[    6.650375] CPU2: shutdown
[    6.689907] CPU3: shutdown
[    6.712707] Entering suspend state LP1
[    6.712707] Suspended for 3.197 seconds
[    6.712718] Enabling non-boot CPUs ...
[    6.724943] CPU1 is up
[    6.745014] CPU2 is up
[    6.765148] CPU3 is up
[    6.765867] pcieport 0000:00:01.0: nv_msi_ht_cap_quirk didn't locate host bridge
[    6.765934] pcieport 0000:00:02.0: nv_msi_ht_cap_quirk didn't locate host bridge
[    6.784298] PM: noirq resume of devices complete after 19.143 msecs
[    6.785711] PM: early resume of devices complete after 1.077 msecs
[    6.814503] PM: resume of devices complete after 28.781 msecs
[    6.900929] Restarting tasks ... done.
root@(none):/# 
root@(none):/# [    7.106750] ata1: SATA link down (SStatus 0 SControl 300)
rtcwake -d rtc1 -m mem -s 3
rtcwake: assuming RTC uses UTC ...
rtcwake: wakeup from "mem" using /dev/rtc1 at Thu Jan  1 00:00:23 1970
[    7.271844] PM: Syncing filesystems ... done.
[    7.281361] Freezing user space processes ... (elapsed 0.001 seconds) done.
[    7.289574] Freezing remaining freezable tasks ... (elapsed 0.001 seconds) done.
[    7.298242] Suspending console(s) (use no_console_suspend to debug)
[    7.371116] PM: suspend of devices complete after 65.821 msecs
[    7.374487] PM: late suspend of devices complete after 3.358 msecs
[    7.395867] PM: noirq suspend of devices complete after 21.371 msecs
[    7.395870] Disabling non-boot CPUs ...
[    7.396541] CPU1: shutdown
[    7.426333] CPU2: shutdown
[    7.455996] CPU3: shutdown
[    7.470317] Entering suspend state LP1
[    7.470317] Suspended for 3.242 seconds
[    7.470328] Enabling non-boot CPUs ...
[    7.484938] CPU1 is up
[    7.504986] CPU2 is up
[    7.525116] CPU3 is up
[    7.525860] pcieport 0000:00:02.0: nv_msi_ht_cap_quirk didn't locate host bridge
[    7.525862] pcieport 0000:00:01.0: nv_msi_ht_cap_quirk didn't locate host bridge
[    7.544262] PM: noirq resume of devices complete after 19.140 msecs
[    7.545806] PM: early resume of devices complete after 1.214 msecs
[    7.574568] PM: resume of devices complete after 28.753 msecs
[    7.656995] Restarting tasks ... done.
root@(none):/# 
root@(none):/# [    7.866752] ata1: SATA link down (SStatus 0 SControl 300)
rtcwake -d rtc1 -m mem -s 3
rtcwake: assuming RTC uses UTC ...
rtcwake: wakeup from "mem" using /dev/rtc1 at Thu Jan  1 00:00:27 1970
[    8.025783] PM: Syncing filesystems ... done.
[    8.035285] Freezing user space processes ... (elapsed 0.001 seconds) done.
[    8.043518] Freezing remaining freezable tasks ... (elapsed 0.001 seconds) done.
[    8.052198] Suspending console(s) (use no_console_suspend to debug)
[    8.126037] PM: suspend of devices complete after 66.780 msecs
[    8.128514] PM: late suspend of devices complete after 2.464 msecs
[    8.145746] PM: noirq suspend of devices complete after 17.224 msecs
[    8.145749] Disabling non-boot CPUs ...
[    8.146424] CPU1: shutdown
[    8.176261] CPU2: shutdown
[    8.205856] IRQ17 no longer affine to CPU3
[    8.206151] CPU3: shutdown
[    8.230153] Entering suspend state LP1
[    8.230153] Suspended for 3.240 seconds
[    8.230164] Enabling non-boot CPUs ...
[    8.244899] CPU1 is up
[    8.264957] CPU2 is up
[    8.285098] CPU3 is up
[    8.285767] pcieport 0000:00:01.0: nv_msi_ht_cap_quirk didn't locate host bridge
[    8.285921] pcieport 0000:00:02.0: nv_msi_ht_cap_quirk didn't locate host bridge
[    8.304236] PM: noirq resume of devices complete after 19.132 msecs
[    8.305743] PM: early resume of devices complete after 1.191 msecs
[    8.335030] PM: resume of devices complete after 29.277 msecs
[    8.421548] Restarting tasks ... done.
root@(none):/# 
root@(none):/# [    8.626716] ata1: SATA link down (SStatus 0 SControl 300)
rtcwake -d rtc1 -m mem -s 3
rtcwake: assuming RTC uses UTC ...
rtcwake: wakeup from "mem" using /dev/rtc1 at Thu Jan  1 00:00:31 1970
[    8.784547] PM: Syncing filesystems ... done.
[    8.794044] Freezing user space processes ... (elapsed 0.001 seconds) done.
[    8.802284] Freezing remaining freezable tasks ... (elapsed 0.001 seconds) done.
[    8.810986] Suspending console(s) (use no_console_suspend to debug)
[    8.886004] PM: suspend of devices complete after 67.990 msecs
[    8.888278] PM: late suspend of devices complete after 2.262 msecs
[    8.905703] PM: noirq suspend of devices complete after 17.418 msecs
[    8.905706] Disabling non-boot CPUs ...
[    8.906393] CPU1: shutdown
[    8.926239] CPU2: shutdown
[    8.960813] IRQ17 no longer affine to CPU3
[    8.961126] CPU3: shutdown
[    8.985203] Entering suspend state LP1
[    8.985203] Suspended for 3.244 seconds
[    8.985214] Enabling non-boot CPUs ...
[    8.999872] CPU1 is up
[    9.019923] CPU2 is up
[    9.040057] CPU3 is up
[    9.040734] pcieport 0000:00:02.0: nv_msi_ht_cap_quirk didn't locate host bridge
[    9.040839] pcieport 0000:00:01.0: nv_msi_ht_cap_quirk didn't locate host bridge
[    9.059200] PM: noirq resume of devices complete after 19.137 msecs
[    9.060748] PM: early resume of devices complete after 1.205 msecs
[    9.089657] PM: resume of devices complete after 28.899 msecs
[    9.176178] Restarting tasks ... done.
root@(none):/# 
root@(none):/# [    9.381655] ata1: SATA link down (SStatus 0 SControl 300)
rtcwake -d rtc1 -m mem -s 3
rtcwake: assuming RTC uses UTC ...
rtcwake: wakeup from "mem" using /dev/rtc1 at Thu Jan  1 00:00:35 1970
[    9.545161] PM: Syncing filesystems ... done.
[    9.554638] Freezing user space processes ... (elapsed 0.001 seconds) done.
[    9.562825] Freezing remaining freezable tasks ... (elapsed 0.001 seconds) done.
[    9.571555] Suspending console(s) (use no_console_suspend to debug)
[    9.645701] PM: suspend of devices complete after 67.097 msecs
[    9.648679] PM: late suspend of devices complete after 2.966 msecs
[    9.670619] PM: noirq suspend of devices complete after 21.932 msecs
[    9.670622] Disabling non-boot CPUs ...
[    9.671286] CPU1: shutdown
[    9.706245] CPU2: shutdown
[    9.735660] IRQ17 no longer affine to CPU3
[    9.735971] CPU3: shutdown
[    9.750216] Entering suspend state LP1
[    9.750216] Suspended for 3.234 seconds
[    9.750227] Enabling non-boot CPUs ...
[    9.764851] CPU1 is up
[    9.784897] CPU2 is up
[    9.805028] CPU3 is up
[    9.805746] pcieport 0000:00:01.0: nv_msi_ht_cap_quirk didn't locate host bridge
[    9.805757] pcieport 0000:00:02.0: nv_msi_ht_cap_quirk didn't locate host bridge
[    9.824167] PM: noirq resume of devices complete after 19.134 msecs
[    9.825905] PM: early resume of devices complete after 1.408 msecs
[    9.854563] PM: resume of devices complete after 28.650 msecs
[    9.940990] Restarting tasks ... done.
root@(none):/# 
root@(none):/# [   10.146659] ata1: SATA link down (SStatus 0 SControl 300)
rtcwake -d rtc1 -m mem -s 3
rtcwake: assuming RTC uses UTC ...
rtcwake: wakeup from "mem" using /dev/rtc1 at Thu Jan  1 00:00:39 1970
[   10.305727] PM: Syncing filesystems ... done.
[   10.315228] Freezing user space processes ... (elapsed 0.001 seconds) done.
[   10.323464] Freezing remaining freezable tasks ... (elapsed 0.001 seconds) done.
[   10.332145] Suspending console(s) (use no_console_suspend to debug)
[   10.405945] PM: suspend of devices complete after 66.744 msecs
[   10.408804] PM: late suspend of devices complete after 2.847 msecs
[   10.430515] PM: noirq suspend of devices complete after 21.703 msecs
[   10.430518] Disabling non-boot CPUs ...
[   10.431193] CPU1: shutdown
[   10.456170] CPU2: shutdown
[   10.485760] IRQ17 no longer affine to CPU3
[   10.486057] CPU3: shutdown
[   10.510056] Entering suspend state LP1
[   10.510056] Suspended for 3.239 seconds
[   10.510067] Enabling non-boot CPUs ...
[   10.524808] CPU1 is up
[   10.544869] CPU2 is up
[   10.564996] CPU3 is up
[   10.565682] pcieport 0000:00:02.0: nv_msi_ht_cap_quirk didn't locate host bridge
[   10.565748] pcieport 0000:00:01.0: nv_msi_ht_cap_quirk didn't locate host bridge
[   10.584137] PM: noirq resume of devices complete after 19.136 msecs
[   10.585611] PM: early resume of devices complete after 1.159 msecs
[   10.614118] PM: resume of devices complete after 28.499 msecs
[   10.700646] Restarting tasks ... done.
root@(none):/# 
root@(none):/# [   10.901612] ata1: SATA link down (SStatus 0 SControl 300)
rtcwake -d rtc1 -m mem -s 3
rtcwake: assuming RTC uses UTC ...
rtcwake: wakeup from "mem" using /dev/rtc1 at Thu Jan  1 00:00:43 1970
[   11.066829] PM: Syncing filesystems ... done.
[   11.076330] Freezing user space processes ... (elapsed 0.001 seconds) done.
[   11.084588] Freezing remaining freezable tasks ... (elapsed 0.001 seconds) done.
[   11.093258] Suspending console(s) (use no_console_suspend to debug)
[   11.165861] PM: suspend of devices complete after 65.550 msecs
[   11.168969] PM: late suspend of devices complete after 3.097 msecs
[   11.190525] PM: noirq suspend of devices complete after 21.548 msecs
[   11.190528] Disabling non-boot CPUs ...
[   11.191213] CPU1: shutdown
[   11.216188] CPU2: shutdown
[   11.246008] CPU3: shutdown
[   11.270041] Entering suspend state LP1
[   11.270041] Suspended for 3.239 seconds
[   11.270052] Enabling non-boot CPUs ...
[   11.284780] CPU1 is up
[   11.304836] CPU2 is up
[   11.324971] CPU3 is up
[   11.325683] pcieport 0000:00:01.0: nv_msi_ht_cap_quirk didn't locate host bridge
[   11.325694] pcieport 0000:00:02.0: nv_msi_ht_cap_quirk didn't locate host bridge
[   11.344107] PM: noirq resume of devices complete after 19.131 msecs
[   11.345842] PM: early resume of devices complete after 1.399 msecs
[   11.375059] PM: resume of devices complete after 29.208 msecs
[   11.457479] Restarting tasks ... done.
root@(none):/# 
root@(none):/# [   11.666590] ata1: SATA link down (SStatus 0 SControl 300)
rtcwake -d rtc1 -m mem -s 3
rtcwake: assuming RTC uses UTC ...
rtcwake: wakeup from "mem" using /dev/rtc1 at Thu Jan  1 00:00:47 1970
[   11.826279] PM: Syncing filesystems ... done.
[   11.835669] Freezing user space processes ... (elapsed 0.001 seconds) done.
[   11.843902] Freezing remaining freezable tasks ... (elapsed 0.001 seconds) done.
[   11.852596] Suspending console(s) (use no_console_suspend to debug)
[   11.925636] PM: suspend of devices complete after 65.983 msecs
[   11.928545] PM: late suspend of devices complete after 2.896 msecs
[   11.950518] PM: noirq suspend of devices complete after 21.965 msecs
[   11.950521] Disabling non-boot CPUs ...
[   11.951190] CPU1: shutdown
[   11.986164] CPU2: shutdown
[   12.015857] CPU3: shutdown
[   12.030120] Entering suspend state LP1
[   12.030120] Suspended for 3.239 seconds
[   12.030131] Enabling non-boot CPUs ...
[   12.044756] CPU1 is up
[   12.064803] CPU2 is up
[   12.084931] CPU3 is up
[   12.085609] pcieport 0000:00:02.0: nv_msi_ht_cap_quirk didn't locate host bridge
[   12.085711] pcieport 0000:00:01.0: nv_msi_ht_cap_quirk didn't locate host bridge
[   12.104074] PM: noirq resume of devices complete after 19.137 msecs
[   12.105567] PM: early resume of devices complete after 1.171 msecs
[   12.134265] PM: resume of devices complete after 28.689 msecs
[   12.216622] Restarting tasks ... done.
root@(none):/# 
root@(none):/# [   12.426565] ata1: SATA link down (SStatus 0 SControl 300)
rtcwake -d rtc1 -m mem -s 3
rtcwake: assuming RTC uses UTC ...
rtcwake: wakeup from "mem" using /dev/rtc1 at Thu Jan  1 00:00:51 1970
[   12.592265] PM: Syncing filesystems ... done.
[   12.601754] Freezing user space processes ... (elapsed 0.001 seconds) done.
[   12.609971] Freezing remaining freezable tasks ... (elapsed 0.001 seconds) done.
[   12.618645] Suspending console(s) (use no_console_suspend to debug)
[   12.690881] PM: suspend of devices complete after 65.185 msecs
[   12.694193] PM: late suspend of devices complete after 3.298 msecs
[   12.715619] PM: noirq suspend of devices complete after 21.415 msecs
[   12.715622] Disabling non-boot CPUs ...
[   12.716316] CPU1: shutdown
[   12.751079] CPU2: shutdown
[   12.785654] IRQ17 no longer affine to CPU3
[   12.785944] CPU3: shutdown
[   12.809955] Entering suspend state LP1
[   12.809955] Suspended for 3.220 seconds
[   12.809966] Enabling non-boot CPUs ...
[   12.824716] CPU1 is up
[   12.844773] CPU2 is up
[   12.864910] CPU3 is up
[   12.865640] pcieport 0000:00:01.0: nv_msi_ht_cap_quirk didn't locate host bridge
[   12.865643] pcieport 0000:00:02.0: nv_msi_ht_cap_quirk didn't locate host bridge
[   12.884045] PM: noirq resume of devices complete after 19.129 msecs
[   12.885712] PM: early resume of devices complete after 1.328 msecs
[   12.914423] PM: resume of devices complete after 28.703 msecs
[   13.000855] Restarting tasks ... done.
root@(none):/# 
root@(none):/# [   13.206532] ata1: SATA link down (SStatus 0 SControl 300)
rtcwake -d rtc1 -m mem -s 3
rtcwake: assuming RTC uses UTC ...
rtcwake: wakeup from "mem" using /dev/rtc1 at Thu Jan  1 00:00:55 1970
[   13.371911] PM: Syncing filesystems ... done.
[   13.381359] Freezing user space processes ... (elapsed 0.001 seconds) done.
[   13.389577] Freezing remaining freezable tasks ... (elapsed 0.001 seconds) done.
[   13.398251] Suspending console(s) (use no_console_suspend to debug)
[   13.470822] PM: suspend of devices complete after 65.516 msecs
[   13.473556] PM: late suspend of devices complete after 2.721 msecs
[   13.495496] PM: noirq suspend of devices complete after 21.932 msecs
[   13.495499] Disabling non-boot CPUs ...
[   13.496178] CPU1: shutdown
[   13.521054] CPU2: shutdown
[   13.550622] IRQ17 no longer affine to CPU3
[   13.550915] CPU3: shutdown
[   13.574963] Entering suspend state LP1
[   13.574963] Suspended for 3.234 seconds
[   13.574974] Enabling non-boot CPUs ...
[   13.589690] CPU1 is up
[   13.609748] CPU2 is up
[   13.629879] CPU3 is up
[   13.630560] pcieport 0000:00:01.0: nv_msi_ht_cap_quirk didn't locate host bridge
[   13.630717] pcieport 0000:00:02.0: nv_msi_ht_cap_quirk didn't locate host bridge
[   13.649019] PM: noirq resume of devices complete after 19.134 msecs
[   13.650820] PM: early resume of devices complete after 1.479 msecs
[   13.680008] PM: resume of devices complete after 29.179 msecs
[   13.766507] Restarting tasks ... done.
root@(none):/# 
root@(none):/# NVTB SYSTEM SUSPEND TEST COMPLETE
[   13.971511] ata1: SATA link down (SStatus 0 SControl 300)
